{
  "Entries": [
    {
      "RequestUri": "/subscriptions/91d12660-3dec-467a-be2a-213b5544ddc0/providers/Microsoft.Devices?api-version=2016-09-01",
      "EncodedRequestUri": "L3N1YnNjcmlwdGlvbnMvOTFkMTI2NjAtM2RlYy00NjdhLWJlMmEtMjEzYjU1NDRkZGMwL3Byb3ZpZGVycy9NaWNyb3NvZnQuRGV2aWNlcz9hcGktdmVyc2lvbj0yMDE2LTA5LTAx",
      "RequestMethod": "GET",
      "RequestBody": "",
      "RequestHeaders": {
        "x-ms-client-request-id": [
          "2805d1c6-d7a7-4196-a4ff-c1dff6174f3f"
        ],
        "Accept-Language": [
          "en-US"
        ],
        "User-Agent": [
          "FxVersion/4.6.28619.01",
          "OSName/Windows",
          "OSVersion/Microsoft.Windows.10.0.18363.",
          "Microsoft.Azure.Management.Internal.Resources.ResourceManagementClient/1.3.22"
        ]
      },
      "ResponseHeaders": {
        "Cache-Control": [
          "no-cache"
        ],
        "Pragma": [
          "no-cache"
        ],
        "x-ms-ratelimit-remaining-subscription-reads": [
          "11980"
        ],
        "x-ms-request-id": [
          "95eaae81-cdc8-4ec9-ab05-f90802044047"
        ],
        "x-ms-correlation-request-id": [
          "95eaae81-cdc8-4ec9-ab05-f90802044047"
        ],
        "x-ms-routing-request-id": [
          "WESTUS2:20200819T043212Z:95eaae81-cdc8-4ec9-ab05-f90802044047"
        ],
        "Strict-Transport-Security": [
          "max-age=31536000; includeSubDomains"
        ],
        "X-Content-Type-Options": [
          "nosniff"
        ],
        "Date": [
          "Wed, 19 Aug 2020 04:32:12 GMT"
        ],
        "Content-Type": [
          "application/json; charset=utf-8"
        ],
        "Expires": [
          "-1"
        ],
        "Content-Length": [
          "5858"
        ]
      },
      "ResponseBody": "{\r\n  \"id\": \"/subscriptions/91d12660-3dec-467a-be2a-213b5544ddc0/providers/Microsoft.Devices\",\r\n  \"namespace\": \"Microsoft.Devices\",\r\n  \"authorizations\": [\r\n    {\r\n      \"applicationId\": \"0cd79364-7a90-4354-9984-6e36c841418d\",\r\n      \"roleDefinitionId\": \"C121DF10-FE58-4BC4-97F9-8296879F7BBB\"\r\n    },\r\n    {\r\n      \"applicationId\": \"29f411f1-b2cf-4043-8ac8-2185d7316811\"\r\n    },\r\n    {\r\n      \"applicationId\": \"89d10474-74af-4874-99a7-c23c2f643083\",\r\n      \"roleDefinitionId\": \"7df22794-26e3-4f94-9d50-a4f0f6e1cb41\"\r\n    }\r\n  ],\r\n  \"resourceTypes\": [\r\n    {\r\n      \"resourceType\": \"checkNameAvailability\",\r\n      \"locations\": [\r\n        \"Central US EUAP\",\r\n        \"East US 2 EUAP\",\r\n        \"West US 2\",\r\n        \"West Central US\",\r\n        \"West US\",\r\n        \"North Central US\",\r\n        \"East US\",\r\n        \"South Central US\"\r\n      ],\r\n      \"apiVersions\": [\r\n        \"2020-04-01\",\r\n        \"2020-03-01\",\r\n        \"2018-04-01\"\r\n      ]\r\n    },\r\n    {\r\n      \"resourceType\": \"checkProvisioningServiceNameAvailability\",\r\n      \"locations\": [],\r\n      \"apiVersions\": [\r\n        \"2020-03-01\",\r\n        \"2020-01-01\",\r\n        \"2018-01-22\",\r\n        \"2017-11-15\",\r\n        \"2017-08-21-preview\"\r\n      ]\r\n    },\r\n    {\r\n      \"resourceType\": \"usages\",\r\n      \"locations\": [\r\n        \"Central US EUAP\",\r\n        \"East US 2 EUAP\"\r\n      ],\r\n      \"apiVersions\": [\r\n        \"2020-04-01\",\r\n        \"2018-04-01\"\r\n      ]\r\n    },\r\n    {\r\n      \"resourceType\": \"operations\",\r\n      \"locations\": [],\r\n      \"apiVersions\": [\r\n        \"2020-04-01\",\r\n        \"2020-03-01\",\r\n        \"2019-11-04\",\r\n        \"2019-07-01-preview\",\r\n        \"2019-03-22-preview\",\r\n        \"2019-03-22\",\r\n        \"2018-12-01-preview\",\r\n        \"2018-04-01\",\r\n        \"2018-01-22\",\r\n        \"2017-07-01\",\r\n        \"2017-01-19\",\r\n        \"2016-02-03\",\r\n        \"2015-08-15-preview\"\r\n      ]\r\n    },\r\n    {\r\n      \"resourceType\": \"operationResults\",\r\n      \"locations\": [\r\n        \"Central US EUAP\",\r\n        \"East US 2 EUAP\",\r\n        \"West US 2\",\r\n        \"West Central US\",\r\n        \"West US\",\r\n        \"North Central US\",\r\n        \"East US\",\r\n        \"South Central US\"\r\n      ],\r\n      \"apiVersions\": [\r\n        \"2020-04-01\",\r\n        \"2020-03-01\",\r\n        \"2018-04-01\"\r\n      ]\r\n    },\r\n    {\r\n      \"resourceType\": \"IotHubs\",\r\n      \"locations\": [\r\n        \"West US\",\r\n        \"North Europe\",\r\n        \"East Asia\",\r\n        \"East US\",\r\n        \"West Europe\",\r\n        \"Southeast Asia\",\r\n        \"Japan East\",\r\n        \"Japan West\",\r\n        \"Australia East\",\r\n        \"Australia Southeast\",\r\n        \"West US 2\",\r\n        \"West Central US\",\r\n        \"East US 2\",\r\n        \"Central US\",\r\n        \"UK South\",\r\n        \"UK West\",\r\n        \"South India\",\r\n        \"Central India\",\r\n        \"Canada Central\",\r\n        \"Canada East\",\r\n        \"Brazil South\",\r\n        \"South Central US\",\r\n        \"Korea South\",\r\n        \"Korea Central\",\r\n        \"France Central\",\r\n        \"North Central US\",\r\n        \"Central US EUAP\",\r\n        \"East US 2 EUAP\",\r\n        \"Australia Central\",\r\n        \"Australia Central 2\"\r\n      ],\r\n      \"apiVersions\": [\r\n        \"2020-04-01\",\r\n        \"2020-03-01\",\r\n        \"2020-01-01\",\r\n        \"2019-11-04\",\r\n        \"2019-07-01-preview\",\r\n        \"2019-03-22-preview\",\r\n        \"2019-03-22\",\r\n        \"2018-12-01-preview\",\r\n        \"2018-04-01\",\r\n        \"2018-01-22\",\r\n        \"2017-07-01\",\r\n        \"2017-01-19\",\r\n        \"2016-02-03\",\r\n        \"2015-08-15-preview\"\r\n      ],\r\n      \"capabilities\": \"CrossResourceGroupResourceMove, CrossSubscriptionResourceMove, SystemAssignedResourceIdentity\"\r\n    },\r\n    {\r\n      \"resourceType\": \"IotHubs/eventGridFilters\",\r\n      \"locations\": [\r\n        \"West US\",\r\n        \"East US\",\r\n        \"West US 2\",\r\n        \"West Central US\",\r\n        \"East US 2\",\r\n        \"Central US\",\r\n        \"North Europe\",\r\n        \"West Europe\",\r\n        \"East Asia\",\r\n        \"Southeast Asia\",\r\n        \"Japan East\",\r\n        \"Japan West\",\r\n        \"Australia East\",\r\n        \"Australia Southeast\",\r\n        \"UK South\",\r\n        \"UK West\",\r\n        \"South India\",\r\n        \"Central India\",\r\n        \"Canada Central\",\r\n        \"Canada East\",\r\n        \"Brazil South\",\r\n        \"South Central US\",\r\n        \"Korea South\",\r\n        \"Korea Central\",\r\n        \"France Central\",\r\n        \"North Central US\",\r\n        \"Central US EUAP\",\r\n        \"East US 2 EUAP\",\r\n        \"Australia Central\",\r\n        \"Australia Central 2\"\r\n      ],\r\n      \"apiVersions\": [\r\n        \"2018-07-31\",\r\n        \"2018-01-15-preview\"\r\n      ]\r\n    },\r\n    {\r\n      \"resourceType\": \"ProvisioningServices\",\r\n      \"locations\": [\r\n        \"East US\",\r\n        \"West US\",\r\n        \"West Europe\",\r\n        \"North Europe\",\r\n        \"Southeast Asia\",\r\n        \"East Asia\",\r\n        \"Australia East\",\r\n        \"Australia Southeast\",\r\n        \"Japan West\",\r\n        \"Japan East\",\r\n        \"UK West\",\r\n        \"UK South\",\r\n        \"East US 2\",\r\n        \"Central US\",\r\n        \"West US 2\",\r\n        \"West Central US\",\r\n        \"North Central US\",\r\n        \"South Central US\",\r\n        \"Australia Central\",\r\n        \"Australia Central 2\",\r\n        \"East US 2 EUAP\",\r\n        \"Central US EUAP\"\r\n      ],\r\n      \"apiVersions\": [\r\n        \"2020-03-01\",\r\n        \"2020-01-01\",\r\n        \"2018-01-22\",\r\n        \"2017-11-15\",\r\n        \"2017-08-21-preview\"\r\n      ],\r\n      \"capabilities\": \"CrossResourceGroupResourceMove, CrossSubscriptionResourceMove, SystemAssignedResourceIdentity\"\r\n    },\r\n    {\r\n      \"resourceType\": \"IotHubs/securitySettings\",\r\n      \"locations\": [\r\n        \"West US\",\r\n        \"North Europe\",\r\n        \"East Asia\",\r\n        \"East US\",\r\n        \"West Europe\",\r\n        \"Southeast Asia\",\r\n        \"Japan East\",\r\n        \"Japan West\",\r\n        \"Australia East\",\r\n        \"Australia Southeast\",\r\n        \"West US 2\",\r\n        \"West Central US\",\r\n        \"East US 2\",\r\n        \"Central US\",\r\n        \"UK South\",\r\n        \"UK West\",\r\n        \"South India\",\r\n        \"Central India\",\r\n        \"Canada Central\",\r\n        \"Canada East\",\r\n        \"Brazil South\",\r\n        \"South Central US\",\r\n        \"Korea South\",\r\n        \"Korea Central\",\r\n        \"France Central\",\r\n        \"North Central US\",\r\n        \"Central US EUAP\",\r\n        \"East US 2 EUAP\",\r\n        \"Australia Central\",\r\n        \"Australia Central 2\"\r\n      ],\r\n      \"apiVersions\": [\r\n        \"2019-09-01\"\r\n      ]\r\n    },\r\n    {\r\n      \"resourceType\": \"ElasticPools\",\r\n      \"locations\": [\r\n        \"Central US EUAP\",\r\n        \"East US 2 EUAP\",\r\n        \"West US\",\r\n        \"North Europe\",\r\n        \"East Asia\",\r\n        \"East US\",\r\n        \"West Europe\",\r\n        \"Southeast Asia\",\r\n        \"Japan East\",\r\n        \"Japan West\",\r\n        \"Australia East\",\r\n        \"Australia Southeast\",\r\n        \"West US 2\",\r\n        \"West Central US\",\r\n        \"East US 2\",\r\n        \"Central US\",\r\n        \"UK South\",\r\n        \"UK West\",\r\n        \"South India\",\r\n        \"Central India\",\r\n        \"Canada Central\",\r\n        \"Canada East\",\r\n        \"Brazil South\",\r\n        \"South Central US\",\r\n        \"Korea South\",\r\n        \"Korea Central\",\r\n        \"France Central\",\r\n        \"North Central US\"\r\n      ],\r\n      \"apiVersions\": [\r\n        \"2019-07-01-preview\",\r\n        \"2019-03-22-preview\",\r\n        \"2018-01-22-preview\",\r\n        \"2017-09-25-preview\",\r\n        \"2017-07-01\"\r\n      ],\r\n      \"capabilities\": \"CrossResourceGroupResourceMove, CrossSubscriptionResourceMove\"\r\n    },\r\n    {\r\n      \"resourceType\": \"ElasticPools/IotHubTenants\",\r\n      \"locations\": [\r\n        \"Central US EUAP\",\r\n        \"East US 2 EUAP\",\r\n        \"West US\",\r\n        \"North Europe\",\r\n        \"East Asia\",\r\n        \"East US\",\r\n        \"West Europe\",\r\n        \"Southeast Asia\",\r\n        \"Japan East\",\r\n        \"Japan West\",\r\n        \"Australia East\",\r\n        \"Australia Southeast\",\r\n        \"West US 2\",\r\n        \"West Central US\",\r\n        \"East US 2\",\r\n        \"Central US\",\r\n        \"UK South\",\r\n        \"UK West\",\r\n        \"South India\",\r\n        \"Central India\",\r\n        \"Canada Central\",\r\n        \"Canada East\",\r\n        \"Brazil South\",\r\n        \"South Central US\",\r\n        \"Korea South\",\r\n        \"Korea Central\",\r\n        \"France Central\",\r\n        \"North Central US\"\r\n      ],\r\n      \"apiVersions\": [\r\n        \"2019-07-01-preview\",\r\n        \"2019-03-22-preview\",\r\n        \"2018-01-22-preview\",\r\n        \"2017-09-25-preview\",\r\n        \"2017-07-01\"\r\n      ],\r\n      \"capabilities\": \"CrossResourceGroupResourceMove, CrossSubscriptionResourceMove\"\r\n    },\r\n    {\r\n      \"resourceType\": \"ElasticPools/IotHubTenants/securitySettings\",\r\n      \"locations\": [\r\n        \"Central US EUAP\",\r\n        \"East US 2 EUAP\",\r\n        \"West US\",\r\n        \"North Europe\",\r\n        \"East Asia\",\r\n        \"East US\",\r\n        \"West Europe\",\r\n        \"Southeast Asia\",\r\n        \"Japan East\",\r\n        \"Japan West\",\r\n        \"Australia East\",\r\n        \"Australia Southeast\",\r\n        \"West US 2\",\r\n        \"West Central US\",\r\n        \"East US 2\",\r\n        \"Central US\",\r\n        \"UK South\",\r\n        \"UK West\",\r\n        \"South India\",\r\n        \"Central India\",\r\n        \"Canada Central\",\r\n        \"Canada East\",\r\n        \"Brazil South\",\r\n        \"South Central US\",\r\n        \"Korea South\",\r\n        \"Korea Central\",\r\n        \"France Central\",\r\n        \"North Central US\"\r\n      ],\r\n      \"apiVersions\": [\r\n        \"2019-09-01\"\r\n      ]\r\n    }\r\n  ],\r\n  \"registrationState\": \"Registered\"\r\n}",
      "StatusCode": 200
    },
    {
      "RequestUri": "/subscriptions/91d12660-3dec-467a-be2a-213b5544ddc0/resourcegroups/ps1071?api-version=2016-09-01",
      "EncodedRequestUri": "L3N1YnNjcmlwdGlvbnMvOTFkMTI2NjAtM2RlYy00NjdhLWJlMmEtMjEzYjU1NDRkZGMwL3Jlc291cmNlZ3JvdXBzL3BzMTA3MT9hcGktdmVyc2lvbj0yMDE2LTA5LTAx",
      "RequestMethod": "PUT",
      "RequestBody": "{\r\n  \"location\": \"West US\"\r\n}",
      "RequestHeaders": {
        "x-ms-client-request-id": [
          "83a78148-c094-469e-a6dc-fedeaa71303c"
        ],
        "Accept-Language": [
          "en-US"
        ],
        "User-Agent": [
          "FxVersion/4.6.28619.01",
          "OSName/Windows",
          "OSVersion/Microsoft.Windows.10.0.18363.",
          "Microsoft.Azure.Management.Internal.Resources.ResourceManagementClient/1.3.22"
        ],
        "Content-Type": [
          "application/json; charset=utf-8"
        ],
        "Content-Length": [
          "29"
        ]
      },
      "ResponseHeaders": {
        "Cache-Control": [
          "no-cache"
        ],
        "Pragma": [
          "no-cache"
        ],
        "x-ms-ratelimit-remaining-subscription-writes": [
          "1199"
        ],
        "x-ms-request-id": [
          "a333dfa1-a8ed-4352-9462-ad29ecc99f5d"
        ],
        "x-ms-correlation-request-id": [
          "a333dfa1-a8ed-4352-9462-ad29ecc99f5d"
        ],
        "x-ms-routing-request-id": [
          "WESTUS2:20200819T043213Z:a333dfa1-a8ed-4352-9462-ad29ecc99f5d"
        ],
        "Strict-Transport-Security": [
          "max-age=31536000; includeSubDomains"
        ],
        "X-Content-Type-Options": [
          "nosniff"
        ],
        "Date": [
          "Wed, 19 Aug 2020 04:32:12 GMT"
        ],
        "Content-Length": [
          "165"
        ],
        "Content-Type": [
          "application/json; charset=utf-8"
        ],
        "Expires": [
          "-1"
        ]
      },
      "ResponseBody": "{\r\n  \"id\": \"/subscriptions/91d12660-3dec-467a-be2a-213b5544ddc0/resourceGroups/ps1071\",\r\n  \"name\": \"ps1071\",\r\n  \"location\": \"westus\",\r\n  \"properties\": {\r\n    \"provisioningState\": \"Succeeded\"\r\n  }\r\n}",
      "StatusCode": 201
    },
    {
      "RequestUri": "/subscriptions/91d12660-3dec-467a-be2a-213b5544ddc0/resourceGroups/ps1071/providers/Microsoft.Devices/provisioningServices/ps9319?api-version=2017-11-15",
      "EncodedRequestUri": "L3N1YnNjcmlwdGlvbnMvOTFkMTI2NjAtM2RlYy00NjdhLWJlMmEtMjEzYjU1NDRkZGMwL3Jlc291cmNlR3JvdXBzL3BzMTA3MS9wcm92aWRlcnMvTWljcm9zb2Z0LkRldmljZXMvcHJvdmlzaW9uaW5nU2VydmljZXMvcHM5MzE5P2FwaS12ZXJzaW9uPTIwMTctMTEtMTU=",
      "RequestMethod": "PUT",
      "RequestBody": "{\r\n  \"properties\": {},\r\n  \"sku\": {\r\n    \"name\": \"S1\"\r\n  },\r\n  \"location\": \"West US\"\r\n}",
      "RequestHeaders": {
        "x-ms-client-request-id": [
          "0703da58-a043-4b39-b5bd-a668f614335c"
        ],
        "Accept-Language": [
          "en-US"
        ],
        "User-Agent": [
          "FxVersion/4.6.28619.01",
          "OSName/Windows",
          "OSVersion/Microsoft.Windows.10.0.18363.",
          "Microsoft.Azure.Management.DeviceProvisioningServices.IotDpsClient/1.0.0.0"
        ],
        "Content-Type": [
          "application/json; charset=utf-8"
        ],
        "Content-Length": [
          "86"
        ]
      },
      "ResponseHeaders": {
        "Cache-Control": [
          "no-cache"
        ],
        "Pragma": [
          "no-cache"
        ],
        "Azure-AsyncOperation": [
          "https://management.azure.com/subscriptions/91d12660-3dec-467a-be2a-213b5544ddc0/resourceGroups/ps1071/providers/Microsoft.Devices/provisioningServices/ps9319/operationResults/b3NfaWRfNDcwYWY0OTYtMDMzMC00Y2MxLThjZjUtODRjY2E5NzUwZWZi?api-version=2017-11-15&asyncinfo"
        ],
        "Server": [
          "Microsoft-HTTPAPI/2.0"
        ],
        "x-ms-ratelimit-remaining-subscription-resource-requests": [
          "4999"
        ],
        "x-ms-request-id": [
          "fd4c5f3a-338e-48e7-9aac-a37182da1941"
        ],
        "x-ms-correlation-request-id": [
          "fd4c5f3a-338e-48e7-9aac-a37182da1941"
        ],
        "x-ms-routing-request-id": [
          "WESTUS2:20200819T043215Z:fd4c5f3a-338e-48e7-9aac-a37182da1941"
        ],
        "Strict-Transport-Security": [
          "max-age=31536000; includeSubDomains"
        ],
        "X-Content-Type-Options": [
          "nosniff"
        ],
        "Date": [
          "Wed, 19 Aug 2020 04:32:15 GMT"
        ],
        "Content-Length": [
          "462"
        ],
        "Content-Type": [
          "application/json; charset=utf-8"
        ],
        "Expires": [
          "-1"
        ]
      },
      "ResponseBody": "{\r\n  \"name\": \"ps9319\",\r\n  \"location\": \"West US\",\r\n  \"properties\": {\r\n    \"state\": \"Activating\",\r\n    \"provisioningState\": \"Accepted\",\r\n    \"allocationPolicy\": \"Hashed\",\r\n    \"idScope\": null\r\n  },\r\n  \"resourcegroup\": \"ps1071\",\r\n  \"type\": \"Microsoft.Devices/provisioningServices\",\r\n  \"id\": \"/subscriptions/91d12660-3dec-467a-be2a-213b5544ddc0/resourceGroups/ps1071/providers/Microsoft.Devices/provisioningServices/ps9319\",\r\n  \"subscriptionid\": \"91d12660-3dec-467a-be2a-213b5544ddc0\",\r\n  \"tags\": {},\r\n  \"sku\": {\r\n    \"name\": \"S1\",\r\n    \"tier\": \"Standard\"\r\n  }\r\n}",
      "StatusCode": 201
    },
    {
      "RequestUri": "/subscriptions/91d12660-3dec-467a-be2a-213b5544ddc0/resourceGroups/ps1071/providers/Microsoft.Devices/provisioningServices/ps9319?api-version=2017-11-15",
      "EncodedRequestUri": "L3N1YnNjcmlwdGlvbnMvOTFkMTI2NjAtM2RlYy00NjdhLWJlMmEtMjEzYjU1NDRkZGMwL3Jlc291cmNlR3JvdXBzL3BzMTA3MS9wcm92aWRlcnMvTWljcm9zb2Z0LkRldmljZXMvcHJvdmlzaW9uaW5nU2VydmljZXMvcHM5MzE5P2FwaS12ZXJzaW9uPTIwMTctMTEtMTU=",
      "RequestMethod": "PUT",
      "RequestBody": "{\r\n  \"etag\": \"AAAAAAQxonk=\",\r\n  \"properties\": {\r\n    \"state\": \"Active\",\r\n    \"provisioningState\": \"Succeeded\",\r\n    \"iotHubs\": [\r\n      {\r\n        \"applyAllocationPolicy\": false,\r\n        \"connectionString\": \"HostName=ps2629.azure-devices.net;SharedAccessKeyName=ServiceKey;SharedAccessKey=hba7h2Rd36BExq9Qk3hxQhQVzOEp4CrqvH+ZZJ3cA9Y=\",\r\n        \"location\": \"West US\"\r\n      }\r\n    ],\r\n    \"allocationPolicy\": \"Hashed\"\r\n  },\r\n  \"sku\": {\r\n    \"name\": \"S1\"\r\n  },\r\n  \"location\": \"West US\",\r\n  \"tags\": {}\r\n}",
      "RequestHeaders": {
        "x-ms-client-request-id": [
          "ad9c17b1-867c-41b2-b039-a1319f2dafd7"
        ],
        "Accept-Language": [
          "en-US"
        ],
        "User-Agent": [
          "FxVersion/4.6.28619.01",
          "OSName/Windows",
          "OSVersion/Microsoft.Windows.10.0.18363.",
          "Microsoft.Azure.Management.DeviceProvisioningServices.IotDpsClient/1.0.0.0"
        ],
        "Content-Type": [
          "application/json; charset=utf-8"
        ],
        "Content-Length": [
          "503"
        ]
      },
      "ResponseHeaders": {
        "Cache-Control": [
          "no-cache"
        ],
        "Pragma": [
          "no-cache"
        ],
        "Azure-AsyncOperation": [
          "https://management.azure.com/subscriptions/91d12660-3dec-467a-be2a-213b5544ddc0/resourceGroups/ps1071/providers/Microsoft.Devices/provisioningServices/ps9319/operationResults/b3NfaWRfOTI5ZmJhZjctMjBiYi00MWIyLWIzMWQtMTU4ZmMzMDJjMWRi?api-version=2017-11-15&asyncinfo"
        ],
        "Server": [
          "Microsoft-HTTPAPI/2.0"
        ],
        "x-ms-ratelimit-remaining-subscription-resource-requests": [
          "4999"
        ],
        "x-ms-request-id": [
          "d1052133-005c-43aa-aee1-9e223282f7e9"
        ],
        "x-ms-correlation-request-id": [
          "d1052133-005c-43aa-aee1-9e223282f7e9"
        ],
        "x-ms-routing-request-id": [
          "WESTUS2:20200819T043541Z:d1052133-005c-43aa-aee1-9e223282f7e9"
        ],
        "Strict-Transport-Security": [
          "max-age=31536000; includeSubDomains"
        ],
        "X-Content-Type-Options": [
          "nosniff"
        ],
        "Date": [
          "Wed, 19 Aug 2020 04:35:40 GMT"
        ],
        "Content-Length": [
          "733"
        ],
        "Content-Type": [
          "application/json; charset=utf-8"
        ],
        "Expires": [
          "-1"
        ]
      },
      "ResponseBody": "{\r\n  \"etag\": \"AAAAAAQxonk=\",\r\n  \"name\": \"ps9319\",\r\n  \"location\": \"West US\",\r\n  \"properties\": {\r\n    \"state\": \"Transitioning\",\r\n    \"provisioningState\": \"Accepted\",\r\n    \"iotHubs\": [\r\n      {\r\n        \"applyAllocationPolicy\": false,\r\n        \"name\": \"ps2629.azure-devices.net\",\r\n        \"connectionString\": \"HostName=ps2629.azure-devices.net;SharedAccessKeyName=ServiceKey;SharedAccessKey=hba7h2Rd36BExq9Qk3hxQhQVzOEp4CrqvH+ZZJ3cA9Y=\",\r\n        \"location\": \"West US\"\r\n      }\r\n    ],\r\n    \"allocationPolicy\": \"Hashed\",\r\n    \"idScope\": null\r\n  },\r\n  \"resourcegroup\": \"ps1071\",\r\n  \"type\": \"Microsoft.Devices/provisioningServices\",\r\n  \"id\": \"/subscriptions/91d12660-3dec-467a-be2a-213b5544ddc0/resourceGroups/ps1071/providers/Microsoft.Devices/provisioningServices/ps9319\",\r\n  \"subscriptionid\": \"91d12660-3dec-467a-be2a-213b5544ddc0\",\r\n  \"tags\": {},\r\n  \"sku\": {\r\n    \"name\": \"S1\",\r\n    \"tier\": \"Standard\"\r\n  }\r\n}",
      "StatusCode": 201
    },
    {
      "RequestUri": "/subscriptions/91d12660-3dec-467a-be2a-213b5544ddc0/resourceGroups/ps1071/providers/Microsoft.Devices/provisioningServices/ps9319?api-version=2017-11-15",
      "EncodedRequestUri": "L3N1YnNjcmlwdGlvbnMvOTFkMTI2NjAtM2RlYy00NjdhLWJlMmEtMjEzYjU1NDRkZGMwL3Jlc291cmNlR3JvdXBzL3BzMTA3MS9wcm92aWRlcnMvTWljcm9zb2Z0LkRldmljZXMvcHJvdmlzaW9uaW5nU2VydmljZXMvcHM5MzE5P2FwaS12ZXJzaW9uPTIwMTctMTEtMTU=",
      "RequestMethod": "PUT",
      "RequestBody": "{\r\n  \"etag\": \"AAAAAAQxo8s=\",\r\n  \"properties\": {\r\n    \"state\": \"Active\",\r\n    \"provisioningState\": \"Succeeded\",\r\n    \"iotHubs\": [\r\n      {\r\n        \"applyAllocationPolicy\": false,\r\n        \"allocationWeight\": 10,\r\n        \"connectionString\": \"HostName=ps2629.azure-devices.net;SharedAccessKeyName=ServiceKey;SharedAccessKey=****\",\r\n        \"location\": \"West US\"\r\n      }\r\n    ],\r\n    \"allocationPolicy\": \"Hashed\"\r\n  },\r\n  \"sku\": {\r\n    \"name\": \"S1\"\r\n  },\r\n  \"location\": \"West US\",\r\n  \"tags\": {}\r\n}",
      "RequestHeaders": {
        "x-ms-client-request-id": [
          "56dff942-dffb-4cf8-88e5-efe5a021e65c"
        ],
        "Accept-Language": [
          "en-US"
        ],
        "User-Agent": [
          "FxVersion/4.6.28619.01",
          "OSName/Windows",
          "OSVersion/Microsoft.Windows.10.0.18363.",
          "Microsoft.Azure.Management.DeviceProvisioningServices.IotDpsClient/1.0.0.0"
        ],
        "Content-Type": [
          "application/json; charset=utf-8"
        ],
        "Content-Length": [
          "496"
        ]
      },
      "ResponseHeaders": {
        "Cache-Control": [
          "no-cache"
        ],
        "Pragma": [
          "no-cache"
        ],
        "Azure-AsyncOperation": [
          "https://management.azure.com/subscriptions/91d12660-3dec-467a-be2a-213b5544ddc0/resourceGroups/ps1071/providers/Microsoft.Devices/provisioningServices/ps9319/operationResults/b3NfaWRfOWMyYTgwN2ItNTFhZS00MDliLTlmN2EtNDRhMTg1ZmExNDZm?api-version=2017-11-15&asyncinfo"
        ],
        "Server": [
          "Microsoft-HTTPAPI/2.0"
        ],
        "x-ms-ratelimit-remaining-subscription-resource-requests": [
          "4998"
        ],
        "x-ms-request-id": [
          "35b8eb3f-e5e6-4b6d-84ae-dd5ffeb4a4a6"
        ],
        "x-ms-correlation-request-id": [
          "35b8eb3f-e5e6-4b6d-84ae-dd5ffeb4a4a6"
        ],
        "x-ms-routing-request-id": [
          "WESTUS2:20200819T043613Z:35b8eb3f-e5e6-4b6d-84ae-dd5ffeb4a4a6"
        ],
        "Strict-Transport-Security": [
          "max-age=31536000; includeSubDomains"
        ],
        "X-Content-Type-Options": [
          "nosniff"
        ],
        "Date": [
          "Wed, 19 Aug 2020 04:36:13 GMT"
        ],
        "Content-Length": [
          "715"
        ],
        "Content-Type": [
          "application/json; charset=utf-8"
        ],
        "Expires": [
          "-1"
        ]
      },
      "ResponseBody": "{\r\n  \"etag\": \"AAAAAAQxo8s=\",\r\n  \"name\": \"ps9319\",\r\n  \"location\": \"West US\",\r\n  \"properties\": {\r\n    \"state\": \"Transitioning\",\r\n    \"provisioningState\": \"Accepted\",\r\n    \"iotHubs\": [\r\n      {\r\n        \"applyAllocationPolicy\": false,\r\n        \"allocationWeight\": 10,\r\n        \"name\": \"ps2629.azure-devices.net\",\r\n        \"connectionString\": \"HostName=ps2629.azure-devices.net;SharedAccessKeyName=ServiceKey;SharedAccessKey=****\",\r\n        \"location\": \"West US\"\r\n      }\r\n    ],\r\n    \"allocationPolicy\": \"Hashed\",\r\n    \"idScope\": null\r\n  },\r\n  \"resourcegroup\": \"ps1071\",\r\n  \"type\": \"Microsoft.Devices/provisioningServices\",\r\n  \"id\": \"/subscriptions/91d12660-3dec-467a-be2a-213b5544ddc0/resourceGroups/ps1071/providers/Microsoft.Devices/provisioningServices/ps9319\",\r\n  \"subscriptionid\": \"91d12660-3dec-467a-be2a-213b5544ddc0\",\r\n  \"tags\": {},\r\n  \"sku\": {\r\n    \"name\": \"S1\",\r\n    \"tier\": \"Standard\"\r\n  }\r\n}",
      "StatusCode": 201
    },
    {
      "RequestUri": "/subscriptions/91d12660-3dec-467a-be2a-213b5544ddc0/resourceGroups/ps1071/providers/Microsoft.Devices/provisioningServices/ps9319?api-version=2017-11-15",
      "EncodedRequestUri": "L3N1YnNjcmlwdGlvbnMvOTFkMTI2NjAtM2RlYy00NjdhLWJlMmEtMjEzYjU1NDRkZGMwL3Jlc291cmNlR3JvdXBzL3BzMTA3MS9wcm92aWRlcnMvTWljcm9zb2Z0LkRldmljZXMvcHJvdmlzaW9uaW5nU2VydmljZXMvcHM5MzE5P2FwaS12ZXJzaW9uPTIwMTctMTEtMTU=",
      "RequestMethod": "PUT",
      "RequestBody": "{\r\n  \"etag\": \"AAAAAAQxpBc=\",\r\n  \"properties\": {\r\n    \"state\": \"Active\",\r\n    \"provisioningState\": \"Succeeded\",\r\n    \"iotHubs\": [],\r\n    \"allocationPolicy\": \"Hashed\"\r\n  },\r\n  \"sku\": {\r\n    \"name\": \"S1\"\r\n  },\r\n  \"location\": \"West US\",\r\n  \"tags\": {}\r\n}",
      "RequestHeaders": {
        "x-ms-client-request-id": [
          "b2485915-acd7-46ef-a145-c6b14bd9d89b"
        ],
        "Accept-Language": [
          "en-US"
        ],
        "User-Agent": [
          "FxVersion/4.6.28619.01",
          "OSName/Windows",
          "OSVersion/Microsoft.Windows.10.0.18363.",
          "Microsoft.Azure.Management.DeviceProvisioningServices.IotDpsClient/1.0.0.0"
        ],
        "Content-Type": [
          "application/json; charset=utf-8"
        ],
        "Content-Length": [
          "249"
        ]
      },
      "ResponseHeaders": {
        "Cache-Control": [
          "no-cache"
        ],
        "Pragma": [
          "no-cache"
        ],
        "Azure-AsyncOperation": [
          "https://management.azure.com/subscriptions/91d12660-3dec-467a-be2a-213b5544ddc0/resourceGroups/ps1071/providers/Microsoft.Devices/provisioningServices/ps9319/operationResults/b3NfaWRfYWMxZTY0NGUtN2MyYS00ODk0LWFmZTMtYzI3YmUzZWQwZDQ2?api-version=2017-11-15&asyncinfo"
        ],
        "Server": [
          "Microsoft-HTTPAPI/2.0"
        ],
        "x-ms-ratelimit-remaining-subscription-resource-requests": [
          "4997"
        ],
        "x-ms-request-id": [
          "f94d0d5e-e566-42ee-93d6-e3d7b6be988d"
        ],
        "x-ms-correlation-request-id": [
          "f94d0d5e-e566-42ee-93d6-e3d7b6be988d"
        ],
        "x-ms-routing-request-id": [
          "WESTUS2:20200819T043646Z:f94d0d5e-e566-42ee-93d6-e3d7b6be988d"
        ],
        "Strict-Transport-Security": [
          "max-age=31536000; includeSubDomains"
        ],
        "X-Content-Type-Options": [
          "nosniff"
        ],
        "Date": [
          "Wed, 19 Aug 2020 04:36:45 GMT"
        ],
        "Content-Length": [
          "500"
        ],
        "Content-Type": [
          "application/json; charset=utf-8"
        ],
        "Expires": [
          "-1"
        ]
      },
      "ResponseBody": "{\r\n  \"etag\": \"AAAAAAQxpBc=\",\r\n  \"name\": \"ps9319\",\r\n  \"location\": \"West US\",\r\n  \"properties\": {\r\n    \"state\": \"Transitioning\",\r\n    \"provisioningState\": \"Accepted\",\r\n    \"iotHubs\": [],\r\n    \"allocationPolicy\": \"Hashed\",\r\n    \"idScope\": null\r\n  },\r\n  \"resourcegroup\": \"ps1071\",\r\n  \"type\": \"Microsoft.Devices/provisioningServices\",\r\n  \"id\": \"/subscriptions/91d12660-3dec-467a-be2a-213b5544ddc0/resourceGroups/ps1071/providers/Microsoft.Devices/provisioningServices/ps9319\",\r\n  \"subscriptionid\": \"91d12660-3dec-467a-be2a-213b5544ddc0\",\r\n  \"tags\": {},\r\n  \"sku\": {\r\n    \"name\": \"S1\",\r\n    \"tier\": \"Standard\"\r\n  }\r\n}",
      "StatusCode": 201
    },
    {
      "RequestUri": "/subscriptions/91d12660-3dec-467a-be2a-213b5544ddc0/resourceGroups/ps1071/providers/Microsoft.Devices/provisioningServices/ps9319/operationResults/b3NfaWRfNDcwYWY0OTYtMDMzMC00Y2MxLThjZjUtODRjY2E5NzUwZWZi?api-version=2017-11-15&asyncinfo",
      "EncodedRequestUri": "L3N1YnNjcmlwdGlvbnMvOTFkMTI2NjAtM2RlYy00NjdhLWJlMmEtMjEzYjU1NDRkZGMwL3Jlc291cmNlR3JvdXBzL3BzMTA3MS9wcm92aWRlcnMvTWljcm9zb2Z0LkRldmljZXMvcHJvdmlzaW9uaW5nU2VydmljZXMvcHM5MzE5L29wZXJhdGlvblJlc3VsdHMvYjNOZmFXUmZORGN3WVdZME9UWXRNRE16TUMwMFkyTXhMVGhqWmpVdE9EUmpZMkU1TnpVd1pXWmk/YXBpLXZlcnNpb249MjAxNy0xMS0xNSZhc3luY2luZm8=",
      "RequestMethod": "GET",
      "RequestBody": "",
      "RequestHeaders": {
        "User-Agent": [
          "FxVersion/4.6.28619.01",
          "OSName/Windows",
          "OSVersion/Microsoft.Windows.10.0.18363.",
          "Microsoft.Azure.Management.DeviceProvisioningServices.IotDpsClient/1.0.0.0"
        ]
      },
      "ResponseHeaders": {
        "Cache-Control": [
          "no-cache"
        ],
        "Pragma": [
          "no-cache"
        ],
        "Server": [
          "Microsoft-HTTPAPI/2.0"
        ],
        "x-ms-ratelimit-remaining-subscription-reads": [
          "11999"
        ],
        "x-ms-request-id": [
          "a9ca592e-a796-4ad8-8175-a57e70bdf14a"
        ],
        "x-ms-correlation-request-id": [
          "a9ca592e-a796-4ad8-8175-a57e70bdf14a"
        ],
        "x-ms-routing-request-id": [
          "WESTUS2:20200819T043245Z:a9ca592e-a796-4ad8-8175-a57e70bdf14a"
        ],
        "Strict-Transport-Security": [
          "max-age=31536000; includeSubDomains"
        ],
        "X-Content-Type-Options": [
          "nosniff"
        ],
        "Date": [
          "Wed, 19 Aug 2020 04:32:45 GMT"
        ],
        "Content-Length": [
          "22"
        ],
        "Content-Type": [
          "application/json; charset=utf-8"
        ],
        "Expires": [
          "-1"
        ]
      },
      "ResponseBody": "{\r\n  \"status\": \"Succeeded\"\r\n}",
      "StatusCode": 200
    },
    {
      "RequestUri": "/subscriptions/91d12660-3dec-467a-be2a-213b5544ddc0/resourceGroups/ps1071/providers/Microsoft.Devices/provisioningServices/ps9319?api-version=2017-11-15",
      "EncodedRequestUri": "L3N1YnNjcmlwdGlvbnMvOTFkMTI2NjAtM2RlYy00NjdhLWJlMmEtMjEzYjU1NDRkZGMwL3Jlc291cmNlR3JvdXBzL3BzMTA3MS9wcm92aWRlcnMvTWljcm9zb2Z0LkRldmljZXMvcHJvdmlzaW9uaW5nU2VydmljZXMvcHM5MzE5P2FwaS12ZXJzaW9uPTIwMTctMTEtMTU=",
      "RequestMethod": "GET",
      "RequestBody": "",
      "RequestHeaders": {
        "User-Agent": [
          "FxVersion/4.6.28619.01",
          "OSName/Windows",
          "OSVersion/Microsoft.Windows.10.0.18363.",
          "Microsoft.Azure.Management.DeviceProvisioningServices.IotDpsClient/1.0.0.0"
        ]
      },
      "ResponseHeaders": {
        "Cache-Control": [
          "no-cache"
        ],
        "Pragma": [
          "no-cache"
        ],
        "Server": [
          "Microsoft-HTTPAPI/2.0"
        ],
        "x-ms-ratelimit-remaining-subscription-reads": [
          "11998"
        ],
        "x-ms-request-id": [
          "02cebddd-45cd-4389-b106-09bb039ae8df"
        ],
        "x-ms-correlation-request-id": [
          "02cebddd-45cd-4389-b106-09bb039ae8df"
        ],
        "x-ms-routing-request-id": [
          "WESTUS2:20200819T043246Z:02cebddd-45cd-4389-b106-09bb039ae8df"
        ],
        "Strict-Transport-Security": [
          "max-age=31536000; includeSubDomains"
        ],
        "X-Content-Type-Options": [
          "nosniff"
        ],
        "Date": [
          "Wed, 19 Aug 2020 04:32:45 GMT"
        ],
        "Content-Length": [
          "640"
        ],
        "Content-Type": [
          "application/json; charset=utf-8"
        ],
        "Expires": [
          "-1"
        ]
      },
      "ResponseBody": "{\r\n  \"etag\": \"AAAAAAQxonk=\",\r\n  \"name\": \"ps9319\",\r\n  \"location\": \"West US\",\r\n  \"properties\": {\r\n    \"state\": \"Active\",\r\n    \"provisioningState\": \"Succeeded\",\r\n    \"iotHubs\": [],\r\n    \"allocationPolicy\": \"Hashed\",\r\n    \"serviceOperationsHostName\": \"ps9319.azure-devices-provisioning.net\",\r\n    \"deviceProvisioningHostName\": \"global.azure-devices-provisioning.net\",\r\n    \"idScope\": \"0ne0015BE23\"\r\n  },\r\n  \"resourcegroup\": \"ps1071\",\r\n  \"type\": \"Microsoft.Devices/provisioningServices\",\r\n  \"id\": \"/subscriptions/91d12660-3dec-467a-be2a-213b5544ddc0/resourceGroups/ps1071/providers/Microsoft.Devices/provisioningServices/ps9319\",\r\n  \"subscriptionid\": \"91d12660-3dec-467a-be2a-213b5544ddc0\",\r\n  \"tags\": {},\r\n  \"sku\": {\r\n    \"name\": \"S1\",\r\n    \"tier\": \"Standard\"\r\n  }\r\n}",
      "StatusCode": 200
    },
    {
      "RequestUri": "/subscriptions/91d12660-3dec-467a-be2a-213b5544ddc0/resourceGroups/ps1071/providers/Microsoft.Devices/provisioningServices/ps9319?api-version=2017-11-15",
      "EncodedRequestUri": "L3N1YnNjcmlwdGlvbnMvOTFkMTI2NjAtM2RlYy00NjdhLWJlMmEtMjEzYjU1NDRkZGMwL3Jlc291cmNlR3JvdXBzL3BzMTA3MS9wcm92aWRlcnMvTWljcm9zb2Z0LkRldmljZXMvcHJvdmlzaW9uaW5nU2VydmljZXMvcHM5MzE5P2FwaS12ZXJzaW9uPTIwMTctMTEtMTU=",
      "RequestMethod": "GET",
      "RequestBody": "",
      "RequestHeaders": {
        "x-ms-client-request-id": [
          "d1cf134b-ba0b-4dda-ae36-b4dca47446bc"
        ],
        "Accept-Language": [
          "en-US"
        ],
        "User-Agent": [
          "FxVersion/4.6.28619.01",
          "OSName/Windows",
          "OSVersion/Microsoft.Windows.10.0.18363.",
          "Microsoft.Azure.Management.DeviceProvisioningServices.IotDpsClient/1.0.0.0"
        ]
      },
      "ResponseHeaders": {
        "Cache-Control": [
          "no-cache"
        ],
        "Pragma": [
          "no-cache"
        ],
        "Server": [
          "Microsoft-HTTPAPI/2.0"
        ],
        "x-ms-ratelimit-remaining-subscription-reads": [
          "11997"
        ],
        "x-ms-request-id": [
          "a54c1f93-445b-4d21-be37-b6ff043139de"
        ],
        "x-ms-correlation-request-id": [
          "a54c1f93-445b-4d21-be37-b6ff043139de"
        ],
        "x-ms-routing-request-id": [
          "WESTUS2:20200819T043246Z:a54c1f93-445b-4d21-be37-b6ff043139de"
        ],
        "Strict-Transport-Security": [
          "max-age=31536000; includeSubDomains"
        ],
        "X-Content-Type-Options": [
          "nosniff"
        ],
        "Date": [
          "Wed, 19 Aug 2020 04:32:45 GMT"
        ],
        "Content-Length": [
          "640"
        ],
        "Content-Type": [
          "application/json; charset=utf-8"
        ],
        "Expires": [
          "-1"
        ]
      },
      "ResponseBody": "{\r\n  \"etag\": \"AAAAAAQxonk=\",\r\n  \"name\": \"ps9319\",\r\n  \"location\": \"West US\",\r\n  \"properties\": {\r\n    \"state\": \"Active\",\r\n    \"provisioningState\": \"Succeeded\",\r\n    \"iotHubs\": [],\r\n    \"allocationPolicy\": \"Hashed\",\r\n    \"serviceOperationsHostName\": \"ps9319.azure-devices-provisioning.net\",\r\n    \"deviceProvisioningHostName\": \"global.azure-devices-provisioning.net\",\r\n    \"idScope\": \"0ne0015BE23\"\r\n  },\r\n  \"resourcegroup\": \"ps1071\",\r\n  \"type\": \"Microsoft.Devices/provisioningServices\",\r\n  \"id\": \"/subscriptions/91d12660-3dec-467a-be2a-213b5544ddc0/resourceGroups/ps1071/providers/Microsoft.Devices/provisioningServices/ps9319\",\r\n  \"subscriptionid\": \"91d12660-3dec-467a-be2a-213b5544ddc0\",\r\n  \"tags\": {},\r\n  \"sku\": {\r\n    \"name\": \"S1\",\r\n    \"tier\": \"Standard\"\r\n  }\r\n}",
      "StatusCode": 200
    },
    {
      "RequestUri": "/subscriptions/91d12660-3dec-467a-be2a-213b5544ddc0/resourceGroups/ps1071/providers/Microsoft.Devices/provisioningServices/ps9319?api-version=2017-11-15",
      "EncodedRequestUri": "L3N1YnNjcmlwdGlvbnMvOTFkMTI2NjAtM2RlYy00NjdhLWJlMmEtMjEzYjU1NDRkZGMwL3Jlc291cmNlR3JvdXBzL3BzMTA3MS9wcm92aWRlcnMvTWljcm9zb2Z0LkRldmljZXMvcHJvdmlzaW9uaW5nU2VydmljZXMvcHM5MzE5P2FwaS12ZXJzaW9uPTIwMTctMTEtMTU=",
      "RequestMethod": "GET",
      "RequestBody": "",
      "RequestHeaders": {
        "x-ms-client-request-id": [
          "c64cdc6a-4c26-42ba-8bfe-9b4f63baf5ab"
        ],
        "Accept-Language": [
          "en-US"
        ],
        "User-Agent": [
          "FxVersion/4.6.28619.01",
          "OSName/Windows",
          "OSVersion/Microsoft.Windows.10.0.18363.",
          "Microsoft.Azure.Management.DeviceProvisioningServices.IotDpsClient/1.0.0.0"
        ]
      },
      "ResponseHeaders": {
        "Cache-Control": [
          "no-cache"
        ],
        "Pragma": [
          "no-cache"
        ],
        "Server": [
          "Microsoft-HTTPAPI/2.0"
        ],
        "x-ms-ratelimit-remaining-subscription-reads": [
          "11999"
        ],
        "x-ms-request-id": [
          "b0de2025-88b3-4890-8a93-1c140b6b4410"
        ],
        "x-ms-correlation-request-id": [
          "b0de2025-88b3-4890-8a93-1c140b6b4410"
        ],
        "x-ms-routing-request-id": [
          "WESTUS2:20200819T043539Z:b0de2025-88b3-4890-8a93-1c140b6b4410"
        ],
        "Strict-Transport-Security": [
          "max-age=31536000; includeSubDomains"
        ],
        "X-Content-Type-Options": [
          "nosniff"
        ],
        "Date": [
          "Wed, 19 Aug 2020 04:35:38 GMT"
        ],
        "Content-Length": [
          "640"
        ],
        "Content-Type": [
          "application/json; charset=utf-8"
        ],
        "Expires": [
          "-1"
        ]
      },
      "ResponseBody": "{\r\n  \"etag\": \"AAAAAAQxonk=\",\r\n  \"name\": \"ps9319\",\r\n  \"location\": \"West US\",\r\n  \"properties\": {\r\n    \"state\": \"Active\",\r\n    \"provisioningState\": \"Succeeded\",\r\n    \"iotHubs\": [],\r\n    \"allocationPolicy\": \"Hashed\",\r\n    \"serviceOperationsHostName\": \"ps9319.azure-devices-provisioning.net\",\r\n    \"deviceProvisioningHostName\": \"global.azure-devices-provisioning.net\",\r\n    \"idScope\": \"0ne0015BE23\"\r\n  },\r\n  \"resourcegroup\": \"ps1071\",\r\n  \"type\": \"Microsoft.Devices/provisioningServices\",\r\n  \"id\": \"/subscriptions/91d12660-3dec-467a-be2a-213b5544ddc0/resourceGroups/ps1071/providers/Microsoft.Devices/provisioningServices/ps9319\",\r\n  \"subscriptionid\": \"91d12660-3dec-467a-be2a-213b5544ddc0\",\r\n  \"tags\": {},\r\n  \"sku\": {\r\n    \"name\": \"S1\",\r\n    \"tier\": \"Standard\"\r\n  }\r\n}",
      "StatusCode": 200
    },
    {
      "RequestUri": "/subscriptions/91d12660-3dec-467a-be2a-213b5544ddc0/resourceGroups/ps1071/providers/Microsoft.Devices/provisioningServices/ps9319?api-version=2017-11-15",
      "EncodedRequestUri": "L3N1YnNjcmlwdGlvbnMvOTFkMTI2NjAtM2RlYy00NjdhLWJlMmEtMjEzYjU1NDRkZGMwL3Jlc291cmNlR3JvdXBzL3BzMTA3MS9wcm92aWRlcnMvTWljcm9zb2Z0LkRldmljZXMvcHJvdmlzaW9uaW5nU2VydmljZXMvcHM5MzE5P2FwaS12ZXJzaW9uPTIwMTctMTEtMTU=",
      "RequestMethod": "GET",
      "RequestBody": "",
      "RequestHeaders": {
        "User-Agent": [
          "FxVersion/4.6.28619.01",
          "OSName/Windows",
          "OSVersion/Microsoft.Windows.10.0.18363.",
          "Microsoft.Azure.Management.DeviceProvisioningServices.IotDpsClient/1.0.0.0"
        ]
      },
      "ResponseHeaders": {
        "Cache-Control": [
          "no-cache"
        ],
        "Pragma": [
          "no-cache"
        ],
        "Server": [
          "Microsoft-HTTPAPI/2.0"
        ],
        "x-ms-ratelimit-remaining-subscription-reads": [
          "11997"
        ],
        "x-ms-request-id": [
          "662e8a4e-2e4e-4397-bd72-4f305576c4f0"
        ],
        "x-ms-correlation-request-id": [
          "662e8a4e-2e4e-4397-bd72-4f305576c4f0"
        ],
        "x-ms-routing-request-id": [
          "WESTUS2:20200819T043611Z:662e8a4e-2e4e-4397-bd72-4f305576c4f0"
        ],
        "Strict-Transport-Security": [
          "max-age=31536000; includeSubDomains"
        ],
        "X-Content-Type-Options": [
          "nosniff"
        ],
        "Date": [
          "Wed, 19 Aug 2020 04:36:11 GMT"
        ],
        "Content-Length": [
          "833"
        ],
        "Content-Type": [
          "application/json; charset=utf-8"
        ],
        "Expires": [
          "-1"
        ]
      },
      "ResponseBody": "{\r\n  \"etag\": \"AAAAAAQxo8s=\",\r\n  \"name\": \"ps9319\",\r\n  \"location\": \"West US\",\r\n  \"properties\": {\r\n    \"state\": \"Active\",\r\n    \"provisioningState\": \"Succeeded\",\r\n    \"iotHubs\": [\r\n      {\r\n        \"applyAllocationPolicy\": false,\r\n        \"name\": \"ps2629.azure-devices.net\",\r\n        \"connectionString\": \"HostName=ps2629.azure-devices.net;SharedAccessKeyName=ServiceKey;SharedAccessKey=****\",\r\n        \"location\": \"West US\"\r\n      }\r\n    ],\r\n    \"allocationPolicy\": \"Hashed\",\r\n    \"serviceOperationsHostName\": \"ps9319.azure-devices-provisioning.net\",\r\n    \"deviceProvisioningHostName\": \"global.azure-devices-provisioning.net\",\r\n    \"idScope\": \"0ne0015BE23\"\r\n  },\r\n  \"resourcegroup\": \"ps1071\",\r\n  \"type\": \"Microsoft.Devices/provisioningServices\",\r\n  \"id\": \"/subscriptions/91d12660-3dec-467a-be2a-213b5544ddc0/resourceGroups/ps1071/providers/Microsoft.Devices/provisioningServices/ps9319\",\r\n  \"subscriptionid\": \"91d12660-3dec-467a-be2a-213b5544ddc0\",\r\n  \"tags\": {},\r\n  \"sku\": {\r\n    \"name\": \"S1\",\r\n    \"tier\": \"Standard\"\r\n  }\r\n}",
      "StatusCode": 200
    },
    {
      "RequestUri": "/subscriptions/91d12660-3dec-467a-be2a-213b5544ddc0/resourceGroups/ps1071/providers/Microsoft.Devices/provisioningServices/ps9319?api-version=2017-11-15",
      "EncodedRequestUri": "L3N1YnNjcmlwdGlvbnMvOTFkMTI2NjAtM2RlYy00NjdhLWJlMmEtMjEzYjU1NDRkZGMwL3Jlc291cmNlR3JvdXBzL3BzMTA3MS9wcm92aWRlcnMvTWljcm9zb2Z0LkRldmljZXMvcHJvdmlzaW9uaW5nU2VydmljZXMvcHM5MzE5P2FwaS12ZXJzaW9uPTIwMTctMTEtMTU=",
      "RequestMethod": "GET",
      "RequestBody": "",
      "RequestHeaders": {
        "x-ms-client-request-id": [
          "a283d8e8-9647-4061-8587-8ea6ef770356"
        ],
        "Accept-Language": [
          "en-US"
        ],
        "User-Agent": [
          "FxVersion/4.6.28619.01",
          "OSName/Windows",
          "OSVersion/Microsoft.Windows.10.0.18363.",
          "Microsoft.Azure.Management.DeviceProvisioningServices.IotDpsClient/1.0.0.0"
        ]
      },
      "ResponseHeaders": {
        "Cache-Control": [
          "no-cache"
        ],
        "Pragma": [
          "no-cache"
        ],
        "Server": [
          "Microsoft-HTTPAPI/2.0"
        ],
        "x-ms-ratelimit-remaining-subscription-reads": [
          "11996"
        ],
        "x-ms-request-id": [
          "3fc9c53b-6582-4221-8d4f-af01e791b9ca"
        ],
        "x-ms-correlation-request-id": [
          "3fc9c53b-6582-4221-8d4f-af01e791b9ca"
        ],
        "x-ms-routing-request-id": [
          "WESTUS2:20200819T043611Z:3fc9c53b-6582-4221-8d4f-af01e791b9ca"
        ],
        "Strict-Transport-Security": [
          "max-age=31536000; includeSubDomains"
        ],
        "X-Content-Type-Options": [
          "nosniff"
        ],
        "Date": [
          "Wed, 19 Aug 2020 04:36:11 GMT"
        ],
        "Content-Length": [
          "833"
        ],
        "Content-Type": [
          "application/json; charset=utf-8"
        ],
        "Expires": [
          "-1"
        ]
      },
      "ResponseBody": "{\r\n  \"etag\": \"AAAAAAQxo8s=\",\r\n  \"name\": \"ps9319\",\r\n  \"location\": \"West US\",\r\n  \"properties\": {\r\n    \"state\": \"Active\",\r\n    \"provisioningState\": \"Succeeded\",\r\n    \"iotHubs\": [\r\n      {\r\n        \"applyAllocationPolicy\": false,\r\n        \"name\": \"ps2629.azure-devices.net\",\r\n        \"connectionString\": \"HostName=ps2629.azure-devices.net;SharedAccessKeyName=ServiceKey;SharedAccessKey=****\",\r\n        \"location\": \"West US\"\r\n      }\r\n    ],\r\n    \"allocationPolicy\": \"Hashed\",\r\n    \"serviceOperationsHostName\": \"ps9319.azure-devices-provisioning.net\",\r\n    \"deviceProvisioningHostName\": \"global.azure-devices-provisioning.net\",\r\n    \"idScope\": \"0ne0015BE23\"\r\n  },\r\n  \"resourcegroup\": \"ps1071\",\r\n  \"type\": \"Microsoft.Devices/provisioningServices\",\r\n  \"id\": \"/subscriptions/91d12660-3dec-467a-be2a-213b5544ddc0/resourceGroups/ps1071/providers/Microsoft.Devices/provisioningServices/ps9319\",\r\n  \"subscriptionid\": \"91d12660-3dec-467a-be2a-213b5544ddc0\",\r\n  \"tags\": {},\r\n  \"sku\": {\r\n    \"name\": \"S1\",\r\n    \"tier\": \"Standard\"\r\n  }\r\n}",
      "StatusCode": 200
    },
    {
      "RequestUri": "/subscriptions/91d12660-3dec-467a-be2a-213b5544ddc0/resourceGroups/ps1071/providers/Microsoft.Devices/provisioningServices/ps9319?api-version=2017-11-15",
      "EncodedRequestUri": "L3N1YnNjcmlwdGlvbnMvOTFkMTI2NjAtM2RlYy00NjdhLWJlMmEtMjEzYjU1NDRkZGMwL3Jlc291cmNlR3JvdXBzL3BzMTA3MS9wcm92aWRlcnMvTWljcm9zb2Z0LkRldmljZXMvcHJvdmlzaW9uaW5nU2VydmljZXMvcHM5MzE5P2FwaS12ZXJzaW9uPTIwMTctMTEtMTU=",
      "RequestMethod": "GET",
      "RequestBody": "",
      "RequestHeaders": {
        "x-ms-client-request-id": [
          "57942eb4-ce54-49e8-b471-82ee3c5be898"
        ],
        "Accept-Language": [
          "en-US"
        ],
        "User-Agent": [
          "FxVersion/4.6.28619.01",
          "OSName/Windows",
          "OSVersion/Microsoft.Windows.10.0.18363.",
          "Microsoft.Azure.Management.DeviceProvisioningServices.IotDpsClient/1.0.0.0"
        ]
      },
      "ResponseHeaders": {
        "Cache-Control": [
          "no-cache"
        ],
        "Pragma": [
          "no-cache"
        ],
        "Server": [
          "Microsoft-HTTPAPI/2.0"
        ],
        "x-ms-ratelimit-remaining-subscription-reads": [
          "11995"
        ],
        "x-ms-request-id": [
          "d24ad65b-2298-4ec9-9e79-4b92c54b7270"
        ],
        "x-ms-correlation-request-id": [
          "d24ad65b-2298-4ec9-9e79-4b92c54b7270"
        ],
        "x-ms-routing-request-id": [
          "WESTUS2:20200819T043612Z:d24ad65b-2298-4ec9-9e79-4b92c54b7270"
        ],
        "Strict-Transport-Security": [
          "max-age=31536000; includeSubDomains"
        ],
        "X-Content-Type-Options": [
          "nosniff"
        ],
        "Date": [
          "Wed, 19 Aug 2020 04:36:12 GMT"
        ],
        "Content-Length": [
          "833"
        ],
        "Content-Type": [
          "application/json; charset=utf-8"
        ],
        "Expires": [
          "-1"
        ]
      },
      "ResponseBody": "{\r\n  \"etag\": \"AAAAAAQxo8s=\",\r\n  \"name\": \"ps9319\",\r\n  \"location\": \"West US\",\r\n  \"properties\": {\r\n    \"state\": \"Active\",\r\n    \"provisioningState\": \"Succeeded\",\r\n    \"iotHubs\": [\r\n      {\r\n        \"applyAllocationPolicy\": false,\r\n        \"name\": \"ps2629.azure-devices.net\",\r\n        \"connectionString\": \"HostName=ps2629.azure-devices.net;SharedAccessKeyName=ServiceKey;SharedAccessKey=****\",\r\n        \"location\": \"West US\"\r\n      }\r\n    ],\r\n    \"allocationPolicy\": \"Hashed\",\r\n    \"serviceOperationsHostName\": \"ps9319.azure-devices-provisioning.net\",\r\n    \"deviceProvisioningHostName\": \"global.azure-devices-provisioning.net\",\r\n    \"idScope\": \"0ne0015BE23\"\r\n  },\r\n  \"resourcegroup\": \"ps1071\",\r\n  \"type\": \"Microsoft.Devices/provisioningServices\",\r\n  \"id\": \"/subscriptions/91d12660-3dec-467a-be2a-213b5544ddc0/resourceGroups/ps1071/providers/Microsoft.Devices/provisioningServices/ps9319\",\r\n  \"subscriptionid\": \"91d12660-3dec-467a-be2a-213b5544ddc0\",\r\n  \"tags\": {},\r\n  \"sku\": {\r\n    \"name\": \"S1\",\r\n    \"tier\": \"Standard\"\r\n  }\r\n}",
      "StatusCode": 200
    },
    {
      "RequestUri": "/subscriptions/91d12660-3dec-467a-be2a-213b5544ddc0/resourceGroups/ps1071/providers/Microsoft.Devices/provisioningServices/ps9319?api-version=2017-11-15",
      "EncodedRequestUri": "L3N1YnNjcmlwdGlvbnMvOTFkMTI2NjAtM2RlYy00NjdhLWJlMmEtMjEzYjU1NDRkZGMwL3Jlc291cmNlR3JvdXBzL3BzMTA3MS9wcm92aWRlcnMvTWljcm9zb2Z0LkRldmljZXMvcHJvdmlzaW9uaW5nU2VydmljZXMvcHM5MzE5P2FwaS12ZXJzaW9uPTIwMTctMTEtMTU=",
      "RequestMethod": "GET",
      "RequestBody": "",
      "RequestHeaders": {
        "User-Agent": [
          "FxVersion/4.6.28619.01",
          "OSName/Windows",
          "OSVersion/Microsoft.Windows.10.0.18363.",
          "Microsoft.Azure.Management.DeviceProvisioningServices.IotDpsClient/1.0.0.0"
        ]
      },
      "ResponseHeaders": {
        "Cache-Control": [
          "no-cache"
        ],
        "Pragma": [
          "no-cache"
        ],
        "Server": [
          "Microsoft-HTTPAPI/2.0"
        ],
        "x-ms-ratelimit-remaining-subscription-reads": [
          "11993"
        ],
        "x-ms-request-id": [
          "26255167-be38-4229-9e63-ffbf004d9b78"
        ],
        "x-ms-correlation-request-id": [
          "26255167-be38-4229-9e63-ffbf004d9b78"
        ],
        "x-ms-routing-request-id": [
          "WESTUS2:20200819T043644Z:26255167-be38-4229-9e63-ffbf004d9b78"
        ],
        "Strict-Transport-Security": [
          "max-age=31536000; includeSubDomains"
        ],
        "X-Content-Type-Options": [
          "nosniff"
        ],
        "Date": [
          "Wed, 19 Aug 2020 04:36:43 GMT"
        ],
        "Content-Length": [
          "855"
        ],
        "Content-Type": [
          "application/json; charset=utf-8"
        ],
        "Expires": [
          "-1"
        ]
      },
      "ResponseBody": "{\r\n  \"etag\": \"AAAAAAQxpBc=\",\r\n  \"name\": \"ps9319\",\r\n  \"location\": \"West US\",\r\n  \"properties\": {\r\n    \"state\": \"Active\",\r\n    \"provisioningState\": \"Succeeded\",\r\n    \"iotHubs\": [\r\n      {\r\n        \"applyAllocationPolicy\": false,\r\n        \"allocationWeight\": 10,\r\n        \"name\": \"ps2629.azure-devices.net\",\r\n        \"connectionString\": \"HostName=ps2629.azure-devices.net;SharedAccessKeyName=ServiceKey;SharedAccessKey=****\",\r\n        \"location\": \"West US\"\r\n      }\r\n    ],\r\n    \"allocationPolicy\": \"Hashed\",\r\n    \"serviceOperationsHostName\": \"ps9319.azure-devices-provisioning.net\",\r\n    \"deviceProvisioningHostName\": \"global.azure-devices-provisioning.net\",\r\n    \"idScope\": \"0ne0015BE23\"\r\n  },\r\n  \"resourcegroup\": \"ps1071\",\r\n  \"type\": \"Microsoft.Devices/provisioningServices\",\r\n  \"id\": \"/subscriptions/91d12660-3dec-467a-be2a-213b5544ddc0/resourceGroups/ps1071/providers/Microsoft.Devices/provisioningServices/ps9319\",\r\n  \"subscriptionid\": \"91d12660-3dec-467a-be2a-213b5544ddc0\",\r\n  \"tags\": {},\r\n  \"sku\": {\r\n    \"name\": \"S1\",\r\n    \"tier\": \"Standard\"\r\n  }\r\n}",
      "StatusCode": 200
    },
    {
      "RequestUri": "/subscriptions/91d12660-3dec-467a-be2a-213b5544ddc0/resourceGroups/ps1071/providers/Microsoft.Devices/provisioningServices/ps9319?api-version=2017-11-15",
      "EncodedRequestUri": "L3N1YnNjcmlwdGlvbnMvOTFkMTI2NjAtM2RlYy00NjdhLWJlMmEtMjEzYjU1NDRkZGMwL3Jlc291cmNlR3JvdXBzL3BzMTA3MS9wcm92aWRlcnMvTWljcm9zb2Z0LkRldmljZXMvcHJvdmlzaW9uaW5nU2VydmljZXMvcHM5MzE5P2FwaS12ZXJzaW9uPTIwMTctMTEtMTU=",
      "RequestMethod": "GET",
      "RequestBody": "",
      "RequestHeaders": {
        "x-ms-client-request-id": [
          "58e0c3ea-e990-4247-8564-92bb5e431c8d"
        ],
        "Accept-Language": [
          "en-US"
        ],
        "User-Agent": [
          "FxVersion/4.6.28619.01",
          "OSName/Windows",
          "OSVersion/Microsoft.Windows.10.0.18363.",
          "Microsoft.Azure.Management.DeviceProvisioningServices.IotDpsClient/1.0.0.0"
        ]
      },
      "ResponseHeaders": {
        "Cache-Control": [
          "no-cache"
        ],
        "Pragma": [
          "no-cache"
        ],
        "Server": [
          "Microsoft-HTTPAPI/2.0"
        ],
        "x-ms-ratelimit-remaining-subscription-reads": [
          "11992"
        ],
        "x-ms-request-id": [
          "15be6d80-6112-47b0-aba2-98128be37a97"
        ],
        "x-ms-correlation-request-id": [
          "15be6d80-6112-47b0-aba2-98128be37a97"
        ],
        "x-ms-routing-request-id": [
          "WESTUS2:20200819T043644Z:15be6d80-6112-47b0-aba2-98128be37a97"
        ],
        "Strict-Transport-Security": [
          "max-age=31536000; includeSubDomains"
        ],
        "X-Content-Type-Options": [
          "nosniff"
        ],
        "Date": [
          "Wed, 19 Aug 2020 04:36:43 GMT"
        ],
        "Content-Length": [
          "855"
        ],
        "Content-Type": [
          "application/json; charset=utf-8"
        ],
        "Expires": [
          "-1"
        ]
      },
      "ResponseBody": "{\r\n  \"etag\": \"AAAAAAQxpBc=\",\r\n  \"name\": \"ps9319\",\r\n  \"location\": \"West US\",\r\n  \"properties\": {\r\n    \"state\": \"Active\",\r\n    \"provisioningState\": \"Succeeded\",\r\n    \"iotHubs\": [\r\n      {\r\n        \"applyAllocationPolicy\": false,\r\n        \"allocationWeight\": 10,\r\n        \"name\": \"ps2629.azure-devices.net\",\r\n        \"connectionString\": \"HostName=ps2629.azure-devices.net;SharedAccessKeyName=ServiceKey;SharedAccessKey=****\",\r\n        \"location\": \"West US\"\r\n      }\r\n    ],\r\n    \"allocationPolicy\": \"Hashed\",\r\n    \"serviceOperationsHostName\": \"ps9319.azure-devices-provisioning.net\",\r\n    \"deviceProvisioningHostName\": \"global.azure-devices-provisioning.net\",\r\n    \"idScope\": \"0ne0015BE23\"\r\n  },\r\n  \"resourcegroup\": \"ps1071\",\r\n  \"type\": \"Microsoft.Devices/provisioningServices\",\r\n  \"id\": \"/subscriptions/91d12660-3dec-467a-be2a-213b5544ddc0/resourceGroups/ps1071/providers/Microsoft.Devices/provisioningServices/ps9319\",\r\n  \"subscriptionid\": \"91d12660-3dec-467a-be2a-213b5544ddc0\",\r\n  \"tags\": {},\r\n  \"sku\": {\r\n    \"name\": \"S1\",\r\n    \"tier\": \"Standard\"\r\n  }\r\n}",
      "StatusCode": 200
    },
    {
      "RequestUri": "/subscriptions/91d12660-3dec-467a-be2a-213b5544ddc0/resourceGroups/ps1071/providers/Microsoft.Devices/provisioningServices/ps9319?api-version=2017-11-15",
      "EncodedRequestUri": "L3N1YnNjcmlwdGlvbnMvOTFkMTI2NjAtM2RlYy00NjdhLWJlMmEtMjEzYjU1NDRkZGMwL3Jlc291cmNlR3JvdXBzL3BzMTA3MS9wcm92aWRlcnMvTWljcm9zb2Z0LkRldmljZXMvcHJvdmlzaW9uaW5nU2VydmljZXMvcHM5MzE5P2FwaS12ZXJzaW9uPTIwMTctMTEtMTU=",
      "RequestMethod": "GET",
      "RequestBody": "",
      "RequestHeaders": {
        "x-ms-client-request-id": [
          "4363efe1-2d83-4eb3-a816-cf59024b08ef"
        ],
        "Accept-Language": [
          "en-US"
        ],
        "User-Agent": [
          "FxVersion/4.6.28619.01",
          "OSName/Windows",
          "OSVersion/Microsoft.Windows.10.0.18363.",
          "Microsoft.Azure.Management.DeviceProvisioningServices.IotDpsClient/1.0.0.0"
        ]
      },
      "ResponseHeaders": {
        "Cache-Control": [
          "no-cache"
        ],
        "Pragma": [
          "no-cache"
        ],
        "Server": [
          "Microsoft-HTTPAPI/2.0"
        ],
        "x-ms-ratelimit-remaining-subscription-reads": [
          "11991"
        ],
        "x-ms-request-id": [
          "a25eeba9-988e-4b04-8f50-e3dbfda3cd3a"
        ],
        "x-ms-correlation-request-id": [
          "a25eeba9-988e-4b04-8f50-e3dbfda3cd3a"
        ],
        "x-ms-routing-request-id": [
          "WESTUS2:20200819T043644Z:a25eeba9-988e-4b04-8f50-e3dbfda3cd3a"
        ],
        "Strict-Transport-Security": [
          "max-age=31536000; includeSubDomains"
        ],
        "X-Content-Type-Options": [
          "nosniff"
        ],
        "Date": [
          "Wed, 19 Aug 2020 04:36:43 GMT"
        ],
        "Content-Length": [
          "855"
        ],
        "Content-Type": [
          "application/json; charset=utf-8"
        ],
        "Expires": [
          "-1"
        ]
      },
      "ResponseBody": "{\r\n  \"etag\": \"AAAAAAQxpBc=\",\r\n  \"name\": \"ps9319\",\r\n  \"location\": \"West US\",\r\n  \"properties\": {\r\n    \"state\": \"Active\",\r\n    \"provisioningState\": \"Succeeded\",\r\n    \"iotHubs\": [\r\n      {\r\n        \"applyAllocationPolicy\": false,\r\n        \"allocationWeight\": 10,\r\n        \"name\": \"ps2629.azure-devices.net\",\r\n        \"connectionString\": \"HostName=ps2629.azure-devices.net;SharedAccessKeyName=ServiceKey;SharedAccessKey=****\",\r\n        \"location\": \"West US\"\r\n      }\r\n    ],\r\n    \"allocationPolicy\": \"Hashed\",\r\n    \"serviceOperationsHostName\": \"ps9319.azure-devices-provisioning.net\",\r\n    \"deviceProvisioningHostName\": \"global.azure-devices-provisioning.net\",\r\n    \"idScope\": \"0ne0015BE23\"\r\n  },\r\n  \"resourcegroup\": \"ps1071\",\r\n  \"type\": \"Microsoft.Devices/provisioningServices\",\r\n  \"id\": \"/subscriptions/91d12660-3dec-467a-be2a-213b5544ddc0/resourceGroups/ps1071/providers/Microsoft.Devices/provisioningServices/ps9319\",\r\n  \"subscriptionid\": \"91d12660-3dec-467a-be2a-213b5544ddc0\",\r\n  \"tags\": {},\r\n  \"sku\": {\r\n    \"name\": \"S1\",\r\n    \"tier\": \"Standard\"\r\n  }\r\n}",
      "StatusCode": 200
    },
    {
      "RequestUri": "/subscriptions/91d12660-3dec-467a-be2a-213b5544ddc0/resourceGroups/ps1071/providers/Microsoft.Devices/provisioningServices/ps9319?api-version=2017-11-15",
      "EncodedRequestUri": "L3N1YnNjcmlwdGlvbnMvOTFkMTI2NjAtM2RlYy00NjdhLWJlMmEtMjEzYjU1NDRkZGMwL3Jlc291cmNlR3JvdXBzL3BzMTA3MS9wcm92aWRlcnMvTWljcm9zb2Z0LkRldmljZXMvcHJvdmlzaW9uaW5nU2VydmljZXMvcHM5MzE5P2FwaS12ZXJzaW9uPTIwMTctMTEtMTU=",
      "RequestMethod": "GET",
      "RequestBody": "",
      "RequestHeaders": {
        "x-ms-client-request-id": [
          "52a3a849-8674-4e47-8e4e-6f348fc0a9af"
        ],
        "Accept-Language": [
          "en-US"
        ],
        "User-Agent": [
          "FxVersion/4.6.28619.01",
          "OSName/Windows",
          "OSVersion/Microsoft.Windows.10.0.18363.",
          "Microsoft.Azure.Management.DeviceProvisioningServices.IotDpsClient/1.0.0.0"
        ]
      },
      "ResponseHeaders": {
        "Cache-Control": [
          "no-cache"
        ],
        "Pragma": [
          "no-cache"
        ],
        "Server": [
          "Microsoft-HTTPAPI/2.0"
        ],
        "x-ms-ratelimit-remaining-subscription-reads": [
          "11990"
        ],
        "x-ms-request-id": [
          "c6291413-678b-4f3a-8c10-0fe28da4539b"
        ],
        "x-ms-correlation-request-id": [
          "c6291413-678b-4f3a-8c10-0fe28da4539b"
        ],
        "x-ms-routing-request-id": [
          "WESTUS2:20200819T043644Z:c6291413-678b-4f3a-8c10-0fe28da4539b"
        ],
        "Strict-Transport-Security": [
          "max-age=31536000; includeSubDomains"
        ],
        "X-Content-Type-Options": [
          "nosniff"
        ],
        "Date": [
          "Wed, 19 Aug 2020 04:36:43 GMT"
        ],
        "Content-Length": [
          "855"
        ],
        "Content-Type": [
          "application/json; charset=utf-8"
        ],
        "Expires": [
          "-1"
        ]
      },
      "ResponseBody": "{\r\n  \"etag\": \"AAAAAAQxpBc=\",\r\n  \"name\": \"ps9319\",\r\n  \"location\": \"West US\",\r\n  \"properties\": {\r\n    \"state\": \"Active\",\r\n    \"provisioningState\": \"Succeeded\",\r\n    \"iotHubs\": [\r\n      {\r\n        \"applyAllocationPolicy\": false,\r\n        \"allocationWeight\": 10,\r\n        \"name\": \"ps2629.azure-devices.net\",\r\n        \"connectionString\": \"HostName=ps2629.azure-devices.net;SharedAccessKeyName=ServiceKey;SharedAccessKey=****\",\r\n        \"location\": \"West US\"\r\n      }\r\n    ],\r\n    \"allocationPolicy\": \"Hashed\",\r\n    \"serviceOperationsHostName\": \"ps9319.azure-devices-provisioning.net\",\r\n    \"deviceProvisioningHostName\": \"global.azure-devices-provisioning.net\",\r\n    \"idScope\": \"0ne0015BE23\"\r\n  },\r\n  \"resourcegroup\": \"ps1071\",\r\n  \"type\": \"Microsoft.Devices/provisioningServices\",\r\n  \"id\": \"/subscriptions/91d12660-3dec-467a-be2a-213b5544ddc0/resourceGroups/ps1071/providers/Microsoft.Devices/provisioningServices/ps9319\",\r\n  \"subscriptionid\": \"91d12660-3dec-467a-be2a-213b5544ddc0\",\r\n  \"tags\": {},\r\n  \"sku\": {\r\n    \"name\": \"S1\",\r\n    \"tier\": \"Standard\"\r\n  }\r\n}",
      "StatusCode": 200
    },
    {
      "RequestUri": "/subscriptions/91d12660-3dec-467a-be2a-213b5544ddc0/resourceGroups/ps1071/providers/Microsoft.Devices/provisioningServices/ps9319?api-version=2017-11-15",
      "EncodedRequestUri": "L3N1YnNjcmlwdGlvbnMvOTFkMTI2NjAtM2RlYy00NjdhLWJlMmEtMjEzYjU1NDRkZGMwL3Jlc291cmNlR3JvdXBzL3BzMTA3MS9wcm92aWRlcnMvTWljcm9zb2Z0LkRldmljZXMvcHJvdmlzaW9uaW5nU2VydmljZXMvcHM5MzE5P2FwaS12ZXJzaW9uPTIwMTctMTEtMTU=",
      "RequestMethod": "GET",
      "RequestBody": "",
      "RequestHeaders": {
        "x-ms-client-request-id": [
          "9b9ec8ff-89db-43cc-8191-f2de7c49ed3c"
        ],
        "Accept-Language": [
          "en-US"
        ],
        "User-Agent": [
          "FxVersion/4.6.28619.01",
          "OSName/Windows",
          "OSVersion/Microsoft.Windows.10.0.18363.",
          "Microsoft.Azure.Management.DeviceProvisioningServices.IotDpsClient/1.0.0.0"
        ]
      },
      "ResponseHeaders": {
        "Cache-Control": [
          "no-cache"
        ],
        "Pragma": [
          "no-cache"
        ],
        "Server": [
          "Microsoft-HTTPAPI/2.0"
        ],
        "x-ms-ratelimit-remaining-subscription-reads": [
          "11989"
        ],
        "x-ms-request-id": [
          "bbbc029d-74a2-44aa-be37-5056bd384643"
        ],
        "x-ms-correlation-request-id": [
          "bbbc029d-74a2-44aa-be37-5056bd384643"
        ],
        "x-ms-routing-request-id": [
          "WESTUS2:20200819T043644Z:bbbc029d-74a2-44aa-be37-5056bd384643"
        ],
        "Strict-Transport-Security": [
          "max-age=31536000; includeSubDomains"
        ],
        "X-Content-Type-Options": [
          "nosniff"
        ],
        "Date": [
          "Wed, 19 Aug 2020 04:36:44 GMT"
        ],
        "Content-Length": [
          "855"
        ],
        "Content-Type": [
          "application/json; charset=utf-8"
        ],
        "Expires": [
          "-1"
        ]
      },
      "ResponseBody": "{\r\n  \"etag\": \"AAAAAAQxpBc=\",\r\n  \"name\": \"ps9319\",\r\n  \"location\": \"West US\",\r\n  \"properties\": {\r\n    \"state\": \"Active\",\r\n    \"provisioningState\": \"Succeeded\",\r\n    \"iotHubs\": [\r\n      {\r\n        \"applyAllocationPolicy\": false,\r\n        \"allocationWeight\": 10,\r\n        \"name\": \"ps2629.azure-devices.net\",\r\n        \"connectionString\": \"HostName=ps2629.azure-devices.net;SharedAccessKeyName=ServiceKey;SharedAccessKey=****\",\r\n        \"location\": \"West US\"\r\n      }\r\n    ],\r\n    \"allocationPolicy\": \"Hashed\",\r\n    \"serviceOperationsHostName\": \"ps9319.azure-devices-provisioning.net\",\r\n    \"deviceProvisioningHostName\": \"global.azure-devices-provisioning.net\",\r\n    \"idScope\": \"0ne0015BE23\"\r\n  },\r\n  \"resourcegroup\": \"ps1071\",\r\n  \"type\": \"Microsoft.Devices/provisioningServices\",\r\n  \"id\": \"/subscriptions/91d12660-3dec-467a-be2a-213b5544ddc0/resourceGroups/ps1071/providers/Microsoft.Devices/provisioningServices/ps9319\",\r\n  \"subscriptionid\": \"91d12660-3dec-467a-be2a-213b5544ddc0\",\r\n  \"tags\": {},\r\n  \"sku\": {\r\n    \"name\": \"S1\",\r\n    \"tier\": \"Standard\"\r\n  }\r\n}",
      "StatusCode": 200
    },
    {
      "RequestUri": "/subscriptions/91d12660-3dec-467a-be2a-213b5544ddc0/resourceGroups/ps1071/providers/Microsoft.Devices/provisioningServices/ps9319?api-version=2017-11-15",
      "EncodedRequestUri": "L3N1YnNjcmlwdGlvbnMvOTFkMTI2NjAtM2RlYy00NjdhLWJlMmEtMjEzYjU1NDRkZGMwL3Jlc291cmNlR3JvdXBzL3BzMTA3MS9wcm92aWRlcnMvTWljcm9zb2Z0LkRldmljZXMvcHJvdmlzaW9uaW5nU2VydmljZXMvcHM5MzE5P2FwaS12ZXJzaW9uPTIwMTctMTEtMTU=",
      "RequestMethod": "GET",
      "RequestBody": "",
      "RequestHeaders": {
        "User-Agent": [
          "FxVersion/4.6.28619.01",
          "OSName/Windows",
          "OSVersion/Microsoft.Windows.10.0.18363.",
          "Microsoft.Azure.Management.DeviceProvisioningServices.IotDpsClient/1.0.0.0"
        ]
      },
      "ResponseHeaders": {
        "Cache-Control": [
          "no-cache"
        ],
        "Pragma": [
          "no-cache"
        ],
        "Server": [
          "Microsoft-HTTPAPI/2.0"
        ],
        "x-ms-ratelimit-remaining-subscription-reads": [
          "11986"
        ],
        "x-ms-request-id": [
          "6ae1e448-fe10-440c-8811-6bfa99061fb3"
        ],
        "x-ms-correlation-request-id": [
          "6ae1e448-fe10-440c-8811-6bfa99061fb3"
        ],
        "x-ms-routing-request-id": [
          "WESTUS2:20200819T043747Z:6ae1e448-fe10-440c-8811-6bfa99061fb3"
        ],
        "Strict-Transport-Security": [
          "max-age=31536000; includeSubDomains"
        ],
        "X-Content-Type-Options": [
          "nosniff"
        ],
        "Date": [
          "Wed, 19 Aug 2020 04:37:46 GMT"
        ],
        "Content-Length": [
          "640"
        ],
        "Content-Type": [
          "application/json; charset=utf-8"
        ],
        "Expires": [
          "-1"
        ]
      },
      "ResponseBody": "{\r\n  \"etag\": \"AAAAAAQxpFs=\",\r\n  \"name\": \"ps9319\",\r\n  \"location\": \"West US\",\r\n  \"properties\": {\r\n    \"state\": \"Active\",\r\n    \"provisioningState\": \"Succeeded\",\r\n    \"iotHubs\": [],\r\n    \"allocationPolicy\": \"Hashed\",\r\n    \"serviceOperationsHostName\": \"ps9319.azure-devices-provisioning.net\",\r\n    \"deviceProvisioningHostName\": \"global.azure-devices-provisioning.net\",\r\n    \"idScope\": \"0ne0015BE23\"\r\n  },\r\n  \"resourcegroup\": \"ps1071\",\r\n  \"type\": \"Microsoft.Devices/provisioningServices\",\r\n  \"id\": \"/subscriptions/91d12660-3dec-467a-be2a-213b5544ddc0/resourceGroups/ps1071/providers/Microsoft.Devices/provisioningServices/ps9319\",\r\n  \"subscriptionid\": \"91d12660-3dec-467a-be2a-213b5544ddc0\",\r\n  \"tags\": {},\r\n  \"sku\": {\r\n    \"name\": \"S1\",\r\n    \"tier\": \"Standard\"\r\n  }\r\n}",
      "StatusCode": 200
    },
    {
      "RequestUri": "/subscriptions/91d12660-3dec-467a-be2a-213b5544ddc0/resourceGroups/ps1071/providers/Microsoft.Devices/IotHubs/ps2629?api-version=2019-07-01-preview",
      "EncodedRequestUri": "L3N1YnNjcmlwdGlvbnMvOTFkMTI2NjAtM2RlYy00NjdhLWJlMmEtMjEzYjU1NDRkZGMwL3Jlc291cmNlR3JvdXBzL3BzMTA3MS9wcm92aWRlcnMvTWljcm9zb2Z0LkRldmljZXMvSW90SHVicy9wczI2Mjk/YXBpLXZlcnNpb249MjAxOS0wNy0wMS1wcmV2aWV3",
      "RequestMethod": "PUT",
      "RequestBody": "{\r\n  \"sku\": {\r\n    \"name\": \"S1\",\r\n    \"capacity\": 1\r\n  },\r\n  \"location\": \"West US\"\r\n}",
      "RequestHeaders": {
        "x-ms-client-request-id": [
          "0da2331f-23e1-413a-990e-f81405b6ce00"
        ],
        "Accept-Language": [
          "en-US"
        ],
        "User-Agent": [
          "FxVersion/4.6.28619.01",
          "OSName/Windows",
          "OSVersion/Microsoft.Windows.10.0.18363.",
          "Microsoft.Azure.Management.IotHub.IotHubClient/2.10.0.0"
        ],
        "Content-Type": [
          "application/json; charset=utf-8"
        ],
        "Content-Length": [
          "85"
        ]
      },
      "ResponseHeaders": {
        "Cache-Control": [
          "no-cache"
        ],
        "Pragma": [
          "no-cache"
        ],
        "Azure-AsyncOperation": [
          "https://management.azure.com/subscriptions/91d12660-3dec-467a-be2a-213b5544ddc0/providers/Microsoft.Devices/operationResults/b3NfaWhfYmVmOGRhM2QtMTdkMy00NTU4LWE2YTgtMDM2ZjMxYzU3MDI0?api-version=2019-07-01-preview&operationSource=os_ih&asyncinfo"
        ],
        "Server": [
          "Microsoft-HTTPAPI/2.0"
        ],
        "x-ms-ratelimit-remaining-subscription-resource-requests": [
          "4999"
        ],
        "x-ms-request-id": [
          "68235b5b-9cbe-4669-8fee-d79214e767c5"
        ],
        "x-ms-correlation-request-id": [
          "68235b5b-9cbe-4669-8fee-d79214e767c5"
        ],
        "x-ms-routing-request-id": [
          "WESTUS2:20200819T043301Z:68235b5b-9cbe-4669-8fee-d79214e767c5"
        ],
        "Strict-Transport-Security": [
          "max-age=31536000; includeSubDomains"
        ],
        "X-Content-Type-Options": [
          "nosniff"
        ],
        "Date": [
          "Wed, 19 Aug 2020 04:33:01 GMT"
        ],
        "Content-Length": [
          "619"
        ],
        "Content-Type": [
          "application/json; charset=utf-8"
        ],
        "Expires": [
          "-1"
        ]
      },
      "ResponseBody": "{\r\n  \"id\": \"/subscriptions/91d12660-3dec-467a-be2a-213b5544ddc0/resourceGroups/ps1071/providers/Microsoft.Devices/IotHubs/ps2629\",\r\n  \"name\": \"ps2629\",\r\n  \"type\": \"Microsoft.Devices/IotHubs\",\r\n  \"location\": \"West US\",\r\n  \"tags\": {},\r\n  \"subscriptionid\": \"91d12660-3dec-467a-be2a-213b5544ddc0\",\r\n  \"resourcegroup\": \"ps1071\",\r\n  \"properties\": {\r\n    \"state\": \"Activating\",\r\n    \"provisioningState\": \"Accepted\",\r\n    \"enableFileUploadNotifications\": false,\r\n    \"cloudToDevice\": {\r\n      \"maxDeliveryCount\": 10,\r\n      \"defaultTtlAsIso8601\": \"PT1H\",\r\n      \"feedback\": {\r\n        \"lockDurationAsIso8601\": \"PT1M\",\r\n        \"ttlAsIso8601\": \"PT1H\",\r\n        \"maxDeliveryCount\": 10\r\n      }\r\n    },\r\n    \"features\": \"None\"\r\n  },\r\n  \"sku\": {\r\n    \"name\": \"S1\",\r\n    \"tier\": \"Standard\",\r\n    \"capacity\": 1\r\n  }\r\n}",
      "StatusCode": 201
    },
    {
      "RequestUri": "/subscriptions/91d12660-3dec-467a-be2a-213b5544ddc0/resourceGroups/ps1071/providers/Microsoft.Devices/IotHubs/ps2629?api-version=2019-07-01-preview",
      "EncodedRequestUri": "L3N1YnNjcmlwdGlvbnMvOTFkMTI2NjAtM2RlYy00NjdhLWJlMmEtMjEzYjU1NDRkZGMwL3Jlc291cmNlR3JvdXBzL3BzMTA3MS9wcm92aWRlcnMvTWljcm9zb2Z0LkRldmljZXMvSW90SHVicy9wczI2Mjk/YXBpLXZlcnNpb249MjAxOS0wNy0wMS1wcmV2aWV3",
      "RequestMethod": "PUT",
      "RequestBody": "{\r\n  \"etag\": \"AAAAARWCYBM=\",\r\n  \"properties\": {\r\n    \"authorizationPolicies\": [\r\n      {\r\n        \"keyName\": \"iothubowner\",\r\n        \"primaryKey\": \"MYWgxKHKrJHSrXE13EuGMCyPn80wp9etmf5k8w+eCls=\",\r\n        \"secondaryKey\": \"4RrSz9KULdarCENy1gQgWbdcMFFVm9XNPHNFM2p58HA=\",\r\n        \"rights\": \"RegistryWrite, ServiceConnect, DeviceConnect\"\r\n      },\r\n      {\r\n        \"keyName\": \"service\",\r\n        \"primaryKey\": \"rH2EfEvYW74LfmQbtbcySx6gKgI9ixbM0iAFbXMqXqA=\",\r\n        \"secondaryKey\": \"f8YVIhiTX5bo0YquwXH7ku86SEzEk/uXxyd1i1U74EA=\",\r\n        \"rights\": \"ServiceConnect\"\r\n      },\r\n      {\r\n        \"keyName\": \"device\",\r\n        \"primaryKey\": \"3ZGyadDmGaEqGUNJVoQut/KkwVJ+pxvfby6kBu41qRk=\",\r\n        \"secondaryKey\": \"KnLIN6h9lngYyRNlJQUFSM/4S0PWM+X9d/WtQG+MFtI=\",\r\n        \"rights\": \"DeviceConnect\"\r\n      },\r\n      {\r\n        \"keyName\": \"registryRead\",\r\n        \"primaryKey\": \"nmA9bWv8qKSuWW41l++FX4DuojgitfMdWImAAVqAL94=\",\r\n        \"secondaryKey\": \"cerdLKy9OBP6HBd9NKj6unqaW9vbIB85hkOzTRG2nwE=\",\r\n        \"rights\": \"RegistryRead\"\r\n      },\r\n      {\r\n        \"keyName\": \"registryReadWrite\",\r\n        \"primaryKey\": \"YUBqNuJf7m4qcWuf/5fUbLWy50TOKwgfPW1Y+keFFMw=\",\r\n        \"secondaryKey\": \"TZFlBYMg4PEYKWaZqPpiN0rcq3BCjDFuNcp/fgvRIFQ=\",\r\n        \"rights\": \"RegistryWrite\"\r\n      },\r\n      {\r\n        \"keyName\": \"ServiceKey\",\r\n        \"rights\": \"ServiceConnect\"\r\n      }\r\n    ],\r\n    \"ipFilterRules\": [],\r\n    \"eventHubEndpoints\": {\r\n      \"events\": {\r\n        \"retentionTimeInDays\": 1,\r\n        \"partitionCount\": 4\r\n      }\r\n    },\r\n    \"routing\": {\r\n      \"endpoints\": {\r\n        \"serviceBusQueues\": [],\r\n        \"serviceBusTopics\": [],\r\n        \"eventHubs\": [],\r\n        \"storageContainers\": []\r\n      },\r\n      \"routes\": [],\r\n      \"fallbackRoute\": {\r\n        \"name\": \"$fallback\",\r\n        \"condition\": \"true\",\r\n        \"endpointNames\": [\r\n          \"events\"\r\n        ],\r\n        \"isEnabled\": true,\r\n        \"source\": \"DeviceMessages\"\r\n      }\r\n    },\r\n    \"storageEndpoints\": {\r\n      \"$default\": {\r\n        \"sasTtlAsIso8601\": \"PT1H\",\r\n        \"connectionString\": \"\",\r\n        \"containerName\": \"\"\r\n      }\r\n    },\r\n    \"messagingEndpoints\": {\r\n      \"fileNotifications\": {\r\n        \"lockDurationAsIso8601\": \"PT1M\",\r\n        \"ttlAsIso8601\": \"PT1H\",\r\n        \"maxDeliveryCount\": 10\r\n      }\r\n    },\r\n    \"enableFileUploadNotifications\": false,\r\n    \"cloudToDevice\": {\r\n      \"maxDeliveryCount\": 10,\r\n      \"defaultTtlAsIso8601\": \"PT1H\",\r\n      \"feedback\": {\r\n        \"lockDurationAsIso8601\": \"PT1M\",\r\n        \"ttlAsIso8601\": \"PT1H\",\r\n        \"maxDeliveryCount\": 10\r\n      }\r\n    },\r\n    \"features\": \"None\"\r\n  },\r\n  \"sku\": {\r\n    \"name\": \"S1\",\r\n    \"capacity\": 1\r\n  },\r\n  \"location\": \"West US\",\r\n  \"tags\": {}\r\n}",
      "RequestHeaders": {
        "x-ms-client-request-id": [
          "1a7f9244-a3e1-4899-a651-1eb399c1e41e"
        ],
        "Accept-Language": [
          "en-US"
        ],
        "User-Agent": [
          "FxVersion/4.6.28619.01",
          "OSName/Windows",
          "OSVersion/Microsoft.Windows.10.0.18363.",
          "Microsoft.Azure.Management.IotHub.IotHubClient/2.10.0.0"
        ],
        "Content-Type": [
          "application/json; charset=utf-8"
        ],
        "Content-Length": [
          "2704"
        ]
      },
      "ResponseHeaders": {
        "Cache-Control": [
          "no-cache"
        ],
        "Pragma": [
          "no-cache"
        ],
        "Azure-AsyncOperation": [
          "https://management.azure.com/subscriptions/91d12660-3dec-467a-be2a-213b5544ddc0/providers/Microsoft.Devices/operationResults/b3NfaWhfN2RhMTMxOTUtMzk0MC00NmVlLWE3ZTQtMGVkZTg0ZjgxNDk4?api-version=2019-07-01-preview&operationSource=os_ih&asyncinfo"
        ],
        "Server": [
          "Microsoft-HTTPAPI/2.0"
        ],
        "x-ms-ratelimit-remaining-subscription-resource-requests": [
          "4998"
        ],
        "x-ms-request-id": [
          "8b74d423-3347-46a7-b107-075bd9329345"
        ],
        "x-ms-correlation-request-id": [
          "8b74d423-3347-46a7-b107-075bd9329345"
        ],
        "x-ms-routing-request-id": [
          "WESTUS2:20200819T043508Z:8b74d423-3347-46a7-b107-075bd9329345"
        ],
        "Strict-Transport-Security": [
          "max-age=31536000; includeSubDomains"
        ],
        "X-Content-Type-Options": [
          "nosniff"
        ],
        "Date": [
          "Wed, 19 Aug 2020 04:35:07 GMT"
        ],
        "Content-Length": [
          "4100"
        ],
        "Content-Type": [
          "application/json; charset=utf-8"
        ],
        "Expires": [
          "-1"
        ]
      },
      "ResponseBody": "{\r\n  \"id\": \"/subscriptions/91d12660-3dec-467a-be2a-213b5544ddc0/resourceGroups/ps1071/providers/Microsoft.Devices/IotHubs/ps2629\",\r\n  \"name\": \"ps2629\",\r\n  \"type\": \"Microsoft.Devices/IotHubs\",\r\n  \"location\": \"West US\",\r\n  \"tags\": {},\r\n  \"subscriptionid\": \"91d12660-3dec-467a-be2a-213b5544ddc0\",\r\n  \"resourcegroup\": \"ps1071\",\r\n  \"etag\": \"AAAAARWCYBM=\",\r\n  \"properties\": {\r\n    \"operationsMonitoringProperties\": {\r\n      \"events\": {\r\n        \"None\": \"None\",\r\n        \"Connections\": \"None\",\r\n        \"DeviceTelemetry\": \"None\",\r\n        \"C2DCommands\": \"None\",\r\n        \"DeviceIdentityOperations\": \"None\",\r\n        \"FileUploadOperations\": \"None\",\r\n        \"Routes\": \"None\"\r\n      }\r\n    },\r\n    \"provisioningState\": \"Accepted\",\r\n    \"authorizationPolicies\": [\r\n      {\r\n        \"keyName\": \"iothubowner\",\r\n        \"primaryKey\": \"MYWgxKHKrJHSrXE13EuGMCyPn80wp9etmf5k8w+eCls=\",\r\n        \"secondaryKey\": \"4RrSz9KULdarCENy1gQgWbdcMFFVm9XNPHNFM2p58HA=\",\r\n        \"rights\": \"RegistryWrite, ServiceConnect, DeviceConnect\"\r\n      },\r\n      {\r\n        \"keyName\": \"service\",\r\n        \"primaryKey\": \"rH2EfEvYW74LfmQbtbcySx6gKgI9ixbM0iAFbXMqXqA=\",\r\n        \"secondaryKey\": \"f8YVIhiTX5bo0YquwXH7ku86SEzEk/uXxyd1i1U74EA=\",\r\n        \"rights\": \"ServiceConnect\"\r\n      },\r\n      {\r\n        \"keyName\": \"device\",\r\n        \"primaryKey\": \"3ZGyadDmGaEqGUNJVoQut/KkwVJ+pxvfby6kBu41qRk=\",\r\n        \"secondaryKey\": \"KnLIN6h9lngYyRNlJQUFSM/4S0PWM+X9d/WtQG+MFtI=\",\r\n        \"rights\": \"DeviceConnect\"\r\n      },\r\n      {\r\n        \"keyName\": \"registryRead\",\r\n        \"primaryKey\": \"nmA9bWv8qKSuWW41l++FX4DuojgitfMdWImAAVqAL94=\",\r\n        \"secondaryKey\": \"cerdLKy9OBP6HBd9NKj6unqaW9vbIB85hkOzTRG2nwE=\",\r\n        \"rights\": \"RegistryRead\"\r\n      },\r\n      {\r\n        \"keyName\": \"registryReadWrite\",\r\n        \"primaryKey\": \"YUBqNuJf7m4qcWuf/5fUbLWy50TOKwgfPW1Y+keFFMw=\",\r\n        \"secondaryKey\": \"TZFlBYMg4PEYKWaZqPpiN0rcq3BCjDFuNcp/fgvRIFQ=\",\r\n        \"rights\": \"RegistryWrite\"\r\n      },\r\n      {\r\n        \"keyName\": \"ServiceKey\",\r\n        \"primaryKey\": \"hba7h2Rd36BExq9Qk3hxQhQVzOEp4CrqvH+ZZJ3cA9Y=\",\r\n        \"secondaryKey\": \"pdElpQn9SCSPOANu8s5/uDRM2aZ5ix+Dj+hP+TrnCCM=\",\r\n        \"rights\": \"ServiceConnect\"\r\n      }\r\n    ],\r\n    \"ipFilterRules\": [],\r\n    \"eventHubEndpoints\": {\r\n      \"events\": {\r\n        \"retentionTimeInDays\": 1,\r\n        \"partitionCount\": 4\r\n      },\r\n      \"operationsMonitoringEvents\": {\r\n        \"retentionTimeInDays\": 1,\r\n        \"partitionCount\": 4,\r\n        \"partitionIds\": [\r\n          \"0\",\r\n          \"1\",\r\n          \"2\",\r\n          \"3\"\r\n        ],\r\n        \"path\": \"ps2629-operationmonitoring\",\r\n        \"endpoint\": \"sb://iothub-ns-ps2629-4126786-199bbbae35.servicebus.windows.net/\",\r\n        \"internalAuthorizationPolicies\": [\r\n          {\r\n            \"KeyName\": \"scaleunitsend-5840ce1f-ebf0-49f0-80ab-20fa0134e1e2-iothub\",\r\n            \"PrimaryKey\": \"6nb93FyaC0VIR7Gnh/yAJXGTf7w89wTl1cwjkXl0RKE=\",\r\n            \"SecondaryKey\": \"HkVDZK7tNzkHoZY1a95A2kcBiThAdxk7qpZ/Wyoj/5k=\",\r\n            \"ClaimType\": \"SharedAccessKey\",\r\n            \"ClaimValue\": \"None\",\r\n            \"Rights\": [\r\n              \"Send\"\r\n            ],\r\n            \"CreatedTime\": \"Wed, 19 Aug 2020 04:34:55 GMT\",\r\n            \"ModifiedTime\": \"Wed, 19 Aug 2020 04:34:55 GMT\"\r\n          },\r\n          {\r\n            \"KeyName\": \"owner-2f949527-c7f6-42c1-b818-11d25dfca6b5-iothub\",\r\n            \"PrimaryKey\": \"14GbBZc70Ka5+8hNTm43l1Jc0VomHk2+s72hBgPPM1o=\",\r\n            \"SecondaryKey\": \"P5dDOs0tALkGT5yvFhCdapCDuZmLdIE4QDrMR4m733E=\",\r\n            \"ClaimType\": \"SharedAccessKey\",\r\n            \"ClaimValue\": \"None\",\r\n            \"Rights\": [\r\n              \"Listen\",\r\n              \"Manage\",\r\n              \"Send\"\r\n            ],\r\n            \"CreatedTime\": \"Wed, 19 Aug 2020 04:34:55 GMT\",\r\n            \"ModifiedTime\": \"Wed, 19 Aug 2020 04:34:55 GMT\"\r\n          }\r\n        ],\r\n        \"authorizationPolicies\": [\r\n          {\r\n            \"KeyName\": \"iothubowner\",\r\n            \"PrimaryKey\": \"MYWgxKHKrJHSrXE13EuGMCyPn80wp9etmf5k8w+eCls=\",\r\n            \"SecondaryKey\": \"4RrSz9KULdarCENy1gQgWbdcMFFVm9XNPHNFM2p58HA=\",\r\n            \"ClaimType\": \"SharedAccessKey\",\r\n            \"ClaimValue\": \"None\",\r\n            \"Rights\": [\r\n              \"Listen\"\r\n            ],\r\n            \"CreatedTime\": \"Wed, 19 Aug 2020 04:34:55 GMT\",\r\n            \"ModifiedTime\": \"Wed, 19 Aug 2020 04:34:55 GMT\"\r\n          },\r\n          {\r\n            \"KeyName\": \"service\",\r\n            \"PrimaryKey\": \"rH2EfEvYW74LfmQbtbcySx6gKgI9ixbM0iAFbXMqXqA=\",\r\n            \"SecondaryKey\": \"f8YVIhiTX5bo0YquwXH7ku86SEzEk/uXxyd1i1U74EA=\",\r\n            \"ClaimType\": \"SharedAccessKey\",\r\n            \"ClaimValue\": \"None\",\r\n            \"Rights\": [\r\n              \"Listen\"\r\n            ],\r\n            \"CreatedTime\": \"Wed, 19 Aug 2020 04:34:55 GMT\",\r\n            \"ModifiedTime\": \"Wed, 19 Aug 2020 04:34:55 GMT\"\r\n          }\r\n        ]\r\n      }\r\n    },\r\n    \"routing\": {\r\n      \"endpoints\": {\r\n        \"serviceBusQueues\": [],\r\n        \"serviceBusTopics\": [],\r\n        \"eventHubs\": [],\r\n        \"storageContainers\": []\r\n      },\r\n      \"routes\": [],\r\n      \"fallbackRoute\": {\r\n        \"name\": \"$fallback\",\r\n        \"source\": \"DeviceMessages\",\r\n        \"condition\": \"true\",\r\n        \"endpointNames\": [\r\n          \"events\"\r\n        ],\r\n        \"isEnabled\": true\r\n      }\r\n    },\r\n    \"storageEndpoints\": {\r\n      \"$default\": {\r\n        \"sasTtlAsIso8601\": \"PT1H\",\r\n        \"connectionString\": \"\",\r\n        \"containerName\": \"\"\r\n      }\r\n    },\r\n    \"messagingEndpoints\": {\r\n      \"fileNotifications\": {\r\n        \"lockDurationAsIso8601\": \"PT1M\",\r\n        \"ttlAsIso8601\": \"PT1H\",\r\n        \"maxDeliveryCount\": 10\r\n      }\r\n    },\r\n    \"enableFileUploadNotifications\": false,\r\n    \"cloudToDevice\": {\r\n      \"maxDeliveryCount\": 10,\r\n      \"defaultTtlAsIso8601\": \"PT1H\",\r\n      \"feedback\": {\r\n        \"lockDurationAsIso8601\": \"PT1M\",\r\n        \"ttlAsIso8601\": \"PT1H\",\r\n        \"maxDeliveryCount\": 10\r\n      }\r\n    },\r\n    \"features\": \"None\"\r\n  },\r\n  \"sku\": {\r\n    \"name\": \"S1\",\r\n    \"tier\": \"Standard\",\r\n    \"capacity\": 1\r\n  }\r\n}",
      "StatusCode": 201
    },
    {
      "RequestUri": "/subscriptions/91d12660-3dec-467a-be2a-213b5544ddc0/providers/Microsoft.Devices/operationResults/b3NfaWhfYmVmOGRhM2QtMTdkMy00NTU4LWE2YTgtMDM2ZjMxYzU3MDI0?api-version=2019-07-01-preview&operationSource=os_ih&asyncinfo",
      "EncodedRequestUri": "L3N1YnNjcmlwdGlvbnMvOTFkMTI2NjAtM2RlYy00NjdhLWJlMmEtMjEzYjU1NDRkZGMwL3Byb3ZpZGVycy9NaWNyb3NvZnQuRGV2aWNlcy9vcGVyYXRpb25SZXN1bHRzL2IzTmZhV2hmWW1WbU9HUmhNMlF0TVRka015MDBOVFU0TFdFMllUZ3RNRE0yWmpNeFl6VTNNREkwP2FwaS12ZXJzaW9uPTIwMTktMDctMDEtcHJldmlldyZvcGVyYXRpb25Tb3VyY2U9b3NfaWgmYXN5bmNpbmZv",
      "RequestMethod": "GET",
      "RequestBody": "",
      "RequestHeaders": {
        "User-Agent": [
          "FxVersion/4.6.28619.01",
          "OSName/Windows",
          "OSVersion/Microsoft.Windows.10.0.18363.",
          "Microsoft.Azure.Management.IotHub.IotHubClient/2.10.0.0"
        ]
      },
      "ResponseHeaders": {
        "Cache-Control": [
          "no-cache"
        ],
        "Pragma": [
          "no-cache"
        ],
        "Server": [
          "Microsoft-HTTPAPI/2.0"
        ],
        "x-ms-ratelimit-remaining-subscription-reads": [
          "11999"
        ],
        "x-ms-request-id": [
          "895f0e13-26a6-49c9-ac7c-67447182962b"
        ],
        "x-ms-correlation-request-id": [
          "895f0e13-26a6-49c9-ac7c-67447182962b"
        ],
        "x-ms-routing-request-id": [
          "WESTUS2:20200819T043332Z:895f0e13-26a6-49c9-ac7c-67447182962b"
        ],
        "Strict-Transport-Security": [
          "max-age=31536000; includeSubDomains"
        ],
        "X-Content-Type-Options": [
          "nosniff"
        ],
        "Date": [
          "Wed, 19 Aug 2020 04:33:31 GMT"
        ],
        "Content-Length": [
          "20"
        ],
        "Content-Type": [
          "application/json; charset=utf-8"
        ],
        "Expires": [
          "-1"
        ]
      },
      "ResponseBody": "{\r\n  \"status\": \"Running\"\r\n}",
      "StatusCode": 200
    },
    {
      "RequestUri": "/subscriptions/91d12660-3dec-467a-be2a-213b5544ddc0/providers/Microsoft.Devices/operationResults/b3NfaWhfYmVmOGRhM2QtMTdkMy00NTU4LWE2YTgtMDM2ZjMxYzU3MDI0?api-version=2019-07-01-preview&operationSource=os_ih&asyncinfo",
      "EncodedRequestUri": "L3N1YnNjcmlwdGlvbnMvOTFkMTI2NjAtM2RlYy00NjdhLWJlMmEtMjEzYjU1NDRkZGMwL3Byb3ZpZGVycy9NaWNyb3NvZnQuRGV2aWNlcy9vcGVyYXRpb25SZXN1bHRzL2IzTmZhV2hmWW1WbU9HUmhNMlF0TVRka015MDBOVFU0TFdFMllUZ3RNRE0yWmpNeFl6VTNNREkwP2FwaS12ZXJzaW9uPTIwMTktMDctMDEtcHJldmlldyZvcGVyYXRpb25Tb3VyY2U9b3NfaWgmYXN5bmNpbmZv",
      "RequestMethod": "GET",
      "RequestBody": "",
      "RequestHeaders": {
        "User-Agent": [
          "FxVersion/4.6.28619.01",
          "OSName/Windows",
          "OSVersion/Microsoft.Windows.10.0.18363.",
          "Microsoft.Azure.Management.IotHub.IotHubClient/2.10.0.0"
        ]
      },
      "ResponseHeaders": {
        "Cache-Control": [
          "no-cache"
        ],
        "Pragma": [
          "no-cache"
        ],
        "Server": [
          "Microsoft-HTTPAPI/2.0"
        ],
        "x-ms-ratelimit-remaining-subscription-reads": [
          "11998"
        ],
        "x-ms-request-id": [
          "efa1f463-ec56-4593-9c3c-dd430ebf7505"
        ],
        "x-ms-correlation-request-id": [
          "efa1f463-ec56-4593-9c3c-dd430ebf7505"
        ],
        "x-ms-routing-request-id": [
          "WESTUS2:20200819T043402Z:efa1f463-ec56-4593-9c3c-dd430ebf7505"
        ],
        "Strict-Transport-Security": [
          "max-age=31536000; includeSubDomains"
        ],
        "X-Content-Type-Options": [
          "nosniff"
        ],
        "Date": [
          "Wed, 19 Aug 2020 04:34:01 GMT"
        ],
        "Content-Length": [
          "20"
        ],
        "Content-Type": [
          "application/json; charset=utf-8"
        ],
        "Expires": [
          "-1"
        ]
      },
      "ResponseBody": "{\r\n  \"status\": \"Running\"\r\n}",
      "StatusCode": 200
    },
    {
      "RequestUri": "/subscriptions/91d12660-3dec-467a-be2a-213b5544ddc0/providers/Microsoft.Devices/operationResults/b3NfaWhfYmVmOGRhM2QtMTdkMy00NTU4LWE2YTgtMDM2ZjMxYzU3MDI0?api-version=2019-07-01-preview&operationSource=os_ih&asyncinfo",
      "EncodedRequestUri": "L3N1YnNjcmlwdGlvbnMvOTFkMTI2NjAtM2RlYy00NjdhLWJlMmEtMjEzYjU1NDRkZGMwL3Byb3ZpZGVycy9NaWNyb3NvZnQuRGV2aWNlcy9vcGVyYXRpb25SZXN1bHRzL2IzTmZhV2hmWW1WbU9HUmhNMlF0TVRka015MDBOVFU0TFdFMllUZ3RNRE0yWmpNeFl6VTNNREkwP2FwaS12ZXJzaW9uPTIwMTktMDctMDEtcHJldmlldyZvcGVyYXRpb25Tb3VyY2U9b3NfaWgmYXN5bmNpbmZv",
      "RequestMethod": "GET",
      "RequestBody": "",
      "RequestHeaders": {
        "User-Agent": [
          "FxVersion/4.6.28619.01",
          "OSName/Windows",
          "OSVersion/Microsoft.Windows.10.0.18363.",
          "Microsoft.Azure.Management.IotHub.IotHubClient/2.10.0.0"
        ]
      },
      "ResponseHeaders": {
        "Cache-Control": [
          "no-cache"
        ],
        "Pragma": [
          "no-cache"
        ],
        "Server": [
          "Microsoft-HTTPAPI/2.0"
        ],
        "x-ms-ratelimit-remaining-subscription-reads": [
          "11997"
        ],
        "x-ms-request-id": [
          "686bcb66-c801-43f1-8381-302aab0ed352"
        ],
        "x-ms-correlation-request-id": [
          "686bcb66-c801-43f1-8381-302aab0ed352"
        ],
        "x-ms-routing-request-id": [
          "WESTUS2:20200819T043432Z:686bcb66-c801-43f1-8381-302aab0ed352"
        ],
        "Strict-Transport-Security": [
          "max-age=31536000; includeSubDomains"
        ],
        "X-Content-Type-Options": [
          "nosniff"
        ],
        "Date": [
          "Wed, 19 Aug 2020 04:34:32 GMT"
        ],
        "Content-Length": [
          "20"
        ],
        "Content-Type": [
          "application/json; charset=utf-8"
        ],
        "Expires": [
          "-1"
        ]
      },
      "ResponseBody": "{\r\n  \"status\": \"Running\"\r\n}",
      "StatusCode": 200
    },
    {
      "RequestUri": "/subscriptions/91d12660-3dec-467a-be2a-213b5544ddc0/providers/Microsoft.Devices/operationResults/b3NfaWhfYmVmOGRhM2QtMTdkMy00NTU4LWE2YTgtMDM2ZjMxYzU3MDI0?api-version=2019-07-01-preview&operationSource=os_ih&asyncinfo",
      "EncodedRequestUri": "L3N1YnNjcmlwdGlvbnMvOTFkMTI2NjAtM2RlYy00NjdhLWJlMmEtMjEzYjU1NDRkZGMwL3Byb3ZpZGVycy9NaWNyb3NvZnQuRGV2aWNlcy9vcGVyYXRpb25SZXN1bHRzL2IzTmZhV2hmWW1WbU9HUmhNMlF0TVRka015MDBOVFU0TFdFMllUZ3RNRE0yWmpNeFl6VTNNREkwP2FwaS12ZXJzaW9uPTIwMTktMDctMDEtcHJldmlldyZvcGVyYXRpb25Tb3VyY2U9b3NfaWgmYXN5bmNpbmZv",
      "RequestMethod": "GET",
      "RequestBody": "",
      "RequestHeaders": {
        "User-Agent": [
          "FxVersion/4.6.28619.01",
          "OSName/Windows",
          "OSVersion/Microsoft.Windows.10.0.18363.",
          "Microsoft.Azure.Management.IotHub.IotHubClient/2.10.0.0"
        ]
      },
      "ResponseHeaders": {
        "Cache-Control": [
          "no-cache"
        ],
        "Pragma": [
          "no-cache"
        ],
        "Server": [
          "Microsoft-HTTPAPI/2.0"
        ],
        "x-ms-ratelimit-remaining-subscription-reads": [
          "11996"
        ],
        "x-ms-request-id": [
          "1a2dd1b6-6d7f-4864-8f7a-785702655d42"
        ],
        "x-ms-correlation-request-id": [
          "1a2dd1b6-6d7f-4864-8f7a-785702655d42"
        ],
        "x-ms-routing-request-id": [
          "WESTUS2:20200819T043502Z:1a2dd1b6-6d7f-4864-8f7a-785702655d42"
        ],
        "Strict-Transport-Security": [
          "max-age=31536000; includeSubDomains"
        ],
        "X-Content-Type-Options": [
          "nosniff"
        ],
        "Date": [
          "Wed, 19 Aug 2020 04:35:02 GMT"
        ],
        "Content-Length": [
          "22"
        ],
        "Content-Type": [
          "application/json; charset=utf-8"
        ],
        "Expires": [
          "-1"
        ]
      },
      "ResponseBody": "{\r\n  \"status\": \"Succeeded\"\r\n}",
      "StatusCode": 200
    },
    {
      "RequestUri": "/subscriptions/91d12660-3dec-467a-be2a-213b5544ddc0/resourceGroups/ps1071/providers/Microsoft.Devices/IotHubs/ps2629?api-version=2019-07-01-preview",
      "EncodedRequestUri": "L3N1YnNjcmlwdGlvbnMvOTFkMTI2NjAtM2RlYy00NjdhLWJlMmEtMjEzYjU1NDRkZGMwL3Jlc291cmNlR3JvdXBzL3BzMTA3MS9wcm92aWRlcnMvTWljcm9zb2Z0LkRldmljZXMvSW90SHVicy9wczI2Mjk/YXBpLXZlcnNpb249MjAxOS0wNy0wMS1wcmV2aWV3",
      "RequestMethod": "GET",
      "RequestBody": "",
      "RequestHeaders": {
        "User-Agent": [
          "FxVersion/4.6.28619.01",
          "OSName/Windows",
          "OSVersion/Microsoft.Windows.10.0.18363.",
          "Microsoft.Azure.Management.IotHub.IotHubClient/2.10.0.0"
        ]
      },
      "ResponseHeaders": {
        "Cache-Control": [
          "no-cache"
        ],
        "Pragma": [
          "no-cache"
        ],
        "Server": [
          "Microsoft-HTTPAPI/2.0"
        ],
        "x-ms-ratelimit-remaining-subscription-reads": [
          "11995"
        ],
        "x-ms-request-id": [
          "53ef15bd-80cc-4828-8260-29e93c232995"
        ],
        "x-ms-correlation-request-id": [
          "53ef15bd-80cc-4828-8260-29e93c232995"
        ],
        "x-ms-routing-request-id": [
          "WESTUS2:20200819T043503Z:53ef15bd-80cc-4828-8260-29e93c232995"
        ],
        "Strict-Transport-Security": [
          "max-age=31536000; includeSubDomains"
        ],
        "X-Content-Type-Options": [
          "nosniff"
        ],
        "Date": [
          "Wed, 19 Aug 2020 04:35:03 GMT"
        ],
        "Content-Length": [
          "1460"
        ],
        "Content-Type": [
          "application/json; charset=utf-8"
        ],
        "Expires": [
          "-1"
        ]
      },
      "ResponseBody": "{\r\n  \"id\": \"/subscriptions/91d12660-3dec-467a-be2a-213b5544ddc0/resourceGroups/ps1071/providers/Microsoft.Devices/IotHubs/ps2629\",\r\n  \"name\": \"ps2629\",\r\n  \"type\": \"Microsoft.Devices/IotHubs\",\r\n  \"location\": \"West US\",\r\n  \"tags\": {},\r\n  \"subscriptionid\": \"91d12660-3dec-467a-be2a-213b5544ddc0\",\r\n  \"resourcegroup\": \"ps1071\",\r\n  \"etag\": \"AAAAARWCYBM=\",\r\n  \"properties\": {\r\n    \"locations\": [\r\n      {\r\n        \"location\": \"West US\",\r\n        \"role\": \"primary\"\r\n      },\r\n      {\r\n        \"location\": \"East US\",\r\n        \"role\": \"secondary\"\r\n      }\r\n    ],\r\n    \"state\": \"Active\",\r\n    \"provisioningState\": \"Succeeded\",\r\n    \"ipFilterRules\": [],\r\n    \"hostName\": \"ps2629.azure-devices.net\",\r\n    \"eventHubEndpoints\": {\r\n      \"events\": {\r\n        \"retentionTimeInDays\": 1,\r\n        \"partitionCount\": 4,\r\n        \"partitionIds\": [\r\n          \"0\",\r\n          \"1\",\r\n          \"2\",\r\n          \"3\"\r\n        ],\r\n        \"path\": \"ps2629\",\r\n        \"endpoint\": \"sb://iothub-ns-ps2629-4126786-199bbbae35.servicebus.windows.net/\"\r\n      }\r\n    },\r\n    \"routing\": {\r\n      \"endpoints\": {\r\n        \"serviceBusQueues\": [],\r\n        \"serviceBusTopics\": [],\r\n        \"eventHubs\": [],\r\n        \"storageContainers\": []\r\n      },\r\n      \"routes\": [],\r\n      \"fallbackRoute\": {\r\n        \"name\": \"$fallback\",\r\n        \"source\": \"DeviceMessages\",\r\n        \"condition\": \"true\",\r\n        \"endpointNames\": [\r\n          \"events\"\r\n        ],\r\n        \"isEnabled\": true\r\n      }\r\n    },\r\n    \"storageEndpoints\": {\r\n      \"$default\": {\r\n        \"sasTtlAsIso8601\": \"PT1H\",\r\n        \"connectionString\": \"\",\r\n        \"containerName\": \"\"\r\n      }\r\n    },\r\n    \"messagingEndpoints\": {\r\n      \"fileNotifications\": {\r\n        \"lockDurationAsIso8601\": \"PT1M\",\r\n        \"ttlAsIso8601\": \"PT1H\",\r\n        \"maxDeliveryCount\": 10\r\n      }\r\n    },\r\n    \"enableFileUploadNotifications\": false,\r\n    \"cloudToDevice\": {\r\n      \"maxDeliveryCount\": 10,\r\n      \"defaultTtlAsIso8601\": \"PT1H\",\r\n      \"feedback\": {\r\n        \"lockDurationAsIso8601\": \"PT1M\",\r\n        \"ttlAsIso8601\": \"PT1H\",\r\n        \"maxDeliveryCount\": 10\r\n      }\r\n    },\r\n    \"features\": \"None\"\r\n  },\r\n  \"sku\": {\r\n    \"name\": \"S1\",\r\n    \"tier\": \"Standard\",\r\n    \"capacity\": 1\r\n  }\r\n}",
      "StatusCode": 200
    },
    {
      "RequestUri": "/subscriptions/91d12660-3dec-467a-be2a-213b5544ddc0/resourceGroups/ps1071/providers/Microsoft.Devices/IotHubs/ps2629?api-version=2019-07-01-preview",
      "EncodedRequestUri": "L3N1YnNjcmlwdGlvbnMvOTFkMTI2NjAtM2RlYy00NjdhLWJlMmEtMjEzYjU1NDRkZGMwL3Jlc291cmNlR3JvdXBzL3BzMTA3MS9wcm92aWRlcnMvTWljcm9zb2Z0LkRldmljZXMvSW90SHVicy9wczI2Mjk/YXBpLXZlcnNpb249MjAxOS0wNy0wMS1wcmV2aWV3",
      "RequestMethod": "GET",
      "RequestBody": "",
      "RequestHeaders": {
        "x-ms-client-request-id": [
          "42d91619-852c-4adc-a554-e8f1aedee83c"
        ],
        "Accept-Language": [
          "en-US"
        ],
        "User-Agent": [
          "FxVersion/4.6.28619.01",
          "OSName/Windows",
          "OSVersion/Microsoft.Windows.10.0.18363.",
          "Microsoft.Azure.Management.IotHub.IotHubClient/2.10.0.0"
        ]
      },
      "ResponseHeaders": {
        "Cache-Control": [
          "no-cache"
        ],
        "Pragma": [
          "no-cache"
        ],
        "Server": [
          "Microsoft-HTTPAPI/2.0"
        ],
        "x-ms-ratelimit-remaining-subscription-reads": [
          "11994"
        ],
        "x-ms-request-id": [
          "15cdc51e-a917-4c0c-b8da-0e2110abf0cc"
        ],
        "x-ms-correlation-request-id": [
          "15cdc51e-a917-4c0c-b8da-0e2110abf0cc"
        ],
        "x-ms-routing-request-id": [
          "WESTUS2:20200819T043503Z:15cdc51e-a917-4c0c-b8da-0e2110abf0cc"
        ],
        "Strict-Transport-Security": [
          "max-age=31536000; includeSubDomains"
        ],
        "X-Content-Type-Options": [
          "nosniff"
        ],
        "Date": [
          "Wed, 19 Aug 2020 04:35:03 GMT"
        ],
        "Content-Length": [
          "1460"
        ],
        "Content-Type": [
          "application/json; charset=utf-8"
        ],
        "Expires": [
          "-1"
        ]
      },
      "ResponseBody": "{\r\n  \"id\": \"/subscriptions/91d12660-3dec-467a-be2a-213b5544ddc0/resourceGroups/ps1071/providers/Microsoft.Devices/IotHubs/ps2629\",\r\n  \"name\": \"ps2629\",\r\n  \"type\": \"Microsoft.Devices/IotHubs\",\r\n  \"location\": \"West US\",\r\n  \"tags\": {},\r\n  \"subscriptionid\": \"91d12660-3dec-467a-be2a-213b5544ddc0\",\r\n  \"resourcegroup\": \"ps1071\",\r\n  \"etag\": \"AAAAARWCYBM=\",\r\n  \"properties\": {\r\n    \"locations\": [\r\n      {\r\n        \"location\": \"West US\",\r\n        \"role\": \"primary\"\r\n      },\r\n      {\r\n        \"location\": \"East US\",\r\n        \"role\": \"secondary\"\r\n      }\r\n    ],\r\n    \"state\": \"Active\",\r\n    \"provisioningState\": \"Succeeded\",\r\n    \"ipFilterRules\": [],\r\n    \"hostName\": \"ps2629.azure-devices.net\",\r\n    \"eventHubEndpoints\": {\r\n      \"events\": {\r\n        \"retentionTimeInDays\": 1,\r\n        \"partitionCount\": 4,\r\n        \"partitionIds\": [\r\n          \"0\",\r\n          \"1\",\r\n          \"2\",\r\n          \"3\"\r\n        ],\r\n        \"path\": \"ps2629\",\r\n        \"endpoint\": \"sb://iothub-ns-ps2629-4126786-199bbbae35.servicebus.windows.net/\"\r\n      }\r\n    },\r\n    \"routing\": {\r\n      \"endpoints\": {\r\n        \"serviceBusQueues\": [],\r\n        \"serviceBusTopics\": [],\r\n        \"eventHubs\": [],\r\n        \"storageContainers\": []\r\n      },\r\n      \"routes\": [],\r\n      \"fallbackRoute\": {\r\n        \"name\": \"$fallback\",\r\n        \"source\": \"DeviceMessages\",\r\n        \"condition\": \"true\",\r\n        \"endpointNames\": [\r\n          \"events\"\r\n        ],\r\n        \"isEnabled\": true\r\n      }\r\n    },\r\n    \"storageEndpoints\": {\r\n      \"$default\": {\r\n        \"sasTtlAsIso8601\": \"PT1H\",\r\n        \"connectionString\": \"\",\r\n        \"containerName\": \"\"\r\n      }\r\n    },\r\n    \"messagingEndpoints\": {\r\n      \"fileNotifications\": {\r\n        \"lockDurationAsIso8601\": \"PT1M\",\r\n        \"ttlAsIso8601\": \"PT1H\",\r\n        \"maxDeliveryCount\": 10\r\n      }\r\n    },\r\n    \"enableFileUploadNotifications\": false,\r\n    \"cloudToDevice\": {\r\n      \"maxDeliveryCount\": 10,\r\n      \"defaultTtlAsIso8601\": \"PT1H\",\r\n      \"feedback\": {\r\n        \"lockDurationAsIso8601\": \"PT1M\",\r\n        \"ttlAsIso8601\": \"PT1H\",\r\n        \"maxDeliveryCount\": 10\r\n      }\r\n    },\r\n    \"features\": \"None\"\r\n  },\r\n  \"sku\": {\r\n    \"name\": \"S1\",\r\n    \"tier\": \"Standard\",\r\n    \"capacity\": 1\r\n  }\r\n}",
      "StatusCode": 200
    },
    {
      "RequestUri": "/subscriptions/91d12660-3dec-467a-be2a-213b5544ddc0/resourceGroups/ps1071/providers/Microsoft.Devices/IotHubs/ps2629?api-version=2019-07-01-preview",
      "EncodedRequestUri": "L3N1YnNjcmlwdGlvbnMvOTFkMTI2NjAtM2RlYy00NjdhLWJlMmEtMjEzYjU1NDRkZGMwL3Jlc291cmNlR3JvdXBzL3BzMTA3MS9wcm92aWRlcnMvTWljcm9zb2Z0LkRldmljZXMvSW90SHVicy9wczI2Mjk/YXBpLXZlcnNpb249MjAxOS0wNy0wMS1wcmV2aWV3",
      "RequestMethod": "GET",
      "RequestBody": "",
      "RequestHeaders": {
        "x-ms-client-request-id": [
          "5302c4c2-cee7-41da-9415-bb9b1e1c3cc6"
        ],
        "Accept-Language": [
          "en-US"
        ],
        "User-Agent": [
          "FxVersion/4.6.28619.01",
          "OSName/Windows",
          "OSVersion/Microsoft.Windows.10.0.18363.",
          "Microsoft.Azure.Management.IotHub.IotHubClient/2.10.0.0"
        ]
      },
      "ResponseHeaders": {
        "Cache-Control": [
          "no-cache"
        ],
        "Pragma": [
          "no-cache"
        ],
        "Server": [
          "Microsoft-HTTPAPI/2.0"
        ],
        "x-ms-ratelimit-remaining-subscription-reads": [
          "11993"
        ],
        "x-ms-request-id": [
          "14d11a9f-8a96-43a2-bd37-f052e15f17ee"
        ],
        "x-ms-correlation-request-id": [
          "14d11a9f-8a96-43a2-bd37-f052e15f17ee"
        ],
        "x-ms-routing-request-id": [
          "WESTUS2:20200819T043504Z:14d11a9f-8a96-43a2-bd37-f052e15f17ee"
        ],
        "Strict-Transport-Security": [
          "max-age=31536000; includeSubDomains"
        ],
        "X-Content-Type-Options": [
          "nosniff"
        ],
        "Date": [
          "Wed, 19 Aug 2020 04:35:04 GMT"
        ],
        "Content-Length": [
          "1460"
        ],
        "Content-Type": [
          "application/json; charset=utf-8"
        ],
        "Expires": [
          "-1"
        ]
      },
      "ResponseBody": "{\r\n  \"id\": \"/subscriptions/91d12660-3dec-467a-be2a-213b5544ddc0/resourceGroups/ps1071/providers/Microsoft.Devices/IotHubs/ps2629\",\r\n  \"name\": \"ps2629\",\r\n  \"type\": \"Microsoft.Devices/IotHubs\",\r\n  \"location\": \"West US\",\r\n  \"tags\": {},\r\n  \"subscriptionid\": \"91d12660-3dec-467a-be2a-213b5544ddc0\",\r\n  \"resourcegroup\": \"ps1071\",\r\n  \"etag\": \"AAAAARWCYBM=\",\r\n  \"properties\": {\r\n    \"locations\": [\r\n      {\r\n        \"location\": \"West US\",\r\n        \"role\": \"primary\"\r\n      },\r\n      {\r\n        \"location\": \"East US\",\r\n        \"role\": \"secondary\"\r\n      }\r\n    ],\r\n    \"state\": \"Active\",\r\n    \"provisioningState\": \"Succeeded\",\r\n    \"ipFilterRules\": [],\r\n    \"hostName\": \"ps2629.azure-devices.net\",\r\n    \"eventHubEndpoints\": {\r\n      \"events\": {\r\n        \"retentionTimeInDays\": 1,\r\n        \"partitionCount\": 4,\r\n        \"partitionIds\": [\r\n          \"0\",\r\n          \"1\",\r\n          \"2\",\r\n          \"3\"\r\n        ],\r\n        \"path\": \"ps2629\",\r\n        \"endpoint\": \"sb://iothub-ns-ps2629-4126786-199bbbae35.servicebus.windows.net/\"\r\n      }\r\n    },\r\n    \"routing\": {\r\n      \"endpoints\": {\r\n        \"serviceBusQueues\": [],\r\n        \"serviceBusTopics\": [],\r\n        \"eventHubs\": [],\r\n        \"storageContainers\": []\r\n      },\r\n      \"routes\": [],\r\n      \"fallbackRoute\": {\r\n        \"name\": \"$fallback\",\r\n        \"source\": \"DeviceMessages\",\r\n        \"condition\": \"true\",\r\n        \"endpointNames\": [\r\n          \"events\"\r\n        ],\r\n        \"isEnabled\": true\r\n      }\r\n    },\r\n    \"storageEndpoints\": {\r\n      \"$default\": {\r\n        \"sasTtlAsIso8601\": \"PT1H\",\r\n        \"connectionString\": \"\",\r\n        \"containerName\": \"\"\r\n      }\r\n    },\r\n    \"messagingEndpoints\": {\r\n      \"fileNotifications\": {\r\n        \"lockDurationAsIso8601\": \"PT1M\",\r\n        \"ttlAsIso8601\": \"PT1H\",\r\n        \"maxDeliveryCount\": 10\r\n      }\r\n    },\r\n    \"enableFileUploadNotifications\": false,\r\n    \"cloudToDevice\": {\r\n      \"maxDeliveryCount\": 10,\r\n      \"defaultTtlAsIso8601\": \"PT1H\",\r\n      \"feedback\": {\r\n        \"lockDurationAsIso8601\": \"PT1M\",\r\n        \"ttlAsIso8601\": \"PT1H\",\r\n        \"maxDeliveryCount\": 10\r\n      }\r\n    },\r\n    \"features\": \"None\"\r\n  },\r\n  \"sku\": {\r\n    \"name\": \"S1\",\r\n    \"tier\": \"Standard\",\r\n    \"capacity\": 1\r\n  }\r\n}",
      "StatusCode": 200
    },
    {
      "RequestUri": "/subscriptions/91d12660-3dec-467a-be2a-213b5544ddc0/resourceGroups/ps1071/providers/Microsoft.Devices/IotHubs/ps2629?api-version=2019-07-01-preview",
      "EncodedRequestUri": "L3N1YnNjcmlwdGlvbnMvOTFkMTI2NjAtM2RlYy00NjdhLWJlMmEtMjEzYjU1NDRkZGMwL3Jlc291cmNlR3JvdXBzL3BzMTA3MS9wcm92aWRlcnMvTWljcm9zb2Z0LkRldmljZXMvSW90SHVicy9wczI2Mjk/YXBpLXZlcnNpb249MjAxOS0wNy0wMS1wcmV2aWV3",
      "RequestMethod": "GET",
      "RequestBody": "",
      "RequestHeaders": {
        "User-Agent": [
          "FxVersion/4.6.28619.01",
          "OSName/Windows",
          "OSVersion/Microsoft.Windows.10.0.18363.",
          "Microsoft.Azure.Management.IotHub.IotHubClient/2.10.0.0"
        ]
      },
      "ResponseHeaders": {
        "Cache-Control": [
          "no-cache"
        ],
        "Pragma": [
          "no-cache"
        ],
        "Server": [
          "Microsoft-HTTPAPI/2.0"
        ],
        "x-ms-ratelimit-remaining-subscription-reads": [
          "11991"
        ],
        "x-ms-request-id": [
          "9926390a-96d6-41a5-97ca-b6fb69b6eac4"
        ],
        "x-ms-correlation-request-id": [
          "9926390a-96d6-41a5-97ca-b6fb69b6eac4"
        ],
        "x-ms-routing-request-id": [
          "WESTUS2:20200819T043538Z:9926390a-96d6-41a5-97ca-b6fb69b6eac4"
        ],
        "Strict-Transport-Security": [
          "max-age=31536000; includeSubDomains"
        ],
        "X-Content-Type-Options": [
          "nosniff"
        ],
        "Date": [
          "Wed, 19 Aug 2020 04:35:38 GMT"
        ],
        "Content-Length": [
          "1460"
        ],
        "Content-Type": [
          "application/json; charset=utf-8"
        ],
        "Expires": [
          "-1"
        ]
      },
      "ResponseBody": "{\r\n  \"id\": \"/subscriptions/91d12660-3dec-467a-be2a-213b5544ddc0/resourceGroups/ps1071/providers/Microsoft.Devices/IotHubs/ps2629\",\r\n  \"name\": \"ps2629\",\r\n  \"type\": \"Microsoft.Devices/IotHubs\",\r\n  \"location\": \"West US\",\r\n  \"tags\": {},\r\n  \"subscriptionid\": \"91d12660-3dec-467a-be2a-213b5544ddc0\",\r\n  \"resourcegroup\": \"ps1071\",\r\n  \"etag\": \"AAAAARWC2fk=\",\r\n  \"properties\": {\r\n    \"locations\": [\r\n      {\r\n        \"location\": \"West US\",\r\n        \"role\": \"primary\"\r\n      },\r\n      {\r\n        \"location\": \"East US\",\r\n        \"role\": \"secondary\"\r\n      }\r\n    ],\r\n    \"state\": \"Active\",\r\n    \"provisioningState\": \"Succeeded\",\r\n    \"ipFilterRules\": [],\r\n    \"hostName\": \"ps2629.azure-devices.net\",\r\n    \"eventHubEndpoints\": {\r\n      \"events\": {\r\n        \"retentionTimeInDays\": 1,\r\n        \"partitionCount\": 4,\r\n        \"partitionIds\": [\r\n          \"0\",\r\n          \"1\",\r\n          \"2\",\r\n          \"3\"\r\n        ],\r\n        \"path\": \"ps2629\",\r\n        \"endpoint\": \"sb://iothub-ns-ps2629-4126786-199bbbae35.servicebus.windows.net/\"\r\n      }\r\n    },\r\n    \"routing\": {\r\n      \"endpoints\": {\r\n        \"serviceBusQueues\": [],\r\n        \"serviceBusTopics\": [],\r\n        \"eventHubs\": [],\r\n        \"storageContainers\": []\r\n      },\r\n      \"routes\": [],\r\n      \"fallbackRoute\": {\r\n        \"name\": \"$fallback\",\r\n        \"source\": \"DeviceMessages\",\r\n        \"condition\": \"true\",\r\n        \"endpointNames\": [\r\n          \"events\"\r\n        ],\r\n        \"isEnabled\": true\r\n      }\r\n    },\r\n    \"storageEndpoints\": {\r\n      \"$default\": {\r\n        \"sasTtlAsIso8601\": \"PT1H\",\r\n        \"connectionString\": \"\",\r\n        \"containerName\": \"\"\r\n      }\r\n    },\r\n    \"messagingEndpoints\": {\r\n      \"fileNotifications\": {\r\n        \"lockDurationAsIso8601\": \"PT1M\",\r\n        \"ttlAsIso8601\": \"PT1H\",\r\n        \"maxDeliveryCount\": 10\r\n      }\r\n    },\r\n    \"enableFileUploadNotifications\": false,\r\n    \"cloudToDevice\": {\r\n      \"maxDeliveryCount\": 10,\r\n      \"defaultTtlAsIso8601\": \"PT1H\",\r\n      \"feedback\": {\r\n        \"lockDurationAsIso8601\": \"PT1M\",\r\n        \"ttlAsIso8601\": \"PT1H\",\r\n        \"maxDeliveryCount\": 10\r\n      }\r\n    },\r\n    \"features\": \"None\"\r\n  },\r\n  \"sku\": {\r\n    \"name\": \"S1\",\r\n    \"tier\": \"Standard\",\r\n    \"capacity\": 1\r\n  }\r\n}",
      "StatusCode": 200
    },
    {
      "RequestUri": "/subscriptions/91d12660-3dec-467a-be2a-213b5544ddc0/resourceGroups/ps1071/providers/Microsoft.Devices/IotHubs/ps2629/listkeys?api-version=2019-07-01-preview",
      "EncodedRequestUri": "L3N1YnNjcmlwdGlvbnMvOTFkMTI2NjAtM2RlYy00NjdhLWJlMmEtMjEzYjU1NDRkZGMwL3Jlc291cmNlR3JvdXBzL3BzMTA3MS9wcm92aWRlcnMvTWljcm9zb2Z0LkRldmljZXMvSW90SHVicy9wczI2MjkvbGlzdGtleXM/YXBpLXZlcnNpb249MjAxOS0wNy0wMS1wcmV2aWV3",
      "RequestMethod": "POST",
      "RequestBody": "",
      "RequestHeaders": {
        "x-ms-client-request-id": [
          "0f14cb70-2f07-46e8-95e5-3bef6bdf463c"
        ],
        "Accept-Language": [
          "en-US"
        ],
        "User-Agent": [
          "FxVersion/4.6.28619.01",
          "OSName/Windows",
          "OSVersion/Microsoft.Windows.10.0.18363.",
          "Microsoft.Azure.Management.IotHub.IotHubClient/2.10.0.0"
        ]
      },
      "ResponseHeaders": {
        "Cache-Control": [
          "no-cache"
        ],
        "Pragma": [
          "no-cache"
        ],
        "Server": [
          "Microsoft-HTTPAPI/2.0"
        ],
        "x-ms-ratelimit-remaining-subscription-writes": [
          "1199"
        ],
        "x-ms-request-id": [
          "a9bd8291-8838-4b2b-bed8-cdf0f842da98"
        ],
        "x-ms-correlation-request-id": [
          "a9bd8291-8838-4b2b-bed8-cdf0f842da98"
        ],
        "x-ms-routing-request-id": [
          "WESTUS2:20200819T043504Z:a9bd8291-8838-4b2b-bed8-cdf0f842da98"
        ],
        "Strict-Transport-Security": [
          "max-age=31536000; includeSubDomains"
        ],
        "X-Content-Type-Options": [
          "nosniff"
        ],
        "Date": [
          "Wed, 19 Aug 2020 04:35:04 GMT"
        ],
        "Content-Length": [
          "905"
        ],
        "Content-Type": [
          "application/json; charset=utf-8"
        ],
        "Expires": [
          "-1"
        ]
      },
      "ResponseBody": "{\r\n  \"value\": [\r\n    {\r\n      \"keyName\": \"iothubowner\",\r\n      \"primaryKey\": \"MYWgxKHKrJHSrXE13EuGMCyPn80wp9etmf5k8w+eCls=\",\r\n      \"secondaryKey\": \"4RrSz9KULdarCENy1gQgWbdcMFFVm9XNPHNFM2p58HA=\",\r\n      \"rights\": \"RegistryWrite, ServiceConnect, DeviceConnect\"\r\n    },\r\n    {\r\n      \"keyName\": \"service\",\r\n      \"primaryKey\": \"rH2EfEvYW74LfmQbtbcySx6gKgI9ixbM0iAFbXMqXqA=\",\r\n      \"secondaryKey\": \"f8YVIhiTX5bo0YquwXH7ku86SEzEk/uXxyd1i1U74EA=\",\r\n      \"rights\": \"ServiceConnect\"\r\n    },\r\n    {\r\n      \"keyName\": \"device\",\r\n      \"primaryKey\": \"3ZGyadDmGaEqGUNJVoQut/KkwVJ+pxvfby6kBu41qRk=\",\r\n      \"secondaryKey\": \"KnLIN6h9lngYyRNlJQUFSM/4S0PWM+X9d/WtQG+MFtI=\",\r\n      \"rights\": \"DeviceConnect\"\r\n    },\r\n    {\r\n      \"keyName\": \"registryRead\",\r\n      \"primaryKey\": \"nmA9bWv8qKSuWW41l++FX4DuojgitfMdWImAAVqAL94=\",\r\n      \"secondaryKey\": \"cerdLKy9OBP6HBd9NKj6unqaW9vbIB85hkOzTRG2nwE=\",\r\n      \"rights\": \"RegistryRead\"\r\n    },\r\n    {\r\n      \"keyName\": \"registryReadWrite\",\r\n      \"primaryKey\": \"YUBqNuJf7m4qcWuf/5fUbLWy50TOKwgfPW1Y+keFFMw=\",\r\n      \"secondaryKey\": \"TZFlBYMg4PEYKWaZqPpiN0rcq3BCjDFuNcp/fgvRIFQ=\",\r\n      \"rights\": \"RegistryWrite\"\r\n    }\r\n  ]\r\n}",
      "StatusCode": 200
    },
    {
      "RequestUri": "/subscriptions/91d12660-3dec-467a-be2a-213b5544ddc0/resourceGroups/ps1071/providers/Microsoft.Devices/IotHubs/ps2629/listkeys?api-version=2019-07-01-preview",
      "EncodedRequestUri": "L3N1YnNjcmlwdGlvbnMvOTFkMTI2NjAtM2RlYy00NjdhLWJlMmEtMjEzYjU1NDRkZGMwL3Jlc291cmNlR3JvdXBzL3BzMTA3MS9wcm92aWRlcnMvTWljcm9zb2Z0LkRldmljZXMvSW90SHVicy9wczI2MjkvbGlzdGtleXM/YXBpLXZlcnNpb249MjAxOS0wNy0wMS1wcmV2aWV3",
      "RequestMethod": "POST",
      "RequestBody": "",
      "RequestHeaders": {
        "x-ms-client-request-id": [
          "ae77a9ef-234e-4e12-9678-36f27ae6fd3f"
        ],
        "Accept-Language": [
          "en-US"
        ],
        "User-Agent": [
          "FxVersion/4.6.28619.01",
          "OSName/Windows",
          "OSVersion/Microsoft.Windows.10.0.18363.",
          "Microsoft.Azure.Management.IotHub.IotHubClient/2.10.0.0"
        ]
      },
      "ResponseHeaders": {
        "Cache-Control": [
          "no-cache"
        ],
        "Pragma": [
          "no-cache"
        ],
        "Server": [
          "Microsoft-HTTPAPI/2.0"
        ],
        "x-ms-ratelimit-remaining-subscription-writes": [
          "1198"
        ],
        "x-ms-request-id": [
          "63ad4a6c-c352-49c9-87ea-49eedeccb427"
        ],
        "x-ms-correlation-request-id": [
          "63ad4a6c-c352-49c9-87ea-49eedeccb427"
        ],
        "x-ms-routing-request-id": [
          "WESTUS2:20200819T043539Z:63ad4a6c-c352-49c9-87ea-49eedeccb427"
        ],
        "Strict-Transport-Security": [
          "max-age=31536000; includeSubDomains"
        ],
        "X-Content-Type-Options": [
          "nosniff"
        ],
        "Date": [
          "Wed, 19 Aug 2020 04:35:38 GMT"
        ],
        "Content-Length": [
          "1078"
        ],
        "Content-Type": [
          "application/json; charset=utf-8"
        ],
        "Expires": [
          "-1"
        ]
      },
      "ResponseBody": "{\r\n  \"value\": [\r\n    {\r\n      \"keyName\": \"iothubowner\",\r\n      \"primaryKey\": \"MYWgxKHKrJHSrXE13EuGMCyPn80wp9etmf5k8w+eCls=\",\r\n      \"secondaryKey\": \"4RrSz9KULdarCENy1gQgWbdcMFFVm9XNPHNFM2p58HA=\",\r\n      \"rights\": \"RegistryWrite, ServiceConnect, DeviceConnect\"\r\n    },\r\n    {\r\n      \"keyName\": \"service\",\r\n      \"primaryKey\": \"rH2EfEvYW74LfmQbtbcySx6gKgI9ixbM0iAFbXMqXqA=\",\r\n      \"secondaryKey\": \"f8YVIhiTX5bo0YquwXH7ku86SEzEk/uXxyd1i1U74EA=\",\r\n      \"rights\": \"ServiceConnect\"\r\n    },\r\n    {\r\n      \"keyName\": \"device\",\r\n      \"primaryKey\": \"3ZGyadDmGaEqGUNJVoQut/KkwVJ+pxvfby6kBu41qRk=\",\r\n      \"secondaryKey\": \"KnLIN6h9lngYyRNlJQUFSM/4S0PWM+X9d/WtQG+MFtI=\",\r\n      \"rights\": \"DeviceConnect\"\r\n    },\r\n    {\r\n      \"keyName\": \"registryRead\",\r\n      \"primaryKey\": \"nmA9bWv8qKSuWW41l++FX4DuojgitfMdWImAAVqAL94=\",\r\n      \"secondaryKey\": \"cerdLKy9OBP6HBd9NKj6unqaW9vbIB85hkOzTRG2nwE=\",\r\n      \"rights\": \"RegistryRead\"\r\n    },\r\n    {\r\n      \"keyName\": \"registryReadWrite\",\r\n      \"primaryKey\": \"YUBqNuJf7m4qcWuf/5fUbLWy50TOKwgfPW1Y+keFFMw=\",\r\n      \"secondaryKey\": \"TZFlBYMg4PEYKWaZqPpiN0rcq3BCjDFuNcp/fgvRIFQ=\",\r\n      \"rights\": \"RegistryWrite\"\r\n    },\r\n    {\r\n      \"keyName\": \"ServiceKey\",\r\n      \"primaryKey\": \"hba7h2Rd36BExq9Qk3hxQhQVzOEp4CrqvH+ZZJ3cA9Y=\",\r\n      \"secondaryKey\": \"pdElpQn9SCSPOANu8s5/uDRM2aZ5ix+Dj+hP+TrnCCM=\",\r\n      \"rights\": \"ServiceConnect\"\r\n    }\r\n  ]\r\n}",
      "StatusCode": 200
    },
    {
      "RequestUri": "/subscriptions/91d12660-3dec-467a-be2a-213b5544ddc0/providers/Microsoft.Devices/operationResults/b3NfaWhfN2RhMTMxOTUtMzk0MC00NmVlLWE3ZTQtMGVkZTg0ZjgxNDk4?api-version=2019-07-01-preview&operationSource=os_ih&asyncinfo",
      "EncodedRequestUri": "L3N1YnNjcmlwdGlvbnMvOTFkMTI2NjAtM2RlYy00NjdhLWJlMmEtMjEzYjU1NDRkZGMwL3Byb3ZpZGVycy9NaWNyb3NvZnQuRGV2aWNlcy9vcGVyYXRpb25SZXN1bHRzL2IzTmZhV2hmTjJSaE1UTXhPVFV0TXprME1DMDBObVZsTFdFM1pUUXRNR1ZrWlRnMFpqZ3hORGs0P2FwaS12ZXJzaW9uPTIwMTktMDctMDEtcHJldmlldyZvcGVyYXRpb25Tb3VyY2U9b3NfaWgmYXN5bmNpbmZv",
      "RequestMethod": "GET",
      "RequestBody": "",
      "RequestHeaders": {
        "User-Agent": [
          "FxVersion/4.6.28619.01",
          "OSName/Windows",
          "OSVersion/Microsoft.Windows.10.0.18363.",
          "Microsoft.Azure.Management.IotHub.IotHubClient/2.10.0.0"
        ]
      },
      "ResponseHeaders": {
        "Cache-Control": [
          "no-cache"
        ],
        "Pragma": [
          "no-cache"
        ],
        "Server": [
          "Microsoft-HTTPAPI/2.0"
        ],
        "x-ms-ratelimit-remaining-subscription-reads": [
          "11992"
        ],
        "x-ms-request-id": [
          "d4f2b485-0ddb-43ec-92ba-aa735a9435cc"
        ],
        "x-ms-correlation-request-id": [
          "d4f2b485-0ddb-43ec-92ba-aa735a9435cc"
        ],
        "x-ms-routing-request-id": [
          "WESTUS2:20200819T043538Z:d4f2b485-0ddb-43ec-92ba-aa735a9435cc"
        ],
        "Strict-Transport-Security": [
          "max-age=31536000; includeSubDomains"
        ],
        "X-Content-Type-Options": [
          "nosniff"
        ],
        "Date": [
          "Wed, 19 Aug 2020 04:35:37 GMT"
        ],
        "Content-Length": [
          "22"
        ],
        "Content-Type": [
          "application/json; charset=utf-8"
        ],
        "Expires": [
          "-1"
        ]
      },
      "ResponseBody": "{\r\n  \"status\": \"Succeeded\"\r\n}",
      "StatusCode": 200
    },
    {
      "RequestUri": "/subscriptions/91d12660-3dec-467a-be2a-213b5544ddc0/resourceGroups/ps1071/providers/Microsoft.Devices/IotHubs/ps2629/IotHubKeys/ServiceKey/listkeys?api-version=2019-07-01-preview",
      "EncodedRequestUri": "L3N1YnNjcmlwdGlvbnMvOTFkMTI2NjAtM2RlYy00NjdhLWJlMmEtMjEzYjU1NDRkZGMwL3Jlc291cmNlR3JvdXBzL3BzMTA3MS9wcm92aWRlcnMvTWljcm9zb2Z0LkRldmljZXMvSW90SHVicy9wczI2MjkvSW90SHViS2V5cy9TZXJ2aWNlS2V5L2xpc3RrZXlzP2FwaS12ZXJzaW9uPTIwMTktMDctMDEtcHJldmlldw==",
      "RequestMethod": "POST",
      "RequestBody": "",
      "RequestHeaders": {
        "x-ms-client-request-id": [
          "71dd859b-66c0-403c-906c-a8199dd2fcda"
        ],
        "Accept-Language": [
          "en-US"
        ],
        "User-Agent": [
          "FxVersion/4.6.28619.01",
          "OSName/Windows",
          "OSVersion/Microsoft.Windows.10.0.18363.",
          "Microsoft.Azure.Management.IotHub.IotHubClient/2.10.0.0"
        ]
      },
      "ResponseHeaders": {
        "Cache-Control": [
          "no-cache"
        ],
        "Pragma": [
          "no-cache"
        ],
        "Server": [
          "Microsoft-HTTPAPI/2.0"
        ],
        "x-ms-ratelimit-remaining-subscription-writes": [
          "1197"
        ],
        "x-ms-request-id": [
          "7f84a00d-1b78-4433-bc6b-c0d3aa0a5193"
        ],
        "x-ms-correlation-request-id": [
          "7f84a00d-1b78-4433-bc6b-c0d3aa0a5193"
        ],
        "x-ms-routing-request-id": [
          "WESTUS2:20200819T043539Z:7f84a00d-1b78-4433-bc6b-c0d3aa0a5193"
        ],
        "Strict-Transport-Security": [
          "max-age=31536000; includeSubDomains"
        ],
        "X-Content-Type-Options": [
          "nosniff"
        ],
        "Date": [
          "Wed, 19 Aug 2020 04:35:38 GMT"
        ],
        "Content-Length": [
          "172"
        ],
        "Content-Type": [
          "application/json; charset=utf-8"
        ],
        "Expires": [
          "-1"
        ]
      },
      "ResponseBody": "{\r\n  \"keyName\": \"ServiceKey\",\r\n  \"primaryKey\": \"hba7h2Rd36BExq9Qk3hxQhQVzOEp4CrqvH+ZZJ3cA9Y=\",\r\n  \"secondaryKey\": \"pdElpQn9SCSPOANu8s5/uDRM2aZ5ix+Dj+hP+TrnCCM=\",\r\n  \"rights\": \"ServiceConnect\"\r\n}",
      "StatusCode": 200
    },
    {
      "RequestUri": "/subscriptions/91d12660-3dec-467a-be2a-213b5544ddc0/resourceGroups/ps1071/providers/Microsoft.Devices/provisioningServices/ps9319/operationResults/b3NfaWRfOTI5ZmJhZjctMjBiYi00MWIyLWIzMWQtMTU4ZmMzMDJjMWRi?api-version=2017-11-15&asyncinfo",
      "EncodedRequestUri": "L3N1YnNjcmlwdGlvbnMvOTFkMTI2NjAtM2RlYy00NjdhLWJlMmEtMjEzYjU1NDRkZGMwL3Jlc291cmNlR3JvdXBzL3BzMTA3MS9wcm92aWRlcnMvTWljcm9zb2Z0LkRldmljZXMvcHJvdmlzaW9uaW5nU2VydmljZXMvcHM5MzE5L29wZXJhdGlvblJlc3VsdHMvYjNOZmFXUmZPVEk1Wm1KaFpqY3RNakJpWWkwME1XSXlMV0l6TVdRdE1UVTRabU16TURKak1XUmk/YXBpLXZlcnNpb249MjAxNy0xMS0xNSZhc3luY2luZm8=",
      "RequestMethod": "GET",
      "RequestBody": "",
      "RequestHeaders": {
        "User-Agent": [
          "FxVersion/4.6.28619.01",
          "OSName/Windows",
          "OSVersion/Microsoft.Windows.10.0.18363.",
          "Microsoft.Azure.Management.DeviceProvisioningServices.IotDpsClient/1.0.0.0"
        ]
      },
      "ResponseHeaders": {
        "Cache-Control": [
          "no-cache"
        ],
        "Pragma": [
          "no-cache"
        ],
        "Server": [
          "Microsoft-HTTPAPI/2.0"
        ],
        "x-ms-ratelimit-remaining-subscription-reads": [
          "11998"
        ],
        "x-ms-request-id": [
          "20cb224d-9e22-41d9-9baa-1119be195611"
        ],
        "x-ms-correlation-request-id": [
          "20cb224d-9e22-41d9-9baa-1119be195611"
        ],
        "x-ms-routing-request-id": [
          "WESTUS2:20200819T043611Z:20cb224d-9e22-41d9-9baa-1119be195611"
        ],
        "Strict-Transport-Security": [
          "max-age=31536000; includeSubDomains"
        ],
        "X-Content-Type-Options": [
          "nosniff"
        ],
        "Date": [
          "Wed, 19 Aug 2020 04:36:11 GMT"
        ],
        "Content-Length": [
          "22"
        ],
        "Content-Type": [
          "application/json; charset=utf-8"
        ],
        "Expires": [
          "-1"
        ]
      },
      "ResponseBody": "{\r\n  \"status\": \"Succeeded\"\r\n}",
      "StatusCode": 200
    },
    {
      "RequestUri": "/subscriptions/91d12660-3dec-467a-be2a-213b5544ddc0/resourceGroups/ps1071/providers/Microsoft.Devices/provisioningServices/ps9319/operationResults/b3NfaWRfOWMyYTgwN2ItNTFhZS00MDliLTlmN2EtNDRhMTg1ZmExNDZm?api-version=2017-11-15&asyncinfo",
      "EncodedRequestUri": "L3N1YnNjcmlwdGlvbnMvOTFkMTI2NjAtM2RlYy00NjdhLWJlMmEtMjEzYjU1NDRkZGMwL3Jlc291cmNlR3JvdXBzL3BzMTA3MS9wcm92aWRlcnMvTWljcm9zb2Z0LkRldmljZXMvcHJvdmlzaW9uaW5nU2VydmljZXMvcHM5MzE5L29wZXJhdGlvblJlc3VsdHMvYjNOZmFXUmZPV015WVRnd04ySXROVEZoWlMwME1EbGlMVGxtTjJFdE5EUmhNVGcxWm1FeE5EWm0/YXBpLXZlcnNpb249MjAxNy0xMS0xNSZhc3luY2luZm8=",
      "RequestMethod": "GET",
      "RequestBody": "",
      "RequestHeaders": {
        "User-Agent": [
          "FxVersion/4.6.28619.01",
          "OSName/Windows",
          "OSVersion/Microsoft.Windows.10.0.18363.",
          "Microsoft.Azure.Management.DeviceProvisioningServices.IotDpsClient/1.0.0.0"
        ]
      },
      "ResponseHeaders": {
        "Cache-Control": [
          "no-cache"
        ],
        "Pragma": [
          "no-cache"
        ],
        "Server": [
          "Microsoft-HTTPAPI/2.0"
        ],
        "x-ms-ratelimit-remaining-subscription-reads": [
          "11994"
        ],
        "x-ms-request-id": [
          "c5a212b1-7d21-4f77-8b34-695e9b14b97b"
        ],
        "x-ms-correlation-request-id": [
          "c5a212b1-7d21-4f77-8b34-695e9b14b97b"
        ],
        "x-ms-routing-request-id": [
          "WESTUS2:20200819T043643Z:c5a212b1-7d21-4f77-8b34-695e9b14b97b"
        ],
        "Strict-Transport-Security": [
          "max-age=31536000; includeSubDomains"
        ],
        "X-Content-Type-Options": [
          "nosniff"
        ],
        "Date": [
          "Wed, 19 Aug 2020 04:36:43 GMT"
        ],
        "Content-Length": [
          "22"
        ],
        "Content-Type": [
          "application/json; charset=utf-8"
        ],
        "Expires": [
          "-1"
        ]
      },
      "ResponseBody": "{\r\n  \"status\": \"Succeeded\"\r\n}",
      "StatusCode": 200
    },
    {
      "RequestUri": "/subscriptions/91d12660-3dec-467a-be2a-213b5544ddc0/resourceGroups/ps1071/providers/Microsoft.Devices/provisioningServices/ps9319/operationResults/b3NfaWRfYWMxZTY0NGUtN2MyYS00ODk0LWFmZTMtYzI3YmUzZWQwZDQ2?api-version=2017-11-15&asyncinfo",
      "EncodedRequestUri": "L3N1YnNjcmlwdGlvbnMvOTFkMTI2NjAtM2RlYy00NjdhLWJlMmEtMjEzYjU1NDRkZGMwL3Jlc291cmNlR3JvdXBzL3BzMTA3MS9wcm92aWRlcnMvTWljcm9zb2Z0LkRldmljZXMvcHJvdmlzaW9uaW5nU2VydmljZXMvcHM5MzE5L29wZXJhdGlvblJlc3VsdHMvYjNOZmFXUmZZV014WlRZME5HVXROMk15WVMwME9EazBMV0ZtWlRNdFl6STNZbVV6WldRd1pEUTI/YXBpLXZlcnNpb249MjAxNy0xMS0xNSZhc3luY2luZm8=",
      "RequestMethod": "GET",
      "RequestBody": "",
      "RequestHeaders": {
        "User-Agent": [
          "FxVersion/4.6.28619.01",
          "OSName/Windows",
          "OSVersion/Microsoft.Windows.10.0.18363.",
          "Microsoft.Azure.Management.DeviceProvisioningServices.IotDpsClient/1.0.0.0"
        ]
      },
      "ResponseHeaders": {
        "Cache-Control": [
          "no-cache"
        ],
        "Pragma": [
          "no-cache"
        ],
        "Server": [
          "Microsoft-HTTPAPI/2.0"
        ],
        "x-ms-ratelimit-remaining-subscription-reads": [
          "11988"
        ],
        "x-ms-request-id": [
          "91732f09-83aa-4130-848c-d4a4820f64fe"
        ],
        "x-ms-correlation-request-id": [
          "91732f09-83aa-4130-848c-d4a4820f64fe"
        ],
        "x-ms-routing-request-id": [
          "WESTUS2:20200819T043716Z:91732f09-83aa-4130-848c-d4a4820f64fe"
        ],
        "Strict-Transport-Security": [
          "max-age=31536000; includeSubDomains"
        ],
        "X-Content-Type-Options": [
          "nosniff"
        ],
        "Date": [
          "Wed, 19 Aug 2020 04:37:16 GMT"
        ],
        "Content-Length": [
          "20"
        ],
        "Content-Type": [
          "application/json; charset=utf-8"
        ],
        "Expires": [
          "-1"
        ]
      },
      "ResponseBody": "{\r\n  \"status\": \"Running\"\r\n}",
      "StatusCode": 200
    },
    {
      "RequestUri": "/subscriptions/91d12660-3dec-467a-be2a-213b5544ddc0/resourceGroups/ps1071/providers/Microsoft.Devices/provisioningServices/ps9319/operationResults/b3NfaWRfYWMxZTY0NGUtN2MyYS00ODk0LWFmZTMtYzI3YmUzZWQwZDQ2?api-version=2017-11-15&asyncinfo",
      "EncodedRequestUri": "L3N1YnNjcmlwdGlvbnMvOTFkMTI2NjAtM2RlYy00NjdhLWJlMmEtMjEzYjU1NDRkZGMwL3Jlc291cmNlR3JvdXBzL3BzMTA3MS9wcm92aWRlcnMvTWljcm9zb2Z0LkRldmljZXMvcHJvdmlzaW9uaW5nU2VydmljZXMvcHM5MzE5L29wZXJhdGlvblJlc3VsdHMvYjNOZmFXUmZZV014WlRZME5HVXROMk15WVMwME9EazBMV0ZtWlRNdFl6STNZbVV6WldRd1pEUTI/YXBpLXZlcnNpb249MjAxNy0xMS0xNSZhc3luY2luZm8=",
      "RequestMethod": "GET",
      "RequestBody": "",
      "RequestHeaders": {
        "User-Agent": [
          "FxVersion/4.6.28619.01",
          "OSName/Windows",
          "OSVersion/Microsoft.Windows.10.0.18363.",
          "Microsoft.Azure.Management.DeviceProvisioningServices.IotDpsClient/1.0.0.0"
        ]
      },
      "ResponseHeaders": {
        "Cache-Control": [
          "no-cache"
        ],
        "Pragma": [
          "no-cache"
        ],
        "Server": [
          "Microsoft-HTTPAPI/2.0"
        ],
        "x-ms-ratelimit-remaining-subscription-reads": [
          "11987"
        ],
        "x-ms-request-id": [
          "b443e348-e673-41e2-a204-7d3cfa19a766"
        ],
        "x-ms-correlation-request-id": [
          "b443e348-e673-41e2-a204-7d3cfa19a766"
        ],
        "x-ms-routing-request-id": [
          "WESTUS2:20200819T043746Z:b443e348-e673-41e2-a204-7d3cfa19a766"
        ],
        "Strict-Transport-Security": [
          "max-age=31536000; includeSubDomains"
        ],
        "X-Content-Type-Options": [
          "nosniff"
        ],
        "Date": [
          "Wed, 19 Aug 2020 04:37:46 GMT"
        ],
        "Content-Length": [
          "22"
        ],
        "Content-Type": [
          "application/json; charset=utf-8"
        ],
        "Expires": [
          "-1"
        ]
      },
      "ResponseBody": "{\r\n  \"status\": \"Succeeded\"\r\n}",
      "StatusCode": 200
    },
    {
      "RequestUri": "/subscriptions/91d12660-3dec-467a-be2a-213b5544ddc0/resourcegroups/ps1071?api-version=2016-09-01",
      "EncodedRequestUri": "L3N1YnNjcmlwdGlvbnMvOTFkMTI2NjAtM2RlYy00NjdhLWJlMmEtMjEzYjU1NDRkZGMwL3Jlc291cmNlZ3JvdXBzL3BzMTA3MT9hcGktdmVyc2lvbj0yMDE2LTA5LTAx",
      "RequestMethod": "DELETE",
      "RequestBody": "",
      "RequestHeaders": {
        "x-ms-client-request-id": [
          "3a2af53c-ad6e-4685-b8d4-0535393eb65f"
        ],
        "Accept-Language": [
          "en-US"
        ],
        "User-Agent": [
          "FxVersion/4.6.28619.01",
          "OSName/Windows",
          "OSVersion/Microsoft.Windows.10.0.18363.",
          "Microsoft.Azure.Management.Internal.Resources.ResourceManagementClient/1.3.22"
        ]
      },
      "ResponseHeaders": {
        "Cache-Control": [
          "no-cache"
        ],
        "Pragma": [
          "no-cache"
        ],
        "Location": [
          "https://management.azure.com/subscriptions/91d12660-3dec-467a-be2a-213b5544ddc0/operationresults/eyJqb2JJZCI6IlJFU09VUkNFR1JPVVBERUxFVElPTkpPQi1QUzEwNzEtV0VTVFVTIiwiam9iTG9jYXRpb24iOiJ3ZXN0dXMifQ?api-version=2016-09-01"
        ],
        "Retry-After": [
          "15"
        ],
        "x-ms-ratelimit-remaining-subscription-deletes": [
          "14999"
        ],
        "x-ms-request-id": [
          "e0d96d84-3af5-4706-9c47-08005a1cf29b"
        ],
        "x-ms-correlation-request-id": [
          "e0d96d84-3af5-4706-9c47-08005a1cf29b"
        ],
        "x-ms-routing-request-id": [
          "WESTUS2:20200819T043748Z:e0d96d84-3af5-4706-9c47-08005a1cf29b"
        ],
        "Strict-Transport-Security": [
          "max-age=31536000; includeSubDomains"
        ],
        "X-Content-Type-Options": [
          "nosniff"
        ],
        "Date": [
          "Wed, 19 Aug 2020 04:37:47 GMT"
        ],
        "Expires": [
          "-1"
        ],
        "Content-Length": [
          "0"
        ]
      },
      "ResponseBody": "",
      "StatusCode": 202
    },
    {
      "RequestUri": "/subscriptions/91d12660-3dec-467a-be2a-213b5544ddc0/operationresults/eyJqb2JJZCI6IlJFU09VUkNFR1JPVVBERUxFVElPTkpPQi1QUzEwNzEtV0VTVFVTIiwiam9iTG9jYXRpb24iOiJ3ZXN0dXMifQ?api-version=2016-09-01",
      "EncodedRequestUri": "L3N1YnNjcmlwdGlvbnMvOTFkMTI2NjAtM2RlYy00NjdhLWJlMmEtMjEzYjU1NDRkZGMwL29wZXJhdGlvbnJlc3VsdHMvZXlKcWIySkpaQ0k2SWxKRlUwOVZVa05GUjFKUFZWQkVSVXhGVkVsUFRrcFBRaTFRVXpFd056RXRWMFZUVkZWVElpd2lhbTlpVEc5allYUnBiMjRpT2lKM1pYTjBkWE1pZlE/YXBpLXZlcnNpb249MjAxNi0wOS0wMQ==",
      "RequestMethod": "GET",
      "RequestBody": "",
      "RequestHeaders": {
        "User-Agent": [
          "FxVersion/4.6.28619.01",
          "OSName/Windows",
          "OSVersion/Microsoft.Windows.10.0.18363.",
          "Microsoft.Azure.Management.Internal.Resources.ResourceManagementClient/1.3.22"
        ]
      },
      "ResponseHeaders": {
        "Cache-Control": [
          "no-cache"
        ],
        "Pragma": [
          "no-cache"
        ],
        "Location": [
          "https://management.azure.com/subscriptions/91d12660-3dec-467a-be2a-213b5544ddc0/operationresults/eyJqb2JJZCI6IlJFU09VUkNFR1JPVVBERUxFVElPTkpPQi1QUzEwNzEtV0VTVFVTIiwiam9iTG9jYXRpb24iOiJ3ZXN0dXMifQ?api-version=2016-09-01"
        ],
        "Retry-After": [
          "15"
        ],
        "x-ms-ratelimit-remaining-subscription-reads": [
          "11999"
        ],
        "x-ms-request-id": [
          "70b75cb3-7fed-4516-bd38-57e36acda4c7"
        ],
        "x-ms-correlation-request-id": [
          "70b75cb3-7fed-4516-bd38-57e36acda4c7"
        ],
        "x-ms-routing-request-id": [
          "WESTUS2:20200819T043803Z:70b75cb3-7fed-4516-bd38-57e36acda4c7"
        ],
        "Strict-Transport-Security": [
          "max-age=31536000; includeSubDomains"
        ],
        "X-Content-Type-Options": [
          "nosniff"
        ],
        "Date": [
          "Wed, 19 Aug 2020 04:38:02 GMT"
        ],
        "Expires": [
          "-1"
        ],
        "Content-Length": [
          "0"
        ]
      },
      "ResponseBody": "",
      "StatusCode": 202
    },
    {
      "RequestUri": "/subscriptions/91d12660-3dec-467a-be2a-213b5544ddc0/operationresults/eyJqb2JJZCI6IlJFU09VUkNFR1JPVVBERUxFVElPTkpPQi1QUzEwNzEtV0VTVFVTIiwiam9iTG9jYXRpb24iOiJ3ZXN0dXMifQ?api-version=2016-09-01",
      "EncodedRequestUri": "L3N1YnNjcmlwdGlvbnMvOTFkMTI2NjAtM2RlYy00NjdhLWJlMmEtMjEzYjU1NDRkZGMwL29wZXJhdGlvbnJlc3VsdHMvZXlKcWIySkpaQ0k2SWxKRlUwOVZVa05GUjFKUFZWQkVSVXhGVkVsUFRrcFBRaTFRVXpFd056RXRWMFZUVkZWVElpd2lhbTlpVEc5allYUnBiMjRpT2lKM1pYTjBkWE1pZlE/YXBpLXZlcnNpb249MjAxNi0wOS0wMQ==",
      "RequestMethod": "GET",
      "RequestBody": "",
      "RequestHeaders": {
        "User-Agent": [
          "FxVersion/4.6.28619.01",
          "OSName/Windows",
          "OSVersion/Microsoft.Windows.10.0.18363.",
          "Microsoft.Azure.Management.Internal.Resources.ResourceManagementClient/1.3.22"
        ]
      },
      "ResponseHeaders": {
        "Cache-Control": [
          "no-cache"
        ],
        "Pragma": [
          "no-cache"
        ],
        "Location": [
          "https://management.azure.com/subscriptions/91d12660-3dec-467a-be2a-213b5544ddc0/operationresults/eyJqb2JJZCI6IlJFU09VUkNFR1JPVVBERUxFVElPTkpPQi1QUzEwNzEtV0VTVFVTIiwiam9iTG9jYXRpb24iOiJ3ZXN0dXMifQ?api-version=2016-09-01"
        ],
        "Retry-After": [
          "15"
        ],
        "x-ms-ratelimit-remaining-subscription-reads": [
          "11998"
        ],
        "x-ms-request-id": [
          "0d298561-9d38-4b18-9439-77b635549092"
        ],
        "x-ms-correlation-request-id": [
          "0d298561-9d38-4b18-9439-77b635549092"
        ],
        "x-ms-routing-request-id": [
          "WESTUS2:20200819T043818Z:0d298561-9d38-4b18-9439-77b635549092"
        ],
        "Strict-Transport-Security": [
          "max-age=31536000; includeSubDomains"
        ],
        "X-Content-Type-Options": [
          "nosniff"
        ],
        "Date": [
          "Wed, 19 Aug 2020 04:38:18 GMT"
        ],
        "Expires": [
          "-1"
        ],
        "Content-Length": [
          "0"
        ]
      },
      "ResponseBody": "",
      "StatusCode": 202
    },
    {
      "RequestUri": "/subscriptions/91d12660-3dec-467a-be2a-213b5544ddc0/operationresults/eyJqb2JJZCI6IlJFU09VUkNFR1JPVVBERUxFVElPTkpPQi1QUzEwNzEtV0VTVFVTIiwiam9iTG9jYXRpb24iOiJ3ZXN0dXMifQ?api-version=2016-09-01",
      "EncodedRequestUri": "L3N1YnNjcmlwdGlvbnMvOTFkMTI2NjAtM2RlYy00NjdhLWJlMmEtMjEzYjU1NDRkZGMwL29wZXJhdGlvbnJlc3VsdHMvZXlKcWIySkpaQ0k2SWxKRlUwOVZVa05GUjFKUFZWQkVSVXhGVkVsUFRrcFBRaTFRVXpFd056RXRWMFZUVkZWVElpd2lhbTlpVEc5allYUnBiMjRpT2lKM1pYTjBkWE1pZlE/YXBpLXZlcnNpb249MjAxNi0wOS0wMQ==",
      "RequestMethod": "GET",
      "RequestBody": "",
      "RequestHeaders": {
        "User-Agent": [
          "FxVersion/4.6.28619.01",
          "OSName/Windows",
          "OSVersion/Microsoft.Windows.10.0.18363.",
          "Microsoft.Azure.Management.Internal.Resources.ResourceManagementClient/1.3.22"
        ]
      },
      "ResponseHeaders": {
        "Cache-Control": [
          "no-cache"
        ],
        "Pragma": [
          "no-cache"
        ],
        "Location": [
          "https://management.azure.com/subscriptions/91d12660-3dec-467a-be2a-213b5544ddc0/operationresults/eyJqb2JJZCI6IlJFU09VUkNFR1JPVVBERUxFVElPTkpPQi1QUzEwNzEtV0VTVFVTIiwiam9iTG9jYXRpb24iOiJ3ZXN0dXMifQ?api-version=2016-09-01"
        ],
        "Retry-After": [
          "15"
        ],
        "x-ms-ratelimit-remaining-subscription-reads": [
          "11997"
        ],
        "x-ms-request-id": [
          "5c6b3ec1-d9ca-4d72-9861-7e11bce592ba"
        ],
        "x-ms-correlation-request-id": [
          "5c6b3ec1-d9ca-4d72-9861-7e11bce592ba"
        ],
        "x-ms-routing-request-id": [
          "WESTUS2:20200819T043833Z:5c6b3ec1-d9ca-4d72-9861-7e11bce592ba"
        ],
        "Strict-Transport-Security": [
          "max-age=31536000; includeSubDomains"
        ],
        "X-Content-Type-Options": [
          "nosniff"
        ],
        "Date": [
          "Wed, 19 Aug 2020 04:38:32 GMT"
        ],
        "Expires": [
          "-1"
        ],
        "Content-Length": [
          "0"
        ]
      },
      "ResponseBody": "",
      "StatusCode": 202
    },
    {
      "RequestUri": "/subscriptions/91d12660-3dec-467a-be2a-213b5544ddc0/operationresults/eyJqb2JJZCI6IlJFU09VUkNFR1JPVVBERUxFVElPTkpPQi1QUzEwNzEtV0VTVFVTIiwiam9iTG9jYXRpb24iOiJ3ZXN0dXMifQ?api-version=2016-09-01",
      "EncodedRequestUri": "L3N1YnNjcmlwdGlvbnMvOTFkMTI2NjAtM2RlYy00NjdhLWJlMmEtMjEzYjU1NDRkZGMwL29wZXJhdGlvbnJlc3VsdHMvZXlKcWIySkpaQ0k2SWxKRlUwOVZVa05GUjFKUFZWQkVSVXhGVkVsUFRrcFBRaTFRVXpFd056RXRWMFZUVkZWVElpd2lhbTlpVEc5allYUnBiMjRpT2lKM1pYTjBkWE1pZlE/YXBpLXZlcnNpb249MjAxNi0wOS0wMQ==",
      "RequestMethod": "GET",
      "RequestBody": "",
      "RequestHeaders": {
        "User-Agent": [
          "FxVersion/4.6.28619.01",
          "OSName/Windows",
          "OSVersion/Microsoft.Windows.10.0.18363.",
          "Microsoft.Azure.Management.Internal.Resources.ResourceManagementClient/1.3.22"
        ]
      },
      "ResponseHeaders": {
        "Cache-Control": [
          "no-cache"
        ],
        "Pragma": [
          "no-cache"
        ],
        "Location": [
          "https://management.azure.com/subscriptions/91d12660-3dec-467a-be2a-213b5544ddc0/operationresults/eyJqb2JJZCI6IlJFU09VUkNFR1JPVVBERUxFVElPTkpPQi1QUzEwNzEtV0VTVFVTIiwiam9iTG9jYXRpb24iOiJ3ZXN0dXMifQ?api-version=2016-09-01"
        ],
        "Retry-After": [
          "15"
        ],
        "x-ms-ratelimit-remaining-subscription-reads": [
          "11996"
        ],
        "x-ms-request-id": [
          "1aa2881a-e092-4ae2-be0f-a83348fa9b53"
        ],
        "x-ms-correlation-request-id": [
          "1aa2881a-e092-4ae2-be0f-a83348fa9b53"
        ],
        "x-ms-routing-request-id": [
          "WESTUS2:20200819T043848Z:1aa2881a-e092-4ae2-be0f-a83348fa9b53"
        ],
        "Strict-Transport-Security": [
          "max-age=31536000; includeSubDomains"
        ],
        "X-Content-Type-Options": [
          "nosniff"
        ],
        "Date": [
          "Wed, 19 Aug 2020 04:38:47 GMT"
        ],
        "Expires": [
          "-1"
        ],
        "Content-Length": [
          "0"
        ]
      },
      "ResponseBody": "",
      "StatusCode": 202
    },
    {
      "RequestUri": "/subscriptions/91d12660-3dec-467a-be2a-213b5544ddc0/operationresults/eyJqb2JJZCI6IlJFU09VUkNFR1JPVVBERUxFVElPTkpPQi1QUzEwNzEtV0VTVFVTIiwiam9iTG9jYXRpb24iOiJ3ZXN0dXMifQ?api-version=2016-09-01",
      "EncodedRequestUri": "L3N1YnNjcmlwdGlvbnMvOTFkMTI2NjAtM2RlYy00NjdhLWJlMmEtMjEzYjU1NDRkZGMwL29wZXJhdGlvbnJlc3VsdHMvZXlKcWIySkpaQ0k2SWxKRlUwOVZVa05GUjFKUFZWQkVSVXhGVkVsUFRrcFBRaTFRVXpFd056RXRWMFZUVkZWVElpd2lhbTlpVEc5allYUnBiMjRpT2lKM1pYTjBkWE1pZlE/YXBpLXZlcnNpb249MjAxNi0wOS0wMQ==",
      "RequestMethod": "GET",
      "RequestBody": "",
      "RequestHeaders": {
        "User-Agent": [
          "FxVersion/4.6.28619.01",
          "OSName/Windows",
          "OSVersion/Microsoft.Windows.10.0.18363.",
          "Microsoft.Azure.Management.Internal.Resources.ResourceManagementClient/1.3.22"
        ]
      },
      "ResponseHeaders": {
        "Cache-Control": [
          "no-cache"
        ],
        "Pragma": [
          "no-cache"
        ],
        "Location": [
          "https://management.azure.com/subscriptions/91d12660-3dec-467a-be2a-213b5544ddc0/operationresults/eyJqb2JJZCI6IlJFU09VUkNFR1JPVVBERUxFVElPTkpPQi1QUzEwNzEtV0VTVFVTIiwiam9iTG9jYXRpb24iOiJ3ZXN0dXMifQ?api-version=2016-09-01"
        ],
        "Retry-After": [
          "15"
        ],
        "x-ms-ratelimit-remaining-subscription-reads": [
          "11995"
        ],
        "x-ms-request-id": [
          "c41ed48f-7283-4adc-9419-085c4108adb6"
        ],
        "x-ms-correlation-request-id": [
          "c41ed48f-7283-4adc-9419-085c4108adb6"
        ],
        "x-ms-routing-request-id": [
          "WESTUS2:20200819T043903Z:c41ed48f-7283-4adc-9419-085c4108adb6"
        ],
        "Strict-Transport-Security": [
          "max-age=31536000; includeSubDomains"
        ],
        "X-Content-Type-Options": [
          "nosniff"
        ],
        "Date": [
          "Wed, 19 Aug 2020 04:39:02 GMT"
        ],
        "Expires": [
          "-1"
        ],
        "Content-Length": [
          "0"
        ]
      },
      "ResponseBody": "",
      "StatusCode": 202
    },
    {
      "RequestUri": "/subscriptions/91d12660-3dec-467a-be2a-213b5544ddc0/operationresults/eyJqb2JJZCI6IlJFU09VUkNFR1JPVVBERUxFVElPTkpPQi1QUzEwNzEtV0VTVFVTIiwiam9iTG9jYXRpb24iOiJ3ZXN0dXMifQ?api-version=2016-09-01",
      "EncodedRequestUri": "L3N1YnNjcmlwdGlvbnMvOTFkMTI2NjAtM2RlYy00NjdhLWJlMmEtMjEzYjU1NDRkZGMwL29wZXJhdGlvbnJlc3VsdHMvZXlKcWIySkpaQ0k2SWxKRlUwOVZVa05GUjFKUFZWQkVSVXhGVkVsUFRrcFBRaTFRVXpFd056RXRWMFZUVkZWVElpd2lhbTlpVEc5allYUnBiMjRpT2lKM1pYTjBkWE1pZlE/YXBpLXZlcnNpb249MjAxNi0wOS0wMQ==",
      "RequestMethod": "GET",
      "RequestBody": "",
      "RequestHeaders": {
        "User-Agent": [
          "FxVersion/4.6.28619.01",
          "OSName/Windows",
          "OSVersion/Microsoft.Windows.10.0.18363.",
          "Microsoft.Azure.Management.Internal.Resources.ResourceManagementClient/1.3.22"
        ]
      },
      "ResponseHeaders": {
        "Cache-Control": [
          "no-cache"
        ],
        "Pragma": [
          "no-cache"
        ],
        "Location": [
          "https://management.azure.com/subscriptions/91d12660-3dec-467a-be2a-213b5544ddc0/operationresults/eyJqb2JJZCI6IlJFU09VUkNFR1JPVVBERUxFVElPTkpPQi1QUzEwNzEtV0VTVFVTIiwiam9iTG9jYXRpb24iOiJ3ZXN0dXMifQ?api-version=2016-09-01"
        ],
        "Retry-After": [
          "15"
        ],
        "x-ms-ratelimit-remaining-subscription-reads": [
          "11994"
        ],
        "x-ms-request-id": [
          "3c9c161c-e789-4bc3-a5bf-adef428ab8d5"
        ],
        "x-ms-correlation-request-id": [
          "3c9c161c-e789-4bc3-a5bf-adef428ab8d5"
        ],
        "x-ms-routing-request-id": [
          "WESTUS2:20200819T043918Z:3c9c161c-e789-4bc3-a5bf-adef428ab8d5"
        ],
        "Strict-Transport-Security": [
          "max-age=31536000; includeSubDomains"
        ],
        "X-Content-Type-Options": [
          "nosniff"
        ],
        "Date": [
          "Wed, 19 Aug 2020 04:39:18 GMT"
        ],
        "Expires": [
          "-1"
        ],
        "Content-Length": [
          "0"
        ]
      },
      "ResponseBody": "",
      "StatusCode": 202
    },
    {
      "RequestUri": "/subscriptions/91d12660-3dec-467a-be2a-213b5544ddc0/operationresults/eyJqb2JJZCI6IlJFU09VUkNFR1JPVVBERUxFVElPTkpPQi1QUzEwNzEtV0VTVFVTIiwiam9iTG9jYXRpb24iOiJ3ZXN0dXMifQ?api-version=2016-09-01",
      "EncodedRequestUri": "L3N1YnNjcmlwdGlvbnMvOTFkMTI2NjAtM2RlYy00NjdhLWJlMmEtMjEzYjU1NDRkZGMwL29wZXJhdGlvbnJlc3VsdHMvZXlKcWIySkpaQ0k2SWxKRlUwOVZVa05GUjFKUFZWQkVSVXhGVkVsUFRrcFBRaTFRVXpFd056RXRWMFZUVkZWVElpd2lhbTlpVEc5allYUnBiMjRpT2lKM1pYTjBkWE1pZlE/YXBpLXZlcnNpb249MjAxNi0wOS0wMQ==",
      "RequestMethod": "GET",
      "RequestBody": "",
      "RequestHeaders": {
        "User-Agent": [
          "FxVersion/4.6.28619.01",
          "OSName/Windows",
          "OSVersion/Microsoft.Windows.10.0.18363.",
          "Microsoft.Azure.Management.Internal.Resources.ResourceManagementClient/1.3.22"
        ]
      },
      "ResponseHeaders": {
        "Cache-Control": [
          "no-cache"
        ],
        "Pragma": [
          "no-cache"
        ],
        "Location": [
          "https://management.azure.com/subscriptions/91d12660-3dec-467a-be2a-213b5544ddc0/operationresults/eyJqb2JJZCI6IlJFU09VUkNFR1JPVVBERUxFVElPTkpPQi1QUzEwNzEtV0VTVFVTIiwiam9iTG9jYXRpb24iOiJ3ZXN0dXMifQ?api-version=2016-09-01"
        ],
        "Retry-After": [
          "15"
        ],
        "x-ms-ratelimit-remaining-subscription-reads": [
          "11993"
        ],
        "x-ms-request-id": [
          "aafe1ea5-f28d-4530-8e9d-8ec16cb9dc62"
        ],
        "x-ms-correlation-request-id": [
          "aafe1ea5-f28d-4530-8e9d-8ec16cb9dc62"
        ],
        "x-ms-routing-request-id": [
          "WESTUS2:20200819T043933Z:aafe1ea5-f28d-4530-8e9d-8ec16cb9dc62"
        ],
        "Strict-Transport-Security": [
          "max-age=31536000; includeSubDomains"
        ],
        "X-Content-Type-Options": [
          "nosniff"
        ],
        "Date": [
          "Wed, 19 Aug 2020 04:39:33 GMT"
        ],
        "Expires": [
          "-1"
        ],
        "Content-Length": [
          "0"
        ]
      },
      "ResponseBody": "",
      "StatusCode": 202
    },
    {
      "RequestUri": "/subscriptions/91d12660-3dec-467a-be2a-213b5544ddc0/operationresults/eyJqb2JJZCI6IlJFU09VUkNFR1JPVVBERUxFVElPTkpPQi1QUzEwNzEtV0VTVFVTIiwiam9iTG9jYXRpb24iOiJ3ZXN0dXMifQ?api-version=2016-09-01",
      "EncodedRequestUri": "L3N1YnNjcmlwdGlvbnMvOTFkMTI2NjAtM2RlYy00NjdhLWJlMmEtMjEzYjU1NDRkZGMwL29wZXJhdGlvbnJlc3VsdHMvZXlKcWIySkpaQ0k2SWxKRlUwOVZVa05GUjFKUFZWQkVSVXhGVkVsUFRrcFBRaTFRVXpFd056RXRWMFZUVkZWVElpd2lhbTlpVEc5allYUnBiMjRpT2lKM1pYTjBkWE1pZlE/YXBpLXZlcnNpb249MjAxNi0wOS0wMQ==",
      "RequestMethod": "GET",
      "RequestBody": "",
      "RequestHeaders": {
        "User-Agent": [
          "FxVersion/4.6.28619.01",
          "OSName/Windows",
          "OSVersion/Microsoft.Windows.10.0.18363.",
          "Microsoft.Azure.Management.Internal.Resources.ResourceManagementClient/1.3.22"
        ]
      },
      "ResponseHeaders": {
        "Cache-Control": [
          "no-cache"
        ],
        "Pragma": [
          "no-cache"
        ],
        "Location": [
          "https://management.azure.com/subscriptions/91d12660-3dec-467a-be2a-213b5544ddc0/operationresults/eyJqb2JJZCI6IlJFU09VUkNFR1JPVVBERUxFVElPTkpPQi1QUzEwNzEtV0VTVFVTIiwiam9iTG9jYXRpb24iOiJ3ZXN0dXMifQ?api-version=2016-09-01"
        ],
        "Retry-After": [
          "15"
        ],
        "x-ms-ratelimit-remaining-subscription-reads": [
          "11992"
        ],
        "x-ms-request-id": [
          "b52c8510-0bed-4544-a3a0-88ea8229d0dd"
        ],
        "x-ms-correlation-request-id": [
          "b52c8510-0bed-4544-a3a0-88ea8229d0dd"
        ],
        "x-ms-routing-request-id": [
          "WESTUS2:20200819T043948Z:b52c8510-0bed-4544-a3a0-88ea8229d0dd"
        ],
        "Strict-Transport-Security": [
          "max-age=31536000; includeSubDomains"
        ],
        "X-Content-Type-Options": [
          "nosniff"
        ],
        "Date": [
          "Wed, 19 Aug 2020 04:39:48 GMT"
        ],
        "Expires": [
          "-1"
        ],
        "Content-Length": [
          "0"
        ]
      },
      "ResponseBody": "",
      "StatusCode": 202
    },
    {
      "RequestUri": "/subscriptions/91d12660-3dec-467a-be2a-213b5544ddc0/operationresults/eyJqb2JJZCI6IlJFU09VUkNFR1JPVVBERUxFVElPTkpPQi1QUzEwNzEtV0VTVFVTIiwiam9iTG9jYXRpb24iOiJ3ZXN0dXMifQ?api-version=2016-09-01",
      "EncodedRequestUri": "L3N1YnNjcmlwdGlvbnMvOTFkMTI2NjAtM2RlYy00NjdhLWJlMmEtMjEzYjU1NDRkZGMwL29wZXJhdGlvbnJlc3VsdHMvZXlKcWIySkpaQ0k2SWxKRlUwOVZVa05GUjFKUFZWQkVSVXhGVkVsUFRrcFBRaTFRVXpFd056RXRWMFZUVkZWVElpd2lhbTlpVEc5allYUnBiMjRpT2lKM1pYTjBkWE1pZlE/YXBpLXZlcnNpb249MjAxNi0wOS0wMQ==",
      "RequestMethod": "GET",
      "RequestBody": "",
      "RequestHeaders": {
        "User-Agent": [
          "FxVersion/4.6.28619.01",
          "OSName/Windows",
          "OSVersion/Microsoft.Windows.10.0.18363.",
          "Microsoft.Azure.Management.Internal.Resources.ResourceManagementClient/1.3.22"
        ]
      },
      "ResponseHeaders": {
        "Cache-Control": [
          "no-cache"
        ],
        "Pragma": [
          "no-cache"
        ],
        "Location": [
          "https://management.azure.com/subscriptions/91d12660-3dec-467a-be2a-213b5544ddc0/operationresults/eyJqb2JJZCI6IlJFU09VUkNFR1JPVVBERUxFVElPTkpPQi1QUzEwNzEtV0VTVFVTIiwiam9iTG9jYXRpb24iOiJ3ZXN0dXMifQ?api-version=2016-09-01"
        ],
        "Retry-After": [
          "15"
        ],
        "x-ms-ratelimit-remaining-subscription-reads": [
          "11991"
        ],
        "x-ms-request-id": [
          "dffc1bf0-5786-4984-97d9-c5b6ab542921"
        ],
        "x-ms-correlation-request-id": [
          "dffc1bf0-5786-4984-97d9-c5b6ab542921"
        ],
        "x-ms-routing-request-id": [
          "WESTUS2:20200819T044003Z:dffc1bf0-5786-4984-97d9-c5b6ab542921"
        ],
        "Strict-Transport-Security": [
          "max-age=31536000; includeSubDomains"
        ],
        "X-Content-Type-Options": [
          "nosniff"
        ],
        "Date": [
          "Wed, 19 Aug 2020 04:40:03 GMT"
        ],
        "Expires": [
          "-1"
        ],
        "Content-Length": [
          "0"
        ]
      },
      "ResponseBody": "",
      "StatusCode": 202
    },
    {
      "RequestUri": "/subscriptions/91d12660-3dec-467a-be2a-213b5544ddc0/operationresults/eyJqb2JJZCI6IlJFU09VUkNFR1JPVVBERUxFVElPTkpPQi1QUzEwNzEtV0VTVFVTIiwiam9iTG9jYXRpb24iOiJ3ZXN0dXMifQ?api-version=2016-09-01",
      "EncodedRequestUri": "L3N1YnNjcmlwdGlvbnMvOTFkMTI2NjAtM2RlYy00NjdhLWJlMmEtMjEzYjU1NDRkZGMwL29wZXJhdGlvbnJlc3VsdHMvZXlKcWIySkpaQ0k2SWxKRlUwOVZVa05GUjFKUFZWQkVSVXhGVkVsUFRrcFBRaTFRVXpFd056RXRWMFZUVkZWVElpd2lhbTlpVEc5allYUnBiMjRpT2lKM1pYTjBkWE1pZlE/YXBpLXZlcnNpb249MjAxNi0wOS0wMQ==",
      "RequestMethod": "GET",
      "RequestBody": "",
      "RequestHeaders": {
        "User-Agent": [
          "FxVersion/4.6.28619.01",
          "OSName/Windows",
          "OSVersion/Microsoft.Windows.10.0.18363.",
          "Microsoft.Azure.Management.Internal.Resources.ResourceManagementClient/1.3.22"
        ]
      },
      "ResponseHeaders": {
        "Cache-Control": [
          "no-cache"
        ],
        "Pragma": [
          "no-cache"
        ],
        "Location": [
          "https://management.azure.com/subscriptions/91d12660-3dec-467a-be2a-213b5544ddc0/operationresults/eyJqb2JJZCI6IlJFU09VUkNFR1JPVVBERUxFVElPTkpPQi1QUzEwNzEtV0VTVFVTIiwiam9iTG9jYXRpb24iOiJ3ZXN0dXMifQ?api-version=2016-09-01"
        ],
        "Retry-After": [
          "15"
        ],
        "x-ms-ratelimit-remaining-subscription-reads": [
          "11990"
        ],
        "x-ms-request-id": [
          "7957f184-8c13-4502-9c7b-96749c2e670b"
        ],
        "x-ms-correlation-request-id": [
          "7957f184-8c13-4502-9c7b-96749c2e670b"
        ],
        "x-ms-routing-request-id": [
          "WESTUS2:20200819T044019Z:7957f184-8c13-4502-9c7b-96749c2e670b"
        ],
        "Strict-Transport-Security": [
          "max-age=31536000; includeSubDomains"
        ],
        "X-Content-Type-Options": [
          "nosniff"
        ],
        "Date": [
          "Wed, 19 Aug 2020 04:40:18 GMT"
        ],
        "Expires": [
          "-1"
        ],
        "Content-Length": [
          "0"
        ]
      },
      "ResponseBody": "",
      "StatusCode": 202
    },
    {
      "RequestUri": "/subscriptions/91d12660-3dec-467a-be2a-213b5544ddc0/operationresults/eyJqb2JJZCI6IlJFU09VUkNFR1JPVVBERUxFVElPTkpPQi1QUzEwNzEtV0VTVFVTIiwiam9iTG9jYXRpb24iOiJ3ZXN0dXMifQ?api-version=2016-09-01",
      "EncodedRequestUri": "L3N1YnNjcmlwdGlvbnMvOTFkMTI2NjAtM2RlYy00NjdhLWJlMmEtMjEzYjU1NDRkZGMwL29wZXJhdGlvbnJlc3VsdHMvZXlKcWIySkpaQ0k2SWxKRlUwOVZVa05GUjFKUFZWQkVSVXhGVkVsUFRrcFBRaTFRVXpFd056RXRWMFZUVkZWVElpd2lhbTlpVEc5allYUnBiMjRpT2lKM1pYTjBkWE1pZlE/YXBpLXZlcnNpb249MjAxNi0wOS0wMQ==",
      "RequestMethod": "GET",
      "RequestBody": "",
      "RequestHeaders": {
        "User-Agent": [
          "FxVersion/4.6.28619.01",
          "OSName/Windows",
          "OSVersion/Microsoft.Windows.10.0.18363.",
          "Microsoft.Azure.Management.Internal.Resources.ResourceManagementClient/1.3.22"
        ]
      },
      "ResponseHeaders": {
        "Cache-Control": [
          "no-cache"
        ],
        "Pragma": [
          "no-cache"
        ],
        "Location": [
          "https://management.azure.com/subscriptions/91d12660-3dec-467a-be2a-213b5544ddc0/operationresults/eyJqb2JJZCI6IlJFU09VUkNFR1JPVVBERUxFVElPTkpPQi1QUzEwNzEtV0VTVFVTIiwiam9iTG9jYXRpb24iOiJ3ZXN0dXMifQ?api-version=2016-09-01"
        ],
        "Retry-After": [
          "15"
        ],
        "x-ms-ratelimit-remaining-subscription-reads": [
          "11989"
        ],
        "x-ms-request-id": [
          "ba18992e-4774-4179-9d2c-d74d8077d33b"
        ],
        "x-ms-correlation-request-id": [
          "ba18992e-4774-4179-9d2c-d74d8077d33b"
        ],
        "x-ms-routing-request-id": [
          "WESTUS2:20200819T044034Z:ba18992e-4774-4179-9d2c-d74d8077d33b"
        ],
        "Strict-Transport-Security": [
          "max-age=31536000; includeSubDomains"
        ],
        "X-Content-Type-Options": [
          "nosniff"
        ],
        "Date": [
          "Wed, 19 Aug 2020 04:40:33 GMT"
        ],
        "Expires": [
          "-1"
        ],
        "Content-Length": [
          "0"
        ]
      },
      "ResponseBody": "",
      "StatusCode": 202
    },
    {
      "RequestUri": "/subscriptions/91d12660-3dec-467a-be2a-213b5544ddc0/operationresults/eyJqb2JJZCI6IlJFU09VUkNFR1JPVVBERUxFVElPTkpPQi1QUzEwNzEtV0VTVFVTIiwiam9iTG9jYXRpb24iOiJ3ZXN0dXMifQ?api-version=2016-09-01",
      "EncodedRequestUri": "L3N1YnNjcmlwdGlvbnMvOTFkMTI2NjAtM2RlYy00NjdhLWJlMmEtMjEzYjU1NDRkZGMwL29wZXJhdGlvbnJlc3VsdHMvZXlKcWIySkpaQ0k2SWxKRlUwOVZVa05GUjFKUFZWQkVSVXhGVkVsUFRrcFBRaTFRVXpFd056RXRWMFZUVkZWVElpd2lhbTlpVEc5allYUnBiMjRpT2lKM1pYTjBkWE1pZlE/YXBpLXZlcnNpb249MjAxNi0wOS0wMQ==",
      "RequestMethod": "GET",
      "RequestBody": "",
      "RequestHeaders": {
        "User-Agent": [
          "FxVersion/4.6.28619.01",
          "OSName/Windows",
          "OSVersion/Microsoft.Windows.10.0.18363.",
          "Microsoft.Azure.Management.Internal.Resources.ResourceManagementClient/1.3.22"
        ]
      },
      "ResponseHeaders": {
        "Cache-Control": [
          "no-cache"
        ],
        "Pragma": [
          "no-cache"
        ],
        "Location": [
          "https://management.azure.com/subscriptions/91d12660-3dec-467a-be2a-213b5544ddc0/operationresults/eyJqb2JJZCI6IlJFU09VUkNFR1JPVVBERUxFVElPTkpPQi1QUzEwNzEtV0VTVFVTIiwiam9iTG9jYXRpb24iOiJ3ZXN0dXMifQ?api-version=2016-09-01"
        ],
        "Retry-After": [
          "15"
        ],
        "x-ms-ratelimit-remaining-subscription-reads": [
          "11988"
        ],
        "x-ms-request-id": [
          "320e77a7-5d65-4630-8f55-cc2270285d16"
        ],
        "x-ms-correlation-request-id": [
          "320e77a7-5d65-4630-8f55-cc2270285d16"
        ],
        "x-ms-routing-request-id": [
          "WESTUS2:20200819T044049Z:320e77a7-5d65-4630-8f55-cc2270285d16"
        ],
        "Strict-Transport-Security": [
          "max-age=31536000; includeSubDomains"
        ],
        "X-Content-Type-Options": [
          "nosniff"
        ],
        "Date": [
          "Wed, 19 Aug 2020 04:40:48 GMT"
        ],
        "Expires": [
          "-1"
        ],
        "Content-Length": [
          "0"
        ]
      },
      "ResponseBody": "",
      "StatusCode": 202
    },
    {
      "RequestUri": "/subscriptions/91d12660-3dec-467a-be2a-213b5544ddc0/operationresults/eyJqb2JJZCI6IlJFU09VUkNFR1JPVVBERUxFVElPTkpPQi1QUzEwNzEtV0VTVFVTIiwiam9iTG9jYXRpb24iOiJ3ZXN0dXMifQ?api-version=2016-09-01",
      "EncodedRequestUri": "L3N1YnNjcmlwdGlvbnMvOTFkMTI2NjAtM2RlYy00NjdhLWJlMmEtMjEzYjU1NDRkZGMwL29wZXJhdGlvbnJlc3VsdHMvZXlKcWIySkpaQ0k2SWxKRlUwOVZVa05GUjFKUFZWQkVSVXhGVkVsUFRrcFBRaTFRVXpFd056RXRWMFZUVkZWVElpd2lhbTlpVEc5allYUnBiMjRpT2lKM1pYTjBkWE1pZlE/YXBpLXZlcnNpb249MjAxNi0wOS0wMQ==",
      "RequestMethod": "GET",
      "RequestBody": "",
      "RequestHeaders": {
        "User-Agent": [
          "FxVersion/4.6.28619.01",
          "OSName/Windows",
          "OSVersion/Microsoft.Windows.10.0.18363.",
          "Microsoft.Azure.Management.Internal.Resources.ResourceManagementClient/1.3.22"
        ]
      },
      "ResponseHeaders": {
        "Cache-Control": [
          "no-cache"
        ],
        "Pragma": [
          "no-cache"
        ],
        "Location": [
          "https://management.azure.com/subscriptions/91d12660-3dec-467a-be2a-213b5544ddc0/operationresults/eyJqb2JJZCI6IlJFU09VUkNFR1JPVVBERUxFVElPTkpPQi1QUzEwNzEtV0VTVFVTIiwiam9iTG9jYXRpb24iOiJ3ZXN0dXMifQ?api-version=2016-09-01"
        ],
        "Retry-After": [
          "15"
        ],
        "x-ms-ratelimit-remaining-subscription-reads": [
          "11987"
        ],
        "x-ms-request-id": [
          "4fc916cb-1574-4c79-a1f6-7195abe4228b"
        ],
        "x-ms-correlation-request-id": [
          "4fc916cb-1574-4c79-a1f6-7195abe4228b"
        ],
        "x-ms-routing-request-id": [
          "WESTUS2:20200819T044104Z:4fc916cb-1574-4c79-a1f6-7195abe4228b"
        ],
        "Strict-Transport-Security": [
          "max-age=31536000; includeSubDomains"
        ],
        "X-Content-Type-Options": [
          "nosniff"
        ],
        "Date": [
          "Wed, 19 Aug 2020 04:41:03 GMT"
        ],
        "Expires": [
          "-1"
        ],
        "Content-Length": [
          "0"
        ]
      },
      "ResponseBody": "",
      "StatusCode": 202
    },
    {
      "RequestUri": "/subscriptions/91d12660-3dec-467a-be2a-213b5544ddc0/operationresults/eyJqb2JJZCI6IlJFU09VUkNFR1JPVVBERUxFVElPTkpPQi1QUzEwNzEtV0VTVFVTIiwiam9iTG9jYXRpb24iOiJ3ZXN0dXMifQ?api-version=2016-09-01",
      "EncodedRequestUri": "L3N1YnNjcmlwdGlvbnMvOTFkMTI2NjAtM2RlYy00NjdhLWJlMmEtMjEzYjU1NDRkZGMwL29wZXJhdGlvbnJlc3VsdHMvZXlKcWIySkpaQ0k2SWxKRlUwOVZVa05GUjFKUFZWQkVSVXhGVkVsUFRrcFBRaTFRVXpFd056RXRWMFZUVkZWVElpd2lhbTlpVEc5allYUnBiMjRpT2lKM1pYTjBkWE1pZlE/YXBpLXZlcnNpb249MjAxNi0wOS0wMQ==",
      "RequestMethod": "GET",
      "RequestBody": "",
      "RequestHeaders": {
        "User-Agent": [
          "FxVersion/4.6.28619.01",
          "OSName/Windows",
          "OSVersion/Microsoft.Windows.10.0.18363.",
          "Microsoft.Azure.Management.Internal.Resources.ResourceManagementClient/1.3.22"
        ]
      },
      "ResponseHeaders": {
        "Cache-Control": [
          "no-cache"
        ],
        "Pragma": [
          "no-cache"
        ],
        "Location": [
          "https://management.azure.com/subscriptions/91d12660-3dec-467a-be2a-213b5544ddc0/operationresults/eyJqb2JJZCI6IlJFU09VUkNFR1JPVVBERUxFVElPTkpPQi1QUzEwNzEtV0VTVFVTIiwiam9iTG9jYXRpb24iOiJ3ZXN0dXMifQ?api-version=2016-09-01"
        ],
        "Retry-After": [
          "15"
        ],
        "x-ms-ratelimit-remaining-subscription-reads": [
          "11986"
        ],
        "x-ms-request-id": [
          "c9eaf6fc-3e6d-43ea-99c7-91690be5a74a"
        ],
        "x-ms-correlation-request-id": [
          "c9eaf6fc-3e6d-43ea-99c7-91690be5a74a"
        ],
        "x-ms-routing-request-id": [
          "WESTUS2:20200819T044119Z:c9eaf6fc-3e6d-43ea-99c7-91690be5a74a"
        ],
        "Strict-Transport-Security": [
          "max-age=31536000; includeSubDomains"
        ],
        "X-Content-Type-Options": [
          "nosniff"
        ],
        "Date": [
          "Wed, 19 Aug 2020 04:41:19 GMT"
        ],
        "Expires": [
          "-1"
        ],
        "Content-Length": [
          "0"
        ]
      },
      "ResponseBody": "",
      "StatusCode": 202
    },
    {
      "RequestUri": "/subscriptions/91d12660-3dec-467a-be2a-213b5544ddc0/operationresults/eyJqb2JJZCI6IlJFU09VUkNFR1JPVVBERUxFVElPTkpPQi1QUzEwNzEtV0VTVFVTIiwiam9iTG9jYXRpb24iOiJ3ZXN0dXMifQ?api-version=2016-09-01",
      "EncodedRequestUri": "L3N1YnNjcmlwdGlvbnMvOTFkMTI2NjAtM2RlYy00NjdhLWJlMmEtMjEzYjU1NDRkZGMwL29wZXJhdGlvbnJlc3VsdHMvZXlKcWIySkpaQ0k2SWxKRlUwOVZVa05GUjFKUFZWQkVSVXhGVkVsUFRrcFBRaTFRVXpFd056RXRWMFZUVkZWVElpd2lhbTlpVEc5allYUnBiMjRpT2lKM1pYTjBkWE1pZlE/YXBpLXZlcnNpb249MjAxNi0wOS0wMQ==",
      "RequestMethod": "GET",
      "RequestBody": "",
      "RequestHeaders": {
        "User-Agent": [
          "FxVersion/4.6.28619.01",
          "OSName/Windows",
          "OSVersion/Microsoft.Windows.10.0.18363.",
          "Microsoft.Azure.Management.Internal.Resources.ResourceManagementClient/1.3.22"
        ]
      },
      "ResponseHeaders": {
        "Cache-Control": [
          "no-cache"
        ],
        "Pragma": [
          "no-cache"
        ],
        "x-ms-ratelimit-remaining-subscription-reads": [
          "11985"
        ],
        "x-ms-request-id": [
          "25b9430e-5835-464d-a032-861ec0c79033"
        ],
        "x-ms-correlation-request-id": [
          "25b9430e-5835-464d-a032-861ec0c79033"
        ],
        "x-ms-routing-request-id": [
          "WESTUS2:20200819T044134Z:25b9430e-5835-464d-a032-861ec0c79033"
        ],
        "Strict-Transport-Security": [
          "max-age=31536000; includeSubDomains"
        ],
        "X-Content-Type-Options": [
          "nosniff"
        ],
        "Date": [
          "Wed, 19 Aug 2020 04:41:33 GMT"
        ],
        "Expires": [
          "-1"
        ],
        "Content-Length": [
          "0"
        ]
      },
      "ResponseBody": "",
      "StatusCode": 200
    },
    {
      "RequestUri": "/subscriptions/91d12660-3dec-467a-be2a-213b5544ddc0/operationresults/eyJqb2JJZCI6IlJFU09VUkNFR1JPVVBERUxFVElPTkpPQi1QUzEwNzEtV0VTVFVTIiwiam9iTG9jYXRpb24iOiJ3ZXN0dXMifQ?api-version=2016-09-01",
      "EncodedRequestUri": "L3N1YnNjcmlwdGlvbnMvOTFkMTI2NjAtM2RlYy00NjdhLWJlMmEtMjEzYjU1NDRkZGMwL29wZXJhdGlvbnJlc3VsdHMvZXlKcWIySkpaQ0k2SWxKRlUwOVZVa05GUjFKUFZWQkVSVXhGVkVsUFRrcFBRaTFRVXpFd056RXRWMFZUVkZWVElpd2lhbTlpVEc5allYUnBiMjRpT2lKM1pYTjBkWE1pZlE/YXBpLXZlcnNpb249MjAxNi0wOS0wMQ==",
      "RequestMethod": "GET",
      "RequestBody": "",
      "RequestHeaders": {
        "User-Agent": [
          "FxVersion/4.6.28619.01",
          "OSName/Windows",
          "OSVersion/Microsoft.Windows.10.0.18363.",
          "Microsoft.Azure.Management.Internal.Resources.ResourceManagementClient/1.3.22"
        ]
      },
      "ResponseHeaders": {
        "Cache-Control": [
          "no-cache"
        ],
        "Pragma": [
          "no-cache"
        ],
        "x-ms-ratelimit-remaining-subscription-reads": [
          "11984"
        ],
        "x-ms-request-id": [
          "3f98c470-f68a-4fca-984d-b6ab45ce7d39"
        ],
        "x-ms-correlation-request-id": [
          "3f98c470-f68a-4fca-984d-b6ab45ce7d39"
        ],
        "x-ms-routing-request-id": [
          "WESTUS2:20200819T044134Z:3f98c470-f68a-4fca-984d-b6ab45ce7d39"
        ],
        "Strict-Transport-Security": [
          "max-age=31536000; includeSubDomains"
        ],
        "X-Content-Type-Options": [
          "nosniff"
        ],
        "Date": [
          "Wed, 19 Aug 2020 04:41:33 GMT"
        ],
        "Expires": [
          "-1"
        ],
        "Content-Length": [
          "0"
        ]
      },
      "ResponseBody": "",
      "StatusCode": 200
    }
  ],
  "Names": {
    "Test-AzureIotDpsLinkedHubLifeCycle": [
      "ps9319",
      "ps1071",
      "ps2629"
    ]
  },
  "Variables": {
    "SubscriptionId": "91d12660-3dec-467a-be2a-213b5544ddc0"
  }
}