{
  "Remove-AzStorageMoverJobDefinition+[NoContext]+Delete+$PUT+https://management.azure.com/subscriptions/45b60d85-fd72-427a-a708-f994d26e593e/resourceGroups/testStorageMover/providers/Microsoft.StorageMover/storageMovers/testStorageMover2/projects/testProject4068b735/jobDefinitions/testJob34068b735?api-version=2023-03-01+1": {
    "Request": {
      "Method": "PUT",
      "RequestUri": "https://management.azure.com/subscriptions/45b60d85-fd72-427a-a708-f994d26e593e/resourceGroups/testStorageMover/providers/Microsoft.StorageMover/storageMovers/testStorageMover2/projects/testProject4068b735/jobDefinitions/testJob34068b735?api-version=2023-03-01",
      "Content": "{\r\n  \"properties\": {\r\n    \"copyMode\": \"Additive\",\r\n    \"sourceName\": \"nfsEndpoint4068b735\",\r\n    \"targetName\": \"containerEndpoint4068b735\",\r\n    \"agentName\": \"testagent7\"\r\n  }\r\n}",
      "isContentBase64": false,
      "Headers": {
      },
      "ContentHeaders": {
        "Content-Type": [ "application/json" ],
        "Content-Length": [ "178" ]
      }
    },
    "Response": {
      "StatusCode": 200,
      "Headers": {
        "Cache-Control": [ "no-cache" ],
        "Pragma": [ "no-cache" ],
        "ETag": [ "\"0000569e-0000-3400-0000-62e8b7ea0000\"" ],
        "x-ms-ratelimit-remaining-subscription-writes": [ "1180" ],
        "x-ms-providerhub-traffic": [ "True" ],
        "mise-correlation-id": [ "093a715b-75a4-4648-9aa9-49449f5eae1f" ],
        "x-ms-request-id": [ "58eb07e3-fddb-4c6d-a527-d88a30026bd2" ],
        "x-ms-correlation-request-id": [ "d1df232a-20c7-49e3-9fc8-6eff749d6653" ],
        "x-ms-routing-request-id": [ "SOUTHEASTASIA:20220802T053642Z:d1df232a-20c7-49e3-9fc8-6eff749d6653" ],
        "Strict-Transport-Security": [ "max-age=31536000; includeSubDomains" ],
        "X-Content-Type-Options": [ "nosniff" ],
        "Date": [ "Tue, 02 Aug 2022 05:36:41 GMT" ]
      },
      "ContentHeaders": {
        "Content-Length": [ "760" ],
        "Content-Type": [ "application/json; charset=utf-8" ],
        "Expires": [ "-1" ]
      },
      "Content": "{\"id\":\"/subscriptions/45b60d85-fd72-427a-a708-f994d26e593e/resourceGroups/testStorageMover/providers/Microsoft.StorageMover/storageMovers/testStorageMover2/projects/testProject4068b735/jobDefinitions/testJob34068b735\",\"name\":\"testJob34068b735\",\"type\":\"microsoft.storagemover/storagemovers/projects/jobdefinitions\",\"systemData\":{\"createdBy\":\"a000255f-5f09-45e0-a970-9d9ed9cc6453\",\"createdByType\":\"Application\",\"createdAt\":\"2022-08-02T05:36:41.576733Z\",\"lastModifiedBy\":\"a000255f-5f09-45e0-a970-9d9ed9cc6453\",\"lastModifiedByType\":\"Application\",\"lastModifiedAt\":\"2022-08-02T05:36:41.576733Z\"},\"properties\":{\"copyMode\":\"Additive\",\"sourceName\":\"nfsEndpoint4068b735\",\"targetName\":\"containerEndpoint4068b735\",\"agentName\":\"testagent7\",\"provisioningState\":\"Succeeded\"}}",
      "isContentBase64": false
    }
  },
  "Remove-AzStorageMoverJobDefinition+[NoContext]+Delete+$DELETE+https://management.azure.com/subscriptions/45b60d85-fd72-427a-a708-f994d26e593e/resourceGroups/testStorageMover/providers/Microsoft.StorageMover/storageMovers/testStorageMover2/projects/testProject4068b735/jobDefinitions/testJob34068b735?api-version=2023-03-01+2": {
    "Request": {
      "Method": "DELETE",
      "RequestUri": "https://management.azure.com/subscriptions/45b60d85-fd72-427a-a708-f994d26e593e/resourceGroups/testStorageMover/providers/Microsoft.StorageMover/storageMovers/testStorageMover2/projects/testProject4068b735/jobDefinitions/testJob34068b735?api-version=2023-03-01",
      "Content": null,
      "isContentBase64": false,
      "Headers": {
        "x-ms-unique-id": [ "39" ],
        "x-ms-client-request-id": [ "3da259d9-ab35-4aed-bfc2-810030516443" ],
        "CommandName": [ "Remove-AzStorageMoverJobDefinition" ],
        "FullCommandName": [ "Remove-AzStorageMoverJobDefinition_Delete" ],
        "ParameterSetName": [ "__AllParameterSets" ],
        "User-Agent": [ "AzurePowershell/v8.0.0", "PSVersion/v7.2.5", "Az.StorageMover/0.1.0" ],
        "Authorization": [ "[Filtered]" ]
      },
      "ContentHeaders": {
      }
    },
    "Response": {
      "StatusCode": 200,
      "Headers": {
        "Cache-Control": [ "no-cache" ],
        "Pragma": [ "no-cache" ],
        "x-ms-providerhub-traffic": [ "True" ],
        "x-ms-request-id": [ "00000000-0000-0000-0000-000000000000" ],
        "x-ms-ratelimit-remaining-subscription-deletes": [ "14997" ],
        "x-ms-correlation-request-id": [ "ee7796d7-a24b-4da3-9483-d2e765eaef38" ],
        "x-ms-routing-request-id": [ "SOUTHEASTASIA:20220802T053644Z:ee7796d7-a24b-4da3-9483-d2e765eaef38" ],
        "Strict-Transport-Security": [ "max-age=31536000; includeSubDomains" ],
        "X-Content-Type-Options": [ "nosniff" ],
        "Date": [ "Tue, 02 Aug 2022 05:36:44 GMT" ]
      },
      "ContentHeaders": {
        "Expires": [ "-1" ],
        "Content-Length": [ "0" ]
      },
      "Content": null,
      "isContentBase64": false
    }
  },
  "Remove-AzStorageMoverJobDefinition+[NoContext]+Delete+$GET+https://management.azure.com/subscriptions/45b60d85-fd72-427a-a708-f994d26e593e/resourceGroups/testStorageMover/providers/Microsoft.StorageMover/storageMovers/testStorageMover2/projects/testProject4068b735/jobDefinitions?api-version=2023-03-01+3": {
    "Request": {
      "Method": "GET",
      "RequestUri": "https://management.azure.com/subscriptions/45b60d85-fd72-427a-a708-f994d26e593e/resourceGroups/testStorageMover/providers/Microsoft.StorageMover/storageMovers/testStorageMover2/projects/testProject4068b735/jobDefinitions?api-version=2023-03-01",
      "Content": null,
      "isContentBase64": false,
      "Headers": {
        "x-ms-unique-id": [ "40" ],
        "x-ms-client-request-id": [ "690ec246-47de-46c3-9f15-c68829128584" ],
        "CommandName": [ "Get-AzStorageMoverJobDefinition" ],
        "FullCommandName": [ "Get-AzStorageMoverJobDefinition_List" ],
        "ParameterSetName": [ "__AllParameterSets" ],
        "User-Agent": [ "AzurePowershell/v8.0.0", "PSVersion/v7.2.5", "Az.StorageMover/0.1.0" ],
        "Authorization": [ "[Filtered]" ]
      },
      "ContentHeaders": {
      }
    },
    "Response": {
      "StatusCode": 200,
      "Headers": {
        "Cache-Control": [ "no-cache" ],
        "Pragma": [ "no-cache" ],
        "x-ms-ratelimit-remaining-subscription-reads": [ "11970" ],
        "x-ms-providerhub-traffic": [ "True" ],
        "x-ms-request-id": [ "6f1b3161-5e58-4031-8888-d1188f2208d3" ],
        "x-ms-correlation-request-id": [ "177d1fe1-bb0d-4edc-af05-b59904b38725" ],
        "x-ms-routing-request-id": [ "SOUTHEASTASIA:20220802T053645Z:177d1fe1-bb0d-4edc-af05-b59904b38725" ],
        "Strict-Transport-Security": [ "max-age=31536000; includeSubDomains" ],
        "X-Content-Type-Options": [ "nosniff" ],
        "Date": [ "Tue, 02 Aug 2022 05:36:45 GMT" ]
      },
      "ContentHeaders": {
        "Content-Length": [ "1904" ],
        "Content-Type": [ "application/json; charset=utf-8" ],
        "Expires": [ "-1" ]
      },
      "Content": "{\"value\":[{\"id\":\"/subscriptions/45b60d85-fd72-427a-a708-f994d26e593e/resourceGroups/testStorageMover/providers/Microsoft.StorageMover/storageMovers/testStorageMover2/projects/testProject4068b735/jobDefinitions/testJob4068b735\",\"name\":\"testJob4068b735\",\"type\":\"microsoft.storagemover/storagemovers/projects/jobdefinitions\",\"systemData\":{\"createdBy\":\"a000255f-5f09-45e0-a970-9d9ed9cc6453\",\"createdByType\":\"Application\",\"createdAt\":\"2022-08-02T05:35:50.5298749Z\",\"lastModifiedBy\":\"aed824f0-6446-4ef9-9e17-98b0157c09dc\",\"lastModifiedByType\":\"Application\",\"lastModifiedAt\":\"2022-08-02T05:36:03.4779686Z\"},\"properties\":{\"copyMode\":\"Additive\",\"sourceName\":\"nfsEndpoint4068b735\",\"targetName\":\"containerEndpoint4068b735\",\"latestJobRunName\":\"f909f4b3-699c-46f2-a06c-d402080f42dc\",\"latestJobRunResourceId\":\"/subscriptions/45b60d85-fd72-427a-a708-f994d26e593e/resourceGroups/testStorageMover/providers/Microsoft.StorageMover/storageMovers/testStorageMover2/projects/testProject4068b735/jobDefinitions/testJob4068b735/jobRuns/f909f4b3-699c-46f2-a06c-d402080f42dc\",\"latestJobRunStatus\":\"Queued\",\"agentName\":\"testagent7\",\"provisioningState\":\"Succeeded\"}},{\"id\":\"/subscriptions/45b60d85-fd72-427a-a708-f994d26e593e/resourceGroups/testStorageMover/providers/Microsoft.StorageMover/storageMovers/testStorageMover2/projects/testProject4068b735/jobDefinitions/testJob14068b735\",\"name\":\"testJob14068b735\",\"type\":\"microsoft.storagemover/storagemovers/projects/jobdefinitions\",\"systemData\":{\"createdBy\":\"a000255f-5f09-45e0-a970-9d9ed9cc6453\",\"createdByType\":\"Application\",\"createdAt\":\"2022-08-02T05:36:20.8267391Z\",\"lastModifiedBy\":\"a000255f-5f09-45e0-a970-9d9ed9cc6453\",\"lastModifiedByType\":\"Application\",\"lastModifiedAt\":\"2022-08-02T05:36:20.8267391Z\"},\"properties\":{\"copyMode\":\"Additive\",\"sourceName\":\"nfsEndpoint4068b735\",\"targetName\":\"containerEndpoint4068b735\",\"agentName\":\"testagent7\",\"provisioningState\":\"Succeeded\"}}]}",
      "isContentBase64": false
    }
  }
}