{
  "Entries": [
    {
      "RequestUri": "/pools?api-version=2024-02-01.19.0",
      "EncodedRequestUri": "L3Bvb2xzP2FwaS12ZXJzaW9uPTIwMjQtMDItMDEuMTkuMA==",
      "RequestMethod": "POST",
      "RequestHeaders": {
        "client-request-id": [
          "cde42e31-39ee-4a41-aa07-27943741181c"
        ],
        "Accept-Language": [
          "en-US"
        ],
        "ocp-date": [
          "Thu, 21 Mar 2024 23:20:19 GMT"
        ],
        "User-Agent": [
          "FxVersion/6.0.2824.12007",
          "OSName/Windows",
          "OSVersion/Microsoft.Windows.10.0.22631",
          "Microsoft.Azure.Batch.Protocol.BatchServiceClient/16.200.24.12902",
          "AzurePowershell/Az1.0.0"
        ],
        "Content-Type": [
          "application/json; odata=minimalmetadata; charset=utf-8"
        ],
        "Content-Length": [
          "1120"
        ]
      },
      "RequestBody": "{\r\n  \"id\": \"removenodepool\",\r\n  \"vmSize\": \"STANDARD_D2S_V3\",\r\n  \"virtualMachineConfiguration\": {\r\n    \"imageReference\": {\r\n      \"publisher\": \"canonical\",\r\n      \"offer\": \"0001-com-ubuntu-server-focal\",\r\n      \"sku\": \"20_04-lts\"\r\n    },\r\n    \"nodeAgentSKUId\": \"batch.node.ubuntu 20.04\",\r\n    \"nodePlacementConfiguration\": {\r\n      \"policy\": \"zonal\"\r\n    }\r\n  },\r\n  \"targetDedicatedNodes\": 2,\r\n  \"targetLowPriorityNodes\": 0,\r\n  \"enableInterNodeCommunication\": false,\r\n  \"targetNodeCommunicationMode\": \"default\",\r\n  \"upgradePolicy\": {\r\n    \"mode\": \"automatic\",\r\n    \"automaticOSUpgradePolicy\": {\r\n      \"disableAutomaticRollback\": true,\r\n      \"enableAutomaticOSUpgrade\": true,\r\n      \"useRollingUpgradePolicy\": true,\r\n      \"osRollingUpgradeDeferral\": true\r\n    },\r\n    \"rollingUpgradePolicy\": {\r\n      \"enableCrossZoneUpgrade\": true,\r\n      \"maxBatchInstancePercent\": 20,\r\n      \"maxUnhealthyInstancePercent\": 20,\r\n      \"maxUnhealthyUpgradedInstancePercent\": 20,\r\n      \"pauseTimeBetweenBatches\": \"PT5S\",\r\n      \"prioritizeUnhealthyInstances\": false,\r\n      \"rollbackFailedInstancesOnPolicyBreach\": false\r\n    }\r\n  }\r\n}",
      "ResponseHeaders": {
        "Transfer-Encoding": [
          "chunked"
        ],
        "ETag": [
          "0x8DC49FD7A1C4342"
        ],
        "Location": [
          "https://billstestba24326.uksouth.batch.azure.com/pools/removenodepool"
        ],
        "Server": [
          "Microsoft-HTTPAPI/2.0"
        ],
        "request-id": [
          "6728b1c7-5c1f-4553-8e62-5fc846102da0"
        ],
        "Strict-Transport-Security": [
          "max-age=31536000; includeSubDomains"
        ],
        "X-Content-Type-Options": [
          "nosniff"
        ],
        "DataServiceVersion": [
          "3.0"
        ],
        "DataServiceId": [
          "https://billstestba24326.uksouth.batch.azure.com/pools/removenodepool"
        ],
        "Date": [
          "Thu, 21 Mar 2024 23:20:19 GMT"
        ],
        "Last-Modified": [
          "Thu, 21 Mar 2024 23:20:20 GMT"
        ]
      },
      "ResponseBody": "",
      "StatusCode": 201
    },
    {
      "RequestUri": "/pools/removenodepool?api-version=2024-02-01.19.0",
      "EncodedRequestUri": "L3Bvb2xzL3JlbW92ZW5vZGVwb29sP2FwaS12ZXJzaW9uPTIwMjQtMDItMDEuMTkuMA==",
      "RequestMethod": "GET",
      "RequestHeaders": {
        "client-request-id": [
          "bb53d222-6cd2-4447-a607-25731ee527c9"
        ],
        "Accept-Language": [
          "en-US"
        ],
        "ocp-date": [
          "Thu, 21 Mar 2024 23:20:20 GMT"
        ],
        "User-Agent": [
          "FxVersion/6.0.2824.12007",
          "OSName/Windows",
          "OSVersion/Microsoft.Windows.10.0.22631",
          "Microsoft.Azure.Batch.Protocol.BatchServiceClient/16.200.24.12902",
          "AzurePowershell/Az1.0.0"
        ]
      },
      "RequestBody": "",
      "ResponseHeaders": {
        "Transfer-Encoding": [
          "chunked"
        ],
        "ETag": [
          "0x8DC49FD7A1C4342"
        ],
        "Server": [
          "Microsoft-HTTPAPI/2.0"
        ],
        "request-id": [
          "6355e112-51cd-4328-b585-15bb9a1eda77"
        ],
        "Strict-Transport-Security": [
          "max-age=31536000; includeSubDomains"
        ],
        "X-Content-Type-Options": [
          "nosniff"
        ],
        "DataServiceVersion": [
          "3.0"
        ],
        "Date": [
          "Thu, 21 Mar 2024 23:20:19 GMT"
        ],
        "Content-Type": [
          "application/json; odata=minimalmetadata"
        ],
        "Last-Modified": [
          "Thu, 21 Mar 2024 23:20:20 GMT"
        ]
      },
      "ResponseBody": "{\r\n  \"odata.metadata\": \"https://billstestba24326.uksouth.batch.azure.com/$metadata#pools/@Element\",\r\n  \"id\": \"removenodepool\",\r\n  \"url\": \"https://billstestba24326.uksouth.batch.azure.com/pools/removenodepool\",\r\n  \"eTag\": \"0x8DC49FD7A1C4342\",\r\n  \"lastModified\": \"2024-03-21T23:20:20.3993922Z\",\r\n  \"creationTime\": \"2024-03-21T23:20:20.399391Z\",\r\n  \"state\": \"active\",\r\n  \"stateTransitionTime\": \"2024-03-21T23:20:20.399391Z\",\r\n  \"allocationState\": \"resizing\",\r\n  \"allocationStateTransitionTime\": \"2024-03-21T23:20:20.3993923Z\",\r\n  \"vmSize\": \"standard_d2s_v3\",\r\n  \"resizeTimeout\": \"PT15M\",\r\n  \"currentDedicatedNodes\": 0,\r\n  \"targetDedicatedNodes\": 2,\r\n  \"currentLowPriorityNodes\": 0,\r\n  \"targetLowPriorityNodes\": 0,\r\n  \"enableAutoScale\": false,\r\n  \"enableInterNodeCommunication\": false,\r\n  \"taskSlotsPerNode\": 1,\r\n  \"taskSchedulingPolicy\": {\r\n    \"nodeFillType\": \"Spread\"\r\n  },\r\n  \"virtualMachineConfiguration\": {\r\n    \"imageReference\": {\r\n      \"publisher\": \"canonical\",\r\n      \"offer\": \"0001-com-ubuntu-server-focal\",\r\n      \"sku\": \"20_04-lts\",\r\n      \"version\": \"latest\"\r\n    },\r\n    \"nodeAgentSKUId\": \"batch.node.ubuntu 20.04\",\r\n    \"nodePlacementConfiguration\": {\r\n      \"policy\": \"Zonal\"\r\n    }\r\n  },\r\n  \"targetNodeCommunicationMode\": \"default\",\r\n  \"upgradePolicy\": {\r\n    \"mode\": \"automatic\",\r\n    \"automaticOSUpgradePolicy\": {\r\n      \"disableAutomaticRollback\": true,\r\n      \"enableAutomaticOSUpgrade\": true,\r\n      \"useRollingUpgradePolicy\": true,\r\n      \"osRollingUpgradeDeferral\": true\r\n    },\r\n    \"rollingUpgradePolicy\": {\r\n      \"enableCrossZoneUpgrade\": true,\r\n      \"maxBatchInstancePercent\": 20,\r\n      \"maxUnhealthyInstancePercent\": 20,\r\n      \"maxUnhealthyUpgradedInstancePercent\": 20,\r\n      \"pauseTimeBetweenBatches\": \"PT5S\",\r\n      \"prioritizeUnhealthyInstances\": false,\r\n      \"rollbackFailedInstancesOnPolicyBreach\": false\r\n    }\r\n  }\r\n}",
      "StatusCode": 200
    },
    {
      "RequestUri": "/pools/removenodepool?api-version=2024-02-01.19.0",
      "EncodedRequestUri": "L3Bvb2xzL3JlbW92ZW5vZGVwb29sP2FwaS12ZXJzaW9uPTIwMjQtMDItMDEuMTkuMA==",
      "RequestMethod": "GET",
      "RequestHeaders": {
        "client-request-id": [
          "6e33ac54-2f26-4bb3-a01b-00a58945d010"
        ],
        "Accept-Language": [
          "en-US"
        ],
        "ocp-date": [
          "Thu, 21 Mar 2024 23:20:25 GMT"
        ],
        "User-Agent": [
          "FxVersion/6.0.2824.12007",
          "OSName/Windows",
          "OSVersion/Microsoft.Windows.10.0.22631",
          "Microsoft.Azure.Batch.Protocol.BatchServiceClient/16.200.24.12902",
          "AzurePowershell/Az1.0.0"
        ]
      },
      "RequestBody": "",
      "ResponseHeaders": {
        "Transfer-Encoding": [
          "chunked"
        ],
        "ETag": [
          "0x8DC49FD7A1C4342"
        ],
        "Server": [
          "Microsoft-HTTPAPI/2.0"
        ],
        "request-id": [
          "72c64c46-9ffb-4201-bd84-26dd2488622b"
        ],
        "Strict-Transport-Security": [
          "max-age=31536000; includeSubDomains"
        ],
        "X-Content-Type-Options": [
          "nosniff"
        ],
        "DataServiceVersion": [
          "3.0"
        ],
        "Date": [
          "Thu, 21 Mar 2024 23:20:25 GMT"
        ],
        "Content-Type": [
          "application/json; odata=minimalmetadata"
        ],
        "Last-Modified": [
          "Thu, 21 Mar 2024 23:20:20 GMT"
        ]
      },
      "ResponseBody": "{\r\n  \"odata.metadata\": \"https://billstestba24326.uksouth.batch.azure.com/$metadata#pools/@Element\",\r\n  \"id\": \"removenodepool\",\r\n  \"url\": \"https://billstestba24326.uksouth.batch.azure.com/pools/removenodepool\",\r\n  \"eTag\": \"0x8DC49FD7A1C4342\",\r\n  \"lastModified\": \"2024-03-21T23:20:20.3993922Z\",\r\n  \"creationTime\": \"2024-03-21T23:20:20.399391Z\",\r\n  \"state\": \"active\",\r\n  \"stateTransitionTime\": \"2024-03-21T23:20:20.399391Z\",\r\n  \"allocationState\": \"resizing\",\r\n  \"allocationStateTransitionTime\": \"2024-03-21T23:20:20.3993923Z\",\r\n  \"vmSize\": \"standard_d2s_v3\",\r\n  \"resizeTimeout\": \"PT15M\",\r\n  \"currentDedicatedNodes\": 0,\r\n  \"targetDedicatedNodes\": 2,\r\n  \"currentLowPriorityNodes\": 0,\r\n  \"targetLowPriorityNodes\": 0,\r\n  \"enableAutoScale\": false,\r\n  \"enableInterNodeCommunication\": false,\r\n  \"taskSlotsPerNode\": 1,\r\n  \"taskSchedulingPolicy\": {\r\n    \"nodeFillType\": \"Spread\"\r\n  },\r\n  \"virtualMachineConfiguration\": {\r\n    \"imageReference\": {\r\n      \"publisher\": \"canonical\",\r\n      \"offer\": \"0001-com-ubuntu-server-focal\",\r\n      \"sku\": \"20_04-lts\",\r\n      \"version\": \"latest\"\r\n    },\r\n    \"nodeAgentSKUId\": \"batch.node.ubuntu 20.04\",\r\n    \"nodePlacementConfiguration\": {\r\n      \"policy\": \"Zonal\"\r\n    }\r\n  },\r\n  \"targetNodeCommunicationMode\": \"default\",\r\n  \"upgradePolicy\": {\r\n    \"mode\": \"automatic\",\r\n    \"automaticOSUpgradePolicy\": {\r\n      \"disableAutomaticRollback\": true,\r\n      \"enableAutomaticOSUpgrade\": true,\r\n      \"useRollingUpgradePolicy\": true,\r\n      \"osRollingUpgradeDeferral\": true\r\n    },\r\n    \"rollingUpgradePolicy\": {\r\n      \"enableCrossZoneUpgrade\": true,\r\n      \"maxBatchInstancePercent\": 20,\r\n      \"maxUnhealthyInstancePercent\": 20,\r\n      \"maxUnhealthyUpgradedInstancePercent\": 20,\r\n      \"pauseTimeBetweenBatches\": \"PT5S\",\r\n      \"prioritizeUnhealthyInstances\": false,\r\n      \"rollbackFailedInstancesOnPolicyBreach\": false\r\n    }\r\n  }\r\n}",
      "StatusCode": 200
    },
    {
      "RequestUri": "/pools/removenodepool?api-version=2024-02-01.19.0",
      "EncodedRequestUri": "L3Bvb2xzL3JlbW92ZW5vZGVwb29sP2FwaS12ZXJzaW9uPTIwMjQtMDItMDEuMTkuMA==",
      "RequestMethod": "GET",
      "RequestHeaders": {
        "client-request-id": [
          "0d5a17c1-d5cf-49b5-8675-8b3e8a7214ec"
        ],
        "Accept-Language": [
          "en-US"
        ],
        "ocp-date": [
          "Thu, 21 Mar 2024 23:20:30 GMT"
        ],
        "User-Agent": [
          "FxVersion/6.0.2824.12007",
          "OSName/Windows",
          "OSVersion/Microsoft.Windows.10.0.22631",
          "Microsoft.Azure.Batch.Protocol.BatchServiceClient/16.200.24.12902",
          "AzurePowershell/Az1.0.0"
        ]
      },
      "RequestBody": "",
      "ResponseHeaders": {
        "Transfer-Encoding": [
          "chunked"
        ],
        "ETag": [
          "0x8DC49FD7A1C4342"
        ],
        "Server": [
          "Microsoft-HTTPAPI/2.0"
        ],
        "request-id": [
          "674a5cd8-cc3c-4389-bd1c-ae0a398e9a16"
        ],
        "Strict-Transport-Security": [
          "max-age=31536000; includeSubDomains"
        ],
        "X-Content-Type-Options": [
          "nosniff"
        ],
        "DataServiceVersion": [
          "3.0"
        ],
        "Date": [
          "Thu, 21 Mar 2024 23:20:31 GMT"
        ],
        "Content-Type": [
          "application/json; odata=minimalmetadata"
        ],
        "Last-Modified": [
          "Thu, 21 Mar 2024 23:20:20 GMT"
        ]
      },
      "ResponseBody": "{\r\n  \"odata.metadata\": \"https://billstestba24326.uksouth.batch.azure.com/$metadata#pools/@Element\",\r\n  \"id\": \"removenodepool\",\r\n  \"url\": \"https://billstestba24326.uksouth.batch.azure.com/pools/removenodepool\",\r\n  \"eTag\": \"0x8DC49FD7A1C4342\",\r\n  \"lastModified\": \"2024-03-21T23:20:20.3993922Z\",\r\n  \"creationTime\": \"2024-03-21T23:20:20.399391Z\",\r\n  \"state\": \"active\",\r\n  \"stateTransitionTime\": \"2024-03-21T23:20:20.399391Z\",\r\n  \"allocationState\": \"resizing\",\r\n  \"allocationStateTransitionTime\": \"2024-03-21T23:20:20.3993923Z\",\r\n  \"vmSize\": \"standard_d2s_v3\",\r\n  \"resizeTimeout\": \"PT15M\",\r\n  \"currentDedicatedNodes\": 0,\r\n  \"targetDedicatedNodes\": 2,\r\n  \"currentLowPriorityNodes\": 0,\r\n  \"targetLowPriorityNodes\": 0,\r\n  \"enableAutoScale\": false,\r\n  \"enableInterNodeCommunication\": false,\r\n  \"taskSlotsPerNode\": 1,\r\n  \"taskSchedulingPolicy\": {\r\n    \"nodeFillType\": \"Spread\"\r\n  },\r\n  \"virtualMachineConfiguration\": {\r\n    \"imageReference\": {\r\n      \"publisher\": \"canonical\",\r\n      \"offer\": \"0001-com-ubuntu-server-focal\",\r\n      \"sku\": \"20_04-lts\",\r\n      \"version\": \"latest\"\r\n    },\r\n    \"nodeAgentSKUId\": \"batch.node.ubuntu 20.04\",\r\n    \"nodePlacementConfiguration\": {\r\n      \"policy\": \"Zonal\"\r\n    }\r\n  },\r\n  \"targetNodeCommunicationMode\": \"default\",\r\n  \"upgradePolicy\": {\r\n    \"mode\": \"automatic\",\r\n    \"automaticOSUpgradePolicy\": {\r\n      \"disableAutomaticRollback\": true,\r\n      \"enableAutomaticOSUpgrade\": true,\r\n      \"useRollingUpgradePolicy\": true,\r\n      \"osRollingUpgradeDeferral\": true\r\n    },\r\n    \"rollingUpgradePolicy\": {\r\n      \"enableCrossZoneUpgrade\": true,\r\n      \"maxBatchInstancePercent\": 20,\r\n      \"maxUnhealthyInstancePercent\": 20,\r\n      \"maxUnhealthyUpgradedInstancePercent\": 20,\r\n      \"pauseTimeBetweenBatches\": \"PT5S\",\r\n      \"prioritizeUnhealthyInstances\": false,\r\n      \"rollbackFailedInstancesOnPolicyBreach\": false\r\n    }\r\n  }\r\n}",
      "StatusCode": 200
    },
    {
      "RequestUri": "/pools/removenodepool?api-version=2024-02-01.19.0",
      "EncodedRequestUri": "L3Bvb2xzL3JlbW92ZW5vZGVwb29sP2FwaS12ZXJzaW9uPTIwMjQtMDItMDEuMTkuMA==",
      "RequestMethod": "GET",
      "RequestHeaders": {
        "client-request-id": [
          "a37a1e06-4b19-4c9c-856d-e595a30b4a8e"
        ],
        "Accept-Language": [
          "en-US"
        ],
        "ocp-date": [
          "Thu, 21 Mar 2024 23:20:36 GMT"
        ],
        "User-Agent": [
          "FxVersion/6.0.2824.12007",
          "OSName/Windows",
          "OSVersion/Microsoft.Windows.10.0.22631",
          "Microsoft.Azure.Batch.Protocol.BatchServiceClient/16.200.24.12902",
          "AzurePowershell/Az1.0.0"
        ]
      },
      "RequestBody": "",
      "ResponseHeaders": {
        "Transfer-Encoding": [
          "chunked"
        ],
        "ETag": [
          "0x8DC49FD7A1C4342"
        ],
        "Server": [
          "Microsoft-HTTPAPI/2.0"
        ],
        "request-id": [
          "d4b7c33e-677d-4c3a-883c-8f5f9204d95d"
        ],
        "Strict-Transport-Security": [
          "max-age=31536000; includeSubDomains"
        ],
        "X-Content-Type-Options": [
          "nosniff"
        ],
        "DataServiceVersion": [
          "3.0"
        ],
        "Date": [
          "Thu, 21 Mar 2024 23:20:36 GMT"
        ],
        "Content-Type": [
          "application/json; odata=minimalmetadata"
        ],
        "Last-Modified": [
          "Thu, 21 Mar 2024 23:20:20 GMT"
        ]
      },
      "ResponseBody": "{\r\n  \"odata.metadata\": \"https://billstestba24326.uksouth.batch.azure.com/$metadata#pools/@Element\",\r\n  \"id\": \"removenodepool\",\r\n  \"url\": \"https://billstestba24326.uksouth.batch.azure.com/pools/removenodepool\",\r\n  \"eTag\": \"0x8DC49FD7A1C4342\",\r\n  \"lastModified\": \"2024-03-21T23:20:20.3993922Z\",\r\n  \"creationTime\": \"2024-03-21T23:20:20.399391Z\",\r\n  \"state\": \"active\",\r\n  \"stateTransitionTime\": \"2024-03-21T23:20:20.399391Z\",\r\n  \"allocationState\": \"resizing\",\r\n  \"allocationStateTransitionTime\": \"2024-03-21T23:20:20.3993923Z\",\r\n  \"vmSize\": \"standard_d2s_v3\",\r\n  \"resizeTimeout\": \"PT15M\",\r\n  \"currentDedicatedNodes\": 0,\r\n  \"targetDedicatedNodes\": 2,\r\n  \"currentLowPriorityNodes\": 0,\r\n  \"targetLowPriorityNodes\": 0,\r\n  \"enableAutoScale\": false,\r\n  \"enableInterNodeCommunication\": false,\r\n  \"taskSlotsPerNode\": 1,\r\n  \"taskSchedulingPolicy\": {\r\n    \"nodeFillType\": \"Spread\"\r\n  },\r\n  \"virtualMachineConfiguration\": {\r\n    \"imageReference\": {\r\n      \"publisher\": \"canonical\",\r\n      \"offer\": \"0001-com-ubuntu-server-focal\",\r\n      \"sku\": \"20_04-lts\",\r\n      \"version\": \"latest\"\r\n    },\r\n    \"nodeAgentSKUId\": \"batch.node.ubuntu 20.04\",\r\n    \"nodePlacementConfiguration\": {\r\n      \"policy\": \"Zonal\"\r\n    }\r\n  },\r\n  \"targetNodeCommunicationMode\": \"default\",\r\n  \"upgradePolicy\": {\r\n    \"mode\": \"automatic\",\r\n    \"automaticOSUpgradePolicy\": {\r\n      \"disableAutomaticRollback\": true,\r\n      \"enableAutomaticOSUpgrade\": true,\r\n      \"useRollingUpgradePolicy\": true,\r\n      \"osRollingUpgradeDeferral\": true\r\n    },\r\n    \"rollingUpgradePolicy\": {\r\n      \"enableCrossZoneUpgrade\": true,\r\n      \"maxBatchInstancePercent\": 20,\r\n      \"maxUnhealthyInstancePercent\": 20,\r\n      \"maxUnhealthyUpgradedInstancePercent\": 20,\r\n      \"pauseTimeBetweenBatches\": \"PT5S\",\r\n      \"prioritizeUnhealthyInstances\": false,\r\n      \"rollbackFailedInstancesOnPolicyBreach\": false\r\n    }\r\n  }\r\n}",
      "StatusCode": 200
    },
    {
      "RequestUri": "/pools/removenodepool?api-version=2024-02-01.19.0",
      "EncodedRequestUri": "L3Bvb2xzL3JlbW92ZW5vZGVwb29sP2FwaS12ZXJzaW9uPTIwMjQtMDItMDEuMTkuMA==",
      "RequestMethod": "GET",
      "RequestHeaders": {
        "client-request-id": [
          "06ee44dd-4737-4957-9d0c-5d7002f86784"
        ],
        "Accept-Language": [
          "en-US"
        ],
        "ocp-date": [
          "Thu, 21 Mar 2024 23:20:41 GMT"
        ],
        "User-Agent": [
          "FxVersion/6.0.2824.12007",
          "OSName/Windows",
          "OSVersion/Microsoft.Windows.10.0.22631",
          "Microsoft.Azure.Batch.Protocol.BatchServiceClient/16.200.24.12902",
          "AzurePowershell/Az1.0.0"
        ]
      },
      "RequestBody": "",
      "ResponseHeaders": {
        "Transfer-Encoding": [
          "chunked"
        ],
        "ETag": [
          "0x8DC49FD7A1C4342"
        ],
        "Server": [
          "Microsoft-HTTPAPI/2.0"
        ],
        "request-id": [
          "39401c8a-2a5e-48f3-a7f3-d67c7a7a2b3e"
        ],
        "Strict-Transport-Security": [
          "max-age=31536000; includeSubDomains"
        ],
        "X-Content-Type-Options": [
          "nosniff"
        ],
        "DataServiceVersion": [
          "3.0"
        ],
        "Date": [
          "Thu, 21 Mar 2024 23:20:41 GMT"
        ],
        "Content-Type": [
          "application/json; odata=minimalmetadata"
        ],
        "Last-Modified": [
          "Thu, 21 Mar 2024 23:20:20 GMT"
        ]
      },
      "ResponseBody": "{\r\n  \"odata.metadata\": \"https://billstestba24326.uksouth.batch.azure.com/$metadata#pools/@Element\",\r\n  \"id\": \"removenodepool\",\r\n  \"url\": \"https://billstestba24326.uksouth.batch.azure.com/pools/removenodepool\",\r\n  \"eTag\": \"0x8DC49FD7A1C4342\",\r\n  \"lastModified\": \"2024-03-21T23:20:20.3993922Z\",\r\n  \"creationTime\": \"2024-03-21T23:20:20.399391Z\",\r\n  \"state\": \"active\",\r\n  \"stateTransitionTime\": \"2024-03-21T23:20:20.399391Z\",\r\n  \"allocationState\": \"resizing\",\r\n  \"allocationStateTransitionTime\": \"2024-03-21T23:20:20.3993923Z\",\r\n  \"vmSize\": \"standard_d2s_v3\",\r\n  \"resizeTimeout\": \"PT15M\",\r\n  \"currentDedicatedNodes\": 0,\r\n  \"targetDedicatedNodes\": 2,\r\n  \"currentLowPriorityNodes\": 0,\r\n  \"targetLowPriorityNodes\": 0,\r\n  \"enableAutoScale\": false,\r\n  \"enableInterNodeCommunication\": false,\r\n  \"taskSlotsPerNode\": 1,\r\n  \"taskSchedulingPolicy\": {\r\n    \"nodeFillType\": \"Spread\"\r\n  },\r\n  \"virtualMachineConfiguration\": {\r\n    \"imageReference\": {\r\n      \"publisher\": \"canonical\",\r\n      \"offer\": \"0001-com-ubuntu-server-focal\",\r\n      \"sku\": \"20_04-lts\",\r\n      \"version\": \"latest\"\r\n    },\r\n    \"nodeAgentSKUId\": \"batch.node.ubuntu 20.04\",\r\n    \"nodePlacementConfiguration\": {\r\n      \"policy\": \"Zonal\"\r\n    }\r\n  },\r\n  \"targetNodeCommunicationMode\": \"default\",\r\n  \"upgradePolicy\": {\r\n    \"mode\": \"automatic\",\r\n    \"automaticOSUpgradePolicy\": {\r\n      \"disableAutomaticRollback\": true,\r\n      \"enableAutomaticOSUpgrade\": true,\r\n      \"useRollingUpgradePolicy\": true,\r\n      \"osRollingUpgradeDeferral\": true\r\n    },\r\n    \"rollingUpgradePolicy\": {\r\n      \"enableCrossZoneUpgrade\": true,\r\n      \"maxBatchInstancePercent\": 20,\r\n      \"maxUnhealthyInstancePercent\": 20,\r\n      \"maxUnhealthyUpgradedInstancePercent\": 20,\r\n      \"pauseTimeBetweenBatches\": \"PT5S\",\r\n      \"prioritizeUnhealthyInstances\": false,\r\n      \"rollbackFailedInstancesOnPolicyBreach\": false\r\n    }\r\n  }\r\n}",
      "StatusCode": 200
    },
    {
      "RequestUri": "/pools/removenodepool?api-version=2024-02-01.19.0",
      "EncodedRequestUri": "L3Bvb2xzL3JlbW92ZW5vZGVwb29sP2FwaS12ZXJzaW9uPTIwMjQtMDItMDEuMTkuMA==",
      "RequestMethod": "GET",
      "RequestHeaders": {
        "client-request-id": [
          "60ec537a-5e2b-442a-8e8e-7e7c391e5eb2"
        ],
        "Accept-Language": [
          "en-US"
        ],
        "ocp-date": [
          "Thu, 21 Mar 2024 23:20:46 GMT"
        ],
        "User-Agent": [
          "FxVersion/6.0.2824.12007",
          "OSName/Windows",
          "OSVersion/Microsoft.Windows.10.0.22631",
          "Microsoft.Azure.Batch.Protocol.BatchServiceClient/16.200.24.12902",
          "AzurePowershell/Az1.0.0"
        ]
      },
      "RequestBody": "",
      "ResponseHeaders": {
        "Transfer-Encoding": [
          "chunked"
        ],
        "ETag": [
          "0x8DC49FD7A1C4342"
        ],
        "Server": [
          "Microsoft-HTTPAPI/2.0"
        ],
        "request-id": [
          "5a337fee-db96-47ef-83f4-f97612a543bf"
        ],
        "Strict-Transport-Security": [
          "max-age=31536000; includeSubDomains"
        ],
        "X-Content-Type-Options": [
          "nosniff"
        ],
        "DataServiceVersion": [
          "3.0"
        ],
        "Date": [
          "Thu, 21 Mar 2024 23:20:46 GMT"
        ],
        "Content-Type": [
          "application/json; odata=minimalmetadata"
        ],
        "Last-Modified": [
          "Thu, 21 Mar 2024 23:20:20 GMT"
        ]
      },
      "ResponseBody": "{\r\n  \"odata.metadata\": \"https://billstestba24326.uksouth.batch.azure.com/$metadata#pools/@Element\",\r\n  \"id\": \"removenodepool\",\r\n  \"url\": \"https://billstestba24326.uksouth.batch.azure.com/pools/removenodepool\",\r\n  \"eTag\": \"0x8DC49FD7A1C4342\",\r\n  \"lastModified\": \"2024-03-21T23:20:20.3993922Z\",\r\n  \"creationTime\": \"2024-03-21T23:20:20.399391Z\",\r\n  \"state\": \"active\",\r\n  \"stateTransitionTime\": \"2024-03-21T23:20:20.399391Z\",\r\n  \"allocationState\": \"resizing\",\r\n  \"allocationStateTransitionTime\": \"2024-03-21T23:20:20.3993923Z\",\r\n  \"vmSize\": \"standard_d2s_v3\",\r\n  \"resizeTimeout\": \"PT15M\",\r\n  \"currentDedicatedNodes\": 0,\r\n  \"targetDedicatedNodes\": 2,\r\n  \"currentLowPriorityNodes\": 0,\r\n  \"targetLowPriorityNodes\": 0,\r\n  \"enableAutoScale\": false,\r\n  \"enableInterNodeCommunication\": false,\r\n  \"taskSlotsPerNode\": 1,\r\n  \"taskSchedulingPolicy\": {\r\n    \"nodeFillType\": \"Spread\"\r\n  },\r\n  \"virtualMachineConfiguration\": {\r\n    \"imageReference\": {\r\n      \"publisher\": \"canonical\",\r\n      \"offer\": \"0001-com-ubuntu-server-focal\",\r\n      \"sku\": \"20_04-lts\",\r\n      \"version\": \"latest\"\r\n    },\r\n    \"nodeAgentSKUId\": \"batch.node.ubuntu 20.04\",\r\n    \"nodePlacementConfiguration\": {\r\n      \"policy\": \"Zonal\"\r\n    }\r\n  },\r\n  \"targetNodeCommunicationMode\": \"default\",\r\n  \"upgradePolicy\": {\r\n    \"mode\": \"automatic\",\r\n    \"automaticOSUpgradePolicy\": {\r\n      \"disableAutomaticRollback\": true,\r\n      \"enableAutomaticOSUpgrade\": true,\r\n      \"useRollingUpgradePolicy\": true,\r\n      \"osRollingUpgradeDeferral\": true\r\n    },\r\n    \"rollingUpgradePolicy\": {\r\n      \"enableCrossZoneUpgrade\": true,\r\n      \"maxBatchInstancePercent\": 20,\r\n      \"maxUnhealthyInstancePercent\": 20,\r\n      \"maxUnhealthyUpgradedInstancePercent\": 20,\r\n      \"pauseTimeBetweenBatches\": \"PT5S\",\r\n      \"prioritizeUnhealthyInstances\": false,\r\n      \"rollbackFailedInstancesOnPolicyBreach\": false\r\n    }\r\n  }\r\n}",
      "StatusCode": 200
    },
    {
      "RequestUri": "/pools/removenodepool?api-version=2024-02-01.19.0",
      "EncodedRequestUri": "L3Bvb2xzL3JlbW92ZW5vZGVwb29sP2FwaS12ZXJzaW9uPTIwMjQtMDItMDEuMTkuMA==",
      "RequestMethod": "GET",
      "RequestHeaders": {
        "client-request-id": [
          "7af4729c-314e-4826-80d2-8331787c3ee3"
        ],
        "Accept-Language": [
          "en-US"
        ],
        "ocp-date": [
          "Thu, 21 Mar 2024 23:20:51 GMT"
        ],
        "User-Agent": [
          "FxVersion/6.0.2824.12007",
          "OSName/Windows",
          "OSVersion/Microsoft.Windows.10.0.22631",
          "Microsoft.Azure.Batch.Protocol.BatchServiceClient/16.200.24.12902",
          "AzurePowershell/Az1.0.0"
        ]
      },
      "RequestBody": "",
      "ResponseHeaders": {
        "Transfer-Encoding": [
          "chunked"
        ],
        "ETag": [
          "0x8DC49FD7A1C4342"
        ],
        "Server": [
          "Microsoft-HTTPAPI/2.0"
        ],
        "request-id": [
          "4ff8ae74-a3b2-4952-a026-ee5725e26227"
        ],
        "Strict-Transport-Security": [
          "max-age=31536000; includeSubDomains"
        ],
        "X-Content-Type-Options": [
          "nosniff"
        ],
        "DataServiceVersion": [
          "3.0"
        ],
        "Date": [
          "Thu, 21 Mar 2024 23:20:52 GMT"
        ],
        "Content-Type": [
          "application/json; odata=minimalmetadata"
        ],
        "Last-Modified": [
          "Thu, 21 Mar 2024 23:20:20 GMT"
        ]
      },
      "ResponseBody": "{\r\n  \"odata.metadata\": \"https://billstestba24326.uksouth.batch.azure.com/$metadata#pools/@Element\",\r\n  \"id\": \"removenodepool\",\r\n  \"url\": \"https://billstestba24326.uksouth.batch.azure.com/pools/removenodepool\",\r\n  \"eTag\": \"0x8DC49FD7A1C4342\",\r\n  \"lastModified\": \"2024-03-21T23:20:20.3993922Z\",\r\n  \"creationTime\": \"2024-03-21T23:20:20.399391Z\",\r\n  \"state\": \"active\",\r\n  \"stateTransitionTime\": \"2024-03-21T23:20:20.399391Z\",\r\n  \"allocationState\": \"steady\",\r\n  \"allocationStateTransitionTime\": \"2024-03-21T23:20:47.6157999Z\",\r\n  \"vmSize\": \"standard_d2s_v3\",\r\n  \"resizeTimeout\": \"PT15M\",\r\n  \"currentDedicatedNodes\": 2,\r\n  \"targetDedicatedNodes\": 2,\r\n  \"currentLowPriorityNodes\": 0,\r\n  \"targetLowPriorityNodes\": 0,\r\n  \"enableAutoScale\": false,\r\n  \"enableInterNodeCommunication\": false,\r\n  \"taskSlotsPerNode\": 1,\r\n  \"taskSchedulingPolicy\": {\r\n    \"nodeFillType\": \"Spread\"\r\n  },\r\n  \"virtualMachineConfiguration\": {\r\n    \"imageReference\": {\r\n      \"publisher\": \"canonical\",\r\n      \"offer\": \"0001-com-ubuntu-server-focal\",\r\n      \"sku\": \"20_04-lts\",\r\n      \"version\": \"latest\"\r\n    },\r\n    \"nodeAgentSKUId\": \"batch.node.ubuntu 20.04\",\r\n    \"nodePlacementConfiguration\": {\r\n      \"policy\": \"Zonal\"\r\n    }\r\n  },\r\n  \"targetNodeCommunicationMode\": \"default\",\r\n  \"currentNodeCommunicationMode\": \"classic\",\r\n  \"upgradePolicy\": {\r\n    \"mode\": \"automatic\",\r\n    \"automaticOSUpgradePolicy\": {\r\n      \"disableAutomaticRollback\": true,\r\n      \"enableAutomaticOSUpgrade\": true,\r\n      \"useRollingUpgradePolicy\": true,\r\n      \"osRollingUpgradeDeferral\": true\r\n    },\r\n    \"rollingUpgradePolicy\": {\r\n      \"enableCrossZoneUpgrade\": true,\r\n      \"maxBatchInstancePercent\": 20,\r\n      \"maxUnhealthyInstancePercent\": 20,\r\n      \"maxUnhealthyUpgradedInstancePercent\": 20,\r\n      \"pauseTimeBetweenBatches\": \"PT5S\",\r\n      \"prioritizeUnhealthyInstances\": false,\r\n      \"rollbackFailedInstancesOnPolicyBreach\": false\r\n    }\r\n  }\r\n}",
      "StatusCode": 200
    },
    {
      "RequestUri": "/pools/removenodepool/nodes?api-version=2024-02-01.19.0",
      "EncodedRequestUri": "L3Bvb2xzL3JlbW92ZW5vZGVwb29sL25vZGVzP2FwaS12ZXJzaW9uPTIwMjQtMDItMDEuMTkuMA==",
      "RequestMethod": "GET",
      "RequestHeaders": {
        "client-request-id": [
          "fdde6882-c7e1-4904-8791-6a6363c74233"
        ],
        "Accept-Language": [
          "en-US"
        ],
        "ocp-date": [
          "Thu, 21 Mar 2024 23:20:52 GMT"
        ],
        "x-ms-client-request-id": [
          "4e6f61c3-a7d8-4a18-bebc-53dbd0a4208d"
        ],
        "User-Agent": [
          "FxVersion/6.0.2824.12007",
          "OSName/Windows",
          "OSVersion/Microsoft.Windows.10.0.22631",
          "Microsoft.Azure.Batch.Protocol.BatchServiceClient/16.200.24.12902",
          "AzurePowershell/Az1.0.0"
        ]
      },
      "RequestBody": "",
      "ResponseHeaders": {
        "Transfer-Encoding": [
          "chunked"
        ],
        "Server": [
          "Microsoft-HTTPAPI/2.0"
        ],
        "request-id": [
          "81c60600-40af-473b-8620-d4c4c715e5a5"
        ],
        "Strict-Transport-Security": [
          "max-age=31536000; includeSubDomains"
        ],
        "X-Content-Type-Options": [
          "nosniff"
        ],
        "DataServiceVersion": [
          "3.0"
        ],
        "Date": [
          "Thu, 21 Mar 2024 23:20:53 GMT"
        ],
        "Content-Type": [
          "application/json; odata=minimalmetadata"
        ]
      },
      "ResponseBody": "{\r\n  \"odata.metadata\": \"https://billstestba24326.uksouth.batch.azure.com/$metadata#nodes\",\r\n  \"value\": [\r\n    {\r\n      \"id\": \"tvmps_3708cdaa2a05d779bae3056bb088fca8524fe60b0bdf4ac54d35c07221b5b237_d\",\r\n      \"url\": \"https://billstestba24326.uksouth.batch.azure.com/pools/removenodepool/nodes/tvmps_3708cdaa2a05d779bae3056bb088fca8524fe60b0bdf4ac54d35c07221b5b237_d\",\r\n      \"state\": \"creating\",\r\n      \"schedulingState\": \"enabled\",\r\n      \"stateTransitionTime\": \"2024-03-21T23:20:47.4340959Z\",\r\n      \"allocationTime\": \"2024-03-21T23:20:47.4341005Z\",\r\n      \"ipAddress\": \"10.0.0.5\",\r\n      \"affinityId\": \"TVM:tvmps_3708cdaa2a05d779bae3056bb088fca8524fe60b0bdf4ac54d35c07221b5b237_d\",\r\n      \"vmSize\": \"standard_d2s_v3\",\r\n      \"totalTasksRun\": 0,\r\n      \"totalTasksSucceeded\": 0,\r\n      \"runningTasksCount\": 0,\r\n      \"runningTaskSlotsCount\": 0,\r\n      \"isDedicated\": true,\r\n      \"endpointConfiguration\": {\r\n        \"inboundEndpoints\": [\r\n          {\r\n            \"name\": \"SSHRule.1\",\r\n            \"protocol\": \"tcp\",\r\n            \"publicIPAddress\": \"4.158.121.12\",\r\n            \"publicFQDN\": \"dns3f3d3eb0-ee85-48ca-8d12-595bdf71fe4b-azurebatch-cloudservice.uksouth.cloudapp.azure.com\",\r\n            \"frontendPort\": 50001,\r\n            \"backendPort\": 22\r\n          }\r\n        ]\r\n      },\r\n      \"virtualMachineInfo\": {\r\n        \"imageReference\": {\r\n          \"publisher\": \"canonical\",\r\n          \"offer\": \"0001-com-ubuntu-server-focal\",\r\n          \"sku\": \"20_04-lts\",\r\n          \"version\": \"latest\",\r\n          \"exactVersion\": \"20.04.202403190\"\r\n        }\r\n      }\r\n    },\r\n    {\r\n      \"id\": \"tvmps_8a85a1cbcc88762b26ac351d5956c84c086d4d2dc9b9056ad9636799ceba78ab_d\",\r\n      \"url\": \"https://billstestba24326.uksouth.batch.azure.com/pools/removenodepool/nodes/tvmps_8a85a1cbcc88762b26ac351d5956c84c086d4d2dc9b9056ad9636799ceba78ab_d\",\r\n      \"state\": \"creating\",\r\n      \"schedulingState\": \"enabled\",\r\n      \"stateTransitionTime\": \"2024-03-21T23:20:47.4340418Z\",\r\n      \"allocationTime\": \"2024-03-21T23:20:47.4340544Z\",\r\n      \"ipAddress\": \"10.0.0.4\",\r\n      \"affinityId\": \"TVM:tvmps_8a85a1cbcc88762b26ac351d5956c84c086d4d2dc9b9056ad9636799ceba78ab_d\",\r\n      \"vmSize\": \"standard_d2s_v3\",\r\n      \"totalTasksRun\": 0,\r\n      \"totalTasksSucceeded\": 0,\r\n      \"runningTasksCount\": 0,\r\n      \"runningTaskSlotsCount\": 0,\r\n      \"isDedicated\": true,\r\n      \"endpointConfiguration\": {\r\n        \"inboundEndpoints\": [\r\n          {\r\n            \"name\": \"SSHRule.0\",\r\n            \"protocol\": \"tcp\",\r\n            \"publicIPAddress\": \"4.158.121.12\",\r\n            \"publicFQDN\": \"dns3f3d3eb0-ee85-48ca-8d12-595bdf71fe4b-azurebatch-cloudservice.uksouth.cloudapp.azure.com\",\r\n            \"frontendPort\": 50000,\r\n            \"backendPort\": 22\r\n          }\r\n        ]\r\n      },\r\n      \"virtualMachineInfo\": {\r\n        \"imageReference\": {\r\n          \"publisher\": \"canonical\",\r\n          \"offer\": \"0001-com-ubuntu-server-focal\",\r\n          \"sku\": \"20_04-lts\",\r\n          \"version\": \"latest\",\r\n          \"exactVersion\": \"20.04.202403190\"\r\n        }\r\n      }\r\n    }\r\n  ]\r\n}",
      "StatusCode": 200
    },
    {
      "RequestUri": "/pools/removenodepool/removenodes?api-version=2024-02-01.19.0",
      "EncodedRequestUri": "L3Bvb2xzL3JlbW92ZW5vZGVwb29sL3JlbW92ZW5vZGVzP2FwaS12ZXJzaW9uPTIwMjQtMDItMDEuMTkuMA==",
      "RequestMethod": "POST",
      "RequestHeaders": {
        "client-request-id": [
          "c0b66616-9ebc-4e31-8eae-d14df170bda8"
        ],
        "Accept-Language": [
          "en-US"
        ],
        "ocp-date": [
          "Thu, 21 Mar 2024 23:20:53 GMT"
        ],
        "x-ms-client-request-id": [
          "d103a363-1e39-45c1-b8ce-fa4190504e6d"
        ],
        "User-Agent": [
          "FxVersion/6.0.2824.12007",
          "OSName/Windows",
          "OSVersion/Microsoft.Windows.10.0.22631",
          "Microsoft.Azure.Batch.Protocol.BatchServiceClient/16.200.24.12902",
          "AzurePowershell/Az1.0.0"
        ],
        "Content-Type": [
          "application/json; odata=minimalmetadata; charset=utf-8"
        ],
        "Content-Length": [
          "187"
        ]
      },
      "RequestBody": "{\r\n  \"nodeList\": [\r\n    \"tvmps_3708cdaa2a05d779bae3056bb088fca8524fe60b0bdf4ac54d35c07221b5b237_d\",\r\n    \"tvmps_8a85a1cbcc88762b26ac351d5956c84c086d4d2dc9b9056ad9636799ceba78ab_d\"\r\n  ]\r\n}",
      "ResponseHeaders": {
        "Transfer-Encoding": [
          "chunked"
        ],
        "ETag": [
          "0x8DC49FD8E00A512"
        ],
        "Server": [
          "Microsoft-HTTPAPI/2.0"
        ],
        "request-id": [
          "89d1a831-51c6-486d-b8e1-c6aaab80e2da"
        ],
        "Strict-Transport-Security": [
          "max-age=31536000; includeSubDomains"
        ],
        "X-Content-Type-Options": [
          "nosniff"
        ],
        "DataServiceVersion": [
          "3.0"
        ],
        "DataServiceId": [
          "https://billstestba24326.uksouth.batch.azure.com/pools/removenodepool/removenodes"
        ],
        "Date": [
          "Thu, 21 Mar 2024 23:20:53 GMT"
        ],
        "Last-Modified": [
          "Thu, 21 Mar 2024 23:20:53 GMT"
        ]
      },
      "ResponseBody": "",
      "StatusCode": 202
    },
    {
      "RequestUri": "/pools/removenodepool/nodes?api-version=2024-02-01.19.0&$select=id%2Cstate",
      "EncodedRequestUri": "L3Bvb2xzL3JlbW92ZW5vZGVwb29sL25vZGVzP2FwaS12ZXJzaW9uPTIwMjQtMDItMDEuMTkuMCYkc2VsZWN0PWlkJTJDc3RhdGU=",
      "RequestMethod": "GET",
      "RequestHeaders": {
        "client-request-id": [
          "d43da8b0-4f04-43c5-876e-626b77ea686e"
        ],
        "Accept-Language": [
          "en-US"
        ],
        "ocp-date": [
          "Thu, 21 Mar 2024 23:20:53 GMT"
        ],
        "x-ms-client-request-id": [
          "045f32bb-e502-4c72-a763-24ed2db5cdf0"
        ],
        "User-Agent": [
          "FxVersion/6.0.2824.12007",
          "OSName/Windows",
          "OSVersion/Microsoft.Windows.10.0.22631",
          "Microsoft.Azure.Batch.Protocol.BatchServiceClient/16.200.24.12902",
          "AzurePowershell/Az1.0.0"
        ]
      },
      "RequestBody": "",
      "ResponseHeaders": {
        "Transfer-Encoding": [
          "chunked"
        ],
        "Server": [
          "Microsoft-HTTPAPI/2.0"
        ],
        "request-id": [
          "5a8dccb2-8b86-43ab-bffd-5cb457afa546"
        ],
        "Strict-Transport-Security": [
          "max-age=31536000; includeSubDomains"
        ],
        "X-Content-Type-Options": [
          "nosniff"
        ],
        "DataServiceVersion": [
          "3.0"
        ],
        "Date": [
          "Thu, 21 Mar 2024 23:20:53 GMT"
        ],
        "Content-Type": [
          "application/json; odata=minimalmetadata"
        ]
      },
      "ResponseBody": "{\r\n  \"odata.metadata\": \"https://billstestba24326.uksouth.batch.azure.com/$metadata#nodes\",\r\n  \"value\": [\r\n    {\r\n      \"id\": \"tvmps_3708cdaa2a05d779bae3056bb088fca8524fe60b0bdf4ac54d35c07221b5b237_d\",\r\n      \"state\": \"leavingpool\",\r\n      \"virtualMachineInfo\": {\r\n        \"imageReference\": {\r\n          \"publisher\": \"canonical\",\r\n          \"offer\": \"0001-com-ubuntu-server-focal\",\r\n          \"sku\": \"20_04-lts\",\r\n          \"version\": \"latest\",\r\n          \"exactVersion\": \"20.04.202403190\"\r\n        }\r\n      }\r\n    },\r\n    {\r\n      \"id\": \"tvmps_8a85a1cbcc88762b26ac351d5956c84c086d4d2dc9b9056ad9636799ceba78ab_d\",\r\n      \"state\": \"leavingpool\",\r\n      \"virtualMachineInfo\": {\r\n        \"imageReference\": {\r\n          \"publisher\": \"canonical\",\r\n          \"offer\": \"0001-com-ubuntu-server-focal\",\r\n          \"sku\": \"20_04-lts\",\r\n          \"version\": \"latest\",\r\n          \"exactVersion\": \"20.04.202403190\"\r\n        }\r\n      }\r\n    }\r\n  ]\r\n}",
      "StatusCode": 200
    },
    {
      "RequestUri": "/pools/removenodepool?api-version=2024-02-01.19.0",
      "EncodedRequestUri": "L3Bvb2xzL3JlbW92ZW5vZGVwb29sP2FwaS12ZXJzaW9uPTIwMjQtMDItMDEuMTkuMA==",
      "RequestMethod": "DELETE",
      "RequestHeaders": {
        "client-request-id": [
          "bb05b422-d755-41b8-8ac6-a2da8a291f2f"
        ],
        "Accept-Language": [
          "en-US"
        ],
        "ocp-date": [
          "Thu, 21 Mar 2024 23:20:53 GMT"
        ],
        "User-Agent": [
          "FxVersion/6.0.2824.12007",
          "OSName/Windows",
          "OSVersion/Microsoft.Windows.10.0.22631",
          "Microsoft.Azure.Batch.Protocol.BatchServiceClient/16.200.24.12902",
          "AzurePowershell/Az1.0.0"
        ],
        "Content-Length": [
          "0"
        ]
      },
      "RequestBody": "",
      "ResponseHeaders": {
        "Transfer-Encoding": [
          "chunked"
        ],
        "Server": [
          "Microsoft-HTTPAPI/2.0"
        ],
        "request-id": [
          "6f9750b0-5960-4d1d-9a1b-6fda4c27e95e"
        ],
        "Strict-Transport-Security": [
          "max-age=31536000; includeSubDomains"
        ],
        "X-Content-Type-Options": [
          "nosniff"
        ],
        "DataServiceVersion": [
          "3.0"
        ],
        "Date": [
          "Thu, 21 Mar 2024 23:20:53 GMT"
        ]
      },
      "ResponseBody": "",
      "StatusCode": 202
    }
  ],
  "Names": {},
  "Variables": {
    "SubscriptionId": "6602ac9a-5dad-41bd-a792-592c704b6a31",
    "AZURE_BATCH_ACCOUNT": "billstestba24326",
    "AZURE_BATCH_ENDPOINT": "https://billstestba24326.uksouth.batch.azure.com",
    "AZURE_BATCH_RESOURCE_GROUP": "automation"
  }
}