{
  "Entries": [
    {
      "RequestUri": "/subscriptions/89ec4d1d-dcc7-4a3f-a701-0a5d074c8505/providers/Microsoft.Authorization/policydefinitions/ps468?api-version=2019-01-01",
      "EncodedRequestUri": "L3N1YnNjcmlwdGlvbnMvODllYzRkMWQtZGNjNy00YTNmLWE3MDEtMGE1ZDA3NGM4NTA1L3Byb3ZpZGVycy9NaWNyb3NvZnQuQXV0aG9yaXphdGlvbi9wb2xpY3lkZWZpbml0aW9ucy9wczQ2OD9hcGktdmVyc2lvbj0yMDE5LTAxLTAx",
      "RequestMethod": "PUT",
      "RequestBody": "{\r\n  \"name\": \"ps468\",\r\n  \"properties\": {\r\n    \"description\": \"Unit test junk: sorry for littering. Please delete me!\",\r\n    \"policyRule\": {\r\n      \"if\": {\r\n        \"source\": \"action\",\r\n        \"equals\": \"Microsoft.Resources/Subscriptions/ResourceGroups/write\"\r\n      },\r\n      \"then\": {\r\n        \"effect\": \"deny\"\r\n      }\r\n    },\r\n    \"mode\": \"All\"\r\n  }\r\n}",
      "RequestHeaders": {
        "User-Agent": [
          "AzurePowershell/v1.0.0",
          "PSVersion/v6.1.0"
        ],
        "ParameterSetName": [
          "NameParameterSet"
        ],
        "CommandName": [
          "New-AzPolicyDefinition"
        ],
        "Content-Type": [
          "application/json; charset=utf-8"
        ],
        "Content-Length": [
          "356"
        ]
      },
      "ResponseHeaders": {
        "Cache-Control": [
          "no-cache"
        ],
        "Pragma": [
          "no-cache"
        ],
        "x-ms-request-id": [
          "westus:0778beeb-affb-42e5-85fd-7f43e49954ad"
        ],
        "x-ms-ratelimit-remaining-subscription-writes": [
          "1199"
        ],
        "x-ms-correlation-request-id": [
          "7b681a8b-4910-492a-8b60-bbd9bc53f033"
        ],
        "x-ms-routing-request-id": [
          "WESTUS:20190904T190639Z:7b681a8b-4910-492a-8b60-bbd9bc53f033"
        ],
        "Strict-Transport-Security": [
          "max-age=31536000; includeSubDomains"
        ],
        "X-Content-Type-Options": [
          "nosniff"
        ],
        "Date": [
          "Wed, 04 Sep 2019 19:06:39 GMT"
        ],
        "Content-Length": [
          "576"
        ],
        "Content-Type": [
          "application/json; charset=utf-8"
        ],
        "Expires": [
          "-1"
        ],
        "Retry-After": [
          "0"
        ]
      },
      "ResponseBody": "{\r\n  \"properties\": {\r\n    \"policyType\": \"Custom\",\r\n    \"mode\": \"All\",\r\n    \"description\": \"Unit test junk: sorry for littering. Please delete me!\",\r\n    \"metadata\": {\r\n      \"createdBy\": \"01b8db7b-fc40-494b-8b19-20127488a03d\",\r\n      \"createdOn\": \"2019-09-04T19:06:37.967264Z\",\r\n      \"updatedBy\": null,\r\n      \"updatedOn\": null\r\n    },\r\n    \"policyRule\": {\r\n      \"if\": {\r\n        \"source\": \"action\",\r\n        \"equals\": \"Microsoft.Resources/Subscriptions/ResourceGroups/write\"\r\n      },\r\n      \"then\": {\r\n        \"effect\": \"deny\"\r\n      }\r\n    }\r\n  },\r\n  \"id\": \"/subscriptions/89ec4d1d-dcc7-4a3f-a701-0a5d074c8505/providers/Microsoft.Authorization/policyDefinitions/ps468\",\r\n  \"type\": \"Microsoft.Authorization/policyDefinitions\",\r\n  \"name\": \"ps468\"\r\n}",
      "StatusCode": 201
    },
    {
      "RequestUri": "/subscriptions/89ec4d1d-dcc7-4a3f-a701-0a5d074c8505/providers/Microsoft.Authorization/policydefinitions/ps468?api-version=2019-01-01",
      "EncodedRequestUri": "L3N1YnNjcmlwdGlvbnMvODllYzRkMWQtZGNjNy00YTNmLWE3MDEtMGE1ZDA3NGM4NTA1L3Byb3ZpZGVycy9NaWNyb3NvZnQuQXV0aG9yaXphdGlvbi9wb2xpY3lkZWZpbml0aW9ucy9wczQ2OD9hcGktdmVyc2lvbj0yMDE5LTAxLTAx",
      "RequestMethod": "PUT",
      "RequestBody": "{\r\n  \"name\": \"ps468\",\r\n  \"properties\": {\r\n    \"description\": \"Updated Unit test junk: sorry for littering. Please delete me!\",\r\n    \"displayName\": \"testDisplay\",\r\n    \"policyRule\": {\r\n      \"if\": {\r\n        \"source\": \"action\",\r\n        \"equals\": \"Microsoft.Resources/Subscriptions/ResourceGroups/write\"\r\n      },\r\n      \"then\": {\r\n        \"effect\": \"deny\"\r\n      }\r\n    },\r\n    \"metadata\": {\r\n      \"testName\": \"testValue\"\r\n    },\r\n    \"mode\": \"All\"\r\n  }\r\n}",
      "RequestHeaders": {
        "User-Agent": [
          "AzurePowershell/v1.0.0",
          "PSVersion/v6.1.0"
        ],
        "ParameterSetName": [
          "NameParameterSet"
        ],
        "CommandName": [
          "Set-AzPolicyDefinition"
        ],
        "Content-Type": [
          "application/json; charset=utf-8"
        ],
        "Content-Length": [
          "457"
        ]
      },
      "ResponseHeaders": {
        "Cache-Control": [
          "no-cache"
        ],
        "Pragma": [
          "no-cache"
        ],
        "x-ms-request-id": [
          "westus:1ffa119d-5010-40c2-a261-8473baab1726"
        ],
        "x-ms-ratelimit-remaining-subscription-writes": [
          "1199"
        ],
        "x-ms-correlation-request-id": [
          "b836fcb1-d2ab-4a1f-ba72-8b1159616008"
        ],
        "x-ms-routing-request-id": [
          "WESTUS:20190904T190646Z:b836fcb1-d2ab-4a1f-ba72-8b1159616008"
        ],
        "Strict-Transport-Security": [
          "max-age=31536000; includeSubDomains"
        ],
        "X-Content-Type-Options": [
          "nosniff"
        ],
        "Date": [
          "Wed, 04 Sep 2019 19:06:46 GMT"
        ],
        "Content-Length": [
          "695"
        ],
        "Content-Type": [
          "application/json; charset=utf-8"
        ],
        "Expires": [
          "-1"
        ],
        "Retry-After": [
          "0"
        ]
      },
      "ResponseBody": "{\r\n  \"properties\": {\r\n    \"displayName\": \"testDisplay\",\r\n    \"policyType\": \"Custom\",\r\n    \"mode\": \"All\",\r\n    \"description\": \"Updated Unit test junk: sorry for littering. Please delete me!\",\r\n    \"metadata\": {\r\n      \"testName\": \"testValue\",\r\n      \"createdBy\": \"01b8db7b-fc40-494b-8b19-20127488a03d\",\r\n      \"createdOn\": \"2019-09-04T19:06:37.967264Z\",\r\n      \"updatedBy\": \"01b8db7b-fc40-494b-8b19-20127488a03d\",\r\n      \"updatedOn\": \"2019-09-04T19:06:45.7748152Z\"\r\n    },\r\n    \"policyRule\": {\r\n      \"if\": {\r\n        \"source\": \"action\",\r\n        \"equals\": \"Microsoft.Resources/Subscriptions/ResourceGroups/write\"\r\n      },\r\n      \"then\": {\r\n        \"effect\": \"deny\"\r\n      }\r\n    }\r\n  },\r\n  \"id\": \"/subscriptions/89ec4d1d-dcc7-4a3f-a701-0a5d074c8505/providers/Microsoft.Authorization/policyDefinitions/ps468\",\r\n  \"type\": \"Microsoft.Authorization/policyDefinitions\",\r\n  \"name\": \"ps468\"\r\n}",
      "StatusCode": 201
    },
    {
      "RequestUri": "/subscriptions/89ec4d1d-dcc7-4a3f-a701-0a5d074c8505/providers/Microsoft.Authorization/policydefinitions/ps468?api-version=2019-01-01",
      "EncodedRequestUri": "L3N1YnNjcmlwdGlvbnMvODllYzRkMWQtZGNjNy00YTNmLWE3MDEtMGE1ZDA3NGM4NTA1L3Byb3ZpZGVycy9NaWNyb3NvZnQuQXV0aG9yaXphdGlvbi9wb2xpY3lkZWZpbml0aW9ucy9wczQ2OD9hcGktdmVyc2lvbj0yMDE5LTAxLTAx",
      "RequestMethod": "PUT",
      "RequestBody": "{\r\n  \"name\": \"ps468\",\r\n  \"properties\": {\r\n    \"description\": \"Updated Unit test junk: sorry for littering. Please delete me!\",\r\n    \"displayName\": \"testDisplay\",\r\n    \"policyRule\": {\r\n      \"if\": {\r\n        \"source\": \"action\",\r\n        \"equals\": \"Microsoft.Resources/Subscriptions/ResourceGroups/write\"\r\n      },\r\n      \"then\": {\r\n        \"effect\": \"deny\"\r\n      }\r\n    },\r\n    \"metadata\": {\r\n      \"testName\": \"testValue\"\r\n    },\r\n    \"mode\": \"All\"\r\n  }\r\n}",
      "RequestHeaders": {
        "User-Agent": [
          "AzurePowershell/v1.0.0",
          "PSVersion/v6.1.0"
        ],
        "ParameterSetName": [
          "NameParameterSet"
        ],
        "CommandName": [
          "Set-AzPolicyDefinition"
        ],
        "Content-Type": [
          "application/json; charset=utf-8"
        ],
        "Content-Length": [
          "457"
        ]
      },
      "ResponseHeaders": {
        "Cache-Control": [
          "no-cache"
        ],
        "Pragma": [
          "no-cache"
        ],
        "x-ms-request-id": [
          "westus:6c3cbd5d-2194-4e53-9de1-0c4ad30e6013"
        ],
        "x-ms-ratelimit-remaining-subscription-writes": [
          "1199"
        ],
        "x-ms-correlation-request-id": [
          "0361a368-f56f-4b99-8d68-58a8207b8689"
        ],
        "x-ms-routing-request-id": [
          "WESTUS:20190904T190647Z:0361a368-f56f-4b99-8d68-58a8207b8689"
        ],
        "Strict-Transport-Security": [
          "max-age=31536000; includeSubDomains"
        ],
        "X-Content-Type-Options": [
          "nosniff"
        ],
        "Date": [
          "Wed, 04 Sep 2019 19:06:47 GMT"
        ],
        "Content-Length": [
          "695"
        ],
        "Content-Type": [
          "application/json; charset=utf-8"
        ],
        "Expires": [
          "-1"
        ],
        "Retry-After": [
          "0"
        ]
      },
      "ResponseBody": "{\r\n  \"properties\": {\r\n    \"displayName\": \"testDisplay\",\r\n    \"policyType\": \"Custom\",\r\n    \"mode\": \"All\",\r\n    \"description\": \"Updated Unit test junk: sorry for littering. Please delete me!\",\r\n    \"metadata\": {\r\n      \"testName\": \"testValue\",\r\n      \"createdBy\": \"01b8db7b-fc40-494b-8b19-20127488a03d\",\r\n      \"createdOn\": \"2019-09-04T19:06:37.967264Z\",\r\n      \"updatedBy\": \"01b8db7b-fc40-494b-8b19-20127488a03d\",\r\n      \"updatedOn\": \"2019-09-04T19:06:47.5561187Z\"\r\n    },\r\n    \"policyRule\": {\r\n      \"if\": {\r\n        \"source\": \"action\",\r\n        \"equals\": \"Microsoft.Resources/Subscriptions/ResourceGroups/write\"\r\n      },\r\n      \"then\": {\r\n        \"effect\": \"deny\"\r\n      }\r\n    }\r\n  },\r\n  \"id\": \"/subscriptions/89ec4d1d-dcc7-4a3f-a701-0a5d074c8505/providers/Microsoft.Authorization/policyDefinitions/ps468\",\r\n  \"type\": \"Microsoft.Authorization/policyDefinitions\",\r\n  \"name\": \"ps468\"\r\n}",
      "StatusCode": 201
    },
    {
      "RequestUri": "/subscriptions/89ec4d1d-dcc7-4a3f-a701-0a5d074c8505/providers/Microsoft.Authorization/policydefinitions/ps468?api-version=2019-01-01",
      "EncodedRequestUri": "L3N1YnNjcmlwdGlvbnMvODllYzRkMWQtZGNjNy00YTNmLWE3MDEtMGE1ZDA3NGM4NTA1L3Byb3ZpZGVycy9NaWNyb3NvZnQuQXV0aG9yaXphdGlvbi9wb2xpY3lkZWZpbml0aW9ucy9wczQ2OD9hcGktdmVyc2lvbj0yMDE5LTAxLTAx",
      "RequestMethod": "PUT",
      "RequestBody": "{\r\n  \"name\": \"ps468\",\r\n  \"properties\": {\r\n    \"description\": \"Updated Unit test junk: sorry for littering. Please delete me!\",\r\n    \"displayName\": \"testDisplay\",\r\n    \"policyRule\": {\r\n      \"if\": {\r\n        \"source\": \"action\",\r\n        \"equals\": \"Microsoft.Resources/Subscriptions/ResourceGroups/write\"\r\n      },\r\n      \"then\": {\r\n        \"effect\": \"deny\"\r\n      }\r\n    },\r\n    \"metadata\": {\r\n      \"testName\": \"testValue\"\r\n    },\r\n    \"mode\": \"Indexed\"\r\n  }\r\n}",
      "RequestHeaders": {
        "User-Agent": [
          "AzurePowershell/v1.0.0",
          "PSVersion/v6.1.0"
        ],
        "ParameterSetName": [
          "NameParameterSet"
        ],
        "CommandName": [
          "Set-AzPolicyDefinition"
        ],
        "Content-Type": [
          "application/json; charset=utf-8"
        ],
        "Content-Length": [
          "461"
        ]
      },
      "ResponseHeaders": {
        "Cache-Control": [
          "no-cache"
        ],
        "Pragma": [
          "no-cache"
        ],
        "x-ms-request-id": [
          "westus:f289756a-ea67-4ba4-801c-d07c0b126399"
        ],
        "x-ms-ratelimit-remaining-subscription-writes": [
          "1199"
        ],
        "x-ms-correlation-request-id": [
          "e373492e-cf28-4432-9903-378041c2894f"
        ],
        "x-ms-routing-request-id": [
          "WESTUS:20190904T190720Z:e373492e-cf28-4432-9903-378041c2894f"
        ],
        "Strict-Transport-Security": [
          "max-age=31536000; includeSubDomains"
        ],
        "X-Content-Type-Options": [
          "nosniff"
        ],
        "Date": [
          "Wed, 04 Sep 2019 19:07:19 GMT"
        ],
        "Content-Length": [
          "699"
        ],
        "Content-Type": [
          "application/json; charset=utf-8"
        ],
        "Expires": [
          "-1"
        ],
        "Retry-After": [
          "0"
        ]
      },
      "ResponseBody": "{\r\n  \"properties\": {\r\n    \"displayName\": \"testDisplay\",\r\n    \"policyType\": \"Custom\",\r\n    \"mode\": \"Indexed\",\r\n    \"description\": \"Updated Unit test junk: sorry for littering. Please delete me!\",\r\n    \"metadata\": {\r\n      \"testName\": \"testValue\",\r\n      \"createdBy\": \"01b8db7b-fc40-494b-8b19-20127488a03d\",\r\n      \"createdOn\": \"2019-09-04T19:06:37.967264Z\",\r\n      \"updatedBy\": \"01b8db7b-fc40-494b-8b19-20127488a03d\",\r\n      \"updatedOn\": \"2019-09-04T19:07:18.4917131Z\"\r\n    },\r\n    \"policyRule\": {\r\n      \"if\": {\r\n        \"source\": \"action\",\r\n        \"equals\": \"Microsoft.Resources/Subscriptions/ResourceGroups/write\"\r\n      },\r\n      \"then\": {\r\n        \"effect\": \"deny\"\r\n      }\r\n    }\r\n  },\r\n  \"id\": \"/subscriptions/89ec4d1d-dcc7-4a3f-a701-0a5d074c8505/providers/Microsoft.Authorization/policyDefinitions/ps468\",\r\n  \"type\": \"Microsoft.Authorization/policyDefinitions\",\r\n  \"name\": \"ps468\"\r\n}",
      "StatusCode": 201
    },
    {
      "RequestUri": "/subscriptions/89ec4d1d-dcc7-4a3f-a701-0a5d074c8505/providers/Microsoft.Authorization/policydefinitions/ps468?api-version=2019-01-01",
      "EncodedRequestUri": "L3N1YnNjcmlwdGlvbnMvODllYzRkMWQtZGNjNy00YTNmLWE3MDEtMGE1ZDA3NGM4NTA1L3Byb3ZpZGVycy9NaWNyb3NvZnQuQXV0aG9yaXphdGlvbi9wb2xpY3lkZWZpbml0aW9ucy9wczQ2OD9hcGktdmVyc2lvbj0yMDE5LTAxLTAx",
      "RequestMethod": "PUT",
      "RequestBody": "{\r\n  \"name\": \"ps468\",\r\n  \"properties\": {\r\n    \"description\": \"Unit test junk: sorry for littering. Please delete me!\",\r\n    \"policyRule\": {\r\n      \"if\": {\r\n        \"source\": \"action\",\r\n        \"equals\": \"Microsoft.Resources/Subscriptions/ResourceGroups/write\"\r\n      },\r\n      \"then\": {\r\n        \"effect\": \"deny\"\r\n      }\r\n    },\r\n    \"mode\": \"All\"\r\n  }\r\n}",
      "RequestHeaders": {
        "User-Agent": [
          "AzurePowershell/v1.0.0",
          "PSVersion/v6.1.0"
        ],
        "ParameterSetName": [
          "SubscriptionIdParameterSet"
        ],
        "CommandName": [
          "New-AzPolicyDefinition"
        ],
        "Content-Type": [
          "application/json; charset=utf-8"
        ],
        "Content-Length": [
          "356"
        ]
      },
      "ResponseHeaders": {
        "Cache-Control": [
          "no-cache"
        ],
        "Pragma": [
          "no-cache"
        ],
        "x-ms-request-id": [
          "westus:b64d4ac6-7f44-4f86-9f41-256175fa7b13"
        ],
        "x-ms-ratelimit-remaining-subscription-writes": [
          "1199"
        ],
        "x-ms-correlation-request-id": [
          "fcb219cb-e8a7-4d7e-919a-9555e230f1b5"
        ],
        "x-ms-routing-request-id": [
          "WESTUS:20190904T191052Z:fcb219cb-e8a7-4d7e-919a-9555e230f1b5"
        ],
        "Strict-Transport-Security": [
          "max-age=31536000; includeSubDomains"
        ],
        "X-Content-Type-Options": [
          "nosniff"
        ],
        "Date": [
          "Wed, 04 Sep 2019 19:10:52 GMT"
        ],
        "Content-Length": [
          "577"
        ],
        "Content-Type": [
          "application/json; charset=utf-8"
        ],
        "Expires": [
          "-1"
        ],
        "Retry-After": [
          "0"
        ]
      },
      "ResponseBody": "{\r\n  \"properties\": {\r\n    \"policyType\": \"Custom\",\r\n    \"mode\": \"All\",\r\n    \"description\": \"Unit test junk: sorry for littering. Please delete me!\",\r\n    \"metadata\": {\r\n      \"createdBy\": \"01b8db7b-fc40-494b-8b19-20127488a03d\",\r\n      \"createdOn\": \"2019-09-04T19:10:52.2968334Z\",\r\n      \"updatedBy\": null,\r\n      \"updatedOn\": null\r\n    },\r\n    \"policyRule\": {\r\n      \"if\": {\r\n        \"source\": \"action\",\r\n        \"equals\": \"Microsoft.Resources/Subscriptions/ResourceGroups/write\"\r\n      },\r\n      \"then\": {\r\n        \"effect\": \"deny\"\r\n      }\r\n    }\r\n  },\r\n  \"id\": \"/subscriptions/89ec4d1d-dcc7-4a3f-a701-0a5d074c8505/providers/Microsoft.Authorization/policyDefinitions/ps468\",\r\n  \"type\": \"Microsoft.Authorization/policyDefinitions\",\r\n  \"name\": \"ps468\"\r\n}",
      "StatusCode": 201
    },
    {
      "RequestUri": "/subscriptions/89ec4d1d-dcc7-4a3f-a701-0a5d074c8505/providers/Microsoft.Authorization/policydefinitions/ps468?api-version=2019-01-01",
      "EncodedRequestUri": "L3N1YnNjcmlwdGlvbnMvODllYzRkMWQtZGNjNy00YTNmLWE3MDEtMGE1ZDA3NGM4NTA1L3Byb3ZpZGVycy9NaWNyb3NvZnQuQXV0aG9yaXphdGlvbi9wb2xpY3lkZWZpbml0aW9ucy9wczQ2OD9hcGktdmVyc2lvbj0yMDE5LTAxLTAx",
      "RequestMethod": "PUT",
      "RequestBody": "{\r\n  \"name\": \"ps468\",\r\n  \"properties\": {\r\n    \"description\": \"Updated Unit test junk: sorry for littering. Please delete me!\",\r\n    \"displayName\": \"testDisplay\",\r\n    \"policyRule\": {\r\n      \"if\": {\r\n        \"source\": \"action\",\r\n        \"equals\": \"Microsoft.Resources/Subscriptions/ResourceGroups/write\"\r\n      },\r\n      \"then\": {\r\n        \"effect\": \"deny\"\r\n      }\r\n    },\r\n    \"metadata\": {\r\n      \"testName\": \"testValue\"\r\n    },\r\n    \"mode\": \"All\"\r\n  }\r\n}",
      "RequestHeaders": {
        "User-Agent": [
          "AzurePowershell/v1.0.0",
          "PSVersion/v6.1.0"
        ],
        "ParameterSetName": [
          "SubscriptionIdParameterSet"
        ],
        "CommandName": [
          "Set-AzPolicyDefinition"
        ],
        "Content-Type": [
          "application/json; charset=utf-8"
        ],
        "Content-Length": [
          "457"
        ]
      },
      "ResponseHeaders": {
        "Cache-Control": [
          "no-cache"
        ],
        "Pragma": [
          "no-cache"
        ],
        "x-ms-request-id": [
          "westus:a1a9cd60-b8d0-4e0c-b40d-98f55449dcae"
        ],
        "x-ms-ratelimit-remaining-subscription-writes": [
          "1199"
        ],
        "x-ms-correlation-request-id": [
          "650375f0-55bc-40e6-a89b-b5a236048e2d"
        ],
        "x-ms-routing-request-id": [
          "WESTUS:20190904T191117Z:650375f0-55bc-40e6-a89b-b5a236048e2d"
        ],
        "Strict-Transport-Security": [
          "max-age=31536000; includeSubDomains"
        ],
        "X-Content-Type-Options": [
          "nosniff"
        ],
        "Date": [
          "Wed, 04 Sep 2019 19:11:17 GMT"
        ],
        "Content-Length": [
          "696"
        ],
        "Content-Type": [
          "application/json; charset=utf-8"
        ],
        "Expires": [
          "-1"
        ],
        "Retry-After": [
          "0"
        ]
      },
      "ResponseBody": "{\r\n  \"properties\": {\r\n    \"displayName\": \"testDisplay\",\r\n    \"policyType\": \"Custom\",\r\n    \"mode\": \"All\",\r\n    \"description\": \"Updated Unit test junk: sorry for littering. Please delete me!\",\r\n    \"metadata\": {\r\n      \"testName\": \"testValue\",\r\n      \"createdBy\": \"01b8db7b-fc40-494b-8b19-20127488a03d\",\r\n      \"createdOn\": \"2019-09-04T19:10:52.2968334Z\",\r\n      \"updatedBy\": \"01b8db7b-fc40-494b-8b19-20127488a03d\",\r\n      \"updatedOn\": \"2019-09-04T19:11:16.9954558Z\"\r\n    },\r\n    \"policyRule\": {\r\n      \"if\": {\r\n        \"source\": \"action\",\r\n        \"equals\": \"Microsoft.Resources/Subscriptions/ResourceGroups/write\"\r\n      },\r\n      \"then\": {\r\n        \"effect\": \"deny\"\r\n      }\r\n    }\r\n  },\r\n  \"id\": \"/subscriptions/89ec4d1d-dcc7-4a3f-a701-0a5d074c8505/providers/Microsoft.Authorization/policyDefinitions/ps468\",\r\n  \"type\": \"Microsoft.Authorization/policyDefinitions\",\r\n  \"name\": \"ps468\"\r\n}",
      "StatusCode": 201
    },
    {
      "RequestUri": "/subscriptions/89ec4d1d-dcc7-4a3f-a701-0a5d074c8505/providers/Microsoft.Authorization/policydefinitions/ps468?api-version=2019-01-01",
      "EncodedRequestUri": "L3N1YnNjcmlwdGlvbnMvODllYzRkMWQtZGNjNy00YTNmLWE3MDEtMGE1ZDA3NGM4NTA1L3Byb3ZpZGVycy9NaWNyb3NvZnQuQXV0aG9yaXphdGlvbi9wb2xpY3lkZWZpbml0aW9ucy9wczQ2OD9hcGktdmVyc2lvbj0yMDE5LTAxLTAx",
      "RequestMethod": "PUT",
      "RequestBody": "{\r\n  \"name\": \"ps468\",\r\n  \"properties\": {\r\n    \"description\": \"Updated Unit test junk: sorry for littering. Please delete me!\",\r\n    \"displayName\": \"testDisplay\",\r\n    \"policyRule\": {\r\n      \"if\": {\r\n        \"source\": \"action\",\r\n        \"equals\": \"Microsoft.Resources/Subscriptions/ResourceGroups/write\"\r\n      },\r\n      \"then\": {\r\n        \"effect\": \"deny\"\r\n      }\r\n    },\r\n    \"metadata\": {\r\n      \"testName\": \"testValue\"\r\n    },\r\n    \"mode\": \"All\"\r\n  }\r\n}",
      "RequestHeaders": {
        "User-Agent": [
          "AzurePowershell/v1.0.0",
          "PSVersion/v6.1.0"
        ],
        "ParameterSetName": [
          "SubscriptionIdParameterSet"
        ],
        "CommandName": [
          "Set-AzPolicyDefinition"
        ],
        "Content-Type": [
          "application/json; charset=utf-8"
        ],
        "Content-Length": [
          "457"
        ]
      },
      "ResponseHeaders": {
        "Cache-Control": [
          "no-cache"
        ],
        "Pragma": [
          "no-cache"
        ],
        "x-ms-request-id": [
          "westus:372d2c45-2858-45a5-8a61-c2427b19f4e7"
        ],
        "x-ms-ratelimit-remaining-subscription-writes": [
          "1199"
        ],
        "x-ms-correlation-request-id": [
          "e52cacd4-933c-4fb4-b4ae-6aab9992fd4d"
        ],
        "x-ms-routing-request-id": [
          "WESTUS:20190904T191154Z:e52cacd4-933c-4fb4-b4ae-6aab9992fd4d"
        ],
        "Strict-Transport-Security": [
          "max-age=31536000; includeSubDomains"
        ],
        "X-Content-Type-Options": [
          "nosniff"
        ],
        "Date": [
          "Wed, 04 Sep 2019 19:11:53 GMT"
        ],
        "Content-Length": [
          "696"
        ],
        "Content-Type": [
          "application/json; charset=utf-8"
        ],
        "Expires": [
          "-1"
        ],
        "Retry-After": [
          "0"
        ]
      },
      "ResponseBody": "{\r\n  \"properties\": {\r\n    \"displayName\": \"testDisplay\",\r\n    \"policyType\": \"Custom\",\r\n    \"mode\": \"All\",\r\n    \"description\": \"Updated Unit test junk: sorry for littering. Please delete me!\",\r\n    \"metadata\": {\r\n      \"testName\": \"testValue\",\r\n      \"createdBy\": \"01b8db7b-fc40-494b-8b19-20127488a03d\",\r\n      \"createdOn\": \"2019-09-04T19:10:52.2968334Z\",\r\n      \"updatedBy\": \"01b8db7b-fc40-494b-8b19-20127488a03d\",\r\n      \"updatedOn\": \"2019-09-04T19:11:52.8131427Z\"\r\n    },\r\n    \"policyRule\": {\r\n      \"if\": {\r\n        \"source\": \"action\",\r\n        \"equals\": \"Microsoft.Resources/Subscriptions/ResourceGroups/write\"\r\n      },\r\n      \"then\": {\r\n        \"effect\": \"deny\"\r\n      }\r\n    }\r\n  },\r\n  \"id\": \"/subscriptions/89ec4d1d-dcc7-4a3f-a701-0a5d074c8505/providers/Microsoft.Authorization/policyDefinitions/ps468\",\r\n  \"type\": \"Microsoft.Authorization/policyDefinitions\",\r\n  \"name\": \"ps468\"\r\n}",
      "StatusCode": 201
    },
    {
      "RequestUri": "/subscriptions/89ec4d1d-dcc7-4a3f-a701-0a5d074c8505/providers/Microsoft.Authorization/policydefinitions/ps468?api-version=2019-01-01",
      "EncodedRequestUri": "L3N1YnNjcmlwdGlvbnMvODllYzRkMWQtZGNjNy00YTNmLWE3MDEtMGE1ZDA3NGM4NTA1L3Byb3ZpZGVycy9NaWNyb3NvZnQuQXV0aG9yaXphdGlvbi9wb2xpY3lkZWZpbml0aW9ucy9wczQ2OD9hcGktdmVyc2lvbj0yMDE5LTAxLTAx",
      "RequestMethod": "PUT",
      "RequestBody": "{\r\n  \"name\": \"ps468\",\r\n  \"properties\": {\r\n    \"description\": \"Updated Unit test junk: sorry for littering. Please delete me!\",\r\n    \"displayName\": \"testDisplay\",\r\n    \"policyRule\": {\r\n      \"if\": {\r\n        \"source\": \"action\",\r\n        \"equals\": \"Microsoft.Resources/Subscriptions/ResourceGroups/write\"\r\n      },\r\n      \"then\": {\r\n        \"effect\": \"deny\"\r\n      }\r\n    },\r\n    \"metadata\": {\r\n      \"testName\": \"testValue\"\r\n    },\r\n    \"mode\": \"Indexed\"\r\n  }\r\n}",
      "RequestHeaders": {
        "User-Agent": [
          "AzurePowershell/v1.0.0",
          "PSVersion/v6.1.0"
        ],
        "ParameterSetName": [
          "SubscriptionIdParameterSet"
        ],
        "CommandName": [
          "Set-AzPolicyDefinition"
        ],
        "Content-Type": [
          "application/json; charset=utf-8"
        ],
        "Content-Length": [
          "461"
        ]
      },
      "ResponseHeaders": {
        "Cache-Control": [
          "no-cache"
        ],
        "Pragma": [
          "no-cache"
        ],
        "x-ms-request-id": [
          "westus:db409ec5-3de8-4189-978d-69561497626d"
        ],
        "x-ms-ratelimit-remaining-subscription-writes": [
          "1199"
        ],
        "x-ms-correlation-request-id": [
          "981a56a2-05d1-4c50-8a8d-7c787f0f4b59"
        ],
        "x-ms-routing-request-id": [
          "WESTUS:20190904T191154Z:981a56a2-05d1-4c50-8a8d-7c787f0f4b59"
        ],
        "Strict-Transport-Security": [
          "max-age=31536000; includeSubDomains"
        ],
        "X-Content-Type-Options": [
          "nosniff"
        ],
        "Date": [
          "Wed, 04 Sep 2019 19:11:53 GMT"
        ],
        "Content-Length": [
          "700"
        ],
        "Content-Type": [
          "application/json; charset=utf-8"
        ],
        "Expires": [
          "-1"
        ],
        "Retry-After": [
          "0"
        ]
      },
      "ResponseBody": "{\r\n  \"properties\": {\r\n    \"displayName\": \"testDisplay\",\r\n    \"policyType\": \"Custom\",\r\n    \"mode\": \"Indexed\",\r\n    \"description\": \"Updated Unit test junk: sorry for littering. Please delete me!\",\r\n    \"metadata\": {\r\n      \"testName\": \"testValue\",\r\n      \"createdBy\": \"01b8db7b-fc40-494b-8b19-20127488a03d\",\r\n      \"createdOn\": \"2019-09-04T19:10:52.2968334Z\",\r\n      \"updatedBy\": \"01b8db7b-fc40-494b-8b19-20127488a03d\",\r\n      \"updatedOn\": \"2019-09-04T19:11:54.4328752Z\"\r\n    },\r\n    \"policyRule\": {\r\n      \"if\": {\r\n        \"source\": \"action\",\r\n        \"equals\": \"Microsoft.Resources/Subscriptions/ResourceGroups/write\"\r\n      },\r\n      \"then\": {\r\n        \"effect\": \"deny\"\r\n      }\r\n    }\r\n  },\r\n  \"id\": \"/subscriptions/89ec4d1d-dcc7-4a3f-a701-0a5d074c8505/providers/Microsoft.Authorization/policyDefinitions/ps468\",\r\n  \"type\": \"Microsoft.Authorization/policyDefinitions\",\r\n  \"name\": \"ps468\"\r\n}",
      "StatusCode": 201
    },
    {
      "RequestUri": "/subscriptions/89ec4d1d-dcc7-4a3f-a701-0a5d074c8505/providers/Microsoft.Authorization/policydefinitions/ps468?api-version=2019-01-01",
      "EncodedRequestUri": "L3N1YnNjcmlwdGlvbnMvODllYzRkMWQtZGNjNy00YTNmLWE3MDEtMGE1ZDA3NGM4NTA1L3Byb3ZpZGVycy9NaWNyb3NvZnQuQXV0aG9yaXphdGlvbi9wb2xpY3lkZWZpbml0aW9ucy9wczQ2OD9hcGktdmVyc2lvbj0yMDE5LTAxLTAx",
      "RequestMethod": "PUT",
      "RequestBody": "{\r\n  \"name\": \"ps468\",\r\n  \"properties\": {\r\n    \"description\": \"Unit test junk: sorry for littering. Please delete me!\",\r\n    \"policyRule\": {\r\n      \"if\": {\r\n        \"field\": \"Microsoft.KeyVault.Data/vaults/certificates/keyProperties/keyType\",\r\n        \"equals\": \"RSA\"\r\n      },\r\n      \"then\": {\r\n        \"effect\": \"audit\"\r\n      }\r\n    },\r\n    \"mode\": \"Microsoft.KeyVault.Data\"\r\n  }\r\n}",
      "RequestHeaders": {
        "User-Agent": [
          "AzurePowershell/v1.0.0",
          "PSVersion/v6.1.0"
        ],
        "ParameterSetName": [
          "SubscriptionIdParameterSet"
        ],
        "CommandName": [
          "New-AzPolicyDefinition"
        ],
        "Content-Type": [
          "application/json; charset=utf-8"
        ],
        "Content-Length": [
          "384"
        ]
      },
      "ResponseHeaders": {
        "Cache-Control": [
          "no-cache"
        ],
        "Pragma": [
          "no-cache"
        ],
        "x-ms-request-id": [
          "westus:618b4a25-b4e4-41a7-9ae1-3519ad33a99a"
        ],
        "x-ms-ratelimit-remaining-subscription-writes": [
          "1199"
        ],
        "x-ms-correlation-request-id": [
          "b729b221-80ac-4e7c-b28f-9ced4e9f1b66"
        ],
        "x-ms-routing-request-id": [
          "WESTUS:20190904T191156Z:b729b221-80ac-4e7c-b28f-9ced4e9f1b66"
        ],
        "Strict-Transport-Security": [
          "max-age=31536000; includeSubDomains"
        ],
        "X-Content-Type-Options": [
          "nosniff"
        ],
        "Date": [
          "Wed, 04 Sep 2019 19:11:55 GMT"
        ],
        "Content-Length": [
          "604"
        ],
        "Content-Type": [
          "application/json; charset=utf-8"
        ],
        "Expires": [
          "-1"
        ],
        "Retry-After": [
          "0"
        ]
      },
      "ResponseBody": "{\r\n  \"properties\": {\r\n    \"policyType\": \"Custom\",\r\n    \"mode\": \"Microsoft.KeyVault.Data\",\r\n    \"description\": \"Unit test junk: sorry for littering. Please delete me!\",\r\n    \"metadata\": {\r\n      \"createdBy\": \"01b8db7b-fc40-494b-8b19-20127488a03d\",\r\n      \"createdOn\": \"2019-09-04T19:11:56.045257Z\",\r\n      \"updatedBy\": null,\r\n      \"updatedOn\": null\r\n    },\r\n    \"policyRule\": {\r\n      \"if\": {\r\n        \"field\": \"Microsoft.KeyVault.Data/vaults/certificates/keyProperties/keyType\",\r\n        \"equals\": \"RSA\"\r\n      },\r\n      \"then\": {\r\n        \"effect\": \"audit\"\r\n      }\r\n    }\r\n  },\r\n  \"id\": \"/subscriptions/89ec4d1d-dcc7-4a3f-a701-0a5d074c8505/providers/Microsoft.Authorization/policyDefinitions/ps468\",\r\n  \"type\": \"Microsoft.Authorization/policyDefinitions\",\r\n  \"name\": \"ps468\"\r\n}",
      "StatusCode": 201
    },
    {
      "RequestUri": "/subscriptions/89ec4d1d-dcc7-4a3f-a701-0a5d074c8505/providers/Microsoft.Authorization/policydefinitions/ps468?api-version=2019-01-01",
      "EncodedRequestUri": "L3N1YnNjcmlwdGlvbnMvODllYzRkMWQtZGNjNy00YTNmLWE3MDEtMGE1ZDA3NGM4NTA1L3Byb3ZpZGVycy9NaWNyb3NvZnQuQXV0aG9yaXphdGlvbi9wb2xpY3lkZWZpbml0aW9ucy9wczQ2OD9hcGktdmVyc2lvbj0yMDE5LTAxLTAx",
      "RequestMethod": "PUT",
      "RequestBody": "{\r\n  \"name\": \"ps468\",\r\n  \"properties\": {\r\n    \"description\": \"Updated Unit test junk: sorry for littering. Please delete me!\",\r\n    \"displayName\": \"testDisplay\",\r\n    \"policyRule\": {\r\n      \"if\": {\r\n        \"field\": \"Microsoft.KeyVault.Data/vaults/certificates/keyProperties/keyType\",\r\n        \"equals\": \"RSA\"\r\n      },\r\n      \"then\": {\r\n        \"effect\": \"audit\"\r\n      }\r\n    },\r\n    \"metadata\": {\r\n      \"testName\": \"testValue\"\r\n    },\r\n    \"mode\": \"Microsoft.KeyVault.Data\"\r\n  }\r\n}",
      "RequestHeaders": {
        "User-Agent": [
          "AzurePowershell/v1.0.0",
          "PSVersion/v6.1.0"
        ],
        "ParameterSetName": [
          "SubscriptionIdParameterSet"
        ],
        "CommandName": [
          "Set-AzPolicyDefinition"
        ],
        "Content-Type": [
          "application/json; charset=utf-8"
        ],
        "Content-Length": [
          "485"
        ]
      },
      "ResponseHeaders": {
        "Cache-Control": [
          "no-cache"
        ],
        "Pragma": [
          "no-cache"
        ],
        "x-ms-request-id": [
          "westus:26978505-4d0b-461c-b577-ab484df196fa"
        ],
        "x-ms-ratelimit-remaining-subscription-writes": [
          "1199"
        ],
        "x-ms-correlation-request-id": [
          "5d57a3b9-8db5-43a8-b12e-7c517ce91dd3"
        ],
        "x-ms-routing-request-id": [
          "WESTUS:20190904T191157Z:5d57a3b9-8db5-43a8-b12e-7c517ce91dd3"
        ],
        "Strict-Transport-Security": [
          "max-age=31536000; includeSubDomains"
        ],
        "X-Content-Type-Options": [
          "nosniff"
        ],
        "Date": [
          "Wed, 04 Sep 2019 19:11:57 GMT"
        ],
        "Content-Length": [
          "723"
        ],
        "Content-Type": [
          "application/json; charset=utf-8"
        ],
        "Expires": [
          "-1"
        ],
        "Retry-After": [
          "0"
        ]
      },
      "ResponseBody": "{\r\n  \"properties\": {\r\n    \"displayName\": \"testDisplay\",\r\n    \"policyType\": \"Custom\",\r\n    \"mode\": \"Microsoft.KeyVault.Data\",\r\n    \"description\": \"Updated Unit test junk: sorry for littering. Please delete me!\",\r\n    \"metadata\": {\r\n      \"testName\": \"testValue\",\r\n      \"createdBy\": \"01b8db7b-fc40-494b-8b19-20127488a03d\",\r\n      \"createdOn\": \"2019-09-04T19:11:56.045257Z\",\r\n      \"updatedBy\": \"01b8db7b-fc40-494b-8b19-20127488a03d\",\r\n      \"updatedOn\": \"2019-09-04T19:11:57.0446142Z\"\r\n    },\r\n    \"policyRule\": {\r\n      \"if\": {\r\n        \"field\": \"Microsoft.KeyVault.Data/vaults/certificates/keyProperties/keyType\",\r\n        \"equals\": \"RSA\"\r\n      },\r\n      \"then\": {\r\n        \"effect\": \"audit\"\r\n      }\r\n    }\r\n  },\r\n  \"id\": \"/subscriptions/89ec4d1d-dcc7-4a3f-a701-0a5d074c8505/providers/Microsoft.Authorization/policyDefinitions/ps468\",\r\n  \"type\": \"Microsoft.Authorization/policyDefinitions\",\r\n  \"name\": \"ps468\"\r\n}",
      "StatusCode": 201
    },
    {
      "RequestUri": "/subscriptions/89ec4d1d-dcc7-4a3f-a701-0a5d074c8505/providers/Microsoft.Authorization/policydefinitions/ps468?api-version=2019-01-01",
      "EncodedRequestUri": "L3N1YnNjcmlwdGlvbnMvODllYzRkMWQtZGNjNy00YTNmLWE3MDEtMGE1ZDA3NGM4NTA1L3Byb3ZpZGVycy9NaWNyb3NvZnQuQXV0aG9yaXphdGlvbi9wb2xpY3lkZWZpbml0aW9ucy9wczQ2OD9hcGktdmVyc2lvbj0yMDE5LTAxLTAx",
      "RequestMethod": "PUT",
      "RequestBody": "{\r\n  \"name\": \"ps468\",\r\n  \"properties\": {\r\n    \"description\": \"Updated Unit test junk: sorry for littering. Please delete me!\",\r\n    \"displayName\": \"testDisplay\",\r\n    \"policyRule\": {\r\n      \"if\": {\r\n        \"field\": \"Microsoft.KeyVault.Data/vaults/certificates/keyProperties/keyType\",\r\n        \"equals\": \"RSA\"\r\n      },\r\n      \"then\": {\r\n        \"effect\": \"audit\"\r\n      }\r\n    },\r\n    \"metadata\": {\r\n      \"testName\": \"testValue\"\r\n    },\r\n    \"mode\": \"Microsoft.KeyVault.Data\"\r\n  }\r\n}",
      "RequestHeaders": {
        "User-Agent": [
          "AzurePowershell/v1.0.0",
          "PSVersion/v6.1.0"
        ],
        "ParameterSetName": [
          "SubscriptionIdParameterSet"
        ],
        "CommandName": [
          "Set-AzPolicyDefinition"
        ],
        "Content-Type": [
          "application/json; charset=utf-8"
        ],
        "Content-Length": [
          "485"
        ]
      },
      "ResponseHeaders": {
        "Cache-Control": [
          "no-cache"
        ],
        "Pragma": [
          "no-cache"
        ],
        "x-ms-request-id": [
          "westus:b0adfab8-a775-40d2-a8df-b9a597748f9f"
        ],
        "x-ms-ratelimit-remaining-subscription-writes": [
          "1199"
        ],
        "x-ms-correlation-request-id": [
          "a0d86e88-f839-481e-9736-8ccac654d0bf"
        ],
        "x-ms-routing-request-id": [
          "WESTUS:20190904T191159Z:a0d86e88-f839-481e-9736-8ccac654d0bf"
        ],
        "Strict-Transport-Security": [
          "max-age=31536000; includeSubDomains"
        ],
        "X-Content-Type-Options": [
          "nosniff"
        ],
        "Date": [
          "Wed, 04 Sep 2019 19:11:58 GMT"
        ],
        "Content-Length": [
          "723"
        ],
        "Content-Type": [
          "application/json; charset=utf-8"
        ],
        "Expires": [
          "-1"
        ],
        "Retry-After": [
          "0"
        ]
      },
      "ResponseBody": "{\r\n  \"properties\": {\r\n    \"displayName\": \"testDisplay\",\r\n    \"policyType\": \"Custom\",\r\n    \"mode\": \"Microsoft.KeyVault.Data\",\r\n    \"description\": \"Updated Unit test junk: sorry for littering. Please delete me!\",\r\n    \"metadata\": {\r\n      \"testName\": \"testValue\",\r\n      \"createdBy\": \"01b8db7b-fc40-494b-8b19-20127488a03d\",\r\n      \"createdOn\": \"2019-09-04T19:11:56.045257Z\",\r\n      \"updatedBy\": \"01b8db7b-fc40-494b-8b19-20127488a03d\",\r\n      \"updatedOn\": \"2019-09-04T19:11:58.4808493Z\"\r\n    },\r\n    \"policyRule\": {\r\n      \"if\": {\r\n        \"field\": \"Microsoft.KeyVault.Data/vaults/certificates/keyProperties/keyType\",\r\n        \"equals\": \"RSA\"\r\n      },\r\n      \"then\": {\r\n        \"effect\": \"audit\"\r\n      }\r\n    }\r\n  },\r\n  \"id\": \"/subscriptions/89ec4d1d-dcc7-4a3f-a701-0a5d074c8505/providers/Microsoft.Authorization/policyDefinitions/ps468\",\r\n  \"type\": \"Microsoft.Authorization/policyDefinitions\",\r\n  \"name\": \"ps468\"\r\n}",
      "StatusCode": 201
    },
    {
      "RequestUri": "/subscriptions/89ec4d1d-dcc7-4a3f-a701-0a5d074c8505/providers/Microsoft.Authorization/policydefinitions/ps468?api-version=2019-01-01",
      "EncodedRequestUri": "L3N1YnNjcmlwdGlvbnMvODllYzRkMWQtZGNjNy00YTNmLWE3MDEtMGE1ZDA3NGM4NTA1L3Byb3ZpZGVycy9NaWNyb3NvZnQuQXV0aG9yaXphdGlvbi9wb2xpY3lkZWZpbml0aW9ucy9wczQ2OD9hcGktdmVyc2lvbj0yMDE5LTAxLTAx",
      "RequestMethod": "GET",
      "RequestBody": "",
      "RequestHeaders": {
        "User-Agent": [
          "AzurePowershell/v1.0.0",
          "PSVersion/v6.1.0"
        ],
        "ParameterSetName": [
          "NameParameterSet"
        ],
        "CommandName": [
          "Get-AzPolicyDefinition"
        ]
      },
      "ResponseHeaders": {
        "Cache-Control": [
          "no-cache"
        ],
        "Pragma": [
          "no-cache"
        ],
        "Vary": [
          "Accept-Encoding"
        ],
        "x-ms-request-id": [
          "westus:ccf5c1bd-ae08-4040-b05a-27433e53333f"
        ],
        "x-ms-ratelimit-remaining-subscription-reads": [
          "11999"
        ],
        "x-ms-correlation-request-id": [
          "63d93ab7-6912-4d36-8810-d5b217c1a275"
        ],
        "x-ms-routing-request-id": [
          "WESTUS:20190904T190639Z:63d93ab7-6912-4d36-8810-d5b217c1a275"
        ],
        "Strict-Transport-Security": [
          "max-age=31536000; includeSubDomains"
        ],
        "X-Content-Type-Options": [
          "nosniff"
        ],
        "Date": [
          "Wed, 04 Sep 2019 19:06:39 GMT"
        ],
        "Content-Length": [
          "576"
        ],
        "Content-Type": [
          "application/json; charset=utf-8"
        ],
        "Expires": [
          "-1"
        ],
        "Retry-After": [
          "0"
        ]
      },
      "ResponseBody": "{\r\n  \"properties\": {\r\n    \"policyType\": \"Custom\",\r\n    \"mode\": \"All\",\r\n    \"description\": \"Unit test junk: sorry for littering. Please delete me!\",\r\n    \"metadata\": {\r\n      \"createdBy\": \"01b8db7b-fc40-494b-8b19-20127488a03d\",\r\n      \"createdOn\": \"2019-09-04T19:06:37.967264Z\",\r\n      \"updatedBy\": null,\r\n      \"updatedOn\": null\r\n    },\r\n    \"policyRule\": {\r\n      \"if\": {\r\n        \"source\": \"action\",\r\n        \"equals\": \"Microsoft.Resources/Subscriptions/ResourceGroups/write\"\r\n      },\r\n      \"then\": {\r\n        \"effect\": \"deny\"\r\n      }\r\n    }\r\n  },\r\n  \"id\": \"/subscriptions/89ec4d1d-dcc7-4a3f-a701-0a5d074c8505/providers/Microsoft.Authorization/policyDefinitions/ps468\",\r\n  \"type\": \"Microsoft.Authorization/policyDefinitions\",\r\n  \"name\": \"ps468\"\r\n}",
      "StatusCode": 200
    },
    {
      "RequestUri": "/subscriptions/89ec4d1d-dcc7-4a3f-a701-0a5d074c8505/providers/Microsoft.Authorization/policydefinitions/ps468?api-version=2019-01-01",
      "EncodedRequestUri": "L3N1YnNjcmlwdGlvbnMvODllYzRkMWQtZGNjNy00YTNmLWE3MDEtMGE1ZDA3NGM4NTA1L3Byb3ZpZGVycy9NaWNyb3NvZnQuQXV0aG9yaXphdGlvbi9wb2xpY3lkZWZpbml0aW9ucy9wczQ2OD9hcGktdmVyc2lvbj0yMDE5LTAxLTAx",
      "RequestMethod": "GET",
      "RequestBody": "",
      "RequestHeaders": {
        "User-Agent": [
          "AzurePowershell/v1.0.0",
          "PSVersion/v6.1.0"
        ],
        "ParameterSetName": [
          "NameParameterSet"
        ],
        "CommandName": [
          "Set-AzPolicyDefinition"
        ]
      },
      "ResponseHeaders": {
        "Cache-Control": [
          "no-cache"
        ],
        "Pragma": [
          "no-cache"
        ],
        "Vary": [
          "Accept-Encoding"
        ],
        "x-ms-request-id": [
          "westus:5519d8d9-5191-43c1-96e6-b02559464a6d"
        ],
        "x-ms-ratelimit-remaining-subscription-reads": [
          "11999"
        ],
        "x-ms-correlation-request-id": [
          "de3ecf37-4b9c-47d1-9a36-ad09b07a7fab"
        ],
        "x-ms-routing-request-id": [
          "WESTUS:20190904T190645Z:de3ecf37-4b9c-47d1-9a36-ad09b07a7fab"
        ],
        "Strict-Transport-Security": [
          "max-age=31536000; includeSubDomains"
        ],
        "X-Content-Type-Options": [
          "nosniff"
        ],
        "Date": [
          "Wed, 04 Sep 2019 19:06:44 GMT"
        ],
        "Content-Length": [
          "576"
        ],
        "Content-Type": [
          "application/json; charset=utf-8"
        ],
        "Expires": [
          "-1"
        ],
        "Retry-After": [
          "0"
        ]
      },
      "ResponseBody": "{\r\n  \"properties\": {\r\n    \"policyType\": \"Custom\",\r\n    \"mode\": \"All\",\r\n    \"description\": \"Unit test junk: sorry for littering. Please delete me!\",\r\n    \"metadata\": {\r\n      \"createdBy\": \"01b8db7b-fc40-494b-8b19-20127488a03d\",\r\n      \"createdOn\": \"2019-09-04T19:06:37.967264Z\",\r\n      \"updatedBy\": null,\r\n      \"updatedOn\": null\r\n    },\r\n    \"policyRule\": {\r\n      \"if\": {\r\n        \"source\": \"action\",\r\n        \"equals\": \"Microsoft.Resources/Subscriptions/ResourceGroups/write\"\r\n      },\r\n      \"then\": {\r\n        \"effect\": \"deny\"\r\n      }\r\n    }\r\n  },\r\n  \"id\": \"/subscriptions/89ec4d1d-dcc7-4a3f-a701-0a5d074c8505/providers/Microsoft.Authorization/policyDefinitions/ps468\",\r\n  \"type\": \"Microsoft.Authorization/policyDefinitions\",\r\n  \"name\": \"ps468\"\r\n}",
      "StatusCode": 200
    },
    {
      "RequestUri": "/subscriptions/89ec4d1d-dcc7-4a3f-a701-0a5d074c8505/providers/Microsoft.Authorization/policydefinitions/ps468?api-version=2019-01-01",
      "EncodedRequestUri": "L3N1YnNjcmlwdGlvbnMvODllYzRkMWQtZGNjNy00YTNmLWE3MDEtMGE1ZDA3NGM4NTA1L3Byb3ZpZGVycy9NaWNyb3NvZnQuQXV0aG9yaXphdGlvbi9wb2xpY3lkZWZpbml0aW9ucy9wczQ2OD9hcGktdmVyc2lvbj0yMDE5LTAxLTAx",
      "RequestMethod": "GET",
      "RequestBody": "",
      "RequestHeaders": {
        "User-Agent": [
          "AzurePowershell/v1.0.0",
          "PSVersion/v6.1.0"
        ],
        "ParameterSetName": [
          "NameParameterSet"
        ],
        "CommandName": [
          "Get-AzPolicyDefinition"
        ]
      },
      "ResponseHeaders": {
        "Cache-Control": [
          "no-cache"
        ],
        "Pragma": [
          "no-cache"
        ],
        "Vary": [
          "Accept-Encoding"
        ],
        "x-ms-request-id": [
          "westus:0e63e2ec-1e8a-4f0c-91ed-6e3e30a5d84e"
        ],
        "x-ms-ratelimit-remaining-subscription-reads": [
          "11999"
        ],
        "x-ms-correlation-request-id": [
          "05e57ec0-d743-4f46-b34f-96ed2bff1586"
        ],
        "x-ms-routing-request-id": [
          "WESTUS:20190904T190647Z:05e57ec0-d743-4f46-b34f-96ed2bff1586"
        ],
        "Strict-Transport-Security": [
          "max-age=31536000; includeSubDomains"
        ],
        "X-Content-Type-Options": [
          "nosniff"
        ],
        "Date": [
          "Wed, 04 Sep 2019 19:06:47 GMT"
        ],
        "Content-Length": [
          "695"
        ],
        "Content-Type": [
          "application/json; charset=utf-8"
        ],
        "Expires": [
          "-1"
        ],
        "Retry-After": [
          "0"
        ]
      },
      "ResponseBody": "{\r\n  \"properties\": {\r\n    \"displayName\": \"testDisplay\",\r\n    \"policyType\": \"Custom\",\r\n    \"mode\": \"All\",\r\n    \"description\": \"Updated Unit test junk: sorry for littering. Please delete me!\",\r\n    \"metadata\": {\r\n      \"testName\": \"testValue\",\r\n      \"createdBy\": \"01b8db7b-fc40-494b-8b19-20127488a03d\",\r\n      \"createdOn\": \"2019-09-04T19:06:37.967264Z\",\r\n      \"updatedBy\": \"01b8db7b-fc40-494b-8b19-20127488a03d\",\r\n      \"updatedOn\": \"2019-09-04T19:06:45.7748152Z\"\r\n    },\r\n    \"policyRule\": {\r\n      \"if\": {\r\n        \"source\": \"action\",\r\n        \"equals\": \"Microsoft.Resources/Subscriptions/ResourceGroups/write\"\r\n      },\r\n      \"then\": {\r\n        \"effect\": \"deny\"\r\n      }\r\n    }\r\n  },\r\n  \"id\": \"/subscriptions/89ec4d1d-dcc7-4a3f-a701-0a5d074c8505/providers/Microsoft.Authorization/policyDefinitions/ps468\",\r\n  \"type\": \"Microsoft.Authorization/policyDefinitions\",\r\n  \"name\": \"ps468\"\r\n}",
      "StatusCode": 200
    },
    {
      "RequestUri": "/subscriptions/89ec4d1d-dcc7-4a3f-a701-0a5d074c8505/providers/Microsoft.Authorization/policydefinitions/ps468?api-version=2019-01-01",
      "EncodedRequestUri": "L3N1YnNjcmlwdGlvbnMvODllYzRkMWQtZGNjNy00YTNmLWE3MDEtMGE1ZDA3NGM4NTA1L3Byb3ZpZGVycy9NaWNyb3NvZnQuQXV0aG9yaXphdGlvbi9wb2xpY3lkZWZpbml0aW9ucy9wczQ2OD9hcGktdmVyc2lvbj0yMDE5LTAxLTAx",
      "RequestMethod": "GET",
      "RequestBody": "",
      "RequestHeaders": {
        "User-Agent": [
          "AzurePowershell/v1.0.0",
          "PSVersion/v6.1.0"
        ],
        "ParameterSetName": [
          "NameParameterSet"
        ],
        "CommandName": [
          "Set-AzPolicyDefinition"
        ]
      },
      "ResponseHeaders": {
        "Cache-Control": [
          "no-cache"
        ],
        "Pragma": [
          "no-cache"
        ],
        "Vary": [
          "Accept-Encoding"
        ],
        "x-ms-request-id": [
          "westus:065f66fa-f835-497e-b4ca-6aab6e62c2b0"
        ],
        "x-ms-ratelimit-remaining-subscription-reads": [
          "11999"
        ],
        "x-ms-correlation-request-id": [
          "6d18ed00-6f0c-4116-9d89-3805f701b4b5"
        ],
        "x-ms-routing-request-id": [
          "WESTUS:20190904T190647Z:6d18ed00-6f0c-4116-9d89-3805f701b4b5"
        ],
        "Strict-Transport-Security": [
          "max-age=31536000; includeSubDomains"
        ],
        "X-Content-Type-Options": [
          "nosniff"
        ],
        "Date": [
          "Wed, 04 Sep 2019 19:06:47 GMT"
        ],
        "Content-Length": [
          "695"
        ],
        "Content-Type": [
          "application/json; charset=utf-8"
        ],
        "Expires": [
          "-1"
        ],
        "Retry-After": [
          "0"
        ]
      },
      "ResponseBody": "{\r\n  \"properties\": {\r\n    \"displayName\": \"testDisplay\",\r\n    \"policyType\": \"Custom\",\r\n    \"mode\": \"All\",\r\n    \"description\": \"Updated Unit test junk: sorry for littering. Please delete me!\",\r\n    \"metadata\": {\r\n      \"testName\": \"testValue\",\r\n      \"createdBy\": \"01b8db7b-fc40-494b-8b19-20127488a03d\",\r\n      \"createdOn\": \"2019-09-04T19:06:37.967264Z\",\r\n      \"updatedBy\": \"01b8db7b-fc40-494b-8b19-20127488a03d\",\r\n      \"updatedOn\": \"2019-09-04T19:06:45.7748152Z\"\r\n    },\r\n    \"policyRule\": {\r\n      \"if\": {\r\n        \"source\": \"action\",\r\n        \"equals\": \"Microsoft.Resources/Subscriptions/ResourceGroups/write\"\r\n      },\r\n      \"then\": {\r\n        \"effect\": \"deny\"\r\n      }\r\n    }\r\n  },\r\n  \"id\": \"/subscriptions/89ec4d1d-dcc7-4a3f-a701-0a5d074c8505/providers/Microsoft.Authorization/policyDefinitions/ps468\",\r\n  \"type\": \"Microsoft.Authorization/policyDefinitions\",\r\n  \"name\": \"ps468\"\r\n}",
      "StatusCode": 200
    },
    {
      "RequestUri": "/subscriptions/89ec4d1d-dcc7-4a3f-a701-0a5d074c8505/providers/Microsoft.Authorization/policydefinitions/ps468?api-version=2019-01-01",
      "EncodedRequestUri": "L3N1YnNjcmlwdGlvbnMvODllYzRkMWQtZGNjNy00YTNmLWE3MDEtMGE1ZDA3NGM4NTA1L3Byb3ZpZGVycy9NaWNyb3NvZnQuQXV0aG9yaXphdGlvbi9wb2xpY3lkZWZpbml0aW9ucy9wczQ2OD9hcGktdmVyc2lvbj0yMDE5LTAxLTAx",
      "RequestMethod": "GET",
      "RequestBody": "",
      "RequestHeaders": {
        "User-Agent": [
          "AzurePowershell/v1.0.0",
          "PSVersion/v6.1.0"
        ],
        "ParameterSetName": [
          "NameParameterSet"
        ],
        "CommandName": [
          "Get-AzPolicyDefinition"
        ]
      },
      "ResponseHeaders": {
        "Cache-Control": [
          "no-cache"
        ],
        "Pragma": [
          "no-cache"
        ],
        "Vary": [
          "Accept-Encoding"
        ],
        "x-ms-request-id": [
          "westus:fa29eb5c-4ca7-4d3e-83be-3bdcdf7206d5"
        ],
        "x-ms-ratelimit-remaining-subscription-reads": [
          "11999"
        ],
        "x-ms-correlation-request-id": [
          "9d7f5a03-8550-4379-a926-08a0280ed65f"
        ],
        "x-ms-routing-request-id": [
          "WESTUS:20190904T190650Z:9d7f5a03-8550-4379-a926-08a0280ed65f"
        ],
        "Strict-Transport-Security": [
          "max-age=31536000; includeSubDomains"
        ],
        "X-Content-Type-Options": [
          "nosniff"
        ],
        "Date": [
          "Wed, 04 Sep 2019 19:06:50 GMT"
        ],
        "Content-Length": [
          "695"
        ],
        "Content-Type": [
          "application/json; charset=utf-8"
        ],
        "Expires": [
          "-1"
        ],
        "Retry-After": [
          "0"
        ]
      },
      "ResponseBody": "{\r\n  \"properties\": {\r\n    \"displayName\": \"testDisplay\",\r\n    \"policyType\": \"Custom\",\r\n    \"mode\": \"All\",\r\n    \"description\": \"Updated Unit test junk: sorry for littering. Please delete me!\",\r\n    \"metadata\": {\r\n      \"testName\": \"testValue\",\r\n      \"createdBy\": \"01b8db7b-fc40-494b-8b19-20127488a03d\",\r\n      \"createdOn\": \"2019-09-04T19:06:37.967264Z\",\r\n      \"updatedBy\": \"01b8db7b-fc40-494b-8b19-20127488a03d\",\r\n      \"updatedOn\": \"2019-09-04T19:06:47.5561187Z\"\r\n    },\r\n    \"policyRule\": {\r\n      \"if\": {\r\n        \"source\": \"action\",\r\n        \"equals\": \"Microsoft.Resources/Subscriptions/ResourceGroups/write\"\r\n      },\r\n      \"then\": {\r\n        \"effect\": \"deny\"\r\n      }\r\n    }\r\n  },\r\n  \"id\": \"/subscriptions/89ec4d1d-dcc7-4a3f-a701-0a5d074c8505/providers/Microsoft.Authorization/policyDefinitions/ps468\",\r\n  \"type\": \"Microsoft.Authorization/policyDefinitions\",\r\n  \"name\": \"ps468\"\r\n}",
      "StatusCode": 200
    },
    {
      "RequestUri": "/subscriptions/89ec4d1d-dcc7-4a3f-a701-0a5d074c8505/providers/Microsoft.Authorization/policydefinitions/ps468?api-version=2019-01-01",
      "EncodedRequestUri": "L3N1YnNjcmlwdGlvbnMvODllYzRkMWQtZGNjNy00YTNmLWE3MDEtMGE1ZDA3NGM4NTA1L3Byb3ZpZGVycy9NaWNyb3NvZnQuQXV0aG9yaXphdGlvbi9wb2xpY3lkZWZpbml0aW9ucy9wczQ2OD9hcGktdmVyc2lvbj0yMDE5LTAxLTAx",
      "RequestMethod": "GET",
      "RequestBody": "",
      "RequestHeaders": {
        "User-Agent": [
          "AzurePowershell/v1.0.0",
          "PSVersion/v6.1.0"
        ],
        "ParameterSetName": [
          "NameParameterSet"
        ],
        "CommandName": [
          "Set-AzPolicyDefinition"
        ]
      },
      "ResponseHeaders": {
        "Cache-Control": [
          "no-cache"
        ],
        "Pragma": [
          "no-cache"
        ],
        "Vary": [
          "Accept-Encoding"
        ],
        "x-ms-request-id": [
          "westus:9a921eed-d4dd-4417-9ad3-61bfefc23238"
        ],
        "x-ms-ratelimit-remaining-subscription-reads": [
          "11999"
        ],
        "x-ms-correlation-request-id": [
          "85202ea7-dd4b-412b-b259-75ac3875f5f8"
        ],
        "x-ms-routing-request-id": [
          "WESTUS:20190904T190654Z:85202ea7-dd4b-412b-b259-75ac3875f5f8"
        ],
        "Strict-Transport-Security": [
          "max-age=31536000; includeSubDomains"
        ],
        "X-Content-Type-Options": [
          "nosniff"
        ],
        "Date": [
          "Wed, 04 Sep 2019 19:06:53 GMT"
        ],
        "Content-Length": [
          "695"
        ],
        "Content-Type": [
          "application/json; charset=utf-8"
        ],
        "Expires": [
          "-1"
        ],
        "Retry-After": [
          "0"
        ]
      },
      "ResponseBody": "{\r\n  \"properties\": {\r\n    \"displayName\": \"testDisplay\",\r\n    \"policyType\": \"Custom\",\r\n    \"mode\": \"All\",\r\n    \"description\": \"Updated Unit test junk: sorry for littering. Please delete me!\",\r\n    \"metadata\": {\r\n      \"testName\": \"testValue\",\r\n      \"createdBy\": \"01b8db7b-fc40-494b-8b19-20127488a03d\",\r\n      \"createdOn\": \"2019-09-04T19:06:37.967264Z\",\r\n      \"updatedBy\": \"01b8db7b-fc40-494b-8b19-20127488a03d\",\r\n      \"updatedOn\": \"2019-09-04T19:06:47.5561187Z\"\r\n    },\r\n    \"policyRule\": {\r\n      \"if\": {\r\n        \"source\": \"action\",\r\n        \"equals\": \"Microsoft.Resources/Subscriptions/ResourceGroups/write\"\r\n      },\r\n      \"then\": {\r\n        \"effect\": \"deny\"\r\n      }\r\n    }\r\n  },\r\n  \"id\": \"/subscriptions/89ec4d1d-dcc7-4a3f-a701-0a5d074c8505/providers/Microsoft.Authorization/policyDefinitions/ps468\",\r\n  \"type\": \"Microsoft.Authorization/policyDefinitions\",\r\n  \"name\": \"ps468\"\r\n}",
      "StatusCode": 200
    },
    {
      "RequestUri": "/subscriptions/89ec4d1d-dcc7-4a3f-a701-0a5d074c8505/providers/Microsoft.Authorization/policydefinitions/ps468?api-version=2019-01-01",
      "EncodedRequestUri": "L3N1YnNjcmlwdGlvbnMvODllYzRkMWQtZGNjNy00YTNmLWE3MDEtMGE1ZDA3NGM4NTA1L3Byb3ZpZGVycy9NaWNyb3NvZnQuQXV0aG9yaXphdGlvbi9wb2xpY3lkZWZpbml0aW9ucy9wczQ2OD9hcGktdmVyc2lvbj0yMDE5LTAxLTAx",
      "RequestMethod": "GET",
      "RequestBody": "",
      "RequestHeaders": {
        "User-Agent": [
          "AzurePowershell/v1.0.0",
          "PSVersion/v6.1.0"
        ],
        "ParameterSetName": [
          "NameParameterSet"
        ],
        "CommandName": [
          "Get-AzPolicyDefinition"
        ]
      },
      "ResponseHeaders": {
        "Cache-Control": [
          "no-cache"
        ],
        "Pragma": [
          "no-cache"
        ],
        "Vary": [
          "Accept-Encoding"
        ],
        "x-ms-request-id": [
          "westus:192d565f-eaed-4d14-a9d1-0c36a5142c23"
        ],
        "x-ms-ratelimit-remaining-subscription-reads": [
          "11999"
        ],
        "x-ms-correlation-request-id": [
          "aa12143c-3804-44b1-be20-46b69e892ffe"
        ],
        "x-ms-routing-request-id": [
          "WESTUS:20190904T190745Z:aa12143c-3804-44b1-be20-46b69e892ffe"
        ],
        "Strict-Transport-Security": [
          "max-age=31536000; includeSubDomains"
        ],
        "X-Content-Type-Options": [
          "nosniff"
        ],
        "Date": [
          "Wed, 04 Sep 2019 19:07:45 GMT"
        ],
        "Content-Length": [
          "699"
        ],
        "Content-Type": [
          "application/json; charset=utf-8"
        ],
        "Expires": [
          "-1"
        ],
        "Retry-After": [
          "0"
        ]
      },
      "ResponseBody": "{\r\n  \"properties\": {\r\n    \"displayName\": \"testDisplay\",\r\n    \"policyType\": \"Custom\",\r\n    \"mode\": \"Indexed\",\r\n    \"description\": \"Updated Unit test junk: sorry for littering. Please delete me!\",\r\n    \"metadata\": {\r\n      \"testName\": \"testValue\",\r\n      \"createdBy\": \"01b8db7b-fc40-494b-8b19-20127488a03d\",\r\n      \"createdOn\": \"2019-09-04T19:06:37.967264Z\",\r\n      \"updatedBy\": \"01b8db7b-fc40-494b-8b19-20127488a03d\",\r\n      \"updatedOn\": \"2019-09-04T19:07:18.4917131Z\"\r\n    },\r\n    \"policyRule\": {\r\n      \"if\": {\r\n        \"source\": \"action\",\r\n        \"equals\": \"Microsoft.Resources/Subscriptions/ResourceGroups/write\"\r\n      },\r\n      \"then\": {\r\n        \"effect\": \"deny\"\r\n      }\r\n    }\r\n  },\r\n  \"id\": \"/subscriptions/89ec4d1d-dcc7-4a3f-a701-0a5d074c8505/providers/Microsoft.Authorization/policyDefinitions/ps468\",\r\n  \"type\": \"Microsoft.Authorization/policyDefinitions\",\r\n  \"name\": \"ps468\"\r\n}",
      "StatusCode": 200
    },
    {
      "RequestUri": "/subscriptions/89ec4d1d-dcc7-4a3f-a701-0a5d074c8505/providers/Microsoft.Authorization/policydefinitions/ps468?api-version=2019-01-01",
      "EncodedRequestUri": "L3N1YnNjcmlwdGlvbnMvODllYzRkMWQtZGNjNy00YTNmLWE3MDEtMGE1ZDA3NGM4NTA1L3Byb3ZpZGVycy9NaWNyb3NvZnQuQXV0aG9yaXphdGlvbi9wb2xpY3lkZWZpbml0aW9ucy9wczQ2OD9hcGktdmVyc2lvbj0yMDE5LTAxLTAx",
      "RequestMethod": "GET",
      "RequestBody": "",
      "RequestHeaders": {
        "User-Agent": [
          "AzurePowershell/v1.0.0",
          "PSVersion/v6.1.0"
        ],
        "ParameterSetName": [
          "SubscriptionIdParameterSet"
        ],
        "CommandName": [
          "Get-AzPolicyDefinition"
        ]
      },
      "ResponseHeaders": {
        "Cache-Control": [
          "no-cache"
        ],
        "Pragma": [
          "no-cache"
        ],
        "Vary": [
          "Accept-Encoding"
        ],
        "x-ms-request-id": [
          "westus:8ef0cd87-433f-4d8c-a19b-f054552f3213"
        ],
        "x-ms-ratelimit-remaining-subscription-reads": [
          "11999"
        ],
        "x-ms-correlation-request-id": [
          "5672734b-da88-4045-add4-46435296d691"
        ],
        "x-ms-routing-request-id": [
          "WESTUS:20190904T191116Z:5672734b-da88-4045-add4-46435296d691"
        ],
        "Strict-Transport-Security": [
          "max-age=31536000; includeSubDomains"
        ],
        "X-Content-Type-Options": [
          "nosniff"
        ],
        "Date": [
          "Wed, 04 Sep 2019 19:11:16 GMT"
        ],
        "Content-Length": [
          "577"
        ],
        "Content-Type": [
          "application/json; charset=utf-8"
        ],
        "Expires": [
          "-1"
        ],
        "Retry-After": [
          "0"
        ]
      },
      "ResponseBody": "{\r\n  \"properties\": {\r\n    \"policyType\": \"Custom\",\r\n    \"mode\": \"All\",\r\n    \"description\": \"Unit test junk: sorry for littering. Please delete me!\",\r\n    \"metadata\": {\r\n      \"createdBy\": \"01b8db7b-fc40-494b-8b19-20127488a03d\",\r\n      \"createdOn\": \"2019-09-04T19:10:52.2968334Z\",\r\n      \"updatedBy\": null,\r\n      \"updatedOn\": null\r\n    },\r\n    \"policyRule\": {\r\n      \"if\": {\r\n        \"source\": \"action\",\r\n        \"equals\": \"Microsoft.Resources/Subscriptions/ResourceGroups/write\"\r\n      },\r\n      \"then\": {\r\n        \"effect\": \"deny\"\r\n      }\r\n    }\r\n  },\r\n  \"id\": \"/subscriptions/89ec4d1d-dcc7-4a3f-a701-0a5d074c8505/providers/Microsoft.Authorization/policyDefinitions/ps468\",\r\n  \"type\": \"Microsoft.Authorization/policyDefinitions\",\r\n  \"name\": \"ps468\"\r\n}",
      "StatusCode": 200
    },
    {
      "RequestUri": "/subscriptions/89ec4d1d-dcc7-4a3f-a701-0a5d074c8505/providers/Microsoft.Authorization/policydefinitions/ps468?api-version=2019-01-01",
      "EncodedRequestUri": "L3N1YnNjcmlwdGlvbnMvODllYzRkMWQtZGNjNy00YTNmLWE3MDEtMGE1ZDA3NGM4NTA1L3Byb3ZpZGVycy9NaWNyb3NvZnQuQXV0aG9yaXphdGlvbi9wb2xpY3lkZWZpbml0aW9ucy9wczQ2OD9hcGktdmVyc2lvbj0yMDE5LTAxLTAx",
      "RequestMethod": "GET",
      "RequestBody": "",
      "RequestHeaders": {
        "User-Agent": [
          "AzurePowershell/v1.0.0",
          "PSVersion/v6.1.0"
        ],
        "ParameterSetName": [
          "SubscriptionIdParameterSet"
        ],
        "CommandName": [
          "Set-AzPolicyDefinition"
        ]
      },
      "ResponseHeaders": {
        "Cache-Control": [
          "no-cache"
        ],
        "Pragma": [
          "no-cache"
        ],
        "Vary": [
          "Accept-Encoding"
        ],
        "x-ms-request-id": [
          "westus:ee685b88-5f52-4fa1-9641-8f2bfdb086dc"
        ],
        "x-ms-ratelimit-remaining-subscription-reads": [
          "11999"
        ],
        "x-ms-correlation-request-id": [
          "8480d5f6-26c5-4c46-98bf-9ecffd76b129"
        ],
        "x-ms-routing-request-id": [
          "WESTUS:20190904T191116Z:8480d5f6-26c5-4c46-98bf-9ecffd76b129"
        ],
        "Strict-Transport-Security": [
          "max-age=31536000; includeSubDomains"
        ],
        "X-Content-Type-Options": [
          "nosniff"
        ],
        "Date": [
          "Wed, 04 Sep 2019 19:11:16 GMT"
        ],
        "Content-Length": [
          "577"
        ],
        "Content-Type": [
          "application/json; charset=utf-8"
        ],
        "Expires": [
          "-1"
        ],
        "Retry-After": [
          "0"
        ]
      },
      "ResponseBody": "{\r\n  \"properties\": {\r\n    \"policyType\": \"Custom\",\r\n    \"mode\": \"All\",\r\n    \"description\": \"Unit test junk: sorry for littering. Please delete me!\",\r\n    \"metadata\": {\r\n      \"createdBy\": \"01b8db7b-fc40-494b-8b19-20127488a03d\",\r\n      \"createdOn\": \"2019-09-04T19:10:52.2968334Z\",\r\n      \"updatedBy\": null,\r\n      \"updatedOn\": null\r\n    },\r\n    \"policyRule\": {\r\n      \"if\": {\r\n        \"source\": \"action\",\r\n        \"equals\": \"Microsoft.Resources/Subscriptions/ResourceGroups/write\"\r\n      },\r\n      \"then\": {\r\n        \"effect\": \"deny\"\r\n      }\r\n    }\r\n  },\r\n  \"id\": \"/subscriptions/89ec4d1d-dcc7-4a3f-a701-0a5d074c8505/providers/Microsoft.Authorization/policyDefinitions/ps468\",\r\n  \"type\": \"Microsoft.Authorization/policyDefinitions\",\r\n  \"name\": \"ps468\"\r\n}",
      "StatusCode": 200
    },
    {
      "RequestUri": "/subscriptions/89ec4d1d-dcc7-4a3f-a701-0a5d074c8505/providers/Microsoft.Authorization/policydefinitions/ps468?api-version=2019-01-01",
      "EncodedRequestUri": "L3N1YnNjcmlwdGlvbnMvODllYzRkMWQtZGNjNy00YTNmLWE3MDEtMGE1ZDA3NGM4NTA1L3Byb3ZpZGVycy9NaWNyb3NvZnQuQXV0aG9yaXphdGlvbi9wb2xpY3lkZWZpbml0aW9ucy9wczQ2OD9hcGktdmVyc2lvbj0yMDE5LTAxLTAx",
      "RequestMethod": "GET",
      "RequestBody": "",
      "RequestHeaders": {
        "User-Agent": [
          "AzurePowershell/v1.0.0",
          "PSVersion/v6.1.0"
        ],
        "ParameterSetName": [
          "SubscriptionIdParameterSet"
        ],
        "CommandName": [
          "Get-AzPolicyDefinition"
        ]
      },
      "ResponseHeaders": {
        "Cache-Control": [
          "no-cache"
        ],
        "Pragma": [
          "no-cache"
        ],
        "Vary": [
          "Accept-Encoding"
        ],
        "x-ms-request-id": [
          "westus:5e127338-7f61-41a8-b51e-e46e7d3db4f7"
        ],
        "x-ms-ratelimit-remaining-subscription-reads": [
          "11998"
        ],
        "x-ms-correlation-request-id": [
          "b7c88d35-5a3e-42ce-a60c-4c255f275a13"
        ],
        "x-ms-routing-request-id": [
          "WESTUS:20190904T191118Z:b7c88d35-5a3e-42ce-a60c-4c255f275a13"
        ],
        "Strict-Transport-Security": [
          "max-age=31536000; includeSubDomains"
        ],
        "X-Content-Type-Options": [
          "nosniff"
        ],
        "Date": [
          "Wed, 04 Sep 2019 19:11:17 GMT"
        ],
        "Content-Length": [
          "696"
        ],
        "Content-Type": [
          "application/json; charset=utf-8"
        ],
        "Expires": [
          "-1"
        ],
        "Retry-After": [
          "0"
        ]
      },
      "ResponseBody": "{\r\n  \"properties\": {\r\n    \"displayName\": \"testDisplay\",\r\n    \"policyType\": \"Custom\",\r\n    \"mode\": \"All\",\r\n    \"description\": \"Updated Unit test junk: sorry for littering. Please delete me!\",\r\n    \"metadata\": {\r\n      \"testName\": \"testValue\",\r\n      \"createdBy\": \"01b8db7b-fc40-494b-8b19-20127488a03d\",\r\n      \"createdOn\": \"2019-09-04T19:10:52.2968334Z\",\r\n      \"updatedBy\": \"01b8db7b-fc40-494b-8b19-20127488a03d\",\r\n      \"updatedOn\": \"2019-09-04T19:11:16.9954558Z\"\r\n    },\r\n    \"policyRule\": {\r\n      \"if\": {\r\n        \"source\": \"action\",\r\n        \"equals\": \"Microsoft.Resources/Subscriptions/ResourceGroups/write\"\r\n      },\r\n      \"then\": {\r\n        \"effect\": \"deny\"\r\n      }\r\n    }\r\n  },\r\n  \"id\": \"/subscriptions/89ec4d1d-dcc7-4a3f-a701-0a5d074c8505/providers/Microsoft.Authorization/policyDefinitions/ps468\",\r\n  \"type\": \"Microsoft.Authorization/policyDefinitions\",\r\n  \"name\": \"ps468\"\r\n}",
      "StatusCode": 200
    },
    {
      "RequestUri": "/subscriptions/89ec4d1d-dcc7-4a3f-a701-0a5d074c8505/providers/Microsoft.Authorization/policydefinitions/ps468?api-version=2019-01-01",
      "EncodedRequestUri": "L3N1YnNjcmlwdGlvbnMvODllYzRkMWQtZGNjNy00YTNmLWE3MDEtMGE1ZDA3NGM4NTA1L3Byb3ZpZGVycy9NaWNyb3NvZnQuQXV0aG9yaXphdGlvbi9wb2xpY3lkZWZpbml0aW9ucy9wczQ2OD9hcGktdmVyc2lvbj0yMDE5LTAxLTAx",
      "RequestMethod": "GET",
      "RequestBody": "",
      "RequestHeaders": {
        "User-Agent": [
          "AzurePowershell/v1.0.0",
          "PSVersion/v6.1.0"
        ],
        "ParameterSetName": [
          "SubscriptionIdParameterSet"
        ],
        "CommandName": [
          "Set-AzPolicyDefinition"
        ]
      },
      "ResponseHeaders": {
        "Cache-Control": [
          "no-cache"
        ],
        "Pragma": [
          "no-cache"
        ],
        "Vary": [
          "Accept-Encoding"
        ],
        "x-ms-request-id": [
          "westus:6d7dd033-1f4c-4bf4-8040-8faa87ccd7b7"
        ],
        "x-ms-ratelimit-remaining-subscription-reads": [
          "11999"
        ],
        "x-ms-correlation-request-id": [
          "004d30cf-1a61-4999-889a-5baba2edbf9b"
        ],
        "x-ms-routing-request-id": [
          "WESTUS:20190904T191118Z:004d30cf-1a61-4999-889a-5baba2edbf9b"
        ],
        "Strict-Transport-Security": [
          "max-age=31536000; includeSubDomains"
        ],
        "X-Content-Type-Options": [
          "nosniff"
        ],
        "Date": [
          "Wed, 04 Sep 2019 19:11:17 GMT"
        ],
        "Content-Length": [
          "696"
        ],
        "Content-Type": [
          "application/json; charset=utf-8"
        ],
        "Expires": [
          "-1"
        ],
        "Retry-After": [
          "0"
        ]
      },
      "ResponseBody": "{\r\n  \"properties\": {\r\n    \"displayName\": \"testDisplay\",\r\n    \"policyType\": \"Custom\",\r\n    \"mode\": \"All\",\r\n    \"description\": \"Updated Unit test junk: sorry for littering. Please delete me!\",\r\n    \"metadata\": {\r\n      \"testName\": \"testValue\",\r\n      \"createdBy\": \"01b8db7b-fc40-494b-8b19-20127488a03d\",\r\n      \"createdOn\": \"2019-09-04T19:10:52.2968334Z\",\r\n      \"updatedBy\": \"01b8db7b-fc40-494b-8b19-20127488a03d\",\r\n      \"updatedOn\": \"2019-09-04T19:11:16.9954558Z\"\r\n    },\r\n    \"policyRule\": {\r\n      \"if\": {\r\n        \"source\": \"action\",\r\n        \"equals\": \"Microsoft.Resources/Subscriptions/ResourceGroups/write\"\r\n      },\r\n      \"then\": {\r\n        \"effect\": \"deny\"\r\n      }\r\n    }\r\n  },\r\n  \"id\": \"/subscriptions/89ec4d1d-dcc7-4a3f-a701-0a5d074c8505/providers/Microsoft.Authorization/policyDefinitions/ps468\",\r\n  \"type\": \"Microsoft.Authorization/policyDefinitions\",\r\n  \"name\": \"ps468\"\r\n}",
      "StatusCode": 200
    },
    {
      "RequestUri": "/subscriptions/89ec4d1d-dcc7-4a3f-a701-0a5d074c8505/providers/Microsoft.Authorization/policydefinitions/ps468?api-version=2019-01-01",
      "EncodedRequestUri": "L3N1YnNjcmlwdGlvbnMvODllYzRkMWQtZGNjNy00YTNmLWE3MDEtMGE1ZDA3NGM4NTA1L3Byb3ZpZGVycy9NaWNyb3NvZnQuQXV0aG9yaXphdGlvbi9wb2xpY3lkZWZpbml0aW9ucy9wczQ2OD9hcGktdmVyc2lvbj0yMDE5LTAxLTAx",
      "RequestMethod": "GET",
      "RequestBody": "",
      "RequestHeaders": {
        "User-Agent": [
          "AzurePowershell/v1.0.0",
          "PSVersion/v6.1.0"
        ],
        "ParameterSetName": [
          "SubscriptionIdParameterSet"
        ],
        "CommandName": [
          "Get-AzPolicyDefinition"
        ]
      },
      "ResponseHeaders": {
        "Cache-Control": [
          "no-cache"
        ],
        "Pragma": [
          "no-cache"
        ],
        "Vary": [
          "Accept-Encoding"
        ],
        "x-ms-request-id": [
          "westus:d6bebc18-7b82-4fe3-aa64-e1d1a720ad4c"
        ],
        "x-ms-ratelimit-remaining-subscription-reads": [
          "11999"
        ],
        "x-ms-correlation-request-id": [
          "cbd2e718-e237-42c8-831d-7a8d2f3151c3"
        ],
        "x-ms-routing-request-id": [
          "WESTUS:20190904T191154Z:cbd2e718-e237-42c8-831d-7a8d2f3151c3"
        ],
        "Strict-Transport-Security": [
          "max-age=31536000; includeSubDomains"
        ],
        "X-Content-Type-Options": [
          "nosniff"
        ],
        "Date": [
          "Wed, 04 Sep 2019 19:11:53 GMT"
        ],
        "Content-Length": [
          "696"
        ],
        "Content-Type": [
          "application/json; charset=utf-8"
        ],
        "Expires": [
          "-1"
        ],
        "Retry-After": [
          "0"
        ]
      },
      "ResponseBody": "{\r\n  \"properties\": {\r\n    \"displayName\": \"testDisplay\",\r\n    \"policyType\": \"Custom\",\r\n    \"mode\": \"All\",\r\n    \"description\": \"Updated Unit test junk: sorry for littering. Please delete me!\",\r\n    \"metadata\": {\r\n      \"testName\": \"testValue\",\r\n      \"createdBy\": \"01b8db7b-fc40-494b-8b19-20127488a03d\",\r\n      \"createdOn\": \"2019-09-04T19:10:52.2968334Z\",\r\n      \"updatedBy\": \"01b8db7b-fc40-494b-8b19-20127488a03d\",\r\n      \"updatedOn\": \"2019-09-04T19:11:52.8131427Z\"\r\n    },\r\n    \"policyRule\": {\r\n      \"if\": {\r\n        \"source\": \"action\",\r\n        \"equals\": \"Microsoft.Resources/Subscriptions/ResourceGroups/write\"\r\n      },\r\n      \"then\": {\r\n        \"effect\": \"deny\"\r\n      }\r\n    }\r\n  },\r\n  \"id\": \"/subscriptions/89ec4d1d-dcc7-4a3f-a701-0a5d074c8505/providers/Microsoft.Authorization/policyDefinitions/ps468\",\r\n  \"type\": \"Microsoft.Authorization/policyDefinitions\",\r\n  \"name\": \"ps468\"\r\n}",
      "StatusCode": 200
    },
    {
      "RequestUri": "/subscriptions/89ec4d1d-dcc7-4a3f-a701-0a5d074c8505/providers/Microsoft.Authorization/policydefinitions/ps468?api-version=2019-01-01",
      "EncodedRequestUri": "L3N1YnNjcmlwdGlvbnMvODllYzRkMWQtZGNjNy00YTNmLWE3MDEtMGE1ZDA3NGM4NTA1L3Byb3ZpZGVycy9NaWNyb3NvZnQuQXV0aG9yaXphdGlvbi9wb2xpY3lkZWZpbml0aW9ucy9wczQ2OD9hcGktdmVyc2lvbj0yMDE5LTAxLTAx",
      "RequestMethod": "GET",
      "RequestBody": "",
      "RequestHeaders": {
        "User-Agent": [
          "AzurePowershell/v1.0.0",
          "PSVersion/v6.1.0"
        ],
        "ParameterSetName": [
          "SubscriptionIdParameterSet"
        ],
        "CommandName": [
          "Set-AzPolicyDefinition"
        ]
      },
      "ResponseHeaders": {
        "Cache-Control": [
          "no-cache"
        ],
        "Pragma": [
          "no-cache"
        ],
        "Vary": [
          "Accept-Encoding"
        ],
        "x-ms-request-id": [
          "westus:6193549d-d298-4d57-8b20-388be1cdf2ed"
        ],
        "x-ms-ratelimit-remaining-subscription-reads": [
          "11999"
        ],
        "x-ms-correlation-request-id": [
          "00062e09-13bb-4610-ab36-93157a2159d1"
        ],
        "x-ms-routing-request-id": [
          "WESTUS:20190904T191154Z:00062e09-13bb-4610-ab36-93157a2159d1"
        ],
        "Strict-Transport-Security": [
          "max-age=31536000; includeSubDomains"
        ],
        "X-Content-Type-Options": [
          "nosniff"
        ],
        "Date": [
          "Wed, 04 Sep 2019 19:11:53 GMT"
        ],
        "Content-Length": [
          "696"
        ],
        "Content-Type": [
          "application/json; charset=utf-8"
        ],
        "Expires": [
          "-1"
        ],
        "Retry-After": [
          "0"
        ]
      },
      "ResponseBody": "{\r\n  \"properties\": {\r\n    \"displayName\": \"testDisplay\",\r\n    \"policyType\": \"Custom\",\r\n    \"mode\": \"All\",\r\n    \"description\": \"Updated Unit test junk: sorry for littering. Please delete me!\",\r\n    \"metadata\": {\r\n      \"testName\": \"testValue\",\r\n      \"createdBy\": \"01b8db7b-fc40-494b-8b19-20127488a03d\",\r\n      \"createdOn\": \"2019-09-04T19:10:52.2968334Z\",\r\n      \"updatedBy\": \"01b8db7b-fc40-494b-8b19-20127488a03d\",\r\n      \"updatedOn\": \"2019-09-04T19:11:52.8131427Z\"\r\n    },\r\n    \"policyRule\": {\r\n      \"if\": {\r\n        \"source\": \"action\",\r\n        \"equals\": \"Microsoft.Resources/Subscriptions/ResourceGroups/write\"\r\n      },\r\n      \"then\": {\r\n        \"effect\": \"deny\"\r\n      }\r\n    }\r\n  },\r\n  \"id\": \"/subscriptions/89ec4d1d-dcc7-4a3f-a701-0a5d074c8505/providers/Microsoft.Authorization/policyDefinitions/ps468\",\r\n  \"type\": \"Microsoft.Authorization/policyDefinitions\",\r\n  \"name\": \"ps468\"\r\n}",
      "StatusCode": 200
    },
    {
      "RequestUri": "/subscriptions/89ec4d1d-dcc7-4a3f-a701-0a5d074c8505/providers/Microsoft.Authorization/policydefinitions/ps468?api-version=2019-01-01",
      "EncodedRequestUri": "L3N1YnNjcmlwdGlvbnMvODllYzRkMWQtZGNjNy00YTNmLWE3MDEtMGE1ZDA3NGM4NTA1L3Byb3ZpZGVycy9NaWNyb3NvZnQuQXV0aG9yaXphdGlvbi9wb2xpY3lkZWZpbml0aW9ucy9wczQ2OD9hcGktdmVyc2lvbj0yMDE5LTAxLTAx",
      "RequestMethod": "GET",
      "RequestBody": "",
      "RequestHeaders": {
        "User-Agent": [
          "AzurePowershell/v1.0.0",
          "PSVersion/v6.1.0"
        ],
        "ParameterSetName": [
          "SubscriptionIdParameterSet"
        ],
        "CommandName": [
          "Get-AzPolicyDefinition"
        ]
      },
      "ResponseHeaders": {
        "Cache-Control": [
          "no-cache"
        ],
        "Pragma": [
          "no-cache"
        ],
        "Vary": [
          "Accept-Encoding"
        ],
        "x-ms-request-id": [
          "westus:fad30bc5-3bf7-48db-836c-8e7fd209f4e3"
        ],
        "x-ms-ratelimit-remaining-subscription-reads": [
          "11999"
        ],
        "x-ms-correlation-request-id": [
          "c29ab7e2-e6e6-47c9-8811-7e15dabc767d"
        ],
        "x-ms-routing-request-id": [
          "WESTUS:20190904T191155Z:c29ab7e2-e6e6-47c9-8811-7e15dabc767d"
        ],
        "Strict-Transport-Security": [
          "max-age=31536000; includeSubDomains"
        ],
        "X-Content-Type-Options": [
          "nosniff"
        ],
        "Date": [
          "Wed, 04 Sep 2019 19:11:54 GMT"
        ],
        "Content-Length": [
          "700"
        ],
        "Content-Type": [
          "application/json; charset=utf-8"
        ],
        "Expires": [
          "-1"
        ],
        "Retry-After": [
          "0"
        ]
      },
      "ResponseBody": "{\r\n  \"properties\": {\r\n    \"displayName\": \"testDisplay\",\r\n    \"policyType\": \"Custom\",\r\n    \"mode\": \"Indexed\",\r\n    \"description\": \"Updated Unit test junk: sorry for littering. Please delete me!\",\r\n    \"metadata\": {\r\n      \"testName\": \"testValue\",\r\n      \"createdBy\": \"01b8db7b-fc40-494b-8b19-20127488a03d\",\r\n      \"createdOn\": \"2019-09-04T19:10:52.2968334Z\",\r\n      \"updatedBy\": \"01b8db7b-fc40-494b-8b19-20127488a03d\",\r\n      \"updatedOn\": \"2019-09-04T19:11:54.4328752Z\"\r\n    },\r\n    \"policyRule\": {\r\n      \"if\": {\r\n        \"source\": \"action\",\r\n        \"equals\": \"Microsoft.Resources/Subscriptions/ResourceGroups/write\"\r\n      },\r\n      \"then\": {\r\n        \"effect\": \"deny\"\r\n      }\r\n    }\r\n  },\r\n  \"id\": \"/subscriptions/89ec4d1d-dcc7-4a3f-a701-0a5d074c8505/providers/Microsoft.Authorization/policyDefinitions/ps468\",\r\n  \"type\": \"Microsoft.Authorization/policyDefinitions\",\r\n  \"name\": \"ps468\"\r\n}",
      "StatusCode": 200
    },
    {
      "RequestUri": "/subscriptions/89ec4d1d-dcc7-4a3f-a701-0a5d074c8505/providers/Microsoft.Authorization/policydefinitions/ps468?api-version=2019-01-01",
      "EncodedRequestUri": "L3N1YnNjcmlwdGlvbnMvODllYzRkMWQtZGNjNy00YTNmLWE3MDEtMGE1ZDA3NGM4NTA1L3Byb3ZpZGVycy9NaWNyb3NvZnQuQXV0aG9yaXphdGlvbi9wb2xpY3lkZWZpbml0aW9ucy9wczQ2OD9hcGktdmVyc2lvbj0yMDE5LTAxLTAx",
      "RequestMethod": "GET",
      "RequestBody": "",
      "RequestHeaders": {
        "User-Agent": [
          "AzurePowershell/v1.0.0",
          "PSVersion/v6.1.0"
        ],
        "ParameterSetName": [
          "SubscriptionIdParameterSet"
        ],
        "CommandName": [
          "Get-AzPolicyDefinition"
        ]
      },
      "ResponseHeaders": {
        "Cache-Control": [
          "no-cache"
        ],
        "Pragma": [
          "no-cache"
        ],
        "Vary": [
          "Accept-Encoding"
        ],
        "x-ms-request-id": [
          "westus:82874c46-3bdc-4f16-bdac-d8d30493bfd5"
        ],
        "x-ms-ratelimit-remaining-subscription-reads": [
          "11999"
        ],
        "x-ms-correlation-request-id": [
          "77e41a8f-e304-4a7d-bbc0-cb2bd40c8ba3"
        ],
        "x-ms-routing-request-id": [
          "WESTUS:20190904T191156Z:77e41a8f-e304-4a7d-bbc0-cb2bd40c8ba3"
        ],
        "Strict-Transport-Security": [
          "max-age=31536000; includeSubDomains"
        ],
        "X-Content-Type-Options": [
          "nosniff"
        ],
        "Date": [
          "Wed, 04 Sep 2019 19:11:56 GMT"
        ],
        "Content-Length": [
          "604"
        ],
        "Content-Type": [
          "application/json; charset=utf-8"
        ],
        "Expires": [
          "-1"
        ],
        "Retry-After": [
          "0"
        ]
      },
      "ResponseBody": "{\r\n  \"properties\": {\r\n    \"policyType\": \"Custom\",\r\n    \"mode\": \"Microsoft.KeyVault.Data\",\r\n    \"description\": \"Unit test junk: sorry for littering. Please delete me!\",\r\n    \"metadata\": {\r\n      \"createdBy\": \"01b8db7b-fc40-494b-8b19-20127488a03d\",\r\n      \"createdOn\": \"2019-09-04T19:11:56.045257Z\",\r\n      \"updatedBy\": null,\r\n      \"updatedOn\": null\r\n    },\r\n    \"policyRule\": {\r\n      \"if\": {\r\n        \"field\": \"Microsoft.KeyVault.Data/vaults/certificates/keyProperties/keyType\",\r\n        \"equals\": \"RSA\"\r\n      },\r\n      \"then\": {\r\n        \"effect\": \"audit\"\r\n      }\r\n    }\r\n  },\r\n  \"id\": \"/subscriptions/89ec4d1d-dcc7-4a3f-a701-0a5d074c8505/providers/Microsoft.Authorization/policyDefinitions/ps468\",\r\n  \"type\": \"Microsoft.Authorization/policyDefinitions\",\r\n  \"name\": \"ps468\"\r\n}",
      "StatusCode": 200
    },
    {
      "RequestUri": "/subscriptions/89ec4d1d-dcc7-4a3f-a701-0a5d074c8505/providers/Microsoft.Authorization/policydefinitions/ps468?api-version=2019-01-01",
      "EncodedRequestUri": "L3N1YnNjcmlwdGlvbnMvODllYzRkMWQtZGNjNy00YTNmLWE3MDEtMGE1ZDA3NGM4NTA1L3Byb3ZpZGVycy9NaWNyb3NvZnQuQXV0aG9yaXphdGlvbi9wb2xpY3lkZWZpbml0aW9ucy9wczQ2OD9hcGktdmVyc2lvbj0yMDE5LTAxLTAx",
      "RequestMethod": "GET",
      "RequestBody": "",
      "RequestHeaders": {
        "User-Agent": [
          "AzurePowershell/v1.0.0",
          "PSVersion/v6.1.0"
        ],
        "ParameterSetName": [
          "SubscriptionIdParameterSet"
        ],
        "CommandName": [
          "Set-AzPolicyDefinition"
        ]
      },
      "ResponseHeaders": {
        "Cache-Control": [
          "no-cache"
        ],
        "Pragma": [
          "no-cache"
        ],
        "Vary": [
          "Accept-Encoding"
        ],
        "x-ms-request-id": [
          "westus:7b46cbec-9786-4483-9757-4447e60e42f1"
        ],
        "x-ms-ratelimit-remaining-subscription-reads": [
          "11999"
        ],
        "x-ms-correlation-request-id": [
          "d1895a0f-df5f-460b-b775-7dbd944a861a"
        ],
        "x-ms-routing-request-id": [
          "WESTUS:20190904T191156Z:d1895a0f-df5f-460b-b775-7dbd944a861a"
        ],
        "Strict-Transport-Security": [
          "max-age=31536000; includeSubDomains"
        ],
        "X-Content-Type-Options": [
          "nosniff"
        ],
        "Date": [
          "Wed, 04 Sep 2019 19:11:56 GMT"
        ],
        "Content-Length": [
          "604"
        ],
        "Content-Type": [
          "application/json; charset=utf-8"
        ],
        "Expires": [
          "-1"
        ],
        "Retry-After": [
          "0"
        ]
      },
      "ResponseBody": "{\r\n  \"properties\": {\r\n    \"policyType\": \"Custom\",\r\n    \"mode\": \"Microsoft.KeyVault.Data\",\r\n    \"description\": \"Unit test junk: sorry for littering. Please delete me!\",\r\n    \"metadata\": {\r\n      \"createdBy\": \"01b8db7b-fc40-494b-8b19-20127488a03d\",\r\n      \"createdOn\": \"2019-09-04T19:11:56.045257Z\",\r\n      \"updatedBy\": null,\r\n      \"updatedOn\": null\r\n    },\r\n    \"policyRule\": {\r\n      \"if\": {\r\n        \"field\": \"Microsoft.KeyVault.Data/vaults/certificates/keyProperties/keyType\",\r\n        \"equals\": \"RSA\"\r\n      },\r\n      \"then\": {\r\n        \"effect\": \"audit\"\r\n      }\r\n    }\r\n  },\r\n  \"id\": \"/subscriptions/89ec4d1d-dcc7-4a3f-a701-0a5d074c8505/providers/Microsoft.Authorization/policyDefinitions/ps468\",\r\n  \"type\": \"Microsoft.Authorization/policyDefinitions\",\r\n  \"name\": \"ps468\"\r\n}",
      "StatusCode": 200
    },
    {
      "RequestUri": "/subscriptions/89ec4d1d-dcc7-4a3f-a701-0a5d074c8505/providers/Microsoft.Authorization/policydefinitions/ps468?api-version=2019-01-01",
      "EncodedRequestUri": "L3N1YnNjcmlwdGlvbnMvODllYzRkMWQtZGNjNy00YTNmLWE3MDEtMGE1ZDA3NGM4NTA1L3Byb3ZpZGVycy9NaWNyb3NvZnQuQXV0aG9yaXphdGlvbi9wb2xpY3lkZWZpbml0aW9ucy9wczQ2OD9hcGktdmVyc2lvbj0yMDE5LTAxLTAx",
      "RequestMethod": "GET",
      "RequestBody": "",
      "RequestHeaders": {
        "User-Agent": [
          "AzurePowershell/v1.0.0",
          "PSVersion/v6.1.0"
        ],
        "ParameterSetName": [
          "SubscriptionIdParameterSet"
        ],
        "CommandName": [
          "Get-AzPolicyDefinition"
        ]
      },
      "ResponseHeaders": {
        "Cache-Control": [
          "no-cache"
        ],
        "Pragma": [
          "no-cache"
        ],
        "Vary": [
          "Accept-Encoding"
        ],
        "x-ms-request-id": [
          "westus:fb8fc0a4-f348-40c6-babf-e6bc06ae5d97"
        ],
        "x-ms-ratelimit-remaining-subscription-reads": [
          "11999"
        ],
        "x-ms-correlation-request-id": [
          "313d229b-582b-43ec-aa53-d17c18cd5387"
        ],
        "x-ms-routing-request-id": [
          "WESTUS:20190904T191158Z:313d229b-582b-43ec-aa53-d17c18cd5387"
        ],
        "Strict-Transport-Security": [
          "max-age=31536000; includeSubDomains"
        ],
        "X-Content-Type-Options": [
          "nosniff"
        ],
        "Date": [
          "Wed, 04 Sep 2019 19:11:58 GMT"
        ],
        "Content-Length": [
          "723"
        ],
        "Content-Type": [
          "application/json; charset=utf-8"
        ],
        "Expires": [
          "-1"
        ],
        "Retry-After": [
          "0"
        ]
      },
      "ResponseBody": "{\r\n  \"properties\": {\r\n    \"displayName\": \"testDisplay\",\r\n    \"policyType\": \"Custom\",\r\n    \"mode\": \"Microsoft.KeyVault.Data\",\r\n    \"description\": \"Updated Unit test junk: sorry for littering. Please delete me!\",\r\n    \"metadata\": {\r\n      \"testName\": \"testValue\",\r\n      \"createdBy\": \"01b8db7b-fc40-494b-8b19-20127488a03d\",\r\n      \"createdOn\": \"2019-09-04T19:11:56.045257Z\",\r\n      \"updatedBy\": \"01b8db7b-fc40-494b-8b19-20127488a03d\",\r\n      \"updatedOn\": \"2019-09-04T19:11:57.0446142Z\"\r\n    },\r\n    \"policyRule\": {\r\n      \"if\": {\r\n        \"field\": \"Microsoft.KeyVault.Data/vaults/certificates/keyProperties/keyType\",\r\n        \"equals\": \"RSA\"\r\n      },\r\n      \"then\": {\r\n        \"effect\": \"audit\"\r\n      }\r\n    }\r\n  },\r\n  \"id\": \"/subscriptions/89ec4d1d-dcc7-4a3f-a701-0a5d074c8505/providers/Microsoft.Authorization/policyDefinitions/ps468\",\r\n  \"type\": \"Microsoft.Authorization/policyDefinitions\",\r\n  \"name\": \"ps468\"\r\n}",
      "StatusCode": 200
    },
    {
      "RequestUri": "/subscriptions/89ec4d1d-dcc7-4a3f-a701-0a5d074c8505/providers/Microsoft.Authorization/policydefinitions/ps468?api-version=2019-01-01",
      "EncodedRequestUri": "L3N1YnNjcmlwdGlvbnMvODllYzRkMWQtZGNjNy00YTNmLWE3MDEtMGE1ZDA3NGM4NTA1L3Byb3ZpZGVycy9NaWNyb3NvZnQuQXV0aG9yaXphdGlvbi9wb2xpY3lkZWZpbml0aW9ucy9wczQ2OD9hcGktdmVyc2lvbj0yMDE5LTAxLTAx",
      "RequestMethod": "GET",
      "RequestBody": "",
      "RequestHeaders": {
        "User-Agent": [
          "AzurePowershell/v1.0.0",
          "PSVersion/v6.1.0"
        ],
        "ParameterSetName": [
          "SubscriptionIdParameterSet"
        ],
        "CommandName": [
          "Set-AzPolicyDefinition"
        ]
      },
      "ResponseHeaders": {
        "Cache-Control": [
          "no-cache"
        ],
        "Pragma": [
          "no-cache"
        ],
        "Vary": [
          "Accept-Encoding"
        ],
        "x-ms-request-id": [
          "westus:d871a9ee-37a4-441c-ade0-d331435cb808"
        ],
        "x-ms-ratelimit-remaining-subscription-reads": [
          "11999"
        ],
        "x-ms-correlation-request-id": [
          "8c5341c0-afad-4f17-a2c2-312cc1b8ad6f"
        ],
        "x-ms-routing-request-id": [
          "WESTUS:20190904T191158Z:8c5341c0-afad-4f17-a2c2-312cc1b8ad6f"
        ],
        "Strict-Transport-Security": [
          "max-age=31536000; includeSubDomains"
        ],
        "X-Content-Type-Options": [
          "nosniff"
        ],
        "Date": [
          "Wed, 04 Sep 2019 19:11:57 GMT"
        ],
        "Content-Length": [
          "723"
        ],
        "Content-Type": [
          "application/json; charset=utf-8"
        ],
        "Expires": [
          "-1"
        ],
        "Retry-After": [
          "0"
        ]
      },
      "ResponseBody": "{\r\n  \"properties\": {\r\n    \"displayName\": \"testDisplay\",\r\n    \"policyType\": \"Custom\",\r\n    \"mode\": \"Microsoft.KeyVault.Data\",\r\n    \"description\": \"Updated Unit test junk: sorry for littering. Please delete me!\",\r\n    \"metadata\": {\r\n      \"testName\": \"testValue\",\r\n      \"createdBy\": \"01b8db7b-fc40-494b-8b19-20127488a03d\",\r\n      \"createdOn\": \"2019-09-04T19:11:56.045257Z\",\r\n      \"updatedBy\": \"01b8db7b-fc40-494b-8b19-20127488a03d\",\r\n      \"updatedOn\": \"2019-09-04T19:11:57.0446142Z\"\r\n    },\r\n    \"policyRule\": {\r\n      \"if\": {\r\n        \"field\": \"Microsoft.KeyVault.Data/vaults/certificates/keyProperties/keyType\",\r\n        \"equals\": \"RSA\"\r\n      },\r\n      \"then\": {\r\n        \"effect\": \"audit\"\r\n      }\r\n    }\r\n  },\r\n  \"id\": \"/subscriptions/89ec4d1d-dcc7-4a3f-a701-0a5d074c8505/providers/Microsoft.Authorization/policyDefinitions/ps468\",\r\n  \"type\": \"Microsoft.Authorization/policyDefinitions\",\r\n  \"name\": \"ps468\"\r\n}",
      "StatusCode": 200
    },
    {
      "RequestUri": "/subscriptions/89ec4d1d-dcc7-4a3f-a701-0a5d074c8505/providers/Microsoft.Authorization/policydefinitions/ps468?api-version=2019-01-01",
      "EncodedRequestUri": "L3N1YnNjcmlwdGlvbnMvODllYzRkMWQtZGNjNy00YTNmLWE3MDEtMGE1ZDA3NGM4NTA1L3Byb3ZpZGVycy9NaWNyb3NvZnQuQXV0aG9yaXphdGlvbi9wb2xpY3lkZWZpbml0aW9ucy9wczQ2OD9hcGktdmVyc2lvbj0yMDE5LTAxLTAx",
      "RequestMethod": "GET",
      "RequestBody": "",
      "RequestHeaders": {
        "User-Agent": [
          "AzurePowershell/v1.0.0",
          "PSVersion/v6.1.0"
        ],
        "ParameterSetName": [
          "SubscriptionIdParameterSet"
        ],
        "CommandName": [
          "Get-AzPolicyDefinition"
        ]
      },
      "ResponseHeaders": {
        "Cache-Control": [
          "no-cache"
        ],
        "Pragma": [
          "no-cache"
        ],
        "Vary": [
          "Accept-Encoding"
        ],
        "x-ms-request-id": [
          "westus:30f50a04-c546-42f1-a5ba-4deaf1673b8a"
        ],
        "x-ms-ratelimit-remaining-subscription-reads": [
          "11999"
        ],
        "x-ms-correlation-request-id": [
          "4afcc83d-19e6-4dfd-b783-295714d7a947"
        ],
        "x-ms-routing-request-id": [
          "WESTUS:20190904T191159Z:4afcc83d-19e6-4dfd-b783-295714d7a947"
        ],
        "Strict-Transport-Security": [
          "max-age=31536000; includeSubDomains"
        ],
        "X-Content-Type-Options": [
          "nosniff"
        ],
        "Date": [
          "Wed, 04 Sep 2019 19:11:58 GMT"
        ],
        "Content-Length": [
          "723"
        ],
        "Content-Type": [
          "application/json; charset=utf-8"
        ],
        "Expires": [
          "-1"
        ],
        "Retry-After": [
          "0"
        ]
      },
      "ResponseBody": "{\r\n  \"properties\": {\r\n    \"displayName\": \"testDisplay\",\r\n    \"policyType\": \"Custom\",\r\n    \"mode\": \"Microsoft.KeyVault.Data\",\r\n    \"description\": \"Updated Unit test junk: sorry for littering. Please delete me!\",\r\n    \"metadata\": {\r\n      \"testName\": \"testValue\",\r\n      \"createdBy\": \"01b8db7b-fc40-494b-8b19-20127488a03d\",\r\n      \"createdOn\": \"2019-09-04T19:11:56.045257Z\",\r\n      \"updatedBy\": \"01b8db7b-fc40-494b-8b19-20127488a03d\",\r\n      \"updatedOn\": \"2019-09-04T19:11:58.4808493Z\"\r\n    },\r\n    \"policyRule\": {\r\n      \"if\": {\r\n        \"field\": \"Microsoft.KeyVault.Data/vaults/certificates/keyProperties/keyType\",\r\n        \"equals\": \"RSA\"\r\n      },\r\n      \"then\": {\r\n        \"effect\": \"audit\"\r\n      }\r\n    }\r\n  },\r\n  \"id\": \"/subscriptions/89ec4d1d-dcc7-4a3f-a701-0a5d074c8505/providers/Microsoft.Authorization/policyDefinitions/ps468\",\r\n  \"type\": \"Microsoft.Authorization/policyDefinitions\",\r\n  \"name\": \"ps468\"\r\n}",
      "StatusCode": 200
    },
    {
      "RequestUri": "/subscriptions/89ec4d1d-dcc7-4a3f-a701-0a5d074c8505/providers/Microsoft.Authorization/policydefinitions/ps468?api-version=2019-01-01",
      "EncodedRequestUri": "L3N1YnNjcmlwdGlvbnMvODllYzRkMWQtZGNjNy00YTNmLWE3MDEtMGE1ZDA3NGM4NTA1L3Byb3ZpZGVycy9NaWNyb3NvZnQuQXV0aG9yaXphdGlvbi9wb2xpY3lkZWZpbml0aW9ucy9wczQ2OD9hcGktdmVyc2lvbj0yMDE5LTAxLTAx",
      "RequestMethod": "DELETE",
      "RequestBody": "",
      "RequestHeaders": {
        "User-Agent": [
          "AzurePowershell/v1.0.0",
          "PSVersion/v6.1.0"
        ],
        "ParameterSetName": [
          "NameParameterSet"
        ],
        "CommandName": [
          "Remove-AzPolicyDefinition"
        ]
      },
      "ResponseHeaders": {
        "Cache-Control": [
          "no-cache"
        ],
        "Pragma": [
          "no-cache"
        ],
        "Vary": [
          "Accept-Encoding"
        ],
        "x-ms-request-id": [
          "westus:6f4c1568-e684-4a30-a824-a139d56df26d"
        ],
        "x-ms-ratelimit-remaining-subscription-deletes": [
          "14999"
        ],
        "x-ms-correlation-request-id": [
          "b93a61f0-e7d2-44a2-ba45-c580772e948b"
        ],
        "x-ms-routing-request-id": [
          "WESTUS:20190904T190800Z:b93a61f0-e7d2-44a2-ba45-c580772e948b"
        ],
        "Strict-Transport-Security": [
          "max-age=31536000; includeSubDomains"
        ],
        "X-Content-Type-Options": [
          "nosniff"
        ],
        "Date": [
          "Wed, 04 Sep 2019 19:08:00 GMT"
        ],
        "Content-Length": [
          "699"
        ],
        "Content-Type": [
          "application/json; charset=utf-8"
        ],
        "Expires": [
          "-1"
        ],
        "Retry-After": [
          "0"
        ]
      },
      "ResponseBody": "{\r\n  \"properties\": {\r\n    \"displayName\": \"testDisplay\",\r\n    \"policyType\": \"Custom\",\r\n    \"mode\": \"Indexed\",\r\n    \"description\": \"Updated Unit test junk: sorry for littering. Please delete me!\",\r\n    \"metadata\": {\r\n      \"testName\": \"testValue\",\r\n      \"createdBy\": \"01b8db7b-fc40-494b-8b19-20127488a03d\",\r\n      \"createdOn\": \"2019-09-04T19:06:37.967264Z\",\r\n      \"updatedBy\": \"01b8db7b-fc40-494b-8b19-20127488a03d\",\r\n      \"updatedOn\": \"2019-09-04T19:07:18.4917131Z\"\r\n    },\r\n    \"policyRule\": {\r\n      \"if\": {\r\n        \"source\": \"action\",\r\n        \"equals\": \"Microsoft.Resources/Subscriptions/ResourceGroups/write\"\r\n      },\r\n      \"then\": {\r\n        \"effect\": \"deny\"\r\n      }\r\n    }\r\n  },\r\n  \"id\": \"/subscriptions/89ec4d1d-dcc7-4a3f-a701-0a5d074c8505/providers/Microsoft.Authorization/policyDefinitions/ps468\",\r\n  \"type\": \"Microsoft.Authorization/policyDefinitions\",\r\n  \"name\": \"ps468\"\r\n}",
      "StatusCode": 200
    },
    {
      "RequestUri": "/subscriptions/89ec4d1d-dcc7-4a3f-a701-0a5d074c8505/providers/Microsoft.Authorization/policydefinitions/ps468?api-version=2019-01-01",
      "EncodedRequestUri": "L3N1YnNjcmlwdGlvbnMvODllYzRkMWQtZGNjNy00YTNmLWE3MDEtMGE1ZDA3NGM4NTA1L3Byb3ZpZGVycy9NaWNyb3NvZnQuQXV0aG9yaXphdGlvbi9wb2xpY3lkZWZpbml0aW9ucy9wczQ2OD9hcGktdmVyc2lvbj0yMDE5LTAxLTAx",
      "RequestMethod": "DELETE",
      "RequestBody": "",
      "RequestHeaders": {
        "User-Agent": [
          "AzurePowershell/v1.0.0",
          "PSVersion/v6.1.0"
        ],
        "ParameterSetName": [
          "SubscriptionIdParameterSet"
        ],
        "CommandName": [
          "Remove-AzPolicyDefinition"
        ]
      },
      "ResponseHeaders": {
        "Cache-Control": [
          "no-cache"
        ],
        "Pragma": [
          "no-cache"
        ],
        "Vary": [
          "Accept-Encoding"
        ],
        "x-ms-request-id": [
          "westus:9e9c24a1-2f41-45d7-a4e8-7e5f9699afe9"
        ],
        "x-ms-ratelimit-remaining-subscription-deletes": [
          "14999"
        ],
        "x-ms-correlation-request-id": [
          "7eb0b1f8-2856-4b9d-9254-fe51bb0f70c5"
        ],
        "x-ms-routing-request-id": [
          "WESTUS:20190904T191155Z:7eb0b1f8-2856-4b9d-9254-fe51bb0f70c5"
        ],
        "Strict-Transport-Security": [
          "max-age=31536000; includeSubDomains"
        ],
        "X-Content-Type-Options": [
          "nosniff"
        ],
        "Date": [
          "Wed, 04 Sep 2019 19:11:55 GMT"
        ],
        "Content-Length": [
          "700"
        ],
        "Content-Type": [
          "application/json; charset=utf-8"
        ],
        "Expires": [
          "-1"
        ],
        "Retry-After": [
          "0"
        ]
      },
      "ResponseBody": "{\r\n  \"properties\": {\r\n    \"displayName\": \"testDisplay\",\r\n    \"policyType\": \"Custom\",\r\n    \"mode\": \"Indexed\",\r\n    \"description\": \"Updated Unit test junk: sorry for littering. Please delete me!\",\r\n    \"metadata\": {\r\n      \"testName\": \"testValue\",\r\n      \"createdBy\": \"01b8db7b-fc40-494b-8b19-20127488a03d\",\r\n      \"createdOn\": \"2019-09-04T19:10:52.2968334Z\",\r\n      \"updatedBy\": \"01b8db7b-fc40-494b-8b19-20127488a03d\",\r\n      \"updatedOn\": \"2019-09-04T19:11:54.4328752Z\"\r\n    },\r\n    \"policyRule\": {\r\n      \"if\": {\r\n        \"source\": \"action\",\r\n        \"equals\": \"Microsoft.Resources/Subscriptions/ResourceGroups/write\"\r\n      },\r\n      \"then\": {\r\n        \"effect\": \"deny\"\r\n      }\r\n    }\r\n  },\r\n  \"id\": \"/subscriptions/89ec4d1d-dcc7-4a3f-a701-0a5d074c8505/providers/Microsoft.Authorization/policyDefinitions/ps468\",\r\n  \"type\": \"Microsoft.Authorization/policyDefinitions\",\r\n  \"name\": \"ps468\"\r\n}",
      "StatusCode": 200
    },
    {
      "RequestUri": "/subscriptions/89ec4d1d-dcc7-4a3f-a701-0a5d074c8505/providers/Microsoft.Authorization/policydefinitions/ps468?api-version=2019-01-01",
      "EncodedRequestUri": "L3N1YnNjcmlwdGlvbnMvODllYzRkMWQtZGNjNy00YTNmLWE3MDEtMGE1ZDA3NGM4NTA1L3Byb3ZpZGVycy9NaWNyb3NvZnQuQXV0aG9yaXphdGlvbi9wb2xpY3lkZWZpbml0aW9ucy9wczQ2OD9hcGktdmVyc2lvbj0yMDE5LTAxLTAx",
      "RequestMethod": "DELETE",
      "RequestBody": "",
      "RequestHeaders": {
        "User-Agent": [
          "AzurePowershell/v1.0.0",
          "PSVersion/v6.1.0"
        ],
        "ParameterSetName": [
          "SubscriptionIdParameterSet"
        ],
        "CommandName": [
          "Remove-AzPolicyDefinition"
        ]
      },
      "ResponseHeaders": {
        "Cache-Control": [
          "no-cache"
        ],
        "Pragma": [
          "no-cache"
        ],
        "Vary": [
          "Accept-Encoding"
        ],
        "x-ms-request-id": [
          "westus:076bfbb5-31a6-490e-9a6d-b4c7f9ce49b0"
        ],
        "x-ms-ratelimit-remaining-subscription-deletes": [
          "14999"
        ],
        "x-ms-correlation-request-id": [
          "ae1cbb4f-b3b8-46d2-a52c-5ce485b3a75a"
        ],
        "x-ms-routing-request-id": [
          "WESTUS:20190904T191200Z:ae1cbb4f-b3b8-46d2-a52c-5ce485b3a75a"
        ],
        "Strict-Transport-Security": [
          "max-age=31536000; includeSubDomains"
        ],
        "X-Content-Type-Options": [
          "nosniff"
        ],
        "Date": [
          "Wed, 04 Sep 2019 19:12:00 GMT"
        ],
        "Content-Length": [
          "723"
        ],
        "Content-Type": [
          "application/json; charset=utf-8"
        ],
        "Expires": [
          "-1"
        ],
        "Retry-After": [
          "0"
        ]
      },
      "ResponseBody": "{\r\n  \"properties\": {\r\n    \"displayName\": \"testDisplay\",\r\n    \"policyType\": \"Custom\",\r\n    \"mode\": \"Microsoft.KeyVault.Data\",\r\n    \"description\": \"Updated Unit test junk: sorry for littering. Please delete me!\",\r\n    \"metadata\": {\r\n      \"testName\": \"testValue\",\r\n      \"createdBy\": \"01b8db7b-fc40-494b-8b19-20127488a03d\",\r\n      \"createdOn\": \"2019-09-04T19:11:56.045257Z\",\r\n      \"updatedBy\": \"01b8db7b-fc40-494b-8b19-20127488a03d\",\r\n      \"updatedOn\": \"2019-09-04T19:11:58.4808493Z\"\r\n    },\r\n    \"policyRule\": {\r\n      \"if\": {\r\n        \"field\": \"Microsoft.KeyVault.Data/vaults/certificates/keyProperties/keyType\",\r\n        \"equals\": \"RSA\"\r\n      },\r\n      \"then\": {\r\n        \"effect\": \"audit\"\r\n      }\r\n    }\r\n  },\r\n  \"id\": \"/subscriptions/89ec4d1d-dcc7-4a3f-a701-0a5d074c8505/providers/Microsoft.Authorization/policyDefinitions/ps468\",\r\n  \"type\": \"Microsoft.Authorization/policyDefinitions\",\r\n  \"name\": \"ps468\"\r\n}",
      "StatusCode": 200
    },
    {
      "RequestUri": "/providers/Microsoft.Management/managementGroups/AzGovTest7/providers/Microsoft.Authorization/policydefinitions/ps468?api-version=2019-01-01",
      "EncodedRequestUri": "L3Byb3ZpZGVycy9NaWNyb3NvZnQuTWFuYWdlbWVudC9tYW5hZ2VtZW50R3JvdXBzL0F6R292VGVzdDcvcHJvdmlkZXJzL01pY3Jvc29mdC5BdXRob3JpemF0aW9uL3BvbGljeWRlZmluaXRpb25zL3BzNDY4P2FwaS12ZXJzaW9uPTIwMTktMDEtMDE=",
      "RequestMethod": "PUT",
      "RequestBody": "{\r\n  \"name\": \"ps468\",\r\n  \"properties\": {\r\n    \"description\": \"Unit test junk: sorry for littering. Please delete me!\",\r\n    \"policyRule\": {\r\n      \"if\": {\r\n        \"source\": \"action\",\r\n        \"equals\": \"Microsoft.Resources/Subscriptions/ResourceGroups/write\"\r\n      },\r\n      \"then\": {\r\n        \"effect\": \"deny\"\r\n      }\r\n    },\r\n    \"mode\": \"All\"\r\n  }\r\n}",
      "RequestHeaders": {
        "User-Agent": [
          "AzurePowershell/v1.0.0",
          "PSVersion/v6.1.0"
        ],
        "ParameterSetName": [
          "ManagementGroupNameParameterSet"
        ],
        "CommandName": [
          "New-AzPolicyDefinition"
        ],
        "Content-Type": [
          "application/json; charset=utf-8"
        ],
        "Content-Length": [
          "356"
        ]
      },
      "ResponseHeaders": {
        "Cache-Control": [
          "no-cache"
        ],
        "Pragma": [
          "no-cache"
        ],
        "x-ms-request-id": [
          "westus:b2484906-c244-4946-b696-5fe95dfa95bd"
        ],
        "x-ms-ratelimit-remaining-tenant-writes": [
          "1199"
        ],
        "x-ms-correlation-request-id": [
          "e7306ad7-3ff6-4868-b91d-b47eb5cc1367"
        ],
        "x-ms-routing-request-id": [
          "WESTUS:20190904T190802Z:e7306ad7-3ff6-4868-b91d-b47eb5cc1367"
        ],
        "Strict-Transport-Security": [
          "max-age=31536000; includeSubDomains"
        ],
        "X-Content-Type-Options": [
          "nosniff"
        ],
        "Date": [
          "Wed, 04 Sep 2019 19:08:02 GMT"
        ],
        "Content-Length": [
          "585"
        ],
        "Content-Type": [
          "application/json; charset=utf-8"
        ],
        "Expires": [
          "-1"
        ],
        "Retry-After": [
          "0"
        ]
      },
      "ResponseBody": "{\r\n  \"properties\": {\r\n    \"policyType\": \"Custom\",\r\n    \"mode\": \"All\",\r\n    \"description\": \"Unit test junk: sorry for littering. Please delete me!\",\r\n    \"metadata\": {\r\n      \"createdBy\": \"01b8db7b-fc40-494b-8b19-20127488a03d\",\r\n      \"createdOn\": \"2019-09-04T19:08:01.9524183Z\",\r\n      \"updatedBy\": null,\r\n      \"updatedOn\": null\r\n    },\r\n    \"policyRule\": {\r\n      \"if\": {\r\n        \"source\": \"action\",\r\n        \"equals\": \"Microsoft.Resources/Subscriptions/ResourceGroups/write\"\r\n      },\r\n      \"then\": {\r\n        \"effect\": \"deny\"\r\n      }\r\n    }\r\n  },\r\n  \"id\": \"/providers/Microsoft.Management/managementGroups/AzGovTest7/providers/Microsoft.Authorization/policyDefinitions/ps468\",\r\n  \"type\": \"Microsoft.Authorization/policyDefinitions\",\r\n  \"name\": \"ps468\"\r\n}",
      "StatusCode": 201
    },
    {
      "RequestUri": "/providers/Microsoft.Management/managementGroups/AzGovTest7/providers/Microsoft.Authorization/policydefinitions/ps468?api-version=2019-01-01",
      "EncodedRequestUri": "L3Byb3ZpZGVycy9NaWNyb3NvZnQuTWFuYWdlbWVudC9tYW5hZ2VtZW50R3JvdXBzL0F6R292VGVzdDcvcHJvdmlkZXJzL01pY3Jvc29mdC5BdXRob3JpemF0aW9uL3BvbGljeWRlZmluaXRpb25zL3BzNDY4P2FwaS12ZXJzaW9uPTIwMTktMDEtMDE=",
      "RequestMethod": "PUT",
      "RequestBody": "{\r\n  \"name\": \"ps468\",\r\n  \"properties\": {\r\n    \"description\": \"Updated Unit test junk: sorry for littering. Please delete me!\",\r\n    \"displayName\": \"testDisplay\",\r\n    \"policyRule\": {\r\n      \"if\": {\r\n        \"source\": \"action\",\r\n        \"equals\": \"Microsoft.Resources/Subscriptions/ResourceGroups/write\"\r\n      },\r\n      \"then\": {\r\n        \"effect\": \"deny\"\r\n      }\r\n    },\r\n    \"metadata\": {\r\n      \"testName\": \"testValue\"\r\n    },\r\n    \"mode\": \"All\"\r\n  }\r\n}",
      "RequestHeaders": {
        "User-Agent": [
          "AzurePowershell/v1.0.0",
          "PSVersion/v6.1.0"
        ],
        "ParameterSetName": [
          "ManagementGroupNameParameterSet"
        ],
        "CommandName": [
          "Set-AzPolicyDefinition"
        ],
        "Content-Type": [
          "application/json; charset=utf-8"
        ],
        "Content-Length": [
          "457"
        ]
      },
      "ResponseHeaders": {
        "Cache-Control": [
          "no-cache"
        ],
        "Pragma": [
          "no-cache"
        ],
        "x-ms-request-id": [
          "westus:a74b52f3-cb54-4ead-aef8-53f1a5d2c8f2"
        ],
        "x-ms-ratelimit-remaining-tenant-writes": [
          "1199"
        ],
        "x-ms-correlation-request-id": [
          "956869ff-8c2a-4aaa-88fe-87bb063706a1"
        ],
        "x-ms-routing-request-id": [
          "WESTUS:20190904T190914Z:956869ff-8c2a-4aaa-88fe-87bb063706a1"
        ],
        "Strict-Transport-Security": [
          "max-age=31536000; includeSubDomains"
        ],
        "X-Content-Type-Options": [
          "nosniff"
        ],
        "Date": [
          "Wed, 04 Sep 2019 19:09:13 GMT"
        ],
        "Content-Length": [
          "704"
        ],
        "Content-Type": [
          "application/json; charset=utf-8"
        ],
        "Expires": [
          "-1"
        ],
        "Retry-After": [
          "0"
        ]
      },
      "ResponseBody": "{\r\n  \"properties\": {\r\n    \"displayName\": \"testDisplay\",\r\n    \"policyType\": \"Custom\",\r\n    \"mode\": \"All\",\r\n    \"description\": \"Updated Unit test junk: sorry for littering. Please delete me!\",\r\n    \"metadata\": {\r\n      \"testName\": \"testValue\",\r\n      \"createdBy\": \"01b8db7b-fc40-494b-8b19-20127488a03d\",\r\n      \"createdOn\": \"2019-09-04T19:08:01.9524183Z\",\r\n      \"updatedBy\": \"01b8db7b-fc40-494b-8b19-20127488a03d\",\r\n      \"updatedOn\": \"2019-09-04T19:09:13.6609315Z\"\r\n    },\r\n    \"policyRule\": {\r\n      \"if\": {\r\n        \"source\": \"action\",\r\n        \"equals\": \"Microsoft.Resources/Subscriptions/ResourceGroups/write\"\r\n      },\r\n      \"then\": {\r\n        \"effect\": \"deny\"\r\n      }\r\n    }\r\n  },\r\n  \"id\": \"/providers/Microsoft.Management/managementGroups/AzGovTest7/providers/Microsoft.Authorization/policyDefinitions/ps468\",\r\n  \"type\": \"Microsoft.Authorization/policyDefinitions\",\r\n  \"name\": \"ps468\"\r\n}",
      "StatusCode": 201
    },
    {
      "RequestUri": "/providers/Microsoft.Management/managementGroups/AzGovTest7/providers/Microsoft.Authorization/policydefinitions/ps468?api-version=2019-01-01",
      "EncodedRequestUri": "L3Byb3ZpZGVycy9NaWNyb3NvZnQuTWFuYWdlbWVudC9tYW5hZ2VtZW50R3JvdXBzL0F6R292VGVzdDcvcHJvdmlkZXJzL01pY3Jvc29mdC5BdXRob3JpemF0aW9uL3BvbGljeWRlZmluaXRpb25zL3BzNDY4P2FwaS12ZXJzaW9uPTIwMTktMDEtMDE=",
      "RequestMethod": "PUT",
      "RequestBody": "{\r\n  \"name\": \"ps468\",\r\n  \"properties\": {\r\n    \"description\": \"Updated Unit test junk: sorry for littering. Please delete me!\",\r\n    \"displayName\": \"testDisplay\",\r\n    \"policyRule\": {\r\n      \"if\": {\r\n        \"source\": \"action\",\r\n        \"equals\": \"Microsoft.Resources/Subscriptions/ResourceGroups/write\"\r\n      },\r\n      \"then\": {\r\n        \"effect\": \"deny\"\r\n      }\r\n    },\r\n    \"metadata\": {\r\n      \"testName\": \"testValue\"\r\n    },\r\n    \"mode\": \"All\"\r\n  }\r\n}",
      "RequestHeaders": {
        "User-Agent": [
          "AzurePowershell/v1.0.0",
          "PSVersion/v6.1.0"
        ],
        "ParameterSetName": [
          "ManagementGroupNameParameterSet"
        ],
        "CommandName": [
          "Set-AzPolicyDefinition"
        ],
        "Content-Type": [
          "application/json; charset=utf-8"
        ],
        "Content-Length": [
          "457"
        ]
      },
      "ResponseHeaders": {
        "Cache-Control": [
          "no-cache"
        ],
        "Pragma": [
          "no-cache"
        ],
        "x-ms-request-id": [
          "westus:2c33528d-6f30-4faa-91e6-6b7ae8afdf53"
        ],
        "x-ms-ratelimit-remaining-tenant-writes": [
          "1199"
        ],
        "x-ms-correlation-request-id": [
          "f5f14bb8-7760-47f7-ae25-14c68c7dcb63"
        ],
        "x-ms-routing-request-id": [
          "WESTUS:20190904T191048Z:f5f14bb8-7760-47f7-ae25-14c68c7dcb63"
        ],
        "Strict-Transport-Security": [
          "max-age=31536000; includeSubDomains"
        ],
        "X-Content-Type-Options": [
          "nosniff"
        ],
        "Date": [
          "Wed, 04 Sep 2019 19:10:47 GMT"
        ],
        "Content-Length": [
          "703"
        ],
        "Content-Type": [
          "application/json; charset=utf-8"
        ],
        "Expires": [
          "-1"
        ],
        "Retry-After": [
          "0"
        ]
      },
      "ResponseBody": "{\r\n  \"properties\": {\r\n    \"displayName\": \"testDisplay\",\r\n    \"policyType\": \"Custom\",\r\n    \"mode\": \"All\",\r\n    \"description\": \"Updated Unit test junk: sorry for littering. Please delete me!\",\r\n    \"metadata\": {\r\n      \"testName\": \"testValue\",\r\n      \"createdBy\": \"01b8db7b-fc40-494b-8b19-20127488a03d\",\r\n      \"createdOn\": \"2019-09-04T19:08:01.9524183Z\",\r\n      \"updatedBy\": \"01b8db7b-fc40-494b-8b19-20127488a03d\",\r\n      \"updatedOn\": \"2019-09-04T19:10:47.743846Z\"\r\n    },\r\n    \"policyRule\": {\r\n      \"if\": {\r\n        \"source\": \"action\",\r\n        \"equals\": \"Microsoft.Resources/Subscriptions/ResourceGroups/write\"\r\n      },\r\n      \"then\": {\r\n        \"effect\": \"deny\"\r\n      }\r\n    }\r\n  },\r\n  \"id\": \"/providers/Microsoft.Management/managementGroups/AzGovTest7/providers/Microsoft.Authorization/policyDefinitions/ps468\",\r\n  \"type\": \"Microsoft.Authorization/policyDefinitions\",\r\n  \"name\": \"ps468\"\r\n}",
      "StatusCode": 201
    },
    {
      "RequestUri": "/providers/Microsoft.Management/managementGroups/AzGovTest7/providers/Microsoft.Authorization/policydefinitions/ps468?api-version=2019-01-01",
      "EncodedRequestUri": "L3Byb3ZpZGVycy9NaWNyb3NvZnQuTWFuYWdlbWVudC9tYW5hZ2VtZW50R3JvdXBzL0F6R292VGVzdDcvcHJvdmlkZXJzL01pY3Jvc29mdC5BdXRob3JpemF0aW9uL3BvbGljeWRlZmluaXRpb25zL3BzNDY4P2FwaS12ZXJzaW9uPTIwMTktMDEtMDE=",
      "RequestMethod": "PUT",
      "RequestBody": "{\r\n  \"name\": \"ps468\",\r\n  \"properties\": {\r\n    \"description\": \"Updated Unit test junk: sorry for littering. Please delete me!\",\r\n    \"displayName\": \"testDisplay\",\r\n    \"policyRule\": {\r\n      \"if\": {\r\n        \"source\": \"action\",\r\n        \"equals\": \"Microsoft.Resources/Subscriptions/ResourceGroups/write\"\r\n      },\r\n      \"then\": {\r\n        \"effect\": \"deny\"\r\n      }\r\n    },\r\n    \"metadata\": {\r\n      \"testName\": \"testValue\"\r\n    },\r\n    \"mode\": \"Indexed\"\r\n  }\r\n}",
      "RequestHeaders": {
        "User-Agent": [
          "AzurePowershell/v1.0.0",
          "PSVersion/v6.1.0"
        ],
        "ParameterSetName": [
          "ManagementGroupNameParameterSet"
        ],
        "CommandName": [
          "Set-AzPolicyDefinition"
        ],
        "Content-Type": [
          "application/json; charset=utf-8"
        ],
        "Content-Length": [
          "461"
        ]
      },
      "ResponseHeaders": {
        "Cache-Control": [
          "no-cache"
        ],
        "Pragma": [
          "no-cache"
        ],
        "x-ms-request-id": [
          "westus:b8ac2daf-f566-4072-8235-3cbfd24de8df"
        ],
        "x-ms-ratelimit-remaining-tenant-writes": [
          "1199"
        ],
        "x-ms-correlation-request-id": [
          "5cd2a746-75ee-4872-a845-d67d22d24236"
        ],
        "x-ms-routing-request-id": [
          "WESTUS:20190904T191049Z:5cd2a746-75ee-4872-a845-d67d22d24236"
        ],
        "Strict-Transport-Security": [
          "max-age=31536000; includeSubDomains"
        ],
        "X-Content-Type-Options": [
          "nosniff"
        ],
        "Date": [
          "Wed, 04 Sep 2019 19:10:48 GMT"
        ],
        "Content-Length": [
          "708"
        ],
        "Content-Type": [
          "application/json; charset=utf-8"
        ],
        "Expires": [
          "-1"
        ],
        "Retry-After": [
          "0"
        ]
      },
      "ResponseBody": "{\r\n  \"properties\": {\r\n    \"displayName\": \"testDisplay\",\r\n    \"policyType\": \"Custom\",\r\n    \"mode\": \"Indexed\",\r\n    \"description\": \"Updated Unit test junk: sorry for littering. Please delete me!\",\r\n    \"metadata\": {\r\n      \"testName\": \"testValue\",\r\n      \"createdBy\": \"01b8db7b-fc40-494b-8b19-20127488a03d\",\r\n      \"createdOn\": \"2019-09-04T19:08:01.9524183Z\",\r\n      \"updatedBy\": \"01b8db7b-fc40-494b-8b19-20127488a03d\",\r\n      \"updatedOn\": \"2019-09-04T19:10:48.9371269Z\"\r\n    },\r\n    \"policyRule\": {\r\n      \"if\": {\r\n        \"source\": \"action\",\r\n        \"equals\": \"Microsoft.Resources/Subscriptions/ResourceGroups/write\"\r\n      },\r\n      \"then\": {\r\n        \"effect\": \"deny\"\r\n      }\r\n    }\r\n  },\r\n  \"id\": \"/providers/Microsoft.Management/managementGroups/AzGovTest7/providers/Microsoft.Authorization/policyDefinitions/ps468\",\r\n  \"type\": \"Microsoft.Authorization/policyDefinitions\",\r\n  \"name\": \"ps468\"\r\n}",
      "StatusCode": 201
    },
    {
      "RequestUri": "/providers/Microsoft.Management/managementGroups/AzGovTest7/providers/Microsoft.Authorization/policydefinitions/ps468?api-version=2019-01-01",
      "EncodedRequestUri": "L3Byb3ZpZGVycy9NaWNyb3NvZnQuTWFuYWdlbWVudC9tYW5hZ2VtZW50R3JvdXBzL0F6R292VGVzdDcvcHJvdmlkZXJzL01pY3Jvc29mdC5BdXRob3JpemF0aW9uL3BvbGljeWRlZmluaXRpb25zL3BzNDY4P2FwaS12ZXJzaW9uPTIwMTktMDEtMDE=",
      "RequestMethod": "GET",
      "RequestBody": "",
      "RequestHeaders": {
        "User-Agent": [
          "AzurePowershell/v1.0.0",
          "PSVersion/v6.1.0"
        ],
        "ParameterSetName": [
          "ManagementGroupNameParameterSet"
        ],
        "CommandName": [
          "Get-AzPolicyDefinition"
        ]
      },
      "ResponseHeaders": {
        "Cache-Control": [
          "no-cache"
        ],
        "Pragma": [
          "no-cache"
        ],
        "Vary": [
          "Accept-Encoding"
        ],
        "x-ms-ratelimit-remaining-tenant-reads": [
          "11999"
        ],
        "x-ms-request-id": [
          "westus:3f6fa336-5f55-4e5f-9e71-eaa565a7999d"
        ],
        "x-ms-correlation-request-id": [
          "28e15031-a543-4eb7-8034-827619fcc693"
        ],
        "x-ms-routing-request-id": [
          "WESTUS:20190904T190803Z:28e15031-a543-4eb7-8034-827619fcc693"
        ],
        "Strict-Transport-Security": [
          "max-age=31536000; includeSubDomains"
        ],
        "X-Content-Type-Options": [
          "nosniff"
        ],
        "Date": [
          "Wed, 04 Sep 2019 19:08:02 GMT"
        ],
        "Content-Length": [
          "585"
        ],
        "Content-Type": [
          "application/json; charset=utf-8"
        ],
        "Expires": [
          "-1"
        ],
        "Retry-After": [
          "0"
        ]
      },
      "ResponseBody": "{\r\n  \"properties\": {\r\n    \"policyType\": \"Custom\",\r\n    \"mode\": \"All\",\r\n    \"description\": \"Unit test junk: sorry for littering. Please delete me!\",\r\n    \"metadata\": {\r\n      \"createdBy\": \"01b8db7b-fc40-494b-8b19-20127488a03d\",\r\n      \"createdOn\": \"2019-09-04T19:08:01.9524183Z\",\r\n      \"updatedBy\": null,\r\n      \"updatedOn\": null\r\n    },\r\n    \"policyRule\": {\r\n      \"if\": {\r\n        \"source\": \"action\",\r\n        \"equals\": \"Microsoft.Resources/Subscriptions/ResourceGroups/write\"\r\n      },\r\n      \"then\": {\r\n        \"effect\": \"deny\"\r\n      }\r\n    }\r\n  },\r\n  \"id\": \"/providers/Microsoft.Management/managementGroups/AzGovTest7/providers/Microsoft.Authorization/policyDefinitions/ps468\",\r\n  \"type\": \"Microsoft.Authorization/policyDefinitions\",\r\n  \"name\": \"ps468\"\r\n}",
      "StatusCode": 200
    },
    {
      "RequestUri": "/providers/Microsoft.Management/managementGroups/AzGovTest7/providers/Microsoft.Authorization/policydefinitions/ps468?api-version=2019-01-01",
      "EncodedRequestUri": "L3Byb3ZpZGVycy9NaWNyb3NvZnQuTWFuYWdlbWVudC9tYW5hZ2VtZW50R3JvdXBzL0F6R292VGVzdDcvcHJvdmlkZXJzL01pY3Jvc29mdC5BdXRob3JpemF0aW9uL3BvbGljeWRlZmluaXRpb25zL3BzNDY4P2FwaS12ZXJzaW9uPTIwMTktMDEtMDE=",
      "RequestMethod": "GET",
      "RequestBody": "",
      "RequestHeaders": {
        "User-Agent": [
          "AzurePowershell/v1.0.0",
          "PSVersion/v6.1.0"
        ],
        "ParameterSetName": [
          "ManagementGroupNameParameterSet"
        ],
        "CommandName": [
          "Set-AzPolicyDefinition"
        ]
      },
      "ResponseHeaders": {
        "Cache-Control": [
          "no-cache"
        ],
        "Pragma": [
          "no-cache"
        ],
        "Vary": [
          "Accept-Encoding"
        ],
        "x-ms-ratelimit-remaining-tenant-reads": [
          "11999"
        ],
        "x-ms-request-id": [
          "westus:2ae46603-1962-44bd-a4bc-158e3a527815"
        ],
        "x-ms-correlation-request-id": [
          "de1c351f-f06b-4424-aa12-e95be6f020fc"
        ],
        "x-ms-routing-request-id": [
          "WESTUS:20190904T190803Z:de1c351f-f06b-4424-aa12-e95be6f020fc"
        ],
        "Strict-Transport-Security": [
          "max-age=31536000; includeSubDomains"
        ],
        "X-Content-Type-Options": [
          "nosniff"
        ],
        "Date": [
          "Wed, 04 Sep 2019 19:08:03 GMT"
        ],
        "Content-Length": [
          "585"
        ],
        "Content-Type": [
          "application/json; charset=utf-8"
        ],
        "Expires": [
          "-1"
        ],
        "Retry-After": [
          "0"
        ]
      },
      "ResponseBody": "{\r\n  \"properties\": {\r\n    \"policyType\": \"Custom\",\r\n    \"mode\": \"All\",\r\n    \"description\": \"Unit test junk: sorry for littering. Please delete me!\",\r\n    \"metadata\": {\r\n      \"createdBy\": \"01b8db7b-fc40-494b-8b19-20127488a03d\",\r\n      \"createdOn\": \"2019-09-04T19:08:01.9524183Z\",\r\n      \"updatedBy\": null,\r\n      \"updatedOn\": null\r\n    },\r\n    \"policyRule\": {\r\n      \"if\": {\r\n        \"source\": \"action\",\r\n        \"equals\": \"Microsoft.Resources/Subscriptions/ResourceGroups/write\"\r\n      },\r\n      \"then\": {\r\n        \"effect\": \"deny\"\r\n      }\r\n    }\r\n  },\r\n  \"id\": \"/providers/Microsoft.Management/managementGroups/AzGovTest7/providers/Microsoft.Authorization/policyDefinitions/ps468\",\r\n  \"type\": \"Microsoft.Authorization/policyDefinitions\",\r\n  \"name\": \"ps468\"\r\n}",
      "StatusCode": 200
    },
    {
      "RequestUri": "/providers/Microsoft.Management/managementGroups/AzGovTest7/providers/Microsoft.Authorization/policydefinitions/ps468?api-version=2019-01-01",
      "EncodedRequestUri": "L3Byb3ZpZGVycy9NaWNyb3NvZnQuTWFuYWdlbWVudC9tYW5hZ2VtZW50R3JvdXBzL0F6R292VGVzdDcvcHJvdmlkZXJzL01pY3Jvc29mdC5BdXRob3JpemF0aW9uL3BvbGljeWRlZmluaXRpb25zL3BzNDY4P2FwaS12ZXJzaW9uPTIwMTktMDEtMDE=",
      "RequestMethod": "GET",
      "RequestBody": "",
      "RequestHeaders": {
        "User-Agent": [
          "AzurePowershell/v1.0.0",
          "PSVersion/v6.1.0"
        ],
        "ParameterSetName": [
          "ManagementGroupNameParameterSet"
        ],
        "CommandName": [
          "Get-AzPolicyDefinition"
        ]
      },
      "ResponseHeaders": {
        "Cache-Control": [
          "no-cache"
        ],
        "Pragma": [
          "no-cache"
        ],
        "Vary": [
          "Accept-Encoding"
        ],
        "x-ms-ratelimit-remaining-tenant-reads": [
          "11999"
        ],
        "x-ms-request-id": [
          "westus:f041a3f3-5f11-4f95-938d-f5c312cfccbc"
        ],
        "x-ms-correlation-request-id": [
          "7fc7a0be-2934-4e27-9372-df4c149501fd"
        ],
        "x-ms-routing-request-id": [
          "WESTUS:20190904T190914Z:7fc7a0be-2934-4e27-9372-df4c149501fd"
        ],
        "Strict-Transport-Security": [
          "max-age=31536000; includeSubDomains"
        ],
        "X-Content-Type-Options": [
          "nosniff"
        ],
        "Date": [
          "Wed, 04 Sep 2019 19:09:13 GMT"
        ],
        "Content-Length": [
          "704"
        ],
        "Content-Type": [
          "application/json; charset=utf-8"
        ],
        "Expires": [
          "-1"
        ],
        "Retry-After": [
          "0"
        ]
      },
      "ResponseBody": "{\r\n  \"properties\": {\r\n    \"displayName\": \"testDisplay\",\r\n    \"policyType\": \"Custom\",\r\n    \"mode\": \"All\",\r\n    \"description\": \"Updated Unit test junk: sorry for littering. Please delete me!\",\r\n    \"metadata\": {\r\n      \"testName\": \"testValue\",\r\n      \"createdBy\": \"01b8db7b-fc40-494b-8b19-20127488a03d\",\r\n      \"createdOn\": \"2019-09-04T19:08:01.9524183Z\",\r\n      \"updatedBy\": \"01b8db7b-fc40-494b-8b19-20127488a03d\",\r\n      \"updatedOn\": \"2019-09-04T19:09:13.6609315Z\"\r\n    },\r\n    \"policyRule\": {\r\n      \"if\": {\r\n        \"source\": \"action\",\r\n        \"equals\": \"Microsoft.Resources/Subscriptions/ResourceGroups/write\"\r\n      },\r\n      \"then\": {\r\n        \"effect\": \"deny\"\r\n      }\r\n    }\r\n  },\r\n  \"id\": \"/providers/Microsoft.Management/managementGroups/AzGovTest7/providers/Microsoft.Authorization/policyDefinitions/ps468\",\r\n  \"type\": \"Microsoft.Authorization/policyDefinitions\",\r\n  \"name\": \"ps468\"\r\n}",
      "StatusCode": 200
    },
    {
      "RequestUri": "/providers/Microsoft.Management/managementGroups/AzGovTest7/providers/Microsoft.Authorization/policydefinitions/ps468?api-version=2019-01-01",
      "EncodedRequestUri": "L3Byb3ZpZGVycy9NaWNyb3NvZnQuTWFuYWdlbWVudC9tYW5hZ2VtZW50R3JvdXBzL0F6R292VGVzdDcvcHJvdmlkZXJzL01pY3Jvc29mdC5BdXRob3JpemF0aW9uL3BvbGljeWRlZmluaXRpb25zL3BzNDY4P2FwaS12ZXJzaW9uPTIwMTktMDEtMDE=",
      "RequestMethod": "GET",
      "RequestBody": "",
      "RequestHeaders": {
        "User-Agent": [
          "AzurePowershell/v1.0.0",
          "PSVersion/v6.1.0"
        ],
        "ParameterSetName": [
          "ManagementGroupNameParameterSet"
        ],
        "CommandName": [
          "Set-AzPolicyDefinition"
        ]
      },
      "ResponseHeaders": {
        "Cache-Control": [
          "no-cache"
        ],
        "Pragma": [
          "no-cache"
        ],
        "Vary": [
          "Accept-Encoding"
        ],
        "x-ms-ratelimit-remaining-tenant-reads": [
          "11999"
        ],
        "x-ms-request-id": [
          "westus:d77e8918-9ed6-49d0-b1be-efed3f10d796"
        ],
        "x-ms-correlation-request-id": [
          "094ead92-aed6-42d0-9167-c09c3f4382f6"
        ],
        "x-ms-routing-request-id": [
          "WESTUS:20190904T190914Z:094ead92-aed6-42d0-9167-c09c3f4382f6"
        ],
        "Strict-Transport-Security": [
          "max-age=31536000; includeSubDomains"
        ],
        "X-Content-Type-Options": [
          "nosniff"
        ],
        "Date": [
          "Wed, 04 Sep 2019 19:09:14 GMT"
        ],
        "Content-Length": [
          "704"
        ],
        "Content-Type": [
          "application/json; charset=utf-8"
        ],
        "Expires": [
          "-1"
        ],
        "Retry-After": [
          "0"
        ]
      },
      "ResponseBody": "{\r\n  \"properties\": {\r\n    \"displayName\": \"testDisplay\",\r\n    \"policyType\": \"Custom\",\r\n    \"mode\": \"All\",\r\n    \"description\": \"Updated Unit test junk: sorry for littering. Please delete me!\",\r\n    \"metadata\": {\r\n      \"testName\": \"testValue\",\r\n      \"createdBy\": \"01b8db7b-fc40-494b-8b19-20127488a03d\",\r\n      \"createdOn\": \"2019-09-04T19:08:01.9524183Z\",\r\n      \"updatedBy\": \"01b8db7b-fc40-494b-8b19-20127488a03d\",\r\n      \"updatedOn\": \"2019-09-04T19:09:13.6609315Z\"\r\n    },\r\n    \"policyRule\": {\r\n      \"if\": {\r\n        \"source\": \"action\",\r\n        \"equals\": \"Microsoft.Resources/Subscriptions/ResourceGroups/write\"\r\n      },\r\n      \"then\": {\r\n        \"effect\": \"deny\"\r\n      }\r\n    }\r\n  },\r\n  \"id\": \"/providers/Microsoft.Management/managementGroups/AzGovTest7/providers/Microsoft.Authorization/policyDefinitions/ps468\",\r\n  \"type\": \"Microsoft.Authorization/policyDefinitions\",\r\n  \"name\": \"ps468\"\r\n}",
      "StatusCode": 200
    },
    {
      "RequestUri": "/providers/Microsoft.Management/managementGroups/AzGovTest7/providers/Microsoft.Authorization/policydefinitions/ps468?api-version=2019-01-01",
      "EncodedRequestUri": "L3Byb3ZpZGVycy9NaWNyb3NvZnQuTWFuYWdlbWVudC9tYW5hZ2VtZW50R3JvdXBzL0F6R292VGVzdDcvcHJvdmlkZXJzL01pY3Jvc29mdC5BdXRob3JpemF0aW9uL3BvbGljeWRlZmluaXRpb25zL3BzNDY4P2FwaS12ZXJzaW9uPTIwMTktMDEtMDE=",
      "RequestMethod": "GET",
      "RequestBody": "",
      "RequestHeaders": {
        "User-Agent": [
          "AzurePowershell/v1.0.0",
          "PSVersion/v6.1.0"
        ],
        "ParameterSetName": [
          "ManagementGroupNameParameterSet"
        ],
        "CommandName": [
          "Get-AzPolicyDefinition"
        ]
      },
      "ResponseHeaders": {
        "Cache-Control": [
          "no-cache"
        ],
        "Pragma": [
          "no-cache"
        ],
        "Vary": [
          "Accept-Encoding"
        ],
        "x-ms-correlation-request-id": [
          "3e32f74a-f2b5-4502-8ed2-ddaa60597909"
        ],
        "x-ms-request-id": [
          "westus:4dbcca74-a89f-4b18-a396-6a0463450f44"
        ],
        "x-ms-ratelimit-remaining-tenant-reads": [
          "11999"
        ],
        "x-ms-routing-request-id": [
          "WESTUS:20190904T191048Z:3e32f74a-f2b5-4502-8ed2-ddaa60597909"
        ],
        "Strict-Transport-Security": [
          "max-age=31536000; includeSubDomains"
        ],
        "X-Content-Type-Options": [
          "nosniff"
        ],
        "Date": [
          "Wed, 04 Sep 2019 19:10:47 GMT"
        ],
        "Content-Length": [
          "703"
        ],
        "Content-Type": [
          "application/json; charset=utf-8"
        ],
        "Expires": [
          "-1"
        ],
        "Retry-After": [
          "0"
        ]
      },
      "ResponseBody": "{\r\n  \"properties\": {\r\n    \"displayName\": \"testDisplay\",\r\n    \"policyType\": \"Custom\",\r\n    \"mode\": \"All\",\r\n    \"description\": \"Updated Unit test junk: sorry for littering. Please delete me!\",\r\n    \"metadata\": {\r\n      \"testName\": \"testValue\",\r\n      \"createdBy\": \"01b8db7b-fc40-494b-8b19-20127488a03d\",\r\n      \"createdOn\": \"2019-09-04T19:08:01.9524183Z\",\r\n      \"updatedBy\": \"01b8db7b-fc40-494b-8b19-20127488a03d\",\r\n      \"updatedOn\": \"2019-09-04T19:10:47.743846Z\"\r\n    },\r\n    \"policyRule\": {\r\n      \"if\": {\r\n        \"source\": \"action\",\r\n        \"equals\": \"Microsoft.Resources/Subscriptions/ResourceGroups/write\"\r\n      },\r\n      \"then\": {\r\n        \"effect\": \"deny\"\r\n      }\r\n    }\r\n  },\r\n  \"id\": \"/providers/Microsoft.Management/managementGroups/AzGovTest7/providers/Microsoft.Authorization/policyDefinitions/ps468\",\r\n  \"type\": \"Microsoft.Authorization/policyDefinitions\",\r\n  \"name\": \"ps468\"\r\n}",
      "StatusCode": 200
    },
    {
      "RequestUri": "/providers/Microsoft.Management/managementGroups/AzGovTest7/providers/Microsoft.Authorization/policydefinitions/ps468?api-version=2019-01-01",
      "EncodedRequestUri": "L3Byb3ZpZGVycy9NaWNyb3NvZnQuTWFuYWdlbWVudC9tYW5hZ2VtZW50R3JvdXBzL0F6R292VGVzdDcvcHJvdmlkZXJzL01pY3Jvc29mdC5BdXRob3JpemF0aW9uL3BvbGljeWRlZmluaXRpb25zL3BzNDY4P2FwaS12ZXJzaW9uPTIwMTktMDEtMDE=",
      "RequestMethod": "GET",
      "RequestBody": "",
      "RequestHeaders": {
        "User-Agent": [
          "AzurePowershell/v1.0.0",
          "PSVersion/v6.1.0"
        ],
        "ParameterSetName": [
          "ManagementGroupNameParameterSet"
        ],
        "CommandName": [
          "Set-AzPolicyDefinition"
        ]
      },
      "ResponseHeaders": {
        "Cache-Control": [
          "no-cache"
        ],
        "Pragma": [
          "no-cache"
        ],
        "Vary": [
          "Accept-Encoding"
        ],
        "x-ms-ratelimit-remaining-tenant-reads": [
          "11999"
        ],
        "x-ms-request-id": [
          "westus:1f8c02b9-843a-406d-bfcf-12b470157e8a"
        ],
        "x-ms-correlation-request-id": [
          "0b54705e-1065-4d15-ab35-d939d536c955"
        ],
        "x-ms-routing-request-id": [
          "WESTUS:20190904T191048Z:0b54705e-1065-4d15-ab35-d939d536c955"
        ],
        "Strict-Transport-Security": [
          "max-age=31536000; includeSubDomains"
        ],
        "X-Content-Type-Options": [
          "nosniff"
        ],
        "Date": [
          "Wed, 04 Sep 2019 19:10:47 GMT"
        ],
        "Content-Length": [
          "703"
        ],
        "Content-Type": [
          "application/json; charset=utf-8"
        ],
        "Expires": [
          "-1"
        ],
        "Retry-After": [
          "0"
        ]
      },
      "ResponseBody": "{\r\n  \"properties\": {\r\n    \"displayName\": \"testDisplay\",\r\n    \"policyType\": \"Custom\",\r\n    \"mode\": \"All\",\r\n    \"description\": \"Updated Unit test junk: sorry for littering. Please delete me!\",\r\n    \"metadata\": {\r\n      \"testName\": \"testValue\",\r\n      \"createdBy\": \"01b8db7b-fc40-494b-8b19-20127488a03d\",\r\n      \"createdOn\": \"2019-09-04T19:08:01.9524183Z\",\r\n      \"updatedBy\": \"01b8db7b-fc40-494b-8b19-20127488a03d\",\r\n      \"updatedOn\": \"2019-09-04T19:10:47.743846Z\"\r\n    },\r\n    \"policyRule\": {\r\n      \"if\": {\r\n        \"source\": \"action\",\r\n        \"equals\": \"Microsoft.Resources/Subscriptions/ResourceGroups/write\"\r\n      },\r\n      \"then\": {\r\n        \"effect\": \"deny\"\r\n      }\r\n    }\r\n  },\r\n  \"id\": \"/providers/Microsoft.Management/managementGroups/AzGovTest7/providers/Microsoft.Authorization/policyDefinitions/ps468\",\r\n  \"type\": \"Microsoft.Authorization/policyDefinitions\",\r\n  \"name\": \"ps468\"\r\n}",
      "StatusCode": 200
    },
    {
      "RequestUri": "/providers/Microsoft.Management/managementGroups/AzGovTest7/providers/Microsoft.Authorization/policydefinitions/ps468?api-version=2019-01-01",
      "EncodedRequestUri": "L3Byb3ZpZGVycy9NaWNyb3NvZnQuTWFuYWdlbWVudC9tYW5hZ2VtZW50R3JvdXBzL0F6R292VGVzdDcvcHJvdmlkZXJzL01pY3Jvc29mdC5BdXRob3JpemF0aW9uL3BvbGljeWRlZmluaXRpb25zL3BzNDY4P2FwaS12ZXJzaW9uPTIwMTktMDEtMDE=",
      "RequestMethod": "GET",
      "RequestBody": "",
      "RequestHeaders": {
        "User-Agent": [
          "AzurePowershell/v1.0.0",
          "PSVersion/v6.1.0"
        ],
        "ParameterSetName": [
          "ManagementGroupNameParameterSet"
        ],
        "CommandName": [
          "Get-AzPolicyDefinition"
        ]
      },
      "ResponseHeaders": {
        "Cache-Control": [
          "no-cache"
        ],
        "Pragma": [
          "no-cache"
        ],
        "Vary": [
          "Accept-Encoding"
        ],
        "x-ms-ratelimit-remaining-tenant-reads": [
          "11999"
        ],
        "x-ms-request-id": [
          "westus:839ab017-9158-499f-a6f6-a81b8115b3af"
        ],
        "x-ms-correlation-request-id": [
          "8c6f468f-2ea0-4a99-9334-0c66e7f1c9b1"
        ],
        "x-ms-routing-request-id": [
          "WESTUS:20190904T191049Z:8c6f468f-2ea0-4a99-9334-0c66e7f1c9b1"
        ],
        "Strict-Transport-Security": [
          "max-age=31536000; includeSubDomains"
        ],
        "X-Content-Type-Options": [
          "nosniff"
        ],
        "Date": [
          "Wed, 04 Sep 2019 19:10:48 GMT"
        ],
        "Content-Length": [
          "708"
        ],
        "Content-Type": [
          "application/json; charset=utf-8"
        ],
        "Expires": [
          "-1"
        ],
        "Retry-After": [
          "0"
        ]
      },
      "ResponseBody": "{\r\n  \"properties\": {\r\n    \"displayName\": \"testDisplay\",\r\n    \"policyType\": \"Custom\",\r\n    \"mode\": \"Indexed\",\r\n    \"description\": \"Updated Unit test junk: sorry for littering. Please delete me!\",\r\n    \"metadata\": {\r\n      \"testName\": \"testValue\",\r\n      \"createdBy\": \"01b8db7b-fc40-494b-8b19-20127488a03d\",\r\n      \"createdOn\": \"2019-09-04T19:08:01.9524183Z\",\r\n      \"updatedBy\": \"01b8db7b-fc40-494b-8b19-20127488a03d\",\r\n      \"updatedOn\": \"2019-09-04T19:10:48.9371269Z\"\r\n    },\r\n    \"policyRule\": {\r\n      \"if\": {\r\n        \"source\": \"action\",\r\n        \"equals\": \"Microsoft.Resources/Subscriptions/ResourceGroups/write\"\r\n      },\r\n      \"then\": {\r\n        \"effect\": \"deny\"\r\n      }\r\n    }\r\n  },\r\n  \"id\": \"/providers/Microsoft.Management/managementGroups/AzGovTest7/providers/Microsoft.Authorization/policyDefinitions/ps468\",\r\n  \"type\": \"Microsoft.Authorization/policyDefinitions\",\r\n  \"name\": \"ps468\"\r\n}",
      "StatusCode": 200
    },
    {
      "RequestUri": "/providers/Microsoft.Management/managementGroups/AzGovTest7/providers/Microsoft.Authorization/policydefinitions/ps468?api-version=2019-01-01",
      "EncodedRequestUri": "L3Byb3ZpZGVycy9NaWNyb3NvZnQuTWFuYWdlbWVudC9tYW5hZ2VtZW50R3JvdXBzL0F6R292VGVzdDcvcHJvdmlkZXJzL01pY3Jvc29mdC5BdXRob3JpemF0aW9uL3BvbGljeWRlZmluaXRpb25zL3BzNDY4P2FwaS12ZXJzaW9uPTIwMTktMDEtMDE=",
      "RequestMethod": "DELETE",
      "RequestBody": "",
      "RequestHeaders": {
        "User-Agent": [
          "AzurePowershell/v1.0.0",
          "PSVersion/v6.1.0"
        ],
        "ParameterSetName": [
          "ManagementGroupNameParameterSet"
        ],
        "CommandName": [
          "Remove-AzPolicyDefinition"
        ]
      },
      "ResponseHeaders": {
        "Cache-Control": [
          "no-cache"
        ],
        "Pragma": [
          "no-cache"
        ],
        "Vary": [
          "Accept-Encoding"
        ],
        "x-ms-ratelimit-remaining-tenant-deletes": [
          "14999"
        ],
        "x-ms-request-id": [
          "westus:3be454b4-e945-41f3-aa2a-144398c3335b"
        ],
        "x-ms-correlation-request-id": [
          "534f1d51-89fd-4a36-b4b7-be6a5007ecb2"
        ],
        "x-ms-routing-request-id": [
          "WESTUS:20190904T191049Z:534f1d51-89fd-4a36-b4b7-be6a5007ecb2"
        ],
        "Strict-Transport-Security": [
          "max-age=31536000; includeSubDomains"
        ],
        "X-Content-Type-Options": [
          "nosniff"
        ],
        "Date": [
          "Wed, 04 Sep 2019 19:10:49 GMT"
        ],
        "Content-Length": [
          "708"
        ],
        "Content-Type": [
          "application/json; charset=utf-8"
        ],
        "Expires": [
          "-1"
        ],
        "Retry-After": [
          "0"
        ]
      },
      "ResponseBody": "{\r\n  \"properties\": {\r\n    \"displayName\": \"testDisplay\",\r\n    \"policyType\": \"Custom\",\r\n    \"mode\": \"Indexed\",\r\n    \"description\": \"Updated Unit test junk: sorry for littering. Please delete me!\",\r\n    \"metadata\": {\r\n      \"testName\": \"testValue\",\r\n      \"createdBy\": \"01b8db7b-fc40-494b-8b19-20127488a03d\",\r\n      \"createdOn\": \"2019-09-04T19:08:01.9524183Z\",\r\n      \"updatedBy\": \"01b8db7b-fc40-494b-8b19-20127488a03d\",\r\n      \"updatedOn\": \"2019-09-04T19:10:48.9371269Z\"\r\n    },\r\n    \"policyRule\": {\r\n      \"if\": {\r\n        \"source\": \"action\",\r\n        \"equals\": \"Microsoft.Resources/Subscriptions/ResourceGroups/write\"\r\n      },\r\n      \"then\": {\r\n        \"effect\": \"deny\"\r\n      }\r\n    }\r\n  },\r\n  \"id\": \"/providers/Microsoft.Management/managementGroups/AzGovTest7/providers/Microsoft.Authorization/policyDefinitions/ps468\",\r\n  \"type\": \"Microsoft.Authorization/policyDefinitions\",\r\n  \"name\": \"ps468\"\r\n}",
      "StatusCode": 200
    }
  ],
  "Names": {
    "Test-PolicyDefinitionMode": [
      "ps468"
    ]
  },
  "Variables": {
    "SubscriptionId": "89ec4d1d-dcc7-4a3f-a701-0a5d074c8505"
  }
}