{
  "Entries": [
    {
<<<<<<< HEAD
      "RequestUri": "/Subscriptions/e78961ba-36fe-4739-9212-e3031b4c8db7/providers/Microsoft.Authorization/policyassignments?$filter=atScope()&api-version=2019-01-01",
      "EncodedRequestUri": "L1N1YnNjcmlwdGlvbnMvZTc4OTYxYmEtMzZmZS00NzM5LTkyMTItZTMwMzFiNGM4ZGI3L3Byb3ZpZGVycy9NaWNyb3NvZnQuQXV0aG9yaXphdGlvbi9wb2xpY3lhc3NpZ25tZW50cz8kZmlsdGVyPWF0U2NvcGUoKSZhcGktdmVyc2lvbj0yMDE5LTAxLTAx",
=======
      "RequestUri": "/Subscriptions/f67cc918-f64f-4c3f-aa24-a855465f9d41/providers/Microsoft.Authorization/policyassignments?$filter=atScope()&api-version=2019-09-01",
      "EncodedRequestUri": "L1N1YnNjcmlwdGlvbnMvZjY3Y2M5MTgtZjY0Zi00YzNmLWFhMjQtYTg1NTQ2NWY5ZDQxL3Byb3ZpZGVycy9NaWNyb3NvZnQuQXV0aG9yaXphdGlvbi9wb2xpY3lhc3NpZ25tZW50cz8kZmlsdGVyPWF0U2NvcGUoKSZhcGktdmVyc2lvbj0yMDE5LTA5LTAx",
>>>>>>> d78b04a5306127f583235b13752c48d4f7d1289a
      "RequestMethod": "GET",
      "RequestBody": "",
      "RequestHeaders": {
        "User-Agent": [
          "AzurePowershell/v1.0.0",
<<<<<<< HEAD
          "PSVersion/v6.1.0"
=======
          "PSVersion/v6.2.3"
>>>>>>> d78b04a5306127f583235b13752c48d4f7d1289a
        ],
        "ParameterSetName": [
          "DefaultParameterSet"
        ],
        "CommandName": [
          "Get-AzPolicyAssignment"
        ]
      },
      "ResponseHeaders": {
        "Cache-Control": [
          "no-cache"
        ],
        "Pragma": [
          "no-cache"
        ],
        "Vary": [
          "Accept-Encoding"
        ],
        "x-ms-request-id": [
<<<<<<< HEAD
          "westus:53bd5b94-2cf2-4b0d-ad93-f9a1057f1206"
        ],
        "x-ms-ratelimit-remaining-subscription-reads": [
          "11992"
        ],
        "x-ms-correlation-request-id": [
          "d225cdd1-c4f8-4a44-bdbe-d97d88b422d3"
        ],
        "x-ms-routing-request-id": [
          "WESTUS:20190715T205536Z:d225cdd1-c4f8-4a44-bdbe-d97d88b422d3"
=======
          "westus:01d15410-cdc5-4dea-8db0-0f649facacad"
        ],
        "x-ms-ratelimit-remaining-subscription-reads": [
          "11995"
        ],
        "x-ms-correlation-request-id": [
          "8e5b51f0-27df-449d-9e05-d54119529adc"
        ],
        "x-ms-routing-request-id": [
          "WESTUS:20191202T223833Z:8e5b51f0-27df-449d-9e05-d54119529adc"
>>>>>>> d78b04a5306127f583235b13752c48d4f7d1289a
        ],
        "Strict-Transport-Security": [
          "max-age=31536000; includeSubDomains"
        ],
        "X-Content-Type-Options": [
          "nosniff"
        ],
        "Date": [
<<<<<<< HEAD
          "Mon, 15 Jul 2019 20:55:36 GMT"
        ],
        "Content-Length": [
          "6489"
=======
          "Mon, 02 Dec 2019 22:38:32 GMT"
        ],
        "Content-Length": [
          "10632"
>>>>>>> d78b04a5306127f583235b13752c48d4f7d1289a
        ],
        "Content-Type": [
          "application/json; charset=utf-8"
        ],
        "Expires": [
          "-1"
        ],
        "Retry-After": [
          "0"
        ]
      },
<<<<<<< HEAD
      "ResponseBody": "{\r\n  \"value\": [\r\n    {\r\n      \"sku\": {\r\n        \"name\": \"A0\",\r\n        \"tier\": \"Free\"\r\n      },\r\n      \"properties\": {\r\n        \"displayName\": \"[Preview]: Enable Monitoring in Azure Security Center\",\r\n        \"policyDefinitionId\": \"/providers/Microsoft.Authorization/policySetDefinitions/1f3afdf9-d0c9-4c3d-847f-89da613e70a8\",\r\n        \"scope\": \"/subscriptions/e78961ba-36fe-4739-9212-e3031b4c8db7\",\r\n        \"notScopes\": [],\r\n        \"parameters\": {},\r\n        \"metadata\": {\r\n          \"assignedBy\": \"Sandip Shahane\",\r\n          \"parameterScopes\": {}\r\n        }\r\n      },\r\n      \"id\": \"/subscriptions/e78961ba-36fe-4739-9212-e3031b4c8db7/providers/Microsoft.Authorization/policyAssignments/1e4e70f9cd4846268b6998ee\",\r\n      \"type\": \"Microsoft.Authorization/policyAssignments\",\r\n      \"name\": \"1e4e70f9cd4846268b6998ee\",\r\n      \"location\": \"eastus\"\r\n    },\r\n    {\r\n      \"sku\": {\r\n        \"name\": \"A0\",\r\n        \"tier\": \"Free\"\r\n      },\r\n      \"properties\": {\r\n        \"displayName\": \"VMs with no Managed Disk\",\r\n        \"policyDefinitionId\": \"/subscriptions/e78961ba-36fe-4739-9212-e3031b4c8db7/providers/Microsoft.Authorization/policyDefinitions/95696b24-404f-4376-a9a6-7fa8ba91e4d5\",\r\n        \"scope\": \"/subscriptions/e78961ba-36fe-4739-9212-e3031b4c8db7\",\r\n        \"notScopes\": [],\r\n        \"parameters\": {},\r\n        \"metadata\": {\r\n          \"assignedBy\": \"Tigran Shahbazian\",\r\n          \"parameterScopes\": {}\r\n        }\r\n      },\r\n      \"id\": \"/subscriptions/e78961ba-36fe-4739-9212-e3031b4c8db7/providers/Microsoft.Authorization/policyAssignments/21e5086343384f34a3b2d10b\",\r\n      \"type\": \"Microsoft.Authorization/policyAssignments\",\r\n      \"name\": \"21e5086343384f34a3b2d10b\"\r\n    },\r\n    {\r\n      \"sku\": {\r\n        \"name\": \"A0\",\r\n        \"tier\": \"Free\"\r\n      },\r\n      \"properties\": {\r\n        \"displayName\": \"Audit unrestricted network access to storage accounts\",\r\n        \"policyDefinitionId\": \"/providers/Microsoft.Authorization/policyDefinitions/34c877ad-507e-4c82-993e-3452a6e0ad3c\",\r\n        \"scope\": \"/subscriptions/e78961ba-36fe-4739-9212-e3031b4c8db7\",\r\n        \"notScopes\": [],\r\n        \"parameters\": {},\r\n        \"metadata\": {\r\n          \"assignedBy\": \"Sandip Shahane\",\r\n          \"parameterScopes\": {}\r\n        }\r\n      },\r\n      \"id\": \"/subscriptions/e78961ba-36fe-4739-9212-e3031b4c8db7/providers/Microsoft.Authorization/policyAssignments/4d31128e32d04a0098fd536e\",\r\n      \"type\": \"Microsoft.Authorization/policyAssignments\",\r\n      \"name\": \"4d31128e32d04a0098fd536e\",\r\n      \"location\": \"eastus\"\r\n    },\r\n    {\r\n      \"sku\": {\r\n        \"name\": \"A0\",\r\n        \"tier\": \"Free\"\r\n      },\r\n      \"properties\": {\r\n        \"displayName\": \"[Preview]: Enable Monitoring in Azure Security Center\",\r\n        \"policyDefinitionId\": \"/providers/Microsoft.Authorization/policySetDefinitions/1f3afdf9-d0c9-4c3d-847f-89da613e70a8\",\r\n        \"scope\": \"/subscriptions/e78961ba-36fe-4739-9212-e3031b4c8db7\",\r\n        \"notScopes\": [],\r\n        \"parameters\": {},\r\n        \"metadata\": {\r\n          \"assignedBy\": \"Sandip Shahane\",\r\n          \"parameterScopes\": {}\r\n        }\r\n      },\r\n      \"id\": \"/subscriptions/e78961ba-36fe-4739-9212-e3031b4c8db7/providers/Microsoft.Authorization/policyAssignments/4e4179ff39194a62bad4ef3e\",\r\n      \"type\": \"Microsoft.Authorization/policyAssignments\",\r\n      \"name\": \"4e4179ff39194a62bad4ef3e\",\r\n      \"location\": \"eastus\"\r\n    },\r\n    {\r\n      \"sku\": {\r\n        \"name\": \"A0\",\r\n        \"tier\": \"Free\"\r\n      },\r\n      \"properties\": {\r\n        \"displayName\": \"[Preview]: Audit missing blob encryption for storage accounts\",\r\n        \"policyDefinitionId\": \"/providers/Microsoft.Authorization/policyDefinitions/655cb504-bcee-4362-bd4c-402e6aa38759\",\r\n        \"scope\": \"/subscriptions/e78961ba-36fe-4739-9212-e3031b4c8db7\",\r\n        \"notScopes\": [],\r\n        \"parameters\": {},\r\n        \"metadata\": {\r\n          \"assignedBy\": \"Sandip Shahane\",\r\n          \"parameterScopes\": {}\r\n        }\r\n      },\r\n      \"id\": \"/subscriptions/e78961ba-36fe-4739-9212-e3031b4c8db7/providers/Microsoft.Authorization/policyAssignments/5e9286a7cef840afb36b18a7\",\r\n      \"type\": \"Microsoft.Authorization/policyAssignments\",\r\n      \"name\": \"5e9286a7cef840afb36b18a7\",\r\n      \"location\": \"eastus\"\r\n    },\r\n    {\r\n      \"sku\": {\r\n        \"name\": \"A0\",\r\n        \"tier\": \"Free\"\r\n      },\r\n      \"properties\": {\r\n        \"displayName\": \"[Preview]: Enable Monitoring in Azure Security Center\",\r\n        \"policyDefinitionId\": \"/providers/Microsoft.Authorization/policySetDefinitions/1f3afdf9-d0c9-4c3d-847f-89da613e70a8\",\r\n        \"scope\": \"/subscriptions/e78961ba-36fe-4739-9212-e3031b4c8db7\",\r\n        \"notScopes\": [],\r\n        \"parameters\": {},\r\n        \"metadata\": {\r\n          \"assignedBy\": \"Rohit Bhardwaj\",\r\n          \"parameterScopes\": {},\r\n          \"createdBy\": \"22ac4b8c-9194-4feb-b6c6-0e7a995fca2e\",\r\n          \"createdOn\": \"2019-05-01T00:17:00.0617598Z\",\r\n          \"updatedBy\": null,\r\n          \"updatedOn\": null\r\n        }\r\n      },\r\n      \"id\": \"/subscriptions/e78961ba-36fe-4739-9212-e3031b4c8db7/providers/Microsoft.Authorization/policyAssignments/d58dea05c8704a33b6c8e43e\",\r\n      \"type\": \"Microsoft.Authorization/policyAssignments\",\r\n      \"name\": \"d58dea05c8704a33b6c8e43e\",\r\n      \"location\": \"eastus\"\r\n    },\r\n    {\r\n      \"sku\": {\r\n        \"name\": \"A0\",\r\n        \"tier\": \"Free\"\r\n      },\r\n      \"properties\": {\r\n        \"displayName\": \"Audit enabling of diagnostic logs in Azure Data Lake Store\",\r\n        \"policyDefinitionId\": \"/providers/Microsoft.Authorization/policyDefinitions/057ef27e-665e-4328-8ea3-04b3122bd9fb\",\r\n        \"scope\": \"/providers/Microsoft.Management/managementGroups/PolicyUIMG\",\r\n        \"notScopes\": [],\r\n        \"parameters\": {},\r\n        \"metadata\": {\r\n          \"assignedBy\": \"Sandip Shahane\",\r\n          \"parameterScopes\": {}\r\n        }\r\n      },\r\n      \"id\": \"/providers/Microsoft.Management/managementGroups/PolicyUIMG/providers/Microsoft.Authorization/policyAssignments/66926b7556734dcf9a80080f\",\r\n      \"type\": \"Microsoft.Authorization/policyAssignments\",\r\n      \"name\": \"66926b7556734dcf9a80080f\",\r\n      \"location\": \"eastus\"\r\n    },\r\n    {\r\n      \"sku\": {\r\n        \"name\": \"A0\",\r\n        \"tier\": \"Free\"\r\n      },\r\n      \"properties\": {\r\n        \"displayName\": \"Audit VMs that do not use managed disks delete this\",\r\n        \"policyDefinitionId\": \"/providers/Microsoft.Authorization/policyDefinitions/06a78e20-9358-41c9-923c-fb736d382a4d\",\r\n        \"scope\": \"/providers/Microsoft.Management/managementGroups/PolicyUIMG\",\r\n        \"notScopes\": [],\r\n        \"parameters\": {},\r\n        \"metadata\": {\r\n          \"assignedBy\": \"Sandip Shahane\",\r\n          \"parameterScopes\": {},\r\n          \"createdBy\": \"327c26bf-bf3e-4128-9b75-fbbd99e98739\",\r\n          \"createdOn\": \"2019-06-20T23:21:22.259084Z\",\r\n          \"updatedBy\": null,\r\n          \"updatedOn\": null\r\n        }\r\n      },\r\n      \"id\": \"/providers/Microsoft.Management/managementGroups/PolicyUIMG/providers/Microsoft.Authorization/policyAssignments/ebc169a314df42b9bf912b4f\",\r\n      \"type\": \"Microsoft.Authorization/policyAssignments\",\r\n      \"name\": \"ebc169a314df42b9bf912b4f\",\r\n      \"location\": \"eastus\"\r\n    },\r\n    {\r\n      \"sku\": {\r\n        \"name\": \"A0\",\r\n        \"tier\": \"Free\"\r\n      },\r\n      \"properties\": {\r\n        \"displayName\": \"sandipsh CRI 2 [Preview]: Audit Dependency Agent Deployment - VM Image (OS) unlisted\",\r\n        \"policyDefinitionId\": \"/providers/Microsoft.Authorization/policyDefinitions/11ac78e3-31bc-4f0c-8434-37ab963cea07\",\r\n        \"scope\": \"/providers/Microsoft.Management/managementGroups/AzGovTest5\",\r\n        \"notScopes\": [],\r\n        \"parameters\": {},\r\n        \"metadata\": {\r\n          \"assignedBy\": \"Sandip Shahane\",\r\n          \"parameterScopes\": {}\r\n        }\r\n      },\r\n      \"id\": \"/providers/Microsoft.Management/managementGroups/AzGovTest5/providers/Microsoft.Authorization/policyAssignments/8a5f4a42ed8743de909b269c\",\r\n      \"type\": \"Microsoft.Authorization/policyAssignments\",\r\n      \"name\": \"8a5f4a42ed8743de909b269c\",\r\n      \"location\": \"eastus\"\r\n    },\r\n    {\r\n      \"sku\": {\r\n        \"name\": \"A0\",\r\n        \"tier\": \"Free\"\r\n      },\r\n      \"properties\": {\r\n        \"policyDefinitionId\": \"/providers/Microsoft.Authorization/policyDefinitions/404c3081-a854-4457-ae30-26a93ef643f9\",\r\n        \"scope\": \"/providers/microsoft.management/managementgroups/AzGovTest5\"\r\n      },\r\n      \"id\": \"/providers/microsoft.management/managementgroups/AzGovTest5/providers/Microsoft.Authorization/policyAssignments/jilimcss\",\r\n      \"type\": \"Microsoft.Authorization/policyAssignments\",\r\n      \"name\": \"jilimcss\"\r\n    }\r\n  ]\r\n}",
      "StatusCode": 200
    },
    {
      "RequestUri": "/Subscriptions/e78961ba-36fe-4739-9212-e3031b4c8db7/providers/Microsoft.Authorization/policyassignments/someName?api-version=2019-01-01",
      "EncodedRequestUri": "L1N1YnNjcmlwdGlvbnMvZTc4OTYxYmEtMzZmZS00NzM5LTkyMTItZTMwMzFiNGM4ZGI3L3Byb3ZpZGVycy9NaWNyb3NvZnQuQXV0aG9yaXphdGlvbi9wb2xpY3lhc3NpZ25tZW50cy9zb21lTmFtZT9hcGktdmVyc2lvbj0yMDE5LTAxLTAx",
=======
      "ResponseBody": "{\r\n  \"value\": [\r\n    {\r\n      \"sku\": {\r\n        \"name\": \"A0\",\r\n        \"tier\": \"Free\"\r\n      },\r\n      \"properties\": {\r\n        \"displayName\": \"Test Modify initiative\",\r\n        \"policyDefinitionId\": \"/subscriptions/f67cc918-f64f-4c3f-aa24-a855465f9d41/providers/Microsoft.Authorization/policySetDefinitions/55afae72-7df0-417b-9eb7-f756576c854a\",\r\n        \"scope\": \"/subscriptions/f67cc918-f64f-4c3f-aa24-a855465f9d41\",\r\n        \"notScopes\": [],\r\n        \"parameters\": {},\r\n        \"description\": \"\",\r\n        \"metadata\": {\r\n          \"assignedBy\": \"Robert Gao\",\r\n          \"parameterScopes\": {},\r\n          \"createdBy\": \"0dc80135-ae53-4da3-8695-220a2d93aad8\",\r\n          \"createdOn\": \"2019-08-29T00:36:56.3908822Z\",\r\n          \"updatedBy\": \"36e2f355-d2e2-4fbc-88ab-4281639dff94\",\r\n          \"updatedOn\": \"2019-11-11T22:00:41.5492656Z\"\r\n        },\r\n        \"enforcementMode\": \"Default\"\r\n      },\r\n      \"identity\": {\r\n        \"principalId\": \"48036e81-a2af-4e6c-9624-4908615cc36d\",\r\n        \"tenantId\": \"72f988bf-86f1-41af-91ab-2d7cd011db47\",\r\n        \"type\": \"SystemAssigned\"\r\n      },\r\n      \"id\": \"/subscriptions/f67cc918-f64f-4c3f-aa24-a855465f9d41/providers/Microsoft.Authorization/policyAssignments/3cf2c941d7b2418ca7b860e2\",\r\n      \"type\": \"Microsoft.Authorization/policyAssignments\",\r\n      \"name\": \"3cf2c941d7b2418ca7b860e2\",\r\n      \"location\": \"eastus\"\r\n    },\r\n    {\r\n      \"sku\": {\r\n        \"name\": \"A0\",\r\n        \"tier\": \"Free\"\r\n      },\r\n      \"properties\": {\r\n        \"displayName\": \"chegg replace tag RG\",\r\n        \"policyDefinitionId\": \"/providers/Microsoft.Authorization/policyDefinitions/d157c373-a6c4-483d-aaad-570756956268\",\r\n        \"scope\": \"/subscriptions/f67cc918-f64f-4c3f-aa24-a855465f9d41\",\r\n        \"notScopes\": [],\r\n        \"parameters\": {\r\n          \"tagName\": {\r\n            \"value\": \"cheggReplaced\"\r\n          },\r\n          \"tagValue\": {\r\n            \"value\": \"true_112019_246PM\"\r\n          }\r\n        },\r\n        \"description\": \"\",\r\n        \"metadata\": {\r\n          \"assignedBy\": \"Chris Eggert\",\r\n          \"parameterScopes\": {},\r\n          \"createdBy\": \"36e2f355-d2e2-4fbc-88ab-4281639dff94\",\r\n          \"createdOn\": \"2019-11-06T23:26:56.0841235Z\",\r\n          \"updatedBy\": \"36e2f355-d2e2-4fbc-88ab-4281639dff94\",\r\n          \"updatedOn\": \"2019-11-20T22:46:27.8117346Z\"\r\n        },\r\n        \"enforcementMode\": \"DoNotEnforce\"\r\n      },\r\n      \"identity\": {\r\n        \"principalId\": \"9f6b0b38-d4b1-43d7-9ec8-4905306fe6fa\",\r\n        \"tenantId\": \"72f988bf-86f1-41af-91ab-2d7cd011db47\",\r\n        \"type\": \"SystemAssigned\"\r\n      },\r\n      \"id\": \"/subscriptions/f67cc918-f64f-4c3f-aa24-a855465f9d41/providers/Microsoft.Authorization/policyAssignments/98a7c096f5154b8eadd36f8c\",\r\n      \"type\": \"Microsoft.Authorization/policyAssignments\",\r\n      \"name\": \"98a7c096f5154b8eadd36f8c\",\r\n      \"location\": \"eastus\"\r\n    },\r\n    {\r\n      \"sku\": {\r\n        \"name\": \"A0\",\r\n        \"tier\": \"Free\"\r\n      },\r\n      \"properties\": {\r\n        \"displayName\": \"[Preview]: Audit NIST SP 800-53 R4 controls and deploy specific VM Extensions to support audit requirements\",\r\n        \"policyDefinitionId\": \"/providers/Microsoft.Authorization/policySetDefinitions/cf25b9c1-bd23-4eb6-bd2c-f4f3ac644a5f\",\r\n        \"scope\": \"/subscriptions/f67cc918-f64f-4c3f-aa24-a855465f9d41\",\r\n        \"notScopes\": [],\r\n        \"parameters\": {\r\n          \"logAnalyticsWorkspaceIdforVMReporting\": {\r\n            \"value\": \"fasdff\"\r\n          },\r\n          \"listOfResourceTypesWithDiagnosticLogsEnabled\": {\r\n            \"value\": [\r\n              \"Microsoft.Network/applicationGateways\",\r\n              \"Microsoft.Automation/automationAccounts\",\r\n              \"Microsoft.ContainerInstance/containerGroups\",\r\n              \"Microsoft.ContainerRegistry/registries\",\r\n              \"Microsoft.ContainerService/managedClusters\",\r\n              \"Microsoft.Batch/batchAccounts\",\r\n              \"Microsoft.Cdn/profiles/endpoints\",\r\n              \"Microsoft.CognitiveServices/accounts\",\r\n              \"Microsoft.DocumentDB/databaseAccounts\",\r\n              \"Microsoft.DataFactory/factories\",\r\n              \"Microsoft.DataLakeAnalytics/accounts\",\r\n              \"Microsoft.DataLakeStore/accounts\",\r\n              \"Microsoft.EventGrid/eventSubscriptions\",\r\n              \"Microsoft.EventGrid/topics\",\r\n              \"Microsoft.EventHub/namespaces\",\r\n              \"Microsoft.Network/expressRouteCircuits\",\r\n              \"Microsoft.Network/azureFirewalls\",\r\n              \"Microsoft.HDInsight/clusters\",\r\n              \"Microsoft.Devices/IotHubs\",\r\n              \"Microsoft.KeyVault/vaults\",\r\n              \"Microsoft.Network/loadBalancers\",\r\n              \"Microsoft.Logic/integrationAccounts\",\r\n              \"Microsoft.Logic/workflows\",\r\n              \"Microsoft.DBforMySQL/servers\",\r\n              \"Microsoft.Network/networkInterfaces\",\r\n              \"Microsoft.Network/networkSecurityGroups\",\r\n              \"Microsoft.DBforPostgreSQL/servers\",\r\n              \"Microsoft.PowerBIDedicated/capacities\",\r\n              \"Microsoft.Network/publicIPAddresses\",\r\n              \"Microsoft.RecoveryServices/vaults\",\r\n              \"Microsoft.Cache/redis\",\r\n              \"Microsoft.Relay/namespaces\",\r\n              \"Microsoft.Search/searchServices\",\r\n              \"Microsoft.ServiceBus/namespaces\",\r\n              \"Microsoft.SignalRService/SignalR\",\r\n              \"Microsoft.Sql/servers/databases\",\r\n              \"Microsoft.Sql/servers/elasticPools\",\r\n              \"Microsoft.StreamAnalytics/streamingjobs\",\r\n              \"Microsoft.TimeSeriesInsights/environments\",\r\n              \"Microsoft.Network/trafficManagerProfiles\",\r\n              \"Microsoft.Compute/virtualMachines\",\r\n              \"Microsoft.Compute/virtualMachineScaleSets\",\r\n              \"Microsoft.Network/virtualNetworks\",\r\n              \"Microsoft.Network/virtualNetworkGateways\"\r\n            ]\r\n          },\r\n          \"listOfMembersToExcludeFromWindowsVMAdministratorsGroup\": {\r\n            \"value\": \"cheggert\"\r\n          },\r\n          \"listOfMembersToIncludeInWindowsVMAdministratorsGroup\": {\r\n            \"value\": \"rohitbh\"\r\n          }\r\n        },\r\n        \"description\": \"This initiative includes audit and VM Extension deployment policies that address a subset of NIST SP 800-53 R4 controls. Additional policies will be added in upcoming releases. For more information, please visit https://aka.ms/nist80053-blueprint.\",\r\n        \"metadata\": {\r\n          \"assignedBy\": \"Chris Eggert\",\r\n          \"parameterScopes\": {},\r\n          \"createdBy\": \"36e2f355-d2e2-4fbc-88ab-4281639dff94\",\r\n          \"createdOn\": \"2019-11-20T22:11:26.047177Z\",\r\n          \"updatedBy\": \"36e2f355-d2e2-4fbc-88ab-4281639dff94\",\r\n          \"updatedOn\": \"2019-11-22T04:20:25.4141918Z\"\r\n        },\r\n        \"enforcementMode\": \"Default\"\r\n      },\r\n      \"identity\": {\r\n        \"principalId\": \"c7519ca7-0d79-4b0f-af0b-0a4cfe3402d0\",\r\n        \"tenantId\": \"72f988bf-86f1-41af-91ab-2d7cd011db47\",\r\n        \"type\": \"SystemAssigned\"\r\n      },\r\n      \"id\": \"/subscriptions/f67cc918-f64f-4c3f-aa24-a855465f9d41/providers/Microsoft.Authorization/policyAssignments/d17bc2764dae4ec1be07d178\",\r\n      \"type\": \"Microsoft.Authorization/policyAssignments\",\r\n      \"name\": \"d17bc2764dae4ec1be07d178\",\r\n      \"location\": \"eastus\"\r\n    },\r\n    {\r\n      \"sku\": {\r\n        \"name\": \"A0\",\r\n        \"tier\": \"Free\"\r\n      },\r\n      \"properties\": {\r\n        \"displayName\": \"rohitbh: Key vault access policy (Always give Joel access)\",\r\n        \"policyDefinitionId\": \"/subscriptions/f67cc918-f64f-4c3f-aa24-a855465f9d41/providers/Microsoft.Authorization/policyDefinitions/3863c624-094c-480d-bc42-74970b55e5e1\",\r\n        \"scope\": \"/subscriptions/f67cc918-f64f-4c3f-aa24-a855465f9d41\",\r\n        \"notScopes\": [],\r\n        \"parameters\": {\r\n          \"userObjectId\": {\r\n            \"value\": \"644c17f7-2b49-4549-a67f-bcc0448cd850\"\r\n          }\r\n        },\r\n        \"description\": \"Assignment description\",\r\n        \"metadata\": {\r\n          \"assignedBy\": \"Rohit Bhardwaj\",\r\n          \"parameterScopes\": {},\r\n          \"createdBy\": \"22ac4b8c-9194-4feb-b6c6-0e7a995fca2e\",\r\n          \"createdOn\": \"2019-03-26T00:12:03.5422031Z\",\r\n          \"updatedBy\": \"36e2f355-d2e2-4fbc-88ab-4281639dff94\",\r\n          \"updatedOn\": \"2019-11-12T22:23:50.9933459Z\"\r\n        },\r\n        \"enforcementMode\": \"DoNotEnforce\"\r\n      },\r\n      \"identity\": {\r\n        \"principalId\": \"f12ee62c-35e6-45ec-b44b-13587ca23514\",\r\n        \"tenantId\": \"72f988bf-86f1-41af-91ab-2d7cd011db47\",\r\n        \"type\": \"SystemAssigned\"\r\n      },\r\n      \"id\": \"/subscriptions/f67cc918-f64f-4c3f-aa24-a855465f9d41/providers/Microsoft.Authorization/policyAssignments/ebccc544c4dd43d29c937f0c\",\r\n      \"type\": \"Microsoft.Authorization/policyAssignments\",\r\n      \"name\": \"ebccc544c4dd43d29c937f0c\",\r\n      \"location\": \"eastus\"\r\n    },\r\n    {\r\n      \"sku\": {\r\n        \"name\": \"A0\",\r\n        \"tier\": \"Free\"\r\n      },\r\n      \"properties\": {\r\n        \"displayName\": \"chegg: Replace tag without becoming compliant\",\r\n        \"policyDefinitionId\": \"/subscriptions/f67cc918-f64f-4c3f-aa24-a855465f9d41/providers/Microsoft.Authorization/policyDefinitions/270f0d11-af30-4c15-95f7-28ba884518f0\",\r\n        \"scope\": \"/subscriptions/f67cc918-f64f-4c3f-aa24-a855465f9d41\",\r\n        \"notScopes\": [],\r\n        \"parameters\": {},\r\n        \"metadata\": {\r\n          \"assignedBy\": \"Chris Eggert\",\r\n          \"parameterScopes\": {},\r\n          \"createdBy\": \"36e2f355-d2e2-4fbc-88ab-4281639dff94\",\r\n          \"createdOn\": \"2019-11-21T00:28:49.7568462Z\",\r\n          \"updatedBy\": null,\r\n          \"updatedOn\": null\r\n        },\r\n        \"enforcementMode\": \"DoNotEnforce\"\r\n      },\r\n      \"identity\": {\r\n        \"principalId\": \"8b9d526a-9e43-4d1b-8bfe-cfe4d90f3b58\",\r\n        \"tenantId\": \"72f988bf-86f1-41af-91ab-2d7cd011db47\",\r\n        \"type\": \"SystemAssigned\"\r\n      },\r\n      \"id\": \"/subscriptions/f67cc918-f64f-4c3f-aa24-a855465f9d41/providers/Microsoft.Authorization/policyAssignments/ee5909f9ee3f4c12bbed6efc\",\r\n      \"type\": \"Microsoft.Authorization/policyAssignments\",\r\n      \"name\": \"ee5909f9ee3f4c12bbed6efc\",\r\n      \"location\": \"eastus\"\r\n    },\r\n    {\r\n      \"sku\": {\r\n        \"name\": \"A0\",\r\n        \"tier\": \"Free\"\r\n      },\r\n      \"properties\": {\r\n        \"displayName\": \"Empty deployment on each KeyVault resource (SUB)\",\r\n        \"policyDefinitionId\": \"/providers/Microsoft.Management/managementGroups/AzGovPerfTest/providers/Microsoft.Authorization/policyDefinitions/78a38c70-5549-49bd-8a16-fe3619e5d2cf\",\r\n        \"scope\": \"/subscriptions/f67cc918-f64f-4c3f-aa24-a855465f9d41\",\r\n        \"notScopes\": [],\r\n        \"parameters\": {},\r\n        \"description\": \"Deploys an empty deployment (with one output) on each KeyVault vault.  Used for some PolicyInsights SDK tests.\",\r\n        \"metadata\": {\r\n          \"assignedBy\": \"Chris Eggert\",\r\n          \"parameterScopes\": {},\r\n          \"createdBy\": \"36e2f355-d2e2-4fbc-88ab-4281639dff94\",\r\n          \"createdOn\": \"2019-11-21T17:43:53.4694168Z\",\r\n          \"updatedBy\": \"36e2f355-d2e2-4fbc-88ab-4281639dff94\",\r\n          \"updatedOn\": \"2019-11-21T17:44:38.1610927Z\"\r\n        },\r\n        \"enforcementMode\": \"DoNotEnforce\"\r\n      },\r\n      \"identity\": {\r\n        \"principalId\": \"dfd2385a-7700-420f-b164-bd9ffb52285b\",\r\n        \"tenantId\": \"72f988bf-86f1-41af-91ab-2d7cd011db47\",\r\n        \"type\": \"SystemAssigned\"\r\n      },\r\n      \"id\": \"/subscriptions/f67cc918-f64f-4c3f-aa24-a855465f9d41/providers/Microsoft.Authorization/policyAssignments/fcddeb6113ec43798567dce2\",\r\n      \"type\": \"Microsoft.Authorization/policyAssignments\",\r\n      \"name\": \"fcddeb6113ec43798567dce2\",\r\n      \"location\": \"eastus\"\r\n    },\r\n    {\r\n      \"sku\": {\r\n        \"name\": \"A0\",\r\n        \"tier\": \"Free\"\r\n      },\r\n      \"properties\": {\r\n        \"displayName\": \"Empty deployment on each KeyVault resource (MG)\",\r\n        \"policyDefinitionId\": \"/providers/Microsoft.Management/managementGroups/AzGovPerfTest/providers/Microsoft.Authorization/policyDefinitions/78a38c70-5549-49bd-8a16-fe3619e5d2cf\",\r\n        \"scope\": \"/providers/Microsoft.Management/managementGroups/AzGovPerfTest\",\r\n        \"notScopes\": [],\r\n        \"parameters\": {},\r\n        \"description\": \"Deploys an empty deployment (with one output) on each KeyVault vault.  Used for some PolicyInsights SDK tests.\",\r\n        \"metadata\": {\r\n          \"assignedBy\": \"Chris Eggert\",\r\n          \"parameterScopes\": {},\r\n          \"createdBy\": \"36e2f355-d2e2-4fbc-88ab-4281639dff94\",\r\n          \"createdOn\": \"2019-11-21T17:44:17.3643721Z\",\r\n          \"updatedBy\": null,\r\n          \"updatedOn\": null\r\n        },\r\n        \"enforcementMode\": \"DoNotEnforce\"\r\n      },\r\n      \"identity\": {\r\n        \"principalId\": \"067c1aa0-c425-4ad5-80fe-41d4639b1d42\",\r\n        \"tenantId\": \"72f988bf-86f1-41af-91ab-2d7cd011db47\",\r\n        \"type\": \"SystemAssigned\"\r\n      },\r\n      \"id\": \"/providers/Microsoft.Management/managementGroups/AzGovPerfTest/providers/Microsoft.Authorization/policyAssignments/d80d743b97874fd3bfd1d539\",\r\n      \"type\": \"Microsoft.Authorization/policyAssignments\",\r\n      \"name\": \"d80d743b97874fd3bfd1d539\",\r\n      \"location\": \"eastus\"\r\n    },\r\n    {\r\n      \"sku\": {\r\n        \"name\": \"A0\",\r\n        \"tier\": \"Free\"\r\n      },\r\n      \"properties\": {\r\n        \"displayName\": \"Audit tag at MG\",\r\n        \"policyDefinitionId\": \"/providers/Microsoft.Management/managementGroups/AzGovPerfTest/providers/Microsoft.Authorization/policyDefinitions/03ae6c12-b46a-43f1-9f3d-c20620473106\",\r\n        \"scope\": \"/providers/Microsoft.Management/managementGroups/AzGovPerfTest\",\r\n        \"notScopes\": [\r\n          \"/subscriptions/086aecf4-23d6-4dfd-99a8-a5c6299f0322\"\r\n        ],\r\n        \"parameters\": {},\r\n        \"metadata\": {\r\n          \"assignedBy\": \"Chris Eggert\",\r\n          \"parameterScopes\": {},\r\n          \"createdBy\": \"327c26bf-bf3e-4128-9b75-fbbd99e98739\",\r\n          \"createdOn\": \"2019-09-19T21:02:48.2629834Z\",\r\n          \"updatedBy\": \"36e2f355-d2e2-4fbc-88ab-4281639dff94\",\r\n          \"updatedOn\": \"2019-10-01T17:50:28.4254014Z\"\r\n        },\r\n        \"enforcementMode\": \"Default\"\r\n      },\r\n      \"id\": \"/providers/Microsoft.Management/managementGroups/AzGovPerfTest/providers/Microsoft.Authorization/policyAssignments/ef26e8bbc3da423ebf7fcb80\",\r\n      \"type\": \"Microsoft.Authorization/policyAssignments\",\r\n      \"name\": \"ef26e8bbc3da423ebf7fcb80\"\r\n    }\r\n  ]\r\n}",
      "StatusCode": 200
    },
    {
      "RequestUri": "/Subscriptions/f67cc918-f64f-4c3f-aa24-a855465f9d41/providers/Microsoft.Authorization/policyassignments/someName?api-version=2019-09-01",
      "EncodedRequestUri": "L1N1YnNjcmlwdGlvbnMvZjY3Y2M5MTgtZjY0Zi00YzNmLWFhMjQtYTg1NTQ2NWY5ZDQxL3Byb3ZpZGVycy9NaWNyb3NvZnQuQXV0aG9yaXphdGlvbi9wb2xpY3lhc3NpZ25tZW50cy9zb21lTmFtZT9hcGktdmVyc2lvbj0yMDE5LTA5LTAx",
>>>>>>> d78b04a5306127f583235b13752c48d4f7d1289a
      "RequestMethod": "GET",
      "RequestBody": "",
      "RequestHeaders": {
        "User-Agent": [
          "AzurePowershell/v1.0.0",
<<<<<<< HEAD
          "PSVersion/v6.1.0"
=======
          "PSVersion/v6.2.3"
>>>>>>> d78b04a5306127f583235b13752c48d4f7d1289a
        ],
        "ParameterSetName": [
          "NameParameterSet"
        ],
        "CommandName": [
          "Get-AzPolicyAssignment"
        ]
      },
      "ResponseHeaders": {
        "Cache-Control": [
          "no-cache"
        ],
        "Pragma": [
          "no-cache"
        ],
        "x-ms-request-id": [
<<<<<<< HEAD
          "westus:602d2e5b-1648-4b16-8fa1-1f1fb1f24c68"
        ],
        "x-ms-ratelimit-remaining-subscription-reads": [
          "11996"
        ],
        "x-ms-correlation-request-id": [
          "78684478-54ce-4990-aca2-ce2cc800b9bd"
        ],
        "x-ms-routing-request-id": [
          "WESTUS:20190715T205536Z:78684478-54ce-4990-aca2-ce2cc800b9bd"
=======
          "westus:4bda97b2-e221-49eb-9b22-c35f27437adb"
        ],
        "x-ms-ratelimit-remaining-subscription-reads": [
          "11991"
        ],
        "x-ms-correlation-request-id": [
          "ded015b3-c83b-4072-9a55-462ee71dde91"
        ],
        "x-ms-routing-request-id": [
          "WESTUS:20191202T223833Z:ded015b3-c83b-4072-9a55-462ee71dde91"
>>>>>>> d78b04a5306127f583235b13752c48d4f7d1289a
        ],
        "Strict-Transport-Security": [
          "max-age=31536000; includeSubDomains"
        ],
        "X-Content-Type-Options": [
          "nosniff"
        ],
        "Date": [
<<<<<<< HEAD
          "Mon, 15 Jul 2019 20:55:35 GMT"
=======
          "Mon, 02 Dec 2019 22:38:33 GMT"
>>>>>>> d78b04a5306127f583235b13752c48d4f7d1289a
        ],
        "Content-Length": [
          "104"
        ],
        "Content-Type": [
          "application/json; charset=utf-8"
        ],
        "Expires": [
          "-1"
        ],
        "Retry-After": [
          "0"
        ]
      },
      "ResponseBody": "{\r\n  \"error\": {\r\n    \"code\": \"PolicyAssignmentNotFound\",\r\n    \"message\": \"The policy assignment 'someName' is not found.\"\r\n  }\r\n}",
      "StatusCode": 404
    },
    {
<<<<<<< HEAD
      "RequestUri": "/Subscriptions/e78961ba-36fe-4739-9212-e3031b4c8db7/providers/Microsoft.Authorization/policyassignments/someName?api-version=2019-01-01",
      "EncodedRequestUri": "L1N1YnNjcmlwdGlvbnMvZTc4OTYxYmEtMzZmZS00NzM5LTkyMTItZTMwMzFiNGM4ZGI3L3Byb3ZpZGVycy9NaWNyb3NvZnQuQXV0aG9yaXphdGlvbi9wb2xpY3lhc3NpZ25tZW50cy9zb21lTmFtZT9hcGktdmVyc2lvbj0yMDE5LTAxLTAx",
=======
      "RequestUri": "/Subscriptions/f67cc918-f64f-4c3f-aa24-a855465f9d41/providers/Microsoft.Authorization/policyassignments/someName?api-version=2019-09-01",
      "EncodedRequestUri": "L1N1YnNjcmlwdGlvbnMvZjY3Y2M5MTgtZjY0Zi00YzNmLWFhMjQtYTg1NTQ2NWY5ZDQxL3Byb3ZpZGVycy9NaWNyb3NvZnQuQXV0aG9yaXphdGlvbi9wb2xpY3lhc3NpZ25tZW50cy9zb21lTmFtZT9hcGktdmVyc2lvbj0yMDE5LTA5LTAx",
>>>>>>> d78b04a5306127f583235b13752c48d4f7d1289a
      "RequestMethod": "GET",
      "RequestBody": "",
      "RequestHeaders": {
        "User-Agent": [
          "AzurePowershell/v1.0.0",
<<<<<<< HEAD
          "PSVersion/v6.1.0"
=======
          "PSVersion/v6.2.3"
>>>>>>> d78b04a5306127f583235b13752c48d4f7d1289a
        ],
        "ParameterSetName": [
          "NameParameterSet"
        ],
        "CommandName": [
          "Get-AzPolicyAssignment"
        ]
      },
      "ResponseHeaders": {
        "Cache-Control": [
          "no-cache"
        ],
        "Pragma": [
          "no-cache"
        ],
        "x-ms-request-id": [
<<<<<<< HEAD
          "westus:54a24634-f8a5-435f-89d8-9350dc82e25e"
        ],
        "x-ms-ratelimit-remaining-subscription-reads": [
          "11994"
        ],
        "x-ms-correlation-request-id": [
          "a263a82c-ed97-43bf-b577-8f987bc9b8b4"
        ],
        "x-ms-routing-request-id": [
          "WESTUS:20190715T205537Z:a263a82c-ed97-43bf-b577-8f987bc9b8b4"
=======
          "westus:89da9f48-0d3a-4e48-bdfa-a8063bce4e23"
        ],
        "x-ms-ratelimit-remaining-subscription-reads": [
          "11992"
        ],
        "x-ms-correlation-request-id": [
          "5b4c114d-7081-4f91-a338-d91634689f6d"
        ],
        "x-ms-routing-request-id": [
          "WESTUS:20191202T223834Z:5b4c114d-7081-4f91-a338-d91634689f6d"
>>>>>>> d78b04a5306127f583235b13752c48d4f7d1289a
        ],
        "Strict-Transport-Security": [
          "max-age=31536000; includeSubDomains"
        ],
        "X-Content-Type-Options": [
          "nosniff"
        ],
        "Date": [
<<<<<<< HEAD
          "Mon, 15 Jul 2019 20:55:36 GMT"
=======
          "Mon, 02 Dec 2019 22:38:33 GMT"
>>>>>>> d78b04a5306127f583235b13752c48d4f7d1289a
        ],
        "Content-Length": [
          "104"
        ],
        "Content-Type": [
          "application/json; charset=utf-8"
        ],
        "Expires": [
          "-1"
        ],
        "Retry-After": [
          "0"
        ]
      },
      "ResponseBody": "{\r\n  \"error\": {\r\n    \"code\": \"PolicyAssignmentNotFound\",\r\n    \"message\": \"The policy assignment 'someName' is not found.\"\r\n  }\r\n}",
      "StatusCode": 404
    },
    {
<<<<<<< HEAD
      "RequestUri": "/subscriptions/e78961ba-36fe-4739-9212-e3031b4c8db7/providers/Microsoft.Authorization/policyassignments/someName?api-version=2019-01-01",
      "EncodedRequestUri": "L3N1YnNjcmlwdGlvbnMvZTc4OTYxYmEtMzZmZS00NzM5LTkyMTItZTMwMzFiNGM4ZGI3L3Byb3ZpZGVycy9NaWNyb3NvZnQuQXV0aG9yaXphdGlvbi9wb2xpY3lhc3NpZ25tZW50cy9zb21lTmFtZT9hcGktdmVyc2lvbj0yMDE5LTAxLTAx",
=======
      "RequestUri": "/subscriptions/f67cc918-f64f-4c3f-aa24-a855465f9d41/providers/Microsoft.Authorization/policyassignments/someName?api-version=2019-09-01",
      "EncodedRequestUri": "L3N1YnNjcmlwdGlvbnMvZjY3Y2M5MTgtZjY0Zi00YzNmLWFhMjQtYTg1NTQ2NWY5ZDQxL3Byb3ZpZGVycy9NaWNyb3NvZnQuQXV0aG9yaXphdGlvbi9wb2xpY3lhc3NpZ25tZW50cy9zb21lTmFtZT9hcGktdmVyc2lvbj0yMDE5LTA5LTAx",
>>>>>>> d78b04a5306127f583235b13752c48d4f7d1289a
      "RequestMethod": "GET",
      "RequestBody": "",
      "RequestHeaders": {
        "User-Agent": [
          "AzurePowershell/v1.0.0",
<<<<<<< HEAD
          "PSVersion/v6.1.0"
=======
          "PSVersion/v6.2.3"
>>>>>>> d78b04a5306127f583235b13752c48d4f7d1289a
        ],
        "ParameterSetName": [
          "NameParameterSet"
        ],
        "CommandName": [
          "Get-AzPolicyAssignment"
        ]
      },
      "ResponseHeaders": {
        "Cache-Control": [
          "no-cache"
        ],
        "Pragma": [
          "no-cache"
        ],
        "x-ms-request-id": [
<<<<<<< HEAD
          "westus:a53b0000-d0e7-4bcc-8072-e6e268a36485"
        ],
        "x-ms-ratelimit-remaining-subscription-reads": [
          "11995"
        ],
        "x-ms-correlation-request-id": [
          "9699202d-c3c8-4c8e-a2b8-6c0510bedb30"
        ],
        "x-ms-routing-request-id": [
          "WESTUS:20190715T205536Z:9699202d-c3c8-4c8e-a2b8-6c0510bedb30"
=======
          "westus:3e3a55da-c168-40fa-bef3-dd78988950b2"
        ],
        "x-ms-ratelimit-remaining-subscription-reads": [
          "11996"
        ],
        "x-ms-correlation-request-id": [
          "b01acd61-5d41-499f-8374-9092c8cd436c"
        ],
        "x-ms-routing-request-id": [
          "WESTUS:20191202T223833Z:b01acd61-5d41-499f-8374-9092c8cd436c"
>>>>>>> d78b04a5306127f583235b13752c48d4f7d1289a
        ],
        "Strict-Transport-Security": [
          "max-age=31536000; includeSubDomains"
        ],
        "X-Content-Type-Options": [
          "nosniff"
        ],
        "Date": [
<<<<<<< HEAD
          "Mon, 15 Jul 2019 20:55:36 GMT"
=======
          "Mon, 02 Dec 2019 22:38:33 GMT"
>>>>>>> d78b04a5306127f583235b13752c48d4f7d1289a
        ],
        "Content-Length": [
          "104"
        ],
        "Content-Type": [
          "application/json; charset=utf-8"
        ],
        "Expires": [
          "-1"
        ],
        "Retry-After": [
          "0"
        ]
      },
      "ResponseBody": "{\r\n  \"error\": {\r\n    \"code\": \"PolicyAssignmentNotFound\",\r\n    \"message\": \"The policy assignment 'someName' is not found.\"\r\n  }\r\n}",
      "StatusCode": 404
    },
    {
<<<<<<< HEAD
      "RequestUri": "/someScope/providers/Microsoft.Authorization/policyassignments/someName?api-version=2019-01-01",
      "EncodedRequestUri": "L3NvbWVTY29wZS9wcm92aWRlcnMvTWljcm9zb2Z0LkF1dGhvcml6YXRpb24vcG9saWN5YXNzaWdubWVudHMvc29tZU5hbWU/YXBpLXZlcnNpb249MjAxOS0wMS0wMQ==",
=======
      "RequestUri": "/someScope/providers/Microsoft.Authorization/policyassignments/someName?api-version=2019-09-01",
      "EncodedRequestUri": "L3NvbWVTY29wZS9wcm92aWRlcnMvTWljcm9zb2Z0LkF1dGhvcml6YXRpb24vcG9saWN5YXNzaWdubWVudHMvc29tZU5hbWU/YXBpLXZlcnNpb249MjAxOS0wOS0wMQ==",
>>>>>>> d78b04a5306127f583235b13752c48d4f7d1289a
      "RequestMethod": "GET",
      "RequestBody": "",
      "RequestHeaders": {
        "User-Agent": [
          "AzurePowershell/v1.0.0",
<<<<<<< HEAD
          "PSVersion/v6.1.0"
=======
          "PSVersion/v6.2.3"
>>>>>>> d78b04a5306127f583235b13752c48d4f7d1289a
        ],
        "ParameterSetName": [
          "NameParameterSet"
        ],
        "CommandName": [
          "Get-AzPolicyAssignment"
        ]
      },
      "ResponseHeaders": {
        "Cache-Control": [
          "no-cache"
        ],
        "Pragma": [
          "no-cache"
        ],
        "x-ms-failure-cause": [
          "gateway"
        ],
        "x-ms-request-id": [
<<<<<<< HEAD
          "7d5d1565-a677-4680-b568-bc3bef8c080a"
        ],
        "x-ms-correlation-request-id": [
          "7d5d1565-a677-4680-b568-bc3bef8c080a"
        ],
        "x-ms-routing-request-id": [
          "WESTUS:20190715T205537Z:7d5d1565-a677-4680-b568-bc3bef8c080a"
=======
          "78d00f88-2b22-4b03-b9d9-9823e1757a9a"
        ],
        "x-ms-correlation-request-id": [
          "78d00f88-2b22-4b03-b9d9-9823e1757a9a"
        ],
        "x-ms-routing-request-id": [
          "WESTUS:20191202T223834Z:78d00f88-2b22-4b03-b9d9-9823e1757a9a"
>>>>>>> d78b04a5306127f583235b13752c48d4f7d1289a
        ],
        "Strict-Transport-Security": [
          "max-age=31536000; includeSubDomains"
        ],
        "X-Content-Type-Options": [
          "nosniff"
        ],
        "Date": [
<<<<<<< HEAD
          "Mon, 15 Jul 2019 20:55:36 GMT"
=======
          "Mon, 02 Dec 2019 22:38:33 GMT"
>>>>>>> d78b04a5306127f583235b13752c48d4f7d1289a
        ],
        "Content-Type": [
          "application/json; charset=utf-8"
        ],
        "Expires": [
          "-1"
        ],
        "Content-Length": [
          "135"
        ],
        "Retry-After": [
          "0"
        ]
      },
      "ResponseBody": "{\r\n  \"error\": {\r\n    \"code\": \"MissingSubscription\",\r\n    \"message\": \"The request did not have a subscription or a valid tenant level resource provider.\"\r\n  }\r\n}",
      "StatusCode": 404
    },
    {
<<<<<<< HEAD
      "RequestUri": "/subscriptions/e78961ba-36fe-4739-9212-e3031b4c8db7/providers/Microsoft.Authorization/policyassignments?$filter=atScope()&api-version=2019-01-01",
      "EncodedRequestUri": "L3N1YnNjcmlwdGlvbnMvZTc4OTYxYmEtMzZmZS00NzM5LTkyMTItZTMwMzFiNGM4ZGI3L3Byb3ZpZGVycy9NaWNyb3NvZnQuQXV0aG9yaXphdGlvbi9wb2xpY3lhc3NpZ25tZW50cz8kZmlsdGVyPWF0U2NvcGUoKSZhcGktdmVyc2lvbj0yMDE5LTAxLTAx",
=======
      "RequestUri": "/subscriptions/f67cc918-f64f-4c3f-aa24-a855465f9d41/providers/Microsoft.Authorization/policyassignments?$filter=atScope()&api-version=2019-09-01",
      "EncodedRequestUri": "L3N1YnNjcmlwdGlvbnMvZjY3Y2M5MTgtZjY0Zi00YzNmLWFhMjQtYTg1NTQ2NWY5ZDQxL3Byb3ZpZGVycy9NaWNyb3NvZnQuQXV0aG9yaXphdGlvbi9wb2xpY3lhc3NpZ25tZW50cz8kZmlsdGVyPWF0U2NvcGUoKSZhcGktdmVyc2lvbj0yMDE5LTA5LTAx",
>>>>>>> d78b04a5306127f583235b13752c48d4f7d1289a
      "RequestMethod": "GET",
      "RequestBody": "",
      "RequestHeaders": {
        "User-Agent": [
          "AzurePowershell/v1.0.0",
<<<<<<< HEAD
          "PSVersion/v6.1.0"
=======
          "PSVersion/v6.2.3"
>>>>>>> d78b04a5306127f583235b13752c48d4f7d1289a
        ],
        "ParameterSetName": [
          "NameParameterSet"
        ],
        "CommandName": [
          "Get-AzPolicyAssignment"
        ]
      },
      "ResponseHeaders": {
        "Cache-Control": [
          "no-cache"
        ],
        "Pragma": [
          "no-cache"
        ],
        "Vary": [
          "Accept-Encoding"
        ],
        "x-ms-request-id": [
<<<<<<< HEAD
          "westus:c4675ce5-63f9-4851-b6d5-5b9469a9f7f0"
        ],
        "x-ms-ratelimit-remaining-subscription-reads": [
          "11996"
        ],
        "x-ms-correlation-request-id": [
          "2e892fda-ea57-42a2-b120-22d84082007c"
        ],
        "x-ms-routing-request-id": [
          "WESTUS:20190715T205537Z:2e892fda-ea57-42a2-b120-22d84082007c"
=======
          "westus:518f423c-87ec-4db2-b002-14182caa72aa"
        ],
        "x-ms-ratelimit-remaining-subscription-reads": [
          "11989"
        ],
        "x-ms-correlation-request-id": [
          "0ff8764f-5e13-41c5-8964-450bfecf637f"
        ],
        "x-ms-routing-request-id": [
          "WESTUS:20191202T223834Z:0ff8764f-5e13-41c5-8964-450bfecf637f"
>>>>>>> d78b04a5306127f583235b13752c48d4f7d1289a
        ],
        "Strict-Transport-Security": [
          "max-age=31536000; includeSubDomains"
        ],
        "X-Content-Type-Options": [
          "nosniff"
        ],
        "Date": [
<<<<<<< HEAD
          "Mon, 15 Jul 2019 20:55:36 GMT"
        ],
        "Content-Length": [
          "6489"
=======
          "Mon, 02 Dec 2019 22:38:33 GMT"
        ],
        "Content-Length": [
          "10632"
>>>>>>> d78b04a5306127f583235b13752c48d4f7d1289a
        ],
        "Content-Type": [
          "application/json; charset=utf-8"
        ],
        "Expires": [
          "-1"
        ],
        "Retry-After": [
          "0"
        ]
      },
<<<<<<< HEAD
      "ResponseBody": "{\r\n  \"value\": [\r\n    {\r\n      \"sku\": {\r\n        \"name\": \"A0\",\r\n        \"tier\": \"Free\"\r\n      },\r\n      \"properties\": {\r\n        \"displayName\": \"[Preview]: Enable Monitoring in Azure Security Center\",\r\n        \"policyDefinitionId\": \"/providers/Microsoft.Authorization/policySetDefinitions/1f3afdf9-d0c9-4c3d-847f-89da613e70a8\",\r\n        \"scope\": \"/subscriptions/e78961ba-36fe-4739-9212-e3031b4c8db7\",\r\n        \"notScopes\": [],\r\n        \"parameters\": {},\r\n        \"metadata\": {\r\n          \"assignedBy\": \"Sandip Shahane\",\r\n          \"parameterScopes\": {}\r\n        }\r\n      },\r\n      \"id\": \"/subscriptions/e78961ba-36fe-4739-9212-e3031b4c8db7/providers/Microsoft.Authorization/policyAssignments/1e4e70f9cd4846268b6998ee\",\r\n      \"type\": \"Microsoft.Authorization/policyAssignments\",\r\n      \"name\": \"1e4e70f9cd4846268b6998ee\",\r\n      \"location\": \"eastus\"\r\n    },\r\n    {\r\n      \"sku\": {\r\n        \"name\": \"A0\",\r\n        \"tier\": \"Free\"\r\n      },\r\n      \"properties\": {\r\n        \"displayName\": \"VMs with no Managed Disk\",\r\n        \"policyDefinitionId\": \"/subscriptions/e78961ba-36fe-4739-9212-e3031b4c8db7/providers/Microsoft.Authorization/policyDefinitions/95696b24-404f-4376-a9a6-7fa8ba91e4d5\",\r\n        \"scope\": \"/subscriptions/e78961ba-36fe-4739-9212-e3031b4c8db7\",\r\n        \"notScopes\": [],\r\n        \"parameters\": {},\r\n        \"metadata\": {\r\n          \"assignedBy\": \"Tigran Shahbazian\",\r\n          \"parameterScopes\": {}\r\n        }\r\n      },\r\n      \"id\": \"/subscriptions/e78961ba-36fe-4739-9212-e3031b4c8db7/providers/Microsoft.Authorization/policyAssignments/21e5086343384f34a3b2d10b\",\r\n      \"type\": \"Microsoft.Authorization/policyAssignments\",\r\n      \"name\": \"21e5086343384f34a3b2d10b\"\r\n    },\r\n    {\r\n      \"sku\": {\r\n        \"name\": \"A0\",\r\n        \"tier\": \"Free\"\r\n      },\r\n      \"properties\": {\r\n        \"displayName\": \"Audit unrestricted network access to storage accounts\",\r\n        \"policyDefinitionId\": \"/providers/Microsoft.Authorization/policyDefinitions/34c877ad-507e-4c82-993e-3452a6e0ad3c\",\r\n        \"scope\": \"/subscriptions/e78961ba-36fe-4739-9212-e3031b4c8db7\",\r\n        \"notScopes\": [],\r\n        \"parameters\": {},\r\n        \"metadata\": {\r\n          \"assignedBy\": \"Sandip Shahane\",\r\n          \"parameterScopes\": {}\r\n        }\r\n      },\r\n      \"id\": \"/subscriptions/e78961ba-36fe-4739-9212-e3031b4c8db7/providers/Microsoft.Authorization/policyAssignments/4d31128e32d04a0098fd536e\",\r\n      \"type\": \"Microsoft.Authorization/policyAssignments\",\r\n      \"name\": \"4d31128e32d04a0098fd536e\",\r\n      \"location\": \"eastus\"\r\n    },\r\n    {\r\n      \"sku\": {\r\n        \"name\": \"A0\",\r\n        \"tier\": \"Free\"\r\n      },\r\n      \"properties\": {\r\n        \"displayName\": \"[Preview]: Enable Monitoring in Azure Security Center\",\r\n        \"policyDefinitionId\": \"/providers/Microsoft.Authorization/policySetDefinitions/1f3afdf9-d0c9-4c3d-847f-89da613e70a8\",\r\n        \"scope\": \"/subscriptions/e78961ba-36fe-4739-9212-e3031b4c8db7\",\r\n        \"notScopes\": [],\r\n        \"parameters\": {},\r\n        \"metadata\": {\r\n          \"assignedBy\": \"Sandip Shahane\",\r\n          \"parameterScopes\": {}\r\n        }\r\n      },\r\n      \"id\": \"/subscriptions/e78961ba-36fe-4739-9212-e3031b4c8db7/providers/Microsoft.Authorization/policyAssignments/4e4179ff39194a62bad4ef3e\",\r\n      \"type\": \"Microsoft.Authorization/policyAssignments\",\r\n      \"name\": \"4e4179ff39194a62bad4ef3e\",\r\n      \"location\": \"eastus\"\r\n    },\r\n    {\r\n      \"sku\": {\r\n        \"name\": \"A0\",\r\n        \"tier\": \"Free\"\r\n      },\r\n      \"properties\": {\r\n        \"displayName\": \"[Preview]: Audit missing blob encryption for storage accounts\",\r\n        \"policyDefinitionId\": \"/providers/Microsoft.Authorization/policyDefinitions/655cb504-bcee-4362-bd4c-402e6aa38759\",\r\n        \"scope\": \"/subscriptions/e78961ba-36fe-4739-9212-e3031b4c8db7\",\r\n        \"notScopes\": [],\r\n        \"parameters\": {},\r\n        \"metadata\": {\r\n          \"assignedBy\": \"Sandip Shahane\",\r\n          \"parameterScopes\": {}\r\n        }\r\n      },\r\n      \"id\": \"/subscriptions/e78961ba-36fe-4739-9212-e3031b4c8db7/providers/Microsoft.Authorization/policyAssignments/5e9286a7cef840afb36b18a7\",\r\n      \"type\": \"Microsoft.Authorization/policyAssignments\",\r\n      \"name\": \"5e9286a7cef840afb36b18a7\",\r\n      \"location\": \"eastus\"\r\n    },\r\n    {\r\n      \"sku\": {\r\n        \"name\": \"A0\",\r\n        \"tier\": \"Free\"\r\n      },\r\n      \"properties\": {\r\n        \"displayName\": \"[Preview]: Enable Monitoring in Azure Security Center\",\r\n        \"policyDefinitionId\": \"/providers/Microsoft.Authorization/policySetDefinitions/1f3afdf9-d0c9-4c3d-847f-89da613e70a8\",\r\n        \"scope\": \"/subscriptions/e78961ba-36fe-4739-9212-e3031b4c8db7\",\r\n        \"notScopes\": [],\r\n        \"parameters\": {},\r\n        \"metadata\": {\r\n          \"assignedBy\": \"Rohit Bhardwaj\",\r\n          \"parameterScopes\": {},\r\n          \"createdBy\": \"22ac4b8c-9194-4feb-b6c6-0e7a995fca2e\",\r\n          \"createdOn\": \"2019-05-01T00:17:00.0617598Z\",\r\n          \"updatedBy\": null,\r\n          \"updatedOn\": null\r\n        }\r\n      },\r\n      \"id\": \"/subscriptions/e78961ba-36fe-4739-9212-e3031b4c8db7/providers/Microsoft.Authorization/policyAssignments/d58dea05c8704a33b6c8e43e\",\r\n      \"type\": \"Microsoft.Authorization/policyAssignments\",\r\n      \"name\": \"d58dea05c8704a33b6c8e43e\",\r\n      \"location\": \"eastus\"\r\n    },\r\n    {\r\n      \"sku\": {\r\n        \"name\": \"A0\",\r\n        \"tier\": \"Free\"\r\n      },\r\n      \"properties\": {\r\n        \"displayName\": \"Audit enabling of diagnostic logs in Azure Data Lake Store\",\r\n        \"policyDefinitionId\": \"/providers/Microsoft.Authorization/policyDefinitions/057ef27e-665e-4328-8ea3-04b3122bd9fb\",\r\n        \"scope\": \"/providers/Microsoft.Management/managementGroups/PolicyUIMG\",\r\n        \"notScopes\": [],\r\n        \"parameters\": {},\r\n        \"metadata\": {\r\n          \"assignedBy\": \"Sandip Shahane\",\r\n          \"parameterScopes\": {}\r\n        }\r\n      },\r\n      \"id\": \"/providers/Microsoft.Management/managementGroups/PolicyUIMG/providers/Microsoft.Authorization/policyAssignments/66926b7556734dcf9a80080f\",\r\n      \"type\": \"Microsoft.Authorization/policyAssignments\",\r\n      \"name\": \"66926b7556734dcf9a80080f\",\r\n      \"location\": \"eastus\"\r\n    },\r\n    {\r\n      \"sku\": {\r\n        \"name\": \"A0\",\r\n        \"tier\": \"Free\"\r\n      },\r\n      \"properties\": {\r\n        \"displayName\": \"Audit VMs that do not use managed disks delete this\",\r\n        \"policyDefinitionId\": \"/providers/Microsoft.Authorization/policyDefinitions/06a78e20-9358-41c9-923c-fb736d382a4d\",\r\n        \"scope\": \"/providers/Microsoft.Management/managementGroups/PolicyUIMG\",\r\n        \"notScopes\": [],\r\n        \"parameters\": {},\r\n        \"metadata\": {\r\n          \"assignedBy\": \"Sandip Shahane\",\r\n          \"parameterScopes\": {},\r\n          \"createdBy\": \"327c26bf-bf3e-4128-9b75-fbbd99e98739\",\r\n          \"createdOn\": \"2019-06-20T23:21:22.259084Z\",\r\n          \"updatedBy\": null,\r\n          \"updatedOn\": null\r\n        }\r\n      },\r\n      \"id\": \"/providers/Microsoft.Management/managementGroups/PolicyUIMG/providers/Microsoft.Authorization/policyAssignments/ebc169a314df42b9bf912b4f\",\r\n      \"type\": \"Microsoft.Authorization/policyAssignments\",\r\n      \"name\": \"ebc169a314df42b9bf912b4f\",\r\n      \"location\": \"eastus\"\r\n    },\r\n    {\r\n      \"sku\": {\r\n        \"name\": \"A0\",\r\n        \"tier\": \"Free\"\r\n      },\r\n      \"properties\": {\r\n        \"displayName\": \"sandipsh CRI 2 [Preview]: Audit Dependency Agent Deployment - VM Image (OS) unlisted\",\r\n        \"policyDefinitionId\": \"/providers/Microsoft.Authorization/policyDefinitions/11ac78e3-31bc-4f0c-8434-37ab963cea07\",\r\n        \"scope\": \"/providers/Microsoft.Management/managementGroups/AzGovTest5\",\r\n        \"notScopes\": [],\r\n        \"parameters\": {},\r\n        \"metadata\": {\r\n          \"assignedBy\": \"Sandip Shahane\",\r\n          \"parameterScopes\": {}\r\n        }\r\n      },\r\n      \"id\": \"/providers/Microsoft.Management/managementGroups/AzGovTest5/providers/Microsoft.Authorization/policyAssignments/8a5f4a42ed8743de909b269c\",\r\n      \"type\": \"Microsoft.Authorization/policyAssignments\",\r\n      \"name\": \"8a5f4a42ed8743de909b269c\",\r\n      \"location\": \"eastus\"\r\n    },\r\n    {\r\n      \"sku\": {\r\n        \"name\": \"A0\",\r\n        \"tier\": \"Free\"\r\n      },\r\n      \"properties\": {\r\n        \"policyDefinitionId\": \"/providers/Microsoft.Authorization/policyDefinitions/404c3081-a854-4457-ae30-26a93ef643f9\",\r\n        \"scope\": \"/providers/microsoft.management/managementgroups/AzGovTest5\"\r\n      },\r\n      \"id\": \"/providers/microsoft.management/managementgroups/AzGovTest5/providers/Microsoft.Authorization/policyAssignments/jilimcss\",\r\n      \"type\": \"Microsoft.Authorization/policyAssignments\",\r\n      \"name\": \"jilimcss\"\r\n    }\r\n  ]\r\n}",
      "StatusCode": 200
    },
    {
      "RequestUri": "/subscriptions/e78961ba-36fe-4739-9212-e3031b4c8db7/providers/Microsoft.Authorization/policyassignments?$filter=policyDefinitionId%20eq%20'someId'&api-version=2019-01-01",
      "EncodedRequestUri": "L3N1YnNjcmlwdGlvbnMvZTc4OTYxYmEtMzZmZS00NzM5LTkyMTItZTMwMzFiNGM4ZGI3L3Byb3ZpZGVycy9NaWNyb3NvZnQuQXV0aG9yaXphdGlvbi9wb2xpY3lhc3NpZ25tZW50cz8kZmlsdGVyPXBvbGljeURlZmluaXRpb25JZCUyMGVxJTIwJ3NvbWVJZCcmYXBpLXZlcnNpb249MjAxOS0wMS0wMQ==",
=======
      "ResponseBody": "{\r\n  \"value\": [\r\n    {\r\n      \"sku\": {\r\n        \"name\": \"A0\",\r\n        \"tier\": \"Free\"\r\n      },\r\n      \"properties\": {\r\n        \"displayName\": \"Test Modify initiative\",\r\n        \"policyDefinitionId\": \"/subscriptions/f67cc918-f64f-4c3f-aa24-a855465f9d41/providers/Microsoft.Authorization/policySetDefinitions/55afae72-7df0-417b-9eb7-f756576c854a\",\r\n        \"scope\": \"/subscriptions/f67cc918-f64f-4c3f-aa24-a855465f9d41\",\r\n        \"notScopes\": [],\r\n        \"parameters\": {},\r\n        \"description\": \"\",\r\n        \"metadata\": {\r\n          \"assignedBy\": \"Robert Gao\",\r\n          \"parameterScopes\": {},\r\n          \"createdBy\": \"0dc80135-ae53-4da3-8695-220a2d93aad8\",\r\n          \"createdOn\": \"2019-08-29T00:36:56.3908822Z\",\r\n          \"updatedBy\": \"36e2f355-d2e2-4fbc-88ab-4281639dff94\",\r\n          \"updatedOn\": \"2019-11-11T22:00:41.5492656Z\"\r\n        },\r\n        \"enforcementMode\": \"Default\"\r\n      },\r\n      \"identity\": {\r\n        \"principalId\": \"48036e81-a2af-4e6c-9624-4908615cc36d\",\r\n        \"tenantId\": \"72f988bf-86f1-41af-91ab-2d7cd011db47\",\r\n        \"type\": \"SystemAssigned\"\r\n      },\r\n      \"id\": \"/subscriptions/f67cc918-f64f-4c3f-aa24-a855465f9d41/providers/Microsoft.Authorization/policyAssignments/3cf2c941d7b2418ca7b860e2\",\r\n      \"type\": \"Microsoft.Authorization/policyAssignments\",\r\n      \"name\": \"3cf2c941d7b2418ca7b860e2\",\r\n      \"location\": \"eastus\"\r\n    },\r\n    {\r\n      \"sku\": {\r\n        \"name\": \"A0\",\r\n        \"tier\": \"Free\"\r\n      },\r\n      \"properties\": {\r\n        \"displayName\": \"chegg replace tag RG\",\r\n        \"policyDefinitionId\": \"/providers/Microsoft.Authorization/policyDefinitions/d157c373-a6c4-483d-aaad-570756956268\",\r\n        \"scope\": \"/subscriptions/f67cc918-f64f-4c3f-aa24-a855465f9d41\",\r\n        \"notScopes\": [],\r\n        \"parameters\": {\r\n          \"tagName\": {\r\n            \"value\": \"cheggReplaced\"\r\n          },\r\n          \"tagValue\": {\r\n            \"value\": \"true_112019_246PM\"\r\n          }\r\n        },\r\n        \"description\": \"\",\r\n        \"metadata\": {\r\n          \"assignedBy\": \"Chris Eggert\",\r\n          \"parameterScopes\": {},\r\n          \"createdBy\": \"36e2f355-d2e2-4fbc-88ab-4281639dff94\",\r\n          \"createdOn\": \"2019-11-06T23:26:56.0841235Z\",\r\n          \"updatedBy\": \"36e2f355-d2e2-4fbc-88ab-4281639dff94\",\r\n          \"updatedOn\": \"2019-11-20T22:46:27.8117346Z\"\r\n        },\r\n        \"enforcementMode\": \"DoNotEnforce\"\r\n      },\r\n      \"identity\": {\r\n        \"principalId\": \"9f6b0b38-d4b1-43d7-9ec8-4905306fe6fa\",\r\n        \"tenantId\": \"72f988bf-86f1-41af-91ab-2d7cd011db47\",\r\n        \"type\": \"SystemAssigned\"\r\n      },\r\n      \"id\": \"/subscriptions/f67cc918-f64f-4c3f-aa24-a855465f9d41/providers/Microsoft.Authorization/policyAssignments/98a7c096f5154b8eadd36f8c\",\r\n      \"type\": \"Microsoft.Authorization/policyAssignments\",\r\n      \"name\": \"98a7c096f5154b8eadd36f8c\",\r\n      \"location\": \"eastus\"\r\n    },\r\n    {\r\n      \"sku\": {\r\n        \"name\": \"A0\",\r\n        \"tier\": \"Free\"\r\n      },\r\n      \"properties\": {\r\n        \"displayName\": \"[Preview]: Audit NIST SP 800-53 R4 controls and deploy specific VM Extensions to support audit requirements\",\r\n        \"policyDefinitionId\": \"/providers/Microsoft.Authorization/policySetDefinitions/cf25b9c1-bd23-4eb6-bd2c-f4f3ac644a5f\",\r\n        \"scope\": \"/subscriptions/f67cc918-f64f-4c3f-aa24-a855465f9d41\",\r\n        \"notScopes\": [],\r\n        \"parameters\": {\r\n          \"logAnalyticsWorkspaceIdforVMReporting\": {\r\n            \"value\": \"fasdff\"\r\n          },\r\n          \"listOfResourceTypesWithDiagnosticLogsEnabled\": {\r\n            \"value\": [\r\n              \"Microsoft.Network/applicationGateways\",\r\n              \"Microsoft.Automation/automationAccounts\",\r\n              \"Microsoft.ContainerInstance/containerGroups\",\r\n              \"Microsoft.ContainerRegistry/registries\",\r\n              \"Microsoft.ContainerService/managedClusters\",\r\n              \"Microsoft.Batch/batchAccounts\",\r\n              \"Microsoft.Cdn/profiles/endpoints\",\r\n              \"Microsoft.CognitiveServices/accounts\",\r\n              \"Microsoft.DocumentDB/databaseAccounts\",\r\n              \"Microsoft.DataFactory/factories\",\r\n              \"Microsoft.DataLakeAnalytics/accounts\",\r\n              \"Microsoft.DataLakeStore/accounts\",\r\n              \"Microsoft.EventGrid/eventSubscriptions\",\r\n              \"Microsoft.EventGrid/topics\",\r\n              \"Microsoft.EventHub/namespaces\",\r\n              \"Microsoft.Network/expressRouteCircuits\",\r\n              \"Microsoft.Network/azureFirewalls\",\r\n              \"Microsoft.HDInsight/clusters\",\r\n              \"Microsoft.Devices/IotHubs\",\r\n              \"Microsoft.KeyVault/vaults\",\r\n              \"Microsoft.Network/loadBalancers\",\r\n              \"Microsoft.Logic/integrationAccounts\",\r\n              \"Microsoft.Logic/workflows\",\r\n              \"Microsoft.DBforMySQL/servers\",\r\n              \"Microsoft.Network/networkInterfaces\",\r\n              \"Microsoft.Network/networkSecurityGroups\",\r\n              \"Microsoft.DBforPostgreSQL/servers\",\r\n              \"Microsoft.PowerBIDedicated/capacities\",\r\n              \"Microsoft.Network/publicIPAddresses\",\r\n              \"Microsoft.RecoveryServices/vaults\",\r\n              \"Microsoft.Cache/redis\",\r\n              \"Microsoft.Relay/namespaces\",\r\n              \"Microsoft.Search/searchServices\",\r\n              \"Microsoft.ServiceBus/namespaces\",\r\n              \"Microsoft.SignalRService/SignalR\",\r\n              \"Microsoft.Sql/servers/databases\",\r\n              \"Microsoft.Sql/servers/elasticPools\",\r\n              \"Microsoft.StreamAnalytics/streamingjobs\",\r\n              \"Microsoft.TimeSeriesInsights/environments\",\r\n              \"Microsoft.Network/trafficManagerProfiles\",\r\n              \"Microsoft.Compute/virtualMachines\",\r\n              \"Microsoft.Compute/virtualMachineScaleSets\",\r\n              \"Microsoft.Network/virtualNetworks\",\r\n              \"Microsoft.Network/virtualNetworkGateways\"\r\n            ]\r\n          },\r\n          \"listOfMembersToExcludeFromWindowsVMAdministratorsGroup\": {\r\n            \"value\": \"cheggert\"\r\n          },\r\n          \"listOfMembersToIncludeInWindowsVMAdministratorsGroup\": {\r\n            \"value\": \"rohitbh\"\r\n          }\r\n        },\r\n        \"description\": \"This initiative includes audit and VM Extension deployment policies that address a subset of NIST SP 800-53 R4 controls. Additional policies will be added in upcoming releases. For more information, please visit https://aka.ms/nist80053-blueprint.\",\r\n        \"metadata\": {\r\n          \"assignedBy\": \"Chris Eggert\",\r\n          \"parameterScopes\": {},\r\n          \"createdBy\": \"36e2f355-d2e2-4fbc-88ab-4281639dff94\",\r\n          \"createdOn\": \"2019-11-20T22:11:26.047177Z\",\r\n          \"updatedBy\": \"36e2f355-d2e2-4fbc-88ab-4281639dff94\",\r\n          \"updatedOn\": \"2019-11-22T04:20:25.4141918Z\"\r\n        },\r\n        \"enforcementMode\": \"Default\"\r\n      },\r\n      \"identity\": {\r\n        \"principalId\": \"c7519ca7-0d79-4b0f-af0b-0a4cfe3402d0\",\r\n        \"tenantId\": \"72f988bf-86f1-41af-91ab-2d7cd011db47\",\r\n        \"type\": \"SystemAssigned\"\r\n      },\r\n      \"id\": \"/subscriptions/f67cc918-f64f-4c3f-aa24-a855465f9d41/providers/Microsoft.Authorization/policyAssignments/d17bc2764dae4ec1be07d178\",\r\n      \"type\": \"Microsoft.Authorization/policyAssignments\",\r\n      \"name\": \"d17bc2764dae4ec1be07d178\",\r\n      \"location\": \"eastus\"\r\n    },\r\n    {\r\n      \"sku\": {\r\n        \"name\": \"A0\",\r\n        \"tier\": \"Free\"\r\n      },\r\n      \"properties\": {\r\n        \"displayName\": \"rohitbh: Key vault access policy (Always give Joel access)\",\r\n        \"policyDefinitionId\": \"/subscriptions/f67cc918-f64f-4c3f-aa24-a855465f9d41/providers/Microsoft.Authorization/policyDefinitions/3863c624-094c-480d-bc42-74970b55e5e1\",\r\n        \"scope\": \"/subscriptions/f67cc918-f64f-4c3f-aa24-a855465f9d41\",\r\n        \"notScopes\": [],\r\n        \"parameters\": {\r\n          \"userObjectId\": {\r\n            \"value\": \"644c17f7-2b49-4549-a67f-bcc0448cd850\"\r\n          }\r\n        },\r\n        \"description\": \"Assignment description\",\r\n        \"metadata\": {\r\n          \"assignedBy\": \"Rohit Bhardwaj\",\r\n          \"parameterScopes\": {},\r\n          \"createdBy\": \"22ac4b8c-9194-4feb-b6c6-0e7a995fca2e\",\r\n          \"createdOn\": \"2019-03-26T00:12:03.5422031Z\",\r\n          \"updatedBy\": \"36e2f355-d2e2-4fbc-88ab-4281639dff94\",\r\n          \"updatedOn\": \"2019-11-12T22:23:50.9933459Z\"\r\n        },\r\n        \"enforcementMode\": \"DoNotEnforce\"\r\n      },\r\n      \"identity\": {\r\n        \"principalId\": \"f12ee62c-35e6-45ec-b44b-13587ca23514\",\r\n        \"tenantId\": \"72f988bf-86f1-41af-91ab-2d7cd011db47\",\r\n        \"type\": \"SystemAssigned\"\r\n      },\r\n      \"id\": \"/subscriptions/f67cc918-f64f-4c3f-aa24-a855465f9d41/providers/Microsoft.Authorization/policyAssignments/ebccc544c4dd43d29c937f0c\",\r\n      \"type\": \"Microsoft.Authorization/policyAssignments\",\r\n      \"name\": \"ebccc544c4dd43d29c937f0c\",\r\n      \"location\": \"eastus\"\r\n    },\r\n    {\r\n      \"sku\": {\r\n        \"name\": \"A0\",\r\n        \"tier\": \"Free\"\r\n      },\r\n      \"properties\": {\r\n        \"displayName\": \"chegg: Replace tag without becoming compliant\",\r\n        \"policyDefinitionId\": \"/subscriptions/f67cc918-f64f-4c3f-aa24-a855465f9d41/providers/Microsoft.Authorization/policyDefinitions/270f0d11-af30-4c15-95f7-28ba884518f0\",\r\n        \"scope\": \"/subscriptions/f67cc918-f64f-4c3f-aa24-a855465f9d41\",\r\n        \"notScopes\": [],\r\n        \"parameters\": {},\r\n        \"metadata\": {\r\n          \"assignedBy\": \"Chris Eggert\",\r\n          \"parameterScopes\": {},\r\n          \"createdBy\": \"36e2f355-d2e2-4fbc-88ab-4281639dff94\",\r\n          \"createdOn\": \"2019-11-21T00:28:49.7568462Z\",\r\n          \"updatedBy\": null,\r\n          \"updatedOn\": null\r\n        },\r\n        \"enforcementMode\": \"DoNotEnforce\"\r\n      },\r\n      \"identity\": {\r\n        \"principalId\": \"8b9d526a-9e43-4d1b-8bfe-cfe4d90f3b58\",\r\n        \"tenantId\": \"72f988bf-86f1-41af-91ab-2d7cd011db47\",\r\n        \"type\": \"SystemAssigned\"\r\n      },\r\n      \"id\": \"/subscriptions/f67cc918-f64f-4c3f-aa24-a855465f9d41/providers/Microsoft.Authorization/policyAssignments/ee5909f9ee3f4c12bbed6efc\",\r\n      \"type\": \"Microsoft.Authorization/policyAssignments\",\r\n      \"name\": \"ee5909f9ee3f4c12bbed6efc\",\r\n      \"location\": \"eastus\"\r\n    },\r\n    {\r\n      \"sku\": {\r\n        \"name\": \"A0\",\r\n        \"tier\": \"Free\"\r\n      },\r\n      \"properties\": {\r\n        \"displayName\": \"Empty deployment on each KeyVault resource (SUB)\",\r\n        \"policyDefinitionId\": \"/providers/Microsoft.Management/managementGroups/AzGovPerfTest/providers/Microsoft.Authorization/policyDefinitions/78a38c70-5549-49bd-8a16-fe3619e5d2cf\",\r\n        \"scope\": \"/subscriptions/f67cc918-f64f-4c3f-aa24-a855465f9d41\",\r\n        \"notScopes\": [],\r\n        \"parameters\": {},\r\n        \"description\": \"Deploys an empty deployment (with one output) on each KeyVault vault.  Used for some PolicyInsights SDK tests.\",\r\n        \"metadata\": {\r\n          \"assignedBy\": \"Chris Eggert\",\r\n          \"parameterScopes\": {},\r\n          \"createdBy\": \"36e2f355-d2e2-4fbc-88ab-4281639dff94\",\r\n          \"createdOn\": \"2019-11-21T17:43:53.4694168Z\",\r\n          \"updatedBy\": \"36e2f355-d2e2-4fbc-88ab-4281639dff94\",\r\n          \"updatedOn\": \"2019-11-21T17:44:38.1610927Z\"\r\n        },\r\n        \"enforcementMode\": \"DoNotEnforce\"\r\n      },\r\n      \"identity\": {\r\n        \"principalId\": \"dfd2385a-7700-420f-b164-bd9ffb52285b\",\r\n        \"tenantId\": \"72f988bf-86f1-41af-91ab-2d7cd011db47\",\r\n        \"type\": \"SystemAssigned\"\r\n      },\r\n      \"id\": \"/subscriptions/f67cc918-f64f-4c3f-aa24-a855465f9d41/providers/Microsoft.Authorization/policyAssignments/fcddeb6113ec43798567dce2\",\r\n      \"type\": \"Microsoft.Authorization/policyAssignments\",\r\n      \"name\": \"fcddeb6113ec43798567dce2\",\r\n      \"location\": \"eastus\"\r\n    },\r\n    {\r\n      \"sku\": {\r\n        \"name\": \"A0\",\r\n        \"tier\": \"Free\"\r\n      },\r\n      \"properties\": {\r\n        \"displayName\": \"Empty deployment on each KeyVault resource (MG)\",\r\n        \"policyDefinitionId\": \"/providers/Microsoft.Management/managementGroups/AzGovPerfTest/providers/Microsoft.Authorization/policyDefinitions/78a38c70-5549-49bd-8a16-fe3619e5d2cf\",\r\n        \"scope\": \"/providers/Microsoft.Management/managementGroups/AzGovPerfTest\",\r\n        \"notScopes\": [],\r\n        \"parameters\": {},\r\n        \"description\": \"Deploys an empty deployment (with one output) on each KeyVault vault.  Used for some PolicyInsights SDK tests.\",\r\n        \"metadata\": {\r\n          \"assignedBy\": \"Chris Eggert\",\r\n          \"parameterScopes\": {},\r\n          \"createdBy\": \"36e2f355-d2e2-4fbc-88ab-4281639dff94\",\r\n          \"createdOn\": \"2019-11-21T17:44:17.3643721Z\",\r\n          \"updatedBy\": null,\r\n          \"updatedOn\": null\r\n        },\r\n        \"enforcementMode\": \"DoNotEnforce\"\r\n      },\r\n      \"identity\": {\r\n        \"principalId\": \"067c1aa0-c425-4ad5-80fe-41d4639b1d42\",\r\n        \"tenantId\": \"72f988bf-86f1-41af-91ab-2d7cd011db47\",\r\n        \"type\": \"SystemAssigned\"\r\n      },\r\n      \"id\": \"/providers/Microsoft.Management/managementGroups/AzGovPerfTest/providers/Microsoft.Authorization/policyAssignments/d80d743b97874fd3bfd1d539\",\r\n      \"type\": \"Microsoft.Authorization/policyAssignments\",\r\n      \"name\": \"d80d743b97874fd3bfd1d539\",\r\n      \"location\": \"eastus\"\r\n    },\r\n    {\r\n      \"sku\": {\r\n        \"name\": \"A0\",\r\n        \"tier\": \"Free\"\r\n      },\r\n      \"properties\": {\r\n        \"displayName\": \"Audit tag at MG\",\r\n        \"policyDefinitionId\": \"/providers/Microsoft.Management/managementGroups/AzGovPerfTest/providers/Microsoft.Authorization/policyDefinitions/03ae6c12-b46a-43f1-9f3d-c20620473106\",\r\n        \"scope\": \"/providers/Microsoft.Management/managementGroups/AzGovPerfTest\",\r\n        \"notScopes\": [\r\n          \"/subscriptions/086aecf4-23d6-4dfd-99a8-a5c6299f0322\"\r\n        ],\r\n        \"parameters\": {},\r\n        \"metadata\": {\r\n          \"assignedBy\": \"Chris Eggert\",\r\n          \"parameterScopes\": {},\r\n          \"createdBy\": \"327c26bf-bf3e-4128-9b75-fbbd99e98739\",\r\n          \"createdOn\": \"2019-09-19T21:02:48.2629834Z\",\r\n          \"updatedBy\": \"36e2f355-d2e2-4fbc-88ab-4281639dff94\",\r\n          \"updatedOn\": \"2019-10-01T17:50:28.4254014Z\"\r\n        },\r\n        \"enforcementMode\": \"Default\"\r\n      },\r\n      \"id\": \"/providers/Microsoft.Management/managementGroups/AzGovPerfTest/providers/Microsoft.Authorization/policyAssignments/ef26e8bbc3da423ebf7fcb80\",\r\n      \"type\": \"Microsoft.Authorization/policyAssignments\",\r\n      \"name\": \"ef26e8bbc3da423ebf7fcb80\"\r\n    }\r\n  ]\r\n}",
      "StatusCode": 200
    },
    {
      "RequestUri": "/subscriptions/f67cc918-f64f-4c3f-aa24-a855465f9d41/providers/Microsoft.Authorization/policyassignments?$filter=policyDefinitionId%20eq%20'someId'&api-version=2019-09-01",
      "EncodedRequestUri": "L3N1YnNjcmlwdGlvbnMvZjY3Y2M5MTgtZjY0Zi00YzNmLWFhMjQtYTg1NTQ2NWY5ZDQxL3Byb3ZpZGVycy9NaWNyb3NvZnQuQXV0aG9yaXphdGlvbi9wb2xpY3lhc3NpZ25tZW50cz8kZmlsdGVyPXBvbGljeURlZmluaXRpb25JZCUyMGVxJTIwJ3NvbWVJZCcmYXBpLXZlcnNpb249MjAxOS0wOS0wMQ==",
>>>>>>> d78b04a5306127f583235b13752c48d4f7d1289a
      "RequestMethod": "GET",
      "RequestBody": "",
      "RequestHeaders": {
        "User-Agent": [
          "AzurePowershell/v1.0.0",
<<<<<<< HEAD
          "PSVersion/v6.1.0"
=======
          "PSVersion/v6.2.3"
>>>>>>> d78b04a5306127f583235b13752c48d4f7d1289a
        ],
        "ParameterSetName": [
          "NameParameterSet"
        ],
        "CommandName": [
          "Get-AzPolicyAssignment"
        ]
      },
      "ResponseHeaders": {
        "Cache-Control": [
          "no-cache"
        ],
        "Pragma": [
          "no-cache"
        ],
        "Vary": [
          "Accept-Encoding"
        ],
        "x-ms-request-id": [
<<<<<<< HEAD
          "westus:da2c4bdf-aa1f-47f8-a632-e9c4c6d06af1"
        ],
        "x-ms-ratelimit-remaining-subscription-reads": [
          "11992"
        ],
        "x-ms-correlation-request-id": [
          "0801160b-08e1-4ab1-aa6a-612eeed9544f"
        ],
        "x-ms-routing-request-id": [
          "WESTUS:20190715T205537Z:0801160b-08e1-4ab1-aa6a-612eeed9544f"
=======
          "westus:d2e6d7aa-d0a8-453d-b278-476a0c7918ca"
        ],
        "x-ms-ratelimit-remaining-subscription-reads": [
          "11996"
        ],
        "x-ms-correlation-request-id": [
          "08ca7436-a98c-4aa5-a909-2b5f939bbf80"
        ],
        "x-ms-routing-request-id": [
          "WESTUS:20191202T223834Z:08ca7436-a98c-4aa5-a909-2b5f939bbf80"
>>>>>>> d78b04a5306127f583235b13752c48d4f7d1289a
        ],
        "Strict-Transport-Security": [
          "max-age=31536000; includeSubDomains"
        ],
        "X-Content-Type-Options": [
          "nosniff"
        ],
        "Date": [
<<<<<<< HEAD
          "Mon, 15 Jul 2019 20:55:36 GMT"
=======
          "Mon, 02 Dec 2019 22:38:33 GMT"
>>>>>>> d78b04a5306127f583235b13752c48d4f7d1289a
        ],
        "Content-Length": [
          "12"
        ],
        "Content-Type": [
          "application/json; charset=utf-8"
        ],
        "Expires": [
          "-1"
        ],
        "Retry-After": [
          "0"
        ]
      },
      "ResponseBody": "{\r\n  \"value\": []\r\n}",
      "StatusCode": 200
    },
    {
<<<<<<< HEAD
      "RequestUri": "/subscriptions/e78961ba-36fe-4739-9212-e3031b4c8db7/providers/Microsoft.Authorization/policyassignments?api-version=2019-01-01",
      "EncodedRequestUri": "L3N1YnNjcmlwdGlvbnMvZTc4OTYxYmEtMzZmZS00NzM5LTkyMTItZTMwMzFiNGM4ZGI3L3Byb3ZpZGVycy9NaWNyb3NvZnQuQXV0aG9yaXphdGlvbi9wb2xpY3lhc3NpZ25tZW50cz9hcGktdmVyc2lvbj0yMDE5LTAxLTAx",
=======
      "RequestUri": "/subscriptions/f67cc918-f64f-4c3f-aa24-a855465f9d41/providers/Microsoft.Authorization/policyassignments?api-version=2019-09-01",
      "EncodedRequestUri": "L3N1YnNjcmlwdGlvbnMvZjY3Y2M5MTgtZjY0Zi00YzNmLWFhMjQtYTg1NTQ2NWY5ZDQxL3Byb3ZpZGVycy9NaWNyb3NvZnQuQXV0aG9yaXphdGlvbi9wb2xpY3lhc3NpZ25tZW50cz9hcGktdmVyc2lvbj0yMDE5LTA5LTAx",
>>>>>>> d78b04a5306127f583235b13752c48d4f7d1289a
      "RequestMethod": "GET",
      "RequestBody": "",
      "RequestHeaders": {
        "User-Agent": [
          "AzurePowershell/v1.0.0",
<<<<<<< HEAD
          "PSVersion/v6.1.0"
=======
          "PSVersion/v6.2.3"
>>>>>>> d78b04a5306127f583235b13752c48d4f7d1289a
        ],
        "ParameterSetName": [
          "IncludeDescendentParameterSet"
        ],
        "CommandName": [
          "Get-AzPolicyAssignment"
        ]
      },
      "ResponseHeaders": {
        "Cache-Control": [
          "no-cache"
        ],
        "Pragma": [
          "no-cache"
        ],
        "Vary": [
          "Accept-Encoding"
        ],
        "x-ms-request-id": [
<<<<<<< HEAD
          "westus:8e7d7eaf-e616-4687-8d03-11850ef5d1db"
        ],
        "x-ms-ratelimit-remaining-subscription-reads": [
          "11994"
        ],
        "x-ms-correlation-request-id": [
          "d31cd34d-4d97-4cd2-98d5-0e7379a5f6a3"
        ],
        "x-ms-routing-request-id": [
          "WESTUS:20190715T205537Z:d31cd34d-4d97-4cd2-98d5-0e7379a5f6a3"
=======
          "westus:7bc08962-7c33-4a4d-88f0-09badbb8d34f"
        ],
        "x-ms-ratelimit-remaining-subscription-reads": [
          "11991"
        ],
        "x-ms-correlation-request-id": [
          "3a318959-3e9d-454e-9734-f7ec5a79db3c"
        ],
        "x-ms-routing-request-id": [
          "WESTUS:20191202T223834Z:3a318959-3e9d-454e-9734-f7ec5a79db3c"
>>>>>>> d78b04a5306127f583235b13752c48d4f7d1289a
        ],
        "Strict-Transport-Security": [
          "max-age=31536000; includeSubDomains"
        ],
        "X-Content-Type-Options": [
          "nosniff"
        ],
        "Date": [
<<<<<<< HEAD
          "Mon, 15 Jul 2019 20:55:37 GMT"
        ],
        "Content-Length": [
          "11997"
=======
          "Mon, 02 Dec 2019 22:38:34 GMT"
        ],
        "Content-Length": [
          "10632"
>>>>>>> d78b04a5306127f583235b13752c48d4f7d1289a
        ],
        "Content-Type": [
          "application/json; charset=utf-8"
        ],
        "Expires": [
          "-1"
        ],
        "Retry-After": [
          "0"
        ]
      },
<<<<<<< HEAD
      "ResponseBody": "{\r\n  \"value\": [\r\n    {\r\n      \"sku\": {\r\n        \"name\": \"A0\",\r\n        \"tier\": \"Free\"\r\n      },\r\n      \"properties\": {\r\n        \"displayName\": \"[Preview]: Enable Monitoring in Azure Security Center\",\r\n        \"policyDefinitionId\": \"/providers/Microsoft.Authorization/policySetDefinitions/1f3afdf9-d0c9-4c3d-847f-89da613e70a8\",\r\n        \"scope\": \"/subscriptions/e78961ba-36fe-4739-9212-e3031b4c8db7\",\r\n        \"notScopes\": [],\r\n        \"parameters\": {},\r\n        \"metadata\": {\r\n          \"assignedBy\": \"Sandip Shahane\",\r\n          \"parameterScopes\": {}\r\n        }\r\n      },\r\n      \"id\": \"/subscriptions/e78961ba-36fe-4739-9212-e3031b4c8db7/providers/Microsoft.Authorization/policyAssignments/1e4e70f9cd4846268b6998ee\",\r\n      \"type\": \"Microsoft.Authorization/policyAssignments\",\r\n      \"name\": \"1e4e70f9cd4846268b6998ee\",\r\n      \"location\": \"eastus\"\r\n    },\r\n    {\r\n      \"sku\": {\r\n        \"name\": \"A0\",\r\n        \"tier\": \"Free\"\r\n      },\r\n      \"properties\": {\r\n        \"displayName\": \"VMs with no Managed Disk\",\r\n        \"policyDefinitionId\": \"/subscriptions/e78961ba-36fe-4739-9212-e3031b4c8db7/providers/Microsoft.Authorization/policyDefinitions/95696b24-404f-4376-a9a6-7fa8ba91e4d5\",\r\n        \"scope\": \"/subscriptions/e78961ba-36fe-4739-9212-e3031b4c8db7\",\r\n        \"notScopes\": [],\r\n        \"parameters\": {},\r\n        \"metadata\": {\r\n          \"assignedBy\": \"Tigran Shahbazian\",\r\n          \"parameterScopes\": {}\r\n        }\r\n      },\r\n      \"id\": \"/subscriptions/e78961ba-36fe-4739-9212-e3031b4c8db7/providers/Microsoft.Authorization/policyAssignments/21e5086343384f34a3b2d10b\",\r\n      \"type\": \"Microsoft.Authorization/policyAssignments\",\r\n      \"name\": \"21e5086343384f34a3b2d10b\"\r\n    },\r\n    {\r\n      \"sku\": {\r\n        \"name\": \"A0\",\r\n        \"tier\": \"Free\"\r\n      },\r\n      \"properties\": {\r\n        \"displayName\": \"Audit unrestricted network access to storage accounts\",\r\n        \"policyDefinitionId\": \"/providers/Microsoft.Authorization/policyDefinitions/34c877ad-507e-4c82-993e-3452a6e0ad3c\",\r\n        \"scope\": \"/subscriptions/e78961ba-36fe-4739-9212-e3031b4c8db7\",\r\n        \"notScopes\": [],\r\n        \"parameters\": {},\r\n        \"metadata\": {\r\n          \"assignedBy\": \"Sandip Shahane\",\r\n          \"parameterScopes\": {}\r\n        }\r\n      },\r\n      \"id\": \"/subscriptions/e78961ba-36fe-4739-9212-e3031b4c8db7/providers/Microsoft.Authorization/policyAssignments/4d31128e32d04a0098fd536e\",\r\n      \"type\": \"Microsoft.Authorization/policyAssignments\",\r\n      \"name\": \"4d31128e32d04a0098fd536e\",\r\n      \"location\": \"eastus\"\r\n    },\r\n    {\r\n      \"sku\": {\r\n        \"name\": \"A0\",\r\n        \"tier\": \"Free\"\r\n      },\r\n      \"properties\": {\r\n        \"displayName\": \"[Preview]: Enable Monitoring in Azure Security Center\",\r\n        \"policyDefinitionId\": \"/providers/Microsoft.Authorization/policySetDefinitions/1f3afdf9-d0c9-4c3d-847f-89da613e70a8\",\r\n        \"scope\": \"/subscriptions/e78961ba-36fe-4739-9212-e3031b4c8db7\",\r\n        \"notScopes\": [],\r\n        \"parameters\": {},\r\n        \"metadata\": {\r\n          \"assignedBy\": \"Sandip Shahane\",\r\n          \"parameterScopes\": {}\r\n        }\r\n      },\r\n      \"id\": \"/subscriptions/e78961ba-36fe-4739-9212-e3031b4c8db7/providers/Microsoft.Authorization/policyAssignments/4e4179ff39194a62bad4ef3e\",\r\n      \"type\": \"Microsoft.Authorization/policyAssignments\",\r\n      \"name\": \"4e4179ff39194a62bad4ef3e\",\r\n      \"location\": \"eastus\"\r\n    },\r\n    {\r\n      \"sku\": {\r\n        \"name\": \"A0\",\r\n        \"tier\": \"Free\"\r\n      },\r\n      \"properties\": {\r\n        \"displayName\": \"[Preview]: Audit missing blob encryption for storage accounts\",\r\n        \"policyDefinitionId\": \"/providers/Microsoft.Authorization/policyDefinitions/655cb504-bcee-4362-bd4c-402e6aa38759\",\r\n        \"scope\": \"/subscriptions/e78961ba-36fe-4739-9212-e3031b4c8db7\",\r\n        \"notScopes\": [],\r\n        \"parameters\": {},\r\n        \"metadata\": {\r\n          \"assignedBy\": \"Sandip Shahane\",\r\n          \"parameterScopes\": {}\r\n        }\r\n      },\r\n      \"id\": \"/subscriptions/e78961ba-36fe-4739-9212-e3031b4c8db7/providers/Microsoft.Authorization/policyAssignments/5e9286a7cef840afb36b18a7\",\r\n      \"type\": \"Microsoft.Authorization/policyAssignments\",\r\n      \"name\": \"5e9286a7cef840afb36b18a7\",\r\n      \"location\": \"eastus\"\r\n    },\r\n    {\r\n      \"sku\": {\r\n        \"name\": \"A0\",\r\n        \"tier\": \"Free\"\r\n      },\r\n      \"properties\": {\r\n        \"displayName\": \"[Preview]: Enable Monitoring in Azure Security Center\",\r\n        \"policyDefinitionId\": \"/providers/Microsoft.Authorization/policySetDefinitions/1f3afdf9-d0c9-4c3d-847f-89da613e70a8\",\r\n        \"scope\": \"/subscriptions/e78961ba-36fe-4739-9212-e3031b4c8db7\",\r\n        \"notScopes\": [],\r\n        \"parameters\": {},\r\n        \"metadata\": {\r\n          \"assignedBy\": \"Rohit Bhardwaj\",\r\n          \"parameterScopes\": {},\r\n          \"createdBy\": \"22ac4b8c-9194-4feb-b6c6-0e7a995fca2e\",\r\n          \"createdOn\": \"2019-05-01T00:17:00.0617598Z\",\r\n          \"updatedBy\": null,\r\n          \"updatedOn\": null\r\n        }\r\n      },\r\n      \"id\": \"/subscriptions/e78961ba-36fe-4739-9212-e3031b4c8db7/providers/Microsoft.Authorization/policyAssignments/d58dea05c8704a33b6c8e43e\",\r\n      \"type\": \"Microsoft.Authorization/policyAssignments\",\r\n      \"name\": \"d58dea05c8704a33b6c8e43e\",\r\n      \"location\": \"eastus\"\r\n    },\r\n    {\r\n      \"sku\": {\r\n        \"name\": \"A0\",\r\n        \"tier\": \"Free\"\r\n      },\r\n      \"properties\": {\r\n        \"displayName\": \"Enforce tag and its value\",\r\n        \"policyDefinitionId\": \"/providers/Microsoft.Authorization/policyDefinitions/1e30110a-5ceb-460c-a204-c1c3969c6d62\",\r\n        \"scope\": \"/subscriptions/e78961ba-36fe-4739-9212-e3031b4c8db7/resourcegroups/stuartko_testrg1\",\r\n        \"notScopes\": [],\r\n        \"parameters\": {\r\n          \"tagName\": {\r\n            \"value\": \"blahName\"\r\n          },\r\n          \"tagValue\": {\r\n            \"value\": \"blahValue\"\r\n          }\r\n        },\r\n        \"metadata\": {\r\n          \"assignedBy\": \"Stuart Konen\",\r\n          \"parameterScopes\": {}\r\n        }\r\n      },\r\n      \"id\": \"/subscriptions/e78961ba-36fe-4739-9212-e3031b4c8db7/resourcegroups/stuartko_testrg1/providers/Microsoft.Authorization/policyAssignments/41dfc116d41aa99bd1dfdd32578eecd9cf75e14481795fc90975dbb25ed97d70\",\r\n      \"type\": \"Microsoft.Authorization/policyAssignments\",\r\n      \"name\": \"41dfc116d41aa99bd1dfdd32578eecd9cf75e14481795fc90975dbb25ed97d70\"\r\n    },\r\n    {\r\n      \"sku\": {\r\n        \"name\": \"A0\",\r\n        \"tier\": \"Free\"\r\n      },\r\n      \"properties\": {\r\n        \"displayName\": \"jilmntest Append tag and its value from the resource group\",\r\n        \"policyDefinitionId\": \"/providers/Microsoft.Authorization/policyDefinitions/9ea02ca2-71db-412d-8b00-7c7ca9fcd32d\",\r\n        \"scope\": \"/subscriptions/e78961ba-36fe-4739-9212-e3031b4c8db7/resourceGroups/jilimntest\",\r\n        \"notScopes\": [],\r\n        \"parameters\": {\r\n          \"tagName\": {\r\n            \"value\": \"tag1\"\r\n          }\r\n        },\r\n        \"metadata\": {\r\n          \"assignedBy\": \"Jin Soon Lim\",\r\n          \"parameterScopes\": {},\r\n          \"createdBy\": \"69108416-6ac7-4a4f-ac13-fee20ff1ee02\",\r\n          \"createdOn\": \"2019-06-24T23:20:46.5138204Z\",\r\n          \"updatedBy\": null,\r\n          \"updatedOn\": null\r\n        }\r\n      },\r\n      \"id\": \"/subscriptions/e78961ba-36fe-4739-9212-e3031b4c8db7/resourceGroups/jilimntest/providers/Microsoft.Authorization/policyAssignments/56af151b043845ba9dfe0e84\",\r\n      \"type\": \"Microsoft.Authorization/policyAssignments\",\r\n      \"name\": \"56af151b043845ba9dfe0e84\",\r\n      \"location\": \"eastus\"\r\n    },\r\n    {\r\n      \"sku\": {\r\n        \"name\": \"A0\",\r\n        \"tier\": \"Free\"\r\n      },\r\n      \"properties\": {\r\n        \"displayName\": \"Azure KeyVault Allowed Locations\",\r\n        \"policyDefinitionId\": \"/providers/Microsoft.Management/managementGroups/AzGovTest5/providers/Microsoft.Authorization/policyDefinitions/e1d7de9f-42f0-4af1-9ee0-0187bfce08d5\",\r\n        \"scope\": \"/subscriptions/e78961ba-36fe-4739-9212-e3031b4c8db7/resourceGroups/ramya-test\",\r\n        \"notScopes\": [],\r\n        \"parameters\": {\r\n          \"allowedLocations\": {\r\n            \"value\": [\r\n              \"westus\"\r\n            ]\r\n          }\r\n        },\r\n        \"metadata\": {\r\n          \"assignedBy\": \"Ramyasree Chakka\",\r\n          \"parameterScopes\": {\r\n            \"allowedLocations\": \"/subscriptions/e78961ba-36fe-4739-9212-e3031b4c8db7/resourceGroups/ramya-test\"\r\n          },\r\n          \"createdBy\": \"82f25a3e-d28d-4c27-90d6-d92c79d98936\",\r\n          \"createdOn\": \"2019-05-15T23:11:34.9169304Z\",\r\n          \"updatedBy\": null,\r\n          \"updatedOn\": null\r\n        }\r\n      },\r\n      \"id\": \"/subscriptions/e78961ba-36fe-4739-9212-e3031b4c8db7/resourceGroups/ramya-test/providers/Microsoft.Authorization/policyAssignments/8c219f36c4c449b198f38f45\",\r\n      \"type\": \"Microsoft.Authorization/policyAssignments\",\r\n      \"name\": \"8c219f36c4c449b198f38f45\",\r\n      \"location\": \"eastus\"\r\n    },\r\n    {\r\n      \"sku\": {\r\n        \"name\": \"A0\",\r\n        \"tier\": \"Free\"\r\n      },\r\n      \"properties\": {\r\n        \"displayName\": \"[Preview]: Enable Monitoring in Azure Security Center\",\r\n        \"policyDefinitionId\": \"/providers/Microsoft.Authorization/policySetDefinitions/1f3afdf9-d0c9-4c3d-847f-89da613e70a8\",\r\n        \"scope\": \"/subscriptions/e78961ba-36fe-4739-9212-e3031b4c8db7/resourceGroups/cheggpolicy\",\r\n        \"notScopes\": [],\r\n        \"parameters\": {},\r\n        \"metadata\": {\r\n          \"assignedBy\": \"Rohit Bhardwaj\",\r\n          \"parameterScopes\": {},\r\n          \"createdBy\": \"22ac4b8c-9194-4feb-b6c6-0e7a995fca2e\",\r\n          \"createdOn\": \"2019-05-01T00:22:01.0195887Z\",\r\n          \"updatedBy\": null,\r\n          \"updatedOn\": null\r\n        }\r\n      },\r\n      \"id\": \"/subscriptions/e78961ba-36fe-4739-9212-e3031b4c8db7/resourceGroups/cheggpolicy/providers/Microsoft.Authorization/policyAssignments/8a4555d353ed46bb856e9890\",\r\n      \"type\": \"Microsoft.Authorization/policyAssignments\",\r\n      \"name\": \"8a4555d353ed46bb856e9890\",\r\n      \"location\": \"eastus\"\r\n    },\r\n    {\r\n      \"sku\": {\r\n        \"name\": \"A0\",\r\n        \"tier\": \"Free\"\r\n      },\r\n      \"properties\": {\r\n        \"displayName\": \"[Preview]: Deploy Log Analytics Agent for Windows VMs\",\r\n        \"policyDefinitionId\": \"/providers/Microsoft.Authorization/policyDefinitions/0868462e-646c-4fe3-9ced-a733534b6a2c\",\r\n        \"scope\": \"/subscriptions/e78961ba-36fe-4739-9212-e3031b4c8db7/resourceGroups/jilimrg\",\r\n        \"notScopes\": [],\r\n        \"parameters\": {\r\n          \"logAnalytics\": {\r\n            \"value\": \"/subscriptions/e78961ba-36fe-4739-9212-e3031b4c8db7/resourcegroups/defaultresourcegroup-weu/providers/microsoft.operationalinsights/workspaces/defaultworkspace-e78961ba-36fe-4739-9212-e3031b4c8db7-weu\"\r\n          }\r\n        },\r\n        \"metadata\": {\r\n          \"assignedBy\": \"Jin Soon Lim\",\r\n          \"parameterScopes\": {\r\n            \"logAnalytics\": \"/subscriptions/e78961ba-36fe-4739-9212-e3031b4c8db7\"\r\n          },\r\n          \"createdBy\": \"69108416-6ac7-4a4f-ac13-fee20ff1ee02\",\r\n          \"createdOn\": \"2019-06-24T19:14:43.0131358Z\",\r\n          \"updatedBy\": null,\r\n          \"updatedOn\": null\r\n        }\r\n      },\r\n      \"identity\": {\r\n        \"principalId\": \"ebd0adfd-2ebb-49ac-8356-2e445a21c226\",\r\n        \"tenantId\": \"72f988bf-86f1-41af-91ab-2d7cd011db47\",\r\n        \"type\": \"SystemAssigned\"\r\n      },\r\n      \"id\": \"/subscriptions/e78961ba-36fe-4739-9212-e3031b4c8db7/resourceGroups/jilimrg/providers/Microsoft.Authorization/policyAssignments/9f4513e4b2254b3c9be27189\",\r\n      \"type\": \"Microsoft.Authorization/policyAssignments\",\r\n      \"name\": \"9f4513e4b2254b3c9be27189\",\r\n      \"location\": \"centralus\"\r\n    },\r\n    {\r\n      \"sku\": {\r\n        \"name\": \"A0\",\r\n        \"tier\": \"Free\"\r\n      },\r\n      \"properties\": {\r\n        \"displayName\": \"jilim Append tag and its value from the resource group\",\r\n        \"policyDefinitionId\": \"/providers/Microsoft.Authorization/policyDefinitions/9ea02ca2-71db-412d-8b00-7c7ca9fcd32d\",\r\n        \"scope\": \"/subscriptions/e78961ba-36fe-4739-9212-e3031b4c8db7/resourceGroups/jilimrg\",\r\n        \"notScopes\": [],\r\n        \"parameters\": {\r\n          \"tagName\": {\r\n            \"value\": \"tag1\"\r\n          }\r\n        },\r\n        \"metadata\": {\r\n          \"assignedBy\": \"Jin Soon Lim\",\r\n          \"parameterScopes\": {},\r\n          \"createdBy\": \"69108416-6ac7-4a4f-ac13-fee20ff1ee02\",\r\n          \"createdOn\": \"2019-06-24T21:57:46.067217Z\",\r\n          \"updatedBy\": null,\r\n          \"updatedOn\": null\r\n        }\r\n      },\r\n      \"id\": \"/subscriptions/e78961ba-36fe-4739-9212-e3031b4c8db7/resourceGroups/jilimrg/providers/Microsoft.Authorization/policyAssignments/f1b5c3295c3d4498abf1b7a9\",\r\n      \"type\": \"Microsoft.Authorization/policyAssignments\",\r\n      \"name\": \"f1b5c3295c3d4498abf1b7a9\",\r\n      \"location\": \"eastus\"\r\n    },\r\n    {\r\n      \"sku\": {\r\n        \"name\": \"A0\",\r\n        \"tier\": \"Free\"\r\n      },\r\n      \"properties\": {\r\n        \"displayName\": \"Audit enabling of diagnostic logs in Azure Data Lake Store\",\r\n        \"policyDefinitionId\": \"/providers/Microsoft.Authorization/policyDefinitions/057ef27e-665e-4328-8ea3-04b3122bd9fb\",\r\n        \"scope\": \"/providers/Microsoft.Management/managementGroups/PolicyUIMG\",\r\n        \"notScopes\": [],\r\n        \"parameters\": {},\r\n        \"metadata\": {\r\n          \"assignedBy\": \"Sandip Shahane\",\r\n          \"parameterScopes\": {}\r\n        }\r\n      },\r\n      \"id\": \"/providers/Microsoft.Management/managementGroups/PolicyUIMG/providers/Microsoft.Authorization/policyAssignments/66926b7556734dcf9a80080f\",\r\n      \"type\": \"Microsoft.Authorization/policyAssignments\",\r\n      \"name\": \"66926b7556734dcf9a80080f\",\r\n      \"location\": \"eastus\"\r\n    },\r\n    {\r\n      \"sku\": {\r\n        \"name\": \"A0\",\r\n        \"tier\": \"Free\"\r\n      },\r\n      \"properties\": {\r\n        \"displayName\": \"Audit VMs that do not use managed disks delete this\",\r\n        \"policyDefinitionId\": \"/providers/Microsoft.Authorization/policyDefinitions/06a78e20-9358-41c9-923c-fb736d382a4d\",\r\n        \"scope\": \"/providers/Microsoft.Management/managementGroups/PolicyUIMG\",\r\n        \"notScopes\": [],\r\n        \"parameters\": {},\r\n        \"metadata\": {\r\n          \"assignedBy\": \"Sandip Shahane\",\r\n          \"parameterScopes\": {},\r\n          \"createdBy\": \"327c26bf-bf3e-4128-9b75-fbbd99e98739\",\r\n          \"createdOn\": \"2019-06-20T23:21:22.259084Z\",\r\n          \"updatedBy\": null,\r\n          \"updatedOn\": null\r\n        }\r\n      },\r\n      \"id\": \"/providers/Microsoft.Management/managementGroups/PolicyUIMG/providers/Microsoft.Authorization/policyAssignments/ebc169a314df42b9bf912b4f\",\r\n      \"type\": \"Microsoft.Authorization/policyAssignments\",\r\n      \"name\": \"ebc169a314df42b9bf912b4f\",\r\n      \"location\": \"eastus\"\r\n    },\r\n    {\r\n      \"sku\": {\r\n        \"name\": \"A0\",\r\n        \"tier\": \"Free\"\r\n      },\r\n      \"properties\": {\r\n        \"displayName\": \"sandipsh CRI 2 [Preview]: Audit Dependency Agent Deployment - VM Image (OS) unlisted\",\r\n        \"policyDefinitionId\": \"/providers/Microsoft.Authorization/policyDefinitions/11ac78e3-31bc-4f0c-8434-37ab963cea07\",\r\n        \"scope\": \"/providers/Microsoft.Management/managementGroups/AzGovTest5\",\r\n        \"notScopes\": [],\r\n        \"parameters\": {},\r\n        \"metadata\": {\r\n          \"assignedBy\": \"Sandip Shahane\",\r\n          \"parameterScopes\": {}\r\n        }\r\n      },\r\n      \"id\": \"/providers/Microsoft.Management/managementGroups/AzGovTest5/providers/Microsoft.Authorization/policyAssignments/8a5f4a42ed8743de909b269c\",\r\n      \"type\": \"Microsoft.Authorization/policyAssignments\",\r\n      \"name\": \"8a5f4a42ed8743de909b269c\",\r\n      \"location\": \"eastus\"\r\n    },\r\n    {\r\n      \"sku\": {\r\n        \"name\": \"A0\",\r\n        \"tier\": \"Free\"\r\n      },\r\n      \"properties\": {\r\n        \"policyDefinitionId\": \"/providers/Microsoft.Authorization/policyDefinitions/404c3081-a854-4457-ae30-26a93ef643f9\",\r\n        \"scope\": \"/providers/microsoft.management/managementgroups/AzGovTest5\"\r\n      },\r\n      \"id\": \"/providers/microsoft.management/managementgroups/AzGovTest5/providers/Microsoft.Authorization/policyAssignments/jilimcss\",\r\n      \"type\": \"Microsoft.Authorization/policyAssignments\",\r\n      \"name\": \"jilimcss\"\r\n    }\r\n  ]\r\n}",
      "StatusCode": 200
    },
    {
      "RequestUri": "/subscriptions/e78961ba-36fe-4739-9212-e3031b4c8db7/providers/Microsoft.Authorization/policyAssignments/someName?api-version=2019-01-01",
      "EncodedRequestUri": "L3N1YnNjcmlwdGlvbnMvZTc4OTYxYmEtMzZmZS00NzM5LTkyMTItZTMwMzFiNGM4ZGI3L3Byb3ZpZGVycy9NaWNyb3NvZnQuQXV0aG9yaXphdGlvbi9wb2xpY3lBc3NpZ25tZW50cy9zb21lTmFtZT9hcGktdmVyc2lvbj0yMDE5LTAxLTAx",
=======
      "ResponseBody": "{\r\n  \"value\": [\r\n    {\r\n      \"sku\": {\r\n        \"name\": \"A0\",\r\n        \"tier\": \"Free\"\r\n      },\r\n      \"properties\": {\r\n        \"displayName\": \"Test Modify initiative\",\r\n        \"policyDefinitionId\": \"/subscriptions/f67cc918-f64f-4c3f-aa24-a855465f9d41/providers/Microsoft.Authorization/policySetDefinitions/55afae72-7df0-417b-9eb7-f756576c854a\",\r\n        \"scope\": \"/subscriptions/f67cc918-f64f-4c3f-aa24-a855465f9d41\",\r\n        \"notScopes\": [],\r\n        \"parameters\": {},\r\n        \"description\": \"\",\r\n        \"metadata\": {\r\n          \"assignedBy\": \"Robert Gao\",\r\n          \"parameterScopes\": {},\r\n          \"createdBy\": \"0dc80135-ae53-4da3-8695-220a2d93aad8\",\r\n          \"createdOn\": \"2019-08-29T00:36:56.3908822Z\",\r\n          \"updatedBy\": \"36e2f355-d2e2-4fbc-88ab-4281639dff94\",\r\n          \"updatedOn\": \"2019-11-11T22:00:41.5492656Z\"\r\n        },\r\n        \"enforcementMode\": \"Default\"\r\n      },\r\n      \"identity\": {\r\n        \"principalId\": \"48036e81-a2af-4e6c-9624-4908615cc36d\",\r\n        \"tenantId\": \"72f988bf-86f1-41af-91ab-2d7cd011db47\",\r\n        \"type\": \"SystemAssigned\"\r\n      },\r\n      \"id\": \"/subscriptions/f67cc918-f64f-4c3f-aa24-a855465f9d41/providers/Microsoft.Authorization/policyAssignments/3cf2c941d7b2418ca7b860e2\",\r\n      \"type\": \"Microsoft.Authorization/policyAssignments\",\r\n      \"name\": \"3cf2c941d7b2418ca7b860e2\",\r\n      \"location\": \"eastus\"\r\n    },\r\n    {\r\n      \"sku\": {\r\n        \"name\": \"A0\",\r\n        \"tier\": \"Free\"\r\n      },\r\n      \"properties\": {\r\n        \"displayName\": \"chegg replace tag RG\",\r\n        \"policyDefinitionId\": \"/providers/Microsoft.Authorization/policyDefinitions/d157c373-a6c4-483d-aaad-570756956268\",\r\n        \"scope\": \"/subscriptions/f67cc918-f64f-4c3f-aa24-a855465f9d41\",\r\n        \"notScopes\": [],\r\n        \"parameters\": {\r\n          \"tagName\": {\r\n            \"value\": \"cheggReplaced\"\r\n          },\r\n          \"tagValue\": {\r\n            \"value\": \"true_112019_246PM\"\r\n          }\r\n        },\r\n        \"description\": \"\",\r\n        \"metadata\": {\r\n          \"assignedBy\": \"Chris Eggert\",\r\n          \"parameterScopes\": {},\r\n          \"createdBy\": \"36e2f355-d2e2-4fbc-88ab-4281639dff94\",\r\n          \"createdOn\": \"2019-11-06T23:26:56.0841235Z\",\r\n          \"updatedBy\": \"36e2f355-d2e2-4fbc-88ab-4281639dff94\",\r\n          \"updatedOn\": \"2019-11-20T22:46:27.8117346Z\"\r\n        },\r\n        \"enforcementMode\": \"DoNotEnforce\"\r\n      },\r\n      \"identity\": {\r\n        \"principalId\": \"9f6b0b38-d4b1-43d7-9ec8-4905306fe6fa\",\r\n        \"tenantId\": \"72f988bf-86f1-41af-91ab-2d7cd011db47\",\r\n        \"type\": \"SystemAssigned\"\r\n      },\r\n      \"id\": \"/subscriptions/f67cc918-f64f-4c3f-aa24-a855465f9d41/providers/Microsoft.Authorization/policyAssignments/98a7c096f5154b8eadd36f8c\",\r\n      \"type\": \"Microsoft.Authorization/policyAssignments\",\r\n      \"name\": \"98a7c096f5154b8eadd36f8c\",\r\n      \"location\": \"eastus\"\r\n    },\r\n    {\r\n      \"sku\": {\r\n        \"name\": \"A0\",\r\n        \"tier\": \"Free\"\r\n      },\r\n      \"properties\": {\r\n        \"displayName\": \"[Preview]: Audit NIST SP 800-53 R4 controls and deploy specific VM Extensions to support audit requirements\",\r\n        \"policyDefinitionId\": \"/providers/Microsoft.Authorization/policySetDefinitions/cf25b9c1-bd23-4eb6-bd2c-f4f3ac644a5f\",\r\n        \"scope\": \"/subscriptions/f67cc918-f64f-4c3f-aa24-a855465f9d41\",\r\n        \"notScopes\": [],\r\n        \"parameters\": {\r\n          \"logAnalyticsWorkspaceIdforVMReporting\": {\r\n            \"value\": \"fasdff\"\r\n          },\r\n          \"listOfResourceTypesWithDiagnosticLogsEnabled\": {\r\n            \"value\": [\r\n              \"Microsoft.Network/applicationGateways\",\r\n              \"Microsoft.Automation/automationAccounts\",\r\n              \"Microsoft.ContainerInstance/containerGroups\",\r\n              \"Microsoft.ContainerRegistry/registries\",\r\n              \"Microsoft.ContainerService/managedClusters\",\r\n              \"Microsoft.Batch/batchAccounts\",\r\n              \"Microsoft.Cdn/profiles/endpoints\",\r\n              \"Microsoft.CognitiveServices/accounts\",\r\n              \"Microsoft.DocumentDB/databaseAccounts\",\r\n              \"Microsoft.DataFactory/factories\",\r\n              \"Microsoft.DataLakeAnalytics/accounts\",\r\n              \"Microsoft.DataLakeStore/accounts\",\r\n              \"Microsoft.EventGrid/eventSubscriptions\",\r\n              \"Microsoft.EventGrid/topics\",\r\n              \"Microsoft.EventHub/namespaces\",\r\n              \"Microsoft.Network/expressRouteCircuits\",\r\n              \"Microsoft.Network/azureFirewalls\",\r\n              \"Microsoft.HDInsight/clusters\",\r\n              \"Microsoft.Devices/IotHubs\",\r\n              \"Microsoft.KeyVault/vaults\",\r\n              \"Microsoft.Network/loadBalancers\",\r\n              \"Microsoft.Logic/integrationAccounts\",\r\n              \"Microsoft.Logic/workflows\",\r\n              \"Microsoft.DBforMySQL/servers\",\r\n              \"Microsoft.Network/networkInterfaces\",\r\n              \"Microsoft.Network/networkSecurityGroups\",\r\n              \"Microsoft.DBforPostgreSQL/servers\",\r\n              \"Microsoft.PowerBIDedicated/capacities\",\r\n              \"Microsoft.Network/publicIPAddresses\",\r\n              \"Microsoft.RecoveryServices/vaults\",\r\n              \"Microsoft.Cache/redis\",\r\n              \"Microsoft.Relay/namespaces\",\r\n              \"Microsoft.Search/searchServices\",\r\n              \"Microsoft.ServiceBus/namespaces\",\r\n              \"Microsoft.SignalRService/SignalR\",\r\n              \"Microsoft.Sql/servers/databases\",\r\n              \"Microsoft.Sql/servers/elasticPools\",\r\n              \"Microsoft.StreamAnalytics/streamingjobs\",\r\n              \"Microsoft.TimeSeriesInsights/environments\",\r\n              \"Microsoft.Network/trafficManagerProfiles\",\r\n              \"Microsoft.Compute/virtualMachines\",\r\n              \"Microsoft.Compute/virtualMachineScaleSets\",\r\n              \"Microsoft.Network/virtualNetworks\",\r\n              \"Microsoft.Network/virtualNetworkGateways\"\r\n            ]\r\n          },\r\n          \"listOfMembersToExcludeFromWindowsVMAdministratorsGroup\": {\r\n            \"value\": \"cheggert\"\r\n          },\r\n          \"listOfMembersToIncludeInWindowsVMAdministratorsGroup\": {\r\n            \"value\": \"rohitbh\"\r\n          }\r\n        },\r\n        \"description\": \"This initiative includes audit and VM Extension deployment policies that address a subset of NIST SP 800-53 R4 controls. Additional policies will be added in upcoming releases. For more information, please visit https://aka.ms/nist80053-blueprint.\",\r\n        \"metadata\": {\r\n          \"assignedBy\": \"Chris Eggert\",\r\n          \"parameterScopes\": {},\r\n          \"createdBy\": \"36e2f355-d2e2-4fbc-88ab-4281639dff94\",\r\n          \"createdOn\": \"2019-11-20T22:11:26.047177Z\",\r\n          \"updatedBy\": \"36e2f355-d2e2-4fbc-88ab-4281639dff94\",\r\n          \"updatedOn\": \"2019-11-22T04:20:25.4141918Z\"\r\n        },\r\n        \"enforcementMode\": \"Default\"\r\n      },\r\n      \"identity\": {\r\n        \"principalId\": \"c7519ca7-0d79-4b0f-af0b-0a4cfe3402d0\",\r\n        \"tenantId\": \"72f988bf-86f1-41af-91ab-2d7cd011db47\",\r\n        \"type\": \"SystemAssigned\"\r\n      },\r\n      \"id\": \"/subscriptions/f67cc918-f64f-4c3f-aa24-a855465f9d41/providers/Microsoft.Authorization/policyAssignments/d17bc2764dae4ec1be07d178\",\r\n      \"type\": \"Microsoft.Authorization/policyAssignments\",\r\n      \"name\": \"d17bc2764dae4ec1be07d178\",\r\n      \"location\": \"eastus\"\r\n    },\r\n    {\r\n      \"sku\": {\r\n        \"name\": \"A0\",\r\n        \"tier\": \"Free\"\r\n      },\r\n      \"properties\": {\r\n        \"displayName\": \"rohitbh: Key vault access policy (Always give Joel access)\",\r\n        \"policyDefinitionId\": \"/subscriptions/f67cc918-f64f-4c3f-aa24-a855465f9d41/providers/Microsoft.Authorization/policyDefinitions/3863c624-094c-480d-bc42-74970b55e5e1\",\r\n        \"scope\": \"/subscriptions/f67cc918-f64f-4c3f-aa24-a855465f9d41\",\r\n        \"notScopes\": [],\r\n        \"parameters\": {\r\n          \"userObjectId\": {\r\n            \"value\": \"644c17f7-2b49-4549-a67f-bcc0448cd850\"\r\n          }\r\n        },\r\n        \"description\": \"Assignment description\",\r\n        \"metadata\": {\r\n          \"assignedBy\": \"Rohit Bhardwaj\",\r\n          \"parameterScopes\": {},\r\n          \"createdBy\": \"22ac4b8c-9194-4feb-b6c6-0e7a995fca2e\",\r\n          \"createdOn\": \"2019-03-26T00:12:03.5422031Z\",\r\n          \"updatedBy\": \"36e2f355-d2e2-4fbc-88ab-4281639dff94\",\r\n          \"updatedOn\": \"2019-11-12T22:23:50.9933459Z\"\r\n        },\r\n        \"enforcementMode\": \"DoNotEnforce\"\r\n      },\r\n      \"identity\": {\r\n        \"principalId\": \"f12ee62c-35e6-45ec-b44b-13587ca23514\",\r\n        \"tenantId\": \"72f988bf-86f1-41af-91ab-2d7cd011db47\",\r\n        \"type\": \"SystemAssigned\"\r\n      },\r\n      \"id\": \"/subscriptions/f67cc918-f64f-4c3f-aa24-a855465f9d41/providers/Microsoft.Authorization/policyAssignments/ebccc544c4dd43d29c937f0c\",\r\n      \"type\": \"Microsoft.Authorization/policyAssignments\",\r\n      \"name\": \"ebccc544c4dd43d29c937f0c\",\r\n      \"location\": \"eastus\"\r\n    },\r\n    {\r\n      \"sku\": {\r\n        \"name\": \"A0\",\r\n        \"tier\": \"Free\"\r\n      },\r\n      \"properties\": {\r\n        \"displayName\": \"chegg: Replace tag without becoming compliant\",\r\n        \"policyDefinitionId\": \"/subscriptions/f67cc918-f64f-4c3f-aa24-a855465f9d41/providers/Microsoft.Authorization/policyDefinitions/270f0d11-af30-4c15-95f7-28ba884518f0\",\r\n        \"scope\": \"/subscriptions/f67cc918-f64f-4c3f-aa24-a855465f9d41\",\r\n        \"notScopes\": [],\r\n        \"parameters\": {},\r\n        \"metadata\": {\r\n          \"assignedBy\": \"Chris Eggert\",\r\n          \"parameterScopes\": {},\r\n          \"createdBy\": \"36e2f355-d2e2-4fbc-88ab-4281639dff94\",\r\n          \"createdOn\": \"2019-11-21T00:28:49.7568462Z\",\r\n          \"updatedBy\": null,\r\n          \"updatedOn\": null\r\n        },\r\n        \"enforcementMode\": \"DoNotEnforce\"\r\n      },\r\n      \"identity\": {\r\n        \"principalId\": \"8b9d526a-9e43-4d1b-8bfe-cfe4d90f3b58\",\r\n        \"tenantId\": \"72f988bf-86f1-41af-91ab-2d7cd011db47\",\r\n        \"type\": \"SystemAssigned\"\r\n      },\r\n      \"id\": \"/subscriptions/f67cc918-f64f-4c3f-aa24-a855465f9d41/providers/Microsoft.Authorization/policyAssignments/ee5909f9ee3f4c12bbed6efc\",\r\n      \"type\": \"Microsoft.Authorization/policyAssignments\",\r\n      \"name\": \"ee5909f9ee3f4c12bbed6efc\",\r\n      \"location\": \"eastus\"\r\n    },\r\n    {\r\n      \"sku\": {\r\n        \"name\": \"A0\",\r\n        \"tier\": \"Free\"\r\n      },\r\n      \"properties\": {\r\n        \"displayName\": \"Empty deployment on each KeyVault resource (SUB)\",\r\n        \"policyDefinitionId\": \"/providers/Microsoft.Management/managementGroups/AzGovPerfTest/providers/Microsoft.Authorization/policyDefinitions/78a38c70-5549-49bd-8a16-fe3619e5d2cf\",\r\n        \"scope\": \"/subscriptions/f67cc918-f64f-4c3f-aa24-a855465f9d41\",\r\n        \"notScopes\": [],\r\n        \"parameters\": {},\r\n        \"description\": \"Deploys an empty deployment (with one output) on each KeyVault vault.  Used for some PolicyInsights SDK tests.\",\r\n        \"metadata\": {\r\n          \"assignedBy\": \"Chris Eggert\",\r\n          \"parameterScopes\": {},\r\n          \"createdBy\": \"36e2f355-d2e2-4fbc-88ab-4281639dff94\",\r\n          \"createdOn\": \"2019-11-21T17:43:53.4694168Z\",\r\n          \"updatedBy\": \"36e2f355-d2e2-4fbc-88ab-4281639dff94\",\r\n          \"updatedOn\": \"2019-11-21T17:44:38.1610927Z\"\r\n        },\r\n        \"enforcementMode\": \"DoNotEnforce\"\r\n      },\r\n      \"identity\": {\r\n        \"principalId\": \"dfd2385a-7700-420f-b164-bd9ffb52285b\",\r\n        \"tenantId\": \"72f988bf-86f1-41af-91ab-2d7cd011db47\",\r\n        \"type\": \"SystemAssigned\"\r\n      },\r\n      \"id\": \"/subscriptions/f67cc918-f64f-4c3f-aa24-a855465f9d41/providers/Microsoft.Authorization/policyAssignments/fcddeb6113ec43798567dce2\",\r\n      \"type\": \"Microsoft.Authorization/policyAssignments\",\r\n      \"name\": \"fcddeb6113ec43798567dce2\",\r\n      \"location\": \"eastus\"\r\n    },\r\n    {\r\n      \"sku\": {\r\n        \"name\": \"A0\",\r\n        \"tier\": \"Free\"\r\n      },\r\n      \"properties\": {\r\n        \"displayName\": \"Empty deployment on each KeyVault resource (MG)\",\r\n        \"policyDefinitionId\": \"/providers/Microsoft.Management/managementGroups/AzGovPerfTest/providers/Microsoft.Authorization/policyDefinitions/78a38c70-5549-49bd-8a16-fe3619e5d2cf\",\r\n        \"scope\": \"/providers/Microsoft.Management/managementGroups/AzGovPerfTest\",\r\n        \"notScopes\": [],\r\n        \"parameters\": {},\r\n        \"description\": \"Deploys an empty deployment (with one output) on each KeyVault vault.  Used for some PolicyInsights SDK tests.\",\r\n        \"metadata\": {\r\n          \"assignedBy\": \"Chris Eggert\",\r\n          \"parameterScopes\": {},\r\n          \"createdBy\": \"36e2f355-d2e2-4fbc-88ab-4281639dff94\",\r\n          \"createdOn\": \"2019-11-21T17:44:17.3643721Z\",\r\n          \"updatedBy\": null,\r\n          \"updatedOn\": null\r\n        },\r\n        \"enforcementMode\": \"DoNotEnforce\"\r\n      },\r\n      \"identity\": {\r\n        \"principalId\": \"067c1aa0-c425-4ad5-80fe-41d4639b1d42\",\r\n        \"tenantId\": \"72f988bf-86f1-41af-91ab-2d7cd011db47\",\r\n        \"type\": \"SystemAssigned\"\r\n      },\r\n      \"id\": \"/providers/Microsoft.Management/managementGroups/AzGovPerfTest/providers/Microsoft.Authorization/policyAssignments/d80d743b97874fd3bfd1d539\",\r\n      \"type\": \"Microsoft.Authorization/policyAssignments\",\r\n      \"name\": \"d80d743b97874fd3bfd1d539\",\r\n      \"location\": \"eastus\"\r\n    },\r\n    {\r\n      \"sku\": {\r\n        \"name\": \"A0\",\r\n        \"tier\": \"Free\"\r\n      },\r\n      \"properties\": {\r\n        \"displayName\": \"Audit tag at MG\",\r\n        \"policyDefinitionId\": \"/providers/Microsoft.Management/managementGroups/AzGovPerfTest/providers/Microsoft.Authorization/policyDefinitions/03ae6c12-b46a-43f1-9f3d-c20620473106\",\r\n        \"scope\": \"/providers/Microsoft.Management/managementGroups/AzGovPerfTest\",\r\n        \"notScopes\": [\r\n          \"/subscriptions/086aecf4-23d6-4dfd-99a8-a5c6299f0322\"\r\n        ],\r\n        \"parameters\": {},\r\n        \"metadata\": {\r\n          \"assignedBy\": \"Chris Eggert\",\r\n          \"parameterScopes\": {},\r\n          \"createdBy\": \"327c26bf-bf3e-4128-9b75-fbbd99e98739\",\r\n          \"createdOn\": \"2019-09-19T21:02:48.2629834Z\",\r\n          \"updatedBy\": \"36e2f355-d2e2-4fbc-88ab-4281639dff94\",\r\n          \"updatedOn\": \"2019-10-01T17:50:28.4254014Z\"\r\n        },\r\n        \"enforcementMode\": \"Default\"\r\n      },\r\n      \"id\": \"/providers/Microsoft.Management/managementGroups/AzGovPerfTest/providers/Microsoft.Authorization/policyAssignments/ef26e8bbc3da423ebf7fcb80\",\r\n      \"type\": \"Microsoft.Authorization/policyAssignments\",\r\n      \"name\": \"ef26e8bbc3da423ebf7fcb80\"\r\n    }\r\n  ]\r\n}",
      "StatusCode": 200
    },
    {
      "RequestUri": "/subscriptions/f67cc918-f64f-4c3f-aa24-a855465f9d41/providers/Microsoft.Authorization/policyAssignments/someName?api-version=2019-09-01",
      "EncodedRequestUri": "L3N1YnNjcmlwdGlvbnMvZjY3Y2M5MTgtZjY0Zi00YzNmLWFhMjQtYTg1NTQ2NWY5ZDQxL3Byb3ZpZGVycy9NaWNyb3NvZnQuQXV0aG9yaXphdGlvbi9wb2xpY3lBc3NpZ25tZW50cy9zb21lTmFtZT9hcGktdmVyc2lvbj0yMDE5LTA5LTAx",
>>>>>>> d78b04a5306127f583235b13752c48d4f7d1289a
      "RequestMethod": "GET",
      "RequestBody": "",
      "RequestHeaders": {
        "User-Agent": [
          "AzurePowershell/v1.0.0",
<<<<<<< HEAD
          "PSVersion/v6.1.0"
=======
          "PSVersion/v6.2.3"
>>>>>>> d78b04a5306127f583235b13752c48d4f7d1289a
        ],
        "ParameterSetName": [
          "IdParameterSet"
        ],
        "CommandName": [
          "Get-AzPolicyAssignment"
        ]
      },
      "ResponseHeaders": {
        "Cache-Control": [
          "no-cache"
        ],
        "Pragma": [
          "no-cache"
        ],
        "x-ms-request-id": [
<<<<<<< HEAD
          "westus:e8f301c9-a699-468c-9867-3fa1493ac781"
        ],
        "x-ms-ratelimit-remaining-subscription-reads": [
          "11995"
        ],
        "x-ms-correlation-request-id": [
          "c00870b0-1845-44e3-899e-0ef7242ea645"
        ],
        "x-ms-routing-request-id": [
          "WESTUS:20190715T205537Z:c00870b0-1845-44e3-899e-0ef7242ea645"
=======
          "westus:3774bcb0-3430-42b4-86c1-5d850bfcc931"
        ],
        "x-ms-ratelimit-remaining-subscription-reads": [
          "11990"
        ],
        "x-ms-correlation-request-id": [
          "e080f4c5-b09c-4a2b-8e71-b7d52a83af85"
        ],
        "x-ms-routing-request-id": [
          "WESTUS:20191202T223835Z:e080f4c5-b09c-4a2b-8e71-b7d52a83af85"
>>>>>>> d78b04a5306127f583235b13752c48d4f7d1289a
        ],
        "Strict-Transport-Security": [
          "max-age=31536000; includeSubDomains"
        ],
        "X-Content-Type-Options": [
          "nosniff"
        ],
        "Date": [
<<<<<<< HEAD
          "Mon, 15 Jul 2019 20:55:37 GMT"
=======
          "Mon, 02 Dec 2019 22:38:34 GMT"
>>>>>>> d78b04a5306127f583235b13752c48d4f7d1289a
        ],
        "Content-Length": [
          "104"
        ],
        "Content-Type": [
          "application/json; charset=utf-8"
        ],
        "Expires": [
          "-1"
        ],
        "Retry-After": [
          "0"
        ]
      },
      "ResponseBody": "{\r\n  \"error\": {\r\n    \"code\": \"PolicyAssignmentNotFound\",\r\n    \"message\": \"The policy assignment 'someName' is not found.\"\r\n  }\r\n}",
      "StatusCode": 404
    },
    {
<<<<<<< HEAD
      "RequestUri": "/someId?$filter=policyDefinitionId%20eq%20'someId'&api-version=2019-01-01",
      "EncodedRequestUri": "L3NvbWVJZD8kZmlsdGVyPXBvbGljeURlZmluaXRpb25JZCUyMGVxJTIwJ3NvbWVJZCcmYXBpLXZlcnNpb249MjAxOS0wMS0wMQ==",
=======
      "RequestUri": "/someId?$filter=policyDefinitionId%20eq%20'someId'&api-version=2019-09-01",
      "EncodedRequestUri": "L3NvbWVJZD8kZmlsdGVyPXBvbGljeURlZmluaXRpb25JZCUyMGVxJTIwJ3NvbWVJZCcmYXBpLXZlcnNpb249MjAxOS0wOS0wMQ==",
>>>>>>> d78b04a5306127f583235b13752c48d4f7d1289a
      "RequestMethod": "GET",
      "RequestBody": "",
      "RequestHeaders": {
        "User-Agent": [
          "AzurePowershell/v1.0.0",
<<<<<<< HEAD
          "PSVersion/v6.1.0"
=======
          "PSVersion/v6.2.3"
>>>>>>> d78b04a5306127f583235b13752c48d4f7d1289a
        ],
        "ParameterSetName": [
          "IdParameterSet"
        ],
        "CommandName": [
          "Get-AzPolicyAssignment"
        ]
      },
      "ResponseHeaders": {
        "Cache-Control": [
          "no-cache"
        ],
        "Pragma": [
          "no-cache"
        ],
        "x-ms-failure-cause": [
          "gateway"
        ],
        "x-ms-request-id": [
<<<<<<< HEAD
          "6908acc6-2640-4fcc-a746-97154f543264"
        ],
        "x-ms-correlation-request-id": [
          "6908acc6-2640-4fcc-a746-97154f543264"
        ],
        "x-ms-routing-request-id": [
          "WESTUS:20190715T205538Z:6908acc6-2640-4fcc-a746-97154f543264"
=======
          "933a02a4-793e-4ef8-835f-f88f7f4b3836"
        ],
        "x-ms-correlation-request-id": [
          "933a02a4-793e-4ef8-835f-f88f7f4b3836"
        ],
        "x-ms-routing-request-id": [
          "WESTUS:20191202T223835Z:933a02a4-793e-4ef8-835f-f88f7f4b3836"
>>>>>>> d78b04a5306127f583235b13752c48d4f7d1289a
        ],
        "Strict-Transport-Security": [
          "max-age=31536000; includeSubDomains"
        ],
        "X-Content-Type-Options": [
          "nosniff"
        ],
        "Date": [
<<<<<<< HEAD
          "Mon, 15 Jul 2019 20:55:38 GMT"
=======
          "Mon, 02 Dec 2019 22:38:34 GMT"
>>>>>>> d78b04a5306127f583235b13752c48d4f7d1289a
        ],
        "Content-Type": [
          "application/json; charset=utf-8"
        ],
        "Expires": [
          "-1"
        ],
        "Content-Length": [
          "135"
        ],
        "Retry-After": [
          "0"
        ]
      },
      "ResponseBody": "{\r\n  \"error\": {\r\n    \"code\": \"MissingSubscription\",\r\n    \"message\": \"The request did not have a subscription or a valid tenant level resource provider.\"\r\n  }\r\n}",
      "StatusCode": 404
    },
    {
<<<<<<< HEAD
      "RequestUri": "/Subscriptions/e78961ba-36fe-4739-9212-e3031b4c8db7/providers/Microsoft.Authorization/policyassignments?$filter=policyDefinitionId%20eq%20'someId'&api-version=2019-01-01",
      "EncodedRequestUri": "L1N1YnNjcmlwdGlvbnMvZTc4OTYxYmEtMzZmZS00NzM5LTkyMTItZTMwMzFiNGM4ZGI3L3Byb3ZpZGVycy9NaWNyb3NvZnQuQXV0aG9yaXphdGlvbi9wb2xpY3lhc3NpZ25tZW50cz8kZmlsdGVyPXBvbGljeURlZmluaXRpb25JZCUyMGVxJTIwJ3NvbWVJZCcmYXBpLXZlcnNpb249MjAxOS0wMS0wMQ==",
=======
      "RequestUri": "/Subscriptions/f67cc918-f64f-4c3f-aa24-a855465f9d41/providers/Microsoft.Authorization/policyassignments?$filter=policyDefinitionId%20eq%20'someId'&api-version=2019-09-01",
      "EncodedRequestUri": "L1N1YnNjcmlwdGlvbnMvZjY3Y2M5MTgtZjY0Zi00YzNmLWFhMjQtYTg1NTQ2NWY5ZDQxL3Byb3ZpZGVycy9NaWNyb3NvZnQuQXV0aG9yaXphdGlvbi9wb2xpY3lhc3NpZ25tZW50cz8kZmlsdGVyPXBvbGljeURlZmluaXRpb25JZCUyMGVxJTIwJ3NvbWVJZCcmYXBpLXZlcnNpb249MjAxOS0wOS0wMQ==",
>>>>>>> d78b04a5306127f583235b13752c48d4f7d1289a
      "RequestMethod": "GET",
      "RequestBody": "",
      "RequestHeaders": {
        "User-Agent": [
          "AzurePowershell/v1.0.0",
<<<<<<< HEAD
          "PSVersion/v6.1.0"
=======
          "PSVersion/v6.2.3"
>>>>>>> d78b04a5306127f583235b13752c48d4f7d1289a
        ],
        "ParameterSetName": [
          "NameParameterSet"
        ],
        "CommandName": [
          "Get-AzPolicyAssignment"
        ]
      },
      "ResponseHeaders": {
        "Cache-Control": [
          "no-cache"
        ],
        "Pragma": [
          "no-cache"
        ],
        "Vary": [
          "Accept-Encoding"
        ],
        "x-ms-request-id": [
<<<<<<< HEAD
          "westus:b1af147d-cbfc-44f5-b602-cf8f1669d6e2"
=======
          "westus:e8988459-0632-419f-a5d9-0a39a75329e6"
>>>>>>> d78b04a5306127f583235b13752c48d4f7d1289a
        ],
        "x-ms-ratelimit-remaining-subscription-reads": [
          "11996"
        ],
        "x-ms-correlation-request-id": [
<<<<<<< HEAD
          "f64e8495-f565-4455-9296-dcbb12a96e30"
        ],
        "x-ms-routing-request-id": [
          "WESTUS:20190715T205538Z:f64e8495-f565-4455-9296-dcbb12a96e30"
=======
          "7cb6dc22-293b-468c-bf1f-1f1d73e2674e"
        ],
        "x-ms-routing-request-id": [
          "WESTUS:20191202T223835Z:7cb6dc22-293b-468c-bf1f-1f1d73e2674e"
>>>>>>> d78b04a5306127f583235b13752c48d4f7d1289a
        ],
        "Strict-Transport-Security": [
          "max-age=31536000; includeSubDomains"
        ],
        "X-Content-Type-Options": [
          "nosniff"
        ],
        "Date": [
<<<<<<< HEAD
          "Mon, 15 Jul 2019 20:55:38 GMT"
=======
          "Mon, 02 Dec 2019 22:38:35 GMT"
>>>>>>> d78b04a5306127f583235b13752c48d4f7d1289a
        ],
        "Content-Length": [
          "12"
        ],
        "Content-Type": [
          "application/json; charset=utf-8"
        ],
        "Expires": [
          "-1"
        ],
        "Retry-After": [
          "0"
        ]
      },
      "ResponseBody": "{\r\n  \"value\": []\r\n}",
      "StatusCode": 200
    },
    {
<<<<<<< HEAD
      "RequestUri": "/Subscriptions/e78961ba-36fe-4739-9212-e3031b4c8db7/providers/Microsoft.Authorization/policyassignments?api-version=2019-01-01",
      "EncodedRequestUri": "L1N1YnNjcmlwdGlvbnMvZTc4OTYxYmEtMzZmZS00NzM5LTkyMTItZTMwMzFiNGM4ZGI3L3Byb3ZpZGVycy9NaWNyb3NvZnQuQXV0aG9yaXphdGlvbi9wb2xpY3lhc3NpZ25tZW50cz9hcGktdmVyc2lvbj0yMDE5LTAxLTAx",
=======
      "RequestUri": "/Subscriptions/f67cc918-f64f-4c3f-aa24-a855465f9d41/providers/Microsoft.Authorization/policyassignments?api-version=2019-09-01",
      "EncodedRequestUri": "L1N1YnNjcmlwdGlvbnMvZjY3Y2M5MTgtZjY0Zi00YzNmLWFhMjQtYTg1NTQ2NWY5ZDQxL3Byb3ZpZGVycy9NaWNyb3NvZnQuQXV0aG9yaXphdGlvbi9wb2xpY3lhc3NpZ25tZW50cz9hcGktdmVyc2lvbj0yMDE5LTA5LTAx",
>>>>>>> d78b04a5306127f583235b13752c48d4f7d1289a
      "RequestMethod": "GET",
      "RequestBody": "",
      "RequestHeaders": {
        "User-Agent": [
          "AzurePowershell/v1.0.0",
<<<<<<< HEAD
          "PSVersion/v6.1.0"
=======
          "PSVersion/v6.2.3"
>>>>>>> d78b04a5306127f583235b13752c48d4f7d1289a
        ],
        "ParameterSetName": [
          "IncludeDescendentParameterSet"
        ],
        "CommandName": [
          "Get-AzPolicyAssignment"
        ]
      },
      "ResponseHeaders": {
        "Cache-Control": [
          "no-cache"
        ],
        "Pragma": [
          "no-cache"
        ],
        "Vary": [
          "Accept-Encoding"
        ],
        "x-ms-request-id": [
<<<<<<< HEAD
          "westus:a2286cc9-512b-4708-ba6a-773ec83cbe16"
        ],
        "x-ms-ratelimit-remaining-subscription-reads": [
          "11991"
        ],
        "x-ms-correlation-request-id": [
          "b7bce072-6241-475d-835e-ac5d7daba210"
        ],
        "x-ms-routing-request-id": [
          "WESTUS:20190715T205538Z:b7bce072-6241-475d-835e-ac5d7daba210"
=======
          "westus:9d6f3062-2958-46e3-9aca-eac0d27e0327"
        ],
        "x-ms-ratelimit-remaining-subscription-reads": [
          "11994"
        ],
        "x-ms-correlation-request-id": [
          "736eb18d-fc6d-4197-8194-59a7c17ee195"
        ],
        "x-ms-routing-request-id": [
          "WESTUS:20191202T223835Z:736eb18d-fc6d-4197-8194-59a7c17ee195"
>>>>>>> d78b04a5306127f583235b13752c48d4f7d1289a
        ],
        "Strict-Transport-Security": [
          "max-age=31536000; includeSubDomains"
        ],
        "X-Content-Type-Options": [
          "nosniff"
        ],
        "Date": [
<<<<<<< HEAD
          "Mon, 15 Jul 2019 20:55:37 GMT"
        ],
        "Content-Length": [
          "11997"
=======
          "Mon, 02 Dec 2019 22:38:35 GMT"
        ],
        "Content-Length": [
          "10632"
>>>>>>> d78b04a5306127f583235b13752c48d4f7d1289a
        ],
        "Content-Type": [
          "application/json; charset=utf-8"
        ],
        "Expires": [
          "-1"
        ],
        "Retry-After": [
          "0"
        ]
      },
<<<<<<< HEAD
      "ResponseBody": "{\r\n  \"value\": [\r\n    {\r\n      \"sku\": {\r\n        \"name\": \"A0\",\r\n        \"tier\": \"Free\"\r\n      },\r\n      \"properties\": {\r\n        \"displayName\": \"[Preview]: Enable Monitoring in Azure Security Center\",\r\n        \"policyDefinitionId\": \"/providers/Microsoft.Authorization/policySetDefinitions/1f3afdf9-d0c9-4c3d-847f-89da613e70a8\",\r\n        \"scope\": \"/subscriptions/e78961ba-36fe-4739-9212-e3031b4c8db7\",\r\n        \"notScopes\": [],\r\n        \"parameters\": {},\r\n        \"metadata\": {\r\n          \"assignedBy\": \"Sandip Shahane\",\r\n          \"parameterScopes\": {}\r\n        }\r\n      },\r\n      \"id\": \"/subscriptions/e78961ba-36fe-4739-9212-e3031b4c8db7/providers/Microsoft.Authorization/policyAssignments/1e4e70f9cd4846268b6998ee\",\r\n      \"type\": \"Microsoft.Authorization/policyAssignments\",\r\n      \"name\": \"1e4e70f9cd4846268b6998ee\",\r\n      \"location\": \"eastus\"\r\n    },\r\n    {\r\n      \"sku\": {\r\n        \"name\": \"A0\",\r\n        \"tier\": \"Free\"\r\n      },\r\n      \"properties\": {\r\n        \"displayName\": \"VMs with no Managed Disk\",\r\n        \"policyDefinitionId\": \"/subscriptions/e78961ba-36fe-4739-9212-e3031b4c8db7/providers/Microsoft.Authorization/policyDefinitions/95696b24-404f-4376-a9a6-7fa8ba91e4d5\",\r\n        \"scope\": \"/subscriptions/e78961ba-36fe-4739-9212-e3031b4c8db7\",\r\n        \"notScopes\": [],\r\n        \"parameters\": {},\r\n        \"metadata\": {\r\n          \"assignedBy\": \"Tigran Shahbazian\",\r\n          \"parameterScopes\": {}\r\n        }\r\n      },\r\n      \"id\": \"/subscriptions/e78961ba-36fe-4739-9212-e3031b4c8db7/providers/Microsoft.Authorization/policyAssignments/21e5086343384f34a3b2d10b\",\r\n      \"type\": \"Microsoft.Authorization/policyAssignments\",\r\n      \"name\": \"21e5086343384f34a3b2d10b\"\r\n    },\r\n    {\r\n      \"sku\": {\r\n        \"name\": \"A0\",\r\n        \"tier\": \"Free\"\r\n      },\r\n      \"properties\": {\r\n        \"displayName\": \"Audit unrestricted network access to storage accounts\",\r\n        \"policyDefinitionId\": \"/providers/Microsoft.Authorization/policyDefinitions/34c877ad-507e-4c82-993e-3452a6e0ad3c\",\r\n        \"scope\": \"/subscriptions/e78961ba-36fe-4739-9212-e3031b4c8db7\",\r\n        \"notScopes\": [],\r\n        \"parameters\": {},\r\n        \"metadata\": {\r\n          \"assignedBy\": \"Sandip Shahane\",\r\n          \"parameterScopes\": {}\r\n        }\r\n      },\r\n      \"id\": \"/subscriptions/e78961ba-36fe-4739-9212-e3031b4c8db7/providers/Microsoft.Authorization/policyAssignments/4d31128e32d04a0098fd536e\",\r\n      \"type\": \"Microsoft.Authorization/policyAssignments\",\r\n      \"name\": \"4d31128e32d04a0098fd536e\",\r\n      \"location\": \"eastus\"\r\n    },\r\n    {\r\n      \"sku\": {\r\n        \"name\": \"A0\",\r\n        \"tier\": \"Free\"\r\n      },\r\n      \"properties\": {\r\n        \"displayName\": \"[Preview]: Enable Monitoring in Azure Security Center\",\r\n        \"policyDefinitionId\": \"/providers/Microsoft.Authorization/policySetDefinitions/1f3afdf9-d0c9-4c3d-847f-89da613e70a8\",\r\n        \"scope\": \"/subscriptions/e78961ba-36fe-4739-9212-e3031b4c8db7\",\r\n        \"notScopes\": [],\r\n        \"parameters\": {},\r\n        \"metadata\": {\r\n          \"assignedBy\": \"Sandip Shahane\",\r\n          \"parameterScopes\": {}\r\n        }\r\n      },\r\n      \"id\": \"/subscriptions/e78961ba-36fe-4739-9212-e3031b4c8db7/providers/Microsoft.Authorization/policyAssignments/4e4179ff39194a62bad4ef3e\",\r\n      \"type\": \"Microsoft.Authorization/policyAssignments\",\r\n      \"name\": \"4e4179ff39194a62bad4ef3e\",\r\n      \"location\": \"eastus\"\r\n    },\r\n    {\r\n      \"sku\": {\r\n        \"name\": \"A0\",\r\n        \"tier\": \"Free\"\r\n      },\r\n      \"properties\": {\r\n        \"displayName\": \"[Preview]: Audit missing blob encryption for storage accounts\",\r\n        \"policyDefinitionId\": \"/providers/Microsoft.Authorization/policyDefinitions/655cb504-bcee-4362-bd4c-402e6aa38759\",\r\n        \"scope\": \"/subscriptions/e78961ba-36fe-4739-9212-e3031b4c8db7\",\r\n        \"notScopes\": [],\r\n        \"parameters\": {},\r\n        \"metadata\": {\r\n          \"assignedBy\": \"Sandip Shahane\",\r\n          \"parameterScopes\": {}\r\n        }\r\n      },\r\n      \"id\": \"/subscriptions/e78961ba-36fe-4739-9212-e3031b4c8db7/providers/Microsoft.Authorization/policyAssignments/5e9286a7cef840afb36b18a7\",\r\n      \"type\": \"Microsoft.Authorization/policyAssignments\",\r\n      \"name\": \"5e9286a7cef840afb36b18a7\",\r\n      \"location\": \"eastus\"\r\n    },\r\n    {\r\n      \"sku\": {\r\n        \"name\": \"A0\",\r\n        \"tier\": \"Free\"\r\n      },\r\n      \"properties\": {\r\n        \"displayName\": \"[Preview]: Enable Monitoring in Azure Security Center\",\r\n        \"policyDefinitionId\": \"/providers/Microsoft.Authorization/policySetDefinitions/1f3afdf9-d0c9-4c3d-847f-89da613e70a8\",\r\n        \"scope\": \"/subscriptions/e78961ba-36fe-4739-9212-e3031b4c8db7\",\r\n        \"notScopes\": [],\r\n        \"parameters\": {},\r\n        \"metadata\": {\r\n          \"assignedBy\": \"Rohit Bhardwaj\",\r\n          \"parameterScopes\": {},\r\n          \"createdBy\": \"22ac4b8c-9194-4feb-b6c6-0e7a995fca2e\",\r\n          \"createdOn\": \"2019-05-01T00:17:00.0617598Z\",\r\n          \"updatedBy\": null,\r\n          \"updatedOn\": null\r\n        }\r\n      },\r\n      \"id\": \"/subscriptions/e78961ba-36fe-4739-9212-e3031b4c8db7/providers/Microsoft.Authorization/policyAssignments/d58dea05c8704a33b6c8e43e\",\r\n      \"type\": \"Microsoft.Authorization/policyAssignments\",\r\n      \"name\": \"d58dea05c8704a33b6c8e43e\",\r\n      \"location\": \"eastus\"\r\n    },\r\n    {\r\n      \"sku\": {\r\n        \"name\": \"A0\",\r\n        \"tier\": \"Free\"\r\n      },\r\n      \"properties\": {\r\n        \"displayName\": \"Enforce tag and its value\",\r\n        \"policyDefinitionId\": \"/providers/Microsoft.Authorization/policyDefinitions/1e30110a-5ceb-460c-a204-c1c3969c6d62\",\r\n        \"scope\": \"/subscriptions/e78961ba-36fe-4739-9212-e3031b4c8db7/resourcegroups/stuartko_testrg1\",\r\n        \"notScopes\": [],\r\n        \"parameters\": {\r\n          \"tagName\": {\r\n            \"value\": \"blahName\"\r\n          },\r\n          \"tagValue\": {\r\n            \"value\": \"blahValue\"\r\n          }\r\n        },\r\n        \"metadata\": {\r\n          \"assignedBy\": \"Stuart Konen\",\r\n          \"parameterScopes\": {}\r\n        }\r\n      },\r\n      \"id\": \"/subscriptions/e78961ba-36fe-4739-9212-e3031b4c8db7/resourcegroups/stuartko_testrg1/providers/Microsoft.Authorization/policyAssignments/41dfc116d41aa99bd1dfdd32578eecd9cf75e14481795fc90975dbb25ed97d70\",\r\n      \"type\": \"Microsoft.Authorization/policyAssignments\",\r\n      \"name\": \"41dfc116d41aa99bd1dfdd32578eecd9cf75e14481795fc90975dbb25ed97d70\"\r\n    },\r\n    {\r\n      \"sku\": {\r\n        \"name\": \"A0\",\r\n        \"tier\": \"Free\"\r\n      },\r\n      \"properties\": {\r\n        \"displayName\": \"jilmntest Append tag and its value from the resource group\",\r\n        \"policyDefinitionId\": \"/providers/Microsoft.Authorization/policyDefinitions/9ea02ca2-71db-412d-8b00-7c7ca9fcd32d\",\r\n        \"scope\": \"/subscriptions/e78961ba-36fe-4739-9212-e3031b4c8db7/resourceGroups/jilimntest\",\r\n        \"notScopes\": [],\r\n        \"parameters\": {\r\n          \"tagName\": {\r\n            \"value\": \"tag1\"\r\n          }\r\n        },\r\n        \"metadata\": {\r\n          \"assignedBy\": \"Jin Soon Lim\",\r\n          \"parameterScopes\": {},\r\n          \"createdBy\": \"69108416-6ac7-4a4f-ac13-fee20ff1ee02\",\r\n          \"createdOn\": \"2019-06-24T23:20:46.5138204Z\",\r\n          \"updatedBy\": null,\r\n          \"updatedOn\": null\r\n        }\r\n      },\r\n      \"id\": \"/subscriptions/e78961ba-36fe-4739-9212-e3031b4c8db7/resourceGroups/jilimntest/providers/Microsoft.Authorization/policyAssignments/56af151b043845ba9dfe0e84\",\r\n      \"type\": \"Microsoft.Authorization/policyAssignments\",\r\n      \"name\": \"56af151b043845ba9dfe0e84\",\r\n      \"location\": \"eastus\"\r\n    },\r\n    {\r\n      \"sku\": {\r\n        \"name\": \"A0\",\r\n        \"tier\": \"Free\"\r\n      },\r\n      \"properties\": {\r\n        \"displayName\": \"Azure KeyVault Allowed Locations\",\r\n        \"policyDefinitionId\": \"/providers/Microsoft.Management/managementGroups/AzGovTest5/providers/Microsoft.Authorization/policyDefinitions/e1d7de9f-42f0-4af1-9ee0-0187bfce08d5\",\r\n        \"scope\": \"/subscriptions/e78961ba-36fe-4739-9212-e3031b4c8db7/resourceGroups/ramya-test\",\r\n        \"notScopes\": [],\r\n        \"parameters\": {\r\n          \"allowedLocations\": {\r\n            \"value\": [\r\n              \"westus\"\r\n            ]\r\n          }\r\n        },\r\n        \"metadata\": {\r\n          \"assignedBy\": \"Ramyasree Chakka\",\r\n          \"parameterScopes\": {\r\n            \"allowedLocations\": \"/subscriptions/e78961ba-36fe-4739-9212-e3031b4c8db7/resourceGroups/ramya-test\"\r\n          },\r\n          \"createdBy\": \"82f25a3e-d28d-4c27-90d6-d92c79d98936\",\r\n          \"createdOn\": \"2019-05-15T23:11:34.9169304Z\",\r\n          \"updatedBy\": null,\r\n          \"updatedOn\": null\r\n        }\r\n      },\r\n      \"id\": \"/subscriptions/e78961ba-36fe-4739-9212-e3031b4c8db7/resourceGroups/ramya-test/providers/Microsoft.Authorization/policyAssignments/8c219f36c4c449b198f38f45\",\r\n      \"type\": \"Microsoft.Authorization/policyAssignments\",\r\n      \"name\": \"8c219f36c4c449b198f38f45\",\r\n      \"location\": \"eastus\"\r\n    },\r\n    {\r\n      \"sku\": {\r\n        \"name\": \"A0\",\r\n        \"tier\": \"Free\"\r\n      },\r\n      \"properties\": {\r\n        \"displayName\": \"[Preview]: Enable Monitoring in Azure Security Center\",\r\n        \"policyDefinitionId\": \"/providers/Microsoft.Authorization/policySetDefinitions/1f3afdf9-d0c9-4c3d-847f-89da613e70a8\",\r\n        \"scope\": \"/subscriptions/e78961ba-36fe-4739-9212-e3031b4c8db7/resourceGroups/cheggpolicy\",\r\n        \"notScopes\": [],\r\n        \"parameters\": {},\r\n        \"metadata\": {\r\n          \"assignedBy\": \"Rohit Bhardwaj\",\r\n          \"parameterScopes\": {},\r\n          \"createdBy\": \"22ac4b8c-9194-4feb-b6c6-0e7a995fca2e\",\r\n          \"createdOn\": \"2019-05-01T00:22:01.0195887Z\",\r\n          \"updatedBy\": null,\r\n          \"updatedOn\": null\r\n        }\r\n      },\r\n      \"id\": \"/subscriptions/e78961ba-36fe-4739-9212-e3031b4c8db7/resourceGroups/cheggpolicy/providers/Microsoft.Authorization/policyAssignments/8a4555d353ed46bb856e9890\",\r\n      \"type\": \"Microsoft.Authorization/policyAssignments\",\r\n      \"name\": \"8a4555d353ed46bb856e9890\",\r\n      \"location\": \"eastus\"\r\n    },\r\n    {\r\n      \"sku\": {\r\n        \"name\": \"A0\",\r\n        \"tier\": \"Free\"\r\n      },\r\n      \"properties\": {\r\n        \"displayName\": \"[Preview]: Deploy Log Analytics Agent for Windows VMs\",\r\n        \"policyDefinitionId\": \"/providers/Microsoft.Authorization/policyDefinitions/0868462e-646c-4fe3-9ced-a733534b6a2c\",\r\n        \"scope\": \"/subscriptions/e78961ba-36fe-4739-9212-e3031b4c8db7/resourceGroups/jilimrg\",\r\n        \"notScopes\": [],\r\n        \"parameters\": {\r\n          \"logAnalytics\": {\r\n            \"value\": \"/subscriptions/e78961ba-36fe-4739-9212-e3031b4c8db7/resourcegroups/defaultresourcegroup-weu/providers/microsoft.operationalinsights/workspaces/defaultworkspace-e78961ba-36fe-4739-9212-e3031b4c8db7-weu\"\r\n          }\r\n        },\r\n        \"metadata\": {\r\n          \"assignedBy\": \"Jin Soon Lim\",\r\n          \"parameterScopes\": {\r\n            \"logAnalytics\": \"/subscriptions/e78961ba-36fe-4739-9212-e3031b4c8db7\"\r\n          },\r\n          \"createdBy\": \"69108416-6ac7-4a4f-ac13-fee20ff1ee02\",\r\n          \"createdOn\": \"2019-06-24T19:14:43.0131358Z\",\r\n          \"updatedBy\": null,\r\n          \"updatedOn\": null\r\n        }\r\n      },\r\n      \"identity\": {\r\n        \"principalId\": \"ebd0adfd-2ebb-49ac-8356-2e445a21c226\",\r\n        \"tenantId\": \"72f988bf-86f1-41af-91ab-2d7cd011db47\",\r\n        \"type\": \"SystemAssigned\"\r\n      },\r\n      \"id\": \"/subscriptions/e78961ba-36fe-4739-9212-e3031b4c8db7/resourceGroups/jilimrg/providers/Microsoft.Authorization/policyAssignments/9f4513e4b2254b3c9be27189\",\r\n      \"type\": \"Microsoft.Authorization/policyAssignments\",\r\n      \"name\": \"9f4513e4b2254b3c9be27189\",\r\n      \"location\": \"centralus\"\r\n    },\r\n    {\r\n      \"sku\": {\r\n        \"name\": \"A0\",\r\n        \"tier\": \"Free\"\r\n      },\r\n      \"properties\": {\r\n        \"displayName\": \"jilim Append tag and its value from the resource group\",\r\n        \"policyDefinitionId\": \"/providers/Microsoft.Authorization/policyDefinitions/9ea02ca2-71db-412d-8b00-7c7ca9fcd32d\",\r\n        \"scope\": \"/subscriptions/e78961ba-36fe-4739-9212-e3031b4c8db7/resourceGroups/jilimrg\",\r\n        \"notScopes\": [],\r\n        \"parameters\": {\r\n          \"tagName\": {\r\n            \"value\": \"tag1\"\r\n          }\r\n        },\r\n        \"metadata\": {\r\n          \"assignedBy\": \"Jin Soon Lim\",\r\n          \"parameterScopes\": {},\r\n          \"createdBy\": \"69108416-6ac7-4a4f-ac13-fee20ff1ee02\",\r\n          \"createdOn\": \"2019-06-24T21:57:46.067217Z\",\r\n          \"updatedBy\": null,\r\n          \"updatedOn\": null\r\n        }\r\n      },\r\n      \"id\": \"/subscriptions/e78961ba-36fe-4739-9212-e3031b4c8db7/resourceGroups/jilimrg/providers/Microsoft.Authorization/policyAssignments/f1b5c3295c3d4498abf1b7a9\",\r\n      \"type\": \"Microsoft.Authorization/policyAssignments\",\r\n      \"name\": \"f1b5c3295c3d4498abf1b7a9\",\r\n      \"location\": \"eastus\"\r\n    },\r\n    {\r\n      \"sku\": {\r\n        \"name\": \"A0\",\r\n        \"tier\": \"Free\"\r\n      },\r\n      \"properties\": {\r\n        \"displayName\": \"Audit enabling of diagnostic logs in Azure Data Lake Store\",\r\n        \"policyDefinitionId\": \"/providers/Microsoft.Authorization/policyDefinitions/057ef27e-665e-4328-8ea3-04b3122bd9fb\",\r\n        \"scope\": \"/providers/Microsoft.Management/managementGroups/PolicyUIMG\",\r\n        \"notScopes\": [],\r\n        \"parameters\": {},\r\n        \"metadata\": {\r\n          \"assignedBy\": \"Sandip Shahane\",\r\n          \"parameterScopes\": {}\r\n        }\r\n      },\r\n      \"id\": \"/providers/Microsoft.Management/managementGroups/PolicyUIMG/providers/Microsoft.Authorization/policyAssignments/66926b7556734dcf9a80080f\",\r\n      \"type\": \"Microsoft.Authorization/policyAssignments\",\r\n      \"name\": \"66926b7556734dcf9a80080f\",\r\n      \"location\": \"eastus\"\r\n    },\r\n    {\r\n      \"sku\": {\r\n        \"name\": \"A0\",\r\n        \"tier\": \"Free\"\r\n      },\r\n      \"properties\": {\r\n        \"displayName\": \"Audit VMs that do not use managed disks delete this\",\r\n        \"policyDefinitionId\": \"/providers/Microsoft.Authorization/policyDefinitions/06a78e20-9358-41c9-923c-fb736d382a4d\",\r\n        \"scope\": \"/providers/Microsoft.Management/managementGroups/PolicyUIMG\",\r\n        \"notScopes\": [],\r\n        \"parameters\": {},\r\n        \"metadata\": {\r\n          \"assignedBy\": \"Sandip Shahane\",\r\n          \"parameterScopes\": {},\r\n          \"createdBy\": \"327c26bf-bf3e-4128-9b75-fbbd99e98739\",\r\n          \"createdOn\": \"2019-06-20T23:21:22.259084Z\",\r\n          \"updatedBy\": null,\r\n          \"updatedOn\": null\r\n        }\r\n      },\r\n      \"id\": \"/providers/Microsoft.Management/managementGroups/PolicyUIMG/providers/Microsoft.Authorization/policyAssignments/ebc169a314df42b9bf912b4f\",\r\n      \"type\": \"Microsoft.Authorization/policyAssignments\",\r\n      \"name\": \"ebc169a314df42b9bf912b4f\",\r\n      \"location\": \"eastus\"\r\n    },\r\n    {\r\n      \"sku\": {\r\n        \"name\": \"A0\",\r\n        \"tier\": \"Free\"\r\n      },\r\n      \"properties\": {\r\n        \"displayName\": \"sandipsh CRI 2 [Preview]: Audit Dependency Agent Deployment - VM Image (OS) unlisted\",\r\n        \"policyDefinitionId\": \"/providers/Microsoft.Authorization/policyDefinitions/11ac78e3-31bc-4f0c-8434-37ab963cea07\",\r\n        \"scope\": \"/providers/Microsoft.Management/managementGroups/AzGovTest5\",\r\n        \"notScopes\": [],\r\n        \"parameters\": {},\r\n        \"metadata\": {\r\n          \"assignedBy\": \"Sandip Shahane\",\r\n          \"parameterScopes\": {}\r\n        }\r\n      },\r\n      \"id\": \"/providers/Microsoft.Management/managementGroups/AzGovTest5/providers/Microsoft.Authorization/policyAssignments/8a5f4a42ed8743de909b269c\",\r\n      \"type\": \"Microsoft.Authorization/policyAssignments\",\r\n      \"name\": \"8a5f4a42ed8743de909b269c\",\r\n      \"location\": \"eastus\"\r\n    },\r\n    {\r\n      \"sku\": {\r\n        \"name\": \"A0\",\r\n        \"tier\": \"Free\"\r\n      },\r\n      \"properties\": {\r\n        \"policyDefinitionId\": \"/providers/Microsoft.Authorization/policyDefinitions/404c3081-a854-4457-ae30-26a93ef643f9\",\r\n        \"scope\": \"/providers/microsoft.management/managementgroups/AzGovTest5\"\r\n      },\r\n      \"id\": \"/providers/microsoft.management/managementgroups/AzGovTest5/providers/Microsoft.Authorization/policyAssignments/jilimcss\",\r\n      \"type\": \"Microsoft.Authorization/policyAssignments\",\r\n      \"name\": \"jilimcss\"\r\n    }\r\n  ]\r\n}",
=======
      "ResponseBody": "{\r\n  \"value\": [\r\n    {\r\n      \"sku\": {\r\n        \"name\": \"A0\",\r\n        \"tier\": \"Free\"\r\n      },\r\n      \"properties\": {\r\n        \"displayName\": \"Test Modify initiative\",\r\n        \"policyDefinitionId\": \"/subscriptions/f67cc918-f64f-4c3f-aa24-a855465f9d41/providers/Microsoft.Authorization/policySetDefinitions/55afae72-7df0-417b-9eb7-f756576c854a\",\r\n        \"scope\": \"/subscriptions/f67cc918-f64f-4c3f-aa24-a855465f9d41\",\r\n        \"notScopes\": [],\r\n        \"parameters\": {},\r\n        \"description\": \"\",\r\n        \"metadata\": {\r\n          \"assignedBy\": \"Robert Gao\",\r\n          \"parameterScopes\": {},\r\n          \"createdBy\": \"0dc80135-ae53-4da3-8695-220a2d93aad8\",\r\n          \"createdOn\": \"2019-08-29T00:36:56.3908822Z\",\r\n          \"updatedBy\": \"36e2f355-d2e2-4fbc-88ab-4281639dff94\",\r\n          \"updatedOn\": \"2019-11-11T22:00:41.5492656Z\"\r\n        },\r\n        \"enforcementMode\": \"Default\"\r\n      },\r\n      \"identity\": {\r\n        \"principalId\": \"48036e81-a2af-4e6c-9624-4908615cc36d\",\r\n        \"tenantId\": \"72f988bf-86f1-41af-91ab-2d7cd011db47\",\r\n        \"type\": \"SystemAssigned\"\r\n      },\r\n      \"id\": \"/subscriptions/f67cc918-f64f-4c3f-aa24-a855465f9d41/providers/Microsoft.Authorization/policyAssignments/3cf2c941d7b2418ca7b860e2\",\r\n      \"type\": \"Microsoft.Authorization/policyAssignments\",\r\n      \"name\": \"3cf2c941d7b2418ca7b860e2\",\r\n      \"location\": \"eastus\"\r\n    },\r\n    {\r\n      \"sku\": {\r\n        \"name\": \"A0\",\r\n        \"tier\": \"Free\"\r\n      },\r\n      \"properties\": {\r\n        \"displayName\": \"chegg replace tag RG\",\r\n        \"policyDefinitionId\": \"/providers/Microsoft.Authorization/policyDefinitions/d157c373-a6c4-483d-aaad-570756956268\",\r\n        \"scope\": \"/subscriptions/f67cc918-f64f-4c3f-aa24-a855465f9d41\",\r\n        \"notScopes\": [],\r\n        \"parameters\": {\r\n          \"tagName\": {\r\n            \"value\": \"cheggReplaced\"\r\n          },\r\n          \"tagValue\": {\r\n            \"value\": \"true_112019_246PM\"\r\n          }\r\n        },\r\n        \"description\": \"\",\r\n        \"metadata\": {\r\n          \"assignedBy\": \"Chris Eggert\",\r\n          \"parameterScopes\": {},\r\n          \"createdBy\": \"36e2f355-d2e2-4fbc-88ab-4281639dff94\",\r\n          \"createdOn\": \"2019-11-06T23:26:56.0841235Z\",\r\n          \"updatedBy\": \"36e2f355-d2e2-4fbc-88ab-4281639dff94\",\r\n          \"updatedOn\": \"2019-11-20T22:46:27.8117346Z\"\r\n        },\r\n        \"enforcementMode\": \"DoNotEnforce\"\r\n      },\r\n      \"identity\": {\r\n        \"principalId\": \"9f6b0b38-d4b1-43d7-9ec8-4905306fe6fa\",\r\n        \"tenantId\": \"72f988bf-86f1-41af-91ab-2d7cd011db47\",\r\n        \"type\": \"SystemAssigned\"\r\n      },\r\n      \"id\": \"/subscriptions/f67cc918-f64f-4c3f-aa24-a855465f9d41/providers/Microsoft.Authorization/policyAssignments/98a7c096f5154b8eadd36f8c\",\r\n      \"type\": \"Microsoft.Authorization/policyAssignments\",\r\n      \"name\": \"98a7c096f5154b8eadd36f8c\",\r\n      \"location\": \"eastus\"\r\n    },\r\n    {\r\n      \"sku\": {\r\n        \"name\": \"A0\",\r\n        \"tier\": \"Free\"\r\n      },\r\n      \"properties\": {\r\n        \"displayName\": \"[Preview]: Audit NIST SP 800-53 R4 controls and deploy specific VM Extensions to support audit requirements\",\r\n        \"policyDefinitionId\": \"/providers/Microsoft.Authorization/policySetDefinitions/cf25b9c1-bd23-4eb6-bd2c-f4f3ac644a5f\",\r\n        \"scope\": \"/subscriptions/f67cc918-f64f-4c3f-aa24-a855465f9d41\",\r\n        \"notScopes\": [],\r\n        \"parameters\": {\r\n          \"logAnalyticsWorkspaceIdforVMReporting\": {\r\n            \"value\": \"fasdff\"\r\n          },\r\n          \"listOfResourceTypesWithDiagnosticLogsEnabled\": {\r\n            \"value\": [\r\n              \"Microsoft.Network/applicationGateways\",\r\n              \"Microsoft.Automation/automationAccounts\",\r\n              \"Microsoft.ContainerInstance/containerGroups\",\r\n              \"Microsoft.ContainerRegistry/registries\",\r\n              \"Microsoft.ContainerService/managedClusters\",\r\n              \"Microsoft.Batch/batchAccounts\",\r\n              \"Microsoft.Cdn/profiles/endpoints\",\r\n              \"Microsoft.CognitiveServices/accounts\",\r\n              \"Microsoft.DocumentDB/databaseAccounts\",\r\n              \"Microsoft.DataFactory/factories\",\r\n              \"Microsoft.DataLakeAnalytics/accounts\",\r\n              \"Microsoft.DataLakeStore/accounts\",\r\n              \"Microsoft.EventGrid/eventSubscriptions\",\r\n              \"Microsoft.EventGrid/topics\",\r\n              \"Microsoft.EventHub/namespaces\",\r\n              \"Microsoft.Network/expressRouteCircuits\",\r\n              \"Microsoft.Network/azureFirewalls\",\r\n              \"Microsoft.HDInsight/clusters\",\r\n              \"Microsoft.Devices/IotHubs\",\r\n              \"Microsoft.KeyVault/vaults\",\r\n              \"Microsoft.Network/loadBalancers\",\r\n              \"Microsoft.Logic/integrationAccounts\",\r\n              \"Microsoft.Logic/workflows\",\r\n              \"Microsoft.DBforMySQL/servers\",\r\n              \"Microsoft.Network/networkInterfaces\",\r\n              \"Microsoft.Network/networkSecurityGroups\",\r\n              \"Microsoft.DBforPostgreSQL/servers\",\r\n              \"Microsoft.PowerBIDedicated/capacities\",\r\n              \"Microsoft.Network/publicIPAddresses\",\r\n              \"Microsoft.RecoveryServices/vaults\",\r\n              \"Microsoft.Cache/redis\",\r\n              \"Microsoft.Relay/namespaces\",\r\n              \"Microsoft.Search/searchServices\",\r\n              \"Microsoft.ServiceBus/namespaces\",\r\n              \"Microsoft.SignalRService/SignalR\",\r\n              \"Microsoft.Sql/servers/databases\",\r\n              \"Microsoft.Sql/servers/elasticPools\",\r\n              \"Microsoft.StreamAnalytics/streamingjobs\",\r\n              \"Microsoft.TimeSeriesInsights/environments\",\r\n              \"Microsoft.Network/trafficManagerProfiles\",\r\n              \"Microsoft.Compute/virtualMachines\",\r\n              \"Microsoft.Compute/virtualMachineScaleSets\",\r\n              \"Microsoft.Network/virtualNetworks\",\r\n              \"Microsoft.Network/virtualNetworkGateways\"\r\n            ]\r\n          },\r\n          \"listOfMembersToExcludeFromWindowsVMAdministratorsGroup\": {\r\n            \"value\": \"cheggert\"\r\n          },\r\n          \"listOfMembersToIncludeInWindowsVMAdministratorsGroup\": {\r\n            \"value\": \"rohitbh\"\r\n          }\r\n        },\r\n        \"description\": \"This initiative includes audit and VM Extension deployment policies that address a subset of NIST SP 800-53 R4 controls. Additional policies will be added in upcoming releases. For more information, please visit https://aka.ms/nist80053-blueprint.\",\r\n        \"metadata\": {\r\n          \"assignedBy\": \"Chris Eggert\",\r\n          \"parameterScopes\": {},\r\n          \"createdBy\": \"36e2f355-d2e2-4fbc-88ab-4281639dff94\",\r\n          \"createdOn\": \"2019-11-20T22:11:26.047177Z\",\r\n          \"updatedBy\": \"36e2f355-d2e2-4fbc-88ab-4281639dff94\",\r\n          \"updatedOn\": \"2019-11-22T04:20:25.4141918Z\"\r\n        },\r\n        \"enforcementMode\": \"Default\"\r\n      },\r\n      \"identity\": {\r\n        \"principalId\": \"c7519ca7-0d79-4b0f-af0b-0a4cfe3402d0\",\r\n        \"tenantId\": \"72f988bf-86f1-41af-91ab-2d7cd011db47\",\r\n        \"type\": \"SystemAssigned\"\r\n      },\r\n      \"id\": \"/subscriptions/f67cc918-f64f-4c3f-aa24-a855465f9d41/providers/Microsoft.Authorization/policyAssignments/d17bc2764dae4ec1be07d178\",\r\n      \"type\": \"Microsoft.Authorization/policyAssignments\",\r\n      \"name\": \"d17bc2764dae4ec1be07d178\",\r\n      \"location\": \"eastus\"\r\n    },\r\n    {\r\n      \"sku\": {\r\n        \"name\": \"A0\",\r\n        \"tier\": \"Free\"\r\n      },\r\n      \"properties\": {\r\n        \"displayName\": \"rohitbh: Key vault access policy (Always give Joel access)\",\r\n        \"policyDefinitionId\": \"/subscriptions/f67cc918-f64f-4c3f-aa24-a855465f9d41/providers/Microsoft.Authorization/policyDefinitions/3863c624-094c-480d-bc42-74970b55e5e1\",\r\n        \"scope\": \"/subscriptions/f67cc918-f64f-4c3f-aa24-a855465f9d41\",\r\n        \"notScopes\": [],\r\n        \"parameters\": {\r\n          \"userObjectId\": {\r\n            \"value\": \"644c17f7-2b49-4549-a67f-bcc0448cd850\"\r\n          }\r\n        },\r\n        \"description\": \"Assignment description\",\r\n        \"metadata\": {\r\n          \"assignedBy\": \"Rohit Bhardwaj\",\r\n          \"parameterScopes\": {},\r\n          \"createdBy\": \"22ac4b8c-9194-4feb-b6c6-0e7a995fca2e\",\r\n          \"createdOn\": \"2019-03-26T00:12:03.5422031Z\",\r\n          \"updatedBy\": \"36e2f355-d2e2-4fbc-88ab-4281639dff94\",\r\n          \"updatedOn\": \"2019-11-12T22:23:50.9933459Z\"\r\n        },\r\n        \"enforcementMode\": \"DoNotEnforce\"\r\n      },\r\n      \"identity\": {\r\n        \"principalId\": \"f12ee62c-35e6-45ec-b44b-13587ca23514\",\r\n        \"tenantId\": \"72f988bf-86f1-41af-91ab-2d7cd011db47\",\r\n        \"type\": \"SystemAssigned\"\r\n      },\r\n      \"id\": \"/subscriptions/f67cc918-f64f-4c3f-aa24-a855465f9d41/providers/Microsoft.Authorization/policyAssignments/ebccc544c4dd43d29c937f0c\",\r\n      \"type\": \"Microsoft.Authorization/policyAssignments\",\r\n      \"name\": \"ebccc544c4dd43d29c937f0c\",\r\n      \"location\": \"eastus\"\r\n    },\r\n    {\r\n      \"sku\": {\r\n        \"name\": \"A0\",\r\n        \"tier\": \"Free\"\r\n      },\r\n      \"properties\": {\r\n        \"displayName\": \"chegg: Replace tag without becoming compliant\",\r\n        \"policyDefinitionId\": \"/subscriptions/f67cc918-f64f-4c3f-aa24-a855465f9d41/providers/Microsoft.Authorization/policyDefinitions/270f0d11-af30-4c15-95f7-28ba884518f0\",\r\n        \"scope\": \"/subscriptions/f67cc918-f64f-4c3f-aa24-a855465f9d41\",\r\n        \"notScopes\": [],\r\n        \"parameters\": {},\r\n        \"metadata\": {\r\n          \"assignedBy\": \"Chris Eggert\",\r\n          \"parameterScopes\": {},\r\n          \"createdBy\": \"36e2f355-d2e2-4fbc-88ab-4281639dff94\",\r\n          \"createdOn\": \"2019-11-21T00:28:49.7568462Z\",\r\n          \"updatedBy\": null,\r\n          \"updatedOn\": null\r\n        },\r\n        \"enforcementMode\": \"DoNotEnforce\"\r\n      },\r\n      \"identity\": {\r\n        \"principalId\": \"8b9d526a-9e43-4d1b-8bfe-cfe4d90f3b58\",\r\n        \"tenantId\": \"72f988bf-86f1-41af-91ab-2d7cd011db47\",\r\n        \"type\": \"SystemAssigned\"\r\n      },\r\n      \"id\": \"/subscriptions/f67cc918-f64f-4c3f-aa24-a855465f9d41/providers/Microsoft.Authorization/policyAssignments/ee5909f9ee3f4c12bbed6efc\",\r\n      \"type\": \"Microsoft.Authorization/policyAssignments\",\r\n      \"name\": \"ee5909f9ee3f4c12bbed6efc\",\r\n      \"location\": \"eastus\"\r\n    },\r\n    {\r\n      \"sku\": {\r\n        \"name\": \"A0\",\r\n        \"tier\": \"Free\"\r\n      },\r\n      \"properties\": {\r\n        \"displayName\": \"Empty deployment on each KeyVault resource (SUB)\",\r\n        \"policyDefinitionId\": \"/providers/Microsoft.Management/managementGroups/AzGovPerfTest/providers/Microsoft.Authorization/policyDefinitions/78a38c70-5549-49bd-8a16-fe3619e5d2cf\",\r\n        \"scope\": \"/subscriptions/f67cc918-f64f-4c3f-aa24-a855465f9d41\",\r\n        \"notScopes\": [],\r\n        \"parameters\": {},\r\n        \"description\": \"Deploys an empty deployment (with one output) on each KeyVault vault.  Used for some PolicyInsights SDK tests.\",\r\n        \"metadata\": {\r\n          \"assignedBy\": \"Chris Eggert\",\r\n          \"parameterScopes\": {},\r\n          \"createdBy\": \"36e2f355-d2e2-4fbc-88ab-4281639dff94\",\r\n          \"createdOn\": \"2019-11-21T17:43:53.4694168Z\",\r\n          \"updatedBy\": \"36e2f355-d2e2-4fbc-88ab-4281639dff94\",\r\n          \"updatedOn\": \"2019-11-21T17:44:38.1610927Z\"\r\n        },\r\n        \"enforcementMode\": \"DoNotEnforce\"\r\n      },\r\n      \"identity\": {\r\n        \"principalId\": \"dfd2385a-7700-420f-b164-bd9ffb52285b\",\r\n        \"tenantId\": \"72f988bf-86f1-41af-91ab-2d7cd011db47\",\r\n        \"type\": \"SystemAssigned\"\r\n      },\r\n      \"id\": \"/subscriptions/f67cc918-f64f-4c3f-aa24-a855465f9d41/providers/Microsoft.Authorization/policyAssignments/fcddeb6113ec43798567dce2\",\r\n      \"type\": \"Microsoft.Authorization/policyAssignments\",\r\n      \"name\": \"fcddeb6113ec43798567dce2\",\r\n      \"location\": \"eastus\"\r\n    },\r\n    {\r\n      \"sku\": {\r\n        \"name\": \"A0\",\r\n        \"tier\": \"Free\"\r\n      },\r\n      \"properties\": {\r\n        \"displayName\": \"Empty deployment on each KeyVault resource (MG)\",\r\n        \"policyDefinitionId\": \"/providers/Microsoft.Management/managementGroups/AzGovPerfTest/providers/Microsoft.Authorization/policyDefinitions/78a38c70-5549-49bd-8a16-fe3619e5d2cf\",\r\n        \"scope\": \"/providers/Microsoft.Management/managementGroups/AzGovPerfTest\",\r\n        \"notScopes\": [],\r\n        \"parameters\": {},\r\n        \"description\": \"Deploys an empty deployment (with one output) on each KeyVault vault.  Used for some PolicyInsights SDK tests.\",\r\n        \"metadata\": {\r\n          \"assignedBy\": \"Chris Eggert\",\r\n          \"parameterScopes\": {},\r\n          \"createdBy\": \"36e2f355-d2e2-4fbc-88ab-4281639dff94\",\r\n          \"createdOn\": \"2019-11-21T17:44:17.3643721Z\",\r\n          \"updatedBy\": null,\r\n          \"updatedOn\": null\r\n        },\r\n        \"enforcementMode\": \"DoNotEnforce\"\r\n      },\r\n      \"identity\": {\r\n        \"principalId\": \"067c1aa0-c425-4ad5-80fe-41d4639b1d42\",\r\n        \"tenantId\": \"72f988bf-86f1-41af-91ab-2d7cd011db47\",\r\n        \"type\": \"SystemAssigned\"\r\n      },\r\n      \"id\": \"/providers/Microsoft.Management/managementGroups/AzGovPerfTest/providers/Microsoft.Authorization/policyAssignments/d80d743b97874fd3bfd1d539\",\r\n      \"type\": \"Microsoft.Authorization/policyAssignments\",\r\n      \"name\": \"d80d743b97874fd3bfd1d539\",\r\n      \"location\": \"eastus\"\r\n    },\r\n    {\r\n      \"sku\": {\r\n        \"name\": \"A0\",\r\n        \"tier\": \"Free\"\r\n      },\r\n      \"properties\": {\r\n        \"displayName\": \"Audit tag at MG\",\r\n        \"policyDefinitionId\": \"/providers/Microsoft.Management/managementGroups/AzGovPerfTest/providers/Microsoft.Authorization/policyDefinitions/03ae6c12-b46a-43f1-9f3d-c20620473106\",\r\n        \"scope\": \"/providers/Microsoft.Management/managementGroups/AzGovPerfTest\",\r\n        \"notScopes\": [\r\n          \"/subscriptions/086aecf4-23d6-4dfd-99a8-a5c6299f0322\"\r\n        ],\r\n        \"parameters\": {},\r\n        \"metadata\": {\r\n          \"assignedBy\": \"Chris Eggert\",\r\n          \"parameterScopes\": {},\r\n          \"createdBy\": \"327c26bf-bf3e-4128-9b75-fbbd99e98739\",\r\n          \"createdOn\": \"2019-09-19T21:02:48.2629834Z\",\r\n          \"updatedBy\": \"36e2f355-d2e2-4fbc-88ab-4281639dff94\",\r\n          \"updatedOn\": \"2019-10-01T17:50:28.4254014Z\"\r\n        },\r\n        \"enforcementMode\": \"Default\"\r\n      },\r\n      \"id\": \"/providers/Microsoft.Management/managementGroups/AzGovPerfTest/providers/Microsoft.Authorization/policyAssignments/ef26e8bbc3da423ebf7fcb80\",\r\n      \"type\": \"Microsoft.Authorization/policyAssignments\",\r\n      \"name\": \"ef26e8bbc3da423ebf7fcb80\"\r\n    }\r\n  ]\r\n}",
>>>>>>> d78b04a5306127f583235b13752c48d4f7d1289a
      "StatusCode": 200
    }
  ],
  "Names": {},
  "Variables": {
<<<<<<< HEAD
    "SubscriptionId": "e78961ba-36fe-4739-9212-e3031b4c8db7"
=======
    "SubscriptionId": "f67cc918-f64f-4c3f-aa24-a855465f9d41"
>>>>>>> d78b04a5306127f583235b13752c48d4f7d1289a
  }
}