{
  "Entries": [
    {
      "RequestUri": "/subscriptions/d0610b27-9663-4c05-89f8-5b4be01e86a5/resourcegroups/ps1441?api-version=2018-05-01",
      "EncodedRequestUri": "L3N1YnNjcmlwdGlvbnMvZDA2MTBiMjctOTY2My00YzA1LTg5ZjgtNWI0YmUwMWU4NmE1L3Jlc291cmNlZ3JvdXBzL3BzMTQ0MT9hcGktdmVyc2lvbj0yMDE4LTA1LTAx",
      "RequestMethod": "HEAD",
      "RequestBody": "",
      "RequestHeaders": {
        "x-ms-client-request-id": [
          "1f950e9d-0d0b-458f-8de3-810eb42d5357"
        ],
        "Accept-Language": [
          "en-US"
        ],
        "User-Agent": [
          "FxVersion/4.6.27019.06",
          "OSName/Windows",
          "OSVersion/Microsoft.Windows.10.0.17763.",
          "Microsoft.Azure.Management.ResourceManager.ResourceManagementClient/1.9.1.0"
        ]
      },
      "ResponseHeaders": {
        "Cache-Control": [
          "no-cache"
        ],
        "Pragma": [
          "no-cache"
        ],
        "x-ms-failure-cause": [
          "gateway"
        ],
        "x-ms-ratelimit-remaining-subscription-reads": [
          "11983"
        ],
        "x-ms-request-id": [
          "9618ac85-1ade-488c-bba5-9f4a7a0fe208"
        ],
        "x-ms-correlation-request-id": [
          "9618ac85-1ade-488c-bba5-9f4a7a0fe208"
        ],
        "x-ms-routing-request-id": [
          "WESTUS2:20181220T213657Z:9618ac85-1ade-488c-bba5-9f4a7a0fe208"
        ],
        "Strict-Transport-Security": [
          "max-age=31536000; includeSubDomains"
        ],
        "X-Content-Type-Options": [
          "nosniff"
        ],
        "Date": [
          "Thu, 20 Dec 2018 21:36:57 GMT"
        ],
        "Content-Length": [
          "98"
        ],
        "Content-Type": [
          "application/json; charset=utf-8"
        ],
        "Expires": [
          "-1"
        ],
        "Retry-After": [
          "0"
        ]
      },
      "ResponseBody": "",
      "StatusCode": 404
    },
    {
      "RequestUri": "/subscriptions/d0610b27-9663-4c05-89f8-5b4be01e86a5/resourcegroups/ps1441?api-version=2018-05-01",
      "EncodedRequestUri": "L3N1YnNjcmlwdGlvbnMvZDA2MTBiMjctOTY2My00YzA1LTg5ZjgtNWI0YmUwMWU4NmE1L3Jlc291cmNlZ3JvdXBzL3BzMTQ0MT9hcGktdmVyc2lvbj0yMDE4LTA1LTAx",
      "RequestMethod": "HEAD",
      "RequestBody": "",
      "RequestHeaders": {
        "x-ms-client-request-id": [
          "0252bb54-d94f-4f0e-bff4-7a23119f3e8c"
        ],
        "Accept-Language": [
          "en-US"
        ],
        "User-Agent": [
          "FxVersion/4.6.27019.06",
          "OSName/Windows",
          "OSVersion/Microsoft.Windows.10.0.17763.",
          "Microsoft.Azure.Management.ResourceManager.ResourceManagementClient/1.9.1.0"
        ]
      },
      "ResponseHeaders": {
        "Cache-Control": [
          "no-cache"
        ],
        "Pragma": [
          "no-cache"
        ],
        "x-ms-ratelimit-remaining-subscription-reads": [
          "11983"
        ],
        "x-ms-request-id": [
          "f66664df-5567-427c-bf23-7c833d0eb194"
        ],
        "x-ms-correlation-request-id": [
          "f66664df-5567-427c-bf23-7c833d0eb194"
        ],
        "x-ms-routing-request-id": [
          "WESTUS2:20181220T213711Z:f66664df-5567-427c-bf23-7c833d0eb194"
        ],
        "Strict-Transport-Security": [
          "max-age=31536000; includeSubDomains"
        ],
        "X-Content-Type-Options": [
          "nosniff"
        ],
        "Date": [
          "Thu, 20 Dec 2018 21:37:10 GMT"
        ],
        "Content-Length": [
          "0"
        ],
        "Expires": [
          "-1"
        ],
        "Retry-After": [
          "0"
        ]
      },
      "ResponseBody": "",
      "StatusCode": 204
    },
    {
      "RequestUri": "/subscriptions/d0610b27-9663-4c05-89f8-5b4be01e86a5/resourcegroups/ps1441?api-version=2018-05-01",
      "EncodedRequestUri": "L3N1YnNjcmlwdGlvbnMvZDA2MTBiMjctOTY2My00YzA1LTg5ZjgtNWI0YmUwMWU4NmE1L3Jlc291cmNlZ3JvdXBzL3BzMTQ0MT9hcGktdmVyc2lvbj0yMDE4LTA1LTAx",
      "RequestMethod": "PUT",
      "RequestBody": "{\r\n  \"location\": \"west us\"\r\n}",
      "RequestHeaders": {
        "x-ms-client-request-id": [
          "e0abeb90-8ebf-401d-b296-28e83e5bbbc5"
        ],
        "Accept-Language": [
          "en-US"
        ],
        "User-Agent": [
          "FxVersion/4.6.27019.06",
          "OSName/Windows",
          "OSVersion/Microsoft.Windows.10.0.17763.",
          "Microsoft.Azure.Management.ResourceManager.ResourceManagementClient/1.9.1.0"
        ],
        "Content-Type": [
          "application/json; charset=utf-8"
        ],
        "Content-Length": [
          "29"
        ]
      },
      "ResponseHeaders": {
        "Cache-Control": [
          "no-cache"
        ],
        "Pragma": [
          "no-cache"
        ],
        "x-ms-ratelimit-remaining-subscription-writes": [
          "1196"
        ],
        "x-ms-request-id": [
          "c1ff8ee8-82a5-409c-a776-7715b745ddb3"
        ],
        "x-ms-correlation-request-id": [
          "c1ff8ee8-82a5-409c-a776-7715b745ddb3"
        ],
        "x-ms-routing-request-id": [
          "WESTUS2:20181220T213658Z:c1ff8ee8-82a5-409c-a776-7715b745ddb3"
        ],
        "Strict-Transport-Security": [
          "max-age=31536000; includeSubDomains"
        ],
        "X-Content-Type-Options": [
          "nosniff"
        ],
        "Date": [
          "Thu, 20 Dec 2018 21:36:58 GMT"
        ],
        "Content-Length": [
          "165"
        ],
        "Content-Type": [
          "application/json; charset=utf-8"
        ],
        "Expires": [
          "-1"
        ],
        "Retry-After": [
          "0"
        ]
      },
      "ResponseBody": "{\r\n  \"id\": \"/subscriptions/d0610b27-9663-4c05-89f8-5b4be01e86a5/resourceGroups/ps1441\",\r\n  \"name\": \"ps1441\",\r\n  \"location\": \"westus\",\r\n  \"properties\": {\r\n    \"provisioningState\": \"Succeeded\"\r\n  }\r\n}",
      "StatusCode": 201
    },
    {
      "RequestUri": "/subscriptions/d0610b27-9663-4c05-89f8-5b4be01e86a5/providers/Microsoft.Authorization/policydefinitions/ps5393?api-version=2018-05-01",
      "EncodedRequestUri": "L3N1YnNjcmlwdGlvbnMvZDA2MTBiMjctOTY2My00YzA1LTg5ZjgtNWI0YmUwMWU4NmE1L3Byb3ZpZGVycy9NaWNyb3NvZnQuQXV0aG9yaXphdGlvbi9wb2xpY3lkZWZpbml0aW9ucy9wczUzOTM/YXBpLXZlcnNpb249MjAxOC0wNS0wMQ==",
      "RequestMethod": "PUT",
      "RequestBody": "{\r\n  \"name\": \"ps5393\",\r\n  \"properties\": {\r\n    \"description\": \"Unit test junk: sorry for littering. Please delete me!\",\r\n    \"policyRule\": {\r\n      \"if\": {\r\n        \"not\": {\r\n          \"field\": \"location\",\r\n          \"in\": \"[parameters('listOfAllowedLocations')]\"\r\n        }\r\n      },\r\n      \"then\": {\r\n        \"effect\": \"[parameters('effectParam')]\"\r\n      }\r\n    },\r\n    \"parameters\": {\r\n      \"listOfAllowedLocations\": {\r\n        \"type\": \"array\",\r\n        \"metadata\": {\r\n          \"description\": \"An array of permitted locations for resources.\",\r\n          \"strongType\": \"location\",\r\n          \"displayName\": \"List of locations\"\r\n        }\r\n      },\r\n      \"effectParam\": {\r\n        \"type\": \"string\",\r\n        \"defaultValue\": \"Deny\",\r\n        \"allowedValues\": [\r\n          \"Deny\",\r\n          \"Disabled\"\r\n        ],\r\n        \"metadata\": {\r\n          \"description\": \"The effect of the policy\",\r\n          \"displayName\": \"Policy Effect\"\r\n        }\r\n      }\r\n    },\r\n    \"mode\": \"All\"\r\n  }\r\n}",
      "RequestHeaders": {
        "User-Agent": [
          "AzurePowershell/v1.0.0",
          "PSVersion/v6.1.0"
        ],
        "ParameterSetName": [
          "NameParameterSet"
        ],
        "CommandName": [
          "New-AzPolicyDefinition"
        ],
        "Content-Type": [
          "application/json; charset=utf-8"
        ],
        "Content-Length": [
          "991"
        ]
      },
      "ResponseHeaders": {
        "Cache-Control": [
          "no-cache"
        ],
        "Pragma": [
          "no-cache"
        ],
        "x-ms-request-id": [
          "westus2:e73f2a33-70ca-4559-a114-531af1f49a34"
        ],
        "x-ms-ratelimit-remaining-subscription-writes": [
          "1194"
        ],
        "x-ms-correlation-request-id": [
          "9d1a0877-b5bf-44e9-be59-e12b6fa5f014"
        ],
        "x-ms-routing-request-id": [
          "WESTUS2:20181220T213659Z:9d1a0877-b5bf-44e9-be59-e12b6fa5f014"
        ],
        "Strict-Transport-Security": [
          "max-age=31536000; includeSubDomains"
        ],
        "X-Content-Type-Options": [
          "nosniff"
        ],
        "Date": [
          "Thu, 20 Dec 2018 21:36:58 GMT"
        ],
        "Content-Length": [
          "815"
        ],
        "Content-Type": [
          "application/json; charset=utf-8"
        ],
        "Expires": [
          "-1"
        ],
        "Retry-After": [
          "0"
        ]
      },
      "ResponseBody": "{\r\n  \"properties\": {\r\n    \"policyType\": \"Custom\",\r\n    \"mode\": \"All\",\r\n    \"description\": \"Unit test junk: sorry for littering. Please delete me!\",\r\n    \"parameters\": {\r\n      \"listOfAllowedLocations\": {\r\n        \"type\": \"Array\",\r\n        \"metadata\": {\r\n          \"description\": \"An array of permitted locations for resources.\",\r\n          \"strongType\": \"location\",\r\n          \"displayName\": \"List of locations\"\r\n        }\r\n      },\r\n      \"effectParam\": {\r\n        \"type\": \"String\",\r\n        \"metadata\": {\r\n          \"description\": \"The effect of the policy\",\r\n          \"displayName\": \"Policy Effect\"\r\n        },\r\n        \"allowedValues\": [\r\n          \"Deny\",\r\n          \"Disabled\"\r\n        ],\r\n        \"defaultValue\": \"Deny\"\r\n      }\r\n    },\r\n    \"policyRule\": {\r\n      \"if\": {\r\n        \"not\": {\r\n          \"field\": \"location\",\r\n          \"in\": \"[parameters('listOfAllowedLocations')]\"\r\n        }\r\n      },\r\n      \"then\": {\r\n        \"effect\": \"[parameters('effectParam')]\"\r\n      }\r\n    }\r\n  },\r\n  \"id\": \"/subscriptions/d0610b27-9663-4c05-89f8-5b4be01e86a5/providers/Microsoft.Authorization/policyDefinitions/ps5393\",\r\n  \"type\": \"Microsoft.Authorization/policyDefinitions\",\r\n  \"name\": \"ps5393\"\r\n}",
      "StatusCode": 201
    },
    {
      "RequestUri": "/subscriptions/d0610b27-9663-4c05-89f8-5b4be01e86a5/resourceGroups/ps1441/providers/Microsoft.Authorization/policyassignments/testPAWP?api-version=2018-05-01",
      "EncodedRequestUri": "L3N1YnNjcmlwdGlvbnMvZDA2MTBiMjctOTY2My00YzA1LTg5ZjgtNWI0YmUwMWU4NmE1L3Jlc291cmNlR3JvdXBzL3BzMTQ0MS9wcm92aWRlcnMvTWljcm9zb2Z0LkF1dGhvcml6YXRpb24vcG9saWN5YXNzaWdubWVudHMvdGVzdFBBV1A/YXBpLXZlcnNpb249MjAxOC0wNS0wMQ==",
      "RequestMethod": "PUT",
      "RequestBody": "{\r\n  \"properties\": {\r\n    \"scope\": \"/subscriptions/d0610b27-9663-4c05-89f8-5b4be01e86a5/resourceGroups/ps1441\",\r\n    \"description\": \"Unit test junk: sorry for littering. Please delete me!\",\r\n    \"policyDefinitionId\": \"/subscriptions/d0610b27-9663-4c05-89f8-5b4be01e86a5/providers/Microsoft.Authorization/policyDefinitions/ps5393\",\r\n    \"parameters\": {\r\n      \"listOfAllowedLocations\": {\r\n        \"value\": [\r\n          \"West US\",\r\n          \"West US 2\"\r\n        ]\r\n      }\r\n    }\r\n  },\r\n  \"name\": \"testPAWP\"\r\n}",
      "RequestHeaders": {
        "User-Agent": [
          "AzurePowershell/v1.0.0",
          "PSVersion/v6.1.0"
        ],
        "ParameterSetName": [
          "PolicyParameterObjectParameterSet"
        ],
        "CommandName": [
          "New-AzPolicyAssignment"
        ],
        "Content-Type": [
          "application/json; charset=utf-8"
        ],
        "Content-Length": [
          "509"
        ]
      },
      "ResponseHeaders": {
        "Cache-Control": [
          "no-cache"
        ],
        "Pragma": [
          "no-cache"
        ],
        "x-ms-request-id": [
          "westus2:e04d7b57-b4e1-4257-9ba9-210da308fca8"
        ],
        "x-ms-ratelimit-remaining-subscription-writes": [
          "1199"
        ],
        "x-ms-correlation-request-id": [
          "049df948-9319-4a1c-81ca-0a3678007a33"
        ],
        "x-ms-routing-request-id": [
          "WESTUS2:20181220T213705Z:049df948-9319-4a1c-81ca-0a3678007a33"
        ],
        "Strict-Transport-Security": [
          "max-age=31536000; includeSubDomains"
        ],
        "X-Content-Type-Options": [
          "nosniff"
        ],
        "Date": [
          "Thu, 20 Dec 2018 21:37:05 GMT"
        ],
        "Content-Length": [
          "624"
        ],
        "Content-Type": [
          "application/json; charset=utf-8"
        ],
        "Expires": [
          "-1"
        ],
        "Retry-After": [
          "0"
        ]
      },
      "ResponseBody": "{\r\n  \"sku\": {\r\n    \"name\": \"A0\",\r\n    \"tier\": \"Free\"\r\n  },\r\n  \"properties\": {\r\n    \"policyDefinitionId\": \"/subscriptions/d0610b27-9663-4c05-89f8-5b4be01e86a5/providers/Microsoft.Authorization/policyDefinitions/ps5393\",\r\n    \"scope\": \"/subscriptions/d0610b27-9663-4c05-89f8-5b4be01e86a5/resourceGroups/ps1441\",\r\n    \"parameters\": {\r\n      \"listOfAllowedLocations\": {\r\n        \"value\": [\r\n          \"West US\",\r\n          \"West US 2\"\r\n        ]\r\n      }\r\n    },\r\n    \"description\": \"Unit test junk: sorry for littering. Please delete me!\"\r\n  },\r\n  \"id\": \"/subscriptions/d0610b27-9663-4c05-89f8-5b4be01e86a5/resourceGroups/ps1441/providers/Microsoft.Authorization/policyAssignments/testPAWP\",\r\n  \"type\": \"Microsoft.Authorization/policyAssignments\",\r\n  \"name\": \"testPAWP\"\r\n}",
      "StatusCode": 201
    },
    {
      "RequestUri": "/subscriptions/d0610b27-9663-4c05-89f8-5b4be01e86a5/resourceGroups/ps1441/providers/Microsoft.Authorization/policyassignments/testPAWP?api-version=2018-05-01",
      "EncodedRequestUri": "L3N1YnNjcmlwdGlvbnMvZDA2MTBiMjctOTY2My00YzA1LTg5ZjgtNWI0YmUwMWU4NmE1L3Jlc291cmNlR3JvdXBzL3BzMTQ0MS9wcm92aWRlcnMvTWljcm9zb2Z0LkF1dGhvcml6YXRpb24vcG9saWN5YXNzaWdubWVudHMvdGVzdFBBV1A/YXBpLXZlcnNpb249MjAxOC0wNS0wMQ==",
      "RequestMethod": "PUT",
      "RequestBody": "{\r\n  \"properties\": {\r\n    \"scope\": \"/subscriptions/d0610b27-9663-4c05-89f8-5b4be01e86a5/resourceGroups/ps1441\",\r\n    \"description\": \"Unit test junk: sorry for littering. Please delete me!\",\r\n    \"policyDefinitionId\": \"/subscriptions/d0610b27-9663-4c05-89f8-5b4be01e86a5/providers/Microsoft.Authorization/policyDefinitions/ps5393\",\r\n    \"parameters\": {\r\n      \"listOfAllowedLocations\": {\r\n        \"value\": [\r\n          \"West US\",\r\n          \"West US 2\"\r\n        ]\r\n      }\r\n    }\r\n  },\r\n  \"name\": \"testPAWP\"\r\n}",
      "RequestHeaders": {
        "User-Agent": [
          "AzurePowershell/v1.0.0",
          "PSVersion/v6.1.0"
        ],
        "ParameterSetName": [
          "PolicyParameterStringParameterSet"
        ],
        "CommandName": [
          "New-AzPolicyAssignment"
        ],
        "Content-Type": [
          "application/json; charset=utf-8"
        ],
        "Content-Length": [
          "509"
        ]
      },
      "ResponseHeaders": {
        "Cache-Control": [
          "no-cache"
        ],
        "Pragma": [
          "no-cache"
        ],
        "x-ms-request-id": [
          "westus2:e2e5bb37-e3ab-44fd-b0d7-0b265a112ec6"
        ],
        "x-ms-ratelimit-remaining-subscription-writes": [
          "1194"
        ],
        "x-ms-correlation-request-id": [
          "02f1d92d-a394-4b9d-8dd8-11e0f6bc934e"
        ],
        "x-ms-routing-request-id": [
          "WESTUS2:20181220T213706Z:02f1d92d-a394-4b9d-8dd8-11e0f6bc934e"
        ],
        "Strict-Transport-Security": [
          "max-age=31536000; includeSubDomains"
        ],
        "X-Content-Type-Options": [
          "nosniff"
        ],
        "Date": [
          "Thu, 20 Dec 2018 21:37:06 GMT"
        ],
        "Content-Length": [
          "624"
        ],
        "Content-Type": [
          "application/json; charset=utf-8"
        ],
        "Expires": [
          "-1"
        ],
        "Retry-After": [
          "0"
        ]
      },
      "ResponseBody": "{\r\n  \"sku\": {\r\n    \"name\": \"A0\",\r\n    \"tier\": \"Free\"\r\n  },\r\n  \"properties\": {\r\n    \"policyDefinitionId\": \"/subscriptions/d0610b27-9663-4c05-89f8-5b4be01e86a5/providers/Microsoft.Authorization/policyDefinitions/ps5393\",\r\n    \"scope\": \"/subscriptions/d0610b27-9663-4c05-89f8-5b4be01e86a5/resourceGroups/ps1441\",\r\n    \"parameters\": {\r\n      \"listOfAllowedLocations\": {\r\n        \"value\": [\r\n          \"West US\",\r\n          \"West US 2\"\r\n        ]\r\n      }\r\n    },\r\n    \"description\": \"Unit test junk: sorry for littering. Please delete me!\"\r\n  },\r\n  \"id\": \"/subscriptions/d0610b27-9663-4c05-89f8-5b4be01e86a5/resourceGroups/ps1441/providers/Microsoft.Authorization/policyAssignments/testPAWP\",\r\n  \"type\": \"Microsoft.Authorization/policyAssignments\",\r\n  \"name\": \"testPAWP\"\r\n}",
      "StatusCode": 201
    },
    {
      "RequestUri": "/subscriptions/d0610b27-9663-4c05-89f8-5b4be01e86a5/resourceGroups/ps1441/providers/Microsoft.Authorization/policyassignments/testPAWP?api-version=2018-05-01",
      "EncodedRequestUri": "L3N1YnNjcmlwdGlvbnMvZDA2MTBiMjctOTY2My00YzA1LTg5ZjgtNWI0YmUwMWU4NmE1L3Jlc291cmNlR3JvdXBzL3BzMTQ0MS9wcm92aWRlcnMvTWljcm9zb2Z0LkF1dGhvcml6YXRpb24vcG9saWN5YXNzaWdubWVudHMvdGVzdFBBV1A/YXBpLXZlcnNpb249MjAxOC0wNS0wMQ==",
      "RequestMethod": "PUT",
      "RequestBody": "{\r\n  \"properties\": {\r\n    \"scope\": \"/subscriptions/d0610b27-9663-4c05-89f8-5b4be01e86a5/resourceGroups/ps1441\",\r\n    \"description\": \"Unit test junk: sorry for littering. Please delete me!\",\r\n    \"metadata\": {\r\n      \"testName\": \"testValue\"\r\n    },\r\n    \"policyDefinitionId\": \"/subscriptions/d0610b27-9663-4c05-89f8-5b4be01e86a5/providers/Microsoft.Authorization/policyDefinitions/ps5393\",\r\n    \"parameters\": {\r\n      \"listOfAllowedLocations\": {\r\n        \"value\": [\r\n          \"West US\",\r\n          \"West US 2\"\r\n        ]\r\n      }\r\n    }\r\n  },\r\n  \"name\": \"testPAWP\"\r\n}",
      "RequestHeaders": {
        "User-Agent": [
          "AzurePowershell/v1.0.0",
          "PSVersion/v6.1.0"
        ],
        "ParameterSetName": [
          "PolicyParameterStringParameterSet"
        ],
        "CommandName": [
          "New-AzPolicyAssignment"
        ],
        "Content-Type": [
          "application/json; charset=utf-8"
        ],
        "Content-Length": [
          "567"
        ]
      },
      "ResponseHeaders": {
        "Cache-Control": [
          "no-cache"
        ],
        "Pragma": [
          "no-cache"
        ],
        "x-ms-request-id": [
          "westus2:cec6d57d-8b22-431b-8fe7-8291911cff3c"
        ],
        "x-ms-ratelimit-remaining-subscription-writes": [
          "1195"
        ],
        "x-ms-correlation-request-id": [
          "28e42878-d99c-4f66-b019-ec6e3ae6968b"
        ],
        "x-ms-routing-request-id": [
          "WESTUS2:20181220T213707Z:28e42878-d99c-4f66-b019-ec6e3ae6968b"
        ],
        "Strict-Transport-Security": [
          "max-age=31536000; includeSubDomains"
        ],
        "X-Content-Type-Options": [
          "nosniff"
        ],
        "Date": [
          "Thu, 20 Dec 2018 21:37:07 GMT"
        ],
        "Content-Length": [
          "660"
        ],
        "Content-Type": [
          "application/json; charset=utf-8"
        ],
        "Expires": [
          "-1"
        ],
        "Retry-After": [
          "0"
        ]
      },
      "ResponseBody": "{\r\n  \"sku\": {\r\n    \"name\": \"A0\",\r\n    \"tier\": \"Free\"\r\n  },\r\n  \"properties\": {\r\n    \"policyDefinitionId\": \"/subscriptions/d0610b27-9663-4c05-89f8-5b4be01e86a5/providers/Microsoft.Authorization/policyDefinitions/ps5393\",\r\n    \"scope\": \"/subscriptions/d0610b27-9663-4c05-89f8-5b4be01e86a5/resourceGroups/ps1441\",\r\n    \"parameters\": {\r\n      \"listOfAllowedLocations\": {\r\n        \"value\": [\r\n          \"West US\",\r\n          \"West US 2\"\r\n        ]\r\n      }\r\n    },\r\n    \"description\": \"Unit test junk: sorry for littering. Please delete me!\",\r\n    \"metadata\": {\r\n      \"testName\": \"testValue\"\r\n    }\r\n  },\r\n  \"id\": \"/subscriptions/d0610b27-9663-4c05-89f8-5b4be01e86a5/resourceGroups/ps1441/providers/Microsoft.Authorization/policyAssignments/testPAWP\",\r\n  \"type\": \"Microsoft.Authorization/policyAssignments\",\r\n  \"name\": \"testPAWP\"\r\n}",
      "StatusCode": 201
    },
    {
      "RequestUri": "/subscriptions/d0610b27-9663-4c05-89f8-5b4be01e86a5/resourceGroups/ps1441/providers/Microsoft.Authorization/policyassignments/testPAWP?api-version=2018-05-01",
      "EncodedRequestUri": "L3N1YnNjcmlwdGlvbnMvZDA2MTBiMjctOTY2My00YzA1LTg5ZjgtNWI0YmUwMWU4NmE1L3Jlc291cmNlR3JvdXBzL3BzMTQ0MS9wcm92aWRlcnMvTWljcm9zb2Z0LkF1dGhvcml6YXRpb24vcG9saWN5YXNzaWdubWVudHMvdGVzdFBBV1A/YXBpLXZlcnNpb249MjAxOC0wNS0wMQ==",
      "RequestMethod": "PUT",
      "RequestBody": "{\r\n  \"properties\": {\r\n    \"scope\": \"/subscriptions/d0610b27-9663-4c05-89f8-5b4be01e86a5/resourceGroups/ps1441\",\r\n    \"description\": \"Unit test junk: sorry for littering. Please delete me!\",\r\n    \"metadata\": {\r\n      \"testName\": \"testValue\"\r\n    },\r\n    \"policyDefinitionId\": \"/subscriptions/d0610b27-9663-4c05-89f8-5b4be01e86a5/providers/Microsoft.Authorization/policyDefinitions/ps5393\",\r\n    \"parameters\": {\r\n      \"listOfAllowedLocations\": {\r\n        \"value\": [\r\n          \"West US\",\r\n          \"West US 2\"\r\n        ]\r\n      }\r\n    }\r\n  },\r\n  \"name\": \"testPAWP\"\r\n}",
      "RequestHeaders": {
        "User-Agent": [
          "AzurePowershell/v1.0.0",
          "PSVersion/v6.1.0"
        ],
        "ParameterSetName": [
          "DefaultParameterSet"
        ],
        "CommandName": [
          "New-AzPolicyAssignment"
        ],
        "Content-Type": [
          "application/json; charset=utf-8"
        ],
        "Content-Length": [
          "567"
        ]
      },
      "ResponseHeaders": {
        "Cache-Control": [
          "no-cache"
        ],
        "Pragma": [
          "no-cache"
        ],
        "x-ms-request-id": [
          "westus2:e25546e1-6f2d-4ed7-beff-0293ccca98fe"
        ],
        "x-ms-ratelimit-remaining-subscription-writes": [
          "1197"
        ],
        "x-ms-correlation-request-id": [
          "fa0bb8ee-dc71-48db-868d-41d22b7c560b"
        ],
        "x-ms-routing-request-id": [
          "WESTUS2:20181220T213708Z:fa0bb8ee-dc71-48db-868d-41d22b7c560b"
        ],
        "Strict-Transport-Security": [
          "max-age=31536000; includeSubDomains"
        ],
        "X-Content-Type-Options": [
          "nosniff"
        ],
        "Date": [
          "Thu, 20 Dec 2018 21:37:08 GMT"
        ],
        "Content-Length": [
          "660"
        ],
        "Content-Type": [
          "application/json; charset=utf-8"
        ],
        "Expires": [
          "-1"
        ],
        "Retry-After": [
          "0"
        ]
      },
      "ResponseBody": "{\r\n  \"sku\": {\r\n    \"name\": \"A0\",\r\n    \"tier\": \"Free\"\r\n  },\r\n  \"properties\": {\r\n    \"policyDefinitionId\": \"/subscriptions/d0610b27-9663-4c05-89f8-5b4be01e86a5/providers/Microsoft.Authorization/policyDefinitions/ps5393\",\r\n    \"scope\": \"/subscriptions/d0610b27-9663-4c05-89f8-5b4be01e86a5/resourceGroups/ps1441\",\r\n    \"parameters\": {\r\n      \"listOfAllowedLocations\": {\r\n        \"value\": [\r\n          \"West US\",\r\n          \"West US 2\"\r\n        ]\r\n      }\r\n    },\r\n    \"description\": \"Unit test junk: sorry for littering. Please delete me!\",\r\n    \"metadata\": {\r\n      \"testName\": \"testValue\"\r\n    }\r\n  },\r\n  \"id\": \"/subscriptions/d0610b27-9663-4c05-89f8-5b4be01e86a5/resourceGroups/ps1441/providers/Microsoft.Authorization/policyAssignments/testPAWP\",\r\n  \"type\": \"Microsoft.Authorization/policyAssignments\",\r\n  \"name\": \"testPAWP\"\r\n}",
      "StatusCode": 201
    },
    {
      "RequestUri": "/subscriptions/d0610b27-9663-4c05-89f8-5b4be01e86a5/resourceGroups/ps1441/providers/Microsoft.Authorization/policyassignments/testPAWP?api-version=2018-05-01",
      "EncodedRequestUri": "L3N1YnNjcmlwdGlvbnMvZDA2MTBiMjctOTY2My00YzA1LTg5ZjgtNWI0YmUwMWU4NmE1L3Jlc291cmNlR3JvdXBzL3BzMTQ0MS9wcm92aWRlcnMvTWljcm9zb2Z0LkF1dGhvcml6YXRpb24vcG9saWN5YXNzaWdubWVudHMvdGVzdFBBV1A/YXBpLXZlcnNpb249MjAxOC0wNS0wMQ==",
      "RequestMethod": "PUT",
      "RequestBody": "{\r\n  \"properties\": {\r\n    \"scope\": \"/subscriptions/d0610b27-9663-4c05-89f8-5b4be01e86a5/resourceGroups/ps1441\",\r\n    \"description\": \"Unit test junk: sorry for littering. Please delete me!\",\r\n    \"metadata\": {\r\n      \"testName\": \"testValue\"\r\n    },\r\n    \"policyDefinitionId\": \"/subscriptions/d0610b27-9663-4c05-89f8-5b4be01e86a5/providers/Microsoft.Authorization/policyDefinitions/ps5393\",\r\n    \"parameters\": {\r\n      \"listOfAllowedLocations\": {\r\n        \"value\": [\r\n          \"West US\",\r\n          \"West US 2\"\r\n        ]\r\n      },\r\n      \"effectParam\": {\r\n        \"value\": \"Disabled\"\r\n      }\r\n    }\r\n  },\r\n  \"name\": \"testPAWP\"\r\n}",
      "RequestHeaders": {
        "User-Agent": [
          "AzurePowershell/v1.0.0",
          "PSVersion/v6.1.0"
        ],
        "ParameterSetName": [
          "DefaultParameterSet"
        ],
        "CommandName": [
          "New-AzPolicyAssignment"
        ],
        "Content-Type": [
          "application/json; charset=utf-8"
        ],
        "Content-Length": [
          "630"
        ]
      },
      "ResponseHeaders": {
        "Cache-Control": [
          "no-cache"
        ],
        "Pragma": [
          "no-cache"
        ],
        "x-ms-request-id": [
          "westus2:7af7431c-4e38-46b3-bbfa-0ca997765024"
        ],
        "x-ms-ratelimit-remaining-subscription-writes": [
          "1199"
        ],
        "x-ms-correlation-request-id": [
          "c7a555e4-194f-45c0-8f06-f01b29aea2c9"
        ],
        "x-ms-routing-request-id": [
          "WESTUS2:20181220T213709Z:c7a555e4-194f-45c0-8f06-f01b29aea2c9"
        ],
        "Strict-Transport-Security": [
          "max-age=31536000; includeSubDomains"
        ],
        "X-Content-Type-Options": [
          "nosniff"
        ],
        "Date": [
          "Thu, 20 Dec 2018 21:37:09 GMT"
        ],
        "Content-Length": [
          "695"
        ],
        "Content-Type": [
          "application/json; charset=utf-8"
        ],
        "Expires": [
          "-1"
        ],
        "Retry-After": [
          "0"
        ]
      },
      "ResponseBody": "{\r\n  \"sku\": {\r\n    \"name\": \"A0\",\r\n    \"tier\": \"Free\"\r\n  },\r\n  \"properties\": {\r\n    \"policyDefinitionId\": \"/subscriptions/d0610b27-9663-4c05-89f8-5b4be01e86a5/providers/Microsoft.Authorization/policyDefinitions/ps5393\",\r\n    \"scope\": \"/subscriptions/d0610b27-9663-4c05-89f8-5b4be01e86a5/resourceGroups/ps1441\",\r\n    \"parameters\": {\r\n      \"listOfAllowedLocations\": {\r\n        \"value\": [\r\n          \"West US\",\r\n          \"West US 2\"\r\n        ]\r\n      },\r\n      \"effectParam\": {\r\n        \"value\": \"Disabled\"\r\n      }\r\n    },\r\n    \"description\": \"Unit test junk: sorry for littering. Please delete me!\",\r\n    \"metadata\": {\r\n      \"testName\": \"testValue\"\r\n    }\r\n  },\r\n  \"id\": \"/subscriptions/d0610b27-9663-4c05-89f8-5b4be01e86a5/resourceGroups/ps1441/providers/Microsoft.Authorization/policyAssignments/testPAWP\",\r\n  \"type\": \"Microsoft.Authorization/policyAssignments\",\r\n  \"name\": \"testPAWP\"\r\n}",
      "StatusCode": 201
    },
    {
      "RequestUri": "/subscriptions/d0610b27-9663-4c05-89f8-5b4be01e86a5/resourceGroups/ps1441/providers/Microsoft.Authorization/policyassignments/testPAWP?api-version=2018-05-01",
      "EncodedRequestUri": "L3N1YnNjcmlwdGlvbnMvZDA2MTBiMjctOTY2My00YzA1LTg5ZjgtNWI0YmUwMWU4NmE1L3Jlc291cmNlR3JvdXBzL3BzMTQ0MS9wcm92aWRlcnMvTWljcm9zb2Z0LkF1dGhvcml6YXRpb24vcG9saWN5YXNzaWdubWVudHMvdGVzdFBBV1A/YXBpLXZlcnNpb249MjAxOC0wNS0wMQ==",
      "RequestMethod": "PUT",
      "RequestBody": "{\r\n  \"properties\": {\r\n    \"scope\": \"/subscriptions/d0610b27-9663-4c05-89f8-5b4be01e86a5/resourceGroups/ps1441\",\r\n    \"description\": \"Unit test junk: sorry for littering. Please delete me! - Updated\",\r\n    \"metadata\": {\r\n      \"Meta1\": \"Value1\",\r\n      \"Meta2\": {\r\n        \"Meta22\": \"Value22\"\r\n      }\r\n    },\r\n    \"policyDefinitionId\": \"/subscriptions/d0610b27-9663-4c05-89f8-5b4be01e86a5/providers/Microsoft.Authorization/policyDefinitions/ps5393\",\r\n    \"parameters\": {\r\n      \"listOfAllowedLocations\": {\r\n        \"value\": [\r\n          \"West US\",\r\n          \"West US 2\"\r\n        ]\r\n      },\r\n      \"effectParam\": {\r\n        \"value\": \"Disabled\"\r\n      }\r\n    }\r\n  },\r\n  \"name\": \"testPAWP\"\r\n}",
      "RequestHeaders": {
        "User-Agent": [
          "AzurePowershell/v1.0.0",
          "PSVersion/v6.1.0"
        ],
        "ParameterSetName": [
          "NameParameterSet"
        ],
        "CommandName": [
          "Set-AzPolicyAssignment"
        ],
        "Content-Type": [
          "application/json; charset=utf-8"
        ],
        "Content-Length": [
          "691"
        ]
      },
      "ResponseHeaders": {
        "Cache-Control": [
          "no-cache"
        ],
        "Pragma": [
          "no-cache"
        ],
        "x-ms-request-id": [
          "westus2:f80e472d-d265-4976-af98-a38ddb6cf022"
        ],
        "x-ms-ratelimit-remaining-subscription-writes": [
          "1194"
        ],
        "x-ms-correlation-request-id": [
          "d048f5e9-f7f4-4765-aab1-9a22c1e035cb"
        ],
        "x-ms-routing-request-id": [
          "WESTUS2:20181220T213710Z:d048f5e9-f7f4-4765-aab1-9a22c1e035cb"
        ],
        "Strict-Transport-Security": [
          "max-age=31536000; includeSubDomains"
        ],
        "X-Content-Type-Options": [
          "nosniff"
        ],
        "Date": [
          "Thu, 20 Dec 2018 21:37:09 GMT"
        ],
        "Content-Length": [
          "728"
        ],
        "Content-Type": [
          "application/json; charset=utf-8"
        ],
        "Expires": [
          "-1"
        ],
        "Retry-After": [
          "0"
        ]
      },
      "ResponseBody": "{\r\n  \"sku\": {\r\n    \"name\": \"A0\",\r\n    \"tier\": \"Free\"\r\n  },\r\n  \"properties\": {\r\n    \"policyDefinitionId\": \"/subscriptions/d0610b27-9663-4c05-89f8-5b4be01e86a5/providers/Microsoft.Authorization/policyDefinitions/ps5393\",\r\n    \"scope\": \"/subscriptions/d0610b27-9663-4c05-89f8-5b4be01e86a5/resourceGroups/ps1441\",\r\n    \"parameters\": {\r\n      \"listOfAllowedLocations\": {\r\n        \"value\": [\r\n          \"West US\",\r\n          \"West US 2\"\r\n        ]\r\n      },\r\n      \"effectParam\": {\r\n        \"value\": \"Disabled\"\r\n      }\r\n    },\r\n    \"description\": \"Unit test junk: sorry for littering. Please delete me! - Updated\",\r\n    \"metadata\": {\r\n      \"Meta1\": \"Value1\",\r\n      \"Meta2\": {\r\n        \"Meta22\": \"Value22\"\r\n      }\r\n    }\r\n  },\r\n  \"id\": \"/subscriptions/d0610b27-9663-4c05-89f8-5b4be01e86a5/resourceGroups/ps1441/providers/Microsoft.Authorization/policyAssignments/testPAWP\",\r\n  \"type\": \"Microsoft.Authorization/policyAssignments\",\r\n  \"name\": \"testPAWP\"\r\n}",
      "StatusCode": 201
    },
    {
      "RequestUri": "/subscriptions/d0610b27-9663-4c05-89f8-5b4be01e86a5/resourceGroups/ps1441/providers/Microsoft.Authorization/policyassignments/testPAWP?api-version=2018-05-01",
      "EncodedRequestUri": "L3N1YnNjcmlwdGlvbnMvZDA2MTBiMjctOTY2My00YzA1LTg5ZjgtNWI0YmUwMWU4NmE1L3Jlc291cmNlR3JvdXBzL3BzMTQ0MS9wcm92aWRlcnMvTWljcm9zb2Z0LkF1dGhvcml6YXRpb24vcG9saWN5YXNzaWdubWVudHMvdGVzdFBBV1A/YXBpLXZlcnNpb249MjAxOC0wNS0wMQ==",
      "RequestMethod": "GET",
      "RequestBody": "",
      "RequestHeaders": {
        "User-Agent": [
          "AzurePowershell/v1.0.0",
          "PSVersion/v6.1.0"
        ],
        "ParameterSetName": [
          "NameParameterSet"
        ],
        "CommandName": [
          "Get-AzPolicyAssignment"
        ]
      },
      "ResponseHeaders": {
        "Cache-Control": [
          "no-cache"
        ],
        "Pragma": [
          "no-cache"
        ],
        "Vary": [
          "Accept-Encoding"
        ],
        "x-ms-request-id": [
          "westus2:c370ee9e-0561-47f3-9a0e-3c53b7623c06"
        ],
        "x-ms-ratelimit-remaining-subscription-reads": [
          "11982"
        ],
        "x-ms-correlation-request-id": [
          "bf29bc20-e010-4e38-8707-88720a67c345"
        ],
        "x-ms-routing-request-id": [
          "WESTUS2:20181220T213705Z:bf29bc20-e010-4e38-8707-88720a67c345"
        ],
        "Strict-Transport-Security": [
          "max-age=31536000; includeSubDomains"
        ],
        "X-Content-Type-Options": [
          "nosniff"
        ],
        "Date": [
          "Thu, 20 Dec 2018 21:37:04 GMT"
        ],
        "Content-Length": [
          "624"
        ],
        "Content-Type": [
          "application/json; charset=utf-8"
        ],
        "Expires": [
          "-1"
        ],
        "Retry-After": [
          "0"
        ]
      },
      "ResponseBody": "{\r\n  \"sku\": {\r\n    \"name\": \"A0\",\r\n    \"tier\": \"Free\"\r\n  },\r\n  \"properties\": {\r\n    \"policyDefinitionId\": \"/subscriptions/d0610b27-9663-4c05-89f8-5b4be01e86a5/providers/Microsoft.Authorization/policyDefinitions/ps5393\",\r\n    \"scope\": \"/subscriptions/d0610b27-9663-4c05-89f8-5b4be01e86a5/resourceGroups/ps1441\",\r\n    \"parameters\": {\r\n      \"listOfAllowedLocations\": {\r\n        \"value\": [\r\n          \"West US\",\r\n          \"West US 2\"\r\n        ]\r\n      }\r\n    },\r\n    \"description\": \"Unit test junk: sorry for littering. Please delete me!\"\r\n  },\r\n  \"id\": \"/subscriptions/d0610b27-9663-4c05-89f8-5b4be01e86a5/resourceGroups/ps1441/providers/Microsoft.Authorization/policyAssignments/testPAWP\",\r\n  \"type\": \"Microsoft.Authorization/policyAssignments\",\r\n  \"name\": \"testPAWP\"\r\n}",
      "StatusCode": 200
    },
    {
      "RequestUri": "/subscriptions/d0610b27-9663-4c05-89f8-5b4be01e86a5/resourceGroups/ps1441/providers/Microsoft.Authorization/policyassignments/testPAWP?api-version=2018-05-01",
      "EncodedRequestUri": "L3N1YnNjcmlwdGlvbnMvZDA2MTBiMjctOTY2My00YzA1LTg5ZjgtNWI0YmUwMWU4NmE1L3Jlc291cmNlR3JvdXBzL3BzMTQ0MS9wcm92aWRlcnMvTWljcm9zb2Z0LkF1dGhvcml6YXRpb24vcG9saWN5YXNzaWdubWVudHMvdGVzdFBBV1A/YXBpLXZlcnNpb249MjAxOC0wNS0wMQ==",
      "RequestMethod": "GET",
      "RequestBody": "",
      "RequestHeaders": {
        "User-Agent": [
          "AzurePowershell/v1.0.0",
          "PSVersion/v6.1.0"
        ],
        "ParameterSetName": [
          "NameParameterSet"
        ],
        "CommandName": [
          "Get-AzPolicyAssignment"
        ]
      },
      "ResponseHeaders": {
        "Cache-Control": [
          "no-cache"
        ],
        "Pragma": [
          "no-cache"
        ],
        "Vary": [
          "Accept-Encoding"
        ],
        "x-ms-request-id": [
          "westus2:618fb55c-743e-4254-8a8c-e241ae8ba57f"
        ],
        "x-ms-ratelimit-remaining-subscription-reads": [
          "11960"
        ],
        "x-ms-correlation-request-id": [
          "b8f6b33a-f800-4361-87ad-530fbff5f900"
        ],
        "x-ms-routing-request-id": [
          "WESTUS2:20181220T213706Z:b8f6b33a-f800-4361-87ad-530fbff5f900"
        ],
        "Strict-Transport-Security": [
          "max-age=31536000; includeSubDomains"
        ],
        "X-Content-Type-Options": [
          "nosniff"
        ],
        "Date": [
          "Thu, 20 Dec 2018 21:37:06 GMT"
        ],
        "Content-Length": [
          "624"
        ],
        "Content-Type": [
          "application/json; charset=utf-8"
        ],
        "Expires": [
          "-1"
        ],
        "Retry-After": [
          "0"
        ]
      },
      "ResponseBody": "{\r\n  \"sku\": {\r\n    \"name\": \"A0\",\r\n    \"tier\": \"Free\"\r\n  },\r\n  \"properties\": {\r\n    \"policyDefinitionId\": \"/subscriptions/d0610b27-9663-4c05-89f8-5b4be01e86a5/providers/Microsoft.Authorization/policyDefinitions/ps5393\",\r\n    \"scope\": \"/subscriptions/d0610b27-9663-4c05-89f8-5b4be01e86a5/resourceGroups/ps1441\",\r\n    \"parameters\": {\r\n      \"listOfAllowedLocations\": {\r\n        \"value\": [\r\n          \"West US\",\r\n          \"West US 2\"\r\n        ]\r\n      }\r\n    },\r\n    \"description\": \"Unit test junk: sorry for littering. Please delete me!\"\r\n  },\r\n  \"id\": \"/subscriptions/d0610b27-9663-4c05-89f8-5b4be01e86a5/resourceGroups/ps1441/providers/Microsoft.Authorization/policyAssignments/testPAWP\",\r\n  \"type\": \"Microsoft.Authorization/policyAssignments\",\r\n  \"name\": \"testPAWP\"\r\n}",
      "StatusCode": 200
    },
    {
      "RequestUri": "/subscriptions/d0610b27-9663-4c05-89f8-5b4be01e86a5/resourceGroups/ps1441/providers/Microsoft.Authorization/policyassignments/testPAWP?api-version=2018-05-01",
      "EncodedRequestUri": "L3N1YnNjcmlwdGlvbnMvZDA2MTBiMjctOTY2My00YzA1LTg5ZjgtNWI0YmUwMWU4NmE1L3Jlc291cmNlR3JvdXBzL3BzMTQ0MS9wcm92aWRlcnMvTWljcm9zb2Z0LkF1dGhvcml6YXRpb24vcG9saWN5YXNzaWdubWVudHMvdGVzdFBBV1A/YXBpLXZlcnNpb249MjAxOC0wNS0wMQ==",
      "RequestMethod": "GET",
      "RequestBody": "",
      "RequestHeaders": {
        "User-Agent": [
          "AzurePowershell/v1.0.0",
          "PSVersion/v6.1.0"
        ],
        "ParameterSetName": [
          "NameParameterSet"
        ],
        "CommandName": [
          "Get-AzPolicyAssignment"
        ]
      },
      "ResponseHeaders": {
        "Cache-Control": [
          "no-cache"
        ],
        "Pragma": [
          "no-cache"
        ],
        "Vary": [
          "Accept-Encoding"
        ],
        "x-ms-request-id": [
          "westus2:7f0a6c74-0a7a-429f-829f-f1ea7a543dd7"
        ],
        "x-ms-ratelimit-remaining-subscription-reads": [
          "11999"
        ],
        "x-ms-correlation-request-id": [
          "a7821014-3012-46a0-9d72-f683b1068051"
        ],
        "x-ms-routing-request-id": [
          "WESTUS2:20181220T213707Z:a7821014-3012-46a0-9d72-f683b1068051"
        ],
        "Strict-Transport-Security": [
          "max-age=31536000; includeSubDomains"
        ],
        "X-Content-Type-Options": [
          "nosniff"
        ],
        "Date": [
          "Thu, 20 Dec 2018 21:37:07 GMT"
        ],
        "Content-Length": [
          "660"
        ],
        "Content-Type": [
          "application/json; charset=utf-8"
        ],
        "Expires": [
          "-1"
        ],
        "Retry-After": [
          "0"
        ]
      },
      "ResponseBody": "{\r\n  \"sku\": {\r\n    \"name\": \"A0\",\r\n    \"tier\": \"Free\"\r\n  },\r\n  \"properties\": {\r\n    \"policyDefinitionId\": \"/subscriptions/d0610b27-9663-4c05-89f8-5b4be01e86a5/providers/Microsoft.Authorization/policyDefinitions/ps5393\",\r\n    \"scope\": \"/subscriptions/d0610b27-9663-4c05-89f8-5b4be01e86a5/resourceGroups/ps1441\",\r\n    \"parameters\": {\r\n      \"listOfAllowedLocations\": {\r\n        \"value\": [\r\n          \"West US\",\r\n          \"West US 2\"\r\n        ]\r\n      }\r\n    },\r\n    \"description\": \"Unit test junk: sorry for littering. Please delete me!\",\r\n    \"metadata\": {\r\n      \"testName\": \"testValue\"\r\n    }\r\n  },\r\n  \"id\": \"/subscriptions/d0610b27-9663-4c05-89f8-5b4be01e86a5/resourceGroups/ps1441/providers/Microsoft.Authorization/policyAssignments/testPAWP\",\r\n  \"type\": \"Microsoft.Authorization/policyAssignments\",\r\n  \"name\": \"testPAWP\"\r\n}",
      "StatusCode": 200
    },
    {
      "RequestUri": "/subscriptions/d0610b27-9663-4c05-89f8-5b4be01e86a5/resourceGroups/ps1441/providers/Microsoft.Authorization/policyassignments/testPAWP?api-version=2018-05-01",
      "EncodedRequestUri": "L3N1YnNjcmlwdGlvbnMvZDA2MTBiMjctOTY2My00YzA1LTg5ZjgtNWI0YmUwMWU4NmE1L3Jlc291cmNlR3JvdXBzL3BzMTQ0MS9wcm92aWRlcnMvTWljcm9zb2Z0LkF1dGhvcml6YXRpb24vcG9saWN5YXNzaWdubWVudHMvdGVzdFBBV1A/YXBpLXZlcnNpb249MjAxOC0wNS0wMQ==",
      "RequestMethod": "GET",
      "RequestBody": "",
      "RequestHeaders": {
        "User-Agent": [
          "AzurePowershell/v1.0.0",
          "PSVersion/v6.1.0"
        ],
        "ParameterSetName": [
          "NameParameterSet"
        ],
        "CommandName": [
          "Get-AzPolicyAssignment"
        ]
      },
      "ResponseHeaders": {
        "Cache-Control": [
          "no-cache"
        ],
        "Pragma": [
          "no-cache"
        ],
        "Vary": [
          "Accept-Encoding"
        ],
        "x-ms-request-id": [
          "westus2:c23790da-8228-4da6-807c-69b954cbbd6b"
        ],
        "x-ms-ratelimit-remaining-subscription-reads": [
          "11985"
        ],
        "x-ms-correlation-request-id": [
          "936a3211-d9db-48b0-b9c6-83fce5df52a7"
        ],
        "x-ms-routing-request-id": [
          "WESTUS2:20181220T213709Z:936a3211-d9db-48b0-b9c6-83fce5df52a7"
        ],
        "Strict-Transport-Security": [
          "max-age=31536000; includeSubDomains"
        ],
        "X-Content-Type-Options": [
          "nosniff"
        ],
        "Date": [
          "Thu, 20 Dec 2018 21:37:08 GMT"
        ],
        "Content-Length": [
          "660"
        ],
        "Content-Type": [
          "application/json; charset=utf-8"
        ],
        "Expires": [
          "-1"
        ],
        "Retry-After": [
          "0"
        ]
      },
      "ResponseBody": "{\r\n  \"sku\": {\r\n    \"name\": \"A0\",\r\n    \"tier\": \"Free\"\r\n  },\r\n  \"properties\": {\r\n    \"policyDefinitionId\": \"/subscriptions/d0610b27-9663-4c05-89f8-5b4be01e86a5/providers/Microsoft.Authorization/policyDefinitions/ps5393\",\r\n    \"scope\": \"/subscriptions/d0610b27-9663-4c05-89f8-5b4be01e86a5/resourceGroups/ps1441\",\r\n    \"parameters\": {\r\n      \"listOfAllowedLocations\": {\r\n        \"value\": [\r\n          \"West US\",\r\n          \"West US 2\"\r\n        ]\r\n      }\r\n    },\r\n    \"description\": \"Unit test junk: sorry for littering. Please delete me!\",\r\n    \"metadata\": {\r\n      \"testName\": \"testValue\"\r\n    }\r\n  },\r\n  \"id\": \"/subscriptions/d0610b27-9663-4c05-89f8-5b4be01e86a5/resourceGroups/ps1441/providers/Microsoft.Authorization/policyAssignments/testPAWP\",\r\n  \"type\": \"Microsoft.Authorization/policyAssignments\",\r\n  \"name\": \"testPAWP\"\r\n}",
      "StatusCode": 200
    },
    {
      "RequestUri": "/subscriptions/d0610b27-9663-4c05-89f8-5b4be01e86a5/resourceGroups/ps1441/providers/Microsoft.Authorization/policyassignments/testPAWP?api-version=2018-05-01",
      "EncodedRequestUri": "L3N1YnNjcmlwdGlvbnMvZDA2MTBiMjctOTY2My00YzA1LTg5ZjgtNWI0YmUwMWU4NmE1L3Jlc291cmNlR3JvdXBzL3BzMTQ0MS9wcm92aWRlcnMvTWljcm9zb2Z0LkF1dGhvcml6YXRpb24vcG9saWN5YXNzaWdubWVudHMvdGVzdFBBV1A/YXBpLXZlcnNpb249MjAxOC0wNS0wMQ==",
      "RequestMethod": "GET",
      "RequestBody": "",
      "RequestHeaders": {
        "User-Agent": [
          "AzurePowershell/v1.0.0",
          "PSVersion/v6.1.0"
        ],
        "ParameterSetName": [
          "NameParameterSet"
        ],
        "CommandName": [
          "Get-AzPolicyAssignment"
        ]
      },
      "ResponseHeaders": {
        "Cache-Control": [
          "no-cache"
        ],
        "Pragma": [
          "no-cache"
        ],
        "Vary": [
          "Accept-Encoding"
        ],
        "x-ms-request-id": [
          "westus2:15d6176a-0668-43a5-a96c-3cca75e71bf1"
        ],
        "x-ms-ratelimit-remaining-subscription-reads": [
          "11992"
        ],
        "x-ms-correlation-request-id": [
          "7d9ba8cf-6b2c-4f97-9f78-bb05d008e3a0"
        ],
        "x-ms-routing-request-id": [
          "WESTUS2:20181220T213709Z:7d9ba8cf-6b2c-4f97-9f78-bb05d008e3a0"
        ],
        "Strict-Transport-Security": [
          "max-age=31536000; includeSubDomains"
        ],
        "X-Content-Type-Options": [
          "nosniff"
        ],
        "Date": [
          "Thu, 20 Dec 2018 21:37:09 GMT"
        ],
        "Content-Length": [
          "695"
        ],
        "Content-Type": [
          "application/json; charset=utf-8"
        ],
        "Expires": [
          "-1"
        ],
        "Retry-After": [
          "0"
        ]
      },
      "ResponseBody": "{\r\n  \"sku\": {\r\n    \"name\": \"A0\",\r\n    \"tier\": \"Free\"\r\n  },\r\n  \"properties\": {\r\n    \"policyDefinitionId\": \"/subscriptions/d0610b27-9663-4c05-89f8-5b4be01e86a5/providers/Microsoft.Authorization/policyDefinitions/ps5393\",\r\n    \"scope\": \"/subscriptions/d0610b27-9663-4c05-89f8-5b4be01e86a5/resourceGroups/ps1441\",\r\n    \"parameters\": {\r\n      \"listOfAllowedLocations\": {\r\n        \"value\": [\r\n          \"West US\",\r\n          \"West US 2\"\r\n        ]\r\n      },\r\n      \"effectParam\": {\r\n        \"value\": \"Disabled\"\r\n      }\r\n    },\r\n    \"description\": \"Unit test junk: sorry for littering. Please delete me!\",\r\n    \"metadata\": {\r\n      \"testName\": \"testValue\"\r\n    }\r\n  },\r\n  \"id\": \"/subscriptions/d0610b27-9663-4c05-89f8-5b4be01e86a5/resourceGroups/ps1441/providers/Microsoft.Authorization/policyAssignments/testPAWP\",\r\n  \"type\": \"Microsoft.Authorization/policyAssignments\",\r\n  \"name\": \"testPAWP\"\r\n}",
      "StatusCode": 200
    },
    {
      "RequestUri": "/subscriptions/d0610b27-9663-4c05-89f8-5b4be01e86a5/resourceGroups/ps1441/providers/Microsoft.Authorization/policyassignments/testPAWP?api-version=2018-05-01",
      "EncodedRequestUri": "L3N1YnNjcmlwdGlvbnMvZDA2MTBiMjctOTY2My00YzA1LTg5ZjgtNWI0YmUwMWU4NmE1L3Jlc291cmNlR3JvdXBzL3BzMTQ0MS9wcm92aWRlcnMvTWljcm9zb2Z0LkF1dGhvcml6YXRpb24vcG9saWN5YXNzaWdubWVudHMvdGVzdFBBV1A/YXBpLXZlcnNpb249MjAxOC0wNS0wMQ==",
      "RequestMethod": "GET",
      "RequestBody": "",
      "RequestHeaders": {
        "User-Agent": [
          "AzurePowershell/v1.0.0",
          "PSVersion/v6.1.0"
        ],
        "ParameterSetName": [
          "NameParameterSet"
        ],
        "CommandName": [
          "Set-AzPolicyAssignment"
        ]
      },
      "ResponseHeaders": {
        "Cache-Control": [
          "no-cache"
        ],
        "Pragma": [
          "no-cache"
        ],
        "Vary": [
          "Accept-Encoding"
        ],
        "x-ms-request-id": [
          "westus2:ea4cd6ed-1d2b-4017-9f4a-0d5f32b81eac"
        ],
        "x-ms-ratelimit-remaining-subscription-reads": [
          "11995"
        ],
        "x-ms-correlation-request-id": [
          "1e131d22-5e9d-444a-aafb-b62e897362b4"
        ],
        "x-ms-routing-request-id": [
          "WESTUS2:20181220T213709Z:1e131d22-5e9d-444a-aafb-b62e897362b4"
        ],
        "Strict-Transport-Security": [
          "max-age=31536000; includeSubDomains"
        ],
        "X-Content-Type-Options": [
          "nosniff"
        ],
        "Date": [
          "Thu, 20 Dec 2018 21:37:09 GMT"
        ],
        "Content-Length": [
          "695"
        ],
        "Content-Type": [
          "application/json; charset=utf-8"
        ],
        "Expires": [
          "-1"
        ],
        "Retry-After": [
          "0"
        ]
      },
      "ResponseBody": "{\r\n  \"sku\": {\r\n    \"name\": \"A0\",\r\n    \"tier\": \"Free\"\r\n  },\r\n  \"properties\": {\r\n    \"policyDefinitionId\": \"/subscriptions/d0610b27-9663-4c05-89f8-5b4be01e86a5/providers/Microsoft.Authorization/policyDefinitions/ps5393\",\r\n    \"scope\": \"/subscriptions/d0610b27-9663-4c05-89f8-5b4be01e86a5/resourceGroups/ps1441\",\r\n    \"parameters\": {\r\n      \"listOfAllowedLocations\": {\r\n        \"value\": [\r\n          \"West US\",\r\n          \"West US 2\"\r\n        ]\r\n      },\r\n      \"effectParam\": {\r\n        \"value\": \"Disabled\"\r\n      }\r\n    },\r\n    \"description\": \"Unit test junk: sorry for littering. Please delete me!\",\r\n    \"metadata\": {\r\n      \"testName\": \"testValue\"\r\n    }\r\n  },\r\n  \"id\": \"/subscriptions/d0610b27-9663-4c05-89f8-5b4be01e86a5/resourceGroups/ps1441/providers/Microsoft.Authorization/policyAssignments/testPAWP\",\r\n  \"type\": \"Microsoft.Authorization/policyAssignments\",\r\n  \"name\": \"testPAWP\"\r\n}",
      "StatusCode": 200
    },
    {
      "RequestUri": "/subscriptions/d0610b27-9663-4c05-89f8-5b4be01e86a5/resourceGroups/ps1441/providers/Microsoft.Authorization/policyassignments/testPAWP?api-version=2018-05-01",
      "EncodedRequestUri": "L3N1YnNjcmlwdGlvbnMvZDA2MTBiMjctOTY2My00YzA1LTg5ZjgtNWI0YmUwMWU4NmE1L3Jlc291cmNlR3JvdXBzL3BzMTQ0MS9wcm92aWRlcnMvTWljcm9zb2Z0LkF1dGhvcml6YXRpb24vcG9saWN5YXNzaWdubWVudHMvdGVzdFBBV1A/YXBpLXZlcnNpb249MjAxOC0wNS0wMQ==",
      "RequestMethod": "GET",
      "RequestBody": "",
      "RequestHeaders": {
        "User-Agent": [
          "AzurePowershell/v1.0.0",
          "PSVersion/v6.1.0"
        ],
        "ParameterSetName": [
          "NameParameterSet"
        ],
        "CommandName": [
          "Get-AzPolicyAssignment"
        ]
      },
      "ResponseHeaders": {
        "Cache-Control": [
          "no-cache"
        ],
        "Pragma": [
          "no-cache"
        ],
        "Vary": [
          "Accept-Encoding"
        ],
        "x-ms-request-id": [
          "westus2:c5132d6c-ba97-4c96-9483-e71eb0565c93"
        ],
        "x-ms-ratelimit-remaining-subscription-reads": [
          "11978"
        ],
        "x-ms-correlation-request-id": [
          "a3049858-550e-415f-8762-a54124e47530"
        ],
        "x-ms-routing-request-id": [
          "WESTUS2:20181220T213710Z:a3049858-550e-415f-8762-a54124e47530"
        ],
        "Strict-Transport-Security": [
          "max-age=31536000; includeSubDomains"
        ],
        "X-Content-Type-Options": [
          "nosniff"
        ],
        "Date": [
          "Thu, 20 Dec 2018 21:37:10 GMT"
        ],
        "Content-Length": [
          "728"
        ],
        "Content-Type": [
          "application/json; charset=utf-8"
        ],
        "Expires": [
          "-1"
        ],
        "Retry-After": [
          "0"
        ]
      },
      "ResponseBody": "{\r\n  \"sku\": {\r\n    \"name\": \"A0\",\r\n    \"tier\": \"Free\"\r\n  },\r\n  \"properties\": {\r\n    \"policyDefinitionId\": \"/subscriptions/d0610b27-9663-4c05-89f8-5b4be01e86a5/providers/Microsoft.Authorization/policyDefinitions/ps5393\",\r\n    \"scope\": \"/subscriptions/d0610b27-9663-4c05-89f8-5b4be01e86a5/resourceGroups/ps1441\",\r\n    \"parameters\": {\r\n      \"listOfAllowedLocations\": {\r\n        \"value\": [\r\n          \"West US\",\r\n          \"West US 2\"\r\n        ]\r\n      },\r\n      \"effectParam\": {\r\n        \"value\": \"Disabled\"\r\n      }\r\n    },\r\n    \"description\": \"Unit test junk: sorry for littering. Please delete me! - Updated\",\r\n    \"metadata\": {\r\n      \"Meta1\": \"Value1\",\r\n      \"Meta2\": {\r\n        \"Meta22\": \"Value22\"\r\n      }\r\n    }\r\n  },\r\n  \"id\": \"/subscriptions/d0610b27-9663-4c05-89f8-5b4be01e86a5/resourceGroups/ps1441/providers/Microsoft.Authorization/policyAssignments/testPAWP\",\r\n  \"type\": \"Microsoft.Authorization/policyAssignments\",\r\n  \"name\": \"testPAWP\"\r\n}",
      "StatusCode": 200
    },
    {
      "RequestUri": "/subscriptions/d0610b27-9663-4c05-89f8-5b4be01e86a5/resourceGroups/ps1441/providers/Microsoft.Authorization/policyassignments/testPAWP?api-version=2018-05-01",
      "EncodedRequestUri": "L3N1YnNjcmlwdGlvbnMvZDA2MTBiMjctOTY2My00YzA1LTg5ZjgtNWI0YmUwMWU4NmE1L3Jlc291cmNlR3JvdXBzL3BzMTQ0MS9wcm92aWRlcnMvTWljcm9zb2Z0LkF1dGhvcml6YXRpb24vcG9saWN5YXNzaWdubWVudHMvdGVzdFBBV1A/YXBpLXZlcnNpb249MjAxOC0wNS0wMQ==",
      "RequestMethod": "DELETE",
      "RequestBody": "",
      "RequestHeaders": {
        "User-Agent": [
          "AzurePowershell/v1.0.0",
          "PSVersion/v6.1.0"
        ],
        "ParameterSetName": [
          "NameParameterSet"
        ],
        "CommandName": [
          "Remove-AzPolicyAssignment"
        ]
      },
      "ResponseHeaders": {
        "Cache-Control": [
          "no-cache"
        ],
        "Pragma": [
          "no-cache"
        ],
        "Vary": [
          "Accept-Encoding"
        ],
        "x-ms-request-id": [
          "westus2:bbdfed91-cf51-4d88-81f6-bd779b657cbb"
        ],
        "x-ms-ratelimit-remaining-subscription-deletes": [
          "14999"
        ],
        "x-ms-correlation-request-id": [
          "9f5de95b-d43b-414c-bbaa-5475812bd525"
        ],
        "x-ms-routing-request-id": [
          "WESTUS2:20181220T213705Z:9f5de95b-d43b-414c-bbaa-5475812bd525"
        ],
        "Strict-Transport-Security": [
          "max-age=31536000; includeSubDomains"
        ],
        "X-Content-Type-Options": [
          "nosniff"
        ],
        "Date": [
          "Thu, 20 Dec 2018 21:37:05 GMT"
        ],
        "Content-Length": [
          "624"
        ],
        "Content-Type": [
          "application/json; charset=utf-8"
        ],
        "Expires": [
          "-1"
        ],
        "Retry-After": [
          "0"
        ]
      },
      "ResponseBody": "{\r\n  \"sku\": {\r\n    \"name\": \"A0\",\r\n    \"tier\": \"Free\"\r\n  },\r\n  \"properties\": {\r\n    \"policyDefinitionId\": \"/subscriptions/d0610b27-9663-4c05-89f8-5b4be01e86a5/providers/Microsoft.Authorization/policyDefinitions/ps5393\",\r\n    \"scope\": \"/subscriptions/d0610b27-9663-4c05-89f8-5b4be01e86a5/resourceGroups/ps1441\",\r\n    \"parameters\": {\r\n      \"listOfAllowedLocations\": {\r\n        \"value\": [\r\n          \"West US\",\r\n          \"West US 2\"\r\n        ]\r\n      }\r\n    },\r\n    \"description\": \"Unit test junk: sorry for littering. Please delete me!\"\r\n  },\r\n  \"id\": \"/subscriptions/d0610b27-9663-4c05-89f8-5b4be01e86a5/resourceGroups/ps1441/providers/Microsoft.Authorization/policyAssignments/testPAWP\",\r\n  \"type\": \"Microsoft.Authorization/policyAssignments\",\r\n  \"name\": \"testPAWP\"\r\n}",
      "StatusCode": 200
    },
    {
      "RequestUri": "/subscriptions/d0610b27-9663-4c05-89f8-5b4be01e86a5/resourceGroups/ps1441/providers/Microsoft.Authorization/policyassignments/testPAWP?api-version=2018-05-01",
      "EncodedRequestUri": "L3N1YnNjcmlwdGlvbnMvZDA2MTBiMjctOTY2My00YzA1LTg5ZjgtNWI0YmUwMWU4NmE1L3Jlc291cmNlR3JvdXBzL3BzMTQ0MS9wcm92aWRlcnMvTWljcm9zb2Z0LkF1dGhvcml6YXRpb24vcG9saWN5YXNzaWdubWVudHMvdGVzdFBBV1A/YXBpLXZlcnNpb249MjAxOC0wNS0wMQ==",
      "RequestMethod": "DELETE",
      "RequestBody": "",
      "RequestHeaders": {
        "User-Agent": [
          "AzurePowershell/v1.0.0",
          "PSVersion/v6.1.0"
        ],
        "ParameterSetName": [
          "NameParameterSet"
        ],
        "CommandName": [
          "Remove-AzPolicyAssignment"
        ]
      },
      "ResponseHeaders": {
        "Cache-Control": [
          "no-cache"
        ],
        "Pragma": [
          "no-cache"
        ],
        "Vary": [
          "Accept-Encoding"
        ],
        "x-ms-request-id": [
          "westus2:4f01fdf0-c033-4d26-8c86-c7b8a3916f58"
        ],
        "x-ms-ratelimit-remaining-subscription-deletes": [
          "14998"
        ],
        "x-ms-correlation-request-id": [
          "5d726cd0-ff33-4ec4-8071-92024ae666c0"
        ],
        "x-ms-routing-request-id": [
          "WESTUS2:20181220T213707Z:5d726cd0-ff33-4ec4-8071-92024ae666c0"
        ],
        "Strict-Transport-Security": [
          "max-age=31536000; includeSubDomains"
        ],
        "X-Content-Type-Options": [
          "nosniff"
        ],
        "Date": [
          "Thu, 20 Dec 2018 21:37:06 GMT"
        ],
        "Content-Length": [
          "624"
        ],
        "Content-Type": [
          "application/json; charset=utf-8"
        ],
        "Expires": [
          "-1"
        ],
        "Retry-After": [
          "0"
        ]
      },
      "ResponseBody": "{\r\n  \"sku\": {\r\n    \"name\": \"A0\",\r\n    \"tier\": \"Free\"\r\n  },\r\n  \"properties\": {\r\n    \"policyDefinitionId\": \"/subscriptions/d0610b27-9663-4c05-89f8-5b4be01e86a5/providers/Microsoft.Authorization/policyDefinitions/ps5393\",\r\n    \"scope\": \"/subscriptions/d0610b27-9663-4c05-89f8-5b4be01e86a5/resourceGroups/ps1441\",\r\n    \"parameters\": {\r\n      \"listOfAllowedLocations\": {\r\n        \"value\": [\r\n          \"West US\",\r\n          \"West US 2\"\r\n        ]\r\n      }\r\n    },\r\n    \"description\": \"Unit test junk: sorry for littering. Please delete me!\"\r\n  },\r\n  \"id\": \"/subscriptions/d0610b27-9663-4c05-89f8-5b4be01e86a5/resourceGroups/ps1441/providers/Microsoft.Authorization/policyAssignments/testPAWP\",\r\n  \"type\": \"Microsoft.Authorization/policyAssignments\",\r\n  \"name\": \"testPAWP\"\r\n}",
      "StatusCode": 200
    },
    {
      "RequestUri": "/subscriptions/d0610b27-9663-4c05-89f8-5b4be01e86a5/resourceGroups/ps1441/providers/Microsoft.Authorization/policyassignments/testPAWP?api-version=2018-05-01",
      "EncodedRequestUri": "L3N1YnNjcmlwdGlvbnMvZDA2MTBiMjctOTY2My00YzA1LTg5ZjgtNWI0YmUwMWU4NmE1L3Jlc291cmNlR3JvdXBzL3BzMTQ0MS9wcm92aWRlcnMvTWljcm9zb2Z0LkF1dGhvcml6YXRpb24vcG9saWN5YXNzaWdubWVudHMvdGVzdFBBV1A/YXBpLXZlcnNpb249MjAxOC0wNS0wMQ==",
      "RequestMethod": "DELETE",
      "RequestBody": "",
      "RequestHeaders": {
        "User-Agent": [
          "AzurePowershell/v1.0.0",
          "PSVersion/v6.1.0"
        ],
        "ParameterSetName": [
          "NameParameterSet"
        ],
        "CommandName": [
          "Remove-AzPolicyAssignment"
        ]
      },
      "ResponseHeaders": {
        "Cache-Control": [
          "no-cache"
        ],
        "Pragma": [
          "no-cache"
        ],
        "Vary": [
          "Accept-Encoding"
        ],
        "x-ms-request-id": [
          "westus2:735b75a7-8277-4641-800d-1cd7239fec35"
        ],
        "x-ms-ratelimit-remaining-subscription-deletes": [
          "14996"
        ],
        "x-ms-correlation-request-id": [
          "ae8a90bb-16c4-43a2-a782-ee92fd3d01b2"
        ],
        "x-ms-routing-request-id": [
          "WESTUS2:20181220T213708Z:ae8a90bb-16c4-43a2-a782-ee92fd3d01b2"
        ],
        "Strict-Transport-Security": [
          "max-age=31536000; includeSubDomains"
        ],
        "X-Content-Type-Options": [
          "nosniff"
        ],
        "Date": [
          "Thu, 20 Dec 2018 21:37:07 GMT"
        ],
        "Content-Length": [
          "660"
        ],
        "Content-Type": [
          "application/json; charset=utf-8"
        ],
        "Expires": [
          "-1"
        ],
        "Retry-After": [
          "0"
        ]
      },
      "ResponseBody": "{\r\n  \"sku\": {\r\n    \"name\": \"A0\",\r\n    \"tier\": \"Free\"\r\n  },\r\n  \"properties\": {\r\n    \"policyDefinitionId\": \"/subscriptions/d0610b27-9663-4c05-89f8-5b4be01e86a5/providers/Microsoft.Authorization/policyDefinitions/ps5393\",\r\n    \"scope\": \"/subscriptions/d0610b27-9663-4c05-89f8-5b4be01e86a5/resourceGroups/ps1441\",\r\n    \"parameters\": {\r\n      \"listOfAllowedLocations\": {\r\n        \"value\": [\r\n          \"West US\",\r\n          \"West US 2\"\r\n        ]\r\n      }\r\n    },\r\n    \"description\": \"Unit test junk: sorry for littering. Please delete me!\",\r\n    \"metadata\": {\r\n      \"testName\": \"testValue\"\r\n    }\r\n  },\r\n  \"id\": \"/subscriptions/d0610b27-9663-4c05-89f8-5b4be01e86a5/resourceGroups/ps1441/providers/Microsoft.Authorization/policyAssignments/testPAWP\",\r\n  \"type\": \"Microsoft.Authorization/policyAssignments\",\r\n  \"name\": \"testPAWP\"\r\n}",
      "StatusCode": 200
    },
    {
      "RequestUri": "/subscriptions/d0610b27-9663-4c05-89f8-5b4be01e86a5/resourceGroups/ps1441/providers/Microsoft.Authorization/policyassignments/testPAWP?api-version=2018-05-01",
      "EncodedRequestUri": "L3N1YnNjcmlwdGlvbnMvZDA2MTBiMjctOTY2My00YzA1LTg5ZjgtNWI0YmUwMWU4NmE1L3Jlc291cmNlR3JvdXBzL3BzMTQ0MS9wcm92aWRlcnMvTWljcm9zb2Z0LkF1dGhvcml6YXRpb24vcG9saWN5YXNzaWdubWVudHMvdGVzdFBBV1A/YXBpLXZlcnNpb249MjAxOC0wNS0wMQ==",
      "RequestMethod": "DELETE",
      "RequestBody": "",
      "RequestHeaders": {
        "User-Agent": [
          "AzurePowershell/v1.0.0",
          "PSVersion/v6.1.0"
        ],
        "ParameterSetName": [
          "NameParameterSet"
        ],
        "CommandName": [
          "Remove-AzPolicyAssignment"
        ]
      },
      "ResponseHeaders": {
        "Cache-Control": [
          "no-cache"
        ],
        "Pragma": [
          "no-cache"
        ],
        "Vary": [
          "Accept-Encoding"
        ],
        "x-ms-request-id": [
          "westus2:f0421a8b-f70c-4dfc-b9f5-4720febbdd20"
        ],
        "x-ms-ratelimit-remaining-subscription-deletes": [
          "14997"
        ],
        "x-ms-correlation-request-id": [
          "248664aa-2998-4ad6-b195-48e24490a7b9"
        ],
        "x-ms-routing-request-id": [
          "WESTUS2:20181220T213709Z:248664aa-2998-4ad6-b195-48e24490a7b9"
        ],
        "Strict-Transport-Security": [
          "max-age=31536000; includeSubDomains"
        ],
        "X-Content-Type-Options": [
          "nosniff"
        ],
        "Date": [
          "Thu, 20 Dec 2018 21:37:09 GMT"
        ],
        "Content-Length": [
          "660"
        ],
        "Content-Type": [
          "application/json; charset=utf-8"
        ],
        "Expires": [
          "-1"
        ],
        "Retry-After": [
          "0"
        ]
      },
      "ResponseBody": "{\r\n  \"sku\": {\r\n    \"name\": \"A0\",\r\n    \"tier\": \"Free\"\r\n  },\r\n  \"properties\": {\r\n    \"policyDefinitionId\": \"/subscriptions/d0610b27-9663-4c05-89f8-5b4be01e86a5/providers/Microsoft.Authorization/policyDefinitions/ps5393\",\r\n    \"scope\": \"/subscriptions/d0610b27-9663-4c05-89f8-5b4be01e86a5/resourceGroups/ps1441\",\r\n    \"parameters\": {\r\n      \"listOfAllowedLocations\": {\r\n        \"value\": [\r\n          \"West US\",\r\n          \"West US 2\"\r\n        ]\r\n      }\r\n    },\r\n    \"description\": \"Unit test junk: sorry for littering. Please delete me!\",\r\n    \"metadata\": {\r\n      \"testName\": \"testValue\"\r\n    }\r\n  },\r\n  \"id\": \"/subscriptions/d0610b27-9663-4c05-89f8-5b4be01e86a5/resourceGroups/ps1441/providers/Microsoft.Authorization/policyAssignments/testPAWP\",\r\n  \"type\": \"Microsoft.Authorization/policyAssignments\",\r\n  \"name\": \"testPAWP\"\r\n}",
      "StatusCode": 200
    },
    {
      "RequestUri": "/subscriptions/d0610b27-9663-4c05-89f8-5b4be01e86a5/resourceGroups/ps1441/providers/Microsoft.Authorization/policyassignments/testPAWP?api-version=2018-05-01",
      "EncodedRequestUri": "L3N1YnNjcmlwdGlvbnMvZDA2MTBiMjctOTY2My00YzA1LTg5ZjgtNWI0YmUwMWU4NmE1L3Jlc291cmNlR3JvdXBzL3BzMTQ0MS9wcm92aWRlcnMvTWljcm9zb2Z0LkF1dGhvcml6YXRpb24vcG9saWN5YXNzaWdubWVudHMvdGVzdFBBV1A/YXBpLXZlcnNpb249MjAxOC0wNS0wMQ==",
      "RequestMethod": "DELETE",
      "RequestBody": "",
      "RequestHeaders": {
        "User-Agent": [
          "AzurePowershell/v1.0.0",
          "PSVersion/v6.1.0"
        ],
        "ParameterSetName": [
          "NameParameterSet"
        ],
        "CommandName": [
          "Remove-AzPolicyAssignment"
        ]
      },
      "ResponseHeaders": {
        "Cache-Control": [
          "no-cache"
        ],
        "Pragma": [
          "no-cache"
        ],
        "Vary": [
          "Accept-Encoding"
        ],
        "x-ms-request-id": [
          "westus2:019d066f-02d9-4845-9bcc-bf009271c1d7"
        ],
        "x-ms-ratelimit-remaining-subscription-deletes": [
          "14998"
        ],
        "x-ms-correlation-request-id": [
          "afcecc15-046c-4b8a-858a-cea4333c9424"
        ],
        "x-ms-routing-request-id": [
          "WESTUS2:20181220T213710Z:afcecc15-046c-4b8a-858a-cea4333c9424"
        ],
        "Strict-Transport-Security": [
          "max-age=31536000; includeSubDomains"
        ],
        "X-Content-Type-Options": [
          "nosniff"
        ],
        "Date": [
          "Thu, 20 Dec 2018 21:37:10 GMT"
        ],
        "Content-Length": [
          "728"
        ],
        "Content-Type": [
          "application/json; charset=utf-8"
        ],
        "Expires": [
          "-1"
        ],
        "Retry-After": [
          "0"
        ]
      },
      "ResponseBody": "{\r\n  \"sku\": {\r\n    \"name\": \"A0\",\r\n    \"tier\": \"Free\"\r\n  },\r\n  \"properties\": {\r\n    \"policyDefinitionId\": \"/subscriptions/d0610b27-9663-4c05-89f8-5b4be01e86a5/providers/Microsoft.Authorization/policyDefinitions/ps5393\",\r\n    \"scope\": \"/subscriptions/d0610b27-9663-4c05-89f8-5b4be01e86a5/resourceGroups/ps1441\",\r\n    \"parameters\": {\r\n      \"listOfAllowedLocations\": {\r\n        \"value\": [\r\n          \"West US\",\r\n          \"West US 2\"\r\n        ]\r\n      },\r\n      \"effectParam\": {\r\n        \"value\": \"Disabled\"\r\n      }\r\n    },\r\n    \"description\": \"Unit test junk: sorry for littering. Please delete me! - Updated\",\r\n    \"metadata\": {\r\n      \"Meta1\": \"Value1\",\r\n      \"Meta2\": {\r\n        \"Meta22\": \"Value22\"\r\n      }\r\n    }\r\n  },\r\n  \"id\": \"/subscriptions/d0610b27-9663-4c05-89f8-5b4be01e86a5/resourceGroups/ps1441/providers/Microsoft.Authorization/policyAssignments/testPAWP\",\r\n  \"type\": \"Microsoft.Authorization/policyAssignments\",\r\n  \"name\": \"testPAWP\"\r\n}",
      "StatusCode": 200
    },
    {
      "RequestUri": "/subscriptions/d0610b27-9663-4c05-89f8-5b4be01e86a5/providers/Microsoft.Authorization/policydefinitions/ps5393?api-version=2018-05-01",
      "EncodedRequestUri": "L3N1YnNjcmlwdGlvbnMvZDA2MTBiMjctOTY2My00YzA1LTg5ZjgtNWI0YmUwMWU4NmE1L3Byb3ZpZGVycy9NaWNyb3NvZnQuQXV0aG9yaXphdGlvbi9wb2xpY3lkZWZpbml0aW9ucy9wczUzOTM/YXBpLXZlcnNpb249MjAxOC0wNS0wMQ==",
      "RequestMethod": "DELETE",
      "RequestBody": "",
      "RequestHeaders": {
        "User-Agent": [
          "AzurePowershell/v1.0.0",
          "PSVersion/v6.1.0"
        ],
        "ParameterSetName": [
          "NameParameterSet"
        ],
        "CommandName": [
          "Remove-AzPolicyDefinition"
        ]
      },
      "ResponseHeaders": {
        "Cache-Control": [
          "no-cache"
        ],
        "Pragma": [
          "no-cache"
        ],
        "Vary": [
          "Accept-Encoding"
        ],
        "x-ms-request-id": [
          "westus2:120d4006-0ad6-4838-8cfe-d3bd02e51aa9"
        ],
        "x-ms-ratelimit-remaining-subscription-deletes": [
          "14996"
        ],
        "x-ms-correlation-request-id": [
          "55768952-63ca-4ae1-b2e5-801cee464271"
        ],
        "x-ms-routing-request-id": [
          "WESTUS2:20181220T213711Z:55768952-63ca-4ae1-b2e5-801cee464271"
        ],
        "Strict-Transport-Security": [
          "max-age=31536000; includeSubDomains"
        ],
        "X-Content-Type-Options": [
          "nosniff"
        ],
        "Date": [
          "Thu, 20 Dec 2018 21:37:10 GMT"
        ],
        "Content-Length": [
          "815"
        ],
        "Content-Type": [
          "application/json; charset=utf-8"
        ],
        "Expires": [
          "-1"
        ],
        "Retry-After": [
          "0"
        ]
      },
      "ResponseBody": "{\r\n  \"properties\": {\r\n    \"policyType\": \"Custom\",\r\n    \"mode\": \"All\",\r\n    \"description\": \"Unit test junk: sorry for littering. Please delete me!\",\r\n    \"parameters\": {\r\n      \"listOfAllowedLocations\": {\r\n        \"type\": \"Array\",\r\n        \"metadata\": {\r\n          \"description\": \"An array of permitted locations for resources.\",\r\n          \"strongType\": \"location\",\r\n          \"displayName\": \"List of locations\"\r\n        }\r\n      },\r\n      \"effectParam\": {\r\n        \"type\": \"String\",\r\n        \"metadata\": {\r\n          \"description\": \"The effect of the policy\",\r\n          \"displayName\": \"Policy Effect\"\r\n        },\r\n        \"allowedValues\": [\r\n          \"Deny\",\r\n          \"Disabled\"\r\n        ],\r\n        \"defaultValue\": \"Deny\"\r\n      }\r\n    },\r\n    \"policyRule\": {\r\n      \"if\": {\r\n        \"not\": {\r\n          \"field\": \"location\",\r\n          \"in\": \"[parameters('listOfAllowedLocations')]\"\r\n        }\r\n      },\r\n      \"then\": {\r\n        \"effect\": \"[parameters('effectParam')]\"\r\n      }\r\n    }\r\n  },\r\n  \"id\": \"/subscriptions/d0610b27-9663-4c05-89f8-5b4be01e86a5/providers/Microsoft.Authorization/policyDefinitions/ps5393\",\r\n  \"type\": \"Microsoft.Authorization/policyDefinitions\",\r\n  \"name\": \"ps5393\"\r\n}",
      "StatusCode": 200
    },
    {
      "RequestUri": "/subscriptions/d0610b27-9663-4c05-89f8-5b4be01e86a5/resourcegroups/ps1441?api-version=2018-05-01",
      "EncodedRequestUri": "L3N1YnNjcmlwdGlvbnMvZDA2MTBiMjctOTY2My00YzA1LTg5ZjgtNWI0YmUwMWU4NmE1L3Jlc291cmNlZ3JvdXBzL3BzMTQ0MT9hcGktdmVyc2lvbj0yMDE4LTA1LTAx",
      "RequestMethod": "DELETE",
      "RequestBody": "",
      "RequestHeaders": {
        "x-ms-client-request-id": [
          "0ad4811f-3d26-4f85-b969-0330b7a9a513"
        ],
        "Accept-Language": [
          "en-US"
        ],
        "User-Agent": [
          "FxVersion/4.6.27019.06",
          "OSName/Windows",
          "OSVersion/Microsoft.Windows.10.0.17763.",
          "Microsoft.Azure.Management.ResourceManager.ResourceManagementClient/1.9.1.0"
        ]
      },
      "ResponseHeaders": {
        "Cache-Control": [
          "no-cache"
        ],
        "Pragma": [
          "no-cache"
        ],
        "Location": [
          "https://management.azure.com/subscriptions/d0610b27-9663-4c05-89f8-5b4be01e86a5/operationresults/eyJqb2JJZCI6IlJFU09VUkNFR1JPVVBERUxFVElPTkpPQi1QUzE0NDEtV0VTVFVTIiwiam9iTG9jYXRpb24iOiJ3ZXN0dXMifQ?api-version=2018-05-01"
        ],
        "Retry-After": [
          "0"
        ],
        "x-ms-ratelimit-remaining-subscription-deletes": [
          "14996"
        ],
        "x-ms-request-id": [
          "26512351-24e8-491a-9779-7205227ad01a"
        ],
        "x-ms-correlation-request-id": [
          "26512351-24e8-491a-9779-7205227ad01a"
        ],
        "x-ms-routing-request-id": [
          "WESTUS2:20181220T213711Z:26512351-24e8-491a-9779-7205227ad01a"
        ],
        "Strict-Transport-Security": [
          "max-age=31536000; includeSubDomains"
        ],
        "X-Content-Type-Options": [
          "nosniff"
        ],
        "Date": [
          "Thu, 20 Dec 2018 21:37:10 GMT"
        ],
        "Expires": [
          "-1"
        ],
        "Content-Length": [
          "0"
        ]
      },
      "ResponseBody": "",
      "StatusCode": 202
    },
    {
      "RequestUri": "/subscriptions/d0610b27-9663-4c05-89f8-5b4be01e86a5/operationresults/eyJqb2JJZCI6IlJFU09VUkNFR1JPVVBERUxFVElPTkpPQi1QUzE0NDEtV0VTVFVTIiwiam9iTG9jYXRpb24iOiJ3ZXN0dXMifQ?api-version=2018-05-01",
      "EncodedRequestUri": "L3N1YnNjcmlwdGlvbnMvZDA2MTBiMjctOTY2My00YzA1LTg5ZjgtNWI0YmUwMWU4NmE1L29wZXJhdGlvbnJlc3VsdHMvZXlKcWIySkpaQ0k2SWxKRlUwOVZVa05GUjFKUFZWQkVSVXhGVkVsUFRrcFBRaTFRVXpFME5ERXRWMFZUVkZWVElpd2lhbTlpVEc5allYUnBiMjRpT2lKM1pYTjBkWE1pZlE/YXBpLXZlcnNpb249MjAxOC0wNS0wMQ==",
      "RequestMethod": "GET",
      "RequestBody": "",
      "RequestHeaders": {
        "User-Agent": [
          "FxVersion/4.6.27019.06",
          "OSName/Windows",
          "OSVersion/Microsoft.Windows.10.0.17763.",
          "Microsoft.Azure.Management.ResourceManager.ResourceManagementClient/1.9.1.0"
        ]
      },
      "ResponseHeaders": {
        "Cache-Control": [
          "no-cache"
        ],
        "Pragma": [
          "no-cache"
        ],
        "Location": [
          "https://management.azure.com/subscriptions/d0610b27-9663-4c05-89f8-5b4be01e86a5/operationresults/eyJqb2JJZCI6IlJFU09VUkNFR1JPVVBERUxFVElPTkpPQi1QUzE0NDEtV0VTVFVTIiwiam9iTG9jYXRpb24iOiJ3ZXN0dXMifQ?api-version=2018-05-01"
        ],
        "Retry-After": [
          "0"
        ],
        "x-ms-ratelimit-remaining-subscription-reads": [
          "11982"
        ],
        "x-ms-request-id": [
          "67d54e30-1f61-4a6d-9bc1-9291af441d12"
        ],
        "x-ms-correlation-request-id": [
          "67d54e30-1f61-4a6d-9bc1-9291af441d12"
        ],
        "x-ms-routing-request-id": [
          "WESTUS2:20181220T213726Z:67d54e30-1f61-4a6d-9bc1-9291af441d12"
        ],
        "Strict-Transport-Security": [
          "max-age=31536000; includeSubDomains"
        ],
        "X-Content-Type-Options": [
          "nosniff"
        ],
        "Date": [
          "Thu, 20 Dec 2018 21:37:26 GMT"
        ],
        "Expires": [
          "-1"
        ],
        "Content-Length": [
          "0"
        ]
      },
      "ResponseBody": "",
      "StatusCode": 202
    },
    {
      "RequestUri": "/subscriptions/d0610b27-9663-4c05-89f8-5b4be01e86a5/operationresults/eyJqb2JJZCI6IlJFU09VUkNFR1JPVVBERUxFVElPTkpPQi1QUzE0NDEtV0VTVFVTIiwiam9iTG9jYXRpb24iOiJ3ZXN0dXMifQ?api-version=2018-05-01",
      "EncodedRequestUri": "L3N1YnNjcmlwdGlvbnMvZDA2MTBiMjctOTY2My00YzA1LTg5ZjgtNWI0YmUwMWU4NmE1L29wZXJhdGlvbnJlc3VsdHMvZXlKcWIySkpaQ0k2SWxKRlUwOVZVa05GUjFKUFZWQkVSVXhGVkVsUFRrcFBRaTFRVXpFME5ERXRWMFZUVkZWVElpd2lhbTlpVEc5allYUnBiMjRpT2lKM1pYTjBkWE1pZlE/YXBpLXZlcnNpb249MjAxOC0wNS0wMQ==",
      "RequestMethod": "GET",
      "RequestBody": "",
      "RequestHeaders": {
        "User-Agent": [
          "FxVersion/4.6.27019.06",
          "OSName/Windows",
          "OSVersion/Microsoft.Windows.10.0.17763.",
          "Microsoft.Azure.Management.ResourceManager.ResourceManagementClient/1.9.1.0"
        ]
      },
      "ResponseHeaders": {
        "Cache-Control": [
          "no-cache"
        ],
        "Pragma": [
          "no-cache"
        ],
        "Location": [
          "https://management.azure.com/subscriptions/d0610b27-9663-4c05-89f8-5b4be01e86a5/operationresults/eyJqb2JJZCI6IlJFU09VUkNFR1JPVVBERUxFVElPTkpPQi1QUzE0NDEtV0VTVFVTIiwiam9iTG9jYXRpb24iOiJ3ZXN0dXMifQ?api-version=2018-05-01"
        ],
        "Retry-After": [
          "0"
        ],
        "x-ms-ratelimit-remaining-subscription-reads": [
          "11981"
        ],
        "x-ms-request-id": [
          "3f095f62-f62a-44a7-aef4-50f29ee7359c"
        ],
        "x-ms-correlation-request-id": [
          "3f095f62-f62a-44a7-aef4-50f29ee7359c"
        ],
        "x-ms-routing-request-id": [
          "WESTUS2:20181220T213741Z:3f095f62-f62a-44a7-aef4-50f29ee7359c"
        ],
        "Strict-Transport-Security": [
          "max-age=31536000; includeSubDomains"
        ],
        "X-Content-Type-Options": [
          "nosniff"
        ],
        "Date": [
          "Thu, 20 Dec 2018 21:37:41 GMT"
        ],
        "Expires": [
          "-1"
        ],
        "Content-Length": [
          "0"
        ]
      },
      "ResponseBody": "",
      "StatusCode": 202
    },
    {
      "RequestUri": "/subscriptions/d0610b27-9663-4c05-89f8-5b4be01e86a5/operationresults/eyJqb2JJZCI6IlJFU09VUkNFR1JPVVBERUxFVElPTkpPQi1QUzE0NDEtV0VTVFVTIiwiam9iTG9jYXRpb24iOiJ3ZXN0dXMifQ?api-version=2018-05-01",
      "EncodedRequestUri": "L3N1YnNjcmlwdGlvbnMvZDA2MTBiMjctOTY2My00YzA1LTg5ZjgtNWI0YmUwMWU4NmE1L29wZXJhdGlvbnJlc3VsdHMvZXlKcWIySkpaQ0k2SWxKRlUwOVZVa05GUjFKUFZWQkVSVXhGVkVsUFRrcFBRaTFRVXpFME5ERXRWMFZUVkZWVElpd2lhbTlpVEc5allYUnBiMjRpT2lKM1pYTjBkWE1pZlE/YXBpLXZlcnNpb249MjAxOC0wNS0wMQ==",
      "RequestMethod": "GET",
      "RequestBody": "",
      "RequestHeaders": {
        "User-Agent": [
          "FxVersion/4.6.27019.06",
          "OSName/Windows",
          "OSVersion/Microsoft.Windows.10.0.17763.",
          "Microsoft.Azure.Management.ResourceManager.ResourceManagementClient/1.9.1.0"
        ]
      },
      "ResponseHeaders": {
        "Cache-Control": [
          "no-cache"
        ],
        "Pragma": [
          "no-cache"
        ],
        "x-ms-ratelimit-remaining-subscription-reads": [
          "11980"
        ],
        "x-ms-request-id": [
          "9d4b79d0-1307-43d3-a2bd-951143093346"
        ],
        "x-ms-correlation-request-id": [
          "9d4b79d0-1307-43d3-a2bd-951143093346"
        ],
        "x-ms-routing-request-id": [
          "WESTUS2:20181220T213756Z:9d4b79d0-1307-43d3-a2bd-951143093346"
        ],
        "Strict-Transport-Security": [
          "max-age=31536000; includeSubDomains"
        ],
        "X-Content-Type-Options": [
          "nosniff"
        ],
        "Date": [
          "Thu, 20 Dec 2018 21:37:56 GMT"
        ],
        "Expires": [
          "-1"
        ],
        "Content-Length": [
          "0"
        ],
        "Retry-After": [
          "0"
        ]
      },
      "ResponseBody": "",
      "StatusCode": 200
    },
    {
      "RequestUri": "/subscriptions/d0610b27-9663-4c05-89f8-5b4be01e86a5/operationresults/eyJqb2JJZCI6IlJFU09VUkNFR1JPVVBERUxFVElPTkpPQi1QUzE0NDEtV0VTVFVTIiwiam9iTG9jYXRpb24iOiJ3ZXN0dXMifQ?api-version=2018-05-01",
      "EncodedRequestUri": "L3N1YnNjcmlwdGlvbnMvZDA2MTBiMjctOTY2My00YzA1LTg5ZjgtNWI0YmUwMWU4NmE1L29wZXJhdGlvbnJlc3VsdHMvZXlKcWIySkpaQ0k2SWxKRlUwOVZVa05GUjFKUFZWQkVSVXhGVkVsUFRrcFBRaTFRVXpFME5ERXRWMFZUVkZWVElpd2lhbTlpVEc5allYUnBiMjRpT2lKM1pYTjBkWE1pZlE/YXBpLXZlcnNpb249MjAxOC0wNS0wMQ==",
      "RequestMethod": "GET",
      "RequestBody": "",
      "RequestHeaders": {
        "User-Agent": [
          "FxVersion/4.6.27019.06",
          "OSName/Windows",
          "OSVersion/Microsoft.Windows.10.0.17763.",
          "Microsoft.Azure.Management.ResourceManager.ResourceManagementClient/1.9.1.0"
        ]
      },
      "ResponseHeaders": {
        "Cache-Control": [
          "no-cache"
        ],
        "Pragma": [
          "no-cache"
        ],
        "x-ms-ratelimit-remaining-subscription-reads": [
          "11979"
        ],
        "x-ms-request-id": [
          "22121a74-f4a5-4d19-92a9-102fb4de57ca"
        ],
        "x-ms-correlation-request-id": [
          "22121a74-f4a5-4d19-92a9-102fb4de57ca"
        ],
        "x-ms-routing-request-id": [
          "WESTUS2:20181220T213756Z:22121a74-f4a5-4d19-92a9-102fb4de57ca"
        ],
        "Strict-Transport-Security": [
          "max-age=31536000; includeSubDomains"
        ],
        "X-Content-Type-Options": [
          "nosniff"
        ],
        "Date": [
          "Thu, 20 Dec 2018 21:37:56 GMT"
        ],
        "Expires": [
          "-1"
        ],
        "Content-Length": [
          "0"
        ],
        "Retry-After": [
          "0"
        ]
      },
      "ResponseBody": "",
      "StatusCode": 200
    }
  ],
  "Names": {
    "Test-PolicyAssignmentWithParameters": [
      "ps1441",
      "ps5393"
    ]
  },
  "Variables": {
    "SubscriptionId": "d0610b27-9663-4c05-89f8-5b4be01e86a5"
  }
}