{
  "Entries": [
    {
      "RequestUri": "/Subscriptions/40d77f8e-5982-4e7e-bafa-b7cd23b123e6/providers/Microsoft.Authorization/policyassignments/someName?api-version=2019-09-01",
      "EncodedRequestUri": "L1N1YnNjcmlwdGlvbnMvNDBkNzdmOGUtNTk4Mi00ZTdlLWJhZmEtYjdjZDIzYjEyM2U2L3Byb3ZpZGVycy9NaWNyb3NvZnQuQXV0aG9yaXphdGlvbi9wb2xpY3lhc3NpZ25tZW50cy9zb21lTmFtZT9hcGktdmVyc2lvbj0yMDE5LTA5LTAx",
      "RequestMethod": "GET",
      "RequestBody": "",
      "RequestHeaders": {
        "User-Agent": [
          "AzurePowershell/v1.0.0",
          "PSVersion/v6.1.0"
        ],
        "ParameterSetName": [
          "NameParameterSet"
        ],
        "CommandName": [
          "Set-AzPolicyAssignment"
        ]
      },
      "ResponseHeaders": {
        "Cache-Control": [
          "no-cache"
        ],
        "Pragma": [
          "no-cache"
        ],
        "x-ms-request-id": [
          "westus:46220da2-804c-4343-8cd1-845f1bee7248"
        ],
        "x-ms-ratelimit-remaining-subscription-reads": [
          "11999"
        ],
        "x-ms-correlation-request-id": [
          "178262b8-7c07-4c55-9b98-c9fc142e818a"
        ],
        "x-ms-routing-request-id": [
          "WESTUS:20200109T021024Z:178262b8-7c07-4c55-9b98-c9fc142e818a"
        ],
        "Strict-Transport-Security": [
          "max-age=31536000; includeSubDomains"
        ],
        "X-Content-Type-Options": [
          "nosniff"
        ],
        "Date": [
          "Thu, 09 Jan 2020 02:10:24 GMT"
        ],
        "Content-Length": [
          "104"
        ],
        "Content-Type": [
          "application/json; charset=utf-8"
        ],
        "Expires": [
          "-1"
        ],
        "Retry-After": [
          "0"
        ]
      },
      "ResponseBody": "{\r\n  \"error\": {\r\n    \"code\": \"PolicyAssignmentNotFound\",\r\n    \"message\": \"The policy assignment 'someName' is not found.\"\r\n  }\r\n}",
      "StatusCode": 404
    },
    {
      "RequestUri": "/Subscriptions/40d77f8e-5982-4e7e-bafa-b7cd23b123e6/providers/Microsoft.Authorization/policyassignments/someName?api-version=2019-09-01",
      "EncodedRequestUri": "L1N1YnNjcmlwdGlvbnMvNDBkNzdmOGUtNTk4Mi00ZTdlLWJhZmEtYjdjZDIzYjEyM2U2L3Byb3ZpZGVycy9NaWNyb3NvZnQuQXV0aG9yaXphdGlvbi9wb2xpY3lhc3NpZ25tZW50cy9zb21lTmFtZT9hcGktdmVyc2lvbj0yMDE5LTA5LTAx",
      "RequestMethod": "GET",
      "RequestBody": "",
      "RequestHeaders": {
        "User-Agent": [
          "AzurePowershell/v1.0.0",
          "PSVersion/v6.1.0"
        ],
        "ParameterSetName": [
          "NameParameterSet"
        ],
        "CommandName": [
          "Set-AzPolicyAssignment"
        ]
      },
      "ResponseHeaders": {
        "Cache-Control": [
          "no-cache"
        ],
        "Pragma": [
          "no-cache"
        ],
        "x-ms-request-id": [
          "westus:223e6789-4519-40a7-9e95-709e3e2a1e9b"
        ],
        "x-ms-ratelimit-remaining-subscription-reads": [
          "11999"
        ],
        "x-ms-correlation-request-id": [
          "3a187a7c-675f-4449-ab9a-69f77306c992"
        ],
        "x-ms-routing-request-id": [
          "WESTUS:20200109T021025Z:3a187a7c-675f-4449-ab9a-69f77306c992"
        ],
        "Strict-Transport-Security": [
          "max-age=31536000; includeSubDomains"
        ],
        "X-Content-Type-Options": [
          "nosniff"
        ],
        "Date": [
          "Thu, 09 Jan 2020 02:10:24 GMT"
        ],
        "Content-Length": [
          "104"
        ],
        "Content-Type": [
          "application/json; charset=utf-8"
        ],
        "Expires": [
          "-1"
        ],
        "Retry-After": [
          "0"
        ]
      },
      "ResponseBody": "{\r\n  \"error\": {\r\n    \"code\": \"PolicyAssignmentNotFound\",\r\n    \"message\": \"The policy assignment 'someName' is not found.\"\r\n  }\r\n}",
      "StatusCode": 404
    },
    {
      "RequestUri": "/Subscriptions/40d77f8e-5982-4e7e-bafa-b7cd23b123e6/providers/Microsoft.Authorization/policyassignments/someName?api-version=2019-09-01",
      "EncodedRequestUri": "L1N1YnNjcmlwdGlvbnMvNDBkNzdmOGUtNTk4Mi00ZTdlLWJhZmEtYjdjZDIzYjEyM2U2L3Byb3ZpZGVycy9NaWNyb3NvZnQuQXV0aG9yaXphdGlvbi9wb2xpY3lhc3NpZ25tZW50cy9zb21lTmFtZT9hcGktdmVyc2lvbj0yMDE5LTA5LTAx",
      "RequestMethod": "GET",
      "RequestBody": "",
      "RequestHeaders": {
        "User-Agent": [
          "AzurePowershell/v1.0.0",
          "PSVersion/v6.1.0"
        ],
        "ParameterSetName": [
          "NameParameterSet"
        ],
        "CommandName": [
          "Set-AzPolicyAssignment"
        ]
      },
      "ResponseHeaders": {
        "Cache-Control": [
          "no-cache"
        ],
        "Pragma": [
          "no-cache"
        ],
        "x-ms-request-id": [
          "westus:1b0dc08d-1705-4ce7-9947-c9fa21da71c8"
        ],
        "x-ms-ratelimit-remaining-subscription-reads": [
          "11999"
        ],
        "x-ms-correlation-request-id": [
          "44aacf61-939a-4ecc-a336-e850655f4292"
        ],
        "x-ms-routing-request-id": [
          "WESTUS:20200109T021025Z:44aacf61-939a-4ecc-a336-e850655f4292"
        ],
        "Strict-Transport-Security": [
          "max-age=31536000; includeSubDomains"
        ],
        "X-Content-Type-Options": [
          "nosniff"
        ],
        "Date": [
          "Thu, 09 Jan 2020 02:10:24 GMT"
        ],
        "Content-Length": [
          "104"
        ],
        "Content-Type": [
          "application/json; charset=utf-8"
        ],
        "Expires": [
          "-1"
        ],
        "Retry-After": [
          "0"
        ]
      },
      "ResponseBody": "{\r\n  \"error\": {\r\n    \"code\": \"PolicyAssignmentNotFound\",\r\n    \"message\": \"The policy assignment 'someName' is not found.\"\r\n  }\r\n}",
      "StatusCode": 404
    },
    {
      "RequestUri": "/Subscriptions/40d77f8e-5982-4e7e-bafa-b7cd23b123e6/providers/Microsoft.Authorization/policyassignments/someName?api-version=2019-09-01",
      "EncodedRequestUri": "L1N1YnNjcmlwdGlvbnMvNDBkNzdmOGUtNTk4Mi00ZTdlLWJhZmEtYjdjZDIzYjEyM2U2L3Byb3ZpZGVycy9NaWNyb3NvZnQuQXV0aG9yaXphdGlvbi9wb2xpY3lhc3NpZ25tZW50cy9zb21lTmFtZT9hcGktdmVyc2lvbj0yMDE5LTA5LTAx",
      "RequestMethod": "GET",
      "RequestBody": "",
      "RequestHeaders": {
        "User-Agent": [
          "AzurePowershell/v1.0.0",
          "PSVersion/v6.1.0"
        ],
        "ParameterSetName": [
          "NameParameterSet"
        ],
        "CommandName": [
          "Set-AzPolicyAssignment"
        ]
      },
      "ResponseHeaders": {
        "Cache-Control": [
          "no-cache"
        ],
        "Pragma": [
          "no-cache"
        ],
        "x-ms-request-id": [
          "westus:a2f667e5-5cc4-4e36-9337-6d042f6c9430"
        ],
        "x-ms-ratelimit-remaining-subscription-reads": [
          "11999"
        ],
        "x-ms-correlation-request-id": [
          "d109adcb-fc8d-438b-8879-bb3ff25265c5"
        ],
        "x-ms-routing-request-id": [
          "WESTUS:20200109T021025Z:d109adcb-fc8d-438b-8879-bb3ff25265c5"
        ],
        "Strict-Transport-Security": [
          "max-age=31536000; includeSubDomains"
        ],
        "X-Content-Type-Options": [
          "nosniff"
        ],
        "Date": [
          "Thu, 09 Jan 2020 02:10:25 GMT"
        ],
        "Content-Length": [
          "104"
        ],
        "Content-Type": [
          "application/json; charset=utf-8"
        ],
        "Expires": [
          "-1"
        ],
        "Retry-After": [
          "0"
        ]
      },
      "ResponseBody": "{\r\n  \"error\": {\r\n    \"code\": \"PolicyAssignmentNotFound\",\r\n    \"message\": \"The policy assignment 'someName' is not found.\"\r\n  }\r\n}",
      "StatusCode": 404
    },
    {
      "RequestUri": "/Subscriptions/40d77f8e-5982-4e7e-bafa-b7cd23b123e6/providers/Microsoft.Authorization/policyassignments/someName?api-version=2019-09-01",
      "EncodedRequestUri": "L1N1YnNjcmlwdGlvbnMvNDBkNzdmOGUtNTk4Mi00ZTdlLWJhZmEtYjdjZDIzYjEyM2U2L3Byb3ZpZGVycy9NaWNyb3NvZnQuQXV0aG9yaXphdGlvbi9wb2xpY3lhc3NpZ25tZW50cy9zb21lTmFtZT9hcGktdmVyc2lvbj0yMDE5LTA5LTAx",
      "RequestMethod": "GET",
      "RequestBody": "",
      "RequestHeaders": {
        "User-Agent": [
          "AzurePowershell/v1.0.0",
          "PSVersion/v6.1.0"
        ],
        "ParameterSetName": [
          "NameParameterSet"
        ],
        "CommandName": [
          "Set-AzPolicyAssignment"
        ]
      },
      "ResponseHeaders": {
        "Cache-Control": [
          "no-cache"
        ],
        "Pragma": [
          "no-cache"
        ],
        "x-ms-request-id": [
          "westus:6bc57f25-4020-4238-ad9d-746d89253163"
        ],
        "x-ms-ratelimit-remaining-subscription-reads": [
          "11999"
        ],
        "x-ms-correlation-request-id": [
          "af27a48c-98e3-4662-b6bc-e723ab94007d"
        ],
        "x-ms-routing-request-id": [
          "WESTUS:20200109T021025Z:af27a48c-98e3-4662-b6bc-e723ab94007d"
        ],
        "Strict-Transport-Security": [
          "max-age=31536000; includeSubDomains"
        ],
        "X-Content-Type-Options": [
          "nosniff"
        ],
        "Date": [
          "Thu, 09 Jan 2020 02:10:25 GMT"
        ],
        "Content-Length": [
          "104"
        ],
        "Content-Type": [
          "application/json; charset=utf-8"
        ],
        "Expires": [
          "-1"
        ],
        "Retry-After": [
          "0"
        ]
      },
      "ResponseBody": "{\r\n  \"error\": {\r\n    \"code\": \"PolicyAssignmentNotFound\",\r\n    \"message\": \"The policy assignment 'someName' is not found.\"\r\n  }\r\n}",
      "StatusCode": 404
    },
    {
      "RequestUri": "/Subscriptions/40d77f8e-5982-4e7e-bafa-b7cd23b123e6/providers/Microsoft.Authorization/policyassignments/someName?api-version=2019-09-01",
      "EncodedRequestUri": "L1N1YnNjcmlwdGlvbnMvNDBkNzdmOGUtNTk4Mi00ZTdlLWJhZmEtYjdjZDIzYjEyM2U2L3Byb3ZpZGVycy9NaWNyb3NvZnQuQXV0aG9yaXphdGlvbi9wb2xpY3lhc3NpZ25tZW50cy9zb21lTmFtZT9hcGktdmVyc2lvbj0yMDE5LTA5LTAx",
      "RequestMethod": "GET",
      "RequestBody": "",
      "RequestHeaders": {
        "User-Agent": [
          "AzurePowershell/v1.0.0",
          "PSVersion/v6.1.0"
        ],
        "ParameterSetName": [
          "PolicyParameterNameObjectParameterSet"
        ],
        "CommandName": [
          "Set-AzPolicyAssignment"
        ]
      },
      "ResponseHeaders": {
        "Cache-Control": [
          "no-cache"
        ],
        "Pragma": [
          "no-cache"
        ],
        "x-ms-request-id": [
          "westus:c063b1c3-243e-4a8d-9266-9425230dd8f5"
        ],
        "x-ms-ratelimit-remaining-subscription-reads": [
          "11999"
        ],
        "x-ms-correlation-request-id": [
          "af26e607-a287-478e-bec1-5a7f1ec60d68"
        ],
        "x-ms-routing-request-id": [
          "WESTUS:20200109T021026Z:af26e607-a287-478e-bec1-5a7f1ec60d68"
        ],
        "Strict-Transport-Security": [
          "max-age=31536000; includeSubDomains"
        ],
        "X-Content-Type-Options": [
          "nosniff"
        ],
        "Date": [
          "Thu, 09 Jan 2020 02:10:25 GMT"
        ],
        "Content-Length": [
          "104"
        ],
        "Content-Type": [
          "application/json; charset=utf-8"
        ],
        "Expires": [
          "-1"
        ],
        "Retry-After": [
          "0"
        ]
      },
      "ResponseBody": "{\r\n  \"error\": {\r\n    \"code\": \"PolicyAssignmentNotFound\",\r\n    \"message\": \"The policy assignment 'someName' is not found.\"\r\n  }\r\n}",
      "StatusCode": 404
    },
    {
      "RequestUri": "/Subscriptions/40d77f8e-5982-4e7e-bafa-b7cd23b123e6/providers/Microsoft.Authorization/policyassignments/someName?api-version=2019-09-01",
      "EncodedRequestUri": "L1N1YnNjcmlwdGlvbnMvNDBkNzdmOGUtNTk4Mi00ZTdlLWJhZmEtYjdjZDIzYjEyM2U2L3Byb3ZpZGVycy9NaWNyb3NvZnQuQXV0aG9yaXphdGlvbi9wb2xpY3lhc3NpZ25tZW50cy9zb21lTmFtZT9hcGktdmVyc2lvbj0yMDE5LTA5LTAx",
      "RequestMethod": "GET",
      "RequestBody": "",
      "RequestHeaders": {
        "User-Agent": [
          "AzurePowershell/v1.0.0",
          "PSVersion/v6.1.0"
        ],
        "ParameterSetName": [
          "PolicyParameterNameStringParameterSet"
        ],
        "CommandName": [
          "Set-AzPolicyAssignment"
        ]
      },
      "ResponseHeaders": {
        "Cache-Control": [
          "no-cache"
        ],
        "Pragma": [
          "no-cache"
        ],
        "x-ms-request-id": [
          "westus:793148c8-4775-4014-9a4f-9b00f59d3fcc"
        ],
        "x-ms-ratelimit-remaining-subscription-reads": [
          "11999"
        ],
        "x-ms-correlation-request-id": [
          "cce5369a-56fc-48f2-9f8a-7d09b48bcd8d"
        ],
        "x-ms-routing-request-id": [
          "WESTUS:20200109T021026Z:cce5369a-56fc-48f2-9f8a-7d09b48bcd8d"
        ],
        "Strict-Transport-Security": [
          "max-age=31536000; includeSubDomains"
        ],
        "X-Content-Type-Options": [
          "nosniff"
        ],
        "Date": [
          "Thu, 09 Jan 2020 02:10:25 GMT"
        ],
        "Content-Length": [
          "104"
        ],
        "Content-Type": [
          "application/json; charset=utf-8"
        ],
        "Expires": [
          "-1"
        ],
        "Retry-After": [
          "0"
        ]
      },
      "ResponseBody": "{\r\n  \"error\": {\r\n    \"code\": \"PolicyAssignmentNotFound\",\r\n    \"message\": \"The policy assignment 'someName' is not found.\"\r\n  }\r\n}",
      "StatusCode": 404
    },
    {
      "RequestUri": "/Subscriptions/40d77f8e-5982-4e7e-bafa-b7cd23b123e6/providers/Microsoft.Authorization/policyassignments/someName?api-version=2019-09-01",
      "EncodedRequestUri": "L1N1YnNjcmlwdGlvbnMvNDBkNzdmOGUtNTk4Mi00ZTdlLWJhZmEtYjdjZDIzYjEyM2U2L3Byb3ZpZGVycy9NaWNyb3NvZnQuQXV0aG9yaXphdGlvbi9wb2xpY3lhc3NpZ25tZW50cy9zb21lTmFtZT9hcGktdmVyc2lvbj0yMDE5LTA5LTAx",
      "RequestMethod": "GET",
      "RequestBody": "",
      "RequestHeaders": {
        "User-Agent": [
          "AzurePowershell/v1.0.0",
          "PSVersion/v6.1.0"
        ],
        "ParameterSetName": [
          "NameParameterSet"
        ],
        "CommandName": [
          "Set-AzPolicyAssignment"
        ]
      },
      "ResponseHeaders": {
        "Cache-Control": [
          "no-cache"
        ],
        "Pragma": [
          "no-cache"
        ],
        "x-ms-request-id": [
          "westus:1fe70e9d-781f-43ec-976e-9ef6aee676f6"
        ],
        "x-ms-ratelimit-remaining-subscription-reads": [
          "11999"
        ],
        "x-ms-correlation-request-id": [
          "3a522db7-f26f-47d0-85f2-6dd45a34e109"
        ],
        "x-ms-routing-request-id": [
          "WESTUS:20200109T021026Z:3a522db7-f26f-47d0-85f2-6dd45a34e109"
        ],
        "Strict-Transport-Security": [
          "max-age=31536000; includeSubDomains"
        ],
        "X-Content-Type-Options": [
          "nosniff"
        ],
        "Date": [
          "Thu, 09 Jan 2020 02:10:25 GMT"
        ],
        "Content-Length": [
          "104"
        ],
        "Content-Type": [
          "application/json; charset=utf-8"
        ],
        "Expires": [
          "-1"
        ],
        "Retry-After": [
          "0"
        ]
      },
      "ResponseBody": "{\r\n  \"error\": {\r\n    \"code\": \"PolicyAssignmentNotFound\",\r\n    \"message\": \"The policy assignment 'someName' is not found.\"\r\n  }\r\n}",
      "StatusCode": 404
    },
    {
      "RequestUri": "/Subscriptions/40d77f8e-5982-4e7e-bafa-b7cd23b123e6/providers/Microsoft.Authorization/policyassignments/someName?api-version=2019-09-01",
      "EncodedRequestUri": "L1N1YnNjcmlwdGlvbnMvNDBkNzdmOGUtNTk4Mi00ZTdlLWJhZmEtYjdjZDIzYjEyM2U2L3Byb3ZpZGVycy9NaWNyb3NvZnQuQXV0aG9yaXphdGlvbi9wb2xpY3lhc3NpZ25tZW50cy9zb21lTmFtZT9hcGktdmVyc2lvbj0yMDE5LTA5LTAx",
      "RequestMethod": "GET",
      "RequestBody": "",
      "RequestHeaders": {
        "User-Agent": [
          "AzurePowershell/v1.0.0",
          "PSVersion/v6.1.0"
        ],
        "ParameterSetName": [
          "NameParameterSet"
        ],
        "CommandName": [
          "Set-AzPolicyAssignment"
        ]
      },
      "ResponseHeaders": {
        "Cache-Control": [
          "no-cache"
        ],
        "Pragma": [
          "no-cache"
        ],
        "x-ms-request-id": [
          "westus:d79ff787-640b-4664-98a3-b4598146a0f5"
        ],
        "x-ms-ratelimit-remaining-subscription-reads": [
          "11998"
        ],
        "x-ms-correlation-request-id": [
          "5f36d013-c749-46d1-9bef-549c5c53208a"
        ],
        "x-ms-routing-request-id": [
          "WESTUS:20200109T021026Z:5f36d013-c749-46d1-9bef-549c5c53208a"
        ],
        "Strict-Transport-Security": [
          "max-age=31536000; includeSubDomains"
        ],
        "X-Content-Type-Options": [
          "nosniff"
        ],
        "Date": [
          "Thu, 09 Jan 2020 02:10:25 GMT"
        ],
        "Content-Length": [
          "104"
        ],
        "Content-Type": [
          "application/json; charset=utf-8"
        ],
        "Expires": [
          "-1"
        ],
        "Retry-After": [
          "0"
        ]
      },
      "ResponseBody": "{\r\n  \"error\": {\r\n    \"code\": \"PolicyAssignmentNotFound\",\r\n    \"message\": \"The policy assignment 'someName' is not found.\"\r\n  }\r\n}",
      "StatusCode": 404
    },
    {
      "RequestUri": "/subscriptions/40d77f8e-5982-4e7e-bafa-b7cd23b123e6/providers/Microsoft.Authorization/policyassignments/someName?api-version=2019-09-01",
      "EncodedRequestUri": "L3N1YnNjcmlwdGlvbnMvNDBkNzdmOGUtNTk4Mi00ZTdlLWJhZmEtYjdjZDIzYjEyM2U2L3Byb3ZpZGVycy9NaWNyb3NvZnQuQXV0aG9yaXphdGlvbi9wb2xpY3lhc3NpZ25tZW50cy9zb21lTmFtZT9hcGktdmVyc2lvbj0yMDE5LTA5LTAx",
      "RequestMethod": "GET",
      "RequestBody": "",
      "RequestHeaders": {
        "User-Agent": [
          "AzurePowershell/v1.0.0",
          "PSVersion/v6.1.0"
        ],
        "ParameterSetName": [
          "NameParameterSet"
        ],
        "CommandName": [
          "Set-AzPolicyAssignment"
        ]
      },
      "ResponseHeaders": {
        "Cache-Control": [
          "no-cache"
        ],
        "Pragma": [
          "no-cache"
        ],
        "x-ms-request-id": [
          "westus:9a54fa5e-2e34-4e18-beba-b83891589673"
        ],
        "x-ms-ratelimit-remaining-subscription-reads": [
          "11999"
        ],
        "x-ms-correlation-request-id": [
          "3ed05148-27e9-4103-834c-951e66835474"
        ],
        "x-ms-routing-request-id": [
          "WESTUS:20200109T021025Z:3ed05148-27e9-4103-834c-951e66835474"
        ],
        "Strict-Transport-Security": [
          "max-age=31536000; includeSubDomains"
        ],
        "X-Content-Type-Options": [
          "nosniff"
        ],
        "Date": [
          "Thu, 09 Jan 2020 02:10:24 GMT"
        ],
        "Content-Length": [
          "104"
        ],
        "Content-Type": [
          "application/json; charset=utf-8"
        ],
        "Expires": [
          "-1"
        ],
        "Retry-After": [
          "0"
        ]
      },
      "ResponseBody": "{\r\n  \"error\": {\r\n    \"code\": \"PolicyAssignmentNotFound\",\r\n    \"message\": \"The policy assignment 'someName' is not found.\"\r\n  }\r\n}",
      "StatusCode": 404
    },
    {
      "RequestUri": "/someScope/providers/Microsoft.Authorization/policyassignments/someName?api-version=2019-09-01",
      "EncodedRequestUri": "L3NvbWVTY29wZS9wcm92aWRlcnMvTWljcm9zb2Z0LkF1dGhvcml6YXRpb24vcG9saWN5YXNzaWdubWVudHMvc29tZU5hbWU/YXBpLXZlcnNpb249MjAxOS0wOS0wMQ==",
      "RequestMethod": "GET",
      "RequestBody": "",
      "RequestHeaders": {
        "User-Agent": [
          "AzurePowershell/v1.0.0",
          "PSVersion/v6.1.0"
        ],
        "ParameterSetName": [
          "NameParameterSet"
        ],
        "CommandName": [
          "Set-AzPolicyAssignment"
        ]
      },
      "ResponseHeaders": {
        "Cache-Control": [
          "no-cache"
        ],
        "Pragma": [
          "no-cache"
        ],
        "x-ms-failure-cause": [
          "gateway"
        ],
        "x-ms-request-id": [
          "87e9bf1f-d7ef-4762-ad14-211f240b301a"
        ],
        "x-ms-correlation-request-id": [
          "87e9bf1f-d7ef-4762-ad14-211f240b301a"
        ],
        "x-ms-routing-request-id": [
          "WESTUS:20200109T021026Z:87e9bf1f-d7ef-4762-ad14-211f240b301a"
        ],
        "Strict-Transport-Security": [
          "max-age=31536000; includeSubDomains"
        ],
        "X-Content-Type-Options": [
          "nosniff"
        ],
        "Date": [
          "Thu, 09 Jan 2020 02:10:26 GMT"
        ],
        "Content-Type": [
          "application/json; charset=utf-8"
        ],
        "Expires": [
          "-1"
        ],
        "Content-Length": [
          "135"
        ],
        "Retry-After": [
          "0"
        ]
      },
      "ResponseBody": "{\r\n  \"error\": {\r\n    \"code\": \"MissingSubscription\",\r\n    \"message\": \"The request did not have a subscription or a valid tenant level resource provider.\"\r\n  }\r\n}",
      "StatusCode": 404
    },
    {
      "RequestUri": "/someScope/providers/Microsoft.Authorization/policyassignments/someName?api-version=2019-09-01",
      "EncodedRequestUri": "L3NvbWVTY29wZS9wcm92aWRlcnMvTWljcm9zb2Z0LkF1dGhvcml6YXRpb24vcG9saWN5YXNzaWdubWVudHMvc29tZU5hbWU/YXBpLXZlcnNpb249MjAxOS0wOS0wMQ==",
      "RequestMethod": "GET",
      "RequestBody": "",
      "RequestHeaders": {
        "User-Agent": [
          "AzurePowershell/v1.0.0",
          "PSVersion/v6.1.0"
        ],
        "ParameterSetName": [
          "NameParameterSet"
        ],
        "CommandName": [
          "Set-AzPolicyAssignment"
        ]
      },
      "ResponseHeaders": {
        "Cache-Control": [
          "no-cache"
        ],
        "Pragma": [
          "no-cache"
        ],
        "x-ms-failure-cause": [
          "gateway"
        ],
        "x-ms-request-id": [
          "219dc6a4-4973-4258-ab99-529a38134d51"
        ],
        "x-ms-correlation-request-id": [
          "219dc6a4-4973-4258-ab99-529a38134d51"
        ],
        "x-ms-routing-request-id": [
          "WESTUS:20200109T021026Z:219dc6a4-4973-4258-ab99-529a38134d51"
        ],
        "Strict-Transport-Security": [
          "max-age=31536000; includeSubDomains"
        ],
        "X-Content-Type-Options": [
          "nosniff"
        ],
        "Date": [
          "Thu, 09 Jan 2020 02:10:26 GMT"
        ],
        "Content-Type": [
          "application/json; charset=utf-8"
        ],
        "Expires": [
          "-1"
        ],
        "Content-Length": [
          "135"
        ],
        "Retry-After": [
          "0"
        ]
      },
      "ResponseBody": "{\r\n  \"error\": {\r\n    \"code\": \"MissingSubscription\",\r\n    \"message\": \"The request did not have a subscription or a valid tenant level resource provider.\"\r\n  }\r\n}",
      "StatusCode": 404
    },
    {
      "RequestUri": "/someScope/providers/Microsoft.Authorization/policyassignments/someName?api-version=2019-09-01",
      "EncodedRequestUri": "L3NvbWVTY29wZS9wcm92aWRlcnMvTWljcm9zb2Z0LkF1dGhvcml6YXRpb24vcG9saWN5YXNzaWdubWVudHMvc29tZU5hbWU/YXBpLXZlcnNpb249MjAxOS0wOS0wMQ==",
      "RequestMethod": "GET",
      "RequestBody": "",
      "RequestHeaders": {
        "User-Agent": [
          "AzurePowershell/v1.0.0",
          "PSVersion/v6.1.0"
        ],
        "ParameterSetName": [
          "NameParameterSet"
        ],
        "CommandName": [
          "Set-AzPolicyAssignment"
        ]
      },
      "ResponseHeaders": {
        "Cache-Control": [
          "no-cache"
        ],
        "Pragma": [
          "no-cache"
        ],
        "x-ms-failure-cause": [
          "gateway"
        ],
        "x-ms-request-id": [
          "68e38b92-5559-44b3-933b-0fcbc56a302c"
        ],
        "x-ms-correlation-request-id": [
          "68e38b92-5559-44b3-933b-0fcbc56a302c"
        ],
        "x-ms-routing-request-id": [
          "WESTUS:20200109T021026Z:68e38b92-5559-44b3-933b-0fcbc56a302c"
        ],
        "Strict-Transport-Security": [
          "max-age=31536000; includeSubDomains"
        ],
        "X-Content-Type-Options": [
          "nosniff"
        ],
        "Date": [
          "Thu, 09 Jan 2020 02:10:26 GMT"
        ],
        "Content-Type": [
          "application/json; charset=utf-8"
        ],
        "Expires": [
          "-1"
        ],
        "Content-Length": [
          "135"
        ],
        "Retry-After": [
          "0"
        ]
      },
      "ResponseBody": "{\r\n  \"error\": {\r\n    \"code\": \"MissingSubscription\",\r\n    \"message\": \"The request did not have a subscription or a valid tenant level resource provider.\"\r\n  }\r\n}",
      "StatusCode": 404
    },
    {
      "RequestUri": "/someScope/providers/Microsoft.Authorization/policyassignments/someName?api-version=2019-09-01",
      "EncodedRequestUri": "L3NvbWVTY29wZS9wcm92aWRlcnMvTWljcm9zb2Z0LkF1dGhvcml6YXRpb24vcG9saWN5YXNzaWdubWVudHMvc29tZU5hbWU/YXBpLXZlcnNpb249MjAxOS0wOS0wMQ==",
      "RequestMethod": "GET",
      "RequestBody": "",
      "RequestHeaders": {
        "User-Agent": [
          "AzurePowershell/v1.0.0",
          "PSVersion/v6.1.0"
        ],
        "ParameterSetName": [
          "NameParameterSet"
        ],
        "CommandName": [
          "Set-AzPolicyAssignment"
        ]
      },
      "ResponseHeaders": {
        "Cache-Control": [
          "no-cache"
        ],
        "Pragma": [
          "no-cache"
        ],
        "x-ms-failure-cause": [
          "gateway"
        ],
        "x-ms-request-id": [
          "22a4d0f7-b452-4f52-9c86-7179c23e5fbf"
        ],
        "x-ms-correlation-request-id": [
          "22a4d0f7-b452-4f52-9c86-7179c23e5fbf"
        ],
        "x-ms-routing-request-id": [
          "WESTUS:20200109T021027Z:22a4d0f7-b452-4f52-9c86-7179c23e5fbf"
        ],
        "Strict-Transport-Security": [
          "max-age=31536000; includeSubDomains"
        ],
        "X-Content-Type-Options": [
          "nosniff"
        ],
        "Date": [
          "Thu, 09 Jan 2020 02:10:26 GMT"
        ],
        "Content-Type": [
          "application/json; charset=utf-8"
        ],
        "Expires": [
          "-1"
        ],
        "Content-Length": [
          "135"
        ],
        "Retry-After": [
          "0"
        ]
      },
      "ResponseBody": "{\r\n  \"error\": {\r\n    \"code\": \"MissingSubscription\",\r\n    \"message\": \"The request did not have a subscription or a valid tenant level resource provider.\"\r\n  }\r\n}",
      "StatusCode": 404
    },
    {
      "RequestUri": "/someScope/providers/Microsoft.Authorization/policyassignments/someName?api-version=2019-09-01",
      "EncodedRequestUri": "L3NvbWVTY29wZS9wcm92aWRlcnMvTWljcm9zb2Z0LkF1dGhvcml6YXRpb24vcG9saWN5YXNzaWdubWVudHMvc29tZU5hbWU/YXBpLXZlcnNpb249MjAxOS0wOS0wMQ==",
      "RequestMethod": "GET",
      "RequestBody": "",
      "RequestHeaders": {
        "User-Agent": [
          "AzurePowershell/v1.0.0",
          "PSVersion/v6.1.0"
        ],
        "ParameterSetName": [
          "PolicyParameterNameObjectParameterSet"
        ],
        "CommandName": [
          "Set-AzPolicyAssignment"
        ]
      },
      "ResponseHeaders": {
        "Cache-Control": [
          "no-cache"
        ],
        "Pragma": [
          "no-cache"
        ],
        "x-ms-failure-cause": [
          "gateway"
        ],
        "x-ms-request-id": [
          "a992e88d-c76a-4120-8ec8-a67d79c69064"
        ],
        "x-ms-correlation-request-id": [
          "a992e88d-c76a-4120-8ec8-a67d79c69064"
        ],
        "x-ms-routing-request-id": [
          "WESTUS:20200109T021027Z:a992e88d-c76a-4120-8ec8-a67d79c69064"
        ],
        "Strict-Transport-Security": [
          "max-age=31536000; includeSubDomains"
        ],
        "X-Content-Type-Options": [
          "nosniff"
        ],
        "Date": [
          "Thu, 09 Jan 2020 02:10:26 GMT"
        ],
        "Content-Type": [
          "application/json; charset=utf-8"
        ],
        "Expires": [
          "-1"
        ],
        "Content-Length": [
          "135"
        ],
        "Retry-After": [
          "0"
        ]
      },
      "ResponseBody": "{\r\n  \"error\": {\r\n    \"code\": \"MissingSubscription\",\r\n    \"message\": \"The request did not have a subscription or a valid tenant level resource provider.\"\r\n  }\r\n}",
      "StatusCode": 404
    },
    {
      "RequestUri": "/someScope/providers/Microsoft.Authorization/policyassignments/someName?api-version=2019-09-01",
      "EncodedRequestUri": "L3NvbWVTY29wZS9wcm92aWRlcnMvTWljcm9zb2Z0LkF1dGhvcml6YXRpb24vcG9saWN5YXNzaWdubWVudHMvc29tZU5hbWU/YXBpLXZlcnNpb249MjAxOS0wOS0wMQ==",
      "RequestMethod": "GET",
      "RequestBody": "",
      "RequestHeaders": {
        "User-Agent": [
          "AzurePowershell/v1.0.0",
          "PSVersion/v6.1.0"
        ],
        "ParameterSetName": [
          "PolicyParameterNameStringParameterSet"
        ],
        "CommandName": [
          "Set-AzPolicyAssignment"
        ]
      },
      "ResponseHeaders": {
        "Cache-Control": [
          "no-cache"
        ],
        "Pragma": [
          "no-cache"
        ],
        "x-ms-failure-cause": [
          "gateway"
        ],
        "x-ms-request-id": [
          "b3a773a4-ff0d-4d83-93ab-901c7ae4d6aa"
        ],
        "x-ms-correlation-request-id": [
          "b3a773a4-ff0d-4d83-93ab-901c7ae4d6aa"
        ],
        "x-ms-routing-request-id": [
          "WESTUS:20200109T021027Z:b3a773a4-ff0d-4d83-93ab-901c7ae4d6aa"
        ],
        "Strict-Transport-Security": [
          "max-age=31536000; includeSubDomains"
        ],
        "X-Content-Type-Options": [
          "nosniff"
        ],
        "Date": [
          "Thu, 09 Jan 2020 02:10:26 GMT"
        ],
        "Content-Type": [
          "application/json; charset=utf-8"
        ],
        "Expires": [
          "-1"
        ],
        "Content-Length": [
          "135"
        ],
        "Retry-After": [
          "0"
        ]
      },
      "ResponseBody": "{\r\n  \"error\": {\r\n    \"code\": \"MissingSubscription\",\r\n    \"message\": \"The request did not have a subscription or a valid tenant level resource provider.\"\r\n  }\r\n}",
      "StatusCode": 404
    },
    {
      "RequestUri": "/someScope/providers/Microsoft.Authorization/policyassignments/someName?api-version=2019-09-01",
      "EncodedRequestUri": "L3NvbWVTY29wZS9wcm92aWRlcnMvTWljcm9zb2Z0LkF1dGhvcml6YXRpb24vcG9saWN5YXNzaWdubWVudHMvc29tZU5hbWU/YXBpLXZlcnNpb249MjAxOS0wOS0wMQ==",
      "RequestMethod": "GET",
      "RequestBody": "",
      "RequestHeaders": {
        "User-Agent": [
          "AzurePowershell/v1.0.0",
          "PSVersion/v6.1.0"
        ],
        "ParameterSetName": [
          "NameParameterSet"
        ],
        "CommandName": [
          "Set-AzPolicyAssignment"
        ]
      },
      "ResponseHeaders": {
        "Cache-Control": [
          "no-cache"
        ],
        "Pragma": [
          "no-cache"
        ],
        "x-ms-failure-cause": [
          "gateway"
        ],
        "x-ms-request-id": [
          "caa0d39a-83af-4cce-9615-d68207b003bc"
        ],
        "x-ms-correlation-request-id": [
          "caa0d39a-83af-4cce-9615-d68207b003bc"
        ],
        "x-ms-routing-request-id": [
          "WESTUS:20200109T021027Z:caa0d39a-83af-4cce-9615-d68207b003bc"
        ],
        "Strict-Transport-Security": [
          "max-age=31536000; includeSubDomains"
        ],
        "X-Content-Type-Options": [
          "nosniff"
        ],
        "Date": [
          "Thu, 09 Jan 2020 02:10:27 GMT"
        ],
        "Content-Type": [
          "application/json; charset=utf-8"
        ],
        "Expires": [
          "-1"
        ],
        "Content-Length": [
          "135"
        ],
        "Retry-After": [
          "0"
        ]
      },
      "ResponseBody": "{\r\n  \"error\": {\r\n    \"code\": \"MissingSubscription\",\r\n    \"message\": \"The request did not have a subscription or a valid tenant level resource provider.\"\r\n  }\r\n}",
      "StatusCode": 404
    },
    {
      "RequestUri": "/someScope/providers/Microsoft.Authorization/policyassignments/someName?api-version=2019-09-01",
      "EncodedRequestUri": "L3NvbWVTY29wZS9wcm92aWRlcnMvTWljcm9zb2Z0LkF1dGhvcml6YXRpb24vcG9saWN5YXNzaWdubWVudHMvc29tZU5hbWU/YXBpLXZlcnNpb249MjAxOS0wOS0wMQ==",
      "RequestMethod": "GET",
      "RequestBody": "",
      "RequestHeaders": {
        "User-Agent": [
          "AzurePowershell/v1.0.0",
          "PSVersion/v6.1.0"
        ],
        "ParameterSetName": [
          "NameParameterSet"
        ],
        "CommandName": [
          "Set-AzPolicyAssignment"
        ]
      },
      "ResponseHeaders": {
        "Cache-Control": [
          "no-cache"
        ],
        "Pragma": [
          "no-cache"
        ],
        "x-ms-failure-cause": [
          "gateway"
        ],
        "x-ms-request-id": [
          "d4bdbbd9-4b50-48e3-80ad-70f776d6a17c"
        ],
        "x-ms-correlation-request-id": [
          "d4bdbbd9-4b50-48e3-80ad-70f776d6a17c"
        ],
        "x-ms-routing-request-id": [
          "WESTUS:20200109T021027Z:d4bdbbd9-4b50-48e3-80ad-70f776d6a17c"
        ],
        "Strict-Transport-Security": [
          "max-age=31536000; includeSubDomains"
        ],
        "X-Content-Type-Options": [
          "nosniff"
        ],
        "Date": [
          "Thu, 09 Jan 2020 02:10:27 GMT"
        ],
        "Content-Type": [
          "application/json; charset=utf-8"
        ],
        "Expires": [
          "-1"
        ],
        "Content-Length": [
          "135"
        ],
        "Retry-After": [
          "0"
        ]
      },
      "ResponseBody": "{\r\n  \"error\": {\r\n    \"code\": \"MissingSubscription\",\r\n    \"message\": \"The request did not have a subscription or a valid tenant level resource provider.\"\r\n  }\r\n}",
      "StatusCode": 404
    },
    {
      "RequestUri": "/someScope/providers/Microsoft.Authorization/policyassignments/someName?api-version=2019-09-01",
      "EncodedRequestUri": "L3NvbWVTY29wZS9wcm92aWRlcnMvTWljcm9zb2Z0LkF1dGhvcml6YXRpb24vcG9saWN5YXNzaWdubWVudHMvc29tZU5hbWU/YXBpLXZlcnNpb249MjAxOS0wOS0wMQ==",
      "RequestMethod": "GET",
      "RequestBody": "",
      "RequestHeaders": {
        "User-Agent": [
          "AzurePowershell/v1.0.0",
          "PSVersion/v6.1.0"
        ],
        "ParameterSetName": [
          "NameParameterSet"
        ],
        "CommandName": [
          "Set-AzPolicyAssignment"
        ]
      },
      "ResponseHeaders": {
        "Cache-Control": [
          "no-cache"
        ],
        "Pragma": [
          "no-cache"
        ],
        "x-ms-failure-cause": [
          "gateway"
        ],
        "x-ms-request-id": [
          "44c3dd5b-3402-442b-8854-49fe07ad258b"
        ],
        "x-ms-correlation-request-id": [
          "44c3dd5b-3402-442b-8854-49fe07ad258b"
        ],
        "x-ms-routing-request-id": [
          "WESTUS:20200109T021027Z:44c3dd5b-3402-442b-8854-49fe07ad258b"
        ],
        "Strict-Transport-Security": [
          "max-age=31536000; includeSubDomains"
        ],
        "X-Content-Type-Options": [
          "nosniff"
        ],
        "Date": [
          "Thu, 09 Jan 2020 02:10:26 GMT"
        ],
        "Content-Type": [
          "application/json; charset=utf-8"
        ],
        "Expires": [
          "-1"
        ],
        "Content-Length": [
          "135"
        ],
        "Retry-After": [
          "0"
        ]
      },
      "ResponseBody": "{\r\n  \"error\": {\r\n    \"code\": \"MissingSubscription\",\r\n    \"message\": \"The request did not have a subscription or a valid tenant level resource provider.\"\r\n  }\r\n}",
      "StatusCode": 404
    },
    {
      "RequestUri": "/someScope/providers/Microsoft.Authorization/policyassignments/someName?api-version=2019-09-01",
      "EncodedRequestUri": "L3NvbWVTY29wZS9wcm92aWRlcnMvTWljcm9zb2Z0LkF1dGhvcml6YXRpb24vcG9saWN5YXNzaWdubWVudHMvc29tZU5hbWU/YXBpLXZlcnNpb249MjAxOS0wOS0wMQ==",
      "RequestMethod": "GET",
      "RequestBody": "",
      "RequestHeaders": {
        "User-Agent": [
          "AzurePowershell/v1.0.0",
          "PSVersion/v6.1.0"
        ],
        "ParameterSetName": [
          "NameParameterSet"
        ],
        "CommandName": [
          "Set-AzPolicyAssignment"
        ]
      },
      "ResponseHeaders": {
        "Cache-Control": [
          "no-cache"
        ],
        "Pragma": [
          "no-cache"
        ],
        "x-ms-failure-cause": [
          "gateway"
        ],
        "x-ms-request-id": [
          "825eae12-fc01-4e79-96e4-cdc202955acc"
        ],
        "x-ms-correlation-request-id": [
          "825eae12-fc01-4e79-96e4-cdc202955acc"
        ],
        "x-ms-routing-request-id": [
          "WESTUS:20200109T021027Z:825eae12-fc01-4e79-96e4-cdc202955acc"
        ],
        "Strict-Transport-Security": [
          "max-age=31536000; includeSubDomains"
        ],
        "X-Content-Type-Options": [
          "nosniff"
        ],
        "Date": [
          "Thu, 09 Jan 2020 02:10:27 GMT"
        ],
        "Content-Type": [
          "application/json; charset=utf-8"
        ],
        "Expires": [
          "-1"
        ],
        "Content-Length": [
          "135"
        ],
        "Retry-After": [
          "0"
        ]
      },
      "ResponseBody": "{\r\n  \"error\": {\r\n    \"code\": \"MissingSubscription\",\r\n    \"message\": \"The request did not have a subscription or a valid tenant level resource provider.\"\r\n  }\r\n}",
      "StatusCode": 404
    },
    {
      "RequestUri": "/someScope/providers/Microsoft.Authorization/policyassignments/someName?api-version=2019-09-01",
      "EncodedRequestUri": "L3NvbWVTY29wZS9wcm92aWRlcnMvTWljcm9zb2Z0LkF1dGhvcml6YXRpb24vcG9saWN5YXNzaWdubWVudHMvc29tZU5hbWU/YXBpLXZlcnNpb249MjAxOS0wOS0wMQ==",
      "RequestMethod": "GET",
      "RequestBody": "",
      "RequestHeaders": {
        "User-Agent": [
          "AzurePowershell/v1.0.0",
          "PSVersion/v6.1.0"
        ],
        "ParameterSetName": [
          "NameParameterSet"
        ],
        "CommandName": [
          "Set-AzPolicyAssignment"
        ]
      },
      "ResponseHeaders": {
        "Cache-Control": [
          "no-cache"
        ],
        "Pragma": [
          "no-cache"
        ],
        "x-ms-failure-cause": [
          "gateway"
        ],
        "x-ms-request-id": [
          "9492fa2b-bccf-4a60-ae41-27385a0dbb76"
        ],
        "x-ms-correlation-request-id": [
          "9492fa2b-bccf-4a60-ae41-27385a0dbb76"
        ],
        "x-ms-routing-request-id": [
          "WESTUS:20200109T021027Z:9492fa2b-bccf-4a60-ae41-27385a0dbb76"
        ],
        "Strict-Transport-Security": [
          "max-age=31536000; includeSubDomains"
        ],
        "X-Content-Type-Options": [
          "nosniff"
        ],
        "Date": [
          "Thu, 09 Jan 2020 02:10:27 GMT"
        ],
        "Content-Type": [
          "application/json; charset=utf-8"
        ],
        "Expires": [
          "-1"
        ],
        "Content-Length": [
          "135"
        ],
        "Retry-After": [
          "0"
        ]
      },
      "ResponseBody": "{\r\n  \"error\": {\r\n    \"code\": \"MissingSubscription\",\r\n    \"message\": \"The request did not have a subscription or a valid tenant level resource provider.\"\r\n  }\r\n}",
      "StatusCode": 404
    },
    {
      "RequestUri": "/someScope/providers/Microsoft.Authorization/policyassignments/someName?api-version=2019-09-01",
      "EncodedRequestUri": "L3NvbWVTY29wZS9wcm92aWRlcnMvTWljcm9zb2Z0LkF1dGhvcml6YXRpb24vcG9saWN5YXNzaWdubWVudHMvc29tZU5hbWU/YXBpLXZlcnNpb249MjAxOS0wOS0wMQ==",
      "RequestMethod": "GET",
      "RequestBody": "",
      "RequestHeaders": {
        "User-Agent": [
          "AzurePowershell/v1.0.0",
          "PSVersion/v6.1.0"
        ],
        "ParameterSetName": [
          "PolicyParameterNameObjectParameterSet"
        ],
        "CommandName": [
          "Set-AzPolicyAssignment"
        ]
      },
      "ResponseHeaders": {
        "Cache-Control": [
          "no-cache"
        ],
        "Pragma": [
          "no-cache"
        ],
        "x-ms-failure-cause": [
          "gateway"
        ],
        "x-ms-request-id": [
          "c2354863-944c-4af3-932d-0e6fde7b5ea2"
        ],
        "x-ms-correlation-request-id": [
          "c2354863-944c-4af3-932d-0e6fde7b5ea2"
        ],
        "x-ms-routing-request-id": [
          "WESTUS:20200109T021028Z:c2354863-944c-4af3-932d-0e6fde7b5ea2"
        ],
        "Strict-Transport-Security": [
          "max-age=31536000; includeSubDomains"
        ],
        "X-Content-Type-Options": [
          "nosniff"
        ],
        "Date": [
          "Thu, 09 Jan 2020 02:10:27 GMT"
        ],
        "Content-Type": [
          "application/json; charset=utf-8"
        ],
        "Expires": [
          "-1"
        ],
        "Content-Length": [
          "135"
        ],
        "Retry-After": [
          "0"
        ]
      },
      "ResponseBody": "{\r\n  \"error\": {\r\n    \"code\": \"MissingSubscription\",\r\n    \"message\": \"The request did not have a subscription or a valid tenant level resource provider.\"\r\n  }\r\n}",
      "StatusCode": 404
    },
    {
      "RequestUri": "/someScope/providers/Microsoft.Authorization/policyassignments/someName?api-version=2019-09-01",
      "EncodedRequestUri": "L3NvbWVTY29wZS9wcm92aWRlcnMvTWljcm9zb2Z0LkF1dGhvcml6YXRpb24vcG9saWN5YXNzaWdubWVudHMvc29tZU5hbWU/YXBpLXZlcnNpb249MjAxOS0wOS0wMQ==",
      "RequestMethod": "GET",
      "RequestBody": "",
      "RequestHeaders": {
        "User-Agent": [
          "AzurePowershell/v1.0.0",
          "PSVersion/v6.1.0"
        ],
        "ParameterSetName": [
          "PolicyParameterNameStringParameterSet"
        ],
        "CommandName": [
          "Set-AzPolicyAssignment"
        ]
      },
      "ResponseHeaders": {
        "Cache-Control": [
          "no-cache"
        ],
        "Pragma": [
          "no-cache"
        ],
        "x-ms-failure-cause": [
          "gateway"
        ],
        "x-ms-request-id": [
          "dcb6f971-c8d2-4381-9b10-caf3320917ce"
        ],
        "x-ms-correlation-request-id": [
          "dcb6f971-c8d2-4381-9b10-caf3320917ce"
        ],
        "x-ms-routing-request-id": [
          "WESTUS:20200109T021028Z:dcb6f971-c8d2-4381-9b10-caf3320917ce"
        ],
        "Strict-Transport-Security": [
          "max-age=31536000; includeSubDomains"
        ],
        "X-Content-Type-Options": [
          "nosniff"
        ],
        "Date": [
          "Thu, 09 Jan 2020 02:10:27 GMT"
        ],
        "Content-Type": [
          "application/json; charset=utf-8"
        ],
        "Expires": [
          "-1"
        ],
        "Content-Length": [
          "135"
        ],
        "Retry-After": [
          "0"
        ]
      },
      "ResponseBody": "{\r\n  \"error\": {\r\n    \"code\": \"MissingSubscription\",\r\n    \"message\": \"The request did not have a subscription or a valid tenant level resource provider.\"\r\n  }\r\n}",
      "StatusCode": 404
    },
    {
      "RequestUri": "/someScope/providers/Microsoft.Authorization/policyassignments/someName?api-version=2019-09-01",
      "EncodedRequestUri": "L3NvbWVTY29wZS9wcm92aWRlcnMvTWljcm9zb2Z0LkF1dGhvcml6YXRpb24vcG9saWN5YXNzaWdubWVudHMvc29tZU5hbWU/YXBpLXZlcnNpb249MjAxOS0wOS0wMQ==",
      "RequestMethod": "GET",
      "RequestBody": "",
      "RequestHeaders": {
        "User-Agent": [
          "AzurePowershell/v1.0.0",
          "PSVersion/v6.1.0"
        ],
        "ParameterSetName": [
          "NameParameterSet"
        ],
        "CommandName": [
          "Set-AzPolicyAssignment"
        ]
      },
      "ResponseHeaders": {
        "Cache-Control": [
          "no-cache"
        ],
        "Pragma": [
          "no-cache"
        ],
        "x-ms-failure-cause": [
          "gateway"
        ],
        "x-ms-request-id": [
          "b2e320c1-8c1e-42f3-b0f2-0b7424e2aa59"
        ],
        "x-ms-correlation-request-id": [
          "b2e320c1-8c1e-42f3-b0f2-0b7424e2aa59"
        ],
        "x-ms-routing-request-id": [
          "WESTUS:20200109T021028Z:b2e320c1-8c1e-42f3-b0f2-0b7424e2aa59"
        ],
        "Strict-Transport-Security": [
          "max-age=31536000; includeSubDomains"
        ],
        "X-Content-Type-Options": [
          "nosniff"
        ],
        "Date": [
          "Thu, 09 Jan 2020 02:10:27 GMT"
        ],
        "Content-Type": [
          "application/json; charset=utf-8"
        ],
        "Expires": [
          "-1"
        ],
        "Content-Length": [
          "135"
        ],
        "Retry-After": [
          "0"
        ]
      },
      "ResponseBody": "{\r\n  \"error\": {\r\n    \"code\": \"MissingSubscription\",\r\n    \"message\": \"The request did not have a subscription or a valid tenant level resource provider.\"\r\n  }\r\n}",
      "StatusCode": 404
    },
    {
      "RequestUri": "/someScope/providers/Microsoft.Authorization/policyassignments/someName?api-version=2019-09-01",
      "EncodedRequestUri": "L3NvbWVTY29wZS9wcm92aWRlcnMvTWljcm9zb2Z0LkF1dGhvcml6YXRpb24vcG9saWN5YXNzaWdubWVudHMvc29tZU5hbWU/YXBpLXZlcnNpb249MjAxOS0wOS0wMQ==",
      "RequestMethod": "GET",
      "RequestBody": "",
      "RequestHeaders": {
        "User-Agent": [
          "AzurePowershell/v1.0.0",
          "PSVersion/v6.1.0"
        ],
        "ParameterSetName": [
          "NameParameterSet"
        ],
        "CommandName": [
          "Set-AzPolicyAssignment"
        ]
      },
      "ResponseHeaders": {
        "Cache-Control": [
          "no-cache"
        ],
        "Pragma": [
          "no-cache"
        ],
        "x-ms-failure-cause": [
          "gateway"
        ],
        "x-ms-request-id": [
          "434ac82b-0c85-4361-b3de-55b7e785516f"
        ],
        "x-ms-correlation-request-id": [
          "434ac82b-0c85-4361-b3de-55b7e785516f"
        ],
        "x-ms-routing-request-id": [
          "WESTUS:20200109T021028Z:434ac82b-0c85-4361-b3de-55b7e785516f"
        ],
        "Strict-Transport-Security": [
          "max-age=31536000; includeSubDomains"
        ],
        "X-Content-Type-Options": [
          "nosniff"
        ],
        "Date": [
          "Thu, 09 Jan 2020 02:10:27 GMT"
        ],
        "Content-Type": [
          "application/json; charset=utf-8"
        ],
        "Expires": [
          "-1"
        ],
        "Content-Length": [
          "135"
        ],
        "Retry-After": [
          "0"
        ]
      },
      "ResponseBody": "{\r\n  \"error\": {\r\n    \"code\": \"MissingSubscription\",\r\n    \"message\": \"The request did not have a subscription or a valid tenant level resource provider.\"\r\n  }\r\n}",
      "StatusCode": 404
    },
    {
      "RequestUri": "/someScope/providers/Microsoft.Authorization/policyassignments/someName?api-version=2019-09-01",
      "EncodedRequestUri": "L3NvbWVTY29wZS9wcm92aWRlcnMvTWljcm9zb2Z0LkF1dGhvcml6YXRpb24vcG9saWN5YXNzaWdubWVudHMvc29tZU5hbWU/YXBpLXZlcnNpb249MjAxOS0wOS0wMQ==",
      "RequestMethod": "GET",
      "RequestBody": "",
      "RequestHeaders": {
        "User-Agent": [
          "AzurePowershell/v1.0.0",
          "PSVersion/v6.1.0"
        ],
        "ParameterSetName": [
          "NameParameterSet"
        ],
        "CommandName": [
          "Set-AzPolicyAssignment"
        ]
      },
      "ResponseHeaders": {
        "Cache-Control": [
          "no-cache"
        ],
        "Pragma": [
          "no-cache"
        ],
        "x-ms-failure-cause": [
          "gateway"
        ],
        "x-ms-request-id": [
          "95d379c0-517b-40ba-9a75-7071630d3a44"
        ],
        "x-ms-correlation-request-id": [
          "95d379c0-517b-40ba-9a75-7071630d3a44"
        ],
        "x-ms-routing-request-id": [
          "WESTUS:20200109T021028Z:95d379c0-517b-40ba-9a75-7071630d3a44"
        ],
        "Strict-Transport-Security": [
          "max-age=31536000; includeSubDomains"
        ],
        "X-Content-Type-Options": [
          "nosniff"
        ],
        "Date": [
          "Thu, 09 Jan 2020 02:10:27 GMT"
        ],
        "Content-Type": [
          "application/json; charset=utf-8"
        ],
        "Expires": [
          "-1"
        ],
        "Content-Length": [
          "135"
        ],
        "Retry-After": [
          "0"
        ]
      },
      "ResponseBody": "{\r\n  \"error\": {\r\n    \"code\": \"MissingSubscription\",\r\n    \"message\": \"The request did not have a subscription or a valid tenant level resource provider.\"\r\n  }\r\n}",
      "StatusCode": 404
    },
    {
      "RequestUri": "/someScope/providers/Microsoft.Authorization/policyassignments/someName?api-version=2019-09-01",
      "EncodedRequestUri": "L3NvbWVTY29wZS9wcm92aWRlcnMvTWljcm9zb2Z0LkF1dGhvcml6YXRpb24vcG9saWN5YXNzaWdubWVudHMvc29tZU5hbWU/YXBpLXZlcnNpb249MjAxOS0wOS0wMQ==",
      "RequestMethod": "GET",
      "RequestBody": "",
      "RequestHeaders": {
        "User-Agent": [
          "AzurePowershell/v1.0.0",
          "PSVersion/v6.1.0"
        ],
        "ParameterSetName": [
          "NameParameterSet"
        ],
        "CommandName": [
          "Set-AzPolicyAssignment"
        ]
      },
      "ResponseHeaders": {
        "Cache-Control": [
          "no-cache"
        ],
        "Pragma": [
          "no-cache"
        ],
        "x-ms-failure-cause": [
          "gateway"
        ],
        "x-ms-request-id": [
          "ac28eb09-907a-49bf-975e-57a8d424f1b1"
        ],
        "x-ms-correlation-request-id": [
          "ac28eb09-907a-49bf-975e-57a8d424f1b1"
        ],
        "x-ms-routing-request-id": [
          "WESTUS:20200109T021028Z:ac28eb09-907a-49bf-975e-57a8d424f1b1"
        ],
        "Strict-Transport-Security": [
          "max-age=31536000; includeSubDomains"
        ],
        "X-Content-Type-Options": [
          "nosniff"
        ],
        "Date": [
          "Thu, 09 Jan 2020 02:10:27 GMT"
        ],
        "Content-Type": [
          "application/json; charset=utf-8"
        ],
        "Expires": [
          "-1"
        ],
        "Content-Length": [
          "135"
        ],
        "Retry-After": [
          "0"
        ]
      },
      "ResponseBody": "{\r\n  \"error\": {\r\n    \"code\": \"MissingSubscription\",\r\n    \"message\": \"The request did not have a subscription or a valid tenant level resource provider.\"\r\n  }\r\n}",
      "StatusCode": 404
    },
    {
      "RequestUri": "/someScope/providers/Microsoft.Authorization/policyassignments/someName?api-version=2019-09-01",
      "EncodedRequestUri": "L3NvbWVTY29wZS9wcm92aWRlcnMvTWljcm9zb2Z0LkF1dGhvcml6YXRpb24vcG9saWN5YXNzaWdubWVudHMvc29tZU5hbWU/YXBpLXZlcnNpb249MjAxOS0wOS0wMQ==",
      "RequestMethod": "GET",
      "RequestBody": "",
      "RequestHeaders": {
        "User-Agent": [
          "AzurePowershell/v1.0.0",
          "PSVersion/v6.1.0"
        ],
        "ParameterSetName": [
          "PolicyParameterNameObjectParameterSet"
        ],
        "CommandName": [
          "Set-AzPolicyAssignment"
        ]
      },
      "ResponseHeaders": {
        "Cache-Control": [
          "no-cache"
        ],
        "Pragma": [
          "no-cache"
        ],
        "x-ms-failure-cause": [
          "gateway"
        ],
        "x-ms-request-id": [
          "c8d45172-1de1-45cf-a82c-ee4309375aba"
        ],
        "x-ms-correlation-request-id": [
          "c8d45172-1de1-45cf-a82c-ee4309375aba"
        ],
        "x-ms-routing-request-id": [
          "WESTUS:20200109T021028Z:c8d45172-1de1-45cf-a82c-ee4309375aba"
        ],
        "Strict-Transport-Security": [
          "max-age=31536000; includeSubDomains"
        ],
        "X-Content-Type-Options": [
          "nosniff"
        ],
        "Date": [
          "Thu, 09 Jan 2020 02:10:28 GMT"
        ],
        "Content-Type": [
          "application/json; charset=utf-8"
        ],
        "Expires": [
          "-1"
        ],
        "Content-Length": [
          "135"
        ],
        "Retry-After": [
          "0"
        ]
      },
      "ResponseBody": "{\r\n  \"error\": {\r\n    \"code\": \"MissingSubscription\",\r\n    \"message\": \"The request did not have a subscription or a valid tenant level resource provider.\"\r\n  }\r\n}",
      "StatusCode": 404
    },
    {
      "RequestUri": "/someScope/providers/Microsoft.Authorization/policyassignments/someName?api-version=2019-09-01",
      "EncodedRequestUri": "L3NvbWVTY29wZS9wcm92aWRlcnMvTWljcm9zb2Z0LkF1dGhvcml6YXRpb24vcG9saWN5YXNzaWdubWVudHMvc29tZU5hbWU/YXBpLXZlcnNpb249MjAxOS0wOS0wMQ==",
      "RequestMethod": "GET",
      "RequestBody": "",
      "RequestHeaders": {
        "User-Agent": [
          "AzurePowershell/v1.0.0",
          "PSVersion/v6.1.0"
        ],
        "ParameterSetName": [
          "PolicyParameterNameStringParameterSet"
        ],
        "CommandName": [
          "Set-AzPolicyAssignment"
        ]
      },
      "ResponseHeaders": {
        "Cache-Control": [
          "no-cache"
        ],
        "Pragma": [
          "no-cache"
        ],
        "x-ms-failure-cause": [
          "gateway"
        ],
        "x-ms-request-id": [
          "19220c7e-09d5-4801-9f74-2aa8244ae889"
        ],
        "x-ms-correlation-request-id": [
          "19220c7e-09d5-4801-9f74-2aa8244ae889"
        ],
        "x-ms-routing-request-id": [
          "WESTUS:20200109T021028Z:19220c7e-09d5-4801-9f74-2aa8244ae889"
        ],
        "Strict-Transport-Security": [
          "max-age=31536000; includeSubDomains"
        ],
        "X-Content-Type-Options": [
          "nosniff"
        ],
        "Date": [
          "Thu, 09 Jan 2020 02:10:28 GMT"
        ],
        "Content-Type": [
          "application/json; charset=utf-8"
        ],
        "Expires": [
          "-1"
        ],
        "Content-Length": [
          "135"
        ],
        "Retry-After": [
          "0"
        ]
      },
      "ResponseBody": "{\r\n  \"error\": {\r\n    \"code\": \"MissingSubscription\",\r\n    \"message\": \"The request did not have a subscription or a valid tenant level resource provider.\"\r\n  }\r\n}",
      "StatusCode": 404
    },
    {
      "RequestUri": "/someScope/providers/Microsoft.Authorization/policyassignments/someName?api-version=2019-09-01",
      "EncodedRequestUri": "L3NvbWVTY29wZS9wcm92aWRlcnMvTWljcm9zb2Z0LkF1dGhvcml6YXRpb24vcG9saWN5YXNzaWdubWVudHMvc29tZU5hbWU/YXBpLXZlcnNpb249MjAxOS0wOS0wMQ==",
      "RequestMethod": "GET",
      "RequestBody": "",
      "RequestHeaders": {
        "User-Agent": [
          "AzurePowershell/v1.0.0",
          "PSVersion/v6.1.0"
        ],
        "ParameterSetName": [
          "NameParameterSet"
        ],
        "CommandName": [
          "Set-AzPolicyAssignment"
        ]
      },
      "ResponseHeaders": {
        "Cache-Control": [
          "no-cache"
        ],
        "Pragma": [
          "no-cache"
        ],
        "x-ms-failure-cause": [
          "gateway"
        ],
        "x-ms-request-id": [
          "1d496230-ba13-4f37-8bb9-726d0f164116"
        ],
        "x-ms-correlation-request-id": [
          "1d496230-ba13-4f37-8bb9-726d0f164116"
        ],
        "x-ms-routing-request-id": [
          "WESTUS:20200109T021028Z:1d496230-ba13-4f37-8bb9-726d0f164116"
        ],
        "Strict-Transport-Security": [
          "max-age=31536000; includeSubDomains"
        ],
        "X-Content-Type-Options": [
          "nosniff"
        ],
        "Date": [
          "Thu, 09 Jan 2020 02:10:28 GMT"
        ],
        "Content-Type": [
          "application/json; charset=utf-8"
        ],
        "Expires": [
          "-1"
        ],
        "Content-Length": [
          "135"
        ],
        "Retry-After": [
          "0"
        ]
      },
      "ResponseBody": "{\r\n  \"error\": {\r\n    \"code\": \"MissingSubscription\",\r\n    \"message\": \"The request did not have a subscription or a valid tenant level resource provider.\"\r\n  }\r\n}",
      "StatusCode": 404
    },
    {
      "RequestUri": "/someScope/providers/Microsoft.Authorization/policyassignments/someName?api-version=2019-09-01",
      "EncodedRequestUri": "L3NvbWVTY29wZS9wcm92aWRlcnMvTWljcm9zb2Z0LkF1dGhvcml6YXRpb24vcG9saWN5YXNzaWdubWVudHMvc29tZU5hbWU/YXBpLXZlcnNpb249MjAxOS0wOS0wMQ==",
      "RequestMethod": "GET",
      "RequestBody": "",
      "RequestHeaders": {
        "User-Agent": [
          "AzurePowershell/v1.0.0",
          "PSVersion/v6.1.0"
        ],
        "ParameterSetName": [
          "NameParameterSet"
        ],
        "CommandName": [
          "Set-AzPolicyAssignment"
        ]
      },
      "ResponseHeaders": {
        "Cache-Control": [
          "no-cache"
        ],
        "Pragma": [
          "no-cache"
        ],
        "x-ms-failure-cause": [
          "gateway"
        ],
        "x-ms-request-id": [
          "bd629f31-d528-4181-8ef5-bf866f40250b"
        ],
        "x-ms-correlation-request-id": [
          "bd629f31-d528-4181-8ef5-bf866f40250b"
        ],
        "x-ms-routing-request-id": [
          "WESTUS:20200109T021029Z:bd629f31-d528-4181-8ef5-bf866f40250b"
        ],
        "Strict-Transport-Security": [
          "max-age=31536000; includeSubDomains"
        ],
        "X-Content-Type-Options": [
          "nosniff"
        ],
        "Date": [
          "Thu, 09 Jan 2020 02:10:28 GMT"
        ],
        "Content-Type": [
          "application/json; charset=utf-8"
        ],
        "Expires": [
          "-1"
        ],
        "Content-Length": [
          "135"
        ],
        "Retry-After": [
          "0"
        ]
      },
      "ResponseBody": "{\r\n  \"error\": {\r\n    \"code\": \"MissingSubscription\",\r\n    \"message\": \"The request did not have a subscription or a valid tenant level resource provider.\"\r\n  }\r\n}",
      "StatusCode": 404
    },
    {
      "RequestUri": "/someScope/providers/Microsoft.Authorization/policyassignments/someName?api-version=2019-09-01",
      "EncodedRequestUri": "L3NvbWVTY29wZS9wcm92aWRlcnMvTWljcm9zb2Z0LkF1dGhvcml6YXRpb24vcG9saWN5YXNzaWdubWVudHMvc29tZU5hbWU/YXBpLXZlcnNpb249MjAxOS0wOS0wMQ==",
      "RequestMethod": "GET",
      "RequestBody": "",
      "RequestHeaders": {
        "User-Agent": [
          "AzurePowershell/v1.0.0",
          "PSVersion/v6.1.0"
        ],
        "ParameterSetName": [
          "NameParameterSet"
        ],
        "CommandName": [
          "Set-AzPolicyAssignment"
        ]
      },
      "ResponseHeaders": {
        "Cache-Control": [
          "no-cache"
        ],
        "Pragma": [
          "no-cache"
        ],
        "x-ms-failure-cause": [
          "gateway"
        ],
        "x-ms-request-id": [
          "d9cfb6b6-270e-48c2-abc9-9e7259ea9072"
        ],
        "x-ms-correlation-request-id": [
          "d9cfb6b6-270e-48c2-abc9-9e7259ea9072"
        ],
        "x-ms-routing-request-id": [
          "WESTUS:20200109T021029Z:d9cfb6b6-270e-48c2-abc9-9e7259ea9072"
        ],
        "Strict-Transport-Security": [
          "max-age=31536000; includeSubDomains"
        ],
        "X-Content-Type-Options": [
          "nosniff"
        ],
        "Date": [
          "Thu, 09 Jan 2020 02:10:28 GMT"
        ],
        "Content-Type": [
          "application/json; charset=utf-8"
        ],
        "Expires": [
          "-1"
        ],
        "Content-Length": [
          "135"
        ],
        "Retry-After": [
          "0"
        ]
      },
      "ResponseBody": "{\r\n  \"error\": {\r\n    \"code\": \"MissingSubscription\",\r\n    \"message\": \"The request did not have a subscription or a valid tenant level resource provider.\"\r\n  }\r\n}",
      "StatusCode": 404
    },
    {
      "RequestUri": "/someScope/providers/Microsoft.Authorization/policyassignments/someName?api-version=2019-09-01",
      "EncodedRequestUri": "L3NvbWVTY29wZS9wcm92aWRlcnMvTWljcm9zb2Z0LkF1dGhvcml6YXRpb24vcG9saWN5YXNzaWdubWVudHMvc29tZU5hbWU/YXBpLXZlcnNpb249MjAxOS0wOS0wMQ==",
      "RequestMethod": "GET",
      "RequestBody": "",
      "RequestHeaders": {
        "User-Agent": [
          "AzurePowershell/v1.0.0",
          "PSVersion/v6.1.0"
        ],
        "ParameterSetName": [
          "PolicyParameterNameObjectParameterSet"
        ],
        "CommandName": [
          "Set-AzPolicyAssignment"
        ]
      },
      "ResponseHeaders": {
        "Cache-Control": [
          "no-cache"
        ],
        "Pragma": [
          "no-cache"
        ],
        "x-ms-failure-cause": [
          "gateway"
        ],
        "x-ms-request-id": [
          "01d18b63-bb57-4c9a-b720-673a5c62f216"
        ],
        "x-ms-correlation-request-id": [
          "01d18b63-bb57-4c9a-b720-673a5c62f216"
        ],
        "x-ms-routing-request-id": [
          "WESTUS:20200109T021029Z:01d18b63-bb57-4c9a-b720-673a5c62f216"
        ],
        "Strict-Transport-Security": [
          "max-age=31536000; includeSubDomains"
        ],
        "X-Content-Type-Options": [
          "nosniff"
        ],
        "Date": [
          "Thu, 09 Jan 2020 02:10:28 GMT"
        ],
        "Content-Type": [
          "application/json; charset=utf-8"
        ],
        "Expires": [
          "-1"
        ],
        "Content-Length": [
          "135"
        ],
        "Retry-After": [
          "0"
        ]
      },
      "ResponseBody": "{\r\n  \"error\": {\r\n    \"code\": \"MissingSubscription\",\r\n    \"message\": \"The request did not have a subscription or a valid tenant level resource provider.\"\r\n  }\r\n}",
      "StatusCode": 404
    },
    {
      "RequestUri": "/someScope/providers/Microsoft.Authorization/policyassignments/someName?api-version=2019-09-01",
      "EncodedRequestUri": "L3NvbWVTY29wZS9wcm92aWRlcnMvTWljcm9zb2Z0LkF1dGhvcml6YXRpb24vcG9saWN5YXNzaWdubWVudHMvc29tZU5hbWU/YXBpLXZlcnNpb249MjAxOS0wOS0wMQ==",
      "RequestMethod": "GET",
      "RequestBody": "",
      "RequestHeaders": {
        "User-Agent": [
          "AzurePowershell/v1.0.0",
          "PSVersion/v6.1.0"
        ],
        "ParameterSetName": [
          "PolicyParameterNameStringParameterSet"
        ],
        "CommandName": [
          "Set-AzPolicyAssignment"
        ]
      },
      "ResponseHeaders": {
        "Cache-Control": [
          "no-cache"
        ],
        "Pragma": [
          "no-cache"
        ],
        "x-ms-failure-cause": [
          "gateway"
        ],
        "x-ms-request-id": [
          "4c309aa1-ff00-4399-8d4d-ea2a311c7d4f"
        ],
        "x-ms-correlation-request-id": [
          "4c309aa1-ff00-4399-8d4d-ea2a311c7d4f"
        ],
        "x-ms-routing-request-id": [
          "WESTUS:20200109T021029Z:4c309aa1-ff00-4399-8d4d-ea2a311c7d4f"
        ],
        "Strict-Transport-Security": [
          "max-age=31536000; includeSubDomains"
        ],
        "X-Content-Type-Options": [
          "nosniff"
        ],
        "Date": [
          "Thu, 09 Jan 2020 02:10:28 GMT"
        ],
        "Content-Type": [
          "application/json; charset=utf-8"
        ],
        "Expires": [
          "-1"
        ],
        "Content-Length": [
          "135"
        ],
        "Retry-After": [
          "0"
        ]
      },
      "ResponseBody": "{\r\n  \"error\": {\r\n    \"code\": \"MissingSubscription\",\r\n    \"message\": \"The request did not have a subscription or a valid tenant level resource provider.\"\r\n  }\r\n}",
      "StatusCode": 404
    },
    {
      "RequestUri": "/someScope/providers/Microsoft.Authorization/policyassignments/someName?api-version=2019-09-01",
      "EncodedRequestUri": "L3NvbWVTY29wZS9wcm92aWRlcnMvTWljcm9zb2Z0LkF1dGhvcml6YXRpb24vcG9saWN5YXNzaWdubWVudHMvc29tZU5hbWU/YXBpLXZlcnNpb249MjAxOS0wOS0wMQ==",
      "RequestMethod": "GET",
      "RequestBody": "",
      "RequestHeaders": {
        "User-Agent": [
          "AzurePowershell/v1.0.0",
          "PSVersion/v6.1.0"
        ],
        "ParameterSetName": [
          "NameParameterSet"
        ],
        "CommandName": [
          "Set-AzPolicyAssignment"
        ]
      },
      "ResponseHeaders": {
        "Cache-Control": [
          "no-cache"
        ],
        "Pragma": [
          "no-cache"
        ],
        "x-ms-failure-cause": [
          "gateway"
        ],
        "x-ms-request-id": [
          "77a33990-5dc4-4f02-9a35-7affee9fca59"
        ],
        "x-ms-correlation-request-id": [
          "77a33990-5dc4-4f02-9a35-7affee9fca59"
        ],
        "x-ms-routing-request-id": [
          "WESTUS:20200109T021029Z:77a33990-5dc4-4f02-9a35-7affee9fca59"
        ],
        "Strict-Transport-Security": [
          "max-age=31536000; includeSubDomains"
        ],
        "X-Content-Type-Options": [
          "nosniff"
        ],
        "Date": [
          "Thu, 09 Jan 2020 02:10:29 GMT"
        ],
        "Content-Type": [
          "application/json; charset=utf-8"
        ],
        "Expires": [
          "-1"
        ],
        "Content-Length": [
          "135"
        ],
        "Retry-After": [
          "0"
        ]
      },
      "ResponseBody": "{\r\n  \"error\": {\r\n    \"code\": \"MissingSubscription\",\r\n    \"message\": \"The request did not have a subscription or a valid tenant level resource provider.\"\r\n  }\r\n}",
      "StatusCode": 404
    },
    {
      "RequestUri": "/someScope/providers/Microsoft.Authorization/policyassignments/someName?api-version=2019-09-01",
      "EncodedRequestUri": "L3NvbWVTY29wZS9wcm92aWRlcnMvTWljcm9zb2Z0LkF1dGhvcml6YXRpb24vcG9saWN5YXNzaWdubWVudHMvc29tZU5hbWU/YXBpLXZlcnNpb249MjAxOS0wOS0wMQ==",
      "RequestMethod": "GET",
      "RequestBody": "",
      "RequestHeaders": {
        "User-Agent": [
          "AzurePowershell/v1.0.0",
          "PSVersion/v6.1.0"
        ],
        "ParameterSetName": [
          "NameParameterSet"
        ],
        "CommandName": [
          "Set-AzPolicyAssignment"
        ]
      },
      "ResponseHeaders": {
        "Cache-Control": [
          "no-cache"
        ],
        "Pragma": [
          "no-cache"
        ],
        "x-ms-failure-cause": [
          "gateway"
        ],
        "x-ms-request-id": [
          "27e78f37-49e8-400e-a560-92342d68b349"
        ],
        "x-ms-correlation-request-id": [
          "27e78f37-49e8-400e-a560-92342d68b349"
        ],
        "x-ms-routing-request-id": [
          "WESTUS:20200109T021029Z:27e78f37-49e8-400e-a560-92342d68b349"
        ],
        "Strict-Transport-Security": [
          "max-age=31536000; includeSubDomains"
        ],
        "X-Content-Type-Options": [
          "nosniff"
        ],
        "Date": [
          "Thu, 09 Jan 2020 02:10:28 GMT"
        ],
        "Content-Type": [
          "application/json; charset=utf-8"
        ],
        "Expires": [
          "-1"
        ],
        "Content-Length": [
          "135"
        ],
        "Retry-After": [
          "0"
        ]
      },
      "ResponseBody": "{\r\n  \"error\": {\r\n    \"code\": \"MissingSubscription\",\r\n    \"message\": \"The request did not have a subscription or a valid tenant level resource provider.\"\r\n  }\r\n}",
      "StatusCode": 404
    },
    {
      "RequestUri": "/someScope/providers/Microsoft.Authorization/policyassignments/someName?api-version=2019-09-01",
      "EncodedRequestUri": "L3NvbWVTY29wZS9wcm92aWRlcnMvTWljcm9zb2Z0LkF1dGhvcml6YXRpb24vcG9saWN5YXNzaWdubWVudHMvc29tZU5hbWU/YXBpLXZlcnNpb249MjAxOS0wOS0wMQ==",
      "RequestMethod": "GET",
      "RequestBody": "",
      "RequestHeaders": {
        "User-Agent": [
          "AzurePowershell/v1.0.0",
          "PSVersion/v6.1.0"
        ],
        "ParameterSetName": [
          "PolicyParameterNameObjectParameterSet"
        ],
        "CommandName": [
          "Set-AzPolicyAssignment"
        ]
      },
      "ResponseHeaders": {
        "Cache-Control": [
          "no-cache"
        ],
        "Pragma": [
          "no-cache"
        ],
        "x-ms-failure-cause": [
          "gateway"
        ],
        "x-ms-request-id": [
          "60ece5e9-47d4-4316-bdb4-9d829d3fbcd7"
        ],
        "x-ms-correlation-request-id": [
          "60ece5e9-47d4-4316-bdb4-9d829d3fbcd7"
        ],
        "x-ms-routing-request-id": [
          "WESTUS:20200109T021029Z:60ece5e9-47d4-4316-bdb4-9d829d3fbcd7"
        ],
        "Strict-Transport-Security": [
          "max-age=31536000; includeSubDomains"
        ],
        "X-Content-Type-Options": [
          "nosniff"
        ],
        "Date": [
          "Thu, 09 Jan 2020 02:10:29 GMT"
        ],
        "Content-Type": [
          "application/json; charset=utf-8"
        ],
        "Expires": [
          "-1"
        ],
        "Content-Length": [
          "135"
        ],
        "Retry-After": [
          "0"
        ]
      },
      "ResponseBody": "{\r\n  \"error\": {\r\n    \"code\": \"MissingSubscription\",\r\n    \"message\": \"The request did not have a subscription or a valid tenant level resource provider.\"\r\n  }\r\n}",
      "StatusCode": 404
    },
    {
      "RequestUri": "/someScope/providers/Microsoft.Authorization/policyassignments/someName?api-version=2019-09-01",
      "EncodedRequestUri": "L3NvbWVTY29wZS9wcm92aWRlcnMvTWljcm9zb2Z0LkF1dGhvcml6YXRpb24vcG9saWN5YXNzaWdubWVudHMvc29tZU5hbWU/YXBpLXZlcnNpb249MjAxOS0wOS0wMQ==",
      "RequestMethod": "GET",
      "RequestBody": "",
      "RequestHeaders": {
        "User-Agent": [
          "AzurePowershell/v1.0.0",
          "PSVersion/v6.1.0"
        ],
        "ParameterSetName": [
          "PolicyParameterNameStringParameterSet"
        ],
        "CommandName": [
          "Set-AzPolicyAssignment"
        ]
      },
      "ResponseHeaders": {
        "Cache-Control": [
          "no-cache"
        ],
        "Pragma": [
          "no-cache"
        ],
        "x-ms-failure-cause": [
          "gateway"
        ],
        "x-ms-request-id": [
          "566d361c-f78a-4af1-b84e-7c5b0ef5efd3"
        ],
        "x-ms-correlation-request-id": [
          "566d361c-f78a-4af1-b84e-7c5b0ef5efd3"
        ],
        "x-ms-routing-request-id": [
          "WESTUS:20200109T021029Z:566d361c-f78a-4af1-b84e-7c5b0ef5efd3"
        ],
        "Strict-Transport-Security": [
          "max-age=31536000; includeSubDomains"
        ],
        "X-Content-Type-Options": [
          "nosniff"
        ],
        "Date": [
          "Thu, 09 Jan 2020 02:10:29 GMT"
        ],
        "Content-Type": [
          "application/json; charset=utf-8"
        ],
        "Expires": [
          "-1"
        ],
        "Content-Length": [
          "135"
        ],
        "Retry-After": [
          "0"
        ]
      },
      "ResponseBody": "{\r\n  \"error\": {\r\n    \"code\": \"MissingSubscription\",\r\n    \"message\": \"The request did not have a subscription or a valid tenant level resource provider.\"\r\n  }\r\n}",
      "StatusCode": 404
    },
    {
      "RequestUri": "/someScope/providers/Microsoft.Authorization/policyassignments/someName?api-version=2019-09-01",
      "EncodedRequestUri": "L3NvbWVTY29wZS9wcm92aWRlcnMvTWljcm9zb2Z0LkF1dGhvcml6YXRpb24vcG9saWN5YXNzaWdubWVudHMvc29tZU5hbWU/YXBpLXZlcnNpb249MjAxOS0wOS0wMQ==",
      "RequestMethod": "GET",
      "RequestBody": "",
      "RequestHeaders": {
        "User-Agent": [
          "AzurePowershell/v1.0.0",
          "PSVersion/v6.1.0"
        ],
        "ParameterSetName": [
          "NameParameterSet"
        ],
        "CommandName": [
          "Set-AzPolicyAssignment"
        ]
      },
      "ResponseHeaders": {
        "Cache-Control": [
          "no-cache"
        ],
        "Pragma": [
          "no-cache"
        ],
        "x-ms-failure-cause": [
          "gateway"
        ],
        "x-ms-request-id": [
          "dc5fa0f2-7c17-4f06-a0d4-c57068384a6d"
        ],
        "x-ms-correlation-request-id": [
          "dc5fa0f2-7c17-4f06-a0d4-c57068384a6d"
        ],
        "x-ms-routing-request-id": [
          "WESTUS:20200109T021030Z:dc5fa0f2-7c17-4f06-a0d4-c57068384a6d"
        ],
        "Strict-Transport-Security": [
          "max-age=31536000; includeSubDomains"
        ],
        "X-Content-Type-Options": [
          "nosniff"
        ],
        "Date": [
          "Thu, 09 Jan 2020 02:10:29 GMT"
        ],
        "Content-Type": [
          "application/json; charset=utf-8"
        ],
        "Expires": [
          "-1"
        ],
        "Content-Length": [
          "135"
        ],
        "Retry-After": [
          "0"
        ]
      },
      "ResponseBody": "{\r\n  \"error\": {\r\n    \"code\": \"MissingSubscription\",\r\n    \"message\": \"The request did not have a subscription or a valid tenant level resource provider.\"\r\n  }\r\n}",
      "StatusCode": 404
    },
    {
      "RequestUri": "/someScope/providers/Microsoft.Authorization/policyassignments/someName?api-version=2019-09-01",
      "EncodedRequestUri": "L3NvbWVTY29wZS9wcm92aWRlcnMvTWljcm9zb2Z0LkF1dGhvcml6YXRpb24vcG9saWN5YXNzaWdubWVudHMvc29tZU5hbWU/YXBpLXZlcnNpb249MjAxOS0wOS0wMQ==",
      "RequestMethod": "GET",
      "RequestBody": "",
      "RequestHeaders": {
        "User-Agent": [
          "AzurePowershell/v1.0.0",
          "PSVersion/v6.1.0"
        ],
        "ParameterSetName": [
          "NameParameterSet"
        ],
        "CommandName": [
          "Set-AzPolicyAssignment"
        ]
      },
      "ResponseHeaders": {
        "Cache-Control": [
          "no-cache"
        ],
        "Pragma": [
          "no-cache"
        ],
        "x-ms-failure-cause": [
          "gateway"
        ],
        "x-ms-request-id": [
          "e873efa7-6f53-429a-a6e5-17000b565dad"
        ],
        "x-ms-correlation-request-id": [
          "e873efa7-6f53-429a-a6e5-17000b565dad"
        ],
        "x-ms-routing-request-id": [
          "WESTUS:20200109T021030Z:e873efa7-6f53-429a-a6e5-17000b565dad"
        ],
        "Strict-Transport-Security": [
          "max-age=31536000; includeSubDomains"
        ],
        "X-Content-Type-Options": [
          "nosniff"
        ],
        "Date": [
          "Thu, 09 Jan 2020 02:10:29 GMT"
        ],
        "Content-Type": [
          "application/json; charset=utf-8"
        ],
        "Expires": [
          "-1"
        ],
        "Content-Length": [
          "135"
        ],
        "Retry-After": [
          "0"
        ]
      },
      "ResponseBody": "{\r\n  \"error\": {\r\n    \"code\": \"MissingSubscription\",\r\n    \"message\": \"The request did not have a subscription or a valid tenant level resource provider.\"\r\n  }\r\n}",
      "StatusCode": 404
    },
    {
      "RequestUri": "/someScope/providers/Microsoft.Authorization/policyassignments/someName?api-version=2019-09-01",
      "EncodedRequestUri": "L3NvbWVTY29wZS9wcm92aWRlcnMvTWljcm9zb2Z0LkF1dGhvcml6YXRpb24vcG9saWN5YXNzaWdubWVudHMvc29tZU5hbWU/YXBpLXZlcnNpb249MjAxOS0wOS0wMQ==",
      "RequestMethod": "GET",
      "RequestBody": "",
      "RequestHeaders": {
        "User-Agent": [
          "AzurePowershell/v1.0.0",
          "PSVersion/v6.1.0"
        ],
        "ParameterSetName": [
          "PolicyParameterNameObjectParameterSet"
        ],
        "CommandName": [
          "Set-AzPolicyAssignment"
        ]
      },
      "ResponseHeaders": {
        "Cache-Control": [
          "no-cache"
        ],
        "Pragma": [
          "no-cache"
        ],
        "x-ms-failure-cause": [
          "gateway"
        ],
        "x-ms-request-id": [
          "5894afa2-f69c-4104-ad6c-52b70e176207"
        ],
        "x-ms-correlation-request-id": [
          "5894afa2-f69c-4104-ad6c-52b70e176207"
        ],
        "x-ms-routing-request-id": [
          "WESTUS:20200109T021030Z:5894afa2-f69c-4104-ad6c-52b70e176207"
        ],
        "Strict-Transport-Security": [
          "max-age=31536000; includeSubDomains"
        ],
        "X-Content-Type-Options": [
          "nosniff"
        ],
        "Date": [
          "Thu, 09 Jan 2020 02:10:29 GMT"
        ],
        "Content-Type": [
          "application/json; charset=utf-8"
        ],
        "Expires": [
          "-1"
        ],
        "Content-Length": [
          "135"
        ],
        "Retry-After": [
          "0"
        ]
      },
      "ResponseBody": "{\r\n  \"error\": {\r\n    \"code\": \"MissingSubscription\",\r\n    \"message\": \"The request did not have a subscription or a valid tenant level resource provider.\"\r\n  }\r\n}",
      "StatusCode": 404
    },
    {
      "RequestUri": "/someScope/providers/Microsoft.Authorization/policyassignments/someName?api-version=2019-09-01",
      "EncodedRequestUri": "L3NvbWVTY29wZS9wcm92aWRlcnMvTWljcm9zb2Z0LkF1dGhvcml6YXRpb24vcG9saWN5YXNzaWdubWVudHMvc29tZU5hbWU/YXBpLXZlcnNpb249MjAxOS0wOS0wMQ==",
      "RequestMethod": "GET",
      "RequestBody": "",
      "RequestHeaders": {
        "User-Agent": [
          "AzurePowershell/v1.0.0",
          "PSVersion/v6.1.0"
        ],
        "ParameterSetName": [
          "PolicyParameterNameObjectParameterSet"
        ],
        "CommandName": [
          "Set-AzPolicyAssignment"
        ]
      },
      "ResponseHeaders": {
        "Cache-Control": [
          "no-cache"
        ],
        "Pragma": [
          "no-cache"
        ],
        "x-ms-failure-cause": [
          "gateway"
        ],
        "x-ms-request-id": [
          "2a8c7c90-ca27-41a5-84b3-b5f44be50130"
        ],
        "x-ms-correlation-request-id": [
          "2a8c7c90-ca27-41a5-84b3-b5f44be50130"
        ],
        "x-ms-routing-request-id": [
          "WESTUS:20200109T021030Z:2a8c7c90-ca27-41a5-84b3-b5f44be50130"
        ],
        "Strict-Transport-Security": [
          "max-age=31536000; includeSubDomains"
        ],
        "X-Content-Type-Options": [
          "nosniff"
        ],
        "Date": [
          "Thu, 09 Jan 2020 02:10:29 GMT"
        ],
        "Content-Type": [
          "application/json; charset=utf-8"
        ],
        "Expires": [
          "-1"
        ],
        "Content-Length": [
          "135"
        ],
        "Retry-After": [
          "0"
        ]
      },
      "ResponseBody": "{\r\n  \"error\": {\r\n    \"code\": \"MissingSubscription\",\r\n    \"message\": \"The request did not have a subscription or a valid tenant level resource provider.\"\r\n  }\r\n}",
      "StatusCode": 404
    },
    {
      "RequestUri": "/someScope/providers/Microsoft.Authorization/policyassignments/someName?api-version=2019-09-01",
      "EncodedRequestUri": "L3NvbWVTY29wZS9wcm92aWRlcnMvTWljcm9zb2Z0LkF1dGhvcml6YXRpb24vcG9saWN5YXNzaWdubWVudHMvc29tZU5hbWU/YXBpLXZlcnNpb249MjAxOS0wOS0wMQ==",
      "RequestMethod": "GET",
      "RequestBody": "",
      "RequestHeaders": {
        "User-Agent": [
          "AzurePowershell/v1.0.0",
          "PSVersion/v6.1.0"
        ],
        "ParameterSetName": [
          "PolicyParameterNameObjectParameterSet"
        ],
        "CommandName": [
          "Set-AzPolicyAssignment"
        ]
      },
      "ResponseHeaders": {
        "Cache-Control": [
          "no-cache"
        ],
        "Pragma": [
          "no-cache"
        ],
        "x-ms-failure-cause": [
          "gateway"
        ],
        "x-ms-request-id": [
          "213e9190-fa1c-4de8-9850-dc70ad96428c"
        ],
        "x-ms-correlation-request-id": [
          "213e9190-fa1c-4de8-9850-dc70ad96428c"
        ],
        "x-ms-routing-request-id": [
          "WESTUS:20200109T021030Z:213e9190-fa1c-4de8-9850-dc70ad96428c"
        ],
        "Strict-Transport-Security": [
          "max-age=31536000; includeSubDomains"
        ],
        "X-Content-Type-Options": [
          "nosniff"
        ],
        "Date": [
          "Thu, 09 Jan 2020 02:10:29 GMT"
        ],
        "Content-Type": [
          "application/json; charset=utf-8"
        ],
        "Expires": [
          "-1"
        ],
        "Content-Length": [
          "135"
        ],
        "Retry-After": [
          "0"
        ]
      },
      "ResponseBody": "{\r\n  \"error\": {\r\n    \"code\": \"MissingSubscription\",\r\n    \"message\": \"The request did not have a subscription or a valid tenant level resource provider.\"\r\n  }\r\n}",
      "StatusCode": 404
    },
    {
      "RequestUri": "/subscriptions/40d77f8e-5982-4e7e-bafa-b7cd23b123e6/providers/Microsoft.Authorization/policyAssignments/someName?api-version=2019-09-01",
      "EncodedRequestUri": "L3N1YnNjcmlwdGlvbnMvNDBkNzdmOGUtNTk4Mi00ZTdlLWJhZmEtYjdjZDIzYjEyM2U2L3Byb3ZpZGVycy9NaWNyb3NvZnQuQXV0aG9yaXphdGlvbi9wb2xpY3lBc3NpZ25tZW50cy9zb21lTmFtZT9hcGktdmVyc2lvbj0yMDE5LTA5LTAx",
      "RequestMethod": "GET",
      "RequestBody": "",
      "RequestHeaders": {
        "User-Agent": [
          "AzurePowershell/v1.0.0",
          "PSVersion/v6.1.0"
        ],
        "ParameterSetName": [
          "IdParameterSet"
        ],
        "CommandName": [
          "Set-AzPolicyAssignment"
        ]
      },
      "ResponseHeaders": {
        "Cache-Control": [
          "no-cache"
        ],
        "Pragma": [
          "no-cache"
        ],
        "x-ms-request-id": [
          "westus:253af1e8-f846-41f2-80fa-d231a388ee66"
        ],
        "x-ms-ratelimit-remaining-subscription-reads": [
          "11999"
        ],
        "x-ms-correlation-request-id": [
          "3f9131be-fa86-43a9-87ab-484091c9d874"
        ],
        "x-ms-routing-request-id": [
          "WESTUS:20200109T021030Z:3f9131be-fa86-43a9-87ab-484091c9d874"
        ],
        "Strict-Transport-Security": [
          "max-age=31536000; includeSubDomains"
        ],
        "X-Content-Type-Options": [
          "nosniff"
        ],
        "Date": [
          "Thu, 09 Jan 2020 02:10:30 GMT"
        ],
        "Content-Length": [
          "104"
        ],
        "Content-Type": [
          "application/json; charset=utf-8"
        ],
        "Expires": [
          "-1"
        ],
        "Retry-After": [
          "0"
        ]
      },
      "ResponseBody": "{\r\n  \"error\": {\r\n    \"code\": \"PolicyAssignmentNotFound\",\r\n    \"message\": \"The policy assignment 'someName' is not found.\"\r\n  }\r\n}",
      "StatusCode": 404
    },
    {
      "RequestUri": "/someId?api-version=2019-09-01",
      "EncodedRequestUri": "L3NvbWVJZD9hcGktdmVyc2lvbj0yMDE5LTA5LTAx",
      "RequestMethod": "GET",
      "RequestBody": "",
      "RequestHeaders": {
        "User-Agent": [
          "AzurePowershell/v1.0.0",
          "PSVersion/v6.1.0"
        ],
        "ParameterSetName": [
          "IdParameterSet"
        ],
        "CommandName": [
          "Set-AzPolicyAssignment"
        ]
      },
      "ResponseHeaders": {
        "Cache-Control": [
          "no-cache"
        ],
        "Pragma": [
          "no-cache"
        ],
        "x-ms-failure-cause": [
          "gateway"
        ],
        "x-ms-request-id": [
          "543e7801-435c-4fe4-8a55-c3cb402b8b46"
        ],
        "x-ms-correlation-request-id": [
          "543e7801-435c-4fe4-8a55-c3cb402b8b46"
        ],
        "x-ms-routing-request-id": [
          "WESTUS:20200109T021030Z:543e7801-435c-4fe4-8a55-c3cb402b8b46"
        ],
        "Strict-Transport-Security": [
          "max-age=31536000; includeSubDomains"
        ],
        "X-Content-Type-Options": [
          "nosniff"
        ],
        "Date": [
          "Thu, 09 Jan 2020 02:10:29 GMT"
        ],
        "Content-Type": [
          "application/json; charset=utf-8"
        ],
        "Expires": [
          "-1"
        ],
        "Content-Length": [
          "135"
        ],
        "Retry-After": [
          "0"
        ]
      },
      "ResponseBody": "{\r\n  \"error\": {\r\n    \"code\": \"MissingSubscription\",\r\n    \"message\": \"The request did not have a subscription or a valid tenant level resource provider.\"\r\n  }\r\n}",
      "StatusCode": 404
    },
    {
      "RequestUri": "/someId?api-version=2019-09-01",
      "EncodedRequestUri": "L3NvbWVJZD9hcGktdmVyc2lvbj0yMDE5LTA5LTAx",
      "RequestMethod": "GET",
      "RequestBody": "",
      "RequestHeaders": {
        "User-Agent": [
          "AzurePowershell/v1.0.0",
          "PSVersion/v6.1.0"
        ],
        "ParameterSetName": [
          "IdParameterSet"
        ],
        "CommandName": [
          "Set-AzPolicyAssignment"
        ]
      },
      "ResponseHeaders": {
        "Cache-Control": [
          "no-cache"
        ],
        "Pragma": [
          "no-cache"
        ],
        "x-ms-failure-cause": [
          "gateway"
        ],
        "x-ms-request-id": [
          "6383a931-b783-4c25-b6d0-f6e0d9bc2a45"
        ],
        "x-ms-correlation-request-id": [
          "6383a931-b783-4c25-b6d0-f6e0d9bc2a45"
        ],
        "x-ms-routing-request-id": [
          "WESTUS:20200109T021030Z:6383a931-b783-4c25-b6d0-f6e0d9bc2a45"
        ],
        "Strict-Transport-Security": [
          "max-age=31536000; includeSubDomains"
        ],
        "X-Content-Type-Options": [
          "nosniff"
        ],
        "Date": [
          "Thu, 09 Jan 2020 02:10:30 GMT"
        ],
        "Content-Type": [
          "application/json; charset=utf-8"
        ],
        "Expires": [
          "-1"
        ],
        "Content-Length": [
          "135"
        ],
        "Retry-After": [
          "0"
        ]
      },
      "ResponseBody": "{\r\n  \"error\": {\r\n    \"code\": \"MissingSubscription\",\r\n    \"message\": \"The request did not have a subscription or a valid tenant level resource provider.\"\r\n  }\r\n}",
      "StatusCode": 404
    },
    {
      "RequestUri": "/someId?api-version=2019-09-01",
      "EncodedRequestUri": "L3NvbWVJZD9hcGktdmVyc2lvbj0yMDE5LTA5LTAx",
      "RequestMethod": "GET",
      "RequestBody": "",
      "RequestHeaders": {
        "User-Agent": [
          "AzurePowershell/v1.0.0",
          "PSVersion/v6.1.0"
        ],
        "ParameterSetName": [
          "IdParameterSet"
        ],
        "CommandName": [
          "Set-AzPolicyAssignment"
        ]
      },
      "ResponseHeaders": {
        "Cache-Control": [
          "no-cache"
        ],
        "Pragma": [
          "no-cache"
        ],
        "x-ms-failure-cause": [
          "gateway"
        ],
        "x-ms-request-id": [
          "31447c7d-7fd8-494e-9741-9e97de9be771"
        ],
        "x-ms-correlation-request-id": [
          "31447c7d-7fd8-494e-9741-9e97de9be771"
        ],
        "x-ms-routing-request-id": [
          "WESTUS:20200109T021030Z:31447c7d-7fd8-494e-9741-9e97de9be771"
        ],
        "Strict-Transport-Security": [
          "max-age=31536000; includeSubDomains"
        ],
        "X-Content-Type-Options": [
          "nosniff"
        ],
        "Date": [
          "Thu, 09 Jan 2020 02:10:30 GMT"
        ],
        "Content-Type": [
          "application/json; charset=utf-8"
        ],
        "Expires": [
          "-1"
        ],
        "Content-Length": [
          "135"
        ],
        "Retry-After": [
          "0"
        ]
      },
      "ResponseBody": "{\r\n  \"error\": {\r\n    \"code\": \"MissingSubscription\",\r\n    \"message\": \"The request did not have a subscription or a valid tenant level resource provider.\"\r\n  }\r\n}",
      "StatusCode": 404
    },
    {
      "RequestUri": "/someId?api-version=2019-09-01",
      "EncodedRequestUri": "L3NvbWVJZD9hcGktdmVyc2lvbj0yMDE5LTA5LTAx",
      "RequestMethod": "GET",
      "RequestBody": "",
      "RequestHeaders": {
        "User-Agent": [
          "AzurePowershell/v1.0.0",
          "PSVersion/v6.1.0"
        ],
        "ParameterSetName": [
          "IdParameterSet"
        ],
        "CommandName": [
          "Set-AzPolicyAssignment"
        ]
      },
      "ResponseHeaders": {
        "Cache-Control": [
          "no-cache"
        ],
        "Pragma": [
          "no-cache"
        ],
        "x-ms-failure-cause": [
          "gateway"
        ],
        "x-ms-request-id": [
          "52efd436-a2f3-4490-b508-b94106f753d8"
        ],
        "x-ms-correlation-request-id": [
          "52efd436-a2f3-4490-b508-b94106f753d8"
        ],
        "x-ms-routing-request-id": [
          "WESTUS:20200109T021031Z:52efd436-a2f3-4490-b508-b94106f753d8"
        ],
        "Strict-Transport-Security": [
          "max-age=31536000; includeSubDomains"
        ],
        "X-Content-Type-Options": [
          "nosniff"
        ],
        "Date": [
          "Thu, 09 Jan 2020 02:10:30 GMT"
        ],
        "Content-Type": [
          "application/json; charset=utf-8"
        ],
        "Expires": [
          "-1"
        ],
        "Content-Length": [
          "135"
        ],
        "Retry-After": [
          "0"
        ]
      },
      "ResponseBody": "{\r\n  \"error\": {\r\n    \"code\": \"MissingSubscription\",\r\n    \"message\": \"The request did not have a subscription or a valid tenant level resource provider.\"\r\n  }\r\n}",
      "StatusCode": 404
    },
    {
      "RequestUri": "/someId?api-version=2019-09-01",
      "EncodedRequestUri": "L3NvbWVJZD9hcGktdmVyc2lvbj0yMDE5LTA5LTAx",
      "RequestMethod": "GET",
      "RequestBody": "",
      "RequestHeaders": {
        "User-Agent": [
          "AzurePowershell/v1.0.0",
          "PSVersion/v6.1.0"
        ],
        "ParameterSetName": [
          "PolicyParameterIdObjectParameterSet"
        ],
        "CommandName": [
          "Set-AzPolicyAssignment"
        ]
      },
      "ResponseHeaders": {
        "Cache-Control": [
          "no-cache"
        ],
        "Pragma": [
          "no-cache"
        ],
        "x-ms-failure-cause": [
          "gateway"
        ],
        "x-ms-request-id": [
          "4611c2f0-a498-43be-bd95-c532bcfe0d0b"
        ],
        "x-ms-correlation-request-id": [
          "4611c2f0-a498-43be-bd95-c532bcfe0d0b"
        ],
        "x-ms-routing-request-id": [
          "WESTUS:20200109T021031Z:4611c2f0-a498-43be-bd95-c532bcfe0d0b"
        ],
        "Strict-Transport-Security": [
          "max-age=31536000; includeSubDomains"
        ],
        "X-Content-Type-Options": [
          "nosniff"
        ],
        "Date": [
          "Thu, 09 Jan 2020 02:10:30 GMT"
        ],
        "Content-Type": [
          "application/json; charset=utf-8"
        ],
        "Expires": [
          "-1"
        ],
        "Content-Length": [
          "135"
        ],
        "Retry-After": [
          "0"
        ]
      },
      "ResponseBody": "{\r\n  \"error\": {\r\n    \"code\": \"MissingSubscription\",\r\n    \"message\": \"The request did not have a subscription or a valid tenant level resource provider.\"\r\n  }\r\n}",
      "StatusCode": 404
    },
    {
      "RequestUri": "/someId?api-version=2019-09-01",
      "EncodedRequestUri": "L3NvbWVJZD9hcGktdmVyc2lvbj0yMDE5LTA5LTAx",
      "RequestMethod": "GET",
      "RequestBody": "",
      "RequestHeaders": {
        "User-Agent": [
          "AzurePowershell/v1.0.0",
          "PSVersion/v6.1.0"
        ],
        "ParameterSetName": [
          "PolicyParameterIdStringParameterSet"
        ],
        "CommandName": [
          "Set-AzPolicyAssignment"
        ]
      },
      "ResponseHeaders": {
        "Cache-Control": [
          "no-cache"
        ],
        "Pragma": [
          "no-cache"
        ],
        "x-ms-failure-cause": [
          "gateway"
        ],
        "x-ms-request-id": [
          "49e0be1a-3a4b-48ab-9484-411c884c5611"
        ],
        "x-ms-correlation-request-id": [
          "49e0be1a-3a4b-48ab-9484-411c884c5611"
        ],
        "x-ms-routing-request-id": [
          "WESTUS:20200109T021031Z:49e0be1a-3a4b-48ab-9484-411c884c5611"
        ],
        "Strict-Transport-Security": [
          "max-age=31536000; includeSubDomains"
        ],
        "X-Content-Type-Options": [
          "nosniff"
        ],
        "Date": [
          "Thu, 09 Jan 2020 02:10:30 GMT"
        ],
        "Content-Type": [
          "application/json; charset=utf-8"
        ],
        "Expires": [
          "-1"
        ],
        "Content-Length": [
          "135"
        ],
        "Retry-After": [
          "0"
        ]
      },
      "ResponseBody": "{\r\n  \"error\": {\r\n    \"code\": \"MissingSubscription\",\r\n    \"message\": \"The request did not have a subscription or a valid tenant level resource provider.\"\r\n  }\r\n}",
      "StatusCode": 404
    },
    {
      "RequestUri": "/someId?api-version=2019-09-01",
      "EncodedRequestUri": "L3NvbWVJZD9hcGktdmVyc2lvbj0yMDE5LTA5LTAx",
      "RequestMethod": "GET",
      "RequestBody": "",
      "RequestHeaders": {
        "User-Agent": [
          "AzurePowershell/v1.0.0",
          "PSVersion/v6.1.0"
        ],
        "ParameterSetName": [
          "IdParameterSet"
        ],
        "CommandName": [
          "Set-AzPolicyAssignment"
        ]
      },
      "ResponseHeaders": {
        "Cache-Control": [
          "no-cache"
        ],
        "Pragma": [
          "no-cache"
        ],
        "x-ms-failure-cause": [
          "gateway"
        ],
        "x-ms-request-id": [
          "95a93451-892c-4f60-9e81-2a3ed91254c3"
        ],
        "x-ms-correlation-request-id": [
          "95a93451-892c-4f60-9e81-2a3ed91254c3"
        ],
        "x-ms-routing-request-id": [
          "WESTUS:20200109T021031Z:95a93451-892c-4f60-9e81-2a3ed91254c3"
        ],
        "Strict-Transport-Security": [
          "max-age=31536000; includeSubDomains"
        ],
        "X-Content-Type-Options": [
          "nosniff"
        ],
        "Date": [
          "Thu, 09 Jan 2020 02:10:31 GMT"
        ],
        "Content-Type": [
          "application/json; charset=utf-8"
        ],
        "Expires": [
          "-1"
        ],
        "Content-Length": [
          "135"
        ],
        "Retry-After": [
          "0"
        ]
      },
      "ResponseBody": "{\r\n  \"error\": {\r\n    \"code\": \"MissingSubscription\",\r\n    \"message\": \"The request did not have a subscription or a valid tenant level resource provider.\"\r\n  }\r\n}",
      "StatusCode": 404
    },
    {
      "RequestUri": "/someId?api-version=2019-09-01",
      "EncodedRequestUri": "L3NvbWVJZD9hcGktdmVyc2lvbj0yMDE5LTA5LTAx",
      "RequestMethod": "GET",
      "RequestBody": "",
      "RequestHeaders": {
        "User-Agent": [
          "AzurePowershell/v1.0.0",
          "PSVersion/v6.1.0"
        ],
        "ParameterSetName": [
          "IdParameterSet"
        ],
        "CommandName": [
          "Set-AzPolicyAssignment"
        ]
      },
      "ResponseHeaders": {
        "Cache-Control": [
          "no-cache"
        ],
        "Pragma": [
          "no-cache"
        ],
        "x-ms-failure-cause": [
          "gateway"
        ],
        "x-ms-request-id": [
          "7eadf4f9-5cc7-4cda-9e99-bdb4abcb4615"
        ],
        "x-ms-correlation-request-id": [
          "7eadf4f9-5cc7-4cda-9e99-bdb4abcb4615"
        ],
        "x-ms-routing-request-id": [
          "WESTUS:20200109T021031Z:7eadf4f9-5cc7-4cda-9e99-bdb4abcb4615"
        ],
        "Strict-Transport-Security": [
          "max-age=31536000; includeSubDomains"
        ],
        "X-Content-Type-Options": [
          "nosniff"
        ],
        "Date": [
          "Thu, 09 Jan 2020 02:10:30 GMT"
        ],
        "Content-Type": [
          "application/json; charset=utf-8"
        ],
        "Expires": [
          "-1"
        ],
        "Content-Length": [
          "135"
        ],
        "Retry-After": [
          "0"
        ]
      },
      "ResponseBody": "{\r\n  \"error\": {\r\n    \"code\": \"MissingSubscription\",\r\n    \"message\": \"The request did not have a subscription or a valid tenant level resource provider.\"\r\n  }\r\n}",
      "StatusCode": 404
    },
    {
      "RequestUri": "/someId?api-version=2019-09-01",
      "EncodedRequestUri": "L3NvbWVJZD9hcGktdmVyc2lvbj0yMDE5LTA5LTAx",
      "RequestMethod": "GET",
      "RequestBody": "",
      "RequestHeaders": {
        "User-Agent": [
          "AzurePowershell/v1.0.0",
          "PSVersion/v6.1.0"
        ],
        "ParameterSetName": [
          "IdParameterSet"
        ],
        "CommandName": [
          "Set-AzPolicyAssignment"
        ]
      },
      "ResponseHeaders": {
        "Cache-Control": [
          "no-cache"
        ],
        "Pragma": [
          "no-cache"
        ],
        "x-ms-failure-cause": [
          "gateway"
        ],
        "x-ms-request-id": [
          "270f9773-2fc7-4dc2-b0d3-c83f9acd80d7"
        ],
        "x-ms-correlation-request-id": [
          "270f9773-2fc7-4dc2-b0d3-c83f9acd80d7"
        ],
        "x-ms-routing-request-id": [
          "WESTUS:20200109T021031Z:270f9773-2fc7-4dc2-b0d3-c83f9acd80d7"
        ],
        "Strict-Transport-Security": [
          "max-age=31536000; includeSubDomains"
        ],
        "X-Content-Type-Options": [
          "nosniff"
        ],
        "Date": [
          "Thu, 09 Jan 2020 02:10:31 GMT"
        ],
        "Content-Type": [
          "application/json; charset=utf-8"
        ],
        "Expires": [
          "-1"
        ],
        "Content-Length": [
          "135"
        ],
        "Retry-After": [
          "0"
        ]
      },
      "ResponseBody": "{\r\n  \"error\": {\r\n    \"code\": \"MissingSubscription\",\r\n    \"message\": \"The request did not have a subscription or a valid tenant level resource provider.\"\r\n  }\r\n}",
      "StatusCode": 404
    },
    {
      "RequestUri": "/someId?api-version=2019-09-01",
      "EncodedRequestUri": "L3NvbWVJZD9hcGktdmVyc2lvbj0yMDE5LTA5LTAx",
      "RequestMethod": "GET",
      "RequestBody": "",
      "RequestHeaders": {
        "User-Agent": [
          "AzurePowershell/v1.0.0",
          "PSVersion/v6.1.0"
        ],
        "ParameterSetName": [
          "IdParameterSet"
        ],
        "CommandName": [
          "Set-AzPolicyAssignment"
        ]
      },
      "ResponseHeaders": {
        "Cache-Control": [
          "no-cache"
        ],
        "Pragma": [
          "no-cache"
        ],
        "x-ms-failure-cause": [
          "gateway"
        ],
        "x-ms-request-id": [
          "089d7fb9-e3f5-4bdc-ba22-132d0090478e"
        ],
        "x-ms-correlation-request-id": [
          "089d7fb9-e3f5-4bdc-ba22-132d0090478e"
        ],
        "x-ms-routing-request-id": [
          "WESTUS:20200109T021031Z:089d7fb9-e3f5-4bdc-ba22-132d0090478e"
        ],
        "Strict-Transport-Security": [
          "max-age=31536000; includeSubDomains"
        ],
        "X-Content-Type-Options": [
          "nosniff"
        ],
        "Date": [
          "Thu, 09 Jan 2020 02:10:31 GMT"
        ],
        "Content-Type": [
          "application/json; charset=utf-8"
        ],
        "Expires": [
          "-1"
        ],
        "Content-Length": [
          "135"
        ],
        "Retry-After": [
          "0"
        ]
      },
      "ResponseBody": "{\r\n  \"error\": {\r\n    \"code\": \"MissingSubscription\",\r\n    \"message\": \"The request did not have a subscription or a valid tenant level resource provider.\"\r\n  }\r\n}",
      "StatusCode": 404
    },
    {
      "RequestUri": "/someId?api-version=2019-09-01",
      "EncodedRequestUri": "L3NvbWVJZD9hcGktdmVyc2lvbj0yMDE5LTA5LTAx",
      "RequestMethod": "GET",
      "RequestBody": "",
      "RequestHeaders": {
        "User-Agent": [
          "AzurePowershell/v1.0.0",
          "PSVersion/v6.1.0"
        ],
        "ParameterSetName": [
          "IdParameterSet"
        ],
        "CommandName": [
          "Set-AzPolicyAssignment"
        ]
      },
      "ResponseHeaders": {
        "Cache-Control": [
          "no-cache"
        ],
        "Pragma": [
          "no-cache"
        ],
        "x-ms-failure-cause": [
          "gateway"
        ],
        "x-ms-request-id": [
          "3375ba54-b012-4ac0-b7fe-092bce6421b1"
        ],
        "x-ms-correlation-request-id": [
          "3375ba54-b012-4ac0-b7fe-092bce6421b1"
        ],
        "x-ms-routing-request-id": [
          "WESTUS:20200109T021032Z:3375ba54-b012-4ac0-b7fe-092bce6421b1"
        ],
        "Strict-Transport-Security": [
          "max-age=31536000; includeSubDomains"
        ],
        "X-Content-Type-Options": [
          "nosniff"
        ],
        "Date": [
          "Thu, 09 Jan 2020 02:10:31 GMT"
        ],
        "Content-Type": [
          "application/json; charset=utf-8"
        ],
        "Expires": [
          "-1"
        ],
        "Content-Length": [
          "135"
        ],
        "Retry-After": [
          "0"
        ]
      },
      "ResponseBody": "{\r\n  \"error\": {\r\n    \"code\": \"MissingSubscription\",\r\n    \"message\": \"The request did not have a subscription or a valid tenant level resource provider.\"\r\n  }\r\n}",
      "StatusCode": 404
    },
    {
      "RequestUri": "/someId?api-version=2019-09-01",
      "EncodedRequestUri": "L3NvbWVJZD9hcGktdmVyc2lvbj0yMDE5LTA5LTAx",
      "RequestMethod": "GET",
      "RequestBody": "",
      "RequestHeaders": {
        "User-Agent": [
          "AzurePowershell/v1.0.0",
          "PSVersion/v6.1.0"
        ],
        "ParameterSetName": [
          "PolicyParameterIdObjectParameterSet"
        ],
        "CommandName": [
          "Set-AzPolicyAssignment"
        ]
      },
      "ResponseHeaders": {
        "Cache-Control": [
          "no-cache"
        ],
        "Pragma": [
          "no-cache"
        ],
        "x-ms-failure-cause": [
          "gateway"
        ],
        "x-ms-request-id": [
          "b73e95b5-da87-45a7-b103-cf9b7a6a05aa"
        ],
        "x-ms-correlation-request-id": [
          "b73e95b5-da87-45a7-b103-cf9b7a6a05aa"
        ],
        "x-ms-routing-request-id": [
          "WESTUS:20200109T021032Z:b73e95b5-da87-45a7-b103-cf9b7a6a05aa"
        ],
        "Strict-Transport-Security": [
          "max-age=31536000; includeSubDomains"
        ],
        "X-Content-Type-Options": [
          "nosniff"
        ],
        "Date": [
          "Thu, 09 Jan 2020 02:10:32 GMT"
        ],
        "Content-Type": [
          "application/json; charset=utf-8"
        ],
        "Expires": [
          "-1"
        ],
        "Content-Length": [
          "135"
        ],
        "Retry-After": [
          "0"
        ]
      },
      "ResponseBody": "{\r\n  \"error\": {\r\n    \"code\": \"MissingSubscription\",\r\n    \"message\": \"The request did not have a subscription or a valid tenant level resource provider.\"\r\n  }\r\n}",
      "StatusCode": 404
    },
    {
      "RequestUri": "/someId?api-version=2019-09-01",
      "EncodedRequestUri": "L3NvbWVJZD9hcGktdmVyc2lvbj0yMDE5LTA5LTAx",
      "RequestMethod": "GET",
      "RequestBody": "",
      "RequestHeaders": {
        "User-Agent": [
          "AzurePowershell/v1.0.0",
          "PSVersion/v6.1.0"
        ],
        "ParameterSetName": [
          "PolicyParameterIdStringParameterSet"
        ],
        "CommandName": [
          "Set-AzPolicyAssignment"
        ]
      },
      "ResponseHeaders": {
        "Cache-Control": [
          "no-cache"
        ],
        "Pragma": [
          "no-cache"
        ],
        "x-ms-failure-cause": [
          "gateway"
        ],
        "x-ms-request-id": [
          "0f86e3f6-e737-4609-bc80-1ec90ecc4c0b"
        ],
        "x-ms-correlation-request-id": [
          "0f86e3f6-e737-4609-bc80-1ec90ecc4c0b"
        ],
        "x-ms-routing-request-id": [
          "WESTUS:20200109T021029Z:0f86e3f6-e737-4609-bc80-1ec90ecc4c0b"
        ],
        "Strict-Transport-Security": [
          "max-age=31536000; includeSubDomains"
        ],
        "X-Content-Type-Options": [
          "nosniff"
        ],
        "Date": [
          "Thu, 09 Jan 2020 02:10:28 GMT"
        ],
        "Content-Type": [
          "application/json; charset=utf-8"
        ],
        "Expires": [
          "-1"
        ],
        "Content-Length": [
          "135"
        ],
        "Retry-After": [
          "0"
        ]
      },
      "ResponseBody": "{\r\n  \"error\": {\r\n    \"code\": \"MissingSubscription\",\r\n    \"message\": \"The request did not have a subscription or a valid tenant level resource provider.\"\r\n  }\r\n}",
      "StatusCode": 404
    },
    {
      "RequestUri": "/someId?api-version=2019-09-01",
      "EncodedRequestUri": "L3NvbWVJZD9hcGktdmVyc2lvbj0yMDE5LTA5LTAx",
      "RequestMethod": "GET",
      "RequestBody": "",
      "RequestHeaders": {
        "User-Agent": [
          "AzurePowershell/v1.0.0",
          "PSVersion/v6.1.0"
        ],
        "ParameterSetName": [
          "IdParameterSet"
        ],
        "CommandName": [
          "Set-AzPolicyAssignment"
        ]
      },
      "ResponseHeaders": {
        "Cache-Control": [
          "no-cache"
        ],
        "Pragma": [
          "no-cache"
        ],
        "x-ms-failure-cause": [
          "gateway"
        ],
        "x-ms-request-id": [
          "5fc9a231-d9c6-48b5-bfac-c686c5e98cc1"
        ],
        "x-ms-correlation-request-id": [
          "5fc9a231-d9c6-48b5-bfac-c686c5e98cc1"
        ],
        "x-ms-routing-request-id": [
          "WESTUS:20200109T021032Z:5fc9a231-d9c6-48b5-bfac-c686c5e98cc1"
        ],
        "Strict-Transport-Security": [
          "max-age=31536000; includeSubDomains"
        ],
        "X-Content-Type-Options": [
          "nosniff"
        ],
        "Date": [
          "Thu, 09 Jan 2020 02:10:32 GMT"
        ],
        "Content-Type": [
          "application/json; charset=utf-8"
        ],
        "Expires": [
          "-1"
        ],
        "Content-Length": [
          "135"
        ],
        "Retry-After": [
          "0"
        ]
      },
      "ResponseBody": "{\r\n  \"error\": {\r\n    \"code\": \"MissingSubscription\",\r\n    \"message\": \"The request did not have a subscription or a valid tenant level resource provider.\"\r\n  }\r\n}",
      "StatusCode": 404
    },
    {
      "RequestUri": "/someId?api-version=2019-09-01",
      "EncodedRequestUri": "L3NvbWVJZD9hcGktdmVyc2lvbj0yMDE5LTA5LTAx",
      "RequestMethod": "GET",
      "RequestBody": "",
      "RequestHeaders": {
        "User-Agent": [
          "AzurePowershell/v1.0.0",
          "PSVersion/v6.1.0"
        ],
        "ParameterSetName": [
          "IdParameterSet"
        ],
        "CommandName": [
          "Set-AzPolicyAssignment"
        ]
      },
      "ResponseHeaders": {
        "Cache-Control": [
          "no-cache"
        ],
        "Pragma": [
          "no-cache"
        ],
        "x-ms-failure-cause": [
          "gateway"
        ],
        "x-ms-request-id": [
          "1694b806-3fcb-4edf-9918-9d0a8af9c97f"
        ],
        "x-ms-correlation-request-id": [
          "1694b806-3fcb-4edf-9918-9d0a8af9c97f"
        ],
        "x-ms-routing-request-id": [
          "WESTUS:20200109T021032Z:1694b806-3fcb-4edf-9918-9d0a8af9c97f"
        ],
        "Strict-Transport-Security": [
          "max-age=31536000; includeSubDomains"
        ],
        "X-Content-Type-Options": [
          "nosniff"
        ],
        "Date": [
          "Thu, 09 Jan 2020 02:10:32 GMT"
        ],
        "Content-Type": [
          "application/json; charset=utf-8"
        ],
        "Expires": [
          "-1"
        ],
        "Content-Length": [
          "135"
        ],
        "Retry-After": [
          "0"
        ]
      },
      "ResponseBody": "{\r\n  \"error\": {\r\n    \"code\": \"MissingSubscription\",\r\n    \"message\": \"The request did not have a subscription or a valid tenant level resource provider.\"\r\n  }\r\n}",
      "StatusCode": 404
    },
    {
      "RequestUri": "/someId?api-version=2019-09-01",
      "EncodedRequestUri": "L3NvbWVJZD9hcGktdmVyc2lvbj0yMDE5LTA5LTAx",
      "RequestMethod": "GET",
      "RequestBody": "",
      "RequestHeaders": {
        "User-Agent": [
          "AzurePowershell/v1.0.0",
          "PSVersion/v6.1.0"
        ],
        "ParameterSetName": [
          "IdParameterSet"
        ],
        "CommandName": [
          "Set-AzPolicyAssignment"
        ]
      },
      "ResponseHeaders": {
        "Cache-Control": [
          "no-cache"
        ],
        "Pragma": [
          "no-cache"
        ],
        "x-ms-failure-cause": [
          "gateway"
        ],
        "x-ms-request-id": [
          "1d88124f-355e-4719-9532-9b085431fade"
        ],
        "x-ms-correlation-request-id": [
          "1d88124f-355e-4719-9532-9b085431fade"
        ],
        "x-ms-routing-request-id": [
          "WESTUS:20200109T021032Z:1d88124f-355e-4719-9532-9b085431fade"
        ],
        "Strict-Transport-Security": [
          "max-age=31536000; includeSubDomains"
        ],
        "X-Content-Type-Options": [
          "nosniff"
        ],
        "Date": [
          "Thu, 09 Jan 2020 02:10:31 GMT"
        ],
        "Content-Type": [
          "application/json; charset=utf-8"
        ],
        "Expires": [
          "-1"
        ],
        "Content-Length": [
          "135"
        ],
        "Retry-After": [
          "0"
        ]
      },
      "ResponseBody": "{\r\n  \"error\": {\r\n    \"code\": \"MissingSubscription\",\r\n    \"message\": \"The request did not have a subscription or a valid tenant level resource provider.\"\r\n  }\r\n}",
      "StatusCode": 404
    },
    {
      "RequestUri": "/someId?api-version=2019-09-01",
      "EncodedRequestUri": "L3NvbWVJZD9hcGktdmVyc2lvbj0yMDE5LTA5LTAx",
      "RequestMethod": "GET",
      "RequestBody": "",
      "RequestHeaders": {
        "User-Agent": [
          "AzurePowershell/v1.0.0",
          "PSVersion/v6.1.0"
        ],
        "ParameterSetName": [
          "IdParameterSet"
        ],
        "CommandName": [
          "Set-AzPolicyAssignment"
        ]
      },
      "ResponseHeaders": {
        "Cache-Control": [
          "no-cache"
        ],
        "Pragma": [
          "no-cache"
        ],
        "x-ms-failure-cause": [
          "gateway"
        ],
        "x-ms-request-id": [
          "cdc02fae-acd0-4f61-9a09-8e30649ba9ea"
        ],
        "x-ms-correlation-request-id": [
          "cdc02fae-acd0-4f61-9a09-8e30649ba9ea"
        ],
        "x-ms-routing-request-id": [
          "WESTUS:20200109T021032Z:cdc02fae-acd0-4f61-9a09-8e30649ba9ea"
        ],
        "Strict-Transport-Security": [
          "max-age=31536000; includeSubDomains"
        ],
        "X-Content-Type-Options": [
          "nosniff"
        ],
        "Date": [
          "Thu, 09 Jan 2020 02:10:32 GMT"
        ],
        "Content-Type": [
          "application/json; charset=utf-8"
        ],
        "Expires": [
          "-1"
        ],
        "Content-Length": [
          "135"
        ],
        "Retry-After": [
          "0"
        ]
      },
      "ResponseBody": "{\r\n  \"error\": {\r\n    \"code\": \"MissingSubscription\",\r\n    \"message\": \"The request did not have a subscription or a valid tenant level resource provider.\"\r\n  }\r\n}",
      "StatusCode": 404
    },
    {
      "RequestUri": "/someId?api-version=2019-09-01",
      "EncodedRequestUri": "L3NvbWVJZD9hcGktdmVyc2lvbj0yMDE5LTA5LTAx",
      "RequestMethod": "GET",
      "RequestBody": "",
      "RequestHeaders": {
        "User-Agent": [
          "AzurePowershell/v1.0.0",
          "PSVersion/v6.1.0"
        ],
        "ParameterSetName": [
          "PolicyParameterIdObjectParameterSet"
        ],
        "CommandName": [
          "Set-AzPolicyAssignment"
        ]
      },
      "ResponseHeaders": {
        "Cache-Control": [
          "no-cache"
        ],
        "Pragma": [
          "no-cache"
        ],
        "x-ms-failure-cause": [
          "gateway"
        ],
        "x-ms-request-id": [
          "f3ec3bb2-2408-4636-bbbc-ca7e5598a29d"
        ],
        "x-ms-correlation-request-id": [
          "f3ec3bb2-2408-4636-bbbc-ca7e5598a29d"
        ],
        "x-ms-routing-request-id": [
          "WESTUS:20200109T021032Z:f3ec3bb2-2408-4636-bbbc-ca7e5598a29d"
        ],
        "Strict-Transport-Security": [
          "max-age=31536000; includeSubDomains"
        ],
        "X-Content-Type-Options": [
          "nosniff"
        ],
        "Date": [
          "Thu, 09 Jan 2020 02:10:32 GMT"
        ],
        "Content-Type": [
          "application/json; charset=utf-8"
        ],
        "Expires": [
          "-1"
        ],
        "Content-Length": [
          "135"
        ],
        "Retry-After": [
          "0"
        ]
      },
      "ResponseBody": "{\r\n  \"error\": {\r\n    \"code\": \"MissingSubscription\",\r\n    \"message\": \"The request did not have a subscription or a valid tenant level resource provider.\"\r\n  }\r\n}",
      "StatusCode": 404
    },
    {
      "RequestUri": "/someId?api-version=2019-09-01",
      "EncodedRequestUri": "L3NvbWVJZD9hcGktdmVyc2lvbj0yMDE5LTA5LTAx",
      "RequestMethod": "GET",
      "RequestBody": "",
      "RequestHeaders": {
        "User-Agent": [
          "AzurePowershell/v1.0.0",
          "PSVersion/v6.1.0"
        ],
        "ParameterSetName": [
          "PolicyParameterIdStringParameterSet"
        ],
        "CommandName": [
          "Set-AzPolicyAssignment"
        ]
      },
      "ResponseHeaders": {
        "Cache-Control": [
          "no-cache"
        ],
        "Pragma": [
          "no-cache"
        ],
        "x-ms-failure-cause": [
          "gateway"
        ],
        "x-ms-request-id": [
          "ba6afad4-1c13-4924-b54b-965fa68f2653"
        ],
        "x-ms-correlation-request-id": [
          "ba6afad4-1c13-4924-b54b-965fa68f2653"
        ],
        "x-ms-routing-request-id": [
          "WESTUS:20200109T021033Z:ba6afad4-1c13-4924-b54b-965fa68f2653"
        ],
        "Strict-Transport-Security": [
          "max-age=31536000; includeSubDomains"
        ],
        "X-Content-Type-Options": [
          "nosniff"
        ],
        "Date": [
          "Thu, 09 Jan 2020 02:10:32 GMT"
        ],
        "Content-Type": [
          "application/json; charset=utf-8"
        ],
        "Expires": [
          "-1"
        ],
        "Content-Length": [
          "135"
        ],
        "Retry-After": [
          "0"
        ]
      },
      "ResponseBody": "{\r\n  \"error\": {\r\n    \"code\": \"MissingSubscription\",\r\n    \"message\": \"The request did not have a subscription or a valid tenant level resource provider.\"\r\n  }\r\n}",
      "StatusCode": 404
    },
    {
      "RequestUri": "/someId?api-version=2019-09-01",
      "EncodedRequestUri": "L3NvbWVJZD9hcGktdmVyc2lvbj0yMDE5LTA5LTAx",
      "RequestMethod": "GET",
      "RequestBody": "",
      "RequestHeaders": {
        "User-Agent": [
          "AzurePowershell/v1.0.0",
          "PSVersion/v6.1.0"
        ],
        "ParameterSetName": [
          "IdParameterSet"
        ],
        "CommandName": [
          "Set-AzPolicyAssignment"
        ]
      },
      "ResponseHeaders": {
        "Cache-Control": [
          "no-cache"
        ],
        "Pragma": [
          "no-cache"
        ],
        "x-ms-failure-cause": [
          "gateway"
        ],
        "x-ms-request-id": [
          "f0adaf37-f341-403b-9c25-3498c8734d17"
        ],
        "x-ms-correlation-request-id": [
          "f0adaf37-f341-403b-9c25-3498c8734d17"
        ],
        "x-ms-routing-request-id": [
          "WESTUS:20200109T021033Z:f0adaf37-f341-403b-9c25-3498c8734d17"
        ],
        "Strict-Transport-Security": [
          "max-age=31536000; includeSubDomains"
        ],
        "X-Content-Type-Options": [
          "nosniff"
        ],
        "Date": [
          "Thu, 09 Jan 2020 02:10:32 GMT"
        ],
        "Content-Type": [
          "application/json; charset=utf-8"
        ],
        "Expires": [
          "-1"
        ],
        "Content-Length": [
          "135"
        ],
        "Retry-After": [
          "0"
        ]
      },
      "ResponseBody": "{\r\n  \"error\": {\r\n    \"code\": \"MissingSubscription\",\r\n    \"message\": \"The request did not have a subscription or a valid tenant level resource provider.\"\r\n  }\r\n}",
      "StatusCode": 404
    },
    {
      "RequestUri": "/someId?api-version=2019-09-01",
      "EncodedRequestUri": "L3NvbWVJZD9hcGktdmVyc2lvbj0yMDE5LTA5LTAx",
      "RequestMethod": "GET",
      "RequestBody": "",
      "RequestHeaders": {
        "User-Agent": [
          "AzurePowershell/v1.0.0",
          "PSVersion/v6.1.0"
        ],
        "ParameterSetName": [
          "IdParameterSet"
        ],
        "CommandName": [
          "Set-AzPolicyAssignment"
        ]
      },
      "ResponseHeaders": {
        "Cache-Control": [
          "no-cache"
        ],
        "Pragma": [
          "no-cache"
        ],
        "x-ms-failure-cause": [
          "gateway"
        ],
        "x-ms-request-id": [
          "5ed0ead0-c8e7-47aa-ada2-5cce0ed88117"
        ],
        "x-ms-correlation-request-id": [
          "5ed0ead0-c8e7-47aa-ada2-5cce0ed88117"
        ],
        "x-ms-routing-request-id": [
          "WESTUS:20200109T021033Z:5ed0ead0-c8e7-47aa-ada2-5cce0ed88117"
        ],
        "Strict-Transport-Security": [
          "max-age=31536000; includeSubDomains"
        ],
        "X-Content-Type-Options": [
          "nosniff"
        ],
        "Date": [
          "Thu, 09 Jan 2020 02:10:33 GMT"
        ],
        "Content-Type": [
          "application/json; charset=utf-8"
        ],
        "Expires": [
          "-1"
        ],
        "Content-Length": [
          "135"
        ],
        "Retry-After": [
          "0"
        ]
      },
      "ResponseBody": "{\r\n  \"error\": {\r\n    \"code\": \"MissingSubscription\",\r\n    \"message\": \"The request did not have a subscription or a valid tenant level resource provider.\"\r\n  }\r\n}",
      "StatusCode": 404
    },
    {
      "RequestUri": "/someId?api-version=2019-09-01",
      "EncodedRequestUri": "L3NvbWVJZD9hcGktdmVyc2lvbj0yMDE5LTA5LTAx",
      "RequestMethod": "GET",
      "RequestBody": "",
      "RequestHeaders": {
        "User-Agent": [
          "AzurePowershell/v1.0.0",
          "PSVersion/v6.1.0"
        ],
        "ParameterSetName": [
          "IdParameterSet"
        ],
        "CommandName": [
          "Set-AzPolicyAssignment"
        ]
      },
      "ResponseHeaders": {
        "Cache-Control": [
          "no-cache"
        ],
        "Pragma": [
          "no-cache"
        ],
        "x-ms-failure-cause": [
          "gateway"
        ],
        "x-ms-request-id": [
          "95e05274-a5f5-4892-a810-d52f2a14e76d"
        ],
        "x-ms-correlation-request-id": [
          "95e05274-a5f5-4892-a810-d52f2a14e76d"
        ],
        "x-ms-routing-request-id": [
          "WESTUS:20200109T021033Z:95e05274-a5f5-4892-a810-d52f2a14e76d"
        ],
        "Strict-Transport-Security": [
          "max-age=31536000; includeSubDomains"
        ],
        "X-Content-Type-Options": [
          "nosniff"
        ],
        "Date": [
          "Thu, 09 Jan 2020 02:10:32 GMT"
        ],
        "Content-Type": [
          "application/json; charset=utf-8"
        ],
        "Expires": [
          "-1"
        ],
        "Content-Length": [
          "135"
        ],
        "Retry-After": [
          "0"
        ]
      },
      "ResponseBody": "{\r\n  \"error\": {\r\n    \"code\": \"MissingSubscription\",\r\n    \"message\": \"The request did not have a subscription or a valid tenant level resource provider.\"\r\n  }\r\n}",
      "StatusCode": 404
    },
    {
      "RequestUri": "/someId?api-version=2019-09-01",
      "EncodedRequestUri": "L3NvbWVJZD9hcGktdmVyc2lvbj0yMDE5LTA5LTAx",
      "RequestMethod": "GET",
      "RequestBody": "",
      "RequestHeaders": {
        "User-Agent": [
          "AzurePowershell/v1.0.0",
          "PSVersion/v6.1.0"
        ],
        "ParameterSetName": [
          "PolicyParameterIdObjectParameterSet"
        ],
        "CommandName": [
          "Set-AzPolicyAssignment"
        ]
      },
      "ResponseHeaders": {
        "Cache-Control": [
          "no-cache"
        ],
        "Pragma": [
          "no-cache"
        ],
        "x-ms-failure-cause": [
          "gateway"
        ],
        "x-ms-request-id": [
          "b77b8e5e-8659-47fc-8da6-7c57b99a5ab4"
        ],
        "x-ms-correlation-request-id": [
          "b77b8e5e-8659-47fc-8da6-7c57b99a5ab4"
        ],
        "x-ms-routing-request-id": [
          "WESTUS:20200109T021033Z:b77b8e5e-8659-47fc-8da6-7c57b99a5ab4"
        ],
        "Strict-Transport-Security": [
          "max-age=31536000; includeSubDomains"
        ],
        "X-Content-Type-Options": [
          "nosniff"
        ],
        "Date": [
          "Thu, 09 Jan 2020 02:10:32 GMT"
        ],
        "Content-Type": [
          "application/json; charset=utf-8"
        ],
        "Expires": [
          "-1"
        ],
        "Content-Length": [
          "135"
        ],
        "Retry-After": [
          "0"
        ]
      },
      "ResponseBody": "{\r\n  \"error\": {\r\n    \"code\": \"MissingSubscription\",\r\n    \"message\": \"The request did not have a subscription or a valid tenant level resource provider.\"\r\n  }\r\n}",
      "StatusCode": 404
    },
    {
      "RequestUri": "/someId?api-version=2019-09-01",
      "EncodedRequestUri": "L3NvbWVJZD9hcGktdmVyc2lvbj0yMDE5LTA5LTAx",
      "RequestMethod": "GET",
      "RequestBody": "",
      "RequestHeaders": {
        "User-Agent": [
          "AzurePowershell/v1.0.0",
          "PSVersion/v6.1.0"
        ],
        "ParameterSetName": [
          "PolicyParameterIdStringParameterSet"
        ],
        "CommandName": [
          "Set-AzPolicyAssignment"
        ]
      },
      "ResponseHeaders": {
        "Cache-Control": [
          "no-cache"
        ],
        "Pragma": [
          "no-cache"
        ],
        "x-ms-failure-cause": [
          "gateway"
        ],
        "x-ms-request-id": [
          "534b4538-3a76-47a0-93f0-2309aeeddb9b"
        ],
        "x-ms-correlation-request-id": [
          "534b4538-3a76-47a0-93f0-2309aeeddb9b"
        ],
        "x-ms-routing-request-id": [
          "WESTUS:20200109T021033Z:534b4538-3a76-47a0-93f0-2309aeeddb9b"
        ],
        "Strict-Transport-Security": [
          "max-age=31536000; includeSubDomains"
        ],
        "X-Content-Type-Options": [
          "nosniff"
        ],
        "Date": [
          "Thu, 09 Jan 2020 02:10:33 GMT"
        ],
        "Content-Type": [
          "application/json; charset=utf-8"
        ],
        "Expires": [
          "-1"
        ],
        "Content-Length": [
          "135"
        ],
        "Retry-After": [
          "0"
        ]
      },
      "ResponseBody": "{\r\n  \"error\": {\r\n    \"code\": \"MissingSubscription\",\r\n    \"message\": \"The request did not have a subscription or a valid tenant level resource provider.\"\r\n  }\r\n}",
      "StatusCode": 404
    },
    {
      "RequestUri": "/someId?api-version=2019-09-01",
      "EncodedRequestUri": "L3NvbWVJZD9hcGktdmVyc2lvbj0yMDE5LTA5LTAx",
      "RequestMethod": "GET",
      "RequestBody": "",
      "RequestHeaders": {
        "User-Agent": [
          "AzurePowershell/v1.0.0",
          "PSVersion/v6.1.0"
        ],
        "ParameterSetName": [
          "IdParameterSet"
        ],
        "CommandName": [
          "Set-AzPolicyAssignment"
        ]
      },
      "ResponseHeaders": {
        "Cache-Control": [
          "no-cache"
        ],
        "Pragma": [
          "no-cache"
        ],
        "x-ms-failure-cause": [
          "gateway"
        ],
        "x-ms-request-id": [
          "0bbaaf3d-2668-420c-85f9-b726ace93782"
        ],
        "x-ms-correlation-request-id": [
          "0bbaaf3d-2668-420c-85f9-b726ace93782"
        ],
        "x-ms-routing-request-id": [
          "WESTUS:20200109T021033Z:0bbaaf3d-2668-420c-85f9-b726ace93782"
        ],
        "Strict-Transport-Security": [
          "max-age=31536000; includeSubDomains"
        ],
        "X-Content-Type-Options": [
          "nosniff"
        ],
        "Date": [
          "Thu, 09 Jan 2020 02:10:33 GMT"
        ],
        "Content-Type": [
          "application/json; charset=utf-8"
        ],
        "Expires": [
          "-1"
        ],
        "Content-Length": [
          "135"
        ],
        "Retry-After": [
          "0"
        ]
      },
      "ResponseBody": "{\r\n  \"error\": {\r\n    \"code\": \"MissingSubscription\",\r\n    \"message\": \"The request did not have a subscription or a valid tenant level resource provider.\"\r\n  }\r\n}",
      "StatusCode": 404
    },
    {
      "RequestUri": "/someId?api-version=2019-09-01",
      "EncodedRequestUri": "L3NvbWVJZD9hcGktdmVyc2lvbj0yMDE5LTA5LTAx",
      "RequestMethod": "GET",
      "RequestBody": "",
      "RequestHeaders": {
        "User-Agent": [
          "AzurePowershell/v1.0.0",
          "PSVersion/v6.1.0"
        ],
        "ParameterSetName": [
          "IdParameterSet"
        ],
        "CommandName": [
          "Set-AzPolicyAssignment"
        ]
      },
      "ResponseHeaders": {
        "Cache-Control": [
          "no-cache"
        ],
        "Pragma": [
          "no-cache"
        ],
        "x-ms-failure-cause": [
          "gateway"
        ],
        "x-ms-request-id": [
          "2b83a5b7-4907-41bb-8db7-70290b182441"
        ],
        "x-ms-correlation-request-id": [
          "2b83a5b7-4907-41bb-8db7-70290b182441"
        ],
        "x-ms-routing-request-id": [
          "WESTUS:20200109T021033Z:2b83a5b7-4907-41bb-8db7-70290b182441"
        ],
        "Strict-Transport-Security": [
          "max-age=31536000; includeSubDomains"
        ],
        "X-Content-Type-Options": [
          "nosniff"
        ],
        "Date": [
          "Thu, 09 Jan 2020 02:10:33 GMT"
        ],
        "Content-Type": [
          "application/json; charset=utf-8"
        ],
        "Expires": [
          "-1"
        ],
        "Content-Length": [
          "135"
        ],
        "Retry-After": [
          "0"
        ]
      },
      "ResponseBody": "{\r\n  \"error\": {\r\n    \"code\": \"MissingSubscription\",\r\n    \"message\": \"The request did not have a subscription or a valid tenant level resource provider.\"\r\n  }\r\n}",
      "StatusCode": 404
    },
    {
      "RequestUri": "/someId?api-version=2019-09-01",
      "EncodedRequestUri": "L3NvbWVJZD9hcGktdmVyc2lvbj0yMDE5LTA5LTAx",
      "RequestMethod": "GET",
      "RequestBody": "",
      "RequestHeaders": {
        "User-Agent": [
          "AzurePowershell/v1.0.0",
          "PSVersion/v6.1.0"
        ],
        "ParameterSetName": [
          "PolicyParameterIdObjectParameterSet"
        ],
        "CommandName": [
          "Set-AzPolicyAssignment"
        ]
      },
      "ResponseHeaders": {
        "Cache-Control": [
          "no-cache"
        ],
        "Pragma": [
          "no-cache"
        ],
        "x-ms-failure-cause": [
          "gateway"
        ],
        "x-ms-request-id": [
          "62b306b6-b95e-4ed6-98cc-49b031e4e5bc"
        ],
        "x-ms-correlation-request-id": [
          "62b306b6-b95e-4ed6-98cc-49b031e4e5bc"
        ],
        "x-ms-routing-request-id": [
          "WESTUS:20200109T021034Z:62b306b6-b95e-4ed6-98cc-49b031e4e5bc"
        ],
        "Strict-Transport-Security": [
          "max-age=31536000; includeSubDomains"
        ],
        "X-Content-Type-Options": [
          "nosniff"
        ],
        "Date": [
          "Thu, 09 Jan 2020 02:10:33 GMT"
        ],
        "Content-Type": [
          "application/json; charset=utf-8"
        ],
        "Expires": [
          "-1"
        ],
        "Content-Length": [
          "135"
        ],
        "Retry-After": [
          "0"
        ]
      },
      "ResponseBody": "{\r\n  \"error\": {\r\n    \"code\": \"MissingSubscription\",\r\n    \"message\": \"The request did not have a subscription or a valid tenant level resource provider.\"\r\n  }\r\n}",
      "StatusCode": 404
    },
    {
      "RequestUri": "/someId?api-version=2019-09-01",
      "EncodedRequestUri": "L3NvbWVJZD9hcGktdmVyc2lvbj0yMDE5LTA5LTAx",
      "RequestMethod": "GET",
      "RequestBody": "",
      "RequestHeaders": {
        "User-Agent": [
          "AzurePowershell/v1.0.0",
          "PSVersion/v6.1.0"
        ],
        "ParameterSetName": [
          "PolicyParameterIdStringParameterSet"
        ],
        "CommandName": [
          "Set-AzPolicyAssignment"
        ]
      },
      "ResponseHeaders": {
        "Cache-Control": [
          "no-cache"
        ],
        "Pragma": [
          "no-cache"
        ],
        "x-ms-failure-cause": [
          "gateway"
        ],
        "x-ms-request-id": [
          "8e19ad2b-f9f6-4136-9ab6-fcc5f614815a"
        ],
        "x-ms-correlation-request-id": [
          "8e19ad2b-f9f6-4136-9ab6-fcc5f614815a"
        ],
        "x-ms-routing-request-id": [
          "WESTUS:20200109T021034Z:8e19ad2b-f9f6-4136-9ab6-fcc5f614815a"
        ],
        "Strict-Transport-Security": [
          "max-age=31536000; includeSubDomains"
        ],
        "X-Content-Type-Options": [
          "nosniff"
        ],
        "Date": [
          "Thu, 09 Jan 2020 02:10:33 GMT"
        ],
        "Content-Type": [
          "application/json; charset=utf-8"
        ],
        "Expires": [
          "-1"
        ],
        "Content-Length": [
          "135"
        ],
        "Retry-After": [
          "0"
        ]
      },
      "ResponseBody": "{\r\n  \"error\": {\r\n    \"code\": \"MissingSubscription\",\r\n    \"message\": \"The request did not have a subscription or a valid tenant level resource provider.\"\r\n  }\r\n}",
      "StatusCode": 404
    },
    {
      "RequestUri": "/someId?api-version=2019-09-01",
      "EncodedRequestUri": "L3NvbWVJZD9hcGktdmVyc2lvbj0yMDE5LTA5LTAx",
      "RequestMethod": "GET",
      "RequestBody": "",
      "RequestHeaders": {
        "User-Agent": [
          "AzurePowershell/v1.0.0",
          "PSVersion/v6.1.0"
        ],
        "ParameterSetName": [
          "IdParameterSet"
        ],
        "CommandName": [
          "Set-AzPolicyAssignment"
        ]
      },
      "ResponseHeaders": {
        "Cache-Control": [
          "no-cache"
        ],
        "Pragma": [
          "no-cache"
        ],
        "x-ms-failure-cause": [
          "gateway"
        ],
        "x-ms-request-id": [
          "48fcf6b9-649b-4299-a030-1626ed46e21d"
        ],
        "x-ms-correlation-request-id": [
          "48fcf6b9-649b-4299-a030-1626ed46e21d"
        ],
        "x-ms-routing-request-id": [
          "WESTUS:20200109T021031Z:48fcf6b9-649b-4299-a030-1626ed46e21d"
        ],
        "Strict-Transport-Security": [
          "max-age=31536000; includeSubDomains"
        ],
        "X-Content-Type-Options": [
          "nosniff"
        ],
        "Date": [
          "Thu, 09 Jan 2020 02:10:30 GMT"
        ],
        "Content-Type": [
          "application/json; charset=utf-8"
        ],
        "Expires": [
          "-1"
        ],
        "Content-Length": [
          "135"
        ],
        "Retry-After": [
          "0"
        ]
      },
      "ResponseBody": "{\r\n  \"error\": {\r\n    \"code\": \"MissingSubscription\",\r\n    \"message\": \"The request did not have a subscription or a valid tenant level resource provider.\"\r\n  }\r\n}",
      "StatusCode": 404
    },
    {
      "RequestUri": "/someId?api-version=2019-09-01",
      "EncodedRequestUri": "L3NvbWVJZD9hcGktdmVyc2lvbj0yMDE5LTA5LTAx",
      "RequestMethod": "GET",
      "RequestBody": "",
      "RequestHeaders": {
        "User-Agent": [
          "AzurePowershell/v1.0.0",
          "PSVersion/v6.1.0"
        ],
        "ParameterSetName": [
          "IdParameterSet"
        ],
        "CommandName": [
          "Set-AzPolicyAssignment"
        ]
      },
      "ResponseHeaders": {
        "Cache-Control": [
          "no-cache"
        ],
        "Pragma": [
          "no-cache"
        ],
        "x-ms-failure-cause": [
          "gateway"
        ],
        "x-ms-request-id": [
          "49d8b7e1-1012-4977-a3a0-66bb178dda8f"
        ],
        "x-ms-correlation-request-id": [
          "49d8b7e1-1012-4977-a3a0-66bb178dda8f"
        ],
        "x-ms-routing-request-id": [
          "WESTUS:20200109T021034Z:49d8b7e1-1012-4977-a3a0-66bb178dda8f"
        ],
        "Strict-Transport-Security": [
          "max-age=31536000; includeSubDomains"
        ],
        "X-Content-Type-Options": [
          "nosniff"
        ],
        "Date": [
          "Thu, 09 Jan 2020 02:10:34 GMT"
        ],
        "Content-Type": [
          "application/json; charset=utf-8"
        ],
        "Expires": [
          "-1"
        ],
        "Content-Length": [
          "135"
        ],
        "Retry-After": [
          "0"
        ]
      },
      "ResponseBody": "{\r\n  \"error\": {\r\n    \"code\": \"MissingSubscription\",\r\n    \"message\": \"The request did not have a subscription or a valid tenant level resource provider.\"\r\n  }\r\n}",
      "StatusCode": 404
    },
    {
      "RequestUri": "/someId?api-version=2019-09-01",
      "EncodedRequestUri": "L3NvbWVJZD9hcGktdmVyc2lvbj0yMDE5LTA5LTAx",
      "RequestMethod": "GET",
      "RequestBody": "",
      "RequestHeaders": {
        "User-Agent": [
          "AzurePowershell/v1.0.0",
          "PSVersion/v6.1.0"
        ],
        "ParameterSetName": [
          "PolicyParameterIdObjectParameterSet"
        ],
        "CommandName": [
          "Set-AzPolicyAssignment"
        ]
      },
      "ResponseHeaders": {
        "Cache-Control": [
          "no-cache"
        ],
        "Pragma": [
          "no-cache"
        ],
        "x-ms-failure-cause": [
          "gateway"
        ],
        "x-ms-request-id": [
          "0f17482b-b87e-4d07-8ffa-4c5878a30428"
        ],
        "x-ms-correlation-request-id": [
          "0f17482b-b87e-4d07-8ffa-4c5878a30428"
        ],
        "x-ms-routing-request-id": [
          "WESTUS:20200109T021034Z:0f17482b-b87e-4d07-8ffa-4c5878a30428"
        ],
        "Strict-Transport-Security": [
          "max-age=31536000; includeSubDomains"
        ],
        "X-Content-Type-Options": [
          "nosniff"
        ],
        "Date": [
          "Thu, 09 Jan 2020 02:10:34 GMT"
        ],
        "Content-Type": [
          "application/json; charset=utf-8"
        ],
        "Expires": [
          "-1"
        ],
        "Content-Length": [
          "135"
        ],
        "Retry-After": [
          "0"
        ]
      },
      "ResponseBody": "{\r\n  \"error\": {\r\n    \"code\": \"MissingSubscription\",\r\n    \"message\": \"The request did not have a subscription or a valid tenant level resource provider.\"\r\n  }\r\n}",
      "StatusCode": 404
    },
    {
      "RequestUri": "/someId?api-version=2019-09-01",
      "EncodedRequestUri": "L3NvbWVJZD9hcGktdmVyc2lvbj0yMDE5LTA5LTAx",
      "RequestMethod": "GET",
      "RequestBody": "",
      "RequestHeaders": {
        "User-Agent": [
          "AzurePowershell/v1.0.0",
          "PSVersion/v6.1.0"
        ],
        "ParameterSetName": [
          "PolicyParameterIdObjectParameterSet"
        ],
        "CommandName": [
          "Set-AzPolicyAssignment"
        ]
      },
      "ResponseHeaders": {
        "Cache-Control": [
          "no-cache"
        ],
        "Pragma": [
          "no-cache"
        ],
        "x-ms-failure-cause": [
          "gateway"
        ],
        "x-ms-request-id": [
          "8a28fe1c-281b-4e1d-8f1c-2beaf65f93d1"
        ],
        "x-ms-correlation-request-id": [
          "8a28fe1c-281b-4e1d-8f1c-2beaf65f93d1"
        ],
        "x-ms-routing-request-id": [
          "WESTUS:20200109T021034Z:8a28fe1c-281b-4e1d-8f1c-2beaf65f93d1"
        ],
        "Strict-Transport-Security": [
          "max-age=31536000; includeSubDomains"
        ],
        "X-Content-Type-Options": [
          "nosniff"
        ],
        "Date": [
          "Thu, 09 Jan 2020 02:10:34 GMT"
        ],
        "Content-Type": [
          "application/json; charset=utf-8"
        ],
        "Expires": [
          "-1"
        ],
        "Content-Length": [
          "135"
        ],
        "Retry-After": [
          "0"
        ]
      },
      "ResponseBody": "{\r\n  \"error\": {\r\n    \"code\": \"MissingSubscription\",\r\n    \"message\": \"The request did not have a subscription or a valid tenant level resource provider.\"\r\n  }\r\n}",
      "StatusCode": 404
    },
    {
      "RequestUri": "/someId?api-version=2019-09-01",
      "EncodedRequestUri": "L3NvbWVJZD9hcGktdmVyc2lvbj0yMDE5LTA5LTAx",
      "RequestMethod": "GET",
      "RequestBody": "",
      "RequestHeaders": {
        "User-Agent": [
          "AzurePowershell/v1.0.0",
          "PSVersion/v6.1.0"
        ],
        "ParameterSetName": [
          "PolicyParameterIdObjectParameterSet"
        ],
        "CommandName": [
          "Set-AzPolicyAssignment"
        ]
      },
      "ResponseHeaders": {
        "Cache-Control": [
          "no-cache"
        ],
        "Pragma": [
          "no-cache"
        ],
        "x-ms-failure-cause": [
          "gateway"
        ],
        "x-ms-request-id": [
          "aebaacfe-ca08-4445-b978-21070dbd2e6d"
        ],
        "x-ms-correlation-request-id": [
          "aebaacfe-ca08-4445-b978-21070dbd2e6d"
        ],
        "x-ms-routing-request-id": [
          "WESTUS:20200109T021034Z:aebaacfe-ca08-4445-b978-21070dbd2e6d"
        ],
        "Strict-Transport-Security": [
          "max-age=31536000; includeSubDomains"
        ],
        "X-Content-Type-Options": [
          "nosniff"
        ],
        "Date": [
          "Thu, 09 Jan 2020 02:10:34 GMT"
        ],
        "Content-Type": [
          "application/json; charset=utf-8"
        ],
        "Expires": [
          "-1"
        ],
        "Content-Length": [
          "135"
        ],
        "Retry-After": [
          "0"
        ]
      },
      "ResponseBody": "{\r\n  \"error\": {\r\n    \"code\": \"MissingSubscription\",\r\n    \"message\": \"The request did not have a subscription or a valid tenant level resource provider.\"\r\n  }\r\n}",
      "StatusCode": 404
    }
  ],
  "Names": {},
  "Variables": {
    "SubscriptionId": "40d77f8e-5982-4e7e-bafa-b7cd23b123e6"
  }
}