{
  "Entries": [
    {
      "RequestUri": "/subscriptions/2c2f67af-09f9-4d60-b051-c5d956d2c9a7/resourcegroups/ps2942?api-version=2021-04-01",
      "EncodedRequestUri": "L3N1YnNjcmlwdGlvbnMvMmMyZjY3YWYtMDlmOS00ZDYwLWIwNTEtYzVkOTU2ZDJjOWE3L3Jlc291cmNlZ3JvdXBzL3BzMjk0Mj9hcGktdmVyc2lvbj0yMDIxLTA0LTAx",
      "RequestMethod": "HEAD",
      "RequestBody": "",
      "RequestHeaders": {
        "x-ms-client-request-id": [
          "bb0b5c22-b6a1-416e-b4f7-2c17f530d2cd"
        ],
        "Accept-Language": [
          "en-US"
        ],
        "User-Agent": [
          "FxVersion/4.6.30411.01",
          "OSName/Windows",
          "OSVersion/Microsoft.Windows.10.0.22000.",
          "Microsoft.Azure.Management.ResourceManager.ResourceManagementClient/3.13.2.0"
        ]
      },
      "ResponseHeaders": {
        "Cache-Control": [
          "no-cache"
        ],
        "Pragma": [
          "no-cache"
        ],
        "x-ms-failure-cause": [
          "gateway"
        ],
        "x-ms-ratelimit-remaining-subscription-reads": [
          "11999"
        ],
        "x-ms-request-id": [
          "52ec6568-0421-4fef-b9e2-a4969f3bd1a7"
        ],
        "x-ms-correlation-request-id": [
          "52ec6568-0421-4fef-b9e2-a4969f3bd1a7"
        ],
        "x-ms-routing-request-id": [
          "NORTHCENTRALUS:20211116T051102Z:52ec6568-0421-4fef-b9e2-a4969f3bd1a7"
        ],
        "Strict-Transport-Security": [
          "max-age=31536000; includeSubDomains"
        ],
        "X-Content-Type-Options": [
          "nosniff"
        ],
        "Date": [
          "Tue, 16 Nov 2021 05:11:02 GMT"
        ],
        "Content-Length": [
          "98"
        ],
        "Content-Type": [
          "application/json; charset=utf-8"
        ],
        "Expires": [
          "-1"
        ],
        "Retry-After": [
          "0"
        ]
      },
      "ResponseBody": "",
      "StatusCode": 404
    },
    {
      "RequestUri": "/subscriptions/2c2f67af-09f9-4d60-b051-c5d956d2c9a7/resourcegroups/ps2942?api-version=2021-04-01",
      "EncodedRequestUri": "L3N1YnNjcmlwdGlvbnMvMmMyZjY3YWYtMDlmOS00ZDYwLWIwNTEtYzVkOTU2ZDJjOWE3L3Jlc291cmNlZ3JvdXBzL3BzMjk0Mj9hcGktdmVyc2lvbj0yMDIxLTA0LTAx",
      "RequestMethod": "HEAD",
      "RequestBody": "",
      "RequestHeaders": {
        "x-ms-client-request-id": [
          "08c1b883-d40f-4a49-8220-fbb1b291f2f0"
        ],
        "Accept-Language": [
          "en-US"
        ],
        "User-Agent": [
          "FxVersion/4.6.30411.01",
          "OSName/Windows",
          "OSVersion/Microsoft.Windows.10.0.22000.",
          "Microsoft.Azure.Management.ResourceManager.ResourceManagementClient/3.13.2.0"
        ]
      },
      "ResponseHeaders": {
        "Cache-Control": [
          "no-cache"
        ],
        "Pragma": [
          "no-cache"
        ],
        "x-ms-ratelimit-remaining-subscription-reads": [
          "11999"
        ],
        "x-ms-request-id": [
          "fee4f75a-55db-4d12-a884-33e524c72d11"
        ],
        "x-ms-correlation-request-id": [
          "fee4f75a-55db-4d12-a884-33e524c72d11"
        ],
        "x-ms-routing-request-id": [
          "NORTHCENTRALUS:20211116T051112Z:fee4f75a-55db-4d12-a884-33e524c72d11"
        ],
        "Strict-Transport-Security": [
          "max-age=31536000; includeSubDomains"
        ],
        "X-Content-Type-Options": [
          "nosniff"
        ],
        "Date": [
          "Tue, 16 Nov 2021 05:11:12 GMT"
        ],
        "Content-Length": [
          "0"
        ],
        "Expires": [
          "-1"
        ],
        "Retry-After": [
          "0"
        ]
      },
      "ResponseBody": "",
      "StatusCode": 204
    },
    {
      "RequestUri": "/subscriptions/2c2f67af-09f9-4d60-b051-c5d956d2c9a7/resourcegroups/ps2942?api-version=2021-04-01",
      "EncodedRequestUri": "L3N1YnNjcmlwdGlvbnMvMmMyZjY3YWYtMDlmOS00ZDYwLWIwNTEtYzVkOTU2ZDJjOWE3L3Jlc291cmNlZ3JvdXBzL3BzMjk0Mj9hcGktdmVyc2lvbj0yMDIxLTA0LTAx",
      "RequestMethod": "PUT",
      "RequestBody": "{\r\n  \"location\": \"west us\"\r\n}",
      "RequestHeaders": {
        "x-ms-client-request-id": [
          "bb0b5c22-b6a1-416e-b4f7-2c17f530d2cd"
        ],
        "Accept-Language": [
          "en-US"
        ],
        "User-Agent": [
          "FxVersion/4.6.30411.01",
          "OSName/Windows",
          "OSVersion/Microsoft.Windows.10.0.22000.",
          "Microsoft.Azure.Management.ResourceManager.ResourceManagementClient/3.13.2.0"
        ],
        "Content-Type": [
          "application/json; charset=utf-8"
        ],
        "Content-Length": [
          "29"
        ]
      },
      "ResponseHeaders": {
        "Cache-Control": [
          "no-cache"
        ],
        "Pragma": [
          "no-cache"
        ],
        "x-ms-ratelimit-remaining-subscription-writes": [
          "1198"
        ],
        "x-ms-request-id": [
          "ae0e7f7d-cad9-4db7-a18e-a16168707f52"
        ],
        "x-ms-correlation-request-id": [
          "ae0e7f7d-cad9-4db7-a18e-a16168707f52"
        ],
        "x-ms-routing-request-id": [
          "NORTHCENTRALUS:20211116T051103Z:ae0e7f7d-cad9-4db7-a18e-a16168707f52"
        ],
        "Strict-Transport-Security": [
          "max-age=31536000; includeSubDomains"
        ],
        "X-Content-Type-Options": [
          "nosniff"
        ],
        "Date": [
          "Tue, 16 Nov 2021 05:11:03 GMT"
        ],
        "Content-Length": [
          "209"
        ],
        "Content-Type": [
          "application/json; charset=utf-8"
        ],
        "Expires": [
          "-1"
        ],
        "Retry-After": [
          "0"
        ]
      },
      "ResponseBody": "{\r\n  \"id\": \"/subscriptions/2c2f67af-09f9-4d60-b051-c5d956d2c9a7/resourceGroups/ps2942\",\r\n  \"name\": \"ps2942\",\r\n  \"type\": \"Microsoft.Resources/resourceGroups\",\r\n  \"location\": \"westus\",\r\n  \"properties\": {\r\n    \"provisioningState\": \"Succeeded\"\r\n  }\r\n}",
      "StatusCode": 201
    },
    {
      "RequestUri": "/subscriptions/2c2f67af-09f9-4d60-b051-c5d956d2c9a7/providers/Microsoft.Authorization/policydefinitions/ps1512?api-version=2021-06-01",
      "EncodedRequestUri": "L3N1YnNjcmlwdGlvbnMvMmMyZjY3YWYtMDlmOS00ZDYwLWIwNTEtYzVkOTU2ZDJjOWE3L3Byb3ZpZGVycy9NaWNyb3NvZnQuQXV0aG9yaXphdGlvbi9wb2xpY3lkZWZpbml0aW9ucy9wczE1MTI/YXBpLXZlcnNpb249MjAyMS0wNi0wMQ==",
      "RequestMethod": "PUT",
      "RequestBody": "{\r\n  \"name\": \"ps1512\",\r\n  \"properties\": {\r\n    \"description\": \"Unit test junk: sorry for littering. Please delete me!\",\r\n    \"policyRule\": {\r\n      \"if\": {\r\n        \"source\": \"action\",\r\n        \"equals\": \"Microsoft.Resources/Subscriptions/ResourceGroups/write\"\r\n      },\r\n      \"then\": {\r\n        \"effect\": \"deny\"\r\n      }\r\n    },\r\n    \"mode\": \"All\",\r\n    \"policyType\": \"Custom\"\r\n  }\r\n}",
      "RequestHeaders": {
        "User-Agent": [
          "AzurePowershell/v0.0.0",
          "PSVersion/v3.0.0.0"
        ],
        "ParameterSetName": [
          "NameParameterSet"
        ],
        "CommandName": [
          "New-AzPolicyDefinition"
        ],
        "Content-Type": [
          "application/json; charset=utf-8"
        ],
        "Content-Length": [
          "386"
        ]
      },
      "ResponseHeaders": {
        "Cache-Control": [
          "no-cache"
        ],
        "Pragma": [
          "no-cache"
        ],
        "Strict-Transport-Security": [
          "max-age=31536000; includeSubDomains"
        ],
        "Server": [
          "Kestrel"
        ],
        "x-ms-ratelimit-remaining-subscription-writes": [
          "1199"
        ],
        "x-ms-request-id": [
          "a0d3f3cb-47b9-470e-a612-af672eec8f90"
        ],
        "x-ms-correlation-request-id": [
          "a0d3f3cb-47b9-470e-a612-af672eec8f90"
        ],
        "x-ms-routing-request-id": [
          "NORTHCENTRALUS:20211116T051104Z:a0d3f3cb-47b9-470e-a612-af672eec8f90"
        ],
        "X-Content-Type-Options": [
          "nosniff"
        ],
        "Date": [
          "Tue, 16 Nov 2021 05:11:03 GMT"
        ],
        "Content-Length": [
          "855"
        ],
        "Content-Type": [
          "application/json; charset=utf-8"
        ],
        "Expires": [
          "-1"
        ],
        "Retry-After": [
          "0"
        ]
      },
      "ResponseBody": "{\r\n  \"properties\": {\r\n    \"policyType\": \"Custom\",\r\n    \"mode\": \"All\",\r\n    \"description\": \"Unit test junk: sorry for littering. Please delete me!\",\r\n    \"metadata\": {\r\n      \"createdBy\": \"5710e138-9c59-46d4-85d9-d7db71406df0\",\r\n      \"createdOn\": \"2021-11-16T05:11:04.0244729Z\",\r\n      \"updatedBy\": null,\r\n      \"updatedOn\": null\r\n    },\r\n    \"policyRule\": {\r\n      \"if\": {\r\n        \"source\": \"action\",\r\n        \"equals\": \"Microsoft.Resources/Subscriptions/ResourceGroups/write\"\r\n      },\r\n      \"then\": {\r\n        \"effect\": \"deny\"\r\n      }\r\n    }\r\n  },\r\n  \"id\": \"/subscriptions/2c2f67af-09f9-4d60-b051-c5d956d2c9a7/providers/Microsoft.Authorization/policyDefinitions/ps1512\",\r\n  \"type\": \"Microsoft.Authorization/policyDefinitions\",\r\n  \"name\": \"ps1512\",\r\n  \"systemData\": {\r\n    \"createdBy\": \"74e3e043-481b-454f-8acc-3e7a4a845417\",\r\n    \"createdByType\": \"Application\",\r\n    \"createdAt\": \"2021-11-16T05:11:03.985324Z\",\r\n    \"lastModifiedBy\": \"74e3e043-481b-454f-8acc-3e7a4a845417\",\r\n    \"lastModifiedByType\": \"Application\",\r\n    \"lastModifiedAt\": \"2021-11-16T05:11:03.985324Z\"\r\n  }\r\n}",
      "StatusCode": 201
    },
    {
      "RequestUri": "/subscriptions/2c2f67af-09f9-4d60-b051-c5d956d2c9a7/providers/Microsoft.Authorization/policydefinitions/ps8215?api-version=2021-06-01",
      "EncodedRequestUri": "L3N1YnNjcmlwdGlvbnMvMmMyZjY3YWYtMDlmOS00ZDYwLWIwNTEtYzVkOTU2ZDJjOWE3L3Byb3ZpZGVycy9NaWNyb3NvZnQuQXV0aG9yaXphdGlvbi9wb2xpY3lkZWZpbml0aW9ucy9wczgyMTU/YXBpLXZlcnNpb249MjAyMS0wNi0wMQ==",
      "RequestMethod": "PUT",
      "RequestBody": "{\r\n  \"name\": \"ps8215\",\r\n  \"properties\": {\r\n    \"description\": \"Unit test junk: sorry for littering. Please delete me!\",\r\n    \"policyRule\": {\r\n      \"if\": {\r\n        \"source\": \"action\",\r\n        \"equals\": \"Microsoft.Resources/Subscriptions/ResourceGroups/write\"\r\n      },\r\n      \"then\": {\r\n        \"effect\": \"deny\"\r\n      }\r\n    },\r\n    \"mode\": \"All\",\r\n    \"policyType\": \"Custom\"\r\n  }\r\n}",
      "RequestHeaders": {
        "User-Agent": [
          "AzurePowershell/v0.0.0",
          "PSVersion/v3.0.0.0"
        ],
        "ParameterSetName": [
          "NameParameterSet"
        ],
        "CommandName": [
          "New-AzPolicyDefinition"
        ],
        "Content-Type": [
          "application/json; charset=utf-8"
        ],
        "Content-Length": [
          "386"
        ]
      },
      "ResponseHeaders": {
        "Cache-Control": [
          "no-cache"
        ],
        "Pragma": [
          "no-cache"
        ],
        "Strict-Transport-Security": [
          "max-age=31536000; includeSubDomains"
        ],
        "Server": [
          "Kestrel"
        ],
        "x-ms-ratelimit-remaining-subscription-writes": [
          "1198"
        ],
        "x-ms-request-id": [
          "7b54abef-a415-4c62-9353-d1de779a3f73"
        ],
        "x-ms-correlation-request-id": [
          "7b54abef-a415-4c62-9353-d1de779a3f73"
        ],
        "x-ms-routing-request-id": [
          "NORTHCENTRALUS:20211116T051104Z:7b54abef-a415-4c62-9353-d1de779a3f73"
        ],
        "X-Content-Type-Options": [
          "nosniff"
        ],
        "Date": [
          "Tue, 16 Nov 2021 05:11:04 GMT"
        ],
        "Content-Length": [
          "856"
        ],
        "Content-Type": [
          "application/json; charset=utf-8"
        ],
        "Expires": [
          "-1"
        ],
        "Retry-After": [
          "0"
        ]
      },
      "ResponseBody": "{\r\n  \"properties\": {\r\n    \"policyType\": \"Custom\",\r\n    \"mode\": \"All\",\r\n    \"description\": \"Unit test junk: sorry for littering. Please delete me!\",\r\n    \"metadata\": {\r\n      \"createdBy\": \"5710e138-9c59-46d4-85d9-d7db71406df0\",\r\n      \"createdOn\": \"2021-11-16T05:11:04.445266Z\",\r\n      \"updatedBy\": null,\r\n      \"updatedOn\": null\r\n    },\r\n    \"policyRule\": {\r\n      \"if\": {\r\n        \"source\": \"action\",\r\n        \"equals\": \"Microsoft.Resources/Subscriptions/ResourceGroups/write\"\r\n      },\r\n      \"then\": {\r\n        \"effect\": \"deny\"\r\n      }\r\n    }\r\n  },\r\n  \"id\": \"/subscriptions/2c2f67af-09f9-4d60-b051-c5d956d2c9a7/providers/Microsoft.Authorization/policyDefinitions/ps8215\",\r\n  \"type\": \"Microsoft.Authorization/policyDefinitions\",\r\n  \"name\": \"ps8215\",\r\n  \"systemData\": {\r\n    \"createdBy\": \"74e3e043-481b-454f-8acc-3e7a4a845417\",\r\n    \"createdByType\": \"Application\",\r\n    \"createdAt\": \"2021-11-16T05:11:04.3836579Z\",\r\n    \"lastModifiedBy\": \"74e3e043-481b-454f-8acc-3e7a4a845417\",\r\n    \"lastModifiedByType\": \"Application\",\r\n    \"lastModifiedAt\": \"2021-11-16T05:11:04.3836579Z\"\r\n  }\r\n}",
      "StatusCode": 201
    },
    {
      "RequestUri": "/subscriptions/2c2f67af-09f9-4d60-b051-c5d956d2c9a7/providers/Microsoft.Authorization/policysetdefinitions/ps2355?api-version=2021-06-01",
      "EncodedRequestUri": "L3N1YnNjcmlwdGlvbnMvMmMyZjY3YWYtMDlmOS00ZDYwLWIwNTEtYzVkOTU2ZDJjOWE3L3Byb3ZpZGVycy9NaWNyb3NvZnQuQXV0aG9yaXphdGlvbi9wb2xpY3lzZXRkZWZpbml0aW9ucy9wczIzNTU/YXBpLXZlcnNpb249MjAyMS0wNi0wMQ==",
      "RequestMethod": "PUT",
      "RequestBody": "{\r\n  \"name\": \"ps2355\",\r\n  \"properties\": {\r\n    \"description\": \"Unit test junk: sorry for littering. Please delete me!\",\r\n    \"metadata\": {\r\n      \"testName\": \"testValue\"\r\n    },\r\n    \"policyDefinitions\": [\r\n      {\r\n        \"policyDefinitionId\": \"/subscriptions/2c2f67af-09f9-4d60-b051-c5d956d2c9a7/providers/Microsoft.Authorization/policyDefinitions/ps1512\"\r\n      },\r\n      {\r\n        \"policyDefinitionId\": \"/subscriptions/2c2f67af-09f9-4d60-b051-c5d956d2c9a7/providers/Microsoft.Authorization/policyDefinitions/ps8215\"\r\n      }\r\n    ],\r\n    \"policyType\": \"Custom\"\r\n  }\r\n}",
      "RequestHeaders": {
        "User-Agent": [
          "AzurePowershell/v0.0.0",
          "PSVersion/v3.0.0.0"
        ],
        "ParameterSetName": [
          "NameParameterSet"
        ],
        "CommandName": [
          "New-AzPolicySetDefinition"
        ],
        "Content-Type": [
          "application/json; charset=utf-8"
        ],
        "Content-Length": [
          "574"
        ]
      },
      "ResponseHeaders": {
        "Cache-Control": [
          "no-cache"
        ],
        "Pragma": [
          "no-cache"
        ],
        "Strict-Transport-Security": [
          "max-age=31536000; includeSubDomains"
        ],
        "Server": [
          "Kestrel"
        ],
        "x-ms-ratelimit-remaining-subscription-writes": [
          "1199"
        ],
        "x-ms-request-id": [
          "1a9c5d13-6fd3-4c56-bab1-b695dfa837c5"
        ],
        "x-ms-correlation-request-id": [
          "1a9c5d13-6fd3-4c56-bab1-b695dfa837c5"
        ],
        "x-ms-routing-request-id": [
          "NORTHCENTRALUS:20211116T051105Z:1a9c5d13-6fd3-4c56-bab1-b695dfa837c5"
        ],
        "X-Content-Type-Options": [
          "nosniff"
        ],
        "Date": [
          "Tue, 16 Nov 2021 05:11:05 GMT"
        ],
        "Content-Length": [
          "1141"
        ],
        "Content-Type": [
          "application/json; charset=utf-8"
        ],
        "Expires": [
          "-1"
        ],
        "Retry-After": [
          "0"
        ]
      },
      "ResponseBody": "{\r\n  \"properties\": {\r\n    \"policyType\": \"Custom\",\r\n    \"description\": \"Unit test junk: sorry for littering. Please delete me!\",\r\n    \"metadata\": {\r\n      \"testName\": \"testValue\",\r\n      \"createdBy\": \"5710e138-9c59-46d4-85d9-d7db71406df0\",\r\n      \"createdOn\": \"2021-11-16T05:11:05.7630148Z\",\r\n      \"updatedBy\": null,\r\n      \"updatedOn\": null\r\n    },\r\n    \"policyDefinitions\": [\r\n      {\r\n        \"policyDefinitionReferenceId\": \"18066929669257141811\",\r\n        \"policyDefinitionId\": \"/subscriptions/2c2f67af-09f9-4d60-b051-c5d956d2c9a7/providers/Microsoft.Authorization/policyDefinitions/ps1512\"\r\n      },\r\n      {\r\n        \"policyDefinitionReferenceId\": \"2084164412297369727\",\r\n        \"policyDefinitionId\": \"/subscriptions/2c2f67af-09f9-4d60-b051-c5d956d2c9a7/providers/Microsoft.Authorization/policyDefinitions/ps8215\"\r\n      }\r\n    ]\r\n  },\r\n  \"id\": \"/subscriptions/2c2f67af-09f9-4d60-b051-c5d956d2c9a7/providers/Microsoft.Authorization/policySetDefinitions/ps2355\",\r\n  \"type\": \"Microsoft.Authorization/policySetDefinitions\",\r\n  \"name\": \"ps2355\",\r\n  \"systemData\": {\r\n    \"createdBy\": \"74e3e043-481b-454f-8acc-3e7a4a845417\",\r\n    \"createdByType\": \"Application\",\r\n    \"createdAt\": \"2021-11-16T05:11:04.8543222Z\",\r\n    \"lastModifiedBy\": \"74e3e043-481b-454f-8acc-3e7a4a845417\",\r\n    \"lastModifiedByType\": \"Application\",\r\n    \"lastModifiedAt\": \"2021-11-16T05:11:04.8543222Z\"\r\n  }\r\n}",
      "StatusCode": 201
    },
    {
      "RequestUri": "/subscriptions/2c2f67af-09f9-4d60-b051-c5d956d2c9a7/resourceGroups/ps2942/providers/Microsoft.Authorization/policyassignments/testPA?api-version=2021-06-01",
      "EncodedRequestUri": "L3N1YnNjcmlwdGlvbnMvMmMyZjY3YWYtMDlmOS00ZDYwLWIwNTEtYzVkOTU2ZDJjOWE3L3Jlc291cmNlR3JvdXBzL3BzMjk0Mi9wcm92aWRlcnMvTWljcm9zb2Z0LkF1dGhvcml6YXRpb24vcG9saWN5YXNzaWdubWVudHMvdGVzdFBBP2FwaS12ZXJzaW9uPTIwMjEtMDYtMDE=",
      "RequestMethod": "PUT",
      "RequestBody": "{\r\n  \"properties\": {\r\n    \"scope\": \"/subscriptions/2c2f67af-09f9-4d60-b051-c5d956d2c9a7/resourceGroups/ps2942\",\r\n    \"description\": \"Unit test junk: sorry for littering. Please delete me!\",\r\n    \"enforcementMode\": \"Default\",\r\n    \"policyDefinitionId\": \"/subscriptions/2c2f67af-09f9-4d60-b051-c5d956d2c9a7/providers/Microsoft.Authorization/policySetDefinitions/ps2355\",\r\n    \"nonComplianceMessages\": [\r\n      {\r\n        \"message\": \"General message\"\r\n      }\r\n    ]\r\n  },\r\n  \"name\": \"testPA\"\r\n}",
      "RequestHeaders": {
        "User-Agent": [
          "AzurePowershell/v0.0.0",
          "PSVersion/v3.0.0.0"
        ],
        "ParameterSetName": [
          "DefaultParameterSet"
        ],
        "CommandName": [
          "New-AzPolicyAssignment"
        ],
        "Content-Type": [
          "application/json; charset=utf-8"
        ],
        "Content-Length": [
          "492"
        ]
      },
      "ResponseHeaders": {
        "Cache-Control": [
          "no-cache"
        ],
        "Pragma": [
          "no-cache"
        ],
        "Strict-Transport-Security": [
          "max-age=31536000; includeSubDomains"
        ],
        "Server": [
          "Kestrel"
        ],
        "x-ms-ratelimit-remaining-subscription-writes": [
          "1199"
        ],
        "x-ms-request-id": [
          "b85bbbc5-ab32-45d1-a20c-128bfac0d43c"
        ],
        "x-ms-correlation-request-id": [
          "b85bbbc5-ab32-45d1-a20c-128bfac0d43c"
        ],
        "x-ms-routing-request-id": [
          "NORTHCENTRALUS:20211116T051106Z:b85bbbc5-ab32-45d1-a20c-128bfac0d43c"
        ],
        "X-Content-Type-Options": [
          "nosniff"
        ],
        "Date": [
          "Tue, 16 Nov 2021 05:11:05 GMT"
        ],
        "Content-Length": [
          "1018"
        ],
        "Content-Type": [
          "application/json; charset=utf-8"
        ],
        "Expires": [
          "-1"
        ],
        "Retry-After": [
          "0"
        ]
      },
      "ResponseBody": "{\r\n  \"properties\": {\r\n    \"policyDefinitionId\": \"/subscriptions/2c2f67af-09f9-4d60-b051-c5d956d2c9a7/providers/Microsoft.Authorization/policySetDefinitions/ps2355\",\r\n    \"scope\": \"/subscriptions/2c2f67af-09f9-4d60-b051-c5d956d2c9a7/resourceGroups/ps2942\",\r\n    \"description\": \"Unit test junk: sorry for littering. Please delete me!\",\r\n    \"metadata\": {\r\n      \"createdBy\": \"5710e138-9c59-46d4-85d9-d7db71406df0\",\r\n      \"createdOn\": \"2021-11-16T05:11:06.2774306Z\",\r\n      \"updatedBy\": null,\r\n      \"updatedOn\": null\r\n    },\r\n    \"enforcementMode\": \"Default\",\r\n    \"nonComplianceMessages\": [\r\n      {\r\n        \"message\": \"General message\"\r\n      }\r\n    ]\r\n  },\r\n  \"id\": \"/subscriptions/2c2f67af-09f9-4d60-b051-c5d956d2c9a7/resourceGroups/ps2942/providers/Microsoft.Authorization/policyAssignments/testPA\",\r\n  \"type\": \"Microsoft.Authorization/policyAssignments\",\r\n  \"name\": \"testPA\",\r\n  \"systemData\": {\r\n    \"createdBy\": \"74e3e043-481b-454f-8acc-3e7a4a845417\",\r\n    \"createdByType\": \"Application\",\r\n    \"createdAt\": \"2021-11-16T05:11:06.2425302Z\",\r\n    \"lastModifiedBy\": \"74e3e043-481b-454f-8acc-3e7a4a845417\",\r\n    \"lastModifiedByType\": \"Application\",\r\n    \"lastModifiedAt\": \"2021-11-16T05:11:06.2425302Z\"\r\n  }\r\n}",
      "StatusCode": 201
    },
    {
      "RequestUri": "/subscriptions/2c2f67af-09f9-4d60-b051-c5d956d2c9a7/resourceGroups/ps2942/providers/Microsoft.Authorization/policyassignments/testPA?api-version=2021-06-01",
      "EncodedRequestUri": "L3N1YnNjcmlwdGlvbnMvMmMyZjY3YWYtMDlmOS00ZDYwLWIwNTEtYzVkOTU2ZDJjOWE3L3Jlc291cmNlR3JvdXBzL3BzMjk0Mi9wcm92aWRlcnMvTWljcm9zb2Z0LkF1dGhvcml6YXRpb24vcG9saWN5YXNzaWdubWVudHMvdGVzdFBBP2FwaS12ZXJzaW9uPTIwMjEtMDYtMDE=",
      "RequestMethod": "PUT",
      "RequestBody": "{\r\n  \"properties\": {\r\n    \"scope\": \"/subscriptions/2c2f67af-09f9-4d60-b051-c5d956d2c9a7/resourceGroups/ps2942\",\r\n    \"description\": \"Unit test junk: sorry for littering. Please delete me!\",\r\n    \"enforcementMode\": \"Default\",\r\n    \"policyDefinitionId\": \"/subscriptions/2c2f67af-09f9-4d60-b051-c5d956d2c9a7/providers/Microsoft.Authorization/policySetDefinitions/ps2355\",\r\n    \"nonComplianceMessages\": [\r\n      {\r\n        \"message\": \"General message\"\r\n      },\r\n      {\r\n        \"message\": \"Specific message 1\",\r\n        \"policyDefinitionReferenceId\": \"18066929669257141811\"\r\n      }\r\n    ]\r\n  },\r\n  \"name\": \"testPA\"\r\n}",
      "RequestHeaders": {
        "User-Agent": [
          "AzurePowershell/v0.0.0",
          "PSVersion/v3.0.0.0"
        ],
        "ParameterSetName": [
          "DefaultParameterSet"
        ],
        "CommandName": [
          "New-AzPolicyAssignment"
        ],
        "Content-Type": [
          "application/json; charset=utf-8"
        ],
        "Content-Length": [
          "616"
        ]
      },
      "ResponseHeaders": {
        "Cache-Control": [
          "no-cache"
        ],
        "Pragma": [
          "no-cache"
        ],
        "Strict-Transport-Security": [
          "max-age=31536000; includeSubDomains"
        ],
        "Server": [
          "Kestrel"
        ],
        "x-ms-ratelimit-remaining-subscription-writes": [
          "1199"
        ],
        "x-ms-request-id": [
          "cc616ce0-888e-4330-a4e0-6f71e957a139"
        ],
        "x-ms-correlation-request-id": [
          "cc616ce0-888e-4330-a4e0-6f71e957a139"
        ],
        "x-ms-routing-request-id": [
          "NORTHCENTRALUS:20211116T051107Z:cc616ce0-888e-4330-a4e0-6f71e957a139"
        ],
        "X-Content-Type-Options": [
          "nosniff"
        ],
        "Date": [
          "Tue, 16 Nov 2021 05:11:07 GMT"
        ],
        "Content-Length": [
          "1164"
        ],
        "Content-Type": [
          "application/json; charset=utf-8"
        ],
        "Expires": [
          "-1"
        ],
        "Retry-After": [
          "0"
        ]
      },
      "ResponseBody": "{\r\n  \"properties\": {\r\n    \"policyDefinitionId\": \"/subscriptions/2c2f67af-09f9-4d60-b051-c5d956d2c9a7/providers/Microsoft.Authorization/policySetDefinitions/ps2355\",\r\n    \"scope\": \"/subscriptions/2c2f67af-09f9-4d60-b051-c5d956d2c9a7/resourceGroups/ps2942\",\r\n    \"description\": \"Unit test junk: sorry for littering. Please delete me!\",\r\n    \"metadata\": {\r\n      \"createdBy\": \"5710e138-9c59-46d4-85d9-d7db71406df0\",\r\n      \"createdOn\": \"2021-11-16T05:11:06.2774306Z\",\r\n      \"updatedBy\": \"5710e138-9c59-46d4-85d9-d7db71406df0\",\r\n      \"updatedOn\": \"2021-11-16T05:11:07.1944919Z\"\r\n    },\r\n    \"enforcementMode\": \"Default\",\r\n    \"nonComplianceMessages\": [\r\n      {\r\n        \"message\": \"General message\"\r\n      },\r\n      {\r\n        \"policyDefinitionReferenceId\": \"18066929669257141811\",\r\n        \"message\": \"Specific message 1\"\r\n      }\r\n    ]\r\n  },\r\n  \"id\": \"/subscriptions/2c2f67af-09f9-4d60-b051-c5d956d2c9a7/resourceGroups/ps2942/providers/Microsoft.Authorization/policyAssignments/testPA\",\r\n  \"type\": \"Microsoft.Authorization/policyAssignments\",\r\n  \"name\": \"testPA\",\r\n  \"systemData\": {\r\n    \"createdBy\": \"74e3e043-481b-454f-8acc-3e7a4a845417\",\r\n    \"createdByType\": \"Application\",\r\n    \"createdAt\": \"2021-11-16T05:11:06.2425302Z\",\r\n    \"lastModifiedBy\": \"74e3e043-481b-454f-8acc-3e7a4a845417\",\r\n    \"lastModifiedByType\": \"Application\",\r\n    \"lastModifiedAt\": \"2021-11-16T05:11:07.1299093Z\"\r\n  }\r\n}",
      "StatusCode": 201
    },
    {
      "RequestUri": "/subscriptions/2c2f67af-09f9-4d60-b051-c5d956d2c9a7/resourceGroups/ps2942/providers/Microsoft.Authorization/policyassignments/testPA?api-version=2021-06-01",
      "EncodedRequestUri": "L3N1YnNjcmlwdGlvbnMvMmMyZjY3YWYtMDlmOS00ZDYwLWIwNTEtYzVkOTU2ZDJjOWE3L3Jlc291cmNlR3JvdXBzL3BzMjk0Mi9wcm92aWRlcnMvTWljcm9zb2Z0LkF1dGhvcml6YXRpb24vcG9saWN5YXNzaWdubWVudHMvdGVzdFBBP2FwaS12ZXJzaW9uPTIwMjEtMDYtMDE=",
      "RequestMethod": "GET",
      "RequestBody": "",
      "RequestHeaders": {
        "User-Agent": [
          "AzurePowershell/v0.0.0",
          "PSVersion/v3.0.0.0"
        ],
        "ParameterSetName": [
          "NameParameterSet"
        ],
        "CommandName": [
          "Get-AzPolicyAssignment"
        ]
      },
      "ResponseHeaders": {
        "Cache-Control": [
          "no-cache"
        ],
        "Pragma": [
          "no-cache"
        ],
        "Strict-Transport-Security": [
          "max-age=31536000; includeSubDomains"
        ],
        "Server": [
          "Kestrel"
        ],
        "x-ms-ratelimit-remaining-subscription-reads": [
          "11997"
        ],
        "x-ms-request-id": [
          "da00022d-e083-420e-9873-d6fc87e291d0"
        ],
        "x-ms-correlation-request-id": [
          "da00022d-e083-420e-9873-d6fc87e291d0"
        ],
        "x-ms-routing-request-id": [
          "NORTHCENTRALUS:20211116T051106Z:da00022d-e083-420e-9873-d6fc87e291d0"
        ],
        "X-Content-Type-Options": [
          "nosniff"
        ],
        "Date": [
          "Tue, 16 Nov 2021 05:11:06 GMT"
        ],
        "Content-Length": [
          "1018"
        ],
        "Content-Type": [
          "application/json; charset=utf-8"
        ],
        "Expires": [
          "-1"
        ],
        "Retry-After": [
          "0"
        ]
      },
      "ResponseBody": "{\r\n  \"properties\": {\r\n    \"policyDefinitionId\": \"/subscriptions/2c2f67af-09f9-4d60-b051-c5d956d2c9a7/providers/Microsoft.Authorization/policySetDefinitions/ps2355\",\r\n    \"scope\": \"/subscriptions/2c2f67af-09f9-4d60-b051-c5d956d2c9a7/resourceGroups/ps2942\",\r\n    \"description\": \"Unit test junk: sorry for littering. Please delete me!\",\r\n    \"metadata\": {\r\n      \"createdBy\": \"5710e138-9c59-46d4-85d9-d7db71406df0\",\r\n      \"createdOn\": \"2021-11-16T05:11:06.2774306Z\",\r\n      \"updatedBy\": null,\r\n      \"updatedOn\": null\r\n    },\r\n    \"enforcementMode\": \"Default\",\r\n    \"nonComplianceMessages\": [\r\n      {\r\n        \"message\": \"General message\"\r\n      }\r\n    ]\r\n  },\r\n  \"id\": \"/subscriptions/2c2f67af-09f9-4d60-b051-c5d956d2c9a7/resourceGroups/ps2942/providers/Microsoft.Authorization/policyAssignments/testPA\",\r\n  \"type\": \"Microsoft.Authorization/policyAssignments\",\r\n  \"name\": \"testPA\",\r\n  \"systemData\": {\r\n    \"createdBy\": \"74e3e043-481b-454f-8acc-3e7a4a845417\",\r\n    \"createdByType\": \"Application\",\r\n    \"createdAt\": \"2021-11-16T05:11:06.2425302Z\",\r\n    \"lastModifiedBy\": \"74e3e043-481b-454f-8acc-3e7a4a845417\",\r\n    \"lastModifiedByType\": \"Application\",\r\n    \"lastModifiedAt\": \"2021-11-16T05:11:06.2425302Z\"\r\n  }\r\n}",
      "StatusCode": 200
    },
    {
      "RequestUri": "/subscriptions/2c2f67af-09f9-4d60-b051-c5d956d2c9a7/resourceGroups/ps2942/providers/Microsoft.Authorization/policyassignments/testPA?api-version=2021-06-01",
      "EncodedRequestUri": "L3N1YnNjcmlwdGlvbnMvMmMyZjY3YWYtMDlmOS00ZDYwLWIwNTEtYzVkOTU2ZDJjOWE3L3Jlc291cmNlR3JvdXBzL3BzMjk0Mi9wcm92aWRlcnMvTWljcm9zb2Z0LkF1dGhvcml6YXRpb24vcG9saWN5YXNzaWdubWVudHMvdGVzdFBBP2FwaS12ZXJzaW9uPTIwMjEtMDYtMDE=",
      "RequestMethod": "GET",
      "RequestBody": "",
      "RequestHeaders": {
        "User-Agent": [
          "AzurePowershell/v0.0.0",
          "PSVersion/v3.0.0.0"
        ],
        "ParameterSetName": [
          "NameParameterSet"
        ],
        "CommandName": [
          "Get-AzPolicyAssignment"
        ]
      },
      "ResponseHeaders": {
        "Cache-Control": [
          "no-cache"
        ],
        "Pragma": [
          "no-cache"
        ],
        "Strict-Transport-Security": [
          "max-age=31536000; includeSubDomains"
        ],
        "Server": [
          "Kestrel"
        ],
        "x-ms-ratelimit-remaining-subscription-reads": [
          "11999"
        ],
        "x-ms-request-id": [
          "0688b962-0e53-4a97-a5c3-1b0df28a1d4a"
        ],
        "x-ms-correlation-request-id": [
          "0688b962-0e53-4a97-a5c3-1b0df28a1d4a"
        ],
        "x-ms-routing-request-id": [
          "NORTHCENTRALUS:20211116T051107Z:0688b962-0e53-4a97-a5c3-1b0df28a1d4a"
        ],
        "X-Content-Type-Options": [
          "nosniff"
        ],
        "Date": [
          "Tue, 16 Nov 2021 05:11:07 GMT"
        ],
        "Content-Length": [
          "1164"
        ],
        "Content-Type": [
          "application/json; charset=utf-8"
        ],
        "Expires": [
          "-1"
        ],
        "Retry-After": [
          "0"
        ]
      },
      "ResponseBody": "{\r\n  \"properties\": {\r\n    \"policyDefinitionId\": \"/subscriptions/2c2f67af-09f9-4d60-b051-c5d956d2c9a7/providers/Microsoft.Authorization/policySetDefinitions/ps2355\",\r\n    \"scope\": \"/subscriptions/2c2f67af-09f9-4d60-b051-c5d956d2c9a7/resourceGroups/ps2942\",\r\n    \"description\": \"Unit test junk: sorry for littering. Please delete me!\",\r\n    \"metadata\": {\r\n      \"createdBy\": \"5710e138-9c59-46d4-85d9-d7db71406df0\",\r\n      \"createdOn\": \"2021-11-16T05:11:06.2774306Z\",\r\n      \"updatedBy\": \"5710e138-9c59-46d4-85d9-d7db71406df0\",\r\n      \"updatedOn\": \"2021-11-16T05:11:07.1944919Z\"\r\n    },\r\n    \"enforcementMode\": \"Default\",\r\n    \"nonComplianceMessages\": [\r\n      {\r\n        \"message\": \"General message\"\r\n      },\r\n      {\r\n        \"policyDefinitionReferenceId\": \"18066929669257141811\",\r\n        \"message\": \"Specific message 1\"\r\n      }\r\n    ]\r\n  },\r\n  \"id\": \"/subscriptions/2c2f67af-09f9-4d60-b051-c5d956d2c9a7/resourceGroups/ps2942/providers/Microsoft.Authorization/policyAssignments/testPA\",\r\n  \"type\": \"Microsoft.Authorization/policyAssignments\",\r\n  \"name\": \"testPA\",\r\n  \"systemData\": {\r\n    \"createdBy\": \"74e3e043-481b-454f-8acc-3e7a4a845417\",\r\n    \"createdByType\": \"Application\",\r\n    \"createdAt\": \"2021-11-16T05:11:06.2425302Z\",\r\n    \"lastModifiedBy\": \"74e3e043-481b-454f-8acc-3e7a4a845417\",\r\n    \"lastModifiedByType\": \"Application\",\r\n    \"lastModifiedAt\": \"2021-11-16T05:11:07.1299093Z\"\r\n  }\r\n}",
      "StatusCode": 200
    },
    {
      "RequestUri": "/subscriptions/2c2f67af-09f9-4d60-b051-c5d956d2c9a7/resourceGroups/ps2942/providers/Microsoft.Authorization/policyAssignments/testPA?api-version=2021-06-01",
      "EncodedRequestUri": "L3N1YnNjcmlwdGlvbnMvMmMyZjY3YWYtMDlmOS00ZDYwLWIwNTEtYzVkOTU2ZDJjOWE3L3Jlc291cmNlR3JvdXBzL3BzMjk0Mi9wcm92aWRlcnMvTWljcm9zb2Z0LkF1dGhvcml6YXRpb24vcG9saWN5QXNzaWdubWVudHMvdGVzdFBBP2FwaS12ZXJzaW9uPTIwMjEtMDYtMDE=",
      "RequestMethod": "GET",
      "RequestBody": "",
      "RequestHeaders": {
        "User-Agent": [
          "AzurePowershell/v0.0.0",
          "PSVersion/v3.0.0.0"
        ],
        "ParameterSetName": [
          "IdParameterSet"
        ],
        "CommandName": [
          "Get-AzPolicyAssignment"
        ]
      },
      "ResponseHeaders": {
        "Cache-Control": [
          "no-cache"
        ],
        "Pragma": [
          "no-cache"
        ],
        "Strict-Transport-Security": [
          "max-age=31536000; includeSubDomains"
        ],
        "Server": [
          "Kestrel"
        ],
        "x-ms-ratelimit-remaining-subscription-reads": [
          "11998"
        ],
        "x-ms-request-id": [
          "2478fb98-a60b-4db2-84ce-50a659af75ed"
        ],
        "x-ms-correlation-request-id": [
          "2478fb98-a60b-4db2-84ce-50a659af75ed"
        ],
        "x-ms-routing-request-id": [
          "NORTHCENTRALUS:20211116T051106Z:2478fb98-a60b-4db2-84ce-50a659af75ed"
        ],
        "X-Content-Type-Options": [
          "nosniff"
        ],
        "Date": [
          "Tue, 16 Nov 2021 05:11:06 GMT"
        ],
        "Content-Length": [
          "1018"
        ],
        "Content-Type": [
          "application/json; charset=utf-8"
        ],
        "Expires": [
          "-1"
        ],
        "Retry-After": [
          "0"
        ]
      },
      "ResponseBody": "{\r\n  \"properties\": {\r\n    \"policyDefinitionId\": \"/subscriptions/2c2f67af-09f9-4d60-b051-c5d956d2c9a7/providers/Microsoft.Authorization/policySetDefinitions/ps2355\",\r\n    \"scope\": \"/subscriptions/2c2f67af-09f9-4d60-b051-c5d956d2c9a7/resourceGroups/ps2942\",\r\n    \"description\": \"Unit test junk: sorry for littering. Please delete me!\",\r\n    \"metadata\": {\r\n      \"createdBy\": \"5710e138-9c59-46d4-85d9-d7db71406df0\",\r\n      \"createdOn\": \"2021-11-16T05:11:06.2774306Z\",\r\n      \"updatedBy\": null,\r\n      \"updatedOn\": null\r\n    },\r\n    \"enforcementMode\": \"Default\",\r\n    \"nonComplianceMessages\": [\r\n      {\r\n        \"message\": \"General message\"\r\n      }\r\n    ]\r\n  },\r\n  \"id\": \"/subscriptions/2c2f67af-09f9-4d60-b051-c5d956d2c9a7/resourceGroups/ps2942/providers/Microsoft.Authorization/policyAssignments/testPA\",\r\n  \"type\": \"Microsoft.Authorization/policyAssignments\",\r\n  \"name\": \"testPA\",\r\n  \"systemData\": {\r\n    \"createdBy\": \"74e3e043-481b-454f-8acc-3e7a4a845417\",\r\n    \"createdByType\": \"Application\",\r\n    \"createdAt\": \"2021-11-16T05:11:06.2425302Z\",\r\n    \"lastModifiedBy\": \"74e3e043-481b-454f-8acc-3e7a4a845417\",\r\n    \"lastModifiedByType\": \"Application\",\r\n    \"lastModifiedAt\": \"2021-11-16T05:11:06.2425302Z\"\r\n  }\r\n}",
      "StatusCode": 200
    },
    {
      "RequestUri": "/subscriptions/2c2f67af-09f9-4d60-b051-c5d956d2c9a7/resourceGroups/ps2942/providers/Microsoft.Authorization/policyAssignments/testPA?api-version=2021-06-01",
      "EncodedRequestUri": "L3N1YnNjcmlwdGlvbnMvMmMyZjY3YWYtMDlmOS00ZDYwLWIwNTEtYzVkOTU2ZDJjOWE3L3Jlc291cmNlR3JvdXBzL3BzMjk0Mi9wcm92aWRlcnMvTWljcm9zb2Z0LkF1dGhvcml6YXRpb24vcG9saWN5QXNzaWdubWVudHMvdGVzdFBBP2FwaS12ZXJzaW9uPTIwMjEtMDYtMDE=",
      "RequestMethod": "GET",
      "RequestBody": "",
      "RequestHeaders": {
        "User-Agent": [
          "AzurePowershell/v0.0.0",
          "PSVersion/v3.0.0.0"
        ],
        "ParameterSetName": [
          "IdParameterSet"
        ],
        "CommandName": [
          "Set-AzPolicyAssignment"
        ]
      },
      "ResponseHeaders": {
        "Cache-Control": [
          "no-cache"
        ],
        "Pragma": [
          "no-cache"
        ],
        "Strict-Transport-Security": [
          "max-age=31536000; includeSubDomains"
        ],
        "Server": [
          "Kestrel"
        ],
        "x-ms-ratelimit-remaining-subscription-reads": [
          "11995"
        ],
        "x-ms-request-id": [
          "2a320c67-f464-42ac-8d59-d146b00f4148"
        ],
        "x-ms-correlation-request-id": [
          "2a320c67-f464-42ac-8d59-d146b00f4148"
        ],
        "x-ms-routing-request-id": [
          "NORTHCENTRALUS:20211116T051107Z:2a320c67-f464-42ac-8d59-d146b00f4148"
        ],
        "X-Content-Type-Options": [
          "nosniff"
        ],
        "Date": [
          "Tue, 16 Nov 2021 05:11:07 GMT"
        ],
        "Content-Length": [
          "1164"
        ],
        "Content-Type": [
          "application/json; charset=utf-8"
        ],
        "Expires": [
          "-1"
        ],
        "Retry-After": [
          "0"
        ]
      },
      "ResponseBody": "{\r\n  \"properties\": {\r\n    \"policyDefinitionId\": \"/subscriptions/2c2f67af-09f9-4d60-b051-c5d956d2c9a7/providers/Microsoft.Authorization/policySetDefinitions/ps2355\",\r\n    \"scope\": \"/subscriptions/2c2f67af-09f9-4d60-b051-c5d956d2c9a7/resourceGroups/ps2942\",\r\n    \"description\": \"Unit test junk: sorry for littering. Please delete me!\",\r\n    \"metadata\": {\r\n      \"createdBy\": \"5710e138-9c59-46d4-85d9-d7db71406df0\",\r\n      \"createdOn\": \"2021-11-16T05:11:06.2774306Z\",\r\n      \"updatedBy\": \"5710e138-9c59-46d4-85d9-d7db71406df0\",\r\n      \"updatedOn\": \"2021-11-16T05:11:07.1944919Z\"\r\n    },\r\n    \"enforcementMode\": \"Default\",\r\n    \"nonComplianceMessages\": [\r\n      {\r\n        \"message\": \"General message\"\r\n      },\r\n      {\r\n        \"policyDefinitionReferenceId\": \"18066929669257141811\",\r\n        \"message\": \"Specific message 1\"\r\n      }\r\n    ]\r\n  },\r\n  \"id\": \"/subscriptions/2c2f67af-09f9-4d60-b051-c5d956d2c9a7/resourceGroups/ps2942/providers/Microsoft.Authorization/policyAssignments/testPA\",\r\n  \"type\": \"Microsoft.Authorization/policyAssignments\",\r\n  \"name\": \"testPA\",\r\n  \"systemData\": {\r\n    \"createdBy\": \"74e3e043-481b-454f-8acc-3e7a4a845417\",\r\n    \"createdByType\": \"Application\",\r\n    \"createdAt\": \"2021-11-16T05:11:06.2425302Z\",\r\n    \"lastModifiedBy\": \"74e3e043-481b-454f-8acc-3e7a4a845417\",\r\n    \"lastModifiedByType\": \"Application\",\r\n    \"lastModifiedAt\": \"2021-11-16T05:11:07.1299093Z\"\r\n  }\r\n}",
      "StatusCode": 200
    },
    {
      "RequestUri": "/subscriptions/2c2f67af-09f9-4d60-b051-c5d956d2c9a7/resourceGroups/ps2942/providers/Microsoft.Authorization/policyAssignments/testPA?api-version=2021-06-01",
      "EncodedRequestUri": "L3N1YnNjcmlwdGlvbnMvMmMyZjY3YWYtMDlmOS00ZDYwLWIwNTEtYzVkOTU2ZDJjOWE3L3Jlc291cmNlR3JvdXBzL3BzMjk0Mi9wcm92aWRlcnMvTWljcm9zb2Z0LkF1dGhvcml6YXRpb24vcG9saWN5QXNzaWdubWVudHMvdGVzdFBBP2FwaS12ZXJzaW9uPTIwMjEtMDYtMDE=",
      "RequestMethod": "GET",
      "RequestBody": "",
      "RequestHeaders": {
        "User-Agent": [
          "AzurePowershell/v0.0.0",
          "PSVersion/v3.0.0.0"
        ],
        "ParameterSetName": [
          "IdParameterSet"
        ],
        "CommandName": [
          "Set-AzPolicyAssignment"
        ]
      },
      "ResponseHeaders": {
        "Cache-Control": [
          "no-cache"
        ],
        "Pragma": [
          "no-cache"
        ],
        "Strict-Transport-Security": [
          "max-age=31536000; includeSubDomains"
        ],
        "Server": [
          "Kestrel"
        ],
        "x-ms-ratelimit-remaining-subscription-reads": [
          "11998"
        ],
        "x-ms-request-id": [
          "6b00292e-468b-466d-9e6e-78fab67b367f"
        ],
        "x-ms-correlation-request-id": [
          "6b00292e-468b-466d-9e6e-78fab67b367f"
        ],
        "x-ms-routing-request-id": [
          "NORTHCENTRALUS:20211116T051108Z:6b00292e-468b-466d-9e6e-78fab67b367f"
        ],
        "X-Content-Type-Options": [
          "nosniff"
        ],
        "Date": [
          "Tue, 16 Nov 2021 05:11:08 GMT"
        ],
        "Content-Length": [
          "1192"
        ],
        "Content-Type": [
          "application/json; charset=utf-8"
        ],
        "Expires": [
          "-1"
        ],
        "Retry-After": [
          "0"
        ]
      },
      "ResponseBody": "{\r\n  \"properties\": {\r\n    \"displayName\": \"testDisplay\",\r\n    \"policyDefinitionId\": \"/subscriptions/2c2f67af-09f9-4d60-b051-c5d956d2c9a7/providers/Microsoft.Authorization/policySetDefinitions/ps2355\",\r\n    \"scope\": \"/subscriptions/2c2f67af-09f9-4d60-b051-c5d956d2c9a7/resourceGroups/ps2942\",\r\n    \"description\": \"Unit test junk: sorry for littering. Please delete me!\",\r\n    \"metadata\": {\r\n      \"createdBy\": \"5710e138-9c59-46d4-85d9-d7db71406df0\",\r\n      \"createdOn\": \"2021-11-16T05:11:06.2774306Z\",\r\n      \"updatedBy\": \"5710e138-9c59-46d4-85d9-d7db71406df0\",\r\n      \"updatedOn\": \"2021-11-16T05:11:07.8969193Z\"\r\n    },\r\n    \"enforcementMode\": \"Default\",\r\n    \"nonComplianceMessages\": [\r\n      {\r\n        \"message\": \"General message\"\r\n      },\r\n      {\r\n        \"policyDefinitionReferenceId\": \"18066929669257141811\",\r\n        \"message\": \"Specific message 1\"\r\n      }\r\n    ]\r\n  },\r\n  \"id\": \"/subscriptions/2c2f67af-09f9-4d60-b051-c5d956d2c9a7/resourceGroups/ps2942/providers/Microsoft.Authorization/policyAssignments/testPA\",\r\n  \"type\": \"Microsoft.Authorization/policyAssignments\",\r\n  \"name\": \"testPA\",\r\n  \"systemData\": {\r\n    \"createdBy\": \"74e3e043-481b-454f-8acc-3e7a4a845417\",\r\n    \"createdByType\": \"Application\",\r\n    \"createdAt\": \"2021-11-16T05:11:06.2425302Z\",\r\n    \"lastModifiedBy\": \"74e3e043-481b-454f-8acc-3e7a4a845417\",\r\n    \"lastModifiedByType\": \"Application\",\r\n    \"lastModifiedAt\": \"2021-11-16T05:11:07.8689184Z\"\r\n  }\r\n}",
      "StatusCode": 200
    },
    {
      "RequestUri": "/subscriptions/2c2f67af-09f9-4d60-b051-c5d956d2c9a7/resourceGroups/ps2942/providers/Microsoft.Authorization/policyAssignments/testPA?api-version=2021-06-01",
      "EncodedRequestUri": "L3N1YnNjcmlwdGlvbnMvMmMyZjY3YWYtMDlmOS00ZDYwLWIwNTEtYzVkOTU2ZDJjOWE3L3Jlc291cmNlR3JvdXBzL3BzMjk0Mi9wcm92aWRlcnMvTWljcm9zb2Z0LkF1dGhvcml6YXRpb24vcG9saWN5QXNzaWdubWVudHMvdGVzdFBBP2FwaS12ZXJzaW9uPTIwMjEtMDYtMDE=",
      "RequestMethod": "GET",
      "RequestBody": "",
      "RequestHeaders": {
        "User-Agent": [
          "AzurePowershell/v0.0.0",
          "PSVersion/v3.0.0.0"
        ],
        "ParameterSetName": [
          "IdParameterSet"
        ],
        "CommandName": [
          "Set-AzPolicyAssignment"
        ]
      },
      "ResponseHeaders": {
        "Cache-Control": [
          "no-cache"
        ],
        "Pragma": [
          "no-cache"
        ],
        "Strict-Transport-Security": [
          "max-age=31536000; includeSubDomains"
        ],
        "Server": [
          "Kestrel"
        ],
        "x-ms-ratelimit-remaining-subscription-reads": [
          "11999"
        ],
        "x-ms-request-id": [
          "deac6eca-17c4-4bd2-8016-55778eee56ba"
        ],
        "x-ms-correlation-request-id": [
          "deac6eca-17c4-4bd2-8016-55778eee56ba"
        ],
        "x-ms-routing-request-id": [
          "NORTHCENTRALUS:20211116T051108Z:deac6eca-17c4-4bd2-8016-55778eee56ba"
        ],
        "X-Content-Type-Options": [
          "nosniff"
        ],
        "Date": [
          "Tue, 16 Nov 2021 05:11:08 GMT"
        ],
        "Content-Length": [
          "1121"
        ],
        "Content-Type": [
          "application/json; charset=utf-8"
        ],
        "Expires": [
          "-1"
        ],
        "Retry-After": [
          "0"
        ]
      },
      "ResponseBody": "{\r\n  \"properties\": {\r\n    \"displayName\": \"testDisplay\",\r\n    \"policyDefinitionId\": \"/subscriptions/2c2f67af-09f9-4d60-b051-c5d956d2c9a7/providers/Microsoft.Authorization/policySetDefinitions/ps2355\",\r\n    \"scope\": \"/subscriptions/2c2f67af-09f9-4d60-b051-c5d956d2c9a7/resourceGroups/ps2942\",\r\n    \"description\": \"Unit test junk: sorry for littering. Please delete me!\",\r\n    \"metadata\": {\r\n      \"createdBy\": \"5710e138-9c59-46d4-85d9-d7db71406df0\",\r\n      \"createdOn\": \"2021-11-16T05:11:06.2774306Z\",\r\n      \"updatedBy\": \"5710e138-9c59-46d4-85d9-d7db71406df0\",\r\n      \"updatedOn\": \"2021-11-16T05:11:08.6294366Z\"\r\n    },\r\n    \"enforcementMode\": \"Default\",\r\n    \"nonComplianceMessages\": [\r\n      {\r\n        \"message\": \"General non-compliance message\"\r\n      }\r\n    ]\r\n  },\r\n  \"id\": \"/subscriptions/2c2f67af-09f9-4d60-b051-c5d956d2c9a7/resourceGroups/ps2942/providers/Microsoft.Authorization/policyAssignments/testPA\",\r\n  \"type\": \"Microsoft.Authorization/policyAssignments\",\r\n  \"name\": \"testPA\",\r\n  \"systemData\": {\r\n    \"createdBy\": \"74e3e043-481b-454f-8acc-3e7a4a845417\",\r\n    \"createdByType\": \"Application\",\r\n    \"createdAt\": \"2021-11-16T05:11:06.2425302Z\",\r\n    \"lastModifiedBy\": \"74e3e043-481b-454f-8acc-3e7a4a845417\",\r\n    \"lastModifiedByType\": \"Application\",\r\n    \"lastModifiedAt\": \"2021-11-16T05:11:08.6033408Z\"\r\n  }\r\n}",
      "StatusCode": 200
    },
    {
      "RequestUri": "/subscriptions/2c2f67af-09f9-4d60-b051-c5d956d2c9a7/resourceGroups/ps2942/providers/Microsoft.Authorization/policyAssignments/testPA?api-version=2021-06-01",
      "EncodedRequestUri": "L3N1YnNjcmlwdGlvbnMvMmMyZjY3YWYtMDlmOS00ZDYwLWIwNTEtYzVkOTU2ZDJjOWE3L3Jlc291cmNlR3JvdXBzL3BzMjk0Mi9wcm92aWRlcnMvTWljcm9zb2Z0LkF1dGhvcml6YXRpb24vcG9saWN5QXNzaWdubWVudHMvdGVzdFBBP2FwaS12ZXJzaW9uPTIwMjEtMDYtMDE=",
      "RequestMethod": "PUT",
      "RequestBody": "{\r\n  \"properties\": {\r\n    \"scope\": \"/subscriptions/2c2f67af-09f9-4d60-b051-c5d956d2c9a7/resourceGroups/ps2942\",\r\n    \"displayName\": \"testDisplay\",\r\n    \"description\": \"Unit test junk: sorry for littering. Please delete me!\",\r\n    \"metadata\": {\r\n      \"createdBy\": \"5710e138-9c59-46d4-85d9-d7db71406df0\",\r\n      \"createdOn\": \"2021-11-16T05:11:06.2774306Z\",\r\n      \"updatedBy\": \"5710e138-9c59-46d4-85d9-d7db71406df0\",\r\n      \"updatedOn\": \"2021-11-16T05:11:07.1944919Z\"\r\n    },\r\n    \"enforcementMode\": \"Default\",\r\n    \"policyDefinitionId\": \"/subscriptions/2c2f67af-09f9-4d60-b051-c5d956d2c9a7/providers/Microsoft.Authorization/policySetDefinitions/ps2355\",\r\n    \"nonComplianceMessages\": [\r\n      {\r\n        \"message\": \"General message\"\r\n      },\r\n      {\r\n        \"message\": \"Specific message 1\",\r\n        \"policyDefinitionReferenceId\": \"18066929669257141811\"\r\n      }\r\n    ]\r\n  },\r\n  \"name\": \"testPA\"\r\n}",
      "RequestHeaders": {
        "User-Agent": [
          "AzurePowershell/v0.0.0",
          "PSVersion/v3.0.0.0"
        ],
        "ParameterSetName": [
          "IdParameterSet"
        ],
        "CommandName": [
          "Set-AzPolicyAssignment"
        ],
        "Content-Type": [
          "application/json; charset=utf-8"
        ],
        "Content-Length": [
          "901"
        ]
      },
      "ResponseHeaders": {
        "Cache-Control": [
          "no-cache"
        ],
        "Pragma": [
          "no-cache"
        ],
        "Strict-Transport-Security": [
          "max-age=31536000; includeSubDomains"
        ],
        "Server": [
          "Kestrel"
        ],
        "x-ms-ratelimit-remaining-subscription-writes": [
          "1199"
        ],
        "x-ms-request-id": [
          "916eeed9-8dc2-4426-839d-6f521c1a6f07"
        ],
        "x-ms-correlation-request-id": [
          "916eeed9-8dc2-4426-839d-6f521c1a6f07"
        ],
        "x-ms-routing-request-id": [
          "NORTHCENTRALUS:20211116T051108Z:916eeed9-8dc2-4426-839d-6f521c1a6f07"
        ],
        "X-Content-Type-Options": [
          "nosniff"
        ],
        "Date": [
          "Tue, 16 Nov 2021 05:11:07 GMT"
        ],
        "Content-Length": [
          "1192"
        ],
        "Content-Type": [
          "application/json; charset=utf-8"
        ],
        "Expires": [
          "-1"
        ],
        "Retry-After": [
          "0"
        ]
      },
      "ResponseBody": "{\r\n  \"properties\": {\r\n    \"displayName\": \"testDisplay\",\r\n    \"policyDefinitionId\": \"/subscriptions/2c2f67af-09f9-4d60-b051-c5d956d2c9a7/providers/Microsoft.Authorization/policySetDefinitions/ps2355\",\r\n    \"scope\": \"/subscriptions/2c2f67af-09f9-4d60-b051-c5d956d2c9a7/resourceGroups/ps2942\",\r\n    \"description\": \"Unit test junk: sorry for littering. Please delete me!\",\r\n    \"metadata\": {\r\n      \"createdBy\": \"5710e138-9c59-46d4-85d9-d7db71406df0\",\r\n      \"createdOn\": \"2021-11-16T05:11:06.2774306Z\",\r\n      \"updatedBy\": \"5710e138-9c59-46d4-85d9-d7db71406df0\",\r\n      \"updatedOn\": \"2021-11-16T05:11:07.8969193Z\"\r\n    },\r\n    \"enforcementMode\": \"Default\",\r\n    \"nonComplianceMessages\": [\r\n      {\r\n        \"message\": \"General message\"\r\n      },\r\n      {\r\n        \"policyDefinitionReferenceId\": \"18066929669257141811\",\r\n        \"message\": \"Specific message 1\"\r\n      }\r\n    ]\r\n  },\r\n  \"id\": \"/subscriptions/2c2f67af-09f9-4d60-b051-c5d956d2c9a7/resourceGroups/ps2942/providers/Microsoft.Authorization/policyAssignments/testPA\",\r\n  \"type\": \"Microsoft.Authorization/policyAssignments\",\r\n  \"name\": \"testPA\",\r\n  \"systemData\": {\r\n    \"createdBy\": \"74e3e043-481b-454f-8acc-3e7a4a845417\",\r\n    \"createdByType\": \"Application\",\r\n    \"createdAt\": \"2021-11-16T05:11:06.2425302Z\",\r\n    \"lastModifiedBy\": \"74e3e043-481b-454f-8acc-3e7a4a845417\",\r\n    \"lastModifiedByType\": \"Application\",\r\n    \"lastModifiedAt\": \"2021-11-16T05:11:07.8689184Z\"\r\n  }\r\n}",
      "StatusCode": 201
    },
    {
      "RequestUri": "/subscriptions/2c2f67af-09f9-4d60-b051-c5d956d2c9a7/resourceGroups/ps2942/providers/Microsoft.Authorization/policyAssignments/testPA?api-version=2021-06-01",
      "EncodedRequestUri": "L3N1YnNjcmlwdGlvbnMvMmMyZjY3YWYtMDlmOS00ZDYwLWIwNTEtYzVkOTU2ZDJjOWE3L3Jlc291cmNlR3JvdXBzL3BzMjk0Mi9wcm92aWRlcnMvTWljcm9zb2Z0LkF1dGhvcml6YXRpb24vcG9saWN5QXNzaWdubWVudHMvdGVzdFBBP2FwaS12ZXJzaW9uPTIwMjEtMDYtMDE=",
      "RequestMethod": "PUT",
      "RequestBody": "{\r\n  \"properties\": {\r\n    \"scope\": \"/subscriptions/2c2f67af-09f9-4d60-b051-c5d956d2c9a7/resourceGroups/ps2942\",\r\n    \"displayName\": \"testDisplay\",\r\n    \"description\": \"Unit test junk: sorry for littering. Please delete me!\",\r\n    \"metadata\": {\r\n      \"createdBy\": \"5710e138-9c59-46d4-85d9-d7db71406df0\",\r\n      \"createdOn\": \"2021-11-16T05:11:06.2774306Z\",\r\n      \"updatedBy\": \"5710e138-9c59-46d4-85d9-d7db71406df0\",\r\n      \"updatedOn\": \"2021-11-16T05:11:07.8969193Z\"\r\n    },\r\n    \"enforcementMode\": \"Default\",\r\n    \"policyDefinitionId\": \"/subscriptions/2c2f67af-09f9-4d60-b051-c5d956d2c9a7/providers/Microsoft.Authorization/policySetDefinitions/ps2355\",\r\n    \"nonComplianceMessages\": [\r\n      {\r\n        \"message\": \"General non-compliance message\"\r\n      }\r\n    ]\r\n  },\r\n  \"name\": \"testPA\"\r\n}",
      "RequestHeaders": {
        "User-Agent": [
          "AzurePowershell/v0.0.0",
          "PSVersion/v3.0.0.0"
        ],
        "ParameterSetName": [
          "IdParameterSet"
        ],
        "CommandName": [
          "Set-AzPolicyAssignment"
        ],
        "Content-Type": [
          "application/json; charset=utf-8"
        ],
        "Content-Length": [
          "792"
        ]
      },
      "ResponseHeaders": {
        "Cache-Control": [
          "no-cache"
        ],
        "Pragma": [
          "no-cache"
        ],
        "Strict-Transport-Security": [
          "max-age=31536000; includeSubDomains"
        ],
        "Server": [
          "Kestrel"
        ],
        "x-ms-ratelimit-remaining-subscription-writes": [
          "1199"
        ],
        "x-ms-request-id": [
          "b51a2617-0ddf-4cbd-a62a-f4a5c4e38598"
        ],
        "x-ms-correlation-request-id": [
          "b51a2617-0ddf-4cbd-a62a-f4a5c4e38598"
        ],
        "x-ms-routing-request-id": [
          "NORTHCENTRALUS:20211116T051108Z:b51a2617-0ddf-4cbd-a62a-f4a5c4e38598"
        ],
        "X-Content-Type-Options": [
          "nosniff"
        ],
        "Date": [
          "Tue, 16 Nov 2021 05:11:08 GMT"
        ],
        "Content-Length": [
          "1121"
        ],
        "Content-Type": [
          "application/json; charset=utf-8"
        ],
        "Expires": [
          "-1"
        ],
        "Retry-After": [
          "0"
        ]
      },
      "ResponseBody": "{\r\n  \"properties\": {\r\n    \"displayName\": \"testDisplay\",\r\n    \"policyDefinitionId\": \"/subscriptions/2c2f67af-09f9-4d60-b051-c5d956d2c9a7/providers/Microsoft.Authorization/policySetDefinitions/ps2355\",\r\n    \"scope\": \"/subscriptions/2c2f67af-09f9-4d60-b051-c5d956d2c9a7/resourceGroups/ps2942\",\r\n    \"description\": \"Unit test junk: sorry for littering. Please delete me!\",\r\n    \"metadata\": {\r\n      \"createdBy\": \"5710e138-9c59-46d4-85d9-d7db71406df0\",\r\n      \"createdOn\": \"2021-11-16T05:11:06.2774306Z\",\r\n      \"updatedBy\": \"5710e138-9c59-46d4-85d9-d7db71406df0\",\r\n      \"updatedOn\": \"2021-11-16T05:11:08.6294366Z\"\r\n    },\r\n    \"enforcementMode\": \"Default\",\r\n    \"nonComplianceMessages\": [\r\n      {\r\n        \"message\": \"General non-compliance message\"\r\n      }\r\n    ]\r\n  },\r\n  \"id\": \"/subscriptions/2c2f67af-09f9-4d60-b051-c5d956d2c9a7/resourceGroups/ps2942/providers/Microsoft.Authorization/policyAssignments/testPA\",\r\n  \"type\": \"Microsoft.Authorization/policyAssignments\",\r\n  \"name\": \"testPA\",\r\n  \"systemData\": {\r\n    \"createdBy\": \"74e3e043-481b-454f-8acc-3e7a4a845417\",\r\n    \"createdByType\": \"Application\",\r\n    \"createdAt\": \"2021-11-16T05:11:06.2425302Z\",\r\n    \"lastModifiedBy\": \"74e3e043-481b-454f-8acc-3e7a4a845417\",\r\n    \"lastModifiedByType\": \"Application\",\r\n    \"lastModifiedAt\": \"2021-11-16T05:11:08.6033408Z\"\r\n  }\r\n}",
      "StatusCode": 201
    },
    {
      "RequestUri": "/subscriptions/2c2f67af-09f9-4d60-b051-c5d956d2c9a7/resourceGroups/ps2942/providers/Microsoft.Authorization/policyAssignments/testPA?api-version=2021-06-01",
      "EncodedRequestUri": "L3N1YnNjcmlwdGlvbnMvMmMyZjY3YWYtMDlmOS00ZDYwLWIwNTEtYzVkOTU2ZDJjOWE3L3Jlc291cmNlR3JvdXBzL3BzMjk0Mi9wcm92aWRlcnMvTWljcm9zb2Z0LkF1dGhvcml6YXRpb24vcG9saWN5QXNzaWdubWVudHMvdGVzdFBBP2FwaS12ZXJzaW9uPTIwMjEtMDYtMDE=",
      "RequestMethod": "PUT",
      "RequestBody": "{\r\n  \"properties\": {\r\n    \"scope\": \"/subscriptions/2c2f67af-09f9-4d60-b051-c5d956d2c9a7/resourceGroups/ps2942\",\r\n    \"displayName\": \"testDisplay\",\r\n    \"description\": \"Unit test junk: sorry for littering. Please delete me!\",\r\n    \"metadata\": {\r\n      \"createdBy\": \"5710e138-9c59-46d4-85d9-d7db71406df0\",\r\n      \"createdOn\": \"2021-11-16T05:11:06.2774306Z\",\r\n      \"updatedBy\": \"5710e138-9c59-46d4-85d9-d7db71406df0\",\r\n      \"updatedOn\": \"2021-11-16T05:11:08.6294366Z\"\r\n    },\r\n    \"enforcementMode\": \"Default\",\r\n    \"policyDefinitionId\": \"/subscriptions/2c2f67af-09f9-4d60-b051-c5d956d2c9a7/providers/Microsoft.Authorization/policySetDefinitions/ps2355\",\r\n    \"nonComplianceMessages\": [\r\n      {\r\n        \"message\": \"Specific message 1\",\r\n        \"policyDefinitionReferenceId\": \"18066929669257141811\"\r\n      },\r\n      {\r\n        \"message\": \"Specific message 2\",\r\n        \"policyDefinitionReferenceId\": \"2084164412297369727\"\r\n      }\r\n    ]\r\n  },\r\n  \"name\": \"testPA\"\r\n}",
      "RequestHeaders": {
        "User-Agent": [
          "AzurePowershell/v0.0.0",
          "PSVersion/v3.0.0.0"
        ],
        "ParameterSetName": [
          "IdParameterSet"
        ],
        "CommandName": [
          "Set-AzPolicyAssignment"
        ],
        "Content-Type": [
          "application/json; charset=utf-8"
        ],
        "Content-Length": [
          "967"
        ]
      },
      "ResponseHeaders": {
        "Cache-Control": [
          "no-cache"
        ],
        "Pragma": [
          "no-cache"
        ],
        "Strict-Transport-Security": [
          "max-age=31536000; includeSubDomains"
        ],
        "Server": [
          "Kestrel"
        ],
        "x-ms-ratelimit-remaining-subscription-writes": [
          "1199"
        ],
        "x-ms-request-id": [
          "8911d802-d411-464f-adac-5aed0cb33bf5"
        ],
        "x-ms-correlation-request-id": [
          "8911d802-d411-464f-adac-5aed0cb33bf5"
        ],
        "x-ms-routing-request-id": [
          "NORTHCENTRALUS:20211116T051109Z:8911d802-d411-464f-adac-5aed0cb33bf5"
        ],
        "X-Content-Type-Options": [
          "nosniff"
        ],
        "Date": [
          "Tue, 16 Nov 2021 05:11:09 GMT"
        ],
        "Content-Length": [
          "1247"
        ],
        "Content-Type": [
          "application/json; charset=utf-8"
        ],
        "Expires": [
          "-1"
        ],
        "Retry-After": [
          "0"
        ]
      },
      "ResponseBody": "{\r\n  \"properties\": {\r\n    \"displayName\": \"testDisplay\",\r\n    \"policyDefinitionId\": \"/subscriptions/2c2f67af-09f9-4d60-b051-c5d956d2c9a7/providers/Microsoft.Authorization/policySetDefinitions/ps2355\",\r\n    \"scope\": \"/subscriptions/2c2f67af-09f9-4d60-b051-c5d956d2c9a7/resourceGroups/ps2942\",\r\n    \"description\": \"Unit test junk: sorry for littering. Please delete me!\",\r\n    \"metadata\": {\r\n      \"createdBy\": \"5710e138-9c59-46d4-85d9-d7db71406df0\",\r\n      \"createdOn\": \"2021-11-16T05:11:06.2774306Z\",\r\n      \"updatedBy\": \"5710e138-9c59-46d4-85d9-d7db71406df0\",\r\n      \"updatedOn\": \"2021-11-16T05:11:09.2151096Z\"\r\n    },\r\n    \"enforcementMode\": \"Default\",\r\n    \"nonComplianceMessages\": [\r\n      {\r\n        \"policyDefinitionReferenceId\": \"18066929669257141811\",\r\n        \"message\": \"Specific message 1\"\r\n      },\r\n      {\r\n        \"policyDefinitionReferenceId\": \"2084164412297369727\",\r\n        \"message\": \"Specific message 2\"\r\n      }\r\n    ]\r\n  },\r\n  \"id\": \"/subscriptions/2c2f67af-09f9-4d60-b051-c5d956d2c9a7/resourceGroups/ps2942/providers/Microsoft.Authorization/policyAssignments/testPA\",\r\n  \"type\": \"Microsoft.Authorization/policyAssignments\",\r\n  \"name\": \"testPA\",\r\n  \"systemData\": {\r\n    \"createdBy\": \"74e3e043-481b-454f-8acc-3e7a4a845417\",\r\n    \"createdByType\": \"Application\",\r\n    \"createdAt\": \"2021-11-16T05:11:06.2425302Z\",\r\n    \"lastModifiedBy\": \"74e3e043-481b-454f-8acc-3e7a4a845417\",\r\n    \"lastModifiedByType\": \"Application\",\r\n    \"lastModifiedAt\": \"2021-11-16T05:11:09.1818416Z\"\r\n  }\r\n}",
      "StatusCode": 201
    },
    {
      "RequestUri": "/subscriptions/2c2f67af-09f9-4d60-b051-c5d956d2c9a7/resourceGroups/ps2942/providers/Microsoft.Authorization/policyassignments/test2?api-version=2021-06-01",
      "EncodedRequestUri": "L3N1YnNjcmlwdGlvbnMvMmMyZjY3YWYtMDlmOS00ZDYwLWIwNTEtYzVkOTU2ZDJjOWE3L3Jlc291cmNlR3JvdXBzL3BzMjk0Mi9wcm92aWRlcnMvTWljcm9zb2Z0LkF1dGhvcml6YXRpb24vcG9saWN5YXNzaWdubWVudHMvdGVzdDI/YXBpLXZlcnNpb249MjAyMS0wNi0wMQ==",
      "RequestMethod": "PUT",
      "RequestBody": "{\r\n  \"properties\": {\r\n    \"scope\": \"/subscriptions/2c2f67af-09f9-4d60-b051-c5d956d2c9a7/resourceGroups/ps2942\",\r\n    \"description\": \"Unit test junk: sorry for littering. Please delete me!\",\r\n    \"enforcementMode\": \"Default\",\r\n    \"policyDefinitionId\": \"/subscriptions/2c2f67af-09f9-4d60-b051-c5d956d2c9a7/providers/Microsoft.Authorization/policySetDefinitions/ps2355\"\r\n  },\r\n  \"name\": \"test2\"\r\n}",
      "RequestHeaders": {
        "User-Agent": [
          "AzurePowershell/v0.0.0",
          "PSVersion/v3.0.0.0"
        ],
        "ParameterSetName": [
          "DefaultParameterSet"
        ],
        "CommandName": [
          "New-AzPolicyAssignment"
        ],
        "Content-Type": [
          "application/json; charset=utf-8"
        ],
        "Content-Length": [
          "395"
        ]
      },
      "ResponseHeaders": {
        "Cache-Control": [
          "no-cache"
        ],
        "Pragma": [
          "no-cache"
        ],
        "Strict-Transport-Security": [
          "max-age=31536000; includeSubDomains"
        ],
        "Server": [
          "Kestrel"
        ],
        "x-ms-ratelimit-remaining-subscription-writes": [
          "1199"
        ],
        "x-ms-request-id": [
          "59c81a7c-7120-4d54-834e-f1bc647465fa"
        ],
        "x-ms-correlation-request-id": [
          "59c81a7c-7120-4d54-834e-f1bc647465fa"
        ],
        "x-ms-routing-request-id": [
          "NORTHCENTRALUS:20211116T051109Z:59c81a7c-7120-4d54-834e-f1bc647465fa"
        ],
        "X-Content-Type-Options": [
          "nosniff"
        ],
        "Date": [
          "Tue, 16 Nov 2021 05:11:09 GMT"
        ],
        "Content-Length": [
          "960"
        ],
        "Content-Type": [
          "application/json; charset=utf-8"
        ],
        "Expires": [
          "-1"
        ],
        "Retry-After": [
          "0"
        ]
      },
      "ResponseBody": "{\r\n  \"properties\": {\r\n    \"policyDefinitionId\": \"/subscriptions/2c2f67af-09f9-4d60-b051-c5d956d2c9a7/providers/Microsoft.Authorization/policySetDefinitions/ps2355\",\r\n    \"scope\": \"/subscriptions/2c2f67af-09f9-4d60-b051-c5d956d2c9a7/resourceGroups/ps2942\",\r\n    \"description\": \"Unit test junk: sorry for littering. Please delete me!\",\r\n    \"metadata\": {\r\n      \"createdBy\": \"5710e138-9c59-46d4-85d9-d7db71406df0\",\r\n      \"createdOn\": \"2021-11-16T05:11:09.6536296Z\",\r\n      \"updatedBy\": null,\r\n      \"updatedOn\": null\r\n    },\r\n    \"enforcementMode\": \"Default\"\r\n  },\r\n  \"id\": \"/subscriptions/2c2f67af-09f9-4d60-b051-c5d956d2c9a7/resourceGroups/ps2942/providers/Microsoft.Authorization/policyAssignments/test2\",\r\n  \"type\": \"Microsoft.Authorization/policyAssignments\",\r\n  \"name\": \"test2\",\r\n  \"systemData\": {\r\n    \"createdBy\": \"74e3e043-481b-454f-8acc-3e7a4a845417\",\r\n    \"createdByType\": \"Application\",\r\n    \"createdAt\": \"2021-11-16T05:11:09.6144835Z\",\r\n    \"lastModifiedBy\": \"74e3e043-481b-454f-8acc-3e7a4a845417\",\r\n    \"lastModifiedByType\": \"Application\",\r\n    \"lastModifiedAt\": \"2021-11-16T05:11:09.6144835Z\"\r\n  }\r\n}",
      "StatusCode": 201
    },
    {
      "RequestUri": "/subscriptions/2c2f67af-09f9-4d60-b051-c5d956d2c9a7/resourceGroups/ps2942/providers/Microsoft.Authorization/policyassignments?$filter=atScope()&api-version=2021-06-01",
      "EncodedRequestUri": "L3N1YnNjcmlwdGlvbnMvMmMyZjY3YWYtMDlmOS00ZDYwLWIwNTEtYzVkOTU2ZDJjOWE3L3Jlc291cmNlR3JvdXBzL3BzMjk0Mi9wcm92aWRlcnMvTWljcm9zb2Z0LkF1dGhvcml6YXRpb24vcG9saWN5YXNzaWdubWVudHM/JGZpbHRlcj1hdFNjb3BlKCkmYXBpLXZlcnNpb249MjAyMS0wNi0wMQ==",
      "RequestMethod": "GET",
      "RequestBody": "",
      "RequestHeaders": {
        "User-Agent": [
          "AzurePowershell/v0.0.0",
          "PSVersion/v3.0.0.0"
        ],
        "ParameterSetName": [
          "NameParameterSet"
        ],
        "CommandName": [
          "Get-AzPolicyAssignment"
        ]
      },
      "ResponseHeaders": {
        "Cache-Control": [
          "no-cache"
        ],
        "Pragma": [
          "no-cache"
        ],
        "Strict-Transport-Security": [
          "max-age=31536000; includeSubDomains"
        ],
        "Server": [
          "Kestrel"
        ],
        "x-ms-ratelimit-remaining-subscription-reads": [
          "11999"
        ],
        "x-ms-request-id": [
          "637a79da-91bf-42ba-ab09-84d2e996c29f"
        ],
        "x-ms-correlation-request-id": [
          "637a79da-91bf-42ba-ab09-84d2e996c29f"
        ],
        "x-ms-routing-request-id": [
          "NORTHCENTRALUS:20211116T051110Z:637a79da-91bf-42ba-ab09-84d2e996c29f"
        ],
        "X-Content-Type-Options": [
          "nosniff"
        ],
        "Date": [
          "Tue, 16 Nov 2021 05:11:10 GMT"
        ],
        "Content-Length": [
          "20516"
        ],
        "Content-Type": [
          "application/json; charset=utf-8"
        ],
        "Expires": [
          "-1"
        ],
        "Retry-After": [
          "0"
        ]
      },
      "ResponseBody": "{\r\n  \"value\": [\r\n    {\r\n      \"properties\": {\r\n        \"displayName\": \"CSEO Block WVD resource creation\",\r\n        \"policyDefinitionId\": \"/providers/Microsoft.Management/managementGroups/72f988bf-86f1-41af-91ab-2d7cd011db47/providers/Microsoft.Authorization/policyDefinitions/Deny WVD creation\",\r\n        \"scope\": \"/providers/Microsoft.Management/managementGroups/72f988bf-86f1-41af-91ab-2d7cd011db47\",\r\n        \"notScopes\": [\r\n          \"/providers/Microsoft.Management/managementGroups/MSFT-DSRE-ISO-IAM\",\r\n          \"/providers/Microsoft.Management/managementGroups/9ce3369a-545b-cfba-c329-3631400b552f\",\r\n          \"/providers/Microsoft.Management/managementGroups/WVDSelfhost\",\r\n          \"/subscriptions/3ae2e9a4-54bd-459f-8211-6f920ecd52c4\",\r\n          \"/providers/Microsoft.Management/managementGroups/595d008b-0e4c-41f8-af09-254420fd7571\",\r\n          \"/providers/Microsoft.Management/managementGroups/CloudPCMSFTSubscriptions\",\r\n          \"/providers/Microsoft.Management/managementGroups/64cd7b97-58e0-44d3-832b-55657739bde3\"\r\n        ],\r\n        \"description\": \"IAMAADENG@microsoft.com\",\r\n        \"metadata\": {\r\n          \"createdBy\": \"7f1579a6-c648-43a1-ac1e-0c3020dd9b8e\",\r\n          \"createdOn\": \"2020-11-17T19:41:36.3082667Z\",\r\n          \"updatedBy\": \"7f1579a6-c648-43a1-ac1e-0c3020dd9b8e\",\r\n          \"updatedOn\": \"2021-03-03T20:26:00.9826574Z\"\r\n        },\r\n        \"enforcementMode\": \"Default\"\r\n      },\r\n      \"id\": \"/providers/Microsoft.Management/managementGroups/72f988bf-86f1-41af-91ab-2d7cd011db47/providers/Microsoft.Authorization/policyAssignments/Block WVD creation\",\r\n      \"type\": \"Microsoft.Authorization/policyAssignments\",\r\n      \"name\": \"Block WVD creation\"\r\n    },\r\n    {\r\n      \"identity\": {\r\n        \"principalId\": \"cfddff48-22d7-4c47-b55c-f81ba70354ef\",\r\n        \"tenantId\": \"72f988bf-86f1-41af-91ab-2d7cd011db47\",\r\n        \"type\": \"SystemAssigned\"\r\n      },\r\n      \"properties\": {\r\n        \"displayName\": \"SDK tests DINE policy (MG level)\",\r\n        \"policyDefinitionId\": \"/providers/Microsoft.Management/managementGroups/AzGovPerfTest/providers/Microsoft.Authorization/policyDefinitions/ef2ae106-ed51-4569-9a8b-0a15135d87d2\",\r\n        \"scope\": \"/providers/Microsoft.Management/managementGroups/AzGovPerfTest\",\r\n        \"notScopes\": [],\r\n        \"parameters\": {},\r\n        \"description\": \"\",\r\n        \"metadata\": {\r\n          \"assignedBy\": \"Elad Perets\",\r\n          \"parameterScopes\": {},\r\n          \"createdBy\": \"5e3ea7e8-c6f8-4026-a517-53a24fc529ab\",\r\n          \"createdOn\": \"2021-11-02T22:22:32.821993Z\",\r\n          \"updatedBy\": \"5e3ea7e8-c6f8-4026-a517-53a24fc529ab\",\r\n          \"updatedOn\": \"2021-11-10T21:58:05.4104243Z\"\r\n        },\r\n        \"enforcementMode\": \"DoNotEnforce\",\r\n        \"nonComplianceMessages\": []\r\n      },\r\n      \"id\": \"/providers/Microsoft.Management/managementGroups/AzGovPerfTest/providers/Microsoft.Authorization/policyAssignments/19ec14e57445484fb8555646\",\r\n      \"type\": \"Microsoft.Authorization/policyAssignments\",\r\n      \"name\": \"19ec14e57445484fb8555646\",\r\n      \"location\": \"eastus\",\r\n      \"systemData\": {\r\n        \"createdBy\": \"elpere@microsoft.com\",\r\n        \"createdByType\": \"User\",\r\n        \"createdAt\": \"2021-11-02T22:22:31.7845654Z\",\r\n        \"lastModifiedBy\": \"elpere@microsoft.com\",\r\n        \"lastModifiedByType\": \"User\",\r\n        \"lastModifiedAt\": \"2021-11-10T21:58:05.2159227Z\"\r\n      }\r\n    },\r\n    {\r\n      \"properties\": {\r\n        \"displayName\": \"Manual Policy Initiative\",\r\n        \"policyDefinitionId\": \"/providers/Microsoft.Management/managementGroups/AzGovPerfTest/providers/Microsoft.Authorization/policySetDefinitions/648898cb915947e68e67f582\",\r\n        \"scope\": \"/providers/Microsoft.Management/managementGroups/AzGovPerfTest\",\r\n        \"notScopes\": [],\r\n        \"parameters\": {},\r\n        \"description\": \"\",\r\n        \"metadata\": {\r\n          \"assignedBy\": \"Chris Eggert\",\r\n          \"parameterScopes\": {},\r\n          \"createdBy\": \"36e2f355-d2e2-4fbc-88ab-4281639dff94\",\r\n          \"createdOn\": \"2021-01-20T20:53:12.4535246Z\",\r\n          \"updatedBy\": \"36e2f355-d2e2-4fbc-88ab-4281639dff94\",\r\n          \"updatedOn\": \"2021-01-21T19:02:48.9589454Z\"\r\n        },\r\n        \"enforcementMode\": \"Default\",\r\n        \"nonComplianceMessages\": [\r\n          {\r\n            \"policyDefinitionReferenceId\": \"Subscription Manual Policy (parameterized effect)_1\",\r\n            \"message\": \"These subscriptions have been manually set to non-compliant\"\r\n          },\r\n          {\r\n            \"policyDefinitionReferenceId\": \"Subscription Manual Policy (parameterized default)_1\",\r\n            \"message\": \"These subscriptions have been manually set to non-compliant\"\r\n          }\r\n        ]\r\n      },\r\n      \"id\": \"/providers/Microsoft.Management/managementGroups/AzGovPerfTest/providers/Microsoft.Authorization/policyAssignments/4347209461a74f558795177c\",\r\n      \"type\": \"Microsoft.Authorization/policyAssignments\",\r\n      \"name\": \"4347209461a74f558795177c\"\r\n    },\r\n    {\r\n      \"properties\": {\r\n        \"displayName\": \"Subscription Manual Policy (parameterized effect)\",\r\n        \"policyDefinitionId\": \"/providers/Microsoft.Management/managementGroups/AzGovPerfTest/providers/Microsoft.Authorization/policyDefinitions/7f8c3bdf-74b5-4796-a396-4a71a14faf94\",\r\n        \"scope\": \"/providers/Microsoft.Management/managementGroups/AzGovPerfTest\",\r\n        \"notScopes\": [],\r\n        \"parameters\": {\r\n          \"effect\": {\r\n            \"value\": \"manual\"\r\n          }\r\n        },\r\n        \"metadata\": {\r\n          \"assignedBy\": \"Chris Eggert\",\r\n          \"parameterScopes\": {},\r\n          \"createdBy\": \"36e2f355-d2e2-4fbc-88ab-4281639dff94\",\r\n          \"createdOn\": \"2021-01-20T20:53:47.6246297Z\",\r\n          \"updatedBy\": null,\r\n          \"updatedOn\": null\r\n        },\r\n        \"enforcementMode\": \"Default\"\r\n      },\r\n      \"id\": \"/providers/Microsoft.Management/managementGroups/AzGovPerfTest/providers/Microsoft.Authorization/policyAssignments/6b90de548ea0486e925fcbad\",\r\n      \"type\": \"Microsoft.Authorization/policyAssignments\",\r\n      \"name\": \"6b90de548ea0486e925fcbad\"\r\n    },\r\n    {\r\n      \"properties\": {\r\n        \"displayName\": \"Subscription Manual Policy (parameterized default)\",\r\n        \"policyDefinitionId\": \"/providers/Microsoft.Management/managementGroups/AzGovPerfTest/providers/Microsoft.Authorization/policyDefinitions/7f8c3bdf-74b5-4796-a396-4a71a14faf8a\",\r\n        \"scope\": \"/providers/Microsoft.Management/managementGroups/AzGovPerfTest\",\r\n        \"notScopes\": [],\r\n        \"parameters\": {\r\n          \"defaultState\": {\r\n            \"value\": \"NonCompliant\"\r\n          }\r\n        },\r\n        \"metadata\": {\r\n          \"assignedBy\": \"Chris Eggert\",\r\n          \"parameterScopes\": {},\r\n          \"createdBy\": \"36e2f355-d2e2-4fbc-88ab-4281639dff94\",\r\n          \"createdOn\": \"2021-01-20T20:53:36.5851095Z\",\r\n          \"updatedBy\": null,\r\n          \"updatedOn\": null\r\n        },\r\n        \"enforcementMode\": \"Default\"\r\n      },\r\n      \"id\": \"/providers/Microsoft.Management/managementGroups/AzGovPerfTest/providers/Microsoft.Authorization/policyAssignments/75aacc60963a4146a2e87f3e\",\r\n      \"type\": \"Microsoft.Authorization/policyAssignments\",\r\n      \"name\": \"75aacc60963a4146a2e87f3e\"\r\n    },\r\n    {\r\n      \"properties\": {\r\n        \"displayName\": \"Multi-type Manual Policy (parameterized effect)\",\r\n        \"policyDefinitionId\": \"/providers/Microsoft.Management/managementGroups/AzGovPerfTest/providers/Microsoft.Authorization/policyDefinitions/d4094db5-f5c0-45d4-8540-67f60ba1b923\",\r\n        \"scope\": \"/providers/Microsoft.Management/managementGroups/AzGovPerfTest\",\r\n        \"notScopes\": [],\r\n        \"parameters\": {\r\n          \"effect\": {\r\n            \"value\": \"manual\"\r\n          }\r\n        },\r\n        \"metadata\": {\r\n          \"assignedBy\": \"Chris Eggert\",\r\n          \"parameterScopes\": {},\r\n          \"createdBy\": \"36e2f355-d2e2-4fbc-88ab-4281639dff94\",\r\n          \"createdOn\": \"2021-01-20T20:53:58.1343344Z\",\r\n          \"updatedBy\": null,\r\n          \"updatedOn\": null\r\n        },\r\n        \"enforcementMode\": \"Default\"\r\n      },\r\n      \"id\": \"/providers/Microsoft.Management/managementGroups/AzGovPerfTest/providers/Microsoft.Authorization/policyAssignments/92216833e0dd4e1793da2eb7\",\r\n      \"type\": \"Microsoft.Authorization/policyAssignments\",\r\n      \"name\": \"92216833e0dd4e1793da2eb7\"\r\n    },\r\n    {\r\n      \"identity\": {\r\n        \"principalId\": \"ce1d9a10-d84d-472f-8535-7db0fee761a0\",\r\n        \"tenantId\": \"72f988bf-86f1-41af-91ab-2d7cd011db47\",\r\n        \"type\": \"SystemAssigned\"\r\n      },\r\n      \"properties\": {\r\n        \"displayName\": \"Add time tag to subscriptions\",\r\n        \"policyDefinitionId\": \"/providers/Microsoft.Management/managementGroups/AzGovPerfTest/providers/Microsoft.Authorization/policyDefinitions/7637bcff-f8f5-4077-924a-287ae88f7299\",\r\n        \"scope\": \"/providers/Microsoft.Management/managementGroups/AzGovPerfTest\",\r\n        \"notScopes\": [],\r\n        \"parameters\": {},\r\n        \"description\": \"\",\r\n        \"metadata\": {\r\n          \"assignedBy\": \"Chris Eggert\",\r\n          \"parameterScopes\": {},\r\n          \"createdBy\": \"36e2f355-d2e2-4fbc-88ab-4281639dff94\",\r\n          \"createdOn\": \"2021-02-08T19:35:58.108131Z\",\r\n          \"updatedBy\": \"36e2f355-d2e2-4fbc-88ab-4281639dff94\",\r\n          \"updatedOn\": \"2021-02-16T20:32:03.7379054Z\"\r\n        },\r\n        \"enforcementMode\": \"Default\",\r\n        \"nonComplianceMessages\": [\r\n          {\r\n            \"message\": \"The subscription did not have a time tag\"\r\n          }\r\n        ]\r\n      },\r\n      \"id\": \"/providers/Microsoft.Management/managementGroups/AzGovPerfTest/providers/Microsoft.Authorization/policyAssignments/abd7b3be02774ce0b2e15d76\",\r\n      \"type\": \"Microsoft.Authorization/policyAssignments\",\r\n      \"name\": \"abd7b3be02774ce0b2e15d76\",\r\n      \"location\": \"eastus\"\r\n    },\r\n    {\r\n      \"properties\": {\r\n        \"displayName\": \"Subscription Manual Policy (unknown default)\",\r\n        \"policyDefinitionId\": \"/providers/Microsoft.Management/managementGroups/AzGovPerfTest/providers/Microsoft.Authorization/policyDefinitions/7f8c3bdf-74b5-4796-a396-4a71a14fa603\",\r\n        \"scope\": \"/providers/Microsoft.Management/managementGroups/AzGovPerfTest\",\r\n        \"notScopes\": [],\r\n        \"parameters\": {},\r\n        \"metadata\": {\r\n          \"assignedBy\": \"Chris Eggert\",\r\n          \"parameterScopes\": {},\r\n          \"createdBy\": \"36e2f355-d2e2-4fbc-88ab-4281639dff94\",\r\n          \"createdOn\": \"2021-01-20T20:53:26.2531867Z\",\r\n          \"updatedBy\": null,\r\n          \"updatedOn\": null\r\n        },\r\n        \"enforcementMode\": \"Default\"\r\n      },\r\n      \"id\": \"/providers/Microsoft.Management/managementGroups/AzGovPerfTest/providers/Microsoft.Authorization/policyAssignments/c210fc4598ea42358daa72d0\",\r\n      \"type\": \"Microsoft.Authorization/policyAssignments\",\r\n      \"name\": \"c210fc4598ea42358daa72d0\"\r\n    },\r\n    {\r\n      \"identity\": {\r\n        \"principalId\": \"4977cd5b-1262-46b5-a5f2-0b4ebba35242\",\r\n        \"tenantId\": \"72f988bf-86f1-41af-91ab-2d7cd011db47\",\r\n        \"type\": \"SystemAssigned\"\r\n      },\r\n      \"properties\": {\r\n        \"displayName\": \"Create subscription greenfield resource group (cheggert)\",\r\n        \"policyDefinitionId\": \"/providers/Microsoft.Management/managementGroups/AzGovPerfTest/providers/Microsoft.Authorization/policyDefinitions/64f8fdd9-7ea8-48ba-938d-fec37063b311\",\r\n        \"scope\": \"/providers/Microsoft.Management/managementGroups/AzGovPerfTest\",\r\n        \"notScopes\": [],\r\n        \"parameters\": {},\r\n        \"metadata\": {\r\n          \"assignedBy\": \"Chris Eggert\",\r\n          \"parameterScopes\": {},\r\n          \"createdBy\": \"36e2f355-d2e2-4fbc-88ab-4281639dff94\",\r\n          \"createdOn\": \"2021-02-08T19:47:59.5901431Z\",\r\n          \"updatedBy\": null,\r\n          \"updatedOn\": null\r\n        },\r\n        \"enforcementMode\": \"Default\",\r\n        \"nonComplianceMessages\": [\r\n          {\r\n            \"message\": \"The resource group did not exist\"\r\n          }\r\n        ]\r\n      },\r\n      \"id\": \"/providers/Microsoft.Management/managementGroups/AzGovPerfTest/providers/Microsoft.Authorization/policyAssignments/d1d1cbed1ed14901b4c6b81c\",\r\n      \"type\": \"Microsoft.Authorization/policyAssignments\",\r\n      \"name\": \"d1d1cbed1ed14901b4c6b81c\",\r\n      \"location\": \"eastus2\"\r\n    },\r\n    {\r\n      \"identity\": {\r\n        \"principalId\": \"067c1aa0-c425-4ad5-80fe-41d4639b1d42\",\r\n        \"tenantId\": \"72f988bf-86f1-41af-91ab-2d7cd011db47\",\r\n        \"type\": \"SystemAssigned\"\r\n      },\r\n      \"properties\": {\r\n        \"displayName\": \"Empty deployment on each KeyVault resource (MG)\",\r\n        \"policyDefinitionId\": \"/providers/Microsoft.Management/managementGroups/AzGovPerfTest/providers/Microsoft.Authorization/policyDefinitions/78a38c70-5549-49bd-8a16-fe3619e5d2cf\",\r\n        \"scope\": \"/providers/Microsoft.Management/managementGroups/AzGovPerfTest\",\r\n        \"notScopes\": [],\r\n        \"parameters\": {},\r\n        \"description\": \"Deploys an empty deployment (with one output) on each KeyVault vault.  Used for some PolicyInsights SDK tests.\",\r\n        \"metadata\": {\r\n          \"assignedBy\": \"Chris Eggert\",\r\n          \"parameterScopes\": {},\r\n          \"createdBy\": \"36e2f355-d2e2-4fbc-88ab-4281639dff94\",\r\n          \"createdOn\": \"2019-11-21T17:44:17.3643721Z\",\r\n          \"updatedBy\": \"36e2f355-d2e2-4fbc-88ab-4281639dff94\",\r\n          \"updatedOn\": \"2020-09-04T17:44:00.7898442Z\"\r\n        },\r\n        \"enforcementMode\": \"DoNotEnforce\"\r\n      },\r\n      \"id\": \"/providers/Microsoft.Management/managementGroups/AzGovPerfTest/providers/Microsoft.Authorization/policyAssignments/d80d743b97874fd3bfd1d539\",\r\n      \"type\": \"Microsoft.Authorization/policyAssignments\",\r\n      \"name\": \"d80d743b97874fd3bfd1d539\",\r\n      \"location\": \"eastus\"\r\n    },\r\n    {\r\n      \"properties\": {\r\n        \"displayName\": \"Audit tag at MG\",\r\n        \"policyDefinitionId\": \"/providers/Microsoft.Management/managementGroups/AzGovPerfTest/providers/Microsoft.Authorization/policyDefinitions/03ae6c12-b46a-43f1-9f3d-c20620473106\",\r\n        \"scope\": \"/providers/Microsoft.Management/managementGroups/AzGovPerfTest\",\r\n        \"notScopes\": [\r\n          \"/subscriptions/086aecf4-23d6-4dfd-99a8-a5c6299f0322\"\r\n        ],\r\n        \"parameters\": {},\r\n        \"metadata\": {\r\n          \"assignedBy\": \"Chris Eggert\",\r\n          \"parameterScopes\": {},\r\n          \"createdBy\": \"327c26bf-bf3e-4128-9b75-fbbd99e98739\",\r\n          \"createdOn\": \"2019-09-19T21:02:48.2629834Z\",\r\n          \"updatedBy\": \"36e2f355-d2e2-4fbc-88ab-4281639dff94\",\r\n          \"updatedOn\": \"2019-10-01T17:50:28.4254014Z\"\r\n        },\r\n        \"enforcementMode\": \"Default\"\r\n      },\r\n      \"id\": \"/providers/Microsoft.Management/managementGroups/AzGovPerfTest/providers/Microsoft.Authorization/policyAssignments/ef26e8bbc3da423ebf7fcb80\",\r\n      \"type\": \"Microsoft.Authorization/policyAssignments\",\r\n      \"name\": \"ef26e8bbc3da423ebf7fcb80\"\r\n    },\r\n    {\r\n      \"properties\": {\r\n        \"displayName\": \"[Preview]: Azure Arc enabled Kubernetes clusters should have Azure Defender's extension installed\",\r\n        \"policyDefinitionId\": \"/providers/Microsoft.Authorization/policyDefinitions/8dfab9c4-fe7b-49ad-85e4-1e9be085358f\",\r\n        \"scope\": \"/subscriptions/2c2f67af-09f9-4d60-b051-c5d956d2c9a7\",\r\n        \"notScopes\": [],\r\n        \"parameters\": {},\r\n        \"metadata\": {\r\n          \"assignedBy\": \"Neha Kulkarni\",\r\n          \"parameterScopes\": {},\r\n          \"createdBy\": \"ad4771f6-2838-4f61-af6d-eb7c3a3820df\",\r\n          \"createdOn\": \"2021-09-23T04:51:13.8621714Z\",\r\n          \"updatedBy\": null,\r\n          \"updatedOn\": null\r\n        },\r\n        \"enforcementMode\": \"Default\",\r\n        \"nonComplianceMessages\": []\r\n      },\r\n      \"id\": \"/subscriptions/2c2f67af-09f9-4d60-b051-c5d956d2c9a7/providers/Microsoft.Authorization/policyAssignments/1fff9a4ea8994b4cbcc13ec5\",\r\n      \"type\": \"Microsoft.Authorization/policyAssignments\",\r\n      \"name\": \"1fff9a4ea8994b4cbcc13ec5\",\r\n      \"systemData\": {\r\n        \"createdBy\": \"nehakulkarni@microsoft.com\",\r\n        \"createdByType\": \"User\",\r\n        \"createdAt\": \"2021-09-23T04:51:13.8115698Z\",\r\n        \"lastModifiedBy\": \"nehakulkarni@microsoft.com\",\r\n        \"lastModifiedByType\": \"User\",\r\n        \"lastModifiedAt\": \"2021-09-23T04:51:13.8115698Z\"\r\n      }\r\n    },\r\n    {\r\n      \"properties\": {\r\n        \"displayName\": \"Kubernetes cluster pod security restricted standards for Linux-based workloads\",\r\n        \"policyDefinitionId\": \"/providers/Microsoft.Authorization/policySetDefinitions/42b8ef37-b724-4e24-bbc8-7a7708edfe00\",\r\n        \"scope\": \"/subscriptions/2c2f67af-09f9-4d60-b051-c5d956d2c9a7\",\r\n        \"notScopes\": [],\r\n        \"parameters\": {},\r\n        \"metadata\": {\r\n          \"assignedBy\": \"Neha Kulkarni\",\r\n          \"parameterScopes\": {},\r\n          \"createdBy\": \"ad4771f6-2838-4f61-af6d-eb7c3a3820df\",\r\n          \"createdOn\": \"2021-09-23T04:43:43.0307553Z\",\r\n          \"updatedBy\": null,\r\n          \"updatedOn\": null\r\n        },\r\n        \"enforcementMode\": \"Default\",\r\n        \"nonComplianceMessages\": []\r\n      },\r\n      \"id\": \"/subscriptions/2c2f67af-09f9-4d60-b051-c5d956d2c9a7/providers/Microsoft.Authorization/policyAssignments/31cb3428cbdc4709af2b1c53\",\r\n      \"type\": \"Microsoft.Authorization/policyAssignments\",\r\n      \"name\": \"31cb3428cbdc4709af2b1c53\",\r\n      \"systemData\": {\r\n        \"createdBy\": \"nehakulkarni@microsoft.com\",\r\n        \"createdByType\": \"User\",\r\n        \"createdAt\": \"2021-09-23T04:43:42.9137696Z\",\r\n        \"lastModifiedBy\": \"nehakulkarni@microsoft.com\",\r\n        \"lastModifiedByType\": \"User\",\r\n        \"lastModifiedAt\": \"2021-09-23T04:43:42.9137696Z\"\r\n      }\r\n    },\r\n    {\r\n      \"properties\": {\r\n        \"displayName\": \"ySbGFtL8vF2vVWkd1-OGFA\",\r\n        \"policyDefinitionId\": \"/subscriptions/2c2f67af-09f9-4d60-b051-c5d956d2c9a7/providers/Microsoft.Authorization/policyDefinitions/7c7140f1-cafd-4835-95ba-687efbe096a5\",\r\n        \"scope\": \"/subscriptions/2c2f67af-09f9-4d60-b051-c5d956d2c9a7\",\r\n        \"notScopes\": [],\r\n        \"parameters\": {\r\n          \"allowedLocations\": {\r\n            \"value\": [\r\n              \"asia\"\r\n            ]\r\n          }\r\n        },\r\n        \"metadata\": {\r\n          \"assignedBy\": \"Neha Kulkarni\",\r\n          \"parameterScopes\": {\r\n            \"allowedLocations\": \"/subscriptions/2c2f67af-09f9-4d60-b051-c5d956d2c9a7\"\r\n          },\r\n          \"createdBy\": \"ad4771f6-2838-4f61-af6d-eb7c3a3820df\",\r\n          \"createdOn\": \"2021-10-20T22:19:36.8454102Z\",\r\n          \"updatedBy\": null,\r\n          \"updatedOn\": null\r\n        },\r\n        \"enforcementMode\": \"DoNotEnforce\",\r\n        \"nonComplianceMessages\": []\r\n      },\r\n      \"id\": \"/subscriptions/2c2f67af-09f9-4d60-b051-c5d956d2c9a7/providers/Microsoft.Authorization/policyAssignments/eae0fc4a316045aea3910bf8\",\r\n      \"type\": \"Microsoft.Authorization/policyAssignments\",\r\n      \"name\": \"eae0fc4a316045aea3910bf8\",\r\n      \"systemData\": {\r\n        \"createdBy\": \"nehakulkarni@microsoft.com\",\r\n        \"createdByType\": \"User\",\r\n        \"createdAt\": \"2021-10-20T22:19:36.8168554Z\",\r\n        \"lastModifiedBy\": \"nehakulkarni@microsoft.com\",\r\n        \"lastModifiedByType\": \"User\",\r\n        \"lastModifiedAt\": \"2021-10-20T22:19:36.8168554Z\"\r\n      }\r\n    },\r\n    {\r\n      \"properties\": {\r\n        \"policyDefinitionId\": \"/subscriptions/2c2f67af-09f9-4d60-b051-c5d956d2c9a7/providers/Microsoft.Authorization/policySetDefinitions/7WFm23WTiF7d_I7x0eBqwg\",\r\n        \"scope\": \"/subscriptions/2c2f67af-09f9-4d60-b051-c5d956d2c9a7\",\r\n        \"parameters\": {\r\n          \"version_0_SecurityAdmin\": {\r\n            \"value\": {\r\n              \"commit_properties\": {\r\n                \"locations\": [\r\n                  \"eastus\"\r\n                ],\r\n                \"type\": \"SecurityAdmin\"\r\n              }\r\n            }\r\n          },\r\n          \"version_0_Connectivity\": {\r\n            \"value\": {\r\n              \"commit_properties\": {\r\n                \"locations\": [\r\n                  \"eastus\"\r\n                ],\r\n                \"type\": \"Connectivity\"\r\n              }\r\n            }\r\n          }\r\n        },\r\n        \"metadata\": {\r\n          \"createdBy\": \"c76edb3e-70fe-46dc-a8fd-8cfc142da90e\",\r\n          \"createdOn\": \"2021-10-11T17:17:13.0958171Z\",\r\n          \"updatedBy\": \"c76edb3e-70fe-46dc-a8fd-8cfc142da90e\",\r\n          \"updatedOn\": \"2021-10-19T23:42:37.5206379Z\"\r\n        },\r\n        \"enforcementMode\": \"Default\"\r\n      },\r\n      \"id\": \"/subscriptions/2c2f67af-09f9-4d60-b051-c5d956d2c9a7/providers/Microsoft.Authorization/policyAssignments/HM3cCx759V9I5RBUR8lWWA\",\r\n      \"type\": \"Microsoft.Authorization/policyAssignments\",\r\n      \"name\": \"HM3cCx759V9I5RBUR8lWWA\",\r\n      \"systemData\": {\r\n        \"createdBy\": \"6d057c82-a784-47ae-8d12-ca7b38cf06b4\",\r\n        \"createdByType\": \"Application\",\r\n        \"createdAt\": \"2021-10-11T17:17:13.0755411Z\",\r\n        \"lastModifiedBy\": \"6d057c82-a784-47ae-8d12-ca7b38cf06b4\",\r\n        \"lastModifiedByType\": \"Application\",\r\n        \"lastModifiedAt\": \"2021-10-19T23:42:37.4985185Z\"\r\n      }\r\n    },\r\n    {\r\n      \"properties\": {\r\n        \"policyDefinitionId\": \"/subscriptions/2c2f67af-09f9-4d60-b051-c5d956d2c9a7/providers/Microsoft.Authorization/policyDefinitions/policy2\",\r\n        \"scope\": \"/subscriptions/2c2f67af-09f9-4d60-b051-c5d956d2c9a7\",\r\n        \"metadata\": {\r\n          \"createdBy\": \"5710e138-9c59-46d4-85d9-d7db71406df0\",\r\n          \"createdOn\": \"2021-11-05T18:53:21.935106Z\",\r\n          \"updatedBy\": \"5710e138-9c59-46d4-85d9-d7db71406df0\",\r\n          \"updatedOn\": \"2021-11-05T19:17:39.8193975Z\"\r\n        },\r\n        \"enforcementMode\": \"Default\"\r\n      },\r\n      \"id\": \"/subscriptions/2c2f67af-09f9-4d60-b051-c5d956d2c9a7/providers/Microsoft.Authorization/policyAssignments/location-lock\",\r\n      \"type\": \"Microsoft.Authorization/policyAssignments\",\r\n      \"name\": \"location-lock\",\r\n      \"systemData\": {\r\n        \"createdBy\": \"74e3e043-481b-454f-8acc-3e7a4a845417\",\r\n        \"createdByType\": \"Application\",\r\n        \"createdAt\": \"2021-11-05T18:53:21.9171495Z\",\r\n        \"lastModifiedBy\": \"74e3e043-481b-454f-8acc-3e7a4a845417\",\r\n        \"lastModifiedByType\": \"Application\",\r\n        \"lastModifiedAt\": \"2021-11-05T19:17:39.7710303Z\"\r\n      }\r\n    },\r\n    {\r\n      \"properties\": {\r\n        \"policyDefinitionId\": \"/subscriptions/2c2f67af-09f9-4d60-b051-c5d956d2c9a7/providers/Microsoft.Authorization/policySetDefinitions/ps2355\",\r\n        \"scope\": \"/subscriptions/2c2f67af-09f9-4d60-b051-c5d956d2c9a7/resourceGroups/ps2942\",\r\n        \"description\": \"Unit test junk: sorry for littering. Please delete me!\",\r\n        \"metadata\": {\r\n          \"createdBy\": \"5710e138-9c59-46d4-85d9-d7db71406df0\",\r\n          \"createdOn\": \"2021-11-16T05:11:09.6536296Z\",\r\n          \"updatedBy\": null,\r\n          \"updatedOn\": null\r\n        },\r\n        \"enforcementMode\": \"Default\"\r\n      },\r\n      \"id\": \"/subscriptions/2c2f67af-09f9-4d60-b051-c5d956d2c9a7/resourceGroups/ps2942/providers/Microsoft.Authorization/policyAssignments/test2\",\r\n      \"type\": \"Microsoft.Authorization/policyAssignments\",\r\n      \"name\": \"test2\",\r\n      \"systemData\": {\r\n        \"createdBy\": \"74e3e043-481b-454f-8acc-3e7a4a845417\",\r\n        \"createdByType\": \"Application\",\r\n        \"createdAt\": \"2021-11-16T05:11:09.6144835Z\",\r\n        \"lastModifiedBy\": \"74e3e043-481b-454f-8acc-3e7a4a845417\",\r\n        \"lastModifiedByType\": \"Application\",\r\n        \"lastModifiedAt\": \"2021-11-16T05:11:09.6144835Z\"\r\n      }\r\n    },\r\n    {\r\n      \"properties\": {\r\n        \"displayName\": \"testDisplay\",\r\n        \"policyDefinitionId\": \"/subscriptions/2c2f67af-09f9-4d60-b051-c5d956d2c9a7/providers/Microsoft.Authorization/policySetDefinitions/ps2355\",\r\n        \"scope\": \"/subscriptions/2c2f67af-09f9-4d60-b051-c5d956d2c9a7/resourceGroups/ps2942\",\r\n        \"description\": \"Unit test junk: sorry for littering. Please delete me!\",\r\n        \"metadata\": {\r\n          \"createdBy\": \"5710e138-9c59-46d4-85d9-d7db71406df0\",\r\n          \"createdOn\": \"2021-11-16T05:11:06.2774306Z\",\r\n          \"updatedBy\": \"5710e138-9c59-46d4-85d9-d7db71406df0\",\r\n          \"updatedOn\": \"2021-11-16T05:11:09.2151096Z\"\r\n        },\r\n        \"enforcementMode\": \"Default\",\r\n        \"nonComplianceMessages\": [\r\n          {\r\n            \"policyDefinitionReferenceId\": \"18066929669257141811\",\r\n            \"message\": \"Specific message 1\"\r\n          },\r\n          {\r\n            \"policyDefinitionReferenceId\": \"2084164412297369727\",\r\n            \"message\": \"Specific message 2\"\r\n          }\r\n        ]\r\n      },\r\n      \"id\": \"/subscriptions/2c2f67af-09f9-4d60-b051-c5d956d2c9a7/resourceGroups/ps2942/providers/Microsoft.Authorization/policyAssignments/testPA\",\r\n      \"type\": \"Microsoft.Authorization/policyAssignments\",\r\n      \"name\": \"testPA\",\r\n      \"systemData\": {\r\n        \"createdBy\": \"74e3e043-481b-454f-8acc-3e7a4a845417\",\r\n        \"createdByType\": \"Application\",\r\n        \"createdAt\": \"2021-11-16T05:11:06.2425302Z\",\r\n        \"lastModifiedBy\": \"74e3e043-481b-454f-8acc-3e7a4a845417\",\r\n        \"lastModifiedByType\": \"Application\",\r\n        \"lastModifiedAt\": \"2021-11-16T05:11:09.1818416Z\"\r\n      }\r\n    },\r\n    {\r\n      \"properties\": {\r\n        \"displayName\": \"[Preview]: Kubernetes clusters should not use the default namespace\",\r\n        \"policyDefinitionId\": \"/providers/Microsoft.Authorization/policyDefinitions/9f061a12-e40d-4183-a00e-171812443373\",\r\n        \"scope\": \"/subscriptions/2c2f67af-09f9-4d60-b051-c5d956d2c9a7\",\r\n        \"notScopes\": [],\r\n        \"parameters\": {},\r\n        \"metadata\": {\r\n          \"assignedBy\": \"Noah Reisch\",\r\n          \"parameterScopes\": {},\r\n          \"createdBy\": \"c281de91-d2d9-4490-950b-4e89d62c44e5\",\r\n          \"createdOn\": \"2021-04-05T15:14:11.0997476Z\",\r\n          \"updatedBy\": null,\r\n          \"updatedOn\": null\r\n        },\r\n        \"enforcementMode\": \"Default\",\r\n        \"nonComplianceMessages\": []\r\n      },\r\n      \"id\": \"/subscriptions/2c2f67af-09f9-4d60-b051-c5d956d2c9a7/providers/Microsoft.Authorization/policyAssignments/77a52c35954844df9b170cec\",\r\n      \"type\": \"Microsoft.Authorization/policyAssignments\",\r\n      \"name\": \"77a52c35954844df9b170cec\"\r\n    },\r\n    {\r\n      \"properties\": {\r\n        \"displayName\": \"[Preview]: Kubernetes clusters should not use the default namespace\",\r\n        \"policyDefinitionId\": \"/providers/Microsoft.Authorization/policyDefinitions/9f061a12-e40d-4183-a00e-171812443373\",\r\n        \"scope\": \"/subscriptions/2c2f67af-09f9-4d60-b051-c5d956d2c9a7\",\r\n        \"notScopes\": [],\r\n        \"parameters\": {},\r\n        \"metadata\": {\r\n          \"assignedBy\": \"Noah Reisch\",\r\n          \"parameterScopes\": {},\r\n          \"createdBy\": \"c281de91-d2d9-4490-950b-4e89d62c44e5\",\r\n          \"createdOn\": \"2021-06-17T13:56:04.353672Z\",\r\n          \"updatedBy\": null,\r\n          \"updatedOn\": null\r\n        },\r\n        \"enforcementMode\": \"Default\",\r\n        \"nonComplianceMessages\": []\r\n      },\r\n      \"id\": \"/subscriptions/2c2f67af-09f9-4d60-b051-c5d956d2c9a7/providers/Microsoft.Authorization/policyAssignments/ecbe64cf35fc4e17b2f3cf80\",\r\n      \"type\": \"Microsoft.Authorization/policyAssignments\",\r\n      \"name\": \"ecbe64cf35fc4e17b2f3cf80\"\r\n    }\r\n  ]\r\n}",
      "StatusCode": 200
    },
    {
      "RequestUri": "/Subscriptions/2c2f67af-09f9-4d60-b051-c5d956d2c9a7/providers/Microsoft.Authorization/policyassignments?api-version=2021-06-01",
      "EncodedRequestUri": "L1N1YnNjcmlwdGlvbnMvMmMyZjY3YWYtMDlmOS00ZDYwLWIwNTEtYzVkOTU2ZDJjOWE3L3Byb3ZpZGVycy9NaWNyb3NvZnQuQXV0aG9yaXphdGlvbi9wb2xpY3lhc3NpZ25tZW50cz9hcGktdmVyc2lvbj0yMDIxLTA2LTAx",
      "RequestMethod": "GET",
      "RequestBody": "",
      "RequestHeaders": {
        "User-Agent": [
          "AzurePowershell/v0.0.0",
          "PSVersion/v3.0.0.0"
        ],
        "ParameterSetName": [
          "IncludeDescendentParameterSet"
        ],
        "CommandName": [
          "Get-AzPolicyAssignment"
        ]
      },
      "ResponseHeaders": {
        "Cache-Control": [
          "no-cache"
        ],
        "Pragma": [
          "no-cache"
        ],
        "Strict-Transport-Security": [
          "max-age=31536000; includeSubDomains"
        ],
        "Server": [
          "Kestrel"
        ],
        "x-ms-ratelimit-remaining-subscription-reads": [
          "11999"
        ],
        "x-ms-request-id": [
          "54b728ae-cecb-4417-831b-8016572d4840"
        ],
        "x-ms-correlation-request-id": [
          "54b728ae-cecb-4417-831b-8016572d4840"
        ],
        "x-ms-routing-request-id": [
          "NORTHCENTRALUS:20211116T051110Z:54b728ae-cecb-4417-831b-8016572d4840"
        ],
        "X-Content-Type-Options": [
          "nosniff"
        ],
        "Date": [
          "Tue, 16 Nov 2021 05:11:10 GMT"
        ],
        "Content-Length": [
          "28049"
        ],
        "Content-Type": [
          "application/json; charset=utf-8"
        ],
        "Expires": [
          "-1"
        ],
        "Retry-After": [
          "0"
        ]
      },
      "ResponseBody": "{\r\n  \"value\": [\r\n    {\r\n      \"properties\": {\r\n        \"displayName\": \"[Preview]: Azure Arc enabled Kubernetes clusters should have Azure Defender's extension installed\",\r\n        \"policyDefinitionId\": \"/providers/Microsoft.Authorization/policyDefinitions/8dfab9c4-fe7b-49ad-85e4-1e9be085358f\",\r\n        \"scope\": \"/subscriptions/2c2f67af-09f9-4d60-b051-c5d956d2c9a7\",\r\n        \"notScopes\": [],\r\n        \"parameters\": {},\r\n        \"metadata\": {\r\n          \"assignedBy\": \"Neha Kulkarni\",\r\n          \"parameterScopes\": {},\r\n          \"createdBy\": \"ad4771f6-2838-4f61-af6d-eb7c3a3820df\",\r\n          \"createdOn\": \"2021-09-23T04:51:13.8621714Z\",\r\n          \"updatedBy\": null,\r\n          \"updatedOn\": null\r\n        },\r\n        \"enforcementMode\": \"Default\",\r\n        \"nonComplianceMessages\": []\r\n      },\r\n      \"id\": \"/subscriptions/2c2f67af-09f9-4d60-b051-c5d956d2c9a7/providers/Microsoft.Authorization/policyAssignments/1fff9a4ea8994b4cbcc13ec5\",\r\n      \"type\": \"Microsoft.Authorization/policyAssignments\",\r\n      \"name\": \"1fff9a4ea8994b4cbcc13ec5\",\r\n      \"systemData\": {\r\n        \"createdBy\": \"nehakulkarni@microsoft.com\",\r\n        \"createdByType\": \"User\",\r\n        \"createdAt\": \"2021-09-23T04:51:13.8115698Z\",\r\n        \"lastModifiedBy\": \"nehakulkarni@microsoft.com\",\r\n        \"lastModifiedByType\": \"User\",\r\n        \"lastModifiedAt\": \"2021-09-23T04:51:13.8115698Z\"\r\n      }\r\n    },\r\n    {\r\n      \"properties\": {\r\n        \"displayName\": \"Kubernetes cluster pod security restricted standards for Linux-based workloads\",\r\n        \"policyDefinitionId\": \"/providers/Microsoft.Authorization/policySetDefinitions/42b8ef37-b724-4e24-bbc8-7a7708edfe00\",\r\n        \"scope\": \"/subscriptions/2c2f67af-09f9-4d60-b051-c5d956d2c9a7\",\r\n        \"notScopes\": [],\r\n        \"parameters\": {},\r\n        \"metadata\": {\r\n          \"assignedBy\": \"Neha Kulkarni\",\r\n          \"parameterScopes\": {},\r\n          \"createdBy\": \"ad4771f6-2838-4f61-af6d-eb7c3a3820df\",\r\n          \"createdOn\": \"2021-09-23T04:43:43.0307553Z\",\r\n          \"updatedBy\": null,\r\n          \"updatedOn\": null\r\n        },\r\n        \"enforcementMode\": \"Default\",\r\n        \"nonComplianceMessages\": []\r\n      },\r\n      \"id\": \"/subscriptions/2c2f67af-09f9-4d60-b051-c5d956d2c9a7/providers/Microsoft.Authorization/policyAssignments/31cb3428cbdc4709af2b1c53\",\r\n      \"type\": \"Microsoft.Authorization/policyAssignments\",\r\n      \"name\": \"31cb3428cbdc4709af2b1c53\",\r\n      \"systemData\": {\r\n        \"createdBy\": \"nehakulkarni@microsoft.com\",\r\n        \"createdByType\": \"User\",\r\n        \"createdAt\": \"2021-09-23T04:43:42.9137696Z\",\r\n        \"lastModifiedBy\": \"nehakulkarni@microsoft.com\",\r\n        \"lastModifiedByType\": \"User\",\r\n        \"lastModifiedAt\": \"2021-09-23T04:43:42.9137696Z\"\r\n      }\r\n    },\r\n    {\r\n      \"properties\": {\r\n        \"displayName\": \"ySbGFtL8vF2vVWkd1-OGFA\",\r\n        \"policyDefinitionId\": \"/subscriptions/2c2f67af-09f9-4d60-b051-c5d956d2c9a7/providers/Microsoft.Authorization/policyDefinitions/7c7140f1-cafd-4835-95ba-687efbe096a5\",\r\n        \"scope\": \"/subscriptions/2c2f67af-09f9-4d60-b051-c5d956d2c9a7\",\r\n        \"notScopes\": [],\r\n        \"parameters\": {\r\n          \"allowedLocations\": {\r\n            \"value\": [\r\n              \"asia\"\r\n            ]\r\n          }\r\n        },\r\n        \"metadata\": {\r\n          \"assignedBy\": \"Neha Kulkarni\",\r\n          \"parameterScopes\": {\r\n            \"allowedLocations\": \"/subscriptions/2c2f67af-09f9-4d60-b051-c5d956d2c9a7\"\r\n          },\r\n          \"createdBy\": \"ad4771f6-2838-4f61-af6d-eb7c3a3820df\",\r\n          \"createdOn\": \"2021-10-20T22:19:36.8454102Z\",\r\n          \"updatedBy\": null,\r\n          \"updatedOn\": null\r\n        },\r\n        \"enforcementMode\": \"DoNotEnforce\",\r\n        \"nonComplianceMessages\": []\r\n      },\r\n      \"id\": \"/subscriptions/2c2f67af-09f9-4d60-b051-c5d956d2c9a7/providers/Microsoft.Authorization/policyAssignments/eae0fc4a316045aea3910bf8\",\r\n      \"type\": \"Microsoft.Authorization/policyAssignments\",\r\n      \"name\": \"eae0fc4a316045aea3910bf8\",\r\n      \"systemData\": {\r\n        \"createdBy\": \"nehakulkarni@microsoft.com\",\r\n        \"createdByType\": \"User\",\r\n        \"createdAt\": \"2021-10-20T22:19:36.8168554Z\",\r\n        \"lastModifiedBy\": \"nehakulkarni@microsoft.com\",\r\n        \"lastModifiedByType\": \"User\",\r\n        \"lastModifiedAt\": \"2021-10-20T22:19:36.8168554Z\"\r\n      }\r\n    },\r\n    {\r\n      \"properties\": {\r\n        \"policyDefinitionId\": \"/subscriptions/2c2f67af-09f9-4d60-b051-c5d956d2c9a7/providers/Microsoft.Authorization/policySetDefinitions/7WFm23WTiF7d_I7x0eBqwg\",\r\n        \"scope\": \"/subscriptions/2c2f67af-09f9-4d60-b051-c5d956d2c9a7\",\r\n        \"parameters\": {\r\n          \"version_0_SecurityAdmin\": {\r\n            \"value\": {\r\n              \"commit_properties\": {\r\n                \"locations\": [\r\n                  \"eastus\"\r\n                ],\r\n                \"type\": \"SecurityAdmin\"\r\n              }\r\n            }\r\n          },\r\n          \"version_0_Connectivity\": {\r\n            \"value\": {\r\n              \"commit_properties\": {\r\n                \"locations\": [\r\n                  \"eastus\"\r\n                ],\r\n                \"type\": \"Connectivity\"\r\n              }\r\n            }\r\n          }\r\n        },\r\n        \"metadata\": {\r\n          \"createdBy\": \"c76edb3e-70fe-46dc-a8fd-8cfc142da90e\",\r\n          \"createdOn\": \"2021-10-11T17:17:13.0958171Z\",\r\n          \"updatedBy\": \"c76edb3e-70fe-46dc-a8fd-8cfc142da90e\",\r\n          \"updatedOn\": \"2021-10-19T23:42:37.5206379Z\"\r\n        },\r\n        \"enforcementMode\": \"Default\"\r\n      },\r\n      \"id\": \"/subscriptions/2c2f67af-09f9-4d60-b051-c5d956d2c9a7/providers/Microsoft.Authorization/policyAssignments/HM3cCx759V9I5RBUR8lWWA\",\r\n      \"type\": \"Microsoft.Authorization/policyAssignments\",\r\n      \"name\": \"HM3cCx759V9I5RBUR8lWWA\",\r\n      \"systemData\": {\r\n        \"createdBy\": \"6d057c82-a784-47ae-8d12-ca7b38cf06b4\",\r\n        \"createdByType\": \"Application\",\r\n        \"createdAt\": \"2021-10-11T17:17:13.0755411Z\",\r\n        \"lastModifiedBy\": \"6d057c82-a784-47ae-8d12-ca7b38cf06b4\",\r\n        \"lastModifiedByType\": \"Application\",\r\n        \"lastModifiedAt\": \"2021-10-19T23:42:37.4985185Z\"\r\n      }\r\n    },\r\n    {\r\n      \"properties\": {\r\n        \"policyDefinitionId\": \"/subscriptions/2c2f67af-09f9-4d60-b051-c5d956d2c9a7/providers/Microsoft.Authorization/policyDefinitions/policy2\",\r\n        \"scope\": \"/subscriptions/2c2f67af-09f9-4d60-b051-c5d956d2c9a7\",\r\n        \"metadata\": {\r\n          \"createdBy\": \"5710e138-9c59-46d4-85d9-d7db71406df0\",\r\n          \"createdOn\": \"2021-11-05T18:53:21.935106Z\",\r\n          \"updatedBy\": \"5710e138-9c59-46d4-85d9-d7db71406df0\",\r\n          \"updatedOn\": \"2021-11-05T19:17:39.8193975Z\"\r\n        },\r\n        \"enforcementMode\": \"Default\"\r\n      },\r\n      \"id\": \"/subscriptions/2c2f67af-09f9-4d60-b051-c5d956d2c9a7/providers/Microsoft.Authorization/policyAssignments/location-lock\",\r\n      \"type\": \"Microsoft.Authorization/policyAssignments\",\r\n      \"name\": \"location-lock\",\r\n      \"systemData\": {\r\n        \"createdBy\": \"74e3e043-481b-454f-8acc-3e7a4a845417\",\r\n        \"createdByType\": \"Application\",\r\n        \"createdAt\": \"2021-11-05T18:53:21.9171495Z\",\r\n        \"lastModifiedBy\": \"74e3e043-481b-454f-8acc-3e7a4a845417\",\r\n        \"lastModifiedByType\": \"Application\",\r\n        \"lastModifiedAt\": \"2021-11-05T19:17:39.7710303Z\"\r\n      }\r\n    },\r\n    {\r\n      \"properties\": {\r\n        \"policyDefinitionId\": \"/subscriptions/2c2f67af-09f9-4d60-b051-c5d956d2c9a7/providers/Microsoft.Authorization/policySetDefinitions/ps2355\",\r\n        \"scope\": \"/subscriptions/2c2f67af-09f9-4d60-b051-c5d956d2c9a7/resourceGroups/ps2942\",\r\n        \"description\": \"Unit test junk: sorry for littering. Please delete me!\",\r\n        \"metadata\": {\r\n          \"createdBy\": \"5710e138-9c59-46d4-85d9-d7db71406df0\",\r\n          \"createdOn\": \"2021-11-16T05:11:09.6536296Z\",\r\n          \"updatedBy\": null,\r\n          \"updatedOn\": null\r\n        },\r\n        \"enforcementMode\": \"Default\"\r\n      },\r\n      \"id\": \"/subscriptions/2c2f67af-09f9-4d60-b051-c5d956d2c9a7/resourceGroups/ps2942/providers/Microsoft.Authorization/policyAssignments/test2\",\r\n      \"type\": \"Microsoft.Authorization/policyAssignments\",\r\n      \"name\": \"test2\",\r\n      \"systemData\": {\r\n        \"createdBy\": \"74e3e043-481b-454f-8acc-3e7a4a845417\",\r\n        \"createdByType\": \"Application\",\r\n        \"createdAt\": \"2021-11-16T05:11:09.6144835Z\",\r\n        \"lastModifiedBy\": \"74e3e043-481b-454f-8acc-3e7a4a845417\",\r\n        \"lastModifiedByType\": \"Application\",\r\n        \"lastModifiedAt\": \"2021-11-16T05:11:09.6144835Z\"\r\n      }\r\n    },\r\n    {\r\n      \"properties\": {\r\n        \"displayName\": \"testDisplay\",\r\n        \"policyDefinitionId\": \"/subscriptions/2c2f67af-09f9-4d60-b051-c5d956d2c9a7/providers/Microsoft.Authorization/policySetDefinitions/ps2355\",\r\n        \"scope\": \"/subscriptions/2c2f67af-09f9-4d60-b051-c5d956d2c9a7/resourceGroups/ps2942\",\r\n        \"description\": \"Unit test junk: sorry for littering. Please delete me!\",\r\n        \"metadata\": {\r\n          \"createdBy\": \"5710e138-9c59-46d4-85d9-d7db71406df0\",\r\n          \"createdOn\": \"2021-11-16T05:11:06.2774306Z\",\r\n          \"updatedBy\": \"5710e138-9c59-46d4-85d9-d7db71406df0\",\r\n          \"updatedOn\": \"2021-11-16T05:11:09.2151096Z\"\r\n        },\r\n        \"enforcementMode\": \"Default\",\r\n        \"nonComplianceMessages\": [\r\n          {\r\n            \"policyDefinitionReferenceId\": \"18066929669257141811\",\r\n            \"message\": \"Specific message 1\"\r\n          },\r\n          {\r\n            \"policyDefinitionReferenceId\": \"2084164412297369727\",\r\n            \"message\": \"Specific message 2\"\r\n          }\r\n        ]\r\n      },\r\n      \"id\": \"/subscriptions/2c2f67af-09f9-4d60-b051-c5d956d2c9a7/resourceGroups/ps2942/providers/Microsoft.Authorization/policyAssignments/testPA\",\r\n      \"type\": \"Microsoft.Authorization/policyAssignments\",\r\n      \"name\": \"testPA\",\r\n      \"systemData\": {\r\n        \"createdBy\": \"74e3e043-481b-454f-8acc-3e7a4a845417\",\r\n        \"createdByType\": \"Application\",\r\n        \"createdAt\": \"2021-11-16T05:11:06.2425302Z\",\r\n        \"lastModifiedBy\": \"74e3e043-481b-454f-8acc-3e7a4a845417\",\r\n        \"lastModifiedByType\": \"Application\",\r\n        \"lastModifiedAt\": \"2021-11-16T05:11:09.1818416Z\"\r\n      }\r\n    },\r\n    {\r\n      \"properties\": {\r\n        \"policyDefinitionId\": \"/subscriptions/2c2f67af-09f9-4d60-b051-c5d956d2c9a7/providers/Microsoft.Authorization/policyDefinitions/ps2294\",\r\n        \"scope\": \"/subscriptions/2c2f67af-09f9-4d60-b051-c5d956d2c9a7/resourceGroups/ps9640\",\r\n        \"parameters\": {\r\n          \"listOfAllowedLocations\": {\r\n            \"value\": [\r\n              \"eastus\"\r\n            ]\r\n          },\r\n          \"effectParam\": {\r\n            \"value\": \"Disabled\"\r\n          }\r\n        },\r\n        \"description\": \"Updated Unit test junk: sorry for littering. Please delete me!\",\r\n        \"metadata\": {\r\n          \"createdBy\": \"5710e138-9c59-46d4-85d9-d7db71406df0\",\r\n          \"createdOn\": \"2021-11-15T23:41:18.0521975Z\",\r\n          \"updatedBy\": \"5710e138-9c59-46d4-85d9-d7db71406df0\",\r\n          \"updatedOn\": \"2021-11-15T23:41:19.3423241Z\"\r\n        },\r\n        \"enforcementMode\": \"Default\"\r\n      },\r\n      \"id\": \"/subscriptions/2c2f67af-09f9-4d60-b051-c5d956d2c9a7/resourceGroups/ps9640/providers/Microsoft.Authorization/policyAssignments/ps4253\",\r\n      \"type\": \"Microsoft.Authorization/policyAssignments\",\r\n      \"name\": \"ps4253\",\r\n      \"systemData\": {\r\n        \"createdBy\": \"74e3e043-481b-454f-8acc-3e7a4a845417\",\r\n        \"createdByType\": \"Application\",\r\n        \"createdAt\": \"2021-11-15T23:41:18.0084998Z\",\r\n        \"lastModifiedBy\": \"74e3e043-481b-454f-8acc-3e7a4a845417\",\r\n        \"lastModifiedByType\": \"Application\",\r\n        \"lastModifiedAt\": \"2021-11-15T23:41:19.2969597Z\"\r\n      }\r\n    },\r\n    {\r\n      \"properties\": {\r\n        \"displayName\": \"CSEO Block WVD resource creation\",\r\n        \"policyDefinitionId\": \"/providers/Microsoft.Management/managementGroups/72f988bf-86f1-41af-91ab-2d7cd011db47/providers/Microsoft.Authorization/policyDefinitions/Deny WVD creation\",\r\n        \"scope\": \"/providers/Microsoft.Management/managementGroups/72f988bf-86f1-41af-91ab-2d7cd011db47\",\r\n        \"notScopes\": [\r\n          \"/providers/Microsoft.Management/managementGroups/MSFT-DSRE-ISO-IAM\",\r\n          \"/providers/Microsoft.Management/managementGroups/9ce3369a-545b-cfba-c329-3631400b552f\",\r\n          \"/providers/Microsoft.Management/managementGroups/WVDSelfhost\",\r\n          \"/subscriptions/3ae2e9a4-54bd-459f-8211-6f920ecd52c4\",\r\n          \"/providers/Microsoft.Management/managementGroups/595d008b-0e4c-41f8-af09-254420fd7571\",\r\n          \"/providers/Microsoft.Management/managementGroups/CloudPCMSFTSubscriptions\",\r\n          \"/providers/Microsoft.Management/managementGroups/64cd7b97-58e0-44d3-832b-55657739bde3\"\r\n        ],\r\n        \"description\": \"IAMAADENG@microsoft.com\",\r\n        \"metadata\": {\r\n          \"createdBy\": \"7f1579a6-c648-43a1-ac1e-0c3020dd9b8e\",\r\n          \"createdOn\": \"2020-11-17T19:41:36.3082667Z\",\r\n          \"updatedBy\": \"7f1579a6-c648-43a1-ac1e-0c3020dd9b8e\",\r\n          \"updatedOn\": \"2021-03-03T20:26:00.9826574Z\"\r\n        },\r\n        \"enforcementMode\": \"Default\"\r\n      },\r\n      \"id\": \"/providers/Microsoft.Management/managementGroups/72f988bf-86f1-41af-91ab-2d7cd011db47/providers/Microsoft.Authorization/policyAssignments/Block WVD creation\",\r\n      \"type\": \"Microsoft.Authorization/policyAssignments\",\r\n      \"name\": \"Block WVD creation\"\r\n    },\r\n    {\r\n      \"identity\": {\r\n        \"principalId\": \"cfddff48-22d7-4c47-b55c-f81ba70354ef\",\r\n        \"tenantId\": \"72f988bf-86f1-41af-91ab-2d7cd011db47\",\r\n        \"type\": \"SystemAssigned\"\r\n      },\r\n      \"properties\": {\r\n        \"displayName\": \"SDK tests DINE policy (MG level)\",\r\n        \"policyDefinitionId\": \"/providers/Microsoft.Management/managementGroups/AzGovPerfTest/providers/Microsoft.Authorization/policyDefinitions/ef2ae106-ed51-4569-9a8b-0a15135d87d2\",\r\n        \"scope\": \"/providers/Microsoft.Management/managementGroups/AzGovPerfTest\",\r\n        \"notScopes\": [],\r\n        \"parameters\": {},\r\n        \"description\": \"\",\r\n        \"metadata\": {\r\n          \"assignedBy\": \"Elad Perets\",\r\n          \"parameterScopes\": {},\r\n          \"createdBy\": \"5e3ea7e8-c6f8-4026-a517-53a24fc529ab\",\r\n          \"createdOn\": \"2021-11-02T22:22:32.821993Z\",\r\n          \"updatedBy\": \"5e3ea7e8-c6f8-4026-a517-53a24fc529ab\",\r\n          \"updatedOn\": \"2021-11-10T21:58:05.4104243Z\"\r\n        },\r\n        \"enforcementMode\": \"DoNotEnforce\",\r\n        \"nonComplianceMessages\": []\r\n      },\r\n      \"id\": \"/providers/Microsoft.Management/managementGroups/AzGovPerfTest/providers/Microsoft.Authorization/policyAssignments/19ec14e57445484fb8555646\",\r\n      \"type\": \"Microsoft.Authorization/policyAssignments\",\r\n      \"name\": \"19ec14e57445484fb8555646\",\r\n      \"location\": \"eastus\",\r\n      \"systemData\": {\r\n        \"createdBy\": \"elpere@microsoft.com\",\r\n        \"createdByType\": \"User\",\r\n        \"createdAt\": \"2021-11-02T22:22:31.7845654Z\",\r\n        \"lastModifiedBy\": \"elpere@microsoft.com\",\r\n        \"lastModifiedByType\": \"User\",\r\n        \"lastModifiedAt\": \"2021-11-10T21:58:05.2159227Z\"\r\n      }\r\n    },\r\n    {\r\n      \"properties\": {\r\n        \"displayName\": \"Manual Policy Initiative\",\r\n        \"policyDefinitionId\": \"/providers/Microsoft.Management/managementGroups/AzGovPerfTest/providers/Microsoft.Authorization/policySetDefinitions/648898cb915947e68e67f582\",\r\n        \"scope\": \"/providers/Microsoft.Management/managementGroups/AzGovPerfTest\",\r\n        \"notScopes\": [],\r\n        \"parameters\": {},\r\n        \"description\": \"\",\r\n        \"metadata\": {\r\n          \"assignedBy\": \"Chris Eggert\",\r\n          \"parameterScopes\": {},\r\n          \"createdBy\": \"36e2f355-d2e2-4fbc-88ab-4281639dff94\",\r\n          \"createdOn\": \"2021-01-20T20:53:12.4535246Z\",\r\n          \"updatedBy\": \"36e2f355-d2e2-4fbc-88ab-4281639dff94\",\r\n          \"updatedOn\": \"2021-01-21T19:02:48.9589454Z\"\r\n        },\r\n        \"enforcementMode\": \"Default\",\r\n        \"nonComplianceMessages\": [\r\n          {\r\n            \"policyDefinitionReferenceId\": \"Subscription Manual Policy (parameterized effect)_1\",\r\n            \"message\": \"These subscriptions have been manually set to non-compliant\"\r\n          },\r\n          {\r\n            \"policyDefinitionReferenceId\": \"Subscription Manual Policy (parameterized default)_1\",\r\n            \"message\": \"These subscriptions have been manually set to non-compliant\"\r\n          }\r\n        ]\r\n      },\r\n      \"id\": \"/providers/Microsoft.Management/managementGroups/AzGovPerfTest/providers/Microsoft.Authorization/policyAssignments/4347209461a74f558795177c\",\r\n      \"type\": \"Microsoft.Authorization/policyAssignments\",\r\n      \"name\": \"4347209461a74f558795177c\"\r\n    },\r\n    {\r\n      \"properties\": {\r\n        \"displayName\": \"Subscription Manual Policy (parameterized effect)\",\r\n        \"policyDefinitionId\": \"/providers/Microsoft.Management/managementGroups/AzGovPerfTest/providers/Microsoft.Authorization/policyDefinitions/7f8c3bdf-74b5-4796-a396-4a71a14faf94\",\r\n        \"scope\": \"/providers/Microsoft.Management/managementGroups/AzGovPerfTest\",\r\n        \"notScopes\": [],\r\n        \"parameters\": {\r\n          \"effect\": {\r\n            \"value\": \"manual\"\r\n          }\r\n        },\r\n        \"metadata\": {\r\n          \"assignedBy\": \"Chris Eggert\",\r\n          \"parameterScopes\": {},\r\n          \"createdBy\": \"36e2f355-d2e2-4fbc-88ab-4281639dff94\",\r\n          \"createdOn\": \"2021-01-20T20:53:47.6246297Z\",\r\n          \"updatedBy\": null,\r\n          \"updatedOn\": null\r\n        },\r\n        \"enforcementMode\": \"Default\"\r\n      },\r\n      \"id\": \"/providers/Microsoft.Management/managementGroups/AzGovPerfTest/providers/Microsoft.Authorization/policyAssignments/6b90de548ea0486e925fcbad\",\r\n      \"type\": \"Microsoft.Authorization/policyAssignments\",\r\n      \"name\": \"6b90de548ea0486e925fcbad\"\r\n    },\r\n    {\r\n      \"properties\": {\r\n        \"displayName\": \"Subscription Manual Policy (parameterized default)\",\r\n        \"policyDefinitionId\": \"/providers/Microsoft.Management/managementGroups/AzGovPerfTest/providers/Microsoft.Authorization/policyDefinitions/7f8c3bdf-74b5-4796-a396-4a71a14faf8a\",\r\n        \"scope\": \"/providers/Microsoft.Management/managementGroups/AzGovPerfTest\",\r\n        \"notScopes\": [],\r\n        \"parameters\": {\r\n          \"defaultState\": {\r\n            \"value\": \"NonCompliant\"\r\n          }\r\n        },\r\n        \"metadata\": {\r\n          \"assignedBy\": \"Chris Eggert\",\r\n          \"parameterScopes\": {},\r\n          \"createdBy\": \"36e2f355-d2e2-4fbc-88ab-4281639dff94\",\r\n          \"createdOn\": \"2021-01-20T20:53:36.5851095Z\",\r\n          \"updatedBy\": null,\r\n          \"updatedOn\": null\r\n        },\r\n        \"enforcementMode\": \"Default\"\r\n      },\r\n      \"id\": \"/providers/Microsoft.Management/managementGroups/AzGovPerfTest/providers/Microsoft.Authorization/policyAssignments/75aacc60963a4146a2e87f3e\",\r\n      \"type\": \"Microsoft.Authorization/policyAssignments\",\r\n      \"name\": \"75aacc60963a4146a2e87f3e\"\r\n    },\r\n    {\r\n      \"properties\": {\r\n        \"displayName\": \"Multi-type Manual Policy (parameterized effect)\",\r\n        \"policyDefinitionId\": \"/providers/Microsoft.Management/managementGroups/AzGovPerfTest/providers/Microsoft.Authorization/policyDefinitions/d4094db5-f5c0-45d4-8540-67f60ba1b923\",\r\n        \"scope\": \"/providers/Microsoft.Management/managementGroups/AzGovPerfTest\",\r\n        \"notScopes\": [],\r\n        \"parameters\": {\r\n          \"effect\": {\r\n            \"value\": \"manual\"\r\n          }\r\n        },\r\n        \"metadata\": {\r\n          \"assignedBy\": \"Chris Eggert\",\r\n          \"parameterScopes\": {},\r\n          \"createdBy\": \"36e2f355-d2e2-4fbc-88ab-4281639dff94\",\r\n          \"createdOn\": \"2021-01-20T20:53:58.1343344Z\",\r\n          \"updatedBy\": null,\r\n          \"updatedOn\": null\r\n        },\r\n        \"enforcementMode\": \"Default\"\r\n      },\r\n      \"id\": \"/providers/Microsoft.Management/managementGroups/AzGovPerfTest/providers/Microsoft.Authorization/policyAssignments/92216833e0dd4e1793da2eb7\",\r\n      \"type\": \"Microsoft.Authorization/policyAssignments\",\r\n      \"name\": \"92216833e0dd4e1793da2eb7\"\r\n    },\r\n    {\r\n      \"identity\": {\r\n        \"principalId\": \"ce1d9a10-d84d-472f-8535-7db0fee761a0\",\r\n        \"tenantId\": \"72f988bf-86f1-41af-91ab-2d7cd011db47\",\r\n        \"type\": \"SystemAssigned\"\r\n      },\r\n      \"properties\": {\r\n        \"displayName\": \"Add time tag to subscriptions\",\r\n        \"policyDefinitionId\": \"/providers/Microsoft.Management/managementGroups/AzGovPerfTest/providers/Microsoft.Authorization/policyDefinitions/7637bcff-f8f5-4077-924a-287ae88f7299\",\r\n        \"scope\": \"/providers/Microsoft.Management/managementGroups/AzGovPerfTest\",\r\n        \"notScopes\": [],\r\n        \"parameters\": {},\r\n        \"description\": \"\",\r\n        \"metadata\": {\r\n          \"assignedBy\": \"Chris Eggert\",\r\n          \"parameterScopes\": {},\r\n          \"createdBy\": \"36e2f355-d2e2-4fbc-88ab-4281639dff94\",\r\n          \"createdOn\": \"2021-02-08T19:35:58.108131Z\",\r\n          \"updatedBy\": \"36e2f355-d2e2-4fbc-88ab-4281639dff94\",\r\n          \"updatedOn\": \"2021-02-16T20:32:03.7379054Z\"\r\n        },\r\n        \"enforcementMode\": \"Default\",\r\n        \"nonComplianceMessages\": [\r\n          {\r\n            \"message\": \"The subscription did not have a time tag\"\r\n          }\r\n        ]\r\n      },\r\n      \"id\": \"/providers/Microsoft.Management/managementGroups/AzGovPerfTest/providers/Microsoft.Authorization/policyAssignments/abd7b3be02774ce0b2e15d76\",\r\n      \"type\": \"Microsoft.Authorization/policyAssignments\",\r\n      \"name\": \"abd7b3be02774ce0b2e15d76\",\r\n      \"location\": \"eastus\"\r\n    },\r\n    {\r\n      \"properties\": {\r\n        \"displayName\": \"Subscription Manual Policy (unknown default)\",\r\n        \"policyDefinitionId\": \"/providers/Microsoft.Management/managementGroups/AzGovPerfTest/providers/Microsoft.Authorization/policyDefinitions/7f8c3bdf-74b5-4796-a396-4a71a14fa603\",\r\n        \"scope\": \"/providers/Microsoft.Management/managementGroups/AzGovPerfTest\",\r\n        \"notScopes\": [],\r\n        \"parameters\": {},\r\n        \"metadata\": {\r\n          \"assignedBy\": \"Chris Eggert\",\r\n          \"parameterScopes\": {},\r\n          \"createdBy\": \"36e2f355-d2e2-4fbc-88ab-4281639dff94\",\r\n          \"createdOn\": \"2021-01-20T20:53:26.2531867Z\",\r\n          \"updatedBy\": null,\r\n          \"updatedOn\": null\r\n        },\r\n        \"enforcementMode\": \"Default\"\r\n      },\r\n      \"id\": \"/providers/Microsoft.Management/managementGroups/AzGovPerfTest/providers/Microsoft.Authorization/policyAssignments/c210fc4598ea42358daa72d0\",\r\n      \"type\": \"Microsoft.Authorization/policyAssignments\",\r\n      \"name\": \"c210fc4598ea42358daa72d0\"\r\n    },\r\n    {\r\n      \"identity\": {\r\n        \"principalId\": \"4977cd5b-1262-46b5-a5f2-0b4ebba35242\",\r\n        \"tenantId\": \"72f988bf-86f1-41af-91ab-2d7cd011db47\",\r\n        \"type\": \"SystemAssigned\"\r\n      },\r\n      \"properties\": {\r\n        \"displayName\": \"Create subscription greenfield resource group (cheggert)\",\r\n        \"policyDefinitionId\": \"/providers/Microsoft.Management/managementGroups/AzGovPerfTest/providers/Microsoft.Authorization/policyDefinitions/64f8fdd9-7ea8-48ba-938d-fec37063b311\",\r\n        \"scope\": \"/providers/Microsoft.Management/managementGroups/AzGovPerfTest\",\r\n        \"notScopes\": [],\r\n        \"parameters\": {},\r\n        \"metadata\": {\r\n          \"assignedBy\": \"Chris Eggert\",\r\n          \"parameterScopes\": {},\r\n          \"createdBy\": \"36e2f355-d2e2-4fbc-88ab-4281639dff94\",\r\n          \"createdOn\": \"2021-02-08T19:47:59.5901431Z\",\r\n          \"updatedBy\": null,\r\n          \"updatedOn\": null\r\n        },\r\n        \"enforcementMode\": \"Default\",\r\n        \"nonComplianceMessages\": [\r\n          {\r\n            \"message\": \"The resource group did not exist\"\r\n          }\r\n        ]\r\n      },\r\n      \"id\": \"/providers/Microsoft.Management/managementGroups/AzGovPerfTest/providers/Microsoft.Authorization/policyAssignments/d1d1cbed1ed14901b4c6b81c\",\r\n      \"type\": \"Microsoft.Authorization/policyAssignments\",\r\n      \"name\": \"d1d1cbed1ed14901b4c6b81c\",\r\n      \"location\": \"eastus2\"\r\n    },\r\n    {\r\n      \"identity\": {\r\n        \"principalId\": \"067c1aa0-c425-4ad5-80fe-41d4639b1d42\",\r\n        \"tenantId\": \"72f988bf-86f1-41af-91ab-2d7cd011db47\",\r\n        \"type\": \"SystemAssigned\"\r\n      },\r\n      \"properties\": {\r\n        \"displayName\": \"Empty deployment on each KeyVault resource (MG)\",\r\n        \"policyDefinitionId\": \"/providers/Microsoft.Management/managementGroups/AzGovPerfTest/providers/Microsoft.Authorization/policyDefinitions/78a38c70-5549-49bd-8a16-fe3619e5d2cf\",\r\n        \"scope\": \"/providers/Microsoft.Management/managementGroups/AzGovPerfTest\",\r\n        \"notScopes\": [],\r\n        \"parameters\": {},\r\n        \"description\": \"Deploys an empty deployment (with one output) on each KeyVault vault.  Used for some PolicyInsights SDK tests.\",\r\n        \"metadata\": {\r\n          \"assignedBy\": \"Chris Eggert\",\r\n          \"parameterScopes\": {},\r\n          \"createdBy\": \"36e2f355-d2e2-4fbc-88ab-4281639dff94\",\r\n          \"createdOn\": \"2019-11-21T17:44:17.3643721Z\",\r\n          \"updatedBy\": \"36e2f355-d2e2-4fbc-88ab-4281639dff94\",\r\n          \"updatedOn\": \"2020-09-04T17:44:00.7898442Z\"\r\n        },\r\n        \"enforcementMode\": \"DoNotEnforce\"\r\n      },\r\n      \"id\": \"/providers/Microsoft.Management/managementGroups/AzGovPerfTest/providers/Microsoft.Authorization/policyAssignments/d80d743b97874fd3bfd1d539\",\r\n      \"type\": \"Microsoft.Authorization/policyAssignments\",\r\n      \"name\": \"d80d743b97874fd3bfd1d539\",\r\n      \"location\": \"eastus\"\r\n    },\r\n    {\r\n      \"properties\": {\r\n        \"displayName\": \"Audit tag at MG\",\r\n        \"policyDefinitionId\": \"/providers/Microsoft.Management/managementGroups/AzGovPerfTest/providers/Microsoft.Authorization/policyDefinitions/03ae6c12-b46a-43f1-9f3d-c20620473106\",\r\n        \"scope\": \"/providers/Microsoft.Management/managementGroups/AzGovPerfTest\",\r\n        \"notScopes\": [\r\n          \"/subscriptions/086aecf4-23d6-4dfd-99a8-a5c6299f0322\"\r\n        ],\r\n        \"parameters\": {},\r\n        \"metadata\": {\r\n          \"assignedBy\": \"Chris Eggert\",\r\n          \"parameterScopes\": {},\r\n          \"createdBy\": \"327c26bf-bf3e-4128-9b75-fbbd99e98739\",\r\n          \"createdOn\": \"2019-09-19T21:02:48.2629834Z\",\r\n          \"updatedBy\": \"36e2f355-d2e2-4fbc-88ab-4281639dff94\",\r\n          \"updatedOn\": \"2019-10-01T17:50:28.4254014Z\"\r\n        },\r\n        \"enforcementMode\": \"Default\"\r\n      },\r\n      \"id\": \"/providers/Microsoft.Management/managementGroups/AzGovPerfTest/providers/Microsoft.Authorization/policyAssignments/ef26e8bbc3da423ebf7fcb80\",\r\n      \"type\": \"Microsoft.Authorization/policyAssignments\",\r\n      \"name\": \"ef26e8bbc3da423ebf7fcb80\"\r\n    },\r\n    {\r\n      \"properties\": {\r\n        \"displayName\": \"[Preview]: Kubernetes clusters should not use the default namespace\",\r\n        \"policyDefinitionId\": \"/providers/Microsoft.Authorization/policyDefinitions/9f061a12-e40d-4183-a00e-171812443373\",\r\n        \"scope\": \"/subscriptions/2c2f67af-09f9-4d60-b051-c5d956d2c9a7\",\r\n        \"notScopes\": [],\r\n        \"parameters\": {},\r\n        \"metadata\": {\r\n          \"assignedBy\": \"Noah Reisch\",\r\n          \"parameterScopes\": {},\r\n          \"createdBy\": \"c281de91-d2d9-4490-950b-4e89d62c44e5\",\r\n          \"createdOn\": \"2021-04-05T15:14:11.0997476Z\",\r\n          \"updatedBy\": null,\r\n          \"updatedOn\": null\r\n        },\r\n        \"enforcementMode\": \"Default\",\r\n        \"nonComplianceMessages\": []\r\n      },\r\n      \"id\": \"/subscriptions/2c2f67af-09f9-4d60-b051-c5d956d2c9a7/providers/Microsoft.Authorization/policyAssignments/77a52c35954844df9b170cec\",\r\n      \"type\": \"Microsoft.Authorization/policyAssignments\",\r\n      \"name\": \"77a52c35954844df9b170cec\"\r\n    },\r\n    {\r\n      \"properties\": {\r\n        \"displayName\": \"[Preview]: Kubernetes clusters should not use the default namespace\",\r\n        \"policyDefinitionId\": \"/providers/Microsoft.Authorization/policyDefinitions/9f061a12-e40d-4183-a00e-171812443373\",\r\n        \"scope\": \"/subscriptions/2c2f67af-09f9-4d60-b051-c5d956d2c9a7\",\r\n        \"notScopes\": [],\r\n        \"parameters\": {},\r\n        \"metadata\": {\r\n          \"assignedBy\": \"Noah Reisch\",\r\n          \"parameterScopes\": {},\r\n          \"createdBy\": \"c281de91-d2d9-4490-950b-4e89d62c44e5\",\r\n          \"createdOn\": \"2021-06-17T13:56:04.353672Z\",\r\n          \"updatedBy\": null,\r\n          \"updatedOn\": null\r\n        },\r\n        \"enforcementMode\": \"Default\",\r\n        \"nonComplianceMessages\": []\r\n      },\r\n      \"id\": \"/subscriptions/2c2f67af-09f9-4d60-b051-c5d956d2c9a7/providers/Microsoft.Authorization/policyAssignments/ecbe64cf35fc4e17b2f3cf80\",\r\n      \"type\": \"Microsoft.Authorization/policyAssignments\",\r\n      \"name\": \"ecbe64cf35fc4e17b2f3cf80\"\r\n    },\r\n    {\r\n      \"properties\": {\r\n        \"policyDefinitionId\": \"/subscriptions/2c2f67af-09f9-4d60-b051-c5d956d2c9a7/providers/Microsoft.Authorization/policyDefinitions/ANMTestPolicyTwo\",\r\n        \"scope\": \"/subscriptions/2c2f67af-09f9-4d60-b051-c5d956d2c9a7/resourceGroups/ArnNotificationProbe-202110061427033659\",\r\n        \"metadata\": {\r\n          \"createdBy\": \"8cd07fca-3705-45d6-8c9d-0346d565cfc3\",\r\n          \"createdOn\": \"2021-10-06T21:27:20.0045367Z\",\r\n          \"updatedBy\": null,\r\n          \"updatedOn\": null\r\n        },\r\n        \"enforcementMode\": \"Default\"\r\n      },\r\n      \"id\": \"/subscriptions/2c2f67af-09f9-4d60-b051-c5d956d2c9a7/resourceGroups/ArnNotificationProbe-202110061427033659/providers/Microsoft.Authorization/policyAssignments/RunnerTest-virtualNetworks-202110061427033659\",\r\n      \"type\": \"Microsoft.Authorization/policyAssignments\",\r\n      \"name\": \"RunnerTest-virtualNetworks-202110061427033659\",\r\n      \"location\": \"eastus\",\r\n      \"systemData\": {\r\n        \"createdBy\": \"joramirez@microsoft.com\",\r\n        \"createdByType\": \"User\",\r\n        \"createdAt\": \"2021-10-06T21:27:19.9553007Z\",\r\n        \"lastModifiedBy\": \"joramirez@microsoft.com\",\r\n        \"lastModifiedByType\": \"User\",\r\n        \"lastModifiedAt\": \"2021-10-06T21:27:19.9553007Z\"\r\n      }\r\n    },\r\n    {\r\n      \"properties\": {\r\n        \"displayName\": \"Kubernetes cluster pod hostPath volumes should only use allowed host paths\",\r\n        \"policyDefinitionId\": \"/providers/Microsoft.Authorization/policyDefinitions/098fc59e-46c7-4d99-9b16-64990e543d75\",\r\n        \"scope\": \"/subscriptions/2c2f67af-09f9-4d60-b051-c5d956d2c9a7/resourcegroups/VersionUpgradeTest\",\r\n        \"notScopes\": [],\r\n        \"parameters\": {},\r\n        \"metadata\": {\r\n          \"assignedBy\": \"Fernando Ruiloba Portilla\",\r\n          \"parameterScopes\": {},\r\n          \"createdBy\": \"2064b4fe-6fb1-49e0-a74b-0528d0f81100\",\r\n          \"createdOn\": \"2021-03-25T15:10:21.3390447Z\",\r\n          \"updatedBy\": null,\r\n          \"updatedOn\": null\r\n        },\r\n        \"enforcementMode\": \"Default\",\r\n        \"nonComplianceMessages\": []\r\n      },\r\n      \"id\": \"/subscriptions/2c2f67af-09f9-4d60-b051-c5d956d2c9a7/resourcegroups/VersionUpgradeTest/providers/Microsoft.Authorization/policyAssignments/3adaf30a30924b7891bbc498\",\r\n      \"type\": \"Microsoft.Authorization/policyAssignments\",\r\n      \"name\": \"3adaf30a30924b7891bbc498\"\r\n    },\r\n    {\r\n      \"properties\": {\r\n        \"displayName\": \"Kubernetes cluster containers should only use allowed images\",\r\n        \"policyDefinitionId\": \"/providers/Microsoft.Authorization/policyDefinitions/febd0533-8e55-448f-b837-bd0e06f16469\",\r\n        \"scope\": \"/subscriptions/2c2f67af-09f9-4d60-b051-c5d956d2c9a7/resourceGroups/VersionUpgradeTest\",\r\n        \"notScopes\": [],\r\n        \"parameters\": {\r\n          \"allowedContainerImagesRegex\": {\r\n            \"value\": \"^.+azurecrtest.io/.+$\"\r\n          }\r\n        },\r\n        \"metadata\": {\r\n          \"assignedBy\": \"Noah Reisch\",\r\n          \"parameterScopes\": {},\r\n          \"createdBy\": \"c281de91-d2d9-4490-950b-4e89d62c44e5\",\r\n          \"createdOn\": \"2021-06-17T13:48:53.4951374Z\",\r\n          \"updatedBy\": null,\r\n          \"updatedOn\": null\r\n        },\r\n        \"enforcementMode\": \"Default\",\r\n        \"nonComplianceMessages\": []\r\n      },\r\n      \"id\": \"/subscriptions/2c2f67af-09f9-4d60-b051-c5d956d2c9a7/resourceGroups/VersionUpgradeTest/providers/Microsoft.Authorization/policyAssignments/678e97908493438bb81ac5b3\",\r\n      \"type\": \"Microsoft.Authorization/policyAssignments\",\r\n      \"name\": \"678e97908493438bb81ac5b3\"\r\n    },\r\n    {\r\n      \"properties\": {\r\n        \"displayName\": \"Kubernetes cluster containers should only use allowed images\",\r\n        \"policyDefinitionId\": \"/providers/Microsoft.Authorization/policyDefinitions/febd0533-8e55-448f-b837-bd0e06f16469\",\r\n        \"scope\": \"/subscriptions/2c2f67af-09f9-4d60-b051-c5d956d2c9a7/resourceGroups/VersionUpgradeTest\",\r\n        \"notScopes\": [],\r\n        \"parameters\": {\r\n          \"allowedContainerImagesRegex\": {\r\n            \"value\": \"^.+azurecr.io/.+$\"\r\n          }\r\n        },\r\n        \"description\": \"\",\r\n        \"metadata\": {\r\n          \"assignedBy\": \"Noah Reisch\",\r\n          \"parameterScopes\": {},\r\n          \"createdBy\": \"c281de91-d2d9-4490-950b-4e89d62c44e5\",\r\n          \"createdOn\": \"2021-06-17T13:51:57.1561265Z\",\r\n          \"updatedBy\": null,\r\n          \"updatedOn\": null\r\n        },\r\n        \"enforcementMode\": \"Default\",\r\n        \"nonComplianceMessages\": []\r\n      },\r\n      \"id\": \"/subscriptions/2c2f67af-09f9-4d60-b051-c5d956d2c9a7/resourceGroups/VersionUpgradeTest/providers/Microsoft.Authorization/policyAssignments/b9dd082d708646459540c644\",\r\n      \"type\": \"Microsoft.Authorization/policyAssignments\",\r\n      \"name\": \"b9dd082d708646459540c644\"\r\n    },\r\n    {\r\n      \"properties\": {\r\n        \"displayName\": \"Kubernetes clusters should not allow container privilege escalation\",\r\n        \"policyDefinitionId\": \"/providers/Microsoft.Authorization/policyDefinitions/1c6e92c9-99f0-4e55-9cf2-0c234dc48f99\",\r\n        \"scope\": \"/subscriptions/2c2f67af-09f9-4d60-b051-c5d956d2c9a7/resourceGroups/NRG\",\r\n        \"notScopes\": [],\r\n        \"parameters\": {},\r\n        \"metadata\": {\r\n          \"assignedBy\": \"Noah Reisch\",\r\n          \"parameterScopes\": {},\r\n          \"createdBy\": \"c281de91-d2d9-4490-950b-4e89d62c44e5\",\r\n          \"createdOn\": \"2021-01-11T22:17:16.8688181Z\",\r\n          \"updatedBy\": null,\r\n          \"updatedOn\": null\r\n        },\r\n        \"enforcementMode\": \"Default\"\r\n      },\r\n      \"id\": \"/subscriptions/2c2f67af-09f9-4d60-b051-c5d956d2c9a7/resourceGroups/NRG/providers/Microsoft.Authorization/policyAssignments/c99d4d301768421e8d00f7fa\",\r\n      \"type\": \"Microsoft.Authorization/policyAssignments\",\r\n      \"name\": \"c99d4d301768421e8d00f7fa\"\r\n    },\r\n    {\r\n      \"properties\": {\r\n        \"policyDefinitionId\": \"/subscriptions/2c2f67af-09f9-4d60-b051-c5d956d2c9a7/providers/Microsoft.Authorization/policyDefinitions/ANMTestPolicy\",\r\n        \"scope\": \"/subscriptions/2c2f67af-09f9-4d60-b051-c5d956d2c9a7/resourceGroups/ArnNotificationProbe-202110061335587025\",\r\n        \"metadata\": {\r\n          \"createdBy\": \"8cd07fca-3705-45d6-8c9d-0346d565cfc3\",\r\n          \"createdOn\": \"2021-10-06T21:24:48.1081349Z\",\r\n          \"updatedBy\": null,\r\n          \"updatedOn\": null\r\n        },\r\n        \"enforcementMode\": \"Default\"\r\n      },\r\n      \"id\": \"/subscriptions/2c2f67af-09f9-4d60-b051-c5d956d2c9a7/resourceGroups/ArnNotificationProbe-202110061335587025/providers/Microsoft.Authorization/policyAssignments/RunnerTest-virtualNetworks-202110061424337190\",\r\n      \"type\": \"Microsoft.Authorization/policyAssignments\",\r\n      \"name\": \"RunnerTest-virtualNetworks-202110061424337190\",\r\n      \"location\": \"eastus\",\r\n      \"systemData\": {\r\n        \"createdBy\": \"joramirez@microsoft.com\",\r\n        \"createdByType\": \"User\",\r\n        \"createdAt\": \"2021-10-06T21:24:48.0292279Z\",\r\n        \"lastModifiedBy\": \"joramirez@microsoft.com\",\r\n        \"lastModifiedByType\": \"User\",\r\n        \"lastModifiedAt\": \"2021-10-06T21:24:48.0292279Z\"\r\n      }\r\n    },\r\n    {\r\n      \"properties\": {\r\n        \"displayName\": \"Kubernetes cluster containers should only use allowed images\",\r\n        \"policyDefinitionId\": \"/providers/Microsoft.Authorization/policyDefinitions/febd0533-8e55-448f-b837-bd0e06f16469\",\r\n        \"scope\": \"/subscriptions/2c2f67af-09f9-4d60-b051-c5d956d2c9a7/resourceGroups/aro-test-arc-rg\",\r\n        \"notScopes\": [],\r\n        \"parameters\": {\r\n          \"effect\": {\r\n            \"value\": \"deny\"\r\n          },\r\n          \"allowedContainerImagesRegex\": {\r\n            \"value\": \"^.+azurecr.io/.+$\"\r\n          }\r\n        },\r\n        \"metadata\": {\r\n          \"assignedBy\": \"Ramyasree Chakka\",\r\n          \"parameterScopes\": {},\r\n          \"createdBy\": \"82f25a3e-d28d-4c27-90d6-d92c79d98936\",\r\n          \"createdOn\": \"2021-03-22T17:51:06.4423559Z\",\r\n          \"updatedBy\": null,\r\n          \"updatedOn\": null\r\n        },\r\n        \"enforcementMode\": \"Default\",\r\n        \"nonComplianceMessages\": []\r\n      },\r\n      \"id\": \"/subscriptions/2c2f67af-09f9-4d60-b051-c5d956d2c9a7/resourceGroups/aro-test-arc-rg/providers/Microsoft.Authorization/policyAssignments/5c0cabfc3cc447bcb92184ad\",\r\n      \"type\": \"Microsoft.Authorization/policyAssignments\",\r\n      \"name\": \"5c0cabfc3cc447bcb92184ad\"\r\n    }\r\n  ]\r\n}",
      "StatusCode": 200
    },
    {
      "RequestUri": "/Subscriptions/2c2f67af-09f9-4d60-b051-c5d956d2c9a7/providers/Microsoft.Authorization/policyassignments?$filter=atScope()&api-version=2021-06-01",
      "EncodedRequestUri": "L1N1YnNjcmlwdGlvbnMvMmMyZjY3YWYtMDlmOS00ZDYwLWIwNTEtYzVkOTU2ZDJjOWE3L3Byb3ZpZGVycy9NaWNyb3NvZnQuQXV0aG9yaXphdGlvbi9wb2xpY3lhc3NpZ25tZW50cz8kZmlsdGVyPWF0U2NvcGUoKSZhcGktdmVyc2lvbj0yMDIxLTA2LTAx",
      "RequestMethod": "GET",
      "RequestBody": "",
      "RequestHeaders": {
        "User-Agent": [
          "AzurePowershell/v0.0.0",
          "PSVersion/v3.0.0.0"
        ],
        "ParameterSetName": [
          "DefaultParameterSet"
        ],
        "CommandName": [
          "Get-AzPolicyAssignment"
        ]
      },
      "ResponseHeaders": {
        "Cache-Control": [
          "no-cache"
        ],
        "Pragma": [
          "no-cache"
        ],
        "Strict-Transport-Security": [
          "max-age=31536000; includeSubDomains"
        ],
        "Server": [
          "Kestrel"
        ],
        "x-ms-ratelimit-remaining-subscription-reads": [
          "11997"
        ],
        "x-ms-request-id": [
          "be9e05d8-1bd1-4d79-a7cf-331dd4facc6c"
        ],
        "x-ms-correlation-request-id": [
          "be9e05d8-1bd1-4d79-a7cf-331dd4facc6c"
        ],
        "x-ms-routing-request-id": [
          "NORTHCENTRALUS:20211116T051110Z:be9e05d8-1bd1-4d79-a7cf-331dd4facc6c"
        ],
        "X-Content-Type-Options": [
          "nosniff"
        ],
        "Date": [
          "Tue, 16 Nov 2021 05:11:09 GMT"
        ],
        "Content-Length": [
          "18307"
        ],
        "Content-Type": [
          "application/json; charset=utf-8"
        ],
        "Expires": [
          "-1"
        ],
        "Retry-After": [
          "0"
        ]
      },
      "ResponseBody": "{\r\n  \"value\": [\r\n    {\r\n      \"properties\": {\r\n        \"displayName\": \"CSEO Block WVD resource creation\",\r\n        \"policyDefinitionId\": \"/providers/Microsoft.Management/managementGroups/72f988bf-86f1-41af-91ab-2d7cd011db47/providers/Microsoft.Authorization/policyDefinitions/Deny WVD creation\",\r\n        \"scope\": \"/providers/Microsoft.Management/managementGroups/72f988bf-86f1-41af-91ab-2d7cd011db47\",\r\n        \"notScopes\": [\r\n          \"/providers/Microsoft.Management/managementGroups/MSFT-DSRE-ISO-IAM\",\r\n          \"/providers/Microsoft.Management/managementGroups/9ce3369a-545b-cfba-c329-3631400b552f\",\r\n          \"/providers/Microsoft.Management/managementGroups/WVDSelfhost\",\r\n          \"/subscriptions/3ae2e9a4-54bd-459f-8211-6f920ecd52c4\",\r\n          \"/providers/Microsoft.Management/managementGroups/595d008b-0e4c-41f8-af09-254420fd7571\",\r\n          \"/providers/Microsoft.Management/managementGroups/CloudPCMSFTSubscriptions\",\r\n          \"/providers/Microsoft.Management/managementGroups/64cd7b97-58e0-44d3-832b-55657739bde3\"\r\n        ],\r\n        \"description\": \"IAMAADENG@microsoft.com\",\r\n        \"metadata\": {\r\n          \"createdBy\": \"7f1579a6-c648-43a1-ac1e-0c3020dd9b8e\",\r\n          \"createdOn\": \"2020-11-17T19:41:36.3082667Z\",\r\n          \"updatedBy\": \"7f1579a6-c648-43a1-ac1e-0c3020dd9b8e\",\r\n          \"updatedOn\": \"2021-03-03T20:26:00.9826574Z\"\r\n        },\r\n        \"enforcementMode\": \"Default\"\r\n      },\r\n      \"id\": \"/providers/Microsoft.Management/managementGroups/72f988bf-86f1-41af-91ab-2d7cd011db47/providers/Microsoft.Authorization/policyAssignments/Block WVD creation\",\r\n      \"type\": \"Microsoft.Authorization/policyAssignments\",\r\n      \"name\": \"Block WVD creation\"\r\n    },\r\n    {\r\n      \"identity\": {\r\n        \"principalId\": \"cfddff48-22d7-4c47-b55c-f81ba70354ef\",\r\n        \"tenantId\": \"72f988bf-86f1-41af-91ab-2d7cd011db47\",\r\n        \"type\": \"SystemAssigned\"\r\n      },\r\n      \"properties\": {\r\n        \"displayName\": \"SDK tests DINE policy (MG level)\",\r\n        \"policyDefinitionId\": \"/providers/Microsoft.Management/managementGroups/AzGovPerfTest/providers/Microsoft.Authorization/policyDefinitions/ef2ae106-ed51-4569-9a8b-0a15135d87d2\",\r\n        \"scope\": \"/providers/Microsoft.Management/managementGroups/AzGovPerfTest\",\r\n        \"notScopes\": [],\r\n        \"parameters\": {},\r\n        \"description\": \"\",\r\n        \"metadata\": {\r\n          \"assignedBy\": \"Elad Perets\",\r\n          \"parameterScopes\": {},\r\n          \"createdBy\": \"5e3ea7e8-c6f8-4026-a517-53a24fc529ab\",\r\n          \"createdOn\": \"2021-11-02T22:22:32.821993Z\",\r\n          \"updatedBy\": \"5e3ea7e8-c6f8-4026-a517-53a24fc529ab\",\r\n          \"updatedOn\": \"2021-11-10T21:58:05.4104243Z\"\r\n        },\r\n        \"enforcementMode\": \"DoNotEnforce\",\r\n        \"nonComplianceMessages\": []\r\n      },\r\n      \"id\": \"/providers/Microsoft.Management/managementGroups/AzGovPerfTest/providers/Microsoft.Authorization/policyAssignments/19ec14e57445484fb8555646\",\r\n      \"type\": \"Microsoft.Authorization/policyAssignments\",\r\n      \"name\": \"19ec14e57445484fb8555646\",\r\n      \"location\": \"eastus\",\r\n      \"systemData\": {\r\n        \"createdBy\": \"elpere@microsoft.com\",\r\n        \"createdByType\": \"User\",\r\n        \"createdAt\": \"2021-11-02T22:22:31.7845654Z\",\r\n        \"lastModifiedBy\": \"elpere@microsoft.com\",\r\n        \"lastModifiedByType\": \"User\",\r\n        \"lastModifiedAt\": \"2021-11-10T21:58:05.2159227Z\"\r\n      }\r\n    },\r\n    {\r\n      \"properties\": {\r\n        \"displayName\": \"Manual Policy Initiative\",\r\n        \"policyDefinitionId\": \"/providers/Microsoft.Management/managementGroups/AzGovPerfTest/providers/Microsoft.Authorization/policySetDefinitions/648898cb915947e68e67f582\",\r\n        \"scope\": \"/providers/Microsoft.Management/managementGroups/AzGovPerfTest\",\r\n        \"notScopes\": [],\r\n        \"parameters\": {},\r\n        \"description\": \"\",\r\n        \"metadata\": {\r\n          \"assignedBy\": \"Chris Eggert\",\r\n          \"parameterScopes\": {},\r\n          \"createdBy\": \"36e2f355-d2e2-4fbc-88ab-4281639dff94\",\r\n          \"createdOn\": \"2021-01-20T20:53:12.4535246Z\",\r\n          \"updatedBy\": \"36e2f355-d2e2-4fbc-88ab-4281639dff94\",\r\n          \"updatedOn\": \"2021-01-21T19:02:48.9589454Z\"\r\n        },\r\n        \"enforcementMode\": \"Default\",\r\n        \"nonComplianceMessages\": [\r\n          {\r\n            \"policyDefinitionReferenceId\": \"Subscription Manual Policy (parameterized effect)_1\",\r\n            \"message\": \"These subscriptions have been manually set to non-compliant\"\r\n          },\r\n          {\r\n            \"policyDefinitionReferenceId\": \"Subscription Manual Policy (parameterized default)_1\",\r\n            \"message\": \"These subscriptions have been manually set to non-compliant\"\r\n          }\r\n        ]\r\n      },\r\n      \"id\": \"/providers/Microsoft.Management/managementGroups/AzGovPerfTest/providers/Microsoft.Authorization/policyAssignments/4347209461a74f558795177c\",\r\n      \"type\": \"Microsoft.Authorization/policyAssignments\",\r\n      \"name\": \"4347209461a74f558795177c\"\r\n    },\r\n    {\r\n      \"properties\": {\r\n        \"displayName\": \"Subscription Manual Policy (parameterized effect)\",\r\n        \"policyDefinitionId\": \"/providers/Microsoft.Management/managementGroups/AzGovPerfTest/providers/Microsoft.Authorization/policyDefinitions/7f8c3bdf-74b5-4796-a396-4a71a14faf94\",\r\n        \"scope\": \"/providers/Microsoft.Management/managementGroups/AzGovPerfTest\",\r\n        \"notScopes\": [],\r\n        \"parameters\": {\r\n          \"effect\": {\r\n            \"value\": \"manual\"\r\n          }\r\n        },\r\n        \"metadata\": {\r\n          \"assignedBy\": \"Chris Eggert\",\r\n          \"parameterScopes\": {},\r\n          \"createdBy\": \"36e2f355-d2e2-4fbc-88ab-4281639dff94\",\r\n          \"createdOn\": \"2021-01-20T20:53:47.6246297Z\",\r\n          \"updatedBy\": null,\r\n          \"updatedOn\": null\r\n        },\r\n        \"enforcementMode\": \"Default\"\r\n      },\r\n      \"id\": \"/providers/Microsoft.Management/managementGroups/AzGovPerfTest/providers/Microsoft.Authorization/policyAssignments/6b90de548ea0486e925fcbad\",\r\n      \"type\": \"Microsoft.Authorization/policyAssignments\",\r\n      \"name\": \"6b90de548ea0486e925fcbad\"\r\n    },\r\n    {\r\n      \"properties\": {\r\n        \"displayName\": \"Subscription Manual Policy (parameterized default)\",\r\n        \"policyDefinitionId\": \"/providers/Microsoft.Management/managementGroups/AzGovPerfTest/providers/Microsoft.Authorization/policyDefinitions/7f8c3bdf-74b5-4796-a396-4a71a14faf8a\",\r\n        \"scope\": \"/providers/Microsoft.Management/managementGroups/AzGovPerfTest\",\r\n        \"notScopes\": [],\r\n        \"parameters\": {\r\n          \"defaultState\": {\r\n            \"value\": \"NonCompliant\"\r\n          }\r\n        },\r\n        \"metadata\": {\r\n          \"assignedBy\": \"Chris Eggert\",\r\n          \"parameterScopes\": {},\r\n          \"createdBy\": \"36e2f355-d2e2-4fbc-88ab-4281639dff94\",\r\n          \"createdOn\": \"2021-01-20T20:53:36.5851095Z\",\r\n          \"updatedBy\": null,\r\n          \"updatedOn\": null\r\n        },\r\n        \"enforcementMode\": \"Default\"\r\n      },\r\n      \"id\": \"/providers/Microsoft.Management/managementGroups/AzGovPerfTest/providers/Microsoft.Authorization/policyAssignments/75aacc60963a4146a2e87f3e\",\r\n      \"type\": \"Microsoft.Authorization/policyAssignments\",\r\n      \"name\": \"75aacc60963a4146a2e87f3e\"\r\n    },\r\n    {\r\n      \"properties\": {\r\n        \"displayName\": \"Multi-type Manual Policy (parameterized effect)\",\r\n        \"policyDefinitionId\": \"/providers/Microsoft.Management/managementGroups/AzGovPerfTest/providers/Microsoft.Authorization/policyDefinitions/d4094db5-f5c0-45d4-8540-67f60ba1b923\",\r\n        \"scope\": \"/providers/Microsoft.Management/managementGroups/AzGovPerfTest\",\r\n        \"notScopes\": [],\r\n        \"parameters\": {\r\n          \"effect\": {\r\n            \"value\": \"manual\"\r\n          }\r\n        },\r\n        \"metadata\": {\r\n          \"assignedBy\": \"Chris Eggert\",\r\n          \"parameterScopes\": {},\r\n          \"createdBy\": \"36e2f355-d2e2-4fbc-88ab-4281639dff94\",\r\n          \"createdOn\": \"2021-01-20T20:53:58.1343344Z\",\r\n          \"updatedBy\": null,\r\n          \"updatedOn\": null\r\n        },\r\n        \"enforcementMode\": \"Default\"\r\n      },\r\n      \"id\": \"/providers/Microsoft.Management/managementGroups/AzGovPerfTest/providers/Microsoft.Authorization/policyAssignments/92216833e0dd4e1793da2eb7\",\r\n      \"type\": \"Microsoft.Authorization/policyAssignments\",\r\n      \"name\": \"92216833e0dd4e1793da2eb7\"\r\n    },\r\n    {\r\n      \"identity\": {\r\n        \"principalId\": \"ce1d9a10-d84d-472f-8535-7db0fee761a0\",\r\n        \"tenantId\": \"72f988bf-86f1-41af-91ab-2d7cd011db47\",\r\n        \"type\": \"SystemAssigned\"\r\n      },\r\n      \"properties\": {\r\n        \"displayName\": \"Add time tag to subscriptions\",\r\n        \"policyDefinitionId\": \"/providers/Microsoft.Management/managementGroups/AzGovPerfTest/providers/Microsoft.Authorization/policyDefinitions/7637bcff-f8f5-4077-924a-287ae88f7299\",\r\n        \"scope\": \"/providers/Microsoft.Management/managementGroups/AzGovPerfTest\",\r\n        \"notScopes\": [],\r\n        \"parameters\": {},\r\n        \"description\": \"\",\r\n        \"metadata\": {\r\n          \"assignedBy\": \"Chris Eggert\",\r\n          \"parameterScopes\": {},\r\n          \"createdBy\": \"36e2f355-d2e2-4fbc-88ab-4281639dff94\",\r\n          \"createdOn\": \"2021-02-08T19:35:58.108131Z\",\r\n          \"updatedBy\": \"36e2f355-d2e2-4fbc-88ab-4281639dff94\",\r\n          \"updatedOn\": \"2021-02-16T20:32:03.7379054Z\"\r\n        },\r\n        \"enforcementMode\": \"Default\",\r\n        \"nonComplianceMessages\": [\r\n          {\r\n            \"message\": \"The subscription did not have a time tag\"\r\n          }\r\n        ]\r\n      },\r\n      \"id\": \"/providers/Microsoft.Management/managementGroups/AzGovPerfTest/providers/Microsoft.Authorization/policyAssignments/abd7b3be02774ce0b2e15d76\",\r\n      \"type\": \"Microsoft.Authorization/policyAssignments\",\r\n      \"name\": \"abd7b3be02774ce0b2e15d76\",\r\n      \"location\": \"eastus\"\r\n    },\r\n    {\r\n      \"properties\": {\r\n        \"displayName\": \"Subscription Manual Policy (unknown default)\",\r\n        \"policyDefinitionId\": \"/providers/Microsoft.Management/managementGroups/AzGovPerfTest/providers/Microsoft.Authorization/policyDefinitions/7f8c3bdf-74b5-4796-a396-4a71a14fa603\",\r\n        \"scope\": \"/providers/Microsoft.Management/managementGroups/AzGovPerfTest\",\r\n        \"notScopes\": [],\r\n        \"parameters\": {},\r\n        \"metadata\": {\r\n          \"assignedBy\": \"Chris Eggert\",\r\n          \"parameterScopes\": {},\r\n          \"createdBy\": \"36e2f355-d2e2-4fbc-88ab-4281639dff94\",\r\n          \"createdOn\": \"2021-01-20T20:53:26.2531867Z\",\r\n          \"updatedBy\": null,\r\n          \"updatedOn\": null\r\n        },\r\n        \"enforcementMode\": \"Default\"\r\n      },\r\n      \"id\": \"/providers/Microsoft.Management/managementGroups/AzGovPerfTest/providers/Microsoft.Authorization/policyAssignments/c210fc4598ea42358daa72d0\",\r\n      \"type\": \"Microsoft.Authorization/policyAssignments\",\r\n      \"name\": \"c210fc4598ea42358daa72d0\"\r\n    },\r\n    {\r\n      \"identity\": {\r\n        \"principalId\": \"4977cd5b-1262-46b5-a5f2-0b4ebba35242\",\r\n        \"tenantId\": \"72f988bf-86f1-41af-91ab-2d7cd011db47\",\r\n        \"type\": \"SystemAssigned\"\r\n      },\r\n      \"properties\": {\r\n        \"displayName\": \"Create subscription greenfield resource group (cheggert)\",\r\n        \"policyDefinitionId\": \"/providers/Microsoft.Management/managementGroups/AzGovPerfTest/providers/Microsoft.Authorization/policyDefinitions/64f8fdd9-7ea8-48ba-938d-fec37063b311\",\r\n        \"scope\": \"/providers/Microsoft.Management/managementGroups/AzGovPerfTest\",\r\n        \"notScopes\": [],\r\n        \"parameters\": {},\r\n        \"metadata\": {\r\n          \"assignedBy\": \"Chris Eggert\",\r\n          \"parameterScopes\": {},\r\n          \"createdBy\": \"36e2f355-d2e2-4fbc-88ab-4281639dff94\",\r\n          \"createdOn\": \"2021-02-08T19:47:59.5901431Z\",\r\n          \"updatedBy\": null,\r\n          \"updatedOn\": null\r\n        },\r\n        \"enforcementMode\": \"Default\",\r\n        \"nonComplianceMessages\": [\r\n          {\r\n            \"message\": \"The resource group did not exist\"\r\n          }\r\n        ]\r\n      },\r\n      \"id\": \"/providers/Microsoft.Management/managementGroups/AzGovPerfTest/providers/Microsoft.Authorization/policyAssignments/d1d1cbed1ed14901b4c6b81c\",\r\n      \"type\": \"Microsoft.Authorization/policyAssignments\",\r\n      \"name\": \"d1d1cbed1ed14901b4c6b81c\",\r\n      \"location\": \"eastus2\"\r\n    },\r\n    {\r\n      \"identity\": {\r\n        \"principalId\": \"067c1aa0-c425-4ad5-80fe-41d4639b1d42\",\r\n        \"tenantId\": \"72f988bf-86f1-41af-91ab-2d7cd011db47\",\r\n        \"type\": \"SystemAssigned\"\r\n      },\r\n      \"properties\": {\r\n        \"displayName\": \"Empty deployment on each KeyVault resource (MG)\",\r\n        \"policyDefinitionId\": \"/providers/Microsoft.Management/managementGroups/AzGovPerfTest/providers/Microsoft.Authorization/policyDefinitions/78a38c70-5549-49bd-8a16-fe3619e5d2cf\",\r\n        \"scope\": \"/providers/Microsoft.Management/managementGroups/AzGovPerfTest\",\r\n        \"notScopes\": [],\r\n        \"parameters\": {},\r\n        \"description\": \"Deploys an empty deployment (with one output) on each KeyVault vault.  Used for some PolicyInsights SDK tests.\",\r\n        \"metadata\": {\r\n          \"assignedBy\": \"Chris Eggert\",\r\n          \"parameterScopes\": {},\r\n          \"createdBy\": \"36e2f355-d2e2-4fbc-88ab-4281639dff94\",\r\n          \"createdOn\": \"2019-11-21T17:44:17.3643721Z\",\r\n          \"updatedBy\": \"36e2f355-d2e2-4fbc-88ab-4281639dff94\",\r\n          \"updatedOn\": \"2020-09-04T17:44:00.7898442Z\"\r\n        },\r\n        \"enforcementMode\": \"DoNotEnforce\"\r\n      },\r\n      \"id\": \"/providers/Microsoft.Management/managementGroups/AzGovPerfTest/providers/Microsoft.Authorization/policyAssignments/d80d743b97874fd3bfd1d539\",\r\n      \"type\": \"Microsoft.Authorization/policyAssignments\",\r\n      \"name\": \"d80d743b97874fd3bfd1d539\",\r\n      \"location\": \"eastus\"\r\n    },\r\n    {\r\n      \"properties\": {\r\n        \"displayName\": \"Audit tag at MG\",\r\n        \"policyDefinitionId\": \"/providers/Microsoft.Management/managementGroups/AzGovPerfTest/providers/Microsoft.Authorization/policyDefinitions/03ae6c12-b46a-43f1-9f3d-c20620473106\",\r\n        \"scope\": \"/providers/Microsoft.Management/managementGroups/AzGovPerfTest\",\r\n        \"notScopes\": [\r\n          \"/subscriptions/086aecf4-23d6-4dfd-99a8-a5c6299f0322\"\r\n        ],\r\n        \"parameters\": {},\r\n        \"metadata\": {\r\n          \"assignedBy\": \"Chris Eggert\",\r\n          \"parameterScopes\": {},\r\n          \"createdBy\": \"327c26bf-bf3e-4128-9b75-fbbd99e98739\",\r\n          \"createdOn\": \"2019-09-19T21:02:48.2629834Z\",\r\n          \"updatedBy\": \"36e2f355-d2e2-4fbc-88ab-4281639dff94\",\r\n          \"updatedOn\": \"2019-10-01T17:50:28.4254014Z\"\r\n        },\r\n        \"enforcementMode\": \"Default\"\r\n      },\r\n      \"id\": \"/providers/Microsoft.Management/managementGroups/AzGovPerfTest/providers/Microsoft.Authorization/policyAssignments/ef26e8bbc3da423ebf7fcb80\",\r\n      \"type\": \"Microsoft.Authorization/policyAssignments\",\r\n      \"name\": \"ef26e8bbc3da423ebf7fcb80\"\r\n    },\r\n    {\r\n      \"properties\": {\r\n        \"displayName\": \"[Preview]: Azure Arc enabled Kubernetes clusters should have Azure Defender's extension installed\",\r\n        \"policyDefinitionId\": \"/providers/Microsoft.Authorization/policyDefinitions/8dfab9c4-fe7b-49ad-85e4-1e9be085358f\",\r\n        \"scope\": \"/subscriptions/2c2f67af-09f9-4d60-b051-c5d956d2c9a7\",\r\n        \"notScopes\": [],\r\n        \"parameters\": {},\r\n        \"metadata\": {\r\n          \"assignedBy\": \"Neha Kulkarni\",\r\n          \"parameterScopes\": {},\r\n          \"createdBy\": \"ad4771f6-2838-4f61-af6d-eb7c3a3820df\",\r\n          \"createdOn\": \"2021-09-23T04:51:13.8621714Z\",\r\n          \"updatedBy\": null,\r\n          \"updatedOn\": null\r\n        },\r\n        \"enforcementMode\": \"Default\",\r\n        \"nonComplianceMessages\": []\r\n      },\r\n      \"id\": \"/subscriptions/2c2f67af-09f9-4d60-b051-c5d956d2c9a7/providers/Microsoft.Authorization/policyAssignments/1fff9a4ea8994b4cbcc13ec5\",\r\n      \"type\": \"Microsoft.Authorization/policyAssignments\",\r\n      \"name\": \"1fff9a4ea8994b4cbcc13ec5\",\r\n      \"systemData\": {\r\n        \"createdBy\": \"nehakulkarni@microsoft.com\",\r\n        \"createdByType\": \"User\",\r\n        \"createdAt\": \"2021-09-23T04:51:13.8115698Z\",\r\n        \"lastModifiedBy\": \"nehakulkarni@microsoft.com\",\r\n        \"lastModifiedByType\": \"User\",\r\n        \"lastModifiedAt\": \"2021-09-23T04:51:13.8115698Z\"\r\n      }\r\n    },\r\n    {\r\n      \"properties\": {\r\n        \"displayName\": \"Kubernetes cluster pod security restricted standards for Linux-based workloads\",\r\n        \"policyDefinitionId\": \"/providers/Microsoft.Authorization/policySetDefinitions/42b8ef37-b724-4e24-bbc8-7a7708edfe00\",\r\n        \"scope\": \"/subscriptions/2c2f67af-09f9-4d60-b051-c5d956d2c9a7\",\r\n        \"notScopes\": [],\r\n        \"parameters\": {},\r\n        \"metadata\": {\r\n          \"assignedBy\": \"Neha Kulkarni\",\r\n          \"parameterScopes\": {},\r\n          \"createdBy\": \"ad4771f6-2838-4f61-af6d-eb7c3a3820df\",\r\n          \"createdOn\": \"2021-09-23T04:43:43.0307553Z\",\r\n          \"updatedBy\": null,\r\n          \"updatedOn\": null\r\n        },\r\n        \"enforcementMode\": \"Default\",\r\n        \"nonComplianceMessages\": []\r\n      },\r\n      \"id\": \"/subscriptions/2c2f67af-09f9-4d60-b051-c5d956d2c9a7/providers/Microsoft.Authorization/policyAssignments/31cb3428cbdc4709af2b1c53\",\r\n      \"type\": \"Microsoft.Authorization/policyAssignments\",\r\n      \"name\": \"31cb3428cbdc4709af2b1c53\",\r\n      \"systemData\": {\r\n        \"createdBy\": \"nehakulkarni@microsoft.com\",\r\n        \"createdByType\": \"User\",\r\n        \"createdAt\": \"2021-09-23T04:43:42.9137696Z\",\r\n        \"lastModifiedBy\": \"nehakulkarni@microsoft.com\",\r\n        \"lastModifiedByType\": \"User\",\r\n        \"lastModifiedAt\": \"2021-09-23T04:43:42.9137696Z\"\r\n      }\r\n    },\r\n    {\r\n      \"properties\": {\r\n        \"displayName\": \"ySbGFtL8vF2vVWkd1-OGFA\",\r\n        \"policyDefinitionId\": \"/subscriptions/2c2f67af-09f9-4d60-b051-c5d956d2c9a7/providers/Microsoft.Authorization/policyDefinitions/7c7140f1-cafd-4835-95ba-687efbe096a5\",\r\n        \"scope\": \"/subscriptions/2c2f67af-09f9-4d60-b051-c5d956d2c9a7\",\r\n        \"notScopes\": [],\r\n        \"parameters\": {\r\n          \"allowedLocations\": {\r\n            \"value\": [\r\n              \"asia\"\r\n            ]\r\n          }\r\n        },\r\n        \"metadata\": {\r\n          \"assignedBy\": \"Neha Kulkarni\",\r\n          \"parameterScopes\": {\r\n            \"allowedLocations\": \"/subscriptions/2c2f67af-09f9-4d60-b051-c5d956d2c9a7\"\r\n          },\r\n          \"createdBy\": \"ad4771f6-2838-4f61-af6d-eb7c3a3820df\",\r\n          \"createdOn\": \"2021-10-20T22:19:36.8454102Z\",\r\n          \"updatedBy\": null,\r\n          \"updatedOn\": null\r\n        },\r\n        \"enforcementMode\": \"DoNotEnforce\",\r\n        \"nonComplianceMessages\": []\r\n      },\r\n      \"id\": \"/subscriptions/2c2f67af-09f9-4d60-b051-c5d956d2c9a7/providers/Microsoft.Authorization/policyAssignments/eae0fc4a316045aea3910bf8\",\r\n      \"type\": \"Microsoft.Authorization/policyAssignments\",\r\n      \"name\": \"eae0fc4a316045aea3910bf8\",\r\n      \"systemData\": {\r\n        \"createdBy\": \"nehakulkarni@microsoft.com\",\r\n        \"createdByType\": \"User\",\r\n        \"createdAt\": \"2021-10-20T22:19:36.8168554Z\",\r\n        \"lastModifiedBy\": \"nehakulkarni@microsoft.com\",\r\n        \"lastModifiedByType\": \"User\",\r\n        \"lastModifiedAt\": \"2021-10-20T22:19:36.8168554Z\"\r\n      }\r\n    },\r\n    {\r\n      \"properties\": {\r\n        \"policyDefinitionId\": \"/subscriptions/2c2f67af-09f9-4d60-b051-c5d956d2c9a7/providers/Microsoft.Authorization/policySetDefinitions/7WFm23WTiF7d_I7x0eBqwg\",\r\n        \"scope\": \"/subscriptions/2c2f67af-09f9-4d60-b051-c5d956d2c9a7\",\r\n        \"parameters\": {\r\n          \"version_0_SecurityAdmin\": {\r\n            \"value\": {\r\n              \"commit_properties\": {\r\n                \"locations\": [\r\n                  \"eastus\"\r\n                ],\r\n                \"type\": \"SecurityAdmin\"\r\n              }\r\n            }\r\n          },\r\n          \"version_0_Connectivity\": {\r\n            \"value\": {\r\n              \"commit_properties\": {\r\n                \"locations\": [\r\n                  \"eastus\"\r\n                ],\r\n                \"type\": \"Connectivity\"\r\n              }\r\n            }\r\n          }\r\n        },\r\n        \"metadata\": {\r\n          \"createdBy\": \"c76edb3e-70fe-46dc-a8fd-8cfc142da90e\",\r\n          \"createdOn\": \"2021-10-11T17:17:13.0958171Z\",\r\n          \"updatedBy\": \"c76edb3e-70fe-46dc-a8fd-8cfc142da90e\",\r\n          \"updatedOn\": \"2021-10-19T23:42:37.5206379Z\"\r\n        },\r\n        \"enforcementMode\": \"Default\"\r\n      },\r\n      \"id\": \"/subscriptions/2c2f67af-09f9-4d60-b051-c5d956d2c9a7/providers/Microsoft.Authorization/policyAssignments/HM3cCx759V9I5RBUR8lWWA\",\r\n      \"type\": \"Microsoft.Authorization/policyAssignments\",\r\n      \"name\": \"HM3cCx759V9I5RBUR8lWWA\",\r\n      \"systemData\": {\r\n        \"createdBy\": \"6d057c82-a784-47ae-8d12-ca7b38cf06b4\",\r\n        \"createdByType\": \"Application\",\r\n        \"createdAt\": \"2021-10-11T17:17:13.0755411Z\",\r\n        \"lastModifiedBy\": \"6d057c82-a784-47ae-8d12-ca7b38cf06b4\",\r\n        \"lastModifiedByType\": \"Application\",\r\n        \"lastModifiedAt\": \"2021-10-19T23:42:37.4985185Z\"\r\n      }\r\n    },\r\n    {\r\n      \"properties\": {\r\n        \"policyDefinitionId\": \"/subscriptions/2c2f67af-09f9-4d60-b051-c5d956d2c9a7/providers/Microsoft.Authorization/policyDefinitions/policy2\",\r\n        \"scope\": \"/subscriptions/2c2f67af-09f9-4d60-b051-c5d956d2c9a7\",\r\n        \"metadata\": {\r\n          \"createdBy\": \"5710e138-9c59-46d4-85d9-d7db71406df0\",\r\n          \"createdOn\": \"2021-11-05T18:53:21.935106Z\",\r\n          \"updatedBy\": \"5710e138-9c59-46d4-85d9-d7db71406df0\",\r\n          \"updatedOn\": \"2021-11-05T19:17:39.8193975Z\"\r\n        },\r\n        \"enforcementMode\": \"Default\"\r\n      },\r\n      \"id\": \"/subscriptions/2c2f67af-09f9-4d60-b051-c5d956d2c9a7/providers/Microsoft.Authorization/policyAssignments/location-lock\",\r\n      \"type\": \"Microsoft.Authorization/policyAssignments\",\r\n      \"name\": \"location-lock\",\r\n      \"systemData\": {\r\n        \"createdBy\": \"74e3e043-481b-454f-8acc-3e7a4a845417\",\r\n        \"createdByType\": \"Application\",\r\n        \"createdAt\": \"2021-11-05T18:53:21.9171495Z\",\r\n        \"lastModifiedBy\": \"74e3e043-481b-454f-8acc-3e7a4a845417\",\r\n        \"lastModifiedByType\": \"Application\",\r\n        \"lastModifiedAt\": \"2021-11-05T19:17:39.7710303Z\"\r\n      }\r\n    },\r\n    {\r\n      \"properties\": {\r\n        \"displayName\": \"[Preview]: Kubernetes clusters should not use the default namespace\",\r\n        \"policyDefinitionId\": \"/providers/Microsoft.Authorization/policyDefinitions/9f061a12-e40d-4183-a00e-171812443373\",\r\n        \"scope\": \"/subscriptions/2c2f67af-09f9-4d60-b051-c5d956d2c9a7\",\r\n        \"notScopes\": [],\r\n        \"parameters\": {},\r\n        \"metadata\": {\r\n          \"assignedBy\": \"Noah Reisch\",\r\n          \"parameterScopes\": {},\r\n          \"createdBy\": \"c281de91-d2d9-4490-950b-4e89d62c44e5\",\r\n          \"createdOn\": \"2021-04-05T15:14:11.0997476Z\",\r\n          \"updatedBy\": null,\r\n          \"updatedOn\": null\r\n        },\r\n        \"enforcementMode\": \"Default\",\r\n        \"nonComplianceMessages\": []\r\n      },\r\n      \"id\": \"/subscriptions/2c2f67af-09f9-4d60-b051-c5d956d2c9a7/providers/Microsoft.Authorization/policyAssignments/77a52c35954844df9b170cec\",\r\n      \"type\": \"Microsoft.Authorization/policyAssignments\",\r\n      \"name\": \"77a52c35954844df9b170cec\"\r\n    },\r\n    {\r\n      \"properties\": {\r\n        \"displayName\": \"[Preview]: Kubernetes clusters should not use the default namespace\",\r\n        \"policyDefinitionId\": \"/providers/Microsoft.Authorization/policyDefinitions/9f061a12-e40d-4183-a00e-171812443373\",\r\n        \"scope\": \"/subscriptions/2c2f67af-09f9-4d60-b051-c5d956d2c9a7\",\r\n        \"notScopes\": [],\r\n        \"parameters\": {},\r\n        \"metadata\": {\r\n          \"assignedBy\": \"Noah Reisch\",\r\n          \"parameterScopes\": {},\r\n          \"createdBy\": \"c281de91-d2d9-4490-950b-4e89d62c44e5\",\r\n          \"createdOn\": \"2021-06-17T13:56:04.353672Z\",\r\n          \"updatedBy\": null,\r\n          \"updatedOn\": null\r\n        },\r\n        \"enforcementMode\": \"Default\",\r\n        \"nonComplianceMessages\": []\r\n      },\r\n      \"id\": \"/subscriptions/2c2f67af-09f9-4d60-b051-c5d956d2c9a7/providers/Microsoft.Authorization/policyAssignments/ecbe64cf35fc4e17b2f3cf80\",\r\n      \"type\": \"Microsoft.Authorization/policyAssignments\",\r\n      \"name\": \"ecbe64cf35fc4e17b2f3cf80\"\r\n    }\r\n  ]\r\n}",
      "StatusCode": 200
    },
    {
      "RequestUri": "/subscriptions/2c2f67af-09f9-4d60-b051-c5d956d2c9a7/resourceGroups/ps2942/providers/Microsoft.Authorization/policyassignments/testPA?api-version=2021-06-01",
      "EncodedRequestUri": "L3N1YnNjcmlwdGlvbnMvMmMyZjY3YWYtMDlmOS00ZDYwLWIwNTEtYzVkOTU2ZDJjOWE3L3Jlc291cmNlR3JvdXBzL3BzMjk0Mi9wcm92aWRlcnMvTWljcm9zb2Z0LkF1dGhvcml6YXRpb24vcG9saWN5YXNzaWdubWVudHMvdGVzdFBBP2FwaS12ZXJzaW9uPTIwMjEtMDYtMDE=",
      "RequestMethod": "DELETE",
      "RequestBody": "",
      "RequestHeaders": {
        "User-Agent": [
          "AzurePowershell/v0.0.0",
          "PSVersion/v3.0.0.0"
        ],
        "ParameterSetName": [
          "NameParameterSet"
        ],
        "CommandName": [
          "Remove-AzPolicyAssignment"
        ]
      },
      "ResponseHeaders": {
        "Cache-Control": [
          "no-cache"
        ],
        "Pragma": [
          "no-cache"
        ],
        "Strict-Transport-Security": [
          "max-age=31536000; includeSubDomains"
        ],
        "Server": [
          "Kestrel"
        ],
        "x-ms-ratelimit-remaining-subscription-deletes": [
          "14998"
        ],
        "x-ms-request-id": [
          "564af1d0-3d8f-4297-b35e-ef79db3e3d87"
        ],
        "x-ms-correlation-request-id": [
          "564af1d0-3d8f-4297-b35e-ef79db3e3d87"
        ],
        "x-ms-routing-request-id": [
          "NORTHCENTRALUS:20211116T051111Z:564af1d0-3d8f-4297-b35e-ef79db3e3d87"
        ],
        "X-Content-Type-Options": [
          "nosniff"
        ],
        "Date": [
          "Tue, 16 Nov 2021 05:11:10 GMT"
        ],
        "Content-Length": [
          "1247"
        ],
        "Content-Type": [
          "application/json; charset=utf-8"
        ],
        "Expires": [
          "-1"
        ],
        "Retry-After": [
          "0"
        ]
      },
      "ResponseBody": "{\r\n  \"properties\": {\r\n    \"displayName\": \"testDisplay\",\r\n    \"policyDefinitionId\": \"/subscriptions/2c2f67af-09f9-4d60-b051-c5d956d2c9a7/providers/Microsoft.Authorization/policySetDefinitions/ps2355\",\r\n    \"scope\": \"/subscriptions/2c2f67af-09f9-4d60-b051-c5d956d2c9a7/resourceGroups/ps2942\",\r\n    \"description\": \"Unit test junk: sorry for littering. Please delete me!\",\r\n    \"metadata\": {\r\n      \"createdBy\": \"5710e138-9c59-46d4-85d9-d7db71406df0\",\r\n      \"createdOn\": \"2021-11-16T05:11:06.2774306Z\",\r\n      \"updatedBy\": \"5710e138-9c59-46d4-85d9-d7db71406df0\",\r\n      \"updatedOn\": \"2021-11-16T05:11:09.2151096Z\"\r\n    },\r\n    \"enforcementMode\": \"Default\",\r\n    \"nonComplianceMessages\": [\r\n      {\r\n        \"policyDefinitionReferenceId\": \"18066929669257141811\",\r\n        \"message\": \"Specific message 1\"\r\n      },\r\n      {\r\n        \"policyDefinitionReferenceId\": \"2084164412297369727\",\r\n        \"message\": \"Specific message 2\"\r\n      }\r\n    ]\r\n  },\r\n  \"id\": \"/subscriptions/2c2f67af-09f9-4d60-b051-c5d956d2c9a7/resourceGroups/ps2942/providers/Microsoft.Authorization/policyAssignments/testPA\",\r\n  \"type\": \"Microsoft.Authorization/policyAssignments\",\r\n  \"name\": \"testPA\",\r\n  \"systemData\": {\r\n    \"createdBy\": \"74e3e043-481b-454f-8acc-3e7a4a845417\",\r\n    \"createdByType\": \"Application\",\r\n    \"createdAt\": \"2021-11-16T05:11:06.2425302Z\",\r\n    \"lastModifiedBy\": \"74e3e043-481b-454f-8acc-3e7a4a845417\",\r\n    \"lastModifiedByType\": \"Application\",\r\n    \"lastModifiedAt\": \"2021-11-16T05:11:09.1818416Z\"\r\n  }\r\n}",
      "StatusCode": 200
    },
    {
      "RequestUri": "/subscriptions/2c2f67af-09f9-4d60-b051-c5d956d2c9a7/resourceGroups/ps2942/providers/Microsoft.Authorization/policyassignments/test2?api-version=2021-06-01",
      "EncodedRequestUri": "L3N1YnNjcmlwdGlvbnMvMmMyZjY3YWYtMDlmOS00ZDYwLWIwNTEtYzVkOTU2ZDJjOWE3L3Jlc291cmNlR3JvdXBzL3BzMjk0Mi9wcm92aWRlcnMvTWljcm9zb2Z0LkF1dGhvcml6YXRpb24vcG9saWN5YXNzaWdubWVudHMvdGVzdDI/YXBpLXZlcnNpb249MjAyMS0wNi0wMQ==",
      "RequestMethod": "DELETE",
      "RequestBody": "",
      "RequestHeaders": {
        "User-Agent": [
          "AzurePowershell/v0.0.0",
          "PSVersion/v3.0.0.0"
        ],
        "ParameterSetName": [
          "NameParameterSet"
        ],
        "CommandName": [
          "Remove-AzPolicyAssignment"
        ]
      },
      "ResponseHeaders": {
        "Cache-Control": [
          "no-cache"
        ],
        "Pragma": [
          "no-cache"
        ],
        "Strict-Transport-Security": [
          "max-age=31536000; includeSubDomains"
        ],
        "Server": [
          "Kestrel"
        ],
        "x-ms-ratelimit-remaining-subscription-deletes": [
          "14999"
        ],
        "x-ms-request-id": [
          "54f6cfd8-6c5e-4ac2-bc6d-e75b5610f3f4"
        ],
        "x-ms-correlation-request-id": [
          "54f6cfd8-6c5e-4ac2-bc6d-e75b5610f3f4"
        ],
        "x-ms-routing-request-id": [
          "NORTHCENTRALUS:20211116T051111Z:54f6cfd8-6c5e-4ac2-bc6d-e75b5610f3f4"
        ],
        "X-Content-Type-Options": [
          "nosniff"
        ],
        "Date": [
          "Tue, 16 Nov 2021 05:11:10 GMT"
        ],
        "Content-Length": [
          "960"
        ],
        "Content-Type": [
          "application/json; charset=utf-8"
        ],
        "Expires": [
          "-1"
        ],
        "Retry-After": [
          "0"
        ]
      },
      "ResponseBody": "{\r\n  \"properties\": {\r\n    \"policyDefinitionId\": \"/subscriptions/2c2f67af-09f9-4d60-b051-c5d956d2c9a7/providers/Microsoft.Authorization/policySetDefinitions/ps2355\",\r\n    \"scope\": \"/subscriptions/2c2f67af-09f9-4d60-b051-c5d956d2c9a7/resourceGroups/ps2942\",\r\n    \"description\": \"Unit test junk: sorry for littering. Please delete me!\",\r\n    \"metadata\": {\r\n      \"createdBy\": \"5710e138-9c59-46d4-85d9-d7db71406df0\",\r\n      \"createdOn\": \"2021-11-16T05:11:09.6536296Z\",\r\n      \"updatedBy\": null,\r\n      \"updatedOn\": null\r\n    },\r\n    \"enforcementMode\": \"Default\"\r\n  },\r\n  \"id\": \"/subscriptions/2c2f67af-09f9-4d60-b051-c5d956d2c9a7/resourceGroups/ps2942/providers/Microsoft.Authorization/policyAssignments/test2\",\r\n  \"type\": \"Microsoft.Authorization/policyAssignments\",\r\n  \"name\": \"test2\",\r\n  \"systemData\": {\r\n    \"createdBy\": \"74e3e043-481b-454f-8acc-3e7a4a845417\",\r\n    \"createdByType\": \"Application\",\r\n    \"createdAt\": \"2021-11-16T05:11:09.6144835Z\",\r\n    \"lastModifiedBy\": \"74e3e043-481b-454f-8acc-3e7a4a845417\",\r\n    \"lastModifiedByType\": \"Application\",\r\n    \"lastModifiedAt\": \"2021-11-16T05:11:09.6144835Z\"\r\n  }\r\n}",
      "StatusCode": 200
    },
    {
      "RequestUri": "/subscriptions/2c2f67af-09f9-4d60-b051-c5d956d2c9a7/providers/Microsoft.Authorization/policysetdefinitions/ps2355?api-version=2021-06-01",
      "EncodedRequestUri": "L3N1YnNjcmlwdGlvbnMvMmMyZjY3YWYtMDlmOS00ZDYwLWIwNTEtYzVkOTU2ZDJjOWE3L3Byb3ZpZGVycy9NaWNyb3NvZnQuQXV0aG9yaXphdGlvbi9wb2xpY3lzZXRkZWZpbml0aW9ucy9wczIzNTU/YXBpLXZlcnNpb249MjAyMS0wNi0wMQ==",
      "RequestMethod": "DELETE",
      "RequestBody": "",
      "RequestHeaders": {
        "User-Agent": [
          "AzurePowershell/v0.0.0",
          "PSVersion/v3.0.0.0"
        ],
        "ParameterSetName": [
          "NameParameterSet"
        ],
        "CommandName": [
          "Remove-AzPolicySetDefinition"
        ]
      },
      "ResponseHeaders": {
        "Cache-Control": [
          "no-cache"
        ],
        "Pragma": [
          "no-cache"
        ],
        "Strict-Transport-Security": [
          "max-age=31536000; includeSubDomains"
        ],
        "Server": [
          "Kestrel"
        ],
        "x-ms-ratelimit-remaining-subscription-deletes": [
          "14999"
        ],
        "x-ms-request-id": [
          "5c7092c6-2e49-497d-a508-713e2830458a"
        ],
        "x-ms-correlation-request-id": [
          "5c7092c6-2e49-497d-a508-713e2830458a"
        ],
        "x-ms-routing-request-id": [
          "NORTHCENTRALUS:20211116T051111Z:5c7092c6-2e49-497d-a508-713e2830458a"
        ],
        "X-Content-Type-Options": [
          "nosniff"
        ],
        "Date": [
          "Tue, 16 Nov 2021 05:11:10 GMT"
        ],
        "Content-Length": [
          "1141"
        ],
        "Content-Type": [
          "application/json; charset=utf-8"
        ],
        "Expires": [
          "-1"
        ],
        "Retry-After": [
          "0"
        ]
      },
      "ResponseBody": "{\r\n  \"properties\": {\r\n    \"policyType\": \"Custom\",\r\n    \"description\": \"Unit test junk: sorry for littering. Please delete me!\",\r\n    \"metadata\": {\r\n      \"testName\": \"testValue\",\r\n      \"createdBy\": \"5710e138-9c59-46d4-85d9-d7db71406df0\",\r\n      \"createdOn\": \"2021-11-16T05:11:05.7630148Z\",\r\n      \"updatedBy\": null,\r\n      \"updatedOn\": null\r\n    },\r\n    \"policyDefinitions\": [\r\n      {\r\n        \"policyDefinitionReferenceId\": \"18066929669257141811\",\r\n        \"policyDefinitionId\": \"/subscriptions/2c2f67af-09f9-4d60-b051-c5d956d2c9a7/providers/Microsoft.Authorization/policyDefinitions/ps1512\"\r\n      },\r\n      {\r\n        \"policyDefinitionReferenceId\": \"2084164412297369727\",\r\n        \"policyDefinitionId\": \"/subscriptions/2c2f67af-09f9-4d60-b051-c5d956d2c9a7/providers/Microsoft.Authorization/policyDefinitions/ps8215\"\r\n      }\r\n    ]\r\n  },\r\n  \"id\": \"/subscriptions/2c2f67af-09f9-4d60-b051-c5d956d2c9a7/providers/Microsoft.Authorization/policySetDefinitions/ps2355\",\r\n  \"type\": \"Microsoft.Authorization/policySetDefinitions\",\r\n  \"name\": \"ps2355\",\r\n  \"systemData\": {\r\n    \"createdBy\": \"74e3e043-481b-454f-8acc-3e7a4a845417\",\r\n    \"createdByType\": \"Application\",\r\n    \"createdAt\": \"2021-11-16T05:11:04.8543222Z\",\r\n    \"lastModifiedBy\": \"74e3e043-481b-454f-8acc-3e7a4a845417\",\r\n    \"lastModifiedByType\": \"Application\",\r\n    \"lastModifiedAt\": \"2021-11-16T05:11:04.8543222Z\"\r\n  }\r\n}",
      "StatusCode": 200
    },
    {
      "RequestUri": "/subscriptions/2c2f67af-09f9-4d60-b051-c5d956d2c9a7/providers/Microsoft.Authorization/policydefinitions/ps1512?api-version=2021-06-01",
      "EncodedRequestUri": "L3N1YnNjcmlwdGlvbnMvMmMyZjY3YWYtMDlmOS00ZDYwLWIwNTEtYzVkOTU2ZDJjOWE3L3Byb3ZpZGVycy9NaWNyb3NvZnQuQXV0aG9yaXphdGlvbi9wb2xpY3lkZWZpbml0aW9ucy9wczE1MTI/YXBpLXZlcnNpb249MjAyMS0wNi0wMQ==",
      "RequestMethod": "DELETE",
      "RequestBody": "",
      "RequestHeaders": {
        "User-Agent": [
          "AzurePowershell/v0.0.0",
          "PSVersion/v3.0.0.0"
        ],
        "ParameterSetName": [
          "NameParameterSet"
        ],
        "CommandName": [
          "Remove-AzPolicyDefinition"
        ]
      },
      "ResponseHeaders": {
        "Cache-Control": [
          "no-cache"
        ],
        "Pragma": [
          "no-cache"
        ],
        "Strict-Transport-Security": [
          "max-age=31536000; includeSubDomains"
        ],
        "Server": [
          "Kestrel"
        ],
        "x-ms-ratelimit-remaining-subscription-deletes": [
          "14999"
        ],
        "x-ms-request-id": [
          "576189b7-2f43-479b-9a86-cd906e086e82"
        ],
        "x-ms-correlation-request-id": [
          "576189b7-2f43-479b-9a86-cd906e086e82"
        ],
        "x-ms-routing-request-id": [
          "NORTHCENTRALUS:20211116T051112Z:576189b7-2f43-479b-9a86-cd906e086e82"
        ],
        "X-Content-Type-Options": [
          "nosniff"
        ],
        "Date": [
          "Tue, 16 Nov 2021 05:11:11 GMT"
        ],
        "Content-Length": [
          "855"
        ],
        "Content-Type": [
          "application/json; charset=utf-8"
        ],
        "Expires": [
          "-1"
        ],
        "Retry-After": [
          "0"
        ]
      },
      "ResponseBody": "{\r\n  \"properties\": {\r\n    \"policyType\": \"Custom\",\r\n    \"mode\": \"All\",\r\n    \"description\": \"Unit test junk: sorry for littering. Please delete me!\",\r\n    \"metadata\": {\r\n      \"createdBy\": \"5710e138-9c59-46d4-85d9-d7db71406df0\",\r\n      \"createdOn\": \"2021-11-16T05:11:04.0244729Z\",\r\n      \"updatedBy\": null,\r\n      \"updatedOn\": null\r\n    },\r\n    \"policyRule\": {\r\n      \"if\": {\r\n        \"source\": \"action\",\r\n        \"equals\": \"Microsoft.Resources/Subscriptions/ResourceGroups/write\"\r\n      },\r\n      \"then\": {\r\n        \"effect\": \"deny\"\r\n      }\r\n    }\r\n  },\r\n  \"id\": \"/subscriptions/2c2f67af-09f9-4d60-b051-c5d956d2c9a7/providers/Microsoft.Authorization/policyDefinitions/ps1512\",\r\n  \"type\": \"Microsoft.Authorization/policyDefinitions\",\r\n  \"name\": \"ps1512\",\r\n  \"systemData\": {\r\n    \"createdBy\": \"74e3e043-481b-454f-8acc-3e7a4a845417\",\r\n    \"createdByType\": \"Application\",\r\n    \"createdAt\": \"2021-11-16T05:11:03.985324Z\",\r\n    \"lastModifiedBy\": \"74e3e043-481b-454f-8acc-3e7a4a845417\",\r\n    \"lastModifiedByType\": \"Application\",\r\n    \"lastModifiedAt\": \"2021-11-16T05:11:03.985324Z\"\r\n  }\r\n}",
      "StatusCode": 200
    },
    {
      "RequestUri": "/subscriptions/2c2f67af-09f9-4d60-b051-c5d956d2c9a7/providers/Microsoft.Authorization/policydefinitions/ps8215?api-version=2021-06-01",
      "EncodedRequestUri": "L3N1YnNjcmlwdGlvbnMvMmMyZjY3YWYtMDlmOS00ZDYwLWIwNTEtYzVkOTU2ZDJjOWE3L3Byb3ZpZGVycy9NaWNyb3NvZnQuQXV0aG9yaXphdGlvbi9wb2xpY3lkZWZpbml0aW9ucy9wczgyMTU/YXBpLXZlcnNpb249MjAyMS0wNi0wMQ==",
      "RequestMethod": "DELETE",
      "RequestBody": "",
      "RequestHeaders": {
        "User-Agent": [
          "AzurePowershell/v0.0.0",
          "PSVersion/v3.0.0.0"
        ],
        "ParameterSetName": [
          "NameParameterSet"
        ],
        "CommandName": [
          "Remove-AzPolicyDefinition"
        ]
      },
      "ResponseHeaders": {
        "Cache-Control": [
          "no-cache"
        ],
        "Pragma": [
          "no-cache"
        ],
        "Strict-Transport-Security": [
          "max-age=31536000; includeSubDomains"
        ],
        "Server": [
          "Kestrel"
        ],
        "x-ms-ratelimit-remaining-subscription-deletes": [
          "14998"
        ],
        "x-ms-request-id": [
          "7eece622-1012-4602-b970-e8fd92f78637"
        ],
        "x-ms-correlation-request-id": [
          "7eece622-1012-4602-b970-e8fd92f78637"
        ],
        "x-ms-routing-request-id": [
          "NORTHCENTRALUS:20211116T051112Z:7eece622-1012-4602-b970-e8fd92f78637"
        ],
        "X-Content-Type-Options": [
          "nosniff"
        ],
        "Date": [
          "Tue, 16 Nov 2021 05:11:11 GMT"
        ],
        "Content-Length": [
          "856"
        ],
        "Content-Type": [
          "application/json; charset=utf-8"
        ],
        "Expires": [
          "-1"
        ],
        "Retry-After": [
          "0"
        ]
      },
      "ResponseBody": "{\r\n  \"properties\": {\r\n    \"policyType\": \"Custom\",\r\n    \"mode\": \"All\",\r\n    \"description\": \"Unit test junk: sorry for littering. Please delete me!\",\r\n    \"metadata\": {\r\n      \"createdBy\": \"5710e138-9c59-46d4-85d9-d7db71406df0\",\r\n      \"createdOn\": \"2021-11-16T05:11:04.445266Z\",\r\n      \"updatedBy\": null,\r\n      \"updatedOn\": null\r\n    },\r\n    \"policyRule\": {\r\n      \"if\": {\r\n        \"source\": \"action\",\r\n        \"equals\": \"Microsoft.Resources/Subscriptions/ResourceGroups/write\"\r\n      },\r\n      \"then\": {\r\n        \"effect\": \"deny\"\r\n      }\r\n    }\r\n  },\r\n  \"id\": \"/subscriptions/2c2f67af-09f9-4d60-b051-c5d956d2c9a7/providers/Microsoft.Authorization/policyDefinitions/ps8215\",\r\n  \"type\": \"Microsoft.Authorization/policyDefinitions\",\r\n  \"name\": \"ps8215\",\r\n  \"systemData\": {\r\n    \"createdBy\": \"74e3e043-481b-454f-8acc-3e7a4a845417\",\r\n    \"createdByType\": \"Application\",\r\n    \"createdAt\": \"2021-11-16T05:11:04.3836579Z\",\r\n    \"lastModifiedBy\": \"74e3e043-481b-454f-8acc-3e7a4a845417\",\r\n    \"lastModifiedByType\": \"Application\",\r\n    \"lastModifiedAt\": \"2021-11-16T05:11:04.3836579Z\"\r\n  }\r\n}",
      "StatusCode": 200
    },
    {
      "RequestUri": "/subscriptions/2c2f67af-09f9-4d60-b051-c5d956d2c9a7/resourcegroups/ps2942?api-version=2021-04-01",
      "EncodedRequestUri": "L3N1YnNjcmlwdGlvbnMvMmMyZjY3YWYtMDlmOS00ZDYwLWIwNTEtYzVkOTU2ZDJjOWE3L3Jlc291cmNlZ3JvdXBzL3BzMjk0Mj9hcGktdmVyc2lvbj0yMDIxLTA0LTAx",
      "RequestMethod": "DELETE",
      "RequestBody": "",
      "RequestHeaders": {
        "x-ms-client-request-id": [
          "08c1b883-d40f-4a49-8220-fbb1b291f2f0"
        ],
        "Accept-Language": [
          "en-US"
        ],
        "User-Agent": [
          "FxVersion/4.6.30411.01",
          "OSName/Windows",
          "OSVersion/Microsoft.Windows.10.0.22000.",
          "Microsoft.Azure.Management.ResourceManager.ResourceManagementClient/3.13.2.0"
        ]
      },
      "ResponseHeaders": {
        "Cache-Control": [
          "no-cache"
        ],
        "Pragma": [
          "no-cache"
        ],
        "Location": [
          "https://management.azure.com/subscriptions/2c2f67af-09f9-4d60-b051-c5d956d2c9a7/operationresults/eyJqb2JJZCI6IlJFU09VUkNFR1JPVVBERUxFVElPTkpPQi1QUzI5NDItV0VTVFVTIiwiam9iTG9jYXRpb24iOiJ3ZXN0dXMifQ?api-version=2021-04-01"
        ],
        "Retry-After": [
          "0"
        ],
        "x-ms-ratelimit-remaining-subscription-deletes": [
          "14999"
        ],
        "x-ms-request-id": [
          "04443816-da65-4169-a372-e924cdc6f89a"
        ],
        "x-ms-correlation-request-id": [
          "04443816-da65-4169-a372-e924cdc6f89a"
        ],
        "x-ms-routing-request-id": [
          "NORTHCENTRALUS:20211116T051114Z:04443816-da65-4169-a372-e924cdc6f89a"
        ],
        "Strict-Transport-Security": [
          "max-age=31536000; includeSubDomains"
        ],
        "X-Content-Type-Options": [
          "nosniff"
        ],
        "Date": [
          "Tue, 16 Nov 2021 05:11:13 GMT"
        ],
        "Expires": [
          "-1"
        ],
        "Content-Length": [
          "0"
        ]
      },
      "ResponseBody": "",
      "StatusCode": 202
    },
    {
      "RequestUri": "/subscriptions/2c2f67af-09f9-4d60-b051-c5d956d2c9a7/operationresults/eyJqb2JJZCI6IlJFU09VUkNFR1JPVVBERUxFVElPTkpPQi1QUzI5NDItV0VTVFVTIiwiam9iTG9jYXRpb24iOiJ3ZXN0dXMifQ?api-version=2021-04-01",
      "EncodedRequestUri": "L3N1YnNjcmlwdGlvbnMvMmMyZjY3YWYtMDlmOS00ZDYwLWIwNTEtYzVkOTU2ZDJjOWE3L29wZXJhdGlvbnJlc3VsdHMvZXlKcWIySkpaQ0k2SWxKRlUwOVZVa05GUjFKUFZWQkVSVXhGVkVsUFRrcFBRaTFRVXpJNU5ESXRWMFZUVkZWVElpd2lhbTlpVEc5allYUnBiMjRpT2lKM1pYTjBkWE1pZlE/YXBpLXZlcnNpb249MjAyMS0wNC0wMQ==",
      "RequestMethod": "GET",
      "RequestBody": "",
      "RequestHeaders": {
        "x-ms-client-request-id": [
          "08c1b883-d40f-4a49-8220-fbb1b291f2f0"
        ],
        "User-Agent": [
          "FxVersion/4.6.30411.01",
          "OSName/Windows",
          "OSVersion/Microsoft.Windows.10.0.22000.",
          "Microsoft.Azure.Management.ResourceManager.ResourceManagementClient/3.13.2.0"
        ]
      },
      "ResponseHeaders": {
        "Cache-Control": [
          "no-cache"
        ],
        "Pragma": [
          "no-cache"
        ],
        "Location": [
          "https://management.azure.com/subscriptions/2c2f67af-09f9-4d60-b051-c5d956d2c9a7/operationresults/eyJqb2JJZCI6IlJFU09VUkNFR1JPVVBERUxFVElPTkpPQi1QUzI5NDItV0VTVFVTIiwiam9iTG9jYXRpb24iOiJ3ZXN0dXMifQ?api-version=2021-04-01"
        ],
        "Retry-After": [
          "0"
        ],
        "x-ms-ratelimit-remaining-subscription-reads": [
          "11998"
        ],
        "x-ms-request-id": [
          "a3ec84ca-fd83-486d-a014-5162ca648f6f"
        ],
        "x-ms-correlation-request-id": [
          "a3ec84ca-fd83-486d-a014-5162ca648f6f"
        ],
        "x-ms-routing-request-id": [
          "NORTHCENTRALUS:20211116T051129Z:a3ec84ca-fd83-486d-a014-5162ca648f6f"
        ],
        "Strict-Transport-Security": [
          "max-age=31536000; includeSubDomains"
        ],
        "X-Content-Type-Options": [
          "nosniff"
        ],
        "Date": [
          "Tue, 16 Nov 2021 05:11:28 GMT"
        ],
        "Expires": [
          "-1"
        ],
        "Content-Length": [
          "0"
        ]
      },
      "ResponseBody": "",
      "StatusCode": 202
    },
    {
      "RequestUri": "/subscriptions/2c2f67af-09f9-4d60-b051-c5d956d2c9a7/operationresults/eyJqb2JJZCI6IlJFU09VUkNFR1JPVVBERUxFVElPTkpPQi1QUzI5NDItV0VTVFVTIiwiam9iTG9jYXRpb24iOiJ3ZXN0dXMifQ?api-version=2021-04-01",
      "EncodedRequestUri": "L3N1YnNjcmlwdGlvbnMvMmMyZjY3YWYtMDlmOS00ZDYwLWIwNTEtYzVkOTU2ZDJjOWE3L29wZXJhdGlvbnJlc3VsdHMvZXlKcWIySkpaQ0k2SWxKRlUwOVZVa05GUjFKUFZWQkVSVXhGVkVsUFRrcFBRaTFRVXpJNU5ESXRWMFZUVkZWVElpd2lhbTlpVEc5allYUnBiMjRpT2lKM1pYTjBkWE1pZlE/YXBpLXZlcnNpb249MjAyMS0wNC0wMQ==",
      "RequestMethod": "GET",
      "RequestBody": "",
      "RequestHeaders": {
        "x-ms-client-request-id": [
          "08c1b883-d40f-4a49-8220-fbb1b291f2f0"
        ],
        "User-Agent": [
          "FxVersion/4.6.30411.01",
          "OSName/Windows",
          "OSVersion/Microsoft.Windows.10.0.22000.",
          "Microsoft.Azure.Management.ResourceManager.ResourceManagementClient/3.13.2.0"
        ]
      },
      "ResponseHeaders": {
        "Cache-Control": [
          "no-cache"
        ],
        "Pragma": [
          "no-cache"
        ],
        "Location": [
          "https://management.azure.com/subscriptions/2c2f67af-09f9-4d60-b051-c5d956d2c9a7/operationresults/eyJqb2JJZCI6IlJFU09VUkNFR1JPVVBERUxFVElPTkpPQi1QUzI5NDItV0VTVFVTIiwiam9iTG9jYXRpb24iOiJ3ZXN0dXMifQ?api-version=2021-04-01"
        ],
        "Retry-After": [
          "0"
        ],
        "x-ms-ratelimit-remaining-subscription-reads": [
          "11997"
        ],
        "x-ms-request-id": [
          "5d964d43-c770-418e-a7d3-549aa81a210f"
        ],
        "x-ms-correlation-request-id": [
          "5d964d43-c770-418e-a7d3-549aa81a210f"
        ],
        "x-ms-routing-request-id": [
          "NORTHCENTRALUS:20211116T051144Z:5d964d43-c770-418e-a7d3-549aa81a210f"
        ],
        "Strict-Transport-Security": [
          "max-age=31536000; includeSubDomains"
        ],
        "X-Content-Type-Options": [
          "nosniff"
        ],
        "Date": [
          "Tue, 16 Nov 2021 05:11:43 GMT"
        ],
        "Expires": [
          "-1"
        ],
        "Content-Length": [
          "0"
        ]
      },
      "ResponseBody": "",
      "StatusCode": 202
    },
    {
      "RequestUri": "/subscriptions/2c2f67af-09f9-4d60-b051-c5d956d2c9a7/operationresults/eyJqb2JJZCI6IlJFU09VUkNFR1JPVVBERUxFVElPTkpPQi1QUzI5NDItV0VTVFVTIiwiam9iTG9jYXRpb24iOiJ3ZXN0dXMifQ?api-version=2021-04-01",
      "EncodedRequestUri": "L3N1YnNjcmlwdGlvbnMvMmMyZjY3YWYtMDlmOS00ZDYwLWIwNTEtYzVkOTU2ZDJjOWE3L29wZXJhdGlvbnJlc3VsdHMvZXlKcWIySkpaQ0k2SWxKRlUwOVZVa05GUjFKUFZWQkVSVXhGVkVsUFRrcFBRaTFRVXpJNU5ESXRWMFZUVkZWVElpd2lhbTlpVEc5allYUnBiMjRpT2lKM1pYTjBkWE1pZlE/YXBpLXZlcnNpb249MjAyMS0wNC0wMQ==",
      "RequestMethod": "GET",
      "RequestBody": "",
      "RequestHeaders": {
        "x-ms-client-request-id": [
          "08c1b883-d40f-4a49-8220-fbb1b291f2f0"
        ],
        "User-Agent": [
          "FxVersion/4.6.30411.01",
          "OSName/Windows",
          "OSVersion/Microsoft.Windows.10.0.22000.",
          "Microsoft.Azure.Management.ResourceManager.ResourceManagementClient/3.13.2.0"
        ]
      },
      "ResponseHeaders": {
        "Cache-Control": [
          "no-cache"
        ],
        "Pragma": [
          "no-cache"
        ],
        "Location": [
          "https://management.azure.com/subscriptions/2c2f67af-09f9-4d60-b051-c5d956d2c9a7/operationresults/eyJqb2JJZCI6IlJFU09VUkNFR1JPVVBERUxFVElPTkpPQi1QUzI5NDItV0VTVFVTIiwiam9iTG9jYXRpb24iOiJ3ZXN0dXMifQ?api-version=2021-04-01"
        ],
        "Retry-After": [
          "0"
        ],
        "x-ms-ratelimit-remaining-subscription-reads": [
          "11996"
        ],
        "x-ms-request-id": [
          "63d9ae56-f062-4213-9ab5-2407aafa9ee7"
        ],
        "x-ms-correlation-request-id": [
          "63d9ae56-f062-4213-9ab5-2407aafa9ee7"
        ],
        "x-ms-routing-request-id": [
          "NORTHCENTRALUS:20211116T051159Z:63d9ae56-f062-4213-9ab5-2407aafa9ee7"
        ],
        "Strict-Transport-Security": [
          "max-age=31536000; includeSubDomains"
        ],
        "X-Content-Type-Options": [
          "nosniff"
        ],
        "Date": [
          "Tue, 16 Nov 2021 05:11:58 GMT"
        ],
        "Expires": [
          "-1"
        ],
        "Content-Length": [
          "0"
        ]
      },
      "ResponseBody": "",
      "StatusCode": 202
    },
    {
      "RequestUri": "/subscriptions/2c2f67af-09f9-4d60-b051-c5d956d2c9a7/operationresults/eyJqb2JJZCI6IlJFU09VUkNFR1JPVVBERUxFVElPTkpPQi1QUzI5NDItV0VTVFVTIiwiam9iTG9jYXRpb24iOiJ3ZXN0dXMifQ?api-version=2021-04-01",
      "EncodedRequestUri": "L3N1YnNjcmlwdGlvbnMvMmMyZjY3YWYtMDlmOS00ZDYwLWIwNTEtYzVkOTU2ZDJjOWE3L29wZXJhdGlvbnJlc3VsdHMvZXlKcWIySkpaQ0k2SWxKRlUwOVZVa05GUjFKUFZWQkVSVXhGVkVsUFRrcFBRaTFRVXpJNU5ESXRWMFZUVkZWVElpd2lhbTlpVEc5allYUnBiMjRpT2lKM1pYTjBkWE1pZlE/YXBpLXZlcnNpb249MjAyMS0wNC0wMQ==",
      "RequestMethod": "GET",
      "RequestBody": "",
      "RequestHeaders": {
        "x-ms-client-request-id": [
          "08c1b883-d40f-4a49-8220-fbb1b291f2f0"
        ],
        "User-Agent": [
          "FxVersion/4.6.30411.01",
          "OSName/Windows",
          "OSVersion/Microsoft.Windows.10.0.22000.",
          "Microsoft.Azure.Management.ResourceManager.ResourceManagementClient/3.13.2.0"
        ]
      },
      "ResponseHeaders": {
        "Cache-Control": [
          "no-cache"
        ],
        "Pragma": [
          "no-cache"
        ],
        "Location": [
          "https://management.azure.com/subscriptions/2c2f67af-09f9-4d60-b051-c5d956d2c9a7/operationresults/eyJqb2JJZCI6IlJFU09VUkNFR1JPVVBERUxFVElPTkpPQi1QUzI5NDItV0VTVFVTIiwiam9iTG9jYXRpb24iOiJ3ZXN0dXMifQ?api-version=2021-04-01"
        ],
        "Retry-After": [
          "0"
        ],
        "x-ms-ratelimit-remaining-subscription-reads": [
          "11995"
        ],
        "x-ms-request-id": [
          "cb0cfca9-6cb8-429a-acff-c5aaa44ab228"
        ],
        "x-ms-correlation-request-id": [
          "cb0cfca9-6cb8-429a-acff-c5aaa44ab228"
        ],
        "x-ms-routing-request-id": [
          "NORTHCENTRALUS:20211116T051214Z:cb0cfca9-6cb8-429a-acff-c5aaa44ab228"
        ],
        "Strict-Transport-Security": [
          "max-age=31536000; includeSubDomains"
        ],
        "X-Content-Type-Options": [
          "nosniff"
        ],
        "Date": [
          "Tue, 16 Nov 2021 05:12:14 GMT"
        ],
        "Expires": [
          "-1"
        ],
        "Content-Length": [
          "0"
        ]
      },
      "ResponseBody": "",
      "StatusCode": 202
    },
    {
      "RequestUri": "/subscriptions/2c2f67af-09f9-4d60-b051-c5d956d2c9a7/operationresults/eyJqb2JJZCI6IlJFU09VUkNFR1JPVVBERUxFVElPTkpPQi1QUzI5NDItV0VTVFVTIiwiam9iTG9jYXRpb24iOiJ3ZXN0dXMifQ?api-version=2021-04-01",
      "EncodedRequestUri": "L3N1YnNjcmlwdGlvbnMvMmMyZjY3YWYtMDlmOS00ZDYwLWIwNTEtYzVkOTU2ZDJjOWE3L29wZXJhdGlvbnJlc3VsdHMvZXlKcWIySkpaQ0k2SWxKRlUwOVZVa05GUjFKUFZWQkVSVXhGVkVsUFRrcFBRaTFRVXpJNU5ESXRWMFZUVkZWVElpd2lhbTlpVEc5allYUnBiMjRpT2lKM1pYTjBkWE1pZlE/YXBpLXZlcnNpb249MjAyMS0wNC0wMQ==",
      "RequestMethod": "GET",
      "RequestBody": "",
      "RequestHeaders": {
        "x-ms-client-request-id": [
          "08c1b883-d40f-4a49-8220-fbb1b291f2f0"
        ],
        "User-Agent": [
          "FxVersion/4.6.30411.01",
          "OSName/Windows",
          "OSVersion/Microsoft.Windows.10.0.22000.",
          "Microsoft.Azure.Management.ResourceManager.ResourceManagementClient/3.13.2.0"
        ]
      },
      "ResponseHeaders": {
        "Cache-Control": [
          "no-cache"
        ],
        "Pragma": [
          "no-cache"
        ],
        "x-ms-ratelimit-remaining-subscription-reads": [
          "11994"
        ],
        "x-ms-request-id": [
          "0bed9ab2-44a5-4943-bed4-c45a77f887f4"
        ],
        "x-ms-correlation-request-id": [
          "0bed9ab2-44a5-4943-bed4-c45a77f887f4"
        ],
        "x-ms-routing-request-id": [
          "NORTHCENTRALUS:20211116T051229Z:0bed9ab2-44a5-4943-bed4-c45a77f887f4"
        ],
        "Strict-Transport-Security": [
          "max-age=31536000; includeSubDomains"
        ],
        "X-Content-Type-Options": [
          "nosniff"
        ],
        "Date": [
          "Tue, 16 Nov 2021 05:12:29 GMT"
        ],
        "Expires": [
          "-1"
        ],
        "Content-Length": [
          "0"
        ],
        "Retry-After": [
          "0"
        ]
      },
      "ResponseBody": "",
      "StatusCode": 200
    },
    {
      "RequestUri": "/subscriptions/2c2f67af-09f9-4d60-b051-c5d956d2c9a7/operationresults/eyJqb2JJZCI6IlJFU09VUkNFR1JPVVBERUxFVElPTkpPQi1QUzI5NDItV0VTVFVTIiwiam9iTG9jYXRpb24iOiJ3ZXN0dXMifQ?api-version=2021-04-01",
      "EncodedRequestUri": "L3N1YnNjcmlwdGlvbnMvMmMyZjY3YWYtMDlmOS00ZDYwLWIwNTEtYzVkOTU2ZDJjOWE3L29wZXJhdGlvbnJlc3VsdHMvZXlKcWIySkpaQ0k2SWxKRlUwOVZVa05GUjFKUFZWQkVSVXhGVkVsUFRrcFBRaTFRVXpJNU5ESXRWMFZUVkZWVElpd2lhbTlpVEc5allYUnBiMjRpT2lKM1pYTjBkWE1pZlE/YXBpLXZlcnNpb249MjAyMS0wNC0wMQ==",
      "RequestMethod": "GET",
      "RequestBody": "",
      "RequestHeaders": {
        "x-ms-client-request-id": [
          "08c1b883-d40f-4a49-8220-fbb1b291f2f0"
        ],
        "User-Agent": [
          "FxVersion/4.6.30411.01",
          "OSName/Windows",
          "OSVersion/Microsoft.Windows.10.0.22000.",
          "Microsoft.Azure.Management.ResourceManager.ResourceManagementClient/3.13.2.0"
        ]
      },
      "ResponseHeaders": {
        "Cache-Control": [
          "no-cache"
        ],
        "Pragma": [
          "no-cache"
        ],
        "x-ms-ratelimit-remaining-subscription-reads": [
          "11993"
        ],
        "x-ms-request-id": [
          "dc910026-b62e-4cb8-88fb-bd87cf5b41cc"
        ],
        "x-ms-correlation-request-id": [
          "dc910026-b62e-4cb8-88fb-bd87cf5b41cc"
        ],
        "x-ms-routing-request-id": [
          "NORTHCENTRALUS:20211116T051230Z:dc910026-b62e-4cb8-88fb-bd87cf5b41cc"
        ],
        "Strict-Transport-Security": [
          "max-age=31536000; includeSubDomains"
        ],
        "X-Content-Type-Options": [
          "nosniff"
        ],
        "Date": [
          "Tue, 16 Nov 2021 05:12:29 GMT"
        ],
        "Expires": [
          "-1"
        ],
        "Content-Length": [
          "0"
        ],
        "Retry-After": [
          "0"
        ]
      },
      "ResponseBody": "",
      "StatusCode": 200
    }
  ],
  "Names": {
    "Test-PolicyAssignmentCRUD": [
      "ps2942",
      "ps3143",
      "ps2355",
      "ps1512",
      "ps8215"
    ]
  },
  "Variables": {
    "SubscriptionId": "2c2f67af-09f9-4d60-b051-c5d956d2c9a7"
  }
}