{
  "Entries": [
    {
      "RequestUri": "/subscriptions/f67cc918-f64f-4c3f-aa24-a855465f9d41/resourcegroups/ps6873?api-version=2019-05-10",
      "EncodedRequestUri": "L3N1YnNjcmlwdGlvbnMvZjY3Y2M5MTgtZjY0Zi00YzNmLWFhMjQtYTg1NTQ2NWY5ZDQxL3Jlc291cmNlZ3JvdXBzL3BzNjg3Mz9hcGktdmVyc2lvbj0yMDE5LTA1LTEw",
      "RequestMethod": "HEAD",
      "RequestBody": "",
      "RequestHeaders": {
        "x-ms-client-request-id": [
          "4e371b29-ed85-410a-8309-106e84b8ec62"
        ],
        "Accept-Language": [
          "en-US"
        ],
        "User-Agent": [
          "FxVersion/4.6.27817.03",
          "OSName/Windows",
          "OSVersion/Microsoft.Windows.10.0.18363.",
          "Microsoft.Azure.Management.ResourceManager.ResourceManagementClient/2.1.0.0"
        ]
      },
      "ResponseHeaders": {
        "Cache-Control": [
          "no-cache"
        ],
        "Pragma": [
          "no-cache"
        ],
        "x-ms-failure-cause": [
          "gateway"
        ],
        "x-ms-ratelimit-remaining-subscription-reads": [
          "11983"
        ],
        "x-ms-request-id": [
          "3c2a296d-df59-4074-aa08-03fd9486a8fd"
        ],
        "x-ms-correlation-request-id": [
          "3c2a296d-df59-4074-aa08-03fd9486a8fd"
        ],
        "x-ms-routing-request-id": [
          "WESTUS:20191202T224035Z:3c2a296d-df59-4074-aa08-03fd9486a8fd"
        ],
        "Strict-Transport-Security": [
          "max-age=31536000; includeSubDomains"
        ],
        "X-Content-Type-Options": [
          "nosniff"
        ],
        "Date": [
          "Mon, 02 Dec 2019 22:40:35 GMT"
        ],
        "Content-Length": [
          "98"
        ],
        "Content-Type": [
          "application/json; charset=utf-8"
        ],
        "Expires": [
          "-1"
        ],
        "Retry-After": [
          "0"
        ]
      },
      "ResponseBody": "",
      "StatusCode": 404
    },
    {
      "RequestUri": "/subscriptions/f67cc918-f64f-4c3f-aa24-a855465f9d41/resourcegroups/ps6873?api-version=2019-05-10",
      "EncodedRequestUri": "L3N1YnNjcmlwdGlvbnMvZjY3Y2M5MTgtZjY0Zi00YzNmLWFhMjQtYTg1NTQ2NWY5ZDQxL3Jlc291cmNlZ3JvdXBzL3BzNjg3Mz9hcGktdmVyc2lvbj0yMDE5LTA1LTEw",
      "RequestMethod": "HEAD",
      "RequestBody": "",
      "RequestHeaders": {
        "x-ms-client-request-id": [
          "e77cf8ff-e8c9-47ee-a4d6-a676378fe671"
        ],
        "Accept-Language": [
          "en-US"
        ],
        "User-Agent": [
          "FxVersion/4.6.27817.03",
          "OSName/Windows",
          "OSVersion/Microsoft.Windows.10.0.18363.",
          "Microsoft.Azure.Management.ResourceManager.ResourceManagementClient/2.1.0.0"
        ]
      },
      "ResponseHeaders": {
        "Cache-Control": [
          "no-cache"
        ],
        "Pragma": [
          "no-cache"
        ],
        "x-ms-ratelimit-remaining-subscription-reads": [
          "11989"
        ],
        "x-ms-request-id": [
          "37b775ee-7937-4b3a-86c7-98e8b5b6d595"
        ],
        "x-ms-correlation-request-id": [
          "37b775ee-7937-4b3a-86c7-98e8b5b6d595"
        ],
        "x-ms-routing-request-id": [
          "WESTUS:20191202T224047Z:37b775ee-7937-4b3a-86c7-98e8b5b6d595"
        ],
        "Strict-Transport-Security": [
          "max-age=31536000; includeSubDomains"
        ],
        "X-Content-Type-Options": [
          "nosniff"
        ],
        "Date": [
          "Mon, 02 Dec 2019 22:40:47 GMT"
        ],
        "Content-Length": [
          "0"
        ],
        "Expires": [
          "-1"
        ],
        "Retry-After": [
          "0"
        ]
      },
      "ResponseBody": "",
      "StatusCode": 204
    },
    {
      "RequestUri": "/subscriptions/f67cc918-f64f-4c3f-aa24-a855465f9d41/resourcegroups/ps6873?api-version=2019-05-10",
      "EncodedRequestUri": "L3N1YnNjcmlwdGlvbnMvZjY3Y2M5MTgtZjY0Zi00YzNmLWFhMjQtYTg1NTQ2NWY5ZDQxL3Jlc291cmNlZ3JvdXBzL3BzNjg3Mz9hcGktdmVyc2lvbj0yMDE5LTA1LTEw",
      "RequestMethod": "PUT",
      "RequestBody": "{\r\n  \"location\": \"west us\"\r\n}",
      "RequestHeaders": {
        "x-ms-client-request-id": [
          "363bf41c-cb28-46c6-acd1-4accfd8c4551"
        ],
        "Accept-Language": [
          "en-US"
        ],
        "User-Agent": [
          "FxVersion/4.6.27817.03",
          "OSName/Windows",
          "OSVersion/Microsoft.Windows.10.0.18363.",
          "Microsoft.Azure.Management.ResourceManager.ResourceManagementClient/2.1.0.0"
        ],
        "Content-Type": [
          "application/json; charset=utf-8"
        ],
        "Content-Length": [
          "29"
        ]
      },
      "ResponseHeaders": {
        "Cache-Control": [
          "no-cache"
        ],
        "Pragma": [
          "no-cache"
        ],
        "x-ms-ratelimit-remaining-subscription-writes": [
          "1199"
        ],
        "x-ms-request-id": [
          "459f380b-5329-4762-8d23-dcb09b5c04ab"
        ],
        "x-ms-correlation-request-id": [
          "459f380b-5329-4762-8d23-dcb09b5c04ab"
        ],
        "x-ms-routing-request-id": [
          "WESTUS:20191202T224035Z:459f380b-5329-4762-8d23-dcb09b5c04ab"
        ],
        "Strict-Transport-Security": [
          "max-age=31536000; includeSubDomains"
        ],
        "X-Content-Type-Options": [
          "nosniff"
        ],
        "Date": [
          "Mon, 02 Dec 2019 22:40:35 GMT"
        ],
        "Content-Length": [
          "209"
        ],
        "Content-Type": [
          "application/json; charset=utf-8"
        ],
        "Expires": [
          "-1"
        ],
        "Retry-After": [
          "0"
        ]
      },
      "ResponseBody": "{\r\n  \"id\": \"/subscriptions/f67cc918-f64f-4c3f-aa24-a855465f9d41/resourceGroups/ps6873\",\r\n  \"name\": \"ps6873\",\r\n  \"type\": \"Microsoft.Resources/resourceGroups\",\r\n  \"location\": \"westus\",\r\n  \"properties\": {\r\n    \"provisioningState\": \"Succeeded\"\r\n  }\r\n}",
      "StatusCode": 201
    },
    {
      "RequestUri": "/subscriptions/f67cc918-f64f-4c3f-aa24-a855465f9d41/providers/Microsoft.Authorization/policydefinitions/ps6257?api-version=2019-09-01",
      "EncodedRequestUri": "L3N1YnNjcmlwdGlvbnMvZjY3Y2M5MTgtZjY0Zi00YzNmLWFhMjQtYTg1NTQ2NWY5ZDQxL3Byb3ZpZGVycy9NaWNyb3NvZnQuQXV0aG9yaXphdGlvbi9wb2xpY3lkZWZpbml0aW9ucy9wczYyNTc/YXBpLXZlcnNpb249MjAxOS0wOS0wMQ==",
      "RequestMethod": "PUT",
      "RequestBody": "{\r\n  \"name\": \"ps6257\",\r\n  \"properties\": {\r\n    \"description\": \"Unit test junk: sorry for littering. Please delete me!\",\r\n    \"policyRule\": {\r\n      \"if\": {\r\n        \"not\": {\r\n          \"field\": \"location\",\r\n          \"in\": \"[parameters('listOfAllowedLocations')]\"\r\n        }\r\n      },\r\n      \"then\": {\r\n        \"effect\": \"[parameters('effectParam')]\"\r\n      }\r\n    },\r\n    \"parameters\": {\r\n      \"listOfAllowedLocations\": {\r\n        \"type\": \"array\",\r\n        \"metadata\": {\r\n          \"description\": \"An array of permitted locations for resources.\",\r\n          \"strongType\": \"location\",\r\n          \"displayName\": \"List of locations\"\r\n        }\r\n      },\r\n      \"effectParam\": {\r\n        \"type\": \"string\",\r\n        \"defaultValue\": \"Deny\",\r\n        \"allowedValues\": [\r\n          \"Deny\",\r\n          \"Disabled\"\r\n        ],\r\n        \"metadata\": {\r\n          \"description\": \"The effect of the policy\",\r\n          \"displayName\": \"Policy Effect\"\r\n        }\r\n      }\r\n    },\r\n    \"mode\": \"All\"\r\n  }\r\n}",
      "RequestHeaders": {
        "User-Agent": [
          "AzurePowershell/v1.0.0",
          "PSVersion/v6.2.3"
        ],
        "ParameterSetName": [
          "NameParameterSet"
        ],
        "CommandName": [
          "New-AzPolicyDefinition"
        ],
        "Content-Type": [
          "application/json; charset=utf-8"
        ],
        "Content-Length": [
          "991"
        ]
      },
      "ResponseHeaders": {
        "Cache-Control": [
          "no-cache"
        ],
        "Pragma": [
          "no-cache"
        ],
        "x-ms-request-id": [
          "westus:3b42ff68-9798-4b31-9620-8ab3db9dbfd6"
        ],
        "x-ms-ratelimit-remaining-subscription-writes": [
          "1197"
        ],
        "x-ms-correlation-request-id": [
          "cad5d7f6-1204-4fbe-b16c-6ef563bf2d4d"
        ],
        "x-ms-routing-request-id": [
          "WESTUS:20191202T224036Z:cad5d7f6-1204-4fbe-b16c-6ef563bf2d4d"
        ],
        "Strict-Transport-Security": [
          "max-age=31536000; includeSubDomains"
        ],
        "X-Content-Type-Options": [
          "nosniff"
        ],
        "Date": [
          "Mon, 02 Dec 2019 22:40:35 GMT"
        ],
        "Content-Length": [
          "956"
        ],
        "Content-Type": [
          "application/json; charset=utf-8"
        ],
        "Expires": [
          "-1"
        ],
        "Retry-After": [
          "0"
        ]
      },
      "ResponseBody": "{\r\n  \"properties\": {\r\n    \"policyType\": \"Custom\",\r\n    \"mode\": \"All\",\r\n    \"description\": \"Unit test junk: sorry for littering. Please delete me!\",\r\n    \"metadata\": {\r\n      \"createdBy\": \"7140c269-e408-47a5-a626-a1d836b96883\",\r\n      \"createdOn\": \"2019-12-02T22:40:35.8712935Z\",\r\n      \"updatedBy\": null,\r\n      \"updatedOn\": null\r\n    },\r\n    \"parameters\": {\r\n      \"listOfAllowedLocations\": {\r\n        \"type\": \"Array\",\r\n        \"metadata\": {\r\n          \"description\": \"An array of permitted locations for resources.\",\r\n          \"strongType\": \"location\",\r\n          \"displayName\": \"List of locations\"\r\n        }\r\n      },\r\n      \"effectParam\": {\r\n        \"type\": \"String\",\r\n        \"metadata\": {\r\n          \"description\": \"The effect of the policy\",\r\n          \"displayName\": \"Policy Effect\"\r\n        },\r\n        \"allowedValues\": [\r\n          \"Deny\",\r\n          \"Disabled\"\r\n        ],\r\n        \"defaultValue\": \"Deny\"\r\n      }\r\n    },\r\n    \"policyRule\": {\r\n      \"if\": {\r\n        \"not\": {\r\n          \"field\": \"location\",\r\n          \"in\": \"[parameters('listOfAllowedLocations')]\"\r\n        }\r\n      },\r\n      \"then\": {\r\n        \"effect\": \"[parameters('effectParam')]\"\r\n      }\r\n    }\r\n  },\r\n  \"id\": \"/subscriptions/f67cc918-f64f-4c3f-aa24-a855465f9d41/providers/Microsoft.Authorization/policyDefinitions/ps6257\",\r\n  \"type\": \"Microsoft.Authorization/policyDefinitions\",\r\n  \"name\": \"ps6257\"\r\n}",
      "StatusCode": 201
    },
    {
      "RequestUri": "/subscriptions/f67cc918-f64f-4c3f-aa24-a855465f9d41/resourceGroups/ps6873/providers/Microsoft.Authorization/policyassignments/testPAWP?api-version=2019-09-01",
      "EncodedRequestUri": "L3N1YnNjcmlwdGlvbnMvZjY3Y2M5MTgtZjY0Zi00YzNmLWFhMjQtYTg1NTQ2NWY5ZDQxL3Jlc291cmNlR3JvdXBzL3BzNjg3My9wcm92aWRlcnMvTWljcm9zb2Z0LkF1dGhvcml6YXRpb24vcG9saWN5YXNzaWdubWVudHMvdGVzdFBBV1A/YXBpLXZlcnNpb249MjAxOS0wOS0wMQ==",
      "RequestMethod": "PUT",
      "RequestBody": "{\r\n  \"properties\": {\r\n    \"scope\": \"/subscriptions/f67cc918-f64f-4c3f-aa24-a855465f9d41/resourceGroups/ps6873\",\r\n    \"description\": \"Unit test junk: sorry for littering. Please delete me!\",\r\n    \"enforcementMode\": \"Default\",\r\n    \"policyDefinitionId\": \"/subscriptions/f67cc918-f64f-4c3f-aa24-a855465f9d41/providers/Microsoft.Authorization/policyDefinitions/ps6257\",\r\n    \"parameters\": {\r\n      \"listOfAllowedLocations\": {\r\n        \"value\": [\r\n          \"West US\",\r\n          \"West US 2\"\r\n        ]\r\n      }\r\n    }\r\n  },\r\n  \"name\": \"testPAWP\"\r\n}",
      "RequestHeaders": {
        "User-Agent": [
          "AzurePowershell/v1.0.0",
          "PSVersion/v6.2.3"
        ],
        "ParameterSetName": [
          "PolicyParameterObjectParameterSet"
        ],
        "CommandName": [
          "New-AzPolicyAssignment"
        ],
        "Content-Type": [
          "application/json; charset=utf-8"
        ],
        "Content-Length": [
          "544"
        ]
      },
      "ResponseHeaders": {
        "Cache-Control": [
          "no-cache"
        ],
        "Pragma": [
          "no-cache"
        ],
        "x-ms-request-id": [
          "westus:f826466c-5db6-40bb-b5de-1ed8b76f1c87"
        ],
        "x-ms-ratelimit-remaining-subscription-writes": [
          "1198"
        ],
        "x-ms-correlation-request-id": [
          "506dbe6f-0ece-4e4c-b5ac-c18849e2bbc9"
        ],
        "x-ms-routing-request-id": [
          "WESTUS:20191202T224036Z:506dbe6f-0ece-4e4c-b5ac-c18849e2bbc9"
        ],
        "Strict-Transport-Security": [
          "max-age=31536000; includeSubDomains"
        ],
        "X-Content-Type-Options": [
          "nosniff"
        ],
        "Date": [
          "Mon, 02 Dec 2019 22:40:35 GMT"
        ],
        "Content-Length": [
          "793"
        ],
        "Content-Type": [
          "application/json; charset=utf-8"
        ],
        "Expires": [
          "-1"
        ],
        "Retry-After": [
          "0"
        ]
      },
      "ResponseBody": "{\r\n  \"sku\": {\r\n    \"name\": \"A0\",\r\n    \"tier\": \"Free\"\r\n  },\r\n  \"properties\": {\r\n    \"policyDefinitionId\": \"/subscriptions/f67cc918-f64f-4c3f-aa24-a855465f9d41/providers/Microsoft.Authorization/policyDefinitions/ps6257\",\r\n    \"scope\": \"/subscriptions/f67cc918-f64f-4c3f-aa24-a855465f9d41/resourceGroups/ps6873\",\r\n    \"parameters\": {\r\n      \"listOfAllowedLocations\": {\r\n        \"value\": [\r\n          \"West US\",\r\n          \"West US 2\"\r\n        ]\r\n      }\r\n    },\r\n    \"description\": \"Unit test junk: sorry for littering. Please delete me!\",\r\n    \"metadata\": {\r\n      \"createdBy\": \"7140c269-e408-47a5-a626-a1d836b96883\",\r\n      \"createdOn\": \"2019-12-02T22:40:36.3044279Z\",\r\n      \"updatedBy\": null,\r\n      \"updatedOn\": null\r\n    },\r\n    \"enforcementMode\": \"Default\"\r\n  },\r\n  \"id\": \"/subscriptions/f67cc918-f64f-4c3f-aa24-a855465f9d41/resourceGroups/ps6873/providers/Microsoft.Authorization/policyAssignments/testPAWP\",\r\n  \"type\": \"Microsoft.Authorization/policyAssignments\",\r\n  \"name\": \"testPAWP\"\r\n}",
      "StatusCode": 201
    },
    {
      "RequestUri": "/subscriptions/f67cc918-f64f-4c3f-aa24-a855465f9d41/resourceGroups/ps6873/providers/Microsoft.Authorization/policyassignments/testPAWP?api-version=2019-09-01",
      "EncodedRequestUri": "L3N1YnNjcmlwdGlvbnMvZjY3Y2M5MTgtZjY0Zi00YzNmLWFhMjQtYTg1NTQ2NWY5ZDQxL3Jlc291cmNlR3JvdXBzL3BzNjg3My9wcm92aWRlcnMvTWljcm9zb2Z0LkF1dGhvcml6YXRpb24vcG9saWN5YXNzaWdubWVudHMvdGVzdFBBV1A/YXBpLXZlcnNpb249MjAxOS0wOS0wMQ==",
      "RequestMethod": "PUT",
      "RequestBody": "{\r\n  \"properties\": {\r\n    \"scope\": \"/subscriptions/f67cc918-f64f-4c3f-aa24-a855465f9d41/resourceGroups/ps6873\",\r\n    \"description\": \"Unit test junk: sorry for littering. Please delete me!\",\r\n    \"enforcementMode\": \"Default\",\r\n    \"policyDefinitionId\": \"/subscriptions/f67cc918-f64f-4c3f-aa24-a855465f9d41/providers/Microsoft.Authorization/policyDefinitions/ps6257\",\r\n    \"parameters\": {\r\n      \"listOfAllowedLocations\": {\r\n        \"value\": [\r\n          \"West US\",\r\n          \"West US 2\"\r\n        ]\r\n      }\r\n    }\r\n  },\r\n  \"name\": \"testPAWP\"\r\n}",
      "RequestHeaders": {
        "User-Agent": [
          "AzurePowershell/v1.0.0",
          "PSVersion/v6.2.3"
        ],
        "ParameterSetName": [
          "PolicyParameterStringParameterSet"
        ],
        "CommandName": [
          "New-AzPolicyAssignment"
        ],
        "Content-Type": [
          "application/json; charset=utf-8"
        ],
        "Content-Length": [
          "544"
        ]
      },
      "ResponseHeaders": {
        "Cache-Control": [
          "no-cache"
        ],
        "Pragma": [
          "no-cache"
        ],
        "x-ms-request-id": [
          "westus:34a6e4f7-7eb2-4fa5-8cd6-705979333a2b"
        ],
        "x-ms-ratelimit-remaining-subscription-writes": [
          "1198"
        ],
        "x-ms-correlation-request-id": [
          "af064030-c7cf-426f-b0ea-329aa58bb28d"
        ],
        "x-ms-routing-request-id": [
          "WESTUS:20191202T224037Z:af064030-c7cf-426f-b0ea-329aa58bb28d"
        ],
        "Strict-Transport-Security": [
          "max-age=31536000; includeSubDomains"
        ],
        "X-Content-Type-Options": [
          "nosniff"
        ],
        "Date": [
          "Mon, 02 Dec 2019 22:40:37 GMT"
        ],
        "Content-Length": [
          "793"
        ],
        "Content-Type": [
          "application/json; charset=utf-8"
        ],
        "Expires": [
          "-1"
        ],
        "Retry-After": [
          "0"
        ]
      },
      "ResponseBody": "{\r\n  \"sku\": {\r\n    \"name\": \"A0\",\r\n    \"tier\": \"Free\"\r\n  },\r\n  \"properties\": {\r\n    \"policyDefinitionId\": \"/subscriptions/f67cc918-f64f-4c3f-aa24-a855465f9d41/providers/Microsoft.Authorization/policyDefinitions/ps6257\",\r\n    \"scope\": \"/subscriptions/f67cc918-f64f-4c3f-aa24-a855465f9d41/resourceGroups/ps6873\",\r\n    \"parameters\": {\r\n      \"listOfAllowedLocations\": {\r\n        \"value\": [\r\n          \"West US\",\r\n          \"West US 2\"\r\n        ]\r\n      }\r\n    },\r\n    \"description\": \"Unit test junk: sorry for littering. Please delete me!\",\r\n    \"metadata\": {\r\n      \"createdBy\": \"7140c269-e408-47a5-a626-a1d836b96883\",\r\n      \"createdOn\": \"2019-12-02T22:40:37.2668709Z\",\r\n      \"updatedBy\": null,\r\n      \"updatedOn\": null\r\n    },\r\n    \"enforcementMode\": \"Default\"\r\n  },\r\n  \"id\": \"/subscriptions/f67cc918-f64f-4c3f-aa24-a855465f9d41/resourceGroups/ps6873/providers/Microsoft.Authorization/policyAssignments/testPAWP\",\r\n  \"type\": \"Microsoft.Authorization/policyAssignments\",\r\n  \"name\": \"testPAWP\"\r\n}",
      "StatusCode": 201
    },
    {
      "RequestUri": "/subscriptions/f67cc918-f64f-4c3f-aa24-a855465f9d41/resourceGroups/ps6873/providers/Microsoft.Authorization/policyassignments/testPAWP?api-version=2019-09-01",
      "EncodedRequestUri": "L3N1YnNjcmlwdGlvbnMvZjY3Y2M5MTgtZjY0Zi00YzNmLWFhMjQtYTg1NTQ2NWY5ZDQxL3Jlc291cmNlR3JvdXBzL3BzNjg3My9wcm92aWRlcnMvTWljcm9zb2Z0LkF1dGhvcml6YXRpb24vcG9saWN5YXNzaWdubWVudHMvdGVzdFBBV1A/YXBpLXZlcnNpb249MjAxOS0wOS0wMQ==",
      "RequestMethod": "PUT",
      "RequestBody": "{\r\n  \"properties\": {\r\n    \"scope\": \"/subscriptions/f67cc918-f64f-4c3f-aa24-a855465f9d41/resourceGroups/ps6873\",\r\n    \"description\": \"Unit test junk: sorry for littering. Please delete me!\",\r\n    \"enforcementMode\": \"Default\",\r\n    \"policyDefinitionId\": \"/subscriptions/f67cc918-f64f-4c3f-aa24-a855465f9d41/providers/Microsoft.Authorization/policyDefinitions/ps6257\",\r\n    \"parameters\": {\r\n      \"listOfAllowedLocations\": {\r\n        \"value\": [\r\n          \"something\",\r\n          \"something else\"\r\n        ]\r\n      }\r\n    }\r\n  },\r\n  \"name\": \"testPAWP\"\r\n}",
      "RequestHeaders": {
        "User-Agent": [
          "AzurePowershell/v1.0.0",
          "PSVersion/v6.2.3"
        ],
        "ParameterSetName": [
          "PolicyParameterNameStringParameterSet"
        ],
        "CommandName": [
          "Set-AzPolicyAssignment"
        ],
        "Content-Type": [
          "application/json; charset=utf-8"
        ],
        "Content-Length": [
          "551"
        ]
      },
      "ResponseHeaders": {
        "Cache-Control": [
          "no-cache"
        ],
        "Pragma": [
          "no-cache"
        ],
        "x-ms-request-id": [
          "westus:ca7e5e59-0303-4890-b099-3f203ed3b308"
        ],
        "x-ms-ratelimit-remaining-subscription-writes": [
          "1198"
        ],
        "x-ms-correlation-request-id": [
          "d3ff50f0-cc81-4c78-bf1e-a8d39e34a4df"
        ],
        "x-ms-routing-request-id": [
          "WESTUS:20191202T224038Z:d3ff50f0-cc81-4c78-bf1e-a8d39e34a4df"
        ],
        "Strict-Transport-Security": [
          "max-age=31536000; includeSubDomains"
        ],
        "X-Content-Type-Options": [
          "nosniff"
        ],
        "Date": [
          "Mon, 02 Dec 2019 22:40:37 GMT"
        ],
        "Content-Length": [
          "860"
        ],
        "Content-Type": [
          "application/json; charset=utf-8"
        ],
        "Expires": [
          "-1"
        ],
        "Retry-After": [
          "0"
        ]
      },
      "ResponseBody": "{\r\n  \"sku\": {\r\n    \"name\": \"A0\",\r\n    \"tier\": \"Free\"\r\n  },\r\n  \"properties\": {\r\n    \"policyDefinitionId\": \"/subscriptions/f67cc918-f64f-4c3f-aa24-a855465f9d41/providers/Microsoft.Authorization/policyDefinitions/ps6257\",\r\n    \"scope\": \"/subscriptions/f67cc918-f64f-4c3f-aa24-a855465f9d41/resourceGroups/ps6873\",\r\n    \"parameters\": {\r\n      \"listOfAllowedLocations\": {\r\n        \"value\": [\r\n          \"something\",\r\n          \"something else\"\r\n        ]\r\n      }\r\n    },\r\n    \"description\": \"Unit test junk: sorry for littering. Please delete me!\",\r\n    \"metadata\": {\r\n      \"createdBy\": \"7140c269-e408-47a5-a626-a1d836b96883\",\r\n      \"createdOn\": \"2019-12-02T22:40:37.2668709Z\",\r\n      \"updatedBy\": \"7140c269-e408-47a5-a626-a1d836b96883\",\r\n      \"updatedOn\": \"2019-12-02T22:40:38.0457681Z\"\r\n    },\r\n    \"enforcementMode\": \"Default\"\r\n  },\r\n  \"id\": \"/subscriptions/f67cc918-f64f-4c3f-aa24-a855465f9d41/resourceGroups/ps6873/providers/Microsoft.Authorization/policyAssignments/testPAWP\",\r\n  \"type\": \"Microsoft.Authorization/policyAssignments\",\r\n  \"name\": \"testPAWP\"\r\n}",
      "StatusCode": 201
    },
    {
      "RequestUri": "/subscriptions/f67cc918-f64f-4c3f-aa24-a855465f9d41/resourceGroups/ps6873/providers/Microsoft.Authorization/policyassignments/testPAWP?api-version=2019-09-01",
      "EncodedRequestUri": "L3N1YnNjcmlwdGlvbnMvZjY3Y2M5MTgtZjY0Zi00YzNmLWFhMjQtYTg1NTQ2NWY5ZDQxL3Jlc291cmNlR3JvdXBzL3BzNjg3My9wcm92aWRlcnMvTWljcm9zb2Z0LkF1dGhvcml6YXRpb24vcG9saWN5YXNzaWdubWVudHMvdGVzdFBBV1A/YXBpLXZlcnNpb249MjAxOS0wOS0wMQ==",
      "RequestMethod": "PUT",
      "RequestBody": "{\r\n  \"properties\": {\r\n    \"scope\": \"/subscriptions/f67cc918-f64f-4c3f-aa24-a855465f9d41/resourceGroups/ps6873\",\r\n    \"description\": \"Unit test junk: sorry for littering. Please delete me!\",\r\n    \"metadata\": {\r\n      \"testName\": \"testValue\"\r\n    },\r\n    \"enforcementMode\": \"Default\",\r\n    \"policyDefinitionId\": \"/subscriptions/f67cc918-f64f-4c3f-aa24-a855465f9d41/providers/Microsoft.Authorization/policyDefinitions/ps6257\",\r\n    \"parameters\": {\r\n      \"listOfAllowedLocations\": {\r\n        \"value\": [\r\n          \"West US\",\r\n          \"West US 2\"\r\n        ]\r\n      }\r\n    }\r\n  },\r\n  \"name\": \"testPAWP\"\r\n}",
      "RequestHeaders": {
        "User-Agent": [
          "AzurePowershell/v1.0.0",
          "PSVersion/v6.2.3"
        ],
        "ParameterSetName": [
          "PolicyParameterStringParameterSet"
        ],
        "CommandName": [
          "New-AzPolicyAssignment"
        ],
        "Content-Type": [
          "application/json; charset=utf-8"
        ],
        "Content-Length": [
          "602"
        ]
      },
      "ResponseHeaders": {
        "Cache-Control": [
          "no-cache"
        ],
        "Pragma": [
          "no-cache"
        ],
        "x-ms-request-id": [
          "westus:ea8ce379-10fe-416a-80d7-26e2bb65b8e7"
        ],
        "x-ms-ratelimit-remaining-subscription-writes": [
          "1199"
        ],
        "x-ms-correlation-request-id": [
          "e17e4a35-71ff-437b-9143-553e5e431d8c"
        ],
        "x-ms-routing-request-id": [
          "WESTUS:20191202T224039Z:e17e4a35-71ff-437b-9143-553e5e431d8c"
        ],
        "Strict-Transport-Security": [
          "max-age=31536000; includeSubDomains"
        ],
        "X-Content-Type-Options": [
          "nosniff"
        ],
        "Date": [
          "Mon, 02 Dec 2019 22:40:38 GMT"
        ],
        "Content-Length": [
          "816"
        ],
        "Content-Type": [
          "application/json; charset=utf-8"
        ],
        "Expires": [
          "-1"
        ],
        "Retry-After": [
          "0"
        ]
      },
      "ResponseBody": "{\r\n  \"sku\": {\r\n    \"name\": \"A0\",\r\n    \"tier\": \"Free\"\r\n  },\r\n  \"properties\": {\r\n    \"policyDefinitionId\": \"/subscriptions/f67cc918-f64f-4c3f-aa24-a855465f9d41/providers/Microsoft.Authorization/policyDefinitions/ps6257\",\r\n    \"scope\": \"/subscriptions/f67cc918-f64f-4c3f-aa24-a855465f9d41/resourceGroups/ps6873\",\r\n    \"parameters\": {\r\n      \"listOfAllowedLocations\": {\r\n        \"value\": [\r\n          \"West US\",\r\n          \"West US 2\"\r\n        ]\r\n      }\r\n    },\r\n    \"description\": \"Unit test junk: sorry for littering. Please delete me!\",\r\n    \"metadata\": {\r\n      \"testName\": \"testValue\",\r\n      \"createdBy\": \"7140c269-e408-47a5-a626-a1d836b96883\",\r\n      \"createdOn\": \"2019-12-02T22:40:39.1083004Z\",\r\n      \"updatedBy\": null,\r\n      \"updatedOn\": null\r\n    },\r\n    \"enforcementMode\": \"Default\"\r\n  },\r\n  \"id\": \"/subscriptions/f67cc918-f64f-4c3f-aa24-a855465f9d41/resourceGroups/ps6873/providers/Microsoft.Authorization/policyAssignments/testPAWP\",\r\n  \"type\": \"Microsoft.Authorization/policyAssignments\",\r\n  \"name\": \"testPAWP\"\r\n}",
      "StatusCode": 201
    },
    {
      "RequestUri": "/subscriptions/f67cc918-f64f-4c3f-aa24-a855465f9d41/resourceGroups/ps6873/providers/Microsoft.Authorization/policyassignments/testPAWP?api-version=2019-09-01",
      "EncodedRequestUri": "L3N1YnNjcmlwdGlvbnMvZjY3Y2M5MTgtZjY0Zi00YzNmLWFhMjQtYTg1NTQ2NWY5ZDQxL3Jlc291cmNlR3JvdXBzL3BzNjg3My9wcm92aWRlcnMvTWljcm9zb2Z0LkF1dGhvcml6YXRpb24vcG9saWN5YXNzaWdubWVudHMvdGVzdFBBV1A/YXBpLXZlcnNpb249MjAxOS0wOS0wMQ==",
      "RequestMethod": "PUT",
      "RequestBody": "{\r\n  \"properties\": {\r\n    \"scope\": \"/subscriptions/f67cc918-f64f-4c3f-aa24-a855465f9d41/resourceGroups/ps6873\",\r\n    \"description\": \"Unit test junk: sorry for littering. Please delete me!\",\r\n    \"metadata\": {\r\n      \"testName\": \"testValue\"\r\n    },\r\n    \"enforcementMode\": \"Default\",\r\n    \"policyDefinitionId\": \"/subscriptions/f67cc918-f64f-4c3f-aa24-a855465f9d41/providers/Microsoft.Authorization/policyDefinitions/ps6257\",\r\n    \"parameters\": {\r\n      \"listOfAllowedLocations\": {\r\n        \"value\": [\r\n          \"West US\",\r\n          \"West US 2\"\r\n        ]\r\n      }\r\n    }\r\n  },\r\n  \"name\": \"testPAWP\"\r\n}",
      "RequestHeaders": {
        "User-Agent": [
          "AzurePowershell/v1.0.0",
          "PSVersion/v6.2.3"
        ],
        "ParameterSetName": [
          "DefaultParameterSet"
        ],
        "CommandName": [
          "New-AzPolicyAssignment"
        ],
        "Content-Type": [
          "application/json; charset=utf-8"
        ],
        "Content-Length": [
          "602"
        ]
      },
      "ResponseHeaders": {
        "Cache-Control": [
          "no-cache"
        ],
        "Pragma": [
          "no-cache"
        ],
        "x-ms-request-id": [
          "westus:1b8cb4c6-cec2-4665-a1cf-8e5f03b361e7"
        ],
        "x-ms-ratelimit-remaining-subscription-writes": [
          "1198"
        ],
        "x-ms-correlation-request-id": [
          "5b8975a8-dafa-46e3-b438-682516b036ee"
        ],
        "x-ms-routing-request-id": [
          "WESTUS:20191202T224040Z:5b8975a8-dafa-46e3-b438-682516b036ee"
        ],
        "Strict-Transport-Security": [
          "max-age=31536000; includeSubDomains"
        ],
        "X-Content-Type-Options": [
          "nosniff"
        ],
        "Date": [
          "Mon, 02 Dec 2019 22:40:40 GMT"
        ],
        "Content-Length": [
          "816"
        ],
        "Content-Type": [
          "application/json; charset=utf-8"
        ],
        "Expires": [
          "-1"
        ],
        "Retry-After": [
          "0"
        ]
      },
      "ResponseBody": "{\r\n  \"sku\": {\r\n    \"name\": \"A0\",\r\n    \"tier\": \"Free\"\r\n  },\r\n  \"properties\": {\r\n    \"policyDefinitionId\": \"/subscriptions/f67cc918-f64f-4c3f-aa24-a855465f9d41/providers/Microsoft.Authorization/policyDefinitions/ps6257\",\r\n    \"scope\": \"/subscriptions/f67cc918-f64f-4c3f-aa24-a855465f9d41/resourceGroups/ps6873\",\r\n    \"parameters\": {\r\n      \"listOfAllowedLocations\": {\r\n        \"value\": [\r\n          \"West US\",\r\n          \"West US 2\"\r\n        ]\r\n      }\r\n    },\r\n    \"description\": \"Unit test junk: sorry for littering. Please delete me!\",\r\n    \"metadata\": {\r\n      \"testName\": \"testValue\",\r\n      \"createdBy\": \"7140c269-e408-47a5-a626-a1d836b96883\",\r\n      \"createdOn\": \"2019-12-02T22:40:40.0259741Z\",\r\n      \"updatedBy\": null,\r\n      \"updatedOn\": null\r\n    },\r\n    \"enforcementMode\": \"Default\"\r\n  },\r\n  \"id\": \"/subscriptions/f67cc918-f64f-4c3f-aa24-a855465f9d41/resourceGroups/ps6873/providers/Microsoft.Authorization/policyAssignments/testPAWP\",\r\n  \"type\": \"Microsoft.Authorization/policyAssignments\",\r\n  \"name\": \"testPAWP\"\r\n}",
      "StatusCode": 201
    },
    {
      "RequestUri": "/subscriptions/f67cc918-f64f-4c3f-aa24-a855465f9d41/resourceGroups/ps6873/providers/Microsoft.Authorization/policyassignments/testPAWP?api-version=2019-09-01",
      "EncodedRequestUri": "L3N1YnNjcmlwdGlvbnMvZjY3Y2M5MTgtZjY0Zi00YzNmLWFhMjQtYTg1NTQ2NWY5ZDQxL3Jlc291cmNlR3JvdXBzL3BzNjg3My9wcm92aWRlcnMvTWljcm9zb2Z0LkF1dGhvcml6YXRpb24vcG9saWN5YXNzaWdubWVudHMvdGVzdFBBV1A/YXBpLXZlcnNpb249MjAxOS0wOS0wMQ==",
      "RequestMethod": "PUT",
      "RequestBody": "{\r\n  \"properties\": {\r\n    \"scope\": \"/subscriptions/f67cc918-f64f-4c3f-aa24-a855465f9d41/resourceGroups/ps6873\",\r\n    \"description\": \"Unit test junk: sorry for littering. Please delete me!\",\r\n    \"metadata\": {\r\n      \"testName\": \"testValue\"\r\n    },\r\n    \"enforcementMode\": \"Default\",\r\n    \"policyDefinitionId\": \"/subscriptions/f67cc918-f64f-4c3f-aa24-a855465f9d41/providers/Microsoft.Authorization/policyDefinitions/ps6257\",\r\n    \"parameters\": {\r\n      \"listOfAllowedLocations\": {\r\n        \"value\": [\r\n          \"West US\",\r\n          \"West US 2\"\r\n        ]\r\n      },\r\n      \"effectParam\": {\r\n        \"value\": \"Disabled\"\r\n      }\r\n    }\r\n  },\r\n  \"name\": \"testPAWP\"\r\n}",
      "RequestHeaders": {
        "User-Agent": [
          "AzurePowershell/v1.0.0",
          "PSVersion/v6.2.3"
        ],
        "ParameterSetName": [
          "DefaultParameterSet"
        ],
        "CommandName": [
          "New-AzPolicyAssignment"
        ],
        "Content-Type": [
          "application/json; charset=utf-8"
        ],
        "Content-Length": [
          "665"
        ]
      },
      "ResponseHeaders": {
        "Cache-Control": [
          "no-cache"
        ],
        "Pragma": [
          "no-cache"
        ],
        "x-ms-request-id": [
          "westus:052ada3b-58b8-4bc9-ba8e-baff48b3a3ad"
        ],
        "x-ms-ratelimit-remaining-subscription-writes": [
          "1199"
        ],
        "x-ms-correlation-request-id": [
          "4274312f-ac8c-41a4-951f-6c5cadb958dc"
        ],
        "x-ms-routing-request-id": [
          "WESTUS:20191202T224041Z:4274312f-ac8c-41a4-951f-6c5cadb958dc"
        ],
        "Strict-Transport-Security": [
          "max-age=31536000; includeSubDomains"
        ],
        "X-Content-Type-Options": [
          "nosniff"
        ],
        "Date": [
          "Mon, 02 Dec 2019 22:40:41 GMT"
        ],
        "Content-Length": [
          "851"
        ],
        "Content-Type": [
          "application/json; charset=utf-8"
        ],
        "Expires": [
          "-1"
        ],
        "Retry-After": [
          "0"
        ]
      },
      "ResponseBody": "{\r\n  \"sku\": {\r\n    \"name\": \"A0\",\r\n    \"tier\": \"Free\"\r\n  },\r\n  \"properties\": {\r\n    \"policyDefinitionId\": \"/subscriptions/f67cc918-f64f-4c3f-aa24-a855465f9d41/providers/Microsoft.Authorization/policyDefinitions/ps6257\",\r\n    \"scope\": \"/subscriptions/f67cc918-f64f-4c3f-aa24-a855465f9d41/resourceGroups/ps6873\",\r\n    \"parameters\": {\r\n      \"listOfAllowedLocations\": {\r\n        \"value\": [\r\n          \"West US\",\r\n          \"West US 2\"\r\n        ]\r\n      },\r\n      \"effectParam\": {\r\n        \"value\": \"Disabled\"\r\n      }\r\n    },\r\n    \"description\": \"Unit test junk: sorry for littering. Please delete me!\",\r\n    \"metadata\": {\r\n      \"testName\": \"testValue\",\r\n      \"createdBy\": \"7140c269-e408-47a5-a626-a1d836b96883\",\r\n      \"createdOn\": \"2019-12-02T22:40:41.5539883Z\",\r\n      \"updatedBy\": null,\r\n      \"updatedOn\": null\r\n    },\r\n    \"enforcementMode\": \"Default\"\r\n  },\r\n  \"id\": \"/subscriptions/f67cc918-f64f-4c3f-aa24-a855465f9d41/resourceGroups/ps6873/providers/Microsoft.Authorization/policyAssignments/testPAWP\",\r\n  \"type\": \"Microsoft.Authorization/policyAssignments\",\r\n  \"name\": \"testPAWP\"\r\n}",
      "StatusCode": 201
    },
    {
      "RequestUri": "/subscriptions/f67cc918-f64f-4c3f-aa24-a855465f9d41/resourceGroups/ps6873/providers/Microsoft.Authorization/policyassignments/testPAWP?api-version=2019-09-01",
      "EncodedRequestUri": "L3N1YnNjcmlwdGlvbnMvZjY3Y2M5MTgtZjY0Zi00YzNmLWFhMjQtYTg1NTQ2NWY5ZDQxL3Jlc291cmNlR3JvdXBzL3BzNjg3My9wcm92aWRlcnMvTWljcm9zb2Z0LkF1dGhvcml6YXRpb24vcG9saWN5YXNzaWdubWVudHMvdGVzdFBBV1A/YXBpLXZlcnNpb249MjAxOS0wOS0wMQ==",
      "RequestMethod": "PUT",
      "RequestBody": "{\r\n  \"properties\": {\r\n    \"scope\": \"/subscriptions/f67cc918-f64f-4c3f-aa24-a855465f9d41/resourceGroups/ps6873\",\r\n    \"description\": \"Unit test junk: sorry for littering. Please delete me! - Updated\",\r\n    \"metadata\": {\r\n      \"Meta1\": \"Value1\",\r\n      \"Meta2\": {\r\n        \"Meta22\": \"Value22\"\r\n      }\r\n    },\r\n    \"enforcementMode\": \"Default\",\r\n    \"policyDefinitionId\": \"/subscriptions/f67cc918-f64f-4c3f-aa24-a855465f9d41/providers/Microsoft.Authorization/policyDefinitions/ps6257\",\r\n    \"parameters\": {\r\n      \"listOfAllowedLocations\": {\r\n        \"value\": [\r\n          \"West US\",\r\n          \"West US 2\"\r\n        ]\r\n      },\r\n      \"effectParam\": {\r\n        \"value\": \"Disabled\"\r\n      }\r\n    }\r\n  },\r\n  \"name\": \"testPAWP\"\r\n}",
      "RequestHeaders": {
        "User-Agent": [
          "AzurePowershell/v1.0.0",
          "PSVersion/v6.2.3"
        ],
        "ParameterSetName": [
          "NameParameterSet"
        ],
        "CommandName": [
          "Set-AzPolicyAssignment"
        ],
        "Content-Type": [
          "application/json; charset=utf-8"
        ],
        "Content-Length": [
          "726"
        ]
      },
      "ResponseHeaders": {
        "Cache-Control": [
          "no-cache"
        ],
        "Pragma": [
          "no-cache"
        ],
        "x-ms-request-id": [
          "westus:3330550a-62a1-4414-85fe-3294f68e3a30"
        ],
        "x-ms-ratelimit-remaining-subscription-writes": [
          "1199"
        ],
        "x-ms-correlation-request-id": [
          "e150e4c5-2668-43f2-968f-b02fab7b3b68"
        ],
        "x-ms-routing-request-id": [
          "WESTUS:20191202T224042Z:e150e4c5-2668-43f2-968f-b02fab7b3b68"
        ],
        "Strict-Transport-Security": [
          "max-age=31536000; includeSubDomains"
        ],
        "X-Content-Type-Options": [
          "nosniff"
        ],
        "Date": [
          "Mon, 02 Dec 2019 22:40:41 GMT"
        ],
        "Content-Length": [
          "944"
        ],
        "Content-Type": [
          "application/json; charset=utf-8"
        ],
        "Expires": [
          "-1"
        ],
        "Retry-After": [
          "0"
        ]
      },
      "ResponseBody": "{\r\n  \"sku\": {\r\n    \"name\": \"A0\",\r\n    \"tier\": \"Free\"\r\n  },\r\n  \"properties\": {\r\n    \"policyDefinitionId\": \"/subscriptions/f67cc918-f64f-4c3f-aa24-a855465f9d41/providers/Microsoft.Authorization/policyDefinitions/ps6257\",\r\n    \"scope\": \"/subscriptions/f67cc918-f64f-4c3f-aa24-a855465f9d41/resourceGroups/ps6873\",\r\n    \"parameters\": {\r\n      \"listOfAllowedLocations\": {\r\n        \"value\": [\r\n          \"West US\",\r\n          \"West US 2\"\r\n        ]\r\n      },\r\n      \"effectParam\": {\r\n        \"value\": \"Disabled\"\r\n      }\r\n    },\r\n    \"description\": \"Unit test junk: sorry for littering. Please delete me! - Updated\",\r\n    \"metadata\": {\r\n      \"Meta1\": \"Value1\",\r\n      \"Meta2\": {\r\n        \"Meta22\": \"Value22\"\r\n      },\r\n      \"createdBy\": \"7140c269-e408-47a5-a626-a1d836b96883\",\r\n      \"createdOn\": \"2019-12-02T22:40:41.5539883Z\",\r\n      \"updatedBy\": \"7140c269-e408-47a5-a626-a1d836b96883\",\r\n      \"updatedOn\": \"2019-12-02T22:40:42.4819189Z\"\r\n    },\r\n    \"enforcementMode\": \"Default\"\r\n  },\r\n  \"id\": \"/subscriptions/f67cc918-f64f-4c3f-aa24-a855465f9d41/resourceGroups/ps6873/providers/Microsoft.Authorization/policyAssignments/testPAWP\",\r\n  \"type\": \"Microsoft.Authorization/policyAssignments\",\r\n  \"name\": \"testPAWP\"\r\n}",
      "StatusCode": 201
    },
    {
      "RequestUri": "/subscriptions/f67cc918-f64f-4c3f-aa24-a855465f9d41/resourceGroups/ps6873/providers/Microsoft.Authorization/policyassignments/testPAWP?api-version=2019-09-01",
      "EncodedRequestUri": "L3N1YnNjcmlwdGlvbnMvZjY3Y2M5MTgtZjY0Zi00YzNmLWFhMjQtYTg1NTQ2NWY5ZDQxL3Jlc291cmNlR3JvdXBzL3BzNjg3My9wcm92aWRlcnMvTWljcm9zb2Z0LkF1dGhvcml6YXRpb24vcG9saWN5YXNzaWdubWVudHMvdGVzdFBBV1A/YXBpLXZlcnNpb249MjAxOS0wOS0wMQ==",
      "RequestMethod": "PUT",
      "RequestBody": "{\r\n  \"properties\": {\r\n    \"scope\": \"/subscriptions/f67cc918-f64f-4c3f-aa24-a855465f9d41/resourceGroups/ps6873\",\r\n    \"description\": \"Unit test junk: sorry for littering. Please delete me! - Updated\",\r\n    \"enforcementMode\": \"Default\",\r\n    \"policyDefinitionId\": \"/subscriptions/f67cc918-f64f-4c3f-aa24-a855465f9d41/providers/Microsoft.Authorization/policyDefinitions/ps6257\",\r\n    \"parameters\": {\r\n      \"listOfAllowedLocations\": {\r\n        \"value\": [\r\n          \"West2 US2\",\r\n          \"West2 US22\"\r\n        ]\r\n      }\r\n    }\r\n  },\r\n  \"name\": \"testPAWP\"\r\n}",
      "RequestHeaders": {
        "User-Agent": [
          "AzurePowershell/v1.0.0",
          "PSVersion/v6.2.3"
        ],
        "ParameterSetName": [
          "PolicyParameterNameObjectParameterSet"
        ],
        "CommandName": [
          "Set-AzPolicyAssignment"
        ],
        "Content-Type": [
          "application/json; charset=utf-8"
        ],
        "Content-Length": [
          "557"
        ]
      },
      "ResponseHeaders": {
        "Cache-Control": [
          "no-cache"
        ],
        "Pragma": [
          "no-cache"
        ],
        "x-ms-request-id": [
          "westus:7306567a-b55a-44d2-ac4b-0a9c7f93c25d"
        ],
        "x-ms-ratelimit-remaining-subscription-writes": [
          "1199"
        ],
        "x-ms-correlation-request-id": [
          "c30612ad-d100-475b-b225-889eafd15a68"
        ],
        "x-ms-routing-request-id": [
          "WESTUS:20191202T224046Z:c30612ad-d100-475b-b225-889eafd15a68"
        ],
        "Strict-Transport-Security": [
          "max-age=31536000; includeSubDomains"
        ],
        "X-Content-Type-Options": [
          "nosniff"
        ],
        "Date": [
          "Mon, 02 Dec 2019 22:40:46 GMT"
        ],
        "Content-Length": [
          "866"
        ],
        "Content-Type": [
          "application/json; charset=utf-8"
        ],
        "Expires": [
          "-1"
        ],
        "Retry-After": [
          "0"
        ]
      },
      "ResponseBody": "{\r\n  \"sku\": {\r\n    \"name\": \"A0\",\r\n    \"tier\": \"Free\"\r\n  },\r\n  \"properties\": {\r\n    \"policyDefinitionId\": \"/subscriptions/f67cc918-f64f-4c3f-aa24-a855465f9d41/providers/Microsoft.Authorization/policyDefinitions/ps6257\",\r\n    \"scope\": \"/subscriptions/f67cc918-f64f-4c3f-aa24-a855465f9d41/resourceGroups/ps6873\",\r\n    \"parameters\": {\r\n      \"listOfAllowedLocations\": {\r\n        \"value\": [\r\n          \"West2 US2\",\r\n          \"West2 US22\"\r\n        ]\r\n      }\r\n    },\r\n    \"description\": \"Unit test junk: sorry for littering. Please delete me! - Updated\",\r\n    \"metadata\": {\r\n      \"createdBy\": \"7140c269-e408-47a5-a626-a1d836b96883\",\r\n      \"createdOn\": \"2019-12-02T22:40:41.5539883Z\",\r\n      \"updatedBy\": \"7140c269-e408-47a5-a626-a1d836b96883\",\r\n      \"updatedOn\": \"2019-12-02T22:40:45.6918351Z\"\r\n    },\r\n    \"enforcementMode\": \"Default\"\r\n  },\r\n  \"id\": \"/subscriptions/f67cc918-f64f-4c3f-aa24-a855465f9d41/resourceGroups/ps6873/providers/Microsoft.Authorization/policyAssignments/testPAWP\",\r\n  \"type\": \"Microsoft.Authorization/policyAssignments\",\r\n  \"name\": \"testPAWP\"\r\n}",
      "StatusCode": 201
    },
    {
      "RequestUri": "/subscriptions/f67cc918-f64f-4c3f-aa24-a855465f9d41/resourceGroups/ps6873/providers/Microsoft.Authorization/policyassignments/testPAWP?api-version=2019-09-01",
      "EncodedRequestUri": "L3N1YnNjcmlwdGlvbnMvZjY3Y2M5MTgtZjY0Zi00YzNmLWFhMjQtYTg1NTQ2NWY5ZDQxL3Jlc291cmNlR3JvdXBzL3BzNjg3My9wcm92aWRlcnMvTWljcm9zb2Z0LkF1dGhvcml6YXRpb24vcG9saWN5YXNzaWdubWVudHMvdGVzdFBBV1A/YXBpLXZlcnNpb249MjAxOS0wOS0wMQ==",
      "RequestMethod": "GET",
      "RequestBody": "",
      "RequestHeaders": {
        "User-Agent": [
          "AzurePowershell/v1.0.0",
          "PSVersion/v6.2.3"
        ],
        "ParameterSetName": [
          "NameParameterSet"
        ],
        "CommandName": [
          "Get-AzPolicyAssignment"
        ]
      },
      "ResponseHeaders": {
        "Cache-Control": [
          "no-cache"
        ],
        "Pragma": [
          "no-cache"
        ],
        "Vary": [
          "Accept-Encoding"
        ],
        "x-ms-request-id": [
          "westus:ecef2acb-6d7c-4c6e-89d1-5e1a0d757bc6"
        ],
        "x-ms-ratelimit-remaining-subscription-reads": [
          "11992"
        ],
        "x-ms-correlation-request-id": [
          "b55a6737-7634-4221-b9d8-6795b21a1fa9"
        ],
        "x-ms-routing-request-id": [
          "WESTUS:20191202T224036Z:b55a6737-7634-4221-b9d8-6795b21a1fa9"
        ],
        "Strict-Transport-Security": [
          "max-age=31536000; includeSubDomains"
        ],
        "X-Content-Type-Options": [
          "nosniff"
        ],
        "Date": [
          "Mon, 02 Dec 2019 22:40:36 GMT"
        ],
        "Content-Length": [
          "793"
        ],
        "Content-Type": [
          "application/json; charset=utf-8"
        ],
        "Expires": [
          "-1"
        ],
        "Retry-After": [
          "0"
        ]
      },
      "ResponseBody": "{\r\n  \"sku\": {\r\n    \"name\": \"A0\",\r\n    \"tier\": \"Free\"\r\n  },\r\n  \"properties\": {\r\n    \"policyDefinitionId\": \"/subscriptions/f67cc918-f64f-4c3f-aa24-a855465f9d41/providers/Microsoft.Authorization/policyDefinitions/ps6257\",\r\n    \"scope\": \"/subscriptions/f67cc918-f64f-4c3f-aa24-a855465f9d41/resourceGroups/ps6873\",\r\n    \"parameters\": {\r\n      \"listOfAllowedLocations\": {\r\n        \"value\": [\r\n          \"West US\",\r\n          \"West US 2\"\r\n        ]\r\n      }\r\n    },\r\n    \"description\": \"Unit test junk: sorry for littering. Please delete me!\",\r\n    \"metadata\": {\r\n      \"createdBy\": \"7140c269-e408-47a5-a626-a1d836b96883\",\r\n      \"createdOn\": \"2019-12-02T22:40:36.3044279Z\",\r\n      \"updatedBy\": null,\r\n      \"updatedOn\": null\r\n    },\r\n    \"enforcementMode\": \"Default\"\r\n  },\r\n  \"id\": \"/subscriptions/f67cc918-f64f-4c3f-aa24-a855465f9d41/resourceGroups/ps6873/providers/Microsoft.Authorization/policyAssignments/testPAWP\",\r\n  \"type\": \"Microsoft.Authorization/policyAssignments\",\r\n  \"name\": \"testPAWP\"\r\n}",
      "StatusCode": 200
    },
    {
      "RequestUri": "/subscriptions/f67cc918-f64f-4c3f-aa24-a855465f9d41/resourceGroups/ps6873/providers/Microsoft.Authorization/policyassignments/testPAWP?api-version=2019-09-01",
      "EncodedRequestUri": "L3N1YnNjcmlwdGlvbnMvZjY3Y2M5MTgtZjY0Zi00YzNmLWFhMjQtYTg1NTQ2NWY5ZDQxL3Jlc291cmNlR3JvdXBzL3BzNjg3My9wcm92aWRlcnMvTWljcm9zb2Z0LkF1dGhvcml6YXRpb24vcG9saWN5YXNzaWdubWVudHMvdGVzdFBBV1A/YXBpLXZlcnNpb249MjAxOS0wOS0wMQ==",
      "RequestMethod": "GET",
      "RequestBody": "",
      "RequestHeaders": {
        "User-Agent": [
          "AzurePowershell/v1.0.0",
          "PSVersion/v6.2.3"
        ],
        "ParameterSetName": [
          "NameParameterSet"
        ],
        "CommandName": [
          "Get-AzPolicyAssignment"
        ]
      },
      "ResponseHeaders": {
        "Cache-Control": [
          "no-cache"
        ],
        "Pragma": [
          "no-cache"
        ],
        "Vary": [
          "Accept-Encoding"
        ],
        "x-ms-request-id": [
          "westus:e53ebd67-f261-4158-a09a-f38de02f7a1b"
        ],
        "x-ms-ratelimit-remaining-subscription-reads": [
          "11995"
        ],
        "x-ms-correlation-request-id": [
          "1572d717-1a99-4b68-9a43-d0feae88a19d"
        ],
        "x-ms-routing-request-id": [
          "WESTUS:20191202T224037Z:1572d717-1a99-4b68-9a43-d0feae88a19d"
        ],
        "Strict-Transport-Security": [
          "max-age=31536000; includeSubDomains"
        ],
        "X-Content-Type-Options": [
          "nosniff"
        ],
        "Date": [
          "Mon, 02 Dec 2019 22:40:37 GMT"
        ],
        "Content-Length": [
          "793"
        ],
        "Content-Type": [
          "application/json; charset=utf-8"
        ],
        "Expires": [
          "-1"
        ],
        "Retry-After": [
          "0"
        ]
      },
      "ResponseBody": "{\r\n  \"sku\": {\r\n    \"name\": \"A0\",\r\n    \"tier\": \"Free\"\r\n  },\r\n  \"properties\": {\r\n    \"policyDefinitionId\": \"/subscriptions/f67cc918-f64f-4c3f-aa24-a855465f9d41/providers/Microsoft.Authorization/policyDefinitions/ps6257\",\r\n    \"scope\": \"/subscriptions/f67cc918-f64f-4c3f-aa24-a855465f9d41/resourceGroups/ps6873\",\r\n    \"parameters\": {\r\n      \"listOfAllowedLocations\": {\r\n        \"value\": [\r\n          \"West US\",\r\n          \"West US 2\"\r\n        ]\r\n      }\r\n    },\r\n    \"description\": \"Unit test junk: sorry for littering. Please delete me!\",\r\n    \"metadata\": {\r\n      \"createdBy\": \"7140c269-e408-47a5-a626-a1d836b96883\",\r\n      \"createdOn\": \"2019-12-02T22:40:37.2668709Z\",\r\n      \"updatedBy\": null,\r\n      \"updatedOn\": null\r\n    },\r\n    \"enforcementMode\": \"Default\"\r\n  },\r\n  \"id\": \"/subscriptions/f67cc918-f64f-4c3f-aa24-a855465f9d41/resourceGroups/ps6873/providers/Microsoft.Authorization/policyAssignments/testPAWP\",\r\n  \"type\": \"Microsoft.Authorization/policyAssignments\",\r\n  \"name\": \"testPAWP\"\r\n}",
      "StatusCode": 200
    },
    {
      "RequestUri": "/subscriptions/f67cc918-f64f-4c3f-aa24-a855465f9d41/resourceGroups/ps6873/providers/Microsoft.Authorization/policyassignments/testPAWP?api-version=2019-09-01",
      "EncodedRequestUri": "L3N1YnNjcmlwdGlvbnMvZjY3Y2M5MTgtZjY0Zi00YzNmLWFhMjQtYTg1NTQ2NWY5ZDQxL3Jlc291cmNlR3JvdXBzL3BzNjg3My9wcm92aWRlcnMvTWljcm9zb2Z0LkF1dGhvcml6YXRpb24vcG9saWN5YXNzaWdubWVudHMvdGVzdFBBV1A/YXBpLXZlcnNpb249MjAxOS0wOS0wMQ==",
      "RequestMethod": "GET",
      "RequestBody": "",
      "RequestHeaders": {
        "User-Agent": [
          "AzurePowershell/v1.0.0",
          "PSVersion/v6.2.3"
        ],
        "ParameterSetName": [
          "PolicyParameterNameStringParameterSet"
        ],
        "CommandName": [
          "Set-AzPolicyAssignment"
        ]
      },
      "ResponseHeaders": {
        "Cache-Control": [
          "no-cache"
        ],
        "Pragma": [
          "no-cache"
        ],
        "Vary": [
          "Accept-Encoding"
        ],
        "x-ms-request-id": [
          "westus:1762140c-1ea4-4326-a8b3-7e9b8cc4c216"
        ],
        "x-ms-ratelimit-remaining-subscription-reads": [
          "11997"
        ],
        "x-ms-correlation-request-id": [
          "de8abda6-538a-433c-b433-b0c8ab0e40ef"
        ],
        "x-ms-routing-request-id": [
          "WESTUS:20191202T224037Z:de8abda6-538a-433c-b433-b0c8ab0e40ef"
        ],
        "Strict-Transport-Security": [
          "max-age=31536000; includeSubDomains"
        ],
        "X-Content-Type-Options": [
          "nosniff"
        ],
        "Date": [
          "Mon, 02 Dec 2019 22:40:37 GMT"
        ],
        "Content-Length": [
          "793"
        ],
        "Content-Type": [
          "application/json; charset=utf-8"
        ],
        "Expires": [
          "-1"
        ],
        "Retry-After": [
          "0"
        ]
      },
      "ResponseBody": "{\r\n  \"sku\": {\r\n    \"name\": \"A0\",\r\n    \"tier\": \"Free\"\r\n  },\r\n  \"properties\": {\r\n    \"policyDefinitionId\": \"/subscriptions/f67cc918-f64f-4c3f-aa24-a855465f9d41/providers/Microsoft.Authorization/policyDefinitions/ps6257\",\r\n    \"scope\": \"/subscriptions/f67cc918-f64f-4c3f-aa24-a855465f9d41/resourceGroups/ps6873\",\r\n    \"parameters\": {\r\n      \"listOfAllowedLocations\": {\r\n        \"value\": [\r\n          \"West US\",\r\n          \"West US 2\"\r\n        ]\r\n      }\r\n    },\r\n    \"description\": \"Unit test junk: sorry for littering. Please delete me!\",\r\n    \"metadata\": {\r\n      \"createdBy\": \"7140c269-e408-47a5-a626-a1d836b96883\",\r\n      \"createdOn\": \"2019-12-02T22:40:37.2668709Z\",\r\n      \"updatedBy\": null,\r\n      \"updatedOn\": null\r\n    },\r\n    \"enforcementMode\": \"Default\"\r\n  },\r\n  \"id\": \"/subscriptions/f67cc918-f64f-4c3f-aa24-a855465f9d41/resourceGroups/ps6873/providers/Microsoft.Authorization/policyAssignments/testPAWP\",\r\n  \"type\": \"Microsoft.Authorization/policyAssignments\",\r\n  \"name\": \"testPAWP\"\r\n}",
      "StatusCode": 200
    },
    {
      "RequestUri": "/subscriptions/f67cc918-f64f-4c3f-aa24-a855465f9d41/resourceGroups/ps6873/providers/Microsoft.Authorization/policyassignments/testPAWP?api-version=2019-09-01",
      "EncodedRequestUri": "L3N1YnNjcmlwdGlvbnMvZjY3Y2M5MTgtZjY0Zi00YzNmLWFhMjQtYTg1NTQ2NWY5ZDQxL3Jlc291cmNlR3JvdXBzL3BzNjg3My9wcm92aWRlcnMvTWljcm9zb2Z0LkF1dGhvcml6YXRpb24vcG9saWN5YXNzaWdubWVudHMvdGVzdFBBV1A/YXBpLXZlcnNpb249MjAxOS0wOS0wMQ==",
      "RequestMethod": "GET",
      "RequestBody": "",
      "RequestHeaders": {
        "User-Agent": [
          "AzurePowershell/v1.0.0",
          "PSVersion/v6.2.3"
        ],
        "ParameterSetName": [
          "NameParameterSet"
        ],
        "CommandName": [
          "Get-AzPolicyAssignment"
        ]
      },
      "ResponseHeaders": {
        "Cache-Control": [
          "no-cache"
        ],
        "Pragma": [
          "no-cache"
        ],
        "Vary": [
          "Accept-Encoding"
        ],
        "x-ms-request-id": [
          "westus:cb1bad0b-debd-4469-8e59-a5f5c00089f3"
        ],
        "x-ms-ratelimit-remaining-subscription-reads": [
          "11996"
        ],
        "x-ms-correlation-request-id": [
          "125206f4-5c4b-49dc-a941-930ce9f9bce3"
        ],
        "x-ms-routing-request-id": [
          "WESTUS:20191202T224038Z:125206f4-5c4b-49dc-a941-930ce9f9bce3"
        ],
        "Strict-Transport-Security": [
          "max-age=31536000; includeSubDomains"
        ],
        "X-Content-Type-Options": [
          "nosniff"
        ],
        "Date": [
          "Mon, 02 Dec 2019 22:40:38 GMT"
        ],
        "Content-Length": [
          "860"
        ],
        "Content-Type": [
          "application/json; charset=utf-8"
        ],
        "Expires": [
          "-1"
        ],
        "Retry-After": [
          "0"
        ]
      },
      "ResponseBody": "{\r\n  \"sku\": {\r\n    \"name\": \"A0\",\r\n    \"tier\": \"Free\"\r\n  },\r\n  \"properties\": {\r\n    \"policyDefinitionId\": \"/subscriptions/f67cc918-f64f-4c3f-aa24-a855465f9d41/providers/Microsoft.Authorization/policyDefinitions/ps6257\",\r\n    \"scope\": \"/subscriptions/f67cc918-f64f-4c3f-aa24-a855465f9d41/resourceGroups/ps6873\",\r\n    \"parameters\": {\r\n      \"listOfAllowedLocations\": {\r\n        \"value\": [\r\n          \"something\",\r\n          \"something else\"\r\n        ]\r\n      }\r\n    },\r\n    \"description\": \"Unit test junk: sorry for littering. Please delete me!\",\r\n    \"metadata\": {\r\n      \"createdBy\": \"7140c269-e408-47a5-a626-a1d836b96883\",\r\n      \"createdOn\": \"2019-12-02T22:40:37.2668709Z\",\r\n      \"updatedBy\": \"7140c269-e408-47a5-a626-a1d836b96883\",\r\n      \"updatedOn\": \"2019-12-02T22:40:38.0457681Z\"\r\n    },\r\n    \"enforcementMode\": \"Default\"\r\n  },\r\n  \"id\": \"/subscriptions/f67cc918-f64f-4c3f-aa24-a855465f9d41/resourceGroups/ps6873/providers/Microsoft.Authorization/policyAssignments/testPAWP\",\r\n  \"type\": \"Microsoft.Authorization/policyAssignments\",\r\n  \"name\": \"testPAWP\"\r\n}",
      "StatusCode": 200
    },
    {
      "RequestUri": "/subscriptions/f67cc918-f64f-4c3f-aa24-a855465f9d41/resourceGroups/ps6873/providers/Microsoft.Authorization/policyassignments/testPAWP?api-version=2019-09-01",
      "EncodedRequestUri": "L3N1YnNjcmlwdGlvbnMvZjY3Y2M5MTgtZjY0Zi00YzNmLWFhMjQtYTg1NTQ2NWY5ZDQxL3Jlc291cmNlR3JvdXBzL3BzNjg3My9wcm92aWRlcnMvTWljcm9zb2Z0LkF1dGhvcml6YXRpb24vcG9saWN5YXNzaWdubWVudHMvdGVzdFBBV1A/YXBpLXZlcnNpb249MjAxOS0wOS0wMQ==",
      "RequestMethod": "GET",
      "RequestBody": "",
      "RequestHeaders": {
        "User-Agent": [
          "AzurePowershell/v1.0.0",
          "PSVersion/v6.2.3"
        ],
        "ParameterSetName": [
          "NameParameterSet"
        ],
        "CommandName": [
          "Get-AzPolicyAssignment"
        ]
      },
      "ResponseHeaders": {
        "Cache-Control": [
          "no-cache"
        ],
        "Pragma": [
          "no-cache"
        ],
        "Vary": [
          "Accept-Encoding"
        ],
        "x-ms-request-id": [
          "westus:6582e295-2a10-4555-a5e4-36431537caa4"
        ],
        "x-ms-ratelimit-remaining-subscription-reads": [
          "11991"
        ],
        "x-ms-correlation-request-id": [
          "82ee4af2-abde-4aa6-a370-691e9a71454a"
        ],
        "x-ms-routing-request-id": [
          "WESTUS:20191202T224039Z:82ee4af2-abde-4aa6-a370-691e9a71454a"
        ],
        "Strict-Transport-Security": [
          "max-age=31536000; includeSubDomains"
        ],
        "X-Content-Type-Options": [
          "nosniff"
        ],
        "Date": [
          "Mon, 02 Dec 2019 22:40:38 GMT"
        ],
        "Content-Length": [
          "816"
        ],
        "Content-Type": [
          "application/json; charset=utf-8"
        ],
        "Expires": [
          "-1"
        ],
        "Retry-After": [
          "0"
        ]
      },
      "ResponseBody": "{\r\n  \"sku\": {\r\n    \"name\": \"A0\",\r\n    \"tier\": \"Free\"\r\n  },\r\n  \"properties\": {\r\n    \"policyDefinitionId\": \"/subscriptions/f67cc918-f64f-4c3f-aa24-a855465f9d41/providers/Microsoft.Authorization/policyDefinitions/ps6257\",\r\n    \"scope\": \"/subscriptions/f67cc918-f64f-4c3f-aa24-a855465f9d41/resourceGroups/ps6873\",\r\n    \"parameters\": {\r\n      \"listOfAllowedLocations\": {\r\n        \"value\": [\r\n          \"West US\",\r\n          \"West US 2\"\r\n        ]\r\n      }\r\n    },\r\n    \"description\": \"Unit test junk: sorry for littering. Please delete me!\",\r\n    \"metadata\": {\r\n      \"testName\": \"testValue\",\r\n      \"createdBy\": \"7140c269-e408-47a5-a626-a1d836b96883\",\r\n      \"createdOn\": \"2019-12-02T22:40:39.1083004Z\",\r\n      \"updatedBy\": null,\r\n      \"updatedOn\": null\r\n    },\r\n    \"enforcementMode\": \"Default\"\r\n  },\r\n  \"id\": \"/subscriptions/f67cc918-f64f-4c3f-aa24-a855465f9d41/resourceGroups/ps6873/providers/Microsoft.Authorization/policyAssignments/testPAWP\",\r\n  \"type\": \"Microsoft.Authorization/policyAssignments\",\r\n  \"name\": \"testPAWP\"\r\n}",
      "StatusCode": 200
    },
    {
      "RequestUri": "/subscriptions/f67cc918-f64f-4c3f-aa24-a855465f9d41/resourceGroups/ps6873/providers/Microsoft.Authorization/policyassignments/testPAWP?api-version=2019-09-01",
      "EncodedRequestUri": "L3N1YnNjcmlwdGlvbnMvZjY3Y2M5MTgtZjY0Zi00YzNmLWFhMjQtYTg1NTQ2NWY5ZDQxL3Jlc291cmNlR3JvdXBzL3BzNjg3My9wcm92aWRlcnMvTWljcm9zb2Z0LkF1dGhvcml6YXRpb24vcG9saWN5YXNzaWdubWVudHMvdGVzdFBBV1A/YXBpLXZlcnNpb249MjAxOS0wOS0wMQ==",
      "RequestMethod": "GET",
      "RequestBody": "",
      "RequestHeaders": {
        "User-Agent": [
          "AzurePowershell/v1.0.0",
          "PSVersion/v6.2.3"
        ],
        "ParameterSetName": [
          "NameParameterSet"
        ],
        "CommandName": [
          "Get-AzPolicyAssignment"
        ]
      },
      "ResponseHeaders": {
        "Cache-Control": [
          "no-cache"
        ],
        "Pragma": [
          "no-cache"
        ],
        "Vary": [
          "Accept-Encoding"
        ],
        "x-ms-request-id": [
          "westus:3b88d2d2-0ac5-4783-8a2b-a6b0c72b0b8a"
        ],
        "x-ms-ratelimit-remaining-subscription-reads": [
          "11995"
        ],
        "x-ms-correlation-request-id": [
          "e66cd7aa-c4e6-4925-b29f-b1828264c196"
        ],
        "x-ms-routing-request-id": [
          "WESTUS:20191202T224040Z:e66cd7aa-c4e6-4925-b29f-b1828264c196"
        ],
        "Strict-Transport-Security": [
          "max-age=31536000; includeSubDomains"
        ],
        "X-Content-Type-Options": [
          "nosniff"
        ],
        "Date": [
          "Mon, 02 Dec 2019 22:40:40 GMT"
        ],
        "Content-Length": [
          "816"
        ],
        "Content-Type": [
          "application/json; charset=utf-8"
        ],
        "Expires": [
          "-1"
        ],
        "Retry-After": [
          "0"
        ]
      },
      "ResponseBody": "{\r\n  \"sku\": {\r\n    \"name\": \"A0\",\r\n    \"tier\": \"Free\"\r\n  },\r\n  \"properties\": {\r\n    \"policyDefinitionId\": \"/subscriptions/f67cc918-f64f-4c3f-aa24-a855465f9d41/providers/Microsoft.Authorization/policyDefinitions/ps6257\",\r\n    \"scope\": \"/subscriptions/f67cc918-f64f-4c3f-aa24-a855465f9d41/resourceGroups/ps6873\",\r\n    \"parameters\": {\r\n      \"listOfAllowedLocations\": {\r\n        \"value\": [\r\n          \"West US\",\r\n          \"West US 2\"\r\n        ]\r\n      }\r\n    },\r\n    \"description\": \"Unit test junk: sorry for littering. Please delete me!\",\r\n    \"metadata\": {\r\n      \"testName\": \"testValue\",\r\n      \"createdBy\": \"7140c269-e408-47a5-a626-a1d836b96883\",\r\n      \"createdOn\": \"2019-12-02T22:40:40.0259741Z\",\r\n      \"updatedBy\": null,\r\n      \"updatedOn\": null\r\n    },\r\n    \"enforcementMode\": \"Default\"\r\n  },\r\n  \"id\": \"/subscriptions/f67cc918-f64f-4c3f-aa24-a855465f9d41/resourceGroups/ps6873/providers/Microsoft.Authorization/policyAssignments/testPAWP\",\r\n  \"type\": \"Microsoft.Authorization/policyAssignments\",\r\n  \"name\": \"testPAWP\"\r\n}",
      "StatusCode": 200
    },
    {
      "RequestUri": "/subscriptions/f67cc918-f64f-4c3f-aa24-a855465f9d41/resourceGroups/ps6873/providers/Microsoft.Authorization/policyassignments/testPAWP?api-version=2019-09-01",
      "EncodedRequestUri": "L3N1YnNjcmlwdGlvbnMvZjY3Y2M5MTgtZjY0Zi00YzNmLWFhMjQtYTg1NTQ2NWY5ZDQxL3Jlc291cmNlR3JvdXBzL3BzNjg3My9wcm92aWRlcnMvTWljcm9zb2Z0LkF1dGhvcml6YXRpb24vcG9saWN5YXNzaWdubWVudHMvdGVzdFBBV1A/YXBpLXZlcnNpb249MjAxOS0wOS0wMQ==",
      "RequestMethod": "GET",
      "RequestBody": "",
      "RequestHeaders": {
        "User-Agent": [
          "AzurePowershell/v1.0.0",
          "PSVersion/v6.2.3"
        ],
        "ParameterSetName": [
          "NameParameterSet"
        ],
        "CommandName": [
          "Get-AzPolicyAssignment"
        ]
      },
      "ResponseHeaders": {
        "Cache-Control": [
          "no-cache"
        ],
        "Pragma": [
          "no-cache"
        ],
        "Vary": [
          "Accept-Encoding"
        ],
        "x-ms-request-id": [
          "westus:a0c78203-7471-4580-8332-c253be7872a1"
        ],
        "x-ms-ratelimit-remaining-subscription-reads": [
          "11990"
        ],
        "x-ms-correlation-request-id": [
          "08adf67f-51c9-4057-9c68-ace05bec2b22"
        ],
        "x-ms-routing-request-id": [
          "WESTUS:20191202T224042Z:08adf67f-51c9-4057-9c68-ace05bec2b22"
        ],
        "Strict-Transport-Security": [
          "max-age=31536000; includeSubDomains"
        ],
        "X-Content-Type-Options": [
          "nosniff"
        ],
        "Date": [
          "Mon, 02 Dec 2019 22:40:41 GMT"
        ],
        "Content-Length": [
          "851"
        ],
        "Content-Type": [
          "application/json; charset=utf-8"
        ],
        "Expires": [
          "-1"
        ],
        "Retry-After": [
          "0"
        ]
      },
      "ResponseBody": "{\r\n  \"sku\": {\r\n    \"name\": \"A0\",\r\n    \"tier\": \"Free\"\r\n  },\r\n  \"properties\": {\r\n    \"policyDefinitionId\": \"/subscriptions/f67cc918-f64f-4c3f-aa24-a855465f9d41/providers/Microsoft.Authorization/policyDefinitions/ps6257\",\r\n    \"scope\": \"/subscriptions/f67cc918-f64f-4c3f-aa24-a855465f9d41/resourceGroups/ps6873\",\r\n    \"parameters\": {\r\n      \"listOfAllowedLocations\": {\r\n        \"value\": [\r\n          \"West US\",\r\n          \"West US 2\"\r\n        ]\r\n      },\r\n      \"effectParam\": {\r\n        \"value\": \"Disabled\"\r\n      }\r\n    },\r\n    \"description\": \"Unit test junk: sorry for littering. Please delete me!\",\r\n    \"metadata\": {\r\n      \"testName\": \"testValue\",\r\n      \"createdBy\": \"7140c269-e408-47a5-a626-a1d836b96883\",\r\n      \"createdOn\": \"2019-12-02T22:40:41.5539883Z\",\r\n      \"updatedBy\": null,\r\n      \"updatedOn\": null\r\n    },\r\n    \"enforcementMode\": \"Default\"\r\n  },\r\n  \"id\": \"/subscriptions/f67cc918-f64f-4c3f-aa24-a855465f9d41/resourceGroups/ps6873/providers/Microsoft.Authorization/policyAssignments/testPAWP\",\r\n  \"type\": \"Microsoft.Authorization/policyAssignments\",\r\n  \"name\": \"testPAWP\"\r\n}",
      "StatusCode": 200
    },
    {
      "RequestUri": "/subscriptions/f67cc918-f64f-4c3f-aa24-a855465f9d41/resourceGroups/ps6873/providers/Microsoft.Authorization/policyassignments/testPAWP?api-version=2019-09-01",
      "EncodedRequestUri": "L3N1YnNjcmlwdGlvbnMvZjY3Y2M5MTgtZjY0Zi00YzNmLWFhMjQtYTg1NTQ2NWY5ZDQxL3Jlc291cmNlR3JvdXBzL3BzNjg3My9wcm92aWRlcnMvTWljcm9zb2Z0LkF1dGhvcml6YXRpb24vcG9saWN5YXNzaWdubWVudHMvdGVzdFBBV1A/YXBpLXZlcnNpb249MjAxOS0wOS0wMQ==",
      "RequestMethod": "GET",
      "RequestBody": "",
      "RequestHeaders": {
        "User-Agent": [
          "AzurePowershell/v1.0.0",
          "PSVersion/v6.2.3"
        ],
        "ParameterSetName": [
          "NameParameterSet"
        ],
        "CommandName": [
          "Set-AzPolicyAssignment"
        ]
      },
      "ResponseHeaders": {
        "Cache-Control": [
          "no-cache"
        ],
        "Pragma": [
          "no-cache"
        ],
        "Vary": [
          "Accept-Encoding"
        ],
        "x-ms-request-id": [
          "westus:b279acd2-5486-4a67-b760-dd88b1cec404"
        ],
        "x-ms-ratelimit-remaining-subscription-reads": [
          "11998"
        ],
        "x-ms-correlation-request-id": [
          "9385c971-da5f-40cd-9c7e-7a3a97e962c8"
        ],
        "x-ms-routing-request-id": [
          "WESTUS:20191202T224042Z:9385c971-da5f-40cd-9c7e-7a3a97e962c8"
        ],
        "Strict-Transport-Security": [
          "max-age=31536000; includeSubDomains"
        ],
        "X-Content-Type-Options": [
          "nosniff"
        ],
        "Date": [
          "Mon, 02 Dec 2019 22:40:41 GMT"
        ],
        "Content-Length": [
          "851"
        ],
        "Content-Type": [
          "application/json; charset=utf-8"
        ],
        "Expires": [
          "-1"
        ],
        "Retry-After": [
          "0"
        ]
      },
      "ResponseBody": "{\r\n  \"sku\": {\r\n    \"name\": \"A0\",\r\n    \"tier\": \"Free\"\r\n  },\r\n  \"properties\": {\r\n    \"policyDefinitionId\": \"/subscriptions/f67cc918-f64f-4c3f-aa24-a855465f9d41/providers/Microsoft.Authorization/policyDefinitions/ps6257\",\r\n    \"scope\": \"/subscriptions/f67cc918-f64f-4c3f-aa24-a855465f9d41/resourceGroups/ps6873\",\r\n    \"parameters\": {\r\n      \"listOfAllowedLocations\": {\r\n        \"value\": [\r\n          \"West US\",\r\n          \"West US 2\"\r\n        ]\r\n      },\r\n      \"effectParam\": {\r\n        \"value\": \"Disabled\"\r\n      }\r\n    },\r\n    \"description\": \"Unit test junk: sorry for littering. Please delete me!\",\r\n    \"metadata\": {\r\n      \"testName\": \"testValue\",\r\n      \"createdBy\": \"7140c269-e408-47a5-a626-a1d836b96883\",\r\n      \"createdOn\": \"2019-12-02T22:40:41.5539883Z\",\r\n      \"updatedBy\": null,\r\n      \"updatedOn\": null\r\n    },\r\n    \"enforcementMode\": \"Default\"\r\n  },\r\n  \"id\": \"/subscriptions/f67cc918-f64f-4c3f-aa24-a855465f9d41/resourceGroups/ps6873/providers/Microsoft.Authorization/policyAssignments/testPAWP\",\r\n  \"type\": \"Microsoft.Authorization/policyAssignments\",\r\n  \"name\": \"testPAWP\"\r\n}",
      "StatusCode": 200
    },
    {
      "RequestUri": "/subscriptions/f67cc918-f64f-4c3f-aa24-a855465f9d41/resourceGroups/ps6873/providers/Microsoft.Authorization/policyassignments/testPAWP?api-version=2019-09-01",
      "EncodedRequestUri": "L3N1YnNjcmlwdGlvbnMvZjY3Y2M5MTgtZjY0Zi00YzNmLWFhMjQtYTg1NTQ2NWY5ZDQxL3Jlc291cmNlR3JvdXBzL3BzNjg3My9wcm92aWRlcnMvTWljcm9zb2Z0LkF1dGhvcml6YXRpb24vcG9saWN5YXNzaWdubWVudHMvdGVzdFBBV1A/YXBpLXZlcnNpb249MjAxOS0wOS0wMQ==",
      "RequestMethod": "GET",
      "RequestBody": "",
      "RequestHeaders": {
        "User-Agent": [
          "AzurePowershell/v1.0.0",
          "PSVersion/v6.2.3"
        ],
        "ParameterSetName": [
          "NameParameterSet"
        ],
        "CommandName": [
          "Get-AzPolicyAssignment"
        ]
      },
      "ResponseHeaders": {
        "Cache-Control": [
          "no-cache"
        ],
        "Pragma": [
          "no-cache"
        ],
        "Vary": [
          "Accept-Encoding"
        ],
        "x-ms-request-id": [
          "westus:47a84a6a-f292-406e-b4ba-9819c3322dee"
        ],
        "x-ms-ratelimit-remaining-subscription-reads": [
          "11994"
        ],
        "x-ms-correlation-request-id": [
          "2998bc8b-3c6b-4b84-8a4e-49b6dcd406bd"
        ],
        "x-ms-routing-request-id": [
          "WESTUS:20191202T224042Z:2998bc8b-3c6b-4b84-8a4e-49b6dcd406bd"
        ],
        "Strict-Transport-Security": [
          "max-age=31536000; includeSubDomains"
        ],
        "X-Content-Type-Options": [
          "nosniff"
        ],
        "Date": [
          "Mon, 02 Dec 2019 22:40:42 GMT"
        ],
        "Content-Length": [
          "944"
        ],
        "Content-Type": [
          "application/json; charset=utf-8"
        ],
        "Expires": [
          "-1"
        ],
        "Retry-After": [
          "0"
        ]
      },
      "ResponseBody": "{\r\n  \"sku\": {\r\n    \"name\": \"A0\",\r\n    \"tier\": \"Free\"\r\n  },\r\n  \"properties\": {\r\n    \"policyDefinitionId\": \"/subscriptions/f67cc918-f64f-4c3f-aa24-a855465f9d41/providers/Microsoft.Authorization/policyDefinitions/ps6257\",\r\n    \"scope\": \"/subscriptions/f67cc918-f64f-4c3f-aa24-a855465f9d41/resourceGroups/ps6873\",\r\n    \"parameters\": {\r\n      \"listOfAllowedLocations\": {\r\n        \"value\": [\r\n          \"West US\",\r\n          \"West US 2\"\r\n        ]\r\n      },\r\n      \"effectParam\": {\r\n        \"value\": \"Disabled\"\r\n      }\r\n    },\r\n    \"description\": \"Unit test junk: sorry for littering. Please delete me! - Updated\",\r\n    \"metadata\": {\r\n      \"Meta1\": \"Value1\",\r\n      \"Meta2\": {\r\n        \"Meta22\": \"Value22\"\r\n      },\r\n      \"createdBy\": \"7140c269-e408-47a5-a626-a1d836b96883\",\r\n      \"createdOn\": \"2019-12-02T22:40:41.5539883Z\",\r\n      \"updatedBy\": \"7140c269-e408-47a5-a626-a1d836b96883\",\r\n      \"updatedOn\": \"2019-12-02T22:40:42.4819189Z\"\r\n    },\r\n    \"enforcementMode\": \"Default\"\r\n  },\r\n  \"id\": \"/subscriptions/f67cc918-f64f-4c3f-aa24-a855465f9d41/resourceGroups/ps6873/providers/Microsoft.Authorization/policyAssignments/testPAWP\",\r\n  \"type\": \"Microsoft.Authorization/policyAssignments\",\r\n  \"name\": \"testPAWP\"\r\n}",
      "StatusCode": 200
    },
    {
      "RequestUri": "/subscriptions/f67cc918-f64f-4c3f-aa24-a855465f9d41/resourceGroups/ps6873/providers/Microsoft.Authorization/policyassignments/testPAWP?api-version=2019-09-01",
      "EncodedRequestUri": "L3N1YnNjcmlwdGlvbnMvZjY3Y2M5MTgtZjY0Zi00YzNmLWFhMjQtYTg1NTQ2NWY5ZDQxL3Jlc291cmNlR3JvdXBzL3BzNjg3My9wcm92aWRlcnMvTWljcm9zb2Z0LkF1dGhvcml6YXRpb24vcG9saWN5YXNzaWdubWVudHMvdGVzdFBBV1A/YXBpLXZlcnNpb249MjAxOS0wOS0wMQ==",
      "RequestMethod": "GET",
      "RequestBody": "",
      "RequestHeaders": {
        "User-Agent": [
          "AzurePowershell/v1.0.0",
          "PSVersion/v6.2.3"
        ],
        "ParameterSetName": [
          "PolicyParameterNameObjectParameterSet"
        ],
        "CommandName": [
          "Set-AzPolicyAssignment"
        ]
      },
      "ResponseHeaders": {
        "Cache-Control": [
          "no-cache"
        ],
        "Pragma": [
          "no-cache"
        ],
        "Vary": [
          "Accept-Encoding"
        ],
        "x-ms-request-id": [
          "westus:f5611bcf-6c66-49b4-99a3-58e4ac79c28b"
        ],
        "x-ms-ratelimit-remaining-subscription-reads": [
          "11994"
        ],
        "x-ms-correlation-request-id": [
          "a35ca24a-0672-41b3-b258-7c51584741d4"
        ],
        "x-ms-routing-request-id": [
          "WESTUS:20191202T224043Z:a35ca24a-0672-41b3-b258-7c51584741d4"
        ],
        "Strict-Transport-Security": [
          "max-age=31536000; includeSubDomains"
        ],
        "X-Content-Type-Options": [
          "nosniff"
        ],
        "Date": [
          "Mon, 02 Dec 2019 22:40:42 GMT"
        ],
        "Content-Length": [
          "944"
        ],
        "Content-Type": [
          "application/json; charset=utf-8"
        ],
        "Expires": [
          "-1"
        ],
        "Retry-After": [
          "0"
        ]
      },
      "ResponseBody": "{\r\n  \"sku\": {\r\n    \"name\": \"A0\",\r\n    \"tier\": \"Free\"\r\n  },\r\n  \"properties\": {\r\n    \"policyDefinitionId\": \"/subscriptions/f67cc918-f64f-4c3f-aa24-a855465f9d41/providers/Microsoft.Authorization/policyDefinitions/ps6257\",\r\n    \"scope\": \"/subscriptions/f67cc918-f64f-4c3f-aa24-a855465f9d41/resourceGroups/ps6873\",\r\n    \"parameters\": {\r\n      \"listOfAllowedLocations\": {\r\n        \"value\": [\r\n          \"West US\",\r\n          \"West US 2\"\r\n        ]\r\n      },\r\n      \"effectParam\": {\r\n        \"value\": \"Disabled\"\r\n      }\r\n    },\r\n    \"description\": \"Unit test junk: sorry for littering. Please delete me! - Updated\",\r\n    \"metadata\": {\r\n      \"Meta1\": \"Value1\",\r\n      \"Meta2\": {\r\n        \"Meta22\": \"Value22\"\r\n      },\r\n      \"createdBy\": \"7140c269-e408-47a5-a626-a1d836b96883\",\r\n      \"createdOn\": \"2019-12-02T22:40:41.5539883Z\",\r\n      \"updatedBy\": \"7140c269-e408-47a5-a626-a1d836b96883\",\r\n      \"updatedOn\": \"2019-12-02T22:40:42.4819189Z\"\r\n    },\r\n    \"enforcementMode\": \"Default\"\r\n  },\r\n  \"id\": \"/subscriptions/f67cc918-f64f-4c3f-aa24-a855465f9d41/resourceGroups/ps6873/providers/Microsoft.Authorization/policyAssignments/testPAWP\",\r\n  \"type\": \"Microsoft.Authorization/policyAssignments\",\r\n  \"name\": \"testPAWP\"\r\n}",
      "StatusCode": 200
    },
    {
      "RequestUri": "/subscriptions/f67cc918-f64f-4c3f-aa24-a855465f9d41/resourceGroups/ps6873/providers/Microsoft.Authorization/policyassignments/testPAWP?api-version=2019-09-01",
      "EncodedRequestUri": "L3N1YnNjcmlwdGlvbnMvZjY3Y2M5MTgtZjY0Zi00YzNmLWFhMjQtYTg1NTQ2NWY5ZDQxL3Jlc291cmNlR3JvdXBzL3BzNjg3My9wcm92aWRlcnMvTWljcm9zb2Z0LkF1dGhvcml6YXRpb24vcG9saWN5YXNzaWdubWVudHMvdGVzdFBBV1A/YXBpLXZlcnNpb249MjAxOS0wOS0wMQ==",
      "RequestMethod": "GET",
      "RequestBody": "",
      "RequestHeaders": {
        "User-Agent": [
          "AzurePowershell/v1.0.0",
          "PSVersion/v6.2.3"
        ],
        "ParameterSetName": [
          "NameParameterSet"
        ],
        "CommandName": [
          "Get-AzPolicyAssignment"
        ]
      },
      "ResponseHeaders": {
        "Cache-Control": [
          "no-cache"
        ],
        "Pragma": [
          "no-cache"
        ],
        "Vary": [
          "Accept-Encoding"
        ],
        "x-ms-request-id": [
          "westus:df8ec412-7ae2-4cd0-ae1d-d95c0c0d43ac"
        ],
        "x-ms-ratelimit-remaining-subscription-reads": [
          "11989"
        ],
        "x-ms-correlation-request-id": [
          "50e46462-d2a5-4071-8c31-6c0922bbeea0"
        ],
        "x-ms-routing-request-id": [
          "WESTUS:20191202T224046Z:50e46462-d2a5-4071-8c31-6c0922bbeea0"
        ],
        "Strict-Transport-Security": [
          "max-age=31536000; includeSubDomains"
        ],
        "X-Content-Type-Options": [
          "nosniff"
        ],
        "Date": [
          "Mon, 02 Dec 2019 22:40:46 GMT"
        ],
        "Content-Length": [
          "866"
        ],
        "Content-Type": [
          "application/json; charset=utf-8"
        ],
        "Expires": [
          "-1"
        ],
        "Retry-After": [
          "0"
        ]
      },
      "ResponseBody": "{\r\n  \"sku\": {\r\n    \"name\": \"A0\",\r\n    \"tier\": \"Free\"\r\n  },\r\n  \"properties\": {\r\n    \"policyDefinitionId\": \"/subscriptions/f67cc918-f64f-4c3f-aa24-a855465f9d41/providers/Microsoft.Authorization/policyDefinitions/ps6257\",\r\n    \"scope\": \"/subscriptions/f67cc918-f64f-4c3f-aa24-a855465f9d41/resourceGroups/ps6873\",\r\n    \"parameters\": {\r\n      \"listOfAllowedLocations\": {\r\n        \"value\": [\r\n          \"West2 US2\",\r\n          \"West2 US22\"\r\n        ]\r\n      }\r\n    },\r\n    \"description\": \"Unit test junk: sorry for littering. Please delete me! - Updated\",\r\n    \"metadata\": {\r\n      \"createdBy\": \"7140c269-e408-47a5-a626-a1d836b96883\",\r\n      \"createdOn\": \"2019-12-02T22:40:41.5539883Z\",\r\n      \"updatedBy\": \"7140c269-e408-47a5-a626-a1d836b96883\",\r\n      \"updatedOn\": \"2019-12-02T22:40:45.6918351Z\"\r\n    },\r\n    \"enforcementMode\": \"Default\"\r\n  },\r\n  \"id\": \"/subscriptions/f67cc918-f64f-4c3f-aa24-a855465f9d41/resourceGroups/ps6873/providers/Microsoft.Authorization/policyAssignments/testPAWP\",\r\n  \"type\": \"Microsoft.Authorization/policyAssignments\",\r\n  \"name\": \"testPAWP\"\r\n}",
      "StatusCode": 200
    },
    {
      "RequestUri": "/subscriptions/f67cc918-f64f-4c3f-aa24-a855465f9d41/resourceGroups/ps6873/providers/Microsoft.Authorization/policyassignments/testPAWP?api-version=2019-09-01",
      "EncodedRequestUri": "L3N1YnNjcmlwdGlvbnMvZjY3Y2M5MTgtZjY0Zi00YzNmLWFhMjQtYTg1NTQ2NWY5ZDQxL3Jlc291cmNlR3JvdXBzL3BzNjg3My9wcm92aWRlcnMvTWljcm9zb2Z0LkF1dGhvcml6YXRpb24vcG9saWN5YXNzaWdubWVudHMvdGVzdFBBV1A/YXBpLXZlcnNpb249MjAxOS0wOS0wMQ==",
      "RequestMethod": "DELETE",
      "RequestBody": "",
      "RequestHeaders": {
        "User-Agent": [
          "AzurePowershell/v1.0.0",
          "PSVersion/v6.2.3"
        ],
        "ParameterSetName": [
          "NameParameterSet"
        ],
        "CommandName": [
          "Remove-AzPolicyAssignment"
        ]
      },
      "ResponseHeaders": {
        "Cache-Control": [
          "no-cache"
        ],
        "Pragma": [
          "no-cache"
        ],
        "Vary": [
          "Accept-Encoding"
        ],
        "x-ms-request-id": [
          "westus:807a3632-f3cf-4f21-81ea-801d7a41a745"
        ],
        "x-ms-ratelimit-remaining-subscription-deletes": [
          "14999"
        ],
        "x-ms-correlation-request-id": [
          "39833cce-26af-4934-b5e7-5782be700da8"
        ],
        "x-ms-routing-request-id": [
          "WESTUS:20191202T224037Z:39833cce-26af-4934-b5e7-5782be700da8"
        ],
        "Strict-Transport-Security": [
          "max-age=31536000; includeSubDomains"
        ],
        "X-Content-Type-Options": [
          "nosniff"
        ],
        "Date": [
          "Mon, 02 Dec 2019 22:40:36 GMT"
        ],
        "Content-Length": [
          "793"
        ],
        "Content-Type": [
          "application/json; charset=utf-8"
        ],
        "Expires": [
          "-1"
        ],
        "Retry-After": [
          "0"
        ]
      },
      "ResponseBody": "{\r\n  \"sku\": {\r\n    \"name\": \"A0\",\r\n    \"tier\": \"Free\"\r\n  },\r\n  \"properties\": {\r\n    \"policyDefinitionId\": \"/subscriptions/f67cc918-f64f-4c3f-aa24-a855465f9d41/providers/Microsoft.Authorization/policyDefinitions/ps6257\",\r\n    \"scope\": \"/subscriptions/f67cc918-f64f-4c3f-aa24-a855465f9d41/resourceGroups/ps6873\",\r\n    \"parameters\": {\r\n      \"listOfAllowedLocations\": {\r\n        \"value\": [\r\n          \"West US\",\r\n          \"West US 2\"\r\n        ]\r\n      }\r\n    },\r\n    \"description\": \"Unit test junk: sorry for littering. Please delete me!\",\r\n    \"metadata\": {\r\n      \"createdBy\": \"7140c269-e408-47a5-a626-a1d836b96883\",\r\n      \"createdOn\": \"2019-12-02T22:40:36.3044279Z\",\r\n      \"updatedBy\": null,\r\n      \"updatedOn\": null\r\n    },\r\n    \"enforcementMode\": \"Default\"\r\n  },\r\n  \"id\": \"/subscriptions/f67cc918-f64f-4c3f-aa24-a855465f9d41/resourceGroups/ps6873/providers/Microsoft.Authorization/policyAssignments/testPAWP\",\r\n  \"type\": \"Microsoft.Authorization/policyAssignments\",\r\n  \"name\": \"testPAWP\"\r\n}",
      "StatusCode": 200
    },
    {
      "RequestUri": "/subscriptions/f67cc918-f64f-4c3f-aa24-a855465f9d41/resourceGroups/ps6873/providers/Microsoft.Authorization/policyassignments/testPAWP?api-version=2019-09-01",
      "EncodedRequestUri": "L3N1YnNjcmlwdGlvbnMvZjY3Y2M5MTgtZjY0Zi00YzNmLWFhMjQtYTg1NTQ2NWY5ZDQxL3Jlc291cmNlR3JvdXBzL3BzNjg3My9wcm92aWRlcnMvTWljcm9zb2Z0LkF1dGhvcml6YXRpb24vcG9saWN5YXNzaWdubWVudHMvdGVzdFBBV1A/YXBpLXZlcnNpb249MjAxOS0wOS0wMQ==",
      "RequestMethod": "DELETE",
      "RequestBody": "",
      "RequestHeaders": {
        "User-Agent": [
          "AzurePowershell/v1.0.0",
          "PSVersion/v6.2.3"
        ],
        "ParameterSetName": [
          "NameParameterSet"
        ],
        "CommandName": [
          "Remove-AzPolicyAssignment"
        ]
      },
      "ResponseHeaders": {
        "Cache-Control": [
          "no-cache"
        ],
        "Pragma": [
          "no-cache"
        ],
        "Vary": [
          "Accept-Encoding"
        ],
        "x-ms-request-id": [
          "westus:91e3f83e-2a8b-4b55-9ead-3715352cc40c"
        ],
        "x-ms-ratelimit-remaining-subscription-deletes": [
          "14999"
        ],
        "x-ms-correlation-request-id": [
          "bd216162-65c8-455e-8eaa-f169177a9ff3"
        ],
        "x-ms-routing-request-id": [
          "WESTUS:20191202T224038Z:bd216162-65c8-455e-8eaa-f169177a9ff3"
        ],
        "Strict-Transport-Security": [
          "max-age=31536000; includeSubDomains"
        ],
        "X-Content-Type-Options": [
          "nosniff"
        ],
        "Date": [
          "Mon, 02 Dec 2019 22:40:37 GMT"
        ],
        "Content-Length": [
          "860"
        ],
        "Content-Type": [
          "application/json; charset=utf-8"
        ],
        "Expires": [
          "-1"
        ],
        "Retry-After": [
          "0"
        ]
      },
      "ResponseBody": "{\r\n  \"sku\": {\r\n    \"name\": \"A0\",\r\n    \"tier\": \"Free\"\r\n  },\r\n  \"properties\": {\r\n    \"policyDefinitionId\": \"/subscriptions/f67cc918-f64f-4c3f-aa24-a855465f9d41/providers/Microsoft.Authorization/policyDefinitions/ps6257\",\r\n    \"scope\": \"/subscriptions/f67cc918-f64f-4c3f-aa24-a855465f9d41/resourceGroups/ps6873\",\r\n    \"parameters\": {\r\n      \"listOfAllowedLocations\": {\r\n        \"value\": [\r\n          \"something\",\r\n          \"something else\"\r\n        ]\r\n      }\r\n    },\r\n    \"description\": \"Unit test junk: sorry for littering. Please delete me!\",\r\n    \"metadata\": {\r\n      \"createdBy\": \"7140c269-e408-47a5-a626-a1d836b96883\",\r\n      \"createdOn\": \"2019-12-02T22:40:37.2668709Z\",\r\n      \"updatedBy\": \"7140c269-e408-47a5-a626-a1d836b96883\",\r\n      \"updatedOn\": \"2019-12-02T22:40:38.0457681Z\"\r\n    },\r\n    \"enforcementMode\": \"Default\"\r\n  },\r\n  \"id\": \"/subscriptions/f67cc918-f64f-4c3f-aa24-a855465f9d41/resourceGroups/ps6873/providers/Microsoft.Authorization/policyAssignments/testPAWP\",\r\n  \"type\": \"Microsoft.Authorization/policyAssignments\",\r\n  \"name\": \"testPAWP\"\r\n}",
      "StatusCode": 200
    },
    {
      "RequestUri": "/subscriptions/f67cc918-f64f-4c3f-aa24-a855465f9d41/resourceGroups/ps6873/providers/Microsoft.Authorization/policyassignments/testPAWP?api-version=2019-09-01",
      "EncodedRequestUri": "L3N1YnNjcmlwdGlvbnMvZjY3Y2M5MTgtZjY0Zi00YzNmLWFhMjQtYTg1NTQ2NWY5ZDQxL3Jlc291cmNlR3JvdXBzL3BzNjg3My9wcm92aWRlcnMvTWljcm9zb2Z0LkF1dGhvcml6YXRpb24vcG9saWN5YXNzaWdubWVudHMvdGVzdFBBV1A/YXBpLXZlcnNpb249MjAxOS0wOS0wMQ==",
      "RequestMethod": "DELETE",
      "RequestBody": "",
      "RequestHeaders": {
        "User-Agent": [
          "AzurePowershell/v1.0.0",
          "PSVersion/v6.2.3"
        ],
        "ParameterSetName": [
          "NameParameterSet"
        ],
        "CommandName": [
          "Remove-AzPolicyAssignment"
        ]
      },
      "ResponseHeaders": {
        "Cache-Control": [
          "no-cache"
        ],
        "Pragma": [
          "no-cache"
        ],
        "Vary": [
          "Accept-Encoding"
        ],
        "x-ms-request-id": [
          "westus:7c5b7d95-66f6-4b3e-8a7a-848e016a919c"
        ],
        "x-ms-ratelimit-remaining-subscription-deletes": [
          "14999"
        ],
        "x-ms-correlation-request-id": [
          "7be2d453-35b5-4413-8d95-87af72f74666"
        ],
        "x-ms-routing-request-id": [
          "WESTUS:20191202T224039Z:7be2d453-35b5-4413-8d95-87af72f74666"
        ],
        "Strict-Transport-Security": [
          "max-age=31536000; includeSubDomains"
        ],
        "X-Content-Type-Options": [
          "nosniff"
        ],
        "Date": [
          "Mon, 02 Dec 2019 22:40:38 GMT"
        ],
        "Content-Length": [
          "816"
        ],
        "Content-Type": [
          "application/json; charset=utf-8"
        ],
        "Expires": [
          "-1"
        ],
        "Retry-After": [
          "0"
        ]
      },
      "ResponseBody": "{\r\n  \"sku\": {\r\n    \"name\": \"A0\",\r\n    \"tier\": \"Free\"\r\n  },\r\n  \"properties\": {\r\n    \"policyDefinitionId\": \"/subscriptions/f67cc918-f64f-4c3f-aa24-a855465f9d41/providers/Microsoft.Authorization/policyDefinitions/ps6257\",\r\n    \"scope\": \"/subscriptions/f67cc918-f64f-4c3f-aa24-a855465f9d41/resourceGroups/ps6873\",\r\n    \"parameters\": {\r\n      \"listOfAllowedLocations\": {\r\n        \"value\": [\r\n          \"West US\",\r\n          \"West US 2\"\r\n        ]\r\n      }\r\n    },\r\n    \"description\": \"Unit test junk: sorry for littering. Please delete me!\",\r\n    \"metadata\": {\r\n      \"testName\": \"testValue\",\r\n      \"createdBy\": \"7140c269-e408-47a5-a626-a1d836b96883\",\r\n      \"createdOn\": \"2019-12-02T22:40:39.1083004Z\",\r\n      \"updatedBy\": null,\r\n      \"updatedOn\": null\r\n    },\r\n    \"enforcementMode\": \"Default\"\r\n  },\r\n  \"id\": \"/subscriptions/f67cc918-f64f-4c3f-aa24-a855465f9d41/resourceGroups/ps6873/providers/Microsoft.Authorization/policyAssignments/testPAWP\",\r\n  \"type\": \"Microsoft.Authorization/policyAssignments\",\r\n  \"name\": \"testPAWP\"\r\n}",
      "StatusCode": 200
    },
    {
      "RequestUri": "/subscriptions/f67cc918-f64f-4c3f-aa24-a855465f9d41/resourceGroups/ps6873/providers/Microsoft.Authorization/policyassignments/testPAWP?api-version=2019-09-01",
      "EncodedRequestUri": "L3N1YnNjcmlwdGlvbnMvZjY3Y2M5MTgtZjY0Zi00YzNmLWFhMjQtYTg1NTQ2NWY5ZDQxL3Jlc291cmNlR3JvdXBzL3BzNjg3My9wcm92aWRlcnMvTWljcm9zb2Z0LkF1dGhvcml6YXRpb24vcG9saWN5YXNzaWdubWVudHMvdGVzdFBBV1A/YXBpLXZlcnNpb249MjAxOS0wOS0wMQ==",
      "RequestMethod": "DELETE",
      "RequestBody": "",
      "RequestHeaders": {
        "User-Agent": [
          "AzurePowershell/v1.0.0",
          "PSVersion/v6.2.3"
        ],
        "ParameterSetName": [
          "NameParameterSet"
        ],
        "CommandName": [
          "Remove-AzPolicyAssignment"
        ]
      },
      "ResponseHeaders": {
        "Cache-Control": [
          "no-cache"
        ],
        "Pragma": [
          "no-cache"
        ],
        "Vary": [
          "Accept-Encoding"
        ],
        "x-ms-request-id": [
          "westus:cc37067b-2fb9-4f01-ad01-fe7e96dc39ba"
        ],
        "x-ms-ratelimit-remaining-subscription-deletes": [
          "14998"
        ],
        "x-ms-correlation-request-id": [
          "a9143c69-7562-48f0-b472-a509f0d743cf"
        ],
        "x-ms-routing-request-id": [
          "WESTUS:20191202T224041Z:a9143c69-7562-48f0-b472-a509f0d743cf"
        ],
        "Strict-Transport-Security": [
          "max-age=31536000; includeSubDomains"
        ],
        "X-Content-Type-Options": [
          "nosniff"
        ],
        "Date": [
          "Mon, 02 Dec 2019 22:40:40 GMT"
        ],
        "Content-Length": [
          "816"
        ],
        "Content-Type": [
          "application/json; charset=utf-8"
        ],
        "Expires": [
          "-1"
        ],
        "Retry-After": [
          "0"
        ]
      },
      "ResponseBody": "{\r\n  \"sku\": {\r\n    \"name\": \"A0\",\r\n    \"tier\": \"Free\"\r\n  },\r\n  \"properties\": {\r\n    \"policyDefinitionId\": \"/subscriptions/f67cc918-f64f-4c3f-aa24-a855465f9d41/providers/Microsoft.Authorization/policyDefinitions/ps6257\",\r\n    \"scope\": \"/subscriptions/f67cc918-f64f-4c3f-aa24-a855465f9d41/resourceGroups/ps6873\",\r\n    \"parameters\": {\r\n      \"listOfAllowedLocations\": {\r\n        \"value\": [\r\n          \"West US\",\r\n          \"West US 2\"\r\n        ]\r\n      }\r\n    },\r\n    \"description\": \"Unit test junk: sorry for littering. Please delete me!\",\r\n    \"metadata\": {\r\n      \"testName\": \"testValue\",\r\n      \"createdBy\": \"7140c269-e408-47a5-a626-a1d836b96883\",\r\n      \"createdOn\": \"2019-12-02T22:40:40.0259741Z\",\r\n      \"updatedBy\": null,\r\n      \"updatedOn\": null\r\n    },\r\n    \"enforcementMode\": \"Default\"\r\n  },\r\n  \"id\": \"/subscriptions/f67cc918-f64f-4c3f-aa24-a855465f9d41/resourceGroups/ps6873/providers/Microsoft.Authorization/policyAssignments/testPAWP\",\r\n  \"type\": \"Microsoft.Authorization/policyAssignments\",\r\n  \"name\": \"testPAWP\"\r\n}",
      "StatusCode": 200
    },
    {
      "RequestUri": "/subscriptions/f67cc918-f64f-4c3f-aa24-a855465f9d41/resourceGroups/ps6873/providers/Microsoft.Authorization/policyassignments/testPAWP?api-version=2019-09-01",
      "EncodedRequestUri": "L3N1YnNjcmlwdGlvbnMvZjY3Y2M5MTgtZjY0Zi00YzNmLWFhMjQtYTg1NTQ2NWY5ZDQxL3Jlc291cmNlR3JvdXBzL3BzNjg3My9wcm92aWRlcnMvTWljcm9zb2Z0LkF1dGhvcml6YXRpb24vcG9saWN5YXNzaWdubWVudHMvdGVzdFBBV1A/YXBpLXZlcnNpb249MjAxOS0wOS0wMQ==",
      "RequestMethod": "DELETE",
      "RequestBody": "",
      "RequestHeaders": {
        "User-Agent": [
          "AzurePowershell/v1.0.0",
          "PSVersion/v6.2.3"
        ],
        "ParameterSetName": [
          "NameParameterSet"
        ],
        "CommandName": [
          "Remove-AzPolicyAssignment"
        ]
      },
      "ResponseHeaders": {
        "Cache-Control": [
          "no-cache"
        ],
        "Pragma": [
          "no-cache"
        ],
        "Vary": [
          "Accept-Encoding"
        ],
        "x-ms-request-id": [
          "westus:cb3aea09-48c0-4530-93f8-4be6a027253f"
        ],
        "x-ms-ratelimit-remaining-subscription-deletes": [
          "14999"
        ],
        "x-ms-correlation-request-id": [
          "55f4717d-0b86-4d65-8e82-e62b95b90ac7"
        ],
        "x-ms-routing-request-id": [
          "WESTUS:20191202T224047Z:55f4717d-0b86-4d65-8e82-e62b95b90ac7"
        ],
        "Strict-Transport-Security": [
          "max-age=31536000; includeSubDomains"
        ],
        "X-Content-Type-Options": [
          "nosniff"
        ],
        "Date": [
          "Mon, 02 Dec 2019 22:40:46 GMT"
        ],
        "Content-Length": [
          "866"
        ],
        "Content-Type": [
          "application/json; charset=utf-8"
        ],
        "Expires": [
          "-1"
        ],
        "Retry-After": [
          "0"
        ]
      },
      "ResponseBody": "{\r\n  \"sku\": {\r\n    \"name\": \"A0\",\r\n    \"tier\": \"Free\"\r\n  },\r\n  \"properties\": {\r\n    \"policyDefinitionId\": \"/subscriptions/f67cc918-f64f-4c3f-aa24-a855465f9d41/providers/Microsoft.Authorization/policyDefinitions/ps6257\",\r\n    \"scope\": \"/subscriptions/f67cc918-f64f-4c3f-aa24-a855465f9d41/resourceGroups/ps6873\",\r\n    \"parameters\": {\r\n      \"listOfAllowedLocations\": {\r\n        \"value\": [\r\n          \"West2 US2\",\r\n          \"West2 US22\"\r\n        ]\r\n      }\r\n    },\r\n    \"description\": \"Unit test junk: sorry for littering. Please delete me! - Updated\",\r\n    \"metadata\": {\r\n      \"createdBy\": \"7140c269-e408-47a5-a626-a1d836b96883\",\r\n      \"createdOn\": \"2019-12-02T22:40:41.5539883Z\",\r\n      \"updatedBy\": \"7140c269-e408-47a5-a626-a1d836b96883\",\r\n      \"updatedOn\": \"2019-12-02T22:40:45.6918351Z\"\r\n    },\r\n    \"enforcementMode\": \"Default\"\r\n  },\r\n  \"id\": \"/subscriptions/f67cc918-f64f-4c3f-aa24-a855465f9d41/resourceGroups/ps6873/providers/Microsoft.Authorization/policyAssignments/testPAWP\",\r\n  \"type\": \"Microsoft.Authorization/policyAssignments\",\r\n  \"name\": \"testPAWP\"\r\n}",
      "StatusCode": 200
    },
    {
      "RequestUri": "/subscriptions/f67cc918-f64f-4c3f-aa24-a855465f9d41/providers/Microsoft.Authorization/policydefinitions/ps6257?api-version=2019-09-01",
      "EncodedRequestUri": "L3N1YnNjcmlwdGlvbnMvZjY3Y2M5MTgtZjY0Zi00YzNmLWFhMjQtYTg1NTQ2NWY5ZDQxL3Byb3ZpZGVycy9NaWNyb3NvZnQuQXV0aG9yaXphdGlvbi9wb2xpY3lkZWZpbml0aW9ucy9wczYyNTc/YXBpLXZlcnNpb249MjAxOS0wOS0wMQ==",
      "RequestMethod": "DELETE",
      "RequestBody": "",
      "RequestHeaders": {
        "User-Agent": [
          "AzurePowershell/v1.0.0",
          "PSVersion/v6.2.3"
        ],
        "ParameterSetName": [
          "NameParameterSet"
        ],
        "CommandName": [
          "Remove-AzPolicyDefinition"
        ]
      },
      "ResponseHeaders": {
        "Cache-Control": [
          "no-cache"
        ],
        "Pragma": [
          "no-cache"
        ],
        "Vary": [
          "Accept-Encoding"
        ],
        "x-ms-request-id": [
          "westus:4170932f-da2d-444c-833a-4a994ac4a1a0"
        ],
        "x-ms-ratelimit-remaining-subscription-deletes": [
          "14996"
        ],
        "x-ms-correlation-request-id": [
          "8ad3d98c-8326-443e-abee-ac48d18e5f8c"
        ],
        "x-ms-routing-request-id": [
          "WESTUS:20191202T224047Z:8ad3d98c-8326-443e-abee-ac48d18e5f8c"
        ],
        "Strict-Transport-Security": [
          "max-age=31536000; includeSubDomains"
        ],
        "X-Content-Type-Options": [
          "nosniff"
        ],
        "Date": [
          "Mon, 02 Dec 2019 22:40:47 GMT"
        ],
        "Content-Length": [
          "956"
        ],
        "Content-Type": [
          "application/json; charset=utf-8"
        ],
        "Expires": [
          "-1"
        ],
        "Retry-After": [
          "0"
        ]
      },
      "ResponseBody": "{\r\n  \"properties\": {\r\n    \"policyType\": \"Custom\",\r\n    \"mode\": \"All\",\r\n    \"description\": \"Unit test junk: sorry for littering. Please delete me!\",\r\n    \"metadata\": {\r\n      \"createdBy\": \"7140c269-e408-47a5-a626-a1d836b96883\",\r\n      \"createdOn\": \"2019-12-02T22:40:35.8712935Z\",\r\n      \"updatedBy\": null,\r\n      \"updatedOn\": null\r\n    },\r\n    \"parameters\": {\r\n      \"listOfAllowedLocations\": {\r\n        \"type\": \"Array\",\r\n        \"metadata\": {\r\n          \"description\": \"An array of permitted locations for resources.\",\r\n          \"strongType\": \"location\",\r\n          \"displayName\": \"List of locations\"\r\n        }\r\n      },\r\n      \"effectParam\": {\r\n        \"type\": \"String\",\r\n        \"metadata\": {\r\n          \"description\": \"The effect of the policy\",\r\n          \"displayName\": \"Policy Effect\"\r\n        },\r\n        \"allowedValues\": [\r\n          \"Deny\",\r\n          \"Disabled\"\r\n        ],\r\n        \"defaultValue\": \"Deny\"\r\n      }\r\n    },\r\n    \"policyRule\": {\r\n      \"if\": {\r\n        \"not\": {\r\n          \"field\": \"location\",\r\n          \"in\": \"[parameters('listOfAllowedLocations')]\"\r\n        }\r\n      },\r\n      \"then\": {\r\n        \"effect\": \"[parameters('effectParam')]\"\r\n      }\r\n    }\r\n  },\r\n  \"id\": \"/subscriptions/f67cc918-f64f-4c3f-aa24-a855465f9d41/providers/Microsoft.Authorization/policyDefinitions/ps6257\",\r\n  \"type\": \"Microsoft.Authorization/policyDefinitions\",\r\n  \"name\": \"ps6257\"\r\n}",
      "StatusCode": 200
    },
    {
      "RequestUri": "/subscriptions/f67cc918-f64f-4c3f-aa24-a855465f9d41/resourcegroups/ps6873?api-version=2019-05-10",
      "EncodedRequestUri": "L3N1YnNjcmlwdGlvbnMvZjY3Y2M5MTgtZjY0Zi00YzNmLWFhMjQtYTg1NTQ2NWY5ZDQxL3Jlc291cmNlZ3JvdXBzL3BzNjg3Mz9hcGktdmVyc2lvbj0yMDE5LTA1LTEw",
      "RequestMethod": "DELETE",
      "RequestBody": "",
      "RequestHeaders": {
        "x-ms-client-request-id": [
          "60491bb8-27cb-4598-91e1-2054a80d8f63"
        ],
        "Accept-Language": [
          "en-US"
        ],
        "User-Agent": [
          "FxVersion/4.6.27817.03",
          "OSName/Windows",
          "OSVersion/Microsoft.Windows.10.0.18363.",
          "Microsoft.Azure.Management.ResourceManager.ResourceManagementClient/2.1.0.0"
        ]
      },
      "ResponseHeaders": {
        "Cache-Control": [
          "no-cache"
        ],
        "Pragma": [
          "no-cache"
        ],
        "Location": [
          "https://management.azure.com/subscriptions/f67cc918-f64f-4c3f-aa24-a855465f9d41/operationresults/eyJqb2JJZCI6IlJFU09VUkNFR1JPVVBERUxFVElPTkpPQi1QUzY4NzMtV0VTVFVTIiwiam9iTG9jYXRpb24iOiJ3ZXN0dXMifQ?api-version=2019-05-10"
        ],
        "Retry-After": [
          "0"
        ],
        "x-ms-ratelimit-remaining-subscription-deletes": [
          "14998"
        ],
        "x-ms-request-id": [
          "2d068595-40c3-49cf-ae48-6e752eb47784"
        ],
        "x-ms-correlation-request-id": [
          "2d068595-40c3-49cf-ae48-6e752eb47784"
        ],
        "x-ms-routing-request-id": [
          "WESTUS:20191202T224047Z:2d068595-40c3-49cf-ae48-6e752eb47784"
        ],
        "Strict-Transport-Security": [
          "max-age=31536000; includeSubDomains"
        ],
        "X-Content-Type-Options": [
          "nosniff"
        ],
        "Date": [
          "Mon, 02 Dec 2019 22:40:47 GMT"
        ],
        "Expires": [
          "-1"
        ],
        "Content-Length": [
          "0"
        ]
      },
      "ResponseBody": "",
      "StatusCode": 202
    },
    {
      "RequestUri": "/subscriptions/f67cc918-f64f-4c3f-aa24-a855465f9d41/operationresults/eyJqb2JJZCI6IlJFU09VUkNFR1JPVVBERUxFVElPTkpPQi1QUzY4NzMtV0VTVFVTIiwiam9iTG9jYXRpb24iOiJ3ZXN0dXMifQ?api-version=2019-05-10",
      "EncodedRequestUri": "L3N1YnNjcmlwdGlvbnMvZjY3Y2M5MTgtZjY0Zi00YzNmLWFhMjQtYTg1NTQ2NWY5ZDQxL29wZXJhdGlvbnJlc3VsdHMvZXlKcWIySkpaQ0k2SWxKRlUwOVZVa05GUjFKUFZWQkVSVXhGVkVsUFRrcFBRaTFRVXpZNE56TXRWMFZUVkZWVElpd2lhbTlpVEc5allYUnBiMjRpT2lKM1pYTjBkWE1pZlE/YXBpLXZlcnNpb249MjAxOS0wNS0xMA==",
      "RequestMethod": "GET",
      "RequestBody": "",
      "RequestHeaders": {
        "User-Agent": [
          "FxVersion/4.6.27817.03",
          "OSName/Windows",
          "OSVersion/Microsoft.Windows.10.0.18363.",
          "Microsoft.Azure.Management.ResourceManager.ResourceManagementClient/2.1.0.0"
        ]
      },
      "ResponseHeaders": {
        "Cache-Control": [
          "no-cache"
        ],
        "Pragma": [
          "no-cache"
        ],
        "Location": [
          "https://management.azure.com/subscriptions/f67cc918-f64f-4c3f-aa24-a855465f9d41/operationresults/eyJqb2JJZCI6IlJFU09VUkNFR1JPVVBERUxFVElPTkpPQi1QUzY4NzMtV0VTVFVTIiwiam9iTG9jYXRpb24iOiJ3ZXN0dXMifQ?api-version=2019-05-10"
        ],
        "Retry-After": [
          "0"
        ],
        "x-ms-ratelimit-remaining-subscription-reads": [
          "11988"
        ],
        "x-ms-request-id": [
          "9a45f277-86e3-4380-bc5b-ac577fc759fc"
        ],
        "x-ms-correlation-request-id": [
          "9a45f277-86e3-4380-bc5b-ac577fc759fc"
        ],
        "x-ms-routing-request-id": [
          "WESTUS:20191202T224102Z:9a45f277-86e3-4380-bc5b-ac577fc759fc"
        ],
        "Strict-Transport-Security": [
          "max-age=31536000; includeSubDomains"
        ],
        "X-Content-Type-Options": [
          "nosniff"
        ],
        "Date": [
          "Mon, 02 Dec 2019 22:41:02 GMT"
        ],
        "Expires": [
          "-1"
        ],
        "Content-Length": [
          "0"
        ]
      },
      "ResponseBody": "",
      "StatusCode": 202
    },
    {
      "RequestUri": "/subscriptions/f67cc918-f64f-4c3f-aa24-a855465f9d41/operationresults/eyJqb2JJZCI6IlJFU09VUkNFR1JPVVBERUxFVElPTkpPQi1QUzY4NzMtV0VTVFVTIiwiam9iTG9jYXRpb24iOiJ3ZXN0dXMifQ?api-version=2019-05-10",
      "EncodedRequestUri": "L3N1YnNjcmlwdGlvbnMvZjY3Y2M5MTgtZjY0Zi00YzNmLWFhMjQtYTg1NTQ2NWY5ZDQxL29wZXJhdGlvbnJlc3VsdHMvZXlKcWIySkpaQ0k2SWxKRlUwOVZVa05GUjFKUFZWQkVSVXhGVkVsUFRrcFBRaTFRVXpZNE56TXRWMFZUVkZWVElpd2lhbTlpVEc5allYUnBiMjRpT2lKM1pYTjBkWE1pZlE/YXBpLXZlcnNpb249MjAxOS0wNS0xMA==",
      "RequestMethod": "GET",
      "RequestBody": "",
      "RequestHeaders": {
        "User-Agent": [
          "FxVersion/4.6.27817.03",
          "OSName/Windows",
          "OSVersion/Microsoft.Windows.10.0.18363.",
          "Microsoft.Azure.Management.ResourceManager.ResourceManagementClient/2.1.0.0"
        ]
      },
      "ResponseHeaders": {
        "Cache-Control": [
          "no-cache"
        ],
        "Pragma": [
          "no-cache"
        ],
        "Location": [
          "https://management.azure.com/subscriptions/f67cc918-f64f-4c3f-aa24-a855465f9d41/operationresults/eyJqb2JJZCI6IlJFU09VUkNFR1JPVVBERUxFVElPTkpPQi1QUzY4NzMtV0VTVFVTIiwiam9iTG9jYXRpb24iOiJ3ZXN0dXMifQ?api-version=2019-05-10"
        ],
        "Retry-After": [
          "0"
        ],
        "x-ms-ratelimit-remaining-subscription-reads": [
          "11987"
        ],
        "x-ms-request-id": [
          "1b90bf55-b64d-4513-86e4-c5d33232f9ce"
        ],
        "x-ms-correlation-request-id": [
          "1b90bf55-b64d-4513-86e4-c5d33232f9ce"
        ],
        "x-ms-routing-request-id": [
          "WESTUS:20191202T224117Z:1b90bf55-b64d-4513-86e4-c5d33232f9ce"
        ],
        "Strict-Transport-Security": [
          "max-age=31536000; includeSubDomains"
        ],
        "X-Content-Type-Options": [
          "nosniff"
        ],
        "Date": [
          "Mon, 02 Dec 2019 22:41:17 GMT"
        ],
        "Expires": [
          "-1"
        ],
        "Content-Length": [
          "0"
        ]
      },
      "ResponseBody": "",
      "StatusCode": 202
    },
    {
      "RequestUri": "/subscriptions/f67cc918-f64f-4c3f-aa24-a855465f9d41/operationresults/eyJqb2JJZCI6IlJFU09VUkNFR1JPVVBERUxFVElPTkpPQi1QUzY4NzMtV0VTVFVTIiwiam9iTG9jYXRpb24iOiJ3ZXN0dXMifQ?api-version=2019-05-10",
      "EncodedRequestUri": "L3N1YnNjcmlwdGlvbnMvZjY3Y2M5MTgtZjY0Zi00YzNmLWFhMjQtYTg1NTQ2NWY5ZDQxL29wZXJhdGlvbnJlc3VsdHMvZXlKcWIySkpaQ0k2SWxKRlUwOVZVa05GUjFKUFZWQkVSVXhGVkVsUFRrcFBRaTFRVXpZNE56TXRWMFZUVkZWVElpd2lhbTlpVEc5allYUnBiMjRpT2lKM1pYTjBkWE1pZlE/YXBpLXZlcnNpb249MjAxOS0wNS0xMA==",
      "RequestMethod": "GET",
      "RequestBody": "",
      "RequestHeaders": {
        "User-Agent": [
          "FxVersion/4.6.27817.03",
          "OSName/Windows",
          "OSVersion/Microsoft.Windows.10.0.18363.",
          "Microsoft.Azure.Management.ResourceManager.ResourceManagementClient/2.1.0.0"
        ]
      },
      "ResponseHeaders": {
        "Cache-Control": [
          "no-cache"
        ],
        "Pragma": [
          "no-cache"
        ],
        "Location": [
          "https://management.azure.com/subscriptions/f67cc918-f64f-4c3f-aa24-a855465f9d41/operationresults/eyJqb2JJZCI6IlJFU09VUkNFR1JPVVBERUxFVElPTkpPQi1QUzY4NzMtV0VTVFVTIiwiam9iTG9jYXRpb24iOiJ3ZXN0dXMifQ?api-version=2019-05-10"
        ],
        "Retry-After": [
          "0"
        ],
        "x-ms-ratelimit-remaining-subscription-reads": [
          "11986"
        ],
        "x-ms-request-id": [
          "855eaea9-8405-4bb7-aa7a-6d845cf7bc46"
        ],
        "x-ms-correlation-request-id": [
          "855eaea9-8405-4bb7-aa7a-6d845cf7bc46"
        ],
        "x-ms-routing-request-id": [
          "WESTUS:20191202T224133Z:855eaea9-8405-4bb7-aa7a-6d845cf7bc46"
        ],
        "Strict-Transport-Security": [
          "max-age=31536000; includeSubDomains"
        ],
        "X-Content-Type-Options": [
          "nosniff"
        ],
        "Date": [
          "Mon, 02 Dec 2019 22:41:32 GMT"
        ],
        "Expires": [
          "-1"
        ],
        "Content-Length": [
          "0"
        ]
      },
      "ResponseBody": "",
      "StatusCode": 202
    },
    {
      "RequestUri": "/subscriptions/f67cc918-f64f-4c3f-aa24-a855465f9d41/operationresults/eyJqb2JJZCI6IlJFU09VUkNFR1JPVVBERUxFVElPTkpPQi1QUzY4NzMtV0VTVFVTIiwiam9iTG9jYXRpb24iOiJ3ZXN0dXMifQ?api-version=2019-05-10",
      "EncodedRequestUri": "L3N1YnNjcmlwdGlvbnMvZjY3Y2M5MTgtZjY0Zi00YzNmLWFhMjQtYTg1NTQ2NWY5ZDQxL29wZXJhdGlvbnJlc3VsdHMvZXlKcWIySkpaQ0k2SWxKRlUwOVZVa05GUjFKUFZWQkVSVXhGVkVsUFRrcFBRaTFRVXpZNE56TXRWMFZUVkZWVElpd2lhbTlpVEc5allYUnBiMjRpT2lKM1pYTjBkWE1pZlE/YXBpLXZlcnNpb249MjAxOS0wNS0xMA==",
      "RequestMethod": "GET",
      "RequestBody": "",
      "RequestHeaders": {
        "User-Agent": [
          "FxVersion/4.6.27817.03",
          "OSName/Windows",
          "OSVersion/Microsoft.Windows.10.0.18363.",
          "Microsoft.Azure.Management.ResourceManager.ResourceManagementClient/2.1.0.0"
        ]
      },
      "ResponseHeaders": {
        "Cache-Control": [
          "no-cache"
        ],
        "Pragma": [
          "no-cache"
        ],
        "x-ms-ratelimit-remaining-subscription-reads": [
          "11985"
        ],
        "x-ms-request-id": [
          "dd203ad2-afd0-4718-92e4-f50813ee7391"
        ],
        "x-ms-correlation-request-id": [
          "dd203ad2-afd0-4718-92e4-f50813ee7391"
        ],
        "x-ms-routing-request-id": [
          "WESTUS:20191202T224148Z:dd203ad2-afd0-4718-92e4-f50813ee7391"
        ],
        "Strict-Transport-Security": [
          "max-age=31536000; includeSubDomains"
        ],
        "X-Content-Type-Options": [
          "nosniff"
        ],
        "Date": [
          "Mon, 02 Dec 2019 22:41:47 GMT"
        ],
        "Expires": [
          "-1"
        ],
        "Content-Length": [
          "0"
        ],
        "Retry-After": [
          "0"
        ]
      },
      "ResponseBody": "",
      "StatusCode": 200
    },
    {
      "RequestUri": "/subscriptions/f67cc918-f64f-4c3f-aa24-a855465f9d41/operationresults/eyJqb2JJZCI6IlJFU09VUkNFR1JPVVBERUxFVElPTkpPQi1QUzY4NzMtV0VTVFVTIiwiam9iTG9jYXRpb24iOiJ3ZXN0dXMifQ?api-version=2019-05-10",
      "EncodedRequestUri": "L3N1YnNjcmlwdGlvbnMvZjY3Y2M5MTgtZjY0Zi00YzNmLWFhMjQtYTg1NTQ2NWY5ZDQxL29wZXJhdGlvbnJlc3VsdHMvZXlKcWIySkpaQ0k2SWxKRlUwOVZVa05GUjFKUFZWQkVSVXhGVkVsUFRrcFBRaTFRVXpZNE56TXRWMFZUVkZWVElpd2lhbTlpVEc5allYUnBiMjRpT2lKM1pYTjBkWE1pZlE/YXBpLXZlcnNpb249MjAxOS0wNS0xMA==",
      "RequestMethod": "GET",
      "RequestBody": "",
      "RequestHeaders": {
        "User-Agent": [
          "FxVersion/4.6.27817.03",
          "OSName/Windows",
          "OSVersion/Microsoft.Windows.10.0.18363.",
          "Microsoft.Azure.Management.ResourceManager.ResourceManagementClient/2.1.0.0"
        ]
      },
      "ResponseHeaders": {
        "Cache-Control": [
          "no-cache"
        ],
        "Pragma": [
          "no-cache"
        ],
        "x-ms-ratelimit-remaining-subscription-reads": [
          "11984"
        ],
        "x-ms-request-id": [
          "1ee37ac1-9464-4cf5-9a17-2944efd1acf8"
        ],
        "x-ms-correlation-request-id": [
          "1ee37ac1-9464-4cf5-9a17-2944efd1acf8"
        ],
        "x-ms-routing-request-id": [
          "WESTUS:20191202T224148Z:1ee37ac1-9464-4cf5-9a17-2944efd1acf8"
        ],
        "Strict-Transport-Security": [
          "max-age=31536000; includeSubDomains"
        ],
        "X-Content-Type-Options": [
          "nosniff"
        ],
        "Date": [
          "Mon, 02 Dec 2019 22:41:47 GMT"
        ],
        "Expires": [
          "-1"
        ],
        "Content-Length": [
          "0"
        ],
        "Retry-After": [
          "0"
        ]
      },
      "ResponseBody": "",
      "StatusCode": 200
    }
  ],
  "Names": {
    "Test-PolicyAssignmentWithParameters": [
      "ps6873",
      "ps6257"
    ]
  },
  "Variables": {
    "SubscriptionId": "f67cc918-f64f-4c3f-aa24-a855465f9d41"
  }
}