{
  "Entries": [
    {
      "RequestUri": "/Subscriptions/2c2f67af-09f9-4d60-b051-c5d956d2c9a7/providers/Microsoft.Authorization/policyassignments?$filter=atScope()&api-version=2021-06-01",
      "EncodedRequestUri": "L1N1YnNjcmlwdGlvbnMvMmMyZjY3YWYtMDlmOS00ZDYwLWIwNTEtYzVkOTU2ZDJjOWE3L3Byb3ZpZGVycy9NaWNyb3NvZnQuQXV0aG9yaXphdGlvbi9wb2xpY3lhc3NpZ25tZW50cz8kZmlsdGVyPWF0U2NvcGUoKSZhcGktdmVyc2lvbj0yMDIxLTA2LTAx",
      "RequestMethod": "GET",
      "RequestBody": "",
      "RequestHeaders": {
        "User-Agent": [
          "AzurePowershell/v0.0.0",
          "PSVersion/v3.0.0.0",
          "Az.Resources/4.4.1"
        ],
        "ParameterSetName": [
          "DefaultParameterSet"
        ],
        "CommandName": [
          "Get-AzPolicyAssignment"
        ]
      },
      "ResponseHeaders": {
        "Cache-Control": [
          "no-cache"
        ],
        "Pragma": [
          "no-cache"
        ],
        "Strict-Transport-Security": [
          "max-age=31536000; includeSubDomains"
        ],
        "Server": [
          "Kestrel"
        ],
        "x-ms-ratelimit-remaining-subscription-reads": [
          "11999"
        ],
        "x-ms-request-id": [
          "8040addb-ff52-4f1b-b2b4-c9ca783dfa81"
        ],
        "x-ms-correlation-request-id": [
          "8040addb-ff52-4f1b-b2b4-c9ca783dfa81"
        ],
        "x-ms-routing-request-id": [
          "CANADACENTRAL:20211118T231901Z:8040addb-ff52-4f1b-b2b4-c9ca783dfa81"
        ],
        "X-Content-Type-Options": [
          "nosniff"
        ],
        "Date": [
          "Thu, 18 Nov 2021 23:19:00 GMT"
        ],
        "Content-Length": [
          "18307"
        ],
        "Content-Type": [
          "application/json; charset=utf-8"
        ],
        "Expires": [
          "-1"
        ],
        "Retry-After": [
          "0"
        ]
      },
      "ResponseBody": "{\r\n  \"value\": [\r\n    {\r\n      \"properties\": {\r\n        \"displayName\": \"CSEO Block WVD resource creation\",\r\n        \"policyDefinitionId\": \"/providers/Microsoft.Management/managementGroups/72f988bf-86f1-41af-91ab-2d7cd011db47/providers/Microsoft.Authorization/policyDefinitions/Deny WVD creation\",\r\n        \"scope\": \"/providers/Microsoft.Management/managementGroups/72f988bf-86f1-41af-91ab-2d7cd011db47\",\r\n        \"notScopes\": [\r\n          \"/providers/Microsoft.Management/managementGroups/MSFT-DSRE-ISO-IAM\",\r\n          \"/providers/Microsoft.Management/managementGroups/9ce3369a-545b-cfba-c329-3631400b552f\",\r\n          \"/providers/Microsoft.Management/managementGroups/WVDSelfhost\",\r\n          \"/subscriptions/3ae2e9a4-54bd-459f-8211-6f920ecd52c4\",\r\n          \"/providers/Microsoft.Management/managementGroups/595d008b-0e4c-41f8-af09-254420fd7571\",\r\n          \"/providers/Microsoft.Management/managementGroups/CloudPCMSFTSubscriptions\",\r\n          \"/providers/Microsoft.Management/managementGroups/64cd7b97-58e0-44d3-832b-55657739bde3\"\r\n        ],\r\n        \"description\": \"IAMAADENG@microsoft.com\",\r\n        \"metadata\": {\r\n          \"createdBy\": \"7f1579a6-c648-43a1-ac1e-0c3020dd9b8e\",\r\n          \"createdOn\": \"2020-11-17T19:41:36.3082667Z\",\r\n          \"updatedBy\": \"7f1579a6-c648-43a1-ac1e-0c3020dd9b8e\",\r\n          \"updatedOn\": \"2021-03-03T20:26:00.9826574Z\"\r\n        },\r\n        \"enforcementMode\": \"Default\"\r\n      },\r\n      \"id\": \"/providers/Microsoft.Management/managementGroups/72f988bf-86f1-41af-91ab-2d7cd011db47/providers/Microsoft.Authorization/policyAssignments/Block WVD creation\",\r\n      \"type\": \"Microsoft.Authorization/policyAssignments\",\r\n      \"name\": \"Block WVD creation\"\r\n    },\r\n    {\r\n      \"identity\": {\r\n        \"principalId\": \"cfddff48-22d7-4c47-b55c-f81ba70354ef\",\r\n        \"tenantId\": \"72f988bf-86f1-41af-91ab-2d7cd011db47\",\r\n        \"type\": \"SystemAssigned\"\r\n      },\r\n      \"properties\": {\r\n        \"displayName\": \"SDK tests DINE policy (MG level)\",\r\n        \"policyDefinitionId\": \"/providers/Microsoft.Management/managementGroups/AzGovPerfTest/providers/Microsoft.Authorization/policyDefinitions/ef2ae106-ed51-4569-9a8b-0a15135d87d2\",\r\n        \"scope\": \"/providers/Microsoft.Management/managementGroups/AzGovPerfTest\",\r\n        \"notScopes\": [],\r\n        \"parameters\": {},\r\n        \"description\": \"\",\r\n        \"metadata\": {\r\n          \"assignedBy\": \"Elad Perets\",\r\n          \"parameterScopes\": {},\r\n          \"createdBy\": \"5e3ea7e8-c6f8-4026-a517-53a24fc529ab\",\r\n          \"createdOn\": \"2021-11-02T22:22:32.821993Z\",\r\n          \"updatedBy\": \"5e3ea7e8-c6f8-4026-a517-53a24fc529ab\",\r\n          \"updatedOn\": \"2021-11-10T21:58:05.4104243Z\"\r\n        },\r\n        \"enforcementMode\": \"DoNotEnforce\",\r\n        \"nonComplianceMessages\": []\r\n      },\r\n      \"id\": \"/providers/Microsoft.Management/managementGroups/AzGovPerfTest/providers/Microsoft.Authorization/policyAssignments/19ec14e57445484fb8555646\",\r\n      \"type\": \"Microsoft.Authorization/policyAssignments\",\r\n      \"name\": \"19ec14e57445484fb8555646\",\r\n      \"location\": \"eastus\",\r\n      \"systemData\": {\r\n        \"createdBy\": \"elpere@microsoft.com\",\r\n        \"createdByType\": \"User\",\r\n        \"createdAt\": \"2021-11-02T22:22:31.7845654Z\",\r\n        \"lastModifiedBy\": \"elpere@microsoft.com\",\r\n        \"lastModifiedByType\": \"User\",\r\n        \"lastModifiedAt\": \"2021-11-10T21:58:05.2159227Z\"\r\n      }\r\n    },\r\n    {\r\n      \"properties\": {\r\n        \"displayName\": \"Manual Policy Initiative\",\r\n        \"policyDefinitionId\": \"/providers/Microsoft.Management/managementGroups/AzGovPerfTest/providers/Microsoft.Authorization/policySetDefinitions/648898cb915947e68e67f582\",\r\n        \"scope\": \"/providers/Microsoft.Management/managementGroups/AzGovPerfTest\",\r\n        \"notScopes\": [],\r\n        \"parameters\": {},\r\n        \"description\": \"\",\r\n        \"metadata\": {\r\n          \"assignedBy\": \"Chris Eggert\",\r\n          \"parameterScopes\": {},\r\n          \"createdBy\": \"36e2f355-d2e2-4fbc-88ab-4281639dff94\",\r\n          \"createdOn\": \"2021-01-20T20:53:12.4535246Z\",\r\n          \"updatedBy\": \"36e2f355-d2e2-4fbc-88ab-4281639dff94\",\r\n          \"updatedOn\": \"2021-01-21T19:02:48.9589454Z\"\r\n        },\r\n        \"enforcementMode\": \"Default\",\r\n        \"nonComplianceMessages\": [\r\n          {\r\n            \"policyDefinitionReferenceId\": \"Subscription Manual Policy (parameterized effect)_1\",\r\n            \"message\": \"These subscriptions have been manually set to non-compliant\"\r\n          },\r\n          {\r\n            \"policyDefinitionReferenceId\": \"Subscription Manual Policy (parameterized default)_1\",\r\n            \"message\": \"These subscriptions have been manually set to non-compliant\"\r\n          }\r\n        ]\r\n      },\r\n      \"id\": \"/providers/Microsoft.Management/managementGroups/AzGovPerfTest/providers/Microsoft.Authorization/policyAssignments/4347209461a74f558795177c\",\r\n      \"type\": \"Microsoft.Authorization/policyAssignments\",\r\n      \"name\": \"4347209461a74f558795177c\"\r\n    },\r\n    {\r\n      \"properties\": {\r\n        \"displayName\": \"Subscription Manual Policy (parameterized effect)\",\r\n        \"policyDefinitionId\": \"/providers/Microsoft.Management/managementGroups/AzGovPerfTest/providers/Microsoft.Authorization/policyDefinitions/7f8c3bdf-74b5-4796-a396-4a71a14faf94\",\r\n        \"scope\": \"/providers/Microsoft.Management/managementGroups/AzGovPerfTest\",\r\n        \"notScopes\": [],\r\n        \"parameters\": {\r\n          \"effect\": {\r\n            \"value\": \"manual\"\r\n          }\r\n        },\r\n        \"metadata\": {\r\n          \"assignedBy\": \"Chris Eggert\",\r\n          \"parameterScopes\": {},\r\n          \"createdBy\": \"36e2f355-d2e2-4fbc-88ab-4281639dff94\",\r\n          \"createdOn\": \"2021-01-20T20:53:47.6246297Z\",\r\n          \"updatedBy\": null,\r\n          \"updatedOn\": null\r\n        },\r\n        \"enforcementMode\": \"Default\"\r\n      },\r\n      \"id\": \"/providers/Microsoft.Management/managementGroups/AzGovPerfTest/providers/Microsoft.Authorization/policyAssignments/6b90de548ea0486e925fcbad\",\r\n      \"type\": \"Microsoft.Authorization/policyAssignments\",\r\n      \"name\": \"6b90de548ea0486e925fcbad\"\r\n    },\r\n    {\r\n      \"properties\": {\r\n        \"displayName\": \"Subscription Manual Policy (parameterized default)\",\r\n        \"policyDefinitionId\": \"/providers/Microsoft.Management/managementGroups/AzGovPerfTest/providers/Microsoft.Authorization/policyDefinitions/7f8c3bdf-74b5-4796-a396-4a71a14faf8a\",\r\n        \"scope\": \"/providers/Microsoft.Management/managementGroups/AzGovPerfTest\",\r\n        \"notScopes\": [],\r\n        \"parameters\": {\r\n          \"defaultState\": {\r\n            \"value\": \"NonCompliant\"\r\n          }\r\n        },\r\n        \"metadata\": {\r\n          \"assignedBy\": \"Chris Eggert\",\r\n          \"parameterScopes\": {},\r\n          \"createdBy\": \"36e2f355-d2e2-4fbc-88ab-4281639dff94\",\r\n          \"createdOn\": \"2021-01-20T20:53:36.5851095Z\",\r\n          \"updatedBy\": null,\r\n          \"updatedOn\": null\r\n        },\r\n        \"enforcementMode\": \"Default\"\r\n      },\r\n      \"id\": \"/providers/Microsoft.Management/managementGroups/AzGovPerfTest/providers/Microsoft.Authorization/policyAssignments/75aacc60963a4146a2e87f3e\",\r\n      \"type\": \"Microsoft.Authorization/policyAssignments\",\r\n      \"name\": \"75aacc60963a4146a2e87f3e\"\r\n    },\r\n    {\r\n      \"properties\": {\r\n        \"displayName\": \"Multi-type Manual Policy (parameterized effect)\",\r\n        \"policyDefinitionId\": \"/providers/Microsoft.Management/managementGroups/AzGovPerfTest/providers/Microsoft.Authorization/policyDefinitions/d4094db5-f5c0-45d4-8540-67f60ba1b923\",\r\n        \"scope\": \"/providers/Microsoft.Management/managementGroups/AzGovPerfTest\",\r\n        \"notScopes\": [],\r\n        \"parameters\": {\r\n          \"effect\": {\r\n            \"value\": \"manual\"\r\n          }\r\n        },\r\n        \"metadata\": {\r\n          \"assignedBy\": \"Chris Eggert\",\r\n          \"parameterScopes\": {},\r\n          \"createdBy\": \"36e2f355-d2e2-4fbc-88ab-4281639dff94\",\r\n          \"createdOn\": \"2021-01-20T20:53:58.1343344Z\",\r\n          \"updatedBy\": null,\r\n          \"updatedOn\": null\r\n        },\r\n        \"enforcementMode\": \"Default\"\r\n      },\r\n      \"id\": \"/providers/Microsoft.Management/managementGroups/AzGovPerfTest/providers/Microsoft.Authorization/policyAssignments/92216833e0dd4e1793da2eb7\",\r\n      \"type\": \"Microsoft.Authorization/policyAssignments\",\r\n      \"name\": \"92216833e0dd4e1793da2eb7\"\r\n    },\r\n    {\r\n      \"identity\": {\r\n        \"principalId\": \"ce1d9a10-d84d-472f-8535-7db0fee761a0\",\r\n        \"tenantId\": \"72f988bf-86f1-41af-91ab-2d7cd011db47\",\r\n        \"type\": \"SystemAssigned\"\r\n      },\r\n      \"properties\": {\r\n        \"displayName\": \"Add time tag to subscriptions\",\r\n        \"policyDefinitionId\": \"/providers/Microsoft.Management/managementGroups/AzGovPerfTest/providers/Microsoft.Authorization/policyDefinitions/7637bcff-f8f5-4077-924a-287ae88f7299\",\r\n        \"scope\": \"/providers/Microsoft.Management/managementGroups/AzGovPerfTest\",\r\n        \"notScopes\": [],\r\n        \"parameters\": {},\r\n        \"description\": \"\",\r\n        \"metadata\": {\r\n          \"assignedBy\": \"Chris Eggert\",\r\n          \"parameterScopes\": {},\r\n          \"createdBy\": \"36e2f355-d2e2-4fbc-88ab-4281639dff94\",\r\n          \"createdOn\": \"2021-02-08T19:35:58.108131Z\",\r\n          \"updatedBy\": \"36e2f355-d2e2-4fbc-88ab-4281639dff94\",\r\n          \"updatedOn\": \"2021-02-16T20:32:03.7379054Z\"\r\n        },\r\n        \"enforcementMode\": \"Default\",\r\n        \"nonComplianceMessages\": [\r\n          {\r\n            \"message\": \"The subscription did not have a time tag\"\r\n          }\r\n        ]\r\n      },\r\n      \"id\": \"/providers/Microsoft.Management/managementGroups/AzGovPerfTest/providers/Microsoft.Authorization/policyAssignments/abd7b3be02774ce0b2e15d76\",\r\n      \"type\": \"Microsoft.Authorization/policyAssignments\",\r\n      \"name\": \"abd7b3be02774ce0b2e15d76\",\r\n      \"location\": \"eastus\"\r\n    },\r\n    {\r\n      \"properties\": {\r\n        \"displayName\": \"Subscription Manual Policy (unknown default)\",\r\n        \"policyDefinitionId\": \"/providers/Microsoft.Management/managementGroups/AzGovPerfTest/providers/Microsoft.Authorization/policyDefinitions/7f8c3bdf-74b5-4796-a396-4a71a14fa603\",\r\n        \"scope\": \"/providers/Microsoft.Management/managementGroups/AzGovPerfTest\",\r\n        \"notScopes\": [],\r\n        \"parameters\": {},\r\n        \"metadata\": {\r\n          \"assignedBy\": \"Chris Eggert\",\r\n          \"parameterScopes\": {},\r\n          \"createdBy\": \"36e2f355-d2e2-4fbc-88ab-4281639dff94\",\r\n          \"createdOn\": \"2021-01-20T20:53:26.2531867Z\",\r\n          \"updatedBy\": null,\r\n          \"updatedOn\": null\r\n        },\r\n        \"enforcementMode\": \"Default\"\r\n      },\r\n      \"id\": \"/providers/Microsoft.Management/managementGroups/AzGovPerfTest/providers/Microsoft.Authorization/policyAssignments/c210fc4598ea42358daa72d0\",\r\n      \"type\": \"Microsoft.Authorization/policyAssignments\",\r\n      \"name\": \"c210fc4598ea42358daa72d0\"\r\n    },\r\n    {\r\n      \"identity\": {\r\n        \"principalId\": \"4977cd5b-1262-46b5-a5f2-0b4ebba35242\",\r\n        \"tenantId\": \"72f988bf-86f1-41af-91ab-2d7cd011db47\",\r\n        \"type\": \"SystemAssigned\"\r\n      },\r\n      \"properties\": {\r\n        \"displayName\": \"Create subscription greenfield resource group (cheggert)\",\r\n        \"policyDefinitionId\": \"/providers/Microsoft.Management/managementGroups/AzGovPerfTest/providers/Microsoft.Authorization/policyDefinitions/64f8fdd9-7ea8-48ba-938d-fec37063b311\",\r\n        \"scope\": \"/providers/Microsoft.Management/managementGroups/AzGovPerfTest\",\r\n        \"notScopes\": [],\r\n        \"parameters\": {},\r\n        \"metadata\": {\r\n          \"assignedBy\": \"Chris Eggert\",\r\n          \"parameterScopes\": {},\r\n          \"createdBy\": \"36e2f355-d2e2-4fbc-88ab-4281639dff94\",\r\n          \"createdOn\": \"2021-02-08T19:47:59.5901431Z\",\r\n          \"updatedBy\": null,\r\n          \"updatedOn\": null\r\n        },\r\n        \"enforcementMode\": \"Default\",\r\n        \"nonComplianceMessages\": [\r\n          {\r\n            \"message\": \"The resource group did not exist\"\r\n          }\r\n        ]\r\n      },\r\n      \"id\": \"/providers/Microsoft.Management/managementGroups/AzGovPerfTest/providers/Microsoft.Authorization/policyAssignments/d1d1cbed1ed14901b4c6b81c\",\r\n      \"type\": \"Microsoft.Authorization/policyAssignments\",\r\n      \"name\": \"d1d1cbed1ed14901b4c6b81c\",\r\n      \"location\": \"eastus2\"\r\n    },\r\n    {\r\n      \"identity\": {\r\n        \"principalId\": \"067c1aa0-c425-4ad5-80fe-41d4639b1d42\",\r\n        \"tenantId\": \"72f988bf-86f1-41af-91ab-2d7cd011db47\",\r\n        \"type\": \"SystemAssigned\"\r\n      },\r\n      \"properties\": {\r\n        \"displayName\": \"Empty deployment on each KeyVault resource (MG)\",\r\n        \"policyDefinitionId\": \"/providers/Microsoft.Management/managementGroups/AzGovPerfTest/providers/Microsoft.Authorization/policyDefinitions/78a38c70-5549-49bd-8a16-fe3619e5d2cf\",\r\n        \"scope\": \"/providers/Microsoft.Management/managementGroups/AzGovPerfTest\",\r\n        \"notScopes\": [],\r\n        \"parameters\": {},\r\n        \"description\": \"Deploys an empty deployment (with one output) on each KeyVault vault.  Used for some PolicyInsights SDK tests.\",\r\n        \"metadata\": {\r\n          \"assignedBy\": \"Chris Eggert\",\r\n          \"parameterScopes\": {},\r\n          \"createdBy\": \"36e2f355-d2e2-4fbc-88ab-4281639dff94\",\r\n          \"createdOn\": \"2019-11-21T17:44:17.3643721Z\",\r\n          \"updatedBy\": \"36e2f355-d2e2-4fbc-88ab-4281639dff94\",\r\n          \"updatedOn\": \"2020-09-04T17:44:00.7898442Z\"\r\n        },\r\n        \"enforcementMode\": \"DoNotEnforce\"\r\n      },\r\n      \"id\": \"/providers/Microsoft.Management/managementGroups/AzGovPerfTest/providers/Microsoft.Authorization/policyAssignments/d80d743b97874fd3bfd1d539\",\r\n      \"type\": \"Microsoft.Authorization/policyAssignments\",\r\n      \"name\": \"d80d743b97874fd3bfd1d539\",\r\n      \"location\": \"eastus\"\r\n    },\r\n    {\r\n      \"properties\": {\r\n        \"displayName\": \"Audit tag at MG\",\r\n        \"policyDefinitionId\": \"/providers/Microsoft.Management/managementGroups/AzGovPerfTest/providers/Microsoft.Authorization/policyDefinitions/03ae6c12-b46a-43f1-9f3d-c20620473106\",\r\n        \"scope\": \"/providers/Microsoft.Management/managementGroups/AzGovPerfTest\",\r\n        \"notScopes\": [\r\n          \"/subscriptions/086aecf4-23d6-4dfd-99a8-a5c6299f0322\"\r\n        ],\r\n        \"parameters\": {},\r\n        \"metadata\": {\r\n          \"assignedBy\": \"Chris Eggert\",\r\n          \"parameterScopes\": {},\r\n          \"createdBy\": \"327c26bf-bf3e-4128-9b75-fbbd99e98739\",\r\n          \"createdOn\": \"2019-09-19T21:02:48.2629834Z\",\r\n          \"updatedBy\": \"36e2f355-d2e2-4fbc-88ab-4281639dff94\",\r\n          \"updatedOn\": \"2019-10-01T17:50:28.4254014Z\"\r\n        },\r\n        \"enforcementMode\": \"Default\"\r\n      },\r\n      \"id\": \"/providers/Microsoft.Management/managementGroups/AzGovPerfTest/providers/Microsoft.Authorization/policyAssignments/ef26e8bbc3da423ebf7fcb80\",\r\n      \"type\": \"Microsoft.Authorization/policyAssignments\",\r\n      \"name\": \"ef26e8bbc3da423ebf7fcb80\"\r\n    },\r\n    {\r\n      \"properties\": {\r\n        \"displayName\": \"[Preview]: Azure Arc enabled Kubernetes clusters should have Azure Defender's extension installed\",\r\n        \"policyDefinitionId\": \"/providers/Microsoft.Authorization/policyDefinitions/8dfab9c4-fe7b-49ad-85e4-1e9be085358f\",\r\n        \"scope\": \"/subscriptions/2c2f67af-09f9-4d60-b051-c5d956d2c9a7\",\r\n        \"notScopes\": [],\r\n        \"parameters\": {},\r\n        \"metadata\": {\r\n          \"assignedBy\": \"Neha Kulkarni\",\r\n          \"parameterScopes\": {},\r\n          \"createdBy\": \"ad4771f6-2838-4f61-af6d-eb7c3a3820df\",\r\n          \"createdOn\": \"2021-09-23T04:51:13.8621714Z\",\r\n          \"updatedBy\": null,\r\n          \"updatedOn\": null\r\n        },\r\n        \"enforcementMode\": \"Default\",\r\n        \"nonComplianceMessages\": []\r\n      },\r\n      \"id\": \"/subscriptions/2c2f67af-09f9-4d60-b051-c5d956d2c9a7/providers/Microsoft.Authorization/policyAssignments/1fff9a4ea8994b4cbcc13ec5\",\r\n      \"type\": \"Microsoft.Authorization/policyAssignments\",\r\n      \"name\": \"1fff9a4ea8994b4cbcc13ec5\",\r\n      \"systemData\": {\r\n        \"createdBy\": \"nehakulkarni@microsoft.com\",\r\n        \"createdByType\": \"User\",\r\n        \"createdAt\": \"2021-09-23T04:51:13.8115698Z\",\r\n        \"lastModifiedBy\": \"nehakulkarni@microsoft.com\",\r\n        \"lastModifiedByType\": \"User\",\r\n        \"lastModifiedAt\": \"2021-09-23T04:51:13.8115698Z\"\r\n      }\r\n    },\r\n    {\r\n      \"properties\": {\r\n        \"displayName\": \"Kubernetes cluster pod security restricted standards for Linux-based workloads\",\r\n        \"policyDefinitionId\": \"/providers/Microsoft.Authorization/policySetDefinitions/42b8ef37-b724-4e24-bbc8-7a7708edfe00\",\r\n        \"scope\": \"/subscriptions/2c2f67af-09f9-4d60-b051-c5d956d2c9a7\",\r\n        \"notScopes\": [],\r\n        \"parameters\": {},\r\n        \"metadata\": {\r\n          \"assignedBy\": \"Neha Kulkarni\",\r\n          \"parameterScopes\": {},\r\n          \"createdBy\": \"ad4771f6-2838-4f61-af6d-eb7c3a3820df\",\r\n          \"createdOn\": \"2021-09-23T04:43:43.0307553Z\",\r\n          \"updatedBy\": null,\r\n          \"updatedOn\": null\r\n        },\r\n        \"enforcementMode\": \"Default\",\r\n        \"nonComplianceMessages\": []\r\n      },\r\n      \"id\": \"/subscriptions/2c2f67af-09f9-4d60-b051-c5d956d2c9a7/providers/Microsoft.Authorization/policyAssignments/31cb3428cbdc4709af2b1c53\",\r\n      \"type\": \"Microsoft.Authorization/policyAssignments\",\r\n      \"name\": \"31cb3428cbdc4709af2b1c53\",\r\n      \"systemData\": {\r\n        \"createdBy\": \"nehakulkarni@microsoft.com\",\r\n        \"createdByType\": \"User\",\r\n        \"createdAt\": \"2021-09-23T04:43:42.9137696Z\",\r\n        \"lastModifiedBy\": \"nehakulkarni@microsoft.com\",\r\n        \"lastModifiedByType\": \"User\",\r\n        \"lastModifiedAt\": \"2021-09-23T04:43:42.9137696Z\"\r\n      }\r\n    },\r\n    {\r\n      \"properties\": {\r\n        \"displayName\": \"ySbGFtL8vF2vVWkd1-OGFA\",\r\n        \"policyDefinitionId\": \"/subscriptions/2c2f67af-09f9-4d60-b051-c5d956d2c9a7/providers/Microsoft.Authorization/policyDefinitions/7c7140f1-cafd-4835-95ba-687efbe096a5\",\r\n        \"scope\": \"/subscriptions/2c2f67af-09f9-4d60-b051-c5d956d2c9a7\",\r\n        \"notScopes\": [],\r\n        \"parameters\": {\r\n          \"allowedLocations\": {\r\n            \"value\": [\r\n              \"asia\"\r\n            ]\r\n          }\r\n        },\r\n        \"metadata\": {\r\n          \"assignedBy\": \"Neha Kulkarni\",\r\n          \"parameterScopes\": {\r\n            \"allowedLocations\": \"/subscriptions/2c2f67af-09f9-4d60-b051-c5d956d2c9a7\"\r\n          },\r\n          \"createdBy\": \"ad4771f6-2838-4f61-af6d-eb7c3a3820df\",\r\n          \"createdOn\": \"2021-10-20T22:19:36.8454102Z\",\r\n          \"updatedBy\": null,\r\n          \"updatedOn\": null\r\n        },\r\n        \"enforcementMode\": \"DoNotEnforce\",\r\n        \"nonComplianceMessages\": []\r\n      },\r\n      \"id\": \"/subscriptions/2c2f67af-09f9-4d60-b051-c5d956d2c9a7/providers/Microsoft.Authorization/policyAssignments/eae0fc4a316045aea3910bf8\",\r\n      \"type\": \"Microsoft.Authorization/policyAssignments\",\r\n      \"name\": \"eae0fc4a316045aea3910bf8\",\r\n      \"systemData\": {\r\n        \"createdBy\": \"nehakulkarni@microsoft.com\",\r\n        \"createdByType\": \"User\",\r\n        \"createdAt\": \"2021-10-20T22:19:36.8168554Z\",\r\n        \"lastModifiedBy\": \"nehakulkarni@microsoft.com\",\r\n        \"lastModifiedByType\": \"User\",\r\n        \"lastModifiedAt\": \"2021-10-20T22:19:36.8168554Z\"\r\n      }\r\n    },\r\n    {\r\n      \"properties\": {\r\n        \"policyDefinitionId\": \"/subscriptions/2c2f67af-09f9-4d60-b051-c5d956d2c9a7/providers/Microsoft.Authorization/policySetDefinitions/7WFm23WTiF7d_I7x0eBqwg\",\r\n        \"scope\": \"/subscriptions/2c2f67af-09f9-4d60-b051-c5d956d2c9a7\",\r\n        \"parameters\": {\r\n          \"version_0_SecurityAdmin\": {\r\n            \"value\": {\r\n              \"commit_properties\": {\r\n                \"locations\": [\r\n                  \"eastus\"\r\n                ],\r\n                \"type\": \"SecurityAdmin\"\r\n              }\r\n            }\r\n          },\r\n          \"version_0_Connectivity\": {\r\n            \"value\": {\r\n              \"commit_properties\": {\r\n                \"locations\": [\r\n                  \"eastus\"\r\n                ],\r\n                \"type\": \"Connectivity\"\r\n              }\r\n            }\r\n          }\r\n        },\r\n        \"metadata\": {\r\n          \"createdBy\": \"c76edb3e-70fe-46dc-a8fd-8cfc142da90e\",\r\n          \"createdOn\": \"2021-10-11T17:17:13.0958171Z\",\r\n          \"updatedBy\": \"c76edb3e-70fe-46dc-a8fd-8cfc142da90e\",\r\n          \"updatedOn\": \"2021-10-19T23:42:37.5206379Z\"\r\n        },\r\n        \"enforcementMode\": \"Default\"\r\n      },\r\n      \"id\": \"/subscriptions/2c2f67af-09f9-4d60-b051-c5d956d2c9a7/providers/Microsoft.Authorization/policyAssignments/HM3cCx759V9I5RBUR8lWWA\",\r\n      \"type\": \"Microsoft.Authorization/policyAssignments\",\r\n      \"name\": \"HM3cCx759V9I5RBUR8lWWA\",\r\n      \"systemData\": {\r\n        \"createdBy\": \"6d057c82-a784-47ae-8d12-ca7b38cf06b4\",\r\n        \"createdByType\": \"Application\",\r\n        \"createdAt\": \"2021-10-11T17:17:13.0755411Z\",\r\n        \"lastModifiedBy\": \"6d057c82-a784-47ae-8d12-ca7b38cf06b4\",\r\n        \"lastModifiedByType\": \"Application\",\r\n        \"lastModifiedAt\": \"2021-10-19T23:42:37.4985185Z\"\r\n      }\r\n    },\r\n    {\r\n      \"properties\": {\r\n        \"policyDefinitionId\": \"/subscriptions/2c2f67af-09f9-4d60-b051-c5d956d2c9a7/providers/Microsoft.Authorization/policyDefinitions/policy2\",\r\n        \"scope\": \"/subscriptions/2c2f67af-09f9-4d60-b051-c5d956d2c9a7\",\r\n        \"metadata\": {\r\n          \"createdBy\": \"5710e138-9c59-46d4-85d9-d7db71406df0\",\r\n          \"createdOn\": \"2021-11-05T18:53:21.935106Z\",\r\n          \"updatedBy\": \"5710e138-9c59-46d4-85d9-d7db71406df0\",\r\n          \"updatedOn\": \"2021-11-05T19:17:39.8193975Z\"\r\n        },\r\n        \"enforcementMode\": \"Default\"\r\n      },\r\n      \"id\": \"/subscriptions/2c2f67af-09f9-4d60-b051-c5d956d2c9a7/providers/Microsoft.Authorization/policyAssignments/location-lock\",\r\n      \"type\": \"Microsoft.Authorization/policyAssignments\",\r\n      \"name\": \"location-lock\",\r\n      \"systemData\": {\r\n        \"createdBy\": \"74e3e043-481b-454f-8acc-3e7a4a845417\",\r\n        \"createdByType\": \"Application\",\r\n        \"createdAt\": \"2021-11-05T18:53:21.9171495Z\",\r\n        \"lastModifiedBy\": \"74e3e043-481b-454f-8acc-3e7a4a845417\",\r\n        \"lastModifiedByType\": \"Application\",\r\n        \"lastModifiedAt\": \"2021-11-05T19:17:39.7710303Z\"\r\n      }\r\n    },\r\n    {\r\n      \"properties\": {\r\n        \"displayName\": \"[Preview]: Kubernetes clusters should not use the default namespace\",\r\n        \"policyDefinitionId\": \"/providers/Microsoft.Authorization/policyDefinitions/9f061a12-e40d-4183-a00e-171812443373\",\r\n        \"scope\": \"/subscriptions/2c2f67af-09f9-4d60-b051-c5d956d2c9a7\",\r\n        \"notScopes\": [],\r\n        \"parameters\": {},\r\n        \"metadata\": {\r\n          \"assignedBy\": \"Noah Reisch\",\r\n          \"parameterScopes\": {},\r\n          \"createdBy\": \"c281de91-d2d9-4490-950b-4e89d62c44e5\",\r\n          \"createdOn\": \"2021-04-05T15:14:11.0997476Z\",\r\n          \"updatedBy\": null,\r\n          \"updatedOn\": null\r\n        },\r\n        \"enforcementMode\": \"Default\",\r\n        \"nonComplianceMessages\": []\r\n      },\r\n      \"id\": \"/subscriptions/2c2f67af-09f9-4d60-b051-c5d956d2c9a7/providers/Microsoft.Authorization/policyAssignments/77a52c35954844df9b170cec\",\r\n      \"type\": \"Microsoft.Authorization/policyAssignments\",\r\n      \"name\": \"77a52c35954844df9b170cec\"\r\n    },\r\n    {\r\n      \"properties\": {\r\n        \"displayName\": \"[Preview]: Kubernetes clusters should not use the default namespace\",\r\n        \"policyDefinitionId\": \"/providers/Microsoft.Authorization/policyDefinitions/9f061a12-e40d-4183-a00e-171812443373\",\r\n        \"scope\": \"/subscriptions/2c2f67af-09f9-4d60-b051-c5d956d2c9a7\",\r\n        \"notScopes\": [],\r\n        \"parameters\": {},\r\n        \"metadata\": {\r\n          \"assignedBy\": \"Noah Reisch\",\r\n          \"parameterScopes\": {},\r\n          \"createdBy\": \"c281de91-d2d9-4490-950b-4e89d62c44e5\",\r\n          \"createdOn\": \"2021-06-17T13:56:04.353672Z\",\r\n          \"updatedBy\": null,\r\n          \"updatedOn\": null\r\n        },\r\n        \"enforcementMode\": \"Default\",\r\n        \"nonComplianceMessages\": []\r\n      },\r\n      \"id\": \"/subscriptions/2c2f67af-09f9-4d60-b051-c5d956d2c9a7/providers/Microsoft.Authorization/policyAssignments/ecbe64cf35fc4e17b2f3cf80\",\r\n      \"type\": \"Microsoft.Authorization/policyAssignments\",\r\n      \"name\": \"ecbe64cf35fc4e17b2f3cf80\"\r\n    }\r\n  ]\r\n}",
      "StatusCode": 200
    },
    {
      "RequestUri": "/someScope/providers/Microsoft.Authorization/policyexemptions/someName?api-version=2020-07-01-preview",
      "EncodedRequestUri": "L3NvbWVTY29wZS9wcm92aWRlcnMvTWljcm9zb2Z0LkF1dGhvcml6YXRpb24vcG9saWN5ZXhlbXB0aW9ucy9zb21lTmFtZT9hcGktdmVyc2lvbj0yMDIwLTA3LTAxLXByZXZpZXc=",
      "RequestMethod": "PUT",
      "RequestBody": "{\r\n  \"properties\": {\r\n    \"policyAssignmentId\": \"/providers/Microsoft.Management/managementGroups/AzGovPerfTest/providers/Microsoft.Authorization/policyAssignments/d80d743b97874fd3bfd1d539\",\r\n    \"exemptionCategory\": \"Waiver\"\r\n  },\r\n  \"name\": \"someName\"\r\n}",
      "RequestHeaders": {
        "User-Agent": [
          "AzurePowershell/v0.0.0",
          "PSVersion/v3.0.0.0",
          "Az.Resources/4.4.1"
        ],
        "ParameterSetName": [
          "DefaultParameterSet"
        ],
        "CommandName": [
          "New-AzPolicyExemption"
        ],
        "Content-Type": [
          "application/json; charset=utf-8"
        ],
        "Content-Length": [
          "256"
        ]
      },
      "ResponseHeaders": {
        "Cache-Control": [
          "no-cache"
        ],
        "Pragma": [
          "no-cache"
        ],
        "x-ms-failure-cause": [
          "gateway"
        ],
        "x-ms-request-id": [
          "650bdd0a-876c-40ad-bb7e-bc4ab78dfc3b"
        ],
        "x-ms-correlation-request-id": [
          "650bdd0a-876c-40ad-bb7e-bc4ab78dfc3b"
        ],
        "x-ms-routing-request-id": [
          "CANADACENTRAL:20211118T231901Z:650bdd0a-876c-40ad-bb7e-bc4ab78dfc3b"
        ],
        "Strict-Transport-Security": [
          "max-age=31536000; includeSubDomains"
        ],
        "X-Content-Type-Options": [
          "nosniff"
        ],
        "Date": [
          "Thu, 18 Nov 2021 23:19:01 GMT"
        ],
        "Content-Type": [
          "application/json; charset=utf-8"
        ],
        "Expires": [
          "-1"
        ],
        "Content-Length": [
          "135"
        ],
        "Retry-After": [
          "0"
        ]
      },
      "ResponseBody": "{\r\n  \"error\": {\r\n    \"code\": \"MissingSubscription\",\r\n    \"message\": \"The request did not have a subscription or a valid tenant level resource provider.\"\r\n  }\r\n}",
      "StatusCode": 404
    },
    {
      "RequestUri": "/subscriptions/2c2f67af-09f9-4d60-b051-c5d956d2c9a7/providers/Microsoft.Authorization/policyexemptions/someName?api-version=2020-07-01-preview",
      "EncodedRequestUri": "L3N1YnNjcmlwdGlvbnMvMmMyZjY3YWYtMDlmOS00ZDYwLWIwNTEtYzVkOTU2ZDJjOWE3L3Byb3ZpZGVycy9NaWNyb3NvZnQuQXV0aG9yaXphdGlvbi9wb2xpY3lleGVtcHRpb25zL3NvbWVOYW1lP2FwaS12ZXJzaW9uPTIwMjAtMDctMDEtcHJldmlldw==",
      "RequestMethod": "PUT",
      "RequestBody": "{\r\n  \"properties\": {\r\n    \"policyAssignmentId\": \"/providers/Microsoft.Management/managementGroups/AzGovPerfTest/providers/Microsoft.Authorization/policyAssignments/d80d743b97874fd3bfd1d539\",\r\n    \"policyDefinitionReferenceIds\": [\r\n      \"someId\"\r\n    ],\r\n    \"exemptionCategory\": \"Waiver\"\r\n  },\r\n  \"name\": \"someName\"\r\n}",
      "RequestHeaders": {
        "User-Agent": [
          "AzurePowershell/v0.0.0",
          "PSVersion/v3.0.0.0",
          "Az.Resources/4.4.1"
        ],
        "ParameterSetName": [
          "DefaultParameterSet"
        ],
        "CommandName": [
          "New-AzPolicyExemption"
        ],
        "Content-Type": [
          "application/json; charset=utf-8"
        ],
        "Content-Length": [
          "319"
        ]
      },
      "ResponseHeaders": {
        "Cache-Control": [
          "no-store, no-cache"
        ],
        "Pragma": [
          "no-cache"
        ],
        "x-ms-ratelimit-remaining-subscription-writes": [
          "1198"
        ],
        "Server": [
          "Kestrel"
        ],
        "x-ms-request-id": [
          "9be97a9d-3b07-4fec-911f-97675c4d1099"
        ],
        "x-ms-correlation-request-id": [
          "9be97a9d-3b07-4fec-911f-97675c4d1099"
        ],
        "x-ms-routing-request-id": [
          "CANADACENTRAL:20211118T231902Z:9be97a9d-3b07-4fec-911f-97675c4d1099"
        ],
        "Strict-Transport-Security": [
          "max-age=31536000; includeSubDomains"
        ],
        "X-Content-Type-Options": [
          "nosniff"
        ],
        "Date": [
          "Thu, 18 Nov 2021 23:19:02 GMT"
        ],
        "Content-Length": [
          "294"
        ],
        "Content-Type": [
          "application/json"
        ],
        "Expires": [
          "-1"
        ],
        "Retry-After": [
          "0"
        ]
      },
      "ResponseBody": "{\r\n  \"error\": {\r\n    \"code\": \"InvalidPolicyDefinitionReference\",\r\n    \"message\": \"The policy exemption 'someName' create request is invalid. The associated policy assignment is an assignment of a policy definition. The policy definition reference is only valid for policy assignments of policy set definitions.\"\r\n  }\r\n}",
      "StatusCode": 400
    }
  ],
  "Names": {},
  "Variables": {
    "SubscriptionId": "2c2f67af-09f9-4d60-b051-c5d956d2c9a7"
  }
}