{
  "[NoDescription]+[NoContext]+CheckExpanded+$POST+https://management.azure.com/subscriptions/e8257c73-24c5-4791-94dc-8b7901c90dbf/resourceGroups/PWSH-SDK-2ekhd9/providers/Microsoft.Kusto/Clusters/pssdk2ekhd9/checkNameAvailability?api-version=2024-04-13+1": {
    "Request": {
      "Method": "POST",
      "RequestUri": "https://management.azure.com/subscriptions/e8257c73-24c5-4791-94dc-8b7901c90dbf/resourceGroups/PWSH-SDK-2ekhd9/providers/Microsoft.Kusto/Clusters/pssdk2ekhd9/checkNameAvailability?api-version=2024-04-13",
      "Content": "{\r\n  \"name\": \"TestDb\",\r\n  \"type\": \"Microsoft.Kusto/Clusters/Databases\"\r\n}",
      "isContentBase64": false,
      "Headers": {
      },
      "ContentHeaders": {
        "Content-Type": [ "application/json" ],
        "Content-Length": [ "73" ]
      }
    },
    "Response": {
      "StatusCode": 200,
      "Headers": {
        "Cache-Control": [ "no-cache" ],
        "Pragma": [ "no-cache" ],
        "x-ms-request-id": [ "073e93a9-567a-4b0c-a02a-28871a49ec67" ],
        "x-ms-ratelimit-remaining-subscription-writes": [ "796" ],
        "x-ms-ratelimit-remaining-subscription-global-writes": [ "11996" ],
        "x-ms-correlation-request-id": [ "fe0bb6ef-fbc4-4a24-a594-556cafbb294b" ],
        "x-ms-routing-request-id": [ "ISRAELCENTRAL:20241201T031036Z:fe0bb6ef-fbc4-4a24-a594-556cafbb294b" ],
        "Strict-Transport-Security": [ "max-age=31536000; includeSubDomains" ],
        "X-Content-Type-Options": [ "nosniff" ],
        "X-Cache": [ "CONFIG_NOCACHE" ],
        "X-MSEdge-Ref": [ "Ref A: 6B351E7E47C44ACC9005C9E6A7CB4937 Ref B: MRS211050315025 Ref C: 2024-12-01T03:10:35Z" ],
        "Date": [ "Sun, 01 Dec 2024 03:10:36 GMT" ]
      },
      "ContentHeaders": {
        "Content-Length": [ "147" ],
        "Content-Type": [ "application/json; charset=utf-8" ],
        "Expires": [ "-1" ]
      },
      "Content": "{\"name\":\"TestDb\",\"nameAvailable\":false,\"message\":\"Database TestDb already exists in cluster pssdk2ekhd9. Please select a different database name.\"}",
      "isContentBase64": false
    }
  },
  "[NoDescription]+[NoContext]+CheckViaIdentityExpanded+$GET+https://management.azure.com/subscriptions/e8257c73-24c5-4791-94dc-8b7901c90dbf/resourceGroups/PWSH-SDK-2ekhd9/providers/Microsoft.Kusto/Clusters/pssdk2ekhd9?api-version=2024-04-13+1": {
    "Request": {
      "Method": "GET",
      "RequestUri": "https://management.azure.com/subscriptions/e8257c73-24c5-4791-94dc-8b7901c90dbf/resourceGroups/PWSH-SDK-2ekhd9/providers/Microsoft.Kusto/Clusters/pssdk2ekhd9?api-version=2024-04-13",
      "Content": null,
      "isContentBase64": false,
      "Headers": {
        "x-ms-unique-id": [ "729" ],
        "x-ms-client-request-id": [ "9c9aeb6b-0060-499e-8128-d29383e13967" ],
        "CommandName": [ "Get-AzKustoCluster" ],
        "FullCommandName": [ "Get-AzKustoCluster_Get" ],
        "ParameterSetName": [ "__AllParameterSets" ],
        "User-Agent": [ "AzurePowershell/v12.5.0", "PSVersion/v7.4.6", "Az.Kusto/0.1.0" ],
        "Authorization": [ "[Filtered]" ]
      },
      "ContentHeaders": {
      }
    },
    "Response": {
      "StatusCode": 200,
      "Headers": {
        "Cache-Control": [ "no-cache" ],
        "Pragma": [ "no-cache" ],
        "ETag": [ "\"2024-12-01T02:07:25.8512192Z\"" ],
        "x-ms-request-id": [ "3074380a-b79d-4d22-9372-1a12c0f38199" ],
        "x-ms-ratelimit-remaining-subscription-resource-requests": [ "299" ],
        "x-ms-correlation-request-id": [ "d0399d48-f0b4-457a-9d34-ff46261cbc77" ],
        "x-ms-routing-request-id": [ "ISRAELCENTRAL:20241201T031037Z:d0399d48-f0b4-457a-9d34-ff46261cbc77" ],
        "Strict-Transport-Security": [ "max-age=31536000; includeSubDomains" ],
        "X-Content-Type-Options": [ "nosniff" ],
        "X-Cache": [ "CONFIG_NOCACHE" ],
        "X-MSEdge-Ref": [ "Ref A: 9F2B8413B5BF4F1BA327F33F5E469D63 Ref B: MRS211050315025 Ref C: 2024-12-01T03:10:36Z" ],
        "Date": [ "Sun, 01 Dec 2024 03:10:37 GMT" ]
      },
      "ContentHeaders": {
        "Content-Length": [ "2065" ],
        "Content-Type": [ "application/json; charset=utf-8" ],
        "Expires": [ "-1" ]
      },
      "Content": "{\"id\":\"/subscriptions/e8257c73-24c5-4791-94dc-8b7901c90dbf/resourceGroups/PWSH-SDK-2ekhd9/providers/Microsoft.Kusto/Clusters/pssdk2ekhd9\",\"name\":\"pssdk2ekhd9\",\"type\":\"Microsoft.Kusto/Clusters\",\"etag\":\"\\\"2024-12-01T02:07:25.8512192Z\\\"\",\"location\":\"East US\",\"sku\":{\"name\":\"Standard_E2ads_v5\",\"tier\":\"Standard\",\"capacity\":2},\"tags\":{\"NRMS.KustoPlatform.Classification.1P\":\"Default\"},\"properties\":{\"state\":\"Running\",\"stateReason\":\"\",\"uri\":\"https://pssdk2ekhd9.eastus.kusto.windows.net\",\"dataIngestionUri\":\"https://ingest-pssdk2ekhd9.eastus.kusto.windows.net\",\"trustedExternalTenants\":[],\"virtualNetworkConfiguration\":null,\"optimizedAutoscale\":null,\"enableDiskEncryption\":false,\"enableStreamingIngest\":false,\"keyVaultProperties\":null,\"languageExtensions\":{\"value\":[]},\"enablePurge\":null,\"enableDoubleEncryption\":false,\"engineType\":\"V3\",\"acceptedAudiences\":[],\"restrictOutboundNetworkAccess\":\"Disabled\",\"allowedFqdnList\":[],\"calloutPolicies\":[{\"calloutUriRegex\":\"*\",\"calloutType\":1,\"outboundAccess\":1,\"calloutId\":\"*_sql\"},{\"calloutUriRegex\":\"*\",\"calloutType\":2,\"outboundAccess\":0,\"calloutId\":\"*_cosmosdb\"},{\"calloutUriRegex\":\"*\",\"calloutType\":8,\"outboundAccess\":1,\"calloutId\":\"*_postgresql\"},{\"calloutUriRegex\":\"*\",\"calloutType\":5,\"outboundAccess\":0,\"calloutId\":\"*_sandbox_artifacts\"},{\"calloutUriRegex\":\"*\",\"calloutType\":9,\"outboundAccess\":1,\"calloutId\":\"*_genevametrics\"}],\"publicNetworkAccess\":\"Enabled\",\"allowedIpRangeList\":[],\"enableAutoStop\":true,\"publicIPType\":\"IPv4\",\"virtualClusterGraduationProperties\":null,\"privateEndpointConnections\":[],\"migrationCluster\":null,\"zoneStatus\":\"NonZonal\",\"provisioningState\":\"Succeeded\"},\"identity\":{\"principalId\":\"b293e86f-10ae-4669-9c4a-00d7d6f3a64d\",\"tenantId\":\"72f988bf-86f1-41af-91ab-2d7cd011db47\",\"type\":\"SystemAssigned, UserAssigned\",\"userAssignedIdentities\":{\"/subscriptions/e8257c73-24c5-4791-94dc-8b7901c90dbf/resourcegroups/PWSH-SDK-2ekhd9/providers/Microsoft.ManagedIdentity/userAssignedIdentities/uaMi2ekhd9\":{\"principalId\":\"757b511b-b713-400e-9f34-72dfe3844021\",\"clientId\":\"243a8bce-2a38-42bb-93b4-1816488ce20a\"}}}}",
      "isContentBase64": false
    }
  },
  "[NoDescription]+[NoContext]+CheckViaIdentityExpanded+$POST+https://management.azure.com/subscriptions/e8257c73-24c5-4791-94dc-8b7901c90dbf/resourceGroups/PWSH-SDK-2ekhd9/providers/Microsoft.Kusto/Clusters/pssdk2ekhd9/checkNameAvailability?api-version=2024-04-13+2": {
    "Request": {
      "Method": "POST",
      "RequestUri": "https://management.azure.com/subscriptions/e8257c73-24c5-4791-94dc-8b7901c90dbf/resourceGroups/PWSH-SDK-2ekhd9/providers/Microsoft.Kusto/Clusters/pssdk2ekhd9/checkNameAvailability?api-version=2024-04-13",
      "Content": "{\r\n  \"name\": \"checkNameAvialbleDB\",\r\n  \"type\": \"Microsoft.Kusto/Clusters/Databases\"\r\n}",
      "isContentBase64": false,
      "Headers": {
      },
      "ContentHeaders": {
        "Content-Type": [ "application/json" ],
        "Content-Length": [ "86" ]
      }
    },
    "Response": {
      "StatusCode": 200,
      "Headers": {
        "Cache-Control": [ "no-cache" ],
        "Pragma": [ "no-cache" ],
        "x-ms-request-id": [ "75312b07-9e9d-40a1-8ba3-4e29e487876f" ],
        "x-ms-ratelimit-remaining-subscription-writes": [ "799" ],
        "x-ms-ratelimit-remaining-subscription-global-writes": [ "11999" ],
        "x-ms-correlation-request-id": [ "68d10298-61f9-4aec-a9ba-775283615eed" ],
        "x-ms-routing-request-id": [ "ISRAELCENTRAL:20241201T031038Z:68d10298-61f9-4aec-a9ba-775283615eed" ],
        "Strict-Transport-Security": [ "max-age=31536000; includeSubDomains" ],
        "X-Content-Type-Options": [ "nosniff" ],
        "X-Cache": [ "CONFIG_NOCACHE" ],
        "X-MSEdge-Ref": [ "Ref A: E9033DF830F84FBF93C10CC9A9367170 Ref B: MRS211050315025 Ref C: 2024-12-01T03:10:37Z" ],
        "Date": [ "Sun, 01 Dec 2024 03:10:38 GMT" ]
      },
      "ContentHeaders": {
        "Content-Length": [ "64" ],
        "Content-Type": [ "application/json; charset=utf-8" ],
        "Expires": [ "-1" ]
      },
      "Content": "{\"name\":\"checkNameAvialbleDB\",\"nameAvailable\":true,\"message\":\"\"}",
      "isContentBase64": false
    }
  }
}