{
  "New-AzDeviceRegistryNamespaceDiscoveredDevice+[NoContext]+CreateExpanded+$PUT+https://management.azure.com/subscriptions/efb15086-3322-405d-a9d0-c35715a9b722/resourceGroups/adr-pwsh-test-rg/providers/Microsoft.DeviceRegistry/namespaces/adr-namespace/discoveredDevices/test-ns-ddevice-create-expanded?api-version=2025-07-01-preview+1": {
    "Request": {
      "Method": "PUT",
      "RequestUri": "https://management.azure.com/subscriptions/efb15086-3322-405d-a9d0-c35715a9b722/resourceGroups/adr-pwsh-test-rg/providers/Microsoft.DeviceRegistry/namespaces/adr-namespace/discoveredDevices/test-ns-ddevice-create-expanded?api-version=2025-07-01-preview",
      "Content": "{\n  \"location\": \"eastus2\",\n  \"properties\": {\n    \"endpoints\": {\n      \"outbound\": {\n        \"assigned\": {\n          \"myendpoint2\": {\n            \"endpointType\": \"Microsoft.Devices/IoTHubs\",\n            \"address\": \"https://myendpoint2.westeurope-1.edge.azure.net\"\n          }\n        }\n      },\n      \"inbound\": {\n        \"endpoint2\": {\n          \"endpointType\": \"Microsoft.IotHub\",\n          \"address\": \"https://myendpoint2.westeurope-1.iothub.azure.net\",\n          \"version\": \"2.0\"\n        },\n        \"endpoint1\": {\n          \"endpointType\": \"Microsoft.IotHub\",\n          \"address\": \"https://myendpoint1.westeurope-1.iothub.azure.net\",\n          \"version\": \"1.0\"\n        }\n      }\n    },\n    \"manufacturer\": \"Contoso\",\n    \"model\": \"foo123\",\n    \"operatingSystem\": \"Linux\",\n    \"operatingSystemVersion\": \"1000\",\n    \"discoveryId\": \"myDiscoveryId\",\n    \"version\": 1\n  },\n  \"extendedLocation\": {\n    \"type\": \"CustomLocation\",\n    \"name\": \"/subscriptions/efb15086-3322-405d-a9d0-c35715a9b722/resourceGroups/adr-pwsh-test-rg/providers/Microsoft.ExtendedLocation/customLocations/location-2pnh4\"\n  }\n}",
      "isContentBase64": false,
      "Headers": {
      },
      "ContentHeaders": {
        "Content-Type": [ "application/json" ],
        "Content-Length": [ "1085" ]
      }
    },
    "Response": {
      "StatusCode": 200,
      "Headers": {
        "Cache-Control": [ "no-cache" ],
        "Pragma": [ "no-cache" ],
        "Accept-Ranges": [ "bytes" ],
        "ETag": [ "\"0600178c-0000-0200-0000-6882ab130000\"" ],
        "x-ms-operation-identifier": [ "tenantId=72f988bf-86f1-41af-91ab-2d7cd011db47,objectId=e3029257-ff30-403c-a905-c87ef1aa933a/westus2/c6fdf3d4-a404-4b80-9bad-02ba07e1da3b" ],
        "x-ms-providerhub-traffic": [ "True" ],
        "x-ms-correlation-request-id": [ "c3f46d3a-740b-46d9-82a4-13c8ea123bdd" ],
        "mise-correlation-id": [ "2608b116-214d-41ee-bb13-dd4a54b835ba" ],
        "x-envoy-upstream-service-time": [ "6" ],
        "Strict-Transport-Security": [ "max-age=31536000; includeSubDomains" ],
        "x-azure-ref": [ "20250724T215218Z-157d4df6468tkwrphC1BN1dgt400000001mg00000000n886" ],
        "X-Cache": [ "CONFIG_NOCACHE" ],
        "x-ms-request-id": [ "450ae8fe-d73e-4137-853c-7573ebdb7cf8" ],
        "x-ms-ratelimit-remaining-subscription-resource-requests": [ "199" ],
        "x-ms-routing-request-id": [ "WESTUS2:20250724T215219Z:c3f46d3a-740b-46d9-82a4-13c8ea123bdd" ],
        "X-Content-Type-Options": [ "nosniff" ],
        "X-MSEdge-Ref": [ "Ref A: 391702F9D914401D8B6738BEBA92E22A Ref B: MWH011020809025 Ref C: 2025-07-24T21:52:17Z" ],
        "Date": [ "Thu, 24 Jul 2025 21:52:19 GMT" ]
      },
      "ContentHeaders": {
        "Content-Length": [ "1584" ],
        "Content-Type": [ "application/json; charset=utf-8" ],
        "Expires": [ "-1" ]
      },
      "Content": "{\"id\":\"/subscriptions/efb15086-3322-405d-a9d0-c35715a9b722/resourceGroups/adr-pwsh-test-rg/providers/Microsoft.DeviceRegistry/namespaces/adr-namespace/discoveredDevices/test-ns-ddevice-create-expanded\",\"name\":\"test-ns-ddevice-create-expanded\",\"type\":\"microsoft.deviceregistry/namespaces/discovereddevices\",\"location\":\"eastus2\",\"extendedLocation\":{\"name\":\"/subscriptions/efb15086-3322-405d-a9d0-c35715a9b722/resourceGroups/adr-pwsh-test-rg/providers/Microsoft.ExtendedLocation/customLocations/location-2pnh4\",\"type\":\"CustomLocation\"},\"systemData\":{\"createdBy\":\"rylo@microsoft.com\",\"createdByType\":\"User\",\"createdAt\":\"2025-07-24T21:52:18.7337066Z\",\"lastModifiedBy\":\"rylo@microsoft.com\",\"lastModifiedByType\":\"User\",\"lastModifiedAt\":\"2025-07-24T21:52:18.7337066Z\"},\"properties\":{\"discoveryId\":\"myDiscoveryId\",\"version\":1,\"attributes\":null,\"endpoints\":{\"outbound\":{\"assigned\":{\"myendpoint2\":{\"endpointType\":\"Microsoft.Devices/IoTHubs\",\"address\":\"https://myendpoint2.westeurope-1.edge.azure.net\"}}},\"inbound\":{\"endpoint2\":{\"endpointType\":\"Microsoft.IotHub\",\"address\":\"https://myendpoint2.westeurope-1.iothub.azure.net\",\"version\":\"2.0\",\"additionalConfiguration\":null,\"supportedAuthenticationMethods\":null,\"lastUpdatedOn\":null},\"endpoint1\":{\"endpointType\":\"Microsoft.IotHub\",\"address\":\"https://myendpoint1.westeurope-1.iothub.azure.net\",\"version\":\"1.0\",\"additionalConfiguration\":null,\"supportedAuthenticationMethods\":null,\"lastUpdatedOn\":null}}},\"externalDeviceId\":null,\"manufacturer\":\"Contoso\",\"model\":\"foo123\",\"operatingSystem\":\"Linux\",\"operatingSystemVersion\":\"1000\",\"provisioningState\":\"Succeeded\"}}",
      "isContentBase64": false
    }
  },
  "New-AzDeviceRegistryNamespaceDiscoveredDevice+[NoContext]+CreateExpanded+$GET+https://management.azure.com/subscriptions/efb15086-3322-405d-a9d0-c35715a9b722/resourceGroups/adr-pwsh-test-rg/providers/Microsoft.DeviceRegistry/namespaces/adr-namespace/discoveredDevices/test-ns-ddevice-create-expanded?api-version=2025-07-01-preview+2": {
    "Request": {
      "Method": "GET",
      "RequestUri": "https://management.azure.com/subscriptions/efb15086-3322-405d-a9d0-c35715a9b722/resourceGroups/adr-pwsh-test-rg/providers/Microsoft.DeviceRegistry/namespaces/adr-namespace/discoveredDevices/test-ns-ddevice-create-expanded?api-version=2025-07-01-preview",
      "Content": null,
      "isContentBase64": false,
      "Headers": {
        "Authorization": [ "[Filtered]" ],
        "x-ms-unique-id": [ "2" ],
        "x-ms-client-request-id": [ "636002e2-cb13-4302-b47f-7ca79e1e83b6" ],
        "CommandName": [ "New-AzDeviceRegistryNamespaceDiscoveredDevice" ],
        "FullCommandName": [ "New-AzDeviceRegistryNamespaceDiscoveredDevice_CreateExpanded" ],
        "ParameterSetName": [ "__AllParameterSets" ],
        "User-Agent": [ "AzurePowershell/v0.0.0", "PSVersion/v7.2.24", "Az.DeviceRegistry/0.1.0" ]
      },
      "ContentHeaders": {
      }
    },
    "Response": {
      "StatusCode": 200,
      "Headers": {
        "Cache-Control": [ "no-cache" ],
        "Pragma": [ "no-cache" ],
        "ETag": [ "\"0600178c-0000-0200-0000-6882ab130000\"" ],
        "x-ms-ratelimit-remaining-subscription-resource-requests": [ "249" ],
        "x-ms-providerhub-traffic": [ "True" ],
        "x-ms-request-id": [ "f5a729ae-c8c2-43e0-8107-96a7b50de9d3" ],
        "x-ms-correlation-request-id": [ "cb024a14-af48-468e-a9df-2751305dbc38" ],
        "x-ms-routing-request-id": [ "EASTUS2:20250724T215249Z:cb024a14-af48-468e-a9df-2751305dbc38" ],
        "Strict-Transport-Security": [ "max-age=31536000; includeSubDomains" ],
        "X-Content-Type-Options": [ "nosniff" ],
        "X-Cache": [ "CONFIG_NOCACHE" ],
        "X-MSEdge-Ref": [ "Ref A: 527AADA886034E6D981440589FE30625 Ref B: MWH011020809025 Ref C: 2025-07-24T21:52:49Z" ],
        "Date": [ "Thu, 24 Jul 2025 21:52:49 GMT" ]
      },
      "ContentHeaders": {
        "Content-Length": [ "1584" ],
        "Content-Type": [ "application/json; charset=utf-8" ],
        "Expires": [ "-1" ]
      },
      "Content": "{\"id\":\"/subscriptions/efb15086-3322-405d-a9d0-c35715a9b722/resourceGroups/adr-pwsh-test-rg/providers/Microsoft.DeviceRegistry/namespaces/adr-namespace/discoveredDevices/test-ns-ddevice-create-expanded\",\"name\":\"test-ns-ddevice-create-expanded\",\"type\":\"microsoft.deviceregistry/namespaces/discovereddevices\",\"location\":\"eastus2\",\"extendedLocation\":{\"name\":\"/subscriptions/efb15086-3322-405d-a9d0-c35715a9b722/resourceGroups/adr-pwsh-test-rg/providers/Microsoft.ExtendedLocation/customLocations/location-2pnh4\",\"type\":\"CustomLocation\"},\"systemData\":{\"createdBy\":\"rylo@microsoft.com\",\"createdByType\":\"User\",\"createdAt\":\"2025-07-24T21:52:18.7337066Z\",\"lastModifiedBy\":\"rylo@microsoft.com\",\"lastModifiedByType\":\"User\",\"lastModifiedAt\":\"2025-07-24T21:52:18.7337066Z\"},\"properties\":{\"discoveryId\":\"myDiscoveryId\",\"version\":1,\"attributes\":null,\"endpoints\":{\"outbound\":{\"assigned\":{\"myendpoint2\":{\"endpointType\":\"Microsoft.Devices/IoTHubs\",\"address\":\"https://myendpoint2.westeurope-1.edge.azure.net\"}}},\"inbound\":{\"endpoint2\":{\"endpointType\":\"Microsoft.IotHub\",\"address\":\"https://myendpoint2.westeurope-1.iothub.azure.net\",\"version\":\"2.0\",\"additionalConfiguration\":null,\"supportedAuthenticationMethods\":null,\"lastUpdatedOn\":null},\"endpoint1\":{\"endpointType\":\"Microsoft.IotHub\",\"address\":\"https://myendpoint1.westeurope-1.iothub.azure.net\",\"version\":\"1.0\",\"additionalConfiguration\":null,\"supportedAuthenticationMethods\":null,\"lastUpdatedOn\":null}}},\"externalDeviceId\":null,\"manufacturer\":\"Contoso\",\"model\":\"foo123\",\"operatingSystem\":\"Linux\",\"operatingSystemVersion\":\"1000\",\"provisioningState\":\"Succeeded\"}}",
      "isContentBase64": false
    }
  },
  "New-AzDeviceRegistryNamespaceDiscoveredDevice+[NoContext]+CreateExpanded+$GET+https://management.azure.com/subscriptions/efb15086-3322-405d-a9d0-c35715a9b722/resourceGroups/adr-pwsh-test-rg/providers/Microsoft.DeviceRegistry/namespaces/adr-namespace/discoveredDevices/test-ns-ddevice-create-expanded?api-version=2025-07-01-preview+3": {
    "Request": {
      "Method": "GET",
      "RequestUri": "https://management.azure.com/subscriptions/efb15086-3322-405d-a9d0-c35715a9b722/resourceGroups/adr-pwsh-test-rg/providers/Microsoft.DeviceRegistry/namespaces/adr-namespace/discoveredDevices/test-ns-ddevice-create-expanded?api-version=2025-07-01-preview",
      "Content": null,
      "isContentBase64": false,
      "Headers": {
        "Authorization": [ "[Filtered]" ],
        "x-ms-unique-id": [ "3" ],
        "x-ms-client-request-id": [ "636002e2-cb13-4302-b47f-7ca79e1e83b6" ],
        "CommandName": [ "New-AzDeviceRegistryNamespaceDiscoveredDevice" ],
        "FullCommandName": [ "New-AzDeviceRegistryNamespaceDiscoveredDevice_CreateExpanded" ],
        "ParameterSetName": [ "__AllParameterSets" ],
        "User-Agent": [ "AzurePowershell/v0.0.0", "PSVersion/v7.2.24", "Az.DeviceRegistry/0.1.0" ]
      },
      "ContentHeaders": {
      }
    },
    "Response": {
      "StatusCode": 200,
      "Headers": {
        "Cache-Control": [ "no-cache" ],
        "Pragma": [ "no-cache" ],
        "ETag": [ "\"0600178c-0000-0200-0000-6882ab130000\"" ],
        "x-ms-ratelimit-remaining-subscription-resource-requests": [ "249" ],
        "x-ms-providerhub-traffic": [ "True" ],
        "x-ms-request-id": [ "623ed18f-4d82-4944-af89-361685e30108" ],
        "x-ms-correlation-request-id": [ "9bc4ff94-03bf-43bb-b62f-6a94a3505ef6" ],
        "x-ms-routing-request-id": [ "EASTUS2:20250724T215249Z:9bc4ff94-03bf-43bb-b62f-6a94a3505ef6" ],
        "Strict-Transport-Security": [ "max-age=31536000; includeSubDomains" ],
        "X-Content-Type-Options": [ "nosniff" ],
        "X-Cache": [ "CONFIG_NOCACHE" ],
        "X-MSEdge-Ref": [ "Ref A: 4C4A831D1AFC4A678AD7BCAB2CF7A533 Ref B: MWH011020809025 Ref C: 2025-07-24T21:52:49Z" ],
        "Date": [ "Thu, 24 Jul 2025 21:52:49 GMT" ]
      },
      "ContentHeaders": {
        "Content-Length": [ "1584" ],
        "Content-Type": [ "application/json; charset=utf-8" ],
        "Expires": [ "-1" ]
      },
      "Content": "{\"id\":\"/subscriptions/efb15086-3322-405d-a9d0-c35715a9b722/resourceGroups/adr-pwsh-test-rg/providers/Microsoft.DeviceRegistry/namespaces/adr-namespace/discoveredDevices/test-ns-ddevice-create-expanded\",\"name\":\"test-ns-ddevice-create-expanded\",\"type\":\"microsoft.deviceregistry/namespaces/discovereddevices\",\"location\":\"eastus2\",\"extendedLocation\":{\"name\":\"/subscriptions/efb15086-3322-405d-a9d0-c35715a9b722/resourceGroups/adr-pwsh-test-rg/providers/Microsoft.ExtendedLocation/customLocations/location-2pnh4\",\"type\":\"CustomLocation\"},\"systemData\":{\"createdBy\":\"rylo@microsoft.com\",\"createdByType\":\"User\",\"createdAt\":\"2025-07-24T21:52:18.7337066Z\",\"lastModifiedBy\":\"rylo@microsoft.com\",\"lastModifiedByType\":\"User\",\"lastModifiedAt\":\"2025-07-24T21:52:18.7337066Z\"},\"properties\":{\"discoveryId\":\"myDiscoveryId\",\"version\":1,\"attributes\":null,\"endpoints\":{\"outbound\":{\"assigned\":{\"myendpoint2\":{\"endpointType\":\"Microsoft.Devices/IoTHubs\",\"address\":\"https://myendpoint2.westeurope-1.edge.azure.net\"}}},\"inbound\":{\"endpoint2\":{\"endpointType\":\"Microsoft.IotHub\",\"address\":\"https://myendpoint2.westeurope-1.iothub.azure.net\",\"version\":\"2.0\",\"additionalConfiguration\":null,\"supportedAuthenticationMethods\":null,\"lastUpdatedOn\":null},\"endpoint1\":{\"endpointType\":\"Microsoft.IotHub\",\"address\":\"https://myendpoint1.westeurope-1.iothub.azure.net\",\"version\":\"1.0\",\"additionalConfiguration\":null,\"supportedAuthenticationMethods\":null,\"lastUpdatedOn\":null}}},\"externalDeviceId\":null,\"manufacturer\":\"Contoso\",\"model\":\"foo123\",\"operatingSystem\":\"Linux\",\"operatingSystemVersion\":\"1000\",\"provisioningState\":\"Succeeded\"}}",
      "isContentBase64": false
    }
  },
  "New-AzDeviceRegistryNamespaceDiscoveredDevice+[NoContext]+CreateViaJsonFilePath+$PUT+https://management.azure.com/subscriptions/efb15086-3322-405d-a9d0-c35715a9b722/resourceGroups/adr-pwsh-test-rg/providers/Microsoft.DeviceRegistry/namespaces/adr-namespace/discoveredDevices/test-ns-ddevice-create-json-file-path?api-version=2025-07-01-preview+1": {
    "Request": {
      "Method": "PUT",
      "RequestUri": "https://management.azure.com/subscriptions/efb15086-3322-405d-a9d0-c35715a9b722/resourceGroups/adr-pwsh-test-rg/providers/Microsoft.DeviceRegistry/namespaces/adr-namespace/discoveredDevices/test-ns-ddevice-create-json-file-path?api-version=2025-07-01-preview",
      "Content": "ew0KICAidGFncyI6IHsNCiAgICAic2Vuc29yIjogInRlbXBlcmF0dXJlLGh1bWlkaXR5Ig0KICB9LA0KICAibG9jYXRpb24iOiAiZWFzdHVzMiIsDQogICJleHRlbmRlZExvY2F0aW9uIjogew0KICAgICJuYW1lIjogIi9zdWJzY3JpcHRpb25zL2VmYjE1MDg2LTMzMjItNDA1ZC1hOWQwLWMzNTcxNWE5YjcyMi9yZXNvdXJjZUdyb3Vwcy9hZHItcHdzaC10ZXN0LXJnL3Byb3ZpZGVycy9NaWNyb3NvZnQuRXh0ZW5kZWRMb2NhdGlvbi9jdXN0b21Mb2NhdGlvbnMvbG9jYXRpb24tMnBuaDQiLA0KICAgICJ0eXBlIjogIkN1c3RvbUxvY2F0aW9uIg0KICB9LA0KICAicHJvcGVydGllcyI6IHsNCiAgICAiZGlzY292ZXJ5SWQiOiAibXlEaXNjb3ZlcnlJZCIsDQogICAgInZlcnNpb24iOiAxLA0KICAgICJtYW51ZmFjdHVyZXIiOiAiQ29udG9zbyIsDQogICAgIm1vZGVsIjogImZvbzEyMyIsDQogICAgIm9wZXJhdGluZ1N5c3RlbSI6ICJMaW51eCIsDQogICAgIm9wZXJhdGluZ1N5c3RlbVZlcnNpb24iOiAiMTAwMCIsDQogICAgImVuZHBvaW50cyI6IHsNCiAgICAgICJvdXRib3VuZCI6IHsNCiAgICAgICAgImFzc2lnbmVkIjogew0KICAgICAgICAgICJteWVuZHBvaW50MiI6IHsNCiAgICAgICAgICAgICJhZGRyZXNzIjogImh0dHBzOi8vbXllbmRwb2ludDIud2VzdGV1cm9wZS0xLmVkZ2UuYXp1cmUubmV0IiwNCiAgICAgICAgICAgICJlbmRwb2ludFR5cGUiOiAiYXp1cmUtaW90LWVkZ2UiDQogICAgICAgICAgfQ0KICAgICAgICB9DQogICAgICB9LA0KICAgICAgImluYm91bmQiOiB7DQogICAgICAgICJlbmRwb2ludDEiOiB7DQogICAgICAgICAgImFkZHJlc3MiOiAiaHR0cHM6Ly9teWVuZHBvaW50MS53ZXN0ZXVyb3BlLTEuaW90aHViLmF6dXJlLm5ldCIsDQogICAgICAgICAgImVuZHBvaW50VHlwZSI6ICJNaWNyb3NvZnQuSW90SHViIiwNCiAgICAgICAgICAidmVyc2lvbiI6ICIxLjAiDQogICAgICAgIH0sDQogICAgICAgICJlbmRwb2ludDIiOiB7DQogICAgICAgICAgImFkZHJlc3MiOiAiaHR0cHM6Ly9teWVuZHBvaW50Mi53ZXN0ZXVyb3BlLTEuaW90aHViLmF6dXJlLm5ldCIsDQogICAgICAgICAgImVuZHBvaW50VHlwZSI6ICJNaWNyb3NvZnQuSW90SHViIiwNCiAgICAgICAgICAidmVyc2lvbiI6ICIyLjAiDQogICAgICAgIH0NCiAgICAgIH0NCiAgICB9LA0KICAgICJhdHRyaWJ1dGVzIjogew0KICAgICAgImRldmljZVR5cGUiOiAic2Vuc29yIiwNCiAgICAgICJkZXZpY2VPd25lciI6ICJkZXYiLA0KICAgICAgImRldmljZUNhdGVnb3J5IjogNDAwMCwNCiAgICAgICJpbnZhbGlkIjogImZvbyIsDQogICAgICAieC1tcy1pb3RodWItY3JlZGVudGlhbC1pZCI6ICIiDQogICAgfQ0KICB9DQp9DQo=",
      "isContentBase64": false,
      "Headers": {
      },
      "ContentHeaders": {
        "Content-Type": [ "application/json" ],
        "Content-Length": [ "1364" ]
      }
    },
    "Response": {
      "StatusCode": 200,
      "Headers": {
        "Cache-Control": [ "no-cache" ],
        "Pragma": [ "no-cache" ],
        "Accept-Ranges": [ "bytes" ],
        "ETag": [ "\"06001d8c-0000-0200-0000-6882ab320000\"" ],
        "x-ms-operation-identifier": [ "tenantId=72f988bf-86f1-41af-91ab-2d7cd011db47,objectId=e3029257-ff30-403c-a905-c87ef1aa933a/eastus2/689b8ea6-78c8-4d54-bd59-f20dc0e9a7b6" ],
        "x-ms-providerhub-traffic": [ "True" ],
        "x-ms-correlation-request-id": [ "12c832e4-9faa-4378-9a82-bfc167250ba5" ],
        "mise-correlation-id": [ "03bc0e95-477e-4bd3-8639-c80d059baa48" ],
        "x-envoy-upstream-service-time": [ "6" ],
        "Strict-Transport-Security": [ "max-age=31536000; includeSubDomains" ],
        "x-azure-ref": [ "20250724T215250Z-157d4df6468tkwrphC1BN1dgt400000001mg00000000nbqt" ],
        "X-Cache": [ "CONFIG_NOCACHE" ],
        "x-ms-request-id": [ "de771ef1-407d-4737-ac3f-7724b390a2e3" ],
        "x-ms-ratelimit-remaining-subscription-resource-requests": [ "199" ],
        "x-ms-routing-request-id": [ "EASTUS2:20250724T215250Z:12c832e4-9faa-4378-9a82-bfc167250ba5" ],
        "X-Content-Type-Options": [ "nosniff" ],
        "X-MSEdge-Ref": [ "Ref A: 191272A05FB448F6A4E69F3E211163C5 Ref B: MWH011020809025 Ref C: 2025-07-24T21:52:49Z" ],
        "Date": [ "Thu, 24 Jul 2025 21:52:50 GMT" ]
      },
      "ContentHeaders": {
        "Content-Length": [ "1745" ],
        "Content-Type": [ "application/json; charset=utf-8" ],
        "Expires": [ "-1" ]
      },
      "Content": "{\"id\":\"/subscriptions/efb15086-3322-405d-a9d0-c35715a9b722/resourceGroups/adr-pwsh-test-rg/providers/Microsoft.DeviceRegistry/namespaces/adr-namespace/discoveredDevices/test-ns-ddevice-create-json-file-path\",\"name\":\"test-ns-ddevice-create-json-file-path\",\"type\":\"microsoft.deviceregistry/namespaces/discovereddevices\",\"location\":\"eastus2\",\"extendedLocation\":{\"name\":\"/subscriptions/efb15086-3322-405d-a9d0-c35715a9b722/resourceGroups/adr-pwsh-test-rg/providers/Microsoft.ExtendedLocation/customLocations/location-2pnh4\",\"type\":\"CustomLocation\"},\"tags\":{\"sensor\":\"temperature,humidity\"},\"systemData\":{\"createdBy\":\"rylo@microsoft.com\",\"createdByType\":\"User\",\"createdAt\":\"2025-07-24T21:46:05.7198747Z\",\"lastModifiedBy\":\"rylo@microsoft.com\",\"lastModifiedByType\":\"User\",\"lastModifiedAt\":\"2025-07-24T21:52:50.1066438Z\"},\"properties\":{\"discoveryId\":\"myDiscoveryId\",\"version\":1,\"attributes\":{\"deviceType\":\"sensor\",\"deviceOwner\":\"dev\",\"deviceCategory\":4000,\"invalid\":\"foo\",\"x-ms-iothub-credential-id\":\"\"},\"endpoints\":{\"outbound\":{\"assigned\":{\"myendpoint2\":{\"endpointType\":\"Microsoft.Devices/IoTHubs\",\"address\":\"https://myendpoint2.westeurope-1.edge.azure.net\"}}},\"inbound\":{\"endpoint1\":{\"endpointType\":\"Microsoft.IotHub\",\"address\":\"https://myendpoint1.westeurope-1.iothub.azure.net\",\"version\":\"1.0\",\"additionalConfiguration\":null,\"supportedAuthenticationMethods\":null,\"lastUpdatedOn\":null},\"endpoint2\":{\"endpointType\":\"Microsoft.IotHub\",\"address\":\"https://myendpoint2.westeurope-1.iothub.azure.net\",\"version\":\"2.0\",\"additionalConfiguration\":null,\"supportedAuthenticationMethods\":null,\"lastUpdatedOn\":null}}},\"externalDeviceId\":null,\"manufacturer\":\"Contoso\",\"model\":\"foo123\",\"operatingSystem\":\"Linux\",\"operatingSystemVersion\":\"1000\",\"provisioningState\":\"Succeeded\"}}",
      "isContentBase64": false
    }
  },
  "New-AzDeviceRegistryNamespaceDiscoveredDevice+[NoContext]+CreateViaJsonFilePath+$GET+https://management.azure.com/subscriptions/efb15086-3322-405d-a9d0-c35715a9b722/resourceGroups/adr-pwsh-test-rg/providers/Microsoft.DeviceRegistry/namespaces/adr-namespace/discoveredDevices/test-ns-ddevice-create-json-file-path?api-version=2025-07-01-preview+2": {
    "Request": {
      "Method": "GET",
      "RequestUri": "https://management.azure.com/subscriptions/efb15086-3322-405d-a9d0-c35715a9b722/resourceGroups/adr-pwsh-test-rg/providers/Microsoft.DeviceRegistry/namespaces/adr-namespace/discoveredDevices/test-ns-ddevice-create-json-file-path?api-version=2025-07-01-preview",
      "Content": null,
      "isContentBase64": false,
      "Headers": {
        "Authorization": [ "[Filtered]" ],
        "x-ms-unique-id": [ "5" ],
        "x-ms-client-request-id": [ "f73a926d-37d0-4ec6-8648-4c244c69daf8" ],
        "CommandName": [ "New-AzDeviceRegistryNamespaceDiscoveredDevice" ],
        "FullCommandName": [ "New-AzDeviceRegistryNamespaceDiscoveredDevice_CreateViaJsonFilePath" ],
        "ParameterSetName": [ "__AllParameterSets" ],
        "User-Agent": [ "AzurePowershell/v0.0.0", "PSVersion/v7.2.24", "Az.DeviceRegistry/0.1.0" ]
      },
      "ContentHeaders": {
      }
    },
    "Response": {
      "StatusCode": 200,
      "Headers": {
        "Cache-Control": [ "no-cache" ],
        "Pragma": [ "no-cache" ],
        "ETag": [ "\"06001d8c-0000-0200-0000-6882ab320000\"" ],
        "x-ms-ratelimit-remaining-subscription-resource-requests": [ "249" ],
        "x-ms-providerhub-traffic": [ "True" ],
        "x-ms-request-id": [ "bed99295-8285-4191-b68f-33f56043527e" ],
        "x-ms-correlation-request-id": [ "1bc985a3-22c1-47aa-a4c3-176c4cc70af1" ],
        "x-ms-routing-request-id": [ "EASTUS2:20250724T215320Z:1bc985a3-22c1-47aa-a4c3-176c4cc70af1" ],
        "Strict-Transport-Security": [ "max-age=31536000; includeSubDomains" ],
        "X-Content-Type-Options": [ "nosniff" ],
        "X-Cache": [ "CONFIG_NOCACHE" ],
        "X-MSEdge-Ref": [ "Ref A: 9195448987894E319867E65704E1DDC6 Ref B: MWH011020809025 Ref C: 2025-07-24T21:53:20Z" ],
        "Date": [ "Thu, 24 Jul 2025 21:53:20 GMT" ]
      },
      "ContentHeaders": {
        "Content-Length": [ "1745" ],
        "Content-Type": [ "application/json; charset=utf-8" ],
        "Expires": [ "-1" ]
      },
      "Content": "{\"id\":\"/subscriptions/efb15086-3322-405d-a9d0-c35715a9b722/resourceGroups/adr-pwsh-test-rg/providers/Microsoft.DeviceRegistry/namespaces/adr-namespace/discoveredDevices/test-ns-ddevice-create-json-file-path\",\"name\":\"test-ns-ddevice-create-json-file-path\",\"type\":\"microsoft.deviceregistry/namespaces/discovereddevices\",\"location\":\"eastus2\",\"extendedLocation\":{\"name\":\"/subscriptions/efb15086-3322-405d-a9d0-c35715a9b722/resourceGroups/adr-pwsh-test-rg/providers/Microsoft.ExtendedLocation/customLocations/location-2pnh4\",\"type\":\"CustomLocation\"},\"tags\":{\"sensor\":\"temperature,humidity\"},\"systemData\":{\"createdBy\":\"rylo@microsoft.com\",\"createdByType\":\"User\",\"createdAt\":\"2025-07-24T21:46:05.7198747Z\",\"lastModifiedBy\":\"rylo@microsoft.com\",\"lastModifiedByType\":\"User\",\"lastModifiedAt\":\"2025-07-24T21:52:50.1066438Z\"},\"properties\":{\"discoveryId\":\"myDiscoveryId\",\"version\":1,\"attributes\":{\"deviceType\":\"sensor\",\"deviceOwner\":\"dev\",\"deviceCategory\":4000,\"invalid\":\"foo\",\"x-ms-iothub-credential-id\":\"\"},\"endpoints\":{\"outbound\":{\"assigned\":{\"myendpoint2\":{\"endpointType\":\"Microsoft.Devices/IoTHubs\",\"address\":\"https://myendpoint2.westeurope-1.edge.azure.net\"}}},\"inbound\":{\"endpoint1\":{\"endpointType\":\"Microsoft.IotHub\",\"address\":\"https://myendpoint1.westeurope-1.iothub.azure.net\",\"version\":\"1.0\",\"additionalConfiguration\":null,\"supportedAuthenticationMethods\":null,\"lastUpdatedOn\":null},\"endpoint2\":{\"endpointType\":\"Microsoft.IotHub\",\"address\":\"https://myendpoint2.westeurope-1.iothub.azure.net\",\"version\":\"2.0\",\"additionalConfiguration\":null,\"supportedAuthenticationMethods\":null,\"lastUpdatedOn\":null}}},\"externalDeviceId\":null,\"manufacturer\":\"Contoso\",\"model\":\"foo123\",\"operatingSystem\":\"Linux\",\"operatingSystemVersion\":\"1000\",\"provisioningState\":\"Succeeded\"}}",
      "isContentBase64": false
    }
  },
  "New-AzDeviceRegistryNamespaceDiscoveredDevice+[NoContext]+CreateViaJsonFilePath+$GET+https://management.azure.com/subscriptions/efb15086-3322-405d-a9d0-c35715a9b722/resourceGroups/adr-pwsh-test-rg/providers/Microsoft.DeviceRegistry/namespaces/adr-namespace/discoveredDevices/test-ns-ddevice-create-json-file-path?api-version=2025-07-01-preview+3": {
    "Request": {
      "Method": "GET",
      "RequestUri": "https://management.azure.com/subscriptions/efb15086-3322-405d-a9d0-c35715a9b722/resourceGroups/adr-pwsh-test-rg/providers/Microsoft.DeviceRegistry/namespaces/adr-namespace/discoveredDevices/test-ns-ddevice-create-json-file-path?api-version=2025-07-01-preview",
      "Content": null,
      "isContentBase64": false,
      "Headers": {
        "Authorization": [ "[Filtered]" ],
        "x-ms-unique-id": [ "6" ],
        "x-ms-client-request-id": [ "f73a926d-37d0-4ec6-8648-4c244c69daf8" ],
        "CommandName": [ "New-AzDeviceRegistryNamespaceDiscoveredDevice" ],
        "FullCommandName": [ "New-AzDeviceRegistryNamespaceDiscoveredDevice_CreateViaJsonFilePath" ],
        "ParameterSetName": [ "__AllParameterSets" ],
        "User-Agent": [ "AzurePowershell/v0.0.0", "PSVersion/v7.2.24", "Az.DeviceRegistry/0.1.0" ]
      },
      "ContentHeaders": {
      }
    },
    "Response": {
      "StatusCode": 200,
      "Headers": {
        "Cache-Control": [ "no-cache" ],
        "Pragma": [ "no-cache" ],
        "ETag": [ "\"06001d8c-0000-0200-0000-6882ab320000\"" ],
        "x-ms-ratelimit-remaining-subscription-resource-requests": [ "249" ],
        "x-ms-providerhub-traffic": [ "True" ],
        "x-ms-request-id": [ "a7e57306-5158-4feb-b24d-124fa58e15eb" ],
        "x-ms-correlation-request-id": [ "070d0a2a-a96f-4b23-8244-9129c68dd66b" ],
        "x-ms-routing-request-id": [ "EASTUS2:20250724T215320Z:070d0a2a-a96f-4b23-8244-9129c68dd66b" ],
        "Strict-Transport-Security": [ "max-age=31536000; includeSubDomains" ],
        "X-Content-Type-Options": [ "nosniff" ],
        "X-Cache": [ "CONFIG_NOCACHE" ],
        "X-MSEdge-Ref": [ "Ref A: 537AEF92B9544ACCA7F5EC2603CB0714 Ref B: MWH011020809025 Ref C: 2025-07-24T21:53:20Z" ],
        "Date": [ "Thu, 24 Jul 2025 21:53:20 GMT" ]
      },
      "ContentHeaders": {
        "Content-Length": [ "1745" ],
        "Content-Type": [ "application/json; charset=utf-8" ],
        "Expires": [ "-1" ]
      },
      "Content": "{\"id\":\"/subscriptions/efb15086-3322-405d-a9d0-c35715a9b722/resourceGroups/adr-pwsh-test-rg/providers/Microsoft.DeviceRegistry/namespaces/adr-namespace/discoveredDevices/test-ns-ddevice-create-json-file-path\",\"name\":\"test-ns-ddevice-create-json-file-path\",\"type\":\"microsoft.deviceregistry/namespaces/discovereddevices\",\"location\":\"eastus2\",\"extendedLocation\":{\"name\":\"/subscriptions/efb15086-3322-405d-a9d0-c35715a9b722/resourceGroups/adr-pwsh-test-rg/providers/Microsoft.ExtendedLocation/customLocations/location-2pnh4\",\"type\":\"CustomLocation\"},\"tags\":{\"sensor\":\"temperature,humidity\"},\"systemData\":{\"createdBy\":\"rylo@microsoft.com\",\"createdByType\":\"User\",\"createdAt\":\"2025-07-24T21:46:05.7198747Z\",\"lastModifiedBy\":\"rylo@microsoft.com\",\"lastModifiedByType\":\"User\",\"lastModifiedAt\":\"2025-07-24T21:52:50.1066438Z\"},\"properties\":{\"discoveryId\":\"myDiscoveryId\",\"version\":1,\"attributes\":{\"deviceType\":\"sensor\",\"deviceOwner\":\"dev\",\"deviceCategory\":4000,\"invalid\":\"foo\",\"x-ms-iothub-credential-id\":\"\"},\"endpoints\":{\"outbound\":{\"assigned\":{\"myendpoint2\":{\"endpointType\":\"Microsoft.Devices/IoTHubs\",\"address\":\"https://myendpoint2.westeurope-1.edge.azure.net\"}}},\"inbound\":{\"endpoint1\":{\"endpointType\":\"Microsoft.IotHub\",\"address\":\"https://myendpoint1.westeurope-1.iothub.azure.net\",\"version\":\"1.0\",\"additionalConfiguration\":null,\"supportedAuthenticationMethods\":null,\"lastUpdatedOn\":null},\"endpoint2\":{\"endpointType\":\"Microsoft.IotHub\",\"address\":\"https://myendpoint2.westeurope-1.iothub.azure.net\",\"version\":\"2.0\",\"additionalConfiguration\":null,\"supportedAuthenticationMethods\":null,\"lastUpdatedOn\":null}}},\"externalDeviceId\":null,\"manufacturer\":\"Contoso\",\"model\":\"foo123\",\"operatingSystem\":\"Linux\",\"operatingSystemVersion\":\"1000\",\"provisioningState\":\"Succeeded\"}}",
      "isContentBase64": false
    }
  },
  "New-AzDeviceRegistryNamespaceDiscoveredDevice+[NoContext]+CreateViaJsonString+$PUT+https://management.azure.com/subscriptions/efb15086-3322-405d-a9d0-c35715a9b722/resourceGroups/adr-pwsh-test-rg/providers/Microsoft.DeviceRegistry/namespaces/adr-namespace/discoveredDevices/test-ns-ddevice-create-json-string?api-version=2025-07-01-preview+1": {
    "Request": {
      "Method": "PUT",
      "RequestUri": "https://management.azure.com/subscriptions/efb15086-3322-405d-a9d0-c35715a9b722/resourceGroups/adr-pwsh-test-rg/providers/Microsoft.DeviceRegistry/namespaces/adr-namespace/discoveredDevices/test-ns-ddevice-create-json-string?api-version=2025-07-01-preview",
      "Content": "ew0KICAidGFncyI6IHsNCiAgICAic2Vuc29yIjogInRlbXBlcmF0dXJlLGh1bWlkaXR5Ig0KICB9LA0KICAibG9jYXRpb24iOiAiZWFzdHVzMiIsDQogICJleHRlbmRlZExvY2F0aW9uIjogew0KICAgICJuYW1lIjogIi9zdWJzY3JpcHRpb25zL2VmYjE1MDg2LTMzMjItNDA1ZC1hOWQwLWMzNTcxNWE5YjcyMi9yZXNvdXJjZUdyb3Vwcy9hZHItcHdzaC10ZXN0LXJnL3Byb3ZpZGVycy9NaWNyb3NvZnQuRXh0ZW5kZWRMb2NhdGlvbi9jdXN0b21Mb2NhdGlvbnMvbG9jYXRpb24tMnBuaDQiLA0KICAgICJ0eXBlIjogIkN1c3RvbUxvY2F0aW9uIg0KICB9LA0KICAicHJvcGVydGllcyI6IHsNCiAgICAiZGlzY292ZXJ5SWQiOiAibXlEaXNjb3ZlcnlJZCIsDQogICAgInZlcnNpb24iOiAxLA0KICAgICJtYW51ZmFjdHVyZXIiOiAiQ29udG9zbyIsDQogICAgIm1vZGVsIjogImZvbzEyMyIsDQogICAgIm9wZXJhdGluZ1N5c3RlbSI6ICJMaW51eCIsDQogICAgIm9wZXJhdGluZ1N5c3RlbVZlcnNpb24iOiAiMTAwMCIsDQogICAgImVuZHBvaW50cyI6IHsNCiAgICAgICJvdXRib3VuZCI6IHsNCiAgICAgICAgImFzc2lnbmVkIjogew0KICAgICAgICAgICJteWVuZHBvaW50MiI6IHsNCiAgICAgICAgICAgICJhZGRyZXNzIjogImh0dHBzOi8vbXllbmRwb2ludDIud2VzdGV1cm9wZS0xLmVkZ2UuYXp1cmUubmV0IiwNCiAgICAgICAgICAgICJlbmRwb2ludFR5cGUiOiAiYXp1cmUtaW90LWVkZ2UiDQogICAgICAgICAgfQ0KICAgICAgICB9DQogICAgICB9LA0KICAgICAgImluYm91bmQiOiB7DQogICAgICAgICJlbmRwb2ludDEiOiB7DQogICAgICAgICAgImFkZHJlc3MiOiAiaHR0cHM6Ly9teWVuZHBvaW50MS53ZXN0ZXVyb3BlLTEuaW90aHViLmF6dXJlLm5ldCIsDQogICAgICAgICAgImVuZHBvaW50VHlwZSI6ICJNaWNyb3NvZnQuSW90SHViIiwNCiAgICAgICAgICAidmVyc2lvbiI6ICIxLjAiDQogICAgICAgIH0sDQogICAgICAgICJlbmRwb2ludDIiOiB7DQogICAgICAgICAgImFkZHJlc3MiOiAiaHR0cHM6Ly9teWVuZHBvaW50Mi53ZXN0ZXVyb3BlLTEuaW90aHViLmF6dXJlLm5ldCIsDQogICAgICAgICAgImVuZHBvaW50VHlwZSI6ICJNaWNyb3NvZnQuSW90SHViIiwNCiAgICAgICAgICAidmVyc2lvbiI6ICIyLjAiDQogICAgICAgIH0NCiAgICAgIH0NCiAgICB9LA0KICAgICJhdHRyaWJ1dGVzIjogew0KICAgICAgImRldmljZVR5cGUiOiAic2Vuc29yIiwNCiAgICAgICJkZXZpY2VPd25lciI6ICJkZXYiLA0KICAgICAgImRldmljZUNhdGVnb3J5IjogNDAwMCwNCiAgICAgICJpbnZhbGlkIjogImZvbyIsDQogICAgICAieC1tcy1pb3RodWItY3JlZGVudGlhbC1pZCI6ICIiDQogICAgfQ0KICB9DQp9DQo=",
      "isContentBase64": false,
      "Headers": {
      },
      "ContentHeaders": {
        "Content-Type": [ "application/json" ],
        "Content-Length": [ "1364" ]
      }
    },
    "Response": {
      "StatusCode": 200,
      "Headers": {
        "Cache-Control": [ "no-cache" ],
        "Pragma": [ "no-cache" ],
        "Accept-Ranges": [ "bytes" ],
        "ETag": [ "\"0600248c-0000-0200-0000-6882ab510000\"" ],
        "x-ms-operation-identifier": [ "tenantId=72f988bf-86f1-41af-91ab-2d7cd011db47,objectId=e3029257-ff30-403c-a905-c87ef1aa933a/eastus2/8609e168-a512-48e8-bcff-ffc4efe9aed8" ],
        "x-ms-providerhub-traffic": [ "True" ],
        "x-ms-correlation-request-id": [ "e870eb87-658c-4d41-8036-68ac06ac1266" ],
        "mise-correlation-id": [ "c110c21e-3ba7-4a67-860a-4b57edf03510" ],
        "x-envoy-upstream-service-time": [ "32" ],
        "Strict-Transport-Security": [ "max-age=31536000; includeSubDomains" ],
        "x-azure-ref": [ "20250724T215321Z-157d4df64682cxb5hC1BN15tu800000004tg00000000337u" ],
        "X-Cache": [ "CONFIG_NOCACHE" ],
        "x-ms-request-id": [ "8cb94c0e-5e09-4902-b245-7d5381c92067" ],
        "x-ms-ratelimit-remaining-subscription-resource-requests": [ "199" ],
        "x-ms-routing-request-id": [ "EASTUS2:20250724T215321Z:e870eb87-658c-4d41-8036-68ac06ac1266" ],
        "X-Content-Type-Options": [ "nosniff" ],
        "X-MSEdge-Ref": [ "Ref A: 5D51EFD55FE14F2C9DD12C97B39A24D8 Ref B: MWH011020809025 Ref C: 2025-07-24T21:53:20Z" ],
        "Date": [ "Thu, 24 Jul 2025 21:53:21 GMT" ]
      },
      "ContentHeaders": {
        "Content-Length": [ "1739" ],
        "Content-Type": [ "application/json; charset=utf-8" ],
        "Expires": [ "-1" ]
      },
      "Content": "{\"id\":\"/subscriptions/efb15086-3322-405d-a9d0-c35715a9b722/resourceGroups/adr-pwsh-test-rg/providers/Microsoft.DeviceRegistry/namespaces/adr-namespace/discoveredDevices/test-ns-ddevice-create-json-string\",\"name\":\"test-ns-ddevice-create-json-string\",\"type\":\"microsoft.deviceregistry/namespaces/discovereddevices\",\"location\":\"eastus2\",\"extendedLocation\":{\"name\":\"/subscriptions/efb15086-3322-405d-a9d0-c35715a9b722/resourceGroups/adr-pwsh-test-rg/providers/Microsoft.ExtendedLocation/customLocations/location-2pnh4\",\"type\":\"CustomLocation\"},\"tags\":{\"sensor\":\"temperature,humidity\"},\"systemData\":{\"createdBy\":\"rylo@microsoft.com\",\"createdByType\":\"User\",\"createdAt\":\"2025-07-24T21:46:36.8178256Z\",\"lastModifiedBy\":\"rylo@microsoft.com\",\"lastModifiedByType\":\"User\",\"lastModifiedAt\":\"2025-07-24T21:53:20.9786622Z\"},\"properties\":{\"discoveryId\":\"myDiscoveryId\",\"version\":1,\"attributes\":{\"deviceType\":\"sensor\",\"deviceOwner\":\"dev\",\"deviceCategory\":4000,\"invalid\":\"foo\",\"x-ms-iothub-credential-id\":\"\"},\"endpoints\":{\"outbound\":{\"assigned\":{\"myendpoint2\":{\"endpointType\":\"Microsoft.Devices/IoTHubs\",\"address\":\"https://myendpoint2.westeurope-1.edge.azure.net\"}}},\"inbound\":{\"endpoint1\":{\"endpointType\":\"Microsoft.IotHub\",\"address\":\"https://myendpoint1.westeurope-1.iothub.azure.net\",\"version\":\"1.0\",\"additionalConfiguration\":null,\"supportedAuthenticationMethods\":null,\"lastUpdatedOn\":null},\"endpoint2\":{\"endpointType\":\"Microsoft.IotHub\",\"address\":\"https://myendpoint2.westeurope-1.iothub.azure.net\",\"version\":\"2.0\",\"additionalConfiguration\":null,\"supportedAuthenticationMethods\":null,\"lastUpdatedOn\":null}}},\"externalDeviceId\":null,\"manufacturer\":\"Contoso\",\"model\":\"foo123\",\"operatingSystem\":\"Linux\",\"operatingSystemVersion\":\"1000\",\"provisioningState\":\"Succeeded\"}}",
      "isContentBase64": false
    }
  },
  "New-AzDeviceRegistryNamespaceDiscoveredDevice+[NoContext]+CreateViaJsonString+$GET+https://management.azure.com/subscriptions/efb15086-3322-405d-a9d0-c35715a9b722/resourceGroups/adr-pwsh-test-rg/providers/Microsoft.DeviceRegistry/namespaces/adr-namespace/discoveredDevices/test-ns-ddevice-create-json-string?api-version=2025-07-01-preview+2": {
    "Request": {
      "Method": "GET",
      "RequestUri": "https://management.azure.com/subscriptions/efb15086-3322-405d-a9d0-c35715a9b722/resourceGroups/adr-pwsh-test-rg/providers/Microsoft.DeviceRegistry/namespaces/adr-namespace/discoveredDevices/test-ns-ddevice-create-json-string?api-version=2025-07-01-preview",
      "Content": null,
      "isContentBase64": false,
      "Headers": {
        "Authorization": [ "[Filtered]" ],
        "x-ms-unique-id": [ "8" ],
        "x-ms-client-request-id": [ "11af3488-ee75-4676-aef1-f6b5ed0bd39b" ],
        "CommandName": [ "New-AzDeviceRegistryNamespaceDiscoveredDevice" ],
        "FullCommandName": [ "New-AzDeviceRegistryNamespaceDiscoveredDevice_CreateViaJsonString" ],
        "ParameterSetName": [ "__AllParameterSets" ],
        "User-Agent": [ "AzurePowershell/v0.0.0", "PSVersion/v7.2.24", "Az.DeviceRegistry/0.1.0" ]
      },
      "ContentHeaders": {
      }
    },
    "Response": {
      "StatusCode": 200,
      "Headers": {
        "Cache-Control": [ "no-cache" ],
        "Pragma": [ "no-cache" ],
        "ETag": [ "\"0600248c-0000-0200-0000-6882ab510000\"" ],
        "x-ms-ratelimit-remaining-subscription-resource-requests": [ "249" ],
        "x-ms-providerhub-traffic": [ "True" ],
        "x-ms-request-id": [ "79991a43-c26e-435b-832d-6dcd9d0659aa" ],
        "x-ms-correlation-request-id": [ "e089edeb-317a-441f-91ac-9a72ea930e81" ],
        "x-ms-routing-request-id": [ "EASTUS2:20250724T215351Z:e089edeb-317a-441f-91ac-9a72ea930e81" ],
        "Strict-Transport-Security": [ "max-age=31536000; includeSubDomains" ],
        "X-Content-Type-Options": [ "nosniff" ],
        "X-Cache": [ "CONFIG_NOCACHE" ],
        "X-MSEdge-Ref": [ "Ref A: F15CB667220E465BB2F4D6CA9333CED4 Ref B: MWH011020809025 Ref C: 2025-07-24T21:53:51Z" ],
        "Date": [ "Thu, 24 Jul 2025 21:53:51 GMT" ]
      },
      "ContentHeaders": {
        "Content-Length": [ "1739" ],
        "Content-Type": [ "application/json; charset=utf-8" ],
        "Expires": [ "-1" ]
      },
      "Content": "{\"id\":\"/subscriptions/efb15086-3322-405d-a9d0-c35715a9b722/resourceGroups/adr-pwsh-test-rg/providers/Microsoft.DeviceRegistry/namespaces/adr-namespace/discoveredDevices/test-ns-ddevice-create-json-string\",\"name\":\"test-ns-ddevice-create-json-string\",\"type\":\"microsoft.deviceregistry/namespaces/discovereddevices\",\"location\":\"eastus2\",\"extendedLocation\":{\"name\":\"/subscriptions/efb15086-3322-405d-a9d0-c35715a9b722/resourceGroups/adr-pwsh-test-rg/providers/Microsoft.ExtendedLocation/customLocations/location-2pnh4\",\"type\":\"CustomLocation\"},\"tags\":{\"sensor\":\"temperature,humidity\"},\"systemData\":{\"createdBy\":\"rylo@microsoft.com\",\"createdByType\":\"User\",\"createdAt\":\"2025-07-24T21:46:36.8178256Z\",\"lastModifiedBy\":\"rylo@microsoft.com\",\"lastModifiedByType\":\"User\",\"lastModifiedAt\":\"2025-07-24T21:53:20.9786622Z\"},\"properties\":{\"discoveryId\":\"myDiscoveryId\",\"version\":1,\"attributes\":{\"deviceType\":\"sensor\",\"deviceOwner\":\"dev\",\"deviceCategory\":4000,\"invalid\":\"foo\",\"x-ms-iothub-credential-id\":\"\"},\"endpoints\":{\"outbound\":{\"assigned\":{\"myendpoint2\":{\"endpointType\":\"Microsoft.Devices/IoTHubs\",\"address\":\"https://myendpoint2.westeurope-1.edge.azure.net\"}}},\"inbound\":{\"endpoint1\":{\"endpointType\":\"Microsoft.IotHub\",\"address\":\"https://myendpoint1.westeurope-1.iothub.azure.net\",\"version\":\"1.0\",\"additionalConfiguration\":null,\"supportedAuthenticationMethods\":null,\"lastUpdatedOn\":null},\"endpoint2\":{\"endpointType\":\"Microsoft.IotHub\",\"address\":\"https://myendpoint2.westeurope-1.iothub.azure.net\",\"version\":\"2.0\",\"additionalConfiguration\":null,\"supportedAuthenticationMethods\":null,\"lastUpdatedOn\":null}}},\"externalDeviceId\":null,\"manufacturer\":\"Contoso\",\"model\":\"foo123\",\"operatingSystem\":\"Linux\",\"operatingSystemVersion\":\"1000\",\"provisioningState\":\"Succeeded\"}}",
      "isContentBase64": false
    }
  },
  "New-AzDeviceRegistryNamespaceDiscoveredDevice+[NoContext]+CreateViaJsonString+$GET+https://management.azure.com/subscriptions/efb15086-3322-405d-a9d0-c35715a9b722/resourceGroups/adr-pwsh-test-rg/providers/Microsoft.DeviceRegistry/namespaces/adr-namespace/discoveredDevices/test-ns-ddevice-create-json-string?api-version=2025-07-01-preview+3": {
    "Request": {
      "Method": "GET",
      "RequestUri": "https://management.azure.com/subscriptions/efb15086-3322-405d-a9d0-c35715a9b722/resourceGroups/adr-pwsh-test-rg/providers/Microsoft.DeviceRegistry/namespaces/adr-namespace/discoveredDevices/test-ns-ddevice-create-json-string?api-version=2025-07-01-preview",
      "Content": null,
      "isContentBase64": false,
      "Headers": {
        "Authorization": [ "[Filtered]" ],
        "x-ms-unique-id": [ "9" ],
        "x-ms-client-request-id": [ "11af3488-ee75-4676-aef1-f6b5ed0bd39b" ],
        "CommandName": [ "New-AzDeviceRegistryNamespaceDiscoveredDevice" ],
        "FullCommandName": [ "New-AzDeviceRegistryNamespaceDiscoveredDevice_CreateViaJsonString" ],
        "ParameterSetName": [ "__AllParameterSets" ],
        "User-Agent": [ "AzurePowershell/v0.0.0", "PSVersion/v7.2.24", "Az.DeviceRegistry/0.1.0" ]
      },
      "ContentHeaders": {
      }
    },
    "Response": {
      "StatusCode": 200,
      "Headers": {
        "Cache-Control": [ "no-cache" ],
        "Pragma": [ "no-cache" ],
        "ETag": [ "\"0600248c-0000-0200-0000-6882ab510000\"" ],
        "x-ms-ratelimit-remaining-subscription-resource-requests": [ "249" ],
        "x-ms-providerhub-traffic": [ "True" ],
        "x-ms-request-id": [ "17af49d0-f623-49f6-81d1-f10c9e4e3fff" ],
        "x-ms-correlation-request-id": [ "0df1e399-f215-47e7-8a56-1575e1fa504b" ],
        "x-ms-routing-request-id": [ "EASTUS2:20250724T215351Z:0df1e399-f215-47e7-8a56-1575e1fa504b" ],
        "Strict-Transport-Security": [ "max-age=31536000; includeSubDomains" ],
        "X-Content-Type-Options": [ "nosniff" ],
        "X-Cache": [ "CONFIG_NOCACHE" ],
        "X-MSEdge-Ref": [ "Ref A: D69D5F10F57F41D1882B2E4496E07C1B Ref B: MWH011020809025 Ref C: 2025-07-24T21:53:51Z" ],
        "Date": [ "Thu, 24 Jul 2025 21:53:51 GMT" ]
      },
      "ContentHeaders": {
        "Content-Length": [ "1739" ],
        "Content-Type": [ "application/json; charset=utf-8" ],
        "Expires": [ "-1" ]
      },
      "Content": "{\"id\":\"/subscriptions/efb15086-3322-405d-a9d0-c35715a9b722/resourceGroups/adr-pwsh-test-rg/providers/Microsoft.DeviceRegistry/namespaces/adr-namespace/discoveredDevices/test-ns-ddevice-create-json-string\",\"name\":\"test-ns-ddevice-create-json-string\",\"type\":\"microsoft.deviceregistry/namespaces/discovereddevices\",\"location\":\"eastus2\",\"extendedLocation\":{\"name\":\"/subscriptions/efb15086-3322-405d-a9d0-c35715a9b722/resourceGroups/adr-pwsh-test-rg/providers/Microsoft.ExtendedLocation/customLocations/location-2pnh4\",\"type\":\"CustomLocation\"},\"tags\":{\"sensor\":\"temperature,humidity\"},\"systemData\":{\"createdBy\":\"rylo@microsoft.com\",\"createdByType\":\"User\",\"createdAt\":\"2025-07-24T21:46:36.8178256Z\",\"lastModifiedBy\":\"rylo@microsoft.com\",\"lastModifiedByType\":\"User\",\"lastModifiedAt\":\"2025-07-24T21:53:20.9786622Z\"},\"properties\":{\"discoveryId\":\"myDiscoveryId\",\"version\":1,\"attributes\":{\"deviceType\":\"sensor\",\"deviceOwner\":\"dev\",\"deviceCategory\":4000,\"invalid\":\"foo\",\"x-ms-iothub-credential-id\":\"\"},\"endpoints\":{\"outbound\":{\"assigned\":{\"myendpoint2\":{\"endpointType\":\"Microsoft.Devices/IoTHubs\",\"address\":\"https://myendpoint2.westeurope-1.edge.azure.net\"}}},\"inbound\":{\"endpoint1\":{\"endpointType\":\"Microsoft.IotHub\",\"address\":\"https://myendpoint1.westeurope-1.iothub.azure.net\",\"version\":\"1.0\",\"additionalConfiguration\":null,\"supportedAuthenticationMethods\":null,\"lastUpdatedOn\":null},\"endpoint2\":{\"endpointType\":\"Microsoft.IotHub\",\"address\":\"https://myendpoint2.westeurope-1.iothub.azure.net\",\"version\":\"2.0\",\"additionalConfiguration\":null,\"supportedAuthenticationMethods\":null,\"lastUpdatedOn\":null}}},\"externalDeviceId\":null,\"manufacturer\":\"Contoso\",\"model\":\"foo123\",\"operatingSystem\":\"Linux\",\"operatingSystemVersion\":\"1000\",\"provisioningState\":\"Succeeded\"}}",
      "isContentBase64": false
    }
  }
}