{
  "Entries": [
    {
      "RequestUri": "/subscriptions/c9cbd920-c00c-427c-852b-8aaf38badaeb/providers/Microsoft.Resources?api-version=2016-09-01",
      "EncodedRequestUri": "L3N1YnNjcmlwdGlvbnMvYzljYmQ5MjAtYzAwYy00MjdjLTg1MmItOGFhZjM4YmFkYWViL3Byb3ZpZGVycy9NaWNyb3NvZnQuUmVzb3VyY2VzP2FwaS12ZXJzaW9uPTIwMTYtMDktMDE=",
      "RequestMethod": "GET",
      "RequestBody": "",
      "RequestHeaders": {
        "x-ms-client-request-id": [
          "778cfdec-b9d0-412e-aee3-984102b53a2e"
        ],
        "Accept-Language": [
          "en-US"
        ],
        "User-Agent": [
          "FxVersion/4.6.28516.03",
          "OSName/Windows",
          "OSVersion/Microsoft.Windows.10.0.18363.",
          "Microsoft.Azure.Management.Internal.Resources.ResourceManagementClient/1.3.11"
        ]
      },
      "ResponseHeaders": {
        "Cache-Control": [
          "no-cache"
        ],
        "Pragma": [
          "no-cache"
        ],
        "x-ms-ratelimit-remaining-subscription-reads": [
          "11998"
        ],
        "x-ms-request-id": [
          "54dc309d-22b7-44b5-b83d-519a3b7eb7ed"
        ],
        "x-ms-correlation-request-id": [
          "54dc309d-22b7-44b5-b83d-519a3b7eb7ed"
        ],
        "x-ms-routing-request-id": [
          "SOUTHEASTASIA:20200331T085614Z:54dc309d-22b7-44b5-b83d-519a3b7eb7ed"
        ],
        "Strict-Transport-Security": [
          "max-age=31536000; includeSubDomains"
        ],
        "X-Content-Type-Options": [
          "nosniff"
        ],
        "Date": [
          "Tue, 31 Mar 2020 08:56:14 GMT"
        ],
        "Content-Type": [
          "application/json; charset=utf-8"
        ],
        "Expires": [
          "-1"
        ],
        "Content-Length": [
          "249"
        ]
      },
      "ResponseBody": "{\r\n  \"id\": \"/subscriptions/c9cbd920-c00c-427c-852b-8aaf38badaeb/providers/Microsoft.Resources\",\r\n  \"namespace\": \"Microsoft.Resources\",\r\n  \"authorization\": {\r\n    \"applicationId\": \"3b990c8b-9607-4c2a-8b04-1d41985facca\"\r\n  },\r\n  \"resourceTypes\": [],\r\n  \"registrationState\": \"Registered\"\r\n}",
      "StatusCode": 200
    },
    {
      "RequestUri": "/subscriptions/c9cbd920-c00c-427c-852b-8aaf38badaeb/providers/Microsoft.KeyVault?api-version=2016-09-01",
      "EncodedRequestUri": "L3N1YnNjcmlwdGlvbnMvYzljYmQ5MjAtYzAwYy00MjdjLTg1MmItOGFhZjM4YmFkYWViL3Byb3ZpZGVycy9NaWNyb3NvZnQuS2V5VmF1bHQ/YXBpLXZlcnNpb249MjAxNi0wOS0wMQ==",
      "RequestMethod": "GET",
      "RequestBody": "",
      "RequestHeaders": {
        "x-ms-client-request-id": [
          "41e9abd6-6ccb-46be-96a5-9f314cbb4d52"
        ],
        "Accept-Language": [
          "en-US"
        ],
        "User-Agent": [
          "FxVersion/4.6.28516.03",
          "OSName/Windows",
          "OSVersion/Microsoft.Windows.10.0.18363.",
          "Microsoft.Azure.Management.Internal.Resources.ResourceManagementClient/1.3.11"
        ]
      },
      "ResponseHeaders": {
        "Cache-Control": [
          "no-cache"
        ],
        "Pragma": [
          "no-cache"
        ],
        "x-ms-ratelimit-remaining-subscription-reads": [
          "11997"
        ],
        "x-ms-request-id": [
          "f156a0f9-3bcc-4fd7-8bad-779238582814"
        ],
        "x-ms-correlation-request-id": [
          "f156a0f9-3bcc-4fd7-8bad-779238582814"
        ],
        "x-ms-routing-request-id": [
          "SOUTHEASTASIA:20200331T085614Z:f156a0f9-3bcc-4fd7-8bad-779238582814"
        ],
        "Strict-Transport-Security": [
          "max-age=31536000; includeSubDomains"
        ],
        "X-Content-Type-Options": [
          "nosniff"
        ],
        "Date": [
          "Tue, 31 Mar 2020 08:56:14 GMT"
        ],
        "Content-Type": [
          "application/json; charset=utf-8"
        ],
        "Expires": [
          "-1"
        ],
        "Content-Length": [
          "5958"
        ]
      },
      "ResponseBody": "{\r\n  \"id\": \"/subscriptions/c9cbd920-c00c-427c-852b-8aaf38badaeb/providers/Microsoft.KeyVault\",\r\n  \"namespace\": \"Microsoft.KeyVault\",\r\n  \"authorizations\": [\r\n    {\r\n      \"applicationId\": \"cfa8b339-82a2-471a-a3c9-0fc0be7a4093\",\r\n      \"roleDefinitionId\": \"1cf9858a-28a2-4228-abba-94e606305b95\"\r\n    },\r\n    {\r\n      \"applicationId\": \"589d5083-6f11-4d30-a62a-a4b316a14abf\"\r\n    }\r\n  ],\r\n  \"resourceTypes\": [\r\n    {\r\n      \"resourceType\": \"vaults\",\r\n      \"locations\": [\r\n        \"North Central US\",\r\n        \"East US\",\r\n        \"North Europe\",\r\n        \"West Europe\",\r\n        \"East Asia\",\r\n        \"Southeast Asia\",\r\n        \"East US 2\",\r\n        \"Central US\",\r\n        \"South Central US\",\r\n        \"West US\",\r\n        \"Japan East\",\r\n        \"Japan West\",\r\n        \"Australia East\",\r\n        \"Australia Southeast\",\r\n        \"Brazil South\",\r\n        \"Central India\",\r\n        \"South India\",\r\n        \"West India\",\r\n        \"Canada Central\",\r\n        \"Canada East\",\r\n        \"UK South\",\r\n        \"UK West\",\r\n        \"West Central US\",\r\n        \"West US 2\",\r\n        \"Korea Central\",\r\n        \"Korea South\",\r\n        \"France Central\",\r\n        \"Australia Central\",\r\n        \"UAE North\",\r\n        \"South Africa North\",\r\n        \"Switzerland North\",\r\n        \"Germany West Central\",\r\n        \"Norway East\"\r\n      ],\r\n      \"apiVersions\": [\r\n        \"2019-09-01\",\r\n        \"2018-02-14-preview\",\r\n        \"2018-02-14\",\r\n        \"2016-10-01\",\r\n        \"2015-06-01\"\r\n      ],\r\n      \"capabilities\": \"CrossResourceGroupResourceMove, CrossSubscriptionResourceMove\"\r\n    },\r\n    {\r\n      \"resourceType\": \"vaults/secrets\",\r\n      \"locations\": [\r\n        \"North Central US\",\r\n        \"East US\",\r\n        \"North Europe\",\r\n        \"West Europe\",\r\n        \"East Asia\",\r\n        \"Southeast Asia\",\r\n        \"East US 2\",\r\n        \"Central US\",\r\n        \"South Central US\",\r\n        \"West US\",\r\n        \"Japan East\",\r\n        \"Japan West\",\r\n        \"Australia East\",\r\n        \"Australia Southeast\",\r\n        \"Brazil South\",\r\n        \"Central India\",\r\n        \"South India\",\r\n        \"West India\",\r\n        \"Canada Central\",\r\n        \"Canada East\",\r\n        \"UK South\",\r\n        \"UK West\",\r\n        \"West Central US\",\r\n        \"West US 2\",\r\n        \"Korea Central\",\r\n        \"Korea South\",\r\n        \"France Central\",\r\n        \"Australia Central\",\r\n        \"UAE North\",\r\n        \"South Africa North\",\r\n        \"Switzerland North\",\r\n        \"Germany West Central\",\r\n        \"Norway East\"\r\n      ],\r\n      \"apiVersions\": [\r\n        \"2019-09-01\",\r\n        \"2018-02-14-preview\",\r\n        \"2018-02-14\",\r\n        \"2016-10-01\",\r\n        \"2015-06-01\"\r\n      ]\r\n    },\r\n    {\r\n      \"resourceType\": \"vaults/accessPolicies\",\r\n      \"locations\": [\r\n        \"North Central US\",\r\n        \"East US\",\r\n        \"North Europe\",\r\n        \"West Europe\",\r\n        \"East Asia\",\r\n        \"Southeast Asia\",\r\n        \"East US 2\",\r\n        \"Central US\",\r\n        \"South Central US\",\r\n        \"West US\",\r\n        \"Japan East\",\r\n        \"Japan West\",\r\n        \"Australia East\",\r\n        \"Australia Southeast\",\r\n        \"Brazil South\",\r\n        \"Central India\",\r\n        \"South India\",\r\n        \"West India\",\r\n        \"Canada Central\",\r\n        \"Canada East\",\r\n        \"UK South\",\r\n        \"UK West\",\r\n        \"West Central US\",\r\n        \"West US 2\",\r\n        \"Korea Central\",\r\n        \"Korea South\",\r\n        \"France Central\",\r\n        \"Australia Central\",\r\n        \"UAE North\",\r\n        \"South Africa North\",\r\n        \"Switzerland North\",\r\n        \"Germany West Central\",\r\n        \"Norway East\"\r\n      ],\r\n      \"apiVersions\": [\r\n        \"2019-09-01\",\r\n        \"2018-02-14-preview\",\r\n        \"2018-02-14\",\r\n        \"2016-10-01\",\r\n        \"2015-06-01\"\r\n      ]\r\n    },\r\n    {\r\n      \"resourceType\": \"operations\",\r\n      \"locations\": [],\r\n      \"apiVersions\": [\r\n        \"2019-09-01\",\r\n        \"2018-02-14-preview\",\r\n        \"2018-02-14\",\r\n        \"2016-10-01\",\r\n        \"2015-06-01\",\r\n        \"2014-12-19-preview\"\r\n      ]\r\n    },\r\n    {\r\n      \"resourceType\": \"checkNameAvailability\",\r\n      \"locations\": [],\r\n      \"apiVersions\": [\r\n        \"2019-09-01\",\r\n        \"2018-02-14-preview\",\r\n        \"2018-02-14\",\r\n        \"2016-10-01\",\r\n        \"2015-06-01\"\r\n      ]\r\n    },\r\n    {\r\n      \"resourceType\": \"deletedVaults\",\r\n      \"locations\": [\r\n        \"North Central US\",\r\n        \"East US\",\r\n        \"North Europe\",\r\n        \"West Europe\",\r\n        \"East Asia\",\r\n        \"Southeast Asia\",\r\n        \"East US 2\",\r\n        \"Central US\",\r\n        \"South Central US\",\r\n        \"West US\",\r\n        \"Japan East\",\r\n        \"Japan West\",\r\n        \"Australia East\",\r\n        \"Australia Southeast\",\r\n        \"Brazil South\",\r\n        \"Central India\",\r\n        \"South India\",\r\n        \"West India\",\r\n        \"Canada Central\",\r\n        \"Canada East\",\r\n        \"UK South\",\r\n        \"UK West\",\r\n        \"West Central US\",\r\n        \"West US 2\",\r\n        \"Korea Central\",\r\n        \"Korea South\",\r\n        \"France Central\",\r\n        \"Australia Central\",\r\n        \"UAE North\",\r\n        \"South Africa North\",\r\n        \"Switzerland North\",\r\n        \"Germany West Central\",\r\n        \"Norway East\"\r\n      ],\r\n      \"apiVersions\": [\r\n        \"2019-09-01\",\r\n        \"2018-02-14-preview\",\r\n        \"2018-02-14\",\r\n        \"2016-10-01\"\r\n      ]\r\n    },\r\n    {\r\n      \"resourceType\": \"locations\",\r\n      \"locations\": [],\r\n      \"apiVersions\": [\r\n        \"2019-09-01\",\r\n        \"2018-02-14-preview\",\r\n        \"2018-02-14\",\r\n        \"2016-10-01\"\r\n      ]\r\n    },\r\n    {\r\n      \"resourceType\": \"locations/deletedVaults\",\r\n      \"locations\": [\r\n        \"North Central US\",\r\n        \"East US\",\r\n        \"North Europe\",\r\n        \"West Europe\",\r\n        \"East Asia\",\r\n        \"Southeast Asia\",\r\n        \"East US 2\",\r\n        \"Central US\",\r\n        \"South Central US\",\r\n        \"West US\",\r\n        \"Japan East\",\r\n        \"Japan West\",\r\n        \"Australia East\",\r\n        \"Australia Southeast\",\r\n        \"Brazil South\",\r\n        \"Central India\",\r\n        \"South India\",\r\n        \"West India\",\r\n        \"Canada Central\",\r\n        \"Canada East\",\r\n        \"UK South\",\r\n        \"UK West\",\r\n        \"West Central US\",\r\n        \"West US 2\",\r\n        \"Korea Central\",\r\n        \"Korea South\",\r\n        \"France Central\",\r\n        \"Australia Central\",\r\n        \"UAE North\",\r\n        \"South Africa North\",\r\n        \"Switzerland North\",\r\n        \"Germany West Central\",\r\n        \"Norway East\"\r\n      ],\r\n      \"apiVersions\": [\r\n        \"2019-09-01\",\r\n        \"2018-02-14-preview\",\r\n        \"2018-02-14\",\r\n        \"2016-10-01\"\r\n      ]\r\n    },\r\n    {\r\n      \"resourceType\": \"locations/deleteVirtualNetworkOrSubnets\",\r\n      \"locations\": [\r\n        \"East US\",\r\n        \"North Central US\",\r\n        \"West Europe\",\r\n        \"North Europe\",\r\n        \"East Asia\",\r\n        \"Southeast Asia\",\r\n        \"East US 2\",\r\n        \"Central US\",\r\n        \"South Central US\",\r\n        \"West Central US\",\r\n        \"West US 2\",\r\n        \"West US\",\r\n        \"Japan East\",\r\n        \"Japan West\",\r\n        \"Australia East\",\r\n        \"Australia Southeast\",\r\n        \"Australia Central\",\r\n        \"Brazil South\",\r\n        \"Central India\",\r\n        \"South India\",\r\n        \"West India\",\r\n        \"Canada Central\",\r\n        \"Canada East\",\r\n        \"UK South\",\r\n        \"UK West\",\r\n        \"Korea Central\",\r\n        \"Korea South\",\r\n        \"France Central\",\r\n        \"UAE North\",\r\n        \"South Africa North\",\r\n        \"Switzerland North\",\r\n        \"Germany West Central\",\r\n        \"Norway East\"\r\n      ],\r\n      \"apiVersions\": [\r\n        \"2019-09-01\",\r\n        \"2018-02-14-preview\",\r\n        \"2018-02-14\",\r\n        \"2016-10-01\"\r\n      ]\r\n    },\r\n    {\r\n      \"resourceType\": \"locations/operationResults\",\r\n      \"locations\": [\r\n        \"North Central US\",\r\n        \"East US\",\r\n        \"North Europe\",\r\n        \"West Europe\",\r\n        \"East Asia\",\r\n        \"Southeast Asia\",\r\n        \"East US 2\",\r\n        \"Central US\",\r\n        \"South Central US\",\r\n        \"West US\",\r\n        \"Japan East\",\r\n        \"Japan West\",\r\n        \"Australia East\",\r\n        \"Australia Southeast\",\r\n        \"Brazil South\",\r\n        \"Central India\",\r\n        \"South India\",\r\n        \"West India\",\r\n        \"Canada Central\",\r\n        \"Canada East\",\r\n        \"UK South\",\r\n        \"UK West\",\r\n        \"West Central US\",\r\n        \"West US 2\",\r\n        \"Korea Central\",\r\n        \"Korea South\",\r\n        \"France Central\",\r\n        \"Australia Central\",\r\n        \"UAE North\",\r\n        \"South Africa North\",\r\n        \"Switzerland North\",\r\n        \"Germany West Central\",\r\n        \"Norway East\"\r\n      ],\r\n      \"apiVersions\": [\r\n        \"2019-09-01\",\r\n        \"2018-02-14-preview\",\r\n        \"2018-02-14\",\r\n        \"2016-10-01\"\r\n      ]\r\n    },\r\n    {\r\n      \"resourceType\": \"vaults/eventGridFilters\",\r\n      \"locations\": [\r\n        \"North Central US\",\r\n        \"East US\",\r\n        \"North Europe\",\r\n        \"West Europe\",\r\n        \"East Asia\",\r\n        \"Southeast Asia\",\r\n        \"East US 2\",\r\n        \"Central US\",\r\n        \"South Central US\",\r\n        \"West US\",\r\n        \"Japan East\",\r\n        \"Japan West\",\r\n        \"Australia East\",\r\n        \"Australia Southeast\",\r\n        \"Brazil South\",\r\n        \"Central India\",\r\n        \"South India\",\r\n        \"West India\",\r\n        \"Canada Central\",\r\n        \"Canada East\",\r\n        \"UK South\",\r\n        \"UK West\",\r\n        \"West Central US\",\r\n        \"West US 2\",\r\n        \"Korea Central\",\r\n        \"Korea South\",\r\n        \"France Central\",\r\n        \"Australia Central\",\r\n        \"UAE North\",\r\n        \"South Africa North\",\r\n        \"Switzerland North\",\r\n        \"Germany West Central\",\r\n        \"Norway East\"\r\n      ],\r\n      \"apiVersions\": [\r\n        \"2019-09-01\",\r\n        \"2018-02-14-preview\",\r\n        \"2018-02-14\"\r\n      ]\r\n    }\r\n  ],\r\n  \"registrationState\": \"Registered\"\r\n}",
      "StatusCode": 200
    },
    {
      "RequestUri": "/subscriptions/c9cbd920-c00c-427c-852b-8aaf38badaeb/resourcegroups/ps7732?api-version=2016-09-01",
      "EncodedRequestUri": "L3N1YnNjcmlwdGlvbnMvYzljYmQ5MjAtYzAwYy00MjdjLTg1MmItOGFhZjM4YmFkYWViL3Jlc291cmNlZ3JvdXBzL3BzNzczMj9hcGktdmVyc2lvbj0yMDE2LTA5LTAx",
      "RequestMethod": "PUT",
      "RequestBody": "{\r\n  \"location\": \"West US\"\r\n}",
      "RequestHeaders": {
        "x-ms-client-request-id": [
          "598b9697-f242-417f-a01a-4ba972204a0a"
        ],
        "Accept-Language": [
          "en-US"
        ],
        "User-Agent": [
          "FxVersion/4.6.28516.03",
          "OSName/Windows",
          "OSVersion/Microsoft.Windows.10.0.18363.",
          "Microsoft.Azure.Management.Internal.Resources.ResourceManagementClient/1.3.11"
        ],
        "Content-Type": [
          "application/json; charset=utf-8"
        ],
        "Content-Length": [
          "29"
        ]
      },
      "ResponseHeaders": {
        "Cache-Control": [
          "no-cache"
        ],
        "Pragma": [
          "no-cache"
        ],
        "x-ms-ratelimit-remaining-subscription-writes": [
          "1198"
        ],
        "x-ms-request-id": [
          "cbe7c9b5-1914-4d1c-a834-8657f0dc3c5d"
        ],
        "x-ms-correlation-request-id": [
          "cbe7c9b5-1914-4d1c-a834-8657f0dc3c5d"
        ],
        "x-ms-routing-request-id": [
          "SOUTHEASTASIA:20200331T085618Z:cbe7c9b5-1914-4d1c-a834-8657f0dc3c5d"
        ],
        "Strict-Transport-Security": [
          "max-age=31536000; includeSubDomains"
        ],
        "X-Content-Type-Options": [
          "nosniff"
        ],
        "Date": [
          "Tue, 31 Mar 2020 08:56:18 GMT"
        ],
        "Content-Length": [
          "165"
        ],
        "Content-Type": [
          "application/json; charset=utf-8"
        ],
        "Expires": [
          "-1"
        ]
      },
      "ResponseBody": "{\r\n  \"id\": \"/subscriptions/c9cbd920-c00c-427c-852b-8aaf38badaeb/resourceGroups/ps7732\",\r\n  \"name\": \"ps7732\",\r\n  \"location\": \"westus\",\r\n  \"properties\": {\r\n    \"provisioningState\": \"Succeeded\"\r\n  }\r\n}",
      "StatusCode": 201
    },
    {
      "RequestUri": "/subscriptions/c9cbd920-c00c-427c-852b-8aaf38badaeb/resources?$filter=resourceType%20eq%20'Microsoft.KeyVault%2Fvaults'&api-version=2016-09-01",
      "EncodedRequestUri": "L3N1YnNjcmlwdGlvbnMvYzljYmQ5MjAtYzAwYy00MjdjLTg1MmItOGFhZjM4YmFkYWViL3Jlc291cmNlcz8kZmlsdGVyPXJlc291cmNlVHlwZSUyMGVxJTIwJ01pY3Jvc29mdC5LZXlWYXVsdCUyRnZhdWx0cycmYXBpLXZlcnNpb249MjAxNi0wOS0wMQ==",
      "RequestMethod": "GET",
      "RequestBody": "",
      "RequestHeaders": {
        "x-ms-client-request-id": [
          "9ace07f1-e1f6-4ebf-b41b-51cae9520a87"
        ],
        "Accept-Language": [
          "en-US"
        ],
        "User-Agent": [
          "FxVersion/4.6.28516.03",
          "OSName/Windows",
          "OSVersion/Microsoft.Windows.10.0.18363.",
          "Microsoft.Azure.Management.Internal.Resources.ResourceManagementClient/1.3.11"
        ]
      },
      "ResponseHeaders": {
        "Cache-Control": [
          "no-cache"
        ],
        "Pragma": [
          "no-cache"
        ],
        "x-ms-ratelimit-remaining-subscription-reads": [
          "11996"
        ],
        "x-ms-request-id": [
          "9b08cec5-846c-47b9-91af-2ee9d0dec3ba"
        ],
        "x-ms-correlation-request-id": [
          "9b08cec5-846c-47b9-91af-2ee9d0dec3ba"
        ],
        "x-ms-routing-request-id": [
          "SOUTHEASTASIA:20200331T085618Z:9b08cec5-846c-47b9-91af-2ee9d0dec3ba"
        ],
        "Strict-Transport-Security": [
          "max-age=31536000; includeSubDomains"
        ],
        "X-Content-Type-Options": [
          "nosniff"
        ],
        "Date": [
          "Tue, 31 Mar 2020 08:56:18 GMT"
        ],
        "Content-Type": [
          "application/json; charset=utf-8"
        ],
        "Expires": [
          "-1"
        ],
        "Content-Length": [
          "1170"
        ]
      },
      "ResponseBody": "{\r\n  \"value\": [\r\n    {\r\n      \"id\": \"/subscriptions/c9cbd920-c00c-427c-852b-8aaf38badaeb/resourceGroups/ps7548/providers/Microsoft.KeyVault/vaults/ps267\",\r\n      \"name\": \"ps267\",\r\n      \"type\": \"Microsoft.KeyVault/vaults\",\r\n      \"location\": \"westus\",\r\n      \"tags\": {}\r\n    },\r\n    {\r\n      \"id\": \"/subscriptions/c9cbd920-c00c-427c-852b-8aaf38badaeb/resourceGroups/ps7548/providers/Microsoft.KeyVault/vaults/ps4721\",\r\n      \"name\": \"ps4721\",\r\n      \"type\": \"Microsoft.KeyVault/vaults\",\r\n      \"location\": \"westus\",\r\n      \"tags\": {\r\n        \"asdf\": \"qwerty\"\r\n      }\r\n    },\r\n    {\r\n      \"id\": \"/subscriptions/c9cbd920-c00c-427c-852b-8aaf38badaeb/resourceGroups/ps7548/providers/Microsoft.KeyVault/vaults/ps5726\",\r\n      \"name\": \"ps5726\",\r\n      \"type\": \"Microsoft.KeyVault/vaults\",\r\n      \"location\": \"westus\",\r\n      \"tags\": {}\r\n    },\r\n    {\r\n      \"id\": \"/subscriptions/c9cbd920-c00c-427c-852b-8aaf38badaeb/resourceGroups/pshtestrg329/providers/Microsoft.KeyVault/vaults/pshtestvault5414\",\r\n      \"name\": \"pshtestvault5414\",\r\n      \"type\": \"Microsoft.KeyVault/vaults\",\r\n      \"location\": \"northcentralus\",\r\n      \"tags\": {\r\n        \"testtag\": \"testvalue\"\r\n      }\r\n    },\r\n    {\r\n      \"id\": \"/subscriptions/c9cbd920-c00c-427c-852b-8aaf38badaeb/resourceGroups/pshtestrg7941/providers/Microsoft.KeyVault/vaults/pshtestvault2685\",\r\n      \"name\": \"pshtestvault2685\",\r\n      \"type\": \"Microsoft.KeyVault/vaults\",\r\n      \"location\": \"northcentralus\",\r\n      \"tags\": {\r\n        \"testtag\": \"testvalue\"\r\n      }\r\n    }\r\n  ]\r\n}",
      "StatusCode": 200
    },
    {
      "RequestUri": "/subscriptions/c9cbd920-c00c-427c-852b-8aaf38badaeb/resources?$filter=resourceType%20eq%20'Microsoft.KeyVault%2Fvaults'&api-version=2016-09-01",
      "EncodedRequestUri": "L3N1YnNjcmlwdGlvbnMvYzljYmQ5MjAtYzAwYy00MjdjLTg1MmItOGFhZjM4YmFkYWViL3Jlc291cmNlcz8kZmlsdGVyPXJlc291cmNlVHlwZSUyMGVxJTIwJ01pY3Jvc29mdC5LZXlWYXVsdCUyRnZhdWx0cycmYXBpLXZlcnNpb249MjAxNi0wOS0wMQ==",
      "RequestMethod": "GET",
      "RequestBody": "",
      "RequestHeaders": {
        "x-ms-client-request-id": [
          "9e2f2183-d7da-4de6-a55d-d69a59e02256"
        ],
        "Accept-Language": [
          "en-US"
        ],
        "User-Agent": [
          "FxVersion/4.6.28516.03",
          "OSName/Windows",
          "OSVersion/Microsoft.Windows.10.0.18363.",
          "Microsoft.Azure.Management.Internal.Resources.ResourceManagementClient/1.3.11"
        ]
      },
      "ResponseHeaders": {
        "Cache-Control": [
          "no-cache"
        ],
        "Pragma": [
          "no-cache"
        ],
        "x-ms-ratelimit-remaining-subscription-reads": [
          "11995"
        ],
        "x-ms-request-id": [
          "f9f3d311-d188-45d7-bfbd-9169812978eb"
        ],
        "x-ms-correlation-request-id": [
          "f9f3d311-d188-45d7-bfbd-9169812978eb"
        ],
        "x-ms-routing-request-id": [
          "SOUTHEASTASIA:20200331T085656Z:f9f3d311-d188-45d7-bfbd-9169812978eb"
        ],
        "Strict-Transport-Security": [
          "max-age=31536000; includeSubDomains"
        ],
        "X-Content-Type-Options": [
          "nosniff"
        ],
        "Date": [
          "Tue, 31 Mar 2020 08:56:56 GMT"
        ],
        "Content-Type": [
          "application/json; charset=utf-8"
        ],
        "Expires": [
          "-1"
        ],
        "Content-Length": [
          "1375"
        ]
      },
      "ResponseBody": "{\r\n  \"value\": [\r\n    {\r\n      \"id\": \"/subscriptions/c9cbd920-c00c-427c-852b-8aaf38badaeb/resourceGroups/ps7548/providers/Microsoft.KeyVault/vaults/ps267\",\r\n      \"name\": \"ps267\",\r\n      \"type\": \"Microsoft.KeyVault/vaults\",\r\n      \"location\": \"westus\",\r\n      \"tags\": {}\r\n    },\r\n    {\r\n      \"id\": \"/subscriptions/c9cbd920-c00c-427c-852b-8aaf38badaeb/resourceGroups/ps7548/providers/Microsoft.KeyVault/vaults/ps4721\",\r\n      \"name\": \"ps4721\",\r\n      \"type\": \"Microsoft.KeyVault/vaults\",\r\n      \"location\": \"westus\",\r\n      \"tags\": {\r\n        \"asdf\": \"qwerty\"\r\n      }\r\n    },\r\n    {\r\n      \"id\": \"/subscriptions/c9cbd920-c00c-427c-852b-8aaf38badaeb/resourceGroups/ps7548/providers/Microsoft.KeyVault/vaults/ps5726\",\r\n      \"name\": \"ps5726\",\r\n      \"type\": \"Microsoft.KeyVault/vaults\",\r\n      \"location\": \"westus\",\r\n      \"tags\": {}\r\n    },\r\n    {\r\n      \"id\": \"/subscriptions/c9cbd920-c00c-427c-852b-8aaf38badaeb/resourceGroups/ps7732/providers/Microsoft.KeyVault/vaults/ps690\",\r\n      \"name\": \"ps690\",\r\n      \"type\": \"Microsoft.KeyVault/vaults\",\r\n      \"location\": \"westus\",\r\n      \"tags\": {}\r\n    },\r\n    {\r\n      \"id\": \"/subscriptions/c9cbd920-c00c-427c-852b-8aaf38badaeb/resourceGroups/pshtestrg329/providers/Microsoft.KeyVault/vaults/pshtestvault5414\",\r\n      \"name\": \"pshtestvault5414\",\r\n      \"type\": \"Microsoft.KeyVault/vaults\",\r\n      \"location\": \"northcentralus\",\r\n      \"tags\": {\r\n        \"testtag\": \"testvalue\"\r\n      }\r\n    },\r\n    {\r\n      \"id\": \"/subscriptions/c9cbd920-c00c-427c-852b-8aaf38badaeb/resourceGroups/pshtestrg7941/providers/Microsoft.KeyVault/vaults/pshtestvault2685\",\r\n      \"name\": \"pshtestvault2685\",\r\n      \"type\": \"Microsoft.KeyVault/vaults\",\r\n      \"location\": \"northcentralus\",\r\n      \"tags\": {\r\n        \"testtag\": \"testvalue\"\r\n      }\r\n    }\r\n  ]\r\n}",
      "StatusCode": 200
    },
    {
      "RequestUri": "/subscriptions/c9cbd920-c00c-427c-852b-8aaf38badaeb/resources?$filter=resourceType%20eq%20'Microsoft.KeyVault%2Fvaults'&api-version=2016-09-01",
      "EncodedRequestUri": "L3N1YnNjcmlwdGlvbnMvYzljYmQ5MjAtYzAwYy00MjdjLTg1MmItOGFhZjM4YmFkYWViL3Jlc291cmNlcz8kZmlsdGVyPXJlc291cmNlVHlwZSUyMGVxJTIwJ01pY3Jvc29mdC5LZXlWYXVsdCUyRnZhdWx0cycmYXBpLXZlcnNpb249MjAxNi0wOS0wMQ==",
      "RequestMethod": "GET",
      "RequestBody": "",
      "RequestHeaders": {
        "x-ms-client-request-id": [
          "e39c6fb7-cb6a-4181-9f2c-39bb9af24908"
        ],
        "Accept-Language": [
          "en-US"
        ],
        "User-Agent": [
          "FxVersion/4.6.28516.03",
          "OSName/Windows",
          "OSVersion/Microsoft.Windows.10.0.18363.",
          "Microsoft.Azure.Management.Internal.Resources.ResourceManagementClient/1.3.11"
        ]
      },
      "ResponseHeaders": {
        "Cache-Control": [
          "no-cache"
        ],
        "Pragma": [
          "no-cache"
        ],
        "x-ms-ratelimit-remaining-subscription-reads": [
          "11994"
        ],
        "x-ms-request-id": [
          "d562d574-b8c4-447a-a5d1-d1db76343aeb"
        ],
        "x-ms-correlation-request-id": [
          "d562d574-b8c4-447a-a5d1-d1db76343aeb"
        ],
        "x-ms-routing-request-id": [
          "SOUTHEASTASIA:20200331T085657Z:d562d574-b8c4-447a-a5d1-d1db76343aeb"
        ],
        "Strict-Transport-Security": [
          "max-age=31536000; includeSubDomains"
        ],
        "X-Content-Type-Options": [
          "nosniff"
        ],
        "Date": [
          "Tue, 31 Mar 2020 08:56:56 GMT"
        ],
        "Content-Type": [
          "application/json; charset=utf-8"
        ],
        "Expires": [
          "-1"
        ],
        "Content-Length": [
          "1375"
        ]
      },
      "ResponseBody": "{\r\n  \"value\": [\r\n    {\r\n      \"id\": \"/subscriptions/c9cbd920-c00c-427c-852b-8aaf38badaeb/resourceGroups/ps7548/providers/Microsoft.KeyVault/vaults/ps267\",\r\n      \"name\": \"ps267\",\r\n      \"type\": \"Microsoft.KeyVault/vaults\",\r\n      \"location\": \"westus\",\r\n      \"tags\": {}\r\n    },\r\n    {\r\n      \"id\": \"/subscriptions/c9cbd920-c00c-427c-852b-8aaf38badaeb/resourceGroups/ps7548/providers/Microsoft.KeyVault/vaults/ps4721\",\r\n      \"name\": \"ps4721\",\r\n      \"type\": \"Microsoft.KeyVault/vaults\",\r\n      \"location\": \"westus\",\r\n      \"tags\": {\r\n        \"asdf\": \"qwerty\"\r\n      }\r\n    },\r\n    {\r\n      \"id\": \"/subscriptions/c9cbd920-c00c-427c-852b-8aaf38badaeb/resourceGroups/ps7548/providers/Microsoft.KeyVault/vaults/ps5726\",\r\n      \"name\": \"ps5726\",\r\n      \"type\": \"Microsoft.KeyVault/vaults\",\r\n      \"location\": \"westus\",\r\n      \"tags\": {}\r\n    },\r\n    {\r\n      \"id\": \"/subscriptions/c9cbd920-c00c-427c-852b-8aaf38badaeb/resourceGroups/ps7732/providers/Microsoft.KeyVault/vaults/ps690\",\r\n      \"name\": \"ps690\",\r\n      \"type\": \"Microsoft.KeyVault/vaults\",\r\n      \"location\": \"westus\",\r\n      \"tags\": {}\r\n    },\r\n    {\r\n      \"id\": \"/subscriptions/c9cbd920-c00c-427c-852b-8aaf38badaeb/resourceGroups/pshtestrg329/providers/Microsoft.KeyVault/vaults/pshtestvault5414\",\r\n      \"name\": \"pshtestvault5414\",\r\n      \"type\": \"Microsoft.KeyVault/vaults\",\r\n      \"location\": \"northcentralus\",\r\n      \"tags\": {\r\n        \"testtag\": \"testvalue\"\r\n      }\r\n    },\r\n    {\r\n      \"id\": \"/subscriptions/c9cbd920-c00c-427c-852b-8aaf38badaeb/resourceGroups/pshtestrg7941/providers/Microsoft.KeyVault/vaults/pshtestvault2685\",\r\n      \"name\": \"pshtestvault2685\",\r\n      \"type\": \"Microsoft.KeyVault/vaults\",\r\n      \"location\": \"northcentralus\",\r\n      \"tags\": {\r\n        \"testtag\": \"testvalue\"\r\n      }\r\n    }\r\n  ]\r\n}",
      "StatusCode": 200
    },
    {
      "RequestUri": "/72f988bf-86f1-41af-91ab-2d7cd011db47/users?$filter=userPrincipalName%20eq%20'test'&api-version=1.6",
      "EncodedRequestUri": "LzcyZjk4OGJmLTg2ZjEtNDFhZi05MWFiLTJkN2NkMDExZGI0Ny91c2Vycz8kZmlsdGVyPXVzZXJQcmluY2lwYWxOYW1lJTIwZXElMjAndGVzdCcmYXBpLXZlcnNpb249MS42",
      "RequestMethod": "GET",
      "RequestBody": "",
      "RequestHeaders": {
        "x-ms-client-request-id": [
          "cf38c233-fed2-4946-9377-fb488ae73027"
        ],
        "Accept-Language": [
          "en-US"
        ],
        "User-Agent": [
          "FxVersion/4.6.28516.03",
          "OSName/Windows",
          "OSVersion/Microsoft.Windows.10.0.18363.",
          "Microsoft.Azure.Graph.RBAC.Version1.6.GraphRbacManagementClient/1.3.11"
        ]
      },
      "ResponseHeaders": {
        "Cache-Control": [
          "no-cache"
        ],
        "Pragma": [
          "no-cache"
        ],
        "ocp-aad-diagnostics-server-name": [
          "UGURGCoIXEqCNOXVDccGeYNc2SPaXu5HS1ihFki7adk="
        ],
        "request-id": [
          "1a6c9f1d-8b72-4314-a2f9-3d373ab5a501"
        ],
        "client-request-id": [
          "cf38c233-fed2-4946-9377-fb488ae73027"
        ],
        "x-ms-dirapi-data-contract-version": [
          "1.6"
        ],
        "ocp-aad-session-key": [
          "KrHuE5W4vP9O9Eq_3WyDXy4kpwVo4xEHPaUa7IkloLTN9OOo4WFE85e5mtYloQKLy97ceL_tMhIAFfk3szOHLDlkZXEo5ACx-qJYat5cB0QOX2r8A0B6TZ2oidDAEdqb.-KfVrRu8_L5BARitU1GgUrQERrBs4aBL5Vi-a1AgnoE"
        ],
        "DataServiceVersion": [
          "3.0;"
        ],
        "Strict-Transport-Security": [
          "max-age=31536000; includeSubDomains"
        ],
        "Access-Control-Allow-Origin": [
          "*"
        ],
        "X-AspNet-Version": [
          "4.0.30319"
        ],
        "X-Powered-By": [
          "ASP.NET"
        ],
        "Duration": [
          "334702"
        ],
        "Date": [
          "Tue, 31 Mar 2020 08:56:18 GMT"
        ],
        "Content-Type": [
          "application/json; odata=minimalmetadata; streaming=true; charset=utf-8"
        ],
        "Expires": [
          "-1"
        ],
        "Content-Length": [
          "219"
        ]
      },
      "ResponseBody": "{\r\n  \"odata.error\": {\r\n    \"code\": \"Authorization_RequestDenied\",\r\n    \"message\": {\r\n      \"lang\": \"en\",\r\n      \"value\": \"Insufficient privileges to complete the operation.\"\r\n    },\r\n    \"requestId\": \"1a6c9f1d-8b72-4314-a2f9-3d373ab5a501\",\r\n    \"date\": \"2020-03-31T08:56:19\"\r\n  }\r\n}",
      "StatusCode": 403
    },
    {
      "RequestUri": "/subscriptions/c9cbd920-c00c-427c-852b-8aaf38badaeb/resourceGroups/ps7732/providers/Microsoft.KeyVault/vaults/ps690?api-version=2019-09-01",
      "EncodedRequestUri": "L3N1YnNjcmlwdGlvbnMvYzljYmQ5MjAtYzAwYy00MjdjLTg1MmItOGFhZjM4YmFkYWViL3Jlc291cmNlR3JvdXBzL3BzNzczMi9wcm92aWRlcnMvTWljcm9zb2Z0LktleVZhdWx0L3ZhdWx0cy9wczY5MD9hcGktdmVyc2lvbj0yMDE5LTA5LTAx",
      "RequestMethod": "PUT",
      "RequestBody": "{\r\n  \"location\": \"West US\",\r\n  \"properties\": {\r\n    \"tenantId\": \"72f988bf-86f1-41af-91ab-2d7cd011db47\",\r\n    \"sku\": {\r\n      \"name\": \"standard\",\r\n      \"family\": \"A\"\r\n    },\r\n    \"accessPolicies\": [],\r\n    \"vaultUri\": \"\",\r\n    \"enabledForDeployment\": false,\r\n    \"enabledForDiskEncryption\": false,\r\n    \"enabledForTemplateDeployment\": false,\r\n    \"enableSoftDelete\": true,\r\n    \"enablePurgeProtection\": true,\r\n    \"networkAcls\": {\r\n      \"bypass\": \"AzureServices\",\r\n      \"defaultAction\": \"Allow\"\r\n    }\r\n  }\r\n}",
      "RequestHeaders": {
        "x-ms-client-request-id": [
          "27fca4ac-e9dc-40a8-a56c-e103bd53bf6a"
        ],
        "Accept-Language": [
          "en-US"
        ],
        "User-Agent": [
          "FxVersion/4.6.28516.03",
          "OSName/Windows",
          "OSVersion/Microsoft.Windows.10.0.18363.",
          "Microsoft.Azure.Management.KeyVault.KeyVaultManagementClient/3.0.0.0"
        ],
        "Content-Type": [
          "application/json; charset=utf-8"
        ],
        "Content-Length": [
          "511"
        ]
      },
      "ResponseHeaders": {
        "Cache-Control": [
          "no-cache"
        ],
        "Pragma": [
          "no-cache"
        ],
        "x-ms-keyvault-service-version": [
          "1.1.0.276"
        ],
        "x-ms-request-id": [
          "a236c82d-0a58-495d-b3f7-222f82fa496b"
        ],
        "Strict-Transport-Security": [
          "max-age=31536000; includeSubDomains"
        ],
        "X-Content-Type-Options": [
          "nosniff"
        ],
        "Server": [
          "Microsoft-IIS/10.0"
        ],
        "X-AspNet-Version": [
          "4.0.30319"
        ],
        "X-Powered-By": [
          "ASP.NET"
        ],
        "x-ms-ratelimit-remaining-subscription-writes": [
          "1199"
        ],
        "x-ms-correlation-request-id": [
          "3bcb5b3b-4722-44d1-9b9b-f9eac9032d5c"
        ],
        "x-ms-routing-request-id": [
          "SOUTHEASTASIA:20200331T085626Z:3bcb5b3b-4722-44d1-9b9b-f9eac9032d5c"
        ],
        "Date": [
          "Tue, 31 Mar 2020 08:56:25 GMT"
        ],
        "Content-Length": [
          "561"
        ],
        "Content-Type": [
          "application/json; charset=utf-8"
        ],
        "Expires": [
          "-1"
        ]
      },
      "ResponseBody": "{\r\n  \"id\": \"/subscriptions/c9cbd920-c00c-427c-852b-8aaf38badaeb/resourceGroups/ps7732/providers/Microsoft.KeyVault/vaults/ps690\",\r\n  \"name\": \"ps690\",\r\n  \"type\": \"Microsoft.KeyVault/vaults\",\r\n  \"location\": \"West US\",\r\n  \"tags\": {},\r\n  \"properties\": {\r\n    \"sku\": {\r\n      \"family\": \"A\",\r\n      \"name\": \"standard\"\r\n    },\r\n    \"tenantId\": \"72f988bf-86f1-41af-91ab-2d7cd011db47\",\r\n    \"accessPolicies\": [],\r\n    \"enabledForDeployment\": false,\r\n    \"enabledForDiskEncryption\": false,\r\n    \"enabledForTemplateDeployment\": false,\r\n    \"enableSoftDelete\": true,\r\n    \"enablePurgeProtection\": true,\r\n    \"vaultUri\": \"https://ps690.vault.azure.net\",\r\n    \"provisioningState\": \"RegisteringDns\"\r\n  }\r\n}",
      "StatusCode": 200
    },
    {
      "RequestUri": "/subscriptions/c9cbd920-c00c-427c-852b-8aaf38badaeb/resourceGroups/ps7732/providers/Microsoft.KeyVault/vaults/ps690?api-version=2019-09-01",
      "EncodedRequestUri": "L3N1YnNjcmlwdGlvbnMvYzljYmQ5MjAtYzAwYy00MjdjLTg1MmItOGFhZjM4YmFkYWViL3Jlc291cmNlR3JvdXBzL3BzNzczMi9wcm92aWRlcnMvTWljcm9zb2Z0LktleVZhdWx0L3ZhdWx0cy9wczY5MD9hcGktdmVyc2lvbj0yMDE5LTA5LTAx",
      "RequestMethod": "GET",
      "RequestBody": "",
      "RequestHeaders": {
        "User-Agent": [
          "FxVersion/4.6.28516.03",
          "OSName/Windows",
          "OSVersion/Microsoft.Windows.10.0.18363.",
          "Microsoft.Azure.Management.KeyVault.KeyVaultManagementClient/3.0.0.0"
        ]
      },
      "ResponseHeaders": {
        "Cache-Control": [
          "no-cache"
        ],
        "Pragma": [
          "no-cache"
        ],
        "x-ms-keyvault-service-version": [
          "1.1.0.276"
        ],
        "x-ms-request-id": [
          "d58c3900-78a9-41d9-a7f4-1ff66e1d03db"
        ],
        "Strict-Transport-Security": [
          "max-age=31536000; includeSubDomains"
        ],
        "X-Content-Type-Options": [
          "nosniff"
        ],
        "Server": [
          "Microsoft-IIS/10.0"
        ],
        "X-AspNet-Version": [
          "4.0.30319"
        ],
        "X-Powered-By": [
          "ASP.NET"
        ],
        "x-ms-ratelimit-remaining-subscription-reads": [
          "11999"
        ],
        "x-ms-correlation-request-id": [
          "2b9ae647-59d6-44f0-be5a-240788d25b23"
        ],
        "x-ms-routing-request-id": [
          "SOUTHEASTASIA:20200331T085656Z:2b9ae647-59d6-44f0-be5a-240788d25b23"
        ],
        "Date": [
          "Tue, 31 Mar 2020 08:56:56 GMT"
        ],
        "Content-Length": [
          "557"
        ],
        "Content-Type": [
          "application/json; charset=utf-8"
        ],
        "Expires": [
          "-1"
        ]
      },
      "ResponseBody": "{\r\n  \"id\": \"/subscriptions/c9cbd920-c00c-427c-852b-8aaf38badaeb/resourceGroups/ps7732/providers/Microsoft.KeyVault/vaults/ps690\",\r\n  \"name\": \"ps690\",\r\n  \"type\": \"Microsoft.KeyVault/vaults\",\r\n  \"location\": \"West US\",\r\n  \"tags\": {},\r\n  \"properties\": {\r\n    \"sku\": {\r\n      \"family\": \"A\",\r\n      \"name\": \"standard\"\r\n    },\r\n    \"tenantId\": \"72f988bf-86f1-41af-91ab-2d7cd011db47\",\r\n    \"accessPolicies\": [],\r\n    \"enabledForDeployment\": false,\r\n    \"enabledForDiskEncryption\": false,\r\n    \"enabledForTemplateDeployment\": false,\r\n    \"enableSoftDelete\": true,\r\n    \"enablePurgeProtection\": true,\r\n    \"vaultUri\": \"https://ps690.vault.azure.net/\",\r\n    \"provisioningState\": \"Succeeded\"\r\n  }\r\n}",
      "StatusCode": 200
    },
    {
      "RequestUri": "/subscriptions/c9cbd920-c00c-427c-852b-8aaf38badaeb/resourceGroups/ps7732/providers/Microsoft.KeyVault/vaults/ps690?api-version=2019-09-01",
      "EncodedRequestUri": "L3N1YnNjcmlwdGlvbnMvYzljYmQ5MjAtYzAwYy00MjdjLTg1MmItOGFhZjM4YmFkYWViL3Jlc291cmNlR3JvdXBzL3BzNzczMi9wcm92aWRlcnMvTWljcm9zb2Z0LktleVZhdWx0L3ZhdWx0cy9wczY5MD9hcGktdmVyc2lvbj0yMDE5LTA5LTAx",
      "RequestMethod": "GET",
      "RequestBody": "",
      "RequestHeaders": {
        "x-ms-client-request-id": [
          "b7b2c32f-db8a-4594-9150-b62abcca477d"
        ],
        "Accept-Language": [
          "en-US"
        ],
        "User-Agent": [
          "FxVersion/4.6.28516.03",
          "OSName/Windows",
          "OSVersion/Microsoft.Windows.10.0.18363.",
          "Microsoft.Azure.Management.KeyVault.KeyVaultManagementClient/3.0.0.0"
        ]
      },
      "ResponseHeaders": {
        "Cache-Control": [
          "no-cache"
        ],
        "Pragma": [
          "no-cache"
        ],
        "x-ms-keyvault-service-version": [
          "1.1.0.276"
        ],
        "x-ms-request-id": [
          "3128becf-83a8-44fb-ad1d-d3773cffaa68"
        ],
        "Strict-Transport-Security": [
          "max-age=31536000; includeSubDomains"
        ],
        "X-Content-Type-Options": [
          "nosniff"
        ],
        "Server": [
          "Microsoft-IIS/10.0"
        ],
        "X-AspNet-Version": [
          "4.0.30319"
        ],
        "X-Powered-By": [
          "ASP.NET"
        ],
        "x-ms-ratelimit-remaining-subscription-reads": [
          "11998"
        ],
        "x-ms-correlation-request-id": [
          "75b0f243-405b-465e-bee1-3249f30fd6c8"
        ],
        "x-ms-routing-request-id": [
          "SOUTHEASTASIA:20200331T085656Z:75b0f243-405b-465e-bee1-3249f30fd6c8"
        ],
        "Date": [
          "Tue, 31 Mar 2020 08:56:56 GMT"
        ],
        "Content-Length": [
          "557"
        ],
        "Content-Type": [
          "application/json; charset=utf-8"
        ],
        "Expires": [
          "-1"
        ]
      },
      "ResponseBody": "{\r\n  \"id\": \"/subscriptions/c9cbd920-c00c-427c-852b-8aaf38badaeb/resourceGroups/ps7732/providers/Microsoft.KeyVault/vaults/ps690\",\r\n  \"name\": \"ps690\",\r\n  \"type\": \"Microsoft.KeyVault/vaults\",\r\n  \"location\": \"West US\",\r\n  \"tags\": {},\r\n  \"properties\": {\r\n    \"sku\": {\r\n      \"family\": \"A\",\r\n      \"name\": \"standard\"\r\n    },\r\n    \"tenantId\": \"72f988bf-86f1-41af-91ab-2d7cd011db47\",\r\n    \"accessPolicies\": [],\r\n    \"enabledForDeployment\": false,\r\n    \"enabledForDiskEncryption\": false,\r\n    \"enabledForTemplateDeployment\": false,\r\n    \"enableSoftDelete\": true,\r\n    \"enablePurgeProtection\": true,\r\n    \"vaultUri\": \"https://ps690.vault.azure.net/\",\r\n    \"provisioningState\": \"Succeeded\"\r\n  }\r\n}",
      "StatusCode": 200
    },
    {
      "RequestUri": "/subscriptions/c9cbd920-c00c-427c-852b-8aaf38badaeb/resourceGroups/ps7732/providers/Microsoft.KeyVault/vaults/ps690?api-version=2019-09-01",
      "EncodedRequestUri": "L3N1YnNjcmlwdGlvbnMvYzljYmQ5MjAtYzAwYy00MjdjLTg1MmItOGFhZjM4YmFkYWViL3Jlc291cmNlR3JvdXBzL3BzNzczMi9wcm92aWRlcnMvTWljcm9zb2Z0LktleVZhdWx0L3ZhdWx0cy9wczY5MD9hcGktdmVyc2lvbj0yMDE5LTA5LTAx",
      "RequestMethod": "GET",
      "RequestBody": "",
      "RequestHeaders": {
        "x-ms-client-request-id": [
          "986b8b21-09a4-40d3-9629-5a1cc5f1a7bd"
        ],
        "Accept-Language": [
          "en-US"
        ],
        "User-Agent": [
          "FxVersion/4.6.28516.03",
          "OSName/Windows",
          "OSVersion/Microsoft.Windows.10.0.18363.",
          "Microsoft.Azure.Management.KeyVault.KeyVaultManagementClient/3.0.0.0"
        ]
      },
      "ResponseHeaders": {
        "Cache-Control": [
          "no-cache"
        ],
        "Pragma": [
          "no-cache"
        ],
        "x-ms-keyvault-service-version": [
          "1.1.0.276"
        ],
        "x-ms-request-id": [
          "a982d044-9e97-49ee-b496-170a1f93e049"
        ],
        "Strict-Transport-Security": [
          "max-age=31536000; includeSubDomains"
        ],
        "X-Content-Type-Options": [
          "nosniff"
        ],
        "Server": [
          "Microsoft-IIS/10.0"
        ],
        "X-AspNet-Version": [
          "4.0.30319"
        ],
        "X-Powered-By": [
          "ASP.NET"
        ],
        "x-ms-ratelimit-remaining-subscription-reads": [
          "11997"
        ],
        "x-ms-correlation-request-id": [
          "ea5f7af5-c79e-45b2-8b3f-4f0b419a3ed6"
        ],
        "x-ms-routing-request-id": [
          "SOUTHEASTASIA:20200331T085656Z:ea5f7af5-c79e-45b2-8b3f-4f0b419a3ed6"
        ],
        "Date": [
          "Tue, 31 Mar 2020 08:56:56 GMT"
        ],
        "Content-Length": [
          "557"
        ],
        "Content-Type": [
          "application/json; charset=utf-8"
        ],
        "Expires": [
          "-1"
        ]
      },
      "ResponseBody": "{\r\n  \"id\": \"/subscriptions/c9cbd920-c00c-427c-852b-8aaf38badaeb/resourceGroups/ps7732/providers/Microsoft.KeyVault/vaults/ps690\",\r\n  \"name\": \"ps690\",\r\n  \"type\": \"Microsoft.KeyVault/vaults\",\r\n  \"location\": \"West US\",\r\n  \"tags\": {},\r\n  \"properties\": {\r\n    \"sku\": {\r\n      \"family\": \"A\",\r\n      \"name\": \"standard\"\r\n    },\r\n    \"tenantId\": \"72f988bf-86f1-41af-91ab-2d7cd011db47\",\r\n    \"accessPolicies\": [],\r\n    \"enabledForDeployment\": false,\r\n    \"enabledForDiskEncryption\": false,\r\n    \"enabledForTemplateDeployment\": false,\r\n    \"enableSoftDelete\": true,\r\n    \"enablePurgeProtection\": true,\r\n    \"vaultUri\": \"https://ps690.vault.azure.net/\",\r\n    \"provisioningState\": \"Succeeded\"\r\n  }\r\n}",
      "StatusCode": 200
    },
    {
      "RequestUri": "/subscriptions/c9cbd920-c00c-427c-852b-8aaf38badaeb/resourceGroups/ps7732/providers/Microsoft.KeyVault/vaults/PS690?api-version=2019-09-01",
      "EncodedRequestUri": "L3N1YnNjcmlwdGlvbnMvYzljYmQ5MjAtYzAwYy00MjdjLTg1MmItOGFhZjM4YmFkYWViL3Jlc291cmNlR3JvdXBzL3BzNzczMi9wcm92aWRlcnMvTWljcm9zb2Z0LktleVZhdWx0L3ZhdWx0cy9QUzY5MD9hcGktdmVyc2lvbj0yMDE5LTA5LTAx",
      "RequestMethod": "GET",
      "RequestBody": "",
      "RequestHeaders": {
        "x-ms-client-request-id": [
          "3e0342a6-3962-4853-be03-528a9d01c24b"
        ],
        "Accept-Language": [
          "en-US"
        ],
        "User-Agent": [
          "FxVersion/4.6.28516.03",
          "OSName/Windows",
          "OSVersion/Microsoft.Windows.10.0.18363.",
          "Microsoft.Azure.Management.KeyVault.KeyVaultManagementClient/3.0.0.0"
        ]
      },
      "ResponseHeaders": {
        "Cache-Control": [
          "no-cache"
        ],
        "Pragma": [
          "no-cache"
        ],
        "x-ms-keyvault-service-version": [
          "1.1.0.276"
        ],
        "x-ms-request-id": [
          "7d477d42-a313-4c63-8261-aa451719f646"
        ],
        "Strict-Transport-Security": [
          "max-age=31536000; includeSubDomains"
        ],
        "X-Content-Type-Options": [
          "nosniff"
        ],
        "Server": [
          "Microsoft-IIS/10.0"
        ],
        "X-AspNet-Version": [
          "4.0.30319"
        ],
        "X-Powered-By": [
          "ASP.NET"
        ],
        "x-ms-ratelimit-remaining-subscription-reads": [
          "11996"
        ],
        "x-ms-correlation-request-id": [
          "ca88a8be-7ee9-46e8-8a38-c98d13c36245"
        ],
        "x-ms-routing-request-id": [
          "SOUTHEASTASIA:20200331T085657Z:ca88a8be-7ee9-46e8-8a38-c98d13c36245"
        ],
        "Date": [
          "Tue, 31 Mar 2020 08:56:57 GMT"
        ],
        "Content-Length": [
          "557"
        ],
        "Content-Type": [
          "application/json; charset=utf-8"
        ],
        "Expires": [
          "-1"
        ]
      },
      "ResponseBody": "{\r\n  \"id\": \"/subscriptions/c9cbd920-c00c-427c-852b-8aaf38badaeb/resourceGroups/ps7732/providers/Microsoft.KeyVault/vaults/ps690\",\r\n  \"name\": \"ps690\",\r\n  \"type\": \"Microsoft.KeyVault/vaults\",\r\n  \"location\": \"West US\",\r\n  \"tags\": {},\r\n  \"properties\": {\r\n    \"sku\": {\r\n      \"family\": \"A\",\r\n      \"name\": \"standard\"\r\n    },\r\n    \"tenantId\": \"72f988bf-86f1-41af-91ab-2d7cd011db47\",\r\n    \"accessPolicies\": [],\r\n    \"enabledForDeployment\": false,\r\n    \"enabledForDiskEncryption\": false,\r\n    \"enabledForTemplateDeployment\": false,\r\n    \"enableSoftDelete\": true,\r\n    \"enablePurgeProtection\": true,\r\n    \"vaultUri\": \"https://ps690.vault.azure.net/\",\r\n    \"provisioningState\": \"Succeeded\"\r\n  }\r\n}",
      "StatusCode": 200
    },
    {
      "RequestUri": "/subscriptions/c9cbd920-c00c-427c-852b-8aaf38badaeb/resourceGroups/ps901/providers/Microsoft.KeyVault/vaults/ps690?api-version=2019-09-01",
      "EncodedRequestUri": "L3N1YnNjcmlwdGlvbnMvYzljYmQ5MjAtYzAwYy00MjdjLTg1MmItOGFhZjM4YmFkYWViL3Jlc291cmNlR3JvdXBzL3BzOTAxL3Byb3ZpZGVycy9NaWNyb3NvZnQuS2V5VmF1bHQvdmF1bHRzL3BzNjkwP2FwaS12ZXJzaW9uPTIwMTktMDktMDE=",
      "RequestMethod": "GET",
      "RequestBody": "",
      "RequestHeaders": {
        "x-ms-client-request-id": [
          "0907a04d-4ffa-4558-8a11-7a293bd672b3"
        ],
        "Accept-Language": [
          "en-US"
        ],
        "User-Agent": [
          "FxVersion/4.6.28516.03",
          "OSName/Windows",
          "OSVersion/Microsoft.Windows.10.0.18363.",
          "Microsoft.Azure.Management.KeyVault.KeyVaultManagementClient/3.0.0.0"
        ]
      },
      "ResponseHeaders": {
        "Cache-Control": [
          "no-cache"
        ],
        "Pragma": [
          "no-cache"
        ],
        "x-ms-failure-cause": [
          "gateway"
        ],
        "x-ms-request-id": [
          "488a2340-24ef-4c8d-b42b-044b3570afbe"
        ],
        "x-ms-correlation-request-id": [
          "488a2340-24ef-4c8d-b42b-044b3570afbe"
        ],
        "x-ms-routing-request-id": [
          "SOUTHEASTASIA:20200331T085657Z:488a2340-24ef-4c8d-b42b-044b3570afbe"
        ],
        "Strict-Transport-Security": [
          "max-age=31536000; includeSubDomains"
        ],
        "X-Content-Type-Options": [
          "nosniff"
        ],
        "Date": [
          "Tue, 31 Mar 2020 08:56:57 GMT"
        ],
        "Content-Type": [
          "application/json; charset=utf-8"
        ],
        "Expires": [
          "-1"
        ],
        "Content-Length": [
          "97"
        ]
      },
      "ResponseBody": "{\r\n  \"error\": {\r\n    \"code\": \"ResourceGroupNotFound\",\r\n    \"message\": \"Resource group 'ps901' could not be found.\"\r\n  }\r\n}",
      "StatusCode": 404
    },
    {
      "RequestUri": "/subscriptions/c9cbd920-c00c-427c-852b-8aaf38badaeb/resourceGroups/ps7732/providers/Microsoft.KeyVault/vaults/ps1138?api-version=2019-09-01",
      "EncodedRequestUri": "L3N1YnNjcmlwdGlvbnMvYzljYmQ5MjAtYzAwYy00MjdjLTg1MmItOGFhZjM4YmFkYWViL3Jlc291cmNlR3JvdXBzL3BzNzczMi9wcm92aWRlcnMvTWljcm9zb2Z0LktleVZhdWx0L3ZhdWx0cy9wczExMzg/YXBpLXZlcnNpb249MjAxOS0wOS0wMQ==",
      "RequestMethod": "GET",
      "RequestBody": "",
      "RequestHeaders": {
        "x-ms-client-request-id": [
          "3ae1da70-8a10-4d30-9a03-3ae7c4ec7b68"
        ],
        "Accept-Language": [
          "en-US"
        ],
        "User-Agent": [
          "FxVersion/4.6.28516.03",
          "OSName/Windows",
          "OSVersion/Microsoft.Windows.10.0.18363.",
          "Microsoft.Azure.Management.KeyVault.KeyVaultManagementClient/3.0.0.0"
        ]
      },
      "ResponseHeaders": {
        "Cache-Control": [
          "no-cache"
        ],
        "Pragma": [
          "no-cache"
        ],
        "x-ms-failure-cause": [
          "gateway"
        ],
        "x-ms-request-id": [
          "250b1e10-d59f-4f27-a4dd-72a86080c0c9"
        ],
        "x-ms-correlation-request-id": [
          "250b1e10-d59f-4f27-a4dd-72a86080c0c9"
        ],
        "x-ms-routing-request-id": [
          "SOUTHEASTASIA:20200331T085657Z:250b1e10-d59f-4f27-a4dd-72a86080c0c9"
        ],
        "Strict-Transport-Security": [
          "max-age=31536000; includeSubDomains"
        ],
        "X-Content-Type-Options": [
          "nosniff"
        ],
        "Date": [
          "Tue, 31 Mar 2020 08:56:57 GMT"
        ],
        "Content-Type": [
          "application/json; charset=utf-8"
        ],
        "Expires": [
          "-1"
        ],
        "Content-Length": [
          "142"
        ]
      },
      "ResponseBody": "{\r\n  \"error\": {\r\n    \"code\": \"ResourceNotFound\",\r\n    \"message\": \"The Resource 'Microsoft.KeyVault/vaults/ps1138' under resource group 'ps7732' was not found.\"\r\n  }\r\n}",
      "StatusCode": 404
    },
    {
      "RequestUri": "/subscriptions/c9cbd920-c00c-427c-852b-8aaf38badaeb/resourcegroups/ps7732?api-version=2016-09-01",
      "EncodedRequestUri": "L3N1YnNjcmlwdGlvbnMvYzljYmQ5MjAtYzAwYy00MjdjLTg1MmItOGFhZjM4YmFkYWViL3Jlc291cmNlZ3JvdXBzL3BzNzczMj9hcGktdmVyc2lvbj0yMDE2LTA5LTAx",
      "RequestMethod": "DELETE",
      "RequestBody": "",
      "RequestHeaders": {
        "x-ms-client-request-id": [
          "b6dec73b-ac67-4fcf-af47-5a64aaba694b"
        ],
        "Accept-Language": [
          "en-US"
        ],
        "User-Agent": [
          "FxVersion/4.6.28516.03",
          "OSName/Windows",
          "OSVersion/Microsoft.Windows.10.0.18363.",
          "Microsoft.Azure.Management.Internal.Resources.ResourceManagementClient/1.3.11"
        ]
      },
      "ResponseHeaders": {
        "Cache-Control": [
          "no-cache"
        ],
        "Pragma": [
          "no-cache"
        ],
        "Location": [
          "https://management.azure.com/subscriptions/c9cbd920-c00c-427c-852b-8aaf38badaeb/operationresults/eyJqb2JJZCI6IlJFU09VUkNFR1JPVVBERUxFVElPTkpPQi1QUzc3MzItV0VTVFVTIiwiam9iTG9jYXRpb24iOiJ3ZXN0dXMifQ?api-version=2016-09-01"
        ],
        "Retry-After": [
          "15"
        ],
        "x-ms-ratelimit-remaining-subscription-deletes": [
          "14999"
        ],
        "x-ms-request-id": [
          "314aedf7-9c05-4dcf-ba8a-451bef5c1f68"
        ],
        "x-ms-correlation-request-id": [
          "314aedf7-9c05-4dcf-ba8a-451bef5c1f68"
        ],
        "x-ms-routing-request-id": [
          "SOUTHEASTASIA:20200331T085701Z:314aedf7-9c05-4dcf-ba8a-451bef5c1f68"
        ],
        "Strict-Transport-Security": [
          "max-age=31536000; includeSubDomains"
        ],
        "X-Content-Type-Options": [
          "nosniff"
        ],
        "Date": [
          "Tue, 31 Mar 2020 08:57:00 GMT"
        ],
        "Expires": [
          "-1"
        ],
        "Content-Length": [
          "0"
        ]
      },
      "ResponseBody": "",
      "StatusCode": 202
    },
    {
      "RequestUri": "/subscriptions/c9cbd920-c00c-427c-852b-8aaf38badaeb/operationresults/eyJqb2JJZCI6IlJFU09VUkNFR1JPVVBERUxFVElPTkpPQi1QUzc3MzItV0VTVFVTIiwiam9iTG9jYXRpb24iOiJ3ZXN0dXMifQ?api-version=2016-09-01",
      "EncodedRequestUri": "L3N1YnNjcmlwdGlvbnMvYzljYmQ5MjAtYzAwYy00MjdjLTg1MmItOGFhZjM4YmFkYWViL29wZXJhdGlvbnJlc3VsdHMvZXlKcWIySkpaQ0k2SWxKRlUwOVZVa05GUjFKUFZWQkVSVXhGVkVsUFRrcFBRaTFRVXpjM016SXRWMFZUVkZWVElpd2lhbTlpVEc5allYUnBiMjRpT2lKM1pYTjBkWE1pZlE/YXBpLXZlcnNpb249MjAxNi0wOS0wMQ==",
      "RequestMethod": "GET",
      "RequestBody": "",
      "RequestHeaders": {
        "User-Agent": [
          "FxVersion/4.6.28516.03",
          "OSName/Windows",
          "OSVersion/Microsoft.Windows.10.0.18363.",
          "Microsoft.Azure.Management.Internal.Resources.ResourceManagementClient/1.3.11"
        ]
      },
      "ResponseHeaders": {
        "Cache-Control": [
          "no-cache"
        ],
        "Pragma": [
          "no-cache"
        ],
        "Location": [
          "https://management.azure.com/subscriptions/c9cbd920-c00c-427c-852b-8aaf38badaeb/operationresults/eyJqb2JJZCI6IlJFU09VUkNFR1JPVVBERUxFVElPTkpPQi1QUzc3MzItV0VTVFVTIiwiam9iTG9jYXRpb24iOiJ3ZXN0dXMifQ?api-version=2016-09-01"
        ],
        "Retry-After": [
          "15"
        ],
        "x-ms-ratelimit-remaining-subscription-reads": [
          "11993"
        ],
        "x-ms-request-id": [
          "5f0211d8-5b3d-43b6-b199-55d9fa4d121a"
        ],
        "x-ms-correlation-request-id": [
          "5f0211d8-5b3d-43b6-b199-55d9fa4d121a"
        ],
        "x-ms-routing-request-id": [
          "SOUTHEASTASIA:20200331T085716Z:5f0211d8-5b3d-43b6-b199-55d9fa4d121a"
        ],
        "Strict-Transport-Security": [
          "max-age=31536000; includeSubDomains"
        ],
        "X-Content-Type-Options": [
          "nosniff"
        ],
        "Date": [
          "Tue, 31 Mar 2020 08:57:15 GMT"
        ],
        "Expires": [
          "-1"
        ],
        "Content-Length": [
          "0"
        ]
      },
      "ResponseBody": "",
      "StatusCode": 202
    },
    {
      "RequestUri": "/subscriptions/c9cbd920-c00c-427c-852b-8aaf38badaeb/operationresults/eyJqb2JJZCI6IlJFU09VUkNFR1JPVVBERUxFVElPTkpPQi1QUzc3MzItV0VTVFVTIiwiam9iTG9jYXRpb24iOiJ3ZXN0dXMifQ?api-version=2016-09-01",
      "EncodedRequestUri": "L3N1YnNjcmlwdGlvbnMvYzljYmQ5MjAtYzAwYy00MjdjLTg1MmItOGFhZjM4YmFkYWViL29wZXJhdGlvbnJlc3VsdHMvZXlKcWIySkpaQ0k2SWxKRlUwOVZVa05GUjFKUFZWQkVSVXhGVkVsUFRrcFBRaTFRVXpjM016SXRWMFZUVkZWVElpd2lhbTlpVEc5allYUnBiMjRpT2lKM1pYTjBkWE1pZlE/YXBpLXZlcnNpb249MjAxNi0wOS0wMQ==",
      "RequestMethod": "GET",
      "RequestBody": "",
      "RequestHeaders": {
        "User-Agent": [
          "FxVersion/4.6.28516.03",
          "OSName/Windows",
          "OSVersion/Microsoft.Windows.10.0.18363.",
          "Microsoft.Azure.Management.Internal.Resources.ResourceManagementClient/1.3.11"
        ]
      },
      "ResponseHeaders": {
        "Cache-Control": [
          "no-cache"
        ],
        "Pragma": [
          "no-cache"
        ],
        "Location": [
          "https://management.azure.com/subscriptions/c9cbd920-c00c-427c-852b-8aaf38badaeb/operationresults/eyJqb2JJZCI6IlJFU09VUkNFR1JPVVBERUxFVElPTkpPQi1QUzc3MzItV0VTVFVTIiwiam9iTG9jYXRpb24iOiJ3ZXN0dXMifQ?api-version=2016-09-01"
        ],
        "Retry-After": [
          "15"
        ],
        "x-ms-ratelimit-remaining-subscription-reads": [
          "11992"
        ],
        "x-ms-request-id": [
          "ba63ec0a-5a2f-4305-8a32-50a19edc079d"
        ],
        "x-ms-correlation-request-id": [
          "ba63ec0a-5a2f-4305-8a32-50a19edc079d"
        ],
        "x-ms-routing-request-id": [
          "SOUTHEASTASIA:20200331T085731Z:ba63ec0a-5a2f-4305-8a32-50a19edc079d"
        ],
        "Strict-Transport-Security": [
          "max-age=31536000; includeSubDomains"
        ],
        "X-Content-Type-Options": [
          "nosniff"
        ],
        "Date": [
          "Tue, 31 Mar 2020 08:57:31 GMT"
        ],
        "Expires": [
          "-1"
        ],
        "Content-Length": [
          "0"
        ]
      },
      "ResponseBody": "",
      "StatusCode": 202
    },
    {
      "RequestUri": "/subscriptions/c9cbd920-c00c-427c-852b-8aaf38badaeb/operationresults/eyJqb2JJZCI6IlJFU09VUkNFR1JPVVBERUxFVElPTkpPQi1QUzc3MzItV0VTVFVTIiwiam9iTG9jYXRpb24iOiJ3ZXN0dXMifQ?api-version=2016-09-01",
      "EncodedRequestUri": "L3N1YnNjcmlwdGlvbnMvYzljYmQ5MjAtYzAwYy00MjdjLTg1MmItOGFhZjM4YmFkYWViL29wZXJhdGlvbnJlc3VsdHMvZXlKcWIySkpaQ0k2SWxKRlUwOVZVa05GUjFKUFZWQkVSVXhGVkVsUFRrcFBRaTFRVXpjM016SXRWMFZUVkZWVElpd2lhbTlpVEc5allYUnBiMjRpT2lKM1pYTjBkWE1pZlE/YXBpLXZlcnNpb249MjAxNi0wOS0wMQ==",
      "RequestMethod": "GET",
      "RequestBody": "",
      "RequestHeaders": {
        "User-Agent": [
          "FxVersion/4.6.28516.03",
          "OSName/Windows",
          "OSVersion/Microsoft.Windows.10.0.18363.",
          "Microsoft.Azure.Management.Internal.Resources.ResourceManagementClient/1.3.11"
        ]
      },
      "ResponseHeaders": {
        "Cache-Control": [
          "no-cache"
        ],
        "Pragma": [
          "no-cache"
        ],
        "Location": [
          "https://management.azure.com/subscriptions/c9cbd920-c00c-427c-852b-8aaf38badaeb/operationresults/eyJqb2JJZCI6IlJFU09VUkNFR1JPVVBERUxFVElPTkpPQi1QUzc3MzItV0VTVFVTIiwiam9iTG9jYXRpb24iOiJ3ZXN0dXMifQ?api-version=2016-09-01"
        ],
        "Retry-After": [
          "15"
        ],
        "x-ms-ratelimit-remaining-subscription-reads": [
          "11991"
        ],
        "x-ms-request-id": [
          "6dd50dbe-7b98-452d-9cd5-88c8092d4ad9"
        ],
        "x-ms-correlation-request-id": [
          "6dd50dbe-7b98-452d-9cd5-88c8092d4ad9"
        ],
        "x-ms-routing-request-id": [
          "SOUTHEASTASIA:20200331T085747Z:6dd50dbe-7b98-452d-9cd5-88c8092d4ad9"
        ],
        "Strict-Transport-Security": [
          "max-age=31536000; includeSubDomains"
        ],
        "X-Content-Type-Options": [
          "nosniff"
        ],
        "Date": [
          "Tue, 31 Mar 2020 08:57:46 GMT"
        ],
        "Expires": [
          "-1"
        ],
        "Content-Length": [
          "0"
        ]
      },
      "ResponseBody": "",
      "StatusCode": 202
    },
    {
      "RequestUri": "/subscriptions/c9cbd920-c00c-427c-852b-8aaf38badaeb/operationresults/eyJqb2JJZCI6IlJFU09VUkNFR1JPVVBERUxFVElPTkpPQi1QUzc3MzItV0VTVFVTIiwiam9iTG9jYXRpb24iOiJ3ZXN0dXMifQ?api-version=2016-09-01",
      "EncodedRequestUri": "L3N1YnNjcmlwdGlvbnMvYzljYmQ5MjAtYzAwYy00MjdjLTg1MmItOGFhZjM4YmFkYWViL29wZXJhdGlvbnJlc3VsdHMvZXlKcWIySkpaQ0k2SWxKRlUwOVZVa05GUjFKUFZWQkVSVXhGVkVsUFRrcFBRaTFRVXpjM016SXRWMFZUVkZWVElpd2lhbTlpVEc5allYUnBiMjRpT2lKM1pYTjBkWE1pZlE/YXBpLXZlcnNpb249MjAxNi0wOS0wMQ==",
      "RequestMethod": "GET",
      "RequestBody": "",
      "RequestHeaders": {
        "User-Agent": [
          "FxVersion/4.6.28516.03",
          "OSName/Windows",
          "OSVersion/Microsoft.Windows.10.0.18363.",
          "Microsoft.Azure.Management.Internal.Resources.ResourceManagementClient/1.3.11"
        ]
      },
      "ResponseHeaders": {
        "Cache-Control": [
          "no-cache"
        ],
        "Pragma": [
          "no-cache"
        ],
        "Location": [
          "https://management.azure.com/subscriptions/c9cbd920-c00c-427c-852b-8aaf38badaeb/operationresults/eyJqb2JJZCI6IlJFU09VUkNFR1JPVVBERUxFVElPTkpPQi1QUzc3MzItV0VTVFVTIiwiam9iTG9jYXRpb24iOiJ3ZXN0dXMifQ?api-version=2016-09-01"
        ],
        "Retry-After": [
          "15"
        ],
        "x-ms-ratelimit-remaining-subscription-reads": [
          "11990"
        ],
        "x-ms-request-id": [
          "3befa360-6e3e-443e-998a-f2581fea8433"
        ],
        "x-ms-correlation-request-id": [
          "3befa360-6e3e-443e-998a-f2581fea8433"
        ],
        "x-ms-routing-request-id": [
          "SOUTHEASTASIA:20200331T085802Z:3befa360-6e3e-443e-998a-f2581fea8433"
        ],
        "Strict-Transport-Security": [
          "max-age=31536000; includeSubDomains"
        ],
        "X-Content-Type-Options": [
          "nosniff"
        ],
        "Date": [
          "Tue, 31 Mar 2020 08:58:02 GMT"
        ],
        "Expires": [
          "-1"
        ],
        "Content-Length": [
          "0"
        ]
      },
      "ResponseBody": "",
      "StatusCode": 202
    },
    {
      "RequestUri": "/subscriptions/c9cbd920-c00c-427c-852b-8aaf38badaeb/operationresults/eyJqb2JJZCI6IlJFU09VUkNFR1JPVVBERUxFVElPTkpPQi1QUzc3MzItV0VTVFVTIiwiam9iTG9jYXRpb24iOiJ3ZXN0dXMifQ?api-version=2016-09-01",
      "EncodedRequestUri": "L3N1YnNjcmlwdGlvbnMvYzljYmQ5MjAtYzAwYy00MjdjLTg1MmItOGFhZjM4YmFkYWViL29wZXJhdGlvbnJlc3VsdHMvZXlKcWIySkpaQ0k2SWxKRlUwOVZVa05GUjFKUFZWQkVSVXhGVkVsUFRrcFBRaTFRVXpjM016SXRWMFZUVkZWVElpd2lhbTlpVEc5allYUnBiMjRpT2lKM1pYTjBkWE1pZlE/YXBpLXZlcnNpb249MjAxNi0wOS0wMQ==",
      "RequestMethod": "GET",
      "RequestBody": "",
      "RequestHeaders": {
        "User-Agent": [
          "FxVersion/4.6.28516.03",
          "OSName/Windows",
          "OSVersion/Microsoft.Windows.10.0.18363.",
          "Microsoft.Azure.Management.Internal.Resources.ResourceManagementClient/1.3.11"
        ]
      },
      "ResponseHeaders": {
        "Cache-Control": [
          "no-cache"
        ],
        "Pragma": [
          "no-cache"
        ],
        "Location": [
          "https://management.azure.com/subscriptions/c9cbd920-c00c-427c-852b-8aaf38badaeb/operationresults/eyJqb2JJZCI6IlJFU09VUkNFR1JPVVBERUxFVElPTkpPQi1QUzc3MzItV0VTVFVTIiwiam9iTG9jYXRpb24iOiJ3ZXN0dXMifQ?api-version=2016-09-01"
        ],
        "Retry-After": [
          "15"
        ],
        "x-ms-ratelimit-remaining-subscription-reads": [
          "11989"
        ],
        "x-ms-request-id": [
          "d4b9ef67-671d-48af-8f73-ef1550609610"
        ],
        "x-ms-correlation-request-id": [
          "d4b9ef67-671d-48af-8f73-ef1550609610"
        ],
        "x-ms-routing-request-id": [
          "SOUTHEASTASIA:20200331T085818Z:d4b9ef67-671d-48af-8f73-ef1550609610"
        ],
        "Strict-Transport-Security": [
          "max-age=31536000; includeSubDomains"
        ],
        "X-Content-Type-Options": [
          "nosniff"
        ],
        "Date": [
          "Tue, 31 Mar 2020 08:58:17 GMT"
        ],
        "Expires": [
          "-1"
        ],
        "Content-Length": [
          "0"
        ]
      },
      "ResponseBody": "",
      "StatusCode": 202
    },
    {
      "RequestUri": "/subscriptions/c9cbd920-c00c-427c-852b-8aaf38badaeb/operationresults/eyJqb2JJZCI6IlJFU09VUkNFR1JPVVBERUxFVElPTkpPQi1QUzc3MzItV0VTVFVTIiwiam9iTG9jYXRpb24iOiJ3ZXN0dXMifQ?api-version=2016-09-01",
      "EncodedRequestUri": "L3N1YnNjcmlwdGlvbnMvYzljYmQ5MjAtYzAwYy00MjdjLTg1MmItOGFhZjM4YmFkYWViL29wZXJhdGlvbnJlc3VsdHMvZXlKcWIySkpaQ0k2SWxKRlUwOVZVa05GUjFKUFZWQkVSVXhGVkVsUFRrcFBRaTFRVXpjM016SXRWMFZUVkZWVElpd2lhbTlpVEc5allYUnBiMjRpT2lKM1pYTjBkWE1pZlE/YXBpLXZlcnNpb249MjAxNi0wOS0wMQ==",
      "RequestMethod": "GET",
      "RequestBody": "",
      "RequestHeaders": {
        "User-Agent": [
          "FxVersion/4.6.28516.03",
          "OSName/Windows",
          "OSVersion/Microsoft.Windows.10.0.18363.",
          "Microsoft.Azure.Management.Internal.Resources.ResourceManagementClient/1.3.11"
        ]
      },
      "ResponseHeaders": {
        "Cache-Control": [
          "no-cache"
        ],
        "Pragma": [
          "no-cache"
        ],
        "Location": [
          "https://management.azure.com/subscriptions/c9cbd920-c00c-427c-852b-8aaf38badaeb/operationresults/eyJqb2JJZCI6IlJFU09VUkNFR1JPVVBERUxFVElPTkpPQi1QUzc3MzItV0VTVFVTIiwiam9iTG9jYXRpb24iOiJ3ZXN0dXMifQ?api-version=2016-09-01"
        ],
        "Retry-After": [
          "15"
        ],
        "x-ms-ratelimit-remaining-subscription-reads": [
          "11988"
        ],
        "x-ms-request-id": [
          "bd7ee39c-62ad-4ee3-9695-a24d2b0cbabf"
        ],
        "x-ms-correlation-request-id": [
          "bd7ee39c-62ad-4ee3-9695-a24d2b0cbabf"
        ],
        "x-ms-routing-request-id": [
          "SOUTHEASTASIA:20200331T085833Z:bd7ee39c-62ad-4ee3-9695-a24d2b0cbabf"
        ],
        "Strict-Transport-Security": [
          "max-age=31536000; includeSubDomains"
        ],
        "X-Content-Type-Options": [
          "nosniff"
        ],
        "Date": [
          "Tue, 31 Mar 2020 08:58:33 GMT"
        ],
        "Expires": [
          "-1"
        ],
        "Content-Length": [
          "0"
        ]
      },
      "ResponseBody": "",
      "StatusCode": 202
    },
    {
      "RequestUri": "/subscriptions/c9cbd920-c00c-427c-852b-8aaf38badaeb/operationresults/eyJqb2JJZCI6IlJFU09VUkNFR1JPVVBERUxFVElPTkpPQi1QUzc3MzItV0VTVFVTIiwiam9iTG9jYXRpb24iOiJ3ZXN0dXMifQ?api-version=2016-09-01",
      "EncodedRequestUri": "L3N1YnNjcmlwdGlvbnMvYzljYmQ5MjAtYzAwYy00MjdjLTg1MmItOGFhZjM4YmFkYWViL29wZXJhdGlvbnJlc3VsdHMvZXlKcWIySkpaQ0k2SWxKRlUwOVZVa05GUjFKUFZWQkVSVXhGVkVsUFRrcFBRaTFRVXpjM016SXRWMFZUVkZWVElpd2lhbTlpVEc5allYUnBiMjRpT2lKM1pYTjBkWE1pZlE/YXBpLXZlcnNpb249MjAxNi0wOS0wMQ==",
      "RequestMethod": "GET",
      "RequestBody": "",
      "RequestHeaders": {
        "User-Agent": [
          "FxVersion/4.6.28516.03",
          "OSName/Windows",
          "OSVersion/Microsoft.Windows.10.0.18363.",
          "Microsoft.Azure.Management.Internal.Resources.ResourceManagementClient/1.3.11"
        ]
      },
      "ResponseHeaders": {
        "Cache-Control": [
          "no-cache"
        ],
        "Pragma": [
          "no-cache"
        ],
        "Location": [
          "https://management.azure.com/subscriptions/c9cbd920-c00c-427c-852b-8aaf38badaeb/operationresults/eyJqb2JJZCI6IlJFU09VUkNFR1JPVVBERUxFVElPTkpPQi1QUzc3MzItV0VTVFVTIiwiam9iTG9jYXRpb24iOiJ3ZXN0dXMifQ?api-version=2016-09-01"
        ],
        "Retry-After": [
          "15"
        ],
        "x-ms-ratelimit-remaining-subscription-reads": [
          "11987"
        ],
        "x-ms-request-id": [
          "0ccc7b48-694e-4acd-8edc-473c961f2314"
        ],
        "x-ms-correlation-request-id": [
          "0ccc7b48-694e-4acd-8edc-473c961f2314"
        ],
        "x-ms-routing-request-id": [
          "SOUTHEASTASIA:20200331T085849Z:0ccc7b48-694e-4acd-8edc-473c961f2314"
        ],
        "Strict-Transport-Security": [
          "max-age=31536000; includeSubDomains"
        ],
        "X-Content-Type-Options": [
          "nosniff"
        ],
        "Date": [
          "Tue, 31 Mar 2020 08:58:48 GMT"
        ],
        "Expires": [
          "-1"
        ],
        "Content-Length": [
          "0"
        ]
      },
      "ResponseBody": "",
      "StatusCode": 202
    },
    {
      "RequestUri": "/subscriptions/c9cbd920-c00c-427c-852b-8aaf38badaeb/operationresults/eyJqb2JJZCI6IlJFU09VUkNFR1JPVVBERUxFVElPTkpPQi1QUzc3MzItV0VTVFVTIiwiam9iTG9jYXRpb24iOiJ3ZXN0dXMifQ?api-version=2016-09-01",
      "EncodedRequestUri": "L3N1YnNjcmlwdGlvbnMvYzljYmQ5MjAtYzAwYy00MjdjLTg1MmItOGFhZjM4YmFkYWViL29wZXJhdGlvbnJlc3VsdHMvZXlKcWIySkpaQ0k2SWxKRlUwOVZVa05GUjFKUFZWQkVSVXhGVkVsUFRrcFBRaTFRVXpjM016SXRWMFZUVkZWVElpd2lhbTlpVEc5allYUnBiMjRpT2lKM1pYTjBkWE1pZlE/YXBpLXZlcnNpb249MjAxNi0wOS0wMQ==",
      "RequestMethod": "GET",
      "RequestBody": "",
      "RequestHeaders": {
        "User-Agent": [
          "FxVersion/4.6.28516.03",
          "OSName/Windows",
          "OSVersion/Microsoft.Windows.10.0.18363.",
          "Microsoft.Azure.Management.Internal.Resources.ResourceManagementClient/1.3.11"
        ]
      },
      "ResponseHeaders": {
        "Cache-Control": [
          "no-cache"
        ],
        "Pragma": [
          "no-cache"
        ],
        "x-ms-ratelimit-remaining-subscription-reads": [
          "11986"
        ],
        "x-ms-request-id": [
          "1272eca2-3d01-4b6d-bb70-085739ad26ce"
        ],
        "x-ms-correlation-request-id": [
          "1272eca2-3d01-4b6d-bb70-085739ad26ce"
        ],
        "x-ms-routing-request-id": [
          "SOUTHEASTASIA:20200331T085904Z:1272eca2-3d01-4b6d-bb70-085739ad26ce"
        ],
        "Strict-Transport-Security": [
          "max-age=31536000; includeSubDomains"
        ],
        "X-Content-Type-Options": [
          "nosniff"
        ],
        "Date": [
          "Tue, 31 Mar 2020 08:59:03 GMT"
        ],
        "Expires": [
          "-1"
        ],
        "Content-Length": [
          "0"
        ]
      },
      "ResponseBody": "",
      "StatusCode": 200
    },
    {
      "RequestUri": "/subscriptions/c9cbd920-c00c-427c-852b-8aaf38badaeb/operationresults/eyJqb2JJZCI6IlJFU09VUkNFR1JPVVBERUxFVElPTkpPQi1QUzc3MzItV0VTVFVTIiwiam9iTG9jYXRpb24iOiJ3ZXN0dXMifQ?api-version=2016-09-01",
      "EncodedRequestUri": "L3N1YnNjcmlwdGlvbnMvYzljYmQ5MjAtYzAwYy00MjdjLTg1MmItOGFhZjM4YmFkYWViL29wZXJhdGlvbnJlc3VsdHMvZXlKcWIySkpaQ0k2SWxKRlUwOVZVa05GUjFKUFZWQkVSVXhGVkVsUFRrcFBRaTFRVXpjM016SXRWMFZUVkZWVElpd2lhbTlpVEc5allYUnBiMjRpT2lKM1pYTjBkWE1pZlE/YXBpLXZlcnNpb249MjAxNi0wOS0wMQ==",
      "RequestMethod": "GET",
      "RequestBody": "",
      "RequestHeaders": {
        "User-Agent": [
          "FxVersion/4.6.28516.03",
          "OSName/Windows",
          "OSVersion/Microsoft.Windows.10.0.18363.",
          "Microsoft.Azure.Management.Internal.Resources.ResourceManagementClient/1.3.11"
        ]
      },
      "ResponseHeaders": {
        "Cache-Control": [
          "no-cache"
        ],
        "Pragma": [
          "no-cache"
        ],
        "x-ms-ratelimit-remaining-subscription-reads": [
          "11985"
        ],
        "x-ms-request-id": [
          "4f574717-8927-4bb6-8f49-1e03cbe24e89"
        ],
        "x-ms-correlation-request-id": [
          "4f574717-8927-4bb6-8f49-1e03cbe24e89"
        ],
        "x-ms-routing-request-id": [
          "SOUTHEASTASIA:20200331T085904Z:4f574717-8927-4bb6-8f49-1e03cbe24e89"
        ],
        "Strict-Transport-Security": [
          "max-age=31536000; includeSubDomains"
        ],
        "X-Content-Type-Options": [
          "nosniff"
        ],
        "Date": [
          "Tue, 31 Mar 2020 08:59:04 GMT"
        ],
        "Expires": [
          "-1"
        ],
        "Content-Length": [
          "0"
        ]
      },
      "ResponseBody": "",
      "StatusCode": 200
    }
  ],
  "Names": {
    "Test-GetVault": [
      "ps7732",
      "ps690",
      "ps1138",
      "ps901"
    ]
  },
  "Variables": {
    "ResourceGroupName": "pshtestrg7941",
    "Location": "northcentralus",
    "PreCreatedVault": "pshtestvault2685",
    "SubscriptionId": "c9cbd920-c00c-427c-852b-8aaf38badaeb",
    "TenantId": "72f988bf-86f1-41af-91ab-2d7cd011db47"
  }
}