{
  "Start-AzWebAppContinuousWebJob+[NoContext]+Start+$POST+https://management.azure.com/subscriptions/9e223dbe-3399-4e19-88eb-0975f02ac87f/resourceGroups/webjob-rg-test/providers/Microsoft.Web/sites/appService-test01/continuouswebjobs/continuousjob-01/start?api-version=2021-02-01+1": {
    "Request": {
      "Method": "POST",
      "RequestUri": "https://management.azure.com/subscriptions/9e223dbe-3399-4e19-88eb-0975f02ac87f/resourceGroups/webjob-rg-test/providers/Microsoft.Web/sites/appService-test01/continuouswebjobs/continuousjob-01/start?api-version=2021-02-01",
      "Content": null,
      "isContentBase64": false,
      "Headers": {
        "x-ms-unique-id": [ "1" ],
        "x-ms-client-request-id": [ "764787e3-7a7f-469b-8242-6955d4ea0f0b" ],
        "CommandName": [ "Start-AzWebAppContinuousWebJob" ],
        "FullCommandName": [ "Start-AzWebAppContinuousWebJob_Start" ],
        "ParameterSetName": [ "__AllParameterSets" ],
        "User-Agent": [ "AzurePowershell/v0.0.0", "Az.Websites/0.1.0" ],
        "Authorization": [ "[Filtered]" ]
      },
      "ContentHeaders": {
      }
    },
    "Response": {
      "StatusCode": 200,
      "Headers": {
        "Cache-Control": [ "no-cache" ],
        "Pragma": [ "no-cache" ],
        "Strict-Transport-Security": [ "max-age=31536000; includeSubDomains" ],
        "x-ms-request-id": [ "2213a7a6-01b1-45be-977c-a9584005e7db" ],
        "Set-Cookie": [ "ARRAffinity=54146e8a427f2ebd92841849bd05deb7404c264922301252bfeb1f942b3f0989;Path=/;HttpOnly;Secure;Domain=appservice-test01.scm.azurewebsites.net", "ARRAffinitySameSite=54146e8a427f2ebd92841849bd05deb7404c264922301252bfeb1f942b3f0989;Path=/;HttpOnly;SameSite=None;Secure;Domain=appservice-test01.scm.azurewebsites.net" ],
        "Server": [ "Microsoft-IIS/10.0", "Microsoft-IIS/10.0" ],
        "X-AspNet-Version": [ "4.0.30319" ],
        "X-Powered-By": [ "ASP.NET", "ASP.NET" ],
        "x-ms-ratelimit-remaining-subscription-writes": [ "1199" ],
        "x-ms-correlation-request-id": [ "9ce175ac-9380-4e03-875a-44932d27759f" ],
        "x-ms-routing-request-id": [ "SOUTHEASTASIA:20220104T103158Z:9ce175ac-9380-4e03-875a-44932d27759f" ],
        "X-Content-Type-Options": [ "nosniff" ],
        "Date": [ "Tue, 04 Jan 2022 10:31:58 GMT" ]
      },
      "ContentHeaders": {
        "Expires": [ "-1" ],
        "Content-Length": [ "0" ]
      },
      "Content": null,
      "isContentBase64": false
    }
  },
  "Start-AzWebAppContinuousWebJob+[NoContext]+StartViaIdentity+$GET+https://management.azure.com/subscriptions/9e223dbe-3399-4e19-88eb-0975f02ac87f/resourceGroups/webjob-rg-test/providers/Microsoft.Web/sites/appService-test01/continuouswebjobs/continuousjob-01?api-version=2021-02-01+1": {
    "Request": {
      "Method": "GET",
      "RequestUri": "https://management.azure.com/subscriptions/9e223dbe-3399-4e19-88eb-0975f02ac87f/resourceGroups/webjob-rg-test/providers/Microsoft.Web/sites/appService-test01/continuouswebjobs/continuousjob-01?api-version=2021-02-01",
      "Content": null,
      "isContentBase64": false,
      "Headers": {
        "x-ms-unique-id": [ "2" ],
        "x-ms-client-request-id": [ "9a5db349-b3e4-4734-b8a5-22e0bcedc1cd" ],
        "CommandName": [ "Get-AzWebAppContinuousWebJob" ],
        "FullCommandName": [ "Get-AzWebAppContinuousWebJob_Get" ],
        "ParameterSetName": [ "__AllParameterSets" ],
        "User-Agent": [ "AzurePowershell/v0.0.0", "Az.Websites/0.1.0" ],
        "Authorization": [ "[Filtered]" ]
      },
      "ContentHeaders": {
      }
    },
    "Response": {
      "StatusCode": 200,
      "Headers": {
        "Cache-Control": [ "no-cache" ],
        "Pragma": [ "no-cache" ],
        "Vary": [ "Accept-Encoding" ],
        "Strict-Transport-Security": [ "max-age=31536000; includeSubDomains" ],
        "x-ms-request-id": [ "dfa70f63-39a0-4202-b50c-851f043f6313" ],
        "Set-Cookie": [ "ARRAffinity=54146e8a427f2ebd92841849bd05deb7404c264922301252bfeb1f942b3f0989;Path=/;HttpOnly;Secure;Domain=appservice-test01.scm.azurewebsites.net", "ARRAffinitySameSite=54146e8a427f2ebd92841849bd05deb7404c264922301252bfeb1f942b3f0989;Path=/;HttpOnly;SameSite=None;Secure;Domain=appservice-test01.scm.azurewebsites.net" ],
        "Server": [ "Microsoft-IIS/10.0", "Microsoft-IIS/10.0" ],
        "X-AspNet-Version": [ "4.0.30319" ],
        "X-Powered-By": [ "ASP.NET", "ASP.NET" ],
        "x-ms-ratelimit-remaining-subscription-reads": [ "11998" ],
        "x-ms-correlation-request-id": [ "7cc23f64-fc7c-4396-9a1c-70ea01be3eb0" ],
        "x-ms-routing-request-id": [ "SOUTHEASTASIA:20220104T103203Z:7cc23f64-fc7c-4396-9a1c-70ea01be3eb0" ],
        "X-Content-Type-Options": [ "nosniff" ],
        "Date": [ "Tue, 04 Jan 2022 10:32:03 GMT" ]
      },
      "ContentHeaders": {
        "Content-Length": [ "825" ],
        "Content-Type": [ "application/json; charset=utf-8" ],
        "Expires": [ "-1" ]
      },
      "Content": "{\"id\":\"/subscriptions/9e223dbe-3399-4e19-88eb-0975f02ac87f/resourceGroups/webjob-rg-test/providers/Microsoft.Web/sites/appService-test01/continuouswebjobs/continuousjob-01\",\"name\":\"appService-test01/continuousjob-01\",\"type\":\"Microsoft.Web/sites/continuouswebjobs\",\"location\":\"Central US\",\"properties\":{\"status\":\"PendingRestart\",\"detailed_status\":\"54146e - PendingRestart\\r\\n\",\"log_url\":\"https://appservice-test01.scm.azurewebsites.net/vfs/data/jobs/continuous/continuousjob-01/job_log.txt\",\"name\":\"continuousjob-01\",\"run_command\":\"continuouwebjob.ps1\",\"url\":\"https://appservice-test01.scm.azurewebsites.net/api/continuouswebjobs/continuousjob-01\",\"extra_info_url\":\"https://appservice-test01.scm.azurewebsites.net/azurejobs/#/jobs/continuous/continuousjob-01\",\"type\":\"continuous\",\"error\":null,\"using_sdk\":false,\"settings\":{}}}",
      "isContentBase64": false
    }
  },
  "Start-AzWebAppContinuousWebJob+[NoContext]+StartViaIdentity+$POST+https://management.azure.com/subscriptions/9e223dbe-3399-4e19-88eb-0975f02ac87f/resourceGroups/webjob-rg-test/providers/Microsoft.Web/sites/appService-test01/continuouswebjobs/continuousjob-01/start?api-version=2021-02-01+2": {
    "Request": {
      "Method": "POST",
      "RequestUri": "https://management.azure.com/subscriptions/9e223dbe-3399-4e19-88eb-0975f02ac87f/resourceGroups/webjob-rg-test/providers/Microsoft.Web/sites/appService-test01/continuouswebjobs/continuousjob-01/start?api-version=2021-02-01",
      "Content": null,
      "isContentBase64": false,
      "Headers": {
        "x-ms-unique-id": [ "3" ],
        "x-ms-client-request-id": [ "10f63850-0278-4454-96ac-a2b4aba38fab" ],
        "CommandName": [ "Start-AzWebAppContinuousWebJob" ],
        "FullCommandName": [ "Start-AzWebAppContinuousWebJob_StartViaIdentity" ],
        "ParameterSetName": [ "__AllParameterSets" ],
        "User-Agent": [ "AzurePowershell/v0.0.0", "Az.Websites/0.1.0" ],
        "Authorization": [ "[Filtered]" ]
      },
      "ContentHeaders": {
      }
    },
    "Response": {
      "StatusCode": 200,
      "Headers": {
        "Cache-Control": [ "no-cache" ],
        "Pragma": [ "no-cache" ],
        "Strict-Transport-Security": [ "max-age=31536000; includeSubDomains" ],
        "x-ms-request-id": [ "ca304e65-9786-4b31-879a-6bf8520742f7" ],
        "Set-Cookie": [ "ARRAffinity=54146e8a427f2ebd92841849bd05deb7404c264922301252bfeb1f942b3f0989;Path=/;HttpOnly;Secure;Domain=appservice-test01.scm.azurewebsites.net", "ARRAffinitySameSite=54146e8a427f2ebd92841849bd05deb7404c264922301252bfeb1f942b3f0989;Path=/;HttpOnly;SameSite=None;Secure;Domain=appservice-test01.scm.azurewebsites.net" ],
        "Server": [ "Microsoft-IIS/10.0", "Microsoft-IIS/10.0" ],
        "X-AspNet-Version": [ "4.0.30319" ],
        "X-Powered-By": [ "ASP.NET", "ASP.NET" ],
        "x-ms-ratelimit-remaining-subscription-writes": [ "1198" ],
        "x-ms-correlation-request-id": [ "a9b072dc-2800-45f9-aa90-49ca5cc5c6f0" ],
        "x-ms-routing-request-id": [ "SOUTHEASTASIA:20220104T103208Z:a9b072dc-2800-45f9-aa90-49ca5cc5c6f0" ],
        "X-Content-Type-Options": [ "nosniff" ],
        "Date": [ "Tue, 04 Jan 2022 10:32:07 GMT" ]
      },
      "ContentHeaders": {
        "Expires": [ "-1" ],
        "Content-Length": [ "0" ]
      },
      "Content": null,
      "isContentBase64": false
    }
  }
}