{
  "Entries": [
    {
      "RequestUri": "/subscriptions/2e7fe4bd-90c7-454e-8bb6-dc44649f27b2/resourcegroups/ps9007?api-version=2016-02-01",
      "EncodedRequestUri": "L3N1YnNjcmlwdGlvbnMvMmU3ZmU0YmQtOTBjNy00NTRlLThiYjYtZGM0NDY0OWYyN2IyL3Jlc291cmNlZ3JvdXBzL3BzOTAwNz9hcGktdmVyc2lvbj0yMDE2LTAyLTAx",
      "RequestMethod": "PUT",
      "RequestBody": "{\r\n  \"location\": \"westcentralus\"\r\n}",
      "RequestHeaders": {
        "Content-Type": [
          "application/json; charset=utf-8"
        ],
        "Content-Length": [
          "35"
        ],
        "User-Agent": [
          "Microsoft.Azure.Management.Resources.ResourceManagementClient/2.0.0.0"
        ]
      },
      "ResponseBody": "{\r\n  \"id\": \"/subscriptions/2e7fe4bd-90c7-454e-8bb6-dc44649f27b2/resourceGroups/ps9007\",\r\n  \"name\": \"ps9007\",\r\n  \"location\": \"westcentralus\",\r\n  \"properties\": {\r\n    \"provisioningState\": \"Succeeded\"\r\n  }\r\n}",
      "ResponseHeaders": {
        "Content-Length": [
          "172"
        ],
        "Content-Type": [
          "application/json; charset=utf-8"
        ],
        "Expires": [
          "-1"
        ],
        "Pragma": [
          "no-cache"
        ],
        "x-ms-ratelimit-remaining-subscription-writes": [
          "1198"
        ],
        "x-ms-request-id": [
          "c299684e-e1ed-4a16-ad82-8f63a0b5f9cf"
        ],
        "x-ms-correlation-request-id": [
          "c299684e-e1ed-4a16-ad82-8f63a0b5f9cf"
        ],
        "x-ms-routing-request-id": [
          "WESTUS2:20180601T091721Z:c299684e-e1ed-4a16-ad82-8f63a0b5f9cf"
        ],
        "Strict-Transport-Security": [
          "max-age=31536000; includeSubDomains"
        ],
        "X-Content-Type-Options": [
          "nosniff"
        ],
        "Cache-Control": [
          "no-cache"
        ],
        "Date": [
          "Fri, 01 Jun 2018 09:17:21 GMT"
        ]
      },
      "StatusCode": 201
    },
    {
      "RequestUri": "/subscriptions/2e7fe4bd-90c7-454e-8bb6-dc44649f27b2/resourceGroups/ps9007/providers/Microsoft.Sql/servers/ps2956?api-version=2015-05-01-preview",
      "EncodedRequestUri": "L3N1YnNjcmlwdGlvbnMvMmU3ZmU0YmQtOTBjNy00NTRlLThiYjYtZGM0NDY0OWYyN2IyL3Jlc291cmNlR3JvdXBzL3BzOTAwNy9wcm92aWRlcnMvTWljcm9zb2Z0LlNxbC9zZXJ2ZXJzL3BzMjk1Nj9hcGktdmVyc2lvbj0yMDE1LTA1LTAxLXByZXZpZXc=",
      "RequestMethod": "GET",
      "RequestBody": "",
      "RequestHeaders": {
        "x-ms-client-request-id": [
          "47e67371-87b2-4f6f-90af-f7ea397541ae"
        ],
        "accept-language": [
          "en-US"
        ],
        "User-Agent": [
          "FxVersion/4.7.2650.0",
          "OSName/WindowsServer2016Datacenter",
          "OSVersion/6.3.14393",
          "Microsoft.Azure.Management.Sql.SqlManagementClient/1.16.0.0"
        ]
      },
      "ResponseBody": "{\r\n  \"error\": {\r\n    \"code\": \"ResourceNotFound\",\r\n    \"message\": \"The Resource 'Microsoft.Sql/servers/ps2956' under resource group 'ps9007' was not found.\"\r\n  }\r\n}",
      "ResponseHeaders": {
        "Content-Length": [
          "138"
        ],
        "Content-Type": [
          "application/json; charset=utf-8"
        ],
        "Expires": [
          "-1"
        ],
        "Pragma": [
          "no-cache"
        ],
        "x-ms-failure-cause": [
          "gateway"
        ],
        "x-ms-request-id": [
          "bf1e9a32-bae8-4f6e-9fb3-692eb5d3cabe"
        ],
        "x-ms-correlation-request-id": [
          "bf1e9a32-bae8-4f6e-9fb3-692eb5d3cabe"
        ],
        "x-ms-routing-request-id": [
          "WESTUS2:20180601T091722Z:bf1e9a32-bae8-4f6e-9fb3-692eb5d3cabe"
        ],
        "Strict-Transport-Security": [
          "max-age=31536000; includeSubDomains"
        ],
        "X-Content-Type-Options": [
          "nosniff"
        ],
        "Cache-Control": [
          "no-cache"
        ],
        "Date": [
          "Fri, 01 Jun 2018 09:17:22 GMT"
        ]
      },
      "StatusCode": 404
    },
    {
      "RequestUri": "/subscriptions/2e7fe4bd-90c7-454e-8bb6-dc44649f27b2/resourceGroups/ps9007/providers/Microsoft.Sql/servers/ps2956?api-version=2015-05-01-preview",
      "EncodedRequestUri": "L3N1YnNjcmlwdGlvbnMvMmU3ZmU0YmQtOTBjNy00NTRlLThiYjYtZGM0NDY0OWYyN2IyL3Jlc291cmNlR3JvdXBzL3BzOTAwNy9wcm92aWRlcnMvTWljcm9zb2Z0LlNxbC9zZXJ2ZXJzL3BzMjk1Nj9hcGktdmVyc2lvbj0yMDE1LTA1LTAxLXByZXZpZXc=",
      "RequestMethod": "GET",
      "RequestBody": "",
      "RequestHeaders": {
        "User-Agent": [
          "FxVersion/4.7.2650.0",
          "OSName/WindowsServer2016Datacenter",
          "OSVersion/6.3.14393",
          "Microsoft.Azure.Management.Sql.SqlManagementClient/1.16.0.0"
        ]
      },
      "ResponseBody": "{\r\n  \"kind\": \"v12.0\",\r\n  \"properties\": {\r\n    \"administratorLogin\": \"ps2869\",\r\n    \"version\": \"12.0\",\r\n    \"state\": \"Ready\",\r\n    \"fullyQualifiedDomainName\": \"ps2956.database.windows.net\"\r\n  },\r\n  \"location\": \"westus2\",\r\n  \"id\": \"/subscriptions/2e7fe4bd-90c7-454e-8bb6-dc44649f27b2/resourceGroups/ps9007/providers/Microsoft.Sql/servers/ps2956\",\r\n  \"name\": \"ps2956\",\r\n  \"type\": \"Microsoft.Sql/servers\"\r\n}",
      "ResponseHeaders": {
        "Content-Length": [
          "339"
        ],
        "Content-Type": [
          "application/json; charset=utf-8"
        ],
        "Expires": [
          "-1"
        ],
        "Pragma": [
          "no-cache"
        ],
        "x-ms-request-id": [
          "5671f84d-550e-4d7c-b753-718d9cde9a23"
        ],
        "x-ms-ratelimit-remaining-subscription-reads": [
          "14988"
        ],
        "x-ms-correlation-request-id": [
          "f42b2141-36f2-48ca-b7af-decd99945199"
        ],
        "x-ms-routing-request-id": [
          "WESTUS2:20180601T091833Z:f42b2141-36f2-48ca-b7af-decd99945199"
        ],
        "Strict-Transport-Security": [
          "max-age=31536000; includeSubDomains"
        ],
        "X-Content-Type-Options": [
          "nosniff"
        ],
        "Cache-Control": [
          "no-cache"
        ],
        "Date": [
          "Fri, 01 Jun 2018 09:18:33 GMT"
        ],
        "Server": [
          "Microsoft-HTTPAPI/2.0"
        ]
      },
      "StatusCode": 200
    },
    {
      "RequestUri": "/subscriptions/2e7fe4bd-90c7-454e-8bb6-dc44649f27b2/resourceGroups/ps9007/providers/Microsoft.Sql/servers/ps2956?api-version=2015-05-01-preview",
      "EncodedRequestUri": "L3N1YnNjcmlwdGlvbnMvMmU3ZmU0YmQtOTBjNy00NTRlLThiYjYtZGM0NDY0OWYyN2IyL3Jlc291cmNlR3JvdXBzL3BzOTAwNy9wcm92aWRlcnMvTWljcm9zb2Z0LlNxbC9zZXJ2ZXJzL3BzMjk1Nj9hcGktdmVyc2lvbj0yMDE1LTA1LTAxLXByZXZpZXc=",
      "RequestMethod": "GET",
      "RequestBody": "",
      "RequestHeaders": {
        "x-ms-client-request-id": [
          "affddb6a-1cbb-49f4-83c0-8a06850e4866"
        ],
        "accept-language": [
          "en-US"
        ],
        "User-Agent": [
          "FxVersion/4.7.2650.0",
          "OSName/WindowsServer2016Datacenter",
          "OSVersion/6.3.14393",
          "Microsoft.Azure.Management.Sql.SqlManagementClient/1.16.0.0"
        ]
      },
      "ResponseBody": "{\r\n  \"kind\": \"v12.0\",\r\n  \"properties\": {\r\n    \"administratorLogin\": \"ps2869\",\r\n    \"version\": \"12.0\",\r\n    \"state\": \"Ready\",\r\n    \"fullyQualifiedDomainName\": \"ps2956.database.windows.net\"\r\n  },\r\n  \"location\": \"westus2\",\r\n  \"id\": \"/subscriptions/2e7fe4bd-90c7-454e-8bb6-dc44649f27b2/resourceGroups/ps9007/providers/Microsoft.Sql/servers/ps2956\",\r\n  \"name\": \"ps2956\",\r\n  \"type\": \"Microsoft.Sql/servers\"\r\n}",
      "ResponseHeaders": {
        "Content-Length": [
          "339"
        ],
        "Content-Type": [
          "application/json; charset=utf-8"
        ],
        "Expires": [
          "-1"
        ],
        "Pragma": [
          "no-cache"
        ],
        "x-ms-request-id": [
          "422af8c5-1531-437a-b1b9-9453d81f20f2"
        ],
        "x-ms-ratelimit-remaining-subscription-reads": [
          "14997"
        ],
        "x-ms-correlation-request-id": [
          "ebc070b2-0180-4eb5-ba9d-1f10adf2af09"
        ],
        "x-ms-routing-request-id": [
          "WESTUS2:20180601T091835Z:ebc070b2-0180-4eb5-ba9d-1f10adf2af09"
        ],
        "Strict-Transport-Security": [
          "max-age=31536000; includeSubDomains"
        ],
        "X-Content-Type-Options": [
          "nosniff"
        ],
        "Cache-Control": [
          "no-cache"
        ],
        "Date": [
          "Fri, 01 Jun 2018 09:18:35 GMT"
        ],
        "Server": [
          "Microsoft-HTTPAPI/2.0"
        ]
      },
      "StatusCode": 200
    },
    {
      "RequestUri": "/subscriptions/2e7fe4bd-90c7-454e-8bb6-dc44649f27b2/resourceGroups/ps9007/providers/Microsoft.Sql/servers/ps2956?api-version=2015-05-01-preview",
      "EncodedRequestUri": "L3N1YnNjcmlwdGlvbnMvMmU3ZmU0YmQtOTBjNy00NTRlLThiYjYtZGM0NDY0OWYyN2IyL3Jlc291cmNlR3JvdXBzL3BzOTAwNy9wcm92aWRlcnMvTWljcm9zb2Z0LlNxbC9zZXJ2ZXJzL3BzMjk1Nj9hcGktdmVyc2lvbj0yMDE1LTA1LTAxLXByZXZpZXc=",
      "RequestMethod": "GET",
      "RequestBody": "",
      "RequestHeaders": {
        "x-ms-client-request-id": [
          "9d91accf-002b-487d-885f-d8aaa3b05f4e"
        ],
        "accept-language": [
          "en-US"
        ],
        "User-Agent": [
          "FxVersion/4.7.2650.0",
          "OSName/WindowsServer2016Datacenter",
          "OSVersion/6.3.14393",
          "Microsoft.Azure.Management.Sql.SqlManagementClient/1.16.0.0"
        ]
      },
      "ResponseBody": "{\r\n  \"kind\": \"v12.0\",\r\n  \"properties\": {\r\n    \"administratorLogin\": \"ps2869\",\r\n    \"version\": \"12.0\",\r\n    \"state\": \"Ready\",\r\n    \"fullyQualifiedDomainName\": \"ps2956.database.windows.net\"\r\n  },\r\n  \"location\": \"westus2\",\r\n  \"id\": \"/subscriptions/2e7fe4bd-90c7-454e-8bb6-dc44649f27b2/resourceGroups/ps9007/providers/Microsoft.Sql/servers/ps2956\",\r\n  \"name\": \"ps2956\",\r\n  \"type\": \"Microsoft.Sql/servers\"\r\n}",
      "ResponseHeaders": {
        "Content-Length": [
          "339"
        ],
        "Content-Type": [
          "application/json; charset=utf-8"
        ],
        "Expires": [
          "-1"
        ],
        "Pragma": [
          "no-cache"
        ],
        "x-ms-request-id": [
          "4e4f8f05-ff09-4df5-b5bd-e0f0dcc4d884"
        ],
        "x-ms-ratelimit-remaining-subscription-reads": [
          "14982"
        ],
        "x-ms-correlation-request-id": [
          "7488cd5c-1c32-40a7-969d-da9a309d4c7b"
        ],
        "x-ms-routing-request-id": [
          "WESTUS2:20180601T091952Z:7488cd5c-1c32-40a7-969d-da9a309d4c7b"
        ],
        "Strict-Transport-Security": [
          "max-age=31536000; includeSubDomains"
        ],
        "X-Content-Type-Options": [
          "nosniff"
        ],
        "Cache-Control": [
          "no-cache"
        ],
        "Date": [
          "Fri, 01 Jun 2018 09:19:51 GMT"
        ],
        "Server": [
          "Microsoft-HTTPAPI/2.0"
        ]
      },
      "StatusCode": 200
    },
    {
      "RequestUri": "/subscriptions/2e7fe4bd-90c7-454e-8bb6-dc44649f27b2/resourceGroups/ps9007/providers/Microsoft.Sql/servers/ps2956?api-version=2015-05-01-preview",
      "EncodedRequestUri": "L3N1YnNjcmlwdGlvbnMvMmU3ZmU0YmQtOTBjNy00NTRlLThiYjYtZGM0NDY0OWYyN2IyL3Jlc291cmNlR3JvdXBzL3BzOTAwNy9wcm92aWRlcnMvTWljcm9zb2Z0LlNxbC9zZXJ2ZXJzL3BzMjk1Nj9hcGktdmVyc2lvbj0yMDE1LTA1LTAxLXByZXZpZXc=",
      "RequestMethod": "GET",
      "RequestBody": "",
      "RequestHeaders": {
        "x-ms-client-request-id": [
          "3c82e336-70c1-4dba-bd05-09d4859499b8"
        ],
        "accept-language": [
          "en-US"
        ],
        "User-Agent": [
          "FxVersion/4.7.2650.0",
          "OSName/WindowsServer2016Datacenter",
          "OSVersion/6.3.14393",
          "Microsoft.Azure.Management.Sql.SqlManagementClient/1.16.0.0"
        ]
      },
      "ResponseBody": "{\r\n  \"kind\": \"v12.0\",\r\n  \"properties\": {\r\n    \"administratorLogin\": \"ps2869\",\r\n    \"version\": \"12.0\",\r\n    \"state\": \"Ready\",\r\n    \"fullyQualifiedDomainName\": \"ps2956.database.windows.net\"\r\n  },\r\n  \"location\": \"westus2\",\r\n  \"id\": \"/subscriptions/2e7fe4bd-90c7-454e-8bb6-dc44649f27b2/resourceGroups/ps9007/providers/Microsoft.Sql/servers/ps2956\",\r\n  \"name\": \"ps2956\",\r\n  \"type\": \"Microsoft.Sql/servers\"\r\n}",
      "ResponseHeaders": {
        "Content-Length": [
          "339"
        ],
        "Content-Type": [
          "application/json; charset=utf-8"
        ],
        "Expires": [
          "-1"
        ],
        "Pragma": [
          "no-cache"
        ],
        "x-ms-request-id": [
          "38d70332-af87-4bd0-a824-48b92e13f1df"
        ],
        "x-ms-ratelimit-remaining-subscription-reads": [
          "14976"
        ],
        "x-ms-correlation-request-id": [
          "5d0b3045-eef4-4a8e-b187-9bbb06ab4c37"
        ],
        "x-ms-routing-request-id": [
          "WESTUS2:20180601T092053Z:5d0b3045-eef4-4a8e-b187-9bbb06ab4c37"
        ],
        "Strict-Transport-Security": [
          "max-age=31536000; includeSubDomains"
        ],
        "X-Content-Type-Options": [
          "nosniff"
        ],
        "Cache-Control": [
          "no-cache"
        ],
        "Date": [
          "Fri, 01 Jun 2018 09:20:52 GMT"
        ],
        "Server": [
          "Microsoft-HTTPAPI/2.0"
        ]
      },
      "StatusCode": 200
    },
    {
      "RequestUri": "/subscriptions/2e7fe4bd-90c7-454e-8bb6-dc44649f27b2/resourceGroups/ps9007/providers/Microsoft.Sql/servers/ps2956?api-version=2015-05-01-preview",
      "EncodedRequestUri": "L3N1YnNjcmlwdGlvbnMvMmU3ZmU0YmQtOTBjNy00NTRlLThiYjYtZGM0NDY0OWYyN2IyL3Jlc291cmNlR3JvdXBzL3BzOTAwNy9wcm92aWRlcnMvTWljcm9zb2Z0LlNxbC9zZXJ2ZXJzL3BzMjk1Nj9hcGktdmVyc2lvbj0yMDE1LTA1LTAxLXByZXZpZXc=",
      "RequestMethod": "PUT",
      "RequestBody": "{\r\n  \"properties\": {\r\n    \"administratorLogin\": \"ps2869\",\r\n    \"administratorLoginPassword\": \"t357ingP@s5w0rd!\"\r\n  },\r\n  \"location\": \"westus2\"\r\n}",
      "RequestHeaders": {
        "Content-Type": [
          "application/json; charset=utf-8"
        ],
        "Content-Length": [
          "145"
        ],
        "x-ms-client-request-id": [
          "72e76015-afdd-49bf-8a46-496fb4747151"
        ],
        "accept-language": [
          "en-US"
        ],
        "User-Agent": [
          "FxVersion/4.7.2650.0",
          "OSName/WindowsServer2016Datacenter",
          "OSVersion/6.3.14393",
          "Microsoft.Azure.Management.Sql.SqlManagementClient/1.16.0.0"
        ]
      },
      "ResponseBody": "{\r\n  \"operation\": \"UpsertLogicalServer\",\r\n  \"startTime\": \"2018-06-01T09:17:22.877Z\"\r\n}",
      "ResponseHeaders": {
        "Content-Length": [
          "74"
        ],
        "Content-Type": [
          "application/json; charset=utf-8"
        ],
        "Expires": [
          "-1"
        ],
        "Pragma": [
          "no-cache"
        ],
        "Retry-After": [
          "1"
        ],
        "Azure-AsyncOperation": [
          "https://management.azure.com/subscriptions/2e7fe4bd-90c7-454e-8bb6-dc44649f27b2/resourceGroups/ps9007/providers/Microsoft.Sql/locations/westus2/serverAzureAsyncOperation/b258059f-c4ae-4fc9-8cd5-6a7c7c7ac723?api-version=2015-05-01-preview"
        ],
        "x-ms-request-id": [
          "b258059f-c4ae-4fc9-8cd5-6a7c7c7ac723"
        ],
        "x-ms-ratelimit-remaining-subscription-writes": [
          "1199"
        ],
        "x-ms-correlation-request-id": [
          "b9928505-0e50-4f98-995e-f39cf8fbbbba"
        ],
        "x-ms-routing-request-id": [
          "WESTUS2:20180601T091723Z:b9928505-0e50-4f98-995e-f39cf8fbbbba"
        ],
        "Strict-Transport-Security": [
          "max-age=31536000; includeSubDomains"
        ],
        "X-Content-Type-Options": [
          "nosniff"
        ],
        "Cache-Control": [
          "no-cache"
        ],
        "Date": [
          "Fri, 01 Jun 2018 09:17:23 GMT"
        ],
        "Location": [
          "https://management.azure.com/subscriptions/2e7fe4bd-90c7-454e-8bb6-dc44649f27b2/resourceGroups/ps9007/providers/Microsoft.Sql/locations/westus2/serverOperationResults/b258059f-c4ae-4fc9-8cd5-6a7c7c7ac723?api-version=2015-05-01-preview"
        ],
        "Server": [
          "Microsoft-HTTPAPI/2.0"
        ]
      },
      "StatusCode": 202
    },
    {
      "RequestUri": "/subscriptions/2e7fe4bd-90c7-454e-8bb6-dc44649f27b2/resourceGroups/ps9007/providers/Microsoft.Sql/locations/westus2/serverAzureAsyncOperation/b258059f-c4ae-4fc9-8cd5-6a7c7c7ac723?api-version=2015-05-01-preview",
      "EncodedRequestUri": "L3N1YnNjcmlwdGlvbnMvMmU3ZmU0YmQtOTBjNy00NTRlLThiYjYtZGM0NDY0OWYyN2IyL3Jlc291cmNlR3JvdXBzL3BzOTAwNy9wcm92aWRlcnMvTWljcm9zb2Z0LlNxbC9sb2NhdGlvbnMvd2VzdHVzMi9zZXJ2ZXJBenVyZUFzeW5jT3BlcmF0aW9uL2IyNTgwNTlmLWM0YWUtNGZjOS04Y2Q1LTZhN2M3YzdhYzcyMz9hcGktdmVyc2lvbj0yMDE1LTA1LTAxLXByZXZpZXc=",
      "RequestMethod": "GET",
      "RequestBody": "",
      "RequestHeaders": {
        "User-Agent": [
          "FxVersion/4.7.2650.0",
          "OSName/WindowsServer2016Datacenter",
          "OSVersion/6.3.14393",
          "Microsoft.Azure.Management.Sql.SqlManagementClient/1.16.0.0"
        ]
      },
      "ResponseBody": "{\r\n  \"name\": \"b258059f-c4ae-4fc9-8cd5-6a7c7c7ac723\",\r\n  \"status\": \"InProgress\",\r\n  \"startTime\": \"2018-06-01T09:17:22.877Z\"\r\n}",
      "ResponseHeaders": {
        "Content-Length": [
          "108"
        ],
        "Content-Type": [
          "application/json; charset=utf-8"
        ],
        "Expires": [
          "-1"
        ],
        "Pragma": [
          "no-cache"
        ],
        "Retry-After": [
          "20"
        ],
        "x-ms-request-id": [
          "8eba7060-52eb-4c55-bb61-4bdb8cd511e5"
        ],
        "x-ms-ratelimit-remaining-subscription-reads": [
          "14992"
        ],
        "x-ms-correlation-request-id": [
          "de5ee80a-5f88-4046-a73d-4e16fbd0db1b"
        ],
        "x-ms-routing-request-id": [
          "WESTUS2:20180601T091733Z:de5ee80a-5f88-4046-a73d-4e16fbd0db1b"
        ],
        "Strict-Transport-Security": [
          "max-age=31536000; includeSubDomains"
        ],
        "X-Content-Type-Options": [
          "nosniff"
        ],
        "Cache-Control": [
          "no-cache"
        ],
        "Date": [
          "Fri, 01 Jun 2018 09:17:32 GMT"
        ],
        "Server": [
          "Microsoft-HTTPAPI/2.0"
        ]
      },
      "StatusCode": 200
    },
    {
      "RequestUri": "/subscriptions/2e7fe4bd-90c7-454e-8bb6-dc44649f27b2/resourceGroups/ps9007/providers/Microsoft.Sql/locations/westus2/serverAzureAsyncOperation/b258059f-c4ae-4fc9-8cd5-6a7c7c7ac723?api-version=2015-05-01-preview",
      "EncodedRequestUri": "L3N1YnNjcmlwdGlvbnMvMmU3ZmU0YmQtOTBjNy00NTRlLThiYjYtZGM0NDY0OWYyN2IyL3Jlc291cmNlR3JvdXBzL3BzOTAwNy9wcm92aWRlcnMvTWljcm9zb2Z0LlNxbC9sb2NhdGlvbnMvd2VzdHVzMi9zZXJ2ZXJBenVyZUFzeW5jT3BlcmF0aW9uL2IyNTgwNTlmLWM0YWUtNGZjOS04Y2Q1LTZhN2M3YzdhYzcyMz9hcGktdmVyc2lvbj0yMDE1LTA1LTAxLXByZXZpZXc=",
      "RequestMethod": "GET",
      "RequestBody": "",
      "RequestHeaders": {
        "User-Agent": [
          "FxVersion/4.7.2650.0",
          "OSName/WindowsServer2016Datacenter",
          "OSVersion/6.3.14393",
          "Microsoft.Azure.Management.Sql.SqlManagementClient/1.16.0.0"
        ]
      },
      "ResponseBody": "{\r\n  \"name\": \"b258059f-c4ae-4fc9-8cd5-6a7c7c7ac723\",\r\n  \"status\": \"InProgress\",\r\n  \"startTime\": \"2018-06-01T09:17:22.877Z\"\r\n}",
      "ResponseHeaders": {
        "Content-Length": [
          "108"
        ],
        "Content-Type": [
          "application/json; charset=utf-8"
        ],
        "Expires": [
          "-1"
        ],
        "Pragma": [
          "no-cache"
        ],
        "Retry-After": [
          "20"
        ],
        "x-ms-request-id": [
          "b8197dcc-e594-4f71-ad63-01ac2ca60e08"
        ],
        "x-ms-ratelimit-remaining-subscription-reads": [
          "14991"
        ],
        "x-ms-correlation-request-id": [
          "eeaff466-0e4c-417c-ba61-66f922dc2717"
        ],
        "x-ms-routing-request-id": [
          "WESTUS2:20180601T091753Z:eeaff466-0e4c-417c-ba61-66f922dc2717"
        ],
        "Strict-Transport-Security": [
          "max-age=31536000; includeSubDomains"
        ],
        "X-Content-Type-Options": [
          "nosniff"
        ],
        "Cache-Control": [
          "no-cache"
        ],
        "Date": [
          "Fri, 01 Jun 2018 09:17:52 GMT"
        ],
        "Server": [
          "Microsoft-HTTPAPI/2.0"
        ]
      },
      "StatusCode": 200
    },
    {
      "RequestUri": "/subscriptions/2e7fe4bd-90c7-454e-8bb6-dc44649f27b2/resourceGroups/ps9007/providers/Microsoft.Sql/locations/westus2/serverAzureAsyncOperation/b258059f-c4ae-4fc9-8cd5-6a7c7c7ac723?api-version=2015-05-01-preview",
      "EncodedRequestUri": "L3N1YnNjcmlwdGlvbnMvMmU3ZmU0YmQtOTBjNy00NTRlLThiYjYtZGM0NDY0OWYyN2IyL3Jlc291cmNlR3JvdXBzL3BzOTAwNy9wcm92aWRlcnMvTWljcm9zb2Z0LlNxbC9sb2NhdGlvbnMvd2VzdHVzMi9zZXJ2ZXJBenVyZUFzeW5jT3BlcmF0aW9uL2IyNTgwNTlmLWM0YWUtNGZjOS04Y2Q1LTZhN2M3YzdhYzcyMz9hcGktdmVyc2lvbj0yMDE1LTA1LTAxLXByZXZpZXc=",
      "RequestMethod": "GET",
      "RequestBody": "",
      "RequestHeaders": {
        "User-Agent": [
          "FxVersion/4.7.2650.0",
          "OSName/WindowsServer2016Datacenter",
          "OSVersion/6.3.14393",
          "Microsoft.Azure.Management.Sql.SqlManagementClient/1.16.0.0"
        ]
      },
      "ResponseBody": "{\r\n  \"name\": \"b258059f-c4ae-4fc9-8cd5-6a7c7c7ac723\",\r\n  \"status\": \"InProgress\",\r\n  \"startTime\": \"2018-06-01T09:17:22.877Z\"\r\n}",
      "ResponseHeaders": {
        "Content-Length": [
          "108"
        ],
        "Content-Type": [
          "application/json; charset=utf-8"
        ],
        "Expires": [
          "-1"
        ],
        "Pragma": [
          "no-cache"
        ],
        "Retry-After": [
          "20"
        ],
        "x-ms-request-id": [
          "202af9d8-56c3-4664-b37d-098b865de1dc"
        ],
        "x-ms-ratelimit-remaining-subscription-reads": [
          "14990"
        ],
        "x-ms-correlation-request-id": [
          "9cecd679-0339-4cef-9a6d-20f5be075e59"
        ],
        "x-ms-routing-request-id": [
          "WESTUS2:20180601T091813Z:9cecd679-0339-4cef-9a6d-20f5be075e59"
        ],
        "Strict-Transport-Security": [
          "max-age=31536000; includeSubDomains"
        ],
        "X-Content-Type-Options": [
          "nosniff"
        ],
        "Cache-Control": [
          "no-cache"
        ],
        "Date": [
          "Fri, 01 Jun 2018 09:18:12 GMT"
        ],
        "Server": [
          "Microsoft-HTTPAPI/2.0"
        ]
      },
      "StatusCode": 200
    },
    {
      "RequestUri": "/subscriptions/2e7fe4bd-90c7-454e-8bb6-dc44649f27b2/resourceGroups/ps9007/providers/Microsoft.Sql/locations/westus2/serverAzureAsyncOperation/b258059f-c4ae-4fc9-8cd5-6a7c7c7ac723?api-version=2015-05-01-preview",
      "EncodedRequestUri": "L3N1YnNjcmlwdGlvbnMvMmU3ZmU0YmQtOTBjNy00NTRlLThiYjYtZGM0NDY0OWYyN2IyL3Jlc291cmNlR3JvdXBzL3BzOTAwNy9wcm92aWRlcnMvTWljcm9zb2Z0LlNxbC9sb2NhdGlvbnMvd2VzdHVzMi9zZXJ2ZXJBenVyZUFzeW5jT3BlcmF0aW9uL2IyNTgwNTlmLWM0YWUtNGZjOS04Y2Q1LTZhN2M3YzdhYzcyMz9hcGktdmVyc2lvbj0yMDE1LTA1LTAxLXByZXZpZXc=",
      "RequestMethod": "GET",
      "RequestBody": "",
      "RequestHeaders": {
        "User-Agent": [
          "FxVersion/4.7.2650.0",
          "OSName/WindowsServer2016Datacenter",
          "OSVersion/6.3.14393",
          "Microsoft.Azure.Management.Sql.SqlManagementClient/1.16.0.0"
        ]
      },
      "ResponseBody": "{\r\n  \"name\": \"b258059f-c4ae-4fc9-8cd5-6a7c7c7ac723\",\r\n  \"status\": \"Succeeded\",\r\n  \"startTime\": \"2018-06-01T09:17:22.877Z\"\r\n}",
      "ResponseHeaders": {
        "Content-Length": [
          "107"
        ],
        "Content-Type": [
          "application/json; charset=utf-8"
        ],
        "Expires": [
          "-1"
        ],
        "Pragma": [
          "no-cache"
        ],
        "Retry-After": [
          "15"
        ],
        "x-ms-request-id": [
          "104dd9d4-ba95-422c-86c3-8952292f8913"
        ],
        "x-ms-ratelimit-remaining-subscription-reads": [
          "14989"
        ],
        "x-ms-correlation-request-id": [
          "bece5f68-8313-4530-9469-895f3f440ff5"
        ],
        "x-ms-routing-request-id": [
          "WESTUS2:20180601T091833Z:bece5f68-8313-4530-9469-895f3f440ff5"
        ],
        "Strict-Transport-Security": [
          "max-age=31536000; includeSubDomains"
        ],
        "X-Content-Type-Options": [
          "nosniff"
        ],
        "Cache-Control": [
          "no-cache"
        ],
        "Date": [
          "Fri, 01 Jun 2018 09:18:33 GMT"
        ],
        "Server": [
          "Microsoft-HTTPAPI/2.0"
        ]
      },
      "StatusCode": 200
    },
    {
      "RequestUri": "/subscriptions/2e7fe4bd-90c7-454e-8bb6-dc44649f27b2/resourceGroups/ps9007/providers/Microsoft.Sql/servers/ps2956/firewallRules/AllowAllAzureIPs?api-version=2014-04-01",
      "EncodedRequestUri": "L3N1YnNjcmlwdGlvbnMvMmU3ZmU0YmQtOTBjNy00NTRlLThiYjYtZGM0NDY0OWYyN2IyL3Jlc291cmNlR3JvdXBzL3BzOTAwNy9wcm92aWRlcnMvTWljcm9zb2Z0LlNxbC9zZXJ2ZXJzL3BzMjk1Ni9maXJld2FsbFJ1bGVzL0FsbG93QWxsQXp1cmVJUHM/YXBpLXZlcnNpb249MjAxNC0wNC0wMQ==",
      "RequestMethod": "GET",
      "RequestBody": "",
      "RequestHeaders": {
        "User-Agent": [
          "Microsoft.Azure.Management.Sql.LegacySdk.SqlManagementClient/4.5.0.0"
        ]
      },
      "ResponseBody": "{\r\n  \"code\": \"NotFound\",\r\n  \"message\": \"Resource not found for the segment 'firewallRules'.\",\r\n  \"target\": null,\r\n  \"details\": [],\r\n  \"innererror\": []\r\n}",
      "ResponseHeaders": {
        "Content-Length": [
          "136"
        ],
        "Content-Type": [
          "application/json"
        ],
        "x-ms-request-id": [
          "31635f06-6b53-40a4-a08c-fd047b6f45ba"
        ],
        "X-Content-Type-Options": [
          "nosniff"
        ],
        "DataServiceVersion": [
          "3.0;"
        ],
        "Strict-Transport-Security": [
          "max-age=31536000; includeSubDomains"
        ],
        "x-ms-ratelimit-remaining-subscription-reads": [
          "14999"
        ],
        "x-ms-correlation-request-id": [
          "80211d83-afdb-4c57-896c-43930613c4e4"
        ],
        "x-ms-routing-request-id": [
          "WESTUS2:20180601T091833Z:80211d83-afdb-4c57-896c-43930613c4e4"
        ],
        "Cache-Control": [
          "no-store, no-cache"
        ],
        "Date": [
          "Fri, 01 Jun 2018 09:18:33 GMT"
        ],
        "Server": [
          "Microsoft-HTTPAPI/2.0"
        ]
      },
      "StatusCode": 404
    },
    {
      "RequestUri": "/subscriptions/2e7fe4bd-90c7-454e-8bb6-dc44649f27b2/resourceGroups/ps9007/providers/Microsoft.Sql/servers/ps2956/firewallRules/AllowAllAzureIPs?api-version=2014-04-01",
      "EncodedRequestUri": "L3N1YnNjcmlwdGlvbnMvMmU3ZmU0YmQtOTBjNy00NTRlLThiYjYtZGM0NDY0OWYyN2IyL3Jlc291cmNlR3JvdXBzL3BzOTAwNy9wcm92aWRlcnMvTWljcm9zb2Z0LlNxbC9zZXJ2ZXJzL3BzMjk1Ni9maXJld2FsbFJ1bGVzL0FsbG93QWxsQXp1cmVJUHM/YXBpLXZlcnNpb249MjAxNC0wNC0wMQ==",
      "RequestMethod": "PUT",
      "RequestBody": "{\r\n  \"properties\": {\r\n    \"startIpAddress\": \"0.0.0.0\",\r\n    \"endIpAddress\": \"0.0.0.0\"\r\n  }\r\n}",
      "RequestHeaders": {
        "Content-Type": [
          "application/json; charset=utf-8"
        ],
        "Content-Length": [
          "93"
        ],
        "User-Agent": [
          "Microsoft.Azure.Management.Sql.LegacySdk.SqlManagementClient/4.5.0.0"
        ]
      },
      "ResponseBody": "{\r\n  \"id\": \"/subscriptions/2e7fe4bd-90c7-454e-8bb6-dc44649f27b2/resourceGroups/ps9007/providers/Microsoft.Sql/servers/ps2956/firewallRules/AllowAllAzureIPs\",\r\n  \"name\": \"AllowAllAzureIPs\",\r\n  \"type\": \"Microsoft.Sql/servers/firewallRules\",\r\n  \"location\": \"West US 2\",\r\n  \"kind\": \"v12.0\",\r\n  \"properties\": {\r\n    \"startIpAddress\": \"0.0.0.0\",\r\n    \"endIpAddress\": \"0.0.0.0\"\r\n  }\r\n}",
      "ResponseHeaders": {
        "Content-Length": [
          "328"
        ],
        "Content-Type": [
          "application/json; odata=minimalmetadata; streaming=true; charset=utf-8"
        ],
        "x-ms-request-id": [
          "1c92cbd3-f594-4e70-959e-d76097c2977c"
        ],
        "X-Content-Type-Options": [
          "nosniff"
        ],
        "Preference-Applied": [
          "return-content"
        ],
        "DataServiceVersion": [
          "3.0;"
        ],
        "Strict-Transport-Security": [
          "max-age=31536000; includeSubDomains"
        ],
        "x-ms-ratelimit-remaining-subscription-writes": [
          "1199"
        ],
        "x-ms-correlation-request-id": [
          "9acb3283-de07-4136-a214-664656a81d81"
        ],
        "x-ms-routing-request-id": [
          "WESTUS2:20180601T091835Z:9acb3283-de07-4136-a214-664656a81d81"
        ],
        "Cache-Control": [
          "no-store, no-cache"
        ],
        "Date": [
          "Fri, 01 Jun 2018 09:18:35 GMT"
        ],
        "Server": [
          "Microsoft-HTTPAPI/2.0"
        ]
      },
      "StatusCode": 201
    },
    {
      "RequestUri": "/subscriptions/2e7fe4bd-90c7-454e-8bb6-dc44649f27b2/resourceGroups/ps9007/providers/Microsoft.Sql/servers/ps2956/databases/ps9222?api-version=2017-10-01-preview",
      "EncodedRequestUri": "L3N1YnNjcmlwdGlvbnMvMmU3ZmU0YmQtOTBjNy00NTRlLThiYjYtZGM0NDY0OWYyN2IyL3Jlc291cmNlR3JvdXBzL3BzOTAwNy9wcm92aWRlcnMvTWljcm9zb2Z0LlNxbC9zZXJ2ZXJzL3BzMjk1Ni9kYXRhYmFzZXMvcHM5MjIyP2FwaS12ZXJzaW9uPTIwMTctMTAtMDEtcHJldmlldw==",
      "RequestMethod": "GET",
      "RequestBody": "",
      "RequestHeaders": {
        "x-ms-client-request-id": [
          "18970a2d-b0d8-4db6-a245-48ad4e437729"
        ],
        "accept-language": [
          "en-US"
        ],
        "User-Agent": [
          "FxVersion/4.7.2650.0",
          "OSName/WindowsServer2016Datacenter",
          "OSVersion/6.3.14393",
          "Microsoft.Azure.Management.Sql.SqlManagementClient/1.16.0.0"
        ]
      },
      "ResponseBody": "{\r\n  \"error\": {\r\n    \"code\": \"ResourceNotFound\",\r\n    \"message\": \"The Resource 'Microsoft.Sql/servers/ps2956/databases/ps9222' under resource group 'ps9007' was not found.\"\r\n  }\r\n}",
      "ResponseHeaders": {
        "Content-Length": [
          "155"
        ],
        "Content-Type": [
          "application/json; charset=utf-8"
        ],
        "Expires": [
          "-1"
        ],
        "Pragma": [
          "no-cache"
        ],
        "x-ms-failure-cause": [
          "gateway"
        ],
        "x-ms-request-id": [
          "c62b7a24-85d2-40ec-80f0-ecafd8fa3276"
        ],
        "x-ms-correlation-request-id": [
          "c62b7a24-85d2-40ec-80f0-ecafd8fa3276"
        ],
        "x-ms-routing-request-id": [
          "WESTUS2:20180601T091835Z:c62b7a24-85d2-40ec-80f0-ecafd8fa3276"
        ],
        "Strict-Transport-Security": [
          "max-age=31536000; includeSubDomains"
        ],
        "X-Content-Type-Options": [
          "nosniff"
        ],
        "Cache-Control": [
          "no-cache"
        ],
        "Date": [
          "Fri, 01 Jun 2018 09:18:35 GMT"
        ]
      },
      "StatusCode": 404
    },
    {
      "RequestUri": "/subscriptions/2e7fe4bd-90c7-454e-8bb6-dc44649f27b2/resourceGroups/ps9007/providers/Microsoft.Sql/servers/ps2956/databases/ps9222?api-version=2017-10-01-preview",
      "EncodedRequestUri": "L3N1YnNjcmlwdGlvbnMvMmU3ZmU0YmQtOTBjNy00NTRlLThiYjYtZGM0NDY0OWYyN2IyL3Jlc291cmNlR3JvdXBzL3BzOTAwNy9wcm92aWRlcnMvTWljcm9zb2Z0LlNxbC9zZXJ2ZXJzL3BzMjk1Ni9kYXRhYmFzZXMvcHM5MjIyP2FwaS12ZXJzaW9uPTIwMTctMTAtMDEtcHJldmlldw==",
      "RequestMethod": "GET",
      "RequestBody": "",
      "RequestHeaders": {
        "User-Agent": [
          "FxVersion/4.7.2650.0",
          "OSName/WindowsServer2016Datacenter",
          "OSVersion/6.3.14393",
          "Microsoft.Azure.Management.Sql.SqlManagementClient/1.16.0.0"
        ]
      },
      "ResponseBody": "{\r\n  \"sku\": {\r\n    \"name\": \"Standard\",\r\n    \"tier\": \"Standard\",\r\n    \"capacity\": 10\r\n  },\r\n  \"kind\": \"v12.0,user\",\r\n  \"properties\": {\r\n    \"collation\": \"SQL_Latin1_General_CP1_CI_AS\",\r\n    \"maxSizeBytes\": 268435456000,\r\n    \"status\": \"Online\",\r\n    \"databaseId\": \"80a53f32-c2ae-4a8e-9e27-b366b7bb26ba\",\r\n    \"creationDate\": \"2018-06-01T09:19:36.573Z\",\r\n    \"currentServiceObjectiveName\": \"S0\",\r\n    \"requestedServiceObjectiveName\": \"S0\",\r\n    \"defaultSecondaryLocation\": \"westcentralus\",\r\n    \"catalogCollation\": \"SQL_Latin1_General_CP1_CI_AS\",\r\n    \"zoneRedundant\": false,\r\n    \"earliestRestoreDate\": \"2018-06-01T09:49:36.573Z\",\r\n    \"readScale\": \"Disabled\",\r\n    \"currentSku\": {\r\n      \"name\": \"Standard\",\r\n      \"tier\": \"Standard\",\r\n      \"capacity\": 10\r\n    }\r\n  },\r\n  \"location\": \"westus2\",\r\n  \"id\": \"/subscriptions/2e7fe4bd-90c7-454e-8bb6-dc44649f27b2/resourceGroups/ps9007/providers/Microsoft.Sql/servers/ps2956/databases/ps9222\",\r\n  \"name\": \"ps9222\",\r\n  \"type\": \"Microsoft.Sql/servers/databases\"\r\n}",
      "ResponseHeaders": {
        "Content-Length": [
          "816"
        ],
        "Content-Type": [
          "application/json; charset=utf-8"
        ],
        "Expires": [
          "-1"
        ],
        "Pragma": [
          "no-cache"
        ],
        "x-ms-request-id": [
          "cb496204-8f7d-4e71-b86c-b8901a10ddae"
        ],
        "x-ms-ratelimit-remaining-subscription-reads": [
          "14984"
        ],
        "x-ms-correlation-request-id": [
          "2bf386c9-bd3d-48f7-8132-942b7f7502f8"
        ],
        "x-ms-routing-request-id": [
          "WESTUS2:20180601T091952Z:2bf386c9-bd3d-48f7-8132-942b7f7502f8"
        ],
        "Strict-Transport-Security": [
          "max-age=31536000; includeSubDomains"
        ],
        "X-Content-Type-Options": [
          "nosniff"
        ],
        "Cache-Control": [
          "no-cache"
        ],
        "Date": [
          "Fri, 01 Jun 2018 09:19:51 GMT"
        ],
        "Server": [
          "Microsoft-HTTPAPI/2.0"
        ]
      },
      "StatusCode": 200
    },
    {
      "RequestUri": "/subscriptions/2e7fe4bd-90c7-454e-8bb6-dc44649f27b2/resourceGroups/ps9007/providers/Microsoft.Sql/servers/ps2956/databases/ps9222?api-version=2017-10-01-preview",
      "EncodedRequestUri": "L3N1YnNjcmlwdGlvbnMvMmU3ZmU0YmQtOTBjNy00NTRlLThiYjYtZGM0NDY0OWYyN2IyL3Jlc291cmNlR3JvdXBzL3BzOTAwNy9wcm92aWRlcnMvTWljcm9zb2Z0LlNxbC9zZXJ2ZXJzL3BzMjk1Ni9kYXRhYmFzZXMvcHM5MjIyP2FwaS12ZXJzaW9uPTIwMTctMTAtMDEtcHJldmlldw==",
      "RequestMethod": "PUT",
      "RequestBody": "{\r\n  \"sku\": {\r\n    \"name\": \"S0\",\r\n    \"tier\": \"Standard\"\r\n  },\r\n  \"properties\": {\r\n    \"maxSizeBytes\": 268435456000,\r\n    \"readScale\": \"Disabled\"\r\n  },\r\n  \"location\": \"westus2\"\r\n}",
      "RequestHeaders": {
        "Content-Type": [
          "application/json; charset=utf-8"
        ],
        "Content-Length": [
          "179"
        ],
        "x-ms-client-request-id": [
          "09bbda3b-aa6a-45be-9592-09093212d712"
        ],
        "accept-language": [
          "en-US"
        ],
        "User-Agent": [
          "FxVersion/4.7.2650.0",
          "OSName/WindowsServer2016Datacenter",
          "OSVersion/6.3.14393",
          "Microsoft.Azure.Management.Sql.SqlManagementClient/1.16.0.0"
        ]
      },
      "ResponseBody": "{\r\n  \"operation\": \"CreateLogicalDatabase\",\r\n  \"startTime\": \"2018-06-01T09:18:36.493Z\"\r\n}",
      "ResponseHeaders": {
        "Content-Length": [
          "76"
        ],
        "Content-Type": [
          "application/json; charset=utf-8"
        ],
        "Expires": [
          "-1"
        ],
        "Pragma": [
          "no-cache"
        ],
        "Retry-After": [
          "15"
        ],
        "Azure-AsyncOperation": [
          "https://management.azure.com/subscriptions/2e7fe4bd-90c7-454e-8bb6-dc44649f27b2/resourceGroups/ps9007/providers/Microsoft.Sql/locations/westus2/databaseAzureAsyncOperation/8894f035-c712-4809-99df-83576624f5ee?api-version=2017-10-01-preview"
        ],
        "x-ms-request-id": [
          "34059373-1d7c-4059-ae3d-fabe79e299af"
        ],
        "x-ms-ratelimit-remaining-subscription-writes": [
          "1199"
        ],
        "x-ms-correlation-request-id": [
          "c0e51c25-2cf5-4dd9-b9aa-8f34383d5d73"
        ],
        "x-ms-routing-request-id": [
          "WESTUS2:20180601T091836Z:c0e51c25-2cf5-4dd9-b9aa-8f34383d5d73"
        ],
        "Strict-Transport-Security": [
          "max-age=31536000; includeSubDomains"
        ],
        "X-Content-Type-Options": [
          "nosniff"
        ],
        "Cache-Control": [
          "no-cache"
        ],
        "Date": [
          "Fri, 01 Jun 2018 09:18:36 GMT"
        ],
        "Location": [
          "https://management.azure.com/subscriptions/2e7fe4bd-90c7-454e-8bb6-dc44649f27b2/resourceGroups/ps9007/providers/Microsoft.Sql/locations/westus2/databaseOperationResults/8894f035-c712-4809-99df-83576624f5ee?api-version=2017-10-01-preview"
        ],
        "Server": [
          "Microsoft-HTTPAPI/2.0"
        ]
      },
      "StatusCode": 202
    },
    {
      "RequestUri": "/subscriptions/2e7fe4bd-90c7-454e-8bb6-dc44649f27b2/resourceGroups/ps9007/providers/Microsoft.Sql/locations/westus2/databaseAzureAsyncOperation/8894f035-c712-4809-99df-83576624f5ee?api-version=2017-10-01-preview",
      "EncodedRequestUri": "L3N1YnNjcmlwdGlvbnMvMmU3ZmU0YmQtOTBjNy00NTRlLThiYjYtZGM0NDY0OWYyN2IyL3Jlc291cmNlR3JvdXBzL3BzOTAwNy9wcm92aWRlcnMvTWljcm9zb2Z0LlNxbC9sb2NhdGlvbnMvd2VzdHVzMi9kYXRhYmFzZUF6dXJlQXN5bmNPcGVyYXRpb24vODg5NGYwMzUtYzcxMi00ODA5LTk5ZGYtODM1NzY2MjRmNWVlP2FwaS12ZXJzaW9uPTIwMTctMTAtMDEtcHJldmlldw==",
      "RequestMethod": "GET",
      "RequestBody": "",
      "RequestHeaders": {
        "User-Agent": [
          "FxVersion/4.7.2650.0",
          "OSName/WindowsServer2016Datacenter",
          "OSVersion/6.3.14393",
          "Microsoft.Azure.Management.Sql.SqlManagementClient/1.16.0.0"
        ]
      },
      "ResponseBody": "{\r\n  \"name\": \"8894f035-c712-4809-99df-83576624f5ee\",\r\n  \"status\": \"InProgress\",\r\n  \"startTime\": \"2018-06-01T09:18:36.493Z\"\r\n}",
      "ResponseHeaders": {
        "Content-Length": [
          "108"
        ],
        "Content-Type": [
          "application/json; charset=utf-8"
        ],
        "Expires": [
          "-1"
        ],
        "Pragma": [
          "no-cache"
        ],
        "Retry-After": [
          "15"
        ],
        "x-ms-request-id": [
          "c15fa178-c68f-4796-b64f-3223d197adde"
        ],
        "x-ms-ratelimit-remaining-subscription-reads": [
          "14996"
        ],
        "x-ms-correlation-request-id": [
          "2b520384-9dcb-4600-8d21-997bbe3305ad"
        ],
        "x-ms-routing-request-id": [
          "WESTUS2:20180601T091851Z:2b520384-9dcb-4600-8d21-997bbe3305ad"
        ],
        "Strict-Transport-Security": [
          "max-age=31536000; includeSubDomains"
        ],
        "X-Content-Type-Options": [
          "nosniff"
        ],
        "Cache-Control": [
          "no-cache"
        ],
        "Date": [
          "Fri, 01 Jun 2018 09:18:51 GMT"
        ],
        "Server": [
          "Microsoft-HTTPAPI/2.0"
        ]
      },
      "StatusCode": 200
    },
    {
      "RequestUri": "/subscriptions/2e7fe4bd-90c7-454e-8bb6-dc44649f27b2/resourceGroups/ps9007/providers/Microsoft.Sql/locations/westus2/databaseAzureAsyncOperation/8894f035-c712-4809-99df-83576624f5ee?api-version=2017-10-01-preview",
      "EncodedRequestUri": "L3N1YnNjcmlwdGlvbnMvMmU3ZmU0YmQtOTBjNy00NTRlLThiYjYtZGM0NDY0OWYyN2IyL3Jlc291cmNlR3JvdXBzL3BzOTAwNy9wcm92aWRlcnMvTWljcm9zb2Z0LlNxbC9sb2NhdGlvbnMvd2VzdHVzMi9kYXRhYmFzZUF6dXJlQXN5bmNPcGVyYXRpb24vODg5NGYwMzUtYzcxMi00ODA5LTk5ZGYtODM1NzY2MjRmNWVlP2FwaS12ZXJzaW9uPTIwMTctMTAtMDEtcHJldmlldw==",
      "RequestMethod": "GET",
      "RequestBody": "",
      "RequestHeaders": {
        "User-Agent": [
          "FxVersion/4.7.2650.0",
          "OSName/WindowsServer2016Datacenter",
          "OSVersion/6.3.14393",
          "Microsoft.Azure.Management.Sql.SqlManagementClient/1.16.0.0"
        ]
      },
      "ResponseBody": "{\r\n  \"name\": \"8894f035-c712-4809-99df-83576624f5ee\",\r\n  \"status\": \"InProgress\",\r\n  \"startTime\": \"2018-06-01T09:18:36.493Z\"\r\n}",
      "ResponseHeaders": {
        "Content-Length": [
          "108"
        ],
        "Content-Type": [
          "application/json; charset=utf-8"
        ],
        "Expires": [
          "-1"
        ],
        "Pragma": [
          "no-cache"
        ],
        "Retry-After": [
          "15"
        ],
        "x-ms-request-id": [
          "a9956edc-b65d-44f0-99ad-50fe864589da"
        ],
        "x-ms-ratelimit-remaining-subscription-reads": [
          "14995"
        ],
        "x-ms-correlation-request-id": [
          "5ae0f641-5e30-461d-9047-1a96e7a296c7"
        ],
        "x-ms-routing-request-id": [
          "WESTUS2:20180601T091906Z:5ae0f641-5e30-461d-9047-1a96e7a296c7"
        ],
        "Strict-Transport-Security": [
          "max-age=31536000; includeSubDomains"
        ],
        "X-Content-Type-Options": [
          "nosniff"
        ],
        "Cache-Control": [
          "no-cache"
        ],
        "Date": [
          "Fri, 01 Jun 2018 09:19:05 GMT"
        ],
        "Server": [
          "Microsoft-HTTPAPI/2.0"
        ]
      },
      "StatusCode": 200
    },
    {
      "RequestUri": "/subscriptions/2e7fe4bd-90c7-454e-8bb6-dc44649f27b2/resourceGroups/ps9007/providers/Microsoft.Sql/locations/westus2/databaseAzureAsyncOperation/8894f035-c712-4809-99df-83576624f5ee?api-version=2017-10-01-preview",
      "EncodedRequestUri": "L3N1YnNjcmlwdGlvbnMvMmU3ZmU0YmQtOTBjNy00NTRlLThiYjYtZGM0NDY0OWYyN2IyL3Jlc291cmNlR3JvdXBzL3BzOTAwNy9wcm92aWRlcnMvTWljcm9zb2Z0LlNxbC9sb2NhdGlvbnMvd2VzdHVzMi9kYXRhYmFzZUF6dXJlQXN5bmNPcGVyYXRpb24vODg5NGYwMzUtYzcxMi00ODA5LTk5ZGYtODM1NzY2MjRmNWVlP2FwaS12ZXJzaW9uPTIwMTctMTAtMDEtcHJldmlldw==",
      "RequestMethod": "GET",
      "RequestBody": "",
      "RequestHeaders": {
        "User-Agent": [
          "FxVersion/4.7.2650.0",
          "OSName/WindowsServer2016Datacenter",
          "OSVersion/6.3.14393",
          "Microsoft.Azure.Management.Sql.SqlManagementClient/1.16.0.0"
        ]
      },
      "ResponseBody": "{\r\n  \"name\": \"8894f035-c712-4809-99df-83576624f5ee\",\r\n  \"status\": \"InProgress\",\r\n  \"startTime\": \"2018-06-01T09:18:36.493Z\"\r\n}",
      "ResponseHeaders": {
        "Content-Length": [
          "108"
        ],
        "Content-Type": [
          "application/json; charset=utf-8"
        ],
        "Expires": [
          "-1"
        ],
        "Pragma": [
          "no-cache"
        ],
        "Retry-After": [
          "15"
        ],
        "x-ms-request-id": [
          "4088cc21-1811-4f0d-9da4-b9bc40e2ffca"
        ],
        "x-ms-ratelimit-remaining-subscription-reads": [
          "14987"
        ],
        "x-ms-correlation-request-id": [
          "b6b260db-91a7-4790-aca8-a4b8b284b659"
        ],
        "x-ms-routing-request-id": [
          "WESTUS2:20180601T091921Z:b6b260db-91a7-4790-aca8-a4b8b284b659"
        ],
        "Strict-Transport-Security": [
          "max-age=31536000; includeSubDomains"
        ],
        "X-Content-Type-Options": [
          "nosniff"
        ],
        "Cache-Control": [
          "no-cache"
        ],
        "Date": [
          "Fri, 01 Jun 2018 09:19:21 GMT"
        ],
        "Server": [
          "Microsoft-HTTPAPI/2.0"
        ]
      },
      "StatusCode": 200
    },
    {
      "RequestUri": "/subscriptions/2e7fe4bd-90c7-454e-8bb6-dc44649f27b2/resourceGroups/ps9007/providers/Microsoft.Sql/locations/westus2/databaseAzureAsyncOperation/8894f035-c712-4809-99df-83576624f5ee?api-version=2017-10-01-preview",
      "EncodedRequestUri": "L3N1YnNjcmlwdGlvbnMvMmU3ZmU0YmQtOTBjNy00NTRlLThiYjYtZGM0NDY0OWYyN2IyL3Jlc291cmNlR3JvdXBzL3BzOTAwNy9wcm92aWRlcnMvTWljcm9zb2Z0LlNxbC9sb2NhdGlvbnMvd2VzdHVzMi9kYXRhYmFzZUF6dXJlQXN5bmNPcGVyYXRpb24vODg5NGYwMzUtYzcxMi00ODA5LTk5ZGYtODM1NzY2MjRmNWVlP2FwaS12ZXJzaW9uPTIwMTctMTAtMDEtcHJldmlldw==",
      "RequestMethod": "GET",
      "RequestBody": "",
      "RequestHeaders": {
        "User-Agent": [
          "FxVersion/4.7.2650.0",
          "OSName/WindowsServer2016Datacenter",
          "OSVersion/6.3.14393",
          "Microsoft.Azure.Management.Sql.SqlManagementClient/1.16.0.0"
        ]
      },
      "ResponseBody": "{\r\n  \"name\": \"8894f035-c712-4809-99df-83576624f5ee\",\r\n  \"status\": \"InProgress\",\r\n  \"startTime\": \"2018-06-01T09:18:36.493Z\"\r\n}",
      "ResponseHeaders": {
        "Content-Length": [
          "108"
        ],
        "Content-Type": [
          "application/json; charset=utf-8"
        ],
        "Expires": [
          "-1"
        ],
        "Pragma": [
          "no-cache"
        ],
        "Retry-After": [
          "15"
        ],
        "x-ms-request-id": [
          "5248cf77-fd12-4971-840f-8be3627975bd"
        ],
        "x-ms-ratelimit-remaining-subscription-reads": [
          "14986"
        ],
        "x-ms-correlation-request-id": [
          "620e28ef-abf8-42a6-b40f-d065de46e632"
        ],
        "x-ms-routing-request-id": [
          "WESTUS2:20180601T091936Z:620e28ef-abf8-42a6-b40f-d065de46e632"
        ],
        "Strict-Transport-Security": [
          "max-age=31536000; includeSubDomains"
        ],
        "X-Content-Type-Options": [
          "nosniff"
        ],
        "Cache-Control": [
          "no-cache"
        ],
        "Date": [
          "Fri, 01 Jun 2018 09:19:36 GMT"
        ],
        "Server": [
          "Microsoft-HTTPAPI/2.0"
        ]
      },
      "StatusCode": 200
    },
    {
      "RequestUri": "/subscriptions/2e7fe4bd-90c7-454e-8bb6-dc44649f27b2/resourceGroups/ps9007/providers/Microsoft.Sql/locations/westus2/databaseAzureAsyncOperation/8894f035-c712-4809-99df-83576624f5ee?api-version=2017-10-01-preview",
      "EncodedRequestUri": "L3N1YnNjcmlwdGlvbnMvMmU3ZmU0YmQtOTBjNy00NTRlLThiYjYtZGM0NDY0OWYyN2IyL3Jlc291cmNlR3JvdXBzL3BzOTAwNy9wcm92aWRlcnMvTWljcm9zb2Z0LlNxbC9sb2NhdGlvbnMvd2VzdHVzMi9kYXRhYmFzZUF6dXJlQXN5bmNPcGVyYXRpb24vODg5NGYwMzUtYzcxMi00ODA5LTk5ZGYtODM1NzY2MjRmNWVlP2FwaS12ZXJzaW9uPTIwMTctMTAtMDEtcHJldmlldw==",
      "RequestMethod": "GET",
      "RequestBody": "",
      "RequestHeaders": {
        "User-Agent": [
          "FxVersion/4.7.2650.0",
          "OSName/WindowsServer2016Datacenter",
          "OSVersion/6.3.14393",
          "Microsoft.Azure.Management.Sql.SqlManagementClient/1.16.0.0"
        ]
      },
      "ResponseBody": "{\r\n  \"name\": \"8894f035-c712-4809-99df-83576624f5ee\",\r\n  \"status\": \"Succeeded\",\r\n  \"startTime\": \"2018-06-01T09:18:36.493Z\"\r\n}",
      "ResponseHeaders": {
        "Content-Length": [
          "107"
        ],
        "Content-Type": [
          "application/json; charset=utf-8"
        ],
        "Expires": [
          "-1"
        ],
        "Pragma": [
          "no-cache"
        ],
        "Retry-After": [
          "15"
        ],
        "x-ms-request-id": [
          "b2e12777-6b7e-414d-8aa5-449e8770f215"
        ],
        "x-ms-ratelimit-remaining-subscription-reads": [
          "14985"
        ],
        "x-ms-correlation-request-id": [
          "6f13c0cd-a0c3-48eb-9063-7355f3ce7227"
        ],
        "x-ms-routing-request-id": [
          "WESTUS2:20180601T091951Z:6f13c0cd-a0c3-48eb-9063-7355f3ce7227"
        ],
        "Strict-Transport-Security": [
          "max-age=31536000; includeSubDomains"
        ],
        "X-Content-Type-Options": [
          "nosniff"
        ],
        "Cache-Control": [
          "no-cache"
        ],
        "Date": [
          "Fri, 01 Jun 2018 09:19:51 GMT"
        ],
        "Server": [
          "Microsoft-HTTPAPI/2.0"
        ]
      },
      "StatusCode": 200
    },
    {
      "RequestUri": "/subscriptions/2e7fe4bd-90c7-454e-8bb6-dc44649f27b2/resourceGroups/ps9007/providers/Microsoft.Sql/servers/ps2956/jobAgents/ps2193?api-version=2017-03-01-preview",
      "EncodedRequestUri": "L3N1YnNjcmlwdGlvbnMvMmU3ZmU0YmQtOTBjNy00NTRlLThiYjYtZGM0NDY0OWYyN2IyL3Jlc291cmNlR3JvdXBzL3BzOTAwNy9wcm92aWRlcnMvTWljcm9zb2Z0LlNxbC9zZXJ2ZXJzL3BzMjk1Ni9qb2JBZ2VudHMvcHMyMTkzP2FwaS12ZXJzaW9uPTIwMTctMDMtMDEtcHJldmlldw==",
      "RequestMethod": "GET",
      "RequestBody": "",
      "RequestHeaders": {
        "x-ms-client-request-id": [
          "8d135343-1884-48ec-bdf2-13ab5c211f06"
        ],
        "accept-language": [
          "en-US"
        ],
        "User-Agent": [
          "FxVersion/4.7.2650.0",
          "OSName/WindowsServer2016Datacenter",
          "OSVersion/6.3.14393",
          "Microsoft.Azure.Management.Sql.SqlManagementClient/1.16.0.0"
        ]
      },
      "ResponseBody": "{\r\n  \"error\": {\r\n    \"code\": \"ResourceNotFound\",\r\n    \"message\": \"The Resource 'Microsoft.Sql/servers/ps2956/jobAgents/ps2193' under resource group 'ps9007' was not found.\"\r\n  }\r\n}",
      "ResponseHeaders": {
        "Content-Length": [
          "155"
        ],
        "Content-Type": [
          "application/json; charset=utf-8"
        ],
        "Expires": [
          "-1"
        ],
        "Pragma": [
          "no-cache"
        ],
        "x-ms-failure-cause": [
          "gateway"
        ],
        "x-ms-request-id": [
          "8025468d-98e4-4651-bb6a-37d7a2c84de0"
        ],
        "x-ms-correlation-request-id": [
          "8025468d-98e4-4651-bb6a-37d7a2c84de0"
        ],
        "x-ms-routing-request-id": [
          "WESTUS2:20180601T091952Z:8025468d-98e4-4651-bb6a-37d7a2c84de0"
        ],
        "Strict-Transport-Security": [
          "max-age=31536000; includeSubDomains"
        ],
        "X-Content-Type-Options": [
          "nosniff"
        ],
        "Cache-Control": [
          "no-cache"
        ],
        "Date": [
          "Fri, 01 Jun 2018 09:19:51 GMT"
        ]
      },
      "StatusCode": 404
    },
    {
      "RequestUri": "/subscriptions/2e7fe4bd-90c7-454e-8bb6-dc44649f27b2/resourceGroups/ps9007/providers/Microsoft.Sql/servers/ps2956/jobAgents/ps2193?api-version=2017-03-01-preview",
      "EncodedRequestUri": "L3N1YnNjcmlwdGlvbnMvMmU3ZmU0YmQtOTBjNy00NTRlLThiYjYtZGM0NDY0OWYyN2IyL3Jlc291cmNlR3JvdXBzL3BzOTAwNy9wcm92aWRlcnMvTWljcm9zb2Z0LlNxbC9zZXJ2ZXJzL3BzMjk1Ni9qb2JBZ2VudHMvcHMyMTkzP2FwaS12ZXJzaW9uPTIwMTctMDMtMDEtcHJldmlldw==",
      "RequestMethod": "GET",
      "RequestBody": "",
      "RequestHeaders": {
        "User-Agent": [
          "FxVersion/4.7.2650.0",
          "OSName/WindowsServer2016Datacenter",
          "OSVersion/6.3.14393",
          "Microsoft.Azure.Management.Sql.SqlManagementClient/1.16.0.0"
        ]
      },
      "ResponseBody": "{\r\n  \"sku\": {\r\n    \"name\": \"Agent\",\r\n    \"capacity\": 100\r\n  },\r\n  \"properties\": {\r\n    \"databaseId\": \"/subscriptions/2e7fe4bd-90c7-454e-8bb6-dc44649f27b2/resourceGroups/ps9007/providers/Microsoft.Sql/servers/ps2956/databases/ps9222\",\r\n    \"state\": \"Ready\"\r\n  },\r\n  \"location\": \"westus2\",\r\n  \"id\": \"/subscriptions/2e7fe4bd-90c7-454e-8bb6-dc44649f27b2/resourceGroups/ps9007/providers/Microsoft.Sql/servers/ps2956/jobAgents/ps2193\",\r\n  \"name\": \"ps2193\",\r\n  \"type\": \"Microsoft.Sql/servers/jobAgents\"\r\n}",
      "ResponseHeaders": {
        "Content-Length": [
          "430"
        ],
        "Content-Type": [
          "application/json; charset=utf-8"
        ],
        "Expires": [
          "-1"
        ],
        "Pragma": [
          "no-cache"
        ],
        "x-ms-request-id": [
          "98a4c50a-d771-423d-8894-75e6c09c0a07"
        ],
        "x-ms-ratelimit-remaining-subscription-reads": [
          "14977"
        ],
        "x-ms-correlation-request-id": [
          "001d8c48-2810-438a-b634-dffc2240dbcc"
        ],
        "x-ms-routing-request-id": [
          "WESTUS2:20180601T092053Z:001d8c48-2810-438a-b634-dffc2240dbcc"
        ],
        "Strict-Transport-Security": [
          "max-age=31536000; includeSubDomains"
        ],
        "X-Content-Type-Options": [
          "nosniff"
        ],
        "Cache-Control": [
          "no-cache"
        ],
        "Date": [
          "Fri, 01 Jun 2018 09:20:52 GMT"
        ],
        "Server": [
          "Microsoft-HTTPAPI/2.0"
        ]
      },
      "StatusCode": 200
    },
    {
      "RequestUri": "/subscriptions/2e7fe4bd-90c7-454e-8bb6-dc44649f27b2/resourceGroups/ps9007/providers/Microsoft.Sql/servers/ps2956/jobAgents/ps2193?api-version=2017-03-01-preview",
      "EncodedRequestUri": "L3N1YnNjcmlwdGlvbnMvMmU3ZmU0YmQtOTBjNy00NTRlLThiYjYtZGM0NDY0OWYyN2IyL3Jlc291cmNlR3JvdXBzL3BzOTAwNy9wcm92aWRlcnMvTWljcm9zb2Z0LlNxbC9zZXJ2ZXJzL3BzMjk1Ni9qb2JBZ2VudHMvcHMyMTkzP2FwaS12ZXJzaW9uPTIwMTctMDMtMDEtcHJldmlldw==",
      "RequestMethod": "PUT",
      "RequestBody": "{\r\n  \"properties\": {\r\n    \"databaseId\": \"/subscriptions/2e7fe4bd-90c7-454e-8bb6-dc44649f27b2/resourceGroups/ps9007/providers/Microsoft.Sql/servers/ps2956/databases/ps9222\"\r\n  },\r\n  \"location\": \"westus2\"\r\n}",
      "RequestHeaders": {
        "Content-Type": [
          "application/json; charset=utf-8"
        ],
        "Content-Length": [
          "205"
        ],
        "x-ms-client-request-id": [
          "e6401da2-d709-4903-8f50-455cc90ea50c"
        ],
        "accept-language": [
          "en-US"
        ],
        "User-Agent": [
          "FxVersion/4.7.2650.0",
          "OSName/WindowsServer2016Datacenter",
          "OSVersion/6.3.14393",
          "Microsoft.Azure.Management.Sql.SqlManagementClient/1.16.0.0"
        ]
      },
      "ResponseBody": "{\r\n  \"operation\": \"UpsertJobAccount\",\r\n  \"startTime\": \"2018-06-01T09:19:52.923Z\"\r\n}",
      "ResponseHeaders": {
        "Content-Length": [
          "71"
        ],
        "Content-Type": [
          "application/json; charset=utf-8"
        ],
        "Expires": [
          "-1"
        ],
        "Pragma": [
          "no-cache"
        ],
        "Retry-After": [
          "15"
        ],
        "Azure-AsyncOperation": [
          "https://management.azure.com/subscriptions/2e7fe4bd-90c7-454e-8bb6-dc44649f27b2/resourceGroups/ps9007/providers/Microsoft.Sql/locations/westus2/jobAgentAzureAsyncOperation/06077e4a-9874-4146-a1f3-6dd91ff7686e?api-version=2017-03-01-preview"
        ],
        "x-ms-request-id": [
          "f37f8679-4c62-446e-bf6a-9ed80c08f7b7"
        ],
        "x-ms-ratelimit-remaining-subscription-writes": [
          "1198"
        ],
        "x-ms-correlation-request-id": [
          "3ed88d58-56fc-42f6-9eef-109ca3abdfbe"
        ],
        "x-ms-routing-request-id": [
          "WESTUS2:20180601T091953Z:3ed88d58-56fc-42f6-9eef-109ca3abdfbe"
        ],
        "Strict-Transport-Security": [
          "max-age=31536000; includeSubDomains"
        ],
        "X-Content-Type-Options": [
          "nosniff"
        ],
        "Cache-Control": [
          "no-cache"
        ],
        "Date": [
          "Fri, 01 Jun 2018 09:19:52 GMT"
        ],
        "Location": [
          "https://management.azure.com/subscriptions/2e7fe4bd-90c7-454e-8bb6-dc44649f27b2/resourceGroups/ps9007/providers/Microsoft.Sql/locations/westus2/jobAgentOperationResults/06077e4a-9874-4146-a1f3-6dd91ff7686e?api-version=2017-03-01-preview"
        ],
        "Server": [
          "Microsoft-HTTPAPI/2.0"
        ]
      },
      "StatusCode": 202
    },
    {
      "RequestUri": "/subscriptions/2e7fe4bd-90c7-454e-8bb6-dc44649f27b2/resourceGroups/ps9007/providers/Microsoft.Sql/locations/westus2/jobAgentAzureAsyncOperation/06077e4a-9874-4146-a1f3-6dd91ff7686e?api-version=2017-03-01-preview",
      "EncodedRequestUri": "L3N1YnNjcmlwdGlvbnMvMmU3ZmU0YmQtOTBjNy00NTRlLThiYjYtZGM0NDY0OWYyN2IyL3Jlc291cmNlR3JvdXBzL3BzOTAwNy9wcm92aWRlcnMvTWljcm9zb2Z0LlNxbC9sb2NhdGlvbnMvd2VzdHVzMi9qb2JBZ2VudEF6dXJlQXN5bmNPcGVyYXRpb24vMDYwNzdlNGEtOTg3NC00MTQ2LWExZjMtNmRkOTFmZjc2ODZlP2FwaS12ZXJzaW9uPTIwMTctMDMtMDEtcHJldmlldw==",
      "RequestMethod": "GET",
      "RequestBody": "",
      "RequestHeaders": {
        "User-Agent": [
          "FxVersion/4.7.2650.0",
          "OSName/WindowsServer2016Datacenter",
          "OSVersion/6.3.14393",
          "Microsoft.Azure.Management.Sql.SqlManagementClient/1.16.0.0"
        ]
      },
      "ResponseBody": "{\r\n  \"name\": \"06077e4a-9874-4146-a1f3-6dd91ff7686e\",\r\n  \"status\": \"InProgress\",\r\n  \"startTime\": \"2018-06-01T09:19:52.923Z\"\r\n}",
      "ResponseHeaders": {
        "Content-Length": [
          "108"
        ],
        "Content-Type": [
          "application/json; charset=utf-8"
        ],
        "Expires": [
          "-1"
        ],
        "Pragma": [
          "no-cache"
        ],
        "Retry-After": [
          "15"
        ],
        "x-ms-request-id": [
          "bbeedfb9-9434-48a5-ba6d-fd116abc8f7c"
        ],
        "x-ms-ratelimit-remaining-subscription-reads": [
          "14981"
        ],
        "x-ms-correlation-request-id": [
          "5eb9cb33-56ff-4cb9-a2d8-438b942618a2"
        ],
        "x-ms-routing-request-id": [
          "WESTUS2:20180601T092008Z:5eb9cb33-56ff-4cb9-a2d8-438b942618a2"
        ],
        "Strict-Transport-Security": [
          "max-age=31536000; includeSubDomains"
        ],
        "X-Content-Type-Options": [
          "nosniff"
        ],
        "Cache-Control": [
          "no-cache"
        ],
        "Date": [
          "Fri, 01 Jun 2018 09:20:08 GMT"
        ],
        "Server": [
          "Microsoft-HTTPAPI/2.0"
        ]
      },
      "StatusCode": 200
    },
    {
      "RequestUri": "/subscriptions/2e7fe4bd-90c7-454e-8bb6-dc44649f27b2/resourceGroups/ps9007/providers/Microsoft.Sql/locations/westus2/jobAgentAzureAsyncOperation/06077e4a-9874-4146-a1f3-6dd91ff7686e?api-version=2017-03-01-preview",
      "EncodedRequestUri": "L3N1YnNjcmlwdGlvbnMvMmU3ZmU0YmQtOTBjNy00NTRlLThiYjYtZGM0NDY0OWYyN2IyL3Jlc291cmNlR3JvdXBzL3BzOTAwNy9wcm92aWRlcnMvTWljcm9zb2Z0LlNxbC9sb2NhdGlvbnMvd2VzdHVzMi9qb2JBZ2VudEF6dXJlQXN5bmNPcGVyYXRpb24vMDYwNzdlNGEtOTg3NC00MTQ2LWExZjMtNmRkOTFmZjc2ODZlP2FwaS12ZXJzaW9uPTIwMTctMDMtMDEtcHJldmlldw==",
      "RequestMethod": "GET",
      "RequestBody": "",
      "RequestHeaders": {
        "User-Agent": [
          "FxVersion/4.7.2650.0",
          "OSName/WindowsServer2016Datacenter",
          "OSVersion/6.3.14393",
          "Microsoft.Azure.Management.Sql.SqlManagementClient/1.16.0.0"
        ]
      },
      "ResponseBody": "{\r\n  \"name\": \"06077e4a-9874-4146-a1f3-6dd91ff7686e\",\r\n  \"status\": \"InProgress\",\r\n  \"startTime\": \"2018-06-01T09:19:52.923Z\"\r\n}",
      "ResponseHeaders": {
        "Content-Length": [
          "108"
        ],
        "Content-Type": [
          "application/json; charset=utf-8"
        ],
        "Expires": [
          "-1"
        ],
        "Pragma": [
          "no-cache"
        ],
        "Retry-After": [
          "15"
        ],
        "x-ms-request-id": [
          "e56d6bfc-1b08-43ad-bc73-350b8653085f"
        ],
        "x-ms-ratelimit-remaining-subscription-reads": [
          "14980"
        ],
        "x-ms-correlation-request-id": [
          "f8488df7-f8d5-4e53-b600-0867207a72f0"
        ],
        "x-ms-routing-request-id": [
          "WESTUS2:20180601T092023Z:f8488df7-f8d5-4e53-b600-0867207a72f0"
        ],
        "Strict-Transport-Security": [
          "max-age=31536000; includeSubDomains"
        ],
        "X-Content-Type-Options": [
          "nosniff"
        ],
        "Cache-Control": [
          "no-cache"
        ],
        "Date": [
          "Fri, 01 Jun 2018 09:20:22 GMT"
        ],
        "Server": [
          "Microsoft-HTTPAPI/2.0"
        ]
      },
      "StatusCode": 200
    },
    {
      "RequestUri": "/subscriptions/2e7fe4bd-90c7-454e-8bb6-dc44649f27b2/resourceGroups/ps9007/providers/Microsoft.Sql/locations/westus2/jobAgentAzureAsyncOperation/06077e4a-9874-4146-a1f3-6dd91ff7686e?api-version=2017-03-01-preview",
      "EncodedRequestUri": "L3N1YnNjcmlwdGlvbnMvMmU3ZmU0YmQtOTBjNy00NTRlLThiYjYtZGM0NDY0OWYyN2IyL3Jlc291cmNlR3JvdXBzL3BzOTAwNy9wcm92aWRlcnMvTWljcm9zb2Z0LlNxbC9sb2NhdGlvbnMvd2VzdHVzMi9qb2JBZ2VudEF6dXJlQXN5bmNPcGVyYXRpb24vMDYwNzdlNGEtOTg3NC00MTQ2LWExZjMtNmRkOTFmZjc2ODZlP2FwaS12ZXJzaW9uPTIwMTctMDMtMDEtcHJldmlldw==",
      "RequestMethod": "GET",
      "RequestBody": "",
      "RequestHeaders": {
        "User-Agent": [
          "FxVersion/4.7.2650.0",
          "OSName/WindowsServer2016Datacenter",
          "OSVersion/6.3.14393",
          "Microsoft.Azure.Management.Sql.SqlManagementClient/1.16.0.0"
        ]
      },
      "ResponseBody": "{\r\n  \"name\": \"06077e4a-9874-4146-a1f3-6dd91ff7686e\",\r\n  \"status\": \"InProgress\",\r\n  \"startTime\": \"2018-06-01T09:19:52.923Z\"\r\n}",
      "ResponseHeaders": {
        "Content-Length": [
          "108"
        ],
        "Content-Type": [
          "application/json; charset=utf-8"
        ],
        "Expires": [
          "-1"
        ],
        "Pragma": [
          "no-cache"
        ],
        "Retry-After": [
          "15"
        ],
        "x-ms-request-id": [
          "d8832e37-40d7-4687-ab62-a01583e8b30b"
        ],
        "x-ms-ratelimit-remaining-subscription-reads": [
          "14979"
        ],
        "x-ms-correlation-request-id": [
          "17367431-98e2-4041-a829-88cd40db3c6f"
        ],
        "x-ms-routing-request-id": [
          "WESTUS2:20180601T092038Z:17367431-98e2-4041-a829-88cd40db3c6f"
        ],
        "Strict-Transport-Security": [
          "max-age=31536000; includeSubDomains"
        ],
        "X-Content-Type-Options": [
          "nosniff"
        ],
        "Cache-Control": [
          "no-cache"
        ],
        "Date": [
          "Fri, 01 Jun 2018 09:20:37 GMT"
        ],
        "Server": [
          "Microsoft-HTTPAPI/2.0"
        ]
      },
      "StatusCode": 200
    },
    {
      "RequestUri": "/subscriptions/2e7fe4bd-90c7-454e-8bb6-dc44649f27b2/resourceGroups/ps9007/providers/Microsoft.Sql/locations/westus2/jobAgentAzureAsyncOperation/06077e4a-9874-4146-a1f3-6dd91ff7686e?api-version=2017-03-01-preview",
      "EncodedRequestUri": "L3N1YnNjcmlwdGlvbnMvMmU3ZmU0YmQtOTBjNy00NTRlLThiYjYtZGM0NDY0OWYyN2IyL3Jlc291cmNlR3JvdXBzL3BzOTAwNy9wcm92aWRlcnMvTWljcm9zb2Z0LlNxbC9sb2NhdGlvbnMvd2VzdHVzMi9qb2JBZ2VudEF6dXJlQXN5bmNPcGVyYXRpb24vMDYwNzdlNGEtOTg3NC00MTQ2LWExZjMtNmRkOTFmZjc2ODZlP2FwaS12ZXJzaW9uPTIwMTctMDMtMDEtcHJldmlldw==",
      "RequestMethod": "GET",
      "RequestBody": "",
      "RequestHeaders": {
        "User-Agent": [
          "FxVersion/4.7.2650.0",
          "OSName/WindowsServer2016Datacenter",
          "OSVersion/6.3.14393",
          "Microsoft.Azure.Management.Sql.SqlManagementClient/1.16.0.0"
        ]
      },
      "ResponseBody": "{\r\n  \"name\": \"06077e4a-9874-4146-a1f3-6dd91ff7686e\",\r\n  \"status\": \"Succeeded\",\r\n  \"startTime\": \"2018-06-01T09:19:52.923Z\"\r\n}",
      "ResponseHeaders": {
        "Content-Length": [
          "107"
        ],
        "Content-Type": [
          "application/json; charset=utf-8"
        ],
        "Expires": [
          "-1"
        ],
        "Pragma": [
          "no-cache"
        ],
        "Retry-After": [
          "15"
        ],
        "x-ms-request-id": [
          "8765c334-8d0f-4d13-8f81-680d87f46786"
        ],
        "x-ms-ratelimit-remaining-subscription-reads": [
          "14978"
        ],
        "x-ms-correlation-request-id": [
          "7f745a25-fdc7-4780-8e78-b82f93cb835c"
        ],
        "x-ms-routing-request-id": [
          "WESTUS2:20180601T092053Z:7f745a25-fdc7-4780-8e78-b82f93cb835c"
        ],
        "Strict-Transport-Security": [
          "max-age=31536000; includeSubDomains"
        ],
        "X-Content-Type-Options": [
          "nosniff"
        ],
        "Cache-Control": [
          "no-cache"
        ],
        "Date": [
          "Fri, 01 Jun 2018 09:20:52 GMT"
        ],
        "Server": [
          "Microsoft-HTTPAPI/2.0"
        ]
      },
      "StatusCode": 200
    },
    {
      "RequestUri": "/subscriptions/2e7fe4bd-90c7-454e-8bb6-dc44649f27b2/resourceGroups/ps9007/providers/Microsoft.Sql/servers/ps2956/jobAgents/ps2193/credentials/ps7825?api-version=2017-03-01-preview",
      "EncodedRequestUri": "L3N1YnNjcmlwdGlvbnMvMmU3ZmU0YmQtOTBjNy00NTRlLThiYjYtZGM0NDY0OWYyN2IyL3Jlc291cmNlR3JvdXBzL3BzOTAwNy9wcm92aWRlcnMvTWljcm9zb2Z0LlNxbC9zZXJ2ZXJzL3BzMjk1Ni9qb2JBZ2VudHMvcHMyMTkzL2NyZWRlbnRpYWxzL3BzNzgyNT9hcGktdmVyc2lvbj0yMDE3LTAzLTAxLXByZXZpZXc=",
      "RequestMethod": "GET",
      "RequestBody": "",
      "RequestHeaders": {
        "x-ms-client-request-id": [
          "b4e9b8f5-c1e1-485a-a001-92c2b98fe8a3"
        ],
        "accept-language": [
          "en-US"
        ],
        "User-Agent": [
          "FxVersion/4.7.2650.0",
          "OSName/WindowsServer2016Datacenter",
          "OSVersion/6.3.14393",
          "Microsoft.Azure.Management.Sql.SqlManagementClient/1.16.0.0"
        ]
      },
      "ResponseBody": "{\r\n  \"error\": {\r\n    \"code\": \"ResourceNotFound\",\r\n    \"message\": \"The requested resource of type 'Microsoft.Sql/servers/jobAgents/credentials' with name 'ps7825' was not found.\"\r\n  }\r\n}",
      "ResponseHeaders": {
        "Content-Length": [
          "160"
        ],
        "Content-Type": [
          "application/json; charset=utf-8"
        ],
        "Expires": [
          "-1"
        ],
        "Pragma": [
          "no-cache"
        ],
        "x-ms-request-id": [
          "57b81d94-ae4b-4405-86b4-f665bc588280"
        ],
        "x-ms-ratelimit-remaining-subscription-reads": [
          "14975"
        ],
        "x-ms-correlation-request-id": [
          "f0f78b3f-dcf1-4077-81fa-c8daf61f9af5"
        ],
        "x-ms-routing-request-id": [
          "WESTUS2:20180601T092053Z:f0f78b3f-dcf1-4077-81fa-c8daf61f9af5"
        ],
        "Strict-Transport-Security": [
          "max-age=31536000; includeSubDomains"
        ],
        "X-Content-Type-Options": [
          "nosniff"
        ],
        "Cache-Control": [
          "no-cache"
        ],
        "Date": [
          "Fri, 01 Jun 2018 09:20:52 GMT"
        ],
        "Server": [
          "Microsoft-HTTPAPI/2.0"
        ]
      },
      "StatusCode": 404
    },
    {
      "RequestUri": "/subscriptions/2e7fe4bd-90c7-454e-8bb6-dc44649f27b2/resourceGroups/ps9007/providers/Microsoft.Sql/servers/ps2956/jobAgents/ps2193/credentials/ps7825?api-version=2017-03-01-preview",
      "EncodedRequestUri": "L3N1YnNjcmlwdGlvbnMvMmU3ZmU0YmQtOTBjNy00NTRlLThiYjYtZGM0NDY0OWYyN2IyL3Jlc291cmNlR3JvdXBzL3BzOTAwNy9wcm92aWRlcnMvTWljcm9zb2Z0LlNxbC9zZXJ2ZXJzL3BzMjk1Ni9qb2JBZ2VudHMvcHMyMTkzL2NyZWRlbnRpYWxzL3BzNzgyNT9hcGktdmVyc2lvbj0yMDE3LTAzLTAxLXByZXZpZXc=",
      "RequestMethod": "PUT",
      "RequestBody": "{\r\n  \"properties\": {\r\n    \"username\": \"ps2869\",\r\n    \"password\": \"t357ingP@s5w0rd!\"\r\n  }\r\n}",
      "RequestHeaders": {
        "Content-Type": [
          "application/json; charset=utf-8"
        ],
        "Content-Length": [
          "91"
        ],
        "x-ms-client-request-id": [
          "651a1948-44f5-4143-ae06-4951642de408"
        ],
        "accept-language": [
          "en-US"
        ],
        "User-Agent": [
          "FxVersion/4.7.2650.0",
          "OSName/WindowsServer2016Datacenter",
          "OSVersion/6.3.14393",
          "Microsoft.Azure.Management.Sql.SqlManagementClient/1.16.0.0"
        ]
      },
      "ResponseBody": "{\r\n  \"properties\": {\r\n    \"username\": \"ps2869\"\r\n  },\r\n  \"id\": \"/subscriptions/2e7fe4bd-90c7-454e-8bb6-dc44649f27b2/resourceGroups/ps9007/providers/Microsoft.Sql/servers/ps2956/jobAgents/ps2193/credentials/ps7825\",\r\n  \"name\": \"ps7825\",\r\n  \"type\": \"Microsoft.Sql/servers/jobAgents/credentials\"\r\n}",
      "ResponseHeaders": {
        "Content-Length": [
          "261"
        ],
        "Content-Type": [
          "application/json; charset=utf-8"
        ],
        "Expires": [
          "-1"
        ],
        "Pragma": [
          "no-cache"
        ],
        "x-ms-request-id": [
          "b004094c-3415-4feb-9802-f967525ad065"
        ],
        "x-ms-ratelimit-remaining-subscription-writes": [
          "1197"
        ],
        "x-ms-correlation-request-id": [
          "052c4848-37d1-4571-b095-a0c08966fce6"
        ],
        "x-ms-routing-request-id": [
          "WESTUS2:20180601T092055Z:052c4848-37d1-4571-b095-a0c08966fce6"
        ],
        "Strict-Transport-Security": [
          "max-age=31536000; includeSubDomains"
        ],
        "X-Content-Type-Options": [
          "nosniff"
        ],
        "Cache-Control": [
          "no-cache"
        ],
        "Date": [
          "Fri, 01 Jun 2018 09:20:54 GMT"
        ],
        "Server": [
          "Microsoft-HTTPAPI/2.0"
        ]
      },
      "StatusCode": 201
    },
    {
      "RequestUri": "/subscriptions/2e7fe4bd-90c7-454e-8bb6-dc44649f27b2/resourceGroups/ps9007/providers/Microsoft.Sql/servers/ps2956/jobAgents/ps2193/targetGroups/ps1927?api-version=2017-03-01-preview",
      "EncodedRequestUri": "L3N1YnNjcmlwdGlvbnMvMmU3ZmU0YmQtOTBjNy00NTRlLThiYjYtZGM0NDY0OWYyN2IyL3Jlc291cmNlR3JvdXBzL3BzOTAwNy9wcm92aWRlcnMvTWljcm9zb2Z0LlNxbC9zZXJ2ZXJzL3BzMjk1Ni9qb2JBZ2VudHMvcHMyMTkzL3RhcmdldEdyb3Vwcy9wczE5Mjc/YXBpLXZlcnNpb249MjAxNy0wMy0wMS1wcmV2aWV3",
      "RequestMethod": "GET",
      "RequestBody": "",
      "RequestHeaders": {
        "x-ms-client-request-id": [
          "02344699-e961-4e03-8576-149dae3b4d7d"
        ],
        "accept-language": [
          "en-US"
        ],
        "User-Agent": [
          "FxVersion/4.7.2650.0",
          "OSName/WindowsServer2016Datacenter",
          "OSVersion/6.3.14393",
          "Microsoft.Azure.Management.Sql.SqlManagementClient/1.16.0.0"
        ]
      },
      "ResponseBody": "{\r\n  \"error\": {\r\n    \"code\": \"ResourceNotFound\",\r\n    \"message\": \"The requested resource of type 'Microsoft.Sql/servers/jobAgents/targetGroups' with name 'ps1927' was not found.\"\r\n  }\r\n}",
      "ResponseHeaders": {
        "Content-Length": [
          "161"
        ],
        "Content-Type": [
          "application/json; charset=utf-8"
        ],
        "Expires": [
          "-1"
        ],
        "Pragma": [
          "no-cache"
        ],
        "x-ms-request-id": [
          "7fb27760-ed2d-4965-b4ca-560f1a0f0219"
        ],
        "x-ms-ratelimit-remaining-subscription-reads": [
          "14974"
        ],
        "x-ms-correlation-request-id": [
          "ec6b0be7-a04e-41ac-84c3-3cfe35be2ecd"
        ],
        "x-ms-routing-request-id": [
          "WESTUS2:20180601T092055Z:ec6b0be7-a04e-41ac-84c3-3cfe35be2ecd"
        ],
        "Strict-Transport-Security": [
          "max-age=31536000; includeSubDomains"
        ],
        "X-Content-Type-Options": [
          "nosniff"
        ],
        "Cache-Control": [
          "no-cache"
        ],
        "Date": [
          "Fri, 01 Jun 2018 09:20:54 GMT"
        ],
        "Server": [
          "Microsoft-HTTPAPI/2.0"
        ]
      },
      "StatusCode": 404
    },
    {
      "RequestUri": "/subscriptions/2e7fe4bd-90c7-454e-8bb6-dc44649f27b2/resourceGroups/ps9007/providers/Microsoft.Sql/servers/ps2956/jobAgents/ps2193/targetGroups/ps1927?api-version=2017-03-01-preview",
      "EncodedRequestUri": "L3N1YnNjcmlwdGlvbnMvMmU3ZmU0YmQtOTBjNy00NTRlLThiYjYtZGM0NDY0OWYyN2IyL3Jlc291cmNlR3JvdXBzL3BzOTAwNy9wcm92aWRlcnMvTWljcm9zb2Z0LlNxbC9zZXJ2ZXJzL3BzMjk1Ni9qb2JBZ2VudHMvcHMyMTkzL3RhcmdldEdyb3Vwcy9wczE5Mjc/YXBpLXZlcnNpb249MjAxNy0wMy0wMS1wcmV2aWV3",
      "RequestMethod": "GET",
      "RequestBody": "",
      "RequestHeaders": {
        "x-ms-client-request-id": [
          "b57c1598-3d2f-4073-a46a-5fd9376d50fc"
        ],
        "accept-language": [
          "en-US"
        ],
        "User-Agent": [
          "FxVersion/4.7.2650.0",
          "OSName/WindowsServer2016Datacenter",
          "OSVersion/6.3.14393",
          "Microsoft.Azure.Management.Sql.SqlManagementClient/1.16.0.0"
        ]
      },
      "ResponseBody": "{\r\n  \"properties\": {\r\n    \"members\": []\r\n  },\r\n  \"id\": \"/subscriptions/2e7fe4bd-90c7-454e-8bb6-dc44649f27b2/resourceGroups/ps9007/providers/Microsoft.Sql/servers/ps2956/jobAgents/ps2193/targetGroups/ps1927\",\r\n  \"name\": \"ps1927\",\r\n  \"type\": \"Microsoft.Sql/servers/jobAgents/targetGroups\"\r\n}",
      "ResponseHeaders": {
        "Content-Length": [
          "256"
        ],
        "Content-Type": [
          "application/json; charset=utf-8"
        ],
        "Expires": [
          "-1"
        ],
        "Pragma": [
          "no-cache"
        ],
        "x-ms-request-id": [
          "c4d2f879-8a2f-4c5f-a717-7cdfc6fe35f8"
        ],
        "x-ms-ratelimit-remaining-subscription-reads": [
          "14973"
        ],
        "x-ms-correlation-request-id": [
          "2360fe77-2bdb-40da-bd52-3a5377a6a943"
        ],
        "x-ms-routing-request-id": [
          "WESTUS2:20180601T092055Z:2360fe77-2bdb-40da-bd52-3a5377a6a943"
        ],
        "Strict-Transport-Security": [
          "max-age=31536000; includeSubDomains"
        ],
        "X-Content-Type-Options": [
          "nosniff"
        ],
        "Cache-Control": [
          "no-cache"
        ],
        "Date": [
          "Fri, 01 Jun 2018 09:20:54 GMT"
        ],
        "Server": [
          "Microsoft-HTTPAPI/2.0"
        ]
      },
      "StatusCode": 200
    },
    {
      "RequestUri": "/subscriptions/2e7fe4bd-90c7-454e-8bb6-dc44649f27b2/resourceGroups/ps9007/providers/Microsoft.Sql/servers/ps2956/jobAgents/ps2193/targetGroups/ps1927?api-version=2017-03-01-preview",
      "EncodedRequestUri": "L3N1YnNjcmlwdGlvbnMvMmU3ZmU0YmQtOTBjNy00NTRlLThiYjYtZGM0NDY0OWYyN2IyL3Jlc291cmNlR3JvdXBzL3BzOTAwNy9wcm92aWRlcnMvTWljcm9zb2Z0LlNxbC9zZXJ2ZXJzL3BzMjk1Ni9qb2JBZ2VudHMvcHMyMTkzL3RhcmdldEdyb3Vwcy9wczE5Mjc/YXBpLXZlcnNpb249MjAxNy0wMy0wMS1wcmV2aWV3",
      "RequestMethod": "PUT",
      "RequestBody": "{\r\n  \"properties\": {\r\n    \"members\": []\r\n  }\r\n}",
      "RequestHeaders": {
        "Content-Type": [
          "application/json; charset=utf-8"
        ],
        "Content-Length": [
          "47"
        ],
        "x-ms-client-request-id": [
          "f192052d-d78b-4df1-a631-4b6f99e1a367"
        ],
        "accept-language": [
          "en-US"
        ],
        "User-Agent": [
          "FxVersion/4.7.2650.0",
          "OSName/WindowsServer2016Datacenter",
          "OSVersion/6.3.14393",
          "Microsoft.Azure.Management.Sql.SqlManagementClient/1.16.0.0"
        ]
      },
      "ResponseBody": "{\r\n  \"properties\": {\r\n    \"members\": []\r\n  },\r\n  \"id\": \"/subscriptions/2e7fe4bd-90c7-454e-8bb6-dc44649f27b2/resourceGroups/ps9007/providers/Microsoft.Sql/servers/ps2956/jobAgents/ps2193/targetGroups/ps1927\",\r\n  \"name\": \"ps1927\",\r\n  \"type\": \"Microsoft.Sql/servers/jobAgents/targetGroups\"\r\n}",
      "ResponseHeaders": {
        "Content-Length": [
          "256"
        ],
        "Content-Type": [
          "application/json; charset=utf-8"
        ],
        "Expires": [
          "-1"
        ],
        "Pragma": [
          "no-cache"
        ],
        "x-ms-request-id": [
          "e964144c-d9a4-4579-bdf1-f90a5bbd66a9"
        ],
        "x-ms-ratelimit-remaining-subscription-writes": [
          "1196"
        ],
        "x-ms-correlation-request-id": [
          "e532fa3b-e38a-4869-b135-a5350733c501"
        ],
        "x-ms-routing-request-id": [
          "WESTUS2:20180601T092055Z:e532fa3b-e38a-4869-b135-a5350733c501"
        ],
        "Strict-Transport-Security": [
          "max-age=31536000; includeSubDomains"
        ],
        "X-Content-Type-Options": [
          "nosniff"
        ],
        "Cache-Control": [
          "no-cache"
        ],
        "Date": [
          "Fri, 01 Jun 2018 09:20:54 GMT"
        ],
        "Server": [
          "Microsoft-HTTPAPI/2.0"
        ]
      },
      "StatusCode": 201
    },
    {
      "RequestUri": "/subscriptions/2e7fe4bd-90c7-454e-8bb6-dc44649f27b2/resourceGroups/ps9007/providers/Microsoft.Sql/servers/ps2956/jobAgents/ps2193/targetGroups/ps1927?api-version=2017-03-01-preview",
      "EncodedRequestUri": "L3N1YnNjcmlwdGlvbnMvMmU3ZmU0YmQtOTBjNy00NTRlLThiYjYtZGM0NDY0OWYyN2IyL3Jlc291cmNlR3JvdXBzL3BzOTAwNy9wcm92aWRlcnMvTWljcm9zb2Z0LlNxbC9zZXJ2ZXJzL3BzMjk1Ni9qb2JBZ2VudHMvcHMyMTkzL3RhcmdldEdyb3Vwcy9wczE5Mjc/YXBpLXZlcnNpb249MjAxNy0wMy0wMS1wcmV2aWV3",
      "RequestMethod": "PUT",
      "RequestBody": "{\r\n  \"properties\": {\r\n    \"members\": [\r\n      {\r\n        \"membershipType\": \"Include\",\r\n        \"type\": \"SqlDatabase\",\r\n        \"serverName\": \"ps2956\",\r\n        \"databaseName\": \"ps9222\"\r\n      }\r\n    ]\r\n  }\r\n}",
      "RequestHeaders": {
        "Content-Type": [
          "application/json; charset=utf-8"
        ],
        "Content-Length": [
          "208"
        ],
        "x-ms-client-request-id": [
          "e447ffb8-ab31-4f19-bdd3-a0dbccd91518"
        ],
        "accept-language": [
          "en-US"
        ],
        "User-Agent": [
          "FxVersion/4.7.2650.0",
          "OSName/WindowsServer2016Datacenter",
          "OSVersion/6.3.14393",
          "Microsoft.Azure.Management.Sql.SqlManagementClient/1.16.0.0"
        ]
      },
      "ResponseBody": "{\r\n  \"properties\": {\r\n    \"members\": [\r\n      {\r\n        \"membershipType\": \"Include\",\r\n        \"type\": \"SqlDatabase\",\r\n        \"serverName\": \"ps2956\",\r\n        \"databaseName\": \"ps9222\"\r\n      }\r\n    ]\r\n  },\r\n  \"id\": \"/subscriptions/2e7fe4bd-90c7-454e-8bb6-dc44649f27b2/resourceGroups/ps9007/providers/Microsoft.Sql/servers/ps2956/jobAgents/ps2193/targetGroups/ps1927\",\r\n  \"name\": \"ps1927\",\r\n  \"type\": \"Microsoft.Sql/servers/jobAgents/targetGroups\"\r\n}",
      "ResponseHeaders": {
        "Content-Length": [
          "351"
        ],
        "Content-Type": [
          "application/json; charset=utf-8"
        ],
        "Expires": [
          "-1"
        ],
        "Pragma": [
          "no-cache"
        ],
        "x-ms-request-id": [
          "f52f0b6f-a30f-4da4-ad9b-99322af0a983"
        ],
        "x-ms-ratelimit-remaining-subscription-writes": [
          "1195"
        ],
        "x-ms-correlation-request-id": [
          "63fb5617-04a3-4400-8fb3-06f9a649b1a9"
        ],
        "x-ms-routing-request-id": [
          "WESTUS2:20180601T092056Z:63fb5617-04a3-4400-8fb3-06f9a649b1a9"
        ],
        "Strict-Transport-Security": [
          "max-age=31536000; includeSubDomains"
        ],
        "X-Content-Type-Options": [
          "nosniff"
        ],
        "Cache-Control": [
          "no-cache"
        ],
        "Date": [
          "Fri, 01 Jun 2018 09:20:55 GMT"
        ],
        "Server": [
          "Microsoft-HTTPAPI/2.0"
        ]
      },
      "StatusCode": 200
    },
    {
      "RequestUri": "/subscriptions/2e7fe4bd-90c7-454e-8bb6-dc44649f27b2/resourceGroups/ps9007/providers/Microsoft.Sql/servers/ps2956/jobAgents/ps2193/jobs/ps3615?api-version=2017-03-01-preview",
      "EncodedRequestUri": "L3N1YnNjcmlwdGlvbnMvMmU3ZmU0YmQtOTBjNy00NTRlLThiYjYtZGM0NDY0OWYyN2IyL3Jlc291cmNlR3JvdXBzL3BzOTAwNy9wcm92aWRlcnMvTWljcm9zb2Z0LlNxbC9zZXJ2ZXJzL3BzMjk1Ni9qb2JBZ2VudHMvcHMyMTkzL2pvYnMvcHMzNjE1P2FwaS12ZXJzaW9uPTIwMTctMDMtMDEtcHJldmlldw==",
      "RequestMethod": "GET",
      "RequestBody": "",
      "RequestHeaders": {
        "x-ms-client-request-id": [
          "666a439e-4268-45cf-aea1-19fb2640a451"
        ],
        "accept-language": [
          "en-US"
        ],
        "User-Agent": [
          "FxVersion/4.7.2650.0",
          "OSName/WindowsServer2016Datacenter",
          "OSVersion/6.3.14393",
          "Microsoft.Azure.Management.Sql.SqlManagementClient/1.16.0.0"
        ]
      },
      "ResponseBody": "{\r\n  \"error\": {\r\n    \"code\": \"ResourceNotFound\",\r\n    \"message\": \"The requested resource of type 'Microsoft.Sql/servers/jobAgents/jobs' with name 'ps3615' was not found.\"\r\n  }\r\n}",
      "ResponseHeaders": {
        "Content-Length": [
          "153"
        ],
        "Content-Type": [
          "application/json; charset=utf-8"
        ],
        "Expires": [
          "-1"
        ],
        "Pragma": [
          "no-cache"
        ],
        "x-ms-request-id": [
          "f670cdc3-9913-4b42-8c15-6a1e49840643"
        ],
        "x-ms-ratelimit-remaining-subscription-reads": [
          "14972"
        ],
        "x-ms-correlation-request-id": [
          "22f59f73-caad-408b-b3c6-0dad7915dcc2"
        ],
        "x-ms-routing-request-id": [
          "WESTUS2:20180601T092056Z:22f59f73-caad-408b-b3c6-0dad7915dcc2"
        ],
        "Strict-Transport-Security": [
          "max-age=31536000; includeSubDomains"
        ],
        "X-Content-Type-Options": [
          "nosniff"
        ],
        "Cache-Control": [
          "no-cache"
        ],
        "Date": [
          "Fri, 01 Jun 2018 09:20:55 GMT"
        ],
        "Server": [
          "Microsoft-HTTPAPI/2.0"
        ]
      },
      "StatusCode": 404
    },
    {
      "RequestUri": "/subscriptions/2e7fe4bd-90c7-454e-8bb6-dc44649f27b2/resourceGroups/ps9007/providers/Microsoft.Sql/servers/ps2956/jobAgents/ps2193/jobs/ps3615?api-version=2017-03-01-preview",
      "EncodedRequestUri": "L3N1YnNjcmlwdGlvbnMvMmU3ZmU0YmQtOTBjNy00NTRlLThiYjYtZGM0NDY0OWYyN2IyL3Jlc291cmNlR3JvdXBzL3BzOTAwNy9wcm92aWRlcnMvTWljcm9zb2Z0LlNxbC9zZXJ2ZXJzL3BzMjk1Ni9qb2JBZ2VudHMvcHMyMTkzL2pvYnMvcHMzNjE1P2FwaS12ZXJzaW9uPTIwMTctMDMtMDEtcHJldmlldw==",
      "RequestMethod": "GET",
      "RequestBody": "",
      "RequestHeaders": {
        "x-ms-client-request-id": [
          "2773dfab-4ab4-4866-8f88-bb29f653a30e"
        ],
        "accept-language": [
          "en-US"
        ],
        "User-Agent": [
          "FxVersion/4.7.2650.0",
          "OSName/WindowsServer2016Datacenter",
          "OSVersion/6.3.14393",
          "Microsoft.Azure.Management.Sql.SqlManagementClient/1.16.0.0"
        ]
      },
      "ResponseBody": "{\r\n  \"properties\": {\r\n    \"description\": \"\",\r\n    \"version\": 1,\r\n    \"schedule\": {\r\n      \"startTime\": \"2018-06-01T09:20:56.5343327Z\",\r\n      \"endTime\": \"9999-12-31T11:59:59Z\",\r\n      \"type\": \"Once\",\r\n      \"enabled\": false\r\n    }\r\n  },\r\n  \"id\": \"/subscriptions/2e7fe4bd-90c7-454e-8bb6-dc44649f27b2/resourceGroups/ps9007/providers/Microsoft.Sql/servers/ps2956/jobAgents/ps2193/jobs/ps3615\",\r\n  \"name\": \"ps3615\",\r\n  \"type\": \"Microsoft.Sql/servers/jobAgents/jobs\"\r\n}",
      "ResponseHeaders": {
        "Content-Length": [
          "375"
        ],
        "Content-Type": [
          "application/json; charset=utf-8"
        ],
        "Expires": [
          "-1"
        ],
        "Pragma": [
          "no-cache"
        ],
        "x-ms-request-id": [
          "78163a81-79a7-43de-9d97-167ca12cbe1f"
        ],
        "x-ms-ratelimit-remaining-subscription-reads": [
          "14970"
        ],
        "x-ms-correlation-request-id": [
          "dada874b-4944-41ee-b9c3-edd310507689"
        ],
        "x-ms-routing-request-id": [
          "WESTUS2:20180601T092058Z:dada874b-4944-41ee-b9c3-edd310507689"
        ],
        "Strict-Transport-Security": [
          "max-age=31536000; includeSubDomains"
        ],
        "X-Content-Type-Options": [
          "nosniff"
        ],
        "Cache-Control": [
          "no-cache"
        ],
        "Date": [
          "Fri, 01 Jun 2018 09:20:57 GMT"
        ],
        "Server": [
          "Microsoft-HTTPAPI/2.0"
        ]
      },
      "StatusCode": 200
    },
    {
      "RequestUri": "/subscriptions/2e7fe4bd-90c7-454e-8bb6-dc44649f27b2/resourceGroups/ps9007/providers/Microsoft.Sql/servers/ps2956/jobAgents/ps2193/jobs/ps3615?api-version=2017-03-01-preview",
      "EncodedRequestUri": "L3N1YnNjcmlwdGlvbnMvMmU3ZmU0YmQtOTBjNy00NTRlLThiYjYtZGM0NDY0OWYyN2IyL3Jlc291cmNlR3JvdXBzL3BzOTAwNy9wcm92aWRlcnMvTWljcm9zb2Z0LlNxbC9zZXJ2ZXJzL3BzMjk1Ni9qb2JBZ2VudHMvcHMyMTkzL2pvYnMvcHMzNjE1P2FwaS12ZXJzaW9uPTIwMTctMDMtMDEtcHJldmlldw==",
      "RequestMethod": "PUT",
      "RequestBody": "{\r\n  \"properties\": {\r\n    \"schedule\": {\r\n      \"startTime\": \"2018-06-01T09:20:56.5343327Z\",\r\n      \"enabled\": false\r\n    }\r\n  }\r\n}",
      "RequestHeaders": {
        "Content-Type": [
          "application/json; charset=utf-8"
        ],
        "Content-Length": [
          "130"
        ],
        "x-ms-client-request-id": [
          "4a3a568a-c31f-4c67-8540-927424ee7fc8"
        ],
        "accept-language": [
          "en-US"
        ],
        "User-Agent": [
          "FxVersion/4.7.2650.0",
          "OSName/WindowsServer2016Datacenter",
          "OSVersion/6.3.14393",
          "Microsoft.Azure.Management.Sql.SqlManagementClient/1.16.0.0"
        ]
      },
      "ResponseBody": "{\r\n  \"properties\": {\r\n    \"description\": \"\",\r\n    \"version\": 0,\r\n    \"schedule\": {\r\n      \"startTime\": \"2018-06-01T09:20:56.5343327Z\",\r\n      \"endTime\": \"9999-12-31T11:59:59Z\",\r\n      \"type\": \"Once\",\r\n      \"enabled\": false\r\n    }\r\n  },\r\n  \"id\": \"/subscriptions/2e7fe4bd-90c7-454e-8bb6-dc44649f27b2/resourceGroups/ps9007/providers/Microsoft.Sql/servers/ps2956/jobAgents/ps2193/jobs/ps3615\",\r\n  \"name\": \"ps3615\",\r\n  \"type\": \"Microsoft.Sql/servers/jobAgents/jobs\"\r\n}",
      "ResponseHeaders": {
        "Content-Length": [
          "375"
        ],
        "Content-Type": [
          "application/json; charset=utf-8"
        ],
        "Expires": [
          "-1"
        ],
        "Pragma": [
          "no-cache"
        ],
        "x-ms-request-id": [
          "8d654715-d84d-485a-9f43-825576108b7e"
        ],
        "x-ms-ratelimit-remaining-subscription-writes": [
          "1194"
        ],
        "x-ms-correlation-request-id": [
          "09188f2c-4b05-4396-8dcf-7ba2e5e03cfc"
        ],
        "x-ms-routing-request-id": [
          "WESTUS2:20180601T092056Z:09188f2c-4b05-4396-8dcf-7ba2e5e03cfc"
        ],
        "Strict-Transport-Security": [
          "max-age=31536000; includeSubDomains"
        ],
        "X-Content-Type-Options": [
          "nosniff"
        ],
        "Cache-Control": [
          "no-cache"
        ],
        "Date": [
          "Fri, 01 Jun 2018 09:20:55 GMT"
        ],
        "Server": [
          "Microsoft-HTTPAPI/2.0"
        ]
      },
      "StatusCode": 201
    },
    {
      "RequestUri": "/subscriptions/2e7fe4bd-90c7-454e-8bb6-dc44649f27b2/resourceGroups/ps9007/providers/Microsoft.Sql/servers/ps2956/jobAgents/ps2193/jobs/ps3615/steps/ps5200?api-version=2017-03-01-preview",
      "EncodedRequestUri": "L3N1YnNjcmlwdGlvbnMvMmU3ZmU0YmQtOTBjNy00NTRlLThiYjYtZGM0NDY0OWYyN2IyL3Jlc291cmNlR3JvdXBzL3BzOTAwNy9wcm92aWRlcnMvTWljcm9zb2Z0LlNxbC9zZXJ2ZXJzL3BzMjk1Ni9qb2JBZ2VudHMvcHMyMTkzL2pvYnMvcHMzNjE1L3N0ZXBzL3BzNTIwMD9hcGktdmVyc2lvbj0yMDE3LTAzLTAxLXByZXZpZXc=",
      "RequestMethod": "GET",
      "RequestBody": "",
      "RequestHeaders": {
        "x-ms-client-request-id": [
          "bb551a50-2df4-4f83-a855-7d2bbf3a551c"
        ],
        "accept-language": [
          "en-US"
        ],
        "User-Agent": [
          "FxVersion/4.7.2650.0",
          "OSName/WindowsServer2016Datacenter",
          "OSVersion/6.3.14393",
          "Microsoft.Azure.Management.Sql.SqlManagementClient/1.16.0.0"
        ]
      },
      "ResponseBody": "{\r\n  \"error\": {\r\n    \"code\": \"ResourceNotFound\",\r\n    \"message\": \"The requested resource of type 'Microsoft.Sql/servers/jobAgents/jobs/steps' with name 'ps5200' was not found.\"\r\n  }\r\n}",
      "ResponseHeaders": {
        "Content-Length": [
          "159"
        ],
        "Content-Type": [
          "application/json; charset=utf-8"
        ],
        "Expires": [
          "-1"
        ],
        "Pragma": [
          "no-cache"
        ],
        "x-ms-request-id": [
          "5267de8c-06d5-4f38-9b8f-45f39297ca56"
        ],
        "x-ms-ratelimit-remaining-subscription-reads": [
          "14971"
        ],
        "x-ms-correlation-request-id": [
          "f4af2128-0dc3-40f1-9a71-480e0de2f769"
        ],
        "x-ms-routing-request-id": [
          "WESTUS2:20180601T092057Z:f4af2128-0dc3-40f1-9a71-480e0de2f769"
        ],
        "Strict-Transport-Security": [
          "max-age=31536000; includeSubDomains"
        ],
        "X-Content-Type-Options": [
          "nosniff"
        ],
        "Cache-Control": [
          "no-cache"
        ],
        "Date": [
          "Fri, 01 Jun 2018 09:20:57 GMT"
        ],
        "Server": [
          "Microsoft-HTTPAPI/2.0"
        ]
      },
      "StatusCode": 404
    },
    {
      "RequestUri": "/subscriptions/2e7fe4bd-90c7-454e-8bb6-dc44649f27b2/resourceGroups/ps9007/providers/Microsoft.Sql/servers/ps2956/jobAgents/ps2193/jobs/ps3615/steps/ps5200?api-version=2017-03-01-preview",
      "EncodedRequestUri": "L3N1YnNjcmlwdGlvbnMvMmU3ZmU0YmQtOTBjNy00NTRlLThiYjYtZGM0NDY0OWYyN2IyL3Jlc291cmNlR3JvdXBzL3BzOTAwNy9wcm92aWRlcnMvTWljcm9zb2Z0LlNxbC9zZXJ2ZXJzL3BzMjk1Ni9qb2JBZ2VudHMvcHMyMTkzL2pvYnMvcHMzNjE1L3N0ZXBzL3BzNTIwMD9hcGktdmVyc2lvbj0yMDE3LTAzLTAxLXByZXZpZXc=",
      "RequestMethod": "PUT",
      "RequestBody": "{\r\n  \"properties\": {\r\n    \"targetGroup\": \"/subscriptions/2e7fe4bd-90c7-454e-8bb6-dc44649f27b2/resourceGroups/ps9007/providers/Microsoft.Sql/servers/ps2956/jobAgents/ps2193/targetGroups/ps1927\",\r\n    \"credential\": \"/subscriptions/2e7fe4bd-90c7-454e-8bb6-dc44649f27b2/resourceGroups/ps9007/providers/Microsoft.Sql/servers/ps2956/jobAgents/ps2193/credentials/ps7825\",\r\n    \"action\": {\r\n      \"value\": \"WAITFOR DELAY '00:10:00'\"\r\n    },\r\n    \"executionOptions\": {}\r\n  }\r\n}",
      "RequestHeaders": {
        "Content-Type": [
          "application/json; charset=utf-8"
        ],
        "Content-Length": [
          "468"
        ],
        "x-ms-client-request-id": [
          "b57f7174-823f-4294-a35f-09a64faad69a"
        ],
        "accept-language": [
          "en-US"
        ],
        "User-Agent": [
          "FxVersion/4.7.2650.0",
          "OSName/WindowsServer2016Datacenter",
          "OSVersion/6.3.14393",
          "Microsoft.Azure.Management.Sql.SqlManagementClient/1.16.0.0"
        ]
      },
      "ResponseBody": "{\r\n  \"properties\": {\r\n    \"stepId\": 1,\r\n    \"targetGroup\": \"/subscriptions/2e7fe4bd-90c7-454e-8bb6-dc44649f27b2/resourceGroups/ps9007/providers/Microsoft.Sql/servers/ps2956/jobAgents/ps2193/targetGroups/ps1927\",\r\n    \"credential\": \"/subscriptions/2e7fe4bd-90c7-454e-8bb6-dc44649f27b2/resourceGroups/ps9007/providers/Microsoft.Sql/servers/ps2956/jobAgents/ps2193/credentials/ps7825\",\r\n    \"action\": {\r\n      \"type\": \"TSql\",\r\n      \"source\": \"Inline\",\r\n      \"value\": \"WAITFOR DELAY '00:10:00'\"\r\n    },\r\n    \"executionOptions\": {\r\n      \"timeoutSeconds\": 43200,\r\n      \"retryAttempts\": 10,\r\n      \"initialRetryIntervalSeconds\": 1,\r\n      \"maximumRetryIntervalSeconds\": 120,\r\n      \"retryIntervalBackoffMultiplier\": 2.0\r\n    }\r\n  },\r\n  \"id\": \"/subscriptions/2e7fe4bd-90c7-454e-8bb6-dc44649f27b2/resourceGroups/ps9007/providers/Microsoft.Sql/servers/ps2956/jobAgents/ps2193/jobs/ps3615/steps/ps5200\",\r\n  \"name\": \"ps5200\",\r\n  \"type\": \"Microsoft.Sql/servers/jobAgents/jobs/steps\"\r\n}",
      "ResponseHeaders": {
        "Content-Length": [
          "831"
        ],
        "Content-Type": [
          "application/json; charset=utf-8"
        ],
        "Expires": [
          "-1"
        ],
        "Pragma": [
          "no-cache"
        ],
        "x-ms-request-id": [
          "fbdc881a-4e88-4338-a785-450db53744dc"
        ],
        "x-ms-ratelimit-remaining-subscription-writes": [
          "1193"
        ],
        "x-ms-correlation-request-id": [
          "b7e88431-db0d-4fe1-a19b-af802c0a934e"
        ],
        "x-ms-routing-request-id": [
          "WESTUS2:20180601T092057Z:b7e88431-db0d-4fe1-a19b-af802c0a934e"
        ],
        "Strict-Transport-Security": [
          "max-age=31536000; includeSubDomains"
        ],
        "X-Content-Type-Options": [
          "nosniff"
        ],
        "Cache-Control": [
          "no-cache"
        ],
        "Date": [
          "Fri, 01 Jun 2018 09:20:57 GMT"
        ],
        "Server": [
          "Microsoft-HTTPAPI/2.0"
        ]
      },
      "StatusCode": 201
    },
    {
      "RequestUri": "/subscriptions/2e7fe4bd-90c7-454e-8bb6-dc44649f27b2/resourceGroups/ps9007/providers/Microsoft.Sql/servers/ps2956/jobAgents/ps2193/jobs/ps3615/start?api-version=2017-03-01-preview",
      "EncodedRequestUri": "L3N1YnNjcmlwdGlvbnMvMmU3ZmU0YmQtOTBjNy00NTRlLThiYjYtZGM0NDY0OWYyN2IyL3Jlc291cmNlR3JvdXBzL3BzOTAwNy9wcm92aWRlcnMvTWljcm9zb2Z0LlNxbC9zZXJ2ZXJzL3BzMjk1Ni9qb2JBZ2VudHMvcHMyMTkzL2pvYnMvcHMzNjE1L3N0YXJ0P2FwaS12ZXJzaW9uPTIwMTctMDMtMDEtcHJldmlldw==",
      "RequestMethod": "POST",
      "RequestBody": "",
      "RequestHeaders": {
        "x-ms-client-request-id": [
          "58bbb818-2cc5-4828-a45e-b0be9ff39d61"
        ],
        "accept-language": [
          "en-US"
        ],
        "User-Agent": [
          "FxVersion/4.7.2650.0",
          "OSName/WindowsServer2016Datacenter",
          "OSVersion/6.3.14393",
          "Microsoft.Azure.Management.Sql.SqlManagementClient/1.16.0.0"
        ]
      },
      "ResponseBody": "{\r\n  \"properties\": {\r\n    \"jobVersion\": 1,\r\n    \"jobExecutionId\": \"9e24722b-7b44-426b-a1b7-502611cccefd\",\r\n    \"lifecycle\": \"Created\",\r\n    \"provisioningState\": \"Created\",\r\n    \"createTime\": \"2018-06-01T09:20:58.2366667Z\",\r\n    \"currentAttempts\": 0,\r\n    \"lastMessage\": \"Job execution created.\"\r\n  },\r\n  \"id\": \"/subscriptions/2e7fe4bd-90c7-454e-8bb6-dc44649f27b2/resourceGroups/ps9007/providers/Microsoft.Sql/servers/ps2956/jobAgents/ps2193/jobs/ps3615/executions/9e24722b-7b44-426b-a1b7-502611cccefd\",\r\n  \"name\": \"9e24722b-7b44-426b-a1b7-502611cccefd\",\r\n  \"type\": \"Microsoft.Sql/servers/jobAgents/jobs/executions\"\r\n}",
      "ResponseHeaders": {
        "Content-Length": [
          "542"
        ],
        "Content-Type": [
          "application/json; charset=utf-8"
        ],
        "Expires": [
          "-1"
        ],
        "Pragma": [
          "no-cache"
        ],
        "x-ms-request-id": [
          "b63d1db8-4bdf-45e8-b863-813b18642051"
        ],
        "x-ms-ratelimit-remaining-subscription-writes": [
          "1192"
        ],
        "x-ms-correlation-request-id": [
          "f28e12a6-4a10-47a2-90a1-f12528e4660c"
        ],
        "x-ms-routing-request-id": [
          "WESTUS2:20180601T092058Z:f28e12a6-4a10-47a2-90a1-f12528e4660c"
        ],
        "Strict-Transport-Security": [
          "max-age=31536000; includeSubDomains"
        ],
        "X-Content-Type-Options": [
          "nosniff"
        ],
        "Cache-Control": [
          "no-cache"
        ],
        "Date": [
          "Fri, 01 Jun 2018 09:20:58 GMT"
        ],
        "Location": [
          "https://management.azure.com/subscriptions/2e7fe4bd-90c7-454e-8bb6-dc44649f27b2/resourceGroups/ps9007/providers/Microsoft.Sql/servers/ps2956/jobAgents/ps2193/jobs/ps3615/executions/9e24722b-7b44-426b-a1b7-502611cccefd?api-version=2017-03-01-preview"
        ],
        "Server": [
          "Microsoft-HTTPAPI/2.0"
        ]
      },
      "StatusCode": 200
    },
    {
      "RequestUri": "/subscriptions/2e7fe4bd-90c7-454e-8bb6-dc44649f27b2/resourceGroups/ps9007/providers/Microsoft.Sql/servers/ps2956/jobAgents/ps2193/jobs/ps3615/executions/9e24722b-7b44-426b-a1b7-502611cccefd?api-version=2017-03-01-preview",
      "EncodedRequestUri": "L3N1YnNjcmlwdGlvbnMvMmU3ZmU0YmQtOTBjNy00NTRlLThiYjYtZGM0NDY0OWYyN2IyL3Jlc291cmNlR3JvdXBzL3BzOTAwNy9wcm92aWRlcnMvTWljcm9zb2Z0LlNxbC9zZXJ2ZXJzL3BzMjk1Ni9qb2JBZ2VudHMvcHMyMTkzL2pvYnMvcHMzNjE1L2V4ZWN1dGlvbnMvOWUyNDcyMmItN2I0NC00MjZiLWExYjctNTAyNjExY2NjZWZkP2FwaS12ZXJzaW9uPTIwMTctMDMtMDEtcHJldmlldw==",
      "RequestMethod": "GET",
      "RequestBody": "",
      "RequestHeaders": {
        "x-ms-client-request-id": [
          "8935c851-02ab-4e89-85da-b76cfbc9e5cb"
        ],
        "accept-language": [
          "en-US"
        ],
        "User-Agent": [
          "FxVersion/4.7.2650.0",
          "OSName/WindowsServer2016Datacenter",
          "OSVersion/6.3.14393",
          "Microsoft.Azure.Management.Sql.SqlManagementClient/1.16.0.0"
        ]
      },
      "ResponseBody": "{\r\n  \"properties\": {\r\n    \"jobVersion\": 1,\r\n    \"jobExecutionId\": \"9e24722b-7b44-426b-a1b7-502611cccefd\",\r\n    \"lifecycle\": \"Created\",\r\n    \"provisioningState\": \"Created\",\r\n    \"createTime\": \"2018-06-01T09:20:58.2366667Z\",\r\n    \"currentAttempts\": 0,\r\n    \"lastMessage\": \"Job execution created.\"\r\n  },\r\n  \"id\": \"/subscriptions/2e7fe4bd-90c7-454e-8bb6-dc44649f27b2/resourceGroups/ps9007/providers/Microsoft.Sql/servers/ps2956/jobAgents/ps2193/jobs/ps3615/executions/9e24722b-7b44-426b-a1b7-502611cccefd\",\r\n  \"name\": \"9e24722b-7b44-426b-a1b7-502611cccefd\",\r\n  \"type\": \"Microsoft.Sql/servers/jobAgents/jobs/executions\"\r\n}",
      "ResponseHeaders": {
        "Content-Length": [
          "542"
        ],
        "Content-Type": [
          "application/json; charset=utf-8"
        ],
        "Expires": [
          "-1"
        ],
        "Pragma": [
          "no-cache"
        ],
        "x-ms-request-id": [
          "2adba55b-7721-4018-80cf-bb1dd33a3404"
        ],
        "x-ms-ratelimit-remaining-subscription-reads": [
          "14969"
        ],
        "x-ms-correlation-request-id": [
          "6fb631c3-8e84-4749-94f4-700b86d8a228"
        ],
        "x-ms-routing-request-id": [
          "WESTUS2:20180601T092058Z:6fb631c3-8e84-4749-94f4-700b86d8a228"
        ],
        "Strict-Transport-Security": [
          "max-age=31536000; includeSubDomains"
        ],
        "X-Content-Type-Options": [
          "nosniff"
        ],
        "Cache-Control": [
          "no-cache"
        ],
        "Date": [
          "Fri, 01 Jun 2018 09:20:58 GMT"
        ],
        "Server": [
          "Microsoft-HTTPAPI/2.0"
        ]
      },
      "StatusCode": 200
    },
    {
      "RequestUri": "/subscriptions/2e7fe4bd-90c7-454e-8bb6-dc44649f27b2/resourceGroups/ps9007/providers/Microsoft.Sql/servers/ps2956/jobAgents/ps2193/jobs/ps3615/executions/9e24722b-7b44-426b-a1b7-502611cccefd?api-version=2017-03-01-preview",
      "EncodedRequestUri": "L3N1YnNjcmlwdGlvbnMvMmU3ZmU0YmQtOTBjNy00NTRlLThiYjYtZGM0NDY0OWYyN2IyL3Jlc291cmNlR3JvdXBzL3BzOTAwNy9wcm92aWRlcnMvTWljcm9zb2Z0LlNxbC9zZXJ2ZXJzL3BzMjk1Ni9qb2JBZ2VudHMvcHMyMTkzL2pvYnMvcHMzNjE1L2V4ZWN1dGlvbnMvOWUyNDcyMmItN2I0NC00MjZiLWExYjctNTAyNjExY2NjZWZkP2FwaS12ZXJzaW9uPTIwMTctMDMtMDEtcHJldmlldw==",
      "RequestMethod": "GET",
      "RequestBody": "",
      "RequestHeaders": {
        "x-ms-client-request-id": [
          "aaeee0d9-5171-4c63-b094-0c3446489048"
        ],
        "accept-language": [
          "en-US"
        ],
        "User-Agent": [
          "FxVersion/4.7.2650.0",
          "OSName/WindowsServer2016Datacenter",
          "OSVersion/6.3.14393",
          "Microsoft.Azure.Management.Sql.SqlManagementClient/1.16.0.0"
        ]
      },
      "ResponseBody": "{\r\n  \"properties\": {\r\n    \"jobVersion\": 1,\r\n    \"jobExecutionId\": \"9e24722b-7b44-426b-a1b7-502611cccefd\",\r\n    \"lifecycle\": \"Created\",\r\n    \"provisioningState\": \"Created\",\r\n    \"createTime\": \"2018-06-01T09:20:58.2366667Z\",\r\n    \"currentAttempts\": 0,\r\n    \"lastMessage\": \"Job execution created.\"\r\n  },\r\n  \"id\": \"/subscriptions/2e7fe4bd-90c7-454e-8bb6-dc44649f27b2/resourceGroups/ps9007/providers/Microsoft.Sql/servers/ps2956/jobAgents/ps2193/jobs/ps3615/executions/9e24722b-7b44-426b-a1b7-502611cccefd\",\r\n  \"name\": \"9e24722b-7b44-426b-a1b7-502611cccefd\",\r\n  \"type\": \"Microsoft.Sql/servers/jobAgents/jobs/executions\"\r\n}",
      "ResponseHeaders": {
        "Content-Length": [
          "542"
        ],
        "Content-Type": [
          "application/json; charset=utf-8"
        ],
        "Expires": [
          "-1"
        ],
        "Pragma": [
          "no-cache"
        ],
        "x-ms-request-id": [
          "fa8954a4-2654-41c8-b28a-31989f2593f0"
        ],
        "x-ms-ratelimit-remaining-subscription-reads": [
          "14968"
        ],
        "x-ms-correlation-request-id": [
          "b40c0a64-6412-4446-ba83-faf1c92bb863"
        ],
        "x-ms-routing-request-id": [
          "WESTUS2:20180601T092059Z:b40c0a64-6412-4446-ba83-faf1c92bb863"
        ],
        "Strict-Transport-Security": [
          "max-age=31536000; includeSubDomains"
        ],
        "X-Content-Type-Options": [
          "nosniff"
        ],
        "Cache-Control": [
          "no-cache"
        ],
        "Date": [
          "Fri, 01 Jun 2018 09:20:59 GMT"
        ],
        "Server": [
          "Microsoft-HTTPAPI/2.0"
        ]
      },
      "StatusCode": 200
    },
    {
      "RequestUri": "/subscriptions/2e7fe4bd-90c7-454e-8bb6-dc44649f27b2/resourceGroups/ps9007/providers/Microsoft.Sql/servers/ps2956/jobAgents/ps2193/jobs/ps3615/executions/9e24722b-7b44-426b-a1b7-502611cccefd?api-version=2017-03-01-preview",
      "EncodedRequestUri": "L3N1YnNjcmlwdGlvbnMvMmU3ZmU0YmQtOTBjNy00NTRlLThiYjYtZGM0NDY0OWYyN2IyL3Jlc291cmNlR3JvdXBzL3BzOTAwNy9wcm92aWRlcnMvTWljcm9zb2Z0LlNxbC9zZXJ2ZXJzL3BzMjk1Ni9qb2JBZ2VudHMvcHMyMTkzL2pvYnMvcHMzNjE1L2V4ZWN1dGlvbnMvOWUyNDcyMmItN2I0NC00MjZiLWExYjctNTAyNjExY2NjZWZkP2FwaS12ZXJzaW9uPTIwMTctMDMtMDEtcHJldmlldw==",
      "RequestMethod": "GET",
      "RequestBody": "",
      "RequestHeaders": {
        "x-ms-client-request-id": [
          "c3cc61ad-b94c-42f2-ba27-7a4ea5e43d02"
        ],
        "accept-language": [
          "en-US"
        ],
        "User-Agent": [
          "FxVersion/4.7.2650.0",
          "OSName/WindowsServer2016Datacenter",
          "OSVersion/6.3.14393",
          "Microsoft.Azure.Management.Sql.SqlManagementClient/1.16.0.0"
        ]
      },
      "ResponseBody": "{\r\n  \"properties\": {\r\n    \"jobVersion\": 1,\r\n    \"jobExecutionId\": \"9e24722b-7b44-426b-a1b7-502611cccefd\",\r\n    \"lifecycle\": \"Created\",\r\n    \"provisioningState\": \"Created\",\r\n    \"createTime\": \"2018-06-01T09:20:58.2366667Z\",\r\n    \"currentAttempts\": 0,\r\n    \"lastMessage\": \"Job execution created.\"\r\n  },\r\n  \"id\": \"/subscriptions/2e7fe4bd-90c7-454e-8bb6-dc44649f27b2/resourceGroups/ps9007/providers/Microsoft.Sql/servers/ps2956/jobAgents/ps2193/jobs/ps3615/executions/9e24722b-7b44-426b-a1b7-502611cccefd\",\r\n  \"name\": \"9e24722b-7b44-426b-a1b7-502611cccefd\",\r\n  \"type\": \"Microsoft.Sql/servers/jobAgents/jobs/executions\"\r\n}",
      "ResponseHeaders": {
        "Content-Length": [
          "542"
        ],
        "Content-Type": [
          "application/json; charset=utf-8"
        ],
        "Expires": [
          "-1"
        ],
        "Pragma": [
          "no-cache"
        ],
        "x-ms-request-id": [
          "dc6499dd-026f-4b4b-aaa9-c51c0bff4394"
        ],
        "x-ms-ratelimit-remaining-subscription-reads": [
          "14967"
        ],
        "x-ms-correlation-request-id": [
          "4e58438f-558e-4382-8a47-6ef80279f0bd"
        ],
        "x-ms-routing-request-id": [
          "WESTUS2:20180601T092059Z:4e58438f-558e-4382-8a47-6ef80279f0bd"
        ],
        "Strict-Transport-Security": [
          "max-age=31536000; includeSubDomains"
        ],
        "X-Content-Type-Options": [
          "nosniff"
        ],
        "Cache-Control": [
          "no-cache"
        ],
        "Date": [
          "Fri, 01 Jun 2018 09:20:59 GMT"
        ],
        "Server": [
          "Microsoft-HTTPAPI/2.0"
        ]
      },
      "StatusCode": 200
    },
    {
      "RequestUri": "/subscriptions/2e7fe4bd-90c7-454e-8bb6-dc44649f27b2/resourceGroups/ps9007/providers/Microsoft.Sql/servers/ps2956/jobAgents/ps2193/jobs/ps3615/executions/9e24722b-7b44-426b-a1b7-502611cccefd?api-version=2017-03-01-preview",
      "EncodedRequestUri": "L3N1YnNjcmlwdGlvbnMvMmU3ZmU0YmQtOTBjNy00NTRlLThiYjYtZGM0NDY0OWYyN2IyL3Jlc291cmNlR3JvdXBzL3BzOTAwNy9wcm92aWRlcnMvTWljcm9zb2Z0LlNxbC9zZXJ2ZXJzL3BzMjk1Ni9qb2JBZ2VudHMvcHMyMTkzL2pvYnMvcHMzNjE1L2V4ZWN1dGlvbnMvOWUyNDcyMmItN2I0NC00MjZiLWExYjctNTAyNjExY2NjZWZkP2FwaS12ZXJzaW9uPTIwMTctMDMtMDEtcHJldmlldw==",
      "RequestMethod": "GET",
      "RequestBody": "",
      "RequestHeaders": {
        "x-ms-client-request-id": [
          "e38a8c10-bc0a-49c3-ad86-bb1f89c38bcf"
        ],
        "accept-language": [
          "en-US"
        ],
        "User-Agent": [
          "FxVersion/4.7.2650.0",
          "OSName/WindowsServer2016Datacenter",
          "OSVersion/6.3.14393",
          "Microsoft.Azure.Management.Sql.SqlManagementClient/1.16.0.0"
        ]
      },
      "ResponseBody": "{\r\n  \"properties\": {\r\n    \"jobVersion\": 1,\r\n    \"jobExecutionId\": \"9e24722b-7b44-426b-a1b7-502611cccefd\",\r\n    \"lifecycle\": \"Created\",\r\n    \"provisioningState\": \"Created\",\r\n    \"createTime\": \"2018-06-01T09:20:58.2366667Z\",\r\n    \"currentAttempts\": 0,\r\n    \"lastMessage\": \"Job execution created.\"\r\n  },\r\n  \"id\": \"/subscriptions/2e7fe4bd-90c7-454e-8bb6-dc44649f27b2/resourceGroups/ps9007/providers/Microsoft.Sql/servers/ps2956/jobAgents/ps2193/jobs/ps3615/executions/9e24722b-7b44-426b-a1b7-502611cccefd\",\r\n  \"name\": \"9e24722b-7b44-426b-a1b7-502611cccefd\",\r\n  \"type\": \"Microsoft.Sql/servers/jobAgents/jobs/executions\"\r\n}",
      "ResponseHeaders": {
        "Content-Length": [
          "542"
        ],
        "Content-Type": [
          "application/json; charset=utf-8"
        ],
        "Expires": [
          "-1"
        ],
        "Pragma": [
          "no-cache"
        ],
        "x-ms-request-id": [
          "6769d154-209a-4f56-b552-9ce6818061b8"
        ],
        "x-ms-ratelimit-remaining-subscription-reads": [
          "14966"
        ],
        "x-ms-correlation-request-id": [
          "91844dc3-1a87-4287-b1ca-5a9be2087c87"
        ],
        "x-ms-routing-request-id": [
          "WESTUS2:20180601T092059Z:91844dc3-1a87-4287-b1ca-5a9be2087c87"
        ],
        "Strict-Transport-Security": [
          "max-age=31536000; includeSubDomains"
        ],
        "X-Content-Type-Options": [
          "nosniff"
        ],
        "Cache-Control": [
          "no-cache"
        ],
        "Date": [
          "Fri, 01 Jun 2018 09:20:59 GMT"
        ],
        "Server": [
          "Microsoft-HTTPAPI/2.0"
        ]
      },
      "StatusCode": 200
    },
    {
      "RequestUri": "/subscriptions/2e7fe4bd-90c7-454e-8bb6-dc44649f27b2/resourceGroups/ps9007/providers/Microsoft.Sql/servers/ps2956/jobAgents/ps2193/jobs/ps3615/executions/9e24722b-7b44-426b-a1b7-502611cccefd/cancel?api-version=2017-03-01-preview",
      "EncodedRequestUri": "L3N1YnNjcmlwdGlvbnMvMmU3ZmU0YmQtOTBjNy00NTRlLThiYjYtZGM0NDY0OWYyN2IyL3Jlc291cmNlR3JvdXBzL3BzOTAwNy9wcm92aWRlcnMvTWljcm9zb2Z0LlNxbC9zZXJ2ZXJzL3BzMjk1Ni9qb2JBZ2VudHMvcHMyMTkzL2pvYnMvcHMzNjE1L2V4ZWN1dGlvbnMvOWUyNDcyMmItN2I0NC00MjZiLWExYjctNTAyNjExY2NjZWZkL2NhbmNlbD9hcGktdmVyc2lvbj0yMDE3LTAzLTAxLXByZXZpZXc=",
      "RequestMethod": "POST",
      "RequestBody": "",
      "RequestHeaders": {
        "x-ms-client-request-id": [
          "c94d6e3d-43a3-441e-aa4a-27ba2b0c3a78"
        ],
        "accept-language": [
          "en-US"
        ],
        "User-Agent": [
          "FxVersion/4.7.2650.0",
          "OSName/WindowsServer2016Datacenter",
          "OSVersion/6.3.14393",
          "Microsoft.Azure.Management.Sql.SqlManagementClient/1.16.0.0"
        ]
      },
      "ResponseBody": "",
      "ResponseHeaders": {
        "Content-Length": [
          "0"
        ],
        "Expires": [
          "-1"
        ],
        "Pragma": [
          "no-cache"
        ],
        "x-ms-request-id": [
          "9f59cd10-7d65-4a92-b0cc-366e5d96d016"
        ],
        "x-ms-ratelimit-remaining-subscription-writes": [
          "1191"
        ],
        "x-ms-correlation-request-id": [
          "da863927-10b3-44b9-ad01-6faf024856cd"
        ],
        "x-ms-routing-request-id": [
          "WESTUS2:20180601T092059Z:da863927-10b3-44b9-ad01-6faf024856cd"
        ],
        "Strict-Transport-Security": [
          "max-age=31536000; includeSubDomains"
        ],
        "X-Content-Type-Options": [
          "nosniff"
        ],
        "Cache-Control": [
          "no-cache"
        ],
        "Date": [
          "Fri, 01 Jun 2018 09:20:58 GMT"
        ],
        "Location": [
          "https://management.azure.com/subscriptions/2e7fe4bd-90c7-454e-8bb6-dc44649f27b2/resourceGroups/ps9007/providers/Microsoft.Sql/servers/ps2956/jobAgents/ps2193/jobs/ps3615/executions/9e24722b-7b44-426b-a1b7-502611cccefd?api-version=2017-03-01-preview"
        ],
        "Server": [
          "Microsoft-HTTPAPI/2.0"
        ]
      },
      "StatusCode": 200
    },
    {
      "RequestUri": "/subscriptions/2e7fe4bd-90c7-454e-8bb6-dc44649f27b2/resourceGroups/ps9007/providers/Microsoft.Sql/servers/ps2956/jobAgents/ps2193/jobs/ps3615/executions/9e24722b-7b44-426b-a1b7-502611cccefd/cancel?api-version=2017-03-01-preview",
      "EncodedRequestUri": "L3N1YnNjcmlwdGlvbnMvMmU3ZmU0YmQtOTBjNy00NTRlLThiYjYtZGM0NDY0OWYyN2IyL3Jlc291cmNlR3JvdXBzL3BzOTAwNy9wcm92aWRlcnMvTWljcm9zb2Z0LlNxbC9zZXJ2ZXJzL3BzMjk1Ni9qb2JBZ2VudHMvcHMyMTkzL2pvYnMvcHMzNjE1L2V4ZWN1dGlvbnMvOWUyNDcyMmItN2I0NC00MjZiLWExYjctNTAyNjExY2NjZWZkL2NhbmNlbD9hcGktdmVyc2lvbj0yMDE3LTAzLTAxLXByZXZpZXc=",
      "RequestMethod": "POST",
      "RequestBody": "",
      "RequestHeaders": {
        "x-ms-client-request-id": [
          "ee71168e-e487-40d3-87ea-8df5da772e94"
        ],
        "accept-language": [
          "en-US"
        ],
        "User-Agent": [
          "FxVersion/4.7.2650.0",
          "OSName/WindowsServer2016Datacenter",
          "OSVersion/6.3.14393",
          "Microsoft.Azure.Management.Sql.SqlManagementClient/1.16.0.0"
        ]
      },
      "ResponseBody": "",
      "ResponseHeaders": {
        "Content-Length": [
          "0"
        ],
        "Expires": [
          "-1"
        ],
        "Pragma": [
          "no-cache"
        ],
        "x-ms-request-id": [
          "04b1a197-f2dd-410a-a08c-f231448451a6"
        ],
        "x-ms-ratelimit-remaining-subscription-writes": [
          "1190"
        ],
        "x-ms-correlation-request-id": [
          "c3b22059-3649-4285-bde7-90ea2dad49de"
        ],
        "x-ms-routing-request-id": [
          "WESTUS2:20180601T092059Z:c3b22059-3649-4285-bde7-90ea2dad49de"
        ],
        "Strict-Transport-Security": [
          "max-age=31536000; includeSubDomains"
        ],
        "X-Content-Type-Options": [
          "nosniff"
        ],
        "Cache-Control": [
          "no-cache"
        ],
        "Date": [
          "Fri, 01 Jun 2018 09:20:59 GMT"
        ],
        "Location": [
          "https://management.azure.com/subscriptions/2e7fe4bd-90c7-454e-8bb6-dc44649f27b2/resourceGroups/ps9007/providers/Microsoft.Sql/servers/ps2956/jobAgents/ps2193/jobs/ps3615/executions/9e24722b-7b44-426b-a1b7-502611cccefd?api-version=2017-03-01-preview"
        ],
        "Server": [
          "Microsoft-HTTPAPI/2.0"
        ]
      },
      "StatusCode": 200
    },
    {
      "RequestUri": "/subscriptions/2e7fe4bd-90c7-454e-8bb6-dc44649f27b2/resourceGroups/ps9007/providers/Microsoft.Sql/servers/ps2956/jobAgents/ps2193/jobs/ps3615/executions/9e24722b-7b44-426b-a1b7-502611cccefd/cancel?api-version=2017-03-01-preview",
      "EncodedRequestUri": "L3N1YnNjcmlwdGlvbnMvMmU3ZmU0YmQtOTBjNy00NTRlLThiYjYtZGM0NDY0OWYyN2IyL3Jlc291cmNlR3JvdXBzL3BzOTAwNy9wcm92aWRlcnMvTWljcm9zb2Z0LlNxbC9zZXJ2ZXJzL3BzMjk1Ni9qb2JBZ2VudHMvcHMyMTkzL2pvYnMvcHMzNjE1L2V4ZWN1dGlvbnMvOWUyNDcyMmItN2I0NC00MjZiLWExYjctNTAyNjExY2NjZWZkL2NhbmNlbD9hcGktdmVyc2lvbj0yMDE3LTAzLTAxLXByZXZpZXc=",
      "RequestMethod": "POST",
      "RequestBody": "",
      "RequestHeaders": {
        "x-ms-client-request-id": [
          "79c11539-b735-49cb-8112-105015fc3d4f"
        ],
        "accept-language": [
          "en-US"
        ],
        "User-Agent": [
          "FxVersion/4.7.2650.0",
          "OSName/WindowsServer2016Datacenter",
          "OSVersion/6.3.14393",
          "Microsoft.Azure.Management.Sql.SqlManagementClient/1.16.0.0"
        ]
      },
      "ResponseBody": "",
      "ResponseHeaders": {
        "Content-Length": [
          "0"
        ],
        "Expires": [
          "-1"
        ],
        "Pragma": [
          "no-cache"
        ],
        "x-ms-request-id": [
          "24d69843-33bf-4dce-999f-8a19c68cc326"
        ],
        "x-ms-ratelimit-remaining-subscription-writes": [
          "1189"
        ],
        "x-ms-correlation-request-id": [
          "0e8cd0cb-69ff-420a-820c-076c7b82f955"
        ],
        "x-ms-routing-request-id": [
          "WESTUS2:20180601T092059Z:0e8cd0cb-69ff-420a-820c-076c7b82f955"
        ],
        "Strict-Transport-Security": [
          "max-age=31536000; includeSubDomains"
        ],
        "X-Content-Type-Options": [
          "nosniff"
        ],
        "Cache-Control": [
          "no-cache"
        ],
        "Date": [
          "Fri, 01 Jun 2018 09:20:59 GMT"
        ],
        "Location": [
          "https://management.azure.com/subscriptions/2e7fe4bd-90c7-454e-8bb6-dc44649f27b2/resourceGroups/ps9007/providers/Microsoft.Sql/servers/ps2956/jobAgents/ps2193/jobs/ps3615/executions/9e24722b-7b44-426b-a1b7-502611cccefd?api-version=2017-03-01-preview"
        ],
        "Server": [
          "Microsoft-HTTPAPI/2.0"
        ]
      },
      "StatusCode": 200
    },
    {
      "RequestUri": "/subscriptions/2e7fe4bd-90c7-454e-8bb6-dc44649f27b2/resourceGroups/ps9007/providers/Microsoft.Sql/servers/ps2956/jobAgents/ps2193/jobs/ps3615/executions/9e24722b-7b44-426b-a1b7-502611cccefd/cancel?api-version=2017-03-01-preview",
      "EncodedRequestUri": "L3N1YnNjcmlwdGlvbnMvMmU3ZmU0YmQtOTBjNy00NTRlLThiYjYtZGM0NDY0OWYyN2IyL3Jlc291cmNlR3JvdXBzL3BzOTAwNy9wcm92aWRlcnMvTWljcm9zb2Z0LlNxbC9zZXJ2ZXJzL3BzMjk1Ni9qb2JBZ2VudHMvcHMyMTkzL2pvYnMvcHMzNjE1L2V4ZWN1dGlvbnMvOWUyNDcyMmItN2I0NC00MjZiLWExYjctNTAyNjExY2NjZWZkL2NhbmNlbD9hcGktdmVyc2lvbj0yMDE3LTAzLTAxLXByZXZpZXc=",
      "RequestMethod": "POST",
      "RequestBody": "",
      "RequestHeaders": {
        "x-ms-client-request-id": [
          "36819119-21d7-4eaa-ab1a-72ff65bc673a"
        ],
        "accept-language": [
          "en-US"
        ],
        "User-Agent": [
          "FxVersion/4.7.2650.0",
          "OSName/WindowsServer2016Datacenter",
          "OSVersion/6.3.14393",
          "Microsoft.Azure.Management.Sql.SqlManagementClient/1.16.0.0"
        ]
      },
      "ResponseBody": "",
      "ResponseHeaders": {
        "Content-Length": [
          "0"
        ],
        "Expires": [
          "-1"
        ],
        "Pragma": [
          "no-cache"
        ],
        "x-ms-request-id": [
          "37d30512-1c38-498c-86ce-ac60ca0f3c73"
        ],
        "x-ms-ratelimit-remaining-subscription-writes": [
          "1188"
        ],
        "x-ms-correlation-request-id": [
          "10c725b9-864b-4383-bfde-cc56b4b50135"
        ],
        "x-ms-routing-request-id": [
          "WESTUS2:20180601T092100Z:10c725b9-864b-4383-bfde-cc56b4b50135"
        ],
        "Strict-Transport-Security": [
          "max-age=31536000; includeSubDomains"
        ],
        "X-Content-Type-Options": [
          "nosniff"
        ],
        "Cache-Control": [
          "no-cache"
        ],
        "Date": [
          "Fri, 01 Jun 2018 09:21:00 GMT"
        ],
        "Location": [
          "https://management.azure.com/subscriptions/2e7fe4bd-90c7-454e-8bb6-dc44649f27b2/resourceGroups/ps9007/providers/Microsoft.Sql/servers/ps2956/jobAgents/ps2193/jobs/ps3615/executions/9e24722b-7b44-426b-a1b7-502611cccefd?api-version=2017-03-01-preview"
        ],
        "Server": [
          "Microsoft-HTTPAPI/2.0"
        ]
      },
      "StatusCode": 200
    },
    {
      "RequestUri": "/subscriptions/2e7fe4bd-90c7-454e-8bb6-dc44649f27b2/resourcegroups/ps9007?api-version=2016-02-01",
      "EncodedRequestUri": "L3N1YnNjcmlwdGlvbnMvMmU3ZmU0YmQtOTBjNy00NTRlLThiYjYtZGM0NDY0OWYyN2IyL3Jlc291cmNlZ3JvdXBzL3BzOTAwNz9hcGktdmVyc2lvbj0yMDE2LTAyLTAx",
      "RequestMethod": "DELETE",
      "RequestBody": "",
      "RequestHeaders": {
        "User-Agent": [
          "Microsoft.Azure.Management.Resources.ResourceManagementClient/2.0.0.0"
        ]
      },
      "ResponseBody": "",
      "ResponseHeaders": {
        "Content-Length": [
          "0"
        ],
        "Expires": [
          "-1"
        ],
        "Pragma": [
          "no-cache"
        ],
        "Retry-After": [
          "15"
        ],
        "x-ms-ratelimit-remaining-subscription-deletes": [
          "14998"
        ],
        "x-ms-request-id": [
          "c0e13fc7-b931-40a3-be72-781ce21fbd60"
        ],
        "x-ms-correlation-request-id": [
          "c0e13fc7-b931-40a3-be72-781ce21fbd60"
        ],
        "x-ms-routing-request-id": [
          "WESTUS2:20180601T092100Z:c0e13fc7-b931-40a3-be72-781ce21fbd60"
        ],
        "Strict-Transport-Security": [
          "max-age=31536000; includeSubDomains"
        ],
        "X-Content-Type-Options": [
          "nosniff"
        ],
        "Cache-Control": [
          "no-cache"
        ],
        "Date": [
          "Fri, 01 Jun 2018 09:21:00 GMT"
        ],
        "Location": [
          "https://management.azure.com/subscriptions/2e7fe4bd-90c7-454e-8bb6-dc44649f27b2/operationresults/eyJqb2JJZCI6IlJFU09VUkNFR1JPVVBERUxFVElPTkpPQi1QUzkwMDctV0VTVENFTlRSQUxVUyIsImpvYkxvY2F0aW9uIjoid2VzdGNlbnRyYWx1cyJ9?api-version=2016-02-01"
        ]
      },
      "StatusCode": 202
    },
    {
      "RequestUri": "/subscriptions/2e7fe4bd-90c7-454e-8bb6-dc44649f27b2/operationresults/eyJqb2JJZCI6IlJFU09VUkNFR1JPVVBERUxFVElPTkpPQi1QUzkwMDctV0VTVENFTlRSQUxVUyIsImpvYkxvY2F0aW9uIjoid2VzdGNlbnRyYWx1cyJ9?api-version=2016-02-01",
      "EncodedRequestUri": "L3N1YnNjcmlwdGlvbnMvMmU3ZmU0YmQtOTBjNy00NTRlLThiYjYtZGM0NDY0OWYyN2IyL29wZXJhdGlvbnJlc3VsdHMvZXlKcWIySkpaQ0k2SWxKRlUwOVZVa05GUjFKUFZWQkVSVXhGVkVsUFRrcFBRaTFRVXprd01EY3RWMFZUVkVORlRsUlNRVXhWVXlJc0ltcHZZa3h2WTJGMGFXOXVJam9pZDJWemRHTmxiblJ5WVd4MWN5Sjk/YXBpLXZlcnNpb249MjAxNi0wMi0wMQ==",
      "RequestMethod": "GET",
      "RequestBody": "",
      "RequestHeaders": {
        "x-ms-version": [
          "2016-02-01"
        ],
        "User-Agent": [
          "Microsoft.Azure.Management.Resources.ResourceManagementClient/2.0.0.0"
        ]
      },
      "ResponseBody": "",
      "ResponseHeaders": {
        "Content-Length": [
          "0"
        ],
        "Expires": [
          "-1"
        ],
        "Pragma": [
          "no-cache"
        ],
        "Retry-After": [
          "15"
        ],
        "x-ms-ratelimit-remaining-subscription-reads": [
          "14990"
        ],
        "x-ms-request-id": [
          "2cc93a96-1e65-4f86-a9e5-9a33167990d4"
        ],
        "x-ms-correlation-request-id": [
          "2cc93a96-1e65-4f86-a9e5-9a33167990d4"
        ],
        "x-ms-routing-request-id": [
          "WESTUS2:20180601T092100Z:2cc93a96-1e65-4f86-a9e5-9a33167990d4"
        ],
        "Strict-Transport-Security": [
          "max-age=31536000; includeSubDomains"
        ],
        "X-Content-Type-Options": [
          "nosniff"
        ],
        "Cache-Control": [
          "no-cache"
        ],
        "Date": [
          "Fri, 01 Jun 2018 09:21:00 GMT"
        ],
        "Location": [
          "https://management.azure.com/subscriptions/2e7fe4bd-90c7-454e-8bb6-dc44649f27b2/operationresults/eyJqb2JJZCI6IlJFU09VUkNFR1JPVVBERUxFVElPTkpPQi1QUzkwMDctV0VTVENFTlRSQUxVUyIsImpvYkxvY2F0aW9uIjoid2VzdGNlbnRyYWx1cyJ9?api-version=2016-02-01"
        ]
      },
      "StatusCode": 202
    },
    {
      "RequestUri": "/subscriptions/2e7fe4bd-90c7-454e-8bb6-dc44649f27b2/operationresults/eyJqb2JJZCI6IlJFU09VUkNFR1JPVVBERUxFVElPTkpPQi1QUzkwMDctV0VTVENFTlRSQUxVUyIsImpvYkxvY2F0aW9uIjoid2VzdGNlbnRyYWx1cyJ9?api-version=2016-02-01",
      "EncodedRequestUri": "L3N1YnNjcmlwdGlvbnMvMmU3ZmU0YmQtOTBjNy00NTRlLThiYjYtZGM0NDY0OWYyN2IyL29wZXJhdGlvbnJlc3VsdHMvZXlKcWIySkpaQ0k2SWxKRlUwOVZVa05GUjFKUFZWQkVSVXhGVkVsUFRrcFBRaTFRVXprd01EY3RWMFZUVkVORlRsUlNRVXhWVXlJc0ltcHZZa3h2WTJGMGFXOXVJam9pZDJWemRHTmxiblJ5WVd4MWN5Sjk/YXBpLXZlcnNpb249MjAxNi0wMi0wMQ==",
      "RequestMethod": "GET",
      "RequestBody": "",
      "RequestHeaders": {
        "x-ms-version": [
          "2016-02-01"
        ],
        "User-Agent": [
          "Microsoft.Azure.Management.Resources.ResourceManagementClient/2.0.0.0"
        ]
      },
      "ResponseBody": "",
      "ResponseHeaders": {
        "Content-Length": [
          "0"
        ],
        "Expires": [
          "-1"
        ],
        "Pragma": [
          "no-cache"
        ],
        "Retry-After": [
          "15"
        ],
        "x-ms-ratelimit-remaining-subscription-reads": [
          "14989"
        ],
        "x-ms-request-id": [
          "9a5b5422-24ed-47e8-bb91-f1f7efd5c7eb"
        ],
        "x-ms-correlation-request-id": [
          "9a5b5422-24ed-47e8-bb91-f1f7efd5c7eb"
        ],
        "x-ms-routing-request-id": [
          "WESTUS2:20180601T092116Z:9a5b5422-24ed-47e8-bb91-f1f7efd5c7eb"
        ],
        "Strict-Transport-Security": [
          "max-age=31536000; includeSubDomains"
        ],
        "X-Content-Type-Options": [
          "nosniff"
        ],
        "Cache-Control": [
          "no-cache"
        ],
        "Date": [
          "Fri, 01 Jun 2018 09:21:16 GMT"
        ],
        "Location": [
          "https://management.azure.com/subscriptions/2e7fe4bd-90c7-454e-8bb6-dc44649f27b2/operationresults/eyJqb2JJZCI6IlJFU09VUkNFR1JPVVBERUxFVElPTkpPQi1QUzkwMDctV0VTVENFTlRSQUxVUyIsImpvYkxvY2F0aW9uIjoid2VzdGNlbnRyYWx1cyJ9?api-version=2016-02-01"
        ]
      },
      "StatusCode": 202
    },
    {
      "RequestUri": "/subscriptions/2e7fe4bd-90c7-454e-8bb6-dc44649f27b2/operationresults/eyJqb2JJZCI6IlJFU09VUkNFR1JPVVBERUxFVElPTkpPQi1QUzkwMDctV0VTVENFTlRSQUxVUyIsImpvYkxvY2F0aW9uIjoid2VzdGNlbnRyYWx1cyJ9?api-version=2016-02-01",
      "EncodedRequestUri": "L3N1YnNjcmlwdGlvbnMvMmU3ZmU0YmQtOTBjNy00NTRlLThiYjYtZGM0NDY0OWYyN2IyL29wZXJhdGlvbnJlc3VsdHMvZXlKcWIySkpaQ0k2SWxKRlUwOVZVa05GUjFKUFZWQkVSVXhGVkVsUFRrcFBRaTFRVXprd01EY3RWMFZUVkVORlRsUlNRVXhWVXlJc0ltcHZZa3h2WTJGMGFXOXVJam9pZDJWemRHTmxiblJ5WVd4MWN5Sjk/YXBpLXZlcnNpb249MjAxNi0wMi0wMQ==",
      "RequestMethod": "GET",
      "RequestBody": "",
      "RequestHeaders": {
        "x-ms-version": [
          "2016-02-01"
        ],
        "User-Agent": [
          "Microsoft.Azure.Management.Resources.ResourceManagementClient/2.0.0.0"
        ]
      },
      "ResponseBody": "",
      "ResponseHeaders": {
        "Content-Length": [
          "0"
        ],
        "Expires": [
          "-1"
        ],
        "Pragma": [
          "no-cache"
        ],
        "Retry-After": [
          "15"
        ],
        "x-ms-ratelimit-remaining-subscription-reads": [
          "14988"
        ],
        "x-ms-request-id": [
          "a070bb0d-2343-4a2c-9e9c-7e38f5cc5128"
        ],
        "x-ms-correlation-request-id": [
          "a070bb0d-2343-4a2c-9e9c-7e38f5cc5128"
        ],
        "x-ms-routing-request-id": [
          "WESTUS2:20180601T092131Z:a070bb0d-2343-4a2c-9e9c-7e38f5cc5128"
        ],
        "Strict-Transport-Security": [
          "max-age=31536000; includeSubDomains"
        ],
        "X-Content-Type-Options": [
          "nosniff"
        ],
        "Cache-Control": [
          "no-cache"
        ],
        "Date": [
          "Fri, 01 Jun 2018 09:21:30 GMT"
        ],
        "Location": [
          "https://management.azure.com/subscriptions/2e7fe4bd-90c7-454e-8bb6-dc44649f27b2/operationresults/eyJqb2JJZCI6IlJFU09VUkNFR1JPVVBERUxFVElPTkpPQi1QUzkwMDctV0VTVENFTlRSQUxVUyIsImpvYkxvY2F0aW9uIjoid2VzdGNlbnRyYWx1cyJ9?api-version=2016-02-01"
        ]
      },
      "StatusCode": 202
    },
    {
      "RequestUri": "/subscriptions/2e7fe4bd-90c7-454e-8bb6-dc44649f27b2/operationresults/eyJqb2JJZCI6IlJFU09VUkNFR1JPVVBERUxFVElPTkpPQi1QUzkwMDctV0VTVENFTlRSQUxVUyIsImpvYkxvY2F0aW9uIjoid2VzdGNlbnRyYWx1cyJ9?api-version=2016-02-01",
      "EncodedRequestUri": "L3N1YnNjcmlwdGlvbnMvMmU3ZmU0YmQtOTBjNy00NTRlLThiYjYtZGM0NDY0OWYyN2IyL29wZXJhdGlvbnJlc3VsdHMvZXlKcWIySkpaQ0k2SWxKRlUwOVZVa05GUjFKUFZWQkVSVXhGVkVsUFRrcFBRaTFRVXprd01EY3RWMFZUVkVORlRsUlNRVXhWVXlJc0ltcHZZa3h2WTJGMGFXOXVJam9pZDJWemRHTmxiblJ5WVd4MWN5Sjk/YXBpLXZlcnNpb249MjAxNi0wMi0wMQ==",
      "RequestMethod": "GET",
      "RequestBody": "",
      "RequestHeaders": {
        "x-ms-version": [
          "2016-02-01"
        ],
        "User-Agent": [
          "Microsoft.Azure.Management.Resources.ResourceManagementClient/2.0.0.0"
        ]
      },
      "ResponseBody": "",
      "ResponseHeaders": {
        "Content-Length": [
          "0"
        ],
        "Expires": [
          "-1"
        ],
        "Pragma": [
          "no-cache"
        ],
        "Retry-After": [
          "15"
        ],
        "x-ms-ratelimit-remaining-subscription-reads": [
          "14987"
        ],
        "x-ms-request-id": [
          "c108018b-6c97-4385-bcdd-56386e112ebb"
        ],
        "x-ms-correlation-request-id": [
          "c108018b-6c97-4385-bcdd-56386e112ebb"
        ],
        "x-ms-routing-request-id": [
          "WESTUS2:20180601T092146Z:c108018b-6c97-4385-bcdd-56386e112ebb"
        ],
        "Strict-Transport-Security": [
          "max-age=31536000; includeSubDomains"
        ],
        "X-Content-Type-Options": [
          "nosniff"
        ],
        "Cache-Control": [
          "no-cache"
        ],
        "Date": [
          "Fri, 01 Jun 2018 09:21:45 GMT"
        ],
        "Location": [
          "https://management.azure.com/subscriptions/2e7fe4bd-90c7-454e-8bb6-dc44649f27b2/operationresults/eyJqb2JJZCI6IlJFU09VUkNFR1JPVVBERUxFVElPTkpPQi1QUzkwMDctV0VTVENFTlRSQUxVUyIsImpvYkxvY2F0aW9uIjoid2VzdGNlbnRyYWx1cyJ9?api-version=2016-02-01"
        ]
      },
      "StatusCode": 202
    },
    {
      "RequestUri": "/subscriptions/2e7fe4bd-90c7-454e-8bb6-dc44649f27b2/operationresults/eyJqb2JJZCI6IlJFU09VUkNFR1JPVVBERUxFVElPTkpPQi1QUzkwMDctV0VTVENFTlRSQUxVUyIsImpvYkxvY2F0aW9uIjoid2VzdGNlbnRyYWx1cyJ9?api-version=2016-02-01",
      "EncodedRequestUri": "L3N1YnNjcmlwdGlvbnMvMmU3ZmU0YmQtOTBjNy00NTRlLThiYjYtZGM0NDY0OWYyN2IyL29wZXJhdGlvbnJlc3VsdHMvZXlKcWIySkpaQ0k2SWxKRlUwOVZVa05GUjFKUFZWQkVSVXhGVkVsUFRrcFBRaTFRVXprd01EY3RWMFZUVkVORlRsUlNRVXhWVXlJc0ltcHZZa3h2WTJGMGFXOXVJam9pZDJWemRHTmxiblJ5WVd4MWN5Sjk/YXBpLXZlcnNpb249MjAxNi0wMi0wMQ==",
      "RequestMethod": "GET",
      "RequestBody": "",
      "RequestHeaders": {
        "x-ms-version": [
          "2016-02-01"
        ],
        "User-Agent": [
          "Microsoft.Azure.Management.Resources.ResourceManagementClient/2.0.0.0"
        ]
      },
      "ResponseBody": "",
      "ResponseHeaders": {
        "Content-Length": [
          "0"
        ],
        "Expires": [
          "-1"
        ],
        "Pragma": [
          "no-cache"
        ],
        "Retry-After": [
          "15"
        ],
        "x-ms-ratelimit-remaining-subscription-reads": [
          "14986"
        ],
        "x-ms-request-id": [
          "3f36ba00-c665-46e5-899e-eb2f37a12f6d"
        ],
        "x-ms-correlation-request-id": [
          "3f36ba00-c665-46e5-899e-eb2f37a12f6d"
        ],
        "x-ms-routing-request-id": [
          "WESTUS2:20180601T092201Z:3f36ba00-c665-46e5-899e-eb2f37a12f6d"
        ],
        "Strict-Transport-Security": [
          "max-age=31536000; includeSubDomains"
        ],
        "X-Content-Type-Options": [
          "nosniff"
        ],
        "Cache-Control": [
          "no-cache"
        ],
        "Date": [
          "Fri, 01 Jun 2018 09:22:01 GMT"
        ],
        "Location": [
          "https://management.azure.com/subscriptions/2e7fe4bd-90c7-454e-8bb6-dc44649f27b2/operationresults/eyJqb2JJZCI6IlJFU09VUkNFR1JPVVBERUxFVElPTkpPQi1QUzkwMDctV0VTVENFTlRSQUxVUyIsImpvYkxvY2F0aW9uIjoid2VzdGNlbnRyYWx1cyJ9?api-version=2016-02-01"
        ]
      },
      "StatusCode": 202
    },
    {
      "RequestUri": "/subscriptions/2e7fe4bd-90c7-454e-8bb6-dc44649f27b2/operationresults/eyJqb2JJZCI6IlJFU09VUkNFR1JPVVBERUxFVElPTkpPQi1QUzkwMDctV0VTVENFTlRSQUxVUyIsImpvYkxvY2F0aW9uIjoid2VzdGNlbnRyYWx1cyJ9?api-version=2016-02-01",
      "EncodedRequestUri": "L3N1YnNjcmlwdGlvbnMvMmU3ZmU0YmQtOTBjNy00NTRlLThiYjYtZGM0NDY0OWYyN2IyL29wZXJhdGlvbnJlc3VsdHMvZXlKcWIySkpaQ0k2SWxKRlUwOVZVa05GUjFKUFZWQkVSVXhGVkVsUFRrcFBRaTFRVXprd01EY3RWMFZUVkVORlRsUlNRVXhWVXlJc0ltcHZZa3h2WTJGMGFXOXVJam9pZDJWemRHTmxiblJ5WVd4MWN5Sjk/YXBpLXZlcnNpb249MjAxNi0wMi0wMQ==",
      "RequestMethod": "GET",
      "RequestBody": "",
      "RequestHeaders": {
        "x-ms-version": [
          "2016-02-01"
        ],
        "User-Agent": [
          "Microsoft.Azure.Management.Resources.ResourceManagementClient/2.0.0.0"
        ]
      },
      "ResponseBody": "",
      "ResponseHeaders": {
        "Content-Length": [
          "0"
        ],
        "Expires": [
          "-1"
        ],
        "Pragma": [
          "no-cache"
        ],
        "Retry-After": [
          "15"
        ],
        "x-ms-ratelimit-remaining-subscription-reads": [
          "14985"
        ],
        "x-ms-request-id": [
          "9fa9a055-5500-4bd0-9ffa-13ad62562cad"
        ],
        "x-ms-correlation-request-id": [
          "9fa9a055-5500-4bd0-9ffa-13ad62562cad"
        ],
        "x-ms-routing-request-id": [
          "WESTUS2:20180601T092216Z:9fa9a055-5500-4bd0-9ffa-13ad62562cad"
        ],
        "Strict-Transport-Security": [
          "max-age=31536000; includeSubDomains"
        ],
        "X-Content-Type-Options": [
          "nosniff"
        ],
        "Cache-Control": [
          "no-cache"
        ],
        "Date": [
          "Fri, 01 Jun 2018 09:22:15 GMT"
        ],
        "Location": [
          "https://management.azure.com/subscriptions/2e7fe4bd-90c7-454e-8bb6-dc44649f27b2/operationresults/eyJqb2JJZCI6IlJFU09VUkNFR1JPVVBERUxFVElPTkpPQi1QUzkwMDctV0VTVENFTlRSQUxVUyIsImpvYkxvY2F0aW9uIjoid2VzdGNlbnRyYWx1cyJ9?api-version=2016-02-01"
        ]
      },
      "StatusCode": 202
    },
    {
      "RequestUri": "/subscriptions/2e7fe4bd-90c7-454e-8bb6-dc44649f27b2/operationresults/eyJqb2JJZCI6IlJFU09VUkNFR1JPVVBERUxFVElPTkpPQi1QUzkwMDctV0VTVENFTlRSQUxVUyIsImpvYkxvY2F0aW9uIjoid2VzdGNlbnRyYWx1cyJ9?api-version=2016-02-01",
      "EncodedRequestUri": "L3N1YnNjcmlwdGlvbnMvMmU3ZmU0YmQtOTBjNy00NTRlLThiYjYtZGM0NDY0OWYyN2IyL29wZXJhdGlvbnJlc3VsdHMvZXlKcWIySkpaQ0k2SWxKRlUwOVZVa05GUjFKUFZWQkVSVXhGVkVsUFRrcFBRaTFRVXprd01EY3RWMFZUVkVORlRsUlNRVXhWVXlJc0ltcHZZa3h2WTJGMGFXOXVJam9pZDJWemRHTmxiblJ5WVd4MWN5Sjk/YXBpLXZlcnNpb249MjAxNi0wMi0wMQ==",
      "RequestMethod": "GET",
      "RequestBody": "",
      "RequestHeaders": {
        "x-ms-version": [
          "2016-02-01"
        ],
        "User-Agent": [
          "Microsoft.Azure.Management.Resources.ResourceManagementClient/2.0.0.0"
        ]
      },
      "ResponseBody": "",
      "ResponseHeaders": {
        "Content-Length": [
          "0"
        ],
        "Expires": [
          "-1"
        ],
        "Pragma": [
          "no-cache"
        ],
        "Retry-After": [
          "15"
        ],
        "x-ms-ratelimit-remaining-subscription-reads": [
          "14984"
        ],
        "x-ms-request-id": [
          "4015f16d-96d3-42bf-9175-69d8254868aa"
        ],
        "x-ms-correlation-request-id": [
          "4015f16d-96d3-42bf-9175-69d8254868aa"
        ],
        "x-ms-routing-request-id": [
          "WESTUS2:20180601T092231Z:4015f16d-96d3-42bf-9175-69d8254868aa"
        ],
        "Strict-Transport-Security": [
          "max-age=31536000; includeSubDomains"
        ],
        "X-Content-Type-Options": [
          "nosniff"
        ],
        "Cache-Control": [
          "no-cache"
        ],
        "Date": [
          "Fri, 01 Jun 2018 09:22:30 GMT"
        ],
        "Location": [
          "https://management.azure.com/subscriptions/2e7fe4bd-90c7-454e-8bb6-dc44649f27b2/operationresults/eyJqb2JJZCI6IlJFU09VUkNFR1JPVVBERUxFVElPTkpPQi1QUzkwMDctV0VTVENFTlRSQUxVUyIsImpvYkxvY2F0aW9uIjoid2VzdGNlbnRyYWx1cyJ9?api-version=2016-02-01"
        ]
      },
      "StatusCode": 202
    },
    {
      "RequestUri": "/subscriptions/2e7fe4bd-90c7-454e-8bb6-dc44649f27b2/operationresults/eyJqb2JJZCI6IlJFU09VUkNFR1JPVVBERUxFVElPTkpPQi1QUzkwMDctV0VTVENFTlRSQUxVUyIsImpvYkxvY2F0aW9uIjoid2VzdGNlbnRyYWx1cyJ9?api-version=2016-02-01",
      "EncodedRequestUri": "L3N1YnNjcmlwdGlvbnMvMmU3ZmU0YmQtOTBjNy00NTRlLThiYjYtZGM0NDY0OWYyN2IyL29wZXJhdGlvbnJlc3VsdHMvZXlKcWIySkpaQ0k2SWxKRlUwOVZVa05GUjFKUFZWQkVSVXhGVkVsUFRrcFBRaTFRVXprd01EY3RWMFZUVkVORlRsUlNRVXhWVXlJc0ltcHZZa3h2WTJGMGFXOXVJam9pZDJWemRHTmxiblJ5WVd4MWN5Sjk/YXBpLXZlcnNpb249MjAxNi0wMi0wMQ==",
      "RequestMethod": "GET",
      "RequestBody": "",
      "RequestHeaders": {
        "x-ms-version": [
          "2016-02-01"
        ],
        "User-Agent": [
          "Microsoft.Azure.Management.Resources.ResourceManagementClient/2.0.0.0"
        ]
      },
      "ResponseBody": "",
      "ResponseHeaders": {
        "Content-Length": [
          "0"
        ],
        "Expires": [
          "-1"
        ],
        "Pragma": [
          "no-cache"
        ],
        "Retry-After": [
          "15"
        ],
        "x-ms-ratelimit-remaining-subscription-reads": [
          "14983"
        ],
        "x-ms-request-id": [
          "bd3add2c-cecb-4132-b949-8b4ea0a693a1"
        ],
        "x-ms-correlation-request-id": [
          "bd3add2c-cecb-4132-b949-8b4ea0a693a1"
        ],
        "x-ms-routing-request-id": [
          "WESTUS2:20180601T092246Z:bd3add2c-cecb-4132-b949-8b4ea0a693a1"
        ],
        "Strict-Transport-Security": [
          "max-age=31536000; includeSubDomains"
        ],
        "X-Content-Type-Options": [
          "nosniff"
        ],
        "Cache-Control": [
          "no-cache"
        ],
        "Date": [
          "Fri, 01 Jun 2018 09:22:46 GMT"
        ],
        "Location": [
          "https://management.azure.com/subscriptions/2e7fe4bd-90c7-454e-8bb6-dc44649f27b2/operationresults/eyJqb2JJZCI6IlJFU09VUkNFR1JPVVBERUxFVElPTkpPQi1QUzkwMDctV0VTVENFTlRSQUxVUyIsImpvYkxvY2F0aW9uIjoid2VzdGNlbnRyYWx1cyJ9?api-version=2016-02-01"
        ]
      },
      "StatusCode": 202
    },
    {
      "RequestUri": "/subscriptions/2e7fe4bd-90c7-454e-8bb6-dc44649f27b2/operationresults/eyJqb2JJZCI6IlJFU09VUkNFR1JPVVBERUxFVElPTkpPQi1QUzkwMDctV0VTVENFTlRSQUxVUyIsImpvYkxvY2F0aW9uIjoid2VzdGNlbnRyYWx1cyJ9?api-version=2016-02-01",
      "EncodedRequestUri": "L3N1YnNjcmlwdGlvbnMvMmU3ZmU0YmQtOTBjNy00NTRlLThiYjYtZGM0NDY0OWYyN2IyL29wZXJhdGlvbnJlc3VsdHMvZXlKcWIySkpaQ0k2SWxKRlUwOVZVa05GUjFKUFZWQkVSVXhGVkVsUFRrcFBRaTFRVXprd01EY3RWMFZUVkVORlRsUlNRVXhWVXlJc0ltcHZZa3h2WTJGMGFXOXVJam9pZDJWemRHTmxiblJ5WVd4MWN5Sjk/YXBpLXZlcnNpb249MjAxNi0wMi0wMQ==",
      "RequestMethod": "GET",
      "RequestBody": "",
      "RequestHeaders": {
        "x-ms-version": [
          "2016-02-01"
        ],
        "User-Agent": [
          "Microsoft.Azure.Management.Resources.ResourceManagementClient/2.0.0.0"
        ]
      },
      "ResponseBody": "",
      "ResponseHeaders": {
        "Content-Length": [
          "0"
        ],
        "Expires": [
          "-1"
        ],
        "Pragma": [
          "no-cache"
        ],
        "Retry-After": [
          "15"
        ],
        "x-ms-ratelimit-remaining-subscription-reads": [
          "14982"
        ],
        "x-ms-request-id": [
          "bb4fe720-a658-42f9-9326-f6265ae35b73"
        ],
        "x-ms-correlation-request-id": [
          "bb4fe720-a658-42f9-9326-f6265ae35b73"
        ],
        "x-ms-routing-request-id": [
          "WESTUS2:20180601T092301Z:bb4fe720-a658-42f9-9326-f6265ae35b73"
        ],
        "Strict-Transport-Security": [
          "max-age=31536000; includeSubDomains"
        ],
        "X-Content-Type-Options": [
          "nosniff"
        ],
        "Cache-Control": [
          "no-cache"
        ],
        "Date": [
          "Fri, 01 Jun 2018 09:23:01 GMT"
        ],
        "Location": [
          "https://management.azure.com/subscriptions/2e7fe4bd-90c7-454e-8bb6-dc44649f27b2/operationresults/eyJqb2JJZCI6IlJFU09VUkNFR1JPVVBERUxFVElPTkpPQi1QUzkwMDctV0VTVENFTlRSQUxVUyIsImpvYkxvY2F0aW9uIjoid2VzdGNlbnRyYWx1cyJ9?api-version=2016-02-01"
        ]
      },
      "StatusCode": 202
    },
    {
      "RequestUri": "/subscriptions/2e7fe4bd-90c7-454e-8bb6-dc44649f27b2/operationresults/eyJqb2JJZCI6IlJFU09VUkNFR1JPVVBERUxFVElPTkpPQi1QUzkwMDctV0VTVENFTlRSQUxVUyIsImpvYkxvY2F0aW9uIjoid2VzdGNlbnRyYWx1cyJ9?api-version=2016-02-01",
      "EncodedRequestUri": "L3N1YnNjcmlwdGlvbnMvMmU3ZmU0YmQtOTBjNy00NTRlLThiYjYtZGM0NDY0OWYyN2IyL29wZXJhdGlvbnJlc3VsdHMvZXlKcWIySkpaQ0k2SWxKRlUwOVZVa05GUjFKUFZWQkVSVXhGVkVsUFRrcFBRaTFRVXprd01EY3RWMFZUVkVORlRsUlNRVXhWVXlJc0ltcHZZa3h2WTJGMGFXOXVJam9pZDJWemRHTmxiblJ5WVd4MWN5Sjk/YXBpLXZlcnNpb249MjAxNi0wMi0wMQ==",
      "RequestMethod": "GET",
      "RequestBody": "",
      "RequestHeaders": {
        "x-ms-version": [
          "2016-02-01"
        ],
        "User-Agent": [
          "Microsoft.Azure.Management.Resources.ResourceManagementClient/2.0.0.0"
        ]
      },
      "ResponseBody": "",
      "ResponseHeaders": {
        "Content-Length": [
          "0"
        ],
        "Expires": [
          "-1"
        ],
        "Pragma": [
          "no-cache"
        ],
        "Retry-After": [
          "15"
        ],
        "x-ms-ratelimit-remaining-subscription-reads": [
          "14981"
        ],
        "x-ms-request-id": [
          "f87e9ee6-c7cf-4861-8bd1-b7de669b83bf"
        ],
        "x-ms-correlation-request-id": [
          "f87e9ee6-c7cf-4861-8bd1-b7de669b83bf"
        ],
        "x-ms-routing-request-id": [
          "WESTUS2:20180601T092316Z:f87e9ee6-c7cf-4861-8bd1-b7de669b83bf"
        ],
        "Strict-Transport-Security": [
          "max-age=31536000; includeSubDomains"
        ],
        "X-Content-Type-Options": [
          "nosniff"
        ],
        "Cache-Control": [
          "no-cache"
        ],
        "Date": [
          "Fri, 01 Jun 2018 09:23:16 GMT"
        ],
        "Location": [
          "https://management.azure.com/subscriptions/2e7fe4bd-90c7-454e-8bb6-dc44649f27b2/operationresults/eyJqb2JJZCI6IlJFU09VUkNFR1JPVVBERUxFVElPTkpPQi1QUzkwMDctV0VTVENFTlRSQUxVUyIsImpvYkxvY2F0aW9uIjoid2VzdGNlbnRyYWx1cyJ9?api-version=2016-02-01"
        ]
      },
      "StatusCode": 202
    },
    {
      "RequestUri": "/subscriptions/2e7fe4bd-90c7-454e-8bb6-dc44649f27b2/operationresults/eyJqb2JJZCI6IlJFU09VUkNFR1JPVVBERUxFVElPTkpPQi1QUzkwMDctV0VTVENFTlRSQUxVUyIsImpvYkxvY2F0aW9uIjoid2VzdGNlbnRyYWx1cyJ9?api-version=2016-02-01",
      "EncodedRequestUri": "L3N1YnNjcmlwdGlvbnMvMmU3ZmU0YmQtOTBjNy00NTRlLThiYjYtZGM0NDY0OWYyN2IyL29wZXJhdGlvbnJlc3VsdHMvZXlKcWIySkpaQ0k2SWxKRlUwOVZVa05GUjFKUFZWQkVSVXhGVkVsUFRrcFBRaTFRVXprd01EY3RWMFZUVkVORlRsUlNRVXhWVXlJc0ltcHZZa3h2WTJGMGFXOXVJam9pZDJWemRHTmxiblJ5WVd4MWN5Sjk/YXBpLXZlcnNpb249MjAxNi0wMi0wMQ==",
      "RequestMethod": "GET",
      "RequestBody": "",
      "RequestHeaders": {
        "x-ms-version": [
          "2016-02-01"
        ],
        "User-Agent": [
          "Microsoft.Azure.Management.Resources.ResourceManagementClient/2.0.0.0"
        ]
      },
      "ResponseBody": "",
      "ResponseHeaders": {
        "Content-Length": [
          "0"
        ],
        "Expires": [
          "-1"
        ],
        "Pragma": [
          "no-cache"
        ],
        "Retry-After": [
          "15"
        ],
        "x-ms-ratelimit-remaining-subscription-reads": [
          "14980"
        ],
        "x-ms-request-id": [
          "2a87fac5-2aa2-4f19-8439-6903d1065d80"
        ],
        "x-ms-correlation-request-id": [
          "2a87fac5-2aa2-4f19-8439-6903d1065d80"
        ],
        "x-ms-routing-request-id": [
          "WESTUS2:20180601T092331Z:2a87fac5-2aa2-4f19-8439-6903d1065d80"
        ],
        "Strict-Transport-Security": [
          "max-age=31536000; includeSubDomains"
        ],
        "X-Content-Type-Options": [
          "nosniff"
        ],
        "Cache-Control": [
          "no-cache"
        ],
        "Date": [
          "Fri, 01 Jun 2018 09:23:31 GMT"
        ],
        "Location": [
          "https://management.azure.com/subscriptions/2e7fe4bd-90c7-454e-8bb6-dc44649f27b2/operationresults/eyJqb2JJZCI6IlJFU09VUkNFR1JPVVBERUxFVElPTkpPQi1QUzkwMDctV0VTVENFTlRSQUxVUyIsImpvYkxvY2F0aW9uIjoid2VzdGNlbnRyYWx1cyJ9?api-version=2016-02-01"
        ]
      },
      "StatusCode": 202
    },
    {
      "RequestUri": "/subscriptions/2e7fe4bd-90c7-454e-8bb6-dc44649f27b2/operationresults/eyJqb2JJZCI6IlJFU09VUkNFR1JPVVBERUxFVElPTkpPQi1QUzkwMDctV0VTVENFTlRSQUxVUyIsImpvYkxvY2F0aW9uIjoid2VzdGNlbnRyYWx1cyJ9?api-version=2016-02-01",
      "EncodedRequestUri": "L3N1YnNjcmlwdGlvbnMvMmU3ZmU0YmQtOTBjNy00NTRlLThiYjYtZGM0NDY0OWYyN2IyL29wZXJhdGlvbnJlc3VsdHMvZXlKcWIySkpaQ0k2SWxKRlUwOVZVa05GUjFKUFZWQkVSVXhGVkVsUFRrcFBRaTFRVXprd01EY3RWMFZUVkVORlRsUlNRVXhWVXlJc0ltcHZZa3h2WTJGMGFXOXVJam9pZDJWemRHTmxiblJ5WVd4MWN5Sjk/YXBpLXZlcnNpb249MjAxNi0wMi0wMQ==",
      "RequestMethod": "GET",
      "RequestBody": "",
      "RequestHeaders": {
        "x-ms-version": [
          "2016-02-01"
        ],
        "User-Agent": [
          "Microsoft.Azure.Management.Resources.ResourceManagementClient/2.0.0.0"
        ]
      },
      "ResponseBody": "",
      "ResponseHeaders": {
        "Content-Length": [
          "0"
        ],
        "Expires": [
          "-1"
        ],
        "Pragma": [
          "no-cache"
        ],
        "x-ms-ratelimit-remaining-subscription-reads": [
          "14972"
        ],
        "x-ms-request-id": [
          "1ed97993-8ba7-44e4-8ab5-c33542908757"
        ],
        "x-ms-correlation-request-id": [
          "1ed97993-8ba7-44e4-8ab5-c33542908757"
        ],
        "x-ms-routing-request-id": [
          "WESTUS2:20180601T092347Z:1ed97993-8ba7-44e4-8ab5-c33542908757"
        ],
        "Strict-Transport-Security": [
          "max-age=31536000; includeSubDomains"
        ],
        "X-Content-Type-Options": [
          "nosniff"
        ],
        "Cache-Control": [
          "no-cache"
        ],
        "Date": [
          "Fri, 01 Jun 2018 09:23:46 GMT"
        ]
      },
      "StatusCode": 200
    }
  ],
  "Names": {
    "Test-StopJob": [
      "ps9007",
      "ps2956",
      "ps2869",
      "ps9222",
      "ps2193",
      "ps7825",
      "ps1927",
      "ps3615",
      "ps5200"
    ]
  },
  "Variables": {
    "SubscriptionId": "2e7fe4bd-90c7-454e-8bb6-dc44649f27b2",
    "User": "joke@microsoft.com",
    "TenantId": "72f988bf-86f1-41af-91ab-2d7cd011db47"
  }
}