{
  "Entries": [
    {
      "RequestUri": "/subscriptions/55f3dcd4-cac7-43b4-990b-a139d62a1eb2/resourcegroups/RGName-ps3361?api-version=2016-09-01",
      "EncodedRequestUri": "L3N1YnNjcmlwdGlvbnMvNTVmM2RjZDQtY2FjNy00M2I0LTk5MGItYTEzOWQ2MmExZWIyL3Jlc291cmNlZ3JvdXBzL1JHTmFtZS1wczMzNjE/YXBpLXZlcnNpb249MjAxNi0wOS0wMQ==",
      "RequestMethod": "PUT",
      "RequestBody": "{\r\n  \"location\": \"westus2\"\r\n}",
      "RequestHeaders": {
        "x-ms-client-request-id": [
          "b4ef0280-79da-497d-a722-5168c63c5c24"
        ],
        "Accept-Language": [
          "en-US"
        ],
        "User-Agent": [
          "FxVersion/4.6.27019.06",
          "OSName/Windows",
          "OSVersion/Microsoft.Windows.10.0.17763.",
          "Microsoft.Azure.Management.Internal.Resources.ResourceManagementClient/1.1.11"
        ],
        "Content-Type": [
          "application/json; charset=utf-8"
        ],
        "Content-Length": [
          "29"
        ]
      },
      "ResponseHeaders": {
        "Cache-Control": [
          "no-cache"
        ],
        "Pragma": [
          "no-cache"
        ],
        "x-ms-ratelimit-remaining-subscription-writes": [
          "1199"
        ],
        "x-ms-request-id": [
          "8a178e9d-541d-4d3d-a126-d0ae3c317990"
        ],
        "x-ms-correlation-request-id": [
          "8a178e9d-541d-4d3d-a126-d0ae3c317990"
        ],
        "x-ms-routing-request-id": [
          "WESTUS2:20181220T122425Z:8a178e9d-541d-4d3d-a126-d0ae3c317990"
        ],
        "Strict-Transport-Security": [
          "max-age=31536000; includeSubDomains"
        ],
        "X-Content-Type-Options": [
          "nosniff"
        ],
        "Date": [
          "Thu, 20 Dec 2018 12:24:25 GMT"
        ],
        "Content-Length": [
          "180"
        ],
        "Content-Type": [
          "application/json; charset=utf-8"
        ],
        "Expires": [
          "-1"
        ]
      },
      "ResponseBody": "{\r\n  \"id\": \"/subscriptions/55f3dcd4-cac7-43b4-990b-a139d62a1eb2/resourceGroups/RGName-ps3361\",\r\n  \"name\": \"RGName-ps3361\",\r\n  \"location\": \"westus2\",\r\n  \"properties\": {\r\n    \"provisioningState\": \"Succeeded\"\r\n  }\r\n}",
      "StatusCode": 201
    },
    {
      "RequestUri": "/subscriptions/55f3dcd4-cac7-43b4-990b-a139d62a1eb2/resourceGroups/RGName-ps3361/providers/Microsoft.EventGrid/topics/PSTestTopic-ps3718?api-version=2019-01-01",
      "EncodedRequestUri": "L3N1YnNjcmlwdGlvbnMvNTVmM2RjZDQtY2FjNy00M2I0LTk5MGItYTEzOWQ2MmExZWIyL3Jlc291cmNlR3JvdXBzL1JHTmFtZS1wczMzNjEvcHJvdmlkZXJzL01pY3Jvc29mdC5FdmVudEdyaWQvdG9waWNzL1BTVGVzdFRvcGljLXBzMzcxOD9hcGktdmVyc2lvbj0yMDE5LTAxLTAx",
      "RequestMethod": "PUT",
      "RequestBody": "{\r\n  \"location\": \"westus2\"\r\n}",
      "RequestHeaders": {
        "x-ms-client-request-id": [
          "13608b89-a3d6-4537-a6bd-d70dc1f5f234"
        ],
        "Accept-Language": [
          "en-US"
        ],
        "User-Agent": [
          "FxVersion/4.6.27019.06",
          "OSName/Windows",
          "OSVersion/Microsoft.Windows.10.0.17763.",
          "Microsoft.Azure.Management.EventGrid.EventGridManagementClient/4.0.0.0"
        ],
        "Content-Type": [
          "application/json; charset=utf-8"
        ],
        "Content-Length": [
          "29"
        ]
      },
      "ResponseHeaders": {
        "Cache-Control": [
          "no-cache"
        ],
        "Pragma": [
          "no-cache"
        ],
        "Retry-After": [
          "10"
        ],
        "Strict-Transport-Security": [
          "max-age=31536000; includeSubDomains"
        ],
        "Azure-AsyncOperation": [
          "https://management.azure.com:443/subscriptions/55f3dcd4-cac7-43b4-990b-a139d62a1eb2/providers/Microsoft.EventGrid/locations/westus2/operationsStatus/BF9EC005-1224-4579-AEE3-4108473A7C86?api-version=2019-01-01"
        ],
        "x-ms-request-id": [
          "b56c6ed7-67ff-41e5-8fb2-fe691818fa31"
        ],
        "Server": [
          "Microsoft-HTTPAPI/2.0"
        ],
        "x-ms-ratelimit-remaining-subscription-writes": [
          "1196"
        ],
        "x-ms-correlation-request-id": [
          "9906af6e-9187-4625-9da2-5de6e9a9b2b4"
        ],
        "x-ms-routing-request-id": [
          "WESTUS2:20181220T122427Z:9906af6e-9187-4625-9da2-5de6e9a9b2b4"
        ],
        "X-Content-Type-Options": [
          "nosniff"
        ],
        "Date": [
          "Thu, 20 Dec 2018 12:24:26 GMT"
        ],
        "Content-Length": [
          "304"
        ],
        "Content-Type": [
          "application/json; charset=utf-8"
        ],
        "Expires": [
          "-1"
        ]
      },
      "ResponseBody": "{\r\n  \"properties\": {\r\n    \"provisioningState\": \"Creating\",\r\n    \"endpoint\": null\r\n  },\r\n  \"location\": \"westus2\",\r\n  \"tags\": null,\r\n  \"id\": \"/subscriptions/55f3dcd4-cac7-43b4-990b-a139d62a1eb2/resourceGroups/RGName-ps3361/providers/Microsoft.EventGrid/topics/PSTestTopic-ps3718\",\r\n  \"name\": \"PSTestTopic-ps3718\",\r\n  \"type\": \"Microsoft.EventGrid/topics\"\r\n}",
      "StatusCode": 201
    },
    {
      "RequestUri": "/subscriptions/55f3dcd4-cac7-43b4-990b-a139d62a1eb2/providers/Microsoft.EventGrid/locations/westus2/operationsStatus/BF9EC005-1224-4579-AEE3-4108473A7C86?api-version=2019-01-01",
      "EncodedRequestUri": "L3N1YnNjcmlwdGlvbnMvNTVmM2RjZDQtY2FjNy00M2I0LTk5MGItYTEzOWQ2MmExZWIyL3Byb3ZpZGVycy9NaWNyb3NvZnQuRXZlbnRHcmlkL2xvY2F0aW9ucy93ZXN0dXMyL29wZXJhdGlvbnNTdGF0dXMvQkY5RUMwMDUtMTIyNC00NTc5LUFFRTMtNDEwODQ3M0E3Qzg2P2FwaS12ZXJzaW9uPTIwMTktMDEtMDE=",
      "RequestMethod": "GET",
      "RequestBody": "",
      "RequestHeaders": {
        "User-Agent": [
          "FxVersion/4.6.27019.06",
          "OSName/Windows",
          "OSVersion/Microsoft.Windows.10.0.17763.",
          "Microsoft.Azure.Management.EventGrid.EventGridManagementClient/4.0.0.0"
        ]
      },
      "ResponseHeaders": {
        "Cache-Control": [
          "no-cache"
        ],
        "Pragma": [
          "no-cache"
        ],
        "Strict-Transport-Security": [
          "max-age=31536000; includeSubDomains"
        ],
        "x-ms-request-id": [
          "85b7682e-4413-4eab-86e2-be288bd24210"
        ],
        "Server": [
          "Microsoft-HTTPAPI/2.0"
        ],
        "x-ms-ratelimit-remaining-subscription-reads": [
          "11993"
        ],
        "x-ms-correlation-request-id": [
          "f28b4909-0e05-49fd-ac5b-1d28c7048d5b"
        ],
        "x-ms-routing-request-id": [
          "WESTUS2:20181220T122437Z:f28b4909-0e05-49fd-ac5b-1d28c7048d5b"
        ],
        "X-Content-Type-Options": [
          "nosniff"
        ],
        "Date": [
          "Thu, 20 Dec 2018 12:24:37 GMT"
        ],
        "Content-Length": [
          "280"
        ],
        "Content-Type": [
          "application/json; charset=utf-8"
        ],
        "Expires": [
          "-1"
        ]
      },
      "ResponseBody": "{\r\n  \"id\": \"https://management.azure.com/subscriptions/55f3dcd4-cac7-43b4-990b-a139d62a1eb2/providers/Microsoft.EventGrid/locations/westus2/operationsStatus/BF9EC005-1224-4579-AEE3-4108473A7C86?api-version=2019-01-01\",\r\n  \"name\": \"bf9ec005-1224-4579-aee3-4108473a7c86\",\r\n  \"status\": \"Succeeded\"\r\n}",
      "StatusCode": 200
    },
    {
      "RequestUri": "/subscriptions/55f3dcd4-cac7-43b4-990b-a139d62a1eb2/resourceGroups/RGName-ps3361/providers/Microsoft.EventGrid/topics/PSTestTopic-ps3718?api-version=2019-01-01",
      "EncodedRequestUri": "L3N1YnNjcmlwdGlvbnMvNTVmM2RjZDQtY2FjNy00M2I0LTk5MGItYTEzOWQ2MmExZWIyL3Jlc291cmNlR3JvdXBzL1JHTmFtZS1wczMzNjEvcHJvdmlkZXJzL01pY3Jvc29mdC5FdmVudEdyaWQvdG9waWNzL1BTVGVzdFRvcGljLXBzMzcxOD9hcGktdmVyc2lvbj0yMDE5LTAxLTAx",
      "RequestMethod": "GET",
      "RequestBody": "",
      "RequestHeaders": {
        "User-Agent": [
          "FxVersion/4.6.27019.06",
          "OSName/Windows",
          "OSVersion/Microsoft.Windows.10.0.17763.",
          "Microsoft.Azure.Management.EventGrid.EventGridManagementClient/4.0.0.0"
        ]
      },
      "ResponseHeaders": {
        "Cache-Control": [
          "no-cache"
        ],
        "Pragma": [
          "no-cache"
        ],
        "Strict-Transport-Security": [
          "max-age=31536000; includeSubDomains"
        ],
        "x-ms-request-id": [
          "9a859d42-136b-4f6c-841a-207f8b27539d"
        ],
        "Server": [
          "Microsoft-HTTPAPI/2.0"
        ],
        "x-ms-ratelimit-remaining-subscription-reads": [
          "11992"
        ],
        "x-ms-correlation-request-id": [
          "a5d9da77-e4d1-4f12-9029-cdeab2c2da98"
        ],
        "x-ms-routing-request-id": [
          "WESTUS2:20181220T122437Z:a5d9da77-e4d1-4f12-9029-cdeab2c2da98"
        ],
        "X-Content-Type-Options": [
          "nosniff"
        ],
        "Date": [
          "Thu, 20 Dec 2018 12:24:37 GMT"
        ],
        "Content-Length": [
          "402"
        ],
        "Content-Type": [
          "application/json; charset=utf-8"
        ],
        "Expires": [
          "-1"
        ]
      },
      "ResponseBody": "{\r\n  \"properties\": {\r\n    \"provisioningState\": \"Succeeded\",\r\n    \"endpoint\": \"https://pstesttopic-ps3718.westus2-1.eventgrid.azure.net/api/events\",\r\n    \"inputSchema\": \"EventGridSchema\"\r\n  },\r\n  \"location\": \"westus2\",\r\n  \"tags\": null,\r\n  \"id\": \"/subscriptions/55f3dcd4-cac7-43b4-990b-a139d62a1eb2/resourceGroups/RGName-ps3361/providers/Microsoft.EventGrid/topics/PSTestTopic-ps3718\",\r\n  \"name\": \"PSTestTopic-ps3718\",\r\n  \"type\": \"Microsoft.EventGrid/topics\"\r\n}",
      "StatusCode": 200
    },
    {
      "RequestUri": "/subscriptions/55f3dcd4-cac7-43b4-990b-a139d62a1eb2/resourceGroups/RGName-ps3361/providers/Microsoft.EventGrid/topics/PSTestTopic-ps3718?api-version=2019-01-01",
      "EncodedRequestUri": "L3N1YnNjcmlwdGlvbnMvNTVmM2RjZDQtY2FjNy00M2I0LTk5MGItYTEzOWQ2MmExZWIyL3Jlc291cmNlR3JvdXBzL1JHTmFtZS1wczMzNjEvcHJvdmlkZXJzL01pY3Jvc29mdC5FdmVudEdyaWQvdG9waWNzL1BTVGVzdFRvcGljLXBzMzcxOD9hcGktdmVyc2lvbj0yMDE5LTAxLTAx",
      "RequestMethod": "GET",
      "RequestBody": "",
      "RequestHeaders": {
        "x-ms-client-request-id": [
          "f0a03671-c2ee-46c2-83d2-c9c01531b097"
        ],
        "Accept-Language": [
          "en-US"
        ],
        "User-Agent": [
          "FxVersion/4.6.27019.06",
          "OSName/Windows",
          "OSVersion/Microsoft.Windows.10.0.17763.",
          "Microsoft.Azure.Management.EventGrid.EventGridManagementClient/4.0.0.0"
        ]
      },
      "ResponseHeaders": {
        "Cache-Control": [
          "no-cache"
        ],
        "Pragma": [
          "no-cache"
        ],
        "Strict-Transport-Security": [
          "max-age=31536000; includeSubDomains"
        ],
        "x-ms-request-id": [
          "00854c60-cba5-4432-987e-79f78717887a"
        ],
        "Server": [
          "Microsoft-HTTPAPI/2.0"
        ],
        "x-ms-ratelimit-remaining-subscription-reads": [
          "11983"
        ],
        "x-ms-correlation-request-id": [
          "0fc27d2a-aa58-4b75-92d6-e99da8ea0342"
        ],
        "x-ms-routing-request-id": [
          "WESTUS2:20181220T122513Z:0fc27d2a-aa58-4b75-92d6-e99da8ea0342"
        ],
        "X-Content-Type-Options": [
          "nosniff"
        ],
        "Date": [
          "Thu, 20 Dec 2018 12:25:13 GMT"
        ],
        "Content-Length": [
          "402"
        ],
        "Content-Type": [
          "application/json; charset=utf-8"
        ],
        "Expires": [
          "-1"
        ]
      },
      "ResponseBody": "{\r\n  \"properties\": {\r\n    \"provisioningState\": \"Succeeded\",\r\n    \"endpoint\": \"https://pstesttopic-ps3718.westus2-1.eventgrid.azure.net/api/events\",\r\n    \"inputSchema\": \"EventGridSchema\"\r\n  },\r\n  \"location\": \"westus2\",\r\n  \"tags\": null,\r\n  \"id\": \"/subscriptions/55f3dcd4-cac7-43b4-990b-a139d62a1eb2/resourceGroups/RGName-ps3361/providers/Microsoft.EventGrid/topics/PSTestTopic-ps3718\",\r\n  \"name\": \"PSTestTopic-ps3718\",\r\n  \"type\": \"Microsoft.EventGrid/topics\"\r\n}",
      "StatusCode": 200
    },
    {
      "RequestUri": "/subscriptions/55f3dcd4-cac7-43b4-990b-a139d62a1eb2/resourceGroups/RGName-ps3361/providers/Microsoft.EventGrid/topics/PSTestTopic-ps3718?api-version=2019-01-01",
      "EncodedRequestUri": "L3N1YnNjcmlwdGlvbnMvNTVmM2RjZDQtY2FjNy00M2I0LTk5MGItYTEzOWQ2MmExZWIyL3Jlc291cmNlR3JvdXBzL1JHTmFtZS1wczMzNjEvcHJvdmlkZXJzL01pY3Jvc29mdC5FdmVudEdyaWQvdG9waWNzL1BTVGVzdFRvcGljLXBzMzcxOD9hcGktdmVyc2lvbj0yMDE5LTAxLTAx",
      "RequestMethod": "GET",
      "RequestBody": "",
      "RequestHeaders": {
        "x-ms-client-request-id": [
          "774ca869-6446-498b-b0ed-e6954ba755da"
        ],
        "Accept-Language": [
          "en-US"
        ],
        "User-Agent": [
          "FxVersion/4.6.27019.06",
          "OSName/Windows",
          "OSVersion/Microsoft.Windows.10.0.17763.",
          "Microsoft.Azure.Management.EventGrid.EventGridManagementClient/4.0.0.0"
        ]
      },
      "ResponseHeaders": {
        "Cache-Control": [
          "no-cache"
        ],
        "Pragma": [
          "no-cache"
        ],
        "Strict-Transport-Security": [
          "max-age=31536000; includeSubDomains"
        ],
        "x-ms-request-id": [
          "7d01608f-6962-43b3-ae5e-fcc6f49bb891"
        ],
        "Server": [
          "Microsoft-HTTPAPI/2.0"
        ],
        "x-ms-ratelimit-remaining-subscription-reads": [
          "11974"
        ],
        "x-ms-correlation-request-id": [
          "cbb81772-9e30-4d59-8023-ac0c627a552b"
        ],
        "x-ms-routing-request-id": [
          "WESTUS2:20181220T122540Z:cbb81772-9e30-4d59-8023-ac0c627a552b"
        ],
        "X-Content-Type-Options": [
          "nosniff"
        ],
        "Date": [
          "Thu, 20 Dec 2018 12:25:40 GMT"
        ],
        "Content-Length": [
          "402"
        ],
        "Content-Type": [
          "application/json; charset=utf-8"
        ],
        "Expires": [
          "-1"
        ]
      },
      "ResponseBody": "{\r\n  \"properties\": {\r\n    \"provisioningState\": \"Succeeded\",\r\n    \"endpoint\": \"https://pstesttopic-ps3718.westus2-1.eventgrid.azure.net/api/events\",\r\n    \"inputSchema\": \"EventGridSchema\"\r\n  },\r\n  \"location\": \"westus2\",\r\n  \"tags\": null,\r\n  \"id\": \"/subscriptions/55f3dcd4-cac7-43b4-990b-a139d62a1eb2/resourceGroups/RGName-ps3361/providers/Microsoft.EventGrid/topics/PSTestTopic-ps3718\",\r\n  \"name\": \"PSTestTopic-ps3718\",\r\n  \"type\": \"Microsoft.EventGrid/topics\"\r\n}",
      "StatusCode": 200
    },
    {
      "RequestUri": "/subscriptions/55f3dcd4-cac7-43b4-990b-a139d62a1eb2/resourceGroups/RGName-ps3361/providers/Microsoft.EventGrid/topics/PSTestTopic-ps3718?api-version=2019-01-01",
      "EncodedRequestUri": "L3N1YnNjcmlwdGlvbnMvNTVmM2RjZDQtY2FjNy00M2I0LTk5MGItYTEzOWQ2MmExZWIyL3Jlc291cmNlR3JvdXBzL1JHTmFtZS1wczMzNjEvcHJvdmlkZXJzL01pY3Jvc29mdC5FdmVudEdyaWQvdG9waWNzL1BTVGVzdFRvcGljLXBzMzcxOD9hcGktdmVyc2lvbj0yMDE5LTAxLTAx",
      "RequestMethod": "GET",
      "RequestBody": "",
      "RequestHeaders": {
        "x-ms-client-request-id": [
          "48640730-48b5-431d-975f-49342737f099"
        ],
        "Accept-Language": [
          "en-US"
        ],
        "User-Agent": [
          "FxVersion/4.6.27019.06",
          "OSName/Windows",
          "OSVersion/Microsoft.Windows.10.0.17763.",
          "Microsoft.Azure.Management.EventGrid.EventGridManagementClient/4.0.0.0"
        ]
      },
      "ResponseHeaders": {
        "Cache-Control": [
          "no-cache"
        ],
        "Pragma": [
          "no-cache"
        ],
        "Strict-Transport-Security": [
          "max-age=31536000; includeSubDomains"
        ],
        "x-ms-request-id": [
          "8b52591b-b52b-440b-8cce-a13873199f11"
        ],
        "Server": [
          "Microsoft-HTTPAPI/2.0"
        ],
        "x-ms-ratelimit-remaining-subscription-reads": [
          "11970"
        ],
        "x-ms-correlation-request-id": [
          "7f928689-e04a-4c94-8eb1-68e7df005594"
        ],
        "x-ms-routing-request-id": [
          "WESTUS2:20181220T122552Z:7f928689-e04a-4c94-8eb1-68e7df005594"
        ],
        "X-Content-Type-Options": [
          "nosniff"
        ],
        "Date": [
          "Thu, 20 Dec 2018 12:25:52 GMT"
        ],
        "Content-Length": [
          "402"
        ],
        "Content-Type": [
          "application/json; charset=utf-8"
        ],
        "Expires": [
          "-1"
        ]
      },
      "ResponseBody": "{\r\n  \"properties\": {\r\n    \"provisioningState\": \"Succeeded\",\r\n    \"endpoint\": \"https://pstesttopic-ps3718.westus2-1.eventgrid.azure.net/api/events\",\r\n    \"inputSchema\": \"EventGridSchema\"\r\n  },\r\n  \"location\": \"westus2\",\r\n  \"tags\": null,\r\n  \"id\": \"/subscriptions/55f3dcd4-cac7-43b4-990b-a139d62a1eb2/resourceGroups/RGName-ps3361/providers/Microsoft.EventGrid/topics/PSTestTopic-ps3718\",\r\n  \"name\": \"PSTestTopic-ps3718\",\r\n  \"type\": \"Microsoft.EventGrid/topics\"\r\n}",
      "StatusCode": 200
    },
    {
      "RequestUri": "/subscriptions/55f3dcd4-cac7-43b4-990b-a139d62a1eb2/resourceGroups/RGName-ps3361/providers/Microsoft.EventGrid/topics/PSTestTopic-ps3718?api-version=2019-01-01",
      "EncodedRequestUri": "L3N1YnNjcmlwdGlvbnMvNTVmM2RjZDQtY2FjNy00M2I0LTk5MGItYTEzOWQ2MmExZWIyL3Jlc291cmNlR3JvdXBzL1JHTmFtZS1wczMzNjEvcHJvdmlkZXJzL01pY3Jvc29mdC5FdmVudEdyaWQvdG9waWNzL1BTVGVzdFRvcGljLXBzMzcxOD9hcGktdmVyc2lvbj0yMDE5LTAxLTAx",
      "RequestMethod": "GET",
      "RequestBody": "",
      "RequestHeaders": {
        "x-ms-client-request-id": [
          "242fb70f-176b-4005-81ba-892140de3bae"
        ],
        "Accept-Language": [
          "en-US"
        ],
        "User-Agent": [
          "FxVersion/4.6.27019.06",
          "OSName/Windows",
          "OSVersion/Microsoft.Windows.10.0.17763.",
          "Microsoft.Azure.Management.EventGrid.EventGridManagementClient/4.0.0.0"
        ]
      },
      "ResponseHeaders": {
        "Cache-Control": [
          "no-cache"
        ],
        "Pragma": [
          "no-cache"
        ],
        "Strict-Transport-Security": [
          "max-age=31536000; includeSubDomains"
        ],
        "x-ms-request-id": [
          "2a1b1868-a12c-4f6d-8190-31b578f5dce3"
        ],
        "Server": [
          "Microsoft-HTTPAPI/2.0"
        ],
        "x-ms-ratelimit-remaining-subscription-reads": [
          "11967"
        ],
        "x-ms-correlation-request-id": [
          "11d9ece0-6295-4ca3-b1cb-d31e44b267ec"
        ],
        "x-ms-routing-request-id": [
          "WESTUS2:20181220T122604Z:11d9ece0-6295-4ca3-b1cb-d31e44b267ec"
        ],
        "X-Content-Type-Options": [
          "nosniff"
        ],
        "Date": [
          "Thu, 20 Dec 2018 12:26:03 GMT"
        ],
        "Content-Length": [
          "402"
        ],
        "Content-Type": [
          "application/json; charset=utf-8"
        ],
        "Expires": [
          "-1"
        ]
      },
      "ResponseBody": "{\r\n  \"properties\": {\r\n    \"provisioningState\": \"Succeeded\",\r\n    \"endpoint\": \"https://pstesttopic-ps3718.westus2-1.eventgrid.azure.net/api/events\",\r\n    \"inputSchema\": \"EventGridSchema\"\r\n  },\r\n  \"location\": \"westus2\",\r\n  \"tags\": null,\r\n  \"id\": \"/subscriptions/55f3dcd4-cac7-43b4-990b-a139d62a1eb2/resourceGroups/RGName-ps3361/providers/Microsoft.EventGrid/topics/PSTestTopic-ps3718\",\r\n  \"name\": \"PSTestTopic-ps3718\",\r\n  \"type\": \"Microsoft.EventGrid/topics\"\r\n}",
      "StatusCode": 200
    },
    {
      "RequestUri": "//subscriptions/55f3dcd4-cac7-43b4-990b-a139d62a1eb2/resourceGroups/RGName-ps3361/providers/Microsoft.EventGrid/topics/PSTestTopic-ps3718/providers/Microsoft.EventGrid/eventSubscriptions/EventSubscription-ps8947?api-version=2019-01-01",
      "EncodedRequestUri": "Ly9zdWJzY3JpcHRpb25zLzU1ZjNkY2Q0LWNhYzctNDNiNC05OTBiLWExMzlkNjJhMWViMi9yZXNvdXJjZUdyb3Vwcy9SR05hbWUtcHMzMzYxL3Byb3ZpZGVycy9NaWNyb3NvZnQuRXZlbnRHcmlkL3RvcGljcy9QU1Rlc3RUb3BpYy1wczM3MTgvcHJvdmlkZXJzL01pY3Jvc29mdC5FdmVudEdyaWQvZXZlbnRTdWJzY3JpcHRpb25zL0V2ZW50U3Vic2NyaXB0aW9uLXBzODk0Nz9hcGktdmVyc2lvbj0yMDE5LTAxLTAx",
      "RequestMethod": "PUT",
      "RequestBody": "{\r\n  \"properties\": {\r\n    \"destination\": {\r\n      \"endpointType\": \"WebHook\",\r\n      \"properties\": {\r\n        \"endpointUrl\": \"https://eventgridrunnerfunction.azurewebsites.net/api/HttpTriggerCSharp1?code=<HIDDEN>\"\r\n      }\r\n    },\r\n    \"filter\": {\r\n      \"includedEventTypes\": [\r\n        \"All\"\r\n      ],\r\n      \"isSubjectCaseSensitive\": false\r\n    }\r\n  }\r\n}",
      "RequestHeaders": {
        "x-ms-client-request-id": [
          "057d25ec-bc1b-44e4-884c-884d09e0ced2"
        ],
        "Accept-Language": [
          "en-US"
        ],
        "User-Agent": [
          "FxVersion/4.6.27019.06",
          "OSName/Windows",
          "OSVersion/Microsoft.Windows.10.0.17763.",
          "Microsoft.Azure.Management.EventGrid.EventGridManagementClient/4.0.0.0"
        ],
        "Content-Type": [
          "application/json; charset=utf-8"
        ],
        "Content-Length": [
          "404"
        ]
      },
      "ResponseHeaders": {
        "Cache-Control": [
          "no-cache"
        ],
        "Pragma": [
          "no-cache"
        ],
        "Retry-After": [
          "10"
        ],
        "Strict-Transport-Security": [
          "max-age=31536000; includeSubDomains"
        ],
        "Azure-AsyncOperation": [
          "https://management.azure.com:443/subscriptions/55f3dcd4-cac7-43b4-990b-a139d62a1eb2/providers/Microsoft.EventGrid/locations/westus2/operationsStatus/C2131BE3-E9C9-4295-B920-1153D40B6877?api-version=2019-01-01"
        ],
        "x-ms-request-id": [
          "a62954f3-8402-46df-89ff-7f27f8a44cac"
        ],
        "Server": [
          "Microsoft-HTTPAPI/2.0"
        ],
        "x-ms-ratelimit-remaining-subscription-writes": [
          "1195"
        ],
        "x-ms-correlation-request-id": [
          "53c87808-a171-4343-9663-580441bf03b2"
        ],
        "x-ms-routing-request-id": [
          "WESTUS2:20181220T122439Z:53c87808-a171-4343-9663-580441bf03b2"
        ],
        "X-Content-Type-Options": [
          "nosniff"
        ],
        "Date": [
          "Thu, 20 Dec 2018 12:24:39 GMT"
        ],
        "Content-Length": [
          "716"
        ],
        "Content-Type": [
          "application/json; charset=utf-8"
        ],
        "Expires": [
          "-1"
        ]
      },
      "ResponseBody": "{\r\n  \"properties\": {\r\n    \"topic\": \"/subscriptions/55f3dcd4-cac7-43b4-990b-a139d62a1eb2/resourceGroups/rgname-ps3361/providers/microsoft.eventgrid/topics/pstesttopic-ps3718\",\r\n    \"provisioningState\": \"Creating\",\r\n    \"destination\": {\r\n      \"properties\": {\r\n        \"endpointUrl\": null,\r\n        \"endpointBaseUrl\": \"https://eventgridrunnerfunction.azurewebsites.net/api/HttpTriggerCSharp1\"\r\n      },\r\n      \"endpointType\": \"WebHook\"\r\n    },\r\n    \"filter\": {\r\n      \"includedEventTypes\": [\r\n        \"All\"\r\n      ]\r\n    },\r\n    \"labels\": null\r\n  },\r\n  \"id\": \"/subscriptions/55f3dcd4-cac7-43b4-990b-a139d62a1eb2/resourceGroups/RGName-ps3361/providers/Microsoft.EventGrid/topics/PSTestTopic-ps3718/providers/Microsoft.EventGrid/eventSubscriptions/EventSubscription-ps8947\",\r\n  \"name\": \"EventSubscription-ps8947\",\r\n  \"type\": \"Microsoft.EventGrid/eventSubscriptions\"\r\n}",
      "StatusCode": 201
    },
    {
      "RequestUri": "/subscriptions/55f3dcd4-cac7-43b4-990b-a139d62a1eb2/providers/Microsoft.EventGrid/locations/westus2/operationsStatus/C2131BE3-E9C9-4295-B920-1153D40B6877?api-version=2019-01-01",
      "EncodedRequestUri": "L3N1YnNjcmlwdGlvbnMvNTVmM2RjZDQtY2FjNy00M2I0LTk5MGItYTEzOWQ2MmExZWIyL3Byb3ZpZGVycy9NaWNyb3NvZnQuRXZlbnRHcmlkL2xvY2F0aW9ucy93ZXN0dXMyL29wZXJhdGlvbnNTdGF0dXMvQzIxMzFCRTMtRTlDOS00Mjk1LUI5MjAtMTE1M0Q0MEI2ODc3P2FwaS12ZXJzaW9uPTIwMTktMDEtMDE=",
      "RequestMethod": "GET",
      "RequestBody": "",
      "RequestHeaders": {
        "User-Agent": [
          "FxVersion/4.6.27019.06",
          "OSName/Windows",
          "OSVersion/Microsoft.Windows.10.0.17763.",
          "Microsoft.Azure.Management.EventGrid.EventGridManagementClient/4.0.0.0"
        ]
      },
      "ResponseHeaders": {
        "Cache-Control": [
          "no-cache"
        ],
        "Pragma": [
          "no-cache"
        ],
        "Strict-Transport-Security": [
          "max-age=31536000; includeSubDomains"
        ],
        "x-ms-request-id": [
          "718acc41-5b34-4773-81c2-b88f53743c3d"
        ],
        "Server": [
          "Microsoft-HTTPAPI/2.0"
        ],
        "x-ms-ratelimit-remaining-subscription-reads": [
          "11991"
        ],
        "x-ms-correlation-request-id": [
          "ae3042e2-d0b1-4912-b8b1-af71f9dddf89"
        ],
        "x-ms-routing-request-id": [
          "WESTUS2:20181220T122449Z:ae3042e2-d0b1-4912-b8b1-af71f9dddf89"
        ],
        "X-Content-Type-Options": [
          "nosniff"
        ],
        "Date": [
          "Thu, 20 Dec 2018 12:24:49 GMT"
        ],
        "Content-Length": [
          "280"
        ],
        "Content-Type": [
          "application/json; charset=utf-8"
        ],
        "Expires": [
          "-1"
        ]
      },
      "ResponseBody": "{\r\n  \"id\": \"https://management.azure.com/subscriptions/55f3dcd4-cac7-43b4-990b-a139d62a1eb2/providers/Microsoft.EventGrid/locations/westus2/operationsStatus/C2131BE3-E9C9-4295-B920-1153D40B6877?api-version=2019-01-01\",\r\n  \"name\": \"c2131be3-e9c9-4295-b920-1153d40b6877\",\r\n  \"status\": \"Succeeded\"\r\n}",
      "StatusCode": 200
    },
    {
      "RequestUri": "//subscriptions/55f3dcd4-cac7-43b4-990b-a139d62a1eb2/resourceGroups/RGName-ps3361/providers/Microsoft.EventGrid/topics/PSTestTopic-ps3718/providers/Microsoft.EventGrid/eventSubscriptions/EventSubscription-ps8947?api-version=2019-01-01",
      "EncodedRequestUri": "Ly9zdWJzY3JpcHRpb25zLzU1ZjNkY2Q0LWNhYzctNDNiNC05OTBiLWExMzlkNjJhMWViMi9yZXNvdXJjZUdyb3Vwcy9SR05hbWUtcHMzMzYxL3Byb3ZpZGVycy9NaWNyb3NvZnQuRXZlbnRHcmlkL3RvcGljcy9QU1Rlc3RUb3BpYy1wczM3MTgvcHJvdmlkZXJzL01pY3Jvc29mdC5FdmVudEdyaWQvZXZlbnRTdWJzY3JpcHRpb25zL0V2ZW50U3Vic2NyaXB0aW9uLXBzODk0Nz9hcGktdmVyc2lvbj0yMDE5LTAxLTAx",
      "RequestMethod": "GET",
      "RequestBody": "",
      "RequestHeaders": {
        "User-Agent": [
          "FxVersion/4.6.27019.06",
          "OSName/Windows",
          "OSVersion/Microsoft.Windows.10.0.17763.",
          "Microsoft.Azure.Management.EventGrid.EventGridManagementClient/4.0.0.0"
        ]
      },
      "ResponseHeaders": {
        "Cache-Control": [
          "no-cache"
        ],
        "Pragma": [
          "no-cache"
        ],
        "Strict-Transport-Security": [
          "max-age=31536000; includeSubDomains"
        ],
        "x-ms-request-id": [
          "c8d3aaf8-8e0b-4b9f-8427-7e1310df449b"
        ],
        "Server": [
          "Microsoft-HTTPAPI/2.0"
        ],
        "x-ms-ratelimit-remaining-subscription-reads": [
          "11990"
        ],
        "x-ms-correlation-request-id": [
          "a385b78d-920f-46fb-8c93-2879c8dcb019"
        ],
        "x-ms-routing-request-id": [
          "WESTUS2:20181220T122449Z:a385b78d-920f-46fb-8c93-2879c8dcb019"
        ],
        "X-Content-Type-Options": [
          "nosniff"
        ],
        "Date": [
          "Thu, 20 Dec 2018 12:24:49 GMT"
        ],
        "Content-Length": [
          "874"
        ],
        "Content-Type": [
          "application/json; charset=utf-8"
        ],
        "Expires": [
          "-1"
        ]
      },
      "ResponseBody": "{\r\n  \"properties\": {\r\n    \"topic\": \"/subscriptions/55f3dcd4-cac7-43b4-990b-a139d62a1eb2/resourceGroups/rgname-ps3361/providers/microsoft.eventgrid/topics/pstesttopic-ps3718\",\r\n    \"provisioningState\": \"Succeeded\",\r\n    \"destination\": {\r\n      \"properties\": {\r\n        \"endpointUrl\": null,\r\n        \"endpointBaseUrl\": \"https://eventgridrunnerfunction.azurewebsites.net/api/HttpTriggerCSharp1\"\r\n      },\r\n      \"endpointType\": \"WebHook\"\r\n    },\r\n    \"filter\": {\r\n      \"subjectBeginsWith\": \"\",\r\n      \"subjectEndsWith\": \"\",\r\n      \"includedEventTypes\": [\r\n        \"All\"\r\n      ]\r\n    },\r\n    \"labels\": null,\r\n    \"eventDeliverySchema\": \"EventGridSchema\",\r\n    \"retryPolicy\": {\r\n      \"maxDeliveryAttempts\": 30,\r\n      \"eventTimeToLiveInMinutes\": 1440\r\n    }\r\n  },\r\n  \"id\": \"/subscriptions/55f3dcd4-cac7-43b4-990b-a139d62a1eb2/resourceGroups/RGName-ps3361/providers/Microsoft.EventGrid/topics/PSTestTopic-ps3718/providers/Microsoft.EventGrid/eventSubscriptions/EventSubscription-ps8947\",\r\n  \"name\": \"EventSubscription-ps8947\",\r\n  \"type\": \"Microsoft.EventGrid/eventSubscriptions\"\r\n}",
      "StatusCode": 200
    },
    {
      "RequestUri": "//subscriptions/55f3dcd4-cac7-43b4-990b-a139d62a1eb2/resourceGroups/RGName-ps3361/providers/Microsoft.EventGrid/topics/PSTestTopic-ps3718/providers/Microsoft.EventGrid/eventSubscriptions/EventSubscription-ps8947?api-version=2019-01-01",
      "EncodedRequestUri": "Ly9zdWJzY3JpcHRpb25zLzU1ZjNkY2Q0LWNhYzctNDNiNC05OTBiLWExMzlkNjJhMWViMi9yZXNvdXJjZUdyb3Vwcy9SR05hbWUtcHMzMzYxL3Byb3ZpZGVycy9NaWNyb3NvZnQuRXZlbnRHcmlkL3RvcGljcy9QU1Rlc3RUb3BpYy1wczM3MTgvcHJvdmlkZXJzL01pY3Jvc29mdC5FdmVudEdyaWQvZXZlbnRTdWJzY3JpcHRpb25zL0V2ZW50U3Vic2NyaXB0aW9uLXBzODk0Nz9hcGktdmVyc2lvbj0yMDE5LTAxLTAx",
      "RequestMethod": "GET",
      "RequestBody": "",
      "RequestHeaders": {
        "x-ms-client-request-id": [
          "dcc771e5-6266-4d47-ba4b-d6b28fb3d569"
        ],
        "Accept-Language": [
          "en-US"
        ],
        "User-Agent": [
          "FxVersion/4.6.27019.06",
          "OSName/Windows",
          "OSVersion/Microsoft.Windows.10.0.17763.",
          "Microsoft.Azure.Management.EventGrid.EventGridManagementClient/4.0.0.0"
        ]
      },
      "ResponseHeaders": {
        "Cache-Control": [
          "no-cache"
        ],
        "Pragma": [
          "no-cache"
        ],
        "Strict-Transport-Security": [
          "max-age=31536000; includeSubDomains"
        ],
        "x-ms-request-id": [
          "defdd901-47bf-47d7-add9-447ed9c3bb51"
        ],
        "Server": [
          "Microsoft-HTTPAPI/2.0"
        ],
        "x-ms-ratelimit-remaining-subscription-reads": [
          "11984"
        ],
        "x-ms-correlation-request-id": [
          "086692fd-65e2-4671-8524-586b290e4ff9"
        ],
        "x-ms-routing-request-id": [
          "WESTUS2:20181220T122512Z:086692fd-65e2-4671-8524-586b290e4ff9"
        ],
        "X-Content-Type-Options": [
          "nosniff"
        ],
        "Date": [
          "Thu, 20 Dec 2018 12:25:12 GMT"
        ],
        "Content-Length": [
          "874"
        ],
        "Content-Type": [
          "application/json; charset=utf-8"
        ],
        "Expires": [
          "-1"
        ]
      },
      "ResponseBody": "{\r\n  \"properties\": {\r\n    \"topic\": \"/subscriptions/55f3dcd4-cac7-43b4-990b-a139d62a1eb2/resourceGroups/rgname-ps3361/providers/microsoft.eventgrid/topics/pstesttopic-ps3718\",\r\n    \"provisioningState\": \"Succeeded\",\r\n    \"destination\": {\r\n      \"properties\": {\r\n        \"endpointUrl\": null,\r\n        \"endpointBaseUrl\": \"https://eventgridrunnerfunction.azurewebsites.net/api/HttpTriggerCSharp1\"\r\n      },\r\n      \"endpointType\": \"WebHook\"\r\n    },\r\n    \"filter\": {\r\n      \"subjectBeginsWith\": \"\",\r\n      \"subjectEndsWith\": \"\",\r\n      \"includedEventTypes\": [\r\n        \"All\"\r\n      ]\r\n    },\r\n    \"labels\": null,\r\n    \"eventDeliverySchema\": \"EventGridSchema\",\r\n    \"retryPolicy\": {\r\n      \"maxDeliveryAttempts\": 30,\r\n      \"eventTimeToLiveInMinutes\": 1440\r\n    }\r\n  },\r\n  \"id\": \"/subscriptions/55f3dcd4-cac7-43b4-990b-a139d62a1eb2/resourceGroups/RGName-ps3361/providers/Microsoft.EventGrid/topics/PSTestTopic-ps3718/providers/Microsoft.EventGrid/eventSubscriptions/EventSubscription-ps8947\",\r\n  \"name\": \"EventSubscription-ps8947\",\r\n  \"type\": \"Microsoft.EventGrid/eventSubscriptions\"\r\n}",
      "StatusCode": 200
    },
    {
      "RequestUri": "//subscriptions/55f3dcd4-cac7-43b4-990b-a139d62a1eb2/resourceGroups/RGName-ps3361/providers/Microsoft.EventGrid/topics/PSTestTopic-ps3718/providers/Microsoft.EventGrid/eventSubscriptions/EventSubscription-ps8947?api-version=2019-01-01",
      "EncodedRequestUri": "Ly9zdWJzY3JpcHRpb25zLzU1ZjNkY2Q0LWNhYzctNDNiNC05OTBiLWExMzlkNjJhMWViMi9yZXNvdXJjZUdyb3Vwcy9SR05hbWUtcHMzMzYxL3Byb3ZpZGVycy9NaWNyb3NvZnQuRXZlbnRHcmlkL3RvcGljcy9QU1Rlc3RUb3BpYy1wczM3MTgvcHJvdmlkZXJzL01pY3Jvc29mdC5FdmVudEdyaWQvZXZlbnRTdWJzY3JpcHRpb25zL0V2ZW50U3Vic2NyaXB0aW9uLXBzODk0Nz9hcGktdmVyc2lvbj0yMDE5LTAxLTAx",
      "RequestMethod": "GET",
      "RequestBody": "",
      "RequestHeaders": {
        "x-ms-client-request-id": [
          "5d710ad8-13b0-4533-81b5-366b48eb3b10"
        ],
        "Accept-Language": [
          "en-US"
        ],
        "User-Agent": [
          "FxVersion/4.6.27019.06",
          "OSName/Windows",
          "OSVersion/Microsoft.Windows.10.0.17763.",
          "Microsoft.Azure.Management.EventGrid.EventGridManagementClient/4.0.0.0"
        ]
      },
      "ResponseHeaders": {
        "Cache-Control": [
          "no-cache"
        ],
        "Pragma": [
          "no-cache"
        ],
        "Strict-Transport-Security": [
          "max-age=31536000; includeSubDomains"
        ],
        "x-ms-request-id": [
          "054d6f42-16c4-4ee1-a5cf-1466e23b8288"
        ],
        "Server": [
          "Microsoft-HTTPAPI/2.0"
        ],
        "x-ms-ratelimit-remaining-subscription-reads": [
          "11982"
        ],
        "x-ms-correlation-request-id": [
          "06d092d6-c41d-4ed1-8401-e0b4eaf31554"
        ],
        "x-ms-routing-request-id": [
          "WESTUS2:20181220T122514Z:06d092d6-c41d-4ed1-8401-e0b4eaf31554"
        ],
        "X-Content-Type-Options": [
          "nosniff"
        ],
        "Date": [
          "Thu, 20 Dec 2018 12:25:13 GMT"
        ],
        "Content-Length": [
          "874"
        ],
        "Content-Type": [
          "application/json; charset=utf-8"
        ],
        "Expires": [
          "-1"
        ]
      },
      "ResponseBody": "{\r\n  \"properties\": {\r\n    \"topic\": \"/subscriptions/55f3dcd4-cac7-43b4-990b-a139d62a1eb2/resourceGroups/rgname-ps3361/providers/microsoft.eventgrid/topics/pstesttopic-ps3718\",\r\n    \"provisioningState\": \"Succeeded\",\r\n    \"destination\": {\r\n      \"properties\": {\r\n        \"endpointUrl\": null,\r\n        \"endpointBaseUrl\": \"https://eventgridrunnerfunction.azurewebsites.net/api/HttpTriggerCSharp1\"\r\n      },\r\n      \"endpointType\": \"WebHook\"\r\n    },\r\n    \"filter\": {\r\n      \"subjectBeginsWith\": \"\",\r\n      \"subjectEndsWith\": \"\",\r\n      \"includedEventTypes\": [\r\n        \"All\"\r\n      ]\r\n    },\r\n    \"labels\": null,\r\n    \"eventDeliverySchema\": \"EventGridSchema\",\r\n    \"retryPolicy\": {\r\n      \"maxDeliveryAttempts\": 30,\r\n      \"eventTimeToLiveInMinutes\": 1440\r\n    }\r\n  },\r\n  \"id\": \"/subscriptions/55f3dcd4-cac7-43b4-990b-a139d62a1eb2/resourceGroups/RGName-ps3361/providers/Microsoft.EventGrid/topics/PSTestTopic-ps3718/providers/Microsoft.EventGrid/eventSubscriptions/EventSubscription-ps8947\",\r\n  \"name\": \"EventSubscription-ps8947\",\r\n  \"type\": \"Microsoft.EventGrid/eventSubscriptions\"\r\n}",
      "StatusCode": 200
    },
    {
      "RequestUri": "//subscriptions/55f3dcd4-cac7-43b4-990b-a139d62a1eb2/resourceGroups/RGName-ps3361/providers/Microsoft.EventGrid/topics/PSTestTopic-ps3718/providers/Microsoft.EventGrid/eventSubscriptions/EventSubscription-ps8947?api-version=2019-01-01",
      "EncodedRequestUri": "Ly9zdWJzY3JpcHRpb25zLzU1ZjNkY2Q0LWNhYzctNDNiNC05OTBiLWExMzlkNjJhMWViMi9yZXNvdXJjZUdyb3Vwcy9SR05hbWUtcHMzMzYxL3Byb3ZpZGVycy9NaWNyb3NvZnQuRXZlbnRHcmlkL3RvcGljcy9QU1Rlc3RUb3BpYy1wczM3MTgvcHJvdmlkZXJzL01pY3Jvc29mdC5FdmVudEdyaWQvZXZlbnRTdWJzY3JpcHRpb25zL0V2ZW50U3Vic2NyaXB0aW9uLXBzODk0Nz9hcGktdmVyc2lvbj0yMDE5LTAxLTAx",
      "RequestMethod": "GET",
      "RequestBody": "",
      "RequestHeaders": {
        "x-ms-client-request-id": [
          "e295f476-909d-4edd-b114-f2d30ac3edbb"
        ],
        "Accept-Language": [
          "en-US"
        ],
        "User-Agent": [
          "FxVersion/4.6.27019.06",
          "OSName/Windows",
          "OSVersion/Microsoft.Windows.10.0.17763.",
          "Microsoft.Azure.Management.EventGrid.EventGridManagementClient/4.0.0.0"
        ]
      },
      "ResponseHeaders": {
        "Cache-Control": [
          "no-cache"
        ],
        "Pragma": [
          "no-cache"
        ],
        "Strict-Transport-Security": [
          "max-age=31536000; includeSubDomains"
        ],
        "x-ms-request-id": [
          "35469c97-92b7-48ad-ac5e-c437d5738ff6"
        ],
        "Server": [
          "Microsoft-HTTPAPI/2.0"
        ],
        "x-ms-ratelimit-remaining-subscription-reads": [
          "11981"
        ],
        "x-ms-correlation-request-id": [
          "44268969-7e7b-410e-aa50-2a003a4db32d"
        ],
        "x-ms-routing-request-id": [
          "WESTUS2:20181220T122514Z:44268969-7e7b-410e-aa50-2a003a4db32d"
        ],
        "X-Content-Type-Options": [
          "nosniff"
        ],
        "Date": [
          "Thu, 20 Dec 2018 12:25:14 GMT"
        ],
        "Content-Length": [
          "874"
        ],
        "Content-Type": [
          "application/json; charset=utf-8"
        ],
        "Expires": [
          "-1"
        ]
      },
      "ResponseBody": "{\r\n  \"properties\": {\r\n    \"topic\": \"/subscriptions/55f3dcd4-cac7-43b4-990b-a139d62a1eb2/resourceGroups/rgname-ps3361/providers/microsoft.eventgrid/topics/pstesttopic-ps3718\",\r\n    \"provisioningState\": \"Succeeded\",\r\n    \"destination\": {\r\n      \"properties\": {\r\n        \"endpointUrl\": null,\r\n        \"endpointBaseUrl\": \"https://eventgridrunnerfunction.azurewebsites.net/api/HttpTriggerCSharp1\"\r\n      },\r\n      \"endpointType\": \"WebHook\"\r\n    },\r\n    \"filter\": {\r\n      \"subjectBeginsWith\": \"\",\r\n      \"subjectEndsWith\": \"\",\r\n      \"includedEventTypes\": [\r\n        \"All\"\r\n      ]\r\n    },\r\n    \"labels\": null,\r\n    \"eventDeliverySchema\": \"EventGridSchema\",\r\n    \"retryPolicy\": {\r\n      \"maxDeliveryAttempts\": 30,\r\n      \"eventTimeToLiveInMinutes\": 1440\r\n    }\r\n  },\r\n  \"id\": \"/subscriptions/55f3dcd4-cac7-43b4-990b-a139d62a1eb2/resourceGroups/RGName-ps3361/providers/Microsoft.EventGrid/topics/PSTestTopic-ps3718/providers/Microsoft.EventGrid/eventSubscriptions/EventSubscription-ps8947\",\r\n  \"name\": \"EventSubscription-ps8947\",\r\n  \"type\": \"Microsoft.EventGrid/eventSubscriptions\"\r\n}",
      "StatusCode": 200
    },
    {
      "RequestUri": "//subscriptions/55f3dcd4-cac7-43b4-990b-a139d62a1eb2/resourceGroups/RGName-ps3361/providers/Microsoft.EventGrid/topics/PSTestTopic-ps3718/providers/Microsoft.EventGrid/eventSubscriptions/EventSubscription-ps8947?api-version=2019-01-01",
      "EncodedRequestUri": "Ly9zdWJzY3JpcHRpb25zLzU1ZjNkY2Q0LWNhYzctNDNiNC05OTBiLWExMzlkNjJhMWViMi9yZXNvdXJjZUdyb3Vwcy9SR05hbWUtcHMzMzYxL3Byb3ZpZGVycy9NaWNyb3NvZnQuRXZlbnRHcmlkL3RvcGljcy9QU1Rlc3RUb3BpYy1wczM3MTgvcHJvdmlkZXJzL01pY3Jvc29mdC5FdmVudEdyaWQvZXZlbnRTdWJzY3JpcHRpb25zL0V2ZW50U3Vic2NyaXB0aW9uLXBzODk0Nz9hcGktdmVyc2lvbj0yMDE5LTAxLTAx",
      "RequestMethod": "GET",
      "RequestBody": "",
      "RequestHeaders": {
        "User-Agent": [
          "FxVersion/4.6.27019.06",
          "OSName/Windows",
          "OSVersion/Microsoft.Windows.10.0.17763.",
          "Microsoft.Azure.Management.EventGrid.EventGridManagementClient/4.0.0.0"
        ]
      },
      "ResponseHeaders": {
        "Cache-Control": [
          "no-cache"
        ],
        "Pragma": [
          "no-cache"
        ],
        "Strict-Transport-Security": [
          "max-age=31536000; includeSubDomains"
        ],
        "x-ms-request-id": [
          "bf2430fb-f1eb-40ed-a059-4e18e91ce843"
        ],
        "Server": [
          "Microsoft-HTTPAPI/2.0"
        ],
        "x-ms-ratelimit-remaining-subscription-reads": [
          "11979"
        ],
        "x-ms-correlation-request-id": [
          "dbe75741-4020-4177-8f19-78e46101cfa0"
        ],
        "x-ms-routing-request-id": [
          "WESTUS2:20181220T122526Z:dbe75741-4020-4177-8f19-78e46101cfa0"
        ],
        "X-Content-Type-Options": [
          "nosniff"
        ],
        "Date": [
          "Thu, 20 Dec 2018 12:25:25 GMT"
        ],
        "Content-Length": [
          "874"
        ],
        "Content-Type": [
          "application/json; charset=utf-8"
        ],
        "Expires": [
          "-1"
        ]
      },
      "ResponseBody": "{\r\n  \"properties\": {\r\n    \"topic\": \"/subscriptions/55f3dcd4-cac7-43b4-990b-a139d62a1eb2/resourceGroups/rgname-ps3361/providers/microsoft.eventgrid/topics/pstesttopic-ps3718\",\r\n    \"provisioningState\": \"Succeeded\",\r\n    \"destination\": {\r\n      \"properties\": {\r\n        \"endpointUrl\": null,\r\n        \"endpointBaseUrl\": \"https://eventgridrunnerfunction.azurewebsites.net/api/HttpTriggerCSharp1\"\r\n      },\r\n      \"endpointType\": \"WebHook\"\r\n    },\r\n    \"filter\": {\r\n      \"subjectBeginsWith\": \"\",\r\n      \"subjectEndsWith\": \"\",\r\n      \"includedEventTypes\": [\r\n        \"All\"\r\n      ]\r\n    },\r\n    \"labels\": null,\r\n    \"eventDeliverySchema\": \"EventGridSchema\",\r\n    \"retryPolicy\": {\r\n      \"maxDeliveryAttempts\": 30,\r\n      \"eventTimeToLiveInMinutes\": 1440\r\n    }\r\n  },\r\n  \"id\": \"/subscriptions/55f3dcd4-cac7-43b4-990b-a139d62a1eb2/resourceGroups/RGName-ps3361/providers/Microsoft.EventGrid/topics/PSTestTopic-ps3718/providers/Microsoft.EventGrid/eventSubscriptions/EventSubscription-ps8947\",\r\n  \"name\": \"EventSubscription-ps8947\",\r\n  \"type\": \"Microsoft.EventGrid/eventSubscriptions\"\r\n}",
      "StatusCode": 200
    },
    {
      "RequestUri": "//subscriptions/55f3dcd4-cac7-43b4-990b-a139d62a1eb2/resourceGroups/RGName-ps3361/providers/Microsoft.EventGrid/topics/PSTestTopic-ps3718/providers/Microsoft.EventGrid/eventSubscriptions/EventSubscription-ps6451?api-version=2019-01-01",
      "EncodedRequestUri": "Ly9zdWJzY3JpcHRpb25zLzU1ZjNkY2Q0LWNhYzctNDNiNC05OTBiLWExMzlkNjJhMWViMi9yZXNvdXJjZUdyb3Vwcy9SR05hbWUtcHMzMzYxL3Byb3ZpZGVycy9NaWNyb3NvZnQuRXZlbnRHcmlkL3RvcGljcy9QU1Rlc3RUb3BpYy1wczM3MTgvcHJvdmlkZXJzL01pY3Jvc29mdC5FdmVudEdyaWQvZXZlbnRTdWJzY3JpcHRpb25zL0V2ZW50U3Vic2NyaXB0aW9uLXBzNjQ1MT9hcGktdmVyc2lvbj0yMDE5LTAxLTAx",
      "RequestMethod": "PUT",
      "RequestBody": "{\r\n  \"properties\": {\r\n    \"destination\": {\r\n      \"endpointType\": \"WebHook\",\r\n      \"properties\": {\r\n        \"endpointUrl\": \"https://eventgridrunnerfunction.azurewebsites.net/api/HttpTriggerCSharp1?code=<HIDDEN>\"\r\n      }\r\n    },\r\n    \"filter\": {\r\n      \"includedEventTypes\": [\r\n        \"All\"\r\n      ],\r\n      \"isSubjectCaseSensitive\": false\r\n    }\r\n  }\r\n}",
      "RequestHeaders": {
        "x-ms-client-request-id": [
          "3db80337-1cdf-466e-a0f0-3f049ee4c266"
        ],
        "Accept-Language": [
          "en-US"
        ],
        "User-Agent": [
          "FxVersion/4.6.27019.06",
          "OSName/Windows",
          "OSVersion/Microsoft.Windows.10.0.17763.",
          "Microsoft.Azure.Management.EventGrid.EventGridManagementClient/4.0.0.0"
        ],
        "Content-Type": [
          "application/json; charset=utf-8"
        ],
        "Content-Length": [
          "404"
        ]
      },
      "ResponseHeaders": {
        "Cache-Control": [
          "no-cache"
        ],
        "Pragma": [
          "no-cache"
        ],
        "Retry-After": [
          "10"
        ],
        "Strict-Transport-Security": [
          "max-age=31536000; includeSubDomains"
        ],
        "Azure-AsyncOperation": [
          "https://management.azure.com:443/subscriptions/55f3dcd4-cac7-43b4-990b-a139d62a1eb2/providers/Microsoft.EventGrid/locations/westus2/operationsStatus/16F0FEBD-406B-4B3B-B7E8-76EFE50F61E3?api-version=2019-01-01"
        ],
        "x-ms-request-id": [
          "ee7a3331-3fe6-4b88-96d5-82320e8660ff"
        ],
        "Server": [
          "Microsoft-HTTPAPI/2.0"
        ],
        "x-ms-ratelimit-remaining-subscription-writes": [
          "1194"
        ],
        "x-ms-correlation-request-id": [
          "999b5506-bfe6-4327-9d03-e47044eee1a4"
        ],
        "x-ms-routing-request-id": [
          "WESTUS2:20181220T122450Z:999b5506-bfe6-4327-9d03-e47044eee1a4"
        ],
        "X-Content-Type-Options": [
          "nosniff"
        ],
        "Date": [
          "Thu, 20 Dec 2018 12:24:49 GMT"
        ],
        "Content-Length": [
          "716"
        ],
        "Content-Type": [
          "application/json; charset=utf-8"
        ],
        "Expires": [
          "-1"
        ]
      },
      "ResponseBody": "{\r\n  \"properties\": {\r\n    \"topic\": \"/subscriptions/55f3dcd4-cac7-43b4-990b-a139d62a1eb2/resourceGroups/rgname-ps3361/providers/microsoft.eventgrid/topics/pstesttopic-ps3718\",\r\n    \"provisioningState\": \"Creating\",\r\n    \"destination\": {\r\n      \"properties\": {\r\n        \"endpointUrl\": null,\r\n        \"endpointBaseUrl\": \"https://eventgridrunnerfunction.azurewebsites.net/api/HttpTriggerCSharp1\"\r\n      },\r\n      \"endpointType\": \"WebHook\"\r\n    },\r\n    \"filter\": {\r\n      \"includedEventTypes\": [\r\n        \"All\"\r\n      ]\r\n    },\r\n    \"labels\": null\r\n  },\r\n  \"id\": \"/subscriptions/55f3dcd4-cac7-43b4-990b-a139d62a1eb2/resourceGroups/RGName-ps3361/providers/Microsoft.EventGrid/topics/PSTestTopic-ps3718/providers/Microsoft.EventGrid/eventSubscriptions/EventSubscription-ps6451\",\r\n  \"name\": \"EventSubscription-ps6451\",\r\n  \"type\": \"Microsoft.EventGrid/eventSubscriptions\"\r\n}",
      "StatusCode": 201
    },
    {
      "RequestUri": "/subscriptions/55f3dcd4-cac7-43b4-990b-a139d62a1eb2/providers/Microsoft.EventGrid/locations/westus2/operationsStatus/16F0FEBD-406B-4B3B-B7E8-76EFE50F61E3?api-version=2019-01-01",
      "EncodedRequestUri": "L3N1YnNjcmlwdGlvbnMvNTVmM2RjZDQtY2FjNy00M2I0LTk5MGItYTEzOWQ2MmExZWIyL3Byb3ZpZGVycy9NaWNyb3NvZnQuRXZlbnRHcmlkL2xvY2F0aW9ucy93ZXN0dXMyL29wZXJhdGlvbnNTdGF0dXMvMTZGMEZFQkQtNDA2Qi00QjNCLUI3RTgtNzZFRkU1MEY2MUUzP2FwaS12ZXJzaW9uPTIwMTktMDEtMDE=",
      "RequestMethod": "GET",
      "RequestBody": "",
      "RequestHeaders": {
        "User-Agent": [
          "FxVersion/4.6.27019.06",
          "OSName/Windows",
          "OSVersion/Microsoft.Windows.10.0.17763.",
          "Microsoft.Azure.Management.EventGrid.EventGridManagementClient/4.0.0.0"
        ]
      },
      "ResponseHeaders": {
        "Cache-Control": [
          "no-cache"
        ],
        "Pragma": [
          "no-cache"
        ],
        "Strict-Transport-Security": [
          "max-age=31536000; includeSubDomains"
        ],
        "x-ms-request-id": [
          "4a44dd0f-a016-4c6a-a284-d01a0a990a8d"
        ],
        "Server": [
          "Microsoft-HTTPAPI/2.0"
        ],
        "x-ms-ratelimit-remaining-subscription-reads": [
          "11989"
        ],
        "x-ms-correlation-request-id": [
          "df716554-39f0-4387-9146-64d3cc1e090e"
        ],
        "x-ms-routing-request-id": [
          "WESTUS2:20181220T122500Z:df716554-39f0-4387-9146-64d3cc1e090e"
        ],
        "X-Content-Type-Options": [
          "nosniff"
        ],
        "Date": [
          "Thu, 20 Dec 2018 12:24:59 GMT"
        ],
        "Content-Length": [
          "280"
        ],
        "Content-Type": [
          "application/json; charset=utf-8"
        ],
        "Expires": [
          "-1"
        ]
      },
      "ResponseBody": "{\r\n  \"id\": \"https://management.azure.com/subscriptions/55f3dcd4-cac7-43b4-990b-a139d62a1eb2/providers/Microsoft.EventGrid/locations/westus2/operationsStatus/16F0FEBD-406B-4B3B-B7E8-76EFE50F61E3?api-version=2019-01-01\",\r\n  \"name\": \"16f0febd-406b-4b3b-b7e8-76efe50f61e3\",\r\n  \"status\": \"Succeeded\"\r\n}",
      "StatusCode": 200
    },
    {
      "RequestUri": "//subscriptions/55f3dcd4-cac7-43b4-990b-a139d62a1eb2/resourceGroups/RGName-ps3361/providers/Microsoft.EventGrid/topics/PSTestTopic-ps3718/providers/Microsoft.EventGrid/eventSubscriptions/EventSubscription-ps6451?api-version=2019-01-01",
      "EncodedRequestUri": "Ly9zdWJzY3JpcHRpb25zLzU1ZjNkY2Q0LWNhYzctNDNiNC05OTBiLWExMzlkNjJhMWViMi9yZXNvdXJjZUdyb3Vwcy9SR05hbWUtcHMzMzYxL3Byb3ZpZGVycy9NaWNyb3NvZnQuRXZlbnRHcmlkL3RvcGljcy9QU1Rlc3RUb3BpYy1wczM3MTgvcHJvdmlkZXJzL01pY3Jvc29mdC5FdmVudEdyaWQvZXZlbnRTdWJzY3JpcHRpb25zL0V2ZW50U3Vic2NyaXB0aW9uLXBzNjQ1MT9hcGktdmVyc2lvbj0yMDE5LTAxLTAx",
      "RequestMethod": "GET",
      "RequestBody": "",
      "RequestHeaders": {
        "User-Agent": [
          "FxVersion/4.6.27019.06",
          "OSName/Windows",
          "OSVersion/Microsoft.Windows.10.0.17763.",
          "Microsoft.Azure.Management.EventGrid.EventGridManagementClient/4.0.0.0"
        ]
      },
      "ResponseHeaders": {
        "Cache-Control": [
          "no-cache"
        ],
        "Pragma": [
          "no-cache"
        ],
        "Strict-Transport-Security": [
          "max-age=31536000; includeSubDomains"
        ],
        "x-ms-request-id": [
          "2832cef6-6518-4c4c-b77d-8792d7270f29"
        ],
        "Server": [
          "Microsoft-HTTPAPI/2.0"
        ],
        "x-ms-ratelimit-remaining-subscription-reads": [
          "11988"
        ],
        "x-ms-correlation-request-id": [
          "c35390f6-08ca-45a2-8b49-05e287396736"
        ],
        "x-ms-routing-request-id": [
          "WESTUS2:20181220T122500Z:c35390f6-08ca-45a2-8b49-05e287396736"
        ],
        "X-Content-Type-Options": [
          "nosniff"
        ],
        "Date": [
          "Thu, 20 Dec 2018 12:25:00 GMT"
        ],
        "Content-Length": [
          "874"
        ],
        "Content-Type": [
          "application/json; charset=utf-8"
        ],
        "Expires": [
          "-1"
        ]
      },
      "ResponseBody": "{\r\n  \"properties\": {\r\n    \"topic\": \"/subscriptions/55f3dcd4-cac7-43b4-990b-a139d62a1eb2/resourceGroups/rgname-ps3361/providers/microsoft.eventgrid/topics/pstesttopic-ps3718\",\r\n    \"provisioningState\": \"Succeeded\",\r\n    \"destination\": {\r\n      \"properties\": {\r\n        \"endpointUrl\": null,\r\n        \"endpointBaseUrl\": \"https://eventgridrunnerfunction.azurewebsites.net/api/HttpTriggerCSharp1\"\r\n      },\r\n      \"endpointType\": \"WebHook\"\r\n    },\r\n    \"filter\": {\r\n      \"subjectBeginsWith\": \"\",\r\n      \"subjectEndsWith\": \"\",\r\n      \"includedEventTypes\": [\r\n        \"All\"\r\n      ]\r\n    },\r\n    \"labels\": null,\r\n    \"eventDeliverySchema\": \"EventGridSchema\",\r\n    \"retryPolicy\": {\r\n      \"maxDeliveryAttempts\": 30,\r\n      \"eventTimeToLiveInMinutes\": 1440\r\n    }\r\n  },\r\n  \"id\": \"/subscriptions/55f3dcd4-cac7-43b4-990b-a139d62a1eb2/resourceGroups/RGName-ps3361/providers/Microsoft.EventGrid/topics/PSTestTopic-ps3718/providers/Microsoft.EventGrid/eventSubscriptions/EventSubscription-ps6451\",\r\n  \"name\": \"EventSubscription-ps6451\",\r\n  \"type\": \"Microsoft.EventGrid/eventSubscriptions\"\r\n}",
      "StatusCode": 200
    },
    {
      "RequestUri": "//subscriptions/55f3dcd4-cac7-43b4-990b-a139d62a1eb2/resourceGroups/RGName-ps3361/providers/Microsoft.EventGrid/topics/PSTestTopic-ps3718/providers/Microsoft.EventGrid/eventSubscriptions/EventSubscription-ps6451?api-version=2019-01-01",
      "EncodedRequestUri": "Ly9zdWJzY3JpcHRpb25zLzU1ZjNkY2Q0LWNhYzctNDNiNC05OTBiLWExMzlkNjJhMWViMi9yZXNvdXJjZUdyb3Vwcy9SR05hbWUtcHMzMzYxL3Byb3ZpZGVycy9NaWNyb3NvZnQuRXZlbnRHcmlkL3RvcGljcy9QU1Rlc3RUb3BpYy1wczM3MTgvcHJvdmlkZXJzL01pY3Jvc29mdC5FdmVudEdyaWQvZXZlbnRTdWJzY3JpcHRpb25zL0V2ZW50U3Vic2NyaXB0aW9uLXBzNjQ1MT9hcGktdmVyc2lvbj0yMDE5LTAxLTAx",
      "RequestMethod": "GET",
      "RequestBody": "",
      "RequestHeaders": {
        "x-ms-client-request-id": [
          "bdaff474-0ed1-4666-bb27-ec05c2c8e6b7"
        ],
        "Accept-Language": [
          "en-US"
        ],
        "User-Agent": [
          "FxVersion/4.6.27019.06",
          "OSName/Windows",
          "OSVersion/Microsoft.Windows.10.0.17763.",
          "Microsoft.Azure.Management.EventGrid.EventGridManagementClient/4.0.0.0"
        ]
      },
      "ResponseHeaders": {
        "Cache-Control": [
          "no-cache"
        ],
        "Pragma": [
          "no-cache"
        ],
        "Strict-Transport-Security": [
          "max-age=31536000; includeSubDomains"
        ],
        "x-ms-request-id": [
          "f78c4f68-fc7c-4b30-8b98-2b484f441f4f"
        ],
        "Server": [
          "Microsoft-HTTPAPI/2.0"
        ],
        "x-ms-ratelimit-remaining-subscription-reads": [
          "11978"
        ],
        "x-ms-correlation-request-id": [
          "ea80397e-8d50-46fe-baf5-d69c1a8321b8"
        ],
        "x-ms-routing-request-id": [
          "WESTUS2:20181220T122526Z:ea80397e-8d50-46fe-baf5-d69c1a8321b8"
        ],
        "X-Content-Type-Options": [
          "nosniff"
        ],
        "Date": [
          "Thu, 20 Dec 2018 12:25:25 GMT"
        ],
        "Content-Length": [
          "874"
        ],
        "Content-Type": [
          "application/json; charset=utf-8"
        ],
        "Expires": [
          "-1"
        ]
      },
      "ResponseBody": "{\r\n  \"properties\": {\r\n    \"topic\": \"/subscriptions/55f3dcd4-cac7-43b4-990b-a139d62a1eb2/resourceGroups/rgname-ps3361/providers/microsoft.eventgrid/topics/pstesttopic-ps3718\",\r\n    \"provisioningState\": \"Succeeded\",\r\n    \"destination\": {\r\n      \"properties\": {\r\n        \"endpointUrl\": null,\r\n        \"endpointBaseUrl\": \"https://eventgridrunnerfunction.azurewebsites.net/api/HttpTriggerCSharp1\"\r\n      },\r\n      \"endpointType\": \"WebHook\"\r\n    },\r\n    \"filter\": {\r\n      \"subjectBeginsWith\": \"\",\r\n      \"subjectEndsWith\": \"\",\r\n      \"includedEventTypes\": [\r\n        \"All\"\r\n      ]\r\n    },\r\n    \"labels\": null,\r\n    \"eventDeliverySchema\": \"EventGridSchema\",\r\n    \"retryPolicy\": {\r\n      \"maxDeliveryAttempts\": 30,\r\n      \"eventTimeToLiveInMinutes\": 1440\r\n    }\r\n  },\r\n  \"id\": \"/subscriptions/55f3dcd4-cac7-43b4-990b-a139d62a1eb2/resourceGroups/RGName-ps3361/providers/Microsoft.EventGrid/topics/PSTestTopic-ps3718/providers/Microsoft.EventGrid/eventSubscriptions/EventSubscription-ps6451\",\r\n  \"name\": \"EventSubscription-ps6451\",\r\n  \"type\": \"Microsoft.EventGrid/eventSubscriptions\"\r\n}",
      "StatusCode": 200
    },
    {
      "RequestUri": "//subscriptions/55f3dcd4-cac7-43b4-990b-a139d62a1eb2/resourceGroups/RGName-ps3361/providers/Microsoft.EventGrid/topics/PSTestTopic-ps3718/providers/Microsoft.EventGrid/eventSubscriptions/EventSubscription-ps6451?api-version=2019-01-01",
      "EncodedRequestUri": "Ly9zdWJzY3JpcHRpb25zLzU1ZjNkY2Q0LWNhYzctNDNiNC05OTBiLWExMzlkNjJhMWViMi9yZXNvdXJjZUdyb3Vwcy9SR05hbWUtcHMzMzYxL3Byb3ZpZGVycy9NaWNyb3NvZnQuRXZlbnRHcmlkL3RvcGljcy9QU1Rlc3RUb3BpYy1wczM3MTgvcHJvdmlkZXJzL01pY3Jvc29mdC5FdmVudEdyaWQvZXZlbnRTdWJzY3JpcHRpb25zL0V2ZW50U3Vic2NyaXB0aW9uLXBzNjQ1MT9hcGktdmVyc2lvbj0yMDE5LTAxLTAx",
      "RequestMethod": "GET",
      "RequestBody": "",
      "RequestHeaders": {
        "User-Agent": [
          "FxVersion/4.6.27019.06",
          "OSName/Windows",
          "OSVersion/Microsoft.Windows.10.0.17763.",
          "Microsoft.Azure.Management.EventGrid.EventGridManagementClient/4.0.0.0"
        ]
      },
      "ResponseHeaders": {
        "Cache-Control": [
          "no-cache"
        ],
        "Pragma": [
          "no-cache"
        ],
        "Strict-Transport-Security": [
          "max-age=31536000; includeSubDomains"
        ],
        "x-ms-request-id": [
          "0bee7058-ffaf-42f1-a58b-8153f1e90190"
        ],
        "Server": [
          "Microsoft-HTTPAPI/2.0"
        ],
        "x-ms-ratelimit-remaining-subscription-reads": [
          "11976"
        ],
        "x-ms-correlation-request-id": [
          "054fd213-249d-44a2-bd0a-62c02c678428"
        ],
        "x-ms-routing-request-id": [
          "WESTUS2:20181220T122538Z:054fd213-249d-44a2-bd0a-62c02c678428"
        ],
        "X-Content-Type-Options": [
          "nosniff"
        ],
        "Date": [
          "Thu, 20 Dec 2018 12:25:38 GMT"
        ],
        "Content-Length": [
          "872"
        ],
        "Content-Type": [
          "application/json; charset=utf-8"
        ],
        "Expires": [
          "-1"
        ]
      },
      "ResponseBody": "{\r\n  \"properties\": {\r\n    \"topic\": \"/subscriptions/55f3dcd4-cac7-43b4-990b-a139d62a1eb2/resourceGroups/rgname-ps3361/providers/microsoft.eventgrid/topics/pstesttopic-ps3718\",\r\n    \"provisioningState\": \"Succeeded\",\r\n    \"destination\": {\r\n      \"properties\": {\r\n        \"endpointUrl\": null,\r\n        \"endpointBaseUrl\": \"https://eventgridrunnerfunction.azurewebsites.net/api/HttpTriggerCSharp1\"\r\n      },\r\n      \"endpointType\": \"WebHook\"\r\n    },\r\n    \"filter\": {\r\n      \"subjectBeginsWith\": \"\",\r\n      \"subjectEndsWith\": \"\",\r\n      \"includedEventTypes\": [\r\n        \"All\"\r\n      ]\r\n    },\r\n    \"labels\": null,\r\n    \"eventDeliverySchema\": \"EventGridSchema\",\r\n    \"retryPolicy\": {\r\n      \"maxDeliveryAttempts\": 20,\r\n      \"eventTimeToLiveInMinutes\": 10\r\n    }\r\n  },\r\n  \"id\": \"/subscriptions/55f3dcd4-cac7-43b4-990b-a139d62a1eb2/resourceGroups/RGName-ps3361/providers/Microsoft.EventGrid/topics/PSTestTopic-ps3718/providers/Microsoft.EventGrid/eventSubscriptions/EventSubscription-ps6451\",\r\n  \"name\": \"EventSubscription-ps6451\",\r\n  \"type\": \"Microsoft.EventGrid/eventSubscriptions\"\r\n}",
      "StatusCode": 200
    },
    {
      "RequestUri": "//subscriptions/55f3dcd4-cac7-43b4-990b-a139d62a1eb2/resourceGroups/RGName-ps3361/providers/Microsoft.EventGrid/topics/PSTestTopic-ps3718/providers/Microsoft.EventGrid/eventSubscriptions/EventSubscription-ps5554?api-version=2019-01-01",
      "EncodedRequestUri": "Ly9zdWJzY3JpcHRpb25zLzU1ZjNkY2Q0LWNhYzctNDNiNC05OTBiLWExMzlkNjJhMWViMi9yZXNvdXJjZUdyb3Vwcy9SR05hbWUtcHMzMzYxL3Byb3ZpZGVycy9NaWNyb3NvZnQuRXZlbnRHcmlkL3RvcGljcy9QU1Rlc3RUb3BpYy1wczM3MTgvcHJvdmlkZXJzL01pY3Jvc29mdC5FdmVudEdyaWQvZXZlbnRTdWJzY3JpcHRpb25zL0V2ZW50U3Vic2NyaXB0aW9uLXBzNTU1ND9hcGktdmVyc2lvbj0yMDE5LTAxLTAx",
      "RequestMethod": "PUT",
      "RequestBody": "{\r\n  \"properties\": {\r\n    \"destination\": {\r\n      \"endpointType\": \"WebHook\",\r\n      \"properties\": {\r\n        \"endpointUrl\": \"https://eventgridrunnerfunction.azurewebsites.net/api/HttpTriggerCSharp1?code=<HIDDEN>\"\r\n      }\r\n    },\r\n    \"filter\": {\r\n      \"includedEventTypes\": [\r\n        \"All\"\r\n      ],\r\n      \"isSubjectCaseSensitive\": false\r\n    },\r\n    \"retryPolicy\": {\r\n      \"maxDeliveryAttempts\": 20,\r\n      \"eventTimeToLiveInMinutes\": 50\r\n    }\r\n  }\r\n}",
      "RequestHeaders": {
        "x-ms-client-request-id": [
          "ebf33d1e-7458-41c5-a816-c80f7752461e"
        ],
        "Accept-Language": [
          "en-US"
        ],
        "User-Agent": [
          "FxVersion/4.6.27019.06",
          "OSName/Windows",
          "OSVersion/Microsoft.Windows.10.0.17763.",
          "Microsoft.Azure.Management.EventGrid.EventGridManagementClient/4.0.0.0"
        ],
        "Content-Type": [
          "application/json; charset=utf-8"
        ],
        "Content-Length": [
          "506"
        ]
      },
      "ResponseHeaders": {
        "Cache-Control": [
          "no-cache"
        ],
        "Pragma": [
          "no-cache"
        ],
        "Retry-After": [
          "10"
        ],
        "Strict-Transport-Security": [
          "max-age=31536000; includeSubDomains"
        ],
        "Azure-AsyncOperation": [
          "https://management.azure.com:443/subscriptions/55f3dcd4-cac7-43b4-990b-a139d62a1eb2/providers/Microsoft.EventGrid/locations/westus2/operationsStatus/D92ACE19-8250-442E-A03A-289DEDEFC4BB?api-version=2019-01-01"
        ],
        "x-ms-request-id": [
          "ee6bb3cd-ea1a-4e99-8816-a52a2a9fa409"
        ],
        "Server": [
          "Microsoft-HTTPAPI/2.0"
        ],
        "x-ms-ratelimit-remaining-subscription-writes": [
          "1193"
        ],
        "x-ms-correlation-request-id": [
          "1272b604-884b-45ef-be1e-48f35ef2c214"
        ],
        "x-ms-routing-request-id": [
          "WESTUS2:20181220T122501Z:1272b604-884b-45ef-be1e-48f35ef2c214"
        ],
        "X-Content-Type-Options": [
          "nosniff"
        ],
        "Date": [
          "Thu, 20 Dec 2018 12:25:00 GMT"
        ],
        "Content-Length": [
          "787"
        ],
        "Content-Type": [
          "application/json; charset=utf-8"
        ],
        "Expires": [
          "-1"
        ]
      },
      "ResponseBody": "{\r\n  \"properties\": {\r\n    \"topic\": \"/subscriptions/55f3dcd4-cac7-43b4-990b-a139d62a1eb2/resourceGroups/rgname-ps3361/providers/microsoft.eventgrid/topics/pstesttopic-ps3718\",\r\n    \"provisioningState\": \"Creating\",\r\n    \"destination\": {\r\n      \"properties\": {\r\n        \"endpointUrl\": null,\r\n        \"endpointBaseUrl\": \"https://eventgridrunnerfunction.azurewebsites.net/api/HttpTriggerCSharp1\"\r\n      },\r\n      \"endpointType\": \"WebHook\"\r\n    },\r\n    \"filter\": {\r\n      \"includedEventTypes\": [\r\n        \"All\"\r\n      ]\r\n    },\r\n    \"labels\": null,\r\n    \"retryPolicy\": {\r\n      \"maxDeliveryAttempts\": 20,\r\n      \"eventTimeToLiveInMinutes\": 50\r\n    }\r\n  },\r\n  \"id\": \"/subscriptions/55f3dcd4-cac7-43b4-990b-a139d62a1eb2/resourceGroups/RGName-ps3361/providers/Microsoft.EventGrid/topics/PSTestTopic-ps3718/providers/Microsoft.EventGrid/eventSubscriptions/EventSubscription-ps5554\",\r\n  \"name\": \"EventSubscription-ps5554\",\r\n  \"type\": \"Microsoft.EventGrid/eventSubscriptions\"\r\n}",
      "StatusCode": 201
    },
    {
      "RequestUri": "/subscriptions/55f3dcd4-cac7-43b4-990b-a139d62a1eb2/providers/Microsoft.EventGrid/locations/westus2/operationsStatus/D92ACE19-8250-442E-A03A-289DEDEFC4BB?api-version=2019-01-01",
      "EncodedRequestUri": "L3N1YnNjcmlwdGlvbnMvNTVmM2RjZDQtY2FjNy00M2I0LTk5MGItYTEzOWQ2MmExZWIyL3Byb3ZpZGVycy9NaWNyb3NvZnQuRXZlbnRHcmlkL2xvY2F0aW9ucy93ZXN0dXMyL29wZXJhdGlvbnNTdGF0dXMvRDkyQUNFMTktODI1MC00NDJFLUEwM0EtMjg5REVERUZDNEJCP2FwaS12ZXJzaW9uPTIwMTktMDEtMDE=",
      "RequestMethod": "GET",
      "RequestBody": "",
      "RequestHeaders": {
        "User-Agent": [
          "FxVersion/4.6.27019.06",
          "OSName/Windows",
          "OSVersion/Microsoft.Windows.10.0.17763.",
          "Microsoft.Azure.Management.EventGrid.EventGridManagementClient/4.0.0.0"
        ]
      },
      "ResponseHeaders": {
        "Cache-Control": [
          "no-cache"
        ],
        "Pragma": [
          "no-cache"
        ],
        "Strict-Transport-Security": [
          "max-age=31536000; includeSubDomains"
        ],
        "x-ms-request-id": [
          "5fd82aed-dea7-4480-b88f-e8e9fdca9507"
        ],
        "Server": [
          "Microsoft-HTTPAPI/2.0"
        ],
        "x-ms-ratelimit-remaining-subscription-reads": [
          "11987"
        ],
        "x-ms-correlation-request-id": [
          "e453bc33-3852-477c-a301-d6adcc1ac06b"
        ],
        "x-ms-routing-request-id": [
          "WESTUS2:20181220T122511Z:e453bc33-3852-477c-a301-d6adcc1ac06b"
        ],
        "X-Content-Type-Options": [
          "nosniff"
        ],
        "Date": [
          "Thu, 20 Dec 2018 12:25:10 GMT"
        ],
        "Content-Length": [
          "280"
        ],
        "Content-Type": [
          "application/json; charset=utf-8"
        ],
        "Expires": [
          "-1"
        ]
      },
      "ResponseBody": "{\r\n  \"id\": \"https://management.azure.com/subscriptions/55f3dcd4-cac7-43b4-990b-a139d62a1eb2/providers/Microsoft.EventGrid/locations/westus2/operationsStatus/D92ACE19-8250-442E-A03A-289DEDEFC4BB?api-version=2019-01-01\",\r\n  \"name\": \"d92ace19-8250-442e-a03a-289dedefc4bb\",\r\n  \"status\": \"Succeeded\"\r\n}",
      "StatusCode": 200
    },
    {
      "RequestUri": "//subscriptions/55f3dcd4-cac7-43b4-990b-a139d62a1eb2/resourceGroups/RGName-ps3361/providers/Microsoft.EventGrid/topics/PSTestTopic-ps3718/providers/Microsoft.EventGrid/eventSubscriptions/EventSubscription-ps5554?api-version=2019-01-01",
      "EncodedRequestUri": "Ly9zdWJzY3JpcHRpb25zLzU1ZjNkY2Q0LWNhYzctNDNiNC05OTBiLWExMzlkNjJhMWViMi9yZXNvdXJjZUdyb3Vwcy9SR05hbWUtcHMzMzYxL3Byb3ZpZGVycy9NaWNyb3NvZnQuRXZlbnRHcmlkL3RvcGljcy9QU1Rlc3RUb3BpYy1wczM3MTgvcHJvdmlkZXJzL01pY3Jvc29mdC5FdmVudEdyaWQvZXZlbnRTdWJzY3JpcHRpb25zL0V2ZW50U3Vic2NyaXB0aW9uLXBzNTU1ND9hcGktdmVyc2lvbj0yMDE5LTAxLTAx",
      "RequestMethod": "GET",
      "RequestBody": "",
      "RequestHeaders": {
        "User-Agent": [
          "FxVersion/4.6.27019.06",
          "OSName/Windows",
          "OSVersion/Microsoft.Windows.10.0.17763.",
          "Microsoft.Azure.Management.EventGrid.EventGridManagementClient/4.0.0.0"
        ]
      },
      "ResponseHeaders": {
        "Cache-Control": [
          "no-cache"
        ],
        "Pragma": [
          "no-cache"
        ],
        "Strict-Transport-Security": [
          "max-age=31536000; includeSubDomains"
        ],
        "x-ms-request-id": [
          "d09bd123-8de6-4299-aff4-ca01eedd6838"
        ],
        "Server": [
          "Microsoft-HTTPAPI/2.0"
        ],
        "x-ms-ratelimit-remaining-subscription-reads": [
          "11986"
        ],
        "x-ms-correlation-request-id": [
          "93e5e507-24b2-451e-abfe-06869be98a5b"
        ],
        "x-ms-routing-request-id": [
          "WESTUS2:20181220T122511Z:93e5e507-24b2-451e-abfe-06869be98a5b"
        ],
        "X-Content-Type-Options": [
          "nosniff"
        ],
        "Date": [
          "Thu, 20 Dec 2018 12:25:11 GMT"
        ],
        "Content-Length": [
          "872"
        ],
        "Content-Type": [
          "application/json; charset=utf-8"
        ],
        "Expires": [
          "-1"
        ]
      },
      "ResponseBody": "{\r\n  \"properties\": {\r\n    \"topic\": \"/subscriptions/55f3dcd4-cac7-43b4-990b-a139d62a1eb2/resourceGroups/rgname-ps3361/providers/microsoft.eventgrid/topics/pstesttopic-ps3718\",\r\n    \"provisioningState\": \"Succeeded\",\r\n    \"destination\": {\r\n      \"properties\": {\r\n        \"endpointUrl\": null,\r\n        \"endpointBaseUrl\": \"https://eventgridrunnerfunction.azurewebsites.net/api/HttpTriggerCSharp1\"\r\n      },\r\n      \"endpointType\": \"WebHook\"\r\n    },\r\n    \"filter\": {\r\n      \"subjectBeginsWith\": \"\",\r\n      \"subjectEndsWith\": \"\",\r\n      \"includedEventTypes\": [\r\n        \"All\"\r\n      ]\r\n    },\r\n    \"labels\": null,\r\n    \"eventDeliverySchema\": \"EventGridSchema\",\r\n    \"retryPolicy\": {\r\n      \"maxDeliveryAttempts\": 20,\r\n      \"eventTimeToLiveInMinutes\": 50\r\n    }\r\n  },\r\n  \"id\": \"/subscriptions/55f3dcd4-cac7-43b4-990b-a139d62a1eb2/resourceGroups/RGName-ps3361/providers/Microsoft.EventGrid/topics/PSTestTopic-ps3718/providers/Microsoft.EventGrid/eventSubscriptions/EventSubscription-ps5554\",\r\n  \"name\": \"EventSubscription-ps5554\",\r\n  \"type\": \"Microsoft.EventGrid/eventSubscriptions\"\r\n}",
      "StatusCode": 200
    },
    {
      "RequestUri": "//subscriptions/55f3dcd4-cac7-43b4-990b-a139d62a1eb2/resourceGroups/RGName-ps3361/providers/Microsoft.EventGrid/topics/PSTestTopic-ps3718/providers/Microsoft.EventGrid/eventSubscriptions/EventSubscription-ps5554?api-version=2019-01-01",
      "EncodedRequestUri": "Ly9zdWJzY3JpcHRpb25zLzU1ZjNkY2Q0LWNhYzctNDNiNC05OTBiLWExMzlkNjJhMWViMi9yZXNvdXJjZUdyb3Vwcy9SR05hbWUtcHMzMzYxL3Byb3ZpZGVycy9NaWNyb3NvZnQuRXZlbnRHcmlkL3RvcGljcy9QU1Rlc3RUb3BpYy1wczM3MTgvcHJvdmlkZXJzL01pY3Jvc29mdC5FdmVudEdyaWQvZXZlbnRTdWJzY3JpcHRpb25zL0V2ZW50U3Vic2NyaXB0aW9uLXBzNTU1ND9hcGktdmVyc2lvbj0yMDE5LTAxLTAx",
      "RequestMethod": "GET",
      "RequestBody": "",
      "RequestHeaders": {
        "x-ms-client-request-id": [
          "16df7619-9d81-4762-a2f8-4f183a3ff7de"
        ],
        "Accept-Language": [
          "en-US"
        ],
        "User-Agent": [
          "FxVersion/4.6.27019.06",
          "OSName/Windows",
          "OSVersion/Microsoft.Windows.10.0.17763.",
          "Microsoft.Azure.Management.EventGrid.EventGridManagementClient/4.0.0.0"
        ]
      },
      "ResponseHeaders": {
        "Cache-Control": [
          "no-cache"
        ],
        "Pragma": [
          "no-cache"
        ],
        "Strict-Transport-Security": [
          "max-age=31536000; includeSubDomains"
        ],
        "x-ms-request-id": [
          "000392ca-358b-443a-bf41-aa2553c84d1d"
        ],
        "Server": [
          "Microsoft-HTTPAPI/2.0"
        ],
        "x-ms-ratelimit-remaining-subscription-reads": [
          "11985"
        ],
        "x-ms-correlation-request-id": [
          "57a5f45d-7fb0-4523-bcc0-0658a93fed4b"
        ],
        "x-ms-routing-request-id": [
          "WESTUS2:20181220T122512Z:57a5f45d-7fb0-4523-bcc0-0658a93fed4b"
        ],
        "X-Content-Type-Options": [
          "nosniff"
        ],
        "Date": [
          "Thu, 20 Dec 2018 12:25:11 GMT"
        ],
        "Content-Length": [
          "872"
        ],
        "Content-Type": [
          "application/json; charset=utf-8"
        ],
        "Expires": [
          "-1"
        ]
      },
      "ResponseBody": "{\r\n  \"properties\": {\r\n    \"topic\": \"/subscriptions/55f3dcd4-cac7-43b4-990b-a139d62a1eb2/resourceGroups/rgname-ps3361/providers/microsoft.eventgrid/topics/pstesttopic-ps3718\",\r\n    \"provisioningState\": \"Succeeded\",\r\n    \"destination\": {\r\n      \"properties\": {\r\n        \"endpointUrl\": null,\r\n        \"endpointBaseUrl\": \"https://eventgridrunnerfunction.azurewebsites.net/api/HttpTriggerCSharp1\"\r\n      },\r\n      \"endpointType\": \"WebHook\"\r\n    },\r\n    \"filter\": {\r\n      \"subjectBeginsWith\": \"\",\r\n      \"subjectEndsWith\": \"\",\r\n      \"includedEventTypes\": [\r\n        \"All\"\r\n      ]\r\n    },\r\n    \"labels\": null,\r\n    \"eventDeliverySchema\": \"EventGridSchema\",\r\n    \"retryPolicy\": {\r\n      \"maxDeliveryAttempts\": 20,\r\n      \"eventTimeToLiveInMinutes\": 50\r\n    }\r\n  },\r\n  \"id\": \"/subscriptions/55f3dcd4-cac7-43b4-990b-a139d62a1eb2/resourceGroups/RGName-ps3361/providers/Microsoft.EventGrid/topics/PSTestTopic-ps3718/providers/Microsoft.EventGrid/eventSubscriptions/EventSubscription-ps5554\",\r\n  \"name\": \"EventSubscription-ps5554\",\r\n  \"type\": \"Microsoft.EventGrid/eventSubscriptions\"\r\n}",
      "StatusCode": 200
    },
    {
      "RequestUri": "//subscriptions/55f3dcd4-cac7-43b4-990b-a139d62a1eb2/resourceGroups/RGName-ps3361/providers/Microsoft.EventGrid/topics/PSTestTopic-ps3718/providers/Microsoft.EventGrid/eventSubscriptions/EventSubscription-ps5554/getFullUrl?api-version=2019-01-01",
      "EncodedRequestUri": "Ly9zdWJzY3JpcHRpb25zLzU1ZjNkY2Q0LWNhYzctNDNiNC05OTBiLWExMzlkNjJhMWViMi9yZXNvdXJjZUdyb3Vwcy9SR05hbWUtcHMzMzYxL3Byb3ZpZGVycy9NaWNyb3NvZnQuRXZlbnRHcmlkL3RvcGljcy9QU1Rlc3RUb3BpYy1wczM3MTgvcHJvdmlkZXJzL01pY3Jvc29mdC5FdmVudEdyaWQvZXZlbnRTdWJzY3JpcHRpb25zL0V2ZW50U3Vic2NyaXB0aW9uLXBzNTU1NC9nZXRGdWxsVXJsP2FwaS12ZXJzaW9uPTIwMTktMDEtMDE=",
      "RequestMethod": "POST",
      "RequestBody": "",
      "RequestHeaders": {
        "x-ms-client-request-id": [
          "0a4315b4-0495-4881-acc0-300cdaa30d13"
        ],
        "Accept-Language": [
          "en-US"
        ],
        "User-Agent": [
          "FxVersion/4.6.27019.06",
          "OSName/Windows",
          "OSVersion/Microsoft.Windows.10.0.17763.",
          "Microsoft.Azure.Management.EventGrid.EventGridManagementClient/4.0.0.0"
        ]
      },
      "ResponseHeaders": {
        "Cache-Control": [
          "no-cache"
        ],
        "Pragma": [
          "no-cache"
        ],
        "Strict-Transport-Security": [
          "max-age=31536000; includeSubDomains"
        ],
        "x-ms-request-id": [
          "c9fcdc1c-4118-4e0b-abf6-bc207ed2baf6"
        ],
        "Server": [
          "Microsoft-HTTPAPI/2.0"
        ],
        "x-ms-ratelimit-remaining-subscription-writes": [
          "1199"
        ],
        "x-ms-correlation-request-id": [
          "8baa1ed0-76d9-4b1a-b3ca-3e99b91969c1"
        ],
        "x-ms-routing-request-id": [
          "WESTUS2:20181220T122512Z:8baa1ed0-76d9-4b1a-b3ca-3e99b91969c1"
        ],
        "X-Content-Type-Options": [
          "nosniff"
        ],
        "Date": [
          "Thu, 20 Dec 2018 12:25:11 GMT"
        ],
        "Content-Length": [
          "152"
        ],
        "Content-Type": [
          "application/json; charset=utf-8"
        ],
        "Expires": [
          "-1"
        ]
      },
      "ResponseBody": "{\r\n  \"endpointUrl\": \"https://eventgridrunnerfunction.azurewebsites.net/api/HttpTriggerCSharp1?code=<HIDDEN>\"\r\n}",
      "StatusCode": 200
    },
    {
      "RequestUri": "//subscriptions/55f3dcd4-cac7-43b4-990b-a139d62a1eb2/resourceGroups/RGName-ps3361/providers/Microsoft.EventGrid/topics/PSTestTopic-ps3718/providers/Microsoft.EventGrid/eventSubscriptions/EventSubscription-ps8947/getFullUrl?api-version=2019-01-01",
      "EncodedRequestUri": "Ly9zdWJzY3JpcHRpb25zLzU1ZjNkY2Q0LWNhYzctNDNiNC05OTBiLWExMzlkNjJhMWViMi9yZXNvdXJjZUdyb3Vwcy9SR05hbWUtcHMzMzYxL3Byb3ZpZGVycy9NaWNyb3NvZnQuRXZlbnRHcmlkL3RvcGljcy9QU1Rlc3RUb3BpYy1wczM3MTgvcHJvdmlkZXJzL01pY3Jvc29mdC5FdmVudEdyaWQvZXZlbnRTdWJzY3JpcHRpb25zL0V2ZW50U3Vic2NyaXB0aW9uLXBzODk0Ny9nZXRGdWxsVXJsP2FwaS12ZXJzaW9uPTIwMTktMDEtMDE=",
      "RequestMethod": "POST",
      "RequestBody": "",
      "RequestHeaders": {
        "x-ms-client-request-id": [
          "a918b381-1ef5-4d4f-a679-bd892a621f99"
        ],
        "Accept-Language": [
          "en-US"
        ],
        "User-Agent": [
          "FxVersion/4.6.27019.06",
          "OSName/Windows",
          "OSVersion/Microsoft.Windows.10.0.17763.",
          "Microsoft.Azure.Management.EventGrid.EventGridManagementClient/4.0.0.0"
        ]
      },
      "ResponseHeaders": {
        "Cache-Control": [
          "no-cache"
        ],
        "Pragma": [
          "no-cache"
        ],
        "Strict-Transport-Security": [
          "max-age=31536000; includeSubDomains"
        ],
        "x-ms-request-id": [
          "25715279-c184-4988-983c-cf5cc884cbb1"
        ],
        "Server": [
          "Microsoft-HTTPAPI/2.0"
        ],
        "x-ms-ratelimit-remaining-subscription-writes": [
          "1198"
        ],
        "x-ms-correlation-request-id": [
          "02b43151-608b-4ef4-9388-1ea823a70ff4"
        ],
        "x-ms-routing-request-id": [
          "WESTUS2:20181220T122513Z:02b43151-608b-4ef4-9388-1ea823a70ff4"
        ],
        "X-Content-Type-Options": [
          "nosniff"
        ],
        "Date": [
          "Thu, 20 Dec 2018 12:25:12 GMT"
        ],
        "Content-Length": [
          "152"
        ],
        "Content-Type": [
          "application/json; charset=utf-8"
        ],
        "Expires": [
          "-1"
        ]
      },
      "ResponseBody": "{\r\n  \"endpointUrl\": \"https://eventgridrunnerfunction.azurewebsites.net/api/HttpTriggerCSharp1?code=<HIDDEN>\"\r\n}",
      "StatusCode": 200
    },
    {
      "RequestUri": "//subscriptions/55f3dcd4-cac7-43b4-990b-a139d62a1eb2/resourceGroups/RGName-ps3361/providers/Microsoft.EventGrid/topics/PSTestTopic-ps3718/providers/Microsoft.EventGrid/eventSubscriptions/EventSubscription-ps8947/getFullUrl?api-version=2019-01-01",
      "EncodedRequestUri": "Ly9zdWJzY3JpcHRpb25zLzU1ZjNkY2Q0LWNhYzctNDNiNC05OTBiLWExMzlkNjJhMWViMi9yZXNvdXJjZUdyb3Vwcy9SR05hbWUtcHMzMzYxL3Byb3ZpZGVycy9NaWNyb3NvZnQuRXZlbnRHcmlkL3RvcGljcy9QU1Rlc3RUb3BpYy1wczM3MTgvcHJvdmlkZXJzL01pY3Jvc29mdC5FdmVudEdyaWQvZXZlbnRTdWJzY3JpcHRpb25zL0V2ZW50U3Vic2NyaXB0aW9uLXBzODk0Ny9nZXRGdWxsVXJsP2FwaS12ZXJzaW9uPTIwMTktMDEtMDE=",
      "RequestMethod": "POST",
      "RequestBody": "",
      "RequestHeaders": {
        "x-ms-client-request-id": [
          "0d545c10-c716-474a-a0d1-fe37e2613860"
        ],
        "Accept-Language": [
          "en-US"
        ],
        "User-Agent": [
          "FxVersion/4.6.27019.06",
          "OSName/Windows",
          "OSVersion/Microsoft.Windows.10.0.17763.",
          "Microsoft.Azure.Management.EventGrid.EventGridManagementClient/4.0.0.0"
        ]
      },
      "ResponseHeaders": {
        "Cache-Control": [
          "no-cache"
        ],
        "Pragma": [
          "no-cache"
        ],
        "Strict-Transport-Security": [
          "max-age=31536000; includeSubDomains"
        ],
        "x-ms-request-id": [
          "850ea34e-0ac8-44a9-82b2-b4dcb60d0162"
        ],
        "Server": [
          "Microsoft-HTTPAPI/2.0"
        ],
        "x-ms-ratelimit-remaining-subscription-writes": [
          "1197"
        ],
        "x-ms-correlation-request-id": [
          "fba42f42-713b-43c7-b5a4-85278ae9bede"
        ],
        "x-ms-routing-request-id": [
          "WESTUS2:20181220T122514Z:fba42f42-713b-43c7-b5a4-85278ae9bede"
        ],
        "X-Content-Type-Options": [
          "nosniff"
        ],
        "Date": [
          "Thu, 20 Dec 2018 12:25:13 GMT"
        ],
        "Content-Length": [
          "152"
        ],
        "Content-Type": [
          "application/json; charset=utf-8"
        ],
        "Expires": [
          "-1"
        ]
      },
      "ResponseBody": "{\r\n  \"endpointUrl\": \"https://eventgridrunnerfunction.azurewebsites.net/api/HttpTriggerCSharp1?code=<HIDDEN>\"\r\n}",
      "StatusCode": 200
    },
    {
      "RequestUri": "//subscriptions/55f3dcd4-cac7-43b4-990b-a139d62a1eb2/resourceGroups/RGName-ps3361/providers/Microsoft.EventGrid/topics/PSTestTopic-ps3718/providers/Microsoft.EventGrid/eventSubscriptions/EventSubscription-ps8947?api-version=2019-01-01",
      "EncodedRequestUri": "Ly9zdWJzY3JpcHRpb25zLzU1ZjNkY2Q0LWNhYzctNDNiNC05OTBiLWExMzlkNjJhMWViMi9yZXNvdXJjZUdyb3Vwcy9SR05hbWUtcHMzMzYxL3Byb3ZpZGVycy9NaWNyb3NvZnQuRXZlbnRHcmlkL3RvcGljcy9QU1Rlc3RUb3BpYy1wczM3MTgvcHJvdmlkZXJzL01pY3Jvc29mdC5FdmVudEdyaWQvZXZlbnRTdWJzY3JpcHRpb25zL0V2ZW50U3Vic2NyaXB0aW9uLXBzODk0Nz9hcGktdmVyc2lvbj0yMDE5LTAxLTAx",
      "RequestMethod": "PATCH",
      "RequestBody": "{\r\n  \"destination\": {\r\n    \"endpointType\": \"WebHook\",\r\n    \"properties\": {\r\n      \"endpointUrl\": \"https://eventgridrunnerfunction.azurewebsites.net/api/HttpTriggerCSharp1?code=<HIDDEN>\"\r\n    }\r\n  },\r\n  \"filter\": {\r\n    \"subjectBeginsWith\": \"\",\r\n    \"subjectEndsWith\": \"\",\r\n    \"includedEventTypes\": [\r\n      \"All\"\r\n    ]\r\n  },\r\n  \"retryPolicy\": {\r\n    \"maxDeliveryAttempts\": 30,\r\n    \"eventTimeToLiveInMinutes\": 1440\r\n  }\r\n}",
      "RequestHeaders": {
        "x-ms-client-request-id": [
          "56a762af-995d-4998-8c96-785be656e0e8"
        ],
        "Accept-Language": [
          "en-US"
        ],
        "User-Agent": [
          "FxVersion/4.6.27019.06",
          "OSName/Windows",
          "OSVersion/Microsoft.Windows.10.0.17763.",
          "Microsoft.Azure.Management.EventGrid.EventGridManagementClient/4.0.0.0"
        ],
        "Content-Type": [
          "application/json; charset=utf-8"
        ],
        "Content-Length": [
          "472"
        ]
      },
      "ResponseHeaders": {
        "Cache-Control": [
          "no-cache"
        ],
        "Pragma": [
          "no-cache"
        ],
        "Retry-After": [
          "10"
        ],
        "Strict-Transport-Security": [
          "max-age=31536000; includeSubDomains"
        ],
        "Azure-AsyncOperation": [
          "https://management.azure.com:443/subscriptions/55f3dcd4-cac7-43b4-990b-a139d62a1eb2/providers/Microsoft.EventGrid/locations/westus2/operationsStatus/6D090F3A-1627-4DBE-B969-547FA4B69874?api-version=2019-01-01"
        ],
        "x-ms-request-id": [
          "eaf24b94-e022-4443-af46-36969923f3db"
        ],
        "Server": [
          "Microsoft-HTTPAPI/2.0"
        ],
        "x-ms-ratelimit-remaining-subscription-writes": [
          "1192"
        ],
        "x-ms-correlation-request-id": [
          "13560d55-f539-4517-9d77-9e1342f2544c"
        ],
        "x-ms-routing-request-id": [
          "WESTUS2:20181220T122515Z:13560d55-f539-4517-9d77-9e1342f2544c"
        ],
        "X-Content-Type-Options": [
          "nosniff"
        ],
        "Date": [
          "Thu, 20 Dec 2018 12:25:15 GMT"
        ],
        "Content-Length": [
          "873"
        ],
        "Content-Type": [
          "application/json; charset=utf-8"
        ],
        "Expires": [
          "-1"
        ]
      },
      "ResponseBody": "{\r\n  \"properties\": {\r\n    \"topic\": \"/subscriptions/55f3dcd4-cac7-43b4-990b-a139d62a1eb2/resourceGroups/rgname-ps3361/providers/microsoft.eventgrid/topics/pstesttopic-ps3718\",\r\n    \"provisioningState\": \"Updating\",\r\n    \"destination\": {\r\n      \"properties\": {\r\n        \"endpointUrl\": null,\r\n        \"endpointBaseUrl\": \"https://eventgridrunnerfunction.azurewebsites.net/api/HttpTriggerCSharp1\"\r\n      },\r\n      \"endpointType\": \"WebHook\"\r\n    },\r\n    \"filter\": {\r\n      \"subjectBeginsWith\": \"\",\r\n      \"subjectEndsWith\": \"\",\r\n      \"includedEventTypes\": [\r\n        \"All\"\r\n      ]\r\n    },\r\n    \"labels\": null,\r\n    \"eventDeliverySchema\": \"EventGridSchema\",\r\n    \"retryPolicy\": {\r\n      \"maxDeliveryAttempts\": 30,\r\n      \"eventTimeToLiveInMinutes\": 1440\r\n    }\r\n  },\r\n  \"id\": \"/subscriptions/55f3dcd4-cac7-43b4-990b-a139d62a1eb2/resourceGroups/RGName-ps3361/providers/Microsoft.EventGrid/topics/PSTestTopic-ps3718/providers/Microsoft.EventGrid/eventSubscriptions/EventSubscription-ps8947\",\r\n  \"name\": \"EventSubscription-ps8947\",\r\n  \"type\": \"Microsoft.EventGrid/eventSubscriptions\"\r\n}",
      "StatusCode": 201
    },
    {
      "RequestUri": "/subscriptions/55f3dcd4-cac7-43b4-990b-a139d62a1eb2/providers/Microsoft.EventGrid/locations/westus2/operationsStatus/6D090F3A-1627-4DBE-B969-547FA4B69874?api-version=2019-01-01",
      "EncodedRequestUri": "L3N1YnNjcmlwdGlvbnMvNTVmM2RjZDQtY2FjNy00M2I0LTk5MGItYTEzOWQ2MmExZWIyL3Byb3ZpZGVycy9NaWNyb3NvZnQuRXZlbnRHcmlkL2xvY2F0aW9ucy93ZXN0dXMyL29wZXJhdGlvbnNTdGF0dXMvNkQwOTBGM0EtMTYyNy00REJFLUI5NjktNTQ3RkE0QjY5ODc0P2FwaS12ZXJzaW9uPTIwMTktMDEtMDE=",
      "RequestMethod": "GET",
      "RequestBody": "",
      "RequestHeaders": {
        "User-Agent": [
          "FxVersion/4.6.27019.06",
          "OSName/Windows",
          "OSVersion/Microsoft.Windows.10.0.17763.",
          "Microsoft.Azure.Management.EventGrid.EventGridManagementClient/4.0.0.0"
        ]
      },
      "ResponseHeaders": {
        "Cache-Control": [
          "no-cache"
        ],
        "Pragma": [
          "no-cache"
        ],
        "Strict-Transport-Security": [
          "max-age=31536000; includeSubDomains"
        ],
        "x-ms-request-id": [
          "47ecd203-ef25-461a-b0f0-eee9a24833df"
        ],
        "Server": [
          "Microsoft-HTTPAPI/2.0"
        ],
        "x-ms-ratelimit-remaining-subscription-reads": [
          "11980"
        ],
        "x-ms-correlation-request-id": [
          "318193d7-9101-4532-9076-844f618ac9fd"
        ],
        "x-ms-routing-request-id": [
          "WESTUS2:20181220T122525Z:318193d7-9101-4532-9076-844f618ac9fd"
        ],
        "X-Content-Type-Options": [
          "nosniff"
        ],
        "Date": [
          "Thu, 20 Dec 2018 12:25:25 GMT"
        ],
        "Content-Length": [
          "280"
        ],
        "Content-Type": [
          "application/json; charset=utf-8"
        ],
        "Expires": [
          "-1"
        ]
      },
      "ResponseBody": "{\r\n  \"id\": \"https://management.azure.com/subscriptions/55f3dcd4-cac7-43b4-990b-a139d62a1eb2/providers/Microsoft.EventGrid/locations/westus2/operationsStatus/6D090F3A-1627-4DBE-B969-547FA4B69874?api-version=2019-01-01\",\r\n  \"name\": \"6d090f3a-1627-4dbe-b969-547fa4b69874\",\r\n  \"status\": \"Succeeded\"\r\n}",
      "StatusCode": 200
    },
    {
      "RequestUri": "//subscriptions/55f3dcd4-cac7-43b4-990b-a139d62a1eb2/resourceGroups/RGName-ps3361/providers/Microsoft.EventGrid/topics/PSTestTopic-ps3718/providers/Microsoft.EventGrid/eventSubscriptions/EventSubscription-ps6451?api-version=2019-01-01",
      "EncodedRequestUri": "Ly9zdWJzY3JpcHRpb25zLzU1ZjNkY2Q0LWNhYzctNDNiNC05OTBiLWExMzlkNjJhMWViMi9yZXNvdXJjZUdyb3Vwcy9SR05hbWUtcHMzMzYxL3Byb3ZpZGVycy9NaWNyb3NvZnQuRXZlbnRHcmlkL3RvcGljcy9QU1Rlc3RUb3BpYy1wczM3MTgvcHJvdmlkZXJzL01pY3Jvc29mdC5FdmVudEdyaWQvZXZlbnRTdWJzY3JpcHRpb25zL0V2ZW50U3Vic2NyaXB0aW9uLXBzNjQ1MT9hcGktdmVyc2lvbj0yMDE5LTAxLTAx",
      "RequestMethod": "PATCH",
      "RequestBody": "{\r\n  \"destination\": {\r\n    \"endpointType\": \"WebHook\",\r\n    \"properties\": {\r\n      \"endpointUrl\": \"https://eventgridrunnerfunction.azurewebsites.net/api/HttpTriggerCSharp1?code=<HIDDEN>\"\r\n    }\r\n  },\r\n  \"filter\": {\r\n    \"subjectBeginsWith\": \"\",\r\n    \"subjectEndsWith\": \"\",\r\n    \"includedEventTypes\": [\r\n      \"All\"\r\n    ]\r\n  },\r\n  \"retryPolicy\": {\r\n    \"maxDeliveryAttempts\": 20,\r\n    \"eventTimeToLiveInMinutes\": 10\r\n  }\r\n}",
      "RequestHeaders": {
        "x-ms-client-request-id": [
          "c8af62e0-2f8c-41e4-8771-d654c3e997e2"
        ],
        "Accept-Language": [
          "en-US"
        ],
        "User-Agent": [
          "FxVersion/4.6.27019.06",
          "OSName/Windows",
          "OSVersion/Microsoft.Windows.10.0.17763.",
          "Microsoft.Azure.Management.EventGrid.EventGridManagementClient/4.0.0.0"
        ],
        "Content-Type": [
          "application/json; charset=utf-8"
        ],
        "Content-Length": [
          "470"
        ]
      },
      "ResponseHeaders": {
        "Cache-Control": [
          "no-cache"
        ],
        "Pragma": [
          "no-cache"
        ],
        "Retry-After": [
          "10"
        ],
        "Strict-Transport-Security": [
          "max-age=31536000; includeSubDomains"
        ],
        "Azure-AsyncOperation": [
          "https://management.azure.com:443/subscriptions/55f3dcd4-cac7-43b4-990b-a139d62a1eb2/providers/Microsoft.EventGrid/locations/westus2/operationsStatus/2BC7F49C-5B54-4D59-B0CA-A9A7BBC23635?api-version=2019-01-01"
        ],
        "x-ms-request-id": [
          "d948168b-6e1d-47b9-99ab-a67f3798c4bf"
        ],
        "Server": [
          "Microsoft-HTTPAPI/2.0"
        ],
        "x-ms-ratelimit-remaining-subscription-writes": [
          "1191"
        ],
        "x-ms-correlation-request-id": [
          "8e2a6137-373a-464a-9844-21b1c3cb82da"
        ],
        "x-ms-routing-request-id": [
          "WESTUS2:20181220T122527Z:8e2a6137-373a-464a-9844-21b1c3cb82da"
        ],
        "X-Content-Type-Options": [
          "nosniff"
        ],
        "Date": [
          "Thu, 20 Dec 2018 12:25:26 GMT"
        ],
        "Content-Length": [
          "871"
        ],
        "Content-Type": [
          "application/json; charset=utf-8"
        ],
        "Expires": [
          "-1"
        ]
      },
      "ResponseBody": "{\r\n  \"properties\": {\r\n    \"topic\": \"/subscriptions/55f3dcd4-cac7-43b4-990b-a139d62a1eb2/resourceGroups/rgname-ps3361/providers/microsoft.eventgrid/topics/pstesttopic-ps3718\",\r\n    \"provisioningState\": \"Updating\",\r\n    \"destination\": {\r\n      \"properties\": {\r\n        \"endpointUrl\": null,\r\n        \"endpointBaseUrl\": \"https://eventgridrunnerfunction.azurewebsites.net/api/HttpTriggerCSharp1\"\r\n      },\r\n      \"endpointType\": \"WebHook\"\r\n    },\r\n    \"filter\": {\r\n      \"subjectBeginsWith\": \"\",\r\n      \"subjectEndsWith\": \"\",\r\n      \"includedEventTypes\": [\r\n        \"All\"\r\n      ]\r\n    },\r\n    \"labels\": null,\r\n    \"eventDeliverySchema\": \"EventGridSchema\",\r\n    \"retryPolicy\": {\r\n      \"maxDeliveryAttempts\": 20,\r\n      \"eventTimeToLiveInMinutes\": 10\r\n    }\r\n  },\r\n  \"id\": \"/subscriptions/55f3dcd4-cac7-43b4-990b-a139d62a1eb2/resourceGroups/RGName-ps3361/providers/Microsoft.EventGrid/topics/PSTestTopic-ps3718/providers/Microsoft.EventGrid/eventSubscriptions/EventSubscription-ps6451\",\r\n  \"name\": \"EventSubscription-ps6451\",\r\n  \"type\": \"Microsoft.EventGrid/eventSubscriptions\"\r\n}",
      "StatusCode": 201
    },
    {
      "RequestUri": "/subscriptions/55f3dcd4-cac7-43b4-990b-a139d62a1eb2/providers/Microsoft.EventGrid/locations/westus2/operationsStatus/2BC7F49C-5B54-4D59-B0CA-A9A7BBC23635?api-version=2019-01-01",
      "EncodedRequestUri": "L3N1YnNjcmlwdGlvbnMvNTVmM2RjZDQtY2FjNy00M2I0LTk5MGItYTEzOWQ2MmExZWIyL3Byb3ZpZGVycy9NaWNyb3NvZnQuRXZlbnRHcmlkL2xvY2F0aW9ucy93ZXN0dXMyL29wZXJhdGlvbnNTdGF0dXMvMkJDN0Y0OUMtNUI1NC00RDU5LUIwQ0EtQTlBN0JCQzIzNjM1P2FwaS12ZXJzaW9uPTIwMTktMDEtMDE=",
      "RequestMethod": "GET",
      "RequestBody": "",
      "RequestHeaders": {
        "User-Agent": [
          "FxVersion/4.6.27019.06",
          "OSName/Windows",
          "OSVersion/Microsoft.Windows.10.0.17763.",
          "Microsoft.Azure.Management.EventGrid.EventGridManagementClient/4.0.0.0"
        ]
      },
      "ResponseHeaders": {
        "Cache-Control": [
          "no-cache"
        ],
        "Pragma": [
          "no-cache"
        ],
        "Strict-Transport-Security": [
          "max-age=31536000; includeSubDomains"
        ],
        "x-ms-request-id": [
          "258eb0f9-3ae6-4b2e-bfdd-0e6e5d411eb2"
        ],
        "x-ms-ratelimit-remaining-subscription-reads": [
          "11977"
        ],
        "Server": [
          "Microsoft-HTTPAPI/2.0"
        ],
        "x-ms-correlation-request-id": [
          "f7f203fb-bf84-4f01-a415-d0c82a7469d5"
        ],
        "x-ms-routing-request-id": [
          "WESTUS2:20181220T122537Z:f7f203fb-bf84-4f01-a415-d0c82a7469d5"
        ],
        "X-Content-Type-Options": [
          "nosniff"
        ],
        "Date": [
          "Thu, 20 Dec 2018 12:25:37 GMT"
        ],
        "Content-Length": [
          "280"
        ],
        "Content-Type": [
          "application/json; charset=utf-8"
        ],
        "Expires": [
          "-1"
        ]
      },
      "ResponseBody": "{\r\n  \"id\": \"https://management.azure.com/subscriptions/55f3dcd4-cac7-43b4-990b-a139d62a1eb2/providers/Microsoft.EventGrid/locations/westus2/operationsStatus/2BC7F49C-5B54-4D59-B0CA-A9A7BBC23635?api-version=2019-01-01\",\r\n  \"name\": \"2bc7f49c-5b54-4d59-b0ca-a9a7bbc23635\",\r\n  \"status\": \"Succeeded\"\r\n}",
      "StatusCode": 200
    },
    {
      "RequestUri": "/subscriptions/55f3dcd4-cac7-43b4-990b-a139d62a1eb2/resourceGroups/RGName-ps3361/providers/Microsoft.EventGrid/topics/PSTestTopic-ps3718/providers/Microsoft.EventGrid/eventSubscriptions?api-version=2019-01-01",
      "EncodedRequestUri": "L3N1YnNjcmlwdGlvbnMvNTVmM2RjZDQtY2FjNy00M2I0LTk5MGItYTEzOWQ2MmExZWIyL3Jlc291cmNlR3JvdXBzL1JHTmFtZS1wczMzNjEvcHJvdmlkZXJzL01pY3Jvc29mdC5FdmVudEdyaWQvdG9waWNzL1BTVGVzdFRvcGljLXBzMzcxOC9wcm92aWRlcnMvTWljcm9zb2Z0LkV2ZW50R3JpZC9ldmVudFN1YnNjcmlwdGlvbnM/YXBpLXZlcnNpb249MjAxOS0wMS0wMQ==",
      "RequestMethod": "GET",
      "RequestBody": "",
      "RequestHeaders": {
        "x-ms-client-request-id": [
          "173b1727-61fa-4c5e-b911-6a518d0bb2fa"
        ],
        "Accept-Language": [
          "en-US"
        ],
        "User-Agent": [
          "FxVersion/4.6.27019.06",
          "OSName/Windows",
          "OSVersion/Microsoft.Windows.10.0.17763.",
          "Microsoft.Azure.Management.EventGrid.EventGridManagementClient/4.0.0.0"
        ]
      },
      "ResponseHeaders": {
        "Cache-Control": [
          "no-cache"
        ],
        "Pragma": [
          "no-cache"
        ],
        "Strict-Transport-Security": [
          "max-age=31536000; includeSubDomains"
        ],
        "x-ms-request-id": [
          "1dd76ef9-6daf-4e6e-8907-7051439dd1c6"
        ],
        "Server": [
          "Microsoft-HTTPAPI/2.0"
        ],
        "x-ms-ratelimit-remaining-subscription-reads": [
          "11975"
        ],
        "x-ms-correlation-request-id": [
          "32c64974-628c-4b31-9a14-a43f427e1cd1"
        ],
        "x-ms-routing-request-id": [
          "WESTUS2:20181220T122538Z:32c64974-628c-4b31-9a14-a43f427e1cd1"
        ],
        "X-Content-Type-Options": [
          "nosniff"
        ],
        "Date": [
          "Thu, 20 Dec 2018 12:25:38 GMT"
        ],
        "Content-Length": [
          "2632"
        ],
        "Content-Type": [
          "application/json; charset=utf-8"
        ],
        "Expires": [
          "-1"
        ]
      },
      "ResponseBody": "{\r\n  \"value\": [\r\n    {\r\n      \"properties\": {\r\n        \"topic\": \"/subscriptions/55f3dcd4-cac7-43b4-990b-a139d62a1eb2/resourceGroups/rgname-ps3361/providers/microsoft.eventgrid/topics/pstesttopic-ps3718\",\r\n        \"provisioningState\": \"Succeeded\",\r\n        \"destination\": {\r\n          \"properties\": {\r\n            \"endpointUrl\": null,\r\n            \"endpointBaseUrl\": \"https://eventgridrunnerfunction.azurewebsites.net/api/HttpTriggerCSharp1\"\r\n          },\r\n          \"endpointType\": \"WebHook\"\r\n        },\r\n        \"filter\": {\r\n          \"subjectBeginsWith\": \"\",\r\n          \"subjectEndsWith\": \"\",\r\n          \"includedEventTypes\": [\r\n            \"All\"\r\n          ]\r\n        },\r\n        \"labels\": null,\r\n        \"eventDeliverySchema\": \"EventGridSchema\",\r\n        \"retryPolicy\": {\r\n          \"maxDeliveryAttempts\": 30,\r\n          \"eventTimeToLiveInMinutes\": 1440\r\n        }\r\n      },\r\n      \"id\": \"/subscriptions/55f3dcd4-cac7-43b4-990b-a139d62a1eb2/resourceGroups/RGName-ps3361/providers/Microsoft.EventGrid/topics/PSTestTopic-ps3718/providers/Microsoft.EventGrid/eventSubscriptions/EventSubscription-ps8947\",\r\n      \"name\": \"EventSubscription-ps8947\",\r\n      \"type\": \"Microsoft.EventGrid/eventSubscriptions\"\r\n    },\r\n    {\r\n      \"properties\": {\r\n        \"topic\": \"/subscriptions/55f3dcd4-cac7-43b4-990b-a139d62a1eb2/resourceGroups/rgname-ps3361/providers/microsoft.eventgrid/topics/pstesttopic-ps3718\",\r\n        \"provisioningState\": \"Succeeded\",\r\n        \"destination\": {\r\n          \"properties\": {\r\n            \"endpointUrl\": null,\r\n            \"endpointBaseUrl\": \"https://eventgridrunnerfunction.azurewebsites.net/api/HttpTriggerCSharp1\"\r\n          },\r\n          \"endpointType\": \"WebHook\"\r\n        },\r\n        \"filter\": {\r\n          \"subjectBeginsWith\": \"\",\r\n          \"subjectEndsWith\": \"\",\r\n          \"includedEventTypes\": [\r\n            \"All\"\r\n          ]\r\n        },\r\n        \"labels\": null,\r\n        \"eventDeliverySchema\": \"EventGridSchema\",\r\n        \"retryPolicy\": {\r\n          \"maxDeliveryAttempts\": 20,\r\n          \"eventTimeToLiveInMinutes\": 10\r\n        }\r\n      },\r\n      \"id\": \"/subscriptions/55f3dcd4-cac7-43b4-990b-a139d62a1eb2/resourceGroups/RGName-ps3361/providers/Microsoft.EventGrid/topics/PSTestTopic-ps3718/providers/Microsoft.EventGrid/eventSubscriptions/EventSubscription-ps6451\",\r\n      \"name\": \"EventSubscription-ps6451\",\r\n      \"type\": \"Microsoft.EventGrid/eventSubscriptions\"\r\n    },\r\n    {\r\n      \"properties\": {\r\n        \"topic\": \"/subscriptions/55f3dcd4-cac7-43b4-990b-a139d62a1eb2/resourceGroups/rgname-ps3361/providers/microsoft.eventgrid/topics/pstesttopic-ps3718\",\r\n        \"provisioningState\": \"Succeeded\",\r\n        \"destination\": {\r\n          \"properties\": {\r\n            \"endpointUrl\": null,\r\n            \"endpointBaseUrl\": \"https://eventgridrunnerfunction.azurewebsites.net/api/HttpTriggerCSharp1\"\r\n          },\r\n          \"endpointType\": \"WebHook\"\r\n        },\r\n        \"filter\": {\r\n          \"subjectBeginsWith\": \"\",\r\n          \"subjectEndsWith\": \"\",\r\n          \"includedEventTypes\": [\r\n            \"All\"\r\n          ]\r\n        },\r\n        \"labels\": null,\r\n        \"eventDeliverySchema\": \"EventGridSchema\",\r\n        \"retryPolicy\": {\r\n          \"maxDeliveryAttempts\": 20,\r\n          \"eventTimeToLiveInMinutes\": 50\r\n        }\r\n      },\r\n      \"id\": \"/subscriptions/55f3dcd4-cac7-43b4-990b-a139d62a1eb2/resourceGroups/RGName-ps3361/providers/Microsoft.EventGrid/topics/PSTestTopic-ps3718/providers/Microsoft.EventGrid/eventSubscriptions/EventSubscription-ps5554\",\r\n      \"name\": \"EventSubscription-ps5554\",\r\n      \"type\": \"Microsoft.EventGrid/eventSubscriptions\"\r\n    }\r\n  ]\r\n}",
      "StatusCode": 200
    },
    {
      "RequestUri": "/subscriptions/55f3dcd4-cac7-43b4-990b-a139d62a1eb2/resourceGroups/RGName-ps3361/providers/Microsoft.EventGrid/topics/PSTestTopic-ps3718/providers/Microsoft.EventGrid/eventSubscriptions?api-version=2019-01-01",
      "EncodedRequestUri": "L3N1YnNjcmlwdGlvbnMvNTVmM2RjZDQtY2FjNy00M2I0LTk5MGItYTEzOWQ2MmExZWIyL3Jlc291cmNlR3JvdXBzL1JHTmFtZS1wczMzNjEvcHJvdmlkZXJzL01pY3Jvc29mdC5FdmVudEdyaWQvdG9waWNzL1BTVGVzdFRvcGljLXBzMzcxOC9wcm92aWRlcnMvTWljcm9zb2Z0LkV2ZW50R3JpZC9ldmVudFN1YnNjcmlwdGlvbnM/YXBpLXZlcnNpb249MjAxOS0wMS0wMQ==",
      "RequestMethod": "GET",
      "RequestBody": "",
      "RequestHeaders": {
        "x-ms-client-request-id": [
          "380831d2-b4c3-4ebd-919f-84263844e839"
        ],
        "Accept-Language": [
          "en-US"
        ],
        "User-Agent": [
          "FxVersion/4.6.27019.06",
          "OSName/Windows",
          "OSVersion/Microsoft.Windows.10.0.17763.",
          "Microsoft.Azure.Management.EventGrid.EventGridManagementClient/4.0.0.0"
        ]
      },
      "ResponseHeaders": {
        "Cache-Control": [
          "no-cache"
        ],
        "Pragma": [
          "no-cache"
        ],
        "Strict-Transport-Security": [
          "max-age=31536000; includeSubDomains"
        ],
        "x-ms-request-id": [
          "55270e87-868b-43d4-85e4-1f91b03b31fc"
        ],
        "Server": [
          "Microsoft-HTTPAPI/2.0"
        ],
        "x-ms-ratelimit-remaining-subscription-reads": [
          "11973"
        ],
        "x-ms-correlation-request-id": [
          "64778724-ece9-43a8-a344-e78bfd3ef624"
        ],
        "x-ms-routing-request-id": [
          "WESTUS2:20181220T122541Z:64778724-ece9-43a8-a344-e78bfd3ef624"
        ],
        "X-Content-Type-Options": [
          "nosniff"
        ],
        "Date": [
          "Thu, 20 Dec 2018 12:25:41 GMT"
        ],
        "Content-Length": [
          "2632"
        ],
        "Content-Type": [
          "application/json; charset=utf-8"
        ],
        "Expires": [
          "-1"
        ]
      },
      "ResponseBody": "{\r\n  \"value\": [\r\n    {\r\n      \"properties\": {\r\n        \"topic\": \"/subscriptions/55f3dcd4-cac7-43b4-990b-a139d62a1eb2/resourceGroups/rgname-ps3361/providers/microsoft.eventgrid/topics/pstesttopic-ps3718\",\r\n        \"provisioningState\": \"Succeeded\",\r\n        \"destination\": {\r\n          \"properties\": {\r\n            \"endpointUrl\": null,\r\n            \"endpointBaseUrl\": \"https://eventgridrunnerfunction.azurewebsites.net/api/HttpTriggerCSharp1\"\r\n          },\r\n          \"endpointType\": \"WebHook\"\r\n        },\r\n        \"filter\": {\r\n          \"subjectBeginsWith\": \"\",\r\n          \"subjectEndsWith\": \"\",\r\n          \"includedEventTypes\": [\r\n            \"All\"\r\n          ]\r\n        },\r\n        \"labels\": null,\r\n        \"eventDeliverySchema\": \"EventGridSchema\",\r\n        \"retryPolicy\": {\r\n          \"maxDeliveryAttempts\": 30,\r\n          \"eventTimeToLiveInMinutes\": 1440\r\n        }\r\n      },\r\n      \"id\": \"/subscriptions/55f3dcd4-cac7-43b4-990b-a139d62a1eb2/resourceGroups/RGName-ps3361/providers/Microsoft.EventGrid/topics/PSTestTopic-ps3718/providers/Microsoft.EventGrid/eventSubscriptions/EventSubscription-ps8947\",\r\n      \"name\": \"EventSubscription-ps8947\",\r\n      \"type\": \"Microsoft.EventGrid/eventSubscriptions\"\r\n    },\r\n    {\r\n      \"properties\": {\r\n        \"topic\": \"/subscriptions/55f3dcd4-cac7-43b4-990b-a139d62a1eb2/resourceGroups/rgname-ps3361/providers/microsoft.eventgrid/topics/pstesttopic-ps3718\",\r\n        \"provisioningState\": \"Succeeded\",\r\n        \"destination\": {\r\n          \"properties\": {\r\n            \"endpointUrl\": null,\r\n            \"endpointBaseUrl\": \"https://eventgridrunnerfunction.azurewebsites.net/api/HttpTriggerCSharp1\"\r\n          },\r\n          \"endpointType\": \"WebHook\"\r\n        },\r\n        \"filter\": {\r\n          \"subjectBeginsWith\": \"\",\r\n          \"subjectEndsWith\": \"\",\r\n          \"includedEventTypes\": [\r\n            \"All\"\r\n          ]\r\n        },\r\n        \"labels\": null,\r\n        \"eventDeliverySchema\": \"EventGridSchema\",\r\n        \"retryPolicy\": {\r\n          \"maxDeliveryAttempts\": 20,\r\n          \"eventTimeToLiveInMinutes\": 10\r\n        }\r\n      },\r\n      \"id\": \"/subscriptions/55f3dcd4-cac7-43b4-990b-a139d62a1eb2/resourceGroups/RGName-ps3361/providers/Microsoft.EventGrid/topics/PSTestTopic-ps3718/providers/Microsoft.EventGrid/eventSubscriptions/EventSubscription-ps6451\",\r\n      \"name\": \"EventSubscription-ps6451\",\r\n      \"type\": \"Microsoft.EventGrid/eventSubscriptions\"\r\n    },\r\n    {\r\n      \"properties\": {\r\n        \"topic\": \"/subscriptions/55f3dcd4-cac7-43b4-990b-a139d62a1eb2/resourceGroups/rgname-ps3361/providers/microsoft.eventgrid/topics/pstesttopic-ps3718\",\r\n        \"provisioningState\": \"Succeeded\",\r\n        \"destination\": {\r\n          \"properties\": {\r\n            \"endpointUrl\": null,\r\n            \"endpointBaseUrl\": \"https://eventgridrunnerfunction.azurewebsites.net/api/HttpTriggerCSharp1\"\r\n          },\r\n          \"endpointType\": \"WebHook\"\r\n        },\r\n        \"filter\": {\r\n          \"subjectBeginsWith\": \"\",\r\n          \"subjectEndsWith\": \"\",\r\n          \"includedEventTypes\": [\r\n            \"All\"\r\n          ]\r\n        },\r\n        \"labels\": null,\r\n        \"eventDeliverySchema\": \"EventGridSchema\",\r\n        \"retryPolicy\": {\r\n          \"maxDeliveryAttempts\": 20,\r\n          \"eventTimeToLiveInMinutes\": 50\r\n        }\r\n      },\r\n      \"id\": \"/subscriptions/55f3dcd4-cac7-43b4-990b-a139d62a1eb2/resourceGroups/RGName-ps3361/providers/Microsoft.EventGrid/topics/PSTestTopic-ps3718/providers/Microsoft.EventGrid/eventSubscriptions/EventSubscription-ps5554\",\r\n      \"name\": \"EventSubscription-ps5554\",\r\n      \"type\": \"Microsoft.EventGrid/eventSubscriptions\"\r\n    }\r\n  ]\r\n}",
      "StatusCode": 200
    },
    {
      "RequestUri": "/subscriptions/55f3dcd4-cac7-43b4-990b-a139d62a1eb2/resourceGroups/RGName-ps3361/providers/Microsoft.EventGrid/topics/PSTestTopic-ps3718/providers/Microsoft.EventGrid/eventSubscriptions?api-version=2019-01-01",
      "EncodedRequestUri": "L3N1YnNjcmlwdGlvbnMvNTVmM2RjZDQtY2FjNy00M2I0LTk5MGItYTEzOWQ2MmExZWIyL3Jlc291cmNlR3JvdXBzL1JHTmFtZS1wczMzNjEvcHJvdmlkZXJzL01pY3Jvc29mdC5FdmVudEdyaWQvdG9waWNzL1BTVGVzdFRvcGljLXBzMzcxOC9wcm92aWRlcnMvTWljcm9zb2Z0LkV2ZW50R3JpZC9ldmVudFN1YnNjcmlwdGlvbnM/YXBpLXZlcnNpb249MjAxOS0wMS0wMQ==",
      "RequestMethod": "GET",
      "RequestBody": "",
      "RequestHeaders": {
        "x-ms-client-request-id": [
          "4c76c9df-b939-4828-9377-599722ad0132"
        ],
        "Accept-Language": [
          "en-US"
        ],
        "User-Agent": [
          "FxVersion/4.6.27019.06",
          "OSName/Windows",
          "OSVersion/Microsoft.Windows.10.0.17763.",
          "Microsoft.Azure.Management.EventGrid.EventGridManagementClient/4.0.0.0"
        ]
      },
      "ResponseHeaders": {
        "Cache-Control": [
          "no-cache"
        ],
        "Pragma": [
          "no-cache"
        ],
        "Strict-Transport-Security": [
          "max-age=31536000; includeSubDomains"
        ],
        "x-ms-request-id": [
          "a0e6dd6b-a051-4c4c-ad08-886da9828ce2"
        ],
        "Server": [
          "Microsoft-HTTPAPI/2.0"
        ],
        "x-ms-ratelimit-remaining-subscription-reads": [
          "11964"
        ],
        "x-ms-correlation-request-id": [
          "16f44623-4137-4910-a30b-40cea34d524f"
        ],
        "x-ms-routing-request-id": [
          "WESTUS2:20181220T122615Z:16f44623-4137-4910-a30b-40cea34d524f"
        ],
        "X-Content-Type-Options": [
          "nosniff"
        ],
        "Date": [
          "Thu, 20 Dec 2018 12:26:14 GMT"
        ],
        "Content-Length": [
          "12"
        ],
        "Content-Type": [
          "application/json; charset=utf-8"
        ],
        "Expires": [
          "-1"
        ]
      },
      "ResponseBody": "{\r\n  \"value\": []\r\n}",
      "StatusCode": 200
    },
    {
      "RequestUri": "//subscriptions/55f3dcd4-cac7-43b4-990b-a139d62a1eb2/resourceGroups/rgname-ps3361/providers/microsoft.eventgrid/topics/pstesttopic-ps3718/providers/Microsoft.EventGrid/eventSubscriptions/EventSubscription-ps8947/getFullUrl?api-version=2019-01-01",
      "EncodedRequestUri": "Ly9zdWJzY3JpcHRpb25zLzU1ZjNkY2Q0LWNhYzctNDNiNC05OTBiLWExMzlkNjJhMWViMi9yZXNvdXJjZUdyb3Vwcy9yZ25hbWUtcHMzMzYxL3Byb3ZpZGVycy9taWNyb3NvZnQuZXZlbnRncmlkL3RvcGljcy9wc3Rlc3R0b3BpYy1wczM3MTgvcHJvdmlkZXJzL01pY3Jvc29mdC5FdmVudEdyaWQvZXZlbnRTdWJzY3JpcHRpb25zL0V2ZW50U3Vic2NyaXB0aW9uLXBzODk0Ny9nZXRGdWxsVXJsP2FwaS12ZXJzaW9uPTIwMTktMDEtMDE=",
      "RequestMethod": "POST",
      "RequestBody": "",
      "RequestHeaders": {
        "x-ms-client-request-id": [
          "fd610dae-19c1-49aa-b812-b190fbb6697d"
        ],
        "Accept-Language": [
          "en-US"
        ],
        "User-Agent": [
          "FxVersion/4.6.27019.06",
          "OSName/Windows",
          "OSVersion/Microsoft.Windows.10.0.17763.",
          "Microsoft.Azure.Management.EventGrid.EventGridManagementClient/4.0.0.0"
        ]
      },
      "ResponseHeaders": {
        "Cache-Control": [
          "no-cache"
        ],
        "Pragma": [
          "no-cache"
        ],
        "Strict-Transport-Security": [
          "max-age=31536000; includeSubDomains"
        ],
        "x-ms-request-id": [
          "d42db958-c083-43ab-b51e-20d7c1659a8e"
        ],
        "Server": [
          "Microsoft-HTTPAPI/2.0"
        ],
        "x-ms-ratelimit-remaining-subscription-writes": [
          "1196"
        ],
        "x-ms-correlation-request-id": [
          "89a53313-ef5a-4892-8572-03b4be205ff6"
        ],
        "x-ms-routing-request-id": [
          "WESTUS2:20181220T122539Z:89a53313-ef5a-4892-8572-03b4be205ff6"
        ],
        "X-Content-Type-Options": [
          "nosniff"
        ],
        "Date": [
          "Thu, 20 Dec 2018 12:25:39 GMT"
        ],
        "Content-Length": [
          "152"
        ],
        "Content-Type": [
          "application/json; charset=utf-8"
        ],
        "Expires": [
          "-1"
        ]
      },
      "ResponseBody": "{\r\n  \"endpointUrl\": \"https://eventgridrunnerfunction.azurewebsites.net/api/HttpTriggerCSharp1?code=<HIDDEN>\"\r\n}",
      "StatusCode": 200
    },
    {
      "RequestUri": "//subscriptions/55f3dcd4-cac7-43b4-990b-a139d62a1eb2/resourceGroups/rgname-ps3361/providers/microsoft.eventgrid/topics/pstesttopic-ps3718/providers/Microsoft.EventGrid/eventSubscriptions/EventSubscription-ps6451/getFullUrl?api-version=2019-01-01",
      "EncodedRequestUri": "Ly9zdWJzY3JpcHRpb25zLzU1ZjNkY2Q0LWNhYzctNDNiNC05OTBiLWExMzlkNjJhMWViMi9yZXNvdXJjZUdyb3Vwcy9yZ25hbWUtcHMzMzYxL3Byb3ZpZGVycy9taWNyb3NvZnQuZXZlbnRncmlkL3RvcGljcy9wc3Rlc3R0b3BpYy1wczM3MTgvcHJvdmlkZXJzL01pY3Jvc29mdC5FdmVudEdyaWQvZXZlbnRTdWJzY3JpcHRpb25zL0V2ZW50U3Vic2NyaXB0aW9uLXBzNjQ1MS9nZXRGdWxsVXJsP2FwaS12ZXJzaW9uPTIwMTktMDEtMDE=",
      "RequestMethod": "POST",
      "RequestBody": "",
      "RequestHeaders": {
        "x-ms-client-request-id": [
          "a4b7d062-b760-43c4-8c85-c5497ad572b1"
        ],
        "Accept-Language": [
          "en-US"
        ],
        "User-Agent": [
          "FxVersion/4.6.27019.06",
          "OSName/Windows",
          "OSVersion/Microsoft.Windows.10.0.17763.",
          "Microsoft.Azure.Management.EventGrid.EventGridManagementClient/4.0.0.0"
        ]
      },
      "ResponseHeaders": {
        "Cache-Control": [
          "no-cache"
        ],
        "Pragma": [
          "no-cache"
        ],
        "Strict-Transport-Security": [
          "max-age=31536000; includeSubDomains"
        ],
        "x-ms-request-id": [
          "e45c725a-a695-47c7-b744-6816f0eca21a"
        ],
        "Server": [
          "Microsoft-HTTPAPI/2.0"
        ],
        "x-ms-ratelimit-remaining-subscription-writes": [
          "1195"
        ],
        "x-ms-correlation-request-id": [
          "5c21e66e-6967-4f0f-87d3-7d1e7927421f"
        ],
        "x-ms-routing-request-id": [
          "WESTUS2:20181220T122539Z:5c21e66e-6967-4f0f-87d3-7d1e7927421f"
        ],
        "X-Content-Type-Options": [
          "nosniff"
        ],
        "Date": [
          "Thu, 20 Dec 2018 12:25:39 GMT"
        ],
        "Content-Length": [
          "152"
        ],
        "Content-Type": [
          "application/json; charset=utf-8"
        ],
        "Expires": [
          "-1"
        ]
      },
      "ResponseBody": "{\r\n  \"endpointUrl\": \"https://eventgridrunnerfunction.azurewebsites.net/api/HttpTriggerCSharp1?code=<HIDDEN>\"\r\n}",
      "StatusCode": 200
    },
    {
      "RequestUri": "//subscriptions/55f3dcd4-cac7-43b4-990b-a139d62a1eb2/resourceGroups/rgname-ps3361/providers/microsoft.eventgrid/topics/pstesttopic-ps3718/providers/Microsoft.EventGrid/eventSubscriptions/EventSubscription-ps5554/getFullUrl?api-version=2019-01-01",
      "EncodedRequestUri": "Ly9zdWJzY3JpcHRpb25zLzU1ZjNkY2Q0LWNhYzctNDNiNC05OTBiLWExMzlkNjJhMWViMi9yZXNvdXJjZUdyb3Vwcy9yZ25hbWUtcHMzMzYxL3Byb3ZpZGVycy9taWNyb3NvZnQuZXZlbnRncmlkL3RvcGljcy9wc3Rlc3R0b3BpYy1wczM3MTgvcHJvdmlkZXJzL01pY3Jvc29mdC5FdmVudEdyaWQvZXZlbnRTdWJzY3JpcHRpb25zL0V2ZW50U3Vic2NyaXB0aW9uLXBzNTU1NC9nZXRGdWxsVXJsP2FwaS12ZXJzaW9uPTIwMTktMDEtMDE=",
      "RequestMethod": "POST",
      "RequestBody": "",
      "RequestHeaders": {
        "x-ms-client-request-id": [
          "7df3cb2c-9967-4c07-b682-d29769d5e278"
        ],
        "Accept-Language": [
          "en-US"
        ],
        "User-Agent": [
          "FxVersion/4.6.27019.06",
          "OSName/Windows",
          "OSVersion/Microsoft.Windows.10.0.17763.",
          "Microsoft.Azure.Management.EventGrid.EventGridManagementClient/4.0.0.0"
        ]
      },
      "ResponseHeaders": {
        "Cache-Control": [
          "no-cache"
        ],
        "Pragma": [
          "no-cache"
        ],
        "Strict-Transport-Security": [
          "max-age=31536000; includeSubDomains"
        ],
        "x-ms-request-id": [
          "449c6fce-bc25-4481-9612-b9dcee078734"
        ],
        "Server": [
          "Microsoft-HTTPAPI/2.0"
        ],
        "x-ms-ratelimit-remaining-subscription-writes": [
          "1194"
        ],
        "x-ms-correlation-request-id": [
          "b8745b4b-c042-4798-958b-e3ecab51e12e"
        ],
        "x-ms-routing-request-id": [
          "WESTUS2:20181220T122540Z:b8745b4b-c042-4798-958b-e3ecab51e12e"
        ],
        "X-Content-Type-Options": [
          "nosniff"
        ],
        "Date": [
          "Thu, 20 Dec 2018 12:25:40 GMT"
        ],
        "Content-Length": [
          "152"
        ],
        "Content-Type": [
          "application/json; charset=utf-8"
        ],
        "Expires": [
          "-1"
        ]
      },
      "ResponseBody": "{\r\n  \"endpointUrl\": \"https://eventgridrunnerfunction.azurewebsites.net/api/HttpTriggerCSharp1?code=<HIDDEN>\"\r\n}",
      "StatusCode": 200
    },
    {
      "RequestUri": "//subscriptions/55f3dcd4-cac7-43b4-990b-a139d62a1eb2/resourceGroups/RGName-ps3361/providers/Microsoft.EventGrid/topics/PSTestTopic-ps3718/providers/Microsoft.EventGrid/eventSubscriptions/EventSubscription-ps8947?api-version=2019-01-01",
      "EncodedRequestUri": "Ly9zdWJzY3JpcHRpb25zLzU1ZjNkY2Q0LWNhYzctNDNiNC05OTBiLWExMzlkNjJhMWViMi9yZXNvdXJjZUdyb3Vwcy9SR05hbWUtcHMzMzYxL3Byb3ZpZGVycy9NaWNyb3NvZnQuRXZlbnRHcmlkL3RvcGljcy9QU1Rlc3RUb3BpYy1wczM3MTgvcHJvdmlkZXJzL01pY3Jvc29mdC5FdmVudEdyaWQvZXZlbnRTdWJzY3JpcHRpb25zL0V2ZW50U3Vic2NyaXB0aW9uLXBzODk0Nz9hcGktdmVyc2lvbj0yMDE5LTAxLTAx",
      "RequestMethod": "DELETE",
      "RequestBody": "",
      "RequestHeaders": {
        "x-ms-client-request-id": [
          "3b6c54f3-a1c8-46b5-9fb5-65e9bfe7da02"
        ],
        "Accept-Language": [
          "en-US"
        ],
        "User-Agent": [
          "FxVersion/4.6.27019.06",
          "OSName/Windows",
          "OSVersion/Microsoft.Windows.10.0.17763.",
          "Microsoft.Azure.Management.EventGrid.EventGridManagementClient/4.0.0.0"
        ]
      },
      "ResponseHeaders": {
        "Cache-Control": [
          "no-cache"
        ],
        "Pragma": [
          "no-cache"
        ],
        "Location": [
          "https://management.azure.com/subscriptions/55f3dcd4-cac7-43b4-990b-a139d62a1eb2/providers/Microsoft.EventGrid/locations/westus2/operationResults/4311A6EA-A253-46DC-B399-13316C5E2B1B?api-version=2019-01-01"
        ],
        "Retry-After": [
          "10"
        ],
        "Strict-Transport-Security": [
          "max-age=31536000; includeSubDomains"
        ],
        "Server": [
          "Microsoft-HTTPAPI/2.0"
        ],
        "x-ms-ratelimit-remaining-subscription-deletes": [
          "14999"
        ],
        "x-ms-request-id": [
          "ce622db6-f29e-42a6-b18b-defff75f9b2e"
        ],
        "x-ms-correlation-request-id": [
          "ce622db6-f29e-42a6-b18b-defff75f9b2e"
        ],
        "x-ms-routing-request-id": [
          "WESTUS2:20181220T122542Z:ce622db6-f29e-42a6-b18b-defff75f9b2e"
        ],
        "X-Content-Type-Options": [
          "nosniff"
        ],
        "Date": [
          "Thu, 20 Dec 2018 12:25:42 GMT"
        ],
        "Expires": [
          "-1"
        ],
        "Content-Length": [
          "0"
        ]
      },
      "ResponseBody": "",
      "StatusCode": 202
    },
    {
      "RequestUri": "/subscriptions/55f3dcd4-cac7-43b4-990b-a139d62a1eb2/providers/Microsoft.EventGrid/locations/westus2/operationResults/4311A6EA-A253-46DC-B399-13316C5E2B1B?api-version=2019-01-01",
      "EncodedRequestUri": "L3N1YnNjcmlwdGlvbnMvNTVmM2RjZDQtY2FjNy00M2I0LTk5MGItYTEzOWQ2MmExZWIyL3Byb3ZpZGVycy9NaWNyb3NvZnQuRXZlbnRHcmlkL2xvY2F0aW9ucy93ZXN0dXMyL29wZXJhdGlvblJlc3VsdHMvNDMxMUE2RUEtQTI1My00NkRDLUIzOTktMTMzMTZDNUUyQjFCP2FwaS12ZXJzaW9uPTIwMTktMDEtMDE=",
      "RequestMethod": "GET",
      "RequestBody": "",
      "RequestHeaders": {
        "User-Agent": [
          "FxVersion/4.6.27019.06",
          "OSName/Windows",
          "OSVersion/Microsoft.Windows.10.0.17763.",
          "Microsoft.Azure.Management.EventGrid.EventGridManagementClient/4.0.0.0"
        ]
      },
      "ResponseHeaders": {
        "Cache-Control": [
          "no-cache"
        ],
        "Pragma": [
          "no-cache"
        ],
        "Strict-Transport-Security": [
          "max-age=31536000; includeSubDomains"
        ],
        "x-ms-request-id": [
          "43fe8c08-27d0-473c-88d3-5a53da2d73ef"
        ],
        "Server": [
          "Microsoft-HTTPAPI/2.0"
        ],
        "x-ms-ratelimit-remaining-subscription-reads": [
          "11972"
        ],
        "x-ms-correlation-request-id": [
          "caa84e48-9fc8-4812-9849-3b75bc260d53"
        ],
        "x-ms-routing-request-id": [
          "WESTUS2:20181220T122552Z:caa84e48-9fc8-4812-9849-3b75bc260d53"
        ],
        "X-Content-Type-Options": [
          "nosniff"
        ],
        "Date": [
          "Thu, 20 Dec 2018 12:25:52 GMT"
        ],
        "Expires": [
          "-1"
        ],
        "Content-Length": [
          "0"
        ]
      },
      "ResponseBody": "",
      "StatusCode": 200
    },
    {
      "RequestUri": "/subscriptions/55f3dcd4-cac7-43b4-990b-a139d62a1eb2/providers/Microsoft.EventGrid/locations/westus2/operationResults/4311A6EA-A253-46DC-B399-13316C5E2B1B?api-version=2019-01-01",
      "EncodedRequestUri": "L3N1YnNjcmlwdGlvbnMvNTVmM2RjZDQtY2FjNy00M2I0LTk5MGItYTEzOWQ2MmExZWIyL3Byb3ZpZGVycy9NaWNyb3NvZnQuRXZlbnRHcmlkL2xvY2F0aW9ucy93ZXN0dXMyL29wZXJhdGlvblJlc3VsdHMvNDMxMUE2RUEtQTI1My00NkRDLUIzOTktMTMzMTZDNUUyQjFCP2FwaS12ZXJzaW9uPTIwMTktMDEtMDE=",
      "RequestMethod": "GET",
      "RequestBody": "",
      "RequestHeaders": {
        "User-Agent": [
          "FxVersion/4.6.27019.06",
          "OSName/Windows",
          "OSVersion/Microsoft.Windows.10.0.17763.",
          "Microsoft.Azure.Management.EventGrid.EventGridManagementClient/4.0.0.0"
        ]
      },
      "ResponseHeaders": {
        "Cache-Control": [
          "no-cache"
        ],
        "Pragma": [
          "no-cache"
        ],
        "Strict-Transport-Security": [
          "max-age=31536000; includeSubDomains"
        ],
        "x-ms-request-id": [
          "f2fe2b00-266a-47d4-950d-f89126b09e72"
        ],
        "Server": [
          "Microsoft-HTTPAPI/2.0"
        ],
        "x-ms-ratelimit-remaining-subscription-reads": [
          "11971"
        ],
        "x-ms-correlation-request-id": [
          "6be7bdf4-5e27-4c16-ab22-5bd615e47c81"
        ],
        "x-ms-routing-request-id": [
          "WESTUS2:20181220T122552Z:6be7bdf4-5e27-4c16-ab22-5bd615e47c81"
        ],
        "X-Content-Type-Options": [
          "nosniff"
        ],
        "Date": [
          "Thu, 20 Dec 2018 12:25:52 GMT"
        ],
        "Expires": [
          "-1"
        ],
        "Content-Length": [
          "0"
        ]
      },
      "ResponseBody": "",
      "StatusCode": 200
    },
    {
      "RequestUri": "//subscriptions/55f3dcd4-cac7-43b4-990b-a139d62a1eb2/resourceGroups/RGName-ps3361/providers/Microsoft.EventGrid/topics/PSTestTopic-ps3718/providers/Microsoft.EventGrid/eventSubscriptions/EventSubscription-ps6451?api-version=2019-01-01",
      "EncodedRequestUri": "Ly9zdWJzY3JpcHRpb25zLzU1ZjNkY2Q0LWNhYzctNDNiNC05OTBiLWExMzlkNjJhMWViMi9yZXNvdXJjZUdyb3Vwcy9SR05hbWUtcHMzMzYxL3Byb3ZpZGVycy9NaWNyb3NvZnQuRXZlbnRHcmlkL3RvcGljcy9QU1Rlc3RUb3BpYy1wczM3MTgvcHJvdmlkZXJzL01pY3Jvc29mdC5FdmVudEdyaWQvZXZlbnRTdWJzY3JpcHRpb25zL0V2ZW50U3Vic2NyaXB0aW9uLXBzNjQ1MT9hcGktdmVyc2lvbj0yMDE5LTAxLTAx",
      "RequestMethod": "DELETE",
      "RequestBody": "",
      "RequestHeaders": {
        "x-ms-client-request-id": [
          "2f95c05a-e53d-4364-b4e2-784b31b0f253"
        ],
        "Accept-Language": [
          "en-US"
        ],
        "User-Agent": [
          "FxVersion/4.6.27019.06",
          "OSName/Windows",
          "OSVersion/Microsoft.Windows.10.0.17763.",
          "Microsoft.Azure.Management.EventGrid.EventGridManagementClient/4.0.0.0"
        ]
      },
      "ResponseHeaders": {
        "Cache-Control": [
          "no-cache"
        ],
        "Pragma": [
          "no-cache"
        ],
        "Location": [
          "https://management.azure.com/subscriptions/55f3dcd4-cac7-43b4-990b-a139d62a1eb2/providers/Microsoft.EventGrid/locations/westus2/operationResults/C7FD2C41-2EB1-4687-BB63-35986E314B20?api-version=2019-01-01"
        ],
        "Retry-After": [
          "10"
        ],
        "Strict-Transport-Security": [
          "max-age=31536000; includeSubDomains"
        ],
        "Server": [
          "Microsoft-HTTPAPI/2.0"
        ],
        "x-ms-ratelimit-remaining-subscription-deletes": [
          "14998"
        ],
        "x-ms-request-id": [
          "a3588599-2163-4e88-bdf8-c227f52fe910"
        ],
        "x-ms-correlation-request-id": [
          "a3588599-2163-4e88-bdf8-c227f52fe910"
        ],
        "x-ms-routing-request-id": [
          "WESTUS2:20181220T122553Z:a3588599-2163-4e88-bdf8-c227f52fe910"
        ],
        "X-Content-Type-Options": [
          "nosniff"
        ],
        "Date": [
          "Thu, 20 Dec 2018 12:25:53 GMT"
        ],
        "Expires": [
          "-1"
        ],
        "Content-Length": [
          "0"
        ]
      },
      "ResponseBody": "",
      "StatusCode": 202
    },
    {
      "RequestUri": "/subscriptions/55f3dcd4-cac7-43b4-990b-a139d62a1eb2/providers/Microsoft.EventGrid/locations/westus2/operationResults/C7FD2C41-2EB1-4687-BB63-35986E314B20?api-version=2019-01-01",
      "EncodedRequestUri": "L3N1YnNjcmlwdGlvbnMvNTVmM2RjZDQtY2FjNy00M2I0LTk5MGItYTEzOWQ2MmExZWIyL3Byb3ZpZGVycy9NaWNyb3NvZnQuRXZlbnRHcmlkL2xvY2F0aW9ucy93ZXN0dXMyL29wZXJhdGlvblJlc3VsdHMvQzdGRDJDNDEtMkVCMS00Njg3LUJCNjMtMzU5ODZFMzE0QjIwP2FwaS12ZXJzaW9uPTIwMTktMDEtMDE=",
      "RequestMethod": "GET",
      "RequestBody": "",
      "RequestHeaders": {
        "User-Agent": [
          "FxVersion/4.6.27019.06",
          "OSName/Windows",
          "OSVersion/Microsoft.Windows.10.0.17763.",
          "Microsoft.Azure.Management.EventGrid.EventGridManagementClient/4.0.0.0"
        ]
      },
      "ResponseHeaders": {
        "Cache-Control": [
          "no-cache"
        ],
        "Pragma": [
          "no-cache"
        ],
        "Strict-Transport-Security": [
          "max-age=31536000; includeSubDomains"
        ],
        "x-ms-request-id": [
          "f3325ca6-4ec0-4036-80f9-b5572b4d10e1"
        ],
        "Server": [
          "Microsoft-HTTPAPI/2.0"
        ],
        "x-ms-ratelimit-remaining-subscription-reads": [
          "11969"
        ],
        "x-ms-correlation-request-id": [
          "867de8b0-4976-48a3-a641-192b92785a93"
        ],
        "x-ms-routing-request-id": [
          "WESTUS2:20181220T122603Z:867de8b0-4976-48a3-a641-192b92785a93"
        ],
        "X-Content-Type-Options": [
          "nosniff"
        ],
        "Date": [
          "Thu, 20 Dec 2018 12:26:03 GMT"
        ],
        "Expires": [
          "-1"
        ],
        "Content-Length": [
          "0"
        ]
      },
      "ResponseBody": "",
      "StatusCode": 200
    },
    {
      "RequestUri": "/subscriptions/55f3dcd4-cac7-43b4-990b-a139d62a1eb2/providers/Microsoft.EventGrid/locations/westus2/operationResults/C7FD2C41-2EB1-4687-BB63-35986E314B20?api-version=2019-01-01",
      "EncodedRequestUri": "L3N1YnNjcmlwdGlvbnMvNTVmM2RjZDQtY2FjNy00M2I0LTk5MGItYTEzOWQ2MmExZWIyL3Byb3ZpZGVycy9NaWNyb3NvZnQuRXZlbnRHcmlkL2xvY2F0aW9ucy93ZXN0dXMyL29wZXJhdGlvblJlc3VsdHMvQzdGRDJDNDEtMkVCMS00Njg3LUJCNjMtMzU5ODZFMzE0QjIwP2FwaS12ZXJzaW9uPTIwMTktMDEtMDE=",
      "RequestMethod": "GET",
      "RequestBody": "",
      "RequestHeaders": {
        "User-Agent": [
          "FxVersion/4.6.27019.06",
          "OSName/Windows",
          "OSVersion/Microsoft.Windows.10.0.17763.",
          "Microsoft.Azure.Management.EventGrid.EventGridManagementClient/4.0.0.0"
        ]
      },
      "ResponseHeaders": {
        "Cache-Control": [
          "no-cache"
        ],
        "Pragma": [
          "no-cache"
        ],
        "Strict-Transport-Security": [
          "max-age=31536000; includeSubDomains"
        ],
        "x-ms-request-id": [
          "81604ad2-e457-477a-a5be-0b26d0319f77"
        ],
        "Server": [
          "Microsoft-HTTPAPI/2.0"
        ],
        "x-ms-ratelimit-remaining-subscription-reads": [
          "11968"
        ],
        "x-ms-correlation-request-id": [
          "5f455296-93ef-4248-a1fb-660ec9b05980"
        ],
        "x-ms-routing-request-id": [
          "WESTUS2:20181220T122603Z:5f455296-93ef-4248-a1fb-660ec9b05980"
        ],
        "X-Content-Type-Options": [
          "nosniff"
        ],
        "Date": [
          "Thu, 20 Dec 2018 12:26:03 GMT"
        ],
        "Expires": [
          "-1"
        ],
        "Content-Length": [
          "0"
        ]
      },
      "ResponseBody": "",
      "StatusCode": 200
    },
    {
      "RequestUri": "//subscriptions/55f3dcd4-cac7-43b4-990b-a139d62a1eb2/resourceGroups/RGName-ps3361/providers/Microsoft.EventGrid/topics/PSTestTopic-ps3718/providers/Microsoft.EventGrid/eventSubscriptions/EventSubscription-ps5554?api-version=2019-01-01",
      "EncodedRequestUri": "Ly9zdWJzY3JpcHRpb25zLzU1ZjNkY2Q0LWNhYzctNDNiNC05OTBiLWExMzlkNjJhMWViMi9yZXNvdXJjZUdyb3Vwcy9SR05hbWUtcHMzMzYxL3Byb3ZpZGVycy9NaWNyb3NvZnQuRXZlbnRHcmlkL3RvcGljcy9QU1Rlc3RUb3BpYy1wczM3MTgvcHJvdmlkZXJzL01pY3Jvc29mdC5FdmVudEdyaWQvZXZlbnRTdWJzY3JpcHRpb25zL0V2ZW50U3Vic2NyaXB0aW9uLXBzNTU1ND9hcGktdmVyc2lvbj0yMDE5LTAxLTAx",
      "RequestMethod": "DELETE",
      "RequestBody": "",
      "RequestHeaders": {
        "x-ms-client-request-id": [
          "9c4fbfbc-d2cf-4f3c-8af6-8c7342da1694"
        ],
        "Accept-Language": [
          "en-US"
        ],
        "User-Agent": [
          "FxVersion/4.6.27019.06",
          "OSName/Windows",
          "OSVersion/Microsoft.Windows.10.0.17763.",
          "Microsoft.Azure.Management.EventGrid.EventGridManagementClient/4.0.0.0"
        ]
      },
      "ResponseHeaders": {
        "Cache-Control": [
          "no-cache"
        ],
        "Pragma": [
          "no-cache"
        ],
        "Location": [
          "https://management.azure.com/subscriptions/55f3dcd4-cac7-43b4-990b-a139d62a1eb2/providers/Microsoft.EventGrid/locations/westus2/operationResults/2D3EEF97-3B1D-40B6-9506-7B693EF13B7D?api-version=2019-01-01"
        ],
        "Retry-After": [
          "10"
        ],
        "Strict-Transport-Security": [
          "max-age=31536000; includeSubDomains"
        ],
        "Server": [
          "Microsoft-HTTPAPI/2.0"
        ],
        "x-ms-ratelimit-remaining-subscription-deletes": [
          "14997"
        ],
        "x-ms-request-id": [
          "e771e851-b7e5-43b5-990f-8c06ea3f9961"
        ],
        "x-ms-correlation-request-id": [
          "e771e851-b7e5-43b5-990f-8c06ea3f9961"
        ],
        "x-ms-routing-request-id": [
          "WESTUS2:20181220T122604Z:e771e851-b7e5-43b5-990f-8c06ea3f9961"
        ],
        "X-Content-Type-Options": [
          "nosniff"
        ],
        "Date": [
          "Thu, 20 Dec 2018 12:26:04 GMT"
        ],
        "Expires": [
          "-1"
        ],
        "Content-Length": [
          "0"
        ]
      },
      "ResponseBody": "",
      "StatusCode": 202
    },
    {
      "RequestUri": "/subscriptions/55f3dcd4-cac7-43b4-990b-a139d62a1eb2/providers/Microsoft.EventGrid/locations/westus2/operationResults/2D3EEF97-3B1D-40B6-9506-7B693EF13B7D?api-version=2019-01-01",
      "EncodedRequestUri": "L3N1YnNjcmlwdGlvbnMvNTVmM2RjZDQtY2FjNy00M2I0LTk5MGItYTEzOWQ2MmExZWIyL3Byb3ZpZGVycy9NaWNyb3NvZnQuRXZlbnRHcmlkL2xvY2F0aW9ucy93ZXN0dXMyL29wZXJhdGlvblJlc3VsdHMvMkQzRUVGOTctM0IxRC00MEI2LTk1MDYtN0I2OTNFRjEzQjdEP2FwaS12ZXJzaW9uPTIwMTktMDEtMDE=",
      "RequestMethod": "GET",
      "RequestBody": "",
      "RequestHeaders": {
        "User-Agent": [
          "FxVersion/4.6.27019.06",
          "OSName/Windows",
          "OSVersion/Microsoft.Windows.10.0.17763.",
          "Microsoft.Azure.Management.EventGrid.EventGridManagementClient/4.0.0.0"
        ]
      },
      "ResponseHeaders": {
        "Cache-Control": [
          "no-cache"
        ],
        "Pragma": [
          "no-cache"
        ],
        "Strict-Transport-Security": [
          "max-age=31536000; includeSubDomains"
        ],
        "x-ms-request-id": [
          "7f47a8d1-8136-4097-a1dc-dcee5ac61491"
        ],
        "Server": [
          "Microsoft-HTTPAPI/2.0"
        ],
        "x-ms-ratelimit-remaining-subscription-reads": [
          "11966"
        ],
        "x-ms-correlation-request-id": [
          "d9502125-da46-42b2-9536-3b74e13e2b94"
        ],
        "x-ms-routing-request-id": [
          "WESTUS2:20181220T122614Z:d9502125-da46-42b2-9536-3b74e13e2b94"
        ],
        "X-Content-Type-Options": [
          "nosniff"
        ],
        "Date": [
          "Thu, 20 Dec 2018 12:26:14 GMT"
        ],
        "Expires": [
          "-1"
        ],
        "Content-Length": [
          "0"
        ]
      },
      "ResponseBody": "",
      "StatusCode": 200
    },
    {
      "RequestUri": "/subscriptions/55f3dcd4-cac7-43b4-990b-a139d62a1eb2/providers/Microsoft.EventGrid/locations/westus2/operationResults/2D3EEF97-3B1D-40B6-9506-7B693EF13B7D?api-version=2019-01-01",
      "EncodedRequestUri": "L3N1YnNjcmlwdGlvbnMvNTVmM2RjZDQtY2FjNy00M2I0LTk5MGItYTEzOWQ2MmExZWIyL3Byb3ZpZGVycy9NaWNyb3NvZnQuRXZlbnRHcmlkL2xvY2F0aW9ucy93ZXN0dXMyL29wZXJhdGlvblJlc3VsdHMvMkQzRUVGOTctM0IxRC00MEI2LTk1MDYtN0I2OTNFRjEzQjdEP2FwaS12ZXJzaW9uPTIwMTktMDEtMDE=",
      "RequestMethod": "GET",
      "RequestBody": "",
      "RequestHeaders": {
        "User-Agent": [
          "FxVersion/4.6.27019.06",
          "OSName/Windows",
          "OSVersion/Microsoft.Windows.10.0.17763.",
          "Microsoft.Azure.Management.EventGrid.EventGridManagementClient/4.0.0.0"
        ]
      },
      "ResponseHeaders": {
        "Cache-Control": [
          "no-cache"
        ],
        "Pragma": [
          "no-cache"
        ],
        "Strict-Transport-Security": [
          "max-age=31536000; includeSubDomains"
        ],
        "x-ms-request-id": [
          "19875305-26d1-43c2-9deb-ab0a2ed1a6c4"
        ],
        "Server": [
          "Microsoft-HTTPAPI/2.0"
        ],
        "x-ms-ratelimit-remaining-subscription-reads": [
          "11965"
        ],
        "x-ms-correlation-request-id": [
          "8215b28d-8610-4e89-b9a8-06c08fe1587e"
        ],
        "x-ms-routing-request-id": [
          "WESTUS2:20181220T122614Z:8215b28d-8610-4e89-b9a8-06c08fe1587e"
        ],
        "X-Content-Type-Options": [
          "nosniff"
        ],
        "Date": [
          "Thu, 20 Dec 2018 12:26:14 GMT"
        ],
        "Expires": [
          "-1"
        ],
        "Content-Length": [
          "0"
        ]
      },
      "ResponseBody": "",
      "StatusCode": 200
    },
    {
      "RequestUri": "/subscriptions/55f3dcd4-cac7-43b4-990b-a139d62a1eb2/resourcegroups/RGName-ps3361?api-version=2016-09-01",
      "EncodedRequestUri": "L3N1YnNjcmlwdGlvbnMvNTVmM2RjZDQtY2FjNy00M2I0LTk5MGItYTEzOWQ2MmExZWIyL3Jlc291cmNlZ3JvdXBzL1JHTmFtZS1wczMzNjE/YXBpLXZlcnNpb249MjAxNi0wOS0wMQ==",
      "RequestMethod": "DELETE",
      "RequestBody": "",
      "RequestHeaders": {
        "x-ms-client-request-id": [
          "827e5746-49b2-4402-9f50-bb59131d85b8"
        ],
        "Accept-Language": [
          "en-US"
        ],
        "User-Agent": [
          "FxVersion/4.6.27019.06",
          "OSName/Windows",
          "OSVersion/Microsoft.Windows.10.0.17763.",
          "Microsoft.Azure.Management.Internal.Resources.ResourceManagementClient/1.1.11"
        ]
      },
      "ResponseHeaders": {
        "Cache-Control": [
          "no-cache"
        ],
        "Pragma": [
          "no-cache"
        ],
        "Location": [
          "https://management.azure.com/subscriptions/55f3dcd4-cac7-43b4-990b-a139d62a1eb2/operationresults/eyJqb2JJZCI6IlJFU09VUkNFR1JPVVBERUxFVElPTkpPQi1SR05BTUU6MkRQUzMzNjEtV0VTVFVTMiIsImpvYkxvY2F0aW9uIjoid2VzdHVzMiJ9?api-version=2016-09-01"
        ],
        "Retry-After": [
          "15"
        ],
        "x-ms-ratelimit-remaining-subscription-deletes": [
          "14999"
        ],
        "x-ms-request-id": [
          "1127a669-d91e-4ec0-a85b-024bfcc8b239"
        ],
        "x-ms-correlation-request-id": [
          "1127a669-d91e-4ec0-a85b-024bfcc8b239"
        ],
        "x-ms-routing-request-id": [
          "WESTUS2:20181220T122615Z:1127a669-d91e-4ec0-a85b-024bfcc8b239"
        ],
        "Strict-Transport-Security": [
          "max-age=31536000; includeSubDomains"
        ],
        "X-Content-Type-Options": [
          "nosniff"
        ],
        "Date": [
          "Thu, 20 Dec 2018 12:26:14 GMT"
        ],
        "Expires": [
          "-1"
        ],
        "Content-Length": [
          "0"
        ]
      },
      "ResponseBody": "",
      "StatusCode": 202
    },
    {
      "RequestUri": "/subscriptions/55f3dcd4-cac7-43b4-990b-a139d62a1eb2/operationresults/eyJqb2JJZCI6IlJFU09VUkNFR1JPVVBERUxFVElPTkpPQi1SR05BTUU6MkRQUzMzNjEtV0VTVFVTMiIsImpvYkxvY2F0aW9uIjoid2VzdHVzMiJ9?api-version=2016-09-01",
      "EncodedRequestUri": "L3N1YnNjcmlwdGlvbnMvNTVmM2RjZDQtY2FjNy00M2I0LTk5MGItYTEzOWQ2MmExZWIyL29wZXJhdGlvbnJlc3VsdHMvZXlKcWIySkpaQ0k2SWxKRlUwOVZVa05GUjFKUFZWQkVSVXhGVkVsUFRrcFBRaTFTUjA1QlRVVTZNa1JRVXpNek5qRXRWMFZUVkZWVE1pSXNJbXB2WWt4dlkyRjBhVzl1SWpvaWQyVnpkSFZ6TWlKOT9hcGktdmVyc2lvbj0yMDE2LTA5LTAx",
      "RequestMethod": "GET",
      "RequestBody": "",
      "RequestHeaders": {
        "User-Agent": [
          "FxVersion/4.6.27019.06",
          "OSName/Windows",
          "OSVersion/Microsoft.Windows.10.0.17763.",
          "Microsoft.Azure.Management.Internal.Resources.ResourceManagementClient/1.1.11"
        ]
      },
      "ResponseHeaders": {
        "Cache-Control": [
          "no-cache"
        ],
        "Pragma": [
          "no-cache"
        ],
        "Location": [
          "https://management.azure.com/subscriptions/55f3dcd4-cac7-43b4-990b-a139d62a1eb2/operationresults/eyJqb2JJZCI6IlJFU09VUkNFR1JPVVBERUxFVElPTkpPQi1SR05BTUU6MkRQUzMzNjEtV0VTVFVTMiIsImpvYkxvY2F0aW9uIjoid2VzdHVzMiJ9?api-version=2016-09-01"
        ],
        "Retry-After": [
          "15"
        ],
        "x-ms-ratelimit-remaining-subscription-reads": [
          "11998"
        ],
        "x-ms-request-id": [
          "68aa1dd1-2ebd-4bce-bc5d-153305fbf50e"
        ],
        "x-ms-correlation-request-id": [
          "68aa1dd1-2ebd-4bce-bc5d-153305fbf50e"
        ],
        "x-ms-routing-request-id": [
          "WESTUS2:20181220T122630Z:68aa1dd1-2ebd-4bce-bc5d-153305fbf50e"
        ],
        "Strict-Transport-Security": [
          "max-age=31536000; includeSubDomains"
        ],
        "X-Content-Type-Options": [
          "nosniff"
        ],
        "Date": [
          "Thu, 20 Dec 2018 12:26:30 GMT"
        ],
        "Expires": [
          "-1"
        ],
        "Content-Length": [
          "0"
        ]
      },
      "ResponseBody": "",
      "StatusCode": 202
    },
    {
      "RequestUri": "/subscriptions/55f3dcd4-cac7-43b4-990b-a139d62a1eb2/operationresults/eyJqb2JJZCI6IlJFU09VUkNFR1JPVVBERUxFVElPTkpPQi1SR05BTUU6MkRQUzMzNjEtV0VTVFVTMiIsImpvYkxvY2F0aW9uIjoid2VzdHVzMiJ9?api-version=2016-09-01",
      "EncodedRequestUri": "L3N1YnNjcmlwdGlvbnMvNTVmM2RjZDQtY2FjNy00M2I0LTk5MGItYTEzOWQ2MmExZWIyL29wZXJhdGlvbnJlc3VsdHMvZXlKcWIySkpaQ0k2SWxKRlUwOVZVa05GUjFKUFZWQkVSVXhGVkVsUFRrcFBRaTFTUjA1QlRVVTZNa1JRVXpNek5qRXRWMFZUVkZWVE1pSXNJbXB2WWt4dlkyRjBhVzl1SWpvaWQyVnpkSFZ6TWlKOT9hcGktdmVyc2lvbj0yMDE2LTA5LTAx",
      "RequestMethod": "GET",
      "RequestBody": "",
      "RequestHeaders": {
        "User-Agent": [
          "FxVersion/4.6.27019.06",
          "OSName/Windows",
          "OSVersion/Microsoft.Windows.10.0.17763.",
          "Microsoft.Azure.Management.Internal.Resources.ResourceManagementClient/1.1.11"
        ]
      },
      "ResponseHeaders": {
        "Cache-Control": [
          "no-cache"
        ],
        "Pragma": [
          "no-cache"
        ],
        "Location": [
          "https://management.azure.com/subscriptions/55f3dcd4-cac7-43b4-990b-a139d62a1eb2/operationresults/eyJqb2JJZCI6IlJFU09VUkNFR1JPVVBERUxFVElPTkpPQi1SR05BTUU6MkRQUzMzNjEtV0VTVFVTMiIsImpvYkxvY2F0aW9uIjoid2VzdHVzMiJ9?api-version=2016-09-01"
        ],
        "Retry-After": [
          "15"
        ],
        "x-ms-ratelimit-remaining-subscription-reads": [
          "11997"
        ],
        "x-ms-request-id": [
          "d5cbcac3-9cd4-4148-9e3f-f7724abff411"
        ],
        "x-ms-correlation-request-id": [
          "d5cbcac3-9cd4-4148-9e3f-f7724abff411"
        ],
        "x-ms-routing-request-id": [
          "WESTUS2:20181220T122645Z:d5cbcac3-9cd4-4148-9e3f-f7724abff411"
        ],
        "Strict-Transport-Security": [
          "max-age=31536000; includeSubDomains"
        ],
        "X-Content-Type-Options": [
          "nosniff"
        ],
        "Date": [
          "Thu, 20 Dec 2018 12:26:44 GMT"
        ],
        "Expires": [
          "-1"
        ],
        "Content-Length": [
          "0"
        ]
      },
      "ResponseBody": "",
      "StatusCode": 202
    },
    {
      "RequestUri": "/subscriptions/55f3dcd4-cac7-43b4-990b-a139d62a1eb2/operationresults/eyJqb2JJZCI6IlJFU09VUkNFR1JPVVBERUxFVElPTkpPQi1SR05BTUU6MkRQUzMzNjEtV0VTVFVTMiIsImpvYkxvY2F0aW9uIjoid2VzdHVzMiJ9?api-version=2016-09-01",
      "EncodedRequestUri": "L3N1YnNjcmlwdGlvbnMvNTVmM2RjZDQtY2FjNy00M2I0LTk5MGItYTEzOWQ2MmExZWIyL29wZXJhdGlvbnJlc3VsdHMvZXlKcWIySkpaQ0k2SWxKRlUwOVZVa05GUjFKUFZWQkVSVXhGVkVsUFRrcFBRaTFTUjA1QlRVVTZNa1JRVXpNek5qRXRWMFZUVkZWVE1pSXNJbXB2WWt4dlkyRjBhVzl1SWpvaWQyVnpkSFZ6TWlKOT9hcGktdmVyc2lvbj0yMDE2LTA5LTAx",
      "RequestMethod": "GET",
      "RequestBody": "",
      "RequestHeaders": {
        "User-Agent": [
          "FxVersion/4.6.27019.06",
          "OSName/Windows",
          "OSVersion/Microsoft.Windows.10.0.17763.",
          "Microsoft.Azure.Management.Internal.Resources.ResourceManagementClient/1.1.11"
        ]
      },
      "ResponseHeaders": {
        "Cache-Control": [
          "no-cache"
        ],
        "Pragma": [
          "no-cache"
        ],
        "Location": [
          "https://management.azure.com/subscriptions/55f3dcd4-cac7-43b4-990b-a139d62a1eb2/operationresults/eyJqb2JJZCI6IlJFU09VUkNFR1JPVVBERUxFVElPTkpPQi1SR05BTUU6MkRQUzMzNjEtV0VTVFVTMiIsImpvYkxvY2F0aW9uIjoid2VzdHVzMiJ9?api-version=2016-09-01"
        ],
        "Retry-After": [
          "15"
        ],
        "x-ms-ratelimit-remaining-subscription-reads": [
          "11996"
        ],
        "x-ms-request-id": [
          "f262b80b-968d-4903-a562-20a875bbfa18"
        ],
        "x-ms-correlation-request-id": [
          "f262b80b-968d-4903-a562-20a875bbfa18"
        ],
        "x-ms-routing-request-id": [
          "WESTUS2:20181220T122700Z:f262b80b-968d-4903-a562-20a875bbfa18"
        ],
        "Strict-Transport-Security": [
          "max-age=31536000; includeSubDomains"
        ],
        "X-Content-Type-Options": [
          "nosniff"
        ],
        "Date": [
          "Thu, 20 Dec 2018 12:26:59 GMT"
        ],
        "Expires": [
          "-1"
        ],
        "Content-Length": [
          "0"
        ]
      },
      "ResponseBody": "",
      "StatusCode": 202
    },
    {
      "RequestUri": "/subscriptions/55f3dcd4-cac7-43b4-990b-a139d62a1eb2/operationresults/eyJqb2JJZCI6IlJFU09VUkNFR1JPVVBERUxFVElPTkpPQi1SR05BTUU6MkRQUzMzNjEtV0VTVFVTMiIsImpvYkxvY2F0aW9uIjoid2VzdHVzMiJ9?api-version=2016-09-01",
      "EncodedRequestUri": "L3N1YnNjcmlwdGlvbnMvNTVmM2RjZDQtY2FjNy00M2I0LTk5MGItYTEzOWQ2MmExZWIyL29wZXJhdGlvbnJlc3VsdHMvZXlKcWIySkpaQ0k2SWxKRlUwOVZVa05GUjFKUFZWQkVSVXhGVkVsUFRrcFBRaTFTUjA1QlRVVTZNa1JRVXpNek5qRXRWMFZUVkZWVE1pSXNJbXB2WWt4dlkyRjBhVzl1SWpvaWQyVnpkSFZ6TWlKOT9hcGktdmVyc2lvbj0yMDE2LTA5LTAx",
      "RequestMethod": "GET",
      "RequestBody": "",
      "RequestHeaders": {
        "User-Agent": [
          "FxVersion/4.6.27019.06",
          "OSName/Windows",
          "OSVersion/Microsoft.Windows.10.0.17763.",
          "Microsoft.Azure.Management.Internal.Resources.ResourceManagementClient/1.1.11"
        ]
      },
      "ResponseHeaders": {
        "Cache-Control": [
          "no-cache"
        ],
        "Pragma": [
          "no-cache"
        ],
        "Location": [
          "https://management.azure.com/subscriptions/55f3dcd4-cac7-43b4-990b-a139d62a1eb2/operationresults/eyJqb2JJZCI6IlJFU09VUkNFR1JPVVBERUxFVElPTkpPQi1SR05BTUU6MkRQUzMzNjEtV0VTVFVTMiIsImpvYkxvY2F0aW9uIjoid2VzdHVzMiJ9?api-version=2016-09-01"
        ],
        "Retry-After": [
          "15"
        ],
        "x-ms-ratelimit-remaining-subscription-reads": [
          "11995"
        ],
        "x-ms-request-id": [
          "36e012e5-bcaa-48fa-b075-0ee3a4d8ed22"
        ],
        "x-ms-correlation-request-id": [
          "36e012e5-bcaa-48fa-b075-0ee3a4d8ed22"
        ],
        "x-ms-routing-request-id": [
          "WESTUS2:20181220T122715Z:36e012e5-bcaa-48fa-b075-0ee3a4d8ed22"
        ],
        "Strict-Transport-Security": [
          "max-age=31536000; includeSubDomains"
        ],
        "X-Content-Type-Options": [
          "nosniff"
        ],
        "Date": [
          "Thu, 20 Dec 2018 12:27:14 GMT"
        ],
        "Expires": [
          "-1"
        ],
        "Content-Length": [
          "0"
        ]
      },
      "ResponseBody": "",
      "StatusCode": 202
    },
    {
      "RequestUri": "/subscriptions/55f3dcd4-cac7-43b4-990b-a139d62a1eb2/operationresults/eyJqb2JJZCI6IlJFU09VUkNFR1JPVVBERUxFVElPTkpPQi1SR05BTUU6MkRQUzMzNjEtV0VTVFVTMiIsImpvYkxvY2F0aW9uIjoid2VzdHVzMiJ9?api-version=2016-09-01",
      "EncodedRequestUri": "L3N1YnNjcmlwdGlvbnMvNTVmM2RjZDQtY2FjNy00M2I0LTk5MGItYTEzOWQ2MmExZWIyL29wZXJhdGlvbnJlc3VsdHMvZXlKcWIySkpaQ0k2SWxKRlUwOVZVa05GUjFKUFZWQkVSVXhGVkVsUFRrcFBRaTFTUjA1QlRVVTZNa1JRVXpNek5qRXRWMFZUVkZWVE1pSXNJbXB2WWt4dlkyRjBhVzl1SWpvaWQyVnpkSFZ6TWlKOT9hcGktdmVyc2lvbj0yMDE2LTA5LTAx",
      "RequestMethod": "GET",
      "RequestBody": "",
      "RequestHeaders": {
        "User-Agent": [
          "FxVersion/4.6.27019.06",
          "OSName/Windows",
          "OSVersion/Microsoft.Windows.10.0.17763.",
          "Microsoft.Azure.Management.Internal.Resources.ResourceManagementClient/1.1.11"
        ]
      },
      "ResponseHeaders": {
        "Cache-Control": [
          "no-cache"
        ],
        "Pragma": [
          "no-cache"
        ],
        "Location": [
          "https://management.azure.com/subscriptions/55f3dcd4-cac7-43b4-990b-a139d62a1eb2/operationresults/eyJqb2JJZCI6IlJFU09VUkNFR1JPVVBERUxFVElPTkpPQi1SR05BTUU6MkRQUzMzNjEtV0VTVFVTMiIsImpvYkxvY2F0aW9uIjoid2VzdHVzMiJ9?api-version=2016-09-01"
        ],
        "Retry-After": [
          "15"
        ],
        "x-ms-ratelimit-remaining-subscription-reads": [
          "11994"
        ],
        "x-ms-request-id": [
          "5dd7b5bf-7995-411d-9185-ebe1f8916ff4"
        ],
        "x-ms-correlation-request-id": [
          "5dd7b5bf-7995-411d-9185-ebe1f8916ff4"
        ],
        "x-ms-routing-request-id": [
          "WESTUS2:20181220T122730Z:5dd7b5bf-7995-411d-9185-ebe1f8916ff4"
        ],
        "Strict-Transport-Security": [
          "max-age=31536000; includeSubDomains"
        ],
        "X-Content-Type-Options": [
          "nosniff"
        ],
        "Date": [
          "Thu, 20 Dec 2018 12:27:29 GMT"
        ],
        "Expires": [
          "-1"
        ],
        "Content-Length": [
          "0"
        ]
      },
      "ResponseBody": "",
      "StatusCode": 202
    },
    {
      "RequestUri": "/subscriptions/55f3dcd4-cac7-43b4-990b-a139d62a1eb2/operationresults/eyJqb2JJZCI6IlJFU09VUkNFR1JPVVBERUxFVElPTkpPQi1SR05BTUU6MkRQUzMzNjEtV0VTVFVTMiIsImpvYkxvY2F0aW9uIjoid2VzdHVzMiJ9?api-version=2016-09-01",
      "EncodedRequestUri": "L3N1YnNjcmlwdGlvbnMvNTVmM2RjZDQtY2FjNy00M2I0LTk5MGItYTEzOWQ2MmExZWIyL29wZXJhdGlvbnJlc3VsdHMvZXlKcWIySkpaQ0k2SWxKRlUwOVZVa05GUjFKUFZWQkVSVXhGVkVsUFRrcFBRaTFTUjA1QlRVVTZNa1JRVXpNek5qRXRWMFZUVkZWVE1pSXNJbXB2WWt4dlkyRjBhVzl1SWpvaWQyVnpkSFZ6TWlKOT9hcGktdmVyc2lvbj0yMDE2LTA5LTAx",
      "RequestMethod": "GET",
      "RequestBody": "",
      "RequestHeaders": {
        "User-Agent": [
          "FxVersion/4.6.27019.06",
          "OSName/Windows",
          "OSVersion/Microsoft.Windows.10.0.17763.",
          "Microsoft.Azure.Management.Internal.Resources.ResourceManagementClient/1.1.11"
        ]
      },
      "ResponseHeaders": {
        "Cache-Control": [
          "no-cache"
        ],
        "Pragma": [
          "no-cache"
        ],
        "Location": [
          "https://management.azure.com/subscriptions/55f3dcd4-cac7-43b4-990b-a139d62a1eb2/operationresults/eyJqb2JJZCI6IlJFU09VUkNFR1JPVVBERUxFVElPTkpPQi1SR05BTUU6MkRQUzMzNjEtV0VTVFVTMiIsImpvYkxvY2F0aW9uIjoid2VzdHVzMiJ9?api-version=2016-09-01"
        ],
        "Retry-After": [
          "15"
        ],
        "x-ms-ratelimit-remaining-subscription-reads": [
          "11993"
        ],
        "x-ms-request-id": [
          "1626f515-cb7d-41cd-b705-862d22d64857"
        ],
        "x-ms-correlation-request-id": [
          "1626f515-cb7d-41cd-b705-862d22d64857"
        ],
        "x-ms-routing-request-id": [
          "WESTUS2:20181220T122745Z:1626f515-cb7d-41cd-b705-862d22d64857"
        ],
        "Strict-Transport-Security": [
          "max-age=31536000; includeSubDomains"
        ],
        "X-Content-Type-Options": [
          "nosniff"
        ],
        "Date": [
          "Thu, 20 Dec 2018 12:27:45 GMT"
        ],
        "Expires": [
          "-1"
        ],
        "Content-Length": [
          "0"
        ]
      },
      "ResponseBody": "",
      "StatusCode": 202
    },
    {
      "RequestUri": "/subscriptions/55f3dcd4-cac7-43b4-990b-a139d62a1eb2/operationresults/eyJqb2JJZCI6IlJFU09VUkNFR1JPVVBERUxFVElPTkpPQi1SR05BTUU6MkRQUzMzNjEtV0VTVFVTMiIsImpvYkxvY2F0aW9uIjoid2VzdHVzMiJ9?api-version=2016-09-01",
      "EncodedRequestUri": "L3N1YnNjcmlwdGlvbnMvNTVmM2RjZDQtY2FjNy00M2I0LTk5MGItYTEzOWQ2MmExZWIyL29wZXJhdGlvbnJlc3VsdHMvZXlKcWIySkpaQ0k2SWxKRlUwOVZVa05GUjFKUFZWQkVSVXhGVkVsUFRrcFBRaTFTUjA1QlRVVTZNa1JRVXpNek5qRXRWMFZUVkZWVE1pSXNJbXB2WWt4dlkyRjBhVzl1SWpvaWQyVnpkSFZ6TWlKOT9hcGktdmVyc2lvbj0yMDE2LTA5LTAx",
      "RequestMethod": "GET",
      "RequestBody": "",
      "RequestHeaders": {
        "User-Agent": [
          "FxVersion/4.6.27019.06",
          "OSName/Windows",
          "OSVersion/Microsoft.Windows.10.0.17763.",
          "Microsoft.Azure.Management.Internal.Resources.ResourceManagementClient/1.1.11"
        ]
      },
      "ResponseHeaders": {
        "Cache-Control": [
          "no-cache"
        ],
        "Pragma": [
          "no-cache"
        ],
        "x-ms-ratelimit-remaining-subscription-reads": [
          "11992"
        ],
        "x-ms-request-id": [
          "e8672ca2-9293-45f3-b6dc-2422af6aa249"
        ],
        "x-ms-correlation-request-id": [
          "e8672ca2-9293-45f3-b6dc-2422af6aa249"
        ],
        "x-ms-routing-request-id": [
          "WESTUS2:20181220T122800Z:e8672ca2-9293-45f3-b6dc-2422af6aa249"
        ],
        "Strict-Transport-Security": [
          "max-age=31536000; includeSubDomains"
        ],
        "X-Content-Type-Options": [
          "nosniff"
        ],
        "Date": [
          "Thu, 20 Dec 2018 12:28:00 GMT"
        ],
        "Expires": [
          "-1"
        ],
        "Content-Length": [
          "0"
        ]
      },
      "ResponseBody": "",
      "StatusCode": 200
    },
    {
      "RequestUri": "/subscriptions/55f3dcd4-cac7-43b4-990b-a139d62a1eb2/operationresults/eyJqb2JJZCI6IlJFU09VUkNFR1JPVVBERUxFVElPTkpPQi1SR05BTUU6MkRQUzMzNjEtV0VTVFVTMiIsImpvYkxvY2F0aW9uIjoid2VzdHVzMiJ9?api-version=2016-09-01",
      "EncodedRequestUri": "L3N1YnNjcmlwdGlvbnMvNTVmM2RjZDQtY2FjNy00M2I0LTk5MGItYTEzOWQ2MmExZWIyL29wZXJhdGlvbnJlc3VsdHMvZXlKcWIySkpaQ0k2SWxKRlUwOVZVa05GUjFKUFZWQkVSVXhGVkVsUFRrcFBRaTFTUjA1QlRVVTZNa1JRVXpNek5qRXRWMFZUVkZWVE1pSXNJbXB2WWt4dlkyRjBhVzl1SWpvaWQyVnpkSFZ6TWlKOT9hcGktdmVyc2lvbj0yMDE2LTA5LTAx",
      "RequestMethod": "GET",
      "RequestBody": "",
      "RequestHeaders": {
        "User-Agent": [
          "FxVersion/4.6.27019.06",
          "OSName/Windows",
          "OSVersion/Microsoft.Windows.10.0.17763.",
          "Microsoft.Azure.Management.Internal.Resources.ResourceManagementClient/1.1.11"
        ]
      },
      "ResponseHeaders": {
        "Cache-Control": [
          "no-cache"
        ],
        "Pragma": [
          "no-cache"
        ],
        "x-ms-ratelimit-remaining-subscription-reads": [
          "11991"
        ],
        "x-ms-request-id": [
          "29903642-9df7-450a-a74d-105da123136a"
        ],
        "x-ms-correlation-request-id": [
          "29903642-9df7-450a-a74d-105da123136a"
        ],
        "x-ms-routing-request-id": [
          "WESTUS2:20181220T122800Z:29903642-9df7-450a-a74d-105da123136a"
        ],
        "Strict-Transport-Security": [
          "max-age=31536000; includeSubDomains"
        ],
        "X-Content-Type-Options": [
          "nosniff"
        ],
        "Date": [
          "Thu, 20 Dec 2018 12:28:00 GMT"
        ],
        "Expires": [
          "-1"
        ],
        "Content-Length": [
          "0"
        ]
      },
      "ResponseBody": "",
      "StatusCode": 200
    }
  ],
  "Names": {
    "": [
      "ps3718",
      "ps8947",
      "ps6451",
      "ps5554",
      "ps3361"
    ]
  },
  "Variables": {
    "SubscriptionId": "55f3dcd4-cac7-43b4-990b-a139d62a1eb2"
  }
}