{
  "Entries": [
    {
      "RequestUri": "/subscriptions/5b4b650e-28b9-4790-b3ab-ddbd88d727c4/resourcegroups/RGName-ps2402?api-version=2016-09-01",
      "EncodedRequestUri": "L3N1YnNjcmlwdGlvbnMvNWI0YjY1MGUtMjhiOS00NzkwLWIzYWItZGRiZDg4ZDcyN2M0L3Jlc291cmNlZ3JvdXBzL1JHTmFtZS1wczI0MDI/YXBpLXZlcnNpb249MjAxNi0wOS0wMQ==",
      "RequestMethod": "PUT",
      "RequestBody": "{\r\n  \"location\": \"westcentralus\"\r\n}",
      "RequestHeaders": {
        "x-ms-client-request-id": [
          "29e7f510-2428-4b29-bc65-6b716f7b6ccf"
        ],
        "Accept-Language": [
          "en-US"
        ],
        "User-Agent": [
          "FxVersion/4.6.28928.01",
          "OSName/Windows",
          "OSVersion/Microsoft.Windows.10.0.18363.",
          "Microsoft.Azure.Management.Internal.Resources.ResourceManagementClient/1.3.17"
        ],
        "Content-Type": [
          "application/json; charset=utf-8"
        ],
        "Content-Length": [
          "35"
        ]
      },
      "ResponseHeaders": {
        "Cache-Control": [
          "no-cache"
        ],
        "Pragma": [
          "no-cache"
        ],
        "x-ms-ratelimit-remaining-subscription-writes": [
          "1199"
        ],
        "x-ms-request-id": [
          "1e50299f-6f88-4921-a6c5-66f6b8cc4745"
        ],
        "x-ms-correlation-request-id": [
          "1e50299f-6f88-4921-a6c5-66f6b8cc4745"
        ],
        "x-ms-routing-request-id": [
          "WESTUS:20200702T201224Z:1e50299f-6f88-4921-a6c5-66f6b8cc4745"
        ],
        "Strict-Transport-Security": [
          "max-age=31536000; includeSubDomains"
        ],
        "X-Content-Type-Options": [
          "nosniff"
        ],
        "Date": [
          "Thu, 02 Jul 2020 20:12:24 GMT"
        ],
        "Content-Length": [
          "186"
        ],
        "Content-Type": [
          "application/json; charset=utf-8"
        ],
        "Expires": [
          "-1"
        ]
      },
      "ResponseBody": "{\r\n  \"id\": \"/subscriptions/5b4b650e-28b9-4790-b3ab-ddbd88d727c4/resourceGroups/RGName-ps2402\",\r\n  \"name\": \"RGName-ps2402\",\r\n  \"location\": \"westcentralus\",\r\n  \"properties\": {\r\n    \"provisioningState\": \"Succeeded\"\r\n  }\r\n}",
      "StatusCode": 201
    },
    {
      "RequestUri": "//subscriptions/5b4b650e-28b9-4790-b3ab-ddbd88d727c4/resourceGroups/RGName-ps2402/providers/Microsoft.EventGrid/eventSubscriptions/EventSubscription-ps5289?api-version=2020-06-01",
      "EncodedRequestUri": "Ly9zdWJzY3JpcHRpb25zLzViNGI2NTBlLTI4YjktNDc5MC1iM2FiLWRkYmQ4OGQ3MjdjNC9yZXNvdXJjZUdyb3Vwcy9SR05hbWUtcHMyNDAyL3Byb3ZpZGVycy9NaWNyb3NvZnQuRXZlbnRHcmlkL2V2ZW50U3Vic2NyaXB0aW9ucy9FdmVudFN1YnNjcmlwdGlvbi1wczUyODk/YXBpLXZlcnNpb249MjAyMC0wNi0wMQ==",
      "RequestMethod": "PUT",
      "RequestBody": "{\r\n  \"properties\": {\r\n    \"destination\": {\r\n      \"endpointType\": \"WebHook\",\r\n      \"properties\": {\r\n        \"endpointUrl\": \"https://devexpfuncappdestination.azurewebsites.net/runtime/webhooks/EventGrid?functionName=EventGridTrigger1&code=<HIDDEN>\"\r\n      }\r\n    },\r\n    \"filter\": {\r\n      \"isSubjectCaseSensitive\": false\r\n    },\r\n    \"labels\": [\r\n      \"Finance\",\r\n      \"HR\"\r\n    ],\r\n    \"eventDeliverySchema\": \"EventGridSchema\"\r\n  }\r\n}",
      "RequestHeaders": {
        "x-ms-client-request-id": [
          "027cd2d1-51b5-4302-8f67-0620c8ca0ced"
        ],
        "Accept-Language": [
          "en-US"
        ],
        "User-Agent": [
          "FxVersion/4.6.28928.01",
          "OSName/Windows",
          "OSVersion/Microsoft.Windows.10.0.18363.",
          "Microsoft.Azure.Management.EventGrid.EventGridManagementClient/6.0.0.0"
        ],
        "Content-Type": [
          "application/json; charset=utf-8"
        ],
        "Content-Length": [
          "486"
        ]
      },
      "ResponseHeaders": {
        "Cache-Control": [
          "no-cache"
        ],
        "Pragma": [
          "no-cache"
        ],
        "Retry-After": [
          "10"
        ],
        "Strict-Transport-Security": [
          "max-age=31536000; includeSubDomains"
        ],
        "Azure-AsyncOperation": [
          "https://management.azure.com:443/subscriptions/5b4b650e-28b9-4790-b3ab-ddbd88d727c4/providers/Microsoft.EventGrid/operationsStatus/3B4AE2CC-A611-4CF6-8B72-D381128F309E?api-version=2020-06-01"
        ],
        "x-ms-request-id": [
          "37009438-53c5-4a8e-9dc6-a9f895efb7fa"
        ],
        "Server": [
          "Microsoft-HTTPAPI/2.0"
        ],
        "x-ms-ratelimit-remaining-subscription-resource-requests": [
          "899"
        ],
        "x-ms-correlation-request-id": [
          "9951fb78-f1ea-4604-b113-76aee695dd23"
        ],
        "x-ms-routing-request-id": [
          "WESTUS:20200702T201226Z:9951fb78-f1ea-4604-b113-76aee695dd23"
        ],
        "X-Content-Type-Options": [
          "nosniff"
        ],
        "Date": [
          "Thu, 02 Jul 2020 20:12:25 GMT"
        ],
        "Content-Length": [
          "1118"
        ],
        "Content-Type": [
          "application/json; charset=utf-8"
        ],
        "Expires": [
          "-1"
        ]
      },
      "ResponseBody": "{\r\n  \"properties\": {\r\n    \"topic\": \"/subscriptions/5b4b650e-28b9-4790-b3ab-ddbd88d727c4/resourceGroups/rgname-ps2402\",\r\n    \"provisioningState\": \"Creating\",\r\n    \"destination\": {\r\n      \"properties\": {\r\n        \"endpointUrl\": null,\r\n        \"endpointBaseUrl\": \"https://devexpfuncappdestination.azurewebsites.net/runtime/webhooks/EventGrid\"\r\n      },\r\n      \"endpointType\": \"WebHook\"\r\n    },\r\n    \"filter\": {\r\n      \"includedEventTypes\": [\r\n        \"Microsoft.Resources.ResourceWriteSuccess\",\r\n        \"Microsoft.Resources.ResourceWriteFailure\",\r\n        \"Microsoft.Resources.ResourceWriteCancel\",\r\n        \"Microsoft.Resources.ResourceDeleteSuccess\",\r\n        \"Microsoft.Resources.ResourceDeleteFailure\",\r\n        \"Microsoft.Resources.ResourceDeleteCancel\",\r\n        \"Microsoft.Resources.ResourceActionSuccess\",\r\n        \"Microsoft.Resources.ResourceActionFailure\",\r\n        \"Microsoft.Resources.ResourceActionCancel\"\r\n      ]\r\n    },\r\n    \"labels\": [\r\n      \"Finance\",\r\n      \"HR\"\r\n    ],\r\n    \"eventDeliverySchema\": \"EventGridSchema\",\r\n    \"retryPolicy\": {\r\n      \"maxDeliveryAttempts\": 30,\r\n      \"eventTimeToLiveInMinutes\": 1440\r\n    }\r\n  },\r\n  \"id\": \"/subscriptions/5b4b650e-28b9-4790-b3ab-ddbd88d727c4/resourceGroups/RGName-ps2402/providers/Microsoft.EventGrid/eventSubscriptions/EventSubscription-ps5289\",\r\n  \"name\": \"EventSubscription-ps5289\",\r\n  \"type\": \"Microsoft.EventGrid/eventSubscriptions\"\r\n}",
      "StatusCode": 201
    },
    {
      "RequestUri": "/subscriptions/5b4b650e-28b9-4790-b3ab-ddbd88d727c4/providers/Microsoft.EventGrid/operationsStatus/3B4AE2CC-A611-4CF6-8B72-D381128F309E?api-version=2020-06-01",
      "EncodedRequestUri": "L3N1YnNjcmlwdGlvbnMvNWI0YjY1MGUtMjhiOS00NzkwLWIzYWItZGRiZDg4ZDcyN2M0L3Byb3ZpZGVycy9NaWNyb3NvZnQuRXZlbnRHcmlkL29wZXJhdGlvbnNTdGF0dXMvM0I0QUUyQ0MtQTYxMS00Q0Y2LThCNzItRDM4MTEyOEYzMDlFP2FwaS12ZXJzaW9uPTIwMjAtMDYtMDE=",
      "RequestMethod": "GET",
      "RequestBody": "",
      "RequestHeaders": {
        "User-Agent": [
          "FxVersion/4.6.28928.01",
          "OSName/Windows",
          "OSVersion/Microsoft.Windows.10.0.18363.",
          "Microsoft.Azure.Management.EventGrid.EventGridManagementClient/6.0.0.0"
        ]
      },
      "ResponseHeaders": {
        "Cache-Control": [
          "no-cache"
        ],
        "Pragma": [
          "no-cache"
        ],
        "Strict-Transport-Security": [
          "max-age=31536000; includeSubDomains"
        ],
        "x-ms-request-id": [
          "c21dd51e-5b2c-446b-94e7-83cca3c4bd1c"
        ],
        "Server": [
          "Microsoft-HTTPAPI/2.0"
        ],
        "x-ms-ratelimit-remaining-subscription-reads": [
          "11999"
        ],
        "x-ms-correlation-request-id": [
          "bd23bc33-46ba-4d8c-be8d-c7a8f04fe0bc"
        ],
        "x-ms-routing-request-id": [
          "WESTUS:20200702T201236Z:bd23bc33-46ba-4d8c-be8d-c7a8f04fe0bc"
        ],
        "X-Content-Type-Options": [
          "nosniff"
        ],
        "Date": [
          "Thu, 02 Jul 2020 20:12:35 GMT"
        ],
        "Content-Length": [
          "263"
        ],
        "Content-Type": [
          "application/json; charset=utf-8"
        ],
        "Expires": [
          "-1"
        ]
      },
      "ResponseBody": "{\r\n  \"id\": \"https://management.azure.com/subscriptions/5b4b650e-28b9-4790-b3ab-ddbd88d727c4/providers/Microsoft.EventGrid/operationsStatus/3B4AE2CC-A611-4CF6-8B72-D381128F309E?api-version=2020-06-01\",\r\n  \"name\": \"3b4ae2cc-a611-4cf6-8b72-d381128f309e\",\r\n  \"status\": \"InProgress\"\r\n}",
      "StatusCode": 200
    },
    {
      "RequestUri": "/subscriptions/5b4b650e-28b9-4790-b3ab-ddbd88d727c4/providers/Microsoft.EventGrid/operationsStatus/3B4AE2CC-A611-4CF6-8B72-D381128F309E?api-version=2020-06-01",
      "EncodedRequestUri": "L3N1YnNjcmlwdGlvbnMvNWI0YjY1MGUtMjhiOS00NzkwLWIzYWItZGRiZDg4ZDcyN2M0L3Byb3ZpZGVycy9NaWNyb3NvZnQuRXZlbnRHcmlkL29wZXJhdGlvbnNTdGF0dXMvM0I0QUUyQ0MtQTYxMS00Q0Y2LThCNzItRDM4MTEyOEYzMDlFP2FwaS12ZXJzaW9uPTIwMjAtMDYtMDE=",
      "RequestMethod": "GET",
      "RequestBody": "",
      "RequestHeaders": {
        "User-Agent": [
          "FxVersion/4.6.28928.01",
          "OSName/Windows",
          "OSVersion/Microsoft.Windows.10.0.18363.",
          "Microsoft.Azure.Management.EventGrid.EventGridManagementClient/6.0.0.0"
        ]
      },
      "ResponseHeaders": {
        "Cache-Control": [
          "no-cache"
        ],
        "Pragma": [
          "no-cache"
        ],
        "Strict-Transport-Security": [
          "max-age=31536000; includeSubDomains"
        ],
        "x-ms-request-id": [
          "31969439-24fd-473f-a819-174ec37abe6f"
        ],
        "Server": [
          "Microsoft-HTTPAPI/2.0"
        ],
        "x-ms-ratelimit-remaining-subscription-reads": [
          "11998"
        ],
        "x-ms-correlation-request-id": [
          "636611b8-af7a-47ff-96dd-3f266b101467"
        ],
        "x-ms-routing-request-id": [
          "WESTUS:20200702T201246Z:636611b8-af7a-47ff-96dd-3f266b101467"
        ],
        "X-Content-Type-Options": [
          "nosniff"
        ],
        "Date": [
          "Thu, 02 Jul 2020 20:12:45 GMT"
        ],
        "Content-Length": [
          "262"
        ],
        "Content-Type": [
          "application/json; charset=utf-8"
        ],
        "Expires": [
          "-1"
        ]
      },
      "ResponseBody": "{\r\n  \"id\": \"https://management.azure.com/subscriptions/5b4b650e-28b9-4790-b3ab-ddbd88d727c4/providers/Microsoft.EventGrid/operationsStatus/3B4AE2CC-A611-4CF6-8B72-D381128F309E?api-version=2020-06-01\",\r\n  \"name\": \"3b4ae2cc-a611-4cf6-8b72-d381128f309e\",\r\n  \"status\": \"Succeeded\"\r\n}",
      "StatusCode": 200
    },
    {
      "RequestUri": "//subscriptions/5b4b650e-28b9-4790-b3ab-ddbd88d727c4/resourceGroups/RGName-ps2402/providers/Microsoft.EventGrid/eventSubscriptions/EventSubscription-ps5289?api-version=2020-06-01",
      "EncodedRequestUri": "Ly9zdWJzY3JpcHRpb25zLzViNGI2NTBlLTI4YjktNDc5MC1iM2FiLWRkYmQ4OGQ3MjdjNC9yZXNvdXJjZUdyb3Vwcy9SR05hbWUtcHMyNDAyL3Byb3ZpZGVycy9NaWNyb3NvZnQuRXZlbnRHcmlkL2V2ZW50U3Vic2NyaXB0aW9ucy9FdmVudFN1YnNjcmlwdGlvbi1wczUyODk/YXBpLXZlcnNpb249MjAyMC0wNi0wMQ==",
      "RequestMethod": "GET",
      "RequestBody": "",
      "RequestHeaders": {
        "User-Agent": [
          "FxVersion/4.6.28928.01",
          "OSName/Windows",
          "OSVersion/Microsoft.Windows.10.0.18363.",
          "Microsoft.Azure.Management.EventGrid.EventGridManagementClient/6.0.0.0"
        ]
      },
      "ResponseHeaders": {
        "Cache-Control": [
          "no-cache"
        ],
        "Pragma": [
          "no-cache"
        ],
        "Strict-Transport-Security": [
          "max-age=31536000; includeSubDomains"
        ],
        "x-ms-request-id": [
          "692aef3b-c180-44ad-9fa0-ffb0fa8efce1"
        ],
        "Server": [
          "Microsoft-HTTPAPI/2.0"
        ],
        "x-ms-ratelimit-remaining-subscription-reads": [
          "11997"
        ],
        "x-ms-correlation-request-id": [
          "b1df0858-429c-4600-8d9a-d91811a5072a"
        ],
        "x-ms-routing-request-id": [
          "WESTUS:20200702T201246Z:b1df0858-429c-4600-8d9a-d91811a5072a"
        ],
        "X-Content-Type-Options": [
          "nosniff"
        ],
        "Date": [
          "Thu, 02 Jul 2020 20:12:45 GMT"
        ],
        "Content-Length": [
          "1220"
        ],
        "Content-Type": [
          "application/json; charset=utf-8"
        ],
        "Expires": [
          "-1"
        ]
      },
      "ResponseBody": "{\r\n  \"properties\": {\r\n    \"topic\": \"/subscriptions/5b4b650e-28b9-4790-b3ab-ddbd88d727c4/resourceGroups/rgname-ps2402\",\r\n    \"provisioningState\": \"Succeeded\",\r\n    \"destination\": {\r\n      \"properties\": {\r\n        \"endpointUrl\": null,\r\n        \"endpointBaseUrl\": \"https://devexpfuncappdestination.azurewebsites.net/runtime/webhooks/EventGrid\",\r\n        \"maxEventsPerBatch\": 1,\r\n        \"preferredBatchSizeInKilobytes\": 64\r\n      },\r\n      \"endpointType\": \"WebHook\"\r\n    },\r\n    \"filter\": {\r\n      \"subjectBeginsWith\": \"\",\r\n      \"subjectEndsWith\": \"\",\r\n      \"includedEventTypes\": [\r\n        \"Microsoft.Resources.ResourceWriteSuccess\",\r\n        \"Microsoft.Resources.ResourceWriteFailure\",\r\n        \"Microsoft.Resources.ResourceWriteCancel\",\r\n        \"Microsoft.Resources.ResourceDeleteSuccess\",\r\n        \"Microsoft.Resources.ResourceDeleteFailure\",\r\n        \"Microsoft.Resources.ResourceDeleteCancel\",\r\n        \"Microsoft.Resources.ResourceActionSuccess\",\r\n        \"Microsoft.Resources.ResourceActionFailure\",\r\n        \"Microsoft.Resources.ResourceActionCancel\"\r\n      ]\r\n    },\r\n    \"labels\": [\r\n      \"Finance\",\r\n      \"HR\"\r\n    ],\r\n    \"eventDeliverySchema\": \"EventGridSchema\",\r\n    \"retryPolicy\": {\r\n      \"maxDeliveryAttempts\": 30,\r\n      \"eventTimeToLiveInMinutes\": 1440\r\n    }\r\n  },\r\n  \"id\": \"/subscriptions/5b4b650e-28b9-4790-b3ab-ddbd88d727c4/resourceGroups/RGName-ps2402/providers/Microsoft.EventGrid/eventSubscriptions/EventSubscription-ps5289\",\r\n  \"name\": \"EventSubscription-ps5289\",\r\n  \"type\": \"Microsoft.EventGrid/eventSubscriptions\"\r\n}",
      "StatusCode": 200
    },
    {
      "RequestUri": "//subscriptions/5b4b650e-28b9-4790-b3ab-ddbd88d727c4/resourceGroups/RGName-ps2402/providers/Microsoft.EventGrid/eventSubscriptions/EventSubscription-ps5289?api-version=2020-06-01",
      "EncodedRequestUri": "Ly9zdWJzY3JpcHRpb25zLzViNGI2NTBlLTI4YjktNDc5MC1iM2FiLWRkYmQ4OGQ3MjdjNC9yZXNvdXJjZUdyb3Vwcy9SR05hbWUtcHMyNDAyL3Byb3ZpZGVycy9NaWNyb3NvZnQuRXZlbnRHcmlkL2V2ZW50U3Vic2NyaXB0aW9ucy9FdmVudFN1YnNjcmlwdGlvbi1wczUyODk/YXBpLXZlcnNpb249MjAyMC0wNi0wMQ==",
      "RequestMethod": "GET",
      "RequestBody": "",
      "RequestHeaders": {
        "x-ms-client-request-id": [
          "b817b41a-b8f0-4aa1-b662-a1a8c3030979"
        ],
        "Accept-Language": [
          "en-US"
        ],
        "User-Agent": [
          "FxVersion/4.6.28928.01",
          "OSName/Windows",
          "OSVersion/Microsoft.Windows.10.0.18363.",
          "Microsoft.Azure.Management.EventGrid.EventGridManagementClient/6.0.0.0"
        ]
      },
      "ResponseHeaders": {
        "Cache-Control": [
          "no-cache"
        ],
        "Pragma": [
          "no-cache"
        ],
        "Strict-Transport-Security": [
          "max-age=31536000; includeSubDomains"
        ],
        "x-ms-request-id": [
          "871c68ed-a469-4e5f-922f-08de7d89fcb0"
        ],
        "Server": [
          "Microsoft-HTTPAPI/2.0"
        ],
        "x-ms-ratelimit-remaining-subscription-reads": [
          "11994"
        ],
        "x-ms-correlation-request-id": [
          "902ee0c9-09da-4334-a663-f4ba0bc2a887"
        ],
        "x-ms-routing-request-id": [
          "WESTUS:20200702T201257Z:902ee0c9-09da-4334-a663-f4ba0bc2a887"
        ],
        "X-Content-Type-Options": [
          "nosniff"
        ],
        "Date": [
          "Thu, 02 Jul 2020 20:12:56 GMT"
        ],
        "Content-Length": [
          "1220"
        ],
        "Content-Type": [
          "application/json; charset=utf-8"
        ],
        "Expires": [
          "-1"
        ]
      },
      "ResponseBody": "{\r\n  \"properties\": {\r\n    \"topic\": \"/subscriptions/5b4b650e-28b9-4790-b3ab-ddbd88d727c4/resourceGroups/rgname-ps2402\",\r\n    \"provisioningState\": \"Succeeded\",\r\n    \"destination\": {\r\n      \"properties\": {\r\n        \"endpointUrl\": null,\r\n        \"endpointBaseUrl\": \"https://devexpfuncappdestination.azurewebsites.net/runtime/webhooks/EventGrid\",\r\n        \"maxEventsPerBatch\": 1,\r\n        \"preferredBatchSizeInKilobytes\": 64\r\n      },\r\n      \"endpointType\": \"WebHook\"\r\n    },\r\n    \"filter\": {\r\n      \"subjectBeginsWith\": \"\",\r\n      \"subjectEndsWith\": \"\",\r\n      \"includedEventTypes\": [\r\n        \"Microsoft.Resources.ResourceWriteSuccess\",\r\n        \"Microsoft.Resources.ResourceWriteFailure\",\r\n        \"Microsoft.Resources.ResourceWriteCancel\",\r\n        \"Microsoft.Resources.ResourceDeleteSuccess\",\r\n        \"Microsoft.Resources.ResourceDeleteFailure\",\r\n        \"Microsoft.Resources.ResourceDeleteCancel\",\r\n        \"Microsoft.Resources.ResourceActionSuccess\",\r\n        \"Microsoft.Resources.ResourceActionFailure\",\r\n        \"Microsoft.Resources.ResourceActionCancel\"\r\n      ]\r\n    },\r\n    \"labels\": [\r\n      \"Finance\",\r\n      \"HR\"\r\n    ],\r\n    \"eventDeliverySchema\": \"EventGridSchema\",\r\n    \"retryPolicy\": {\r\n      \"maxDeliveryAttempts\": 30,\r\n      \"eventTimeToLiveInMinutes\": 1440\r\n    }\r\n  },\r\n  \"id\": \"/subscriptions/5b4b650e-28b9-4790-b3ab-ddbd88d727c4/resourceGroups/RGName-ps2402/providers/Microsoft.EventGrid/eventSubscriptions/EventSubscription-ps5289\",\r\n  \"name\": \"EventSubscription-ps5289\",\r\n  \"type\": \"Microsoft.EventGrid/eventSubscriptions\"\r\n}",
      "StatusCode": 200
    },
    {
      "RequestUri": "//subscriptions/5b4b650e-28b9-4790-b3ab-ddbd88d727c4/resourceGroups/RGName-ps2402/providers/Microsoft.EventGrid/eventSubscriptions/EventSubscription-ps5289?api-version=2020-06-01",
      "EncodedRequestUri": "Ly9zdWJzY3JpcHRpb25zLzViNGI2NTBlLTI4YjktNDc5MC1iM2FiLWRkYmQ4OGQ3MjdjNC9yZXNvdXJjZUdyb3Vwcy9SR05hbWUtcHMyNDAyL3Byb3ZpZGVycy9NaWNyb3NvZnQuRXZlbnRHcmlkL2V2ZW50U3Vic2NyaXB0aW9ucy9FdmVudFN1YnNjcmlwdGlvbi1wczUyODk/YXBpLXZlcnNpb249MjAyMC0wNi0wMQ==",
      "RequestMethod": "GET",
      "RequestBody": "",
      "RequestHeaders": {
        "x-ms-client-request-id": [
          "3eeaa3c0-d75f-4c03-b7ee-ee03e9a90b47"
        ],
        "Accept-Language": [
          "en-US"
        ],
        "User-Agent": [
          "FxVersion/4.6.28928.01",
          "OSName/Windows",
          "OSVersion/Microsoft.Windows.10.0.18363.",
          "Microsoft.Azure.Management.EventGrid.EventGridManagementClient/6.0.0.0"
        ]
      },
      "ResponseHeaders": {
        "Cache-Control": [
          "no-cache"
        ],
        "Pragma": [
          "no-cache"
        ],
        "Strict-Transport-Security": [
          "max-age=31536000; includeSubDomains"
        ],
        "x-ms-request-id": [
          "94584bb5-bb75-41c6-8afa-873ef740f9b6"
        ],
        "Server": [
          "Microsoft-HTTPAPI/2.0"
        ],
        "x-ms-ratelimit-remaining-subscription-reads": [
          "11993"
        ],
        "x-ms-correlation-request-id": [
          "180f18c4-6a73-41c7-9afd-65278c37819c"
        ],
        "x-ms-routing-request-id": [
          "WESTUS:20200702T201257Z:180f18c4-6a73-41c7-9afd-65278c37819c"
        ],
        "X-Content-Type-Options": [
          "nosniff"
        ],
        "Date": [
          "Thu, 02 Jul 2020 20:12:57 GMT"
        ],
        "Content-Length": [
          "1220"
        ],
        "Content-Type": [
          "application/json; charset=utf-8"
        ],
        "Expires": [
          "-1"
        ]
      },
      "ResponseBody": "{\r\n  \"properties\": {\r\n    \"topic\": \"/subscriptions/5b4b650e-28b9-4790-b3ab-ddbd88d727c4/resourceGroups/rgname-ps2402\",\r\n    \"provisioningState\": \"Succeeded\",\r\n    \"destination\": {\r\n      \"properties\": {\r\n        \"endpointUrl\": null,\r\n        \"endpointBaseUrl\": \"https://devexpfuncappdestination.azurewebsites.net/runtime/webhooks/EventGrid\",\r\n        \"maxEventsPerBatch\": 1,\r\n        \"preferredBatchSizeInKilobytes\": 64\r\n      },\r\n      \"endpointType\": \"WebHook\"\r\n    },\r\n    \"filter\": {\r\n      \"subjectBeginsWith\": \"\",\r\n      \"subjectEndsWith\": \"\",\r\n      \"includedEventTypes\": [\r\n        \"Microsoft.Resources.ResourceWriteSuccess\",\r\n        \"Microsoft.Resources.ResourceWriteFailure\",\r\n        \"Microsoft.Resources.ResourceWriteCancel\",\r\n        \"Microsoft.Resources.ResourceDeleteSuccess\",\r\n        \"Microsoft.Resources.ResourceDeleteFailure\",\r\n        \"Microsoft.Resources.ResourceDeleteCancel\",\r\n        \"Microsoft.Resources.ResourceActionSuccess\",\r\n        \"Microsoft.Resources.ResourceActionFailure\",\r\n        \"Microsoft.Resources.ResourceActionCancel\"\r\n      ]\r\n    },\r\n    \"labels\": [\r\n      \"Finance\",\r\n      \"HR\"\r\n    ],\r\n    \"eventDeliverySchema\": \"EventGridSchema\",\r\n    \"retryPolicy\": {\r\n      \"maxDeliveryAttempts\": 30,\r\n      \"eventTimeToLiveInMinutes\": 1440\r\n    }\r\n  },\r\n  \"id\": \"/subscriptions/5b4b650e-28b9-4790-b3ab-ddbd88d727c4/resourceGroups/RGName-ps2402/providers/Microsoft.EventGrid/eventSubscriptions/EventSubscription-ps5289\",\r\n  \"name\": \"EventSubscription-ps5289\",\r\n  \"type\": \"Microsoft.EventGrid/eventSubscriptions\"\r\n}",
      "StatusCode": 200
    },
    {
      "RequestUri": "//subscriptions/5b4b650e-28b9-4790-b3ab-ddbd88d727c4/resourceGroups/RGName-ps2402/providers/Microsoft.EventGrid/eventSubscriptions/EventSubscription-ps5289?api-version=2020-06-01",
      "EncodedRequestUri": "Ly9zdWJzY3JpcHRpb25zLzViNGI2NTBlLTI4YjktNDc5MC1iM2FiLWRkYmQ4OGQ3MjdjNC9yZXNvdXJjZUdyb3Vwcy9SR05hbWUtcHMyNDAyL3Byb3ZpZGVycy9NaWNyb3NvZnQuRXZlbnRHcmlkL2V2ZW50U3Vic2NyaXB0aW9ucy9FdmVudFN1YnNjcmlwdGlvbi1wczUyODk/YXBpLXZlcnNpb249MjAyMC0wNi0wMQ==",
      "RequestMethod": "GET",
      "RequestBody": "",
      "RequestHeaders": {
        "User-Agent": [
          "FxVersion/4.6.28928.01",
          "OSName/Windows",
          "OSVersion/Microsoft.Windows.10.0.18363.",
          "Microsoft.Azure.Management.EventGrid.EventGridManagementClient/6.0.0.0"
        ]
      },
      "ResponseHeaders": {
        "Cache-Control": [
          "no-cache"
        ],
        "Pragma": [
          "no-cache"
        ],
        "Strict-Transport-Security": [
          "max-age=31536000; includeSubDomains"
        ],
        "x-ms-request-id": [
          "0334b9be-b2fd-4f33-b462-771b63e8bd89"
        ],
        "Server": [
          "Microsoft-HTTPAPI/2.0"
        ],
        "x-ms-ratelimit-remaining-subscription-reads": [
          "11991"
        ],
        "x-ms-correlation-request-id": [
          "498e37f5-bc8f-42fd-a428-52c4f29f00b8"
        ],
        "x-ms-routing-request-id": [
          "WESTUS:20200702T201308Z:498e37f5-bc8f-42fd-a428-52c4f29f00b8"
        ],
        "X-Content-Type-Options": [
          "nosniff"
        ],
        "Date": [
          "Thu, 02 Jul 2020 20:13:08 GMT"
        ],
        "Content-Length": [
          "1234"
        ],
        "Content-Type": [
          "application/json; charset=utf-8"
        ],
        "Expires": [
          "-1"
        ]
      },
      "ResponseBody": "{\r\n  \"properties\": {\r\n    \"topic\": \"/subscriptions/5b4b650e-28b9-4790-b3ab-ddbd88d727c4/resourceGroups/rgname-ps2402\",\r\n    \"provisioningState\": \"Succeeded\",\r\n    \"destination\": {\r\n      \"properties\": {\r\n        \"endpointUrl\": null,\r\n        \"endpointBaseUrl\": \"https://devexpfuncappdestination.azurewebsites.net/runtime/webhooks/EventGrid\",\r\n        \"maxEventsPerBatch\": 1,\r\n        \"preferredBatchSizeInKilobytes\": 64\r\n      },\r\n      \"endpointType\": \"WebHook\"\r\n    },\r\n    \"filter\": {\r\n      \"subjectBeginsWith\": \"\",\r\n      \"subjectEndsWith\": \"NewSuffix\",\r\n      \"includedEventTypes\": [\r\n        \"Microsoft.Resources.ResourceWriteSuccess\",\r\n        \"Microsoft.Resources.ResourceWriteFailure\",\r\n        \"Microsoft.Resources.ResourceWriteCancel\",\r\n        \"Microsoft.Resources.ResourceDeleteSuccess\",\r\n        \"Microsoft.Resources.ResourceDeleteFailure\",\r\n        \"Microsoft.Resources.ResourceDeleteCancel\",\r\n        \"Microsoft.Resources.ResourceActionSuccess\",\r\n        \"Microsoft.Resources.ResourceActionFailure\",\r\n        \"Microsoft.Resources.ResourceActionCancel\"\r\n      ]\r\n    },\r\n    \"labels\": [\r\n      \"Marketing\",\r\n      \"Sales\"\r\n    ],\r\n    \"eventDeliverySchema\": \"EventGridSchema\",\r\n    \"retryPolicy\": {\r\n      \"maxDeliveryAttempts\": 30,\r\n      \"eventTimeToLiveInMinutes\": 1440\r\n    }\r\n  },\r\n  \"id\": \"/subscriptions/5b4b650e-28b9-4790-b3ab-ddbd88d727c4/resourceGroups/RGName-ps2402/providers/Microsoft.EventGrid/eventSubscriptions/EventSubscription-ps5289\",\r\n  \"name\": \"EventSubscription-ps5289\",\r\n  \"type\": \"Microsoft.EventGrid/eventSubscriptions\"\r\n}",
      "StatusCode": 200
    },
    {
      "RequestUri": "//subscriptions/5b4b650e-28b9-4790-b3ab-ddbd88d727c4/resourceGroups/RGName-ps2402/providers/Microsoft.EventGrid/eventSubscriptions/EventSubscription-ps1902?api-version=2020-06-01",
      "EncodedRequestUri": "Ly9zdWJzY3JpcHRpb25zLzViNGI2NTBlLTI4YjktNDc5MC1iM2FiLWRkYmQ4OGQ3MjdjNC9yZXNvdXJjZUdyb3Vwcy9SR05hbWUtcHMyNDAyL3Byb3ZpZGVycy9NaWNyb3NvZnQuRXZlbnRHcmlkL2V2ZW50U3Vic2NyaXB0aW9ucy9FdmVudFN1YnNjcmlwdGlvbi1wczE5MDI/YXBpLXZlcnNpb249MjAyMC0wNi0wMQ==",
      "RequestMethod": "PUT",
      "RequestBody": "{\r\n  \"properties\": {\r\n    \"destination\": {\r\n      \"endpointType\": \"WebHook\",\r\n      \"properties\": {\r\n        \"endpointUrl\": \"https://devexpfuncappdestination.azurewebsites.net/runtime/webhooks/EventGrid?functionName=EventGridTrigger1&code=<HIDDEN>\"\r\n      }\r\n    },\r\n    \"filter\": {\r\n      \"includedEventTypes\": [\r\n        \"Microsoft.Resources.ResourceWriteFailure\",\r\n        \"Microsoft.Resources.ResourceWriteSuccess\"\r\n      ],\r\n      \"isSubjectCaseSensitive\": false\r\n    },\r\n    \"eventDeliverySchema\": \"EventGridSchema\"\r\n  }\r\n}",
      "RequestHeaders": {
        "x-ms-client-request-id": [
          "1df2decd-795d-43d6-a13e-809126a6d348"
        ],
        "Accept-Language": [
          "en-US"
        ],
        "User-Agent": [
          "FxVersion/4.6.28928.01",
          "OSName/Windows",
          "OSVersion/Microsoft.Windows.10.0.18363.",
          "Microsoft.Azure.Management.EventGrid.EventGridManagementClient/6.0.0.0"
        ],
        "Content-Type": [
          "application/json; charset=utf-8"
        ],
        "Content-Length": [
          "577"
        ]
      },
      "ResponseHeaders": {
        "Cache-Control": [
          "no-cache"
        ],
        "Pragma": [
          "no-cache"
        ],
        "Retry-After": [
          "10"
        ],
        "Strict-Transport-Security": [
          "max-age=31536000; includeSubDomains"
        ],
        "Azure-AsyncOperation": [
          "https://management.azure.com:443/subscriptions/5b4b650e-28b9-4790-b3ab-ddbd88d727c4/providers/Microsoft.EventGrid/operationsStatus/CDF13E02-4644-4D57-96E2-0FCCE4B6E5A0?api-version=2020-06-01"
        ],
        "x-ms-request-id": [
          "ffe9b535-a718-4da1-8602-91a761ca6bd1"
        ],
        "Server": [
          "Microsoft-HTTPAPI/2.0"
        ],
        "x-ms-ratelimit-remaining-subscription-resource-requests": [
          "898"
        ],
        "x-ms-correlation-request-id": [
          "365d81d6-6d2c-45b8-9120-eb6a165c56b7"
        ],
        "x-ms-routing-request-id": [
          "WESTUS:20200702T201247Z:365d81d6-6d2c-45b8-9120-eb6a165c56b7"
        ],
        "X-Content-Type-Options": [
          "nosniff"
        ],
        "Date": [
          "Thu, 02 Jul 2020 20:12:46 GMT"
        ],
        "Content-Length": [
          "802"
        ],
        "Content-Type": [
          "application/json; charset=utf-8"
        ],
        "Expires": [
          "-1"
        ]
      },
      "ResponseBody": "{\r\n  \"properties\": {\r\n    \"topic\": \"/subscriptions/5b4b650e-28b9-4790-b3ab-ddbd88d727c4/resourceGroups/rgname-ps2402\",\r\n    \"provisioningState\": \"Creating\",\r\n    \"destination\": {\r\n      \"properties\": {\r\n        \"endpointUrl\": null,\r\n        \"endpointBaseUrl\": \"https://devexpfuncappdestination.azurewebsites.net/runtime/webhooks/EventGrid\"\r\n      },\r\n      \"endpointType\": \"WebHook\"\r\n    },\r\n    \"filter\": {\r\n      \"includedEventTypes\": [\r\n        \"Microsoft.Resources.ResourceWriteFailure\",\r\n        \"Microsoft.Resources.ResourceWriteSuccess\"\r\n      ]\r\n    },\r\n    \"labels\": null,\r\n    \"eventDeliverySchema\": \"EventGridSchema\",\r\n    \"retryPolicy\": {\r\n      \"maxDeliveryAttempts\": 30,\r\n      \"eventTimeToLiveInMinutes\": 1440\r\n    }\r\n  },\r\n  \"id\": \"/subscriptions/5b4b650e-28b9-4790-b3ab-ddbd88d727c4/resourceGroups/RGName-ps2402/providers/Microsoft.EventGrid/eventSubscriptions/EventSubscription-ps1902\",\r\n  \"name\": \"EventSubscription-ps1902\",\r\n  \"type\": \"Microsoft.EventGrid/eventSubscriptions\"\r\n}",
      "StatusCode": 201
    },
    {
      "RequestUri": "/subscriptions/5b4b650e-28b9-4790-b3ab-ddbd88d727c4/providers/Microsoft.EventGrid/operationsStatus/CDF13E02-4644-4D57-96E2-0FCCE4B6E5A0?api-version=2020-06-01",
      "EncodedRequestUri": "L3N1YnNjcmlwdGlvbnMvNWI0YjY1MGUtMjhiOS00NzkwLWIzYWItZGRiZDg4ZDcyN2M0L3Byb3ZpZGVycy9NaWNyb3NvZnQuRXZlbnRHcmlkL29wZXJhdGlvbnNTdGF0dXMvQ0RGMTNFMDItNDY0NC00RDU3LTk2RTItMEZDQ0U0QjZFNUEwP2FwaS12ZXJzaW9uPTIwMjAtMDYtMDE=",
      "RequestMethod": "GET",
      "RequestBody": "",
      "RequestHeaders": {
        "User-Agent": [
          "FxVersion/4.6.28928.01",
          "OSName/Windows",
          "OSVersion/Microsoft.Windows.10.0.18363.",
          "Microsoft.Azure.Management.EventGrid.EventGridManagementClient/6.0.0.0"
        ]
      },
      "ResponseHeaders": {
        "Cache-Control": [
          "no-cache"
        ],
        "Pragma": [
          "no-cache"
        ],
        "Strict-Transport-Security": [
          "max-age=31536000; includeSubDomains"
        ],
        "x-ms-request-id": [
          "dc550200-9031-4d20-9eaa-20b4c7697e72"
        ],
        "Server": [
          "Microsoft-HTTPAPI/2.0"
        ],
        "x-ms-ratelimit-remaining-subscription-reads": [
          "11996"
        ],
        "x-ms-correlation-request-id": [
          "967cd6e2-49b3-4a35-8f28-a01ed26004e5"
        ],
        "x-ms-routing-request-id": [
          "WESTUS:20200702T201257Z:967cd6e2-49b3-4a35-8f28-a01ed26004e5"
        ],
        "X-Content-Type-Options": [
          "nosniff"
        ],
        "Date": [
          "Thu, 02 Jul 2020 20:12:56 GMT"
        ],
        "Content-Length": [
          "262"
        ],
        "Content-Type": [
          "application/json; charset=utf-8"
        ],
        "Expires": [
          "-1"
        ]
      },
      "ResponseBody": "{\r\n  \"id\": \"https://management.azure.com/subscriptions/5b4b650e-28b9-4790-b3ab-ddbd88d727c4/providers/Microsoft.EventGrid/operationsStatus/CDF13E02-4644-4D57-96E2-0FCCE4B6E5A0?api-version=2020-06-01\",\r\n  \"name\": \"cdf13e02-4644-4d57-96e2-0fcce4b6e5a0\",\r\n  \"status\": \"Succeeded\"\r\n}",
      "StatusCode": 200
    },
    {
      "RequestUri": "//subscriptions/5b4b650e-28b9-4790-b3ab-ddbd88d727c4/resourceGroups/RGName-ps2402/providers/Microsoft.EventGrid/eventSubscriptions/EventSubscription-ps1902?api-version=2020-06-01",
      "EncodedRequestUri": "Ly9zdWJzY3JpcHRpb25zLzViNGI2NTBlLTI4YjktNDc5MC1iM2FiLWRkYmQ4OGQ3MjdjNC9yZXNvdXJjZUdyb3Vwcy9SR05hbWUtcHMyNDAyL3Byb3ZpZGVycy9NaWNyb3NvZnQuRXZlbnRHcmlkL2V2ZW50U3Vic2NyaXB0aW9ucy9FdmVudFN1YnNjcmlwdGlvbi1wczE5MDI/YXBpLXZlcnNpb249MjAyMC0wNi0wMQ==",
      "RequestMethod": "GET",
      "RequestBody": "",
      "RequestHeaders": {
        "User-Agent": [
          "FxVersion/4.6.28928.01",
          "OSName/Windows",
          "OSVersion/Microsoft.Windows.10.0.18363.",
          "Microsoft.Azure.Management.EventGrid.EventGridManagementClient/6.0.0.0"
        ]
      },
      "ResponseHeaders": {
        "Cache-Control": [
          "no-cache"
        ],
        "Pragma": [
          "no-cache"
        ],
        "Strict-Transport-Security": [
          "max-age=31536000; includeSubDomains"
        ],
        "x-ms-request-id": [
          "524ef9ba-9fb8-42d8-b91a-55aa58ba426c"
        ],
        "Server": [
          "Microsoft-HTTPAPI/2.0"
        ],
        "x-ms-ratelimit-remaining-subscription-reads": [
          "11995"
        ],
        "x-ms-correlation-request-id": [
          "4ea23edd-2b27-4ca1-86fe-4d8c23bbf8d6"
        ],
        "x-ms-routing-request-id": [
          "WESTUS:20200702T201257Z:4ea23edd-2b27-4ca1-86fe-4d8c23bbf8d6"
        ],
        "X-Content-Type-Options": [
          "nosniff"
        ],
        "Date": [
          "Thu, 02 Jul 2020 20:12:56 GMT"
        ],
        "Content-Length": [
          "904"
        ],
        "Content-Type": [
          "application/json; charset=utf-8"
        ],
        "Expires": [
          "-1"
        ]
      },
      "ResponseBody": "{\r\n  \"properties\": {\r\n    \"topic\": \"/subscriptions/5b4b650e-28b9-4790-b3ab-ddbd88d727c4/resourceGroups/rgname-ps2402\",\r\n    \"provisioningState\": \"Succeeded\",\r\n    \"destination\": {\r\n      \"properties\": {\r\n        \"endpointUrl\": null,\r\n        \"endpointBaseUrl\": \"https://devexpfuncappdestination.azurewebsites.net/runtime/webhooks/EventGrid\",\r\n        \"maxEventsPerBatch\": 1,\r\n        \"preferredBatchSizeInKilobytes\": 64\r\n      },\r\n      \"endpointType\": \"WebHook\"\r\n    },\r\n    \"filter\": {\r\n      \"subjectBeginsWith\": \"\",\r\n      \"subjectEndsWith\": \"\",\r\n      \"includedEventTypes\": [\r\n        \"Microsoft.Resources.ResourceWriteFailure\",\r\n        \"Microsoft.Resources.ResourceWriteSuccess\"\r\n      ]\r\n    },\r\n    \"labels\": null,\r\n    \"eventDeliverySchema\": \"EventGridSchema\",\r\n    \"retryPolicy\": {\r\n      \"maxDeliveryAttempts\": 30,\r\n      \"eventTimeToLiveInMinutes\": 1440\r\n    }\r\n  },\r\n  \"id\": \"/subscriptions/5b4b650e-28b9-4790-b3ab-ddbd88d727c4/resourceGroups/RGName-ps2402/providers/Microsoft.EventGrid/eventSubscriptions/EventSubscription-ps1902\",\r\n  \"name\": \"EventSubscription-ps1902\",\r\n  \"type\": \"Microsoft.EventGrid/eventSubscriptions\"\r\n}",
      "StatusCode": 200
    },
    {
      "RequestUri": "//subscriptions/5b4b650e-28b9-4790-b3ab-ddbd88d727c4/resourceGroups/RGName-ps2402/providers/Microsoft.EventGrid/eventSubscriptions/EventSubscription-ps5289/getFullUrl?api-version=2020-06-01",
      "EncodedRequestUri": "Ly9zdWJzY3JpcHRpb25zLzViNGI2NTBlLTI4YjktNDc5MC1iM2FiLWRkYmQ4OGQ3MjdjNC9yZXNvdXJjZUdyb3Vwcy9SR05hbWUtcHMyNDAyL3Byb3ZpZGVycy9NaWNyb3NvZnQuRXZlbnRHcmlkL2V2ZW50U3Vic2NyaXB0aW9ucy9FdmVudFN1YnNjcmlwdGlvbi1wczUyODkvZ2V0RnVsbFVybD9hcGktdmVyc2lvbj0yMDIwLTA2LTAx",
      "RequestMethod": "POST",
      "RequestBody": "",
      "RequestHeaders": {
        "x-ms-client-request-id": [
          "84338294-5164-4cfe-9b7f-4d2d6a010708"
        ],
        "Accept-Language": [
          "en-US"
        ],
        "User-Agent": [
          "FxVersion/4.6.28928.01",
          "OSName/Windows",
          "OSVersion/Microsoft.Windows.10.0.18363.",
          "Microsoft.Azure.Management.EventGrid.EventGridManagementClient/6.0.0.0"
        ]
      },
      "ResponseHeaders": {
        "Cache-Control": [
          "no-cache"
        ],
        "Pragma": [
          "no-cache"
        ],
        "Strict-Transport-Security": [
          "max-age=31536000; includeSubDomains"
        ],
        "x-ms-request-id": [
          "fa434191-e6a0-4dff-887d-2b41e8a9cd64"
        ],
        "Server": [
          "Microsoft-HTTPAPI/2.0"
        ],
        "x-ms-ratelimit-remaining-subscription-writes": [
          "1199"
        ],
        "x-ms-correlation-request-id": [
          "a24e1cf6-87b1-4732-8ade-e898620fb4a3"
        ],
        "x-ms-routing-request-id": [
          "WESTUS:20200702T201257Z:a24e1cf6-87b1-4732-8ade-e898620fb4a3"
        ],
        "X-Content-Type-Options": [
          "nosniff"
        ],
        "Date": [
          "Thu, 02 Jul 2020 20:12:57 GMT"
        ],
        "Content-Length": [
          "188"
        ],
        "Content-Type": [
          "application/json; charset=utf-8"
        ],
        "Expires": [
          "-1"
        ]
      },
      "ResponseBody": "{\r\n  \"endpointUrl\": \"https://devexpfuncappdestination.azurewebsites.net/runtime/webhooks/EventGrid?functionName=EventGridTrigger1&code=<HIDDEN>\"\r\n}",
      "StatusCode": 200
    },
    {
      "RequestUri": "//subscriptions/5b4b650e-28b9-4790-b3ab-ddbd88d727c4/resourceGroups/RGName-ps2402/providers/Microsoft.EventGrid/eventSubscriptions/EventSubscription-ps5289?api-version=2020-06-01",
      "EncodedRequestUri": "Ly9zdWJzY3JpcHRpb25zLzViNGI2NTBlLTI4YjktNDc5MC1iM2FiLWRkYmQ4OGQ3MjdjNC9yZXNvdXJjZUdyb3Vwcy9SR05hbWUtcHMyNDAyL3Byb3ZpZGVycy9NaWNyb3NvZnQuRXZlbnRHcmlkL2V2ZW50U3Vic2NyaXB0aW9ucy9FdmVudFN1YnNjcmlwdGlvbi1wczUyODk/YXBpLXZlcnNpb249MjAyMC0wNi0wMQ==",
      "RequestMethod": "PATCH",
      "RequestBody": "{\r\n  \"filter\": {\r\n    \"subjectBeginsWith\": \"\",\r\n    \"subjectEndsWith\": \"NewSuffix\"\r\n  },\r\n  \"labels\": [\r\n    \"Marketing\",\r\n    \"Sales\"\r\n  ],\r\n  \"retryPolicy\": {\r\n    \"maxDeliveryAttempts\": 30,\r\n    \"eventTimeToLiveInMinutes\": 1440\r\n  }\r\n}",
      "RequestHeaders": {
        "x-ms-client-request-id": [
          "18935df5-500b-4aa3-a48d-6b0a5a89a6f8"
        ],
        "Accept-Language": [
          "en-US"
        ],
        "User-Agent": [
          "FxVersion/4.6.28928.01",
          "OSName/Windows",
          "OSVersion/Microsoft.Windows.10.0.18363.",
          "Microsoft.Azure.Management.EventGrid.EventGridManagementClient/6.0.0.0"
        ],
        "Content-Type": [
          "application/json; charset=utf-8"
        ],
        "Content-Length": [
          "238"
        ]
      },
      "ResponseHeaders": {
        "Cache-Control": [
          "no-cache"
        ],
        "Pragma": [
          "no-cache"
        ],
        "Retry-After": [
          "10"
        ],
        "Strict-Transport-Security": [
          "max-age=31536000; includeSubDomains"
        ],
        "Azure-AsyncOperation": [
          "https://management.azure.com:443/subscriptions/5b4b650e-28b9-4790-b3ab-ddbd88d727c4/providers/Microsoft.EventGrid/operationsStatus/BFB2B6A8-7A5F-43DC-8DB3-70C8DFA24613?api-version=2020-06-01"
        ],
        "x-ms-request-id": [
          "33bd4f5a-6f4a-49b0-a379-4bdf2390af73"
        ],
        "Server": [
          "Microsoft-HTTPAPI/2.0"
        ],
        "x-ms-ratelimit-remaining-subscription-resource-requests": [
          "897"
        ],
        "x-ms-correlation-request-id": [
          "8dac1525-60af-4455-97c7-e71c8f147703"
        ],
        "x-ms-routing-request-id": [
          "WESTUS:20200702T201258Z:8dac1525-60af-4455-97c7-e71c8f147703"
        ],
        "X-Content-Type-Options": [
          "nosniff"
        ],
        "Date": [
          "Thu, 02 Jul 2020 20:12:57 GMT"
        ],
        "Content-Length": [
          "1233"
        ],
        "Content-Type": [
          "application/json; charset=utf-8"
        ],
        "Expires": [
          "-1"
        ]
      },
      "ResponseBody": "{\r\n  \"properties\": {\r\n    \"topic\": \"/subscriptions/5b4b650e-28b9-4790-b3ab-ddbd88d727c4/resourceGroups/rgname-ps2402\",\r\n    \"provisioningState\": \"Updating\",\r\n    \"destination\": {\r\n      \"properties\": {\r\n        \"endpointUrl\": null,\r\n        \"endpointBaseUrl\": \"https://devexpfuncappdestination.azurewebsites.net/runtime/webhooks/EventGrid\",\r\n        \"maxEventsPerBatch\": 1,\r\n        \"preferredBatchSizeInKilobytes\": 64\r\n      },\r\n      \"endpointType\": \"WebHook\"\r\n    },\r\n    \"filter\": {\r\n      \"subjectBeginsWith\": \"\",\r\n      \"subjectEndsWith\": \"NewSuffix\",\r\n      \"includedEventTypes\": [\r\n        \"Microsoft.Resources.ResourceWriteSuccess\",\r\n        \"Microsoft.Resources.ResourceWriteFailure\",\r\n        \"Microsoft.Resources.ResourceWriteCancel\",\r\n        \"Microsoft.Resources.ResourceDeleteSuccess\",\r\n        \"Microsoft.Resources.ResourceDeleteFailure\",\r\n        \"Microsoft.Resources.ResourceDeleteCancel\",\r\n        \"Microsoft.Resources.ResourceActionSuccess\",\r\n        \"Microsoft.Resources.ResourceActionFailure\",\r\n        \"Microsoft.Resources.ResourceActionCancel\"\r\n      ]\r\n    },\r\n    \"labels\": [\r\n      \"Marketing\",\r\n      \"Sales\"\r\n    ],\r\n    \"eventDeliverySchema\": \"EventGridSchema\",\r\n    \"retryPolicy\": {\r\n      \"maxDeliveryAttempts\": 30,\r\n      \"eventTimeToLiveInMinutes\": 1440\r\n    }\r\n  },\r\n  \"id\": \"/subscriptions/5b4b650e-28b9-4790-b3ab-ddbd88d727c4/resourceGroups/RGName-ps2402/providers/Microsoft.EventGrid/eventSubscriptions/EventSubscription-ps5289\",\r\n  \"name\": \"EventSubscription-ps5289\",\r\n  \"type\": \"Microsoft.EventGrid/eventSubscriptions\"\r\n}",
      "StatusCode": 201
    },
    {
      "RequestUri": "/subscriptions/5b4b650e-28b9-4790-b3ab-ddbd88d727c4/providers/Microsoft.EventGrid/operationsStatus/BFB2B6A8-7A5F-43DC-8DB3-70C8DFA24613?api-version=2020-06-01",
      "EncodedRequestUri": "L3N1YnNjcmlwdGlvbnMvNWI0YjY1MGUtMjhiOS00NzkwLWIzYWItZGRiZDg4ZDcyN2M0L3Byb3ZpZGVycy9NaWNyb3NvZnQuRXZlbnRHcmlkL29wZXJhdGlvbnNTdGF0dXMvQkZCMkI2QTgtN0E1Ri00M0RDLThEQjMtNzBDOERGQTI0NjEzP2FwaS12ZXJzaW9uPTIwMjAtMDYtMDE=",
      "RequestMethod": "GET",
      "RequestBody": "",
      "RequestHeaders": {
        "User-Agent": [
          "FxVersion/4.6.28928.01",
          "OSName/Windows",
          "OSVersion/Microsoft.Windows.10.0.18363.",
          "Microsoft.Azure.Management.EventGrid.EventGridManagementClient/6.0.0.0"
        ]
      },
      "ResponseHeaders": {
        "Cache-Control": [
          "no-cache"
        ],
        "Pragma": [
          "no-cache"
        ],
        "Strict-Transport-Security": [
          "max-age=31536000; includeSubDomains"
        ],
        "x-ms-request-id": [
          "d691674e-1bd3-4452-b300-e87bb838dd1a"
        ],
        "Server": [
          "Microsoft-HTTPAPI/2.0"
        ],
        "x-ms-ratelimit-remaining-subscription-reads": [
          "11992"
        ],
        "x-ms-correlation-request-id": [
          "5d0ff393-ac54-45b7-9dab-9206beb9584b"
        ],
        "x-ms-routing-request-id": [
          "WESTUS:20200702T201308Z:5d0ff393-ac54-45b7-9dab-9206beb9584b"
        ],
        "X-Content-Type-Options": [
          "nosniff"
        ],
        "Date": [
          "Thu, 02 Jul 2020 20:13:07 GMT"
        ],
        "Content-Length": [
          "262"
        ],
        "Content-Type": [
          "application/json; charset=utf-8"
        ],
        "Expires": [
          "-1"
        ]
      },
      "ResponseBody": "{\r\n  \"id\": \"https://management.azure.com/subscriptions/5b4b650e-28b9-4790-b3ab-ddbd88d727c4/providers/Microsoft.EventGrid/operationsStatus/BFB2B6A8-7A5F-43DC-8DB3-70C8DFA24613?api-version=2020-06-01\",\r\n  \"name\": \"bfb2b6a8-7a5f-43dc-8db3-70c8dfa24613\",\r\n  \"status\": \"Succeeded\"\r\n}",
      "StatusCode": 200
    },
    {
      "RequestUri": "/subscriptions/5b4b650e-28b9-4790-b3ab-ddbd88d727c4/resourceGroups/RGName-ps2402/providers/Microsoft.EventGrid/eventSubscriptions?api-version=2020-06-01",
      "EncodedRequestUri": "L3N1YnNjcmlwdGlvbnMvNWI0YjY1MGUtMjhiOS00NzkwLWIzYWItZGRiZDg4ZDcyN2M0L3Jlc291cmNlR3JvdXBzL1JHTmFtZS1wczI0MDIvcHJvdmlkZXJzL01pY3Jvc29mdC5FdmVudEdyaWQvZXZlbnRTdWJzY3JpcHRpb25zP2FwaS12ZXJzaW9uPTIwMjAtMDYtMDE=",
      "RequestMethod": "GET",
      "RequestBody": "",
      "RequestHeaders": {
        "x-ms-client-request-id": [
          "f0c01696-10e7-420e-ae83-3d30624c383f"
        ],
        "Accept-Language": [
          "en-US"
        ],
        "User-Agent": [
          "FxVersion/4.6.28928.01",
          "OSName/Windows",
          "OSVersion/Microsoft.Windows.10.0.18363.",
          "Microsoft.Azure.Management.EventGrid.EventGridManagementClient/6.0.0.0"
        ]
      },
      "ResponseHeaders": {
        "Cache-Control": [
          "no-cache"
        ],
        "Pragma": [
          "no-cache"
        ],
        "Strict-Transport-Security": [
          "max-age=31536000; includeSubDomains"
        ],
        "x-ms-request-id": [
          "c70179ea-61c4-4ab1-b38a-3b136ac26f14"
        ],
        "Server": [
          "Microsoft-HTTPAPI/2.0"
        ],
        "x-ms-ratelimit-remaining-subscription-reads": [
          "11990"
        ],
        "x-ms-correlation-request-id": [
          "c26bb8ee-cf50-4ae5-a404-eb9a24557c9d"
        ],
        "x-ms-routing-request-id": [
          "WESTUS:20200702T201308Z:c26bb8ee-cf50-4ae5-a404-eb9a24557c9d"
        ],
        "X-Content-Type-Options": [
          "nosniff"
        ],
        "Date": [
          "Thu, 02 Jul 2020 20:13:08 GMT"
        ],
        "Content-Length": [
          "2151"
        ],
        "Content-Type": [
          "application/json; charset=utf-8"
        ],
        "Expires": [
          "-1"
        ]
      },
      "ResponseBody": "{\r\n  \"value\": [\r\n    {\r\n      \"properties\": {\r\n        \"topic\": \"/subscriptions/5b4b650e-28b9-4790-b3ab-ddbd88d727c4/resourceGroups/rgname-ps2402\",\r\n        \"provisioningState\": \"Succeeded\",\r\n        \"destination\": {\r\n          \"properties\": {\r\n            \"endpointUrl\": null,\r\n            \"endpointBaseUrl\": \"https://devexpfuncappdestination.azurewebsites.net/runtime/webhooks/EventGrid\",\r\n            \"maxEventsPerBatch\": 1,\r\n            \"preferredBatchSizeInKilobytes\": 64\r\n          },\r\n          \"endpointType\": \"WebHook\"\r\n        },\r\n        \"filter\": {\r\n          \"subjectBeginsWith\": \"\",\r\n          \"subjectEndsWith\": \"NewSuffix\",\r\n          \"includedEventTypes\": [\r\n            \"Microsoft.Resources.ResourceWriteSuccess\",\r\n            \"Microsoft.Resources.ResourceWriteFailure\",\r\n            \"Microsoft.Resources.ResourceWriteCancel\",\r\n            \"Microsoft.Resources.ResourceDeleteSuccess\",\r\n            \"Microsoft.Resources.ResourceDeleteFailure\",\r\n            \"Microsoft.Resources.ResourceDeleteCancel\",\r\n            \"Microsoft.Resources.ResourceActionSuccess\",\r\n            \"Microsoft.Resources.ResourceActionFailure\",\r\n            \"Microsoft.Resources.ResourceActionCancel\"\r\n          ]\r\n        },\r\n        \"labels\": [\r\n          \"Marketing\",\r\n          \"Sales\"\r\n        ],\r\n        \"eventDeliverySchema\": \"EventGridSchema\",\r\n        \"retryPolicy\": {\r\n          \"maxDeliveryAttempts\": 30,\r\n          \"eventTimeToLiveInMinutes\": 1440\r\n        }\r\n      },\r\n      \"id\": \"/subscriptions/5b4b650e-28b9-4790-b3ab-ddbd88d727c4/resourceGroups/RGName-ps2402/providers/Microsoft.EventGrid/eventSubscriptions/EventSubscription-ps5289\",\r\n      \"name\": \"EventSubscription-ps5289\",\r\n      \"type\": \"Microsoft.EventGrid/eventSubscriptions\"\r\n    },\r\n    {\r\n      \"properties\": {\r\n        \"topic\": \"/subscriptions/5b4b650e-28b9-4790-b3ab-ddbd88d727c4/resourceGroups/rgname-ps2402\",\r\n        \"provisioningState\": \"Succeeded\",\r\n        \"destination\": {\r\n          \"properties\": {\r\n            \"endpointUrl\": null,\r\n            \"endpointBaseUrl\": \"https://devexpfuncappdestination.azurewebsites.net/runtime/webhooks/EventGrid\",\r\n            \"maxEventsPerBatch\": 1,\r\n            \"preferredBatchSizeInKilobytes\": 64\r\n          },\r\n          \"endpointType\": \"WebHook\"\r\n        },\r\n        \"filter\": {\r\n          \"subjectBeginsWith\": \"\",\r\n          \"subjectEndsWith\": \"\",\r\n          \"includedEventTypes\": [\r\n            \"Microsoft.Resources.ResourceWriteFailure\",\r\n            \"Microsoft.Resources.ResourceWriteSuccess\"\r\n          ]\r\n        },\r\n        \"labels\": null,\r\n        \"eventDeliverySchema\": \"EventGridSchema\",\r\n        \"retryPolicy\": {\r\n          \"maxDeliveryAttempts\": 30,\r\n          \"eventTimeToLiveInMinutes\": 1440\r\n        }\r\n      },\r\n      \"id\": \"/subscriptions/5b4b650e-28b9-4790-b3ab-ddbd88d727c4/resourceGroups/RGName-ps2402/providers/Microsoft.EventGrid/eventSubscriptions/EventSubscription-ps1902\",\r\n      \"name\": \"EventSubscription-ps1902\",\r\n      \"type\": \"Microsoft.EventGrid/eventSubscriptions\"\r\n    }\r\n  ]\r\n}",
      "StatusCode": 200
    },
    {
      "RequestUri": "/subscriptions/5b4b650e-28b9-4790-b3ab-ddbd88d727c4/resourceGroups/RGName-ps2402/providers/Microsoft.EventGrid/eventSubscriptions?api-version=2020-06-01",
      "EncodedRequestUri": "L3N1YnNjcmlwdGlvbnMvNWI0YjY1MGUtMjhiOS00NzkwLWIzYWItZGRiZDg4ZDcyN2M0L3Jlc291cmNlR3JvdXBzL1JHTmFtZS1wczI0MDIvcHJvdmlkZXJzL01pY3Jvc29mdC5FdmVudEdyaWQvZXZlbnRTdWJzY3JpcHRpb25zP2FwaS12ZXJzaW9uPTIwMjAtMDYtMDE=",
      "RequestMethod": "GET",
      "RequestBody": "",
      "RequestHeaders": {
        "x-ms-client-request-id": [
          "bcdf606f-fc34-4e6f-b22b-e88615a3e1fc"
        ],
        "Accept-Language": [
          "en-US"
        ],
        "User-Agent": [
          "FxVersion/4.6.28928.01",
          "OSName/Windows",
          "OSVersion/Microsoft.Windows.10.0.18363.",
          "Microsoft.Azure.Management.EventGrid.EventGridManagementClient/6.0.0.0"
        ]
      },
      "ResponseHeaders": {
        "Cache-Control": [
          "no-cache"
        ],
        "Pragma": [
          "no-cache"
        ],
        "Strict-Transport-Security": [
          "max-age=31536000; includeSubDomains"
        ],
        "x-ms-request-id": [
          "758d04d7-c263-4dfb-bb87-b1b47a7e1b6a"
        ],
        "Server": [
          "Microsoft-HTTPAPI/2.0"
        ],
        "x-ms-ratelimit-remaining-subscription-reads": [
          "11988"
        ],
        "x-ms-correlation-request-id": [
          "7e6fb0b0-8796-4c8b-8900-9cabb312e96d"
        ],
        "x-ms-routing-request-id": [
          "WESTUS:20200702T201309Z:7e6fb0b0-8796-4c8b-8900-9cabb312e96d"
        ],
        "X-Content-Type-Options": [
          "nosniff"
        ],
        "Date": [
          "Thu, 02 Jul 2020 20:13:08 GMT"
        ],
        "Content-Length": [
          "2151"
        ],
        "Content-Type": [
          "application/json; charset=utf-8"
        ],
        "Expires": [
          "-1"
        ]
      },
      "ResponseBody": "{\r\n  \"value\": [\r\n    {\r\n      \"properties\": {\r\n        \"topic\": \"/subscriptions/5b4b650e-28b9-4790-b3ab-ddbd88d727c4/resourceGroups/rgname-ps2402\",\r\n        \"provisioningState\": \"Succeeded\",\r\n        \"destination\": {\r\n          \"properties\": {\r\n            \"endpointUrl\": null,\r\n            \"endpointBaseUrl\": \"https://devexpfuncappdestination.azurewebsites.net/runtime/webhooks/EventGrid\",\r\n            \"maxEventsPerBatch\": 1,\r\n            \"preferredBatchSizeInKilobytes\": 64\r\n          },\r\n          \"endpointType\": \"WebHook\"\r\n        },\r\n        \"filter\": {\r\n          \"subjectBeginsWith\": \"\",\r\n          \"subjectEndsWith\": \"NewSuffix\",\r\n          \"includedEventTypes\": [\r\n            \"Microsoft.Resources.ResourceWriteSuccess\",\r\n            \"Microsoft.Resources.ResourceWriteFailure\",\r\n            \"Microsoft.Resources.ResourceWriteCancel\",\r\n            \"Microsoft.Resources.ResourceDeleteSuccess\",\r\n            \"Microsoft.Resources.ResourceDeleteFailure\",\r\n            \"Microsoft.Resources.ResourceDeleteCancel\",\r\n            \"Microsoft.Resources.ResourceActionSuccess\",\r\n            \"Microsoft.Resources.ResourceActionFailure\",\r\n            \"Microsoft.Resources.ResourceActionCancel\"\r\n          ]\r\n        },\r\n        \"labels\": [\r\n          \"Marketing\",\r\n          \"Sales\"\r\n        ],\r\n        \"eventDeliverySchema\": \"EventGridSchema\",\r\n        \"retryPolicy\": {\r\n          \"maxDeliveryAttempts\": 30,\r\n          \"eventTimeToLiveInMinutes\": 1440\r\n        }\r\n      },\r\n      \"id\": \"/subscriptions/5b4b650e-28b9-4790-b3ab-ddbd88d727c4/resourceGroups/RGName-ps2402/providers/Microsoft.EventGrid/eventSubscriptions/EventSubscription-ps5289\",\r\n      \"name\": \"EventSubscription-ps5289\",\r\n      \"type\": \"Microsoft.EventGrid/eventSubscriptions\"\r\n    },\r\n    {\r\n      \"properties\": {\r\n        \"topic\": \"/subscriptions/5b4b650e-28b9-4790-b3ab-ddbd88d727c4/resourceGroups/rgname-ps2402\",\r\n        \"provisioningState\": \"Succeeded\",\r\n        \"destination\": {\r\n          \"properties\": {\r\n            \"endpointUrl\": null,\r\n            \"endpointBaseUrl\": \"https://devexpfuncappdestination.azurewebsites.net/runtime/webhooks/EventGrid\",\r\n            \"maxEventsPerBatch\": 1,\r\n            \"preferredBatchSizeInKilobytes\": 64\r\n          },\r\n          \"endpointType\": \"WebHook\"\r\n        },\r\n        \"filter\": {\r\n          \"subjectBeginsWith\": \"\",\r\n          \"subjectEndsWith\": \"\",\r\n          \"includedEventTypes\": [\r\n            \"Microsoft.Resources.ResourceWriteFailure\",\r\n            \"Microsoft.Resources.ResourceWriteSuccess\"\r\n          ]\r\n        },\r\n        \"labels\": null,\r\n        \"eventDeliverySchema\": \"EventGridSchema\",\r\n        \"retryPolicy\": {\r\n          \"maxDeliveryAttempts\": 30,\r\n          \"eventTimeToLiveInMinutes\": 1440\r\n        }\r\n      },\r\n      \"id\": \"/subscriptions/5b4b650e-28b9-4790-b3ab-ddbd88d727c4/resourceGroups/RGName-ps2402/providers/Microsoft.EventGrid/eventSubscriptions/EventSubscription-ps1902\",\r\n      \"name\": \"EventSubscription-ps1902\",\r\n      \"type\": \"Microsoft.EventGrid/eventSubscriptions\"\r\n    }\r\n  ]\r\n}",
      "StatusCode": 200
    },
    {
      "RequestUri": "/subscriptions/5b4b650e-28b9-4790-b3ab-ddbd88d727c4/resourceGroups/RGName-ps2402/providers/Microsoft.EventGrid/eventSubscriptions?api-version=2020-06-01",
      "EncodedRequestUri": "L3N1YnNjcmlwdGlvbnMvNWI0YjY1MGUtMjhiOS00NzkwLWIzYWItZGRiZDg4ZDcyN2M0L3Jlc291cmNlR3JvdXBzL1JHTmFtZS1wczI0MDIvcHJvdmlkZXJzL01pY3Jvc29mdC5FdmVudEdyaWQvZXZlbnRTdWJzY3JpcHRpb25zP2FwaS12ZXJzaW9uPTIwMjAtMDYtMDE=",
      "RequestMethod": "GET",
      "RequestBody": "",
      "RequestHeaders": {
        "x-ms-client-request-id": [
          "1e5ae525-3976-49c1-833a-3c9d5f4bd74e"
        ],
        "Accept-Language": [
          "en-US"
        ],
        "User-Agent": [
          "FxVersion/4.6.28928.01",
          "OSName/Windows",
          "OSVersion/Microsoft.Windows.10.0.18363.",
          "Microsoft.Azure.Management.EventGrid.EventGridManagementClient/6.0.0.0"
        ]
      },
      "ResponseHeaders": {
        "Cache-Control": [
          "no-cache"
        ],
        "Pragma": [
          "no-cache"
        ],
        "Strict-Transport-Security": [
          "max-age=31536000; includeSubDomains"
        ],
        "x-ms-request-id": [
          "e99c6d70-0de8-4f92-95ae-60211f9ebbf1"
        ],
        "Server": [
          "Microsoft-HTTPAPI/2.0"
        ],
        "x-ms-ratelimit-remaining-subscription-reads": [
          "11982"
        ],
        "x-ms-correlation-request-id": [
          "d982ace9-1637-4fd4-9c63-a1d24fa9f56a"
        ],
        "x-ms-routing-request-id": [
          "WESTUS:20200702T201331Z:d982ace9-1637-4fd4-9c63-a1d24fa9f56a"
        ],
        "X-Content-Type-Options": [
          "nosniff"
        ],
        "Date": [
          "Thu, 02 Jul 2020 20:13:30 GMT"
        ],
        "Content-Length": [
          "12"
        ],
        "Content-Type": [
          "application/json; charset=utf-8"
        ],
        "Expires": [
          "-1"
        ]
      },
      "ResponseBody": "{\r\n  \"value\": []\r\n}",
      "StatusCode": 200
    },
    {
      "RequestUri": "/subscriptions/5b4b650e-28b9-4790-b3ab-ddbd88d727c4/resourceGroups/RGName-ps2402/providers/Microsoft.EventGrid/eventSubscriptions?api-version=2020-06-01&$top=1",
      "EncodedRequestUri": "L3N1YnNjcmlwdGlvbnMvNWI0YjY1MGUtMjhiOS00NzkwLWIzYWItZGRiZDg4ZDcyN2M0L3Jlc291cmNlR3JvdXBzL1JHTmFtZS1wczI0MDIvcHJvdmlkZXJzL01pY3Jvc29mdC5FdmVudEdyaWQvZXZlbnRTdWJzY3JpcHRpb25zP2FwaS12ZXJzaW9uPTIwMjAtMDYtMDEmJHRvcD0x",
      "RequestMethod": "GET",
      "RequestBody": "",
      "RequestHeaders": {
        "x-ms-client-request-id": [
          "c09a3c89-dc2c-43b6-b8ab-63b79c0aa45d"
        ],
        "Accept-Language": [
          "en-US"
        ],
        "User-Agent": [
          "FxVersion/4.6.28928.01",
          "OSName/Windows",
          "OSVersion/Microsoft.Windows.10.0.18363.",
          "Microsoft.Azure.Management.EventGrid.EventGridManagementClient/6.0.0.0"
        ]
      },
      "ResponseHeaders": {
        "Cache-Control": [
          "no-cache"
        ],
        "Pragma": [
          "no-cache"
        ],
        "Strict-Transport-Security": [
          "max-age=31536000; includeSubDomains"
        ],
        "x-ms-request-id": [
          "0423015b-5dc6-46ba-885d-78b4b642939d"
        ],
        "Server": [
          "Microsoft-HTTPAPI/2.0"
        ],
        "x-ms-ratelimit-remaining-subscription-reads": [
          "11989"
        ],
        "x-ms-correlation-request-id": [
          "0d1be0c5-a964-4529-a622-c4838874388c"
        ],
        "x-ms-routing-request-id": [
          "WESTUS:20200702T201309Z:0d1be0c5-a964-4529-a622-c4838874388c"
        ],
        "X-Content-Type-Options": [
          "nosniff"
        ],
        "Date": [
          "Thu, 02 Jul 2020 20:13:08 GMT"
        ],
        "Content-Length": [
          "1667"
        ],
        "Content-Type": [
          "application/json; charset=utf-8"
        ],
        "Expires": [
          "-1"
        ]
      },
      "ResponseBody": "{\r\n  \"value\": [\r\n    {\r\n      \"properties\": {\r\n        \"topic\": \"/subscriptions/5b4b650e-28b9-4790-b3ab-ddbd88d727c4/resourceGroups/rgname-ps2402\",\r\n        \"provisioningState\": \"Succeeded\",\r\n        \"destination\": {\r\n          \"properties\": {\r\n            \"endpointUrl\": null,\r\n            \"endpointBaseUrl\": \"https://devexpfuncappdestination.azurewebsites.net/runtime/webhooks/EventGrid\",\r\n            \"maxEventsPerBatch\": 1,\r\n            \"preferredBatchSizeInKilobytes\": 64\r\n          },\r\n          \"endpointType\": \"WebHook\"\r\n        },\r\n        \"filter\": {\r\n          \"subjectBeginsWith\": \"\",\r\n          \"subjectEndsWith\": \"NewSuffix\",\r\n          \"includedEventTypes\": [\r\n            \"Microsoft.Resources.ResourceWriteSuccess\",\r\n            \"Microsoft.Resources.ResourceWriteFailure\",\r\n            \"Microsoft.Resources.ResourceWriteCancel\",\r\n            \"Microsoft.Resources.ResourceDeleteSuccess\",\r\n            \"Microsoft.Resources.ResourceDeleteFailure\",\r\n            \"Microsoft.Resources.ResourceDeleteCancel\",\r\n            \"Microsoft.Resources.ResourceActionSuccess\",\r\n            \"Microsoft.Resources.ResourceActionFailure\",\r\n            \"Microsoft.Resources.ResourceActionCancel\"\r\n          ]\r\n        },\r\n        \"labels\": [\r\n          \"Marketing\",\r\n          \"Sales\"\r\n        ],\r\n        \"eventDeliverySchema\": \"EventGridSchema\",\r\n        \"retryPolicy\": {\r\n          \"maxDeliveryAttempts\": 30,\r\n          \"eventTimeToLiveInMinutes\": 1440\r\n        }\r\n      },\r\n      \"id\": \"/subscriptions/5b4b650e-28b9-4790-b3ab-ddbd88d727c4/resourceGroups/RGName-ps2402/providers/Microsoft.EventGrid/eventSubscriptions/EventSubscription-ps5289\",\r\n      \"name\": \"EventSubscription-ps5289\",\r\n      \"type\": \"Microsoft.EventGrid/eventSubscriptions\"\r\n    }\r\n  ],\r\n  \"nextLink\": \"https://management.azure.com/subscriptions/5b4b650e-28b9-4790-b3ab-ddbd88d727c4/resourceGroups/RGName-ps2402/providers/Microsoft.EventGrid/eventSubscriptions?api-version=2020-06-01&$skiptoken=%7b%22token%22%3a%22%2bRID%3a%7e9fgUAOy9bAKpFgcAAAAAAA%3d%3d%23RT%3a1%23TRC%3a1%23ISV%3a2%23IEO%3a65551%23FPC%3aAakWBwAAAAAAqhYHAAAAAAA%3d%22%2c%22range%22%3a%7b%22min%22%3a%22%22%2c%22max%22%3a%22FF%22%7d%7d&$top=1\"\r\n}",
      "StatusCode": 200
    },
    {
      "RequestUri": "/subscriptions/5b4b650e-28b9-4790-b3ab-ddbd88d727c4/resourceGroups/RGName-ps2402/providers/Microsoft.EventGrid/eventSubscriptions?api-version=2020-06-01&$top=1",
      "EncodedRequestUri": "L3N1YnNjcmlwdGlvbnMvNWI0YjY1MGUtMjhiOS00NzkwLWIzYWItZGRiZDg4ZDcyN2M0L3Jlc291cmNlR3JvdXBzL1JHTmFtZS1wczI0MDIvcHJvdmlkZXJzL01pY3Jvc29mdC5FdmVudEdyaWQvZXZlbnRTdWJzY3JpcHRpb25zP2FwaS12ZXJzaW9uPTIwMjAtMDYtMDEmJHRvcD0x",
      "RequestMethod": "GET",
      "RequestBody": "",
      "RequestHeaders": {
        "x-ms-client-request-id": [
          "32cd34db-1a8c-40d3-a2fa-ecd068790585"
        ],
        "Accept-Language": [
          "en-US"
        ],
        "User-Agent": [
          "FxVersion/4.6.28928.01",
          "OSName/Windows",
          "OSVersion/Microsoft.Windows.10.0.18363.",
          "Microsoft.Azure.Management.EventGrid.EventGridManagementClient/6.0.0.0"
        ]
      },
      "ResponseHeaders": {
        "Cache-Control": [
          "no-cache"
        ],
        "Pragma": [
          "no-cache"
        ],
        "Strict-Transport-Security": [
          "max-age=31536000; includeSubDomains"
        ],
        "x-ms-request-id": [
          "b079733e-2185-4b50-8021-c76af29b7703"
        ],
        "Server": [
          "Microsoft-HTTPAPI/2.0"
        ],
        "x-ms-ratelimit-remaining-subscription-reads": [
          "11987"
        ],
        "x-ms-correlation-request-id": [
          "381ccf40-df64-4aac-9269-2abac5220601"
        ],
        "x-ms-routing-request-id": [
          "WESTUS:20200702T201309Z:381ccf40-df64-4aac-9269-2abac5220601"
        ],
        "X-Content-Type-Options": [
          "nosniff"
        ],
        "Date": [
          "Thu, 02 Jul 2020 20:13:08 GMT"
        ],
        "Content-Length": [
          "1667"
        ],
        "Content-Type": [
          "application/json; charset=utf-8"
        ],
        "Expires": [
          "-1"
        ]
      },
      "ResponseBody": "{\r\n  \"value\": [\r\n    {\r\n      \"properties\": {\r\n        \"topic\": \"/subscriptions/5b4b650e-28b9-4790-b3ab-ddbd88d727c4/resourceGroups/rgname-ps2402\",\r\n        \"provisioningState\": \"Succeeded\",\r\n        \"destination\": {\r\n          \"properties\": {\r\n            \"endpointUrl\": null,\r\n            \"endpointBaseUrl\": \"https://devexpfuncappdestination.azurewebsites.net/runtime/webhooks/EventGrid\",\r\n            \"maxEventsPerBatch\": 1,\r\n            \"preferredBatchSizeInKilobytes\": 64\r\n          },\r\n          \"endpointType\": \"WebHook\"\r\n        },\r\n        \"filter\": {\r\n          \"subjectBeginsWith\": \"\",\r\n          \"subjectEndsWith\": \"NewSuffix\",\r\n          \"includedEventTypes\": [\r\n            \"Microsoft.Resources.ResourceWriteSuccess\",\r\n            \"Microsoft.Resources.ResourceWriteFailure\",\r\n            \"Microsoft.Resources.ResourceWriteCancel\",\r\n            \"Microsoft.Resources.ResourceDeleteSuccess\",\r\n            \"Microsoft.Resources.ResourceDeleteFailure\",\r\n            \"Microsoft.Resources.ResourceDeleteCancel\",\r\n            \"Microsoft.Resources.ResourceActionSuccess\",\r\n            \"Microsoft.Resources.ResourceActionFailure\",\r\n            \"Microsoft.Resources.ResourceActionCancel\"\r\n          ]\r\n        },\r\n        \"labels\": [\r\n          \"Marketing\",\r\n          \"Sales\"\r\n        ],\r\n        \"eventDeliverySchema\": \"EventGridSchema\",\r\n        \"retryPolicy\": {\r\n          \"maxDeliveryAttempts\": 30,\r\n          \"eventTimeToLiveInMinutes\": 1440\r\n        }\r\n      },\r\n      \"id\": \"/subscriptions/5b4b650e-28b9-4790-b3ab-ddbd88d727c4/resourceGroups/RGName-ps2402/providers/Microsoft.EventGrid/eventSubscriptions/EventSubscription-ps5289\",\r\n      \"name\": \"EventSubscription-ps5289\",\r\n      \"type\": \"Microsoft.EventGrid/eventSubscriptions\"\r\n    }\r\n  ],\r\n  \"nextLink\": \"https://management.azure.com/subscriptions/5b4b650e-28b9-4790-b3ab-ddbd88d727c4/resourceGroups/RGName-ps2402/providers/Microsoft.EventGrid/eventSubscriptions?api-version=2020-06-01&$skiptoken=%7b%22token%22%3a%22%2bRID%3a%7e9fgUAOy9bAKpFgcAAAAAAA%3d%3d%23RT%3a1%23TRC%3a1%23ISV%3a2%23IEO%3a65551%23FPC%3aAakWBwAAAAAAqhYHAAAAAAA%3d%22%2c%22range%22%3a%7b%22min%22%3a%22%22%2c%22max%22%3a%22FF%22%7d%7d&$top=1\"\r\n}",
      "StatusCode": 200
    },
    {
      "RequestUri": "//subscriptions/5b4b650e-28b9-4790-b3ab-ddbd88d727c4/resourceGroups/RGName-ps2402/providers/Microsoft.EventGrid/eventSubscriptions/EventSubscription-ps5289?api-version=2020-06-01",
      "EncodedRequestUri": "Ly9zdWJzY3JpcHRpb25zLzViNGI2NTBlLTI4YjktNDc5MC1iM2FiLWRkYmQ4OGQ3MjdjNC9yZXNvdXJjZUdyb3Vwcy9SR05hbWUtcHMyNDAyL3Byb3ZpZGVycy9NaWNyb3NvZnQuRXZlbnRHcmlkL2V2ZW50U3Vic2NyaXB0aW9ucy9FdmVudFN1YnNjcmlwdGlvbi1wczUyODk/YXBpLXZlcnNpb249MjAyMC0wNi0wMQ==",
      "RequestMethod": "DELETE",
      "RequestBody": "",
      "RequestHeaders": {
        "x-ms-client-request-id": [
          "b73baa71-62ab-4372-a840-1c84906fed02"
        ],
        "Accept-Language": [
          "en-US"
        ],
        "User-Agent": [
          "FxVersion/4.6.28928.01",
          "OSName/Windows",
          "OSVersion/Microsoft.Windows.10.0.18363.",
          "Microsoft.Azure.Management.EventGrid.EventGridManagementClient/6.0.0.0"
        ]
      },
      "ResponseHeaders": {
        "Cache-Control": [
          "no-cache"
        ],
        "Pragma": [
          "no-cache"
        ],
        "Location": [
          "https://management.azure.com/subscriptions/5b4b650e-28b9-4790-b3ab-ddbd88d727c4/providers/Microsoft.EventGrid/operationResults/953C5E22-E073-4654-ADE1-4E67E60C85D9?api-version=2020-06-01"
        ],
        "Retry-After": [
          "10"
        ],
        "Strict-Transport-Security": [
          "max-age=31536000; includeSubDomains"
        ],
        "Azure-AsyncOperation": [
          "https://management.azure.com:443/subscriptions/5b4b650e-28b9-4790-b3ab-ddbd88d727c4/providers/Microsoft.EventGrid/operationsStatus/953C5E22-E073-4654-ADE1-4E67E60C85D9?api-version=2020-06-01"
        ],
        "Server": [
          "Microsoft-HTTPAPI/2.0"
        ],
        "x-ms-ratelimit-remaining-subscription-deletes": [
          "14999"
        ],
        "x-ms-request-id": [
          "bc6f1d16-3a6c-4d33-a912-121ba973ca25"
        ],
        "x-ms-correlation-request-id": [
          "bc6f1d16-3a6c-4d33-a912-121ba973ca25"
        ],
        "x-ms-routing-request-id": [
          "WESTUS:20200702T201309Z:bc6f1d16-3a6c-4d33-a912-121ba973ca25"
        ],
        "X-Content-Type-Options": [
          "nosniff"
        ],
        "Date": [
          "Thu, 02 Jul 2020 20:13:09 GMT"
        ],
        "Expires": [
          "-1"
        ],
        "Content-Length": [
          "0"
        ]
      },
      "ResponseBody": "",
      "StatusCode": 202
    },
    {
      "RequestUri": "/subscriptions/5b4b650e-28b9-4790-b3ab-ddbd88d727c4/providers/Microsoft.EventGrid/operationsStatus/953C5E22-E073-4654-ADE1-4E67E60C85D9?api-version=2020-06-01",
      "EncodedRequestUri": "L3N1YnNjcmlwdGlvbnMvNWI0YjY1MGUtMjhiOS00NzkwLWIzYWItZGRiZDg4ZDcyN2M0L3Byb3ZpZGVycy9NaWNyb3NvZnQuRXZlbnRHcmlkL29wZXJhdGlvbnNTdGF0dXMvOTUzQzVFMjItRTA3My00NjU0LUFERTEtNEU2N0U2MEM4NUQ5P2FwaS12ZXJzaW9uPTIwMjAtMDYtMDE=",
      "RequestMethod": "GET",
      "RequestBody": "",
      "RequestHeaders": {
        "User-Agent": [
          "FxVersion/4.6.28928.01",
          "OSName/Windows",
          "OSVersion/Microsoft.Windows.10.0.18363.",
          "Microsoft.Azure.Management.EventGrid.EventGridManagementClient/6.0.0.0"
        ]
      },
      "ResponseHeaders": {
        "Cache-Control": [
          "no-cache"
        ],
        "Pragma": [
          "no-cache"
        ],
        "Strict-Transport-Security": [
          "max-age=31536000; includeSubDomains"
        ],
        "x-ms-request-id": [
          "1988a9d2-906c-4d86-8d49-ae82af2a0bc6"
        ],
        "Server": [
          "Microsoft-HTTPAPI/2.0"
        ],
        "x-ms-ratelimit-remaining-subscription-reads": [
          "11986"
        ],
        "x-ms-correlation-request-id": [
          "72c91ebd-4ebe-43e7-b0b9-a85862088bbc"
        ],
        "x-ms-routing-request-id": [
          "WESTUS:20200702T201320Z:72c91ebd-4ebe-43e7-b0b9-a85862088bbc"
        ],
        "X-Content-Type-Options": [
          "nosniff"
        ],
        "Date": [
          "Thu, 02 Jul 2020 20:13:19 GMT"
        ],
        "Content-Length": [
          "262"
        ],
        "Content-Type": [
          "application/json; charset=utf-8"
        ],
        "Expires": [
          "-1"
        ]
      },
      "ResponseBody": "{\r\n  \"id\": \"https://management.azure.com/subscriptions/5b4b650e-28b9-4790-b3ab-ddbd88d727c4/providers/Microsoft.EventGrid/operationsStatus/953C5E22-E073-4654-ADE1-4E67E60C85D9?api-version=2020-06-01\",\r\n  \"name\": \"953c5e22-e073-4654-ade1-4e67e60c85d9\",\r\n  \"status\": \"Succeeded\"\r\n}",
      "StatusCode": 200
    },
    {
      "RequestUri": "/subscriptions/5b4b650e-28b9-4790-b3ab-ddbd88d727c4/providers/Microsoft.EventGrid/operationResults/953C5E22-E073-4654-ADE1-4E67E60C85D9?api-version=2020-06-01",
      "EncodedRequestUri": "L3N1YnNjcmlwdGlvbnMvNWI0YjY1MGUtMjhiOS00NzkwLWIzYWItZGRiZDg4ZDcyN2M0L3Byb3ZpZGVycy9NaWNyb3NvZnQuRXZlbnRHcmlkL29wZXJhdGlvblJlc3VsdHMvOTUzQzVFMjItRTA3My00NjU0LUFERTEtNEU2N0U2MEM4NUQ5P2FwaS12ZXJzaW9uPTIwMjAtMDYtMDE=",
      "RequestMethod": "GET",
      "RequestBody": "",
      "RequestHeaders": {
        "User-Agent": [
          "FxVersion/4.6.28928.01",
          "OSName/Windows",
          "OSVersion/Microsoft.Windows.10.0.18363.",
          "Microsoft.Azure.Management.EventGrid.EventGridManagementClient/6.0.0.0"
        ]
      },
      "ResponseHeaders": {
        "Cache-Control": [
          "no-cache"
        ],
        "Pragma": [
          "no-cache"
        ],
        "Strict-Transport-Security": [
          "max-age=31536000; includeSubDomains"
        ],
        "x-ms-request-id": [
          "f4caef99-b7b0-4100-9f83-1846e0c16106"
        ],
        "Server": [
          "Microsoft-HTTPAPI/2.0"
        ],
        "x-ms-ratelimit-remaining-subscription-reads": [
          "11985"
        ],
        "x-ms-correlation-request-id": [
          "8d03de5b-9417-41c5-ae4d-f9d4cfcaaf20"
        ],
        "x-ms-routing-request-id": [
          "WESTUS:20200702T201320Z:8d03de5b-9417-41c5-ae4d-f9d4cfcaaf20"
        ],
        "X-Content-Type-Options": [
          "nosniff"
        ],
        "Date": [
          "Thu, 02 Jul 2020 20:13:19 GMT"
        ],
        "Expires": [
          "-1"
        ],
        "Content-Length": [
          "0"
        ]
      },
      "ResponseBody": "",
      "StatusCode": 200
    },
    {
      "RequestUri": "//subscriptions/5b4b650e-28b9-4790-b3ab-ddbd88d727c4/resourceGroups/RGName-ps2402/providers/Microsoft.EventGrid/eventSubscriptions/EventSubscription-ps1902?api-version=2020-06-01",
      "EncodedRequestUri": "Ly9zdWJzY3JpcHRpb25zLzViNGI2NTBlLTI4YjktNDc5MC1iM2FiLWRkYmQ4OGQ3MjdjNC9yZXNvdXJjZUdyb3Vwcy9SR05hbWUtcHMyNDAyL3Byb3ZpZGVycy9NaWNyb3NvZnQuRXZlbnRHcmlkL2V2ZW50U3Vic2NyaXB0aW9ucy9FdmVudFN1YnNjcmlwdGlvbi1wczE5MDI/YXBpLXZlcnNpb249MjAyMC0wNi0wMQ==",
      "RequestMethod": "DELETE",
      "RequestBody": "",
      "RequestHeaders": {
        "x-ms-client-request-id": [
          "458bde48-d6f2-437d-b5fd-6b76eb2090f5"
        ],
        "Accept-Language": [
          "en-US"
        ],
        "User-Agent": [
          "FxVersion/4.6.28928.01",
          "OSName/Windows",
          "OSVersion/Microsoft.Windows.10.0.18363.",
          "Microsoft.Azure.Management.EventGrid.EventGridManagementClient/6.0.0.0"
        ]
      },
      "ResponseHeaders": {
        "Cache-Control": [
          "no-cache"
        ],
        "Pragma": [
          "no-cache"
        ],
        "Location": [
          "https://management.azure.com/subscriptions/5b4b650e-28b9-4790-b3ab-ddbd88d727c4/providers/Microsoft.EventGrid/operationResults/05353834-AC39-44A5-86FD-6FAB3F38A7F4?api-version=2020-06-01"
        ],
        "Retry-After": [
          "10"
        ],
        "Strict-Transport-Security": [
          "max-age=31536000; includeSubDomains"
        ],
        "Azure-AsyncOperation": [
          "https://management.azure.com:443/subscriptions/5b4b650e-28b9-4790-b3ab-ddbd88d727c4/providers/Microsoft.EventGrid/operationsStatus/05353834-AC39-44A5-86FD-6FAB3F38A7F4?api-version=2020-06-01"
        ],
        "Server": [
          "Microsoft-HTTPAPI/2.0"
        ],
        "x-ms-ratelimit-remaining-subscription-deletes": [
          "14998"
        ],
        "x-ms-request-id": [
          "a8435f96-1b9d-4104-adba-b74dff79af97"
        ],
        "x-ms-correlation-request-id": [
          "a8435f96-1b9d-4104-adba-b74dff79af97"
        ],
        "x-ms-routing-request-id": [
          "WESTUS:20200702T201320Z:a8435f96-1b9d-4104-adba-b74dff79af97"
        ],
        "X-Content-Type-Options": [
          "nosniff"
        ],
        "Date": [
          "Thu, 02 Jul 2020 20:13:19 GMT"
        ],
        "Expires": [
          "-1"
        ],
        "Content-Length": [
          "0"
        ]
      },
      "ResponseBody": "",
      "StatusCode": 202
    },
    {
      "RequestUri": "/subscriptions/5b4b650e-28b9-4790-b3ab-ddbd88d727c4/providers/Microsoft.EventGrid/operationsStatus/05353834-AC39-44A5-86FD-6FAB3F38A7F4?api-version=2020-06-01",
      "EncodedRequestUri": "L3N1YnNjcmlwdGlvbnMvNWI0YjY1MGUtMjhiOS00NzkwLWIzYWItZGRiZDg4ZDcyN2M0L3Byb3ZpZGVycy9NaWNyb3NvZnQuRXZlbnRHcmlkL29wZXJhdGlvbnNTdGF0dXMvMDUzNTM4MzQtQUMzOS00NEE1LTg2RkQtNkZBQjNGMzhBN0Y0P2FwaS12ZXJzaW9uPTIwMjAtMDYtMDE=",
      "RequestMethod": "GET",
      "RequestBody": "",
      "RequestHeaders": {
        "User-Agent": [
          "FxVersion/4.6.28928.01",
          "OSName/Windows",
          "OSVersion/Microsoft.Windows.10.0.18363.",
          "Microsoft.Azure.Management.EventGrid.EventGridManagementClient/6.0.0.0"
        ]
      },
      "ResponseHeaders": {
        "Cache-Control": [
          "no-cache"
        ],
        "Pragma": [
          "no-cache"
        ],
        "Strict-Transport-Security": [
          "max-age=31536000; includeSubDomains"
        ],
        "x-ms-request-id": [
          "b9c67f56-999f-4edc-ae43-85533b3f1177"
        ],
        "Server": [
          "Microsoft-HTTPAPI/2.0"
        ],
        "x-ms-ratelimit-remaining-subscription-reads": [
          "11984"
        ],
        "x-ms-correlation-request-id": [
          "c9a4e513-fef1-45ff-8404-009cf5c9bf66"
        ],
        "x-ms-routing-request-id": [
          "WESTUS:20200702T201330Z:c9a4e513-fef1-45ff-8404-009cf5c9bf66"
        ],
        "X-Content-Type-Options": [
          "nosniff"
        ],
        "Date": [
          "Thu, 02 Jul 2020 20:13:29 GMT"
        ],
        "Content-Length": [
          "262"
        ],
        "Content-Type": [
          "application/json; charset=utf-8"
        ],
        "Expires": [
          "-1"
        ]
      },
      "ResponseBody": "{\r\n  \"id\": \"https://management.azure.com/subscriptions/5b4b650e-28b9-4790-b3ab-ddbd88d727c4/providers/Microsoft.EventGrid/operationsStatus/05353834-AC39-44A5-86FD-6FAB3F38A7F4?api-version=2020-06-01\",\r\n  \"name\": \"05353834-ac39-44a5-86fd-6fab3f38a7f4\",\r\n  \"status\": \"Succeeded\"\r\n}",
      "StatusCode": 200
    },
    {
      "RequestUri": "/subscriptions/5b4b650e-28b9-4790-b3ab-ddbd88d727c4/providers/Microsoft.EventGrid/operationResults/05353834-AC39-44A5-86FD-6FAB3F38A7F4?api-version=2020-06-01",
      "EncodedRequestUri": "L3N1YnNjcmlwdGlvbnMvNWI0YjY1MGUtMjhiOS00NzkwLWIzYWItZGRiZDg4ZDcyN2M0L3Byb3ZpZGVycy9NaWNyb3NvZnQuRXZlbnRHcmlkL29wZXJhdGlvblJlc3VsdHMvMDUzNTM4MzQtQUMzOS00NEE1LTg2RkQtNkZBQjNGMzhBN0Y0P2FwaS12ZXJzaW9uPTIwMjAtMDYtMDE=",
      "RequestMethod": "GET",
      "RequestBody": "",
      "RequestHeaders": {
        "User-Agent": [
          "FxVersion/4.6.28928.01",
          "OSName/Windows",
          "OSVersion/Microsoft.Windows.10.0.18363.",
          "Microsoft.Azure.Management.EventGrid.EventGridManagementClient/6.0.0.0"
        ]
      },
      "ResponseHeaders": {
        "Cache-Control": [
          "no-cache"
        ],
        "Pragma": [
          "no-cache"
        ],
        "Strict-Transport-Security": [
          "max-age=31536000; includeSubDomains"
        ],
        "x-ms-request-id": [
          "0c11919f-c937-4a79-af59-ce120d3be272"
        ],
        "Server": [
          "Microsoft-HTTPAPI/2.0"
        ],
        "x-ms-ratelimit-remaining-subscription-reads": [
          "11983"
        ],
        "x-ms-correlation-request-id": [
          "176f72b7-864e-4e8d-9c69-677f7bfeac98"
        ],
        "x-ms-routing-request-id": [
          "WESTUS:20200702T201330Z:176f72b7-864e-4e8d-9c69-677f7bfeac98"
        ],
        "X-Content-Type-Options": [
          "nosniff"
        ],
        "Date": [
          "Thu, 02 Jul 2020 20:13:30 GMT"
        ],
        "Expires": [
          "-1"
        ],
        "Content-Length": [
          "0"
        ]
      },
      "ResponseBody": "",
      "StatusCode": 200
    },
    {
      "RequestUri": "/subscriptions/5b4b650e-28b9-4790-b3ab-ddbd88d727c4/resourcegroups/RGName-ps2402?api-version=2016-09-01",
      "EncodedRequestUri": "L3N1YnNjcmlwdGlvbnMvNWI0YjY1MGUtMjhiOS00NzkwLWIzYWItZGRiZDg4ZDcyN2M0L3Jlc291cmNlZ3JvdXBzL1JHTmFtZS1wczI0MDI/YXBpLXZlcnNpb249MjAxNi0wOS0wMQ==",
      "RequestMethod": "DELETE",
      "RequestBody": "",
      "RequestHeaders": {
        "x-ms-client-request-id": [
          "bcc7ff15-877a-4a0b-a4f3-2d269c298013"
        ],
        "Accept-Language": [
          "en-US"
        ],
        "User-Agent": [
          "FxVersion/4.6.28928.01",
          "OSName/Windows",
          "OSVersion/Microsoft.Windows.10.0.18363.",
          "Microsoft.Azure.Management.Internal.Resources.ResourceManagementClient/1.3.17"
        ]
      },
      "ResponseHeaders": {
        "Cache-Control": [
          "no-cache"
        ],
        "Pragma": [
          "no-cache"
        ],
        "Location": [
          "https://management.azure.com/subscriptions/5b4b650e-28b9-4790-b3ab-ddbd88d727c4/operationresults/eyJqb2JJZCI6IlJFU09VUkNFR1JPVVBERUxFVElPTkpPQi1SR05BTUU6MkRQUzI0MDItV0VTVENFTlRSQUxVUyIsImpvYkxvY2F0aW9uIjoid2VzdGNlbnRyYWx1cyJ9?api-version=2016-09-01"
        ],
        "Retry-After": [
          "15"
        ],
        "x-ms-ratelimit-remaining-subscription-deletes": [
          "14999"
        ],
        "x-ms-request-id": [
          "822693d4-03fe-43bd-a6d6-236ec2e38169"
        ],
        "x-ms-correlation-request-id": [
          "822693d4-03fe-43bd-a6d6-236ec2e38169"
        ],
        "x-ms-routing-request-id": [
          "WESTUS:20200702T201331Z:822693d4-03fe-43bd-a6d6-236ec2e38169"
        ],
        "Strict-Transport-Security": [
          "max-age=31536000; includeSubDomains"
        ],
        "X-Content-Type-Options": [
          "nosniff"
        ],
        "Date": [
          "Thu, 02 Jul 2020 20:13:30 GMT"
        ],
        "Expires": [
          "-1"
        ],
        "Content-Length": [
          "0"
        ]
      },
      "ResponseBody": "",
      "StatusCode": 202
    },
    {
      "RequestUri": "/subscriptions/5b4b650e-28b9-4790-b3ab-ddbd88d727c4/operationresults/eyJqb2JJZCI6IlJFU09VUkNFR1JPVVBERUxFVElPTkpPQi1SR05BTUU6MkRQUzI0MDItV0VTVENFTlRSQUxVUyIsImpvYkxvY2F0aW9uIjoid2VzdGNlbnRyYWx1cyJ9?api-version=2016-09-01",
      "EncodedRequestUri": "L3N1YnNjcmlwdGlvbnMvNWI0YjY1MGUtMjhiOS00NzkwLWIzYWItZGRiZDg4ZDcyN2M0L29wZXJhdGlvbnJlc3VsdHMvZXlKcWIySkpaQ0k2SWxKRlUwOVZVa05GUjFKUFZWQkVSVXhGVkVsUFRrcFBRaTFTUjA1QlRVVTZNa1JRVXpJME1ESXRWMFZUVkVORlRsUlNRVXhWVXlJc0ltcHZZa3h2WTJGMGFXOXVJam9pZDJWemRHTmxiblJ5WVd4MWN5Sjk/YXBpLXZlcnNpb249MjAxNi0wOS0wMQ==",
      "RequestMethod": "GET",
      "RequestBody": "",
      "RequestHeaders": {
        "User-Agent": [
          "FxVersion/4.6.28928.01",
          "OSName/Windows",
          "OSVersion/Microsoft.Windows.10.0.18363.",
          "Microsoft.Azure.Management.Internal.Resources.ResourceManagementClient/1.3.17"
        ]
      },
      "ResponseHeaders": {
        "Cache-Control": [
          "no-cache"
        ],
        "Pragma": [
          "no-cache"
        ],
        "Location": [
          "https://management.azure.com/subscriptions/5b4b650e-28b9-4790-b3ab-ddbd88d727c4/operationresults/eyJqb2JJZCI6IlJFU09VUkNFR1JPVVBERUxFVElPTkpPQi1SR05BTUU6MkRQUzI0MDItV0VTVENFTlRSQUxVUyIsImpvYkxvY2F0aW9uIjoid2VzdGNlbnRyYWx1cyJ9?api-version=2016-09-01"
        ],
        "Retry-After": [
          "15"
        ],
        "x-ms-ratelimit-remaining-subscription-reads": [
          "11999"
        ],
        "x-ms-request-id": [
          "78863a86-1307-40c1-be2f-3aec92e0cc9a"
        ],
        "x-ms-correlation-request-id": [
          "78863a86-1307-40c1-be2f-3aec92e0cc9a"
        ],
        "x-ms-routing-request-id": [
          "WESTUS:20200702T201346Z:78863a86-1307-40c1-be2f-3aec92e0cc9a"
        ],
        "Strict-Transport-Security": [
          "max-age=31536000; includeSubDomains"
        ],
        "X-Content-Type-Options": [
          "nosniff"
        ],
        "Date": [
          "Thu, 02 Jul 2020 20:13:45 GMT"
        ],
        "Expires": [
          "-1"
        ],
        "Content-Length": [
          "0"
        ]
      },
      "ResponseBody": "",
      "StatusCode": 202
    },
    {
      "RequestUri": "/subscriptions/5b4b650e-28b9-4790-b3ab-ddbd88d727c4/operationresults/eyJqb2JJZCI6IlJFU09VUkNFR1JPVVBERUxFVElPTkpPQi1SR05BTUU6MkRQUzI0MDItV0VTVENFTlRSQUxVUyIsImpvYkxvY2F0aW9uIjoid2VzdGNlbnRyYWx1cyJ9?api-version=2016-09-01",
      "EncodedRequestUri": "L3N1YnNjcmlwdGlvbnMvNWI0YjY1MGUtMjhiOS00NzkwLWIzYWItZGRiZDg4ZDcyN2M0L29wZXJhdGlvbnJlc3VsdHMvZXlKcWIySkpaQ0k2SWxKRlUwOVZVa05GUjFKUFZWQkVSVXhGVkVsUFRrcFBRaTFTUjA1QlRVVTZNa1JRVXpJME1ESXRWMFZUVkVORlRsUlNRVXhWVXlJc0ltcHZZa3h2WTJGMGFXOXVJam9pZDJWemRHTmxiblJ5WVd4MWN5Sjk/YXBpLXZlcnNpb249MjAxNi0wOS0wMQ==",
      "RequestMethod": "GET",
      "RequestBody": "",
      "RequestHeaders": {
        "User-Agent": [
          "FxVersion/4.6.28928.01",
          "OSName/Windows",
          "OSVersion/Microsoft.Windows.10.0.18363.",
          "Microsoft.Azure.Management.Internal.Resources.ResourceManagementClient/1.3.17"
        ]
      },
      "ResponseHeaders": {
        "Cache-Control": [
          "no-cache"
        ],
        "Pragma": [
          "no-cache"
        ],
        "Location": [
          "https://management.azure.com/subscriptions/5b4b650e-28b9-4790-b3ab-ddbd88d727c4/operationresults/eyJqb2JJZCI6IlJFU09VUkNFR1JPVVBERUxFVElPTkpPQi1SR05BTUU6MkRQUzI0MDItV0VTVENFTlRSQUxVUyIsImpvYkxvY2F0aW9uIjoid2VzdGNlbnRyYWx1cyJ9?api-version=2016-09-01"
        ],
        "Retry-After": [
          "15"
        ],
        "x-ms-ratelimit-remaining-subscription-reads": [
          "11998"
        ],
        "x-ms-request-id": [
          "832ba9b1-ecf8-4208-8fcf-cefe7fed4d36"
        ],
        "x-ms-correlation-request-id": [
          "832ba9b1-ecf8-4208-8fcf-cefe7fed4d36"
        ],
        "x-ms-routing-request-id": [
          "WESTUS:20200702T201401Z:832ba9b1-ecf8-4208-8fcf-cefe7fed4d36"
        ],
        "Strict-Transport-Security": [
          "max-age=31536000; includeSubDomains"
        ],
        "X-Content-Type-Options": [
          "nosniff"
        ],
        "Date": [
          "Thu, 02 Jul 2020 20:14:00 GMT"
        ],
        "Expires": [
          "-1"
        ],
        "Content-Length": [
          "0"
        ]
      },
      "ResponseBody": "",
      "StatusCode": 202
    },
    {
      "RequestUri": "/subscriptions/5b4b650e-28b9-4790-b3ab-ddbd88d727c4/operationresults/eyJqb2JJZCI6IlJFU09VUkNFR1JPVVBERUxFVElPTkpPQi1SR05BTUU6MkRQUzI0MDItV0VTVENFTlRSQUxVUyIsImpvYkxvY2F0aW9uIjoid2VzdGNlbnRyYWx1cyJ9?api-version=2016-09-01",
      "EncodedRequestUri": "L3N1YnNjcmlwdGlvbnMvNWI0YjY1MGUtMjhiOS00NzkwLWIzYWItZGRiZDg4ZDcyN2M0L29wZXJhdGlvbnJlc3VsdHMvZXlKcWIySkpaQ0k2SWxKRlUwOVZVa05GUjFKUFZWQkVSVXhGVkVsUFRrcFBRaTFTUjA1QlRVVTZNa1JRVXpJME1ESXRWMFZUVkVORlRsUlNRVXhWVXlJc0ltcHZZa3h2WTJGMGFXOXVJam9pZDJWemRHTmxiblJ5WVd4MWN5Sjk/YXBpLXZlcnNpb249MjAxNi0wOS0wMQ==",
      "RequestMethod": "GET",
      "RequestBody": "",
      "RequestHeaders": {
        "User-Agent": [
          "FxVersion/4.6.28928.01",
          "OSName/Windows",
          "OSVersion/Microsoft.Windows.10.0.18363.",
          "Microsoft.Azure.Management.Internal.Resources.ResourceManagementClient/1.3.17"
        ]
      },
      "ResponseHeaders": {
        "Cache-Control": [
          "no-cache"
        ],
        "Pragma": [
          "no-cache"
        ],
        "x-ms-ratelimit-remaining-subscription-reads": [
          "11997"
        ],
        "x-ms-request-id": [
          "aed0dcf2-711d-40c3-81ab-e7aec7d4552d"
        ],
        "x-ms-correlation-request-id": [
          "aed0dcf2-711d-40c3-81ab-e7aec7d4552d"
        ],
        "x-ms-routing-request-id": [
          "WESTUS:20200702T201416Z:aed0dcf2-711d-40c3-81ab-e7aec7d4552d"
        ],
        "Strict-Transport-Security": [
          "max-age=31536000; includeSubDomains"
        ],
        "X-Content-Type-Options": [
          "nosniff"
        ],
        "Date": [
          "Thu, 02 Jul 2020 20:14:16 GMT"
        ],
        "Expires": [
          "-1"
        ],
        "Content-Length": [
          "0"
        ]
      },
      "ResponseBody": "",
      "StatusCode": 200
    },
    {
      "RequestUri": "/subscriptions/5b4b650e-28b9-4790-b3ab-ddbd88d727c4/operationresults/eyJqb2JJZCI6IlJFU09VUkNFR1JPVVBERUxFVElPTkpPQi1SR05BTUU6MkRQUzI0MDItV0VTVENFTlRSQUxVUyIsImpvYkxvY2F0aW9uIjoid2VzdGNlbnRyYWx1cyJ9?api-version=2016-09-01",
      "EncodedRequestUri": "L3N1YnNjcmlwdGlvbnMvNWI0YjY1MGUtMjhiOS00NzkwLWIzYWItZGRiZDg4ZDcyN2M0L29wZXJhdGlvbnJlc3VsdHMvZXlKcWIySkpaQ0k2SWxKRlUwOVZVa05GUjFKUFZWQkVSVXhGVkVsUFRrcFBRaTFTUjA1QlRVVTZNa1JRVXpJME1ESXRWMFZUVkVORlRsUlNRVXhWVXlJc0ltcHZZa3h2WTJGMGFXOXVJam9pZDJWemRHTmxiblJ5WVd4MWN5Sjk/YXBpLXZlcnNpb249MjAxNi0wOS0wMQ==",
      "RequestMethod": "GET",
      "RequestBody": "",
      "RequestHeaders": {
        "User-Agent": [
          "FxVersion/4.6.28928.01",
          "OSName/Windows",
          "OSVersion/Microsoft.Windows.10.0.18363.",
          "Microsoft.Azure.Management.Internal.Resources.ResourceManagementClient/1.3.17"
        ]
      },
      "ResponseHeaders": {
        "Cache-Control": [
          "no-cache"
        ],
        "Pragma": [
          "no-cache"
        ],
        "x-ms-ratelimit-remaining-subscription-reads": [
          "11996"
        ],
        "x-ms-request-id": [
          "da9d40ae-cf02-4de6-b841-355c319019fc"
        ],
        "x-ms-correlation-request-id": [
          "da9d40ae-cf02-4de6-b841-355c319019fc"
        ],
        "x-ms-routing-request-id": [
          "WESTUS:20200702T201417Z:da9d40ae-cf02-4de6-b841-355c319019fc"
        ],
        "Strict-Transport-Security": [
          "max-age=31536000; includeSubDomains"
        ],
        "X-Content-Type-Options": [
          "nosniff"
        ],
        "Date": [
          "Thu, 02 Jul 2020 20:14:16 GMT"
        ],
        "Expires": [
          "-1"
        ],
        "Content-Length": [
          "0"
        ]
      },
      "ResponseBody": "",
      "StatusCode": 200
    }
  ],
  "Names": {
    "": [
      "ps5289",
      "ps1902",
      "ps2402"
    ]
  },
  "Variables": {
    "SubscriptionId": "5b4b650e-28b9-4790-b3ab-ddbd88d727c4"
  }
}