{
  "Entries": [
    {
      "RequestUri": "/subscriptions/5b4b650e-28b9-4790-b3ab-ddbd88d727c4/resourcegroups/RGName-ps2855?api-version=2016-09-01",
      "EncodedRequestUri": "L3N1YnNjcmlwdGlvbnMvNWI0YjY1MGUtMjhiOS00NzkwLWIzYWItZGRiZDg4ZDcyN2M0L3Jlc291cmNlZ3JvdXBzL1JHTmFtZS1wczI4NTU/YXBpLXZlcnNpb249MjAxNi0wOS0wMQ==",
      "RequestMethod": "PUT",
      "RequestBody": "{\r\n  \"location\": \"westcentralus\"\r\n}",
      "RequestHeaders": {
        "x-ms-client-request-id": [
          "c50fa7a3-d89e-42cc-afa7-3dd84ede723a"
        ],
        "Accept-Language": [
          "en-US"
        ],
        "User-Agent": [
          "FxVersion/4.6.27617.04",
          "OSName/Windows",
          "OSVersion/Microsoft.Windows.10.0.18362.",
          "Microsoft.Azure.Management.Internal.Resources.ResourceManagementClient/1.2.1"
        ],
        "Content-Type": [
          "application/json; charset=utf-8"
        ],
        "Content-Length": [
          "35"
        ]
      },
      "ResponseHeaders": {
        "Cache-Control": [
          "no-cache"
        ],
        "Pragma": [
          "no-cache"
        ],
        "x-ms-ratelimit-remaining-subscription-writes": [
          "1199"
        ],
        "x-ms-request-id": [
          "a5764c72-95dd-4d10-a11f-91af204c89f4"
        ],
        "x-ms-correlation-request-id": [
          "a5764c72-95dd-4d10-a11f-91af204c89f4"
        ],
        "x-ms-routing-request-id": [
          "WESTUS:20190605T051936Z:a5764c72-95dd-4d10-a11f-91af204c89f4"
        ],
        "Strict-Transport-Security": [
          "max-age=31536000; includeSubDomains"
        ],
        "X-Content-Type-Options": [
          "nosniff"
        ],
        "Date": [
          "Wed, 05 Jun 2019 05:19:36 GMT"
        ],
        "Content-Length": [
          "186"
        ],
        "Content-Type": [
          "application/json; charset=utf-8"
        ],
        "Expires": [
          "-1"
        ]
      },
      "ResponseBody": "{\r\n  \"id\": \"/subscriptions/5b4b650e-28b9-4790-b3ab-ddbd88d727c4/resourceGroups/RGName-ps2855\",\r\n  \"name\": \"RGName-ps2855\",\r\n  \"location\": \"westcentralus\",\r\n  \"properties\": {\r\n    \"provisioningState\": \"Succeeded\"\r\n  }\r\n}",
      "StatusCode": 201
    },
    {
      "RequestUri": "/subscriptions/5b4b650e-28b9-4790-b3ab-ddbd88d727c4/providers/Microsoft.Storage/checkNameAvailability?api-version=2019-06-01",
      "EncodedRequestUri": "L3N1YnNjcmlwdGlvbnMvNWI0YjY1MGUtMjhiOS00NzkwLWIzYWItZGRiZDg4ZDcyN2M0L3Byb3ZpZGVycy9NaWNyb3NvZnQuU3RvcmFnZS9jaGVja05hbWVBdmFpbGFiaWxpdHk/YXBpLXZlcnNpb249MjAxOS0wNi0wMQ==",
      "RequestMethod": "POST",
      "RequestBody": "{\r\n  \"name\": \"storagenameps5992\",\r\n  \"type\": \"Microsoft.Storage/storageAccounts\"\r\n}",
      "RequestHeaders": {
        "x-ms-client-request-id": [
          "52e6ec12-c8c1-4ddf-a7fd-28cc81fa4edc"
        ],
        "Accept-Language": [
          "en-US"
        ],
        "User-Agent": [
          "FxVersion/4.6.27617.04",
          "OSName/Windows",
          "OSVersion/Microsoft.Windows.10.0.18362.",
          "Microsoft.Azure.Management.Storage.StorageManagementClient/11.0.0.0"
        ],
        "Content-Type": [
          "application/json; charset=utf-8"
        ],
        "Content-Length": [
          "83"
        ]
      },
      "ResponseHeaders": {
        "Cache-Control": [
          "no-cache"
        ],
        "Pragma": [
          "no-cache"
        ],
        "x-ms-request-id": [
          "b6878fc7-18da-4b02-ac16-3bce50e42334"
        ],
        "Strict-Transport-Security": [
          "max-age=31536000; includeSubDomains"
        ],
        "Server": [
          "Microsoft-Azure-Storage-Resource-Provider/1.0,Microsoft-HTTPAPI/2.0 Microsoft-HTTPAPI/2.0"
        ],
        "x-ms-ratelimit-remaining-subscription-reads": [
          "11996"
        ],
        "x-ms-correlation-request-id": [
          "254892a1-78b1-447b-8472-24b124f4b474"
        ],
        "x-ms-routing-request-id": [
          "WESTUS:20190605T051937Z:254892a1-78b1-447b-8472-24b124f4b474"
        ],
        "X-Content-Type-Options": [
          "nosniff"
        ],
        "Date": [
          "Wed, 05 Jun 2019 05:19:36 GMT"
        ],
        "Content-Length": [
          "22"
        ],
        "Content-Type": [
          "application/json"
        ],
        "Expires": [
          "-1"
        ]
      },
      "ResponseBody": "{\r\n  \"nameAvailable\": true\r\n}",
      "StatusCode": 200
    },
    {
      "RequestUri": "/subscriptions/5b4b650e-28b9-4790-b3ab-ddbd88d727c4/resourceGroups/RGName-ps2855/providers/Microsoft.Storage/storageAccounts/storagenameps5992?api-version=2019-06-01",
      "EncodedRequestUri": "L3N1YnNjcmlwdGlvbnMvNWI0YjY1MGUtMjhiOS00NzkwLWIzYWItZGRiZDg4ZDcyN2M0L3Jlc291cmNlR3JvdXBzL1JHTmFtZS1wczI4NTUvcHJvdmlkZXJzL01pY3Jvc29mdC5TdG9yYWdlL3N0b3JhZ2VBY2NvdW50cy9zdG9yYWdlbmFtZXBzNTk5Mj9hcGktdmVyc2lvbj0yMDE5LTA2LTAx",
      "RequestMethod": "PUT",
      "RequestBody": "{\r\n  \"sku\": {\r\n    \"name\": \"Standard_LRS\"\r\n  },\r\n  \"kind\": \"StorageV2\",\r\n  \"location\": \"westcentralus\"\r\n}",
      "RequestHeaders": {
        "x-ms-client-request-id": [
          "01cd7a7c-e479-421f-b517-d6bee354aede"
        ],
        "Accept-Language": [
          "en-US"
        ],
        "User-Agent": [
          "FxVersion/4.6.27617.04",
          "OSName/Windows",
          "OSVersion/Microsoft.Windows.10.0.18362.",
          "Microsoft.Azure.Management.Storage.StorageManagementClient/11.0.0.0"
        ],
        "Content-Type": [
          "application/json; charset=utf-8"
        ],
        "Content-Length": [
          "105"
        ]
      },
      "ResponseHeaders": {
        "Cache-Control": [
          "no-cache"
        ],
        "Pragma": [
          "no-cache"
        ],
        "Location": [
          "https://management.azure.com/subscriptions/5b4b650e-28b9-4790-b3ab-ddbd88d727c4/providers/Microsoft.Storage/locations/westcentralus/asyncoperations/68c22ad5-5d22-4c23-8dc9-236e6a2a8500?monitor=true&api-version=2019-04-01"
        ],
        "Retry-After": [
          "17"
        ],
        "x-ms-request-id": [
          "68c22ad5-5d22-4c23-8dc9-236e6a2a8500"
        ],
        "Strict-Transport-Security": [
          "max-age=31536000; includeSubDomains"
        ],
        "Server": [
          "Microsoft-Azure-Storage-Resource-Provider/1.0,Microsoft-HTTPAPI/2.0 Microsoft-HTTPAPI/2.0"
        ],
        "x-ms-ratelimit-remaining-subscription-writes": [
          "1199"
        ],
        "x-ms-correlation-request-id": [
          "6494a4a4-3365-4369-b093-52168b3286b8"
        ],
        "x-ms-routing-request-id": [
          "WESTUS:20190605T051938Z:6494a4a4-3365-4369-b093-52168b3286b8"
        ],
        "X-Content-Type-Options": [
          "nosniff"
        ],
        "Date": [
          "Wed, 05 Jun 2019 05:19:37 GMT"
        ],
        "Content-Type": [
          "text/plain; charset=utf-8"
        ],
        "Expires": [
          "-1"
        ],
        "Content-Length": [
          "0"
        ]
      },
      "ResponseBody": "",
      "StatusCode": 202
    },
    {
      "RequestUri": "/subscriptions/5b4b650e-28b9-4790-b3ab-ddbd88d727c4/providers/Microsoft.Storage/locations/westcentralus/asyncoperations/68c22ad5-5d22-4c23-8dc9-236e6a2a8500?monitor=true&api-version=2019-04-01",
      "EncodedRequestUri": "L3N1YnNjcmlwdGlvbnMvNWI0YjY1MGUtMjhiOS00NzkwLWIzYWItZGRiZDg4ZDcyN2M0L3Byb3ZpZGVycy9NaWNyb3NvZnQuU3RvcmFnZS9sb2NhdGlvbnMvd2VzdGNlbnRyYWx1cy9hc3luY29wZXJhdGlvbnMvNjhjMjJhZDUtNWQyMi00YzIzLThkYzktMjM2ZTZhMmE4NTAwP21vbml0b3I9dHJ1ZSZhcGktdmVyc2lvbj0yMDE5LTA0LTAx",
      "RequestMethod": "GET",
      "RequestBody": "",
      "RequestHeaders": {
        "User-Agent": [
          "FxVersion/4.6.27617.04",
          "OSName/Windows",
          "OSVersion/Microsoft.Windows.10.0.18362.",
          "Microsoft.Azure.Management.Storage.StorageManagementClient/11.0.0.0"
        ]
      },
      "ResponseHeaders": {
        "Cache-Control": [
          "no-cache"
        ],
        "Pragma": [
          "no-cache"
        ],
        "x-ms-request-id": [
          "d06ee554-d561-4539-8930-6431e293b64d"
        ],
        "Strict-Transport-Security": [
          "max-age=31536000; includeSubDomains"
        ],
        "Server": [
          "Microsoft-Azure-Storage-Resource-Provider/1.0,Microsoft-HTTPAPI/2.0 Microsoft-HTTPAPI/2.0"
        ],
        "x-ms-ratelimit-remaining-subscription-reads": [
          "11995"
        ],
        "x-ms-correlation-request-id": [
          "667cd281-6be5-406b-9048-72393e9b57b1"
        ],
        "x-ms-routing-request-id": [
          "WESTUS:20190605T051955Z:667cd281-6be5-406b-9048-72393e9b57b1"
        ],
        "X-Content-Type-Options": [
          "nosniff"
        ],
        "Date": [
          "Wed, 05 Jun 2019 05:19:55 GMT"
        ],
        "Content-Length": [
          "1273"
        ],
        "Content-Type": [
          "application/json"
        ],
        "Expires": [
          "-1"
        ]
      },
      "ResponseBody": "{\r\n  \"sku\": {\r\n    \"name\": \"Standard_LRS\",\r\n    \"tier\": \"Standard\"\r\n  },\r\n  \"kind\": \"StorageV2\",\r\n  \"id\": \"/subscriptions/5b4b650e-28b9-4790-b3ab-ddbd88d727c4/resourceGroups/RGName-ps2855/providers/Microsoft.Storage/storageAccounts/storagenameps5992\",\r\n  \"name\": \"storagenameps5992\",\r\n  \"type\": \"Microsoft.Storage/storageAccounts\",\r\n  \"location\": \"westcentralus\",\r\n  \"tags\": {},\r\n  \"properties\": {\r\n    \"minimumTlsVersion\": \"TLS1_2\",\r\n    \"allowBlobPublicAccess\": false,\r\n    \"networkAcls\": {\r\n      \"bypass\": \"AzureServices\",\r\n      \"virtualNetworkRules\": [],\r\n      \"ipRules\": [],\r\n      \"defaultAction\": \"Allow\"\r\n    },\r\n    \"supportsHttpsTrafficOnly\": true,\r\n    \"encryption\": {\r\n      \"services\": {\r\n        \"file\": {\r\n          \"enabled\": true,\r\n          \"lastEnabledTime\": \"2019-06-05T05:19:37.7599644Z\"\r\n        },\r\n        \"blob\": {\r\n          \"enabled\": true,\r\n          \"lastEnabledTime\": \"2019-06-05T05:19:37.7599644Z\"\r\n        }\r\n      },\r\n      \"keySource\": \"Microsoft.Storage\"\r\n    },\r\n    \"accessTier\": \"Hot\",\r\n    \"provisioningState\": \"Succeeded\",\r\n    \"creationTime\": \"2019-06-05T05:19:37.6973892Z\",\r\n    \"primaryEndpoints\": {\r\n      \"dfs\": \"https://storagenameps5992.dfs.core.windows.net/\",\r\n      \"web\": \"https://storagenameps5992.z4.web.core.windows.net/\",\r\n      \"blob\": \"https://storagenameps5992.blob.core.windows.net/\",\r\n      \"queue\": \"https://storagenameps5992.queue.core.windows.net/\",\r\n      \"table\": \"https://storagenameps5992.table.core.windows.net/\",\r\n      \"file\": \"https://storagenameps5992.file.core.windows.net/\"\r\n    },\r\n    \"primaryLocation\": \"westcentralus\",\r\n    \"statusOfPrimary\": \"available\"\r\n  }\r\n}",
      "StatusCode": 200
    },
    {
      "RequestUri": "/subscriptions/5b4b650e-28b9-4790-b3ab-ddbd88d727c4/resourceGroups/RGName-ps2855/providers/Microsoft.Storage/storageAccounts/storagenameps5992?api-version=2019-06-01",
      "EncodedRequestUri": "L3N1YnNjcmlwdGlvbnMvNWI0YjY1MGUtMjhiOS00NzkwLWIzYWItZGRiZDg4ZDcyN2M0L3Jlc291cmNlR3JvdXBzL1JHTmFtZS1wczI4NTUvcHJvdmlkZXJzL01pY3Jvc29mdC5TdG9yYWdlL3N0b3JhZ2VBY2NvdW50cy9zdG9yYWdlbmFtZXBzNTk5Mj9hcGktdmVyc2lvbj0yMDE5LTA2LTAx",
      "RequestMethod": "GET",
      "RequestBody": "",
      "RequestHeaders": {
        "x-ms-client-request-id": [
          "abb25b9e-59a3-477c-88a2-e81169971efc"
        ],
        "Accept-Language": [
          "en-US"
        ],
        "User-Agent": [
          "FxVersion/4.6.27617.04",
          "OSName/Windows",
          "OSVersion/Microsoft.Windows.10.0.18362.",
          "Microsoft.Azure.Management.Storage.StorageManagementClient/11.0.0.0"
        ]
      },
      "ResponseHeaders": {
        "Cache-Control": [
          "no-cache"
        ],
        "Pragma": [
          "no-cache"
        ],
        "x-ms-request-id": [
          "62e39f19-b67e-499f-8a97-f6e129f255bf"
        ],
        "Strict-Transport-Security": [
          "max-age=31536000; includeSubDomains"
        ],
        "Server": [
          "Microsoft-Azure-Storage-Resource-Provider/1.0,Microsoft-HTTPAPI/2.0 Microsoft-HTTPAPI/2.0"
        ],
        "x-ms-ratelimit-remaining-subscription-reads": [
          "11994"
        ],
        "x-ms-correlation-request-id": [
          "66cd4afb-7f9e-4923-a38c-cdb7023f653c"
        ],
        "x-ms-routing-request-id": [
          "WESTUS:20190605T051955Z:66cd4afb-7f9e-4923-a38c-cdb7023f653c"
        ],
        "X-Content-Type-Options": [
          "nosniff"
        ],
        "Date": [
          "Wed, 05 Jun 2019 05:19:55 GMT"
        ],
        "Content-Length": [
          "1273"
        ],
        "Content-Type": [
          "application/json"
        ],
        "Expires": [
          "-1"
        ]
      },
      "ResponseBody": "{\r\n  \"sku\": {\r\n    \"name\": \"Standard_LRS\",\r\n    \"tier\": \"Standard\"\r\n  },\r\n  \"kind\": \"StorageV2\",\r\n  \"id\": \"/subscriptions/5b4b650e-28b9-4790-b3ab-ddbd88d727c4/resourceGroups/RGName-ps2855/providers/Microsoft.Storage/storageAccounts/storagenameps5992\",\r\n  \"name\": \"storagenameps5992\",\r\n  \"type\": \"Microsoft.Storage/storageAccounts\",\r\n  \"location\": \"westcentralus\",\r\n  \"tags\": {},\r\n  \"properties\": {\r\n    \"minimumTlsVersion\": \"TLS1_2\",\r\n    \"allowBlobPublicAccess\": false,\r\n    \"networkAcls\": {\r\n      \"bypass\": \"AzureServices\",\r\n      \"virtualNetworkRules\": [],\r\n      \"ipRules\": [],\r\n      \"defaultAction\": \"Allow\"\r\n    },\r\n    \"supportsHttpsTrafficOnly\": true,\r\n    \"encryption\": {\r\n      \"services\": {\r\n        \"file\": {\r\n          \"enabled\": true,\r\n          \"lastEnabledTime\": \"2019-06-05T05:19:37.7599644Z\"\r\n        },\r\n        \"blob\": {\r\n          \"enabled\": true,\r\n          \"lastEnabledTime\": \"2019-06-05T05:19:37.7599644Z\"\r\n        }\r\n      },\r\n      \"keySource\": \"Microsoft.Storage\"\r\n    },\r\n    \"accessTier\": \"Hot\",\r\n    \"provisioningState\": \"Succeeded\",\r\n    \"creationTime\": \"2019-06-05T05:19:37.6973892Z\",\r\n    \"primaryEndpoints\": {\r\n      \"dfs\": \"https://storagenameps5992.dfs.core.windows.net/\",\r\n      \"web\": \"https://storagenameps5992.z4.web.core.windows.net/\",\r\n      \"blob\": \"https://storagenameps5992.blob.core.windows.net/\",\r\n      \"queue\": \"https://storagenameps5992.queue.core.windows.net/\",\r\n      \"table\": \"https://storagenameps5992.table.core.windows.net/\",\r\n      \"file\": \"https://storagenameps5992.file.core.windows.net/\"\r\n    },\r\n    \"primaryLocation\": \"westcentralus\",\r\n    \"statusOfPrimary\": \"available\"\r\n  }\r\n}",
      "StatusCode": 200
    },
    {
      "RequestUri": "/subscriptions/5b4b650e-28b9-4790-b3ab-ddbd88d727c4/resourceGroups/RGName-ps2855/providers/Microsoft.Storage/storageAccounts/storagenameps5992?api-version=2019-06-01",
      "EncodedRequestUri": "L3N1YnNjcmlwdGlvbnMvNWI0YjY1MGUtMjhiOS00NzkwLWIzYWItZGRiZDg4ZDcyN2M0L3Jlc291cmNlR3JvdXBzL1JHTmFtZS1wczI4NTUvcHJvdmlkZXJzL01pY3Jvc29mdC5TdG9yYWdlL3N0b3JhZ2VBY2NvdW50cy9zdG9yYWdlbmFtZXBzNTk5Mj9hcGktdmVyc2lvbj0yMDE5LTA2LTAx",
      "RequestMethod": "GET",
      "RequestBody": "",
      "RequestHeaders": {
        "x-ms-client-request-id": [
          "658fbdb6-8749-4c71-bca7-9bb92d6e1e2e"
        ],
        "Accept-Language": [
          "en-US"
        ],
        "User-Agent": [
          "FxVersion/4.6.27617.04",
          "OSName/Windows",
          "OSVersion/Microsoft.Windows.10.0.18362.",
          "Microsoft.Azure.Management.Storage.StorageManagementClient/11.0.0.0"
        ]
      },
      "ResponseHeaders": {
        "Cache-Control": [
          "no-cache"
        ],
        "Pragma": [
          "no-cache"
        ],
        "x-ms-request-id": [
          "dc18a504-54ef-459b-88d4-58c513096d7c"
        ],
        "Strict-Transport-Security": [
          "max-age=31536000; includeSubDomains"
        ],
        "Server": [
          "Microsoft-Azure-Storage-Resource-Provider/1.0,Microsoft-HTTPAPI/2.0 Microsoft-HTTPAPI/2.0"
        ],
        "x-ms-ratelimit-remaining-subscription-reads": [
          "11993"
        ],
        "x-ms-correlation-request-id": [
          "00ab3c19-9f79-43bd-9916-f8b831c7ab16"
        ],
        "x-ms-routing-request-id": [
          "WESTUS:20190605T052144Z:00ab3c19-9f79-43bd-9916-f8b831c7ab16"
        ],
        "X-Content-Type-Options": [
          "nosniff"
        ],
        "Date": [
          "Wed, 05 Jun 2019 05:21:44 GMT"
        ],
        "Content-Length": [
          "1273"
        ],
        "Content-Type": [
          "application/json"
        ],
        "Expires": [
          "-1"
        ]
      },
      "ResponseBody": "{\r\n  \"sku\": {\r\n    \"name\": \"Standard_LRS\",\r\n    \"tier\": \"Standard\"\r\n  },\r\n  \"kind\": \"StorageV2\",\r\n  \"id\": \"/subscriptions/5b4b650e-28b9-4790-b3ab-ddbd88d727c4/resourceGroups/RGName-ps2855/providers/Microsoft.Storage/storageAccounts/storagenameps5992\",\r\n  \"name\": \"storagenameps5992\",\r\n  \"type\": \"Microsoft.Storage/storageAccounts\",\r\n  \"location\": \"westcentralus\",\r\n  \"tags\": {},\r\n  \"properties\": {\r\n    \"minimumTlsVersion\": \"TLS1_2\",\r\n    \"allowBlobPublicAccess\": false,\r\n    \"networkAcls\": {\r\n      \"bypass\": \"AzureServices\",\r\n      \"virtualNetworkRules\": [],\r\n      \"ipRules\": [],\r\n      \"defaultAction\": \"Allow\"\r\n    },\r\n    \"supportsHttpsTrafficOnly\": true,\r\n    \"encryption\": {\r\n      \"services\": {\r\n        \"file\": {\r\n          \"enabled\": true,\r\n          \"lastEnabledTime\": \"2019-06-05T05:19:37.7599644Z\"\r\n        },\r\n        \"blob\": {\r\n          \"enabled\": true,\r\n          \"lastEnabledTime\": \"2019-06-05T05:19:37.7599644Z\"\r\n        }\r\n      },\r\n      \"keySource\": \"Microsoft.Storage\"\r\n    },\r\n    \"accessTier\": \"Hot\",\r\n    \"provisioningState\": \"Succeeded\",\r\n    \"creationTime\": \"2019-06-05T05:19:37.6973892Z\",\r\n    \"primaryEndpoints\": {\r\n      \"dfs\": \"https://storagenameps5992.dfs.core.windows.net/\",\r\n      \"web\": \"https://storagenameps5992.z4.web.core.windows.net/\",\r\n      \"blob\": \"https://storagenameps5992.blob.core.windows.net/\",\r\n      \"queue\": \"https://storagenameps5992.queue.core.windows.net/\",\r\n      \"table\": \"https://storagenameps5992.table.core.windows.net/\",\r\n      \"file\": \"https://storagenameps5992.file.core.windows.net/\"\r\n    },\r\n    \"primaryLocation\": \"westcentralus\",\r\n    \"statusOfPrimary\": \"available\"\r\n  }\r\n}",
      "StatusCode": 200
    },
    {
      "RequestUri": "/subscriptions/5b4b650e-28b9-4790-b3ab-ddbd88d727c4/resourceGroups/RGName-ps2855/providers/Microsoft.Storage/storageAccounts/storagenameps5992/listKeys?api-version=2019-06-01",
      "EncodedRequestUri": "L3N1YnNjcmlwdGlvbnMvNWI0YjY1MGUtMjhiOS00NzkwLWIzYWItZGRiZDg4ZDcyN2M0L3Jlc291cmNlR3JvdXBzL1JHTmFtZS1wczI4NTUvcHJvdmlkZXJzL01pY3Jvc29mdC5TdG9yYWdlL3N0b3JhZ2VBY2NvdW50cy9zdG9yYWdlbmFtZXBzNTk5Mi9saXN0S2V5cz9hcGktdmVyc2lvbj0yMDE5LTA2LTAx",
      "RequestMethod": "POST",
      "RequestBody": "",
      "RequestHeaders": {
        "x-ms-client-request-id": [
          "ee4fd563-ffd3-407e-be50-02f3c98d0429"
        ],
        "Accept-Language": [
          "en-US"
        ],
        "User-Agent": [
          "FxVersion/4.6.27617.04",
          "OSName/Windows",
          "OSVersion/Microsoft.Windows.10.0.18362.",
          "Microsoft.Azure.Management.Storage.StorageManagementClient/11.0.0.0"
        ]
      },
      "ResponseHeaders": {
        "Cache-Control": [
          "no-cache"
        ],
        "Pragma": [
          "no-cache"
        ],
        "x-ms-request-id": [
          "a09c3e4c-e93c-4566-bb1a-f58f7704f2b5"
        ],
        "Strict-Transport-Security": [
          "max-age=31536000; includeSubDomains"
        ],
        "Server": [
          "Microsoft-Azure-Storage-Resource-Provider/1.0,Microsoft-HTTPAPI/2.0 Microsoft-HTTPAPI/2.0"
        ],
        "x-ms-ratelimit-remaining-subscription-writes": [
          "1199"
        ],
        "x-ms-correlation-request-id": [
          "4b55b107-5e9f-4723-b22b-b865c9f9a68e"
        ],
        "x-ms-routing-request-id": [
          "WESTUS:20190605T051955Z:4b55b107-5e9f-4723-b22b-b865c9f9a68e"
        ],
        "X-Content-Type-Options": [
          "nosniff"
        ],
        "Date": [
          "Wed, 05 Jun 2019 05:19:55 GMT"
        ],
        "Content-Length": [
          "288"
        ],
        "Content-Type": [
          "application/json"
        ],
        "Expires": [
          "-1"
        ]
      },
      "ResponseBody": "{\r\n  \"keys\": [\r\n    {\r\n      \"keyName\": \"key1\",\r\n      \"value\": \"9jmMdRIptZmUUCE2MVq/1Wi0acjtNGp6Tg54SVKWmqNwtCxYVntV0cHsxJT7sJutNKZ1n7G7nkcp0sGzfQDRlg==\",\r\n      \"permissions\": \"FULL\"\r\n    },\r\n    {\r\n      \"keyName\": \"key2\",\r\n      \"value\": \"B5S6EP1mCW7tTrlnyNZFmB08qEy5JZGDG2ItyPU8HPjk9R/xQv6zwiyn7RiaBWj2RJeKSIPC6oTExxinJyu4kQ==\",\r\n      \"permissions\": \"FULL\"\r\n    }\r\n  ]\r\n}",
      "StatusCode": 200
    },
    {
      "RequestUri": "/subscriptions/5b4b650e-28b9-4790-b3ab-ddbd88d727c4/resourceGroups/RGName-ps2855/providers/Microsoft.Storage/storageAccounts/storagenameps5992/listKeys?api-version=2019-06-01",
      "EncodedRequestUri": "L3N1YnNjcmlwdGlvbnMvNWI0YjY1MGUtMjhiOS00NzkwLWIzYWItZGRiZDg4ZDcyN2M0L3Jlc291cmNlR3JvdXBzL1JHTmFtZS1wczI4NTUvcHJvdmlkZXJzL01pY3Jvc29mdC5TdG9yYWdlL3N0b3JhZ2VBY2NvdW50cy9zdG9yYWdlbmFtZXBzNTk5Mi9saXN0S2V5cz9hcGktdmVyc2lvbj0yMDE5LTA2LTAx",
      "RequestMethod": "POST",
      "RequestBody": "",
      "RequestHeaders": {
        "x-ms-client-request-id": [
          "74810c1f-0342-4ce2-a6ee-25d3335f3b24"
        ],
        "Accept-Language": [
          "en-US"
        ],
        "User-Agent": [
          "FxVersion/4.6.27617.04",
          "OSName/Windows",
          "OSVersion/Microsoft.Windows.10.0.18362.",
          "Microsoft.Azure.Management.Storage.StorageManagementClient/11.0.0.0"
        ]
      },
      "ResponseHeaders": {
        "Cache-Control": [
          "no-cache"
        ],
        "Pragma": [
          "no-cache"
        ],
        "x-ms-request-id": [
          "5fc1c074-f712-408f-8155-e23fb91703e1"
        ],
        "Strict-Transport-Security": [
          "max-age=31536000; includeSubDomains"
        ],
        "Server": [
          "Microsoft-Azure-Storage-Resource-Provider/1.0,Microsoft-HTTPAPI/2.0 Microsoft-HTTPAPI/2.0"
        ],
        "x-ms-ratelimit-remaining-subscription-writes": [
          "1198"
        ],
        "x-ms-correlation-request-id": [
          "6d1bf7bb-7519-43f0-85bc-8edd1195ded9"
        ],
        "x-ms-routing-request-id": [
          "WESTUS:20190605T052144Z:6d1bf7bb-7519-43f0-85bc-8edd1195ded9"
        ],
        "X-Content-Type-Options": [
          "nosniff"
        ],
        "Date": [
          "Wed, 05 Jun 2019 05:21:44 GMT"
        ],
        "Content-Length": [
          "288"
        ],
        "Content-Type": [
          "application/json"
        ],
        "Expires": [
          "-1"
        ]
      },
      "ResponseBody": "{\r\n  \"keys\": [\r\n    {\r\n      \"keyName\": \"key1\",\r\n      \"value\": \"9jmMdRIptZmUUCE2MVq/1Wi0acjtNGp6Tg54SVKWmqNwtCxYVntV0cHsxJT7sJutNKZ1n7G7nkcp0sGzfQDRlg==\",\r\n      \"permissions\": \"FULL\"\r\n    },\r\n    {\r\n      \"keyName\": \"key2\",\r\n      \"value\": \"B5S6EP1mCW7tTrlnyNZFmB08qEy5JZGDG2ItyPU8HPjk9R/xQv6zwiyn7RiaBWj2RJeKSIPC6oTExxinJyu4kQ==\",\r\n      \"permissions\": \"FULL\"\r\n    }\r\n  ]\r\n}",
      "StatusCode": 200
    },
    {
      "RequestUri": "/subscriptions/5b4b650e-28b9-4790-b3ab-ddbd88d727c4/resourceGroups/RGName-ps2855/providers/Microsoft.EventGrid/topics/PSTestTopic-ps7960?api-version=2019-06-01",
      "EncodedRequestUri": "L3N1YnNjcmlwdGlvbnMvNWI0YjY1MGUtMjhiOS00NzkwLWIzYWItZGRiZDg4ZDcyN2M0L3Jlc291cmNlR3JvdXBzL1JHTmFtZS1wczI4NTUvcHJvdmlkZXJzL01pY3Jvc29mdC5FdmVudEdyaWQvdG9waWNzL1BTVGVzdFRvcGljLXBzNzk2MD9hcGktdmVyc2lvbj0yMDE5LTA2LTAx",
      "RequestMethod": "PUT",
      "RequestBody": "{\r\n  \"location\": \"westcentralus\"\r\n}",
      "RequestHeaders": {
        "x-ms-client-request-id": [
          "2221a8ac-f5ec-431a-971a-d1f61405aee2"
        ],
        "Accept-Language": [
          "en-US"
        ],
        "User-Agent": [
          "FxVersion/4.6.27617.04",
          "OSName/Windows",
          "OSVersion/Microsoft.Windows.10.0.18362.",
          "Microsoft.Azure.Management.EventGrid.EventGridManagementClient/5.0.0.0"
        ],
        "Content-Type": [
          "application/json; charset=utf-8"
        ],
        "Content-Length": [
          "35"
        ]
      },
      "ResponseHeaders": {
        "Cache-Control": [
          "no-cache"
        ],
        "Pragma": [
          "no-cache"
        ],
        "Retry-After": [
          "10"
        ],
        "Strict-Transport-Security": [
          "max-age=31536000; includeSubDomains"
        ],
        "Azure-AsyncOperation": [
          "https://management.azure.com:443/subscriptions/5b4b650e-28b9-4790-b3ab-ddbd88d727c4/providers/Microsoft.EventGrid/locations/westcentralus/operationsStatus/CF24F32A-2A96-47F6-BFDC-8A44CD8CF0C7?api-version=2019-06-01"
        ],
        "x-ms-request-id": [
          "626540b9-d538-41e0-9c32-5a84b1ff1faa"
        ],
        "Server": [
          "Microsoft-HTTPAPI/2.0"
        ],
        "x-ms-ratelimit-remaining-subscription-writes": [
          "1199"
        ],
        "x-ms-correlation-request-id": [
          "0adb2442-468a-4d67-80b7-232a45feaa1d"
        ],
        "x-ms-routing-request-id": [
          "WESTUS:20190605T051957Z:0adb2442-468a-4d67-80b7-232a45feaa1d"
        ],
        "X-Content-Type-Options": [
          "nosniff"
        ],
        "Date": [
          "Wed, 05 Jun 2019 05:19:57 GMT"
        ],
        "Content-Length": [
          "310"
        ],
        "Content-Type": [
          "application/json; charset=utf-8"
        ],
        "Expires": [
          "-1"
        ]
      },
      "ResponseBody": "{\r\n  \"properties\": {\r\n    \"provisioningState\": \"Creating\",\r\n    \"endpoint\": null\r\n  },\r\n  \"location\": \"westcentralus\",\r\n  \"tags\": null,\r\n  \"id\": \"/subscriptions/5b4b650e-28b9-4790-b3ab-ddbd88d727c4/resourceGroups/RGName-ps2855/providers/Microsoft.EventGrid/topics/PSTestTopic-ps7960\",\r\n  \"name\": \"PSTestTopic-ps7960\",\r\n  \"type\": \"Microsoft.EventGrid/topics\"\r\n}",
      "StatusCode": 201
    },
    {
      "RequestUri": "/subscriptions/5b4b650e-28b9-4790-b3ab-ddbd88d727c4/providers/Microsoft.EventGrid/locations/westcentralus/operationsStatus/CF24F32A-2A96-47F6-BFDC-8A44CD8CF0C7?api-version=2019-06-01",
      "EncodedRequestUri": "L3N1YnNjcmlwdGlvbnMvNWI0YjY1MGUtMjhiOS00NzkwLWIzYWItZGRiZDg4ZDcyN2M0L3Byb3ZpZGVycy9NaWNyb3NvZnQuRXZlbnRHcmlkL2xvY2F0aW9ucy93ZXN0Y2VudHJhbHVzL29wZXJhdGlvbnNTdGF0dXMvQ0YyNEYzMkEtMkE5Ni00N0Y2LUJGREMtOEE0NENEOENGMEM3P2FwaS12ZXJzaW9uPTIwMTktMDYtMDE=",
      "RequestMethod": "GET",
      "RequestBody": "",
      "RequestHeaders": {
        "User-Agent": [
          "FxVersion/4.6.27617.04",
          "OSName/Windows",
          "OSVersion/Microsoft.Windows.10.0.18362.",
          "Microsoft.Azure.Management.EventGrid.EventGridManagementClient/5.0.0.0"
        ]
      },
      "ResponseHeaders": {
        "Cache-Control": [
          "no-cache"
        ],
        "Pragma": [
          "no-cache"
        ],
        "Strict-Transport-Security": [
          "max-age=31536000; includeSubDomains"
        ],
        "x-ms-request-id": [
          "b6955e1c-d83c-498d-bc33-b7bb826d8be4"
        ],
        "Server": [
          "Microsoft-HTTPAPI/2.0"
        ],
        "x-ms-ratelimit-remaining-subscription-reads": [
          "11999"
        ],
        "x-ms-correlation-request-id": [
          "d91b2abf-e64b-4aa6-892f-c890f1d19544"
        ],
        "x-ms-routing-request-id": [
          "WESTUS:20190605T052007Z:d91b2abf-e64b-4aa6-892f-c890f1d19544"
        ],
        "X-Content-Type-Options": [
          "nosniff"
        ],
        "Date": [
          "Wed, 05 Jun 2019 05:20:07 GMT"
        ],
        "Content-Length": [
          "286"
        ],
        "Content-Type": [
          "application/json; charset=utf-8"
        ],
        "Expires": [
          "-1"
        ]
      },
      "ResponseBody": "{\r\n  \"id\": \"https://management.azure.com/subscriptions/5b4b650e-28b9-4790-b3ab-ddbd88d727c4/providers/Microsoft.EventGrid/locations/westcentralus/operationsStatus/CF24F32A-2A96-47F6-BFDC-8A44CD8CF0C7?api-version=2019-06-01\",\r\n  \"name\": \"cf24f32a-2a96-47f6-bfdc-8a44cd8cf0c7\",\r\n  \"status\": \"Succeeded\"\r\n}",
      "StatusCode": 200
    },
    {
      "RequestUri": "/subscriptions/5b4b650e-28b9-4790-b3ab-ddbd88d727c4/resourceGroups/RGName-ps2855/providers/Microsoft.EventGrid/topics/PSTestTopic-ps7960?api-version=2019-06-01",
      "EncodedRequestUri": "L3N1YnNjcmlwdGlvbnMvNWI0YjY1MGUtMjhiOS00NzkwLWIzYWItZGRiZDg4ZDcyN2M0L3Jlc291cmNlR3JvdXBzL1JHTmFtZS1wczI4NTUvcHJvdmlkZXJzL01pY3Jvc29mdC5FdmVudEdyaWQvdG9waWNzL1BTVGVzdFRvcGljLXBzNzk2MD9hcGktdmVyc2lvbj0yMDE5LTA2LTAx",
      "RequestMethod": "GET",
      "RequestBody": "",
      "RequestHeaders": {
        "User-Agent": [
          "FxVersion/4.6.27617.04",
          "OSName/Windows",
          "OSVersion/Microsoft.Windows.10.0.18362.",
          "Microsoft.Azure.Management.EventGrid.EventGridManagementClient/5.0.0.0"
        ]
      },
      "ResponseHeaders": {
        "Cache-Control": [
          "no-cache"
        ],
        "Pragma": [
          "no-cache"
        ],
        "Strict-Transport-Security": [
          "max-age=31536000; includeSubDomains"
        ],
        "x-ms-request-id": [
          "2c59f8d8-9000-4e73-a343-9434f323840d"
        ],
        "Server": [
          "Microsoft-HTTPAPI/2.0"
        ],
        "x-ms-ratelimit-remaining-subscription-reads": [
          "11998"
        ],
        "x-ms-correlation-request-id": [
          "f137a171-977d-4b19-882a-59eb00d3140c"
        ],
        "x-ms-routing-request-id": [
          "WESTUS:20190605T052007Z:f137a171-977d-4b19-882a-59eb00d3140c"
        ],
        "X-Content-Type-Options": [
          "nosniff"
        ],
        "Date": [
          "Wed, 05 Jun 2019 05:20:07 GMT"
        ],
        "Content-Length": [
          "382"
        ],
        "Content-Type": [
          "application/json; charset=utf-8"
        ],
        "Expires": [
          "-1"
        ]
      },
      "ResponseBody": "{\r\n  \"properties\": {\r\n    \"provisioningState\": \"Succeeded\",\r\n    \"endpoint\": \"https://pstesttopic-ps7960.westcentralus-1.eventgrid.azure.net/api/events\"\r\n  },\r\n  \"location\": \"westcentralus\",\r\n  \"tags\": null,\r\n  \"id\": \"/subscriptions/5b4b650e-28b9-4790-b3ab-ddbd88d727c4/resourceGroups/RGName-ps2855/providers/Microsoft.EventGrid/topics/PSTestTopic-ps7960\",\r\n  \"name\": \"PSTestTopic-ps7960\",\r\n  \"type\": \"Microsoft.EventGrid/topics\"\r\n}",
      "StatusCode": 200
    },
    {
      "RequestUri": "/subscriptions/5b4b650e-28b9-4790-b3ab-ddbd88d727c4/resourceGroups/RGName-ps2855/providers/Microsoft.EventGrid/topics/PSTestTopic-ps7960?api-version=2019-06-01",
      "EncodedRequestUri": "L3N1YnNjcmlwdGlvbnMvNWI0YjY1MGUtMjhiOS00NzkwLWIzYWItZGRiZDg4ZDcyN2M0L3Jlc291cmNlR3JvdXBzL1JHTmFtZS1wczI4NTUvcHJvdmlkZXJzL01pY3Jvc29mdC5FdmVudEdyaWQvdG9waWNzL1BTVGVzdFRvcGljLXBzNzk2MD9hcGktdmVyc2lvbj0yMDE5LTA2LTAx",
      "RequestMethod": "GET",
      "RequestBody": "",
      "RequestHeaders": {
        "x-ms-client-request-id": [
          "3836f236-b36e-4a7c-8a9f-47d17831ac80"
        ],
        "Accept-Language": [
          "en-US"
        ],
        "User-Agent": [
          "FxVersion/4.6.27617.04",
          "OSName/Windows",
          "OSVersion/Microsoft.Windows.10.0.18362.",
          "Microsoft.Azure.Management.EventGrid.EventGridManagementClient/5.0.0.0"
        ]
      },
      "ResponseHeaders": {
        "Cache-Control": [
          "no-cache"
        ],
        "Pragma": [
          "no-cache"
        ],
        "Strict-Transport-Security": [
          "max-age=31536000; includeSubDomains"
        ],
        "x-ms-request-id": [
          "330357e9-2686-4f35-814b-512ca4046293"
        ],
        "Server": [
          "Microsoft-HTTPAPI/2.0"
        ],
        "x-ms-ratelimit-remaining-subscription-reads": [
          "11997"
        ],
        "x-ms-correlation-request-id": [
          "76aa5207-a7ff-499c-9685-9b35df1ffebd"
        ],
        "x-ms-routing-request-id": [
          "WESTUS:20190605T052007Z:76aa5207-a7ff-499c-9685-9b35df1ffebd"
        ],
        "X-Content-Type-Options": [
          "nosniff"
        ],
        "Date": [
          "Wed, 05 Jun 2019 05:20:07 GMT"
        ],
        "Content-Length": [
          "382"
        ],
        "Content-Type": [
          "application/json; charset=utf-8"
        ],
        "Expires": [
          "-1"
        ]
      },
      "ResponseBody": "{\r\n  \"properties\": {\r\n    \"provisioningState\": \"Succeeded\",\r\n    \"endpoint\": \"https://pstesttopic-ps7960.westcentralus-1.eventgrid.azure.net/api/events\"\r\n  },\r\n  \"location\": \"westcentralus\",\r\n  \"tags\": null,\r\n  \"id\": \"/subscriptions/5b4b650e-28b9-4790-b3ab-ddbd88d727c4/resourceGroups/RGName-ps2855/providers/Microsoft.EventGrid/topics/PSTestTopic-ps7960\",\r\n  \"name\": \"PSTestTopic-ps7960\",\r\n  \"type\": \"Microsoft.EventGrid/topics\"\r\n}",
      "StatusCode": 200
    },
    {
      "RequestUri": "/subscriptions/5b4b650e-28b9-4790-b3ab-ddbd88d727c4/resourceGroups/RGName-ps2855/providers/Microsoft.EventGrid/topics/PSTestTopic-ps7960?api-version=2019-06-01",
      "EncodedRequestUri": "L3N1YnNjcmlwdGlvbnMvNWI0YjY1MGUtMjhiOS00NzkwLWIzYWItZGRiZDg4ZDcyN2M0L3Jlc291cmNlR3JvdXBzL1JHTmFtZS1wczI4NTUvcHJvdmlkZXJzL01pY3Jvc29mdC5FdmVudEdyaWQvdG9waWNzL1BTVGVzdFRvcGljLXBzNzk2MD9hcGktdmVyc2lvbj0yMDE5LTA2LTAx",
      "RequestMethod": "GET",
      "RequestBody": "",
      "RequestHeaders": {
        "x-ms-client-request-id": [
          "2487ae18-6d08-4c37-9cc1-90be9da0b88a"
        ],
        "Accept-Language": [
          "en-US"
        ],
        "User-Agent": [
          "FxVersion/4.6.27617.04",
          "OSName/Windows",
          "OSVersion/Microsoft.Windows.10.0.18362.",
          "Microsoft.Azure.Management.EventGrid.EventGridManagementClient/5.0.0.0"
        ]
      },
      "ResponseHeaders": {
        "Cache-Control": [
          "no-cache"
        ],
        "Pragma": [
          "no-cache"
        ],
        "Strict-Transport-Security": [
          "max-age=31536000; includeSubDomains"
        ],
        "x-ms-request-id": [
          "1841f6d4-9fc7-4e4e-bfb2-66522ca90338"
        ],
        "Server": [
          "Microsoft-HTTPAPI/2.0"
        ],
        "x-ms-ratelimit-remaining-subscription-reads": [
          "11984"
        ],
        "x-ms-correlation-request-id": [
          "d0a4e7c6-2651-4d5d-8f94-23e39e8e3b97"
        ],
        "x-ms-routing-request-id": [
          "WESTUS:20190605T052051Z:d0a4e7c6-2651-4d5d-8f94-23e39e8e3b97"
        ],
        "X-Content-Type-Options": [
          "nosniff"
        ],
        "Date": [
          "Wed, 05 Jun 2019 05:20:50 GMT"
        ],
        "Content-Length": [
          "382"
        ],
        "Content-Type": [
          "application/json; charset=utf-8"
        ],
        "Expires": [
          "-1"
        ]
      },
      "ResponseBody": "{\r\n  \"properties\": {\r\n    \"provisioningState\": \"Succeeded\",\r\n    \"endpoint\": \"https://pstesttopic-ps7960.westcentralus-1.eventgrid.azure.net/api/events\"\r\n  },\r\n  \"location\": \"westcentralus\",\r\n  \"tags\": null,\r\n  \"id\": \"/subscriptions/5b4b650e-28b9-4790-b3ab-ddbd88d727c4/resourceGroups/RGName-ps2855/providers/Microsoft.EventGrid/topics/PSTestTopic-ps7960\",\r\n  \"name\": \"PSTestTopic-ps7960\",\r\n  \"type\": \"Microsoft.EventGrid/topics\"\r\n}",
      "StatusCode": 200
    },
    {
      "RequestUri": "//subscriptions/5b4b650e-28b9-4790-b3ab-ddbd88d727c4/resourceGroups/RGName-ps2855/providers/Microsoft.EventGrid/topics/PSTestTopic-ps7960/providers/Microsoft.EventGrid/eventSubscriptions/EventSubscription-ps3550?api-version=2019-06-01",
      "EncodedRequestUri": "Ly9zdWJzY3JpcHRpb25zLzViNGI2NTBlLTI4YjktNDc5MC1iM2FiLWRkYmQ4OGQ3MjdjNC9yZXNvdXJjZUdyb3Vwcy9SR05hbWUtcHMyODU1L3Byb3ZpZGVycy9NaWNyb3NvZnQuRXZlbnRHcmlkL3RvcGljcy9QU1Rlc3RUb3BpYy1wczc5NjAvcHJvdmlkZXJzL01pY3Jvc29mdC5FdmVudEdyaWQvZXZlbnRTdWJzY3JpcHRpb25zL0V2ZW50U3Vic2NyaXB0aW9uLXBzMzU1MD9hcGktdmVyc2lvbj0yMDE5LTA2LTAx",
      "RequestMethod": "PUT",
      "RequestBody": "{\r\n  \"properties\": {\r\n    \"destination\": {\r\n      \"endpointType\": \"WebHook\",\r\n      \"properties\": {\r\n        \"endpointUrl\": \"https://devexpfuncappdestination.azurewebsites.net/runtime/webhooks/EventGrid?functionName=EventGridTrigger1&code=<HIDDEN>\"\r\n      }\r\n    },\r\n    \"filter\": {\r\n      \"isSubjectCaseSensitive\": false\r\n    },\r\n    \"deadLetterDestination\": {\r\n      \"endpointType\": \"StorageBlob\",\r\n      \"properties\": {\r\n        \"resourceId\": \"/subscriptions/5b4b650e-28b9-4790-b3ab-ddbd88d727c4/resourceGroups/RGName-ps2855/providers/Microsoft.Storage/storageAccounts/storagenameps5992\",\r\n        \"blobContainerName\": \"storageblobnameps9375\"\r\n      }\r\n    }\r\n  }\r\n}",
      "RequestHeaders": {
        "x-ms-client-request-id": [
          "bcd6d507-c9e3-488f-b70d-357e52e49acc"
        ],
        "Accept-Language": [
          "en-US"
        ],
        "User-Agent": [
          "FxVersion/4.6.27617.04",
          "OSName/Windows",
          "OSVersion/Microsoft.Windows.10.0.18362.",
          "Microsoft.Azure.Management.EventGrid.EventGridManagementClient/5.0.0.0"
        ],
        "Content-Type": [
          "application/json; charset=utf-8"
        ],
        "Content-Length": [
          "717"
        ]
      },
      "ResponseHeaders": {
        "Cache-Control": [
          "no-cache"
        ],
        "Pragma": [
          "no-cache"
        ],
        "Retry-After": [
          "10"
        ],
        "Strict-Transport-Security": [
          "max-age=31536000; includeSubDomains"
        ],
        "Azure-AsyncOperation": [
          "https://management.azure.com:443/subscriptions/5b4b650e-28b9-4790-b3ab-ddbd88d727c4/providers/Microsoft.EventGrid/locations/westcentralus/operationsStatus/DFE5C68D-CA52-4E6D-8EB7-70892BDAA178?api-version=2019-06-01"
        ],
        "x-ms-request-id": [
          "18fa7017-26d9-47dd-9d53-f03429a2007d"
        ],
        "Server": [
          "Microsoft-HTTPAPI/2.0"
        ],
        "x-ms-ratelimit-remaining-subscription-writes": [
          "1198"
        ],
        "x-ms-correlation-request-id": [
          "a9218ae6-9bdb-4e5c-badd-21eae4c39189"
        ],
        "x-ms-routing-request-id": [
          "WESTUS:20190605T052008Z:a9218ae6-9bdb-4e5c-badd-21eae4c39189"
        ],
        "X-Content-Type-Options": [
          "nosniff"
        ],
        "Date": [
          "Wed, 05 Jun 2019 05:20:07 GMT"
        ],
        "Content-Length": [
          "965"
        ],
        "Content-Type": [
          "application/json; charset=utf-8"
        ],
        "Expires": [
          "-1"
        ]
      },
      "ResponseBody": "{\r\n  \"properties\": {\r\n    \"topic\": \"/subscriptions/5b4b650e-28b9-4790-b3ab-ddbd88d727c4/resourceGroups/rgname-ps2855/providers/microsoft.eventgrid/topics/pstesttopic-ps7960\",\r\n    \"provisioningState\": \"Creating\",\r\n    \"destination\": {\r\n      \"properties\": {\r\n        \"endpointUrl\": null,\r\n        \"endpointBaseUrl\": \"https://devexpfuncappdestination.azurewebsites.net/runtime/webhooks/EventGrid\"\r\n      },\r\n      \"endpointType\": \"WebHook\"\r\n    },\r\n    \"filter\": {},\r\n    \"labels\": null,\r\n    \"deadLetterDestination\": {\r\n      \"properties\": {\r\n        \"resourceId\": \"/subscriptions/5b4b650e-28b9-4790-b3ab-ddbd88d727c4/resourceGroups/RGName-ps2855/providers/Microsoft.Storage/storageAccounts/storagenameps5992\",\r\n        \"blobContainerName\": \"storageblobnameps9375\"\r\n      },\r\n      \"endpointType\": \"StorageBlob\"\r\n    }\r\n  },\r\n  \"id\": \"/subscriptions/5b4b650e-28b9-4790-b3ab-ddbd88d727c4/resourceGroups/RGName-ps2855/providers/Microsoft.EventGrid/topics/PSTestTopic-ps7960/providers/Microsoft.EventGrid/eventSubscriptions/EventSubscription-ps3550\",\r\n  \"name\": \"EventSubscription-ps3550\",\r\n  \"type\": \"Microsoft.EventGrid/eventSubscriptions\"\r\n}",
      "StatusCode": 201
    },
    {
      "RequestUri": "/subscriptions/5b4b650e-28b9-4790-b3ab-ddbd88d727c4/providers/Microsoft.EventGrid/locations/westcentralus/operationsStatus/DFE5C68D-CA52-4E6D-8EB7-70892BDAA178?api-version=2019-06-01",
      "EncodedRequestUri": "L3N1YnNjcmlwdGlvbnMvNWI0YjY1MGUtMjhiOS00NzkwLWIzYWItZGRiZDg4ZDcyN2M0L3Byb3ZpZGVycy9NaWNyb3NvZnQuRXZlbnRHcmlkL2xvY2F0aW9ucy93ZXN0Y2VudHJhbHVzL29wZXJhdGlvbnNTdGF0dXMvREZFNUM2OEQtQ0E1Mi00RTZELThFQjctNzA4OTJCREFBMTc4P2FwaS12ZXJzaW9uPTIwMTktMDYtMDE=",
      "RequestMethod": "GET",
      "RequestBody": "",
      "RequestHeaders": {
        "User-Agent": [
          "FxVersion/4.6.27617.04",
          "OSName/Windows",
          "OSVersion/Microsoft.Windows.10.0.18362.",
          "Microsoft.Azure.Management.EventGrid.EventGridManagementClient/5.0.0.0"
        ]
      },
      "ResponseHeaders": {
        "Cache-Control": [
          "no-cache"
        ],
        "Pragma": [
          "no-cache"
        ],
        "Strict-Transport-Security": [
          "max-age=31536000; includeSubDomains"
        ],
        "x-ms-request-id": [
          "67751496-d64b-41d0-b2cc-a3fe932deb75"
        ],
        "Server": [
          "Microsoft-HTTPAPI/2.0"
        ],
        "x-ms-ratelimit-remaining-subscription-reads": [
          "11996"
        ],
        "x-ms-correlation-request-id": [
          "a93861be-5112-4b58-8c40-b2a60581abd7"
        ],
        "x-ms-routing-request-id": [
          "WESTUS:20190605T052018Z:a93861be-5112-4b58-8c40-b2a60581abd7"
        ],
        "X-Content-Type-Options": [
          "nosniff"
        ],
        "Date": [
          "Wed, 05 Jun 2019 05:20:17 GMT"
        ],
        "Content-Length": [
          "286"
        ],
        "Content-Type": [
          "application/json; charset=utf-8"
        ],
        "Expires": [
          "-1"
        ]
      },
      "ResponseBody": "{\r\n  \"id\": \"https://management.azure.com/subscriptions/5b4b650e-28b9-4790-b3ab-ddbd88d727c4/providers/Microsoft.EventGrid/locations/westcentralus/operationsStatus/DFE5C68D-CA52-4E6D-8EB7-70892BDAA178?api-version=2019-06-01\",\r\n  \"name\": \"dfe5c68d-ca52-4e6d-8eb7-70892bdaa178\",\r\n  \"status\": \"Succeeded\"\r\n}",
      "StatusCode": 200
    },
    {
      "RequestUri": "//subscriptions/5b4b650e-28b9-4790-b3ab-ddbd88d727c4/resourceGroups/RGName-ps2855/providers/Microsoft.EventGrid/topics/PSTestTopic-ps7960/providers/Microsoft.EventGrid/eventSubscriptions/EventSubscription-ps3550?api-version=2019-06-01",
      "EncodedRequestUri": "Ly9zdWJzY3JpcHRpb25zLzViNGI2NTBlLTI4YjktNDc5MC1iM2FiLWRkYmQ4OGQ3MjdjNC9yZXNvdXJjZUdyb3Vwcy9SR05hbWUtcHMyODU1L3Byb3ZpZGVycy9NaWNyb3NvZnQuRXZlbnRHcmlkL3RvcGljcy9QU1Rlc3RUb3BpYy1wczc5NjAvcHJvdmlkZXJzL01pY3Jvc29mdC5FdmVudEdyaWQvZXZlbnRTdWJzY3JpcHRpb25zL0V2ZW50U3Vic2NyaXB0aW9uLXBzMzU1MD9hcGktdmVyc2lvbj0yMDE5LTA2LTAx",
      "RequestMethod": "GET",
      "RequestBody": "",
      "RequestHeaders": {
        "User-Agent": [
          "FxVersion/4.6.27617.04",
          "OSName/Windows",
          "OSVersion/Microsoft.Windows.10.0.18362.",
          "Microsoft.Azure.Management.EventGrid.EventGridManagementClient/5.0.0.0"
        ]
      },
      "ResponseHeaders": {
        "Cache-Control": [
          "no-cache"
        ],
        "Pragma": [
          "no-cache"
        ],
        "Strict-Transport-Security": [
          "max-age=31536000; includeSubDomains"
        ],
        "x-ms-request-id": [
          "6e4be7d3-15ba-4a28-aa0d-ae84084d5b0e"
        ],
        "Server": [
          "Microsoft-HTTPAPI/2.0"
        ],
        "x-ms-ratelimit-remaining-subscription-reads": [
          "11995"
        ],
        "x-ms-correlation-request-id": [
          "bb449dda-0893-4cf6-b52f-37e8c92d5e70"
        ],
        "x-ms-routing-request-id": [
          "WESTUS:20190605T052018Z:bb449dda-0893-4cf6-b52f-37e8c92d5e70"
        ],
        "X-Content-Type-Options": [
          "nosniff"
        ],
        "Date": [
          "Wed, 05 Jun 2019 05:20:18 GMT"
        ],
        "Content-Length": [
          "1082"
        ],
        "Content-Type": [
          "application/json; charset=utf-8"
        ],
        "Expires": [
          "-1"
        ]
      },
      "ResponseBody": "{\r\n  \"properties\": {\r\n    \"topic\": \"/subscriptions/5b4b650e-28b9-4790-b3ab-ddbd88d727c4/resourceGroups/rgname-ps2855/providers/microsoft.eventgrid/topics/pstesttopic-ps7960\",\r\n    \"provisioningState\": \"Succeeded\",\r\n    \"destination\": {\r\n      \"properties\": {\r\n        \"endpointUrl\": null,\r\n        \"endpointBaseUrl\": \"https://devexpfuncappdestination.azurewebsites.net/runtime/webhooks/EventGrid\"\r\n      },\r\n      \"endpointType\": \"WebHook\"\r\n    },\r\n    \"filter\": {\r\n      \"subjectBeginsWith\": \"\",\r\n      \"subjectEndsWith\": \"\"\r\n    },\r\n    \"labels\": null,\r\n    \"retryPolicy\": {\r\n      \"maxDeliveryAttempts\": 30,\r\n      \"eventTimeToLiveInMinutes\": 1440\r\n    },\r\n    \"deadLetterDestination\": {\r\n      \"properties\": {\r\n        \"resourceId\": \"/subscriptions/5b4b650e-28b9-4790-b3ab-ddbd88d727c4/resourceGroups/RGName-ps2855/providers/Microsoft.Storage/storageAccounts/storagenameps5992\",\r\n        \"blobContainerName\": \"storageblobnameps9375\"\r\n      },\r\n      \"endpointType\": \"StorageBlob\"\r\n    }\r\n  },\r\n  \"id\": \"/subscriptions/5b4b650e-28b9-4790-b3ab-ddbd88d727c4/resourceGroups/RGName-ps2855/providers/Microsoft.EventGrid/topics/PSTestTopic-ps7960/providers/Microsoft.EventGrid/eventSubscriptions/EventSubscription-ps3550\",\r\n  \"name\": \"EventSubscription-ps3550\",\r\n  \"type\": \"Microsoft.EventGrid/eventSubscriptions\"\r\n}",
      "StatusCode": 200
    },
    {
      "RequestUri": "//subscriptions/5b4b650e-28b9-4790-b3ab-ddbd88d727c4/resourceGroups/RGName-ps2855/providers/Microsoft.EventGrid/topics/PSTestTopic-ps7960/providers/Microsoft.EventGrid/eventSubscriptions/EventSubscription-ps3550?api-version=2019-06-01",
      "EncodedRequestUri": "Ly9zdWJzY3JpcHRpb25zLzViNGI2NTBlLTI4YjktNDc5MC1iM2FiLWRkYmQ4OGQ3MjdjNC9yZXNvdXJjZUdyb3Vwcy9SR05hbWUtcHMyODU1L3Byb3ZpZGVycy9NaWNyb3NvZnQuRXZlbnRHcmlkL3RvcGljcy9QU1Rlc3RUb3BpYy1wczc5NjAvcHJvdmlkZXJzL01pY3Jvc29mdC5FdmVudEdyaWQvZXZlbnRTdWJzY3JpcHRpb25zL0V2ZW50U3Vic2NyaXB0aW9uLXBzMzU1MD9hcGktdmVyc2lvbj0yMDE5LTA2LTAx",
      "RequestMethod": "GET",
      "RequestBody": "",
      "RequestHeaders": {
        "x-ms-client-request-id": [
          "0434debb-cbed-43d5-be00-649d8a1be070"
        ],
        "Accept-Language": [
          "en-US"
        ],
        "User-Agent": [
          "FxVersion/4.6.27617.04",
          "OSName/Windows",
          "OSVersion/Microsoft.Windows.10.0.18362.",
          "Microsoft.Azure.Management.EventGrid.EventGridManagementClient/5.0.0.0"
        ]
      },
      "ResponseHeaders": {
        "Cache-Control": [
          "no-cache"
        ],
        "Pragma": [
          "no-cache"
        ],
        "Strict-Transport-Security": [
          "max-age=31536000; includeSubDomains"
        ],
        "x-ms-request-id": [
          "33ccfe7b-cd79-41bb-a939-c181d32c00cd"
        ],
        "Server": [
          "Microsoft-HTTPAPI/2.0"
        ],
        "x-ms-ratelimit-remaining-subscription-reads": [
          "11994"
        ],
        "x-ms-correlation-request-id": [
          "a4192fdb-31be-4503-9f44-67ec44e12f02"
        ],
        "x-ms-routing-request-id": [
          "WESTUS:20190605T052018Z:a4192fdb-31be-4503-9f44-67ec44e12f02"
        ],
        "X-Content-Type-Options": [
          "nosniff"
        ],
        "Date": [
          "Wed, 05 Jun 2019 05:20:18 GMT"
        ],
        "Content-Length": [
          "1082"
        ],
        "Content-Type": [
          "application/json; charset=utf-8"
        ],
        "Expires": [
          "-1"
        ]
      },
      "ResponseBody": "{\r\n  \"properties\": {\r\n    \"topic\": \"/subscriptions/5b4b650e-28b9-4790-b3ab-ddbd88d727c4/resourceGroups/rgname-ps2855/providers/microsoft.eventgrid/topics/pstesttopic-ps7960\",\r\n    \"provisioningState\": \"Succeeded\",\r\n    \"destination\": {\r\n      \"properties\": {\r\n        \"endpointUrl\": null,\r\n        \"endpointBaseUrl\": \"https://devexpfuncappdestination.azurewebsites.net/runtime/webhooks/EventGrid\"\r\n      },\r\n      \"endpointType\": \"WebHook\"\r\n    },\r\n    \"filter\": {\r\n      \"subjectBeginsWith\": \"\",\r\n      \"subjectEndsWith\": \"\"\r\n    },\r\n    \"labels\": null,\r\n    \"retryPolicy\": {\r\n      \"maxDeliveryAttempts\": 30,\r\n      \"eventTimeToLiveInMinutes\": 1440\r\n    },\r\n    \"deadLetterDestination\": {\r\n      \"properties\": {\r\n        \"resourceId\": \"/subscriptions/5b4b650e-28b9-4790-b3ab-ddbd88d727c4/resourceGroups/RGName-ps2855/providers/Microsoft.Storage/storageAccounts/storagenameps5992\",\r\n        \"blobContainerName\": \"storageblobnameps9375\"\r\n      },\r\n      \"endpointType\": \"StorageBlob\"\r\n    }\r\n  },\r\n  \"id\": \"/subscriptions/5b4b650e-28b9-4790-b3ab-ddbd88d727c4/resourceGroups/RGName-ps2855/providers/Microsoft.EventGrid/topics/PSTestTopic-ps7960/providers/Microsoft.EventGrid/eventSubscriptions/EventSubscription-ps3550\",\r\n  \"name\": \"EventSubscription-ps3550\",\r\n  \"type\": \"Microsoft.EventGrid/eventSubscriptions\"\r\n}",
      "StatusCode": 200
    },
    {
      "RequestUri": "//subscriptions/5b4b650e-28b9-4790-b3ab-ddbd88d727c4/resourceGroups/RGName-ps2855/providers/Microsoft.EventGrid/topics/PSTestTopic-ps7960/providers/Microsoft.EventGrid/eventSubscriptions/EventSubscription-ps3550/getFullUrl?api-version=2019-06-01",
      "EncodedRequestUri": "Ly9zdWJzY3JpcHRpb25zLzViNGI2NTBlLTI4YjktNDc5MC1iM2FiLWRkYmQ4OGQ3MjdjNC9yZXNvdXJjZUdyb3Vwcy9SR05hbWUtcHMyODU1L3Byb3ZpZGVycy9NaWNyb3NvZnQuRXZlbnRHcmlkL3RvcGljcy9QU1Rlc3RUb3BpYy1wczc5NjAvcHJvdmlkZXJzL01pY3Jvc29mdC5FdmVudEdyaWQvZXZlbnRTdWJzY3JpcHRpb25zL0V2ZW50U3Vic2NyaXB0aW9uLXBzMzU1MC9nZXRGdWxsVXJsP2FwaS12ZXJzaW9uPTIwMTktMDYtMDE=",
      "RequestMethod": "POST",
      "RequestBody": "",
      "RequestHeaders": {
        "x-ms-client-request-id": [
          "5d3696bb-a9aa-4e4e-aa14-1716dc494fe9"
        ],
        "Accept-Language": [
          "en-US"
        ],
        "User-Agent": [
          "FxVersion/4.6.27617.04",
          "OSName/Windows",
          "OSVersion/Microsoft.Windows.10.0.18362.",
          "Microsoft.Azure.Management.EventGrid.EventGridManagementClient/5.0.0.0"
        ]
      },
      "ResponseHeaders": {
        "Cache-Control": [
          "no-cache"
        ],
        "Pragma": [
          "no-cache"
        ],
        "Strict-Transport-Security": [
          "max-age=31536000; includeSubDomains"
        ],
        "x-ms-request-id": [
          "6b225f14-69cb-4d5b-b2f3-a25bff2c4076"
        ],
        "Server": [
          "Microsoft-HTTPAPI/2.0"
        ],
        "x-ms-ratelimit-remaining-subscription-writes": [
          "1199"
        ],
        "x-ms-correlation-request-id": [
          "2517cc0a-0a67-4b31-b9cb-d3fe9216d8ed"
        ],
        "x-ms-routing-request-id": [
          "WESTUS:20190605T052018Z:2517cc0a-0a67-4b31-b9cb-d3fe9216d8ed"
        ],
        "X-Content-Type-Options": [
          "nosniff"
        ],
        "Date": [
          "Wed, 05 Jun 2019 05:20:18 GMT"
        ],
        "Content-Length": [
          "188"
        ],
        "Content-Type": [
          "application/json; charset=utf-8"
        ],
        "Expires": [
          "-1"
        ]
      },
      "ResponseBody": "{\r\n  \"endpointUrl\": \"https://devexpfuncappdestination.azurewebsites.net/runtime/webhooks/EventGrid?functionName=EventGridTrigger1&code=<HIDDEN>\"\r\n}",
      "StatusCode": 200
    },
    {
      "RequestUri": "/subscriptions/5b4b650e-28b9-4790-b3ab-ddbd88d727c4/resourceGroups/RGName-ps2855/providers/Microsoft.EventGrid/domains/PSTestDomain-ps4069?api-version=2019-06-01",
      "EncodedRequestUri": "L3N1YnNjcmlwdGlvbnMvNWI0YjY1MGUtMjhiOS00NzkwLWIzYWItZGRiZDg4ZDcyN2M0L3Jlc291cmNlR3JvdXBzL1JHTmFtZS1wczI4NTUvcHJvdmlkZXJzL01pY3Jvc29mdC5FdmVudEdyaWQvZG9tYWlucy9QU1Rlc3REb21haW4tcHM0MDY5P2FwaS12ZXJzaW9uPTIwMTktMDYtMDE=",
      "RequestMethod": "PUT",
      "RequestBody": "{\r\n  \"location\": \"westcentralus\"\r\n}",
      "RequestHeaders": {
        "x-ms-client-request-id": [
          "0bd5a7b2-4a2a-4698-bf99-5d7fde87c721"
        ],
        "Accept-Language": [
          "en-US"
        ],
        "User-Agent": [
          "FxVersion/4.6.27617.04",
          "OSName/Windows",
          "OSVersion/Microsoft.Windows.10.0.18362.",
          "Microsoft.Azure.Management.EventGrid.EventGridManagementClient/5.0.0.0"
        ],
        "Content-Type": [
          "application/json; charset=utf-8"
        ],
        "Content-Length": [
          "35"
        ]
      },
      "ResponseHeaders": {
        "Cache-Control": [
          "no-cache"
        ],
        "Pragma": [
          "no-cache"
        ],
        "Retry-After": [
          "10"
        ],
        "Strict-Transport-Security": [
          "max-age=31536000; includeSubDomains"
        ],
        "Azure-AsyncOperation": [
          "https://management.azure.com:443/subscriptions/5b4b650e-28b9-4790-b3ab-ddbd88d727c4/providers/Microsoft.EventGrid/locations/westcentralus/operationsStatus/41DD177C-7511-46AD-8BC8-697AC509BEC3?api-version=2019-06-01"
        ],
        "x-ms-request-id": [
          "1d2cfbea-ca38-43c7-9b50-5d5b0e366ffb"
        ],
        "Server": [
          "Microsoft-HTTPAPI/2.0"
        ],
        "x-ms-ratelimit-remaining-subscription-writes": [
          "1197"
        ],
        "x-ms-correlation-request-id": [
          "932c51e1-d483-40cc-9af0-8c0eba8dac95"
        ],
        "x-ms-routing-request-id": [
          "WESTUS:20190605T052019Z:932c51e1-d483-40cc-9af0-8c0eba8dac95"
        ],
        "X-Content-Type-Options": [
          "nosniff"
        ],
        "Date": [
          "Wed, 05 Jun 2019 05:20:19 GMT"
        ],
        "Content-Length": [
          "314"
        ],
        "Content-Type": [
          "application/json; charset=utf-8"
        ],
        "Expires": [
          "-1"
        ]
      },
      "ResponseBody": "{\r\n  \"properties\": {\r\n    \"provisioningState\": \"Creating\",\r\n    \"endpoint\": null\r\n  },\r\n  \"location\": \"westcentralus\",\r\n  \"tags\": null,\r\n  \"id\": \"/subscriptions/5b4b650e-28b9-4790-b3ab-ddbd88d727c4/resourceGroups/RGName-ps2855/providers/Microsoft.EventGrid/domains/PSTestDomain-ps4069\",\r\n  \"name\": \"PSTestDomain-ps4069\",\r\n  \"type\": \"Microsoft.EventGrid/domains\"\r\n}",
      "StatusCode": 201
    },
    {
      "RequestUri": "/subscriptions/5b4b650e-28b9-4790-b3ab-ddbd88d727c4/providers/Microsoft.EventGrid/locations/westcentralus/operationsStatus/41DD177C-7511-46AD-8BC8-697AC509BEC3?api-version=2019-06-01",
      "EncodedRequestUri": "L3N1YnNjcmlwdGlvbnMvNWI0YjY1MGUtMjhiOS00NzkwLWIzYWItZGRiZDg4ZDcyN2M0L3Byb3ZpZGVycy9NaWNyb3NvZnQuRXZlbnRHcmlkL2xvY2F0aW9ucy93ZXN0Y2VudHJhbHVzL29wZXJhdGlvbnNTdGF0dXMvNDFERDE3N0MtNzUxMS00NkFELThCQzgtNjk3QUM1MDlCRUMzP2FwaS12ZXJzaW9uPTIwMTktMDYtMDE=",
      "RequestMethod": "GET",
      "RequestBody": "",
      "RequestHeaders": {
        "User-Agent": [
          "FxVersion/4.6.27617.04",
          "OSName/Windows",
          "OSVersion/Microsoft.Windows.10.0.18362.",
          "Microsoft.Azure.Management.EventGrid.EventGridManagementClient/5.0.0.0"
        ]
      },
      "ResponseHeaders": {
        "Cache-Control": [
          "no-cache"
        ],
        "Pragma": [
          "no-cache"
        ],
        "Strict-Transport-Security": [
          "max-age=31536000; includeSubDomains"
        ],
        "x-ms-request-id": [
          "11f9ed72-fd00-4aca-8e8d-ea7f7a546ae1"
        ],
        "Server": [
          "Microsoft-HTTPAPI/2.0"
        ],
        "x-ms-ratelimit-remaining-subscription-reads": [
          "11993"
        ],
        "x-ms-correlation-request-id": [
          "fd08752a-bedd-4b7a-b109-f2df73398937"
        ],
        "x-ms-routing-request-id": [
          "WESTUS:20190605T052029Z:fd08752a-bedd-4b7a-b109-f2df73398937"
        ],
        "X-Content-Type-Options": [
          "nosniff"
        ],
        "Date": [
          "Wed, 05 Jun 2019 05:20:29 GMT"
        ],
        "Content-Length": [
          "286"
        ],
        "Content-Type": [
          "application/json; charset=utf-8"
        ],
        "Expires": [
          "-1"
        ]
      },
      "ResponseBody": "{\r\n  \"id\": \"https://management.azure.com/subscriptions/5b4b650e-28b9-4790-b3ab-ddbd88d727c4/providers/Microsoft.EventGrid/locations/westcentralus/operationsStatus/41DD177C-7511-46AD-8BC8-697AC509BEC3?api-version=2019-06-01\",\r\n  \"name\": \"41dd177c-7511-46ad-8bc8-697ac509bec3\",\r\n  \"status\": \"Succeeded\"\r\n}",
      "StatusCode": 200
    },
    {
      "RequestUri": "/subscriptions/5b4b650e-28b9-4790-b3ab-ddbd88d727c4/resourceGroups/RGName-ps2855/providers/Microsoft.EventGrid/domains/PSTestDomain-ps4069?api-version=2019-06-01",
      "EncodedRequestUri": "L3N1YnNjcmlwdGlvbnMvNWI0YjY1MGUtMjhiOS00NzkwLWIzYWItZGRiZDg4ZDcyN2M0L3Jlc291cmNlR3JvdXBzL1JHTmFtZS1wczI4NTUvcHJvdmlkZXJzL01pY3Jvc29mdC5FdmVudEdyaWQvZG9tYWlucy9QU1Rlc3REb21haW4tcHM0MDY5P2FwaS12ZXJzaW9uPTIwMTktMDYtMDE=",
      "RequestMethod": "GET",
      "RequestBody": "",
      "RequestHeaders": {
        "User-Agent": [
          "FxVersion/4.6.27617.04",
          "OSName/Windows",
          "OSVersion/Microsoft.Windows.10.0.18362.",
          "Microsoft.Azure.Management.EventGrid.EventGridManagementClient/5.0.0.0"
        ]
      },
      "ResponseHeaders": {
        "Cache-Control": [
          "no-cache"
        ],
        "Pragma": [
          "no-cache"
        ],
        "Strict-Transport-Security": [
          "max-age=31536000; includeSubDomains"
        ],
        "x-ms-request-id": [
          "fd2d9f31-f5a5-4eff-948a-624ca0f58b31"
        ],
        "Server": [
          "Microsoft-HTTPAPI/2.0"
        ],
        "x-ms-ratelimit-remaining-subscription-reads": [
          "11992"
        ],
        "x-ms-correlation-request-id": [
          "bc67a5f8-116c-493c-8d93-ca901aa695bf"
        ],
        "x-ms-routing-request-id": [
          "WESTUS:20190605T052029Z:bc67a5f8-116c-493c-8d93-ca901aa695bf"
        ],
        "X-Content-Type-Options": [
          "nosniff"
        ],
        "Date": [
          "Wed, 05 Jun 2019 05:20:29 GMT"
        ],
        "Content-Length": [
          "387"
        ],
        "Content-Type": [
          "application/json; charset=utf-8"
        ],
        "Expires": [
          "-1"
        ]
      },
      "ResponseBody": "{\r\n  \"properties\": {\r\n    \"provisioningState\": \"Succeeded\",\r\n    \"endpoint\": \"https://pstestdomain-ps4069.westcentralus-1.eventgrid.azure.net/api/events\"\r\n  },\r\n  \"location\": \"westcentralus\",\r\n  \"tags\": null,\r\n  \"id\": \"/subscriptions/5b4b650e-28b9-4790-b3ab-ddbd88d727c4/resourceGroups/RGName-ps2855/providers/Microsoft.EventGrid/domains/PSTestDomain-ps4069\",\r\n  \"name\": \"PSTestDomain-ps4069\",\r\n  \"type\": \"Microsoft.EventGrid/domains\"\r\n}",
      "StatusCode": 200
    },
    {
      "RequestUri": "/subscriptions/5b4b650e-28b9-4790-b3ab-ddbd88d727c4/resourceGroups/RGName-ps2855/providers/Microsoft.EventGrid/domains/PSTestDomain-ps4069?api-version=2019-06-01",
      "EncodedRequestUri": "L3N1YnNjcmlwdGlvbnMvNWI0YjY1MGUtMjhiOS00NzkwLWIzYWItZGRiZDg4ZDcyN2M0L3Jlc291cmNlR3JvdXBzL1JHTmFtZS1wczI4NTUvcHJvdmlkZXJzL01pY3Jvc29mdC5FdmVudEdyaWQvZG9tYWlucy9QU1Rlc3REb21haW4tcHM0MDY5P2FwaS12ZXJzaW9uPTIwMTktMDYtMDE=",
      "RequestMethod": "GET",
      "RequestBody": "",
      "RequestHeaders": {
        "x-ms-client-request-id": [
          "a01a738a-9319-41c0-88b9-542122670b1b"
        ],
        "Accept-Language": [
          "en-US"
        ],
        "User-Agent": [
          "FxVersion/4.6.27617.04",
          "OSName/Windows",
          "OSVersion/Microsoft.Windows.10.0.18362.",
          "Microsoft.Azure.Management.EventGrid.EventGridManagementClient/5.0.0.0"
        ]
      },
      "ResponseHeaders": {
        "Cache-Control": [
          "no-cache"
        ],
        "Pragma": [
          "no-cache"
        ],
        "Strict-Transport-Security": [
          "max-age=31536000; includeSubDomains"
        ],
        "x-ms-request-id": [
          "eda63b65-5b4c-4ac1-92d1-4e7b3b64ba09"
        ],
        "Server": [
          "Microsoft-HTTPAPI/2.0"
        ],
        "x-ms-ratelimit-remaining-subscription-reads": [
          "11991"
        ],
        "x-ms-correlation-request-id": [
          "880bac2a-24c7-4d69-9670-a7d5384845d7"
        ],
        "x-ms-routing-request-id": [
          "WESTUS:20190605T052029Z:880bac2a-24c7-4d69-9670-a7d5384845d7"
        ],
        "X-Content-Type-Options": [
          "nosniff"
        ],
        "Date": [
          "Wed, 05 Jun 2019 05:20:29 GMT"
        ],
        "Content-Length": [
          "387"
        ],
        "Content-Type": [
          "application/json; charset=utf-8"
        ],
        "Expires": [
          "-1"
        ]
      },
      "ResponseBody": "{\r\n  \"properties\": {\r\n    \"provisioningState\": \"Succeeded\",\r\n    \"endpoint\": \"https://pstestdomain-ps4069.westcentralus-1.eventgrid.azure.net/api/events\"\r\n  },\r\n  \"location\": \"westcentralus\",\r\n  \"tags\": null,\r\n  \"id\": \"/subscriptions/5b4b650e-28b9-4790-b3ab-ddbd88d727c4/resourceGroups/RGName-ps2855/providers/Microsoft.EventGrid/domains/PSTestDomain-ps4069\",\r\n  \"name\": \"PSTestDomain-ps4069\",\r\n  \"type\": \"Microsoft.EventGrid/domains\"\r\n}",
      "StatusCode": 200
    },
    {
      "RequestUri": "/subscriptions/5b4b650e-28b9-4790-b3ab-ddbd88d727c4/resourceGroups/RGName-ps2855/providers/Microsoft.EventGrid/domains/PSTestDomain-ps4069?api-version=2019-06-01",
      "EncodedRequestUri": "L3N1YnNjcmlwdGlvbnMvNWI0YjY1MGUtMjhiOS00NzkwLWIzYWItZGRiZDg4ZDcyN2M0L3Jlc291cmNlR3JvdXBzL1JHTmFtZS1wczI4NTUvcHJvdmlkZXJzL01pY3Jvc29mdC5FdmVudEdyaWQvZG9tYWlucy9QU1Rlc3REb21haW4tcHM0MDY5P2FwaS12ZXJzaW9uPTIwMTktMDYtMDE=",
      "RequestMethod": "GET",
      "RequestBody": "",
      "RequestHeaders": {
        "x-ms-client-request-id": [
          "b762d8ed-876e-4d7f-8359-a354c84042d5"
        ],
        "Accept-Language": [
          "en-US"
        ],
        "User-Agent": [
          "FxVersion/4.6.27617.04",
          "OSName/Windows",
          "OSVersion/Microsoft.Windows.10.0.18362.",
          "Microsoft.Azure.Management.EventGrid.EventGridManagementClient/5.0.0.0"
        ]
      },
      "ResponseHeaders": {
        "Cache-Control": [
          "no-cache"
        ],
        "Pragma": [
          "no-cache"
        ],
        "Strict-Transport-Security": [
          "max-age=31536000; includeSubDomains"
        ],
        "x-ms-request-id": [
          "a9ccc6c5-13e3-4681-8139-86970f7c8723"
        ],
        "Server": [
          "Microsoft-HTTPAPI/2.0"
        ],
        "x-ms-ratelimit-remaining-subscription-reads": [
          "11981"
        ],
        "x-ms-correlation-request-id": [
          "e6dd481c-36d5-41cd-a614-e8a8a59a4be4"
        ],
        "x-ms-routing-request-id": [
          "WESTUS:20190605T052102Z:e6dd481c-36d5-41cd-a614-e8a8a59a4be4"
        ],
        "X-Content-Type-Options": [
          "nosniff"
        ],
        "Date": [
          "Wed, 05 Jun 2019 05:21:02 GMT"
        ],
        "Content-Length": [
          "387"
        ],
        "Content-Type": [
          "application/json; charset=utf-8"
        ],
        "Expires": [
          "-1"
        ]
      },
      "ResponseBody": "{\r\n  \"properties\": {\r\n    \"provisioningState\": \"Succeeded\",\r\n    \"endpoint\": \"https://pstestdomain-ps4069.westcentralus-1.eventgrid.azure.net/api/events\"\r\n  },\r\n  \"location\": \"westcentralus\",\r\n  \"tags\": null,\r\n  \"id\": \"/subscriptions/5b4b650e-28b9-4790-b3ab-ddbd88d727c4/resourceGroups/RGName-ps2855/providers/Microsoft.EventGrid/domains/PSTestDomain-ps4069\",\r\n  \"name\": \"PSTestDomain-ps4069\",\r\n  \"type\": \"Microsoft.EventGrid/domains\"\r\n}",
      "StatusCode": 200
    },
    {
      "RequestUri": "//subscriptions/5b4b650e-28b9-4790-b3ab-ddbd88d727c4/resourceGroups/RGName-ps2855/providers/Microsoft.EventGrid/domains/PSTestDomain-ps4069/providers/Microsoft.EventGrid/eventSubscriptions/EventSubscription-ps3550?api-version=2019-06-01",
      "EncodedRequestUri": "Ly9zdWJzY3JpcHRpb25zLzViNGI2NTBlLTI4YjktNDc5MC1iM2FiLWRkYmQ4OGQ3MjdjNC9yZXNvdXJjZUdyb3Vwcy9SR05hbWUtcHMyODU1L3Byb3ZpZGVycy9NaWNyb3NvZnQuRXZlbnRHcmlkL2RvbWFpbnMvUFNUZXN0RG9tYWluLXBzNDA2OS9wcm92aWRlcnMvTWljcm9zb2Z0LkV2ZW50R3JpZC9ldmVudFN1YnNjcmlwdGlvbnMvRXZlbnRTdWJzY3JpcHRpb24tcHMzNTUwP2FwaS12ZXJzaW9uPTIwMTktMDYtMDE=",
      "RequestMethod": "PUT",
      "RequestBody": "{\r\n  \"properties\": {\r\n    \"destination\": {\r\n      \"endpointType\": \"WebHook\",\r\n      \"properties\": {\r\n        \"endpointUrl\": \"https://devexpfuncappdestination.azurewebsites.net/runtime/webhooks/EventGrid?functionName=EventGridTrigger1&code=<HIDDEN>\"\r\n      }\r\n    },\r\n    \"filter\": {\r\n      \"isSubjectCaseSensitive\": false\r\n    },\r\n    \"deadLetterDestination\": {\r\n      \"endpointType\": \"StorageBlob\",\r\n      \"properties\": {\r\n        \"resourceId\": \"/subscriptions/5b4b650e-28b9-4790-b3ab-ddbd88d727c4/resourceGroups/RGName-ps2855/providers/Microsoft.Storage/storageAccounts/storagenameps5992\",\r\n        \"blobContainerName\": \"storageblobnameps9375\"\r\n      }\r\n    }\r\n  }\r\n}",
      "RequestHeaders": {
        "x-ms-client-request-id": [
          "362837b7-4ca6-48d6-8188-b31620ad4bed"
        ],
        "Accept-Language": [
          "en-US"
        ],
        "User-Agent": [
          "FxVersion/4.6.27617.04",
          "OSName/Windows",
          "OSVersion/Microsoft.Windows.10.0.18362.",
          "Microsoft.Azure.Management.EventGrid.EventGridManagementClient/5.0.0.0"
        ],
        "Content-Type": [
          "application/json; charset=utf-8"
        ],
        "Content-Length": [
          "717"
        ]
      },
      "ResponseHeaders": {
        "Cache-Control": [
          "no-cache"
        ],
        "Pragma": [
          "no-cache"
        ],
        "Retry-After": [
          "10"
        ],
        "Strict-Transport-Security": [
          "max-age=31536000; includeSubDomains"
        ],
        "Azure-AsyncOperation": [
          "https://management.azure.com:443/subscriptions/5b4b650e-28b9-4790-b3ab-ddbd88d727c4/providers/Microsoft.EventGrid/locations/westcentralus/operationsStatus/72523534-5C85-46EC-B385-863047520991?api-version=2019-06-01"
        ],
        "x-ms-request-id": [
          "cd050b28-b34b-4297-a122-da57c402e7ca"
        ],
        "Server": [
          "Microsoft-HTTPAPI/2.0"
        ],
        "x-ms-ratelimit-remaining-subscription-writes": [
          "1196"
        ],
        "x-ms-correlation-request-id": [
          "e10af0e7-1e60-447a-90e8-0b055a8385de"
        ],
        "x-ms-routing-request-id": [
          "WESTUS:20190605T052030Z:e10af0e7-1e60-447a-90e8-0b055a8385de"
        ],
        "X-Content-Type-Options": [
          "nosniff"
        ],
        "Date": [
          "Wed, 05 Jun 2019 05:20:29 GMT"
        ],
        "Content-Length": [
          "969"
        ],
        "Content-Type": [
          "application/json; charset=utf-8"
        ],
        "Expires": [
          "-1"
        ]
      },
      "ResponseBody": "{\r\n  \"properties\": {\r\n    \"topic\": \"/subscriptions/5b4b650e-28b9-4790-b3ab-ddbd88d727c4/resourceGroups/rgname-ps2855/providers/microsoft.eventgrid/domains/pstestdomain-ps4069\",\r\n    \"provisioningState\": \"Creating\",\r\n    \"destination\": {\r\n      \"properties\": {\r\n        \"endpointUrl\": null,\r\n        \"endpointBaseUrl\": \"https://devexpfuncappdestination.azurewebsites.net/runtime/webhooks/EventGrid\"\r\n      },\r\n      \"endpointType\": \"WebHook\"\r\n    },\r\n    \"filter\": {},\r\n    \"labels\": null,\r\n    \"deadLetterDestination\": {\r\n      \"properties\": {\r\n        \"resourceId\": \"/subscriptions/5b4b650e-28b9-4790-b3ab-ddbd88d727c4/resourceGroups/RGName-ps2855/providers/Microsoft.Storage/storageAccounts/storagenameps5992\",\r\n        \"blobContainerName\": \"storageblobnameps9375\"\r\n      },\r\n      \"endpointType\": \"StorageBlob\"\r\n    }\r\n  },\r\n  \"id\": \"/subscriptions/5b4b650e-28b9-4790-b3ab-ddbd88d727c4/resourceGroups/RGName-ps2855/providers/Microsoft.EventGrid/domains/PSTestDomain-ps4069/providers/Microsoft.EventGrid/eventSubscriptions/EventSubscription-ps3550\",\r\n  \"name\": \"EventSubscription-ps3550\",\r\n  \"type\": \"Microsoft.EventGrid/eventSubscriptions\"\r\n}",
      "StatusCode": 201
    },
    {
      "RequestUri": "/subscriptions/5b4b650e-28b9-4790-b3ab-ddbd88d727c4/providers/Microsoft.EventGrid/locations/westcentralus/operationsStatus/72523534-5C85-46EC-B385-863047520991?api-version=2019-06-01",
      "EncodedRequestUri": "L3N1YnNjcmlwdGlvbnMvNWI0YjY1MGUtMjhiOS00NzkwLWIzYWItZGRiZDg4ZDcyN2M0L3Byb3ZpZGVycy9NaWNyb3NvZnQuRXZlbnRHcmlkL2xvY2F0aW9ucy93ZXN0Y2VudHJhbHVzL29wZXJhdGlvbnNTdGF0dXMvNzI1MjM1MzQtNUM4NS00NkVDLUIzODUtODYzMDQ3NTIwOTkxP2FwaS12ZXJzaW9uPTIwMTktMDYtMDE=",
      "RequestMethod": "GET",
      "RequestBody": "",
      "RequestHeaders": {
        "User-Agent": [
          "FxVersion/4.6.27617.04",
          "OSName/Windows",
          "OSVersion/Microsoft.Windows.10.0.18362.",
          "Microsoft.Azure.Management.EventGrid.EventGridManagementClient/5.0.0.0"
        ]
      },
      "ResponseHeaders": {
        "Cache-Control": [
          "no-cache"
        ],
        "Pragma": [
          "no-cache"
        ],
        "Strict-Transport-Security": [
          "max-age=31536000; includeSubDomains"
        ],
        "x-ms-request-id": [
          "8cda5119-c464-4a85-8eec-c6c69ea2484e"
        ],
        "Server": [
          "Microsoft-HTTPAPI/2.0"
        ],
        "x-ms-ratelimit-remaining-subscription-reads": [
          "11990"
        ],
        "x-ms-correlation-request-id": [
          "105aa9bf-d5ef-4e70-9d81-a810080ec8cb"
        ],
        "x-ms-routing-request-id": [
          "WESTUS:20190605T052040Z:105aa9bf-d5ef-4e70-9d81-a810080ec8cb"
        ],
        "X-Content-Type-Options": [
          "nosniff"
        ],
        "Date": [
          "Wed, 05 Jun 2019 05:20:39 GMT"
        ],
        "Content-Length": [
          "286"
        ],
        "Content-Type": [
          "application/json; charset=utf-8"
        ],
        "Expires": [
          "-1"
        ]
      },
      "ResponseBody": "{\r\n  \"id\": \"https://management.azure.com/subscriptions/5b4b650e-28b9-4790-b3ab-ddbd88d727c4/providers/Microsoft.EventGrid/locations/westcentralus/operationsStatus/72523534-5C85-46EC-B385-863047520991?api-version=2019-06-01\",\r\n  \"name\": \"72523534-5c85-46ec-b385-863047520991\",\r\n  \"status\": \"Succeeded\"\r\n}",
      "StatusCode": 200
    },
    {
      "RequestUri": "//subscriptions/5b4b650e-28b9-4790-b3ab-ddbd88d727c4/resourceGroups/RGName-ps2855/providers/Microsoft.EventGrid/domains/PSTestDomain-ps4069/providers/Microsoft.EventGrid/eventSubscriptions/EventSubscription-ps3550?api-version=2019-06-01",
      "EncodedRequestUri": "Ly9zdWJzY3JpcHRpb25zLzViNGI2NTBlLTI4YjktNDc5MC1iM2FiLWRkYmQ4OGQ3MjdjNC9yZXNvdXJjZUdyb3Vwcy9SR05hbWUtcHMyODU1L3Byb3ZpZGVycy9NaWNyb3NvZnQuRXZlbnRHcmlkL2RvbWFpbnMvUFNUZXN0RG9tYWluLXBzNDA2OS9wcm92aWRlcnMvTWljcm9zb2Z0LkV2ZW50R3JpZC9ldmVudFN1YnNjcmlwdGlvbnMvRXZlbnRTdWJzY3JpcHRpb24tcHMzNTUwP2FwaS12ZXJzaW9uPTIwMTktMDYtMDE=",
      "RequestMethod": "GET",
      "RequestBody": "",
      "RequestHeaders": {
        "User-Agent": [
          "FxVersion/4.6.27617.04",
          "OSName/Windows",
          "OSVersion/Microsoft.Windows.10.0.18362.",
          "Microsoft.Azure.Management.EventGrid.EventGridManagementClient/5.0.0.0"
        ]
      },
      "ResponseHeaders": {
        "Cache-Control": [
          "no-cache"
        ],
        "Pragma": [
          "no-cache"
        ],
        "Strict-Transport-Security": [
          "max-age=31536000; includeSubDomains"
        ],
        "x-ms-request-id": [
          "a2bf8564-b830-4081-b1c8-8865888bc697"
        ],
        "Server": [
          "Microsoft-HTTPAPI/2.0"
        ],
        "x-ms-ratelimit-remaining-subscription-reads": [
          "11989"
        ],
        "x-ms-correlation-request-id": [
          "6a165969-9fc3-40f8-84ca-810abf277c20"
        ],
        "x-ms-routing-request-id": [
          "WESTUS:20190605T052040Z:6a165969-9fc3-40f8-84ca-810abf277c20"
        ],
        "X-Content-Type-Options": [
          "nosniff"
        ],
        "Date": [
          "Wed, 05 Jun 2019 05:20:39 GMT"
        ],
        "Content-Length": [
          "1086"
        ],
        "Content-Type": [
          "application/json; charset=utf-8"
        ],
        "Expires": [
          "-1"
        ]
      },
      "ResponseBody": "{\r\n  \"properties\": {\r\n    \"topic\": \"/subscriptions/5b4b650e-28b9-4790-b3ab-ddbd88d727c4/resourceGroups/rgname-ps2855/providers/microsoft.eventgrid/domains/pstestdomain-ps4069\",\r\n    \"provisioningState\": \"Succeeded\",\r\n    \"destination\": {\r\n      \"properties\": {\r\n        \"endpointUrl\": null,\r\n        \"endpointBaseUrl\": \"https://devexpfuncappdestination.azurewebsites.net/runtime/webhooks/EventGrid\"\r\n      },\r\n      \"endpointType\": \"WebHook\"\r\n    },\r\n    \"filter\": {\r\n      \"subjectBeginsWith\": \"\",\r\n      \"subjectEndsWith\": \"\"\r\n    },\r\n    \"labels\": null,\r\n    \"retryPolicy\": {\r\n      \"maxDeliveryAttempts\": 30,\r\n      \"eventTimeToLiveInMinutes\": 1440\r\n    },\r\n    \"deadLetterDestination\": {\r\n      \"properties\": {\r\n        \"resourceId\": \"/subscriptions/5b4b650e-28b9-4790-b3ab-ddbd88d727c4/resourceGroups/RGName-ps2855/providers/Microsoft.Storage/storageAccounts/storagenameps5992\",\r\n        \"blobContainerName\": \"storageblobnameps9375\"\r\n      },\r\n      \"endpointType\": \"StorageBlob\"\r\n    }\r\n  },\r\n  \"id\": \"/subscriptions/5b4b650e-28b9-4790-b3ab-ddbd88d727c4/resourceGroups/RGName-ps2855/providers/Microsoft.EventGrid/domains/PSTestDomain-ps4069/providers/Microsoft.EventGrid/eventSubscriptions/EventSubscription-ps3550\",\r\n  \"name\": \"EventSubscription-ps3550\",\r\n  \"type\": \"Microsoft.EventGrid/eventSubscriptions\"\r\n}",
      "StatusCode": 200
    },
    {
      "RequestUri": "//subscriptions/5b4b650e-28b9-4790-b3ab-ddbd88d727c4/resourceGroups/RGName-ps2855/providers/Microsoft.EventGrid/domains/PSTestDomain-ps4069/providers/Microsoft.EventGrid/eventSubscriptions/EventSubscription-ps3550?api-version=2019-06-01",
      "EncodedRequestUri": "Ly9zdWJzY3JpcHRpb25zLzViNGI2NTBlLTI4YjktNDc5MC1iM2FiLWRkYmQ4OGQ3MjdjNC9yZXNvdXJjZUdyb3Vwcy9SR05hbWUtcHMyODU1L3Byb3ZpZGVycy9NaWNyb3NvZnQuRXZlbnRHcmlkL2RvbWFpbnMvUFNUZXN0RG9tYWluLXBzNDA2OS9wcm92aWRlcnMvTWljcm9zb2Z0LkV2ZW50R3JpZC9ldmVudFN1YnNjcmlwdGlvbnMvRXZlbnRTdWJzY3JpcHRpb24tcHMzNTUwP2FwaS12ZXJzaW9uPTIwMTktMDYtMDE=",
      "RequestMethod": "GET",
      "RequestBody": "",
      "RequestHeaders": {
        "x-ms-client-request-id": [
          "74647af8-cc76-40ed-b868-679af1552370"
        ],
        "Accept-Language": [
          "en-US"
        ],
        "User-Agent": [
          "FxVersion/4.6.27617.04",
          "OSName/Windows",
          "OSVersion/Microsoft.Windows.10.0.18362.",
          "Microsoft.Azure.Management.EventGrid.EventGridManagementClient/5.0.0.0"
        ]
      },
      "ResponseHeaders": {
        "Cache-Control": [
          "no-cache"
        ],
        "Pragma": [
          "no-cache"
        ],
        "Strict-Transport-Security": [
          "max-age=31536000; includeSubDomains"
        ],
        "x-ms-request-id": [
          "693fb286-8a8b-41f8-b154-c2938156b01b"
        ],
        "Server": [
          "Microsoft-HTTPAPI/2.0"
        ],
        "x-ms-ratelimit-remaining-subscription-reads": [
          "11988"
        ],
        "x-ms-correlation-request-id": [
          "5c69b725-cbd0-48a4-9074-749e6d2a33df"
        ],
        "x-ms-routing-request-id": [
          "WESTUS:20190605T052040Z:5c69b725-cbd0-48a4-9074-749e6d2a33df"
        ],
        "X-Content-Type-Options": [
          "nosniff"
        ],
        "Date": [
          "Wed, 05 Jun 2019 05:20:39 GMT"
        ],
        "Content-Length": [
          "1086"
        ],
        "Content-Type": [
          "application/json; charset=utf-8"
        ],
        "Expires": [
          "-1"
        ]
      },
      "ResponseBody": "{\r\n  \"properties\": {\r\n    \"topic\": \"/subscriptions/5b4b650e-28b9-4790-b3ab-ddbd88d727c4/resourceGroups/rgname-ps2855/providers/microsoft.eventgrid/domains/pstestdomain-ps4069\",\r\n    \"provisioningState\": \"Succeeded\",\r\n    \"destination\": {\r\n      \"properties\": {\r\n        \"endpointUrl\": null,\r\n        \"endpointBaseUrl\": \"https://devexpfuncappdestination.azurewebsites.net/runtime/webhooks/EventGrid\"\r\n      },\r\n      \"endpointType\": \"WebHook\"\r\n    },\r\n    \"filter\": {\r\n      \"subjectBeginsWith\": \"\",\r\n      \"subjectEndsWith\": \"\"\r\n    },\r\n    \"labels\": null,\r\n    \"retryPolicy\": {\r\n      \"maxDeliveryAttempts\": 30,\r\n      \"eventTimeToLiveInMinutes\": 1440\r\n    },\r\n    \"deadLetterDestination\": {\r\n      \"properties\": {\r\n        \"resourceId\": \"/subscriptions/5b4b650e-28b9-4790-b3ab-ddbd88d727c4/resourceGroups/RGName-ps2855/providers/Microsoft.Storage/storageAccounts/storagenameps5992\",\r\n        \"blobContainerName\": \"storageblobnameps9375\"\r\n      },\r\n      \"endpointType\": \"StorageBlob\"\r\n    }\r\n  },\r\n  \"id\": \"/subscriptions/5b4b650e-28b9-4790-b3ab-ddbd88d727c4/resourceGroups/RGName-ps2855/providers/Microsoft.EventGrid/domains/PSTestDomain-ps4069/providers/Microsoft.EventGrid/eventSubscriptions/EventSubscription-ps3550\",\r\n  \"name\": \"EventSubscription-ps3550\",\r\n  \"type\": \"Microsoft.EventGrid/eventSubscriptions\"\r\n}",
      "StatusCode": 200
    },
    {
      "RequestUri": "//subscriptions/5b4b650e-28b9-4790-b3ab-ddbd88d727c4/resourceGroups/RGName-ps2855/providers/Microsoft.EventGrid/domains/PSTestDomain-ps4069/providers/Microsoft.EventGrid/eventSubscriptions/EventSubscription-ps3550/getFullUrl?api-version=2019-06-01",
      "EncodedRequestUri": "Ly9zdWJzY3JpcHRpb25zLzViNGI2NTBlLTI4YjktNDc5MC1iM2FiLWRkYmQ4OGQ3MjdjNC9yZXNvdXJjZUdyb3Vwcy9SR05hbWUtcHMyODU1L3Byb3ZpZGVycy9NaWNyb3NvZnQuRXZlbnRHcmlkL2RvbWFpbnMvUFNUZXN0RG9tYWluLXBzNDA2OS9wcm92aWRlcnMvTWljcm9zb2Z0LkV2ZW50R3JpZC9ldmVudFN1YnNjcmlwdGlvbnMvRXZlbnRTdWJzY3JpcHRpb24tcHMzNTUwL2dldEZ1bGxVcmw/YXBpLXZlcnNpb249MjAxOS0wNi0wMQ==",
      "RequestMethod": "POST",
      "RequestBody": "",
      "RequestHeaders": {
        "x-ms-client-request-id": [
          "f1cdf960-33a5-4cd5-b44f-cea8975ea6ee"
        ],
        "Accept-Language": [
          "en-US"
        ],
        "User-Agent": [
          "FxVersion/4.6.27617.04",
          "OSName/Windows",
          "OSVersion/Microsoft.Windows.10.0.18362.",
          "Microsoft.Azure.Management.EventGrid.EventGridManagementClient/5.0.0.0"
        ]
      },
      "ResponseHeaders": {
        "Cache-Control": [
          "no-cache"
        ],
        "Pragma": [
          "no-cache"
        ],
        "Strict-Transport-Security": [
          "max-age=31536000; includeSubDomains"
        ],
        "x-ms-request-id": [
          "376ba720-651a-45a4-9e35-c2d219f7ad49"
        ],
        "Server": [
          "Microsoft-HTTPAPI/2.0"
        ],
        "x-ms-ratelimit-remaining-subscription-writes": [
          "1198"
        ],
        "x-ms-correlation-request-id": [
          "6d719793-8c30-421e-bb46-d3a50082337c"
        ],
        "x-ms-routing-request-id": [
          "WESTUS:20190605T052040Z:6d719793-8c30-421e-bb46-d3a50082337c"
        ],
        "X-Content-Type-Options": [
          "nosniff"
        ],
        "Date": [
          "Wed, 05 Jun 2019 05:20:40 GMT"
        ],
        "Content-Length": [
          "188"
        ],
        "Content-Type": [
          "application/json; charset=utf-8"
        ],
        "Expires": [
          "-1"
        ]
      },
      "ResponseBody": "{\r\n  \"endpointUrl\": \"https://devexpfuncappdestination.azurewebsites.net/runtime/webhooks/EventGrid?functionName=EventGridTrigger1&code=<HIDDEN>\"\r\n}",
      "StatusCode": 200
    },
    {
      "RequestUri": "//subscriptions/5b4b650e-28b9-4790-b3ab-ddbd88d727c4/resourceGroups/RGName-ps2855/providers/Microsoft.EventGrid/domains/PSTestDomain-ps4069/topics/PSTestDomainTopic-ps4549/providers/Microsoft.EventGrid/eventSubscriptions/EventSubscription-ps3550?api-version=2019-06-01",
      "EncodedRequestUri": "Ly9zdWJzY3JpcHRpb25zLzViNGI2NTBlLTI4YjktNDc5MC1iM2FiLWRkYmQ4OGQ3MjdjNC9yZXNvdXJjZUdyb3Vwcy9SR05hbWUtcHMyODU1L3Byb3ZpZGVycy9NaWNyb3NvZnQuRXZlbnRHcmlkL2RvbWFpbnMvUFNUZXN0RG9tYWluLXBzNDA2OS90b3BpY3MvUFNUZXN0RG9tYWluVG9waWMtcHM0NTQ5L3Byb3ZpZGVycy9NaWNyb3NvZnQuRXZlbnRHcmlkL2V2ZW50U3Vic2NyaXB0aW9ucy9FdmVudFN1YnNjcmlwdGlvbi1wczM1NTA/YXBpLXZlcnNpb249MjAxOS0wNi0wMQ==",
      "RequestMethod": "PUT",
      "RequestBody": "{\r\n  \"properties\": {\r\n    \"destination\": {\r\n      \"endpointType\": \"WebHook\",\r\n      \"properties\": {\r\n        \"endpointUrl\": \"https://devexpfuncappdestination.azurewebsites.net/runtime/webhooks/EventGrid?functionName=EventGridTrigger1&code=<HIDDEN>\"\r\n      }\r\n    },\r\n    \"filter\": {\r\n      \"isSubjectCaseSensitive\": false\r\n    },\r\n    \"deadLetterDestination\": {\r\n      \"endpointType\": \"StorageBlob\",\r\n      \"properties\": {\r\n        \"resourceId\": \"/subscriptions/5b4b650e-28b9-4790-b3ab-ddbd88d727c4/resourceGroups/RGName-ps2855/providers/Microsoft.Storage/storageAccounts/storagenameps5992\",\r\n        \"blobContainerName\": \"storageblobnameps9375\"\r\n      }\r\n    }\r\n  }\r\n}",
      "RequestHeaders": {
        "x-ms-client-request-id": [
          "96f585a4-83b3-48ee-83c9-b769846b5e4c"
        ],
        "Accept-Language": [
          "en-US"
        ],
        "User-Agent": [
          "FxVersion/4.6.27617.04",
          "OSName/Windows",
          "OSVersion/Microsoft.Windows.10.0.18362.",
          "Microsoft.Azure.Management.EventGrid.EventGridManagementClient/5.0.0.0"
        ],
        "Content-Type": [
          "application/json; charset=utf-8"
        ],
        "Content-Length": [
          "717"
        ]
      },
      "ResponseHeaders": {
        "Cache-Control": [
          "no-cache"
        ],
        "Pragma": [
          "no-cache"
        ],
        "Retry-After": [
          "10"
        ],
        "Strict-Transport-Security": [
          "max-age=31536000; includeSubDomains"
        ],
        "Azure-AsyncOperation": [
          "https://management.azure.com:443/subscriptions/5b4b650e-28b9-4790-b3ab-ddbd88d727c4/providers/Microsoft.EventGrid/locations/westcentralus/operationsStatus/F5EB65FA-9E54-4E00-9B2E-2755425DDA57?api-version=2019-06-01"
        ],
        "x-ms-request-id": [
          "a6c46f90-67b0-4e42-81d7-b8819d358be5"
        ],
        "Server": [
          "Microsoft-HTTPAPI/2.0"
        ],
        "x-ms-ratelimit-remaining-subscription-writes": [
          "1195"
        ],
        "x-ms-correlation-request-id": [
          "f95ee538-3a6b-420f-9719-551910bd90c8"
        ],
        "x-ms-routing-request-id": [
          "WESTUS:20190605T052041Z:f95ee538-3a6b-420f-9719-551910bd90c8"
        ],
        "X-Content-Type-Options": [
          "nosniff"
        ],
        "Date": [
          "Wed, 05 Jun 2019 05:20:40 GMT"
        ],
        "Content-Length": [
          "1033"
        ],
        "Content-Type": [
          "application/json; charset=utf-8"
        ],
        "Expires": [
          "-1"
        ]
      },
      "ResponseBody": "{\r\n  \"properties\": {\r\n    \"topic\": \"/subscriptions/5b4b650e-28b9-4790-b3ab-ddbd88d727c4/resourceGroups/rgname-ps2855/providers/microsoft.eventgrid/domains/pstestdomain-ps4069/topics/pstestdomaintopic-ps4549\",\r\n    \"provisioningState\": \"Creating\",\r\n    \"destination\": {\r\n      \"properties\": {\r\n        \"endpointUrl\": null,\r\n        \"endpointBaseUrl\": \"https://devexpfuncappdestination.azurewebsites.net/runtime/webhooks/EventGrid\"\r\n      },\r\n      \"endpointType\": \"WebHook\"\r\n    },\r\n    \"filter\": {},\r\n    \"labels\": null,\r\n    \"deadLetterDestination\": {\r\n      \"properties\": {\r\n        \"resourceId\": \"/subscriptions/5b4b650e-28b9-4790-b3ab-ddbd88d727c4/resourceGroups/RGName-ps2855/providers/Microsoft.Storage/storageAccounts/storagenameps5992\",\r\n        \"blobContainerName\": \"storageblobnameps9375\"\r\n      },\r\n      \"endpointType\": \"StorageBlob\"\r\n    }\r\n  },\r\n  \"id\": \"/subscriptions/5b4b650e-28b9-4790-b3ab-ddbd88d727c4/resourceGroups/RGName-ps2855/providers/Microsoft.EventGrid/domains/PSTestDomain-ps4069/topics/PSTestDomainTopic-ps4549/providers/Microsoft.EventGrid/eventSubscriptions/EventSubscription-ps3550\",\r\n  \"name\": \"EventSubscription-ps3550\",\r\n  \"type\": \"Microsoft.EventGrid/eventSubscriptions\"\r\n}",
      "StatusCode": 201
    },
    {
      "RequestUri": "/subscriptions/5b4b650e-28b9-4790-b3ab-ddbd88d727c4/providers/Microsoft.EventGrid/locations/westcentralus/operationsStatus/F5EB65FA-9E54-4E00-9B2E-2755425DDA57?api-version=2019-06-01",
      "EncodedRequestUri": "L3N1YnNjcmlwdGlvbnMvNWI0YjY1MGUtMjhiOS00NzkwLWIzYWItZGRiZDg4ZDcyN2M0L3Byb3ZpZGVycy9NaWNyb3NvZnQuRXZlbnRHcmlkL2xvY2F0aW9ucy93ZXN0Y2VudHJhbHVzL29wZXJhdGlvbnNTdGF0dXMvRjVFQjY1RkEtOUU1NC00RTAwLTlCMkUtMjc1NTQyNUREQTU3P2FwaS12ZXJzaW9uPTIwMTktMDYtMDE=",
      "RequestMethod": "GET",
      "RequestBody": "",
      "RequestHeaders": {
        "User-Agent": [
          "FxVersion/4.6.27617.04",
          "OSName/Windows",
          "OSVersion/Microsoft.Windows.10.0.18362.",
          "Microsoft.Azure.Management.EventGrid.EventGridManagementClient/5.0.0.0"
        ]
      },
      "ResponseHeaders": {
        "Cache-Control": [
          "no-cache"
        ],
        "Pragma": [
          "no-cache"
        ],
        "Strict-Transport-Security": [
          "max-age=31536000; includeSubDomains"
        ],
        "x-ms-request-id": [
          "27649069-f010-4312-96cc-17b490380d98"
        ],
        "Server": [
          "Microsoft-HTTPAPI/2.0"
        ],
        "x-ms-ratelimit-remaining-subscription-reads": [
          "11987"
        ],
        "x-ms-correlation-request-id": [
          "61c7d237-3ea0-4583-8b16-be6d881c6a47"
        ],
        "x-ms-routing-request-id": [
          "WESTUS:20190605T052051Z:61c7d237-3ea0-4583-8b16-be6d881c6a47"
        ],
        "X-Content-Type-Options": [
          "nosniff"
        ],
        "Date": [
          "Wed, 05 Jun 2019 05:20:50 GMT"
        ],
        "Content-Length": [
          "286"
        ],
        "Content-Type": [
          "application/json; charset=utf-8"
        ],
        "Expires": [
          "-1"
        ]
      },
      "ResponseBody": "{\r\n  \"id\": \"https://management.azure.com/subscriptions/5b4b650e-28b9-4790-b3ab-ddbd88d727c4/providers/Microsoft.EventGrid/locations/westcentralus/operationsStatus/F5EB65FA-9E54-4E00-9B2E-2755425DDA57?api-version=2019-06-01\",\r\n  \"name\": \"f5eb65fa-9e54-4e00-9b2e-2755425dda57\",\r\n  \"status\": \"Succeeded\"\r\n}",
      "StatusCode": 200
    },
    {
      "RequestUri": "//subscriptions/5b4b650e-28b9-4790-b3ab-ddbd88d727c4/resourceGroups/RGName-ps2855/providers/Microsoft.EventGrid/domains/PSTestDomain-ps4069/topics/PSTestDomainTopic-ps4549/providers/Microsoft.EventGrid/eventSubscriptions/EventSubscription-ps3550?api-version=2019-06-01",
      "EncodedRequestUri": "Ly9zdWJzY3JpcHRpb25zLzViNGI2NTBlLTI4YjktNDc5MC1iM2FiLWRkYmQ4OGQ3MjdjNC9yZXNvdXJjZUdyb3Vwcy9SR05hbWUtcHMyODU1L3Byb3ZpZGVycy9NaWNyb3NvZnQuRXZlbnRHcmlkL2RvbWFpbnMvUFNUZXN0RG9tYWluLXBzNDA2OS90b3BpY3MvUFNUZXN0RG9tYWluVG9waWMtcHM0NTQ5L3Byb3ZpZGVycy9NaWNyb3NvZnQuRXZlbnRHcmlkL2V2ZW50U3Vic2NyaXB0aW9ucy9FdmVudFN1YnNjcmlwdGlvbi1wczM1NTA/YXBpLXZlcnNpb249MjAxOS0wNi0wMQ==",
      "RequestMethod": "GET",
      "RequestBody": "",
      "RequestHeaders": {
        "User-Agent": [
          "FxVersion/4.6.27617.04",
          "OSName/Windows",
          "OSVersion/Microsoft.Windows.10.0.18362.",
          "Microsoft.Azure.Management.EventGrid.EventGridManagementClient/5.0.0.0"
        ]
      },
      "ResponseHeaders": {
        "Cache-Control": [
          "no-cache"
        ],
        "Pragma": [
          "no-cache"
        ],
        "Strict-Transport-Security": [
          "max-age=31536000; includeSubDomains"
        ],
        "x-ms-request-id": [
          "a164e9c8-835b-4e5c-9802-2db2cf4c06ea"
        ],
        "Server": [
          "Microsoft-HTTPAPI/2.0"
        ],
        "x-ms-ratelimit-remaining-subscription-reads": [
          "11986"
        ],
        "x-ms-correlation-request-id": [
          "724af1b5-2ddb-453c-9a06-373019c9d35c"
        ],
        "x-ms-routing-request-id": [
          "WESTUS:20190605T052051Z:724af1b5-2ddb-453c-9a06-373019c9d35c"
        ],
        "X-Content-Type-Options": [
          "nosniff"
        ],
        "Date": [
          "Wed, 05 Jun 2019 05:20:50 GMT"
        ],
        "Content-Length": [
          "1150"
        ],
        "Content-Type": [
          "application/json; charset=utf-8"
        ],
        "Expires": [
          "-1"
        ]
      },
      "ResponseBody": "{\r\n  \"properties\": {\r\n    \"topic\": \"/subscriptions/5b4b650e-28b9-4790-b3ab-ddbd88d727c4/resourceGroups/rgname-ps2855/providers/microsoft.eventgrid/domains/pstestdomain-ps4069/topics/pstestdomaintopic-ps4549\",\r\n    \"provisioningState\": \"Succeeded\",\r\n    \"destination\": {\r\n      \"properties\": {\r\n        \"endpointUrl\": null,\r\n        \"endpointBaseUrl\": \"https://devexpfuncappdestination.azurewebsites.net/runtime/webhooks/EventGrid\"\r\n      },\r\n      \"endpointType\": \"WebHook\"\r\n    },\r\n    \"filter\": {\r\n      \"subjectBeginsWith\": \"\",\r\n      \"subjectEndsWith\": \"\"\r\n    },\r\n    \"labels\": null,\r\n    \"retryPolicy\": {\r\n      \"maxDeliveryAttempts\": 30,\r\n      \"eventTimeToLiveInMinutes\": 1440\r\n    },\r\n    \"deadLetterDestination\": {\r\n      \"properties\": {\r\n        \"resourceId\": \"/subscriptions/5b4b650e-28b9-4790-b3ab-ddbd88d727c4/resourceGroups/RGName-ps2855/providers/Microsoft.Storage/storageAccounts/storagenameps5992\",\r\n        \"blobContainerName\": \"storageblobnameps9375\"\r\n      },\r\n      \"endpointType\": \"StorageBlob\"\r\n    }\r\n  },\r\n  \"id\": \"/subscriptions/5b4b650e-28b9-4790-b3ab-ddbd88d727c4/resourceGroups/RGName-ps2855/providers/Microsoft.EventGrid/domains/PSTestDomain-ps4069/topics/PSTestDomainTopic-ps4549/providers/Microsoft.EventGrid/eventSubscriptions/EventSubscription-ps3550\",\r\n  \"name\": \"EventSubscription-ps3550\",\r\n  \"type\": \"Microsoft.EventGrid/eventSubscriptions\"\r\n}",
      "StatusCode": 200
    },
    {
      "RequestUri": "//subscriptions/5b4b650e-28b9-4790-b3ab-ddbd88d727c4/resourceGroups/RGName-ps2855/providers/Microsoft.EventGrid/domains/PSTestDomain-ps4069/topics/PSTestDomainTopic-ps4549/providers/Microsoft.EventGrid/eventSubscriptions/EventSubscription-ps3550?api-version=2019-06-01",
      "EncodedRequestUri": "Ly9zdWJzY3JpcHRpb25zLzViNGI2NTBlLTI4YjktNDc5MC1iM2FiLWRkYmQ4OGQ3MjdjNC9yZXNvdXJjZUdyb3Vwcy9SR05hbWUtcHMyODU1L3Byb3ZpZGVycy9NaWNyb3NvZnQuRXZlbnRHcmlkL2RvbWFpbnMvUFNUZXN0RG9tYWluLXBzNDA2OS90b3BpY3MvUFNUZXN0RG9tYWluVG9waWMtcHM0NTQ5L3Byb3ZpZGVycy9NaWNyb3NvZnQuRXZlbnRHcmlkL2V2ZW50U3Vic2NyaXB0aW9ucy9FdmVudFN1YnNjcmlwdGlvbi1wczM1NTA/YXBpLXZlcnNpb249MjAxOS0wNi0wMQ==",
      "RequestMethod": "GET",
      "RequestBody": "",
      "RequestHeaders": {
        "x-ms-client-request-id": [
          "b16d1cf6-6332-41db-a4ec-48cb43ada6fa"
        ],
        "Accept-Language": [
          "en-US"
        ],
        "User-Agent": [
          "FxVersion/4.6.27617.04",
          "OSName/Windows",
          "OSVersion/Microsoft.Windows.10.0.18362.",
          "Microsoft.Azure.Management.EventGrid.EventGridManagementClient/5.0.0.0"
        ]
      },
      "ResponseHeaders": {
        "Cache-Control": [
          "no-cache"
        ],
        "Pragma": [
          "no-cache"
        ],
        "Strict-Transport-Security": [
          "max-age=31536000; includeSubDomains"
        ],
        "x-ms-request-id": [
          "6f1eb25f-a102-482b-b346-ed8e0d8e5691"
        ],
        "Server": [
          "Microsoft-HTTPAPI/2.0"
        ],
        "x-ms-ratelimit-remaining-subscription-reads": [
          "11985"
        ],
        "x-ms-correlation-request-id": [
          "6742df99-d26e-41d2-a6e2-b7d0fdd50279"
        ],
        "x-ms-routing-request-id": [
          "WESTUS:20190605T052051Z:6742df99-d26e-41d2-a6e2-b7d0fdd50279"
        ],
        "X-Content-Type-Options": [
          "nosniff"
        ],
        "Date": [
          "Wed, 05 Jun 2019 05:20:50 GMT"
        ],
        "Content-Length": [
          "1150"
        ],
        "Content-Type": [
          "application/json; charset=utf-8"
        ],
        "Expires": [
          "-1"
        ]
      },
      "ResponseBody": "{\r\n  \"properties\": {\r\n    \"topic\": \"/subscriptions/5b4b650e-28b9-4790-b3ab-ddbd88d727c4/resourceGroups/rgname-ps2855/providers/microsoft.eventgrid/domains/pstestdomain-ps4069/topics/pstestdomaintopic-ps4549\",\r\n    \"provisioningState\": \"Succeeded\",\r\n    \"destination\": {\r\n      \"properties\": {\r\n        \"endpointUrl\": null,\r\n        \"endpointBaseUrl\": \"https://devexpfuncappdestination.azurewebsites.net/runtime/webhooks/EventGrid\"\r\n      },\r\n      \"endpointType\": \"WebHook\"\r\n    },\r\n    \"filter\": {\r\n      \"subjectBeginsWith\": \"\",\r\n      \"subjectEndsWith\": \"\"\r\n    },\r\n    \"labels\": null,\r\n    \"retryPolicy\": {\r\n      \"maxDeliveryAttempts\": 30,\r\n      \"eventTimeToLiveInMinutes\": 1440\r\n    },\r\n    \"deadLetterDestination\": {\r\n      \"properties\": {\r\n        \"resourceId\": \"/subscriptions/5b4b650e-28b9-4790-b3ab-ddbd88d727c4/resourceGroups/RGName-ps2855/providers/Microsoft.Storage/storageAccounts/storagenameps5992\",\r\n        \"blobContainerName\": \"storageblobnameps9375\"\r\n      },\r\n      \"endpointType\": \"StorageBlob\"\r\n    }\r\n  },\r\n  \"id\": \"/subscriptions/5b4b650e-28b9-4790-b3ab-ddbd88d727c4/resourceGroups/RGName-ps2855/providers/Microsoft.EventGrid/domains/PSTestDomain-ps4069/topics/PSTestDomainTopic-ps4549/providers/Microsoft.EventGrid/eventSubscriptions/EventSubscription-ps3550\",\r\n  \"name\": \"EventSubscription-ps3550\",\r\n  \"type\": \"Microsoft.EventGrid/eventSubscriptions\"\r\n}",
      "StatusCode": 200
    },
    {
      "RequestUri": "//subscriptions/5b4b650e-28b9-4790-b3ab-ddbd88d727c4/resourceGroups/RGName-ps2855/providers/Microsoft.EventGrid/domains/PSTestDomain-ps4069/topics/PSTestDomainTopic-ps4549/providers/Microsoft.EventGrid/eventSubscriptions/EventSubscription-ps3550/getFullUrl?api-version=2019-06-01",
      "EncodedRequestUri": "Ly9zdWJzY3JpcHRpb25zLzViNGI2NTBlLTI4YjktNDc5MC1iM2FiLWRkYmQ4OGQ3MjdjNC9yZXNvdXJjZUdyb3Vwcy9SR05hbWUtcHMyODU1L3Byb3ZpZGVycy9NaWNyb3NvZnQuRXZlbnRHcmlkL2RvbWFpbnMvUFNUZXN0RG9tYWluLXBzNDA2OS90b3BpY3MvUFNUZXN0RG9tYWluVG9waWMtcHM0NTQ5L3Byb3ZpZGVycy9NaWNyb3NvZnQuRXZlbnRHcmlkL2V2ZW50U3Vic2NyaXB0aW9ucy9FdmVudFN1YnNjcmlwdGlvbi1wczM1NTAvZ2V0RnVsbFVybD9hcGktdmVyc2lvbj0yMDE5LTA2LTAx",
      "RequestMethod": "POST",
      "RequestBody": "",
      "RequestHeaders": {
        "x-ms-client-request-id": [
          "a277e71e-a898-44e4-a1a8-c31ac9e23403"
        ],
        "Accept-Language": [
          "en-US"
        ],
        "User-Agent": [
          "FxVersion/4.6.27617.04",
          "OSName/Windows",
          "OSVersion/Microsoft.Windows.10.0.18362.",
          "Microsoft.Azure.Management.EventGrid.EventGridManagementClient/5.0.0.0"
        ]
      },
      "ResponseHeaders": {
        "Cache-Control": [
          "no-cache"
        ],
        "Pragma": [
          "no-cache"
        ],
        "Strict-Transport-Security": [
          "max-age=31536000; includeSubDomains"
        ],
        "x-ms-request-id": [
          "dce14ab4-43dc-4a73-b92d-a7fb8f6fe53e"
        ],
        "Server": [
          "Microsoft-HTTPAPI/2.0"
        ],
        "x-ms-ratelimit-remaining-subscription-writes": [
          "1197"
        ],
        "x-ms-correlation-request-id": [
          "46b4c057-6467-4516-899b-74687313b4c1"
        ],
        "x-ms-routing-request-id": [
          "WESTUS:20190605T052051Z:46b4c057-6467-4516-899b-74687313b4c1"
        ],
        "X-Content-Type-Options": [
          "nosniff"
        ],
        "Date": [
          "Wed, 05 Jun 2019 05:20:50 GMT"
        ],
        "Content-Length": [
          "188"
        ],
        "Content-Type": [
          "application/json; charset=utf-8"
        ],
        "Expires": [
          "-1"
        ]
      },
      "ResponseBody": "{\r\n  \"endpointUrl\": \"https://devexpfuncappdestination.azurewebsites.net/runtime/webhooks/EventGrid?functionName=EventGridTrigger1&code=<HIDDEN>\"\r\n}",
      "StatusCode": 200
    },
    {
      "RequestUri": "//subscriptions/5b4b650e-28b9-4790-b3ab-ddbd88d727c4/resourceGroups/RGName-ps2855/providers/Microsoft.EventGrid/topics/PSTestTopic-ps7960/providers/Microsoft.EventGrid/eventSubscriptions/EventSubscription-ps3550?api-version=2019-06-01",
      "EncodedRequestUri": "Ly9zdWJzY3JpcHRpb25zLzViNGI2NTBlLTI4YjktNDc5MC1iM2FiLWRkYmQ4OGQ3MjdjNC9yZXNvdXJjZUdyb3Vwcy9SR05hbWUtcHMyODU1L3Byb3ZpZGVycy9NaWNyb3NvZnQuRXZlbnRHcmlkL3RvcGljcy9QU1Rlc3RUb3BpYy1wczc5NjAvcHJvdmlkZXJzL01pY3Jvc29mdC5FdmVudEdyaWQvZXZlbnRTdWJzY3JpcHRpb25zL0V2ZW50U3Vic2NyaXB0aW9uLXBzMzU1MD9hcGktdmVyc2lvbj0yMDE5LTA2LTAx",
      "RequestMethod": "DELETE",
      "RequestBody": "",
      "RequestHeaders": {
        "x-ms-client-request-id": [
          "ab8bde69-0f9e-42a3-9193-4d501eb35d30"
        ],
        "Accept-Language": [
          "en-US"
        ],
        "User-Agent": [
          "FxVersion/4.6.27617.04",
          "OSName/Windows",
          "OSVersion/Microsoft.Windows.10.0.18362.",
          "Microsoft.Azure.Management.EventGrid.EventGridManagementClient/5.0.0.0"
        ]
      },
      "ResponseHeaders": {
        "Cache-Control": [
          "no-cache"
        ],
        "Pragma": [
          "no-cache"
        ],
        "Location": [
          "https://management.azure.com/subscriptions/5b4b650e-28b9-4790-b3ab-ddbd88d727c4/providers/Microsoft.EventGrid/locations/westcentralus/operationResults/78EE7D41-771F-42D1-9E98-48823FF87E90?api-version=2019-06-01"
        ],
        "Retry-After": [
          "10"
        ],
        "Strict-Transport-Security": [
          "max-age=31536000; includeSubDomains"
        ],
        "Server": [
          "Microsoft-HTTPAPI/2.0"
        ],
        "x-ms-ratelimit-remaining-subscription-deletes": [
          "14999"
        ],
        "x-ms-request-id": [
          "bdea1510-ba14-446c-bb68-1c459e5f9066"
        ],
        "x-ms-correlation-request-id": [
          "bdea1510-ba14-446c-bb68-1c459e5f9066"
        ],
        "x-ms-routing-request-id": [
          "WESTUS:20190605T052052Z:bdea1510-ba14-446c-bb68-1c459e5f9066"
        ],
        "X-Content-Type-Options": [
          "nosniff"
        ],
        "Date": [
          "Wed, 05 Jun 2019 05:20:51 GMT"
        ],
        "Expires": [
          "-1"
        ],
        "Content-Length": [
          "0"
        ]
      },
      "ResponseBody": "",
      "StatusCode": 202
    },
    {
      "RequestUri": "/subscriptions/5b4b650e-28b9-4790-b3ab-ddbd88d727c4/providers/Microsoft.EventGrid/locations/westcentralus/operationResults/78EE7D41-771F-42D1-9E98-48823FF87E90?api-version=2019-06-01",
      "EncodedRequestUri": "L3N1YnNjcmlwdGlvbnMvNWI0YjY1MGUtMjhiOS00NzkwLWIzYWItZGRiZDg4ZDcyN2M0L3Byb3ZpZGVycy9NaWNyb3NvZnQuRXZlbnRHcmlkL2xvY2F0aW9ucy93ZXN0Y2VudHJhbHVzL29wZXJhdGlvblJlc3VsdHMvNzhFRTdENDEtNzcxRi00MkQxLTlFOTgtNDg4MjNGRjg3RTkwP2FwaS12ZXJzaW9uPTIwMTktMDYtMDE=",
      "RequestMethod": "GET",
      "RequestBody": "",
      "RequestHeaders": {
        "User-Agent": [
          "FxVersion/4.6.27617.04",
          "OSName/Windows",
          "OSVersion/Microsoft.Windows.10.0.18362.",
          "Microsoft.Azure.Management.EventGrid.EventGridManagementClient/5.0.0.0"
        ]
      },
      "ResponseHeaders": {
        "Cache-Control": [
          "no-cache"
        ],
        "Pragma": [
          "no-cache"
        ],
        "Strict-Transport-Security": [
          "max-age=31536000; includeSubDomains"
        ],
        "x-ms-request-id": [
          "82e0f56d-da8f-4f36-b565-3a9aff025e82"
        ],
        "x-ms-ratelimit-remaining-subscription-reads": [
          "11983"
        ],
        "Server": [
          "Microsoft-HTTPAPI/2.0"
        ],
        "x-ms-correlation-request-id": [
          "ae96c991-7fc5-4b71-a6be-5577f2dcf2d7"
        ],
        "x-ms-routing-request-id": [
          "WESTUS:20190605T052102Z:ae96c991-7fc5-4b71-a6be-5577f2dcf2d7"
        ],
        "X-Content-Type-Options": [
          "nosniff"
        ],
        "Date": [
          "Wed, 05 Jun 2019 05:21:02 GMT"
        ],
        "Expires": [
          "-1"
        ],
        "Content-Length": [
          "0"
        ]
      },
      "ResponseBody": "",
      "StatusCode": 200
    },
    {
      "RequestUri": "/subscriptions/5b4b650e-28b9-4790-b3ab-ddbd88d727c4/providers/Microsoft.EventGrid/locations/westcentralus/operationResults/78EE7D41-771F-42D1-9E98-48823FF87E90?api-version=2019-06-01",
      "EncodedRequestUri": "L3N1YnNjcmlwdGlvbnMvNWI0YjY1MGUtMjhiOS00NzkwLWIzYWItZGRiZDg4ZDcyN2M0L3Byb3ZpZGVycy9NaWNyb3NvZnQuRXZlbnRHcmlkL2xvY2F0aW9ucy93ZXN0Y2VudHJhbHVzL29wZXJhdGlvblJlc3VsdHMvNzhFRTdENDEtNzcxRi00MkQxLTlFOTgtNDg4MjNGRjg3RTkwP2FwaS12ZXJzaW9uPTIwMTktMDYtMDE=",
      "RequestMethod": "GET",
      "RequestBody": "",
      "RequestHeaders": {
        "User-Agent": [
          "FxVersion/4.6.27617.04",
          "OSName/Windows",
          "OSVersion/Microsoft.Windows.10.0.18362.",
          "Microsoft.Azure.Management.EventGrid.EventGridManagementClient/5.0.0.0"
        ]
      },
      "ResponseHeaders": {
        "Cache-Control": [
          "no-cache"
        ],
        "Pragma": [
          "no-cache"
        ],
        "Strict-Transport-Security": [
          "max-age=31536000; includeSubDomains"
        ],
        "x-ms-request-id": [
          "f4dc13e7-e561-4622-b213-6f57aab4cd49"
        ],
        "Server": [
          "Microsoft-HTTPAPI/2.0"
        ],
        "x-ms-ratelimit-remaining-subscription-reads": [
          "11982"
        ],
        "x-ms-correlation-request-id": [
          "e3be95b2-6ced-433e-a6dd-94f723469992"
        ],
        "x-ms-routing-request-id": [
          "WESTUS:20190605T052102Z:e3be95b2-6ced-433e-a6dd-94f723469992"
        ],
        "X-Content-Type-Options": [
          "nosniff"
        ],
        "Date": [
          "Wed, 05 Jun 2019 05:21:02 GMT"
        ],
        "Expires": [
          "-1"
        ],
        "Content-Length": [
          "0"
        ]
      },
      "ResponseBody": "",
      "StatusCode": 200
    },
    {
      "RequestUri": "//subscriptions/5b4b650e-28b9-4790-b3ab-ddbd88d727c4/resourceGroups/RGName-ps2855/providers/Microsoft.EventGrid/domains/PSTestDomain-ps4069/providers/Microsoft.EventGrid/eventSubscriptions/EventSubscription-ps3550?api-version=2019-06-01",
      "EncodedRequestUri": "Ly9zdWJzY3JpcHRpb25zLzViNGI2NTBlLTI4YjktNDc5MC1iM2FiLWRkYmQ4OGQ3MjdjNC9yZXNvdXJjZUdyb3Vwcy9SR05hbWUtcHMyODU1L3Byb3ZpZGVycy9NaWNyb3NvZnQuRXZlbnRHcmlkL2RvbWFpbnMvUFNUZXN0RG9tYWluLXBzNDA2OS9wcm92aWRlcnMvTWljcm9zb2Z0LkV2ZW50R3JpZC9ldmVudFN1YnNjcmlwdGlvbnMvRXZlbnRTdWJzY3JpcHRpb24tcHMzNTUwP2FwaS12ZXJzaW9uPTIwMTktMDYtMDE=",
      "RequestMethod": "DELETE",
      "RequestBody": "",
      "RequestHeaders": {
        "x-ms-client-request-id": [
          "4228593a-c668-4571-a177-7e7d0b9a561c"
        ],
        "Accept-Language": [
          "en-US"
        ],
        "User-Agent": [
          "FxVersion/4.6.27617.04",
          "OSName/Windows",
          "OSVersion/Microsoft.Windows.10.0.18362.",
          "Microsoft.Azure.Management.EventGrid.EventGridManagementClient/5.0.0.0"
        ]
      },
      "ResponseHeaders": {
        "Cache-Control": [
          "no-cache"
        ],
        "Pragma": [
          "no-cache"
        ],
        "Location": [
          "https://management.azure.com/subscriptions/5b4b650e-28b9-4790-b3ab-ddbd88d727c4/providers/Microsoft.EventGrid/locations/westcentralus/operationResults/00447B47-B269-476F-ABC6-116E6A8F369F?api-version=2019-06-01"
        ],
        "Retry-After": [
          "10"
        ],
        "Strict-Transport-Security": [
          "max-age=31536000; includeSubDomains"
        ],
        "Server": [
          "Microsoft-HTTPAPI/2.0"
        ],
        "x-ms-ratelimit-remaining-subscription-deletes": [
          "14998"
        ],
        "x-ms-request-id": [
          "eba33bc0-235c-4662-b4c4-19f9193eabcc"
        ],
        "x-ms-correlation-request-id": [
          "eba33bc0-235c-4662-b4c4-19f9193eabcc"
        ],
        "x-ms-routing-request-id": [
          "WESTUS:20190605T052102Z:eba33bc0-235c-4662-b4c4-19f9193eabcc"
        ],
        "X-Content-Type-Options": [
          "nosniff"
        ],
        "Date": [
          "Wed, 05 Jun 2019 05:21:02 GMT"
        ],
        "Expires": [
          "-1"
        ],
        "Content-Length": [
          "0"
        ]
      },
      "ResponseBody": "",
      "StatusCode": 202
    },
    {
      "RequestUri": "/subscriptions/5b4b650e-28b9-4790-b3ab-ddbd88d727c4/providers/Microsoft.EventGrid/locations/westcentralus/operationResults/00447B47-B269-476F-ABC6-116E6A8F369F?api-version=2019-06-01",
      "EncodedRequestUri": "L3N1YnNjcmlwdGlvbnMvNWI0YjY1MGUtMjhiOS00NzkwLWIzYWItZGRiZDg4ZDcyN2M0L3Byb3ZpZGVycy9NaWNyb3NvZnQuRXZlbnRHcmlkL2xvY2F0aW9ucy93ZXN0Y2VudHJhbHVzL29wZXJhdGlvblJlc3VsdHMvMDA0NDdCNDctQjI2OS00NzZGLUFCQzYtMTE2RTZBOEYzNjlGP2FwaS12ZXJzaW9uPTIwMTktMDYtMDE=",
      "RequestMethod": "GET",
      "RequestBody": "",
      "RequestHeaders": {
        "User-Agent": [
          "FxVersion/4.6.27617.04",
          "OSName/Windows",
          "OSVersion/Microsoft.Windows.10.0.18362.",
          "Microsoft.Azure.Management.EventGrid.EventGridManagementClient/5.0.0.0"
        ]
      },
      "ResponseHeaders": {
        "Cache-Control": [
          "no-cache"
        ],
        "Pragma": [
          "no-cache"
        ],
        "Strict-Transport-Security": [
          "max-age=31536000; includeSubDomains"
        ],
        "x-ms-request-id": [
          "ee6cc2e9-6989-4e42-b1b7-8051d0e12737"
        ],
        "Server": [
          "Microsoft-HTTPAPI/2.0"
        ],
        "x-ms-ratelimit-remaining-subscription-reads": [
          "11980"
        ],
        "x-ms-correlation-request-id": [
          "8750b0dd-b888-4895-900d-e308c357e636"
        ],
        "x-ms-routing-request-id": [
          "WESTUS:20190605T052112Z:8750b0dd-b888-4895-900d-e308c357e636"
        ],
        "X-Content-Type-Options": [
          "nosniff"
        ],
        "Date": [
          "Wed, 05 Jun 2019 05:21:12 GMT"
        ],
        "Expires": [
          "-1"
        ],
        "Content-Length": [
          "0"
        ]
      },
      "ResponseBody": "",
      "StatusCode": 200
    },
    {
      "RequestUri": "/subscriptions/5b4b650e-28b9-4790-b3ab-ddbd88d727c4/providers/Microsoft.EventGrid/locations/westcentralus/operationResults/00447B47-B269-476F-ABC6-116E6A8F369F?api-version=2019-06-01",
      "EncodedRequestUri": "L3N1YnNjcmlwdGlvbnMvNWI0YjY1MGUtMjhiOS00NzkwLWIzYWItZGRiZDg4ZDcyN2M0L3Byb3ZpZGVycy9NaWNyb3NvZnQuRXZlbnRHcmlkL2xvY2F0aW9ucy93ZXN0Y2VudHJhbHVzL29wZXJhdGlvblJlc3VsdHMvMDA0NDdCNDctQjI2OS00NzZGLUFCQzYtMTE2RTZBOEYzNjlGP2FwaS12ZXJzaW9uPTIwMTktMDYtMDE=",
      "RequestMethod": "GET",
      "RequestBody": "",
      "RequestHeaders": {
        "User-Agent": [
          "FxVersion/4.6.27617.04",
          "OSName/Windows",
          "OSVersion/Microsoft.Windows.10.0.18362.",
          "Microsoft.Azure.Management.EventGrid.EventGridManagementClient/5.0.0.0"
        ]
      },
      "ResponseHeaders": {
        "Cache-Control": [
          "no-cache"
        ],
        "Pragma": [
          "no-cache"
        ],
        "Strict-Transport-Security": [
          "max-age=31536000; includeSubDomains"
        ],
        "x-ms-request-id": [
          "56b854b8-afaa-49ed-a193-3b074afcab66"
        ],
        "Server": [
          "Microsoft-HTTPAPI/2.0"
        ],
        "x-ms-ratelimit-remaining-subscription-reads": [
          "11979"
        ],
        "x-ms-correlation-request-id": [
          "26fd0006-0b61-4f59-b259-17f63b52f848"
        ],
        "x-ms-routing-request-id": [
          "WESTUS:20190605T052112Z:26fd0006-0b61-4f59-b259-17f63b52f848"
        ],
        "X-Content-Type-Options": [
          "nosniff"
        ],
        "Date": [
          "Wed, 05 Jun 2019 05:21:12 GMT"
        ],
        "Expires": [
          "-1"
        ],
        "Content-Length": [
          "0"
        ]
      },
      "ResponseBody": "",
      "StatusCode": 200
    },
    {
      "RequestUri": "/subscriptions/5b4b650e-28b9-4790-b3ab-ddbd88d727c4/resourceGroups/RGName-ps2855/providers/Microsoft.EventGrid/domains/PSTestDomain-ps4069/topics/PSTestDomainTopic-ps4549?api-version=2019-06-01",
      "EncodedRequestUri": "L3N1YnNjcmlwdGlvbnMvNWI0YjY1MGUtMjhiOS00NzkwLWIzYWItZGRiZDg4ZDcyN2M0L3Jlc291cmNlR3JvdXBzL1JHTmFtZS1wczI4NTUvcHJvdmlkZXJzL01pY3Jvc29mdC5FdmVudEdyaWQvZG9tYWlucy9QU1Rlc3REb21haW4tcHM0MDY5L3RvcGljcy9QU1Rlc3REb21haW5Ub3BpYy1wczQ1NDk/YXBpLXZlcnNpb249MjAxOS0wNi0wMQ==",
      "RequestMethod": "GET",
      "RequestBody": "",
      "RequestHeaders": {
        "x-ms-client-request-id": [
          "122185d7-004b-480d-8682-581d30d861d9"
        ],
        "Accept-Language": [
          "en-US"
        ],
        "User-Agent": [
          "FxVersion/4.6.27617.04",
          "OSName/Windows",
          "OSVersion/Microsoft.Windows.10.0.18362.",
          "Microsoft.Azure.Management.EventGrid.EventGridManagementClient/5.0.0.0"
        ]
      },
      "ResponseHeaders": {
        "Cache-Control": [
          "no-cache"
        ],
        "Pragma": [
          "no-cache"
        ],
        "Strict-Transport-Security": [
          "max-age=31536000; includeSubDomains"
        ],
        "x-ms-request-id": [
          "99d861a8-c9c9-4b88-a893-93f303e1f389"
        ],
        "Server": [
          "Microsoft-HTTPAPI/2.0"
        ],
        "x-ms-ratelimit-remaining-subscription-reads": [
          "11978"
        ],
        "x-ms-correlation-request-id": [
          "b5cdaa19-ea96-4293-b784-dda967cd7dd2"
        ],
        "x-ms-routing-request-id": [
          "WESTUS:20190605T052113Z:b5cdaa19-ea96-4293-b784-dda967cd7dd2"
        ],
        "X-Content-Type-Options": [
          "nosniff"
        ],
        "Date": [
          "Wed, 05 Jun 2019 05:21:12 GMT"
        ],
        "Content-Length": [
          "304"
        ],
        "Content-Type": [
          "application/json; charset=utf-8"
        ],
        "Expires": [
          "-1"
        ]
      },
      "ResponseBody": "{\r\n  \"properties\": {\r\n    \"provisioningState\": \"Succeeded\"\r\n  },\r\n  \"id\": \"/subscriptions/5b4b650e-28b9-4790-b3ab-ddbd88d727c4/resourceGroups/rgname-ps2855/providers/Microsoft.EventGrid/domains/pstestdomain-ps4069/topics/pstestdomaintopic-ps4549\",\r\n  \"name\": \"pstestdomaintopic-ps4549\",\r\n  \"type\": \"Microsoft.EventGrid/domains/topics\"\r\n}",
      "StatusCode": 200
    },
    {
      "RequestUri": "//subscriptions/5b4b650e-28b9-4790-b3ab-ddbd88d727c4/resourceGroups/rgname-ps2855/providers/Microsoft.EventGrid/domains/pstestdomain-ps4069/topics/pstestdomaintopic-ps4549/providers/Microsoft.EventGrid/eventSubscriptions/EventSubscription-ps3550?api-version=2019-06-01",
      "EncodedRequestUri": "Ly9zdWJzY3JpcHRpb25zLzViNGI2NTBlLTI4YjktNDc5MC1iM2FiLWRkYmQ4OGQ3MjdjNC9yZXNvdXJjZUdyb3Vwcy9yZ25hbWUtcHMyODU1L3Byb3ZpZGVycy9NaWNyb3NvZnQuRXZlbnRHcmlkL2RvbWFpbnMvcHN0ZXN0ZG9tYWluLXBzNDA2OS90b3BpY3MvcHN0ZXN0ZG9tYWludG9waWMtcHM0NTQ5L3Byb3ZpZGVycy9NaWNyb3NvZnQuRXZlbnRHcmlkL2V2ZW50U3Vic2NyaXB0aW9ucy9FdmVudFN1YnNjcmlwdGlvbi1wczM1NTA/YXBpLXZlcnNpb249MjAxOS0wNi0wMQ==",
      "RequestMethod": "DELETE",
      "RequestBody": "",
      "RequestHeaders": {
        "x-ms-client-request-id": [
          "753d0f87-ed3d-44bc-9fed-3c0320d9763d"
        ],
        "Accept-Language": [
          "en-US"
        ],
        "User-Agent": [
          "FxVersion/4.6.27617.04",
          "OSName/Windows",
          "OSVersion/Microsoft.Windows.10.0.18362.",
          "Microsoft.Azure.Management.EventGrid.EventGridManagementClient/5.0.0.0"
        ]
      },
      "ResponseHeaders": {
        "Cache-Control": [
          "no-cache"
        ],
        "Pragma": [
          "no-cache"
        ],
        "Location": [
          "https://management.azure.com/subscriptions/5b4b650e-28b9-4790-b3ab-ddbd88d727c4/providers/Microsoft.EventGrid/locations/westcentralus/operationResults/0FA0B8E9-E97E-4CD1-9CF5-53EFC023D38F?api-version=2019-06-01"
        ],
        "Retry-After": [
          "10"
        ],
        "Strict-Transport-Security": [
          "max-age=31536000; includeSubDomains"
        ],
        "Server": [
          "Microsoft-HTTPAPI/2.0"
        ],
        "x-ms-ratelimit-remaining-subscription-deletes": [
          "14997"
        ],
        "x-ms-request-id": [
          "fa557620-30fc-45ac-a93b-548bb056346c"
        ],
        "x-ms-correlation-request-id": [
          "fa557620-30fc-45ac-a93b-548bb056346c"
        ],
        "x-ms-routing-request-id": [
          "WESTUS:20190605T052113Z:fa557620-30fc-45ac-a93b-548bb056346c"
        ],
        "X-Content-Type-Options": [
          "nosniff"
        ],
        "Date": [
          "Wed, 05 Jun 2019 05:21:13 GMT"
        ],
        "Expires": [
          "-1"
        ],
        "Content-Length": [
          "0"
        ]
      },
      "ResponseBody": "",
      "StatusCode": 202
    },
    {
      "RequestUri": "/subscriptions/5b4b650e-28b9-4790-b3ab-ddbd88d727c4/providers/Microsoft.EventGrid/locations/westcentralus/operationResults/0FA0B8E9-E97E-4CD1-9CF5-53EFC023D38F?api-version=2019-06-01",
      "EncodedRequestUri": "L3N1YnNjcmlwdGlvbnMvNWI0YjY1MGUtMjhiOS00NzkwLWIzYWItZGRiZDg4ZDcyN2M0L3Byb3ZpZGVycy9NaWNyb3NvZnQuRXZlbnRHcmlkL2xvY2F0aW9ucy93ZXN0Y2VudHJhbHVzL29wZXJhdGlvblJlc3VsdHMvMEZBMEI4RTktRTk3RS00Q0QxLTlDRjUtNTNFRkMwMjNEMzhGP2FwaS12ZXJzaW9uPTIwMTktMDYtMDE=",
      "RequestMethod": "GET",
      "RequestBody": "",
      "RequestHeaders": {
        "User-Agent": [
          "FxVersion/4.6.27617.04",
          "OSName/Windows",
          "OSVersion/Microsoft.Windows.10.0.18362.",
          "Microsoft.Azure.Management.EventGrid.EventGridManagementClient/5.0.0.0"
        ]
      },
      "ResponseHeaders": {
        "Cache-Control": [
          "no-cache"
        ],
        "Pragma": [
          "no-cache"
        ],
        "Strict-Transport-Security": [
          "max-age=31536000; includeSubDomains"
        ],
        "x-ms-request-id": [
          "c26def1b-bdfb-4021-b963-b28e20a6d4d1"
        ],
        "Server": [
          "Microsoft-HTTPAPI/2.0"
        ],
        "x-ms-ratelimit-remaining-subscription-reads": [
          "11977"
        ],
        "x-ms-correlation-request-id": [
          "27eb1b03-9ec5-4089-be9a-3b9ec4a66132"
        ],
        "x-ms-routing-request-id": [
          "WESTUS:20190605T052123Z:27eb1b03-9ec5-4089-be9a-3b9ec4a66132"
        ],
        "X-Content-Type-Options": [
          "nosniff"
        ],
        "Date": [
          "Wed, 05 Jun 2019 05:21:23 GMT"
        ],
        "Expires": [
          "-1"
        ],
        "Content-Length": [
          "0"
        ]
      },
      "ResponseBody": "",
      "StatusCode": 200
    },
    {
      "RequestUri": "/subscriptions/5b4b650e-28b9-4790-b3ab-ddbd88d727c4/providers/Microsoft.EventGrid/locations/westcentralus/operationResults/0FA0B8E9-E97E-4CD1-9CF5-53EFC023D38F?api-version=2019-06-01",
      "EncodedRequestUri": "L3N1YnNjcmlwdGlvbnMvNWI0YjY1MGUtMjhiOS00NzkwLWIzYWItZGRiZDg4ZDcyN2M0L3Byb3ZpZGVycy9NaWNyb3NvZnQuRXZlbnRHcmlkL2xvY2F0aW9ucy93ZXN0Y2VudHJhbHVzL29wZXJhdGlvblJlc3VsdHMvMEZBMEI4RTktRTk3RS00Q0QxLTlDRjUtNTNFRkMwMjNEMzhGP2FwaS12ZXJzaW9uPTIwMTktMDYtMDE=",
      "RequestMethod": "GET",
      "RequestBody": "",
      "RequestHeaders": {
        "User-Agent": [
          "FxVersion/4.6.27617.04",
          "OSName/Windows",
          "OSVersion/Microsoft.Windows.10.0.18362.",
          "Microsoft.Azure.Management.EventGrid.EventGridManagementClient/5.0.0.0"
        ]
      },
      "ResponseHeaders": {
        "Cache-Control": [
          "no-cache"
        ],
        "Pragma": [
          "no-cache"
        ],
        "Strict-Transport-Security": [
          "max-age=31536000; includeSubDomains"
        ],
        "x-ms-request-id": [
          "42056bd5-df2a-46f1-a341-7a18b25b959a"
        ],
        "Server": [
          "Microsoft-HTTPAPI/2.0"
        ],
        "x-ms-ratelimit-remaining-subscription-reads": [
          "11976"
        ],
        "x-ms-correlation-request-id": [
          "709fda5e-09a3-4c36-95ba-005b18cd7052"
        ],
        "x-ms-routing-request-id": [
          "WESTUS:20190605T052123Z:709fda5e-09a3-4c36-95ba-005b18cd7052"
        ],
        "X-Content-Type-Options": [
          "nosniff"
        ],
        "Date": [
          "Wed, 05 Jun 2019 05:21:23 GMT"
        ],
        "Expires": [
          "-1"
        ],
        "Content-Length": [
          "0"
        ]
      },
      "ResponseBody": "",
      "StatusCode": 200
    },
    {
      "RequestUri": "/subscriptions/5b4b650e-28b9-4790-b3ab-ddbd88d727c4/resourceGroups/RGName-ps2855/providers/Microsoft.EventGrid/topics/PSTestTopic-ps7960?api-version=2019-06-01",
      "EncodedRequestUri": "L3N1YnNjcmlwdGlvbnMvNWI0YjY1MGUtMjhiOS00NzkwLWIzYWItZGRiZDg4ZDcyN2M0L3Jlc291cmNlR3JvdXBzL1JHTmFtZS1wczI4NTUvcHJvdmlkZXJzL01pY3Jvc29mdC5FdmVudEdyaWQvdG9waWNzL1BTVGVzdFRvcGljLXBzNzk2MD9hcGktdmVyc2lvbj0yMDE5LTA2LTAx",
      "RequestMethod": "DELETE",
      "RequestBody": "",
      "RequestHeaders": {
        "x-ms-client-request-id": [
          "f93ae2be-053d-4960-8ba6-fe09a2387473"
        ],
        "Accept-Language": [
          "en-US"
        ],
        "User-Agent": [
          "FxVersion/4.6.27617.04",
          "OSName/Windows",
          "OSVersion/Microsoft.Windows.10.0.18362.",
          "Microsoft.Azure.Management.EventGrid.EventGridManagementClient/5.0.0.0"
        ]
      },
      "ResponseHeaders": {
        "Cache-Control": [
          "no-cache"
        ],
        "Pragma": [
          "no-cache"
        ],
        "Location": [
          "https://management.azure.com/subscriptions/5b4b650e-28b9-4790-b3ab-ddbd88d727c4/providers/Microsoft.EventGrid/locations/westcentralus/operationResults/A6D38A10-FB6D-4B84-AA33-4AB525CDEF8A?api-version=2019-06-01"
        ],
        "Retry-After": [
          "10"
        ],
        "Strict-Transport-Security": [
          "max-age=31536000; includeSubDomains"
        ],
        "Server": [
          "Microsoft-HTTPAPI/2.0"
        ],
        "x-ms-ratelimit-remaining-subscription-deletes": [
          "14996"
        ],
        "x-ms-request-id": [
          "50711a7d-aa1a-4abe-8d06-769e86e9eb17"
        ],
        "x-ms-correlation-request-id": [
          "50711a7d-aa1a-4abe-8d06-769e86e9eb17"
        ],
        "x-ms-routing-request-id": [
          "WESTUS:20190605T052123Z:50711a7d-aa1a-4abe-8d06-769e86e9eb17"
        ],
        "X-Content-Type-Options": [
          "nosniff"
        ],
        "Date": [
          "Wed, 05 Jun 2019 05:21:23 GMT"
        ],
        "Expires": [
          "-1"
        ],
        "Content-Length": [
          "0"
        ]
      },
      "ResponseBody": "",
      "StatusCode": 202
    },
    {
      "RequestUri": "/subscriptions/5b4b650e-28b9-4790-b3ab-ddbd88d727c4/providers/Microsoft.EventGrid/locations/westcentralus/operationResults/A6D38A10-FB6D-4B84-AA33-4AB525CDEF8A?api-version=2019-06-01",
      "EncodedRequestUri": "L3N1YnNjcmlwdGlvbnMvNWI0YjY1MGUtMjhiOS00NzkwLWIzYWItZGRiZDg4ZDcyN2M0L3Byb3ZpZGVycy9NaWNyb3NvZnQuRXZlbnRHcmlkL2xvY2F0aW9ucy93ZXN0Y2VudHJhbHVzL29wZXJhdGlvblJlc3VsdHMvQTZEMzhBMTAtRkI2RC00Qjg0LUFBMzMtNEFCNTI1Q0RFRjhBP2FwaS12ZXJzaW9uPTIwMTktMDYtMDE=",
      "RequestMethod": "GET",
      "RequestBody": "",
      "RequestHeaders": {
        "User-Agent": [
          "FxVersion/4.6.27617.04",
          "OSName/Windows",
          "OSVersion/Microsoft.Windows.10.0.18362.",
          "Microsoft.Azure.Management.EventGrid.EventGridManagementClient/5.0.0.0"
        ]
      },
      "ResponseHeaders": {
        "Cache-Control": [
          "no-cache"
        ],
        "Pragma": [
          "no-cache"
        ],
        "Strict-Transport-Security": [
          "max-age=31536000; includeSubDomains"
        ],
        "x-ms-request-id": [
          "68af1e8d-3137-4b0d-b569-9c6b131a4062"
        ],
        "Server": [
          "Microsoft-HTTPAPI/2.0"
        ],
        "x-ms-ratelimit-remaining-subscription-reads": [
          "11975"
        ],
        "x-ms-correlation-request-id": [
          "d0d820e4-71e2-4c6b-882e-6007cf03ad60"
        ],
        "x-ms-routing-request-id": [
          "WESTUS:20190605T052133Z:d0d820e4-71e2-4c6b-882e-6007cf03ad60"
        ],
        "X-Content-Type-Options": [
          "nosniff"
        ],
        "Date": [
          "Wed, 05 Jun 2019 05:21:33 GMT"
        ],
        "Expires": [
          "-1"
        ],
        "Content-Length": [
          "0"
        ]
      },
      "ResponseBody": "",
      "StatusCode": 200
    },
    {
      "RequestUri": "/subscriptions/5b4b650e-28b9-4790-b3ab-ddbd88d727c4/providers/Microsoft.EventGrid/locations/westcentralus/operationResults/A6D38A10-FB6D-4B84-AA33-4AB525CDEF8A?api-version=2019-06-01",
      "EncodedRequestUri": "L3N1YnNjcmlwdGlvbnMvNWI0YjY1MGUtMjhiOS00NzkwLWIzYWItZGRiZDg4ZDcyN2M0L3Byb3ZpZGVycy9NaWNyb3NvZnQuRXZlbnRHcmlkL2xvY2F0aW9ucy93ZXN0Y2VudHJhbHVzL29wZXJhdGlvblJlc3VsdHMvQTZEMzhBMTAtRkI2RC00Qjg0LUFBMzMtNEFCNTI1Q0RFRjhBP2FwaS12ZXJzaW9uPTIwMTktMDYtMDE=",
      "RequestMethod": "GET",
      "RequestBody": "",
      "RequestHeaders": {
        "User-Agent": [
          "FxVersion/4.6.27617.04",
          "OSName/Windows",
          "OSVersion/Microsoft.Windows.10.0.18362.",
          "Microsoft.Azure.Management.EventGrid.EventGridManagementClient/5.0.0.0"
        ]
      },
      "ResponseHeaders": {
        "Cache-Control": [
          "no-cache"
        ],
        "Pragma": [
          "no-cache"
        ],
        "Strict-Transport-Security": [
          "max-age=31536000; includeSubDomains"
        ],
        "x-ms-request-id": [
          "e317b110-4ba5-4bb1-ba92-0542d5f4fb31"
        ],
        "Server": [
          "Microsoft-HTTPAPI/2.0"
        ],
        "x-ms-ratelimit-remaining-subscription-reads": [
          "11974"
        ],
        "x-ms-correlation-request-id": [
          "e4f19f20-ffb9-469a-8bc6-255196156c34"
        ],
        "x-ms-routing-request-id": [
          "WESTUS:20190605T052134Z:e4f19f20-ffb9-469a-8bc6-255196156c34"
        ],
        "X-Content-Type-Options": [
          "nosniff"
        ],
        "Date": [
          "Wed, 05 Jun 2019 05:21:33 GMT"
        ],
        "Expires": [
          "-1"
        ],
        "Content-Length": [
          "0"
        ]
      },
      "ResponseBody": "",
      "StatusCode": 200
    },
    {
      "RequestUri": "/subscriptions/5b4b650e-28b9-4790-b3ab-ddbd88d727c4/resourceGroups/RGName-ps2855/providers/Microsoft.EventGrid/domains/PSTestDomain-ps4069?api-version=2019-06-01",
      "EncodedRequestUri": "L3N1YnNjcmlwdGlvbnMvNWI0YjY1MGUtMjhiOS00NzkwLWIzYWItZGRiZDg4ZDcyN2M0L3Jlc291cmNlR3JvdXBzL1JHTmFtZS1wczI4NTUvcHJvdmlkZXJzL01pY3Jvc29mdC5FdmVudEdyaWQvZG9tYWlucy9QU1Rlc3REb21haW4tcHM0MDY5P2FwaS12ZXJzaW9uPTIwMTktMDYtMDE=",
      "RequestMethod": "DELETE",
      "RequestBody": "",
      "RequestHeaders": {
        "x-ms-client-request-id": [
          "c0096474-5f90-47e3-aa20-4bf6cdcfced8"
        ],
        "Accept-Language": [
          "en-US"
        ],
        "User-Agent": [
          "FxVersion/4.6.27617.04",
          "OSName/Windows",
          "OSVersion/Microsoft.Windows.10.0.18362.",
          "Microsoft.Azure.Management.EventGrid.EventGridManagementClient/5.0.0.0"
        ]
      },
      "ResponseHeaders": {
        "Cache-Control": [
          "no-cache"
        ],
        "Pragma": [
          "no-cache"
        ],
        "Location": [
          "https://management.azure.com/subscriptions/5b4b650e-28b9-4790-b3ab-ddbd88d727c4/providers/Microsoft.EventGrid/locations/westcentralus/operationResults/CFEBAE69-6F27-4E8F-8128-428C15DD234B?api-version=2019-06-01"
        ],
        "Retry-After": [
          "10"
        ],
        "Strict-Transport-Security": [
          "max-age=31536000; includeSubDomains"
        ],
        "Server": [
          "Microsoft-HTTPAPI/2.0"
        ],
        "x-ms-ratelimit-remaining-subscription-deletes": [
          "14995"
        ],
        "x-ms-request-id": [
          "af648b6c-3593-4f0f-bd0c-b22cecb63f7d"
        ],
        "x-ms-correlation-request-id": [
          "af648b6c-3593-4f0f-bd0c-b22cecb63f7d"
        ],
        "x-ms-routing-request-id": [
          "WESTUS:20190605T052134Z:af648b6c-3593-4f0f-bd0c-b22cecb63f7d"
        ],
        "X-Content-Type-Options": [
          "nosniff"
        ],
        "Date": [
          "Wed, 05 Jun 2019 05:21:33 GMT"
        ],
        "Expires": [
          "-1"
        ],
        "Content-Length": [
          "0"
        ]
      },
      "ResponseBody": "",
      "StatusCode": 202
    },
    {
      "RequestUri": "/subscriptions/5b4b650e-28b9-4790-b3ab-ddbd88d727c4/providers/Microsoft.EventGrid/locations/westcentralus/operationResults/CFEBAE69-6F27-4E8F-8128-428C15DD234B?api-version=2019-06-01",
      "EncodedRequestUri": "L3N1YnNjcmlwdGlvbnMvNWI0YjY1MGUtMjhiOS00NzkwLWIzYWItZGRiZDg4ZDcyN2M0L3Byb3ZpZGVycy9NaWNyb3NvZnQuRXZlbnRHcmlkL2xvY2F0aW9ucy93ZXN0Y2VudHJhbHVzL29wZXJhdGlvblJlc3VsdHMvQ0ZFQkFFNjktNkYyNy00RThGLTgxMjgtNDI4QzE1REQyMzRCP2FwaS12ZXJzaW9uPTIwMTktMDYtMDE=",
      "RequestMethod": "GET",
      "RequestBody": "",
      "RequestHeaders": {
        "User-Agent": [
          "FxVersion/4.6.27617.04",
          "OSName/Windows",
          "OSVersion/Microsoft.Windows.10.0.18362.",
          "Microsoft.Azure.Management.EventGrid.EventGridManagementClient/5.0.0.0"
        ]
      },
      "ResponseHeaders": {
        "Cache-Control": [
          "no-cache"
        ],
        "Pragma": [
          "no-cache"
        ],
        "Strict-Transport-Security": [
          "max-age=31536000; includeSubDomains"
        ],
        "x-ms-request-id": [
          "65dff5cf-03ec-4a42-a9ab-0663b060ee46"
        ],
        "Server": [
          "Microsoft-HTTPAPI/2.0"
        ],
        "x-ms-ratelimit-remaining-subscription-reads": [
          "11973"
        ],
        "x-ms-correlation-request-id": [
          "2d3ac5a1-1036-4cd8-b9f2-dcc3eba64f2a"
        ],
        "x-ms-routing-request-id": [
          "WESTUS:20190605T052144Z:2d3ac5a1-1036-4cd8-b9f2-dcc3eba64f2a"
        ],
        "X-Content-Type-Options": [
          "nosniff"
        ],
        "Date": [
          "Wed, 05 Jun 2019 05:21:43 GMT"
        ],
        "Expires": [
          "-1"
        ],
        "Content-Length": [
          "0"
        ]
      },
      "ResponseBody": "",
      "StatusCode": 200
    },
    {
      "RequestUri": "/subscriptions/5b4b650e-28b9-4790-b3ab-ddbd88d727c4/providers/Microsoft.EventGrid/locations/westcentralus/operationResults/CFEBAE69-6F27-4E8F-8128-428C15DD234B?api-version=2019-06-01",
      "EncodedRequestUri": "L3N1YnNjcmlwdGlvbnMvNWI0YjY1MGUtMjhiOS00NzkwLWIzYWItZGRiZDg4ZDcyN2M0L3Byb3ZpZGVycy9NaWNyb3NvZnQuRXZlbnRHcmlkL2xvY2F0aW9ucy93ZXN0Y2VudHJhbHVzL29wZXJhdGlvblJlc3VsdHMvQ0ZFQkFFNjktNkYyNy00RThGLTgxMjgtNDI4QzE1REQyMzRCP2FwaS12ZXJzaW9uPTIwMTktMDYtMDE=",
      "RequestMethod": "GET",
      "RequestBody": "",
      "RequestHeaders": {
        "User-Agent": [
          "FxVersion/4.6.27617.04",
          "OSName/Windows",
          "OSVersion/Microsoft.Windows.10.0.18362.",
          "Microsoft.Azure.Management.EventGrid.EventGridManagementClient/5.0.0.0"
        ]
      },
      "ResponseHeaders": {
        "Cache-Control": [
          "no-cache"
        ],
        "Pragma": [
          "no-cache"
        ],
        "Strict-Transport-Security": [
          "max-age=31536000; includeSubDomains"
        ],
        "x-ms-request-id": [
          "41b6d587-00b0-42ca-9368-ca14cb3db629"
        ],
        "Server": [
          "Microsoft-HTTPAPI/2.0"
        ],
        "x-ms-ratelimit-remaining-subscription-reads": [
          "11972"
        ],
        "x-ms-correlation-request-id": [
          "df5e6fc0-123d-4339-8697-7854d6fe6c6a"
        ],
        "x-ms-routing-request-id": [
          "WESTUS:20190605T052144Z:df5e6fc0-123d-4339-8697-7854d6fe6c6a"
        ],
        "X-Content-Type-Options": [
          "nosniff"
        ],
        "Date": [
          "Wed, 05 Jun 2019 05:21:43 GMT"
        ],
        "Expires": [
          "-1"
        ],
        "Content-Length": [
          "0"
        ]
      },
      "ResponseBody": "",
      "StatusCode": 200
    },
    {
      "RequestUri": "/subscriptions/5b4b650e-28b9-4790-b3ab-ddbd88d727c4/resourceGroups/RGName-ps2855/providers/Microsoft.Storage/storageAccounts/storagenameps5992?api-version=2019-06-01",
      "EncodedRequestUri": "L3N1YnNjcmlwdGlvbnMvNWI0YjY1MGUtMjhiOS00NzkwLWIzYWItZGRiZDg4ZDcyN2M0L3Jlc291cmNlR3JvdXBzL1JHTmFtZS1wczI4NTUvcHJvdmlkZXJzL01pY3Jvc29mdC5TdG9yYWdlL3N0b3JhZ2VBY2NvdW50cy9zdG9yYWdlbmFtZXBzNTk5Mj9hcGktdmVyc2lvbj0yMDE5LTA2LTAx",
      "RequestMethod": "DELETE",
      "RequestBody": "",
      "RequestHeaders": {
        "x-ms-client-request-id": [
          "f26bfa8b-bcb2-423b-aa1e-e7c3a5bdad87"
        ],
        "Accept-Language": [
          "en-US"
        ],
        "User-Agent": [
          "FxVersion/4.6.27617.04",
          "OSName/Windows",
          "OSVersion/Microsoft.Windows.10.0.18362.",
          "Microsoft.Azure.Management.Storage.StorageManagementClient/11.0.0.0"
        ]
      },
      "ResponseHeaders": {
        "Cache-Control": [
          "no-cache"
        ],
        "Pragma": [
          "no-cache"
        ],
        "x-ms-request-id": [
          "94a62457-f677-41c4-b3fe-3bc1acb29e2a"
        ],
        "Strict-Transport-Security": [
          "max-age=31536000; includeSubDomains"
        ],
        "Server": [
          "Microsoft-Azure-Storage-Resource-Provider/1.0,Microsoft-HTTPAPI/2.0 Microsoft-HTTPAPI/2.0"
        ],
        "x-ms-ratelimit-remaining-subscription-deletes": [
          "14999"
        ],
        "x-ms-correlation-request-id": [
          "9eba9bbc-b39b-4f88-ad1b-96bf8fb2a099"
        ],
        "x-ms-routing-request-id": [
          "WESTUS:20190605T052146Z:9eba9bbc-b39b-4f88-ad1b-96bf8fb2a099"
        ],
        "X-Content-Type-Options": [
          "nosniff"
        ],
        "Date": [
          "Wed, 05 Jun 2019 05:21:46 GMT"
        ],
        "Content-Type": [
          "text/plain; charset=utf-8"
        ],
        "Expires": [
          "-1"
        ],
        "Content-Length": [
          "0"
        ]
      },
      "ResponseBody": "",
      "StatusCode": 200
    },
    {
      "RequestUri": "/subscriptions/5b4b650e-28b9-4790-b3ab-ddbd88d727c4/resourcegroups/RGName-ps2855?api-version=2016-09-01",
      "EncodedRequestUri": "L3N1YnNjcmlwdGlvbnMvNWI0YjY1MGUtMjhiOS00NzkwLWIzYWItZGRiZDg4ZDcyN2M0L3Jlc291cmNlZ3JvdXBzL1JHTmFtZS1wczI4NTU/YXBpLXZlcnNpb249MjAxNi0wOS0wMQ==",
      "RequestMethod": "DELETE",
      "RequestBody": "",
      "RequestHeaders": {
        "x-ms-client-request-id": [
          "d915ec4d-2169-4ce4-aae1-82bd7967fff7"
        ],
        "Accept-Language": [
          "en-US"
        ],
        "User-Agent": [
          "FxVersion/4.6.27617.04",
          "OSName/Windows",
          "OSVersion/Microsoft.Windows.10.0.18362.",
          "Microsoft.Azure.Management.Internal.Resources.ResourceManagementClient/1.2.1"
        ]
      },
      "ResponseHeaders": {
        "Cache-Control": [
          "no-cache"
        ],
        "Pragma": [
          "no-cache"
        ],
        "Location": [
          "https://management.azure.com/subscriptions/5b4b650e-28b9-4790-b3ab-ddbd88d727c4/operationresults/eyJqb2JJZCI6IlJFU09VUkNFR1JPVVBERUxFVElPTkpPQi1SR05BTUU6MkRQUzI4NTUtV0VTVENFTlRSQUxVUyIsImpvYkxvY2F0aW9uIjoid2VzdGNlbnRyYWx1cyJ9?api-version=2016-09-01"
        ],
        "Retry-After": [
          "15"
        ],
        "x-ms-ratelimit-remaining-subscription-deletes": [
          "14999"
        ],
        "x-ms-request-id": [
          "e117a611-7459-4bd1-a05a-f70ce73b5d41"
        ],
        "x-ms-correlation-request-id": [
          "e117a611-7459-4bd1-a05a-f70ce73b5d41"
        ],
        "x-ms-routing-request-id": [
          "WESTUS:20190605T052147Z:e117a611-7459-4bd1-a05a-f70ce73b5d41"
        ],
        "Strict-Transport-Security": [
          "max-age=31536000; includeSubDomains"
        ],
        "X-Content-Type-Options": [
          "nosniff"
        ],
        "Date": [
          "Wed, 05 Jun 2019 05:21:46 GMT"
        ],
        "Expires": [
          "-1"
        ],
        "Content-Length": [
          "0"
        ]
      },
      "ResponseBody": "",
      "StatusCode": 202
    },
    {
      "RequestUri": "/subscriptions/5b4b650e-28b9-4790-b3ab-ddbd88d727c4/operationresults/eyJqb2JJZCI6IlJFU09VUkNFR1JPVVBERUxFVElPTkpPQi1SR05BTUU6MkRQUzI4NTUtV0VTVENFTlRSQUxVUyIsImpvYkxvY2F0aW9uIjoid2VzdGNlbnRyYWx1cyJ9?api-version=2016-09-01",
      "EncodedRequestUri": "L3N1YnNjcmlwdGlvbnMvNWI0YjY1MGUtMjhiOS00NzkwLWIzYWItZGRiZDg4ZDcyN2M0L29wZXJhdGlvbnJlc3VsdHMvZXlKcWIySkpaQ0k2SWxKRlUwOVZVa05GUjFKUFZWQkVSVXhGVkVsUFRrcFBRaTFTUjA1QlRVVTZNa1JRVXpJNE5UVXRWMFZUVkVORlRsUlNRVXhWVXlJc0ltcHZZa3h2WTJGMGFXOXVJam9pZDJWemRHTmxiblJ5WVd4MWN5Sjk/YXBpLXZlcnNpb249MjAxNi0wOS0wMQ==",
      "RequestMethod": "GET",
      "RequestBody": "",
      "RequestHeaders": {
        "User-Agent": [
          "FxVersion/4.6.27617.04",
          "OSName/Windows",
          "OSVersion/Microsoft.Windows.10.0.18362.",
          "Microsoft.Azure.Management.Internal.Resources.ResourceManagementClient/1.2.1"
        ]
      },
      "ResponseHeaders": {
        "Cache-Control": [
          "no-cache"
        ],
        "Pragma": [
          "no-cache"
        ],
        "Location": [
          "https://management.azure.com/subscriptions/5b4b650e-28b9-4790-b3ab-ddbd88d727c4/operationresults/eyJqb2JJZCI6IlJFU09VUkNFR1JPVVBERUxFVElPTkpPQi1SR05BTUU6MkRQUzI4NTUtV0VTVENFTlRSQUxVUyIsImpvYkxvY2F0aW9uIjoid2VzdGNlbnRyYWx1cyJ9?api-version=2016-09-01"
        ],
        "Retry-After": [
          "15"
        ],
        "x-ms-ratelimit-remaining-subscription-reads": [
          "11999"
        ],
        "x-ms-request-id": [
          "8575fd7b-7d9c-463d-96bb-0f907c60434a"
        ],
        "x-ms-correlation-request-id": [
          "8575fd7b-7d9c-463d-96bb-0f907c60434a"
        ],
        "x-ms-routing-request-id": [
          "WESTUS:20190605T052202Z:8575fd7b-7d9c-463d-96bb-0f907c60434a"
        ],
        "Strict-Transport-Security": [
          "max-age=31536000; includeSubDomains"
        ],
        "X-Content-Type-Options": [
          "nosniff"
        ],
        "Date": [
          "Wed, 05 Jun 2019 05:22:02 GMT"
        ],
        "Expires": [
          "-1"
        ],
        "Content-Length": [
          "0"
        ]
      },
      "ResponseBody": "",
      "StatusCode": 202
    },
    {
      "RequestUri": "/subscriptions/5b4b650e-28b9-4790-b3ab-ddbd88d727c4/operationresults/eyJqb2JJZCI6IlJFU09VUkNFR1JPVVBERUxFVElPTkpPQi1SR05BTUU6MkRQUzI4NTUtV0VTVENFTlRSQUxVUyIsImpvYkxvY2F0aW9uIjoid2VzdGNlbnRyYWx1cyJ9?api-version=2016-09-01",
      "EncodedRequestUri": "L3N1YnNjcmlwdGlvbnMvNWI0YjY1MGUtMjhiOS00NzkwLWIzYWItZGRiZDg4ZDcyN2M0L29wZXJhdGlvbnJlc3VsdHMvZXlKcWIySkpaQ0k2SWxKRlUwOVZVa05GUjFKUFZWQkVSVXhGVkVsUFRrcFBRaTFTUjA1QlRVVTZNa1JRVXpJNE5UVXRWMFZUVkVORlRsUlNRVXhWVXlJc0ltcHZZa3h2WTJGMGFXOXVJam9pZDJWemRHTmxiblJ5WVd4MWN5Sjk/YXBpLXZlcnNpb249MjAxNi0wOS0wMQ==",
      "RequestMethod": "GET",
      "RequestBody": "",
      "RequestHeaders": {
        "User-Agent": [
          "FxVersion/4.6.27617.04",
          "OSName/Windows",
          "OSVersion/Microsoft.Windows.10.0.18362.",
          "Microsoft.Azure.Management.Internal.Resources.ResourceManagementClient/1.2.1"
        ]
      },
      "ResponseHeaders": {
        "Cache-Control": [
          "no-cache"
        ],
        "Pragma": [
          "no-cache"
        ],
        "Location": [
          "https://management.azure.com/subscriptions/5b4b650e-28b9-4790-b3ab-ddbd88d727c4/operationresults/eyJqb2JJZCI6IlJFU09VUkNFR1JPVVBERUxFVElPTkpPQi1SR05BTUU6MkRQUzI4NTUtV0VTVENFTlRSQUxVUyIsImpvYkxvY2F0aW9uIjoid2VzdGNlbnRyYWx1cyJ9?api-version=2016-09-01"
        ],
        "Retry-After": [
          "15"
        ],
        "x-ms-ratelimit-remaining-subscription-reads": [
          "11998"
        ],
        "x-ms-request-id": [
          "48e63f89-ca21-4c8d-91e5-7868267b45ed"
        ],
        "x-ms-correlation-request-id": [
          "48e63f89-ca21-4c8d-91e5-7868267b45ed"
        ],
        "x-ms-routing-request-id": [
          "WESTUS:20190605T052218Z:48e63f89-ca21-4c8d-91e5-7868267b45ed"
        ],
        "Strict-Transport-Security": [
          "max-age=31536000; includeSubDomains"
        ],
        "X-Content-Type-Options": [
          "nosniff"
        ],
        "Date": [
          "Wed, 05 Jun 2019 05:22:17 GMT"
        ],
        "Expires": [
          "-1"
        ],
        "Content-Length": [
          "0"
        ]
      },
      "ResponseBody": "",
      "StatusCode": 202
    },
    {
      "RequestUri": "/subscriptions/5b4b650e-28b9-4790-b3ab-ddbd88d727c4/operationresults/eyJqb2JJZCI6IlJFU09VUkNFR1JPVVBERUxFVElPTkpPQi1SR05BTUU6MkRQUzI4NTUtV0VTVENFTlRSQUxVUyIsImpvYkxvY2F0aW9uIjoid2VzdGNlbnRyYWx1cyJ9?api-version=2016-09-01",
      "EncodedRequestUri": "L3N1YnNjcmlwdGlvbnMvNWI0YjY1MGUtMjhiOS00NzkwLWIzYWItZGRiZDg4ZDcyN2M0L29wZXJhdGlvbnJlc3VsdHMvZXlKcWIySkpaQ0k2SWxKRlUwOVZVa05GUjFKUFZWQkVSVXhGVkVsUFRrcFBRaTFTUjA1QlRVVTZNa1JRVXpJNE5UVXRWMFZUVkVORlRsUlNRVXhWVXlJc0ltcHZZa3h2WTJGMGFXOXVJam9pZDJWemRHTmxiblJ5WVd4MWN5Sjk/YXBpLXZlcnNpb249MjAxNi0wOS0wMQ==",
      "RequestMethod": "GET",
      "RequestBody": "",
      "RequestHeaders": {
        "User-Agent": [
          "FxVersion/4.6.27617.04",
          "OSName/Windows",
          "OSVersion/Microsoft.Windows.10.0.18362.",
          "Microsoft.Azure.Management.Internal.Resources.ResourceManagementClient/1.2.1"
        ]
      },
      "ResponseHeaders": {
        "Cache-Control": [
          "no-cache"
        ],
        "Pragma": [
          "no-cache"
        ],
        "x-ms-ratelimit-remaining-subscription-reads": [
          "11997"
        ],
        "x-ms-request-id": [
          "a3298c30-4de3-47dd-9847-8e69f5397797"
        ],
        "x-ms-correlation-request-id": [
          "a3298c30-4de3-47dd-9847-8e69f5397797"
        ],
        "x-ms-routing-request-id": [
          "WESTUS:20190605T052233Z:a3298c30-4de3-47dd-9847-8e69f5397797"
        ],
        "Strict-Transport-Security": [
          "max-age=31536000; includeSubDomains"
        ],
        "X-Content-Type-Options": [
          "nosniff"
        ],
        "Date": [
          "Wed, 05 Jun 2019 05:22:32 GMT"
        ],
        "Expires": [
          "-1"
        ],
        "Content-Length": [
          "0"
        ]
      },
      "ResponseBody": "",
      "StatusCode": 200
    },
    {
      "RequestUri": "/subscriptions/5b4b650e-28b9-4790-b3ab-ddbd88d727c4/operationresults/eyJqb2JJZCI6IlJFU09VUkNFR1JPVVBERUxFVElPTkpPQi1SR05BTUU6MkRQUzI4NTUtV0VTVENFTlRSQUxVUyIsImpvYkxvY2F0aW9uIjoid2VzdGNlbnRyYWx1cyJ9?api-version=2016-09-01",
      "EncodedRequestUri": "L3N1YnNjcmlwdGlvbnMvNWI0YjY1MGUtMjhiOS00NzkwLWIzYWItZGRiZDg4ZDcyN2M0L29wZXJhdGlvbnJlc3VsdHMvZXlKcWIySkpaQ0k2SWxKRlUwOVZVa05GUjFKUFZWQkVSVXhGVkVsUFRrcFBRaTFTUjA1QlRVVTZNa1JRVXpJNE5UVXRWMFZUVkVORlRsUlNRVXhWVXlJc0ltcHZZa3h2WTJGMGFXOXVJam9pZDJWemRHTmxiblJ5WVd4MWN5Sjk/YXBpLXZlcnNpb249MjAxNi0wOS0wMQ==",
      "RequestMethod": "GET",
      "RequestBody": "",
      "RequestHeaders": {
        "User-Agent": [
          "FxVersion/4.6.27617.04",
          "OSName/Windows",
          "OSVersion/Microsoft.Windows.10.0.18362.",
          "Microsoft.Azure.Management.Internal.Resources.ResourceManagementClient/1.2.1"
        ]
      },
      "ResponseHeaders": {
        "Cache-Control": [
          "no-cache"
        ],
        "Pragma": [
          "no-cache"
        ],
        "x-ms-ratelimit-remaining-subscription-reads": [
          "11996"
        ],
        "x-ms-request-id": [
          "ab8745e1-f0f8-4b96-bd11-27c9fda6225a"
        ],
        "x-ms-correlation-request-id": [
          "ab8745e1-f0f8-4b96-bd11-27c9fda6225a"
        ],
        "x-ms-routing-request-id": [
          "WESTUS:20190605T052233Z:ab8745e1-f0f8-4b96-bd11-27c9fda6225a"
        ],
        "Strict-Transport-Security": [
          "max-age=31536000; includeSubDomains"
        ],
        "X-Content-Type-Options": [
          "nosniff"
        ],
        "Date": [
          "Wed, 05 Jun 2019 05:22:32 GMT"
        ],
        "Expires": [
          "-1"
        ],
        "Content-Length": [
          "0"
        ]
      },
      "ResponseBody": "",
      "StatusCode": 200
    }
  ],
  "Names": {
    "": [
      "ps7960",
      "ps4069",
      "ps4549",
      "ps3550",
      "ps2855",
      "ps5992",
      "ps9375"
    ]
  },
  "Variables": {
    "SubscriptionId": "5b4b650e-28b9-4790-b3ab-ddbd88d727c4"
  }
}