{
  "Entries": [
    {
      "RequestUri": "/subscriptions/22219ba9-41d8-4b8f-b1e9-dc8a403b803d/resourcegroups/onesdk6721?api-version=2016-02-01",
      "EncodedRequestUri": "L3N1YnNjcmlwdGlvbnMvMjIyMTliYTktNDFkOC00YjhmLWIxZTktZGM4YTQwM2I4MDNkL3Jlc291cmNlZ3JvdXBzL29uZXNkazY3MjE/YXBpLXZlcnNpb249MjAxNi0wMi0wMQ==",
      "RequestMethod": "PUT",
      "RequestBody": "{\r\n  \"location\": \"West US\"\r\n}",
      "RequestHeaders": {
        "Content-Type": [
          "application/json; charset=utf-8"
        ],
        "Content-Length": [
          "29"
        ],
        "User-Agent": [
          "Microsoft.Azure.Management.Resources.ResourceManagementClient/2.0.0.0"
        ]
      },
      "ResponseBody": "{\r\n  \"id\": \"/subscriptions/22219ba9-41d8-4b8f-b1e9-dc8a403b803d/resourceGroups/onesdk6721\",\r\n  \"name\": \"onesdk6721\",\r\n  \"location\": \"westus\",\r\n  \"properties\": {\r\n    \"provisioningState\": \"Succeeded\"\r\n  }\r\n}",
      "ResponseHeaders": {
        "Content-Length": [
          "173"
        ],
        "Content-Type": [
          "application/json; charset=utf-8"
        ],
        "Expires": [
          "-1"
        ],
        "Pragma": [
          "no-cache"
        ],
        "x-ms-ratelimit-remaining-subscription-writes": [
          "1199"
        ],
        "x-ms-request-id": [
          "c4c06876-1597-4864-b5fd-bc7aabb693f3"
        ],
        "x-ms-correlation-request-id": [
          "c4c06876-1597-4864-b5fd-bc7aabb693f3"
        ],
        "x-ms-routing-request-id": [
          "CENTRALUS:20160725T183344Z:c4c06876-1597-4864-b5fd-bc7aabb693f3"
        ],
        "Strict-Transport-Security": [
          "max-age=31536000; includeSubDomains"
        ],
        "Cache-Control": [
          "no-cache"
        ],
        "Date": [
          "Mon, 25 Jul 2016 18:33:43 GMT"
        ]
      },
      "StatusCode": 201
    },
    {
      "RequestUri": "/subscriptions/22219ba9-41d8-4b8f-b1e9-dc8a403b803d/providers/Microsoft.Scheduler?api-version=2016-02-01",
      "EncodedRequestUri": "L3N1YnNjcmlwdGlvbnMvMjIyMTliYTktNDFkOC00YjhmLWIxZTktZGM4YTQwM2I4MDNkL3Byb3ZpZGVycy9NaWNyb3NvZnQuU2NoZWR1bGVyP2FwaS12ZXJzaW9uPTIwMTYtMDItMDE=",
      "RequestMethod": "GET",
      "RequestBody": "",
      "RequestHeaders": {
        "User-Agent": [
          "Microsoft.Azure.Management.Resources.ResourceManagementClient/2.0.0.0"
        ]
      },
      "ResponseBody": "{\r\n  \"id\": \"/subscriptions/22219ba9-41d8-4b8f-b1e9-dc8a403b803d/providers/Microsoft.Scheduler\",\r\n  \"namespace\": \"Microsoft.Scheduler\",\r\n  \"resourceTypes\": [\r\n    {\r\n      \"resourceType\": \"jobcollections\",\r\n      \"locations\": [\r\n        \"North Central US\",\r\n        \"South Central US\",\r\n        \"North Europe\",\r\n        \"West Europe\",\r\n        \"East Asia\",\r\n        \"Southeast Asia\",\r\n        \"West US\",\r\n        \"East US\",\r\n        \"Japan West\",\r\n        \"Japan East\",\r\n        \"Brazil South\",\r\n        \"Central US\",\r\n        \"East US 2\",\r\n        \"Canada Central\",\r\n        \"Canada East\",\r\n        \"West US 2\",\r\n        \"West Central US\"\r\n      ],\r\n      \"apiVersions\": [\r\n        \"2016-03-01\",\r\n        \"2016-01-01\",\r\n        \"2014-08-01-preview\"\r\n      ],\r\n      \"capabilities\": \"CrossResourceGroupResourceMove, CrossSubscriptionResourceMove\"\r\n    },\r\n    {\r\n      \"resourceType\": \"operations\",\r\n      \"locations\": [\r\n        \"North Central US\",\r\n        \"South Central US\",\r\n        \"North Europe\",\r\n        \"West Europe\",\r\n        \"East Asia\",\r\n        \"Southeast Asia\",\r\n        \"West US\",\r\n        \"East US\",\r\n        \"Japan West\",\r\n        \"Japan East\",\r\n        \"Brazil South\",\r\n        \"Central US\",\r\n        \"East US 2\",\r\n        \"Canada Central\",\r\n        \"Canada East\",\r\n        \"West US 2\",\r\n        \"West Central US\"\r\n      ],\r\n      \"apiVersions\": [\r\n        \"2016-03-01\",\r\n        \"2016-01-01\",\r\n        \"2014-08-01-preview\"\r\n      ]\r\n    },\r\n    {\r\n      \"resourceType\": \"operationResults\",\r\n      \"locations\": [\r\n        \"North Central US\",\r\n        \"South Central US\",\r\n        \"North Europe\",\r\n        \"West Europe\",\r\n        \"East Asia\",\r\n        \"Southeast Asia\",\r\n        \"West US\",\r\n        \"East US\",\r\n        \"Japan West\",\r\n        \"Japan East\",\r\n        \"Brazil South\",\r\n        \"Central US\",\r\n        \"East US 2\",\r\n        \"Canada Central\",\r\n        \"Canada East\",\r\n        \"West US 2\",\r\n        \"West Central US\"\r\n      ],\r\n      \"apiVersions\": [\r\n        \"2016-03-01\",\r\n        \"2016-01-01\",\r\n        \"2014-08-01-preview\"\r\n      ]\r\n    },\r\n    {\r\n      \"resourceType\": \"flows\",\r\n      \"locations\": [\r\n        \"North Central US\",\r\n        \"Central US\",\r\n        \"South Central US\",\r\n        \"North Europe\",\r\n        \"West Europe\",\r\n        \"East Asia\",\r\n        \"Southeast Asia\",\r\n        \"West US\",\r\n        \"East US\",\r\n        \"East US 2\",\r\n        \"Japan West\",\r\n        \"Japan East\",\r\n        \"Brazil South\"\r\n      ],\r\n      \"apiVersions\": [\r\n        \"2015-08-01-preview\",\r\n        \"2015-02-01-preview\"\r\n      ],\r\n      \"capabilities\": \"CrossResourceGroupResourceMove, CrossSubscriptionResourceMove\"\r\n    }\r\n  ],\r\n  \"registrationState\": \"Registered\"\r\n}",
      "ResponseHeaders": {
        "Content-Length": [
          "1672"
        ],
        "Content-Type": [
          "application/json; charset=utf-8"
        ],
        "Expires": [
          "-1"
        ],
        "Pragma": [
          "no-cache"
        ],
        "x-ms-ratelimit-remaining-subscription-reads": [
          "14999"
        ],
        "x-ms-request-id": [
          "7d69d3a8-e73a-4e7b-88e0-64591e266ad6"
        ],
        "x-ms-correlation-request-id": [
          "7d69d3a8-e73a-4e7b-88e0-64591e266ad6"
        ],
        "x-ms-routing-request-id": [
          "CENTRALUS:20160725T183344Z:7d69d3a8-e73a-4e7b-88e0-64591e266ad6"
        ],
        "Strict-Transport-Security": [
          "max-age=31536000; includeSubDomains"
        ],
        "Cache-Control": [
          "no-cache"
        ],
        "Date": [
          "Mon, 25 Jul 2016 18:33:44 GMT"
        ]
      },
      "StatusCode": 200
    },
    {
      "RequestUri": "/subscriptions/22219ba9-41d8-4b8f-b1e9-dc8a403b803d/resourcegroups/onesdk6721?api-version=2016-02-01",
      "EncodedRequestUri": "L3N1YnNjcmlwdGlvbnMvMjIyMTliYTktNDFkOC00YjhmLWIxZTktZGM4YTQwM2I4MDNkL3Jlc291cmNlZ3JvdXBzL29uZXNkazY3MjE/YXBpLXZlcnNpb249MjAxNi0wMi0wMQ==",
      "RequestMethod": "HEAD",
      "RequestBody": "",
      "RequestHeaders": {
        "User-Agent": [
          "Microsoft.Azure.Management.Resources.ResourceManagementClient/2.0.0.0"
        ]
      },
      "ResponseBody": "",
      "ResponseHeaders": {
        "Content-Length": [
          "0"
        ],
        "Expires": [
          "-1"
        ],
        "Pragma": [
          "no-cache"
        ],
        "x-ms-ratelimit-remaining-subscription-reads": [
          "14998"
        ],
        "x-ms-request-id": [
          "6a58a0a5-f355-4ed2-8ede-b662c803fd50"
        ],
        "x-ms-correlation-request-id": [
          "6a58a0a5-f355-4ed2-8ede-b662c803fd50"
        ],
        "x-ms-routing-request-id": [
          "CENTRALUS:20160725T183344Z:6a58a0a5-f355-4ed2-8ede-b662c803fd50"
        ],
        "Strict-Transport-Security": [
          "max-age=31536000; includeSubDomains"
        ],
        "Cache-Control": [
          "no-cache"
        ],
        "Date": [
          "Mon, 25 Jul 2016 18:33:44 GMT"
        ]
      },
      "StatusCode": 204
    },
    {
      "RequestUri": "/subscriptions/22219ba9-41d8-4b8f-b1e9-dc8a403b803d/resourceGroups/onesdk6721/providers/Microsoft.Scheduler/jobCollections/CreateJobCollectionWithNonDefaultParams?api-version=2016-03-01",
      "EncodedRequestUri": "L3N1YnNjcmlwdGlvbnMvMjIyMTliYTktNDFkOC00YjhmLWIxZTktZGM4YTQwM2I4MDNkL3Jlc291cmNlR3JvdXBzL29uZXNkazY3MjEvcHJvdmlkZXJzL01pY3Jvc29mdC5TY2hlZHVsZXIvam9iQ29sbGVjdGlvbnMvQ3JlYXRlSm9iQ29sbGVjdGlvbldpdGhOb25EZWZhdWx0UGFyYW1zP2FwaS12ZXJzaW9uPTIwMTYtMDMtMDE=",
      "RequestMethod": "GET",
      "RequestBody": "",
      "RequestHeaders": {
        "x-ms-client-request-id": [
          "df02ff60-e425-4c07-a21e-8bda1378f68b"
        ],
        "accept-language": [
          "en-US"
        ],
        "User-Agent": [
          "Microsoft.Azure.Management.Scheduler.SchedulerManagementClient/2.0.0.0"
        ]
      },
      "ResponseBody": "{\r\n  \"error\": {\r\n    \"code\": \"ResourceNotFound\",\r\n    \"message\": \"The Resource 'Microsoft.Scheduler/jobcollections/CreateJobCollectionWithNonDefaultParams' under resource group 'onesdk6721' was not found.\"\r\n  }\r\n}",
      "ResponseHeaders": {
        "Content-Length": [
          "188"
        ],
        "Content-Type": [
          "application/json; charset=utf-8"
        ],
        "Expires": [
          "-1"
        ],
        "Pragma": [
          "no-cache"
        ],
        "x-ms-failure-cause": [
          "gateway"
        ],
        "x-ms-request-id": [
          "8ae0e1ba-00c3-4a14-a73c-63d5c539ad4b"
        ],
        "x-ms-correlation-request-id": [
          "8ae0e1ba-00c3-4a14-a73c-63d5c539ad4b"
        ],
        "x-ms-routing-request-id": [
          "CENTRALUS:20160725T183345Z:8ae0e1ba-00c3-4a14-a73c-63d5c539ad4b"
        ],
        "Strict-Transport-Security": [
          "max-age=31536000; includeSubDomains"
        ],
        "Cache-Control": [
          "no-cache"
        ],
        "Date": [
          "Mon, 25 Jul 2016 18:33:44 GMT"
        ]
      },
      "StatusCode": 404
    },
    {
      "RequestUri": "/subscriptions/22219ba9-41d8-4b8f-b1e9-dc8a403b803d/resourceGroups/onesdk6721/providers/Microsoft.Scheduler/jobCollections/CreateJobCollectionWithNonDefaultParams?api-version=2016-03-01",
      "EncodedRequestUri": "L3N1YnNjcmlwdGlvbnMvMjIyMTliYTktNDFkOC00YjhmLWIxZTktZGM4YTQwM2I4MDNkL3Jlc291cmNlR3JvdXBzL29uZXNkazY3MjEvcHJvdmlkZXJzL01pY3Jvc29mdC5TY2hlZHVsZXIvam9iQ29sbGVjdGlvbnMvQ3JlYXRlSm9iQ29sbGVjdGlvbldpdGhOb25EZWZhdWx0UGFyYW1zP2FwaS12ZXJzaW9uPTIwMTYtMDMtMDE=",
      "RequestMethod": "PUT",
      "RequestBody": "{\r\n  \"name\": \"CreateJobCollectionWithNonDefaultParams\",\r\n  \"location\": \"West US\",\r\n  \"properties\": {\r\n    \"sku\": {\r\n      \"name\": \"Standard\"\r\n    },\r\n    \"quota\": {\r\n      \"maxJobCount\": 49,\r\n      \"maxRecurrence\": {\r\n        \"frequency\": \"Minute\",\r\n        \"interval\": 3\r\n      }\r\n    }\r\n  }\r\n}",
      "RequestHeaders": {
        "Content-Type": [
          "application/json; charset=utf-8"
        ],
        "Content-Length": [
          "295"
        ],
        "x-ms-client-request-id": [
          "6476b5bb-e2dc-4ef2-8a16-5dfab0ce297b"
        ],
        "accept-language": [
          "en-US"
        ],
        "User-Agent": [
          "Microsoft.Azure.Management.Scheduler.SchedulerManagementClient/2.0.0.0"
        ]
      },
      "ResponseBody": "{\r\n  \"id\": \"/subscriptions/22219ba9-41d8-4b8f-b1e9-dc8a403b803d/resourceGroups/onesdk6721/providers/Microsoft.Scheduler/jobCollections/CreateJobCollectionWithNonDefaultParams\",\r\n  \"type\": \"Microsoft.Scheduler/jobCollections\",\r\n  \"name\": \"CreateJobCollectionWithNonDefaultParams\",\r\n  \"location\": \"West US\",\r\n  \"properties\": {\r\n    \"sku\": {\r\n      \"name\": \"Standard\"\r\n    },\r\n    \"state\": \"Enabled\",\r\n    \"quota\": {\r\n      \"maxJobCount\": 49,\r\n      \"maxRecurrence\": {\r\n        \"frequency\": \"minute\",\r\n        \"interval\": 3\r\n      }\r\n    }\r\n  }\r\n}",
      "ResponseHeaders": {
        "Content-Length": [
          "423"
        ],
        "Content-Type": [
          "application/json; charset=utf-8"
        ],
        "Expires": [
          "-1"
        ],
        "Pragma": [
          "no-cache"
        ],
        "x-ms-ratelimit-burst-remaining-scheduler-writes": [
          "59"
        ],
        "x-ms-request-id": [
          "3be655c9-2313-4793-84c8-2c887a78ca3a"
        ],
        "x-ms-ratelimit-remaining-subscription-resource-requests": [
          "299"
        ],
        "x-ms-correlation-request-id": [
          "cd40f5ad-e94e-4de2-ae26-e8b614fbfc4f"
        ],
        "x-ms-routing-request-id": [
          "CENTRALUS:20160725T183347Z:cd40f5ad-e94e-4de2-ae26-e8b614fbfc4f"
        ],
        "Strict-Transport-Security": [
          "max-age=31536000; includeSubDomains"
        ],
        "Cache-Control": [
          "no-cache"
        ],
        "Date": [
          "Mon, 25 Jul 2016 18:33:46 GMT"
        ],
        "Server": [
          "Microsoft-IIS/8.5"
        ],
        "X-AspNet-Version": [
          "4.0.30319"
        ],
        "X-Powered-By": [
          "ASP.NET"
        ]
      },
      "StatusCode": 201
    },
    {
      "RequestUri": "/subscriptions/22219ba9-41d8-4b8f-b1e9-dc8a403b803d/resourcegroups/onesdk6721?api-version=2016-02-01",
      "EncodedRequestUri": "L3N1YnNjcmlwdGlvbnMvMjIyMTliYTktNDFkOC00YjhmLWIxZTktZGM4YTQwM2I4MDNkL3Jlc291cmNlZ3JvdXBzL29uZXNkazY3MjE/YXBpLXZlcnNpb249MjAxNi0wMi0wMQ==",
      "RequestMethod": "DELETE",
      "RequestBody": "",
      "RequestHeaders": {
        "User-Agent": [
          "Microsoft.Azure.Management.Resources.ResourceManagementClient/2.0.0.0"
        ]
      },
      "ResponseBody": "",
      "ResponseHeaders": {
        "Content-Length": [
          "0"
        ],
        "Expires": [
          "-1"
        ],
        "Pragma": [
          "no-cache"
        ],
        "Retry-After": [
          "15"
        ],
        "x-ms-ratelimit-remaining-subscription-writes": [
          "1198"
        ],
        "x-ms-request-id": [
          "6c64d926-f769-4a0b-b860-62cc8e923000"
        ],
        "x-ms-correlation-request-id": [
          "6c64d926-f769-4a0b-b860-62cc8e923000"
        ],
        "x-ms-routing-request-id": [
          "CENTRALUS:20160725T183348Z:6c64d926-f769-4a0b-b860-62cc8e923000"
        ],
        "Strict-Transport-Security": [
          "max-age=31536000; includeSubDomains"
        ],
        "Cache-Control": [
          "no-cache"
        ],
        "Date": [
          "Mon, 25 Jul 2016 18:33:47 GMT"
        ],
        "Location": [
          "https://management.azure.com/subscriptions/22219ba9-41d8-4b8f-b1e9-dc8a403b803d/operationresults/eyJqb2JJZCI6IlJFU09VUkNFR1JPVVBERUxFVElPTkpPQi1PTkVTREs2NzIxLVdFU1RVUyIsImpvYkxvY2F0aW9uIjoid2VzdHVzIn0?api-version=2016-02-01"
        ]
      },
      "StatusCode": 202
    },
    {
      "RequestUri": "/subscriptions/22219ba9-41d8-4b8f-b1e9-dc8a403b803d/operationresults/eyJqb2JJZCI6IlJFU09VUkNFR1JPVVBERUxFVElPTkpPQi1PTkVTREs2NzIxLVdFU1RVUyIsImpvYkxvY2F0aW9uIjoid2VzdHVzIn0?api-version=2016-02-01",
      "EncodedRequestUri": "L3N1YnNjcmlwdGlvbnMvMjIyMTliYTktNDFkOC00YjhmLWIxZTktZGM4YTQwM2I4MDNkL29wZXJhdGlvbnJlc3VsdHMvZXlKcWIySkpaQ0k2SWxKRlUwOVZVa05GUjFKUFZWQkVSVXhGVkVsUFRrcFBRaTFQVGtWVFJFczJOekl4TFZkRlUxUlZVeUlzSW1wdllreHZZMkYwYVc5dUlqb2lkMlZ6ZEhWekluMD9hcGktdmVyc2lvbj0yMDE2LTAyLTAx",
      "RequestMethod": "GET",
      "RequestBody": "",
      "RequestHeaders": {
        "x-ms-version": [
          "2016-02-01"
        ],
        "User-Agent": [
          "Microsoft.Azure.Management.Resources.ResourceManagementClient/2.0.0.0"
        ]
      },
      "ResponseBody": "",
      "ResponseHeaders": {
        "Content-Length": [
          "0"
        ],
        "Expires": [
          "-1"
        ],
        "Pragma": [
          "no-cache"
        ],
        "Retry-After": [
          "15"
        ],
        "x-ms-ratelimit-remaining-subscription-reads": [
          "14997"
        ],
        "x-ms-request-id": [
          "c34ffa0f-4cc1-4e3c-b376-7be9d649616e"
        ],
        "x-ms-correlation-request-id": [
          "c34ffa0f-4cc1-4e3c-b376-7be9d649616e"
        ],
        "x-ms-routing-request-id": [
          "CENTRALUS:20160725T183348Z:c34ffa0f-4cc1-4e3c-b376-7be9d649616e"
        ],
        "Strict-Transport-Security": [
          "max-age=31536000; includeSubDomains"
        ],
        "Cache-Control": [
          "no-cache"
        ],
        "Date": [
          "Mon, 25 Jul 2016 18:33:48 GMT"
        ],
        "Location": [
          "https://management.azure.com/subscriptions/22219ba9-41d8-4b8f-b1e9-dc8a403b803d/operationresults/eyJqb2JJZCI6IlJFU09VUkNFR1JPVVBERUxFVElPTkpPQi1PTkVTREs2NzIxLVdFU1RVUyIsImpvYkxvY2F0aW9uIjoid2VzdHVzIn0?api-version=2016-02-01"
        ]
      },
      "StatusCode": 202
    },
    {
      "RequestUri": "/subscriptions/22219ba9-41d8-4b8f-b1e9-dc8a403b803d/operationresults/eyJqb2JJZCI6IlJFU09VUkNFR1JPVVBERUxFVElPTkpPQi1PTkVTREs2NzIxLVdFU1RVUyIsImpvYkxvY2F0aW9uIjoid2VzdHVzIn0?api-version=2016-02-01",
      "EncodedRequestUri": "L3N1YnNjcmlwdGlvbnMvMjIyMTliYTktNDFkOC00YjhmLWIxZTktZGM4YTQwM2I4MDNkL29wZXJhdGlvbnJlc3VsdHMvZXlKcWIySkpaQ0k2SWxKRlUwOVZVa05GUjFKUFZWQkVSVXhGVkVsUFRrcFBRaTFQVGtWVFJFczJOekl4TFZkRlUxUlZVeUlzSW1wdllreHZZMkYwYVc5dUlqb2lkMlZ6ZEhWekluMD9hcGktdmVyc2lvbj0yMDE2LTAyLTAx",
      "RequestMethod": "GET",
      "RequestBody": "",
      "RequestHeaders": {
        "x-ms-version": [
          "2016-02-01"
        ],
        "User-Agent": [
          "Microsoft.Azure.Management.Resources.ResourceManagementClient/2.0.0.0"
        ]
      },
      "ResponseBody": "",
      "ResponseHeaders": {
        "Content-Length": [
          "0"
        ],
        "Expires": [
          "-1"
        ],
        "Pragma": [
          "no-cache"
        ],
        "Retry-After": [
          "15"
        ],
        "x-ms-ratelimit-remaining-subscription-reads": [
          "14996"
        ],
        "x-ms-request-id": [
          "2ee41ad5-10f7-4c7c-ac35-5209353a504f"
        ],
        "x-ms-correlation-request-id": [
          "2ee41ad5-10f7-4c7c-ac35-5209353a504f"
        ],
        "x-ms-routing-request-id": [
          "CENTRALUS:20160725T183404Z:2ee41ad5-10f7-4c7c-ac35-5209353a504f"
        ],
        "Strict-Transport-Security": [
          "max-age=31536000; includeSubDomains"
        ],
        "Cache-Control": [
          "no-cache"
        ],
        "Date": [
          "Mon, 25 Jul 2016 18:34:03 GMT"
        ],
        "Location": [
          "https://management.azure.com/subscriptions/22219ba9-41d8-4b8f-b1e9-dc8a403b803d/operationresults/eyJqb2JJZCI6IlJFU09VUkNFR1JPVVBERUxFVElPTkpPQi1PTkVTREs2NzIxLVdFU1RVUyIsImpvYkxvY2F0aW9uIjoid2VzdHVzIn0?api-version=2016-02-01"
        ]
      },
      "StatusCode": 202
    },
    {
      "RequestUri": "/subscriptions/22219ba9-41d8-4b8f-b1e9-dc8a403b803d/operationresults/eyJqb2JJZCI6IlJFU09VUkNFR1JPVVBERUxFVElPTkpPQi1PTkVTREs2NzIxLVdFU1RVUyIsImpvYkxvY2F0aW9uIjoid2VzdHVzIn0?api-version=2016-02-01",
      "EncodedRequestUri": "L3N1YnNjcmlwdGlvbnMvMjIyMTliYTktNDFkOC00YjhmLWIxZTktZGM4YTQwM2I4MDNkL29wZXJhdGlvbnJlc3VsdHMvZXlKcWIySkpaQ0k2SWxKRlUwOVZVa05GUjFKUFZWQkVSVXhGVkVsUFRrcFBRaTFQVGtWVFJFczJOekl4TFZkRlUxUlZVeUlzSW1wdllreHZZMkYwYVc5dUlqb2lkMlZ6ZEhWekluMD9hcGktdmVyc2lvbj0yMDE2LTAyLTAx",
      "RequestMethod": "GET",
      "RequestBody": "",
      "RequestHeaders": {
        "x-ms-version": [
          "2016-02-01"
        ],
        "User-Agent": [
          "Microsoft.Azure.Management.Resources.ResourceManagementClient/2.0.0.0"
        ]
      },
      "ResponseBody": "",
      "ResponseHeaders": {
        "Content-Length": [
          "0"
        ],
        "Expires": [
          "-1"
        ],
        "Pragma": [
          "no-cache"
        ],
        "Retry-After": [
          "15"
        ],
        "x-ms-ratelimit-remaining-subscription-reads": [
          "14995"
        ],
        "x-ms-request-id": [
          "4c18e301-f27d-45d0-89cd-f5560b52e924"
        ],
        "x-ms-correlation-request-id": [
          "4c18e301-f27d-45d0-89cd-f5560b52e924"
        ],
        "x-ms-routing-request-id": [
          "CENTRALUS:20160725T183419Z:4c18e301-f27d-45d0-89cd-f5560b52e924"
        ],
        "Strict-Transport-Security": [
          "max-age=31536000; includeSubDomains"
        ],
        "Cache-Control": [
          "no-cache"
        ],
        "Date": [
          "Mon, 25 Jul 2016 18:34:19 GMT"
        ],
        "Location": [
          "https://management.azure.com/subscriptions/22219ba9-41d8-4b8f-b1e9-dc8a403b803d/operationresults/eyJqb2JJZCI6IlJFU09VUkNFR1JPVVBERUxFVElPTkpPQi1PTkVTREs2NzIxLVdFU1RVUyIsImpvYkxvY2F0aW9uIjoid2VzdHVzIn0?api-version=2016-02-01"
        ]
      },
      "StatusCode": 202
    },
    {
      "RequestUri": "/subscriptions/22219ba9-41d8-4b8f-b1e9-dc8a403b803d/operationresults/eyJqb2JJZCI6IlJFU09VUkNFR1JPVVBERUxFVElPTkpPQi1PTkVTREs2NzIxLVdFU1RVUyIsImpvYkxvY2F0aW9uIjoid2VzdHVzIn0?api-version=2016-02-01",
      "EncodedRequestUri": "L3N1YnNjcmlwdGlvbnMvMjIyMTliYTktNDFkOC00YjhmLWIxZTktZGM4YTQwM2I4MDNkL29wZXJhdGlvbnJlc3VsdHMvZXlKcWIySkpaQ0k2SWxKRlUwOVZVa05GUjFKUFZWQkVSVXhGVkVsUFRrcFBRaTFQVGtWVFJFczJOekl4TFZkRlUxUlZVeUlzSW1wdllreHZZMkYwYVc5dUlqb2lkMlZ6ZEhWekluMD9hcGktdmVyc2lvbj0yMDE2LTAyLTAx",
      "RequestMethod": "GET",
      "RequestBody": "",
      "RequestHeaders": {
        "x-ms-version": [
          "2016-02-01"
        ],
        "User-Agent": [
          "Microsoft.Azure.Management.Resources.ResourceManagementClient/2.0.0.0"
        ]
      },
      "ResponseBody": "",
      "ResponseHeaders": {
        "Content-Length": [
          "0"
        ],
        "Expires": [
          "-1"
        ],
        "Pragma": [
          "no-cache"
        ],
        "Retry-After": [
          "15"
        ],
        "x-ms-ratelimit-remaining-subscription-reads": [
          "14994"
        ],
        "x-ms-request-id": [
          "cce79c5c-a92a-4148-a547-53fa4d11ed69"
        ],
        "x-ms-correlation-request-id": [
          "cce79c5c-a92a-4148-a547-53fa4d11ed69"
        ],
        "x-ms-routing-request-id": [
          "CENTRALUS:20160725T183434Z:cce79c5c-a92a-4148-a547-53fa4d11ed69"
        ],
        "Strict-Transport-Security": [
          "max-age=31536000; includeSubDomains"
        ],
        "Cache-Control": [
          "no-cache"
        ],
        "Date": [
          "Mon, 25 Jul 2016 18:34:34 GMT"
        ],
        "Location": [
          "https://management.azure.com/subscriptions/22219ba9-41d8-4b8f-b1e9-dc8a403b803d/operationresults/eyJqb2JJZCI6IlJFU09VUkNFR1JPVVBERUxFVElPTkpPQi1PTkVTREs2NzIxLVdFU1RVUyIsImpvYkxvY2F0aW9uIjoid2VzdHVzIn0?api-version=2016-02-01"
        ]
      },
      "StatusCode": 202
    },
    {
      "RequestUri": "/subscriptions/22219ba9-41d8-4b8f-b1e9-dc8a403b803d/operationresults/eyJqb2JJZCI6IlJFU09VUkNFR1JPVVBERUxFVElPTkpPQi1PTkVTREs2NzIxLVdFU1RVUyIsImpvYkxvY2F0aW9uIjoid2VzdHVzIn0?api-version=2016-02-01",
      "EncodedRequestUri": "L3N1YnNjcmlwdGlvbnMvMjIyMTliYTktNDFkOC00YjhmLWIxZTktZGM4YTQwM2I4MDNkL29wZXJhdGlvbnJlc3VsdHMvZXlKcWIySkpaQ0k2SWxKRlUwOVZVa05GUjFKUFZWQkVSVXhGVkVsUFRrcFBRaTFQVGtWVFJFczJOekl4TFZkRlUxUlZVeUlzSW1wdllreHZZMkYwYVc5dUlqb2lkMlZ6ZEhWekluMD9hcGktdmVyc2lvbj0yMDE2LTAyLTAx",
      "RequestMethod": "GET",
      "RequestBody": "",
      "RequestHeaders": {
        "x-ms-version": [
          "2016-02-01"
        ],
        "User-Agent": [
          "Microsoft.Azure.Management.Resources.ResourceManagementClient/2.0.0.0"
        ]
      },
      "ResponseBody": "",
      "ResponseHeaders": {
        "Content-Length": [
          "0"
        ],
        "Expires": [
          "-1"
        ],
        "Pragma": [
          "no-cache"
        ],
        "Retry-After": [
          "15"
        ],
        "x-ms-ratelimit-remaining-subscription-reads": [
          "14993"
        ],
        "x-ms-request-id": [
          "d62d32d0-3a55-4f02-9966-3222df4038e7"
        ],
        "x-ms-correlation-request-id": [
          "d62d32d0-3a55-4f02-9966-3222df4038e7"
        ],
        "x-ms-routing-request-id": [
          "CENTRALUS:20160725T183449Z:d62d32d0-3a55-4f02-9966-3222df4038e7"
        ],
        "Strict-Transport-Security": [
          "max-age=31536000; includeSubDomains"
        ],
        "Cache-Control": [
          "no-cache"
        ],
        "Date": [
          "Mon, 25 Jul 2016 18:34:49 GMT"
        ],
        "Location": [
          "https://management.azure.com/subscriptions/22219ba9-41d8-4b8f-b1e9-dc8a403b803d/operationresults/eyJqb2JJZCI6IlJFU09VUkNFR1JPVVBERUxFVElPTkpPQi1PTkVTREs2NzIxLVdFU1RVUyIsImpvYkxvY2F0aW9uIjoid2VzdHVzIn0?api-version=2016-02-01"
        ]
      },
      "StatusCode": 202
    },
    {
      "RequestUri": "/subscriptions/22219ba9-41d8-4b8f-b1e9-dc8a403b803d/operationresults/eyJqb2JJZCI6IlJFU09VUkNFR1JPVVBERUxFVElPTkpPQi1PTkVTREs2NzIxLVdFU1RVUyIsImpvYkxvY2F0aW9uIjoid2VzdHVzIn0?api-version=2016-02-01",
      "EncodedRequestUri": "L3N1YnNjcmlwdGlvbnMvMjIyMTliYTktNDFkOC00YjhmLWIxZTktZGM4YTQwM2I4MDNkL29wZXJhdGlvbnJlc3VsdHMvZXlKcWIySkpaQ0k2SWxKRlUwOVZVa05GUjFKUFZWQkVSVXhGVkVsUFRrcFBRaTFQVGtWVFJFczJOekl4TFZkRlUxUlZVeUlzSW1wdllreHZZMkYwYVc5dUlqb2lkMlZ6ZEhWekluMD9hcGktdmVyc2lvbj0yMDE2LTAyLTAx",
      "RequestMethod": "GET",
      "RequestBody": "",
      "RequestHeaders": {
        "x-ms-version": [
          "2016-02-01"
        ],
        "User-Agent": [
          "Microsoft.Azure.Management.Resources.ResourceManagementClient/2.0.0.0"
        ]
      },
      "ResponseBody": "",
      "ResponseHeaders": {
        "Content-Length": [
          "0"
        ],
        "Expires": [
          "-1"
        ],
        "Pragma": [
          "no-cache"
        ],
        "Retry-After": [
          "15"
        ],
        "x-ms-ratelimit-remaining-subscription-reads": [
          "14992"
        ],
        "x-ms-request-id": [
          "15909caf-845f-43a7-abb8-0ca949d03001"
        ],
        "x-ms-correlation-request-id": [
          "15909caf-845f-43a7-abb8-0ca949d03001"
        ],
        "x-ms-routing-request-id": [
          "CENTRALUS:20160725T183504Z:15909caf-845f-43a7-abb8-0ca949d03001"
        ],
        "Strict-Transport-Security": [
          "max-age=31536000; includeSubDomains"
        ],
        "Cache-Control": [
          "no-cache"
        ],
        "Date": [
          "Mon, 25 Jul 2016 18:35:04 GMT"
        ],
        "Location": [
          "https://management.azure.com/subscriptions/22219ba9-41d8-4b8f-b1e9-dc8a403b803d/operationresults/eyJqb2JJZCI6IlJFU09VUkNFR1JPVVBERUxFVElPTkpPQi1PTkVTREs2NzIxLVdFU1RVUyIsImpvYkxvY2F0aW9uIjoid2VzdHVzIn0?api-version=2016-02-01"
        ]
      },
      "StatusCode": 202
    },
    {
      "RequestUri": "/subscriptions/22219ba9-41d8-4b8f-b1e9-dc8a403b803d/operationresults/eyJqb2JJZCI6IlJFU09VUkNFR1JPVVBERUxFVElPTkpPQi1PTkVTREs2NzIxLVdFU1RVUyIsImpvYkxvY2F0aW9uIjoid2VzdHVzIn0?api-version=2016-02-01",
      "EncodedRequestUri": "L3N1YnNjcmlwdGlvbnMvMjIyMTliYTktNDFkOC00YjhmLWIxZTktZGM4YTQwM2I4MDNkL29wZXJhdGlvbnJlc3VsdHMvZXlKcWIySkpaQ0k2SWxKRlUwOVZVa05GUjFKUFZWQkVSVXhGVkVsUFRrcFBRaTFQVGtWVFJFczJOekl4TFZkRlUxUlZVeUlzSW1wdllreHZZMkYwYVc5dUlqb2lkMlZ6ZEhWekluMD9hcGktdmVyc2lvbj0yMDE2LTAyLTAx",
      "RequestMethod": "GET",
      "RequestBody": "",
      "RequestHeaders": {
        "x-ms-version": [
          "2016-02-01"
        ],
        "User-Agent": [
          "Microsoft.Azure.Management.Resources.ResourceManagementClient/2.0.0.0"
        ]
      },
      "ResponseBody": "",
      "ResponseHeaders": {
        "Content-Length": [
          "0"
        ],
        "Expires": [
          "-1"
        ],
        "Pragma": [
          "no-cache"
        ],
        "Retry-After": [
          "15"
        ],
        "x-ms-ratelimit-remaining-subscription-reads": [
          "14991"
        ],
        "x-ms-request-id": [
          "d61c3116-a360-4db6-bbbd-d4962a11d86b"
        ],
        "x-ms-correlation-request-id": [
          "d61c3116-a360-4db6-bbbd-d4962a11d86b"
        ],
        "x-ms-routing-request-id": [
          "CENTRALUS:20160725T183519Z:d61c3116-a360-4db6-bbbd-d4962a11d86b"
        ],
        "Strict-Transport-Security": [
          "max-age=31536000; includeSubDomains"
        ],
        "Cache-Control": [
          "no-cache"
        ],
        "Date": [
          "Mon, 25 Jul 2016 18:35:19 GMT"
        ],
        "Location": [
          "https://management.azure.com/subscriptions/22219ba9-41d8-4b8f-b1e9-dc8a403b803d/operationresults/eyJqb2JJZCI6IlJFU09VUkNFR1JPVVBERUxFVElPTkpPQi1PTkVTREs2NzIxLVdFU1RVUyIsImpvYkxvY2F0aW9uIjoid2VzdHVzIn0?api-version=2016-02-01"
        ]
      },
      "StatusCode": 202
    },
    {
      "RequestUri": "/subscriptions/22219ba9-41d8-4b8f-b1e9-dc8a403b803d/operationresults/eyJqb2JJZCI6IlJFU09VUkNFR1JPVVBERUxFVElPTkpPQi1PTkVTREs2NzIxLVdFU1RVUyIsImpvYkxvY2F0aW9uIjoid2VzdHVzIn0?api-version=2016-02-01",
      "EncodedRequestUri": "L3N1YnNjcmlwdGlvbnMvMjIyMTliYTktNDFkOC00YjhmLWIxZTktZGM4YTQwM2I4MDNkL29wZXJhdGlvbnJlc3VsdHMvZXlKcWIySkpaQ0k2SWxKRlUwOVZVa05GUjFKUFZWQkVSVXhGVkVsUFRrcFBRaTFQVGtWVFJFczJOekl4TFZkRlUxUlZVeUlzSW1wdllreHZZMkYwYVc5dUlqb2lkMlZ6ZEhWekluMD9hcGktdmVyc2lvbj0yMDE2LTAyLTAx",
      "RequestMethod": "GET",
      "RequestBody": "",
      "RequestHeaders": {
        "x-ms-version": [
          "2016-02-01"
        ],
        "User-Agent": [
          "Microsoft.Azure.Management.Resources.ResourceManagementClient/2.0.0.0"
        ]
      },
      "ResponseBody": "",
      "ResponseHeaders": {
        "Content-Length": [
          "0"
        ],
        "Expires": [
          "-1"
        ],
        "Pragma": [
          "no-cache"
        ],
        "x-ms-ratelimit-remaining-subscription-reads": [
          "14990"
        ],
        "x-ms-request-id": [
          "7b067696-a1b5-4f6e-8fb7-f4cb9f5d7bfa"
        ],
        "x-ms-correlation-request-id": [
          "7b067696-a1b5-4f6e-8fb7-f4cb9f5d7bfa"
        ],
        "x-ms-routing-request-id": [
          "CENTRALUS:20160725T183535Z:7b067696-a1b5-4f6e-8fb7-f4cb9f5d7bfa"
        ],
        "Strict-Transport-Security": [
          "max-age=31536000; includeSubDomains"
        ],
        "Cache-Control": [
          "no-cache"
        ],
        "Date": [
          "Mon, 25 Jul 2016 18:35:34 GMT"
        ]
      },
      "StatusCode": 200
    }
  ],
  "Names": {
    "Test-CreateJobCollectionWithNonDefaultParams": [
      "onesdk6721"
    ]
  },
  "Variables": {
    "SubscriptionId": "22219ba9-41d8-4b8f-b1e9-dc8a403b803d"
  }
}