{
  "Entries": [
    {
      "RequestUri": "/subscriptions/7e2dffb5-45b5-475a-91be-d3d9973c82d4/resourceGroups/onesdk1269/providers/Microsoft.Sql/servers/onesdk55?api-version=2014-04-01",
      "EncodedRequestUri": "L3N1YnNjcmlwdGlvbnMvN2UyZGZmYjUtNDViNS00NzVhLTkxYmUtZDNkOTk3M2M4MmQ0L3Jlc291cmNlR3JvdXBzL29uZXNkazEyNjkvcHJvdmlkZXJzL01pY3Jvc29mdC5TcWwvc2VydmVycy9vbmVzZGs1NT9hcGktdmVyc2lvbj0yMDE0LTA0LTAx",
      "RequestMethod": "GET",
      "RequestBody": "",
      "RequestHeaders": {
        "User-Agent": [
          "Microsoft.Azure.Management.Sql.SqlManagementClient/0.9.0.0"
        ],
        "x-ms-client-request-id": [
          "59302dd5-a818-40e8-aebe-8d697f447462"
        ]
      },
      "ResponseBody": "{\r\n  \"error\": {\r\n    \"code\": \"ResourceNotFound\",\r\n    \"message\": \"The Resource 'Microsoft.Sql/servers/onesdk55' under resource group 'onesdk1269' was not found.\"\r\n  }\r\n}",
      "ResponseHeaders": {
        "Content-Length": [
          "144"
        ],
        "Content-Type": [
          "application/json; charset=utf-8"
        ],
        "Expires": [
          "-1"
        ],
        "Pragma": [
          "no-cache"
        ],
        "x-ms-failure-cause": [
          "gateway"
        ],
        "x-ms-request-id": [
          "33e20b1a-7db7-45bd-90fb-23fe1bf010c1"
        ],
        "x-ms-correlation-request-id": [
          "33e20b1a-7db7-45bd-90fb-23fe1bf010c1"
        ],
        "x-ms-routing-request-id": [
          "WESTUS:20150923T181939Z:33e20b1a-7db7-45bd-90fb-23fe1bf010c1"
        ],
        "Strict-Transport-Security": [
          "max-age=31536000; includeSubDomains"
        ],
        "Cache-Control": [
          "no-cache"
        ],
        "Date": [
          "Wed, 23 Sep 2015 18:19:38 GMT"
        ]
      },
      "StatusCode": 404
    },
    {
      "RequestUri": "/subscriptions/7e2dffb5-45b5-475a-91be-d3d9973c82d4/resourceGroups/onesdk1269/providers/Microsoft.Sql/servers/onesdk55?api-version=2014-04-01",
      "EncodedRequestUri": "L3N1YnNjcmlwdGlvbnMvN2UyZGZmYjUtNDViNS00NzVhLTkxYmUtZDNkOTk3M2M4MmQ0L3Jlc291cmNlR3JvdXBzL29uZXNkazEyNjkvcHJvdmlkZXJzL01pY3Jvc29mdC5TcWwvc2VydmVycy9vbmVzZGs1NT9hcGktdmVyc2lvbj0yMDE0LTA0LTAx",
      "RequestMethod": "GET",
      "RequestBody": "",
      "RequestHeaders": {
        "User-Agent": [
          "Microsoft.Azure.Management.Sql.SqlManagementClient/0.9.0.0"
        ],
        "x-ms-client-request-id": [
          "065b8d2b-f969-4ce6-a54c-18bb73a26bac"
        ]
      },
      "ResponseBody": "{\r\n  \"id\": \"/subscriptions/7e2dffb5-45b5-475a-91be-d3d9973c82d4/resourceGroups/onesdk1269/providers/Microsoft.Sql/servers/onesdk55\",\r\n  \"name\": \"onesdk55\",\r\n  \"type\": \"Microsoft.Sql/servers\",\r\n  \"location\": \"Australia Southeast\",\r\n  \"kind\": \"v12.0\",\r\n  \"properties\": {\r\n    \"fullyQualifiedDomainName\": \"onesdk55.database.windows.net\",\r\n    \"administratorLogin\": \"testusername\",\r\n    \"administratorLoginPassword\": null,\r\n    \"externalAdministratorLogin\": null,\r\n    \"externalAdministratorSid\": null,\r\n    \"version\": \"12.0\",\r\n    \"state\": \"Ready\"\r\n  }\r\n}",
      "ResponseHeaders": {
        "Content-Length": [
          "467"
        ],
        "Content-Type": [
          "application/json; odata=minimalmetadata; streaming=true; charset=utf-8"
        ],
        "x-ms-request-id": [
          "edabde29-6b1e-4e92-84dc-1871f99b5773"
        ],
        "X-Content-Type-Options": [
          "nosniff"
        ],
        "DataServiceVersion": [
          "3.0;"
        ],
        "x-ms-ratelimit-remaining-subscription-reads": [
          "14744"
        ],
        "x-ms-correlation-request-id": [
          "65c467bb-7595-4a9c-9e59-dce6b5773af1"
        ],
        "x-ms-routing-request-id": [
          "WESTUS:20150923T182042Z:65c467bb-7595-4a9c-9e59-dce6b5773af1"
        ],
        "Strict-Transport-Security": [
          "max-age=31536000; includeSubDomains"
        ],
        "Cache-Control": [
          "no-store, no-cache"
        ],
        "Date": [
          "Wed, 23 Sep 2015 18:20:41 GMT"
        ],
        "Server": [
          "Microsoft-HTTPAPI/2.0"
        ]
      },
      "StatusCode": 200
    },
    {
      "RequestUri": "/subscriptions/7e2dffb5-45b5-475a-91be-d3d9973c82d4/resourceGroups/onesdk1269/providers/Microsoft.Sql/servers/onesdk55?api-version=2014-04-01",
      "EncodedRequestUri": "L3N1YnNjcmlwdGlvbnMvN2UyZGZmYjUtNDViNS00NzVhLTkxYmUtZDNkOTk3M2M4MmQ0L3Jlc291cmNlR3JvdXBzL29uZXNkazEyNjkvcHJvdmlkZXJzL01pY3Jvc29mdC5TcWwvc2VydmVycy9vbmVzZGs1NT9hcGktdmVyc2lvbj0yMDE0LTA0LTAx",
      "RequestMethod": "GET",
      "RequestBody": "",
      "RequestHeaders": {
        "User-Agent": [
          "Microsoft.Azure.Management.Sql.SqlManagementClient/0.9.0.0"
        ],
        "x-ms-client-request-id": [
          "0680cce0-70b1-4b63-91ad-8dd7c75580dc"
        ]
      },
      "ResponseBody": "{\r\n  \"id\": \"/subscriptions/7e2dffb5-45b5-475a-91be-d3d9973c82d4/resourceGroups/onesdk1269/providers/Microsoft.Sql/servers/onesdk55\",\r\n  \"name\": \"onesdk55\",\r\n  \"type\": \"Microsoft.Sql/servers\",\r\n  \"location\": \"Australia Southeast\",\r\n  \"kind\": \"v12.0\",\r\n  \"properties\": {\r\n    \"fullyQualifiedDomainName\": \"onesdk55.database.windows.net\",\r\n    \"administratorLogin\": \"testusername\",\r\n    \"administratorLoginPassword\": null,\r\n    \"externalAdministratorLogin\": null,\r\n    \"externalAdministratorSid\": null,\r\n    \"version\": \"12.0\",\r\n    \"state\": \"Ready\"\r\n  }\r\n}",
      "ResponseHeaders": {
        "Content-Length": [
          "467"
        ],
        "Content-Type": [
          "application/json; odata=minimalmetadata; streaming=true; charset=utf-8"
        ],
        "x-ms-request-id": [
          "31162adb-310b-4ec7-b488-c6a1ee231275"
        ],
        "X-Content-Type-Options": [
          "nosniff"
        ],
        "DataServiceVersion": [
          "3.0;"
        ],
        "x-ms-ratelimit-remaining-subscription-reads": [
          "14766"
        ],
        "x-ms-correlation-request-id": [
          "95252bed-6823-4632-80b8-685fa9220516"
        ],
        "x-ms-routing-request-id": [
          "WESTUS:20150923T182150Z:95252bed-6823-4632-80b8-685fa9220516"
        ],
        "Strict-Transport-Security": [
          "max-age=31536000; includeSubDomains"
        ],
        "Cache-Control": [
          "no-store, no-cache"
        ],
        "Date": [
          "Wed, 23 Sep 2015 18:21:50 GMT"
        ],
        "Server": [
          "Microsoft-HTTPAPI/2.0"
        ]
      },
      "StatusCode": 200
    },
    {
      "RequestUri": "/subscriptions/7e2dffb5-45b5-475a-91be-d3d9973c82d4/resourceGroups/onesdk1269/providers/Microsoft.Sql/servers/onesdk55?api-version=2014-04-01",
      "EncodedRequestUri": "L3N1YnNjcmlwdGlvbnMvN2UyZGZmYjUtNDViNS00NzVhLTkxYmUtZDNkOTk3M2M4MmQ0L3Jlc291cmNlR3JvdXBzL29uZXNkazEyNjkvcHJvdmlkZXJzL01pY3Jvc29mdC5TcWwvc2VydmVycy9vbmVzZGs1NT9hcGktdmVyc2lvbj0yMDE0LTA0LTAx",
      "RequestMethod": "GET",
      "RequestBody": "",
      "RequestHeaders": {
        "User-Agent": [
          "Microsoft.Azure.Management.Sql.SqlManagementClient/0.9.0.0"
        ],
        "x-ms-client-request-id": [
          "1ac01f56-eab5-417b-98d6-2d809cdbcd6d"
        ]
      },
      "ResponseBody": "{\r\n  \"id\": \"/subscriptions/7e2dffb5-45b5-475a-91be-d3d9973c82d4/resourceGroups/onesdk1269/providers/Microsoft.Sql/servers/onesdk55\",\r\n  \"name\": \"onesdk55\",\r\n  \"type\": \"Microsoft.Sql/servers\",\r\n  \"location\": \"Australia Southeast\",\r\n  \"kind\": \"v12.0\",\r\n  \"properties\": {\r\n    \"fullyQualifiedDomainName\": \"onesdk55.database.windows.net\",\r\n    \"administratorLogin\": \"testusername\",\r\n    \"administratorLoginPassword\": null,\r\n    \"externalAdministratorLogin\": null,\r\n    \"externalAdministratorSid\": null,\r\n    \"version\": \"12.0\",\r\n    \"state\": \"Ready\"\r\n  }\r\n}",
      "ResponseHeaders": {
        "Content-Length": [
          "467"
        ],
        "Content-Type": [
          "application/json; odata=minimalmetadata; streaming=true; charset=utf-8"
        ],
        "x-ms-request-id": [
          "7ba03ded-814f-46c7-aab4-f36e1480a778"
        ],
        "X-Content-Type-Options": [
          "nosniff"
        ],
        "DataServiceVersion": [
          "3.0;"
        ],
        "x-ms-ratelimit-remaining-subscription-reads": [
          "14744"
        ],
        "x-ms-correlation-request-id": [
          "83e26aa7-5350-4405-b061-c74de4edd12b"
        ],
        "x-ms-routing-request-id": [
          "WESTUS:20150923T182302Z:83e26aa7-5350-4405-b061-c74de4edd12b"
        ],
        "Strict-Transport-Security": [
          "max-age=31536000; includeSubDomains"
        ],
        "Cache-Control": [
          "no-store, no-cache"
        ],
        "Date": [
          "Wed, 23 Sep 2015 18:23:01 GMT"
        ],
        "Server": [
          "Microsoft-HTTPAPI/2.0"
        ]
      },
      "StatusCode": 200
    },
    {
      "RequestUri": "/subscriptions/7e2dffb5-45b5-475a-91be-d3d9973c82d4/resourceGroups/onesdk1269/providers/Microsoft.Sql/servers/onesdk55?api-version=2014-04-01",
      "EncodedRequestUri": "L3N1YnNjcmlwdGlvbnMvN2UyZGZmYjUtNDViNS00NzVhLTkxYmUtZDNkOTk3M2M4MmQ0L3Jlc291cmNlR3JvdXBzL29uZXNkazEyNjkvcHJvdmlkZXJzL01pY3Jvc29mdC5TcWwvc2VydmVycy9vbmVzZGs1NT9hcGktdmVyc2lvbj0yMDE0LTA0LTAx",
      "RequestMethod": "PUT",
      "RequestBody": "{\r\n  \"properties\": {\r\n    \"version\": \"12.0\",\r\n    \"administratorLogin\": \"testusername\",\r\n    \"administratorLoginPassword\": \"t357ingP@s5w0rd!\"\r\n  },\r\n  \"location\": \"Australia Southeast\"\r\n}",
      "RequestHeaders": {
        "Content-Type": [
          "application/json; charset=utf-8"
        ],
        "Content-Length": [
          "187"
        ],
        "User-Agent": [
          "Microsoft.Azure.Management.Sql.SqlManagementClient/0.9.0.0"
        ],
        "x-ms-client-request-id": [
          "3c0d5119-1d71-425d-9dc8-b1d4811c0661"
        ]
      },
      "ResponseBody": "{\r\n  \"id\": \"/subscriptions/7e2dffb5-45b5-475a-91be-d3d9973c82d4/resourceGroups/onesdk1269/providers/Microsoft.Sql/servers/onesdk55\",\r\n  \"name\": \"onesdk55\",\r\n  \"type\": \"Microsoft.Sql/servers\",\r\n  \"location\": \"Australia Southeast\",\r\n  \"kind\": \"v12.0\",\r\n  \"properties\": {\r\n    \"fullyQualifiedDomainName\": \"onesdk55.database.windows.net\",\r\n    \"administratorLogin\": \"testusername\",\r\n    \"administratorLoginPassword\": \"t357ingP@s5w0rd!\",\r\n    \"externalAdministratorLogin\": null,\r\n    \"externalAdministratorSid\": null,\r\n    \"version\": \"12.0\",\r\n    \"state\": \"Ready\"\r\n  }\r\n}",
      "ResponseHeaders": {
        "Content-Length": [
          "481"
        ],
        "Content-Type": [
          "application/json; odata=minimalmetadata; streaming=true; charset=utf-8"
        ],
        "x-ms-request-id": [
          "31f6f73c-9f65-48a8-9df8-4392c1d2fbaf"
        ],
        "X-Content-Type-Options": [
          "nosniff"
        ],
        "Preference-Applied": [
          "return-content"
        ],
        "DataServiceVersion": [
          "3.0;"
        ],
        "x-ms-ratelimit-remaining-subscription-writes": [
          "1157"
        ],
        "x-ms-correlation-request-id": [
          "c25d9742-bfb4-44d9-9c72-44f89ff992f0"
        ],
        "x-ms-routing-request-id": [
          "WESTUS:20150923T182041Z:c25d9742-bfb4-44d9-9c72-44f89ff992f0"
        ],
        "Strict-Transport-Security": [
          "max-age=31536000; includeSubDomains"
        ],
        "Cache-Control": [
          "no-store, no-cache"
        ],
        "Date": [
          "Wed, 23 Sep 2015 18:20:41 GMT"
        ],
        "Server": [
          "Microsoft-HTTPAPI/2.0"
        ]
      },
      "StatusCode": 201
    },
    {
      "RequestUri": "/subscriptions/7e2dffb5-45b5-475a-91be-d3d9973c82d4/resourceGroups/onesdk1269/providers/Microsoft.Sql/servers/onesdk55/databases/onesdk4104?api-version=2014-04-01",
      "EncodedRequestUri": "L3N1YnNjcmlwdGlvbnMvN2UyZGZmYjUtNDViNS00NzVhLTkxYmUtZDNkOTk3M2M4MmQ0L3Jlc291cmNlR3JvdXBzL29uZXNkazEyNjkvcHJvdmlkZXJzL01pY3Jvc29mdC5TcWwvc2VydmVycy9vbmVzZGs1NS9kYXRhYmFzZXMvb25lc2RrNDEwND9hcGktdmVyc2lvbj0yMDE0LTA0LTAx",
      "RequestMethod": "GET",
      "RequestBody": "",
      "RequestHeaders": {
        "User-Agent": [
          "Microsoft.Azure.Management.Sql.SqlManagementClient/0.9.0.0"
        ],
        "x-ms-client-request-id": [
          "f3e91a66-7d88-4cef-af9e-e3f5a0b36169"
        ]
      },
      "ResponseBody": "{\r\n  \"error\": {\r\n    \"code\": \"ResourceNotFound\",\r\n    \"message\": \"The Resource 'Microsoft.Sql/servers/onesdk55/databases/onesdk4104' under resource group 'onesdk1269' was not found.\"\r\n  }\r\n}",
      "ResponseHeaders": {
        "Content-Length": [
          "165"
        ],
        "Content-Type": [
          "application/json; charset=utf-8"
        ],
        "Expires": [
          "-1"
        ],
        "Pragma": [
          "no-cache"
        ],
        "x-ms-failure-cause": [
          "gateway"
        ],
        "x-ms-request-id": [
          "d5b2f808-e5d8-457e-b0f5-799caf852023"
        ],
        "x-ms-correlation-request-id": [
          "d5b2f808-e5d8-457e-b0f5-799caf852023"
        ],
        "x-ms-routing-request-id": [
          "WESTUS:20150923T182042Z:d5b2f808-e5d8-457e-b0f5-799caf852023"
        ],
        "Strict-Transport-Security": [
          "max-age=31536000; includeSubDomains"
        ],
        "Cache-Control": [
          "no-cache"
        ],
        "Date": [
          "Wed, 23 Sep 2015 18:20:41 GMT"
        ]
      },
      "StatusCode": 404
    },
    {
      "RequestUri": "/subscriptions/7e2dffb5-45b5-475a-91be-d3d9973c82d4/resourceGroups/onesdk1269/providers/Microsoft.Sql/servers/onesdk55/databases/onesdk4104?api-version=2014-04-01",
      "EncodedRequestUri": "L3N1YnNjcmlwdGlvbnMvN2UyZGZmYjUtNDViNS00NzVhLTkxYmUtZDNkOTk3M2M4MmQ0L3Jlc291cmNlR3JvdXBzL29uZXNkazEyNjkvcHJvdmlkZXJzL01pY3Jvc29mdC5TcWwvc2VydmVycy9vbmVzZGs1NS9kYXRhYmFzZXMvb25lc2RrNDEwND9hcGktdmVyc2lvbj0yMDE0LTA0LTAx",
      "RequestMethod": "GET",
      "RequestBody": "",
      "RequestHeaders": {
        "User-Agent": [
          "Microsoft.Azure.Management.Sql.SqlManagementClient/0.9.0.0"
        ],
        "x-ms-client-request-id": [
          "709fa586-7010-44c5-b929-c0c0df59bc60"
        ]
      },
      "ResponseBody": "{\r\n  \"tags\": {},\r\n  \"id\": \"/subscriptions/7e2dffb5-45b5-475a-91be-d3d9973c82d4/resourceGroups/onesdk1269/providers/Microsoft.Sql/servers/onesdk55/databases/onesdk4104\",\r\n  \"name\": \"onesdk4104\",\r\n  \"type\": \"Microsoft.Sql/servers/databases\",\r\n  \"location\": \"Australia Southeast\",\r\n  \"kind\": \"v12.0,user\",\r\n  \"properties\": {\r\n    \"databaseId\": \"dce36154-9682-4776-9470-243686a8024e\",\r\n    \"edition\": \"Standard\",\r\n    \"status\": \"Online\",\r\n    \"serviceLevelObjective\": \"S0\",\r\n    \"collation\": \"SQL_Latin1_General_CP1_CI_AS\",\r\n    \"maxSizeBytes\": \"1073741824\",\r\n    \"creationDate\": \"2015-09-23T18:20:45.487Z\",\r\n    \"currentServiceObjectiveId\": \"f1173c43-91bd-4aaa-973c-54e79e15235b\",\r\n    \"requestedServiceObjectiveId\": \"f1173c43-91bd-4aaa-973c-54e79e15235b\",\r\n    \"requestedServiceObjectiveName\": null,\r\n    \"defaultSecondaryLocation\": \"Australia East\",\r\n    \"earliestRestoreDate\": \"2015-09-23T18:31:43.923Z\",\r\n    \"elasticPoolName\": null,\r\n    \"containmentState\": 2\r\n  }\r\n}",
      "ResponseHeaders": {
        "Content-Length": [
          "830"
        ],
        "Content-Type": [
          "application/json; odata=minimalmetadata; streaming=true; charset=utf-8"
        ],
        "x-ms-request-id": [
          "6e2ac0aa-22b3-4cb1-9df7-b87443c8152b"
        ],
        "X-Content-Type-Options": [
          "nosniff"
        ],
        "DataServiceVersion": [
          "3.0;"
        ],
        "Strict-Transport-Security": [
          "max-age=31536000; includeSubDomains"
        ],
        "x-ms-ratelimit-remaining-subscription-reads": [
          "14734"
        ],
        "x-ms-correlation-request-id": [
          "2a5221dc-8c48-43ca-a97c-9d643e921493"
        ],
        "x-ms-routing-request-id": [
          "WESTUS:20150923T182611Z:2a5221dc-8c48-43ca-a97c-9d643e921493"
        ],
        "Cache-Control": [
          "no-store, no-cache"
        ],
        "Date": [
          "Wed, 23 Sep 2015 18:26:10 GMT"
        ],
        "Server": [
          "Microsoft-HTTPAPI/2.0"
        ]
      },
      "StatusCode": 200
    },
    {
      "RequestUri": "/subscriptions/7e2dffb5-45b5-475a-91be-d3d9973c82d4/resourceGroups/onesdk1269/providers/Microsoft.Sql/servers/onesdk55/databases/onesdk4104?api-version=2014-04-01",
      "EncodedRequestUri": "L3N1YnNjcmlwdGlvbnMvN2UyZGZmYjUtNDViNS00NzVhLTkxYmUtZDNkOTk3M2M4MmQ0L3Jlc291cmNlR3JvdXBzL29uZXNkazEyNjkvcHJvdmlkZXJzL01pY3Jvc29mdC5TcWwvc2VydmVycy9vbmVzZGs1NS9kYXRhYmFzZXMvb25lc2RrNDEwND9hcGktdmVyc2lvbj0yMDE0LTA0LTAx",
      "RequestMethod": "PUT",
      "RequestBody": "{\r\n  \"properties\": {\r\n    \"maxSizeBytes\": \"1073741824\"\r\n  },\r\n  \"location\": \"Australia Southeast\",\r\n  \"tags\": {}\r\n}",
      "RequestHeaders": {
        "Content-Type": [
          "application/json; charset=utf-8"
        ],
        "Content-Length": [
          "115"
        ],
        "User-Agent": [
          "Microsoft.Azure.Management.Sql.SqlManagementClient/0.9.0.0"
        ],
        "x-ms-client-request-id": [
          "c3b53969-5a6a-4f9e-a743-13584f9a12cb"
        ]
      },
      "ResponseBody": "{\r\n  \"operation\": \"CreateLogicalDatabase\",\r\n  \"startTime\": \"2015-09-23T11:20:45.267-07:00\"\r\n}",
      "ResponseHeaders": {
        "Content-Length": [
          "80"
        ],
        "Content-Type": [
          "application/json; odata=minimalmetadata; streaming=true; charset=utf-8"
        ],
        "Retry-After": [
          "30"
        ],
        "x-ms-request-id": [
          "2ec569e4-b124-45d9-b495-ff4c5c52b59a"
        ],
        "X-Content-Type-Options": [
          "nosniff"
        ],
        "Preference-Applied": [
          "return-content"
        ],
        "DataServiceVersion": [
          "3.0;"
        ],
        "Strict-Transport-Security": [
          "max-age=31536000; includeSubDomains"
        ],
        "x-ms-ratelimit-remaining-subscription-writes": [
          "1157"
        ],
        "x-ms-correlation-request-id": [
          "55815fd4-29d0-4593-9c83-ebed91db5f17"
        ],
        "x-ms-routing-request-id": [
          "WESTUS:20150923T182045Z:55815fd4-29d0-4593-9c83-ebed91db5f17"
        ],
        "Cache-Control": [
          "no-store, no-cache"
        ],
        "Date": [
          "Wed, 23 Sep 2015 18:20:44 GMT"
        ],
        "Location": [
          "https://management.azure.com/subscriptions/7e2dffb5-45b5-475a-91be-d3d9973c82d4/resourceGroups/onesdk1269/providers/Microsoft.Sql/servers/onesdk55/databases/onesdk4104/operationResults/2ec569e4-b124-45d9-b495-ff4c5c52b59a?api-version=2014-04-01-Preview"
        ],
        "Server": [
          "Microsoft-HTTPAPI/2.0"
        ]
      },
      "StatusCode": 202
    },
    {
      "RequestUri": "/subscriptions/7e2dffb5-45b5-475a-91be-d3d9973c82d4/resourceGroups/onesdk1269/providers/Microsoft.Sql/servers/onesdk55/databases/onesdk4104/operationResults/2ec569e4-b124-45d9-b495-ff4c5c52b59a?api-version=2014-04-01-Preview",
      "EncodedRequestUri": "L3N1YnNjcmlwdGlvbnMvN2UyZGZmYjUtNDViNS00NzVhLTkxYmUtZDNkOTk3M2M4MmQ0L3Jlc291cmNlR3JvdXBzL29uZXNkazEyNjkvcHJvdmlkZXJzL01pY3Jvc29mdC5TcWwvc2VydmVycy9vbmVzZGs1NS9kYXRhYmFzZXMvb25lc2RrNDEwNC9vcGVyYXRpb25SZXN1bHRzLzJlYzU2OWU0LWIxMjQtNDVkOS1iNDk1LWZmNGM1YzUyYjU5YT9hcGktdmVyc2lvbj0yMDE0LTA0LTAxLVByZXZpZXc=",
      "RequestMethod": "GET",
      "RequestBody": "",
      "RequestHeaders": {
        "User-Agent": [
          "Microsoft.Azure.Management.Sql.SqlManagementClient/0.9.0.0"
        ],
        "x-ms-client-request-id": [
          "c3b53969-5a6a-4f9e-a743-13584f9a12cb"
        ]
      },
      "ResponseBody": "{\r\n  \"operation\": \"CreateLogicalDatabase\",\r\n  \"startTime\": \"2015-09-23T18:20:45.253Z\"\r\n}",
      "ResponseHeaders": {
        "Content-Length": [
          "75"
        ],
        "Content-Type": [
          "application/json"
        ],
        "Retry-After": [
          "30"
        ],
        "x-ms-request-id": [
          "d0b0c432-5cc7-446f-86d4-2640f810b200"
        ],
        "X-Content-Type-Options": [
          "nosniff"
        ],
        "DataServiceVersion": [
          "3.0;"
        ],
        "Strict-Transport-Security": [
          "max-age=31536000; includeSubDomains"
        ],
        "x-ms-ratelimit-remaining-subscription-reads": [
          "14743"
        ],
        "x-ms-correlation-request-id": [
          "dcdb7e53-b612-4f02-9809-455bc1abb102"
        ],
        "x-ms-routing-request-id": [
          "WESTUS:20150923T182045Z:dcdb7e53-b612-4f02-9809-455bc1abb102"
        ],
        "Cache-Control": [
          "no-store, no-cache"
        ],
        "Date": [
          "Wed, 23 Sep 2015 18:20:45 GMT"
        ],
        "Location": [
          "https://management.azure.com/subscriptions/7e2dffb5-45b5-475a-91be-d3d9973c82d4/resourceGroups/onesdk1269/providers/Microsoft.Sql/servers/onesdk55/databases/onesdk4104/operationResults/2ec569e4-b124-45d9-b495-ff4c5c52b59a?api-version=2014-04-01-Preview"
        ],
        "Server": [
          "Microsoft-HTTPAPI/2.0"
        ]
      },
      "StatusCode": 202
    },
    {
      "RequestUri": "/subscriptions/7e2dffb5-45b5-475a-91be-d3d9973c82d4/resourceGroups/onesdk1269/providers/Microsoft.Sql/servers/onesdk55/databases/onesdk4104/operationResults/2ec569e4-b124-45d9-b495-ff4c5c52b59a?api-version=2014-04-01-Preview",
      "EncodedRequestUri": "L3N1YnNjcmlwdGlvbnMvN2UyZGZmYjUtNDViNS00NzVhLTkxYmUtZDNkOTk3M2M4MmQ0L3Jlc291cmNlR3JvdXBzL29uZXNkazEyNjkvcHJvdmlkZXJzL01pY3Jvc29mdC5TcWwvc2VydmVycy9vbmVzZGs1NS9kYXRhYmFzZXMvb25lc2RrNDEwNC9vcGVyYXRpb25SZXN1bHRzLzJlYzU2OWU0LWIxMjQtNDVkOS1iNDk1LWZmNGM1YzUyYjU5YT9hcGktdmVyc2lvbj0yMDE0LTA0LTAxLVByZXZpZXc=",
      "RequestMethod": "GET",
      "RequestBody": "",
      "RequestHeaders": {
        "User-Agent": [
          "Microsoft.Azure.Management.Sql.SqlManagementClient/0.9.0.0"
        ],
        "x-ms-client-request-id": [
          "c3b53969-5a6a-4f9e-a743-13584f9a12cb"
        ]
      },
      "ResponseBody": "{\r\n  \"operation\": \"CreateLogicalDatabase\",\r\n  \"startTime\": \"2015-09-23T18:20:45.253Z\"\r\n}",
      "ResponseHeaders": {
        "Content-Length": [
          "75"
        ],
        "Content-Type": [
          "application/json"
        ],
        "Retry-After": [
          "30"
        ],
        "x-ms-request-id": [
          "4e498eff-135d-4377-97e9-060ad57a4798"
        ],
        "X-Content-Type-Options": [
          "nosniff"
        ],
        "DataServiceVersion": [
          "3.0;"
        ],
        "Strict-Transport-Security": [
          "max-age=31536000; includeSubDomains"
        ],
        "x-ms-ratelimit-remaining-subscription-reads": [
          "14760"
        ],
        "x-ms-correlation-request-id": [
          "1410c4bc-0de8-43ec-808b-594bd8f87fef"
        ],
        "x-ms-routing-request-id": [
          "WESTUS:20150923T182117Z:1410c4bc-0de8-43ec-808b-594bd8f87fef"
        ],
        "Cache-Control": [
          "no-store, no-cache"
        ],
        "Date": [
          "Wed, 23 Sep 2015 18:21:17 GMT"
        ],
        "Location": [
          "https://management.azure.com/subscriptions/7e2dffb5-45b5-475a-91be-d3d9973c82d4/resourceGroups/onesdk1269/providers/Microsoft.Sql/servers/onesdk55/databases/onesdk4104/operationResults/2ec569e4-b124-45d9-b495-ff4c5c52b59a?api-version=2014-04-01-Preview"
        ],
        "Server": [
          "Microsoft-HTTPAPI/2.0"
        ]
      },
      "StatusCode": 202
    },
    {
      "RequestUri": "/subscriptions/7e2dffb5-45b5-475a-91be-d3d9973c82d4/resourceGroups/onesdk1269/providers/Microsoft.Sql/servers/onesdk55/databases/onesdk4104/operationResults/2ec569e4-b124-45d9-b495-ff4c5c52b59a?api-version=2014-04-01-Preview",
      "EncodedRequestUri": "L3N1YnNjcmlwdGlvbnMvN2UyZGZmYjUtNDViNS00NzVhLTkxYmUtZDNkOTk3M2M4MmQ0L3Jlc291cmNlR3JvdXBzL29uZXNkazEyNjkvcHJvdmlkZXJzL01pY3Jvc29mdC5TcWwvc2VydmVycy9vbmVzZGs1NS9kYXRhYmFzZXMvb25lc2RrNDEwNC9vcGVyYXRpb25SZXN1bHRzLzJlYzU2OWU0LWIxMjQtNDVkOS1iNDk1LWZmNGM1YzUyYjU5YT9hcGktdmVyc2lvbj0yMDE0LTA0LTAxLVByZXZpZXc=",
      "RequestMethod": "GET",
      "RequestBody": "",
      "RequestHeaders": {
        "User-Agent": [
          "Microsoft.Azure.Management.Sql.SqlManagementClient/0.9.0.0"
        ],
        "x-ms-client-request-id": [
          "c3b53969-5a6a-4f9e-a743-13584f9a12cb"
        ]
      },
      "ResponseBody": "{\r\n  \"operation\": \"CreateLogicalDatabase\",\r\n  \"startTime\": \"2015-09-23T18:20:45.253Z\"\r\n}",
      "ResponseHeaders": {
        "Content-Length": [
          "75"
        ],
        "Content-Type": [
          "application/json"
        ],
        "Retry-After": [
          "30"
        ],
        "x-ms-request-id": [
          "f95e088c-3c7d-4364-94ac-a577875c417e"
        ],
        "X-Content-Type-Options": [
          "nosniff"
        ],
        "DataServiceVersion": [
          "3.0;"
        ],
        "Strict-Transport-Security": [
          "max-age=31536000; includeSubDomains"
        ],
        "x-ms-ratelimit-remaining-subscription-reads": [
          "14770"
        ],
        "x-ms-correlation-request-id": [
          "4b7bd3d3-ed09-4b76-a4ea-9d3a2f25a834"
        ],
        "x-ms-routing-request-id": [
          "WESTUS:20150923T182133Z:4b7bd3d3-ed09-4b76-a4ea-9d3a2f25a834"
        ],
        "Cache-Control": [
          "no-store, no-cache"
        ],
        "Date": [
          "Wed, 23 Sep 2015 18:21:32 GMT"
        ],
        "Location": [
          "https://management.azure.com/subscriptions/7e2dffb5-45b5-475a-91be-d3d9973c82d4/resourceGroups/onesdk1269/providers/Microsoft.Sql/servers/onesdk55/databases/onesdk4104/operationResults/2ec569e4-b124-45d9-b495-ff4c5c52b59a?api-version=2014-04-01-Preview"
        ],
        "Server": [
          "Microsoft-HTTPAPI/2.0"
        ]
      },
      "StatusCode": 202
    },
    {
      "RequestUri": "/subscriptions/7e2dffb5-45b5-475a-91be-d3d9973c82d4/resourceGroups/onesdk1269/providers/Microsoft.Sql/servers/onesdk55/databases/onesdk4104/operationResults/2ec569e4-b124-45d9-b495-ff4c5c52b59a?api-version=2014-04-01-Preview",
      "EncodedRequestUri": "L3N1YnNjcmlwdGlvbnMvN2UyZGZmYjUtNDViNS00NzVhLTkxYmUtZDNkOTk3M2M4MmQ0L3Jlc291cmNlR3JvdXBzL29uZXNkazEyNjkvcHJvdmlkZXJzL01pY3Jvc29mdC5TcWwvc2VydmVycy9vbmVzZGs1NS9kYXRhYmFzZXMvb25lc2RrNDEwNC9vcGVyYXRpb25SZXN1bHRzLzJlYzU2OWU0LWIxMjQtNDVkOS1iNDk1LWZmNGM1YzUyYjU5YT9hcGktdmVyc2lvbj0yMDE0LTA0LTAxLVByZXZpZXc=",
      "RequestMethod": "GET",
      "RequestBody": "",
      "RequestHeaders": {
        "User-Agent": [
          "Microsoft.Azure.Management.Sql.SqlManagementClient/0.9.0.0"
        ],
        "x-ms-client-request-id": [
          "c3b53969-5a6a-4f9e-a743-13584f9a12cb"
        ]
      },
      "ResponseBody": "{\r\n  \"tags\": {},\r\n  \"id\": \"/subscriptions/7e2dffb5-45b5-475a-91be-d3d9973c82d4/resourceGroups/onesdk1269/providers/Microsoft.Sql/servers/onesdk55/databases/onesdk4104\",\r\n  \"name\": \"onesdk4104\",\r\n  \"type\": \"Microsoft.Sql/servers/databases\",\r\n  \"location\": \"Australia Southeast\",\r\n  \"kind\": \"v12.0,user\",\r\n  \"properties\": {\r\n    \"databaseId\": \"dce36154-9682-4776-9470-243686a8024e\",\r\n    \"edition\": \"Standard\",\r\n    \"status\": \"Online\",\r\n    \"serviceLevelObjective\": \"S0\",\r\n    \"collation\": \"SQL_Latin1_General_CP1_CI_AS\",\r\n    \"maxSizeBytes\": \"1073741824\",\r\n    \"creationDate\": \"2015-09-23T18:20:45.487Z\",\r\n    \"currentServiceObjectiveId\": \"f1173c43-91bd-4aaa-973c-54e79e15235b\",\r\n    \"requestedServiceObjectiveId\": \"f1173c43-91bd-4aaa-973c-54e79e15235b\",\r\n    \"requestedServiceObjectiveName\": null,\r\n    \"defaultSecondaryLocation\": \"Australia East\",\r\n    \"earliestRestoreDate\": \"2015-09-23T18:31:43.923Z\",\r\n    \"elasticPoolName\": null,\r\n    \"containmentState\": 2\r\n  }\r\n}",
      "ResponseHeaders": {
        "Content-Length": [
          "830"
        ],
        "Content-Type": [
          "application/json; odata=minimalmetadata; streaming=true; charset=utf-8"
        ],
        "x-ms-request-id": [
          "ad4e52a5-9d9b-49c0-82d2-b01609f12b29"
        ],
        "X-Content-Type-Options": [
          "nosniff"
        ],
        "DataServiceVersion": [
          "3.0;"
        ],
        "Strict-Transport-Security": [
          "max-age=31536000; includeSubDomains"
        ],
        "x-ms-ratelimit-remaining-subscription-reads": [
          "14768"
        ],
        "x-ms-correlation-request-id": [
          "28cb5cd2-8433-43e2-9441-4ec60b912767"
        ],
        "x-ms-routing-request-id": [
          "WESTUS:20150923T182149Z:28cb5cd2-8433-43e2-9441-4ec60b912767"
        ],
        "Cache-Control": [
          "no-store, no-cache"
        ],
        "Date": [
          "Wed, 23 Sep 2015 18:21:49 GMT"
        ],
        "Server": [
          "Microsoft-HTTPAPI/2.0"
        ]
      },
      "StatusCode": 201
    },
    {
      "RequestUri": "/subscriptions/7e2dffb5-45b5-475a-91be-d3d9973c82d4/resourceGroups/onesdk1269/providers/Microsoft.Sql/servers/onesdk55/databases/onesdk4764?api-version=2014-04-01",
      "EncodedRequestUri": "L3N1YnNjcmlwdGlvbnMvN2UyZGZmYjUtNDViNS00NzVhLTkxYmUtZDNkOTk3M2M4MmQ0L3Jlc291cmNlR3JvdXBzL29uZXNkazEyNjkvcHJvdmlkZXJzL01pY3Jvc29mdC5TcWwvc2VydmVycy9vbmVzZGs1NS9kYXRhYmFzZXMvb25lc2RrNDc2ND9hcGktdmVyc2lvbj0yMDE0LTA0LTAx",
      "RequestMethod": "GET",
      "RequestBody": "",
      "RequestHeaders": {
        "User-Agent": [
          "Microsoft.Azure.Management.Sql.SqlManagementClient/0.9.0.0"
        ],
        "x-ms-client-request-id": [
          "c2b0b1b2-e3f6-4316-a940-06c9761a3ce0"
        ]
      },
      "ResponseBody": "{\r\n  \"error\": {\r\n    \"code\": \"ResourceNotFound\",\r\n    \"message\": \"The Resource 'Microsoft.Sql/servers/onesdk55/databases/onesdk4764' under resource group 'onesdk1269' was not found.\"\r\n  }\r\n}",
      "ResponseHeaders": {
        "Content-Length": [
          "165"
        ],
        "Content-Type": [
          "application/json; charset=utf-8"
        ],
        "Expires": [
          "-1"
        ],
        "Pragma": [
          "no-cache"
        ],
        "x-ms-failure-cause": [
          "gateway"
        ],
        "x-ms-request-id": [
          "4ea4445f-319f-4b67-954a-f863f2add7ea"
        ],
        "x-ms-correlation-request-id": [
          "4ea4445f-319f-4b67-954a-f863f2add7ea"
        ],
        "x-ms-routing-request-id": [
          "WESTUS:20150923T182150Z:4ea4445f-319f-4b67-954a-f863f2add7ea"
        ],
        "Strict-Transport-Security": [
          "max-age=31536000; includeSubDomains"
        ],
        "Cache-Control": [
          "no-cache"
        ],
        "Date": [
          "Wed, 23 Sep 2015 18:21:50 GMT"
        ]
      },
      "StatusCode": 404
    },
    {
      "RequestUri": "/subscriptions/7e2dffb5-45b5-475a-91be-d3d9973c82d4/resourceGroups/onesdk1269/providers/Microsoft.Sql/servers/onesdk55/databases/onesdk4764?api-version=2014-04-01",
      "EncodedRequestUri": "L3N1YnNjcmlwdGlvbnMvN2UyZGZmYjUtNDViNS00NzVhLTkxYmUtZDNkOTk3M2M4MmQ0L3Jlc291cmNlR3JvdXBzL29uZXNkazEyNjkvcHJvdmlkZXJzL01pY3Jvc29mdC5TcWwvc2VydmVycy9vbmVzZGs1NS9kYXRhYmFzZXMvb25lc2RrNDc2ND9hcGktdmVyc2lvbj0yMDE0LTA0LTAx",
      "RequestMethod": "GET",
      "RequestBody": "",
      "RequestHeaders": {
        "User-Agent": [
          "Microsoft.Azure.Management.Sql.SqlManagementClient/0.9.0.0"
        ],
        "x-ms-client-request-id": [
          "9d863a0d-7b5c-4404-8b38-9c13c0114b0e"
        ]
      },
      "ResponseBody": "{\r\n  \"tags\": {},\r\n  \"id\": \"/subscriptions/7e2dffb5-45b5-475a-91be-d3d9973c82d4/resourceGroups/onesdk1269/providers/Microsoft.Sql/servers/onesdk55/databases/onesdk4764\",\r\n  \"name\": \"onesdk4764\",\r\n  \"type\": \"Microsoft.Sql/servers/databases\",\r\n  \"location\": \"Australia Southeast\",\r\n  \"kind\": \"v12.0,user\",\r\n  \"properties\": {\r\n    \"databaseId\": \"72176281-b6dc-4e3a-a72c-fe8a451a62b0\",\r\n    \"edition\": \"Basic\",\r\n    \"status\": \"Online\",\r\n    \"serviceLevelObjective\": \"Basic\",\r\n    \"collation\": \"Japanese_Bushu_Kakusu_100_CS_AS\",\r\n    \"maxSizeBytes\": \"1073741824\",\r\n    \"creationDate\": \"2015-09-23T18:21:54.127Z\",\r\n    \"currentServiceObjectiveId\": \"dd6d99bb-f193-4ec1-86f2-43d3bccbc49c\",\r\n    \"requestedServiceObjectiveId\": \"dd6d99bb-f193-4ec1-86f2-43d3bccbc49c\",\r\n    \"requestedServiceObjectiveName\": null,\r\n    \"defaultSecondaryLocation\": \"Australia East\",\r\n    \"earliestRestoreDate\": \"2015-09-23T18:32:55.407Z\",\r\n    \"elasticPoolName\": null,\r\n    \"containmentState\": 2\r\n  }\r\n}",
      "ResponseHeaders": {
        "Content-Length": [
          "833"
        ],
        "Content-Type": [
          "application/json; odata=minimalmetadata; streaming=true; charset=utf-8"
        ],
        "x-ms-request-id": [
          "ee1ab561-9daa-43c2-856b-7e8274ad91e7"
        ],
        "X-Content-Type-Options": [
          "nosniff"
        ],
        "DataServiceVersion": [
          "3.0;"
        ],
        "Strict-Transport-Security": [
          "max-age=31536000; includeSubDomains"
        ],
        "x-ms-ratelimit-remaining-subscription-reads": [
          "14733"
        ],
        "x-ms-correlation-request-id": [
          "9267d926-304a-4f65-a7f8-e1ebf4e4a5d8"
        ],
        "x-ms-routing-request-id": [
          "WESTUS:20150923T182612Z:9267d926-304a-4f65-a7f8-e1ebf4e4a5d8"
        ],
        "Cache-Control": [
          "no-store, no-cache"
        ],
        "Date": [
          "Wed, 23 Sep 2015 18:26:11 GMT"
        ],
        "Server": [
          "Microsoft-HTTPAPI/2.0"
        ]
      },
      "StatusCode": 200
    },
    {
      "RequestUri": "/subscriptions/7e2dffb5-45b5-475a-91be-d3d9973c82d4/resourceGroups/onesdk1269/providers/Microsoft.Sql/servers/onesdk55/databases/onesdk4764?api-version=2014-04-01",
      "EncodedRequestUri": "L3N1YnNjcmlwdGlvbnMvN2UyZGZmYjUtNDViNS00NzVhLTkxYmUtZDNkOTk3M2M4MmQ0L3Jlc291cmNlR3JvdXBzL29uZXNkazEyNjkvcHJvdmlkZXJzL01pY3Jvc29mdC5TcWwvc2VydmVycy9vbmVzZGs1NS9kYXRhYmFzZXMvb25lc2RrNDc2ND9hcGktdmVyc2lvbj0yMDE0LTA0LTAx",
      "RequestMethod": "PUT",
      "RequestBody": "{\r\n  \"properties\": {\r\n    \"edition\": \"Basic\",\r\n    \"collation\": \"Japanese_Bushu_Kakusu_100_CS_AS\",\r\n    \"maxSizeBytes\": \"1073741824\",\r\n    \"requestedServiceObjectiveName\": \"Basic\"\r\n  },\r\n  \"location\": \"Australia Southeast\",\r\n  \"tags\": {}\r\n}",
      "RequestHeaders": {
        "Content-Type": [
          "application/json; charset=utf-8"
        ],
        "Content-Length": [
          "240"
        ],
        "User-Agent": [
          "Microsoft.Azure.Management.Sql.SqlManagementClient/0.9.0.0"
        ],
        "x-ms-client-request-id": [
          "d266c299-a37f-4a67-9741-55034d50fdee"
        ]
      },
      "ResponseBody": "{\r\n  \"operation\": \"CreateLogicalDatabase\",\r\n  \"startTime\": \"2015-09-23T11:21:53.986-07:00\"\r\n}",
      "ResponseHeaders": {
        "Content-Length": [
          "80"
        ],
        "Content-Type": [
          "application/json; odata=minimalmetadata; streaming=true; charset=utf-8"
        ],
        "Retry-After": [
          "30"
        ],
        "x-ms-request-id": [
          "b8685b8a-c70e-4d32-8843-d5497196b76c"
        ],
        "X-Content-Type-Options": [
          "nosniff"
        ],
        "Preference-Applied": [
          "return-content"
        ],
        "DataServiceVersion": [
          "3.0;"
        ],
        "Strict-Transport-Security": [
          "max-age=31536000; includeSubDomains"
        ],
        "x-ms-ratelimit-remaining-subscription-writes": [
          "1161"
        ],
        "x-ms-correlation-request-id": [
          "212b0bfb-1d6e-4f98-a614-aaf8c13f64a5"
        ],
        "x-ms-routing-request-id": [
          "WESTUS:20150923T182153Z:212b0bfb-1d6e-4f98-a614-aaf8c13f64a5"
        ],
        "Cache-Control": [
          "no-store, no-cache"
        ],
        "Date": [
          "Wed, 23 Sep 2015 18:21:53 GMT"
        ],
        "Location": [
          "https://management.azure.com/subscriptions/7e2dffb5-45b5-475a-91be-d3d9973c82d4/resourceGroups/onesdk1269/providers/Microsoft.Sql/servers/onesdk55/databases/onesdk4764/operationResults/b8685b8a-c70e-4d32-8843-d5497196b76c?api-version=2014-04-01-Preview"
        ],
        "Server": [
          "Microsoft-HTTPAPI/2.0"
        ]
      },
      "StatusCode": 202
    },
    {
      "RequestUri": "/subscriptions/7e2dffb5-45b5-475a-91be-d3d9973c82d4/resourceGroups/onesdk1269/providers/Microsoft.Sql/servers/onesdk55/databases/onesdk4764/operationResults/b8685b8a-c70e-4d32-8843-d5497196b76c?api-version=2014-04-01-Preview",
      "EncodedRequestUri": "L3N1YnNjcmlwdGlvbnMvN2UyZGZmYjUtNDViNS00NzVhLTkxYmUtZDNkOTk3M2M4MmQ0L3Jlc291cmNlR3JvdXBzL29uZXNkazEyNjkvcHJvdmlkZXJzL01pY3Jvc29mdC5TcWwvc2VydmVycy9vbmVzZGs1NS9kYXRhYmFzZXMvb25lc2RrNDc2NC9vcGVyYXRpb25SZXN1bHRzL2I4Njg1YjhhLWM3MGUtNGQzMi04ODQzLWQ1NDk3MTk2Yjc2Yz9hcGktdmVyc2lvbj0yMDE0LTA0LTAxLVByZXZpZXc=",
      "RequestMethod": "GET",
      "RequestBody": "",
      "RequestHeaders": {
        "User-Agent": [
          "Microsoft.Azure.Management.Sql.SqlManagementClient/0.9.0.0"
        ],
        "x-ms-client-request-id": [
          "d266c299-a37f-4a67-9741-55034d50fdee"
        ]
      },
      "ResponseBody": "{\r\n  \"operation\": \"CreateLogicalDatabase\",\r\n  \"startTime\": \"2015-09-23T18:21:53.953Z\"\r\n}",
      "ResponseHeaders": {
        "Content-Length": [
          "75"
        ],
        "Content-Type": [
          "application/json"
        ],
        "Retry-After": [
          "30"
        ],
        "x-ms-request-id": [
          "e1d3b38b-7bfa-4c11-93e3-e03abd47ca46"
        ],
        "X-Content-Type-Options": [
          "nosniff"
        ],
        "DataServiceVersion": [
          "3.0;"
        ],
        "Strict-Transport-Security": [
          "max-age=31536000; includeSubDomains"
        ],
        "x-ms-ratelimit-remaining-subscription-reads": [
          "14765"
        ],
        "x-ms-correlation-request-id": [
          "4a0ecec4-40da-410b-9ae2-98f7721ed42a"
        ],
        "x-ms-routing-request-id": [
          "WESTUS:20150923T182154Z:4a0ecec4-40da-410b-9ae2-98f7721ed42a"
        ],
        "Cache-Control": [
          "no-store, no-cache"
        ],
        "Date": [
          "Wed, 23 Sep 2015 18:21:54 GMT"
        ],
        "Location": [
          "https://management.azure.com/subscriptions/7e2dffb5-45b5-475a-91be-d3d9973c82d4/resourceGroups/onesdk1269/providers/Microsoft.Sql/servers/onesdk55/databases/onesdk4764/operationResults/b8685b8a-c70e-4d32-8843-d5497196b76c?api-version=2014-04-01-Preview"
        ],
        "Server": [
          "Microsoft-HTTPAPI/2.0"
        ]
      },
      "StatusCode": 202
    },
    {
      "RequestUri": "/subscriptions/7e2dffb5-45b5-475a-91be-d3d9973c82d4/resourceGroups/onesdk1269/providers/Microsoft.Sql/servers/onesdk55/databases/onesdk4764/operationResults/b8685b8a-c70e-4d32-8843-d5497196b76c?api-version=2014-04-01-Preview",
      "EncodedRequestUri": "L3N1YnNjcmlwdGlvbnMvN2UyZGZmYjUtNDViNS00NzVhLTkxYmUtZDNkOTk3M2M4MmQ0L3Jlc291cmNlR3JvdXBzL29uZXNkazEyNjkvcHJvdmlkZXJzL01pY3Jvc29mdC5TcWwvc2VydmVycy9vbmVzZGs1NS9kYXRhYmFzZXMvb25lc2RrNDc2NC9vcGVyYXRpb25SZXN1bHRzL2I4Njg1YjhhLWM3MGUtNGQzMi04ODQzLWQ1NDk3MTk2Yjc2Yz9hcGktdmVyc2lvbj0yMDE0LTA0LTAxLVByZXZpZXc=",
      "RequestMethod": "GET",
      "RequestBody": "",
      "RequestHeaders": {
        "User-Agent": [
          "Microsoft.Azure.Management.Sql.SqlManagementClient/0.9.0.0"
        ],
        "x-ms-client-request-id": [
          "d266c299-a37f-4a67-9741-55034d50fdee"
        ]
      },
      "ResponseBody": "{\r\n  \"operation\": \"CreateLogicalDatabase\",\r\n  \"startTime\": \"2015-09-23T18:21:53.953Z\"\r\n}",
      "ResponseHeaders": {
        "Content-Length": [
          "75"
        ],
        "Content-Type": [
          "application/json"
        ],
        "Retry-After": [
          "30"
        ],
        "x-ms-request-id": [
          "dfd0a6ea-658e-4087-8c8c-f4dff4416e2c"
        ],
        "X-Content-Type-Options": [
          "nosniff"
        ],
        "DataServiceVersion": [
          "3.0;"
        ],
        "Strict-Transport-Security": [
          "max-age=31536000; includeSubDomains"
        ],
        "x-ms-ratelimit-remaining-subscription-reads": [
          "14749"
        ],
        "x-ms-correlation-request-id": [
          "32fc32bd-2585-4f34-b096-75d16a6a5561"
        ],
        "x-ms-routing-request-id": [
          "WESTUS:20150923T182225Z:32fc32bd-2585-4f34-b096-75d16a6a5561"
        ],
        "Cache-Control": [
          "no-store, no-cache"
        ],
        "Date": [
          "Wed, 23 Sep 2015 18:22:25 GMT"
        ],
        "Location": [
          "https://management.azure.com/subscriptions/7e2dffb5-45b5-475a-91be-d3d9973c82d4/resourceGroups/onesdk1269/providers/Microsoft.Sql/servers/onesdk55/databases/onesdk4764/operationResults/b8685b8a-c70e-4d32-8843-d5497196b76c?api-version=2014-04-01-Preview"
        ],
        "Server": [
          "Microsoft-HTTPAPI/2.0"
        ]
      },
      "StatusCode": 202
    },
    {
      "RequestUri": "/subscriptions/7e2dffb5-45b5-475a-91be-d3d9973c82d4/resourceGroups/onesdk1269/providers/Microsoft.Sql/servers/onesdk55/databases/onesdk4764/operationResults/b8685b8a-c70e-4d32-8843-d5497196b76c?api-version=2014-04-01-Preview",
      "EncodedRequestUri": "L3N1YnNjcmlwdGlvbnMvN2UyZGZmYjUtNDViNS00NzVhLTkxYmUtZDNkOTk3M2M4MmQ0L3Jlc291cmNlR3JvdXBzL29uZXNkazEyNjkvcHJvdmlkZXJzL01pY3Jvc29mdC5TcWwvc2VydmVycy9vbmVzZGs1NS9kYXRhYmFzZXMvb25lc2RrNDc2NC9vcGVyYXRpb25SZXN1bHRzL2I4Njg1YjhhLWM3MGUtNGQzMi04ODQzLWQ1NDk3MTk2Yjc2Yz9hcGktdmVyc2lvbj0yMDE0LTA0LTAxLVByZXZpZXc=",
      "RequestMethod": "GET",
      "RequestBody": "",
      "RequestHeaders": {
        "User-Agent": [
          "Microsoft.Azure.Management.Sql.SqlManagementClient/0.9.0.0"
        ],
        "x-ms-client-request-id": [
          "d266c299-a37f-4a67-9741-55034d50fdee"
        ]
      },
      "ResponseBody": "{\r\n  \"operation\": \"CreateLogicalDatabase\",\r\n  \"startTime\": \"2015-09-23T18:21:53.953Z\"\r\n}",
      "ResponseHeaders": {
        "Content-Length": [
          "75"
        ],
        "Content-Type": [
          "application/json"
        ],
        "Retry-After": [
          "30"
        ],
        "x-ms-request-id": [
          "b9fa6373-2c4e-4e8f-91ed-cb3e3a61968d"
        ],
        "X-Content-Type-Options": [
          "nosniff"
        ],
        "DataServiceVersion": [
          "3.0;"
        ],
        "Strict-Transport-Security": [
          "max-age=31536000; includeSubDomains"
        ],
        "x-ms-ratelimit-remaining-subscription-reads": [
          "14922"
        ],
        "x-ms-correlation-request-id": [
          "f9f24d9e-c907-42e7-8aa6-4ce69a082198"
        ],
        "x-ms-routing-request-id": [
          "CENTRALUS:20150923T182244Z:f9f24d9e-c907-42e7-8aa6-4ce69a082198"
        ],
        "Cache-Control": [
          "no-store, no-cache"
        ],
        "Date": [
          "Wed, 23 Sep 2015 18:22:44 GMT"
        ],
        "Location": [
          "https://management.azure.com/subscriptions/7e2dffb5-45b5-475a-91be-d3d9973c82d4/resourceGroups/onesdk1269/providers/Microsoft.Sql/servers/onesdk55/databases/onesdk4764/operationResults/b8685b8a-c70e-4d32-8843-d5497196b76c?api-version=2014-04-01-Preview"
        ],
        "Server": [
          "Microsoft-HTTPAPI/2.0"
        ]
      },
      "StatusCode": 202
    },
    {
      "RequestUri": "/subscriptions/7e2dffb5-45b5-475a-91be-d3d9973c82d4/resourceGroups/onesdk1269/providers/Microsoft.Sql/servers/onesdk55/databases/onesdk4764/operationResults/b8685b8a-c70e-4d32-8843-d5497196b76c?api-version=2014-04-01-Preview",
      "EncodedRequestUri": "L3N1YnNjcmlwdGlvbnMvN2UyZGZmYjUtNDViNS00NzVhLTkxYmUtZDNkOTk3M2M4MmQ0L3Jlc291cmNlR3JvdXBzL29uZXNkazEyNjkvcHJvdmlkZXJzL01pY3Jvc29mdC5TcWwvc2VydmVycy9vbmVzZGs1NS9kYXRhYmFzZXMvb25lc2RrNDc2NC9vcGVyYXRpb25SZXN1bHRzL2I4Njg1YjhhLWM3MGUtNGQzMi04ODQzLWQ1NDk3MTk2Yjc2Yz9hcGktdmVyc2lvbj0yMDE0LTA0LTAxLVByZXZpZXc=",
      "RequestMethod": "GET",
      "RequestBody": "",
      "RequestHeaders": {
        "User-Agent": [
          "Microsoft.Azure.Management.Sql.SqlManagementClient/0.9.0.0"
        ],
        "x-ms-client-request-id": [
          "d266c299-a37f-4a67-9741-55034d50fdee"
        ]
      },
      "ResponseBody": "{\r\n  \"tags\": {},\r\n  \"id\": \"/subscriptions/7e2dffb5-45b5-475a-91be-d3d9973c82d4/resourceGroups/onesdk1269/providers/Microsoft.Sql/servers/onesdk55/databases/onesdk4764\",\r\n  \"name\": \"onesdk4764\",\r\n  \"type\": \"Microsoft.Sql/servers/databases\",\r\n  \"location\": \"Australia Southeast\",\r\n  \"kind\": \"v12.0,user\",\r\n  \"properties\": {\r\n    \"databaseId\": \"72176281-b6dc-4e3a-a72c-fe8a451a62b0\",\r\n    \"edition\": \"Basic\",\r\n    \"status\": \"Online\",\r\n    \"serviceLevelObjective\": \"Basic\",\r\n    \"collation\": \"Japanese_Bushu_Kakusu_100_CS_AS\",\r\n    \"maxSizeBytes\": \"1073741824\",\r\n    \"creationDate\": \"2015-09-23T18:21:54.127Z\",\r\n    \"currentServiceObjectiveId\": \"dd6d99bb-f193-4ec1-86f2-43d3bccbc49c\",\r\n    \"requestedServiceObjectiveId\": \"dd6d99bb-f193-4ec1-86f2-43d3bccbc49c\",\r\n    \"requestedServiceObjectiveName\": null,\r\n    \"defaultSecondaryLocation\": \"Australia East\",\r\n    \"earliestRestoreDate\": \"2015-09-23T18:32:55.407Z\",\r\n    \"elasticPoolName\": null,\r\n    \"containmentState\": 2\r\n  }\r\n}",
      "ResponseHeaders": {
        "Content-Length": [
          "833"
        ],
        "Content-Type": [
          "application/json; odata=minimalmetadata; streaming=true; charset=utf-8"
        ],
        "x-ms-request-id": [
          "4b10addc-8eb8-4e0b-b45a-22dbb5bdea81"
        ],
        "X-Content-Type-Options": [
          "nosniff"
        ],
        "DataServiceVersion": [
          "3.0;"
        ],
        "Strict-Transport-Security": [
          "max-age=31536000; includeSubDomains"
        ],
        "x-ms-ratelimit-remaining-subscription-reads": [
          "14746"
        ],
        "x-ms-correlation-request-id": [
          "5a196249-f969-4753-80e2-f898552a2eba"
        ],
        "x-ms-routing-request-id": [
          "WESTUS:20150923T182301Z:5a196249-f969-4753-80e2-f898552a2eba"
        ],
        "Cache-Control": [
          "no-store, no-cache"
        ],
        "Date": [
          "Wed, 23 Sep 2015 18:23:00 GMT"
        ],
        "Server": [
          "Microsoft-HTTPAPI/2.0"
        ]
      },
      "StatusCode": 201
    },
    {
      "RequestUri": "/subscriptions/7e2dffb5-45b5-475a-91be-d3d9973c82d4/resourceGroups/onesdk1269/providers/Microsoft.Sql/servers/onesdk55/databases/onesdk987?api-version=2014-04-01",
      "EncodedRequestUri": "L3N1YnNjcmlwdGlvbnMvN2UyZGZmYjUtNDViNS00NzVhLTkxYmUtZDNkOTk3M2M4MmQ0L3Jlc291cmNlR3JvdXBzL29uZXNkazEyNjkvcHJvdmlkZXJzL01pY3Jvc29mdC5TcWwvc2VydmVycy9vbmVzZGs1NS9kYXRhYmFzZXMvb25lc2RrOTg3P2FwaS12ZXJzaW9uPTIwMTQtMDQtMDE=",
      "RequestMethod": "GET",
      "RequestBody": "",
      "RequestHeaders": {
        "User-Agent": [
          "Microsoft.Azure.Management.Sql.SqlManagementClient/0.9.0.0"
        ],
        "x-ms-client-request-id": [
          "cc556c62-4059-44fd-8aab-44f6fa68ddf1"
        ]
      },
      "ResponseBody": "{\r\n  \"error\": {\r\n    \"code\": \"ResourceNotFound\",\r\n    \"message\": \"The Resource 'Microsoft.Sql/servers/onesdk55/databases/onesdk987' under resource group 'onesdk1269' was not found.\"\r\n  }\r\n}",
      "ResponseHeaders": {
        "Content-Length": [
          "164"
        ],
        "Content-Type": [
          "application/json; charset=utf-8"
        ],
        "Expires": [
          "-1"
        ],
        "Pragma": [
          "no-cache"
        ],
        "x-ms-failure-cause": [
          "gateway"
        ],
        "x-ms-request-id": [
          "cfc6bb02-70fb-4465-9ae0-137aa2eeada1"
        ],
        "x-ms-correlation-request-id": [
          "cfc6bb02-70fb-4465-9ae0-137aa2eeada1"
        ],
        "x-ms-routing-request-id": [
          "WESTUS:20150923T182302Z:cfc6bb02-70fb-4465-9ae0-137aa2eeada1"
        ],
        "Strict-Transport-Security": [
          "max-age=31536000; includeSubDomains"
        ],
        "Cache-Control": [
          "no-cache"
        ],
        "Date": [
          "Wed, 23 Sep 2015 18:23:01 GMT"
        ]
      },
      "StatusCode": 404
    },
    {
      "RequestUri": "/subscriptions/7e2dffb5-45b5-475a-91be-d3d9973c82d4/resourceGroups/onesdk1269/providers/Microsoft.Sql/servers/onesdk55/databases/onesdk987?api-version=2014-04-01",
      "EncodedRequestUri": "L3N1YnNjcmlwdGlvbnMvN2UyZGZmYjUtNDViNS00NzVhLTkxYmUtZDNkOTk3M2M4MmQ0L3Jlc291cmNlR3JvdXBzL29uZXNkazEyNjkvcHJvdmlkZXJzL01pY3Jvc29mdC5TcWwvc2VydmVycy9vbmVzZGs1NS9kYXRhYmFzZXMvb25lc2RrOTg3P2FwaS12ZXJzaW9uPTIwMTQtMDQtMDE=",
      "RequestMethod": "GET",
      "RequestBody": "",
      "RequestHeaders": {
        "User-Agent": [
          "Microsoft.Azure.Management.Sql.SqlManagementClient/0.9.0.0"
        ],
        "x-ms-client-request-id": [
          "7411674b-2137-4583-b77c-3acd987f2c40"
        ]
      },
      "ResponseBody": "{\r\n  \"tags\": {},\r\n  \"id\": \"/subscriptions/7e2dffb5-45b5-475a-91be-d3d9973c82d4/resourceGroups/onesdk1269/providers/Microsoft.Sql/servers/onesdk55/databases/onesdk987\",\r\n  \"name\": \"onesdk987\",\r\n  \"type\": \"Microsoft.Sql/servers/databases\",\r\n  \"location\": \"Australia Southeast\",\r\n  \"kind\": \"v12.0,user,datawarehouse\",\r\n  \"properties\": {\r\n    \"databaseId\": \"268aca4d-bf4a-49f4-804a-88ab76d58603\",\r\n    \"edition\": \"DataWarehouse\",\r\n    \"status\": \"Online\",\r\n    \"serviceLevelObjective\": \"DW100\",\r\n    \"collation\": \"SQL_Latin1_General_CP1_CI_AS\",\r\n    \"maxSizeBytes\": \"268435456000\",\r\n    \"creationDate\": \"2015-09-23T18:23:05.767Z\",\r\n    \"currentServiceObjectiveId\": \"4e63cb0e-91b9-46fd-b05c-51fdd2367618\",\r\n    \"requestedServiceObjectiveId\": \"4e63cb0e-91b9-46fd-b05c-51fdd2367618\",\r\n    \"requestedServiceObjectiveName\": null,\r\n    \"defaultSecondaryLocation\": \"Australia East\",\r\n    \"earliestRestoreDate\": null,\r\n    \"elasticPoolName\": null,\r\n    \"containmentState\": 2\r\n  }\r\n}",
      "ResponseHeaders": {
        "Content-Length": [
          "830"
        ],
        "Content-Type": [
          "application/json; odata=minimalmetadata; streaming=true; charset=utf-8"
        ],
        "x-ms-request-id": [
          "dd5de9a2-cd8e-4f92-91d2-b2e21aac4a40"
        ],
        "X-Content-Type-Options": [
          "nosniff"
        ],
        "DataServiceVersion": [
          "3.0;"
        ],
        "Strict-Transport-Security": [
          "max-age=31536000; includeSubDomains"
        ],
        "x-ms-ratelimit-remaining-subscription-reads": [
          "14736"
        ],
        "x-ms-correlation-request-id": [
          "bec67676-0d17-48fa-9366-b725727b91b4"
        ],
        "x-ms-routing-request-id": [
          "WESTUS:20150923T182609Z:bec67676-0d17-48fa-9366-b725727b91b4"
        ],
        "Cache-Control": [
          "no-store, no-cache"
        ],
        "Date": [
          "Wed, 23 Sep 2015 18:26:08 GMT"
        ],
        "Server": [
          "Microsoft-HTTPAPI/2.0"
        ]
      },
      "StatusCode": 200
    },
    {
      "RequestUri": "/subscriptions/7e2dffb5-45b5-475a-91be-d3d9973c82d4/resourceGroups/onesdk1269/providers/Microsoft.Sql/servers/onesdk55/databases/onesdk987?api-version=2014-04-01",
      "EncodedRequestUri": "L3N1YnNjcmlwdGlvbnMvN2UyZGZmYjUtNDViNS00NzVhLTkxYmUtZDNkOTk3M2M4MmQ0L3Jlc291cmNlR3JvdXBzL29uZXNkazEyNjkvcHJvdmlkZXJzL01pY3Jvc29mdC5TcWwvc2VydmVycy9vbmVzZGs1NS9kYXRhYmFzZXMvb25lc2RrOTg3P2FwaS12ZXJzaW9uPTIwMTQtMDQtMDE=",
      "RequestMethod": "PUT",
      "RequestBody": "{\r\n  \"properties\": {\r\n    \"edition\": \"DataWarehouse\",\r\n    \"collation\": \"SQL_Latin1_General_CP1_CI_AS\",\r\n    \"maxSizeBytes\": \"268435456000\",\r\n    \"requestedServiceObjectiveName\": \"DW100\"\r\n  },\r\n  \"location\": \"Australia Southeast\",\r\n  \"tags\": {}\r\n}",
      "RequestHeaders": {
        "Content-Type": [
          "application/json; charset=utf-8"
        ],
        "Content-Length": [
          "247"
        ],
        "User-Agent": [
          "Microsoft.Azure.Management.Sql.SqlManagementClient/0.9.0.0"
        ],
        "x-ms-client-request-id": [
          "eb53c836-dd0d-4807-bf0b-06035bc97a6a"
        ]
      },
      "ResponseBody": "{\r\n  \"operation\": \"CreateLogicalDatabase\",\r\n  \"startTime\": \"2015-09-23T11:23:05.673-07:00\"\r\n}",
      "ResponseHeaders": {
        "Content-Length": [
          "80"
        ],
        "Content-Type": [
          "application/json; odata=minimalmetadata; streaming=true; charset=utf-8"
        ],
        "Retry-After": [
          "30"
        ],
        "x-ms-request-id": [
          "a1d432ca-ddc1-4dfa-b319-9e4c29467af4"
        ],
        "X-Content-Type-Options": [
          "nosniff"
        ],
        "Preference-Applied": [
          "return-content"
        ],
        "DataServiceVersion": [
          "3.0;"
        ],
        "Strict-Transport-Security": [
          "max-age=31536000; includeSubDomains"
        ],
        "x-ms-ratelimit-remaining-subscription-writes": [
          "1164"
        ],
        "x-ms-correlation-request-id": [
          "8814db7b-8519-4362-9e32-3875a04cc266"
        ],
        "x-ms-routing-request-id": [
          "WESTUS:20150923T182305Z:8814db7b-8519-4362-9e32-3875a04cc266"
        ],
        "Cache-Control": [
          "no-store, no-cache"
        ],
        "Date": [
          "Wed, 23 Sep 2015 18:23:04 GMT"
        ],
        "Location": [
          "https://management.azure.com/subscriptions/7e2dffb5-45b5-475a-91be-d3d9973c82d4/resourceGroups/onesdk1269/providers/Microsoft.Sql/servers/onesdk55/databases/onesdk987/operationResults/a1d432ca-ddc1-4dfa-b319-9e4c29467af4?api-version=2014-04-01-Preview"
        ],
        "Server": [
          "Microsoft-HTTPAPI/2.0"
        ]
      },
      "StatusCode": 202
    },
    {
      "RequestUri": "/subscriptions/7e2dffb5-45b5-475a-91be-d3d9973c82d4/resourceGroups/onesdk1269/providers/Microsoft.Sql/servers/onesdk55/databases/onesdk987/operationResults/a1d432ca-ddc1-4dfa-b319-9e4c29467af4?api-version=2014-04-01-Preview",
      "EncodedRequestUri": "L3N1YnNjcmlwdGlvbnMvN2UyZGZmYjUtNDViNS00NzVhLTkxYmUtZDNkOTk3M2M4MmQ0L3Jlc291cmNlR3JvdXBzL29uZXNkazEyNjkvcHJvdmlkZXJzL01pY3Jvc29mdC5TcWwvc2VydmVycy9vbmVzZGs1NS9kYXRhYmFzZXMvb25lc2RrOTg3L29wZXJhdGlvblJlc3VsdHMvYTFkNDMyY2EtZGRjMS00ZGZhLWIzMTktOWU0YzI5NDY3YWY0P2FwaS12ZXJzaW9uPTIwMTQtMDQtMDEtUHJldmlldw==",
      "RequestMethod": "GET",
      "RequestBody": "",
      "RequestHeaders": {
        "User-Agent": [
          "Microsoft.Azure.Management.Sql.SqlManagementClient/0.9.0.0"
        ],
        "x-ms-client-request-id": [
          "eb53c836-dd0d-4807-bf0b-06035bc97a6a"
        ]
      },
      "ResponseBody": "{\r\n  \"operation\": \"CreateLogicalDatabase\",\r\n  \"startTime\": \"2015-09-23T18:23:05.657Z\"\r\n}",
      "ResponseHeaders": {
        "Content-Length": [
          "75"
        ],
        "Content-Type": [
          "application/json"
        ],
        "Retry-After": [
          "30"
        ],
        "x-ms-request-id": [
          "0a2f39d7-caa5-49a1-8f03-a0c0461a465a"
        ],
        "X-Content-Type-Options": [
          "nosniff"
        ],
        "DataServiceVersion": [
          "3.0;"
        ],
        "Strict-Transport-Security": [
          "max-age=31536000; includeSubDomains"
        ],
        "x-ms-ratelimit-remaining-subscription-reads": [
          "14743"
        ],
        "x-ms-correlation-request-id": [
          "610675f4-a429-4b53-aee7-c2ef7eb21fdb"
        ],
        "x-ms-routing-request-id": [
          "WESTUS:20150923T182306Z:610675f4-a429-4b53-aee7-c2ef7eb21fdb"
        ],
        "Cache-Control": [
          "no-store, no-cache"
        ],
        "Date": [
          "Wed, 23 Sep 2015 18:23:05 GMT"
        ],
        "Location": [
          "https://management.azure.com/subscriptions/7e2dffb5-45b5-475a-91be-d3d9973c82d4/resourceGroups/onesdk1269/providers/Microsoft.Sql/servers/onesdk55/databases/onesdk987/operationResults/a1d432ca-ddc1-4dfa-b319-9e4c29467af4?api-version=2014-04-01-Preview"
        ],
        "Server": [
          "Microsoft-HTTPAPI/2.0"
        ]
      },
      "StatusCode": 202
    },
    {
      "RequestUri": "/subscriptions/7e2dffb5-45b5-475a-91be-d3d9973c82d4/resourceGroups/onesdk1269/providers/Microsoft.Sql/servers/onesdk55/databases/onesdk987/operationResults/a1d432ca-ddc1-4dfa-b319-9e4c29467af4?api-version=2014-04-01-Preview",
      "EncodedRequestUri": "L3N1YnNjcmlwdGlvbnMvN2UyZGZmYjUtNDViNS00NzVhLTkxYmUtZDNkOTk3M2M4MmQ0L3Jlc291cmNlR3JvdXBzL29uZXNkazEyNjkvcHJvdmlkZXJzL01pY3Jvc29mdC5TcWwvc2VydmVycy9vbmVzZGs1NS9kYXRhYmFzZXMvb25lc2RrOTg3L29wZXJhdGlvblJlc3VsdHMvYTFkNDMyY2EtZGRjMS00ZGZhLWIzMTktOWU0YzI5NDY3YWY0P2FwaS12ZXJzaW9uPTIwMTQtMDQtMDEtUHJldmlldw==",
      "RequestMethod": "GET",
      "RequestBody": "",
      "RequestHeaders": {
        "User-Agent": [
          "Microsoft.Azure.Management.Sql.SqlManagementClient/0.9.0.0"
        ],
        "x-ms-client-request-id": [
          "eb53c836-dd0d-4807-bf0b-06035bc97a6a"
        ]
      },
      "ResponseBody": "{\r\n  \"operation\": \"CreateLogicalDatabase\",\r\n  \"startTime\": \"2015-09-23T18:23:05.657Z\"\r\n}",
      "ResponseHeaders": {
        "Content-Length": [
          "75"
        ],
        "Content-Type": [
          "application/json"
        ],
        "Retry-After": [
          "30"
        ],
        "x-ms-request-id": [
          "56b6b668-2cc2-4289-87f2-05a778927cfc"
        ],
        "X-Content-Type-Options": [
          "nosniff"
        ],
        "DataServiceVersion": [
          "3.0;"
        ],
        "Strict-Transport-Security": [
          "max-age=31536000; includeSubDomains"
        ],
        "x-ms-ratelimit-remaining-subscription-reads": [
          "14923"
        ],
        "x-ms-correlation-request-id": [
          "77850ee1-5822-4e9c-af5e-e3fcfd011ba9"
        ],
        "x-ms-routing-request-id": [
          "CENTRALUS:20150923T182338Z:77850ee1-5822-4e9c-af5e-e3fcfd011ba9"
        ],
        "Cache-Control": [
          "no-store, no-cache"
        ],
        "Date": [
          "Wed, 23 Sep 2015 18:23:38 GMT"
        ],
        "Location": [
          "https://management.azure.com/subscriptions/7e2dffb5-45b5-475a-91be-d3d9973c82d4/resourceGroups/onesdk1269/providers/Microsoft.Sql/servers/onesdk55/databases/onesdk987/operationResults/a1d432ca-ddc1-4dfa-b319-9e4c29467af4?api-version=2014-04-01-Preview"
        ],
        "Server": [
          "Microsoft-HTTPAPI/2.0"
        ]
      },
      "StatusCode": 202
    },
    {
      "RequestUri": "/subscriptions/7e2dffb5-45b5-475a-91be-d3d9973c82d4/resourceGroups/onesdk1269/providers/Microsoft.Sql/servers/onesdk55/databases/onesdk987/operationResults/a1d432ca-ddc1-4dfa-b319-9e4c29467af4?api-version=2014-04-01-Preview",
      "EncodedRequestUri": "L3N1YnNjcmlwdGlvbnMvN2UyZGZmYjUtNDViNS00NzVhLTkxYmUtZDNkOTk3M2M4MmQ0L3Jlc291cmNlR3JvdXBzL29uZXNkazEyNjkvcHJvdmlkZXJzL01pY3Jvc29mdC5TcWwvc2VydmVycy9vbmVzZGs1NS9kYXRhYmFzZXMvb25lc2RrOTg3L29wZXJhdGlvblJlc3VsdHMvYTFkNDMyY2EtZGRjMS00ZGZhLWIzMTktOWU0YzI5NDY3YWY0P2FwaS12ZXJzaW9uPTIwMTQtMDQtMDEtUHJldmlldw==",
      "RequestMethod": "GET",
      "RequestBody": "",
      "RequestHeaders": {
        "User-Agent": [
          "Microsoft.Azure.Management.Sql.SqlManagementClient/0.9.0.0"
        ],
        "x-ms-client-request-id": [
          "eb53c836-dd0d-4807-bf0b-06035bc97a6a"
        ]
      },
      "ResponseBody": "{\r\n  \"operation\": \"CreateLogicalDatabase\",\r\n  \"startTime\": \"2015-09-23T18:23:05.657Z\"\r\n}",
      "ResponseHeaders": {
        "Content-Length": [
          "75"
        ],
        "Content-Type": [
          "application/json"
        ],
        "Retry-After": [
          "30"
        ],
        "x-ms-request-id": [
          "bcfa5999-6aac-48a4-bf48-b3ab5bb2ec7e"
        ],
        "X-Content-Type-Options": [
          "nosniff"
        ],
        "DataServiceVersion": [
          "3.0;"
        ],
        "Strict-Transport-Security": [
          "max-age=31536000; includeSubDomains"
        ],
        "x-ms-ratelimit-remaining-subscription-reads": [
          "14905"
        ],
        "x-ms-correlation-request-id": [
          "2d925509-7c88-4d5d-8bfc-49548800ddc6"
        ],
        "x-ms-routing-request-id": [
          "CENTRALUS:20150923T182355Z:2d925509-7c88-4d5d-8bfc-49548800ddc6"
        ],
        "Cache-Control": [
          "no-store, no-cache"
        ],
        "Date": [
          "Wed, 23 Sep 2015 18:23:55 GMT"
        ],
        "Location": [
          "https://management.azure.com/subscriptions/7e2dffb5-45b5-475a-91be-d3d9973c82d4/resourceGroups/onesdk1269/providers/Microsoft.Sql/servers/onesdk55/databases/onesdk987/operationResults/a1d432ca-ddc1-4dfa-b319-9e4c29467af4?api-version=2014-04-01-Preview"
        ],
        "Server": [
          "Microsoft-HTTPAPI/2.0"
        ]
      },
      "StatusCode": 202
    },
    {
      "RequestUri": "/subscriptions/7e2dffb5-45b5-475a-91be-d3d9973c82d4/resourceGroups/onesdk1269/providers/Microsoft.Sql/servers/onesdk55/databases/onesdk987/operationResults/a1d432ca-ddc1-4dfa-b319-9e4c29467af4?api-version=2014-04-01-Preview",
      "EncodedRequestUri": "L3N1YnNjcmlwdGlvbnMvN2UyZGZmYjUtNDViNS00NzVhLTkxYmUtZDNkOTk3M2M4MmQ0L3Jlc291cmNlR3JvdXBzL29uZXNkazEyNjkvcHJvdmlkZXJzL01pY3Jvc29mdC5TcWwvc2VydmVycy9vbmVzZGs1NS9kYXRhYmFzZXMvb25lc2RrOTg3L29wZXJhdGlvblJlc3VsdHMvYTFkNDMyY2EtZGRjMS00ZGZhLWIzMTktOWU0YzI5NDY3YWY0P2FwaS12ZXJzaW9uPTIwMTQtMDQtMDEtUHJldmlldw==",
      "RequestMethod": "GET",
      "RequestBody": "",
      "RequestHeaders": {
        "User-Agent": [
          "Microsoft.Azure.Management.Sql.SqlManagementClient/0.9.0.0"
        ],
        "x-ms-client-request-id": [
          "eb53c836-dd0d-4807-bf0b-06035bc97a6a"
        ]
      },
      "ResponseBody": "{\r\n  \"operation\": \"CreateLogicalDatabase\",\r\n  \"startTime\": \"2015-09-23T18:23:05.657Z\"\r\n}",
      "ResponseHeaders": {
        "Content-Length": [
          "75"
        ],
        "Content-Type": [
          "application/json"
        ],
        "Retry-After": [
          "30"
        ],
        "x-ms-request-id": [
          "ada0d7f6-8c9b-4191-bec3-3668c2ed0d70"
        ],
        "X-Content-Type-Options": [
          "nosniff"
        ],
        "DataServiceVersion": [
          "3.0;"
        ],
        "Strict-Transport-Security": [
          "max-age=31536000; includeSubDomains"
        ],
        "x-ms-ratelimit-remaining-subscription-reads": [
          "14904"
        ],
        "x-ms-correlation-request-id": [
          "1d0690d1-1b23-4f70-85a0-98cc18d26023"
        ],
        "x-ms-routing-request-id": [
          "CENTRALUS:20150923T182412Z:1d0690d1-1b23-4f70-85a0-98cc18d26023"
        ],
        "Cache-Control": [
          "no-store, no-cache"
        ],
        "Date": [
          "Wed, 23 Sep 2015 18:24:11 GMT"
        ],
        "Location": [
          "https://management.azure.com/subscriptions/7e2dffb5-45b5-475a-91be-d3d9973c82d4/resourceGroups/onesdk1269/providers/Microsoft.Sql/servers/onesdk55/databases/onesdk987/operationResults/a1d432ca-ddc1-4dfa-b319-9e4c29467af4?api-version=2014-04-01-Preview"
        ],
        "Server": [
          "Microsoft-HTTPAPI/2.0"
        ]
      },
      "StatusCode": 202
    },
    {
      "RequestUri": "/subscriptions/7e2dffb5-45b5-475a-91be-d3d9973c82d4/resourceGroups/onesdk1269/providers/Microsoft.Sql/servers/onesdk55/databases/onesdk987/operationResults/a1d432ca-ddc1-4dfa-b319-9e4c29467af4?api-version=2014-04-01-Preview",
      "EncodedRequestUri": "L3N1YnNjcmlwdGlvbnMvN2UyZGZmYjUtNDViNS00NzVhLTkxYmUtZDNkOTk3M2M4MmQ0L3Jlc291cmNlR3JvdXBzL29uZXNkazEyNjkvcHJvdmlkZXJzL01pY3Jvc29mdC5TcWwvc2VydmVycy9vbmVzZGs1NS9kYXRhYmFzZXMvb25lc2RrOTg3L29wZXJhdGlvblJlc3VsdHMvYTFkNDMyY2EtZGRjMS00ZGZhLWIzMTktOWU0YzI5NDY3YWY0P2FwaS12ZXJzaW9uPTIwMTQtMDQtMDEtUHJldmlldw==",
      "RequestMethod": "GET",
      "RequestBody": "",
      "RequestHeaders": {
        "User-Agent": [
          "Microsoft.Azure.Management.Sql.SqlManagementClient/0.9.0.0"
        ],
        "x-ms-client-request-id": [
          "eb53c836-dd0d-4807-bf0b-06035bc97a6a"
        ]
      },
      "ResponseBody": "{\r\n  \"operation\": \"CreateLogicalDatabase\",\r\n  \"startTime\": \"2015-09-23T18:23:05.657Z\"\r\n}",
      "ResponseHeaders": {
        "Content-Length": [
          "75"
        ],
        "Content-Type": [
          "application/json"
        ],
        "Retry-After": [
          "30"
        ],
        "x-ms-request-id": [
          "0b32783b-698d-4b47-88c2-fa107959f8a0"
        ],
        "X-Content-Type-Options": [
          "nosniff"
        ],
        "DataServiceVersion": [
          "3.0;"
        ],
        "Strict-Transport-Security": [
          "max-age=31536000; includeSubDomains"
        ],
        "x-ms-ratelimit-remaining-subscription-reads": [
          "14900"
        ],
        "x-ms-correlation-request-id": [
          "ae687517-e8be-4bba-b3d3-6f118e0f6030"
        ],
        "x-ms-routing-request-id": [
          "CENTRALUS:20150923T182428Z:ae687517-e8be-4bba-b3d3-6f118e0f6030"
        ],
        "Cache-Control": [
          "no-store, no-cache"
        ],
        "Date": [
          "Wed, 23 Sep 2015 18:24:28 GMT"
        ],
        "Location": [
          "https://management.azure.com/subscriptions/7e2dffb5-45b5-475a-91be-d3d9973c82d4/resourceGroups/onesdk1269/providers/Microsoft.Sql/servers/onesdk55/databases/onesdk987/operationResults/a1d432ca-ddc1-4dfa-b319-9e4c29467af4?api-version=2014-04-01-Preview"
        ],
        "Server": [
          "Microsoft-HTTPAPI/2.0"
        ]
      },
      "StatusCode": 202
    },
    {
      "RequestUri": "/subscriptions/7e2dffb5-45b5-475a-91be-d3d9973c82d4/resourceGroups/onesdk1269/providers/Microsoft.Sql/servers/onesdk55/databases/onesdk987/operationResults/a1d432ca-ddc1-4dfa-b319-9e4c29467af4?api-version=2014-04-01-Preview",
      "EncodedRequestUri": "L3N1YnNjcmlwdGlvbnMvN2UyZGZmYjUtNDViNS00NzVhLTkxYmUtZDNkOTk3M2M4MmQ0L3Jlc291cmNlR3JvdXBzL29uZXNkazEyNjkvcHJvdmlkZXJzL01pY3Jvc29mdC5TcWwvc2VydmVycy9vbmVzZGs1NS9kYXRhYmFzZXMvb25lc2RrOTg3L29wZXJhdGlvblJlc3VsdHMvYTFkNDMyY2EtZGRjMS00ZGZhLWIzMTktOWU0YzI5NDY3YWY0P2FwaS12ZXJzaW9uPTIwMTQtMDQtMDEtUHJldmlldw==",
      "RequestMethod": "GET",
      "RequestBody": "",
      "RequestHeaders": {
        "User-Agent": [
          "Microsoft.Azure.Management.Sql.SqlManagementClient/0.9.0.0"
        ],
        "x-ms-client-request-id": [
          "eb53c836-dd0d-4807-bf0b-06035bc97a6a"
        ]
      },
      "ResponseBody": "{\r\n  \"operation\": \"CreateLogicalDatabase\",\r\n  \"startTime\": \"2015-09-23T18:23:05.657Z\"\r\n}",
      "ResponseHeaders": {
        "Content-Length": [
          "75"
        ],
        "Content-Type": [
          "application/json"
        ],
        "Retry-After": [
          "30"
        ],
        "x-ms-request-id": [
          "cc4f0a22-b981-4278-850e-5bc450b8f0da"
        ],
        "X-Content-Type-Options": [
          "nosniff"
        ],
        "DataServiceVersion": [
          "3.0;"
        ],
        "Strict-Transport-Security": [
          "max-age=31536000; includeSubDomains"
        ],
        "x-ms-ratelimit-remaining-subscription-reads": [
          "14910"
        ],
        "x-ms-correlation-request-id": [
          "3ce72c2b-4c36-47b6-85cc-92647a60ca04"
        ],
        "x-ms-routing-request-id": [
          "CENTRALUS:20150923T182445Z:3ce72c2b-4c36-47b6-85cc-92647a60ca04"
        ],
        "Cache-Control": [
          "no-store, no-cache"
        ],
        "Date": [
          "Wed, 23 Sep 2015 18:24:44 GMT"
        ],
        "Location": [
          "https://management.azure.com/subscriptions/7e2dffb5-45b5-475a-91be-d3d9973c82d4/resourceGroups/onesdk1269/providers/Microsoft.Sql/servers/onesdk55/databases/onesdk987/operationResults/a1d432ca-ddc1-4dfa-b319-9e4c29467af4?api-version=2014-04-01-Preview"
        ],
        "Server": [
          "Microsoft-HTTPAPI/2.0"
        ]
      },
      "StatusCode": 202
    },
    {
      "RequestUri": "/subscriptions/7e2dffb5-45b5-475a-91be-d3d9973c82d4/resourceGroups/onesdk1269/providers/Microsoft.Sql/servers/onesdk55/databases/onesdk987/operationResults/a1d432ca-ddc1-4dfa-b319-9e4c29467af4?api-version=2014-04-01-Preview",
      "EncodedRequestUri": "L3N1YnNjcmlwdGlvbnMvN2UyZGZmYjUtNDViNS00NzVhLTkxYmUtZDNkOTk3M2M4MmQ0L3Jlc291cmNlR3JvdXBzL29uZXNkazEyNjkvcHJvdmlkZXJzL01pY3Jvc29mdC5TcWwvc2VydmVycy9vbmVzZGs1NS9kYXRhYmFzZXMvb25lc2RrOTg3L29wZXJhdGlvblJlc3VsdHMvYTFkNDMyY2EtZGRjMS00ZGZhLWIzMTktOWU0YzI5NDY3YWY0P2FwaS12ZXJzaW9uPTIwMTQtMDQtMDEtUHJldmlldw==",
      "RequestMethod": "GET",
      "RequestBody": "",
      "RequestHeaders": {
        "User-Agent": [
          "Microsoft.Azure.Management.Sql.SqlManagementClient/0.9.0.0"
        ],
        "x-ms-client-request-id": [
          "eb53c836-dd0d-4807-bf0b-06035bc97a6a"
        ]
      },
      "ResponseBody": "{\r\n  \"operation\": \"CreateLogicalDatabase\",\r\n  \"startTime\": \"2015-09-23T18:23:05.657Z\"\r\n}",
      "ResponseHeaders": {
        "Content-Length": [
          "75"
        ],
        "Content-Type": [
          "application/json"
        ],
        "Retry-After": [
          "30"
        ],
        "x-ms-request-id": [
          "70b74159-c960-4438-8d1c-3d2383d56a2d"
        ],
        "X-Content-Type-Options": [
          "nosniff"
        ],
        "DataServiceVersion": [
          "3.0;"
        ],
        "Strict-Transport-Security": [
          "max-age=31536000; includeSubDomains"
        ],
        "x-ms-ratelimit-remaining-subscription-reads": [
          "14930"
        ],
        "x-ms-correlation-request-id": [
          "53400b39-8732-4f4e-aae7-113a5e7a7169"
        ],
        "x-ms-routing-request-id": [
          "CENTRALUS:20150923T182501Z:53400b39-8732-4f4e-aae7-113a5e7a7169"
        ],
        "Cache-Control": [
          "no-store, no-cache"
        ],
        "Date": [
          "Wed, 23 Sep 2015 18:25:01 GMT"
        ],
        "Location": [
          "https://management.azure.com/subscriptions/7e2dffb5-45b5-475a-91be-d3d9973c82d4/resourceGroups/onesdk1269/providers/Microsoft.Sql/servers/onesdk55/databases/onesdk987/operationResults/a1d432ca-ddc1-4dfa-b319-9e4c29467af4?api-version=2014-04-01-Preview"
        ],
        "Server": [
          "Microsoft-HTTPAPI/2.0"
        ]
      },
      "StatusCode": 202
    },
    {
      "RequestUri": "/subscriptions/7e2dffb5-45b5-475a-91be-d3d9973c82d4/resourceGroups/onesdk1269/providers/Microsoft.Sql/servers/onesdk55/databases/onesdk987/operationResults/a1d432ca-ddc1-4dfa-b319-9e4c29467af4?api-version=2014-04-01-Preview",
      "EncodedRequestUri": "L3N1YnNjcmlwdGlvbnMvN2UyZGZmYjUtNDViNS00NzVhLTkxYmUtZDNkOTk3M2M4MmQ0L3Jlc291cmNlR3JvdXBzL29uZXNkazEyNjkvcHJvdmlkZXJzL01pY3Jvc29mdC5TcWwvc2VydmVycy9vbmVzZGs1NS9kYXRhYmFzZXMvb25lc2RrOTg3L29wZXJhdGlvblJlc3VsdHMvYTFkNDMyY2EtZGRjMS00ZGZhLWIzMTktOWU0YzI5NDY3YWY0P2FwaS12ZXJzaW9uPTIwMTQtMDQtMDEtUHJldmlldw==",
      "RequestMethod": "GET",
      "RequestBody": "",
      "RequestHeaders": {
        "User-Agent": [
          "Microsoft.Azure.Management.Sql.SqlManagementClient/0.9.0.0"
        ],
        "x-ms-client-request-id": [
          "eb53c836-dd0d-4807-bf0b-06035bc97a6a"
        ]
      },
      "ResponseBody": "{\r\n  \"operation\": \"CreateLogicalDatabase\",\r\n  \"startTime\": \"2015-09-23T18:23:05.657Z\"\r\n}",
      "ResponseHeaders": {
        "Content-Length": [
          "75"
        ],
        "Content-Type": [
          "application/json"
        ],
        "Retry-After": [
          "30"
        ],
        "x-ms-request-id": [
          "2560192a-86db-4bcc-b7cd-fb7fd7b21bed"
        ],
        "X-Content-Type-Options": [
          "nosniff"
        ],
        "DataServiceVersion": [
          "3.0;"
        ],
        "Strict-Transport-Security": [
          "max-age=31536000; includeSubDomains"
        ],
        "x-ms-ratelimit-remaining-subscription-reads": [
          "14920"
        ],
        "x-ms-correlation-request-id": [
          "8ec92e34-1727-4a19-8d82-806115477b6f"
        ],
        "x-ms-routing-request-id": [
          "CENTRALUS:20150923T182519Z:8ec92e34-1727-4a19-8d82-806115477b6f"
        ],
        "Cache-Control": [
          "no-store, no-cache"
        ],
        "Date": [
          "Wed, 23 Sep 2015 18:25:18 GMT"
        ],
        "Location": [
          "https://management.azure.com/subscriptions/7e2dffb5-45b5-475a-91be-d3d9973c82d4/resourceGroups/onesdk1269/providers/Microsoft.Sql/servers/onesdk55/databases/onesdk987/operationResults/a1d432ca-ddc1-4dfa-b319-9e4c29467af4?api-version=2014-04-01-Preview"
        ],
        "Server": [
          "Microsoft-HTTPAPI/2.0"
        ]
      },
      "StatusCode": 202
    },
    {
      "RequestUri": "/subscriptions/7e2dffb5-45b5-475a-91be-d3d9973c82d4/resourceGroups/onesdk1269/providers/Microsoft.Sql/servers/onesdk55/databases/onesdk987/operationResults/a1d432ca-ddc1-4dfa-b319-9e4c29467af4?api-version=2014-04-01-Preview",
      "EncodedRequestUri": "L3N1YnNjcmlwdGlvbnMvN2UyZGZmYjUtNDViNS00NzVhLTkxYmUtZDNkOTk3M2M4MmQ0L3Jlc291cmNlR3JvdXBzL29uZXNkazEyNjkvcHJvdmlkZXJzL01pY3Jvc29mdC5TcWwvc2VydmVycy9vbmVzZGs1NS9kYXRhYmFzZXMvb25lc2RrOTg3L29wZXJhdGlvblJlc3VsdHMvYTFkNDMyY2EtZGRjMS00ZGZhLWIzMTktOWU0YzI5NDY3YWY0P2FwaS12ZXJzaW9uPTIwMTQtMDQtMDEtUHJldmlldw==",
      "RequestMethod": "GET",
      "RequestBody": "",
      "RequestHeaders": {
        "User-Agent": [
          "Microsoft.Azure.Management.Sql.SqlManagementClient/0.9.0.0"
        ],
        "x-ms-client-request-id": [
          "eb53c836-dd0d-4807-bf0b-06035bc97a6a"
        ]
      },
      "ResponseBody": "{\r\n  \"operation\": \"CreateLogicalDatabase\",\r\n  \"startTime\": \"2015-09-23T18:23:05.657Z\"\r\n}",
      "ResponseHeaders": {
        "Content-Length": [
          "75"
        ],
        "Content-Type": [
          "application/json"
        ],
        "Retry-After": [
          "30"
        ],
        "x-ms-request-id": [
          "f3fbd954-5ae8-45a9-9142-92f1285556dd"
        ],
        "X-Content-Type-Options": [
          "nosniff"
        ],
        "DataServiceVersion": [
          "3.0;"
        ],
        "Strict-Transport-Security": [
          "max-age=31536000; includeSubDomains"
        ],
        "x-ms-ratelimit-remaining-subscription-reads": [
          "14928"
        ],
        "x-ms-correlation-request-id": [
          "e372237c-6587-49df-9a09-a76e44801b86"
        ],
        "x-ms-routing-request-id": [
          "CENTRALUS:20150923T182535Z:e372237c-6587-49df-9a09-a76e44801b86"
        ],
        "Cache-Control": [
          "no-store, no-cache"
        ],
        "Date": [
          "Wed, 23 Sep 2015 18:25:35 GMT"
        ],
        "Location": [
          "https://management.azure.com/subscriptions/7e2dffb5-45b5-475a-91be-d3d9973c82d4/resourceGroups/onesdk1269/providers/Microsoft.Sql/servers/onesdk55/databases/onesdk987/operationResults/a1d432ca-ddc1-4dfa-b319-9e4c29467af4?api-version=2014-04-01-Preview"
        ],
        "Server": [
          "Microsoft-HTTPAPI/2.0"
        ]
      },
      "StatusCode": 202
    },
    {
      "RequestUri": "/subscriptions/7e2dffb5-45b5-475a-91be-d3d9973c82d4/resourceGroups/onesdk1269/providers/Microsoft.Sql/servers/onesdk55/databases/onesdk987/operationResults/a1d432ca-ddc1-4dfa-b319-9e4c29467af4?api-version=2014-04-01-Preview",
      "EncodedRequestUri": "L3N1YnNjcmlwdGlvbnMvN2UyZGZmYjUtNDViNS00NzVhLTkxYmUtZDNkOTk3M2M4MmQ0L3Jlc291cmNlR3JvdXBzL29uZXNkazEyNjkvcHJvdmlkZXJzL01pY3Jvc29mdC5TcWwvc2VydmVycy9vbmVzZGs1NS9kYXRhYmFzZXMvb25lc2RrOTg3L29wZXJhdGlvblJlc3VsdHMvYTFkNDMyY2EtZGRjMS00ZGZhLWIzMTktOWU0YzI5NDY3YWY0P2FwaS12ZXJzaW9uPTIwMTQtMDQtMDEtUHJldmlldw==",
      "RequestMethod": "GET",
      "RequestBody": "",
      "RequestHeaders": {
        "User-Agent": [
          "Microsoft.Azure.Management.Sql.SqlManagementClient/0.9.0.0"
        ],
        "x-ms-client-request-id": [
          "eb53c836-dd0d-4807-bf0b-06035bc97a6a"
        ]
      },
      "ResponseBody": "{\r\n  \"operation\": \"CreateLogicalDatabase\",\r\n  \"startTime\": \"2015-09-23T18:23:05.657Z\"\r\n}",
      "ResponseHeaders": {
        "Content-Length": [
          "75"
        ],
        "Content-Type": [
          "application/json"
        ],
        "Retry-After": [
          "30"
        ],
        "x-ms-request-id": [
          "99d27fae-58d5-4b1d-9e84-626411765b8f"
        ],
        "X-Content-Type-Options": [
          "nosniff"
        ],
        "DataServiceVersion": [
          "3.0;"
        ],
        "Strict-Transport-Security": [
          "max-age=31536000; includeSubDomains"
        ],
        "x-ms-ratelimit-remaining-subscription-reads": [
          "14735"
        ],
        "x-ms-correlation-request-id": [
          "569b0600-7a84-4223-b55a-f05e0a3f5384"
        ],
        "x-ms-routing-request-id": [
          "WESTUS:20150923T182552Z:569b0600-7a84-4223-b55a-f05e0a3f5384"
        ],
        "Cache-Control": [
          "no-store, no-cache"
        ],
        "Date": [
          "Wed, 23 Sep 2015 18:25:52 GMT"
        ],
        "Location": [
          "https://management.azure.com/subscriptions/7e2dffb5-45b5-475a-91be-d3d9973c82d4/resourceGroups/onesdk1269/providers/Microsoft.Sql/servers/onesdk55/databases/onesdk987/operationResults/a1d432ca-ddc1-4dfa-b319-9e4c29467af4?api-version=2014-04-01-Preview"
        ],
        "Server": [
          "Microsoft-HTTPAPI/2.0"
        ]
      },
      "StatusCode": 202
    },
    {
      "RequestUri": "/subscriptions/7e2dffb5-45b5-475a-91be-d3d9973c82d4/resourceGroups/onesdk1269/providers/Microsoft.Sql/servers/onesdk55/databases/onesdk987/operationResults/a1d432ca-ddc1-4dfa-b319-9e4c29467af4?api-version=2014-04-01-Preview",
      "EncodedRequestUri": "L3N1YnNjcmlwdGlvbnMvN2UyZGZmYjUtNDViNS00NzVhLTkxYmUtZDNkOTk3M2M4MmQ0L3Jlc291cmNlR3JvdXBzL29uZXNkazEyNjkvcHJvdmlkZXJzL01pY3Jvc29mdC5TcWwvc2VydmVycy9vbmVzZGs1NS9kYXRhYmFzZXMvb25lc2RrOTg3L29wZXJhdGlvblJlc3VsdHMvYTFkNDMyY2EtZGRjMS00ZGZhLWIzMTktOWU0YzI5NDY3YWY0P2FwaS12ZXJzaW9uPTIwMTQtMDQtMDEtUHJldmlldw==",
      "RequestMethod": "GET",
      "RequestBody": "",
      "RequestHeaders": {
        "User-Agent": [
          "Microsoft.Azure.Management.Sql.SqlManagementClient/0.9.0.0"
        ],
        "x-ms-client-request-id": [
          "eb53c836-dd0d-4807-bf0b-06035bc97a6a"
        ]
      },
      "ResponseBody": "{\r\n  \"tags\": {},\r\n  \"id\": \"/subscriptions/7e2dffb5-45b5-475a-91be-d3d9973c82d4/resourceGroups/onesdk1269/providers/Microsoft.Sql/servers/onesdk55/databases/onesdk987\",\r\n  \"name\": \"onesdk987\",\r\n  \"type\": \"Microsoft.Sql/servers/databases\",\r\n  \"location\": \"Australia Southeast\",\r\n  \"kind\": \"v12.0,user,datawarehouse\",\r\n  \"properties\": {\r\n    \"databaseId\": \"268aca4d-bf4a-49f4-804a-88ab76d58603\",\r\n    \"edition\": \"DataWarehouse\",\r\n    \"status\": \"Online\",\r\n    \"serviceLevelObjective\": \"DW100\",\r\n    \"collation\": \"SQL_Latin1_General_CP1_CI_AS\",\r\n    \"maxSizeBytes\": \"268435456000\",\r\n    \"creationDate\": \"2015-09-23T18:23:05.767Z\",\r\n    \"currentServiceObjectiveId\": \"4e63cb0e-91b9-46fd-b05c-51fdd2367618\",\r\n    \"requestedServiceObjectiveId\": \"4e63cb0e-91b9-46fd-b05c-51fdd2367618\",\r\n    \"requestedServiceObjectiveName\": null,\r\n    \"defaultSecondaryLocation\": \"Australia East\",\r\n    \"earliestRestoreDate\": null,\r\n    \"elasticPoolName\": null,\r\n    \"containmentState\": 2\r\n  }\r\n}",
      "ResponseHeaders": {
        "Content-Length": [
          "830"
        ],
        "Content-Type": [
          "application/json; odata=minimalmetadata; streaming=true; charset=utf-8"
        ],
        "x-ms-request-id": [
          "c488d453-5c33-4f0e-9ef9-b349d555736e"
        ],
        "X-Content-Type-Options": [
          "nosniff"
        ],
        "DataServiceVersion": [
          "3.0;"
        ],
        "Strict-Transport-Security": [
          "max-age=31536000; includeSubDomains"
        ],
        "x-ms-ratelimit-remaining-subscription-reads": [
          "14737"
        ],
        "x-ms-correlation-request-id": [
          "66896a43-22a2-452b-a0c2-41930622d452"
        ],
        "x-ms-routing-request-id": [
          "WESTUS:20150923T182608Z:66896a43-22a2-452b-a0c2-41930622d452"
        ],
        "Cache-Control": [
          "no-store, no-cache"
        ],
        "Date": [
          "Wed, 23 Sep 2015 18:26:07 GMT"
        ],
        "Server": [
          "Microsoft-HTTPAPI/2.0"
        ]
      },
      "StatusCode": 201
    },
    {
      "RequestUri": "/subscriptions/7e2dffb5-45b5-475a-91be-d3d9973c82d4/resourceGroups/onesdk1269/providers/Microsoft.Sql/servers/onesdk55/databases?api-version=2014-04-01",
      "EncodedRequestUri": "L3N1YnNjcmlwdGlvbnMvN2UyZGZmYjUtNDViNS00NzVhLTkxYmUtZDNkOTk3M2M4MmQ0L3Jlc291cmNlR3JvdXBzL29uZXNkazEyNjkvcHJvdmlkZXJzL01pY3Jvc29mdC5TcWwvc2VydmVycy9vbmVzZGs1NS9kYXRhYmFzZXM/YXBpLXZlcnNpb249MjAxNC0wNC0wMQ==",
      "RequestMethod": "GET",
      "RequestBody": "",
      "RequestHeaders": {
        "User-Agent": [
          "Microsoft.Azure.Management.Sql.SqlManagementClient/0.9.0.0"
        ],
        "x-ms-client-request-id": [
          "ad92b132-18e6-48ec-8dc8-381db1a5a391"
        ]
      },
      "ResponseBody": "{\r\n  \"value\": [\r\n    {\r\n      \"id\": \"/subscriptions/7e2dffb5-45b5-475a-91be-d3d9973c82d4/resourceGroups/onesdk1269/providers/Microsoft.Sql/servers/onesdk55/databases/master\",\r\n      \"name\": \"master\",\r\n      \"type\": \"Microsoft.Sql/servers/databases\",\r\n      \"location\": \"Australia Southeast\",\r\n      \"kind\": \"v12.0,system\",\r\n      \"properties\": {\r\n        \"databaseId\": \"63d426b7-c993-4e2b-9e18-072c9242e3a4\",\r\n        \"edition\": \"System\",\r\n        \"status\": \"Online\",\r\n        \"serviceLevelObjective\": \"System2\",\r\n        \"collation\": \"SQL_Latin1_General_CP1_CI_AS\",\r\n        \"maxSizeBytes\": \"5368709120\",\r\n        \"creationDate\": \"2015-09-23T18:20:13.313Z\",\r\n        \"currentServiceObjectiveId\": \"620323bf-2879-4807-b30d-c2e6d7b3b3aa\",\r\n        \"requestedServiceObjectiveId\": \"620323bf-2879-4807-b30d-c2e6d7b3b3aa\",\r\n        \"requestedServiceObjectiveName\": null,\r\n        \"defaultSecondaryLocation\": \"Australia East\",\r\n        \"earliestRestoreDate\": null,\r\n        \"elasticPoolName\": null,\r\n        \"containmentState\": 2\r\n      }\r\n    },\r\n    {\r\n      \"id\": \"/subscriptions/7e2dffb5-45b5-475a-91be-d3d9973c82d4/resourceGroups/onesdk1269/providers/Microsoft.Sql/servers/onesdk55/databases/onesdk4104\",\r\n      \"name\": \"onesdk4104\",\r\n      \"type\": \"Microsoft.Sql/servers/databases\",\r\n      \"location\": \"Australia Southeast\",\r\n      \"kind\": \"v12.0,user\",\r\n      \"properties\": {\r\n        \"databaseId\": \"dce36154-9682-4776-9470-243686a8024e\",\r\n        \"edition\": \"Standard\",\r\n        \"status\": \"Online\",\r\n        \"serviceLevelObjective\": \"S0\",\r\n        \"collation\": \"SQL_Latin1_General_CP1_CI_AS\",\r\n        \"maxSizeBytes\": \"1073741824\",\r\n        \"creationDate\": \"2015-09-23T18:20:45.487Z\",\r\n        \"currentServiceObjectiveId\": \"f1173c43-91bd-4aaa-973c-54e79e15235b\",\r\n        \"requestedServiceObjectiveId\": \"f1173c43-91bd-4aaa-973c-54e79e15235b\",\r\n        \"requestedServiceObjectiveName\": null,\r\n        \"defaultSecondaryLocation\": \"Australia East\",\r\n        \"earliestRestoreDate\": \"2015-09-23T18:31:43.923Z\",\r\n        \"elasticPoolName\": null,\r\n        \"containmentState\": 2\r\n      }\r\n    },\r\n    {\r\n      \"id\": \"/subscriptions/7e2dffb5-45b5-475a-91be-d3d9973c82d4/resourceGroups/onesdk1269/providers/Microsoft.Sql/servers/onesdk55/databases/onesdk987\",\r\n      \"name\": \"onesdk987\",\r\n      \"type\": \"Microsoft.Sql/servers/databases\",\r\n      \"location\": \"Australia Southeast\",\r\n      \"kind\": \"v12.0,user,datawarehouse\",\r\n      \"properties\": {\r\n        \"databaseId\": \"268aca4d-bf4a-49f4-804a-88ab76d58603\",\r\n        \"edition\": \"DataWarehouse\",\r\n        \"status\": \"Online\",\r\n        \"serviceLevelObjective\": \"DW100\",\r\n        \"collation\": \"SQL_Latin1_General_CP1_CI_AS\",\r\n        \"maxSizeBytes\": \"268435456000\",\r\n        \"creationDate\": \"2015-09-23T18:23:05.767Z\",\r\n        \"currentServiceObjectiveId\": \"4e63cb0e-91b9-46fd-b05c-51fdd2367618\",\r\n        \"requestedServiceObjectiveId\": \"4e63cb0e-91b9-46fd-b05c-51fdd2367618\",\r\n        \"requestedServiceObjectiveName\": null,\r\n        \"defaultSecondaryLocation\": \"Australia East\",\r\n        \"earliestRestoreDate\": null,\r\n        \"elasticPoolName\": null,\r\n        \"containmentState\": 2\r\n      }\r\n    },\r\n    {\r\n      \"id\": \"/subscriptions/7e2dffb5-45b5-475a-91be-d3d9973c82d4/resourceGroups/onesdk1269/providers/Microsoft.Sql/servers/onesdk55/databases/onesdk4764\",\r\n      \"name\": \"onesdk4764\",\r\n      \"type\": \"Microsoft.Sql/servers/databases\",\r\n      \"location\": \"Australia Southeast\",\r\n      \"kind\": \"v12.0,user\",\r\n      \"properties\": {\r\n        \"databaseId\": \"72176281-b6dc-4e3a-a72c-fe8a451a62b0\",\r\n        \"edition\": \"Basic\",\r\n        \"status\": \"Online\",\r\n        \"serviceLevelObjective\": \"Basic\",\r\n        \"collation\": \"Japanese_Bushu_Kakusu_100_CS_AS\",\r\n        \"maxSizeBytes\": \"1073741824\",\r\n        \"creationDate\": \"2015-09-23T18:21:54.127Z\",\r\n        \"currentServiceObjectiveId\": \"dd6d99bb-f193-4ec1-86f2-43d3bccbc49c\",\r\n        \"requestedServiceObjectiveId\": \"dd6d99bb-f193-4ec1-86f2-43d3bccbc49c\",\r\n        \"requestedServiceObjectiveName\": null,\r\n        \"defaultSecondaryLocation\": \"Australia East\",\r\n        \"earliestRestoreDate\": \"2015-09-23T18:32:55.407Z\",\r\n        \"elasticPoolName\": null,\r\n        \"containmentState\": 2\r\n      }\r\n    }\r\n  ]\r\n}",
      "ResponseHeaders": {
        "Content-Length": [
          "3273"
        ],
        "Content-Type": [
          "application/json; odata=minimalmetadata; streaming=true; charset=utf-8"
        ],
        "x-ms-request-id": [
          "9cedd305-cb70-4f25-9f95-59f0e5e3efc0"
        ],
        "X-Content-Type-Options": [
          "nosniff"
        ],
        "DataServiceVersion": [
          "3.0;"
        ],
        "Strict-Transport-Security": [
          "max-age=31536000; includeSubDomains"
        ],
        "x-ms-ratelimit-remaining-subscription-reads": [
          "14735"
        ],
        "x-ms-correlation-request-id": [
          "73a25e6d-2e25-4671-9392-bda9353c249f"
        ],
        "x-ms-routing-request-id": [
          "WESTUS:20150923T182610Z:73a25e6d-2e25-4671-9392-bda9353c249f"
        ],
        "Cache-Control": [
          "no-store, no-cache"
        ],
        "Date": [
          "Wed, 23 Sep 2015 18:26:09 GMT"
        ],
        "Server": [
          "Microsoft-HTTPAPI/2.0"
        ]
      },
      "StatusCode": 200
    }
  ],
  "Names": {
    "Test-GetDatabase": [
      "onesdk1269",
      "onesdk55",
      "onesdk4104",
      "onesdk4764",
      "onesdk987"
    ]
  },
  "Variables": {
    "SubscriptionId": "7e2dffb5-45b5-475a-91be-d3d9973c82d4",
    "TenantId": "72f988bf-86f1-41af-91ab-2d7cd011db47",
    "Domain": "microsoft.com",
    "User": "visriniv@microsoft.com"
  }
}