{
  "Get-AzRecoveryServicesBackupProtectableItem+[NoContext]+List+$GET+https://management.azure.com/subscriptions/38304e13-357e-405e-9e9a-220351dcce8c/resourceGroups/hiagarg/providers/Microsoft.RecoveryServices/vaults/hiagaVault/backupProtectableItems?api-version=2023-02-01\u0026$filter=backupManagementType eq %27AzureWorkload%27 and workloadType eq %27SQLDataBase%27+1": {
    "Request": {
      "Method": "GET",
      "RequestUri": "https://management.azure.com/subscriptions/38304e13-357e-405e-9e9a-220351dcce8c/resourceGroups/hiagarg/providers/Microsoft.RecoveryServices/vaults/hiagaVault/backupProtectableItems?api-version=2023-02-01\u0026$filter=backupManagementType%20eq%20%27AzureWorkload%27%20and%20workloadType%20eq%20%27SQLDataBase%27",
      "Content": null,
      "isContentBase64": false,
      "Headers": {
        "x-ms-unique-id": [ "46" ],
        "x-ms-client-request-id": [ "4c4809e1-c43c-46d7-9ead-d9da23a36699" ],
        "CommandName": [ "Az.RecoveryServices.Internal\\Get-AzRecoveryServicesBackupProtectableItem" ],
        "FullCommandName": [ "Get-AzRecoveryServicesBackupProtectableItem_List" ],
        "ParameterSetName": [ "__AllParameterSets" ],
        "User-Agent": [ "AzurePowershell/v0.0.0", "PSVersion/v7.3.10", "Az.RecoveryServices/0.1.0" ],
        "Authorization": [ "[Filtered]" ]
      },
      "ContentHeaders": {
      }
    },
    "Response": {
      "StatusCode": 200,
      "Headers": {
        "Cache-Control": [ "no-cache" ],
        "Pragma": [ "no-cache" ],
        "X-Content-Type-Options": [ "nosniff" ],
        "x-ms-request-id": [ "bc8680a8-cfa6-4a8a-8d58-47074fced0d9" ],
        "x-ms-client-request-id": [ "4c4809e1-c43c-46d7-9ead-d9da23a36699" ],
        "Strict-Transport-Security": [ "max-age=31536000; includeSubDomains" ],
        "Server": [ "Kestrel" ],
        "X-Powered-By": [ "ASP.NET" ],
        "x-ms-ratelimit-remaining-subscription-resource-requests": [ "299" ],
        "x-ms-correlation-request-id": [ "bc8680a8-cfa6-4a8a-8d58-47074fced0d9" ],
        "x-ms-routing-request-id": [ "BRAZILUS:20231202T125917Z:bc8680a8-cfa6-4a8a-8d58-47074fced0d9" ],
        "Date": [ "Sat, 02 Dec 2023 12:59:17 GMT" ]
      },
      "ContentHeaders": {
        "Content-Length": [ "3910" ],
        "Content-Type": [ "application/json; charset=utf-8" ],
        "Expires": [ "-1" ]
      },
      "Content": "{\"value\":[{\"id\":\"/subscriptions/38304e13-357e-405e-9e9a-220351dcce8c/resourceGroups/hiagarg/providers/Microsoft.RecoveryServices/vaults/hiagaVault/backupFabrics/Azure/protectionContainers/vmappcontainer;compute;hiagarg;sql-migration-vm2/protectableItems/sqlinstance;mssqlserver\",\"name\":\"sqlinstance;mssqlserver\",\"type\":\"Microsoft.RecoveryServices/vaults/backupFabrics/protectionContainers/protectableItems\",\"properties\":{\"parentName\":\"MSSQLSERVER\",\"serverName\":\"sql-migration-v\",\"isAutoProtectable\":true,\"isAutoProtected\":false,\"subinquireditemcount\":3,\"subprotectableitemcount\":3,\"prebackupvalidation\":{\"status\":\"Success\",\"code\":\"Success\"},\"IsProtectable\":false,\"backupManagementType\":\"AzureWorkload\",\"workloadType\":\"SQL\",\"protectableItemType\":\"SQLInstance\",\"friendlyName\":\"MSSQLSERVER\",\"protectionState\":\"NotProtected\"}},{\"id\":\"/subscriptions/38304e13-357e-405e-9e9a-220351dcce8c/resourceGroups/hiagarg/providers/Microsoft.RecoveryServices/vaults/hiagaVault/backupFabrics/Azure/protectionContainers/vmappcontainer;compute;hiagarg;sql-migration-vm2/protectableItems/sqldatabase;mssqlserver;master\",\"name\":\"sqldatabase;mssqlserver;master\",\"type\":\"Microsoft.RecoveryServices/vaults/backupFabrics/protectionContainers/protectableItems\",\"properties\":{\"parentName\":\"MSSQLSERVER\",\"serverName\":\"sql-migration-v\",\"isAutoProtectable\":false,\"isAutoProtected\":false,\"subinquireditemcount\":0,\"subprotectableitemcount\":0,\"IsProtectable\":true,\"backupManagementType\":\"AzureWorkload\",\"workloadType\":\"SQL\",\"protectableItemType\":\"SQLDataBase\",\"friendlyName\":\"master\",\"protectionState\":\"NotProtected\"}},{\"id\":\"/subscriptions/38304e13-357e-405e-9e9a-220351dcce8c/resourceGroups/hiagarg/providers/Microsoft.RecoveryServices/vaults/hiagaVault/backupFabrics/Azure/protectionContainers/vmappcontainer;compute;hiagarg;sql-migration-vm2/protectableItems/sqldatabase;mssqlserver;model\",\"name\":\"sqldatabase;mssqlserver;model\",\"type\":\"Microsoft.RecoveryServices/vaults/backupFabrics/protectionContainers/protectableItems\",\"properties\":{\"parentName\":\"MSSQLSERVER\",\"serverName\":\"sql-migration-v\",\"isAutoProtectable\":false,\"isAutoProtected\":false,\"subinquireditemcount\":0,\"subprotectableitemcount\":0,\"IsProtectable\":true,\"backupManagementType\":\"AzureWorkload\",\"workloadType\":\"SQL\",\"protectableItemType\":\"SQLDataBase\",\"friendlyName\":\"model\",\"protectionState\":\"NotProtected\"}},{\"id\":\"/subscriptions/38304e13-357e-405e-9e9a-220351dcce8c/resourceGroups/hiagarg/providers/Microsoft.RecoveryServices/vaults/hiagaVault/backupFabrics/Azure/protectionContainers/vmappcontainer;compute;hiagarg;sql-migration-vm2/protectableItems/sqldatabase;mssqlserver;msdb\",\"name\":\"sqldatabase;mssqlserver;msdb\",\"type\":\"Microsoft.RecoveryServices/vaults/backupFabrics/protectionContainers/protectableItems\",\"properties\":{\"parentName\":\"MSSQLSERVER\",\"serverName\":\"sql-migration-v\",\"isAutoProtectable\":false,\"isAutoProtected\":false,\"subinquireditemcount\":0,\"subprotectableitemcount\":0,\"IsProtectable\":true,\"backupManagementType\":\"AzureWorkload\",\"workloadType\":\"SQL\",\"protectableItemType\":\"SQLDataBase\",\"friendlyName\":\"msdb\",\"protectionState\":\"NotProtected\"}},{\"id\":\"/subscriptions/38304e13-357e-405e-9e9a-220351dcce8c/resourceGroups/hiagarg/providers/Microsoft.RecoveryServices/vaults/hiagaVault/backupFabrics/Azure/protectionContainers/vmappcontainer;compute;hiagarg;sql-pstest-vm1/protectableItems/sqlinstance;mssqlserver\",\"name\":\"sqlinstance;mssqlserver\",\"type\":\"Microsoft.RecoveryServices/vaults/backupFabrics/protectionContainers/protectableItems\",\"properties\":{\"parentName\":\"MSSQLSERVER\",\"serverName\":\"sql-pstest-vm1\",\"isAutoProtectable\":true,\"isAutoProtected\":false,\"subinquireditemcount\":6,\"subprotectableitemcount\":6,\"prebackupvalidation\":{\"status\":\"Success\",\"code\":\"Success\"},\"IsProtectable\":false,\"backupManagementType\":\"AzureWorkload\",\"workloadType\":\"SQL\",\"protectableItemType\":\"SQLInstance\",\"friendlyName\":\"MSSQLSERVER\",\"protectionState\":\"NotProtected\"}}]}",
      "isContentBase64": false
    }
  },
  "Get-AzRecoveryServicesBackupProtectableItem+[NoContext]+List+$GET+https://management.azure.com/Subscriptions/38304e13-357e-405e-9e9a-220351dcce8c/resourceGroups/hiagarg/providers/Microsoft.RecoveryServices/vaults/hiagaVault/backupProtectionIntents?api-version=2023-02-01\u0026$filter=itemType eq %27sqlinstance%27 and itemName eq %27mssqlserver%27 and parentName eq %27vmappcontainer%3Bcompute%3Bhiagarg%3Bsql-migration-vm2%27 and backupManagementType eq %27AzureWorkload%27+2": {
    "Request": {
      "Method": "GET",
      "RequestUri": "https://management.azure.com/Subscriptions/38304e13-357e-405e-9e9a-220351dcce8c/resourceGroups/hiagarg/providers/Microsoft.RecoveryServices/vaults/hiagaVault/backupProtectionIntents?api-version=2023-02-01\u0026$filter=itemType%20eq%20%27sqlinstance%27%20and%20itemName%20eq%20%27mssqlserver%27%20and%20parentName%20eq%20%27vmappcontainer%3Bcompute%3Bhiagarg%3Bsql-migration-vm2%27%20and%20backupManagementType%20eq%20%27AzureWorkload%27",
      "Content": null,
      "isContentBase64": false,
      "Headers": {
        "x-ms-unique-id": [ "47" ],
        "x-ms-client-request-id": [ "98aadf9f-0b91-4fb9-be6f-ee144b64e511" ],
        "CommandName": [ "Az.RecoveryServices.Internal\\Get-AzRecoveryServicesBackupProtectionIntent" ],
        "FullCommandName": [ "Get-AzRecoveryServicesBackupProtectionIntent_List" ],
        "ParameterSetName": [ "__AllParameterSets" ],
        "User-Agent": [ "AzurePowershell/v0.0.0", "PSVersion/v7.3.10", "Az.RecoveryServices/0.1.0" ],
        "Authorization": [ "[Filtered]" ]
      },
      "ContentHeaders": {
      }
    },
    "Response": {
      "StatusCode": 200,
      "Headers": {
        "Cache-Control": [ "no-cache" ],
        "Pragma": [ "no-cache" ],
        "X-Content-Type-Options": [ "nosniff" ],
        "x-ms-request-id": [ "bb076d69-68bc-4e81-866b-583b85f2f3e3" ],
        "x-ms-client-request-id": [ "98aadf9f-0b91-4fb9-be6f-ee144b64e511" ],
        "Strict-Transport-Security": [ "max-age=31536000; includeSubDomains" ],
        "Server": [ "Kestrel" ],
        "X-Powered-By": [ "ASP.NET" ],
        "x-ms-ratelimit-remaining-subscription-resource-requests": [ "299" ],
        "x-ms-correlation-request-id": [ "bb076d69-68bc-4e81-866b-583b85f2f3e3" ],
        "x-ms-routing-request-id": [ "BRAZILUS:20231202T125918Z:bb076d69-68bc-4e81-866b-583b85f2f3e3" ],
        "Date": [ "Sat, 02 Dec 2023 12:59:17 GMT" ]
      },
      "ContentHeaders": {
        "Content-Length": [ "12" ],
        "Content-Type": [ "application/json; charset=utf-8" ],
        "Expires": [ "-1" ]
      },
      "Content": "{\"value\":[]}",
      "isContentBase64": false
    }
  },
  "Get-AzRecoveryServicesBackupProtectableItem+[NoContext]+List+$GET+https://management.azure.com/Subscriptions/38304e13-357e-405e-9e9a-220351dcce8c/resourceGroups/hiagarg/providers/Microsoft.RecoveryServices/vaults/hiagaVault/backupProtectionIntents?api-version=2023-02-01\u0026$filter=itemType eq %27sqlinstance%27 and itemName eq %27mssqlserver%27 and parentName eq %27vmappcontainer%3Bcompute%3Bhiagarg%3Bsql-pstest-vm1%27 and backupManagementType eq %27AzureWorkload%27+3": {
    "Request": {
      "Method": "GET",
      "RequestUri": "https://management.azure.com/Subscriptions/38304e13-357e-405e-9e9a-220351dcce8c/resourceGroups/hiagarg/providers/Microsoft.RecoveryServices/vaults/hiagaVault/backupProtectionIntents?api-version=2023-02-01\u0026$filter=itemType%20eq%20%27sqlinstance%27%20and%20itemName%20eq%20%27mssqlserver%27%20and%20parentName%20eq%20%27vmappcontainer%3Bcompute%3Bhiagarg%3Bsql-pstest-vm1%27%20and%20backupManagementType%20eq%20%27AzureWorkload%27",
      "Content": null,
      "isContentBase64": false,
      "Headers": {
        "x-ms-unique-id": [ "48" ],
        "x-ms-client-request-id": [ "ddcbee02-c262-4e4c-bfef-ac4ab0e7429d" ],
        "CommandName": [ "Az.RecoveryServices.Internal\\Get-AzRecoveryServicesBackupProtectionIntent" ],
        "FullCommandName": [ "Get-AzRecoveryServicesBackupProtectionIntent_List" ],
        "ParameterSetName": [ "__AllParameterSets" ],
        "User-Agent": [ "AzurePowershell/v0.0.0", "PSVersion/v7.3.10", "Az.RecoveryServices/0.1.0" ],
        "Authorization": [ "[Filtered]" ]
      },
      "ContentHeaders": {
      }
    },
    "Response": {
      "StatusCode": 200,
      "Headers": {
        "Cache-Control": [ "no-cache" ],
        "Pragma": [ "no-cache" ],
        "X-Content-Type-Options": [ "nosniff" ],
        "x-ms-request-id": [ "cb5d0bd3-5f9f-41f3-952b-05f1afae27b2" ],
        "x-ms-client-request-id": [ "ddcbee02-c262-4e4c-bfef-ac4ab0e7429d" ],
        "Strict-Transport-Security": [ "max-age=31536000; includeSubDomains" ],
        "Server": [ "Kestrel" ],
        "X-Powered-By": [ "ASP.NET" ],
        "x-ms-ratelimit-remaining-subscription-resource-requests": [ "298" ],
        "x-ms-correlation-request-id": [ "cb5d0bd3-5f9f-41f3-952b-05f1afae27b2" ],
        "x-ms-routing-request-id": [ "BRAZILUS:20231202T125918Z:cb5d0bd3-5f9f-41f3-952b-05f1afae27b2" ],
        "Date": [ "Sat, 02 Dec 2023 12:59:18 GMT" ]
      },
      "ContentHeaders": {
        "Content-Length": [ "12" ],
        "Content-Type": [ "application/json; charset=utf-8" ],
        "Expires": [ "-1" ]
      },
      "Content": "{\"value\":[]}",
      "isContentBase64": false
    }
  },
  "Get-AzRecoveryServicesBackupProtectableItem+[NoContext]+List+$GET+https://management.azure.com/subscriptions/38304e13-357e-405e-9e9a-220351dcce8c/resourceGroups/hiagarg/providers/Microsoft.RecoveryServices/vaults/hiagaVault/backupProtectionContainers?api-version=2023-02-01\u0026$filter=backupManagementType eq %27AzureWorkload%27+4": {
    "Request": {
      "Method": "GET",
      "RequestUri": "https://management.azure.com/subscriptions/38304e13-357e-405e-9e9a-220351dcce8c/resourceGroups/hiagarg/providers/Microsoft.RecoveryServices/vaults/hiagaVault/backupProtectionContainers?api-version=2023-02-01\u0026$filter=backupManagementType%20eq%20%27AzureWorkload%27",
      "Content": null,
      "isContentBase64": false,
      "Headers": {
        "x-ms-unique-id": [ "49" ],
        "x-ms-client-request-id": [ "13f65713-b1ed-4940-a547-ba36f96046e2" ],
        "CommandName": [ "Az.RecoveryServices.Internal\\Get-AzRecoveryServicesBackupProtectionContainer" ],
        "FullCommandName": [ "Get-AzRecoveryServicesBackupProtectionContainer_List" ],
        "ParameterSetName": [ "__AllParameterSets" ],
        "User-Agent": [ "AzurePowershell/v0.0.0", "PSVersion/v7.3.10", "Az.RecoveryServices/0.1.0" ],
        "Authorization": [ "[Filtered]" ]
      },
      "ContentHeaders": {
      }
    },
    "Response": {
      "StatusCode": 200,
      "Headers": {
        "Cache-Control": [ "no-cache" ],
        "Pragma": [ "no-cache" ],
        "X-Content-Type-Options": [ "nosniff" ],
        "x-ms-request-id": [ "50abd5a2-84f8-4a41-ba2b-1050023867ea" ],
        "x-ms-client-request-id": [ "13f65713-b1ed-4940-a547-ba36f96046e2" ],
        "Strict-Transport-Security": [ "max-age=31536000; includeSubDomains" ],
        "Server": [ "Kestrel" ],
        "X-Powered-By": [ "ASP.NET" ],
        "x-ms-ratelimit-remaining-subscription-resource-requests": [ "297" ],
        "x-ms-correlation-request-id": [ "50abd5a2-84f8-4a41-ba2b-1050023867ea" ],
        "x-ms-routing-request-id": [ "BRAZILUS:20231202T125919Z:50abd5a2-84f8-4a41-ba2b-1050023867ea" ],
        "Date": [ "Sat, 02 Dec 2023 12:59:18 GMT" ]
      },
      "ContentHeaders": {
        "Content-Length": [ "3954" ],
        "Content-Type": [ "application/json; charset=utf-8" ],
        "Expires": [ "-1" ]
      },
      "Content": "{\"value\":[{\"id\":\"/subscriptions/38304e13-357e-405e-9e9a-220351dcce8c/resourceGroups/hiagarg/providers/Microsoft.RecoveryServices/vaults/hiagaVault/backupFabrics/Azure/protectionContainers/VMAppContainer;Compute;hiagarg;sql-migration-vm2\",\"name\":\"VMAppContainer;Compute;hiagarg;sql-migration-vm2\",\"type\":\"Microsoft.RecoveryServices/vaults/backupFabrics/protectionContainers\",\"properties\":{\"sourceResourceId\":\"/subscriptions/38304e13-357e-405e-9e9a-220351dcce8c/resourceGroups/hiagarg/providers/Microsoft.Compute/virtualMachines/sql-migration-vm2\",\"lastUpdatedTime\":\"2023-10-12T10:19:56.1811718Z\",\"extendedInfo\":{\"hostServerName\":\"sql-migration-v\",\"inquiryInfo\":{\"status\":\"Success\",\"errorDetail\":{\"code\":\"Success\",\"message\":\"\",\"recommendations\":[\"\"]},\"inquiryDetails\":[{\"type\":\"SQL\",\"itemCount\":3,\"inquiryValidation\":{\"status\":\"Success\",\"errorDetail\":{\"code\":\"Success\",\"message\":\"\",\"recommendations\":[\"\"]},\"additionalDetail\":\"\"}}]}},\"friendlyName\":\"sql-migration-vm2\",\"backupManagementType\":\"AzureWorkload\",\"registrationStatus\":\"Registered\",\"healthStatus\":\"Healthy\",\"containerType\":\"VMAppContainer\",\"protectableObjectType\":\"VMAppContainer\"}},{\"id\":\"/subscriptions/38304e13-357e-405e-9e9a-220351dcce8c/resourceGroups/hiagarg/providers/Microsoft.RecoveryServices/vaults/hiagaVault/backupFabrics/Azure/protectionContainers/VMAppContainer;Compute;hiagarg;sql-pstest-vm1\",\"name\":\"VMAppContainer;Compute;hiagarg;sql-pstest-vm1\",\"type\":\"Microsoft.RecoveryServices/vaults/backupFabrics/protectionContainers\",\"properties\":{\"sourceResourceId\":\"/subscriptions/38304e13-357e-405e-9e9a-220351dcce8c/resourceGroups/hiagarg/providers/Microsoft.Compute/virtualMachines/sql-pstest-vm1\",\"lastUpdatedTime\":\"2022-06-07T09:36:38.2664137Z\",\"extendedInfo\":{\"hostServerName\":\"sql-pstest-vm1\",\"inquiryInfo\":{\"status\":\"Success\",\"errorDetail\":{\"code\":\"Success\",\"message\":\"\",\"recommendations\":[\"\"]},\"inquiryDetails\":[{\"type\":\"SQL\",\"itemCount\":6,\"inquiryValidation\":{\"status\":\"Success\",\"errorDetail\":{\"code\":\"Success\",\"message\":\"\",\"recommendations\":[\"\"]},\"additionalDetail\":\"\"}}]}},\"friendlyName\":\"sql-pstest-vm1\",\"backupManagementType\":\"AzureWorkload\",\"registrationStatus\":\"Registered\",\"healthStatus\":\"Healthy\",\"containerType\":\"VMAppContainer\",\"protectableObjectType\":\"VMAppContainer\"}},{\"id\":\"/subscriptions/38304e13-357e-405e-9e9a-220351dcce8c/resourceGroups/hiagarg/providers/Microsoft.RecoveryServices/vaults/hiagaVault/backupFabrics/Azure/protectionContainers/VMAppContainer;Compute;saphana-pstest;saphana-ccy-pstest-vm\",\"name\":\"VMAppContainer;Compute;saphana-pstest;saphana-ccy-pstest-vm\",\"type\":\"Microsoft.RecoveryServices/vaults/backupFabrics/protectionContainers\",\"properties\":{\"sourceResourceId\":\"/subscriptions/38304e13-357e-405e-9e9a-220351dcce8c/resourceGroups/saphana-pstest/providers/Microsoft.Compute/virtualMachines/saphana-ccy-pstest-vm\",\"lastUpdatedTime\":\"2023-05-29T04:29:27.5165824Z\",\"extendedInfo\":{\"hostServerName\":\"saphana-ccy-pstest-vm\",\"inquiryInfo\":{\"status\":\"Success\",\"errorDetail\":{\"code\":\"UserErrorHANASystemDBNotRunning\",\"message\":\"SYSTEMDB for the SAP HANA instance is not in running state.\",\"recommendations\":[\"Please start the SAP HANA system by running the command \u0027HDB start\u0027 as the sidadm user and retry the operation.\"]},\"inquiryDetails\":[{\"type\":\"SAPHana\",\"itemCount\":0,\"inquiryValidation\":{\"status\":\"Failed\",\"errorDetail\":{\"code\":\"UserErrorHANASystemDBNotRunning\",\"message\":\"SYSTEMDB for the SAP HANA instance is not in running state.\",\"recommendations\":[\"Please start the SAP HANA system by running the command \u0027HDB start\u0027 as the sidadm user and retry the operation.\"]},\"additionalDetail\":\"[HANAPlugin]: SystemDB is not in running state.\",\"protectableItemCount\":{\"SAPHanaSystem\":1,\"SAPHanaDatabase\":0,\"SAPHanaDBInstance\":6}}}]}},\"friendlyName\":\"saphana-ccy-pstest-vm\",\"backupManagementType\":\"AzureWorkload\",\"registrationStatus\":\"Registered\",\"healthStatus\":\"Healthy\",\"containerType\":\"VMAppContainer\",\"protectableObjectType\":\"VMAppContainer\"}}]}",
      "isContentBase64": false
    }
  },
  "Get-AzRecoveryServicesBackupProtectableItem+[NoContext]+List+$GET+https://management.azure.com/subscriptions/38304e13-357e-405e-9e9a-220351dcce8c/resourceGroups/hiagarg/providers/Microsoft.RecoveryServices/vaults/hiagaVault/backupProtectableItems?api-version=2023-02-01\u0026$filter=backupManagementType eq %27AzureWorkload%27 and workloadType eq %27SQLDataBase%27 and containerName eq %27VMAppContainer%3BCompute%3Bhiagarg%3Bsql-migration-vm2%27+5": {
    "Request": {
      "Method": "GET",
      "RequestUri": "https://management.azure.com/subscriptions/38304e13-357e-405e-9e9a-220351dcce8c/resourceGroups/hiagarg/providers/Microsoft.RecoveryServices/vaults/hiagaVault/backupProtectableItems?api-version=2023-02-01\u0026$filter=backupManagementType%20eq%20%27AzureWorkload%27%20and%20workloadType%20eq%20%27SQLDataBase%27%20and%20containerName%20eq%20%27VMAppContainer%3BCompute%3Bhiagarg%3Bsql-migration-vm2%27",
      "Content": null,
      "isContentBase64": false,
      "Headers": {
        "x-ms-unique-id": [ "50" ],
        "x-ms-client-request-id": [ "1433feb6-8b60-40b2-8ece-63dd9bc014bb" ],
        "CommandName": [ "Az.RecoveryServices.Internal\\Get-AzRecoveryServicesBackupProtectableItem" ],
        "FullCommandName": [ "Get-AzRecoveryServicesBackupProtectableItem_List" ],
        "ParameterSetName": [ "__AllParameterSets" ],
        "User-Agent": [ "AzurePowershell/v0.0.0", "PSVersion/v7.3.10", "Az.RecoveryServices/0.1.0" ],
        "Authorization": [ "[Filtered]" ]
      },
      "ContentHeaders": {
      }
    },
    "Response": {
      "StatusCode": 200,
      "Headers": {
        "Cache-Control": [ "no-cache" ],
        "Pragma": [ "no-cache" ],
        "X-Content-Type-Options": [ "nosniff" ],
        "x-ms-request-id": [ "46d68ab1-c0b7-42cd-a834-16bf52932c64" ],
        "x-ms-client-request-id": [ "1433feb6-8b60-40b2-8ece-63dd9bc014bb" ],
        "Strict-Transport-Security": [ "max-age=31536000; includeSubDomains" ],
        "Server": [ "Kestrel" ],
        "X-Powered-By": [ "ASP.NET" ],
        "x-ms-ratelimit-remaining-subscription-resource-requests": [ "298" ],
        "x-ms-correlation-request-id": [ "46d68ab1-c0b7-42cd-a834-16bf52932c64" ],
        "x-ms-routing-request-id": [ "BRAZILUS:20231202T125919Z:46d68ab1-c0b7-42cd-a834-16bf52932c64" ],
        "Date": [ "Sat, 02 Dec 2023 12:59:19 GMT" ]
      },
      "ContentHeaders": {
        "Content-Length": [ "3101" ],
        "Content-Type": [ "application/json; charset=utf-8" ],
        "Expires": [ "-1" ]
      },
      "Content": "{\"value\":[{\"id\":\"/subscriptions/38304e13-357e-405e-9e9a-220351dcce8c/resourceGroups/hiagarg/providers/Microsoft.RecoveryServices/vaults/hiagaVault/backupFabrics/Azure/protectionContainers/vmappcontainer;compute;hiagarg;sql-migration-vm2/protectableItems/sqlinstance;mssqlserver\",\"name\":\"sqlinstance;mssqlserver\",\"type\":\"Microsoft.RecoveryServices/vaults/backupFabrics/protectionContainers/protectableItems\",\"properties\":{\"parentName\":\"MSSQLSERVER\",\"serverName\":\"sql-migration-v\",\"isAutoProtectable\":true,\"isAutoProtected\":false,\"subinquireditemcount\":3,\"subprotectableitemcount\":3,\"prebackupvalidation\":{\"status\":\"Success\",\"code\":\"Success\"},\"IsProtectable\":false,\"backupManagementType\":\"AzureWorkload\",\"workloadType\":\"SQL\",\"protectableItemType\":\"SQLInstance\",\"friendlyName\":\"MSSQLSERVER\",\"protectionState\":\"NotProtected\"}},{\"id\":\"/subscriptions/38304e13-357e-405e-9e9a-220351dcce8c/resourceGroups/hiagarg/providers/Microsoft.RecoveryServices/vaults/hiagaVault/backupFabrics/Azure/protectionContainers/vmappcontainer;compute;hiagarg;sql-migration-vm2/protectableItems/sqldatabase;mssqlserver;master\",\"name\":\"sqldatabase;mssqlserver;master\",\"type\":\"Microsoft.RecoveryServices/vaults/backupFabrics/protectionContainers/protectableItems\",\"properties\":{\"parentName\":\"MSSQLSERVER\",\"serverName\":\"sql-migration-v\",\"isAutoProtectable\":false,\"isAutoProtected\":false,\"subinquireditemcount\":0,\"subprotectableitemcount\":0,\"IsProtectable\":true,\"backupManagementType\":\"AzureWorkload\",\"workloadType\":\"SQL\",\"protectableItemType\":\"SQLDataBase\",\"friendlyName\":\"master\",\"protectionState\":\"NotProtected\"}},{\"id\":\"/subscriptions/38304e13-357e-405e-9e9a-220351dcce8c/resourceGroups/hiagarg/providers/Microsoft.RecoveryServices/vaults/hiagaVault/backupFabrics/Azure/protectionContainers/vmappcontainer;compute;hiagarg;sql-migration-vm2/protectableItems/sqldatabase;mssqlserver;model\",\"name\":\"sqldatabase;mssqlserver;model\",\"type\":\"Microsoft.RecoveryServices/vaults/backupFabrics/protectionContainers/protectableItems\",\"properties\":{\"parentName\":\"MSSQLSERVER\",\"serverName\":\"sql-migration-v\",\"isAutoProtectable\":false,\"isAutoProtected\":false,\"subinquireditemcount\":0,\"subprotectableitemcount\":0,\"IsProtectable\":true,\"backupManagementType\":\"AzureWorkload\",\"workloadType\":\"SQL\",\"protectableItemType\":\"SQLDataBase\",\"friendlyName\":\"model\",\"protectionState\":\"NotProtected\"}},{\"id\":\"/subscriptions/38304e13-357e-405e-9e9a-220351dcce8c/resourceGroups/hiagarg/providers/Microsoft.RecoveryServices/vaults/hiagaVault/backupFabrics/Azure/protectionContainers/vmappcontainer;compute;hiagarg;sql-migration-vm2/protectableItems/sqldatabase;mssqlserver;msdb\",\"name\":\"sqldatabase;mssqlserver;msdb\",\"type\":\"Microsoft.RecoveryServices/vaults/backupFabrics/protectionContainers/protectableItems\",\"properties\":{\"parentName\":\"MSSQLSERVER\",\"serverName\":\"sql-migration-v\",\"isAutoProtectable\":false,\"isAutoProtected\":false,\"subinquireditemcount\":0,\"subprotectableitemcount\":0,\"IsProtectable\":true,\"backupManagementType\":\"AzureWorkload\",\"workloadType\":\"SQL\",\"protectableItemType\":\"SQLDataBase\",\"friendlyName\":\"msdb\",\"protectionState\":\"NotProtected\"}}]}",
      "isContentBase64": false
    }
  }
}