{
  "Get-AzRecoveryServicesBackupProtectionPolicy+[NoContext]+GetPolicyByName+$GET+https://management.azure.com/subscriptions/38304e13-357e-405e-9e9a-220351dcce8c/resourceGroups/hiagarg/providers/Microsoft.RecoveryServices/vaults/hiagaVault/backupPolicies/HourlyLogBackup?api-version=2023-02-01+1": {
    "Request": {
      "Method": "GET",
      "RequestUri": "https://management.azure.com/subscriptions/38304e13-357e-405e-9e9a-220351dcce8c/resourceGroups/hiagarg/providers/Microsoft.RecoveryServices/vaults/hiagaVault/backupPolicies/HourlyLogBackup?api-version=2023-02-01",
      "Content": null,
      "isContentBase64": false,
      "Headers": {
        "x-ms-unique-id": [ "51" ],
        "x-ms-client-request-id": [ "718e04b4-afe7-47c2-b6d6-08399d170887" ],
        "CommandName": [ "Az.RecoveryServices.Internal\\Get-AzRecoveryServicesBackupPolicy" ],
        "FullCommandName": [ "Get-AzRecoveryServicesBackupPolicy_Get" ],
        "ParameterSetName": [ "__AllParameterSets" ],
        "User-Agent": [ "AzurePowershell/v0.0.0", "PSVersion/v7.3.10", "Az.RecoveryServices/0.1.0" ],
        "Authorization": [ "[Filtered]" ]
      },
      "ContentHeaders": {
      }
    },
    "Response": {
      "StatusCode": 200,
      "Headers": {
        "Cache-Control": [ "no-cache" ],
        "Pragma": [ "no-cache" ],
        "X-Content-Type-Options": [ "nosniff" ],
        "x-ms-request-id": [ "1f1290bf-a9e8-49bf-8878-9bf0002388c1" ],
        "x-ms-client-request-id": [ "718e04b4-afe7-47c2-b6d6-08399d170887" ],
        "Strict-Transport-Security": [ "max-age=31536000; includeSubDomains" ],
        "Server": [ "Kestrel" ],
        "X-Powered-By": [ "ASP.NET" ],
        "x-ms-ratelimit-remaining-subscription-resource-requests": [ "285" ],
        "x-ms-correlation-request-id": [ "1f1290bf-a9e8-49bf-8878-9bf0002388c1" ],
        "x-ms-routing-request-id": [ "BRAZILUS:20231202T125920Z:1f1290bf-a9e8-49bf-8878-9bf0002388c1" ],
        "Date": [ "Sat, 02 Dec 2023 12:59:20 GMT" ]
      },
      "ContentHeaders": {
        "Content-Length": [ "1062" ],
        "Content-Type": [ "application/json; charset=utf-8" ],
        "Expires": [ "-1" ]
      },
      "Content": "{\"id\":\"/subscriptions/38304e13-357e-405e-9e9a-220351dcce8c/resourceGroups/hiagarg/providers/Microsoft.RecoveryServices/vaults/hiagaVault/backupPolicies/HourlyLogBackup\",\"name\":\"HourlyLogBackup\",\"type\":\"Microsoft.RecoveryServices/vaults/backupPolicies\",\"properties\":{\"backupManagementType\":\"AzureWorkload\",\"workLoadType\":\"SQLDataBase\",\"settings\":{\"timeZone\":\"UTC\",\"issqlcompression\":false,\"isCompression\":false},\"subProtectionPolicy\":[{\"policyType\":\"Full\",\"schedulePolicy\":{\"schedulePolicyType\":\"SimpleSchedulePolicy\",\"scheduleRunFrequency\":\"Daily\",\"scheduleRunTimes\":[\"2021-07-20T23:00:00Z\"],\"scheduleWeeklyFrequency\":0},\"retentionPolicy\":{\"retentionPolicyType\":\"LongTermRetentionPolicy\",\"dailySchedule\":{\"retentionTimes\":[\"2021-07-20T23:00:00Z\"],\"retentionDuration\":{\"count\":30,\"durationType\":\"Days\"}}}},{\"policyType\":\"Log\",\"schedulePolicy\":{\"schedulePolicyType\":\"LogSchedulePolicy\",\"scheduleFrequencyInMins\":60},\"retentionPolicy\":{\"retentionPolicyType\":\"SimpleRetentionPolicy\",\"retentionDuration\":{\"count\":30,\"durationType\":\"Days\"}}}],\"protectedItemsCount\":3}}",
      "isContentBase64": false
    }
  },
  "Get-AzRecoveryServicesBackupProtectionPolicy+[NoContext]+ListPolicy+$GET+https://management.azure.com/subscriptions/38304e13-357e-405e-9e9a-220351dcce8c/resourceGroups/hiagarg/providers/Microsoft.RecoveryServices/vaults/hiagaVault/backupPolicies?api-version=2023-02-01+1": {
    "Request": {
      "Method": "GET",
      "RequestUri": "https://management.azure.com/subscriptions/38304e13-357e-405e-9e9a-220351dcce8c/resourceGroups/hiagarg/providers/Microsoft.RecoveryServices/vaults/hiagaVault/backupPolicies?api-version=2023-02-01",
      "Content": null,
      "isContentBase64": false,
      "Headers": {
        "x-ms-unique-id": [ "52" ],
        "x-ms-client-request-id": [ "81aa9a9a-eb8c-4066-a23d-2f8ff6845789" ],
        "CommandName": [ "Az.RecoveryServices.Internal\\Get-AzRecoveryServicesBackupPolicy" ],
        "FullCommandName": [ "Get-AzRecoveryServicesBackupPolicy_List" ],
        "ParameterSetName": [ "__AllParameterSets" ],
        "User-Agent": [ "AzurePowershell/v0.0.0", "PSVersion/v7.3.10", "Az.RecoveryServices/0.1.0" ],
        "Authorization": [ "[Filtered]" ]
      },
      "ContentHeaders": {
      }
    },
    "Response": {
      "StatusCode": 200,
      "Headers": {
        "Cache-Control": [ "no-cache" ],
        "Pragma": [ "no-cache" ],
        "X-Content-Type-Options": [ "nosniff" ],
        "x-ms-request-id": [ "22c354a8-5da9-4a87-a1d2-e9dac0de5528" ],
        "x-ms-client-request-id": [ "81aa9a9a-eb8c-4066-a23d-2f8ff6845789" ],
        "Strict-Transport-Security": [ "max-age=31536000; includeSubDomains" ],
        "Server": [ "Kestrel" ],
        "X-Powered-By": [ "ASP.NET" ],
        "x-ms-ratelimit-remaining-subscription-resource-requests": [ "284" ],
        "x-ms-correlation-request-id": [ "22c354a8-5da9-4a87-a1d2-e9dac0de5528" ],
        "x-ms-routing-request-id": [ "BRAZILUS:20231202T125920Z:22c354a8-5da9-4a87-a1d2-e9dac0de5528" ],
        "Date": [ "Sat, 02 Dec 2023 12:59:20 GMT" ]
      },
      "ContentHeaders": {
        "Content-Length": [ "12886" ],
        "Content-Type": [ "application/json; charset=utf-8" ],
        "Expires": [ "-1" ]
      },
      "Content": "{\"value\":[{\"id\":\"/subscriptions/38304e13-357e-405e-9e9a-220351dcce8c/resourceGroups/hiagarg/providers/Microsoft.RecoveryServices/vaults/hiagaVault/backupPolicies/afs-ps-policy1\",\"name\":\"afs-ps-policy1\",\"type\":\"Microsoft.RecoveryServices/vaults/backupPolicies\",\"properties\":{\"backupManagementType\":\"AzureStorage\",\"workLoadType\":\"AzureFileShare\",\"schedulePolicy\":{\"schedulePolicyType\":\"SimpleSchedulePolicy\",\"scheduleRunFrequency\":\"Daily\",\"scheduleRunTimes\":[\"2023-10-30T13:00:00Z\"],\"scheduleWeeklyFrequency\":0},\"retentionPolicy\":{\"retentionPolicyType\":\"LongTermRetentionPolicy\",\"dailySchedule\":{\"retentionTimes\":[\"2023-10-30T13:00:00Z\"],\"retentionDuration\":{\"count\":30,\"durationType\":\"Days\"}},\"weeklySchedule\":{\"daysOfTheWeek\":[\"Tuesday\",\"Wednesday\"],\"retentionTimes\":[\"2023-10-30T13:00:00Z\"],\"retentionDuration\":{\"count\":12,\"durationType\":\"Weeks\"}}},\"timeZone\":\"UTC\",\"protectedItemsCount\":0}},{\"id\":\"/subscriptions/38304e13-357e-405e-9e9a-220351dcce8c/resourceGroups/hiagarg/providers/Microsoft.RecoveryServices/vaults/hiagaVault/backupPolicies/HourlyLogBackup\",\"name\":\"HourlyLogBackup\",\"type\":\"Microsoft.RecoveryServices/vaults/backupPolicies\",\"properties\":{\"backupManagementType\":\"AzureWorkload\",\"workLoadType\":\"SQLDataBase\",\"settings\":{\"timeZone\":\"UTC\",\"issqlcompression\":false,\"isCompression\":false},\"subProtectionPolicy\":[{\"policyType\":\"Full\",\"schedulePolicy\":{\"schedulePolicyType\":\"SimpleSchedulePolicy\",\"scheduleRunFrequency\":\"Daily\",\"scheduleRunTimes\":[\"2021-07-20T23:00:00Z\"],\"scheduleWeeklyFrequency\":0},\"retentionPolicy\":{\"retentionPolicyType\":\"LongTermRetentionPolicy\",\"dailySchedule\":{\"retentionTimes\":[\"2021-07-20T23:00:00Z\"],\"retentionDuration\":{\"count\":30,\"durationType\":\"Days\"}}}},{\"policyType\":\"Log\",\"schedulePolicy\":{\"schedulePolicyType\":\"LogSchedulePolicy\",\"scheduleFrequencyInMins\":60},\"retentionPolicy\":{\"retentionPolicyType\":\"SimpleRetentionPolicy\",\"retentionDuration\":{\"count\":30,\"durationType\":\"Days\"}}}],\"protectedItemsCount\":0}},{\"id\":\"/subscriptions/38304e13-357e-405e-9e9a-220351dcce8c/resourceGroups/hiagarg/providers/Microsoft.RecoveryServices/vaults/hiagaVault/backupPolicies/fdgfdh\",\"name\":\"fdgfdh\",\"type\":\"Microsoft.RecoveryServices/vaults/backupPolicies\",\"properties\":{\"backupManagementType\":\"AzureIaasVM\",\"policyType\":\"V1\",\"instantRPDetails\":{},\"schedulePolicy\":{\"schedulePolicyType\":\"SimpleSchedulePolicy\",\"scheduleRunFrequency\":\"Weekly\",\"scheduleRunDays\":[\"Sunday\",\"Monday\"],\"scheduleRunTimes\":[\"2023-10-19T09:00:00Z\"],\"scheduleWeeklyFrequency\":0},\"retentionPolicy\":{\"retentionPolicyType\":\"LongTermRetentionPolicy\",\"weeklySchedule\":{\"daysOfTheWeek\":[\"Sunday\",\"Monday\"],\"retentionTimes\":[\"2023-10-19T09:00:00Z\"],\"retentionDuration\":{\"count\":12,\"durationType\":\"Weeks\"}},\"monthlySchedule\":{\"retentionScheduleFormatType\":\"Weekly\",\"retentionScheduleWeekly\":{\"daysOfTheWeek\":[\"Sunday\",\"Monday\"],\"weeksOfTheMonth\":[\"First\"]},\"retentionTimes\":[\"2023-10-19T09:00:00Z\"],\"retentionDuration\":{\"count\":60,\"durationType\":\"Months\"}}},\"tieringPolicy\":{\"ArchivedRP\":{\"tieringMode\":\"TierRecommended\",\"duration\":0,\"durationType\":\"Invalid\"}},\"instantRpRetentionRangeInDays\":5,\"timeZone\":\"UTC\",\"protectedItemsCount\":0}},{\"id\":\"/subscriptions/38304e13-357e-405e-9e9a-220351dcce8c/resourceGroups/hiagarg/providers/Microsoft.RecoveryServices/vaults/hiagaVault/backupPolicies/AFS-default\",\"name\":\"AFS-default\",\"type\":\"Microsoft.RecoveryServices/vaults/backupPolicies\",\"properties\":{\"backupManagementType\":\"AzureStorage\",\"workLoadType\":\"AzureFileShare\",\"schedulePolicy\":{\"schedulePolicyType\":\"SimpleSchedulePolicy\",\"scheduleRunFrequency\":\"Daily\",\"scheduleRunTimes\":[\"2023-10-30T13:00:00Z\"],\"scheduleWeeklyFrequency\":0},\"retentionPolicy\":{\"retentionPolicyType\":\"LongTermRetentionPolicy\",\"dailySchedule\":{\"retentionTimes\":[\"2023-10-30T13:00:00Z\"],\"retentionDuration\":{\"count\":30,\"durationType\":\"Days\"}}},\"timeZone\":\"UTC\",\"protectedItemsCount\":0}},{\"id\":\"/subscriptions/38304e13-357e-405e-9e9a-220351dcce8c/resourceGroups/hiagarg/providers/Microsoft.RecoveryServices/vaults/hiagaVault/backupPolicies/DefaultPolicy\",\"name\":\"DefaultPolicy\",\"type\":\"Microsoft.RecoveryServices/vaults/backupPolicies\",\"properties\":{\"backupManagementType\":\"AzureIaasVM\",\"instantRPDetails\":{},\"schedulePolicy\":{\"schedulePolicyType\":\"SimpleSchedulePolicy\",\"scheduleRunFrequency\":\"Daily\",\"scheduleRunTimes\":[\"2021-07-20T23:00:00Z\"],\"scheduleWeeklyFrequency\":0},\"retentionPolicy\":{\"retentionPolicyType\":\"LongTermRetentionPolicy\",\"dailySchedule\":{\"retentionTimes\":[\"2021-07-20T23:00:00Z\"],\"retentionDuration\":{\"count\":30,\"durationType\":\"Days\"}}},\"instantRpRetentionRangeInDays\":2,\"timeZone\":\"UTC\",\"protectedItemsCount\":0}},{\"id\":\"/subscriptions/38304e13-357e-405e-9e9a-220351dcce8c/resourceGroups/hiagarg/providers/Microsoft.RecoveryServices/vaults/hiagaVault/backupPolicies/SAPFullPortal\",\"name\":\"SAPFullPortal\",\"type\":\"Microsoft.RecoveryServices/vaults/backupPolicies\",\"properties\":{\"backupManagementType\":\"AzureWorkload\",\"workLoadType\":\"SAPHanaDatabase\",\"settings\":{\"timeZone\":\"UTC\",\"issqlcompression\":false,\"isCompression\":false},\"subProtectionPolicy\":[{\"policyType\":\"Full\",\"schedulePolicy\":{\"schedulePolicyType\":\"SimpleSchedulePolicy\",\"scheduleRunFrequency\":\"Weekly\",\"scheduleRunDays\":[\"Sunday\"],\"scheduleRunTimes\":[\"2022-07-09T16:00:00Z\"],\"scheduleWeeklyFrequency\":0},\"retentionPolicy\":{\"retentionPolicyType\":\"LongTermRetentionPolicy\",\"weeklySchedule\":{\"daysOfTheWeek\":[\"Sunday\"],\"retentionTimes\":[\"2022-07-09T16:00:00Z\"],\"retentionDuration\":{\"count\":104,\"durationType\":\"Weeks\"}}}},{\"policyType\":\"Log\",\"schedulePolicy\":{\"schedulePolicyType\":\"LogSchedulePolicy\",\"scheduleFrequencyInMins\":120},\"retentionPolicy\":{\"retentionPolicyType\":\"SimpleRetentionPolicy\",\"retentionDuration\":{\"count\":15,\"durationType\":\"Days\"}}}],\"protectedItemsCount\":0}},{\"id\":\"/subscriptions/38304e13-357e-405e-9e9a-220351dcce8c/resourceGroups/hiagarg/providers/Microsoft.RecoveryServices/vaults/hiagaVault/backupPolicies/NewSQLPolicy\",\"name\":\"NewSQLPolicy\",\"type\":\"Microsoft.RecoveryServices/vaults/backupPolicies\",\"properties\":{\"backupManagementType\":\"AzureWorkload\",\"workLoadType\":\"SQLDataBase\",\"settings\":{\"timeZone\":\"UTC\",\"issqlcompression\":false,\"isCompression\":false},\"subProtectionPolicy\":[{\"policyType\":\"Full\",\"schedulePolicy\":{\"schedulePolicyType\":\"SimpleSchedulePolicy\",\"scheduleRunFrequency\":\"Weekly\",\"scheduleRunDays\":[\"Sunday\"],\"scheduleRunTimes\":[\"2019-03-20T01:30:00Z\"],\"scheduleWeeklyFrequency\":0},\"retentionPolicy\":{\"retentionPolicyType\":\"LongTermRetentionPolicy\",\"weeklySchedule\":{\"daysOfTheWeek\":[\"Sunday\"],\"retentionTimes\":[\"2019-03-20T01:30:00Z\"],\"retentionDuration\":{\"count\":104,\"durationType\":\"Weeks\"}},\"monthlySchedule\":{\"retentionScheduleFormatType\":\"Weekly\",\"retentionScheduleWeekly\":{\"daysOfTheWeek\":[\"Sunday\"],\"weeksOfTheMonth\":[\"First\"]},\"retentionTimes\":[\"2019-03-20T01:30:00Z\"],\"retentionDuration\":{\"count\":60,\"durationType\":\"Months\"}},\"yearlySchedule\":{\"retentionScheduleFormatType\":\"Weekly\",\"monthsOfYear\":[\"January\"],\"retentionScheduleWeekly\":{\"daysOfTheWeek\":[\"Sunday\"],\"weeksOfTheMonth\":[\"First\"]},\"retentionTimes\":[\"2019-03-20T01:30:00Z\"],\"retentionDuration\":{\"count\":10,\"durationType\":\"Years\"}}},\"tieringPolicy\":{\"ArchivedRP\":{\"tieringMode\":\"DoNotTier\",\"duration\":0,\"durationType\":\"Invalid\"}}},{\"policyType\":\"Differential\",\"schedulePolicy\":{\"schedulePolicyType\":\"SimpleSchedulePolicy\",\"scheduleRunFrequency\":\"Weekly\",\"scheduleRunDays\":[\"Monday\",\"Tuesday\",\"Wednesday\",\"Thursday\",\"Friday\"],\"scheduleRunTimes\":[\"2022-06-22T08:00:00Z\"],\"scheduleWeeklyFrequency\":0},\"retentionPolicy\":{\"retentionPolicyType\":\"SimpleRetentionPolicy\",\"retentionDuration\":{\"count\":70,\"durationType\":\"Days\"}}},{\"policyType\":\"Log\",\"schedulePolicy\":{\"schedulePolicyType\":\"LogSchedulePolicy\",\"scheduleFrequencyInMins\":15},\"retentionPolicy\":{\"retentionPolicyType\":\"SimpleRetentionPolicy\",\"retentionDuration\":{\"count\":30,\"durationType\":\"Days\"}}}],\"protectedItemsCount\":0}},{\"id\":\"/subscriptions/38304e13-357e-405e-9e9a-220351dcce8c/resourceGroups/hiagarg/providers/Microsoft.RecoveryServices/vaults/hiagaVault/backupPolicies/SAPPolicy\",\"name\":\"SAPPolicy\",\"type\":\"Microsoft.RecoveryServices/vaults/backupPolicies\",\"properties\":{\"backupManagementType\":\"AzureWorkload\",\"workLoadType\":\"SAPHanaDatabase\",\"settings\":{\"timeZone\":\"India Standard Time\",\"issqlcompression\":false,\"isCompression\":false},\"subProtectionPolicy\":[{\"policyType\":\"Full\",\"schedulePolicy\":{\"schedulePolicyType\":\"SimpleSchedulePolicy\",\"scheduleRunFrequency\":\"Weekly\",\"scheduleRunDays\":[\"Sunday\"],\"scheduleRunTimes\":[\"2023-05-29T19:30:00Z\"],\"scheduleWeeklyFrequency\":0},\"retentionPolicy\":{\"retentionPolicyType\":\"LongTermRetentionPolicy\",\"weeklySchedule\":{\"daysOfTheWeek\":[\"Sunday\"],\"retentionTimes\":[\"2023-05-29T19:30:00Z\"],\"retentionDuration\":{\"count\":104,\"durationType\":\"Weeks\"}},\"monthlySchedule\":{\"retentionScheduleFormatType\":\"Weekly\",\"retentionScheduleWeekly\":{\"daysOfTheWeek\":[\"Sunday\"],\"weeksOfTheMonth\":[\"First\"]},\"retentionTimes\":[\"2023-05-29T19:30:00Z\"],\"retentionDuration\":{\"count\":60,\"durationType\":\"Months\"}},\"yearlySchedule\":{\"retentionScheduleFormatType\":\"Weekly\",\"monthsOfYear\":[\"January\"],\"retentionScheduleWeekly\":{\"daysOfTheWeek\":[\"Sunday\"],\"weeksOfTheMonth\":[\"First\"]},\"retentionTimes\":[\"2023-05-29T19:30:00Z\"],\"retentionDuration\":{\"count\":10,\"durationType\":\"Years\"}}},\"tieringPolicy\":{\"ArchivedRP\":{\"tieringMode\":\"TierAfter\",\"duration\":45,\"durationType\":\"Days\"}}},{\"policyType\":\"Incremental\",\"schedulePolicy\":{\"schedulePolicyType\":\"SimpleSchedulePolicy\",\"scheduleRunFrequency\":\"Weekly\",\"scheduleRunDays\":[\"Tuesday\"],\"scheduleRunTimes\":[\"2023-05-29T02:00:00Z\"],\"scheduleWeeklyFrequency\":0},\"retentionPolicy\":{\"retentionPolicyType\":\"SimpleRetentionPolicy\",\"retentionDuration\":{\"count\":30,\"durationType\":\"Days\"}}},{\"policyType\":\"Log\",\"schedulePolicy\":{\"schedulePolicyType\":\"LogSchedulePolicy\",\"scheduleFrequencyInMins\":120},\"retentionPolicy\":{\"retentionPolicyType\":\"SimpleRetentionPolicy\",\"retentionDuration\":{\"count\":15,\"durationType\":\"Days\"}}}],\"protectedItemsCount\":0}},{\"id\":\"/subscriptions/38304e13-357e-405e-9e9a-220351dcce8c/resourceGroups/hiagarg/providers/Microsoft.RecoveryServices/vaults/hiagaVault/backupPolicies/hiagaSQLPolicy\",\"name\":\"hiagaSQLPolicy\",\"type\":\"Microsoft.RecoveryServices/vaults/backupPolicies\",\"properties\":{\"backupManagementType\":\"AzureWorkload\",\"workLoadType\":\"SQLDataBase\",\"settings\":{\"timeZone\":\"UTC\",\"issqlcompression\":false,\"isCompression\":false},\"subProtectionPolicy\":[{\"policyType\":\"Full\",\"schedulePolicy\":{\"schedulePolicyType\":\"SimpleSchedulePolicy\",\"scheduleRunFrequency\":\"Daily\",\"scheduleRunTimes\":[\"2023-10-19T23:00:00Z\"],\"scheduleWeeklyFrequency\":0},\"retentionPolicy\":{\"retentionPolicyType\":\"LongTermRetentionPolicy\",\"dailySchedule\":{\"retentionTimes\":[\"2023-10-19T23:00:00Z\"],\"retentionDuration\":{\"count\":30,\"durationType\":\"Days\"}},\"yearlySchedule\":{\"retentionScheduleFormatType\":\"Weekly\",\"monthsOfYear\":[\"January\"],\"retentionScheduleWeekly\":{\"daysOfTheWeek\":[\"Sunday\"],\"weeksOfTheMonth\":[\"First\"]},\"retentionTimes\":[\"2023-10-19T23:00:00Z\"],\"retentionDuration\":{\"count\":5,\"durationType\":\"Years\"}}},\"tieringPolicy\":{\"ArchivedRP\":{\"tieringMode\":\"TierAfter\",\"duration\":60,\"durationType\":\"Days\"}}},{\"policyType\":\"Log\",\"schedulePolicy\":{\"schedulePolicyType\":\"LogSchedulePolicy\",\"scheduleFrequencyInMins\":60},\"retentionPolicy\":{\"retentionPolicyType\":\"SimpleRetentionPolicy\",\"retentionDuration\":{\"count\":30,\"durationType\":\"Days\"}}}],\"protectedItemsCount\":0}},{\"id\":\"/subscriptions/38304e13-357e-405e-9e9a-220351dcce8c/resourceGroups/hiagarg/providers/Microsoft.RecoveryServices/vaults/hiagaVault/backupPolicies/DailyPolicy-l6dtamab\",\"name\":\"DailyPolicy-l6dtamab\",\"type\":\"Microsoft.RecoveryServices/vaults/backupPolicies\",\"properties\":{\"backupManagementType\":\"AzureStorage\",\"workLoadType\":\"AzureFileShare\",\"schedulePolicy\":{\"schedulePolicyType\":\"SimpleSchedulePolicy\",\"scheduleRunFrequency\":\"Daily\",\"scheduleRunTimes\":[\"2020-09-30T19:30:00Z\"],\"scheduleWeeklyFrequency\":0},\"retentionPolicy\":{\"retentionPolicyType\":\"LongTermRetentionPolicy\",\"dailySchedule\":{\"retentionTimes\":[\"2020-09-30T19:30:00Z\"],\"retentionDuration\":{\"count\":30,\"durationType\":\"Days\"}}},\"timeZone\":\"UTC\",\"protectedItemsCount\":0}},{\"id\":\"/subscriptions/38304e13-357e-405e-9e9a-220351dcce8c/resourceGroups/hiagarg/providers/Microsoft.RecoveryServices/vaults/hiagaVault/backupPolicies/EnhancedPolicy\",\"name\":\"EnhancedPolicy\",\"type\":\"Microsoft.RecoveryServices/vaults/backupPolicies\",\"properties\":{\"backupManagementType\":\"AzureIaasVM\",\"policyType\":\"V2\",\"instantRPDetails\":{},\"schedulePolicy\":{\"schedulePolicyType\":\"SimpleSchedulePolicyV2\",\"scheduleRunFrequency\":\"Hourly\",\"hourlySchedule\":{\"interval\":4,\"scheduleWindowStartTime\":\"2022-07-11T08:00:00Z\",\"scheduleWindowDuration\":12}},\"retentionPolicy\":{\"retentionPolicyType\":\"LongTermRetentionPolicy\",\"dailySchedule\":{\"retentionTimes\":[\"2022-07-11T08:00:00Z\"],\"retentionDuration\":{\"count\":30,\"durationType\":\"Days\"}}},\"instantRpRetentionRangeInDays\":2,\"timeZone\":\"UTC\",\"protectedItemsCount\":0}}]}",
      "isContentBase64": false
    }
  },
  "Get-AzRecoveryServicesBackupProtectionPolicy+[NoContext]+ListPolicy+$GET+https://management.azure.com/subscriptions/38304e13-357e-405e-9e9a-220351dcce8c/resourceGroups/hiagarg/providers/Microsoft.RecoveryServices/vaults/hiagaVault/backupPolicies?api-version=2023-02-01\u0026$filter=backupManagementType eq %27AzureWorkload%27+2": {
    "Request": {
      "Method": "GET",
      "RequestUri": "https://management.azure.com/subscriptions/38304e13-357e-405e-9e9a-220351dcce8c/resourceGroups/hiagarg/providers/Microsoft.RecoveryServices/vaults/hiagaVault/backupPolicies?api-version=2023-02-01\u0026$filter=backupManagementType%20eq%20%27AzureWorkload%27",
      "Content": null,
      "isContentBase64": false,
      "Headers": {
        "x-ms-unique-id": [ "53" ],
        "x-ms-client-request-id": [ "624bb10e-64a7-47e6-836f-ebe694454192" ],
        "CommandName": [ "Az.RecoveryServices.Internal\\Get-AzRecoveryServicesBackupPolicy" ],
        "FullCommandName": [ "Get-AzRecoveryServicesBackupPolicy_List" ],
        "ParameterSetName": [ "__AllParameterSets" ],
        "User-Agent": [ "AzurePowershell/v0.0.0", "PSVersion/v7.3.10", "Az.RecoveryServices/0.1.0" ],
        "Authorization": [ "[Filtered]" ]
      },
      "ContentHeaders": {
      }
    },
    "Response": {
      "StatusCode": 200,
      "Headers": {
        "Cache-Control": [ "no-cache" ],
        "Pragma": [ "no-cache" ],
        "X-Content-Type-Options": [ "nosniff" ],
        "x-ms-request-id": [ "4ea14124-8be1-433b-be6f-f26411a795ed" ],
        "x-ms-client-request-id": [ "624bb10e-64a7-47e6-836f-ebe694454192" ],
        "Strict-Transport-Security": [ "max-age=31536000; includeSubDomains" ],
        "Server": [ "Kestrel" ],
        "X-Powered-By": [ "ASP.NET" ],
        "x-ms-ratelimit-remaining-subscription-resource-requests": [ "283" ],
        "x-ms-correlation-request-id": [ "4ea14124-8be1-433b-be6f-f26411a795ed" ],
        "x-ms-routing-request-id": [ "BRAZILUS:20231202T125921Z:4ea14124-8be1-433b-be6f-f26411a795ed" ],
        "Date": [ "Sat, 02 Dec 2023 12:59:20 GMT" ]
      },
      "ContentHeaders": {
        "Content-Length": [ "7810" ],
        "Content-Type": [ "application/json; charset=utf-8" ],
        "Expires": [ "-1" ]
      },
      "Content": "{\"value\":[{\"id\":\"/subscriptions/38304e13-357e-405e-9e9a-220351dcce8c/resourceGroups/hiagarg/providers/Microsoft.RecoveryServices/vaults/hiagaVault/backupPolicies/HourlyLogBackup\",\"name\":\"HourlyLogBackup\",\"type\":\"Microsoft.RecoveryServices/vaults/backupPolicies\",\"properties\":{\"backupManagementType\":\"AzureWorkload\",\"workLoadType\":\"SQLDataBase\",\"settings\":{\"timeZone\":\"UTC\",\"issqlcompression\":false,\"isCompression\":false},\"subProtectionPolicy\":[{\"policyType\":\"Full\",\"schedulePolicy\":{\"schedulePolicyType\":\"SimpleSchedulePolicy\",\"scheduleRunFrequency\":\"Daily\",\"scheduleRunTimes\":[\"2021-07-20T23:00:00Z\"],\"scheduleWeeklyFrequency\":0},\"retentionPolicy\":{\"retentionPolicyType\":\"LongTermRetentionPolicy\",\"dailySchedule\":{\"retentionTimes\":[\"2021-07-20T23:00:00Z\"],\"retentionDuration\":{\"count\":30,\"durationType\":\"Days\"}}}},{\"policyType\":\"Log\",\"schedulePolicy\":{\"schedulePolicyType\":\"LogSchedulePolicy\",\"scheduleFrequencyInMins\":60},\"retentionPolicy\":{\"retentionPolicyType\":\"SimpleRetentionPolicy\",\"retentionDuration\":{\"count\":30,\"durationType\":\"Days\"}}}],\"protectedItemsCount\":0}},{\"id\":\"/subscriptions/38304e13-357e-405e-9e9a-220351dcce8c/resourceGroups/hiagarg/providers/Microsoft.RecoveryServices/vaults/hiagaVault/backupPolicies/SAPFullPortal\",\"name\":\"SAPFullPortal\",\"type\":\"Microsoft.RecoveryServices/vaults/backupPolicies\",\"properties\":{\"backupManagementType\":\"AzureWorkload\",\"workLoadType\":\"SAPHanaDatabase\",\"settings\":{\"timeZone\":\"UTC\",\"issqlcompression\":false,\"isCompression\":false},\"subProtectionPolicy\":[{\"policyType\":\"Full\",\"schedulePolicy\":{\"schedulePolicyType\":\"SimpleSchedulePolicy\",\"scheduleRunFrequency\":\"Weekly\",\"scheduleRunDays\":[\"Sunday\"],\"scheduleRunTimes\":[\"2022-07-09T16:00:00Z\"],\"scheduleWeeklyFrequency\":0},\"retentionPolicy\":{\"retentionPolicyType\":\"LongTermRetentionPolicy\",\"weeklySchedule\":{\"daysOfTheWeek\":[\"Sunday\"],\"retentionTimes\":[\"2022-07-09T16:00:00Z\"],\"retentionDuration\":{\"count\":104,\"durationType\":\"Weeks\"}}}},{\"policyType\":\"Log\",\"schedulePolicy\":{\"schedulePolicyType\":\"LogSchedulePolicy\",\"scheduleFrequencyInMins\":120},\"retentionPolicy\":{\"retentionPolicyType\":\"SimpleRetentionPolicy\",\"retentionDuration\":{\"count\":15,\"durationType\":\"Days\"}}}],\"protectedItemsCount\":0}},{\"id\":\"/subscriptions/38304e13-357e-405e-9e9a-220351dcce8c/resourceGroups/hiagarg/providers/Microsoft.RecoveryServices/vaults/hiagaVault/backupPolicies/NewSQLPolicy\",\"name\":\"NewSQLPolicy\",\"type\":\"Microsoft.RecoveryServices/vaults/backupPolicies\",\"properties\":{\"backupManagementType\":\"AzureWorkload\",\"workLoadType\":\"SQLDataBase\",\"settings\":{\"timeZone\":\"UTC\",\"issqlcompression\":false,\"isCompression\":false},\"subProtectionPolicy\":[{\"policyType\":\"Full\",\"schedulePolicy\":{\"schedulePolicyType\":\"SimpleSchedulePolicy\",\"scheduleRunFrequency\":\"Weekly\",\"scheduleRunDays\":[\"Sunday\"],\"scheduleRunTimes\":[\"2019-03-20T01:30:00Z\"],\"scheduleWeeklyFrequency\":0},\"retentionPolicy\":{\"retentionPolicyType\":\"LongTermRetentionPolicy\",\"weeklySchedule\":{\"daysOfTheWeek\":[\"Sunday\"],\"retentionTimes\":[\"2019-03-20T01:30:00Z\"],\"retentionDuration\":{\"count\":104,\"durationType\":\"Weeks\"}},\"monthlySchedule\":{\"retentionScheduleFormatType\":\"Weekly\",\"retentionScheduleWeekly\":{\"daysOfTheWeek\":[\"Sunday\"],\"weeksOfTheMonth\":[\"First\"]},\"retentionTimes\":[\"2019-03-20T01:30:00Z\"],\"retentionDuration\":{\"count\":60,\"durationType\":\"Months\"}},\"yearlySchedule\":{\"retentionScheduleFormatType\":\"Weekly\",\"monthsOfYear\":[\"January\"],\"retentionScheduleWeekly\":{\"daysOfTheWeek\":[\"Sunday\"],\"weeksOfTheMonth\":[\"First\"]},\"retentionTimes\":[\"2019-03-20T01:30:00Z\"],\"retentionDuration\":{\"count\":10,\"durationType\":\"Years\"}}},\"tieringPolicy\":{\"ArchivedRP\":{\"tieringMode\":\"DoNotTier\",\"duration\":0,\"durationType\":\"Invalid\"}}},{\"policyType\":\"Differential\",\"schedulePolicy\":{\"schedulePolicyType\":\"SimpleSchedulePolicy\",\"scheduleRunFrequency\":\"Weekly\",\"scheduleRunDays\":[\"Monday\",\"Tuesday\",\"Wednesday\",\"Thursday\",\"Friday\"],\"scheduleRunTimes\":[\"2022-06-22T08:00:00Z\"],\"scheduleWeeklyFrequency\":0},\"retentionPolicy\":{\"retentionPolicyType\":\"SimpleRetentionPolicy\",\"retentionDuration\":{\"count\":70,\"durationType\":\"Days\"}}},{\"policyType\":\"Log\",\"schedulePolicy\":{\"schedulePolicyType\":\"LogSchedulePolicy\",\"scheduleFrequencyInMins\":15},\"retentionPolicy\":{\"retentionPolicyType\":\"SimpleRetentionPolicy\",\"retentionDuration\":{\"count\":30,\"durationType\":\"Days\"}}}],\"protectedItemsCount\":0}},{\"id\":\"/subscriptions/38304e13-357e-405e-9e9a-220351dcce8c/resourceGroups/hiagarg/providers/Microsoft.RecoveryServices/vaults/hiagaVault/backupPolicies/SAPPolicy\",\"name\":\"SAPPolicy\",\"type\":\"Microsoft.RecoveryServices/vaults/backupPolicies\",\"properties\":{\"backupManagementType\":\"AzureWorkload\",\"workLoadType\":\"SAPHanaDatabase\",\"settings\":{\"timeZone\":\"India Standard Time\",\"issqlcompression\":false,\"isCompression\":false},\"subProtectionPolicy\":[{\"policyType\":\"Full\",\"schedulePolicy\":{\"schedulePolicyType\":\"SimpleSchedulePolicy\",\"scheduleRunFrequency\":\"Weekly\",\"scheduleRunDays\":[\"Sunday\"],\"scheduleRunTimes\":[\"2023-05-29T19:30:00Z\"],\"scheduleWeeklyFrequency\":0},\"retentionPolicy\":{\"retentionPolicyType\":\"LongTermRetentionPolicy\",\"weeklySchedule\":{\"daysOfTheWeek\":[\"Sunday\"],\"retentionTimes\":[\"2023-05-29T19:30:00Z\"],\"retentionDuration\":{\"count\":104,\"durationType\":\"Weeks\"}},\"monthlySchedule\":{\"retentionScheduleFormatType\":\"Weekly\",\"retentionScheduleWeekly\":{\"daysOfTheWeek\":[\"Sunday\"],\"weeksOfTheMonth\":[\"First\"]},\"retentionTimes\":[\"2023-05-29T19:30:00Z\"],\"retentionDuration\":{\"count\":60,\"durationType\":\"Months\"}},\"yearlySchedule\":{\"retentionScheduleFormatType\":\"Weekly\",\"monthsOfYear\":[\"January\"],\"retentionScheduleWeekly\":{\"daysOfTheWeek\":[\"Sunday\"],\"weeksOfTheMonth\":[\"First\"]},\"retentionTimes\":[\"2023-05-29T19:30:00Z\"],\"retentionDuration\":{\"count\":10,\"durationType\":\"Years\"}}},\"tieringPolicy\":{\"ArchivedRP\":{\"tieringMode\":\"TierAfter\",\"duration\":45,\"durationType\":\"Days\"}}},{\"policyType\":\"Incremental\",\"schedulePolicy\":{\"schedulePolicyType\":\"SimpleSchedulePolicy\",\"scheduleRunFrequency\":\"Weekly\",\"scheduleRunDays\":[\"Tuesday\"],\"scheduleRunTimes\":[\"2023-05-29T02:00:00Z\"],\"scheduleWeeklyFrequency\":0},\"retentionPolicy\":{\"retentionPolicyType\":\"SimpleRetentionPolicy\",\"retentionDuration\":{\"count\":30,\"durationType\":\"Days\"}}},{\"policyType\":\"Log\",\"schedulePolicy\":{\"schedulePolicyType\":\"LogSchedulePolicy\",\"scheduleFrequencyInMins\":120},\"retentionPolicy\":{\"retentionPolicyType\":\"SimpleRetentionPolicy\",\"retentionDuration\":{\"count\":15,\"durationType\":\"Days\"}}}],\"protectedItemsCount\":0}},{\"id\":\"/subscriptions/38304e13-357e-405e-9e9a-220351dcce8c/resourceGroups/hiagarg/providers/Microsoft.RecoveryServices/vaults/hiagaVault/backupPolicies/hiagaSQLPolicy\",\"name\":\"hiagaSQLPolicy\",\"type\":\"Microsoft.RecoveryServices/vaults/backupPolicies\",\"properties\":{\"backupManagementType\":\"AzureWorkload\",\"workLoadType\":\"SQLDataBase\",\"settings\":{\"timeZone\":\"UTC\",\"issqlcompression\":false,\"isCompression\":false},\"subProtectionPolicy\":[{\"policyType\":\"Full\",\"schedulePolicy\":{\"schedulePolicyType\":\"SimpleSchedulePolicy\",\"scheduleRunFrequency\":\"Daily\",\"scheduleRunTimes\":[\"2023-10-19T23:00:00Z\"],\"scheduleWeeklyFrequency\":0},\"retentionPolicy\":{\"retentionPolicyType\":\"LongTermRetentionPolicy\",\"dailySchedule\":{\"retentionTimes\":[\"2023-10-19T23:00:00Z\"],\"retentionDuration\":{\"count\":30,\"durationType\":\"Days\"}},\"yearlySchedule\":{\"retentionScheduleFormatType\":\"Weekly\",\"monthsOfYear\":[\"January\"],\"retentionScheduleWeekly\":{\"daysOfTheWeek\":[\"Sunday\"],\"weeksOfTheMonth\":[\"First\"]},\"retentionTimes\":[\"2023-10-19T23:00:00Z\"],\"retentionDuration\":{\"count\":5,\"durationType\":\"Years\"}}},\"tieringPolicy\":{\"ArchivedRP\":{\"tieringMode\":\"TierAfter\",\"duration\":60,\"durationType\":\"Days\"}}},{\"policyType\":\"Log\",\"schedulePolicy\":{\"schedulePolicyType\":\"LogSchedulePolicy\",\"scheduleFrequencyInMins\":60},\"retentionPolicy\":{\"retentionPolicyType\":\"SimpleRetentionPolicy\",\"retentionDuration\":{\"count\":30,\"durationType\":\"Days\"}}}],\"protectedItemsCount\":0}}]}",
      "isContentBase64": false
    }
  }
}