{
  "Entries": [
    {
      "RequestUri": "/subscriptions/d128f140-94e6-4175-87a7-954b9d27db16/providers/Microsoft.MachineLearning?api-version=2016-02-01",
      "EncodedRequestUri": "L3N1YnNjcmlwdGlvbnMvZDEyOGYxNDAtOTRlNi00MTc1LTg3YTctOTU0YjlkMjdkYjE2L3Byb3ZpZGVycy9NaWNyb3NvZnQuTWFjaGluZUxlYXJuaW5nP2FwaS12ZXJzaW9uPTIwMTYtMDItMDE=",
      "RequestMethod": "GET",
      "RequestBody": "",
      "RequestHeaders": {
        "User-Agent": [
          "Microsoft.Azure.Management.Resources.ResourceManagementClient/2.0.0.0"
        ]
      },
      "ResponseBody": "{\r\n  \"id\": \"/subscriptions/d128f140-94e6-4175-87a7-954b9d27db16/providers/Microsoft.MachineLearning\",\r\n  \"namespace\": \"Microsoft.MachineLearning\",\r\n  \"authorization\": {\r\n    \"applicationId\": \"0736f41a-0425-4b46-bdb5-1563eff02385\",\r\n    \"roleDefinitionId\": \"1cc297bc-1829-4524-941f-966373421033\"\r\n  },\r\n  \"resourceTypes\": [\r\n    {\r\n      \"resourceType\": \"Workspaces\",\r\n      \"locations\": [\r\n        \"South Central US\",\r\n        \"West Europe\",\r\n        \"Southeast Asia\",\r\n        \"Japan East\",\r\n        \"West Central US\"\r\n      ],\r\n      \"apiVersions\": [\r\n        \"2016-04-01\"\r\n      ],\r\n      \"capabilities\": \"CrossResourceGroupResourceMove, CrossSubscriptionResourceMove, SystemAssignedResourceIdentity\"\r\n    },\r\n    {\r\n      \"resourceType\": \"webServices\",\r\n      \"locations\": [\r\n        \"South Central US\",\r\n        \"West Europe\",\r\n        \"Southeast Asia\",\r\n        \"Japan East\",\r\n        \"East US 2\",\r\n        \"West Central US\"\r\n      ],\r\n      \"apiVersions\": [\r\n        \"2017-01-01\",\r\n        \"2016-05-01-preview\"\r\n      ],\r\n      \"capabilities\": \"CrossResourceGroupResourceMove, CrossSubscriptionResourceMove\"\r\n    },\r\n    {\r\n      \"resourceType\": \"operations\",\r\n      \"locations\": [\r\n        \"South Central US\"\r\n      ],\r\n      \"apiVersions\": [\r\n        \"2017-01-01\",\r\n        \"2016-05-01-preview\"\r\n      ]\r\n    },\r\n    {\r\n      \"resourceType\": \"locations\",\r\n      \"locations\": [\r\n        \"South Central US\"\r\n      ],\r\n      \"apiVersions\": [\r\n        \"2017-01-01\",\r\n        \"2016-05-01-preview\"\r\n      ]\r\n    },\r\n    {\r\n      \"resourceType\": \"locations/operations\",\r\n      \"locations\": [\r\n        \"South Central US\",\r\n        \"West Europe\",\r\n        \"Southeast Asia\",\r\n        \"Japan East\",\r\n        \"East US 2\",\r\n        \"West Central US\"\r\n      ],\r\n      \"apiVersions\": [\r\n        \"2017-01-01\",\r\n        \"2016-05-01-preview\"\r\n      ]\r\n    },\r\n    {\r\n      \"resourceType\": \"locations/operationsStatus\",\r\n      \"locations\": [\r\n        \"South Central US\",\r\n        \"West Europe\",\r\n        \"Southeast Asia\",\r\n        \"Japan East\",\r\n        \"East US 2\",\r\n        \"West Central US\"\r\n      ],\r\n      \"apiVersions\": [\r\n        \"2017-01-01\",\r\n        \"2016-05-01-preview\"\r\n      ]\r\n    },\r\n    {\r\n      \"resourceType\": \"commitmentPlans\",\r\n      \"locations\": [\r\n        \"South Central US\",\r\n        \"West Europe\",\r\n        \"Southeast Asia\",\r\n        \"Japan East\",\r\n        \"East US 2\",\r\n        \"West Central US\"\r\n      ],\r\n      \"apiVersions\": [\r\n        \"2016-05-01-preview\"\r\n      ],\r\n      \"capabilities\": \"CrossResourceGroupResourceMove, CrossSubscriptionResourceMove\"\r\n    }\r\n  ],\r\n  \"registrationState\": \"Registered\"\r\n}",
      "ResponseHeaders": {
        "Content-Length": [
          "1733"
        ],
        "Content-Type": [
          "application/json; charset=utf-8"
        ],
        "Expires": [
          "-1"
        ],
        "Pragma": [
          "no-cache"
        ],
        "x-ms-ratelimit-remaining-subscription-reads": [
          "14834"
        ],
        "x-ms-request-id": [
          "3bc96ddc-92ae-4843-a2e6-069f91601d50"
        ],
        "x-ms-correlation-request-id": [
          "3bc96ddc-92ae-4843-a2e6-069f91601d50"
        ],
        "x-ms-routing-request-id": [
          "WESTUS2:20170426T170218Z:3bc96ddc-92ae-4843-a2e6-069f91601d50"
        ],
        "Strict-Transport-Security": [
          "max-age=31536000; includeSubDomains"
        ],
        "Cache-Control": [
          "no-cache"
        ],
        "Date": [
          "Wed, 26 Apr 2017 17:02:17 GMT"
        ]
      },
      "StatusCode": 200
    },
    {
      "RequestUri": "/subscriptions/d128f140-94e6-4175-87a7-954b9d27db16/resourcegroups/onesdk7938?api-version=2016-02-01",
      "EncodedRequestUri": "L3N1YnNjcmlwdGlvbnMvZDEyOGYxNDAtOTRlNi00MTc1LTg3YTctOTU0YjlkMjdkYjE2L3Jlc291cmNlZ3JvdXBzL29uZXNkazc5Mzg/YXBpLXZlcnNpb249MjAxNi0wMi0wMQ==",
      "RequestMethod": "PUT",
      "RequestBody": "{\r\n  \"location\": \"southcentralus\"\r\n}",
      "RequestHeaders": {
        "Content-Type": [
          "application/json; charset=utf-8"
        ],
        "Content-Length": [
          "36"
        ],
        "User-Agent": [
          "Microsoft.Azure.Management.Resources.ResourceManagementClient/2.0.0.0"
        ]
      },
      "ResponseBody": "{\r\n  \"id\": \"/subscriptions/d128f140-94e6-4175-87a7-954b9d27db16/resourceGroups/onesdk7938\",\r\n  \"name\": \"onesdk7938\",\r\n  \"location\": \"southcentralus\",\r\n  \"properties\": {\r\n    \"provisioningState\": \"Succeeded\"\r\n  }\r\n}",
      "ResponseHeaders": {
        "Content-Length": [
          "181"
        ],
        "Content-Type": [
          "application/json; charset=utf-8"
        ],
        "Expires": [
          "-1"
        ],
        "Pragma": [
          "no-cache"
        ],
        "x-ms-ratelimit-remaining-subscription-writes": [
          "1197"
        ],
        "x-ms-request-id": [
          "843dea00-ccea-49cf-94b9-19f3d5ccade7"
        ],
        "x-ms-correlation-request-id": [
          "843dea00-ccea-49cf-94b9-19f3d5ccade7"
        ],
        "x-ms-routing-request-id": [
          "WESTUS2:20170426T170219Z:843dea00-ccea-49cf-94b9-19f3d5ccade7"
        ],
        "Strict-Transport-Security": [
          "max-age=31536000; includeSubDomains"
        ],
        "Cache-Control": [
          "no-cache"
        ],
        "Date": [
          "Wed, 26 Apr 2017 17:02:19 GMT"
        ]
      },
      "StatusCode": 201
    },
    {
      "RequestUri": "/subscriptions/d128f140-94e6-4175-87a7-954b9d27db16/resourceGroups/onesdk7938/providers/Microsoft.Storage/storageAccounts/onesdk7622?api-version=2015-06-15",
      "EncodedRequestUri": "L3N1YnNjcmlwdGlvbnMvZDEyOGYxNDAtOTRlNi00MTc1LTg3YTctOTU0YjlkMjdkYjE2L3Jlc291cmNlR3JvdXBzL29uZXNkazc5MzgvcHJvdmlkZXJzL01pY3Jvc29mdC5TdG9yYWdlL3N0b3JhZ2VBY2NvdW50cy9vbmVzZGs3NjIyP2FwaS12ZXJzaW9uPTIwMTUtMDYtMTU=",
      "RequestMethod": "PUT",
      "RequestBody": "{\r\n  \"location\": \"southcentralus\",\r\n  \"properties\": {\r\n    \"accountType\": \"Standard_LRS\"\r\n  }\r\n}",
      "RequestHeaders": {
        "Content-Type": [
          "application/json"
        ],
        "Content-Length": [
          "96"
        ],
        "x-ms-client-request-id": [
          "b46fe863-9a6b-45f8-bb35-d891959323d6"
        ],
        "User-Agent": [
          "Microsoft.Azure.Management.Storage.StorageManagementClient/3.0.0.0"
        ]
      },
      "ResponseBody": "",
      "ResponseHeaders": {
        "Content-Length": [
          "0"
        ],
        "Expires": [
          "-1"
        ],
        "Pragma": [
          "no-cache"
        ],
        "Retry-After": [
          "17"
        ],
        "x-ms-ratelimit-remaining-subscription-writes": [
          "1196"
        ],
        "x-ms-request-id": [
          "959b0434-fb3b-40d6-be12-2f8b3865b856"
        ],
        "Cache-Control": [
          "no-cache"
        ],
        "Location": [
          "https://management.azure.com/subscriptions/d128f140-94e6-4175-87a7-954b9d27db16/providers/Microsoft.Storage/operations/267ecbc4-1cf4-4cec-988d-487f046b8a49?monitor=true&api-version=2015-06-15"
        ],
        "Server": [
          "Microsoft-Azure-Storage-Resource-Provider/1.0",
          "Microsoft-HTTPAPI/2.0"
        ],
        "x-ms-correlation-request-id": [
          "959b0434-fb3b-40d6-be12-2f8b3865b856"
        ],
        "x-ms-routing-request-id": [
          "WESTUS2:20170426T170221Z:959b0434-fb3b-40d6-be12-2f8b3865b856"
        ],
        "Strict-Transport-Security": [
          "max-age=31536000; includeSubDomains"
        ],
        "Date": [
          "Wed, 26 Apr 2017 17:02:21 GMT"
        ]
      },
      "StatusCode": 202
    },
    {
      "RequestUri": "/subscriptions/d128f140-94e6-4175-87a7-954b9d27db16/providers/Microsoft.Storage/operations/267ecbc4-1cf4-4cec-988d-487f046b8a49?monitor=true&api-version=2015-06-15",
      "EncodedRequestUri": "L3N1YnNjcmlwdGlvbnMvZDEyOGYxNDAtOTRlNi00MTc1LTg3YTctOTU0YjlkMjdkYjE2L3Byb3ZpZGVycy9NaWNyb3NvZnQuU3RvcmFnZS9vcGVyYXRpb25zLzI2N2VjYmM0LTFjZjQtNGNlYy05ODhkLTQ4N2YwNDZiOGE0OT9tb25pdG9yPXRydWUmYXBpLXZlcnNpb249MjAxNS0wNi0xNQ==",
      "RequestMethod": "GET",
      "RequestBody": "",
      "RequestHeaders": {
        "x-ms-client-request-id": [
          "1d5fa1b3-60b6-4f36-90e4-946f7712da27"
        ],
        "User-Agent": [
          "Microsoft.Azure.Management.Storage.StorageManagementClient/3.0.0.0"
        ]
      },
      "ResponseBody": "",
      "ResponseHeaders": {
        "Content-Length": [
          "0"
        ],
        "Expires": [
          "-1"
        ],
        "Pragma": [
          "no-cache"
        ],
        "Retry-After": [
          "17"
        ],
        "x-ms-ratelimit-remaining-subscription-reads": [
          "14820"
        ],
        "x-ms-request-id": [
          "ccd159e8-f21e-491d-add3-add0327a9cdb"
        ],
        "Cache-Control": [
          "no-cache"
        ],
        "Location": [
          "https://management.azure.com/subscriptions/d128f140-94e6-4175-87a7-954b9d27db16/providers/Microsoft.Storage/operations/267ecbc4-1cf4-4cec-988d-487f046b8a49?monitor=true&api-version=2015-06-15"
        ],
        "Server": [
          "Microsoft-Azure-Storage-Resource-Provider/1.0",
          "Microsoft-HTTPAPI/2.0"
        ],
        "x-ms-correlation-request-id": [
          "ccd159e8-f21e-491d-add3-add0327a9cdb"
        ],
        "x-ms-routing-request-id": [
          "WESTUS2:20170426T170222Z:ccd159e8-f21e-491d-add3-add0327a9cdb"
        ],
        "Strict-Transport-Security": [
          "max-age=31536000; includeSubDomains"
        ],
        "Date": [
          "Wed, 26 Apr 2017 17:02:21 GMT"
        ]
      },
      "StatusCode": 202
    },
    {
      "RequestUri": "/subscriptions/d128f140-94e6-4175-87a7-954b9d27db16/providers/Microsoft.Storage/operations/267ecbc4-1cf4-4cec-988d-487f046b8a49?monitor=true&api-version=2015-06-15",
      "EncodedRequestUri": "L3N1YnNjcmlwdGlvbnMvZDEyOGYxNDAtOTRlNi00MTc1LTg3YTctOTU0YjlkMjdkYjE2L3Byb3ZpZGVycy9NaWNyb3NvZnQuU3RvcmFnZS9vcGVyYXRpb25zLzI2N2VjYmM0LTFjZjQtNGNlYy05ODhkLTQ4N2YwNDZiOGE0OT9tb25pdG9yPXRydWUmYXBpLXZlcnNpb249MjAxNS0wNi0xNQ==",
      "RequestMethod": "GET",
      "RequestBody": "",
      "RequestHeaders": {
        "x-ms-client-request-id": [
          "7df91b22-0199-413e-8d90-f59630d0c998"
        ],
        "User-Agent": [
          "Microsoft.Azure.Management.Storage.StorageManagementClient/3.0.0.0"
        ]
      },
      "ResponseBody": "{\r\n  \"location\": \"southcentralus\",\r\n  \"properties\": {\r\n    \"accountType\": \"Standard_LRS\"\r\n  }\r\n}",
      "ResponseHeaders": {
        "Content-Length": [
          "73"
        ],
        "Content-Type": [
          "application/json"
        ],
        "Expires": [
          "-1"
        ],
        "Pragma": [
          "no-cache"
        ],
        "x-ms-request-id": [
          "dfdb2e80-6d83-4e92-9c2c-a6cd926502ab"
        ],
        "Cache-Control": [
          "no-cache"
        ],
        "Server": [
          "Microsoft-Azure-Storage-Resource-Provider/1.0",
          "Microsoft-HTTPAPI/2.0"
        ],
        "x-ms-ratelimit-remaining-subscription-reads": [
          "14818"
        ],
        "x-ms-correlation-request-id": [
          "dfdb2e80-6d83-4e92-9c2c-a6cd926502ab"
        ],
        "x-ms-routing-request-id": [
          "WESTUS2:20170426T170239Z:dfdb2e80-6d83-4e92-9c2c-a6cd926502ab"
        ],
        "Strict-Transport-Security": [
          "max-age=31536000; includeSubDomains"
        ],
        "Date": [
          "Wed, 26 Apr 2017 17:02:38 GMT"
        ]
      },
      "StatusCode": 200
    },
    {
      "RequestUri": "/subscriptions/d128f140-94e6-4175-87a7-954b9d27db16/resourceGroups/onesdk7938/providers/Microsoft.Storage/storageAccounts/onesdk7622/listKeys?api-version=2015-06-15",
      "EncodedRequestUri": "L3N1YnNjcmlwdGlvbnMvZDEyOGYxNDAtOTRlNi00MTc1LTg3YTctOTU0YjlkMjdkYjE2L3Jlc291cmNlR3JvdXBzL29uZXNkazc5MzgvcHJvdmlkZXJzL01pY3Jvc29mdC5TdG9yYWdlL3N0b3JhZ2VBY2NvdW50cy9vbmVzZGs3NjIyL2xpc3RLZXlzP2FwaS12ZXJzaW9uPTIwMTUtMDYtMTU=",
      "RequestMethod": "POST",
      "RequestBody": "",
      "RequestHeaders": {
        "x-ms-client-request-id": [
          "0368bcd9-5af7-41c5-90c2-d41f9d0934ba"
        ],
        "User-Agent": [
          "Microsoft.Azure.Management.Storage.StorageManagementClient/3.0.0.0"
        ]
      },
      "ResponseBody": "{\r\n  \"key1\": \"rKq/DxnQn3YOVgehcgSyYe8sDiuCjxR0cMqj0Wyfq5+FGDpjQKkCZe1khOXxN8OAtaLTxdglnuLGXwlwIIBr3Q==\",\r\n  \"key2\": \"0bQLYge39nkFQlW+hNquQsW/xl5ExT9EvnPu3HFWio8f1Hb167hHtvo1bb/vSTJIKyGxKIkq2o3gkjBAzM67hA==\"\r\n}",
      "ResponseHeaders": {
        "Content-Length": [
          "198"
        ],
        "Content-Type": [
          "application/json"
        ],
        "Expires": [
          "-1"
        ],
        "Pragma": [
          "no-cache"
        ],
        "x-ms-request-id": [
          "2a3c382f-25d4-41f1-8ec5-f9ca14e0253f"
        ],
        "Cache-Control": [
          "no-cache"
        ],
        "Server": [
          "Microsoft-Azure-Storage-Resource-Provider/1.0",
          "Microsoft-HTTPAPI/2.0"
        ],
        "x-ms-ratelimit-remaining-subscription-writes": [
          "1195"
        ],
        "x-ms-correlation-request-id": [
          "2a3c382f-25d4-41f1-8ec5-f9ca14e0253f"
        ],
        "x-ms-routing-request-id": [
          "WESTUS2:20170426T170239Z:2a3c382f-25d4-41f1-8ec5-f9ca14e0253f"
        ],
        "Strict-Transport-Security": [
          "max-age=31536000; includeSubDomains"
        ],
        "Date": [
          "Wed, 26 Apr 2017 17:02:39 GMT"
        ]
      },
      "StatusCode": 200
    },
    {
      "RequestUri": "/subscriptions/d128f140-94e6-4175-87a7-954b9d27db16/resourceGroups/onesdk7938/providers/Microsoft.MachineLearning/CommitmentPlans/onesdk2784?api-version=2016-05-01-preview",
      "EncodedRequestUri": "L3N1YnNjcmlwdGlvbnMvZDEyOGYxNDAtOTRlNi00MTc1LTg3YTctOTU0YjlkMjdkYjE2L3Jlc291cmNlR3JvdXBzL29uZXNkazc5MzgvcHJvdmlkZXJzL01pY3Jvc29mdC5NYWNoaW5lTGVhcm5pbmcvQ29tbWl0bWVudFBsYW5zL29uZXNkazI3ODQ/YXBpLXZlcnNpb249MjAxNi0wNS0wMS1wcmV2aWV3",
      "RequestMethod": "PUT",
      "RequestBody": "{\r\n  \"properties\": {},\r\n  \"sku\": {\r\n    \"name\": \"S1\",\r\n    \"tier\": \"Standard\",\r\n    \"capacity\": 1\r\n  },\r\n  \"location\": \"southcentralus\"\r\n}",
      "RequestHeaders": {
        "Content-Type": [
          "application/json; charset=utf-8"
        ],
        "Content-Length": [
          "138"
        ],
        "User-Agent": [
          "AzurePowershell/v3.8.0.0",
          "PSVersion/v5.1.15063.138"
        ],
        "ParameterSetName": [
          "Resource that resides at the subscription level."
        ],
        "CommandName": [
          "New-AzureRmResource"
        ]
      },
      "ResponseBody": "{\r\n  \"etag\": \"0000de63-0000-0000-0000-5900d2b00000\",\r\n  \"id\": \"/subscriptions/d128f140-94e6-4175-87a7-954b9d27db16/resourceGroups/onesdk7938/providers/Microsoft.MachineLearning/commitmentPlans/onesdk2784\",\r\n  \"location\": \"southcentralus\",\r\n  \"name\": \"onesdk2784\",\r\n  \"properties\": {\r\n    \"chargeForOverage\": true,\r\n    \"chargeForPlan\": true,\r\n    \"creationDate\": \"2017-04-26T17:02:39.8979776Z\",\r\n    \"includedQuantities\": {\r\n      \"machineLearningWebServiceComputeHours\": {\r\n        \"allowance\": 25.0,\r\n        \"amount\": 0.0,\r\n        \"includedQuantityMeter\": \"29187de1-b4a1-4503-a6f6-078271b3fc9d\",\r\n        \"overageMeter\": \"842f92f7-a46b-4522-ac62-8134271dc591\"\r\n      },\r\n      \"machineLearningWebServiceTransactions\": {\r\n        \"allowance\": 100000.0,\r\n        \"amount\": 0.0,\r\n        \"includedQuantityMeter\": \"303743b6-4cd0-44df-8ec2-a93c8f14943b\",\r\n        \"overageMeter\": \"c906e161-98b8-41b1-81e2-b59e0b263740\"\r\n      }\r\n    },\r\n    \"maxAssociationLimit\": 10000,\r\n    \"maxCapacityLimit\": 10,\r\n    \"minCapacityLimit\": 1,\r\n    \"planMeter\": \"4a5a4b83-6216-47c5-b3db-fe430fa6e2c3\",\r\n    \"refillFrequencyInDays\": 30,\r\n    \"suspendPlanOnOverage\": false\r\n  },\r\n  \"sku\": {\r\n    \"capacity\": 1,\r\n    \"name\": \"S1\",\r\n    \"tier\": \"Standard\"\r\n  },\r\n  \"tags\": {},\r\n  \"type\": \"Microsoft.MachineLearning/commitmentPlans\"\r\n}",
      "ResponseHeaders": {
        "Content-Length": [
          "1044"
        ],
        "Content-Type": [
          "application/json; charset=utf-8"
        ],
        "Expires": [
          "-1"
        ],
        "Pragma": [
          "no-cache"
        ],
        "Strict-Transport-Security": [
          "max-age=31536000; includeSubDomains"
        ],
        "x-ms-request-id": [
          "508bea2f-6fa8-4b7b-ada0-f5568bc21ae9"
        ],
        "x-ms-ratelimit-remaining-subscription-writes": [
          "1197"
        ],
        "x-ms-correlation-request-id": [
          "c66a5459-8014-4468-a096-befd4db604a0"
        ],
        "x-ms-routing-request-id": [
          "WESTUS2:20170426T170242Z:c66a5459-8014-4468-a096-befd4db604a0"
        ],
        "Cache-Control": [
          "no-cache"
        ],
        "Date": [
          "Wed, 26 Apr 2017 17:02:42 GMT"
        ],
        "Server": [
          "Microsoft-HTTPAPI/2.0"
        ]
      },
      "StatusCode": 200
    },
    {
      "RequestUri": "/subscriptions/d128f140-94e6-4175-87a7-954b9d27db16/resourceGroups/onesdk7938/providers/Microsoft.MachineLearning/webServices/onesdk9167?api-version=2017-01-01",
      "EncodedRequestUri": "L3N1YnNjcmlwdGlvbnMvZDEyOGYxNDAtOTRlNi00MTc1LTg3YTctOTU0YjlkMjdkYjE2L3Jlc291cmNlR3JvdXBzL29uZXNkazc5MzgvcHJvdmlkZXJzL01pY3Jvc29mdC5NYWNoaW5lTGVhcm5pbmcvd2ViU2VydmljZXMvb25lc2RrOTE2Nz9hcGktdmVyc2lvbj0yMDE3LTAxLTAx",
      "RequestMethod": "PUT",
      "RequestBody": "{\r\n  \"properties\": {\r\n    \"packageType\": \"Graph\",\r\n    \"package\": {\r\n      \"nodes\": {\r\n        \"node1\": {\r\n          \"assetId\": \"asset1\",\r\n          \"parameters\": {\r\n            \"Please Specify Data Source\": {\r\n              \"value\": \"AzureBlobStorage\",\r\n              \"certificateThumbprint\": \"\"\r\n            },\r\n            \"Please Specify Authentication Type\": {\r\n              \"value\": \"Account\",\r\n              \"certificateThumbprint\": \"\"\r\n            },\r\n            \"Account Name\": {\r\n              \"value\": \"bohurp\",\r\n              \"certificateThumbprint\": \"\"\r\n            },\r\n            \"Account Key\": {\r\n              \"value\": \"ENCRYPTED_VALUE_1\",\r\n              \"certificateThumbprint\": \"ENCRYPTED_CERTIFICATETHUMBPRINT_1\"\r\n            },\r\n            \"Path to container or directory or blob\": {\r\n              \"value\": \"uploadeddata/adult.data\",\r\n              \"certificateThumbprint\": \"\"\r\n            },\r\n            \"Blob File format\": {\r\n              \"value\": \"CSV\",\r\n              \"certificateThumbprint\": \"\"\r\n            },\r\n            \"File has Header Row\": {\r\n              \"value\": \"True\",\r\n              \"certificateThumbprint\": \"\"\r\n            }\r\n          }\r\n        },\r\n        \"node2\": {\r\n          \"assetId\": \"asset2\",\r\n          \"parameters\": {\r\n            \"Comma-separated case-sensitive names of join key columns for L\": {\r\n              \"value\": \"%7B%22isFilter%22%3Atrue%2C%22rules%22%3A%5B%7B%22ruleType%22%3A%22AllColumns%22%2C%22exclude%22%3Afalse%7D%2C%7B%22ruleType%22%3A%22ColumnTypes%22%2C%22exclude%22%3Afalse%2C%22columnTypes%22%3A%5B%22All%22%5D%2C%22columnKinds%22%3A%5B%22Feature%22%5D%7D%5D%2C%22ui%22%3A%7B%22withRules%22%3Atrue%7D%7D\",\r\n              \"certificateThumbprint\": \"\"\r\n            },\r\n            \"Comma-separated case-sensitive names of join key columns for R\": {\r\n              \"value\": \"%7B%22isFilter%22%3Atrue%2C%22rules%22%3A%5B%7B%22ruleType%22%3A%22AllColumns%22%2C%22exclude%22%3Afalse%7D%2C%7B%22ruleType%22%3A%22ColumnTypes%22%2C%22exclude%22%3Afalse%2C%22columnTypes%22%3A%5B%22All%22%5D%2C%22columnKinds%22%3A%5B%22Feature%22%5D%7D%5D%2C%22ui%22%3A%7B%22withRules%22%3Atrue%7D%7D\",\r\n              \"certificateThumbprint\": \"\"\r\n            },\r\n            \"Match case\": {\r\n              \"value\": \"True\",\r\n              \"certificateThumbprint\": \"\"\r\n            },\r\n            \"Join type\": {\r\n              \"value\": \"Inner Join\",\r\n              \"certificateThumbprint\": \"\"\r\n            },\r\n            \"Keep right key columns in joined table\": {\r\n              \"value\": \"True\",\r\n              \"certificateThumbprint\": \"\"\r\n            }\r\n          }\r\n        },\r\n        \"node3\": {\r\n          \"inputId\": \"input1\"\r\n        },\r\n        \"node4\": {\r\n          \"outputId\": \"output1\"\r\n        }\r\n      },\r\n      \"edges\": [\r\n        {\r\n          \"sourceNodeId\": \"node1\",\r\n          \"sourcePortId\": \"Results dataset\",\r\n          \"targetNodeId\": \"node2\",\r\n          \"targetPortId\": \"Dataset1\"\r\n        },\r\n        {\r\n          \"sourceNodeId\": \"node1\",\r\n          \"sourcePortId\": \"Results dataset\",\r\n          \"targetNodeId\": \"node2\",\r\n          \"targetPortId\": \"Dataset2\"\r\n        },\r\n        {\r\n          \"sourceNodeId\": \"node3\",\r\n          \"targetNodeId\": \"node2\",\r\n          \"targetPortId\": \"Dataset2\"\r\n        },\r\n        {\r\n          \"sourceNodeId\": \"node2\",\r\n          \"sourcePortId\": \"Results dataset\",\r\n          \"targetNodeId\": \"node4\"\r\n        }\r\n      ],\r\n      \"graphParameters\": {}\r\n    },\r\n    \"title\": \"Some title (new contract)\",\r\n    \"description\": \"This is some service description (new contract)\",\r\n    \"keys\": {\r\n      \"primary\": \"S8ayf24PAsbQqy8Nm67uGf3MbOeorYKPY8QfXen2+JsBZV5Q0NFfk9tgC7mjJ3aCsUPY8yKCFVcI/sCcOlmkKw==\",\r\n      \"secondary\": \"S8ayf24PAsbQqy8Nm67uGf3MbOeorYKPY8QfXen2+JsBZV5Q0NFfk9tgC7mjJ3aCsUPY8yKCFVcI/sCcOlmooo==\"\r\n    },\r\n    \"readOnly\": false,\r\n    \"exposeSampleData\": false,\r\n    \"realtimeConfiguration\": {\r\n      \"maxConcurrentCalls\": 20\r\n    },\r\n    \"diagnostics\": {\r\n      \"level\": \"None\"\r\n    },\r\n    \"storageAccount\": {\r\n      \"name\": \"onesdk7622\",\r\n      \"key\": \"rKq/DxnQn3YOVgehcgSyYe8sDiuCjxR0cMqj0Wyfq5+FGDpjQKkCZe1khOXxN8OAtaLTxdglnuLGXwlwIIBr3Q==\"\r\n    },\r\n    \"machineLearningWorkspace\": {\r\n      \"id\": \"8b841df9d60a4d54bcebd4948b10a5db\"\r\n    },\r\n    \"commitmentPlan\": {\r\n      \"id\": \"/subscriptions/d128f140-94e6-4175-87a7-954b9d27db16/resourceGroups/onesdk7938/providers/Microsoft.MachineLearning/commitmentPlans/onesdk2784\"\r\n    },\r\n    \"input\": {\r\n      \"title\": \"\",\r\n      \"description\": \"\",\r\n      \"type\": \"object\",\r\n      \"properties\": {\r\n        \"input1\": {\r\n          \"title\": \"\",\r\n          \"description\": \"\",\r\n          \"type\": \"object\",\r\n          \"properties\": {\r\n            \"0\": {\r\n              \"type\": \"Integer\",\r\n              \"format\": \"Int32\",\r\n              \"x-ms-isnullable\": true\r\n            },\r\n            \"13\": {\r\n              \"type\": \"Integer\",\r\n              \"format\": \"Int32\",\r\n              \"x-ms-isnullable\": true\r\n            },\r\n            \"39\": {\r\n              \"type\": \"Integer\",\r\n              \"format\": \"Int32\",\r\n              \"x-ms-isnullable\": true\r\n            },\r\n            \"40\": {\r\n              \"type\": \"Integer\",\r\n              \"format\": \"Int32\",\r\n              \"x-ms-isnullable\": true\r\n            },\r\n            \"2174\": {\r\n              \"type\": \"Integer\",\r\n              \"format\": \"Int32\",\r\n              \"x-ms-isnullable\": true\r\n            },\r\n            \"77516\": {\r\n              \"type\": \"Integer\",\r\n              \"format\": \"Int32\",\r\n              \"x-ms-isnullable\": true\r\n            },\r\n            \"State-gov\": {\r\n              \"type\": \"String\",\r\n              \"format\": \"\",\r\n              \"x-ms-isnullable\": false\r\n            },\r\n            \"Bachelors\": {\r\n              \"type\": \"String\",\r\n              \"format\": \"\",\r\n              \"x-ms-isnullable\": false\r\n            },\r\n            \"Never-married\": {\r\n              \"type\": \"String\",\r\n              \"format\": \"\",\r\n              \"x-ms-isnullable\": false\r\n            },\r\n            \"Adm-clerical\": {\r\n              \"type\": \"String\",\r\n              \"format\": \"\",\r\n              \"x-ms-isnullable\": false\r\n            },\r\n            \"Not-in-family\": {\r\n              \"type\": \"String\",\r\n              \"format\": \"\",\r\n              \"x-ms-isnullable\": false\r\n            },\r\n            \"White\": {\r\n              \"type\": \"String\",\r\n              \"format\": \"\",\r\n              \"x-ms-isnullable\": false\r\n            },\r\n            \"Male\": {\r\n              \"type\": \"String\",\r\n              \"format\": \"\",\r\n              \"x-ms-isnullable\": false\r\n            },\r\n            \"United-States\": {\r\n              \"type\": \"String\",\r\n              \"format\": \"\",\r\n              \"x-ms-isnullable\": false\r\n            },\r\n            \"<=50K\": {\r\n              \"type\": \"String\",\r\n              \"format\": \"\",\r\n              \"x-ms-isnullable\": false\r\n            }\r\n          }\r\n        }\r\n      }\r\n    },\r\n    \"output\": {\r\n      \"title\": \"\",\r\n      \"description\": \"\",\r\n      \"type\": \"object\",\r\n      \"properties\": {\r\n        \"output1\": {\r\n          \"title\": \"\",\r\n          \"description\": \"\",\r\n          \"type\": \"object\",\r\n          \"properties\": {\r\n            \"0\": {\r\n              \"type\": \"Integer\",\r\n              \"format\": \"Int32\",\r\n              \"x-ms-isnullable\": true\r\n            },\r\n            \"13\": {\r\n              \"type\": \"Integer\",\r\n              \"format\": \"Int32\",\r\n              \"x-ms-isnullable\": true\r\n            },\r\n            \"39\": {\r\n              \"type\": \"Integer\",\r\n              \"format\": \"Int32\",\r\n              \"x-ms-isnullable\": true\r\n            },\r\n            \"40\": {\r\n              \"type\": \"Integer\",\r\n              \"format\": \"Int32\",\r\n              \"x-ms-isnullable\": true\r\n            },\r\n            \"2174\": {\r\n              \"type\": \"Integer\",\r\n              \"format\": \"Int32\",\r\n              \"x-ms-isnullable\": true\r\n            },\r\n            \"77516\": {\r\n              \"type\": \"Integer\",\r\n              \"format\": \"Int32\",\r\n              \"x-ms-isnullable\": true\r\n            },\r\n            \"State-gov\": {\r\n              \"type\": \"String\",\r\n              \"format\": \"\",\r\n              \"x-ms-isnullable\": false\r\n            },\r\n            \"Bachelors\": {\r\n              \"type\": \"String\",\r\n              \"format\": \"\",\r\n              \"x-ms-isnullable\": false\r\n            },\r\n            \"Never-married\": {\r\n              \"type\": \"String\",\r\n              \"format\": \"\",\r\n              \"x-ms-isnullable\": false\r\n            },\r\n            \"Adm-clerical\": {\r\n              \"type\": \"String\",\r\n              \"format\": \"\",\r\n              \"x-ms-isnullable\": false\r\n            },\r\n            \"Not-in-family\": {\r\n              \"type\": \"String\",\r\n              \"format\": \"\",\r\n              \"x-ms-isnullable\": false\r\n            },\r\n            \"White\": {\r\n              \"type\": \"String\",\r\n              \"format\": \"\",\r\n              \"x-ms-isnullable\": false\r\n            },\r\n            \"Male\": {\r\n              \"type\": \"String\",\r\n              \"format\": \"\",\r\n              \"x-ms-isnullable\": false\r\n            },\r\n            \"United-States\": {\r\n              \"type\": \"String\",\r\n              \"format\": \"\",\r\n              \"x-ms-isnullable\": false\r\n            },\r\n            \"<=50K\": {\r\n              \"type\": \"String\",\r\n              \"format\": \"\",\r\n              \"x-ms-isnullable\": false\r\n            },\r\n            \"39 (2)\": {\r\n              \"type\": \"Integer\",\r\n              \"format\": \"Int32\",\r\n              \"x-ms-isnullable\": true\r\n            },\r\n            \"State-gov (2)\": {\r\n              \"type\": \"String\",\r\n              \"format\": \"\",\r\n              \"x-ms-isnullable\": false\r\n            },\r\n            \"77516 (2)\": {\r\n              \"type\": \"Integer\",\r\n              \"format\": \"Int32\",\r\n              \"x-ms-isnullable\": true\r\n            },\r\n            \"Bachelors (2)\": {\r\n              \"type\": \"String\",\r\n              \"format\": \"\",\r\n              \"x-ms-isnullable\": false\r\n            },\r\n            \"13 (2)\": {\r\n              \"type\": \"Integer\",\r\n              \"format\": \"Int32\",\r\n              \"x-ms-isnullable\": true\r\n            },\r\n            \"Never-married (2)\": {\r\n              \"type\": \"String\",\r\n              \"format\": \"\",\r\n              \"x-ms-isnullable\": false\r\n            },\r\n            \"Adm-clerical (2)\": {\r\n              \"type\": \"String\",\r\n              \"format\": \"\",\r\n              \"x-ms-isnullable\": false\r\n            },\r\n            \"Not-in-family (2)\": {\r\n              \"type\": \"String\",\r\n              \"format\": \"\",\r\n              \"x-ms-isnullable\": false\r\n            },\r\n            \"White (2)\": {\r\n              \"type\": \"String\",\r\n              \"format\": \"\",\r\n              \"x-ms-isnullable\": false\r\n            },\r\n            \"Male (2)\": {\r\n              \"type\": \"String\",\r\n              \"format\": \"\",\r\n              \"x-ms-isnullable\": false\r\n            },\r\n            \"2174 (2)\": {\r\n              \"type\": \"Integer\",\r\n              \"format\": \"Int32\",\r\n              \"x-ms-isnullable\": true\r\n            },\r\n            \"0 (2)\": {\r\n              \"type\": \"Integer\",\r\n              \"format\": \"Int32\",\r\n              \"x-ms-isnullable\": true\r\n            },\r\n            \"40 (2)\": {\r\n              \"type\": \"Integer\",\r\n              \"format\": \"Int32\",\r\n              \"x-ms-isnullable\": true\r\n            },\r\n            \"United-States (2)\": {\r\n              \"type\": \"String\",\r\n              \"format\": \"\",\r\n              \"x-ms-isnullable\": false\r\n            },\r\n            \"<=50K (2)\": {\r\n              \"type\": \"String\",\r\n              \"format\": \"\",\r\n              \"x-ms-isnullable\": false\r\n            }\r\n          }\r\n        }\r\n      }\r\n    },\r\n    \"exampleRequest\": {\r\n      \"inputs\": {\r\n        \"input1\": [\r\n          [\r\n            50,\r\n            \"Self-emp-not-inc\",\r\n            83311,\r\n            \"Bachelors\",\r\n            13,\r\n            \"Married-civ-spouse\",\r\n            \"Exec-managerial\",\r\n            \"Husband\",\r\n            \"White\",\r\n            \"Male\",\r\n            0,\r\n            0,\r\n            13,\r\n            \"United-States\",\r\n            \"<=50K\"\r\n          ],\r\n          [\r\n            38,\r\n            \"Private\",\r\n            215646,\r\n            \"HS-grad\",\r\n            9,\r\n            \"Divorced\",\r\n            \"Handlers-cleaners\",\r\n            \"Not-in-family\",\r\n            \"White\",\r\n            \"Male\",\r\n            0,\r\n            0,\r\n            40,\r\n            \"United-States\",\r\n            \"<=50K\"\r\n          ],\r\n          [\r\n            53,\r\n            \"Private\",\r\n            234721,\r\n            \"11th\",\r\n            7,\r\n            \"Married-civ-spouse\",\r\n            \"Handlers-cleaners\",\r\n            \"Husband\",\r\n            \"Black\",\r\n            \"Male\",\r\n            0,\r\n            0,\r\n            40,\r\n            \"United-States\",\r\n            \"<=50K\"\r\n          ],\r\n          [\r\n            28,\r\n            \"Private\",\r\n            338409,\r\n            \"Bachelors\",\r\n            13,\r\n            \"Married-civ-spouse\",\r\n            \"Prof-specialty\",\r\n            \"Wife\",\r\n            \"Black\",\r\n            \"Female\",\r\n            0,\r\n            0,\r\n            40,\r\n            \"Cuba\",\r\n            \"<=50K\"\r\n          ],\r\n          [\r\n            37,\r\n            \"Private\",\r\n            284582,\r\n            \"Masters\",\r\n            14,\r\n            \"Married-civ-spouse\",\r\n            \"Exec-managerial\",\r\n            \"Wife\",\r\n            \"White\",\r\n            \"Female\",\r\n            0,\r\n            0,\r\n            40,\r\n            \"United-States\",\r\n            \"<=50K\"\r\n          ]\r\n        ]\r\n      }\r\n    },\r\n    \"assets\": {\r\n      \"asset1\": {\r\n        \"name\": \"Import Data\",\r\n        \"type\": \"Module\",\r\n        \"locationInfo\": {\r\n          \"uri\": \"aml://module/506153734175476c4f62416c57734963.4e1b0fe6aded4b3fa36f39b8862b9004.v1-default-1743\",\r\n          \"credentials\": \"\"\r\n        }\r\n      },\r\n      \"asset2\": {\r\n        \"name\": \"Join Data\",\r\n        \"type\": \"Module\",\r\n        \"locationInfo\": {\r\n          \"uri\": \"aml://module/506153734175476c4f62416c57734963.124865f7e9014656adacf4cb08248099.v1-default-1712\",\r\n          \"credentials\": \"\"\r\n        }\r\n      }\r\n    },\r\n    \"parameters\": {},\r\n    \"payloadsInBlobStorage\": false\r\n  },\r\n  \"location\": \"southcentralus\",\r\n  \"tags\": {}\r\n}",
      "RequestHeaders": {
        "Content-Type": [
          "application/json; charset=utf-8"
        ],
        "Content-Length": [
          "15025"
        ],
        "x-ms-client-request-id": [
          "6fac3314-2adc-4600-ac11-5e78ab79707e"
        ],
        "accept-language": [
          "en-US"
        ],
        "User-Agent": [
          "FxVersion/4.7.2046.0",
          "OSName/Windows_10_Enterprise",
          "OSVersion/6.3.15063",
          "Microsoft.Azure.Management.MachineLearning.WebServices.AzureMLWebServicesManagementClient/1.0.0"
        ]
      },
      "ResponseBody": "{\r\n  \"id\": \"/subscriptions/d128f140-94e6-4175-87a7-954b9d27db16/resourceGroups/onesdk7938/providers/Microsoft.MachineLearning/webServices/onesdk9167\",\r\n  \"name\": \"onesdk9167\",\r\n  \"type\": \"Microsoft.MachineLearning/webServices\",\r\n  \"location\": \"South Central US\",\r\n  \"tags\": {},\r\n  \"properties\": {\r\n    \"payloadsInBlobStorage\": false,\r\n    \"provisioningState\": \"Provisioning\"\r\n  }\r\n}",
      "ResponseHeaders": {
        "Content-Length": [
          "382"
        ],
        "Content-Type": [
          "application/json; charset=utf-8"
        ],
        "Expires": [
          "-1"
        ],
        "Pragma": [
          "no-cache"
        ],
        "Azure-AsyncOperation": [
          "https://management.azure.com/subscriptions/d128f140-94e6-4175-87a7-954b9d27db16/providers/Microsoft.MachineLearning/locations/southcentralus/operationsStatus/ffadba88-4f48-4aa4-8a64-a4111a7dd49d?api-version=2017-01-01"
        ],
        "Azure-AsyncOperationPercentComplete": [
          "0"
        ],
        "x-ms-request-duration": [
          "1031"
        ],
        "x-ms-correlation-request-id": [
          "404d1c68-10a0-4c1b-9567-103ad9fa9541"
        ],
        "x-ms-request-id": [
          "022fdaa8-3f98-43c9-a04c-a052d2c4a95f"
        ],
        "x-ms-ratelimit-remaining-subscription-writes": [
          "1196"
        ],
        "x-ms-routing-request-id": [
          "WESTUS2:20170426T170245Z:404d1c68-10a0-4c1b-9567-103ad9fa9541"
        ],
        "Strict-Transport-Security": [
          "max-age=31536000; includeSubDomains"
        ],
        "Cache-Control": [
          "no-cache"
        ],
        "Date": [
          "Wed, 26 Apr 2017 17:02:44 GMT"
        ],
        "Server": [
          "Microsoft-HTTPAPI/2.0"
        ]
      },
      "StatusCode": 201
    },
    {
      "RequestUri": "/subscriptions/d128f140-94e6-4175-87a7-954b9d27db16/providers/Microsoft.MachineLearning/locations/southcentralus/operationsStatus/ffadba88-4f48-4aa4-8a64-a4111a7dd49d?api-version=2017-01-01",
      "EncodedRequestUri": "L3N1YnNjcmlwdGlvbnMvZDEyOGYxNDAtOTRlNi00MTc1LTg3YTctOTU0YjlkMjdkYjE2L3Byb3ZpZGVycy9NaWNyb3NvZnQuTWFjaGluZUxlYXJuaW5nL2xvY2F0aW9ucy9zb3V0aGNlbnRyYWx1cy9vcGVyYXRpb25zU3RhdHVzL2ZmYWRiYTg4LTRmNDgtNGFhNC04YTY0LWE0MTExYTdkZDQ5ZD9hcGktdmVyc2lvbj0yMDE3LTAxLTAx",
      "RequestMethod": "GET",
      "RequestBody": "",
      "RequestHeaders": {
        "User-Agent": [
          "FxVersion/4.7.2046.0",
          "OSName/Windows_10_Enterprise",
          "OSVersion/6.3.15063",
          "Microsoft.Azure.Management.MachineLearning.WebServices.AzureMLWebServicesManagementClient/1.0.0"
        ]
      },
      "ResponseBody": "{\r\n  \"id\": \"/subscriptions/d128f140-94e6-4175-87a7-954b9d27db16/providers/Microsoft.MachineLearning/locations/southcentralus/operationsStatus/ffadba88-4f48-4aa4-8a64-a4111a7dd49d\",\r\n  \"name\": \"ffadba88-4f48-4aa4-8a64-a4111a7dd49d\",\r\n  \"status\": \"Provisioning\",\r\n  \"startTime\": \"2017-04-26T17:02:46.9626359Z\",\r\n  \"percentComplete\": 0.6\r\n}",
      "ResponseHeaders": {
        "Content-Length": [
          "337"
        ],
        "Content-Type": [
          "application/json; charset=utf-8"
        ],
        "Expires": [
          "-1"
        ],
        "Pragma": [
          "no-cache"
        ],
        "x-ms-request-duration": [
          "170"
        ],
        "x-ms-correlation-request-id": [
          "0d763706-5bfd-42a3-ba18-864af904fb38"
        ],
        "x-ms-request-id": [
          "5f0df7b0-9c09-429f-9590-53de2784012a"
        ],
        "x-ms-ratelimit-remaining-subscription-reads": [
          "14838"
        ],
        "x-ms-routing-request-id": [
          "WESTUS2:20170426T170250Z:0d763706-5bfd-42a3-ba18-864af904fb38"
        ],
        "Strict-Transport-Security": [
          "max-age=31536000; includeSubDomains"
        ],
        "Cache-Control": [
          "no-cache"
        ],
        "Date": [
          "Wed, 26 Apr 2017 17:02:50 GMT"
        ],
        "Server": [
          "Microsoft-HTTPAPI/2.0"
        ]
      },
      "StatusCode": 200
    },
    {
      "RequestUri": "/subscriptions/d128f140-94e6-4175-87a7-954b9d27db16/providers/Microsoft.MachineLearning/locations/southcentralus/operationsStatus/ffadba88-4f48-4aa4-8a64-a4111a7dd49d?api-version=2017-01-01",
      "EncodedRequestUri": "L3N1YnNjcmlwdGlvbnMvZDEyOGYxNDAtOTRlNi00MTc1LTg3YTctOTU0YjlkMjdkYjE2L3Byb3ZpZGVycy9NaWNyb3NvZnQuTWFjaGluZUxlYXJuaW5nL2xvY2F0aW9ucy9zb3V0aGNlbnRyYWx1cy9vcGVyYXRpb25zU3RhdHVzL2ZmYWRiYTg4LTRmNDgtNGFhNC04YTY0LWE0MTExYTdkZDQ5ZD9hcGktdmVyc2lvbj0yMDE3LTAxLTAx",
      "RequestMethod": "GET",
      "RequestBody": "",
      "RequestHeaders": {
        "User-Agent": [
          "FxVersion/4.7.2046.0",
          "OSName/Windows_10_Enterprise",
          "OSVersion/6.3.15063",
          "Microsoft.Azure.Management.MachineLearning.WebServices.AzureMLWebServicesManagementClient/1.0.0"
        ]
      },
      "ResponseBody": "{\r\n  \"id\": \"/subscriptions/d128f140-94e6-4175-87a7-954b9d27db16/providers/Microsoft.MachineLearning/locations/southcentralus/operationsStatus/ffadba88-4f48-4aa4-8a64-a4111a7dd49d\",\r\n  \"name\": \"ffadba88-4f48-4aa4-8a64-a4111a7dd49d\",\r\n  \"status\": \"Provisioning\",\r\n  \"startTime\": \"2017-04-26T17:02:46.9626359Z\",\r\n  \"percentComplete\": 0.6\r\n}",
      "ResponseHeaders": {
        "Content-Length": [
          "337"
        ],
        "Content-Type": [
          "application/json; charset=utf-8"
        ],
        "Expires": [
          "-1"
        ],
        "Pragma": [
          "no-cache"
        ],
        "x-ms-request-duration": [
          "41"
        ],
        "x-ms-correlation-request-id": [
          "c249f849-7d33-4d0c-a1a0-8767782c2de4"
        ],
        "x-ms-request-id": [
          "35883da3-e253-4457-a8db-0208ca91abbc"
        ],
        "x-ms-ratelimit-remaining-subscription-reads": [
          "14837"
        ],
        "x-ms-routing-request-id": [
          "WESTUS2:20170426T170256Z:c249f849-7d33-4d0c-a1a0-8767782c2de4"
        ],
        "Strict-Transport-Security": [
          "max-age=31536000; includeSubDomains"
        ],
        "Cache-Control": [
          "no-cache"
        ],
        "Date": [
          "Wed, 26 Apr 2017 17:02:55 GMT"
        ],
        "Server": [
          "Microsoft-HTTPAPI/2.0"
        ]
      },
      "StatusCode": 200
    },
    {
      "RequestUri": "/subscriptions/d128f140-94e6-4175-87a7-954b9d27db16/providers/Microsoft.MachineLearning/locations/southcentralus/operationsStatus/ffadba88-4f48-4aa4-8a64-a4111a7dd49d?api-version=2017-01-01",
      "EncodedRequestUri": "L3N1YnNjcmlwdGlvbnMvZDEyOGYxNDAtOTRlNi00MTc1LTg3YTctOTU0YjlkMjdkYjE2L3Byb3ZpZGVycy9NaWNyb3NvZnQuTWFjaGluZUxlYXJuaW5nL2xvY2F0aW9ucy9zb3V0aGNlbnRyYWx1cy9vcGVyYXRpb25zU3RhdHVzL2ZmYWRiYTg4LTRmNDgtNGFhNC04YTY0LWE0MTExYTdkZDQ5ZD9hcGktdmVyc2lvbj0yMDE3LTAxLTAx",
      "RequestMethod": "GET",
      "RequestBody": "",
      "RequestHeaders": {
        "User-Agent": [
          "FxVersion/4.7.2046.0",
          "OSName/Windows_10_Enterprise",
          "OSVersion/6.3.15063",
          "Microsoft.Azure.Management.MachineLearning.WebServices.AzureMLWebServicesManagementClient/1.0.0"
        ]
      },
      "ResponseBody": "{\r\n  \"id\": \"/subscriptions/d128f140-94e6-4175-87a7-954b9d27db16/providers/Microsoft.MachineLearning/locations/southcentralus/operationsStatus/ffadba88-4f48-4aa4-8a64-a4111a7dd49d\",\r\n  \"name\": \"ffadba88-4f48-4aa4-8a64-a4111a7dd49d\",\r\n  \"status\": \"Succeeded\",\r\n  \"startTime\": \"2017-04-26T17:02:46.9626359Z\",\r\n  \"endTime\": \"2017-04-26T17:02:57.0466095Z\",\r\n  \"percentComplete\": 1.0\r\n}",
      "ResponseHeaders": {
        "Content-Length": [
          "380"
        ],
        "Content-Type": [
          "application/json; charset=utf-8"
        ],
        "Expires": [
          "-1"
        ],
        "Pragma": [
          "no-cache"
        ],
        "x-ms-request-duration": [
          "13"
        ],
        "x-ms-correlation-request-id": [
          "3bdd8810-a7b9-4a14-b0c0-4f60b9cf2015"
        ],
        "x-ms-request-id": [
          "4d50dd3c-6adf-4638-818a-eedcbd6c52d7"
        ],
        "x-ms-ratelimit-remaining-subscription-reads": [
          "14836"
        ],
        "x-ms-routing-request-id": [
          "WESTUS2:20170426T170301Z:3bdd8810-a7b9-4a14-b0c0-4f60b9cf2015"
        ],
        "Strict-Transport-Security": [
          "max-age=31536000; includeSubDomains"
        ],
        "Cache-Control": [
          "no-cache"
        ],
        "Date": [
          "Wed, 26 Apr 2017 17:03:00 GMT"
        ],
        "Server": [
          "Microsoft-HTTPAPI/2.0"
        ]
      },
      "StatusCode": 200
    },
    {
      "RequestUri": "/subscriptions/d128f140-94e6-4175-87a7-954b9d27db16/resourceGroups/onesdk7938/providers/Microsoft.MachineLearning/webServices/onesdk9167?api-version=2017-01-01",
      "EncodedRequestUri": "L3N1YnNjcmlwdGlvbnMvZDEyOGYxNDAtOTRlNi00MTc1LTg3YTctOTU0YjlkMjdkYjE2L3Jlc291cmNlR3JvdXBzL29uZXNkazc5MzgvcHJvdmlkZXJzL01pY3Jvc29mdC5NYWNoaW5lTGVhcm5pbmcvd2ViU2VydmljZXMvb25lc2RrOTE2Nz9hcGktdmVyc2lvbj0yMDE3LTAxLTAx",
      "RequestMethod": "GET",
      "RequestBody": "",
      "RequestHeaders": {
        "User-Agent": [
          "FxVersion/4.7.2046.0",
          "OSName/Windows_10_Enterprise",
          "OSVersion/6.3.15063",
          "Microsoft.Azure.Management.MachineLearning.WebServices.AzureMLWebServicesManagementClient/1.0.0"
        ]
      },
      "ResponseBody": "{\r\n  \"id\": \"/subscriptions/d128f140-94e6-4175-87a7-954b9d27db16/resourceGroups/onesdk7938/providers/Microsoft.MachineLearning/webServices/onesdk9167\",\r\n  \"name\": \"onesdk9167\",\r\n  \"type\": \"Microsoft.MachineLearning/webServices\",\r\n  \"location\": \"South Central US\",\r\n  \"tags\": {},\r\n  \"properties\": {\r\n    \"payloadsInBlobStorage\": false,\r\n    \"provisioningState\": \"Succeeded\",\r\n    \"createdOn\": \"2017-04-26T17:02:44.480233Z\",\r\n    \"modifiedOn\": \"2017-04-26T17:02:57.1011788Z\",\r\n    \"title\": \"Some title (new contract)\",\r\n    \"description\": \"This is some service description (new contract)\",\r\n    \"swaggerLocation\": \"https://ussouthcentral.services.azureml.net/subscriptions/d128f14094e6417587a7954b9d27db16/services/48b4a650c65742598d8fbb1a2e0f162d/swagger.json\",\r\n    \"readOnly\": false,\r\n    \"realtimeConfiguration\": {\r\n      \"maxConcurrentCalls\": 20\r\n    },\r\n    \"diagnostics\": {\r\n      \"level\": \"None\"\r\n    },\r\n    \"storageAccount\": {\r\n      \"name\": \"onesdk7622\"\r\n    },\r\n    \"machineLearningWorkspace\": {\r\n      \"id\": \"8b841df9d60a4d54bcebd4948b10a5db\"\r\n    },\r\n    \"assets\": {\r\n      \"asset1\": {\r\n        \"name\": \"Import Data\",\r\n        \"type\": \"Module\",\r\n        \"locationInfo\": {\r\n          \"uri\": \"aml://module/506153734175476c4f62416c57734963.4e1b0fe6aded4b3fa36f39b8862b9004.v1-default-1743\",\r\n          \"credentials\": \"\"\r\n        }\r\n      },\r\n      \"asset2\": {\r\n        \"name\": \"Join Data\",\r\n        \"type\": \"Module\",\r\n        \"locationInfo\": {\r\n          \"uri\": \"aml://module/506153734175476c4f62416c57734963.124865f7e9014656adacf4cb08248099.v1-default-1712\",\r\n          \"credentials\": \"\"\r\n        }\r\n      }\r\n    },\r\n    \"input\": {\r\n      \"title\": \"\",\r\n      \"description\": \"\",\r\n      \"type\": \"object\",\r\n      \"properties\": {\r\n        \"input1\": {\r\n          \"title\": \"\",\r\n          \"description\": \"\",\r\n          \"type\": \"object\",\r\n          \"properties\": {\r\n            \"0\": {\r\n              \"type\": \"Integer\",\r\n              \"format\": \"Int32\",\r\n              \"x-ms-isnullable\": true\r\n            },\r\n            \"13\": {\r\n              \"type\": \"Integer\",\r\n              \"format\": \"Int32\",\r\n              \"x-ms-isnullable\": true\r\n            },\r\n            \"39\": {\r\n              \"type\": \"Integer\",\r\n              \"format\": \"Int32\",\r\n              \"x-ms-isnullable\": true\r\n            },\r\n            \"40\": {\r\n              \"type\": \"Integer\",\r\n              \"format\": \"Int32\",\r\n              \"x-ms-isnullable\": true\r\n            },\r\n            \"2174\": {\r\n              \"type\": \"Integer\",\r\n              \"format\": \"Int32\",\r\n              \"x-ms-isnullable\": true\r\n            },\r\n            \"77516\": {\r\n              \"type\": \"Integer\",\r\n              \"format\": \"Int32\",\r\n              \"x-ms-isnullable\": true\r\n            },\r\n            \"State-gov\": {\r\n              \"type\": \"String\",\r\n              \"format\": \"\",\r\n              \"x-ms-isnullable\": false\r\n            },\r\n            \"Bachelors\": {\r\n              \"type\": \"String\",\r\n              \"format\": \"\",\r\n              \"x-ms-isnullable\": false\r\n            },\r\n            \"Never-married\": {\r\n              \"type\": \"String\",\r\n              \"format\": \"\",\r\n              \"x-ms-isnullable\": false\r\n            },\r\n            \"Adm-clerical\": {\r\n              \"type\": \"String\",\r\n              \"format\": \"\",\r\n              \"x-ms-isnullable\": false\r\n            },\r\n            \"Not-in-family\": {\r\n              \"type\": \"String\",\r\n              \"format\": \"\",\r\n              \"x-ms-isnullable\": false\r\n            },\r\n            \"White\": {\r\n              \"type\": \"String\",\r\n              \"format\": \"\",\r\n              \"x-ms-isnullable\": false\r\n            },\r\n            \"Male\": {\r\n              \"type\": \"String\",\r\n              \"format\": \"\",\r\n              \"x-ms-isnullable\": false\r\n            },\r\n            \"United-States\": {\r\n              \"type\": \"String\",\r\n              \"format\": \"\",\r\n              \"x-ms-isnullable\": false\r\n            },\r\n            \"<=50K\": {\r\n              \"type\": \"String\",\r\n              \"format\": \"\",\r\n              \"x-ms-isnullable\": false\r\n            }\r\n          }\r\n        }\r\n      }\r\n    },\r\n    \"output\": {\r\n      \"title\": \"\",\r\n      \"description\": \"\",\r\n      \"type\": \"object\",\r\n      \"properties\": {\r\n        \"output1\": {\r\n          \"title\": \"\",\r\n          \"description\": \"\",\r\n          \"type\": \"object\",\r\n          \"properties\": {\r\n            \"0\": {\r\n              \"type\": \"Integer\",\r\n              \"format\": \"Int32\",\r\n              \"x-ms-isnullable\": true\r\n            },\r\n            \"13\": {\r\n              \"type\": \"Integer\",\r\n              \"format\": \"Int32\",\r\n              \"x-ms-isnullable\": true\r\n            },\r\n            \"39\": {\r\n              \"type\": \"Integer\",\r\n              \"format\": \"Int32\",\r\n              \"x-ms-isnullable\": true\r\n            },\r\n            \"40\": {\r\n              \"type\": \"Integer\",\r\n              \"format\": \"Int32\",\r\n              \"x-ms-isnullable\": true\r\n            },\r\n            \"2174\": {\r\n              \"type\": \"Integer\",\r\n              \"format\": \"Int32\",\r\n              \"x-ms-isnullable\": true\r\n            },\r\n            \"77516\": {\r\n              \"type\": \"Integer\",\r\n              \"format\": \"Int32\",\r\n              \"x-ms-isnullable\": true\r\n            },\r\n            \"State-gov\": {\r\n              \"type\": \"String\",\r\n              \"format\": \"\",\r\n              \"x-ms-isnullable\": false\r\n            },\r\n            \"Bachelors\": {\r\n              \"type\": \"String\",\r\n              \"format\": \"\",\r\n              \"x-ms-isnullable\": false\r\n            },\r\n            \"Never-married\": {\r\n              \"type\": \"String\",\r\n              \"format\": \"\",\r\n              \"x-ms-isnullable\": false\r\n            },\r\n            \"Adm-clerical\": {\r\n              \"type\": \"String\",\r\n              \"format\": \"\",\r\n              \"x-ms-isnullable\": false\r\n            },\r\n            \"Not-in-family\": {\r\n              \"type\": \"String\",\r\n              \"format\": \"\",\r\n              \"x-ms-isnullable\": false\r\n            },\r\n            \"White\": {\r\n              \"type\": \"String\",\r\n              \"format\": \"\",\r\n              \"x-ms-isnullable\": false\r\n            },\r\n            \"Male\": {\r\n              \"type\": \"String\",\r\n              \"format\": \"\",\r\n              \"x-ms-isnullable\": false\r\n            },\r\n            \"United-States\": {\r\n              \"type\": \"String\",\r\n              \"format\": \"\",\r\n              \"x-ms-isnullable\": false\r\n            },\r\n            \"<=50K\": {\r\n              \"type\": \"String\",\r\n              \"format\": \"\",\r\n              \"x-ms-isnullable\": false\r\n            },\r\n            \"39 (2)\": {\r\n              \"type\": \"Integer\",\r\n              \"format\": \"Int32\",\r\n              \"x-ms-isnullable\": true\r\n            },\r\n            \"State-gov (2)\": {\r\n              \"type\": \"String\",\r\n              \"format\": \"\",\r\n              \"x-ms-isnullable\": false\r\n            },\r\n            \"77516 (2)\": {\r\n              \"type\": \"Integer\",\r\n              \"format\": \"Int32\",\r\n              \"x-ms-isnullable\": true\r\n            },\r\n            \"Bachelors (2)\": {\r\n              \"type\": \"String\",\r\n              \"format\": \"\",\r\n              \"x-ms-isnullable\": false\r\n            },\r\n            \"13 (2)\": {\r\n              \"type\": \"Integer\",\r\n              \"format\": \"Int32\",\r\n              \"x-ms-isnullable\": true\r\n            },\r\n            \"Never-married (2)\": {\r\n              \"type\": \"String\",\r\n              \"format\": \"\",\r\n              \"x-ms-isnullable\": false\r\n            },\r\n            \"Adm-clerical (2)\": {\r\n              \"type\": \"String\",\r\n              \"format\": \"\",\r\n              \"x-ms-isnullable\": false\r\n            },\r\n            \"Not-in-family (2)\": {\r\n              \"type\": \"String\",\r\n              \"format\": \"\",\r\n              \"x-ms-isnullable\": false\r\n            },\r\n            \"White (2)\": {\r\n              \"type\": \"String\",\r\n              \"format\": \"\",\r\n              \"x-ms-isnullable\": false\r\n            },\r\n            \"Male (2)\": {\r\n              \"type\": \"String\",\r\n              \"format\": \"\",\r\n              \"x-ms-isnullable\": false\r\n            },\r\n            \"2174 (2)\": {\r\n              \"type\": \"Integer\",\r\n              \"format\": \"Int32\",\r\n              \"x-ms-isnullable\": true\r\n            },\r\n            \"0 (2)\": {\r\n              \"type\": \"Integer\",\r\n              \"format\": \"Int32\",\r\n              \"x-ms-isnullable\": true\r\n            },\r\n            \"40 (2)\": {\r\n              \"type\": \"Integer\",\r\n              \"format\": \"Int32\",\r\n              \"x-ms-isnullable\": true\r\n            },\r\n            \"United-States (2)\": {\r\n              \"type\": \"String\",\r\n              \"format\": \"\",\r\n              \"x-ms-isnullable\": false\r\n            },\r\n            \"<=50K (2)\": {\r\n              \"type\": \"String\",\r\n              \"format\": \"\",\r\n              \"x-ms-isnullable\": false\r\n            }\r\n          }\r\n        }\r\n      }\r\n    },\r\n    \"packageType\": \"Graph\",\r\n    \"exampleRequest\": {\r\n      \"inputs\": {\r\n        \"input1\": [\r\n          [\r\n            50,\r\n            \"Self-emp-not-inc\",\r\n            83311,\r\n            \"Bachelors\",\r\n            13,\r\n            \"Married-civ-spouse\",\r\n            \"Exec-managerial\",\r\n            \"Husband\",\r\n            \"White\",\r\n            \"Male\",\r\n            0,\r\n            0,\r\n            13,\r\n            \"United-States\",\r\n            \"<=50K\"\r\n          ],\r\n          [\r\n            38,\r\n            \"Private\",\r\n            215646,\r\n            \"HS-grad\",\r\n            9,\r\n            \"Divorced\",\r\n            \"Handlers-cleaners\",\r\n            \"Not-in-family\",\r\n            \"White\",\r\n            \"Male\",\r\n            0,\r\n            0,\r\n            40,\r\n            \"United-States\",\r\n            \"<=50K\"\r\n          ],\r\n          [\r\n            53,\r\n            \"Private\",\r\n            234721,\r\n            \"11th\",\r\n            7,\r\n            \"Married-civ-spouse\",\r\n            \"Handlers-cleaners\",\r\n            \"Husband\",\r\n            \"Black\",\r\n            \"Male\",\r\n            0,\r\n            0,\r\n            40,\r\n            \"United-States\",\r\n            \"<=50K\"\r\n          ],\r\n          [\r\n            28,\r\n            \"Private\",\r\n            338409,\r\n            \"Bachelors\",\r\n            13,\r\n            \"Married-civ-spouse\",\r\n            \"Prof-specialty\",\r\n            \"Wife\",\r\n            \"Black\",\r\n            \"Female\",\r\n            0,\r\n            0,\r\n            40,\r\n            \"Cuba\",\r\n            \"<=50K\"\r\n          ],\r\n          [\r\n            37,\r\n            \"Private\",\r\n            284582,\r\n            \"Masters\",\r\n            14,\r\n            \"Married-civ-spouse\",\r\n            \"Exec-managerial\",\r\n            \"Wife\",\r\n            \"White\",\r\n            \"Female\",\r\n            0,\r\n            0,\r\n            40,\r\n            \"United-States\",\r\n            \"<=50K\"\r\n          ]\r\n        ]\r\n      }\r\n    },\r\n    \"exposeSampleData\": false,\r\n    \"parameters\": {},\r\n    \"package\": {\r\n      \"edges\": [\r\n        {\r\n          \"sourceNodeId\": \"node1\",\r\n          \"sourcePortId\": \"Results dataset\",\r\n          \"targetNodeId\": \"node2\",\r\n          \"targetPortId\": \"Dataset1\"\r\n        },\r\n        {\r\n          \"sourceNodeId\": \"node1\",\r\n          \"sourcePortId\": \"Results dataset\",\r\n          \"targetNodeId\": \"node2\",\r\n          \"targetPortId\": \"Dataset2\"\r\n        },\r\n        {\r\n          \"sourceNodeId\": \"node3\",\r\n          \"targetNodeId\": \"node2\",\r\n          \"targetPortId\": \"Dataset2\"\r\n        },\r\n        {\r\n          \"sourceNodeId\": \"node2\",\r\n          \"sourcePortId\": \"Results dataset\",\r\n          \"targetNodeId\": \"node4\"\r\n        }\r\n      ],\r\n      \"graphParameters\": {},\r\n      \"nodes\": {\r\n        \"node1\": {\r\n          \"assetId\": \"asset1\",\r\n          \"parameters\": {\r\n            \"Please Specify Data Source\": {\r\n              \"value\": \"AzureBlobStorage\",\r\n              \"certificateThumbprint\": \"\"\r\n            },\r\n            \"Please Specify Authentication Type\": {\r\n              \"value\": \"Account\",\r\n              \"certificateThumbprint\": \"\"\r\n            },\r\n            \"Account Name\": {\r\n              \"value\": \"bohurp\",\r\n              \"certificateThumbprint\": \"\"\r\n            },\r\n            \"Account Key\": {\r\n              \"value\": \"ENCRYPTED_VALUE_3\",\r\n              \"certificateThumbprint\": \"ENCRYPTED_CERTIFICATETHUMBPRINT_3\"\r\n            },\r\n            \"Path to container or directory or blob\": {\r\n              \"value\": \"uploadeddata/adult.data\",\r\n              \"certificateThumbprint\": \"\"\r\n            },\r\n            \"Blob File format\": {\r\n              \"value\": \"CSV\",\r\n              \"certificateThumbprint\": \"\"\r\n            },\r\n            \"File has Header Row\": {\r\n              \"value\": \"True\",\r\n              \"certificateThumbprint\": \"\"\r\n            }\r\n          }\r\n        },\r\n        \"node2\": {\r\n          \"assetId\": \"asset2\",\r\n          \"parameters\": {\r\n            \"Comma-separated case-sensitive names of join key columns for L\": {\r\n              \"value\": \"%7B%22isFilter%22%3Atrue%2C%22rules%22%3A%5B%7B%22ruleType%22%3A%22AllColumns%22%2C%22exclude%22%3Afalse%7D%2C%7B%22ruleType%22%3A%22ColumnTypes%22%2C%22exclude%22%3Afalse%2C%22columnTypes%22%3A%5B%22All%22%5D%2C%22columnKinds%22%3A%5B%22Feature%22%5D%7D%5D%2C%22ui%22%3A%7B%22withRules%22%3Atrue%7D%7D\",\r\n              \"certificateThumbprint\": \"\"\r\n            },\r\n            \"Comma-separated case-sensitive names of join key columns for R\": {\r\n              \"value\": \"%7B%22isFilter%22%3Atrue%2C%22rules%22%3A%5B%7B%22ruleType%22%3A%22AllColumns%22%2C%22exclude%22%3Afalse%7D%2C%7B%22ruleType%22%3A%22ColumnTypes%22%2C%22exclude%22%3Afalse%2C%22columnTypes%22%3A%5B%22All%22%5D%2C%22columnKinds%22%3A%5B%22Feature%22%5D%7D%5D%2C%22ui%22%3A%7B%22withRules%22%3Atrue%7D%7D\",\r\n              \"certificateThumbprint\": \"\"\r\n            },\r\n            \"Match case\": {\r\n              \"value\": \"True\",\r\n              \"certificateThumbprint\": \"\"\r\n            },\r\n            \"Join type\": {\r\n              \"value\": \"Inner Join\",\r\n              \"certificateThumbprint\": \"\"\r\n            },\r\n            \"Keep right key columns in joined table\": {\r\n              \"value\": \"True\",\r\n              \"certificateThumbprint\": \"\"\r\n            }\r\n          }\r\n        },\r\n        \"node3\": {\r\n          \"inputId\": \"input1\"\r\n        },\r\n        \"node4\": {\r\n          \"outputId\": \"output1\"\r\n        }\r\n      }\r\n    }\r\n  }\r\n}",
      "ResponseHeaders": {
        "Content-Length": [
          "15026"
        ],
        "Content-Type": [
          "application/json; charset=utf-8"
        ],
        "Expires": [
          "-1"
        ],
        "Pragma": [
          "no-cache"
        ],
        "x-ms-request-duration": [
          "33"
        ],
        "x-ms-correlation-request-id": [
          "a725228d-107d-47c8-baec-9440bae478d6"
        ],
        "x-ms-request-id": [
          "a6448dca-2128-484a-975c-3c120bea3146"
        ],
        "x-ms-ratelimit-remaining-subscription-reads": [
          "14835"
        ],
        "x-ms-routing-request-id": [
          "WESTUS2:20170426T170301Z:a725228d-107d-47c8-baec-9440bae478d6"
        ],
        "Strict-Transport-Security": [
          "max-age=31536000; includeSubDomains"
        ],
        "Cache-Control": [
          "no-cache"
        ],
        "Date": [
          "Wed, 26 Apr 2017 17:03:00 GMT"
        ],
        "Server": [
          "Microsoft-HTTPAPI/2.0"
        ]
      },
      "StatusCode": 200
    },
    {
      "RequestUri": "/subscriptions/d128f140-94e6-4175-87a7-954b9d27db16/resourceGroups/onesdk7938/providers/Microsoft.MachineLearning/webServices/onesdk9167?api-version=2017-01-01",
      "EncodedRequestUri": "L3N1YnNjcmlwdGlvbnMvZDEyOGYxNDAtOTRlNi00MTc1LTg3YTctOTU0YjlkMjdkYjE2L3Jlc291cmNlR3JvdXBzL29uZXNkazc5MzgvcHJvdmlkZXJzL01pY3Jvc29mdC5NYWNoaW5lTGVhcm5pbmcvd2ViU2VydmljZXMvb25lc2RrOTE2Nz9hcGktdmVyc2lvbj0yMDE3LTAxLTAx",
      "RequestMethod": "DELETE",
      "RequestBody": "",
      "RequestHeaders": {
        "x-ms-client-request-id": [
          "19fe8ed5-438c-4a0a-b447-e3dd82e9c853"
        ],
        "accept-language": [
          "en-US"
        ],
        "User-Agent": [
          "FxVersion/4.7.2046.0",
          "OSName/Windows_10_Enterprise",
          "OSVersion/6.3.15063",
          "Microsoft.Azure.Management.MachineLearning.WebServices.AzureMLWebServicesManagementClient/1.0.0"
        ]
      },
      "ResponseBody": "",
      "ResponseHeaders": {
        "Content-Length": [
          "0"
        ],
        "Expires": [
          "-1"
        ],
        "Pragma": [
          "no-cache"
        ],
        "Azure-AsyncOperation": [
          "https://management.azure.com/subscriptions/d128f140-94e6-4175-87a7-954b9d27db16/providers/Microsoft.MachineLearning/locations/southcentralus/operationsStatus/45a529bb-8d38-4acd-85e8-a161e95fb3a6?api-version=2017-01-01"
        ],
        "Azure-AsyncOperationPercentComplete": [
          "0"
        ],
        "x-ms-request-duration": [
          "281"
        ],
        "x-ms-correlation-request-id": [
          "f27aa2b2-0204-4b4f-ba0b-63a712a27210"
        ],
        "x-ms-request-id": [
          "834c2839-ae27-4a6b-a695-6d3d8d926652"
        ],
        "x-ms-ratelimit-remaining-subscription-writes": [
          "1195"
        ],
        "x-ms-routing-request-id": [
          "WESTUS2:20170426T170302Z:f27aa2b2-0204-4b4f-ba0b-63a712a27210"
        ],
        "Strict-Transport-Security": [
          "max-age=31536000; includeSubDomains"
        ],
        "Cache-Control": [
          "no-cache"
        ],
        "Date": [
          "Wed, 26 Apr 2017 17:03:01 GMT"
        ],
        "Location": [
          "https://management.azure.com/subscriptions/d128f140-94e6-4175-87a7-954b9d27db16/providers/Microsoft.MachineLearning/locations/southcentralus/operationresults/45a529bb-8d38-4acd-85e8-a161e95fb3a6?api-version=2017-01-01"
        ],
        "Server": [
          "Microsoft-HTTPAPI/2.0"
        ]
      },
      "StatusCode": 202
    },
    {
      "RequestUri": "/subscriptions/d128f140-94e6-4175-87a7-954b9d27db16/providers/Microsoft.MachineLearning/locations/southcentralus/operationsStatus/45a529bb-8d38-4acd-85e8-a161e95fb3a6?api-version=2017-01-01",
      "EncodedRequestUri": "L3N1YnNjcmlwdGlvbnMvZDEyOGYxNDAtOTRlNi00MTc1LTg3YTctOTU0YjlkMjdkYjE2L3Byb3ZpZGVycy9NaWNyb3NvZnQuTWFjaGluZUxlYXJuaW5nL2xvY2F0aW9ucy9zb3V0aGNlbnRyYWx1cy9vcGVyYXRpb25zU3RhdHVzLzQ1YTUyOWJiLThkMzgtNGFjZC04NWU4LWExNjFlOTVmYjNhNj9hcGktdmVyc2lvbj0yMDE3LTAxLTAx",
      "RequestMethod": "GET",
      "RequestBody": "",
      "RequestHeaders": {
        "User-Agent": [
          "FxVersion/4.7.2046.0",
          "OSName/Windows_10_Enterprise",
          "OSVersion/6.3.15063",
          "Microsoft.Azure.Management.MachineLearning.WebServices.AzureMLWebServicesManagementClient/1.0.0"
        ]
      },
      "ResponseBody": "{\r\n  \"id\": \"/subscriptions/d128f140-94e6-4175-87a7-954b9d27db16/providers/Microsoft.MachineLearning/locations/southcentralus/operationsStatus/45a529bb-8d38-4acd-85e8-a161e95fb3a6\",\r\n  \"name\": \"45a529bb-8d38-4acd-85e8-a161e95fb3a6\",\r\n  \"status\": \"Succeeded\",\r\n  \"startTime\": \"2017-04-26T17:03:05.4279125Z\",\r\n  \"endTime\": \"2017-04-26T17:03:06.9797197Z\",\r\n  \"percentComplete\": 1.0\r\n}",
      "ResponseHeaders": {
        "Content-Length": [
          "380"
        ],
        "Content-Type": [
          "application/json; charset=utf-8"
        ],
        "Expires": [
          "-1"
        ],
        "Pragma": [
          "no-cache"
        ],
        "x-ms-request-duration": [
          "16"
        ],
        "x-ms-correlation-request-id": [
          "6fcf7d16-d074-4f8a-bc3e-f4c62b90a676"
        ],
        "x-ms-request-id": [
          "b59d9870-3f6c-4e2c-ba65-a1abca1903bb"
        ],
        "x-ms-ratelimit-remaining-subscription-reads": [
          "14834"
        ],
        "x-ms-routing-request-id": [
          "WESTUS2:20170426T170307Z:6fcf7d16-d074-4f8a-bc3e-f4c62b90a676"
        ],
        "Strict-Transport-Security": [
          "max-age=31536000; includeSubDomains"
        ],
        "Cache-Control": [
          "no-cache"
        ],
        "Date": [
          "Wed, 26 Apr 2017 17:03:07 GMT"
        ],
        "Server": [
          "Microsoft-HTTPAPI/2.0"
        ]
      },
      "StatusCode": 200
    },
    {
      "RequestUri": "/subscriptions/d128f140-94e6-4175-87a7-954b9d27db16/resourceGroups/onesdk7938/providers/Microsoft.Storage/storageAccounts/onesdk9167?api-version=2015-06-15",
      "EncodedRequestUri": "L3N1YnNjcmlwdGlvbnMvZDEyOGYxNDAtOTRlNi00MTc1LTg3YTctOTU0YjlkMjdkYjE2L3Jlc291cmNlR3JvdXBzL29uZXNkazc5MzgvcHJvdmlkZXJzL01pY3Jvc29mdC5TdG9yYWdlL3N0b3JhZ2VBY2NvdW50cy9vbmVzZGs5MTY3P2FwaS12ZXJzaW9uPTIwMTUtMDYtMTU=",
      "RequestMethod": "DELETE",
      "RequestBody": "",
      "RequestHeaders": {
        "x-ms-client-request-id": [
          "48f4eb83-9ad7-4637-8e9c-6d52a9f136ca"
        ],
        "User-Agent": [
          "Microsoft.Azure.Management.Storage.StorageManagementClient/3.0.0.0"
        ]
      },
      "ResponseBody": "",
      "ResponseHeaders": {
        "Expires": [
          "-1"
        ],
        "Pragma": [
          "no-cache"
        ],
        "x-ms-ratelimit-remaining-subscription-writes": [
          "1194"
        ],
        "x-ms-request-id": [
          "d4d768d2-d8d5-4d5c-b975-73126a0919e0"
        ],
        "x-ms-correlation-request-id": [
          "d4d768d2-d8d5-4d5c-b975-73126a0919e0"
        ],
        "x-ms-routing-request-id": [
          "WESTUS2:20170426T170307Z:d4d768d2-d8d5-4d5c-b975-73126a0919e0"
        ],
        "Strict-Transport-Security": [
          "max-age=31536000; includeSubDomains"
        ],
        "Cache-Control": [
          "no-cache"
        ],
        "Date": [
          "Wed, 26 Apr 2017 17:03:06 GMT"
        ]
      },
      "StatusCode": 204
    },
    {
      "RequestUri": "/subscriptions/d128f140-94e6-4175-87a7-954b9d27db16/resourcegroups/onesdk7938?api-version=2016-02-01",
      "EncodedRequestUri": "L3N1YnNjcmlwdGlvbnMvZDEyOGYxNDAtOTRlNi00MTc1LTg3YTctOTU0YjlkMjdkYjE2L3Jlc291cmNlZ3JvdXBzL29uZXNkazc5Mzg/YXBpLXZlcnNpb249MjAxNi0wMi0wMQ==",
      "RequestMethod": "DELETE",
      "RequestBody": "",
      "RequestHeaders": {
        "User-Agent": [
          "Microsoft.Azure.Management.Resources.ResourceManagementClient/2.0.0.0"
        ]
      },
      "ResponseBody": "",
      "ResponseHeaders": {
        "Content-Length": [
          "0"
        ],
        "Expires": [
          "-1"
        ],
        "Pragma": [
          "no-cache"
        ],
        "Retry-After": [
          "15"
        ],
        "x-ms-ratelimit-remaining-subscription-writes": [
          "1196"
        ],
        "x-ms-request-id": [
          "6a43ca0a-ffd4-46cb-a5e2-e634da1a1841"
        ],
        "x-ms-correlation-request-id": [
          "6a43ca0a-ffd4-46cb-a5e2-e634da1a1841"
        ],
        "x-ms-routing-request-id": [
          "WESTUS2:20170426T170308Z:6a43ca0a-ffd4-46cb-a5e2-e634da1a1841"
        ],
        "Strict-Transport-Security": [
          "max-age=31536000; includeSubDomains"
        ],
        "Cache-Control": [
          "no-cache"
        ],
        "Date": [
          "Wed, 26 Apr 2017 17:03:07 GMT"
        ],
        "Location": [
          "https://management.azure.com/subscriptions/d128f140-94e6-4175-87a7-954b9d27db16/operationresults/eyJqb2JJZCI6IlJFU09VUkNFR1JPVVBERUxFVElPTkpPQi1PTkVTREs3OTM4LVNPVVRIQ0VOVFJBTFVTIiwiam9iTG9jYXRpb24iOiJzb3V0aGNlbnRyYWx1cyJ9?api-version=2016-02-01"
        ]
      },
      "StatusCode": 202
    },
    {
      "RequestUri": "/subscriptions/d128f140-94e6-4175-87a7-954b9d27db16/operationresults/eyJqb2JJZCI6IlJFU09VUkNFR1JPVVBERUxFVElPTkpPQi1PTkVTREs3OTM4LVNPVVRIQ0VOVFJBTFVTIiwiam9iTG9jYXRpb24iOiJzb3V0aGNlbnRyYWx1cyJ9?api-version=2016-02-01",
      "EncodedRequestUri": "L3N1YnNjcmlwdGlvbnMvZDEyOGYxNDAtOTRlNi00MTc1LTg3YTctOTU0YjlkMjdkYjE2L29wZXJhdGlvbnJlc3VsdHMvZXlKcWIySkpaQ0k2SWxKRlUwOVZVa05GUjFKUFZWQkVSVXhGVkVsUFRrcFBRaTFQVGtWVFJFczNPVE00TFZOUFZWUklRMFZPVkZKQlRGVlRJaXdpYW05aVRHOWpZWFJwYjI0aU9pSnpiM1YwYUdObGJuUnlZV3gxY3lKOT9hcGktdmVyc2lvbj0yMDE2LTAyLTAx",
      "RequestMethod": "GET",
      "RequestBody": "",
      "RequestHeaders": {
        "x-ms-version": [
          "2016-02-01"
        ],
        "User-Agent": [
          "Microsoft.Azure.Management.Resources.ResourceManagementClient/2.0.0.0"
        ]
      },
      "ResponseBody": "",
      "ResponseHeaders": {
        "Content-Length": [
          "0"
        ],
        "Expires": [
          "-1"
        ],
        "Pragma": [
          "no-cache"
        ],
        "Retry-After": [
          "15"
        ],
        "x-ms-ratelimit-remaining-subscription-reads": [
          "14830"
        ],
        "x-ms-request-id": [
          "b1aacb0f-111d-46ac-8f16-082b9d2f781a"
        ],
        "x-ms-correlation-request-id": [
          "b1aacb0f-111d-46ac-8f16-082b9d2f781a"
        ],
        "x-ms-routing-request-id": [
          "WESTUS2:20170426T170308Z:b1aacb0f-111d-46ac-8f16-082b9d2f781a"
        ],
        "Strict-Transport-Security": [
          "max-age=31536000; includeSubDomains"
        ],
        "Cache-Control": [
          "no-cache"
        ],
        "Date": [
          "Wed, 26 Apr 2017 17:03:08 GMT"
        ],
        "Location": [
          "https://management.azure.com/subscriptions/d128f140-94e6-4175-87a7-954b9d27db16/operationresults/eyJqb2JJZCI6IlJFU09VUkNFR1JPVVBERUxFVElPTkpPQi1PTkVTREs3OTM4LVNPVVRIQ0VOVFJBTFVTIiwiam9iTG9jYXRpb24iOiJzb3V0aGNlbnRyYWx1cyJ9?api-version=2016-02-01"
        ]
      },
      "StatusCode": 202
    },
    {
      "RequestUri": "/subscriptions/d128f140-94e6-4175-87a7-954b9d27db16/operationresults/eyJqb2JJZCI6IlJFU09VUkNFR1JPVVBERUxFVElPTkpPQi1PTkVTREs3OTM4LVNPVVRIQ0VOVFJBTFVTIiwiam9iTG9jYXRpb24iOiJzb3V0aGNlbnRyYWx1cyJ9?api-version=2016-02-01",
      "EncodedRequestUri": "L3N1YnNjcmlwdGlvbnMvZDEyOGYxNDAtOTRlNi00MTc1LTg3YTctOTU0YjlkMjdkYjE2L29wZXJhdGlvbnJlc3VsdHMvZXlKcWIySkpaQ0k2SWxKRlUwOVZVa05GUjFKUFZWQkVSVXhGVkVsUFRrcFBRaTFQVGtWVFJFczNPVE00TFZOUFZWUklRMFZPVkZKQlRGVlRJaXdpYW05aVRHOWpZWFJwYjI0aU9pSnpiM1YwYUdObGJuUnlZV3gxY3lKOT9hcGktdmVyc2lvbj0yMDE2LTAyLTAx",
      "RequestMethod": "GET",
      "RequestBody": "",
      "RequestHeaders": {
        "x-ms-version": [
          "2016-02-01"
        ],
        "User-Agent": [
          "Microsoft.Azure.Management.Resources.ResourceManagementClient/2.0.0.0"
        ]
      },
      "ResponseBody": "",
      "ResponseHeaders": {
        "Content-Length": [
          "0"
        ],
        "Expires": [
          "-1"
        ],
        "Pragma": [
          "no-cache"
        ],
        "Retry-After": [
          "15"
        ],
        "x-ms-ratelimit-remaining-subscription-reads": [
          "14829"
        ],
        "x-ms-request-id": [
          "3db82474-8776-4b4e-976f-adf009946525"
        ],
        "x-ms-correlation-request-id": [
          "3db82474-8776-4b4e-976f-adf009946525"
        ],
        "x-ms-routing-request-id": [
          "WESTUS2:20170426T170323Z:3db82474-8776-4b4e-976f-adf009946525"
        ],
        "Strict-Transport-Security": [
          "max-age=31536000; includeSubDomains"
        ],
        "Cache-Control": [
          "no-cache"
        ],
        "Date": [
          "Wed, 26 Apr 2017 17:03:23 GMT"
        ],
        "Location": [
          "https://management.azure.com/subscriptions/d128f140-94e6-4175-87a7-954b9d27db16/operationresults/eyJqb2JJZCI6IlJFU09VUkNFR1JPVVBERUxFVElPTkpPQi1PTkVTREs3OTM4LVNPVVRIQ0VOVFJBTFVTIiwiam9iTG9jYXRpb24iOiJzb3V0aGNlbnRyYWx1cyJ9?api-version=2016-02-01"
        ]
      },
      "StatusCode": 202
    },
    {
      "RequestUri": "/subscriptions/d128f140-94e6-4175-87a7-954b9d27db16/operationresults/eyJqb2JJZCI6IlJFU09VUkNFR1JPVVBERUxFVElPTkpPQi1PTkVTREs3OTM4LVNPVVRIQ0VOVFJBTFVTIiwiam9iTG9jYXRpb24iOiJzb3V0aGNlbnRyYWx1cyJ9?api-version=2016-02-01",
      "EncodedRequestUri": "L3N1YnNjcmlwdGlvbnMvZDEyOGYxNDAtOTRlNi00MTc1LTg3YTctOTU0YjlkMjdkYjE2L29wZXJhdGlvbnJlc3VsdHMvZXlKcWIySkpaQ0k2SWxKRlUwOVZVa05GUjFKUFZWQkVSVXhGVkVsUFRrcFBRaTFQVGtWVFJFczNPVE00TFZOUFZWUklRMFZPVkZKQlRGVlRJaXdpYW05aVRHOWpZWFJwYjI0aU9pSnpiM1YwYUdObGJuUnlZV3gxY3lKOT9hcGktdmVyc2lvbj0yMDE2LTAyLTAx",
      "RequestMethod": "GET",
      "RequestBody": "",
      "RequestHeaders": {
        "x-ms-version": [
          "2016-02-01"
        ],
        "User-Agent": [
          "Microsoft.Azure.Management.Resources.ResourceManagementClient/2.0.0.0"
        ]
      },
      "ResponseBody": "",
      "ResponseHeaders": {
        "Content-Length": [
          "0"
        ],
        "Expires": [
          "-1"
        ],
        "Pragma": [
          "no-cache"
        ],
        "Retry-After": [
          "15"
        ],
        "x-ms-ratelimit-remaining-subscription-reads": [
          "14826"
        ],
        "x-ms-request-id": [
          "7e02f9a5-c4a6-483a-be11-a2faf3adc832"
        ],
        "x-ms-correlation-request-id": [
          "7e02f9a5-c4a6-483a-be11-a2faf3adc832"
        ],
        "x-ms-routing-request-id": [
          "WESTUS2:20170426T170338Z:7e02f9a5-c4a6-483a-be11-a2faf3adc832"
        ],
        "Strict-Transport-Security": [
          "max-age=31536000; includeSubDomains"
        ],
        "Cache-Control": [
          "no-cache"
        ],
        "Date": [
          "Wed, 26 Apr 2017 17:03:38 GMT"
        ],
        "Location": [
          "https://management.azure.com/subscriptions/d128f140-94e6-4175-87a7-954b9d27db16/operationresults/eyJqb2JJZCI6IlJFU09VUkNFR1JPVVBERUxFVElPTkpPQi1PTkVTREs3OTM4LVNPVVRIQ0VOVFJBTFVTIiwiam9iTG9jYXRpb24iOiJzb3V0aGNlbnRyYWx1cyJ9?api-version=2016-02-01"
        ]
      },
      "StatusCode": 202
    },
    {
      "RequestUri": "/subscriptions/d128f140-94e6-4175-87a7-954b9d27db16/operationresults/eyJqb2JJZCI6IlJFU09VUkNFR1JPVVBERUxFVElPTkpPQi1PTkVTREs3OTM4LVNPVVRIQ0VOVFJBTFVTIiwiam9iTG9jYXRpb24iOiJzb3V0aGNlbnRyYWx1cyJ9?api-version=2016-02-01",
      "EncodedRequestUri": "L3N1YnNjcmlwdGlvbnMvZDEyOGYxNDAtOTRlNi00MTc1LTg3YTctOTU0YjlkMjdkYjE2L29wZXJhdGlvbnJlc3VsdHMvZXlKcWIySkpaQ0k2SWxKRlUwOVZVa05GUjFKUFZWQkVSVXhGVkVsUFRrcFBRaTFQVGtWVFJFczNPVE00TFZOUFZWUklRMFZPVkZKQlRGVlRJaXdpYW05aVRHOWpZWFJwYjI0aU9pSnpiM1YwYUdObGJuUnlZV3gxY3lKOT9hcGktdmVyc2lvbj0yMDE2LTAyLTAx",
      "RequestMethod": "GET",
      "RequestBody": "",
      "RequestHeaders": {
        "x-ms-version": [
          "2016-02-01"
        ],
        "User-Agent": [
          "Microsoft.Azure.Management.Resources.ResourceManagementClient/2.0.0.0"
        ]
      },
      "ResponseBody": "",
      "ResponseHeaders": {
        "Content-Length": [
          "0"
        ],
        "Expires": [
          "-1"
        ],
        "Pragma": [
          "no-cache"
        ],
        "Retry-After": [
          "15"
        ],
        "x-ms-ratelimit-remaining-subscription-reads": [
          "14824"
        ],
        "x-ms-request-id": [
          "791594d8-7344-4269-97de-97f564b4cad4"
        ],
        "x-ms-correlation-request-id": [
          "791594d8-7344-4269-97de-97f564b4cad4"
        ],
        "x-ms-routing-request-id": [
          "WESTUS2:20170426T170353Z:791594d8-7344-4269-97de-97f564b4cad4"
        ],
        "Strict-Transport-Security": [
          "max-age=31536000; includeSubDomains"
        ],
        "Cache-Control": [
          "no-cache"
        ],
        "Date": [
          "Wed, 26 Apr 2017 17:03:53 GMT"
        ],
        "Location": [
          "https://management.azure.com/subscriptions/d128f140-94e6-4175-87a7-954b9d27db16/operationresults/eyJqb2JJZCI6IlJFU09VUkNFR1JPVVBERUxFVElPTkpPQi1PTkVTREs3OTM4LVNPVVRIQ0VOVFJBTFVTIiwiam9iTG9jYXRpb24iOiJzb3V0aGNlbnRyYWx1cyJ9?api-version=2016-02-01"
        ]
      },
      "StatusCode": 202
    },
    {
      "RequestUri": "/subscriptions/d128f140-94e6-4175-87a7-954b9d27db16/operationresults/eyJqb2JJZCI6IlJFU09VUkNFR1JPVVBERUxFVElPTkpPQi1PTkVTREs3OTM4LVNPVVRIQ0VOVFJBTFVTIiwiam9iTG9jYXRpb24iOiJzb3V0aGNlbnRyYWx1cyJ9?api-version=2016-02-01",
      "EncodedRequestUri": "L3N1YnNjcmlwdGlvbnMvZDEyOGYxNDAtOTRlNi00MTc1LTg3YTctOTU0YjlkMjdkYjE2L29wZXJhdGlvbnJlc3VsdHMvZXlKcWIySkpaQ0k2SWxKRlUwOVZVa05GUjFKUFZWQkVSVXhGVkVsUFRrcFBRaTFQVGtWVFJFczNPVE00TFZOUFZWUklRMFZPVkZKQlRGVlRJaXdpYW05aVRHOWpZWFJwYjI0aU9pSnpiM1YwYUdObGJuUnlZV3gxY3lKOT9hcGktdmVyc2lvbj0yMDE2LTAyLTAx",
      "RequestMethod": "GET",
      "RequestBody": "",
      "RequestHeaders": {
        "x-ms-version": [
          "2016-02-01"
        ],
        "User-Agent": [
          "Microsoft.Azure.Management.Resources.ResourceManagementClient/2.0.0.0"
        ]
      },
      "ResponseBody": "",
      "ResponseHeaders": {
        "Content-Length": [
          "0"
        ],
        "Expires": [
          "-1"
        ],
        "Pragma": [
          "no-cache"
        ],
        "Retry-After": [
          "15"
        ],
        "x-ms-ratelimit-remaining-subscription-reads": [
          "14822"
        ],
        "x-ms-request-id": [
          "eda46605-fc42-43b8-8d6f-b60103e8ea93"
        ],
        "x-ms-correlation-request-id": [
          "eda46605-fc42-43b8-8d6f-b60103e8ea93"
        ],
        "x-ms-routing-request-id": [
          "WESTUS2:20170426T170409Z:eda46605-fc42-43b8-8d6f-b60103e8ea93"
        ],
        "Strict-Transport-Security": [
          "max-age=31536000; includeSubDomains"
        ],
        "Cache-Control": [
          "no-cache"
        ],
        "Date": [
          "Wed, 26 Apr 2017 17:04:08 GMT"
        ],
        "Location": [
          "https://management.azure.com/subscriptions/d128f140-94e6-4175-87a7-954b9d27db16/operationresults/eyJqb2JJZCI6IlJFU09VUkNFR1JPVVBERUxFVElPTkpPQi1PTkVTREs3OTM4LVNPVVRIQ0VOVFJBTFVTIiwiam9iTG9jYXRpb24iOiJzb3V0aGNlbnRyYWx1cyJ9?api-version=2016-02-01"
        ]
      },
      "StatusCode": 202
    },
    {
      "RequestUri": "/subscriptions/d128f140-94e6-4175-87a7-954b9d27db16/operationresults/eyJqb2JJZCI6IlJFU09VUkNFR1JPVVBERUxFVElPTkpPQi1PTkVTREs3OTM4LVNPVVRIQ0VOVFJBTFVTIiwiam9iTG9jYXRpb24iOiJzb3V0aGNlbnRyYWx1cyJ9?api-version=2016-02-01",
      "EncodedRequestUri": "L3N1YnNjcmlwdGlvbnMvZDEyOGYxNDAtOTRlNi00MTc1LTg3YTctOTU0YjlkMjdkYjE2L29wZXJhdGlvbnJlc3VsdHMvZXlKcWIySkpaQ0k2SWxKRlUwOVZVa05GUjFKUFZWQkVSVXhGVkVsUFRrcFBRaTFQVGtWVFJFczNPVE00TFZOUFZWUklRMFZPVkZKQlRGVlRJaXdpYW05aVRHOWpZWFJwYjI0aU9pSnpiM1YwYUdObGJuUnlZV3gxY3lKOT9hcGktdmVyc2lvbj0yMDE2LTAyLTAx",
      "RequestMethod": "GET",
      "RequestBody": "",
      "RequestHeaders": {
        "x-ms-version": [
          "2016-02-01"
        ],
        "User-Agent": [
          "Microsoft.Azure.Management.Resources.ResourceManagementClient/2.0.0.0"
        ]
      },
      "ResponseBody": "",
      "ResponseHeaders": {
        "Content-Length": [
          "0"
        ],
        "Expires": [
          "-1"
        ],
        "Pragma": [
          "no-cache"
        ],
        "Retry-After": [
          "15"
        ],
        "x-ms-ratelimit-remaining-subscription-reads": [
          "14821"
        ],
        "x-ms-request-id": [
          "90100258-391b-4f92-a121-e4e5a50f1c75"
        ],
        "x-ms-correlation-request-id": [
          "90100258-391b-4f92-a121-e4e5a50f1c75"
        ],
        "x-ms-routing-request-id": [
          "WESTUS2:20170426T170424Z:90100258-391b-4f92-a121-e4e5a50f1c75"
        ],
        "Strict-Transport-Security": [
          "max-age=31536000; includeSubDomains"
        ],
        "Cache-Control": [
          "no-cache"
        ],
        "Date": [
          "Wed, 26 Apr 2017 17:04:23 GMT"
        ],
        "Location": [
          "https://management.azure.com/subscriptions/d128f140-94e6-4175-87a7-954b9d27db16/operationresults/eyJqb2JJZCI6IlJFU09VUkNFR1JPVVBERUxFVElPTkpPQi1PTkVTREs3OTM4LVNPVVRIQ0VOVFJBTFVTIiwiam9iTG9jYXRpb24iOiJzb3V0aGNlbnRyYWx1cyJ9?api-version=2016-02-01"
        ]
      },
      "StatusCode": 202
    },
    {
      "RequestUri": "/subscriptions/d128f140-94e6-4175-87a7-954b9d27db16/operationresults/eyJqb2JJZCI6IlJFU09VUkNFR1JPVVBERUxFVElPTkpPQi1PTkVTREs3OTM4LVNPVVRIQ0VOVFJBTFVTIiwiam9iTG9jYXRpb24iOiJzb3V0aGNlbnRyYWx1cyJ9?api-version=2016-02-01",
      "EncodedRequestUri": "L3N1YnNjcmlwdGlvbnMvZDEyOGYxNDAtOTRlNi00MTc1LTg3YTctOTU0YjlkMjdkYjE2L29wZXJhdGlvbnJlc3VsdHMvZXlKcWIySkpaQ0k2SWxKRlUwOVZVa05GUjFKUFZWQkVSVXhGVkVsUFRrcFBRaTFQVGtWVFJFczNPVE00TFZOUFZWUklRMFZPVkZKQlRGVlRJaXdpYW05aVRHOWpZWFJwYjI0aU9pSnpiM1YwYUdObGJuUnlZV3gxY3lKOT9hcGktdmVyc2lvbj0yMDE2LTAyLTAx",
      "RequestMethod": "GET",
      "RequestBody": "",
      "RequestHeaders": {
        "x-ms-version": [
          "2016-02-01"
        ],
        "User-Agent": [
          "Microsoft.Azure.Management.Resources.ResourceManagementClient/2.0.0.0"
        ]
      },
      "ResponseBody": "",
      "ResponseHeaders": {
        "Content-Length": [
          "0"
        ],
        "Expires": [
          "-1"
        ],
        "Pragma": [
          "no-cache"
        ],
        "Retry-After": [
          "15"
        ],
        "x-ms-ratelimit-remaining-subscription-reads": [
          "14820"
        ],
        "x-ms-request-id": [
          "bfabc0bd-19b1-470d-942b-dfa97f986aab"
        ],
        "x-ms-correlation-request-id": [
          "bfabc0bd-19b1-470d-942b-dfa97f986aab"
        ],
        "x-ms-routing-request-id": [
          "WESTUS2:20170426T170439Z:bfabc0bd-19b1-470d-942b-dfa97f986aab"
        ],
        "Strict-Transport-Security": [
          "max-age=31536000; includeSubDomains"
        ],
        "Cache-Control": [
          "no-cache"
        ],
        "Date": [
          "Wed, 26 Apr 2017 17:04:38 GMT"
        ],
        "Location": [
          "https://management.azure.com/subscriptions/d128f140-94e6-4175-87a7-954b9d27db16/operationresults/eyJqb2JJZCI6IlJFU09VUkNFR1JPVVBERUxFVElPTkpPQi1PTkVTREs3OTM4LVNPVVRIQ0VOVFJBTFVTIiwiam9iTG9jYXRpb24iOiJzb3V0aGNlbnRyYWx1cyJ9?api-version=2016-02-01"
        ]
      },
      "StatusCode": 202
    },
    {
      "RequestUri": "/subscriptions/d128f140-94e6-4175-87a7-954b9d27db16/operationresults/eyJqb2JJZCI6IlJFU09VUkNFR1JPVVBERUxFVElPTkpPQi1PTkVTREs3OTM4LVNPVVRIQ0VOVFJBTFVTIiwiam9iTG9jYXRpb24iOiJzb3V0aGNlbnRyYWx1cyJ9?api-version=2016-02-01",
      "EncodedRequestUri": "L3N1YnNjcmlwdGlvbnMvZDEyOGYxNDAtOTRlNi00MTc1LTg3YTctOTU0YjlkMjdkYjE2L29wZXJhdGlvbnJlc3VsdHMvZXlKcWIySkpaQ0k2SWxKRlUwOVZVa05GUjFKUFZWQkVSVXhGVkVsUFRrcFBRaTFQVGtWVFJFczNPVE00TFZOUFZWUklRMFZPVkZKQlRGVlRJaXdpYW05aVRHOWpZWFJwYjI0aU9pSnpiM1YwYUdObGJuUnlZV3gxY3lKOT9hcGktdmVyc2lvbj0yMDE2LTAyLTAx",
      "RequestMethod": "GET",
      "RequestBody": "",
      "RequestHeaders": {
        "x-ms-version": [
          "2016-02-01"
        ],
        "User-Agent": [
          "Microsoft.Azure.Management.Resources.ResourceManagementClient/2.0.0.0"
        ]
      },
      "ResponseBody": "",
      "ResponseHeaders": {
        "Content-Length": [
          "0"
        ],
        "Expires": [
          "-1"
        ],
        "Pragma": [
          "no-cache"
        ],
        "x-ms-ratelimit-remaining-subscription-reads": [
          "14818"
        ],
        "x-ms-request-id": [
          "85972f0d-baa4-4166-8c2f-fa7952e79f25"
        ],
        "x-ms-correlation-request-id": [
          "85972f0d-baa4-4166-8c2f-fa7952e79f25"
        ],
        "x-ms-routing-request-id": [
          "WESTUS2:20170426T170454Z:85972f0d-baa4-4166-8c2f-fa7952e79f25"
        ],
        "Strict-Transport-Security": [
          "max-age=31536000; includeSubDomains"
        ],
        "Cache-Control": [
          "no-cache"
        ],
        "Date": [
          "Wed, 26 Apr 2017 17:04:53 GMT"
        ]
      },
      "StatusCode": 200
    }
  ],
  "Names": {
    "Test-CreateWebServiceFromFile": [
      "onesdk7938",
      "onesdk9167",
      "onesdk7622",
      "onesdk2784"
    ]
  },
  "Variables": {
    "SubscriptionId": "d128f140-94e6-4175-87a7-954b9d27db16"
  }
}