{
  "Entries": [
    {
      "RequestUri": "/subscriptions/3e919f9a-4e26-4736-aa8d-d596d9a49239/providers/Microsoft.Peering/peerAsns/20940-Global5095?api-version=2020-10-01",
      "EncodedRequestUri": "L3N1YnNjcmlwdGlvbnMvM2U5MTlmOWEtNGUyNi00NzM2LWFhOGQtZDU5NmQ5YTQ5MjM5L3Byb3ZpZGVycy9NaWNyb3NvZnQuUGVlcmluZy9wZWVyQXNucy8yMDk0MC1HbG9iYWw1MDk1P2FwaS12ZXJzaW9uPTIwMjAtMTAtMDE=",
      "RequestMethod": "PUT",
      "RequestBody": "{\r\n  \"properties\": {\r\n    \"peerAsn\": 20940,\r\n    \"peerContactDetail\": [\r\n      {\r\n        \"role\": \"Noc\",\r\n        \"email\": \"Noc@AS20940-Global766.com\",\r\n        \"phone\": \"+1(888)-889-8088\"\r\n      },\r\n      {\r\n        \"role\": \"Policy\",\r\n        \"email\": \"Policy@AS20940-Global766.com\",\r\n        \"phone\": \"+1(888)-889-8088\"\r\n      }\r\n    ],\r\n    \"peerName\": \"AS20940-Global766\"\r\n  }\r\n}",
      "RequestHeaders": {
        "x-ms-client-request-id": [
          "c3fcd48a-3f08-4ce7-8a74-1d91747a55a4"
        ],
        "Accept-Language": [
          "en-US"
        ],
        "User-Agent": [
          "FxVersion/4.6.29812.02",
          "OSName/Windows",
          "OSVersion/Microsoft.Windows.10.0.19042.",
          "Microsoft.Azure.Management.Peering.PeeringManagementClient/2.1.1.0"
        ],
        "Content-Type": [
          "application/json; charset=utf-8"
        ],
        "Content-Length": [
          "383"
        ]
      },
      "ResponseHeaders": {
        "Cache-Control": [
          "no-cache"
        ],
        "Pragma": [
          "no-cache"
        ],
        "x-ms-request-id": [
          "f7b1304e-f8df-4783-98eb-2ff76891df65"
        ],
        "x-ms-ratelimit-remaining-subscription-resource-requests": [
          "59"
        ],
        "x-ms-correlation-request-id": [
          "715990c6-9455-40b3-a333-902c0754354c"
        ],
        "x-ms-routing-request-id": [
          "NORTHEUROPE:20210409T081234Z:715990c6-9455-40b3-a333-902c0754354c"
        ],
        "Strict-Transport-Security": [
          "max-age=31536000; includeSubDomains"
        ],
        "X-Content-Type-Options": [
          "nosniff"
        ],
        "Date": [
          "Fri, 09 Apr 2021 08:12:34 GMT"
        ],
        "Content-Length": [
          "609"
        ],
        "Content-Type": [
          "application/json; charset=utf-8"
        ],
        "Expires": [
          "-1"
        ]
      },
      "ResponseBody": "{\r\n  \"properties\": {\r\n    \"peerAsn\": 20940,\r\n    \"peerContactDetail\": [\r\n      {\r\n        \"role\": \"Noc\",\r\n        \"email\": \"Noc@AS20940-Global766.com\",\r\n        \"phone\": \"+1(888)-889-8088\"\r\n      },\r\n      {\r\n        \"role\": \"Policy\",\r\n        \"email\": \"Policy@AS20940-Global766.com\",\r\n        \"phone\": \"+1(888)-889-8088\"\r\n      }\r\n    ],\r\n    \"peerName\": \"AS20940-Global766\",\r\n    \"validationState\": \"Approved\"\r\n  },\r\n  \"name\": \"20940-Global5095\",\r\n  \"id\": \"/subscriptions/3e919f9a-4e26-4736-aa8d-d596d9a49239/providers/Microsoft.Peering/peerAsns/20940-Global5095\",\r\n  \"type\": \"Microsoft.Peering/peerAsns\"\r\n}",
      "StatusCode": 201
    },
    {
      "RequestUri": "/subscriptions/3e919f9a-4e26-4736-aa8d-d596d9a49239/providers/Microsoft.Peering/peerAsns/20940-Global5095?api-version=2020-10-01",
      "EncodedRequestUri": "L3N1YnNjcmlwdGlvbnMvM2U5MTlmOWEtNGUyNi00NzM2LWFhOGQtZDU5NmQ5YTQ5MjM5L3Byb3ZpZGVycy9NaWNyb3NvZnQuUGVlcmluZy9wZWVyQXNucy8yMDk0MC1HbG9iYWw1MDk1P2FwaS12ZXJzaW9uPTIwMjAtMTAtMDE=",
      "RequestMethod": "PUT",
      "RequestBody": "{\r\n  \"properties\": {\r\n    \"peerAsn\": 20940,\r\n    \"peerContactDetail\": [\r\n      {\r\n        \"role\": \"Noc\",\r\n        \"email\": \"Noc@AS20940-Global766.com\",\r\n        \"phone\": \"+1(888)-889-8088\"\r\n      },\r\n      {\r\n        \"role\": \"Policy\",\r\n        \"email\": \"Policy@AS20940-Global766.com\",\r\n        \"phone\": \"+1(888)-889-8088\"\r\n      }\r\n    ],\r\n    \"peerName\": \"AS20940-Global766\",\r\n    \"validationState\": \"Approved\"\r\n  }\r\n}",
      "RequestHeaders": {
        "x-ms-client-request-id": [
          "75a96291-cbf8-4de5-be77-7d6e5663572f"
        ],
        "Accept-Language": [
          "en-US"
        ],
        "User-Agent": [
          "FxVersion/4.6.29812.02",
          "OSName/Windows",
          "OSVersion/Microsoft.Windows.10.0.19042.",
          "Microsoft.Azure.Management.Peering.PeeringManagementClient/2.1.1.0"
        ],
        "Content-Type": [
          "application/json; charset=utf-8"
        ],
        "Content-Length": [
          "419"
        ]
      },
      "ResponseHeaders": {
        "Cache-Control": [
          "no-cache"
        ],
        "Pragma": [
          "no-cache"
        ],
        "x-ms-request-id": [
          "7309e746-a758-43a6-81d3-80b9be9cabfb"
        ],
        "x-ms-ratelimit-remaining-subscription-resource-requests": [
          "58"
        ],
        "x-ms-correlation-request-id": [
          "bd7dceef-592f-46b4-bc63-94243b073674"
        ],
        "x-ms-routing-request-id": [
          "NORTHEUROPE:20210409T081236Z:bd7dceef-592f-46b4-bc63-94243b073674"
        ],
        "Strict-Transport-Security": [
          "max-age=31536000; includeSubDomains"
        ],
        "X-Content-Type-Options": [
          "nosniff"
        ],
        "Date": [
          "Fri, 09 Apr 2021 08:12:36 GMT"
        ],
        "Content-Length": [
          "609"
        ],
        "Content-Type": [
          "application/json; charset=utf-8"
        ],
        "Expires": [
          "-1"
        ]
      },
      "ResponseBody": "{\r\n  \"properties\": {\r\n    \"peerAsn\": 20940,\r\n    \"peerContactDetail\": [\r\n      {\r\n        \"role\": \"Noc\",\r\n        \"email\": \"Noc@AS20940-Global766.com\",\r\n        \"phone\": \"+1(888)-889-8088\"\r\n      },\r\n      {\r\n        \"role\": \"Policy\",\r\n        \"email\": \"Policy@AS20940-Global766.com\",\r\n        \"phone\": \"+1(888)-889-8088\"\r\n      }\r\n    ],\r\n    \"peerName\": \"AS20940-Global766\",\r\n    \"validationState\": \"Approved\"\r\n  },\r\n  \"name\": \"20940-Global5095\",\r\n  \"id\": \"/subscriptions/3e919f9a-4e26-4736-aa8d-d596d9a49239/providers/Microsoft.Peering/peerAsns/20940-Global5095\",\r\n  \"type\": \"Microsoft.Peering/peerAsns\"\r\n}",
      "StatusCode": 200
    },
    {
      "RequestUri": "/subscriptions/3e919f9a-4e26-4736-aa8d-d596d9a49239/providers/Microsoft.Peering/legacyPeerings?peeringLocation=Amsterdam&kind=Direct&api-version=2020-10-01",
      "EncodedRequestUri": "L3N1YnNjcmlwdGlvbnMvM2U5MTlmOWEtNGUyNi00NzM2LWFhOGQtZDU5NmQ5YTQ5MjM5L3Byb3ZpZGVycy9NaWNyb3NvZnQuUGVlcmluZy9sZWdhY3lQZWVyaW5ncz9wZWVyaW5nTG9jYXRpb249QW1zdGVyZGFtJmtpbmQ9RGlyZWN0JmFwaS12ZXJzaW9uPTIwMjAtMTAtMDE=",
      "RequestMethod": "GET",
      "RequestBody": "",
      "RequestHeaders": {
        "x-ms-client-request-id": [
          "996ea842-5d1c-4aaa-8c5d-0aa9ba1376ed"
        ],
        "Accept-Language": [
          "en-US"
        ],
        "User-Agent": [
          "FxVersion/4.6.29812.02",
          "OSName/Windows",
          "OSVersion/Microsoft.Windows.10.0.19042.",
          "Microsoft.Azure.Management.Peering.PeeringManagementClient/2.1.1.0"
        ]
      },
      "ResponseHeaders": {
        "Cache-Control": [
          "no-cache"
        ],
        "Pragma": [
          "no-cache"
        ],
        "x-ms-request-id": [
          "2a156afc-c118-4e3e-8922-1c1d41253493"
        ],
        "x-ms-ratelimit-remaining-subscription-resource-requests": [
          "59"
        ],
        "x-ms-correlation-request-id": [
          "aa7a72f1-0299-461b-a729-a96927495390"
        ],
        "x-ms-routing-request-id": [
          "NORTHEUROPE:20210409T081238Z:aa7a72f1-0299-461b-a729-a96927495390"
        ],
        "Strict-Transport-Security": [
          "max-age=31536000; includeSubDomains"
        ],
        "X-Content-Type-Options": [
          "nosniff"
        ],
        "Date": [
          "Fri, 09 Apr 2021 08:12:38 GMT"
        ],
        "Content-Length": [
          "11964"
        ],
        "Content-Type": [
          "application/json; charset=utf-8"
        ],
        "Expires": [
          "-1"
        ]
      },
      "ResponseBody": "{\r\n  \"value\": [\r\n    {\r\n      \"sku\": {\r\n        \"name\": \"Basic_Direct_Free\",\r\n        \"tier\": \"Basic\",\r\n        \"family\": \"Direct\",\r\n        \"size\": \"Free\"\r\n      },\r\n      \"kind\": \"Direct\",\r\n      \"properties\": {\r\n        \"direct\": {\r\n          \"connections\": [\r\n            {\r\n              \"bandwidthInMbps\": 0,\r\n              \"provisionedBandwidthInMbps\": 100000,\r\n              \"sessionAddressProvider\": \"Default\",\r\n              \"useForPeeringService\": false,\r\n              \"peeringDBFacilityId\": 1236,\r\n              \"connectionState\": \"Active\",\r\n              \"bgpSession\": {\r\n                \"sessionPrefixV4\": \"198.200.130.224/31\",\r\n                \"sessionPrefixV6\": \"2a01:111:2000:1::1064/126\",\r\n                \"microsoftSessionIPv4Address\": \"198.200.130.224\",\r\n                \"microsoftSessionIPv6Address\": \"2a01:111:2000:1::1065\",\r\n                \"peerSessionIPv4Address\": \"198.200.130.225\",\r\n                \"peerSessionIPv6Address\": \"2a01:111:2000:1::1066\",\r\n                \"sessionStateV4\": \"Established\",\r\n                \"sessionStateV6\": \"Established\",\r\n                \"maxPrefixesAdvertisedV4\": 20000,\r\n                \"maxPrefixesAdvertisedV6\": 2000\r\n              },\r\n              \"connectionIdentifier\": \"86b8af4a-ec8d-4513-8cb3-8f9342b6d819\"\r\n            },\r\n            {\r\n              \"bandwidthInMbps\": 0,\r\n              \"provisionedBandwidthInMbps\": 100000,\r\n              \"sessionAddressProvider\": \"Default\",\r\n              \"useForPeeringService\": false,\r\n              \"peeringDBFacilityId\": 1236,\r\n              \"connectionState\": \"Active\",\r\n              \"bgpSession\": {\r\n                \"sessionPrefixV4\": \"198.200.130.222/31\",\r\n                \"sessionPrefixV6\": \"2a01:111:2000:1::1060/126\",\r\n                \"microsoftSessionIPv4Address\": \"198.200.130.222\",\r\n                \"microsoftSessionIPv6Address\": \"2a01:111:2000:1::1061\",\r\n                \"peerSessionIPv4Address\": \"198.200.130.223\",\r\n                \"peerSessionIPv6Address\": \"2a01:111:2000:1::1062\",\r\n                \"sessionStateV4\": \"Established\",\r\n                \"sessionStateV6\": \"Established\",\r\n                \"maxPrefixesAdvertisedV4\": 20000,\r\n                \"maxPrefixesAdvertisedV6\": 2000\r\n              },\r\n              \"connectionIdentifier\": \"8ca497ff-6cbe-4da1-bd77-cee234246008\"\r\n            }\r\n          ],\r\n          \"useForPeeringService\": false,\r\n          \"peerAsn\": {\r\n            \"id\": \"15169\"\r\n          },\r\n          \"directPeeringType\": \"Edge\"\r\n        },\r\n        \"peeringLocation\": \"Amsterdam\",\r\n        \"provisioningState\": \"Succeeded\"\r\n      },\r\n      \"location\": \"West Europe\"\r\n    },\r\n    {\r\n      \"sku\": {\r\n        \"name\": \"Basic_Direct_Free\",\r\n        \"tier\": \"Basic\",\r\n        \"family\": \"Direct\",\r\n        \"size\": \"Free\"\r\n      },\r\n      \"kind\": \"Direct\",\r\n      \"properties\": {\r\n        \"direct\": {\r\n          \"connections\": [\r\n            {\r\n              \"bandwidthInMbps\": 0,\r\n              \"provisionedBandwidthInMbps\": 40000,\r\n              \"sessionAddressProvider\": \"Default\",\r\n              \"useForPeeringService\": false,\r\n              \"peeringDBFacilityId\": 1236,\r\n              \"connectionState\": \"Active\",\r\n              \"bgpSession\": {\r\n                \"sessionPrefixV4\": \"4.68.110.120/30\",\r\n                \"sessionPrefixV6\": \"2001:1900:5:3::378/126\",\r\n                \"microsoftSessionIPv4Address\": \"4.68.110.122\",\r\n                \"microsoftSessionIPv6Address\": \"2001:1900:5:3::37a\",\r\n                \"peerSessionIPv4Address\": \"4.68.110.121\",\r\n                \"peerSessionIPv6Address\": \"2001:1900:5:3::379\",\r\n                \"sessionStateV4\": \"Established\",\r\n                \"sessionStateV6\": \"Established\",\r\n                \"maxPrefixesAdvertisedV4\": 20000,\r\n                \"maxPrefixesAdvertisedV6\": 2000\r\n              },\r\n              \"connectionIdentifier\": \"9503fc28-02a8-4844-a73f-167628096e98\"\r\n            },\r\n            {\r\n              \"bandwidthInMbps\": 0,\r\n              \"provisionedBandwidthInMbps\": 100000,\r\n              \"sessionAddressProvider\": \"Default\",\r\n              \"useForPeeringService\": false,\r\n              \"peeringDBFacilityId\": 1236,\r\n              \"connectionState\": \"Active\",\r\n              \"bgpSession\": {\r\n                \"sessionPrefixV4\": \"104.44.197.186/31\",\r\n                \"sessionPrefixV6\": \"2a01:111:2000:1::2acc/126\",\r\n                \"microsoftSessionIPv4Address\": \"104.44.197.187\",\r\n                \"microsoftSessionIPv6Address\": \"2a01:111:2000:1::2ace\",\r\n                \"peerSessionIPv4Address\": \"104.44.197.186\",\r\n                \"peerSessionIPv6Address\": \"2a01:111:2000:1::2acd\",\r\n                \"sessionStateV4\": \"Established\",\r\n                \"sessionStateV6\": \"Established\",\r\n                \"maxPrefixesAdvertisedV4\": 20000,\r\n                \"maxPrefixesAdvertisedV6\": 2000\r\n              },\r\n              \"connectionIdentifier\": \"75f46416-8c8b-4e0a-8d50-e3eccf78eec1\"\r\n            },\r\n            {\r\n              \"bandwidthInMbps\": 0,\r\n              \"provisionedBandwidthInMbps\": 100000,\r\n              \"sessionAddressProvider\": \"Default\",\r\n              \"useForPeeringService\": false,\r\n              \"peeringDBFacilityId\": 1236,\r\n              \"connectionState\": \"Active\",\r\n              \"bgpSession\": {\r\n                \"sessionPrefixV4\": \"4.68.39.152/30\",\r\n                \"sessionPrefixV6\": \"2001:1900:5:3::344/126\",\r\n                \"microsoftSessionIPv4Address\": \"4.68.39.154\",\r\n                \"microsoftSessionIPv6Address\": \"2001:1900:5:3::346\",\r\n                \"peerSessionIPv4Address\": \"4.68.39.153\",\r\n                \"peerSessionIPv6Address\": \"2001:1900:5:3::345\",\r\n                \"sessionStateV4\": \"Established\",\r\n                \"sessionStateV6\": \"Established\",\r\n                \"maxPrefixesAdvertisedV4\": 20000,\r\n                \"maxPrefixesAdvertisedV6\": 2000\r\n              },\r\n              \"connectionIdentifier\": \"578b367d-a7ac-437c-a5ee-40464177bad9\"\r\n            }\r\n          ],\r\n          \"useForPeeringService\": false,\r\n          \"peerAsn\": {\r\n            \"id\": \"3356\"\r\n          },\r\n          \"directPeeringType\": \"Edge\"\r\n        },\r\n        \"peeringLocation\": \"Amsterdam\",\r\n        \"provisioningState\": \"Succeeded\"\r\n      },\r\n      \"location\": \"West Europe\"\r\n    },\r\n    {\r\n      \"sku\": {\r\n        \"name\": \"Basic_Direct_Free\",\r\n        \"tier\": \"Basic\",\r\n        \"family\": \"Direct\",\r\n        \"size\": \"Free\"\r\n      },\r\n      \"kind\": \"Direct\",\r\n      \"properties\": {\r\n        \"direct\": {\r\n          \"connections\": [\r\n            {\r\n              \"bandwidthInMbps\": 0,\r\n              \"provisionedBandwidthInMbps\": 100000,\r\n              \"sessionAddressProvider\": \"Default\",\r\n              \"useForPeeringService\": false,\r\n              \"peeringDBFacilityId\": 1236,\r\n              \"connectionState\": \"Active\",\r\n              \"bgpSession\": {\r\n                \"sessionPrefixV4\": \"152.195.104.208/31\",\r\n                \"sessionPrefixV6\": \"2606:2800:50a8:f:8000::20/126\",\r\n                \"microsoftSessionIPv4Address\": \"152.195.104.209\",\r\n                \"microsoftSessionIPv6Address\": \"2606:2800:50a8:f:8000::22\",\r\n                \"peerSessionIPv4Address\": \"152.195.104.208\",\r\n                \"peerSessionIPv6Address\": \"2606:2800:50a8:f:8000::21\",\r\n                \"sessionStateV4\": \"Established\",\r\n                \"sessionStateV6\": \"Established\",\r\n                \"maxPrefixesAdvertisedV4\": 20000,\r\n                \"maxPrefixesAdvertisedV6\": 2000\r\n              },\r\n              \"connectionIdentifier\": \"108c8ae7-d3fa-4187-82d9-28729d84a641\"\r\n            }\r\n          ],\r\n          \"useForPeeringService\": false,\r\n          \"peerAsn\": {\r\n            \"id\": \"15133\"\r\n          },\r\n          \"directPeeringType\": \"Edge\"\r\n        },\r\n        \"peeringLocation\": \"Amsterdam\",\r\n        \"provisioningState\": \"Succeeded\"\r\n      },\r\n      \"location\": \"West Europe\"\r\n    },\r\n    {\r\n      \"sku\": {\r\n        \"name\": \"Basic_Direct_Free\",\r\n        \"tier\": \"Basic\",\r\n        \"family\": \"Direct\",\r\n        \"size\": \"Free\"\r\n      },\r\n      \"kind\": \"Direct\",\r\n      \"properties\": {\r\n        \"direct\": {\r\n          \"connections\": [\r\n            {\r\n              \"bandwidthInMbps\": 0,\r\n              \"provisionedBandwidthInMbps\": 40000,\r\n              \"sessionAddressProvider\": \"Default\",\r\n              \"useForPeeringService\": false,\r\n              \"peeringDBFacilityId\": 1236,\r\n              \"connectionState\": \"Active\",\r\n              \"bgpSession\": {\r\n                \"sessionPrefixV4\": \"195.22.213.118/31\",\r\n                \"sessionPrefixV6\": \"2001:41a8:100:2::ec/126\",\r\n                \"microsoftSessionIPv4Address\": \"195.22.213.119\",\r\n                \"microsoftSessionIPv6Address\": \"2001:41a8:100:2::ee\",\r\n                \"peerSessionIPv4Address\": \"195.22.213.118\",\r\n                \"peerSessionIPv6Address\": \"2001:41a8:100:2::ed\",\r\n                \"sessionStateV4\": \"Established\",\r\n                \"sessionStateV6\": \"Established\",\r\n                \"maxPrefixesAdvertisedV4\": 20000,\r\n                \"maxPrefixesAdvertisedV6\": 2000\r\n              },\r\n              \"connectionIdentifier\": \"b4c419c2-9540-4536-9674-07ea664fb45e\"\r\n            }\r\n          ],\r\n          \"useForPeeringService\": false,\r\n          \"peerAsn\": {\r\n            \"id\": \"6762\"\r\n          },\r\n          \"directPeeringType\": \"Edge\"\r\n        },\r\n        \"peeringLocation\": \"Amsterdam\",\r\n        \"provisioningState\": \"Succeeded\"\r\n      },\r\n      \"location\": \"West Europe\"\r\n    },\r\n    {\r\n      \"sku\": {\r\n        \"name\": \"Basic_Direct_Free\",\r\n        \"tier\": \"Basic\",\r\n        \"family\": \"Direct\",\r\n        \"size\": \"Free\"\r\n      },\r\n      \"kind\": \"Direct\",\r\n      \"properties\": {\r\n        \"direct\": {\r\n          \"connections\": [\r\n            {\r\n              \"bandwidthInMbps\": 0,\r\n              \"provisionedBandwidthInMbps\": 100000,\r\n              \"sessionAddressProvider\": \"Default\",\r\n              \"useForPeeringService\": false,\r\n              \"peeringDBFacilityId\": 1236,\r\n              \"connectionState\": \"Active\",\r\n              \"bgpSession\": {\r\n                \"sessionPrefixV4\": \"104.44.13.90/31\",\r\n                \"sessionPrefixV6\": \"2a01:111:2000:1::f24/126\",\r\n                \"microsoftSessionIPv4Address\": \"104.44.13.90\",\r\n                \"microsoftSessionIPv6Address\": \"2a01:111:2000:1::f25\",\r\n                \"peerSessionIPv4Address\": \"104.44.13.91\",\r\n                \"peerSessionIPv6Address\": \"2a01:111:2000:1::f26\",\r\n                \"sessionStateV4\": \"Established\",\r\n                \"sessionStateV6\": \"Established\",\r\n                \"maxPrefixesAdvertisedV4\": 20000,\r\n                \"maxPrefixesAdvertisedV6\": 2000\r\n              },\r\n              \"connectionIdentifier\": \"df7d56a5-7f9f-43ed-81b7-4e6ed82d40f7\"\r\n            },\r\n            {\r\n              \"bandwidthInMbps\": 0,\r\n              \"provisionedBandwidthInMbps\": 100000,\r\n              \"sessionAddressProvider\": \"Default\",\r\n              \"useForPeeringService\": false,\r\n              \"peeringDBFacilityId\": 1236,\r\n              \"connectionState\": \"Active\",\r\n              \"bgpSession\": {\r\n                \"sessionPrefixV4\": \"104.44.15.154/31\",\r\n                \"sessionPrefixV6\": \"2a01:111:2000:1::10a4/126\",\r\n                \"microsoftSessionIPv4Address\": \"104.44.15.154\",\r\n                \"microsoftSessionIPv6Address\": \"2a01:111:2000:1::10a5\",\r\n                \"peerSessionIPv4Address\": \"104.44.15.155\",\r\n                \"peerSessionIPv6Address\": \"2a01:111:2000:1::10a6\",\r\n                \"sessionStateV4\": \"Established\",\r\n                \"sessionStateV6\": \"Established\",\r\n                \"maxPrefixesAdvertisedV4\": 20000,\r\n                \"maxPrefixesAdvertisedV6\": 2000\r\n              },\r\n              \"connectionIdentifier\": \"948d0c08-eb22-4229-9cce-68020eb33b58\"\r\n            }\r\n          ],\r\n          \"useForPeeringService\": false,\r\n          \"peerAsn\": {\r\n            \"id\": \"20940\"\r\n          },\r\n          \"directPeeringType\": \"Edge\"\r\n        },\r\n        \"peeringLocation\": \"Amsterdam\",\r\n        \"provisioningState\": \"Succeeded\"\r\n      },\r\n      \"location\": \"West Europe\"\r\n    }\r\n  ]\r\n}",
      "StatusCode": 200
    },
    {
      "RequestUri": "/subscriptions/3e919f9a-4e26-4736-aa8d-d596d9a49239/providers/Microsoft.Peering/peerAsns/20940-Global5095?api-version=2020-10-01",
      "EncodedRequestUri": "L3N1YnNjcmlwdGlvbnMvM2U5MTlmOWEtNGUyNi00NzM2LWFhOGQtZDU5NmQ5YTQ5MjM5L3Byb3ZpZGVycy9NaWNyb3NvZnQuUGVlcmluZy9wZWVyQXNucy8yMDk0MC1HbG9iYWw1MDk1P2FwaS12ZXJzaW9uPTIwMjAtMTAtMDE=",
      "RequestMethod": "DELETE",
      "RequestBody": "",
      "RequestHeaders": {
        "x-ms-client-request-id": [
          "01b02488-4f69-4ffc-8a99-13842b50aa5d"
        ],
        "Accept-Language": [
          "en-US"
        ],
        "User-Agent": [
          "FxVersion/4.6.29812.02",
          "OSName/Windows",
          "OSVersion/Microsoft.Windows.10.0.19042.",
          "Microsoft.Azure.Management.Peering.PeeringManagementClient/2.1.1.0"
        ]
      },
      "ResponseHeaders": {
        "Cache-Control": [
          "no-cache"
        ],
        "Pragma": [
          "no-cache"
        ],
        "x-ms-request-id": [
          "74086444-378d-4d25-9617-ba16c1a0a87c"
        ],
        "x-ms-ratelimit-remaining-subscription-deletes": [
          "14999"
        ],
        "x-ms-correlation-request-id": [
          "86725cfd-ce5b-4243-95fe-1b06076aa37a"
        ],
        "x-ms-routing-request-id": [
          "NORTHEUROPE:20210409T081239Z:86725cfd-ce5b-4243-95fe-1b06076aa37a"
        ],
        "Strict-Transport-Security": [
          "max-age=31536000; includeSubDomains"
        ],
        "X-Content-Type-Options": [
          "nosniff"
        ],
        "Date": [
          "Fri, 09 Apr 2021 08:12:39 GMT"
        ],
        "Expires": [
          "-1"
        ],
        "Content-Length": [
          "0"
        ]
      },
      "ResponseBody": "",
      "StatusCode": 200
    }
  ],
  "Names": {
    "Test-GetLegacyKindDirectAmsterdam": [
      "20940-Global5095",
      "AS20940-Global766"
    ]
  },
  "Variables": {
    "SubscriptionId": "3e919f9a-4e26-4736-aa8d-d596d9a49239"
  }
}