{
  "Entries": [
    {
      "RequestUri": "/subscriptions/3cfb1b34-e5a9-4f98-bf9c-e4d69a6b170c/resourcegroups/ps371?api-version=2016-02-01",
      "EncodedRequestUri": "L3N1YnNjcmlwdGlvbnMvM2NmYjFiMzQtZTVhOS00Zjk4LWJmOWMtZTRkNjlhNmIxNzBjL3Jlc291cmNlZ3JvdXBzL3BzMzcxP2FwaS12ZXJzaW9uPTIwMTYtMDItMDE=",
      "RequestMethod": "PUT",
      "RequestBody": "{\r\n  \"location\": \"West US\"\r\n}",
      "RequestHeaders": {
        "Content-Type": [
          "application/json; charset=utf-8"
        ],
        "Content-Length": [
          "29"
        ],
        "User-Agent": [
          "Microsoft.Azure.Management.Resources.ResourceManagementClient/2.0.0.0"
        ]
      },
      "ResponseBody": "{\r\n  \"id\": \"/subscriptions/3cfb1b34-e5a9-4f98-bf9c-e4d69a6b170c/resourceGroups/ps371\",\r\n  \"name\": \"ps371\",\r\n  \"location\": \"westus\",\r\n  \"properties\": {\r\n    \"provisioningState\": \"Succeeded\"\r\n  }\r\n}",
      "ResponseHeaders": {
        "Content-Length": [
          "163"
        ],
        "Content-Type": [
          "application/json; charset=utf-8"
        ],
        "Expires": [
          "-1"
        ],
        "Pragma": [
          "no-cache"
        ],
        "x-ms-ratelimit-remaining-subscription-writes": [
          "1185"
        ],
        "x-ms-request-id": [
          "1d9b68b9-0dae-4eb2-ae0d-fdb478c6d749"
        ],
        "x-ms-correlation-request-id": [
          "1d9b68b9-0dae-4eb2-ae0d-fdb478c6d749"
        ],
        "x-ms-routing-request-id": [
          "CENTRALUS:20180308T210107Z:1d9b68b9-0dae-4eb2-ae0d-fdb478c6d749"
        ],
        "Strict-Transport-Security": [
          "max-age=31536000; includeSubDomains"
        ],
        "X-Content-Type-Options": [
          "nosniff"
        ],
        "Cache-Control": [
          "no-cache"
        ],
        "Date": [
          "Thu, 08 Mar 2018 21:01:06 GMT"
        ]
      },
      "StatusCode": 201
    },
    {
      "RequestUri": "/subscriptions/3cfb1b34-e5a9-4f98-bf9c-e4d69a6b170c/resourceGroups/ps371/providers/Microsoft.Network/dnsZones/ps7903.pstest.test?api-version=2018-03-01-preview",
      "EncodedRequestUri": "L3N1YnNjcmlwdGlvbnMvM2NmYjFiMzQtZTVhOS00Zjk4LWJmOWMtZTRkNjlhNmIxNzBjL3Jlc291cmNlR3JvdXBzL3BzMzcxL3Byb3ZpZGVycy9NaWNyb3NvZnQuTmV0d29yay9kbnNab25lcy9wczc5MDMucHN0ZXN0LnRlc3Q/YXBpLXZlcnNpb249MjAxOC0wMy0wMS1wcmV2aWV3",
      "RequestMethod": "PUT",
      "RequestBody": "{\r\n  \"properties\": {\r\n    \"zoneType\": \"Public\",\r\n    \"registrationVirtualNetworks\": [],\r\n    \"resolutionVirtualNetworks\": []\r\n  },\r\n  \"location\": \"global\",\r\n  \"tags\": {\r\n    \"tag1\": \"value1\"\r\n  }\r\n}",
      "RequestHeaders": {
        "Content-Type": [
          "application/json; charset=utf-8"
        ],
        "Content-Length": [
          "198"
        ],
        "x-ms-client-request-id": [
          "e82a4bc1-2459-4f5f-9ed9-764330b0eb1e"
        ],
        "If-None-Match": [
          "*"
        ],
        "accept-language": [
          "en-US"
        ],
        "User-Agent": [
          "FxVersion/4.7.3050.0",
          "OSName/Windows_10_Enterprise_Insider_Preview",
          "OSVersion/6.3.17101",
          "Microsoft.Azure.Management.Dns.DnsManagementClient/2.2.0.0"
        ]
      },
      "ResponseBody": "{\r\n  \"id\": \"/subscriptions/3cfb1b34-e5a9-4f98-bf9c-e4d69a6b170c/resourceGroups/ps371/providers/Microsoft.Network/dnszones/ps7903.pstest.test\",\r\n  \"name\": \"ps7903.pstest.test\",\r\n  \"type\": \"Microsoft.Network/dnszones\",\r\n  \"etag\": \"00000002-0000-0000-4833-219520b7d301\",\r\n  \"location\": \"global\",\r\n  \"tags\": {\r\n    \"tag1\": \"value1\"\r\n  },\r\n  \"properties\": {\r\n    \"maxNumberOfRecordSets\": 10000000,\r\n    \"nameServers\": [\r\n      \"ns1-04.daily.azure-dns.com.\",\r\n      \"ns2-04.daily.azure-dns.net.\",\r\n      \"ns3-04.daily.azure-dns.org.\",\r\n      \"ns4-04.daily.azure-dns.info.\"\r\n    ],\r\n    \"numberOfRecordSets\": 2,\r\n    \"zoneType\": \"Public\"\r\n  }\r\n}",
      "ResponseHeaders": {
        "Content-Length": [
          "529"
        ],
        "Content-Type": [
          "application/json; charset=utf-8"
        ],
        "X-Content-Type-Options": [
          "nosniff"
        ],
        "Strict-Transport-Security": [
          "max-age=31536000; includeSubDomains"
        ],
        "x-ms-request-id": [
          "e82a4bc1-2459-4f5f-9ed9-764330b0eb1e"
        ],
        "x-ms-ratelimit-remaining-subscription-resource-requests": [
          "5999"
        ],
        "x-ms-correlation-request-id": [
          "d761e969-6db3-4a08-acd4-f9cf5d9c1361"
        ],
        "x-ms-routing-request-id": [
          "CENTRALUS:20180308T210110Z:d761e969-6db3-4a08-acd4-f9cf5d9c1361"
        ],
        "Cache-Control": [
          "private"
        ],
        "Date": [
          "Thu, 08 Mar 2018 21:01:09 GMT"
        ],
        "ETag": [
          "00000002-0000-0000-4833-219520b7d301"
        ],
        "Server": [
          "Microsoft-IIS/8.5"
        ],
        "X-AspNet-Version": [
          "4.0.30319"
        ],
        "X-Powered-By": [
          "ASP.NET"
        ]
      },
      "StatusCode": 201
    },
    {
      "RequestUri": "/subscriptions/3cfb1b34-e5a9-4f98-bf9c-e4d69a6b170c/resourceGroups/ps371/providers/Microsoft.Network/dnsZones/ps7903.pstest.test?api-version=2018-03-01-preview",
      "EncodedRequestUri": "L3N1YnNjcmlwdGlvbnMvM2NmYjFiMzQtZTVhOS00Zjk4LWJmOWMtZTRkNjlhNmIxNzBjL3Jlc291cmNlR3JvdXBzL3BzMzcxL3Byb3ZpZGVycy9NaWNyb3NvZnQuTmV0d29yay9kbnNab25lcy9wczc5MDMucHN0ZXN0LnRlc3Q/YXBpLXZlcnNpb249MjAxOC0wMy0wMS1wcmV2aWV3",
      "RequestMethod": "PUT",
      "RequestBody": "{\r\n  \"properties\": {\r\n    \"zoneType\": \"Public\",\r\n    \"registrationVirtualNetworks\": [],\r\n    \"resolutionVirtualNetworks\": []\r\n  },\r\n  \"location\": \"global\",\r\n  \"tags\": {\r\n    \"tag2\": \"value2\",\r\n    \"tag1\": \"value1\"\r\n  }\r\n}",
      "RequestHeaders": {
        "Content-Type": [
          "application/json; charset=utf-8"
        ],
        "Content-Length": [
          "221"
        ],
        "x-ms-client-request-id": [
          "2c08e480-aa60-472b-898f-825144e5d922"
        ],
        "accept-language": [
          "en-US"
        ],
        "User-Agent": [
          "FxVersion/4.7.3050.0",
          "OSName/Windows_10_Enterprise_Insider_Preview",
          "OSVersion/6.3.17101",
          "Microsoft.Azure.Management.Dns.DnsManagementClient/2.2.0.0"
        ]
      },
      "ResponseBody": "{\r\n  \"id\": \"/subscriptions/3cfb1b34-e5a9-4f98-bf9c-e4d69a6b170c/resourceGroups/ps371/providers/Microsoft.Network/dnszones/ps7903.pstest.test\",\r\n  \"name\": \"ps7903.pstest.test\",\r\n  \"type\": \"Microsoft.Network/dnszones\",\r\n  \"etag\": \"00000003-0000-0000-4833-219520b7d301\",\r\n  \"location\": \"global\",\r\n  \"tags\": {\r\n    \"tag2\": \"value2\",\r\n    \"tag1\": \"value1\"\r\n  },\r\n  \"properties\": {\r\n    \"maxNumberOfRecordSets\": 10000000,\r\n    \"nameServers\": [\r\n      \"ns1-04.daily.azure-dns.com.\",\r\n      \"ns2-04.daily.azure-dns.net.\",\r\n      \"ns3-04.daily.azure-dns.org.\",\r\n      \"ns4-04.daily.azure-dns.info.\"\r\n    ],\r\n    \"numberOfRecordSets\": 2,\r\n    \"zoneType\": \"Public\"\r\n  }\r\n}",
      "ResponseHeaders": {
        "Content-Length": [
          "545"
        ],
        "Content-Type": [
          "application/json; charset=utf-8"
        ],
        "X-Content-Type-Options": [
          "nosniff"
        ],
        "Strict-Transport-Security": [
          "max-age=31536000; includeSubDomains"
        ],
        "x-ms-request-id": [
          "2c08e480-aa60-472b-898f-825144e5d922"
        ],
        "x-ms-ratelimit-remaining-subscription-resource-requests": [
          "5998"
        ],
        "x-ms-correlation-request-id": [
          "da3b2475-42c3-4ef7-a37d-06588a066f40"
        ],
        "x-ms-routing-request-id": [
          "CENTRALUS:20180308T210113Z:da3b2475-42c3-4ef7-a37d-06588a066f40"
        ],
        "Cache-Control": [
          "private"
        ],
        "Date": [
          "Thu, 08 Mar 2018 21:01:13 GMT"
        ],
        "ETag": [
          "00000003-0000-0000-4833-219520b7d301"
        ],
        "Server": [
          "Microsoft-IIS/8.5"
        ],
        "X-AspNet-Version": [
          "4.0.30319"
        ],
        "X-Powered-By": [
          "ASP.NET"
        ]
      },
      "StatusCode": 200
    },
    {
      "RequestUri": "/subscriptions/3cfb1b34-e5a9-4f98-bf9c-e4d69a6b170c/resourceGroups/ps371/providers/Microsoft.Network/dnsZones/ps7903.pstest.test?api-version=2018-03-01-preview",
      "EncodedRequestUri": "L3N1YnNjcmlwdGlvbnMvM2NmYjFiMzQtZTVhOS00Zjk4LWJmOWMtZTRkNjlhNmIxNzBjL3Jlc291cmNlR3JvdXBzL3BzMzcxL3Byb3ZpZGVycy9NaWNyb3NvZnQuTmV0d29yay9kbnNab25lcy9wczc5MDMucHN0ZXN0LnRlc3Q/YXBpLXZlcnNpb249MjAxOC0wMy0wMS1wcmV2aWV3",
      "RequestMethod": "GET",
      "RequestBody": "",
      "RequestHeaders": {
        "x-ms-client-request-id": [
          "10b4119e-05a9-490c-bafd-ab22b8e0d117"
        ],
        "accept-language": [
          "en-US"
        ],
        "User-Agent": [
          "FxVersion/4.7.3050.0",
          "OSName/Windows_10_Enterprise_Insider_Preview",
          "OSVersion/6.3.17101",
          "Microsoft.Azure.Management.Dns.DnsManagementClient/2.2.0.0"
        ]
      },
      "ResponseBody": "{\r\n  \"id\": \"/subscriptions/3cfb1b34-e5a9-4f98-bf9c-e4d69a6b170c/resourceGroups/ps371/providers/Microsoft.Network/dnszones/ps7903.pstest.test\",\r\n  \"name\": \"ps7903.pstest.test\",\r\n  \"type\": \"Microsoft.Network/dnszones\",\r\n  \"etag\": \"00000002-0000-0000-4833-219520b7d301\",\r\n  \"location\": \"global\",\r\n  \"tags\": {\r\n    \"tag1\": \"value1\"\r\n  },\r\n  \"properties\": {\r\n    \"maxNumberOfRecordSets\": 10000000,\r\n    \"nameServers\": [\r\n      \"ns1-04.daily.azure-dns.com.\",\r\n      \"ns2-04.daily.azure-dns.net.\",\r\n      \"ns3-04.daily.azure-dns.org.\",\r\n      \"ns4-04.daily.azure-dns.info.\"\r\n    ],\r\n    \"numberOfRecordSets\": 2,\r\n    \"zoneType\": \"Public\"\r\n  }\r\n}",
      "ResponseHeaders": {
        "Content-Length": [
          "529"
        ],
        "Content-Type": [
          "application/json; charset=utf-8"
        ],
        "X-Content-Type-Options": [
          "nosniff"
        ],
        "Strict-Transport-Security": [
          "max-age=31536000; includeSubDomains"
        ],
        "x-ms-request-id": [
          "10b4119e-05a9-490c-bafd-ab22b8e0d117"
        ],
        "x-ms-ratelimit-remaining-subscription-resource-requests": [
          "5999"
        ],
        "x-ms-correlation-request-id": [
          "dcbff76f-ddc5-4a1c-a3fd-2c8dc190aa45"
        ],
        "x-ms-routing-request-id": [
          "CENTRALUS:20180308T210111Z:dcbff76f-ddc5-4a1c-a3fd-2c8dc190aa45"
        ],
        "Cache-Control": [
          "private"
        ],
        "Date": [
          "Thu, 08 Mar 2018 21:01:10 GMT"
        ],
        "ETag": [
          "00000002-0000-0000-4833-219520b7d301"
        ],
        "Server": [
          "Microsoft-IIS/8.5"
        ],
        "X-AspNet-Version": [
          "4.0.30319"
        ],
        "X-Powered-By": [
          "ASP.NET"
        ]
      },
      "StatusCode": 200
    },
    {
      "RequestUri": "/subscriptions/3cfb1b34-e5a9-4f98-bf9c-e4d69a6b170c/resourceGroups/ps371/providers/Microsoft.Network/dnsZones/ps7903.pstest.test?api-version=2018-03-01-preview",
      "EncodedRequestUri": "L3N1YnNjcmlwdGlvbnMvM2NmYjFiMzQtZTVhOS00Zjk4LWJmOWMtZTRkNjlhNmIxNzBjL3Jlc291cmNlR3JvdXBzL3BzMzcxL3Byb3ZpZGVycy9NaWNyb3NvZnQuTmV0d29yay9kbnNab25lcy9wczc5MDMucHN0ZXN0LnRlc3Q/YXBpLXZlcnNpb249MjAxOC0wMy0wMS1wcmV2aWV3",
      "RequestMethod": "GET",
      "RequestBody": "",
      "RequestHeaders": {
        "x-ms-client-request-id": [
          "69fa9b27-ab07-4a49-b221-caab25640d32"
        ],
        "accept-language": [
          "en-US"
        ],
        "User-Agent": [
          "FxVersion/4.7.3050.0",
          "OSName/Windows_10_Enterprise_Insider_Preview",
          "OSVersion/6.3.17101",
          "Microsoft.Azure.Management.Dns.DnsManagementClient/2.2.0.0"
        ]
      },
      "ResponseBody": "{\r\n  \"id\": \"/subscriptions/3cfb1b34-e5a9-4f98-bf9c-e4d69a6b170c/resourceGroups/ps371/providers/Microsoft.Network/dnszones/ps7903.pstest.test\",\r\n  \"name\": \"ps7903.pstest.test\",\r\n  \"type\": \"Microsoft.Network/dnszones\",\r\n  \"etag\": \"00000002-0000-0000-4833-219520b7d301\",\r\n  \"location\": \"global\",\r\n  \"tags\": {\r\n    \"tag1\": \"value1\"\r\n  },\r\n  \"properties\": {\r\n    \"maxNumberOfRecordSets\": 10000000,\r\n    \"nameServers\": [\r\n      \"ns1-04.daily.azure-dns.com.\",\r\n      \"ns2-04.daily.azure-dns.net.\",\r\n      \"ns3-04.daily.azure-dns.org.\",\r\n      \"ns4-04.daily.azure-dns.info.\"\r\n    ],\r\n    \"numberOfRecordSets\": 2,\r\n    \"zoneType\": \"Public\"\r\n  }\r\n}",
      "ResponseHeaders": {
        "Content-Length": [
          "529"
        ],
        "Content-Type": [
          "application/json; charset=utf-8"
        ],
        "X-Content-Type-Options": [
          "nosniff"
        ],
        "Strict-Transport-Security": [
          "max-age=31536000; includeSubDomains"
        ],
        "x-ms-request-id": [
          "69fa9b27-ab07-4a49-b221-caab25640d32"
        ],
        "x-ms-ratelimit-remaining-subscription-resource-requests": [
          "5998"
        ],
        "x-ms-correlation-request-id": [
          "065f5f8b-e39e-49cd-89a0-085c760b9180"
        ],
        "x-ms-routing-request-id": [
          "CENTRALUS:20180308T210111Z:065f5f8b-e39e-49cd-89a0-085c760b9180"
        ],
        "Cache-Control": [
          "private"
        ],
        "Date": [
          "Thu, 08 Mar 2018 21:01:10 GMT"
        ],
        "ETag": [
          "00000002-0000-0000-4833-219520b7d301"
        ],
        "Server": [
          "Microsoft-IIS/8.5"
        ],
        "X-AspNet-Version": [
          "4.0.30319"
        ],
        "X-Powered-By": [
          "ASP.NET"
        ]
      },
      "StatusCode": 200
    },
    {
      "RequestUri": "/subscriptions/3cfb1b34-e5a9-4f98-bf9c-e4d69a6b170c/resourceGroups/ps371/providers/Microsoft.Network/dnsZones/ps7903.pstest.test?api-version=2018-03-01-preview",
      "EncodedRequestUri": "L3N1YnNjcmlwdGlvbnMvM2NmYjFiMzQtZTVhOS00Zjk4LWJmOWMtZTRkNjlhNmIxNzBjL3Jlc291cmNlR3JvdXBzL3BzMzcxL3Byb3ZpZGVycy9NaWNyb3NvZnQuTmV0d29yay9kbnNab25lcy9wczc5MDMucHN0ZXN0LnRlc3Q/YXBpLXZlcnNpb249MjAxOC0wMy0wMS1wcmV2aWV3",
      "RequestMethod": "GET",
      "RequestBody": "",
      "RequestHeaders": {
        "x-ms-client-request-id": [
          "b1ce3005-b8e8-41a0-8d42-e030ad46f126"
        ],
        "accept-language": [
          "en-US"
        ],
        "User-Agent": [
          "FxVersion/4.7.3050.0",
          "OSName/Windows_10_Enterprise_Insider_Preview",
          "OSVersion/6.3.17101",
          "Microsoft.Azure.Management.Dns.DnsManagementClient/2.2.0.0"
        ]
      },
      "ResponseBody": "{\r\n  \"id\": \"/subscriptions/3cfb1b34-e5a9-4f98-bf9c-e4d69a6b170c/resourceGroups/ps371/providers/Microsoft.Network/dnszones/ps7903.pstest.test\",\r\n  \"name\": \"ps7903.pstest.test\",\r\n  \"type\": \"Microsoft.Network/dnszones\",\r\n  \"etag\": \"00000003-0000-0000-4833-219520b7d301\",\r\n  \"location\": \"global\",\r\n  \"tags\": {\r\n    \"tag2\": \"value2\",\r\n    \"tag1\": \"value1\"\r\n  },\r\n  \"properties\": {\r\n    \"maxNumberOfRecordSets\": 10000000,\r\n    \"nameServers\": [\r\n      \"ns1-04.daily.azure-dns.com.\",\r\n      \"ns2-04.daily.azure-dns.net.\",\r\n      \"ns3-04.daily.azure-dns.org.\",\r\n      \"ns4-04.daily.azure-dns.info.\"\r\n    ],\r\n    \"numberOfRecordSets\": 2,\r\n    \"zoneType\": \"Public\"\r\n  }\r\n}",
      "ResponseHeaders": {
        "Content-Length": [
          "545"
        ],
        "Content-Type": [
          "application/json; charset=utf-8"
        ],
        "X-Content-Type-Options": [
          "nosniff"
        ],
        "Strict-Transport-Security": [
          "max-age=31536000; includeSubDomains"
        ],
        "x-ms-request-id": [
          "b1ce3005-b8e8-41a0-8d42-e030ad46f126"
        ],
        "x-ms-ratelimit-remaining-subscription-resource-requests": [
          "5997"
        ],
        "x-ms-correlation-request-id": [
          "26c922f4-b809-45f0-8317-f0bf5cb8f591"
        ],
        "x-ms-routing-request-id": [
          "CENTRALUS:20180308T210113Z:26c922f4-b809-45f0-8317-f0bf5cb8f591"
        ],
        "Cache-Control": [
          "private"
        ],
        "Date": [
          "Thu, 08 Mar 2018 21:01:13 GMT"
        ],
        "ETag": [
          "00000003-0000-0000-4833-219520b7d301"
        ],
        "Server": [
          "Microsoft-IIS/8.5"
        ],
        "X-AspNet-Version": [
          "4.0.30319"
        ],
        "X-Powered-By": [
          "ASP.NET"
        ]
      },
      "StatusCode": 200
    },
    {
      "RequestUri": "/subscriptions/3cfb1b34-e5a9-4f98-bf9c-e4d69a6b170c/resourceGroups/ps371/providers/Microsoft.Network/dnsZones/ps7903.pstest.test?api-version=2018-03-01-preview",
      "EncodedRequestUri": "L3N1YnNjcmlwdGlvbnMvM2NmYjFiMzQtZTVhOS00Zjk4LWJmOWMtZTRkNjlhNmIxNzBjL3Jlc291cmNlR3JvdXBzL3BzMzcxL3Byb3ZpZGVycy9NaWNyb3NvZnQuTmV0d29yay9kbnNab25lcy9wczc5MDMucHN0ZXN0LnRlc3Q/YXBpLXZlcnNpb249MjAxOC0wMy0wMS1wcmV2aWV3",
      "RequestMethod": "GET",
      "RequestBody": "",
      "RequestHeaders": {
        "x-ms-client-request-id": [
          "b19b5c6e-d35a-4543-885a-363bea657d64"
        ],
        "accept-language": [
          "en-US"
        ],
        "User-Agent": [
          "FxVersion/4.7.3050.0",
          "OSName/Windows_10_Enterprise_Insider_Preview",
          "OSVersion/6.3.17101",
          "Microsoft.Azure.Management.Dns.DnsManagementClient/2.2.0.0"
        ]
      },
      "ResponseBody": "{\r\n  \"id\": \"/subscriptions/3cfb1b34-e5a9-4f98-bf9c-e4d69a6b170c/resourceGroups/ps371/providers/Microsoft.Network/dnszones/ps7903.pstest.test\",\r\n  \"name\": \"ps7903.pstest.test\",\r\n  \"type\": \"Microsoft.Network/dnszones\",\r\n  \"etag\": \"00000003-0000-0000-4833-219520b7d301\",\r\n  \"location\": \"global\",\r\n  \"tags\": {\r\n    \"tag2\": \"value2\",\r\n    \"tag1\": \"value1\"\r\n  },\r\n  \"properties\": {\r\n    \"maxNumberOfRecordSets\": 10000000,\r\n    \"nameServers\": [\r\n      \"ns1-04.daily.azure-dns.com.\",\r\n      \"ns2-04.daily.azure-dns.net.\",\r\n      \"ns3-04.daily.azure-dns.org.\",\r\n      \"ns4-04.daily.azure-dns.info.\"\r\n    ],\r\n    \"numberOfRecordSets\": 2,\r\n    \"zoneType\": \"Public\"\r\n  }\r\n}",
      "ResponseHeaders": {
        "Content-Length": [
          "545"
        ],
        "Content-Type": [
          "application/json; charset=utf-8"
        ],
        "X-Content-Type-Options": [
          "nosniff"
        ],
        "Strict-Transport-Security": [
          "max-age=31536000; includeSubDomains"
        ],
        "x-ms-request-id": [
          "b19b5c6e-d35a-4543-885a-363bea657d64"
        ],
        "x-ms-ratelimit-remaining-subscription-resource-requests": [
          "5996"
        ],
        "x-ms-correlation-request-id": [
          "f4f8d2a9-86e0-4952-8742-27907a3accfa"
        ],
        "x-ms-routing-request-id": [
          "CENTRALUS:20180308T210114Z:f4f8d2a9-86e0-4952-8742-27907a3accfa"
        ],
        "Cache-Control": [
          "private"
        ],
        "Date": [
          "Thu, 08 Mar 2018 21:01:14 GMT"
        ],
        "ETag": [
          "00000003-0000-0000-4833-219520b7d301"
        ],
        "Server": [
          "Microsoft-IIS/8.5"
        ],
        "X-AspNet-Version": [
          "4.0.30319"
        ],
        "X-Powered-By": [
          "ASP.NET"
        ]
      },
      "StatusCode": 200
    },
    {
      "RequestUri": "/subscriptions/3cfb1b34-e5a9-4f98-bf9c-e4d69a6b170c/resourceGroups/ps371/providers/Microsoft.Network/dnsZones/ps7903.pstest.test?api-version=2018-03-01-preview",
      "EncodedRequestUri": "L3N1YnNjcmlwdGlvbnMvM2NmYjFiMzQtZTVhOS00Zjk4LWJmOWMtZTRkNjlhNmIxNzBjL3Jlc291cmNlR3JvdXBzL3BzMzcxL3Byb3ZpZGVycy9NaWNyb3NvZnQuTmV0d29yay9kbnNab25lcy9wczc5MDMucHN0ZXN0LnRlc3Q/YXBpLXZlcnNpb249MjAxOC0wMy0wMS1wcmV2aWV3",
      "RequestMethod": "GET",
      "RequestBody": "",
      "RequestHeaders": {
        "x-ms-client-request-id": [
          "bcd73a7f-70f0-4551-bc06-1c781296098e"
        ],
        "accept-language": [
          "en-US"
        ],
        "User-Agent": [
          "FxVersion/4.7.3050.0",
          "OSName/Windows_10_Enterprise_Insider_Preview",
          "OSVersion/6.3.17101",
          "Microsoft.Azure.Management.Dns.DnsManagementClient/2.2.0.0"
        ]
      },
      "ResponseBody": "{\r\n  \"error\": {\r\n    \"code\": \"ResourceNotFound\",\r\n    \"message\": \"The Resource 'Microsoft.Network/dnszones/ps7903.pstest.test' under resource group 'ps371' was not found.\"\r\n  }\r\n}",
      "ResponseHeaders": {
        "Content-Length": [
          "154"
        ],
        "Content-Type": [
          "application/json; charset=utf-8"
        ],
        "Expires": [
          "-1"
        ],
        "Pragma": [
          "no-cache"
        ],
        "x-ms-failure-cause": [
          "gateway"
        ],
        "x-ms-request-id": [
          "2ecde57a-4146-4a8b-abbe-1efe64b575b8"
        ],
        "x-ms-correlation-request-id": [
          "2ecde57a-4146-4a8b-abbe-1efe64b575b8"
        ],
        "x-ms-routing-request-id": [
          "CENTRALUS:20180308T210146Z:2ecde57a-4146-4a8b-abbe-1efe64b575b8"
        ],
        "Strict-Transport-Security": [
          "max-age=31536000; includeSubDomains"
        ],
        "X-Content-Type-Options": [
          "nosniff"
        ],
        "Cache-Control": [
          "no-cache"
        ],
        "Date": [
          "Thu, 08 Mar 2018 21:01:46 GMT"
        ]
      },
      "StatusCode": 404
    },
    {
      "RequestUri": "/subscriptions/3cfb1b34-e5a9-4f98-bf9c-e4d69a6b170c/resourceGroups/ps371/providers/Microsoft.Network/dnsZones/ps7903.pstest.test?api-version=2018-03-01-preview",
      "EncodedRequestUri": "L3N1YnNjcmlwdGlvbnMvM2NmYjFiMzQtZTVhOS00Zjk4LWJmOWMtZTRkNjlhNmIxNzBjL3Jlc291cmNlR3JvdXBzL3BzMzcxL3Byb3ZpZGVycy9NaWNyb3NvZnQuTmV0d29yay9kbnNab25lcy9wczc5MDMucHN0ZXN0LnRlc3Q/YXBpLXZlcnNpb249MjAxOC0wMy0wMS1wcmV2aWV3",
      "RequestMethod": "DELETE",
      "RequestBody": "",
      "RequestHeaders": {
        "x-ms-client-request-id": [
          "8a9a076c-b4d4-4541-8bd2-00b3e9c47874"
        ],
        "If-Match": [
          "*"
        ],
        "accept-language": [
          "en-US"
        ],
        "User-Agent": [
          "FxVersion/4.7.3050.0",
          "OSName/Windows_10_Enterprise_Insider_Preview",
          "OSVersion/6.3.17101",
          "Microsoft.Azure.Management.Dns.DnsManagementClient/2.2.0.0"
        ]
      },
      "ResponseBody": "",
      "ResponseHeaders": {
        "Content-Length": [
          "0"
        ],
        "Retry-After": [
          "3"
        ],
        "X-Content-Type-Options": [
          "nosniff"
        ],
        "Strict-Transport-Security": [
          "max-age=31536000; includeSubDomains"
        ],
        "Azure-AsyncOperation": [
          "https://api-dogfood.resources.windows-int.net:443/subscriptions/3cfb1b34-e5a9-4f98-bf9c-e4d69a6b170c/resourceGroups/ps371/providers/Microsoft.Network/dnsOperationStatuses/delzone636561396751107368cf5de136?api-version=2018-03-01-preview"
        ],
        "x-ms-request-id": [
          "8a9a076c-b4d4-4541-8bd2-00b3e9c47874"
        ],
        "x-ms-ratelimit-remaining-subscription-resource-requests": [
          "5999"
        ],
        "x-ms-correlation-request-id": [
          "8bc9b41f-497f-45c1-9335-2dde1bbf3f8a"
        ],
        "x-ms-routing-request-id": [
          "CENTRALUS:20180308T210115Z:8bc9b41f-497f-45c1-9335-2dde1bbf3f8a"
        ],
        "Cache-Control": [
          "private"
        ],
        "Date": [
          "Thu, 08 Mar 2018 21:01:15 GMT"
        ],
        "Location": [
          "https://api-dogfood.resources.windows-int.net/subscriptions/3cfb1b34-e5a9-4f98-bf9c-e4d69a6b170c/resourceGroups/ps371/providers/Microsoft.Network/dnsOperationResults/delzone636561396751107368cf5de136?api-version=2018-03-01-preview"
        ],
        "Server": [
          "Microsoft-IIS/8.5"
        ],
        "X-AspNet-Version": [
          "4.0.30319"
        ],
        "X-Powered-By": [
          "ASP.NET"
        ]
      },
      "StatusCode": 202
    },
    {
      "RequestUri": "/subscriptions/3cfb1b34-e5a9-4f98-bf9c-e4d69a6b170c/resourceGroups/ps371/providers/Microsoft.Network/dnsOperationStatuses/delzone636561396751107368cf5de136?api-version=2018-03-01-preview",
      "EncodedRequestUri": "L3N1YnNjcmlwdGlvbnMvM2NmYjFiMzQtZTVhOS00Zjk4LWJmOWMtZTRkNjlhNmIxNzBjL3Jlc291cmNlR3JvdXBzL3BzMzcxL3Byb3ZpZGVycy9NaWNyb3NvZnQuTmV0d29yay9kbnNPcGVyYXRpb25TdGF0dXNlcy9kZWx6b25lNjM2NTYxMzk2NzUxMTA3MzY4Y2Y1ZGUxMzY/YXBpLXZlcnNpb249MjAxOC0wMy0wMS1wcmV2aWV3",
      "RequestMethod": "GET",
      "RequestBody": "",
      "RequestHeaders": {
        "User-Agent": [
          "FxVersion/4.7.3050.0",
          "OSName/Windows_10_Enterprise_Insider_Preview",
          "OSVersion/6.3.17101",
          "Microsoft.Azure.Management.Dns.DnsManagementClient/2.2.0.0"
        ]
      },
      "ResponseBody": "{\r\n  \"status\": \"Succeeded\"\r\n}",
      "ResponseHeaders": {
        "Content-Length": [
          "22"
        ],
        "Content-Type": [
          "application/json; charset=utf-8"
        ],
        "X-Content-Type-Options": [
          "nosniff"
        ],
        "Strict-Transport-Security": [
          "max-age=31536000; includeSubDomains"
        ],
        "x-ms-request-id": [
          "8c1502ee-0d93-4e3f-bfbc-6d398293cf2d"
        ],
        "x-ms-ratelimit-remaining-subscription-resource-requests": [
          "5999"
        ],
        "x-ms-correlation-request-id": [
          "b81a1ed0-b1d1-43c7-b76c-3e6e92973cbd"
        ],
        "x-ms-routing-request-id": [
          "CENTRALUS:20180308T210146Z:b81a1ed0-b1d1-43c7-b76c-3e6e92973cbd"
        ],
        "Cache-Control": [
          "private"
        ],
        "Date": [
          "Thu, 08 Mar 2018 21:01:45 GMT"
        ],
        "Server": [
          "Microsoft-IIS/8.5"
        ],
        "X-AspNet-Version": [
          "4.0.30319"
        ],
        "X-Powered-By": [
          "ASP.NET"
        ]
      },
      "StatusCode": 200
    },
    {
      "RequestUri": "/subscriptions/3cfb1b34-e5a9-4f98-bf9c-e4d69a6b170c/resourcegroups/ps371?api-version=2016-02-01",
      "EncodedRequestUri": "L3N1YnNjcmlwdGlvbnMvM2NmYjFiMzQtZTVhOS00Zjk4LWJmOWMtZTRkNjlhNmIxNzBjL3Jlc291cmNlZ3JvdXBzL3BzMzcxP2FwaS12ZXJzaW9uPTIwMTYtMDItMDE=",
      "RequestMethod": "DELETE",
      "RequestBody": "",
      "RequestHeaders": {
        "User-Agent": [
          "Microsoft.Azure.Management.Resources.ResourceManagementClient/2.0.0.0"
        ]
      },
      "ResponseBody": "",
      "ResponseHeaders": {
        "Content-Length": [
          "0"
        ],
        "Expires": [
          "-1"
        ],
        "Pragma": [
          "no-cache"
        ],
        "Retry-After": [
          "15"
        ],
        "x-ms-ratelimit-remaining-subscription-writes": [
          "1184"
        ],
        "x-ms-request-id": [
          "41b7f49d-d9b1-42e2-a203-bb1669300ef4"
        ],
        "x-ms-correlation-request-id": [
          "41b7f49d-d9b1-42e2-a203-bb1669300ef4"
        ],
        "x-ms-routing-request-id": [
          "CENTRALUS:20180308T210146Z:41b7f49d-d9b1-42e2-a203-bb1669300ef4"
        ],
        "Strict-Transport-Security": [
          "max-age=31536000; includeSubDomains"
        ],
        "X-Content-Type-Options": [
          "nosniff"
        ],
        "Cache-Control": [
          "no-cache"
        ],
        "Date": [
          "Thu, 08 Mar 2018 21:01:45 GMT"
        ],
        "Location": [
          "https://api-dogfood.resources.windows-int.net/subscriptions/3cfb1b34-e5a9-4f98-bf9c-e4d69a6b170c/operationresults/eyJqb2JJZCI6IlJFU09VUkNFR1JPVVBERUxFVElPTkpPQi1QUzM3MS1XRVNUVVMiLCJqb2JMb2NhdGlvbiI6Indlc3R1cyJ9?api-version=2016-02-01"
        ]
      },
      "StatusCode": 202
    },
    {
      "RequestUri": "/subscriptions/3cfb1b34-e5a9-4f98-bf9c-e4d69a6b170c/operationresults/eyJqb2JJZCI6IlJFU09VUkNFR1JPVVBERUxFVElPTkpPQi1QUzM3MS1XRVNUVVMiLCJqb2JMb2NhdGlvbiI6Indlc3R1cyJ9?api-version=2016-02-01",
      "EncodedRequestUri": "L3N1YnNjcmlwdGlvbnMvM2NmYjFiMzQtZTVhOS00Zjk4LWJmOWMtZTRkNjlhNmIxNzBjL29wZXJhdGlvbnJlc3VsdHMvZXlKcWIySkpaQ0k2SWxKRlUwOVZVa05GUjFKUFZWQkVSVXhGVkVsUFRrcFBRaTFRVXpNM01TMVhSVk5VVlZNaUxDSnFiMkpNYjJOaGRHbHZiaUk2SW5kbGMzUjFjeUo5P2FwaS12ZXJzaW9uPTIwMTYtMDItMDE=",
      "RequestMethod": "GET",
      "RequestBody": "",
      "RequestHeaders": {
        "x-ms-version": [
          "2016-02-01"
        ],
        "User-Agent": [
          "Microsoft.Azure.Management.Resources.ResourceManagementClient/2.0.0.0"
        ]
      },
      "ResponseBody": "",
      "ResponseHeaders": {
        "Content-Length": [
          "0"
        ],
        "Expires": [
          "-1"
        ],
        "Pragma": [
          "no-cache"
        ],
        "Retry-After": [
          "15"
        ],
        "x-ms-ratelimit-remaining-subscription-reads": [
          "14974"
        ],
        "x-ms-request-id": [
          "77cc9987-4ddd-4daa-9ce0-155ff092f014"
        ],
        "x-ms-correlation-request-id": [
          "77cc9987-4ddd-4daa-9ce0-155ff092f014"
        ],
        "x-ms-routing-request-id": [
          "CENTRALUS:20180308T210146Z:77cc9987-4ddd-4daa-9ce0-155ff092f014"
        ],
        "Strict-Transport-Security": [
          "max-age=31536000; includeSubDomains"
        ],
        "X-Content-Type-Options": [
          "nosniff"
        ],
        "Cache-Control": [
          "no-cache"
        ],
        "Date": [
          "Thu, 08 Mar 2018 21:01:46 GMT"
        ],
        "Location": [
          "https://api-dogfood.resources.windows-int.net/subscriptions/3cfb1b34-e5a9-4f98-bf9c-e4d69a6b170c/operationresults/eyJqb2JJZCI6IlJFU09VUkNFR1JPVVBERUxFVElPTkpPQi1QUzM3MS1XRVNUVVMiLCJqb2JMb2NhdGlvbiI6Indlc3R1cyJ9?api-version=2016-02-01"
        ]
      },
      "StatusCode": 202
    },
    {
      "RequestUri": "/subscriptions/3cfb1b34-e5a9-4f98-bf9c-e4d69a6b170c/operationresults/eyJqb2JJZCI6IlJFU09VUkNFR1JPVVBERUxFVElPTkpPQi1QUzM3MS1XRVNUVVMiLCJqb2JMb2NhdGlvbiI6Indlc3R1cyJ9?api-version=2016-02-01",
      "EncodedRequestUri": "L3N1YnNjcmlwdGlvbnMvM2NmYjFiMzQtZTVhOS00Zjk4LWJmOWMtZTRkNjlhNmIxNzBjL29wZXJhdGlvbnJlc3VsdHMvZXlKcWIySkpaQ0k2SWxKRlUwOVZVa05GUjFKUFZWQkVSVXhGVkVsUFRrcFBRaTFRVXpNM01TMVhSVk5VVlZNaUxDSnFiMkpNYjJOaGRHbHZiaUk2SW5kbGMzUjFjeUo5P2FwaS12ZXJzaW9uPTIwMTYtMDItMDE=",
      "RequestMethod": "GET",
      "RequestBody": "",
      "RequestHeaders": {
        "x-ms-version": [
          "2016-02-01"
        ],
        "User-Agent": [
          "Microsoft.Azure.Management.Resources.ResourceManagementClient/2.0.0.0"
        ]
      },
      "ResponseBody": "",
      "ResponseHeaders": {
        "Content-Length": [
          "0"
        ],
        "Expires": [
          "-1"
        ],
        "Pragma": [
          "no-cache"
        ],
        "Retry-After": [
          "15"
        ],
        "x-ms-ratelimit-remaining-subscription-reads": [
          "14973"
        ],
        "x-ms-request-id": [
          "6c55ab97-8206-441c-98f5-270f383dade9"
        ],
        "x-ms-correlation-request-id": [
          "6c55ab97-8206-441c-98f5-270f383dade9"
        ],
        "x-ms-routing-request-id": [
          "CENTRALUS:20180308T210202Z:6c55ab97-8206-441c-98f5-270f383dade9"
        ],
        "Strict-Transport-Security": [
          "max-age=31536000; includeSubDomains"
        ],
        "X-Content-Type-Options": [
          "nosniff"
        ],
        "Cache-Control": [
          "no-cache"
        ],
        "Date": [
          "Thu, 08 Mar 2018 21:02:01 GMT"
        ],
        "Location": [
          "https://api-dogfood.resources.windows-int.net/subscriptions/3cfb1b34-e5a9-4f98-bf9c-e4d69a6b170c/operationresults/eyJqb2JJZCI6IlJFU09VUkNFR1JPVVBERUxFVElPTkpPQi1QUzM3MS1XRVNUVVMiLCJqb2JMb2NhdGlvbiI6Indlc3R1cyJ9?api-version=2016-02-01"
        ]
      },
      "StatusCode": 202
    },
    {
      "RequestUri": "/subscriptions/3cfb1b34-e5a9-4f98-bf9c-e4d69a6b170c/operationresults/eyJqb2JJZCI6IlJFU09VUkNFR1JPVVBERUxFVElPTkpPQi1QUzM3MS1XRVNUVVMiLCJqb2JMb2NhdGlvbiI6Indlc3R1cyJ9?api-version=2016-02-01",
      "EncodedRequestUri": "L3N1YnNjcmlwdGlvbnMvM2NmYjFiMzQtZTVhOS00Zjk4LWJmOWMtZTRkNjlhNmIxNzBjL29wZXJhdGlvbnJlc3VsdHMvZXlKcWIySkpaQ0k2SWxKRlUwOVZVa05GUjFKUFZWQkVSVXhGVkVsUFRrcFBRaTFRVXpNM01TMVhSVk5VVlZNaUxDSnFiMkpNYjJOaGRHbHZiaUk2SW5kbGMzUjFjeUo5P2FwaS12ZXJzaW9uPTIwMTYtMDItMDE=",
      "RequestMethod": "GET",
      "RequestBody": "",
      "RequestHeaders": {
        "x-ms-version": [
          "2016-02-01"
        ],
        "User-Agent": [
          "Microsoft.Azure.Management.Resources.ResourceManagementClient/2.0.0.0"
        ]
      },
      "ResponseBody": "",
      "ResponseHeaders": {
        "Content-Length": [
          "0"
        ],
        "Expires": [
          "-1"
        ],
        "Pragma": [
          "no-cache"
        ],
        "x-ms-ratelimit-remaining-subscription-reads": [
          "14972"
        ],
        "x-ms-request-id": [
          "990e098d-5baa-40d9-a8d7-2fab79a7c443"
        ],
        "x-ms-correlation-request-id": [
          "990e098d-5baa-40d9-a8d7-2fab79a7c443"
        ],
        "x-ms-routing-request-id": [
          "CENTRALUS:20180308T210217Z:990e098d-5baa-40d9-a8d7-2fab79a7c443"
        ],
        "Strict-Transport-Security": [
          "max-age=31536000; includeSubDomains"
        ],
        "X-Content-Type-Options": [
          "nosniff"
        ],
        "Cache-Control": [
          "no-cache"
        ],
        "Date": [
          "Thu, 08 Mar 2018 21:02:16 GMT"
        ]
      },
      "StatusCode": 200
    }
  ],
  "Names": {
    "Test-ZoneCrud": [
      "ps7903",
      "ps371"
    ]
  },
  "Variables": {
    "SubscriptionId": "3cfb1b34-e5a9-4f98-bf9c-e4d69a6b170c"
  }
}