{
  "Entries": [
    {
      "RequestUri": "/subscriptions/3cfb1b34-e5a9-4f98-bf9c-e4d69a6b170c/resourcegroups/ps1308?api-version=2016-02-01",
      "EncodedRequestUri": "L3N1YnNjcmlwdGlvbnMvM2NmYjFiMzQtZTVhOS00Zjk4LWJmOWMtZTRkNjlhNmIxNzBjL3Jlc291cmNlZ3JvdXBzL3BzMTMwOD9hcGktdmVyc2lvbj0yMDE2LTAyLTAx",
      "RequestMethod": "PUT",
      "RequestBody": "{\r\n  \"location\": \"West US\"\r\n}",
      "RequestHeaders": {
        "Content-Type": [
          "application/json; charset=utf-8"
        ],
        "Content-Length": [
          "29"
        ],
        "User-Agent": [
          "Microsoft.Azure.Management.Resources.ResourceManagementClient/2.0.0.0"
        ]
      },
      "ResponseBody": "{\r\n  \"id\": \"/subscriptions/3cfb1b34-e5a9-4f98-bf9c-e4d69a6b170c/resourceGroups/ps1308\",\r\n  \"name\": \"ps1308\",\r\n  \"location\": \"westus\",\r\n  \"properties\": {\r\n    \"provisioningState\": \"Succeeded\"\r\n  }\r\n}",
      "ResponseHeaders": {
        "Content-Length": [
          "165"
        ],
        "Content-Type": [
          "application/json; charset=utf-8"
        ],
        "Expires": [
          "-1"
        ],
        "Pragma": [
          "no-cache"
        ],
        "x-ms-ratelimit-remaining-subscription-writes": [
          "1184"
        ],
        "x-ms-request-id": [
          "bb9e43b9-576b-44fc-bd03-edd24b3ac72f"
        ],
        "x-ms-correlation-request-id": [
          "bb9e43b9-576b-44fc-bd03-edd24b3ac72f"
        ],
        "x-ms-routing-request-id": [
          "CENTRALUS:20180308T210945Z:bb9e43b9-576b-44fc-bd03-edd24b3ac72f"
        ],
        "Strict-Transport-Security": [
          "max-age=31536000; includeSubDomains"
        ],
        "X-Content-Type-Options": [
          "nosniff"
        ],
        "Cache-Control": [
          "no-cache"
        ],
        "Date": [
          "Thu, 08 Mar 2018 21:09:45 GMT"
        ]
      },
      "StatusCode": 201
    },
    {
      "RequestUri": "/subscriptions/3cfb1b34-e5a9-4f98-bf9c-e4d69a6b170c/resourceGroups/ps1308/providers/Microsoft.Network/virtualNetworks/ps3947?api-version=2017-11-01",
      "EncodedRequestUri": "L3N1YnNjcmlwdGlvbnMvM2NmYjFiMzQtZTVhOS00Zjk4LWJmOWMtZTRkNjlhNmIxNzBjL3Jlc291cmNlR3JvdXBzL3BzMTMwOC9wcm92aWRlcnMvTWljcm9zb2Z0Lk5ldHdvcmsvdmlydHVhbE5ldHdvcmtzL3BzMzk0Nz9hcGktdmVyc2lvbj0yMDE3LTExLTAx",
      "RequestMethod": "GET",
      "RequestBody": "",
      "RequestHeaders": {
        "x-ms-client-request-id": [
          "bc370ac7-57ac-4df1-bea8-a142d1511678"
        ],
        "accept-language": [
          "en-US"
        ],
        "User-Agent": [
          "FxVersion/4.7.3050.0",
          "OSName/Windows_10_Enterprise_Insider_Preview",
          "OSVersion/6.3.17101",
          "Microsoft.Azure.Management.Network.NetworkManagementClient/17.0.0.0"
        ]
      },
      "ResponseBody": "{\r\n  \"error\": {\r\n    \"code\": \"ResourceNotFound\",\r\n    \"message\": \"The Resource 'Microsoft.Network/virtualNetworks/ps3947' under resource group 'ps1308' was not found.\"\r\n  }\r\n}",
      "ResponseHeaders": {
        "Content-Length": [
          "150"
        ],
        "Content-Type": [
          "application/json; charset=utf-8"
        ],
        "Expires": [
          "-1"
        ],
        "Pragma": [
          "no-cache"
        ],
        "x-ms-failure-cause": [
          "gateway"
        ],
        "x-ms-request-id": [
          "6d0eed88-1a2c-4490-bbc4-25d119bc8200"
        ],
        "x-ms-correlation-request-id": [
          "6d0eed88-1a2c-4490-bbc4-25d119bc8200"
        ],
        "x-ms-routing-request-id": [
          "CENTRALUS:20180308T210945Z:6d0eed88-1a2c-4490-bbc4-25d119bc8200"
        ],
        "Strict-Transport-Security": [
          "max-age=31536000; includeSubDomains"
        ],
        "X-Content-Type-Options": [
          "nosniff"
        ],
        "Cache-Control": [
          "no-cache"
        ],
        "Date": [
          "Thu, 08 Mar 2018 21:09:45 GMT"
        ]
      },
      "StatusCode": 404
    },
    {
      "RequestUri": "/subscriptions/3cfb1b34-e5a9-4f98-bf9c-e4d69a6b170c/resourceGroups/ps1308/providers/Microsoft.Network/virtualNetworks/ps3947?api-version=2017-11-01",
      "EncodedRequestUri": "L3N1YnNjcmlwdGlvbnMvM2NmYjFiMzQtZTVhOS00Zjk4LWJmOWMtZTRkNjlhNmIxNzBjL3Jlc291cmNlR3JvdXBzL3BzMTMwOC9wcm92aWRlcnMvTWljcm9zb2Z0Lk5ldHdvcmsvdmlydHVhbE5ldHdvcmtzL3BzMzk0Nz9hcGktdmVyc2lvbj0yMDE3LTExLTAx",
      "RequestMethod": "GET",
      "RequestBody": "",
      "RequestHeaders": {
        "User-Agent": [
          "FxVersion/4.7.3050.0",
          "OSName/Windows_10_Enterprise_Insider_Preview",
          "OSVersion/6.3.17101",
          "Microsoft.Azure.Management.Network.NetworkManagementClient/17.0.0.0"
        ]
      },
      "ResponseBody": "{\r\n  \"name\": \"ps3947\",\r\n  \"id\": \"/subscriptions/3cfb1b34-e5a9-4f98-bf9c-e4d69a6b170c/resourceGroups/ps1308/providers/Microsoft.Network/virtualNetworks/ps3947\",\r\n  \"etag\": \"W/\\\"903c62e8-c4f2-49c8-bb4f-cf70c64ee55e\\\"\",\r\n  \"type\": \"Microsoft.Network/virtualNetworks\",\r\n  \"location\": \"westus\",\r\n  \"properties\": {\r\n    \"provisioningState\": \"Succeeded\",\r\n    \"resourceGuid\": \"20aeac77-936f-41d4-ae4f-a1afdcbecd10\",\r\n    \"addressSpace\": {\r\n      \"addressPrefixes\": [\r\n        \"10.0.0.0/8\"\r\n      ]\r\n    },\r\n    \"subnets\": [],\r\n    \"virtualNetworkPeerings\": [],\r\n    \"enableDdosProtection\": false,\r\n    \"enableVmProtection\": false\r\n  }\r\n}",
      "ResponseHeaders": {
        "Content-Length": [
          "630"
        ],
        "Content-Type": [
          "application/json; charset=utf-8"
        ],
        "Expires": [
          "-1"
        ],
        "Pragma": [
          "no-cache"
        ],
        "x-ms-request-id": [
          "44fd1229-b2ea-4303-a374-018c25e69b48"
        ],
        "Strict-Transport-Security": [
          "max-age=31536000; includeSubDomains"
        ],
        "Cache-Control": [
          "no-cache"
        ],
        "ETag": [
          "W/\"903c62e8-c4f2-49c8-bb4f-cf70c64ee55e\""
        ],
        "Server": [
          "Microsoft-HTTPAPI/2.0",
          "Microsoft-HTTPAPI/2.0"
        ],
        "x-ms-ratelimit-remaining-subscription-reads": [
          "14973"
        ],
        "x-ms-correlation-request-id": [
          "f03bb920-f820-4e4c-9351-a49f64f4330e"
        ],
        "x-ms-routing-request-id": [
          "CENTRALUS:20180308T211017Z:f03bb920-f820-4e4c-9351-a49f64f4330e"
        ],
        "X-Content-Type-Options": [
          "nosniff"
        ],
        "Date": [
          "Thu, 08 Mar 2018 21:10:16 GMT"
        ]
      },
      "StatusCode": 200
    },
    {
      "RequestUri": "/subscriptions/3cfb1b34-e5a9-4f98-bf9c-e4d69a6b170c/resourceGroups/ps1308/providers/Microsoft.Network/virtualNetworks/ps3947?api-version=2017-11-01",
      "EncodedRequestUri": "L3N1YnNjcmlwdGlvbnMvM2NmYjFiMzQtZTVhOS00Zjk4LWJmOWMtZTRkNjlhNmIxNzBjL3Jlc291cmNlR3JvdXBzL3BzMTMwOC9wcm92aWRlcnMvTWljcm9zb2Z0Lk5ldHdvcmsvdmlydHVhbE5ldHdvcmtzL3BzMzk0Nz9hcGktdmVyc2lvbj0yMDE3LTExLTAx",
      "RequestMethod": "GET",
      "RequestBody": "",
      "RequestHeaders": {
        "x-ms-client-request-id": [
          "d5f5c7bc-5bd5-4a53-afb8-074158845c7d"
        ],
        "accept-language": [
          "en-US"
        ],
        "User-Agent": [
          "FxVersion/4.7.3050.0",
          "OSName/Windows_10_Enterprise_Insider_Preview",
          "OSVersion/6.3.17101",
          "Microsoft.Azure.Management.Network.NetworkManagementClient/17.0.0.0"
        ]
      },
      "ResponseBody": "{\r\n  \"name\": \"ps3947\",\r\n  \"id\": \"/subscriptions/3cfb1b34-e5a9-4f98-bf9c-e4d69a6b170c/resourceGroups/ps1308/providers/Microsoft.Network/virtualNetworks/ps3947\",\r\n  \"etag\": \"W/\\\"903c62e8-c4f2-49c8-bb4f-cf70c64ee55e\\\"\",\r\n  \"type\": \"Microsoft.Network/virtualNetworks\",\r\n  \"location\": \"westus\",\r\n  \"properties\": {\r\n    \"provisioningState\": \"Succeeded\",\r\n    \"resourceGuid\": \"20aeac77-936f-41d4-ae4f-a1afdcbecd10\",\r\n    \"addressSpace\": {\r\n      \"addressPrefixes\": [\r\n        \"10.0.0.0/8\"\r\n      ]\r\n    },\r\n    \"subnets\": [],\r\n    \"virtualNetworkPeerings\": [],\r\n    \"enableDdosProtection\": false,\r\n    \"enableVmProtection\": false\r\n  }\r\n}",
      "ResponseHeaders": {
        "Content-Length": [
          "630"
        ],
        "Content-Type": [
          "application/json; charset=utf-8"
        ],
        "Expires": [
          "-1"
        ],
        "Pragma": [
          "no-cache"
        ],
        "x-ms-request-id": [
          "cfdbf9f9-b886-43d3-b777-e46208eb9f06"
        ],
        "Strict-Transport-Security": [
          "max-age=31536000; includeSubDomains"
        ],
        "Cache-Control": [
          "no-cache"
        ],
        "ETag": [
          "W/\"903c62e8-c4f2-49c8-bb4f-cf70c64ee55e\""
        ],
        "Server": [
          "Microsoft-HTTPAPI/2.0",
          "Microsoft-HTTPAPI/2.0"
        ],
        "x-ms-ratelimit-remaining-subscription-reads": [
          "14972"
        ],
        "x-ms-correlation-request-id": [
          "74e848d7-b63b-442b-ab41-b9390dc208bd"
        ],
        "x-ms-routing-request-id": [
          "CENTRALUS:20180308T211017Z:74e848d7-b63b-442b-ab41-b9390dc208bd"
        ],
        "X-Content-Type-Options": [
          "nosniff"
        ],
        "Date": [
          "Thu, 08 Mar 2018 21:10:16 GMT"
        ]
      },
      "StatusCode": 200
    },
    {
      "RequestUri": "/subscriptions/3cfb1b34-e5a9-4f98-bf9c-e4d69a6b170c/resourceGroups/ps1308/providers/Microsoft.Network/virtualNetworks/ps3947?api-version=2017-11-01",
      "EncodedRequestUri": "L3N1YnNjcmlwdGlvbnMvM2NmYjFiMzQtZTVhOS00Zjk4LWJmOWMtZTRkNjlhNmIxNzBjL3Jlc291cmNlR3JvdXBzL3BzMTMwOC9wcm92aWRlcnMvTWljcm9zb2Z0Lk5ldHdvcmsvdmlydHVhbE5ldHdvcmtzL3BzMzk0Nz9hcGktdmVyc2lvbj0yMDE3LTExLTAx",
      "RequestMethod": "PUT",
      "RequestBody": "{\r\n  \"properties\": {\r\n    \"addressSpace\": {\r\n      \"addressPrefixes\": [\r\n        \"10.0.0.0/8\"\r\n      ]\r\n    },\r\n    \"subnets\": [],\r\n    \"virtualNetworkPeerings\": [],\r\n    \"enableDdosProtection\": false,\r\n    \"enableVmProtection\": false\r\n  },\r\n  \"location\": \"West US\"\r\n}",
      "RequestHeaders": {
        "Content-Type": [
          "application/json; charset=utf-8"
        ],
        "Content-Length": [
          "268"
        ],
        "x-ms-client-request-id": [
          "95ba2674-0f5c-4b5c-94bd-51401635cb81"
        ],
        "accept-language": [
          "en-US"
        ],
        "User-Agent": [
          "FxVersion/4.7.3050.0",
          "OSName/Windows_10_Enterprise_Insider_Preview",
          "OSVersion/6.3.17101",
          "Microsoft.Azure.Management.Network.NetworkManagementClient/17.0.0.0"
        ]
      },
      "ResponseBody": "{\r\n  \"name\": \"ps3947\",\r\n  \"id\": \"/subscriptions/3cfb1b34-e5a9-4f98-bf9c-e4d69a6b170c/resourceGroups/ps1308/providers/Microsoft.Network/virtualNetworks/ps3947\",\r\n  \"etag\": \"W/\\\"8396ad28-a98b-44bc-8133-4d1e188d2ff0\\\"\",\r\n  \"type\": \"Microsoft.Network/virtualNetworks\",\r\n  \"location\": \"westus\",\r\n  \"properties\": {\r\n    \"provisioningState\": \"Updating\",\r\n    \"resourceGuid\": \"20aeac77-936f-41d4-ae4f-a1afdcbecd10\",\r\n    \"addressSpace\": {\r\n      \"addressPrefixes\": [\r\n        \"10.0.0.0/8\"\r\n      ]\r\n    },\r\n    \"subnets\": [],\r\n    \"virtualNetworkPeerings\": [],\r\n    \"enableDdosProtection\": false,\r\n    \"enableVmProtection\": false\r\n  }\r\n}",
      "ResponseHeaders": {
        "Content-Length": [
          "629"
        ],
        "Content-Type": [
          "application/json; charset=utf-8"
        ],
        "Expires": [
          "-1"
        ],
        "Pragma": [
          "no-cache"
        ],
        "Retry-After": [
          "3"
        ],
        "x-ms-request-id": [
          "d2cd8475-5d46-41fc-93cd-d8c6b638669e"
        ],
        "Azure-AsyncOperation": [
          "https://api-dogfood.resources.windows-int.net/subscriptions/3cfb1b34-e5a9-4f98-bf9c-e4d69a6b170c/providers/Microsoft.Network/locations/nrp8/operations/d2cd8475-5d46-41fc-93cd-d8c6b638669e?api-version=2017-11-01"
        ],
        "Strict-Transport-Security": [
          "max-age=31536000; includeSubDomains"
        ],
        "Cache-Control": [
          "no-cache"
        ],
        "Server": [
          "Microsoft-HTTPAPI/2.0",
          "Microsoft-HTTPAPI/2.0"
        ],
        "x-ms-ratelimit-remaining-subscription-writes": [
          "1185"
        ],
        "x-ms-correlation-request-id": [
          "2e4e0350-355c-4aef-a9ab-9886d0a4e5dd"
        ],
        "x-ms-routing-request-id": [
          "CENTRALUS:20180308T210946Z:2e4e0350-355c-4aef-a9ab-9886d0a4e5dd"
        ],
        "X-Content-Type-Options": [
          "nosniff"
        ],
        "Date": [
          "Thu, 08 Mar 2018 21:09:46 GMT"
        ]
      },
      "StatusCode": 201
    },
    {
      "RequestUri": "/subscriptions/3cfb1b34-e5a9-4f98-bf9c-e4d69a6b170c/providers/Microsoft.Network/locations/nrp8/operations/d2cd8475-5d46-41fc-93cd-d8c6b638669e?api-version=2017-11-01",
      "EncodedRequestUri": "L3N1YnNjcmlwdGlvbnMvM2NmYjFiMzQtZTVhOS00Zjk4LWJmOWMtZTRkNjlhNmIxNzBjL3Byb3ZpZGVycy9NaWNyb3NvZnQuTmV0d29yay9sb2NhdGlvbnMvbnJwOC9vcGVyYXRpb25zL2QyY2Q4NDc1LTVkNDYtNDFmYy05M2NkLWQ4YzZiNjM4NjY5ZT9hcGktdmVyc2lvbj0yMDE3LTExLTAx",
      "RequestMethod": "GET",
      "RequestBody": "",
      "RequestHeaders": {
        "User-Agent": [
          "FxVersion/4.7.3050.0",
          "OSName/Windows_10_Enterprise_Insider_Preview",
          "OSVersion/6.3.17101",
          "Microsoft.Azure.Management.Network.NetworkManagementClient/17.0.0.0"
        ]
      },
      "ResponseBody": "{\r\n  \"status\": \"Succeeded\"\r\n}",
      "ResponseHeaders": {
        "Content-Length": [
          "29"
        ],
        "Content-Type": [
          "application/json; charset=utf-8"
        ],
        "Expires": [
          "-1"
        ],
        "Pragma": [
          "no-cache"
        ],
        "x-ms-request-id": [
          "39507e08-d66e-479a-8c45-22aabfc2680c"
        ],
        "Strict-Transport-Security": [
          "max-age=31536000; includeSubDomains"
        ],
        "Cache-Control": [
          "no-cache"
        ],
        "Server": [
          "Microsoft-HTTPAPI/2.0",
          "Microsoft-HTTPAPI/2.0"
        ],
        "x-ms-ratelimit-remaining-subscription-reads": [
          "14974"
        ],
        "x-ms-correlation-request-id": [
          "707fe23a-ab04-4863-adfc-2bc613ca9974"
        ],
        "x-ms-routing-request-id": [
          "CENTRALUS:20180308T211017Z:707fe23a-ab04-4863-adfc-2bc613ca9974"
        ],
        "X-Content-Type-Options": [
          "nosniff"
        ],
        "Date": [
          "Thu, 08 Mar 2018 21:10:16 GMT"
        ]
      },
      "StatusCode": 200
    },
    {
      "RequestUri": "/subscriptions/3cfb1b34-e5a9-4f98-bf9c-e4d69a6b170c/resourceGroups/ps1308/providers/Microsoft.Network/dnsZones/ps5743.pstest.test?api-version=2018-03-01-preview",
      "EncodedRequestUri": "L3N1YnNjcmlwdGlvbnMvM2NmYjFiMzQtZTVhOS00Zjk4LWJmOWMtZTRkNjlhNmIxNzBjL3Jlc291cmNlR3JvdXBzL3BzMTMwOC9wcm92aWRlcnMvTWljcm9zb2Z0Lk5ldHdvcmsvZG5zWm9uZXMvcHM1NzQzLnBzdGVzdC50ZXN0P2FwaS12ZXJzaW9uPTIwMTgtMDMtMDEtcHJldmlldw==",
      "RequestMethod": "PUT",
      "RequestBody": "{\r\n  \"properties\": {\r\n    \"zoneType\": \"Private\",\r\n    \"registrationVirtualNetworks\": [],\r\n    \"resolutionVirtualNetworks\": [\r\n      {\r\n        \"id\": \"/subscriptions/3cfb1b34-e5a9-4f98-bf9c-e4d69a6b170c/resourceGroups/ps1308/providers/Microsoft.Network/virtualNetworks/ps3947\"\r\n      }\r\n    ]\r\n  },\r\n  \"location\": \"global\",\r\n  \"tags\": {\r\n    \"tag1\": \"value1\"\r\n  }\r\n}",
      "RequestHeaders": {
        "Content-Type": [
          "application/json; charset=utf-8"
        ],
        "Content-Length": [
          "365"
        ],
        "x-ms-client-request-id": [
          "88854f1b-3ab1-49f4-8b5e-73191b9e02da"
        ],
        "If-None-Match": [
          "*"
        ],
        "accept-language": [
          "en-US"
        ],
        "User-Agent": [
          "FxVersion/4.7.3050.0",
          "OSName/Windows_10_Enterprise_Insider_Preview",
          "OSVersion/6.3.17101",
          "Microsoft.Azure.Management.Dns.DnsManagementClient/2.2.0.0"
        ]
      },
      "ResponseBody": "{\r\n  \"id\": \"/subscriptions/3cfb1b34-e5a9-4f98-bf9c-e4d69a6b170c/resourceGroups/ps1308/providers/Microsoft.Network/dnszones/ps5743.pstest.test\",\r\n  \"name\": \"ps5743.pstest.test\",\r\n  \"type\": \"Microsoft.Network/dnszones\",\r\n  \"etag\": \"00000002-0000-0000-c62a-5cdd21b7d301\",\r\n  \"location\": \"global\",\r\n  \"tags\": {\r\n    \"tag1\": \"value1\"\r\n  },\r\n  \"properties\": {\r\n    \"maxNumberOfRecordSets\": 10000000,\r\n    \"nameServers\": null,\r\n    \"numberOfRecordSets\": 1,\r\n    \"registrationVirtualNetworks\": [],\r\n    \"resolutionVirtualNetworks\": [\r\n      {\r\n        \"id\": \"/subscriptions/3cfb1b34-e5a9-4f98-bf9c-e4d69a6b170c/resourceGroups/ps1308/providers/Microsoft.Network/virtualNetworks/ps3947\"\r\n      }\r\n    ],\r\n    \"zoneType\": \"Private\"\r\n  }\r\n}",
      "ResponseHeaders": {
        "Content-Length": [
          "618"
        ],
        "Content-Type": [
          "application/json; charset=utf-8"
        ],
        "X-Content-Type-Options": [
          "nosniff"
        ],
        "Strict-Transport-Security": [
          "max-age=31536000; includeSubDomains"
        ],
        "x-ms-request-id": [
          "88854f1b-3ab1-49f4-8b5e-73191b9e02da"
        ],
        "x-ms-ratelimit-remaining-subscription-resource-requests": [
          "5999"
        ],
        "x-ms-correlation-request-id": [
          "07775880-9e94-4bc2-9145-da908436f62c"
        ],
        "x-ms-routing-request-id": [
          "CENTRALUS:20180308T211021Z:07775880-9e94-4bc2-9145-da908436f62c"
        ],
        "Cache-Control": [
          "private"
        ],
        "Date": [
          "Thu, 08 Mar 2018 21:10:20 GMT"
        ],
        "ETag": [
          "00000002-0000-0000-c62a-5cdd21b7d301"
        ],
        "Server": [
          "Microsoft-IIS/8.5"
        ],
        "X-AspNet-Version": [
          "4.0.30319"
        ],
        "X-Powered-By": [
          "ASP.NET"
        ]
      },
      "StatusCode": 201
    },
    {
      "RequestUri": "/subscriptions/3cfb1b34-e5a9-4f98-bf9c-e4d69a6b170c/resourceGroups/ps1308/providers/Microsoft.Network/dnsZones/ps5743.pstest.test?api-version=2018-03-01-preview",
      "EncodedRequestUri": "L3N1YnNjcmlwdGlvbnMvM2NmYjFiMzQtZTVhOS00Zjk4LWJmOWMtZTRkNjlhNmIxNzBjL3Jlc291cmNlR3JvdXBzL3BzMTMwOC9wcm92aWRlcnMvTWljcm9zb2Z0Lk5ldHdvcmsvZG5zWm9uZXMvcHM1NzQzLnBzdGVzdC50ZXN0P2FwaS12ZXJzaW9uPTIwMTgtMDMtMDEtcHJldmlldw==",
      "RequestMethod": "PUT",
      "RequestBody": "{\r\n  \"properties\": {\r\n    \"zoneType\": \"Private\",\r\n    \"registrationVirtualNetworks\": [],\r\n    \"resolutionVirtualNetworks\": []\r\n  },\r\n  \"location\": \"global\",\r\n  \"tags\": {\r\n    \"tag2\": \"value2\",\r\n    \"tag1\": \"value1\"\r\n  }\r\n}",
      "RequestHeaders": {
        "Content-Type": [
          "application/json; charset=utf-8"
        ],
        "Content-Length": [
          "222"
        ],
        "x-ms-client-request-id": [
          "74c9870f-c95c-40b8-a3b4-b435fe2d29ac"
        ],
        "accept-language": [
          "en-US"
        ],
        "User-Agent": [
          "FxVersion/4.7.3050.0",
          "OSName/Windows_10_Enterprise_Insider_Preview",
          "OSVersion/6.3.17101",
          "Microsoft.Azure.Management.Dns.DnsManagementClient/2.2.0.0"
        ]
      },
      "ResponseBody": "{\r\n  \"id\": \"/subscriptions/3cfb1b34-e5a9-4f98-bf9c-e4d69a6b170c/resourceGroups/ps1308/providers/Microsoft.Network/dnszones/ps5743.pstest.test\",\r\n  \"name\": \"ps5743.pstest.test\",\r\n  \"type\": \"Microsoft.Network/dnszones\",\r\n  \"etag\": \"00000003-0000-0000-c62a-5cdd21b7d301\",\r\n  \"location\": \"global\",\r\n  \"tags\": {\r\n    \"tag2\": \"value2\",\r\n    \"tag1\": \"value1\"\r\n  },\r\n  \"properties\": {\r\n    \"maxNumberOfRecordSets\": 10000000,\r\n    \"nameServers\": null,\r\n    \"numberOfRecordSets\": 1,\r\n    \"registrationVirtualNetworks\": [],\r\n    \"resolutionVirtualNetworks\": [],\r\n    \"zoneType\": \"Private\"\r\n  }\r\n}",
      "ResponseHeaders": {
        "Content-Length": [
          "493"
        ],
        "Content-Type": [
          "application/json; charset=utf-8"
        ],
        "X-Content-Type-Options": [
          "nosniff"
        ],
        "Strict-Transport-Security": [
          "max-age=31536000; includeSubDomains"
        ],
        "x-ms-request-id": [
          "74c9870f-c95c-40b8-a3b4-b435fe2d29ac"
        ],
        "x-ms-ratelimit-remaining-subscription-resource-requests": [
          "5998"
        ],
        "x-ms-correlation-request-id": [
          "88b71c5d-1279-4d23-873d-76127ccf030e"
        ],
        "x-ms-routing-request-id": [
          "CENTRALUS:20180308T211022Z:88b71c5d-1279-4d23-873d-76127ccf030e"
        ],
        "Cache-Control": [
          "private"
        ],
        "Date": [
          "Thu, 08 Mar 2018 21:10:21 GMT"
        ],
        "ETag": [
          "00000003-0000-0000-c62a-5cdd21b7d301"
        ],
        "Server": [
          "Microsoft-IIS/8.5"
        ],
        "X-AspNet-Version": [
          "4.0.30319"
        ],
        "X-Powered-By": [
          "ASP.NET"
        ]
      },
      "StatusCode": 200
    },
    {
      "RequestUri": "/subscriptions/3cfb1b34-e5a9-4f98-bf9c-e4d69a6b170c/resourceGroups/ps1308/providers/Microsoft.Network/dnsZones/ps5743.pstest.test?api-version=2018-03-01-preview",
      "EncodedRequestUri": "L3N1YnNjcmlwdGlvbnMvM2NmYjFiMzQtZTVhOS00Zjk4LWJmOWMtZTRkNjlhNmIxNzBjL3Jlc291cmNlR3JvdXBzL3BzMTMwOC9wcm92aWRlcnMvTWljcm9zb2Z0Lk5ldHdvcmsvZG5zWm9uZXMvcHM1NzQzLnBzdGVzdC50ZXN0P2FwaS12ZXJzaW9uPTIwMTgtMDMtMDEtcHJldmlldw==",
      "RequestMethod": "PUT",
      "RequestBody": "{\r\n  \"properties\": {\r\n    \"zoneType\": \"Private\",\r\n    \"registrationVirtualNetworks\": [],\r\n    \"resolutionVirtualNetworks\": [\r\n      {\r\n        \"id\": \"/subscriptions/3cfb1b34-e5a9-4f98-bf9c-e4d69a6b170c/resourceGroups/ps1308/providers/Microsoft.Network/virtualNetworks/ps3947\"\r\n      }\r\n    ]\r\n  },\r\n  \"location\": \"global\",\r\n  \"tags\": {\r\n    \"tag1\": \"value1\",\r\n    \"tag2\": \"value2\"\r\n  }\r\n}",
      "RequestHeaders": {
        "Content-Type": [
          "application/json; charset=utf-8"
        ],
        "Content-Length": [
          "388"
        ],
        "x-ms-client-request-id": [
          "4e07d545-fff9-46f3-a0d6-7d30c8b2ba6d"
        ],
        "If-Match": [
          "00000003-0000-0000-c62a-5cdd21b7d301"
        ],
        "accept-language": [
          "en-US"
        ],
        "User-Agent": [
          "FxVersion/4.7.3050.0",
          "OSName/Windows_10_Enterprise_Insider_Preview",
          "OSVersion/6.3.17101",
          "Microsoft.Azure.Management.Dns.DnsManagementClient/2.2.0.0"
        ]
      },
      "ResponseBody": "{\r\n  \"id\": \"/subscriptions/3cfb1b34-e5a9-4f98-bf9c-e4d69a6b170c/resourceGroups/ps1308/providers/Microsoft.Network/dnszones/ps5743.pstest.test\",\r\n  \"name\": \"ps5743.pstest.test\",\r\n  \"type\": \"Microsoft.Network/dnszones\",\r\n  \"etag\": \"00000004-0000-0000-c62a-5cdd21b7d301\",\r\n  \"location\": \"global\",\r\n  \"tags\": {\r\n    \"tag1\": \"value1\",\r\n    \"tag2\": \"value2\"\r\n  },\r\n  \"properties\": {\r\n    \"maxNumberOfRecordSets\": 10000000,\r\n    \"nameServers\": null,\r\n    \"numberOfRecordSets\": 1,\r\n    \"registrationVirtualNetworks\": [],\r\n    \"resolutionVirtualNetworks\": [\r\n      {\r\n        \"id\": \"/subscriptions/3cfb1b34-e5a9-4f98-bf9c-e4d69a6b170c/resourceGroups/ps1308/providers/Microsoft.Network/virtualNetworks/ps3947\"\r\n      }\r\n    ],\r\n    \"zoneType\": \"Private\"\r\n  }\r\n}",
      "ResponseHeaders": {
        "Content-Length": [
          "634"
        ],
        "Content-Type": [
          "application/json; charset=utf-8"
        ],
        "X-Content-Type-Options": [
          "nosniff"
        ],
        "Strict-Transport-Security": [
          "max-age=31536000; includeSubDomains"
        ],
        "x-ms-request-id": [
          "4e07d545-fff9-46f3-a0d6-7d30c8b2ba6d"
        ],
        "x-ms-ratelimit-remaining-subscription-resource-requests": [
          "5997"
        ],
        "x-ms-correlation-request-id": [
          "40c10b48-8c2d-4366-93dc-eec11398cb9a"
        ],
        "x-ms-routing-request-id": [
          "CENTRALUS:20180308T211023Z:40c10b48-8c2d-4366-93dc-eec11398cb9a"
        ],
        "Cache-Control": [
          "private"
        ],
        "Date": [
          "Thu, 08 Mar 2018 21:10:22 GMT"
        ],
        "ETag": [
          "00000004-0000-0000-c62a-5cdd21b7d301"
        ],
        "Server": [
          "Microsoft-IIS/8.5"
        ],
        "X-AspNet-Version": [
          "4.0.30319"
        ],
        "X-Powered-By": [
          "ASP.NET"
        ]
      },
      "StatusCode": 200
    },
    {
      "RequestUri": "/subscriptions/3cfb1b34-e5a9-4f98-bf9c-e4d69a6b170c/resourceGroups/ps1308/providers/Microsoft.Network/dnsZones/ps5743.pstest.test?api-version=2018-03-01-preview",
      "EncodedRequestUri": "L3N1YnNjcmlwdGlvbnMvM2NmYjFiMzQtZTVhOS00Zjk4LWJmOWMtZTRkNjlhNmIxNzBjL3Jlc291cmNlR3JvdXBzL3BzMTMwOC9wcm92aWRlcnMvTWljcm9zb2Z0Lk5ldHdvcmsvZG5zWm9uZXMvcHM1NzQzLnBzdGVzdC50ZXN0P2FwaS12ZXJzaW9uPTIwMTgtMDMtMDEtcHJldmlldw==",
      "RequestMethod": "GET",
      "RequestBody": "",
      "RequestHeaders": {
        "x-ms-client-request-id": [
          "b47cbf58-ef42-4da5-a41a-3838d52f32aa"
        ],
        "accept-language": [
          "en-US"
        ],
        "User-Agent": [
          "FxVersion/4.7.3050.0",
          "OSName/Windows_10_Enterprise_Insider_Preview",
          "OSVersion/6.3.17101",
          "Microsoft.Azure.Management.Dns.DnsManagementClient/2.2.0.0"
        ]
      },
      "ResponseBody": "{\r\n  \"id\": \"/subscriptions/3cfb1b34-e5a9-4f98-bf9c-e4d69a6b170c/resourceGroups/ps1308/providers/Microsoft.Network/dnszones/ps5743.pstest.test\",\r\n  \"name\": \"ps5743.pstest.test\",\r\n  \"type\": \"Microsoft.Network/dnszones\",\r\n  \"etag\": \"00000002-0000-0000-c62a-5cdd21b7d301\",\r\n  \"location\": \"global\",\r\n  \"tags\": {\r\n    \"tag1\": \"value1\"\r\n  },\r\n  \"properties\": {\r\n    \"maxNumberOfRecordSets\": 10000000,\r\n    \"nameServers\": null,\r\n    \"numberOfRecordSets\": 1,\r\n    \"registrationVirtualNetworks\": [],\r\n    \"resolutionVirtualNetworks\": [\r\n      {\r\n        \"id\": \"/subscriptions/3cfb1b34-e5a9-4f98-bf9c-e4d69a6b170c/resourceGroups/ps1308/providers/Microsoft.Network/virtualNetworks/ps3947\"\r\n      }\r\n    ],\r\n    \"zoneType\": \"Private\"\r\n  }\r\n}",
      "ResponseHeaders": {
        "Content-Length": [
          "618"
        ],
        "Content-Type": [
          "application/json; charset=utf-8"
        ],
        "X-Content-Type-Options": [
          "nosniff"
        ],
        "Strict-Transport-Security": [
          "max-age=31536000; includeSubDomains"
        ],
        "x-ms-request-id": [
          "b47cbf58-ef42-4da5-a41a-3838d52f32aa"
        ],
        "x-ms-ratelimit-remaining-subscription-resource-requests": [
          "5999"
        ],
        "x-ms-correlation-request-id": [
          "1d6aea33-686c-44d3-b1d5-876c50534e4b"
        ],
        "x-ms-routing-request-id": [
          "CENTRALUS:20180308T211021Z:1d6aea33-686c-44d3-b1d5-876c50534e4b"
        ],
        "Cache-Control": [
          "private"
        ],
        "Date": [
          "Thu, 08 Mar 2018 21:10:20 GMT"
        ],
        "ETag": [
          "00000002-0000-0000-c62a-5cdd21b7d301"
        ],
        "Server": [
          "Microsoft-IIS/8.5"
        ],
        "X-AspNet-Version": [
          "4.0.30319"
        ],
        "X-Powered-By": [
          "ASP.NET"
        ]
      },
      "StatusCode": 200
    },
    {
      "RequestUri": "/subscriptions/3cfb1b34-e5a9-4f98-bf9c-e4d69a6b170c/resourceGroups/ps1308/providers/Microsoft.Network/dnsZones/ps5743.pstest.test?api-version=2018-03-01-preview",
      "EncodedRequestUri": "L3N1YnNjcmlwdGlvbnMvM2NmYjFiMzQtZTVhOS00Zjk4LWJmOWMtZTRkNjlhNmIxNzBjL3Jlc291cmNlR3JvdXBzL3BzMTMwOC9wcm92aWRlcnMvTWljcm9zb2Z0Lk5ldHdvcmsvZG5zWm9uZXMvcHM1NzQzLnBzdGVzdC50ZXN0P2FwaS12ZXJzaW9uPTIwMTgtMDMtMDEtcHJldmlldw==",
      "RequestMethod": "GET",
      "RequestBody": "",
      "RequestHeaders": {
        "x-ms-client-request-id": [
          "966134a9-0d41-4a4a-93d7-5749b08a535d"
        ],
        "accept-language": [
          "en-US"
        ],
        "User-Agent": [
          "FxVersion/4.7.3050.0",
          "OSName/Windows_10_Enterprise_Insider_Preview",
          "OSVersion/6.3.17101",
          "Microsoft.Azure.Management.Dns.DnsManagementClient/2.2.0.0"
        ]
      },
      "ResponseBody": "{\r\n  \"id\": \"/subscriptions/3cfb1b34-e5a9-4f98-bf9c-e4d69a6b170c/resourceGroups/ps1308/providers/Microsoft.Network/dnszones/ps5743.pstest.test\",\r\n  \"name\": \"ps5743.pstest.test\",\r\n  \"type\": \"Microsoft.Network/dnszones\",\r\n  \"etag\": \"00000002-0000-0000-c62a-5cdd21b7d301\",\r\n  \"location\": \"global\",\r\n  \"tags\": {\r\n    \"tag1\": \"value1\"\r\n  },\r\n  \"properties\": {\r\n    \"maxNumberOfRecordSets\": 10000000,\r\n    \"nameServers\": null,\r\n    \"numberOfRecordSets\": 1,\r\n    \"registrationVirtualNetworks\": [],\r\n    \"resolutionVirtualNetworks\": [\r\n      {\r\n        \"id\": \"/subscriptions/3cfb1b34-e5a9-4f98-bf9c-e4d69a6b170c/resourceGroups/ps1308/providers/Microsoft.Network/virtualNetworks/ps3947\"\r\n      }\r\n    ],\r\n    \"zoneType\": \"Private\"\r\n  }\r\n}",
      "ResponseHeaders": {
        "Content-Length": [
          "618"
        ],
        "Content-Type": [
          "application/json; charset=utf-8"
        ],
        "X-Content-Type-Options": [
          "nosniff"
        ],
        "Strict-Transport-Security": [
          "max-age=31536000; includeSubDomains"
        ],
        "x-ms-request-id": [
          "966134a9-0d41-4a4a-93d7-5749b08a535d"
        ],
        "x-ms-ratelimit-remaining-subscription-resource-requests": [
          "5998"
        ],
        "x-ms-correlation-request-id": [
          "40bd9543-4d0a-4991-a99d-b2794cf735bb"
        ],
        "x-ms-routing-request-id": [
          "CENTRALUS:20180308T211021Z:40bd9543-4d0a-4991-a99d-b2794cf735bb"
        ],
        "Cache-Control": [
          "private"
        ],
        "Date": [
          "Thu, 08 Mar 2018 21:10:20 GMT"
        ],
        "ETag": [
          "00000002-0000-0000-c62a-5cdd21b7d301"
        ],
        "Server": [
          "Microsoft-IIS/8.5"
        ],
        "X-AspNet-Version": [
          "4.0.30319"
        ],
        "X-Powered-By": [
          "ASP.NET"
        ]
      },
      "StatusCode": 200
    },
    {
      "RequestUri": "/subscriptions/3cfb1b34-e5a9-4f98-bf9c-e4d69a6b170c/resourceGroups/ps1308/providers/Microsoft.Network/dnsZones/ps5743.pstest.test?api-version=2018-03-01-preview",
      "EncodedRequestUri": "L3N1YnNjcmlwdGlvbnMvM2NmYjFiMzQtZTVhOS00Zjk4LWJmOWMtZTRkNjlhNmIxNzBjL3Jlc291cmNlR3JvdXBzL3BzMTMwOC9wcm92aWRlcnMvTWljcm9zb2Z0Lk5ldHdvcmsvZG5zWm9uZXMvcHM1NzQzLnBzdGVzdC50ZXN0P2FwaS12ZXJzaW9uPTIwMTgtMDMtMDEtcHJldmlldw==",
      "RequestMethod": "GET",
      "RequestBody": "",
      "RequestHeaders": {
        "x-ms-client-request-id": [
          "7fc7d5e6-dd74-4cd8-b357-efd31a6f29e4"
        ],
        "accept-language": [
          "en-US"
        ],
        "User-Agent": [
          "FxVersion/4.7.3050.0",
          "OSName/Windows_10_Enterprise_Insider_Preview",
          "OSVersion/6.3.17101",
          "Microsoft.Azure.Management.Dns.DnsManagementClient/2.2.0.0"
        ]
      },
      "ResponseBody": "{\r\n  \"id\": \"/subscriptions/3cfb1b34-e5a9-4f98-bf9c-e4d69a6b170c/resourceGroups/ps1308/providers/Microsoft.Network/dnszones/ps5743.pstest.test\",\r\n  \"name\": \"ps5743.pstest.test\",\r\n  \"type\": \"Microsoft.Network/dnszones\",\r\n  \"etag\": \"00000004-0000-0000-c62a-5cdd21b7d301\",\r\n  \"location\": \"global\",\r\n  \"tags\": {\r\n    \"tag1\": \"value1\",\r\n    \"tag2\": \"value2\"\r\n  },\r\n  \"properties\": {\r\n    \"maxNumberOfRecordSets\": 10000000,\r\n    \"nameServers\": null,\r\n    \"numberOfRecordSets\": 1,\r\n    \"registrationVirtualNetworks\": [],\r\n    \"resolutionVirtualNetworks\": [\r\n      {\r\n        \"id\": \"/subscriptions/3cfb1b34-e5a9-4f98-bf9c-e4d69a6b170c/resourceGroups/ps1308/providers/Microsoft.Network/virtualNetworks/ps3947\"\r\n      }\r\n    ],\r\n    \"zoneType\": \"Private\"\r\n  }\r\n}",
      "ResponseHeaders": {
        "Content-Length": [
          "634"
        ],
        "Content-Type": [
          "application/json; charset=utf-8"
        ],
        "X-Content-Type-Options": [
          "nosniff"
        ],
        "Strict-Transport-Security": [
          "max-age=31536000; includeSubDomains"
        ],
        "x-ms-request-id": [
          "7fc7d5e6-dd74-4cd8-b357-efd31a6f29e4"
        ],
        "x-ms-ratelimit-remaining-subscription-resource-requests": [
          "5997"
        ],
        "x-ms-correlation-request-id": [
          "7ddd8378-c6eb-42c4-be6c-150859c2da57"
        ],
        "x-ms-routing-request-id": [
          "CENTRALUS:20180308T211023Z:7ddd8378-c6eb-42c4-be6c-150859c2da57"
        ],
        "Cache-Control": [
          "private"
        ],
        "Date": [
          "Thu, 08 Mar 2018 21:10:23 GMT"
        ],
        "ETag": [
          "00000004-0000-0000-c62a-5cdd21b7d301"
        ],
        "Server": [
          "Microsoft-IIS/8.5"
        ],
        "X-AspNet-Version": [
          "4.0.30319"
        ],
        "X-Powered-By": [
          "ASP.NET"
        ]
      },
      "StatusCode": 200
    },
    {
      "RequestUri": "/subscriptions/3cfb1b34-e5a9-4f98-bf9c-e4d69a6b170c/resourceGroups/ps1308/providers/Microsoft.Network/dnsZones/ps5743.pstest.test?api-version=2018-03-01-preview",
      "EncodedRequestUri": "L3N1YnNjcmlwdGlvbnMvM2NmYjFiMzQtZTVhOS00Zjk4LWJmOWMtZTRkNjlhNmIxNzBjL3Jlc291cmNlR3JvdXBzL3BzMTMwOC9wcm92aWRlcnMvTWljcm9zb2Z0Lk5ldHdvcmsvZG5zWm9uZXMvcHM1NzQzLnBzdGVzdC50ZXN0P2FwaS12ZXJzaW9uPTIwMTgtMDMtMDEtcHJldmlldw==",
      "RequestMethod": "GET",
      "RequestBody": "",
      "RequestHeaders": {
        "x-ms-client-request-id": [
          "c5cded52-14f1-4a87-afdb-b51da2a45646"
        ],
        "accept-language": [
          "en-US"
        ],
        "User-Agent": [
          "FxVersion/4.7.3050.0",
          "OSName/Windows_10_Enterprise_Insider_Preview",
          "OSVersion/6.3.17101",
          "Microsoft.Azure.Management.Dns.DnsManagementClient/2.2.0.0"
        ]
      },
      "ResponseBody": "{\r\n  \"id\": \"/subscriptions/3cfb1b34-e5a9-4f98-bf9c-e4d69a6b170c/resourceGroups/ps1308/providers/Microsoft.Network/dnszones/ps5743.pstest.test\",\r\n  \"name\": \"ps5743.pstest.test\",\r\n  \"type\": \"Microsoft.Network/dnszones\",\r\n  \"etag\": \"00000004-0000-0000-c62a-5cdd21b7d301\",\r\n  \"location\": \"global\",\r\n  \"tags\": {\r\n    \"tag1\": \"value1\",\r\n    \"tag2\": \"value2\"\r\n  },\r\n  \"properties\": {\r\n    \"maxNumberOfRecordSets\": 10000000,\r\n    \"nameServers\": null,\r\n    \"numberOfRecordSets\": 1,\r\n    \"registrationVirtualNetworks\": [],\r\n    \"resolutionVirtualNetworks\": [\r\n      {\r\n        \"id\": \"/subscriptions/3cfb1b34-e5a9-4f98-bf9c-e4d69a6b170c/resourceGroups/ps1308/providers/Microsoft.Network/virtualNetworks/ps3947\"\r\n      }\r\n    ],\r\n    \"zoneType\": \"Private\"\r\n  }\r\n}",
      "ResponseHeaders": {
        "Content-Length": [
          "634"
        ],
        "Content-Type": [
          "application/json; charset=utf-8"
        ],
        "X-Content-Type-Options": [
          "nosniff"
        ],
        "Strict-Transport-Security": [
          "max-age=31536000; includeSubDomains"
        ],
        "x-ms-request-id": [
          "c5cded52-14f1-4a87-afdb-b51da2a45646"
        ],
        "x-ms-ratelimit-remaining-subscription-resource-requests": [
          "5996"
        ],
        "x-ms-correlation-request-id": [
          "d0c3d883-4257-4110-8dca-1d46783fe1a6"
        ],
        "x-ms-routing-request-id": [
          "CENTRALUS:20180308T211024Z:d0c3d883-4257-4110-8dca-1d46783fe1a6"
        ],
        "Cache-Control": [
          "private"
        ],
        "Date": [
          "Thu, 08 Mar 2018 21:10:23 GMT"
        ],
        "ETag": [
          "00000004-0000-0000-c62a-5cdd21b7d301"
        ],
        "Server": [
          "Microsoft-IIS/8.5"
        ],
        "X-AspNet-Version": [
          "4.0.30319"
        ],
        "X-Powered-By": [
          "ASP.NET"
        ]
      },
      "StatusCode": 200
    },
    {
      "RequestUri": "/subscriptions/3cfb1b34-e5a9-4f98-bf9c-e4d69a6b170c/resourceGroups/ps1308/providers/Microsoft.Network/dnsZones/ps5743.pstest.test?api-version=2018-03-01-preview",
      "EncodedRequestUri": "L3N1YnNjcmlwdGlvbnMvM2NmYjFiMzQtZTVhOS00Zjk4LWJmOWMtZTRkNjlhNmIxNzBjL3Jlc291cmNlR3JvdXBzL3BzMTMwOC9wcm92aWRlcnMvTWljcm9zb2Z0Lk5ldHdvcmsvZG5zWm9uZXMvcHM1NzQzLnBzdGVzdC50ZXN0P2FwaS12ZXJzaW9uPTIwMTgtMDMtMDEtcHJldmlldw==",
      "RequestMethod": "GET",
      "RequestBody": "",
      "RequestHeaders": {
        "x-ms-client-request-id": [
          "d5a8825e-0eb0-450d-a8ba-f16bd1fdd745"
        ],
        "accept-language": [
          "en-US"
        ],
        "User-Agent": [
          "FxVersion/4.7.3050.0",
          "OSName/Windows_10_Enterprise_Insider_Preview",
          "OSVersion/6.3.17101",
          "Microsoft.Azure.Management.Dns.DnsManagementClient/2.2.0.0"
        ]
      },
      "ResponseBody": "{\r\n  \"error\": {\r\n    \"code\": \"ResourceNotFound\",\r\n    \"message\": \"The Resource 'Microsoft.Network/dnszones/ps5743.pstest.test' under resource group 'ps1308' was not found.\"\r\n  }\r\n}",
      "ResponseHeaders": {
        "Content-Length": [
          "155"
        ],
        "Content-Type": [
          "application/json; charset=utf-8"
        ],
        "Expires": [
          "-1"
        ],
        "Pragma": [
          "no-cache"
        ],
        "x-ms-failure-cause": [
          "gateway"
        ],
        "x-ms-request-id": [
          "f56412de-8f34-4a29-83b2-89015721a6e6"
        ],
        "x-ms-correlation-request-id": [
          "f56412de-8f34-4a29-83b2-89015721a6e6"
        ],
        "x-ms-routing-request-id": [
          "CENTRALUS:20180308T211055Z:f56412de-8f34-4a29-83b2-89015721a6e6"
        ],
        "Strict-Transport-Security": [
          "max-age=31536000; includeSubDomains"
        ],
        "X-Content-Type-Options": [
          "nosniff"
        ],
        "Cache-Control": [
          "no-cache"
        ],
        "Date": [
          "Thu, 08 Mar 2018 21:10:54 GMT"
        ]
      },
      "StatusCode": 404
    },
    {
      "RequestUri": "/subscriptions/3cfb1b34-e5a9-4f98-bf9c-e4d69a6b170c/resourceGroups/ps1308/providers/Microsoft.Network/dnsZones/ps5743.pstest.test?api-version=2018-03-01-preview",
      "EncodedRequestUri": "L3N1YnNjcmlwdGlvbnMvM2NmYjFiMzQtZTVhOS00Zjk4LWJmOWMtZTRkNjlhNmIxNzBjL3Jlc291cmNlR3JvdXBzL3BzMTMwOC9wcm92aWRlcnMvTWljcm9zb2Z0Lk5ldHdvcmsvZG5zWm9uZXMvcHM1NzQzLnBzdGVzdC50ZXN0P2FwaS12ZXJzaW9uPTIwMTgtMDMtMDEtcHJldmlldw==",
      "RequestMethod": "DELETE",
      "RequestBody": "",
      "RequestHeaders": {
        "x-ms-client-request-id": [
          "efb08a77-4b9e-4825-989c-9b5d6b2c4791"
        ],
        "If-Match": [
          "*"
        ],
        "accept-language": [
          "en-US"
        ],
        "User-Agent": [
          "FxVersion/4.7.3050.0",
          "OSName/Windows_10_Enterprise_Insider_Preview",
          "OSVersion/6.3.17101",
          "Microsoft.Azure.Management.Dns.DnsManagementClient/2.2.0.0"
        ]
      },
      "ResponseBody": "",
      "ResponseHeaders": {
        "Content-Length": [
          "0"
        ],
        "Retry-After": [
          "3"
        ],
        "X-Content-Type-Options": [
          "nosniff"
        ],
        "Strict-Transport-Security": [
          "max-age=31536000; includeSubDomains"
        ],
        "Azure-AsyncOperation": [
          "https://api-dogfood.resources.windows-int.net:443/subscriptions/3cfb1b34-e5a9-4f98-bf9c-e4d69a6b170c/resourceGroups/ps1308/providers/Microsoft.Network/dnsOperationStatuses/delzone6365614022419145401ea4f527?api-version=2018-03-01-preview"
        ],
        "x-ms-request-id": [
          "efb08a77-4b9e-4825-989c-9b5d6b2c4791"
        ],
        "x-ms-ratelimit-remaining-subscription-resource-requests": [
          "5999"
        ],
        "x-ms-correlation-request-id": [
          "3ff9d1e7-33f0-429f-be54-3d6919f96d1e"
        ],
        "x-ms-routing-request-id": [
          "CENTRALUS:20180308T211025Z:3ff9d1e7-33f0-429f-be54-3d6919f96d1e"
        ],
        "Cache-Control": [
          "private"
        ],
        "Date": [
          "Thu, 08 Mar 2018 21:10:25 GMT"
        ],
        "Location": [
          "https://api-dogfood.resources.windows-int.net/subscriptions/3cfb1b34-e5a9-4f98-bf9c-e4d69a6b170c/resourceGroups/ps1308/providers/Microsoft.Network/dnsOperationResults/delzone6365614022419145401ea4f527?api-version=2018-03-01-preview"
        ],
        "Server": [
          "Microsoft-IIS/8.5"
        ],
        "X-AspNet-Version": [
          "4.0.30319"
        ],
        "X-Powered-By": [
          "ASP.NET"
        ]
      },
      "StatusCode": 202
    },
    {
      "RequestUri": "/subscriptions/3cfb1b34-e5a9-4f98-bf9c-e4d69a6b170c/resourceGroups/ps1308/providers/Microsoft.Network/dnsOperationStatuses/delzone6365614022419145401ea4f527?api-version=2018-03-01-preview",
      "EncodedRequestUri": "L3N1YnNjcmlwdGlvbnMvM2NmYjFiMzQtZTVhOS00Zjk4LWJmOWMtZTRkNjlhNmIxNzBjL3Jlc291cmNlR3JvdXBzL3BzMTMwOC9wcm92aWRlcnMvTWljcm9zb2Z0Lk5ldHdvcmsvZG5zT3BlcmF0aW9uU3RhdHVzZXMvZGVsem9uZTYzNjU2MTQwMjI0MTkxNDU0MDFlYTRmNTI3P2FwaS12ZXJzaW9uPTIwMTgtMDMtMDEtcHJldmlldw==",
      "RequestMethod": "GET",
      "RequestBody": "",
      "RequestHeaders": {
        "User-Agent": [
          "FxVersion/4.7.3050.0",
          "OSName/Windows_10_Enterprise_Insider_Preview",
          "OSVersion/6.3.17101",
          "Microsoft.Azure.Management.Dns.DnsManagementClient/2.2.0.0"
        ]
      },
      "ResponseBody": "{\r\n  \"status\": \"Succeeded\"\r\n}",
      "ResponseHeaders": {
        "Content-Length": [
          "22"
        ],
        "Content-Type": [
          "application/json; charset=utf-8"
        ],
        "X-Content-Type-Options": [
          "nosniff"
        ],
        "Strict-Transport-Security": [
          "max-age=31536000; includeSubDomains"
        ],
        "x-ms-request-id": [
          "3f05ac9b-3ba4-4811-8e2f-d4c13e583a68"
        ],
        "x-ms-ratelimit-remaining-subscription-resource-requests": [
          "5999"
        ],
        "x-ms-correlation-request-id": [
          "3a899adb-23ce-4993-bbe2-a83a0c6ac7bc"
        ],
        "x-ms-routing-request-id": [
          "CENTRALUS:20180308T211055Z:3a899adb-23ce-4993-bbe2-a83a0c6ac7bc"
        ],
        "Cache-Control": [
          "private"
        ],
        "Date": [
          "Thu, 08 Mar 2018 21:10:54 GMT"
        ],
        "Server": [
          "Microsoft-IIS/8.5"
        ],
        "X-AspNet-Version": [
          "4.0.30319"
        ],
        "X-Powered-By": [
          "ASP.NET"
        ]
      },
      "StatusCode": 200
    },
    {
      "RequestUri": "/subscriptions/3cfb1b34-e5a9-4f98-bf9c-e4d69a6b170c/resourcegroups/ps1308?api-version=2016-02-01",
      "EncodedRequestUri": "L3N1YnNjcmlwdGlvbnMvM2NmYjFiMzQtZTVhOS00Zjk4LWJmOWMtZTRkNjlhNmIxNzBjL3Jlc291cmNlZ3JvdXBzL3BzMTMwOD9hcGktdmVyc2lvbj0yMDE2LTAyLTAx",
      "RequestMethod": "DELETE",
      "RequestBody": "",
      "RequestHeaders": {
        "User-Agent": [
          "Microsoft.Azure.Management.Resources.ResourceManagementClient/2.0.0.0"
        ]
      },
      "ResponseBody": "",
      "ResponseHeaders": {
        "Content-Length": [
          "0"
        ],
        "Expires": [
          "-1"
        ],
        "Pragma": [
          "no-cache"
        ],
        "Retry-After": [
          "15"
        ],
        "x-ms-ratelimit-remaining-subscription-writes": [
          "1183"
        ],
        "x-ms-request-id": [
          "ee499d2a-b493-48da-9e4f-1a676f0afc13"
        ],
        "x-ms-correlation-request-id": [
          "ee499d2a-b493-48da-9e4f-1a676f0afc13"
        ],
        "x-ms-routing-request-id": [
          "CENTRALUS:20180308T211055Z:ee499d2a-b493-48da-9e4f-1a676f0afc13"
        ],
        "Strict-Transport-Security": [
          "max-age=31536000; includeSubDomains"
        ],
        "X-Content-Type-Options": [
          "nosniff"
        ],
        "Cache-Control": [
          "no-cache"
        ],
        "Date": [
          "Thu, 08 Mar 2018 21:10:55 GMT"
        ],
        "Location": [
          "https://api-dogfood.resources.windows-int.net/subscriptions/3cfb1b34-e5a9-4f98-bf9c-e4d69a6b170c/operationresults/eyJqb2JJZCI6IlJFU09VUkNFR1JPVVBERUxFVElPTkpPQi1QUzEzMDgtV0VTVFVTIiwiam9iTG9jYXRpb24iOiJ3ZXN0dXMifQ?api-version=2016-02-01"
        ]
      },
      "StatusCode": 202
    },
    {
      "RequestUri": "/subscriptions/3cfb1b34-e5a9-4f98-bf9c-e4d69a6b170c/operationresults/eyJqb2JJZCI6IlJFU09VUkNFR1JPVVBERUxFVElPTkpPQi1QUzEzMDgtV0VTVFVTIiwiam9iTG9jYXRpb24iOiJ3ZXN0dXMifQ?api-version=2016-02-01",
      "EncodedRequestUri": "L3N1YnNjcmlwdGlvbnMvM2NmYjFiMzQtZTVhOS00Zjk4LWJmOWMtZTRkNjlhNmIxNzBjL29wZXJhdGlvbnJlc3VsdHMvZXlKcWIySkpaQ0k2SWxKRlUwOVZVa05GUjFKUFZWQkVSVXhGVkVsUFRrcFBRaTFRVXpFek1EZ3RWMFZUVkZWVElpd2lhbTlpVEc5allYUnBiMjRpT2lKM1pYTjBkWE1pZlE/YXBpLXZlcnNpb249MjAxNi0wMi0wMQ==",
      "RequestMethod": "GET",
      "RequestBody": "",
      "RequestHeaders": {
        "x-ms-version": [
          "2016-02-01"
        ],
        "User-Agent": [
          "Microsoft.Azure.Management.Resources.ResourceManagementClient/2.0.0.0"
        ]
      },
      "ResponseBody": "",
      "ResponseHeaders": {
        "Content-Length": [
          "0"
        ],
        "Expires": [
          "-1"
        ],
        "Pragma": [
          "no-cache"
        ],
        "Retry-After": [
          "15"
        ],
        "x-ms-ratelimit-remaining-subscription-reads": [
          "14968"
        ],
        "x-ms-request-id": [
          "598d6bd2-a012-4bf9-a210-0ac0f1d7323d"
        ],
        "x-ms-correlation-request-id": [
          "598d6bd2-a012-4bf9-a210-0ac0f1d7323d"
        ],
        "x-ms-routing-request-id": [
          "CENTRALUS:20180308T211055Z:598d6bd2-a012-4bf9-a210-0ac0f1d7323d"
        ],
        "Strict-Transport-Security": [
          "max-age=31536000; includeSubDomains"
        ],
        "X-Content-Type-Options": [
          "nosniff"
        ],
        "Cache-Control": [
          "no-cache"
        ],
        "Date": [
          "Thu, 08 Mar 2018 21:10:55 GMT"
        ],
        "Location": [
          "https://api-dogfood.resources.windows-int.net/subscriptions/3cfb1b34-e5a9-4f98-bf9c-e4d69a6b170c/operationresults/eyJqb2JJZCI6IlJFU09VUkNFR1JPVVBERUxFVElPTkpPQi1QUzEzMDgtV0VTVFVTIiwiam9iTG9jYXRpb24iOiJ3ZXN0dXMifQ?api-version=2016-02-01"
        ]
      },
      "StatusCode": 202
    },
    {
      "RequestUri": "/subscriptions/3cfb1b34-e5a9-4f98-bf9c-e4d69a6b170c/operationresults/eyJqb2JJZCI6IlJFU09VUkNFR1JPVVBERUxFVElPTkpPQi1QUzEzMDgtV0VTVFVTIiwiam9iTG9jYXRpb24iOiJ3ZXN0dXMifQ?api-version=2016-02-01",
      "EncodedRequestUri": "L3N1YnNjcmlwdGlvbnMvM2NmYjFiMzQtZTVhOS00Zjk4LWJmOWMtZTRkNjlhNmIxNzBjL29wZXJhdGlvbnJlc3VsdHMvZXlKcWIySkpaQ0k2SWxKRlUwOVZVa05GUjFKUFZWQkVSVXhGVkVsUFRrcFBRaTFRVXpFek1EZ3RWMFZUVkZWVElpd2lhbTlpVEc5allYUnBiMjRpT2lKM1pYTjBkWE1pZlE/YXBpLXZlcnNpb249MjAxNi0wMi0wMQ==",
      "RequestMethod": "GET",
      "RequestBody": "",
      "RequestHeaders": {
        "x-ms-version": [
          "2016-02-01"
        ],
        "User-Agent": [
          "Microsoft.Azure.Management.Resources.ResourceManagementClient/2.0.0.0"
        ]
      },
      "ResponseBody": "",
      "ResponseHeaders": {
        "Content-Length": [
          "0"
        ],
        "Expires": [
          "-1"
        ],
        "Pragma": [
          "no-cache"
        ],
        "Retry-After": [
          "15"
        ],
        "x-ms-ratelimit-remaining-subscription-reads": [
          "14967"
        ],
        "x-ms-request-id": [
          "41d8d74e-8795-4da7-8226-815b0ecf94b5"
        ],
        "x-ms-correlation-request-id": [
          "41d8d74e-8795-4da7-8226-815b0ecf94b5"
        ],
        "x-ms-routing-request-id": [
          "CENTRALUS:20180308T211111Z:41d8d74e-8795-4da7-8226-815b0ecf94b5"
        ],
        "Strict-Transport-Security": [
          "max-age=31536000; includeSubDomains"
        ],
        "X-Content-Type-Options": [
          "nosniff"
        ],
        "Cache-Control": [
          "no-cache"
        ],
        "Date": [
          "Thu, 08 Mar 2018 21:11:10 GMT"
        ],
        "Location": [
          "https://api-dogfood.resources.windows-int.net/subscriptions/3cfb1b34-e5a9-4f98-bf9c-e4d69a6b170c/operationresults/eyJqb2JJZCI6IlJFU09VUkNFR1JPVVBERUxFVElPTkpPQi1QUzEzMDgtV0VTVFVTIiwiam9iTG9jYXRpb24iOiJ3ZXN0dXMifQ?api-version=2016-02-01"
        ]
      },
      "StatusCode": 202
    },
    {
      "RequestUri": "/subscriptions/3cfb1b34-e5a9-4f98-bf9c-e4d69a6b170c/operationresults/eyJqb2JJZCI6IlJFU09VUkNFR1JPVVBERUxFVElPTkpPQi1QUzEzMDgtV0VTVFVTIiwiam9iTG9jYXRpb24iOiJ3ZXN0dXMifQ?api-version=2016-02-01",
      "EncodedRequestUri": "L3N1YnNjcmlwdGlvbnMvM2NmYjFiMzQtZTVhOS00Zjk4LWJmOWMtZTRkNjlhNmIxNzBjL29wZXJhdGlvbnJlc3VsdHMvZXlKcWIySkpaQ0k2SWxKRlUwOVZVa05GUjFKUFZWQkVSVXhGVkVsUFRrcFBRaTFRVXpFek1EZ3RWMFZUVkZWVElpd2lhbTlpVEc5allYUnBiMjRpT2lKM1pYTjBkWE1pZlE/YXBpLXZlcnNpb249MjAxNi0wMi0wMQ==",
      "RequestMethod": "GET",
      "RequestBody": "",
      "RequestHeaders": {
        "x-ms-version": [
          "2016-02-01"
        ],
        "User-Agent": [
          "Microsoft.Azure.Management.Resources.ResourceManagementClient/2.0.0.0"
        ]
      },
      "ResponseBody": "",
      "ResponseHeaders": {
        "Content-Length": [
          "0"
        ],
        "Expires": [
          "-1"
        ],
        "Pragma": [
          "no-cache"
        ],
        "Retry-After": [
          "15"
        ],
        "x-ms-ratelimit-remaining-subscription-reads": [
          "14966"
        ],
        "x-ms-request-id": [
          "02323b3a-e6f7-4e02-98e7-e99f6ccb5d2b"
        ],
        "x-ms-correlation-request-id": [
          "02323b3a-e6f7-4e02-98e7-e99f6ccb5d2b"
        ],
        "x-ms-routing-request-id": [
          "CENTRALUS:20180308T211126Z:02323b3a-e6f7-4e02-98e7-e99f6ccb5d2b"
        ],
        "Strict-Transport-Security": [
          "max-age=31536000; includeSubDomains"
        ],
        "X-Content-Type-Options": [
          "nosniff"
        ],
        "Cache-Control": [
          "no-cache"
        ],
        "Date": [
          "Thu, 08 Mar 2018 21:11:26 GMT"
        ],
        "Location": [
          "https://api-dogfood.resources.windows-int.net/subscriptions/3cfb1b34-e5a9-4f98-bf9c-e4d69a6b170c/operationresults/eyJqb2JJZCI6IlJFU09VUkNFR1JPVVBERUxFVElPTkpPQi1QUzEzMDgtV0VTVFVTIiwiam9iTG9jYXRpb24iOiJ3ZXN0dXMifQ?api-version=2016-02-01"
        ]
      },
      "StatusCode": 202
    },
    {
      "RequestUri": "/subscriptions/3cfb1b34-e5a9-4f98-bf9c-e4d69a6b170c/operationresults/eyJqb2JJZCI6IlJFU09VUkNFR1JPVVBERUxFVElPTkpPQi1QUzEzMDgtV0VTVFVTIiwiam9iTG9jYXRpb24iOiJ3ZXN0dXMifQ?api-version=2016-02-01",
      "EncodedRequestUri": "L3N1YnNjcmlwdGlvbnMvM2NmYjFiMzQtZTVhOS00Zjk4LWJmOWMtZTRkNjlhNmIxNzBjL29wZXJhdGlvbnJlc3VsdHMvZXlKcWIySkpaQ0k2SWxKRlUwOVZVa05GUjFKUFZWQkVSVXhGVkVsUFRrcFBRaTFRVXpFek1EZ3RWMFZUVkZWVElpd2lhbTlpVEc5allYUnBiMjRpT2lKM1pYTjBkWE1pZlE/YXBpLXZlcnNpb249MjAxNi0wMi0wMQ==",
      "RequestMethod": "GET",
      "RequestBody": "",
      "RequestHeaders": {
        "x-ms-version": [
          "2016-02-01"
        ],
        "User-Agent": [
          "Microsoft.Azure.Management.Resources.ResourceManagementClient/2.0.0.0"
        ]
      },
      "ResponseBody": "",
      "ResponseHeaders": {
        "Content-Length": [
          "0"
        ],
        "Expires": [
          "-1"
        ],
        "Pragma": [
          "no-cache"
        ],
        "Retry-After": [
          "15"
        ],
        "x-ms-ratelimit-remaining-subscription-reads": [
          "14965"
        ],
        "x-ms-request-id": [
          "8f7570c0-c645-43bb-a210-55f12468adee"
        ],
        "x-ms-correlation-request-id": [
          "8f7570c0-c645-43bb-a210-55f12468adee"
        ],
        "x-ms-routing-request-id": [
          "CENTRALUS:20180308T211141Z:8f7570c0-c645-43bb-a210-55f12468adee"
        ],
        "Strict-Transport-Security": [
          "max-age=31536000; includeSubDomains"
        ],
        "X-Content-Type-Options": [
          "nosniff"
        ],
        "Cache-Control": [
          "no-cache"
        ],
        "Date": [
          "Thu, 08 Mar 2018 21:11:41 GMT"
        ],
        "Location": [
          "https://api-dogfood.resources.windows-int.net/subscriptions/3cfb1b34-e5a9-4f98-bf9c-e4d69a6b170c/operationresults/eyJqb2JJZCI6IlJFU09VUkNFR1JPVVBERUxFVElPTkpPQi1QUzEzMDgtV0VTVFVTIiwiam9iTG9jYXRpb24iOiJ3ZXN0dXMifQ?api-version=2016-02-01"
        ]
      },
      "StatusCode": 202
    },
    {
      "RequestUri": "/subscriptions/3cfb1b34-e5a9-4f98-bf9c-e4d69a6b170c/operationresults/eyJqb2JJZCI6IlJFU09VUkNFR1JPVVBERUxFVElPTkpPQi1QUzEzMDgtV0VTVFVTIiwiam9iTG9jYXRpb24iOiJ3ZXN0dXMifQ?api-version=2016-02-01",
      "EncodedRequestUri": "L3N1YnNjcmlwdGlvbnMvM2NmYjFiMzQtZTVhOS00Zjk4LWJmOWMtZTRkNjlhNmIxNzBjL29wZXJhdGlvbnJlc3VsdHMvZXlKcWIySkpaQ0k2SWxKRlUwOVZVa05GUjFKUFZWQkVSVXhGVkVsUFRrcFBRaTFRVXpFek1EZ3RWMFZUVkZWVElpd2lhbTlpVEc5allYUnBiMjRpT2lKM1pYTjBkWE1pZlE/YXBpLXZlcnNpb249MjAxNi0wMi0wMQ==",
      "RequestMethod": "GET",
      "RequestBody": "",
      "RequestHeaders": {
        "x-ms-version": [
          "2016-02-01"
        ],
        "User-Agent": [
          "Microsoft.Azure.Management.Resources.ResourceManagementClient/2.0.0.0"
        ]
      },
      "ResponseBody": "",
      "ResponseHeaders": {
        "Content-Length": [
          "0"
        ],
        "Expires": [
          "-1"
        ],
        "Pragma": [
          "no-cache"
        ],
        "Retry-After": [
          "15"
        ],
        "x-ms-ratelimit-remaining-subscription-reads": [
          "14964"
        ],
        "x-ms-request-id": [
          "ffdff12e-3b58-4948-8ac1-ad3a6f3f703f"
        ],
        "x-ms-correlation-request-id": [
          "ffdff12e-3b58-4948-8ac1-ad3a6f3f703f"
        ],
        "x-ms-routing-request-id": [
          "CENTRALUS:20180308T211156Z:ffdff12e-3b58-4948-8ac1-ad3a6f3f703f"
        ],
        "Strict-Transport-Security": [
          "max-age=31536000; includeSubDomains"
        ],
        "X-Content-Type-Options": [
          "nosniff"
        ],
        "Cache-Control": [
          "no-cache"
        ],
        "Date": [
          "Thu, 08 Mar 2018 21:11:56 GMT"
        ],
        "Location": [
          "https://api-dogfood.resources.windows-int.net/subscriptions/3cfb1b34-e5a9-4f98-bf9c-e4d69a6b170c/operationresults/eyJqb2JJZCI6IlJFU09VUkNFR1JPVVBERUxFVElPTkpPQi1QUzEzMDgtV0VTVFVTIiwiam9iTG9jYXRpb24iOiJ3ZXN0dXMifQ?api-version=2016-02-01"
        ]
      },
      "StatusCode": 202
    },
    {
      "RequestUri": "/subscriptions/3cfb1b34-e5a9-4f98-bf9c-e4d69a6b170c/operationresults/eyJqb2JJZCI6IlJFU09VUkNFR1JPVVBERUxFVElPTkpPQi1QUzEzMDgtV0VTVFVTIiwiam9iTG9jYXRpb24iOiJ3ZXN0dXMifQ?api-version=2016-02-01",
      "EncodedRequestUri": "L3N1YnNjcmlwdGlvbnMvM2NmYjFiMzQtZTVhOS00Zjk4LWJmOWMtZTRkNjlhNmIxNzBjL29wZXJhdGlvbnJlc3VsdHMvZXlKcWIySkpaQ0k2SWxKRlUwOVZVa05GUjFKUFZWQkVSVXhGVkVsUFRrcFBRaTFRVXpFek1EZ3RWMFZUVkZWVElpd2lhbTlpVEc5allYUnBiMjRpT2lKM1pYTjBkWE1pZlE/YXBpLXZlcnNpb249MjAxNi0wMi0wMQ==",
      "RequestMethod": "GET",
      "RequestBody": "",
      "RequestHeaders": {
        "x-ms-version": [
          "2016-02-01"
        ],
        "User-Agent": [
          "Microsoft.Azure.Management.Resources.ResourceManagementClient/2.0.0.0"
        ]
      },
      "ResponseBody": "",
      "ResponseHeaders": {
        "Content-Length": [
          "0"
        ],
        "Expires": [
          "-1"
        ],
        "Pragma": [
          "no-cache"
        ],
        "Retry-After": [
          "15"
        ],
        "x-ms-ratelimit-remaining-subscription-reads": [
          "14963"
        ],
        "x-ms-request-id": [
          "4f9e6f25-a1de-45ba-a32c-64c114cc8253"
        ],
        "x-ms-correlation-request-id": [
          "4f9e6f25-a1de-45ba-a32c-64c114cc8253"
        ],
        "x-ms-routing-request-id": [
          "CENTRALUS:20180308T211211Z:4f9e6f25-a1de-45ba-a32c-64c114cc8253"
        ],
        "Strict-Transport-Security": [
          "max-age=31536000; includeSubDomains"
        ],
        "X-Content-Type-Options": [
          "nosniff"
        ],
        "Cache-Control": [
          "no-cache"
        ],
        "Date": [
          "Thu, 08 Mar 2018 21:12:11 GMT"
        ],
        "Location": [
          "https://api-dogfood.resources.windows-int.net/subscriptions/3cfb1b34-e5a9-4f98-bf9c-e4d69a6b170c/operationresults/eyJqb2JJZCI6IlJFU09VUkNFR1JPVVBERUxFVElPTkpPQi1QUzEzMDgtV0VTVFVTIiwiam9iTG9jYXRpb24iOiJ3ZXN0dXMifQ?api-version=2016-02-01"
        ]
      },
      "StatusCode": 202
    },
    {
      "RequestUri": "/subscriptions/3cfb1b34-e5a9-4f98-bf9c-e4d69a6b170c/operationresults/eyJqb2JJZCI6IlJFU09VUkNFR1JPVVBERUxFVElPTkpPQi1QUzEzMDgtV0VTVFVTIiwiam9iTG9jYXRpb24iOiJ3ZXN0dXMifQ?api-version=2016-02-01",
      "EncodedRequestUri": "L3N1YnNjcmlwdGlvbnMvM2NmYjFiMzQtZTVhOS00Zjk4LWJmOWMtZTRkNjlhNmIxNzBjL29wZXJhdGlvbnJlc3VsdHMvZXlKcWIySkpaQ0k2SWxKRlUwOVZVa05GUjFKUFZWQkVSVXhGVkVsUFRrcFBRaTFRVXpFek1EZ3RWMFZUVkZWVElpd2lhbTlpVEc5allYUnBiMjRpT2lKM1pYTjBkWE1pZlE/YXBpLXZlcnNpb249MjAxNi0wMi0wMQ==",
      "RequestMethod": "GET",
      "RequestBody": "",
      "RequestHeaders": {
        "x-ms-version": [
          "2016-02-01"
        ],
        "User-Agent": [
          "Microsoft.Azure.Management.Resources.ResourceManagementClient/2.0.0.0"
        ]
      },
      "ResponseBody": "",
      "ResponseHeaders": {
        "Content-Length": [
          "0"
        ],
        "Expires": [
          "-1"
        ],
        "Pragma": [
          "no-cache"
        ],
        "Retry-After": [
          "15"
        ],
        "x-ms-ratelimit-remaining-subscription-reads": [
          "14962"
        ],
        "x-ms-request-id": [
          "5e0dcc4e-82c5-4127-bafe-359a4e1ba3b9"
        ],
        "x-ms-correlation-request-id": [
          "5e0dcc4e-82c5-4127-bafe-359a4e1ba3b9"
        ],
        "x-ms-routing-request-id": [
          "CENTRALUS:20180308T211226Z:5e0dcc4e-82c5-4127-bafe-359a4e1ba3b9"
        ],
        "Strict-Transport-Security": [
          "max-age=31536000; includeSubDomains"
        ],
        "X-Content-Type-Options": [
          "nosniff"
        ],
        "Cache-Control": [
          "no-cache"
        ],
        "Date": [
          "Thu, 08 Mar 2018 21:12:26 GMT"
        ],
        "Location": [
          "https://api-dogfood.resources.windows-int.net/subscriptions/3cfb1b34-e5a9-4f98-bf9c-e4d69a6b170c/operationresults/eyJqb2JJZCI6IlJFU09VUkNFR1JPVVBERUxFVElPTkpPQi1QUzEzMDgtV0VTVFVTIiwiam9iTG9jYXRpb24iOiJ3ZXN0dXMifQ?api-version=2016-02-01"
        ]
      },
      "StatusCode": 202
    },
    {
      "RequestUri": "/subscriptions/3cfb1b34-e5a9-4f98-bf9c-e4d69a6b170c/operationresults/eyJqb2JJZCI6IlJFU09VUkNFR1JPVVBERUxFVElPTkpPQi1QUzEzMDgtV0VTVFVTIiwiam9iTG9jYXRpb24iOiJ3ZXN0dXMifQ?api-version=2016-02-01",
      "EncodedRequestUri": "L3N1YnNjcmlwdGlvbnMvM2NmYjFiMzQtZTVhOS00Zjk4LWJmOWMtZTRkNjlhNmIxNzBjL29wZXJhdGlvbnJlc3VsdHMvZXlKcWIySkpaQ0k2SWxKRlUwOVZVa05GUjFKUFZWQkVSVXhGVkVsUFRrcFBRaTFRVXpFek1EZ3RWMFZUVkZWVElpd2lhbTlpVEc5allYUnBiMjRpT2lKM1pYTjBkWE1pZlE/YXBpLXZlcnNpb249MjAxNi0wMi0wMQ==",
      "RequestMethod": "GET",
      "RequestBody": "",
      "RequestHeaders": {
        "x-ms-version": [
          "2016-02-01"
        ],
        "User-Agent": [
          "Microsoft.Azure.Management.Resources.ResourceManagementClient/2.0.0.0"
        ]
      },
      "ResponseBody": "",
      "ResponseHeaders": {
        "Content-Length": [
          "0"
        ],
        "Expires": [
          "-1"
        ],
        "Pragma": [
          "no-cache"
        ],
        "x-ms-ratelimit-remaining-subscription-reads": [
          "14961"
        ],
        "x-ms-request-id": [
          "f8388fe4-8275-47c0-8a4d-ce6aa89f57a9"
        ],
        "x-ms-correlation-request-id": [
          "f8388fe4-8275-47c0-8a4d-ce6aa89f57a9"
        ],
        "x-ms-routing-request-id": [
          "CENTRALUS:20180308T211242Z:f8388fe4-8275-47c0-8a4d-ce6aa89f57a9"
        ],
        "Strict-Transport-Security": [
          "max-age=31536000; includeSubDomains"
        ],
        "X-Content-Type-Options": [
          "nosniff"
        ],
        "Cache-Control": [
          "no-cache"
        ],
        "Date": [
          "Thu, 08 Mar 2018 21:12:41 GMT"
        ]
      },
      "StatusCode": 200
    }
  ],
  "Names": {
    "Test-PrivateZoneCrudResolutionVnet": [
      "ps5743",
      "ps1308",
      "ps3947"
    ]
  },
  "Variables": {
    "SubscriptionId": "3cfb1b34-e5a9-4f98-bf9c-e4d69a6b170c"
  }
}