{
  "Entries": [
    {
      "RequestUri": "/subscriptions/3cfb1b34-e5a9-4f98-bf9c-e4d69a6b170c/resourcegroups/onesdk552?api-version=2016-02-01",
      "EncodedRequestUri": "L3N1YnNjcmlwdGlvbnMvM2NmYjFiMzQtZTVhOS00Zjk4LWJmOWMtZTRkNjlhNmIxNzBjL3Jlc291cmNlZ3JvdXBzL29uZXNkazU1Mj9hcGktdmVyc2lvbj0yMDE2LTAyLTAx",
      "RequestMethod": "PUT",
      "RequestBody": "{\r\n  \"location\": \"West US\"\r\n}",
      "RequestHeaders": {
        "Content-Type": [
          "application/json; charset=utf-8"
        ],
        "Content-Length": [
          "29"
        ],
        "User-Agent": [
          "Microsoft.Azure.Management.Resources.ResourceManagementClient/2.0.0.0"
        ]
      },
      "ResponseBody": "{\r\n  \"id\": \"/subscriptions/3cfb1b34-e5a9-4f98-bf9c-e4d69a6b170c/resourceGroups/onesdk552\",\r\n  \"name\": \"onesdk552\",\r\n  \"location\": \"westus\",\r\n  \"properties\": {\r\n    \"provisioningState\": \"Succeeded\"\r\n  }\r\n}",
      "ResponseHeaders": {
        "Content-Length": [
          "171"
        ],
        "Content-Type": [
          "application/json; charset=utf-8"
        ],
        "Expires": [
          "-1"
        ],
        "Pragma": [
          "no-cache"
        ],
        "x-ms-ratelimit-remaining-subscription-writes": [
          "1180"
        ],
        "x-ms-request-id": [
          "c29251dc-2fb4-4677-9844-c448782a922e"
        ],
        "x-ms-correlation-request-id": [
          "c29251dc-2fb4-4677-9844-c448782a922e"
        ],
        "x-ms-routing-request-id": [
          "CENTRALUS:20160706T011813Z:c29251dc-2fb4-4677-9844-c448782a922e"
        ],
        "Strict-Transport-Security": [
          "max-age=31536000; includeSubDomains"
        ],
        "Cache-Control": [
          "no-cache"
        ],
        "Date": [
          "Wed, 06 Jul 2016 01:18:13 GMT"
        ]
      },
      "StatusCode": 201
    },
    {
      "RequestUri": "/subscriptions/3cfb1b34-e5a9-4f98-bf9c-e4d69a6b170c/resourceGroups/onesdk552/providers/Microsoft.Network/dnszones/onesdk2999.pstest.test?api-version=2016-04-01",
      "EncodedRequestUri": "L3N1YnNjcmlwdGlvbnMvM2NmYjFiMzQtZTVhOS00Zjk4LWJmOWMtZTRkNjlhNmIxNzBjL3Jlc291cmNlR3JvdXBzL29uZXNkazU1Mi9wcm92aWRlcnMvTWljcm9zb2Z0Lk5ldHdvcmsvZG5zem9uZXMvb25lc2RrMjk5OS5wc3Rlc3QudGVzdD9hcGktdmVyc2lvbj0yMDE2LTA0LTAx",
      "RequestMethod": "PUT",
      "RequestBody": "{\r\n  \"location\": \"global\",\r\n  \"tags\": {\r\n    \"tag1\": \"value1\"\r\n  }\r\n}",
      "RequestHeaders": {
        "Content-Type": [
          "application/json; charset=utf-8"
        ],
        "Content-Length": [
          "69"
        ],
        "x-ms-client-request-id": [
          "065f9028-c6f3-4d5a-9b62-882bea146212"
        ],
        "If-None-Match": [
          "*"
        ],
        "accept-language": [
          "en-US"
        ],
        "User-Agent": [
          "Microsoft.Azure.Management.Dns.DnsManagementClient/1.7.2-preview"
        ]
      },
      "ResponseBody": "{\r\n  \"id\": \"/subscriptions/3cfb1b34-e5a9-4f98-bf9c-e4d69a6b170c/resourceGroups/onesdk552/providers/Microsoft.Network/dnszones/onesdk2999.pstest.test\",\r\n  \"name\": \"onesdk2999.pstest.test\",\r\n  \"type\": \"Microsoft.Network/dnszones\",\r\n  \"etag\": \"00000002-0000-0000-9abf-cf4424d7d101\",\r\n  \"location\": \"global\",\r\n  \"tags\": {\r\n    \"tag1\": \"value1\"\r\n  },\r\n  \"properties\": {\r\n    \"maxNumberOfRecordSets\": 5000,\r\n    \"nameServers\": [\r\n      \"ns1-09.daily.azure-dns.com.\",\r\n      \"ns2-09.daily.azure-dns.net.\",\r\n      \"ns3-09.daily.azure-dns.org.\",\r\n      \"ns4-09.daily.azure-dns.info.\"\r\n    ],\r\n    \"numberOfRecordSets\": 2\r\n  }\r\n}",
      "ResponseHeaders": {
        "Content-Length": [
          "517"
        ],
        "Content-Type": [
          "application/json; charset=utf-8"
        ],
        "X-Content-Type-Options": [
          "nosniff"
        ],
        "Strict-Transport-Security": [
          "max-age=31536000; includeSubDomains"
        ],
        "x-ms-request-id": [
          "065f9028-c6f3-4d5a-9b62-882bea146212"
        ],
        "x-ms-ratelimit-remaining-subscription-resource-requests": [
          "11974"
        ],
        "x-ms-correlation-request-id": [
          "f4049b7a-7503-440b-beb0-98e0d1591231"
        ],
        "x-ms-routing-request-id": [
          "CENTRALUS:20160706T011815Z:f4049b7a-7503-440b-beb0-98e0d1591231"
        ],
        "Cache-Control": [
          "private"
        ],
        "Date": [
          "Wed, 06 Jul 2016 01:18:15 GMT"
        ],
        "ETag": [
          "00000002-0000-0000-9abf-cf4424d7d101"
        ],
        "Server": [
          "Microsoft-IIS/8.5"
        ],
        "X-AspNet-Version": [
          "4.0.30319"
        ],
        "X-Powered-By": [
          "ASP.NET"
        ]
      },
      "StatusCode": 201
    },
    {
      "RequestUri": "/subscriptions/3cfb1b34-e5a9-4f98-bf9c-e4d69a6b170c/resourceGroups/onesdk552/providers/Microsoft.Network/dnszones/onesdk2999.pstest.testA?api-version=2016-04-01",
      "EncodedRequestUri": "L3N1YnNjcmlwdGlvbnMvM2NmYjFiMzQtZTVhOS00Zjk4LWJmOWMtZTRkNjlhNmIxNzBjL3Jlc291cmNlR3JvdXBzL29uZXNkazU1Mi9wcm92aWRlcnMvTWljcm9zb2Z0Lk5ldHdvcmsvZG5zem9uZXMvb25lc2RrMjk5OS5wc3Rlc3QudGVzdEE/YXBpLXZlcnNpb249MjAxNi0wNC0wMQ==",
      "RequestMethod": "PUT",
      "RequestBody": "{\r\n  \"location\": \"global\"\r\n}",
      "RequestHeaders": {
        "Content-Type": [
          "application/json; charset=utf-8"
        ],
        "Content-Length": [
          "28"
        ],
        "x-ms-client-request-id": [
          "b991d933-3b16-4caa-bd27-96e3c805911a"
        ],
        "If-None-Match": [
          "*"
        ],
        "accept-language": [
          "en-US"
        ],
        "User-Agent": [
          "Microsoft.Azure.Management.Dns.DnsManagementClient/1.7.2-preview"
        ]
      },
      "ResponseBody": "{\r\n  \"id\": \"/subscriptions/3cfb1b34-e5a9-4f98-bf9c-e4d69a6b170c/resourceGroups/onesdk552/providers/Microsoft.Network/dnszones/onesdk2999.pstest.testa\",\r\n  \"name\": \"onesdk2999.pstest.testa\",\r\n  \"type\": \"Microsoft.Network/dnszones\",\r\n  \"etag\": \"00000002-0000-0000-fd3f-d14524d7d101\",\r\n  \"location\": \"global\",\r\n  \"tags\": {},\r\n  \"properties\": {\r\n    \"maxNumberOfRecordSets\": 5000,\r\n    \"nameServers\": [\r\n      \"ns1-07.daily.azure-dns.com.\",\r\n      \"ns2-07.daily.azure-dns.net.\",\r\n      \"ns3-07.daily.azure-dns.org.\",\r\n      \"ns4-07.daily.azure-dns.info.\"\r\n    ],\r\n    \"numberOfRecordSets\": 2\r\n  }\r\n}",
      "ResponseHeaders": {
        "Content-Length": [
          "504"
        ],
        "Content-Type": [
          "application/json; charset=utf-8"
        ],
        "X-Content-Type-Options": [
          "nosniff"
        ],
        "Strict-Transport-Security": [
          "max-age=31536000; includeSubDomains"
        ],
        "x-ms-request-id": [
          "b991d933-3b16-4caa-bd27-96e3c805911a"
        ],
        "x-ms-ratelimit-remaining-subscription-resource-requests": [
          "11973"
        ],
        "x-ms-correlation-request-id": [
          "32121da5-fa6c-4a93-a46a-ff18b924f397"
        ],
        "x-ms-routing-request-id": [
          "CENTRALUS:20160706T011817Z:32121da5-fa6c-4a93-a46a-ff18b924f397"
        ],
        "Cache-Control": [
          "private"
        ],
        "Date": [
          "Wed, 06 Jul 2016 01:18:16 GMT"
        ],
        "ETag": [
          "00000002-0000-0000-fd3f-d14524d7d101"
        ],
        "Server": [
          "Microsoft-IIS/8.5"
        ],
        "X-AspNet-Version": [
          "4.0.30319"
        ],
        "X-Powered-By": [
          "ASP.NET"
        ]
      },
      "StatusCode": 201
    },
    {
      "RequestUri": "/subscriptions/3cfb1b34-e5a9-4f98-bf9c-e4d69a6b170c/resourceGroups/onesdk552/providers/Microsoft.Network/dnszones?api-version=2016-04-01",
      "EncodedRequestUri": "L3N1YnNjcmlwdGlvbnMvM2NmYjFiMzQtZTVhOS00Zjk4LWJmOWMtZTRkNjlhNmIxNzBjL3Jlc291cmNlR3JvdXBzL29uZXNkazU1Mi9wcm92aWRlcnMvTWljcm9zb2Z0Lk5ldHdvcmsvZG5zem9uZXM/YXBpLXZlcnNpb249MjAxNi0wNC0wMQ==",
      "RequestMethod": "GET",
      "RequestBody": "",
      "RequestHeaders": {
        "x-ms-client-request-id": [
          "ce5dee74-088d-4bd7-89b1-4cd48447c636"
        ],
        "accept-language": [
          "en-US"
        ],
        "User-Agent": [
          "Microsoft.Azure.Management.Dns.DnsManagementClient/1.7.2-preview"
        ]
      },
      "ResponseBody": "{\r\n  \"value\": [\r\n    {\r\n      \"id\": \"/subscriptions/3cfb1b34-e5a9-4f98-bf9c-e4d69a6b170c/resourceGroups/onesdk552/providers/Microsoft.Network/dnszones/onesdk2999.pstest.test\",\r\n      \"name\": \"onesdk2999.pstest.test\",\r\n      \"type\": \"Microsoft.Network/dnszones\",\r\n      \"etag\": \"00000002-0000-0000-9abf-cf4424d7d101\",\r\n      \"location\": \"global\",\r\n      \"tags\": {\r\n        \"tag1\": \"value1\"\r\n      },\r\n      \"properties\": {\r\n        \"maxNumberOfRecordSets\": 5000,\r\n        \"nameServers\": [\r\n          \"ns1-09.daily.azure-dns.com.\",\r\n          \"ns2-09.daily.azure-dns.net.\",\r\n          \"ns3-09.daily.azure-dns.org.\",\r\n          \"ns4-09.daily.azure-dns.info.\"\r\n        ],\r\n        \"numberOfRecordSets\": 2\r\n      }\r\n    },\r\n    {\r\n      \"id\": \"/subscriptions/3cfb1b34-e5a9-4f98-bf9c-e4d69a6b170c/resourceGroups/onesdk552/providers/Microsoft.Network/dnszones/onesdk2999.pstest.testa\",\r\n      \"name\": \"onesdk2999.pstest.testa\",\r\n      \"type\": \"Microsoft.Network/dnszones\",\r\n      \"etag\": \"00000002-0000-0000-fd3f-d14524d7d101\",\r\n      \"location\": \"global\",\r\n      \"tags\": {},\r\n      \"properties\": {\r\n        \"maxNumberOfRecordSets\": 5000,\r\n        \"nameServers\": [\r\n          \"ns1-07.daily.azure-dns.com.\",\r\n          \"ns2-07.daily.azure-dns.net.\",\r\n          \"ns3-07.daily.azure-dns.org.\",\r\n          \"ns4-07.daily.azure-dns.info.\"\r\n        ],\r\n        \"numberOfRecordSets\": 2\r\n      }\r\n    }\r\n  ]\r\n}",
      "ResponseHeaders": {
        "Content-Length": [
          "1034"
        ],
        "Content-Type": [
          "application/json; charset=utf-8"
        ],
        "X-Content-Type-Options": [
          "nosniff"
        ],
        "Strict-Transport-Security": [
          "max-age=31536000; includeSubDomains"
        ],
        "x-ms-request-id": [
          "ce5dee74-088d-4bd7-89b1-4cd48447c636"
        ],
        "x-ms-ratelimit-remaining-subscription-resource-requests": [
          "11977"
        ],
        "x-ms-correlation-request-id": [
          "073ddc97-0aba-4e7e-9247-c3c04422640c"
        ],
        "x-ms-routing-request-id": [
          "CENTRALUS:20160706T011817Z:073ddc97-0aba-4e7e-9247-c3c04422640c"
        ],
        "Cache-Control": [
          "private"
        ],
        "Date": [
          "Wed, 06 Jul 2016 01:18:16 GMT"
        ],
        "Server": [
          "Microsoft-IIS/8.5"
        ],
        "X-AspNet-Version": [
          "4.0.30319"
        ],
        "X-Powered-By": [
          "ASP.NET"
        ]
      },
      "StatusCode": 200
    },
    {
      "RequestUri": "/subscriptions/3cfb1b34-e5a9-4f98-bf9c-e4d69a6b170c/resourceGroups/onesdk552/providers/Microsoft.Network/dnszones/onesdk2999.pstest.test?api-version=2016-04-01",
      "EncodedRequestUri": "L3N1YnNjcmlwdGlvbnMvM2NmYjFiMzQtZTVhOS00Zjk4LWJmOWMtZTRkNjlhNmIxNzBjL3Jlc291cmNlR3JvdXBzL29uZXNkazU1Mi9wcm92aWRlcnMvTWljcm9zb2Z0Lk5ldHdvcmsvZG5zem9uZXMvb25lc2RrMjk5OS5wc3Rlc3QudGVzdD9hcGktdmVyc2lvbj0yMDE2LTA0LTAx",
      "RequestMethod": "DELETE",
      "RequestBody": "",
      "RequestHeaders": {
        "x-ms-client-request-id": [
          "6b4f97db-dc37-429c-9b8a-cf04ab3073d5"
        ],
        "If-Match": [
          "00000002-0000-0000-9abf-cf4424d7d101"
        ],
        "accept-language": [
          "en-US"
        ],
        "User-Agent": [
          "Microsoft.Azure.Management.Dns.DnsManagementClient/1.7.2-preview"
        ]
      },
      "ResponseBody": "",
      "ResponseHeaders": {
        "Content-Length": [
          "0"
        ],
        "X-Content-Type-Options": [
          "nosniff"
        ],
        "Strict-Transport-Security": [
          "max-age=31536000; includeSubDomains"
        ],
        "Azure-AsyncOperation": [
          "https://api-dogfood.resources.windows-int.net:443/subscriptions/3cfb1b34-e5a9-4f98-bf9c-e4d69a6b170c/resourceGroups/onesdk552/providers/Microsoft.Network/dnsOperationStatuses/delzone636033646984637859174f63c5?api-version=2016-04-01"
        ],
        "x-ms-request-id": [
          "6b4f97db-dc37-429c-9b8a-cf04ab3073d5"
        ],
        "x-ms-ratelimit-remaining-subscription-resource-requests": [
          "11979"
        ],
        "x-ms-correlation-request-id": [
          "51794502-c756-43b9-a60d-96c29564fb41"
        ],
        "x-ms-routing-request-id": [
          "CENTRALUS:20160706T011818Z:51794502-c756-43b9-a60d-96c29564fb41"
        ],
        "Cache-Control": [
          "private"
        ],
        "Date": [
          "Wed, 06 Jul 2016 01:18:17 GMT"
        ],
        "Location": [
          "https://api-dogfood.resources.windows-int.net/subscriptions/3cfb1b34-e5a9-4f98-bf9c-e4d69a6b170c/resourceGroups/onesdk552/providers/Microsoft.Network/dnsOperationResults/delzone636033646984637859174f63c5?api-version=2016-04-01"
        ],
        "Server": [
          "Microsoft-IIS/8.5"
        ],
        "X-AspNet-Version": [
          "4.0.30319"
        ],
        "X-Powered-By": [
          "ASP.NET"
        ]
      },
      "StatusCode": 202
    },
    {
      "RequestUri": "/subscriptions/3cfb1b34-e5a9-4f98-bf9c-e4d69a6b170c/resourceGroups/onesdk552/providers/Microsoft.Network/dnsOperationStatuses/delzone636033646984637859174f63c5?api-version=2016-04-01",
      "EncodedRequestUri": "L3N1YnNjcmlwdGlvbnMvM2NmYjFiMzQtZTVhOS00Zjk4LWJmOWMtZTRkNjlhNmIxNzBjL3Jlc291cmNlR3JvdXBzL29uZXNkazU1Mi9wcm92aWRlcnMvTWljcm9zb2Z0Lk5ldHdvcmsvZG5zT3BlcmF0aW9uU3RhdHVzZXMvZGVsem9uZTYzNjAzMzY0Njk4NDYzNzg1OTE3NGY2M2M1P2FwaS12ZXJzaW9uPTIwMTYtMDQtMDE=",
      "RequestMethod": "GET",
      "RequestBody": "",
      "RequestHeaders": {
        "User-Agent": [
          "Microsoft.Azure.Management.Dns.DnsManagementClient/1.7.2-preview"
        ]
      },
      "ResponseBody": "{\r\n  \"status\": \"Succeeded\"\r\n}",
      "ResponseHeaders": {
        "Content-Length": [
          "22"
        ],
        "Content-Type": [
          "application/json; charset=utf-8"
        ],
        "X-Content-Type-Options": [
          "nosniff"
        ],
        "Strict-Transport-Security": [
          "max-age=31536000; includeSubDomains"
        ],
        "x-ms-request-id": [
          "6d8115c9-8be7-4c66-ac18-bcfa55f343d5"
        ],
        "x-ms-ratelimit-remaining-subscription-resource-requests": [
          "11979"
        ],
        "x-ms-correlation-request-id": [
          "01026401-0678-4ae7-99a9-470117a0fb93"
        ],
        "x-ms-routing-request-id": [
          "CENTRALUS:20160706T011848Z:01026401-0678-4ae7-99a9-470117a0fb93"
        ],
        "Cache-Control": [
          "private"
        ],
        "Date": [
          "Wed, 06 Jul 2016 01:18:48 GMT"
        ],
        "Server": [
          "Microsoft-IIS/8.5"
        ],
        "X-AspNet-Version": [
          "4.0.30319"
        ],
        "X-Powered-By": [
          "ASP.NET"
        ]
      },
      "StatusCode": 200
    },
    {
      "RequestUri": "/subscriptions/3cfb1b34-e5a9-4f98-bf9c-e4d69a6b170c/resourceGroups/onesdk552/providers/Microsoft.Network/dnszones/onesdk2999.pstest.testa?api-version=2016-04-01",
      "EncodedRequestUri": "L3N1YnNjcmlwdGlvbnMvM2NmYjFiMzQtZTVhOS00Zjk4LWJmOWMtZTRkNjlhNmIxNzBjL3Jlc291cmNlR3JvdXBzL29uZXNkazU1Mi9wcm92aWRlcnMvTWljcm9zb2Z0Lk5ldHdvcmsvZG5zem9uZXMvb25lc2RrMjk5OS5wc3Rlc3QudGVzdGE/YXBpLXZlcnNpb249MjAxNi0wNC0wMQ==",
      "RequestMethod": "DELETE",
      "RequestBody": "",
      "RequestHeaders": {
        "x-ms-client-request-id": [
          "2a415140-8498-49b2-b0b5-f5155072c0c3"
        ],
        "If-Match": [
          "00000002-0000-0000-fd3f-d14524d7d101"
        ],
        "accept-language": [
          "en-US"
        ],
        "User-Agent": [
          "Microsoft.Azure.Management.Dns.DnsManagementClient/1.7.2-preview"
        ]
      },
      "ResponseBody": "",
      "ResponseHeaders": {
        "Content-Length": [
          "0"
        ],
        "X-Content-Type-Options": [
          "nosniff"
        ],
        "Strict-Transport-Security": [
          "max-age=31536000; includeSubDomains"
        ],
        "Azure-AsyncOperation": [
          "https://api-dogfood.resources.windows-int.net:443/subscriptions/3cfb1b34-e5a9-4f98-bf9c-e4d69a6b170c/resourceGroups/onesdk552/providers/Microsoft.Network/dnsOperationStatuses/delzone6360336472895623757c1ef562?api-version=2016-04-01"
        ],
        "x-ms-request-id": [
          "2a415140-8498-49b2-b0b5-f5155072c0c3"
        ],
        "x-ms-ratelimit-remaining-subscription-resource-requests": [
          "11978"
        ],
        "x-ms-correlation-request-id": [
          "cebdba82-166b-4c3d-898d-11c186f52874"
        ],
        "x-ms-routing-request-id": [
          "CENTRALUS:20160706T011848Z:cebdba82-166b-4c3d-898d-11c186f52874"
        ],
        "Cache-Control": [
          "private"
        ],
        "Date": [
          "Wed, 06 Jul 2016 01:18:48 GMT"
        ],
        "Location": [
          "https://api-dogfood.resources.windows-int.net/subscriptions/3cfb1b34-e5a9-4f98-bf9c-e4d69a6b170c/resourceGroups/onesdk552/providers/Microsoft.Network/dnsOperationResults/delzone6360336472895623757c1ef562?api-version=2016-04-01"
        ],
        "Server": [
          "Microsoft-IIS/8.5"
        ],
        "X-AspNet-Version": [
          "4.0.30319"
        ],
        "X-Powered-By": [
          "ASP.NET"
        ]
      },
      "StatusCode": 202
    },
    {
      "RequestUri": "/subscriptions/3cfb1b34-e5a9-4f98-bf9c-e4d69a6b170c/resourceGroups/onesdk552/providers/Microsoft.Network/dnsOperationStatuses/delzone6360336472895623757c1ef562?api-version=2016-04-01",
      "EncodedRequestUri": "L3N1YnNjcmlwdGlvbnMvM2NmYjFiMzQtZTVhOS00Zjk4LWJmOWMtZTRkNjlhNmIxNzBjL3Jlc291cmNlR3JvdXBzL29uZXNkazU1Mi9wcm92aWRlcnMvTWljcm9zb2Z0Lk5ldHdvcmsvZG5zT3BlcmF0aW9uU3RhdHVzZXMvZGVsem9uZTYzNjAzMzY0NzI4OTU2MjM3NTdjMWVmNTYyP2FwaS12ZXJzaW9uPTIwMTYtMDQtMDE=",
      "RequestMethod": "GET",
      "RequestBody": "",
      "RequestHeaders": {
        "User-Agent": [
          "Microsoft.Azure.Management.Dns.DnsManagementClient/1.7.2-preview"
        ]
      },
      "ResponseBody": "{\r\n  \"status\": \"Succeeded\"\r\n}",
      "ResponseHeaders": {
        "Content-Length": [
          "22"
        ],
        "Content-Type": [
          "application/json; charset=utf-8"
        ],
        "X-Content-Type-Options": [
          "nosniff"
        ],
        "Strict-Transport-Security": [
          "max-age=31536000; includeSubDomains"
        ],
        "x-ms-request-id": [
          "4174e376-cba9-40a7-8894-09dff39666fb"
        ],
        "x-ms-ratelimit-remaining-subscription-resource-requests": [
          "11978"
        ],
        "x-ms-correlation-request-id": [
          "c26bf50e-c92c-4586-ad1e-d83eefa06e1f"
        ],
        "x-ms-routing-request-id": [
          "CENTRALUS:20160706T011918Z:c26bf50e-c92c-4586-ad1e-d83eefa06e1f"
        ],
        "Cache-Control": [
          "private"
        ],
        "Date": [
          "Wed, 06 Jul 2016 01:19:18 GMT"
        ],
        "Server": [
          "Microsoft-IIS/8.5"
        ],
        "X-AspNet-Version": [
          "4.0.30319"
        ],
        "X-Powered-By": [
          "ASP.NET"
        ]
      },
      "StatusCode": 200
    }
  ],
  "Names": {
    "Test-ZoneList": [
      "onesdk2999",
      "onesdk552"
    ]
  },
  "Variables": {
    "SubscriptionId": "3cfb1b34-e5a9-4f98-bf9c-e4d69a6b170c"
  }
}