{
  "Entries": [
    {
      "RequestUri": "/subscriptions/69a75bda-882e-44d5-8431-63421204132a/resourcegroups/ps8564?api-version=2016-09-01",
      "EncodedRequestUri": "L3N1YnNjcmlwdGlvbnMvNjlhNzViZGEtODgyZS00NGQ1LTg0MzEtNjM0MjEyMDQxMzJhL3Jlc291cmNlZ3JvdXBzL3BzODU2ND9hcGktdmVyc2lvbj0yMDE2LTA5LTAx",
      "RequestMethod": "PUT",
      "RequestBody": "{\r\n  \"location\": \"eastus2euap\"\r\n}",
      "RequestHeaders": {
        "x-ms-client-request-id": [
          "e2c794bb-60ff-43e9-9994-63991d6b827a"
        ],
        "Accept-Language": [
          "en-US"
        ],
        "User-Agent": [
          "FxVersion/4.6.29812.02",
          "OSName/Windows",
          "OSVersion/Microsoft.Windows.10.0.19042.",
          "Microsoft.Azure.Management.Internal.Resources.ResourceManagementClient/1.3.32"
        ],
        "Content-Type": [
          "application/json; charset=utf-8"
        ],
        "Content-Length": [
          "33"
        ]
      },
      "ResponseHeaders": {
        "Cache-Control": [
          "no-cache"
        ],
        "Pragma": [
          "no-cache"
        ],
        "x-ms-ratelimit-remaining-subscription-writes": [
          "1199"
        ],
        "x-ms-request-id": [
          "24004f5a-db63-4881-99d7-666c2e4a6fd3"
        ],
        "x-ms-correlation-request-id": [
          "24004f5a-db63-4881-99d7-666c2e4a6fd3"
        ],
        "x-ms-routing-request-id": [
          "FRANCESOUTH:20210414T214127Z:24004f5a-db63-4881-99d7-666c2e4a6fd3"
        ],
        "Strict-Transport-Security": [
          "max-age=31536000; includeSubDomains"
        ],
        "X-Content-Type-Options": [
          "nosniff"
        ],
        "Date": [
          "Wed, 14 Apr 2021 21:41:27 GMT"
        ],
        "Content-Length": [
          "170"
        ],
        "Content-Type": [
          "application/json; charset=utf-8"
        ],
        "Expires": [
          "-1"
        ]
      },
      "ResponseBody": "{\r\n  \"id\": \"/subscriptions/69a75bda-882e-44d5-8431-63421204132a/resourceGroups/ps8564\",\r\n  \"name\": \"ps8564\",\r\n  \"location\": \"eastus2euap\",\r\n  \"properties\": {\r\n    \"provisioningState\": \"Succeeded\"\r\n  }\r\n}",
      "StatusCode": 201
    },
    {
      "RequestUri": "/subscriptions/69a75bda-882e-44d5-8431-63421204132a/resourceGroups/ps8564/providers/Microsoft.NetApp/netAppAccounts/ps9701?api-version=2020-12-01",
      "EncodedRequestUri": "L3N1YnNjcmlwdGlvbnMvNjlhNzViZGEtODgyZS00NGQ1LTg0MzEtNjM0MjEyMDQxMzJhL3Jlc291cmNlR3JvdXBzL3BzODU2NC9wcm92aWRlcnMvTWljcm9zb2Z0Lk5ldEFwcC9uZXRBcHBBY2NvdW50cy9wczk3MDE/YXBpLXZlcnNpb249MjAyMC0xMi0wMQ==",
      "RequestMethod": "GET",
      "RequestBody": "",
      "RequestHeaders": {
        "x-ms-client-request-id": [
          "b858ae22-50c0-439b-b050-cc4e0780e8fe"
        ],
        "Accept-Language": [
          "en-US"
        ],
        "User-Agent": [
          "FxVersion/4.6.29812.02",
          "OSName/Windows",
          "OSVersion/Microsoft.Windows.10.0.19042.",
          "Microsoft.Azure.Management.NetApp.AzureNetAppFilesManagementClient/1.11.0.0"
        ]
      },
      "ResponseHeaders": {
        "Cache-Control": [
          "no-cache"
        ],
        "Pragma": [
          "no-cache"
        ],
        "x-ms-failure-cause": [
          "gateway"
        ],
        "x-ms-request-id": [
          "74b0651c-98ad-42fd-8f8c-11a86c99fc51"
        ],
        "x-ms-correlation-request-id": [
          "74b0651c-98ad-42fd-8f8c-11a86c99fc51"
        ],
        "x-ms-routing-request-id": [
          "FRANCESOUTH:20210414T214129Z:74b0651c-98ad-42fd-8f8c-11a86c99fc51"
        ],
        "Strict-Transport-Security": [
          "max-age=31536000; includeSubDomains"
        ],
        "X-Content-Type-Options": [
          "nosniff"
        ],
        "Date": [
          "Wed, 14 Apr 2021 21:41:28 GMT"
        ],
        "Content-Type": [
          "application/json; charset=utf-8"
        ],
        "Expires": [
          "-1"
        ],
        "Content-Length": [
          "216"
        ]
      },
      "ResponseBody": "{\r\n  \"error\": {\r\n    \"code\": \"ResourceNotFound\",\r\n    \"message\": \"The Resource 'Microsoft.NetApp/netAppAccounts/ps9701' under resource group 'ps8564' was not found. For more details please go to https://aka.ms/ARMResourceNotFoundFix\"\r\n  }\r\n}",
      "StatusCode": 404
    },
    {
      "RequestUri": "/subscriptions/69a75bda-882e-44d5-8431-63421204132a/resourceGroups/ps8564/providers/Microsoft.NetApp/netAppAccounts/ps9701?api-version=2020-12-01",
      "EncodedRequestUri": "L3N1YnNjcmlwdGlvbnMvNjlhNzViZGEtODgyZS00NGQ1LTg0MzEtNjM0MjEyMDQxMzJhL3Jlc291cmNlR3JvdXBzL3BzODU2NC9wcm92aWRlcnMvTWljcm9zb2Z0Lk5ldEFwcC9uZXRBcHBBY2NvdW50cy9wczk3MDE/YXBpLXZlcnNpb249MjAyMC0xMi0wMQ==",
      "RequestMethod": "GET",
      "RequestBody": "",
      "RequestHeaders": {
        "x-ms-client-request-id": [
          "b858ae22-50c0-439b-b050-cc4e0780e8fe"
        ],
        "User-Agent": [
          "FxVersion/4.6.29812.02",
          "OSName/Windows",
          "OSVersion/Microsoft.Windows.10.0.19042.",
          "Microsoft.Azure.Management.NetApp.AzureNetAppFilesManagementClient/1.11.0.0"
        ]
      },
      "ResponseHeaders": {
        "Cache-Control": [
          "no-cache"
        ],
        "Pragma": [
          "no-cache"
        ],
        "ETag": [
          "W/\"datetime'2021-04-14T21%3A41%3A33.8169459Z'\""
        ],
        "x-ms-request-id": [
          "a18ef8de-3b78-4e48-995f-25eaf1636f16"
        ],
        "Server": [
          "Microsoft-IIS/10.0"
        ],
        "X-Powered-By": [
          "ASP.NET"
        ],
        "x-ms-ratelimit-remaining-subscription-reads": [
          "11997"
        ],
        "x-ms-correlation-request-id": [
          "3c26a7e0-3762-4661-9f02-cfff3b3649a6"
        ],
        "x-ms-routing-request-id": [
          "FRANCESOUTH:20210414T214205Z:3c26a7e0-3762-4661-9f02-cfff3b3649a6"
        ],
        "Strict-Transport-Security": [
          "max-age=31536000; includeSubDomains"
        ],
        "X-Content-Type-Options": [
          "nosniff"
        ],
        "Date": [
          "Wed, 14 Apr 2021 21:42:05 GMT"
        ],
        "Content-Length": [
          "392"
        ],
        "Content-Type": [
          "application/json; charset=utf-8"
        ],
        "Expires": [
          "-1"
        ]
      },
      "ResponseBody": "{\r\n  \"id\": \"/subscriptions/69a75bda-882e-44d5-8431-63421204132a/resourceGroups/ps8564/providers/Microsoft.NetApp/netAppAccounts/ps9701\",\r\n  \"name\": \"ps9701\",\r\n  \"type\": \"Microsoft.NetApp/netAppAccounts\",\r\n  \"etag\": \"W/\\\"datetime'2021-04-14T21%3A41%3A33.8169459Z'\\\"\",\r\n  \"location\": \"eastus2euap\",\r\n  \"tags\": {\r\n    \"tag1\": \"tagValue1\"\r\n  },\r\n  \"properties\": {\r\n    \"provisioningState\": \"Succeeded\",\r\n    \"encryption\": {\r\n      \"keySource\": \"Microsoft.NetApp\"\r\n    }\r\n  }\r\n}",
      "StatusCode": 200
    },
    {
      "RequestUri": "/subscriptions/69a75bda-882e-44d5-8431-63421204132a/resourceGroups/ps8564/providers/Microsoft.NetApp/netAppAccounts/ps9701?api-version=2020-12-01",
      "EncodedRequestUri": "L3N1YnNjcmlwdGlvbnMvNjlhNzViZGEtODgyZS00NGQ1LTg0MzEtNjM0MjEyMDQxMzJhL3Jlc291cmNlR3JvdXBzL3BzODU2NC9wcm92aWRlcnMvTWljcm9zb2Z0Lk5ldEFwcC9uZXRBcHBBY2NvdW50cy9wczk3MDE/YXBpLXZlcnNpb249MjAyMC0xMi0wMQ==",
      "RequestMethod": "PUT",
      "RequestBody": "{\r\n  \"location\": \"eastus2euap\",\r\n  \"tags\": {\r\n    \"tag1\": \"tagValue1\"\r\n  }\r\n}",
      "RequestHeaders": {
        "x-ms-client-request-id": [
          "b858ae22-50c0-439b-b050-cc4e0780e8fe"
        ],
        "Accept-Language": [
          "en-US"
        ],
        "User-Agent": [
          "FxVersion/4.6.29812.02",
          "OSName/Windows",
          "OSVersion/Microsoft.Windows.10.0.19042.",
          "Microsoft.Azure.Management.NetApp.AzureNetAppFilesManagementClient/1.11.0.0"
        ],
        "Content-Type": [
          "application/json; charset=utf-8"
        ],
        "Content-Length": [
          "77"
        ]
      },
      "ResponseHeaders": {
        "Cache-Control": [
          "no-cache"
        ],
        "Pragma": [
          "no-cache"
        ],
        "ETag": [
          "W/\"datetime'2021-04-14T21%3A41%3A33.6344182Z'\""
        ],
        "x-ms-request-id": [
          "9189ba65-6feb-4eab-b6a9-383847a55faf"
        ],
        "Azure-AsyncOperation": [
          "https://management.azure.com/subscriptions/69a75bda-882e-44d5-8431-63421204132a/providers/Microsoft.NetApp/locations/eastus2euap/operationResults/52fb8d81-96df-4f4d-ad04-2e90bd4100ac?api-version=2020-12-01"
        ],
        "Server": [
          "Microsoft-IIS/10.0"
        ],
        "X-Powered-By": [
          "ASP.NET"
        ],
        "x-ms-ratelimit-remaining-subscription-writes": [
          "1199"
        ],
        "x-ms-correlation-request-id": [
          "101a98ec-8d39-4de6-8b59-eaed27926a46"
        ],
        "x-ms-routing-request-id": [
          "FRANCESOUTH:20210414T214135Z:101a98ec-8d39-4de6-8b59-eaed27926a46"
        ],
        "Strict-Transport-Security": [
          "max-age=31536000; includeSubDomains"
        ],
        "X-Content-Type-Options": [
          "nosniff"
        ],
        "Date": [
          "Wed, 14 Apr 2021 21:41:34 GMT"
        ],
        "Content-Length": [
          "345"
        ],
        "Content-Type": [
          "application/json; charset=utf-8"
        ],
        "Expires": [
          "-1"
        ]
      },
      "ResponseBody": "{\r\n  \"id\": \"/subscriptions/69a75bda-882e-44d5-8431-63421204132a/resourceGroups/ps8564/providers/Microsoft.NetApp/netAppAccounts/ps9701\",\r\n  \"name\": \"ps9701\",\r\n  \"type\": \"Microsoft.NetApp/netAppAccounts\",\r\n  \"etag\": \"W/\\\"datetime'2021-04-14T21%3A41%3A33.6344182Z'\\\"\",\r\n  \"location\": \"eastus2euap\",\r\n  \"tags\": {\r\n    \"tag1\": \"tagValue1\"\r\n  },\r\n  \"properties\": {\r\n    \"provisioningState\": \"Creating\"\r\n  }\r\n}",
      "StatusCode": 201
    },
    {
      "RequestUri": "/subscriptions/69a75bda-882e-44d5-8431-63421204132a/providers/Microsoft.NetApp/locations/eastus2euap/operationResults/52fb8d81-96df-4f4d-ad04-2e90bd4100ac?api-version=2020-12-01",
      "EncodedRequestUri": "L3N1YnNjcmlwdGlvbnMvNjlhNzViZGEtODgyZS00NGQ1LTg0MzEtNjM0MjEyMDQxMzJhL3Byb3ZpZGVycy9NaWNyb3NvZnQuTmV0QXBwL2xvY2F0aW9ucy9lYXN0dXMyZXVhcC9vcGVyYXRpb25SZXN1bHRzLzUyZmI4ZDgxLTk2ZGYtNGY0ZC1hZDA0LTJlOTBiZDQxMDBhYz9hcGktdmVyc2lvbj0yMDIwLTEyLTAx",
      "RequestMethod": "GET",
      "RequestBody": "",
      "RequestHeaders": {
        "x-ms-client-request-id": [
          "b858ae22-50c0-439b-b050-cc4e0780e8fe"
        ],
        "User-Agent": [
          "FxVersion/4.6.29812.02",
          "OSName/Windows",
          "OSVersion/Microsoft.Windows.10.0.19042.",
          "Microsoft.Azure.Management.NetApp.AzureNetAppFilesManagementClient/1.11.0.0"
        ]
      },
      "ResponseHeaders": {
        "Cache-Control": [
          "no-cache"
        ],
        "Pragma": [
          "no-cache"
        ],
        "x-ms-request-id": [
          "b55994a2-abe1-44dd-8732-98a339c8c5d1"
        ],
        "Server": [
          "Microsoft-IIS/10.0"
        ],
        "X-Powered-By": [
          "ASP.NET"
        ],
        "x-ms-ratelimit-remaining-subscription-reads": [
          "11998"
        ],
        "x-ms-correlation-request-id": [
          "b5c9939f-9df9-47eb-9c83-acd1352ac2c0"
        ],
        "x-ms-routing-request-id": [
          "FRANCESOUTH:20210414T214205Z:b5c9939f-9df9-47eb-9c83-acd1352ac2c0"
        ],
        "Strict-Transport-Security": [
          "max-age=31536000; includeSubDomains"
        ],
        "X-Content-Type-Options": [
          "nosniff"
        ],
        "Date": [
          "Wed, 14 Apr 2021 21:42:04 GMT"
        ],
        "Content-Length": [
          "491"
        ],
        "Content-Type": [
          "application/json; charset=utf-8"
        ],
        "Expires": [
          "-1"
        ]
      },
      "ResponseBody": "{\r\n  \"id\": \"/subscriptions/69a75bda-882e-44d5-8431-63421204132a/providers/Microsoft.NetApp/locations/eastus2euap/operationResults/52fb8d81-96df-4f4d-ad04-2e90bd4100ac\",\r\n  \"name\": \"52fb8d81-96df-4f4d-ad04-2e90bd4100ac\",\r\n  \"status\": \"Succeeded\",\r\n  \"startTime\": \"2021-04-14T21:41:33.6401666Z\",\r\n  \"endTime\": \"2021-04-14T21:41:33.81997Z\",\r\n  \"percentComplete\": 100.0,\r\n  \"properties\": {\r\n    \"resourceName\": \"/subscriptions/69a75bda-882e-44d5-8431-63421204132a/resourceGroups/ps8564/providers/Microsoft.NetApp/netAppAccounts/ps9701\"\r\n  }\r\n}",
      "StatusCode": 200
    },
    {
      "RequestUri": "/subscriptions/69a75bda-882e-44d5-8431-63421204132a/resourceGroups/ps8564/providers/Microsoft.NetApp/netAppAccounts/ps9701/vaults?api-version=2020-12-01",
      "EncodedRequestUri": "L3N1YnNjcmlwdGlvbnMvNjlhNzViZGEtODgyZS00NGQ1LTg0MzEtNjM0MjEyMDQxMzJhL3Jlc291cmNlR3JvdXBzL3BzODU2NC9wcm92aWRlcnMvTWljcm9zb2Z0Lk5ldEFwcC9uZXRBcHBBY2NvdW50cy9wczk3MDEvdmF1bHRzP2FwaS12ZXJzaW9uPTIwMjAtMTItMDE=",
      "RequestMethod": "GET",
      "RequestBody": "",
      "RequestHeaders": {
        "x-ms-client-request-id": [
          "1689227f-edb8-4329-b9b0-7b30ed5da315"
        ],
        "Accept-Language": [
          "en-US"
        ],
        "User-Agent": [
          "FxVersion/4.6.29812.02",
          "OSName/Windows",
          "OSVersion/Microsoft.Windows.10.0.19042.",
          "Microsoft.Azure.Management.NetApp.AzureNetAppFilesManagementClient/1.11.0.0"
        ]
      },
      "ResponseHeaders": {
        "Cache-Control": [
          "no-cache"
        ],
        "Pragma": [
          "no-cache"
        ],
        "x-ms-request-id": [
          "8789b291-1e9a-45b8-9aed-cf06acbff5f0"
        ],
        "Server": [
          "Microsoft-IIS/10.0"
        ],
        "X-Powered-By": [
          "ASP.NET"
        ],
        "x-ms-ratelimit-remaining-subscription-reads": [
          "11996"
        ],
        "x-ms-correlation-request-id": [
          "25902591-1023-4db0-9693-e44eb87682ae"
        ],
        "x-ms-routing-request-id": [
          "FRANCESOUTH:20210414T214205Z:25902591-1023-4db0-9693-e44eb87682ae"
        ],
        "Strict-Transport-Security": [
          "max-age=31536000; includeSubDomains"
        ],
        "X-Content-Type-Options": [
          "nosniff"
        ],
        "Date": [
          "Wed, 14 Apr 2021 21:42:05 GMT"
        ],
        "Content-Length": [
          "311"
        ],
        "Content-Type": [
          "application/json; charset=utf-8"
        ],
        "Expires": [
          "-1"
        ]
      },
      "ResponseBody": "{\r\n  \"value\": [\r\n    {\r\n      \"id\": \"/subscriptions/69a75bda-882e-44d5-8431-63421204132a/resourceGroups/ps8564/providers/Microsoft.NetApp/netAppAccounts/ps9701/vaults/cbsvault\",\r\n      \"name\": \"ps9701/cbsvault\",\r\n      \"type\": \"Microsoft.NetApp/netAppAccounts/vaults\",\r\n      \"properties\": {\r\n        \"enabled\": true,\r\n        \"vaultId\": \"b519b6f1-1ab6-11eb-b21f-863486e19f06\"\r\n      }\r\n    }\r\n  ]\r\n}",
      "StatusCode": 200
    },
    {
      "RequestUri": "/subscriptions/69a75bda-882e-44d5-8431-63421204132a/resourcegroups/ps8564?api-version=2016-09-01",
      "EncodedRequestUri": "L3N1YnNjcmlwdGlvbnMvNjlhNzViZGEtODgyZS00NGQ1LTg0MzEtNjM0MjEyMDQxMzJhL3Jlc291cmNlZ3JvdXBzL3BzODU2ND9hcGktdmVyc2lvbj0yMDE2LTA5LTAx",
      "RequestMethod": "DELETE",
      "RequestBody": "",
      "RequestHeaders": {
        "x-ms-client-request-id": [
          "446ca241-ddbd-4e29-91f7-501c5196a642"
        ],
        "Accept-Language": [
          "en-US"
        ],
        "User-Agent": [
          "FxVersion/4.6.29812.02",
          "OSName/Windows",
          "OSVersion/Microsoft.Windows.10.0.19042.",
          "Microsoft.Azure.Management.Internal.Resources.ResourceManagementClient/1.3.32"
        ]
      },
      "ResponseHeaders": {
        "Cache-Control": [
          "no-cache"
        ],
        "Pragma": [
          "no-cache"
        ],
        "Location": [
          "https://management.azure.com/subscriptions/69a75bda-882e-44d5-8431-63421204132a/operationresults/eyJqb2JJZCI6IlJFU09VUkNFR1JPVVBERUxFVElPTkpPQi1QUzg1NjQtRUFTVFVTMkVVQVAiLCJqb2JMb2NhdGlvbiI6ImVhc3R1czJldWFwIn0?api-version=2016-09-01"
        ],
        "Retry-After": [
          "15"
        ],
        "x-ms-ratelimit-remaining-subscription-deletes": [
          "14999"
        ],
        "x-ms-request-id": [
          "377be5f0-6652-455d-8af9-5a092560fd8f"
        ],
        "x-ms-correlation-request-id": [
          "377be5f0-6652-455d-8af9-5a092560fd8f"
        ],
        "x-ms-routing-request-id": [
          "FRANCESOUTH:20210414T214207Z:377be5f0-6652-455d-8af9-5a092560fd8f"
        ],
        "Strict-Transport-Security": [
          "max-age=31536000; includeSubDomains"
        ],
        "X-Content-Type-Options": [
          "nosniff"
        ],
        "Date": [
          "Wed, 14 Apr 2021 21:42:07 GMT"
        ],
        "Expires": [
          "-1"
        ],
        "Content-Length": [
          "0"
        ]
      },
      "ResponseBody": "",
      "StatusCode": 202
    },
    {
      "RequestUri": "/subscriptions/69a75bda-882e-44d5-8431-63421204132a/operationresults/eyJqb2JJZCI6IlJFU09VUkNFR1JPVVBERUxFVElPTkpPQi1QUzg1NjQtRUFTVFVTMkVVQVAiLCJqb2JMb2NhdGlvbiI6ImVhc3R1czJldWFwIn0?api-version=2016-09-01",
      "EncodedRequestUri": "L3N1YnNjcmlwdGlvbnMvNjlhNzViZGEtODgyZS00NGQ1LTg0MzEtNjM0MjEyMDQxMzJhL29wZXJhdGlvbnJlc3VsdHMvZXlKcWIySkpaQ0k2SWxKRlUwOVZVa05GUjFKUFZWQkVSVXhGVkVsUFRrcFBRaTFRVXpnMU5qUXRSVUZUVkZWVE1rVlZRVkFpTENKcWIySk1iMk5oZEdsdmJpSTZJbVZoYzNSMWN6SmxkV0Z3SW4wP2FwaS12ZXJzaW9uPTIwMTYtMDktMDE=",
      "RequestMethod": "GET",
      "RequestBody": "",
      "RequestHeaders": {
        "User-Agent": [
          "FxVersion/4.6.29812.02",
          "OSName/Windows",
          "OSVersion/Microsoft.Windows.10.0.19042.",
          "Microsoft.Azure.Management.Internal.Resources.ResourceManagementClient/1.3.32"
        ]
      },
      "ResponseHeaders": {
        "Cache-Control": [
          "no-cache"
        ],
        "Pragma": [
          "no-cache"
        ],
        "Location": [
          "https://management.azure.com/subscriptions/69a75bda-882e-44d5-8431-63421204132a/operationresults/eyJqb2JJZCI6IlJFU09VUkNFR1JPVVBERUxFVElPTkpPQi1QUzg1NjQtRUFTVFVTMkVVQVAiLCJqb2JMb2NhdGlvbiI6ImVhc3R1czJldWFwIn0?api-version=2016-09-01"
        ],
        "Retry-After": [
          "15"
        ],
        "x-ms-ratelimit-remaining-subscription-reads": [
          "11999"
        ],
        "x-ms-request-id": [
          "6b71c458-4c98-4a5d-9931-580a5a1b144d"
        ],
        "x-ms-correlation-request-id": [
          "6b71c458-4c98-4a5d-9931-580a5a1b144d"
        ],
        "x-ms-routing-request-id": [
          "FRANCESOUTH:20210414T214223Z:6b71c458-4c98-4a5d-9931-580a5a1b144d"
        ],
        "Strict-Transport-Security": [
          "max-age=31536000; includeSubDomains"
        ],
        "X-Content-Type-Options": [
          "nosniff"
        ],
        "Date": [
          "Wed, 14 Apr 2021 21:42:22 GMT"
        ],
        "Expires": [
          "-1"
        ],
        "Content-Length": [
          "0"
        ]
      },
      "ResponseBody": "",
      "StatusCode": 202
    },
    {
      "RequestUri": "/subscriptions/69a75bda-882e-44d5-8431-63421204132a/operationresults/eyJqb2JJZCI6IlJFU09VUkNFR1JPVVBERUxFVElPTkpPQi1QUzg1NjQtRUFTVFVTMkVVQVAiLCJqb2JMb2NhdGlvbiI6ImVhc3R1czJldWFwIn0?api-version=2016-09-01",
      "EncodedRequestUri": "L3N1YnNjcmlwdGlvbnMvNjlhNzViZGEtODgyZS00NGQ1LTg0MzEtNjM0MjEyMDQxMzJhL29wZXJhdGlvbnJlc3VsdHMvZXlKcWIySkpaQ0k2SWxKRlUwOVZVa05GUjFKUFZWQkVSVXhGVkVsUFRrcFBRaTFRVXpnMU5qUXRSVUZUVkZWVE1rVlZRVkFpTENKcWIySk1iMk5oZEdsdmJpSTZJbVZoYzNSMWN6SmxkV0Z3SW4wP2FwaS12ZXJzaW9uPTIwMTYtMDktMDE=",
      "RequestMethod": "GET",
      "RequestBody": "",
      "RequestHeaders": {
        "User-Agent": [
          "FxVersion/4.6.29812.02",
          "OSName/Windows",
          "OSVersion/Microsoft.Windows.10.0.19042.",
          "Microsoft.Azure.Management.Internal.Resources.ResourceManagementClient/1.3.32"
        ]
      },
      "ResponseHeaders": {
        "Cache-Control": [
          "no-cache"
        ],
        "Pragma": [
          "no-cache"
        ],
        "Location": [
          "https://management.azure.com/subscriptions/69a75bda-882e-44d5-8431-63421204132a/operationresults/eyJqb2JJZCI6IlJFU09VUkNFR1JPVVBERUxFVElPTkpPQi1QUzg1NjQtRUFTVFVTMkVVQVAiLCJqb2JMb2NhdGlvbiI6ImVhc3R1czJldWFwIn0?api-version=2016-09-01"
        ],
        "Retry-After": [
          "15"
        ],
        "x-ms-ratelimit-remaining-subscription-reads": [
          "11998"
        ],
        "x-ms-request-id": [
          "17267edb-a3c6-41ea-9878-dbeeedb369d0"
        ],
        "x-ms-correlation-request-id": [
          "17267edb-a3c6-41ea-9878-dbeeedb369d0"
        ],
        "x-ms-routing-request-id": [
          "FRANCESOUTH:20210414T214238Z:17267edb-a3c6-41ea-9878-dbeeedb369d0"
        ],
        "Strict-Transport-Security": [
          "max-age=31536000; includeSubDomains"
        ],
        "X-Content-Type-Options": [
          "nosniff"
        ],
        "Date": [
          "Wed, 14 Apr 2021 21:42:37 GMT"
        ],
        "Expires": [
          "-1"
        ],
        "Content-Length": [
          "0"
        ]
      },
      "ResponseBody": "",
      "StatusCode": 202
    },
    {
      "RequestUri": "/subscriptions/69a75bda-882e-44d5-8431-63421204132a/operationresults/eyJqb2JJZCI6IlJFU09VUkNFR1JPVVBERUxFVElPTkpPQi1QUzg1NjQtRUFTVFVTMkVVQVAiLCJqb2JMb2NhdGlvbiI6ImVhc3R1czJldWFwIn0?api-version=2016-09-01",
      "EncodedRequestUri": "L3N1YnNjcmlwdGlvbnMvNjlhNzViZGEtODgyZS00NGQ1LTg0MzEtNjM0MjEyMDQxMzJhL29wZXJhdGlvbnJlc3VsdHMvZXlKcWIySkpaQ0k2SWxKRlUwOVZVa05GUjFKUFZWQkVSVXhGVkVsUFRrcFBRaTFRVXpnMU5qUXRSVUZUVkZWVE1rVlZRVkFpTENKcWIySk1iMk5oZEdsdmJpSTZJbVZoYzNSMWN6SmxkV0Z3SW4wP2FwaS12ZXJzaW9uPTIwMTYtMDktMDE=",
      "RequestMethod": "GET",
      "RequestBody": "",
      "RequestHeaders": {
        "User-Agent": [
          "FxVersion/4.6.29812.02",
          "OSName/Windows",
          "OSVersion/Microsoft.Windows.10.0.19042.",
          "Microsoft.Azure.Management.Internal.Resources.ResourceManagementClient/1.3.32"
        ]
      },
      "ResponseHeaders": {
        "Cache-Control": [
          "no-cache"
        ],
        "Pragma": [
          "no-cache"
        ],
        "Location": [
          "https://management.azure.com/subscriptions/69a75bda-882e-44d5-8431-63421204132a/operationresults/eyJqb2JJZCI6IlJFU09VUkNFR1JPVVBERUxFVElPTkpPQi1QUzg1NjQtRUFTVFVTMkVVQVAiLCJqb2JMb2NhdGlvbiI6ImVhc3R1czJldWFwIn0?api-version=2016-09-01"
        ],
        "Retry-After": [
          "15"
        ],
        "x-ms-ratelimit-remaining-subscription-reads": [
          "11997"
        ],
        "x-ms-request-id": [
          "5c0a9b9a-d998-43bb-81e5-3dce8b7cecef"
        ],
        "x-ms-correlation-request-id": [
          "5c0a9b9a-d998-43bb-81e5-3dce8b7cecef"
        ],
        "x-ms-routing-request-id": [
          "FRANCESOUTH:20210414T214253Z:5c0a9b9a-d998-43bb-81e5-3dce8b7cecef"
        ],
        "Strict-Transport-Security": [
          "max-age=31536000; includeSubDomains"
        ],
        "X-Content-Type-Options": [
          "nosniff"
        ],
        "Date": [
          "Wed, 14 Apr 2021 21:42:52 GMT"
        ],
        "Expires": [
          "-1"
        ],
        "Content-Length": [
          "0"
        ]
      },
      "ResponseBody": "",
      "StatusCode": 202
    },
    {
      "RequestUri": "/subscriptions/69a75bda-882e-44d5-8431-63421204132a/operationresults/eyJqb2JJZCI6IlJFU09VUkNFR1JPVVBERUxFVElPTkpPQi1QUzg1NjQtRUFTVFVTMkVVQVAiLCJqb2JMb2NhdGlvbiI6ImVhc3R1czJldWFwIn0?api-version=2016-09-01",
      "EncodedRequestUri": "L3N1YnNjcmlwdGlvbnMvNjlhNzViZGEtODgyZS00NGQ1LTg0MzEtNjM0MjEyMDQxMzJhL29wZXJhdGlvbnJlc3VsdHMvZXlKcWIySkpaQ0k2SWxKRlUwOVZVa05GUjFKUFZWQkVSVXhGVkVsUFRrcFBRaTFRVXpnMU5qUXRSVUZUVkZWVE1rVlZRVkFpTENKcWIySk1iMk5oZEdsdmJpSTZJbVZoYzNSMWN6SmxkV0Z3SW4wP2FwaS12ZXJzaW9uPTIwMTYtMDktMDE=",
      "RequestMethod": "GET",
      "RequestBody": "",
      "RequestHeaders": {
        "User-Agent": [
          "FxVersion/4.6.29812.02",
          "OSName/Windows",
          "OSVersion/Microsoft.Windows.10.0.19042.",
          "Microsoft.Azure.Management.Internal.Resources.ResourceManagementClient/1.3.32"
        ]
      },
      "ResponseHeaders": {
        "Cache-Control": [
          "no-cache"
        ],
        "Pragma": [
          "no-cache"
        ],
        "Location": [
          "https://management.azure.com/subscriptions/69a75bda-882e-44d5-8431-63421204132a/operationresults/eyJqb2JJZCI6IlJFU09VUkNFR1JPVVBERUxFVElPTkpPQi1QUzg1NjQtRUFTVFVTMkVVQVAiLCJqb2JMb2NhdGlvbiI6ImVhc3R1czJldWFwIn0?api-version=2016-09-01"
        ],
        "Retry-After": [
          "15"
        ],
        "x-ms-ratelimit-remaining-subscription-reads": [
          "11996"
        ],
        "x-ms-request-id": [
          "c20368fe-9f04-4bfa-8d66-58a03cfdbfa8"
        ],
        "x-ms-correlation-request-id": [
          "c20368fe-9f04-4bfa-8d66-58a03cfdbfa8"
        ],
        "x-ms-routing-request-id": [
          "FRANCESOUTH:20210414T214308Z:c20368fe-9f04-4bfa-8d66-58a03cfdbfa8"
        ],
        "Strict-Transport-Security": [
          "max-age=31536000; includeSubDomains"
        ],
        "X-Content-Type-Options": [
          "nosniff"
        ],
        "Date": [
          "Wed, 14 Apr 2021 21:43:07 GMT"
        ],
        "Expires": [
          "-1"
        ],
        "Content-Length": [
          "0"
        ]
      },
      "ResponseBody": "",
      "StatusCode": 202
    },
    {
      "RequestUri": "/subscriptions/69a75bda-882e-44d5-8431-63421204132a/operationresults/eyJqb2JJZCI6IlJFU09VUkNFR1JPVVBERUxFVElPTkpPQi1QUzg1NjQtRUFTVFVTMkVVQVAiLCJqb2JMb2NhdGlvbiI6ImVhc3R1czJldWFwIn0?api-version=2016-09-01",
      "EncodedRequestUri": "L3N1YnNjcmlwdGlvbnMvNjlhNzViZGEtODgyZS00NGQ1LTg0MzEtNjM0MjEyMDQxMzJhL29wZXJhdGlvbnJlc3VsdHMvZXlKcWIySkpaQ0k2SWxKRlUwOVZVa05GUjFKUFZWQkVSVXhGVkVsUFRrcFBRaTFRVXpnMU5qUXRSVUZUVkZWVE1rVlZRVkFpTENKcWIySk1iMk5oZEdsdmJpSTZJbVZoYzNSMWN6SmxkV0Z3SW4wP2FwaS12ZXJzaW9uPTIwMTYtMDktMDE=",
      "RequestMethod": "GET",
      "RequestBody": "",
      "RequestHeaders": {
        "User-Agent": [
          "FxVersion/4.6.29812.02",
          "OSName/Windows",
          "OSVersion/Microsoft.Windows.10.0.19042.",
          "Microsoft.Azure.Management.Internal.Resources.ResourceManagementClient/1.3.32"
        ]
      },
      "ResponseHeaders": {
        "Cache-Control": [
          "no-cache"
        ],
        "Pragma": [
          "no-cache"
        ],
        "Location": [
          "https://management.azure.com/subscriptions/69a75bda-882e-44d5-8431-63421204132a/operationresults/eyJqb2JJZCI6IlJFU09VUkNFR1JPVVBERUxFVElPTkpPQi1QUzg1NjQtRUFTVFVTMkVVQVAiLCJqb2JMb2NhdGlvbiI6ImVhc3R1czJldWFwIn0?api-version=2016-09-01"
        ],
        "Retry-After": [
          "15"
        ],
        "x-ms-ratelimit-remaining-subscription-reads": [
          "11995"
        ],
        "x-ms-request-id": [
          "f5855235-9727-4054-a35d-022b5955422a"
        ],
        "x-ms-correlation-request-id": [
          "f5855235-9727-4054-a35d-022b5955422a"
        ],
        "x-ms-routing-request-id": [
          "FRANCESOUTH:20210414T214324Z:f5855235-9727-4054-a35d-022b5955422a"
        ],
        "Strict-Transport-Security": [
          "max-age=31536000; includeSubDomains"
        ],
        "X-Content-Type-Options": [
          "nosniff"
        ],
        "Date": [
          "Wed, 14 Apr 2021 21:43:23 GMT"
        ],
        "Expires": [
          "-1"
        ],
        "Content-Length": [
          "0"
        ]
      },
      "ResponseBody": "",
      "StatusCode": 202
    },
    {
      "RequestUri": "/subscriptions/69a75bda-882e-44d5-8431-63421204132a/operationresults/eyJqb2JJZCI6IlJFU09VUkNFR1JPVVBERUxFVElPTkpPQi1QUzg1NjQtRUFTVFVTMkVVQVAiLCJqb2JMb2NhdGlvbiI6ImVhc3R1czJldWFwIn0?api-version=2016-09-01",
      "EncodedRequestUri": "L3N1YnNjcmlwdGlvbnMvNjlhNzViZGEtODgyZS00NGQ1LTg0MzEtNjM0MjEyMDQxMzJhL29wZXJhdGlvbnJlc3VsdHMvZXlKcWIySkpaQ0k2SWxKRlUwOVZVa05GUjFKUFZWQkVSVXhGVkVsUFRrcFBRaTFRVXpnMU5qUXRSVUZUVkZWVE1rVlZRVkFpTENKcWIySk1iMk5oZEdsdmJpSTZJbVZoYzNSMWN6SmxkV0Z3SW4wP2FwaS12ZXJzaW9uPTIwMTYtMDktMDE=",
      "RequestMethod": "GET",
      "RequestBody": "",
      "RequestHeaders": {
        "User-Agent": [
          "FxVersion/4.6.29812.02",
          "OSName/Windows",
          "OSVersion/Microsoft.Windows.10.0.19042.",
          "Microsoft.Azure.Management.Internal.Resources.ResourceManagementClient/1.3.32"
        ]
      },
      "ResponseHeaders": {
        "Cache-Control": [
          "no-cache"
        ],
        "Pragma": [
          "no-cache"
        ],
        "Location": [
          "https://management.azure.com/subscriptions/69a75bda-882e-44d5-8431-63421204132a/operationresults/eyJqb2JJZCI6IlJFU09VUkNFR1JPVVBERUxFVElPTkpPQi1QUzg1NjQtRUFTVFVTMkVVQVAiLCJqb2JMb2NhdGlvbiI6ImVhc3R1czJldWFwIn0?api-version=2016-09-01"
        ],
        "Retry-After": [
          "15"
        ],
        "x-ms-ratelimit-remaining-subscription-reads": [
          "11994"
        ],
        "x-ms-request-id": [
          "b58a1ce1-b970-43b7-aeba-0d832fbee945"
        ],
        "x-ms-correlation-request-id": [
          "b58a1ce1-b970-43b7-aeba-0d832fbee945"
        ],
        "x-ms-routing-request-id": [
          "FRANCESOUTH:20210414T214339Z:b58a1ce1-b970-43b7-aeba-0d832fbee945"
        ],
        "Strict-Transport-Security": [
          "max-age=31536000; includeSubDomains"
        ],
        "X-Content-Type-Options": [
          "nosniff"
        ],
        "Date": [
          "Wed, 14 Apr 2021 21:43:38 GMT"
        ],
        "Expires": [
          "-1"
        ],
        "Content-Length": [
          "0"
        ]
      },
      "ResponseBody": "",
      "StatusCode": 202
    },
    {
      "RequestUri": "/subscriptions/69a75bda-882e-44d5-8431-63421204132a/operationresults/eyJqb2JJZCI6IlJFU09VUkNFR1JPVVBERUxFVElPTkpPQi1QUzg1NjQtRUFTVFVTMkVVQVAiLCJqb2JMb2NhdGlvbiI6ImVhc3R1czJldWFwIn0?api-version=2016-09-01",
      "EncodedRequestUri": "L3N1YnNjcmlwdGlvbnMvNjlhNzViZGEtODgyZS00NGQ1LTg0MzEtNjM0MjEyMDQxMzJhL29wZXJhdGlvbnJlc3VsdHMvZXlKcWIySkpaQ0k2SWxKRlUwOVZVa05GUjFKUFZWQkVSVXhGVkVsUFRrcFBRaTFRVXpnMU5qUXRSVUZUVkZWVE1rVlZRVkFpTENKcWIySk1iMk5oZEdsdmJpSTZJbVZoYzNSMWN6SmxkV0Z3SW4wP2FwaS12ZXJzaW9uPTIwMTYtMDktMDE=",
      "RequestMethod": "GET",
      "RequestBody": "",
      "RequestHeaders": {
        "User-Agent": [
          "FxVersion/4.6.29812.02",
          "OSName/Windows",
          "OSVersion/Microsoft.Windows.10.0.19042.",
          "Microsoft.Azure.Management.Internal.Resources.ResourceManagementClient/1.3.32"
        ]
      },
      "ResponseHeaders": {
        "Cache-Control": [
          "no-cache"
        ],
        "Pragma": [
          "no-cache"
        ],
        "x-ms-ratelimit-remaining-subscription-reads": [
          "11993"
        ],
        "x-ms-request-id": [
          "7c7b0965-403c-41f2-951d-31ac9732e8a7"
        ],
        "x-ms-correlation-request-id": [
          "7c7b0965-403c-41f2-951d-31ac9732e8a7"
        ],
        "x-ms-routing-request-id": [
          "FRANCESOUTH:20210414T214354Z:7c7b0965-403c-41f2-951d-31ac9732e8a7"
        ],
        "Strict-Transport-Security": [
          "max-age=31536000; includeSubDomains"
        ],
        "X-Content-Type-Options": [
          "nosniff"
        ],
        "Date": [
          "Wed, 14 Apr 2021 21:43:54 GMT"
        ],
        "Expires": [
          "-1"
        ],
        "Content-Length": [
          "0"
        ]
      },
      "ResponseBody": "",
      "StatusCode": 200
    },
    {
      "RequestUri": "/subscriptions/69a75bda-882e-44d5-8431-63421204132a/operationresults/eyJqb2JJZCI6IlJFU09VUkNFR1JPVVBERUxFVElPTkpPQi1QUzg1NjQtRUFTVFVTMkVVQVAiLCJqb2JMb2NhdGlvbiI6ImVhc3R1czJldWFwIn0?api-version=2016-09-01",
      "EncodedRequestUri": "L3N1YnNjcmlwdGlvbnMvNjlhNzViZGEtODgyZS00NGQ1LTg0MzEtNjM0MjEyMDQxMzJhL29wZXJhdGlvbnJlc3VsdHMvZXlKcWIySkpaQ0k2SWxKRlUwOVZVa05GUjFKUFZWQkVSVXhGVkVsUFRrcFBRaTFRVXpnMU5qUXRSVUZUVkZWVE1rVlZRVkFpTENKcWIySk1iMk5oZEdsdmJpSTZJbVZoYzNSMWN6SmxkV0Z3SW4wP2FwaS12ZXJzaW9uPTIwMTYtMDktMDE=",
      "RequestMethod": "GET",
      "RequestBody": "",
      "RequestHeaders": {
        "User-Agent": [
          "FxVersion/4.6.29812.02",
          "OSName/Windows",
          "OSVersion/Microsoft.Windows.10.0.19042.",
          "Microsoft.Azure.Management.Internal.Resources.ResourceManagementClient/1.3.32"
        ]
      },
      "ResponseHeaders": {
        "Cache-Control": [
          "no-cache"
        ],
        "Pragma": [
          "no-cache"
        ],
        "x-ms-ratelimit-remaining-subscription-reads": [
          "11992"
        ],
        "x-ms-request-id": [
          "c3b3f9e4-441e-47b2-98fd-60a4ae2d56dd"
        ],
        "x-ms-correlation-request-id": [
          "c3b3f9e4-441e-47b2-98fd-60a4ae2d56dd"
        ],
        "x-ms-routing-request-id": [
          "FRANCESOUTH:20210414T214354Z:c3b3f9e4-441e-47b2-98fd-60a4ae2d56dd"
        ],
        "Strict-Transport-Security": [
          "max-age=31536000; includeSubDomains"
        ],
        "X-Content-Type-Options": [
          "nosniff"
        ],
        "Date": [
          "Wed, 14 Apr 2021 21:43:54 GMT"
        ],
        "Expires": [
          "-1"
        ],
        "Content-Length": [
          "0"
        ]
      },
      "ResponseBody": "",
      "StatusCode": 200
    }
  ],
  "Names": {
    "Test-VaultCrud": [
      "ps8564",
      "ps9701"
    ]
  },
  "Variables": {
    "SubscriptionId": "69a75bda-882e-44d5-8431-63421204132a"
  }
}