{
  "Entries": [
    {
      "RequestUri": "/subscriptions/0e5a46b1-de0b-4ec3-a5d7-dda908b4e076/resourcegroups/ps7790?api-version=2016-09-01",
      "EncodedRequestUri": "L3N1YnNjcmlwdGlvbnMvMGU1YTQ2YjEtZGUwYi00ZWMzLWE1ZDctZGRhOTA4YjRlMDc2L3Jlc291cmNlZ3JvdXBzL3BzNzc5MD9hcGktdmVyc2lvbj0yMDE2LTA5LTAx",
      "RequestMethod": "PUT",
      "RequestBody": "{\r\n  \"location\": \"West US\"\r\n}",
      "RequestHeaders": {
        "x-ms-client-request-id": [
          "f187535a-478a-4776-88c3-d3fbd63da42b"
        ],
        "Accept-Language": [
          "en-US"
        ],
        "User-Agent": [
          "FxVersion/4.6.27019.06",
          "OSName/Windows",
          "OSVersion/Microsoft.Windows.10.0.17763.",
          "Microsoft.Azure.Management.Internal.Resources.ResourceManagementClient/1.1.17"
        ],
        "Content-Type": [
          "application/json; charset=utf-8"
        ],
        "Content-Length": [
          "29"
        ]
      },
      "ResponseHeaders": {
        "Cache-Control": [
          "no-cache"
        ],
        "Pragma": [
          "no-cache"
        ],
        "x-ms-ratelimit-remaining-subscription-writes": [
          "1191"
        ],
        "x-ms-request-id": [
          "61f741bb-1129-4be3-a2dc-2e99467d17a4"
        ],
        "x-ms-correlation-request-id": [
          "61f741bb-1129-4be3-a2dc-2e99467d17a4"
        ],
        "x-ms-routing-request-id": [
          "NORTHEUROPE:20190308T224959Z:61f741bb-1129-4be3-a2dc-2e99467d17a4"
        ],
        "Strict-Transport-Security": [
          "max-age=31536000; includeSubDomains"
        ],
        "X-Content-Type-Options": [
          "nosniff"
        ],
        "Date": [
          "Fri, 08 Mar 2019 22:49:59 GMT"
        ],
        "Content-Length": [
          "165"
        ],
        "Content-Type": [
          "application/json; charset=utf-8"
        ],
        "Expires": [
          "-1"
        ]
      },
      "ResponseBody": "{\r\n  \"id\": \"/subscriptions/0e5a46b1-de0b-4ec3-a5d7-dda908b4e076/resourceGroups/ps7790\",\r\n  \"name\": \"ps7790\",\r\n  \"location\": \"westus\",\r\n  \"properties\": {\r\n    \"provisioningState\": \"Succeeded\"\r\n  }\r\n}",
      "StatusCode": 201
    },
    {
      "RequestUri": "/subscriptions/0e5a46b1-de0b-4ec3-a5d7-dda908b4e076/resourceGroups/ps7790/providers/Microsoft.Network/privateDnsZones/ps4183.pstest.test?api-version=2018-09-01",
      "EncodedRequestUri": "L3N1YnNjcmlwdGlvbnMvMGU1YTQ2YjEtZGUwYi00ZWMzLWE1ZDctZGRhOTA4YjRlMDc2L3Jlc291cmNlR3JvdXBzL3BzNzc5MC9wcm92aWRlcnMvTWljcm9zb2Z0Lk5ldHdvcmsvcHJpdmF0ZURuc1pvbmVzL3BzNDE4My5wc3Rlc3QudGVzdD9hcGktdmVyc2lvbj0yMDE4LTA5LTAx",
      "RequestMethod": "PUT",
      "RequestBody": "{\r\n  \"tags\": {\r\n    \"tag1\": \"value1\"\r\n  },\r\n  \"location\": \"global\"\r\n}",
      "RequestHeaders": {
        "x-ms-client-request-id": [
          "bc46d4ee-5e29-4dce-9b75-9147bbc8027c"
        ],
        "If-None-Match": [
          "*"
        ],
        "Accept-Language": [
          "en-US"
        ],
        "User-Agent": [
          "FxVersion/4.6.27019.06",
          "OSName/Windows",
          "OSVersion/Microsoft.Windows.10.0.17763.",
          "Microsoft.Azure.Management.PrivateDns.PrivateDnsManagementClient/1.0.0.0"
        ],
        "Content-Type": [
          "application/json; charset=utf-8"
        ],
        "Content-Length": [
          "69"
        ]
      },
      "ResponseHeaders": {
        "Cache-Control": [
          "private"
        ],
        "Location": [
          "https://api-dogfood.resources.windows-int.net/subscriptions/0e5a46b1-de0b-4ec3-a5d7-dda908b4e076/resourceGroups/ps7790/providers/Microsoft.Network/privateDnsOperationResults/RnJvbnRFbmRBc3luY09wZXJhdGlvbjtVcHNlcnRQcml2YXRlRG5zWm9uZTs4ZjJlMWNmMS02ZDIwLTQ5OGQtODBlYi1mZWNmZDFiOWYzNzY=?api-version=2018-09-01"
        ],
        "Retry-After": [
          "3"
        ],
        "X-Content-Type-Options": [
          "nosniff"
        ],
        "Strict-Transport-Security": [
          "max-age=31536000; includeSubDomains"
        ],
        "Azure-AsyncOperation": [
          "https://api-dogfood.resources.windows-int.net:443/subscriptions/0e5a46b1-de0b-4ec3-a5d7-dda908b4e076/resourceGroups/ps7790/providers/Microsoft.Network/privateDnsOperationStatuses/RnJvbnRFbmRBc3luY09wZXJhdGlvbjtVcHNlcnRQcml2YXRlRG5zWm9uZTs4ZjJlMWNmMS02ZDIwLTQ5OGQtODBlYi1mZWNmZDFiOWYzNzY=?api-version=2018-09-01"
        ],
        "x-ms-request-id": [
          "bc46d4ee-5e29-4dce-9b75-9147bbc8027c"
        ],
        "Server": [
          "Microsoft-IIS/10.0"
        ],
        "X-AspNet-Version": [
          "4.0.30319"
        ],
        "X-Powered-By": [
          "ASP.NET"
        ],
        "x-ms-ratelimit-remaining-subscription-resource-requests": [
          "11984"
        ],
        "x-ms-correlation-request-id": [
          "c21a6512-4b5a-4310-948b-2817d7a77b6b"
        ],
        "x-ms-routing-request-id": [
          "NORTHEUROPE:20190308T225001Z:c21a6512-4b5a-4310-948b-2817d7a77b6b"
        ],
        "Date": [
          "Fri, 08 Mar 2019 22:50:01 GMT"
        ],
        "Content-Length": [
          "2"
        ],
        "Content-Type": [
          "application/json; charset=utf-8"
        ]
      },
      "ResponseBody": "{}",
      "StatusCode": 202
    },
    {
      "RequestUri": "/subscriptions/0e5a46b1-de0b-4ec3-a5d7-dda908b4e076/resourceGroups/ps7790/providers/Microsoft.Network/privateDnsOperationStatuses/RnJvbnRFbmRBc3luY09wZXJhdGlvbjtVcHNlcnRQcml2YXRlRG5zWm9uZTs4ZjJlMWNmMS02ZDIwLTQ5OGQtODBlYi1mZWNmZDFiOWYzNzY=?api-version=2018-09-01",
      "EncodedRequestUri": "L3N1YnNjcmlwdGlvbnMvMGU1YTQ2YjEtZGUwYi00ZWMzLWE1ZDctZGRhOTA4YjRlMDc2L3Jlc291cmNlR3JvdXBzL3BzNzc5MC9wcm92aWRlcnMvTWljcm9zb2Z0Lk5ldHdvcmsvcHJpdmF0ZURuc09wZXJhdGlvblN0YXR1c2VzL1JuSnZiblJGYm1SQmMzbHVZMDl3WlhKaGRHbHZianRWY0hObGNuUlFjbWwyWVhSbFJHNXpXbTl1WlRzNFpqSmxNV05tTVMwMlpESXdMVFE1T0dRdE9EQmxZaTFtWldObVpERmlPV1l6TnpZPT9hcGktdmVyc2lvbj0yMDE4LTA5LTAx",
      "RequestMethod": "GET",
      "RequestBody": "",
      "RequestHeaders": {
        "User-Agent": [
          "FxVersion/4.6.27019.06",
          "OSName/Windows",
          "OSVersion/Microsoft.Windows.10.0.17763.",
          "Microsoft.Azure.Management.PrivateDns.PrivateDnsManagementClient/1.0.0.0"
        ]
      },
      "ResponseHeaders": {
        "Cache-Control": [
          "private"
        ],
        "Location": [
          "https://api-dogfood.resources.windows-int.net/subscriptions/0e5a46b1-de0b-4ec3-a5d7-dda908b4e076/resourceGroups/ps7790/providers/Microsoft.Network/privateDnsOperationResults/RnJvbnRFbmRBc3luY09wZXJhdGlvbjtVcHNlcnRQcml2YXRlRG5zWm9uZTs4ZjJlMWNmMS02ZDIwLTQ5OGQtODBlYi1mZWNmZDFiOWYzNzY=?api-version=2018-09-01"
        ],
        "Retry-After": [
          "3"
        ],
        "X-Content-Type-Options": [
          "nosniff"
        ],
        "Strict-Transport-Security": [
          "max-age=31536000; includeSubDomains"
        ],
        "Azure-AsyncOperation": [
          "https://api-dogfood.resources.windows-int.net:443/subscriptions/0e5a46b1-de0b-4ec3-a5d7-dda908b4e076/resourceGroups/ps7790/providers/Microsoft.Network/privateDnsOperationStatuses/RnJvbnRFbmRBc3luY09wZXJhdGlvbjtVcHNlcnRQcml2YXRlRG5zWm9uZTs4ZjJlMWNmMS02ZDIwLTQ5OGQtODBlYi1mZWNmZDFiOWYzNzY=?api-version=2018-09-01"
        ],
        "x-ms-request-id": [
          "2856e36e-72ca-4cbf-b77f-e2e0280c712c"
        ],
        "Server": [
          "Microsoft-IIS/10.0"
        ],
        "X-AspNet-Version": [
          "4.0.30319"
        ],
        "X-Powered-By": [
          "ASP.NET"
        ],
        "x-ms-ratelimit-remaining-subscription-resource-requests": [
          "11918"
        ],
        "x-ms-correlation-request-id": [
          "86038f63-fd9a-4352-b44a-5f386f6e7688"
        ],
        "x-ms-routing-request-id": [
          "NORTHEUROPE:20190308T225004Z:86038f63-fd9a-4352-b44a-5f386f6e7688"
        ],
        "Date": [
          "Fri, 08 Mar 2019 22:50:04 GMT"
        ],
        "Content-Length": [
          "23"
        ],
        "Content-Type": [
          "application/json; charset=utf-8"
        ]
      },
      "ResponseBody": "{\r\n  \"status\": \"InProgress\"\r\n}",
      "StatusCode": 202
    },
    {
      "RequestUri": "/subscriptions/0e5a46b1-de0b-4ec3-a5d7-dda908b4e076/resourceGroups/ps7790/providers/Microsoft.Network/privateDnsOperationStatuses/RnJvbnRFbmRBc3luY09wZXJhdGlvbjtVcHNlcnRQcml2YXRlRG5zWm9uZTs4ZjJlMWNmMS02ZDIwLTQ5OGQtODBlYi1mZWNmZDFiOWYzNzY=?api-version=2018-09-01",
      "EncodedRequestUri": "L3N1YnNjcmlwdGlvbnMvMGU1YTQ2YjEtZGUwYi00ZWMzLWE1ZDctZGRhOTA4YjRlMDc2L3Jlc291cmNlR3JvdXBzL3BzNzc5MC9wcm92aWRlcnMvTWljcm9zb2Z0Lk5ldHdvcmsvcHJpdmF0ZURuc09wZXJhdGlvblN0YXR1c2VzL1JuSnZiblJGYm1SQmMzbHVZMDl3WlhKaGRHbHZianRWY0hObGNuUlFjbWwyWVhSbFJHNXpXbTl1WlRzNFpqSmxNV05tTVMwMlpESXdMVFE1T0dRdE9EQmxZaTFtWldObVpERmlPV1l6TnpZPT9hcGktdmVyc2lvbj0yMDE4LTA5LTAx",
      "RequestMethod": "GET",
      "RequestBody": "",
      "RequestHeaders": {
        "User-Agent": [
          "FxVersion/4.6.27019.06",
          "OSName/Windows",
          "OSVersion/Microsoft.Windows.10.0.17763.",
          "Microsoft.Azure.Management.PrivateDns.PrivateDnsManagementClient/1.0.0.0"
        ]
      },
      "ResponseHeaders": {
        "Cache-Control": [
          "private"
        ],
        "Location": [
          "https://api-dogfood.resources.windows-int.net/subscriptions/0e5a46b1-de0b-4ec3-a5d7-dda908b4e076/resourceGroups/ps7790/providers/Microsoft.Network/privateDnsOperationResults/RnJvbnRFbmRBc3luY09wZXJhdGlvbjtVcHNlcnRQcml2YXRlRG5zWm9uZTs4ZjJlMWNmMS02ZDIwLTQ5OGQtODBlYi1mZWNmZDFiOWYzNzY=?api-version=2018-09-01"
        ],
        "Retry-After": [
          "3"
        ],
        "X-Content-Type-Options": [
          "nosniff"
        ],
        "Strict-Transport-Security": [
          "max-age=31536000; includeSubDomains"
        ],
        "Azure-AsyncOperation": [
          "https://api-dogfood.resources.windows-int.net:443/subscriptions/0e5a46b1-de0b-4ec3-a5d7-dda908b4e076/resourceGroups/ps7790/providers/Microsoft.Network/privateDnsOperationStatuses/RnJvbnRFbmRBc3luY09wZXJhdGlvbjtVcHNlcnRQcml2YXRlRG5zWm9uZTs4ZjJlMWNmMS02ZDIwLTQ5OGQtODBlYi1mZWNmZDFiOWYzNzY=?api-version=2018-09-01"
        ],
        "x-ms-request-id": [
          "6d127793-01db-4cdd-bec1-359253e2ae66"
        ],
        "Server": [
          "Microsoft-IIS/10.0"
        ],
        "X-AspNet-Version": [
          "4.0.30319"
        ],
        "X-Powered-By": [
          "ASP.NET"
        ],
        "x-ms-ratelimit-remaining-subscription-resource-requests": [
          "11917"
        ],
        "x-ms-correlation-request-id": [
          "0562cd66-2075-422e-9e32-63a5200fa39e"
        ],
        "x-ms-routing-request-id": [
          "NORTHEUROPE:20190308T225008Z:0562cd66-2075-422e-9e32-63a5200fa39e"
        ],
        "Date": [
          "Fri, 08 Mar 2019 22:50:07 GMT"
        ],
        "Content-Length": [
          "23"
        ],
        "Content-Type": [
          "application/json; charset=utf-8"
        ]
      },
      "ResponseBody": "{\r\n  \"status\": \"InProgress\"\r\n}",
      "StatusCode": 202
    },
    {
      "RequestUri": "/subscriptions/0e5a46b1-de0b-4ec3-a5d7-dda908b4e076/resourceGroups/ps7790/providers/Microsoft.Network/privateDnsOperationStatuses/RnJvbnRFbmRBc3luY09wZXJhdGlvbjtVcHNlcnRQcml2YXRlRG5zWm9uZTs4ZjJlMWNmMS02ZDIwLTQ5OGQtODBlYi1mZWNmZDFiOWYzNzY=?api-version=2018-09-01",
      "EncodedRequestUri": "L3N1YnNjcmlwdGlvbnMvMGU1YTQ2YjEtZGUwYi00ZWMzLWE1ZDctZGRhOTA4YjRlMDc2L3Jlc291cmNlR3JvdXBzL3BzNzc5MC9wcm92aWRlcnMvTWljcm9zb2Z0Lk5ldHdvcmsvcHJpdmF0ZURuc09wZXJhdGlvblN0YXR1c2VzL1JuSnZiblJGYm1SQmMzbHVZMDl3WlhKaGRHbHZianRWY0hObGNuUlFjbWwyWVhSbFJHNXpXbTl1WlRzNFpqSmxNV05tTVMwMlpESXdMVFE1T0dRdE9EQmxZaTFtWldObVpERmlPV1l6TnpZPT9hcGktdmVyc2lvbj0yMDE4LTA5LTAx",
      "RequestMethod": "GET",
      "RequestBody": "",
      "RequestHeaders": {
        "User-Agent": [
          "FxVersion/4.6.27019.06",
          "OSName/Windows",
          "OSVersion/Microsoft.Windows.10.0.17763.",
          "Microsoft.Azure.Management.PrivateDns.PrivateDnsManagementClient/1.0.0.0"
        ]
      },
      "ResponseHeaders": {
        "Cache-Control": [
          "private"
        ],
        "Location": [
          "https://api-dogfood.resources.windows-int.net/subscriptions/0e5a46b1-de0b-4ec3-a5d7-dda908b4e076/resourceGroups/ps7790/providers/Microsoft.Network/privateDnsOperationResults/RnJvbnRFbmRBc3luY09wZXJhdGlvbjtVcHNlcnRQcml2YXRlRG5zWm9uZTs4ZjJlMWNmMS02ZDIwLTQ5OGQtODBlYi1mZWNmZDFiOWYzNzY=?api-version=2018-09-01"
        ],
        "Retry-After": [
          "3"
        ],
        "X-Content-Type-Options": [
          "nosniff"
        ],
        "Strict-Transport-Security": [
          "max-age=31536000; includeSubDomains"
        ],
        "Azure-AsyncOperation": [
          "https://api-dogfood.resources.windows-int.net:443/subscriptions/0e5a46b1-de0b-4ec3-a5d7-dda908b4e076/resourceGroups/ps7790/providers/Microsoft.Network/privateDnsOperationStatuses/RnJvbnRFbmRBc3luY09wZXJhdGlvbjtVcHNlcnRQcml2YXRlRG5zWm9uZTs4ZjJlMWNmMS02ZDIwLTQ5OGQtODBlYi1mZWNmZDFiOWYzNzY=?api-version=2018-09-01"
        ],
        "x-ms-request-id": [
          "fe7c3104-0c8a-4cd8-8fe0-1429570c008a"
        ],
        "Server": [
          "Microsoft-IIS/10.0"
        ],
        "X-AspNet-Version": [
          "4.0.30319"
        ],
        "X-Powered-By": [
          "ASP.NET"
        ],
        "x-ms-ratelimit-remaining-subscription-resource-requests": [
          "11916"
        ],
        "x-ms-correlation-request-id": [
          "3bf1e60a-d2c5-4876-8511-7b161d522ed0"
        ],
        "x-ms-routing-request-id": [
          "NORTHEUROPE:20190308T225011Z:3bf1e60a-d2c5-4876-8511-7b161d522ed0"
        ],
        "Date": [
          "Fri, 08 Mar 2019 22:50:11 GMT"
        ],
        "Content-Length": [
          "23"
        ],
        "Content-Type": [
          "application/json; charset=utf-8"
        ]
      },
      "ResponseBody": "{\r\n  \"status\": \"InProgress\"\r\n}",
      "StatusCode": 202
    },
    {
      "RequestUri": "/subscriptions/0e5a46b1-de0b-4ec3-a5d7-dda908b4e076/resourceGroups/ps7790/providers/Microsoft.Network/privateDnsOperationStatuses/RnJvbnRFbmRBc3luY09wZXJhdGlvbjtVcHNlcnRQcml2YXRlRG5zWm9uZTs4ZjJlMWNmMS02ZDIwLTQ5OGQtODBlYi1mZWNmZDFiOWYzNzY=?api-version=2018-09-01",
      "EncodedRequestUri": "L3N1YnNjcmlwdGlvbnMvMGU1YTQ2YjEtZGUwYi00ZWMzLWE1ZDctZGRhOTA4YjRlMDc2L3Jlc291cmNlR3JvdXBzL3BzNzc5MC9wcm92aWRlcnMvTWljcm9zb2Z0Lk5ldHdvcmsvcHJpdmF0ZURuc09wZXJhdGlvblN0YXR1c2VzL1JuSnZiblJGYm1SQmMzbHVZMDl3WlhKaGRHbHZianRWY0hObGNuUlFjbWwyWVhSbFJHNXpXbTl1WlRzNFpqSmxNV05tTVMwMlpESXdMVFE1T0dRdE9EQmxZaTFtWldObVpERmlPV1l6TnpZPT9hcGktdmVyc2lvbj0yMDE4LTA5LTAx",
      "RequestMethod": "GET",
      "RequestBody": "",
      "RequestHeaders": {
        "User-Agent": [
          "FxVersion/4.6.27019.06",
          "OSName/Windows",
          "OSVersion/Microsoft.Windows.10.0.17763.",
          "Microsoft.Azure.Management.PrivateDns.PrivateDnsManagementClient/1.0.0.0"
        ]
      },
      "ResponseHeaders": {
        "Cache-Control": [
          "private"
        ],
        "Location": [
          "https://api-dogfood.resources.windows-int.net/subscriptions/0e5a46b1-de0b-4ec3-a5d7-dda908b4e076/resourceGroups/ps7790/providers/Microsoft.Network/privateDnsOperationResults/RnJvbnRFbmRBc3luY09wZXJhdGlvbjtVcHNlcnRQcml2YXRlRG5zWm9uZTs4ZjJlMWNmMS02ZDIwLTQ5OGQtODBlYi1mZWNmZDFiOWYzNzY=?api-version=2018-09-01"
        ],
        "Retry-After": [
          "3"
        ],
        "X-Content-Type-Options": [
          "nosniff"
        ],
        "Strict-Transport-Security": [
          "max-age=31536000; includeSubDomains"
        ],
        "Azure-AsyncOperation": [
          "https://api-dogfood.resources.windows-int.net:443/subscriptions/0e5a46b1-de0b-4ec3-a5d7-dda908b4e076/resourceGroups/ps7790/providers/Microsoft.Network/privateDnsOperationStatuses/RnJvbnRFbmRBc3luY09wZXJhdGlvbjtVcHNlcnRQcml2YXRlRG5zWm9uZTs4ZjJlMWNmMS02ZDIwLTQ5OGQtODBlYi1mZWNmZDFiOWYzNzY=?api-version=2018-09-01"
        ],
        "x-ms-request-id": [
          "836f22e2-941d-4df2-9d45-56b33bb463ec"
        ],
        "Server": [
          "Microsoft-IIS/10.0"
        ],
        "X-AspNet-Version": [
          "4.0.30319"
        ],
        "X-Powered-By": [
          "ASP.NET"
        ],
        "x-ms-ratelimit-remaining-subscription-resource-requests": [
          "11915"
        ],
        "x-ms-correlation-request-id": [
          "f5e7b047-0a43-4e2b-95a6-6ed15a4206ab"
        ],
        "x-ms-routing-request-id": [
          "NORTHEUROPE:20190308T225014Z:f5e7b047-0a43-4e2b-95a6-6ed15a4206ab"
        ],
        "Date": [
          "Fri, 08 Mar 2019 22:50:14 GMT"
        ],
        "Content-Length": [
          "23"
        ],
        "Content-Type": [
          "application/json; charset=utf-8"
        ]
      },
      "ResponseBody": "{\r\n  \"status\": \"InProgress\"\r\n}",
      "StatusCode": 202
    },
    {
      "RequestUri": "/subscriptions/0e5a46b1-de0b-4ec3-a5d7-dda908b4e076/resourceGroups/ps7790/providers/Microsoft.Network/privateDnsOperationStatuses/RnJvbnRFbmRBc3luY09wZXJhdGlvbjtVcHNlcnRQcml2YXRlRG5zWm9uZTs4ZjJlMWNmMS02ZDIwLTQ5OGQtODBlYi1mZWNmZDFiOWYzNzY=?api-version=2018-09-01",
      "EncodedRequestUri": "L3N1YnNjcmlwdGlvbnMvMGU1YTQ2YjEtZGUwYi00ZWMzLWE1ZDctZGRhOTA4YjRlMDc2L3Jlc291cmNlR3JvdXBzL3BzNzc5MC9wcm92aWRlcnMvTWljcm9zb2Z0Lk5ldHdvcmsvcHJpdmF0ZURuc09wZXJhdGlvblN0YXR1c2VzL1JuSnZiblJGYm1SQmMzbHVZMDl3WlhKaGRHbHZianRWY0hObGNuUlFjbWwyWVhSbFJHNXpXbTl1WlRzNFpqSmxNV05tTVMwMlpESXdMVFE1T0dRdE9EQmxZaTFtWldObVpERmlPV1l6TnpZPT9hcGktdmVyc2lvbj0yMDE4LTA5LTAx",
      "RequestMethod": "GET",
      "RequestBody": "",
      "RequestHeaders": {
        "User-Agent": [
          "FxVersion/4.6.27019.06",
          "OSName/Windows",
          "OSVersion/Microsoft.Windows.10.0.17763.",
          "Microsoft.Azure.Management.PrivateDns.PrivateDnsManagementClient/1.0.0.0"
        ]
      },
      "ResponseHeaders": {
        "Cache-Control": [
          "private"
        ],
        "X-Content-Type-Options": [
          "nosniff"
        ],
        "Strict-Transport-Security": [
          "max-age=31536000; includeSubDomains"
        ],
        "x-ms-request-id": [
          "51f94e9c-60ba-4b4c-bac0-7d13f3c9bedb"
        ],
        "Server": [
          "Microsoft-IIS/10.0"
        ],
        "X-AspNet-Version": [
          "4.0.30319"
        ],
        "X-Powered-By": [
          "ASP.NET"
        ],
        "x-ms-ratelimit-remaining-subscription-resource-requests": [
          "11914"
        ],
        "x-ms-correlation-request-id": [
          "0239271b-a86a-4939-a491-e6ed9ff5a893"
        ],
        "x-ms-routing-request-id": [
          "NORTHEUROPE:20190308T225017Z:0239271b-a86a-4939-a491-e6ed9ff5a893"
        ],
        "Date": [
          "Fri, 08 Mar 2019 22:50:17 GMT"
        ],
        "Content-Length": [
          "22"
        ],
        "Content-Type": [
          "application/json; charset=utf-8"
        ]
      },
      "ResponseBody": "{\r\n  \"status\": \"Succeeded\"\r\n}",
      "StatusCode": 200
    },
    {
      "RequestUri": "/subscriptions/0e5a46b1-de0b-4ec3-a5d7-dda908b4e076/resourceGroups/ps7790/providers/Microsoft.Network/privateDnsZones/ps4183.pstest.test?api-version=2018-09-01",
      "EncodedRequestUri": "L3N1YnNjcmlwdGlvbnMvMGU1YTQ2YjEtZGUwYi00ZWMzLWE1ZDctZGRhOTA4YjRlMDc2L3Jlc291cmNlR3JvdXBzL3BzNzc5MC9wcm92aWRlcnMvTWljcm9zb2Z0Lk5ldHdvcmsvcHJpdmF0ZURuc1pvbmVzL3BzNDE4My5wc3Rlc3QudGVzdD9hcGktdmVyc2lvbj0yMDE4LTA5LTAx",
      "RequestMethod": "GET",
      "RequestBody": "",
      "RequestHeaders": {
        "User-Agent": [
          "FxVersion/4.6.27019.06",
          "OSName/Windows",
          "OSVersion/Microsoft.Windows.10.0.17763.",
          "Microsoft.Azure.Management.PrivateDns.PrivateDnsManagementClient/1.0.0.0"
        ]
      },
      "ResponseHeaders": {
        "Cache-Control": [
          "private"
        ],
        "ETag": [
          "19fb6d55-4ed2-42f2-b7c3-943d2ddc236a"
        ],
        "X-Content-Type-Options": [
          "nosniff"
        ],
        "Strict-Transport-Security": [
          "max-age=31536000; includeSubDomains"
        ],
        "x-ms-request-id": [
          "06437584-aa13-4499-a9fa-c03afa2f9675"
        ],
        "Server": [
          "Microsoft-IIS/10.0"
        ],
        "X-AspNet-Version": [
          "4.0.30319"
        ],
        "X-Powered-By": [
          "ASP.NET"
        ],
        "x-ms-ratelimit-remaining-subscription-resource-requests": [
          "11966"
        ],
        "x-ms-correlation-request-id": [
          "7abb9499-1d54-4487-aa41-69f6fc679db4"
        ],
        "x-ms-routing-request-id": [
          "NORTHEUROPE:20190308T225018Z:7abb9499-1d54-4487-aa41-69f6fc679db4"
        ],
        "Date": [
          "Fri, 08 Mar 2019 22:50:17 GMT"
        ],
        "Content-Length": [
          "582"
        ],
        "Content-Type": [
          "application/json; charset=utf-8"
        ]
      },
      "ResponseBody": "{\r\n  \"id\": \"/subscriptions/0e5a46b1-de0b-4ec3-a5d7-dda908b4e076/resourceGroups/ps7790/providers/Microsoft.Network/privateDnsZones/ps4183.pstest.test\",\r\n  \"name\": \"ps4183.pstest.test\",\r\n  \"type\": \"Microsoft.Network/privateDnsZones\",\r\n  \"etag\": \"19fb6d55-4ed2-42f2-b7c3-943d2ddc236a\",\r\n  \"location\": \"global\",\r\n  \"tags\": {\r\n    \"tag1\": \"value1\"\r\n  },\r\n  \"properties\": {\r\n    \"maxNumberOfRecordSets\": 5000,\r\n    \"maxNumberOfVirtualNetworkLinks\": 10,\r\n    \"maxNumberOfVirtualNetworkLinksWithRegistration\": 1,\r\n    \"numberOfRecordSets\": 1,\r\n    \"numberOfVirtualNetworkLinks\": 0,\r\n    \"numberOfVirtualNetworkLinksWithRegistration\": 0,\r\n    \"provisioningState\": \"Succeeded\"\r\n  }\r\n}",
      "StatusCode": 200
    },
    {
      "RequestUri": "/subscriptions/0e5a46b1-de0b-4ec3-a5d7-dda908b4e076/providers/microsoft.network?api-version=2016-09-01",
      "EncodedRequestUri": "L3N1YnNjcmlwdGlvbnMvMGU1YTQ2YjEtZGUwYi00ZWMzLWE1ZDctZGRhOTA4YjRlMDc2L3Byb3ZpZGVycy9taWNyb3NvZnQubmV0d29yaz9hcGktdmVyc2lvbj0yMDE2LTA5LTAx",
      "RequestMethod": "GET",
      "RequestBody": "",
      "RequestHeaders": {
        "x-ms-client-request-id": [
          "cb1b12a4-5db1-42d1-b0fe-c19b6878a535"
        ],
        "Accept-Language": [
          "en-US"
        ],
        "User-Agent": [
          "FxVersion/4.6.27019.06",
          "OSName/Windows",
          "OSVersion/Microsoft.Windows.10.0.17763.",
          "Microsoft.Azure.Management.Internal.Resources.ResourceManagementClient/1.1.17"
        ]
      },
      "ResponseHeaders": {
        "Cache-Control": [
          "no-cache"
        ],
        "Pragma": [
          "no-cache"
        ],
        "x-ms-ratelimit-remaining-subscription-reads": [
          "14959"
        ],
        "x-ms-request-id": [
          "782ac443-1272-4c16-9733-0757d613eb0a"
        ],
        "x-ms-correlation-request-id": [
          "782ac443-1272-4c16-9733-0757d613eb0a"
        ],
        "x-ms-routing-request-id": [
          "NORTHEUROPE:20190308T225018Z:782ac443-1272-4c16-9733-0757d613eb0a"
        ],
        "Strict-Transport-Security": [
          "max-age=31536000; includeSubDomains"
        ],
        "X-Content-Type-Options": [
          "nosniff"
        ],
        "Date": [
          "Fri, 08 Mar 2019 22:50:18 GMT"
        ],
        "Content-Type": [
          "application/json; charset=utf-8"
        ],
        "Expires": [
          "-1"
        ],
        "Content-Length": [
          "29093"
        ]
      },
      "ResponseBody": "{\r\n  \"id\": \"/subscriptions/0e5a46b1-de0b-4ec3-a5d7-dda908b4e076/providers/microsoft.network\",\r\n  \"namespace\": \"microsoft.network\",\r\n  \"authorizations\": [\r\n    {\r\n      \"applicationId\": \"2cf9eb86-36b5-49dc-86ae-9a63135dfa8c\",\r\n      \"roleDefinitionId\": \"13ba9ab4-19f0-4804-adc4-14ece36cc7a1\"\r\n    },\r\n    {\r\n      \"applicationId\": \"7c33bfcb-8d33-48d6-8e60-dc6404003489\",\r\n      \"roleDefinitionId\": \"ad6261e4-fa9a-4642-aa5f-104f1b67e9e3\"\r\n    },\r\n    {\r\n      \"applicationId\": \"1e3e4475-288f-4018-a376-df66fd7fac5f\",\r\n      \"roleDefinitionId\": \"1d538b69-3d87-4e56-8ff8-25786fd48261\"\r\n    },\r\n    {\r\n      \"applicationId\": \"a0be0c72-870e-46f0-9c49-c98333a996f7\",\r\n      \"roleDefinitionId\": \"7ce22727-ffce-45a9-930c-ddb2e56fa131\"\r\n    },\r\n    {\r\n      \"applicationId\": \"486c78bf-a0f7-45f1-92fd-37215929e116\",\r\n      \"roleDefinitionId\": \"1a0c88c6-37ef-442c-b3ed-992e0f26331e\"\r\n    },\r\n    {\r\n      \"applicationId\": \"19947cfd-0303-466c-ac3c-fcc19a7a1570\",\r\n      \"roleDefinitionId\": \"d813ab6c-bfb7-413e-9462-005b21f0ce09\"\r\n    }\r\n  ],\r\n  \"resourceTypes\": [\r\n    {\r\n      \"resourceType\": \"trafficmanagerprofiles\",\r\n      \"locations\": [\r\n        \"global\"\r\n      ],\r\n      \"apiVersions\": [\r\n        \"2018-08-01\",\r\n        \"2018-04-01\",\r\n        \"2018-03-01\",\r\n        \"2018-02-01\",\r\n        \"2017-05-01\",\r\n        \"2017-03-01\",\r\n        \"2015-11-01\",\r\n        \"2015-04-28-preview\"\r\n      ],\r\n      \"capabilities\": \"CrossResourceGroupResourceMove, CrossSubscriptionResourceMove\"\r\n    },\r\n    {\r\n      \"resourceType\": \"frontdoorOperationResults\",\r\n      \"locations\": [\r\n        \"global\",\r\n        \"Central US\",\r\n        \"East US\",\r\n        \"East US 2\",\r\n        \"North Central US\",\r\n        \"South Central US\",\r\n        \"West US\",\r\n        \"North Europe\",\r\n        \"West Europe\",\r\n        \"East Asia\",\r\n        \"Southeast Asia\",\r\n        \"Japan East\",\r\n        \"Japan West\",\r\n        \"Brazil South\",\r\n        \"Australia East\",\r\n        \"Australia Southeast\"\r\n      ],\r\n      \"apiVersions\": [\r\n        \"2018-08-01\"\r\n      ]\r\n    },\r\n    {\r\n      \"resourceType\": \"trafficmanagerprofiles/heatMaps\",\r\n      \"locations\": [\r\n        \"global\"\r\n      ],\r\n      \"apiVersions\": [\r\n        \"2018-08-01\",\r\n        \"2018-04-01\",\r\n        \"2018-03-01\",\r\n        \"2018-02-01\",\r\n        \"2017-09-01-preview\"\r\n      ]\r\n    },\r\n    {\r\n      \"resourceType\": \"trafficManagerUserMetricsKeys\",\r\n      \"locations\": [\r\n        \"global\"\r\n      ],\r\n      \"apiVersions\": [\r\n        \"2018-08-01\",\r\n        \"2017-09-01-preview\"\r\n      ]\r\n    },\r\n    {\r\n      \"resourceType\": \"dnszones\",\r\n      \"locations\": [\r\n        \"global\"\r\n      ],\r\n      \"apiVersions\": [\r\n        \"2018-05-01\",\r\n        \"2018-03-01-preview\",\r\n        \"2017-10-01\",\r\n        \"2017-09-15-preview\",\r\n        \"2017-09-01\",\r\n        \"2016-07-01\",\r\n        \"2016-04-01\",\r\n        \"2015-05-04-preview\"\r\n      ],\r\n      \"capabilities\": \"CrossResourceGroupResourceMove, CrossSubscriptionResourceMove\"\r\n    },\r\n    {\r\n      \"resourceType\": \"dnsOperationResults\",\r\n      \"locations\": [\r\n        \"global\"\r\n      ],\r\n      \"apiVersions\": [\r\n        \"2018-05-01\",\r\n        \"2018-03-01-preview\",\r\n        \"2017-10-01\",\r\n        \"2017-09-15-preview\",\r\n        \"2017-09-01\",\r\n        \"2016-07-01\",\r\n        \"2016-04-01\"\r\n      ]\r\n    },\r\n    {\r\n      \"resourceType\": \"dnsOperationStatuses\",\r\n      \"locations\": [\r\n        \"global\"\r\n      ],\r\n      \"apiVersions\": [\r\n        \"2018-05-01\",\r\n        \"2018-03-01-preview\",\r\n        \"2017-10-01\",\r\n        \"2017-09-15-preview\",\r\n        \"2017-09-01\",\r\n        \"2016-07-01\",\r\n        \"2016-04-01\"\r\n      ]\r\n    },\r\n    {\r\n      \"resourceType\": \"getDnsResourceReference\",\r\n      \"locations\": [\r\n        \"global\"\r\n      ],\r\n      \"apiVersions\": [\r\n        \"2018-05-01\",\r\n        \"2018-03-01-preview\",\r\n        \"2017-10-01\",\r\n        \"2017-09-15-preview\",\r\n        \"2017-09-01\",\r\n        \"2016-07-01\",\r\n        \"2016-04-01\"\r\n      ]\r\n    },\r\n    {\r\n      \"resourceType\": \"internalNotify\",\r\n      \"locations\": [\r\n        \"global\"\r\n      ],\r\n      \"apiVersions\": [\r\n        \"2018-05-01\",\r\n        \"2018-03-01-preview\",\r\n        \"2017-10-01\",\r\n        \"2017-09-15-preview\",\r\n        \"2017-09-01\",\r\n        \"2016-07-01\",\r\n        \"2016-04-01\"\r\n      ]\r\n    },\r\n    {\r\n      \"resourceType\": \"dnszones/A\",\r\n      \"locations\": [\r\n        \"global\"\r\n      ],\r\n      \"apiVersions\": [\r\n        \"2018-05-01\",\r\n        \"2018-03-01-preview\",\r\n        \"2017-10-01\",\r\n        \"2017-09-15-preview\",\r\n        \"2017-09-01\",\r\n        \"2016-07-01\",\r\n        \"2016-04-01\",\r\n        \"2015-05-04-preview\"\r\n      ]\r\n    },\r\n    {\r\n      \"resourceType\": \"dnszones/AAAA\",\r\n      \"locations\": [\r\n        \"global\"\r\n      ],\r\n      \"apiVersions\": [\r\n        \"2018-05-01\",\r\n        \"2018-03-01-preview\",\r\n        \"2017-10-01\",\r\n        \"2017-09-15-preview\",\r\n        \"2017-09-01\",\r\n        \"2016-07-01\",\r\n        \"2016-04-01\",\r\n        \"2015-05-04-preview\"\r\n      ]\r\n    },\r\n    {\r\n      \"resourceType\": \"dnszones/CNAME\",\r\n      \"locations\": [\r\n        \"global\"\r\n      ],\r\n      \"apiVersions\": [\r\n        \"2018-05-01\",\r\n        \"2018-03-01-preview\",\r\n        \"2017-10-01\",\r\n        \"2017-09-15-preview\",\r\n        \"2017-09-01\",\r\n        \"2016-07-01\",\r\n        \"2016-04-01\",\r\n        \"2015-05-04-preview\"\r\n      ]\r\n    },\r\n    {\r\n      \"resourceType\": \"dnszones/PTR\",\r\n      \"locations\": [\r\n        \"global\"\r\n      ],\r\n      \"apiVersions\": [\r\n        \"2018-05-01\",\r\n        \"2018-03-01-preview\",\r\n        \"2017-10-01\",\r\n        \"2017-09-15-preview\",\r\n        \"2017-09-01\",\r\n        \"2016-07-01\",\r\n        \"2016-04-01\",\r\n        \"2015-05-04-preview\"\r\n      ]\r\n    },\r\n    {\r\n      \"resourceType\": \"dnszones/MX\",\r\n      \"locations\": [\r\n        \"global\"\r\n      ],\r\n      \"apiVersions\": [\r\n        \"2018-05-01\",\r\n        \"2018-03-01-preview\",\r\n        \"2017-10-01\",\r\n        \"2017-09-15-preview\",\r\n        \"2017-09-01\",\r\n        \"2016-07-01\",\r\n        \"2016-04-01\",\r\n        \"2015-05-04-preview\"\r\n      ]\r\n    },\r\n    {\r\n      \"resourceType\": \"dnszones/TXT\",\r\n      \"locations\": [\r\n        \"global\"\r\n      ],\r\n      \"apiVersions\": [\r\n        \"2018-05-01\",\r\n        \"2018-03-01-preview\",\r\n        \"2017-10-01\",\r\n        \"2017-09-15-preview\",\r\n        \"2017-09-01\",\r\n        \"2016-07-01\",\r\n        \"2016-04-01\",\r\n        \"2015-05-04-preview\"\r\n      ]\r\n    },\r\n    {\r\n      \"resourceType\": \"dnszones/SRV\",\r\n      \"locations\": [\r\n        \"global\"\r\n      ],\r\n      \"apiVersions\": [\r\n        \"2018-05-01\",\r\n        \"2018-03-01-preview\",\r\n        \"2017-10-01\",\r\n        \"2017-09-15-preview\",\r\n        \"2017-09-01\",\r\n        \"2016-07-01\",\r\n        \"2016-04-01\",\r\n        \"2015-05-04-preview\",\r\n        \"2015-04-01\"\r\n      ]\r\n    },\r\n    {\r\n      \"resourceType\": \"dnszones/SOA\",\r\n      \"locations\": [\r\n        \"global\"\r\n      ],\r\n      \"apiVersions\": [\r\n        \"2018-05-01\",\r\n        \"2018-03-01-preview\",\r\n        \"2017-10-01\",\r\n        \"2017-09-15-preview\",\r\n        \"2017-09-01\",\r\n        \"2016-07-01\",\r\n        \"2016-04-01\",\r\n        \"2015-05-04-preview\",\r\n        \"2015-04-01\"\r\n      ]\r\n    },\r\n    {\r\n      \"resourceType\": \"dnszones/NS\",\r\n      \"locations\": [\r\n        \"global\"\r\n      ],\r\n      \"apiVersions\": [\r\n        \"2018-05-01\",\r\n        \"2018-03-01-preview\",\r\n        \"2017-10-01\",\r\n        \"2017-09-15-preview\",\r\n        \"2017-09-01\",\r\n        \"2016-07-01\",\r\n        \"2016-04-01\",\r\n        \"2015-05-04-preview\",\r\n        \"2015-04-01\"\r\n      ]\r\n    },\r\n    {\r\n      \"resourceType\": \"dnszones/CAA\",\r\n      \"locations\": [\r\n        \"global\"\r\n      ],\r\n      \"apiVersions\": [\r\n        \"2018-05-01\",\r\n        \"2018-03-01-preview\",\r\n        \"2017-10-01\",\r\n        \"2017-09-15-preview\",\r\n        \"2017-09-01\"\r\n      ]\r\n    },\r\n    {\r\n      \"resourceType\": \"dnszones/recordsets\",\r\n      \"locations\": [\r\n        \"global\"\r\n      ],\r\n      \"apiVersions\": [\r\n        \"2018-05-01\",\r\n        \"2018-03-01-preview\",\r\n        \"2017-10-01\",\r\n        \"2017-09-15-preview\",\r\n        \"2017-09-01\",\r\n        \"2016-07-01\",\r\n        \"2016-04-01\",\r\n        \"2015-05-04-preview\",\r\n        \"2015-04-01\"\r\n      ]\r\n    },\r\n    {\r\n      \"resourceType\": \"dnszones/all\",\r\n      \"locations\": [\r\n        \"global\"\r\n      ],\r\n      \"apiVersions\": [\r\n        \"2018-05-01\",\r\n        \"2018-03-01-preview\",\r\n        \"2017-10-01\",\r\n        \"2017-09-15-preview\",\r\n        \"2017-09-01\",\r\n        \"2016-07-01\",\r\n        \"2016-04-01\",\r\n        \"2015-05-04-preview\",\r\n        \"2015-04-01\"\r\n      ]\r\n    },\r\n    {\r\n      \"resourceType\": \"privateDnsZones\",\r\n      \"locations\": [\r\n        \"global\"\r\n      ],\r\n      \"apiVersions\": [\r\n        \"2018-09-01\"\r\n      ],\r\n      \"capabilities\": \"CrossResourceGroupResourceMove, CrossSubscriptionResourceMove\"\r\n    },\r\n    {\r\n      \"resourceType\": \"privateDnsZones/virtualNetworkLinks\",\r\n      \"locations\": [\r\n        \"global\"\r\n      ],\r\n      \"apiVersions\": [\r\n        \"2018-09-01\"\r\n      ],\r\n      \"capabilities\": \"CrossResourceGroupResourceMove, CrossSubscriptionResourceMove\"\r\n    },\r\n    {\r\n      \"resourceType\": \"privateDnsOperationResults\",\r\n      \"locations\": [\r\n        \"global\"\r\n      ],\r\n      \"apiVersions\": [\r\n        \"2018-09-01\"\r\n      ]\r\n    },\r\n    {\r\n      \"resourceType\": \"privateDnsOperationStatuses\",\r\n      \"locations\": [\r\n        \"global\"\r\n      ],\r\n      \"apiVersions\": [\r\n        \"2018-09-01\"\r\n      ]\r\n    },\r\n    {\r\n      \"resourceType\": \"privateDnsZones/A\",\r\n      \"locations\": [\r\n        \"global\"\r\n      ],\r\n      \"apiVersions\": [\r\n        \"2018-09-01\"\r\n      ]\r\n    },\r\n    {\r\n      \"resourceType\": \"privateDnsZones/AAAA\",\r\n      \"locations\": [\r\n        \"global\"\r\n      ],\r\n      \"apiVersions\": [\r\n        \"2018-09-01\"\r\n      ]\r\n    },\r\n    {\r\n      \"resourceType\": \"privateDnsZones/CNAME\",\r\n      \"locations\": [\r\n        \"global\"\r\n      ],\r\n      \"apiVersions\": [\r\n        \"2018-09-01\"\r\n      ]\r\n    },\r\n    {\r\n      \"resourceType\": \"privateDnsZones/PTR\",\r\n      \"locations\": [\r\n        \"global\"\r\n      ],\r\n      \"apiVersions\": [\r\n        \"2018-09-01\"\r\n      ]\r\n    },\r\n    {\r\n      \"resourceType\": \"privateDnsZones/MX\",\r\n      \"locations\": [\r\n        \"global\"\r\n      ],\r\n      \"apiVersions\": [\r\n        \"2018-09-01\"\r\n      ]\r\n    },\r\n    {\r\n      \"resourceType\": \"privateDnsZones/TXT\",\r\n      \"locations\": [\r\n        \"global\"\r\n      ],\r\n      \"apiVersions\": [\r\n        \"2018-09-01\"\r\n      ]\r\n    },\r\n    {\r\n      \"resourceType\": \"privateDnsZones/SRV\",\r\n      \"locations\": [\r\n        \"global\"\r\n      ],\r\n      \"apiVersions\": [\r\n        \"2018-09-01\"\r\n      ]\r\n    },\r\n    {\r\n      \"resourceType\": \"privateDnsZones/SOA\",\r\n      \"locations\": [\r\n        \"global\"\r\n      ],\r\n      \"apiVersions\": [\r\n        \"2018-09-01\"\r\n      ]\r\n    },\r\n    {\r\n      \"resourceType\": \"privateDnsZones/all\",\r\n      \"locations\": [\r\n        \"global\"\r\n      ],\r\n      \"apiVersions\": [\r\n        \"2018-09-01\"\r\n      ]\r\n    },\r\n    {\r\n      \"resourceType\": \"virtualNetworks\",\r\n      \"locations\": [\r\n        \"West Europe\",\r\n        \"Central US\",\r\n        \"West US\",\r\n        \"East US\",\r\n        \"North Central US\",\r\n        \"South Central US\",\r\n        \"East US 2\",\r\n        \"North Europe\"\r\n      ],\r\n      \"apiVersions\": [\r\n        \"2018-12-01\",\r\n        \"2018-11-01\",\r\n        \"2018-10-01\",\r\n        \"2018-08-01\",\r\n        \"2018-07-01\",\r\n        \"2018-06-01\",\r\n        \"2018-05-01\",\r\n        \"2018-04-01\",\r\n        \"2018-03-01\",\r\n        \"2018-02-01\",\r\n        \"2018-01-01\",\r\n        \"2017-11-01\",\r\n        \"2017-10-01\",\r\n        \"2017-09-01\",\r\n        \"2017-08-01\",\r\n        \"2017-06-01\",\r\n        \"2017-04-01\",\r\n        \"2017-03-01\",\r\n        \"2016-12-01\",\r\n        \"2016-11-01\",\r\n        \"2016-10-01\",\r\n        \"2016-09-01\",\r\n        \"2016-08-01\",\r\n        \"2016-07-01\",\r\n        \"2016-06-01\",\r\n        \"2016-03-30\",\r\n        \"2015-06-15\",\r\n        \"2015-05-01-preview\",\r\n        \"2014-12-01-preview\"\r\n      ],\r\n      \"capabilities\": \"CrossResourceGroupResourceMove, CrossSubscriptionResourceMove\"\r\n    },\r\n    {\r\n      \"resourceType\": \"publicIPAddresses\",\r\n      \"locations\": [\r\n        \"West Europe\",\r\n        \"Central US\",\r\n        \"West US\",\r\n        \"East US\",\r\n        \"North Central US\",\r\n        \"South Central US\",\r\n        \"East US 2\",\r\n        \"North Europe\"\r\n      ],\r\n      \"apiVersions\": [\r\n        \"2018-12-01\",\r\n        \"2018-11-01\",\r\n        \"2018-10-01\",\r\n        \"2018-08-01\",\r\n        \"2018-07-01\",\r\n        \"2018-06-01\",\r\n        \"2018-05-01\",\r\n        \"2018-04-01\",\r\n        \"2018-03-01\",\r\n        \"2018-02-01\",\r\n        \"2018-01-01\",\r\n        \"2017-11-01\",\r\n        \"2017-10-01\",\r\n        \"2017-09-01\",\r\n        \"2017-08-01\",\r\n        \"2017-06-01\",\r\n        \"2017-04-01\",\r\n        \"2017-03-01\",\r\n        \"2016-12-01\",\r\n        \"2016-11-01\",\r\n        \"2016-10-01\",\r\n        \"2016-09-01\",\r\n        \"2016-08-01\",\r\n        \"2016-07-01\",\r\n        \"2016-06-01\",\r\n        \"2016-03-30\",\r\n        \"2015-06-15\",\r\n        \"2015-05-01-preview\",\r\n        \"2014-12-01-preview\"\r\n      ],\r\n      \"capabilities\": \"CrossResourceGroupResourceMove, CrossSubscriptionResourceMove\"\r\n    },\r\n    {\r\n      \"resourceType\": \"networkInterfaces\",\r\n      \"locations\": [\r\n        \"West Europe\",\r\n        \"Central US\",\r\n        \"West US\",\r\n        \"East US\",\r\n        \"North Central US\",\r\n        \"South Central US\",\r\n        \"East US 2\",\r\n        \"North Europe\"\r\n      ],\r\n      \"apiVersions\": [\r\n        \"2018-12-01\",\r\n        \"2018-11-01\",\r\n        \"2018-10-01\",\r\n        \"2018-08-01\",\r\n        \"2018-07-01\",\r\n        \"2018-06-01\",\r\n        \"2018-05-01\",\r\n        \"2018-04-01\",\r\n        \"2018-03-01\",\r\n        \"2018-02-01\",\r\n        \"2018-01-01\",\r\n        \"2017-11-01\",\r\n        \"2017-10-01\",\r\n        \"2017-09-01\",\r\n        \"2017-08-01\",\r\n        \"2017-06-01\",\r\n        \"2017-04-01\",\r\n        \"2017-03-01\",\r\n        \"2016-12-01\",\r\n        \"2016-11-01\",\r\n        \"2016-10-01\",\r\n        \"2016-09-01\",\r\n        \"2016-08-01\",\r\n        \"2016-07-01\",\r\n        \"2016-06-01\",\r\n        \"2016-03-30\",\r\n        \"2015-06-15\",\r\n        \"2015-05-01-preview\",\r\n        \"2014-12-01-preview\"\r\n      ],\r\n      \"capabilities\": \"CrossResourceGroupResourceMove, CrossSubscriptionResourceMove\"\r\n    },\r\n    {\r\n      \"resourceType\": \"interfaceEndpoints\",\r\n      \"locations\": [\r\n        \"West Europe\",\r\n        \"Central US\",\r\n        \"West US\",\r\n        \"East US\",\r\n        \"North Central US\",\r\n        \"South Central US\",\r\n        \"East US 2\",\r\n        \"North Europe\"\r\n      ],\r\n      \"apiVersions\": [\r\n        \"2018-12-01\",\r\n        \"2018-11-01\",\r\n        \"2018-10-01\",\r\n        \"2018-08-01\"\r\n      ],\r\n      \"capabilities\": \"None\"\r\n    },\r\n    {\r\n      \"resourceType\": \"privateLinkServices\",\r\n      \"locations\": [\r\n        \"West Europe\",\r\n        \"Central US\",\r\n        \"West US\",\r\n        \"East US\",\r\n        \"North Central US\",\r\n        \"South Central US\",\r\n        \"East US 2\",\r\n        \"North Europe\"\r\n      ],\r\n      \"apiVersions\": [\r\n        \"2018-12-01\",\r\n        \"2018-11-01\",\r\n        \"2018-10-01\",\r\n        \"2018-08-01\"\r\n      ],\r\n      \"capabilities\": \"None\"\r\n    },\r\n    {\r\n      \"resourceType\": \"loadBalancers\",\r\n      \"locations\": [\r\n        \"West Europe\",\r\n        \"Central US\",\r\n        \"West US\",\r\n        \"East US\",\r\n        \"North Central US\",\r\n        \"South Central US\",\r\n        \"East US 2\",\r\n        \"North Europe\"\r\n      ],\r\n      \"apiVersions\": [\r\n        \"2018-12-01\",\r\n        \"2018-11-01\",\r\n        \"2018-10-01\",\r\n        \"2018-08-01\",\r\n        \"2018-07-01\",\r\n        \"2018-06-01\",\r\n        \"2018-05-01\",\r\n        \"2018-04-01\",\r\n        \"2018-03-01\",\r\n        \"2018-02-01\",\r\n        \"2018-01-01\",\r\n        \"2017-11-01\",\r\n        \"2017-10-01\",\r\n        \"2017-09-01\",\r\n        \"2017-08-01\",\r\n        \"2017-06-01\",\r\n        \"2017-04-01\",\r\n        \"2017-03-01\",\r\n        \"2016-12-01\",\r\n        \"2016-11-01\",\r\n        \"2016-10-01\",\r\n        \"2016-09-01\",\r\n        \"2016-08-01\",\r\n        \"2016-07-01\",\r\n        \"2016-06-01\",\r\n        \"2016-03-30\",\r\n        \"2015-06-15\",\r\n        \"2015-05-01-preview\",\r\n        \"2014-12-01-preview\"\r\n      ],\r\n      \"capabilities\": \"CrossResourceGroupResourceMove, CrossSubscriptionResourceMove\"\r\n    },\r\n    {\r\n      \"resourceType\": \"networkSecurityGroups\",\r\n      \"locations\": [\r\n        \"West Europe\",\r\n        \"Central US\",\r\n        \"West US\",\r\n        \"East US\",\r\n        \"North Central US\",\r\n        \"South Central US\",\r\n        \"East US 2\",\r\n        \"North Europe\"\r\n      ],\r\n      \"apiVersions\": [\r\n        \"2018-12-01\",\r\n        \"2018-11-01\",\r\n        \"2018-10-01\",\r\n        \"2018-08-01\",\r\n        \"2018-07-01\",\r\n        \"2018-06-01\",\r\n        \"2018-05-01\",\r\n        \"2018-04-01\",\r\n        \"2018-03-01\",\r\n        \"2018-02-01\",\r\n        \"2018-01-01\",\r\n        \"2017-11-01\",\r\n        \"2017-10-01\",\r\n        \"2017-09-01\",\r\n        \"2017-08-01\",\r\n        \"2017-06-01\",\r\n        \"2017-04-01\",\r\n        \"2017-03-01\",\r\n        \"2016-12-01\",\r\n        \"2016-11-01\",\r\n        \"2016-10-01\",\r\n        \"2016-09-01\",\r\n        \"2016-08-01\",\r\n        \"2016-07-01\",\r\n        \"2016-06-01\",\r\n        \"2016-03-30\",\r\n        \"2015-06-15\",\r\n        \"2015-05-01-preview\",\r\n        \"2014-12-01-preview\"\r\n      ],\r\n      \"capabilities\": \"CrossResourceGroupResourceMove, CrossSubscriptionResourceMove\"\r\n    },\r\n    {\r\n      \"resourceType\": \"applicationSecurityGroups\",\r\n      \"locations\": [\r\n        \"West Europe\",\r\n        \"Central US\",\r\n        \"West US\",\r\n        \"East US\",\r\n        \"North Central US\",\r\n        \"South Central US\",\r\n        \"East US 2\",\r\n        \"North Europe\"\r\n      ],\r\n      \"apiVersions\": [\r\n        \"2018-12-01\",\r\n        \"2018-11-01\",\r\n        \"2018-10-01\",\r\n        \"2018-08-01\",\r\n        \"2018-07-01\",\r\n        \"2018-06-01\",\r\n        \"2018-05-01\",\r\n        \"2018-04-01\",\r\n        \"2018-03-01\",\r\n        \"2018-02-01\",\r\n        \"2018-01-01\",\r\n        \"2017-11-01\",\r\n        \"2017-10-01\",\r\n        \"2017-09-01\"\r\n      ],\r\n      \"capabilities\": \"CrossResourceGroupResourceMove, CrossSubscriptionResourceMove\"\r\n    },\r\n    {\r\n      \"resourceType\": \"networkIntentPolicies\",\r\n      \"locations\": [\r\n        \"West Europe\",\r\n        \"Central US\",\r\n        \"West US\",\r\n        \"East US\",\r\n        \"North Central US\",\r\n        \"South Central US\",\r\n        \"East US 2\",\r\n        \"North Europe\"\r\n      ],\r\n      \"apiVersions\": [\r\n        \"2018-12-01\",\r\n        \"2018-11-01\",\r\n        \"2018-10-01\",\r\n        \"2018-08-01\",\r\n        \"2018-07-01\",\r\n        \"2018-06-01\",\r\n        \"2018-05-01\",\r\n        \"2018-04-01\"\r\n      ],\r\n      \"capabilities\": \"CrossResourceGroupResourceMove, CrossSubscriptionResourceMove\"\r\n    },\r\n    {\r\n      \"resourceType\": \"routeTables\",\r\n      \"locations\": [\r\n        \"West Europe\",\r\n        \"Central US\",\r\n        \"West US\",\r\n        \"East US\",\r\n        \"North Central US\",\r\n        \"South Central US\",\r\n        \"East US 2\",\r\n        \"North Europe\"\r\n      ],\r\n      \"apiVersions\": [\r\n        \"2018-12-01\",\r\n        \"2018-11-01\",\r\n        \"2018-10-01\",\r\n        \"2018-08-01\",\r\n        \"2018-07-01\",\r\n        \"2018-06-01\",\r\n        \"2018-05-01\",\r\n        \"2018-04-01\",\r\n        \"2018-03-01\",\r\n        \"2018-02-01\",\r\n        \"2018-01-01\",\r\n        \"2017-11-01\",\r\n        \"2017-10-01\",\r\n        \"2017-09-01\",\r\n        \"2017-08-01\",\r\n        \"2017-06-01\",\r\n        \"2017-04-01\",\r\n        \"2017-03-01\",\r\n        \"2016-12-01\",\r\n        \"2016-11-01\",\r\n        \"2016-10-01\",\r\n        \"2016-09-01\",\r\n        \"2016-08-01\",\r\n        \"2016-07-01\",\r\n        \"2016-06-01\",\r\n        \"2016-03-30\",\r\n        \"2015-06-15\",\r\n        \"2015-05-01-preview\",\r\n        \"2014-12-01-preview\"\r\n      ],\r\n      \"capabilities\": \"CrossResourceGroupResourceMove, CrossSubscriptionResourceMove\"\r\n    },\r\n    {\r\n      \"resourceType\": \"publicIPPrefixes\",\r\n      \"locations\": [\r\n        \"West Europe\",\r\n        \"Central US\",\r\n        \"West US\",\r\n        \"East US\",\r\n        \"North Central US\",\r\n        \"South Central US\",\r\n        \"East US 2\",\r\n        \"North Europe\"\r\n      ],\r\n      \"apiVersions\": [\r\n        \"2018-12-01\",\r\n        \"2018-11-01\",\r\n        \"2018-10-01\",\r\n        \"2018-08-01\",\r\n        \"2018-07-01\"\r\n      ],\r\n      \"capabilities\": \"CrossResourceGroupResourceMove, CrossSubscriptionResourceMove\"\r\n    },\r\n    {\r\n      \"resourceType\": \"ddosCustomPolicies\",\r\n      \"locations\": [\r\n        \"West Europe\",\r\n        \"Central US\",\r\n        \"West US\",\r\n        \"East US\",\r\n        \"North Central US\",\r\n        \"South Central US\",\r\n        \"East US 2\",\r\n        \"North Europe\"\r\n      ],\r\n      \"apiVersions\": [\r\n        \"2018-12-01\",\r\n        \"2018-11-01\",\r\n        \"2018-10-01\"\r\n      ],\r\n      \"capabilities\": \"CrossResourceGroupResourceMove, CrossSubscriptionResourceMove\"\r\n    },\r\n    {\r\n      \"resourceType\": \"locations\",\r\n      \"locations\": [],\r\n      \"apiVersions\": [\r\n        \"2018-12-01\",\r\n        \"2018-11-01\",\r\n        \"2018-10-01\",\r\n        \"2018-08-01\",\r\n        \"2018-07-01\",\r\n        \"2018-06-01\",\r\n        \"2018-05-01\",\r\n        \"2018-04-01\",\r\n        \"2018-03-01\",\r\n        \"2018-02-01\",\r\n        \"2018-01-01\",\r\n        \"2017-11-01\",\r\n        \"2017-10-01\",\r\n        \"2017-09-01\",\r\n        \"2017-08-01\",\r\n        \"2017-06-01\",\r\n        \"2017-04-01\",\r\n        \"2017-03-01\",\r\n        \"2016-12-01\",\r\n        \"2016-11-01\",\r\n        \"2016-10-01\",\r\n        \"2016-09-01\",\r\n        \"2016-08-01\",\r\n        \"2016-07-01\",\r\n        \"2016-06-01\",\r\n        \"2016-03-30\",\r\n        \"2015-06-15\",\r\n        \"2015-05-01-preview\",\r\n        \"2014-12-01-preview\"\r\n      ]\r\n    },\r\n    {\r\n      \"resourceType\": \"locations/operations\",\r\n      \"locations\": [],\r\n      \"apiVersions\": [\r\n        \"2018-12-01\",\r\n        \"2018-11-01\",\r\n        \"2018-10-01\",\r\n        \"2018-08-01\",\r\n        \"2018-07-01\",\r\n        \"2018-06-01\",\r\n        \"2018-05-01\",\r\n        \"2018-04-01\",\r\n        \"2018-03-01\",\r\n        \"2018-02-01\",\r\n        \"2018-01-01\",\r\n        \"2017-11-01\",\r\n        \"2017-10-01\",\r\n        \"2017-09-01\",\r\n        \"2017-08-01\",\r\n        \"2017-06-01\",\r\n        \"2017-04-01\",\r\n        \"2017-03-01\",\r\n        \"2016-12-01\",\r\n        \"2016-11-01\",\r\n        \"2016-10-01\",\r\n        \"2016-09-01\",\r\n        \"2016-08-01\",\r\n        \"2016-07-01\",\r\n        \"2016-06-01\",\r\n        \"2016-03-30\",\r\n        \"2015-06-15\",\r\n        \"2015-05-01-preview\",\r\n        \"2014-12-01-preview\"\r\n      ]\r\n    },\r\n    {\r\n      \"resourceType\": \"locations/operationResults\",\r\n      \"locations\": [],\r\n      \"apiVersions\": [\r\n        \"2018-12-01\",\r\n        \"2018-11-01\",\r\n        \"2018-10-01\",\r\n        \"2018-08-01\",\r\n        \"2018-07-01\",\r\n        \"2018-06-01\",\r\n        \"2018-05-01\",\r\n        \"2018-04-01\",\r\n        \"2018-03-01\",\r\n        \"2018-02-01\",\r\n        \"2018-01-01\",\r\n        \"2017-11-01\",\r\n        \"2017-10-01\",\r\n        \"2017-09-01\",\r\n        \"2017-08-01\",\r\n        \"2017-06-01\",\r\n        \"2017-04-01\",\r\n        \"2017-03-01\",\r\n        \"2016-12-01\",\r\n        \"2016-11-01\",\r\n        \"2016-10-01\",\r\n        \"2016-09-01\",\r\n        \"2016-08-01\",\r\n        \"2016-07-01\",\r\n        \"2016-06-01\",\r\n        \"2016-03-30\",\r\n        \"2015-06-15\",\r\n        \"2015-05-01-preview\",\r\n        \"2014-12-01-preview\"\r\n      ]\r\n    },\r\n    {\r\n      \"resourceType\": \"locations/CheckDnsNameAvailability\",\r\n      \"locations\": [\r\n        \"West Europe\",\r\n        \"Central US\",\r\n        \"West US\",\r\n        \"East US\",\r\n        \"North Central US\",\r\n        \"South Central US\",\r\n        \"East US 2\",\r\n        \"North Europe\"\r\n      ],\r\n      \"apiVersions\": [\r\n        \"2018-12-01\",\r\n        \"2018-11-01\",\r\n        \"2018-10-01\",\r\n        \"2018-08-01\",\r\n        \"2018-07-01\",\r\n        \"2018-06-01\",\r\n        \"2018-05-01\",\r\n        \"2018-04-01\",\r\n        \"2018-03-01\",\r\n        \"2018-02-01\",\r\n        \"2018-01-01\",\r\n        \"2017-11-01\",\r\n        \"2017-10-01\",\r\n        \"2017-09-01\",\r\n        \"2017-08-01\",\r\n        \"2017-06-01\",\r\n        \"2017-04-01\",\r\n        \"2017-03-01\",\r\n        \"2016-12-01\",\r\n        \"2016-11-01\",\r\n        \"2016-10-01\",\r\n        \"2016-09-01\",\r\n        \"2016-08-01\",\r\n        \"2016-07-01\",\r\n        \"2016-06-01\",\r\n        \"2016-03-30\",\r\n        \"2015-06-15\",\r\n        \"2015-05-01-preview\",\r\n        \"2014-12-01-preview\"\r\n      ]\r\n    },\r\n    {\r\n      \"resourceType\": \"locations/usages\",\r\n      \"locations\": [\r\n        \"West Europe\",\r\n        \"Central US\",\r\n        \"West US\",\r\n        \"East US\",\r\n        \"North Central US\",\r\n        \"South Central US\",\r\n        \"East US 2\",\r\n        \"North Europe\"\r\n      ],\r\n      \"apiVersions\": [\r\n        \"2018-12-01\",\r\n        \"2018-11-01\",\r\n        \"2018-10-01\",\r\n        \"2018-08-01\",\r\n        \"2018-07-01\",\r\n        \"2018-06-01\",\r\n        \"2018-05-01\",\r\n        \"2018-04-01\",\r\n        \"2018-03-01\",\r\n        \"2018-02-01\",\r\n        \"2018-01-01\",\r\n        \"2017-11-01\",\r\n        \"2017-10-01\",\r\n        \"2017-09-01\",\r\n        \"2017-08-01\",\r\n        \"2017-06-01\",\r\n        \"2017-04-01\",\r\n        \"2017-03-01\",\r\n        \"2016-12-01\",\r\n        \"2016-11-01\",\r\n        \"2016-10-01\",\r\n        \"2016-09-01\",\r\n        \"2016-08-01\",\r\n        \"2016-07-01\",\r\n        \"2016-06-01\",\r\n        \"2016-03-30\",\r\n        \"2015-06-15\",\r\n        \"2015-05-01-preview\",\r\n        \"2014-12-01-preview\"\r\n      ]\r\n    },\r\n    {\r\n      \"resourceType\": \"locations/virtualNetworkAvailableEndpointServices\",\r\n      \"locations\": [\r\n        \"West Europe\",\r\n        \"Central US\",\r\n        \"West US\",\r\n        \"East US\",\r\n        \"North Central US\",\r\n        \"South Central US\",\r\n        \"East US 2\",\r\n        \"North Europe\"\r\n      ],\r\n      \"apiVersions\": [\r\n        \"2018-12-01\",\r\n        \"2018-11-01\",\r\n        \"2018-10-01\",\r\n        \"2018-08-01\",\r\n        \"2018-07-01\",\r\n        \"2018-06-01\",\r\n        \"2018-05-01\",\r\n        \"2018-04-01\",\r\n        \"2018-03-01\",\r\n        \"2018-02-01\",\r\n        \"2018-01-01\",\r\n        \"2017-11-01\",\r\n        \"2017-10-01\",\r\n        \"2017-09-01\",\r\n        \"2017-08-01\",\r\n        \"2017-06-01\",\r\n        \"2017-04-01\"\r\n      ]\r\n    },\r\n    {\r\n      \"resourceType\": \"locations/availableDelegations\",\r\n      \"locations\": [\r\n        \"West Europe\",\r\n        \"Central US\",\r\n        \"West US\",\r\n        \"East US\",\r\n        \"North Central US\",\r\n        \"South Central US\",\r\n        \"East US 2\",\r\n        \"North Europe\"\r\n      ],\r\n      \"apiVersions\": [\r\n        \"2018-12-01\",\r\n        \"2018-11-01\",\r\n        \"2018-10-01\",\r\n        \"2018-08-01\",\r\n        \"2018-07-01\",\r\n        \"2018-06-01\",\r\n        \"2018-05-01\",\r\n        \"2018-04-01\"\r\n      ]\r\n    },\r\n    {\r\n      \"resourceType\": \"locations/supportedVirtualMachineSizes\",\r\n      \"locations\": [\r\n        \"West Europe\",\r\n        \"Central US\",\r\n        \"West US\",\r\n        \"East US\",\r\n        \"North Central US\",\r\n        \"South Central US\",\r\n        \"East US 2\",\r\n        \"North Europe\"\r\n      ],\r\n      \"apiVersions\": [\r\n        \"2018-12-01\",\r\n        \"2018-11-01\",\r\n        \"2018-10-01\",\r\n        \"2018-08-01\",\r\n        \"2018-07-01\",\r\n        \"2018-06-01\",\r\n        \"2018-05-01\",\r\n        \"2018-04-01\"\r\n      ]\r\n    },\r\n    {\r\n      \"resourceType\": \"locations/checkAcceleratedNetworkingSupport\",\r\n      \"locations\": [\r\n        \"West Europe\",\r\n        \"Central US\",\r\n        \"West US\",\r\n        \"East US\",\r\n        \"North Central US\",\r\n        \"South Central US\",\r\n        \"East US 2\",\r\n        \"North Europe\"\r\n      ],\r\n      \"apiVersions\": [\r\n        \"2018-12-01\",\r\n        \"2018-11-01\",\r\n        \"2018-10-01\",\r\n        \"2018-08-01\",\r\n        \"2018-07-01\",\r\n        \"2018-06-01\",\r\n        \"2018-05-01\",\r\n        \"2018-04-01\"\r\n      ]\r\n    },\r\n    {\r\n      \"resourceType\": \"locations/validateResourceOwnership\",\r\n      \"locations\": [\r\n        \"West Europe\",\r\n        \"Central US\",\r\n        \"West US\",\r\n        \"East US\",\r\n        \"North Central US\",\r\n        \"South Central US\",\r\n        \"East US 2\",\r\n        \"North Europe\"\r\n      ],\r\n      \"apiVersions\": [\r\n        \"2018-12-01\",\r\n        \"2018-11-01\",\r\n        \"2018-10-01\",\r\n        \"2018-08-01\",\r\n        \"2018-07-01\",\r\n        \"2018-06-01\",\r\n        \"2018-05-01\",\r\n        \"2018-04-01\"\r\n      ]\r\n    },\r\n    {\r\n      \"resourceType\": \"locations/setResourceOwnership\",\r\n      \"locations\": [\r\n        \"West Europe\",\r\n        \"Central US\",\r\n        \"West US\",\r\n        \"East US\",\r\n        \"North Central US\",\r\n        \"South Central US\",\r\n        \"East US 2\",\r\n        \"North Europe\"\r\n      ],\r\n      \"apiVersions\": [\r\n        \"2018-12-01\",\r\n        \"2018-11-01\",\r\n        \"2018-10-01\",\r\n        \"2018-08-01\",\r\n        \"2018-07-01\",\r\n        \"2018-06-01\",\r\n        \"2018-05-01\",\r\n        \"2018-04-01\"\r\n      ]\r\n    },\r\n    {\r\n      \"resourceType\": \"locations/effectiveResourceOwnership\",\r\n      \"locations\": [\r\n        \"West Europe\",\r\n        \"Central US\",\r\n        \"West US\",\r\n        \"East US\",\r\n        \"North Central US\",\r\n        \"South Central US\",\r\n        \"East US 2\",\r\n        \"North Europe\"\r\n      ],\r\n      \"apiVersions\": [\r\n        \"2018-12-01\",\r\n        \"2018-11-01\",\r\n        \"2018-10-01\",\r\n        \"2018-08-01\",\r\n        \"2018-07-01\",\r\n        \"2018-06-01\",\r\n        \"2018-05-01\",\r\n        \"2018-04-01\"\r\n      ]\r\n    },\r\n    {\r\n      \"resourceType\": \"operations\",\r\n      \"locations\": [],\r\n      \"apiVersions\": [\r\n        \"2018-12-01\",\r\n        \"2018-11-01\",\r\n        \"2018-10-01\",\r\n        \"2018-08-01\",\r\n        \"2018-07-01\",\r\n        \"2018-06-01\",\r\n        \"2018-05-01\",\r\n        \"2018-04-01\",\r\n        \"2018-03-01\",\r\n        \"2018-02-01\",\r\n        \"2018-01-01\",\r\n        \"2017-11-01\",\r\n        \"2017-10-01\",\r\n        \"2017-09-01\",\r\n        \"2017-08-01\",\r\n        \"2017-06-01\",\r\n        \"2017-04-01\",\r\n        \"2017-03-01\",\r\n        \"2016-12-01\",\r\n        \"2016-11-01\",\r\n        \"2016-10-01\",\r\n        \"2016-09-01\",\r\n        \"2016-08-01\",\r\n        \"2016-07-01\",\r\n        \"2016-06-01\",\r\n        \"2016-03-30\",\r\n        \"2015-06-15\",\r\n        \"2015-05-01-preview\",\r\n        \"2014-12-01-preview\"\r\n      ]\r\n    },\r\n    {\r\n      \"resourceType\": \"checkTrafficManagerNameAvailability\",\r\n      \"locations\": [\r\n        \"global\"\r\n      ],\r\n      \"apiVersions\": [\r\n        \"2018-08-01\",\r\n        \"2018-04-01\",\r\n        \"2018-03-01\",\r\n        \"2018-02-01\",\r\n        \"2017-05-01\",\r\n        \"2017-03-01\",\r\n        \"2015-11-01\",\r\n        \"2015-04-28-preview\"\r\n      ]\r\n    },\r\n    {\r\n      \"resourceType\": \"trafficManagerGeographicHierarchies\",\r\n      \"locations\": [\r\n        \"global\"\r\n      ],\r\n      \"apiVersions\": [\r\n        \"2018-08-01\",\r\n        \"2018-04-01\",\r\n        \"2018-03-01\",\r\n        \"2018-02-01\",\r\n        \"2017-05-01\",\r\n        \"2017-03-01\"\r\n      ]\r\n    },\r\n    {\r\n      \"resourceType\": \"networkWatchers\",\r\n      \"locations\": [\r\n        \"West Europe\",\r\n        \"Central US\",\r\n        \"West US\",\r\n        \"East US\",\r\n        \"North Central US\",\r\n        \"South Central US\",\r\n        \"East US 2\",\r\n        \"North Europe\"\r\n      ],\r\n      \"apiVersions\": [\r\n        \"2018-12-01\",\r\n        \"2018-11-01\",\r\n        \"2018-10-01\",\r\n        \"2018-08-01\",\r\n        \"2018-07-01\",\r\n        \"2018-06-01\",\r\n        \"2018-05-01\",\r\n        \"2018-04-01\",\r\n        \"2018-03-01\",\r\n        \"2018-02-01\",\r\n        \"2018-01-01\",\r\n        \"2017-11-01\",\r\n        \"2017-10-01\",\r\n        \"2017-09-01\",\r\n        \"2017-08-01\",\r\n        \"2017-06-01\",\r\n        \"2017-04-01\",\r\n        \"2017-03-01\",\r\n        \"2016-12-01\",\r\n        \"2016-11-01\",\r\n        \"2016-10-01\",\r\n        \"2016-09-01\",\r\n        \"2016-08-01\",\r\n        \"2016-07-01\",\r\n        \"2016-06-01\",\r\n        \"2016-03-30\"\r\n      ],\r\n      \"capabilities\": \"CrossResourceGroupResourceMove, CrossSubscriptionResourceMove\"\r\n    },\r\n    {\r\n      \"resourceType\": \"virtualNetworkGateways\",\r\n      \"locations\": [\r\n        \"West Europe\",\r\n        \"Central US\",\r\n        \"West US\",\r\n        \"East US\",\r\n        \"North Central US\",\r\n        \"South Central US\",\r\n        \"East US 2\",\r\n        \"North Europe\"\r\n      ],\r\n      \"apiVersions\": [\r\n        \"2018-12-01\",\r\n        \"2018-11-01\",\r\n        \"2018-10-01\",\r\n        \"2018-08-01\",\r\n        \"2018-07-01\",\r\n        \"2018-06-01\",\r\n        \"2018-05-01\",\r\n        \"2018-04-01\",\r\n        \"2018-03-01\",\r\n        \"2018-02-01\",\r\n        \"2018-01-01\",\r\n        \"2017-11-01\",\r\n        \"2017-10-01\",\r\n        \"2017-09-01\",\r\n        \"2017-08-01\",\r\n        \"2017-06-01\",\r\n        \"2017-04-01\",\r\n        \"2017-03-01\",\r\n        \"2016-12-01\",\r\n        \"2016-11-01\",\r\n        \"2016-10-01\",\r\n        \"2016-09-01\",\r\n        \"2016-08-01\",\r\n        \"2016-07-01\",\r\n        \"2016-06-01\",\r\n        \"2016-03-30\",\r\n        \"2015-06-15\",\r\n        \"2015-05-01-preview\",\r\n        \"2014-12-01-preview\"\r\n      ],\r\n      \"capabilities\": \"CrossResourceGroupResourceMove, CrossSubscriptionResourceMove\"\r\n    },\r\n    {\r\n      \"resourceType\": \"localNetworkGateways\",\r\n      \"locations\": [\r\n        \"West Europe\",\r\n        \"Central US\",\r\n        \"West US\",\r\n        \"East US\",\r\n        \"North Central US\",\r\n        \"South Central US\",\r\n        \"East US 2\",\r\n        \"North Europe\"\r\n      ],\r\n      \"apiVersions\": [\r\n        \"2018-12-01\",\r\n        \"2018-11-01\",\r\n        \"2018-10-01\",\r\n        \"2018-08-01\",\r\n        \"2018-07-01\",\r\n        \"2018-06-01\",\r\n        \"2018-05-01\",\r\n        \"2018-04-01\",\r\n        \"2018-03-01\",\r\n        \"2018-02-01\",\r\n        \"2018-01-01\",\r\n        \"2017-11-01\",\r\n        \"2017-10-01\",\r\n        \"2017-09-01\",\r\n        \"2017-08-01\",\r\n        \"2017-06-01\",\r\n        \"2017-04-01\",\r\n        \"2017-03-01\",\r\n        \"2016-12-01\",\r\n        \"2016-11-01\",\r\n        \"2016-10-01\",\r\n        \"2016-09-01\",\r\n        \"2016-08-01\",\r\n        \"2016-07-01\",\r\n        \"2016-06-01\",\r\n        \"2016-03-30\",\r\n        \"2015-06-15\",\r\n        \"2015-05-01-preview\",\r\n        \"2014-12-01-preview\"\r\n      ],\r\n      \"capabilities\": \"CrossResourceGroupResourceMove, CrossSubscriptionResourceMove\"\r\n    },\r\n    {\r\n      \"resourceType\": \"connections\",\r\n      \"locations\": [\r\n        \"West Europe\",\r\n        \"Central US\",\r\n        \"West US\",\r\n        \"East US\",\r\n        \"North Central US\",\r\n        \"South Central US\",\r\n        \"East US 2\",\r\n        \"North Europe\"\r\n      ],\r\n      \"apiVersions\": [\r\n        \"2018-12-01\",\r\n        \"2018-11-01\",\r\n        \"2018-10-01\",\r\n        \"2018-08-01\",\r\n        \"2018-07-01\",\r\n        \"2018-06-01\",\r\n        \"2018-05-01\",\r\n        \"2018-04-01\",\r\n        \"2018-03-01\",\r\n        \"2018-02-01\",\r\n        \"2018-01-01\",\r\n        \"2017-11-01\",\r\n        \"2017-10-01\",\r\n        \"2017-09-01\",\r\n        \"2017-08-01\",\r\n        \"2017-06-01\",\r\n        \"2017-04-01\",\r\n        \"2017-03-01\",\r\n        \"2016-12-01\",\r\n        \"2016-11-01\",\r\n        \"2016-10-01\",\r\n        \"2016-09-01\",\r\n        \"2016-08-01\",\r\n        \"2016-07-01\",\r\n        \"2016-06-01\",\r\n        \"2016-03-30\",\r\n        \"2015-06-15\",\r\n        \"2015-05-01-preview\",\r\n        \"2014-12-01-preview\"\r\n      ],\r\n      \"capabilities\": \"CrossResourceGroupResourceMove, CrossSubscriptionResourceMove\"\r\n    },\r\n    {\r\n      \"resourceType\": \"applicationGateways\",\r\n      \"locations\": [\r\n        \"West Europe\",\r\n        \"Central US\",\r\n        \"West US\",\r\n        \"East US\",\r\n        \"North Central US\",\r\n        \"South Central US\",\r\n        \"East US 2\",\r\n        \"North Europe\"\r\n      ],\r\n      \"apiVersions\": [\r\n        \"2018-10-01\",\r\n        \"2018-04-01\",\r\n        \"2018-03-01\",\r\n        \"2018-02-01\",\r\n        \"2018-01-01\",\r\n        \"2017-11-01\",\r\n        \"2017-10-01\",\r\n        \"2017-09-01\",\r\n        \"2017-08-01\",\r\n        \"2017-06-01\",\r\n        \"2017-04-01\",\r\n        \"2017-03-01\",\r\n        \"2016-12-01\",\r\n        \"2016-11-01\",\r\n        \"2016-10-01\",\r\n        \"2016-09-01\",\r\n        \"2016-08-01\",\r\n        \"2016-07-01\",\r\n        \"2016-06-01\",\r\n        \"2016-03-30\",\r\n        \"2015-06-15\",\r\n        \"2015-05-01-preview\",\r\n        \"2014-12-01-preview\"\r\n      ],\r\n      \"capabilities\": \"None\"\r\n    },\r\n    {\r\n      \"resourceType\": \"expressRouteCircuits\",\r\n      \"locations\": [\r\n        \"West Europe\",\r\n        \"Central US\",\r\n        \"West US\",\r\n        \"East US\",\r\n        \"North Central US\",\r\n        \"South Central US\",\r\n        \"East US 2\",\r\n        \"North Europe\"\r\n      ],\r\n      \"apiVersions\": [\r\n        \"2018-10-01\",\r\n        \"2018-04-01\",\r\n        \"2018-03-01\",\r\n        \"2018-02-01\",\r\n        \"2018-01-01\",\r\n        \"2017-11-01\",\r\n        \"2017-10-01\",\r\n        \"2017-09-01\",\r\n        \"2017-08-01\",\r\n        \"2017-06-01\",\r\n        \"2017-04-01\",\r\n        \"2017-03-01\",\r\n        \"2016-12-01\",\r\n        \"2016-11-01\",\r\n        \"2016-10-01\",\r\n        \"2016-09-01\",\r\n        \"2016-08-01\",\r\n        \"2016-07-01\",\r\n        \"2016-06-01\",\r\n        \"2016-03-30\",\r\n        \"2015-06-15\",\r\n        \"2015-05-01-preview\",\r\n        \"2014-12-01-preview\"\r\n      ],\r\n      \"capabilities\": \"None\"\r\n    },\r\n    {\r\n      \"resourceType\": \"expressRouteCrossConnections\",\r\n      \"locations\": [\r\n        \"West Europe\",\r\n        \"Central US\",\r\n        \"West US\",\r\n        \"East US\",\r\n        \"North Central US\",\r\n        \"South Central US\",\r\n        \"East US 2\",\r\n        \"North Europe\"\r\n      ],\r\n      \"apiVersions\": [\r\n        \"2018-10-01\",\r\n        \"2018-02-01\"\r\n      ],\r\n      \"capabilities\": \"None\"\r\n    },\r\n    {\r\n      \"resourceType\": \"expressRouteServiceProviders\",\r\n      \"locations\": [],\r\n      \"apiVersions\": [\r\n        \"2018-12-01\",\r\n        \"2018-11-01\",\r\n        \"2018-10-01\",\r\n        \"2018-08-01\",\r\n        \"2018-07-01\",\r\n        \"2018-06-01\",\r\n        \"2018-05-01\",\r\n        \"2018-04-01\",\r\n        \"2018-03-01\",\r\n        \"2018-02-01\",\r\n        \"2018-01-01\",\r\n        \"2017-11-01\",\r\n        \"2017-10-01\",\r\n        \"2017-09-01\",\r\n        \"2017-08-01\",\r\n        \"2017-06-01\",\r\n        \"2017-04-01\",\r\n        \"2017-03-01\",\r\n        \"2016-12-01\",\r\n        \"2016-11-01\",\r\n        \"2016-10-01\",\r\n        \"2016-09-01\",\r\n        \"2016-08-01\",\r\n        \"2016-07-01\",\r\n        \"2016-06-01\",\r\n        \"2016-03-30\",\r\n        \"2015-06-15\",\r\n        \"2015-05-01-preview\",\r\n        \"2014-12-01-preview\"\r\n      ]\r\n    },\r\n    {\r\n      \"resourceType\": \"applicationGatewayAvailableWafRuleSets\",\r\n      \"locations\": [],\r\n      \"apiVersions\": [\r\n        \"2018-12-01\",\r\n        \"2018-11-01\",\r\n        \"2018-10-01\",\r\n        \"2018-08-01\",\r\n        \"2018-07-01\",\r\n        \"2018-06-01\",\r\n        \"2018-05-01\",\r\n        \"2018-04-01\",\r\n        \"2018-03-01\",\r\n        \"2018-02-01\",\r\n        \"2018-01-01\",\r\n        \"2017-11-01\",\r\n        \"2017-10-01\",\r\n        \"2017-09-01\",\r\n        \"2017-08-01\",\r\n        \"2017-06-01\",\r\n        \"2017-04-01\",\r\n        \"2017-03-01\"\r\n      ]\r\n    },\r\n    {\r\n      \"resourceType\": \"applicationGatewayAvailableSslOptions\",\r\n      \"locations\": [],\r\n      \"apiVersions\": [\r\n        \"2018-12-01\",\r\n        \"2018-11-01\",\r\n        \"2018-10-01\",\r\n        \"2018-08-01\",\r\n        \"2018-07-01\",\r\n        \"2018-06-01\",\r\n        \"2018-05-01\",\r\n        \"2018-04-01\",\r\n        \"2018-03-01\",\r\n        \"2018-02-01\",\r\n        \"2018-01-01\",\r\n        \"2017-11-01\",\r\n        \"2017-10-01\",\r\n        \"2017-09-01\",\r\n        \"2017-08-01\",\r\n        \"2017-06-01\"\r\n      ]\r\n    },\r\n    {\r\n      \"resourceType\": \"bgpServiceCommunities\",\r\n      \"locations\": [],\r\n      \"apiVersions\": [\r\n        \"2018-12-01\",\r\n        \"2018-11-01\",\r\n        \"2018-10-01\",\r\n        \"2018-08-01\",\r\n        \"2018-07-01\",\r\n        \"2018-06-01\",\r\n        \"2018-05-01\",\r\n        \"2018-04-01\",\r\n        \"2018-03-01\",\r\n        \"2018-02-01\",\r\n        \"2018-01-01\",\r\n        \"2017-11-01\",\r\n        \"2017-10-01\",\r\n        \"2017-09-01\",\r\n        \"2017-08-01\",\r\n        \"2017-06-01\",\r\n        \"2017-04-01\",\r\n        \"2016-12-01\"\r\n      ]\r\n    },\r\n    {\r\n      \"resourceType\": \"routeFilters\",\r\n      \"locations\": [\r\n        \"West Europe\",\r\n        \"Central US\",\r\n        \"West US\",\r\n        \"East US\",\r\n        \"North Central US\",\r\n        \"South Central US\",\r\n        \"East US 2\",\r\n        \"North Europe\"\r\n      ],\r\n      \"apiVersions\": [\r\n        \"2018-12-01\",\r\n        \"2018-11-01\",\r\n        \"2018-10-01\",\r\n        \"2018-08-01\",\r\n        \"2018-07-01\",\r\n        \"2018-06-01\",\r\n        \"2018-05-01\",\r\n        \"2018-04-01\",\r\n        \"2018-03-01\",\r\n        \"2018-02-01\",\r\n        \"2018-01-01\",\r\n        \"2017-11-01\",\r\n        \"2017-10-01\",\r\n        \"2017-09-01\",\r\n        \"2017-08-01\",\r\n        \"2017-06-01\",\r\n        \"2017-04-01\",\r\n        \"2017-03-01\",\r\n        \"2016-12-01\"\r\n      ],\r\n      \"capabilities\": \"None\"\r\n    },\r\n    {\r\n      \"resourceType\": \"virtualWans\",\r\n      \"locations\": [\r\n        \"West Europe\",\r\n        \"Central US\",\r\n        \"West US\",\r\n        \"East US\",\r\n        \"North Central US\",\r\n        \"South Central US\",\r\n        \"East US 2\",\r\n        \"North Europe\"\r\n      ],\r\n      \"apiVersions\": [\r\n        \"2018-10-01\",\r\n        \"2018-04-01\",\r\n        \"2018-03-01\",\r\n        \"2018-02-01\",\r\n        \"2018-01-01\",\r\n        \"2017-11-01\",\r\n        \"2017-10-01\",\r\n        \"2017-09-01\"\r\n      ],\r\n      \"capabilities\": \"CrossResourceGroupResourceMove, CrossSubscriptionResourceMove\"\r\n    },\r\n    {\r\n      \"resourceType\": \"vpnSites\",\r\n      \"locations\": [\r\n        \"West Europe\",\r\n        \"Central US\",\r\n        \"West US\",\r\n        \"East US\",\r\n        \"North Central US\",\r\n        \"South Central US\",\r\n        \"East US 2\",\r\n        \"North Europe\"\r\n      ],\r\n      \"apiVersions\": [\r\n        \"2018-10-01\",\r\n        \"2018-04-01\",\r\n        \"2018-03-01\",\r\n        \"2018-02-01\",\r\n        \"2018-01-01\",\r\n        \"2017-11-01\",\r\n        \"2017-10-01\",\r\n        \"2017-09-01\"\r\n      ],\r\n      \"capabilities\": \"CrossResourceGroupResourceMove, CrossSubscriptionResourceMove\"\r\n    },\r\n    {\r\n      \"resourceType\": \"virtualHubs\",\r\n      \"locations\": [\r\n        \"West Europe\",\r\n        \"Central US\",\r\n        \"West US\",\r\n        \"East US\",\r\n        \"North Central US\",\r\n        \"South Central US\",\r\n        \"East US 2\",\r\n        \"North Europe\"\r\n      ],\r\n      \"apiVersions\": [\r\n        \"2018-10-01\",\r\n        \"2018-04-01\",\r\n        \"2018-03-01\",\r\n        \"2018-02-01\",\r\n        \"2018-01-01\",\r\n        \"2017-11-01\",\r\n        \"2017-10-01\",\r\n        \"2017-09-01\"\r\n      ],\r\n      \"capabilities\": \"CrossResourceGroupResourceMove, CrossSubscriptionResourceMove\"\r\n    },\r\n    {\r\n      \"resourceType\": \"vpnGateways\",\r\n      \"locations\": [\r\n        \"West Europe\",\r\n        \"Central US\",\r\n        \"West US\",\r\n        \"East US\",\r\n        \"North Central US\",\r\n        \"South Central US\",\r\n        \"East US 2\",\r\n        \"North Europe\"\r\n      ],\r\n      \"apiVersions\": [\r\n        \"2018-10-01\",\r\n        \"2018-04-01\",\r\n        \"2018-03-01\",\r\n        \"2018-02-01\",\r\n        \"2018-01-01\",\r\n        \"2017-11-01\",\r\n        \"2017-10-01\",\r\n        \"2017-09-01\"\r\n      ],\r\n      \"capabilities\": \"CrossResourceGroupResourceMove, CrossSubscriptionResourceMove\"\r\n    },\r\n    {\r\n      \"resourceType\": \"expressRouteGateways\",\r\n      \"locations\": [\r\n        \"West Europe\",\r\n        \"Central US\",\r\n        \"West US\",\r\n        \"East US\",\r\n        \"North Central US\",\r\n        \"South Central US\",\r\n        \"East US 2\",\r\n        \"North Europe\"\r\n      ],\r\n      \"apiVersions\": [\r\n        \"2018-12-01\",\r\n        \"2018-11-01\",\r\n        \"2018-10-01\",\r\n        \"2018-08-01\"\r\n      ],\r\n      \"capabilities\": \"None\"\r\n    },\r\n    {\r\n      \"resourceType\": \"p2sVpnGateways\",\r\n      \"locations\": [\r\n        \"West Europe\",\r\n        \"Central US\",\r\n        \"West US\",\r\n        \"East US\",\r\n        \"North Central US\",\r\n        \"South Central US\",\r\n        \"East US 2\",\r\n        \"North Europe\"\r\n      ],\r\n      \"apiVersions\": [\r\n        \"2018-12-01\",\r\n        \"2018-11-01\",\r\n        \"2018-10-01\",\r\n        \"2018-08-01\"\r\n      ],\r\n      \"capabilities\": \"None\"\r\n    },\r\n    {\r\n      \"resourceType\": \"secureGateways\",\r\n      \"locations\": [\r\n        \"West Europe\",\r\n        \"Central US\",\r\n        \"West US\",\r\n        \"East US\",\r\n        \"North Central US\",\r\n        \"South Central US\",\r\n        \"East US 2\",\r\n        \"North Europe\"\r\n      ],\r\n      \"apiVersions\": [\r\n        \"2018-12-01\",\r\n        \"2018-11-01\",\r\n        \"2018-10-01\",\r\n        \"2018-08-01\",\r\n        \"2018-07-01\",\r\n        \"2018-06-01\",\r\n        \"2018-05-01\",\r\n        \"2018-04-01\",\r\n        \"2018-03-01\",\r\n        \"2018-02-01\",\r\n        \"2018-01-01\",\r\n        \"2017-11-01\"\r\n      ],\r\n      \"capabilities\": \"CrossResourceGroupResourceMove, CrossSubscriptionResourceMove\"\r\n    },\r\n    {\r\n      \"resourceType\": \"azureFirewalls\",\r\n      \"locations\": [\r\n        \"West Europe\",\r\n        \"Central US\",\r\n        \"West US\",\r\n        \"East US\",\r\n        \"North Central US\",\r\n        \"South Central US\",\r\n        \"East US 2\",\r\n        \"North Europe\"\r\n      ],\r\n      \"apiVersions\": [\r\n        \"2018-12-01\",\r\n        \"2018-11-01\",\r\n        \"2018-10-01\",\r\n        \"2018-08-01\",\r\n        \"2018-07-01\",\r\n        \"2018-06-01\",\r\n        \"2018-05-01\",\r\n        \"2018-04-01\"\r\n      ],\r\n      \"capabilities\": \"CrossResourceGroupResourceMove, CrossSubscriptionResourceMove\"\r\n    },\r\n    {\r\n      \"resourceType\": \"azureFirewallFqdnTags\",\r\n      \"locations\": [],\r\n      \"apiVersions\": [\r\n        \"2018-12-01\",\r\n        \"2018-11-01\",\r\n        \"2018-10-01\",\r\n        \"2018-08-01\"\r\n      ]\r\n    },\r\n    {\r\n      \"resourceType\": \"virtualNetworkTaps\",\r\n      \"locations\": [\r\n        \"West Europe\",\r\n        \"Central US\",\r\n        \"West US\",\r\n        \"East US\",\r\n        \"North Central US\",\r\n        \"South Central US\",\r\n        \"East US 2\",\r\n        \"North Europe\"\r\n      ],\r\n      \"apiVersions\": [\r\n        \"2018-12-01\",\r\n        \"2018-11-01\",\r\n        \"2018-10-01\",\r\n        \"2018-08-01\"\r\n      ],\r\n      \"capabilities\": \"None\"\r\n    },\r\n    {\r\n      \"resourceType\": \"ddosProtectionPlans\",\r\n      \"locations\": [\r\n        \"West Europe\",\r\n        \"Central US\",\r\n        \"West US\",\r\n        \"East US\",\r\n        \"North Central US\",\r\n        \"South Central US\",\r\n        \"East US 2\",\r\n        \"North Europe\"\r\n      ],\r\n      \"apiVersions\": [\r\n        \"2018-12-01\",\r\n        \"2018-11-01\",\r\n        \"2018-10-01\",\r\n        \"2018-08-01\",\r\n        \"2018-07-01\",\r\n        \"2018-06-01\",\r\n        \"2018-05-01\",\r\n        \"2018-04-01\",\r\n        \"2018-03-01\",\r\n        \"2018-02-01\"\r\n      ],\r\n      \"capabilities\": \"None\"\r\n    },\r\n    {\r\n      \"resourceType\": \"checkFrontdoorNameAvailability\",\r\n      \"locations\": [\r\n        \"global\",\r\n        \"Central US\",\r\n        \"East US\",\r\n        \"East US 2\",\r\n        \"North Central US\",\r\n        \"South Central US\",\r\n        \"West US\",\r\n        \"North Europe\",\r\n        \"West Europe\",\r\n        \"East Asia\",\r\n        \"Southeast Asia\",\r\n        \"Japan East\",\r\n        \"Japan West\",\r\n        \"Brazil South\",\r\n        \"Australia East\",\r\n        \"Australia Southeast\"\r\n      ],\r\n      \"apiVersions\": [\r\n        \"2018-08-01\"\r\n      ]\r\n    },\r\n    {\r\n      \"resourceType\": \"frontdoors\",\r\n      \"locations\": [\r\n        \"global\",\r\n        \"Central US\",\r\n        \"East US\",\r\n        \"East US 2\",\r\n        \"North Central US\",\r\n        \"South Central US\",\r\n        \"West US\",\r\n        \"North Europe\",\r\n        \"West Europe\",\r\n        \"East Asia\",\r\n        \"Southeast Asia\",\r\n        \"Japan East\",\r\n        \"Japan West\",\r\n        \"Brazil South\",\r\n        \"Australia East\",\r\n        \"Australia Southeast\"\r\n      ],\r\n      \"apiVersions\": [\r\n        \"2018-08-01\"\r\n      ],\r\n      \"capabilities\": \"CrossResourceGroupResourceMove, CrossSubscriptionResourceMove\"\r\n    },\r\n    {\r\n      \"resourceType\": \"networkProfiles\",\r\n      \"locations\": [\r\n        \"West Europe\",\r\n        \"Central US\",\r\n        \"West US\",\r\n        \"East US\",\r\n        \"North Central US\",\r\n        \"South Central US\",\r\n        \"East US 2\",\r\n        \"North Europe\"\r\n      ],\r\n      \"apiVersions\": [\r\n        \"2018-12-01\",\r\n        \"2018-11-01\",\r\n        \"2018-10-01\",\r\n        \"2018-08-01\",\r\n        \"2018-07-01\",\r\n        \"2018-06-01\",\r\n        \"2018-05-01\"\r\n      ],\r\n      \"capabilities\": \"None\"\r\n    },\r\n    {\r\n      \"resourceType\": \"locations/bareMetalTenants\",\r\n      \"locations\": [\r\n        \"West Europe\",\r\n        \"Central US\",\r\n        \"West US\",\r\n        \"East US\",\r\n        \"North Central US\",\r\n        \"South Central US\",\r\n        \"East US 2\",\r\n        \"North Europe\"\r\n      ],\r\n      \"apiVersions\": [\r\n        \"2018-12-01\",\r\n        \"2018-11-01\",\r\n        \"2018-10-01\",\r\n        \"2018-08-01\",\r\n        \"2018-07-01\"\r\n      ]\r\n    },\r\n    {\r\n      \"resourceType\": \"frontDoorWebApplicationFirewallPolicies\",\r\n      \"locations\": [\r\n        \"global\",\r\n        \"Central US\",\r\n        \"East US\",\r\n        \"East US 2\",\r\n        \"North Central US\",\r\n        \"South Central US\",\r\n        \"West US\",\r\n        \"North Europe\",\r\n        \"West Europe\",\r\n        \"East Asia\",\r\n        \"Southeast Asia\",\r\n        \"Japan East\",\r\n        \"Japan West\",\r\n        \"Brazil South\",\r\n        \"Australia East\",\r\n        \"Australia Southeast\"\r\n      ],\r\n      \"apiVersions\": [\r\n        \"2019-03-01\",\r\n        \"2018-08-01\"\r\n      ],\r\n      \"capabilities\": \"CrossResourceGroupResourceMove, CrossSubscriptionResourceMove\"\r\n    },\r\n    {\r\n      \"resourceType\": \"FrontDoorWebApplicationFirewallManagedRuleSets\",\r\n      \"locations\": [\r\n        \"global\",\r\n        \"Central US\",\r\n        \"East US\",\r\n        \"East US 2\",\r\n        \"North Central US\",\r\n        \"South Central US\",\r\n        \"West US\",\r\n        \"North Europe\",\r\n        \"West Europe\",\r\n        \"East Asia\",\r\n        \"Southeast Asia\",\r\n        \"Japan East\",\r\n        \"Japan West\",\r\n        \"Brazil South\",\r\n        \"Australia East\",\r\n        \"Australia Southeast\"\r\n      ],\r\n      \"apiVersions\": [\r\n        \"2019-03-01\"\r\n      ]\r\n    }\r\n  ],\r\n  \"registrationState\": \"Registering\"\r\n}",
      "StatusCode": 200
    },
    {
      "RequestUri": "/subscriptions/0e5a46b1-de0b-4ec3-a5d7-dda908b4e076/resourceGroups/ps7790/providers/Microsoft.Network/virtualNetworks/ps3526?api-version=2018-12-01",
      "EncodedRequestUri": "L3N1YnNjcmlwdGlvbnMvMGU1YTQ2YjEtZGUwYi00ZWMzLWE1ZDctZGRhOTA4YjRlMDc2L3Jlc291cmNlR3JvdXBzL3BzNzc5MC9wcm92aWRlcnMvTWljcm9zb2Z0Lk5ldHdvcmsvdmlydHVhbE5ldHdvcmtzL3BzMzUyNj9hcGktdmVyc2lvbj0yMDE4LTEyLTAx",
      "RequestMethod": "GET",
      "RequestBody": "",
      "RequestHeaders": {
        "x-ms-client-request-id": [
          "af889d99-c66a-45a5-a61f-bd85ff290d8e"
        ],
        "Accept-Language": [
          "en-US"
        ],
        "User-Agent": [
          "FxVersion/4.6.27019.06",
          "OSName/Windows",
          "OSVersion/Microsoft.Windows.10.0.17763.",
          "Microsoft.Azure.Management.Network.NetworkManagementClient/19.9.0.0"
        ]
      },
      "ResponseHeaders": {
        "Cache-Control": [
          "no-cache"
        ],
        "Pragma": [
          "no-cache"
        ],
        "x-ms-failure-cause": [
          "gateway"
        ],
        "x-ms-request-id": [
          "e38272f4-5b12-4d5d-a052-0f97f3087117"
        ],
        "x-ms-correlation-request-id": [
          "e38272f4-5b12-4d5d-a052-0f97f3087117"
        ],
        "x-ms-routing-request-id": [
          "NORTHEUROPE:20190308T225019Z:e38272f4-5b12-4d5d-a052-0f97f3087117"
        ],
        "Strict-Transport-Security": [
          "max-age=31536000; includeSubDomains"
        ],
        "X-Content-Type-Options": [
          "nosniff"
        ],
        "Date": [
          "Fri, 08 Mar 2019 22:50:19 GMT"
        ],
        "Content-Type": [
          "application/json; charset=utf-8"
        ],
        "Expires": [
          "-1"
        ],
        "Content-Length": [
          "150"
        ]
      },
      "ResponseBody": "{\r\n  \"error\": {\r\n    \"code\": \"ResourceNotFound\",\r\n    \"message\": \"The Resource 'Microsoft.Network/virtualNetworks/ps3526' under resource group 'ps7790' was not found.\"\r\n  }\r\n}",
      "StatusCode": 404
    },
    {
      "RequestUri": "/subscriptions/0e5a46b1-de0b-4ec3-a5d7-dda908b4e076/resourceGroups/ps7790/providers/Microsoft.Network/virtualNetworks/ps3526?api-version=2018-12-01",
      "EncodedRequestUri": "L3N1YnNjcmlwdGlvbnMvMGU1YTQ2YjEtZGUwYi00ZWMzLWE1ZDctZGRhOTA4YjRlMDc2L3Jlc291cmNlR3JvdXBzL3BzNzc5MC9wcm92aWRlcnMvTWljcm9zb2Z0Lk5ldHdvcmsvdmlydHVhbE5ldHdvcmtzL3BzMzUyNj9hcGktdmVyc2lvbj0yMDE4LTEyLTAx",
      "RequestMethod": "GET",
      "RequestBody": "",
      "RequestHeaders": {
        "User-Agent": [
          "FxVersion/4.6.27019.06",
          "OSName/Windows",
          "OSVersion/Microsoft.Windows.10.0.17763.",
          "Microsoft.Azure.Management.Network.NetworkManagementClient/19.9.0.0"
        ]
      },
      "ResponseHeaders": {
        "Cache-Control": [
          "no-cache"
        ],
        "Pragma": [
          "no-cache"
        ],
        "ETag": [
          "W/\"e40c83c1-c165-416f-8590-594b18e19f2c\""
        ],
        "x-ms-request-id": [
          "577b8977-9282-44c9-9115-b66f2cd0c24b"
        ],
        "x-ms-correlation-request-id": [
          "81012324-a5c1-4eb1-b476-61042041d6a5"
        ],
        "Strict-Transport-Security": [
          "max-age=31536000; includeSubDomains"
        ],
        "Server": [
          "Microsoft-HTTPAPI/2.0",
          "Microsoft-HTTPAPI/2.0"
        ],
        "x-ms-ratelimit-remaining-subscription-reads": [
          "14945"
        ],
        "x-ms-routing-request-id": [
          "NORTHEUROPE:20190308T225024Z:81012324-a5c1-4eb1-b476-61042041d6a5"
        ],
        "X-Content-Type-Options": [
          "nosniff"
        ],
        "Date": [
          "Fri, 08 Mar 2019 22:50:24 GMT"
        ],
        "Content-Length": [
          "630"
        ],
        "Content-Type": [
          "application/json; charset=utf-8"
        ],
        "Expires": [
          "-1"
        ]
      },
      "ResponseBody": "{\r\n  \"name\": \"ps3526\",\r\n  \"id\": \"/subscriptions/0e5a46b1-de0b-4ec3-a5d7-dda908b4e076/resourceGroups/ps7790/providers/Microsoft.Network/virtualNetworks/ps3526\",\r\n  \"etag\": \"W/\\\"e40c83c1-c165-416f-8590-594b18e19f2c\\\"\",\r\n  \"type\": \"Microsoft.Network/virtualNetworks\",\r\n  \"location\": \"westus\",\r\n  \"properties\": {\r\n    \"provisioningState\": \"Succeeded\",\r\n    \"resourceGuid\": \"c4c5cee2-f6d8-4f3d-b3f8-9c55639533aa\",\r\n    \"addressSpace\": {\r\n      \"addressPrefixes\": [\r\n        \"10.0.0.0/8\"\r\n      ]\r\n    },\r\n    \"subnets\": [],\r\n    \"virtualNetworkPeerings\": [],\r\n    \"enableDdosProtection\": false,\r\n    \"enableVmProtection\": false\r\n  }\r\n}",
      "StatusCode": 200
    },
    {
      "RequestUri": "/subscriptions/0e5a46b1-de0b-4ec3-a5d7-dda908b4e076/resourceGroups/ps7790/providers/Microsoft.Network/virtualNetworks/ps3526?api-version=2018-12-01",
      "EncodedRequestUri": "L3N1YnNjcmlwdGlvbnMvMGU1YTQ2YjEtZGUwYi00ZWMzLWE1ZDctZGRhOTA4YjRlMDc2L3Jlc291cmNlR3JvdXBzL3BzNzc5MC9wcm92aWRlcnMvTWljcm9zb2Z0Lk5ldHdvcmsvdmlydHVhbE5ldHdvcmtzL3BzMzUyNj9hcGktdmVyc2lvbj0yMDE4LTEyLTAx",
      "RequestMethod": "GET",
      "RequestBody": "",
      "RequestHeaders": {
        "x-ms-client-request-id": [
          "2db0ee14-e698-478e-9670-f84aa51a5f58"
        ],
        "Accept-Language": [
          "en-US"
        ],
        "User-Agent": [
          "FxVersion/4.6.27019.06",
          "OSName/Windows",
          "OSVersion/Microsoft.Windows.10.0.17763.",
          "Microsoft.Azure.Management.Network.NetworkManagementClient/19.9.0.0"
        ]
      },
      "ResponseHeaders": {
        "Cache-Control": [
          "no-cache"
        ],
        "Pragma": [
          "no-cache"
        ],
        "ETag": [
          "W/\"e40c83c1-c165-416f-8590-594b18e19f2c\""
        ],
        "x-ms-request-id": [
          "37cb53cf-e830-4ef8-963c-23b4ee121936"
        ],
        "x-ms-correlation-request-id": [
          "fe4b374e-a380-40b2-aabc-ae603c6577e7"
        ],
        "Strict-Transport-Security": [
          "max-age=31536000; includeSubDomains"
        ],
        "Server": [
          "Microsoft-HTTPAPI/2.0",
          "Microsoft-HTTPAPI/2.0"
        ],
        "x-ms-ratelimit-remaining-subscription-reads": [
          "14944"
        ],
        "x-ms-routing-request-id": [
          "NORTHEUROPE:20190308T225025Z:fe4b374e-a380-40b2-aabc-ae603c6577e7"
        ],
        "X-Content-Type-Options": [
          "nosniff"
        ],
        "Date": [
          "Fri, 08 Mar 2019 22:50:24 GMT"
        ],
        "Content-Length": [
          "630"
        ],
        "Content-Type": [
          "application/json; charset=utf-8"
        ],
        "Expires": [
          "-1"
        ]
      },
      "ResponseBody": "{\r\n  \"name\": \"ps3526\",\r\n  \"id\": \"/subscriptions/0e5a46b1-de0b-4ec3-a5d7-dda908b4e076/resourceGroups/ps7790/providers/Microsoft.Network/virtualNetworks/ps3526\",\r\n  \"etag\": \"W/\\\"e40c83c1-c165-416f-8590-594b18e19f2c\\\"\",\r\n  \"type\": \"Microsoft.Network/virtualNetworks\",\r\n  \"location\": \"westus\",\r\n  \"properties\": {\r\n    \"provisioningState\": \"Succeeded\",\r\n    \"resourceGuid\": \"c4c5cee2-f6d8-4f3d-b3f8-9c55639533aa\",\r\n    \"addressSpace\": {\r\n      \"addressPrefixes\": [\r\n        \"10.0.0.0/8\"\r\n      ]\r\n    },\r\n    \"subnets\": [],\r\n    \"virtualNetworkPeerings\": [],\r\n    \"enableDdosProtection\": false,\r\n    \"enableVmProtection\": false\r\n  }\r\n}",
      "StatusCode": 200
    },
    {
      "RequestUri": "/subscriptions/0e5a46b1-de0b-4ec3-a5d7-dda908b4e076/resourceGroups/ps7790/providers/Microsoft.Network/virtualNetworks/ps3526?api-version=2018-12-01",
      "EncodedRequestUri": "L3N1YnNjcmlwdGlvbnMvMGU1YTQ2YjEtZGUwYi00ZWMzLWE1ZDctZGRhOTA4YjRlMDc2L3Jlc291cmNlR3JvdXBzL3BzNzc5MC9wcm92aWRlcnMvTWljcm9zb2Z0Lk5ldHdvcmsvdmlydHVhbE5ldHdvcmtzL3BzMzUyNj9hcGktdmVyc2lvbj0yMDE4LTEyLTAx",
      "RequestMethod": "PUT",
      "RequestBody": "{\r\n  \"properties\": {\r\n    \"addressSpace\": {\r\n      \"addressPrefixes\": [\r\n        \"10.0.0.0/8\"\r\n      ]\r\n    },\r\n    \"subnets\": [],\r\n    \"virtualNetworkPeerings\": [],\r\n    \"enableDdosProtection\": false\r\n  },\r\n  \"location\": \"West US\"\r\n}",
      "RequestHeaders": {
        "x-ms-client-request-id": [
          "308092b5-0871-4925-a390-bd9ca9224ff5"
        ],
        "Accept-Language": [
          "en-US"
        ],
        "User-Agent": [
          "FxVersion/4.6.27019.06",
          "OSName/Windows",
          "OSVersion/Microsoft.Windows.10.0.17763.",
          "Microsoft.Azure.Management.Network.NetworkManagementClient/19.9.0.0"
        ],
        "Content-Type": [
          "application/json; charset=utf-8"
        ],
        "Content-Length": [
          "234"
        ]
      },
      "ResponseHeaders": {
        "Cache-Control": [
          "no-cache"
        ],
        "Pragma": [
          "no-cache"
        ],
        "Retry-After": [
          "3"
        ],
        "x-ms-request-id": [
          "6f400dd7-a992-49fd-bc9c-17f56d1fc224"
        ],
        "Azure-AsyncOperation": [
          "https://api-dogfood.resources.windows-int.net/subscriptions/0e5a46b1-de0b-4ec3-a5d7-dda908b4e076/providers/Microsoft.Network/locations/nrp8/operations/6f400dd7-a992-49fd-bc9c-17f56d1fc224?api-version=2018-12-01"
        ],
        "x-ms-correlation-request-id": [
          "524c3fcd-7415-4024-b997-6849de0f4819"
        ],
        "Strict-Transport-Security": [
          "max-age=31536000; includeSubDomains"
        ],
        "Server": [
          "Microsoft-HTTPAPI/2.0",
          "Microsoft-HTTPAPI/2.0"
        ],
        "x-ms-ratelimit-remaining-subscription-writes": [
          "1189"
        ],
        "x-ms-routing-request-id": [
          "NORTHEUROPE:20190308T225020Z:524c3fcd-7415-4024-b997-6849de0f4819"
        ],
        "X-Content-Type-Options": [
          "nosniff"
        ],
        "Date": [
          "Fri, 08 Mar 2019 22:50:20 GMT"
        ],
        "Content-Length": [
          "629"
        ],
        "Content-Type": [
          "application/json; charset=utf-8"
        ],
        "Expires": [
          "-1"
        ]
      },
      "ResponseBody": "{\r\n  \"name\": \"ps3526\",\r\n  \"id\": \"/subscriptions/0e5a46b1-de0b-4ec3-a5d7-dda908b4e076/resourceGroups/ps7790/providers/Microsoft.Network/virtualNetworks/ps3526\",\r\n  \"etag\": \"W/\\\"93cf9c36-298d-486d-9159-7fe3c7fb44c1\\\"\",\r\n  \"type\": \"Microsoft.Network/virtualNetworks\",\r\n  \"location\": \"westus\",\r\n  \"properties\": {\r\n    \"provisioningState\": \"Updating\",\r\n    \"resourceGuid\": \"c4c5cee2-f6d8-4f3d-b3f8-9c55639533aa\",\r\n    \"addressSpace\": {\r\n      \"addressPrefixes\": [\r\n        \"10.0.0.0/8\"\r\n      ]\r\n    },\r\n    \"subnets\": [],\r\n    \"virtualNetworkPeerings\": [],\r\n    \"enableDdosProtection\": false,\r\n    \"enableVmProtection\": false\r\n  }\r\n}",
      "StatusCode": 201
    },
    {
      "RequestUri": "/subscriptions/0e5a46b1-de0b-4ec3-a5d7-dda908b4e076/providers/Microsoft.Network/locations/nrp8/operations/6f400dd7-a992-49fd-bc9c-17f56d1fc224?api-version=2018-12-01",
      "EncodedRequestUri": "L3N1YnNjcmlwdGlvbnMvMGU1YTQ2YjEtZGUwYi00ZWMzLWE1ZDctZGRhOTA4YjRlMDc2L3Byb3ZpZGVycy9NaWNyb3NvZnQuTmV0d29yay9sb2NhdGlvbnMvbnJwOC9vcGVyYXRpb25zLzZmNDAwZGQ3LWE5OTItNDlmZC1iYzljLTE3ZjU2ZDFmYzIyND9hcGktdmVyc2lvbj0yMDE4LTEyLTAx",
      "RequestMethod": "GET",
      "RequestBody": "",
      "RequestHeaders": {
        "User-Agent": [
          "FxVersion/4.6.27019.06",
          "OSName/Windows",
          "OSVersion/Microsoft.Windows.10.0.17763.",
          "Microsoft.Azure.Management.Network.NetworkManagementClient/19.9.0.0"
        ]
      },
      "ResponseHeaders": {
        "Cache-Control": [
          "no-cache"
        ],
        "Pragma": [
          "no-cache"
        ],
        "x-ms-request-id": [
          "9ce48546-3ac0-44e6-b739-f2341ac7aeeb"
        ],
        "x-ms-correlation-request-id": [
          "22579c36-a741-49e9-8996-510a335184fa"
        ],
        "Strict-Transport-Security": [
          "max-age=31536000; includeSubDomains"
        ],
        "Server": [
          "Microsoft-HTTPAPI/2.0",
          "Microsoft-HTTPAPI/2.0"
        ],
        "x-ms-ratelimit-remaining-subscription-reads": [
          "14946"
        ],
        "x-ms-routing-request-id": [
          "NORTHEUROPE:20190308T225024Z:22579c36-a741-49e9-8996-510a335184fa"
        ],
        "X-Content-Type-Options": [
          "nosniff"
        ],
        "Date": [
          "Fri, 08 Mar 2019 22:50:23 GMT"
        ],
        "Content-Length": [
          "29"
        ],
        "Content-Type": [
          "application/json; charset=utf-8"
        ],
        "Expires": [
          "-1"
        ]
      },
      "ResponseBody": "{\r\n  \"status\": \"Succeeded\"\r\n}",
      "StatusCode": 200
    },
    {
      "RequestUri": "/subscriptions/0e5a46b1-de0b-4ec3-a5d7-dda908b4e076/resourceGroups/ps7790/providers/Microsoft.Network/privateDnsZones/ps4183.pstest.test/virtualNetworkLinks/ps939.testlink?api-version=2018-09-01",
      "EncodedRequestUri": "L3N1YnNjcmlwdGlvbnMvMGU1YTQ2YjEtZGUwYi00ZWMzLWE1ZDctZGRhOTA4YjRlMDc2L3Jlc291cmNlR3JvdXBzL3BzNzc5MC9wcm92aWRlcnMvTWljcm9zb2Z0Lk5ldHdvcmsvcHJpdmF0ZURuc1pvbmVzL3BzNDE4My5wc3Rlc3QudGVzdC92aXJ0dWFsTmV0d29ya0xpbmtzL3BzOTM5LnRlc3RsaW5rP2FwaS12ZXJzaW9uPTIwMTgtMDktMDE=",
      "RequestMethod": "PUT",
      "RequestBody": "{\r\n  \"properties\": {\r\n    \"virtualNetwork\": {\r\n      \"id\": \"/subscriptions/0e5a46b1-de0b-4ec3-a5d7-dda908b4e076/resourceGroups/ps7790/providers/Microsoft.Network/virtualNetworks/ps3526\"\r\n    },\r\n    \"registrationEnabled\": false\r\n  },\r\n  \"tags\": {\r\n    \"tag1\": \"value1\"\r\n  },\r\n  \"location\": \"global\"\r\n}",
      "RequestHeaders": {
        "x-ms-client-request-id": [
          "46f8dffb-8c72-4864-b852-3ddf5eb28a83"
        ],
        "If-None-Match": [
          "*"
        ],
        "Accept-Language": [
          "en-US"
        ],
        "User-Agent": [
          "FxVersion/4.6.27019.06",
          "OSName/Windows",
          "OSVersion/Microsoft.Windows.10.0.17763.",
          "Microsoft.Azure.Management.PrivateDns.PrivateDnsManagementClient/1.0.0.0"
        ],
        "Content-Type": [
          "application/json; charset=utf-8"
        ],
        "Content-Length": [
          "301"
        ]
      },
      "ResponseHeaders": {
        "Cache-Control": [
          "private"
        ],
        "Location": [
          "https://api-dogfood.resources.windows-int.net/subscriptions/0e5a46b1-de0b-4ec3-a5d7-dda908b4e076/resourceGroups/ps7790/providers/Microsoft.Network/privateDnsOperationResults/RnJvbnRFbmRBc3luY09wZXJhdGlvbjtVcHNlcnRWaXJ0dWFsTmV0d29ya0xpbms7NmZkNTM3NDktOWRlYi00YzU2LTgyODMtMjI3YTkyOTllY2Rm?api-version=2018-09-01"
        ],
        "Retry-After": [
          "3"
        ],
        "X-Content-Type-Options": [
          "nosniff"
        ],
        "Strict-Transport-Security": [
          "max-age=31536000; includeSubDomains"
        ],
        "Azure-AsyncOperation": [
          "https://api-dogfood.resources.windows-int.net:443/subscriptions/0e5a46b1-de0b-4ec3-a5d7-dda908b4e076/resourceGroups/ps7790/providers/Microsoft.Network/privateDnsOperationStatuses/RnJvbnRFbmRBc3luY09wZXJhdGlvbjtVcHNlcnRWaXJ0dWFsTmV0d29ya0xpbms7NmZkNTM3NDktOWRlYi00YzU2LTgyODMtMjI3YTkyOTllY2Rm?api-version=2018-09-01"
        ],
        "x-ms-request-id": [
          "46f8dffb-8c72-4864-b852-3ddf5eb28a83"
        ],
        "Server": [
          "Microsoft-IIS/10.0"
        ],
        "X-AspNet-Version": [
          "4.0.30319"
        ],
        "X-Powered-By": [
          "ASP.NET"
        ],
        "x-ms-ratelimit-remaining-subscription-resource-requests": [
          "11999"
        ],
        "x-ms-correlation-request-id": [
          "68568a8f-ed80-4de6-9586-94bf67f5ce59"
        ],
        "x-ms-routing-request-id": [
          "NORTHEUROPE:20190308T225025Z:68568a8f-ed80-4de6-9586-94bf67f5ce59"
        ],
        "Date": [
          "Fri, 08 Mar 2019 22:50:25 GMT"
        ],
        "Content-Length": [
          "2"
        ],
        "Content-Type": [
          "application/json; charset=utf-8"
        ]
      },
      "ResponseBody": "{}",
      "StatusCode": 202
    },
    {
      "RequestUri": "/subscriptions/0e5a46b1-de0b-4ec3-a5d7-dda908b4e076/resourceGroups/ps7790/providers/Microsoft.Network/privateDnsZones/ps4183.pstest.test/virtualNetworkLinks/ps939.testlink?api-version=2018-09-01",
      "EncodedRequestUri": "L3N1YnNjcmlwdGlvbnMvMGU1YTQ2YjEtZGUwYi00ZWMzLWE1ZDctZGRhOTA4YjRlMDc2L3Jlc291cmNlR3JvdXBzL3BzNzc5MC9wcm92aWRlcnMvTWljcm9zb2Z0Lk5ldHdvcmsvcHJpdmF0ZURuc1pvbmVzL3BzNDE4My5wc3Rlc3QudGVzdC92aXJ0dWFsTmV0d29ya0xpbmtzL3BzOTM5LnRlc3RsaW5rP2FwaS12ZXJzaW9uPTIwMTgtMDktMDE=",
      "RequestMethod": "PUT",
      "RequestBody": "{\r\n  \"properties\": {\r\n    \"virtualNetwork\": {\r\n      \"id\": \"/subscriptions/0e5a46b1-de0b-4ec3-a5d7-dda908b4e076/resourceGroups/ps7790/providers/Microsoft.Network/virtualNetworks/ps3526\"\r\n    },\r\n    \"registrationEnabled\": true\r\n  },\r\n  \"tags\": {},\r\n  \"location\": \"global\"\r\n}",
      "RequestHeaders": {
        "x-ms-client-request-id": [
          "624413b1-494f-4298-b2ff-c25e6516f749"
        ],
        "Accept-Language": [
          "en-US"
        ],
        "User-Agent": [
          "FxVersion/4.6.27019.06",
          "OSName/Windows",
          "OSVersion/Microsoft.Windows.10.0.17763.",
          "Microsoft.Azure.Management.PrivateDns.PrivateDnsManagementClient/1.0.0.0"
        ],
        "Content-Type": [
          "application/json; charset=utf-8"
        ],
        "Content-Length": [
          "274"
        ]
      },
      "ResponseHeaders": {
        "Cache-Control": [
          "private"
        ],
        "Location": [
          "https://api-dogfood.resources.windows-int.net/subscriptions/0e5a46b1-de0b-4ec3-a5d7-dda908b4e076/resourceGroups/ps7790/providers/Microsoft.Network/privateDnsOperationResults/RnJvbnRFbmRBc3luY09wZXJhdGlvbjtVcHNlcnRWaXJ0dWFsTmV0d29ya0xpbms7ZTQ0MDE1MTktMTgxMy00ZTIyLThiMzYtMTAxZjBiMGQwNzNh?api-version=2018-09-01"
        ],
        "Retry-After": [
          "3"
        ],
        "X-Content-Type-Options": [
          "nosniff"
        ],
        "Strict-Transport-Security": [
          "max-age=31536000; includeSubDomains"
        ],
        "Azure-AsyncOperation": [
          "https://api-dogfood.resources.windows-int.net:443/subscriptions/0e5a46b1-de0b-4ec3-a5d7-dda908b4e076/resourceGroups/ps7790/providers/Microsoft.Network/privateDnsOperationStatuses/RnJvbnRFbmRBc3luY09wZXJhdGlvbjtVcHNlcnRWaXJ0dWFsTmV0d29ya0xpbms7ZTQ0MDE1MTktMTgxMy00ZTIyLThiMzYtMTAxZjBiMGQwNzNh?api-version=2018-09-01"
        ],
        "x-ms-request-id": [
          "624413b1-494f-4298-b2ff-c25e6516f749"
        ],
        "Server": [
          "Microsoft-IIS/10.0"
        ],
        "X-AspNet-Version": [
          "4.0.30319"
        ],
        "X-Powered-By": [
          "ASP.NET"
        ],
        "x-ms-ratelimit-remaining-subscription-resource-requests": [
          "11998"
        ],
        "x-ms-correlation-request-id": [
          "3d92e852-7e99-4a1f-9e7c-d17652742323"
        ],
        "x-ms-routing-request-id": [
          "NORTHEUROPE:20190308T225036Z:3d92e852-7e99-4a1f-9e7c-d17652742323"
        ],
        "Date": [
          "Fri, 08 Mar 2019 22:50:36 GMT"
        ],
        "Content-Length": [
          "2"
        ],
        "Content-Type": [
          "application/json; charset=utf-8"
        ]
      },
      "ResponseBody": "{}",
      "StatusCode": 202
    },
    {
      "RequestUri": "/subscriptions/0e5a46b1-de0b-4ec3-a5d7-dda908b4e076/resourceGroups/ps7790/providers/Microsoft.Network/privateDnsOperationStatuses/RnJvbnRFbmRBc3luY09wZXJhdGlvbjtVcHNlcnRWaXJ0dWFsTmV0d29ya0xpbms7NmZkNTM3NDktOWRlYi00YzU2LTgyODMtMjI3YTkyOTllY2Rm?api-version=2018-09-01",
      "EncodedRequestUri": "L3N1YnNjcmlwdGlvbnMvMGU1YTQ2YjEtZGUwYi00ZWMzLWE1ZDctZGRhOTA4YjRlMDc2L3Jlc291cmNlR3JvdXBzL3BzNzc5MC9wcm92aWRlcnMvTWljcm9zb2Z0Lk5ldHdvcmsvcHJpdmF0ZURuc09wZXJhdGlvblN0YXR1c2VzL1JuSnZiblJGYm1SQmMzbHVZMDl3WlhKaGRHbHZianRWY0hObGNuUldhWEowZFdGc1RtVjBkMjl5YTB4cGJtczdObVprTlRNM05Ea3RPV1JsWWkwMFl6VTJMVGd5T0RNdE1qSTNZVGt5T1RsbFkyUm0/YXBpLXZlcnNpb249MjAxOC0wOS0wMQ==",
      "RequestMethod": "GET",
      "RequestBody": "",
      "RequestHeaders": {
        "User-Agent": [
          "FxVersion/4.6.27019.06",
          "OSName/Windows",
          "OSVersion/Microsoft.Windows.10.0.17763.",
          "Microsoft.Azure.Management.PrivateDns.PrivateDnsManagementClient/1.0.0.0"
        ]
      },
      "ResponseHeaders": {
        "Cache-Control": [
          "private"
        ],
        "Location": [
          "https://api-dogfood.resources.windows-int.net/subscriptions/0e5a46b1-de0b-4ec3-a5d7-dda908b4e076/resourceGroups/ps7790/providers/Microsoft.Network/privateDnsOperationResults/RnJvbnRFbmRBc3luY09wZXJhdGlvbjtVcHNlcnRWaXJ0dWFsTmV0d29ya0xpbms7NmZkNTM3NDktOWRlYi00YzU2LTgyODMtMjI3YTkyOTllY2Rm?api-version=2018-09-01"
        ],
        "Retry-After": [
          "3"
        ],
        "X-Content-Type-Options": [
          "nosniff"
        ],
        "Strict-Transport-Security": [
          "max-age=31536000; includeSubDomains"
        ],
        "Azure-AsyncOperation": [
          "https://api-dogfood.resources.windows-int.net:443/subscriptions/0e5a46b1-de0b-4ec3-a5d7-dda908b4e076/resourceGroups/ps7790/providers/Microsoft.Network/privateDnsOperationStatuses/RnJvbnRFbmRBc3luY09wZXJhdGlvbjtVcHNlcnRWaXJ0dWFsTmV0d29ya0xpbms7NmZkNTM3NDktOWRlYi00YzU2LTgyODMtMjI3YTkyOTllY2Rm?api-version=2018-09-01"
        ],
        "x-ms-request-id": [
          "c78804f5-f6b5-483b-a51e-5e25e3f606f7"
        ],
        "Server": [
          "Microsoft-IIS/10.0"
        ],
        "X-AspNet-Version": [
          "4.0.30319"
        ],
        "X-Powered-By": [
          "ASP.NET"
        ],
        "x-ms-ratelimit-remaining-subscription-resource-requests": [
          "11913"
        ],
        "x-ms-correlation-request-id": [
          "b209afb9-4df1-4a76-9a22-603ef2fcf4fe"
        ],
        "x-ms-routing-request-id": [
          "NORTHEUROPE:20190308T225029Z:b209afb9-4df1-4a76-9a22-603ef2fcf4fe"
        ],
        "Date": [
          "Fri, 08 Mar 2019 22:50:28 GMT"
        ],
        "Content-Length": [
          "23"
        ],
        "Content-Type": [
          "application/json; charset=utf-8"
        ]
      },
      "ResponseBody": "{\r\n  \"status\": \"InProgress\"\r\n}",
      "StatusCode": 202
    },
    {
      "RequestUri": "/subscriptions/0e5a46b1-de0b-4ec3-a5d7-dda908b4e076/resourceGroups/ps7790/providers/Microsoft.Network/privateDnsOperationStatuses/RnJvbnRFbmRBc3luY09wZXJhdGlvbjtVcHNlcnRWaXJ0dWFsTmV0d29ya0xpbms7NmZkNTM3NDktOWRlYi00YzU2LTgyODMtMjI3YTkyOTllY2Rm?api-version=2018-09-01",
      "EncodedRequestUri": "L3N1YnNjcmlwdGlvbnMvMGU1YTQ2YjEtZGUwYi00ZWMzLWE1ZDctZGRhOTA4YjRlMDc2L3Jlc291cmNlR3JvdXBzL3BzNzc5MC9wcm92aWRlcnMvTWljcm9zb2Z0Lk5ldHdvcmsvcHJpdmF0ZURuc09wZXJhdGlvblN0YXR1c2VzL1JuSnZiblJGYm1SQmMzbHVZMDl3WlhKaGRHbHZianRWY0hObGNuUldhWEowZFdGc1RtVjBkMjl5YTB4cGJtczdObVprTlRNM05Ea3RPV1JsWWkwMFl6VTJMVGd5T0RNdE1qSTNZVGt5T1RsbFkyUm0/YXBpLXZlcnNpb249MjAxOC0wOS0wMQ==",
      "RequestMethod": "GET",
      "RequestBody": "",
      "RequestHeaders": {
        "User-Agent": [
          "FxVersion/4.6.27019.06",
          "OSName/Windows",
          "OSVersion/Microsoft.Windows.10.0.17763.",
          "Microsoft.Azure.Management.PrivateDns.PrivateDnsManagementClient/1.0.0.0"
        ]
      },
      "ResponseHeaders": {
        "Cache-Control": [
          "private"
        ],
        "Location": [
          "https://api-dogfood.resources.windows-int.net/subscriptions/0e5a46b1-de0b-4ec3-a5d7-dda908b4e076/resourceGroups/ps7790/providers/Microsoft.Network/privateDnsOperationResults/RnJvbnRFbmRBc3luY09wZXJhdGlvbjtVcHNlcnRWaXJ0dWFsTmV0d29ya0xpbms7NmZkNTM3NDktOWRlYi00YzU2LTgyODMtMjI3YTkyOTllY2Rm?api-version=2018-09-01"
        ],
        "Retry-After": [
          "3"
        ],
        "X-Content-Type-Options": [
          "nosniff"
        ],
        "Strict-Transport-Security": [
          "max-age=31536000; includeSubDomains"
        ],
        "Azure-AsyncOperation": [
          "https://api-dogfood.resources.windows-int.net:443/subscriptions/0e5a46b1-de0b-4ec3-a5d7-dda908b4e076/resourceGroups/ps7790/providers/Microsoft.Network/privateDnsOperationStatuses/RnJvbnRFbmRBc3luY09wZXJhdGlvbjtVcHNlcnRWaXJ0dWFsTmV0d29ya0xpbms7NmZkNTM3NDktOWRlYi00YzU2LTgyODMtMjI3YTkyOTllY2Rm?api-version=2018-09-01"
        ],
        "x-ms-request-id": [
          "7e9c6d73-326f-4d50-84e9-a9423bdf625d"
        ],
        "Server": [
          "Microsoft-IIS/10.0"
        ],
        "X-AspNet-Version": [
          "4.0.30319"
        ],
        "X-Powered-By": [
          "ASP.NET"
        ],
        "x-ms-ratelimit-remaining-subscription-resource-requests": [
          "11912"
        ],
        "x-ms-correlation-request-id": [
          "15ef0194-a088-4f05-8f9c-72ed0a9e7607"
        ],
        "x-ms-routing-request-id": [
          "NORTHEUROPE:20190308T225032Z:15ef0194-a088-4f05-8f9c-72ed0a9e7607"
        ],
        "Date": [
          "Fri, 08 Mar 2019 22:50:31 GMT"
        ],
        "Content-Length": [
          "23"
        ],
        "Content-Type": [
          "application/json; charset=utf-8"
        ]
      },
      "ResponseBody": "{\r\n  \"status\": \"InProgress\"\r\n}",
      "StatusCode": 202
    },
    {
      "RequestUri": "/subscriptions/0e5a46b1-de0b-4ec3-a5d7-dda908b4e076/resourceGroups/ps7790/providers/Microsoft.Network/privateDnsOperationStatuses/RnJvbnRFbmRBc3luY09wZXJhdGlvbjtVcHNlcnRWaXJ0dWFsTmV0d29ya0xpbms7NmZkNTM3NDktOWRlYi00YzU2LTgyODMtMjI3YTkyOTllY2Rm?api-version=2018-09-01",
      "EncodedRequestUri": "L3N1YnNjcmlwdGlvbnMvMGU1YTQ2YjEtZGUwYi00ZWMzLWE1ZDctZGRhOTA4YjRlMDc2L3Jlc291cmNlR3JvdXBzL3BzNzc5MC9wcm92aWRlcnMvTWljcm9zb2Z0Lk5ldHdvcmsvcHJpdmF0ZURuc09wZXJhdGlvblN0YXR1c2VzL1JuSnZiblJGYm1SQmMzbHVZMDl3WlhKaGRHbHZianRWY0hObGNuUldhWEowZFdGc1RtVjBkMjl5YTB4cGJtczdObVprTlRNM05Ea3RPV1JsWWkwMFl6VTJMVGd5T0RNdE1qSTNZVGt5T1RsbFkyUm0/YXBpLXZlcnNpb249MjAxOC0wOS0wMQ==",
      "RequestMethod": "GET",
      "RequestBody": "",
      "RequestHeaders": {
        "User-Agent": [
          "FxVersion/4.6.27019.06",
          "OSName/Windows",
          "OSVersion/Microsoft.Windows.10.0.17763.",
          "Microsoft.Azure.Management.PrivateDns.PrivateDnsManagementClient/1.0.0.0"
        ]
      },
      "ResponseHeaders": {
        "Cache-Control": [
          "private"
        ],
        "X-Content-Type-Options": [
          "nosniff"
        ],
        "Strict-Transport-Security": [
          "max-age=31536000; includeSubDomains"
        ],
        "x-ms-request-id": [
          "e368f17c-e0f1-424b-999e-ce598d0a9135"
        ],
        "Server": [
          "Microsoft-IIS/10.0"
        ],
        "X-AspNet-Version": [
          "4.0.30319"
        ],
        "X-Powered-By": [
          "ASP.NET"
        ],
        "x-ms-ratelimit-remaining-subscription-resource-requests": [
          "11911"
        ],
        "x-ms-correlation-request-id": [
          "9532f64d-267f-420c-90f0-1d4586a47a2f"
        ],
        "x-ms-routing-request-id": [
          "NORTHEUROPE:20190308T225035Z:9532f64d-267f-420c-90f0-1d4586a47a2f"
        ],
        "Date": [
          "Fri, 08 Mar 2019 22:50:35 GMT"
        ],
        "Content-Length": [
          "22"
        ],
        "Content-Type": [
          "application/json; charset=utf-8"
        ]
      },
      "ResponseBody": "{\r\n  \"status\": \"Succeeded\"\r\n}",
      "StatusCode": 200
    },
    {
      "RequestUri": "/subscriptions/0e5a46b1-de0b-4ec3-a5d7-dda908b4e076/resourceGroups/ps7790/providers/Microsoft.Network/privateDnsZones/ps4183.pstest.test/virtualNetworkLinks/ps939.testlink?api-version=2018-09-01",
      "EncodedRequestUri": "L3N1YnNjcmlwdGlvbnMvMGU1YTQ2YjEtZGUwYi00ZWMzLWE1ZDctZGRhOTA4YjRlMDc2L3Jlc291cmNlR3JvdXBzL3BzNzc5MC9wcm92aWRlcnMvTWljcm9zb2Z0Lk5ldHdvcmsvcHJpdmF0ZURuc1pvbmVzL3BzNDE4My5wc3Rlc3QudGVzdC92aXJ0dWFsTmV0d29ya0xpbmtzL3BzOTM5LnRlc3RsaW5rP2FwaS12ZXJzaW9uPTIwMTgtMDktMDE=",
      "RequestMethod": "GET",
      "RequestBody": "",
      "RequestHeaders": {
        "User-Agent": [
          "FxVersion/4.6.27019.06",
          "OSName/Windows",
          "OSVersion/Microsoft.Windows.10.0.17763.",
          "Microsoft.Azure.Management.PrivateDns.PrivateDnsManagementClient/1.0.0.0"
        ]
      },
      "ResponseHeaders": {
        "Cache-Control": [
          "private"
        ],
        "ETag": [
          "\"10007033-0000-0000-0000-5c82f1b90000\""
        ],
        "X-Content-Type-Options": [
          "nosniff"
        ],
        "Strict-Transport-Security": [
          "max-age=31536000; includeSubDomains"
        ],
        "x-ms-request-id": [
          "ffe560d0-b694-4f82-96ee-663229cb8970"
        ],
        "Server": [
          "Microsoft-IIS/10.0"
        ],
        "X-AspNet-Version": [
          "4.0.30319"
        ],
        "X-Powered-By": [
          "ASP.NET"
        ],
        "x-ms-ratelimit-remaining-subscription-resource-requests": [
          "11999"
        ],
        "x-ms-correlation-request-id": [
          "65d8aa47-5483-4b64-a79a-f042c00315c3"
        ],
        "x-ms-routing-request-id": [
          "NORTHEUROPE:20190308T225035Z:65d8aa47-5483-4b64-a79a-f042c00315c3"
        ],
        "Date": [
          "Fri, 08 Mar 2019 22:50:35 GMT"
        ],
        "Content-Length": [
          "646"
        ],
        "Content-Type": [
          "application/json; charset=utf-8"
        ]
      },
      "ResponseBody": "{\r\n  \"id\": \"/subscriptions/0e5a46b1-de0b-4ec3-a5d7-dda908b4e076/resourceGroups/ps7790/providers/Microsoft.Network/privateDnsZones/ps4183.pstest.test/virtualNetworkLinks/ps939.testlink\",\r\n  \"name\": \"ps939.testlink\",\r\n  \"type\": \"Microsoft.Network/privateDnsZones/virtualNetworkLinks\",\r\n  \"etag\": \"\\\"10007033-0000-0000-0000-5c82f1b90000\\\"\",\r\n  \"location\": \"global\",\r\n  \"tags\": {\r\n    \"tag1\": \"value1\"\r\n  },\r\n  \"properties\": {\r\n    \"provisioningState\": \"Succeeded\",\r\n    \"registrationEnabled\": false,\r\n    \"virtualNetwork\": {\r\n      \"id\": \"/subscriptions/0e5a46b1-de0b-4ec3-a5d7-dda908b4e076/resourceGroups/ps7790/providers/Microsoft.Network/virtualNetworks/ps3526\"\r\n    },\r\n    \"virtualNetworkLinkState\": \"Completed\"\r\n  }\r\n}",
      "StatusCode": 200
    },
    {
      "RequestUri": "/subscriptions/0e5a46b1-de0b-4ec3-a5d7-dda908b4e076/resourceGroups/ps7790/providers/Microsoft.Network/privateDnsZones/ps4183.pstest.test/virtualNetworkLinks/ps939.testlink?api-version=2018-09-01",
      "EncodedRequestUri": "L3N1YnNjcmlwdGlvbnMvMGU1YTQ2YjEtZGUwYi00ZWMzLWE1ZDctZGRhOTA4YjRlMDc2L3Jlc291cmNlR3JvdXBzL3BzNzc5MC9wcm92aWRlcnMvTWljcm9zb2Z0Lk5ldHdvcmsvcHJpdmF0ZURuc1pvbmVzL3BzNDE4My5wc3Rlc3QudGVzdC92aXJ0dWFsTmV0d29ya0xpbmtzL3BzOTM5LnRlc3RsaW5rP2FwaS12ZXJzaW9uPTIwMTgtMDktMDE=",
      "RequestMethod": "GET",
      "RequestBody": "",
      "RequestHeaders": {
        "x-ms-client-request-id": [
          "dff6af11-b885-4bb7-901a-2c058346b502"
        ],
        "Accept-Language": [
          "en-US"
        ],
        "User-Agent": [
          "FxVersion/4.6.27019.06",
          "OSName/Windows",
          "OSVersion/Microsoft.Windows.10.0.17763.",
          "Microsoft.Azure.Management.PrivateDns.PrivateDnsManagementClient/1.0.0.0"
        ]
      },
      "ResponseHeaders": {
        "Cache-Control": [
          "private"
        ],
        "ETag": [
          "\"10007033-0000-0000-0000-5c82f1b90000\""
        ],
        "X-Content-Type-Options": [
          "nosniff"
        ],
        "Strict-Transport-Security": [
          "max-age=31536000; includeSubDomains"
        ],
        "x-ms-request-id": [
          "dff6af11-b885-4bb7-901a-2c058346b502"
        ],
        "Server": [
          "Microsoft-IIS/10.0"
        ],
        "X-AspNet-Version": [
          "4.0.30319"
        ],
        "X-Powered-By": [
          "ASP.NET"
        ],
        "x-ms-ratelimit-remaining-subscription-resource-requests": [
          "11998"
        ],
        "x-ms-correlation-request-id": [
          "639b864b-6fcc-4243-a180-ad7839bc7d4f"
        ],
        "x-ms-routing-request-id": [
          "NORTHEUROPE:20190308T225036Z:639b864b-6fcc-4243-a180-ad7839bc7d4f"
        ],
        "Date": [
          "Fri, 08 Mar 2019 22:50:35 GMT"
        ],
        "Content-Length": [
          "646"
        ],
        "Content-Type": [
          "application/json; charset=utf-8"
        ]
      },
      "ResponseBody": "{\r\n  \"id\": \"/subscriptions/0e5a46b1-de0b-4ec3-a5d7-dda908b4e076/resourceGroups/ps7790/providers/Microsoft.Network/privateDnsZones/ps4183.pstest.test/virtualNetworkLinks/ps939.testlink\",\r\n  \"name\": \"ps939.testlink\",\r\n  \"type\": \"Microsoft.Network/privateDnsZones/virtualNetworkLinks\",\r\n  \"etag\": \"\\\"10007033-0000-0000-0000-5c82f1b90000\\\"\",\r\n  \"location\": \"global\",\r\n  \"tags\": {\r\n    \"tag1\": \"value1\"\r\n  },\r\n  \"properties\": {\r\n    \"provisioningState\": \"Succeeded\",\r\n    \"registrationEnabled\": false,\r\n    \"virtualNetwork\": {\r\n      \"id\": \"/subscriptions/0e5a46b1-de0b-4ec3-a5d7-dda908b4e076/resourceGroups/ps7790/providers/Microsoft.Network/virtualNetworks/ps3526\"\r\n    },\r\n    \"virtualNetworkLinkState\": \"Completed\"\r\n  }\r\n}",
      "StatusCode": 200
    },
    {
      "RequestUri": "/subscriptions/0e5a46b1-de0b-4ec3-a5d7-dda908b4e076/resourceGroups/ps7790/providers/Microsoft.Network/privateDnsZones/ps4183.pstest.test/virtualNetworkLinks/ps939.testlink?api-version=2018-09-01",
      "EncodedRequestUri": "L3N1YnNjcmlwdGlvbnMvMGU1YTQ2YjEtZGUwYi00ZWMzLWE1ZDctZGRhOTA4YjRlMDc2L3Jlc291cmNlR3JvdXBzL3BzNzc5MC9wcm92aWRlcnMvTWljcm9zb2Z0Lk5ldHdvcmsvcHJpdmF0ZURuc1pvbmVzL3BzNDE4My5wc3Rlc3QudGVzdC92aXJ0dWFsTmV0d29ya0xpbmtzL3BzOTM5LnRlc3RsaW5rP2FwaS12ZXJzaW9uPTIwMTgtMDktMDE=",
      "RequestMethod": "GET",
      "RequestBody": "",
      "RequestHeaders": {
        "User-Agent": [
          "FxVersion/4.6.27019.06",
          "OSName/Windows",
          "OSVersion/Microsoft.Windows.10.0.17763.",
          "Microsoft.Azure.Management.PrivateDns.PrivateDnsManagementClient/1.0.0.0"
        ]
      },
      "ResponseHeaders": {
        "Cache-Control": [
          "private"
        ],
        "ETag": [
          "\"10007433-0000-0000-0000-5c82f1c20000\""
        ],
        "X-Content-Type-Options": [
          "nosniff"
        ],
        "Strict-Transport-Security": [
          "max-age=31536000; includeSubDomains"
        ],
        "x-ms-request-id": [
          "f26169af-9994-419a-be42-e2468235b068"
        ],
        "Server": [
          "Microsoft-IIS/10.0"
        ],
        "X-AspNet-Version": [
          "4.0.30319"
        ],
        "X-Powered-By": [
          "ASP.NET"
        ],
        "x-ms-ratelimit-remaining-subscription-resource-requests": [
          "11997"
        ],
        "x-ms-correlation-request-id": [
          "079e9278-d033-4590-80f6-2989d9187e85"
        ],
        "x-ms-routing-request-id": [
          "NORTHEUROPE:20190308T225043Z:079e9278-d033-4590-80f6-2989d9187e85"
        ],
        "Date": [
          "Fri, 08 Mar 2019 22:50:43 GMT"
        ],
        "Content-Length": [
          "631"
        ],
        "Content-Type": [
          "application/json; charset=utf-8"
        ]
      },
      "ResponseBody": "{\r\n  \"id\": \"/subscriptions/0e5a46b1-de0b-4ec3-a5d7-dda908b4e076/resourceGroups/ps7790/providers/Microsoft.Network/privateDnsZones/ps4183.pstest.test/virtualNetworkLinks/ps939.testlink\",\r\n  \"name\": \"ps939.testlink\",\r\n  \"type\": \"Microsoft.Network/privateDnsZones/virtualNetworkLinks\",\r\n  \"etag\": \"\\\"10007433-0000-0000-0000-5c82f1c20000\\\"\",\r\n  \"location\": \"global\",\r\n  \"tags\": {},\r\n  \"properties\": {\r\n    \"provisioningState\": \"Succeeded\",\r\n    \"registrationEnabled\": true,\r\n    \"virtualNetwork\": {\r\n      \"id\": \"/subscriptions/0e5a46b1-de0b-4ec3-a5d7-dda908b4e076/resourceGroups/ps7790/providers/Microsoft.Network/virtualNetworks/ps3526\"\r\n    },\r\n    \"virtualNetworkLinkState\": \"InProgress\"\r\n  }\r\n}",
      "StatusCode": 200
    },
    {
      "RequestUri": "/subscriptions/0e5a46b1-de0b-4ec3-a5d7-dda908b4e076/resourceGroups/ps7790/providers/Microsoft.Network/privateDnsOperationStatuses/RnJvbnRFbmRBc3luY09wZXJhdGlvbjtVcHNlcnRWaXJ0dWFsTmV0d29ya0xpbms7ZTQ0MDE1MTktMTgxMy00ZTIyLThiMzYtMTAxZjBiMGQwNzNh?api-version=2018-09-01",
      "EncodedRequestUri": "L3N1YnNjcmlwdGlvbnMvMGU1YTQ2YjEtZGUwYi00ZWMzLWE1ZDctZGRhOTA4YjRlMDc2L3Jlc291cmNlR3JvdXBzL3BzNzc5MC9wcm92aWRlcnMvTWljcm9zb2Z0Lk5ldHdvcmsvcHJpdmF0ZURuc09wZXJhdGlvblN0YXR1c2VzL1JuSnZiblJGYm1SQmMzbHVZMDl3WlhKaGRHbHZianRWY0hObGNuUldhWEowZFdGc1RtVjBkMjl5YTB4cGJtczdaVFEwTURFMU1Ua3RNVGd4TXkwMFpUSXlMVGhpTXpZdE1UQXhaakJpTUdRd056Tmg/YXBpLXZlcnNpb249MjAxOC0wOS0wMQ==",
      "RequestMethod": "GET",
      "RequestBody": "",
      "RequestHeaders": {
        "User-Agent": [
          "FxVersion/4.6.27019.06",
          "OSName/Windows",
          "OSVersion/Microsoft.Windows.10.0.17763.",
          "Microsoft.Azure.Management.PrivateDns.PrivateDnsManagementClient/1.0.0.0"
        ]
      },
      "ResponseHeaders": {
        "Cache-Control": [
          "private"
        ],
        "Location": [
          "https://api-dogfood.resources.windows-int.net/subscriptions/0e5a46b1-de0b-4ec3-a5d7-dda908b4e076/resourceGroups/ps7790/providers/Microsoft.Network/privateDnsOperationResults/RnJvbnRFbmRBc3luY09wZXJhdGlvbjtVcHNlcnRWaXJ0dWFsTmV0d29ya0xpbms7ZTQ0MDE1MTktMTgxMy00ZTIyLThiMzYtMTAxZjBiMGQwNzNh?api-version=2018-09-01"
        ],
        "Retry-After": [
          "3"
        ],
        "X-Content-Type-Options": [
          "nosniff"
        ],
        "Strict-Transport-Security": [
          "max-age=31536000; includeSubDomains"
        ],
        "Azure-AsyncOperation": [
          "https://api-dogfood.resources.windows-int.net:443/subscriptions/0e5a46b1-de0b-4ec3-a5d7-dda908b4e076/resourceGroups/ps7790/providers/Microsoft.Network/privateDnsOperationStatuses/RnJvbnRFbmRBc3luY09wZXJhdGlvbjtVcHNlcnRWaXJ0dWFsTmV0d29ya0xpbms7ZTQ0MDE1MTktMTgxMy00ZTIyLThiMzYtMTAxZjBiMGQwNzNh?api-version=2018-09-01"
        ],
        "x-ms-request-id": [
          "ad79510e-68a7-4e24-a921-dbbb5dd6b733"
        ],
        "Server": [
          "Microsoft-IIS/10.0"
        ],
        "X-AspNet-Version": [
          "4.0.30319"
        ],
        "X-Powered-By": [
          "ASP.NET"
        ],
        "x-ms-ratelimit-remaining-subscription-resource-requests": [
          "11910"
        ],
        "x-ms-correlation-request-id": [
          "7efb7c28-7d49-4d69-8959-b14321ec23a8"
        ],
        "x-ms-routing-request-id": [
          "NORTHEUROPE:20190308T225039Z:7efb7c28-7d49-4d69-8959-b14321ec23a8"
        ],
        "Date": [
          "Fri, 08 Mar 2019 22:50:39 GMT"
        ],
        "Content-Length": [
          "23"
        ],
        "Content-Type": [
          "application/json; charset=utf-8"
        ]
      },
      "ResponseBody": "{\r\n  \"status\": \"InProgress\"\r\n}",
      "StatusCode": 202
    },
    {
      "RequestUri": "/subscriptions/0e5a46b1-de0b-4ec3-a5d7-dda908b4e076/resourceGroups/ps7790/providers/Microsoft.Network/privateDnsOperationStatuses/RnJvbnRFbmRBc3luY09wZXJhdGlvbjtVcHNlcnRWaXJ0dWFsTmV0d29ya0xpbms7ZTQ0MDE1MTktMTgxMy00ZTIyLThiMzYtMTAxZjBiMGQwNzNh?api-version=2018-09-01",
      "EncodedRequestUri": "L3N1YnNjcmlwdGlvbnMvMGU1YTQ2YjEtZGUwYi00ZWMzLWE1ZDctZGRhOTA4YjRlMDc2L3Jlc291cmNlR3JvdXBzL3BzNzc5MC9wcm92aWRlcnMvTWljcm9zb2Z0Lk5ldHdvcmsvcHJpdmF0ZURuc09wZXJhdGlvblN0YXR1c2VzL1JuSnZiblJGYm1SQmMzbHVZMDl3WlhKaGRHbHZianRWY0hObGNuUldhWEowZFdGc1RtVjBkMjl5YTB4cGJtczdaVFEwTURFMU1Ua3RNVGd4TXkwMFpUSXlMVGhpTXpZdE1UQXhaakJpTUdRd056Tmg/YXBpLXZlcnNpb249MjAxOC0wOS0wMQ==",
      "RequestMethod": "GET",
      "RequestBody": "",
      "RequestHeaders": {
        "User-Agent": [
          "FxVersion/4.6.27019.06",
          "OSName/Windows",
          "OSVersion/Microsoft.Windows.10.0.17763.",
          "Microsoft.Azure.Management.PrivateDns.PrivateDnsManagementClient/1.0.0.0"
        ]
      },
      "ResponseHeaders": {
        "Cache-Control": [
          "private"
        ],
        "X-Content-Type-Options": [
          "nosniff"
        ],
        "Strict-Transport-Security": [
          "max-age=31536000; includeSubDomains"
        ],
        "x-ms-request-id": [
          "bd112ca2-53e4-40a6-be1a-c3dcb5af78f8"
        ],
        "Server": [
          "Microsoft-IIS/10.0"
        ],
        "X-AspNet-Version": [
          "4.0.30319"
        ],
        "X-Powered-By": [
          "ASP.NET"
        ],
        "x-ms-ratelimit-remaining-subscription-resource-requests": [
          "11909"
        ],
        "x-ms-correlation-request-id": [
          "c031a1af-ceab-4b99-8a68-0c108b996421"
        ],
        "x-ms-routing-request-id": [
          "NORTHEUROPE:20190308T225043Z:c031a1af-ceab-4b99-8a68-0c108b996421"
        ],
        "Date": [
          "Fri, 08 Mar 2019 22:50:43 GMT"
        ],
        "Content-Length": [
          "22"
        ],
        "Content-Type": [
          "application/json; charset=utf-8"
        ]
      },
      "ResponseBody": "{\r\n  \"status\": \"Succeeded\"\r\n}",
      "StatusCode": 200
    },
    {
      "RequestUri": "/subscriptions/0e5a46b1-de0b-4ec3-a5d7-dda908b4e076/resourcegroups/ps7790?api-version=2016-09-01",
      "EncodedRequestUri": "L3N1YnNjcmlwdGlvbnMvMGU1YTQ2YjEtZGUwYi00ZWMzLWE1ZDctZGRhOTA4YjRlMDc2L3Jlc291cmNlZ3JvdXBzL3BzNzc5MD9hcGktdmVyc2lvbj0yMDE2LTA5LTAx",
      "RequestMethod": "DELETE",
      "RequestBody": "",
      "RequestHeaders": {
        "x-ms-client-request-id": [
          "9267a5ea-38d3-4a28-981a-cac2918c9127"
        ],
        "Accept-Language": [
          "en-US"
        ],
        "User-Agent": [
          "FxVersion/4.6.27019.06",
          "OSName/Windows",
          "OSVersion/Microsoft.Windows.10.0.17763.",
          "Microsoft.Azure.Management.Internal.Resources.ResourceManagementClient/1.1.17"
        ]
      },
      "ResponseHeaders": {
        "Cache-Control": [
          "no-cache"
        ],
        "Pragma": [
          "no-cache"
        ],
        "Location": [
          "https://api-dogfood.resources.windows-int.net/subscriptions/0e5a46b1-de0b-4ec3-a5d7-dda908b4e076/operationresults/eyJqb2JJZCI6IlJFU09VUkNFR1JPVVBERUxFVElPTkpPQi1QUzc3OTAtV0VTVFVTIiwiam9iTG9jYXRpb24iOiJ3ZXN0dXMifQ?api-version=2016-09-01"
        ],
        "Retry-After": [
          "15"
        ],
        "x-ms-ratelimit-remaining-subscription-deletes": [
          "14984"
        ],
        "x-ms-request-id": [
          "98542364-46b4-4bc5-b6ed-62004e12c781"
        ],
        "x-ms-correlation-request-id": [
          "98542364-46b4-4bc5-b6ed-62004e12c781"
        ],
        "x-ms-routing-request-id": [
          "NORTHEUROPE:20190308T225044Z:98542364-46b4-4bc5-b6ed-62004e12c781"
        ],
        "Strict-Transport-Security": [
          "max-age=31536000; includeSubDomains"
        ],
        "X-Content-Type-Options": [
          "nosniff"
        ],
        "Date": [
          "Fri, 08 Mar 2019 22:50:44 GMT"
        ],
        "Expires": [
          "-1"
        ],
        "Content-Length": [
          "0"
        ]
      },
      "ResponseBody": "",
      "StatusCode": 202
    },
    {
      "RequestUri": "/subscriptions/0e5a46b1-de0b-4ec3-a5d7-dda908b4e076/operationresults/eyJqb2JJZCI6IlJFU09VUkNFR1JPVVBERUxFVElPTkpPQi1QUzc3OTAtV0VTVFVTIiwiam9iTG9jYXRpb24iOiJ3ZXN0dXMifQ?api-version=2016-09-01",
      "EncodedRequestUri": "L3N1YnNjcmlwdGlvbnMvMGU1YTQ2YjEtZGUwYi00ZWMzLWE1ZDctZGRhOTA4YjRlMDc2L29wZXJhdGlvbnJlc3VsdHMvZXlKcWIySkpaQ0k2SWxKRlUwOVZVa05GUjFKUFZWQkVSVXhGVkVsUFRrcFBRaTFRVXpjM09UQXRWMFZUVkZWVElpd2lhbTlpVEc5allYUnBiMjRpT2lKM1pYTjBkWE1pZlE/YXBpLXZlcnNpb249MjAxNi0wOS0wMQ==",
      "RequestMethod": "GET",
      "RequestBody": "",
      "RequestHeaders": {
        "User-Agent": [
          "FxVersion/4.6.27019.06",
          "OSName/Windows",
          "OSVersion/Microsoft.Windows.10.0.17763.",
          "Microsoft.Azure.Management.Internal.Resources.ResourceManagementClient/1.1.17"
        ]
      },
      "ResponseHeaders": {
        "Cache-Control": [
          "no-cache"
        ],
        "Pragma": [
          "no-cache"
        ],
        "Location": [
          "https://api-dogfood.resources.windows-int.net/subscriptions/0e5a46b1-de0b-4ec3-a5d7-dda908b4e076/operationresults/eyJqb2JJZCI6IlJFU09VUkNFR1JPVVBERUxFVElPTkpPQi1QUzc3OTAtV0VTVFVTIiwiam9iTG9jYXRpb24iOiJ3ZXN0dXMifQ?api-version=2016-09-01"
        ],
        "Retry-After": [
          "15"
        ],
        "x-ms-ratelimit-remaining-subscription-reads": [
          "14958"
        ],
        "x-ms-request-id": [
          "3afceca6-7c5f-4411-b76d-b971024c2a6d"
        ],
        "x-ms-correlation-request-id": [
          "3afceca6-7c5f-4411-b76d-b971024c2a6d"
        ],
        "x-ms-routing-request-id": [
          "NORTHEUROPE:20190308T225100Z:3afceca6-7c5f-4411-b76d-b971024c2a6d"
        ],
        "Strict-Transport-Security": [
          "max-age=31536000; includeSubDomains"
        ],
        "X-Content-Type-Options": [
          "nosniff"
        ],
        "Date": [
          "Fri, 08 Mar 2019 22:50:59 GMT"
        ],
        "Expires": [
          "-1"
        ],
        "Content-Length": [
          "0"
        ]
      },
      "ResponseBody": "",
      "StatusCode": 202
    },
    {
      "RequestUri": "/subscriptions/0e5a46b1-de0b-4ec3-a5d7-dda908b4e076/operationresults/eyJqb2JJZCI6IlJFU09VUkNFR1JPVVBERUxFVElPTkpPQi1QUzc3OTAtV0VTVFVTIiwiam9iTG9jYXRpb24iOiJ3ZXN0dXMifQ?api-version=2016-09-01",
      "EncodedRequestUri": "L3N1YnNjcmlwdGlvbnMvMGU1YTQ2YjEtZGUwYi00ZWMzLWE1ZDctZGRhOTA4YjRlMDc2L29wZXJhdGlvbnJlc3VsdHMvZXlKcWIySkpaQ0k2SWxKRlUwOVZVa05GUjFKUFZWQkVSVXhGVkVsUFRrcFBRaTFRVXpjM09UQXRWMFZUVkZWVElpd2lhbTlpVEc5allYUnBiMjRpT2lKM1pYTjBkWE1pZlE/YXBpLXZlcnNpb249MjAxNi0wOS0wMQ==",
      "RequestMethod": "GET",
      "RequestBody": "",
      "RequestHeaders": {
        "User-Agent": [
          "FxVersion/4.6.27019.06",
          "OSName/Windows",
          "OSVersion/Microsoft.Windows.10.0.17763.",
          "Microsoft.Azure.Management.Internal.Resources.ResourceManagementClient/1.1.17"
        ]
      },
      "ResponseHeaders": {
        "Cache-Control": [
          "no-cache"
        ],
        "Pragma": [
          "no-cache"
        ],
        "Location": [
          "https://api-dogfood.resources.windows-int.net/subscriptions/0e5a46b1-de0b-4ec3-a5d7-dda908b4e076/operationresults/eyJqb2JJZCI6IlJFU09VUkNFR1JPVVBERUxFVElPTkpPQi1QUzc3OTAtV0VTVFVTIiwiam9iTG9jYXRpb24iOiJ3ZXN0dXMifQ?api-version=2016-09-01"
        ],
        "Retry-After": [
          "15"
        ],
        "x-ms-ratelimit-remaining-subscription-reads": [
          "14957"
        ],
        "x-ms-request-id": [
          "cdd95c48-ce42-4088-b106-7c0784523537"
        ],
        "x-ms-correlation-request-id": [
          "cdd95c48-ce42-4088-b106-7c0784523537"
        ],
        "x-ms-routing-request-id": [
          "NORTHEUROPE:20190308T225115Z:cdd95c48-ce42-4088-b106-7c0784523537"
        ],
        "Strict-Transport-Security": [
          "max-age=31536000; includeSubDomains"
        ],
        "X-Content-Type-Options": [
          "nosniff"
        ],
        "Date": [
          "Fri, 08 Mar 2019 22:51:15 GMT"
        ],
        "Expires": [
          "-1"
        ],
        "Content-Length": [
          "0"
        ]
      },
      "ResponseBody": "",
      "StatusCode": 202
    },
    {
      "RequestUri": "/subscriptions/0e5a46b1-de0b-4ec3-a5d7-dda908b4e076/operationresults/eyJqb2JJZCI6IlJFU09VUkNFR1JPVVBERUxFVElPTkpPQi1QUzc3OTAtV0VTVFVTIiwiam9iTG9jYXRpb24iOiJ3ZXN0dXMifQ?api-version=2016-09-01",
      "EncodedRequestUri": "L3N1YnNjcmlwdGlvbnMvMGU1YTQ2YjEtZGUwYi00ZWMzLWE1ZDctZGRhOTA4YjRlMDc2L29wZXJhdGlvbnJlc3VsdHMvZXlKcWIySkpaQ0k2SWxKRlUwOVZVa05GUjFKUFZWQkVSVXhGVkVsUFRrcFBRaTFRVXpjM09UQXRWMFZUVkZWVElpd2lhbTlpVEc5allYUnBiMjRpT2lKM1pYTjBkWE1pZlE/YXBpLXZlcnNpb249MjAxNi0wOS0wMQ==",
      "RequestMethod": "GET",
      "RequestBody": "",
      "RequestHeaders": {
        "User-Agent": [
          "FxVersion/4.6.27019.06",
          "OSName/Windows",
          "OSVersion/Microsoft.Windows.10.0.17763.",
          "Microsoft.Azure.Management.Internal.Resources.ResourceManagementClient/1.1.17"
        ]
      },
      "ResponseHeaders": {
        "Cache-Control": [
          "no-cache"
        ],
        "Pragma": [
          "no-cache"
        ],
        "Location": [
          "https://api-dogfood.resources.windows-int.net/subscriptions/0e5a46b1-de0b-4ec3-a5d7-dda908b4e076/operationresults/eyJqb2JJZCI6IlJFU09VUkNFR1JPVVBERUxFVElPTkpPQi1QUzc3OTAtV0VTVFVTIiwiam9iTG9jYXRpb24iOiJ3ZXN0dXMifQ?api-version=2016-09-01"
        ],
        "Retry-After": [
          "15"
        ],
        "x-ms-ratelimit-remaining-subscription-reads": [
          "14956"
        ],
        "x-ms-request-id": [
          "7f68f144-bc99-4c9b-99ad-57838491063b"
        ],
        "x-ms-correlation-request-id": [
          "7f68f144-bc99-4c9b-99ad-57838491063b"
        ],
        "x-ms-routing-request-id": [
          "NORTHEUROPE:20190308T225131Z:7f68f144-bc99-4c9b-99ad-57838491063b"
        ],
        "Strict-Transport-Security": [
          "max-age=31536000; includeSubDomains"
        ],
        "X-Content-Type-Options": [
          "nosniff"
        ],
        "Date": [
          "Fri, 08 Mar 2019 22:51:31 GMT"
        ],
        "Expires": [
          "-1"
        ],
        "Content-Length": [
          "0"
        ]
      },
      "ResponseBody": "",
      "StatusCode": 202
    },
    {
      "RequestUri": "/subscriptions/0e5a46b1-de0b-4ec3-a5d7-dda908b4e076/operationresults/eyJqb2JJZCI6IlJFU09VUkNFR1JPVVBERUxFVElPTkpPQi1QUzc3OTAtV0VTVFVTIiwiam9iTG9jYXRpb24iOiJ3ZXN0dXMifQ?api-version=2016-09-01",
      "EncodedRequestUri": "L3N1YnNjcmlwdGlvbnMvMGU1YTQ2YjEtZGUwYi00ZWMzLWE1ZDctZGRhOTA4YjRlMDc2L29wZXJhdGlvbnJlc3VsdHMvZXlKcWIySkpaQ0k2SWxKRlUwOVZVa05GUjFKUFZWQkVSVXhGVkVsUFRrcFBRaTFRVXpjM09UQXRWMFZUVkZWVElpd2lhbTlpVEc5allYUnBiMjRpT2lKM1pYTjBkWE1pZlE/YXBpLXZlcnNpb249MjAxNi0wOS0wMQ==",
      "RequestMethod": "GET",
      "RequestBody": "",
      "RequestHeaders": {
        "User-Agent": [
          "FxVersion/4.6.27019.06",
          "OSName/Windows",
          "OSVersion/Microsoft.Windows.10.0.17763.",
          "Microsoft.Azure.Management.Internal.Resources.ResourceManagementClient/1.1.17"
        ]
      },
      "ResponseHeaders": {
        "Cache-Control": [
          "no-cache"
        ],
        "Pragma": [
          "no-cache"
        ],
        "Location": [
          "https://api-dogfood.resources.windows-int.net/subscriptions/0e5a46b1-de0b-4ec3-a5d7-dda908b4e076/operationresults/eyJqb2JJZCI6IlJFU09VUkNFR1JPVVBERUxFVElPTkpPQi1QUzc3OTAtV0VTVFVTIiwiam9iTG9jYXRpb24iOiJ3ZXN0dXMifQ?api-version=2016-09-01"
        ],
        "Retry-After": [
          "15"
        ],
        "x-ms-ratelimit-remaining-subscription-reads": [
          "14955"
        ],
        "x-ms-request-id": [
          "224bcc4c-d9c5-4a23-bd4a-9c6bca5b3d91"
        ],
        "x-ms-correlation-request-id": [
          "224bcc4c-d9c5-4a23-bd4a-9c6bca5b3d91"
        ],
        "x-ms-routing-request-id": [
          "NORTHEUROPE:20190308T225146Z:224bcc4c-d9c5-4a23-bd4a-9c6bca5b3d91"
        ],
        "Strict-Transport-Security": [
          "max-age=31536000; includeSubDomains"
        ],
        "X-Content-Type-Options": [
          "nosniff"
        ],
        "Date": [
          "Fri, 08 Mar 2019 22:51:46 GMT"
        ],
        "Expires": [
          "-1"
        ],
        "Content-Length": [
          "0"
        ]
      },
      "ResponseBody": "",
      "StatusCode": 202
    },
    {
      "RequestUri": "/subscriptions/0e5a46b1-de0b-4ec3-a5d7-dda908b4e076/operationresults/eyJqb2JJZCI6IlJFU09VUkNFR1JPVVBERUxFVElPTkpPQi1QUzc3OTAtV0VTVFVTIiwiam9iTG9jYXRpb24iOiJ3ZXN0dXMifQ?api-version=2016-09-01",
      "EncodedRequestUri": "L3N1YnNjcmlwdGlvbnMvMGU1YTQ2YjEtZGUwYi00ZWMzLWE1ZDctZGRhOTA4YjRlMDc2L29wZXJhdGlvbnJlc3VsdHMvZXlKcWIySkpaQ0k2SWxKRlUwOVZVa05GUjFKUFZWQkVSVXhGVkVsUFRrcFBRaTFRVXpjM09UQXRWMFZUVkZWVElpd2lhbTlpVEc5allYUnBiMjRpT2lKM1pYTjBkWE1pZlE/YXBpLXZlcnNpb249MjAxNi0wOS0wMQ==",
      "RequestMethod": "GET",
      "RequestBody": "",
      "RequestHeaders": {
        "User-Agent": [
          "FxVersion/4.6.27019.06",
          "OSName/Windows",
          "OSVersion/Microsoft.Windows.10.0.17763.",
          "Microsoft.Azure.Management.Internal.Resources.ResourceManagementClient/1.1.17"
        ]
      },
      "ResponseHeaders": {
        "Cache-Control": [
          "no-cache"
        ],
        "Pragma": [
          "no-cache"
        ],
        "Location": [
          "https://api-dogfood.resources.windows-int.net/subscriptions/0e5a46b1-de0b-4ec3-a5d7-dda908b4e076/operationresults/eyJqb2JJZCI6IlJFU09VUkNFR1JPVVBERUxFVElPTkpPQi1QUzc3OTAtV0VTVFVTIiwiam9iTG9jYXRpb24iOiJ3ZXN0dXMifQ?api-version=2016-09-01"
        ],
        "Retry-After": [
          "15"
        ],
        "x-ms-ratelimit-remaining-subscription-reads": [
          "14954"
        ],
        "x-ms-request-id": [
          "cabcab0c-2097-4ba4-b202-2ad165282ef8"
        ],
        "x-ms-correlation-request-id": [
          "cabcab0c-2097-4ba4-b202-2ad165282ef8"
        ],
        "x-ms-routing-request-id": [
          "NORTHEUROPE:20190308T225201Z:cabcab0c-2097-4ba4-b202-2ad165282ef8"
        ],
        "Strict-Transport-Security": [
          "max-age=31536000; includeSubDomains"
        ],
        "X-Content-Type-Options": [
          "nosniff"
        ],
        "Date": [
          "Fri, 08 Mar 2019 22:52:01 GMT"
        ],
        "Expires": [
          "-1"
        ],
        "Content-Length": [
          "0"
        ]
      },
      "ResponseBody": "",
      "StatusCode": 202
    },
    {
      "RequestUri": "/subscriptions/0e5a46b1-de0b-4ec3-a5d7-dda908b4e076/operationresults/eyJqb2JJZCI6IlJFU09VUkNFR1JPVVBERUxFVElPTkpPQi1QUzc3OTAtV0VTVFVTIiwiam9iTG9jYXRpb24iOiJ3ZXN0dXMifQ?api-version=2016-09-01",
      "EncodedRequestUri": "L3N1YnNjcmlwdGlvbnMvMGU1YTQ2YjEtZGUwYi00ZWMzLWE1ZDctZGRhOTA4YjRlMDc2L29wZXJhdGlvbnJlc3VsdHMvZXlKcWIySkpaQ0k2SWxKRlUwOVZVa05GUjFKUFZWQkVSVXhGVkVsUFRrcFBRaTFRVXpjM09UQXRWMFZUVkZWVElpd2lhbTlpVEc5allYUnBiMjRpT2lKM1pYTjBkWE1pZlE/YXBpLXZlcnNpb249MjAxNi0wOS0wMQ==",
      "RequestMethod": "GET",
      "RequestBody": "",
      "RequestHeaders": {
        "User-Agent": [
          "FxVersion/4.6.27019.06",
          "OSName/Windows",
          "OSVersion/Microsoft.Windows.10.0.17763.",
          "Microsoft.Azure.Management.Internal.Resources.ResourceManagementClient/1.1.17"
        ]
      },
      "ResponseHeaders": {
        "Cache-Control": [
          "no-cache"
        ],
        "Pragma": [
          "no-cache"
        ],
        "Location": [
          "https://api-dogfood.resources.windows-int.net/subscriptions/0e5a46b1-de0b-4ec3-a5d7-dda908b4e076/operationresults/eyJqb2JJZCI6IlJFU09VUkNFR1JPVVBERUxFVElPTkpPQi1QUzc3OTAtV0VTVFVTIiwiam9iTG9jYXRpb24iOiJ3ZXN0dXMifQ?api-version=2016-09-01"
        ],
        "Retry-After": [
          "15"
        ],
        "x-ms-ratelimit-remaining-subscription-reads": [
          "14953"
        ],
        "x-ms-request-id": [
          "bc19a7b7-0efd-4911-9ec5-0cb2368732ff"
        ],
        "x-ms-correlation-request-id": [
          "bc19a7b7-0efd-4911-9ec5-0cb2368732ff"
        ],
        "x-ms-routing-request-id": [
          "NORTHEUROPE:20190308T225217Z:bc19a7b7-0efd-4911-9ec5-0cb2368732ff"
        ],
        "Strict-Transport-Security": [
          "max-age=31536000; includeSubDomains"
        ],
        "X-Content-Type-Options": [
          "nosniff"
        ],
        "Date": [
          "Fri, 08 Mar 2019 22:52:17 GMT"
        ],
        "Expires": [
          "-1"
        ],
        "Content-Length": [
          "0"
        ]
      },
      "ResponseBody": "",
      "StatusCode": 202
    },
    {
      "RequestUri": "/subscriptions/0e5a46b1-de0b-4ec3-a5d7-dda908b4e076/operationresults/eyJqb2JJZCI6IlJFU09VUkNFR1JPVVBERUxFVElPTkpPQi1QUzc3OTAtV0VTVFVTIiwiam9iTG9jYXRpb24iOiJ3ZXN0dXMifQ?api-version=2016-09-01",
      "EncodedRequestUri": "L3N1YnNjcmlwdGlvbnMvMGU1YTQ2YjEtZGUwYi00ZWMzLWE1ZDctZGRhOTA4YjRlMDc2L29wZXJhdGlvbnJlc3VsdHMvZXlKcWIySkpaQ0k2SWxKRlUwOVZVa05GUjFKUFZWQkVSVXhGVkVsUFRrcFBRaTFRVXpjM09UQXRWMFZUVkZWVElpd2lhbTlpVEc5allYUnBiMjRpT2lKM1pYTjBkWE1pZlE/YXBpLXZlcnNpb249MjAxNi0wOS0wMQ==",
      "RequestMethod": "GET",
      "RequestBody": "",
      "RequestHeaders": {
        "User-Agent": [
          "FxVersion/4.6.27019.06",
          "OSName/Windows",
          "OSVersion/Microsoft.Windows.10.0.17763.",
          "Microsoft.Azure.Management.Internal.Resources.ResourceManagementClient/1.1.17"
        ]
      },
      "ResponseHeaders": {
        "Cache-Control": [
          "no-cache"
        ],
        "Pragma": [
          "no-cache"
        ],
        "Location": [
          "https://api-dogfood.resources.windows-int.net/subscriptions/0e5a46b1-de0b-4ec3-a5d7-dda908b4e076/operationresults/eyJqb2JJZCI6IlJFU09VUkNFR1JPVVBERUxFVElPTkpPQi1QUzc3OTAtV0VTVFVTIiwiam9iTG9jYXRpb24iOiJ3ZXN0dXMifQ?api-version=2016-09-01"
        ],
        "Retry-After": [
          "15"
        ],
        "x-ms-ratelimit-remaining-subscription-reads": [
          "14952"
        ],
        "x-ms-request-id": [
          "64b76886-aec0-4902-ad43-9a2d36d401a5"
        ],
        "x-ms-correlation-request-id": [
          "64b76886-aec0-4902-ad43-9a2d36d401a5"
        ],
        "x-ms-routing-request-id": [
          "NORTHEUROPE:20190308T225232Z:64b76886-aec0-4902-ad43-9a2d36d401a5"
        ],
        "Strict-Transport-Security": [
          "max-age=31536000; includeSubDomains"
        ],
        "X-Content-Type-Options": [
          "nosniff"
        ],
        "Date": [
          "Fri, 08 Mar 2019 22:52:32 GMT"
        ],
        "Expires": [
          "-1"
        ],
        "Content-Length": [
          "0"
        ]
      },
      "ResponseBody": "",
      "StatusCode": 202
    },
    {
      "RequestUri": "/subscriptions/0e5a46b1-de0b-4ec3-a5d7-dda908b4e076/operationresults/eyJqb2JJZCI6IlJFU09VUkNFR1JPVVBERUxFVElPTkpPQi1QUzc3OTAtV0VTVFVTIiwiam9iTG9jYXRpb24iOiJ3ZXN0dXMifQ?api-version=2016-09-01",
      "EncodedRequestUri": "L3N1YnNjcmlwdGlvbnMvMGU1YTQ2YjEtZGUwYi00ZWMzLWE1ZDctZGRhOTA4YjRlMDc2L29wZXJhdGlvbnJlc3VsdHMvZXlKcWIySkpaQ0k2SWxKRlUwOVZVa05GUjFKUFZWQkVSVXhGVkVsUFRrcFBRaTFRVXpjM09UQXRWMFZUVkZWVElpd2lhbTlpVEc5allYUnBiMjRpT2lKM1pYTjBkWE1pZlE/YXBpLXZlcnNpb249MjAxNi0wOS0wMQ==",
      "RequestMethod": "GET",
      "RequestBody": "",
      "RequestHeaders": {
        "User-Agent": [
          "FxVersion/4.6.27019.06",
          "OSName/Windows",
          "OSVersion/Microsoft.Windows.10.0.17763.",
          "Microsoft.Azure.Management.Internal.Resources.ResourceManagementClient/1.1.17"
        ]
      },
      "ResponseHeaders": {
        "Cache-Control": [
          "no-cache"
        ],
        "Pragma": [
          "no-cache"
        ],
        "Location": [
          "https://api-dogfood.resources.windows-int.net/subscriptions/0e5a46b1-de0b-4ec3-a5d7-dda908b4e076/operationresults/eyJqb2JJZCI6IlJFU09VUkNFR1JPVVBERUxFVElPTkpPQi1QUzc3OTAtV0VTVFVTIiwiam9iTG9jYXRpb24iOiJ3ZXN0dXMifQ?api-version=2016-09-01"
        ],
        "Retry-After": [
          "15"
        ],
        "x-ms-ratelimit-remaining-subscription-reads": [
          "14951"
        ],
        "x-ms-request-id": [
          "80990a5a-4b41-429a-a9fd-3a0f88703813"
        ],
        "x-ms-correlation-request-id": [
          "80990a5a-4b41-429a-a9fd-3a0f88703813"
        ],
        "x-ms-routing-request-id": [
          "NORTHEUROPE:20190308T225248Z:80990a5a-4b41-429a-a9fd-3a0f88703813"
        ],
        "Strict-Transport-Security": [
          "max-age=31536000; includeSubDomains"
        ],
        "X-Content-Type-Options": [
          "nosniff"
        ],
        "Date": [
          "Fri, 08 Mar 2019 22:52:47 GMT"
        ],
        "Expires": [
          "-1"
        ],
        "Content-Length": [
          "0"
        ]
      },
      "ResponseBody": "",
      "StatusCode": 202
    },
    {
      "RequestUri": "/subscriptions/0e5a46b1-de0b-4ec3-a5d7-dda908b4e076/operationresults/eyJqb2JJZCI6IlJFU09VUkNFR1JPVVBERUxFVElPTkpPQi1QUzc3OTAtV0VTVFVTIiwiam9iTG9jYXRpb24iOiJ3ZXN0dXMifQ?api-version=2016-09-01",
      "EncodedRequestUri": "L3N1YnNjcmlwdGlvbnMvMGU1YTQ2YjEtZGUwYi00ZWMzLWE1ZDctZGRhOTA4YjRlMDc2L29wZXJhdGlvbnJlc3VsdHMvZXlKcWIySkpaQ0k2SWxKRlUwOVZVa05GUjFKUFZWQkVSVXhGVkVsUFRrcFBRaTFRVXpjM09UQXRWMFZUVkZWVElpd2lhbTlpVEc5allYUnBiMjRpT2lKM1pYTjBkWE1pZlE/YXBpLXZlcnNpb249MjAxNi0wOS0wMQ==",
      "RequestMethod": "GET",
      "RequestBody": "",
      "RequestHeaders": {
        "User-Agent": [
          "FxVersion/4.6.27019.06",
          "OSName/Windows",
          "OSVersion/Microsoft.Windows.10.0.17763.",
          "Microsoft.Azure.Management.Internal.Resources.ResourceManagementClient/1.1.17"
        ]
      },
      "ResponseHeaders": {
        "Cache-Control": [
          "no-cache"
        ],
        "Pragma": [
          "no-cache"
        ],
        "Location": [
          "https://api-dogfood.resources.windows-int.net/subscriptions/0e5a46b1-de0b-4ec3-a5d7-dda908b4e076/operationresults/eyJqb2JJZCI6IlJFU09VUkNFR1JPVVBERUxFVElPTkpPQi1QUzc3OTAtV0VTVFVTIiwiam9iTG9jYXRpb24iOiJ3ZXN0dXMifQ?api-version=2016-09-01"
        ],
        "Retry-After": [
          "15"
        ],
        "x-ms-ratelimit-remaining-subscription-reads": [
          "14950"
        ],
        "x-ms-request-id": [
          "acba7f43-3937-44e7-a0a7-298ed3f12955"
        ],
        "x-ms-correlation-request-id": [
          "acba7f43-3937-44e7-a0a7-298ed3f12955"
        ],
        "x-ms-routing-request-id": [
          "NORTHEUROPE:20190308T225303Z:acba7f43-3937-44e7-a0a7-298ed3f12955"
        ],
        "Strict-Transport-Security": [
          "max-age=31536000; includeSubDomains"
        ],
        "X-Content-Type-Options": [
          "nosniff"
        ],
        "Date": [
          "Fri, 08 Mar 2019 22:53:03 GMT"
        ],
        "Expires": [
          "-1"
        ],
        "Content-Length": [
          "0"
        ]
      },
      "ResponseBody": "",
      "StatusCode": 202
    },
    {
      "RequestUri": "/subscriptions/0e5a46b1-de0b-4ec3-a5d7-dda908b4e076/operationresults/eyJqb2JJZCI6IlJFU09VUkNFR1JPVVBERUxFVElPTkpPQi1QUzc3OTAtV0VTVFVTIiwiam9iTG9jYXRpb24iOiJ3ZXN0dXMifQ?api-version=2016-09-01",
      "EncodedRequestUri": "L3N1YnNjcmlwdGlvbnMvMGU1YTQ2YjEtZGUwYi00ZWMzLWE1ZDctZGRhOTA4YjRlMDc2L29wZXJhdGlvbnJlc3VsdHMvZXlKcWIySkpaQ0k2SWxKRlUwOVZVa05GUjFKUFZWQkVSVXhGVkVsUFRrcFBRaTFRVXpjM09UQXRWMFZUVkZWVElpd2lhbTlpVEc5allYUnBiMjRpT2lKM1pYTjBkWE1pZlE/YXBpLXZlcnNpb249MjAxNi0wOS0wMQ==",
      "RequestMethod": "GET",
      "RequestBody": "",
      "RequestHeaders": {
        "User-Agent": [
          "FxVersion/4.6.27019.06",
          "OSName/Windows",
          "OSVersion/Microsoft.Windows.10.0.17763.",
          "Microsoft.Azure.Management.Internal.Resources.ResourceManagementClient/1.1.17"
        ]
      },
      "ResponseHeaders": {
        "Cache-Control": [
          "no-cache"
        ],
        "Pragma": [
          "no-cache"
        ],
        "x-ms-ratelimit-remaining-subscription-reads": [
          "14949"
        ],
        "x-ms-request-id": [
          "fecbe2a5-4b9d-4d76-b638-ddc5b7439100"
        ],
        "x-ms-correlation-request-id": [
          "fecbe2a5-4b9d-4d76-b638-ddc5b7439100"
        ],
        "x-ms-routing-request-id": [
          "NORTHEUROPE:20190308T225318Z:fecbe2a5-4b9d-4d76-b638-ddc5b7439100"
        ],
        "Strict-Transport-Security": [
          "max-age=31536000; includeSubDomains"
        ],
        "X-Content-Type-Options": [
          "nosniff"
        ],
        "Date": [
          "Fri, 08 Mar 2019 22:53:17 GMT"
        ],
        "Expires": [
          "-1"
        ],
        "Content-Length": [
          "0"
        ]
      },
      "ResponseBody": "",
      "StatusCode": 200
    },
    {
      "RequestUri": "/subscriptions/0e5a46b1-de0b-4ec3-a5d7-dda908b4e076/operationresults/eyJqb2JJZCI6IlJFU09VUkNFR1JPVVBERUxFVElPTkpPQi1QUzc3OTAtV0VTVFVTIiwiam9iTG9jYXRpb24iOiJ3ZXN0dXMifQ?api-version=2016-09-01",
      "EncodedRequestUri": "L3N1YnNjcmlwdGlvbnMvMGU1YTQ2YjEtZGUwYi00ZWMzLWE1ZDctZGRhOTA4YjRlMDc2L29wZXJhdGlvbnJlc3VsdHMvZXlKcWIySkpaQ0k2SWxKRlUwOVZVa05GUjFKUFZWQkVSVXhGVkVsUFRrcFBRaTFRVXpjM09UQXRWMFZUVkZWVElpd2lhbTlpVEc5allYUnBiMjRpT2lKM1pYTjBkWE1pZlE/YXBpLXZlcnNpb249MjAxNi0wOS0wMQ==",
      "RequestMethod": "GET",
      "RequestBody": "",
      "RequestHeaders": {
        "User-Agent": [
          "FxVersion/4.6.27019.06",
          "OSName/Windows",
          "OSVersion/Microsoft.Windows.10.0.17763.",
          "Microsoft.Azure.Management.Internal.Resources.ResourceManagementClient/1.1.17"
        ]
      },
      "ResponseHeaders": {
        "Cache-Control": [
          "no-cache"
        ],
        "Pragma": [
          "no-cache"
        ],
        "x-ms-ratelimit-remaining-subscription-reads": [
          "14948"
        ],
        "x-ms-request-id": [
          "d5934b32-15cf-42dc-96af-f3e19f1bbbb1"
        ],
        "x-ms-correlation-request-id": [
          "d5934b32-15cf-42dc-96af-f3e19f1bbbb1"
        ],
        "x-ms-routing-request-id": [
          "NORTHEUROPE:20190308T225319Z:d5934b32-15cf-42dc-96af-f3e19f1bbbb1"
        ],
        "Strict-Transport-Security": [
          "max-age=31536000; includeSubDomains"
        ],
        "X-Content-Type-Options": [
          "nosniff"
        ],
        "Date": [
          "Fri, 08 Mar 2019 22:53:19 GMT"
        ],
        "Expires": [
          "-1"
        ],
        "Content-Length": [
          "0"
        ]
      },
      "ResponseBody": "",
      "StatusCode": 200
    }
  ],
  "Names": {
    "Test-UpdateLinkRegistrationStatusWithResourceId": [
      "ps4183",
      "ps939",
      "ps7790",
      "ps3526"
    ]
  },
  "Variables": {
    "SubscriptionId": "0e5a46b1-de0b-4ec3-a5d7-dda908b4e076"
  }
}