{
  "Entries": [
    {
      "RequestUri": "/subscriptions/0e5a46b1-de0b-4ec3-a5d7-dda908b4e076/resourcegroups/ps2376?api-version=2016-09-01",
      "EncodedRequestUri": "L3N1YnNjcmlwdGlvbnMvMGU1YTQ2YjEtZGUwYi00ZWMzLWE1ZDctZGRhOTA4YjRlMDc2L3Jlc291cmNlZ3JvdXBzL3BzMjM3Nj9hcGktdmVyc2lvbj0yMDE2LTA5LTAx",
      "RequestMethod": "PUT",
      "RequestBody": "{\r\n  \"location\": \"West US\"\r\n}",
      "RequestHeaders": {
        "x-ms-client-request-id": [
          "92ac6b22-868e-436a-8e79-2b0ff988a4c2"
        ],
        "Accept-Language": [
          "en-US"
        ],
        "User-Agent": [
          "FxVersion/4.6.27019.06",
          "OSName/Windows",
          "OSVersion/Microsoft.Windows.10.0.17763.",
          "Microsoft.Azure.Management.Internal.Resources.ResourceManagementClient/1.1.17"
        ],
        "Content-Type": [
          "application/json; charset=utf-8"
        ],
        "Content-Length": [
          "29"
        ]
      },
      "ResponseHeaders": {
        "Cache-Control": [
          "no-cache"
        ],
        "Pragma": [
          "no-cache"
        ],
        "x-ms-ratelimit-remaining-subscription-writes": [
          "1187"
        ],
        "x-ms-request-id": [
          "cd1fe3bb-d8bc-4ccc-b7eb-23faa983c4c5"
        ],
        "x-ms-correlation-request-id": [
          "cd1fe3bb-d8bc-4ccc-b7eb-23faa983c4c5"
        ],
        "x-ms-routing-request-id": [
          "NORTHEUROPE:20190308T225931Z:cd1fe3bb-d8bc-4ccc-b7eb-23faa983c4c5"
        ],
        "Strict-Transport-Security": [
          "max-age=31536000; includeSubDomains"
        ],
        "X-Content-Type-Options": [
          "nosniff"
        ],
        "Date": [
          "Fri, 08 Mar 2019 22:59:30 GMT"
        ],
        "Content-Length": [
          "165"
        ],
        "Content-Type": [
          "application/json; charset=utf-8"
        ],
        "Expires": [
          "-1"
        ]
      },
      "ResponseBody": "{\r\n  \"id\": \"/subscriptions/0e5a46b1-de0b-4ec3-a5d7-dda908b4e076/resourceGroups/ps2376\",\r\n  \"name\": \"ps2376\",\r\n  \"location\": \"westus\",\r\n  \"properties\": {\r\n    \"provisioningState\": \"Succeeded\"\r\n  }\r\n}",
      "StatusCode": 201
    },
    {
      "RequestUri": "/subscriptions/0e5a46b1-de0b-4ec3-a5d7-dda908b4e076/resourceGroups/ps2376/providers/Microsoft.Network/privateDnsZones/ps9123.pstest.test?api-version=2018-09-01",
      "EncodedRequestUri": "L3N1YnNjcmlwdGlvbnMvMGU1YTQ2YjEtZGUwYi00ZWMzLWE1ZDctZGRhOTA4YjRlMDc2L3Jlc291cmNlR3JvdXBzL3BzMjM3Ni9wcm92aWRlcnMvTWljcm9zb2Z0Lk5ldHdvcmsvcHJpdmF0ZURuc1pvbmVzL3BzOTEyMy5wc3Rlc3QudGVzdD9hcGktdmVyc2lvbj0yMDE4LTA5LTAx",
      "RequestMethod": "PUT",
      "RequestBody": "{\r\n  \"tags\": {\r\n    \"tag1\": \"value1\"\r\n  },\r\n  \"location\": \"global\"\r\n}",
      "RequestHeaders": {
        "x-ms-client-request-id": [
          "f7a93370-50ca-4c4c-92ef-73b94eb39bba"
        ],
        "If-None-Match": [
          "*"
        ],
        "Accept-Language": [
          "en-US"
        ],
        "User-Agent": [
          "FxVersion/4.6.27019.06",
          "OSName/Windows",
          "OSVersion/Microsoft.Windows.10.0.17763.",
          "Microsoft.Azure.Management.PrivateDns.PrivateDnsManagementClient/1.0.0.0"
        ],
        "Content-Type": [
          "application/json; charset=utf-8"
        ],
        "Content-Length": [
          "69"
        ]
      },
      "ResponseHeaders": {
        "Cache-Control": [
          "private"
        ],
        "Location": [
          "https://api-dogfood.resources.windows-int.net/subscriptions/0e5a46b1-de0b-4ec3-a5d7-dda908b4e076/resourceGroups/ps2376/providers/Microsoft.Network/privateDnsOperationResults/RnJvbnRFbmRBc3luY09wZXJhdGlvbjtVcHNlcnRQcml2YXRlRG5zWm9uZTs5YjEyOTVlNS1kYWU4LTRiODYtYWZkYy00YjQyZjZhMjZhYzc=?api-version=2018-09-01"
        ],
        "Retry-After": [
          "3"
        ],
        "X-Content-Type-Options": [
          "nosniff"
        ],
        "Strict-Transport-Security": [
          "max-age=31536000; includeSubDomains"
        ],
        "Azure-AsyncOperation": [
          "https://api-dogfood.resources.windows-int.net:443/subscriptions/0e5a46b1-de0b-4ec3-a5d7-dda908b4e076/resourceGroups/ps2376/providers/Microsoft.Network/privateDnsOperationStatuses/RnJvbnRFbmRBc3luY09wZXJhdGlvbjtVcHNlcnRQcml2YXRlRG5zWm9uZTs5YjEyOTVlNS1kYWU4LTRiODYtYWZkYy00YjQyZjZhMjZhYzc=?api-version=2018-09-01"
        ],
        "x-ms-request-id": [
          "f7a93370-50ca-4c4c-92ef-73b94eb39bba"
        ],
        "Server": [
          "Microsoft-IIS/10.0"
        ],
        "X-AspNet-Version": [
          "4.0.30319"
        ],
        "X-Powered-By": [
          "ASP.NET"
        ],
        "x-ms-ratelimit-remaining-subscription-resource-requests": [
          "11984"
        ],
        "x-ms-correlation-request-id": [
          "26fed02a-3706-48a9-bff6-c4294ba73a4b"
        ],
        "x-ms-routing-request-id": [
          "NORTHEUROPE:20190308T225933Z:26fed02a-3706-48a9-bff6-c4294ba73a4b"
        ],
        "Date": [
          "Fri, 08 Mar 2019 22:59:32 GMT"
        ],
        "Content-Length": [
          "2"
        ],
        "Content-Type": [
          "application/json; charset=utf-8"
        ]
      },
      "ResponseBody": "{}",
      "StatusCode": 202
    },
    {
      "RequestUri": "/subscriptions/0e5a46b1-de0b-4ec3-a5d7-dda908b4e076/resourceGroups/ps2376/providers/Microsoft.Network/privateDnsOperationStatuses/RnJvbnRFbmRBc3luY09wZXJhdGlvbjtVcHNlcnRQcml2YXRlRG5zWm9uZTs5YjEyOTVlNS1kYWU4LTRiODYtYWZkYy00YjQyZjZhMjZhYzc=?api-version=2018-09-01",
      "EncodedRequestUri": "L3N1YnNjcmlwdGlvbnMvMGU1YTQ2YjEtZGUwYi00ZWMzLWE1ZDctZGRhOTA4YjRlMDc2L3Jlc291cmNlR3JvdXBzL3BzMjM3Ni9wcm92aWRlcnMvTWljcm9zb2Z0Lk5ldHdvcmsvcHJpdmF0ZURuc09wZXJhdGlvblN0YXR1c2VzL1JuSnZiblJGYm1SQmMzbHVZMDl3WlhKaGRHbHZianRWY0hObGNuUlFjbWwyWVhSbFJHNXpXbTl1WlRzNVlqRXlPVFZsTlMxa1lXVTRMVFJpT0RZdFlXWmtZeTAwWWpReVpqWmhNalpoWXpjPT9hcGktdmVyc2lvbj0yMDE4LTA5LTAx",
      "RequestMethod": "GET",
      "RequestBody": "",
      "RequestHeaders": {
        "User-Agent": [
          "FxVersion/4.6.27019.06",
          "OSName/Windows",
          "OSVersion/Microsoft.Windows.10.0.17763.",
          "Microsoft.Azure.Management.PrivateDns.PrivateDnsManagementClient/1.0.0.0"
        ]
      },
      "ResponseHeaders": {
        "Cache-Control": [
          "private"
        ],
        "Location": [
          "https://api-dogfood.resources.windows-int.net/subscriptions/0e5a46b1-de0b-4ec3-a5d7-dda908b4e076/resourceGroups/ps2376/providers/Microsoft.Network/privateDnsOperationResults/RnJvbnRFbmRBc3luY09wZXJhdGlvbjtVcHNlcnRQcml2YXRlRG5zWm9uZTs5YjEyOTVlNS1kYWU4LTRiODYtYWZkYy00YjQyZjZhMjZhYzc=?api-version=2018-09-01"
        ],
        "Retry-After": [
          "3"
        ],
        "X-Content-Type-Options": [
          "nosniff"
        ],
        "Strict-Transport-Security": [
          "max-age=31536000; includeSubDomains"
        ],
        "Azure-AsyncOperation": [
          "https://api-dogfood.resources.windows-int.net:443/subscriptions/0e5a46b1-de0b-4ec3-a5d7-dda908b4e076/resourceGroups/ps2376/providers/Microsoft.Network/privateDnsOperationStatuses/RnJvbnRFbmRBc3luY09wZXJhdGlvbjtVcHNlcnRQcml2YXRlRG5zWm9uZTs5YjEyOTVlNS1kYWU4LTRiODYtYWZkYy00YjQyZjZhMjZhYzc=?api-version=2018-09-01"
        ],
        "x-ms-request-id": [
          "d2169a2e-9e36-45b4-a151-7f2407c47770"
        ],
        "Server": [
          "Microsoft-IIS/10.0"
        ],
        "X-AspNet-Version": [
          "4.0.30319"
        ],
        "X-Powered-By": [
          "ASP.NET"
        ],
        "x-ms-ratelimit-remaining-subscription-resource-requests": [
          "11915"
        ],
        "x-ms-correlation-request-id": [
          "c1f42bf3-a30b-456d-bc0a-20dfc700208f"
        ],
        "x-ms-routing-request-id": [
          "NORTHEUROPE:20190308T225936Z:c1f42bf3-a30b-456d-bc0a-20dfc700208f"
        ],
        "Date": [
          "Fri, 08 Mar 2019 22:59:35 GMT"
        ],
        "Content-Length": [
          "23"
        ],
        "Content-Type": [
          "application/json; charset=utf-8"
        ]
      },
      "ResponseBody": "{\r\n  \"status\": \"InProgress\"\r\n}",
      "StatusCode": 202
    },
    {
      "RequestUri": "/subscriptions/0e5a46b1-de0b-4ec3-a5d7-dda908b4e076/resourceGroups/ps2376/providers/Microsoft.Network/privateDnsOperationStatuses/RnJvbnRFbmRBc3luY09wZXJhdGlvbjtVcHNlcnRQcml2YXRlRG5zWm9uZTs5YjEyOTVlNS1kYWU4LTRiODYtYWZkYy00YjQyZjZhMjZhYzc=?api-version=2018-09-01",
      "EncodedRequestUri": "L3N1YnNjcmlwdGlvbnMvMGU1YTQ2YjEtZGUwYi00ZWMzLWE1ZDctZGRhOTA4YjRlMDc2L3Jlc291cmNlR3JvdXBzL3BzMjM3Ni9wcm92aWRlcnMvTWljcm9zb2Z0Lk5ldHdvcmsvcHJpdmF0ZURuc09wZXJhdGlvblN0YXR1c2VzL1JuSnZiblJGYm1SQmMzbHVZMDl3WlhKaGRHbHZianRWY0hObGNuUlFjbWwyWVhSbFJHNXpXbTl1WlRzNVlqRXlPVFZsTlMxa1lXVTRMVFJpT0RZdFlXWmtZeTAwWWpReVpqWmhNalpoWXpjPT9hcGktdmVyc2lvbj0yMDE4LTA5LTAx",
      "RequestMethod": "GET",
      "RequestBody": "",
      "RequestHeaders": {
        "User-Agent": [
          "FxVersion/4.6.27019.06",
          "OSName/Windows",
          "OSVersion/Microsoft.Windows.10.0.17763.",
          "Microsoft.Azure.Management.PrivateDns.PrivateDnsManagementClient/1.0.0.0"
        ]
      },
      "ResponseHeaders": {
        "Cache-Control": [
          "private"
        ],
        "Location": [
          "https://api-dogfood.resources.windows-int.net/subscriptions/0e5a46b1-de0b-4ec3-a5d7-dda908b4e076/resourceGroups/ps2376/providers/Microsoft.Network/privateDnsOperationResults/RnJvbnRFbmRBc3luY09wZXJhdGlvbjtVcHNlcnRQcml2YXRlRG5zWm9uZTs5YjEyOTVlNS1kYWU4LTRiODYtYWZkYy00YjQyZjZhMjZhYzc=?api-version=2018-09-01"
        ],
        "Retry-After": [
          "3"
        ],
        "X-Content-Type-Options": [
          "nosniff"
        ],
        "Strict-Transport-Security": [
          "max-age=31536000; includeSubDomains"
        ],
        "Azure-AsyncOperation": [
          "https://api-dogfood.resources.windows-int.net:443/subscriptions/0e5a46b1-de0b-4ec3-a5d7-dda908b4e076/resourceGroups/ps2376/providers/Microsoft.Network/privateDnsOperationStatuses/RnJvbnRFbmRBc3luY09wZXJhdGlvbjtVcHNlcnRQcml2YXRlRG5zWm9uZTs5YjEyOTVlNS1kYWU4LTRiODYtYWZkYy00YjQyZjZhMjZhYzc=?api-version=2018-09-01"
        ],
        "x-ms-request-id": [
          "c46465cd-0a04-48b0-8054-773bc98ca993"
        ],
        "Server": [
          "Microsoft-IIS/10.0"
        ],
        "X-AspNet-Version": [
          "4.0.30319"
        ],
        "X-Powered-By": [
          "ASP.NET"
        ],
        "x-ms-ratelimit-remaining-subscription-resource-requests": [
          "11914"
        ],
        "x-ms-correlation-request-id": [
          "6d0ba587-f74f-4bb1-a551-000adbe8e1c2"
        ],
        "x-ms-routing-request-id": [
          "NORTHEUROPE:20190308T225939Z:6d0ba587-f74f-4bb1-a551-000adbe8e1c2"
        ],
        "Date": [
          "Fri, 08 Mar 2019 22:59:39 GMT"
        ],
        "Content-Length": [
          "23"
        ],
        "Content-Type": [
          "application/json; charset=utf-8"
        ]
      },
      "ResponseBody": "{\r\n  \"status\": \"InProgress\"\r\n}",
      "StatusCode": 202
    },
    {
      "RequestUri": "/subscriptions/0e5a46b1-de0b-4ec3-a5d7-dda908b4e076/resourceGroups/ps2376/providers/Microsoft.Network/privateDnsOperationStatuses/RnJvbnRFbmRBc3luY09wZXJhdGlvbjtVcHNlcnRQcml2YXRlRG5zWm9uZTs5YjEyOTVlNS1kYWU4LTRiODYtYWZkYy00YjQyZjZhMjZhYzc=?api-version=2018-09-01",
      "EncodedRequestUri": "L3N1YnNjcmlwdGlvbnMvMGU1YTQ2YjEtZGUwYi00ZWMzLWE1ZDctZGRhOTA4YjRlMDc2L3Jlc291cmNlR3JvdXBzL3BzMjM3Ni9wcm92aWRlcnMvTWljcm9zb2Z0Lk5ldHdvcmsvcHJpdmF0ZURuc09wZXJhdGlvblN0YXR1c2VzL1JuSnZiblJGYm1SQmMzbHVZMDl3WlhKaGRHbHZianRWY0hObGNuUlFjbWwyWVhSbFJHNXpXbTl1WlRzNVlqRXlPVFZsTlMxa1lXVTRMVFJpT0RZdFlXWmtZeTAwWWpReVpqWmhNalpoWXpjPT9hcGktdmVyc2lvbj0yMDE4LTA5LTAx",
      "RequestMethod": "GET",
      "RequestBody": "",
      "RequestHeaders": {
        "User-Agent": [
          "FxVersion/4.6.27019.06",
          "OSName/Windows",
          "OSVersion/Microsoft.Windows.10.0.17763.",
          "Microsoft.Azure.Management.PrivateDns.PrivateDnsManagementClient/1.0.0.0"
        ]
      },
      "ResponseHeaders": {
        "Cache-Control": [
          "private"
        ],
        "Location": [
          "https://api-dogfood.resources.windows-int.net/subscriptions/0e5a46b1-de0b-4ec3-a5d7-dda908b4e076/resourceGroups/ps2376/providers/Microsoft.Network/privateDnsOperationResults/RnJvbnRFbmRBc3luY09wZXJhdGlvbjtVcHNlcnRQcml2YXRlRG5zWm9uZTs5YjEyOTVlNS1kYWU4LTRiODYtYWZkYy00YjQyZjZhMjZhYzc=?api-version=2018-09-01"
        ],
        "Retry-After": [
          "3"
        ],
        "X-Content-Type-Options": [
          "nosniff"
        ],
        "Strict-Transport-Security": [
          "max-age=31536000; includeSubDomains"
        ],
        "Azure-AsyncOperation": [
          "https://api-dogfood.resources.windows-int.net:443/subscriptions/0e5a46b1-de0b-4ec3-a5d7-dda908b4e076/resourceGroups/ps2376/providers/Microsoft.Network/privateDnsOperationStatuses/RnJvbnRFbmRBc3luY09wZXJhdGlvbjtVcHNlcnRQcml2YXRlRG5zWm9uZTs5YjEyOTVlNS1kYWU4LTRiODYtYWZkYy00YjQyZjZhMjZhYzc=?api-version=2018-09-01"
        ],
        "x-ms-request-id": [
          "0ce26e95-31d9-4151-ba50-bf795fa3b9e4"
        ],
        "Server": [
          "Microsoft-IIS/10.0"
        ],
        "X-AspNet-Version": [
          "4.0.30319"
        ],
        "X-Powered-By": [
          "ASP.NET"
        ],
        "x-ms-ratelimit-remaining-subscription-resource-requests": [
          "11913"
        ],
        "x-ms-correlation-request-id": [
          "31f20076-2c4d-4566-90b7-8b5c93f71901"
        ],
        "x-ms-routing-request-id": [
          "NORTHEUROPE:20190308T225942Z:31f20076-2c4d-4566-90b7-8b5c93f71901"
        ],
        "Date": [
          "Fri, 08 Mar 2019 22:59:41 GMT"
        ],
        "Content-Length": [
          "23"
        ],
        "Content-Type": [
          "application/json; charset=utf-8"
        ]
      },
      "ResponseBody": "{\r\n  \"status\": \"InProgress\"\r\n}",
      "StatusCode": 202
    },
    {
      "RequestUri": "/subscriptions/0e5a46b1-de0b-4ec3-a5d7-dda908b4e076/resourceGroups/ps2376/providers/Microsoft.Network/privateDnsOperationStatuses/RnJvbnRFbmRBc3luY09wZXJhdGlvbjtVcHNlcnRQcml2YXRlRG5zWm9uZTs5YjEyOTVlNS1kYWU4LTRiODYtYWZkYy00YjQyZjZhMjZhYzc=?api-version=2018-09-01",
      "EncodedRequestUri": "L3N1YnNjcmlwdGlvbnMvMGU1YTQ2YjEtZGUwYi00ZWMzLWE1ZDctZGRhOTA4YjRlMDc2L3Jlc291cmNlR3JvdXBzL3BzMjM3Ni9wcm92aWRlcnMvTWljcm9zb2Z0Lk5ldHdvcmsvcHJpdmF0ZURuc09wZXJhdGlvblN0YXR1c2VzL1JuSnZiblJGYm1SQmMzbHVZMDl3WlhKaGRHbHZianRWY0hObGNuUlFjbWwyWVhSbFJHNXpXbTl1WlRzNVlqRXlPVFZsTlMxa1lXVTRMVFJpT0RZdFlXWmtZeTAwWWpReVpqWmhNalpoWXpjPT9hcGktdmVyc2lvbj0yMDE4LTA5LTAx",
      "RequestMethod": "GET",
      "RequestBody": "",
      "RequestHeaders": {
        "User-Agent": [
          "FxVersion/4.6.27019.06",
          "OSName/Windows",
          "OSVersion/Microsoft.Windows.10.0.17763.",
          "Microsoft.Azure.Management.PrivateDns.PrivateDnsManagementClient/1.0.0.0"
        ]
      },
      "ResponseHeaders": {
        "Cache-Control": [
          "private"
        ],
        "Location": [
          "https://api-dogfood.resources.windows-int.net/subscriptions/0e5a46b1-de0b-4ec3-a5d7-dda908b4e076/resourceGroups/ps2376/providers/Microsoft.Network/privateDnsOperationResults/RnJvbnRFbmRBc3luY09wZXJhdGlvbjtVcHNlcnRQcml2YXRlRG5zWm9uZTs5YjEyOTVlNS1kYWU4LTRiODYtYWZkYy00YjQyZjZhMjZhYzc=?api-version=2018-09-01"
        ],
        "Retry-After": [
          "3"
        ],
        "X-Content-Type-Options": [
          "nosniff"
        ],
        "Strict-Transport-Security": [
          "max-age=31536000; includeSubDomains"
        ],
        "Azure-AsyncOperation": [
          "https://api-dogfood.resources.windows-int.net:443/subscriptions/0e5a46b1-de0b-4ec3-a5d7-dda908b4e076/resourceGroups/ps2376/providers/Microsoft.Network/privateDnsOperationStatuses/RnJvbnRFbmRBc3luY09wZXJhdGlvbjtVcHNlcnRQcml2YXRlRG5zWm9uZTs5YjEyOTVlNS1kYWU4LTRiODYtYWZkYy00YjQyZjZhMjZhYzc=?api-version=2018-09-01"
        ],
        "x-ms-request-id": [
          "13256daf-9c06-45b3-a72d-5296ee33a4d3"
        ],
        "Server": [
          "Microsoft-IIS/10.0"
        ],
        "X-AspNet-Version": [
          "4.0.30319"
        ],
        "X-Powered-By": [
          "ASP.NET"
        ],
        "x-ms-ratelimit-remaining-subscription-resource-requests": [
          "11912"
        ],
        "x-ms-correlation-request-id": [
          "0c92b740-9668-485c-bc7c-8f556237fb18"
        ],
        "x-ms-routing-request-id": [
          "NORTHEUROPE:20190308T225946Z:0c92b740-9668-485c-bc7c-8f556237fb18"
        ],
        "Date": [
          "Fri, 08 Mar 2019 22:59:46 GMT"
        ],
        "Content-Length": [
          "23"
        ],
        "Content-Type": [
          "application/json; charset=utf-8"
        ]
      },
      "ResponseBody": "{\r\n  \"status\": \"InProgress\"\r\n}",
      "StatusCode": 202
    },
    {
      "RequestUri": "/subscriptions/0e5a46b1-de0b-4ec3-a5d7-dda908b4e076/resourceGroups/ps2376/providers/Microsoft.Network/privateDnsOperationStatuses/RnJvbnRFbmRBc3luY09wZXJhdGlvbjtVcHNlcnRQcml2YXRlRG5zWm9uZTs5YjEyOTVlNS1kYWU4LTRiODYtYWZkYy00YjQyZjZhMjZhYzc=?api-version=2018-09-01",
      "EncodedRequestUri": "L3N1YnNjcmlwdGlvbnMvMGU1YTQ2YjEtZGUwYi00ZWMzLWE1ZDctZGRhOTA4YjRlMDc2L3Jlc291cmNlR3JvdXBzL3BzMjM3Ni9wcm92aWRlcnMvTWljcm9zb2Z0Lk5ldHdvcmsvcHJpdmF0ZURuc09wZXJhdGlvblN0YXR1c2VzL1JuSnZiblJGYm1SQmMzbHVZMDl3WlhKaGRHbHZianRWY0hObGNuUlFjbWwyWVhSbFJHNXpXbTl1WlRzNVlqRXlPVFZsTlMxa1lXVTRMVFJpT0RZdFlXWmtZeTAwWWpReVpqWmhNalpoWXpjPT9hcGktdmVyc2lvbj0yMDE4LTA5LTAx",
      "RequestMethod": "GET",
      "RequestBody": "",
      "RequestHeaders": {
        "User-Agent": [
          "FxVersion/4.6.27019.06",
          "OSName/Windows",
          "OSVersion/Microsoft.Windows.10.0.17763.",
          "Microsoft.Azure.Management.PrivateDns.PrivateDnsManagementClient/1.0.0.0"
        ]
      },
      "ResponseHeaders": {
        "Cache-Control": [
          "private"
        ],
        "X-Content-Type-Options": [
          "nosniff"
        ],
        "Strict-Transport-Security": [
          "max-age=31536000; includeSubDomains"
        ],
        "x-ms-request-id": [
          "d1d4ba43-5e85-434e-85c6-960ffc78a85e"
        ],
        "Server": [
          "Microsoft-IIS/10.0"
        ],
        "X-AspNet-Version": [
          "4.0.30319"
        ],
        "X-Powered-By": [
          "ASP.NET"
        ],
        "x-ms-ratelimit-remaining-subscription-resource-requests": [
          "11911"
        ],
        "x-ms-correlation-request-id": [
          "76542331-dc3d-49ad-8bbf-cbe12769fde5"
        ],
        "x-ms-routing-request-id": [
          "NORTHEUROPE:20190308T225949Z:76542331-dc3d-49ad-8bbf-cbe12769fde5"
        ],
        "Date": [
          "Fri, 08 Mar 2019 22:59:49 GMT"
        ],
        "Content-Length": [
          "22"
        ],
        "Content-Type": [
          "application/json; charset=utf-8"
        ]
      },
      "ResponseBody": "{\r\n  \"status\": \"Succeeded\"\r\n}",
      "StatusCode": 200
    },
    {
      "RequestUri": "/subscriptions/0e5a46b1-de0b-4ec3-a5d7-dda908b4e076/resourceGroups/ps2376/providers/Microsoft.Network/privateDnsZones/ps9123.pstest.test?api-version=2018-09-01",
      "EncodedRequestUri": "L3N1YnNjcmlwdGlvbnMvMGU1YTQ2YjEtZGUwYi00ZWMzLWE1ZDctZGRhOTA4YjRlMDc2L3Jlc291cmNlR3JvdXBzL3BzMjM3Ni9wcm92aWRlcnMvTWljcm9zb2Z0Lk5ldHdvcmsvcHJpdmF0ZURuc1pvbmVzL3BzOTEyMy5wc3Rlc3QudGVzdD9hcGktdmVyc2lvbj0yMDE4LTA5LTAx",
      "RequestMethod": "GET",
      "RequestBody": "",
      "RequestHeaders": {
        "User-Agent": [
          "FxVersion/4.6.27019.06",
          "OSName/Windows",
          "OSVersion/Microsoft.Windows.10.0.17763.",
          "Microsoft.Azure.Management.PrivateDns.PrivateDnsManagementClient/1.0.0.0"
        ]
      },
      "ResponseHeaders": {
        "Cache-Control": [
          "private"
        ],
        "ETag": [
          "d3e72fb5-4f0a-4eaf-a464-886fd2fadc7d"
        ],
        "X-Content-Type-Options": [
          "nosniff"
        ],
        "Strict-Transport-Security": [
          "max-age=31536000; includeSubDomains"
        ],
        "x-ms-request-id": [
          "0eca9b24-4d94-41d5-bcfb-41209d2a3e47"
        ],
        "Server": [
          "Microsoft-IIS/10.0"
        ],
        "X-AspNet-Version": [
          "4.0.30319"
        ],
        "X-Powered-By": [
          "ASP.NET"
        ],
        "x-ms-ratelimit-remaining-subscription-resource-requests": [
          "11967"
        ],
        "x-ms-correlation-request-id": [
          "25b77198-55ce-4040-8874-83f48e8f691e"
        ],
        "x-ms-routing-request-id": [
          "NORTHEUROPE:20190308T225949Z:25b77198-55ce-4040-8874-83f48e8f691e"
        ],
        "Date": [
          "Fri, 08 Mar 2019 22:59:49 GMT"
        ],
        "Content-Length": [
          "582"
        ],
        "Content-Type": [
          "application/json; charset=utf-8"
        ]
      },
      "ResponseBody": "{\r\n  \"id\": \"/subscriptions/0e5a46b1-de0b-4ec3-a5d7-dda908b4e076/resourceGroups/ps2376/providers/Microsoft.Network/privateDnsZones/ps9123.pstest.test\",\r\n  \"name\": \"ps9123.pstest.test\",\r\n  \"type\": \"Microsoft.Network/privateDnsZones\",\r\n  \"etag\": \"d3e72fb5-4f0a-4eaf-a464-886fd2fadc7d\",\r\n  \"location\": \"global\",\r\n  \"tags\": {\r\n    \"tag1\": \"value1\"\r\n  },\r\n  \"properties\": {\r\n    \"maxNumberOfRecordSets\": 5000,\r\n    \"maxNumberOfVirtualNetworkLinks\": 10,\r\n    \"maxNumberOfVirtualNetworkLinksWithRegistration\": 1,\r\n    \"numberOfRecordSets\": 1,\r\n    \"numberOfVirtualNetworkLinks\": 0,\r\n    \"numberOfVirtualNetworkLinksWithRegistration\": 0,\r\n    \"provisioningState\": \"Succeeded\"\r\n  }\r\n}",
      "StatusCode": 200
    },
    {
      "RequestUri": "/subscriptions/0e5a46b1-de0b-4ec3-a5d7-dda908b4e076/providers/microsoft.network?api-version=2016-09-01",
      "EncodedRequestUri": "L3N1YnNjcmlwdGlvbnMvMGU1YTQ2YjEtZGUwYi00ZWMzLWE1ZDctZGRhOTA4YjRlMDc2L3Byb3ZpZGVycy9taWNyb3NvZnQubmV0d29yaz9hcGktdmVyc2lvbj0yMDE2LTA5LTAx",
      "RequestMethod": "GET",
      "RequestBody": "",
      "RequestHeaders": {
        "x-ms-client-request-id": [
          "6bc072b8-a873-40b3-85fb-397c7c5204d6"
        ],
        "Accept-Language": [
          "en-US"
        ],
        "User-Agent": [
          "FxVersion/4.6.27019.06",
          "OSName/Windows",
          "OSVersion/Microsoft.Windows.10.0.17763.",
          "Microsoft.Azure.Management.Internal.Resources.ResourceManagementClient/1.1.17"
        ]
      },
      "ResponseHeaders": {
        "Cache-Control": [
          "no-cache"
        ],
        "Pragma": [
          "no-cache"
        ],
        "x-ms-ratelimit-remaining-subscription-reads": [
          "14919"
        ],
        "x-ms-request-id": [
          "6b80dc4a-6353-4fce-b779-0bc7f0d0e12f"
        ],
        "x-ms-correlation-request-id": [
          "6b80dc4a-6353-4fce-b779-0bc7f0d0e12f"
        ],
        "x-ms-routing-request-id": [
          "NORTHEUROPE:20190308T225949Z:6b80dc4a-6353-4fce-b779-0bc7f0d0e12f"
        ],
        "Strict-Transport-Security": [
          "max-age=31536000; includeSubDomains"
        ],
        "X-Content-Type-Options": [
          "nosniff"
        ],
        "Date": [
          "Fri, 08 Mar 2019 22:59:49 GMT"
        ],
        "Content-Type": [
          "application/json; charset=utf-8"
        ],
        "Expires": [
          "-1"
        ],
        "Content-Length": [
          "29093"
        ]
      },
      "ResponseBody": "{\r\n  \"id\": \"/subscriptions/0e5a46b1-de0b-4ec3-a5d7-dda908b4e076/providers/microsoft.network\",\r\n  \"namespace\": \"microsoft.network\",\r\n  \"authorizations\": [\r\n    {\r\n      \"applicationId\": \"2cf9eb86-36b5-49dc-86ae-9a63135dfa8c\",\r\n      \"roleDefinitionId\": \"13ba9ab4-19f0-4804-adc4-14ece36cc7a1\"\r\n    },\r\n    {\r\n      \"applicationId\": \"7c33bfcb-8d33-48d6-8e60-dc6404003489\",\r\n      \"roleDefinitionId\": \"ad6261e4-fa9a-4642-aa5f-104f1b67e9e3\"\r\n    },\r\n    {\r\n      \"applicationId\": \"1e3e4475-288f-4018-a376-df66fd7fac5f\",\r\n      \"roleDefinitionId\": \"1d538b69-3d87-4e56-8ff8-25786fd48261\"\r\n    },\r\n    {\r\n      \"applicationId\": \"a0be0c72-870e-46f0-9c49-c98333a996f7\",\r\n      \"roleDefinitionId\": \"7ce22727-ffce-45a9-930c-ddb2e56fa131\"\r\n    },\r\n    {\r\n      \"applicationId\": \"486c78bf-a0f7-45f1-92fd-37215929e116\",\r\n      \"roleDefinitionId\": \"1a0c88c6-37ef-442c-b3ed-992e0f26331e\"\r\n    },\r\n    {\r\n      \"applicationId\": \"19947cfd-0303-466c-ac3c-fcc19a7a1570\",\r\n      \"roleDefinitionId\": \"d813ab6c-bfb7-413e-9462-005b21f0ce09\"\r\n    }\r\n  ],\r\n  \"resourceTypes\": [\r\n    {\r\n      \"resourceType\": \"trafficmanagerprofiles\",\r\n      \"locations\": [\r\n        \"global\"\r\n      ],\r\n      \"apiVersions\": [\r\n        \"2018-08-01\",\r\n        \"2018-04-01\",\r\n        \"2018-03-01\",\r\n        \"2018-02-01\",\r\n        \"2017-05-01\",\r\n        \"2017-03-01\",\r\n        \"2015-11-01\",\r\n        \"2015-04-28-preview\"\r\n      ],\r\n      \"capabilities\": \"CrossResourceGroupResourceMove, CrossSubscriptionResourceMove\"\r\n    },\r\n    {\r\n      \"resourceType\": \"frontdoorOperationResults\",\r\n      \"locations\": [\r\n        \"global\",\r\n        \"Central US\",\r\n        \"East US\",\r\n        \"East US 2\",\r\n        \"North Central US\",\r\n        \"South Central US\",\r\n        \"West US\",\r\n        \"North Europe\",\r\n        \"West Europe\",\r\n        \"East Asia\",\r\n        \"Southeast Asia\",\r\n        \"Japan East\",\r\n        \"Japan West\",\r\n        \"Brazil South\",\r\n        \"Australia East\",\r\n        \"Australia Southeast\"\r\n      ],\r\n      \"apiVersions\": [\r\n        \"2018-08-01\"\r\n      ]\r\n    },\r\n    {\r\n      \"resourceType\": \"trafficmanagerprofiles/heatMaps\",\r\n      \"locations\": [\r\n        \"global\"\r\n      ],\r\n      \"apiVersions\": [\r\n        \"2018-08-01\",\r\n        \"2018-04-01\",\r\n        \"2018-03-01\",\r\n        \"2018-02-01\",\r\n        \"2017-09-01-preview\"\r\n      ]\r\n    },\r\n    {\r\n      \"resourceType\": \"trafficManagerUserMetricsKeys\",\r\n      \"locations\": [\r\n        \"global\"\r\n      ],\r\n      \"apiVersions\": [\r\n        \"2018-08-01\",\r\n        \"2017-09-01-preview\"\r\n      ]\r\n    },\r\n    {\r\n      \"resourceType\": \"dnszones\",\r\n      \"locations\": [\r\n        \"global\"\r\n      ],\r\n      \"apiVersions\": [\r\n        \"2018-05-01\",\r\n        \"2018-03-01-preview\",\r\n        \"2017-10-01\",\r\n        \"2017-09-15-preview\",\r\n        \"2017-09-01\",\r\n        \"2016-07-01\",\r\n        \"2016-04-01\",\r\n        \"2015-05-04-preview\"\r\n      ],\r\n      \"capabilities\": \"CrossResourceGroupResourceMove, CrossSubscriptionResourceMove\"\r\n    },\r\n    {\r\n      \"resourceType\": \"dnsOperationResults\",\r\n      \"locations\": [\r\n        \"global\"\r\n      ],\r\n      \"apiVersions\": [\r\n        \"2018-05-01\",\r\n        \"2018-03-01-preview\",\r\n        \"2017-10-01\",\r\n        \"2017-09-15-preview\",\r\n        \"2017-09-01\",\r\n        \"2016-07-01\",\r\n        \"2016-04-01\"\r\n      ]\r\n    },\r\n    {\r\n      \"resourceType\": \"dnsOperationStatuses\",\r\n      \"locations\": [\r\n        \"global\"\r\n      ],\r\n      \"apiVersions\": [\r\n        \"2018-05-01\",\r\n        \"2018-03-01-preview\",\r\n        \"2017-10-01\",\r\n        \"2017-09-15-preview\",\r\n        \"2017-09-01\",\r\n        \"2016-07-01\",\r\n        \"2016-04-01\"\r\n      ]\r\n    },\r\n    {\r\n      \"resourceType\": \"getDnsResourceReference\",\r\n      \"locations\": [\r\n        \"global\"\r\n      ],\r\n      \"apiVersions\": [\r\n        \"2018-05-01\",\r\n        \"2018-03-01-preview\",\r\n        \"2017-10-01\",\r\n        \"2017-09-15-preview\",\r\n        \"2017-09-01\",\r\n        \"2016-07-01\",\r\n        \"2016-04-01\"\r\n      ]\r\n    },\r\n    {\r\n      \"resourceType\": \"internalNotify\",\r\n      \"locations\": [\r\n        \"global\"\r\n      ],\r\n      \"apiVersions\": [\r\n        \"2018-05-01\",\r\n        \"2018-03-01-preview\",\r\n        \"2017-10-01\",\r\n        \"2017-09-15-preview\",\r\n        \"2017-09-01\",\r\n        \"2016-07-01\",\r\n        \"2016-04-01\"\r\n      ]\r\n    },\r\n    {\r\n      \"resourceType\": \"dnszones/A\",\r\n      \"locations\": [\r\n        \"global\"\r\n      ],\r\n      \"apiVersions\": [\r\n        \"2018-05-01\",\r\n        \"2018-03-01-preview\",\r\n        \"2017-10-01\",\r\n        \"2017-09-15-preview\",\r\n        \"2017-09-01\",\r\n        \"2016-07-01\",\r\n        \"2016-04-01\",\r\n        \"2015-05-04-preview\"\r\n      ]\r\n    },\r\n    {\r\n      \"resourceType\": \"dnszones/AAAA\",\r\n      \"locations\": [\r\n        \"global\"\r\n      ],\r\n      \"apiVersions\": [\r\n        \"2018-05-01\",\r\n        \"2018-03-01-preview\",\r\n        \"2017-10-01\",\r\n        \"2017-09-15-preview\",\r\n        \"2017-09-01\",\r\n        \"2016-07-01\",\r\n        \"2016-04-01\",\r\n        \"2015-05-04-preview\"\r\n      ]\r\n    },\r\n    {\r\n      \"resourceType\": \"dnszones/CNAME\",\r\n      \"locations\": [\r\n        \"global\"\r\n      ],\r\n      \"apiVersions\": [\r\n        \"2018-05-01\",\r\n        \"2018-03-01-preview\",\r\n        \"2017-10-01\",\r\n        \"2017-09-15-preview\",\r\n        \"2017-09-01\",\r\n        \"2016-07-01\",\r\n        \"2016-04-01\",\r\n        \"2015-05-04-preview\"\r\n      ]\r\n    },\r\n    {\r\n      \"resourceType\": \"dnszones/PTR\",\r\n      \"locations\": [\r\n        \"global\"\r\n      ],\r\n      \"apiVersions\": [\r\n        \"2018-05-01\",\r\n        \"2018-03-01-preview\",\r\n        \"2017-10-01\",\r\n        \"2017-09-15-preview\",\r\n        \"2017-09-01\",\r\n        \"2016-07-01\",\r\n        \"2016-04-01\",\r\n        \"2015-05-04-preview\"\r\n      ]\r\n    },\r\n    {\r\n      \"resourceType\": \"dnszones/MX\",\r\n      \"locations\": [\r\n        \"global\"\r\n      ],\r\n      \"apiVersions\": [\r\n        \"2018-05-01\",\r\n        \"2018-03-01-preview\",\r\n        \"2017-10-01\",\r\n        \"2017-09-15-preview\",\r\n        \"2017-09-01\",\r\n        \"2016-07-01\",\r\n        \"2016-04-01\",\r\n        \"2015-05-04-preview\"\r\n      ]\r\n    },\r\n    {\r\n      \"resourceType\": \"dnszones/TXT\",\r\n      \"locations\": [\r\n        \"global\"\r\n      ],\r\n      \"apiVersions\": [\r\n        \"2018-05-01\",\r\n        \"2018-03-01-preview\",\r\n        \"2017-10-01\",\r\n        \"2017-09-15-preview\",\r\n        \"2017-09-01\",\r\n        \"2016-07-01\",\r\n        \"2016-04-01\",\r\n        \"2015-05-04-preview\"\r\n      ]\r\n    },\r\n    {\r\n      \"resourceType\": \"dnszones/SRV\",\r\n      \"locations\": [\r\n        \"global\"\r\n      ],\r\n      \"apiVersions\": [\r\n        \"2018-05-01\",\r\n        \"2018-03-01-preview\",\r\n        \"2017-10-01\",\r\n        \"2017-09-15-preview\",\r\n        \"2017-09-01\",\r\n        \"2016-07-01\",\r\n        \"2016-04-01\",\r\n        \"2015-05-04-preview\",\r\n        \"2015-04-01\"\r\n      ]\r\n    },\r\n    {\r\n      \"resourceType\": \"dnszones/SOA\",\r\n      \"locations\": [\r\n        \"global\"\r\n      ],\r\n      \"apiVersions\": [\r\n        \"2018-05-01\",\r\n        \"2018-03-01-preview\",\r\n        \"2017-10-01\",\r\n        \"2017-09-15-preview\",\r\n        \"2017-09-01\",\r\n        \"2016-07-01\",\r\n        \"2016-04-01\",\r\n        \"2015-05-04-preview\",\r\n        \"2015-04-01\"\r\n      ]\r\n    },\r\n    {\r\n      \"resourceType\": \"dnszones/NS\",\r\n      \"locations\": [\r\n        \"global\"\r\n      ],\r\n      \"apiVersions\": [\r\n        \"2018-05-01\",\r\n        \"2018-03-01-preview\",\r\n        \"2017-10-01\",\r\n        \"2017-09-15-preview\",\r\n        \"2017-09-01\",\r\n        \"2016-07-01\",\r\n        \"2016-04-01\",\r\n        \"2015-05-04-preview\",\r\n        \"2015-04-01\"\r\n      ]\r\n    },\r\n    {\r\n      \"resourceType\": \"dnszones/CAA\",\r\n      \"locations\": [\r\n        \"global\"\r\n      ],\r\n      \"apiVersions\": [\r\n        \"2018-05-01\",\r\n        \"2018-03-01-preview\",\r\n        \"2017-10-01\",\r\n        \"2017-09-15-preview\",\r\n        \"2017-09-01\"\r\n      ]\r\n    },\r\n    {\r\n      \"resourceType\": \"dnszones/recordsets\",\r\n      \"locations\": [\r\n        \"global\"\r\n      ],\r\n      \"apiVersions\": [\r\n        \"2018-05-01\",\r\n        \"2018-03-01-preview\",\r\n        \"2017-10-01\",\r\n        \"2017-09-15-preview\",\r\n        \"2017-09-01\",\r\n        \"2016-07-01\",\r\n        \"2016-04-01\",\r\n        \"2015-05-04-preview\",\r\n        \"2015-04-01\"\r\n      ]\r\n    },\r\n    {\r\n      \"resourceType\": \"dnszones/all\",\r\n      \"locations\": [\r\n        \"global\"\r\n      ],\r\n      \"apiVersions\": [\r\n        \"2018-05-01\",\r\n        \"2018-03-01-preview\",\r\n        \"2017-10-01\",\r\n        \"2017-09-15-preview\",\r\n        \"2017-09-01\",\r\n        \"2016-07-01\",\r\n        \"2016-04-01\",\r\n        \"2015-05-04-preview\",\r\n        \"2015-04-01\"\r\n      ]\r\n    },\r\n    {\r\n      \"resourceType\": \"privateDnsZones\",\r\n      \"locations\": [\r\n        \"global\"\r\n      ],\r\n      \"apiVersions\": [\r\n        \"2018-09-01\"\r\n      ],\r\n      \"capabilities\": \"CrossResourceGroupResourceMove, CrossSubscriptionResourceMove\"\r\n    },\r\n    {\r\n      \"resourceType\": \"privateDnsZones/virtualNetworkLinks\",\r\n      \"locations\": [\r\n        \"global\"\r\n      ],\r\n      \"apiVersions\": [\r\n        \"2018-09-01\"\r\n      ],\r\n      \"capabilities\": \"CrossResourceGroupResourceMove, CrossSubscriptionResourceMove\"\r\n    },\r\n    {\r\n      \"resourceType\": \"privateDnsOperationResults\",\r\n      \"locations\": [\r\n        \"global\"\r\n      ],\r\n      \"apiVersions\": [\r\n        \"2018-09-01\"\r\n      ]\r\n    },\r\n    {\r\n      \"resourceType\": \"privateDnsOperationStatuses\",\r\n      \"locations\": [\r\n        \"global\"\r\n      ],\r\n      \"apiVersions\": [\r\n        \"2018-09-01\"\r\n      ]\r\n    },\r\n    {\r\n      \"resourceType\": \"privateDnsZones/A\",\r\n      \"locations\": [\r\n        \"global\"\r\n      ],\r\n      \"apiVersions\": [\r\n        \"2018-09-01\"\r\n      ]\r\n    },\r\n    {\r\n      \"resourceType\": \"privateDnsZones/AAAA\",\r\n      \"locations\": [\r\n        \"global\"\r\n      ],\r\n      \"apiVersions\": [\r\n        \"2018-09-01\"\r\n      ]\r\n    },\r\n    {\r\n      \"resourceType\": \"privateDnsZones/CNAME\",\r\n      \"locations\": [\r\n        \"global\"\r\n      ],\r\n      \"apiVersions\": [\r\n        \"2018-09-01\"\r\n      ]\r\n    },\r\n    {\r\n      \"resourceType\": \"privateDnsZones/PTR\",\r\n      \"locations\": [\r\n        \"global\"\r\n      ],\r\n      \"apiVersions\": [\r\n        \"2018-09-01\"\r\n      ]\r\n    },\r\n    {\r\n      \"resourceType\": \"privateDnsZones/MX\",\r\n      \"locations\": [\r\n        \"global\"\r\n      ],\r\n      \"apiVersions\": [\r\n        \"2018-09-01\"\r\n      ]\r\n    },\r\n    {\r\n      \"resourceType\": \"privateDnsZones/TXT\",\r\n      \"locations\": [\r\n        \"global\"\r\n      ],\r\n      \"apiVersions\": [\r\n        \"2018-09-01\"\r\n      ]\r\n    },\r\n    {\r\n      \"resourceType\": \"privateDnsZones/SRV\",\r\n      \"locations\": [\r\n        \"global\"\r\n      ],\r\n      \"apiVersions\": [\r\n        \"2018-09-01\"\r\n      ]\r\n    },\r\n    {\r\n      \"resourceType\": \"privateDnsZones/SOA\",\r\n      \"locations\": [\r\n        \"global\"\r\n      ],\r\n      \"apiVersions\": [\r\n        \"2018-09-01\"\r\n      ]\r\n    },\r\n    {\r\n      \"resourceType\": \"privateDnsZones/all\",\r\n      \"locations\": [\r\n        \"global\"\r\n      ],\r\n      \"apiVersions\": [\r\n        \"2018-09-01\"\r\n      ]\r\n    },\r\n    {\r\n      \"resourceType\": \"virtualNetworks\",\r\n      \"locations\": [\r\n        \"West Europe\",\r\n        \"Central US\",\r\n        \"West US\",\r\n        \"East US\",\r\n        \"North Central US\",\r\n        \"South Central US\",\r\n        \"East US 2\",\r\n        \"North Europe\"\r\n      ],\r\n      \"apiVersions\": [\r\n        \"2018-12-01\",\r\n        \"2018-11-01\",\r\n        \"2018-10-01\",\r\n        \"2018-08-01\",\r\n        \"2018-07-01\",\r\n        \"2018-06-01\",\r\n        \"2018-05-01\",\r\n        \"2018-04-01\",\r\n        \"2018-03-01\",\r\n        \"2018-02-01\",\r\n        \"2018-01-01\",\r\n        \"2017-11-01\",\r\n        \"2017-10-01\",\r\n        \"2017-09-01\",\r\n        \"2017-08-01\",\r\n        \"2017-06-01\",\r\n        \"2017-04-01\",\r\n        \"2017-03-01\",\r\n        \"2016-12-01\",\r\n        \"2016-11-01\",\r\n        \"2016-10-01\",\r\n        \"2016-09-01\",\r\n        \"2016-08-01\",\r\n        \"2016-07-01\",\r\n        \"2016-06-01\",\r\n        \"2016-03-30\",\r\n        \"2015-06-15\",\r\n        \"2015-05-01-preview\",\r\n        \"2014-12-01-preview\"\r\n      ],\r\n      \"capabilities\": \"CrossResourceGroupResourceMove, CrossSubscriptionResourceMove\"\r\n    },\r\n    {\r\n      \"resourceType\": \"publicIPAddresses\",\r\n      \"locations\": [\r\n        \"West Europe\",\r\n        \"Central US\",\r\n        \"West US\",\r\n        \"East US\",\r\n        \"North Central US\",\r\n        \"South Central US\",\r\n        \"East US 2\",\r\n        \"North Europe\"\r\n      ],\r\n      \"apiVersions\": [\r\n        \"2018-12-01\",\r\n        \"2018-11-01\",\r\n        \"2018-10-01\",\r\n        \"2018-08-01\",\r\n        \"2018-07-01\",\r\n        \"2018-06-01\",\r\n        \"2018-05-01\",\r\n        \"2018-04-01\",\r\n        \"2018-03-01\",\r\n        \"2018-02-01\",\r\n        \"2018-01-01\",\r\n        \"2017-11-01\",\r\n        \"2017-10-01\",\r\n        \"2017-09-01\",\r\n        \"2017-08-01\",\r\n        \"2017-06-01\",\r\n        \"2017-04-01\",\r\n        \"2017-03-01\",\r\n        \"2016-12-01\",\r\n        \"2016-11-01\",\r\n        \"2016-10-01\",\r\n        \"2016-09-01\",\r\n        \"2016-08-01\",\r\n        \"2016-07-01\",\r\n        \"2016-06-01\",\r\n        \"2016-03-30\",\r\n        \"2015-06-15\",\r\n        \"2015-05-01-preview\",\r\n        \"2014-12-01-preview\"\r\n      ],\r\n      \"capabilities\": \"CrossResourceGroupResourceMove, CrossSubscriptionResourceMove\"\r\n    },\r\n    {\r\n      \"resourceType\": \"networkInterfaces\",\r\n      \"locations\": [\r\n        \"West Europe\",\r\n        \"Central US\",\r\n        \"West US\",\r\n        \"East US\",\r\n        \"North Central US\",\r\n        \"South Central US\",\r\n        \"East US 2\",\r\n        \"North Europe\"\r\n      ],\r\n      \"apiVersions\": [\r\n        \"2018-12-01\",\r\n        \"2018-11-01\",\r\n        \"2018-10-01\",\r\n        \"2018-08-01\",\r\n        \"2018-07-01\",\r\n        \"2018-06-01\",\r\n        \"2018-05-01\",\r\n        \"2018-04-01\",\r\n        \"2018-03-01\",\r\n        \"2018-02-01\",\r\n        \"2018-01-01\",\r\n        \"2017-11-01\",\r\n        \"2017-10-01\",\r\n        \"2017-09-01\",\r\n        \"2017-08-01\",\r\n        \"2017-06-01\",\r\n        \"2017-04-01\",\r\n        \"2017-03-01\",\r\n        \"2016-12-01\",\r\n        \"2016-11-01\",\r\n        \"2016-10-01\",\r\n        \"2016-09-01\",\r\n        \"2016-08-01\",\r\n        \"2016-07-01\",\r\n        \"2016-06-01\",\r\n        \"2016-03-30\",\r\n        \"2015-06-15\",\r\n        \"2015-05-01-preview\",\r\n        \"2014-12-01-preview\"\r\n      ],\r\n      \"capabilities\": \"CrossResourceGroupResourceMove, CrossSubscriptionResourceMove\"\r\n    },\r\n    {\r\n      \"resourceType\": \"interfaceEndpoints\",\r\n      \"locations\": [\r\n        \"West Europe\",\r\n        \"Central US\",\r\n        \"West US\",\r\n        \"East US\",\r\n        \"North Central US\",\r\n        \"South Central US\",\r\n        \"East US 2\",\r\n        \"North Europe\"\r\n      ],\r\n      \"apiVersions\": [\r\n        \"2018-12-01\",\r\n        \"2018-11-01\",\r\n        \"2018-10-01\",\r\n        \"2018-08-01\"\r\n      ],\r\n      \"capabilities\": \"None\"\r\n    },\r\n    {\r\n      \"resourceType\": \"privateLinkServices\",\r\n      \"locations\": [\r\n        \"West Europe\",\r\n        \"Central US\",\r\n        \"West US\",\r\n        \"East US\",\r\n        \"North Central US\",\r\n        \"South Central US\",\r\n        \"East US 2\",\r\n        \"North Europe\"\r\n      ],\r\n      \"apiVersions\": [\r\n        \"2018-12-01\",\r\n        \"2018-11-01\",\r\n        \"2018-10-01\",\r\n        \"2018-08-01\"\r\n      ],\r\n      \"capabilities\": \"None\"\r\n    },\r\n    {\r\n      \"resourceType\": \"loadBalancers\",\r\n      \"locations\": [\r\n        \"West Europe\",\r\n        \"Central US\",\r\n        \"West US\",\r\n        \"East US\",\r\n        \"North Central US\",\r\n        \"South Central US\",\r\n        \"East US 2\",\r\n        \"North Europe\"\r\n      ],\r\n      \"apiVersions\": [\r\n        \"2018-12-01\",\r\n        \"2018-11-01\",\r\n        \"2018-10-01\",\r\n        \"2018-08-01\",\r\n        \"2018-07-01\",\r\n        \"2018-06-01\",\r\n        \"2018-05-01\",\r\n        \"2018-04-01\",\r\n        \"2018-03-01\",\r\n        \"2018-02-01\",\r\n        \"2018-01-01\",\r\n        \"2017-11-01\",\r\n        \"2017-10-01\",\r\n        \"2017-09-01\",\r\n        \"2017-08-01\",\r\n        \"2017-06-01\",\r\n        \"2017-04-01\",\r\n        \"2017-03-01\",\r\n        \"2016-12-01\",\r\n        \"2016-11-01\",\r\n        \"2016-10-01\",\r\n        \"2016-09-01\",\r\n        \"2016-08-01\",\r\n        \"2016-07-01\",\r\n        \"2016-06-01\",\r\n        \"2016-03-30\",\r\n        \"2015-06-15\",\r\n        \"2015-05-01-preview\",\r\n        \"2014-12-01-preview\"\r\n      ],\r\n      \"capabilities\": \"CrossResourceGroupResourceMove, CrossSubscriptionResourceMove\"\r\n    },\r\n    {\r\n      \"resourceType\": \"networkSecurityGroups\",\r\n      \"locations\": [\r\n        \"West Europe\",\r\n        \"Central US\",\r\n        \"West US\",\r\n        \"East US\",\r\n        \"North Central US\",\r\n        \"South Central US\",\r\n        \"East US 2\",\r\n        \"North Europe\"\r\n      ],\r\n      \"apiVersions\": [\r\n        \"2018-12-01\",\r\n        \"2018-11-01\",\r\n        \"2018-10-01\",\r\n        \"2018-08-01\",\r\n        \"2018-07-01\",\r\n        \"2018-06-01\",\r\n        \"2018-05-01\",\r\n        \"2018-04-01\",\r\n        \"2018-03-01\",\r\n        \"2018-02-01\",\r\n        \"2018-01-01\",\r\n        \"2017-11-01\",\r\n        \"2017-10-01\",\r\n        \"2017-09-01\",\r\n        \"2017-08-01\",\r\n        \"2017-06-01\",\r\n        \"2017-04-01\",\r\n        \"2017-03-01\",\r\n        \"2016-12-01\",\r\n        \"2016-11-01\",\r\n        \"2016-10-01\",\r\n        \"2016-09-01\",\r\n        \"2016-08-01\",\r\n        \"2016-07-01\",\r\n        \"2016-06-01\",\r\n        \"2016-03-30\",\r\n        \"2015-06-15\",\r\n        \"2015-05-01-preview\",\r\n        \"2014-12-01-preview\"\r\n      ],\r\n      \"capabilities\": \"CrossResourceGroupResourceMove, CrossSubscriptionResourceMove\"\r\n    },\r\n    {\r\n      \"resourceType\": \"applicationSecurityGroups\",\r\n      \"locations\": [\r\n        \"West Europe\",\r\n        \"Central US\",\r\n        \"West US\",\r\n        \"East US\",\r\n        \"North Central US\",\r\n        \"South Central US\",\r\n        \"East US 2\",\r\n        \"North Europe\"\r\n      ],\r\n      \"apiVersions\": [\r\n        \"2018-12-01\",\r\n        \"2018-11-01\",\r\n        \"2018-10-01\",\r\n        \"2018-08-01\",\r\n        \"2018-07-01\",\r\n        \"2018-06-01\",\r\n        \"2018-05-01\",\r\n        \"2018-04-01\",\r\n        \"2018-03-01\",\r\n        \"2018-02-01\",\r\n        \"2018-01-01\",\r\n        \"2017-11-01\",\r\n        \"2017-10-01\",\r\n        \"2017-09-01\"\r\n      ],\r\n      \"capabilities\": \"CrossResourceGroupResourceMove, CrossSubscriptionResourceMove\"\r\n    },\r\n    {\r\n      \"resourceType\": \"networkIntentPolicies\",\r\n      \"locations\": [\r\n        \"West Europe\",\r\n        \"Central US\",\r\n        \"West US\",\r\n        \"East US\",\r\n        \"North Central US\",\r\n        \"South Central US\",\r\n        \"East US 2\",\r\n        \"North Europe\"\r\n      ],\r\n      \"apiVersions\": [\r\n        \"2018-12-01\",\r\n        \"2018-11-01\",\r\n        \"2018-10-01\",\r\n        \"2018-08-01\",\r\n        \"2018-07-01\",\r\n        \"2018-06-01\",\r\n        \"2018-05-01\",\r\n        \"2018-04-01\"\r\n      ],\r\n      \"capabilities\": \"CrossResourceGroupResourceMove, CrossSubscriptionResourceMove\"\r\n    },\r\n    {\r\n      \"resourceType\": \"routeTables\",\r\n      \"locations\": [\r\n        \"West Europe\",\r\n        \"Central US\",\r\n        \"West US\",\r\n        \"East US\",\r\n        \"North Central US\",\r\n        \"South Central US\",\r\n        \"East US 2\",\r\n        \"North Europe\"\r\n      ],\r\n      \"apiVersions\": [\r\n        \"2018-12-01\",\r\n        \"2018-11-01\",\r\n        \"2018-10-01\",\r\n        \"2018-08-01\",\r\n        \"2018-07-01\",\r\n        \"2018-06-01\",\r\n        \"2018-05-01\",\r\n        \"2018-04-01\",\r\n        \"2018-03-01\",\r\n        \"2018-02-01\",\r\n        \"2018-01-01\",\r\n        \"2017-11-01\",\r\n        \"2017-10-01\",\r\n        \"2017-09-01\",\r\n        \"2017-08-01\",\r\n        \"2017-06-01\",\r\n        \"2017-04-01\",\r\n        \"2017-03-01\",\r\n        \"2016-12-01\",\r\n        \"2016-11-01\",\r\n        \"2016-10-01\",\r\n        \"2016-09-01\",\r\n        \"2016-08-01\",\r\n        \"2016-07-01\",\r\n        \"2016-06-01\",\r\n        \"2016-03-30\",\r\n        \"2015-06-15\",\r\n        \"2015-05-01-preview\",\r\n        \"2014-12-01-preview\"\r\n      ],\r\n      \"capabilities\": \"CrossResourceGroupResourceMove, CrossSubscriptionResourceMove\"\r\n    },\r\n    {\r\n      \"resourceType\": \"publicIPPrefixes\",\r\n      \"locations\": [\r\n        \"West Europe\",\r\n        \"Central US\",\r\n        \"West US\",\r\n        \"East US\",\r\n        \"North Central US\",\r\n        \"South Central US\",\r\n        \"East US 2\",\r\n        \"North Europe\"\r\n      ],\r\n      \"apiVersions\": [\r\n        \"2018-12-01\",\r\n        \"2018-11-01\",\r\n        \"2018-10-01\",\r\n        \"2018-08-01\",\r\n        \"2018-07-01\"\r\n      ],\r\n      \"capabilities\": \"CrossResourceGroupResourceMove, CrossSubscriptionResourceMove\"\r\n    },\r\n    {\r\n      \"resourceType\": \"ddosCustomPolicies\",\r\n      \"locations\": [\r\n        \"West Europe\",\r\n        \"Central US\",\r\n        \"West US\",\r\n        \"East US\",\r\n        \"North Central US\",\r\n        \"South Central US\",\r\n        \"East US 2\",\r\n        \"North Europe\"\r\n      ],\r\n      \"apiVersions\": [\r\n        \"2018-12-01\",\r\n        \"2018-11-01\",\r\n        \"2018-10-01\"\r\n      ],\r\n      \"capabilities\": \"CrossResourceGroupResourceMove, CrossSubscriptionResourceMove\"\r\n    },\r\n    {\r\n      \"resourceType\": \"locations\",\r\n      \"locations\": [],\r\n      \"apiVersions\": [\r\n        \"2018-12-01\",\r\n        \"2018-11-01\",\r\n        \"2018-10-01\",\r\n        \"2018-08-01\",\r\n        \"2018-07-01\",\r\n        \"2018-06-01\",\r\n        \"2018-05-01\",\r\n        \"2018-04-01\",\r\n        \"2018-03-01\",\r\n        \"2018-02-01\",\r\n        \"2018-01-01\",\r\n        \"2017-11-01\",\r\n        \"2017-10-01\",\r\n        \"2017-09-01\",\r\n        \"2017-08-01\",\r\n        \"2017-06-01\",\r\n        \"2017-04-01\",\r\n        \"2017-03-01\",\r\n        \"2016-12-01\",\r\n        \"2016-11-01\",\r\n        \"2016-10-01\",\r\n        \"2016-09-01\",\r\n        \"2016-08-01\",\r\n        \"2016-07-01\",\r\n        \"2016-06-01\",\r\n        \"2016-03-30\",\r\n        \"2015-06-15\",\r\n        \"2015-05-01-preview\",\r\n        \"2014-12-01-preview\"\r\n      ]\r\n    },\r\n    {\r\n      \"resourceType\": \"locations/operations\",\r\n      \"locations\": [],\r\n      \"apiVersions\": [\r\n        \"2018-12-01\",\r\n        \"2018-11-01\",\r\n        \"2018-10-01\",\r\n        \"2018-08-01\",\r\n        \"2018-07-01\",\r\n        \"2018-06-01\",\r\n        \"2018-05-01\",\r\n        \"2018-04-01\",\r\n        \"2018-03-01\",\r\n        \"2018-02-01\",\r\n        \"2018-01-01\",\r\n        \"2017-11-01\",\r\n        \"2017-10-01\",\r\n        \"2017-09-01\",\r\n        \"2017-08-01\",\r\n        \"2017-06-01\",\r\n        \"2017-04-01\",\r\n        \"2017-03-01\",\r\n        \"2016-12-01\",\r\n        \"2016-11-01\",\r\n        \"2016-10-01\",\r\n        \"2016-09-01\",\r\n        \"2016-08-01\",\r\n        \"2016-07-01\",\r\n        \"2016-06-01\",\r\n        \"2016-03-30\",\r\n        \"2015-06-15\",\r\n        \"2015-05-01-preview\",\r\n        \"2014-12-01-preview\"\r\n      ]\r\n    },\r\n    {\r\n      \"resourceType\": \"locations/operationResults\",\r\n      \"locations\": [],\r\n      \"apiVersions\": [\r\n        \"2018-12-01\",\r\n        \"2018-11-01\",\r\n        \"2018-10-01\",\r\n        \"2018-08-01\",\r\n        \"2018-07-01\",\r\n        \"2018-06-01\",\r\n        \"2018-05-01\",\r\n        \"2018-04-01\",\r\n        \"2018-03-01\",\r\n        \"2018-02-01\",\r\n        \"2018-01-01\",\r\n        \"2017-11-01\",\r\n        \"2017-10-01\",\r\n        \"2017-09-01\",\r\n        \"2017-08-01\",\r\n        \"2017-06-01\",\r\n        \"2017-04-01\",\r\n        \"2017-03-01\",\r\n        \"2016-12-01\",\r\n        \"2016-11-01\",\r\n        \"2016-10-01\",\r\n        \"2016-09-01\",\r\n        \"2016-08-01\",\r\n        \"2016-07-01\",\r\n        \"2016-06-01\",\r\n        \"2016-03-30\",\r\n        \"2015-06-15\",\r\n        \"2015-05-01-preview\",\r\n        \"2014-12-01-preview\"\r\n      ]\r\n    },\r\n    {\r\n      \"resourceType\": \"locations/CheckDnsNameAvailability\",\r\n      \"locations\": [\r\n        \"West Europe\",\r\n        \"Central US\",\r\n        \"West US\",\r\n        \"East US\",\r\n        \"North Central US\",\r\n        \"South Central US\",\r\n        \"East US 2\",\r\n        \"North Europe\"\r\n      ],\r\n      \"apiVersions\": [\r\n        \"2018-12-01\",\r\n        \"2018-11-01\",\r\n        \"2018-10-01\",\r\n        \"2018-08-01\",\r\n        \"2018-07-01\",\r\n        \"2018-06-01\",\r\n        \"2018-05-01\",\r\n        \"2018-04-01\",\r\n        \"2018-03-01\",\r\n        \"2018-02-01\",\r\n        \"2018-01-01\",\r\n        \"2017-11-01\",\r\n        \"2017-10-01\",\r\n        \"2017-09-01\",\r\n        \"2017-08-01\",\r\n        \"2017-06-01\",\r\n        \"2017-04-01\",\r\n        \"2017-03-01\",\r\n        \"2016-12-01\",\r\n        \"2016-11-01\",\r\n        \"2016-10-01\",\r\n        \"2016-09-01\",\r\n        \"2016-08-01\",\r\n        \"2016-07-01\",\r\n        \"2016-06-01\",\r\n        \"2016-03-30\",\r\n        \"2015-06-15\",\r\n        \"2015-05-01-preview\",\r\n        \"2014-12-01-preview\"\r\n      ]\r\n    },\r\n    {\r\n      \"resourceType\": \"locations/usages\",\r\n      \"locations\": [\r\n        \"West Europe\",\r\n        \"Central US\",\r\n        \"West US\",\r\n        \"East US\",\r\n        \"North Central US\",\r\n        \"South Central US\",\r\n        \"East US 2\",\r\n        \"North Europe\"\r\n      ],\r\n      \"apiVersions\": [\r\n        \"2018-12-01\",\r\n        \"2018-11-01\",\r\n        \"2018-10-01\",\r\n        \"2018-08-01\",\r\n        \"2018-07-01\",\r\n        \"2018-06-01\",\r\n        \"2018-05-01\",\r\n        \"2018-04-01\",\r\n        \"2018-03-01\",\r\n        \"2018-02-01\",\r\n        \"2018-01-01\",\r\n        \"2017-11-01\",\r\n        \"2017-10-01\",\r\n        \"2017-09-01\",\r\n        \"2017-08-01\",\r\n        \"2017-06-01\",\r\n        \"2017-04-01\",\r\n        \"2017-03-01\",\r\n        \"2016-12-01\",\r\n        \"2016-11-01\",\r\n        \"2016-10-01\",\r\n        \"2016-09-01\",\r\n        \"2016-08-01\",\r\n        \"2016-07-01\",\r\n        \"2016-06-01\",\r\n        \"2016-03-30\",\r\n        \"2015-06-15\",\r\n        \"2015-05-01-preview\",\r\n        \"2014-12-01-preview\"\r\n      ]\r\n    },\r\n    {\r\n      \"resourceType\": \"locations/virtualNetworkAvailableEndpointServices\",\r\n      \"locations\": [\r\n        \"West Europe\",\r\n        \"Central US\",\r\n        \"West US\",\r\n        \"East US\",\r\n        \"North Central US\",\r\n        \"South Central US\",\r\n        \"East US 2\",\r\n        \"North Europe\"\r\n      ],\r\n      \"apiVersions\": [\r\n        \"2018-12-01\",\r\n        \"2018-11-01\",\r\n        \"2018-10-01\",\r\n        \"2018-08-01\",\r\n        \"2018-07-01\",\r\n        \"2018-06-01\",\r\n        \"2018-05-01\",\r\n        \"2018-04-01\",\r\n        \"2018-03-01\",\r\n        \"2018-02-01\",\r\n        \"2018-01-01\",\r\n        \"2017-11-01\",\r\n        \"2017-10-01\",\r\n        \"2017-09-01\",\r\n        \"2017-08-01\",\r\n        \"2017-06-01\",\r\n        \"2017-04-01\"\r\n      ]\r\n    },\r\n    {\r\n      \"resourceType\": \"locations/availableDelegations\",\r\n      \"locations\": [\r\n        \"West Europe\",\r\n        \"Central US\",\r\n        \"West US\",\r\n        \"East US\",\r\n        \"North Central US\",\r\n        \"South Central US\",\r\n        \"East US 2\",\r\n        \"North Europe\"\r\n      ],\r\n      \"apiVersions\": [\r\n        \"2018-12-01\",\r\n        \"2018-11-01\",\r\n        \"2018-10-01\",\r\n        \"2018-08-01\",\r\n        \"2018-07-01\",\r\n        \"2018-06-01\",\r\n        \"2018-05-01\",\r\n        \"2018-04-01\"\r\n      ]\r\n    },\r\n    {\r\n      \"resourceType\": \"locations/supportedVirtualMachineSizes\",\r\n      \"locations\": [\r\n        \"West Europe\",\r\n        \"Central US\",\r\n        \"West US\",\r\n        \"East US\",\r\n        \"North Central US\",\r\n        \"South Central US\",\r\n        \"East US 2\",\r\n        \"North Europe\"\r\n      ],\r\n      \"apiVersions\": [\r\n        \"2018-12-01\",\r\n        \"2018-11-01\",\r\n        \"2018-10-01\",\r\n        \"2018-08-01\",\r\n        \"2018-07-01\",\r\n        \"2018-06-01\",\r\n        \"2018-05-01\",\r\n        \"2018-04-01\"\r\n      ]\r\n    },\r\n    {\r\n      \"resourceType\": \"locations/checkAcceleratedNetworkingSupport\",\r\n      \"locations\": [\r\n        \"West Europe\",\r\n        \"Central US\",\r\n        \"West US\",\r\n        \"East US\",\r\n        \"North Central US\",\r\n        \"South Central US\",\r\n        \"East US 2\",\r\n        \"North Europe\"\r\n      ],\r\n      \"apiVersions\": [\r\n        \"2018-12-01\",\r\n        \"2018-11-01\",\r\n        \"2018-10-01\",\r\n        \"2018-08-01\",\r\n        \"2018-07-01\",\r\n        \"2018-06-01\",\r\n        \"2018-05-01\",\r\n        \"2018-04-01\"\r\n      ]\r\n    },\r\n    {\r\n      \"resourceType\": \"locations/validateResourceOwnership\",\r\n      \"locations\": [\r\n        \"West Europe\",\r\n        \"Central US\",\r\n        \"West US\",\r\n        \"East US\",\r\n        \"North Central US\",\r\n        \"South Central US\",\r\n        \"East US 2\",\r\n        \"North Europe\"\r\n      ],\r\n      \"apiVersions\": [\r\n        \"2018-12-01\",\r\n        \"2018-11-01\",\r\n        \"2018-10-01\",\r\n        \"2018-08-01\",\r\n        \"2018-07-01\",\r\n        \"2018-06-01\",\r\n        \"2018-05-01\",\r\n        \"2018-04-01\"\r\n      ]\r\n    },\r\n    {\r\n      \"resourceType\": \"locations/setResourceOwnership\",\r\n      \"locations\": [\r\n        \"West Europe\",\r\n        \"Central US\",\r\n        \"West US\",\r\n        \"East US\",\r\n        \"North Central US\",\r\n        \"South Central US\",\r\n        \"East US 2\",\r\n        \"North Europe\"\r\n      ],\r\n      \"apiVersions\": [\r\n        \"2018-12-01\",\r\n        \"2018-11-01\",\r\n        \"2018-10-01\",\r\n        \"2018-08-01\",\r\n        \"2018-07-01\",\r\n        \"2018-06-01\",\r\n        \"2018-05-01\",\r\n        \"2018-04-01\"\r\n      ]\r\n    },\r\n    {\r\n      \"resourceType\": \"locations/effectiveResourceOwnership\",\r\n      \"locations\": [\r\n        \"West Europe\",\r\n        \"Central US\",\r\n        \"West US\",\r\n        \"East US\",\r\n        \"North Central US\",\r\n        \"South Central US\",\r\n        \"East US 2\",\r\n        \"North Europe\"\r\n      ],\r\n      \"apiVersions\": [\r\n        \"2018-12-01\",\r\n        \"2018-11-01\",\r\n        \"2018-10-01\",\r\n        \"2018-08-01\",\r\n        \"2018-07-01\",\r\n        \"2018-06-01\",\r\n        \"2018-05-01\",\r\n        \"2018-04-01\"\r\n      ]\r\n    },\r\n    {\r\n      \"resourceType\": \"operations\",\r\n      \"locations\": [],\r\n      \"apiVersions\": [\r\n        \"2018-12-01\",\r\n        \"2018-11-01\",\r\n        \"2018-10-01\",\r\n        \"2018-08-01\",\r\n        \"2018-07-01\",\r\n        \"2018-06-01\",\r\n        \"2018-05-01\",\r\n        \"2018-04-01\",\r\n        \"2018-03-01\",\r\n        \"2018-02-01\",\r\n        \"2018-01-01\",\r\n        \"2017-11-01\",\r\n        \"2017-10-01\",\r\n        \"2017-09-01\",\r\n        \"2017-08-01\",\r\n        \"2017-06-01\",\r\n        \"2017-04-01\",\r\n        \"2017-03-01\",\r\n        \"2016-12-01\",\r\n        \"2016-11-01\",\r\n        \"2016-10-01\",\r\n        \"2016-09-01\",\r\n        \"2016-08-01\",\r\n        \"2016-07-01\",\r\n        \"2016-06-01\",\r\n        \"2016-03-30\",\r\n        \"2015-06-15\",\r\n        \"2015-05-01-preview\",\r\n        \"2014-12-01-preview\"\r\n      ]\r\n    },\r\n    {\r\n      \"resourceType\": \"checkTrafficManagerNameAvailability\",\r\n      \"locations\": [\r\n        \"global\"\r\n      ],\r\n      \"apiVersions\": [\r\n        \"2018-08-01\",\r\n        \"2018-04-01\",\r\n        \"2018-03-01\",\r\n        \"2018-02-01\",\r\n        \"2017-05-01\",\r\n        \"2017-03-01\",\r\n        \"2015-11-01\",\r\n        \"2015-04-28-preview\"\r\n      ]\r\n    },\r\n    {\r\n      \"resourceType\": \"trafficManagerGeographicHierarchies\",\r\n      \"locations\": [\r\n        \"global\"\r\n      ],\r\n      \"apiVersions\": [\r\n        \"2018-08-01\",\r\n        \"2018-04-01\",\r\n        \"2018-03-01\",\r\n        \"2018-02-01\",\r\n        \"2017-05-01\",\r\n        \"2017-03-01\"\r\n      ]\r\n    },\r\n    {\r\n      \"resourceType\": \"networkWatchers\",\r\n      \"locations\": [\r\n        \"West Europe\",\r\n        \"Central US\",\r\n        \"West US\",\r\n        \"East US\",\r\n        \"North Central US\",\r\n        \"South Central US\",\r\n        \"East US 2\",\r\n        \"North Europe\"\r\n      ],\r\n      \"apiVersions\": [\r\n        \"2018-12-01\",\r\n        \"2018-11-01\",\r\n        \"2018-10-01\",\r\n        \"2018-08-01\",\r\n        \"2018-07-01\",\r\n        \"2018-06-01\",\r\n        \"2018-05-01\",\r\n        \"2018-04-01\",\r\n        \"2018-03-01\",\r\n        \"2018-02-01\",\r\n        \"2018-01-01\",\r\n        \"2017-11-01\",\r\n        \"2017-10-01\",\r\n        \"2017-09-01\",\r\n        \"2017-08-01\",\r\n        \"2017-06-01\",\r\n        \"2017-04-01\",\r\n        \"2017-03-01\",\r\n        \"2016-12-01\",\r\n        \"2016-11-01\",\r\n        \"2016-10-01\",\r\n        \"2016-09-01\",\r\n        \"2016-08-01\",\r\n        \"2016-07-01\",\r\n        \"2016-06-01\",\r\n        \"2016-03-30\"\r\n      ],\r\n      \"capabilities\": \"CrossResourceGroupResourceMove, CrossSubscriptionResourceMove\"\r\n    },\r\n    {\r\n      \"resourceType\": \"virtualNetworkGateways\",\r\n      \"locations\": [\r\n        \"West Europe\",\r\n        \"Central US\",\r\n        \"West US\",\r\n        \"East US\",\r\n        \"North Central US\",\r\n        \"South Central US\",\r\n        \"East US 2\",\r\n        \"North Europe\"\r\n      ],\r\n      \"apiVersions\": [\r\n        \"2018-12-01\",\r\n        \"2018-11-01\",\r\n        \"2018-10-01\",\r\n        \"2018-08-01\",\r\n        \"2018-07-01\",\r\n        \"2018-06-01\",\r\n        \"2018-05-01\",\r\n        \"2018-04-01\",\r\n        \"2018-03-01\",\r\n        \"2018-02-01\",\r\n        \"2018-01-01\",\r\n        \"2017-11-01\",\r\n        \"2017-10-01\",\r\n        \"2017-09-01\",\r\n        \"2017-08-01\",\r\n        \"2017-06-01\",\r\n        \"2017-04-01\",\r\n        \"2017-03-01\",\r\n        \"2016-12-01\",\r\n        \"2016-11-01\",\r\n        \"2016-10-01\",\r\n        \"2016-09-01\",\r\n        \"2016-08-01\",\r\n        \"2016-07-01\",\r\n        \"2016-06-01\",\r\n        \"2016-03-30\",\r\n        \"2015-06-15\",\r\n        \"2015-05-01-preview\",\r\n        \"2014-12-01-preview\"\r\n      ],\r\n      \"capabilities\": \"CrossResourceGroupResourceMove, CrossSubscriptionResourceMove\"\r\n    },\r\n    {\r\n      \"resourceType\": \"localNetworkGateways\",\r\n      \"locations\": [\r\n        \"West Europe\",\r\n        \"Central US\",\r\n        \"West US\",\r\n        \"East US\",\r\n        \"North Central US\",\r\n        \"South Central US\",\r\n        \"East US 2\",\r\n        \"North Europe\"\r\n      ],\r\n      \"apiVersions\": [\r\n        \"2018-12-01\",\r\n        \"2018-11-01\",\r\n        \"2018-10-01\",\r\n        \"2018-08-01\",\r\n        \"2018-07-01\",\r\n        \"2018-06-01\",\r\n        \"2018-05-01\",\r\n        \"2018-04-01\",\r\n        \"2018-03-01\",\r\n        \"2018-02-01\",\r\n        \"2018-01-01\",\r\n        \"2017-11-01\",\r\n        \"2017-10-01\",\r\n        \"2017-09-01\",\r\n        \"2017-08-01\",\r\n        \"2017-06-01\",\r\n        \"2017-04-01\",\r\n        \"2017-03-01\",\r\n        \"2016-12-01\",\r\n        \"2016-11-01\",\r\n        \"2016-10-01\",\r\n        \"2016-09-01\",\r\n        \"2016-08-01\",\r\n        \"2016-07-01\",\r\n        \"2016-06-01\",\r\n        \"2016-03-30\",\r\n        \"2015-06-15\",\r\n        \"2015-05-01-preview\",\r\n        \"2014-12-01-preview\"\r\n      ],\r\n      \"capabilities\": \"CrossResourceGroupResourceMove, CrossSubscriptionResourceMove\"\r\n    },\r\n    {\r\n      \"resourceType\": \"connections\",\r\n      \"locations\": [\r\n        \"West Europe\",\r\n        \"Central US\",\r\n        \"West US\",\r\n        \"East US\",\r\n        \"North Central US\",\r\n        \"South Central US\",\r\n        \"East US 2\",\r\n        \"North Europe\"\r\n      ],\r\n      \"apiVersions\": [\r\n        \"2018-12-01\",\r\n        \"2018-11-01\",\r\n        \"2018-10-01\",\r\n        \"2018-08-01\",\r\n        \"2018-07-01\",\r\n        \"2018-06-01\",\r\n        \"2018-05-01\",\r\n        \"2018-04-01\",\r\n        \"2018-03-01\",\r\n        \"2018-02-01\",\r\n        \"2018-01-01\",\r\n        \"2017-11-01\",\r\n        \"2017-10-01\",\r\n        \"2017-09-01\",\r\n        \"2017-08-01\",\r\n        \"2017-06-01\",\r\n        \"2017-04-01\",\r\n        \"2017-03-01\",\r\n        \"2016-12-01\",\r\n        \"2016-11-01\",\r\n        \"2016-10-01\",\r\n        \"2016-09-01\",\r\n        \"2016-08-01\",\r\n        \"2016-07-01\",\r\n        \"2016-06-01\",\r\n        \"2016-03-30\",\r\n        \"2015-06-15\",\r\n        \"2015-05-01-preview\",\r\n        \"2014-12-01-preview\"\r\n      ],\r\n      \"capabilities\": \"CrossResourceGroupResourceMove, CrossSubscriptionResourceMove\"\r\n    },\r\n    {\r\n      \"resourceType\": \"applicationGateways\",\r\n      \"locations\": [\r\n        \"West Europe\",\r\n        \"Central US\",\r\n        \"West US\",\r\n        \"East US\",\r\n        \"North Central US\",\r\n        \"South Central US\",\r\n        \"East US 2\",\r\n        \"North Europe\"\r\n      ],\r\n      \"apiVersions\": [\r\n        \"2018-10-01\",\r\n        \"2018-04-01\",\r\n        \"2018-03-01\",\r\n        \"2018-02-01\",\r\n        \"2018-01-01\",\r\n        \"2017-11-01\",\r\n        \"2017-10-01\",\r\n        \"2017-09-01\",\r\n        \"2017-08-01\",\r\n        \"2017-06-01\",\r\n        \"2017-04-01\",\r\n        \"2017-03-01\",\r\n        \"2016-12-01\",\r\n        \"2016-11-01\",\r\n        \"2016-10-01\",\r\n        \"2016-09-01\",\r\n        \"2016-08-01\",\r\n        \"2016-07-01\",\r\n        \"2016-06-01\",\r\n        \"2016-03-30\",\r\n        \"2015-06-15\",\r\n        \"2015-05-01-preview\",\r\n        \"2014-12-01-preview\"\r\n      ],\r\n      \"capabilities\": \"None\"\r\n    },\r\n    {\r\n      \"resourceType\": \"expressRouteCircuits\",\r\n      \"locations\": [\r\n        \"West Europe\",\r\n        \"Central US\",\r\n        \"West US\",\r\n        \"East US\",\r\n        \"North Central US\",\r\n        \"South Central US\",\r\n        \"East US 2\",\r\n        \"North Europe\"\r\n      ],\r\n      \"apiVersions\": [\r\n        \"2018-10-01\",\r\n        \"2018-04-01\",\r\n        \"2018-03-01\",\r\n        \"2018-02-01\",\r\n        \"2018-01-01\",\r\n        \"2017-11-01\",\r\n        \"2017-10-01\",\r\n        \"2017-09-01\",\r\n        \"2017-08-01\",\r\n        \"2017-06-01\",\r\n        \"2017-04-01\",\r\n        \"2017-03-01\",\r\n        \"2016-12-01\",\r\n        \"2016-11-01\",\r\n        \"2016-10-01\",\r\n        \"2016-09-01\",\r\n        \"2016-08-01\",\r\n        \"2016-07-01\",\r\n        \"2016-06-01\",\r\n        \"2016-03-30\",\r\n        \"2015-06-15\",\r\n        \"2015-05-01-preview\",\r\n        \"2014-12-01-preview\"\r\n      ],\r\n      \"capabilities\": \"None\"\r\n    },\r\n    {\r\n      \"resourceType\": \"expressRouteCrossConnections\",\r\n      \"locations\": [\r\n        \"West Europe\",\r\n        \"Central US\",\r\n        \"West US\",\r\n        \"East US\",\r\n        \"North Central US\",\r\n        \"South Central US\",\r\n        \"East US 2\",\r\n        \"North Europe\"\r\n      ],\r\n      \"apiVersions\": [\r\n        \"2018-10-01\",\r\n        \"2018-02-01\"\r\n      ],\r\n      \"capabilities\": \"None\"\r\n    },\r\n    {\r\n      \"resourceType\": \"expressRouteServiceProviders\",\r\n      \"locations\": [],\r\n      \"apiVersions\": [\r\n        \"2018-12-01\",\r\n        \"2018-11-01\",\r\n        \"2018-10-01\",\r\n        \"2018-08-01\",\r\n        \"2018-07-01\",\r\n        \"2018-06-01\",\r\n        \"2018-05-01\",\r\n        \"2018-04-01\",\r\n        \"2018-03-01\",\r\n        \"2018-02-01\",\r\n        \"2018-01-01\",\r\n        \"2017-11-01\",\r\n        \"2017-10-01\",\r\n        \"2017-09-01\",\r\n        \"2017-08-01\",\r\n        \"2017-06-01\",\r\n        \"2017-04-01\",\r\n        \"2017-03-01\",\r\n        \"2016-12-01\",\r\n        \"2016-11-01\",\r\n        \"2016-10-01\",\r\n        \"2016-09-01\",\r\n        \"2016-08-01\",\r\n        \"2016-07-01\",\r\n        \"2016-06-01\",\r\n        \"2016-03-30\",\r\n        \"2015-06-15\",\r\n        \"2015-05-01-preview\",\r\n        \"2014-12-01-preview\"\r\n      ]\r\n    },\r\n    {\r\n      \"resourceType\": \"applicationGatewayAvailableWafRuleSets\",\r\n      \"locations\": [],\r\n      \"apiVersions\": [\r\n        \"2018-12-01\",\r\n        \"2018-11-01\",\r\n        \"2018-10-01\",\r\n        \"2018-08-01\",\r\n        \"2018-07-01\",\r\n        \"2018-06-01\",\r\n        \"2018-05-01\",\r\n        \"2018-04-01\",\r\n        \"2018-03-01\",\r\n        \"2018-02-01\",\r\n        \"2018-01-01\",\r\n        \"2017-11-01\",\r\n        \"2017-10-01\",\r\n        \"2017-09-01\",\r\n        \"2017-08-01\",\r\n        \"2017-06-01\",\r\n        \"2017-04-01\",\r\n        \"2017-03-01\"\r\n      ]\r\n    },\r\n    {\r\n      \"resourceType\": \"applicationGatewayAvailableSslOptions\",\r\n      \"locations\": [],\r\n      \"apiVersions\": [\r\n        \"2018-12-01\",\r\n        \"2018-11-01\",\r\n        \"2018-10-01\",\r\n        \"2018-08-01\",\r\n        \"2018-07-01\",\r\n        \"2018-06-01\",\r\n        \"2018-05-01\",\r\n        \"2018-04-01\",\r\n        \"2018-03-01\",\r\n        \"2018-02-01\",\r\n        \"2018-01-01\",\r\n        \"2017-11-01\",\r\n        \"2017-10-01\",\r\n        \"2017-09-01\",\r\n        \"2017-08-01\",\r\n        \"2017-06-01\"\r\n      ]\r\n    },\r\n    {\r\n      \"resourceType\": \"bgpServiceCommunities\",\r\n      \"locations\": [],\r\n      \"apiVersions\": [\r\n        \"2018-12-01\",\r\n        \"2018-11-01\",\r\n        \"2018-10-01\",\r\n        \"2018-08-01\",\r\n        \"2018-07-01\",\r\n        \"2018-06-01\",\r\n        \"2018-05-01\",\r\n        \"2018-04-01\",\r\n        \"2018-03-01\",\r\n        \"2018-02-01\",\r\n        \"2018-01-01\",\r\n        \"2017-11-01\",\r\n        \"2017-10-01\",\r\n        \"2017-09-01\",\r\n        \"2017-08-01\",\r\n        \"2017-06-01\",\r\n        \"2017-04-01\",\r\n        \"2016-12-01\"\r\n      ]\r\n    },\r\n    {\r\n      \"resourceType\": \"routeFilters\",\r\n      \"locations\": [\r\n        \"West Europe\",\r\n        \"Central US\",\r\n        \"West US\",\r\n        \"East US\",\r\n        \"North Central US\",\r\n        \"South Central US\",\r\n        \"East US 2\",\r\n        \"North Europe\"\r\n      ],\r\n      \"apiVersions\": [\r\n        \"2018-12-01\",\r\n        \"2018-11-01\",\r\n        \"2018-10-01\",\r\n        \"2018-08-01\",\r\n        \"2018-07-01\",\r\n        \"2018-06-01\",\r\n        \"2018-05-01\",\r\n        \"2018-04-01\",\r\n        \"2018-03-01\",\r\n        \"2018-02-01\",\r\n        \"2018-01-01\",\r\n        \"2017-11-01\",\r\n        \"2017-10-01\",\r\n        \"2017-09-01\",\r\n        \"2017-08-01\",\r\n        \"2017-06-01\",\r\n        \"2017-04-01\",\r\n        \"2017-03-01\",\r\n        \"2016-12-01\"\r\n      ],\r\n      \"capabilities\": \"None\"\r\n    },\r\n    {\r\n      \"resourceType\": \"virtualWans\",\r\n      \"locations\": [\r\n        \"West Europe\",\r\n        \"Central US\",\r\n        \"West US\",\r\n        \"East US\",\r\n        \"North Central US\",\r\n        \"South Central US\",\r\n        \"East US 2\",\r\n        \"North Europe\"\r\n      ],\r\n      \"apiVersions\": [\r\n        \"2018-10-01\",\r\n        \"2018-04-01\",\r\n        \"2018-03-01\",\r\n        \"2018-02-01\",\r\n        \"2018-01-01\",\r\n        \"2017-11-01\",\r\n        \"2017-10-01\",\r\n        \"2017-09-01\"\r\n      ],\r\n      \"capabilities\": \"CrossResourceGroupResourceMove, CrossSubscriptionResourceMove\"\r\n    },\r\n    {\r\n      \"resourceType\": \"vpnSites\",\r\n      \"locations\": [\r\n        \"West Europe\",\r\n        \"Central US\",\r\n        \"West US\",\r\n        \"East US\",\r\n        \"North Central US\",\r\n        \"South Central US\",\r\n        \"East US 2\",\r\n        \"North Europe\"\r\n      ],\r\n      \"apiVersions\": [\r\n        \"2018-10-01\",\r\n        \"2018-04-01\",\r\n        \"2018-03-01\",\r\n        \"2018-02-01\",\r\n        \"2018-01-01\",\r\n        \"2017-11-01\",\r\n        \"2017-10-01\",\r\n        \"2017-09-01\"\r\n      ],\r\n      \"capabilities\": \"CrossResourceGroupResourceMove, CrossSubscriptionResourceMove\"\r\n    },\r\n    {\r\n      \"resourceType\": \"virtualHubs\",\r\n      \"locations\": [\r\n        \"West Europe\",\r\n        \"Central US\",\r\n        \"West US\",\r\n        \"East US\",\r\n        \"North Central US\",\r\n        \"South Central US\",\r\n        \"East US 2\",\r\n        \"North Europe\"\r\n      ],\r\n      \"apiVersions\": [\r\n        \"2018-10-01\",\r\n        \"2018-04-01\",\r\n        \"2018-03-01\",\r\n        \"2018-02-01\",\r\n        \"2018-01-01\",\r\n        \"2017-11-01\",\r\n        \"2017-10-01\",\r\n        \"2017-09-01\"\r\n      ],\r\n      \"capabilities\": \"CrossResourceGroupResourceMove, CrossSubscriptionResourceMove\"\r\n    },\r\n    {\r\n      \"resourceType\": \"vpnGateways\",\r\n      \"locations\": [\r\n        \"West Europe\",\r\n        \"Central US\",\r\n        \"West US\",\r\n        \"East US\",\r\n        \"North Central US\",\r\n        \"South Central US\",\r\n        \"East US 2\",\r\n        \"North Europe\"\r\n      ],\r\n      \"apiVersions\": [\r\n        \"2018-10-01\",\r\n        \"2018-04-01\",\r\n        \"2018-03-01\",\r\n        \"2018-02-01\",\r\n        \"2018-01-01\",\r\n        \"2017-11-01\",\r\n        \"2017-10-01\",\r\n        \"2017-09-01\"\r\n      ],\r\n      \"capabilities\": \"CrossResourceGroupResourceMove, CrossSubscriptionResourceMove\"\r\n    },\r\n    {\r\n      \"resourceType\": \"expressRouteGateways\",\r\n      \"locations\": [\r\n        \"West Europe\",\r\n        \"Central US\",\r\n        \"West US\",\r\n        \"East US\",\r\n        \"North Central US\",\r\n        \"South Central US\",\r\n        \"East US 2\",\r\n        \"North Europe\"\r\n      ],\r\n      \"apiVersions\": [\r\n        \"2018-12-01\",\r\n        \"2018-11-01\",\r\n        \"2018-10-01\",\r\n        \"2018-08-01\"\r\n      ],\r\n      \"capabilities\": \"None\"\r\n    },\r\n    {\r\n      \"resourceType\": \"p2sVpnGateways\",\r\n      \"locations\": [\r\n        \"West Europe\",\r\n        \"Central US\",\r\n        \"West US\",\r\n        \"East US\",\r\n        \"North Central US\",\r\n        \"South Central US\",\r\n        \"East US 2\",\r\n        \"North Europe\"\r\n      ],\r\n      \"apiVersions\": [\r\n        \"2018-12-01\",\r\n        \"2018-11-01\",\r\n        \"2018-10-01\",\r\n        \"2018-08-01\"\r\n      ],\r\n      \"capabilities\": \"None\"\r\n    },\r\n    {\r\n      \"resourceType\": \"secureGateways\",\r\n      \"locations\": [\r\n        \"West Europe\",\r\n        \"Central US\",\r\n        \"West US\",\r\n        \"East US\",\r\n        \"North Central US\",\r\n        \"South Central US\",\r\n        \"East US 2\",\r\n        \"North Europe\"\r\n      ],\r\n      \"apiVersions\": [\r\n        \"2018-12-01\",\r\n        \"2018-11-01\",\r\n        \"2018-10-01\",\r\n        \"2018-08-01\",\r\n        \"2018-07-01\",\r\n        \"2018-06-01\",\r\n        \"2018-05-01\",\r\n        \"2018-04-01\",\r\n        \"2018-03-01\",\r\n        \"2018-02-01\",\r\n        \"2018-01-01\",\r\n        \"2017-11-01\"\r\n      ],\r\n      \"capabilities\": \"CrossResourceGroupResourceMove, CrossSubscriptionResourceMove\"\r\n    },\r\n    {\r\n      \"resourceType\": \"azureFirewalls\",\r\n      \"locations\": [\r\n        \"West Europe\",\r\n        \"Central US\",\r\n        \"West US\",\r\n        \"East US\",\r\n        \"North Central US\",\r\n        \"South Central US\",\r\n        \"East US 2\",\r\n        \"North Europe\"\r\n      ],\r\n      \"apiVersions\": [\r\n        \"2018-12-01\",\r\n        \"2018-11-01\",\r\n        \"2018-10-01\",\r\n        \"2018-08-01\",\r\n        \"2018-07-01\",\r\n        \"2018-06-01\",\r\n        \"2018-05-01\",\r\n        \"2018-04-01\"\r\n      ],\r\n      \"capabilities\": \"CrossResourceGroupResourceMove, CrossSubscriptionResourceMove\"\r\n    },\r\n    {\r\n      \"resourceType\": \"azureFirewallFqdnTags\",\r\n      \"locations\": [],\r\n      \"apiVersions\": [\r\n        \"2018-12-01\",\r\n        \"2018-11-01\",\r\n        \"2018-10-01\",\r\n        \"2018-08-01\"\r\n      ]\r\n    },\r\n    {\r\n      \"resourceType\": \"virtualNetworkTaps\",\r\n      \"locations\": [\r\n        \"West Europe\",\r\n        \"Central US\",\r\n        \"West US\",\r\n        \"East US\",\r\n        \"North Central US\",\r\n        \"South Central US\",\r\n        \"East US 2\",\r\n        \"North Europe\"\r\n      ],\r\n      \"apiVersions\": [\r\n        \"2018-12-01\",\r\n        \"2018-11-01\",\r\n        \"2018-10-01\",\r\n        \"2018-08-01\"\r\n      ],\r\n      \"capabilities\": \"None\"\r\n    },\r\n    {\r\n      \"resourceType\": \"ddosProtectionPlans\",\r\n      \"locations\": [\r\n        \"West Europe\",\r\n        \"Central US\",\r\n        \"West US\",\r\n        \"East US\",\r\n        \"North Central US\",\r\n        \"South Central US\",\r\n        \"East US 2\",\r\n        \"North Europe\"\r\n      ],\r\n      \"apiVersions\": [\r\n        \"2018-12-01\",\r\n        \"2018-11-01\",\r\n        \"2018-10-01\",\r\n        \"2018-08-01\",\r\n        \"2018-07-01\",\r\n        \"2018-06-01\",\r\n        \"2018-05-01\",\r\n        \"2018-04-01\",\r\n        \"2018-03-01\",\r\n        \"2018-02-01\"\r\n      ],\r\n      \"capabilities\": \"None\"\r\n    },\r\n    {\r\n      \"resourceType\": \"checkFrontdoorNameAvailability\",\r\n      \"locations\": [\r\n        \"global\",\r\n        \"Central US\",\r\n        \"East US\",\r\n        \"East US 2\",\r\n        \"North Central US\",\r\n        \"South Central US\",\r\n        \"West US\",\r\n        \"North Europe\",\r\n        \"West Europe\",\r\n        \"East Asia\",\r\n        \"Southeast Asia\",\r\n        \"Japan East\",\r\n        \"Japan West\",\r\n        \"Brazil South\",\r\n        \"Australia East\",\r\n        \"Australia Southeast\"\r\n      ],\r\n      \"apiVersions\": [\r\n        \"2018-08-01\"\r\n      ]\r\n    },\r\n    {\r\n      \"resourceType\": \"frontdoors\",\r\n      \"locations\": [\r\n        \"global\",\r\n        \"Central US\",\r\n        \"East US\",\r\n        \"East US 2\",\r\n        \"North Central US\",\r\n        \"South Central US\",\r\n        \"West US\",\r\n        \"North Europe\",\r\n        \"West Europe\",\r\n        \"East Asia\",\r\n        \"Southeast Asia\",\r\n        \"Japan East\",\r\n        \"Japan West\",\r\n        \"Brazil South\",\r\n        \"Australia East\",\r\n        \"Australia Southeast\"\r\n      ],\r\n      \"apiVersions\": [\r\n        \"2018-08-01\"\r\n      ],\r\n      \"capabilities\": \"CrossResourceGroupResourceMove, CrossSubscriptionResourceMove\"\r\n    },\r\n    {\r\n      \"resourceType\": \"networkProfiles\",\r\n      \"locations\": [\r\n        \"West Europe\",\r\n        \"Central US\",\r\n        \"West US\",\r\n        \"East US\",\r\n        \"North Central US\",\r\n        \"South Central US\",\r\n        \"East US 2\",\r\n        \"North Europe\"\r\n      ],\r\n      \"apiVersions\": [\r\n        \"2018-12-01\",\r\n        \"2018-11-01\",\r\n        \"2018-10-01\",\r\n        \"2018-08-01\",\r\n        \"2018-07-01\",\r\n        \"2018-06-01\",\r\n        \"2018-05-01\"\r\n      ],\r\n      \"capabilities\": \"None\"\r\n    },\r\n    {\r\n      \"resourceType\": \"locations/bareMetalTenants\",\r\n      \"locations\": [\r\n        \"West Europe\",\r\n        \"Central US\",\r\n        \"West US\",\r\n        \"East US\",\r\n        \"North Central US\",\r\n        \"South Central US\",\r\n        \"East US 2\",\r\n        \"North Europe\"\r\n      ],\r\n      \"apiVersions\": [\r\n        \"2018-12-01\",\r\n        \"2018-11-01\",\r\n        \"2018-10-01\",\r\n        \"2018-08-01\",\r\n        \"2018-07-01\"\r\n      ]\r\n    },\r\n    {\r\n      \"resourceType\": \"frontDoorWebApplicationFirewallPolicies\",\r\n      \"locations\": [\r\n        \"global\",\r\n        \"Central US\",\r\n        \"East US\",\r\n        \"East US 2\",\r\n        \"North Central US\",\r\n        \"South Central US\",\r\n        \"West US\",\r\n        \"North Europe\",\r\n        \"West Europe\",\r\n        \"East Asia\",\r\n        \"Southeast Asia\",\r\n        \"Japan East\",\r\n        \"Japan West\",\r\n        \"Brazil South\",\r\n        \"Australia East\",\r\n        \"Australia Southeast\"\r\n      ],\r\n      \"apiVersions\": [\r\n        \"2019-03-01\",\r\n        \"2018-08-01\"\r\n      ],\r\n      \"capabilities\": \"CrossResourceGroupResourceMove, CrossSubscriptionResourceMove\"\r\n    },\r\n    {\r\n      \"resourceType\": \"FrontDoorWebApplicationFirewallManagedRuleSets\",\r\n      \"locations\": [\r\n        \"global\",\r\n        \"Central US\",\r\n        \"East US\",\r\n        \"East US 2\",\r\n        \"North Central US\",\r\n        \"South Central US\",\r\n        \"West US\",\r\n        \"North Europe\",\r\n        \"West Europe\",\r\n        \"East Asia\",\r\n        \"Southeast Asia\",\r\n        \"Japan East\",\r\n        \"Japan West\",\r\n        \"Brazil South\",\r\n        \"Australia East\",\r\n        \"Australia Southeast\"\r\n      ],\r\n      \"apiVersions\": [\r\n        \"2019-03-01\"\r\n      ]\r\n    }\r\n  ],\r\n  \"registrationState\": \"Registering\"\r\n}",
      "StatusCode": 200
    },
    {
      "RequestUri": "/subscriptions/0e5a46b1-de0b-4ec3-a5d7-dda908b4e076/resourceGroups/ps2376/providers/Microsoft.Network/virtualNetworks/ps9456?api-version=2018-12-01",
      "EncodedRequestUri": "L3N1YnNjcmlwdGlvbnMvMGU1YTQ2YjEtZGUwYi00ZWMzLWE1ZDctZGRhOTA4YjRlMDc2L3Jlc291cmNlR3JvdXBzL3BzMjM3Ni9wcm92aWRlcnMvTWljcm9zb2Z0Lk5ldHdvcmsvdmlydHVhbE5ldHdvcmtzL3BzOTQ1Nj9hcGktdmVyc2lvbj0yMDE4LTEyLTAx",
      "RequestMethod": "GET",
      "RequestBody": "",
      "RequestHeaders": {
        "x-ms-client-request-id": [
          "465fa37f-2487-4fed-948c-6b61579d6173"
        ],
        "Accept-Language": [
          "en-US"
        ],
        "User-Agent": [
          "FxVersion/4.6.27019.06",
          "OSName/Windows",
          "OSVersion/Microsoft.Windows.10.0.17763.",
          "Microsoft.Azure.Management.Network.NetworkManagementClient/19.9.0.0"
        ]
      },
      "ResponseHeaders": {
        "Cache-Control": [
          "no-cache"
        ],
        "Pragma": [
          "no-cache"
        ],
        "x-ms-failure-cause": [
          "gateway"
        ],
        "x-ms-request-id": [
          "0e3d47c6-b9c1-4050-b9aa-b3f07b83dc56"
        ],
        "x-ms-correlation-request-id": [
          "0e3d47c6-b9c1-4050-b9aa-b3f07b83dc56"
        ],
        "x-ms-routing-request-id": [
          "NORTHEUROPE:20190308T225950Z:0e3d47c6-b9c1-4050-b9aa-b3f07b83dc56"
        ],
        "Strict-Transport-Security": [
          "max-age=31536000; includeSubDomains"
        ],
        "X-Content-Type-Options": [
          "nosniff"
        ],
        "Date": [
          "Fri, 08 Mar 2019 22:59:49 GMT"
        ],
        "Content-Type": [
          "application/json; charset=utf-8"
        ],
        "Expires": [
          "-1"
        ],
        "Content-Length": [
          "150"
        ]
      },
      "ResponseBody": "{\r\n  \"error\": {\r\n    \"code\": \"ResourceNotFound\",\r\n    \"message\": \"The Resource 'Microsoft.Network/virtualNetworks/ps9456' under resource group 'ps2376' was not found.\"\r\n  }\r\n}",
      "StatusCode": 404
    },
    {
      "RequestUri": "/subscriptions/0e5a46b1-de0b-4ec3-a5d7-dda908b4e076/resourceGroups/ps2376/providers/Microsoft.Network/virtualNetworks/ps9456?api-version=2018-12-01",
      "EncodedRequestUri": "L3N1YnNjcmlwdGlvbnMvMGU1YTQ2YjEtZGUwYi00ZWMzLWE1ZDctZGRhOTA4YjRlMDc2L3Jlc291cmNlR3JvdXBzL3BzMjM3Ni9wcm92aWRlcnMvTWljcm9zb2Z0Lk5ldHdvcmsvdmlydHVhbE5ldHdvcmtzL3BzOTQ1Nj9hcGktdmVyc2lvbj0yMDE4LTEyLTAx",
      "RequestMethod": "GET",
      "RequestBody": "",
      "RequestHeaders": {
        "User-Agent": [
          "FxVersion/4.6.27019.06",
          "OSName/Windows",
          "OSVersion/Microsoft.Windows.10.0.17763.",
          "Microsoft.Azure.Management.Network.NetworkManagementClient/19.9.0.0"
        ]
      },
      "ResponseHeaders": {
        "Cache-Control": [
          "no-cache"
        ],
        "Pragma": [
          "no-cache"
        ],
        "ETag": [
          "W/\"c821a466-045e-41e6-9717-6e8d3993e395\""
        ],
        "x-ms-request-id": [
          "d81723cd-4274-4b27-964b-c62dbfd3e023"
        ],
        "x-ms-correlation-request-id": [
          "1652a916-40ff-4148-a58f-35b339d39554"
        ],
        "Strict-Transport-Security": [
          "max-age=31536000; includeSubDomains"
        ],
        "Server": [
          "Microsoft-HTTPAPI/2.0",
          "Microsoft-HTTPAPI/2.0"
        ],
        "x-ms-ratelimit-remaining-subscription-reads": [
          "14945"
        ],
        "x-ms-routing-request-id": [
          "NORTHEUROPE:20190308T225956Z:1652a916-40ff-4148-a58f-35b339d39554"
        ],
        "X-Content-Type-Options": [
          "nosniff"
        ],
        "Date": [
          "Fri, 08 Mar 2019 22:59:55 GMT"
        ],
        "Content-Length": [
          "630"
        ],
        "Content-Type": [
          "application/json; charset=utf-8"
        ],
        "Expires": [
          "-1"
        ]
      },
      "ResponseBody": "{\r\n  \"name\": \"ps9456\",\r\n  \"id\": \"/subscriptions/0e5a46b1-de0b-4ec3-a5d7-dda908b4e076/resourceGroups/ps2376/providers/Microsoft.Network/virtualNetworks/ps9456\",\r\n  \"etag\": \"W/\\\"c821a466-045e-41e6-9717-6e8d3993e395\\\"\",\r\n  \"type\": \"Microsoft.Network/virtualNetworks\",\r\n  \"location\": \"westus\",\r\n  \"properties\": {\r\n    \"provisioningState\": \"Succeeded\",\r\n    \"resourceGuid\": \"ab1619df-dfa2-4430-8527-5334f5a21eae\",\r\n    \"addressSpace\": {\r\n      \"addressPrefixes\": [\r\n        \"10.0.0.0/8\"\r\n      ]\r\n    },\r\n    \"subnets\": [],\r\n    \"virtualNetworkPeerings\": [],\r\n    \"enableDdosProtection\": false,\r\n    \"enableVmProtection\": false\r\n  }\r\n}",
      "StatusCode": 200
    },
    {
      "RequestUri": "/subscriptions/0e5a46b1-de0b-4ec3-a5d7-dda908b4e076/resourceGroups/ps2376/providers/Microsoft.Network/virtualNetworks/ps9456?api-version=2018-12-01",
      "EncodedRequestUri": "L3N1YnNjcmlwdGlvbnMvMGU1YTQ2YjEtZGUwYi00ZWMzLWE1ZDctZGRhOTA4YjRlMDc2L3Jlc291cmNlR3JvdXBzL3BzMjM3Ni9wcm92aWRlcnMvTWljcm9zb2Z0Lk5ldHdvcmsvdmlydHVhbE5ldHdvcmtzL3BzOTQ1Nj9hcGktdmVyc2lvbj0yMDE4LTEyLTAx",
      "RequestMethod": "GET",
      "RequestBody": "",
      "RequestHeaders": {
        "x-ms-client-request-id": [
          "0e1bb1ad-74c9-4c04-aeb1-59909d2128e5"
        ],
        "Accept-Language": [
          "en-US"
        ],
        "User-Agent": [
          "FxVersion/4.6.27019.06",
          "OSName/Windows",
          "OSVersion/Microsoft.Windows.10.0.17763.",
          "Microsoft.Azure.Management.Network.NetworkManagementClient/19.9.0.0"
        ]
      },
      "ResponseHeaders": {
        "Cache-Control": [
          "no-cache"
        ],
        "Pragma": [
          "no-cache"
        ],
        "ETag": [
          "W/\"c821a466-045e-41e6-9717-6e8d3993e395\""
        ],
        "x-ms-request-id": [
          "c963a22e-449f-49c7-8f16-b54ed156c481"
        ],
        "x-ms-correlation-request-id": [
          "22ee9b69-e91a-4360-ad9f-77e283eb33cc"
        ],
        "Strict-Transport-Security": [
          "max-age=31536000; includeSubDomains"
        ],
        "Server": [
          "Microsoft-HTTPAPI/2.0",
          "Microsoft-HTTPAPI/2.0"
        ],
        "x-ms-ratelimit-remaining-subscription-reads": [
          "14944"
        ],
        "x-ms-routing-request-id": [
          "NORTHEUROPE:20190308T225956Z:22ee9b69-e91a-4360-ad9f-77e283eb33cc"
        ],
        "X-Content-Type-Options": [
          "nosniff"
        ],
        "Date": [
          "Fri, 08 Mar 2019 22:59:56 GMT"
        ],
        "Content-Length": [
          "630"
        ],
        "Content-Type": [
          "application/json; charset=utf-8"
        ],
        "Expires": [
          "-1"
        ]
      },
      "ResponseBody": "{\r\n  \"name\": \"ps9456\",\r\n  \"id\": \"/subscriptions/0e5a46b1-de0b-4ec3-a5d7-dda908b4e076/resourceGroups/ps2376/providers/Microsoft.Network/virtualNetworks/ps9456\",\r\n  \"etag\": \"W/\\\"c821a466-045e-41e6-9717-6e8d3993e395\\\"\",\r\n  \"type\": \"Microsoft.Network/virtualNetworks\",\r\n  \"location\": \"westus\",\r\n  \"properties\": {\r\n    \"provisioningState\": \"Succeeded\",\r\n    \"resourceGuid\": \"ab1619df-dfa2-4430-8527-5334f5a21eae\",\r\n    \"addressSpace\": {\r\n      \"addressPrefixes\": [\r\n        \"10.0.0.0/8\"\r\n      ]\r\n    },\r\n    \"subnets\": [],\r\n    \"virtualNetworkPeerings\": [],\r\n    \"enableDdosProtection\": false,\r\n    \"enableVmProtection\": false\r\n  }\r\n}",
      "StatusCode": 200
    },
    {
      "RequestUri": "/subscriptions/0e5a46b1-de0b-4ec3-a5d7-dda908b4e076/resourceGroups/ps2376/providers/Microsoft.Network/virtualNetworks/ps9456?api-version=2018-12-01",
      "EncodedRequestUri": "L3N1YnNjcmlwdGlvbnMvMGU1YTQ2YjEtZGUwYi00ZWMzLWE1ZDctZGRhOTA4YjRlMDc2L3Jlc291cmNlR3JvdXBzL3BzMjM3Ni9wcm92aWRlcnMvTWljcm9zb2Z0Lk5ldHdvcmsvdmlydHVhbE5ldHdvcmtzL3BzOTQ1Nj9hcGktdmVyc2lvbj0yMDE4LTEyLTAx",
      "RequestMethod": "PUT",
      "RequestBody": "{\r\n  \"properties\": {\r\n    \"addressSpace\": {\r\n      \"addressPrefixes\": [\r\n        \"10.0.0.0/8\"\r\n      ]\r\n    },\r\n    \"subnets\": [],\r\n    \"virtualNetworkPeerings\": [],\r\n    \"enableDdosProtection\": false\r\n  },\r\n  \"location\": \"West US\"\r\n}",
      "RequestHeaders": {
        "x-ms-client-request-id": [
          "69a3e63a-d74f-4732-b442-4f58f13c61e9"
        ],
        "Accept-Language": [
          "en-US"
        ],
        "User-Agent": [
          "FxVersion/4.6.27019.06",
          "OSName/Windows",
          "OSVersion/Microsoft.Windows.10.0.17763.",
          "Microsoft.Azure.Management.Network.NetworkManagementClient/19.9.0.0"
        ],
        "Content-Type": [
          "application/json; charset=utf-8"
        ],
        "Content-Length": [
          "234"
        ]
      },
      "ResponseHeaders": {
        "Cache-Control": [
          "no-cache"
        ],
        "Pragma": [
          "no-cache"
        ],
        "Retry-After": [
          "3"
        ],
        "x-ms-request-id": [
          "b89e1574-99e0-48f7-808d-158c230ee516"
        ],
        "Azure-AsyncOperation": [
          "https://api-dogfood.resources.windows-int.net/subscriptions/0e5a46b1-de0b-4ec3-a5d7-dda908b4e076/providers/Microsoft.Network/locations/nrp8/operations/b89e1574-99e0-48f7-808d-158c230ee516?api-version=2018-12-01"
        ],
        "x-ms-correlation-request-id": [
          "da8134b5-23a7-4a2c-8422-68ec2fb52954"
        ],
        "Strict-Transport-Security": [
          "max-age=31536000; includeSubDomains"
        ],
        "Server": [
          "Microsoft-HTTPAPI/2.0",
          "Microsoft-HTTPAPI/2.0"
        ],
        "x-ms-ratelimit-remaining-subscription-writes": [
          "1190"
        ],
        "x-ms-routing-request-id": [
          "NORTHEUROPE:20190308T225952Z:da8134b5-23a7-4a2c-8422-68ec2fb52954"
        ],
        "X-Content-Type-Options": [
          "nosniff"
        ],
        "Date": [
          "Fri, 08 Mar 2019 22:59:52 GMT"
        ],
        "Content-Length": [
          "629"
        ],
        "Content-Type": [
          "application/json; charset=utf-8"
        ],
        "Expires": [
          "-1"
        ]
      },
      "ResponseBody": "{\r\n  \"name\": \"ps9456\",\r\n  \"id\": \"/subscriptions/0e5a46b1-de0b-4ec3-a5d7-dda908b4e076/resourceGroups/ps2376/providers/Microsoft.Network/virtualNetworks/ps9456\",\r\n  \"etag\": \"W/\\\"309dbcf2-3390-4d82-9c36-63f4b1871a31\\\"\",\r\n  \"type\": \"Microsoft.Network/virtualNetworks\",\r\n  \"location\": \"westus\",\r\n  \"properties\": {\r\n    \"provisioningState\": \"Updating\",\r\n    \"resourceGuid\": \"ab1619df-dfa2-4430-8527-5334f5a21eae\",\r\n    \"addressSpace\": {\r\n      \"addressPrefixes\": [\r\n        \"10.0.0.0/8\"\r\n      ]\r\n    },\r\n    \"subnets\": [],\r\n    \"virtualNetworkPeerings\": [],\r\n    \"enableDdosProtection\": false,\r\n    \"enableVmProtection\": false\r\n  }\r\n}",
      "StatusCode": 201
    },
    {
      "RequestUri": "/subscriptions/0e5a46b1-de0b-4ec3-a5d7-dda908b4e076/providers/Microsoft.Network/locations/nrp8/operations/b89e1574-99e0-48f7-808d-158c230ee516?api-version=2018-12-01",
      "EncodedRequestUri": "L3N1YnNjcmlwdGlvbnMvMGU1YTQ2YjEtZGUwYi00ZWMzLWE1ZDctZGRhOTA4YjRlMDc2L3Byb3ZpZGVycy9NaWNyb3NvZnQuTmV0d29yay9sb2NhdGlvbnMvbnJwOC9vcGVyYXRpb25zL2I4OWUxNTc0LTk5ZTAtNDhmNy04MDhkLTE1OGMyMzBlZTUxNj9hcGktdmVyc2lvbj0yMDE4LTEyLTAx",
      "RequestMethod": "GET",
      "RequestBody": "",
      "RequestHeaders": {
        "User-Agent": [
          "FxVersion/4.6.27019.06",
          "OSName/Windows",
          "OSVersion/Microsoft.Windows.10.0.17763.",
          "Microsoft.Azure.Management.Network.NetworkManagementClient/19.9.0.0"
        ]
      },
      "ResponseHeaders": {
        "Cache-Control": [
          "no-cache"
        ],
        "Pragma": [
          "no-cache"
        ],
        "x-ms-request-id": [
          "6969a102-7038-4134-b9eb-19e3667d9fb3"
        ],
        "x-ms-correlation-request-id": [
          "5fab83d3-1ddf-4f6d-b333-824c8c4e47a5"
        ],
        "Strict-Transport-Security": [
          "max-age=31536000; includeSubDomains"
        ],
        "Server": [
          "Microsoft-HTTPAPI/2.0",
          "Microsoft-HTTPAPI/2.0"
        ],
        "x-ms-ratelimit-remaining-subscription-reads": [
          "14946"
        ],
        "x-ms-routing-request-id": [
          "NORTHEUROPE:20190308T225955Z:5fab83d3-1ddf-4f6d-b333-824c8c4e47a5"
        ],
        "X-Content-Type-Options": [
          "nosniff"
        ],
        "Date": [
          "Fri, 08 Mar 2019 22:59:55 GMT"
        ],
        "Content-Length": [
          "29"
        ],
        "Content-Type": [
          "application/json; charset=utf-8"
        ],
        "Expires": [
          "-1"
        ]
      },
      "ResponseBody": "{\r\n  \"status\": \"Succeeded\"\r\n}",
      "StatusCode": 200
    },
    {
      "RequestUri": "/subscriptions/0e5a46b1-de0b-4ec3-a5d7-dda908b4e076/resourceGroups/ps2376/providers/Microsoft.Network/privateDnsZones/ps9123.pstest.test/virtualNetworkLinks/ps8359.testlink?api-version=2018-09-01",
      "EncodedRequestUri": "L3N1YnNjcmlwdGlvbnMvMGU1YTQ2YjEtZGUwYi00ZWMzLWE1ZDctZGRhOTA4YjRlMDc2L3Jlc291cmNlR3JvdXBzL3BzMjM3Ni9wcm92aWRlcnMvTWljcm9zb2Z0Lk5ldHdvcmsvcHJpdmF0ZURuc1pvbmVzL3BzOTEyMy5wc3Rlc3QudGVzdC92aXJ0dWFsTmV0d29ya0xpbmtzL3BzODM1OS50ZXN0bGluaz9hcGktdmVyc2lvbj0yMDE4LTA5LTAx",
      "RequestMethod": "PUT",
      "RequestBody": "{\r\n  \"properties\": {\r\n    \"virtualNetwork\": {\r\n      \"id\": \"/subscriptions/0e5a46b1-de0b-4ec3-a5d7-dda908b4e076/resourceGroups/ps2376/providers/Microsoft.Network/virtualNetworks/ps9456\"\r\n    },\r\n    \"registrationEnabled\": false\r\n  },\r\n  \"tags\": {\r\n    \"tag1\": \"value1\"\r\n  },\r\n  \"location\": \"global\"\r\n}",
      "RequestHeaders": {
        "x-ms-client-request-id": [
          "0e8ae60e-cad7-4e9d-9ccd-7fc92116dca4"
        ],
        "If-None-Match": [
          "*"
        ],
        "Accept-Language": [
          "en-US"
        ],
        "User-Agent": [
          "FxVersion/4.6.27019.06",
          "OSName/Windows",
          "OSVersion/Microsoft.Windows.10.0.17763.",
          "Microsoft.Azure.Management.PrivateDns.PrivateDnsManagementClient/1.0.0.0"
        ],
        "Content-Type": [
          "application/json; charset=utf-8"
        ],
        "Content-Length": [
          "301"
        ]
      },
      "ResponseHeaders": {
        "Cache-Control": [
          "private"
        ],
        "Location": [
          "https://api-dogfood.resources.windows-int.net/subscriptions/0e5a46b1-de0b-4ec3-a5d7-dda908b4e076/resourceGroups/ps2376/providers/Microsoft.Network/privateDnsOperationResults/RnJvbnRFbmRBc3luY09wZXJhdGlvbjtVcHNlcnRWaXJ0dWFsTmV0d29ya0xpbms7ZmVmYzg0NzctOWQ2Ny00YTUyLTg2YWUtMTBiZTliMzc4Mzli?api-version=2018-09-01"
        ],
        "Retry-After": [
          "3"
        ],
        "X-Content-Type-Options": [
          "nosniff"
        ],
        "Strict-Transport-Security": [
          "max-age=31536000; includeSubDomains"
        ],
        "Azure-AsyncOperation": [
          "https://api-dogfood.resources.windows-int.net:443/subscriptions/0e5a46b1-de0b-4ec3-a5d7-dda908b4e076/resourceGroups/ps2376/providers/Microsoft.Network/privateDnsOperationStatuses/RnJvbnRFbmRBc3luY09wZXJhdGlvbjtVcHNlcnRWaXJ0dWFsTmV0d29ya0xpbms7ZmVmYzg0NzctOWQ2Ny00YTUyLTg2YWUtMTBiZTliMzc4Mzli?api-version=2018-09-01"
        ],
        "x-ms-request-id": [
          "0e8ae60e-cad7-4e9d-9ccd-7fc92116dca4"
        ],
        "Server": [
          "Microsoft-IIS/10.0"
        ],
        "X-AspNet-Version": [
          "4.0.30319"
        ],
        "X-Powered-By": [
          "ASP.NET"
        ],
        "x-ms-ratelimit-remaining-subscription-resource-requests": [
          "11997"
        ],
        "x-ms-correlation-request-id": [
          "2ae12040-ea14-4513-b318-3d00f6a8fa2f"
        ],
        "x-ms-routing-request-id": [
          "NORTHEUROPE:20190308T225957Z:2ae12040-ea14-4513-b318-3d00f6a8fa2f"
        ],
        "Date": [
          "Fri, 08 Mar 2019 22:59:57 GMT"
        ],
        "Content-Length": [
          "2"
        ],
        "Content-Type": [
          "application/json; charset=utf-8"
        ]
      },
      "ResponseBody": "{}",
      "StatusCode": 202
    },
    {
      "RequestUri": "/subscriptions/0e5a46b1-de0b-4ec3-a5d7-dda908b4e076/resourceGroups/ps2376/providers/Microsoft.Network/privateDnsOperationStatuses/RnJvbnRFbmRBc3luY09wZXJhdGlvbjtVcHNlcnRWaXJ0dWFsTmV0d29ya0xpbms7ZmVmYzg0NzctOWQ2Ny00YTUyLTg2YWUtMTBiZTliMzc4Mzli?api-version=2018-09-01",
      "EncodedRequestUri": "L3N1YnNjcmlwdGlvbnMvMGU1YTQ2YjEtZGUwYi00ZWMzLWE1ZDctZGRhOTA4YjRlMDc2L3Jlc291cmNlR3JvdXBzL3BzMjM3Ni9wcm92aWRlcnMvTWljcm9zb2Z0Lk5ldHdvcmsvcHJpdmF0ZURuc09wZXJhdGlvblN0YXR1c2VzL1JuSnZiblJGYm1SQmMzbHVZMDl3WlhKaGRHbHZianRWY0hObGNuUldhWEowZFdGc1RtVjBkMjl5YTB4cGJtczdabVZtWXpnME56Y3RPV1EyTnkwMFlUVXlMVGcyWVdVdE1UQmlaVGxpTXpjNE16bGk/YXBpLXZlcnNpb249MjAxOC0wOS0wMQ==",
      "RequestMethod": "GET",
      "RequestBody": "",
      "RequestHeaders": {
        "User-Agent": [
          "FxVersion/4.6.27019.06",
          "OSName/Windows",
          "OSVersion/Microsoft.Windows.10.0.17763.",
          "Microsoft.Azure.Management.PrivateDns.PrivateDnsManagementClient/1.0.0.0"
        ]
      },
      "ResponseHeaders": {
        "Cache-Control": [
          "private"
        ],
        "Location": [
          "https://api-dogfood.resources.windows-int.net/subscriptions/0e5a46b1-de0b-4ec3-a5d7-dda908b4e076/resourceGroups/ps2376/providers/Microsoft.Network/privateDnsOperationResults/RnJvbnRFbmRBc3luY09wZXJhdGlvbjtVcHNlcnRWaXJ0dWFsTmV0d29ya0xpbms7ZmVmYzg0NzctOWQ2Ny00YTUyLTg2YWUtMTBiZTliMzc4Mzli?api-version=2018-09-01"
        ],
        "Retry-After": [
          "3"
        ],
        "X-Content-Type-Options": [
          "nosniff"
        ],
        "Strict-Transport-Security": [
          "max-age=31536000; includeSubDomains"
        ],
        "Azure-AsyncOperation": [
          "https://api-dogfood.resources.windows-int.net:443/subscriptions/0e5a46b1-de0b-4ec3-a5d7-dda908b4e076/resourceGroups/ps2376/providers/Microsoft.Network/privateDnsOperationStatuses/RnJvbnRFbmRBc3luY09wZXJhdGlvbjtVcHNlcnRWaXJ0dWFsTmV0d29ya0xpbms7ZmVmYzg0NzctOWQ2Ny00YTUyLTg2YWUtMTBiZTliMzc4Mzli?api-version=2018-09-01"
        ],
        "x-ms-request-id": [
          "102db681-d85e-4c9a-bf61-945e999f804f"
        ],
        "Server": [
          "Microsoft-IIS/10.0"
        ],
        "X-AspNet-Version": [
          "4.0.30319"
        ],
        "X-Powered-By": [
          "ASP.NET"
        ],
        "x-ms-ratelimit-remaining-subscription-resource-requests": [
          "11910"
        ],
        "x-ms-correlation-request-id": [
          "806ddc5a-61ce-452d-a65b-30cee350cf45"
        ],
        "x-ms-routing-request-id": [
          "NORTHEUROPE:20190308T230000Z:806ddc5a-61ce-452d-a65b-30cee350cf45"
        ],
        "Date": [
          "Fri, 08 Mar 2019 23:00:00 GMT"
        ],
        "Content-Length": [
          "23"
        ],
        "Content-Type": [
          "application/json; charset=utf-8"
        ]
      },
      "ResponseBody": "{\r\n  \"status\": \"InProgress\"\r\n}",
      "StatusCode": 202
    },
    {
      "RequestUri": "/subscriptions/0e5a46b1-de0b-4ec3-a5d7-dda908b4e076/resourceGroups/ps2376/providers/Microsoft.Network/privateDnsOperationStatuses/RnJvbnRFbmRBc3luY09wZXJhdGlvbjtVcHNlcnRWaXJ0dWFsTmV0d29ya0xpbms7ZmVmYzg0NzctOWQ2Ny00YTUyLTg2YWUtMTBiZTliMzc4Mzli?api-version=2018-09-01",
      "EncodedRequestUri": "L3N1YnNjcmlwdGlvbnMvMGU1YTQ2YjEtZGUwYi00ZWMzLWE1ZDctZGRhOTA4YjRlMDc2L3Jlc291cmNlR3JvdXBzL3BzMjM3Ni9wcm92aWRlcnMvTWljcm9zb2Z0Lk5ldHdvcmsvcHJpdmF0ZURuc09wZXJhdGlvblN0YXR1c2VzL1JuSnZiblJGYm1SQmMzbHVZMDl3WlhKaGRHbHZianRWY0hObGNuUldhWEowZFdGc1RtVjBkMjl5YTB4cGJtczdabVZtWXpnME56Y3RPV1EyTnkwMFlUVXlMVGcyWVdVdE1UQmlaVGxpTXpjNE16bGk/YXBpLXZlcnNpb249MjAxOC0wOS0wMQ==",
      "RequestMethod": "GET",
      "RequestBody": "",
      "RequestHeaders": {
        "User-Agent": [
          "FxVersion/4.6.27019.06",
          "OSName/Windows",
          "OSVersion/Microsoft.Windows.10.0.17763.",
          "Microsoft.Azure.Management.PrivateDns.PrivateDnsManagementClient/1.0.0.0"
        ]
      },
      "ResponseHeaders": {
        "Cache-Control": [
          "private"
        ],
        "Location": [
          "https://api-dogfood.resources.windows-int.net/subscriptions/0e5a46b1-de0b-4ec3-a5d7-dda908b4e076/resourceGroups/ps2376/providers/Microsoft.Network/privateDnsOperationResults/RnJvbnRFbmRBc3luY09wZXJhdGlvbjtVcHNlcnRWaXJ0dWFsTmV0d29ya0xpbms7ZmVmYzg0NzctOWQ2Ny00YTUyLTg2YWUtMTBiZTliMzc4Mzli?api-version=2018-09-01"
        ],
        "Retry-After": [
          "3"
        ],
        "X-Content-Type-Options": [
          "nosniff"
        ],
        "Strict-Transport-Security": [
          "max-age=31536000; includeSubDomains"
        ],
        "Azure-AsyncOperation": [
          "https://api-dogfood.resources.windows-int.net:443/subscriptions/0e5a46b1-de0b-4ec3-a5d7-dda908b4e076/resourceGroups/ps2376/providers/Microsoft.Network/privateDnsOperationStatuses/RnJvbnRFbmRBc3luY09wZXJhdGlvbjtVcHNlcnRWaXJ0dWFsTmV0d29ya0xpbms7ZmVmYzg0NzctOWQ2Ny00YTUyLTg2YWUtMTBiZTliMzc4Mzli?api-version=2018-09-01"
        ],
        "x-ms-request-id": [
          "c35ad30f-b862-4711-ae64-641c7b71999a"
        ],
        "Server": [
          "Microsoft-IIS/10.0"
        ],
        "X-AspNet-Version": [
          "4.0.30319"
        ],
        "X-Powered-By": [
          "ASP.NET"
        ],
        "x-ms-ratelimit-remaining-subscription-resource-requests": [
          "11909"
        ],
        "x-ms-correlation-request-id": [
          "9e8563db-a58b-4bb5-9ce4-172e6f54171f"
        ],
        "x-ms-routing-request-id": [
          "NORTHEUROPE:20190308T230004Z:9e8563db-a58b-4bb5-9ce4-172e6f54171f"
        ],
        "Date": [
          "Fri, 08 Mar 2019 23:00:03 GMT"
        ],
        "Content-Length": [
          "23"
        ],
        "Content-Type": [
          "application/json; charset=utf-8"
        ]
      },
      "ResponseBody": "{\r\n  \"status\": \"InProgress\"\r\n}",
      "StatusCode": 202
    },
    {
      "RequestUri": "/subscriptions/0e5a46b1-de0b-4ec3-a5d7-dda908b4e076/resourceGroups/ps2376/providers/Microsoft.Network/privateDnsOperationStatuses/RnJvbnRFbmRBc3luY09wZXJhdGlvbjtVcHNlcnRWaXJ0dWFsTmV0d29ya0xpbms7ZmVmYzg0NzctOWQ2Ny00YTUyLTg2YWUtMTBiZTliMzc4Mzli?api-version=2018-09-01",
      "EncodedRequestUri": "L3N1YnNjcmlwdGlvbnMvMGU1YTQ2YjEtZGUwYi00ZWMzLWE1ZDctZGRhOTA4YjRlMDc2L3Jlc291cmNlR3JvdXBzL3BzMjM3Ni9wcm92aWRlcnMvTWljcm9zb2Z0Lk5ldHdvcmsvcHJpdmF0ZURuc09wZXJhdGlvblN0YXR1c2VzL1JuSnZiblJGYm1SQmMzbHVZMDl3WlhKaGRHbHZianRWY0hObGNuUldhWEowZFdGc1RtVjBkMjl5YTB4cGJtczdabVZtWXpnME56Y3RPV1EyTnkwMFlUVXlMVGcyWVdVdE1UQmlaVGxpTXpjNE16bGk/YXBpLXZlcnNpb249MjAxOC0wOS0wMQ==",
      "RequestMethod": "GET",
      "RequestBody": "",
      "RequestHeaders": {
        "User-Agent": [
          "FxVersion/4.6.27019.06",
          "OSName/Windows",
          "OSVersion/Microsoft.Windows.10.0.17763.",
          "Microsoft.Azure.Management.PrivateDns.PrivateDnsManagementClient/1.0.0.0"
        ]
      },
      "ResponseHeaders": {
        "Cache-Control": [
          "private"
        ],
        "X-Content-Type-Options": [
          "nosniff"
        ],
        "Strict-Transport-Security": [
          "max-age=31536000; includeSubDomains"
        ],
        "x-ms-request-id": [
          "b35dd9b0-5d0c-43b6-98bf-9e703473574a"
        ],
        "Server": [
          "Microsoft-IIS/10.0"
        ],
        "X-AspNet-Version": [
          "4.0.30319"
        ],
        "X-Powered-By": [
          "ASP.NET"
        ],
        "x-ms-ratelimit-remaining-subscription-resource-requests": [
          "11908"
        ],
        "x-ms-correlation-request-id": [
          "c32e68af-0a83-49e9-8340-548f85b9104c"
        ],
        "x-ms-routing-request-id": [
          "NORTHEUROPE:20190308T230007Z:c32e68af-0a83-49e9-8340-548f85b9104c"
        ],
        "Date": [
          "Fri, 08 Mar 2019 23:00:06 GMT"
        ],
        "Content-Length": [
          "22"
        ],
        "Content-Type": [
          "application/json; charset=utf-8"
        ]
      },
      "ResponseBody": "{\r\n  \"status\": \"Succeeded\"\r\n}",
      "StatusCode": 200
    },
    {
      "RequestUri": "/subscriptions/0e5a46b1-de0b-4ec3-a5d7-dda908b4e076/resourceGroups/ps2376/providers/Microsoft.Network/privateDnsZones/ps9123.pstest.test/virtualNetworkLinks/ps8359.testlink?api-version=2018-09-01",
      "EncodedRequestUri": "L3N1YnNjcmlwdGlvbnMvMGU1YTQ2YjEtZGUwYi00ZWMzLWE1ZDctZGRhOTA4YjRlMDc2L3Jlc291cmNlR3JvdXBzL3BzMjM3Ni9wcm92aWRlcnMvTWljcm9zb2Z0Lk5ldHdvcmsvcHJpdmF0ZURuc1pvbmVzL3BzOTEyMy5wc3Rlc3QudGVzdC92aXJ0dWFsTmV0d29ya0xpbmtzL3BzODM1OS50ZXN0bGluaz9hcGktdmVyc2lvbj0yMDE4LTA5LTAx",
      "RequestMethod": "GET",
      "RequestBody": "",
      "RequestHeaders": {
        "User-Agent": [
          "FxVersion/4.6.27019.06",
          "OSName/Windows",
          "OSVersion/Microsoft.Windows.10.0.17763.",
          "Microsoft.Azure.Management.PrivateDns.PrivateDnsManagementClient/1.0.0.0"
        ]
      },
      "ResponseHeaders": {
        "Cache-Control": [
          "private"
        ],
        "ETag": [
          "\"1000c333-0000-0000-0000-5c82f3f40000\""
        ],
        "X-Content-Type-Options": [
          "nosniff"
        ],
        "Strict-Transport-Security": [
          "max-age=31536000; includeSubDomains"
        ],
        "x-ms-request-id": [
          "0948bf5a-82ad-45cb-beb5-caf6f8f82b97"
        ],
        "Server": [
          "Microsoft-IIS/10.0"
        ],
        "X-AspNet-Version": [
          "4.0.30319"
        ],
        "X-Powered-By": [
          "ASP.NET"
        ],
        "x-ms-ratelimit-remaining-subscription-resource-requests": [
          "11996"
        ],
        "x-ms-correlation-request-id": [
          "ca5fe2bf-4ad3-46e1-ba6e-52bf3e8d3be4"
        ],
        "x-ms-routing-request-id": [
          "NORTHEUROPE:20190308T230007Z:ca5fe2bf-4ad3-46e1-ba6e-52bf3e8d3be4"
        ],
        "Date": [
          "Fri, 08 Mar 2019 23:00:07 GMT"
        ],
        "Content-Length": [
          "648"
        ],
        "Content-Type": [
          "application/json; charset=utf-8"
        ]
      },
      "ResponseBody": "{\r\n  \"id\": \"/subscriptions/0e5a46b1-de0b-4ec3-a5d7-dda908b4e076/resourceGroups/ps2376/providers/Microsoft.Network/privateDnsZones/ps9123.pstest.test/virtualNetworkLinks/ps8359.testlink\",\r\n  \"name\": \"ps8359.testlink\",\r\n  \"type\": \"Microsoft.Network/privateDnsZones/virtualNetworkLinks\",\r\n  \"etag\": \"\\\"1000c333-0000-0000-0000-5c82f3f40000\\\"\",\r\n  \"location\": \"global\",\r\n  \"tags\": {\r\n    \"tag1\": \"value1\"\r\n  },\r\n  \"properties\": {\r\n    \"provisioningState\": \"Succeeded\",\r\n    \"registrationEnabled\": false,\r\n    \"virtualNetwork\": {\r\n      \"id\": \"/subscriptions/0e5a46b1-de0b-4ec3-a5d7-dda908b4e076/resourceGroups/ps2376/providers/Microsoft.Network/virtualNetworks/ps9456\"\r\n    },\r\n    \"virtualNetworkLinkState\": \"Completed\"\r\n  }\r\n}",
      "StatusCode": 200
    },
    {
      "RequestUri": "/subscriptions/0e5a46b1-de0b-4ec3-a5d7-dda908b4e076/resourceGroups/ps2376/providers/Microsoft.Network/privateDnsZones/nonexistingzone.com/virtualNetworkLinks/ps8359.testlink?api-version=2018-09-01",
      "EncodedRequestUri": "L3N1YnNjcmlwdGlvbnMvMGU1YTQ2YjEtZGUwYi00ZWMzLWE1ZDctZGRhOTA4YjRlMDc2L3Jlc291cmNlR3JvdXBzL3BzMjM3Ni9wcm92aWRlcnMvTWljcm9zb2Z0Lk5ldHdvcmsvcHJpdmF0ZURuc1pvbmVzL25vbmV4aXN0aW5nem9uZS5jb20vdmlydHVhbE5ldHdvcmtMaW5rcy9wczgzNTkudGVzdGxpbms/YXBpLXZlcnNpb249MjAxOC0wOS0wMQ==",
      "RequestMethod": "GET",
      "RequestBody": "",
      "RequestHeaders": {
        "x-ms-client-request-id": [
          "9afe9da3-8700-4ae9-9913-810317531b14"
        ],
        "Accept-Language": [
          "en-US"
        ],
        "User-Agent": [
          "FxVersion/4.6.27019.06",
          "OSName/Windows",
          "OSVersion/Microsoft.Windows.10.0.17763.",
          "Microsoft.Azure.Management.PrivateDns.PrivateDnsManagementClient/1.0.0.0"
        ]
      },
      "ResponseHeaders": {
        "Cache-Control": [
          "no-cache"
        ],
        "Pragma": [
          "no-cache"
        ],
        "x-ms-failure-cause": [
          "gateway"
        ],
        "x-ms-request-id": [
          "a2aeb460-be20-4825-81a2-3c50257d494a"
        ],
        "x-ms-correlation-request-id": [
          "a2aeb460-be20-4825-81a2-3c50257d494a"
        ],
        "x-ms-routing-request-id": [
          "NORTHEUROPE:20190308T230008Z:a2aeb460-be20-4825-81a2-3c50257d494a"
        ],
        "Strict-Transport-Security": [
          "max-age=31536000; includeSubDomains"
        ],
        "X-Content-Type-Options": [
          "nosniff"
        ],
        "Date": [
          "Fri, 08 Mar 2019 23:00:07 GMT"
        ],
        "Content-Type": [
          "application/json; charset=utf-8"
        ],
        "Expires": [
          "-1"
        ],
        "Content-Length": [
          "199"
        ]
      },
      "ResponseBody": "{\r\n  \"error\": {\r\n    \"code\": \"ResourceNotFound\",\r\n    \"message\": \"The Resource 'Microsoft.Network/privateDnsZones/nonexistingzone.com/virtualNetworkLinks/ps8359.testlink' under resource group 'ps2376' was not found.\"\r\n  }\r\n}",
      "StatusCode": 404
    },
    {
      "RequestUri": "/subscriptions/0e5a46b1-de0b-4ec3-a5d7-dda908b4e076/resourcegroups/ps2376?api-version=2016-09-01",
      "EncodedRequestUri": "L3N1YnNjcmlwdGlvbnMvMGU1YTQ2YjEtZGUwYi00ZWMzLWE1ZDctZGRhOTA4YjRlMDc2L3Jlc291cmNlZ3JvdXBzL3BzMjM3Nj9hcGktdmVyc2lvbj0yMDE2LTA5LTAx",
      "RequestMethod": "DELETE",
      "RequestBody": "",
      "RequestHeaders": {
        "x-ms-client-request-id": [
          "a954e45f-5233-4338-9780-d6d02176d333"
        ],
        "Accept-Language": [
          "en-US"
        ],
        "User-Agent": [
          "FxVersion/4.6.27019.06",
          "OSName/Windows",
          "OSVersion/Microsoft.Windows.10.0.17763.",
          "Microsoft.Azure.Management.Internal.Resources.ResourceManagementClient/1.1.17"
        ]
      },
      "ResponseHeaders": {
        "Cache-Control": [
          "no-cache"
        ],
        "Pragma": [
          "no-cache"
        ],
        "Location": [
          "https://api-dogfood.resources.windows-int.net/subscriptions/0e5a46b1-de0b-4ec3-a5d7-dda908b4e076/operationresults/eyJqb2JJZCI6IlJFU09VUkNFR1JPVVBERUxFVElPTkpPQi1QUzIzNzYtV0VTVFVTIiwiam9iTG9jYXRpb24iOiJ3ZXN0dXMifQ?api-version=2016-09-01"
        ],
        "Retry-After": [
          "15"
        ],
        "x-ms-ratelimit-remaining-subscription-deletes": [
          "14981"
        ],
        "x-ms-request-id": [
          "68b9cf09-a914-4e3d-b895-5839f5eb1d97"
        ],
        "x-ms-correlation-request-id": [
          "68b9cf09-a914-4e3d-b895-5839f5eb1d97"
        ],
        "x-ms-routing-request-id": [
          "NORTHEUROPE:20190308T230009Z:68b9cf09-a914-4e3d-b895-5839f5eb1d97"
        ],
        "Strict-Transport-Security": [
          "max-age=31536000; includeSubDomains"
        ],
        "X-Content-Type-Options": [
          "nosniff"
        ],
        "Date": [
          "Fri, 08 Mar 2019 23:00:08 GMT"
        ],
        "Expires": [
          "-1"
        ],
        "Content-Length": [
          "0"
        ]
      },
      "ResponseBody": "",
      "StatusCode": 202
    },
    {
      "RequestUri": "/subscriptions/0e5a46b1-de0b-4ec3-a5d7-dda908b4e076/operationresults/eyJqb2JJZCI6IlJFU09VUkNFR1JPVVBERUxFVElPTkpPQi1QUzIzNzYtV0VTVFVTIiwiam9iTG9jYXRpb24iOiJ3ZXN0dXMifQ?api-version=2016-09-01",
      "EncodedRequestUri": "L3N1YnNjcmlwdGlvbnMvMGU1YTQ2YjEtZGUwYi00ZWMzLWE1ZDctZGRhOTA4YjRlMDc2L29wZXJhdGlvbnJlc3VsdHMvZXlKcWIySkpaQ0k2SWxKRlUwOVZVa05GUjFKUFZWQkVSVXhGVkVsUFRrcFBRaTFRVXpJek56WXRWMFZUVkZWVElpd2lhbTlpVEc5allYUnBiMjRpT2lKM1pYTjBkWE1pZlE/YXBpLXZlcnNpb249MjAxNi0wOS0wMQ==",
      "RequestMethod": "GET",
      "RequestBody": "",
      "RequestHeaders": {
        "User-Agent": [
          "FxVersion/4.6.27019.06",
          "OSName/Windows",
          "OSVersion/Microsoft.Windows.10.0.17763.",
          "Microsoft.Azure.Management.Internal.Resources.ResourceManagementClient/1.1.17"
        ]
      },
      "ResponseHeaders": {
        "Cache-Control": [
          "no-cache"
        ],
        "Pragma": [
          "no-cache"
        ],
        "Location": [
          "https://api-dogfood.resources.windows-int.net/subscriptions/0e5a46b1-de0b-4ec3-a5d7-dda908b4e076/operationresults/eyJqb2JJZCI6IlJFU09VUkNFR1JPVVBERUxFVElPTkpPQi1QUzIzNzYtV0VTVFVTIiwiam9iTG9jYXRpb24iOiJ3ZXN0dXMifQ?api-version=2016-09-01"
        ],
        "Retry-After": [
          "15"
        ],
        "x-ms-ratelimit-remaining-subscription-reads": [
          "14918"
        ],
        "x-ms-request-id": [
          "9fa04947-53da-45d2-a447-c160f04d822c"
        ],
        "x-ms-correlation-request-id": [
          "9fa04947-53da-45d2-a447-c160f04d822c"
        ],
        "x-ms-routing-request-id": [
          "NORTHEUROPE:20190308T230024Z:9fa04947-53da-45d2-a447-c160f04d822c"
        ],
        "Strict-Transport-Security": [
          "max-age=31536000; includeSubDomains"
        ],
        "X-Content-Type-Options": [
          "nosniff"
        ],
        "Date": [
          "Fri, 08 Mar 2019 23:00:23 GMT"
        ],
        "Expires": [
          "-1"
        ],
        "Content-Length": [
          "0"
        ]
      },
      "ResponseBody": "",
      "StatusCode": 202
    },
    {
      "RequestUri": "/subscriptions/0e5a46b1-de0b-4ec3-a5d7-dda908b4e076/operationresults/eyJqb2JJZCI6IlJFU09VUkNFR1JPVVBERUxFVElPTkpPQi1QUzIzNzYtV0VTVFVTIiwiam9iTG9jYXRpb24iOiJ3ZXN0dXMifQ?api-version=2016-09-01",
      "EncodedRequestUri": "L3N1YnNjcmlwdGlvbnMvMGU1YTQ2YjEtZGUwYi00ZWMzLWE1ZDctZGRhOTA4YjRlMDc2L29wZXJhdGlvbnJlc3VsdHMvZXlKcWIySkpaQ0k2SWxKRlUwOVZVa05GUjFKUFZWQkVSVXhGVkVsUFRrcFBRaTFRVXpJek56WXRWMFZUVkZWVElpd2lhbTlpVEc5allYUnBiMjRpT2lKM1pYTjBkWE1pZlE/YXBpLXZlcnNpb249MjAxNi0wOS0wMQ==",
      "RequestMethod": "GET",
      "RequestBody": "",
      "RequestHeaders": {
        "User-Agent": [
          "FxVersion/4.6.27019.06",
          "OSName/Windows",
          "OSVersion/Microsoft.Windows.10.0.17763.",
          "Microsoft.Azure.Management.Internal.Resources.ResourceManagementClient/1.1.17"
        ]
      },
      "ResponseHeaders": {
        "Cache-Control": [
          "no-cache"
        ],
        "Pragma": [
          "no-cache"
        ],
        "Location": [
          "https://api-dogfood.resources.windows-int.net/subscriptions/0e5a46b1-de0b-4ec3-a5d7-dda908b4e076/operationresults/eyJqb2JJZCI6IlJFU09VUkNFR1JPVVBERUxFVElPTkpPQi1QUzIzNzYtV0VTVFVTIiwiam9iTG9jYXRpb24iOiJ3ZXN0dXMifQ?api-version=2016-09-01"
        ],
        "Retry-After": [
          "15"
        ],
        "x-ms-ratelimit-remaining-subscription-reads": [
          "14917"
        ],
        "x-ms-request-id": [
          "459c9944-c11c-4560-9fb6-309e6fe99bb7"
        ],
        "x-ms-correlation-request-id": [
          "459c9944-c11c-4560-9fb6-309e6fe99bb7"
        ],
        "x-ms-routing-request-id": [
          "NORTHEUROPE:20190308T230040Z:459c9944-c11c-4560-9fb6-309e6fe99bb7"
        ],
        "Strict-Transport-Security": [
          "max-age=31536000; includeSubDomains"
        ],
        "X-Content-Type-Options": [
          "nosniff"
        ],
        "Date": [
          "Fri, 08 Mar 2019 23:00:39 GMT"
        ],
        "Expires": [
          "-1"
        ],
        "Content-Length": [
          "0"
        ]
      },
      "ResponseBody": "",
      "StatusCode": 202
    },
    {
      "RequestUri": "/subscriptions/0e5a46b1-de0b-4ec3-a5d7-dda908b4e076/operationresults/eyJqb2JJZCI6IlJFU09VUkNFR1JPVVBERUxFVElPTkpPQi1QUzIzNzYtV0VTVFVTIiwiam9iTG9jYXRpb24iOiJ3ZXN0dXMifQ?api-version=2016-09-01",
      "EncodedRequestUri": "L3N1YnNjcmlwdGlvbnMvMGU1YTQ2YjEtZGUwYi00ZWMzLWE1ZDctZGRhOTA4YjRlMDc2L29wZXJhdGlvbnJlc3VsdHMvZXlKcWIySkpaQ0k2SWxKRlUwOVZVa05GUjFKUFZWQkVSVXhGVkVsUFRrcFBRaTFRVXpJek56WXRWMFZUVkZWVElpd2lhbTlpVEc5allYUnBiMjRpT2lKM1pYTjBkWE1pZlE/YXBpLXZlcnNpb249MjAxNi0wOS0wMQ==",
      "RequestMethod": "GET",
      "RequestBody": "",
      "RequestHeaders": {
        "User-Agent": [
          "FxVersion/4.6.27019.06",
          "OSName/Windows",
          "OSVersion/Microsoft.Windows.10.0.17763.",
          "Microsoft.Azure.Management.Internal.Resources.ResourceManagementClient/1.1.17"
        ]
      },
      "ResponseHeaders": {
        "Cache-Control": [
          "no-cache"
        ],
        "Pragma": [
          "no-cache"
        ],
        "Location": [
          "https://api-dogfood.resources.windows-int.net/subscriptions/0e5a46b1-de0b-4ec3-a5d7-dda908b4e076/operationresults/eyJqb2JJZCI6IlJFU09VUkNFR1JPVVBERUxFVElPTkpPQi1QUzIzNzYtV0VTVFVTIiwiam9iTG9jYXRpb24iOiJ3ZXN0dXMifQ?api-version=2016-09-01"
        ],
        "Retry-After": [
          "15"
        ],
        "x-ms-ratelimit-remaining-subscription-reads": [
          "14916"
        ],
        "x-ms-request-id": [
          "0c5ab01d-5173-4b06-9979-00d72cc176f9"
        ],
        "x-ms-correlation-request-id": [
          "0c5ab01d-5173-4b06-9979-00d72cc176f9"
        ],
        "x-ms-routing-request-id": [
          "NORTHEUROPE:20190308T230055Z:0c5ab01d-5173-4b06-9979-00d72cc176f9"
        ],
        "Strict-Transport-Security": [
          "max-age=31536000; includeSubDomains"
        ],
        "X-Content-Type-Options": [
          "nosniff"
        ],
        "Date": [
          "Fri, 08 Mar 2019 23:00:54 GMT"
        ],
        "Expires": [
          "-1"
        ],
        "Content-Length": [
          "0"
        ]
      },
      "ResponseBody": "",
      "StatusCode": 202
    },
    {
      "RequestUri": "/subscriptions/0e5a46b1-de0b-4ec3-a5d7-dda908b4e076/operationresults/eyJqb2JJZCI6IlJFU09VUkNFR1JPVVBERUxFVElPTkpPQi1QUzIzNzYtV0VTVFVTIiwiam9iTG9jYXRpb24iOiJ3ZXN0dXMifQ?api-version=2016-09-01",
      "EncodedRequestUri": "L3N1YnNjcmlwdGlvbnMvMGU1YTQ2YjEtZGUwYi00ZWMzLWE1ZDctZGRhOTA4YjRlMDc2L29wZXJhdGlvbnJlc3VsdHMvZXlKcWIySkpaQ0k2SWxKRlUwOVZVa05GUjFKUFZWQkVSVXhGVkVsUFRrcFBRaTFRVXpJek56WXRWMFZUVkZWVElpd2lhbTlpVEc5allYUnBiMjRpT2lKM1pYTjBkWE1pZlE/YXBpLXZlcnNpb249MjAxNi0wOS0wMQ==",
      "RequestMethod": "GET",
      "RequestBody": "",
      "RequestHeaders": {
        "User-Agent": [
          "FxVersion/4.6.27019.06",
          "OSName/Windows",
          "OSVersion/Microsoft.Windows.10.0.17763.",
          "Microsoft.Azure.Management.Internal.Resources.ResourceManagementClient/1.1.17"
        ]
      },
      "ResponseHeaders": {
        "Cache-Control": [
          "no-cache"
        ],
        "Pragma": [
          "no-cache"
        ],
        "Location": [
          "https://api-dogfood.resources.windows-int.net/subscriptions/0e5a46b1-de0b-4ec3-a5d7-dda908b4e076/operationresults/eyJqb2JJZCI6IlJFU09VUkNFR1JPVVBERUxFVElPTkpPQi1QUzIzNzYtV0VTVFVTIiwiam9iTG9jYXRpb24iOiJ3ZXN0dXMifQ?api-version=2016-09-01"
        ],
        "Retry-After": [
          "15"
        ],
        "x-ms-ratelimit-remaining-subscription-reads": [
          "14915"
        ],
        "x-ms-request-id": [
          "f7eda0fe-a87b-407a-b32d-4941d9723cc6"
        ],
        "x-ms-correlation-request-id": [
          "f7eda0fe-a87b-407a-b32d-4941d9723cc6"
        ],
        "x-ms-routing-request-id": [
          "NORTHEUROPE:20190308T230111Z:f7eda0fe-a87b-407a-b32d-4941d9723cc6"
        ],
        "Strict-Transport-Security": [
          "max-age=31536000; includeSubDomains"
        ],
        "X-Content-Type-Options": [
          "nosniff"
        ],
        "Date": [
          "Fri, 08 Mar 2019 23:01:10 GMT"
        ],
        "Expires": [
          "-1"
        ],
        "Content-Length": [
          "0"
        ]
      },
      "ResponseBody": "",
      "StatusCode": 202
    },
    {
      "RequestUri": "/subscriptions/0e5a46b1-de0b-4ec3-a5d7-dda908b4e076/operationresults/eyJqb2JJZCI6IlJFU09VUkNFR1JPVVBERUxFVElPTkpPQi1QUzIzNzYtV0VTVFVTIiwiam9iTG9jYXRpb24iOiJ3ZXN0dXMifQ?api-version=2016-09-01",
      "EncodedRequestUri": "L3N1YnNjcmlwdGlvbnMvMGU1YTQ2YjEtZGUwYi00ZWMzLWE1ZDctZGRhOTA4YjRlMDc2L29wZXJhdGlvbnJlc3VsdHMvZXlKcWIySkpaQ0k2SWxKRlUwOVZVa05GUjFKUFZWQkVSVXhGVkVsUFRrcFBRaTFRVXpJek56WXRWMFZUVkZWVElpd2lhbTlpVEc5allYUnBiMjRpT2lKM1pYTjBkWE1pZlE/YXBpLXZlcnNpb249MjAxNi0wOS0wMQ==",
      "RequestMethod": "GET",
      "RequestBody": "",
      "RequestHeaders": {
        "User-Agent": [
          "FxVersion/4.6.27019.06",
          "OSName/Windows",
          "OSVersion/Microsoft.Windows.10.0.17763.",
          "Microsoft.Azure.Management.Internal.Resources.ResourceManagementClient/1.1.17"
        ]
      },
      "ResponseHeaders": {
        "Cache-Control": [
          "no-cache"
        ],
        "Pragma": [
          "no-cache"
        ],
        "Location": [
          "https://api-dogfood.resources.windows-int.net/subscriptions/0e5a46b1-de0b-4ec3-a5d7-dda908b4e076/operationresults/eyJqb2JJZCI6IlJFU09VUkNFR1JPVVBERUxFVElPTkpPQi1QUzIzNzYtV0VTVFVTIiwiam9iTG9jYXRpb24iOiJ3ZXN0dXMifQ?api-version=2016-09-01"
        ],
        "Retry-After": [
          "15"
        ],
        "x-ms-ratelimit-remaining-subscription-reads": [
          "14914"
        ],
        "x-ms-request-id": [
          "f1d1e2ad-3ee8-40bf-b3e6-118f3319983e"
        ],
        "x-ms-correlation-request-id": [
          "f1d1e2ad-3ee8-40bf-b3e6-118f3319983e"
        ],
        "x-ms-routing-request-id": [
          "NORTHEUROPE:20190308T230126Z:f1d1e2ad-3ee8-40bf-b3e6-118f3319983e"
        ],
        "Strict-Transport-Security": [
          "max-age=31536000; includeSubDomains"
        ],
        "X-Content-Type-Options": [
          "nosniff"
        ],
        "Date": [
          "Fri, 08 Mar 2019 23:01:26 GMT"
        ],
        "Expires": [
          "-1"
        ],
        "Content-Length": [
          "0"
        ]
      },
      "ResponseBody": "",
      "StatusCode": 202
    },
    {
      "RequestUri": "/subscriptions/0e5a46b1-de0b-4ec3-a5d7-dda908b4e076/operationresults/eyJqb2JJZCI6IlJFU09VUkNFR1JPVVBERUxFVElPTkpPQi1QUzIzNzYtV0VTVFVTIiwiam9iTG9jYXRpb24iOiJ3ZXN0dXMifQ?api-version=2016-09-01",
      "EncodedRequestUri": "L3N1YnNjcmlwdGlvbnMvMGU1YTQ2YjEtZGUwYi00ZWMzLWE1ZDctZGRhOTA4YjRlMDc2L29wZXJhdGlvbnJlc3VsdHMvZXlKcWIySkpaQ0k2SWxKRlUwOVZVa05GUjFKUFZWQkVSVXhGVkVsUFRrcFBRaTFRVXpJek56WXRWMFZUVkZWVElpd2lhbTlpVEc5allYUnBiMjRpT2lKM1pYTjBkWE1pZlE/YXBpLXZlcnNpb249MjAxNi0wOS0wMQ==",
      "RequestMethod": "GET",
      "RequestBody": "",
      "RequestHeaders": {
        "User-Agent": [
          "FxVersion/4.6.27019.06",
          "OSName/Windows",
          "OSVersion/Microsoft.Windows.10.0.17763.",
          "Microsoft.Azure.Management.Internal.Resources.ResourceManagementClient/1.1.17"
        ]
      },
      "ResponseHeaders": {
        "Cache-Control": [
          "no-cache"
        ],
        "Pragma": [
          "no-cache"
        ],
        "Location": [
          "https://api-dogfood.resources.windows-int.net/subscriptions/0e5a46b1-de0b-4ec3-a5d7-dda908b4e076/operationresults/eyJqb2JJZCI6IlJFU09VUkNFR1JPVVBERUxFVElPTkpPQi1QUzIzNzYtV0VTVFVTIiwiam9iTG9jYXRpb24iOiJ3ZXN0dXMifQ?api-version=2016-09-01"
        ],
        "Retry-After": [
          "15"
        ],
        "x-ms-ratelimit-remaining-subscription-reads": [
          "14913"
        ],
        "x-ms-request-id": [
          "832adc3b-d66f-4df8-ac49-9219ffe4ea34"
        ],
        "x-ms-correlation-request-id": [
          "832adc3b-d66f-4df8-ac49-9219ffe4ea34"
        ],
        "x-ms-routing-request-id": [
          "NORTHEUROPE:20190308T230141Z:832adc3b-d66f-4df8-ac49-9219ffe4ea34"
        ],
        "Strict-Transport-Security": [
          "max-age=31536000; includeSubDomains"
        ],
        "X-Content-Type-Options": [
          "nosniff"
        ],
        "Date": [
          "Fri, 08 Mar 2019 23:01:41 GMT"
        ],
        "Expires": [
          "-1"
        ],
        "Content-Length": [
          "0"
        ]
      },
      "ResponseBody": "",
      "StatusCode": 202
    },
    {
      "RequestUri": "/subscriptions/0e5a46b1-de0b-4ec3-a5d7-dda908b4e076/operationresults/eyJqb2JJZCI6IlJFU09VUkNFR1JPVVBERUxFVElPTkpPQi1QUzIzNzYtV0VTVFVTIiwiam9iTG9jYXRpb24iOiJ3ZXN0dXMifQ?api-version=2016-09-01",
      "EncodedRequestUri": "L3N1YnNjcmlwdGlvbnMvMGU1YTQ2YjEtZGUwYi00ZWMzLWE1ZDctZGRhOTA4YjRlMDc2L29wZXJhdGlvbnJlc3VsdHMvZXlKcWIySkpaQ0k2SWxKRlUwOVZVa05GUjFKUFZWQkVSVXhGVkVsUFRrcFBRaTFRVXpJek56WXRWMFZUVkZWVElpd2lhbTlpVEc5allYUnBiMjRpT2lKM1pYTjBkWE1pZlE/YXBpLXZlcnNpb249MjAxNi0wOS0wMQ==",
      "RequestMethod": "GET",
      "RequestBody": "",
      "RequestHeaders": {
        "User-Agent": [
          "FxVersion/4.6.27019.06",
          "OSName/Windows",
          "OSVersion/Microsoft.Windows.10.0.17763.",
          "Microsoft.Azure.Management.Internal.Resources.ResourceManagementClient/1.1.17"
        ]
      },
      "ResponseHeaders": {
        "Cache-Control": [
          "no-cache"
        ],
        "Pragma": [
          "no-cache"
        ],
        "Location": [
          "https://api-dogfood.resources.windows-int.net/subscriptions/0e5a46b1-de0b-4ec3-a5d7-dda908b4e076/operationresults/eyJqb2JJZCI6IlJFU09VUkNFR1JPVVBERUxFVElPTkpPQi1QUzIzNzYtV0VTVFVTIiwiam9iTG9jYXRpb24iOiJ3ZXN0dXMifQ?api-version=2016-09-01"
        ],
        "Retry-After": [
          "15"
        ],
        "x-ms-ratelimit-remaining-subscription-reads": [
          "14911"
        ],
        "x-ms-request-id": [
          "7ca48a83-49cb-47b5-995e-f832019bbe9f"
        ],
        "x-ms-correlation-request-id": [
          "7ca48a83-49cb-47b5-995e-f832019bbe9f"
        ],
        "x-ms-routing-request-id": [
          "NORTHEUROPE:20190308T230157Z:7ca48a83-49cb-47b5-995e-f832019bbe9f"
        ],
        "Strict-Transport-Security": [
          "max-age=31536000; includeSubDomains"
        ],
        "X-Content-Type-Options": [
          "nosniff"
        ],
        "Date": [
          "Fri, 08 Mar 2019 23:01:56 GMT"
        ],
        "Expires": [
          "-1"
        ],
        "Content-Length": [
          "0"
        ]
      },
      "ResponseBody": "",
      "StatusCode": 202
    },
    {
      "RequestUri": "/subscriptions/0e5a46b1-de0b-4ec3-a5d7-dda908b4e076/operationresults/eyJqb2JJZCI6IlJFU09VUkNFR1JPVVBERUxFVElPTkpPQi1QUzIzNzYtV0VTVFVTIiwiam9iTG9jYXRpb24iOiJ3ZXN0dXMifQ?api-version=2016-09-01",
      "EncodedRequestUri": "L3N1YnNjcmlwdGlvbnMvMGU1YTQ2YjEtZGUwYi00ZWMzLWE1ZDctZGRhOTA4YjRlMDc2L29wZXJhdGlvbnJlc3VsdHMvZXlKcWIySkpaQ0k2SWxKRlUwOVZVa05GUjFKUFZWQkVSVXhGVkVsUFRrcFBRaTFRVXpJek56WXRWMFZUVkZWVElpd2lhbTlpVEc5allYUnBiMjRpT2lKM1pYTjBkWE1pZlE/YXBpLXZlcnNpb249MjAxNi0wOS0wMQ==",
      "RequestMethod": "GET",
      "RequestBody": "",
      "RequestHeaders": {
        "User-Agent": [
          "FxVersion/4.6.27019.06",
          "OSName/Windows",
          "OSVersion/Microsoft.Windows.10.0.17763.",
          "Microsoft.Azure.Management.Internal.Resources.ResourceManagementClient/1.1.17"
        ]
      },
      "ResponseHeaders": {
        "Cache-Control": [
          "no-cache"
        ],
        "Pragma": [
          "no-cache"
        ],
        "Location": [
          "https://api-dogfood.resources.windows-int.net/subscriptions/0e5a46b1-de0b-4ec3-a5d7-dda908b4e076/operationresults/eyJqb2JJZCI6IlJFU09VUkNFR1JPVVBERUxFVElPTkpPQi1QUzIzNzYtV0VTVFVTIiwiam9iTG9jYXRpb24iOiJ3ZXN0dXMifQ?api-version=2016-09-01"
        ],
        "Retry-After": [
          "15"
        ],
        "x-ms-ratelimit-remaining-subscription-reads": [
          "14909"
        ],
        "x-ms-request-id": [
          "31011e47-1bcc-4e09-97cf-80f43853a801"
        ],
        "x-ms-correlation-request-id": [
          "31011e47-1bcc-4e09-97cf-80f43853a801"
        ],
        "x-ms-routing-request-id": [
          "NORTHEUROPE:20190308T230212Z:31011e47-1bcc-4e09-97cf-80f43853a801"
        ],
        "Strict-Transport-Security": [
          "max-age=31536000; includeSubDomains"
        ],
        "X-Content-Type-Options": [
          "nosniff"
        ],
        "Date": [
          "Fri, 08 Mar 2019 23:02:11 GMT"
        ],
        "Expires": [
          "-1"
        ],
        "Content-Length": [
          "0"
        ]
      },
      "ResponseBody": "",
      "StatusCode": 202
    },
    {
      "RequestUri": "/subscriptions/0e5a46b1-de0b-4ec3-a5d7-dda908b4e076/operationresults/eyJqb2JJZCI6IlJFU09VUkNFR1JPVVBERUxFVElPTkpPQi1QUzIzNzYtV0VTVFVTIiwiam9iTG9jYXRpb24iOiJ3ZXN0dXMifQ?api-version=2016-09-01",
      "EncodedRequestUri": "L3N1YnNjcmlwdGlvbnMvMGU1YTQ2YjEtZGUwYi00ZWMzLWE1ZDctZGRhOTA4YjRlMDc2L29wZXJhdGlvbnJlc3VsdHMvZXlKcWIySkpaQ0k2SWxKRlUwOVZVa05GUjFKUFZWQkVSVXhGVkVsUFRrcFBRaTFRVXpJek56WXRWMFZUVkZWVElpd2lhbTlpVEc5allYUnBiMjRpT2lKM1pYTjBkWE1pZlE/YXBpLXZlcnNpb249MjAxNi0wOS0wMQ==",
      "RequestMethod": "GET",
      "RequestBody": "",
      "RequestHeaders": {
        "User-Agent": [
          "FxVersion/4.6.27019.06",
          "OSName/Windows",
          "OSVersion/Microsoft.Windows.10.0.17763.",
          "Microsoft.Azure.Management.Internal.Resources.ResourceManagementClient/1.1.17"
        ]
      },
      "ResponseHeaders": {
        "Cache-Control": [
          "no-cache"
        ],
        "Pragma": [
          "no-cache"
        ],
        "Location": [
          "https://api-dogfood.resources.windows-int.net/subscriptions/0e5a46b1-de0b-4ec3-a5d7-dda908b4e076/operationresults/eyJqb2JJZCI6IlJFU09VUkNFR1JPVVBERUxFVElPTkpPQi1QUzIzNzYtV0VTVFVTIiwiam9iTG9jYXRpb24iOiJ3ZXN0dXMifQ?api-version=2016-09-01"
        ],
        "Retry-After": [
          "15"
        ],
        "x-ms-ratelimit-remaining-subscription-reads": [
          "14908"
        ],
        "x-ms-request-id": [
          "c0761137-8386-404a-8fc7-02667f76cec5"
        ],
        "x-ms-correlation-request-id": [
          "c0761137-8386-404a-8fc7-02667f76cec5"
        ],
        "x-ms-routing-request-id": [
          "NORTHEUROPE:20190308T230227Z:c0761137-8386-404a-8fc7-02667f76cec5"
        ],
        "Strict-Transport-Security": [
          "max-age=31536000; includeSubDomains"
        ],
        "X-Content-Type-Options": [
          "nosniff"
        ],
        "Date": [
          "Fri, 08 Mar 2019 23:02:27 GMT"
        ],
        "Expires": [
          "-1"
        ],
        "Content-Length": [
          "0"
        ]
      },
      "ResponseBody": "",
      "StatusCode": 202
    },
    {
      "RequestUri": "/subscriptions/0e5a46b1-de0b-4ec3-a5d7-dda908b4e076/operationresults/eyJqb2JJZCI6IlJFU09VUkNFR1JPVVBERUxFVElPTkpPQi1QUzIzNzYtV0VTVFVTIiwiam9iTG9jYXRpb24iOiJ3ZXN0dXMifQ?api-version=2016-09-01",
      "EncodedRequestUri": "L3N1YnNjcmlwdGlvbnMvMGU1YTQ2YjEtZGUwYi00ZWMzLWE1ZDctZGRhOTA4YjRlMDc2L29wZXJhdGlvbnJlc3VsdHMvZXlKcWIySkpaQ0k2SWxKRlUwOVZVa05GUjFKUFZWQkVSVXhGVkVsUFRrcFBRaTFRVXpJek56WXRWMFZUVkZWVElpd2lhbTlpVEc5allYUnBiMjRpT2lKM1pYTjBkWE1pZlE/YXBpLXZlcnNpb249MjAxNi0wOS0wMQ==",
      "RequestMethod": "GET",
      "RequestBody": "",
      "RequestHeaders": {
        "User-Agent": [
          "FxVersion/4.6.27019.06",
          "OSName/Windows",
          "OSVersion/Microsoft.Windows.10.0.17763.",
          "Microsoft.Azure.Management.Internal.Resources.ResourceManagementClient/1.1.17"
        ]
      },
      "ResponseHeaders": {
        "Cache-Control": [
          "no-cache"
        ],
        "Pragma": [
          "no-cache"
        ],
        "x-ms-ratelimit-remaining-subscription-reads": [
          "14907"
        ],
        "x-ms-request-id": [
          "a9596f6c-7e03-417f-9fb0-762dd4060998"
        ],
        "x-ms-correlation-request-id": [
          "a9596f6c-7e03-417f-9fb0-762dd4060998"
        ],
        "x-ms-routing-request-id": [
          "NORTHEUROPE:20190308T230243Z:a9596f6c-7e03-417f-9fb0-762dd4060998"
        ],
        "Strict-Transport-Security": [
          "max-age=31536000; includeSubDomains"
        ],
        "X-Content-Type-Options": [
          "nosniff"
        ],
        "Date": [
          "Fri, 08 Mar 2019 23:02:42 GMT"
        ],
        "Expires": [
          "-1"
        ],
        "Content-Length": [
          "0"
        ]
      },
      "ResponseBody": "",
      "StatusCode": 200
    },
    {
      "RequestUri": "/subscriptions/0e5a46b1-de0b-4ec3-a5d7-dda908b4e076/operationresults/eyJqb2JJZCI6IlJFU09VUkNFR1JPVVBERUxFVElPTkpPQi1QUzIzNzYtV0VTVFVTIiwiam9iTG9jYXRpb24iOiJ3ZXN0dXMifQ?api-version=2016-09-01",
      "EncodedRequestUri": "L3N1YnNjcmlwdGlvbnMvMGU1YTQ2YjEtZGUwYi00ZWMzLWE1ZDctZGRhOTA4YjRlMDc2L29wZXJhdGlvbnJlc3VsdHMvZXlKcWIySkpaQ0k2SWxKRlUwOVZVa05GUjFKUFZWQkVSVXhGVkVsUFRrcFBRaTFRVXpJek56WXRWMFZUVkZWVElpd2lhbTlpVEc5allYUnBiMjRpT2lKM1pYTjBkWE1pZlE/YXBpLXZlcnNpb249MjAxNi0wOS0wMQ==",
      "RequestMethod": "GET",
      "RequestBody": "",
      "RequestHeaders": {
        "User-Agent": [
          "FxVersion/4.6.27019.06",
          "OSName/Windows",
          "OSVersion/Microsoft.Windows.10.0.17763.",
          "Microsoft.Azure.Management.Internal.Resources.ResourceManagementClient/1.1.17"
        ]
      },
      "ResponseHeaders": {
        "Cache-Control": [
          "no-cache"
        ],
        "Pragma": [
          "no-cache"
        ],
        "x-ms-ratelimit-remaining-subscription-reads": [
          "14906"
        ],
        "x-ms-request-id": [
          "50e9e566-3be9-433b-8673-196492886b52"
        ],
        "x-ms-correlation-request-id": [
          "50e9e566-3be9-433b-8673-196492886b52"
        ],
        "x-ms-routing-request-id": [
          "NORTHEUROPE:20190308T230243Z:50e9e566-3be9-433b-8673-196492886b52"
        ],
        "Strict-Transport-Security": [
          "max-age=31536000; includeSubDomains"
        ],
        "X-Content-Type-Options": [
          "nosniff"
        ],
        "Date": [
          "Fri, 08 Mar 2019 23:02:43 GMT"
        ],
        "Expires": [
          "-1"
        ],
        "Content-Length": [
          "0"
        ]
      },
      "ResponseBody": "",
      "StatusCode": 200
    }
  ],
  "Names": {
    "Test-UpdateLinkZoneNotExistsThrow": [
      "ps9123",
      "ps8359",
      "ps2376",
      "ps9456"
    ]
  },
  "Variables": {
    "SubscriptionId": "0e5a46b1-de0b-4ec3-a5d7-dda908b4e076"
  }
}