{
  "Entries": [
    {
      "RequestUri": "/subscriptions/947d47b4-7883-4bb9-9d85-c5e8e2f572ce/resourcegroups/ps9162?api-version=2016-09-01",
      "EncodedRequestUri": "L3N1YnNjcmlwdGlvbnMvOTQ3ZDQ3YjQtNzg4My00YmI5LTlkODUtYzVlOGUyZjU3MmNlL3Jlc291cmNlZ3JvdXBzL3BzOTE2Mj9hcGktdmVyc2lvbj0yMDE2LTA5LTAx",
      "RequestMethod": "PUT",
      "RequestBody": "{\r\n  \"location\": \"West US\"\r\n}",
      "RequestHeaders": {
        "x-ms-client-request-id": [
          "99c3a2fd-3667-4841-8bb4-35843636d8a7"
        ],
        "Accept-Language": [
          "en-US"
        ],
        "User-Agent": [
          "FxVersion/4.6.27617.04",
          "OSName/Windows",
          "OSVersion/Microsoft.Windows.10.0.18362.",
          "Microsoft.Azure.Management.Internal.Resources.ResourceManagementClient/1.3.1"
        ],
        "Content-Type": [
          "application/json; charset=utf-8"
        ],
        "Content-Length": [
          "29"
        ]
      },
      "ResponseHeaders": {
        "Cache-Control": [
          "no-cache"
        ],
        "Pragma": [
          "no-cache"
        ],
        "x-ms-ratelimit-remaining-subscription-writes": [
          "1177"
        ],
        "x-ms-request-id": [
          "30d23252-5c51-49b3-aa7b-b2500cfb6726"
        ],
        "x-ms-correlation-request-id": [
          "30d23252-5c51-49b3-aa7b-b2500cfb6726"
        ],
        "x-ms-routing-request-id": [
          "BRAZILUS:20190715T111738Z:30d23252-5c51-49b3-aa7b-b2500cfb6726"
        ],
        "Strict-Transport-Security": [
          "max-age=31536000; includeSubDomains"
        ],
        "X-Content-Type-Options": [
          "nosniff"
        ],
        "Date": [
          "Mon, 15 Jul 2019 11:17:38 GMT"
        ],
        "Content-Length": [
          "165"
        ],
        "Content-Type": [
          "application/json; charset=utf-8"
        ],
        "Expires": [
          "-1"
        ]
      },
      "ResponseBody": "{\r\n  \"id\": \"/subscriptions/947d47b4-7883-4bb9-9d85-c5e8e2f572ce/resourceGroups/ps9162\",\r\n  \"name\": \"ps9162\",\r\n  \"location\": \"westus\",\r\n  \"properties\": {\r\n    \"provisioningState\": \"Succeeded\"\r\n  }\r\n}",
      "StatusCode": 201
    },
    {
      "RequestUri": "/subscriptions/947d47b4-7883-4bb9-9d85-c5e8e2f572ce/resourceGroups/ps9162/providers/Microsoft.Network/privateDnsZones/ps4250.pstest.test?api-version=2018-09-01",
      "EncodedRequestUri": "L3N1YnNjcmlwdGlvbnMvOTQ3ZDQ3YjQtNzg4My00YmI5LTlkODUtYzVlOGUyZjU3MmNlL3Jlc291cmNlR3JvdXBzL3BzOTE2Mi9wcm92aWRlcnMvTWljcm9zb2Z0Lk5ldHdvcmsvcHJpdmF0ZURuc1pvbmVzL3BzNDI1MC5wc3Rlc3QudGVzdD9hcGktdmVyc2lvbj0yMDE4LTA5LTAx",
      "RequestMethod": "PUT",
      "RequestBody": "{\r\n  \"tags\": {\r\n    \"tag1\": \"value1\"\r\n  },\r\n  \"location\": \"global\"\r\n}",
      "RequestHeaders": {
        "x-ms-client-request-id": [
          "2e995815-2d40-4d06-8049-80dc4a069779"
        ],
        "If-None-Match": [
          "*"
        ],
        "Accept-Language": [
          "en-US"
        ],
        "User-Agent": [
          "FxVersion/4.6.27617.04",
          "OSName/Windows",
          "OSVersion/Microsoft.Windows.10.0.18362.",
          "Microsoft.Azure.Management.PrivateDns.PrivateDnsManagementClient/0.8.0.0"
        ],
        "Content-Type": [
          "application/json; charset=utf-8"
        ],
        "Content-Length": [
          "69"
        ]
      },
      "ResponseHeaders": {
        "Cache-Control": [
          "private"
        ],
        "Location": [
          "https://brazilus.management.azure.com/subscriptions/947d47b4-7883-4bb9-9d85-c5e8e2f572ce/resourceGroups/ps9162/providers/Microsoft.Network/privateDnsOperationResults/RnJvbnRFbmRBc3luY09wZXJhdGlvbjtVcHNlcnRQcml2YXRlRG5zWm9uZTs0ZDhmMjY2Yi1lMDJkLTQ4NzktYjI2MS03NmFiZjg4YzEyOGI=?api-version=2018-09-01"
        ],
        "Retry-After": [
          "10"
        ],
        "X-Content-Type-Options": [
          "nosniff"
        ],
        "Strict-Transport-Security": [
          "max-age=31536000; includeSubDomains"
        ],
        "Azure-AsyncOperation": [
          "https://brazilus.management.azure.com:443/subscriptions/947d47b4-7883-4bb9-9d85-c5e8e2f572ce/resourceGroups/ps9162/providers/Microsoft.Network/privateDnsOperationStatuses/RnJvbnRFbmRBc3luY09wZXJhdGlvbjtVcHNlcnRQcml2YXRlRG5zWm9uZTs0ZDhmMjY2Yi1lMDJkLTQ4NzktYjI2MS03NmFiZjg4YzEyOGI=?api-version=2018-09-01"
        ],
        "x-ms-request-id": [
          "2e995815-2d40-4d06-8049-80dc4a069779"
        ],
        "Server": [
          "Microsoft-IIS/10.0"
        ],
        "X-AspNet-Version": [
          "4.0.30319"
        ],
        "X-Powered-By": [
          "ASP.NET"
        ],
        "x-ms-ratelimit-remaining-subscription-resource-requests": [
          "11995"
        ],
        "x-ms-correlation-request-id": [
          "76f8a564-80f1-41c0-a012-52680894af8c"
        ],
        "x-ms-routing-request-id": [
          "BRAZILUS:20190715T111740Z:76f8a564-80f1-41c0-a012-52680894af8c"
        ],
        "Date": [
          "Mon, 15 Jul 2019 11:17:39 GMT"
        ],
        "Content-Length": [
          "2"
        ],
        "Content-Type": [
          "application/json; charset=utf-8"
        ]
      },
      "ResponseBody": "{}",
      "StatusCode": 202
    },
    {
      "RequestUri": "/subscriptions/947d47b4-7883-4bb9-9d85-c5e8e2f572ce/resourceGroups/ps9162/providers/Microsoft.Network/privateDnsOperationStatuses/RnJvbnRFbmRBc3luY09wZXJhdGlvbjtVcHNlcnRQcml2YXRlRG5zWm9uZTs0ZDhmMjY2Yi1lMDJkLTQ4NzktYjI2MS03NmFiZjg4YzEyOGI=?api-version=2018-09-01",
      "EncodedRequestUri": "L3N1YnNjcmlwdGlvbnMvOTQ3ZDQ3YjQtNzg4My00YmI5LTlkODUtYzVlOGUyZjU3MmNlL3Jlc291cmNlR3JvdXBzL3BzOTE2Mi9wcm92aWRlcnMvTWljcm9zb2Z0Lk5ldHdvcmsvcHJpdmF0ZURuc09wZXJhdGlvblN0YXR1c2VzL1JuSnZiblJGYm1SQmMzbHVZMDl3WlhKaGRHbHZianRWY0hObGNuUlFjbWwyWVhSbFJHNXpXbTl1WlRzMFpEaG1NalkyWWkxbE1ESmtMVFE0TnprdFlqSTJNUzAzTm1GaVpqZzRZekV5T0dJPT9hcGktdmVyc2lvbj0yMDE4LTA5LTAx",
      "RequestMethod": "GET",
      "RequestBody": "",
      "RequestHeaders": {
        "User-Agent": [
          "FxVersion/4.6.27617.04",
          "OSName/Windows",
          "OSVersion/Microsoft.Windows.10.0.18362.",
          "Microsoft.Azure.Management.PrivateDns.PrivateDnsManagementClient/0.8.0.0"
        ]
      },
      "ResponseHeaders": {
        "Cache-Control": [
          "private"
        ],
        "Location": [
          "https://brazilus.management.azure.com/subscriptions/947d47b4-7883-4bb9-9d85-c5e8e2f572ce/resourceGroups/ps9162/providers/Microsoft.Network/privateDnsOperationResults/RnJvbnRFbmRBc3luY09wZXJhdGlvbjtVcHNlcnRQcml2YXRlRG5zWm9uZTs0ZDhmMjY2Yi1lMDJkLTQ4NzktYjI2MS03NmFiZjg4YzEyOGI=?api-version=2018-09-01"
        ],
        "Retry-After": [
          "10"
        ],
        "X-Content-Type-Options": [
          "nosniff"
        ],
        "Strict-Transport-Security": [
          "max-age=31536000; includeSubDomains"
        ],
        "Azure-AsyncOperation": [
          "https://brazilus.management.azure.com:443/subscriptions/947d47b4-7883-4bb9-9d85-c5e8e2f572ce/resourceGroups/ps9162/providers/Microsoft.Network/privateDnsOperationStatuses/RnJvbnRFbmRBc3luY09wZXJhdGlvbjtVcHNlcnRQcml2YXRlRG5zWm9uZTs0ZDhmMjY2Yi1lMDJkLTQ4NzktYjI2MS03NmFiZjg4YzEyOGI=?api-version=2018-09-01"
        ],
        "x-ms-request-id": [
          "f8164ec3-e164-4609-9671-397162fce0f5"
        ],
        "Server": [
          "Microsoft-IIS/10.0"
        ],
        "X-AspNet-Version": [
          "4.0.30319"
        ],
        "X-Powered-By": [
          "ASP.NET"
        ],
        "x-ms-ratelimit-remaining-subscription-resource-requests": [
          "11979"
        ],
        "x-ms-correlation-request-id": [
          "1eba84b7-efa3-4906-ba61-d35080cf6c0c"
        ],
        "x-ms-routing-request-id": [
          "BRAZILUS:20190715T111751Z:1eba84b7-efa3-4906-ba61-d35080cf6c0c"
        ],
        "Date": [
          "Mon, 15 Jul 2019 11:17:51 GMT"
        ],
        "Content-Length": [
          "23"
        ],
        "Content-Type": [
          "application/json; charset=utf-8"
        ]
      },
      "ResponseBody": "{\r\n  \"status\": \"InProgress\"\r\n}",
      "StatusCode": 202
    },
    {
      "RequestUri": "/subscriptions/947d47b4-7883-4bb9-9d85-c5e8e2f572ce/resourceGroups/ps9162/providers/Microsoft.Network/privateDnsOperationStatuses/RnJvbnRFbmRBc3luY09wZXJhdGlvbjtVcHNlcnRQcml2YXRlRG5zWm9uZTs0ZDhmMjY2Yi1lMDJkLTQ4NzktYjI2MS03NmFiZjg4YzEyOGI=?api-version=2018-09-01",
      "EncodedRequestUri": "L3N1YnNjcmlwdGlvbnMvOTQ3ZDQ3YjQtNzg4My00YmI5LTlkODUtYzVlOGUyZjU3MmNlL3Jlc291cmNlR3JvdXBzL3BzOTE2Mi9wcm92aWRlcnMvTWljcm9zb2Z0Lk5ldHdvcmsvcHJpdmF0ZURuc09wZXJhdGlvblN0YXR1c2VzL1JuSnZiblJGYm1SQmMzbHVZMDl3WlhKaGRHbHZianRWY0hObGNuUlFjbWwyWVhSbFJHNXpXbTl1WlRzMFpEaG1NalkyWWkxbE1ESmtMVFE0TnprdFlqSTJNUzAzTm1GaVpqZzRZekV5T0dJPT9hcGktdmVyc2lvbj0yMDE4LTA5LTAx",
      "RequestMethod": "GET",
      "RequestBody": "",
      "RequestHeaders": {
        "User-Agent": [
          "FxVersion/4.6.27617.04",
          "OSName/Windows",
          "OSVersion/Microsoft.Windows.10.0.18362.",
          "Microsoft.Azure.Management.PrivateDns.PrivateDnsManagementClient/0.8.0.0"
        ]
      },
      "ResponseHeaders": {
        "Cache-Control": [
          "private"
        ],
        "X-Content-Type-Options": [
          "nosniff"
        ],
        "Strict-Transport-Security": [
          "max-age=31536000; includeSubDomains"
        ],
        "x-ms-request-id": [
          "31521511-00a7-41d0-9c6e-ba1d1673f328"
        ],
        "Server": [
          "Microsoft-IIS/10.0"
        ],
        "X-AspNet-Version": [
          "4.0.30319"
        ],
        "X-Powered-By": [
          "ASP.NET"
        ],
        "x-ms-ratelimit-remaining-subscription-resource-requests": [
          "11978"
        ],
        "x-ms-correlation-request-id": [
          "2f71bce5-3a5c-472f-9b3b-030a9c0551c5"
        ],
        "x-ms-routing-request-id": [
          "BRAZILUS:20190715T111801Z:2f71bce5-3a5c-472f-9b3b-030a9c0551c5"
        ],
        "Date": [
          "Mon, 15 Jul 2019 11:18:00 GMT"
        ],
        "Content-Length": [
          "22"
        ],
        "Content-Type": [
          "application/json; charset=utf-8"
        ]
      },
      "ResponseBody": "{\r\n  \"status\": \"Succeeded\"\r\n}",
      "StatusCode": 200
    },
    {
      "RequestUri": "/subscriptions/947d47b4-7883-4bb9-9d85-c5e8e2f572ce/resourceGroups/ps9162/providers/Microsoft.Network/privateDnsZones/ps4250.pstest.test?api-version=2018-09-01",
      "EncodedRequestUri": "L3N1YnNjcmlwdGlvbnMvOTQ3ZDQ3YjQtNzg4My00YmI5LTlkODUtYzVlOGUyZjU3MmNlL3Jlc291cmNlR3JvdXBzL3BzOTE2Mi9wcm92aWRlcnMvTWljcm9zb2Z0Lk5ldHdvcmsvcHJpdmF0ZURuc1pvbmVzL3BzNDI1MC5wc3Rlc3QudGVzdD9hcGktdmVyc2lvbj0yMDE4LTA5LTAx",
      "RequestMethod": "GET",
      "RequestBody": "",
      "RequestHeaders": {
        "User-Agent": [
          "FxVersion/4.6.27617.04",
          "OSName/Windows",
          "OSVersion/Microsoft.Windows.10.0.18362.",
          "Microsoft.Azure.Management.PrivateDns.PrivateDnsManagementClient/0.8.0.0"
        ]
      },
      "ResponseHeaders": {
        "Cache-Control": [
          "private"
        ],
        "ETag": [
          "ab85b6ec-8aac-48d2-8a81-5bdd75afdb88"
        ],
        "X-Content-Type-Options": [
          "nosniff"
        ],
        "Strict-Transport-Security": [
          "max-age=31536000; includeSubDomains"
        ],
        "x-ms-request-id": [
          "25f0401e-62f9-475d-9c0b-fcb8e304fb88"
        ],
        "Server": [
          "Microsoft-IIS/10.0"
        ],
        "X-AspNet-Version": [
          "4.0.30319"
        ],
        "X-Powered-By": [
          "ASP.NET"
        ],
        "x-ms-ratelimit-remaining-subscription-resource-requests": [
          "11995"
        ],
        "x-ms-correlation-request-id": [
          "202ffabe-deeb-4174-b704-feb681b622cd"
        ],
        "x-ms-routing-request-id": [
          "BRAZILUS:20190715T111801Z:202ffabe-deeb-4174-b704-feb681b622cd"
        ],
        "Date": [
          "Mon, 15 Jul 2019 11:18:00 GMT"
        ],
        "Content-Length": [
          "587"
        ],
        "Content-Type": [
          "application/json; charset=utf-8"
        ]
      },
      "ResponseBody": "{\r\n  \"id\": \"/subscriptions/947d47b4-7883-4bb9-9d85-c5e8e2f572ce/resourceGroups/ps9162/providers/Microsoft.Network/privateDnsZones/ps4250.pstest.test\",\r\n  \"name\": \"ps4250.pstest.test\",\r\n  \"type\": \"Microsoft.Network/privateDnsZones\",\r\n  \"etag\": \"ab85b6ec-8aac-48d2-8a81-5bdd75afdb88\",\r\n  \"location\": \"global\",\r\n  \"tags\": {\r\n    \"tag1\": \"value1\"\r\n  },\r\n  \"properties\": {\r\n    \"maxNumberOfRecordSets\": 25000,\r\n    \"maxNumberOfVirtualNetworkLinks\": 1000,\r\n    \"maxNumberOfVirtualNetworkLinksWithRegistration\": 100,\r\n    \"numberOfRecordSets\": 1,\r\n    \"numberOfVirtualNetworkLinks\": 0,\r\n    \"numberOfVirtualNetworkLinksWithRegistration\": 0,\r\n    \"provisioningState\": \"Succeeded\"\r\n  }\r\n}",
      "StatusCode": 200
    },
    {
      "RequestUri": "/subscriptions/947d47b4-7883-4bb9-9d85-c5e8e2f572ce/providers/microsoft.network?api-version=2016-09-01",
      "EncodedRequestUri": "L3N1YnNjcmlwdGlvbnMvOTQ3ZDQ3YjQtNzg4My00YmI5LTlkODUtYzVlOGUyZjU3MmNlL3Byb3ZpZGVycy9taWNyb3NvZnQubmV0d29yaz9hcGktdmVyc2lvbj0yMDE2LTA5LTAx",
      "RequestMethod": "GET",
      "RequestBody": "",
      "RequestHeaders": {
        "x-ms-client-request-id": [
          "69727214-09cc-4d49-b18d-90b5ff978968"
        ],
        "Accept-Language": [
          "en-US"
        ],
        "User-Agent": [
          "FxVersion/4.6.27617.04",
          "OSName/Windows",
          "OSVersion/Microsoft.Windows.10.0.18362.",
          "Microsoft.Azure.Management.Internal.Resources.ResourceManagementClient/1.3.1"
        ]
      },
      "ResponseHeaders": {
        "Cache-Control": [
          "no-cache"
        ],
        "Pragma": [
          "no-cache"
        ],
        "x-ms-ratelimit-remaining-subscription-reads": [
          "11815"
        ],
        "x-ms-request-id": [
          "2e174af3-f765-4032-af0b-ea41cb1d4703"
        ],
        "x-ms-correlation-request-id": [
          "2e174af3-f765-4032-af0b-ea41cb1d4703"
        ],
        "x-ms-routing-request-id": [
          "BRAZILUS:20190715T111938Z:2e174af3-f765-4032-af0b-ea41cb1d4703"
        ],
        "Strict-Transport-Security": [
          "max-age=31536000; includeSubDomains"
        ],
        "X-Content-Type-Options": [
          "nosniff"
        ],
        "Date": [
          "Mon, 15 Jul 2019 11:19:37 GMT"
        ],
        "Content-Type": [
          "application/json; charset=utf-8"
        ],
        "Expires": [
          "-1"
        ],
        "Content-Length": [
          "58610"
        ]
      },
      "ResponseBody": "{\r\n  \"id\": \"/subscriptions/947d47b4-7883-4bb9-9d85-c5e8e2f572ce/providers/Microsoft.Network\",\r\n  \"namespace\": \"Microsoft.Network\",\r\n  \"authorizations\": [\r\n    {\r\n      \"applicationId\": \"2cf9eb86-36b5-49dc-86ae-9a63135dfa8c\",\r\n      \"roleDefinitionId\": \"13ba9ab4-19f0-4804-adc4-14ece36cc7a1\"\r\n    },\r\n    {\r\n      \"applicationId\": \"7c33bfcb-8d33-48d6-8e60-dc6404003489\",\r\n      \"roleDefinitionId\": \"ad6261e4-fa9a-4642-aa5f-104f1b67e9e3\"\r\n    },\r\n    {\r\n      \"applicationId\": \"1e3e4475-288f-4018-a376-df66fd7fac5f\",\r\n      \"roleDefinitionId\": \"1d538b69-3d87-4e56-8ff8-25786fd48261\"\r\n    },\r\n    {\r\n      \"applicationId\": \"a0be0c72-870e-46f0-9c49-c98333a996f7\",\r\n      \"roleDefinitionId\": \"7ce22727-ffce-45a9-930c-ddb2e56fa131\"\r\n    },\r\n    {\r\n      \"applicationId\": \"486c78bf-a0f7-45f1-92fd-37215929e116\",\r\n      \"roleDefinitionId\": \"98a9e526-0a60-4c1f-a33a-ae46e1f8dc0d\"\r\n    },\r\n    {\r\n      \"applicationId\": \"19947cfd-0303-466c-ac3c-fcc19a7a1570\",\r\n      \"roleDefinitionId\": \"d813ab6c-bfb7-413e-9462-005b21f0ce09\"\r\n    },\r\n    {\r\n      \"applicationId\": \"341b7f3d-69b3-47f9-9ce7-5b7f4945fdbd\",\r\n      \"roleDefinitionId\": \"8141843c-c51c-4c1e-a5bf-0d351594b86c\"\r\n    },\r\n    {\r\n      \"applicationId\": \"328fd23b-de6e-462c-9433-e207470a5727\",\r\n      \"roleDefinitionId\": \"79e29e06-4056-41e5-a6b2-959f1f47747e\"\r\n    }\r\n  ],\r\n  \"resourceTypes\": [\r\n    {\r\n      \"resourceType\": \"virtualNetworks\",\r\n      \"locations\": [\r\n        \"East US\",\r\n        \"North Europe\",\r\n        \"West Europe\",\r\n        \"East Asia\",\r\n        \"Southeast Asia\",\r\n        \"North Central US\",\r\n        \"South Central US\",\r\n        \"Central US\",\r\n        \"East US 2\",\r\n        \"Japan East\",\r\n        \"Japan West\",\r\n        \"Brazil South\",\r\n        \"Australia East\",\r\n        \"Australia Southeast\",\r\n        \"Central India\",\r\n        \"South India\",\r\n        \"West India\",\r\n        \"Canada Central\",\r\n        \"Canada East\",\r\n        \"West Central US\",\r\n        \"West US 2\",\r\n        \"UK West\",\r\n        \"UK South\",\r\n        \"Korea Central\",\r\n        \"Korea South\",\r\n        \"France Central\",\r\n        \"Australia Central\",\r\n        \"Australia Central 2\",\r\n        \"South Africa North\",\r\n        \"UAE North\",\r\n        \"West US\",\r\n        \"Central US EUAP\",\r\n        \"East US 2 EUAP\"\r\n      ],\r\n      \"apiVersions\": [\r\n        \"2019-06-01\",\r\n        \"2019-04-01\",\r\n        \"2019-02-01\",\r\n        \"2018-12-01\",\r\n        \"2018-11-01\",\r\n        \"2018-10-01\",\r\n        \"2018-08-01\",\r\n        \"2018-07-01\",\r\n        \"2018-06-01\",\r\n        \"2018-05-01\",\r\n        \"2018-04-01\",\r\n        \"2018-03-01\",\r\n        \"2018-02-01\",\r\n        \"2018-01-01\",\r\n        \"2017-11-01\",\r\n        \"2017-10-01\",\r\n        \"2017-09-01\",\r\n        \"2017-08-01\",\r\n        \"2017-06-01\",\r\n        \"2017-04-01\",\r\n        \"2017-03-01\",\r\n        \"2016-12-01\",\r\n        \"2016-11-01\",\r\n        \"2016-10-01\",\r\n        \"2016-09-01\",\r\n        \"2016-08-01\",\r\n        \"2016-07-01\",\r\n        \"2016-06-01\",\r\n        \"2016-03-30\",\r\n        \"2015-06-15\",\r\n        \"2015-05-01-preview\",\r\n        \"2014-12-01-preview\"\r\n      ],\r\n      \"capabilities\": \"CrossResourceGroupResourceMove, CrossSubscriptionResourceMove\"\r\n    },\r\n    {\r\n      \"resourceType\": \"publicIPAddresses\",\r\n      \"locations\": [\r\n        \"East US\",\r\n        \"North Europe\",\r\n        \"West Europe\",\r\n        \"East Asia\",\r\n        \"Southeast Asia\",\r\n        \"North Central US\",\r\n        \"South Central US\",\r\n        \"Central US\",\r\n        \"East US 2\",\r\n        \"Japan East\",\r\n        \"Japan West\",\r\n        \"Brazil South\",\r\n        \"Australia East\",\r\n        \"Australia Southeast\",\r\n        \"Central India\",\r\n        \"South India\",\r\n        \"West India\",\r\n        \"Canada Central\",\r\n        \"Canada East\",\r\n        \"West Central US\",\r\n        \"West US 2\",\r\n        \"UK West\",\r\n        \"UK South\",\r\n        \"Korea Central\",\r\n        \"Korea South\",\r\n        \"France Central\",\r\n        \"Australia Central\",\r\n        \"Australia Central 2\",\r\n        \"South Africa North\",\r\n        \"UAE North\",\r\n        \"West US\",\r\n        \"Central US EUAP\",\r\n        \"East US 2 EUAP\"\r\n      ],\r\n      \"apiVersions\": [\r\n        \"2019-06-01\",\r\n        \"2019-04-01\",\r\n        \"2019-02-01\",\r\n        \"2018-12-01\",\r\n        \"2018-11-01\",\r\n        \"2018-10-01\",\r\n        \"2018-08-01\",\r\n        \"2018-07-01\",\r\n        \"2018-06-01\",\r\n        \"2018-05-01\",\r\n        \"2018-04-01\",\r\n        \"2018-03-01\",\r\n        \"2018-02-01\",\r\n        \"2018-01-01\",\r\n        \"2017-11-01\",\r\n        \"2017-10-01\",\r\n        \"2017-09-01\",\r\n        \"2017-08-01\",\r\n        \"2017-06-01\",\r\n        \"2017-04-01\",\r\n        \"2017-03-01\",\r\n        \"2016-12-01\",\r\n        \"2016-11-01\",\r\n        \"2016-10-01\",\r\n        \"2016-09-01\",\r\n        \"2016-08-01\",\r\n        \"2016-07-01\",\r\n        \"2016-06-01\",\r\n        \"2016-03-30\",\r\n        \"2015-06-15\",\r\n        \"2015-05-01-preview\",\r\n        \"2014-12-01-preview\"\r\n      ],\r\n      \"zoneMappings\": [\r\n        {\r\n          \"location\": \"East US 2\",\r\n          \"zones\": [\r\n            \"1\",\r\n            \"3\",\r\n            \"2\"\r\n          ]\r\n        },\r\n        {\r\n          \"location\": \"Central US\",\r\n          \"zones\": [\r\n            \"1\",\r\n            \"3\",\r\n            \"2\"\r\n          ]\r\n        },\r\n        {\r\n          \"location\": \"West Europe\",\r\n          \"zones\": [\r\n            \"1\",\r\n            \"3\",\r\n            \"2\"\r\n          ]\r\n        },\r\n        {\r\n          \"location\": \"East US 2 EUAP\",\r\n          \"zones\": [\r\n            \"2\",\r\n            \"1\",\r\n            \"3\"\r\n          ]\r\n        },\r\n        {\r\n          \"location\": \"Central US EUAP\",\r\n          \"zones\": []\r\n        },\r\n        {\r\n          \"location\": \"France Central\",\r\n          \"zones\": [\r\n            \"1\",\r\n            \"3\",\r\n            \"2\"\r\n          ]\r\n        },\r\n        {\r\n          \"location\": \"Southeast Asia\",\r\n          \"zones\": [\r\n            \"1\",\r\n            \"3\",\r\n            \"2\"\r\n          ]\r\n        },\r\n        {\r\n          \"location\": \"West US 2\",\r\n          \"zones\": [\r\n            \"1\",\r\n            \"3\",\r\n            \"2\"\r\n          ]\r\n        },\r\n        {\r\n          \"location\": \"North Europe\",\r\n          \"zones\": [\r\n            \"1\",\r\n            \"3\",\r\n            \"2\"\r\n          ]\r\n        },\r\n        {\r\n          \"location\": \"East US\",\r\n          \"zones\": [\r\n            \"1\",\r\n            \"3\",\r\n            \"2\"\r\n          ]\r\n        },\r\n        {\r\n          \"location\": \"UK South\",\r\n          \"zones\": [\r\n            \"1\",\r\n            \"3\",\r\n            \"2\"\r\n          ]\r\n        },\r\n        {\r\n          \"location\": \"Japan East\",\r\n          \"zones\": [\r\n            \"1\",\r\n            \"3\",\r\n            \"2\"\r\n          ]\r\n        },\r\n        {\r\n          \"location\": \"Australia East\",\r\n          \"zones\": []\r\n        }\r\n      ],\r\n      \"capabilities\": \"CrossResourceGroupResourceMove, CrossSubscriptionResourceMove\"\r\n    },\r\n    {\r\n      \"resourceType\": \"networkInterfaces\",\r\n      \"locations\": [\r\n        \"East US\",\r\n        \"North Europe\",\r\n        \"West Europe\",\r\n        \"East Asia\",\r\n        \"Southeast Asia\",\r\n        \"North Central US\",\r\n        \"South Central US\",\r\n        \"Central US\",\r\n        \"East US 2\",\r\n        \"Japan East\",\r\n        \"Japan West\",\r\n        \"Brazil South\",\r\n        \"Australia East\",\r\n        \"Australia Southeast\",\r\n        \"Central India\",\r\n        \"South India\",\r\n        \"West India\",\r\n        \"Canada Central\",\r\n        \"Canada East\",\r\n        \"West Central US\",\r\n        \"West US 2\",\r\n        \"UK West\",\r\n        \"UK South\",\r\n        \"Korea Central\",\r\n        \"Korea South\",\r\n        \"France Central\",\r\n        \"Australia Central\",\r\n        \"Australia Central 2\",\r\n        \"South Africa North\",\r\n        \"UAE North\",\r\n        \"West US\",\r\n        \"Central US EUAP\",\r\n        \"East US 2 EUAP\"\r\n      ],\r\n      \"apiVersions\": [\r\n        \"2019-06-01\",\r\n        \"2019-04-01\",\r\n        \"2019-02-01\",\r\n        \"2018-12-01\",\r\n        \"2018-11-01\",\r\n        \"2018-10-01\",\r\n        \"2018-08-01\",\r\n        \"2018-07-01\",\r\n        \"2018-06-01\",\r\n        \"2018-05-01\",\r\n        \"2018-04-01\",\r\n        \"2018-03-01\",\r\n        \"2018-02-01\",\r\n        \"2018-01-01\",\r\n        \"2017-11-01\",\r\n        \"2017-10-01\",\r\n        \"2017-09-01\",\r\n        \"2017-08-01\",\r\n        \"2017-06-01\",\r\n        \"2017-04-01\",\r\n        \"2017-03-01\",\r\n        \"2016-12-01\",\r\n        \"2016-11-01\",\r\n        \"2016-10-01\",\r\n        \"2016-09-01\",\r\n        \"2016-08-01\",\r\n        \"2016-07-01\",\r\n        \"2016-06-01\",\r\n        \"2016-03-30\",\r\n        \"2015-06-15\",\r\n        \"2015-05-01-preview\",\r\n        \"2014-12-01-preview\"\r\n      ],\r\n      \"capabilities\": \"CrossResourceGroupResourceMove, CrossSubscriptionResourceMove\"\r\n    },\r\n    {\r\n      \"resourceType\": \"privateEndpoints\",\r\n      \"locations\": [\r\n        \"East US\",\r\n        \"North Europe\",\r\n        \"West Europe\",\r\n        \"East Asia\",\r\n        \"Southeast Asia\",\r\n        \"North Central US\",\r\n        \"South Central US\",\r\n        \"Central US\",\r\n        \"East US 2\",\r\n        \"Japan East\",\r\n        \"Japan West\",\r\n        \"Brazil South\",\r\n        \"Australia East\",\r\n        \"Australia Southeast\",\r\n        \"Central India\",\r\n        \"South India\",\r\n        \"West India\",\r\n        \"Canada Central\",\r\n        \"Canada East\",\r\n        \"West Central US\",\r\n        \"West US 2\",\r\n        \"UK West\",\r\n        \"UK South\",\r\n        \"Korea Central\",\r\n        \"Korea South\",\r\n        \"France Central\",\r\n        \"Australia Central\",\r\n        \"Australia Central 2\",\r\n        \"South Africa North\",\r\n        \"UAE North\",\r\n        \"West US\",\r\n        \"Central US EUAP\",\r\n        \"East US 2 EUAP\"\r\n      ],\r\n      \"apiVersions\": [\r\n        \"2019-06-01\",\r\n        \"2019-04-01\",\r\n        \"2019-02-01\"\r\n      ],\r\n      \"capabilities\": \"None\"\r\n    },\r\n    {\r\n      \"resourceType\": \"loadBalancers\",\r\n      \"locations\": [\r\n        \"East US\",\r\n        \"North Europe\",\r\n        \"West Europe\",\r\n        \"East Asia\",\r\n        \"Southeast Asia\",\r\n        \"North Central US\",\r\n        \"South Central US\",\r\n        \"Central US\",\r\n        \"East US 2\",\r\n        \"Japan East\",\r\n        \"Japan West\",\r\n        \"Brazil South\",\r\n        \"Australia East\",\r\n        \"Australia Southeast\",\r\n        \"Central India\",\r\n        \"South India\",\r\n        \"West India\",\r\n        \"Canada Central\",\r\n        \"Canada East\",\r\n        \"West Central US\",\r\n        \"West US 2\",\r\n        \"UK West\",\r\n        \"UK South\",\r\n        \"Korea Central\",\r\n        \"Korea South\",\r\n        \"France Central\",\r\n        \"Australia Central\",\r\n        \"Australia Central 2\",\r\n        \"South Africa North\",\r\n        \"UAE North\",\r\n        \"West US\",\r\n        \"Central US EUAP\",\r\n        \"East US 2 EUAP\"\r\n      ],\r\n      \"apiVersions\": [\r\n        \"2019-06-01\",\r\n        \"2019-04-01\",\r\n        \"2019-02-01\",\r\n        \"2018-12-01\",\r\n        \"2018-11-01\",\r\n        \"2018-10-01\",\r\n        \"2018-08-01\",\r\n        \"2018-07-01\",\r\n        \"2018-06-01\",\r\n        \"2018-05-01\",\r\n        \"2018-04-01\",\r\n        \"2018-03-01\",\r\n        \"2018-02-01\",\r\n        \"2018-01-01\",\r\n        \"2017-11-01\",\r\n        \"2017-10-01\",\r\n        \"2017-09-01\",\r\n        \"2017-08-01\",\r\n        \"2017-06-01\",\r\n        \"2017-04-01\",\r\n        \"2017-03-01\",\r\n        \"2016-12-01\",\r\n        \"2016-11-01\",\r\n        \"2016-10-01\",\r\n        \"2016-09-01\",\r\n        \"2016-08-01\",\r\n        \"2016-07-01\",\r\n        \"2016-06-01\",\r\n        \"2016-03-30\",\r\n        \"2015-06-15\",\r\n        \"2015-05-01-preview\",\r\n        \"2014-12-01-preview\"\r\n      ],\r\n      \"capabilities\": \"CrossResourceGroupResourceMove, CrossSubscriptionResourceMove\"\r\n    },\r\n    {\r\n      \"resourceType\": \"networkSecurityGroups\",\r\n      \"locations\": [\r\n        \"East US\",\r\n        \"North Europe\",\r\n        \"West Europe\",\r\n        \"East Asia\",\r\n        \"Southeast Asia\",\r\n        \"North Central US\",\r\n        \"South Central US\",\r\n        \"Central US\",\r\n        \"East US 2\",\r\n        \"Japan East\",\r\n        \"Japan West\",\r\n        \"Brazil South\",\r\n        \"Australia East\",\r\n        \"Australia Southeast\",\r\n        \"Central India\",\r\n        \"South India\",\r\n        \"West India\",\r\n        \"Canada Central\",\r\n        \"Canada East\",\r\n        \"West Central US\",\r\n        \"West US 2\",\r\n        \"UK West\",\r\n        \"UK South\",\r\n        \"Korea Central\",\r\n        \"Korea South\",\r\n        \"France Central\",\r\n        \"Australia Central\",\r\n        \"Australia Central 2\",\r\n        \"South Africa North\",\r\n        \"UAE North\",\r\n        \"West US\",\r\n        \"Central US EUAP\",\r\n        \"East US 2 EUAP\"\r\n      ],\r\n      \"apiVersions\": [\r\n        \"2019-06-01\",\r\n        \"2019-04-01\",\r\n        \"2019-02-01\",\r\n        \"2018-12-01\",\r\n        \"2018-11-01\",\r\n        \"2018-10-01\",\r\n        \"2018-08-01\",\r\n        \"2018-07-01\",\r\n        \"2018-06-01\",\r\n        \"2018-05-01\",\r\n        \"2018-04-01\",\r\n        \"2018-03-01\",\r\n        \"2018-02-01\",\r\n        \"2018-01-01\",\r\n        \"2017-11-01\",\r\n        \"2017-10-01\",\r\n        \"2017-09-01\",\r\n        \"2017-08-01\",\r\n        \"2017-06-01\",\r\n        \"2017-04-01\",\r\n        \"2017-03-01\",\r\n        \"2016-12-01\",\r\n        \"2016-11-01\",\r\n        \"2016-10-01\",\r\n        \"2016-09-01\",\r\n        \"2016-08-01\",\r\n        \"2016-07-01\",\r\n        \"2016-06-01\",\r\n        \"2016-03-30\",\r\n        \"2015-06-15\",\r\n        \"2015-05-01-preview\",\r\n        \"2014-12-01-preview\"\r\n      ],\r\n      \"capabilities\": \"CrossResourceGroupResourceMove, CrossSubscriptionResourceMove\"\r\n    },\r\n    {\r\n      \"resourceType\": \"applicationSecurityGroups\",\r\n      \"locations\": [\r\n        \"East US\",\r\n        \"North Europe\",\r\n        \"West Europe\",\r\n        \"East Asia\",\r\n        \"Southeast Asia\",\r\n        \"North Central US\",\r\n        \"South Central US\",\r\n        \"Central US\",\r\n        \"East US 2\",\r\n        \"Japan East\",\r\n        \"Japan West\",\r\n        \"Brazil South\",\r\n        \"Australia East\",\r\n        \"Australia Southeast\",\r\n        \"Central India\",\r\n        \"South India\",\r\n        \"West India\",\r\n        \"Canada Central\",\r\n        \"Canada East\",\r\n        \"West Central US\",\r\n        \"West US 2\",\r\n        \"UK West\",\r\n        \"UK South\",\r\n        \"Korea Central\",\r\n        \"Korea South\",\r\n        \"France Central\",\r\n        \"Australia Central\",\r\n        \"Australia Central 2\",\r\n        \"South Africa North\",\r\n        \"UAE North\",\r\n        \"West US\",\r\n        \"Central US EUAP\",\r\n        \"East US 2 EUAP\"\r\n      ],\r\n      \"apiVersions\": [\r\n        \"2019-06-01\",\r\n        \"2019-04-01\",\r\n        \"2019-02-01\",\r\n        \"2018-12-01\",\r\n        \"2018-11-01\",\r\n        \"2018-10-01\",\r\n        \"2018-08-01\",\r\n        \"2018-07-01\",\r\n        \"2018-06-01\",\r\n        \"2018-05-01\",\r\n        \"2018-04-01\",\r\n        \"2018-03-01\",\r\n        \"2018-02-01\",\r\n        \"2018-01-01\",\r\n        \"2017-11-01\",\r\n        \"2017-10-01\",\r\n        \"2017-09-01\"\r\n      ],\r\n      \"capabilities\": \"CrossResourceGroupResourceMove, CrossSubscriptionResourceMove\"\r\n    },\r\n    {\r\n      \"resourceType\": \"serviceEndpointPolicies\",\r\n      \"locations\": [\r\n        \"East US\",\r\n        \"North Europe\",\r\n        \"West Europe\",\r\n        \"East Asia\",\r\n        \"Southeast Asia\",\r\n        \"North Central US\",\r\n        \"South Central US\",\r\n        \"Central US\",\r\n        \"East US 2\",\r\n        \"Japan East\",\r\n        \"Japan West\",\r\n        \"Brazil South\",\r\n        \"Australia East\",\r\n        \"Australia Southeast\",\r\n        \"Central India\",\r\n        \"South India\",\r\n        \"West India\",\r\n        \"Canada Central\",\r\n        \"Canada East\",\r\n        \"West Central US\",\r\n        \"West US 2\",\r\n        \"UK West\",\r\n        \"UK South\",\r\n        \"Korea Central\",\r\n        \"Korea South\",\r\n        \"France Central\",\r\n        \"Australia Central\",\r\n        \"Australia Central 2\",\r\n        \"South Africa North\",\r\n        \"UAE North\",\r\n        \"West US\",\r\n        \"Central US EUAP\",\r\n        \"East US 2 EUAP\"\r\n      ],\r\n      \"apiVersions\": [\r\n        \"2019-06-01\",\r\n        \"2019-04-01\",\r\n        \"2019-02-01\",\r\n        \"2018-12-01\",\r\n        \"2018-11-01\",\r\n        \"2018-10-01\",\r\n        \"2018-08-01\",\r\n        \"2018-07-01\",\r\n        \"2018-06-01\",\r\n        \"2018-05-01\",\r\n        \"2018-04-01\",\r\n        \"2018-03-01\",\r\n        \"2018-02-01\",\r\n        \"2018-01-01\"\r\n      ],\r\n      \"capabilities\": \"CrossResourceGroupResourceMove, CrossSubscriptionResourceMove\"\r\n    },\r\n    {\r\n      \"resourceType\": \"networkIntentPolicies\",\r\n      \"locations\": [\r\n        \"East US\",\r\n        \"North Europe\",\r\n        \"West Europe\",\r\n        \"East Asia\",\r\n        \"Southeast Asia\",\r\n        \"North Central US\",\r\n        \"South Central US\",\r\n        \"Central US\",\r\n        \"East US 2\",\r\n        \"Japan East\",\r\n        \"Japan West\",\r\n        \"Brazil South\",\r\n        \"Australia East\",\r\n        \"Australia Southeast\",\r\n        \"Central India\",\r\n        \"South India\",\r\n        \"West India\",\r\n        \"Canada Central\",\r\n        \"Canada East\",\r\n        \"West Central US\",\r\n        \"West US 2\",\r\n        \"UK West\",\r\n        \"UK South\",\r\n        \"Korea Central\",\r\n        \"Korea South\",\r\n        \"France Central\",\r\n        \"France South\",\r\n        \"Australia Central\",\r\n        \"Australia Central 2\",\r\n        \"South Africa North\",\r\n        \"UAE North\",\r\n        \"West US\",\r\n        \"Central US EUAP\",\r\n        \"East US 2 EUAP\"\r\n      ],\r\n      \"apiVersions\": [\r\n        \"2019-06-01\",\r\n        \"2019-04-01\",\r\n        \"2019-02-01\",\r\n        \"2018-12-01\",\r\n        \"2018-11-01\",\r\n        \"2018-10-01\",\r\n        \"2018-08-01\",\r\n        \"2018-07-01\",\r\n        \"2018-06-01\",\r\n        \"2018-05-01\",\r\n        \"2018-04-01\"\r\n      ],\r\n      \"capabilities\": \"CrossResourceGroupResourceMove, CrossSubscriptionResourceMove\"\r\n    },\r\n    {\r\n      \"resourceType\": \"routeTables\",\r\n      \"locations\": [\r\n        \"East US\",\r\n        \"North Europe\",\r\n        \"West Europe\",\r\n        \"East Asia\",\r\n        \"Southeast Asia\",\r\n        \"North Central US\",\r\n        \"South Central US\",\r\n        \"Central US\",\r\n        \"East US 2\",\r\n        \"Japan East\",\r\n        \"Japan West\",\r\n        \"Brazil South\",\r\n        \"Australia East\",\r\n        \"Australia Southeast\",\r\n        \"Central India\",\r\n        \"South India\",\r\n        \"West India\",\r\n        \"Canada Central\",\r\n        \"Canada East\",\r\n        \"West Central US\",\r\n        \"West US 2\",\r\n        \"UK West\",\r\n        \"UK South\",\r\n        \"Korea Central\",\r\n        \"Korea South\",\r\n        \"France Central\",\r\n        \"Australia Central\",\r\n        \"Australia Central 2\",\r\n        \"South Africa North\",\r\n        \"UAE North\",\r\n        \"West US\",\r\n        \"Central US EUAP\",\r\n        \"East US 2 EUAP\"\r\n      ],\r\n      \"apiVersions\": [\r\n        \"2019-06-01\",\r\n        \"2019-04-01\",\r\n        \"2019-02-01\",\r\n        \"2018-12-01\",\r\n        \"2018-11-01\",\r\n        \"2018-10-01\",\r\n        \"2018-08-01\",\r\n        \"2018-07-01\",\r\n        \"2018-06-01\",\r\n        \"2018-05-01\",\r\n        \"2018-04-01\",\r\n        \"2018-03-01\",\r\n        \"2018-02-01\",\r\n        \"2018-01-01\",\r\n        \"2017-11-01\",\r\n        \"2017-10-01\",\r\n        \"2017-09-01\",\r\n        \"2017-08-01\",\r\n        \"2017-06-01\",\r\n        \"2017-04-01\",\r\n        \"2017-03-01\",\r\n        \"2016-12-01\",\r\n        \"2016-11-01\",\r\n        \"2016-10-01\",\r\n        \"2016-09-01\",\r\n        \"2016-08-01\",\r\n        \"2016-07-01\",\r\n        \"2016-06-01\",\r\n        \"2016-03-30\",\r\n        \"2015-06-15\",\r\n        \"2015-05-01-preview\",\r\n        \"2014-12-01-preview\"\r\n      ],\r\n      \"capabilities\": \"CrossResourceGroupResourceMove, CrossSubscriptionResourceMove\"\r\n    },\r\n    {\r\n      \"resourceType\": \"publicIPPrefixes\",\r\n      \"locations\": [\r\n        \"East US\",\r\n        \"North Europe\",\r\n        \"West Europe\",\r\n        \"East Asia\",\r\n        \"Southeast Asia\",\r\n        \"North Central US\",\r\n        \"South Central US\",\r\n        \"Central US\",\r\n        \"East US 2\",\r\n        \"Japan East\",\r\n        \"Japan West\",\r\n        \"Brazil South\",\r\n        \"Australia East\",\r\n        \"Australia Southeast\",\r\n        \"Central India\",\r\n        \"South India\",\r\n        \"West India\",\r\n        \"Canada Central\",\r\n        \"Canada East\",\r\n        \"West Central US\",\r\n        \"West US 2\",\r\n        \"UK West\",\r\n        \"UK South\",\r\n        \"Korea Central\",\r\n        \"Korea South\",\r\n        \"France Central\",\r\n        \"Australia Central\",\r\n        \"Australia Central 2\",\r\n        \"South Africa North\",\r\n        \"UAE North\",\r\n        \"West US\",\r\n        \"Central US EUAP\",\r\n        \"East US 2 EUAP\"\r\n      ],\r\n      \"apiVersions\": [\r\n        \"2019-06-01\",\r\n        \"2019-04-01\",\r\n        \"2019-02-01\",\r\n        \"2018-12-01\",\r\n        \"2018-11-01\",\r\n        \"2018-10-01\",\r\n        \"2018-08-01\",\r\n        \"2018-07-01\"\r\n      ],\r\n      \"zoneMappings\": [\r\n        {\r\n          \"location\": \"East US 2\",\r\n          \"zones\": [\r\n            \"1\",\r\n            \"3\",\r\n            \"2\"\r\n          ]\r\n        },\r\n        {\r\n          \"location\": \"Central US\",\r\n          \"zones\": [\r\n            \"1\",\r\n            \"3\",\r\n            \"2\"\r\n          ]\r\n        },\r\n        {\r\n          \"location\": \"West Europe\",\r\n          \"zones\": [\r\n            \"1\",\r\n            \"3\",\r\n            \"2\"\r\n          ]\r\n        },\r\n        {\r\n          \"location\": \"East US 2 EUAP\",\r\n          \"zones\": [\r\n            \"2\",\r\n            \"1\",\r\n            \"3\"\r\n          ]\r\n        },\r\n        {\r\n          \"location\": \"Central US EUAP\",\r\n          \"zones\": []\r\n        },\r\n        {\r\n          \"location\": \"France Central\",\r\n          \"zones\": [\r\n            \"1\",\r\n            \"3\",\r\n            \"2\"\r\n          ]\r\n        },\r\n        {\r\n          \"location\": \"Southeast Asia\",\r\n          \"zones\": [\r\n            \"1\",\r\n            \"3\",\r\n            \"2\"\r\n          ]\r\n        },\r\n        {\r\n          \"location\": \"West US 2\",\r\n          \"zones\": [\r\n            \"1\",\r\n            \"3\",\r\n            \"2\"\r\n          ]\r\n        },\r\n        {\r\n          \"location\": \"North Europe\",\r\n          \"zones\": []\r\n        },\r\n        {\r\n          \"location\": \"East US\",\r\n          \"zones\": [\r\n            \"1\",\r\n            \"3\",\r\n            \"2\"\r\n          ]\r\n        },\r\n        {\r\n          \"location\": \"UK South\",\r\n          \"zones\": [\r\n            \"1\",\r\n            \"3\",\r\n            \"2\"\r\n          ]\r\n        },\r\n        {\r\n          \"location\": \"Japan East\",\r\n          \"zones\": [\r\n            \"1\",\r\n            \"3\",\r\n            \"2\"\r\n          ]\r\n        },\r\n        {\r\n          \"location\": \"Australia East\",\r\n          \"zones\": []\r\n        }\r\n      ],\r\n      \"capabilities\": \"CrossResourceGroupResourceMove, CrossSubscriptionResourceMove\"\r\n    },\r\n    {\r\n      \"resourceType\": \"ddosCustomPolicies\",\r\n      \"locations\": [\r\n        \"East US\",\r\n        \"North Europe\",\r\n        \"West Europe\",\r\n        \"East Asia\",\r\n        \"Southeast Asia\",\r\n        \"North Central US\",\r\n        \"South Central US\",\r\n        \"Central US\",\r\n        \"East US 2\",\r\n        \"Japan East\",\r\n        \"Japan West\",\r\n        \"Brazil South\",\r\n        \"Australia East\",\r\n        \"Australia Southeast\",\r\n        \"Central India\",\r\n        \"South India\",\r\n        \"West India\",\r\n        \"Canada Central\",\r\n        \"Canada East\",\r\n        \"West Central US\",\r\n        \"West US 2\",\r\n        \"UK West\",\r\n        \"UK South\",\r\n        \"Korea Central\",\r\n        \"Korea South\",\r\n        \"France Central\",\r\n        \"Australia Central\",\r\n        \"Australia Central 2\",\r\n        \"South Africa North\",\r\n        \"UAE North\",\r\n        \"West US\",\r\n        \"Central US EUAP\",\r\n        \"East US 2 EUAP\"\r\n      ],\r\n      \"apiVersions\": [\r\n        \"2019-06-01\",\r\n        \"2019-04-01\",\r\n        \"2019-02-01\",\r\n        \"2018-12-01\",\r\n        \"2018-11-01\",\r\n        \"2018-10-01\"\r\n      ],\r\n      \"capabilities\": \"CrossResourceGroupResourceMove, CrossSubscriptionResourceMove\"\r\n    },\r\n    {\r\n      \"resourceType\": \"networkWatchers\",\r\n      \"locations\": [\r\n        \"East US\",\r\n        \"North Europe\",\r\n        \"West Europe\",\r\n        \"East Asia\",\r\n        \"Southeast Asia\",\r\n        \"North Central US\",\r\n        \"South Central US\",\r\n        \"Central US\",\r\n        \"East US 2\",\r\n        \"Japan East\",\r\n        \"Japan West\",\r\n        \"Brazil South\",\r\n        \"Australia East\",\r\n        \"Australia Southeast\",\r\n        \"Central India\",\r\n        \"South India\",\r\n        \"West India\",\r\n        \"Canada Central\",\r\n        \"Canada East\",\r\n        \"West Central US\",\r\n        \"West US 2\",\r\n        \"UK West\",\r\n        \"UK South\",\r\n        \"Korea Central\",\r\n        \"Korea South\",\r\n        \"France Central\",\r\n        \"Australia Central\",\r\n        \"Australia Central 2\",\r\n        \"South Africa North\",\r\n        \"UAE North\",\r\n        \"West US\",\r\n        \"Central US EUAP\",\r\n        \"East US 2 EUAP\"\r\n      ],\r\n      \"apiVersions\": [\r\n        \"2019-06-01\",\r\n        \"2019-04-01\",\r\n        \"2019-02-01\",\r\n        \"2018-12-01\",\r\n        \"2018-11-01\",\r\n        \"2018-10-01\",\r\n        \"2018-08-01\",\r\n        \"2018-07-01\",\r\n        \"2018-06-01\",\r\n        \"2018-05-01\",\r\n        \"2018-04-01\",\r\n        \"2018-03-01\",\r\n        \"2018-02-01\",\r\n        \"2018-01-01\",\r\n        \"2017-11-01\",\r\n        \"2017-10-01\",\r\n        \"2017-09-01\",\r\n        \"2017-08-01\",\r\n        \"2017-06-01\",\r\n        \"2017-04-01\",\r\n        \"2017-03-01\",\r\n        \"2016-12-01\",\r\n        \"2016-11-01\",\r\n        \"2016-10-01\",\r\n        \"2016-09-01\",\r\n        \"2016-08-01\",\r\n        \"2016-07-01\",\r\n        \"2016-06-01\",\r\n        \"2016-03-30\"\r\n      ],\r\n      \"capabilities\": \"CrossResourceGroupResourceMove, CrossSubscriptionResourceMove\"\r\n    },\r\n    {\r\n      \"resourceType\": \"networkWatchers/connectionMonitors\",\r\n      \"locations\": [\r\n        \"East US\",\r\n        \"North Europe\",\r\n        \"West Europe\",\r\n        \"East Asia\",\r\n        \"Southeast Asia\",\r\n        \"North Central US\",\r\n        \"South Central US\",\r\n        \"Central US\",\r\n        \"East US 2\",\r\n        \"Japan East\",\r\n        \"Japan West\",\r\n        \"Brazil South\",\r\n        \"Australia East\",\r\n        \"Australia Southeast\",\r\n        \"Central India\",\r\n        \"South India\",\r\n        \"West India\",\r\n        \"Canada Central\",\r\n        \"Canada East\",\r\n        \"West Central US\",\r\n        \"West US 2\",\r\n        \"UK West\",\r\n        \"UK South\",\r\n        \"Korea Central\",\r\n        \"Korea South\",\r\n        \"France Central\",\r\n        \"Australia Central\",\r\n        \"Australia Central 2\",\r\n        \"South Africa North\",\r\n        \"UAE North\",\r\n        \"West US\",\r\n        \"Central US EUAP\",\r\n        \"East US 2 EUAP\"\r\n      ],\r\n      \"apiVersions\": [\r\n        \"2019-06-01\",\r\n        \"2019-04-01\",\r\n        \"2019-02-01\",\r\n        \"2018-12-01\",\r\n        \"2018-11-01\",\r\n        \"2018-10-01\",\r\n        \"2018-08-01\",\r\n        \"2018-07-01\",\r\n        \"2018-06-01\",\r\n        \"2018-05-01\",\r\n        \"2018-04-01\",\r\n        \"2018-03-01\",\r\n        \"2018-02-01\",\r\n        \"2018-01-01\",\r\n        \"2017-11-01\",\r\n        \"2017-10-01\",\r\n        \"2017-09-01\"\r\n      ],\r\n      \"capabilities\": \"CrossResourceGroupResourceMove, CrossSubscriptionResourceMove\"\r\n    },\r\n    {\r\n      \"resourceType\": \"networkWatchers/lenses\",\r\n      \"locations\": [\r\n        \"East US\",\r\n        \"North Europe\",\r\n        \"West Europe\",\r\n        \"East Asia\",\r\n        \"Southeast Asia\",\r\n        \"North Central US\",\r\n        \"South Central US\",\r\n        \"Central US\",\r\n        \"East US 2\",\r\n        \"Japan East\",\r\n        \"Japan West\",\r\n        \"Brazil South\",\r\n        \"Australia East\",\r\n        \"Australia Southeast\",\r\n        \"Central India\",\r\n        \"South India\",\r\n        \"West India\",\r\n        \"Canada Central\",\r\n        \"Canada East\",\r\n        \"West Central US\",\r\n        \"West US 2\",\r\n        \"UK West\",\r\n        \"UK South\",\r\n        \"Korea Central\",\r\n        \"Korea South\",\r\n        \"France Central\",\r\n        \"Australia Central\",\r\n        \"Australia Central 2\",\r\n        \"South Africa North\",\r\n        \"UAE North\",\r\n        \"West US\",\r\n        \"Central US EUAP\",\r\n        \"East US 2 EUAP\"\r\n      ],\r\n      \"apiVersions\": [\r\n        \"2019-06-01\",\r\n        \"2019-04-01\",\r\n        \"2019-02-01\",\r\n        \"2018-12-01\",\r\n        \"2018-11-01\",\r\n        \"2018-10-01\",\r\n        \"2018-08-01\",\r\n        \"2018-07-01\",\r\n        \"2018-06-01\",\r\n        \"2018-01-01\",\r\n        \"2017-11-01\",\r\n        \"2017-10-01\",\r\n        \"2017-09-01\"\r\n      ],\r\n      \"capabilities\": \"CrossResourceGroupResourceMove, CrossSubscriptionResourceMove\"\r\n    },\r\n    {\r\n      \"resourceType\": \"networkWatchers/pingMeshes\",\r\n      \"locations\": [\r\n        \"East US\",\r\n        \"North Europe\",\r\n        \"West Europe\",\r\n        \"East Asia\",\r\n        \"Southeast Asia\",\r\n        \"North Central US\",\r\n        \"South Central US\",\r\n        \"Central US\",\r\n        \"East US 2\",\r\n        \"Japan East\",\r\n        \"Japan West\",\r\n        \"Brazil South\",\r\n        \"Australia East\",\r\n        \"Australia Southeast\",\r\n        \"Central India\",\r\n        \"South India\",\r\n        \"West India\",\r\n        \"Canada Central\",\r\n        \"Canada East\",\r\n        \"West Central US\",\r\n        \"West US 2\",\r\n        \"UK West\",\r\n        \"UK South\",\r\n        \"Korea Central\",\r\n        \"Korea South\",\r\n        \"France Central\",\r\n        \"Australia Central\",\r\n        \"Australia Central 2\",\r\n        \"South Africa North\",\r\n        \"UAE North\",\r\n        \"West US\",\r\n        \"Central US EUAP\",\r\n        \"East US 2 EUAP\"\r\n      ],\r\n      \"apiVersions\": [\r\n        \"2019-06-01\",\r\n        \"2019-04-01\",\r\n        \"2019-02-01\",\r\n        \"2018-12-01\",\r\n        \"2018-11-01\",\r\n        \"2018-10-01\",\r\n        \"2018-08-01\",\r\n        \"2018-07-01\",\r\n        \"2018-06-01\",\r\n        \"2018-04-01\",\r\n        \"2018-03-01\",\r\n        \"2018-02-01\",\r\n        \"2018-01-01\",\r\n        \"2017-11-01\",\r\n        \"2017-10-01\",\r\n        \"2017-09-01\"\r\n      ],\r\n      \"capabilities\": \"CrossResourceGroupResourceMove, CrossSubscriptionResourceMove\"\r\n    },\r\n    {\r\n      \"resourceType\": \"virtualNetworkGateways\",\r\n      \"locations\": [\r\n        \"East US\",\r\n        \"North Europe\",\r\n        \"West Europe\",\r\n        \"East Asia\",\r\n        \"Southeast Asia\",\r\n        \"North Central US\",\r\n        \"South Central US\",\r\n        \"Central US\",\r\n        \"East US 2\",\r\n        \"Japan East\",\r\n        \"Japan West\",\r\n        \"Brazil South\",\r\n        \"Australia East\",\r\n        \"Australia Southeast\",\r\n        \"Central India\",\r\n        \"South India\",\r\n        \"West India\",\r\n        \"Canada Central\",\r\n        \"Canada East\",\r\n        \"West Central US\",\r\n        \"West US 2\",\r\n        \"UK West\",\r\n        \"UK South\",\r\n        \"Korea Central\",\r\n        \"Korea South\",\r\n        \"France Central\",\r\n        \"Australia Central\",\r\n        \"Australia Central 2\",\r\n        \"South Africa North\",\r\n        \"UAE North\",\r\n        \"West US\",\r\n        \"Central US EUAP\",\r\n        \"East US 2 EUAP\"\r\n      ],\r\n      \"apiVersions\": [\r\n        \"2019-06-01\",\r\n        \"2019-04-01\",\r\n        \"2019-02-01\",\r\n        \"2018-12-01\",\r\n        \"2018-11-01\",\r\n        \"2018-10-01\",\r\n        \"2018-08-01\",\r\n        \"2018-07-01\",\r\n        \"2018-06-01\",\r\n        \"2018-05-01\",\r\n        \"2018-04-01\",\r\n        \"2018-03-01\",\r\n        \"2018-02-01\",\r\n        \"2018-01-01\",\r\n        \"2017-11-01\",\r\n        \"2017-10-01\",\r\n        \"2017-09-01\",\r\n        \"2017-08-01\",\r\n        \"2017-06-01\",\r\n        \"2017-04-01\",\r\n        \"2017-03-01\",\r\n        \"2016-12-01\",\r\n        \"2016-11-01\",\r\n        \"2016-10-01\",\r\n        \"2016-09-01\",\r\n        \"2016-08-01\",\r\n        \"2016-07-01\",\r\n        \"2016-06-01\",\r\n        \"2016-03-30\",\r\n        \"2015-06-15\",\r\n        \"2015-05-01-preview\",\r\n        \"2014-12-01-preview\"\r\n      ],\r\n      \"capabilities\": \"CrossResourceGroupResourceMove, CrossSubscriptionResourceMove\"\r\n    },\r\n    {\r\n      \"resourceType\": \"localNetworkGateways\",\r\n      \"locations\": [\r\n        \"East US\",\r\n        \"North Europe\",\r\n        \"West Europe\",\r\n        \"East Asia\",\r\n        \"Southeast Asia\",\r\n        \"North Central US\",\r\n        \"South Central US\",\r\n        \"Central US\",\r\n        \"East US 2\",\r\n        \"Japan East\",\r\n        \"Japan West\",\r\n        \"Brazil South\",\r\n        \"Australia East\",\r\n        \"Australia Southeast\",\r\n        \"Central India\",\r\n        \"South India\",\r\n        \"West India\",\r\n        \"Canada Central\",\r\n        \"Canada East\",\r\n        \"West Central US\",\r\n        \"West US 2\",\r\n        \"UK West\",\r\n        \"UK South\",\r\n        \"Korea Central\",\r\n        \"Korea South\",\r\n        \"France Central\",\r\n        \"Australia Central\",\r\n        \"Australia Central 2\",\r\n        \"South Africa North\",\r\n        \"UAE North\",\r\n        \"West US\",\r\n        \"Central US EUAP\",\r\n        \"East US 2 EUAP\"\r\n      ],\r\n      \"apiVersions\": [\r\n        \"2019-06-01\",\r\n        \"2019-04-01\",\r\n        \"2019-02-01\",\r\n        \"2018-12-01\",\r\n        \"2018-11-01\",\r\n        \"2018-10-01\",\r\n        \"2018-08-01\",\r\n        \"2018-07-01\",\r\n        \"2018-06-01\",\r\n        \"2018-05-01\",\r\n        \"2018-04-01\",\r\n        \"2018-03-01\",\r\n        \"2018-02-01\",\r\n        \"2018-01-01\",\r\n        \"2017-11-01\",\r\n        \"2017-10-01\",\r\n        \"2017-09-01\",\r\n        \"2017-08-01\",\r\n        \"2017-06-01\",\r\n        \"2017-04-01\",\r\n        \"2017-03-01\",\r\n        \"2016-12-01\",\r\n        \"2016-11-01\",\r\n        \"2016-10-01\",\r\n        \"2016-09-01\",\r\n        \"2016-08-01\",\r\n        \"2016-07-01\",\r\n        \"2016-06-01\",\r\n        \"2016-03-30\",\r\n        \"2015-06-15\",\r\n        \"2015-05-01-preview\",\r\n        \"2014-12-01-preview\"\r\n      ],\r\n      \"capabilities\": \"CrossResourceGroupResourceMove, CrossSubscriptionResourceMove\"\r\n    },\r\n    {\r\n      \"resourceType\": \"connections\",\r\n      \"locations\": [\r\n        \"East US\",\r\n        \"North Europe\",\r\n        \"West Europe\",\r\n        \"East Asia\",\r\n        \"Southeast Asia\",\r\n        \"North Central US\",\r\n        \"South Central US\",\r\n        \"Central US\",\r\n        \"East US 2\",\r\n        \"Japan East\",\r\n        \"Japan West\",\r\n        \"Brazil South\",\r\n        \"Australia East\",\r\n        \"Australia Southeast\",\r\n        \"Central India\",\r\n        \"South India\",\r\n        \"West India\",\r\n        \"Canada Central\",\r\n        \"Canada East\",\r\n        \"West Central US\",\r\n        \"West US 2\",\r\n        \"UK West\",\r\n        \"UK South\",\r\n        \"Korea Central\",\r\n        \"Korea South\",\r\n        \"France Central\",\r\n        \"Australia Central\",\r\n        \"Australia Central 2\",\r\n        \"South Africa North\",\r\n        \"UAE North\",\r\n        \"West US\",\r\n        \"Central US EUAP\",\r\n        \"East US 2 EUAP\"\r\n      ],\r\n      \"apiVersions\": [\r\n        \"2019-06-01\",\r\n        \"2019-04-01\",\r\n        \"2019-02-01\",\r\n        \"2018-12-01\",\r\n        \"2018-11-01\",\r\n        \"2018-10-01\",\r\n        \"2018-08-01\",\r\n        \"2018-07-01\",\r\n        \"2018-06-01\",\r\n        \"2018-05-01\",\r\n        \"2018-04-01\",\r\n        \"2018-03-01\",\r\n        \"2018-02-01\",\r\n        \"2018-01-01\",\r\n        \"2017-11-01\",\r\n        \"2017-10-01\",\r\n        \"2017-09-01\",\r\n        \"2017-08-01\",\r\n        \"2017-06-01\",\r\n        \"2017-04-01\",\r\n        \"2017-03-01\",\r\n        \"2016-12-01\",\r\n        \"2016-11-01\",\r\n        \"2016-10-01\",\r\n        \"2016-09-01\",\r\n        \"2016-08-01\",\r\n        \"2016-07-01\",\r\n        \"2016-06-01\",\r\n        \"2016-03-30\",\r\n        \"2015-06-15\",\r\n        \"2015-05-01-preview\",\r\n        \"2014-12-01-preview\"\r\n      ],\r\n      \"capabilities\": \"CrossResourceGroupResourceMove, CrossSubscriptionResourceMove\"\r\n    },\r\n    {\r\n      \"resourceType\": \"applicationGateways\",\r\n      \"locations\": [\r\n        \"East US\",\r\n        \"North Europe\",\r\n        \"West Europe\",\r\n        \"East Asia\",\r\n        \"Southeast Asia\",\r\n        \"North Central US\",\r\n        \"South Central US\",\r\n        \"Central US\",\r\n        \"East US 2\",\r\n        \"Japan East\",\r\n        \"Japan West\",\r\n        \"Brazil South\",\r\n        \"Australia East\",\r\n        \"Australia Southeast\",\r\n        \"Central India\",\r\n        \"South India\",\r\n        \"West India\",\r\n        \"Canada Central\",\r\n        \"Canada East\",\r\n        \"West Central US\",\r\n        \"West US 2\",\r\n        \"UK West\",\r\n        \"UK South\",\r\n        \"Korea Central\",\r\n        \"Korea South\",\r\n        \"France Central\",\r\n        \"Australia Central\",\r\n        \"Australia Central 2\",\r\n        \"South Africa North\",\r\n        \"UAE North\",\r\n        \"West US\",\r\n        \"Central US EUAP\",\r\n        \"East US 2 EUAP\"\r\n      ],\r\n      \"apiVersions\": [\r\n        \"2019-06-01\",\r\n        \"2019-04-01\",\r\n        \"2019-02-01\",\r\n        \"2018-12-01\",\r\n        \"2018-11-01\",\r\n        \"2018-10-01\",\r\n        \"2018-08-01\",\r\n        \"2018-07-01\",\r\n        \"2018-06-01\",\r\n        \"2018-05-01\",\r\n        \"2018-04-01\",\r\n        \"2018-03-01\",\r\n        \"2018-02-01\",\r\n        \"2018-01-01\",\r\n        \"2017-11-01\",\r\n        \"2017-10-01\",\r\n        \"2017-09-01\",\r\n        \"2017-08-01\",\r\n        \"2017-06-01\",\r\n        \"2017-04-01\",\r\n        \"2017-03-01\",\r\n        \"2016-12-01\",\r\n        \"2016-11-01\",\r\n        \"2016-10-01\",\r\n        \"2016-09-01\",\r\n        \"2016-08-01\",\r\n        \"2016-07-01\",\r\n        \"2016-06-01\",\r\n        \"2016-03-30\",\r\n        \"2015-06-15\",\r\n        \"2015-05-01-preview\",\r\n        \"2014-12-01-preview\"\r\n      ],\r\n      \"zoneMappings\": [\r\n        {\r\n          \"location\": \"East US 2\",\r\n          \"zones\": [\r\n            \"1\",\r\n            \"3\",\r\n            \"2\"\r\n          ]\r\n        },\r\n        {\r\n          \"location\": \"Central US\",\r\n          \"zones\": [\r\n            \"1\",\r\n            \"3\",\r\n            \"2\"\r\n          ]\r\n        },\r\n        {\r\n          \"location\": \"West Europe\",\r\n          \"zones\": [\r\n            \"1\",\r\n            \"3\",\r\n            \"2\"\r\n          ]\r\n        },\r\n        {\r\n          \"location\": \"East US 2 EUAP\",\r\n          \"zones\": [\r\n            \"2\",\r\n            \"1\",\r\n            \"3\"\r\n          ]\r\n        },\r\n        {\r\n          \"location\": \"Central US EUAP\",\r\n          \"zones\": []\r\n        },\r\n        {\r\n          \"location\": \"France Central\",\r\n          \"zones\": [\r\n            \"1\",\r\n            \"3\",\r\n            \"2\"\r\n          ]\r\n        },\r\n        {\r\n          \"location\": \"Southeast Asia\",\r\n          \"zones\": [\r\n            \"1\",\r\n            \"3\",\r\n            \"2\"\r\n          ]\r\n        },\r\n        {\r\n          \"location\": \"West US 2\",\r\n          \"zones\": [\r\n            \"1\",\r\n            \"3\",\r\n            \"2\"\r\n          ]\r\n        },\r\n        {\r\n          \"location\": \"North Europe\",\r\n          \"zones\": [\r\n            \"1\",\r\n            \"3\",\r\n            \"2\"\r\n          ]\r\n        },\r\n        {\r\n          \"location\": \"East US\",\r\n          \"zones\": [\r\n            \"1\",\r\n            \"3\",\r\n            \"2\"\r\n          ]\r\n        },\r\n        {\r\n          \"location\": \"UK South\",\r\n          \"zones\": [\r\n            \"1\",\r\n            \"3\",\r\n            \"2\"\r\n          ]\r\n        },\r\n        {\r\n          \"location\": \"Japan East\",\r\n          \"zones\": [\r\n            \"1\",\r\n            \"3\",\r\n            \"2\"\r\n          ]\r\n        },\r\n        {\r\n          \"location\": \"Australia East\",\r\n          \"zones\": []\r\n        }\r\n      ],\r\n      \"capabilities\": \"None\"\r\n    },\r\n    {\r\n      \"resourceType\": \"applicationGatewayWebApplicationFirewallPolicies\",\r\n      \"locations\": [\r\n        \"East US\",\r\n        \"North Europe\",\r\n        \"West Europe\",\r\n        \"East Asia\",\r\n        \"Southeast Asia\",\r\n        \"North Central US\",\r\n        \"South Central US\",\r\n        \"Central US\",\r\n        \"East US 2\",\r\n        \"Japan East\",\r\n        \"Japan West\",\r\n        \"Brazil South\",\r\n        \"Australia East\",\r\n        \"Australia Southeast\",\r\n        \"Central India\",\r\n        \"South India\",\r\n        \"West India\",\r\n        \"Canada Central\",\r\n        \"Canada East\",\r\n        \"West Central US\",\r\n        \"West US 2\",\r\n        \"UK West\",\r\n        \"UK South\",\r\n        \"Korea Central\",\r\n        \"Korea South\",\r\n        \"France Central\",\r\n        \"Australia Central\",\r\n        \"Australia Central 2\",\r\n        \"West US\",\r\n        \"Central US EUAP\",\r\n        \"East US 2 EUAP\"\r\n      ],\r\n      \"apiVersions\": [\r\n        \"2019-06-01\",\r\n        \"2019-04-01\",\r\n        \"2019-02-01\",\r\n        \"2018-12-01\"\r\n      ],\r\n      \"capabilities\": \"None\"\r\n    },\r\n    {\r\n      \"resourceType\": \"locations\",\r\n      \"locations\": [],\r\n      \"apiVersions\": [\r\n        \"2019-06-01\",\r\n        \"2019-04-01\",\r\n        \"2019-02-01\",\r\n        \"2018-12-01\",\r\n        \"2018-11-01\",\r\n        \"2018-10-01\",\r\n        \"2018-08-01\",\r\n        \"2018-07-01\",\r\n        \"2018-06-01\",\r\n        \"2018-05-01\",\r\n        \"2018-04-01\",\r\n        \"2018-03-01\",\r\n        \"2018-02-01\",\r\n        \"2018-01-01\",\r\n        \"2017-11-01\",\r\n        \"2017-10-01\",\r\n        \"2017-09-01\",\r\n        \"2017-08-01\",\r\n        \"2017-06-01\",\r\n        \"2017-04-01\",\r\n        \"2017-03-01\",\r\n        \"2016-12-01\",\r\n        \"2016-11-01\",\r\n        \"2016-10-01\",\r\n        \"2016-09-01\",\r\n        \"2016-08-01\",\r\n        \"2016-07-01\",\r\n        \"2016-06-01\",\r\n        \"2016-03-30\",\r\n        \"2015-06-15\",\r\n        \"2015-05-01-preview\",\r\n        \"2014-12-01-preview\"\r\n      ]\r\n    },\r\n    {\r\n      \"resourceType\": \"locations/operations\",\r\n      \"locations\": [],\r\n      \"apiVersions\": [\r\n        \"2019-06-01\",\r\n        \"2019-04-01\",\r\n        \"2019-02-01\",\r\n        \"2018-12-01\",\r\n        \"2018-11-01\",\r\n        \"2018-10-01\",\r\n        \"2018-08-01\",\r\n        \"2018-07-01\",\r\n        \"2018-06-01\",\r\n        \"2018-05-01\",\r\n        \"2018-04-01\",\r\n        \"2018-03-01\",\r\n        \"2018-02-01\",\r\n        \"2018-01-01\",\r\n        \"2017-11-01\",\r\n        \"2017-10-01\",\r\n        \"2017-09-01\",\r\n        \"2017-08-01\",\r\n        \"2017-06-01\",\r\n        \"2017-04-01\",\r\n        \"2017-03-01\",\r\n        \"2016-12-01\",\r\n        \"2016-11-01\",\r\n        \"2016-10-01\",\r\n        \"2016-09-01\",\r\n        \"2016-08-01\",\r\n        \"2016-07-01\",\r\n        \"2016-06-01\",\r\n        \"2016-03-30\",\r\n        \"2015-06-15\",\r\n        \"2015-05-01-preview\",\r\n        \"2014-12-01-preview\"\r\n      ]\r\n    },\r\n    {\r\n      \"resourceType\": \"locations/operationResults\",\r\n      \"locations\": [],\r\n      \"apiVersions\": [\r\n        \"2019-06-01\",\r\n        \"2019-04-01\",\r\n        \"2019-02-01\",\r\n        \"2018-12-01\",\r\n        \"2018-11-01\",\r\n        \"2018-10-01\",\r\n        \"2018-08-01\",\r\n        \"2018-07-01\",\r\n        \"2018-06-01\",\r\n        \"2018-05-01\",\r\n        \"2018-04-01\",\r\n        \"2018-03-01\",\r\n        \"2018-02-01\",\r\n        \"2018-01-01\",\r\n        \"2017-11-01\",\r\n        \"2017-10-01\",\r\n        \"2017-09-01\",\r\n        \"2017-08-01\",\r\n        \"2017-06-01\",\r\n        \"2017-04-01\",\r\n        \"2017-03-01\",\r\n        \"2016-12-01\",\r\n        \"2016-11-01\",\r\n        \"2016-10-01\",\r\n        \"2016-09-01\",\r\n        \"2016-08-01\",\r\n        \"2016-07-01\",\r\n        \"2016-06-01\",\r\n        \"2016-03-30\",\r\n        \"2015-06-15\",\r\n        \"2015-05-01-preview\",\r\n        \"2014-12-01-preview\"\r\n      ]\r\n    },\r\n    {\r\n      \"resourceType\": \"locations/CheckDnsNameAvailability\",\r\n      \"locations\": [\r\n        \"East US\",\r\n        \"North Europe\",\r\n        \"West Europe\",\r\n        \"East Asia\",\r\n        \"Southeast Asia\",\r\n        \"North Central US\",\r\n        \"South Central US\",\r\n        \"Central US\",\r\n        \"East US 2\",\r\n        \"Japan East\",\r\n        \"Japan West\",\r\n        \"Brazil South\",\r\n        \"Australia East\",\r\n        \"Australia Southeast\",\r\n        \"Central India\",\r\n        \"South India\",\r\n        \"West India\",\r\n        \"Canada Central\",\r\n        \"Canada East\",\r\n        \"West Central US\",\r\n        \"West US 2\",\r\n        \"UK West\",\r\n        \"UK South\",\r\n        \"Korea Central\",\r\n        \"Korea South\",\r\n        \"France Central\",\r\n        \"Australia Central\",\r\n        \"Australia Central 2\",\r\n        \"South Africa North\",\r\n        \"UAE North\",\r\n        \"West US\",\r\n        \"Central US EUAP\",\r\n        \"East US 2 EUAP\"\r\n      ],\r\n      \"apiVersions\": [\r\n        \"2019-06-01\",\r\n        \"2019-04-01\",\r\n        \"2019-02-01\",\r\n        \"2018-12-01\",\r\n        \"2018-11-01\",\r\n        \"2018-10-01\",\r\n        \"2018-08-01\",\r\n        \"2018-07-01\",\r\n        \"2018-06-01\",\r\n        \"2018-05-01\",\r\n        \"2018-04-01\",\r\n        \"2018-03-01\",\r\n        \"2018-02-01\",\r\n        \"2018-01-01\",\r\n        \"2017-11-01\",\r\n        \"2017-10-01\",\r\n        \"2017-09-01\",\r\n        \"2017-08-01\",\r\n        \"2017-06-01\",\r\n        \"2017-04-01\",\r\n        \"2017-03-01\",\r\n        \"2016-12-01\",\r\n        \"2016-11-01\",\r\n        \"2016-10-01\",\r\n        \"2016-09-01\",\r\n        \"2016-08-01\",\r\n        \"2016-07-01\",\r\n        \"2016-06-01\",\r\n        \"2016-03-30\",\r\n        \"2015-06-15\",\r\n        \"2015-05-01-preview\",\r\n        \"2014-12-01-preview\"\r\n      ]\r\n    },\r\n    {\r\n      \"resourceType\": \"locations/usages\",\r\n      \"locations\": [\r\n        \"East US\",\r\n        \"North Europe\",\r\n        \"West Europe\",\r\n        \"East Asia\",\r\n        \"Southeast Asia\",\r\n        \"North Central US\",\r\n        \"South Central US\",\r\n        \"Central US\",\r\n        \"East US 2\",\r\n        \"Japan East\",\r\n        \"Japan West\",\r\n        \"Brazil South\",\r\n        \"Australia East\",\r\n        \"Australia Southeast\",\r\n        \"Central India\",\r\n        \"South India\",\r\n        \"West India\",\r\n        \"Canada Central\",\r\n        \"Canada East\",\r\n        \"West Central US\",\r\n        \"West US 2\",\r\n        \"UK West\",\r\n        \"UK South\",\r\n        \"Korea Central\",\r\n        \"Korea South\",\r\n        \"France Central\",\r\n        \"Australia Central\",\r\n        \"Australia Central 2\",\r\n        \"South Africa North\",\r\n        \"UAE North\",\r\n        \"West US\",\r\n        \"Central US EUAP\",\r\n        \"East US 2 EUAP\"\r\n      ],\r\n      \"apiVersions\": [\r\n        \"2019-06-01\",\r\n        \"2019-04-01\",\r\n        \"2019-02-01\",\r\n        \"2018-12-01\",\r\n        \"2018-11-01\",\r\n        \"2018-10-01\",\r\n        \"2018-08-01\",\r\n        \"2018-07-01\",\r\n        \"2018-06-01\",\r\n        \"2018-05-01\",\r\n        \"2018-04-01\",\r\n        \"2018-03-01\",\r\n        \"2018-02-01\",\r\n        \"2018-01-01\",\r\n        \"2017-11-01\",\r\n        \"2017-10-01\",\r\n        \"2017-09-01\",\r\n        \"2017-08-01\",\r\n        \"2017-06-01\",\r\n        \"2017-04-01\",\r\n        \"2017-03-01\",\r\n        \"2016-12-01\",\r\n        \"2016-11-01\",\r\n        \"2016-10-01\",\r\n        \"2016-09-01\",\r\n        \"2016-08-01\",\r\n        \"2016-07-01\",\r\n        \"2016-06-01\",\r\n        \"2016-03-30\",\r\n        \"2015-06-15\",\r\n        \"2015-05-01-preview\",\r\n        \"2014-12-01-preview\"\r\n      ]\r\n    },\r\n    {\r\n      \"resourceType\": \"locations/virtualNetworkAvailableEndpointServices\",\r\n      \"locations\": [\r\n        \"East US\",\r\n        \"North Europe\",\r\n        \"West Europe\",\r\n        \"East Asia\",\r\n        \"Southeast Asia\",\r\n        \"North Central US\",\r\n        \"South Central US\",\r\n        \"Central US\",\r\n        \"East US 2\",\r\n        \"Japan East\",\r\n        \"Japan West\",\r\n        \"Brazil South\",\r\n        \"Australia East\",\r\n        \"Australia Southeast\",\r\n        \"Central India\",\r\n        \"South India\",\r\n        \"West India\",\r\n        \"Canada Central\",\r\n        \"Canada East\",\r\n        \"West Central US\",\r\n        \"West US 2\",\r\n        \"UK West\",\r\n        \"UK South\",\r\n        \"Korea Central\",\r\n        \"Korea South\",\r\n        \"France Central\",\r\n        \"Australia Central\",\r\n        \"Australia Central 2\",\r\n        \"South Africa North\",\r\n        \"UAE North\",\r\n        \"West US\",\r\n        \"Central US EUAP\",\r\n        \"East US 2 EUAP\"\r\n      ],\r\n      \"apiVersions\": [\r\n        \"2019-06-01\",\r\n        \"2019-04-01\",\r\n        \"2019-02-01\",\r\n        \"2018-12-01\",\r\n        \"2018-11-01\",\r\n        \"2018-10-01\",\r\n        \"2018-08-01\",\r\n        \"2018-07-01\",\r\n        \"2018-06-01\",\r\n        \"2018-05-01\",\r\n        \"2018-04-01\",\r\n        \"2018-03-01\",\r\n        \"2018-02-01\",\r\n        \"2018-01-01\",\r\n        \"2017-11-01\",\r\n        \"2017-10-01\",\r\n        \"2017-09-01\",\r\n        \"2017-08-01\",\r\n        \"2017-06-01\",\r\n        \"2017-04-01\"\r\n      ]\r\n    },\r\n    {\r\n      \"resourceType\": \"locations/availableDelegations\",\r\n      \"locations\": [\r\n        \"East US\",\r\n        \"North Europe\",\r\n        \"West Europe\",\r\n        \"East Asia\",\r\n        \"Southeast Asia\",\r\n        \"North Central US\",\r\n        \"South Central US\",\r\n        \"Central US\",\r\n        \"East US 2\",\r\n        \"Japan East\",\r\n        \"Japan West\",\r\n        \"Brazil South\",\r\n        \"Australia East\",\r\n        \"Australia Southeast\",\r\n        \"Central India\",\r\n        \"South India\",\r\n        \"West India\",\r\n        \"Canada Central\",\r\n        \"Canada East\",\r\n        \"West Central US\",\r\n        \"West US 2\",\r\n        \"UK West\",\r\n        \"UK South\",\r\n        \"Korea Central\",\r\n        \"Korea South\",\r\n        \"France Central\",\r\n        \"Australia Central\",\r\n        \"Australia Central 2\",\r\n        \"South Africa North\",\r\n        \"UAE North\",\r\n        \"West US\",\r\n        \"Central US EUAP\",\r\n        \"East US 2 EUAP\"\r\n      ],\r\n      \"apiVersions\": [\r\n        \"2019-06-01\",\r\n        \"2019-04-01\",\r\n        \"2019-02-01\",\r\n        \"2018-12-01\",\r\n        \"2018-11-01\",\r\n        \"2018-10-01\",\r\n        \"2018-08-01\",\r\n        \"2018-07-01\",\r\n        \"2018-06-01\",\r\n        \"2018-05-01\",\r\n        \"2018-04-01\"\r\n      ]\r\n    },\r\n    {\r\n      \"resourceType\": \"locations/serviceTags\",\r\n      \"locations\": [\r\n        \"East US\",\r\n        \"North Europe\",\r\n        \"West Europe\",\r\n        \"East Asia\",\r\n        \"Southeast Asia\",\r\n        \"North Central US\",\r\n        \"South Central US\",\r\n        \"Central US\",\r\n        \"East US 2\",\r\n        \"Japan East\",\r\n        \"Japan West\",\r\n        \"Brazil South\",\r\n        \"Australia East\",\r\n        \"Australia Southeast\",\r\n        \"Central India\",\r\n        \"South India\",\r\n        \"West India\",\r\n        \"Canada Central\",\r\n        \"Canada East\",\r\n        \"West Central US\",\r\n        \"West US 2\",\r\n        \"UK West\",\r\n        \"UK South\",\r\n        \"Korea Central\",\r\n        \"Korea South\",\r\n        \"France Central\",\r\n        \"Australia Central\",\r\n        \"Australia Central 2\",\r\n        \"South Africa North\",\r\n        \"UAE North\",\r\n        \"West US\",\r\n        \"Central US EUAP\",\r\n        \"East US 2 EUAP\"\r\n      ],\r\n      \"apiVersions\": [\r\n        \"2019-06-01\",\r\n        \"2019-04-01\",\r\n        \"2019-02-01\"\r\n      ]\r\n    },\r\n    {\r\n      \"resourceType\": \"locations/availablePrivateEndpointTypes\",\r\n      \"locations\": [\r\n        \"East US\",\r\n        \"North Europe\",\r\n        \"West Europe\",\r\n        \"East Asia\",\r\n        \"Southeast Asia\",\r\n        \"North Central US\",\r\n        \"South Central US\",\r\n        \"Central US\",\r\n        \"East US 2\",\r\n        \"Japan East\",\r\n        \"Japan West\",\r\n        \"Brazil South\",\r\n        \"Australia East\",\r\n        \"Australia Southeast\",\r\n        \"Central India\",\r\n        \"South India\",\r\n        \"West India\",\r\n        \"Canada Central\",\r\n        \"Canada East\",\r\n        \"West Central US\",\r\n        \"West US 2\",\r\n        \"UK West\",\r\n        \"UK South\",\r\n        \"Korea Central\",\r\n        \"Korea South\",\r\n        \"France Central\",\r\n        \"Australia Central\",\r\n        \"Australia Central 2\",\r\n        \"South Africa North\",\r\n        \"UAE North\",\r\n        \"West US\",\r\n        \"Central US EUAP\",\r\n        \"East US 2 EUAP\"\r\n      ],\r\n      \"apiVersions\": [\r\n        \"2019-06-01\",\r\n        \"2019-04-01\",\r\n        \"2019-02-01\"\r\n      ]\r\n    },\r\n    {\r\n      \"resourceType\": \"locations/checkPrivateLinkServiceVisibility\",\r\n      \"locations\": [\r\n        \"East US\",\r\n        \"North Europe\",\r\n        \"West Europe\",\r\n        \"East Asia\",\r\n        \"Southeast Asia\",\r\n        \"North Central US\",\r\n        \"South Central US\",\r\n        \"Central US\",\r\n        \"East US 2\",\r\n        \"Japan East\",\r\n        \"Japan West\",\r\n        \"Brazil South\",\r\n        \"Australia East\",\r\n        \"Australia Southeast\",\r\n        \"Central India\",\r\n        \"South India\",\r\n        \"West India\",\r\n        \"Canada Central\",\r\n        \"Canada East\",\r\n        \"West Central US\",\r\n        \"West US 2\",\r\n        \"UK West\",\r\n        \"UK South\",\r\n        \"Korea Central\",\r\n        \"Korea South\",\r\n        \"France Central\",\r\n        \"Australia Central\",\r\n        \"Australia Central 2\",\r\n        \"South Africa North\",\r\n        \"UAE North\",\r\n        \"West US\",\r\n        \"Central US EUAP\",\r\n        \"East US 2 EUAP\"\r\n      ],\r\n      \"apiVersions\": [\r\n        \"2019-06-01\",\r\n        \"2019-04-01\"\r\n      ]\r\n    },\r\n    {\r\n      \"resourceType\": \"locations/autoApprovedPrivateLinkServices\",\r\n      \"locations\": [\r\n        \"East US\",\r\n        \"North Europe\",\r\n        \"West Europe\",\r\n        \"East Asia\",\r\n        \"Southeast Asia\",\r\n        \"North Central US\",\r\n        \"South Central US\",\r\n        \"Central US\",\r\n        \"East US 2\",\r\n        \"Japan East\",\r\n        \"Japan West\",\r\n        \"Brazil South\",\r\n        \"Australia East\",\r\n        \"Australia Southeast\",\r\n        \"Central India\",\r\n        \"South India\",\r\n        \"West India\",\r\n        \"Canada Central\",\r\n        \"Canada East\",\r\n        \"West Central US\",\r\n        \"West US 2\",\r\n        \"UK West\",\r\n        \"UK South\",\r\n        \"Korea Central\",\r\n        \"Korea South\",\r\n        \"France Central\",\r\n        \"Australia Central\",\r\n        \"Australia Central 2\",\r\n        \"South Africa North\",\r\n        \"UAE North\",\r\n        \"West US\",\r\n        \"Central US EUAP\",\r\n        \"East US 2 EUAP\"\r\n      ],\r\n      \"apiVersions\": [\r\n        \"2019-06-01\",\r\n        \"2019-04-01\"\r\n      ]\r\n    },\r\n    {\r\n      \"resourceType\": \"locations/supportedVirtualMachineSizes\",\r\n      \"locations\": [\r\n        \"East US\",\r\n        \"North Europe\",\r\n        \"West Europe\",\r\n        \"East Asia\",\r\n        \"Southeast Asia\",\r\n        \"North Central US\",\r\n        \"South Central US\",\r\n        \"Central US\",\r\n        \"East US 2\",\r\n        \"Japan East\",\r\n        \"Japan West\",\r\n        \"Brazil South\",\r\n        \"Australia East\",\r\n        \"Australia Southeast\",\r\n        \"Central India\",\r\n        \"South India\",\r\n        \"West India\",\r\n        \"Canada Central\",\r\n        \"Canada East\",\r\n        \"West Central US\",\r\n        \"West US 2\",\r\n        \"UK West\",\r\n        \"UK South\",\r\n        \"Korea Central\",\r\n        \"Korea South\",\r\n        \"France Central\",\r\n        \"Australia Central\",\r\n        \"Australia Central 2\",\r\n        \"South Africa North\",\r\n        \"UAE North\",\r\n        \"West US\",\r\n        \"Central US EUAP\",\r\n        \"East US 2 EUAP\"\r\n      ],\r\n      \"apiVersions\": [\r\n        \"2019-06-01\",\r\n        \"2019-04-01\",\r\n        \"2019-02-01\",\r\n        \"2018-12-01\",\r\n        \"2018-11-01\",\r\n        \"2018-10-01\",\r\n        \"2018-08-01\",\r\n        \"2018-07-01\",\r\n        \"2018-06-01\",\r\n        \"2018-05-01\",\r\n        \"2018-04-01\"\r\n      ]\r\n    },\r\n    {\r\n      \"resourceType\": \"locations/checkAcceleratedNetworkingSupport\",\r\n      \"locations\": [\r\n        \"East US\",\r\n        \"North Europe\",\r\n        \"West Europe\",\r\n        \"East Asia\",\r\n        \"Southeast Asia\",\r\n        \"North Central US\",\r\n        \"South Central US\",\r\n        \"Central US\",\r\n        \"East US 2\",\r\n        \"Japan East\",\r\n        \"Japan West\",\r\n        \"Brazil South\",\r\n        \"Australia East\",\r\n        \"Australia Southeast\",\r\n        \"Central India\",\r\n        \"South India\",\r\n        \"West India\",\r\n        \"Canada Central\",\r\n        \"Canada East\",\r\n        \"West Central US\",\r\n        \"West US 2\",\r\n        \"UK West\",\r\n        \"UK South\",\r\n        \"Korea Central\",\r\n        \"Korea South\",\r\n        \"France Central\",\r\n        \"Australia Central\",\r\n        \"Australia Central 2\",\r\n        \"South Africa North\",\r\n        \"UAE North\",\r\n        \"West US\",\r\n        \"Central US EUAP\",\r\n        \"East US 2 EUAP\"\r\n      ],\r\n      \"apiVersions\": [\r\n        \"2019-06-01\",\r\n        \"2019-04-01\",\r\n        \"2019-02-01\",\r\n        \"2018-12-01\",\r\n        \"2018-11-01\",\r\n        \"2018-10-01\",\r\n        \"2018-08-01\",\r\n        \"2018-07-01\",\r\n        \"2018-06-01\",\r\n        \"2018-05-01\",\r\n        \"2018-04-01\"\r\n      ]\r\n    },\r\n    {\r\n      \"resourceType\": \"locations/validateResourceOwnership\",\r\n      \"locations\": [\r\n        \"East US\",\r\n        \"North Europe\",\r\n        \"West Europe\",\r\n        \"East Asia\",\r\n        \"Southeast Asia\",\r\n        \"North Central US\",\r\n        \"South Central US\",\r\n        \"Central US\",\r\n        \"East US 2\",\r\n        \"Japan East\",\r\n        \"Japan West\",\r\n        \"Brazil South\",\r\n        \"Australia East\",\r\n        \"Australia Southeast\",\r\n        \"Central India\",\r\n        \"South India\",\r\n        \"West India\",\r\n        \"Canada Central\",\r\n        \"Canada East\",\r\n        \"West Central US\",\r\n        \"West US 2\",\r\n        \"UK West\",\r\n        \"UK South\",\r\n        \"Korea Central\",\r\n        \"Korea South\",\r\n        \"France Central\",\r\n        \"Australia Central\",\r\n        \"Australia Central 2\",\r\n        \"South Africa North\",\r\n        \"UAE North\",\r\n        \"West US\",\r\n        \"Central US EUAP\",\r\n        \"East US 2 EUAP\"\r\n      ],\r\n      \"apiVersions\": [\r\n        \"2019-06-01\",\r\n        \"2019-04-01\",\r\n        \"2019-02-01\",\r\n        \"2018-12-01\",\r\n        \"2018-11-01\",\r\n        \"2018-10-01\",\r\n        \"2018-08-01\",\r\n        \"2018-07-01\",\r\n        \"2018-06-01\",\r\n        \"2018-05-01\",\r\n        \"2018-04-01\"\r\n      ]\r\n    },\r\n    {\r\n      \"resourceType\": \"locations/setResourceOwnership\",\r\n      \"locations\": [\r\n        \"East US\",\r\n        \"North Europe\",\r\n        \"West Europe\",\r\n        \"East Asia\",\r\n        \"Southeast Asia\",\r\n        \"North Central US\",\r\n        \"South Central US\",\r\n        \"Central US\",\r\n        \"East US 2\",\r\n        \"Japan East\",\r\n        \"Japan West\",\r\n        \"Brazil South\",\r\n        \"Australia East\",\r\n        \"Australia Southeast\",\r\n        \"Central India\",\r\n        \"South India\",\r\n        \"West India\",\r\n        \"Canada Central\",\r\n        \"Canada East\",\r\n        \"West Central US\",\r\n        \"West US 2\",\r\n        \"UK West\",\r\n        \"UK South\",\r\n        \"Korea Central\",\r\n        \"Korea South\",\r\n        \"France Central\",\r\n        \"Australia Central\",\r\n        \"Australia Central 2\",\r\n        \"South Africa North\",\r\n        \"UAE North\",\r\n        \"West US\",\r\n        \"Central US EUAP\",\r\n        \"East US 2 EUAP\"\r\n      ],\r\n      \"apiVersions\": [\r\n        \"2019-06-01\",\r\n        \"2019-04-01\",\r\n        \"2019-02-01\",\r\n        \"2018-12-01\",\r\n        \"2018-11-01\",\r\n        \"2018-10-01\",\r\n        \"2018-08-01\",\r\n        \"2018-07-01\",\r\n        \"2018-06-01\",\r\n        \"2018-05-01\",\r\n        \"2018-04-01\"\r\n      ]\r\n    },\r\n    {\r\n      \"resourceType\": \"locations/effectiveResourceOwnership\",\r\n      \"locations\": [\r\n        \"East US\",\r\n        \"North Europe\",\r\n        \"West Europe\",\r\n        \"East Asia\",\r\n        \"Southeast Asia\",\r\n        \"North Central US\",\r\n        \"South Central US\",\r\n        \"Central US\",\r\n        \"East US 2\",\r\n        \"Japan East\",\r\n        \"Japan West\",\r\n        \"Brazil South\",\r\n        \"Australia East\",\r\n        \"Australia Southeast\",\r\n        \"Central India\",\r\n        \"South India\",\r\n        \"West India\",\r\n        \"Canada Central\",\r\n        \"Canada East\",\r\n        \"West Central US\",\r\n        \"West US 2\",\r\n        \"UK West\",\r\n        \"UK South\",\r\n        \"Korea Central\",\r\n        \"Korea South\",\r\n        \"France Central\",\r\n        \"Australia Central\",\r\n        \"Australia Central 2\",\r\n        \"South Africa North\",\r\n        \"UAE North\",\r\n        \"West US\",\r\n        \"Central US EUAP\",\r\n        \"East US 2 EUAP\"\r\n      ],\r\n      \"apiVersions\": [\r\n        \"2019-06-01\",\r\n        \"2019-04-01\",\r\n        \"2019-02-01\",\r\n        \"2018-12-01\",\r\n        \"2018-11-01\",\r\n        \"2018-10-01\",\r\n        \"2018-08-01\",\r\n        \"2018-07-01\",\r\n        \"2018-06-01\",\r\n        \"2018-05-01\",\r\n        \"2018-04-01\"\r\n      ]\r\n    },\r\n    {\r\n      \"resourceType\": \"operations\",\r\n      \"locations\": [],\r\n      \"apiVersions\": [\r\n        \"2019-06-01\",\r\n        \"2019-04-01\",\r\n        \"2019-02-01\",\r\n        \"2018-12-01\",\r\n        \"2018-11-01\",\r\n        \"2018-10-01\",\r\n        \"2018-08-01\",\r\n        \"2018-07-01\",\r\n        \"2018-06-01\",\r\n        \"2018-05-01\",\r\n        \"2018-04-01\",\r\n        \"2018-03-01\",\r\n        \"2018-02-01\",\r\n        \"2018-01-01\",\r\n        \"2017-11-01\",\r\n        \"2017-10-01\",\r\n        \"2017-09-01\",\r\n        \"2017-08-01\",\r\n        \"2017-06-01\",\r\n        \"2017-04-01\",\r\n        \"2017-03-01\",\r\n        \"2016-12-01\",\r\n        \"2016-11-01\",\r\n        \"2016-10-01\",\r\n        \"2016-09-01\",\r\n        \"2016-08-01\",\r\n        \"2016-07-01\",\r\n        \"2016-06-01\",\r\n        \"2016-03-30\",\r\n        \"2015-06-15\",\r\n        \"2015-05-01-preview\",\r\n        \"2014-12-01-preview\"\r\n      ]\r\n    },\r\n    {\r\n      \"resourceType\": \"privateDnsZones\",\r\n      \"locations\": [\r\n        \"global\"\r\n      ],\r\n      \"apiVersions\": [\r\n        \"2018-09-01\"\r\n      ],\r\n      \"capabilities\": \"CrossResourceGroupResourceMove, CrossSubscriptionResourceMove\"\r\n    },\r\n    {\r\n      \"resourceType\": \"privateDnsZones/virtualNetworkLinks\",\r\n      \"locations\": [\r\n        \"global\"\r\n      ],\r\n      \"apiVersions\": [\r\n        \"2018-09-01\"\r\n      ],\r\n      \"capabilities\": \"CrossResourceGroupResourceMove, CrossSubscriptionResourceMove\"\r\n    },\r\n    {\r\n      \"resourceType\": \"privateDnsOperationResults\",\r\n      \"locations\": [\r\n        \"global\"\r\n      ],\r\n      \"apiVersions\": [\r\n        \"2018-09-01\"\r\n      ]\r\n    },\r\n    {\r\n      \"resourceType\": \"privateDnsOperationStatuses\",\r\n      \"locations\": [\r\n        \"global\"\r\n      ],\r\n      \"apiVersions\": [\r\n        \"2018-09-01\"\r\n      ]\r\n    },\r\n    {\r\n      \"resourceType\": \"privateDnsZones/A\",\r\n      \"locations\": [\r\n        \"global\"\r\n      ],\r\n      \"apiVersions\": [\r\n        \"2018-09-01\"\r\n      ]\r\n    },\r\n    {\r\n      \"resourceType\": \"privateDnsZones/AAAA\",\r\n      \"locations\": [\r\n        \"global\"\r\n      ],\r\n      \"apiVersions\": [\r\n        \"2018-09-01\"\r\n      ]\r\n    },\r\n    {\r\n      \"resourceType\": \"privateDnsZones/CNAME\",\r\n      \"locations\": [\r\n        \"global\"\r\n      ],\r\n      \"apiVersions\": [\r\n        \"2018-09-01\"\r\n      ]\r\n    },\r\n    {\r\n      \"resourceType\": \"privateDnsZones/PTR\",\r\n      \"locations\": [\r\n        \"global\"\r\n      ],\r\n      \"apiVersions\": [\r\n        \"2018-09-01\"\r\n      ]\r\n    },\r\n    {\r\n      \"resourceType\": \"privateDnsZones/MX\",\r\n      \"locations\": [\r\n        \"global\"\r\n      ],\r\n      \"apiVersions\": [\r\n        \"2018-09-01\"\r\n      ]\r\n    },\r\n    {\r\n      \"resourceType\": \"privateDnsZones/TXT\",\r\n      \"locations\": [\r\n        \"global\"\r\n      ],\r\n      \"apiVersions\": [\r\n        \"2018-09-01\"\r\n      ]\r\n    },\r\n    {\r\n      \"resourceType\": \"privateDnsZones/SRV\",\r\n      \"locations\": [\r\n        \"global\"\r\n      ],\r\n      \"apiVersions\": [\r\n        \"2018-09-01\"\r\n      ]\r\n    },\r\n    {\r\n      \"resourceType\": \"privateDnsZones/SOA\",\r\n      \"locations\": [\r\n        \"global\"\r\n      ],\r\n      \"apiVersions\": [\r\n        \"2018-09-01\"\r\n      ]\r\n    },\r\n    {\r\n      \"resourceType\": \"privateDnsZones/all\",\r\n      \"locations\": [\r\n        \"global\"\r\n      ],\r\n      \"apiVersions\": [\r\n        \"2018-09-01\"\r\n      ]\r\n    },\r\n    {\r\n      \"resourceType\": \"trafficmanagerprofiles\",\r\n      \"locations\": [\r\n        \"global\"\r\n      ],\r\n      \"apiVersions\": [\r\n        \"2018-08-01\",\r\n        \"2018-04-01\",\r\n        \"2018-03-01\",\r\n        \"2018-02-01\",\r\n        \"2017-05-01\",\r\n        \"2017-03-01\",\r\n        \"2015-11-01\",\r\n        \"2015-04-28-preview\"\r\n      ],\r\n      \"capabilities\": \"CrossResourceGroupResourceMove, CrossSubscriptionResourceMove\"\r\n    },\r\n    {\r\n      \"resourceType\": \"trafficmanagerprofiles/heatMaps\",\r\n      \"locations\": [\r\n        \"global\"\r\n      ],\r\n      \"apiVersions\": [\r\n        \"2018-08-01\",\r\n        \"2018-04-01\",\r\n        \"2018-03-01\",\r\n        \"2018-02-01\",\r\n        \"2017-09-01-preview\"\r\n      ]\r\n    },\r\n    {\r\n      \"resourceType\": \"checkTrafficManagerNameAvailability\",\r\n      \"locations\": [\r\n        \"global\"\r\n      ],\r\n      \"apiVersions\": [\r\n        \"2018-08-01\",\r\n        \"2018-04-01\",\r\n        \"2018-03-01\",\r\n        \"2018-02-01\",\r\n        \"2017-05-01\",\r\n        \"2017-03-01\",\r\n        \"2015-11-01\",\r\n        \"2015-04-28-preview\"\r\n      ]\r\n    },\r\n    {\r\n      \"resourceType\": \"trafficManagerUserMetricsKeys\",\r\n      \"locations\": [\r\n        \"global\"\r\n      ],\r\n      \"apiVersions\": [\r\n        \"2018-08-01\",\r\n        \"2018-04-01\",\r\n        \"2017-09-01-preview\"\r\n      ]\r\n    },\r\n    {\r\n      \"resourceType\": \"trafficManagerGeographicHierarchies\",\r\n      \"locations\": [\r\n        \"global\"\r\n      ],\r\n      \"apiVersions\": [\r\n        \"2018-08-01\",\r\n        \"2018-04-01\",\r\n        \"2018-03-01\",\r\n        \"2018-02-01\",\r\n        \"2017-05-01\",\r\n        \"2017-03-01\"\r\n      ]\r\n    },\r\n    {\r\n      \"resourceType\": \"expressRouteCircuits\",\r\n      \"locations\": [\r\n        \"East US\",\r\n        \"North Europe\",\r\n        \"West Europe\",\r\n        \"East Asia\",\r\n        \"Southeast Asia\",\r\n        \"North Central US\",\r\n        \"South Central US\",\r\n        \"Central US\",\r\n        \"East US 2\",\r\n        \"Japan East\",\r\n        \"Japan West\",\r\n        \"Brazil South\",\r\n        \"Australia East\",\r\n        \"Australia Southeast\",\r\n        \"Central India\",\r\n        \"South India\",\r\n        \"West India\",\r\n        \"Canada Central\",\r\n        \"Canada East\",\r\n        \"West Central US\",\r\n        \"West US 2\",\r\n        \"UK West\",\r\n        \"UK South\",\r\n        \"Korea Central\",\r\n        \"Korea South\",\r\n        \"France Central\",\r\n        \"Australia Central\",\r\n        \"Australia Central 2\",\r\n        \"South Africa North\",\r\n        \"UAE North\",\r\n        \"West US\",\r\n        \"Central US EUAP\",\r\n        \"East US 2 EUAP\"\r\n      ],\r\n      \"apiVersions\": [\r\n        \"2019-06-01\",\r\n        \"2019-04-01\",\r\n        \"2019-02-01\",\r\n        \"2018-12-01\",\r\n        \"2018-11-01\",\r\n        \"2018-10-01\",\r\n        \"2018-08-01\",\r\n        \"2018-07-01\",\r\n        \"2018-06-01\",\r\n        \"2018-05-01\",\r\n        \"2018-04-01\",\r\n        \"2018-03-01\",\r\n        \"2018-02-01\",\r\n        \"2018-01-01\",\r\n        \"2017-11-01\",\r\n        \"2017-10-01\",\r\n        \"2017-09-01\",\r\n        \"2017-08-01\",\r\n        \"2017-06-01\",\r\n        \"2017-04-01\",\r\n        \"2017-03-01\",\r\n        \"2016-12-01\",\r\n        \"2016-11-01\",\r\n        \"2016-10-01\",\r\n        \"2016-09-01\",\r\n        \"2016-08-01\",\r\n        \"2016-07-01\",\r\n        \"2016-06-01\",\r\n        \"2016-03-30\",\r\n        \"2015-06-15\",\r\n        \"2015-05-01-preview\",\r\n        \"2014-12-01-preview\"\r\n      ],\r\n      \"capabilities\": \"None\"\r\n    },\r\n    {\r\n      \"resourceType\": \"expressRouteServiceProviders\",\r\n      \"locations\": [],\r\n      \"apiVersions\": [\r\n        \"2019-06-01\",\r\n        \"2019-04-01\",\r\n        \"2019-02-01\",\r\n        \"2018-12-01\",\r\n        \"2018-11-01\",\r\n        \"2018-10-01\",\r\n        \"2018-08-01\",\r\n        \"2018-07-01\",\r\n        \"2018-06-01\",\r\n        \"2018-05-01\",\r\n        \"2018-04-01\",\r\n        \"2018-03-01\",\r\n        \"2018-02-01\",\r\n        \"2018-01-01\",\r\n        \"2017-11-01\",\r\n        \"2017-10-01\",\r\n        \"2017-09-01\",\r\n        \"2017-08-01\",\r\n        \"2017-06-01\",\r\n        \"2017-04-01\",\r\n        \"2017-03-01\",\r\n        \"2016-12-01\",\r\n        \"2016-11-01\",\r\n        \"2016-10-01\",\r\n        \"2016-09-01\",\r\n        \"2016-08-01\",\r\n        \"2016-07-01\",\r\n        \"2016-06-01\",\r\n        \"2016-03-30\",\r\n        \"2015-06-15\",\r\n        \"2015-05-01-preview\",\r\n        \"2014-12-01-preview\"\r\n      ]\r\n    },\r\n    {\r\n      \"resourceType\": \"applicationGatewayAvailableWafRuleSets\",\r\n      \"locations\": [],\r\n      \"apiVersions\": [\r\n        \"2019-06-01\",\r\n        \"2019-04-01\",\r\n        \"2019-02-01\",\r\n        \"2018-12-01\",\r\n        \"2018-11-01\",\r\n        \"2018-10-01\",\r\n        \"2018-08-01\",\r\n        \"2018-07-01\",\r\n        \"2018-06-01\",\r\n        \"2018-05-01\",\r\n        \"2018-04-01\",\r\n        \"2018-03-01\",\r\n        \"2018-02-01\",\r\n        \"2018-01-01\",\r\n        \"2017-11-01\",\r\n        \"2017-10-01\",\r\n        \"2017-09-01\",\r\n        \"2017-08-01\",\r\n        \"2017-06-01\",\r\n        \"2017-04-01\",\r\n        \"2017-03-01\"\r\n      ]\r\n    },\r\n    {\r\n      \"resourceType\": \"applicationGatewayAvailableSslOptions\",\r\n      \"locations\": [],\r\n      \"apiVersions\": [\r\n        \"2019-06-01\",\r\n        \"2019-04-01\",\r\n        \"2019-02-01\",\r\n        \"2018-12-01\",\r\n        \"2018-11-01\",\r\n        \"2018-10-01\",\r\n        \"2018-08-01\",\r\n        \"2018-07-01\",\r\n        \"2018-06-01\",\r\n        \"2018-05-01\",\r\n        \"2018-04-01\",\r\n        \"2018-03-01\",\r\n        \"2018-02-01\",\r\n        \"2018-01-01\",\r\n        \"2017-11-01\",\r\n        \"2017-10-01\",\r\n        \"2017-09-01\",\r\n        \"2017-08-01\",\r\n        \"2017-06-01\"\r\n      ]\r\n    },\r\n    {\r\n      \"resourceType\": \"applicationGatewayAvailableServerVariables\",\r\n      \"locations\": [],\r\n      \"apiVersions\": [\r\n        \"2019-06-01\",\r\n        \"2019-04-01\",\r\n        \"2019-02-01\",\r\n        \"2018-12-01\",\r\n        \"2018-11-01\"\r\n      ]\r\n    },\r\n    {\r\n      \"resourceType\": \"applicationGatewayAvailableRequestHeaders\",\r\n      \"locations\": [],\r\n      \"apiVersions\": [\r\n        \"2019-06-01\",\r\n        \"2019-04-01\",\r\n        \"2019-02-01\",\r\n        \"2018-12-01\",\r\n        \"2018-11-01\"\r\n      ]\r\n    },\r\n    {\r\n      \"resourceType\": \"applicationGatewayAvailableResponseHeaders\",\r\n      \"locations\": [],\r\n      \"apiVersions\": [\r\n        \"2019-06-01\",\r\n        \"2019-04-01\",\r\n        \"2019-02-01\",\r\n        \"2018-12-01\",\r\n        \"2018-11-01\"\r\n      ]\r\n    },\r\n    {\r\n      \"resourceType\": \"routeFilters\",\r\n      \"locations\": [\r\n        \"East US\",\r\n        \"North Europe\",\r\n        \"West Europe\",\r\n        \"East Asia\",\r\n        \"Southeast Asia\",\r\n        \"North Central US\",\r\n        \"South Central US\",\r\n        \"Central US\",\r\n        \"East US 2\",\r\n        \"Japan East\",\r\n        \"Japan West\",\r\n        \"Brazil South\",\r\n        \"Australia East\",\r\n        \"Australia Southeast\",\r\n        \"Central India\",\r\n        \"South India\",\r\n        \"West India\",\r\n        \"Canada Central\",\r\n        \"Canada East\",\r\n        \"West Central US\",\r\n        \"West US 2\",\r\n        \"UK West\",\r\n        \"UK South\",\r\n        \"Korea Central\",\r\n        \"Korea South\",\r\n        \"France Central\",\r\n        \"Australia Central\",\r\n        \"Australia Central 2\",\r\n        \"South Africa North\",\r\n        \"UAE North\",\r\n        \"West US\",\r\n        \"Central US EUAP\",\r\n        \"East US 2 EUAP\"\r\n      ],\r\n      \"apiVersions\": [\r\n        \"2019-06-01\",\r\n        \"2019-04-01\",\r\n        \"2019-02-01\",\r\n        \"2018-12-01\",\r\n        \"2018-11-01\",\r\n        \"2018-10-01\",\r\n        \"2018-08-01\",\r\n        \"2018-07-01\",\r\n        \"2018-06-01\",\r\n        \"2018-05-01\",\r\n        \"2018-04-01\",\r\n        \"2018-03-01\",\r\n        \"2018-02-01\",\r\n        \"2018-01-01\",\r\n        \"2017-11-01\",\r\n        \"2017-10-01\",\r\n        \"2017-09-01\",\r\n        \"2017-08-01\",\r\n        \"2017-06-01\",\r\n        \"2017-04-01\",\r\n        \"2017-03-01\",\r\n        \"2016-12-01\"\r\n      ],\r\n      \"capabilities\": \"None\"\r\n    },\r\n    {\r\n      \"resourceType\": \"bgpServiceCommunities\",\r\n      \"locations\": [],\r\n      \"apiVersions\": [\r\n        \"2019-06-01\",\r\n        \"2019-04-01\",\r\n        \"2019-02-01\",\r\n        \"2018-12-01\",\r\n        \"2018-11-01\",\r\n        \"2018-10-01\",\r\n        \"2018-08-01\",\r\n        \"2018-07-01\",\r\n        \"2018-06-01\",\r\n        \"2018-05-01\",\r\n        \"2018-04-01\",\r\n        \"2018-03-01\",\r\n        \"2018-02-01\",\r\n        \"2018-01-01\",\r\n        \"2017-11-01\",\r\n        \"2017-10-01\",\r\n        \"2017-09-01\",\r\n        \"2017-08-01\",\r\n        \"2017-06-01\",\r\n        \"2017-04-01\",\r\n        \"2017-03-01\",\r\n        \"2016-12-01\"\r\n      ]\r\n    },\r\n    {\r\n      \"resourceType\": \"virtualWans\",\r\n      \"locations\": [\r\n        \"East US\",\r\n        \"North Europe\",\r\n        \"West Europe\",\r\n        \"East Asia\",\r\n        \"Southeast Asia\",\r\n        \"North Central US\",\r\n        \"South Central US\",\r\n        \"Central US\",\r\n        \"East US 2\",\r\n        \"Japan East\",\r\n        \"Japan West\",\r\n        \"Brazil South\",\r\n        \"Australia East\",\r\n        \"Australia Southeast\",\r\n        \"Central India\",\r\n        \"South India\",\r\n        \"West India\",\r\n        \"Canada Central\",\r\n        \"Canada East\",\r\n        \"West Central US\",\r\n        \"West US 2\",\r\n        \"UK West\",\r\n        \"UK South\",\r\n        \"Korea Central\",\r\n        \"Korea South\",\r\n        \"France Central\",\r\n        \"Australia Central\",\r\n        \"Australia Central 2\",\r\n        \"South Africa North\",\r\n        \"UAE North\",\r\n        \"West US\",\r\n        \"Central US EUAP\",\r\n        \"East US 2 EUAP\"\r\n      ],\r\n      \"apiVersions\": [\r\n        \"2019-06-01\",\r\n        \"2019-04-01\",\r\n        \"2019-02-01\",\r\n        \"2018-12-01\",\r\n        \"2018-11-01\",\r\n        \"2018-10-01\",\r\n        \"2018-08-01\",\r\n        \"2018-07-01\",\r\n        \"2018-06-01\",\r\n        \"2018-05-01\",\r\n        \"2018-04-01\",\r\n        \"2018-03-01\",\r\n        \"2018-02-01\",\r\n        \"2018-01-01\",\r\n        \"2017-11-01\",\r\n        \"2017-10-01\",\r\n        \"2017-09-01\"\r\n      ],\r\n      \"capabilities\": \"None\"\r\n    },\r\n    {\r\n      \"resourceType\": \"vpnSites\",\r\n      \"locations\": [\r\n        \"East US\",\r\n        \"North Europe\",\r\n        \"West Europe\",\r\n        \"East Asia\",\r\n        \"Southeast Asia\",\r\n        \"North Central US\",\r\n        \"South Central US\",\r\n        \"Central US\",\r\n        \"East US 2\",\r\n        \"Japan East\",\r\n        \"Japan West\",\r\n        \"Brazil South\",\r\n        \"Australia East\",\r\n        \"Australia Southeast\",\r\n        \"Central India\",\r\n        \"South India\",\r\n        \"West India\",\r\n        \"Canada Central\",\r\n        \"Canada East\",\r\n        \"West Central US\",\r\n        \"West US 2\",\r\n        \"UK West\",\r\n        \"UK South\",\r\n        \"Korea Central\",\r\n        \"Korea South\",\r\n        \"France Central\",\r\n        \"Australia Central\",\r\n        \"Australia Central 2\",\r\n        \"South Africa North\",\r\n        \"UAE North\",\r\n        \"West US\",\r\n        \"Central US EUAP\",\r\n        \"East US 2 EUAP\"\r\n      ],\r\n      \"apiVersions\": [\r\n        \"2019-06-01\",\r\n        \"2019-04-01\",\r\n        \"2019-02-01\",\r\n        \"2018-12-01\",\r\n        \"2018-11-01\",\r\n        \"2018-10-01\",\r\n        \"2018-08-01\",\r\n        \"2018-07-01\",\r\n        \"2018-06-01\",\r\n        \"2018-05-01\",\r\n        \"2018-04-01\",\r\n        \"2018-03-01\",\r\n        \"2018-02-01\",\r\n        \"2018-01-01\",\r\n        \"2017-11-01\",\r\n        \"2017-10-01\",\r\n        \"2017-09-01\"\r\n      ],\r\n      \"capabilities\": \"None\"\r\n    },\r\n    {\r\n      \"resourceType\": \"virtualHubs\",\r\n      \"locations\": [\r\n        \"East US\",\r\n        \"North Europe\",\r\n        \"West Europe\",\r\n        \"East Asia\",\r\n        \"Southeast Asia\",\r\n        \"North Central US\",\r\n        \"South Central US\",\r\n        \"Central US\",\r\n        \"East US 2\",\r\n        \"Japan East\",\r\n        \"Japan West\",\r\n        \"Brazil South\",\r\n        \"Australia East\",\r\n        \"Australia Southeast\",\r\n        \"Central India\",\r\n        \"South India\",\r\n        \"West India\",\r\n        \"Canada Central\",\r\n        \"Canada East\",\r\n        \"West Central US\",\r\n        \"West US 2\",\r\n        \"UK West\",\r\n        \"UK South\",\r\n        \"Korea Central\",\r\n        \"Korea South\",\r\n        \"France Central\",\r\n        \"Australia Central\",\r\n        \"Australia Central 2\",\r\n        \"South Africa North\",\r\n        \"UAE North\",\r\n        \"West US\",\r\n        \"Central US EUAP\",\r\n        \"East US 2 EUAP\"\r\n      ],\r\n      \"apiVersions\": [\r\n        \"2019-06-01\",\r\n        \"2019-04-01\",\r\n        \"2019-02-01\",\r\n        \"2018-12-01\",\r\n        \"2018-11-01\",\r\n        \"2018-10-01\",\r\n        \"2018-08-01\",\r\n        \"2018-07-01\",\r\n        \"2018-06-01\",\r\n        \"2018-05-01\",\r\n        \"2018-04-01\",\r\n        \"2018-03-01\",\r\n        \"2018-02-01\",\r\n        \"2018-01-01\",\r\n        \"2017-11-01\",\r\n        \"2017-10-01\",\r\n        \"2017-09-01\"\r\n      ],\r\n      \"capabilities\": \"None\"\r\n    },\r\n    {\r\n      \"resourceType\": \"vpnGateways\",\r\n      \"locations\": [\r\n        \"East US\",\r\n        \"North Europe\",\r\n        \"West Europe\",\r\n        \"East Asia\",\r\n        \"Southeast Asia\",\r\n        \"North Central US\",\r\n        \"South Central US\",\r\n        \"Central US\",\r\n        \"East US 2\",\r\n        \"Japan East\",\r\n        \"Japan West\",\r\n        \"Brazil South\",\r\n        \"Australia East\",\r\n        \"Australia Southeast\",\r\n        \"Central India\",\r\n        \"South India\",\r\n        \"West India\",\r\n        \"Canada Central\",\r\n        \"Canada East\",\r\n        \"West Central US\",\r\n        \"West US 2\",\r\n        \"UK West\",\r\n        \"UK South\",\r\n        \"Korea Central\",\r\n        \"Korea South\",\r\n        \"France Central\",\r\n        \"Australia Central\",\r\n        \"Australia Central 2\",\r\n        \"South Africa North\",\r\n        \"UAE North\",\r\n        \"West US\",\r\n        \"Central US EUAP\",\r\n        \"East US 2 EUAP\"\r\n      ],\r\n      \"apiVersions\": [\r\n        \"2019-06-01\",\r\n        \"2019-04-01\",\r\n        \"2019-02-01\",\r\n        \"2018-12-01\",\r\n        \"2018-11-01\",\r\n        \"2018-10-01\",\r\n        \"2018-08-01\",\r\n        \"2018-07-01\",\r\n        \"2018-06-01\",\r\n        \"2018-05-01\",\r\n        \"2018-04-01\",\r\n        \"2018-03-01\",\r\n        \"2018-02-01\",\r\n        \"2018-01-01\",\r\n        \"2017-11-01\",\r\n        \"2017-10-01\",\r\n        \"2017-09-01\"\r\n      ],\r\n      \"capabilities\": \"None\"\r\n    },\r\n    {\r\n      \"resourceType\": \"secureGateways\",\r\n      \"locations\": [\r\n        \"South Africa North\",\r\n        \"UAE North\",\r\n        \"West US\",\r\n        \"Central US EUAP\",\r\n        \"East US 2 EUAP\"\r\n      ],\r\n      \"apiVersions\": [\r\n        \"2019-06-01\",\r\n        \"2019-04-01\",\r\n        \"2019-02-01\",\r\n        \"2018-12-01\",\r\n        \"2018-11-01\",\r\n        \"2018-10-01\",\r\n        \"2018-08-01\",\r\n        \"2018-07-01\",\r\n        \"2018-06-01\",\r\n        \"2018-05-01\",\r\n        \"2018-04-01\",\r\n        \"2018-03-01\",\r\n        \"2018-02-01\",\r\n        \"2018-01-01\",\r\n        \"2017-11-01\"\r\n      ],\r\n      \"capabilities\": \"CrossResourceGroupResourceMove, CrossSubscriptionResourceMove\"\r\n    },\r\n    {\r\n      \"resourceType\": \"firewallPolicies\",\r\n      \"locations\": [\r\n        \"West US\"\r\n      ],\r\n      \"apiVersions\": [\r\n        \"2019-06-01\"\r\n      ],\r\n      \"capabilities\": \"CrossResourceGroupResourceMove, CrossSubscriptionResourceMove\"\r\n    },\r\n    {\r\n      \"resourceType\": \"azureFirewalls\",\r\n      \"locations\": [\r\n        \"East US\",\r\n        \"North Europe\",\r\n        \"West Europe\",\r\n        \"East Asia\",\r\n        \"Southeast Asia\",\r\n        \"North Central US\",\r\n        \"South Central US\",\r\n        \"Central US\",\r\n        \"East US 2\",\r\n        \"Brazil South\",\r\n        \"Australia East\",\r\n        \"Australia Southeast\",\r\n        \"Central India\",\r\n        \"South India\",\r\n        \"West India\",\r\n        \"Canada Central\",\r\n        \"Canada East\",\r\n        \"West Central US\",\r\n        \"West US 2\",\r\n        \"UK West\",\r\n        \"UK South\",\r\n        \"France Central\",\r\n        \"Australia Central\",\r\n        \"Australia Central 2\",\r\n        \"Japan West\",\r\n        \"Japan East\",\r\n        \"Korea Central\",\r\n        \"Korea South\",\r\n        \"South Africa North\",\r\n        \"UAE North\",\r\n        \"West US\",\r\n        \"Central US EUAP\",\r\n        \"East US 2 EUAP\"\r\n      ],\r\n      \"apiVersions\": [\r\n        \"2019-06-01\",\r\n        \"2019-04-01\",\r\n        \"2019-02-01\",\r\n        \"2018-12-01\",\r\n        \"2018-11-01\",\r\n        \"2018-10-01\",\r\n        \"2018-08-01\",\r\n        \"2018-07-01\",\r\n        \"2018-06-01\",\r\n        \"2018-05-01\",\r\n        \"2018-04-01\"\r\n      ],\r\n      \"zoneMappings\": [\r\n        {\r\n          \"location\": \"East US 2\",\r\n          \"zones\": [\r\n            \"1\",\r\n            \"3\",\r\n            \"2\"\r\n          ]\r\n        },\r\n        {\r\n          \"location\": \"Central US\",\r\n          \"zones\": [\r\n            \"1\",\r\n            \"3\",\r\n            \"2\"\r\n          ]\r\n        },\r\n        {\r\n          \"location\": \"West Europe\",\r\n          \"zones\": [\r\n            \"1\",\r\n            \"3\",\r\n            \"2\"\r\n          ]\r\n        },\r\n        {\r\n          \"location\": \"East US 2 EUAP\",\r\n          \"zones\": [\r\n            \"2\",\r\n            \"1\",\r\n            \"3\"\r\n          ]\r\n        },\r\n        {\r\n          \"location\": \"Central US EUAP\",\r\n          \"zones\": []\r\n        },\r\n        {\r\n          \"location\": \"France Central\",\r\n          \"zones\": [\r\n            \"1\",\r\n            \"3\",\r\n            \"2\"\r\n          ]\r\n        },\r\n        {\r\n          \"location\": \"Southeast Asia\",\r\n          \"zones\": [\r\n            \"1\",\r\n            \"3\",\r\n            \"2\"\r\n          ]\r\n        },\r\n        {\r\n          \"location\": \"West US 2\",\r\n          \"zones\": [\r\n            \"1\",\r\n            \"3\",\r\n            \"2\"\r\n          ]\r\n        },\r\n        {\r\n          \"location\": \"North Europe\",\r\n          \"zones\": [\r\n            \"1\",\r\n            \"3\",\r\n            \"2\"\r\n          ]\r\n        },\r\n        {\r\n          \"location\": \"East US\",\r\n          \"zones\": [\r\n            \"1\",\r\n            \"3\",\r\n            \"2\"\r\n          ]\r\n        },\r\n        {\r\n          \"location\": \"UK South\",\r\n          \"zones\": [\r\n            \"1\",\r\n            \"3\",\r\n            \"2\"\r\n          ]\r\n        },\r\n        {\r\n          \"location\": \"Japan East\",\r\n          \"zones\": [\r\n            \"1\",\r\n            \"3\",\r\n            \"2\"\r\n          ]\r\n        },\r\n        {\r\n          \"location\": \"Australia East\",\r\n          \"zones\": []\r\n        }\r\n      ],\r\n      \"capabilities\": \"CrossResourceGroupResourceMove, CrossSubscriptionResourceMove\"\r\n    },\r\n    {\r\n      \"resourceType\": \"azureFirewallFqdnTags\",\r\n      \"locations\": [],\r\n      \"apiVersions\": [\r\n        \"2019-06-01\",\r\n        \"2019-04-01\",\r\n        \"2019-02-01\",\r\n        \"2018-12-01\",\r\n        \"2018-11-01\",\r\n        \"2018-10-01\",\r\n        \"2018-08-01\"\r\n      ]\r\n    },\r\n    {\r\n      \"resourceType\": \"virtualNetworkTaps\",\r\n      \"locations\": [\r\n        \"East US\",\r\n        \"North Europe\",\r\n        \"West Europe\",\r\n        \"East Asia\",\r\n        \"Southeast Asia\",\r\n        \"North Central US\",\r\n        \"South Central US\",\r\n        \"Central US\",\r\n        \"East US 2\",\r\n        \"Japan East\",\r\n        \"Japan West\",\r\n        \"Brazil South\",\r\n        \"Australia East\",\r\n        \"Australia Southeast\",\r\n        \"Central India\",\r\n        \"South India\",\r\n        \"West India\",\r\n        \"Canada Central\",\r\n        \"Canada East\",\r\n        \"West Central US\",\r\n        \"West US 2\",\r\n        \"UK West\",\r\n        \"UK South\",\r\n        \"Korea Central\",\r\n        \"Korea South\",\r\n        \"France Central\",\r\n        \"Australia Central\",\r\n        \"Australia Central 2\",\r\n        \"South Africa North\",\r\n        \"UAE North\",\r\n        \"West US\",\r\n        \"Central US EUAP\",\r\n        \"East US 2 EUAP\"\r\n      ],\r\n      \"apiVersions\": [\r\n        \"2019-06-01\",\r\n        \"2019-04-01\",\r\n        \"2019-02-01\",\r\n        \"2018-12-01\",\r\n        \"2018-11-01\",\r\n        \"2018-10-01\",\r\n        \"2018-08-01\"\r\n      ],\r\n      \"capabilities\": \"None\"\r\n    },\r\n    {\r\n      \"resourceType\": \"privateLinkServices\",\r\n      \"locations\": [\r\n        \"East US\",\r\n        \"North Europe\",\r\n        \"West Europe\",\r\n        \"East Asia\",\r\n        \"Southeast Asia\",\r\n        \"North Central US\",\r\n        \"South Central US\",\r\n        \"Central US\",\r\n        \"East US 2\",\r\n        \"Japan East\",\r\n        \"Japan West\",\r\n        \"Brazil South\",\r\n        \"Australia East\",\r\n        \"Australia Southeast\",\r\n        \"Central India\",\r\n        \"South India\",\r\n        \"West India\",\r\n        \"Canada Central\",\r\n        \"Canada East\",\r\n        \"West Central US\",\r\n        \"West US 2\",\r\n        \"UK West\",\r\n        \"UK South\",\r\n        \"Korea Central\",\r\n        \"Korea South\",\r\n        \"France Central\",\r\n        \"Australia Central\",\r\n        \"Australia Central 2\",\r\n        \"South Africa North\",\r\n        \"UAE North\",\r\n        \"West US\",\r\n        \"Central US EUAP\",\r\n        \"East US 2 EUAP\"\r\n      ],\r\n      \"apiVersions\": [\r\n        \"2019-06-01\",\r\n        \"2019-04-01\",\r\n        \"2019-02-01\",\r\n        \"2018-12-01\",\r\n        \"2018-11-01\",\r\n        \"2018-10-01\",\r\n        \"2018-08-01\"\r\n      ],\r\n      \"capabilities\": \"None\"\r\n    },\r\n    {\r\n      \"resourceType\": \"ddosProtectionPlans\",\r\n      \"locations\": [\r\n        \"East US\",\r\n        \"North Europe\",\r\n        \"West Europe\",\r\n        \"East Asia\",\r\n        \"Southeast Asia\",\r\n        \"North Central US\",\r\n        \"South Central US\",\r\n        \"Central US\",\r\n        \"East US 2\",\r\n        \"Japan East\",\r\n        \"Japan West\",\r\n        \"Brazil South\",\r\n        \"Australia East\",\r\n        \"Australia Southeast\",\r\n        \"Central India\",\r\n        \"South India\",\r\n        \"West India\",\r\n        \"Canada Central\",\r\n        \"Canada East\",\r\n        \"West Central US\",\r\n        \"West US 2\",\r\n        \"UK West\",\r\n        \"UK South\",\r\n        \"Korea Central\",\r\n        \"Korea South\",\r\n        \"France Central\",\r\n        \"Australia Central\",\r\n        \"Australia Central 2\",\r\n        \"South Africa North\",\r\n        \"UAE North\",\r\n        \"West US\",\r\n        \"Central US EUAP\",\r\n        \"East US 2 EUAP\"\r\n      ],\r\n      \"apiVersions\": [\r\n        \"2019-06-01\",\r\n        \"2019-04-01\",\r\n        \"2019-02-01\",\r\n        \"2018-12-01\",\r\n        \"2018-11-01\",\r\n        \"2018-10-01\",\r\n        \"2018-08-01\",\r\n        \"2018-07-01\",\r\n        \"2018-06-01\",\r\n        \"2018-05-01\",\r\n        \"2018-04-01\",\r\n        \"2018-03-01\",\r\n        \"2018-02-01\"\r\n      ],\r\n      \"capabilities\": \"None\"\r\n    },\r\n    {\r\n      \"resourceType\": \"networkProfiles\",\r\n      \"locations\": [\r\n        \"East US\",\r\n        \"North Europe\",\r\n        \"West Europe\",\r\n        \"East Asia\",\r\n        \"Southeast Asia\",\r\n        \"North Central US\",\r\n        \"South Central US\",\r\n        \"Central US\",\r\n        \"East US 2\",\r\n        \"Japan East\",\r\n        \"Japan West\",\r\n        \"Brazil South\",\r\n        \"Australia East\",\r\n        \"Australia Southeast\",\r\n        \"Central India\",\r\n        \"South India\",\r\n        \"West India\",\r\n        \"Canada Central\",\r\n        \"Canada East\",\r\n        \"West Central US\",\r\n        \"West US 2\",\r\n        \"UK West\",\r\n        \"UK South\",\r\n        \"Korea Central\",\r\n        \"Korea South\",\r\n        \"France Central\",\r\n        \"Australia Central\",\r\n        \"Australia Central 2\",\r\n        \"South Africa North\",\r\n        \"UAE North\",\r\n        \"West US\",\r\n        \"Central US EUAP\",\r\n        \"East US 2 EUAP\"\r\n      ],\r\n      \"apiVersions\": [\r\n        \"2019-06-01\",\r\n        \"2019-04-01\",\r\n        \"2019-02-01\",\r\n        \"2018-12-01\",\r\n        \"2018-11-01\",\r\n        \"2018-10-01\",\r\n        \"2018-08-01\",\r\n        \"2018-07-01\",\r\n        \"2018-06-01\",\r\n        \"2018-05-01\"\r\n      ],\r\n      \"capabilities\": \"None\"\r\n    },\r\n    {\r\n      \"resourceType\": \"frontdoorOperationResults\",\r\n      \"locations\": [\r\n        \"global\"\r\n      ],\r\n      \"apiVersions\": [\r\n        \"2019-05-01\",\r\n        \"2019-04-01\",\r\n        \"2019-03-01\",\r\n        \"2018-08-01\"\r\n      ]\r\n    },\r\n    {\r\n      \"resourceType\": \"checkFrontdoorNameAvailability\",\r\n      \"locations\": [\r\n        \"global\",\r\n        \"Central US\",\r\n        \"East US\",\r\n        \"East US 2\",\r\n        \"North Central US\",\r\n        \"South Central US\",\r\n        \"West US\",\r\n        \"North Europe\",\r\n        \"West Europe\",\r\n        \"East Asia\",\r\n        \"Southeast Asia\",\r\n        \"Japan East\",\r\n        \"Japan West\",\r\n        \"Brazil South\",\r\n        \"Australia East\",\r\n        \"Australia Southeast\"\r\n      ],\r\n      \"apiVersions\": [\r\n        \"2019-05-01\",\r\n        \"2019-04-01\",\r\n        \"2018-08-01\"\r\n      ]\r\n    },\r\n    {\r\n      \"resourceType\": \"frontdoorWebApplicationFirewallManagedRuleSets\",\r\n      \"locations\": [\r\n        \"global\",\r\n        \"Central US\",\r\n        \"East US\",\r\n        \"East US 2\",\r\n        \"North Central US\",\r\n        \"South Central US\",\r\n        \"West US\",\r\n        \"North Europe\",\r\n        \"West Europe\",\r\n        \"East Asia\",\r\n        \"Southeast Asia\",\r\n        \"Japan East\",\r\n        \"Japan West\",\r\n        \"Brazil South\",\r\n        \"Australia East\",\r\n        \"Australia Southeast\"\r\n      ],\r\n      \"apiVersions\": [\r\n        \"2019-03-01\"\r\n      ]\r\n    },\r\n    {\r\n      \"resourceType\": \"locations/bareMetalTenants\",\r\n      \"locations\": [\r\n        \"East US\",\r\n        \"North Europe\",\r\n        \"West Europe\",\r\n        \"East Asia\",\r\n        \"Southeast Asia\",\r\n        \"North Central US\",\r\n        \"South Central US\",\r\n        \"Central US\",\r\n        \"East US 2\",\r\n        \"Japan East\",\r\n        \"Japan West\",\r\n        \"Brazil South\",\r\n        \"Australia East\",\r\n        \"Australia Southeast\",\r\n        \"Central India\",\r\n        \"South India\",\r\n        \"West India\",\r\n        \"Canada Central\",\r\n        \"Canada East\",\r\n        \"West Central US\",\r\n        \"West US 2\",\r\n        \"UK West\",\r\n        \"UK South\",\r\n        \"Korea Central\",\r\n        \"Korea South\",\r\n        \"France Central\",\r\n        \"Australia Central\",\r\n        \"Australia Central 2\",\r\n        \"South Africa North\",\r\n        \"UAE North\",\r\n        \"West US\",\r\n        \"Central US EUAP\",\r\n        \"East US 2 EUAP\"\r\n      ],\r\n      \"apiVersions\": [\r\n        \"2019-06-01\",\r\n        \"2019-04-01\",\r\n        \"2019-02-01\",\r\n        \"2018-12-01\",\r\n        \"2018-11-01\",\r\n        \"2018-10-01\",\r\n        \"2018-08-01\",\r\n        \"2018-07-01\"\r\n      ]\r\n    },\r\n    {\r\n      \"resourceType\": \"bastionHosts\",\r\n      \"locations\": [\r\n        \"East US\",\r\n        \"North Europe\",\r\n        \"West Europe\",\r\n        \"East Asia\",\r\n        \"Southeast Asia\",\r\n        \"North Central US\",\r\n        \"South Central US\",\r\n        \"Central US\",\r\n        \"East US 2\",\r\n        \"Japan East\",\r\n        \"Japan West\",\r\n        \"Brazil South\",\r\n        \"Australia East\",\r\n        \"Australia Southeast\",\r\n        \"Central India\",\r\n        \"South India\",\r\n        \"West India\",\r\n        \"Canada Central\",\r\n        \"Canada East\",\r\n        \"West Central US\",\r\n        \"West US 2\",\r\n        \"UK West\",\r\n        \"UK South\",\r\n        \"Korea Central\",\r\n        \"Korea South\",\r\n        \"France Central\",\r\n        \"South Africa North\",\r\n        \"West US\",\r\n        \"Central US EUAP\",\r\n        \"East US 2 EUAP\",\r\n        \"Australia Central\",\r\n        \"Australia Central 2\",\r\n        \"UAE North\"\r\n      ],\r\n      \"apiVersions\": [\r\n        \"2019-06-01\",\r\n        \"2019-04-01\",\r\n        \"2019-02-01\",\r\n        \"2018-12-01\",\r\n        \"2018-11-01\",\r\n        \"2018-10-01\"\r\n      ],\r\n      \"capabilities\": \"None\"\r\n    },\r\n    {\r\n      \"resourceType\": \"natGateways\",\r\n      \"locations\": [\r\n        \"West US\",\r\n        \"East US\",\r\n        \"North Europe\",\r\n        \"West Europe\",\r\n        \"East Asia\",\r\n        \"Southeast Asia\",\r\n        \"North Central US\",\r\n        \"South Central US\",\r\n        \"Central US\",\r\n        \"East US 2\",\r\n        \"Japan East\",\r\n        \"Japan West\",\r\n        \"Brazil South\",\r\n        \"Australia East\",\r\n        \"Australia Southeast\",\r\n        \"Central India\",\r\n        \"South India\",\r\n        \"West India\",\r\n        \"Canada Central\",\r\n        \"Canada East\",\r\n        \"UK North\",\r\n        \"UK South 2\",\r\n        \"West Central US\",\r\n        \"West US 2\",\r\n        \"UK West\",\r\n        \"UK South\",\r\n        \"Central US EUAP\",\r\n        \"East US 2 EUAP\",\r\n        \"Korea Central\",\r\n        \"Korea South\",\r\n        \"France Central\",\r\n        \"Australia Central\",\r\n        \"Australia Central 2\",\r\n        \"South Africa North\",\r\n        \"UAE North\"\r\n      ],\r\n      \"apiVersions\": [\r\n        \"2019-06-01\",\r\n        \"2019-04-01\",\r\n        \"2019-02-01\",\r\n        \"2018-12-01\",\r\n        \"2018-11-01\"\r\n      ],\r\n      \"zoneMappings\": [\r\n        {\r\n          \"location\": \"East US 2\",\r\n          \"zones\": [\r\n            \"1\",\r\n            \"3\",\r\n            \"2\"\r\n          ]\r\n        },\r\n        {\r\n          \"location\": \"Central US\",\r\n          \"zones\": [\r\n            \"1\",\r\n            \"3\",\r\n            \"2\"\r\n          ]\r\n        },\r\n        {\r\n          \"location\": \"West Europe\",\r\n          \"zones\": [\r\n            \"1\",\r\n            \"3\",\r\n            \"2\"\r\n          ]\r\n        },\r\n        {\r\n          \"location\": \"East US 2 EUAP\",\r\n          \"zones\": [\r\n            \"2\",\r\n            \"1\",\r\n            \"3\"\r\n          ]\r\n        },\r\n        {\r\n          \"location\": \"Central US EUAP\",\r\n          \"zones\": []\r\n        },\r\n        {\r\n          \"location\": \"France Central\",\r\n          \"zones\": [\r\n            \"1\",\r\n            \"3\",\r\n            \"2\"\r\n          ]\r\n        },\r\n        {\r\n          \"location\": \"Southeast Asia\",\r\n          \"zones\": [\r\n            \"1\",\r\n            \"3\",\r\n            \"2\"\r\n          ]\r\n        },\r\n        {\r\n          \"location\": \"West US 2\",\r\n          \"zones\": [\r\n            \"1\",\r\n            \"3\",\r\n            \"2\"\r\n          ]\r\n        },\r\n        {\r\n          \"location\": \"North Europe\",\r\n          \"zones\": []\r\n        },\r\n        {\r\n          \"location\": \"East US\",\r\n          \"zones\": [\r\n            \"1\",\r\n            \"3\",\r\n            \"2\"\r\n          ]\r\n        },\r\n        {\r\n          \"location\": \"UK South\",\r\n          \"zones\": []\r\n        },\r\n        {\r\n          \"location\": \"Japan East\",\r\n          \"zones\": [\r\n            \"1\",\r\n            \"3\",\r\n            \"2\"\r\n          ]\r\n        },\r\n        {\r\n          \"location\": \"Australia East\",\r\n          \"zones\": []\r\n        }\r\n      ],\r\n      \"capabilities\": \"CrossResourceGroupResourceMove, CrossSubscriptionResourceMove\"\r\n    },\r\n    {\r\n      \"resourceType\": \"dnszones\",\r\n      \"locations\": [\r\n        \"global\"\r\n      ],\r\n      \"apiVersions\": [\r\n        \"2018-05-01\",\r\n        \"2018-03-01-preview\",\r\n        \"2017-10-01\",\r\n        \"2017-09-15-preview\",\r\n        \"2017-09-01\",\r\n        \"2016-04-01\",\r\n        \"2015-11-30\",\r\n        \"2015-11-15-preview\",\r\n        \"2015-05-04-preview\"\r\n      ],\r\n      \"capabilities\": \"CrossResourceGroupResourceMove, CrossSubscriptionResourceMove\"\r\n    },\r\n    {\r\n      \"resourceType\": \"dnsOperationResults\",\r\n      \"locations\": [\r\n        \"global\"\r\n      ],\r\n      \"apiVersions\": [\r\n        \"2018-05-01\",\r\n        \"2018-03-01-preview\",\r\n        \"2017-10-01\",\r\n        \"2017-09-15-preview\",\r\n        \"2017-09-01\",\r\n        \"2016-04-01\",\r\n        \"2015-11-30\",\r\n        \"2015-11-15-preview\"\r\n      ]\r\n    },\r\n    {\r\n      \"resourceType\": \"dnsOperationStatuses\",\r\n      \"locations\": [\r\n        \"global\"\r\n      ],\r\n      \"apiVersions\": [\r\n        \"2018-05-01\",\r\n        \"2018-03-01-preview\",\r\n        \"2017-10-01\",\r\n        \"2017-09-15-preview\",\r\n        \"2017-09-01\",\r\n        \"2016-04-01\",\r\n        \"2015-11-30\",\r\n        \"2015-11-15-preview\"\r\n      ]\r\n    },\r\n    {\r\n      \"resourceType\": \"getDnsResourceReference\",\r\n      \"locations\": [\r\n        \"global\"\r\n      ],\r\n      \"apiVersions\": [\r\n        \"2018-05-01\"\r\n      ]\r\n    },\r\n    {\r\n      \"resourceType\": \"internalNotify\",\r\n      \"locations\": [\r\n        \"global\"\r\n      ],\r\n      \"apiVersions\": [\r\n        \"2018-05-01\"\r\n      ]\r\n    },\r\n    {\r\n      \"resourceType\": \"dnszones/A\",\r\n      \"locations\": [\r\n        \"global\"\r\n      ],\r\n      \"apiVersions\": [\r\n        \"2018-05-01\",\r\n        \"2018-03-01-preview\",\r\n        \"2017-10-01\",\r\n        \"2017-09-15-preview\",\r\n        \"2017-09-01\",\r\n        \"2016-04-01\",\r\n        \"2015-11-30\",\r\n        \"2015-11-15-preview\",\r\n        \"2015-05-04-preview\"\r\n      ]\r\n    },\r\n    {\r\n      \"resourceType\": \"dnszones/AAAA\",\r\n      \"locations\": [\r\n        \"global\"\r\n      ],\r\n      \"apiVersions\": [\r\n        \"2018-05-01\",\r\n        \"2018-03-01-preview\",\r\n        \"2017-10-01\",\r\n        \"2017-09-15-preview\",\r\n        \"2017-09-01\",\r\n        \"2016-04-01\",\r\n        \"2015-11-30\",\r\n        \"2015-11-15-preview\",\r\n        \"2015-05-04-preview\"\r\n      ]\r\n    },\r\n    {\r\n      \"resourceType\": \"dnszones/CNAME\",\r\n      \"locations\": [\r\n        \"global\"\r\n      ],\r\n      \"apiVersions\": [\r\n        \"2018-05-01\",\r\n        \"2018-03-01-preview\",\r\n        \"2017-10-01\",\r\n        \"2017-09-15-preview\",\r\n        \"2017-09-01\",\r\n        \"2016-04-01\",\r\n        \"2015-11-30\",\r\n        \"2015-11-15-preview\",\r\n        \"2015-05-04-preview\"\r\n      ]\r\n    },\r\n    {\r\n      \"resourceType\": \"dnszones/PTR\",\r\n      \"locations\": [\r\n        \"global\"\r\n      ],\r\n      \"apiVersions\": [\r\n        \"2018-05-01\",\r\n        \"2018-03-01-preview\",\r\n        \"2017-10-01\",\r\n        \"2017-09-15-preview\",\r\n        \"2017-09-01\",\r\n        \"2016-04-01\",\r\n        \"2015-11-30\",\r\n        \"2015-11-15-preview\",\r\n        \"2015-05-04-preview\"\r\n      ]\r\n    },\r\n    {\r\n      \"resourceType\": \"dnszones/MX\",\r\n      \"locations\": [\r\n        \"global\"\r\n      ],\r\n      \"apiVersions\": [\r\n        \"2018-05-01\",\r\n        \"2018-03-01-preview\",\r\n        \"2017-10-01\",\r\n        \"2017-09-15-preview\",\r\n        \"2017-09-01\",\r\n        \"2016-04-01\",\r\n        \"2015-11-30\",\r\n        \"2015-11-15-preview\",\r\n        \"2015-05-04-preview\"\r\n      ]\r\n    },\r\n    {\r\n      \"resourceType\": \"dnszones/TXT\",\r\n      \"locations\": [\r\n        \"global\"\r\n      ],\r\n      \"apiVersions\": [\r\n        \"2018-05-01\",\r\n        \"2018-03-01-preview\",\r\n        \"2017-10-01\",\r\n        \"2017-09-15-preview\",\r\n        \"2017-09-01\",\r\n        \"2016-04-01\",\r\n        \"2015-11-30\",\r\n        \"2015-11-15-preview\",\r\n        \"2015-05-04-preview\"\r\n      ]\r\n    },\r\n    {\r\n      \"resourceType\": \"dnszones/SRV\",\r\n      \"locations\": [\r\n        \"global\"\r\n      ],\r\n      \"apiVersions\": [\r\n        \"2018-05-01\",\r\n        \"2018-03-01-preview\",\r\n        \"2017-10-01\",\r\n        \"2017-09-15-preview\",\r\n        \"2017-09-01\",\r\n        \"2016-04-01\",\r\n        \"2015-11-30\",\r\n        \"2015-11-15-preview\",\r\n        \"2015-05-04-preview\"\r\n      ]\r\n    },\r\n    {\r\n      \"resourceType\": \"dnszones/SOA\",\r\n      \"locations\": [\r\n        \"global\"\r\n      ],\r\n      \"apiVersions\": [\r\n        \"2018-05-01\",\r\n        \"2018-03-01-preview\",\r\n        \"2017-10-01\",\r\n        \"2017-09-15-preview\",\r\n        \"2017-09-01\",\r\n        \"2016-04-01\",\r\n        \"2015-11-30\",\r\n        \"2015-11-15-preview\",\r\n        \"2015-05-04-preview\"\r\n      ]\r\n    },\r\n    {\r\n      \"resourceType\": \"dnszones/NS\",\r\n      \"locations\": [\r\n        \"global\"\r\n      ],\r\n      \"apiVersions\": [\r\n        \"2018-05-01\",\r\n        \"2018-03-01-preview\",\r\n        \"2017-10-01\",\r\n        \"2017-09-15-preview\",\r\n        \"2017-09-01\",\r\n        \"2016-04-01\",\r\n        \"2015-11-30\",\r\n        \"2015-11-15-preview\",\r\n        \"2015-05-04-preview\"\r\n      ]\r\n    },\r\n    {\r\n      \"resourceType\": \"dnszones/CAA\",\r\n      \"locations\": [\r\n        \"global\"\r\n      ],\r\n      \"apiVersions\": [\r\n        \"2018-05-01\",\r\n        \"2018-03-01-preview\",\r\n        \"2017-10-01\",\r\n        \"2017-09-15-preview\",\r\n        \"2017-09-01\"\r\n      ]\r\n    },\r\n    {\r\n      \"resourceType\": \"dnszones/recordsets\",\r\n      \"locations\": [\r\n        \"global\"\r\n      ],\r\n      \"apiVersions\": [\r\n        \"2018-05-01\",\r\n        \"2018-03-01-preview\",\r\n        \"2017-10-01\",\r\n        \"2017-09-15-preview\",\r\n        \"2017-09-01\",\r\n        \"2016-04-01\",\r\n        \"2015-11-30\",\r\n        \"2015-11-15-preview\",\r\n        \"2015-05-04-preview\"\r\n      ]\r\n    },\r\n    {\r\n      \"resourceType\": \"dnszones/all\",\r\n      \"locations\": [\r\n        \"global\"\r\n      ],\r\n      \"apiVersions\": [\r\n        \"2018-05-01\",\r\n        \"2018-03-01-preview\",\r\n        \"2017-10-01\",\r\n        \"2017-09-15-preview\",\r\n        \"2017-09-01\",\r\n        \"2016-04-01\",\r\n        \"2015-11-30\",\r\n        \"2015-11-15-preview\",\r\n        \"2015-05-04-preview\"\r\n      ]\r\n    },\r\n    {\r\n      \"resourceType\": \"p2sVpnGateways\",\r\n      \"locations\": [\r\n        \"West US\",\r\n        \"East US\",\r\n        \"North Europe\",\r\n        \"West Europe\",\r\n        \"East Asia\",\r\n        \"Southeast Asia\",\r\n        \"North Central US\",\r\n        \"South Central US\",\r\n        \"Central US\",\r\n        \"East US 2\",\r\n        \"Japan East\",\r\n        \"Japan West\",\r\n        \"Brazil South\",\r\n        \"Australia East\",\r\n        \"Australia Southeast\",\r\n        \"Central India\",\r\n        \"South India\",\r\n        \"West India\",\r\n        \"Canada Central\",\r\n        \"Canada East\",\r\n        \"West Central US\",\r\n        \"West US 2\",\r\n        \"UK West\",\r\n        \"UK South\",\r\n        \"Central US EUAP\",\r\n        \"East US 2 EUAP\",\r\n        \"Korea Central\",\r\n        \"Korea South\",\r\n        \"France Central\",\r\n        \"Australia Central\",\r\n        \"Australia Central 2\",\r\n        \"UAE North\",\r\n        \"South Africa North\"\r\n      ],\r\n      \"apiVersions\": [\r\n        \"2019-06-01\",\r\n        \"2019-04-01\",\r\n        \"2019-02-01\",\r\n        \"2018-12-01\",\r\n        \"2018-11-01\",\r\n        \"2018-10-01\",\r\n        \"2018-08-01\"\r\n      ],\r\n      \"capabilities\": \"None\"\r\n    },\r\n    {\r\n      \"resourceType\": \"expressRouteGateways\",\r\n      \"locations\": [\r\n        \"West US\",\r\n        \"East US\",\r\n        \"North Europe\",\r\n        \"West Europe\",\r\n        \"East Asia\",\r\n        \"Southeast Asia\",\r\n        \"North Central US\",\r\n        \"South Central US\",\r\n        \"Central US\",\r\n        \"East US 2\",\r\n        \"Japan East\",\r\n        \"Japan West\",\r\n        \"Brazil South\",\r\n        \"Australia East\",\r\n        \"Australia Southeast\",\r\n        \"Central India\",\r\n        \"South India\",\r\n        \"West India\",\r\n        \"Canada Central\",\r\n        \"Canada East\",\r\n        \"West Central US\",\r\n        \"West US 2\",\r\n        \"UK West\",\r\n        \"UK South\",\r\n        \"Central US EUAP\",\r\n        \"East US 2 EUAP\",\r\n        \"Korea Central\",\r\n        \"Korea South\",\r\n        \"France Central\",\r\n        \"Australia Central\",\r\n        \"Australia Central 2\",\r\n        \"South Africa North\",\r\n        \"UAE North\"\r\n      ],\r\n      \"apiVersions\": [\r\n        \"2019-06-01\",\r\n        \"2019-04-01\",\r\n        \"2019-02-01\",\r\n        \"2018-12-01\",\r\n        \"2018-11-01\",\r\n        \"2018-10-01\",\r\n        \"2018-08-01\"\r\n      ],\r\n      \"capabilities\": \"None\"\r\n    },\r\n    {\r\n      \"resourceType\": \"frontdoors\",\r\n      \"locations\": [\r\n        \"Central US EUAP\",\r\n        \"East US 2 EUAP\",\r\n        \"global\",\r\n        \"Central US\",\r\n        \"East US\",\r\n        \"East US 2\",\r\n        \"North Central US\",\r\n        \"South Central US\",\r\n        \"West US\",\r\n        \"North Europe\",\r\n        \"West Europe\",\r\n        \"East Asia\",\r\n        \"Southeast Asia\",\r\n        \"Japan East\",\r\n        \"Japan West\",\r\n        \"Brazil South\",\r\n        \"Australia East\",\r\n        \"Australia Southeast\"\r\n      ],\r\n      \"apiVersions\": [\r\n        \"2019-05-01\",\r\n        \"2019-04-01\",\r\n        \"2019-02-01\",\r\n        \"2018-12-01\",\r\n        \"2018-11-01\",\r\n        \"2018-10-01\",\r\n        \"2018-08-01\",\r\n        \"2018-05-01\"\r\n      ],\r\n      \"capabilities\": \"CrossResourceGroupResourceMove, CrossSubscriptionResourceMove\"\r\n    },\r\n    {\r\n      \"resourceType\": \"frontdoorWebApplicationFirewallPolicies\",\r\n      \"locations\": [\r\n        \"East US 2 EUAP\",\r\n        \"global\",\r\n        \"Central US\",\r\n        \"East US\",\r\n        \"East US 2\",\r\n        \"North Central US\",\r\n        \"South Central US\",\r\n        \"West US\",\r\n        \"North Europe\",\r\n        \"West Europe\",\r\n        \"East Asia\",\r\n        \"Southeast Asia\",\r\n        \"Japan East\",\r\n        \"Japan West\",\r\n        \"Brazil South\",\r\n        \"Australia East\",\r\n        \"Australia Southeast\"\r\n      ],\r\n      \"apiVersions\": [\r\n        \"2019-03-01\",\r\n        \"2018-08-01\"\r\n      ],\r\n      \"capabilities\": \"CrossResourceGroupResourceMove, CrossSubscriptionResourceMove\"\r\n    },\r\n    {\r\n      \"resourceType\": \"webApplicationFirewallPolicies\",\r\n      \"locations\": [\r\n        \"East US 2 EUAP\",\r\n        \"global\",\r\n        \"Central US\",\r\n        \"East US\",\r\n        \"East US 2\",\r\n        \"North Central US\",\r\n        \"South Central US\",\r\n        \"West US\",\r\n        \"North Europe\",\r\n        \"West Europe\",\r\n        \"East Asia\",\r\n        \"Southeast Asia\",\r\n        \"Japan East\",\r\n        \"Japan West\",\r\n        \"Brazil South\",\r\n        \"Australia East\",\r\n        \"Australia Southeast\"\r\n      ],\r\n      \"apiVersions\": [\r\n        \"2018-08-01\"\r\n      ],\r\n      \"capabilities\": \"CrossResourceGroupResourceMove, CrossSubscriptionResourceMove\"\r\n    }\r\n  ],\r\n  \"registrationState\": \"Registered\"\r\n}",
      "StatusCode": 200
    },
    {
      "RequestUri": "/subscriptions/947d47b4-7883-4bb9-9d85-c5e8e2f572ce/resourceGroups/ps9162/providers/Microsoft.Network/virtualNetworks/ps6190?api-version=2019-06-01",
      "EncodedRequestUri": "L3N1YnNjcmlwdGlvbnMvOTQ3ZDQ3YjQtNzg4My00YmI5LTlkODUtYzVlOGUyZjU3MmNlL3Jlc291cmNlR3JvdXBzL3BzOTE2Mi9wcm92aWRlcnMvTWljcm9zb2Z0Lk5ldHdvcmsvdmlydHVhbE5ldHdvcmtzL3BzNjE5MD9hcGktdmVyc2lvbj0yMDE5LTA2LTAx",
      "RequestMethod": "GET",
      "RequestBody": "",
      "RequestHeaders": {
        "x-ms-client-request-id": [
          "d55cfa57-5d1e-47b5-a165-e0b85bedb9ea"
        ],
        "Accept-Language": [
          "en-US"
        ],
        "User-Agent": [
          "FxVersion/4.6.27617.04",
          "OSName/Windows",
          "OSVersion/Microsoft.Windows.10.0.18362.",
          "Microsoft.Azure.Management.Network.NetworkManagementClient/20.2.0.0"
        ]
      },
      "ResponseHeaders": {
        "Cache-Control": [
          "no-cache"
        ],
        "Pragma": [
          "no-cache"
        ],
        "x-ms-failure-cause": [
          "gateway"
        ],
        "x-ms-request-id": [
          "5ab7b12f-05aa-4d3d-9439-13faa8a5e39f"
        ],
        "x-ms-correlation-request-id": [
          "5ab7b12f-05aa-4d3d-9439-13faa8a5e39f"
        ],
        "x-ms-routing-request-id": [
          "BRAZILUS:20190715T111939Z:5ab7b12f-05aa-4d3d-9439-13faa8a5e39f"
        ],
        "Strict-Transport-Security": [
          "max-age=31536000; includeSubDomains"
        ],
        "X-Content-Type-Options": [
          "nosniff"
        ],
        "Date": [
          "Mon, 15 Jul 2019 11:19:39 GMT"
        ],
        "Content-Type": [
          "application/json; charset=utf-8"
        ],
        "Expires": [
          "-1"
        ],
        "Content-Length": [
          "150"
        ]
      },
      "ResponseBody": "{\r\n  \"error\": {\r\n    \"code\": \"ResourceNotFound\",\r\n    \"message\": \"The Resource 'Microsoft.Network/virtualNetworks/ps6190' under resource group 'ps9162' was not found.\"\r\n  }\r\n}",
      "StatusCode": 404
    },
    {
      "RequestUri": "/subscriptions/947d47b4-7883-4bb9-9d85-c5e8e2f572ce/resourceGroups/ps9162/providers/Microsoft.Network/virtualNetworks/ps6190?api-version=2019-06-01",
      "EncodedRequestUri": "L3N1YnNjcmlwdGlvbnMvOTQ3ZDQ3YjQtNzg4My00YmI5LTlkODUtYzVlOGUyZjU3MmNlL3Jlc291cmNlR3JvdXBzL3BzOTE2Mi9wcm92aWRlcnMvTWljcm9zb2Z0Lk5ldHdvcmsvdmlydHVhbE5ldHdvcmtzL3BzNjE5MD9hcGktdmVyc2lvbj0yMDE5LTA2LTAx",
      "RequestMethod": "GET",
      "RequestBody": "",
      "RequestHeaders": {
        "User-Agent": [
          "FxVersion/4.6.27617.04",
          "OSName/Windows",
          "OSVersion/Microsoft.Windows.10.0.18362.",
          "Microsoft.Azure.Management.Network.NetworkManagementClient/20.2.0.0"
        ]
      },
      "ResponseHeaders": {
        "Cache-Control": [
          "no-cache"
        ],
        "Pragma": [
          "no-cache"
        ],
        "ETag": [
          "W/\"e007c652-b49d-426b-8bde-a6515dde2dbd\""
        ],
        "x-ms-request-id": [
          "6f5212a6-4939-4d46-8aed-c89010f97d58"
        ],
        "x-ms-correlation-request-id": [
          "3918c135-5065-4ba4-bddc-0da60f7a97a1"
        ],
        "Strict-Transport-Security": [
          "max-age=31536000; includeSubDomains"
        ],
        "Server": [
          "Microsoft-HTTPAPI/2.0",
          "Microsoft-HTTPAPI/2.0"
        ],
        "x-ms-ratelimit-remaining-subscription-reads": [
          "11895"
        ],
        "x-ms-routing-request-id": [
          "BRAZILUS:20190715T111944Z:3918c135-5065-4ba4-bddc-0da60f7a97a1"
        ],
        "X-Content-Type-Options": [
          "nosniff"
        ],
        "Date": [
          "Mon, 15 Jul 2019 11:19:43 GMT"
        ],
        "Content-Length": [
          "630"
        ],
        "Content-Type": [
          "application/json; charset=utf-8"
        ],
        "Expires": [
          "-1"
        ]
      },
      "ResponseBody": "{\r\n  \"name\": \"ps6190\",\r\n  \"id\": \"/subscriptions/947d47b4-7883-4bb9-9d85-c5e8e2f572ce/resourceGroups/ps9162/providers/Microsoft.Network/virtualNetworks/ps6190\",\r\n  \"etag\": \"W/\\\"e007c652-b49d-426b-8bde-a6515dde2dbd\\\"\",\r\n  \"type\": \"Microsoft.Network/virtualNetworks\",\r\n  \"location\": \"westus\",\r\n  \"properties\": {\r\n    \"provisioningState\": \"Succeeded\",\r\n    \"resourceGuid\": \"bd98e9e0-f37d-4cda-a9e5-fa3a7d6d77be\",\r\n    \"addressSpace\": {\r\n      \"addressPrefixes\": [\r\n        \"10.0.0.0/8\"\r\n      ]\r\n    },\r\n    \"subnets\": [],\r\n    \"virtualNetworkPeerings\": [],\r\n    \"enableDdosProtection\": false,\r\n    \"enableVmProtection\": false\r\n  }\r\n}",
      "StatusCode": 200
    },
    {
      "RequestUri": "/subscriptions/947d47b4-7883-4bb9-9d85-c5e8e2f572ce/resourceGroups/ps9162/providers/Microsoft.Network/virtualNetworks/ps6190?api-version=2019-06-01",
      "EncodedRequestUri": "L3N1YnNjcmlwdGlvbnMvOTQ3ZDQ3YjQtNzg4My00YmI5LTlkODUtYzVlOGUyZjU3MmNlL3Jlc291cmNlR3JvdXBzL3BzOTE2Mi9wcm92aWRlcnMvTWljcm9zb2Z0Lk5ldHdvcmsvdmlydHVhbE5ldHdvcmtzL3BzNjE5MD9hcGktdmVyc2lvbj0yMDE5LTA2LTAx",
      "RequestMethod": "GET",
      "RequestBody": "",
      "RequestHeaders": {
        "x-ms-client-request-id": [
          "77217136-ce8d-426b-a3f5-69e5b49b3573"
        ],
        "Accept-Language": [
          "en-US"
        ],
        "User-Agent": [
          "FxVersion/4.6.27617.04",
          "OSName/Windows",
          "OSVersion/Microsoft.Windows.10.0.18362.",
          "Microsoft.Azure.Management.Network.NetworkManagementClient/20.2.0.0"
        ]
      },
      "ResponseHeaders": {
        "Cache-Control": [
          "no-cache"
        ],
        "Pragma": [
          "no-cache"
        ],
        "ETag": [
          "W/\"e007c652-b49d-426b-8bde-a6515dde2dbd\""
        ],
        "x-ms-request-id": [
          "eb724a64-4314-416e-9261-ef59fd8729c2"
        ],
        "x-ms-correlation-request-id": [
          "4b7818b5-7848-4699-a70e-f7a25977e18b"
        ],
        "Strict-Transport-Security": [
          "max-age=31536000; includeSubDomains"
        ],
        "Server": [
          "Microsoft-HTTPAPI/2.0",
          "Microsoft-HTTPAPI/2.0"
        ],
        "x-ms-ratelimit-remaining-subscription-reads": [
          "11894"
        ],
        "x-ms-routing-request-id": [
          "BRAZILUS:20190715T111944Z:4b7818b5-7848-4699-a70e-f7a25977e18b"
        ],
        "X-Content-Type-Options": [
          "nosniff"
        ],
        "Date": [
          "Mon, 15 Jul 2019 11:19:43 GMT"
        ],
        "Content-Length": [
          "630"
        ],
        "Content-Type": [
          "application/json; charset=utf-8"
        ],
        "Expires": [
          "-1"
        ]
      },
      "ResponseBody": "{\r\n  \"name\": \"ps6190\",\r\n  \"id\": \"/subscriptions/947d47b4-7883-4bb9-9d85-c5e8e2f572ce/resourceGroups/ps9162/providers/Microsoft.Network/virtualNetworks/ps6190\",\r\n  \"etag\": \"W/\\\"e007c652-b49d-426b-8bde-a6515dde2dbd\\\"\",\r\n  \"type\": \"Microsoft.Network/virtualNetworks\",\r\n  \"location\": \"westus\",\r\n  \"properties\": {\r\n    \"provisioningState\": \"Succeeded\",\r\n    \"resourceGuid\": \"bd98e9e0-f37d-4cda-a9e5-fa3a7d6d77be\",\r\n    \"addressSpace\": {\r\n      \"addressPrefixes\": [\r\n        \"10.0.0.0/8\"\r\n      ]\r\n    },\r\n    \"subnets\": [],\r\n    \"virtualNetworkPeerings\": [],\r\n    \"enableDdosProtection\": false,\r\n    \"enableVmProtection\": false\r\n  }\r\n}",
      "StatusCode": 200
    },
    {
      "RequestUri": "/subscriptions/947d47b4-7883-4bb9-9d85-c5e8e2f572ce/resourceGroups/ps9162/providers/Microsoft.Network/virtualNetworks/ps6190?api-version=2019-06-01",
      "EncodedRequestUri": "L3N1YnNjcmlwdGlvbnMvOTQ3ZDQ3YjQtNzg4My00YmI5LTlkODUtYzVlOGUyZjU3MmNlL3Jlc291cmNlR3JvdXBzL3BzOTE2Mi9wcm92aWRlcnMvTWljcm9zb2Z0Lk5ldHdvcmsvdmlydHVhbE5ldHdvcmtzL3BzNjE5MD9hcGktdmVyc2lvbj0yMDE5LTA2LTAx",
      "RequestMethod": "PUT",
      "RequestBody": "{\r\n  \"properties\": {\r\n    \"addressSpace\": {\r\n      \"addressPrefixes\": [\r\n        \"10.0.0.0/8\"\r\n      ]\r\n    },\r\n    \"subnets\": [],\r\n    \"virtualNetworkPeerings\": [],\r\n    \"enableDdosProtection\": false\r\n  },\r\n  \"location\": \"West US\"\r\n}",
      "RequestHeaders": {
        "x-ms-client-request-id": [
          "6fea9899-4870-492a-878e-818d6d9bbd06"
        ],
        "Accept-Language": [
          "en-US"
        ],
        "User-Agent": [
          "FxVersion/4.6.27617.04",
          "OSName/Windows",
          "OSVersion/Microsoft.Windows.10.0.18362.",
          "Microsoft.Azure.Management.Network.NetworkManagementClient/20.2.0.0"
        ],
        "Content-Type": [
          "application/json; charset=utf-8"
        ],
        "Content-Length": [
          "234"
        ]
      },
      "ResponseHeaders": {
        "Cache-Control": [
          "no-cache"
        ],
        "Pragma": [
          "no-cache"
        ],
        "Retry-After": [
          "3"
        ],
        "x-ms-request-id": [
          "8b8f2e7f-69ab-4980-8cf8-55156f3447b5"
        ],
        "Azure-AsyncOperation": [
          "https://brazilus.management.azure.com/subscriptions/947d47b4-7883-4bb9-9d85-c5e8e2f572ce/providers/Microsoft.Network/locations/westus.validation/operations/8b8f2e7f-69ab-4980-8cf8-55156f3447b5?api-version=2019-06-01"
        ],
        "x-ms-correlation-request-id": [
          "ed8f7e08-a420-4d7b-8042-7337fc23b82d"
        ],
        "Strict-Transport-Security": [
          "max-age=31536000; includeSubDomains"
        ],
        "Server": [
          "Microsoft-HTTPAPI/2.0",
          "Microsoft-HTTPAPI/2.0"
        ],
        "x-ms-ratelimit-remaining-subscription-writes": [
          "1177"
        ],
        "x-ms-routing-request-id": [
          "BRAZILUS:20190715T111940Z:ed8f7e08-a420-4d7b-8042-7337fc23b82d"
        ],
        "X-Content-Type-Options": [
          "nosniff"
        ],
        "Date": [
          "Mon, 15 Jul 2019 11:19:40 GMT"
        ],
        "Content-Length": [
          "629"
        ],
        "Content-Type": [
          "application/json; charset=utf-8"
        ],
        "Expires": [
          "-1"
        ]
      },
      "ResponseBody": "{\r\n  \"name\": \"ps6190\",\r\n  \"id\": \"/subscriptions/947d47b4-7883-4bb9-9d85-c5e8e2f572ce/resourceGroups/ps9162/providers/Microsoft.Network/virtualNetworks/ps6190\",\r\n  \"etag\": \"W/\\\"3d71f74f-cfbe-44e2-9df3-effd9a497098\\\"\",\r\n  \"type\": \"Microsoft.Network/virtualNetworks\",\r\n  \"location\": \"westus\",\r\n  \"properties\": {\r\n    \"provisioningState\": \"Updating\",\r\n    \"resourceGuid\": \"bd98e9e0-f37d-4cda-a9e5-fa3a7d6d77be\",\r\n    \"addressSpace\": {\r\n      \"addressPrefixes\": [\r\n        \"10.0.0.0/8\"\r\n      ]\r\n    },\r\n    \"subnets\": [],\r\n    \"virtualNetworkPeerings\": [],\r\n    \"enableDdosProtection\": false,\r\n    \"enableVmProtection\": false\r\n  }\r\n}",
      "StatusCode": 201
    },
    {
      "RequestUri": "/subscriptions/947d47b4-7883-4bb9-9d85-c5e8e2f572ce/providers/Microsoft.Network/locations/westus.validation/operations/8b8f2e7f-69ab-4980-8cf8-55156f3447b5?api-version=2019-06-01",
      "EncodedRequestUri": "L3N1YnNjcmlwdGlvbnMvOTQ3ZDQ3YjQtNzg4My00YmI5LTlkODUtYzVlOGUyZjU3MmNlL3Byb3ZpZGVycy9NaWNyb3NvZnQuTmV0d29yay9sb2NhdGlvbnMvd2VzdHVzLnZhbGlkYXRpb24vb3BlcmF0aW9ucy84YjhmMmU3Zi02OWFiLTQ5ODAtOGNmOC01NTE1NmYzNDQ3YjU/YXBpLXZlcnNpb249MjAxOS0wNi0wMQ==",
      "RequestMethod": "GET",
      "RequestBody": "",
      "RequestHeaders": {
        "User-Agent": [
          "FxVersion/4.6.27617.04",
          "OSName/Windows",
          "OSVersion/Microsoft.Windows.10.0.18362.",
          "Microsoft.Azure.Management.Network.NetworkManagementClient/20.2.0.0"
        ]
      },
      "ResponseHeaders": {
        "Cache-Control": [
          "no-cache"
        ],
        "Pragma": [
          "no-cache"
        ],
        "x-ms-request-id": [
          "8daadf3e-4198-470c-b268-bbc8641ae576"
        ],
        "x-ms-correlation-request-id": [
          "e16c6273-40f8-4076-bbbd-ce1db8b6e218"
        ],
        "Strict-Transport-Security": [
          "max-age=31536000; includeSubDomains"
        ],
        "Server": [
          "Microsoft-HTTPAPI/2.0",
          "Microsoft-HTTPAPI/2.0"
        ],
        "x-ms-ratelimit-remaining-subscription-reads": [
          "11896"
        ],
        "x-ms-routing-request-id": [
          "BRAZILUS:20190715T111944Z:e16c6273-40f8-4076-bbbd-ce1db8b6e218"
        ],
        "X-Content-Type-Options": [
          "nosniff"
        ],
        "Date": [
          "Mon, 15 Jul 2019 11:19:43 GMT"
        ],
        "Content-Length": [
          "29"
        ],
        "Content-Type": [
          "application/json; charset=utf-8"
        ],
        "Expires": [
          "-1"
        ]
      },
      "ResponseBody": "{\r\n  \"status\": \"Succeeded\"\r\n}",
      "StatusCode": 200
    },
    {
      "RequestUri": "/subscriptions/947d47b4-7883-4bb9-9d85-c5e8e2f572ce/resourceGroups/ps9162/providers/Microsoft.Network/privateDnsZones/ps4250.pstest.test/virtualNetworkLinks/ps9084.testlink?api-version=2018-09-01",
      "EncodedRequestUri": "L3N1YnNjcmlwdGlvbnMvOTQ3ZDQ3YjQtNzg4My00YmI5LTlkODUtYzVlOGUyZjU3MmNlL3Jlc291cmNlR3JvdXBzL3BzOTE2Mi9wcm92aWRlcnMvTWljcm9zb2Z0Lk5ldHdvcmsvcHJpdmF0ZURuc1pvbmVzL3BzNDI1MC5wc3Rlc3QudGVzdC92aXJ0dWFsTmV0d29ya0xpbmtzL3BzOTA4NC50ZXN0bGluaz9hcGktdmVyc2lvbj0yMDE4LTA5LTAx",
      "RequestMethod": "PUT",
      "RequestBody": "{\r\n  \"properties\": {\r\n    \"virtualNetwork\": {\r\n      \"id\": \"/subscriptions/947d47b4-7883-4bb9-9d85-c5e8e2f572ce/resourceGroups/ps9162/providers/Microsoft.Network/virtualNetworks/ps6190\"\r\n    },\r\n    \"registrationEnabled\": true\r\n  },\r\n  \"tags\": {\r\n    \"tag1\": \"value1\"\r\n  },\r\n  \"location\": \"global\"\r\n}",
      "RequestHeaders": {
        "x-ms-client-request-id": [
          "feae3b35-1793-4849-b484-8b3ff5fca3cd"
        ],
        "If-None-Match": [
          "*"
        ],
        "Accept-Language": [
          "en-US"
        ],
        "User-Agent": [
          "FxVersion/4.6.27617.04",
          "OSName/Windows",
          "OSVersion/Microsoft.Windows.10.0.18362.",
          "Microsoft.Azure.Management.PrivateDns.PrivateDnsManagementClient/0.8.0.0"
        ],
        "Content-Type": [
          "application/json; charset=utf-8"
        ],
        "Content-Length": [
          "300"
        ]
      },
      "ResponseHeaders": {
        "Cache-Control": [
          "private"
        ],
        "Location": [
          "https://brazilus.management.azure.com/subscriptions/947d47b4-7883-4bb9-9d85-c5e8e2f572ce/resourceGroups/ps9162/providers/Microsoft.Network/privateDnsOperationResults/RnJvbnRFbmRBc3luY09wZXJhdGlvbjtVcHNlcnRWaXJ0dWFsTmV0d29ya0xpbms7ZGJlYjU1OGMtZjQ4OS00OGZmLTllNTMtNjhmYjUwMWQ5ODA1?api-version=2018-09-01"
        ],
        "Retry-After": [
          "10"
        ],
        "X-Content-Type-Options": [
          "nosniff"
        ],
        "Strict-Transport-Security": [
          "max-age=31536000; includeSubDomains"
        ],
        "Azure-AsyncOperation": [
          "https://brazilus.management.azure.com:443/subscriptions/947d47b4-7883-4bb9-9d85-c5e8e2f572ce/resourceGroups/ps9162/providers/Microsoft.Network/privateDnsOperationStatuses/RnJvbnRFbmRBc3luY09wZXJhdGlvbjtVcHNlcnRWaXJ0dWFsTmV0d29ya0xpbms7ZGJlYjU1OGMtZjQ4OS00OGZmLTllNTMtNjhmYjUwMWQ5ODA1?api-version=2018-09-01"
        ],
        "x-ms-request-id": [
          "feae3b35-1793-4849-b484-8b3ff5fca3cd"
        ],
        "Server": [
          "Microsoft-IIS/10.0"
        ],
        "X-AspNet-Version": [
          "4.0.30319"
        ],
        "X-Powered-By": [
          "ASP.NET"
        ],
        "x-ms-ratelimit-remaining-subscription-resource-requests": [
          "11994"
        ],
        "x-ms-correlation-request-id": [
          "c798f178-d555-49b4-8855-00d55a9556d5"
        ],
        "x-ms-routing-request-id": [
          "BRAZILUS:20190715T111946Z:c798f178-d555-49b4-8855-00d55a9556d5"
        ],
        "Date": [
          "Mon, 15 Jul 2019 11:19:45 GMT"
        ],
        "Content-Length": [
          "2"
        ],
        "Content-Type": [
          "application/json; charset=utf-8"
        ]
      },
      "ResponseBody": "{}",
      "StatusCode": 202
    },
    {
      "RequestUri": "/subscriptions/947d47b4-7883-4bb9-9d85-c5e8e2f572ce/resourceGroups/ps9162/providers/Microsoft.Network/privateDnsOperationStatuses/RnJvbnRFbmRBc3luY09wZXJhdGlvbjtVcHNlcnRWaXJ0dWFsTmV0d29ya0xpbms7ZGJlYjU1OGMtZjQ4OS00OGZmLTllNTMtNjhmYjUwMWQ5ODA1?api-version=2018-09-01",
      "EncodedRequestUri": "L3N1YnNjcmlwdGlvbnMvOTQ3ZDQ3YjQtNzg4My00YmI5LTlkODUtYzVlOGUyZjU3MmNlL3Jlc291cmNlR3JvdXBzL3BzOTE2Mi9wcm92aWRlcnMvTWljcm9zb2Z0Lk5ldHdvcmsvcHJpdmF0ZURuc09wZXJhdGlvblN0YXR1c2VzL1JuSnZiblJGYm1SQmMzbHVZMDl3WlhKaGRHbHZianRWY0hObGNuUldhWEowZFdGc1RtVjBkMjl5YTB4cGJtczdaR0psWWpVMU9HTXRaalE0T1MwME9HWm1MVGxsTlRNdE5qaG1ZalV3TVdRNU9EQTE/YXBpLXZlcnNpb249MjAxOC0wOS0wMQ==",
      "RequestMethod": "GET",
      "RequestBody": "",
      "RequestHeaders": {
        "User-Agent": [
          "FxVersion/4.6.27617.04",
          "OSName/Windows",
          "OSVersion/Microsoft.Windows.10.0.18362.",
          "Microsoft.Azure.Management.PrivateDns.PrivateDnsManagementClient/0.8.0.0"
        ]
      },
      "ResponseHeaders": {
        "Cache-Control": [
          "private"
        ],
        "Location": [
          "https://brazilus.management.azure.com/subscriptions/947d47b4-7883-4bb9-9d85-c5e8e2f572ce/resourceGroups/ps9162/providers/Microsoft.Network/privateDnsOperationResults/RnJvbnRFbmRBc3luY09wZXJhdGlvbjtVcHNlcnRWaXJ0dWFsTmV0d29ya0xpbms7ZGJlYjU1OGMtZjQ4OS00OGZmLTllNTMtNjhmYjUwMWQ5ODA1?api-version=2018-09-01"
        ],
        "Retry-After": [
          "10"
        ],
        "X-Content-Type-Options": [
          "nosniff"
        ],
        "Strict-Transport-Security": [
          "max-age=31536000; includeSubDomains"
        ],
        "Azure-AsyncOperation": [
          "https://brazilus.management.azure.com:443/subscriptions/947d47b4-7883-4bb9-9d85-c5e8e2f572ce/resourceGroups/ps9162/providers/Microsoft.Network/privateDnsOperationStatuses/RnJvbnRFbmRBc3luY09wZXJhdGlvbjtVcHNlcnRWaXJ0dWFsTmV0d29ya0xpbms7ZGJlYjU1OGMtZjQ4OS00OGZmLTllNTMtNjhmYjUwMWQ5ODA1?api-version=2018-09-01"
        ],
        "x-ms-request-id": [
          "a59e962d-0e9b-4edd-b765-98c881a63c3d"
        ],
        "Server": [
          "Microsoft-IIS/10.0"
        ],
        "X-AspNet-Version": [
          "4.0.30319"
        ],
        "X-Powered-By": [
          "ASP.NET"
        ],
        "x-ms-ratelimit-remaining-subscription-resource-requests": [
          "11977"
        ],
        "x-ms-correlation-request-id": [
          "acf26f27-7862-4a80-9b4f-a19bd84c58c0"
        ],
        "x-ms-routing-request-id": [
          "BRAZILUS:20190715T111956Z:acf26f27-7862-4a80-9b4f-a19bd84c58c0"
        ],
        "Date": [
          "Mon, 15 Jul 2019 11:19:55 GMT"
        ],
        "Content-Length": [
          "23"
        ],
        "Content-Type": [
          "application/json; charset=utf-8"
        ]
      },
      "ResponseBody": "{\r\n  \"status\": \"InProgress\"\r\n}",
      "StatusCode": 202
    },
    {
      "RequestUri": "/subscriptions/947d47b4-7883-4bb9-9d85-c5e8e2f572ce/resourceGroups/ps9162/providers/Microsoft.Network/privateDnsOperationStatuses/RnJvbnRFbmRBc3luY09wZXJhdGlvbjtVcHNlcnRWaXJ0dWFsTmV0d29ya0xpbms7ZGJlYjU1OGMtZjQ4OS00OGZmLTllNTMtNjhmYjUwMWQ5ODA1?api-version=2018-09-01",
      "EncodedRequestUri": "L3N1YnNjcmlwdGlvbnMvOTQ3ZDQ3YjQtNzg4My00YmI5LTlkODUtYzVlOGUyZjU3MmNlL3Jlc291cmNlR3JvdXBzL3BzOTE2Mi9wcm92aWRlcnMvTWljcm9zb2Z0Lk5ldHdvcmsvcHJpdmF0ZURuc09wZXJhdGlvblN0YXR1c2VzL1JuSnZiblJGYm1SQmMzbHVZMDl3WlhKaGRHbHZianRWY0hObGNuUldhWEowZFdGc1RtVjBkMjl5YTB4cGJtczdaR0psWWpVMU9HTXRaalE0T1MwME9HWm1MVGxsTlRNdE5qaG1ZalV3TVdRNU9EQTE/YXBpLXZlcnNpb249MjAxOC0wOS0wMQ==",
      "RequestMethod": "GET",
      "RequestBody": "",
      "RequestHeaders": {
        "User-Agent": [
          "FxVersion/4.6.27617.04",
          "OSName/Windows",
          "OSVersion/Microsoft.Windows.10.0.18362.",
          "Microsoft.Azure.Management.PrivateDns.PrivateDnsManagementClient/0.8.0.0"
        ]
      },
      "ResponseHeaders": {
        "Cache-Control": [
          "private"
        ],
        "X-Content-Type-Options": [
          "nosniff"
        ],
        "Strict-Transport-Security": [
          "max-age=31536000; includeSubDomains"
        ],
        "x-ms-request-id": [
          "269c1549-6826-45ef-af35-49cfe6e3b79d"
        ],
        "Server": [
          "Microsoft-IIS/10.0"
        ],
        "X-AspNet-Version": [
          "4.0.30319"
        ],
        "X-Powered-By": [
          "ASP.NET"
        ],
        "x-ms-ratelimit-remaining-subscription-resource-requests": [
          "11976"
        ],
        "x-ms-correlation-request-id": [
          "b149b7bf-0703-4782-9cad-56b486de3908"
        ],
        "x-ms-routing-request-id": [
          "BRAZILUS:20190715T112006Z:b149b7bf-0703-4782-9cad-56b486de3908"
        ],
        "Date": [
          "Mon, 15 Jul 2019 11:20:06 GMT"
        ],
        "Content-Length": [
          "22"
        ],
        "Content-Type": [
          "application/json; charset=utf-8"
        ]
      },
      "ResponseBody": "{\r\n  \"status\": \"Succeeded\"\r\n}",
      "StatusCode": 200
    },
    {
      "RequestUri": "/subscriptions/947d47b4-7883-4bb9-9d85-c5e8e2f572ce/resourceGroups/ps9162/providers/Microsoft.Network/privateDnsZones/ps4250.pstest.test/virtualNetworkLinks/ps9084.testlink?api-version=2018-09-01",
      "EncodedRequestUri": "L3N1YnNjcmlwdGlvbnMvOTQ3ZDQ3YjQtNzg4My00YmI5LTlkODUtYzVlOGUyZjU3MmNlL3Jlc291cmNlR3JvdXBzL3BzOTE2Mi9wcm92aWRlcnMvTWljcm9zb2Z0Lk5ldHdvcmsvcHJpdmF0ZURuc1pvbmVzL3BzNDI1MC5wc3Rlc3QudGVzdC92aXJ0dWFsTmV0d29ya0xpbmtzL3BzOTA4NC50ZXN0bGluaz9hcGktdmVyc2lvbj0yMDE4LTA5LTAx",
      "RequestMethod": "GET",
      "RequestBody": "",
      "RequestHeaders": {
        "User-Agent": [
          "FxVersion/4.6.27617.04",
          "OSName/Windows",
          "OSVersion/Microsoft.Windows.10.0.18362.",
          "Microsoft.Azure.Management.PrivateDns.PrivateDnsManagementClient/0.8.0.0"
        ]
      },
      "ResponseHeaders": {
        "Cache-Control": [
          "private"
        ],
        "ETag": [
          "\"94009ced-0000-0500-0000-5d2c61620000\""
        ],
        "X-Content-Type-Options": [
          "nosniff"
        ],
        "Strict-Transport-Security": [
          "max-age=31536000; includeSubDomains"
        ],
        "x-ms-request-id": [
          "c4b48a5b-31b1-4852-92b8-c6e21c4b1de6"
        ],
        "Server": [
          "Microsoft-IIS/10.0"
        ],
        "X-AspNet-Version": [
          "4.0.30319"
        ],
        "X-Powered-By": [
          "ASP.NET"
        ],
        "x-ms-ratelimit-remaining-subscription-resource-requests": [
          "11986"
        ],
        "x-ms-correlation-request-id": [
          "ff845c9f-192d-435c-b7a1-3f51b149537f"
        ],
        "x-ms-routing-request-id": [
          "BRAZILUS:20190715T112007Z:ff845c9f-192d-435c-b7a1-3f51b149537f"
        ],
        "Date": [
          "Mon, 15 Jul 2019 11:20:06 GMT"
        ],
        "Content-Length": [
          "648"
        ],
        "Content-Type": [
          "application/json; charset=utf-8"
        ]
      },
      "ResponseBody": "{\r\n  \"id\": \"/subscriptions/947d47b4-7883-4bb9-9d85-c5e8e2f572ce/resourceGroups/ps9162/providers/Microsoft.Network/privateDnsZones/ps4250.pstest.test/virtualNetworkLinks/ps9084.testlink\",\r\n  \"name\": \"ps9084.testlink\",\r\n  \"type\": \"Microsoft.Network/privateDnsZones/virtualNetworkLinks\",\r\n  \"etag\": \"\\\"94009ced-0000-0500-0000-5d2c61620000\\\"\",\r\n  \"location\": \"global\",\r\n  \"tags\": {\r\n    \"tag1\": \"value1\"\r\n  },\r\n  \"properties\": {\r\n    \"provisioningState\": \"Succeeded\",\r\n    \"registrationEnabled\": true,\r\n    \"virtualNetwork\": {\r\n      \"id\": \"/subscriptions/947d47b4-7883-4bb9-9d85-c5e8e2f572ce/resourceGroups/ps9162/providers/Microsoft.Network/virtualNetworks/ps6190\"\r\n    },\r\n    \"virtualNetworkLinkState\": \"InProgress\"\r\n  }\r\n}",
      "StatusCode": 200
    },
    {
      "RequestUri": "/subscriptions/947d47b4-7883-4bb9-9d85-c5e8e2f572ce/resourcegroups/ps9162?api-version=2016-09-01",
      "EncodedRequestUri": "L3N1YnNjcmlwdGlvbnMvOTQ3ZDQ3YjQtNzg4My00YmI5LTlkODUtYzVlOGUyZjU3MmNlL3Jlc291cmNlZ3JvdXBzL3BzOTE2Mj9hcGktdmVyc2lvbj0yMDE2LTA5LTAx",
      "RequestMethod": "DELETE",
      "RequestBody": "",
      "RequestHeaders": {
        "x-ms-client-request-id": [
          "3a32747e-3b23-4ed3-86f8-aeeb30eee9fa"
        ],
        "Accept-Language": [
          "en-US"
        ],
        "User-Agent": [
          "FxVersion/4.6.27617.04",
          "OSName/Windows",
          "OSVersion/Microsoft.Windows.10.0.18362.",
          "Microsoft.Azure.Management.Internal.Resources.ResourceManagementClient/1.3.1"
        ]
      },
      "ResponseHeaders": {
        "Cache-Control": [
          "no-cache"
        ],
        "Pragma": [
          "no-cache"
        ],
        "Location": [
          "https://brazilus.management.azure.com/subscriptions/947d47b4-7883-4bb9-9d85-c5e8e2f572ce/operationresults/eyJqb2JJZCI6IlJFU09VUkNFR1JPVVBERUxFVElPTkpPQi1QUzkxNjItV0VTVFVTIiwiam9iTG9jYXRpb24iOiJ3ZXN0dXMifQ?api-version=2016-09-01"
        ],
        "Retry-After": [
          "15"
        ],
        "x-ms-ratelimit-remaining-subscription-deletes": [
          "14984"
        ],
        "x-ms-request-id": [
          "0c4dcc5b-44af-47b3-8e11-1efcb218b4a7"
        ],
        "x-ms-correlation-request-id": [
          "0c4dcc5b-44af-47b3-8e11-1efcb218b4a7"
        ],
        "x-ms-routing-request-id": [
          "BRAZILUS:20190715T112008Z:0c4dcc5b-44af-47b3-8e11-1efcb218b4a7"
        ],
        "Strict-Transport-Security": [
          "max-age=31536000; includeSubDomains"
        ],
        "X-Content-Type-Options": [
          "nosniff"
        ],
        "Date": [
          "Mon, 15 Jul 2019 11:20:07 GMT"
        ],
        "Expires": [
          "-1"
        ],
        "Content-Length": [
          "0"
        ]
      },
      "ResponseBody": "",
      "StatusCode": 202
    },
    {
      "RequestUri": "/subscriptions/947d47b4-7883-4bb9-9d85-c5e8e2f572ce/operationresults/eyJqb2JJZCI6IlJFU09VUkNFR1JPVVBERUxFVElPTkpPQi1QUzkxNjItV0VTVFVTIiwiam9iTG9jYXRpb24iOiJ3ZXN0dXMifQ?api-version=2016-09-01",
      "EncodedRequestUri": "L3N1YnNjcmlwdGlvbnMvOTQ3ZDQ3YjQtNzg4My00YmI5LTlkODUtYzVlOGUyZjU3MmNlL29wZXJhdGlvbnJlc3VsdHMvZXlKcWIySkpaQ0k2SWxKRlUwOVZVa05GUjFKUFZWQkVSVXhGVkVsUFRrcFBRaTFRVXpreE5qSXRWMFZUVkZWVElpd2lhbTlpVEc5allYUnBiMjRpT2lKM1pYTjBkWE1pZlE/YXBpLXZlcnNpb249MjAxNi0wOS0wMQ==",
      "RequestMethod": "GET",
      "RequestBody": "",
      "RequestHeaders": {
        "User-Agent": [
          "FxVersion/4.6.27617.04",
          "OSName/Windows",
          "OSVersion/Microsoft.Windows.10.0.18362.",
          "Microsoft.Azure.Management.Internal.Resources.ResourceManagementClient/1.3.1"
        ]
      },
      "ResponseHeaders": {
        "Cache-Control": [
          "no-cache"
        ],
        "Pragma": [
          "no-cache"
        ],
        "Location": [
          "https://brazilus.management.azure.com/subscriptions/947d47b4-7883-4bb9-9d85-c5e8e2f572ce/operationresults/eyJqb2JJZCI6IlJFU09VUkNFR1JPVVBERUxFVElPTkpPQi1QUzkxNjItV0VTVFVTIiwiam9iTG9jYXRpb24iOiJ3ZXN0dXMifQ?api-version=2016-09-01"
        ],
        "Retry-After": [
          "15"
        ],
        "x-ms-ratelimit-remaining-subscription-reads": [
          "11820"
        ],
        "x-ms-request-id": [
          "5c678787-3e54-43fd-907b-6cd1163d7cf7"
        ],
        "x-ms-correlation-request-id": [
          "5c678787-3e54-43fd-907b-6cd1163d7cf7"
        ],
        "x-ms-routing-request-id": [
          "BRAZILUS:20190715T112023Z:5c678787-3e54-43fd-907b-6cd1163d7cf7"
        ],
        "Strict-Transport-Security": [
          "max-age=31536000; includeSubDomains"
        ],
        "X-Content-Type-Options": [
          "nosniff"
        ],
        "Date": [
          "Mon, 15 Jul 2019 11:20:22 GMT"
        ],
        "Expires": [
          "-1"
        ],
        "Content-Length": [
          "0"
        ]
      },
      "ResponseBody": "",
      "StatusCode": 202
    },
    {
      "RequestUri": "/subscriptions/947d47b4-7883-4bb9-9d85-c5e8e2f572ce/operationresults/eyJqb2JJZCI6IlJFU09VUkNFR1JPVVBERUxFVElPTkpPQi1QUzkxNjItV0VTVFVTIiwiam9iTG9jYXRpb24iOiJ3ZXN0dXMifQ?api-version=2016-09-01",
      "EncodedRequestUri": "L3N1YnNjcmlwdGlvbnMvOTQ3ZDQ3YjQtNzg4My00YmI5LTlkODUtYzVlOGUyZjU3MmNlL29wZXJhdGlvbnJlc3VsdHMvZXlKcWIySkpaQ0k2SWxKRlUwOVZVa05GUjFKUFZWQkVSVXhGVkVsUFRrcFBRaTFRVXpreE5qSXRWMFZUVkZWVElpd2lhbTlpVEc5allYUnBiMjRpT2lKM1pYTjBkWE1pZlE/YXBpLXZlcnNpb249MjAxNi0wOS0wMQ==",
      "RequestMethod": "GET",
      "RequestBody": "",
      "RequestHeaders": {
        "User-Agent": [
          "FxVersion/4.6.27617.04",
          "OSName/Windows",
          "OSVersion/Microsoft.Windows.10.0.18362.",
          "Microsoft.Azure.Management.Internal.Resources.ResourceManagementClient/1.3.1"
        ]
      },
      "ResponseHeaders": {
        "Cache-Control": [
          "no-cache"
        ],
        "Pragma": [
          "no-cache"
        ],
        "Location": [
          "https://brazilus.management.azure.com/subscriptions/947d47b4-7883-4bb9-9d85-c5e8e2f572ce/operationresults/eyJqb2JJZCI6IlJFU09VUkNFR1JPVVBERUxFVElPTkpPQi1QUzkxNjItV0VTVFVTIiwiam9iTG9jYXRpb24iOiJ3ZXN0dXMifQ?api-version=2016-09-01"
        ],
        "Retry-After": [
          "15"
        ],
        "x-ms-ratelimit-remaining-subscription-reads": [
          "11819"
        ],
        "x-ms-request-id": [
          "672be67b-7684-423e-bb05-c860f3264637"
        ],
        "x-ms-correlation-request-id": [
          "672be67b-7684-423e-bb05-c860f3264637"
        ],
        "x-ms-routing-request-id": [
          "BRAZILUS:20190715T112038Z:672be67b-7684-423e-bb05-c860f3264637"
        ],
        "Strict-Transport-Security": [
          "max-age=31536000; includeSubDomains"
        ],
        "X-Content-Type-Options": [
          "nosniff"
        ],
        "Date": [
          "Mon, 15 Jul 2019 11:20:37 GMT"
        ],
        "Expires": [
          "-1"
        ],
        "Content-Length": [
          "0"
        ]
      },
      "ResponseBody": "",
      "StatusCode": 202
    },
    {
      "RequestUri": "/subscriptions/947d47b4-7883-4bb9-9d85-c5e8e2f572ce/operationresults/eyJqb2JJZCI6IlJFU09VUkNFR1JPVVBERUxFVElPTkpPQi1QUzkxNjItV0VTVFVTIiwiam9iTG9jYXRpb24iOiJ3ZXN0dXMifQ?api-version=2016-09-01",
      "EncodedRequestUri": "L3N1YnNjcmlwdGlvbnMvOTQ3ZDQ3YjQtNzg4My00YmI5LTlkODUtYzVlOGUyZjU3MmNlL29wZXJhdGlvbnJlc3VsdHMvZXlKcWIySkpaQ0k2SWxKRlUwOVZVa05GUjFKUFZWQkVSVXhGVkVsUFRrcFBRaTFRVXpreE5qSXRWMFZUVkZWVElpd2lhbTlpVEc5allYUnBiMjRpT2lKM1pYTjBkWE1pZlE/YXBpLXZlcnNpb249MjAxNi0wOS0wMQ==",
      "RequestMethod": "GET",
      "RequestBody": "",
      "RequestHeaders": {
        "User-Agent": [
          "FxVersion/4.6.27617.04",
          "OSName/Windows",
          "OSVersion/Microsoft.Windows.10.0.18362.",
          "Microsoft.Azure.Management.Internal.Resources.ResourceManagementClient/1.3.1"
        ]
      },
      "ResponseHeaders": {
        "Cache-Control": [
          "no-cache"
        ],
        "Pragma": [
          "no-cache"
        ],
        "Location": [
          "https://brazilus.management.azure.com/subscriptions/947d47b4-7883-4bb9-9d85-c5e8e2f572ce/operationresults/eyJqb2JJZCI6IlJFU09VUkNFR1JPVVBERUxFVElPTkpPQi1QUzkxNjItV0VTVFVTIiwiam9iTG9jYXRpb24iOiJ3ZXN0dXMifQ?api-version=2016-09-01"
        ],
        "Retry-After": [
          "15"
        ],
        "x-ms-ratelimit-remaining-subscription-reads": [
          "11813"
        ],
        "x-ms-request-id": [
          "4c257d2f-03a4-4786-97f8-a6c1895051b5"
        ],
        "x-ms-correlation-request-id": [
          "4c257d2f-03a4-4786-97f8-a6c1895051b5"
        ],
        "x-ms-routing-request-id": [
          "BRAZILUS:20190715T112053Z:4c257d2f-03a4-4786-97f8-a6c1895051b5"
        ],
        "Strict-Transport-Security": [
          "max-age=31536000; includeSubDomains"
        ],
        "X-Content-Type-Options": [
          "nosniff"
        ],
        "Date": [
          "Mon, 15 Jul 2019 11:20:53 GMT"
        ],
        "Expires": [
          "-1"
        ],
        "Content-Length": [
          "0"
        ]
      },
      "ResponseBody": "",
      "StatusCode": 202
    },
    {
      "RequestUri": "/subscriptions/947d47b4-7883-4bb9-9d85-c5e8e2f572ce/operationresults/eyJqb2JJZCI6IlJFU09VUkNFR1JPVVBERUxFVElPTkpPQi1QUzkxNjItV0VTVFVTIiwiam9iTG9jYXRpb24iOiJ3ZXN0dXMifQ?api-version=2016-09-01",
      "EncodedRequestUri": "L3N1YnNjcmlwdGlvbnMvOTQ3ZDQ3YjQtNzg4My00YmI5LTlkODUtYzVlOGUyZjU3MmNlL29wZXJhdGlvbnJlc3VsdHMvZXlKcWIySkpaQ0k2SWxKRlUwOVZVa05GUjFKUFZWQkVSVXhGVkVsUFRrcFBRaTFRVXpreE5qSXRWMFZUVkZWVElpd2lhbTlpVEc5allYUnBiMjRpT2lKM1pYTjBkWE1pZlE/YXBpLXZlcnNpb249MjAxNi0wOS0wMQ==",
      "RequestMethod": "GET",
      "RequestBody": "",
      "RequestHeaders": {
        "User-Agent": [
          "FxVersion/4.6.27617.04",
          "OSName/Windows",
          "OSVersion/Microsoft.Windows.10.0.18362.",
          "Microsoft.Azure.Management.Internal.Resources.ResourceManagementClient/1.3.1"
        ]
      },
      "ResponseHeaders": {
        "Cache-Control": [
          "no-cache"
        ],
        "Pragma": [
          "no-cache"
        ],
        "Location": [
          "https://brazilus.management.azure.com/subscriptions/947d47b4-7883-4bb9-9d85-c5e8e2f572ce/operationresults/eyJqb2JJZCI6IlJFU09VUkNFR1JPVVBERUxFVElPTkpPQi1QUzkxNjItV0VTVFVTIiwiam9iTG9jYXRpb24iOiJ3ZXN0dXMifQ?api-version=2016-09-01"
        ],
        "Retry-After": [
          "15"
        ],
        "x-ms-ratelimit-remaining-subscription-reads": [
          "11812"
        ],
        "x-ms-request-id": [
          "3458688a-78f2-4edf-bc34-d2cfc0e88922"
        ],
        "x-ms-correlation-request-id": [
          "3458688a-78f2-4edf-bc34-d2cfc0e88922"
        ],
        "x-ms-routing-request-id": [
          "BRAZILUS:20190715T112109Z:3458688a-78f2-4edf-bc34-d2cfc0e88922"
        ],
        "Strict-Transport-Security": [
          "max-age=31536000; includeSubDomains"
        ],
        "X-Content-Type-Options": [
          "nosniff"
        ],
        "Date": [
          "Mon, 15 Jul 2019 11:21:08 GMT"
        ],
        "Expires": [
          "-1"
        ],
        "Content-Length": [
          "0"
        ]
      },
      "ResponseBody": "",
      "StatusCode": 202
    },
    {
      "RequestUri": "/subscriptions/947d47b4-7883-4bb9-9d85-c5e8e2f572ce/operationresults/eyJqb2JJZCI6IlJFU09VUkNFR1JPVVBERUxFVElPTkpPQi1QUzkxNjItV0VTVFVTIiwiam9iTG9jYXRpb24iOiJ3ZXN0dXMifQ?api-version=2016-09-01",
      "EncodedRequestUri": "L3N1YnNjcmlwdGlvbnMvOTQ3ZDQ3YjQtNzg4My00YmI5LTlkODUtYzVlOGUyZjU3MmNlL29wZXJhdGlvbnJlc3VsdHMvZXlKcWIySkpaQ0k2SWxKRlUwOVZVa05GUjFKUFZWQkVSVXhGVkVsUFRrcFBRaTFRVXpreE5qSXRWMFZUVkZWVElpd2lhbTlpVEc5allYUnBiMjRpT2lKM1pYTjBkWE1pZlE/YXBpLXZlcnNpb249MjAxNi0wOS0wMQ==",
      "RequestMethod": "GET",
      "RequestBody": "",
      "RequestHeaders": {
        "User-Agent": [
          "FxVersion/4.6.27617.04",
          "OSName/Windows",
          "OSVersion/Microsoft.Windows.10.0.18362.",
          "Microsoft.Azure.Management.Internal.Resources.ResourceManagementClient/1.3.1"
        ]
      },
      "ResponseHeaders": {
        "Cache-Control": [
          "no-cache"
        ],
        "Pragma": [
          "no-cache"
        ],
        "Location": [
          "https://brazilus.management.azure.com/subscriptions/947d47b4-7883-4bb9-9d85-c5e8e2f572ce/operationresults/eyJqb2JJZCI6IlJFU09VUkNFR1JPVVBERUxFVElPTkpPQi1QUzkxNjItV0VTVFVTIiwiam9iTG9jYXRpb24iOiJ3ZXN0dXMifQ?api-version=2016-09-01"
        ],
        "Retry-After": [
          "15"
        ],
        "x-ms-ratelimit-remaining-subscription-reads": [
          "11811"
        ],
        "x-ms-request-id": [
          "87199be5-1d42-4f9e-91c6-d0de80873daa"
        ],
        "x-ms-correlation-request-id": [
          "87199be5-1d42-4f9e-91c6-d0de80873daa"
        ],
        "x-ms-routing-request-id": [
          "BRAZILUS:20190715T112124Z:87199be5-1d42-4f9e-91c6-d0de80873daa"
        ],
        "Strict-Transport-Security": [
          "max-age=31536000; includeSubDomains"
        ],
        "X-Content-Type-Options": [
          "nosniff"
        ],
        "Date": [
          "Mon, 15 Jul 2019 11:21:24 GMT"
        ],
        "Expires": [
          "-1"
        ],
        "Content-Length": [
          "0"
        ]
      },
      "ResponseBody": "",
      "StatusCode": 202
    },
    {
      "RequestUri": "/subscriptions/947d47b4-7883-4bb9-9d85-c5e8e2f572ce/operationresults/eyJqb2JJZCI6IlJFU09VUkNFR1JPVVBERUxFVElPTkpPQi1QUzkxNjItV0VTVFVTIiwiam9iTG9jYXRpb24iOiJ3ZXN0dXMifQ?api-version=2016-09-01",
      "EncodedRequestUri": "L3N1YnNjcmlwdGlvbnMvOTQ3ZDQ3YjQtNzg4My00YmI5LTlkODUtYzVlOGUyZjU3MmNlL29wZXJhdGlvbnJlc3VsdHMvZXlKcWIySkpaQ0k2SWxKRlUwOVZVa05GUjFKUFZWQkVSVXhGVkVsUFRrcFBRaTFRVXpreE5qSXRWMFZUVkZWVElpd2lhbTlpVEc5allYUnBiMjRpT2lKM1pYTjBkWE1pZlE/YXBpLXZlcnNpb249MjAxNi0wOS0wMQ==",
      "RequestMethod": "GET",
      "RequestBody": "",
      "RequestHeaders": {
        "User-Agent": [
          "FxVersion/4.6.27617.04",
          "OSName/Windows",
          "OSVersion/Microsoft.Windows.10.0.18362.",
          "Microsoft.Azure.Management.Internal.Resources.ResourceManagementClient/1.3.1"
        ]
      },
      "ResponseHeaders": {
        "Cache-Control": [
          "no-cache"
        ],
        "Pragma": [
          "no-cache"
        ],
        "Location": [
          "https://brazilus.management.azure.com/subscriptions/947d47b4-7883-4bb9-9d85-c5e8e2f572ce/operationresults/eyJqb2JJZCI6IlJFU09VUkNFR1JPVVBERUxFVElPTkpPQi1QUzkxNjItV0VTVFVTIiwiam9iTG9jYXRpb24iOiJ3ZXN0dXMifQ?api-version=2016-09-01"
        ],
        "Retry-After": [
          "15"
        ],
        "x-ms-ratelimit-remaining-subscription-reads": [
          "11810"
        ],
        "x-ms-request-id": [
          "f1a06c65-91f9-41fb-acf8-6431cc425b6c"
        ],
        "x-ms-correlation-request-id": [
          "f1a06c65-91f9-41fb-acf8-6431cc425b6c"
        ],
        "x-ms-routing-request-id": [
          "BRAZILUS:20190715T112139Z:f1a06c65-91f9-41fb-acf8-6431cc425b6c"
        ],
        "Strict-Transport-Security": [
          "max-age=31536000; includeSubDomains"
        ],
        "X-Content-Type-Options": [
          "nosniff"
        ],
        "Date": [
          "Mon, 15 Jul 2019 11:21:39 GMT"
        ],
        "Expires": [
          "-1"
        ],
        "Content-Length": [
          "0"
        ]
      },
      "ResponseBody": "",
      "StatusCode": 202
    },
    {
      "RequestUri": "/subscriptions/947d47b4-7883-4bb9-9d85-c5e8e2f572ce/operationresults/eyJqb2JJZCI6IlJFU09VUkNFR1JPVVBERUxFVElPTkpPQi1QUzkxNjItV0VTVFVTIiwiam9iTG9jYXRpb24iOiJ3ZXN0dXMifQ?api-version=2016-09-01",
      "EncodedRequestUri": "L3N1YnNjcmlwdGlvbnMvOTQ3ZDQ3YjQtNzg4My00YmI5LTlkODUtYzVlOGUyZjU3MmNlL29wZXJhdGlvbnJlc3VsdHMvZXlKcWIySkpaQ0k2SWxKRlUwOVZVa05GUjFKUFZWQkVSVXhGVkVsUFRrcFBRaTFRVXpreE5qSXRWMFZUVkZWVElpd2lhbTlpVEc5allYUnBiMjRpT2lKM1pYTjBkWE1pZlE/YXBpLXZlcnNpb249MjAxNi0wOS0wMQ==",
      "RequestMethod": "GET",
      "RequestBody": "",
      "RequestHeaders": {
        "User-Agent": [
          "FxVersion/4.6.27617.04",
          "OSName/Windows",
          "OSVersion/Microsoft.Windows.10.0.18362.",
          "Microsoft.Azure.Management.Internal.Resources.ResourceManagementClient/1.3.1"
        ]
      },
      "ResponseHeaders": {
        "Cache-Control": [
          "no-cache"
        ],
        "Pragma": [
          "no-cache"
        ],
        "Location": [
          "https://brazilus.management.azure.com/subscriptions/947d47b4-7883-4bb9-9d85-c5e8e2f572ce/operationresults/eyJqb2JJZCI6IlJFU09VUkNFR1JPVVBERUxFVElPTkpPQi1QUzkxNjItV0VTVFVTIiwiam9iTG9jYXRpb24iOiJ3ZXN0dXMifQ?api-version=2016-09-01"
        ],
        "Retry-After": [
          "15"
        ],
        "x-ms-ratelimit-remaining-subscription-reads": [
          "11809"
        ],
        "x-ms-request-id": [
          "652bc960-5c6f-4bb9-9582-bfa95e55f5a6"
        ],
        "x-ms-correlation-request-id": [
          "652bc960-5c6f-4bb9-9582-bfa95e55f5a6"
        ],
        "x-ms-routing-request-id": [
          "BRAZILUS:20190715T112154Z:652bc960-5c6f-4bb9-9582-bfa95e55f5a6"
        ],
        "Strict-Transport-Security": [
          "max-age=31536000; includeSubDomains"
        ],
        "X-Content-Type-Options": [
          "nosniff"
        ],
        "Date": [
          "Mon, 15 Jul 2019 11:21:54 GMT"
        ],
        "Expires": [
          "-1"
        ],
        "Content-Length": [
          "0"
        ]
      },
      "ResponseBody": "",
      "StatusCode": 202
    },
    {
      "RequestUri": "/subscriptions/947d47b4-7883-4bb9-9d85-c5e8e2f572ce/operationresults/eyJqb2JJZCI6IlJFU09VUkNFR1JPVVBERUxFVElPTkpPQi1QUzkxNjItV0VTVFVTIiwiam9iTG9jYXRpb24iOiJ3ZXN0dXMifQ?api-version=2016-09-01",
      "EncodedRequestUri": "L3N1YnNjcmlwdGlvbnMvOTQ3ZDQ3YjQtNzg4My00YmI5LTlkODUtYzVlOGUyZjU3MmNlL29wZXJhdGlvbnJlc3VsdHMvZXlKcWIySkpaQ0k2SWxKRlUwOVZVa05GUjFKUFZWQkVSVXhGVkVsUFRrcFBRaTFRVXpreE5qSXRWMFZUVkZWVElpd2lhbTlpVEc5allYUnBiMjRpT2lKM1pYTjBkWE1pZlE/YXBpLXZlcnNpb249MjAxNi0wOS0wMQ==",
      "RequestMethod": "GET",
      "RequestBody": "",
      "RequestHeaders": {
        "User-Agent": [
          "FxVersion/4.6.27617.04",
          "OSName/Windows",
          "OSVersion/Microsoft.Windows.10.0.18362.",
          "Microsoft.Azure.Management.Internal.Resources.ResourceManagementClient/1.3.1"
        ]
      },
      "ResponseHeaders": {
        "Cache-Control": [
          "no-cache"
        ],
        "Pragma": [
          "no-cache"
        ],
        "Location": [
          "https://brazilus.management.azure.com/subscriptions/947d47b4-7883-4bb9-9d85-c5e8e2f572ce/operationresults/eyJqb2JJZCI6IlJFU09VUkNFR1JPVVBERUxFVElPTkpPQi1QUzkxNjItV0VTVFVTIiwiam9iTG9jYXRpb24iOiJ3ZXN0dXMifQ?api-version=2016-09-01"
        ],
        "Retry-After": [
          "15"
        ],
        "x-ms-ratelimit-remaining-subscription-reads": [
          "11808"
        ],
        "x-ms-request-id": [
          "8c9103d2-7f79-4366-b4fd-295ae30ab904"
        ],
        "x-ms-correlation-request-id": [
          "8c9103d2-7f79-4366-b4fd-295ae30ab904"
        ],
        "x-ms-routing-request-id": [
          "BRAZILUS:20190715T112210Z:8c9103d2-7f79-4366-b4fd-295ae30ab904"
        ],
        "Strict-Transport-Security": [
          "max-age=31536000; includeSubDomains"
        ],
        "X-Content-Type-Options": [
          "nosniff"
        ],
        "Date": [
          "Mon, 15 Jul 2019 11:22:09 GMT"
        ],
        "Expires": [
          "-1"
        ],
        "Content-Length": [
          "0"
        ]
      },
      "ResponseBody": "",
      "StatusCode": 202
    },
    {
      "RequestUri": "/subscriptions/947d47b4-7883-4bb9-9d85-c5e8e2f572ce/operationresults/eyJqb2JJZCI6IlJFU09VUkNFR1JPVVBERUxFVElPTkpPQi1QUzkxNjItV0VTVFVTIiwiam9iTG9jYXRpb24iOiJ3ZXN0dXMifQ?api-version=2016-09-01",
      "EncodedRequestUri": "L3N1YnNjcmlwdGlvbnMvOTQ3ZDQ3YjQtNzg4My00YmI5LTlkODUtYzVlOGUyZjU3MmNlL29wZXJhdGlvbnJlc3VsdHMvZXlKcWIySkpaQ0k2SWxKRlUwOVZVa05GUjFKUFZWQkVSVXhGVkVsUFRrcFBRaTFRVXpreE5qSXRWMFZUVkZWVElpd2lhbTlpVEc5allYUnBiMjRpT2lKM1pYTjBkWE1pZlE/YXBpLXZlcnNpb249MjAxNi0wOS0wMQ==",
      "RequestMethod": "GET",
      "RequestBody": "",
      "RequestHeaders": {
        "User-Agent": [
          "FxVersion/4.6.27617.04",
          "OSName/Windows",
          "OSVersion/Microsoft.Windows.10.0.18362.",
          "Microsoft.Azure.Management.Internal.Resources.ResourceManagementClient/1.3.1"
        ]
      },
      "ResponseHeaders": {
        "Cache-Control": [
          "no-cache"
        ],
        "Pragma": [
          "no-cache"
        ],
        "Location": [
          "https://brazilus.management.azure.com/subscriptions/947d47b4-7883-4bb9-9d85-c5e8e2f572ce/operationresults/eyJqb2JJZCI6IlJFU09VUkNFR1JPVVBERUxFVElPTkpPQi1QUzkxNjItV0VTVFVTIiwiam9iTG9jYXRpb24iOiJ3ZXN0dXMifQ?api-version=2016-09-01"
        ],
        "Retry-After": [
          "15"
        ],
        "x-ms-ratelimit-remaining-subscription-reads": [
          "11807"
        ],
        "x-ms-request-id": [
          "41d44255-499f-4ca3-bb5c-2da12b1517bc"
        ],
        "x-ms-correlation-request-id": [
          "41d44255-499f-4ca3-bb5c-2da12b1517bc"
        ],
        "x-ms-routing-request-id": [
          "BRAZILUS:20190715T112225Z:41d44255-499f-4ca3-bb5c-2da12b1517bc"
        ],
        "Strict-Transport-Security": [
          "max-age=31536000; includeSubDomains"
        ],
        "X-Content-Type-Options": [
          "nosniff"
        ],
        "Date": [
          "Mon, 15 Jul 2019 11:22:24 GMT"
        ],
        "Expires": [
          "-1"
        ],
        "Content-Length": [
          "0"
        ]
      },
      "ResponseBody": "",
      "StatusCode": 202
    },
    {
      "RequestUri": "/subscriptions/947d47b4-7883-4bb9-9d85-c5e8e2f572ce/operationresults/eyJqb2JJZCI6IlJFU09VUkNFR1JPVVBERUxFVElPTkpPQi1QUzkxNjItV0VTVFVTIiwiam9iTG9jYXRpb24iOiJ3ZXN0dXMifQ?api-version=2016-09-01",
      "EncodedRequestUri": "L3N1YnNjcmlwdGlvbnMvOTQ3ZDQ3YjQtNzg4My00YmI5LTlkODUtYzVlOGUyZjU3MmNlL29wZXJhdGlvbnJlc3VsdHMvZXlKcWIySkpaQ0k2SWxKRlUwOVZVa05GUjFKUFZWQkVSVXhGVkVsUFRrcFBRaTFRVXpreE5qSXRWMFZUVkZWVElpd2lhbTlpVEc5allYUnBiMjRpT2lKM1pYTjBkWE1pZlE/YXBpLXZlcnNpb249MjAxNi0wOS0wMQ==",
      "RequestMethod": "GET",
      "RequestBody": "",
      "RequestHeaders": {
        "User-Agent": [
          "FxVersion/4.6.27617.04",
          "OSName/Windows",
          "OSVersion/Microsoft.Windows.10.0.18362.",
          "Microsoft.Azure.Management.Internal.Resources.ResourceManagementClient/1.3.1"
        ]
      },
      "ResponseHeaders": {
        "Cache-Control": [
          "no-cache"
        ],
        "Pragma": [
          "no-cache"
        ],
        "x-ms-ratelimit-remaining-subscription-reads": [
          "11806"
        ],
        "x-ms-request-id": [
          "90e38792-6439-4844-b79b-37e4ded2928e"
        ],
        "x-ms-correlation-request-id": [
          "90e38792-6439-4844-b79b-37e4ded2928e"
        ],
        "x-ms-routing-request-id": [
          "BRAZILUS:20190715T112240Z:90e38792-6439-4844-b79b-37e4ded2928e"
        ],
        "Strict-Transport-Security": [
          "max-age=31536000; includeSubDomains"
        ],
        "X-Content-Type-Options": [
          "nosniff"
        ],
        "Date": [
          "Mon, 15 Jul 2019 11:22:39 GMT"
        ],
        "Expires": [
          "-1"
        ],
        "Content-Length": [
          "0"
        ]
      },
      "ResponseBody": "",
      "StatusCode": 200
    },
    {
      "RequestUri": "/subscriptions/947d47b4-7883-4bb9-9d85-c5e8e2f572ce/operationresults/eyJqb2JJZCI6IlJFU09VUkNFR1JPVVBERUxFVElPTkpPQi1QUzkxNjItV0VTVFVTIiwiam9iTG9jYXRpb24iOiJ3ZXN0dXMifQ?api-version=2016-09-01",
      "EncodedRequestUri": "L3N1YnNjcmlwdGlvbnMvOTQ3ZDQ3YjQtNzg4My00YmI5LTlkODUtYzVlOGUyZjU3MmNlL29wZXJhdGlvbnJlc3VsdHMvZXlKcWIySkpaQ0k2SWxKRlUwOVZVa05GUjFKUFZWQkVSVXhGVkVsUFRrcFBRaTFRVXpreE5qSXRWMFZUVkZWVElpd2lhbTlpVEc5allYUnBiMjRpT2lKM1pYTjBkWE1pZlE/YXBpLXZlcnNpb249MjAxNi0wOS0wMQ==",
      "RequestMethod": "GET",
      "RequestBody": "",
      "RequestHeaders": {
        "User-Agent": [
          "FxVersion/4.6.27617.04",
          "OSName/Windows",
          "OSVersion/Microsoft.Windows.10.0.18362.",
          "Microsoft.Azure.Management.Internal.Resources.ResourceManagementClient/1.3.1"
        ]
      },
      "ResponseHeaders": {
        "Cache-Control": [
          "no-cache"
        ],
        "Pragma": [
          "no-cache"
        ],
        "x-ms-ratelimit-remaining-subscription-reads": [
          "11805"
        ],
        "x-ms-request-id": [
          "ccba5790-eded-4f78-ae55-4c4c71062d2e"
        ],
        "x-ms-correlation-request-id": [
          "ccba5790-eded-4f78-ae55-4c4c71062d2e"
        ],
        "x-ms-routing-request-id": [
          "BRAZILUS:20190715T112240Z:ccba5790-eded-4f78-ae55-4c4c71062d2e"
        ],
        "Strict-Transport-Security": [
          "max-age=31536000; includeSubDomains"
        ],
        "X-Content-Type-Options": [
          "nosniff"
        ],
        "Date": [
          "Mon, 15 Jul 2019 11:22:39 GMT"
        ],
        "Expires": [
          "-1"
        ],
        "Content-Length": [
          "0"
        ]
      },
      "ResponseBody": "",
      "StatusCode": 200
    }
  ],
  "Names": {
    "Test-CreateLinkWithVirtualNetworkObject": [
      "ps4250",
      "ps9084",
      "ps9162",
      "ps6190"
    ]
  },
  "Variables": {
    "SubscriptionId": "947d47b4-7883-4bb9-9d85-c5e8e2f572ce"
  }
}