{
  "Remove-AzContainerRegistryScopeMap+[NoContext]+Delete+$DELETE+https://management.azure.com/subscriptions/9e223dbe-3399-4e19-88eb-0975f02ac87f/resourceGroups/ContainerTest/providers/Microsoft.ContainerRegistry/registries/rfkqmj/scopeMaps/tbmdyz?api-version=2023-01-01-preview+1": {
    "Request": {
      "Method": "DELETE",
      "RequestUri": "https://management.azure.com/subscriptions/9e223dbe-3399-4e19-88eb-0975f02ac87f/resourceGroups/ContainerTest/providers/Microsoft.ContainerRegistry/registries/rfkqmj/scopeMaps/tbmdyz?api-version=2023-01-01-preview",
      "Content": null,
      "isContentBase64": false,
      "Headers": {
        "x-ms-unique-id": [ "188" ],
        "x-ms-client-request-id": [ "68b1287e-7252-4e3a-b459-a10f02715f29" ],
        "CommandName": [ "Remove-AzContainerRegistryScopeMap" ],
        "FullCommandName": [ "Remove-AzContainerRegistryScopeMap_Delete" ],
        "ParameterSetName": [ "__AllParameterSets" ],
        "User-Agent": [ "AzurePowershell/v0.0.0", "PSVersion/v7.2.10", "Az.ContainerRegistry/0.1.0" ],
        "Authorization": [ "[Filtered]" ]
      },
      "ContentHeaders": {
      }
    },
    "Response": {
      "StatusCode": 202,
      "Headers": {
        "Cache-Control": [ "no-cache" ],
        "Pragma": [ "no-cache" ],
        "Location": [ "https://management.azure.com/subscriptions/9e223dbe-3399-4e19-88eb-0975f02ac87f/providers/Microsoft.ContainerRegistry/locations/EASTUS/operationResults/token-68b1287e-7252-4e3a-b459-a10f02715f29?api-version=2023-01-01-preview" ],
        "Retry-After": [ "10" ],
        "api-supported-versions": [ "2019-05-01-preview, 2020-11-01-preview, 2021-06-01-preview, 2021-08-01-preview, 2021-12-01-preview, 2022-02-01-preview, 2022-12-01, 2023-01-01-preview" ],
        "Strict-Transport-Security": [ "max-age=31536000; includeSubDomains" ],
        "Server": [ "Microsoft-HTTPAPI/2.0" ],
        "x-ms-ratelimit-remaining-subscription-deletes": [ "14994" ],
        "x-ms-request-id": [ "f4e56bc2-3992-4db7-8d54-4dff92347151" ],
        "x-ms-correlation-request-id": [ "f4e56bc2-3992-4db7-8d54-4dff92347151" ],
        "x-ms-routing-request-id": [ "JAPANEAST:20230416T211503Z:f4e56bc2-3992-4db7-8d54-4dff92347151" ],
        "X-Content-Type-Options": [ "nosniff" ],
        "Date": [ "Sun, 16 Apr 2023 21:15:02 GMT" ]
      },
      "ContentHeaders": {
        "Content-Length": [ "4" ],
        "Content-Type": [ "application/json; charset=utf-8" ],
        "Expires": [ "-1" ]
      },
      "Content": "bnVsbA==",
      "isContentBase64": false
    }
  },
  "Remove-AzContainerRegistryScopeMap+[NoContext]+Delete+$GET+https://management.azure.com/subscriptions/9e223dbe-3399-4e19-88eb-0975f02ac87f/providers/Microsoft.ContainerRegistry/locations/EASTUS/operationResults/token-68b1287e-7252-4e3a-b459-a10f02715f29?api-version=2023-01-01-preview+2": {
    "Request": {
      "Method": "GET",
      "RequestUri": "https://management.azure.com/subscriptions/9e223dbe-3399-4e19-88eb-0975f02ac87f/providers/Microsoft.ContainerRegistry/locations/EASTUS/operationResults/token-68b1287e-7252-4e3a-b459-a10f02715f29?api-version=2023-01-01-preview",
      "Content": null,
      "isContentBase64": false,
      "Headers": {
        "Authorization": [ "[Filtered]" ],
        "x-ms-unique-id": [ "189" ],
        "x-ms-client-request-id": [ "68b1287e-7252-4e3a-b459-a10f02715f29" ],
        "CommandName": [ "Remove-AzContainerRegistryScopeMap" ],
        "FullCommandName": [ "Remove-AzContainerRegistryScopeMap_Delete" ],
        "ParameterSetName": [ "__AllParameterSets" ],
        "User-Agent": [ "AzurePowershell/v0.0.0", "PSVersion/v7.2.10", "Az.ContainerRegistry/0.1.0" ]
      },
      "ContentHeaders": {
      }
    },
    "Response": {
      "StatusCode": 200,
      "Headers": {
        "Cache-Control": [ "no-cache" ],
        "Pragma": [ "no-cache" ],
        "Strict-Transport-Security": [ "max-age=31536000; includeSubDomains" ],
        "Server": [ "Microsoft-HTTPAPI/2.0" ],
        "x-ms-ratelimit-remaining-subscription-reads": [ "11847" ],
        "x-ms-request-id": [ "10ab596a-c076-4da1-990b-f081dbc77b9c" ],
        "x-ms-correlation-request-id": [ "10ab596a-c076-4da1-990b-f081dbc77b9c" ],
        "x-ms-routing-request-id": [ "JAPANEAST:20230416T211513Z:10ab596a-c076-4da1-990b-f081dbc77b9c" ],
        "X-Content-Type-Options": [ "nosniff" ],
        "Date": [ "Sun, 16 Apr 2023 21:15:13 GMT" ]
      },
      "ContentHeaders": {
        "Expires": [ "-1" ],
        "Content-Length": [ "0" ]
      },
      "Content": null,
      "isContentBase64": false
    }
  },
  "Remove-AzContainerRegistryScopeMap+[NoContext]+Delete+$GET+https://management.azure.com/subscriptions/9e223dbe-3399-4e19-88eb-0975f02ac87f/providers/Microsoft.ContainerRegistry/locations/EASTUS/operationResults/token-68b1287e-7252-4e3a-b459-a10f02715f29?api-version=2023-01-01-preview+3": {
    "Request": {
      "Method": "GET",
      "RequestUri": "https://management.azure.com/subscriptions/9e223dbe-3399-4e19-88eb-0975f02ac87f/providers/Microsoft.ContainerRegistry/locations/EASTUS/operationResults/token-68b1287e-7252-4e3a-b459-a10f02715f29?api-version=2023-01-01-preview",
      "Content": null,
      "isContentBase64": false,
      "Headers": {
        "Authorization": [ "[Filtered]" ],
        "x-ms-unique-id": [ "190" ],
        "x-ms-client-request-id": [ "68b1287e-7252-4e3a-b459-a10f02715f29" ],
        "CommandName": [ "Remove-AzContainerRegistryScopeMap" ],
        "FullCommandName": [ "Remove-AzContainerRegistryScopeMap_Delete" ],
        "ParameterSetName": [ "__AllParameterSets" ],
        "User-Agent": [ "AzurePowershell/v0.0.0", "PSVersion/v7.2.10", "Az.ContainerRegistry/0.1.0" ]
      },
      "ContentHeaders": {
      }
    },
    "Response": {
      "StatusCode": 200,
      "Headers": {
        "Cache-Control": [ "no-cache" ],
        "Pragma": [ "no-cache" ],
        "Strict-Transport-Security": [ "max-age=31536000; includeSubDomains" ],
        "Server": [ "Microsoft-HTTPAPI/2.0" ],
        "x-ms-ratelimit-remaining-subscription-reads": [ "11846" ],
        "x-ms-request-id": [ "82f31990-86a7-4d4f-98ea-7984fc891661" ],
        "x-ms-correlation-request-id": [ "82f31990-86a7-4d4f-98ea-7984fc891661" ],
        "x-ms-routing-request-id": [ "JAPANEAST:20230416T211513Z:82f31990-86a7-4d4f-98ea-7984fc891661" ],
        "X-Content-Type-Options": [ "nosniff" ],
        "Date": [ "Sun, 16 Apr 2023 21:15:13 GMT" ]
      },
      "ContentHeaders": {
        "Expires": [ "-1" ],
        "Content-Length": [ "0" ]
      },
      "Content": null,
      "isContentBase64": false
    }
  }
}