{
  "Entries": [
    {
      "RequestUri": "/subscriptions/9e223dbe-3399-4e19-88eb-0975f02ac87f/providers/Microsoft.Search?api-version=2016-09-01",
      "EncodedRequestUri": "L3N1YnNjcmlwdGlvbnMvOWUyMjNkYmUtMzM5OS00ZTE5LTg4ZWItMDk3NWYwMmFjODdmL3Byb3ZpZGVycy9NaWNyb3NvZnQuU2VhcmNoP2FwaS12ZXJzaW9uPTIwMTYtMDktMDE=",
      "RequestMethod": "GET",
      "RequestHeaders": {
        "x-ms-client-request-id": [
          "47e39c87-5d40-43e2-80d9-8c6c1fc3ce7b"
        ],
        "Accept-Language": [
          "en-US"
        ],
        "User-Agent": [
          "FxVersion/6.0.2223.42425",
          "OSName/Windows",
          "OSVersion/Microsoft.Windows.10.0.22621",
          "Microsoft.Azure.Management.Internal.Resources.ResourceManagementClient/1.3.86"
        ]
      },
      "RequestBody": "",
      "ResponseHeaders": {
        "Cache-Control": [
          "no-cache"
        ],
        "Pragma": [
          "no-cache"
        ],
        "x-ms-ratelimit-remaining-subscription-reads": [
          "11999"
        ],
        "x-ms-request-id": [
          "78453c31-e783-4d71-a740-94e4fcec8fc2"
        ],
        "x-ms-correlation-request-id": [
          "78453c31-e783-4d71-a740-94e4fcec8fc2"
        ],
        "x-ms-routing-request-id": [
          "SOUTHEASTASIA:20230929T043658Z:78453c31-e783-4d71-a740-94e4fcec8fc2"
        ],
        "Strict-Transport-Security": [
          "max-age=31536000; includeSubDomains"
        ],
        "X-Content-Type-Options": [
          "nosniff"
        ],
        "Date": [
          "Fri, 29 Sep 2023 04:36:58 GMT"
        ],
        "Content-Type": [
          "application/json; charset=utf-8"
        ],
        "Expires": [
          "-1"
        ],
        "Content-Length": [
          "3831"
        ]
      },
      "ResponseBody": "{\r\n  \"id\": \"/subscriptions/9e223dbe-3399-4e19-88eb-0975f02ac87f/providers/Microsoft.Search\",\r\n  \"namespace\": \"Microsoft.Search\",\r\n  \"authorizations\": [\r\n    {\r\n      \"applicationId\": \"408992c7-2af6-4ff1-92e3-65b73d2b5092\",\r\n      \"roleDefinitionId\": \"20FA3191-87CF-4C3D-9510-74CCB594A310\"\r\n    },\r\n    {\r\n      \"applicationId\": \"880da380-985e-4198-81b9-e05b1cc53158\",\r\n      \"roleDefinitionId\": \"d2e67903-baaa-4696-926b-61ab86235aaf\"\r\n    }\r\n  ],\r\n  \"resourceTypes\": [\r\n    {\r\n      \"resourceType\": \"searchServices\",\r\n      \"locations\": [\r\n        \"Germany North\",\r\n        \"Qatar Central\",\r\n        \"Poland Central\",\r\n        \"Italy North\",\r\n        \"Israel Central\",\r\n        \"Sweden Central\",\r\n        \"UK West\",\r\n        \"Korea South\",\r\n        \"Canada East\",\r\n        \"Jio India West\",\r\n        \"West US 3\",\r\n        \"Germany West Central\",\r\n        \"Norway East\",\r\n        \"Switzerland West\",\r\n        \"Switzerland North\",\r\n        \"West US\",\r\n        \"West US 2\",\r\n        \"East US\",\r\n        \"East US 2\",\r\n        \"North Europe\",\r\n        \"West Europe\",\r\n        \"Southeast Asia\",\r\n        \"East Asia\",\r\n        \"North Central US\",\r\n        \"South Central US\",\r\n        \"Central US\",\r\n        \"Japan West\",\r\n        \"Japan East\",\r\n        \"Korea Central\",\r\n        \"Australia East\",\r\n        \"Australia Southeast\",\r\n        \"Brazil South\",\r\n        \"Central India\",\r\n        \"West Central US\",\r\n        \"Canada Central\",\r\n        \"UK South\",\r\n        \"France Central\",\r\n        \"South Africa North\",\r\n        \"UAE North\",\r\n        \"Central US EUAP\",\r\n        \"East US 2 EUAP\"\r\n      ],\r\n      \"apiVersions\": [\r\n        \"2022-09-01\",\r\n        \"2021-06-06-Preview\",\r\n        \"2021-04-01-Preview\",\r\n        \"2020-08-01-Preview\",\r\n        \"2020-08-01\",\r\n        \"2020-03-13\",\r\n        \"2019-10-01-Preview\",\r\n        \"2015-08-19\",\r\n        \"2015-02-28\",\r\n        \"2014-07-31-Preview\"\r\n      ],\r\n      \"capabilities\": \"CrossResourceGroupResourceMove, CrossSubscriptionResourceMove, SystemAssignedResourceIdentity\"\r\n    },\r\n    {\r\n      \"resourceType\": \"checkServiceNameAvailability\",\r\n      \"locations\": [],\r\n      \"apiVersions\": [\r\n        \"2015-02-28\",\r\n        \"2014-07-31-Preview\"\r\n      ]\r\n    },\r\n    {\r\n      \"resourceType\": \"checkNameAvailability\",\r\n      \"locations\": [],\r\n      \"apiVersions\": [\r\n        \"2022-09-01\",\r\n        \"2021-06-06-Preview\",\r\n        \"2021-04-01-Preview\",\r\n        \"2020-08-01-Preview\",\r\n        \"2020-08-01\",\r\n        \"2020-03-13\",\r\n        \"2019-10-01-Preview\",\r\n        \"2015-08-19\"\r\n      ]\r\n    },\r\n    {\r\n      \"resourceType\": \"resourceHealthMetadata\",\r\n      \"locations\": [\r\n        \"Germany North\",\r\n        \"Qatar Central\",\r\n        \"Poland Central\",\r\n        \"Italy North\",\r\n        \"Israel Central\",\r\n        \"Sweden Central\",\r\n        \"UK West\",\r\n        \"Korea South\",\r\n        \"Canada East\",\r\n        \"Jio India West\",\r\n        \"West US 3\",\r\n        \"Germany West Central\",\r\n        \"Norway East\",\r\n        \"Switzerland West\",\r\n        \"Switzerland North\",\r\n        \"West US\",\r\n        \"West US 2\",\r\n        \"East US\",\r\n        \"East US 2\",\r\n        \"North Europe\",\r\n        \"West Europe\",\r\n        \"Southeast Asia\",\r\n        \"East Asia\",\r\n        \"North Central US\",\r\n        \"South Central US\",\r\n        \"Central US\",\r\n        \"Japan West\",\r\n        \"Japan East\",\r\n        \"Korea Central\",\r\n        \"Australia East\",\r\n        \"Australia Southeast\",\r\n        \"Brazil South\",\r\n        \"Central India\",\r\n        \"West Central US\",\r\n        \"Canada Central\",\r\n        \"UK South\",\r\n        \"France Central\",\r\n        \"South Africa North\",\r\n        \"UAE North\",\r\n        \"Central US EUAP\",\r\n        \"East US 2 EUAP\"\r\n      ],\r\n      \"apiVersions\": [\r\n        \"2022-09-01\",\r\n        \"2021-06-06-Preview\",\r\n        \"2021-04-01-Preview\",\r\n        \"2020-08-01-Preview\",\r\n        \"2020-08-01\",\r\n        \"2020-03-13\",\r\n        \"2019-10-01-Preview\",\r\n        \"2015-08-19\"\r\n      ]\r\n    },\r\n    {\r\n      \"resourceType\": \"operations\",\r\n      \"locations\": [],\r\n      \"apiVersions\": [\r\n        \"2022-09-01\",\r\n        \"2021-06-06-Preview\",\r\n        \"2021-04-01-Preview\",\r\n        \"2020-08-01-Preview\",\r\n        \"2020-08-01\",\r\n        \"2020-03-13\",\r\n        \"2019-10-01-Preview\",\r\n        \"2015-08-19\",\r\n        \"2015-02-28\"\r\n      ]\r\n    },\r\n    {\r\n      \"resourceType\": \"locations\",\r\n      \"locations\": [\r\n        \"East US 2 EUAP\"\r\n      ],\r\n      \"apiVersions\": [\r\n        \"2021-06-06-Preview\"\r\n      ]\r\n    },\r\n    {\r\n      \"resourceType\": \"locations/notifyNetworkSecurityPerimeterUpdatesAvailable\",\r\n      \"locations\": [\r\n        \"Germany North\",\r\n        \"Central US EUAP\",\r\n        \"East US 2 EUAP\",\r\n        \"Qatar Central\",\r\n        \"Poland Central\",\r\n        \"Italy North\",\r\n        \"Sweden Central\",\r\n        \"UK West\",\r\n        \"Korea South\",\r\n        \"Canada East\",\r\n        \"Jio India West\",\r\n        \"West US 3\",\r\n        \"Germany West Central\",\r\n        \"Norway East\",\r\n        \"Switzerland West\",\r\n        \"Switzerland North\",\r\n        \"West US\",\r\n        \"West US 2\",\r\n        \"East US\",\r\n        \"East US 2\",\r\n        \"North Europe\",\r\n        \"West Europe\",\r\n        \"Southeast Asia\",\r\n        \"East Asia\",\r\n        \"North Central US\",\r\n        \"South Central US\",\r\n        \"Central US\",\r\n        \"Japan West\",\r\n        \"Japan East\",\r\n        \"Korea Central\",\r\n        \"Australia East\",\r\n        \"Australia Southeast\",\r\n        \"Brazil South\",\r\n        \"Central India\",\r\n        \"West Central US\",\r\n        \"Canada Central\",\r\n        \"UK South\",\r\n        \"France Central\",\r\n        \"South Africa North\",\r\n        \"UAE North\"\r\n      ],\r\n      \"apiVersions\": [\r\n        \"2021-06-06-Preview\"\r\n      ]\r\n    },\r\n    {\r\n      \"resourceType\": \"locations/operationResults\",\r\n      \"locations\": [\r\n        \"North Central US\",\r\n        \"East US 2\",\r\n        \"West US 2\",\r\n        \"South Central US\",\r\n        \"East US\",\r\n        \"West US\",\r\n        \"Central US EUAP\",\r\n        \"East US 2 EUAP\"\r\n      ],\r\n      \"apiVersions\": [\r\n        \"2021-06-06-Preview\"\r\n      ]\r\n    }\r\n  ],\r\n  \"registrationState\": \"Registered\"\r\n}",
      "StatusCode": 200
    },
    {
      "RequestUri": "/subscriptions/9e223dbe-3399-4e19-88eb-0975f02ac87f/resourcegroups/ps8724?api-version=2016-09-01",
      "EncodedRequestUri": "L3N1YnNjcmlwdGlvbnMvOWUyMjNkYmUtMzM5OS00ZTE5LTg4ZWItMDk3NWYwMmFjODdmL3Jlc291cmNlZ3JvdXBzL3BzODcyND9hcGktdmVyc2lvbj0yMDE2LTA5LTAx",
      "RequestMethod": "PUT",
      "RequestHeaders": {
        "x-ms-client-request-id": [
          "7f41fb46-c784-4549-90dd-0e8fd6276380"
        ],
        "Accept-Language": [
          "en-US"
        ],
        "User-Agent": [
          "FxVersion/6.0.2223.42425",
          "OSName/Windows",
          "OSVersion/Microsoft.Windows.10.0.22621",
          "Microsoft.Azure.Management.Internal.Resources.ResourceManagementClient/1.3.86"
        ],
        "Content-Type": [
          "application/json; charset=utf-8"
        ],
        "Content-Length": [
          "29"
        ]
      },
      "RequestBody": "{\r\n  \"location\": \"West US\"\r\n}",
      "ResponseHeaders": {
        "Cache-Control": [
          "no-cache"
        ],
        "Pragma": [
          "no-cache"
        ],
        "x-ms-ratelimit-remaining-subscription-writes": [
          "1199"
        ],
        "x-ms-request-id": [
          "227a500e-2dd0-4da5-b72c-c1116f79781a"
        ],
        "x-ms-correlation-request-id": [
          "227a500e-2dd0-4da5-b72c-c1116f79781a"
        ],
        "x-ms-routing-request-id": [
          "SOUTHEASTASIA:20230929T043701Z:227a500e-2dd0-4da5-b72c-c1116f79781a"
        ],
        "Strict-Transport-Security": [
          "max-age=31536000; includeSubDomains"
        ],
        "X-Content-Type-Options": [
          "nosniff"
        ],
        "Date": [
          "Fri, 29 Sep 2023 04:37:01 GMT"
        ],
        "Content-Length": [
          "165"
        ],
        "Content-Type": [
          "application/json; charset=utf-8"
        ],
        "Expires": [
          "-1"
        ]
      },
      "ResponseBody": "{\r\n  \"id\": \"/subscriptions/9e223dbe-3399-4e19-88eb-0975f02ac87f/resourceGroups/ps8724\",\r\n  \"name\": \"ps8724\",\r\n  \"location\": \"westus\",\r\n  \"properties\": {\r\n    \"provisioningState\": \"Succeeded\"\r\n  }\r\n}",
      "StatusCode": 201
    },
    {
      "RequestUri": "/subscriptions/9e223dbe-3399-4e19-88eb-0975f02ac87f/resourceGroups/ps8724/providers/Microsoft.Search/searchServices/ps8724-service?api-version=2022-09-01",
      "EncodedRequestUri": "L3N1YnNjcmlwdGlvbnMvOWUyMjNkYmUtMzM5OS00ZTE5LTg4ZWItMDk3NWYwMmFjODdmL3Jlc291cmNlR3JvdXBzL3BzODcyNC9wcm92aWRlcnMvTWljcm9zb2Z0LlNlYXJjaC9zZWFyY2hTZXJ2aWNlcy9wczg3MjQtc2VydmljZT9hcGktdmVyc2lvbj0yMDIyLTA5LTAx",
      "RequestMethod": "PUT",
      "RequestHeaders": {
        "x-ms-client-request-id": [
          "66676494-2cdd-4fdd-ae02-36a3ff615c39"
        ],
        "Accept-Language": [
          "en-US"
        ],
        "User-Agent": [
          "FxVersion/6.0.2223.42425",
          "OSName/Windows",
          "OSVersion/Microsoft.Windows.10.0.22621",
          "Microsoft.Azure.Management.Search.SearchManagementClient/0.9.0"
        ],
        "Content-Type": [
          "application/json; charset=utf-8"
        ],
        "Content-Length": [
          "176"
        ]
      },
      "RequestBody": "{\r\n  \"sku\": {\r\n    \"name\": \"standard\"\r\n  },\r\n  \"properties\": {\r\n    \"hostingMode\": \"default\",\r\n    \"replicaCount\": 1,\r\n    \"partitionCount\": 1\r\n  },\r\n  \"location\": \"West US\"\r\n}",
      "ResponseHeaders": {
        "Cache-Control": [
          "no-cache"
        ],
        "Pragma": [
          "no-cache"
        ],
        "ETag": [
          "W/\"datetime'2023-09-29T04%3A37%3A07.0657269Z'\""
        ],
        "x-ms-request-id": [
          "66676494-2cdd-4fdd-ae02-36a3ff615c39"
        ],
        "request-id": [
          "66676494-2cdd-4fdd-ae02-36a3ff615c39"
        ],
        "elapsed-time": [
          "3205"
        ],
        "Strict-Transport-Security": [
          "max-age=31536000; includeSubDomains"
        ],
        "x-ms-ratelimit-remaining-subscription-writes": [
          "1199"
        ],
        "x-ms-correlation-request-id": [
          "0ecbe6af-cec0-4427-b54e-e410b48583d4"
        ],
        "x-ms-routing-request-id": [
          "SOUTHEASTASIA:20230929T043707Z:0ecbe6af-cec0-4427-b54e-e410b48583d4"
        ],
        "X-Content-Type-Options": [
          "nosniff"
        ],
        "Date": [
          "Fri, 29 Sep 2023 04:37:07 GMT"
        ],
        "Content-Length": [
          "688"
        ],
        "Content-Type": [
          "application/json; charset=utf-8"
        ],
        "Expires": [
          "-1"
        ]
      },
      "ResponseBody": "{\r\n  \"id\": \"/subscriptions/9e223dbe-3399-4e19-88eb-0975f02ac87f/resourceGroups/ps8724/providers/Microsoft.Search/searchServices/ps8724-service\",\r\n  \"name\": \"ps8724-service\",\r\n  \"type\": \"Microsoft.Search/searchServices\",\r\n  \"location\": \"West US\",\r\n  \"properties\": {\r\n    \"replicaCount\": 1,\r\n    \"partitionCount\": 1,\r\n    \"status\": \"running\",\r\n    \"statusDetails\": \"\",\r\n    \"provisioningState\": \"succeeded\",\r\n    \"hostingMode\": \"default\",\r\n    \"publicNetworkAccess\": \"Enabled\",\r\n    \"networkRuleSet\": {\r\n      \"ipRules\": [],\r\n      \"bypass\": \"None\"\r\n    },\r\n    \"privateEndpointConnections\": [],\r\n    \"sharedPrivateLinkResources\": [],\r\n    \"encryptionWithCmk\": {\r\n      \"enforcement\": \"Unspecified\",\r\n      \"encryptionComplianceStatus\": \"Compliant\"\r\n    },\r\n    \"disableLocalAuth\": false,\r\n    \"authOptions\": {\r\n      \"apiKeyOnly\": {}\r\n    }\r\n  },\r\n  \"sku\": {\r\n    \"name\": \"standard\"\r\n  }\r\n}",
      "StatusCode": 201
    },
    {
      "RequestUri": "/subscriptions/9e223dbe-3399-4e19-88eb-0975f02ac87f/resourceGroups/ps8724/providers/Microsoft.Search/searchServices/ps8724-service/listQueryKeys?api-version=2022-09-01",
      "EncodedRequestUri": "L3N1YnNjcmlwdGlvbnMvOWUyMjNkYmUtMzM5OS00ZTE5LTg4ZWItMDk3NWYwMmFjODdmL3Jlc291cmNlR3JvdXBzL3BzODcyNC9wcm92aWRlcnMvTWljcm9zb2Z0LlNlYXJjaC9zZWFyY2hTZXJ2aWNlcy9wczg3MjQtc2VydmljZS9saXN0UXVlcnlLZXlzP2FwaS12ZXJzaW9uPTIwMjItMDktMDE=",
      "RequestMethod": "POST",
      "RequestHeaders": {
        "x-ms-client-request-id": [
          "9c60d96e-8b27-45e3-89c5-9e594c7c8474"
        ],
        "Accept-Language": [
          "en-US"
        ],
        "User-Agent": [
          "FxVersion/6.0.2223.42425",
          "OSName/Windows",
          "OSVersion/Microsoft.Windows.10.0.22621",
          "Microsoft.Azure.Management.Search.SearchManagementClient/0.9.0"
        ]
      },
      "RequestBody": "",
      "ResponseHeaders": {
        "Cache-Control": [
          "no-cache"
        ],
        "Pragma": [
          "no-cache"
        ],
        "Vary": [
          "Accept-Encoding"
        ],
        "x-ms-request-id": [
          "9c60d96e-8b27-45e3-89c5-9e594c7c8474"
        ],
        "request-id": [
          "9c60d96e-8b27-45e3-89c5-9e594c7c8474"
        ],
        "elapsed-time": [
          "118"
        ],
        "Strict-Transport-Security": [
          "max-age=31536000; includeSubDomains"
        ],
        "x-ms-ratelimit-remaining-subscription-writes": [
          "1199"
        ],
        "x-ms-correlation-request-id": [
          "c4140743-2af2-4c47-b16e-3501874e0c30"
        ],
        "x-ms-routing-request-id": [
          "SOUTHEASTASIA:20230929T043709Z:c4140743-2af2-4c47-b16e-3501874e0c30"
        ],
        "X-Content-Type-Options": [
          "nosniff"
        ],
        "Date": [
          "Fri, 29 Sep 2023 04:37:08 GMT"
        ],
        "Content-Length": [
          "102"
        ],
        "Content-Type": [
          "application/json; charset=utf-8"
        ],
        "Expires": [
          "-1"
        ]
      },
      "ResponseBody": "{\r\n  \"value\": [\r\n    {\r\n      \"name\": null,\r\n      \"key\": \"key0\"\r\n    }\r\n  ],\r\n  \"nextLink\": null\r\n}",
      "StatusCode": 200
    },
    {
      "RequestUri": "/subscriptions/9e223dbe-3399-4e19-88eb-0975f02ac87f/resourceGroups/ps8724/providers/Microsoft.Search/searchServices/ps8724-service/listQueryKeys?api-version=2022-09-01",
      "EncodedRequestUri": "L3N1YnNjcmlwdGlvbnMvOWUyMjNkYmUtMzM5OS00ZTE5LTg4ZWItMDk3NWYwMmFjODdmL3Jlc291cmNlR3JvdXBzL3BzODcyNC9wcm92aWRlcnMvTWljcm9zb2Z0LlNlYXJjaC9zZWFyY2hTZXJ2aWNlcy9wczg3MjQtc2VydmljZS9saXN0UXVlcnlLZXlzP2FwaS12ZXJzaW9uPTIwMjItMDktMDE=",
      "RequestMethod": "POST",
      "RequestHeaders": {
        "x-ms-client-request-id": [
          "976c15a2-ddf3-4ece-96c8-a57bd841ceeb"
        ],
        "Accept-Language": [
          "en-US"
        ],
        "User-Agent": [
          "FxVersion/6.0.2223.42425",
          "OSName/Windows",
          "OSVersion/Microsoft.Windows.10.0.22621",
          "Microsoft.Azure.Management.Search.SearchManagementClient/0.9.0"
        ]
      },
      "RequestBody": "",
      "ResponseHeaders": {
        "Cache-Control": [
          "no-cache"
        ],
        "Pragma": [
          "no-cache"
        ],
        "Vary": [
          "Accept-Encoding"
        ],
        "x-ms-request-id": [
          "976c15a2-ddf3-4ece-96c8-a57bd841ceeb"
        ],
        "request-id": [
          "976c15a2-ddf3-4ece-96c8-a57bd841ceeb"
        ],
        "elapsed-time": [
          "144"
        ],
        "Strict-Transport-Security": [
          "max-age=31536000; includeSubDomains"
        ],
        "x-ms-ratelimit-remaining-subscription-writes": [
          "1199"
        ],
        "x-ms-correlation-request-id": [
          "cf58a852-3cef-46e2-9df9-d2de4718605b"
        ],
        "x-ms-routing-request-id": [
          "SOUTHEASTASIA:20230929T043711Z:cf58a852-3cef-46e2-9df9-d2de4718605b"
        ],
        "X-Content-Type-Options": [
          "nosniff"
        ],
        "Date": [
          "Fri, 29 Sep 2023 04:37:11 GMT"
        ],
        "Content-Length": [
          "102"
        ],
        "Content-Type": [
          "application/json; charset=utf-8"
        ],
        "Expires": [
          "-1"
        ]
      },
      "ResponseBody": "{\r\n  \"value\": [\r\n    {\r\n      \"name\": null,\r\n      \"key\": \"key0\"\r\n    }\r\n  ],\r\n  \"nextLink\": null\r\n}",
      "StatusCode": 200
    },
    {
      "RequestUri": "/subscriptions/9e223dbe-3399-4e19-88eb-0975f02ac87f/resourceGroups/ps8724/providers/Microsoft.Search/searchServices/ps8724-service/listQueryKeys?api-version=2022-09-01",
      "EncodedRequestUri": "L3N1YnNjcmlwdGlvbnMvOWUyMjNkYmUtMzM5OS00ZTE5LTg4ZWItMDk3NWYwMmFjODdmL3Jlc291cmNlR3JvdXBzL3BzODcyNC9wcm92aWRlcnMvTWljcm9zb2Z0LlNlYXJjaC9zZWFyY2hTZXJ2aWNlcy9wczg3MjQtc2VydmljZS9saXN0UXVlcnlLZXlzP2FwaS12ZXJzaW9uPTIwMjItMDktMDE=",
      "RequestMethod": "POST",
      "RequestHeaders": {
        "x-ms-client-request-id": [
          "199894dd-1d02-4bf1-9437-9db266a089b8"
        ],
        "Accept-Language": [
          "en-US"
        ],
        "User-Agent": [
          "FxVersion/6.0.2223.42425",
          "OSName/Windows",
          "OSVersion/Microsoft.Windows.10.0.22621",
          "Microsoft.Azure.Management.Search.SearchManagementClient/0.9.0"
        ]
      },
      "RequestBody": "",
      "ResponseHeaders": {
        "Cache-Control": [
          "no-cache"
        ],
        "Pragma": [
          "no-cache"
        ],
        "Vary": [
          "Accept-Encoding"
        ],
        "x-ms-request-id": [
          "199894dd-1d02-4bf1-9437-9db266a089b8"
        ],
        "request-id": [
          "199894dd-1d02-4bf1-9437-9db266a089b8"
        ],
        "elapsed-time": [
          "149"
        ],
        "Strict-Transport-Security": [
          "max-age=31536000; includeSubDomains"
        ],
        "x-ms-ratelimit-remaining-subscription-writes": [
          "1199"
        ],
        "x-ms-correlation-request-id": [
          "64da0a1e-8a6b-4177-9687-8a0b4d51bfe7"
        ],
        "x-ms-routing-request-id": [
          "SOUTHEASTASIA:20230929T043713Z:64da0a1e-8a6b-4177-9687-8a0b4d51bfe7"
        ],
        "X-Content-Type-Options": [
          "nosniff"
        ],
        "Date": [
          "Fri, 29 Sep 2023 04:37:12 GMT"
        ],
        "Content-Length": [
          "102"
        ],
        "Content-Type": [
          "application/json; charset=utf-8"
        ],
        "Expires": [
          "-1"
        ]
      },
      "ResponseBody": "{\r\n  \"value\": [\r\n    {\r\n      \"name\": null,\r\n      \"key\": \"key0\"\r\n    }\r\n  ],\r\n  \"nextLink\": null\r\n}",
      "StatusCode": 200
    },
    {
      "RequestUri": "/subscriptions/9e223dbe-3399-4e19-88eb-0975f02ac87f/resourceGroups/ps8724/providers/Microsoft.Search/searchServices/ps8724-service/listQueryKeys?api-version=2022-09-01",
      "EncodedRequestUri": "L3N1YnNjcmlwdGlvbnMvOWUyMjNkYmUtMzM5OS00ZTE5LTg4ZWItMDk3NWYwMmFjODdmL3Jlc291cmNlR3JvdXBzL3BzODcyNC9wcm92aWRlcnMvTWljcm9zb2Z0LlNlYXJjaC9zZWFyY2hTZXJ2aWNlcy9wczg3MjQtc2VydmljZS9saXN0UXVlcnlLZXlzP2FwaS12ZXJzaW9uPTIwMjItMDktMDE=",
      "RequestMethod": "POST",
      "RequestHeaders": {
        "x-ms-client-request-id": [
          "4084f638-2f8c-447b-be32-d11064251a84"
        ],
        "Accept-Language": [
          "en-US"
        ],
        "User-Agent": [
          "FxVersion/6.0.2223.42425",
          "OSName/Windows",
          "OSVersion/Microsoft.Windows.10.0.22621",
          "Microsoft.Azure.Management.Search.SearchManagementClient/0.9.0"
        ]
      },
      "RequestBody": "",
      "ResponseHeaders": {
        "Cache-Control": [
          "no-cache"
        ],
        "Pragma": [
          "no-cache"
        ],
        "Vary": [
          "Accept-Encoding"
        ],
        "x-ms-request-id": [
          "4084f638-2f8c-447b-be32-d11064251a84"
        ],
        "request-id": [
          "4084f638-2f8c-447b-be32-d11064251a84"
        ],
        "elapsed-time": [
          "162"
        ],
        "Strict-Transport-Security": [
          "max-age=31536000; includeSubDomains"
        ],
        "x-ms-ratelimit-remaining-subscription-writes": [
          "1199"
        ],
        "x-ms-correlation-request-id": [
          "b66ee688-7236-4872-8c5f-8b1353a7afe6"
        ],
        "x-ms-routing-request-id": [
          "SOUTHEASTASIA:20230929T043726Z:b66ee688-7236-4872-8c5f-8b1353a7afe6"
        ],
        "X-Content-Type-Options": [
          "nosniff"
        ],
        "Date": [
          "Fri, 29 Sep 2023 04:37:26 GMT"
        ],
        "Content-Length": [
          "357"
        ],
        "Content-Type": [
          "application/json; charset=utf-8"
        ],
        "Expires": [
          "-1"
        ]
      },
      "ResponseBody": "{\r\n  \"value\": [\r\n    {\r\n      \"name\": null,\r\n      \"key\": \"key0\"\r\n    },\r\n    {\r\n      \"name\": \"newquerykey1\",\r\n      \"key\": \"key1\"\r\n    },\r\n    {\r\n      \"name\": \"newquerykey2\",\r\n      \"key\": \"key2\"\r\n    },\r\n    {\r\n      \"name\": \"newquerykey3\",\r\n      \"key\": \"key3\"\r\n    }\r\n  ],\r\n  \"nextLink\": null\r\n}",
      "StatusCode": 200
    },
    {
      "RequestUri": "/subscriptions/9e223dbe-3399-4e19-88eb-0975f02ac87f/resourceGroups/ps8724/providers/Microsoft.Search/searchServices/ps8724-service/listQueryKeys?api-version=2022-09-01",
      "EncodedRequestUri": "L3N1YnNjcmlwdGlvbnMvOWUyMjNkYmUtMzM5OS00ZTE5LTg4ZWItMDk3NWYwMmFjODdmL3Jlc291cmNlR3JvdXBzL3BzODcyNC9wcm92aWRlcnMvTWljcm9zb2Z0LlNlYXJjaC9zZWFyY2hTZXJ2aWNlcy9wczg3MjQtc2VydmljZS9saXN0UXVlcnlLZXlzP2FwaS12ZXJzaW9uPTIwMjItMDktMDE=",
      "RequestMethod": "POST",
      "RequestHeaders": {
        "x-ms-client-request-id": [
          "d5d26d33-ee0a-44ae-9073-ba260290c61f"
        ],
        "Accept-Language": [
          "en-US"
        ],
        "User-Agent": [
          "FxVersion/6.0.2223.42425",
          "OSName/Windows",
          "OSVersion/Microsoft.Windows.10.0.22621",
          "Microsoft.Azure.Management.Search.SearchManagementClient/0.9.0"
        ]
      },
      "RequestBody": "",
      "ResponseHeaders": {
        "Cache-Control": [
          "no-cache"
        ],
        "Pragma": [
          "no-cache"
        ],
        "Vary": [
          "Accept-Encoding"
        ],
        "x-ms-request-id": [
          "d5d26d33-ee0a-44ae-9073-ba260290c61f"
        ],
        "request-id": [
          "d5d26d33-ee0a-44ae-9073-ba260290c61f"
        ],
        "elapsed-time": [
          "124"
        ],
        "Strict-Transport-Security": [
          "max-age=31536000; includeSubDomains"
        ],
        "x-ms-ratelimit-remaining-subscription-writes": [
          "1199"
        ],
        "x-ms-correlation-request-id": [
          "da017d49-081c-4742-bbe7-50f0c8ef6bff"
        ],
        "x-ms-routing-request-id": [
          "SOUTHEASTASIA:20230929T043733Z:da017d49-081c-4742-bbe7-50f0c8ef6bff"
        ],
        "X-Content-Type-Options": [
          "nosniff"
        ],
        "Date": [
          "Fri, 29 Sep 2023 04:37:33 GMT"
        ],
        "Content-Length": [
          "102"
        ],
        "Content-Type": [
          "application/json; charset=utf-8"
        ],
        "Expires": [
          "-1"
        ]
      },
      "ResponseBody": "{\r\n  \"value\": [\r\n    {\r\n      \"name\": null,\r\n      \"key\": \"key0\"\r\n    }\r\n  ],\r\n  \"nextLink\": null\r\n}",
      "StatusCode": 200
    },
    {
      "RequestUri": "/subscriptions/9e223dbe-3399-4e19-88eb-0975f02ac87f/resourceGroups/ps8724/providers/Microsoft.Search/searchServices/ps8724-service/createQueryKey/newquerykey1?api-version=2022-09-01",
      "EncodedRequestUri": "L3N1YnNjcmlwdGlvbnMvOWUyMjNkYmUtMzM5OS00ZTE5LTg4ZWItMDk3NWYwMmFjODdmL3Jlc291cmNlR3JvdXBzL3BzODcyNC9wcm92aWRlcnMvTWljcm9zb2Z0LlNlYXJjaC9zZWFyY2hTZXJ2aWNlcy9wczg3MjQtc2VydmljZS9jcmVhdGVRdWVyeUtleS9uZXdxdWVyeWtleTE/YXBpLXZlcnNpb249MjAyMi0wOS0wMQ==",
      "RequestMethod": "POST",
      "RequestHeaders": {
        "x-ms-client-request-id": [
          "74eba1ee-7f0d-47f0-a98c-8ce6388f6eca"
        ],
        "Accept-Language": [
          "en-US"
        ],
        "User-Agent": [
          "FxVersion/6.0.2223.42425",
          "OSName/Windows",
          "OSVersion/Microsoft.Windows.10.0.22621",
          "Microsoft.Azure.Management.Search.SearchManagementClient/0.9.0"
        ]
      },
      "RequestBody": "",
      "ResponseHeaders": {
        "Cache-Control": [
          "no-cache"
        ],
        "Pragma": [
          "no-cache"
        ],
        "Vary": [
          "Accept-Encoding"
        ],
        "x-ms-request-id": [
          "74eba1ee-7f0d-47f0-a98c-8ce6388f6eca"
        ],
        "request-id": [
          "74eba1ee-7f0d-47f0-a98c-8ce6388f6eca"
        ],
        "elapsed-time": [
          "145"
        ],
        "Strict-Transport-Security": [
          "max-age=31536000; includeSubDomains"
        ],
        "x-ms-ratelimit-remaining-subscription-writes": [
          "1199"
        ],
        "x-ms-correlation-request-id": [
          "5729784b-7efb-436a-96a5-ddc718f090c6"
        ],
        "x-ms-routing-request-id": [
          "SOUTHEASTASIA:20230929T043720Z:5729784b-7efb-436a-96a5-ddc718f090c6"
        ],
        "X-Content-Type-Options": [
          "nosniff"
        ],
        "Date": [
          "Fri, 29 Sep 2023 04:37:19 GMT"
        ],
        "Content-Length": [
          "84"
        ],
        "Content-Type": [
          "application/json; charset=utf-8"
        ],
        "Expires": [
          "-1"
        ]
      },
      "ResponseBody": "{\r\n  \"name\": \"newquerykey1\",\r\n  \"key\": \"key1\"\r\n}",
      "StatusCode": 200
    },
    {
      "RequestUri": "/subscriptions/9e223dbe-3399-4e19-88eb-0975f02ac87f/resourceGroups/ps8724/providers/Microsoft.Search/searchServices/ps8724-service/createQueryKey/newquerykey2?api-version=2022-09-01",
      "EncodedRequestUri": "L3N1YnNjcmlwdGlvbnMvOWUyMjNkYmUtMzM5OS00ZTE5LTg4ZWItMDk3NWYwMmFjODdmL3Jlc291cmNlR3JvdXBzL3BzODcyNC9wcm92aWRlcnMvTWljcm9zb2Z0LlNlYXJjaC9zZWFyY2hTZXJ2aWNlcy9wczg3MjQtc2VydmljZS9jcmVhdGVRdWVyeUtleS9uZXdxdWVyeWtleTI/YXBpLXZlcnNpb249MjAyMi0wOS0wMQ==",
      "RequestMethod": "POST",
      "RequestHeaders": {
        "x-ms-client-request-id": [
          "8d723cc3-0e47-4453-aa77-8d56cec859d7"
        ],
        "Accept-Language": [
          "en-US"
        ],
        "User-Agent": [
          "FxVersion/6.0.2223.42425",
          "OSName/Windows",
          "OSVersion/Microsoft.Windows.10.0.22621",
          "Microsoft.Azure.Management.Search.SearchManagementClient/0.9.0"
        ]
      },
      "RequestBody": "",
      "ResponseHeaders": {
        "Cache-Control": [
          "no-cache"
        ],
        "Pragma": [
          "no-cache"
        ],
        "Vary": [
          "Accept-Encoding"
        ],
        "x-ms-request-id": [
          "8d723cc3-0e47-4453-aa77-8d56cec859d7"
        ],
        "request-id": [
          "8d723cc3-0e47-4453-aa77-8d56cec859d7"
        ],
        "elapsed-time": [
          "176"
        ],
        "Strict-Transport-Security": [
          "max-age=31536000; includeSubDomains"
        ],
        "x-ms-ratelimit-remaining-subscription-writes": [
          "1199"
        ],
        "x-ms-correlation-request-id": [
          "2d800401-2286-4eab-940c-f18fd366c1f3"
        ],
        "x-ms-routing-request-id": [
          "SOUTHEASTASIA:20230929T043722Z:2d800401-2286-4eab-940c-f18fd366c1f3"
        ],
        "X-Content-Type-Options": [
          "nosniff"
        ],
        "Date": [
          "Fri, 29 Sep 2023 04:37:22 GMT"
        ],
        "Content-Length": [
          "84"
        ],
        "Content-Type": [
          "application/json; charset=utf-8"
        ],
        "Expires": [
          "-1"
        ]
      },
      "ResponseBody": "{\r\n  \"name\": \"newquerykey2\",\r\n  \"key\": \"key2\"\r\n}",
      "StatusCode": 200
    },
    {
      "RequestUri": "/subscriptions/9e223dbe-3399-4e19-88eb-0975f02ac87f/resourceGroups/ps8724/providers/Microsoft.Search/searchServices/ps8724-service/createQueryKey/newquerykey3?api-version=2022-09-01",
      "EncodedRequestUri": "L3N1YnNjcmlwdGlvbnMvOWUyMjNkYmUtMzM5OS00ZTE5LTg4ZWItMDk3NWYwMmFjODdmL3Jlc291cmNlR3JvdXBzL3BzODcyNC9wcm92aWRlcnMvTWljcm9zb2Z0LlNlYXJjaC9zZWFyY2hTZXJ2aWNlcy9wczg3MjQtc2VydmljZS9jcmVhdGVRdWVyeUtleS9uZXdxdWVyeWtleTM/YXBpLXZlcnNpb249MjAyMi0wOS0wMQ==",
      "RequestMethod": "POST",
      "RequestHeaders": {
        "x-ms-client-request-id": [
          "6351df4f-4f8b-4b01-84cb-b3a15168738d"
        ],
        "Accept-Language": [
          "en-US"
        ],
        "User-Agent": [
          "FxVersion/6.0.2223.42425",
          "OSName/Windows",
          "OSVersion/Microsoft.Windows.10.0.22621",
          "Microsoft.Azure.Management.Search.SearchManagementClient/0.9.0"
        ]
      },
      "RequestBody": "",
      "ResponseHeaders": {
        "Cache-Control": [
          "no-cache"
        ],
        "Pragma": [
          "no-cache"
        ],
        "Vary": [
          "Accept-Encoding"
        ],
        "x-ms-request-id": [
          "6351df4f-4f8b-4b01-84cb-b3a15168738d"
        ],
        "request-id": [
          "6351df4f-4f8b-4b01-84cb-b3a15168738d"
        ],
        "elapsed-time": [
          "169"
        ],
        "Strict-Transport-Security": [
          "max-age=31536000; includeSubDomains"
        ],
        "x-ms-ratelimit-remaining-subscription-writes": [
          "1199"
        ],
        "x-ms-correlation-request-id": [
          "036a740d-3754-4d00-a1f0-89d94a124ddd"
        ],
        "x-ms-routing-request-id": [
          "SOUTHEASTASIA:20230929T043724Z:036a740d-3754-4d00-a1f0-89d94a124ddd"
        ],
        "X-Content-Type-Options": [
          "nosniff"
        ],
        "Date": [
          "Fri, 29 Sep 2023 04:37:23 GMT"
        ],
        "Content-Length": [
          "84"
        ],
        "Content-Type": [
          "application/json; charset=utf-8"
        ],
        "Expires": [
          "-1"
        ]
      },
      "ResponseBody": "{\r\n  \"name\": \"newquerykey3\",\r\n  \"key\": \"key3\"\r\n}",
      "StatusCode": 200
    },
    {
      "RequestUri": "/subscriptions/9e223dbe-3399-4e19-88eb-0975f02ac87f/resourceGroups/ps8724/providers/Microsoft.Search/searchServices/ps8724-service/deleteQueryKey/key1?api-version=2022-09-01",
      "EncodedRequestUri": "L3N1YnNjcmlwdGlvbnMvOWUyMjNkYmUtMzM5OS00ZTE5LTg4ZWItMDk3NWYwMmFjODdmL3Jlc291cmNlR3JvdXBzL3BzODcyNC9wcm92aWRlcnMvTWljcm9zb2Z0LlNlYXJjaC9zZWFyY2hTZXJ2aWNlcy9wczg3MjQtc2VydmljZS9kZWxldGVRdWVyeUtleS9rZXkxP2FwaS12ZXJzaW9uPTIwMjItMDktMDE=",
      "RequestMethod": "DELETE",
      "RequestHeaders": {
        "x-ms-client-request-id": [
          "f46a0c3e-8812-48ef-82a5-c8a583aea628"
        ],
        "Accept-Language": [
          "en-US"
        ],
        "User-Agent": [
          "FxVersion/6.0.2223.42425",
          "OSName/Windows",
          "OSVersion/Microsoft.Windows.10.0.22621",
          "Microsoft.Azure.Management.Search.SearchManagementClient/0.9.0"
        ]
      },
      "RequestBody": "",
      "ResponseHeaders": {
        "Cache-Control": [
          "no-cache"
        ],
        "Pragma": [
          "no-cache"
        ],
        "x-ms-request-id": [
          "f46a0c3e-8812-48ef-82a5-c8a583aea628"
        ],
        "request-id": [
          "f46a0c3e-8812-48ef-82a5-c8a583aea628"
        ],
        "elapsed-time": [
          "180"
        ],
        "Strict-Transport-Security": [
          "max-age=31536000; includeSubDomains"
        ],
        "x-ms-ratelimit-remaining-subscription-deletes": [
          "14999"
        ],
        "x-ms-correlation-request-id": [
          "a161c6c6-1927-41f1-b561-25e423d97d96"
        ],
        "x-ms-routing-request-id": [
          "SOUTHEASTASIA:20230929T043729Z:a161c6c6-1927-41f1-b561-25e423d97d96"
        ],
        "X-Content-Type-Options": [
          "nosniff"
        ],
        "Date": [
          "Fri, 29 Sep 2023 04:37:28 GMT"
        ],
        "Expires": [
          "-1"
        ]
      },
      "ResponseBody": "",
      "StatusCode": 204
    },
    {
      "RequestUri": "/subscriptions/9e223dbe-3399-4e19-88eb-0975f02ac87f/resourceGroups/ps8724/providers/Microsoft.Search/searchServices/ps8724-service/deleteQueryKey/key2?api-version=2022-09-01",
      "EncodedRequestUri": "L3N1YnNjcmlwdGlvbnMvOWUyMjNkYmUtMzM5OS00ZTE5LTg4ZWItMDk3NWYwMmFjODdmL3Jlc291cmNlR3JvdXBzL3BzODcyNC9wcm92aWRlcnMvTWljcm9zb2Z0LlNlYXJjaC9zZWFyY2hTZXJ2aWNlcy9wczg3MjQtc2VydmljZS9kZWxldGVRdWVyeUtleS9rZXkyP2FwaS12ZXJzaW9uPTIwMjItMDktMDE=",
      "RequestMethod": "DELETE",
      "RequestHeaders": {
        "x-ms-client-request-id": [
          "b676845d-3c1f-442b-899c-f104f9cda1f0"
        ],
        "Accept-Language": [
          "en-US"
        ],
        "User-Agent": [
          "FxVersion/6.0.2223.42425",
          "OSName/Windows",
          "OSVersion/Microsoft.Windows.10.0.22621",
          "Microsoft.Azure.Management.Search.SearchManagementClient/0.9.0"
        ]
      },
      "RequestBody": "",
      "ResponseHeaders": {
        "Cache-Control": [
          "no-cache"
        ],
        "Pragma": [
          "no-cache"
        ],
        "x-ms-request-id": [
          "b676845d-3c1f-442b-899c-f104f9cda1f0"
        ],
        "request-id": [
          "b676845d-3c1f-442b-899c-f104f9cda1f0"
        ],
        "elapsed-time": [
          "124"
        ],
        "Strict-Transport-Security": [
          "max-age=31536000; includeSubDomains"
        ],
        "x-ms-ratelimit-remaining-subscription-deletes": [
          "14999"
        ],
        "x-ms-correlation-request-id": [
          "6aadf337-3527-4d54-b452-57295ae4157c"
        ],
        "x-ms-routing-request-id": [
          "SOUTHEASTASIA:20230929T043731Z:6aadf337-3527-4d54-b452-57295ae4157c"
        ],
        "X-Content-Type-Options": [
          "nosniff"
        ],
        "Date": [
          "Fri, 29 Sep 2023 04:37:30 GMT"
        ],
        "Expires": [
          "-1"
        ]
      },
      "ResponseBody": "",
      "StatusCode": 204
    },
    {
      "RequestUri": "/subscriptions/9e223dbe-3399-4e19-88eb-0975f02ac87f/resourceGroups/ps8724/providers/Microsoft.Search/searchServices/ps8724-service/deleteQueryKey/key3?api-version=2022-09-01",
      "EncodedRequestUri": "L3N1YnNjcmlwdGlvbnMvOWUyMjNkYmUtMzM5OS00ZTE5LTg4ZWItMDk3NWYwMmFjODdmL3Jlc291cmNlR3JvdXBzL3BzODcyNC9wcm92aWRlcnMvTWljcm9zb2Z0LlNlYXJjaC9zZWFyY2hTZXJ2aWNlcy9wczg3MjQtc2VydmljZS9kZWxldGVRdWVyeUtleS9rZXkzP2FwaS12ZXJzaW9uPTIwMjItMDktMDE=",
      "RequestMethod": "DELETE",
      "RequestHeaders": {
        "x-ms-client-request-id": [
          "1d195f83-0449-496f-b409-f79316496dc7"
        ],
        "Accept-Language": [
          "en-US"
        ],
        "User-Agent": [
          "FxVersion/6.0.2223.42425",
          "OSName/Windows",
          "OSVersion/Microsoft.Windows.10.0.22621",
          "Microsoft.Azure.Management.Search.SearchManagementClient/0.9.0"
        ]
      },
      "RequestBody": "",
      "ResponseHeaders": {
        "Cache-Control": [
          "no-cache"
        ],
        "Pragma": [
          "no-cache"
        ],
        "x-ms-request-id": [
          "1d195f83-0449-496f-b409-f79316496dc7"
        ],
        "request-id": [
          "1d195f83-0449-496f-b409-f79316496dc7"
        ],
        "elapsed-time": [
          "153"
        ],
        "Strict-Transport-Security": [
          "max-age=31536000; includeSubDomains"
        ],
        "x-ms-ratelimit-remaining-subscription-deletes": [
          "14999"
        ],
        "x-ms-correlation-request-id": [
          "aed34972-9fbd-400e-84fc-7c625c52b31b"
        ],
        "x-ms-routing-request-id": [
          "SOUTHEASTASIA:20230929T043731Z:aed34972-9fbd-400e-84fc-7c625c52b31b"
        ],
        "X-Content-Type-Options": [
          "nosniff"
        ],
        "Date": [
          "Fri, 29 Sep 2023 04:37:31 GMT"
        ],
        "Expires": [
          "-1"
        ]
      },
      "ResponseBody": "",
      "StatusCode": 204
    },
    {
      "RequestUri": "/subscriptions/9e223dbe-3399-4e19-88eb-0975f02ac87f/resourcegroups/ps8724?api-version=2016-09-01",
      "EncodedRequestUri": "L3N1YnNjcmlwdGlvbnMvOWUyMjNkYmUtMzM5OS00ZTE5LTg4ZWItMDk3NWYwMmFjODdmL3Jlc291cmNlZ3JvdXBzL3BzODcyND9hcGktdmVyc2lvbj0yMDE2LTA5LTAx",
      "RequestMethod": "DELETE",
      "RequestHeaders": {
        "x-ms-client-request-id": [
          "b107a938-a801-4a2f-b50d-818c9f3284bc"
        ],
        "Accept-Language": [
          "en-US"
        ],
        "User-Agent": [
          "FxVersion/6.0.2223.42425",
          "OSName/Windows",
          "OSVersion/Microsoft.Windows.10.0.22621",
          "Microsoft.Azure.Management.Internal.Resources.ResourceManagementClient/1.3.86"
        ]
      },
      "RequestBody": "",
      "ResponseHeaders": {
        "Cache-Control": [
          "no-cache"
        ],
        "Pragma": [
          "no-cache"
        ],
        "Location": [
          "https://management.azure.com/subscriptions/9e223dbe-3399-4e19-88eb-0975f02ac87f/operationresults/eyJqb2JJZCI6IlJFU09VUkNFR1JPVVBERUxFVElPTkpPQi1QUzg3MjQtV0VTVFVTIiwiam9iTG9jYXRpb24iOiJ3ZXN0dXMifQ?api-version=2016-09-01&t=638315590576002381&c=MIIHHjCCBgagAwIBAgITfwHPGb2PGVTN4z3FUwAEAc8ZvTANBgkqhkiG9w0BAQsFADBEMRMwEQYKCZImiZPyLGQBGRYDR0JMMRMwEQYKCZImiZPyLGQBGRYDQU1FMRgwFgYDVQQDEw9BTUUgSW5mcmEgQ0EgMDIwHhcNMjMwODAyMDYzNjM2WhcNMjQwNzI3MDYzNjM2WjBAMT4wPAYDVQQDEzVhc3luY29wZXJhdGlvbnNpZ25pbmdjZXJ0aWZpY2F0ZS5tYW5hZ2VtZW50LmF6dXJlLmNvbTCCASIwDQYJKoZIhvcNAQEBBQADggEPADCCAQoCggEBALA8WMmmEO1CwTnKvAtvibQoh9fKt-nYVdbvRtzIlm4z19BYYfDibvj6l1viYhNR3bs53c9d8fIWknmMKcHdJpnnDk-sfLAVWjMNWlp_buwQ0wqnDDMi-_nqhutQ0ONUbruFxD0-bGPA3RLD9MxnV3XQGNGjXFzj7hqAQauMfHafpxwgDIEYAcWfBtE32aGB9_bxZrY8E2slVewgeS6yws88svVeMAmGPQEGqIrOrqphrXLbmWMcWg6Ixey-FyuliVC6n2ECOpeUOnI3zd3u2YXwLZrTeYxh6zaRuU-ht2zLmkisse4EaaJvcnYB1ET9IBE-LI8SxLbutQtDAe4kiSkCAwEAAaOCBAswggQHMCcGCSsGAQQBgjcVCgQaMBgwCgYIKwYBBQUHAwEwCgYIKwYBBQUHAwIwPQYJKwYBBAGCNxUHBDAwLgYmKwYBBAGCNxUIhpDjDYTVtHiE8Ys-hZvdFs6dEoFggvX2K4Py0SACAWQCAQowggHaBggrBgEFBQcBAQSCAcwwggHIMGYGCCsGAQUFBzAChlpodHRwOi8vY3JsLm1pY3Jvc29mdC5jb20vcGtpaW5mcmEvQ2VydHMvQkwyUEtJSU5UQ0EwMS5BTUUuR0JMX0FNRSUyMEluZnJhJTIwQ0ElMjAwMig0KS5jcnQwVgYIKwYBBQUHMAKGSmh0dHA6Ly9jcmwxLmFtZS5nYmwvYWlhL0JMMlBLSUlOVENBMDEuQU1FLkdCTF9BTUUlMjBJbmZyYSUyMENBJTIwMDIoNCkuY3J0MFYGCCsGAQUFBzAChkpodHRwOi8vY3JsMi5hbWUuZ2JsL2FpYS9CTDJQS0lJTlRDQTAxLkFNRS5HQkxfQU1FJTIwSW5mcmElMjBDQSUyMDAyKDQpLmNydDBWBggrBgEFBQcwAoZKaHR0cDovL2NybDMuYW1lLmdibC9haWEvQkwyUEtJSU5UQ0EwMS5BTUUuR0JMX0FNRSUyMEluZnJhJTIwQ0ElMjAwMig0KS5jcnQwVgYIKwYBBQUHMAKGSmh0dHA6Ly9jcmw0LmFtZS5nYmwvYWlhL0JMMlBLSUlOVENBMDEuQU1FLkdCTF9BTUUlMjBJbmZyYSUyMENBJTIwMDIoNCkuY3J0MB0GA1UdDgQWBBQBTTHZD8UzTofzBwHZRpdtw5XpXjAOBgNVHQ8BAf8EBAMCBaAwggE1BgNVHR8EggEsMIIBKDCCASSgggEgoIIBHIZCaHR0cDovL2NybC5taWNyb3NvZnQuY29tL3BraWluZnJhL0NSTC9BTUUlMjBJbmZyYSUyMENBJTIwMDIoNCkuY3JshjRodHRwOi8vY3JsMS5hbWUuZ2JsL2NybC9BTUUlMjBJbmZyYSUyMENBJTIwMDIoNCkuY3JshjRodHRwOi8vY3JsMi5hbWUuZ2JsL2NybC9BTUUlMjBJbmZyYSUyMENBJTIwMDIoNCkuY3JshjRodHRwOi8vY3JsMy5hbWUuZ2JsL2NybC9BTUUlMjBJbmZyYSUyMENBJTIwMDIoNCkuY3JshjRodHRwOi8vY3JsNC5hbWUuZ2JsL2NybC9BTUUlMjBJbmZyYSUyMENBJTIwMDIoNCkuY3JsMBcGA1UdIAQQMA4wDAYKKwYBBAGCN3sBATAfBgNVHSMEGDAWgBSuecJrXSWIEwb2BwnDl3x7l48dVTAdBgNVHSUEFjAUBggrBgEFBQcDAQYIKwYBBQUHAwIwDQYJKoZIhvcNAQELBQADggEBAD3Zm_z6dHneGOQPVVe1FxHrV2xvtqbjaKZAuH5rSpWUw_DJdOSV4cWnP6mHzxkPNq64LVAwgyif18NOtR825NodQN7r_Il0fGIykE4rt-M_xIqddJaoXHzIGUQ0uCofzHWG-wdvSYVhlbFFtTckqYtEA9-qW-eTU2K1wu1OQ8ry_XahL8OpgJsribT6ANlH0I5odhgLdzGhwvBWfM1-xaqN8ieQA5l7FdmYeOrZYwzX4Lc-478HHPVhkKgLr6pn1L-WJJ1mMn_PPXo4c6q34Uw6i0kyVgPeot9rO0FSHhj-YxHTde4eXuk4k1VEx6v56KK89p9N2LCqwkWf75r3Vdk&s=eydHFFq0nf-rwRh8S8v4vMqr-POKqNZWX95xCvioqTVRk09MahQw-btd88zONxsOW--WAebhphJeElHxWmLoIV81oSRd4Q1WPXKqL5z-9QrfyM3b8uxcDQT2bP4QQM51YfsjzmCxwgy1VYSamQtvUyg8FbCrYEdeembLAT8UkH2JNyUnzs3lQ_0z5FUzNp_76qnJ9MhIIpPjwXY5HVuZMayOHKLiGrvAKeoUObp9Ay1o5U60NcTdIa4Fb9Wokbz-KDburDnLRUYfaMVQh_L7eMH-IlEe31n4PPavXaCn2pEQbN110MH2lGNqZTHBYckmU7Ktk2_smGJoVuFSaSPmZA&h=JkV1Re3VOQi9PFba4id7G9vKJvblR1MzLRLrHpsZNoU"
        ],
        "Retry-After": [
          "15"
        ],
        "x-ms-ratelimit-remaining-subscription-deletes": [
          "14999"
        ],
        "x-ms-request-id": [
          "35a6945d-f787-4fed-8d9f-95ef91d14205"
        ],
        "x-ms-correlation-request-id": [
          "35a6945d-f787-4fed-8d9f-95ef91d14205"
        ],
        "x-ms-routing-request-id": [
          "SOUTHEASTASIA:20230929T043737Z:35a6945d-f787-4fed-8d9f-95ef91d14205"
        ],
        "Strict-Transport-Security": [
          "max-age=31536000; includeSubDomains"
        ],
        "X-Content-Type-Options": [
          "nosniff"
        ],
        "Date": [
          "Fri, 29 Sep 2023 04:37:36 GMT"
        ],
        "Expires": [
          "-1"
        ],
        "Content-Length": [
          "0"
        ]
      },
      "ResponseBody": "",
      "StatusCode": 202
    },
    {
      "RequestUri": "/subscriptions/9e223dbe-3399-4e19-88eb-0975f02ac87f/operationresults/eyJqb2JJZCI6IlJFU09VUkNFR1JPVVBERUxFVElPTkpPQi1QUzg3MjQtV0VTVFVTIiwiam9iTG9jYXRpb24iOiJ3ZXN0dXMifQ?api-version=2016-09-01&t=638315590576002381&c=MIIHHjCCBgagAwIBAgITfwHPGb2PGVTN4z3FUwAEAc8ZvTANBgkqhkiG9w0BAQsFADBEMRMwEQYKCZImiZPyLGQBGRYDR0JMMRMwEQYKCZImiZPyLGQBGRYDQU1FMRgwFgYDVQQDEw9BTUUgSW5mcmEgQ0EgMDIwHhcNMjMwODAyMDYzNjM2WhcNMjQwNzI3MDYzNjM2WjBAMT4wPAYDVQQDEzVhc3luY29wZXJhdGlvbnNpZ25pbmdjZXJ0aWZpY2F0ZS5tYW5hZ2VtZW50LmF6dXJlLmNvbTCCASIwDQYJKoZIhvcNAQEBBQADggEPADCCAQoCggEBALA8WMmmEO1CwTnKvAtvibQoh9fKt-nYVdbvRtzIlm4z19BYYfDibvj6l1viYhNR3bs53c9d8fIWknmMKcHdJpnnDk-sfLAVWjMNWlp_buwQ0wqnDDMi-_nqhutQ0ONUbruFxD0-bGPA3RLD9MxnV3XQGNGjXFzj7hqAQauMfHafpxwgDIEYAcWfBtE32aGB9_bxZrY8E2slVewgeS6yws88svVeMAmGPQEGqIrOrqphrXLbmWMcWg6Ixey-FyuliVC6n2ECOpeUOnI3zd3u2YXwLZrTeYxh6zaRuU-ht2zLmkisse4EaaJvcnYB1ET9IBE-LI8SxLbutQtDAe4kiSkCAwEAAaOCBAswggQHMCcGCSsGAQQBgjcVCgQaMBgwCgYIKwYBBQUHAwEwCgYIKwYBBQUHAwIwPQYJKwYBBAGCNxUHBDAwLgYmKwYBBAGCNxUIhpDjDYTVtHiE8Ys-hZvdFs6dEoFggvX2K4Py0SACAWQCAQowggHaBggrBgEFBQcBAQSCAcwwggHIMGYGCCsGAQUFBzAChlpodHRwOi8vY3JsLm1pY3Jvc29mdC5jb20vcGtpaW5mcmEvQ2VydHMvQkwyUEtJSU5UQ0EwMS5BTUUuR0JMX0FNRSUyMEluZnJhJTIwQ0ElMjAwMig0KS5jcnQwVgYIKwYBBQUHMAKGSmh0dHA6Ly9jcmwxLmFtZS5nYmwvYWlhL0JMMlBLSUlOVENBMDEuQU1FLkdCTF9BTUUlMjBJbmZyYSUyMENBJTIwMDIoNCkuY3J0MFYGCCsGAQUFBzAChkpodHRwOi8vY3JsMi5hbWUuZ2JsL2FpYS9CTDJQS0lJTlRDQTAxLkFNRS5HQkxfQU1FJTIwSW5mcmElMjBDQSUyMDAyKDQpLmNydDBWBggrBgEFBQcwAoZKaHR0cDovL2NybDMuYW1lLmdibC9haWEvQkwyUEtJSU5UQ0EwMS5BTUUuR0JMX0FNRSUyMEluZnJhJTIwQ0ElMjAwMig0KS5jcnQwVgYIKwYBBQUHMAKGSmh0dHA6Ly9jcmw0LmFtZS5nYmwvYWlhL0JMMlBLSUlOVENBMDEuQU1FLkdCTF9BTUUlMjBJbmZyYSUyMENBJTIwMDIoNCkuY3J0MB0GA1UdDgQWBBQBTTHZD8UzTofzBwHZRpdtw5XpXjAOBgNVHQ8BAf8EBAMCBaAwggE1BgNVHR8EggEsMIIBKDCCASSgggEgoIIBHIZCaHR0cDovL2NybC5taWNyb3NvZnQuY29tL3BraWluZnJhL0NSTC9BTUUlMjBJbmZyYSUyMENBJTIwMDIoNCkuY3JshjRodHRwOi8vY3JsMS5hbWUuZ2JsL2NybC9BTUUlMjBJbmZyYSUyMENBJTIwMDIoNCkuY3JshjRodHRwOi8vY3JsMi5hbWUuZ2JsL2NybC9BTUUlMjBJbmZyYSUyMENBJTIwMDIoNCkuY3JshjRodHRwOi8vY3JsMy5hbWUuZ2JsL2NybC9BTUUlMjBJbmZyYSUyMENBJTIwMDIoNCkuY3JshjRodHRwOi8vY3JsNC5hbWUuZ2JsL2NybC9BTUUlMjBJbmZyYSUyMENBJTIwMDIoNCkuY3JsMBcGA1UdIAQQMA4wDAYKKwYBBAGCN3sBATAfBgNVHSMEGDAWgBSuecJrXSWIEwb2BwnDl3x7l48dVTAdBgNVHSUEFjAUBggrBgEFBQcDAQYIKwYBBQUHAwIwDQYJKoZIhvcNAQELBQADggEBAD3Zm_z6dHneGOQPVVe1FxHrV2xvtqbjaKZAuH5rSpWUw_DJdOSV4cWnP6mHzxkPNq64LVAwgyif18NOtR825NodQN7r_Il0fGIykE4rt-M_xIqddJaoXHzIGUQ0uCofzHWG-wdvSYVhlbFFtTckqYtEA9-qW-eTU2K1wu1OQ8ry_XahL8OpgJsribT6ANlH0I5odhgLdzGhwvBWfM1-xaqN8ieQA5l7FdmYeOrZYwzX4Lc-478HHPVhkKgLr6pn1L-WJJ1mMn_PPXo4c6q34Uw6i0kyVgPeot9rO0FSHhj-YxHTde4eXuk4k1VEx6v56KK89p9N2LCqwkWf75r3Vdk&s=eydHFFq0nf-rwRh8S8v4vMqr-POKqNZWX95xCvioqTVRk09MahQw-btd88zONxsOW--WAebhphJeElHxWmLoIV81oSRd4Q1WPXKqL5z-9QrfyM3b8uxcDQT2bP4QQM51YfsjzmCxwgy1VYSamQtvUyg8FbCrYEdeembLAT8UkH2JNyUnzs3lQ_0z5FUzNp_76qnJ9MhIIpPjwXY5HVuZMayOHKLiGrvAKeoUObp9Ay1o5U60NcTdIa4Fb9Wokbz-KDburDnLRUYfaMVQh_L7eMH-IlEe31n4PPavXaCn2pEQbN110MH2lGNqZTHBYckmU7Ktk2_smGJoVuFSaSPmZA&h=JkV1Re3VOQi9PFba4id7G9vKJvblR1MzLRLrHpsZNoU",
      "EncodedRequestUri": "L3N1YnNjcmlwdGlvbnMvOWUyMjNkYmUtMzM5OS00ZTE5LTg4ZWItMDk3NWYwMmFjODdmL29wZXJhdGlvbnJlc3VsdHMvZXlKcWIySkpaQ0k2SWxKRlUwOVZVa05GUjFKUFZWQkVSVXhGVkVsUFRrcFBRaTFRVXpnM01qUXRWMFZUVkZWVElpd2lhbTlpVEc5allYUnBiMjRpT2lKM1pYTjBkWE1pZlE/YXBpLXZlcnNpb249MjAxNi0wOS0wMSZ0PTYzODMxNTU5MDU3NjAwMjM4MSZjPU1JSUhIakNDQmdhZ0F3SUJBZ0lUZndIUEdiMlBHVlRONHozRlV3QUVBYzhadlRBTkJna3Foa2lHOXcwQkFRc0ZBREJFTVJNd0VRWUtDWkltaVpQeUxHUUJHUllEUjBKTU1STXdFUVlLQ1pJbWlaUHlMR1FCR1JZRFFVMUZNUmd3RmdZRFZRUURFdzlCVFVVZ1NXNW1jbUVnUTBFZ01ESXdIaGNOTWpNd09EQXlNRFl6TmpNMldoY05NalF3TnpJM01EWXpOak0yV2pCQU1UNHdQQVlEVlFRREV6VmhjM2x1WTI5d1pYSmhkR2x2Ym5OcFoyNXBibWRqWlhKMGFXWnBZMkYwWlM1dFlXNWhaMlZ0Wlc1MExtRjZkWEpsTG1OdmJUQ0NBU0l3RFFZSktvWklodmNOQVFFQkJRQURnZ0VQQURDQ0FRb0NnZ0VCQUxBOFdNbW1FTzFDd1RuS3ZBdHZpYlFvaDlmS3QtbllWZGJ2UnR6SWxtNHoxOUJZWWZEaWJ2ajZsMXZpWWhOUjNiczUzYzlkOGZJV2tubU1LY0hkSnBubkRrLXNmTEFWV2pNTldscF9idXdRMHdxbkRETWktX25xaHV0UTBPTlVicnVGeEQwLWJHUEEzUkxEOU14blYzWFFHTkdqWEZ6ajdocUFRYXVNZkhhZnB4d2dESUVZQWNXZkJ0RTMyYUdCOV9ieFpyWThFMnNsVmV3Z2VTNnl3czg4c3ZWZU1BbUdQUUVHcUlyT3JxcGhyWExibVdNY1dnNkl4ZXktRnl1bGlWQzZuMkVDT3BlVU9uSTN6ZDN1MllYd0xaclRlWXhoNnphUnVVLWh0MnpMbWtpc3NlNEVhYUp2Y25ZQjFFVDlJQkUtTEk4U3hMYnV0UXREQWU0a2lTa0NBd0VBQWFPQ0JBc3dnZ1FITUNjR0NTc0dBUVFCZ2pjVkNnUWFNQmd3Q2dZSUt3WUJCUVVIQXdFd0NnWUlLd1lCQlFVSEF3SXdQUVlKS3dZQkJBR0NOeFVIQkRBd0xnWW1Ld1lCQkFHQ054VUlocERqRFlUVnRIaUU4WXMtaFp2ZEZzNmRFb0ZnZ3ZYMks0UHkwU0FDQVdRQ0FRb3dnZ0hhQmdnckJnRUZCUWNCQVFTQ0Fjd3dnZ0hJTUdZR0NDc0dBUVVGQnpBQ2hscG9kSFJ3T2k4dlkzSnNMbTFwWTNKdmMyOW1kQzVqYjIwdmNHdHBhVzVtY21FdlEyVnlkSE12UWt3eVVFdEpTVTVVUTBFd01TNUJUVVV1UjBKTVgwRk5SU1V5TUVsdVpuSmhKVEl3UTBFbE1qQXdNaWcwS1M1amNuUXdWZ1lJS3dZQkJRVUhNQUtHU21oMGRIQTZMeTlqY213eExtRnRaUzVuWW13dllXbGhMMEpNTWxCTFNVbE9WRU5CTURFdVFVMUZMa2RDVEY5QlRVVWxNakJKYm1aeVlTVXlNRU5CSlRJd01ESW9OQ2t1WTNKME1GWUdDQ3NHQVFVRkJ6QUNoa3BvZEhSd09pOHZZM0pzTWk1aGJXVXVaMkpzTDJGcFlTOUNUREpRUzBsSlRsUkRRVEF4TGtGTlJTNUhRa3hmUVUxRkpUSXdTVzVtY21FbE1qQkRRU1V5TURBeUtEUXBMbU55ZERCV0JnZ3JCZ0VGQlFjd0FvWkthSFIwY0RvdkwyTnliRE11WVcxbExtZGliQzloYVdFdlFrd3lVRXRKU1U1VVEwRXdNUzVCVFVVdVIwSk1YMEZOUlNVeU1FbHVabkpoSlRJd1EwRWxNakF3TWlnMEtTNWpjblF3VmdZSUt3WUJCUVVITUFLR1NtaDBkSEE2THk5amNtdzBMbUZ0WlM1blltd3ZZV2xoTDBKTU1sQkxTVWxPVkVOQk1ERXVRVTFGTGtkQ1RGOUJUVVVsTWpCSmJtWnlZU1V5TUVOQkpUSXdNRElvTkNrdVkzSjBNQjBHQTFVZERnUVdCQlFCVFRIWkQ4VXpUb2Z6QndIWlJwZHR3NVhwWGpBT0JnTlZIUThCQWY4RUJBTUNCYUF3Z2dFMUJnTlZIUjhFZ2dFc01JSUJLRENDQVNTZ2dnRWdvSUlCSElaQ2FIUjBjRG92TDJOeWJDNXRhV055YjNOdlpuUXVZMjl0TDNCcmFXbHVabkpoTDBOU1RDOUJUVVVsTWpCSmJtWnlZU1V5TUVOQkpUSXdNRElvTkNrdVkzSnNoalJvZEhSd09pOHZZM0pzTVM1aGJXVXVaMkpzTDJOeWJDOUJUVVVsTWpCSmJtWnlZU1V5TUVOQkpUSXdNRElvTkNrdVkzSnNoalJvZEhSd09pOHZZM0pzTWk1aGJXVXVaMkpzTDJOeWJDOUJUVVVsTWpCSmJtWnlZU1V5TUVOQkpUSXdNRElvTkNrdVkzSnNoalJvZEhSd09pOHZZM0pzTXk1aGJXVXVaMkpzTDJOeWJDOUJUVVVsTWpCSmJtWnlZU1V5TUVOQkpUSXdNRElvTkNrdVkzSnNoalJvZEhSd09pOHZZM0pzTkM1aGJXVXVaMkpzTDJOeWJDOUJUVVVsTWpCSmJtWnlZU1V5TUVOQkpUSXdNRElvTkNrdVkzSnNNQmNHQTFVZElBUVFNQTR3REFZS0t3WUJCQUdDTjNzQkFUQWZCZ05WSFNNRUdEQVdnQlN1ZWNKclhTV0lFd2IyQnduRGwzeDdsNDhkVlRBZEJnTlZIU1VFRmpBVUJnZ3JCZ0VGQlFjREFRWUlLd1lCQlFVSEF3SXdEUVlKS29aSWh2Y05BUUVMQlFBRGdnRUJBRDNabV96NmRIbmVHT1FQVlZlMUZ4SHJWMnh2dHFiamFLWkF1SDVyU3BXVXdfREpkT1NWNGNXblA2bUh6eGtQTnE2NExWQXdneWlmMThOT3RSODI1Tm9kUU43cl9JbDBmR0l5a0U0cnQtTV94SXFkZEphb1hIeklHVVEwdUNvZnpIV0ctd2R2U1lWaGxiRkZ0VGNrcVl0RUE5LXFXLWVUVTJLMXd1MU9ROHJ5X1hhaEw4T3BnSnNyaWJUNkFObEgwSTVvZGhnTGR6R2h3dkJXZk0xLXhhcU44aWVRQTVsN0ZkbVllT3JaWXd6WDRMYy00NzhISFBWaGtLZ0xyNnBuMUwtV0pKMW1Nbl9QUFhvNGM2cTM0VXc2aTBreVZnUGVvdDlyTzBGU0hoai1ZeEhUZGU0ZVh1azRrMVZFeDZ2NTZLSzg5cDlOMkxDcXdrV2Y3NXIzVmRrJnM9ZXlkSEZGcTBuZi1yd1JoOFM4djR2TXFyLVBPS3FOWldYOTV4Q3Zpb3FUVlJrMDlNYWhRdy1idGQ4OHpPTnhzT1ctLVdBZWJocGhKZUVsSHhXbUxvSVY4MW9TUmQ0UTFXUFhLcUw1ei05UXJmeU0zYjh1eGNEUVQyYlA0UVFNNTFZZnNqem1DeHdneTFWWVNhbVF0dlV5ZzhGYkNyWUVkZWVtYkxBVDhVa0gySk55VW56czNsUV8wejVGVXpOcF83NnFuSjlNaElJcFBqd1hZNUhWdVpNYXlPSEtMaUdydkFLZW9VT2JwOUF5MW81VTYwTmNUZElhNEZiOVdva2J6LUtEYnVyRG5MUlVZZmFNVlFoX0w3ZU1ILUlsRWUzMW40UFBhdlhhQ24ycEVRYk4xMTBNSDJsR05xWlRIQllja21VN0t0azJfc21HSm9WdUZTYVNQbVpBJmg9SmtWMVJlM1ZPUWk5UEZiYTRpZDdHOXZLSnZibFIxTXpMUkxySHBzWk5vVQ==",
      "RequestMethod": "GET",
      "RequestHeaders": {
        "User-Agent": [
          "FxVersion/6.0.2223.42425",
          "OSName/Windows",
          "OSVersion/Microsoft.Windows.10.0.22621",
          "Microsoft.Azure.Management.Internal.Resources.ResourceManagementClient/1.3.86"
        ]
      },
      "RequestBody": "",
      "ResponseHeaders": {
        "Cache-Control": [
          "no-cache"
        ],
        "Pragma": [
          "no-cache"
        ],
        "Location": [
          "https://management.azure.com/subscriptions/9e223dbe-3399-4e19-88eb-0975f02ac87f/operationresults/eyJqb2JJZCI6IlJFU09VUkNFR1JPVVBERUxFVElPTkpPQi1QUzg3MjQtV0VTVFVTIiwiam9iTG9jYXRpb24iOiJ3ZXN0dXMifQ?api-version=2016-09-01&t=638315590730692253&c=MIIHHjCCBgagAwIBAgITfwHPGb2PGVTN4z3FUwAEAc8ZvTANBgkqhkiG9w0BAQsFADBEMRMwEQYKCZImiZPyLGQBGRYDR0JMMRMwEQYKCZImiZPyLGQBGRYDQU1FMRgwFgYDVQQDEw9BTUUgSW5mcmEgQ0EgMDIwHhcNMjMwODAyMDYzNjM2WhcNMjQwNzI3MDYzNjM2WjBAMT4wPAYDVQQDEzVhc3luY29wZXJhdGlvbnNpZ25pbmdjZXJ0aWZpY2F0ZS5tYW5hZ2VtZW50LmF6dXJlLmNvbTCCASIwDQYJKoZIhvcNAQEBBQADggEPADCCAQoCggEBALA8WMmmEO1CwTnKvAtvibQoh9fKt-nYVdbvRtzIlm4z19BYYfDibvj6l1viYhNR3bs53c9d8fIWknmMKcHdJpnnDk-sfLAVWjMNWlp_buwQ0wqnDDMi-_nqhutQ0ONUbruFxD0-bGPA3RLD9MxnV3XQGNGjXFzj7hqAQauMfHafpxwgDIEYAcWfBtE32aGB9_bxZrY8E2slVewgeS6yws88svVeMAmGPQEGqIrOrqphrXLbmWMcWg6Ixey-FyuliVC6n2ECOpeUOnI3zd3u2YXwLZrTeYxh6zaRuU-ht2zLmkisse4EaaJvcnYB1ET9IBE-LI8SxLbutQtDAe4kiSkCAwEAAaOCBAswggQHMCcGCSsGAQQBgjcVCgQaMBgwCgYIKwYBBQUHAwEwCgYIKwYBBQUHAwIwPQYJKwYBBAGCNxUHBDAwLgYmKwYBBAGCNxUIhpDjDYTVtHiE8Ys-hZvdFs6dEoFggvX2K4Py0SACAWQCAQowggHaBggrBgEFBQcBAQSCAcwwggHIMGYGCCsGAQUFBzAChlpodHRwOi8vY3JsLm1pY3Jvc29mdC5jb20vcGtpaW5mcmEvQ2VydHMvQkwyUEtJSU5UQ0EwMS5BTUUuR0JMX0FNRSUyMEluZnJhJTIwQ0ElMjAwMig0KS5jcnQwVgYIKwYBBQUHMAKGSmh0dHA6Ly9jcmwxLmFtZS5nYmwvYWlhL0JMMlBLSUlOVENBMDEuQU1FLkdCTF9BTUUlMjBJbmZyYSUyMENBJTIwMDIoNCkuY3J0MFYGCCsGAQUFBzAChkpodHRwOi8vY3JsMi5hbWUuZ2JsL2FpYS9CTDJQS0lJTlRDQTAxLkFNRS5HQkxfQU1FJTIwSW5mcmElMjBDQSUyMDAyKDQpLmNydDBWBggrBgEFBQcwAoZKaHR0cDovL2NybDMuYW1lLmdibC9haWEvQkwyUEtJSU5UQ0EwMS5BTUUuR0JMX0FNRSUyMEluZnJhJTIwQ0ElMjAwMig0KS5jcnQwVgYIKwYBBQUHMAKGSmh0dHA6Ly9jcmw0LmFtZS5nYmwvYWlhL0JMMlBLSUlOVENBMDEuQU1FLkdCTF9BTUUlMjBJbmZyYSUyMENBJTIwMDIoNCkuY3J0MB0GA1UdDgQWBBQBTTHZD8UzTofzBwHZRpdtw5XpXjAOBgNVHQ8BAf8EBAMCBaAwggE1BgNVHR8EggEsMIIBKDCCASSgggEgoIIBHIZCaHR0cDovL2NybC5taWNyb3NvZnQuY29tL3BraWluZnJhL0NSTC9BTUUlMjBJbmZyYSUyMENBJTIwMDIoNCkuY3JshjRodHRwOi8vY3JsMS5hbWUuZ2JsL2NybC9BTUUlMjBJbmZyYSUyMENBJTIwMDIoNCkuY3JshjRodHRwOi8vY3JsMi5hbWUuZ2JsL2NybC9BTUUlMjBJbmZyYSUyMENBJTIwMDIoNCkuY3JshjRodHRwOi8vY3JsMy5hbWUuZ2JsL2NybC9BTUUlMjBJbmZyYSUyMENBJTIwMDIoNCkuY3JshjRodHRwOi8vY3JsNC5hbWUuZ2JsL2NybC9BTUUlMjBJbmZyYSUyMENBJTIwMDIoNCkuY3JsMBcGA1UdIAQQMA4wDAYKKwYBBAGCN3sBATAfBgNVHSMEGDAWgBSuecJrXSWIEwb2BwnDl3x7l48dVTAdBgNVHSUEFjAUBggrBgEFBQcDAQYIKwYBBQUHAwIwDQYJKoZIhvcNAQELBQADggEBAD3Zm_z6dHneGOQPVVe1FxHrV2xvtqbjaKZAuH5rSpWUw_DJdOSV4cWnP6mHzxkPNq64LVAwgyif18NOtR825NodQN7r_Il0fGIykE4rt-M_xIqddJaoXHzIGUQ0uCofzHWG-wdvSYVhlbFFtTckqYtEA9-qW-eTU2K1wu1OQ8ry_XahL8OpgJsribT6ANlH0I5odhgLdzGhwvBWfM1-xaqN8ieQA5l7FdmYeOrZYwzX4Lc-478HHPVhkKgLr6pn1L-WJJ1mMn_PPXo4c6q34Uw6i0kyVgPeot9rO0FSHhj-YxHTde4eXuk4k1VEx6v56KK89p9N2LCqwkWf75r3Vdk&s=NgJ1kPJUeHrOJtGdp_WP0Gzc3o5slJjajaD0ZmBMZ5hwc9MjIa9r2OwyVMKIJ8I_BIernu9sT4knxEq3pRwmeGKG13wJonHIp6KCxa7K7LqCQQsEeGpOTtU5anVjzgdKwMONANAYmspo0WYlUBpokygyiIl-BgaAthkMtQo-QFNvRKXRj0K_Tg7aZnNlVt1xXgUi88q0xsUn3sVDSBp-iDXPP7Fr-xfNYGAzR6uTBUI4KUHN-aCRrELlRMejkuSv8GRe_lZO1RAcCbJpjh2acDw93FrbnbgUn8_fEV7kmt_kg3Lrli2tEtM7YDso_rRrmDoxBm7pyZ3GUxBNLQ_KKA&h=JbAS0shWhTncJ_i5VVoxN1tAsK2RDR8APcsSC2ZNS-Y"
        ],
        "Retry-After": [
          "15"
        ],
        "x-ms-ratelimit-remaining-subscription-reads": [
          "11999"
        ],
        "x-ms-request-id": [
          "7ddb9f64-831e-4eca-bc65-f950e8a500f3"
        ],
        "x-ms-correlation-request-id": [
          "7ddb9f64-831e-4eca-bc65-f950e8a500f3"
        ],
        "x-ms-routing-request-id": [
          "SOUTHEASTASIA:20230929T043753Z:7ddb9f64-831e-4eca-bc65-f950e8a500f3"
        ],
        "Strict-Transport-Security": [
          "max-age=31536000; includeSubDomains"
        ],
        "X-Content-Type-Options": [
          "nosniff"
        ],
        "Date": [
          "Fri, 29 Sep 2023 04:37:52 GMT"
        ],
        "Expires": [
          "-1"
        ],
        "Content-Length": [
          "0"
        ]
      },
      "ResponseBody": "",
      "StatusCode": 202
    },
    {
      "RequestUri": "/subscriptions/9e223dbe-3399-4e19-88eb-0975f02ac87f/operationresults/eyJqb2JJZCI6IlJFU09VUkNFR1JPVVBERUxFVElPTkpPQi1QUzg3MjQtV0VTVFVTIiwiam9iTG9jYXRpb24iOiJ3ZXN0dXMifQ?api-version=2016-09-01&t=638315590730692253&c=MIIHHjCCBgagAwIBAgITfwHPGb2PGVTN4z3FUwAEAc8ZvTANBgkqhkiG9w0BAQsFADBEMRMwEQYKCZImiZPyLGQBGRYDR0JMMRMwEQYKCZImiZPyLGQBGRYDQU1FMRgwFgYDVQQDEw9BTUUgSW5mcmEgQ0EgMDIwHhcNMjMwODAyMDYzNjM2WhcNMjQwNzI3MDYzNjM2WjBAMT4wPAYDVQQDEzVhc3luY29wZXJhdGlvbnNpZ25pbmdjZXJ0aWZpY2F0ZS5tYW5hZ2VtZW50LmF6dXJlLmNvbTCCASIwDQYJKoZIhvcNAQEBBQADggEPADCCAQoCggEBALA8WMmmEO1CwTnKvAtvibQoh9fKt-nYVdbvRtzIlm4z19BYYfDibvj6l1viYhNR3bs53c9d8fIWknmMKcHdJpnnDk-sfLAVWjMNWlp_buwQ0wqnDDMi-_nqhutQ0ONUbruFxD0-bGPA3RLD9MxnV3XQGNGjXFzj7hqAQauMfHafpxwgDIEYAcWfBtE32aGB9_bxZrY8E2slVewgeS6yws88svVeMAmGPQEGqIrOrqphrXLbmWMcWg6Ixey-FyuliVC6n2ECOpeUOnI3zd3u2YXwLZrTeYxh6zaRuU-ht2zLmkisse4EaaJvcnYB1ET9IBE-LI8SxLbutQtDAe4kiSkCAwEAAaOCBAswggQHMCcGCSsGAQQBgjcVCgQaMBgwCgYIKwYBBQUHAwEwCgYIKwYBBQUHAwIwPQYJKwYBBAGCNxUHBDAwLgYmKwYBBAGCNxUIhpDjDYTVtHiE8Ys-hZvdFs6dEoFggvX2K4Py0SACAWQCAQowggHaBggrBgEFBQcBAQSCAcwwggHIMGYGCCsGAQUFBzAChlpodHRwOi8vY3JsLm1pY3Jvc29mdC5jb20vcGtpaW5mcmEvQ2VydHMvQkwyUEtJSU5UQ0EwMS5BTUUuR0JMX0FNRSUyMEluZnJhJTIwQ0ElMjAwMig0KS5jcnQwVgYIKwYBBQUHMAKGSmh0dHA6Ly9jcmwxLmFtZS5nYmwvYWlhL0JMMlBLSUlOVENBMDEuQU1FLkdCTF9BTUUlMjBJbmZyYSUyMENBJTIwMDIoNCkuY3J0MFYGCCsGAQUFBzAChkpodHRwOi8vY3JsMi5hbWUuZ2JsL2FpYS9CTDJQS0lJTlRDQTAxLkFNRS5HQkxfQU1FJTIwSW5mcmElMjBDQSUyMDAyKDQpLmNydDBWBggrBgEFBQcwAoZKaHR0cDovL2NybDMuYW1lLmdibC9haWEvQkwyUEtJSU5UQ0EwMS5BTUUuR0JMX0FNRSUyMEluZnJhJTIwQ0ElMjAwMig0KS5jcnQwVgYIKwYBBQUHMAKGSmh0dHA6Ly9jcmw0LmFtZS5nYmwvYWlhL0JMMlBLSUlOVENBMDEuQU1FLkdCTF9BTUUlMjBJbmZyYSUyMENBJTIwMDIoNCkuY3J0MB0GA1UdDgQWBBQBTTHZD8UzTofzBwHZRpdtw5XpXjAOBgNVHQ8BAf8EBAMCBaAwggE1BgNVHR8EggEsMIIBKDCCASSgggEgoIIBHIZCaHR0cDovL2NybC5taWNyb3NvZnQuY29tL3BraWluZnJhL0NSTC9BTUUlMjBJbmZyYSUyMENBJTIwMDIoNCkuY3JshjRodHRwOi8vY3JsMS5hbWUuZ2JsL2NybC9BTUUlMjBJbmZyYSUyMENBJTIwMDIoNCkuY3JshjRodHRwOi8vY3JsMi5hbWUuZ2JsL2NybC9BTUUlMjBJbmZyYSUyMENBJTIwMDIoNCkuY3JshjRodHRwOi8vY3JsMy5hbWUuZ2JsL2NybC9BTUUlMjBJbmZyYSUyMENBJTIwMDIoNCkuY3JshjRodHRwOi8vY3JsNC5hbWUuZ2JsL2NybC9BTUUlMjBJbmZyYSUyMENBJTIwMDIoNCkuY3JsMBcGA1UdIAQQMA4wDAYKKwYBBAGCN3sBATAfBgNVHSMEGDAWgBSuecJrXSWIEwb2BwnDl3x7l48dVTAdBgNVHSUEFjAUBggrBgEFBQcDAQYIKwYBBQUHAwIwDQYJKoZIhvcNAQELBQADggEBAD3Zm_z6dHneGOQPVVe1FxHrV2xvtqbjaKZAuH5rSpWUw_DJdOSV4cWnP6mHzxkPNq64LVAwgyif18NOtR825NodQN7r_Il0fGIykE4rt-M_xIqddJaoXHzIGUQ0uCofzHWG-wdvSYVhlbFFtTckqYtEA9-qW-eTU2K1wu1OQ8ry_XahL8OpgJsribT6ANlH0I5odhgLdzGhwvBWfM1-xaqN8ieQA5l7FdmYeOrZYwzX4Lc-478HHPVhkKgLr6pn1L-WJJ1mMn_PPXo4c6q34Uw6i0kyVgPeot9rO0FSHhj-YxHTde4eXuk4k1VEx6v56KK89p9N2LCqwkWf75r3Vdk&s=NgJ1kPJUeHrOJtGdp_WP0Gzc3o5slJjajaD0ZmBMZ5hwc9MjIa9r2OwyVMKIJ8I_BIernu9sT4knxEq3pRwmeGKG13wJonHIp6KCxa7K7LqCQQsEeGpOTtU5anVjzgdKwMONANAYmspo0WYlUBpokygyiIl-BgaAthkMtQo-QFNvRKXRj0K_Tg7aZnNlVt1xXgUi88q0xsUn3sVDSBp-iDXPP7Fr-xfNYGAzR6uTBUI4KUHN-aCRrELlRMejkuSv8GRe_lZO1RAcCbJpjh2acDw93FrbnbgUn8_fEV7kmt_kg3Lrli2tEtM7YDso_rRrmDoxBm7pyZ3GUxBNLQ_KKA&h=JbAS0shWhTncJ_i5VVoxN1tAsK2RDR8APcsSC2ZNS-Y",
      "EncodedRequestUri": "L3N1YnNjcmlwdGlvbnMvOWUyMjNkYmUtMzM5OS00ZTE5LTg4ZWItMDk3NWYwMmFjODdmL29wZXJhdGlvbnJlc3VsdHMvZXlKcWIySkpaQ0k2SWxKRlUwOVZVa05GUjFKUFZWQkVSVXhGVkVsUFRrcFBRaTFRVXpnM01qUXRWMFZUVkZWVElpd2lhbTlpVEc5allYUnBiMjRpT2lKM1pYTjBkWE1pZlE/YXBpLXZlcnNpb249MjAxNi0wOS0wMSZ0PTYzODMxNTU5MDczMDY5MjI1MyZjPU1JSUhIakNDQmdhZ0F3SUJBZ0lUZndIUEdiMlBHVlRONHozRlV3QUVBYzhadlRBTkJna3Foa2lHOXcwQkFRc0ZBREJFTVJNd0VRWUtDWkltaVpQeUxHUUJHUllEUjBKTU1STXdFUVlLQ1pJbWlaUHlMR1FCR1JZRFFVMUZNUmd3RmdZRFZRUURFdzlCVFVVZ1NXNW1jbUVnUTBFZ01ESXdIaGNOTWpNd09EQXlNRFl6TmpNMldoY05NalF3TnpJM01EWXpOak0yV2pCQU1UNHdQQVlEVlFRREV6VmhjM2x1WTI5d1pYSmhkR2x2Ym5OcFoyNXBibWRqWlhKMGFXWnBZMkYwWlM1dFlXNWhaMlZ0Wlc1MExtRjZkWEpsTG1OdmJUQ0NBU0l3RFFZSktvWklodmNOQVFFQkJRQURnZ0VQQURDQ0FRb0NnZ0VCQUxBOFdNbW1FTzFDd1RuS3ZBdHZpYlFvaDlmS3QtbllWZGJ2UnR6SWxtNHoxOUJZWWZEaWJ2ajZsMXZpWWhOUjNiczUzYzlkOGZJV2tubU1LY0hkSnBubkRrLXNmTEFWV2pNTldscF9idXdRMHdxbkRETWktX25xaHV0UTBPTlVicnVGeEQwLWJHUEEzUkxEOU14blYzWFFHTkdqWEZ6ajdocUFRYXVNZkhhZnB4d2dESUVZQWNXZkJ0RTMyYUdCOV9ieFpyWThFMnNsVmV3Z2VTNnl3czg4c3ZWZU1BbUdQUUVHcUlyT3JxcGhyWExibVdNY1dnNkl4ZXktRnl1bGlWQzZuMkVDT3BlVU9uSTN6ZDN1MllYd0xaclRlWXhoNnphUnVVLWh0MnpMbWtpc3NlNEVhYUp2Y25ZQjFFVDlJQkUtTEk4U3hMYnV0UXREQWU0a2lTa0NBd0VBQWFPQ0JBc3dnZ1FITUNjR0NTc0dBUVFCZ2pjVkNnUWFNQmd3Q2dZSUt3WUJCUVVIQXdFd0NnWUlLd1lCQlFVSEF3SXdQUVlKS3dZQkJBR0NOeFVIQkRBd0xnWW1Ld1lCQkFHQ054VUlocERqRFlUVnRIaUU4WXMtaFp2ZEZzNmRFb0ZnZ3ZYMks0UHkwU0FDQVdRQ0FRb3dnZ0hhQmdnckJnRUZCUWNCQVFTQ0Fjd3dnZ0hJTUdZR0NDc0dBUVVGQnpBQ2hscG9kSFJ3T2k4dlkzSnNMbTFwWTNKdmMyOW1kQzVqYjIwdmNHdHBhVzVtY21FdlEyVnlkSE12UWt3eVVFdEpTVTVVUTBFd01TNUJUVVV1UjBKTVgwRk5SU1V5TUVsdVpuSmhKVEl3UTBFbE1qQXdNaWcwS1M1amNuUXdWZ1lJS3dZQkJRVUhNQUtHU21oMGRIQTZMeTlqY213eExtRnRaUzVuWW13dllXbGhMMEpNTWxCTFNVbE9WRU5CTURFdVFVMUZMa2RDVEY5QlRVVWxNakJKYm1aeVlTVXlNRU5CSlRJd01ESW9OQ2t1WTNKME1GWUdDQ3NHQVFVRkJ6QUNoa3BvZEhSd09pOHZZM0pzTWk1aGJXVXVaMkpzTDJGcFlTOUNUREpRUzBsSlRsUkRRVEF4TGtGTlJTNUhRa3hmUVUxRkpUSXdTVzVtY21FbE1qQkRRU1V5TURBeUtEUXBMbU55ZERCV0JnZ3JCZ0VGQlFjd0FvWkthSFIwY0RvdkwyTnliRE11WVcxbExtZGliQzloYVdFdlFrd3lVRXRKU1U1VVEwRXdNUzVCVFVVdVIwSk1YMEZOUlNVeU1FbHVabkpoSlRJd1EwRWxNakF3TWlnMEtTNWpjblF3VmdZSUt3WUJCUVVITUFLR1NtaDBkSEE2THk5amNtdzBMbUZ0WlM1blltd3ZZV2xoTDBKTU1sQkxTVWxPVkVOQk1ERXVRVTFGTGtkQ1RGOUJUVVVsTWpCSmJtWnlZU1V5TUVOQkpUSXdNRElvTkNrdVkzSjBNQjBHQTFVZERnUVdCQlFCVFRIWkQ4VXpUb2Z6QndIWlJwZHR3NVhwWGpBT0JnTlZIUThCQWY4RUJBTUNCYUF3Z2dFMUJnTlZIUjhFZ2dFc01JSUJLRENDQVNTZ2dnRWdvSUlCSElaQ2FIUjBjRG92TDJOeWJDNXRhV055YjNOdlpuUXVZMjl0TDNCcmFXbHVabkpoTDBOU1RDOUJUVVVsTWpCSmJtWnlZU1V5TUVOQkpUSXdNRElvTkNrdVkzSnNoalJvZEhSd09pOHZZM0pzTVM1aGJXVXVaMkpzTDJOeWJDOUJUVVVsTWpCSmJtWnlZU1V5TUVOQkpUSXdNRElvTkNrdVkzSnNoalJvZEhSd09pOHZZM0pzTWk1aGJXVXVaMkpzTDJOeWJDOUJUVVVsTWpCSmJtWnlZU1V5TUVOQkpUSXdNRElvTkNrdVkzSnNoalJvZEhSd09pOHZZM0pzTXk1aGJXVXVaMkpzTDJOeWJDOUJUVVVsTWpCSmJtWnlZU1V5TUVOQkpUSXdNRElvTkNrdVkzSnNoalJvZEhSd09pOHZZM0pzTkM1aGJXVXVaMkpzTDJOeWJDOUJUVVVsTWpCSmJtWnlZU1V5TUVOQkpUSXdNRElvTkNrdVkzSnNNQmNHQTFVZElBUVFNQTR3REFZS0t3WUJCQUdDTjNzQkFUQWZCZ05WSFNNRUdEQVdnQlN1ZWNKclhTV0lFd2IyQnduRGwzeDdsNDhkVlRBZEJnTlZIU1VFRmpBVUJnZ3JCZ0VGQlFjREFRWUlLd1lCQlFVSEF3SXdEUVlKS29aSWh2Y05BUUVMQlFBRGdnRUJBRDNabV96NmRIbmVHT1FQVlZlMUZ4SHJWMnh2dHFiamFLWkF1SDVyU3BXVXdfREpkT1NWNGNXblA2bUh6eGtQTnE2NExWQXdneWlmMThOT3RSODI1Tm9kUU43cl9JbDBmR0l5a0U0cnQtTV94SXFkZEphb1hIeklHVVEwdUNvZnpIV0ctd2R2U1lWaGxiRkZ0VGNrcVl0RUE5LXFXLWVUVTJLMXd1MU9ROHJ5X1hhaEw4T3BnSnNyaWJUNkFObEgwSTVvZGhnTGR6R2h3dkJXZk0xLXhhcU44aWVRQTVsN0ZkbVllT3JaWXd6WDRMYy00NzhISFBWaGtLZ0xyNnBuMUwtV0pKMW1Nbl9QUFhvNGM2cTM0VXc2aTBreVZnUGVvdDlyTzBGU0hoai1ZeEhUZGU0ZVh1azRrMVZFeDZ2NTZLSzg5cDlOMkxDcXdrV2Y3NXIzVmRrJnM9TmdKMWtQSlVlSHJPSnRHZHBfV1AwR3pjM281c2xKamFqYUQwWm1CTVo1aHdjOU1qSWE5cjJPd3lWTUtJSjhJX0JJZXJudTlzVDRrbnhFcTNwUndtZUdLRzEzd0pvbkhJcDZLQ3hhN0s3THFDUVFzRWVHcE9UdFU1YW5WanpnZEt3TU9OQU5BWW1zcG8wV1lsVUJwb2t5Z3lpSWwtQmdhQXRoa010UW8tUUZOdlJLWFJqMEtfVGc3YVpuTmxWdDF4WGdVaTg4cTB4c1VuM3NWRFNCcC1pRFhQUDdGci14Zk5ZR0F6UjZ1VEJVSTRLVUhOLWFDUnJFTGxSTWVqa3VTdjhHUmVfbFpPMVJBY0NiSnBqaDJhY0R3OTNGcmJuYmdVbjhfZkVWN2ttdF9rZzNMcmxpMnRFdE03WURzb19yUnJtRG94Qm03cHlaM0dVeEJOTFFfS0tBJmg9SmJBUzBzaFdoVG5jSl9pNVZWb3hOMXRBc0syUkRSOEFQY3NTQzJaTlMtWQ==",
      "RequestMethod": "GET",
      "RequestHeaders": {
        "User-Agent": [
          "FxVersion/6.0.2223.42425",
          "OSName/Windows",
          "OSVersion/Microsoft.Windows.10.0.22621",
          "Microsoft.Azure.Management.Internal.Resources.ResourceManagementClient/1.3.86"
        ]
      },
      "RequestBody": "",
      "ResponseHeaders": {
        "Cache-Control": [
          "no-cache"
        ],
        "Pragma": [
          "no-cache"
        ],
        "Location": [
          "https://management.azure.com/subscriptions/9e223dbe-3399-4e19-88eb-0975f02ac87f/operationresults/eyJqb2JJZCI6IlJFU09VUkNFR1JPVVBERUxFVElPTkpPQi1QUzg3MjQtV0VTVFVTIiwiam9iTG9jYXRpb24iOiJ3ZXN0dXMifQ?api-version=2016-09-01&t=638315590885224027&c=MIIHHjCCBgagAwIBAgITfwHPGb2PGVTN4z3FUwAEAc8ZvTANBgkqhkiG9w0BAQsFADBEMRMwEQYKCZImiZPyLGQBGRYDR0JMMRMwEQYKCZImiZPyLGQBGRYDQU1FMRgwFgYDVQQDEw9BTUUgSW5mcmEgQ0EgMDIwHhcNMjMwODAyMDYzNjM2WhcNMjQwNzI3MDYzNjM2WjBAMT4wPAYDVQQDEzVhc3luY29wZXJhdGlvbnNpZ25pbmdjZXJ0aWZpY2F0ZS5tYW5hZ2VtZW50LmF6dXJlLmNvbTCCASIwDQYJKoZIhvcNAQEBBQADggEPADCCAQoCggEBALA8WMmmEO1CwTnKvAtvibQoh9fKt-nYVdbvRtzIlm4z19BYYfDibvj6l1viYhNR3bs53c9d8fIWknmMKcHdJpnnDk-sfLAVWjMNWlp_buwQ0wqnDDMi-_nqhutQ0ONUbruFxD0-bGPA3RLD9MxnV3XQGNGjXFzj7hqAQauMfHafpxwgDIEYAcWfBtE32aGB9_bxZrY8E2slVewgeS6yws88svVeMAmGPQEGqIrOrqphrXLbmWMcWg6Ixey-FyuliVC6n2ECOpeUOnI3zd3u2YXwLZrTeYxh6zaRuU-ht2zLmkisse4EaaJvcnYB1ET9IBE-LI8SxLbutQtDAe4kiSkCAwEAAaOCBAswggQHMCcGCSsGAQQBgjcVCgQaMBgwCgYIKwYBBQUHAwEwCgYIKwYBBQUHAwIwPQYJKwYBBAGCNxUHBDAwLgYmKwYBBAGCNxUIhpDjDYTVtHiE8Ys-hZvdFs6dEoFggvX2K4Py0SACAWQCAQowggHaBggrBgEFBQcBAQSCAcwwggHIMGYGCCsGAQUFBzAChlpodHRwOi8vY3JsLm1pY3Jvc29mdC5jb20vcGtpaW5mcmEvQ2VydHMvQkwyUEtJSU5UQ0EwMS5BTUUuR0JMX0FNRSUyMEluZnJhJTIwQ0ElMjAwMig0KS5jcnQwVgYIKwYBBQUHMAKGSmh0dHA6Ly9jcmwxLmFtZS5nYmwvYWlhL0JMMlBLSUlOVENBMDEuQU1FLkdCTF9BTUUlMjBJbmZyYSUyMENBJTIwMDIoNCkuY3J0MFYGCCsGAQUFBzAChkpodHRwOi8vY3JsMi5hbWUuZ2JsL2FpYS9CTDJQS0lJTlRDQTAxLkFNRS5HQkxfQU1FJTIwSW5mcmElMjBDQSUyMDAyKDQpLmNydDBWBggrBgEFBQcwAoZKaHR0cDovL2NybDMuYW1lLmdibC9haWEvQkwyUEtJSU5UQ0EwMS5BTUUuR0JMX0FNRSUyMEluZnJhJTIwQ0ElMjAwMig0KS5jcnQwVgYIKwYBBQUHMAKGSmh0dHA6Ly9jcmw0LmFtZS5nYmwvYWlhL0JMMlBLSUlOVENBMDEuQU1FLkdCTF9BTUUlMjBJbmZyYSUyMENBJTIwMDIoNCkuY3J0MB0GA1UdDgQWBBQBTTHZD8UzTofzBwHZRpdtw5XpXjAOBgNVHQ8BAf8EBAMCBaAwggE1BgNVHR8EggEsMIIBKDCCASSgggEgoIIBHIZCaHR0cDovL2NybC5taWNyb3NvZnQuY29tL3BraWluZnJhL0NSTC9BTUUlMjBJbmZyYSUyMENBJTIwMDIoNCkuY3JshjRodHRwOi8vY3JsMS5hbWUuZ2JsL2NybC9BTUUlMjBJbmZyYSUyMENBJTIwMDIoNCkuY3JshjRodHRwOi8vY3JsMi5hbWUuZ2JsL2NybC9BTUUlMjBJbmZyYSUyMENBJTIwMDIoNCkuY3JshjRodHRwOi8vY3JsMy5hbWUuZ2JsL2NybC9BTUUlMjBJbmZyYSUyMENBJTIwMDIoNCkuY3JshjRodHRwOi8vY3JsNC5hbWUuZ2JsL2NybC9BTUUlMjBJbmZyYSUyMENBJTIwMDIoNCkuY3JsMBcGA1UdIAQQMA4wDAYKKwYBBAGCN3sBATAfBgNVHSMEGDAWgBSuecJrXSWIEwb2BwnDl3x7l48dVTAdBgNVHSUEFjAUBggrBgEFBQcDAQYIKwYBBQUHAwIwDQYJKoZIhvcNAQELBQADggEBAD3Zm_z6dHneGOQPVVe1FxHrV2xvtqbjaKZAuH5rSpWUw_DJdOSV4cWnP6mHzxkPNq64LVAwgyif18NOtR825NodQN7r_Il0fGIykE4rt-M_xIqddJaoXHzIGUQ0uCofzHWG-wdvSYVhlbFFtTckqYtEA9-qW-eTU2K1wu1OQ8ry_XahL8OpgJsribT6ANlH0I5odhgLdzGhwvBWfM1-xaqN8ieQA5l7FdmYeOrZYwzX4Lc-478HHPVhkKgLr6pn1L-WJJ1mMn_PPXo4c6q34Uw6i0kyVgPeot9rO0FSHhj-YxHTde4eXuk4k1VEx6v56KK89p9N2LCqwkWf75r3Vdk&s=hpQ4wWYtWBXrtk6op5c90pBta4aJJLrL3SCtNL_yAZYJFyrJG5mzihkb-NWhtWVhB2d1Bw3Uem8ksBUVzAK1LNtCiFsRnVOMLayEVjWXkwY7Ic1oAzV084CF9CQHnmYWkZitiAbFdvj65r4rMTTvVAF1VuYTnKNtiQLNaUhNZZ_kX-85qKN4Kht8QLoiduAeR6oxfJkkl28qknE9swOQ_ncyUQSzBysHzpkXgJPzBiLobEMJu2LE8rmt03NMbIKACV3VXG7SsBq11D6EsM2NpPdCkfdNE7EBG_NQxXyVMszfupQxIrAa-31LaNsDN1e5vVp-1BIPzMEN044E98ruqA&h=VuQGiNZnmELeRMIdrZbZeFEz1wmvkThhC-Vg7u7c7cY"
        ],
        "Retry-After": [
          "15"
        ],
        "x-ms-ratelimit-remaining-subscription-reads": [
          "11998"
        ],
        "x-ms-request-id": [
          "de98c733-17f5-423b-a515-f1c71d42008b"
        ],
        "x-ms-correlation-request-id": [
          "de98c733-17f5-423b-a515-f1c71d42008b"
        ],
        "x-ms-routing-request-id": [
          "SOUTHEASTASIA:20230929T043808Z:de98c733-17f5-423b-a515-f1c71d42008b"
        ],
        "Strict-Transport-Security": [
          "max-age=31536000; includeSubDomains"
        ],
        "X-Content-Type-Options": [
          "nosniff"
        ],
        "Date": [
          "Fri, 29 Sep 2023 04:38:07 GMT"
        ],
        "Expires": [
          "-1"
        ],
        "Content-Length": [
          "0"
        ]
      },
      "ResponseBody": "",
      "StatusCode": 202
    },
    {
      "RequestUri": "/subscriptions/9e223dbe-3399-4e19-88eb-0975f02ac87f/operationresults/eyJqb2JJZCI6IlJFU09VUkNFR1JPVVBERUxFVElPTkpPQi1QUzg3MjQtV0VTVFVTIiwiam9iTG9jYXRpb24iOiJ3ZXN0dXMifQ?api-version=2016-09-01&t=638315590885224027&c=MIIHHjCCBgagAwIBAgITfwHPGb2PGVTN4z3FUwAEAc8ZvTANBgkqhkiG9w0BAQsFADBEMRMwEQYKCZImiZPyLGQBGRYDR0JMMRMwEQYKCZImiZPyLGQBGRYDQU1FMRgwFgYDVQQDEw9BTUUgSW5mcmEgQ0EgMDIwHhcNMjMwODAyMDYzNjM2WhcNMjQwNzI3MDYzNjM2WjBAMT4wPAYDVQQDEzVhc3luY29wZXJhdGlvbnNpZ25pbmdjZXJ0aWZpY2F0ZS5tYW5hZ2VtZW50LmF6dXJlLmNvbTCCASIwDQYJKoZIhvcNAQEBBQADggEPADCCAQoCggEBALA8WMmmEO1CwTnKvAtvibQoh9fKt-nYVdbvRtzIlm4z19BYYfDibvj6l1viYhNR3bs53c9d8fIWknmMKcHdJpnnDk-sfLAVWjMNWlp_buwQ0wqnDDMi-_nqhutQ0ONUbruFxD0-bGPA3RLD9MxnV3XQGNGjXFzj7hqAQauMfHafpxwgDIEYAcWfBtE32aGB9_bxZrY8E2slVewgeS6yws88svVeMAmGPQEGqIrOrqphrXLbmWMcWg6Ixey-FyuliVC6n2ECOpeUOnI3zd3u2YXwLZrTeYxh6zaRuU-ht2zLmkisse4EaaJvcnYB1ET9IBE-LI8SxLbutQtDAe4kiSkCAwEAAaOCBAswggQHMCcGCSsGAQQBgjcVCgQaMBgwCgYIKwYBBQUHAwEwCgYIKwYBBQUHAwIwPQYJKwYBBAGCNxUHBDAwLgYmKwYBBAGCNxUIhpDjDYTVtHiE8Ys-hZvdFs6dEoFggvX2K4Py0SACAWQCAQowggHaBggrBgEFBQcBAQSCAcwwggHIMGYGCCsGAQUFBzAChlpodHRwOi8vY3JsLm1pY3Jvc29mdC5jb20vcGtpaW5mcmEvQ2VydHMvQkwyUEtJSU5UQ0EwMS5BTUUuR0JMX0FNRSUyMEluZnJhJTIwQ0ElMjAwMig0KS5jcnQwVgYIKwYBBQUHMAKGSmh0dHA6Ly9jcmwxLmFtZS5nYmwvYWlhL0JMMlBLSUlOVENBMDEuQU1FLkdCTF9BTUUlMjBJbmZyYSUyMENBJTIwMDIoNCkuY3J0MFYGCCsGAQUFBzAChkpodHRwOi8vY3JsMi5hbWUuZ2JsL2FpYS9CTDJQS0lJTlRDQTAxLkFNRS5HQkxfQU1FJTIwSW5mcmElMjBDQSUyMDAyKDQpLmNydDBWBggrBgEFBQcwAoZKaHR0cDovL2NybDMuYW1lLmdibC9haWEvQkwyUEtJSU5UQ0EwMS5BTUUuR0JMX0FNRSUyMEluZnJhJTIwQ0ElMjAwMig0KS5jcnQwVgYIKwYBBQUHMAKGSmh0dHA6Ly9jcmw0LmFtZS5nYmwvYWlhL0JMMlBLSUlOVENBMDEuQU1FLkdCTF9BTUUlMjBJbmZyYSUyMENBJTIwMDIoNCkuY3J0MB0GA1UdDgQWBBQBTTHZD8UzTofzBwHZRpdtw5XpXjAOBgNVHQ8BAf8EBAMCBaAwggE1BgNVHR8EggEsMIIBKDCCASSgggEgoIIBHIZCaHR0cDovL2NybC5taWNyb3NvZnQuY29tL3BraWluZnJhL0NSTC9BTUUlMjBJbmZyYSUyMENBJTIwMDIoNCkuY3JshjRodHRwOi8vY3JsMS5hbWUuZ2JsL2NybC9BTUUlMjBJbmZyYSUyMENBJTIwMDIoNCkuY3JshjRodHRwOi8vY3JsMi5hbWUuZ2JsL2NybC9BTUUlMjBJbmZyYSUyMENBJTIwMDIoNCkuY3JshjRodHRwOi8vY3JsMy5hbWUuZ2JsL2NybC9BTUUlMjBJbmZyYSUyMENBJTIwMDIoNCkuY3JshjRodHRwOi8vY3JsNC5hbWUuZ2JsL2NybC9BTUUlMjBJbmZyYSUyMENBJTIwMDIoNCkuY3JsMBcGA1UdIAQQMA4wDAYKKwYBBAGCN3sBATAfBgNVHSMEGDAWgBSuecJrXSWIEwb2BwnDl3x7l48dVTAdBgNVHSUEFjAUBggrBgEFBQcDAQYIKwYBBQUHAwIwDQYJKoZIhvcNAQELBQADggEBAD3Zm_z6dHneGOQPVVe1FxHrV2xvtqbjaKZAuH5rSpWUw_DJdOSV4cWnP6mHzxkPNq64LVAwgyif18NOtR825NodQN7r_Il0fGIykE4rt-M_xIqddJaoXHzIGUQ0uCofzHWG-wdvSYVhlbFFtTckqYtEA9-qW-eTU2K1wu1OQ8ry_XahL8OpgJsribT6ANlH0I5odhgLdzGhwvBWfM1-xaqN8ieQA5l7FdmYeOrZYwzX4Lc-478HHPVhkKgLr6pn1L-WJJ1mMn_PPXo4c6q34Uw6i0kyVgPeot9rO0FSHhj-YxHTde4eXuk4k1VEx6v56KK89p9N2LCqwkWf75r3Vdk&s=hpQ4wWYtWBXrtk6op5c90pBta4aJJLrL3SCtNL_yAZYJFyrJG5mzihkb-NWhtWVhB2d1Bw3Uem8ksBUVzAK1LNtCiFsRnVOMLayEVjWXkwY7Ic1oAzV084CF9CQHnmYWkZitiAbFdvj65r4rMTTvVAF1VuYTnKNtiQLNaUhNZZ_kX-85qKN4Kht8QLoiduAeR6oxfJkkl28qknE9swOQ_ncyUQSzBysHzpkXgJPzBiLobEMJu2LE8rmt03NMbIKACV3VXG7SsBq11D6EsM2NpPdCkfdNE7EBG_NQxXyVMszfupQxIrAa-31LaNsDN1e5vVp-1BIPzMEN044E98ruqA&h=VuQGiNZnmELeRMIdrZbZeFEz1wmvkThhC-Vg7u7c7cY",
      "EncodedRequestUri": "L3N1YnNjcmlwdGlvbnMvOWUyMjNkYmUtMzM5OS00ZTE5LTg4ZWItMDk3NWYwMmFjODdmL29wZXJhdGlvbnJlc3VsdHMvZXlKcWIySkpaQ0k2SWxKRlUwOVZVa05GUjFKUFZWQkVSVXhGVkVsUFRrcFBRaTFRVXpnM01qUXRWMFZUVkZWVElpd2lhbTlpVEc5allYUnBiMjRpT2lKM1pYTjBkWE1pZlE/YXBpLXZlcnNpb249MjAxNi0wOS0wMSZ0PTYzODMxNTU5MDg4NTIyNDAyNyZjPU1JSUhIakNDQmdhZ0F3SUJBZ0lUZndIUEdiMlBHVlRONHozRlV3QUVBYzhadlRBTkJna3Foa2lHOXcwQkFRc0ZBREJFTVJNd0VRWUtDWkltaVpQeUxHUUJHUllEUjBKTU1STXdFUVlLQ1pJbWlaUHlMR1FCR1JZRFFVMUZNUmd3RmdZRFZRUURFdzlCVFVVZ1NXNW1jbUVnUTBFZ01ESXdIaGNOTWpNd09EQXlNRFl6TmpNMldoY05NalF3TnpJM01EWXpOak0yV2pCQU1UNHdQQVlEVlFRREV6VmhjM2x1WTI5d1pYSmhkR2x2Ym5OcFoyNXBibWRqWlhKMGFXWnBZMkYwWlM1dFlXNWhaMlZ0Wlc1MExtRjZkWEpsTG1OdmJUQ0NBU0l3RFFZSktvWklodmNOQVFFQkJRQURnZ0VQQURDQ0FRb0NnZ0VCQUxBOFdNbW1FTzFDd1RuS3ZBdHZpYlFvaDlmS3QtbllWZGJ2UnR6SWxtNHoxOUJZWWZEaWJ2ajZsMXZpWWhOUjNiczUzYzlkOGZJV2tubU1LY0hkSnBubkRrLXNmTEFWV2pNTldscF9idXdRMHdxbkRETWktX25xaHV0UTBPTlVicnVGeEQwLWJHUEEzUkxEOU14blYzWFFHTkdqWEZ6ajdocUFRYXVNZkhhZnB4d2dESUVZQWNXZkJ0RTMyYUdCOV9ieFpyWThFMnNsVmV3Z2VTNnl3czg4c3ZWZU1BbUdQUUVHcUlyT3JxcGhyWExibVdNY1dnNkl4ZXktRnl1bGlWQzZuMkVDT3BlVU9uSTN6ZDN1MllYd0xaclRlWXhoNnphUnVVLWh0MnpMbWtpc3NlNEVhYUp2Y25ZQjFFVDlJQkUtTEk4U3hMYnV0UXREQWU0a2lTa0NBd0VBQWFPQ0JBc3dnZ1FITUNjR0NTc0dBUVFCZ2pjVkNnUWFNQmd3Q2dZSUt3WUJCUVVIQXdFd0NnWUlLd1lCQlFVSEF3SXdQUVlKS3dZQkJBR0NOeFVIQkRBd0xnWW1Ld1lCQkFHQ054VUlocERqRFlUVnRIaUU4WXMtaFp2ZEZzNmRFb0ZnZ3ZYMks0UHkwU0FDQVdRQ0FRb3dnZ0hhQmdnckJnRUZCUWNCQVFTQ0Fjd3dnZ0hJTUdZR0NDc0dBUVVGQnpBQ2hscG9kSFJ3T2k4dlkzSnNMbTFwWTNKdmMyOW1kQzVqYjIwdmNHdHBhVzVtY21FdlEyVnlkSE12UWt3eVVFdEpTVTVVUTBFd01TNUJUVVV1UjBKTVgwRk5SU1V5TUVsdVpuSmhKVEl3UTBFbE1qQXdNaWcwS1M1amNuUXdWZ1lJS3dZQkJRVUhNQUtHU21oMGRIQTZMeTlqY213eExtRnRaUzVuWW13dllXbGhMMEpNTWxCTFNVbE9WRU5CTURFdVFVMUZMa2RDVEY5QlRVVWxNakJKYm1aeVlTVXlNRU5CSlRJd01ESW9OQ2t1WTNKME1GWUdDQ3NHQVFVRkJ6QUNoa3BvZEhSd09pOHZZM0pzTWk1aGJXVXVaMkpzTDJGcFlTOUNUREpRUzBsSlRsUkRRVEF4TGtGTlJTNUhRa3hmUVUxRkpUSXdTVzVtY21FbE1qQkRRU1V5TURBeUtEUXBMbU55ZERCV0JnZ3JCZ0VGQlFjd0FvWkthSFIwY0RvdkwyTnliRE11WVcxbExtZGliQzloYVdFdlFrd3lVRXRKU1U1VVEwRXdNUzVCVFVVdVIwSk1YMEZOUlNVeU1FbHVabkpoSlRJd1EwRWxNakF3TWlnMEtTNWpjblF3VmdZSUt3WUJCUVVITUFLR1NtaDBkSEE2THk5amNtdzBMbUZ0WlM1blltd3ZZV2xoTDBKTU1sQkxTVWxPVkVOQk1ERXVRVTFGTGtkQ1RGOUJUVVVsTWpCSmJtWnlZU1V5TUVOQkpUSXdNRElvTkNrdVkzSjBNQjBHQTFVZERnUVdCQlFCVFRIWkQ4VXpUb2Z6QndIWlJwZHR3NVhwWGpBT0JnTlZIUThCQWY4RUJBTUNCYUF3Z2dFMUJnTlZIUjhFZ2dFc01JSUJLRENDQVNTZ2dnRWdvSUlCSElaQ2FIUjBjRG92TDJOeWJDNXRhV055YjNOdlpuUXVZMjl0TDNCcmFXbHVabkpoTDBOU1RDOUJUVVVsTWpCSmJtWnlZU1V5TUVOQkpUSXdNRElvTkNrdVkzSnNoalJvZEhSd09pOHZZM0pzTVM1aGJXVXVaMkpzTDJOeWJDOUJUVVVsTWpCSmJtWnlZU1V5TUVOQkpUSXdNRElvTkNrdVkzSnNoalJvZEhSd09pOHZZM0pzTWk1aGJXVXVaMkpzTDJOeWJDOUJUVVVsTWpCSmJtWnlZU1V5TUVOQkpUSXdNRElvTkNrdVkzSnNoalJvZEhSd09pOHZZM0pzTXk1aGJXVXVaMkpzTDJOeWJDOUJUVVVsTWpCSmJtWnlZU1V5TUVOQkpUSXdNRElvTkNrdVkzSnNoalJvZEhSd09pOHZZM0pzTkM1aGJXVXVaMkpzTDJOeWJDOUJUVVVsTWpCSmJtWnlZU1V5TUVOQkpUSXdNRElvTkNrdVkzSnNNQmNHQTFVZElBUVFNQTR3REFZS0t3WUJCQUdDTjNzQkFUQWZCZ05WSFNNRUdEQVdnQlN1ZWNKclhTV0lFd2IyQnduRGwzeDdsNDhkVlRBZEJnTlZIU1VFRmpBVUJnZ3JCZ0VGQlFjREFRWUlLd1lCQlFVSEF3SXdEUVlKS29aSWh2Y05BUUVMQlFBRGdnRUJBRDNabV96NmRIbmVHT1FQVlZlMUZ4SHJWMnh2dHFiamFLWkF1SDVyU3BXVXdfREpkT1NWNGNXblA2bUh6eGtQTnE2NExWQXdneWlmMThOT3RSODI1Tm9kUU43cl9JbDBmR0l5a0U0cnQtTV94SXFkZEphb1hIeklHVVEwdUNvZnpIV0ctd2R2U1lWaGxiRkZ0VGNrcVl0RUE5LXFXLWVUVTJLMXd1MU9ROHJ5X1hhaEw4T3BnSnNyaWJUNkFObEgwSTVvZGhnTGR6R2h3dkJXZk0xLXhhcU44aWVRQTVsN0ZkbVllT3JaWXd6WDRMYy00NzhISFBWaGtLZ0xyNnBuMUwtV0pKMW1Nbl9QUFhvNGM2cTM0VXc2aTBreVZnUGVvdDlyTzBGU0hoai1ZeEhUZGU0ZVh1azRrMVZFeDZ2NTZLSzg5cDlOMkxDcXdrV2Y3NXIzVmRrJnM9aHBRNHdXWXRXQlhydGs2b3A1YzkwcEJ0YTRhSkpMckwzU0N0TkxfeUFaWUpGeXJKRzVtemloa2ItTldodFdWaEIyZDFCdzNVZW04a3NCVVZ6QUsxTE50Q2lGc1JuVk9NTGF5RVZqV1hrd1k3SWMxb0F6VjA4NENGOUNRSG5tWVdrWml0aUFiRmR2ajY1cjRyTVRUdlZBRjFWdVlUbktOdGlRTE5hVWhOWlpfa1gtODVxS040S2h0OFFMb2lkdUFlUjZveGZKa2tsMjhxa25FOXN3T1FfbmN5VVFTekJ5c0h6cGtYZ0pQekJpTG9iRU1KdTJMRThybXQwM05NYklLQUNWM1ZYRzdTc0JxMTFENkVzTTJOcFBkQ2tmZE5FN0VCR19OUXhYeVZNc3pmdXBReElyQWEtMzFMYU5zRE4xZTV2VnAtMUJJUHpNRU4wNDRFOThydXFBJmg9VnVRR2lOWm5tRUxlUk1JZHJaYlplRkV6MXdtdmtUaGhDLVZnN3U3YzdjWQ==",
      "RequestMethod": "GET",
      "RequestHeaders": {
        "User-Agent": [
          "FxVersion/6.0.2223.42425",
          "OSName/Windows",
          "OSVersion/Microsoft.Windows.10.0.22621",
          "Microsoft.Azure.Management.Internal.Resources.ResourceManagementClient/1.3.86"
        ]
      },
      "RequestBody": "",
      "ResponseHeaders": {
        "Cache-Control": [
          "no-cache"
        ],
        "Pragma": [
          "no-cache"
        ],
        "Location": [
          "https://management.azure.com/subscriptions/9e223dbe-3399-4e19-88eb-0975f02ac87f/operationresults/eyJqb2JJZCI6IlJFU09VUkNFR1JPVVBERUxFVElPTkpPQi1QUzg3MjQtV0VTVFVTIiwiam9iTG9jYXRpb24iOiJ3ZXN0dXMifQ?api-version=2016-09-01&t=638315591039444097&c=MIIHHjCCBgagAwIBAgITfwHPGb2PGVTN4z3FUwAEAc8ZvTANBgkqhkiG9w0BAQsFADBEMRMwEQYKCZImiZPyLGQBGRYDR0JMMRMwEQYKCZImiZPyLGQBGRYDQU1FMRgwFgYDVQQDEw9BTUUgSW5mcmEgQ0EgMDIwHhcNMjMwODAyMDYzNjM2WhcNMjQwNzI3MDYzNjM2WjBAMT4wPAYDVQQDEzVhc3luY29wZXJhdGlvbnNpZ25pbmdjZXJ0aWZpY2F0ZS5tYW5hZ2VtZW50LmF6dXJlLmNvbTCCASIwDQYJKoZIhvcNAQEBBQADggEPADCCAQoCggEBALA8WMmmEO1CwTnKvAtvibQoh9fKt-nYVdbvRtzIlm4z19BYYfDibvj6l1viYhNR3bs53c9d8fIWknmMKcHdJpnnDk-sfLAVWjMNWlp_buwQ0wqnDDMi-_nqhutQ0ONUbruFxD0-bGPA3RLD9MxnV3XQGNGjXFzj7hqAQauMfHafpxwgDIEYAcWfBtE32aGB9_bxZrY8E2slVewgeS6yws88svVeMAmGPQEGqIrOrqphrXLbmWMcWg6Ixey-FyuliVC6n2ECOpeUOnI3zd3u2YXwLZrTeYxh6zaRuU-ht2zLmkisse4EaaJvcnYB1ET9IBE-LI8SxLbutQtDAe4kiSkCAwEAAaOCBAswggQHMCcGCSsGAQQBgjcVCgQaMBgwCgYIKwYBBQUHAwEwCgYIKwYBBQUHAwIwPQYJKwYBBAGCNxUHBDAwLgYmKwYBBAGCNxUIhpDjDYTVtHiE8Ys-hZvdFs6dEoFggvX2K4Py0SACAWQCAQowggHaBggrBgEFBQcBAQSCAcwwggHIMGYGCCsGAQUFBzAChlpodHRwOi8vY3JsLm1pY3Jvc29mdC5jb20vcGtpaW5mcmEvQ2VydHMvQkwyUEtJSU5UQ0EwMS5BTUUuR0JMX0FNRSUyMEluZnJhJTIwQ0ElMjAwMig0KS5jcnQwVgYIKwYBBQUHMAKGSmh0dHA6Ly9jcmwxLmFtZS5nYmwvYWlhL0JMMlBLSUlOVENBMDEuQU1FLkdCTF9BTUUlMjBJbmZyYSUyMENBJTIwMDIoNCkuY3J0MFYGCCsGAQUFBzAChkpodHRwOi8vY3JsMi5hbWUuZ2JsL2FpYS9CTDJQS0lJTlRDQTAxLkFNRS5HQkxfQU1FJTIwSW5mcmElMjBDQSUyMDAyKDQpLmNydDBWBggrBgEFBQcwAoZKaHR0cDovL2NybDMuYW1lLmdibC9haWEvQkwyUEtJSU5UQ0EwMS5BTUUuR0JMX0FNRSUyMEluZnJhJTIwQ0ElMjAwMig0KS5jcnQwVgYIKwYBBQUHMAKGSmh0dHA6Ly9jcmw0LmFtZS5nYmwvYWlhL0JMMlBLSUlOVENBMDEuQU1FLkdCTF9BTUUlMjBJbmZyYSUyMENBJTIwMDIoNCkuY3J0MB0GA1UdDgQWBBQBTTHZD8UzTofzBwHZRpdtw5XpXjAOBgNVHQ8BAf8EBAMCBaAwggE1BgNVHR8EggEsMIIBKDCCASSgggEgoIIBHIZCaHR0cDovL2NybC5taWNyb3NvZnQuY29tL3BraWluZnJhL0NSTC9BTUUlMjBJbmZyYSUyMENBJTIwMDIoNCkuY3JshjRodHRwOi8vY3JsMS5hbWUuZ2JsL2NybC9BTUUlMjBJbmZyYSUyMENBJTIwMDIoNCkuY3JshjRodHRwOi8vY3JsMi5hbWUuZ2JsL2NybC9BTUUlMjBJbmZyYSUyMENBJTIwMDIoNCkuY3JshjRodHRwOi8vY3JsMy5hbWUuZ2JsL2NybC9BTUUlMjBJbmZyYSUyMENBJTIwMDIoNCkuY3JshjRodHRwOi8vY3JsNC5hbWUuZ2JsL2NybC9BTUUlMjBJbmZyYSUyMENBJTIwMDIoNCkuY3JsMBcGA1UdIAQQMA4wDAYKKwYBBAGCN3sBATAfBgNVHSMEGDAWgBSuecJrXSWIEwb2BwnDl3x7l48dVTAdBgNVHSUEFjAUBggrBgEFBQcDAQYIKwYBBQUHAwIwDQYJKoZIhvcNAQELBQADggEBAD3Zm_z6dHneGOQPVVe1FxHrV2xvtqbjaKZAuH5rSpWUw_DJdOSV4cWnP6mHzxkPNq64LVAwgyif18NOtR825NodQN7r_Il0fGIykE4rt-M_xIqddJaoXHzIGUQ0uCofzHWG-wdvSYVhlbFFtTckqYtEA9-qW-eTU2K1wu1OQ8ry_XahL8OpgJsribT6ANlH0I5odhgLdzGhwvBWfM1-xaqN8ieQA5l7FdmYeOrZYwzX4Lc-478HHPVhkKgLr6pn1L-WJJ1mMn_PPXo4c6q34Uw6i0kyVgPeot9rO0FSHhj-YxHTde4eXuk4k1VEx6v56KK89p9N2LCqwkWf75r3Vdk&s=lNLdTjUtd2RIIjYJ4sCPBpbH_7tFfhyBHiTnbv7c-Y5XpK9ct1JOdRIdfasQIggE770VNerCmr_dPg8zzWPRPzcBRRYucnlXzTFVVLmkjy4S_qGWfvCyayD9qvqd6a_U6cfUUYDyWJhBQFoKPeDvWnd964_iP_IZG9ncvrFHL0YXzoZ_lnUVrJ_XXeW0rP645qDbNFg5WMAkwxwjggmYe9PRbhMopNuzAmsDLWC-nZlm9kNcxmvEEFjh_aG-oUz-fBQe2vHBf5CVR312URj0D9gW79hQc0BGExSsIwHX_dsohrXX0MLuhzVo1fWAoLUsEg94LeLWHRdbxoRIAYYhBw&h=-80abw7AJI_50Aj_CfCjqHjSTOVnSVP1_2JK0c9cR4o"
        ],
        "Retry-After": [
          "15"
        ],
        "x-ms-ratelimit-remaining-subscription-reads": [
          "11997"
        ],
        "x-ms-request-id": [
          "0e30d2fb-4770-43c0-baa3-2e36cbda3dd6"
        ],
        "x-ms-correlation-request-id": [
          "0e30d2fb-4770-43c0-baa3-2e36cbda3dd6"
        ],
        "x-ms-routing-request-id": [
          "SOUTHEASTASIA:20230929T043823Z:0e30d2fb-4770-43c0-baa3-2e36cbda3dd6"
        ],
        "Strict-Transport-Security": [
          "max-age=31536000; includeSubDomains"
        ],
        "X-Content-Type-Options": [
          "nosniff"
        ],
        "Date": [
          "Fri, 29 Sep 2023 04:38:23 GMT"
        ],
        "Expires": [
          "-1"
        ],
        "Content-Length": [
          "0"
        ]
      },
      "ResponseBody": "",
      "StatusCode": 202
    },
    {
      "RequestUri": "/subscriptions/9e223dbe-3399-4e19-88eb-0975f02ac87f/operationresults/eyJqb2JJZCI6IlJFU09VUkNFR1JPVVBERUxFVElPTkpPQi1QUzg3MjQtV0VTVFVTIiwiam9iTG9jYXRpb24iOiJ3ZXN0dXMifQ?api-version=2016-09-01&t=638315591039444097&c=MIIHHjCCBgagAwIBAgITfwHPGb2PGVTN4z3FUwAEAc8ZvTANBgkqhkiG9w0BAQsFADBEMRMwEQYKCZImiZPyLGQBGRYDR0JMMRMwEQYKCZImiZPyLGQBGRYDQU1FMRgwFgYDVQQDEw9BTUUgSW5mcmEgQ0EgMDIwHhcNMjMwODAyMDYzNjM2WhcNMjQwNzI3MDYzNjM2WjBAMT4wPAYDVQQDEzVhc3luY29wZXJhdGlvbnNpZ25pbmdjZXJ0aWZpY2F0ZS5tYW5hZ2VtZW50LmF6dXJlLmNvbTCCASIwDQYJKoZIhvcNAQEBBQADggEPADCCAQoCggEBALA8WMmmEO1CwTnKvAtvibQoh9fKt-nYVdbvRtzIlm4z19BYYfDibvj6l1viYhNR3bs53c9d8fIWknmMKcHdJpnnDk-sfLAVWjMNWlp_buwQ0wqnDDMi-_nqhutQ0ONUbruFxD0-bGPA3RLD9MxnV3XQGNGjXFzj7hqAQauMfHafpxwgDIEYAcWfBtE32aGB9_bxZrY8E2slVewgeS6yws88svVeMAmGPQEGqIrOrqphrXLbmWMcWg6Ixey-FyuliVC6n2ECOpeUOnI3zd3u2YXwLZrTeYxh6zaRuU-ht2zLmkisse4EaaJvcnYB1ET9IBE-LI8SxLbutQtDAe4kiSkCAwEAAaOCBAswggQHMCcGCSsGAQQBgjcVCgQaMBgwCgYIKwYBBQUHAwEwCgYIKwYBBQUHAwIwPQYJKwYBBAGCNxUHBDAwLgYmKwYBBAGCNxUIhpDjDYTVtHiE8Ys-hZvdFs6dEoFggvX2K4Py0SACAWQCAQowggHaBggrBgEFBQcBAQSCAcwwggHIMGYGCCsGAQUFBzAChlpodHRwOi8vY3JsLm1pY3Jvc29mdC5jb20vcGtpaW5mcmEvQ2VydHMvQkwyUEtJSU5UQ0EwMS5BTUUuR0JMX0FNRSUyMEluZnJhJTIwQ0ElMjAwMig0KS5jcnQwVgYIKwYBBQUHMAKGSmh0dHA6Ly9jcmwxLmFtZS5nYmwvYWlhL0JMMlBLSUlOVENBMDEuQU1FLkdCTF9BTUUlMjBJbmZyYSUyMENBJTIwMDIoNCkuY3J0MFYGCCsGAQUFBzAChkpodHRwOi8vY3JsMi5hbWUuZ2JsL2FpYS9CTDJQS0lJTlRDQTAxLkFNRS5HQkxfQU1FJTIwSW5mcmElMjBDQSUyMDAyKDQpLmNydDBWBggrBgEFBQcwAoZKaHR0cDovL2NybDMuYW1lLmdibC9haWEvQkwyUEtJSU5UQ0EwMS5BTUUuR0JMX0FNRSUyMEluZnJhJTIwQ0ElMjAwMig0KS5jcnQwVgYIKwYBBQUHMAKGSmh0dHA6Ly9jcmw0LmFtZS5nYmwvYWlhL0JMMlBLSUlOVENBMDEuQU1FLkdCTF9BTUUlMjBJbmZyYSUyMENBJTIwMDIoNCkuY3J0MB0GA1UdDgQWBBQBTTHZD8UzTofzBwHZRpdtw5XpXjAOBgNVHQ8BAf8EBAMCBaAwggE1BgNVHR8EggEsMIIBKDCCASSgggEgoIIBHIZCaHR0cDovL2NybC5taWNyb3NvZnQuY29tL3BraWluZnJhL0NSTC9BTUUlMjBJbmZyYSUyMENBJTIwMDIoNCkuY3JshjRodHRwOi8vY3JsMS5hbWUuZ2JsL2NybC9BTUUlMjBJbmZyYSUyMENBJTIwMDIoNCkuY3JshjRodHRwOi8vY3JsMi5hbWUuZ2JsL2NybC9BTUUlMjBJbmZyYSUyMENBJTIwMDIoNCkuY3JshjRodHRwOi8vY3JsMy5hbWUuZ2JsL2NybC9BTUUlMjBJbmZyYSUyMENBJTIwMDIoNCkuY3JshjRodHRwOi8vY3JsNC5hbWUuZ2JsL2NybC9BTUUlMjBJbmZyYSUyMENBJTIwMDIoNCkuY3JsMBcGA1UdIAQQMA4wDAYKKwYBBAGCN3sBATAfBgNVHSMEGDAWgBSuecJrXSWIEwb2BwnDl3x7l48dVTAdBgNVHSUEFjAUBggrBgEFBQcDAQYIKwYBBQUHAwIwDQYJKoZIhvcNAQELBQADggEBAD3Zm_z6dHneGOQPVVe1FxHrV2xvtqbjaKZAuH5rSpWUw_DJdOSV4cWnP6mHzxkPNq64LVAwgyif18NOtR825NodQN7r_Il0fGIykE4rt-M_xIqddJaoXHzIGUQ0uCofzHWG-wdvSYVhlbFFtTckqYtEA9-qW-eTU2K1wu1OQ8ry_XahL8OpgJsribT6ANlH0I5odhgLdzGhwvBWfM1-xaqN8ieQA5l7FdmYeOrZYwzX4Lc-478HHPVhkKgLr6pn1L-WJJ1mMn_PPXo4c6q34Uw6i0kyVgPeot9rO0FSHhj-YxHTde4eXuk4k1VEx6v56KK89p9N2LCqwkWf75r3Vdk&s=lNLdTjUtd2RIIjYJ4sCPBpbH_7tFfhyBHiTnbv7c-Y5XpK9ct1JOdRIdfasQIggE770VNerCmr_dPg8zzWPRPzcBRRYucnlXzTFVVLmkjy4S_qGWfvCyayD9qvqd6a_U6cfUUYDyWJhBQFoKPeDvWnd964_iP_IZG9ncvrFHL0YXzoZ_lnUVrJ_XXeW0rP645qDbNFg5WMAkwxwjggmYe9PRbhMopNuzAmsDLWC-nZlm9kNcxmvEEFjh_aG-oUz-fBQe2vHBf5CVR312URj0D9gW79hQc0BGExSsIwHX_dsohrXX0MLuhzVo1fWAoLUsEg94LeLWHRdbxoRIAYYhBw&h=-80abw7AJI_50Aj_CfCjqHjSTOVnSVP1_2JK0c9cR4o",
      "EncodedRequestUri": "L3N1YnNjcmlwdGlvbnMvOWUyMjNkYmUtMzM5OS00ZTE5LTg4ZWItMDk3NWYwMmFjODdmL29wZXJhdGlvbnJlc3VsdHMvZXlKcWIySkpaQ0k2SWxKRlUwOVZVa05GUjFKUFZWQkVSVXhGVkVsUFRrcFBRaTFRVXpnM01qUXRWMFZUVkZWVElpd2lhbTlpVEc5allYUnBiMjRpT2lKM1pYTjBkWE1pZlE/YXBpLXZlcnNpb249MjAxNi0wOS0wMSZ0PTYzODMxNTU5MTAzOTQ0NDA5NyZjPU1JSUhIakNDQmdhZ0F3SUJBZ0lUZndIUEdiMlBHVlRONHozRlV3QUVBYzhadlRBTkJna3Foa2lHOXcwQkFRc0ZBREJFTVJNd0VRWUtDWkltaVpQeUxHUUJHUllEUjBKTU1STXdFUVlLQ1pJbWlaUHlMR1FCR1JZRFFVMUZNUmd3RmdZRFZRUURFdzlCVFVVZ1NXNW1jbUVnUTBFZ01ESXdIaGNOTWpNd09EQXlNRFl6TmpNMldoY05NalF3TnpJM01EWXpOak0yV2pCQU1UNHdQQVlEVlFRREV6VmhjM2x1WTI5d1pYSmhkR2x2Ym5OcFoyNXBibWRqWlhKMGFXWnBZMkYwWlM1dFlXNWhaMlZ0Wlc1MExtRjZkWEpsTG1OdmJUQ0NBU0l3RFFZSktvWklodmNOQVFFQkJRQURnZ0VQQURDQ0FRb0NnZ0VCQUxBOFdNbW1FTzFDd1RuS3ZBdHZpYlFvaDlmS3QtbllWZGJ2UnR6SWxtNHoxOUJZWWZEaWJ2ajZsMXZpWWhOUjNiczUzYzlkOGZJV2tubU1LY0hkSnBubkRrLXNmTEFWV2pNTldscF9idXdRMHdxbkRETWktX25xaHV0UTBPTlVicnVGeEQwLWJHUEEzUkxEOU14blYzWFFHTkdqWEZ6ajdocUFRYXVNZkhhZnB4d2dESUVZQWNXZkJ0RTMyYUdCOV9ieFpyWThFMnNsVmV3Z2VTNnl3czg4c3ZWZU1BbUdQUUVHcUlyT3JxcGhyWExibVdNY1dnNkl4ZXktRnl1bGlWQzZuMkVDT3BlVU9uSTN6ZDN1MllYd0xaclRlWXhoNnphUnVVLWh0MnpMbWtpc3NlNEVhYUp2Y25ZQjFFVDlJQkUtTEk4U3hMYnV0UXREQWU0a2lTa0NBd0VBQWFPQ0JBc3dnZ1FITUNjR0NTc0dBUVFCZ2pjVkNnUWFNQmd3Q2dZSUt3WUJCUVVIQXdFd0NnWUlLd1lCQlFVSEF3SXdQUVlKS3dZQkJBR0NOeFVIQkRBd0xnWW1Ld1lCQkFHQ054VUlocERqRFlUVnRIaUU4WXMtaFp2ZEZzNmRFb0ZnZ3ZYMks0UHkwU0FDQVdRQ0FRb3dnZ0hhQmdnckJnRUZCUWNCQVFTQ0Fjd3dnZ0hJTUdZR0NDc0dBUVVGQnpBQ2hscG9kSFJ3T2k4dlkzSnNMbTFwWTNKdmMyOW1kQzVqYjIwdmNHdHBhVzVtY21FdlEyVnlkSE12UWt3eVVFdEpTVTVVUTBFd01TNUJUVVV1UjBKTVgwRk5SU1V5TUVsdVpuSmhKVEl3UTBFbE1qQXdNaWcwS1M1amNuUXdWZ1lJS3dZQkJRVUhNQUtHU21oMGRIQTZMeTlqY213eExtRnRaUzVuWW13dllXbGhMMEpNTWxCTFNVbE9WRU5CTURFdVFVMUZMa2RDVEY5QlRVVWxNakJKYm1aeVlTVXlNRU5CSlRJd01ESW9OQ2t1WTNKME1GWUdDQ3NHQVFVRkJ6QUNoa3BvZEhSd09pOHZZM0pzTWk1aGJXVXVaMkpzTDJGcFlTOUNUREpRUzBsSlRsUkRRVEF4TGtGTlJTNUhRa3hmUVUxRkpUSXdTVzVtY21FbE1qQkRRU1V5TURBeUtEUXBMbU55ZERCV0JnZ3JCZ0VGQlFjd0FvWkthSFIwY0RvdkwyTnliRE11WVcxbExtZGliQzloYVdFdlFrd3lVRXRKU1U1VVEwRXdNUzVCVFVVdVIwSk1YMEZOUlNVeU1FbHVabkpoSlRJd1EwRWxNakF3TWlnMEtTNWpjblF3VmdZSUt3WUJCUVVITUFLR1NtaDBkSEE2THk5amNtdzBMbUZ0WlM1blltd3ZZV2xoTDBKTU1sQkxTVWxPVkVOQk1ERXVRVTFGTGtkQ1RGOUJUVVVsTWpCSmJtWnlZU1V5TUVOQkpUSXdNRElvTkNrdVkzSjBNQjBHQTFVZERnUVdCQlFCVFRIWkQ4VXpUb2Z6QndIWlJwZHR3NVhwWGpBT0JnTlZIUThCQWY4RUJBTUNCYUF3Z2dFMUJnTlZIUjhFZ2dFc01JSUJLRENDQVNTZ2dnRWdvSUlCSElaQ2FIUjBjRG92TDJOeWJDNXRhV055YjNOdlpuUXVZMjl0TDNCcmFXbHVabkpoTDBOU1RDOUJUVVVsTWpCSmJtWnlZU1V5TUVOQkpUSXdNRElvTkNrdVkzSnNoalJvZEhSd09pOHZZM0pzTVM1aGJXVXVaMkpzTDJOeWJDOUJUVVVsTWpCSmJtWnlZU1V5TUVOQkpUSXdNRElvTkNrdVkzSnNoalJvZEhSd09pOHZZM0pzTWk1aGJXVXVaMkpzTDJOeWJDOUJUVVVsTWpCSmJtWnlZU1V5TUVOQkpUSXdNRElvTkNrdVkzSnNoalJvZEhSd09pOHZZM0pzTXk1aGJXVXVaMkpzTDJOeWJDOUJUVVVsTWpCSmJtWnlZU1V5TUVOQkpUSXdNRElvTkNrdVkzSnNoalJvZEhSd09pOHZZM0pzTkM1aGJXVXVaMkpzTDJOeWJDOUJUVVVsTWpCSmJtWnlZU1V5TUVOQkpUSXdNRElvTkNrdVkzSnNNQmNHQTFVZElBUVFNQTR3REFZS0t3WUJCQUdDTjNzQkFUQWZCZ05WSFNNRUdEQVdnQlN1ZWNKclhTV0lFd2IyQnduRGwzeDdsNDhkVlRBZEJnTlZIU1VFRmpBVUJnZ3JCZ0VGQlFjREFRWUlLd1lCQlFVSEF3SXdEUVlKS29aSWh2Y05BUUVMQlFBRGdnRUJBRDNabV96NmRIbmVHT1FQVlZlMUZ4SHJWMnh2dHFiamFLWkF1SDVyU3BXVXdfREpkT1NWNGNXblA2bUh6eGtQTnE2NExWQXdneWlmMThOT3RSODI1Tm9kUU43cl9JbDBmR0l5a0U0cnQtTV94SXFkZEphb1hIeklHVVEwdUNvZnpIV0ctd2R2U1lWaGxiRkZ0VGNrcVl0RUE5LXFXLWVUVTJLMXd1MU9ROHJ5X1hhaEw4T3BnSnNyaWJUNkFObEgwSTVvZGhnTGR6R2h3dkJXZk0xLXhhcU44aWVRQTVsN0ZkbVllT3JaWXd6WDRMYy00NzhISFBWaGtLZ0xyNnBuMUwtV0pKMW1Nbl9QUFhvNGM2cTM0VXc2aTBreVZnUGVvdDlyTzBGU0hoai1ZeEhUZGU0ZVh1azRrMVZFeDZ2NTZLSzg5cDlOMkxDcXdrV2Y3NXIzVmRrJnM9bE5MZFRqVXRkMlJJSWpZSjRzQ1BCcGJIXzd0RmZoeUJIaVRuYnY3Yy1ZNVhwSzljdDFKT2RSSWRmYXNRSWdnRTc3MFZOZXJDbXJfZFBnOHp6V1BSUHpjQlJSWXVjbmxYelRGVlZMbWtqeTRTX3FHV2Z2Q3lheUQ5cXZxZDZhX1U2Y2ZVVVlEeVdKaEJRRm9LUGVEdlduZDk2NF9pUF9JWkc5bmN2ckZITDBZWHpvWl9sblVWckpfWFhlVzByUDY0NXFEYk5GZzVXTUFrd3h3amdnbVllOVBSYmhNb3BOdXpBbXNETFdDLW5abG05a05jeG12RUVGamhfYUctb1V6LWZCUWUydkhCZjVDVlIzMTJVUmowRDlnVzc5aFFjMEJHRXhTc0l3SFhfZHNvaHJYWDBNTHVoelZvMWZXQW9MVXNFZzk0TGVMV0hSZGJ4b1JJQVlZaEJ3Jmg9LTgwYWJ3N0FKSV81MEFqX0NmQ2pxSGpTVE9WblNWUDFfMkpLMGM5Y1I0bw==",
      "RequestMethod": "GET",
      "RequestHeaders": {
        "User-Agent": [
          "FxVersion/6.0.2223.42425",
          "OSName/Windows",
          "OSVersion/Microsoft.Windows.10.0.22621",
          "Microsoft.Azure.Management.Internal.Resources.ResourceManagementClient/1.3.86"
        ]
      },
      "RequestBody": "",
      "ResponseHeaders": {
        "Cache-Control": [
          "no-cache"
        ],
        "Pragma": [
          "no-cache"
        ],
        "Location": [
          "https://management.azure.com/subscriptions/9e223dbe-3399-4e19-88eb-0975f02ac87f/operationresults/eyJqb2JJZCI6IlJFU09VUkNFR1JPVVBERUxFVElPTkpPQi1QUzg3MjQtV0VTVFVTIiwiam9iTG9jYXRpb24iOiJ3ZXN0dXMifQ?api-version=2016-09-01&t=638315591193976696&c=MIIHHjCCBgagAwIBAgITfwHPGb2PGVTN4z3FUwAEAc8ZvTANBgkqhkiG9w0BAQsFADBEMRMwEQYKCZImiZPyLGQBGRYDR0JMMRMwEQYKCZImiZPyLGQBGRYDQU1FMRgwFgYDVQQDEw9BTUUgSW5mcmEgQ0EgMDIwHhcNMjMwODAyMDYzNjM2WhcNMjQwNzI3MDYzNjM2WjBAMT4wPAYDVQQDEzVhc3luY29wZXJhdGlvbnNpZ25pbmdjZXJ0aWZpY2F0ZS5tYW5hZ2VtZW50LmF6dXJlLmNvbTCCASIwDQYJKoZIhvcNAQEBBQADggEPADCCAQoCggEBALA8WMmmEO1CwTnKvAtvibQoh9fKt-nYVdbvRtzIlm4z19BYYfDibvj6l1viYhNR3bs53c9d8fIWknmMKcHdJpnnDk-sfLAVWjMNWlp_buwQ0wqnDDMi-_nqhutQ0ONUbruFxD0-bGPA3RLD9MxnV3XQGNGjXFzj7hqAQauMfHafpxwgDIEYAcWfBtE32aGB9_bxZrY8E2slVewgeS6yws88svVeMAmGPQEGqIrOrqphrXLbmWMcWg6Ixey-FyuliVC6n2ECOpeUOnI3zd3u2YXwLZrTeYxh6zaRuU-ht2zLmkisse4EaaJvcnYB1ET9IBE-LI8SxLbutQtDAe4kiSkCAwEAAaOCBAswggQHMCcGCSsGAQQBgjcVCgQaMBgwCgYIKwYBBQUHAwEwCgYIKwYBBQUHAwIwPQYJKwYBBAGCNxUHBDAwLgYmKwYBBAGCNxUIhpDjDYTVtHiE8Ys-hZvdFs6dEoFggvX2K4Py0SACAWQCAQowggHaBggrBgEFBQcBAQSCAcwwggHIMGYGCCsGAQUFBzAChlpodHRwOi8vY3JsLm1pY3Jvc29mdC5jb20vcGtpaW5mcmEvQ2VydHMvQkwyUEtJSU5UQ0EwMS5BTUUuR0JMX0FNRSUyMEluZnJhJTIwQ0ElMjAwMig0KS5jcnQwVgYIKwYBBQUHMAKGSmh0dHA6Ly9jcmwxLmFtZS5nYmwvYWlhL0JMMlBLSUlOVENBMDEuQU1FLkdCTF9BTUUlMjBJbmZyYSUyMENBJTIwMDIoNCkuY3J0MFYGCCsGAQUFBzAChkpodHRwOi8vY3JsMi5hbWUuZ2JsL2FpYS9CTDJQS0lJTlRDQTAxLkFNRS5HQkxfQU1FJTIwSW5mcmElMjBDQSUyMDAyKDQpLmNydDBWBggrBgEFBQcwAoZKaHR0cDovL2NybDMuYW1lLmdibC9haWEvQkwyUEtJSU5UQ0EwMS5BTUUuR0JMX0FNRSUyMEluZnJhJTIwQ0ElMjAwMig0KS5jcnQwVgYIKwYBBQUHMAKGSmh0dHA6Ly9jcmw0LmFtZS5nYmwvYWlhL0JMMlBLSUlOVENBMDEuQU1FLkdCTF9BTUUlMjBJbmZyYSUyMENBJTIwMDIoNCkuY3J0MB0GA1UdDgQWBBQBTTHZD8UzTofzBwHZRpdtw5XpXjAOBgNVHQ8BAf8EBAMCBaAwggE1BgNVHR8EggEsMIIBKDCCASSgggEgoIIBHIZCaHR0cDovL2NybC5taWNyb3NvZnQuY29tL3BraWluZnJhL0NSTC9BTUUlMjBJbmZyYSUyMENBJTIwMDIoNCkuY3JshjRodHRwOi8vY3JsMS5hbWUuZ2JsL2NybC9BTUUlMjBJbmZyYSUyMENBJTIwMDIoNCkuY3JshjRodHRwOi8vY3JsMi5hbWUuZ2JsL2NybC9BTUUlMjBJbmZyYSUyMENBJTIwMDIoNCkuY3JshjRodHRwOi8vY3JsMy5hbWUuZ2JsL2NybC9BTUUlMjBJbmZyYSUyMENBJTIwMDIoNCkuY3JshjRodHRwOi8vY3JsNC5hbWUuZ2JsL2NybC9BTUUlMjBJbmZyYSUyMENBJTIwMDIoNCkuY3JsMBcGA1UdIAQQMA4wDAYKKwYBBAGCN3sBATAfBgNVHSMEGDAWgBSuecJrXSWIEwb2BwnDl3x7l48dVTAdBgNVHSUEFjAUBggrBgEFBQcDAQYIKwYBBQUHAwIwDQYJKoZIhvcNAQELBQADggEBAD3Zm_z6dHneGOQPVVe1FxHrV2xvtqbjaKZAuH5rSpWUw_DJdOSV4cWnP6mHzxkPNq64LVAwgyif18NOtR825NodQN7r_Il0fGIykE4rt-M_xIqddJaoXHzIGUQ0uCofzHWG-wdvSYVhlbFFtTckqYtEA9-qW-eTU2K1wu1OQ8ry_XahL8OpgJsribT6ANlH0I5odhgLdzGhwvBWfM1-xaqN8ieQA5l7FdmYeOrZYwzX4Lc-478HHPVhkKgLr6pn1L-WJJ1mMn_PPXo4c6q34Uw6i0kyVgPeot9rO0FSHhj-YxHTde4eXuk4k1VEx6v56KK89p9N2LCqwkWf75r3Vdk&s=h61I1UUrjG0wxMX0JizRwIOC40PTlZVx46px0Mr-52WPIOims_7IstuAnOUz5TsuwHipGWNOrZGQuuDAnlFS7IsiQ5KUWVF-ZjlpkNxt-zOGzkdS99YUbZDz-AfqebCGzbPyGT5TxZlfV4WXm0-iKQei8LEnvNVv9pOBpb8Q5o2wb3ygvG9AAjR6u624PSzAW1tl_TRm9F4EJA68vuKaqFq7BHbg8y1W-fBCdvna4T1OWUfihHPmX6D5iq2g-9sRVupNoW0-tA8nqyv9F2ROpeRIKDzf7S4z_Uu35gTFH7t6e9heNkk9X3Uw-mtX_OB4ed8KgEL90RCX-ioQvZZXSg&h=V_mdm1Bq_ROk_pebAQpr147v4N1SyFBweYYEiJvj3EQ"
        ],
        "Retry-After": [
          "15"
        ],
        "x-ms-ratelimit-remaining-subscription-reads": [
          "11996"
        ],
        "x-ms-request-id": [
          "432c38bf-b324-4d84-b742-3f93f5cd9add"
        ],
        "x-ms-correlation-request-id": [
          "432c38bf-b324-4d84-b742-3f93f5cd9add"
        ],
        "x-ms-routing-request-id": [
          "SOUTHEASTASIA:20230929T043839Z:432c38bf-b324-4d84-b742-3f93f5cd9add"
        ],
        "Strict-Transport-Security": [
          "max-age=31536000; includeSubDomains"
        ],
        "X-Content-Type-Options": [
          "nosniff"
        ],
        "Date": [
          "Fri, 29 Sep 2023 04:38:39 GMT"
        ],
        "Expires": [
          "-1"
        ],
        "Content-Length": [
          "0"
        ]
      },
      "ResponseBody": "",
      "StatusCode": 202
    },
    {
      "RequestUri": "/subscriptions/9e223dbe-3399-4e19-88eb-0975f02ac87f/operationresults/eyJqb2JJZCI6IlJFU09VUkNFR1JPVVBERUxFVElPTkpPQi1QUzg3MjQtV0VTVFVTIiwiam9iTG9jYXRpb24iOiJ3ZXN0dXMifQ?api-version=2016-09-01&t=638315591193976696&c=MIIHHjCCBgagAwIBAgITfwHPGb2PGVTN4z3FUwAEAc8ZvTANBgkqhkiG9w0BAQsFADBEMRMwEQYKCZImiZPyLGQBGRYDR0JMMRMwEQYKCZImiZPyLGQBGRYDQU1FMRgwFgYDVQQDEw9BTUUgSW5mcmEgQ0EgMDIwHhcNMjMwODAyMDYzNjM2WhcNMjQwNzI3MDYzNjM2WjBAMT4wPAYDVQQDEzVhc3luY29wZXJhdGlvbnNpZ25pbmdjZXJ0aWZpY2F0ZS5tYW5hZ2VtZW50LmF6dXJlLmNvbTCCASIwDQYJKoZIhvcNAQEBBQADggEPADCCAQoCggEBALA8WMmmEO1CwTnKvAtvibQoh9fKt-nYVdbvRtzIlm4z19BYYfDibvj6l1viYhNR3bs53c9d8fIWknmMKcHdJpnnDk-sfLAVWjMNWlp_buwQ0wqnDDMi-_nqhutQ0ONUbruFxD0-bGPA3RLD9MxnV3XQGNGjXFzj7hqAQauMfHafpxwgDIEYAcWfBtE32aGB9_bxZrY8E2slVewgeS6yws88svVeMAmGPQEGqIrOrqphrXLbmWMcWg6Ixey-FyuliVC6n2ECOpeUOnI3zd3u2YXwLZrTeYxh6zaRuU-ht2zLmkisse4EaaJvcnYB1ET9IBE-LI8SxLbutQtDAe4kiSkCAwEAAaOCBAswggQHMCcGCSsGAQQBgjcVCgQaMBgwCgYIKwYBBQUHAwEwCgYIKwYBBQUHAwIwPQYJKwYBBAGCNxUHBDAwLgYmKwYBBAGCNxUIhpDjDYTVtHiE8Ys-hZvdFs6dEoFggvX2K4Py0SACAWQCAQowggHaBggrBgEFBQcBAQSCAcwwggHIMGYGCCsGAQUFBzAChlpodHRwOi8vY3JsLm1pY3Jvc29mdC5jb20vcGtpaW5mcmEvQ2VydHMvQkwyUEtJSU5UQ0EwMS5BTUUuR0JMX0FNRSUyMEluZnJhJTIwQ0ElMjAwMig0KS5jcnQwVgYIKwYBBQUHMAKGSmh0dHA6Ly9jcmwxLmFtZS5nYmwvYWlhL0JMMlBLSUlOVENBMDEuQU1FLkdCTF9BTUUlMjBJbmZyYSUyMENBJTIwMDIoNCkuY3J0MFYGCCsGAQUFBzAChkpodHRwOi8vY3JsMi5hbWUuZ2JsL2FpYS9CTDJQS0lJTlRDQTAxLkFNRS5HQkxfQU1FJTIwSW5mcmElMjBDQSUyMDAyKDQpLmNydDBWBggrBgEFBQcwAoZKaHR0cDovL2NybDMuYW1lLmdibC9haWEvQkwyUEtJSU5UQ0EwMS5BTUUuR0JMX0FNRSUyMEluZnJhJTIwQ0ElMjAwMig0KS5jcnQwVgYIKwYBBQUHMAKGSmh0dHA6Ly9jcmw0LmFtZS5nYmwvYWlhL0JMMlBLSUlOVENBMDEuQU1FLkdCTF9BTUUlMjBJbmZyYSUyMENBJTIwMDIoNCkuY3J0MB0GA1UdDgQWBBQBTTHZD8UzTofzBwHZRpdtw5XpXjAOBgNVHQ8BAf8EBAMCBaAwggE1BgNVHR8EggEsMIIBKDCCASSgggEgoIIBHIZCaHR0cDovL2NybC5taWNyb3NvZnQuY29tL3BraWluZnJhL0NSTC9BTUUlMjBJbmZyYSUyMENBJTIwMDIoNCkuY3JshjRodHRwOi8vY3JsMS5hbWUuZ2JsL2NybC9BTUUlMjBJbmZyYSUyMENBJTIwMDIoNCkuY3JshjRodHRwOi8vY3JsMi5hbWUuZ2JsL2NybC9BTUUlMjBJbmZyYSUyMENBJTIwMDIoNCkuY3JshjRodHRwOi8vY3JsMy5hbWUuZ2JsL2NybC9BTUUlMjBJbmZyYSUyMENBJTIwMDIoNCkuY3JshjRodHRwOi8vY3JsNC5hbWUuZ2JsL2NybC9BTUUlMjBJbmZyYSUyMENBJTIwMDIoNCkuY3JsMBcGA1UdIAQQMA4wDAYKKwYBBAGCN3sBATAfBgNVHSMEGDAWgBSuecJrXSWIEwb2BwnDl3x7l48dVTAdBgNVHSUEFjAUBggrBgEFBQcDAQYIKwYBBQUHAwIwDQYJKoZIhvcNAQELBQADggEBAD3Zm_z6dHneGOQPVVe1FxHrV2xvtqbjaKZAuH5rSpWUw_DJdOSV4cWnP6mHzxkPNq64LVAwgyif18NOtR825NodQN7r_Il0fGIykE4rt-M_xIqddJaoXHzIGUQ0uCofzHWG-wdvSYVhlbFFtTckqYtEA9-qW-eTU2K1wu1OQ8ry_XahL8OpgJsribT6ANlH0I5odhgLdzGhwvBWfM1-xaqN8ieQA5l7FdmYeOrZYwzX4Lc-478HHPVhkKgLr6pn1L-WJJ1mMn_PPXo4c6q34Uw6i0kyVgPeot9rO0FSHhj-YxHTde4eXuk4k1VEx6v56KK89p9N2LCqwkWf75r3Vdk&s=h61I1UUrjG0wxMX0JizRwIOC40PTlZVx46px0Mr-52WPIOims_7IstuAnOUz5TsuwHipGWNOrZGQuuDAnlFS7IsiQ5KUWVF-ZjlpkNxt-zOGzkdS99YUbZDz-AfqebCGzbPyGT5TxZlfV4WXm0-iKQei8LEnvNVv9pOBpb8Q5o2wb3ygvG9AAjR6u624PSzAW1tl_TRm9F4EJA68vuKaqFq7BHbg8y1W-fBCdvna4T1OWUfihHPmX6D5iq2g-9sRVupNoW0-tA8nqyv9F2ROpeRIKDzf7S4z_Uu35gTFH7t6e9heNkk9X3Uw-mtX_OB4ed8KgEL90RCX-ioQvZZXSg&h=V_mdm1Bq_ROk_pebAQpr147v4N1SyFBweYYEiJvj3EQ",
      "EncodedRequestUri": "L3N1YnNjcmlwdGlvbnMvOWUyMjNkYmUtMzM5OS00ZTE5LTg4ZWItMDk3NWYwMmFjODdmL29wZXJhdGlvbnJlc3VsdHMvZXlKcWIySkpaQ0k2SWxKRlUwOVZVa05GUjFKUFZWQkVSVXhGVkVsUFRrcFBRaTFRVXpnM01qUXRWMFZUVkZWVElpd2lhbTlpVEc5allYUnBiMjRpT2lKM1pYTjBkWE1pZlE/YXBpLXZlcnNpb249MjAxNi0wOS0wMSZ0PTYzODMxNTU5MTE5Mzk3NjY5NiZjPU1JSUhIakNDQmdhZ0F3SUJBZ0lUZndIUEdiMlBHVlRONHozRlV3QUVBYzhadlRBTkJna3Foa2lHOXcwQkFRc0ZBREJFTVJNd0VRWUtDWkltaVpQeUxHUUJHUllEUjBKTU1STXdFUVlLQ1pJbWlaUHlMR1FCR1JZRFFVMUZNUmd3RmdZRFZRUURFdzlCVFVVZ1NXNW1jbUVnUTBFZ01ESXdIaGNOTWpNd09EQXlNRFl6TmpNMldoY05NalF3TnpJM01EWXpOak0yV2pCQU1UNHdQQVlEVlFRREV6VmhjM2x1WTI5d1pYSmhkR2x2Ym5OcFoyNXBibWRqWlhKMGFXWnBZMkYwWlM1dFlXNWhaMlZ0Wlc1MExtRjZkWEpsTG1OdmJUQ0NBU0l3RFFZSktvWklodmNOQVFFQkJRQURnZ0VQQURDQ0FRb0NnZ0VCQUxBOFdNbW1FTzFDd1RuS3ZBdHZpYlFvaDlmS3QtbllWZGJ2UnR6SWxtNHoxOUJZWWZEaWJ2ajZsMXZpWWhOUjNiczUzYzlkOGZJV2tubU1LY0hkSnBubkRrLXNmTEFWV2pNTldscF9idXdRMHdxbkRETWktX25xaHV0UTBPTlVicnVGeEQwLWJHUEEzUkxEOU14blYzWFFHTkdqWEZ6ajdocUFRYXVNZkhhZnB4d2dESUVZQWNXZkJ0RTMyYUdCOV9ieFpyWThFMnNsVmV3Z2VTNnl3czg4c3ZWZU1BbUdQUUVHcUlyT3JxcGhyWExibVdNY1dnNkl4ZXktRnl1bGlWQzZuMkVDT3BlVU9uSTN6ZDN1MllYd0xaclRlWXhoNnphUnVVLWh0MnpMbWtpc3NlNEVhYUp2Y25ZQjFFVDlJQkUtTEk4U3hMYnV0UXREQWU0a2lTa0NBd0VBQWFPQ0JBc3dnZ1FITUNjR0NTc0dBUVFCZ2pjVkNnUWFNQmd3Q2dZSUt3WUJCUVVIQXdFd0NnWUlLd1lCQlFVSEF3SXdQUVlKS3dZQkJBR0NOeFVIQkRBd0xnWW1Ld1lCQkFHQ054VUlocERqRFlUVnRIaUU4WXMtaFp2ZEZzNmRFb0ZnZ3ZYMks0UHkwU0FDQVdRQ0FRb3dnZ0hhQmdnckJnRUZCUWNCQVFTQ0Fjd3dnZ0hJTUdZR0NDc0dBUVVGQnpBQ2hscG9kSFJ3T2k4dlkzSnNMbTFwWTNKdmMyOW1kQzVqYjIwdmNHdHBhVzVtY21FdlEyVnlkSE12UWt3eVVFdEpTVTVVUTBFd01TNUJUVVV1UjBKTVgwRk5SU1V5TUVsdVpuSmhKVEl3UTBFbE1qQXdNaWcwS1M1amNuUXdWZ1lJS3dZQkJRVUhNQUtHU21oMGRIQTZMeTlqY213eExtRnRaUzVuWW13dllXbGhMMEpNTWxCTFNVbE9WRU5CTURFdVFVMUZMa2RDVEY5QlRVVWxNakJKYm1aeVlTVXlNRU5CSlRJd01ESW9OQ2t1WTNKME1GWUdDQ3NHQVFVRkJ6QUNoa3BvZEhSd09pOHZZM0pzTWk1aGJXVXVaMkpzTDJGcFlTOUNUREpRUzBsSlRsUkRRVEF4TGtGTlJTNUhRa3hmUVUxRkpUSXdTVzVtY21FbE1qQkRRU1V5TURBeUtEUXBMbU55ZERCV0JnZ3JCZ0VGQlFjd0FvWkthSFIwY0RvdkwyTnliRE11WVcxbExtZGliQzloYVdFdlFrd3lVRXRKU1U1VVEwRXdNUzVCVFVVdVIwSk1YMEZOUlNVeU1FbHVabkpoSlRJd1EwRWxNakF3TWlnMEtTNWpjblF3VmdZSUt3WUJCUVVITUFLR1NtaDBkSEE2THk5amNtdzBMbUZ0WlM1blltd3ZZV2xoTDBKTU1sQkxTVWxPVkVOQk1ERXVRVTFGTGtkQ1RGOUJUVVVsTWpCSmJtWnlZU1V5TUVOQkpUSXdNRElvTkNrdVkzSjBNQjBHQTFVZERnUVdCQlFCVFRIWkQ4VXpUb2Z6QndIWlJwZHR3NVhwWGpBT0JnTlZIUThCQWY4RUJBTUNCYUF3Z2dFMUJnTlZIUjhFZ2dFc01JSUJLRENDQVNTZ2dnRWdvSUlCSElaQ2FIUjBjRG92TDJOeWJDNXRhV055YjNOdlpuUXVZMjl0TDNCcmFXbHVabkpoTDBOU1RDOUJUVVVsTWpCSmJtWnlZU1V5TUVOQkpUSXdNRElvTkNrdVkzSnNoalJvZEhSd09pOHZZM0pzTVM1aGJXVXVaMkpzTDJOeWJDOUJUVVVsTWpCSmJtWnlZU1V5TUVOQkpUSXdNRElvTkNrdVkzSnNoalJvZEhSd09pOHZZM0pzTWk1aGJXVXVaMkpzTDJOeWJDOUJUVVVsTWpCSmJtWnlZU1V5TUVOQkpUSXdNRElvTkNrdVkzSnNoalJvZEhSd09pOHZZM0pzTXk1aGJXVXVaMkpzTDJOeWJDOUJUVVVsTWpCSmJtWnlZU1V5TUVOQkpUSXdNRElvTkNrdVkzSnNoalJvZEhSd09pOHZZM0pzTkM1aGJXVXVaMkpzTDJOeWJDOUJUVVVsTWpCSmJtWnlZU1V5TUVOQkpUSXdNRElvTkNrdVkzSnNNQmNHQTFVZElBUVFNQTR3REFZS0t3WUJCQUdDTjNzQkFUQWZCZ05WSFNNRUdEQVdnQlN1ZWNKclhTV0lFd2IyQnduRGwzeDdsNDhkVlRBZEJnTlZIU1VFRmpBVUJnZ3JCZ0VGQlFjREFRWUlLd1lCQlFVSEF3SXdEUVlKS29aSWh2Y05BUUVMQlFBRGdnRUJBRDNabV96NmRIbmVHT1FQVlZlMUZ4SHJWMnh2dHFiamFLWkF1SDVyU3BXVXdfREpkT1NWNGNXblA2bUh6eGtQTnE2NExWQXdneWlmMThOT3RSODI1Tm9kUU43cl9JbDBmR0l5a0U0cnQtTV94SXFkZEphb1hIeklHVVEwdUNvZnpIV0ctd2R2U1lWaGxiRkZ0VGNrcVl0RUE5LXFXLWVUVTJLMXd1MU9ROHJ5X1hhaEw4T3BnSnNyaWJUNkFObEgwSTVvZGhnTGR6R2h3dkJXZk0xLXhhcU44aWVRQTVsN0ZkbVllT3JaWXd6WDRMYy00NzhISFBWaGtLZ0xyNnBuMUwtV0pKMW1Nbl9QUFhvNGM2cTM0VXc2aTBreVZnUGVvdDlyTzBGU0hoai1ZeEhUZGU0ZVh1azRrMVZFeDZ2NTZLSzg5cDlOMkxDcXdrV2Y3NXIzVmRrJnM9aDYxSTFVVXJqRzB3eE1YMEppelJ3SU9DNDBQVGxaVng0NnB4ME1yLTUyV1BJT2ltc183SXN0dUFuT1V6NVRzdXdIaXBHV05PclpHUXV1REFubEZTN0lzaVE1S1VXVkYtWmpscGtOeHQtek9HemtkUzk5WVViWkR6LUFmcWViQ0d6YlB5R1Q1VHhabGZWNFdYbTAtaUtRZWk4TEVudk5WdjlwT0JwYjhRNW8yd2IzeWd2RzlBQWpSNnU2MjRQU3pBVzF0bF9UUm05RjRFSkE2OHZ1S2FxRnE3QkhiZzh5MVctZkJDZHZuYTRUMU9XVWZpaEhQbVg2RDVpcTJnLTlzUlZ1cE5vVzAtdEE4bnF5djlGMlJPcGVSSUtEemY3UzR6X1V1MzVnVEZIN3Q2ZTloZU5razlYM1V3LW10WF9PQjRlZDhLZ0VMOTBSQ1gtaW9RdlpaWFNnJmg9Vl9tZG0xQnFfUk9rX3BlYkFRcHIxNDd2NE4xU3lGQndlWVlFaUp2ajNFUQ==",
      "RequestMethod": "GET",
      "RequestHeaders": {
        "User-Agent": [
          "FxVersion/6.0.2223.42425",
          "OSName/Windows",
          "OSVersion/Microsoft.Windows.10.0.22621",
          "Microsoft.Azure.Management.Internal.Resources.ResourceManagementClient/1.3.86"
        ]
      },
      "RequestBody": "",
      "ResponseHeaders": {
        "Cache-Control": [
          "no-cache"
        ],
        "Pragma": [
          "no-cache"
        ],
        "Location": [
          "https://management.azure.com/subscriptions/9e223dbe-3399-4e19-88eb-0975f02ac87f/operationresults/eyJqb2JJZCI6IlJFU09VUkNFR1JPVVBERUxFVElPTkpPQi1QUzg3MjQtV0VTVFVTIiwiam9iTG9jYXRpb24iOiJ3ZXN0dXMifQ?api-version=2016-09-01&t=638315591348353451&c=MIIHHjCCBgagAwIBAgITfwHPGb2PGVTN4z3FUwAEAc8ZvTANBgkqhkiG9w0BAQsFADBEMRMwEQYKCZImiZPyLGQBGRYDR0JMMRMwEQYKCZImiZPyLGQBGRYDQU1FMRgwFgYDVQQDEw9BTUUgSW5mcmEgQ0EgMDIwHhcNMjMwODAyMDYzNjM2WhcNMjQwNzI3MDYzNjM2WjBAMT4wPAYDVQQDEzVhc3luY29wZXJhdGlvbnNpZ25pbmdjZXJ0aWZpY2F0ZS5tYW5hZ2VtZW50LmF6dXJlLmNvbTCCASIwDQYJKoZIhvcNAQEBBQADggEPADCCAQoCggEBALA8WMmmEO1CwTnKvAtvibQoh9fKt-nYVdbvRtzIlm4z19BYYfDibvj6l1viYhNR3bs53c9d8fIWknmMKcHdJpnnDk-sfLAVWjMNWlp_buwQ0wqnDDMi-_nqhutQ0ONUbruFxD0-bGPA3RLD9MxnV3XQGNGjXFzj7hqAQauMfHafpxwgDIEYAcWfBtE32aGB9_bxZrY8E2slVewgeS6yws88svVeMAmGPQEGqIrOrqphrXLbmWMcWg6Ixey-FyuliVC6n2ECOpeUOnI3zd3u2YXwLZrTeYxh6zaRuU-ht2zLmkisse4EaaJvcnYB1ET9IBE-LI8SxLbutQtDAe4kiSkCAwEAAaOCBAswggQHMCcGCSsGAQQBgjcVCgQaMBgwCgYIKwYBBQUHAwEwCgYIKwYBBQUHAwIwPQYJKwYBBAGCNxUHBDAwLgYmKwYBBAGCNxUIhpDjDYTVtHiE8Ys-hZvdFs6dEoFggvX2K4Py0SACAWQCAQowggHaBggrBgEFBQcBAQSCAcwwggHIMGYGCCsGAQUFBzAChlpodHRwOi8vY3JsLm1pY3Jvc29mdC5jb20vcGtpaW5mcmEvQ2VydHMvQkwyUEtJSU5UQ0EwMS5BTUUuR0JMX0FNRSUyMEluZnJhJTIwQ0ElMjAwMig0KS5jcnQwVgYIKwYBBQUHMAKGSmh0dHA6Ly9jcmwxLmFtZS5nYmwvYWlhL0JMMlBLSUlOVENBMDEuQU1FLkdCTF9BTUUlMjBJbmZyYSUyMENBJTIwMDIoNCkuY3J0MFYGCCsGAQUFBzAChkpodHRwOi8vY3JsMi5hbWUuZ2JsL2FpYS9CTDJQS0lJTlRDQTAxLkFNRS5HQkxfQU1FJTIwSW5mcmElMjBDQSUyMDAyKDQpLmNydDBWBggrBgEFBQcwAoZKaHR0cDovL2NybDMuYW1lLmdibC9haWEvQkwyUEtJSU5UQ0EwMS5BTUUuR0JMX0FNRSUyMEluZnJhJTIwQ0ElMjAwMig0KS5jcnQwVgYIKwYBBQUHMAKGSmh0dHA6Ly9jcmw0LmFtZS5nYmwvYWlhL0JMMlBLSUlOVENBMDEuQU1FLkdCTF9BTUUlMjBJbmZyYSUyMENBJTIwMDIoNCkuY3J0MB0GA1UdDgQWBBQBTTHZD8UzTofzBwHZRpdtw5XpXjAOBgNVHQ8BAf8EBAMCBaAwggE1BgNVHR8EggEsMIIBKDCCASSgggEgoIIBHIZCaHR0cDovL2NybC5taWNyb3NvZnQuY29tL3BraWluZnJhL0NSTC9BTUUlMjBJbmZyYSUyMENBJTIwMDIoNCkuY3JshjRodHRwOi8vY3JsMS5hbWUuZ2JsL2NybC9BTUUlMjBJbmZyYSUyMENBJTIwMDIoNCkuY3JshjRodHRwOi8vY3JsMi5hbWUuZ2JsL2NybC9BTUUlMjBJbmZyYSUyMENBJTIwMDIoNCkuY3JshjRodHRwOi8vY3JsMy5hbWUuZ2JsL2NybC9BTUUlMjBJbmZyYSUyMENBJTIwMDIoNCkuY3JshjRodHRwOi8vY3JsNC5hbWUuZ2JsL2NybC9BTUUlMjBJbmZyYSUyMENBJTIwMDIoNCkuY3JsMBcGA1UdIAQQMA4wDAYKKwYBBAGCN3sBATAfBgNVHSMEGDAWgBSuecJrXSWIEwb2BwnDl3x7l48dVTAdBgNVHSUEFjAUBggrBgEFBQcDAQYIKwYBBQUHAwIwDQYJKoZIhvcNAQELBQADggEBAD3Zm_z6dHneGOQPVVe1FxHrV2xvtqbjaKZAuH5rSpWUw_DJdOSV4cWnP6mHzxkPNq64LVAwgyif18NOtR825NodQN7r_Il0fGIykE4rt-M_xIqddJaoXHzIGUQ0uCofzHWG-wdvSYVhlbFFtTckqYtEA9-qW-eTU2K1wu1OQ8ry_XahL8OpgJsribT6ANlH0I5odhgLdzGhwvBWfM1-xaqN8ieQA5l7FdmYeOrZYwzX4Lc-478HHPVhkKgLr6pn1L-WJJ1mMn_PPXo4c6q34Uw6i0kyVgPeot9rO0FSHhj-YxHTde4eXuk4k1VEx6v56KK89p9N2LCqwkWf75r3Vdk&s=jP_aI105rkkfmxnBivNeK2k3lKTD3sNtJCPs8FfzxQHzIld_pNgkALsmB30Bwqz2x8TDlvAxZgKnPuOaEFFwDZwEBV27e8RtswTmDeZaLCe1L9fYJ7BPMbiWK9CnoYoVBXZLBVLCKPKh7lJwZ8dD2KrYC575G9YXmgzDWKHPEytJ6xenoAhQO74_g1LyH4ibw5TtW4v3H1zUbK743ZUhCayUeg8AwOYIhXUiFqU4Z840Aa9QBhT2RV28e_uD9Lc8r69BJNsCV2hwyJt48m9U9_4A5ECv1pnp7vaQMoxeJ9g2kg58dk4EqfZ_QnVftICUOo905J5_3Wtcr3KNEqtOhg&h=5KdnENU_yfsKMRhYYtEIZDo4YqJeKiXIW99Jl6ocjO8"
        ],
        "Retry-After": [
          "15"
        ],
        "x-ms-ratelimit-remaining-subscription-reads": [
          "11995"
        ],
        "x-ms-request-id": [
          "8a0a2796-88c0-42b0-95c4-55e27725d720"
        ],
        "x-ms-correlation-request-id": [
          "8a0a2796-88c0-42b0-95c4-55e27725d720"
        ],
        "x-ms-routing-request-id": [
          "SOUTHEASTASIA:20230929T043854Z:8a0a2796-88c0-42b0-95c4-55e27725d720"
        ],
        "Strict-Transport-Security": [
          "max-age=31536000; includeSubDomains"
        ],
        "X-Content-Type-Options": [
          "nosniff"
        ],
        "Date": [
          "Fri, 29 Sep 2023 04:38:54 GMT"
        ],
        "Expires": [
          "-1"
        ],
        "Content-Length": [
          "0"
        ]
      },
      "ResponseBody": "",
      "StatusCode": 202
    },
    {
      "RequestUri": "/subscriptions/9e223dbe-3399-4e19-88eb-0975f02ac87f/operationresults/eyJqb2JJZCI6IlJFU09VUkNFR1JPVVBERUxFVElPTkpPQi1QUzg3MjQtV0VTVFVTIiwiam9iTG9jYXRpb24iOiJ3ZXN0dXMifQ?api-version=2016-09-01&t=638315591348353451&c=MIIHHjCCBgagAwIBAgITfwHPGb2PGVTN4z3FUwAEAc8ZvTANBgkqhkiG9w0BAQsFADBEMRMwEQYKCZImiZPyLGQBGRYDR0JMMRMwEQYKCZImiZPyLGQBGRYDQU1FMRgwFgYDVQQDEw9BTUUgSW5mcmEgQ0EgMDIwHhcNMjMwODAyMDYzNjM2WhcNMjQwNzI3MDYzNjM2WjBAMT4wPAYDVQQDEzVhc3luY29wZXJhdGlvbnNpZ25pbmdjZXJ0aWZpY2F0ZS5tYW5hZ2VtZW50LmF6dXJlLmNvbTCCASIwDQYJKoZIhvcNAQEBBQADggEPADCCAQoCggEBALA8WMmmEO1CwTnKvAtvibQoh9fKt-nYVdbvRtzIlm4z19BYYfDibvj6l1viYhNR3bs53c9d8fIWknmMKcHdJpnnDk-sfLAVWjMNWlp_buwQ0wqnDDMi-_nqhutQ0ONUbruFxD0-bGPA3RLD9MxnV3XQGNGjXFzj7hqAQauMfHafpxwgDIEYAcWfBtE32aGB9_bxZrY8E2slVewgeS6yws88svVeMAmGPQEGqIrOrqphrXLbmWMcWg6Ixey-FyuliVC6n2ECOpeUOnI3zd3u2YXwLZrTeYxh6zaRuU-ht2zLmkisse4EaaJvcnYB1ET9IBE-LI8SxLbutQtDAe4kiSkCAwEAAaOCBAswggQHMCcGCSsGAQQBgjcVCgQaMBgwCgYIKwYBBQUHAwEwCgYIKwYBBQUHAwIwPQYJKwYBBAGCNxUHBDAwLgYmKwYBBAGCNxUIhpDjDYTVtHiE8Ys-hZvdFs6dEoFggvX2K4Py0SACAWQCAQowggHaBggrBgEFBQcBAQSCAcwwggHIMGYGCCsGAQUFBzAChlpodHRwOi8vY3JsLm1pY3Jvc29mdC5jb20vcGtpaW5mcmEvQ2VydHMvQkwyUEtJSU5UQ0EwMS5BTUUuR0JMX0FNRSUyMEluZnJhJTIwQ0ElMjAwMig0KS5jcnQwVgYIKwYBBQUHMAKGSmh0dHA6Ly9jcmwxLmFtZS5nYmwvYWlhL0JMMlBLSUlOVENBMDEuQU1FLkdCTF9BTUUlMjBJbmZyYSUyMENBJTIwMDIoNCkuY3J0MFYGCCsGAQUFBzAChkpodHRwOi8vY3JsMi5hbWUuZ2JsL2FpYS9CTDJQS0lJTlRDQTAxLkFNRS5HQkxfQU1FJTIwSW5mcmElMjBDQSUyMDAyKDQpLmNydDBWBggrBgEFBQcwAoZKaHR0cDovL2NybDMuYW1lLmdibC9haWEvQkwyUEtJSU5UQ0EwMS5BTUUuR0JMX0FNRSUyMEluZnJhJTIwQ0ElMjAwMig0KS5jcnQwVgYIKwYBBQUHMAKGSmh0dHA6Ly9jcmw0LmFtZS5nYmwvYWlhL0JMMlBLSUlOVENBMDEuQU1FLkdCTF9BTUUlMjBJbmZyYSUyMENBJTIwMDIoNCkuY3J0MB0GA1UdDgQWBBQBTTHZD8UzTofzBwHZRpdtw5XpXjAOBgNVHQ8BAf8EBAMCBaAwggE1BgNVHR8EggEsMIIBKDCCASSgggEgoIIBHIZCaHR0cDovL2NybC5taWNyb3NvZnQuY29tL3BraWluZnJhL0NSTC9BTUUlMjBJbmZyYSUyMENBJTIwMDIoNCkuY3JshjRodHRwOi8vY3JsMS5hbWUuZ2JsL2NybC9BTUUlMjBJbmZyYSUyMENBJTIwMDIoNCkuY3JshjRodHRwOi8vY3JsMi5hbWUuZ2JsL2NybC9BTUUlMjBJbmZyYSUyMENBJTIwMDIoNCkuY3JshjRodHRwOi8vY3JsMy5hbWUuZ2JsL2NybC9BTUUlMjBJbmZyYSUyMENBJTIwMDIoNCkuY3JshjRodHRwOi8vY3JsNC5hbWUuZ2JsL2NybC9BTUUlMjBJbmZyYSUyMENBJTIwMDIoNCkuY3JsMBcGA1UdIAQQMA4wDAYKKwYBBAGCN3sBATAfBgNVHSMEGDAWgBSuecJrXSWIEwb2BwnDl3x7l48dVTAdBgNVHSUEFjAUBggrBgEFBQcDAQYIKwYBBQUHAwIwDQYJKoZIhvcNAQELBQADggEBAD3Zm_z6dHneGOQPVVe1FxHrV2xvtqbjaKZAuH5rSpWUw_DJdOSV4cWnP6mHzxkPNq64LVAwgyif18NOtR825NodQN7r_Il0fGIykE4rt-M_xIqddJaoXHzIGUQ0uCofzHWG-wdvSYVhlbFFtTckqYtEA9-qW-eTU2K1wu1OQ8ry_XahL8OpgJsribT6ANlH0I5odhgLdzGhwvBWfM1-xaqN8ieQA5l7FdmYeOrZYwzX4Lc-478HHPVhkKgLr6pn1L-WJJ1mMn_PPXo4c6q34Uw6i0kyVgPeot9rO0FSHhj-YxHTde4eXuk4k1VEx6v56KK89p9N2LCqwkWf75r3Vdk&s=jP_aI105rkkfmxnBivNeK2k3lKTD3sNtJCPs8FfzxQHzIld_pNgkALsmB30Bwqz2x8TDlvAxZgKnPuOaEFFwDZwEBV27e8RtswTmDeZaLCe1L9fYJ7BPMbiWK9CnoYoVBXZLBVLCKPKh7lJwZ8dD2KrYC575G9YXmgzDWKHPEytJ6xenoAhQO74_g1LyH4ibw5TtW4v3H1zUbK743ZUhCayUeg8AwOYIhXUiFqU4Z840Aa9QBhT2RV28e_uD9Lc8r69BJNsCV2hwyJt48m9U9_4A5ECv1pnp7vaQMoxeJ9g2kg58dk4EqfZ_QnVftICUOo905J5_3Wtcr3KNEqtOhg&h=5KdnENU_yfsKMRhYYtEIZDo4YqJeKiXIW99Jl6ocjO8",
      "EncodedRequestUri": "L3N1YnNjcmlwdGlvbnMvOWUyMjNkYmUtMzM5OS00ZTE5LTg4ZWItMDk3NWYwMmFjODdmL29wZXJhdGlvbnJlc3VsdHMvZXlKcWIySkpaQ0k2SWxKRlUwOVZVa05GUjFKUFZWQkVSVXhGVkVsUFRrcFBRaTFRVXpnM01qUXRWMFZUVkZWVElpd2lhbTlpVEc5allYUnBiMjRpT2lKM1pYTjBkWE1pZlE/YXBpLXZlcnNpb249MjAxNi0wOS0wMSZ0PTYzODMxNTU5MTM0ODM1MzQ1MSZjPU1JSUhIakNDQmdhZ0F3SUJBZ0lUZndIUEdiMlBHVlRONHozRlV3QUVBYzhadlRBTkJna3Foa2lHOXcwQkFRc0ZBREJFTVJNd0VRWUtDWkltaVpQeUxHUUJHUllEUjBKTU1STXdFUVlLQ1pJbWlaUHlMR1FCR1JZRFFVMUZNUmd3RmdZRFZRUURFdzlCVFVVZ1NXNW1jbUVnUTBFZ01ESXdIaGNOTWpNd09EQXlNRFl6TmpNMldoY05NalF3TnpJM01EWXpOak0yV2pCQU1UNHdQQVlEVlFRREV6VmhjM2x1WTI5d1pYSmhkR2x2Ym5OcFoyNXBibWRqWlhKMGFXWnBZMkYwWlM1dFlXNWhaMlZ0Wlc1MExtRjZkWEpsTG1OdmJUQ0NBU0l3RFFZSktvWklodmNOQVFFQkJRQURnZ0VQQURDQ0FRb0NnZ0VCQUxBOFdNbW1FTzFDd1RuS3ZBdHZpYlFvaDlmS3QtbllWZGJ2UnR6SWxtNHoxOUJZWWZEaWJ2ajZsMXZpWWhOUjNiczUzYzlkOGZJV2tubU1LY0hkSnBubkRrLXNmTEFWV2pNTldscF9idXdRMHdxbkRETWktX25xaHV0UTBPTlVicnVGeEQwLWJHUEEzUkxEOU14blYzWFFHTkdqWEZ6ajdocUFRYXVNZkhhZnB4d2dESUVZQWNXZkJ0RTMyYUdCOV9ieFpyWThFMnNsVmV3Z2VTNnl3czg4c3ZWZU1BbUdQUUVHcUlyT3JxcGhyWExibVdNY1dnNkl4ZXktRnl1bGlWQzZuMkVDT3BlVU9uSTN6ZDN1MllYd0xaclRlWXhoNnphUnVVLWh0MnpMbWtpc3NlNEVhYUp2Y25ZQjFFVDlJQkUtTEk4U3hMYnV0UXREQWU0a2lTa0NBd0VBQWFPQ0JBc3dnZ1FITUNjR0NTc0dBUVFCZ2pjVkNnUWFNQmd3Q2dZSUt3WUJCUVVIQXdFd0NnWUlLd1lCQlFVSEF3SXdQUVlKS3dZQkJBR0NOeFVIQkRBd0xnWW1Ld1lCQkFHQ054VUlocERqRFlUVnRIaUU4WXMtaFp2ZEZzNmRFb0ZnZ3ZYMks0UHkwU0FDQVdRQ0FRb3dnZ0hhQmdnckJnRUZCUWNCQVFTQ0Fjd3dnZ0hJTUdZR0NDc0dBUVVGQnpBQ2hscG9kSFJ3T2k4dlkzSnNMbTFwWTNKdmMyOW1kQzVqYjIwdmNHdHBhVzVtY21FdlEyVnlkSE12UWt3eVVFdEpTVTVVUTBFd01TNUJUVVV1UjBKTVgwRk5SU1V5TUVsdVpuSmhKVEl3UTBFbE1qQXdNaWcwS1M1amNuUXdWZ1lJS3dZQkJRVUhNQUtHU21oMGRIQTZMeTlqY213eExtRnRaUzVuWW13dllXbGhMMEpNTWxCTFNVbE9WRU5CTURFdVFVMUZMa2RDVEY5QlRVVWxNakJKYm1aeVlTVXlNRU5CSlRJd01ESW9OQ2t1WTNKME1GWUdDQ3NHQVFVRkJ6QUNoa3BvZEhSd09pOHZZM0pzTWk1aGJXVXVaMkpzTDJGcFlTOUNUREpRUzBsSlRsUkRRVEF4TGtGTlJTNUhRa3hmUVUxRkpUSXdTVzVtY21FbE1qQkRRU1V5TURBeUtEUXBMbU55ZERCV0JnZ3JCZ0VGQlFjd0FvWkthSFIwY0RvdkwyTnliRE11WVcxbExtZGliQzloYVdFdlFrd3lVRXRKU1U1VVEwRXdNUzVCVFVVdVIwSk1YMEZOUlNVeU1FbHVabkpoSlRJd1EwRWxNakF3TWlnMEtTNWpjblF3VmdZSUt3WUJCUVVITUFLR1NtaDBkSEE2THk5amNtdzBMbUZ0WlM1blltd3ZZV2xoTDBKTU1sQkxTVWxPVkVOQk1ERXVRVTFGTGtkQ1RGOUJUVVVsTWpCSmJtWnlZU1V5TUVOQkpUSXdNRElvTkNrdVkzSjBNQjBHQTFVZERnUVdCQlFCVFRIWkQ4VXpUb2Z6QndIWlJwZHR3NVhwWGpBT0JnTlZIUThCQWY4RUJBTUNCYUF3Z2dFMUJnTlZIUjhFZ2dFc01JSUJLRENDQVNTZ2dnRWdvSUlCSElaQ2FIUjBjRG92TDJOeWJDNXRhV055YjNOdlpuUXVZMjl0TDNCcmFXbHVabkpoTDBOU1RDOUJUVVVsTWpCSmJtWnlZU1V5TUVOQkpUSXdNRElvTkNrdVkzSnNoalJvZEhSd09pOHZZM0pzTVM1aGJXVXVaMkpzTDJOeWJDOUJUVVVsTWpCSmJtWnlZU1V5TUVOQkpUSXdNRElvTkNrdVkzSnNoalJvZEhSd09pOHZZM0pzTWk1aGJXVXVaMkpzTDJOeWJDOUJUVVVsTWpCSmJtWnlZU1V5TUVOQkpUSXdNRElvTkNrdVkzSnNoalJvZEhSd09pOHZZM0pzTXk1aGJXVXVaMkpzTDJOeWJDOUJUVVVsTWpCSmJtWnlZU1V5TUVOQkpUSXdNRElvTkNrdVkzSnNoalJvZEhSd09pOHZZM0pzTkM1aGJXVXVaMkpzTDJOeWJDOUJUVVVsTWpCSmJtWnlZU1V5TUVOQkpUSXdNRElvTkNrdVkzSnNNQmNHQTFVZElBUVFNQTR3REFZS0t3WUJCQUdDTjNzQkFUQWZCZ05WSFNNRUdEQVdnQlN1ZWNKclhTV0lFd2IyQnduRGwzeDdsNDhkVlRBZEJnTlZIU1VFRmpBVUJnZ3JCZ0VGQlFjREFRWUlLd1lCQlFVSEF3SXdEUVlKS29aSWh2Y05BUUVMQlFBRGdnRUJBRDNabV96NmRIbmVHT1FQVlZlMUZ4SHJWMnh2dHFiamFLWkF1SDVyU3BXVXdfREpkT1NWNGNXblA2bUh6eGtQTnE2NExWQXdneWlmMThOT3RSODI1Tm9kUU43cl9JbDBmR0l5a0U0cnQtTV94SXFkZEphb1hIeklHVVEwdUNvZnpIV0ctd2R2U1lWaGxiRkZ0VGNrcVl0RUE5LXFXLWVUVTJLMXd1MU9ROHJ5X1hhaEw4T3BnSnNyaWJUNkFObEgwSTVvZGhnTGR6R2h3dkJXZk0xLXhhcU44aWVRQTVsN0ZkbVllT3JaWXd6WDRMYy00NzhISFBWaGtLZ0xyNnBuMUwtV0pKMW1Nbl9QUFhvNGM2cTM0VXc2aTBreVZnUGVvdDlyTzBGU0hoai1ZeEhUZGU0ZVh1azRrMVZFeDZ2NTZLSzg5cDlOMkxDcXdrV2Y3NXIzVmRrJnM9alBfYUkxMDVya2tmbXhuQml2TmVLMmszbEtURDNzTnRKQ1BzOEZmenhRSHpJbGRfcE5na0FMc21CMzBCd3F6Mng4VERsdkF4WmdLblB1T2FFRkZ3RFp3RUJWMjdlOFJ0c3dUbURlWmFMQ2UxTDlmWUo3QlBNYmlXSzlDbm9Zb1ZCWFpMQlZMQ0tQS2g3bEp3WjhkRDJLcllDNTc1RzlZWG1nekRXS0hQRXl0SjZ4ZW5vQWhRTzc0X2cxTHlINGlidzVUdFc0djNIMXpVYks3NDNaVWhDYXlVZWc4QXdPWUloWFVpRnFVNFo4NDBBYTlRQmhUMlJWMjhlX3VEOUxjOHI2OUJKTnNDVjJod3lKdDQ4bTlVOV80QTVFQ3YxcG5wN3ZhUU1veGVKOWcya2c1OGRrNEVxZlpfUW5WZnRJQ1VPbzkwNUo1XzNXdGNyM0tORXF0T2hnJmg9NUtkbkVOVV95ZnNLTVJoWVl0RUlaRG80WXFKZUtpWElXOTlKbDZvY2pPOA==",
      "RequestMethod": "GET",
      "RequestHeaders": {
        "User-Agent": [
          "FxVersion/6.0.2223.42425",
          "OSName/Windows",
          "OSVersion/Microsoft.Windows.10.0.22621",
          "Microsoft.Azure.Management.Internal.Resources.ResourceManagementClient/1.3.86"
        ]
      },
      "RequestBody": "",
      "ResponseHeaders": {
        "Cache-Control": [
          "no-cache"
        ],
        "Pragma": [
          "no-cache"
        ],
        "Location": [
          "https://management.azure.com/subscriptions/9e223dbe-3399-4e19-88eb-0975f02ac87f/operationresults/eyJqb2JJZCI6IlJFU09VUkNFR1JPVVBERUxFVElPTkpPQi1QUzg3MjQtV0VTVFVTIiwiam9iTG9jYXRpb24iOiJ3ZXN0dXMifQ?api-version=2016-09-01&t=638315591503050638&c=MIIHHjCCBgagAwIBAgITfwHPGb2PGVTN4z3FUwAEAc8ZvTANBgkqhkiG9w0BAQsFADBEMRMwEQYKCZImiZPyLGQBGRYDR0JMMRMwEQYKCZImiZPyLGQBGRYDQU1FMRgwFgYDVQQDEw9BTUUgSW5mcmEgQ0EgMDIwHhcNMjMwODAyMDYzNjM2WhcNMjQwNzI3MDYzNjM2WjBAMT4wPAYDVQQDEzVhc3luY29wZXJhdGlvbnNpZ25pbmdjZXJ0aWZpY2F0ZS5tYW5hZ2VtZW50LmF6dXJlLmNvbTCCASIwDQYJKoZIhvcNAQEBBQADggEPADCCAQoCggEBALA8WMmmEO1CwTnKvAtvibQoh9fKt-nYVdbvRtzIlm4z19BYYfDibvj6l1viYhNR3bs53c9d8fIWknmMKcHdJpnnDk-sfLAVWjMNWlp_buwQ0wqnDDMi-_nqhutQ0ONUbruFxD0-bGPA3RLD9MxnV3XQGNGjXFzj7hqAQauMfHafpxwgDIEYAcWfBtE32aGB9_bxZrY8E2slVewgeS6yws88svVeMAmGPQEGqIrOrqphrXLbmWMcWg6Ixey-FyuliVC6n2ECOpeUOnI3zd3u2YXwLZrTeYxh6zaRuU-ht2zLmkisse4EaaJvcnYB1ET9IBE-LI8SxLbutQtDAe4kiSkCAwEAAaOCBAswggQHMCcGCSsGAQQBgjcVCgQaMBgwCgYIKwYBBQUHAwEwCgYIKwYBBQUHAwIwPQYJKwYBBAGCNxUHBDAwLgYmKwYBBAGCNxUIhpDjDYTVtHiE8Ys-hZvdFs6dEoFggvX2K4Py0SACAWQCAQowggHaBggrBgEFBQcBAQSCAcwwggHIMGYGCCsGAQUFBzAChlpodHRwOi8vY3JsLm1pY3Jvc29mdC5jb20vcGtpaW5mcmEvQ2VydHMvQkwyUEtJSU5UQ0EwMS5BTUUuR0JMX0FNRSUyMEluZnJhJTIwQ0ElMjAwMig0KS5jcnQwVgYIKwYBBQUHMAKGSmh0dHA6Ly9jcmwxLmFtZS5nYmwvYWlhL0JMMlBLSUlOVENBMDEuQU1FLkdCTF9BTUUlMjBJbmZyYSUyMENBJTIwMDIoNCkuY3J0MFYGCCsGAQUFBzAChkpodHRwOi8vY3JsMi5hbWUuZ2JsL2FpYS9CTDJQS0lJTlRDQTAxLkFNRS5HQkxfQU1FJTIwSW5mcmElMjBDQSUyMDAyKDQpLmNydDBWBggrBgEFBQcwAoZKaHR0cDovL2NybDMuYW1lLmdibC9haWEvQkwyUEtJSU5UQ0EwMS5BTUUuR0JMX0FNRSUyMEluZnJhJTIwQ0ElMjAwMig0KS5jcnQwVgYIKwYBBQUHMAKGSmh0dHA6Ly9jcmw0LmFtZS5nYmwvYWlhL0JMMlBLSUlOVENBMDEuQU1FLkdCTF9BTUUlMjBJbmZyYSUyMENBJTIwMDIoNCkuY3J0MB0GA1UdDgQWBBQBTTHZD8UzTofzBwHZRpdtw5XpXjAOBgNVHQ8BAf8EBAMCBaAwggE1BgNVHR8EggEsMIIBKDCCASSgggEgoIIBHIZCaHR0cDovL2NybC5taWNyb3NvZnQuY29tL3BraWluZnJhL0NSTC9BTUUlMjBJbmZyYSUyMENBJTIwMDIoNCkuY3JshjRodHRwOi8vY3JsMS5hbWUuZ2JsL2NybC9BTUUlMjBJbmZyYSUyMENBJTIwMDIoNCkuY3JshjRodHRwOi8vY3JsMi5hbWUuZ2JsL2NybC9BTUUlMjBJbmZyYSUyMENBJTIwMDIoNCkuY3JshjRodHRwOi8vY3JsMy5hbWUuZ2JsL2NybC9BTUUlMjBJbmZyYSUyMENBJTIwMDIoNCkuY3JshjRodHRwOi8vY3JsNC5hbWUuZ2JsL2NybC9BTUUlMjBJbmZyYSUyMENBJTIwMDIoNCkuY3JsMBcGA1UdIAQQMA4wDAYKKwYBBAGCN3sBATAfBgNVHSMEGDAWgBSuecJrXSWIEwb2BwnDl3x7l48dVTAdBgNVHSUEFjAUBggrBgEFBQcDAQYIKwYBBQUHAwIwDQYJKoZIhvcNAQELBQADggEBAD3Zm_z6dHneGOQPVVe1FxHrV2xvtqbjaKZAuH5rSpWUw_DJdOSV4cWnP6mHzxkPNq64LVAwgyif18NOtR825NodQN7r_Il0fGIykE4rt-M_xIqddJaoXHzIGUQ0uCofzHWG-wdvSYVhlbFFtTckqYtEA9-qW-eTU2K1wu1OQ8ry_XahL8OpgJsribT6ANlH0I5odhgLdzGhwvBWfM1-xaqN8ieQA5l7FdmYeOrZYwzX4Lc-478HHPVhkKgLr6pn1L-WJJ1mMn_PPXo4c6q34Uw6i0kyVgPeot9rO0FSHhj-YxHTde4eXuk4k1VEx6v56KK89p9N2LCqwkWf75r3Vdk&s=YMHbzP5hYmLrWnoO2CcIRMr79aLTTF4mXgeim5YNppck4r0XkvvXEj2RKU--dv3auUjiBwZ0ZBu5n-r6aiKtj0nh36myxnWRGaAiP79YD6EPUgznrJvPLy4l7bWIm3YG0XMsfbNb3s6gjz6yJW3cBJezBFgdz2Gh3Lojzod0EnUwKNTZqzkZpdoFoMx_CpJlO6RvzX_x_-bDJYBNVurkdt5_4oWhYO5vYTa6qsmbAkbAxINVPGoK5B_jnp-1HnPpagE1JZPFMeykyJ0nZvkVwpjdqOPxb0T0s0Tga55RT5DAtPCmnnthQhcv5YqHE6geHblgoFsWZu2vGZVmGNpMsw&h=FyFOfLRgAcrTzE9Zp6RdjqR_Yns2maoz6ah75QCO15w"
        ],
        "Retry-After": [
          "15"
        ],
        "x-ms-ratelimit-remaining-subscription-reads": [
          "11994"
        ],
        "x-ms-request-id": [
          "6c85f03d-68a7-4628-b3fc-27199efa1878"
        ],
        "x-ms-correlation-request-id": [
          "6c85f03d-68a7-4628-b3fc-27199efa1878"
        ],
        "x-ms-routing-request-id": [
          "SOUTHEASTASIA:20230929T043910Z:6c85f03d-68a7-4628-b3fc-27199efa1878"
        ],
        "Strict-Transport-Security": [
          "max-age=31536000; includeSubDomains"
        ],
        "X-Content-Type-Options": [
          "nosniff"
        ],
        "Date": [
          "Fri, 29 Sep 2023 04:39:09 GMT"
        ],
        "Expires": [
          "-1"
        ],
        "Content-Length": [
          "0"
        ]
      },
      "ResponseBody": "",
      "StatusCode": 202
    },
    {
      "RequestUri": "/subscriptions/9e223dbe-3399-4e19-88eb-0975f02ac87f/operationresults/eyJqb2JJZCI6IlJFU09VUkNFR1JPVVBERUxFVElPTkpPQi1QUzg3MjQtV0VTVFVTIiwiam9iTG9jYXRpb24iOiJ3ZXN0dXMifQ?api-version=2016-09-01&t=638315591503050638&c=MIIHHjCCBgagAwIBAgITfwHPGb2PGVTN4z3FUwAEAc8ZvTANBgkqhkiG9w0BAQsFADBEMRMwEQYKCZImiZPyLGQBGRYDR0JMMRMwEQYKCZImiZPyLGQBGRYDQU1FMRgwFgYDVQQDEw9BTUUgSW5mcmEgQ0EgMDIwHhcNMjMwODAyMDYzNjM2WhcNMjQwNzI3MDYzNjM2WjBAMT4wPAYDVQQDEzVhc3luY29wZXJhdGlvbnNpZ25pbmdjZXJ0aWZpY2F0ZS5tYW5hZ2VtZW50LmF6dXJlLmNvbTCCASIwDQYJKoZIhvcNAQEBBQADggEPADCCAQoCggEBALA8WMmmEO1CwTnKvAtvibQoh9fKt-nYVdbvRtzIlm4z19BYYfDibvj6l1viYhNR3bs53c9d8fIWknmMKcHdJpnnDk-sfLAVWjMNWlp_buwQ0wqnDDMi-_nqhutQ0ONUbruFxD0-bGPA3RLD9MxnV3XQGNGjXFzj7hqAQauMfHafpxwgDIEYAcWfBtE32aGB9_bxZrY8E2slVewgeS6yws88svVeMAmGPQEGqIrOrqphrXLbmWMcWg6Ixey-FyuliVC6n2ECOpeUOnI3zd3u2YXwLZrTeYxh6zaRuU-ht2zLmkisse4EaaJvcnYB1ET9IBE-LI8SxLbutQtDAe4kiSkCAwEAAaOCBAswggQHMCcGCSsGAQQBgjcVCgQaMBgwCgYIKwYBBQUHAwEwCgYIKwYBBQUHAwIwPQYJKwYBBAGCNxUHBDAwLgYmKwYBBAGCNxUIhpDjDYTVtHiE8Ys-hZvdFs6dEoFggvX2K4Py0SACAWQCAQowggHaBggrBgEFBQcBAQSCAcwwggHIMGYGCCsGAQUFBzAChlpodHRwOi8vY3JsLm1pY3Jvc29mdC5jb20vcGtpaW5mcmEvQ2VydHMvQkwyUEtJSU5UQ0EwMS5BTUUuR0JMX0FNRSUyMEluZnJhJTIwQ0ElMjAwMig0KS5jcnQwVgYIKwYBBQUHMAKGSmh0dHA6Ly9jcmwxLmFtZS5nYmwvYWlhL0JMMlBLSUlOVENBMDEuQU1FLkdCTF9BTUUlMjBJbmZyYSUyMENBJTIwMDIoNCkuY3J0MFYGCCsGAQUFBzAChkpodHRwOi8vY3JsMi5hbWUuZ2JsL2FpYS9CTDJQS0lJTlRDQTAxLkFNRS5HQkxfQU1FJTIwSW5mcmElMjBDQSUyMDAyKDQpLmNydDBWBggrBgEFBQcwAoZKaHR0cDovL2NybDMuYW1lLmdibC9haWEvQkwyUEtJSU5UQ0EwMS5BTUUuR0JMX0FNRSUyMEluZnJhJTIwQ0ElMjAwMig0KS5jcnQwVgYIKwYBBQUHMAKGSmh0dHA6Ly9jcmw0LmFtZS5nYmwvYWlhL0JMMlBLSUlOVENBMDEuQU1FLkdCTF9BTUUlMjBJbmZyYSUyMENBJTIwMDIoNCkuY3J0MB0GA1UdDgQWBBQBTTHZD8UzTofzBwHZRpdtw5XpXjAOBgNVHQ8BAf8EBAMCBaAwggE1BgNVHR8EggEsMIIBKDCCASSgggEgoIIBHIZCaHR0cDovL2NybC5taWNyb3NvZnQuY29tL3BraWluZnJhL0NSTC9BTUUlMjBJbmZyYSUyMENBJTIwMDIoNCkuY3JshjRodHRwOi8vY3JsMS5hbWUuZ2JsL2NybC9BTUUlMjBJbmZyYSUyMENBJTIwMDIoNCkuY3JshjRodHRwOi8vY3JsMi5hbWUuZ2JsL2NybC9BTUUlMjBJbmZyYSUyMENBJTIwMDIoNCkuY3JshjRodHRwOi8vY3JsMy5hbWUuZ2JsL2NybC9BTUUlMjBJbmZyYSUyMENBJTIwMDIoNCkuY3JshjRodHRwOi8vY3JsNC5hbWUuZ2JsL2NybC9BTUUlMjBJbmZyYSUyMENBJTIwMDIoNCkuY3JsMBcGA1UdIAQQMA4wDAYKKwYBBAGCN3sBATAfBgNVHSMEGDAWgBSuecJrXSWIEwb2BwnDl3x7l48dVTAdBgNVHSUEFjAUBggrBgEFBQcDAQYIKwYBBQUHAwIwDQYJKoZIhvcNAQELBQADggEBAD3Zm_z6dHneGOQPVVe1FxHrV2xvtqbjaKZAuH5rSpWUw_DJdOSV4cWnP6mHzxkPNq64LVAwgyif18NOtR825NodQN7r_Il0fGIykE4rt-M_xIqddJaoXHzIGUQ0uCofzHWG-wdvSYVhlbFFtTckqYtEA9-qW-eTU2K1wu1OQ8ry_XahL8OpgJsribT6ANlH0I5odhgLdzGhwvBWfM1-xaqN8ieQA5l7FdmYeOrZYwzX4Lc-478HHPVhkKgLr6pn1L-WJJ1mMn_PPXo4c6q34Uw6i0kyVgPeot9rO0FSHhj-YxHTde4eXuk4k1VEx6v56KK89p9N2LCqwkWf75r3Vdk&s=YMHbzP5hYmLrWnoO2CcIRMr79aLTTF4mXgeim5YNppck4r0XkvvXEj2RKU--dv3auUjiBwZ0ZBu5n-r6aiKtj0nh36myxnWRGaAiP79YD6EPUgznrJvPLy4l7bWIm3YG0XMsfbNb3s6gjz6yJW3cBJezBFgdz2Gh3Lojzod0EnUwKNTZqzkZpdoFoMx_CpJlO6RvzX_x_-bDJYBNVurkdt5_4oWhYO5vYTa6qsmbAkbAxINVPGoK5B_jnp-1HnPpagE1JZPFMeykyJ0nZvkVwpjdqOPxb0T0s0Tga55RT5DAtPCmnnthQhcv5YqHE6geHblgoFsWZu2vGZVmGNpMsw&h=FyFOfLRgAcrTzE9Zp6RdjqR_Yns2maoz6ah75QCO15w",
      "EncodedRequestUri": "L3N1YnNjcmlwdGlvbnMvOWUyMjNkYmUtMzM5OS00ZTE5LTg4ZWItMDk3NWYwMmFjODdmL29wZXJhdGlvbnJlc3VsdHMvZXlKcWIySkpaQ0k2SWxKRlUwOVZVa05GUjFKUFZWQkVSVXhGVkVsUFRrcFBRaTFRVXpnM01qUXRWMFZUVkZWVElpd2lhbTlpVEc5allYUnBiMjRpT2lKM1pYTjBkWE1pZlE/YXBpLXZlcnNpb249MjAxNi0wOS0wMSZ0PTYzODMxNTU5MTUwMzA1MDYzOCZjPU1JSUhIakNDQmdhZ0F3SUJBZ0lUZndIUEdiMlBHVlRONHozRlV3QUVBYzhadlRBTkJna3Foa2lHOXcwQkFRc0ZBREJFTVJNd0VRWUtDWkltaVpQeUxHUUJHUllEUjBKTU1STXdFUVlLQ1pJbWlaUHlMR1FCR1JZRFFVMUZNUmd3RmdZRFZRUURFdzlCVFVVZ1NXNW1jbUVnUTBFZ01ESXdIaGNOTWpNd09EQXlNRFl6TmpNMldoY05NalF3TnpJM01EWXpOak0yV2pCQU1UNHdQQVlEVlFRREV6VmhjM2x1WTI5d1pYSmhkR2x2Ym5OcFoyNXBibWRqWlhKMGFXWnBZMkYwWlM1dFlXNWhaMlZ0Wlc1MExtRjZkWEpsTG1OdmJUQ0NBU0l3RFFZSktvWklodmNOQVFFQkJRQURnZ0VQQURDQ0FRb0NnZ0VCQUxBOFdNbW1FTzFDd1RuS3ZBdHZpYlFvaDlmS3QtbllWZGJ2UnR6SWxtNHoxOUJZWWZEaWJ2ajZsMXZpWWhOUjNiczUzYzlkOGZJV2tubU1LY0hkSnBubkRrLXNmTEFWV2pNTldscF9idXdRMHdxbkRETWktX25xaHV0UTBPTlVicnVGeEQwLWJHUEEzUkxEOU14blYzWFFHTkdqWEZ6ajdocUFRYXVNZkhhZnB4d2dESUVZQWNXZkJ0RTMyYUdCOV9ieFpyWThFMnNsVmV3Z2VTNnl3czg4c3ZWZU1BbUdQUUVHcUlyT3JxcGhyWExibVdNY1dnNkl4ZXktRnl1bGlWQzZuMkVDT3BlVU9uSTN6ZDN1MllYd0xaclRlWXhoNnphUnVVLWh0MnpMbWtpc3NlNEVhYUp2Y25ZQjFFVDlJQkUtTEk4U3hMYnV0UXREQWU0a2lTa0NBd0VBQWFPQ0JBc3dnZ1FITUNjR0NTc0dBUVFCZ2pjVkNnUWFNQmd3Q2dZSUt3WUJCUVVIQXdFd0NnWUlLd1lCQlFVSEF3SXdQUVlKS3dZQkJBR0NOeFVIQkRBd0xnWW1Ld1lCQkFHQ054VUlocERqRFlUVnRIaUU4WXMtaFp2ZEZzNmRFb0ZnZ3ZYMks0UHkwU0FDQVdRQ0FRb3dnZ0hhQmdnckJnRUZCUWNCQVFTQ0Fjd3dnZ0hJTUdZR0NDc0dBUVVGQnpBQ2hscG9kSFJ3T2k4dlkzSnNMbTFwWTNKdmMyOW1kQzVqYjIwdmNHdHBhVzVtY21FdlEyVnlkSE12UWt3eVVFdEpTVTVVUTBFd01TNUJUVVV1UjBKTVgwRk5SU1V5TUVsdVpuSmhKVEl3UTBFbE1qQXdNaWcwS1M1amNuUXdWZ1lJS3dZQkJRVUhNQUtHU21oMGRIQTZMeTlqY213eExtRnRaUzVuWW13dllXbGhMMEpNTWxCTFNVbE9WRU5CTURFdVFVMUZMa2RDVEY5QlRVVWxNakJKYm1aeVlTVXlNRU5CSlRJd01ESW9OQ2t1WTNKME1GWUdDQ3NHQVFVRkJ6QUNoa3BvZEhSd09pOHZZM0pzTWk1aGJXVXVaMkpzTDJGcFlTOUNUREpRUzBsSlRsUkRRVEF4TGtGTlJTNUhRa3hmUVUxRkpUSXdTVzVtY21FbE1qQkRRU1V5TURBeUtEUXBMbU55ZERCV0JnZ3JCZ0VGQlFjd0FvWkthSFIwY0RvdkwyTnliRE11WVcxbExtZGliQzloYVdFdlFrd3lVRXRKU1U1VVEwRXdNUzVCVFVVdVIwSk1YMEZOUlNVeU1FbHVabkpoSlRJd1EwRWxNakF3TWlnMEtTNWpjblF3VmdZSUt3WUJCUVVITUFLR1NtaDBkSEE2THk5amNtdzBMbUZ0WlM1blltd3ZZV2xoTDBKTU1sQkxTVWxPVkVOQk1ERXVRVTFGTGtkQ1RGOUJUVVVsTWpCSmJtWnlZU1V5TUVOQkpUSXdNRElvTkNrdVkzSjBNQjBHQTFVZERnUVdCQlFCVFRIWkQ4VXpUb2Z6QndIWlJwZHR3NVhwWGpBT0JnTlZIUThCQWY4RUJBTUNCYUF3Z2dFMUJnTlZIUjhFZ2dFc01JSUJLRENDQVNTZ2dnRWdvSUlCSElaQ2FIUjBjRG92TDJOeWJDNXRhV055YjNOdlpuUXVZMjl0TDNCcmFXbHVabkpoTDBOU1RDOUJUVVVsTWpCSmJtWnlZU1V5TUVOQkpUSXdNRElvTkNrdVkzSnNoalJvZEhSd09pOHZZM0pzTVM1aGJXVXVaMkpzTDJOeWJDOUJUVVVsTWpCSmJtWnlZU1V5TUVOQkpUSXdNRElvTkNrdVkzSnNoalJvZEhSd09pOHZZM0pzTWk1aGJXVXVaMkpzTDJOeWJDOUJUVVVsTWpCSmJtWnlZU1V5TUVOQkpUSXdNRElvTkNrdVkzSnNoalJvZEhSd09pOHZZM0pzTXk1aGJXVXVaMkpzTDJOeWJDOUJUVVVsTWpCSmJtWnlZU1V5TUVOQkpUSXdNRElvTkNrdVkzSnNoalJvZEhSd09pOHZZM0pzTkM1aGJXVXVaMkpzTDJOeWJDOUJUVVVsTWpCSmJtWnlZU1V5TUVOQkpUSXdNRElvTkNrdVkzSnNNQmNHQTFVZElBUVFNQTR3REFZS0t3WUJCQUdDTjNzQkFUQWZCZ05WSFNNRUdEQVdnQlN1ZWNKclhTV0lFd2IyQnduRGwzeDdsNDhkVlRBZEJnTlZIU1VFRmpBVUJnZ3JCZ0VGQlFjREFRWUlLd1lCQlFVSEF3SXdEUVlKS29aSWh2Y05BUUVMQlFBRGdnRUJBRDNabV96NmRIbmVHT1FQVlZlMUZ4SHJWMnh2dHFiamFLWkF1SDVyU3BXVXdfREpkT1NWNGNXblA2bUh6eGtQTnE2NExWQXdneWlmMThOT3RSODI1Tm9kUU43cl9JbDBmR0l5a0U0cnQtTV94SXFkZEphb1hIeklHVVEwdUNvZnpIV0ctd2R2U1lWaGxiRkZ0VGNrcVl0RUE5LXFXLWVUVTJLMXd1MU9ROHJ5X1hhaEw4T3BnSnNyaWJUNkFObEgwSTVvZGhnTGR6R2h3dkJXZk0xLXhhcU44aWVRQTVsN0ZkbVllT3JaWXd6WDRMYy00NzhISFBWaGtLZ0xyNnBuMUwtV0pKMW1Nbl9QUFhvNGM2cTM0VXc2aTBreVZnUGVvdDlyTzBGU0hoai1ZeEhUZGU0ZVh1azRrMVZFeDZ2NTZLSzg5cDlOMkxDcXdrV2Y3NXIzVmRrJnM9WU1IYnpQNWhZbUxyV25vTzJDY0lSTXI3OWFMVFRGNG1YZ2VpbTVZTnBwY2s0cjBYa3Z2WEVqMlJLVS0tZHYzYXVVamlCd1owWkJ1NW4tcjZhaUt0ajBuaDM2bXl4bldSR2FBaVA3OVlENkVQVWd6bnJKdlBMeTRsN2JXSW0zWUcwWE1zZmJOYjNzNmdqejZ5SlczY0JKZXpCRmdkejJHaDNMb2p6b2QwRW5Vd0tOVFpxemtacGRvRm9NeF9DcEpsTzZSdnpYX3hfLWJESllCTlZ1cmtkdDVfNG9XaFlPNXZZVGE2cXNtYkFrYkF4SU5WUEdvSzVCX2pucC0xSG5QcGFnRTFKWlBGTWV5a3lKMG5admtWd3BqZHFPUHhiMFQwczBUZ2E1NVJUNURBdFBDbW5udGhRaGN2NVlxSEU2Z2VIYmxnb0ZzV1p1MnZHWlZtR05wTXN3Jmg9RnlGT2ZMUmdBY3JUekU5WnA2UmRqcVJfWW5zMm1hb3o2YWg3NVFDTzE1dw==",
      "RequestMethod": "GET",
      "RequestHeaders": {
        "User-Agent": [
          "FxVersion/6.0.2223.42425",
          "OSName/Windows",
          "OSVersion/Microsoft.Windows.10.0.22621",
          "Microsoft.Azure.Management.Internal.Resources.ResourceManagementClient/1.3.86"
        ]
      },
      "RequestBody": "",
      "ResponseHeaders": {
        "Cache-Control": [
          "no-cache"
        ],
        "Pragma": [
          "no-cache"
        ],
        "Location": [
          "https://management.azure.com/subscriptions/9e223dbe-3399-4e19-88eb-0975f02ac87f/operationresults/eyJqb2JJZCI6IlJFU09VUkNFR1JPVVBERUxFVElPTkpPQi1QUzg3MjQtV0VTVFVTIiwiam9iTG9jYXRpb24iOiJ3ZXN0dXMifQ?api-version=2016-09-01&t=638315591657583201&c=MIIHHjCCBgagAwIBAgITfwHPGb2PGVTN4z3FUwAEAc8ZvTANBgkqhkiG9w0BAQsFADBEMRMwEQYKCZImiZPyLGQBGRYDR0JMMRMwEQYKCZImiZPyLGQBGRYDQU1FMRgwFgYDVQQDEw9BTUUgSW5mcmEgQ0EgMDIwHhcNMjMwODAyMDYzNjM2WhcNMjQwNzI3MDYzNjM2WjBAMT4wPAYDVQQDEzVhc3luY29wZXJhdGlvbnNpZ25pbmdjZXJ0aWZpY2F0ZS5tYW5hZ2VtZW50LmF6dXJlLmNvbTCCASIwDQYJKoZIhvcNAQEBBQADggEPADCCAQoCggEBALA8WMmmEO1CwTnKvAtvibQoh9fKt-nYVdbvRtzIlm4z19BYYfDibvj6l1viYhNR3bs53c9d8fIWknmMKcHdJpnnDk-sfLAVWjMNWlp_buwQ0wqnDDMi-_nqhutQ0ONUbruFxD0-bGPA3RLD9MxnV3XQGNGjXFzj7hqAQauMfHafpxwgDIEYAcWfBtE32aGB9_bxZrY8E2slVewgeS6yws88svVeMAmGPQEGqIrOrqphrXLbmWMcWg6Ixey-FyuliVC6n2ECOpeUOnI3zd3u2YXwLZrTeYxh6zaRuU-ht2zLmkisse4EaaJvcnYB1ET9IBE-LI8SxLbutQtDAe4kiSkCAwEAAaOCBAswggQHMCcGCSsGAQQBgjcVCgQaMBgwCgYIKwYBBQUHAwEwCgYIKwYBBQUHAwIwPQYJKwYBBAGCNxUHBDAwLgYmKwYBBAGCNxUIhpDjDYTVtHiE8Ys-hZvdFs6dEoFggvX2K4Py0SACAWQCAQowggHaBggrBgEFBQcBAQSCAcwwggHIMGYGCCsGAQUFBzAChlpodHRwOi8vY3JsLm1pY3Jvc29mdC5jb20vcGtpaW5mcmEvQ2VydHMvQkwyUEtJSU5UQ0EwMS5BTUUuR0JMX0FNRSUyMEluZnJhJTIwQ0ElMjAwMig0KS5jcnQwVgYIKwYBBQUHMAKGSmh0dHA6Ly9jcmwxLmFtZS5nYmwvYWlhL0JMMlBLSUlOVENBMDEuQU1FLkdCTF9BTUUlMjBJbmZyYSUyMENBJTIwMDIoNCkuY3J0MFYGCCsGAQUFBzAChkpodHRwOi8vY3JsMi5hbWUuZ2JsL2FpYS9CTDJQS0lJTlRDQTAxLkFNRS5HQkxfQU1FJTIwSW5mcmElMjBDQSUyMDAyKDQpLmNydDBWBggrBgEFBQcwAoZKaHR0cDovL2NybDMuYW1lLmdibC9haWEvQkwyUEtJSU5UQ0EwMS5BTUUuR0JMX0FNRSUyMEluZnJhJTIwQ0ElMjAwMig0KS5jcnQwVgYIKwYBBQUHMAKGSmh0dHA6Ly9jcmw0LmFtZS5nYmwvYWlhL0JMMlBLSUlOVENBMDEuQU1FLkdCTF9BTUUlMjBJbmZyYSUyMENBJTIwMDIoNCkuY3J0MB0GA1UdDgQWBBQBTTHZD8UzTofzBwHZRpdtw5XpXjAOBgNVHQ8BAf8EBAMCBaAwggE1BgNVHR8EggEsMIIBKDCCASSgggEgoIIBHIZCaHR0cDovL2NybC5taWNyb3NvZnQuY29tL3BraWluZnJhL0NSTC9BTUUlMjBJbmZyYSUyMENBJTIwMDIoNCkuY3JshjRodHRwOi8vY3JsMS5hbWUuZ2JsL2NybC9BTUUlMjBJbmZyYSUyMENBJTIwMDIoNCkuY3JshjRodHRwOi8vY3JsMi5hbWUuZ2JsL2NybC9BTUUlMjBJbmZyYSUyMENBJTIwMDIoNCkuY3JshjRodHRwOi8vY3JsMy5hbWUuZ2JsL2NybC9BTUUlMjBJbmZyYSUyMENBJTIwMDIoNCkuY3JshjRodHRwOi8vY3JsNC5hbWUuZ2JsL2NybC9BTUUlMjBJbmZyYSUyMENBJTIwMDIoNCkuY3JsMBcGA1UdIAQQMA4wDAYKKwYBBAGCN3sBATAfBgNVHSMEGDAWgBSuecJrXSWIEwb2BwnDl3x7l48dVTAdBgNVHSUEFjAUBggrBgEFBQcDAQYIKwYBBQUHAwIwDQYJKoZIhvcNAQELBQADggEBAD3Zm_z6dHneGOQPVVe1FxHrV2xvtqbjaKZAuH5rSpWUw_DJdOSV4cWnP6mHzxkPNq64LVAwgyif18NOtR825NodQN7r_Il0fGIykE4rt-M_xIqddJaoXHzIGUQ0uCofzHWG-wdvSYVhlbFFtTckqYtEA9-qW-eTU2K1wu1OQ8ry_XahL8OpgJsribT6ANlH0I5odhgLdzGhwvBWfM1-xaqN8ieQA5l7FdmYeOrZYwzX4Lc-478HHPVhkKgLr6pn1L-WJJ1mMn_PPXo4c6q34Uw6i0kyVgPeot9rO0FSHhj-YxHTde4eXuk4k1VEx6v56KK89p9N2LCqwkWf75r3Vdk&s=dn5LFIaMX9zpcIxsQ3piSqyIao2IBGjaWNdoj-J1RYIFnoAXKzokbsJdVTodN6TZP2nrDOxsYpjokeZ6RYk-t9udRsilft7tXZtGe_rcelVjn-_cyieHHZ58jjr1OFkzCf6QmT16VxJB7FfagxGn9wwTWtH3AzoSXgdXWuSPLL3tgAo3WpskGAl2rEOQv-nvF09-g-9oRTFlwjywgPOveG8Y29qjaZzIAzofviN9vgzzYAw-JOz_MCxBNBWbPUmHiPzR5Ec3XWag2sEZ90CPMZOcgerlNFWPtM8njq7UyZQSUUpDXN3XxGaZfUPFrbdTLkW5_xODmez4jB1Mpm5HmQ&h=msHGl0CQiB6Sgr_kCG-CNyLIzfQ7pT_Ztp-JduFOi0Q"
        ],
        "Retry-After": [
          "15"
        ],
        "x-ms-ratelimit-remaining-subscription-reads": [
          "11993"
        ],
        "x-ms-request-id": [
          "a2e1bcdf-5240-459f-9f63-521787aeefaf"
        ],
        "x-ms-correlation-request-id": [
          "a2e1bcdf-5240-459f-9f63-521787aeefaf"
        ],
        "x-ms-routing-request-id": [
          "SOUTHEASTASIA:20230929T043925Z:a2e1bcdf-5240-459f-9f63-521787aeefaf"
        ],
        "Strict-Transport-Security": [
          "max-age=31536000; includeSubDomains"
        ],
        "X-Content-Type-Options": [
          "nosniff"
        ],
        "Date": [
          "Fri, 29 Sep 2023 04:39:25 GMT"
        ],
        "Expires": [
          "-1"
        ],
        "Content-Length": [
          "0"
        ]
      },
      "ResponseBody": "",
      "StatusCode": 202
    },
    {
      "RequestUri": "/subscriptions/9e223dbe-3399-4e19-88eb-0975f02ac87f/operationresults/eyJqb2JJZCI6IlJFU09VUkNFR1JPVVBERUxFVElPTkpPQi1QUzg3MjQtV0VTVFVTIiwiam9iTG9jYXRpb24iOiJ3ZXN0dXMifQ?api-version=2016-09-01&t=638315591657583201&c=MIIHHjCCBgagAwIBAgITfwHPGb2PGVTN4z3FUwAEAc8ZvTANBgkqhkiG9w0BAQsFADBEMRMwEQYKCZImiZPyLGQBGRYDR0JMMRMwEQYKCZImiZPyLGQBGRYDQU1FMRgwFgYDVQQDEw9BTUUgSW5mcmEgQ0EgMDIwHhcNMjMwODAyMDYzNjM2WhcNMjQwNzI3MDYzNjM2WjBAMT4wPAYDVQQDEzVhc3luY29wZXJhdGlvbnNpZ25pbmdjZXJ0aWZpY2F0ZS5tYW5hZ2VtZW50LmF6dXJlLmNvbTCCASIwDQYJKoZIhvcNAQEBBQADggEPADCCAQoCggEBALA8WMmmEO1CwTnKvAtvibQoh9fKt-nYVdbvRtzIlm4z19BYYfDibvj6l1viYhNR3bs53c9d8fIWknmMKcHdJpnnDk-sfLAVWjMNWlp_buwQ0wqnDDMi-_nqhutQ0ONUbruFxD0-bGPA3RLD9MxnV3XQGNGjXFzj7hqAQauMfHafpxwgDIEYAcWfBtE32aGB9_bxZrY8E2slVewgeS6yws88svVeMAmGPQEGqIrOrqphrXLbmWMcWg6Ixey-FyuliVC6n2ECOpeUOnI3zd3u2YXwLZrTeYxh6zaRuU-ht2zLmkisse4EaaJvcnYB1ET9IBE-LI8SxLbutQtDAe4kiSkCAwEAAaOCBAswggQHMCcGCSsGAQQBgjcVCgQaMBgwCgYIKwYBBQUHAwEwCgYIKwYBBQUHAwIwPQYJKwYBBAGCNxUHBDAwLgYmKwYBBAGCNxUIhpDjDYTVtHiE8Ys-hZvdFs6dEoFggvX2K4Py0SACAWQCAQowggHaBggrBgEFBQcBAQSCAcwwggHIMGYGCCsGAQUFBzAChlpodHRwOi8vY3JsLm1pY3Jvc29mdC5jb20vcGtpaW5mcmEvQ2VydHMvQkwyUEtJSU5UQ0EwMS5BTUUuR0JMX0FNRSUyMEluZnJhJTIwQ0ElMjAwMig0KS5jcnQwVgYIKwYBBQUHMAKGSmh0dHA6Ly9jcmwxLmFtZS5nYmwvYWlhL0JMMlBLSUlOVENBMDEuQU1FLkdCTF9BTUUlMjBJbmZyYSUyMENBJTIwMDIoNCkuY3J0MFYGCCsGAQUFBzAChkpodHRwOi8vY3JsMi5hbWUuZ2JsL2FpYS9CTDJQS0lJTlRDQTAxLkFNRS5HQkxfQU1FJTIwSW5mcmElMjBDQSUyMDAyKDQpLmNydDBWBggrBgEFBQcwAoZKaHR0cDovL2NybDMuYW1lLmdibC9haWEvQkwyUEtJSU5UQ0EwMS5BTUUuR0JMX0FNRSUyMEluZnJhJTIwQ0ElMjAwMig0KS5jcnQwVgYIKwYBBQUHMAKGSmh0dHA6Ly9jcmw0LmFtZS5nYmwvYWlhL0JMMlBLSUlOVENBMDEuQU1FLkdCTF9BTUUlMjBJbmZyYSUyMENBJTIwMDIoNCkuY3J0MB0GA1UdDgQWBBQBTTHZD8UzTofzBwHZRpdtw5XpXjAOBgNVHQ8BAf8EBAMCBaAwggE1BgNVHR8EggEsMIIBKDCCASSgggEgoIIBHIZCaHR0cDovL2NybC5taWNyb3NvZnQuY29tL3BraWluZnJhL0NSTC9BTUUlMjBJbmZyYSUyMENBJTIwMDIoNCkuY3JshjRodHRwOi8vY3JsMS5hbWUuZ2JsL2NybC9BTUUlMjBJbmZyYSUyMENBJTIwMDIoNCkuY3JshjRodHRwOi8vY3JsMi5hbWUuZ2JsL2NybC9BTUUlMjBJbmZyYSUyMENBJTIwMDIoNCkuY3JshjRodHRwOi8vY3JsMy5hbWUuZ2JsL2NybC9BTUUlMjBJbmZyYSUyMENBJTIwMDIoNCkuY3JshjRodHRwOi8vY3JsNC5hbWUuZ2JsL2NybC9BTUUlMjBJbmZyYSUyMENBJTIwMDIoNCkuY3JsMBcGA1UdIAQQMA4wDAYKKwYBBAGCN3sBATAfBgNVHSMEGDAWgBSuecJrXSWIEwb2BwnDl3x7l48dVTAdBgNVHSUEFjAUBggrBgEFBQcDAQYIKwYBBQUHAwIwDQYJKoZIhvcNAQELBQADggEBAD3Zm_z6dHneGOQPVVe1FxHrV2xvtqbjaKZAuH5rSpWUw_DJdOSV4cWnP6mHzxkPNq64LVAwgyif18NOtR825NodQN7r_Il0fGIykE4rt-M_xIqddJaoXHzIGUQ0uCofzHWG-wdvSYVhlbFFtTckqYtEA9-qW-eTU2K1wu1OQ8ry_XahL8OpgJsribT6ANlH0I5odhgLdzGhwvBWfM1-xaqN8ieQA5l7FdmYeOrZYwzX4Lc-478HHPVhkKgLr6pn1L-WJJ1mMn_PPXo4c6q34Uw6i0kyVgPeot9rO0FSHhj-YxHTde4eXuk4k1VEx6v56KK89p9N2LCqwkWf75r3Vdk&s=dn5LFIaMX9zpcIxsQ3piSqyIao2IBGjaWNdoj-J1RYIFnoAXKzokbsJdVTodN6TZP2nrDOxsYpjokeZ6RYk-t9udRsilft7tXZtGe_rcelVjn-_cyieHHZ58jjr1OFkzCf6QmT16VxJB7FfagxGn9wwTWtH3AzoSXgdXWuSPLL3tgAo3WpskGAl2rEOQv-nvF09-g-9oRTFlwjywgPOveG8Y29qjaZzIAzofviN9vgzzYAw-JOz_MCxBNBWbPUmHiPzR5Ec3XWag2sEZ90CPMZOcgerlNFWPtM8njq7UyZQSUUpDXN3XxGaZfUPFrbdTLkW5_xODmez4jB1Mpm5HmQ&h=msHGl0CQiB6Sgr_kCG-CNyLIzfQ7pT_Ztp-JduFOi0Q",
      "EncodedRequestUri": "L3N1YnNjcmlwdGlvbnMvOWUyMjNkYmUtMzM5OS00ZTE5LTg4ZWItMDk3NWYwMmFjODdmL29wZXJhdGlvbnJlc3VsdHMvZXlKcWIySkpaQ0k2SWxKRlUwOVZVa05GUjFKUFZWQkVSVXhGVkVsUFRrcFBRaTFRVXpnM01qUXRWMFZUVkZWVElpd2lhbTlpVEc5allYUnBiMjRpT2lKM1pYTjBkWE1pZlE/YXBpLXZlcnNpb249MjAxNi0wOS0wMSZ0PTYzODMxNTU5MTY1NzU4MzIwMSZjPU1JSUhIakNDQmdhZ0F3SUJBZ0lUZndIUEdiMlBHVlRONHozRlV3QUVBYzhadlRBTkJna3Foa2lHOXcwQkFRc0ZBREJFTVJNd0VRWUtDWkltaVpQeUxHUUJHUllEUjBKTU1STXdFUVlLQ1pJbWlaUHlMR1FCR1JZRFFVMUZNUmd3RmdZRFZRUURFdzlCVFVVZ1NXNW1jbUVnUTBFZ01ESXdIaGNOTWpNd09EQXlNRFl6TmpNMldoY05NalF3TnpJM01EWXpOak0yV2pCQU1UNHdQQVlEVlFRREV6VmhjM2x1WTI5d1pYSmhkR2x2Ym5OcFoyNXBibWRqWlhKMGFXWnBZMkYwWlM1dFlXNWhaMlZ0Wlc1MExtRjZkWEpsTG1OdmJUQ0NBU0l3RFFZSktvWklodmNOQVFFQkJRQURnZ0VQQURDQ0FRb0NnZ0VCQUxBOFdNbW1FTzFDd1RuS3ZBdHZpYlFvaDlmS3QtbllWZGJ2UnR6SWxtNHoxOUJZWWZEaWJ2ajZsMXZpWWhOUjNiczUzYzlkOGZJV2tubU1LY0hkSnBubkRrLXNmTEFWV2pNTldscF9idXdRMHdxbkRETWktX25xaHV0UTBPTlVicnVGeEQwLWJHUEEzUkxEOU14blYzWFFHTkdqWEZ6ajdocUFRYXVNZkhhZnB4d2dESUVZQWNXZkJ0RTMyYUdCOV9ieFpyWThFMnNsVmV3Z2VTNnl3czg4c3ZWZU1BbUdQUUVHcUlyT3JxcGhyWExibVdNY1dnNkl4ZXktRnl1bGlWQzZuMkVDT3BlVU9uSTN6ZDN1MllYd0xaclRlWXhoNnphUnVVLWh0MnpMbWtpc3NlNEVhYUp2Y25ZQjFFVDlJQkUtTEk4U3hMYnV0UXREQWU0a2lTa0NBd0VBQWFPQ0JBc3dnZ1FITUNjR0NTc0dBUVFCZ2pjVkNnUWFNQmd3Q2dZSUt3WUJCUVVIQXdFd0NnWUlLd1lCQlFVSEF3SXdQUVlKS3dZQkJBR0NOeFVIQkRBd0xnWW1Ld1lCQkFHQ054VUlocERqRFlUVnRIaUU4WXMtaFp2ZEZzNmRFb0ZnZ3ZYMks0UHkwU0FDQVdRQ0FRb3dnZ0hhQmdnckJnRUZCUWNCQVFTQ0Fjd3dnZ0hJTUdZR0NDc0dBUVVGQnpBQ2hscG9kSFJ3T2k4dlkzSnNMbTFwWTNKdmMyOW1kQzVqYjIwdmNHdHBhVzVtY21FdlEyVnlkSE12UWt3eVVFdEpTVTVVUTBFd01TNUJUVVV1UjBKTVgwRk5SU1V5TUVsdVpuSmhKVEl3UTBFbE1qQXdNaWcwS1M1amNuUXdWZ1lJS3dZQkJRVUhNQUtHU21oMGRIQTZMeTlqY213eExtRnRaUzVuWW13dllXbGhMMEpNTWxCTFNVbE9WRU5CTURFdVFVMUZMa2RDVEY5QlRVVWxNakJKYm1aeVlTVXlNRU5CSlRJd01ESW9OQ2t1WTNKME1GWUdDQ3NHQVFVRkJ6QUNoa3BvZEhSd09pOHZZM0pzTWk1aGJXVXVaMkpzTDJGcFlTOUNUREpRUzBsSlRsUkRRVEF4TGtGTlJTNUhRa3hmUVUxRkpUSXdTVzVtY21FbE1qQkRRU1V5TURBeUtEUXBMbU55ZERCV0JnZ3JCZ0VGQlFjd0FvWkthSFIwY0RvdkwyTnliRE11WVcxbExtZGliQzloYVdFdlFrd3lVRXRKU1U1VVEwRXdNUzVCVFVVdVIwSk1YMEZOUlNVeU1FbHVabkpoSlRJd1EwRWxNakF3TWlnMEtTNWpjblF3VmdZSUt3WUJCUVVITUFLR1NtaDBkSEE2THk5amNtdzBMbUZ0WlM1blltd3ZZV2xoTDBKTU1sQkxTVWxPVkVOQk1ERXVRVTFGTGtkQ1RGOUJUVVVsTWpCSmJtWnlZU1V5TUVOQkpUSXdNRElvTkNrdVkzSjBNQjBHQTFVZERnUVdCQlFCVFRIWkQ4VXpUb2Z6QndIWlJwZHR3NVhwWGpBT0JnTlZIUThCQWY4RUJBTUNCYUF3Z2dFMUJnTlZIUjhFZ2dFc01JSUJLRENDQVNTZ2dnRWdvSUlCSElaQ2FIUjBjRG92TDJOeWJDNXRhV055YjNOdlpuUXVZMjl0TDNCcmFXbHVabkpoTDBOU1RDOUJUVVVsTWpCSmJtWnlZU1V5TUVOQkpUSXdNRElvTkNrdVkzSnNoalJvZEhSd09pOHZZM0pzTVM1aGJXVXVaMkpzTDJOeWJDOUJUVVVsTWpCSmJtWnlZU1V5TUVOQkpUSXdNRElvTkNrdVkzSnNoalJvZEhSd09pOHZZM0pzTWk1aGJXVXVaMkpzTDJOeWJDOUJUVVVsTWpCSmJtWnlZU1V5TUVOQkpUSXdNRElvTkNrdVkzSnNoalJvZEhSd09pOHZZM0pzTXk1aGJXVXVaMkpzTDJOeWJDOUJUVVVsTWpCSmJtWnlZU1V5TUVOQkpUSXdNRElvTkNrdVkzSnNoalJvZEhSd09pOHZZM0pzTkM1aGJXVXVaMkpzTDJOeWJDOUJUVVVsTWpCSmJtWnlZU1V5TUVOQkpUSXdNRElvTkNrdVkzSnNNQmNHQTFVZElBUVFNQTR3REFZS0t3WUJCQUdDTjNzQkFUQWZCZ05WSFNNRUdEQVdnQlN1ZWNKclhTV0lFd2IyQnduRGwzeDdsNDhkVlRBZEJnTlZIU1VFRmpBVUJnZ3JCZ0VGQlFjREFRWUlLd1lCQlFVSEF3SXdEUVlKS29aSWh2Y05BUUVMQlFBRGdnRUJBRDNabV96NmRIbmVHT1FQVlZlMUZ4SHJWMnh2dHFiamFLWkF1SDVyU3BXVXdfREpkT1NWNGNXblA2bUh6eGtQTnE2NExWQXdneWlmMThOT3RSODI1Tm9kUU43cl9JbDBmR0l5a0U0cnQtTV94SXFkZEphb1hIeklHVVEwdUNvZnpIV0ctd2R2U1lWaGxiRkZ0VGNrcVl0RUE5LXFXLWVUVTJLMXd1MU9ROHJ5X1hhaEw4T3BnSnNyaWJUNkFObEgwSTVvZGhnTGR6R2h3dkJXZk0xLXhhcU44aWVRQTVsN0ZkbVllT3JaWXd6WDRMYy00NzhISFBWaGtLZ0xyNnBuMUwtV0pKMW1Nbl9QUFhvNGM2cTM0VXc2aTBreVZnUGVvdDlyTzBGU0hoai1ZeEhUZGU0ZVh1azRrMVZFeDZ2NTZLSzg5cDlOMkxDcXdrV2Y3NXIzVmRrJnM9ZG41TEZJYU1YOXpwY0l4c1EzcGlTcXlJYW8ySUJHamFXTmRvai1KMVJZSUZub0FYS3pva2JzSmRWVG9kTjZUWlAybnJET3hzWXBqb2tlWjZSWWstdDl1ZFJzaWxmdDd0WFp0R2VfcmNlbFZqbi1fY3lpZUhIWjU4ampyMU9Ga3pDZjZRbVQxNlZ4SkI3RmZhZ3hHbjl3d1RXdEgzQXpvU1hnZFhXdVNQTEwzdGdBbzNXcHNrR0FsMnJFT1F2LW52RjA5LWctOW9SVEZsd2p5d2dQT3ZlRzhZMjlxamFaeklBem9mdmlOOXZnenpZQXctSk96X01DeEJOQldiUFVtSGlQelI1RWMzWFdhZzJzRVo5MENQTVpPY2dlcmxORldQdE04bmpxN1V5WlFTVVVwRFhOM1h4R2FaZlVQRnJiZFRMa1c1X3hPRG1lejRqQjFNcG01SG1RJmg9bXNIR2wwQ1FpQjZTZ3Jfa0NHLUNOeUxJemZRN3BUX1p0cC1KZHVGT2kwUQ==",
      "RequestMethod": "GET",
      "RequestHeaders": {
        "User-Agent": [
          "FxVersion/6.0.2223.42425",
          "OSName/Windows",
          "OSVersion/Microsoft.Windows.10.0.22621",
          "Microsoft.Azure.Management.Internal.Resources.ResourceManagementClient/1.3.86"
        ]
      },
      "RequestBody": "",
      "ResponseHeaders": {
        "Cache-Control": [
          "no-cache"
        ],
        "Pragma": [
          "no-cache"
        ],
        "Location": [
          "https://management.azure.com/subscriptions/9e223dbe-3399-4e19-88eb-0975f02ac87f/operationresults/eyJqb2JJZCI6IlJFU09VUkNFR1JPVVBERUxFVElPTkpPQi1QUzg3MjQtV0VTVFVTIiwiam9iTG9jYXRpb24iOiJ3ZXN0dXMifQ?api-version=2016-09-01&t=638315591811959576&c=MIIHHjCCBgagAwIBAgITfwHPGb2PGVTN4z3FUwAEAc8ZvTANBgkqhkiG9w0BAQsFADBEMRMwEQYKCZImiZPyLGQBGRYDR0JMMRMwEQYKCZImiZPyLGQBGRYDQU1FMRgwFgYDVQQDEw9BTUUgSW5mcmEgQ0EgMDIwHhcNMjMwODAyMDYzNjM2WhcNMjQwNzI3MDYzNjM2WjBAMT4wPAYDVQQDEzVhc3luY29wZXJhdGlvbnNpZ25pbmdjZXJ0aWZpY2F0ZS5tYW5hZ2VtZW50LmF6dXJlLmNvbTCCASIwDQYJKoZIhvcNAQEBBQADggEPADCCAQoCggEBALA8WMmmEO1CwTnKvAtvibQoh9fKt-nYVdbvRtzIlm4z19BYYfDibvj6l1viYhNR3bs53c9d8fIWknmMKcHdJpnnDk-sfLAVWjMNWlp_buwQ0wqnDDMi-_nqhutQ0ONUbruFxD0-bGPA3RLD9MxnV3XQGNGjXFzj7hqAQauMfHafpxwgDIEYAcWfBtE32aGB9_bxZrY8E2slVewgeS6yws88svVeMAmGPQEGqIrOrqphrXLbmWMcWg6Ixey-FyuliVC6n2ECOpeUOnI3zd3u2YXwLZrTeYxh6zaRuU-ht2zLmkisse4EaaJvcnYB1ET9IBE-LI8SxLbutQtDAe4kiSkCAwEAAaOCBAswggQHMCcGCSsGAQQBgjcVCgQaMBgwCgYIKwYBBQUHAwEwCgYIKwYBBQUHAwIwPQYJKwYBBAGCNxUHBDAwLgYmKwYBBAGCNxUIhpDjDYTVtHiE8Ys-hZvdFs6dEoFggvX2K4Py0SACAWQCAQowggHaBggrBgEFBQcBAQSCAcwwggHIMGYGCCsGAQUFBzAChlpodHRwOi8vY3JsLm1pY3Jvc29mdC5jb20vcGtpaW5mcmEvQ2VydHMvQkwyUEtJSU5UQ0EwMS5BTUUuR0JMX0FNRSUyMEluZnJhJTIwQ0ElMjAwMig0KS5jcnQwVgYIKwYBBQUHMAKGSmh0dHA6Ly9jcmwxLmFtZS5nYmwvYWlhL0JMMlBLSUlOVENBMDEuQU1FLkdCTF9BTUUlMjBJbmZyYSUyMENBJTIwMDIoNCkuY3J0MFYGCCsGAQUFBzAChkpodHRwOi8vY3JsMi5hbWUuZ2JsL2FpYS9CTDJQS0lJTlRDQTAxLkFNRS5HQkxfQU1FJTIwSW5mcmElMjBDQSUyMDAyKDQpLmNydDBWBggrBgEFBQcwAoZKaHR0cDovL2NybDMuYW1lLmdibC9haWEvQkwyUEtJSU5UQ0EwMS5BTUUuR0JMX0FNRSUyMEluZnJhJTIwQ0ElMjAwMig0KS5jcnQwVgYIKwYBBQUHMAKGSmh0dHA6Ly9jcmw0LmFtZS5nYmwvYWlhL0JMMlBLSUlOVENBMDEuQU1FLkdCTF9BTUUlMjBJbmZyYSUyMENBJTIwMDIoNCkuY3J0MB0GA1UdDgQWBBQBTTHZD8UzTofzBwHZRpdtw5XpXjAOBgNVHQ8BAf8EBAMCBaAwggE1BgNVHR8EggEsMIIBKDCCASSgggEgoIIBHIZCaHR0cDovL2NybC5taWNyb3NvZnQuY29tL3BraWluZnJhL0NSTC9BTUUlMjBJbmZyYSUyMENBJTIwMDIoNCkuY3JshjRodHRwOi8vY3JsMS5hbWUuZ2JsL2NybC9BTUUlMjBJbmZyYSUyMENBJTIwMDIoNCkuY3JshjRodHRwOi8vY3JsMi5hbWUuZ2JsL2NybC9BTUUlMjBJbmZyYSUyMENBJTIwMDIoNCkuY3JshjRodHRwOi8vY3JsMy5hbWUuZ2JsL2NybC9BTUUlMjBJbmZyYSUyMENBJTIwMDIoNCkuY3JshjRodHRwOi8vY3JsNC5hbWUuZ2JsL2NybC9BTUUlMjBJbmZyYSUyMENBJTIwMDIoNCkuY3JsMBcGA1UdIAQQMA4wDAYKKwYBBAGCN3sBATAfBgNVHSMEGDAWgBSuecJrXSWIEwb2BwnDl3x7l48dVTAdBgNVHSUEFjAUBggrBgEFBQcDAQYIKwYBBQUHAwIwDQYJKoZIhvcNAQELBQADggEBAD3Zm_z6dHneGOQPVVe1FxHrV2xvtqbjaKZAuH5rSpWUw_DJdOSV4cWnP6mHzxkPNq64LVAwgyif18NOtR825NodQN7r_Il0fGIykE4rt-M_xIqddJaoXHzIGUQ0uCofzHWG-wdvSYVhlbFFtTckqYtEA9-qW-eTU2K1wu1OQ8ry_XahL8OpgJsribT6ANlH0I5odhgLdzGhwvBWfM1-xaqN8ieQA5l7FdmYeOrZYwzX4Lc-478HHPVhkKgLr6pn1L-WJJ1mMn_PPXo4c6q34Uw6i0kyVgPeot9rO0FSHhj-YxHTde4eXuk4k1VEx6v56KK89p9N2LCqwkWf75r3Vdk&s=iNZg5kKERdLUjIvqy7zsw3o_HG892nOy0Td6MFXw1dUMPazfvAxWjy27GLT8UMopgmE9zooCoRNN0N5cTMONCt1x56KROyyZeem1f3x1G4CnlFDYAueuVHFLPk0J4Jx3mgbrsZSrvx6hY-eQihRSKcPITQI600BKI5iA9RZjj3W-hyF7LDCx7tA7aqLoFcFIuIMF9Y7RIhdVmXIUg9wV2MA6p9rF8ZAY1GVrnktmYf29JOw5adeQuJ8kMtiwndeLim0aIR-y2rcL3r4cHj9SBvH074G0qXfa4BpJtGXPGIeEUddhSDaC9WXPUF0MvtLySpGAPo_Eoy7o5BZgCLAHvg&h=EOdtujKuNQbFAJLRUVi46c2uhStK4_2KCcXBVshKEy4"
        ],
        "Retry-After": [
          "15"
        ],
        "x-ms-ratelimit-remaining-subscription-reads": [
          "11992"
        ],
        "x-ms-request-id": [
          "5eccb330-ef96-4841-8226-34beea879ffc"
        ],
        "x-ms-correlation-request-id": [
          "5eccb330-ef96-4841-8226-34beea879ffc"
        ],
        "x-ms-routing-request-id": [
          "SOUTHEASTASIA:20230929T043941Z:5eccb330-ef96-4841-8226-34beea879ffc"
        ],
        "Strict-Transport-Security": [
          "max-age=31536000; includeSubDomains"
        ],
        "X-Content-Type-Options": [
          "nosniff"
        ],
        "Date": [
          "Fri, 29 Sep 2023 04:39:40 GMT"
        ],
        "Expires": [
          "-1"
        ],
        "Content-Length": [
          "0"
        ]
      },
      "ResponseBody": "",
      "StatusCode": 202
    },
    {
      "RequestUri": "/subscriptions/9e223dbe-3399-4e19-88eb-0975f02ac87f/operationresults/eyJqb2JJZCI6IlJFU09VUkNFR1JPVVBERUxFVElPTkpPQi1QUzg3MjQtV0VTVFVTIiwiam9iTG9jYXRpb24iOiJ3ZXN0dXMifQ?api-version=2016-09-01&t=638315591811959576&c=MIIHHjCCBgagAwIBAgITfwHPGb2PGVTN4z3FUwAEAc8ZvTANBgkqhkiG9w0BAQsFADBEMRMwEQYKCZImiZPyLGQBGRYDR0JMMRMwEQYKCZImiZPyLGQBGRYDQU1FMRgwFgYDVQQDEw9BTUUgSW5mcmEgQ0EgMDIwHhcNMjMwODAyMDYzNjM2WhcNMjQwNzI3MDYzNjM2WjBAMT4wPAYDVQQDEzVhc3luY29wZXJhdGlvbnNpZ25pbmdjZXJ0aWZpY2F0ZS5tYW5hZ2VtZW50LmF6dXJlLmNvbTCCASIwDQYJKoZIhvcNAQEBBQADggEPADCCAQoCggEBALA8WMmmEO1CwTnKvAtvibQoh9fKt-nYVdbvRtzIlm4z19BYYfDibvj6l1viYhNR3bs53c9d8fIWknmMKcHdJpnnDk-sfLAVWjMNWlp_buwQ0wqnDDMi-_nqhutQ0ONUbruFxD0-bGPA3RLD9MxnV3XQGNGjXFzj7hqAQauMfHafpxwgDIEYAcWfBtE32aGB9_bxZrY8E2slVewgeS6yws88svVeMAmGPQEGqIrOrqphrXLbmWMcWg6Ixey-FyuliVC6n2ECOpeUOnI3zd3u2YXwLZrTeYxh6zaRuU-ht2zLmkisse4EaaJvcnYB1ET9IBE-LI8SxLbutQtDAe4kiSkCAwEAAaOCBAswggQHMCcGCSsGAQQBgjcVCgQaMBgwCgYIKwYBBQUHAwEwCgYIKwYBBQUHAwIwPQYJKwYBBAGCNxUHBDAwLgYmKwYBBAGCNxUIhpDjDYTVtHiE8Ys-hZvdFs6dEoFggvX2K4Py0SACAWQCAQowggHaBggrBgEFBQcBAQSCAcwwggHIMGYGCCsGAQUFBzAChlpodHRwOi8vY3JsLm1pY3Jvc29mdC5jb20vcGtpaW5mcmEvQ2VydHMvQkwyUEtJSU5UQ0EwMS5BTUUuR0JMX0FNRSUyMEluZnJhJTIwQ0ElMjAwMig0KS5jcnQwVgYIKwYBBQUHMAKGSmh0dHA6Ly9jcmwxLmFtZS5nYmwvYWlhL0JMMlBLSUlOVENBMDEuQU1FLkdCTF9BTUUlMjBJbmZyYSUyMENBJTIwMDIoNCkuY3J0MFYGCCsGAQUFBzAChkpodHRwOi8vY3JsMi5hbWUuZ2JsL2FpYS9CTDJQS0lJTlRDQTAxLkFNRS5HQkxfQU1FJTIwSW5mcmElMjBDQSUyMDAyKDQpLmNydDBWBggrBgEFBQcwAoZKaHR0cDovL2NybDMuYW1lLmdibC9haWEvQkwyUEtJSU5UQ0EwMS5BTUUuR0JMX0FNRSUyMEluZnJhJTIwQ0ElMjAwMig0KS5jcnQwVgYIKwYBBQUHMAKGSmh0dHA6Ly9jcmw0LmFtZS5nYmwvYWlhL0JMMlBLSUlOVENBMDEuQU1FLkdCTF9BTUUlMjBJbmZyYSUyMENBJTIwMDIoNCkuY3J0MB0GA1UdDgQWBBQBTTHZD8UzTofzBwHZRpdtw5XpXjAOBgNVHQ8BAf8EBAMCBaAwggE1BgNVHR8EggEsMIIBKDCCASSgggEgoIIBHIZCaHR0cDovL2NybC5taWNyb3NvZnQuY29tL3BraWluZnJhL0NSTC9BTUUlMjBJbmZyYSUyMENBJTIwMDIoNCkuY3JshjRodHRwOi8vY3JsMS5hbWUuZ2JsL2NybC9BTUUlMjBJbmZyYSUyMENBJTIwMDIoNCkuY3JshjRodHRwOi8vY3JsMi5hbWUuZ2JsL2NybC9BTUUlMjBJbmZyYSUyMENBJTIwMDIoNCkuY3JshjRodHRwOi8vY3JsMy5hbWUuZ2JsL2NybC9BTUUlMjBJbmZyYSUyMENBJTIwMDIoNCkuY3JshjRodHRwOi8vY3JsNC5hbWUuZ2JsL2NybC9BTUUlMjBJbmZyYSUyMENBJTIwMDIoNCkuY3JsMBcGA1UdIAQQMA4wDAYKKwYBBAGCN3sBATAfBgNVHSMEGDAWgBSuecJrXSWIEwb2BwnDl3x7l48dVTAdBgNVHSUEFjAUBggrBgEFBQcDAQYIKwYBBQUHAwIwDQYJKoZIhvcNAQELBQADggEBAD3Zm_z6dHneGOQPVVe1FxHrV2xvtqbjaKZAuH5rSpWUw_DJdOSV4cWnP6mHzxkPNq64LVAwgyif18NOtR825NodQN7r_Il0fGIykE4rt-M_xIqddJaoXHzIGUQ0uCofzHWG-wdvSYVhlbFFtTckqYtEA9-qW-eTU2K1wu1OQ8ry_XahL8OpgJsribT6ANlH0I5odhgLdzGhwvBWfM1-xaqN8ieQA5l7FdmYeOrZYwzX4Lc-478HHPVhkKgLr6pn1L-WJJ1mMn_PPXo4c6q34Uw6i0kyVgPeot9rO0FSHhj-YxHTde4eXuk4k1VEx6v56KK89p9N2LCqwkWf75r3Vdk&s=iNZg5kKERdLUjIvqy7zsw3o_HG892nOy0Td6MFXw1dUMPazfvAxWjy27GLT8UMopgmE9zooCoRNN0N5cTMONCt1x56KROyyZeem1f3x1G4CnlFDYAueuVHFLPk0J4Jx3mgbrsZSrvx6hY-eQihRSKcPITQI600BKI5iA9RZjj3W-hyF7LDCx7tA7aqLoFcFIuIMF9Y7RIhdVmXIUg9wV2MA6p9rF8ZAY1GVrnktmYf29JOw5adeQuJ8kMtiwndeLim0aIR-y2rcL3r4cHj9SBvH074G0qXfa4BpJtGXPGIeEUddhSDaC9WXPUF0MvtLySpGAPo_Eoy7o5BZgCLAHvg&h=EOdtujKuNQbFAJLRUVi46c2uhStK4_2KCcXBVshKEy4",
      "EncodedRequestUri": "L3N1YnNjcmlwdGlvbnMvOWUyMjNkYmUtMzM5OS00ZTE5LTg4ZWItMDk3NWYwMmFjODdmL29wZXJhdGlvbnJlc3VsdHMvZXlKcWIySkpaQ0k2SWxKRlUwOVZVa05GUjFKUFZWQkVSVXhGVkVsUFRrcFBRaTFRVXpnM01qUXRWMFZUVkZWVElpd2lhbTlpVEc5allYUnBiMjRpT2lKM1pYTjBkWE1pZlE/YXBpLXZlcnNpb249MjAxNi0wOS0wMSZ0PTYzODMxNTU5MTgxMTk1OTU3NiZjPU1JSUhIakNDQmdhZ0F3SUJBZ0lUZndIUEdiMlBHVlRONHozRlV3QUVBYzhadlRBTkJna3Foa2lHOXcwQkFRc0ZBREJFTVJNd0VRWUtDWkltaVpQeUxHUUJHUllEUjBKTU1STXdFUVlLQ1pJbWlaUHlMR1FCR1JZRFFVMUZNUmd3RmdZRFZRUURFdzlCVFVVZ1NXNW1jbUVnUTBFZ01ESXdIaGNOTWpNd09EQXlNRFl6TmpNMldoY05NalF3TnpJM01EWXpOak0yV2pCQU1UNHdQQVlEVlFRREV6VmhjM2x1WTI5d1pYSmhkR2x2Ym5OcFoyNXBibWRqWlhKMGFXWnBZMkYwWlM1dFlXNWhaMlZ0Wlc1MExtRjZkWEpsTG1OdmJUQ0NBU0l3RFFZSktvWklodmNOQVFFQkJRQURnZ0VQQURDQ0FRb0NnZ0VCQUxBOFdNbW1FTzFDd1RuS3ZBdHZpYlFvaDlmS3QtbllWZGJ2UnR6SWxtNHoxOUJZWWZEaWJ2ajZsMXZpWWhOUjNiczUzYzlkOGZJV2tubU1LY0hkSnBubkRrLXNmTEFWV2pNTldscF9idXdRMHdxbkRETWktX25xaHV0UTBPTlVicnVGeEQwLWJHUEEzUkxEOU14blYzWFFHTkdqWEZ6ajdocUFRYXVNZkhhZnB4d2dESUVZQWNXZkJ0RTMyYUdCOV9ieFpyWThFMnNsVmV3Z2VTNnl3czg4c3ZWZU1BbUdQUUVHcUlyT3JxcGhyWExibVdNY1dnNkl4ZXktRnl1bGlWQzZuMkVDT3BlVU9uSTN6ZDN1MllYd0xaclRlWXhoNnphUnVVLWh0MnpMbWtpc3NlNEVhYUp2Y25ZQjFFVDlJQkUtTEk4U3hMYnV0UXREQWU0a2lTa0NBd0VBQWFPQ0JBc3dnZ1FITUNjR0NTc0dBUVFCZ2pjVkNnUWFNQmd3Q2dZSUt3WUJCUVVIQXdFd0NnWUlLd1lCQlFVSEF3SXdQUVlKS3dZQkJBR0NOeFVIQkRBd0xnWW1Ld1lCQkFHQ054VUlocERqRFlUVnRIaUU4WXMtaFp2ZEZzNmRFb0ZnZ3ZYMks0UHkwU0FDQVdRQ0FRb3dnZ0hhQmdnckJnRUZCUWNCQVFTQ0Fjd3dnZ0hJTUdZR0NDc0dBUVVGQnpBQ2hscG9kSFJ3T2k4dlkzSnNMbTFwWTNKdmMyOW1kQzVqYjIwdmNHdHBhVzVtY21FdlEyVnlkSE12UWt3eVVFdEpTVTVVUTBFd01TNUJUVVV1UjBKTVgwRk5SU1V5TUVsdVpuSmhKVEl3UTBFbE1qQXdNaWcwS1M1amNuUXdWZ1lJS3dZQkJRVUhNQUtHU21oMGRIQTZMeTlqY213eExtRnRaUzVuWW13dllXbGhMMEpNTWxCTFNVbE9WRU5CTURFdVFVMUZMa2RDVEY5QlRVVWxNakJKYm1aeVlTVXlNRU5CSlRJd01ESW9OQ2t1WTNKME1GWUdDQ3NHQVFVRkJ6QUNoa3BvZEhSd09pOHZZM0pzTWk1aGJXVXVaMkpzTDJGcFlTOUNUREpRUzBsSlRsUkRRVEF4TGtGTlJTNUhRa3hmUVUxRkpUSXdTVzVtY21FbE1qQkRRU1V5TURBeUtEUXBMbU55ZERCV0JnZ3JCZ0VGQlFjd0FvWkthSFIwY0RvdkwyTnliRE11WVcxbExtZGliQzloYVdFdlFrd3lVRXRKU1U1VVEwRXdNUzVCVFVVdVIwSk1YMEZOUlNVeU1FbHVabkpoSlRJd1EwRWxNakF3TWlnMEtTNWpjblF3VmdZSUt3WUJCUVVITUFLR1NtaDBkSEE2THk5amNtdzBMbUZ0WlM1blltd3ZZV2xoTDBKTU1sQkxTVWxPVkVOQk1ERXVRVTFGTGtkQ1RGOUJUVVVsTWpCSmJtWnlZU1V5TUVOQkpUSXdNRElvTkNrdVkzSjBNQjBHQTFVZERnUVdCQlFCVFRIWkQ4VXpUb2Z6QndIWlJwZHR3NVhwWGpBT0JnTlZIUThCQWY4RUJBTUNCYUF3Z2dFMUJnTlZIUjhFZ2dFc01JSUJLRENDQVNTZ2dnRWdvSUlCSElaQ2FIUjBjRG92TDJOeWJDNXRhV055YjNOdlpuUXVZMjl0TDNCcmFXbHVabkpoTDBOU1RDOUJUVVVsTWpCSmJtWnlZU1V5TUVOQkpUSXdNRElvTkNrdVkzSnNoalJvZEhSd09pOHZZM0pzTVM1aGJXVXVaMkpzTDJOeWJDOUJUVVVsTWpCSmJtWnlZU1V5TUVOQkpUSXdNRElvTkNrdVkzSnNoalJvZEhSd09pOHZZM0pzTWk1aGJXVXVaMkpzTDJOeWJDOUJUVVVsTWpCSmJtWnlZU1V5TUVOQkpUSXdNRElvTkNrdVkzSnNoalJvZEhSd09pOHZZM0pzTXk1aGJXVXVaMkpzTDJOeWJDOUJUVVVsTWpCSmJtWnlZU1V5TUVOQkpUSXdNRElvTkNrdVkzSnNoalJvZEhSd09pOHZZM0pzTkM1aGJXVXVaMkpzTDJOeWJDOUJUVVVsTWpCSmJtWnlZU1V5TUVOQkpUSXdNRElvTkNrdVkzSnNNQmNHQTFVZElBUVFNQTR3REFZS0t3WUJCQUdDTjNzQkFUQWZCZ05WSFNNRUdEQVdnQlN1ZWNKclhTV0lFd2IyQnduRGwzeDdsNDhkVlRBZEJnTlZIU1VFRmpBVUJnZ3JCZ0VGQlFjREFRWUlLd1lCQlFVSEF3SXdEUVlKS29aSWh2Y05BUUVMQlFBRGdnRUJBRDNabV96NmRIbmVHT1FQVlZlMUZ4SHJWMnh2dHFiamFLWkF1SDVyU3BXVXdfREpkT1NWNGNXblA2bUh6eGtQTnE2NExWQXdneWlmMThOT3RSODI1Tm9kUU43cl9JbDBmR0l5a0U0cnQtTV94SXFkZEphb1hIeklHVVEwdUNvZnpIV0ctd2R2U1lWaGxiRkZ0VGNrcVl0RUE5LXFXLWVUVTJLMXd1MU9ROHJ5X1hhaEw4T3BnSnNyaWJUNkFObEgwSTVvZGhnTGR6R2h3dkJXZk0xLXhhcU44aWVRQTVsN0ZkbVllT3JaWXd6WDRMYy00NzhISFBWaGtLZ0xyNnBuMUwtV0pKMW1Nbl9QUFhvNGM2cTM0VXc2aTBreVZnUGVvdDlyTzBGU0hoai1ZeEhUZGU0ZVh1azRrMVZFeDZ2NTZLSzg5cDlOMkxDcXdrV2Y3NXIzVmRrJnM9aU5aZzVrS0VSZExVakl2cXk3enN3M29fSEc4OTJuT3kwVGQ2TUZYdzFkVU1QYXpmdkF4V2p5MjdHTFQ4VU1vcGdtRTl6b29Db1JOTjBONWNUTU9OQ3QxeDU2S1JPeXlaZWVtMWYzeDFHNENubEZEWUF1ZXVWSEZMUGswSjRKeDNtZ2Jyc1pTcnZ4NmhZLWVRaWhSU0tjUElUUUk2MDBCS0k1aUE5UlpqajNXLWh5RjdMREN4N3RBN2FxTG9GY0ZJdUlNRjlZN1JJaGRWbVhJVWc5d1YyTUE2cDlyRjhaQVkxR1Zybmt0bVlmMjlKT3c1YWRlUXVKOGtNdGl3bmRlTGltMGFJUi15MnJjTDNyNGNIajlTQnZIMDc0RzBxWGZhNEJwSnRHWFBHSWVFVWRkaFNEYUM5V1hQVUYwTXZ0THlTcEdBUG9fRW95N281QlpnQ0xBSHZnJmg9RU9kdHVqS3VOUWJGQUpMUlVWaTQ2YzJ1aFN0SzRfMktDY1hCVnNoS0V5NA==",
      "RequestMethod": "GET",
      "RequestHeaders": {
        "User-Agent": [
          "FxVersion/6.0.2223.42425",
          "OSName/Windows",
          "OSVersion/Microsoft.Windows.10.0.22621",
          "Microsoft.Azure.Management.Internal.Resources.ResourceManagementClient/1.3.86"
        ]
      },
      "RequestBody": "",
      "ResponseHeaders": {
        "Cache-Control": [
          "no-cache"
        ],
        "Pragma": [
          "no-cache"
        ],
        "x-ms-ratelimit-remaining-subscription-reads": [
          "11991"
        ],
        "x-ms-request-id": [
          "e30cb1e2-c5bb-4272-843e-7ab4db46248a"
        ],
        "x-ms-correlation-request-id": [
          "e30cb1e2-c5bb-4272-843e-7ab4db46248a"
        ],
        "x-ms-routing-request-id": [
          "SOUTHEASTASIA:20230929T043956Z:e30cb1e2-c5bb-4272-843e-7ab4db46248a"
        ],
        "Strict-Transport-Security": [
          "max-age=31536000; includeSubDomains"
        ],
        "X-Content-Type-Options": [
          "nosniff"
        ],
        "Date": [
          "Fri, 29 Sep 2023 04:39:55 GMT"
        ],
        "Expires": [
          "-1"
        ],
        "Content-Length": [
          "0"
        ]
      },
      "ResponseBody": "",
      "StatusCode": 200
    },
    {
      "RequestUri": "/subscriptions/9e223dbe-3399-4e19-88eb-0975f02ac87f/operationresults/eyJqb2JJZCI6IlJFU09VUkNFR1JPVVBERUxFVElPTkpPQi1QUzg3MjQtV0VTVFVTIiwiam9iTG9jYXRpb24iOiJ3ZXN0dXMifQ?api-version=2016-09-01&t=638315591811959576&c=MIIHHjCCBgagAwIBAgITfwHPGb2PGVTN4z3FUwAEAc8ZvTANBgkqhkiG9w0BAQsFADBEMRMwEQYKCZImiZPyLGQBGRYDR0JMMRMwEQYKCZImiZPyLGQBGRYDQU1FMRgwFgYDVQQDEw9BTUUgSW5mcmEgQ0EgMDIwHhcNMjMwODAyMDYzNjM2WhcNMjQwNzI3MDYzNjM2WjBAMT4wPAYDVQQDEzVhc3luY29wZXJhdGlvbnNpZ25pbmdjZXJ0aWZpY2F0ZS5tYW5hZ2VtZW50LmF6dXJlLmNvbTCCASIwDQYJKoZIhvcNAQEBBQADggEPADCCAQoCggEBALA8WMmmEO1CwTnKvAtvibQoh9fKt-nYVdbvRtzIlm4z19BYYfDibvj6l1viYhNR3bs53c9d8fIWknmMKcHdJpnnDk-sfLAVWjMNWlp_buwQ0wqnDDMi-_nqhutQ0ONUbruFxD0-bGPA3RLD9MxnV3XQGNGjXFzj7hqAQauMfHafpxwgDIEYAcWfBtE32aGB9_bxZrY8E2slVewgeS6yws88svVeMAmGPQEGqIrOrqphrXLbmWMcWg6Ixey-FyuliVC6n2ECOpeUOnI3zd3u2YXwLZrTeYxh6zaRuU-ht2zLmkisse4EaaJvcnYB1ET9IBE-LI8SxLbutQtDAe4kiSkCAwEAAaOCBAswggQHMCcGCSsGAQQBgjcVCgQaMBgwCgYIKwYBBQUHAwEwCgYIKwYBBQUHAwIwPQYJKwYBBAGCNxUHBDAwLgYmKwYBBAGCNxUIhpDjDYTVtHiE8Ys-hZvdFs6dEoFggvX2K4Py0SACAWQCAQowggHaBggrBgEFBQcBAQSCAcwwggHIMGYGCCsGAQUFBzAChlpodHRwOi8vY3JsLm1pY3Jvc29mdC5jb20vcGtpaW5mcmEvQ2VydHMvQkwyUEtJSU5UQ0EwMS5BTUUuR0JMX0FNRSUyMEluZnJhJTIwQ0ElMjAwMig0KS5jcnQwVgYIKwYBBQUHMAKGSmh0dHA6Ly9jcmwxLmFtZS5nYmwvYWlhL0JMMlBLSUlOVENBMDEuQU1FLkdCTF9BTUUlMjBJbmZyYSUyMENBJTIwMDIoNCkuY3J0MFYGCCsGAQUFBzAChkpodHRwOi8vY3JsMi5hbWUuZ2JsL2FpYS9CTDJQS0lJTlRDQTAxLkFNRS5HQkxfQU1FJTIwSW5mcmElMjBDQSUyMDAyKDQpLmNydDBWBggrBgEFBQcwAoZKaHR0cDovL2NybDMuYW1lLmdibC9haWEvQkwyUEtJSU5UQ0EwMS5BTUUuR0JMX0FNRSUyMEluZnJhJTIwQ0ElMjAwMig0KS5jcnQwVgYIKwYBBQUHMAKGSmh0dHA6Ly9jcmw0LmFtZS5nYmwvYWlhL0JMMlBLSUlOVENBMDEuQU1FLkdCTF9BTUUlMjBJbmZyYSUyMENBJTIwMDIoNCkuY3J0MB0GA1UdDgQWBBQBTTHZD8UzTofzBwHZRpdtw5XpXjAOBgNVHQ8BAf8EBAMCBaAwggE1BgNVHR8EggEsMIIBKDCCASSgggEgoIIBHIZCaHR0cDovL2NybC5taWNyb3NvZnQuY29tL3BraWluZnJhL0NSTC9BTUUlMjBJbmZyYSUyMENBJTIwMDIoNCkuY3JshjRodHRwOi8vY3JsMS5hbWUuZ2JsL2NybC9BTUUlMjBJbmZyYSUyMENBJTIwMDIoNCkuY3JshjRodHRwOi8vY3JsMi5hbWUuZ2JsL2NybC9BTUUlMjBJbmZyYSUyMENBJTIwMDIoNCkuY3JshjRodHRwOi8vY3JsMy5hbWUuZ2JsL2NybC9BTUUlMjBJbmZyYSUyMENBJTIwMDIoNCkuY3JshjRodHRwOi8vY3JsNC5hbWUuZ2JsL2NybC9BTUUlMjBJbmZyYSUyMENBJTIwMDIoNCkuY3JsMBcGA1UdIAQQMA4wDAYKKwYBBAGCN3sBATAfBgNVHSMEGDAWgBSuecJrXSWIEwb2BwnDl3x7l48dVTAdBgNVHSUEFjAUBggrBgEFBQcDAQYIKwYBBQUHAwIwDQYJKoZIhvcNAQELBQADggEBAD3Zm_z6dHneGOQPVVe1FxHrV2xvtqbjaKZAuH5rSpWUw_DJdOSV4cWnP6mHzxkPNq64LVAwgyif18NOtR825NodQN7r_Il0fGIykE4rt-M_xIqddJaoXHzIGUQ0uCofzHWG-wdvSYVhlbFFtTckqYtEA9-qW-eTU2K1wu1OQ8ry_XahL8OpgJsribT6ANlH0I5odhgLdzGhwvBWfM1-xaqN8ieQA5l7FdmYeOrZYwzX4Lc-478HHPVhkKgLr6pn1L-WJJ1mMn_PPXo4c6q34Uw6i0kyVgPeot9rO0FSHhj-YxHTde4eXuk4k1VEx6v56KK89p9N2LCqwkWf75r3Vdk&s=iNZg5kKERdLUjIvqy7zsw3o_HG892nOy0Td6MFXw1dUMPazfvAxWjy27GLT8UMopgmE9zooCoRNN0N5cTMONCt1x56KROyyZeem1f3x1G4CnlFDYAueuVHFLPk0J4Jx3mgbrsZSrvx6hY-eQihRSKcPITQI600BKI5iA9RZjj3W-hyF7LDCx7tA7aqLoFcFIuIMF9Y7RIhdVmXIUg9wV2MA6p9rF8ZAY1GVrnktmYf29JOw5adeQuJ8kMtiwndeLim0aIR-y2rcL3r4cHj9SBvH074G0qXfa4BpJtGXPGIeEUddhSDaC9WXPUF0MvtLySpGAPo_Eoy7o5BZgCLAHvg&h=EOdtujKuNQbFAJLRUVi46c2uhStK4_2KCcXBVshKEy4",
      "EncodedRequestUri": "L3N1YnNjcmlwdGlvbnMvOWUyMjNkYmUtMzM5OS00ZTE5LTg4ZWItMDk3NWYwMmFjODdmL29wZXJhdGlvbnJlc3VsdHMvZXlKcWIySkpaQ0k2SWxKRlUwOVZVa05GUjFKUFZWQkVSVXhGVkVsUFRrcFBRaTFRVXpnM01qUXRWMFZUVkZWVElpd2lhbTlpVEc5allYUnBiMjRpT2lKM1pYTjBkWE1pZlE/YXBpLXZlcnNpb249MjAxNi0wOS0wMSZ0PTYzODMxNTU5MTgxMTk1OTU3NiZjPU1JSUhIakNDQmdhZ0F3SUJBZ0lUZndIUEdiMlBHVlRONHozRlV3QUVBYzhadlRBTkJna3Foa2lHOXcwQkFRc0ZBREJFTVJNd0VRWUtDWkltaVpQeUxHUUJHUllEUjBKTU1STXdFUVlLQ1pJbWlaUHlMR1FCR1JZRFFVMUZNUmd3RmdZRFZRUURFdzlCVFVVZ1NXNW1jbUVnUTBFZ01ESXdIaGNOTWpNd09EQXlNRFl6TmpNMldoY05NalF3TnpJM01EWXpOak0yV2pCQU1UNHdQQVlEVlFRREV6VmhjM2x1WTI5d1pYSmhkR2x2Ym5OcFoyNXBibWRqWlhKMGFXWnBZMkYwWlM1dFlXNWhaMlZ0Wlc1MExtRjZkWEpsTG1OdmJUQ0NBU0l3RFFZSktvWklodmNOQVFFQkJRQURnZ0VQQURDQ0FRb0NnZ0VCQUxBOFdNbW1FTzFDd1RuS3ZBdHZpYlFvaDlmS3QtbllWZGJ2UnR6SWxtNHoxOUJZWWZEaWJ2ajZsMXZpWWhOUjNiczUzYzlkOGZJV2tubU1LY0hkSnBubkRrLXNmTEFWV2pNTldscF9idXdRMHdxbkRETWktX25xaHV0UTBPTlVicnVGeEQwLWJHUEEzUkxEOU14blYzWFFHTkdqWEZ6ajdocUFRYXVNZkhhZnB4d2dESUVZQWNXZkJ0RTMyYUdCOV9ieFpyWThFMnNsVmV3Z2VTNnl3czg4c3ZWZU1BbUdQUUVHcUlyT3JxcGhyWExibVdNY1dnNkl4ZXktRnl1bGlWQzZuMkVDT3BlVU9uSTN6ZDN1MllYd0xaclRlWXhoNnphUnVVLWh0MnpMbWtpc3NlNEVhYUp2Y25ZQjFFVDlJQkUtTEk4U3hMYnV0UXREQWU0a2lTa0NBd0VBQWFPQ0JBc3dnZ1FITUNjR0NTc0dBUVFCZ2pjVkNnUWFNQmd3Q2dZSUt3WUJCUVVIQXdFd0NnWUlLd1lCQlFVSEF3SXdQUVlKS3dZQkJBR0NOeFVIQkRBd0xnWW1Ld1lCQkFHQ054VUlocERqRFlUVnRIaUU4WXMtaFp2ZEZzNmRFb0ZnZ3ZYMks0UHkwU0FDQVdRQ0FRb3dnZ0hhQmdnckJnRUZCUWNCQVFTQ0Fjd3dnZ0hJTUdZR0NDc0dBUVVGQnpBQ2hscG9kSFJ3T2k4dlkzSnNMbTFwWTNKdmMyOW1kQzVqYjIwdmNHdHBhVzVtY21FdlEyVnlkSE12UWt3eVVFdEpTVTVVUTBFd01TNUJUVVV1UjBKTVgwRk5SU1V5TUVsdVpuSmhKVEl3UTBFbE1qQXdNaWcwS1M1amNuUXdWZ1lJS3dZQkJRVUhNQUtHU21oMGRIQTZMeTlqY213eExtRnRaUzVuWW13dllXbGhMMEpNTWxCTFNVbE9WRU5CTURFdVFVMUZMa2RDVEY5QlRVVWxNakJKYm1aeVlTVXlNRU5CSlRJd01ESW9OQ2t1WTNKME1GWUdDQ3NHQVFVRkJ6QUNoa3BvZEhSd09pOHZZM0pzTWk1aGJXVXVaMkpzTDJGcFlTOUNUREpRUzBsSlRsUkRRVEF4TGtGTlJTNUhRa3hmUVUxRkpUSXdTVzVtY21FbE1qQkRRU1V5TURBeUtEUXBMbU55ZERCV0JnZ3JCZ0VGQlFjd0FvWkthSFIwY0RvdkwyTnliRE11WVcxbExtZGliQzloYVdFdlFrd3lVRXRKU1U1VVEwRXdNUzVCVFVVdVIwSk1YMEZOUlNVeU1FbHVabkpoSlRJd1EwRWxNakF3TWlnMEtTNWpjblF3VmdZSUt3WUJCUVVITUFLR1NtaDBkSEE2THk5amNtdzBMbUZ0WlM1blltd3ZZV2xoTDBKTU1sQkxTVWxPVkVOQk1ERXVRVTFGTGtkQ1RGOUJUVVVsTWpCSmJtWnlZU1V5TUVOQkpUSXdNRElvTkNrdVkzSjBNQjBHQTFVZERnUVdCQlFCVFRIWkQ4VXpUb2Z6QndIWlJwZHR3NVhwWGpBT0JnTlZIUThCQWY4RUJBTUNCYUF3Z2dFMUJnTlZIUjhFZ2dFc01JSUJLRENDQVNTZ2dnRWdvSUlCSElaQ2FIUjBjRG92TDJOeWJDNXRhV055YjNOdlpuUXVZMjl0TDNCcmFXbHVabkpoTDBOU1RDOUJUVVVsTWpCSmJtWnlZU1V5TUVOQkpUSXdNRElvTkNrdVkzSnNoalJvZEhSd09pOHZZM0pzTVM1aGJXVXVaMkpzTDJOeWJDOUJUVVVsTWpCSmJtWnlZU1V5TUVOQkpUSXdNRElvTkNrdVkzSnNoalJvZEhSd09pOHZZM0pzTWk1aGJXVXVaMkpzTDJOeWJDOUJUVVVsTWpCSmJtWnlZU1V5TUVOQkpUSXdNRElvTkNrdVkzSnNoalJvZEhSd09pOHZZM0pzTXk1aGJXVXVaMkpzTDJOeWJDOUJUVVVsTWpCSmJtWnlZU1V5TUVOQkpUSXdNRElvTkNrdVkzSnNoalJvZEhSd09pOHZZM0pzTkM1aGJXVXVaMkpzTDJOeWJDOUJUVVVsTWpCSmJtWnlZU1V5TUVOQkpUSXdNRElvTkNrdVkzSnNNQmNHQTFVZElBUVFNQTR3REFZS0t3WUJCQUdDTjNzQkFUQWZCZ05WSFNNRUdEQVdnQlN1ZWNKclhTV0lFd2IyQnduRGwzeDdsNDhkVlRBZEJnTlZIU1VFRmpBVUJnZ3JCZ0VGQlFjREFRWUlLd1lCQlFVSEF3SXdEUVlKS29aSWh2Y05BUUVMQlFBRGdnRUJBRDNabV96NmRIbmVHT1FQVlZlMUZ4SHJWMnh2dHFiamFLWkF1SDVyU3BXVXdfREpkT1NWNGNXblA2bUh6eGtQTnE2NExWQXdneWlmMThOT3RSODI1Tm9kUU43cl9JbDBmR0l5a0U0cnQtTV94SXFkZEphb1hIeklHVVEwdUNvZnpIV0ctd2R2U1lWaGxiRkZ0VGNrcVl0RUE5LXFXLWVUVTJLMXd1MU9ROHJ5X1hhaEw4T3BnSnNyaWJUNkFObEgwSTVvZGhnTGR6R2h3dkJXZk0xLXhhcU44aWVRQTVsN0ZkbVllT3JaWXd6WDRMYy00NzhISFBWaGtLZ0xyNnBuMUwtV0pKMW1Nbl9QUFhvNGM2cTM0VXc2aTBreVZnUGVvdDlyTzBGU0hoai1ZeEhUZGU0ZVh1azRrMVZFeDZ2NTZLSzg5cDlOMkxDcXdrV2Y3NXIzVmRrJnM9aU5aZzVrS0VSZExVakl2cXk3enN3M29fSEc4OTJuT3kwVGQ2TUZYdzFkVU1QYXpmdkF4V2p5MjdHTFQ4VU1vcGdtRTl6b29Db1JOTjBONWNUTU9OQ3QxeDU2S1JPeXlaZWVtMWYzeDFHNENubEZEWUF1ZXVWSEZMUGswSjRKeDNtZ2Jyc1pTcnZ4NmhZLWVRaWhSU0tjUElUUUk2MDBCS0k1aUE5UlpqajNXLWh5RjdMREN4N3RBN2FxTG9GY0ZJdUlNRjlZN1JJaGRWbVhJVWc5d1YyTUE2cDlyRjhaQVkxR1Zybmt0bVlmMjlKT3c1YWRlUXVKOGtNdGl3bmRlTGltMGFJUi15MnJjTDNyNGNIajlTQnZIMDc0RzBxWGZhNEJwSnRHWFBHSWVFVWRkaFNEYUM5V1hQVUYwTXZ0THlTcEdBUG9fRW95N281QlpnQ0xBSHZnJmg9RU9kdHVqS3VOUWJGQUpMUlVWaTQ2YzJ1aFN0SzRfMktDY1hCVnNoS0V5NA==",
      "RequestMethod": "GET",
      "RequestHeaders": {
        "User-Agent": [
          "FxVersion/6.0.2223.42425",
          "OSName/Windows",
          "OSVersion/Microsoft.Windows.10.0.22621",
          "Microsoft.Azure.Management.Internal.Resources.ResourceManagementClient/1.3.86"
        ]
      },
      "RequestBody": "",
      "ResponseHeaders": {
        "Cache-Control": [
          "no-cache"
        ],
        "Pragma": [
          "no-cache"
        ],
        "x-ms-ratelimit-remaining-subscription-reads": [
          "11990"
        ],
        "x-ms-request-id": [
          "a3180ef9-cb30-4e21-bbfe-45490736e5e0"
        ],
        "x-ms-correlation-request-id": [
          "a3180ef9-cb30-4e21-bbfe-45490736e5e0"
        ],
        "x-ms-routing-request-id": [
          "SOUTHEASTASIA:20230929T043957Z:a3180ef9-cb30-4e21-bbfe-45490736e5e0"
        ],
        "Strict-Transport-Security": [
          "max-age=31536000; includeSubDomains"
        ],
        "X-Content-Type-Options": [
          "nosniff"
        ],
        "Date": [
          "Fri, 29 Sep 2023 04:39:57 GMT"
        ],
        "Expires": [
          "-1"
        ],
        "Content-Length": [
          "0"
        ]
      },
      "ResponseBody": "",
      "StatusCode": 200
    }
  ],
  "Names": {
    "Test-ManageAzSearchServiceQueryKey": [
      "ps8724"
    ]
  },
  "Variables": {
    "SubscriptionId": "9e223dbe-3399-4e19-88eb-0975f02ac87f"
  }
}