{
  "Entries": [
    {
<<<<<<< HEAD
      "RequestUri": "/subscriptions/f9b96b36-1f5e-4021-8959-51527e26e6d3/providers/Microsoft.Search?api-version=2016-09-01",
      "EncodedRequestUri": "L3N1YnNjcmlwdGlvbnMvZjliOTZiMzYtMWY1ZS00MDIxLTg5NTktNTE1MjdlMjZlNmQzL3Byb3ZpZGVycy9NaWNyb3NvZnQuU2VhcmNoP2FwaS12ZXJzaW9uPTIwMTYtMDktMDE=",
=======
      "RequestUri": "/subscriptions/a4337210-c6b0-4de4-907a-688f1c120d9a/providers/Microsoft.Search?api-version=2016-09-01",
      "EncodedRequestUri": "L3N1YnNjcmlwdGlvbnMvYTQzMzcyMTAtYzZiMC00ZGU0LTkwN2EtNjg4ZjFjMTIwZDlhL3Byb3ZpZGVycy9NaWNyb3NvZnQuU2VhcmNoP2FwaS12ZXJzaW9uPTIwMTYtMDktMDE=",
>>>>>>> d78b04a5306127f583235b13752c48d4f7d1289a
      "RequestMethod": "GET",
      "RequestBody": "",
      "RequestHeaders": {
        "x-ms-client-request-id": [
<<<<<<< HEAD
          "4e4ae0ab-82f4-445a-9318-97d0596c9c6b"
        ],
        "accept-language": [
          "en-US"
        ],
        "User-Agent": [
          "FxVersion/4.7.3131.0",
          "OSName/Windows10Enterprise",
          "OSVersion/6.3.17134",
          "Microsoft.Azure.Management.Internal.Resources.ResourceManagementClient/4.1.0"
        ]
      },
      "ResponseBody": "{\r\n  \"id\": \"/subscriptions/f9b96b36-1f5e-4021-8959-51527e26e6d3/providers/Microsoft.Search\",\r\n  \"namespace\": \"Microsoft.Search\",\r\n  \"authorization\": {\r\n    \"applicationId\": \"408992c7-2af6-4ff1-92e3-65b73d2b5092\",\r\n    \"roleDefinitionId\": \"20FA3191-87CF-4C3D-9510-74CCB594A310\"\r\n  },\r\n  \"resourceTypes\": [\r\n    {\r\n      \"resourceType\": \"searchServices\",\r\n      \"locations\": [\r\n        \"West US\",\r\n        \"East US\",\r\n        \"North Europe\",\r\n        \"West Europe\",\r\n        \"Southeast Asia\",\r\n        \"East Asia\",\r\n        \"North Central US\",\r\n        \"South Central US\",\r\n        \"Japan West\",\r\n        \"Australia East\",\r\n        \"Brazil South\",\r\n        \"West US 2\",\r\n        \"East US 2\",\r\n        \"Central India\",\r\n        \"West Central US\",\r\n        \"Canada Central\",\r\n        \"UK South\",\r\n        \"East US 2 EUAP\"\r\n      ],\r\n      \"apiVersions\": [\r\n        \"2015-08-19\",\r\n        \"2015-02-28\"\r\n      ],\r\n      \"capabilities\": \"CrossResourceGroupResourceMove, CrossSubscriptionResourceMove, SystemAssignedResourceIdentity\"\r\n    },\r\n    {\r\n      \"resourceType\": \"checkServiceNameAvailability\",\r\n      \"locations\": [],\r\n      \"apiVersions\": [\r\n        \"2015-02-28\",\r\n        \"2014-07-31-Preview\"\r\n      ]\r\n    },\r\n    {\r\n      \"resourceType\": \"checkNameAvailability\",\r\n      \"locations\": [],\r\n      \"apiVersions\": [\r\n        \"2015-08-19\"\r\n      ]\r\n    },\r\n    {\r\n      \"resourceType\": \"resourceHealthMetadata\",\r\n      \"locations\": [\r\n        \"West US\",\r\n        \"West US 2\",\r\n        \"East US\",\r\n        \"East US 2\",\r\n        \"North Europe\",\r\n        \"West Europe\",\r\n        \"Southeast Asia\",\r\n        \"East Asia\",\r\n        \"North Central US\",\r\n        \"South Central US\",\r\n        \"Japan West\",\r\n        \"Australia East\",\r\n        \"Brazil South\",\r\n        \"Central India\",\r\n        \"West Central US\",\r\n        \"Canada Central\",\r\n        \"UK South\"\r\n      ],\r\n      \"apiVersions\": [\r\n        \"2015-08-19\"\r\n      ]\r\n    },\r\n    {\r\n      \"resourceType\": \"operations\",\r\n      \"locations\": [],\r\n      \"apiVersions\": [\r\n        \"2015-08-19\",\r\n        \"2015-02-28\"\r\n      ]\r\n    }\r\n  ],\r\n  \"registrationState\": \"Registered\"\r\n}",
      "ResponseHeaders": {
        "Content-Length": [
          "1382"
        ],
        "Content-Type": [
          "application/json; charset=utf-8"
        ],
        "Expires": [
          "-1"
=======
          "abb9f428-8929-4ed0-b6e3-cd1386c9497d"
        ],
        "Accept-Language": [
          "en-US"
        ],
        "User-Agent": [
          "FxVersion/4.6.29321.03",
          "OSName/Windows",
          "OSVersion/Microsoft.Windows.10.0.19042.",
          "Microsoft.Azure.Management.Internal.Resources.ResourceManagementClient/1.3.29"
        ]
      },
      "ResponseHeaders": {
        "Cache-Control": [
          "no-cache"
>>>>>>> d78b04a5306127f583235b13752c48d4f7d1289a
        ],
        "Pragma": [
          "no-cache"
        ],
        "x-ms-ratelimit-remaining-subscription-reads": [
<<<<<<< HEAD
          "14999"
        ],
        "x-ms-request-id": [
          "3862bd0f-ddd2-4b9e-92f6-01233a767368"
        ],
        "x-ms-correlation-request-id": [
          "3862bd0f-ddd2-4b9e-92f6-01233a767368"
        ],
        "x-ms-routing-request-id": [
          "WESTUS2:20180718T224125Z:3862bd0f-ddd2-4b9e-92f6-01233a767368"
=======
          "11999"
        ],
        "x-ms-request-id": [
          "d8e429b6-925e-4a3f-a99c-2cad7ab11f3a"
        ],
        "x-ms-correlation-request-id": [
          "d8e429b6-925e-4a3f-a99c-2cad7ab11f3a"
        ],
        "x-ms-routing-request-id": [
          "WESTUS:20210107T094645Z:d8e429b6-925e-4a3f-a99c-2cad7ab11f3a"
>>>>>>> d78b04a5306127f583235b13752c48d4f7d1289a
        ],
        "Strict-Transport-Security": [
          "max-age=31536000; includeSubDomains"
        ],
        "X-Content-Type-Options": [
          "nosniff"
        ],
<<<<<<< HEAD
        "Cache-Control": [
          "no-cache"
        ],
        "Date": [
          "Wed, 18 Jul 2018 22:41:24 GMT"
        ]
      },
      "StatusCode": 200
    },
    {
      "RequestUri": "/subscriptions/f9b96b36-1f5e-4021-8959-51527e26e6d3/resourcegroups/ps4778?api-version=2016-09-01",
      "EncodedRequestUri": "L3N1YnNjcmlwdGlvbnMvZjliOTZiMzYtMWY1ZS00MDIxLTg5NTktNTE1MjdlMjZlNmQzL3Jlc291cmNlZ3JvdXBzL3BzNDc3OD9hcGktdmVyc2lvbj0yMDE2LTA5LTAx",
      "RequestMethod": "PUT",
      "RequestBody": "{\r\n  \"location\": \"West US\"\r\n}",
      "RequestHeaders": {
        "Content-Type": [
          "application/json; charset=utf-8"
        ],
        "Content-Length": [
          "29"
        ],
        "x-ms-client-request-id": [
          "a9677937-52c0-4a33-8a9f-302815694246"
        ],
        "accept-language": [
          "en-US"
        ],
        "User-Agent": [
          "FxVersion/4.7.3131.0",
          "OSName/Windows10Enterprise",
          "OSVersion/6.3.17134",
          "Microsoft.Azure.Management.Internal.Resources.ResourceManagementClient/4.1.0"
        ]
      },
      "ResponseBody": "{\r\n  \"id\": \"/subscriptions/f9b96b36-1f5e-4021-8959-51527e26e6d3/resourceGroups/ps4778\",\r\n  \"name\": \"ps4778\",\r\n  \"location\": \"westus\",\r\n  \"properties\": {\r\n    \"provisioningState\": \"Succeeded\"\r\n  }\r\n}",
      "ResponseHeaders": {
        "Content-Length": [
          "165"
=======
        "Date": [
          "Thu, 07 Jan 2021 09:46:45 GMT"
        ],
        "Content-Type": [
          "application/json; charset=utf-8"
        ],
        "Expires": [
          "-1"
        ],
        "Content-Length": [
          "1956"
        ]
      },
      "ResponseBody": "{\r\n  \"id\": \"/subscriptions/a4337210-c6b0-4de4-907a-688f1c120d9a/providers/Microsoft.Search\",\r\n  \"namespace\": \"Microsoft.Search\",\r\n  \"authorization\": {\r\n    \"applicationId\": \"408992c7-2af6-4ff1-92e3-65b73d2b5092\",\r\n    \"roleDefinitionId\": \"20FA3191-87CF-4C3D-9510-74CCB594A310\"\r\n  },\r\n  \"resourceTypes\": [\r\n    {\r\n      \"resourceType\": \"searchServices\",\r\n      \"locations\": [\r\n        \"West US\",\r\n        \"West US 2\",\r\n        \"East US\",\r\n        \"East US 2\",\r\n        \"North Europe\",\r\n        \"West Europe\",\r\n        \"Southeast Asia\",\r\n        \"East Asia\",\r\n        \"North Central US\",\r\n        \"South Central US\",\r\n        \"Central US\",\r\n        \"Japan West\",\r\n        \"Japan East\",\r\n        \"Korea Central\",\r\n        \"Australia East\",\r\n        \"Australia Southeast\",\r\n        \"Brazil South\",\r\n        \"Central India\",\r\n        \"West Central US\",\r\n        \"Canada Central\",\r\n        \"UK South\",\r\n        \"France Central\",\r\n        \"South Africa North\",\r\n        \"UAE North\",\r\n        \"East US 2 EUAP\",\r\n        \"Central US EUAP\"\r\n      ],\r\n      \"apiVersions\": [\r\n        \"2020-08-01-Preview\",\r\n        \"2020-08-01\",\r\n        \"2020-03-13\",\r\n        \"2019-10-01-Preview\",\r\n        \"2015-08-19\",\r\n        \"2015-02-28\",\r\n        \"2014-07-31-Preview\"\r\n      ],\r\n      \"capabilities\": \"CrossResourceGroupResourceMove, CrossSubscriptionResourceMove, SystemAssignedResourceIdentity\"\r\n    },\r\n    {\r\n      \"resourceType\": \"checkServiceNameAvailability\",\r\n      \"locations\": [],\r\n      \"apiVersions\": [\r\n        \"2015-02-28\",\r\n        \"2014-07-31-Preview\"\r\n      ]\r\n    },\r\n    {\r\n      \"resourceType\": \"resourceHealthMetadata\",\r\n      \"locations\": [\r\n        \"West US\",\r\n        \"West US 2\",\r\n        \"East US\",\r\n        \"East US 2\",\r\n        \"North Europe\",\r\n        \"West Europe\",\r\n        \"Southeast Asia\",\r\n        \"East Asia\",\r\n        \"North Central US\",\r\n        \"South Central US\",\r\n        \"Central US\",\r\n        \"Japan West\",\r\n        \"Japan East\",\r\n        \"Korea Central\",\r\n        \"Australia East\",\r\n        \"Australia Southeast\",\r\n        \"Brazil South\",\r\n        \"Central India\",\r\n        \"West Central US\",\r\n        \"Canada Central\",\r\n        \"UK South\",\r\n        \"France Central\",\r\n        \"South Africa North\",\r\n        \"UAE North\",\r\n        \"East US 2 EUAP\",\r\n        \"Central US EUAP\"\r\n      ],\r\n      \"apiVersions\": [\r\n        \"2020-08-01-Preview\",\r\n        \"2020-08-01\",\r\n        \"2020-03-13\",\r\n        \"2019-10-01-Preview\",\r\n        \"2015-08-19\"\r\n      ]\r\n    },\r\n    {\r\n      \"resourceType\": \"operations\",\r\n      \"locations\": [],\r\n      \"apiVersions\": [\r\n        \"2020-08-01-Preview\",\r\n        \"2020-08-01\",\r\n        \"2020-03-13\",\r\n        \"2019-10-01-Preview\",\r\n        \"2015-08-19\",\r\n        \"2015-02-28\"\r\n      ]\r\n    },\r\n    {\r\n      \"resourceType\": \"checkNameAvailability\",\r\n      \"locations\": [],\r\n      \"apiVersions\": [\r\n        \"2020-08-01-Preview\",\r\n        \"2020-08-01\",\r\n        \"2020-03-13\",\r\n        \"2019-10-01-Preview\",\r\n        \"2015-08-19\"\r\n      ]\r\n    }\r\n  ],\r\n  \"registrationState\": \"Registered\"\r\n}",
      "StatusCode": 200
    },
    {
      "RequestUri": "/subscriptions/a4337210-c6b0-4de4-907a-688f1c120d9a/resourcegroups/ps8519?api-version=2016-09-01",
      "EncodedRequestUri": "L3N1YnNjcmlwdGlvbnMvYTQzMzcyMTAtYzZiMC00ZGU0LTkwN2EtNjg4ZjFjMTIwZDlhL3Jlc291cmNlZ3JvdXBzL3BzODUxOT9hcGktdmVyc2lvbj0yMDE2LTA5LTAx",
      "RequestMethod": "PUT",
      "RequestBody": "{\r\n  \"location\": \"West US\"\r\n}",
      "RequestHeaders": {
        "x-ms-client-request-id": [
          "906c7281-c483-483a-b26d-cc4a39e9a5d9"
        ],
        "Accept-Language": [
          "en-US"
        ],
        "User-Agent": [
          "FxVersion/4.6.29321.03",
          "OSName/Windows",
          "OSVersion/Microsoft.Windows.10.0.19042.",
          "Microsoft.Azure.Management.Internal.Resources.ResourceManagementClient/1.3.29"
>>>>>>> d78b04a5306127f583235b13752c48d4f7d1289a
        ],
        "Content-Type": [
          "application/json; charset=utf-8"
        ],
<<<<<<< HEAD
        "Expires": [
          "-1"
=======
        "Content-Length": [
          "29"
        ]
      },
      "ResponseHeaders": {
        "Cache-Control": [
          "no-cache"
>>>>>>> d78b04a5306127f583235b13752c48d4f7d1289a
        ],
        "Pragma": [
          "no-cache"
        ],
        "x-ms-ratelimit-remaining-subscription-writes": [
          "1199"
        ],
        "x-ms-request-id": [
<<<<<<< HEAD
          "a7cc8620-a561-4f82-a4f1-8f26c58e2fac"
        ],
        "x-ms-correlation-request-id": [
          "a7cc8620-a561-4f82-a4f1-8f26c58e2fac"
        ],
        "x-ms-routing-request-id": [
          "WESTUS2:20180718T224126Z:a7cc8620-a561-4f82-a4f1-8f26c58e2fac"
=======
          "671ea767-7b23-4fb5-a88f-259563339395"
        ],
        "x-ms-correlation-request-id": [
          "671ea767-7b23-4fb5-a88f-259563339395"
        ],
        "x-ms-routing-request-id": [
          "WESTUS:20210107T094645Z:671ea767-7b23-4fb5-a88f-259563339395"
>>>>>>> d78b04a5306127f583235b13752c48d4f7d1289a
        ],
        "Strict-Transport-Security": [
          "max-age=31536000; includeSubDomains"
        ],
        "X-Content-Type-Options": [
          "nosniff"
        ],
<<<<<<< HEAD
        "Cache-Control": [
          "no-cache"
        ],
        "Date": [
          "Wed, 18 Jul 2018 22:41:25 GMT"
        ]
      },
      "StatusCode": 201
    },
    {
      "RequestUri": "/subscriptions/f9b96b36-1f5e-4021-8959-51527e26e6d3/resourceGroups/ps4778/providers/Microsoft.Search/searchServices/ps4778-service?api-version=2015-08-19",
      "EncodedRequestUri": "L3N1YnNjcmlwdGlvbnMvZjliOTZiMzYtMWY1ZS00MDIxLTg5NTktNTE1MjdlMjZlNmQzL3Jlc291cmNlR3JvdXBzL3BzNDc3OC9wcm92aWRlcnMvTWljcm9zb2Z0LlNlYXJjaC9zZWFyY2hTZXJ2aWNlcy9wczQ3Nzgtc2VydmljZT9hcGktdmVyc2lvbj0yMDE1LTA4LTE5",
      "RequestMethod": "PUT",
      "RequestBody": "{\r\n  \"properties\": {\r\n    \"replicaCount\": 1,\r\n    \"partitionCount\": 1,\r\n    \"hostingMode\": \"default\"\r\n  },\r\n  \"sku\": {\r\n    \"name\": \"standard\"\r\n  },\r\n  \"location\": \"West US\"\r\n}",
      "RequestHeaders": {
        "Content-Type": [
          "application/json; charset=utf-8"
        ],
        "Content-Length": [
          "176"
        ],
        "x-ms-client-request-id": [
          "80e240c7-51a4-4ab1-aba3-02a519f0e027"
        ],
        "accept-language": [
          "en-US"
        ],
        "User-Agent": [
          "FxVersion/4.7.3131.0",
          "OSName/Windows10Enterprise",
          "OSVersion/6.3.17134",
          "Microsoft.Azure.Management.Search.SearchManagementClient/2.0.0.0"
        ]
      },
      "ResponseBody": "{\r\n  \"id\": \"/subscriptions/f9b96b36-1f5e-4021-8959-51527e26e6d3/resourceGroups/ps4778/providers/Microsoft.Search/searchServices/ps4778-service\",\r\n  \"name\": \"ps4778-service\",\r\n  \"type\": \"Microsoft.Search/searchServices\",\r\n  \"location\": \"West US\",\r\n  \"properties\": {\r\n    \"replicaCount\": 1,\r\n    \"partitionCount\": 1,\r\n    \"status\": \"running\",\r\n    \"statusDetails\": \"\",\r\n    \"provisioningState\": \"succeeded\",\r\n    \"hostingMode\": \"default\"\r\n  },\r\n  \"sku\": {\r\n    \"name\": \"standard\"\r\n  }\r\n}",
      "ResponseHeaders": {
        "Content-Length": [
          "396"
=======
        "Date": [
          "Thu, 07 Jan 2021 09:46:45 GMT"
        ],
        "Content-Length": [
          "165"
        ],
        "Content-Type": [
          "application/json; charset=utf-8"
        ],
        "Expires": [
          "-1"
        ]
      },
      "ResponseBody": "{\r\n  \"id\": \"/subscriptions/a4337210-c6b0-4de4-907a-688f1c120d9a/resourceGroups/ps8519\",\r\n  \"name\": \"ps8519\",\r\n  \"location\": \"westus\",\r\n  \"properties\": {\r\n    \"provisioningState\": \"Succeeded\"\r\n  }\r\n}",
      "StatusCode": 201
    },
    {
      "RequestUri": "/subscriptions/a4337210-c6b0-4de4-907a-688f1c120d9a/resourceGroups/ps8519/providers/Microsoft.Search/searchServices/ps8519-service?api-version=2020-08-01",
      "EncodedRequestUri": "L3N1YnNjcmlwdGlvbnMvYTQzMzcyMTAtYzZiMC00ZGU0LTkwN2EtNjg4ZjFjMTIwZDlhL3Jlc291cmNlR3JvdXBzL3BzODUxOS9wcm92aWRlcnMvTWljcm9zb2Z0LlNlYXJjaC9zZWFyY2hTZXJ2aWNlcy9wczg1MTktc2VydmljZT9hcGktdmVyc2lvbj0yMDIwLTA4LTAx",
      "RequestMethod": "PUT",
      "RequestBody": "{\r\n  \"properties\": {\r\n    \"replicaCount\": 1,\r\n    \"partitionCount\": 1,\r\n    \"hostingMode\": \"default\"\r\n  },\r\n  \"sku\": {\r\n    \"name\": \"standard\"\r\n  },\r\n  \"location\": \"West US\"\r\n}",
      "RequestHeaders": {
        "x-ms-client-request-id": [
          "1f731069-504b-4a45-96ca-7f7752728b93"
        ],
        "Accept-Language": [
          "en-US"
        ],
        "User-Agent": [
          "FxVersion/4.6.29321.03",
          "OSName/Windows",
          "OSVersion/Microsoft.Windows.10.0.19042.",
          "Microsoft.Azure.Management.Search.SearchManagementClient/4.0.0.0"
>>>>>>> d78b04a5306127f583235b13752c48d4f7d1289a
        ],
        "Content-Type": [
          "application/json; charset=utf-8"
        ],
<<<<<<< HEAD
        "Expires": [
          "-1"
=======
        "Content-Length": [
          "176"
        ]
      },
      "ResponseHeaders": {
        "Cache-Control": [
          "no-cache"
>>>>>>> d78b04a5306127f583235b13752c48d4f7d1289a
        ],
        "Pragma": [
          "no-cache"
        ],
<<<<<<< HEAD
        "x-ms-request-id": [
          "80e240c7-51a4-4ab1-aba3-02a519f0e027"
        ],
        "request-id": [
          "80e240c7-51a4-4ab1-aba3-02a519f0e027"
        ],
        "elapsed-time": [
          "3049"
=======
        "ETag": [
          "W/\"datetime'2021-01-07T09%3A46%3A49.0843416Z'\""
        ],
        "x-ms-request-id": [
          "1f731069-504b-4a45-96ca-7f7752728b93"
        ],
        "request-id": [
          "1f731069-504b-4a45-96ca-7f7752728b93"
        ],
        "elapsed-time": [
          "3059"
>>>>>>> d78b04a5306127f583235b13752c48d4f7d1289a
        ],
        "Strict-Transport-Security": [
          "max-age=31536000; includeSubDomains"
        ],
        "x-ms-ratelimit-remaining-subscription-writes": [
<<<<<<< HEAD
          "1198"
        ],
        "x-ms-correlation-request-id": [
          "67714fb2-1efb-4b00-9744-76f92400b064"
        ],
        "x-ms-routing-request-id": [
          "WESTUS2:20180718T224130Z:67714fb2-1efb-4b00-9744-76f92400b064"
=======
          "1199"
        ],
        "x-ms-correlation-request-id": [
          "0d3ffc8d-8bf9-4410-981c-7ae77940069b"
        ],
        "x-ms-routing-request-id": [
          "WESTUS:20210107T094649Z:0d3ffc8d-8bf9-4410-981c-7ae77940069b"
>>>>>>> d78b04a5306127f583235b13752c48d4f7d1289a
        ],
        "X-Content-Type-Options": [
          "nosniff"
        ],
<<<<<<< HEAD
        "Cache-Control": [
          "no-cache"
        ],
        "Date": [
          "Wed, 18 Jul 2018 22:41:30 GMT"
        ],
        "ETag": [
          "W/\"datetime'2018-07-18T22%3A41%3A30.6212502Z'\""
        ]
      },
      "StatusCode": 201
    },
    {
      "RequestUri": "/subscriptions/f9b96b36-1f5e-4021-8959-51527e26e6d3/resourceGroups/ps4778/providers/Microsoft.Search/searchServices/ps4778-service/listAdminKeys?api-version=2015-08-19",
      "EncodedRequestUri": "L3N1YnNjcmlwdGlvbnMvZjliOTZiMzYtMWY1ZS00MDIxLTg5NTktNTE1MjdlMjZlNmQzL3Jlc291cmNlR3JvdXBzL3BzNDc3OC9wcm92aWRlcnMvTWljcm9zb2Z0LlNlYXJjaC9zZWFyY2hTZXJ2aWNlcy9wczQ3Nzgtc2VydmljZS9saXN0QWRtaW5LZXlzP2FwaS12ZXJzaW9uPTIwMTUtMDgtMTk=",
=======
        "Date": [
          "Thu, 07 Jan 2021 09:46:49 GMT"
        ],
        "Content-Length": [
          "540"
        ],
        "Content-Type": [
          "application/json; charset=utf-8"
        ],
        "Expires": [
          "-1"
        ]
      },
      "ResponseBody": "{\r\n  \"id\": \"/subscriptions/a4337210-c6b0-4de4-907a-688f1c120d9a/resourceGroups/ps8519/providers/Microsoft.Search/searchServices/ps8519-service\",\r\n  \"name\": \"ps8519-service\",\r\n  \"type\": \"Microsoft.Search/searchServices\",\r\n  \"location\": \"West US\",\r\n  \"properties\": {\r\n    \"replicaCount\": 1,\r\n    \"partitionCount\": 1,\r\n    \"status\": \"running\",\r\n    \"statusDetails\": \"\",\r\n    \"provisioningState\": \"succeeded\",\r\n    \"hostingMode\": \"default\",\r\n    \"publicNetworkAccess\": \"Enabled\",\r\n    \"networkRuleSet\": {\r\n      \"ipRules\": [],\r\n      \"bypass\": \"None\"\r\n    },\r\n    \"privateEndpointConnections\": [],\r\n    \"sharedPrivateLinkResources\": []\r\n  },\r\n  \"sku\": {\r\n    \"name\": \"standard\"\r\n  }\r\n}",
      "StatusCode": 201
    },
    {
      "RequestUri": "/subscriptions/a4337210-c6b0-4de4-907a-688f1c120d9a/resourceGroups/ps8519/providers/Microsoft.Search/searchServices/ps8519-service/listAdminKeys?api-version=2020-08-01",
      "EncodedRequestUri": "L3N1YnNjcmlwdGlvbnMvYTQzMzcyMTAtYzZiMC00ZGU0LTkwN2EtNjg4ZjFjMTIwZDlhL3Jlc291cmNlR3JvdXBzL3BzODUxOS9wcm92aWRlcnMvTWljcm9zb2Z0LlNlYXJjaC9zZWFyY2hTZXJ2aWNlcy9wczg1MTktc2VydmljZS9saXN0QWRtaW5LZXlzP2FwaS12ZXJzaW9uPTIwMjAtMDgtMDE=",
>>>>>>> d78b04a5306127f583235b13752c48d4f7d1289a
      "RequestMethod": "POST",
      "RequestBody": "",
      "RequestHeaders": {
        "x-ms-client-request-id": [
<<<<<<< HEAD
          "643de916-33da-43ad-9fb4-ecbe1a770881"
        ],
        "accept-language": [
          "en-US"
        ],
        "User-Agent": [
          "FxVersion/4.7.3131.0",
          "OSName/Windows10Enterprise",
          "OSVersion/6.3.17134",
          "Microsoft.Azure.Management.Search.SearchManagementClient/2.0.0.0"
        ]
      },
      "ResponseBody": "{\r\n  \"primaryKey\": \"20D0826C0AFBC117D2ECA2FEEC1AFE99\",\r\n  \"secondaryKey\": \"483999B404158ECF7E9B69D69FAF1450\"\r\n}",
      "ResponseHeaders": {
        "Content-Length": [
          "99"
        ],
        "Content-Type": [
          "application/json; charset=utf-8"
        ],
        "Expires": [
          "-1"
=======
          "7792aac2-f5f7-4906-afad-81f3225113dd"
        ],
        "Accept-Language": [
          "en-US"
        ],
        "User-Agent": [
          "FxVersion/4.6.29321.03",
          "OSName/Windows",
          "OSVersion/Microsoft.Windows.10.0.19042.",
          "Microsoft.Azure.Management.Search.SearchManagementClient/4.0.0.0"
        ]
      },
      "ResponseHeaders": {
        "Cache-Control": [
          "no-cache"
>>>>>>> d78b04a5306127f583235b13752c48d4f7d1289a
        ],
        "Pragma": [
          "no-cache"
        ],
        "Vary": [
          "Accept-Encoding"
        ],
        "x-ms-request-id": [
<<<<<<< HEAD
          "643de916-33da-43ad-9fb4-ecbe1a770881"
        ],
        "request-id": [
          "643de916-33da-43ad-9fb4-ecbe1a770881"
        ],
        "elapsed-time": [
          "285"
=======
          "7792aac2-f5f7-4906-afad-81f3225113dd"
        ],
        "request-id": [
          "7792aac2-f5f7-4906-afad-81f3225113dd"
        ],
        "elapsed-time": [
          "118"
>>>>>>> d78b04a5306127f583235b13752c48d4f7d1289a
        ],
        "Strict-Transport-Security": [
          "max-age=31536000; includeSubDomains"
        ],
        "x-ms-ratelimit-remaining-subscription-writes": [
<<<<<<< HEAD
          "1197"
        ],
        "x-ms-correlation-request-id": [
          "af9cc3a7-9a61-43d5-b5d2-a9c656298072"
        ],
        "x-ms-routing-request-id": [
          "WESTUS2:20180718T224135Z:af9cc3a7-9a61-43d5-b5d2-a9c656298072"
=======
          "1199"
        ],
        "x-ms-correlation-request-id": [
          "80dbf8bb-4576-44ee-ba35-26fe8862e99d"
        ],
        "x-ms-routing-request-id": [
          "WESTUS:20210107T094649Z:80dbf8bb-4576-44ee-ba35-26fe8862e99d"
>>>>>>> d78b04a5306127f583235b13752c48d4f7d1289a
        ],
        "X-Content-Type-Options": [
          "nosniff"
        ],
<<<<<<< HEAD
        "Cache-Control": [
          "no-cache"
        ],
        "Date": [
          "Wed, 18 Jul 2018 22:41:35 GMT"
        ]
      },
      "StatusCode": 200
    },
    {
      "RequestUri": "/subscriptions/f9b96b36-1f5e-4021-8959-51527e26e6d3/resourceGroups/ps4778/providers/Microsoft.Search/searchServices/ps4778-service/listAdminKeys?api-version=2015-08-19",
      "EncodedRequestUri": "L3N1YnNjcmlwdGlvbnMvZjliOTZiMzYtMWY1ZS00MDIxLTg5NTktNTE1MjdlMjZlNmQzL3Jlc291cmNlR3JvdXBzL3BzNDc3OC9wcm92aWRlcnMvTWljcm9zb2Z0LlNlYXJjaC9zZWFyY2hTZXJ2aWNlcy9wczQ3Nzgtc2VydmljZS9saXN0QWRtaW5LZXlzP2FwaS12ZXJzaW9uPTIwMTUtMDgtMTk=",
=======
        "Date": [
          "Thu, 07 Jan 2021 09:46:49 GMT"
        ],
        "Content-Length": [
          "99"
        ],
        "Content-Type": [
          "application/json; charset=utf-8"
        ],
        "Expires": [
          "-1"
        ]
      },
      "ResponseBody": "{\r\n  \"primaryKey\": \"42A9FE006F5EB3F5E6F6EF6C9B828B62\",\r\n  \"secondaryKey\": \"DAD52892F5681F91EAF76F4FDA9A9C2D\"\r\n}",
      "StatusCode": 200
    },
    {
      "RequestUri": "/subscriptions/a4337210-c6b0-4de4-907a-688f1c120d9a/resourceGroups/ps8519/providers/Microsoft.Search/searchServices/ps8519-service/listAdminKeys?api-version=2020-08-01",
      "EncodedRequestUri": "L3N1YnNjcmlwdGlvbnMvYTQzMzcyMTAtYzZiMC00ZGU0LTkwN2EtNjg4ZjFjMTIwZDlhL3Jlc291cmNlR3JvdXBzL3BzODUxOS9wcm92aWRlcnMvTWljcm9zb2Z0LlNlYXJjaC9zZWFyY2hTZXJ2aWNlcy9wczg1MTktc2VydmljZS9saXN0QWRtaW5LZXlzP2FwaS12ZXJzaW9uPTIwMjAtMDgtMDE=",
>>>>>>> d78b04a5306127f583235b13752c48d4f7d1289a
      "RequestMethod": "POST",
      "RequestBody": "",
      "RequestHeaders": {
        "x-ms-client-request-id": [
<<<<<<< HEAD
          "5cfe0aa1-9148-4a0e-ad13-d81c9658161c"
        ],
        "accept-language": [
          "en-US"
        ],
        "User-Agent": [
          "FxVersion/4.7.3131.0",
          "OSName/Windows10Enterprise",
          "OSVersion/6.3.17134",
          "Microsoft.Azure.Management.Search.SearchManagementClient/2.0.0.0"
        ]
      },
      "ResponseBody": "{\r\n  \"primaryKey\": \"20D0826C0AFBC117D2ECA2FEEC1AFE99\",\r\n  \"secondaryKey\": \"483999B404158ECF7E9B69D69FAF1450\"\r\n}",
      "ResponseHeaders": {
        "Content-Length": [
          "99"
        ],
        "Content-Type": [
          "application/json; charset=utf-8"
        ],
        "Expires": [
          "-1"
=======
          "881467f6-911b-4651-a767-034362c7df59"
        ],
        "Accept-Language": [
          "en-US"
        ],
        "User-Agent": [
          "FxVersion/4.6.29321.03",
          "OSName/Windows",
          "OSVersion/Microsoft.Windows.10.0.19042.",
          "Microsoft.Azure.Management.Search.SearchManagementClient/4.0.0.0"
        ]
      },
      "ResponseHeaders": {
        "Cache-Control": [
          "no-cache"
>>>>>>> d78b04a5306127f583235b13752c48d4f7d1289a
        ],
        "Pragma": [
          "no-cache"
        ],
        "Vary": [
          "Accept-Encoding"
        ],
        "x-ms-request-id": [
<<<<<<< HEAD
          "5cfe0aa1-9148-4a0e-ad13-d81c9658161c"
        ],
        "request-id": [
          "5cfe0aa1-9148-4a0e-ad13-d81c9658161c"
        ],
        "elapsed-time": [
          "215"
=======
          "881467f6-911b-4651-a767-034362c7df59"
        ],
        "request-id": [
          "881467f6-911b-4651-a767-034362c7df59"
        ],
        "elapsed-time": [
          "123"
>>>>>>> d78b04a5306127f583235b13752c48d4f7d1289a
        ],
        "Strict-Transport-Security": [
          "max-age=31536000; includeSubDomains"
        ],
        "x-ms-ratelimit-remaining-subscription-writes": [
<<<<<<< HEAD
          "1196"
        ],
        "x-ms-correlation-request-id": [
          "ccfb94cd-df9c-4aae-867f-1858d4e9557d"
        ],
        "x-ms-routing-request-id": [
          "WESTUS2:20180718T224136Z:ccfb94cd-df9c-4aae-867f-1858d4e9557d"
=======
          "1198"
        ],
        "x-ms-correlation-request-id": [
          "3bb99d97-09b1-4bf2-bf20-9ceb2a364a1a"
        ],
        "x-ms-routing-request-id": [
          "WESTUS:20210107T094649Z:3bb99d97-09b1-4bf2-bf20-9ceb2a364a1a"
>>>>>>> d78b04a5306127f583235b13752c48d4f7d1289a
        ],
        "X-Content-Type-Options": [
          "nosniff"
        ],
<<<<<<< HEAD
        "Cache-Control": [
          "no-cache"
        ],
        "Date": [
          "Wed, 18 Jul 2018 22:41:36 GMT"
        ]
      },
      "StatusCode": 200
    },
    {
      "RequestUri": "/subscriptions/f9b96b36-1f5e-4021-8959-51527e26e6d3/resourceGroups/ps4778/providers/Microsoft.Search/searchServices/ps4778-service/listAdminKeys?api-version=2015-08-19",
      "EncodedRequestUri": "L3N1YnNjcmlwdGlvbnMvZjliOTZiMzYtMWY1ZS00MDIxLTg5NTktNTE1MjdlMjZlNmQzL3Jlc291cmNlR3JvdXBzL3BzNDc3OC9wcm92aWRlcnMvTWljcm9zb2Z0LlNlYXJjaC9zZWFyY2hTZXJ2aWNlcy9wczQ3Nzgtc2VydmljZS9saXN0QWRtaW5LZXlzP2FwaS12ZXJzaW9uPTIwMTUtMDgtMTk=",
=======
        "Date": [
          "Thu, 07 Jan 2021 09:46:49 GMT"
        ],
        "Content-Length": [
          "99"
        ],
        "Content-Type": [
          "application/json; charset=utf-8"
        ],
        "Expires": [
          "-1"
        ]
      },
      "ResponseBody": "{\r\n  \"primaryKey\": \"42A9FE006F5EB3F5E6F6EF6C9B828B62\",\r\n  \"secondaryKey\": \"DAD52892F5681F91EAF76F4FDA9A9C2D\"\r\n}",
      "StatusCode": 200
    },
    {
      "RequestUri": "/subscriptions/a4337210-c6b0-4de4-907a-688f1c120d9a/resourceGroups/ps8519/providers/Microsoft.Search/searchServices/ps8519-service/listAdminKeys?api-version=2020-08-01",
      "EncodedRequestUri": "L3N1YnNjcmlwdGlvbnMvYTQzMzcyMTAtYzZiMC00ZGU0LTkwN2EtNjg4ZjFjMTIwZDlhL3Jlc291cmNlR3JvdXBzL3BzODUxOS9wcm92aWRlcnMvTWljcm9zb2Z0LlNlYXJjaC9zZWFyY2hTZXJ2aWNlcy9wczg1MTktc2VydmljZS9saXN0QWRtaW5LZXlzP2FwaS12ZXJzaW9uPTIwMjAtMDgtMDE=",
>>>>>>> d78b04a5306127f583235b13752c48d4f7d1289a
      "RequestMethod": "POST",
      "RequestBody": "",
      "RequestHeaders": {
        "x-ms-client-request-id": [
<<<<<<< HEAD
          "c815ab9a-1246-457f-8066-78892f4ad96f"
        ],
        "accept-language": [
          "en-US"
        ],
        "User-Agent": [
          "FxVersion/4.7.3131.0",
          "OSName/Windows10Enterprise",
          "OSVersion/6.3.17134",
          "Microsoft.Azure.Management.Search.SearchManagementClient/2.0.0.0"
        ]
      },
      "ResponseBody": "{\r\n  \"primaryKey\": \"20D0826C0AFBC117D2ECA2FEEC1AFE99\",\r\n  \"secondaryKey\": \"483999B404158ECF7E9B69D69FAF1450\"\r\n}",
      "ResponseHeaders": {
        "Content-Length": [
          "99"
        ],
        "Content-Type": [
          "application/json; charset=utf-8"
        ],
        "Expires": [
          "-1"
=======
          "39ba4277-cc0f-4361-beca-a6253fd45811"
        ],
        "Accept-Language": [
          "en-US"
        ],
        "User-Agent": [
          "FxVersion/4.6.29321.03",
          "OSName/Windows",
          "OSVersion/Microsoft.Windows.10.0.19042.",
          "Microsoft.Azure.Management.Search.SearchManagementClient/4.0.0.0"
        ]
      },
      "ResponseHeaders": {
        "Cache-Control": [
          "no-cache"
>>>>>>> d78b04a5306127f583235b13752c48d4f7d1289a
        ],
        "Pragma": [
          "no-cache"
        ],
        "Vary": [
          "Accept-Encoding"
        ],
        "x-ms-request-id": [
<<<<<<< HEAD
          "c815ab9a-1246-457f-8066-78892f4ad96f"
        ],
        "request-id": [
          "c815ab9a-1246-457f-8066-78892f4ad96f"
        ],
        "elapsed-time": [
          "246"
=======
          "39ba4277-cc0f-4361-beca-a6253fd45811"
        ],
        "request-id": [
          "39ba4277-cc0f-4361-beca-a6253fd45811"
        ],
        "elapsed-time": [
          "124"
>>>>>>> d78b04a5306127f583235b13752c48d4f7d1289a
        ],
        "Strict-Transport-Security": [
          "max-age=31536000; includeSubDomains"
        ],
        "x-ms-ratelimit-remaining-subscription-writes": [
<<<<<<< HEAD
          "1195"
        ],
        "x-ms-correlation-request-id": [
          "3f81b8d5-7d91-40ba-8bd9-0ec496807824"
        ],
        "x-ms-routing-request-id": [
          "WESTUS2:20180718T224137Z:3f81b8d5-7d91-40ba-8bd9-0ec496807824"
=======
          "1197"
        ],
        "x-ms-correlation-request-id": [
          "7959f707-508b-4557-b7cd-4e5970e0714e"
        ],
        "x-ms-routing-request-id": [
          "WESTUS:20210107T094650Z:7959f707-508b-4557-b7cd-4e5970e0714e"
>>>>>>> d78b04a5306127f583235b13752c48d4f7d1289a
        ],
        "X-Content-Type-Options": [
          "nosniff"
        ],
<<<<<<< HEAD
        "Cache-Control": [
          "no-cache"
        ],
        "Date": [
          "Wed, 18 Jul 2018 22:41:37 GMT"
        ]
      },
      "StatusCode": 200
    },
    {
      "RequestUri": "/subscriptions/f9b96b36-1f5e-4021-8959-51527e26e6d3/resourceGroups/ps4778/providers/Microsoft.Search/searchServices/ps4778-service/regenerateAdminKey/primary?api-version=2015-08-19",
      "EncodedRequestUri": "L3N1YnNjcmlwdGlvbnMvZjliOTZiMzYtMWY1ZS00MDIxLTg5NTktNTE1MjdlMjZlNmQzL3Jlc291cmNlR3JvdXBzL3BzNDc3OC9wcm92aWRlcnMvTWljcm9zb2Z0LlNlYXJjaC9zZWFyY2hTZXJ2aWNlcy9wczQ3Nzgtc2VydmljZS9yZWdlbmVyYXRlQWRtaW5LZXkvcHJpbWFyeT9hcGktdmVyc2lvbj0yMDE1LTA4LTE5",
=======
        "Date": [
          "Thu, 07 Jan 2021 09:46:49 GMT"
        ],
        "Content-Length": [
          "99"
        ],
        "Content-Type": [
          "application/json; charset=utf-8"
        ],
        "Expires": [
          "-1"
        ]
      },
      "ResponseBody": "{\r\n  \"primaryKey\": \"42A9FE006F5EB3F5E6F6EF6C9B828B62\",\r\n  \"secondaryKey\": \"DAD52892F5681F91EAF76F4FDA9A9C2D\"\r\n}",
      "StatusCode": 200
    },
    {
      "RequestUri": "/subscriptions/a4337210-c6b0-4de4-907a-688f1c120d9a/resourceGroups/ps8519/providers/Microsoft.Search/searchServices/ps8519-service/regenerateAdminKey/primary?api-version=2020-08-01",
      "EncodedRequestUri": "L3N1YnNjcmlwdGlvbnMvYTQzMzcyMTAtYzZiMC00ZGU0LTkwN2EtNjg4ZjFjMTIwZDlhL3Jlc291cmNlR3JvdXBzL3BzODUxOS9wcm92aWRlcnMvTWljcm9zb2Z0LlNlYXJjaC9zZWFyY2hTZXJ2aWNlcy9wczg1MTktc2VydmljZS9yZWdlbmVyYXRlQWRtaW5LZXkvcHJpbWFyeT9hcGktdmVyc2lvbj0yMDIwLTA4LTAx",
>>>>>>> d78b04a5306127f583235b13752c48d4f7d1289a
      "RequestMethod": "POST",
      "RequestBody": "",
      "RequestHeaders": {
        "x-ms-client-request-id": [
<<<<<<< HEAD
          "0096b8d0-a57b-465d-b5af-beceacd69ca7"
        ],
        "accept-language": [
          "en-US"
        ],
        "User-Agent": [
          "FxVersion/4.7.3131.0",
          "OSName/Windows10Enterprise",
          "OSVersion/6.3.17134",
          "Microsoft.Azure.Management.Search.SearchManagementClient/2.0.0.0"
        ]
      },
      "ResponseBody": "{\r\n  \"primaryKey\": \"7D08F0B0485F815B48F54EEBD118C80D\",\r\n  \"secondaryKey\": \"483999B404158ECF7E9B69D69FAF1450\"\r\n}",
      "ResponseHeaders": {
        "Content-Length": [
          "99"
        ],
        "Content-Type": [
          "application/json; charset=utf-8"
        ],
        "Expires": [
          "-1"
=======
          "a448b1bd-a69e-4f61-91f3-6c4ba1fe078f"
        ],
        "Accept-Language": [
          "en-US"
        ],
        "User-Agent": [
          "FxVersion/4.6.29321.03",
          "OSName/Windows",
          "OSVersion/Microsoft.Windows.10.0.19042.",
          "Microsoft.Azure.Management.Search.SearchManagementClient/4.0.0.0"
        ]
      },
      "ResponseHeaders": {
        "Cache-Control": [
          "no-cache"
>>>>>>> d78b04a5306127f583235b13752c48d4f7d1289a
        ],
        "Pragma": [
          "no-cache"
        ],
        "Vary": [
          "Accept-Encoding"
        ],
        "x-ms-request-id": [
<<<<<<< HEAD
          "0096b8d0-a57b-465d-b5af-beceacd69ca7"
        ],
        "request-id": [
          "0096b8d0-a57b-465d-b5af-beceacd69ca7"
        ],
        "elapsed-time": [
          "591"
=======
          "a448b1bd-a69e-4f61-91f3-6c4ba1fe078f"
        ],
        "request-id": [
          "a448b1bd-a69e-4f61-91f3-6c4ba1fe078f"
        ],
        "elapsed-time": [
          "453"
>>>>>>> d78b04a5306127f583235b13752c48d4f7d1289a
        ],
        "Strict-Transport-Security": [
          "max-age=31536000; includeSubDomains"
        ],
        "x-ms-ratelimit-remaining-subscription-writes": [
<<<<<<< HEAD
          "1194"
        ],
        "x-ms-correlation-request-id": [
          "26cac47f-0953-4dad-ac03-e63e28e18cc2"
        ],
        "x-ms-routing-request-id": [
          "WESTUS2:20180718T224139Z:26cac47f-0953-4dad-ac03-e63e28e18cc2"
=======
          "1196"
        ],
        "x-ms-correlation-request-id": [
          "3492843d-214e-4aaa-9fa0-ec9e80fe91f1"
        ],
        "x-ms-routing-request-id": [
          "WESTUS:20210107T094650Z:3492843d-214e-4aaa-9fa0-ec9e80fe91f1"
>>>>>>> d78b04a5306127f583235b13752c48d4f7d1289a
        ],
        "X-Content-Type-Options": [
          "nosniff"
        ],
<<<<<<< HEAD
        "Cache-Control": [
          "no-cache"
        ],
        "Date": [
          "Wed, 18 Jul 2018 22:41:38 GMT"
        ]
      },
      "StatusCode": 200
    },
    {
      "RequestUri": "/subscriptions/f9b96b36-1f5e-4021-8959-51527e26e6d3/resourceGroups/ps4778/providers/Microsoft.Search/searchServices/ps4778-service/regenerateAdminKey/primary?api-version=2015-08-19",
      "EncodedRequestUri": "L3N1YnNjcmlwdGlvbnMvZjliOTZiMzYtMWY1ZS00MDIxLTg5NTktNTE1MjdlMjZlNmQzL3Jlc291cmNlR3JvdXBzL3BzNDc3OC9wcm92aWRlcnMvTWljcm9zb2Z0LlNlYXJjaC9zZWFyY2hTZXJ2aWNlcy9wczQ3Nzgtc2VydmljZS9yZWdlbmVyYXRlQWRtaW5LZXkvcHJpbWFyeT9hcGktdmVyc2lvbj0yMDE1LTA4LTE5",
=======
        "Date": [
          "Thu, 07 Jan 2021 09:46:50 GMT"
        ],
        "Content-Length": [
          "99"
        ],
        "Content-Type": [
          "application/json; charset=utf-8"
        ],
        "Expires": [
          "-1"
        ]
      },
      "ResponseBody": "{\r\n  \"primaryKey\": \"D46405279376322949E4F59CF2AD2AF7\",\r\n  \"secondaryKey\": \"DAD52892F5681F91EAF76F4FDA9A9C2D\"\r\n}",
      "StatusCode": 200
    },
    {
      "RequestUri": "/subscriptions/a4337210-c6b0-4de4-907a-688f1c120d9a/resourceGroups/ps8519/providers/Microsoft.Search/searchServices/ps8519-service/regenerateAdminKey/primary?api-version=2020-08-01",
      "EncodedRequestUri": "L3N1YnNjcmlwdGlvbnMvYTQzMzcyMTAtYzZiMC00ZGU0LTkwN2EtNjg4ZjFjMTIwZDlhL3Jlc291cmNlR3JvdXBzL3BzODUxOS9wcm92aWRlcnMvTWljcm9zb2Z0LlNlYXJjaC9zZWFyY2hTZXJ2aWNlcy9wczg1MTktc2VydmljZS9yZWdlbmVyYXRlQWRtaW5LZXkvcHJpbWFyeT9hcGktdmVyc2lvbj0yMDIwLTA4LTAx",
>>>>>>> d78b04a5306127f583235b13752c48d4f7d1289a
      "RequestMethod": "POST",
      "RequestBody": "",
      "RequestHeaders": {
        "x-ms-client-request-id": [
<<<<<<< HEAD
          "2ec8e4e6-7f33-460d-b695-17ec430a4963"
        ],
        "accept-language": [
          "en-US"
        ],
        "User-Agent": [
          "FxVersion/4.7.3131.0",
          "OSName/Windows10Enterprise",
          "OSVersion/6.3.17134",
          "Microsoft.Azure.Management.Search.SearchManagementClient/2.0.0.0"
        ]
      },
      "ResponseBody": "{\r\n  \"primaryKey\": \"9C544E123582C212217AC3AA8D981BEA\",\r\n  \"secondaryKey\": \"AE522DF0D5CF8DB725D95D93EA8666D1\"\r\n}",
      "ResponseHeaders": {
        "Content-Length": [
          "99"
        ],
        "Content-Type": [
          "application/json; charset=utf-8"
        ],
        "Expires": [
          "-1"
=======
          "e3dc44c9-b9f4-420e-ace6-b1dbf2bbb3bb"
        ],
        "Accept-Language": [
          "en-US"
        ],
        "User-Agent": [
          "FxVersion/4.6.29321.03",
          "OSName/Windows",
          "OSVersion/Microsoft.Windows.10.0.19042.",
          "Microsoft.Azure.Management.Search.SearchManagementClient/4.0.0.0"
        ]
      },
      "ResponseHeaders": {
        "Cache-Control": [
          "no-cache"
>>>>>>> d78b04a5306127f583235b13752c48d4f7d1289a
        ],
        "Pragma": [
          "no-cache"
        ],
        "Vary": [
          "Accept-Encoding"
        ],
        "x-ms-request-id": [
<<<<<<< HEAD
          "2ec8e4e6-7f33-460d-b695-17ec430a4963"
        ],
        "request-id": [
          "2ec8e4e6-7f33-460d-b695-17ec430a4963"
        ],
        "elapsed-time": [
          "527"
=======
          "e3dc44c9-b9f4-420e-ace6-b1dbf2bbb3bb"
        ],
        "request-id": [
          "e3dc44c9-b9f4-420e-ace6-b1dbf2bbb3bb"
        ],
        "elapsed-time": [
          "256"
>>>>>>> d78b04a5306127f583235b13752c48d4f7d1289a
        ],
        "Strict-Transport-Security": [
          "max-age=31536000; includeSubDomains"
        ],
        "x-ms-ratelimit-remaining-subscription-writes": [
<<<<<<< HEAD
          "1192"
        ],
        "x-ms-correlation-request-id": [
          "7a2b65bf-1091-4928-885d-c4614ccd542d"
        ],
        "x-ms-routing-request-id": [
          "WESTUS2:20180718T224142Z:7a2b65bf-1091-4928-885d-c4614ccd542d"
=======
          "1194"
        ],
        "x-ms-correlation-request-id": [
          "0920d518-8a69-4d87-a351-bf7692d43ccd"
        ],
        "x-ms-routing-request-id": [
          "WESTUS:20210107T094651Z:0920d518-8a69-4d87-a351-bf7692d43ccd"
>>>>>>> d78b04a5306127f583235b13752c48d4f7d1289a
        ],
        "X-Content-Type-Options": [
          "nosniff"
        ],
<<<<<<< HEAD
        "Cache-Control": [
          "no-cache"
        ],
        "Date": [
          "Wed, 18 Jul 2018 22:41:41 GMT"
        ]
      },
      "StatusCode": 200
    },
    {
      "RequestUri": "/subscriptions/f9b96b36-1f5e-4021-8959-51527e26e6d3/resourceGroups/ps4778/providers/Microsoft.Search/searchServices/ps4778-service/regenerateAdminKey/secondary?api-version=2015-08-19",
      "EncodedRequestUri": "L3N1YnNjcmlwdGlvbnMvZjliOTZiMzYtMWY1ZS00MDIxLTg5NTktNTE1MjdlMjZlNmQzL3Jlc291cmNlR3JvdXBzL3BzNDc3OC9wcm92aWRlcnMvTWljcm9zb2Z0LlNlYXJjaC9zZWFyY2hTZXJ2aWNlcy9wczQ3Nzgtc2VydmljZS9yZWdlbmVyYXRlQWRtaW5LZXkvc2Vjb25kYXJ5P2FwaS12ZXJzaW9uPTIwMTUtMDgtMTk=",
=======
        "Date": [
          "Thu, 07 Jan 2021 09:46:50 GMT"
        ],
        "Content-Length": [
          "99"
        ],
        "Content-Type": [
          "application/json; charset=utf-8"
        ],
        "Expires": [
          "-1"
        ]
      },
      "ResponseBody": "{\r\n  \"primaryKey\": \"6644333FDE253B6C3E70C6683A42302B\",\r\n  \"secondaryKey\": \"769DE872B20505EAC07CBA54BBF64DE7\"\r\n}",
      "StatusCode": 200
    },
    {
      "RequestUri": "/subscriptions/a4337210-c6b0-4de4-907a-688f1c120d9a/resourceGroups/ps8519/providers/Microsoft.Search/searchServices/ps8519-service/regenerateAdminKey/secondary?api-version=2020-08-01",
      "EncodedRequestUri": "L3N1YnNjcmlwdGlvbnMvYTQzMzcyMTAtYzZiMC00ZGU0LTkwN2EtNjg4ZjFjMTIwZDlhL3Jlc291cmNlR3JvdXBzL3BzODUxOS9wcm92aWRlcnMvTWljcm9zb2Z0LlNlYXJjaC9zZWFyY2hTZXJ2aWNlcy9wczg1MTktc2VydmljZS9yZWdlbmVyYXRlQWRtaW5LZXkvc2Vjb25kYXJ5P2FwaS12ZXJzaW9uPTIwMjAtMDgtMDE=",
>>>>>>> d78b04a5306127f583235b13752c48d4f7d1289a
      "RequestMethod": "POST",
      "RequestBody": "",
      "RequestHeaders": {
        "x-ms-client-request-id": [
<<<<<<< HEAD
          "fdeb69cf-5dd9-44d3-a617-e6239f6712ec"
        ],
        "accept-language": [
          "en-US"
        ],
        "User-Agent": [
          "FxVersion/4.7.3131.0",
          "OSName/Windows10Enterprise",
          "OSVersion/6.3.17134",
          "Microsoft.Azure.Management.Search.SearchManagementClient/2.0.0.0"
        ]
      },
      "ResponseBody": "{\r\n  \"primaryKey\": \"7D08F0B0485F815B48F54EEBD118C80D\",\r\n  \"secondaryKey\": \"AE522DF0D5CF8DB725D95D93EA8666D1\"\r\n}",
      "ResponseHeaders": {
        "Content-Length": [
          "99"
        ],
        "Content-Type": [
          "application/json; charset=utf-8"
        ],
        "Expires": [
          "-1"
=======
          "d2a8cef2-1c22-4180-ab55-3a6bb2967e49"
        ],
        "Accept-Language": [
          "en-US"
        ],
        "User-Agent": [
          "FxVersion/4.6.29321.03",
          "OSName/Windows",
          "OSVersion/Microsoft.Windows.10.0.19042.",
          "Microsoft.Azure.Management.Search.SearchManagementClient/4.0.0.0"
        ]
      },
      "ResponseHeaders": {
        "Cache-Control": [
          "no-cache"
>>>>>>> d78b04a5306127f583235b13752c48d4f7d1289a
        ],
        "Pragma": [
          "no-cache"
        ],
        "Vary": [
          "Accept-Encoding"
        ],
        "x-ms-request-id": [
<<<<<<< HEAD
          "fdeb69cf-5dd9-44d3-a617-e6239f6712ec"
        ],
        "request-id": [
          "fdeb69cf-5dd9-44d3-a617-e6239f6712ec"
        ],
        "elapsed-time": [
          "514"
=======
          "d2a8cef2-1c22-4180-ab55-3a6bb2967e49"
        ],
        "request-id": [
          "d2a8cef2-1c22-4180-ab55-3a6bb2967e49"
        ],
        "elapsed-time": [
          "232"
>>>>>>> d78b04a5306127f583235b13752c48d4f7d1289a
        ],
        "Strict-Transport-Security": [
          "max-age=31536000; includeSubDomains"
        ],
        "x-ms-ratelimit-remaining-subscription-writes": [
<<<<<<< HEAD
          "1193"
        ],
        "x-ms-correlation-request-id": [
          "043f2db4-b118-4eaa-b4c8-4ad85e00b51d"
        ],
        "x-ms-routing-request-id": [
          "WESTUS2:20180718T224140Z:043f2db4-b118-4eaa-b4c8-4ad85e00b51d"
=======
          "1195"
        ],
        "x-ms-correlation-request-id": [
          "94998937-0436-4938-bcd7-b5cd567c9543"
        ],
        "x-ms-routing-request-id": [
          "WESTUS:20210107T094650Z:94998937-0436-4938-bcd7-b5cd567c9543"
>>>>>>> d78b04a5306127f583235b13752c48d4f7d1289a
        ],
        "X-Content-Type-Options": [
          "nosniff"
        ],
<<<<<<< HEAD
        "Cache-Control": [
          "no-cache"
        ],
        "Date": [
          "Wed, 18 Jul 2018 22:41:40 GMT"
        ]
      },
      "StatusCode": 200
    },
    {
      "RequestUri": "/subscriptions/f9b96b36-1f5e-4021-8959-51527e26e6d3/resourcegroups/ps4778?api-version=2016-09-01",
      "EncodedRequestUri": "L3N1YnNjcmlwdGlvbnMvZjliOTZiMzYtMWY1ZS00MDIxLTg5NTktNTE1MjdlMjZlNmQzL3Jlc291cmNlZ3JvdXBzL3BzNDc3OD9hcGktdmVyc2lvbj0yMDE2LTA5LTAx",
=======
        "Date": [
          "Thu, 07 Jan 2021 09:46:50 GMT"
        ],
        "Content-Length": [
          "99"
        ],
        "Content-Type": [
          "application/json; charset=utf-8"
        ],
        "Expires": [
          "-1"
        ]
      },
      "ResponseBody": "{\r\n  \"primaryKey\": \"D46405279376322949E4F59CF2AD2AF7\",\r\n  \"secondaryKey\": \"769DE872B20505EAC07CBA54BBF64DE7\"\r\n}",
      "StatusCode": 200
    },
    {
      "RequestUri": "/subscriptions/a4337210-c6b0-4de4-907a-688f1c120d9a/resourcegroups/ps8519?api-version=2016-09-01",
      "EncodedRequestUri": "L3N1YnNjcmlwdGlvbnMvYTQzMzcyMTAtYzZiMC00ZGU0LTkwN2EtNjg4ZjFjMTIwZDlhL3Jlc291cmNlZ3JvdXBzL3BzODUxOT9hcGktdmVyc2lvbj0yMDE2LTA5LTAx",
>>>>>>> d78b04a5306127f583235b13752c48d4f7d1289a
      "RequestMethod": "DELETE",
      "RequestBody": "",
      "RequestHeaders": {
        "x-ms-client-request-id": [
<<<<<<< HEAD
          "2d965de5-1133-43ae-a2bf-8b335919b987"
        ],
        "accept-language": [
          "en-US"
        ],
        "User-Agent": [
          "FxVersion/4.7.3131.0",
          "OSName/Windows10Enterprise",
          "OSVersion/6.3.17134",
          "Microsoft.Azure.Management.Internal.Resources.ResourceManagementClient/4.1.0"
        ]
      },
      "ResponseBody": "",
      "ResponseHeaders": {
        "Content-Length": [
          "0"
        ],
        "Expires": [
          "-1"
=======
          "44bdf308-87cd-4651-9743-215652ec372c"
        ],
        "Accept-Language": [
          "en-US"
        ],
        "User-Agent": [
          "FxVersion/4.6.29321.03",
          "OSName/Windows",
          "OSVersion/Microsoft.Windows.10.0.19042.",
          "Microsoft.Azure.Management.Internal.Resources.ResourceManagementClient/1.3.29"
        ]
      },
      "ResponseHeaders": {
        "Cache-Control": [
          "no-cache"
>>>>>>> d78b04a5306127f583235b13752c48d4f7d1289a
        ],
        "Pragma": [
          "no-cache"
        ],
<<<<<<< HEAD
=======
        "Location": [
          "https://management.azure.com/subscriptions/a4337210-c6b0-4de4-907a-688f1c120d9a/operationresults/eyJqb2JJZCI6IlJFU09VUkNFR1JPVVBERUxFVElPTkpPQi1QUzg1MTktV0VTVFVTIiwiam9iTG9jYXRpb24iOiJ3ZXN0dXMifQ?api-version=2016-09-01"
        ],
>>>>>>> d78b04a5306127f583235b13752c48d4f7d1289a
        "Retry-After": [
          "15"
        ],
        "x-ms-ratelimit-remaining-subscription-deletes": [
          "14999"
        ],
        "x-ms-request-id": [
<<<<<<< HEAD
          "3720999a-91b6-4c2d-be4b-186da36fc391"
        ],
        "x-ms-correlation-request-id": [
          "3720999a-91b6-4c2d-be4b-186da36fc391"
        ],
        "x-ms-routing-request-id": [
          "WESTUS2:20180718T224142Z:3720999a-91b6-4c2d-be4b-186da36fc391"
=======
          "6215731e-5792-48ea-9337-b9c0368fc8a9"
        ],
        "x-ms-correlation-request-id": [
          "6215731e-5792-48ea-9337-b9c0368fc8a9"
        ],
        "x-ms-routing-request-id": [
          "WESTUS:20210107T094651Z:6215731e-5792-48ea-9337-b9c0368fc8a9"
>>>>>>> d78b04a5306127f583235b13752c48d4f7d1289a
        ],
        "Strict-Transport-Security": [
          "max-age=31536000; includeSubDomains"
        ],
        "X-Content-Type-Options": [
          "nosniff"
        ],
<<<<<<< HEAD
        "Cache-Control": [
          "no-cache"
        ],
        "Date": [
          "Wed, 18 Jul 2018 22:41:42 GMT"
        ],
        "Location": [
          "https://management.azure.com/subscriptions/f9b96b36-1f5e-4021-8959-51527e26e6d3/operationresults/eyJqb2JJZCI6IlJFU09VUkNFR1JPVVBERUxFVElPTkpPQi1QUzQ3NzgtV0VTVFVTIiwiam9iTG9jYXRpb24iOiJ3ZXN0dXMifQ?api-version=2016-09-01"
        ]
      },
      "StatusCode": 202
    },
    {
      "RequestUri": "/subscriptions/f9b96b36-1f5e-4021-8959-51527e26e6d3/operationresults/eyJqb2JJZCI6IlJFU09VUkNFR1JPVVBERUxFVElPTkpPQi1QUzQ3NzgtV0VTVFVTIiwiam9iTG9jYXRpb24iOiJ3ZXN0dXMifQ?api-version=2016-09-01",
      "EncodedRequestUri": "L3N1YnNjcmlwdGlvbnMvZjliOTZiMzYtMWY1ZS00MDIxLTg5NTktNTE1MjdlMjZlNmQzL29wZXJhdGlvbnJlc3VsdHMvZXlKcWIySkpaQ0k2SWxKRlUwOVZVa05GUjFKUFZWQkVSVXhGVkVsUFRrcFBRaTFRVXpRM056Z3RWMFZUVkZWVElpd2lhbTlpVEc5allYUnBiMjRpT2lKM1pYTjBkWE1pZlE/YXBpLXZlcnNpb249MjAxNi0wOS0wMQ==",
=======
        "Date": [
          "Thu, 07 Jan 2021 09:46:51 GMT"
        ],
        "Expires": [
          "-1"
        ],
        "Content-Length": [
          "0"
        ]
      },
      "ResponseBody": "",
      "StatusCode": 202
    },
    {
      "RequestUri": "/subscriptions/a4337210-c6b0-4de4-907a-688f1c120d9a/operationresults/eyJqb2JJZCI6IlJFU09VUkNFR1JPVVBERUxFVElPTkpPQi1QUzg1MTktV0VTVFVTIiwiam9iTG9jYXRpb24iOiJ3ZXN0dXMifQ?api-version=2016-09-01",
      "EncodedRequestUri": "L3N1YnNjcmlwdGlvbnMvYTQzMzcyMTAtYzZiMC00ZGU0LTkwN2EtNjg4ZjFjMTIwZDlhL29wZXJhdGlvbnJlc3VsdHMvZXlKcWIySkpaQ0k2SWxKRlUwOVZVa05GUjFKUFZWQkVSVXhGVkVsUFRrcFBRaTFRVXpnMU1Ua3RWMFZUVkZWVElpd2lhbTlpVEc5allYUnBiMjRpT2lKM1pYTjBkWE1pZlE/YXBpLXZlcnNpb249MjAxNi0wOS0wMQ==",
>>>>>>> d78b04a5306127f583235b13752c48d4f7d1289a
      "RequestMethod": "GET",
      "RequestBody": "",
      "RequestHeaders": {
        "User-Agent": [
<<<<<<< HEAD
          "FxVersion/4.7.3131.0",
          "OSName/Windows10Enterprise",
          "OSVersion/6.3.17134",
          "Microsoft.Azure.Management.Internal.Resources.ResourceManagementClient/4.1.0"
        ]
      },
      "ResponseBody": "",
      "ResponseHeaders": {
        "Content-Length": [
          "0"
        ],
        "Expires": [
          "-1"
=======
          "FxVersion/4.6.29321.03",
          "OSName/Windows",
          "OSVersion/Microsoft.Windows.10.0.19042.",
          "Microsoft.Azure.Management.Internal.Resources.ResourceManagementClient/1.3.29"
        ]
      },
      "ResponseHeaders": {
        "Cache-Control": [
          "no-cache"
>>>>>>> d78b04a5306127f583235b13752c48d4f7d1289a
        ],
        "Pragma": [
          "no-cache"
        ],
<<<<<<< HEAD
=======
        "Location": [
          "https://management.azure.com/subscriptions/a4337210-c6b0-4de4-907a-688f1c120d9a/operationresults/eyJqb2JJZCI6IlJFU09VUkNFR1JPVVBERUxFVElPTkpPQi1QUzg1MTktV0VTVFVTIiwiam9iTG9jYXRpb24iOiJ3ZXN0dXMifQ?api-version=2016-09-01"
        ],
>>>>>>> d78b04a5306127f583235b13752c48d4f7d1289a
        "Retry-After": [
          "15"
        ],
        "x-ms-ratelimit-remaining-subscription-reads": [
<<<<<<< HEAD
          "14998"
        ],
        "x-ms-request-id": [
          "d927f2be-3149-4123-b0b0-3041ccb57bb2"
        ],
        "x-ms-correlation-request-id": [
          "d927f2be-3149-4123-b0b0-3041ccb57bb2"
        ],
        "x-ms-routing-request-id": [
          "WESTUS2:20180718T224157Z:d927f2be-3149-4123-b0b0-3041ccb57bb2"
=======
          "11998"
        ],
        "x-ms-request-id": [
          "815fa3a1-56a1-49a0-bcf1-309590e686bc"
        ],
        "x-ms-correlation-request-id": [
          "815fa3a1-56a1-49a0-bcf1-309590e686bc"
        ],
        "x-ms-routing-request-id": [
          "WESTUS:20210107T094706Z:815fa3a1-56a1-49a0-bcf1-309590e686bc"
>>>>>>> d78b04a5306127f583235b13752c48d4f7d1289a
        ],
        "Strict-Transport-Security": [
          "max-age=31536000; includeSubDomains"
        ],
        "X-Content-Type-Options": [
          "nosniff"
        ],
<<<<<<< HEAD
        "Cache-Control": [
          "no-cache"
        ],
        "Date": [
          "Wed, 18 Jul 2018 22:41:57 GMT"
        ],
        "Location": [
          "https://management.azure.com/subscriptions/f9b96b36-1f5e-4021-8959-51527e26e6d3/operationresults/eyJqb2JJZCI6IlJFU09VUkNFR1JPVVBERUxFVElPTkpPQi1QUzQ3NzgtV0VTVFVTIiwiam9iTG9jYXRpb24iOiJ3ZXN0dXMifQ?api-version=2016-09-01"
        ]
      },
      "StatusCode": 202
    },
    {
      "RequestUri": "/subscriptions/f9b96b36-1f5e-4021-8959-51527e26e6d3/operationresults/eyJqb2JJZCI6IlJFU09VUkNFR1JPVVBERUxFVElPTkpPQi1QUzQ3NzgtV0VTVFVTIiwiam9iTG9jYXRpb24iOiJ3ZXN0dXMifQ?api-version=2016-09-01",
      "EncodedRequestUri": "L3N1YnNjcmlwdGlvbnMvZjliOTZiMzYtMWY1ZS00MDIxLTg5NTktNTE1MjdlMjZlNmQzL29wZXJhdGlvbnJlc3VsdHMvZXlKcWIySkpaQ0k2SWxKRlUwOVZVa05GUjFKUFZWQkVSVXhGVkVsUFRrcFBRaTFRVXpRM056Z3RWMFZUVkZWVElpd2lhbTlpVEc5allYUnBiMjRpT2lKM1pYTjBkWE1pZlE/YXBpLXZlcnNpb249MjAxNi0wOS0wMQ==",
=======
        "Date": [
          "Thu, 07 Jan 2021 09:47:06 GMT"
        ],
        "Expires": [
          "-1"
        ],
        "Content-Length": [
          "0"
        ]
      },
      "ResponseBody": "",
      "StatusCode": 202
    },
    {
      "RequestUri": "/subscriptions/a4337210-c6b0-4de4-907a-688f1c120d9a/operationresults/eyJqb2JJZCI6IlJFU09VUkNFR1JPVVBERUxFVElPTkpPQi1QUzg1MTktV0VTVFVTIiwiam9iTG9jYXRpb24iOiJ3ZXN0dXMifQ?api-version=2016-09-01",
      "EncodedRequestUri": "L3N1YnNjcmlwdGlvbnMvYTQzMzcyMTAtYzZiMC00ZGU0LTkwN2EtNjg4ZjFjMTIwZDlhL29wZXJhdGlvbnJlc3VsdHMvZXlKcWIySkpaQ0k2SWxKRlUwOVZVa05GUjFKUFZWQkVSVXhGVkVsUFRrcFBRaTFRVXpnMU1Ua3RWMFZUVkZWVElpd2lhbTlpVEc5allYUnBiMjRpT2lKM1pYTjBkWE1pZlE/YXBpLXZlcnNpb249MjAxNi0wOS0wMQ==",
>>>>>>> d78b04a5306127f583235b13752c48d4f7d1289a
      "RequestMethod": "GET",
      "RequestBody": "",
      "RequestHeaders": {
        "User-Agent": [
<<<<<<< HEAD
          "FxVersion/4.7.3131.0",
          "OSName/Windows10Enterprise",
          "OSVersion/6.3.17134",
          "Microsoft.Azure.Management.Internal.Resources.ResourceManagementClient/4.1.0"
        ]
      },
      "ResponseBody": "",
      "ResponseHeaders": {
        "Content-Length": [
          "0"
        ],
        "Expires": [
          "-1"
=======
          "FxVersion/4.6.29321.03",
          "OSName/Windows",
          "OSVersion/Microsoft.Windows.10.0.19042.",
          "Microsoft.Azure.Management.Internal.Resources.ResourceManagementClient/1.3.29"
        ]
      },
      "ResponseHeaders": {
        "Cache-Control": [
          "no-cache"
>>>>>>> d78b04a5306127f583235b13752c48d4f7d1289a
        ],
        "Pragma": [
          "no-cache"
        ],
<<<<<<< HEAD
=======
        "Location": [
          "https://management.azure.com/subscriptions/a4337210-c6b0-4de4-907a-688f1c120d9a/operationresults/eyJqb2JJZCI6IlJFU09VUkNFR1JPVVBERUxFVElPTkpPQi1QUzg1MTktV0VTVFVTIiwiam9iTG9jYXRpb24iOiJ3ZXN0dXMifQ?api-version=2016-09-01"
        ],
>>>>>>> d78b04a5306127f583235b13752c48d4f7d1289a
        "Retry-After": [
          "15"
        ],
        "x-ms-ratelimit-remaining-subscription-reads": [
<<<<<<< HEAD
          "14997"
        ],
        "x-ms-request-id": [
          "bd3e44aa-93c0-4b1d-b86a-d70ef397f72e"
        ],
        "x-ms-correlation-request-id": [
          "bd3e44aa-93c0-4b1d-b86a-d70ef397f72e"
        ],
        "x-ms-routing-request-id": [
          "WESTUS2:20180718T224213Z:bd3e44aa-93c0-4b1d-b86a-d70ef397f72e"
=======
          "11997"
        ],
        "x-ms-request-id": [
          "ce8a51b3-88e5-4bc1-b80f-f35b3df21645"
        ],
        "x-ms-correlation-request-id": [
          "ce8a51b3-88e5-4bc1-b80f-f35b3df21645"
        ],
        "x-ms-routing-request-id": [
          "WESTUS:20210107T094721Z:ce8a51b3-88e5-4bc1-b80f-f35b3df21645"
>>>>>>> d78b04a5306127f583235b13752c48d4f7d1289a
        ],
        "Strict-Transport-Security": [
          "max-age=31536000; includeSubDomains"
        ],
        "X-Content-Type-Options": [
          "nosniff"
        ],
<<<<<<< HEAD
        "Cache-Control": [
          "no-cache"
        ],
        "Date": [
          "Wed, 18 Jul 2018 22:42:12 GMT"
        ],
        "Location": [
          "https://management.azure.com/subscriptions/f9b96b36-1f5e-4021-8959-51527e26e6d3/operationresults/eyJqb2JJZCI6IlJFU09VUkNFR1JPVVBERUxFVElPTkpPQi1QUzQ3NzgtV0VTVFVTIiwiam9iTG9jYXRpb24iOiJ3ZXN0dXMifQ?api-version=2016-09-01"
        ]
      },
      "StatusCode": 202
    },
    {
      "RequestUri": "/subscriptions/f9b96b36-1f5e-4021-8959-51527e26e6d3/operationresults/eyJqb2JJZCI6IlJFU09VUkNFR1JPVVBERUxFVElPTkpPQi1QUzQ3NzgtV0VTVFVTIiwiam9iTG9jYXRpb24iOiJ3ZXN0dXMifQ?api-version=2016-09-01",
      "EncodedRequestUri": "L3N1YnNjcmlwdGlvbnMvZjliOTZiMzYtMWY1ZS00MDIxLTg5NTktNTE1MjdlMjZlNmQzL29wZXJhdGlvbnJlc3VsdHMvZXlKcWIySkpaQ0k2SWxKRlUwOVZVa05GUjFKUFZWQkVSVXhGVkVsUFRrcFBRaTFRVXpRM056Z3RWMFZUVkZWVElpd2lhbTlpVEc5allYUnBiMjRpT2lKM1pYTjBkWE1pZlE/YXBpLXZlcnNpb249MjAxNi0wOS0wMQ==",
=======
        "Date": [
          "Thu, 07 Jan 2021 09:47:21 GMT"
        ],
        "Expires": [
          "-1"
        ],
        "Content-Length": [
          "0"
        ]
      },
      "ResponseBody": "",
      "StatusCode": 202
    },
    {
      "RequestUri": "/subscriptions/a4337210-c6b0-4de4-907a-688f1c120d9a/operationresults/eyJqb2JJZCI6IlJFU09VUkNFR1JPVVBERUxFVElPTkpPQi1QUzg1MTktV0VTVFVTIiwiam9iTG9jYXRpb24iOiJ3ZXN0dXMifQ?api-version=2016-09-01",
      "EncodedRequestUri": "L3N1YnNjcmlwdGlvbnMvYTQzMzcyMTAtYzZiMC00ZGU0LTkwN2EtNjg4ZjFjMTIwZDlhL29wZXJhdGlvbnJlc3VsdHMvZXlKcWIySkpaQ0k2SWxKRlUwOVZVa05GUjFKUFZWQkVSVXhGVkVsUFRrcFBRaTFRVXpnMU1Ua3RWMFZUVkZWVElpd2lhbTlpVEc5allYUnBiMjRpT2lKM1pYTjBkWE1pZlE/YXBpLXZlcnNpb249MjAxNi0wOS0wMQ==",
>>>>>>> d78b04a5306127f583235b13752c48d4f7d1289a
      "RequestMethod": "GET",
      "RequestBody": "",
      "RequestHeaders": {
        "User-Agent": [
<<<<<<< HEAD
          "FxVersion/4.7.3131.0",
          "OSName/Windows10Enterprise",
          "OSVersion/6.3.17134",
          "Microsoft.Azure.Management.Internal.Resources.ResourceManagementClient/4.1.0"
        ]
      },
      "ResponseBody": "",
      "ResponseHeaders": {
        "Content-Length": [
          "0"
        ],
        "Expires": [
          "-1"
=======
          "FxVersion/4.6.29321.03",
          "OSName/Windows",
          "OSVersion/Microsoft.Windows.10.0.19042.",
          "Microsoft.Azure.Management.Internal.Resources.ResourceManagementClient/1.3.29"
        ]
      },
      "ResponseHeaders": {
        "Cache-Control": [
          "no-cache"
>>>>>>> d78b04a5306127f583235b13752c48d4f7d1289a
        ],
        "Pragma": [
          "no-cache"
        ],
<<<<<<< HEAD
=======
        "Location": [
          "https://management.azure.com/subscriptions/a4337210-c6b0-4de4-907a-688f1c120d9a/operationresults/eyJqb2JJZCI6IlJFU09VUkNFR1JPVVBERUxFVElPTkpPQi1QUzg1MTktV0VTVFVTIiwiam9iTG9jYXRpb24iOiJ3ZXN0dXMifQ?api-version=2016-09-01"
        ],
>>>>>>> d78b04a5306127f583235b13752c48d4f7d1289a
        "Retry-After": [
          "15"
        ],
        "x-ms-ratelimit-remaining-subscription-reads": [
<<<<<<< HEAD
          "14996"
        ],
        "x-ms-request-id": [
          "d3168e92-6b2f-4443-b1c0-41f0f385365f"
        ],
        "x-ms-correlation-request-id": [
          "d3168e92-6b2f-4443-b1c0-41f0f385365f"
        ],
        "x-ms-routing-request-id": [
          "WESTUS2:20180718T224228Z:d3168e92-6b2f-4443-b1c0-41f0f385365f"
=======
          "11996"
        ],
        "x-ms-request-id": [
          "12c52875-3800-48f1-8d01-809d0d674265"
        ],
        "x-ms-correlation-request-id": [
          "12c52875-3800-48f1-8d01-809d0d674265"
        ],
        "x-ms-routing-request-id": [
          "WESTUS:20210107T094736Z:12c52875-3800-48f1-8d01-809d0d674265"
>>>>>>> d78b04a5306127f583235b13752c48d4f7d1289a
        ],
        "Strict-Transport-Security": [
          "max-age=31536000; includeSubDomains"
        ],
        "X-Content-Type-Options": [
          "nosniff"
        ],
<<<<<<< HEAD
        "Cache-Control": [
          "no-cache"
        ],
        "Date": [
          "Wed, 18 Jul 2018 22:42:27 GMT"
        ],
        "Location": [
          "https://management.azure.com/subscriptions/f9b96b36-1f5e-4021-8959-51527e26e6d3/operationresults/eyJqb2JJZCI6IlJFU09VUkNFR1JPVVBERUxFVElPTkpPQi1QUzQ3NzgtV0VTVFVTIiwiam9iTG9jYXRpb24iOiJ3ZXN0dXMifQ?api-version=2016-09-01"
        ]
      },
      "StatusCode": 202
    },
    {
      "RequestUri": "/subscriptions/f9b96b36-1f5e-4021-8959-51527e26e6d3/operationresults/eyJqb2JJZCI6IlJFU09VUkNFR1JPVVBERUxFVElPTkpPQi1QUzQ3NzgtV0VTVFVTIiwiam9iTG9jYXRpb24iOiJ3ZXN0dXMifQ?api-version=2016-09-01",
      "EncodedRequestUri": "L3N1YnNjcmlwdGlvbnMvZjliOTZiMzYtMWY1ZS00MDIxLTg5NTktNTE1MjdlMjZlNmQzL29wZXJhdGlvbnJlc3VsdHMvZXlKcWIySkpaQ0k2SWxKRlUwOVZVa05GUjFKUFZWQkVSVXhGVkVsUFRrcFBRaTFRVXpRM056Z3RWMFZUVkZWVElpd2lhbTlpVEc5allYUnBiMjRpT2lKM1pYTjBkWE1pZlE/YXBpLXZlcnNpb249MjAxNi0wOS0wMQ==",
=======
        "Date": [
          "Thu, 07 Jan 2021 09:47:36 GMT"
        ],
        "Expires": [
          "-1"
        ],
        "Content-Length": [
          "0"
        ]
      },
      "ResponseBody": "",
      "StatusCode": 202
    },
    {
      "RequestUri": "/subscriptions/a4337210-c6b0-4de4-907a-688f1c120d9a/operationresults/eyJqb2JJZCI6IlJFU09VUkNFR1JPVVBERUxFVElPTkpPQi1QUzg1MTktV0VTVFVTIiwiam9iTG9jYXRpb24iOiJ3ZXN0dXMifQ?api-version=2016-09-01",
      "EncodedRequestUri": "L3N1YnNjcmlwdGlvbnMvYTQzMzcyMTAtYzZiMC00ZGU0LTkwN2EtNjg4ZjFjMTIwZDlhL29wZXJhdGlvbnJlc3VsdHMvZXlKcWIySkpaQ0k2SWxKRlUwOVZVa05GUjFKUFZWQkVSVXhGVkVsUFRrcFBRaTFRVXpnMU1Ua3RWMFZUVkZWVElpd2lhbTlpVEc5allYUnBiMjRpT2lKM1pYTjBkWE1pZlE/YXBpLXZlcnNpb249MjAxNi0wOS0wMQ==",
>>>>>>> d78b04a5306127f583235b13752c48d4f7d1289a
      "RequestMethod": "GET",
      "RequestBody": "",
      "RequestHeaders": {
        "User-Agent": [
<<<<<<< HEAD
          "FxVersion/4.7.3131.0",
          "OSName/Windows10Enterprise",
          "OSVersion/6.3.17134",
          "Microsoft.Azure.Management.Internal.Resources.ResourceManagementClient/4.1.0"
        ]
      },
      "ResponseBody": "",
      "ResponseHeaders": {
        "Content-Length": [
          "0"
        ],
        "Expires": [
          "-1"
=======
          "FxVersion/4.6.29321.03",
          "OSName/Windows",
          "OSVersion/Microsoft.Windows.10.0.19042.",
          "Microsoft.Azure.Management.Internal.Resources.ResourceManagementClient/1.3.29"
        ]
      },
      "ResponseHeaders": {
        "Cache-Control": [
          "no-cache"
>>>>>>> d78b04a5306127f583235b13752c48d4f7d1289a
        ],
        "Pragma": [
          "no-cache"
        ],
<<<<<<< HEAD
=======
        "Location": [
          "https://management.azure.com/subscriptions/a4337210-c6b0-4de4-907a-688f1c120d9a/operationresults/eyJqb2JJZCI6IlJFU09VUkNFR1JPVVBERUxFVElPTkpPQi1QUzg1MTktV0VTVFVTIiwiam9iTG9jYXRpb24iOiJ3ZXN0dXMifQ?api-version=2016-09-01"
        ],
>>>>>>> d78b04a5306127f583235b13752c48d4f7d1289a
        "Retry-After": [
          "15"
        ],
        "x-ms-ratelimit-remaining-subscription-reads": [
<<<<<<< HEAD
          "14995"
        ],
        "x-ms-request-id": [
          "98424181-2920-460d-bdae-1e285aaa4326"
        ],
        "x-ms-correlation-request-id": [
          "98424181-2920-460d-bdae-1e285aaa4326"
        ],
        "x-ms-routing-request-id": [
          "WESTUS2:20180718T224243Z:98424181-2920-460d-bdae-1e285aaa4326"
=======
          "11995"
        ],
        "x-ms-request-id": [
          "08adeeab-d515-4b81-8466-988cd81ad0bc"
        ],
        "x-ms-correlation-request-id": [
          "08adeeab-d515-4b81-8466-988cd81ad0bc"
        ],
        "x-ms-routing-request-id": [
          "WESTUS:20210107T094751Z:08adeeab-d515-4b81-8466-988cd81ad0bc"
>>>>>>> d78b04a5306127f583235b13752c48d4f7d1289a
        ],
        "Strict-Transport-Security": [
          "max-age=31536000; includeSubDomains"
        ],
        "X-Content-Type-Options": [
          "nosniff"
        ],
<<<<<<< HEAD
        "Cache-Control": [
          "no-cache"
        ],
        "Date": [
          "Wed, 18 Jul 2018 22:42:42 GMT"
        ],
        "Location": [
          "https://management.azure.com/subscriptions/f9b96b36-1f5e-4021-8959-51527e26e6d3/operationresults/eyJqb2JJZCI6IlJFU09VUkNFR1JPVVBERUxFVElPTkpPQi1QUzQ3NzgtV0VTVFVTIiwiam9iTG9jYXRpb24iOiJ3ZXN0dXMifQ?api-version=2016-09-01"
        ]
      },
      "StatusCode": 202
    },
    {
      "RequestUri": "/subscriptions/f9b96b36-1f5e-4021-8959-51527e26e6d3/operationresults/eyJqb2JJZCI6IlJFU09VUkNFR1JPVVBERUxFVElPTkpPQi1QUzQ3NzgtV0VTVFVTIiwiam9iTG9jYXRpb24iOiJ3ZXN0dXMifQ?api-version=2016-09-01",
      "EncodedRequestUri": "L3N1YnNjcmlwdGlvbnMvZjliOTZiMzYtMWY1ZS00MDIxLTg5NTktNTE1MjdlMjZlNmQzL29wZXJhdGlvbnJlc3VsdHMvZXlKcWIySkpaQ0k2SWxKRlUwOVZVa05GUjFKUFZWQkVSVXhGVkVsUFRrcFBRaTFRVXpRM056Z3RWMFZUVkZWVElpd2lhbTlpVEc5allYUnBiMjRpT2lKM1pYTjBkWE1pZlE/YXBpLXZlcnNpb249MjAxNi0wOS0wMQ==",
=======
        "Date": [
          "Thu, 07 Jan 2021 09:47:51 GMT"
        ],
        "Expires": [
          "-1"
        ],
        "Content-Length": [
          "0"
        ]
      },
      "ResponseBody": "",
      "StatusCode": 202
    },
    {
      "RequestUri": "/subscriptions/a4337210-c6b0-4de4-907a-688f1c120d9a/operationresults/eyJqb2JJZCI6IlJFU09VUkNFR1JPVVBERUxFVElPTkpPQi1QUzg1MTktV0VTVFVTIiwiam9iTG9jYXRpb24iOiJ3ZXN0dXMifQ?api-version=2016-09-01",
      "EncodedRequestUri": "L3N1YnNjcmlwdGlvbnMvYTQzMzcyMTAtYzZiMC00ZGU0LTkwN2EtNjg4ZjFjMTIwZDlhL29wZXJhdGlvbnJlc3VsdHMvZXlKcWIySkpaQ0k2SWxKRlUwOVZVa05GUjFKUFZWQkVSVXhGVkVsUFRrcFBRaTFRVXpnMU1Ua3RWMFZUVkZWVElpd2lhbTlpVEc5allYUnBiMjRpT2lKM1pYTjBkWE1pZlE/YXBpLXZlcnNpb249MjAxNi0wOS0wMQ==",
>>>>>>> d78b04a5306127f583235b13752c48d4f7d1289a
      "RequestMethod": "GET",
      "RequestBody": "",
      "RequestHeaders": {
        "User-Agent": [
<<<<<<< HEAD
          "FxVersion/4.7.3131.0",
          "OSName/Windows10Enterprise",
          "OSVersion/6.3.17134",
          "Microsoft.Azure.Management.Internal.Resources.ResourceManagementClient/4.1.0"
        ]
      },
      "ResponseBody": "",
      "ResponseHeaders": {
        "Content-Length": [
          "0"
        ],
        "Expires": [
          "-1"
=======
          "FxVersion/4.6.29321.03",
          "OSName/Windows",
          "OSVersion/Microsoft.Windows.10.0.19042.",
          "Microsoft.Azure.Management.Internal.Resources.ResourceManagementClient/1.3.29"
        ]
      },
      "ResponseHeaders": {
        "Cache-Control": [
          "no-cache"
>>>>>>> d78b04a5306127f583235b13752c48d4f7d1289a
        ],
        "Pragma": [
          "no-cache"
        ],
<<<<<<< HEAD
=======
        "Location": [
          "https://management.azure.com/subscriptions/a4337210-c6b0-4de4-907a-688f1c120d9a/operationresults/eyJqb2JJZCI6IlJFU09VUkNFR1JPVVBERUxFVElPTkpPQi1QUzg1MTktV0VTVFVTIiwiam9iTG9jYXRpb24iOiJ3ZXN0dXMifQ?api-version=2016-09-01"
        ],
>>>>>>> d78b04a5306127f583235b13752c48d4f7d1289a
        "Retry-After": [
          "15"
        ],
        "x-ms-ratelimit-remaining-subscription-reads": [
<<<<<<< HEAD
          "14994"
        ],
        "x-ms-request-id": [
          "ec94183b-b8b5-4595-93d0-e90e4b146110"
        ],
        "x-ms-correlation-request-id": [
          "ec94183b-b8b5-4595-93d0-e90e4b146110"
        ],
        "x-ms-routing-request-id": [
          "WESTUS2:20180718T224258Z:ec94183b-b8b5-4595-93d0-e90e4b146110"
=======
          "11994"
        ],
        "x-ms-request-id": [
          "8d38ec5a-8a18-4300-af00-988e0ba3614e"
        ],
        "x-ms-correlation-request-id": [
          "8d38ec5a-8a18-4300-af00-988e0ba3614e"
        ],
        "x-ms-routing-request-id": [
          "WESTUS:20210107T094806Z:8d38ec5a-8a18-4300-af00-988e0ba3614e"
>>>>>>> d78b04a5306127f583235b13752c48d4f7d1289a
        ],
        "Strict-Transport-Security": [
          "max-age=31536000; includeSubDomains"
        ],
        "X-Content-Type-Options": [
          "nosniff"
        ],
<<<<<<< HEAD
        "Cache-Control": [
          "no-cache"
        ],
        "Date": [
          "Wed, 18 Jul 2018 22:42:57 GMT"
        ],
        "Location": [
          "https://management.azure.com/subscriptions/f9b96b36-1f5e-4021-8959-51527e26e6d3/operationresults/eyJqb2JJZCI6IlJFU09VUkNFR1JPVVBERUxFVElPTkpPQi1QUzQ3NzgtV0VTVFVTIiwiam9iTG9jYXRpb24iOiJ3ZXN0dXMifQ?api-version=2016-09-01"
        ]
      },
      "StatusCode": 202
    },
    {
      "RequestUri": "/subscriptions/f9b96b36-1f5e-4021-8959-51527e26e6d3/operationresults/eyJqb2JJZCI6IlJFU09VUkNFR1JPVVBERUxFVElPTkpPQi1QUzQ3NzgtV0VTVFVTIiwiam9iTG9jYXRpb24iOiJ3ZXN0dXMifQ?api-version=2016-09-01",
      "EncodedRequestUri": "L3N1YnNjcmlwdGlvbnMvZjliOTZiMzYtMWY1ZS00MDIxLTg5NTktNTE1MjdlMjZlNmQzL29wZXJhdGlvbnJlc3VsdHMvZXlKcWIySkpaQ0k2SWxKRlUwOVZVa05GUjFKUFZWQkVSVXhGVkVsUFRrcFBRaTFRVXpRM056Z3RWMFZUVkZWVElpd2lhbTlpVEc5allYUnBiMjRpT2lKM1pYTjBkWE1pZlE/YXBpLXZlcnNpb249MjAxNi0wOS0wMQ==",
=======
        "Date": [
          "Thu, 07 Jan 2021 09:48:06 GMT"
        ],
        "Expires": [
          "-1"
        ],
        "Content-Length": [
          "0"
        ]
      },
      "ResponseBody": "",
      "StatusCode": 202
    },
    {
      "RequestUri": "/subscriptions/a4337210-c6b0-4de4-907a-688f1c120d9a/operationresults/eyJqb2JJZCI6IlJFU09VUkNFR1JPVVBERUxFVElPTkpPQi1QUzg1MTktV0VTVFVTIiwiam9iTG9jYXRpb24iOiJ3ZXN0dXMifQ?api-version=2016-09-01",
      "EncodedRequestUri": "L3N1YnNjcmlwdGlvbnMvYTQzMzcyMTAtYzZiMC00ZGU0LTkwN2EtNjg4ZjFjMTIwZDlhL29wZXJhdGlvbnJlc3VsdHMvZXlKcWIySkpaQ0k2SWxKRlUwOVZVa05GUjFKUFZWQkVSVXhGVkVsUFRrcFBRaTFRVXpnMU1Ua3RWMFZUVkZWVElpd2lhbTlpVEc5allYUnBiMjRpT2lKM1pYTjBkWE1pZlE/YXBpLXZlcnNpb249MjAxNi0wOS0wMQ==",
>>>>>>> d78b04a5306127f583235b13752c48d4f7d1289a
      "RequestMethod": "GET",
      "RequestBody": "",
      "RequestHeaders": {
        "User-Agent": [
<<<<<<< HEAD
          "FxVersion/4.7.3131.0",
          "OSName/Windows10Enterprise",
          "OSVersion/6.3.17134",
          "Microsoft.Azure.Management.Internal.Resources.ResourceManagementClient/4.1.0"
        ]
      },
      "ResponseBody": "",
      "ResponseHeaders": {
        "Content-Length": [
          "0"
        ],
        "Expires": [
          "-1"
=======
          "FxVersion/4.6.29321.03",
          "OSName/Windows",
          "OSVersion/Microsoft.Windows.10.0.19042.",
          "Microsoft.Azure.Management.Internal.Resources.ResourceManagementClient/1.3.29"
        ]
      },
      "ResponseHeaders": {
        "Cache-Control": [
          "no-cache"
>>>>>>> d78b04a5306127f583235b13752c48d4f7d1289a
        ],
        "Pragma": [
          "no-cache"
        ],
<<<<<<< HEAD
=======
        "Location": [
          "https://management.azure.com/subscriptions/a4337210-c6b0-4de4-907a-688f1c120d9a/operationresults/eyJqb2JJZCI6IlJFU09VUkNFR1JPVVBERUxFVElPTkpPQi1QUzg1MTktV0VTVFVTIiwiam9iTG9jYXRpb24iOiJ3ZXN0dXMifQ?api-version=2016-09-01"
        ],
>>>>>>> d78b04a5306127f583235b13752c48d4f7d1289a
        "Retry-After": [
          "15"
        ],
        "x-ms-ratelimit-remaining-subscription-reads": [
<<<<<<< HEAD
          "14993"
        ],
        "x-ms-request-id": [
          "81a50456-a0f9-4b5d-ba0b-44b8547108ff"
        ],
        "x-ms-correlation-request-id": [
          "81a50456-a0f9-4b5d-ba0b-44b8547108ff"
        ],
        "x-ms-routing-request-id": [
          "WESTUS2:20180718T224313Z:81a50456-a0f9-4b5d-ba0b-44b8547108ff"
=======
          "11993"
        ],
        "x-ms-request-id": [
          "317a7231-3822-44b3-8b6c-0f2583f48c9a"
        ],
        "x-ms-correlation-request-id": [
          "317a7231-3822-44b3-8b6c-0f2583f48c9a"
        ],
        "x-ms-routing-request-id": [
          "WESTUS:20210107T094821Z:317a7231-3822-44b3-8b6c-0f2583f48c9a"
>>>>>>> d78b04a5306127f583235b13752c48d4f7d1289a
        ],
        "Strict-Transport-Security": [
          "max-age=31536000; includeSubDomains"
        ],
        "X-Content-Type-Options": [
          "nosniff"
        ],
<<<<<<< HEAD
        "Cache-Control": [
          "no-cache"
        ],
        "Date": [
          "Wed, 18 Jul 2018 22:43:12 GMT"
        ],
        "Location": [
          "https://management.azure.com/subscriptions/f9b96b36-1f5e-4021-8959-51527e26e6d3/operationresults/eyJqb2JJZCI6IlJFU09VUkNFR1JPVVBERUxFVElPTkpPQi1QUzQ3NzgtV0VTVFVTIiwiam9iTG9jYXRpb24iOiJ3ZXN0dXMifQ?api-version=2016-09-01"
        ]
      },
      "StatusCode": 202
    },
    {
      "RequestUri": "/subscriptions/f9b96b36-1f5e-4021-8959-51527e26e6d3/operationresults/eyJqb2JJZCI6IlJFU09VUkNFR1JPVVBERUxFVElPTkpPQi1QUzQ3NzgtV0VTVFVTIiwiam9iTG9jYXRpb24iOiJ3ZXN0dXMifQ?api-version=2016-09-01",
      "EncodedRequestUri": "L3N1YnNjcmlwdGlvbnMvZjliOTZiMzYtMWY1ZS00MDIxLTg5NTktNTE1MjdlMjZlNmQzL29wZXJhdGlvbnJlc3VsdHMvZXlKcWIySkpaQ0k2SWxKRlUwOVZVa05GUjFKUFZWQkVSVXhGVkVsUFRrcFBRaTFRVXpRM056Z3RWMFZUVkZWVElpd2lhbTlpVEc5allYUnBiMjRpT2lKM1pYTjBkWE1pZlE/YXBpLXZlcnNpb249MjAxNi0wOS0wMQ==",
=======
        "Date": [
          "Thu, 07 Jan 2021 09:48:21 GMT"
        ],
        "Expires": [
          "-1"
        ],
        "Content-Length": [
          "0"
        ]
      },
      "ResponseBody": "",
      "StatusCode": 202
    },
    {
      "RequestUri": "/subscriptions/a4337210-c6b0-4de4-907a-688f1c120d9a/operationresults/eyJqb2JJZCI6IlJFU09VUkNFR1JPVVBERUxFVElPTkpPQi1QUzg1MTktV0VTVFVTIiwiam9iTG9jYXRpb24iOiJ3ZXN0dXMifQ?api-version=2016-09-01",
      "EncodedRequestUri": "L3N1YnNjcmlwdGlvbnMvYTQzMzcyMTAtYzZiMC00ZGU0LTkwN2EtNjg4ZjFjMTIwZDlhL29wZXJhdGlvbnJlc3VsdHMvZXlKcWIySkpaQ0k2SWxKRlUwOVZVa05GUjFKUFZWQkVSVXhGVkVsUFRrcFBRaTFRVXpnMU1Ua3RWMFZUVkZWVElpd2lhbTlpVEc5allYUnBiMjRpT2lKM1pYTjBkWE1pZlE/YXBpLXZlcnNpb249MjAxNi0wOS0wMQ==",
>>>>>>> d78b04a5306127f583235b13752c48d4f7d1289a
      "RequestMethod": "GET",
      "RequestBody": "",
      "RequestHeaders": {
        "User-Agent": [
<<<<<<< HEAD
          "FxVersion/4.7.3131.0",
          "OSName/Windows10Enterprise",
          "OSVersion/6.3.17134",
          "Microsoft.Azure.Management.Internal.Resources.ResourceManagementClient/4.1.0"
        ]
      },
      "ResponseBody": "",
      "ResponseHeaders": {
        "Content-Length": [
          "0"
        ],
        "Expires": [
          "-1"
=======
          "FxVersion/4.6.29321.03",
          "OSName/Windows",
          "OSVersion/Microsoft.Windows.10.0.19042.",
          "Microsoft.Azure.Management.Internal.Resources.ResourceManagementClient/1.3.29"
        ]
      },
      "ResponseHeaders": {
        "Cache-Control": [
          "no-cache"
>>>>>>> d78b04a5306127f583235b13752c48d4f7d1289a
        ],
        "Pragma": [
          "no-cache"
        ],
        "x-ms-ratelimit-remaining-subscription-reads": [
<<<<<<< HEAD
          "14992"
        ],
        "x-ms-request-id": [
          "21c26539-5609-4c37-9aab-0419dc000375"
        ],
        "x-ms-correlation-request-id": [
          "21c26539-5609-4c37-9aab-0419dc000375"
        ],
        "x-ms-routing-request-id": [
          "WESTUS2:20180718T224328Z:21c26539-5609-4c37-9aab-0419dc000375"
=======
          "11992"
        ],
        "x-ms-request-id": [
          "a8117d8b-be63-4327-b7d2-915df7afa535"
        ],
        "x-ms-correlation-request-id": [
          "a8117d8b-be63-4327-b7d2-915df7afa535"
        ],
        "x-ms-routing-request-id": [
          "WESTUS:20210107T094836Z:a8117d8b-be63-4327-b7d2-915df7afa535"
>>>>>>> d78b04a5306127f583235b13752c48d4f7d1289a
        ],
        "Strict-Transport-Security": [
          "max-age=31536000; includeSubDomains"
        ],
        "X-Content-Type-Options": [
          "nosniff"
        ],
<<<<<<< HEAD
        "Cache-Control": [
          "no-cache"
        ],
        "Date": [
          "Wed, 18 Jul 2018 22:43:28 GMT"
        ]
      },
      "StatusCode": 200
    },
    {
      "RequestUri": "/subscriptions/f9b96b36-1f5e-4021-8959-51527e26e6d3/operationresults/eyJqb2JJZCI6IlJFU09VUkNFR1JPVVBERUxFVElPTkpPQi1QUzQ3NzgtV0VTVFVTIiwiam9iTG9jYXRpb24iOiJ3ZXN0dXMifQ?api-version=2016-09-01",
      "EncodedRequestUri": "L3N1YnNjcmlwdGlvbnMvZjliOTZiMzYtMWY1ZS00MDIxLTg5NTktNTE1MjdlMjZlNmQzL29wZXJhdGlvbnJlc3VsdHMvZXlKcWIySkpaQ0k2SWxKRlUwOVZVa05GUjFKUFZWQkVSVXhGVkVsUFRrcFBRaTFRVXpRM056Z3RWMFZUVkZWVElpd2lhbTlpVEc5allYUnBiMjRpT2lKM1pYTjBkWE1pZlE/YXBpLXZlcnNpb249MjAxNi0wOS0wMQ==",
=======
        "Date": [
          "Thu, 07 Jan 2021 09:48:36 GMT"
        ],
        "Expires": [
          "-1"
        ],
        "Content-Length": [
          "0"
        ]
      },
      "ResponseBody": "",
      "StatusCode": 200
    },
    {
      "RequestUri": "/subscriptions/a4337210-c6b0-4de4-907a-688f1c120d9a/operationresults/eyJqb2JJZCI6IlJFU09VUkNFR1JPVVBERUxFVElPTkpPQi1QUzg1MTktV0VTVFVTIiwiam9iTG9jYXRpb24iOiJ3ZXN0dXMifQ?api-version=2016-09-01",
      "EncodedRequestUri": "L3N1YnNjcmlwdGlvbnMvYTQzMzcyMTAtYzZiMC00ZGU0LTkwN2EtNjg4ZjFjMTIwZDlhL29wZXJhdGlvbnJlc3VsdHMvZXlKcWIySkpaQ0k2SWxKRlUwOVZVa05GUjFKUFZWQkVSVXhGVkVsUFRrcFBRaTFRVXpnMU1Ua3RWMFZUVkZWVElpd2lhbTlpVEc5allYUnBiMjRpT2lKM1pYTjBkWE1pZlE/YXBpLXZlcnNpb249MjAxNi0wOS0wMQ==",
>>>>>>> d78b04a5306127f583235b13752c48d4f7d1289a
      "RequestMethod": "GET",
      "RequestBody": "",
      "RequestHeaders": {
        "User-Agent": [
<<<<<<< HEAD
          "FxVersion/4.7.3131.0",
          "OSName/Windows10Enterprise",
          "OSVersion/6.3.17134",
          "Microsoft.Azure.Management.Internal.Resources.ResourceManagementClient/4.1.0"
        ]
      },
      "ResponseBody": "",
      "ResponseHeaders": {
        "Content-Length": [
          "0"
        ],
        "Expires": [
          "-1"
=======
          "FxVersion/4.6.29321.03",
          "OSName/Windows",
          "OSVersion/Microsoft.Windows.10.0.19042.",
          "Microsoft.Azure.Management.Internal.Resources.ResourceManagementClient/1.3.29"
        ]
      },
      "ResponseHeaders": {
        "Cache-Control": [
          "no-cache"
>>>>>>> d78b04a5306127f583235b13752c48d4f7d1289a
        ],
        "Pragma": [
          "no-cache"
        ],
        "x-ms-ratelimit-remaining-subscription-reads": [
<<<<<<< HEAD
          "14991"
        ],
        "x-ms-request-id": [
          "6087ff5d-8360-452b-b32a-f141c7bfdf9b"
        ],
        "x-ms-correlation-request-id": [
          "6087ff5d-8360-452b-b32a-f141c7bfdf9b"
        ],
        "x-ms-routing-request-id": [
          "WESTUS2:20180718T224328Z:6087ff5d-8360-452b-b32a-f141c7bfdf9b"
=======
          "11991"
        ],
        "x-ms-request-id": [
          "93b11a68-a7ec-4c30-a428-177faa43ccfb"
        ],
        "x-ms-correlation-request-id": [
          "93b11a68-a7ec-4c30-a428-177faa43ccfb"
        ],
        "x-ms-routing-request-id": [
          "WESTUS:20210107T094836Z:93b11a68-a7ec-4c30-a428-177faa43ccfb"
>>>>>>> d78b04a5306127f583235b13752c48d4f7d1289a
        ],
        "Strict-Transport-Security": [
          "max-age=31536000; includeSubDomains"
        ],
        "X-Content-Type-Options": [
          "nosniff"
        ],
<<<<<<< HEAD
        "Cache-Control": [
          "no-cache"
        ],
        "Date": [
          "Wed, 18 Jul 2018 22:43:28 GMT"
        ]
      },
=======
        "Date": [
          "Thu, 07 Jan 2021 09:48:36 GMT"
        ],
        "Expires": [
          "-1"
        ],
        "Content-Length": [
          "0"
        ]
      },
      "ResponseBody": "",
>>>>>>> d78b04a5306127f583235b13752c48d4f7d1289a
      "StatusCode": 200
    }
  ],
  "Names": {
<<<<<<< HEAD
    "Test-ManageAzureRmSearchServiceAdminKey": [
      "ps4778"
    ]
  },
  "Variables": {
    "SubscriptionId": "f9b96b36-1f5e-4021-8959-51527e26e6d3"
=======
    "Test-ManageAzSearchServiceAdminKey": [
      "ps8519"
    ]
  },
  "Variables": {
    "SubscriptionId": "a4337210-c6b0-4de4-907a-688f1c120d9a"
>>>>>>> d78b04a5306127f583235b13752c48d4f7d1289a
  }
}