{
  "Entries": [
    {
      "RequestUri": "/subscriptions/ee787b9b-a25f-4d20-86e9-45fcea5253dd/providers/Microsoft.Search?api-version=2016-09-01",
      "EncodedRequestUri": "L3N1YnNjcmlwdGlvbnMvZWU3ODdiOWItYTI1Zi00ZDIwLTg2ZTktNDVmY2VhNTI1M2RkL3Byb3ZpZGVycy9NaWNyb3NvZnQuU2VhcmNoP2FwaS12ZXJzaW9uPTIwMTYtMDktMDE=",
      "RequestMethod": "GET",
      "RequestHeaders": {
        "x-ms-client-request-id": [
          "6dd4cca1-ca1e-4194-adb9-e45830130b37"
        ],
        "Accept-Language": [
          "en-US"
        ],
        "User-Agent": [
          "FxVersion/6.0.2323.48002",
          "OSName/Windows",
          "OSVersion/Microsoft.Windows.10.0.22621",
          "Microsoft.Azure.Management.Internal.Resources.ResourceManagementClient/1.3.86"
        ]
      },
      "RequestBody": "",
      "ResponseHeaders": {
        "Cache-Control": [
          "no-cache"
        ],
        "Pragma": [
          "no-cache"
        ],
        "x-ms-ratelimit-remaining-subscription-reads": [
          "11980"
        ],
        "x-ms-request-id": [
          "3e0b27d0-f4a9-4dbe-b2a8-3478e6038670"
        ],
        "x-ms-correlation-request-id": [
          "3e0b27d0-f4a9-4dbe-b2a8-3478e6038670"
        ],
        "x-ms-routing-request-id": [
          "EASTUS2EUAP:20231020T044728Z:3e0b27d0-f4a9-4dbe-b2a8-3478e6038670"
        ],
        "Strict-Transport-Security": [
          "max-age=31536000; includeSubDomains"
        ],
        "X-Content-Type-Options": [
          "nosniff"
        ],
        "Date": [
          "Fri, 20 Oct 2023 04:47:28 GMT"
        ],
        "Content-Type": [
          "application/json; charset=utf-8"
        ],
        "Expires": [
          "-1"
        ],
        "Content-Length": [
          "3883"
        ]
      },
      "ResponseBody": "{\r\n  \"id\": \"/subscriptions/ee787b9b-a25f-4d20-86e9-45fcea5253dd/providers/Microsoft.Search\",\r\n  \"namespace\": \"Microsoft.Search\",\r\n  \"authorizations\": [\r\n    {\r\n      \"applicationId\": \"408992c7-2af6-4ff1-92e3-65b73d2b5092\",\r\n      \"roleDefinitionId\": \"20FA3191-87CF-4C3D-9510-74CCB594A310\"\r\n    },\r\n    {\r\n      \"applicationId\": \"880da380-985e-4198-81b9-e05b1cc53158\",\r\n      \"roleDefinitionId\": \"d2e67903-baaa-4696-926b-61ab86235aaf\"\r\n    }\r\n  ],\r\n  \"resourceTypes\": [\r\n    {\r\n      \"resourceType\": \"searchServices\",\r\n      \"locations\": [\r\n        \"Germany North\",\r\n        \"Qatar Central\",\r\n        \"Poland Central\",\r\n        \"Italy North\",\r\n        \"Israel Central\",\r\n        \"Sweden Central\",\r\n        \"UK West\",\r\n        \"Korea South\",\r\n        \"Canada East\",\r\n        \"Jio India West\",\r\n        \"West US 3\",\r\n        \"Germany West Central\",\r\n        \"Norway East\",\r\n        \"Switzerland West\",\r\n        \"Switzerland North\",\r\n        \"West US\",\r\n        \"West US 2\",\r\n        \"East US\",\r\n        \"East US 2\",\r\n        \"North Europe\",\r\n        \"West Europe\",\r\n        \"Southeast Asia\",\r\n        \"East Asia\",\r\n        \"North Central US\",\r\n        \"South Central US\",\r\n        \"Central US\",\r\n        \"Japan West\",\r\n        \"Japan East\",\r\n        \"Korea Central\",\r\n        \"Australia East\",\r\n        \"Australia Southeast\",\r\n        \"Brazil South\",\r\n        \"Central India\",\r\n        \"West Central US\",\r\n        \"Canada Central\",\r\n        \"UK South\",\r\n        \"France Central\",\r\n        \"South Africa North\",\r\n        \"UAE North\",\r\n        \"Central US EUAP\",\r\n        \"East US 2 EUAP\"\r\n      ],\r\n      \"apiVersions\": [\r\n        \"2023-11-01\",\r\n        \"2022-09-01\",\r\n        \"2021-06-06-Preview\",\r\n        \"2021-04-01-Preview\",\r\n        \"2020-08-01-Preview\",\r\n        \"2020-08-01\",\r\n        \"2020-03-13\",\r\n        \"2019-10-01-Preview\",\r\n        \"2015-08-19\",\r\n        \"2015-02-28\",\r\n        \"2014-07-31-Preview\"\r\n      ],\r\n      \"capabilities\": \"CrossResourceGroupResourceMove, CrossSubscriptionResourceMove, SystemAssignedResourceIdentity\"\r\n    },\r\n    {\r\n      \"resourceType\": \"checkServiceNameAvailability\",\r\n      \"locations\": [],\r\n      \"apiVersions\": [\r\n        \"2015-02-28\",\r\n        \"2014-07-31-Preview\"\r\n      ]\r\n    },\r\n    {\r\n      \"resourceType\": \"checkNameAvailability\",\r\n      \"locations\": [],\r\n      \"apiVersions\": [\r\n        \"2023-11-01\",\r\n        \"2022-09-01\",\r\n        \"2021-06-06-Preview\",\r\n        \"2021-04-01-Preview\",\r\n        \"2020-08-01-Preview\",\r\n        \"2020-08-01\",\r\n        \"2020-03-13\",\r\n        \"2019-10-01-Preview\",\r\n        \"2015-08-19\"\r\n      ]\r\n    },\r\n    {\r\n      \"resourceType\": \"resourceHealthMetadata\",\r\n      \"locations\": [\r\n        \"Germany North\",\r\n        \"Qatar Central\",\r\n        \"Poland Central\",\r\n        \"Italy North\",\r\n        \"Israel Central\",\r\n        \"Sweden Central\",\r\n        \"UK West\",\r\n        \"Korea South\",\r\n        \"Canada East\",\r\n        \"Jio India West\",\r\n        \"West US 3\",\r\n        \"Germany West Central\",\r\n        \"Norway East\",\r\n        \"Switzerland West\",\r\n        \"Switzerland North\",\r\n        \"West US\",\r\n        \"West US 2\",\r\n        \"East US\",\r\n        \"East US 2\",\r\n        \"North Europe\",\r\n        \"West Europe\",\r\n        \"Southeast Asia\",\r\n        \"East Asia\",\r\n        \"North Central US\",\r\n        \"South Central US\",\r\n        \"Central US\",\r\n        \"Japan West\",\r\n        \"Japan East\",\r\n        \"Korea Central\",\r\n        \"Australia East\",\r\n        \"Australia Southeast\",\r\n        \"Brazil South\",\r\n        \"Central India\",\r\n        \"West Central US\",\r\n        \"Canada Central\",\r\n        \"UK South\",\r\n        \"France Central\",\r\n        \"South Africa North\",\r\n        \"UAE North\",\r\n        \"Central US EUAP\",\r\n        \"East US 2 EUAP\"\r\n      ],\r\n      \"apiVersions\": [\r\n        \"2023-11-01\",\r\n        \"2022-09-01\",\r\n        \"2021-06-06-Preview\",\r\n        \"2021-04-01-Preview\",\r\n        \"2020-08-01-Preview\",\r\n        \"2020-08-01\",\r\n        \"2020-03-13\",\r\n        \"2019-10-01-Preview\",\r\n        \"2015-08-19\"\r\n      ]\r\n    },\r\n    {\r\n      \"resourceType\": \"operations\",\r\n      \"locations\": [],\r\n      \"apiVersions\": [\r\n        \"2023-11-01\",\r\n        \"2022-09-01\",\r\n        \"2021-06-06-Preview\",\r\n        \"2021-04-01-Preview\",\r\n        \"2020-08-01-Preview\",\r\n        \"2020-08-01\",\r\n        \"2020-03-13\",\r\n        \"2019-10-01-Preview\",\r\n        \"2015-08-19\",\r\n        \"2015-02-28\"\r\n      ]\r\n    },\r\n    {\r\n      \"resourceType\": \"locations\",\r\n      \"locations\": [\r\n        \"East US 2 EUAP\"\r\n      ],\r\n      \"apiVersions\": [\r\n        \"2021-06-06-Preview\"\r\n      ]\r\n    },\r\n    {\r\n      \"resourceType\": \"locations/notifyNetworkSecurityPerimeterUpdatesAvailable\",\r\n      \"locations\": [\r\n        \"Germany North\",\r\n        \"Central US EUAP\",\r\n        \"East US 2 EUAP\",\r\n        \"Qatar Central\",\r\n        \"Poland Central\",\r\n        \"Italy North\",\r\n        \"Sweden Central\",\r\n        \"UK West\",\r\n        \"Korea South\",\r\n        \"Canada East\",\r\n        \"Jio India West\",\r\n        \"West US 3\",\r\n        \"Germany West Central\",\r\n        \"Norway East\",\r\n        \"Switzerland West\",\r\n        \"Switzerland North\",\r\n        \"West US\",\r\n        \"West US 2\",\r\n        \"East US\",\r\n        \"East US 2\",\r\n        \"North Europe\",\r\n        \"West Europe\",\r\n        \"Southeast Asia\",\r\n        \"East Asia\",\r\n        \"North Central US\",\r\n        \"South Central US\",\r\n        \"Central US\",\r\n        \"Japan West\",\r\n        \"Japan East\",\r\n        \"Korea Central\",\r\n        \"Australia East\",\r\n        \"Australia Southeast\",\r\n        \"Brazil South\",\r\n        \"Central India\",\r\n        \"West Central US\",\r\n        \"Canada Central\",\r\n        \"UK South\",\r\n        \"France Central\",\r\n        \"South Africa North\",\r\n        \"UAE North\"\r\n      ],\r\n      \"apiVersions\": [\r\n        \"2021-06-06-Preview\"\r\n      ]\r\n    },\r\n    {\r\n      \"resourceType\": \"locations/operationResults\",\r\n      \"locations\": [\r\n        \"North Central US\",\r\n        \"East US 2\",\r\n        \"West US 2\",\r\n        \"South Central US\",\r\n        \"East US\",\r\n        \"West US\",\r\n        \"Central US EUAP\",\r\n        \"East US 2 EUAP\"\r\n      ],\r\n      \"apiVersions\": [\r\n        \"2021-06-06-Preview\"\r\n      ]\r\n    }\r\n  ],\r\n  \"registrationState\": \"Registered\"\r\n}",
      "StatusCode": 200
    },
    {
      "RequestUri": "/subscriptions/ee787b9b-a25f-4d20-86e9-45fcea5253dd/resourcegroups/ps9057?api-version=2016-09-01",
      "EncodedRequestUri": "L3N1YnNjcmlwdGlvbnMvZWU3ODdiOWItYTI1Zi00ZDIwLTg2ZTktNDVmY2VhNTI1M2RkL3Jlc291cmNlZ3JvdXBzL3BzOTA1Nz9hcGktdmVyc2lvbj0yMDE2LTA5LTAx",
      "RequestMethod": "PUT",
      "RequestHeaders": {
        "x-ms-client-request-id": [
          "11fcf6ca-d601-41d0-80e4-b47c704db62a"
        ],
        "Accept-Language": [
          "en-US"
        ],
        "User-Agent": [
          "FxVersion/6.0.2323.48002",
          "OSName/Windows",
          "OSVersion/Microsoft.Windows.10.0.22621",
          "Microsoft.Azure.Management.Internal.Resources.ResourceManagementClient/1.3.86"
        ],
        "Content-Type": [
          "application/json; charset=utf-8"
        ],
        "Content-Length": [
          "36"
        ]
      },
      "RequestBody": "{\r\n  \"location\": \"East US 2 EUAP\"\r\n}",
      "ResponseHeaders": {
        "Cache-Control": [
          "no-cache"
        ],
        "Pragma": [
          "no-cache"
        ],
        "x-ms-ratelimit-remaining-subscription-writes": [
          "1198"
        ],
        "x-ms-request-id": [
          "390c9a2f-0515-4a5c-ae91-ec8654cba00f"
        ],
        "x-ms-correlation-request-id": [
          "390c9a2f-0515-4a5c-ae91-ec8654cba00f"
        ],
        "x-ms-routing-request-id": [
          "EASTUS2EUAP:20231020T044729Z:390c9a2f-0515-4a5c-ae91-ec8654cba00f"
        ],
        "Strict-Transport-Security": [
          "max-age=31536000; includeSubDomains"
        ],
        "X-Content-Type-Options": [
          "nosniff"
        ],
        "Date": [
          "Fri, 20 Oct 2023 04:47:29 GMT"
        ],
        "Content-Length": [
          "170"
        ],
        "Content-Type": [
          "application/json; charset=utf-8"
        ],
        "Expires": [
          "-1"
        ]
      },
      "ResponseBody": "{\r\n  \"id\": \"/subscriptions/ee787b9b-a25f-4d20-86e9-45fcea5253dd/resourceGroups/ps9057\",\r\n  \"name\": \"ps9057\",\r\n  \"location\": \"eastus2euap\",\r\n  \"properties\": {\r\n    \"provisioningState\": \"Succeeded\"\r\n  }\r\n}",
      "StatusCode": 201
    },
    {
      "RequestUri": "/subscriptions/ee787b9b-a25f-4d20-86e9-45fcea5253dd/resourceGroups/ps9057/providers/Microsoft.Search/searchServices/ps9057-service1?api-version=2023-11-01",
      "EncodedRequestUri": "L3N1YnNjcmlwdGlvbnMvZWU3ODdiOWItYTI1Zi00ZDIwLTg2ZTktNDVmY2VhNTI1M2RkL3Jlc291cmNlR3JvdXBzL3BzOTA1Ny9wcm92aWRlcnMvTWljcm9zb2Z0LlNlYXJjaC9zZWFyY2hTZXJ2aWNlcy9wczkwNTctc2VydmljZTE/YXBpLXZlcnNpb249MjAyMy0xMS0wMQ==",
      "RequestMethod": "PUT",
      "RequestHeaders": {
        "x-ms-client-request-id": [
          "c0c70422-8869-491e-8139-0968236a25d1"
        ],
        "Accept-Language": [
          "en-US"
        ],
        "User-Agent": [
          "FxVersion/6.0.2323.48002",
          "OSName/Windows",
          "OSVersion/Microsoft.Windows.10.0.22621",
          "Microsoft.Azure.Management.Search.SearchManagementClient/0.9.0"
        ],
        "Content-Type": [
          "application/json; charset=utf-8"
        ],
        "Content-Length": [
          "183"
        ]
      },
      "RequestBody": "{\r\n  \"sku\": {\r\n    \"name\": \"standard\"\r\n  },\r\n  \"properties\": {\r\n    \"hostingMode\": \"default\",\r\n    \"replicaCount\": 1,\r\n    \"partitionCount\": 1\r\n  },\r\n  \"location\": \"East US 2 EUAP\"\r\n}",
      "ResponseHeaders": {
        "Cache-Control": [
          "no-cache"
        ],
        "Pragma": [
          "no-cache"
        ],
        "ETag": [
          "W/\"datetime'2023-10-20T04%3A47%3A32.8822658Z'\""
        ],
        "x-ms-request-id": [
          "c0c70422-8869-491e-8139-0968236a25d1"
        ],
        "request-id": [
          "c0c70422-8869-491e-8139-0968236a25d1"
        ],
        "elapsed-time": [
          "3401"
        ],
        "Strict-Transport-Security": [
          "max-age=31536000; includeSubDomains"
        ],
        "x-ms-operation-identifier": [
          "appId=d94cc892-198d-43c4-ad2d-9050e915aa58,tenantId=72f988bf-86f1-41af-91ab-2d7cd011db47,objectId=d8bad258-9b3f-4126-b73e-2708d24315d5/eastus2euap/9a7fd8b1-974c-4fa9-bc76-00b8d674d0cf"
        ],
        "x-ms-ratelimit-remaining-subscription-writes": [
          "1197"
        ],
        "x-ms-correlation-request-id": [
          "bd0c53dc-f1d1-4a48-96fe-a961f4c33c17"
        ],
        "x-ms-routing-request-id": [
          "EASTUS2EUAP:20231020T044733Z:bd0c53dc-f1d1-4a48-96fe-a961f4c33c17"
        ],
        "X-Content-Type-Options": [
          "nosniff"
        ],
        "Date": [
          "Fri, 20 Oct 2023 04:47:32 GMT"
        ],
        "Content-Length": [
          "721"
        ],
        "Content-Type": [
          "application/json; charset=utf-8"
        ],
        "Expires": [
          "-1"
        ]
      },
      "ResponseBody": "{\r\n  \"id\": \"/subscriptions/ee787b9b-a25f-4d20-86e9-45fcea5253dd/resourceGroups/ps9057/providers/Microsoft.Search/searchServices/ps9057-service1\",\r\n  \"name\": \"ps9057-service1\",\r\n  \"type\": \"Microsoft.Search/searchServices\",\r\n  \"location\": \"East US 2 EUAP\",\r\n  \"properties\": {\r\n    \"replicaCount\": 1,\r\n    \"partitionCount\": 1,\r\n    \"status\": \"running\",\r\n    \"statusDetails\": \"\",\r\n    \"provisioningState\": \"succeeded\",\r\n    \"hostingMode\": \"default\",\r\n    \"publicNetworkAccess\": \"Enabled\",\r\n    \"networkRuleSet\": {\r\n      \"ipRules\": [],\r\n      \"bypass\": \"None\"\r\n    },\r\n    \"privateEndpointConnections\": [],\r\n    \"sharedPrivateLinkResources\": [],\r\n    \"encryptionWithCmk\": {\r\n      \"enforcement\": \"Unspecified\",\r\n      \"encryptionComplianceStatus\": \"Compliant\"\r\n    },\r\n    \"disableLocalAuth\": false,\r\n    \"authOptions\": {\r\n      \"apiKeyOnly\": {}\r\n    },\r\n    \"semanticSearch\": \"free\"\r\n  },\r\n  \"sku\": {\r\n    \"name\": \"standard\"\r\n  }\r\n}",
      "StatusCode": 201
    },
    {
      "RequestUri": "/subscriptions/ee787b9b-a25f-4d20-86e9-45fcea5253dd/resourceGroups/ps9057/providers/Microsoft.Search/searchServices/ps9057-service1?api-version=2023-11-01",
      "EncodedRequestUri": "L3N1YnNjcmlwdGlvbnMvZWU3ODdiOWItYTI1Zi00ZDIwLTg2ZTktNDVmY2VhNTI1M2RkL3Jlc291cmNlR3JvdXBzL3BzOTA1Ny9wcm92aWRlcnMvTWljcm9zb2Z0LlNlYXJjaC9zZWFyY2hTZXJ2aWNlcy9wczkwNTctc2VydmljZTE/YXBpLXZlcnNpb249MjAyMy0xMS0wMQ==",
      "RequestMethod": "GET",
      "RequestHeaders": {
        "x-ms-client-request-id": [
          "548e3fd9-f2dd-4ccd-9856-4f9f1025467e"
        ],
        "Accept-Language": [
          "en-US"
        ],
        "User-Agent": [
          "FxVersion/6.0.2323.48002",
          "OSName/Windows",
          "OSVersion/Microsoft.Windows.10.0.22621",
          "Microsoft.Azure.Management.Search.SearchManagementClient/0.9.0"
        ]
      },
      "RequestBody": "",
      "ResponseHeaders": {
        "Cache-Control": [
          "no-cache"
        ],
        "Pragma": [
          "no-cache"
        ],
        "ETag": [
          "W/\"datetime'2023-10-20T04%3A47%3A32.8822658Z'\""
        ],
        "Vary": [
          "Accept-Encoding"
        ],
        "x-ms-request-id": [
          "548e3fd9-f2dd-4ccd-9856-4f9f1025467e"
        ],
        "request-id": [
          "548e3fd9-f2dd-4ccd-9856-4f9f1025467e"
        ],
        "elapsed-time": [
          "270"
        ],
        "Strict-Transport-Security": [
          "max-age=31536000; includeSubDomains"
        ],
        "x-ms-ratelimit-remaining-subscription-reads": [
          "11999"
        ],
        "x-ms-correlation-request-id": [
          "3e926ff6-2339-41c8-aa69-fc05072d5497"
        ],
        "x-ms-routing-request-id": [
          "EASTUS2EUAP:20231020T044734Z:3e926ff6-2339-41c8-aa69-fc05072d5497"
        ],
        "X-Content-Type-Options": [
          "nosniff"
        ],
        "Date": [
          "Fri, 20 Oct 2023 04:47:34 GMT"
        ],
        "Content-Length": [
          "721"
        ],
        "Content-Type": [
          "application/json; charset=utf-8"
        ],
        "Expires": [
          "-1"
        ]
      },
      "ResponseBody": "{\r\n  \"id\": \"/subscriptions/ee787b9b-a25f-4d20-86e9-45fcea5253dd/resourceGroups/ps9057/providers/Microsoft.Search/searchServices/ps9057-service1\",\r\n  \"name\": \"ps9057-service1\",\r\n  \"type\": \"Microsoft.Search/searchServices\",\r\n  \"location\": \"East US 2 EUAP\",\r\n  \"properties\": {\r\n    \"replicaCount\": 1,\r\n    \"partitionCount\": 1,\r\n    \"status\": \"running\",\r\n    \"statusDetails\": \"\",\r\n    \"provisioningState\": \"succeeded\",\r\n    \"hostingMode\": \"default\",\r\n    \"publicNetworkAccess\": \"Enabled\",\r\n    \"networkRuleSet\": {\r\n      \"ipRules\": [],\r\n      \"bypass\": \"None\"\r\n    },\r\n    \"privateEndpointConnections\": [],\r\n    \"sharedPrivateLinkResources\": [],\r\n    \"encryptionWithCmk\": {\r\n      \"enforcement\": \"Unspecified\",\r\n      \"encryptionComplianceStatus\": \"Compliant\"\r\n    },\r\n    \"disableLocalAuth\": false,\r\n    \"authOptions\": {\r\n      \"apiKeyOnly\": {}\r\n    },\r\n    \"semanticSearch\": \"free\"\r\n  },\r\n  \"sku\": {\r\n    \"name\": \"standard\"\r\n  }\r\n}",
      "StatusCode": 200
    },
    {
      "RequestUri": "/subscriptions/ee787b9b-a25f-4d20-86e9-45fcea5253dd/resourceGroups/ps9057/providers/Microsoft.Search/searchServices/ps9057-service1?api-version=2023-11-01",
      "EncodedRequestUri": "L3N1YnNjcmlwdGlvbnMvZWU3ODdiOWItYTI1Zi00ZDIwLTg2ZTktNDVmY2VhNTI1M2RkL3Jlc291cmNlR3JvdXBzL3BzOTA1Ny9wcm92aWRlcnMvTWljcm9zb2Z0LlNlYXJjaC9zZWFyY2hTZXJ2aWNlcy9wczkwNTctc2VydmljZTE/YXBpLXZlcnNpb249MjAyMy0xMS0wMQ==",
      "RequestMethod": "GET",
      "RequestHeaders": {
        "x-ms-client-request-id": [
          "8c82dc7b-ec9b-4d33-a173-c19ced487852"
        ],
        "Accept-Language": [
          "en-US"
        ],
        "User-Agent": [
          "FxVersion/6.0.2323.48002",
          "OSName/Windows",
          "OSVersion/Microsoft.Windows.10.0.22621",
          "Microsoft.Azure.Management.Search.SearchManagementClient/0.9.0"
        ]
      },
      "RequestBody": "",
      "ResponseHeaders": {
        "Cache-Control": [
          "no-cache"
        ],
        "Pragma": [
          "no-cache"
        ],
        "ETag": [
          "W/\"datetime'2023-10-20T04%3A47%3A34.9343614Z'\""
        ],
        "Vary": [
          "Accept-Encoding"
        ],
        "x-ms-request-id": [
          "8c82dc7b-ec9b-4d33-a173-c19ced487852"
        ],
        "request-id": [
          "8c82dc7b-ec9b-4d33-a173-c19ced487852"
        ],
        "elapsed-time": [
          "340"
        ],
        "Strict-Transport-Security": [
          "max-age=31536000; includeSubDomains"
        ],
        "x-ms-ratelimit-remaining-subscription-reads": [
          "11998"
        ],
        "x-ms-correlation-request-id": [
          "f3086917-26d6-4ee6-80c3-351aa3feda67"
        ],
        "x-ms-routing-request-id": [
          "EASTUS2EUAP:20231020T044736Z:f3086917-26d6-4ee6-80c3-351aa3feda67"
        ],
        "X-Content-Type-Options": [
          "nosniff"
        ],
        "Date": [
          "Fri, 20 Oct 2023 04:47:35 GMT"
        ],
        "Content-Length": [
          "729"
        ],
        "Content-Type": [
          "application/json; charset=utf-8"
        ],
        "Expires": [
          "-1"
        ]
      },
      "ResponseBody": "{\r\n  \"id\": \"/subscriptions/ee787b9b-a25f-4d20-86e9-45fcea5253dd/resourceGroups/ps9057/providers/Microsoft.Search/searchServices/ps9057-service1\",\r\n  \"name\": \"ps9057-service1\",\r\n  \"type\": \"Microsoft.Search/searchServices\",\r\n  \"location\": \"East US 2 EUAP\",\r\n  \"properties\": {\r\n    \"replicaCount\": 2,\r\n    \"partitionCount\": 2,\r\n    \"status\": \"provisioning\",\r\n    \"statusDetails\": \"\",\r\n    \"provisioningState\": \"provisioning\",\r\n    \"hostingMode\": \"default\",\r\n    \"publicNetworkAccess\": \"Enabled\",\r\n    \"networkRuleSet\": {\r\n      \"ipRules\": [],\r\n      \"bypass\": \"None\"\r\n    },\r\n    \"privateEndpointConnections\": [],\r\n    \"sharedPrivateLinkResources\": [],\r\n    \"encryptionWithCmk\": {\r\n      \"enforcement\": \"Unspecified\",\r\n      \"encryptionComplianceStatus\": \"Compliant\"\r\n    },\r\n    \"disableLocalAuth\": false,\r\n    \"authOptions\": {\r\n      \"apiKeyOnly\": {}\r\n    },\r\n    \"semanticSearch\": \"free\"\r\n  },\r\n  \"sku\": {\r\n    \"name\": \"standard\"\r\n  }\r\n}",
      "StatusCode": 200
    },
    {
      "RequestUri": "/subscriptions/ee787b9b-a25f-4d20-86e9-45fcea5253dd/resourceGroups/ps9057/providers/Microsoft.Search/searchServices/ps9057-service1?api-version=2023-11-01",
      "EncodedRequestUri": "L3N1YnNjcmlwdGlvbnMvZWU3ODdiOWItYTI1Zi00ZDIwLTg2ZTktNDVmY2VhNTI1M2RkL3Jlc291cmNlR3JvdXBzL3BzOTA1Ny9wcm92aWRlcnMvTWljcm9zb2Z0LlNlYXJjaC9zZWFyY2hTZXJ2aWNlcy9wczkwNTctc2VydmljZTE/YXBpLXZlcnNpb249MjAyMy0xMS0wMQ==",
      "RequestMethod": "PATCH",
      "RequestHeaders": {
        "x-ms-client-request-id": [
          "548e3fd9-f2dd-4ccd-9856-4f9f1025467e"
        ],
        "Accept-Language": [
          "en-US"
        ],
        "User-Agent": [
          "FxVersion/6.0.2323.48002",
          "OSName/Windows",
          "OSVersion/Microsoft.Windows.10.0.22621",
          "Microsoft.Azure.Management.Search.SearchManagementClient/0.9.0"
        ],
        "Content-Type": [
          "application/json; charset=utf-8"
        ],
        "Content-Length": [
          "276"
        ]
      },
      "RequestBody": "{\r\n  \"sku\": {\r\n    \"name\": \"standard\"\r\n  },\r\n  \"location\": \"East US 2 EUAP\",\r\n  \"properties\": {\r\n    \"hostingMode\": \"default\",\r\n    \"replicaCount\": 2,\r\n    \"partitionCount\": 2,\r\n    \"publicNetworkAccess\": \"enabled\",\r\n    \"networkRuleSet\": {\r\n      \"ipRules\": []\r\n    }\r\n  }\r\n}",
      "ResponseHeaders": {
        "Cache-Control": [
          "no-cache"
        ],
        "Pragma": [
          "no-cache"
        ],
        "ETag": [
          "W/\"datetime'2023-10-20T04%3A47%3A34.9343614Z'\""
        ],
        "Vary": [
          "Accept-Encoding"
        ],
        "x-ms-request-id": [
          "548e3fd9-f2dd-4ccd-9856-4f9f1025467e"
        ],
        "request-id": [
          "548e3fd9-f2dd-4ccd-9856-4f9f1025467e"
        ],
        "elapsed-time": [
          "940"
        ],
        "Strict-Transport-Security": [
          "max-age=31536000; includeSubDomains"
        ],
        "x-ms-ratelimit-remaining-subscription-writes": [
          "1199"
        ],
        "x-ms-correlation-request-id": [
          "5a209799-394a-49a8-b9cf-dc7452d90ad1"
        ],
        "x-ms-routing-request-id": [
          "EASTUS2EUAP:20231020T044735Z:5a209799-394a-49a8-b9cf-dc7452d90ad1"
        ],
        "X-Content-Type-Options": [
          "nosniff"
        ],
        "Date": [
          "Fri, 20 Oct 2023 04:47:35 GMT"
        ],
        "Content-Length": [
          "729"
        ],
        "Content-Type": [
          "application/json; charset=utf-8"
        ],
        "Expires": [
          "-1"
        ]
      },
      "ResponseBody": "{\r\n  \"id\": \"/subscriptions/ee787b9b-a25f-4d20-86e9-45fcea5253dd/resourceGroups/ps9057/providers/Microsoft.Search/searchServices/ps9057-service1\",\r\n  \"name\": \"ps9057-service1\",\r\n  \"type\": \"Microsoft.Search/searchServices\",\r\n  \"location\": \"East US 2 EUAP\",\r\n  \"properties\": {\r\n    \"replicaCount\": 2,\r\n    \"partitionCount\": 2,\r\n    \"status\": \"provisioning\",\r\n    \"statusDetails\": \"\",\r\n    \"provisioningState\": \"provisioning\",\r\n    \"hostingMode\": \"default\",\r\n    \"publicNetworkAccess\": \"Enabled\",\r\n    \"networkRuleSet\": {\r\n      \"ipRules\": [],\r\n      \"bypass\": \"None\"\r\n    },\r\n    \"privateEndpointConnections\": [],\r\n    \"sharedPrivateLinkResources\": [],\r\n    \"encryptionWithCmk\": {\r\n      \"enforcement\": \"Unspecified\",\r\n      \"encryptionComplianceStatus\": \"Compliant\"\r\n    },\r\n    \"disableLocalAuth\": false,\r\n    \"authOptions\": {\r\n      \"apiKeyOnly\": {}\r\n    },\r\n    \"semanticSearch\": \"free\"\r\n  },\r\n  \"sku\": {\r\n    \"name\": \"standard\"\r\n  }\r\n}",
      "StatusCode": 200
    },
    {
      "RequestUri": "/subscriptions/ee787b9b-a25f-4d20-86e9-45fcea5253dd/resourceGroups/ps9057/providers/Microsoft.Search/searchServices/ps9057-service2?api-version=2023-11-01",
      "EncodedRequestUri": "L3N1YnNjcmlwdGlvbnMvZWU3ODdiOWItYTI1Zi00ZDIwLTg2ZTktNDVmY2VhNTI1M2RkL3Jlc291cmNlR3JvdXBzL3BzOTA1Ny9wcm92aWRlcnMvTWljcm9zb2Z0LlNlYXJjaC9zZWFyY2hTZXJ2aWNlcy9wczkwNTctc2VydmljZTI/YXBpLXZlcnNpb249MjAyMy0xMS0wMQ==",
      "RequestMethod": "PUT",
      "RequestHeaders": {
        "x-ms-client-request-id": [
          "25b8895a-d728-4749-9e14-771d3263e948"
        ],
        "Accept-Language": [
          "en-US"
        ],
        "User-Agent": [
          "FxVersion/6.0.2323.48002",
          "OSName/Windows",
          "OSVersion/Microsoft.Windows.10.0.22621",
          "Microsoft.Azure.Management.Search.SearchManagementClient/0.9.0"
        ],
        "Content-Type": [
          "application/json; charset=utf-8"
        ],
        "Content-Length": [
          "183"
        ]
      },
      "RequestBody": "{\r\n  \"sku\": {\r\n    \"name\": \"standard\"\r\n  },\r\n  \"properties\": {\r\n    \"hostingMode\": \"default\",\r\n    \"replicaCount\": 1,\r\n    \"partitionCount\": 1\r\n  },\r\n  \"location\": \"East US 2 EUAP\"\r\n}",
      "ResponseHeaders": {
        "Cache-Control": [
          "no-cache"
        ],
        "Pragma": [
          "no-cache"
        ],
        "ETag": [
          "W/\"datetime'2023-10-20T04%3A47%3A39.6862663Z'\""
        ],
        "x-ms-request-id": [
          "25b8895a-d728-4749-9e14-771d3263e948"
        ],
        "request-id": [
          "25b8895a-d728-4749-9e14-771d3263e948"
        ],
        "elapsed-time": [
          "3201"
        ],
        "Strict-Transport-Security": [
          "max-age=31536000; includeSubDomains"
        ],
        "x-ms-operation-identifier": [
          "appId=d94cc892-198d-43c4-ad2d-9050e915aa58,tenantId=72f988bf-86f1-41af-91ab-2d7cd011db47,objectId=d8bad258-9b3f-4126-b73e-2708d24315d5/eastus2euap/8ec710fa-455f-4471-adda-32c8e86053ed"
        ],
        "x-ms-ratelimit-remaining-subscription-writes": [
          "1199"
        ],
        "x-ms-correlation-request-id": [
          "732f13ac-455b-4283-b89c-7377ad6b0bd2"
        ],
        "x-ms-routing-request-id": [
          "EASTUS2EUAP:20231020T044740Z:732f13ac-455b-4283-b89c-7377ad6b0bd2"
        ],
        "X-Content-Type-Options": [
          "nosniff"
        ],
        "Date": [
          "Fri, 20 Oct 2023 04:47:39 GMT"
        ],
        "Content-Length": [
          "721"
        ],
        "Content-Type": [
          "application/json; charset=utf-8"
        ],
        "Expires": [
          "-1"
        ]
      },
      "ResponseBody": "{\r\n  \"id\": \"/subscriptions/ee787b9b-a25f-4d20-86e9-45fcea5253dd/resourceGroups/ps9057/providers/Microsoft.Search/searchServices/ps9057-service2\",\r\n  \"name\": \"ps9057-service2\",\r\n  \"type\": \"Microsoft.Search/searchServices\",\r\n  \"location\": \"East US 2 EUAP\",\r\n  \"properties\": {\r\n    \"replicaCount\": 1,\r\n    \"partitionCount\": 1,\r\n    \"status\": \"running\",\r\n    \"statusDetails\": \"\",\r\n    \"provisioningState\": \"succeeded\",\r\n    \"hostingMode\": \"default\",\r\n    \"publicNetworkAccess\": \"Enabled\",\r\n    \"networkRuleSet\": {\r\n      \"ipRules\": [],\r\n      \"bypass\": \"None\"\r\n    },\r\n    \"privateEndpointConnections\": [],\r\n    \"sharedPrivateLinkResources\": [],\r\n    \"encryptionWithCmk\": {\r\n      \"enforcement\": \"Unspecified\",\r\n      \"encryptionComplianceStatus\": \"Compliant\"\r\n    },\r\n    \"disableLocalAuth\": false,\r\n    \"authOptions\": {\r\n      \"apiKeyOnly\": {}\r\n    },\r\n    \"semanticSearch\": \"free\"\r\n  },\r\n  \"sku\": {\r\n    \"name\": \"standard\"\r\n  }\r\n}",
      "StatusCode": 201
    },
    {
      "RequestUri": "/subscriptions/ee787b9b-a25f-4d20-86e9-45fcea5253dd/resourceGroups/ps9057/providers/Microsoft.Search/searchServices/ps9057-service2?api-version=2023-11-01",
      "EncodedRequestUri": "L3N1YnNjcmlwdGlvbnMvZWU3ODdiOWItYTI1Zi00ZDIwLTg2ZTktNDVmY2VhNTI1M2RkL3Jlc291cmNlR3JvdXBzL3BzOTA1Ny9wcm92aWRlcnMvTWljcm9zb2Z0LlNlYXJjaC9zZWFyY2hTZXJ2aWNlcy9wczkwNTctc2VydmljZTI/YXBpLXZlcnNpb249MjAyMy0xMS0wMQ==",
      "RequestMethod": "GET",
      "RequestHeaders": {
        "x-ms-client-request-id": [
          "0cce385a-3349-4f6f-baa5-c17126b3209f"
        ],
        "Accept-Language": [
          "en-US"
        ],
        "User-Agent": [
          "FxVersion/6.0.2323.48002",
          "OSName/Windows",
          "OSVersion/Microsoft.Windows.10.0.22621",
          "Microsoft.Azure.Management.Search.SearchManagementClient/0.9.0"
        ]
      },
      "RequestBody": "",
      "ResponseHeaders": {
        "Cache-Control": [
          "no-cache"
        ],
        "Pragma": [
          "no-cache"
        ],
        "ETag": [
          "W/\"datetime'2023-10-20T04%3A47%3A39.6862663Z'\""
        ],
        "Vary": [
          "Accept-Encoding"
        ],
        "x-ms-request-id": [
          "0cce385a-3349-4f6f-baa5-c17126b3209f"
        ],
        "request-id": [
          "0cce385a-3349-4f6f-baa5-c17126b3209f"
        ],
        "elapsed-time": [
          "393"
        ],
        "Strict-Transport-Security": [
          "max-age=31536000; includeSubDomains"
        ],
        "x-ms-ratelimit-remaining-subscription-reads": [
          "11997"
        ],
        "x-ms-correlation-request-id": [
          "c3ec5c5a-edb8-4114-be45-d98ac23a283f"
        ],
        "x-ms-routing-request-id": [
          "EASTUS2EUAP:20231020T044740Z:c3ec5c5a-edb8-4114-be45-d98ac23a283f"
        ],
        "X-Content-Type-Options": [
          "nosniff"
        ],
        "Date": [
          "Fri, 20 Oct 2023 04:47:40 GMT"
        ],
        "Content-Length": [
          "721"
        ],
        "Content-Type": [
          "application/json; charset=utf-8"
        ],
        "Expires": [
          "-1"
        ]
      },
      "ResponseBody": "{\r\n  \"id\": \"/subscriptions/ee787b9b-a25f-4d20-86e9-45fcea5253dd/resourceGroups/ps9057/providers/Microsoft.Search/searchServices/ps9057-service2\",\r\n  \"name\": \"ps9057-service2\",\r\n  \"type\": \"Microsoft.Search/searchServices\",\r\n  \"location\": \"East US 2 EUAP\",\r\n  \"properties\": {\r\n    \"replicaCount\": 1,\r\n    \"partitionCount\": 1,\r\n    \"status\": \"running\",\r\n    \"statusDetails\": \"\",\r\n    \"provisioningState\": \"succeeded\",\r\n    \"hostingMode\": \"default\",\r\n    \"publicNetworkAccess\": \"Enabled\",\r\n    \"networkRuleSet\": {\r\n      \"ipRules\": [],\r\n      \"bypass\": \"None\"\r\n    },\r\n    \"privateEndpointConnections\": [],\r\n    \"sharedPrivateLinkResources\": [],\r\n    \"encryptionWithCmk\": {\r\n      \"enforcement\": \"Unspecified\",\r\n      \"encryptionComplianceStatus\": \"Compliant\"\r\n    },\r\n    \"disableLocalAuth\": false,\r\n    \"authOptions\": {\r\n      \"apiKeyOnly\": {}\r\n    },\r\n    \"semanticSearch\": \"free\"\r\n  },\r\n  \"sku\": {\r\n    \"name\": \"standard\"\r\n  }\r\n}",
      "StatusCode": 200
    },
    {
      "RequestUri": "/subscriptions/ee787b9b-a25f-4d20-86e9-45fcea5253dd/resourceGroups/ps9057/providers/Microsoft.Search/searchServices/ps9057-service2?api-version=2023-11-01",
      "EncodedRequestUri": "L3N1YnNjcmlwdGlvbnMvZWU3ODdiOWItYTI1Zi00ZDIwLTg2ZTktNDVmY2VhNTI1M2RkL3Jlc291cmNlR3JvdXBzL3BzOTA1Ny9wcm92aWRlcnMvTWljcm9zb2Z0LlNlYXJjaC9zZWFyY2hTZXJ2aWNlcy9wczkwNTctc2VydmljZTI/YXBpLXZlcnNpb249MjAyMy0xMS0wMQ==",
      "RequestMethod": "GET",
      "RequestHeaders": {
        "x-ms-client-request-id": [
          "a5b092ab-fdbc-4b00-a740-811f0dd056d8"
        ],
        "Accept-Language": [
          "en-US"
        ],
        "User-Agent": [
          "FxVersion/6.0.2323.48002",
          "OSName/Windows",
          "OSVersion/Microsoft.Windows.10.0.22621",
          "Microsoft.Azure.Management.Search.SearchManagementClient/0.9.0"
        ]
      },
      "RequestBody": "",
      "ResponseHeaders": {
        "Cache-Control": [
          "no-cache"
        ],
        "Pragma": [
          "no-cache"
        ],
        "ETag": [
          "W/\"datetime'2023-10-20T04%3A47%3A41.722369Z'\""
        ],
        "Vary": [
          "Accept-Encoding"
        ],
        "x-ms-request-id": [
          "a5b092ab-fdbc-4b00-a740-811f0dd056d8"
        ],
        "request-id": [
          "a5b092ab-fdbc-4b00-a740-811f0dd056d8"
        ],
        "elapsed-time": [
          "371"
        ],
        "Strict-Transport-Security": [
          "max-age=31536000; includeSubDomains"
        ],
        "x-ms-ratelimit-remaining-subscription-reads": [
          "11998"
        ],
        "x-ms-correlation-request-id": [
          "36e7b665-8493-494e-a882-a8eafd5b892f"
        ],
        "x-ms-routing-request-id": [
          "EASTUS2EUAP:20231020T044742Z:36e7b665-8493-494e-a882-a8eafd5b892f"
        ],
        "X-Content-Type-Options": [
          "nosniff"
        ],
        "Date": [
          "Fri, 20 Oct 2023 04:47:42 GMT"
        ],
        "Content-Length": [
          "757"
        ],
        "Content-Type": [
          "application/json; charset=utf-8"
        ],
        "Expires": [
          "-1"
        ]
      },
      "ResponseBody": "{\r\n  \"id\": \"/subscriptions/ee787b9b-a25f-4d20-86e9-45fcea5253dd/resourceGroups/ps9057/providers/Microsoft.Search/searchServices/ps9057-service2\",\r\n  \"name\": \"ps9057-service2\",\r\n  \"type\": \"Microsoft.Search/searchServices\",\r\n  \"location\": \"East US 2 EUAP\",\r\n  \"properties\": {\r\n    \"replicaCount\": 3,\r\n    \"partitionCount\": 3,\r\n    \"status\": \"provisioning\",\r\n    \"statusDetails\": \"Search service is available.\",\r\n    \"provisioningState\": \"provisioning\",\r\n    \"hostingMode\": \"default\",\r\n    \"publicNetworkAccess\": \"Enabled\",\r\n    \"networkRuleSet\": {\r\n      \"ipRules\": [],\r\n      \"bypass\": \"None\"\r\n    },\r\n    \"privateEndpointConnections\": [],\r\n    \"sharedPrivateLinkResources\": [],\r\n    \"encryptionWithCmk\": {\r\n      \"enforcement\": \"Unspecified\",\r\n      \"encryptionComplianceStatus\": \"Compliant\"\r\n    },\r\n    \"disableLocalAuth\": false,\r\n    \"authOptions\": {\r\n      \"apiKeyOnly\": {}\r\n    },\r\n    \"semanticSearch\": \"free\"\r\n  },\r\n  \"sku\": {\r\n    \"name\": \"standard\"\r\n  }\r\n}",
      "StatusCode": 200
    },
    {
      "RequestUri": "/subscriptions/ee787b9b-a25f-4d20-86e9-45fcea5253dd/resourceGroups/ps9057/providers/Microsoft.Search/searchServices/ps9057-service2?api-version=2023-11-01",
      "EncodedRequestUri": "L3N1YnNjcmlwdGlvbnMvZWU3ODdiOWItYTI1Zi00ZDIwLTg2ZTktNDVmY2VhNTI1M2RkL3Jlc291cmNlR3JvdXBzL3BzOTA1Ny9wcm92aWRlcnMvTWljcm9zb2Z0LlNlYXJjaC9zZWFyY2hTZXJ2aWNlcy9wczkwNTctc2VydmljZTI/YXBpLXZlcnNpb249MjAyMy0xMS0wMQ==",
      "RequestMethod": "PATCH",
      "RequestHeaders": {
        "x-ms-client-request-id": [
          "0cce385a-3349-4f6f-baa5-c17126b3209f"
        ],
        "Accept-Language": [
          "en-US"
        ],
        "User-Agent": [
          "FxVersion/6.0.2323.48002",
          "OSName/Windows",
          "OSVersion/Microsoft.Windows.10.0.22621",
          "Microsoft.Azure.Management.Search.SearchManagementClient/0.9.0"
        ],
        "Content-Type": [
          "application/json; charset=utf-8"
        ],
        "Content-Length": [
          "276"
        ]
      },
      "RequestBody": "{\r\n  \"sku\": {\r\n    \"name\": \"standard\"\r\n  },\r\n  \"location\": \"East US 2 EUAP\",\r\n  \"properties\": {\r\n    \"hostingMode\": \"default\",\r\n    \"replicaCount\": 3,\r\n    \"partitionCount\": 3,\r\n    \"publicNetworkAccess\": \"enabled\",\r\n    \"networkRuleSet\": {\r\n      \"ipRules\": []\r\n    }\r\n  }\r\n}",
      "ResponseHeaders": {
        "Cache-Control": [
          "no-cache"
        ],
        "Pragma": [
          "no-cache"
        ],
        "ETag": [
          "W/\"datetime'2023-10-20T04%3A47%3A41.722369Z'\""
        ],
        "Vary": [
          "Accept-Encoding"
        ],
        "x-ms-request-id": [
          "0cce385a-3349-4f6f-baa5-c17126b3209f"
        ],
        "request-id": [
          "0cce385a-3349-4f6f-baa5-c17126b3209f"
        ],
        "elapsed-time": [
          "857"
        ],
        "Strict-Transport-Security": [
          "max-age=31536000; includeSubDomains"
        ],
        "x-ms-ratelimit-remaining-subscription-writes": [
          "1199"
        ],
        "x-ms-correlation-request-id": [
          "b5a9693b-f9b0-47a0-86e3-a9fbc9f09897"
        ],
        "x-ms-routing-request-id": [
          "EASTUS2EUAP:20231020T044742Z:b5a9693b-f9b0-47a0-86e3-a9fbc9f09897"
        ],
        "X-Content-Type-Options": [
          "nosniff"
        ],
        "Date": [
          "Fri, 20 Oct 2023 04:47:42 GMT"
        ],
        "Content-Length": [
          "757"
        ],
        "Content-Type": [
          "application/json; charset=utf-8"
        ],
        "Expires": [
          "-1"
        ]
      },
      "ResponseBody": "{\r\n  \"id\": \"/subscriptions/ee787b9b-a25f-4d20-86e9-45fcea5253dd/resourceGroups/ps9057/providers/Microsoft.Search/searchServices/ps9057-service2\",\r\n  \"name\": \"ps9057-service2\",\r\n  \"type\": \"Microsoft.Search/searchServices\",\r\n  \"location\": \"East US 2 EUAP\",\r\n  \"properties\": {\r\n    \"replicaCount\": 3,\r\n    \"partitionCount\": 3,\r\n    \"status\": \"provisioning\",\r\n    \"statusDetails\": \"Search service is available.\",\r\n    \"provisioningState\": \"provisioning\",\r\n    \"hostingMode\": \"default\",\r\n    \"publicNetworkAccess\": \"Enabled\",\r\n    \"networkRuleSet\": {\r\n      \"ipRules\": [],\r\n      \"bypass\": \"None\"\r\n    },\r\n    \"privateEndpointConnections\": [],\r\n    \"sharedPrivateLinkResources\": [],\r\n    \"encryptionWithCmk\": {\r\n      \"enforcement\": \"Unspecified\",\r\n      \"encryptionComplianceStatus\": \"Compliant\"\r\n    },\r\n    \"disableLocalAuth\": false,\r\n    \"authOptions\": {\r\n      \"apiKeyOnly\": {}\r\n    },\r\n    \"semanticSearch\": \"free\"\r\n  },\r\n  \"sku\": {\r\n    \"name\": \"standard\"\r\n  }\r\n}",
      "StatusCode": 200
    },
    {
      "RequestUri": "/subscriptions/ee787b9b-a25f-4d20-86e9-45fcea5253dd/resourceGroups/ps9057/providers/Microsoft.Search/searchServices/ps9057-service3?api-version=2023-11-01",
      "EncodedRequestUri": "L3N1YnNjcmlwdGlvbnMvZWU3ODdiOWItYTI1Zi00ZDIwLTg2ZTktNDVmY2VhNTI1M2RkL3Jlc291cmNlR3JvdXBzL3BzOTA1Ny9wcm92aWRlcnMvTWljcm9zb2Z0LlNlYXJjaC9zZWFyY2hTZXJ2aWNlcy9wczkwNTctc2VydmljZTM/YXBpLXZlcnNpb249MjAyMy0xMS0wMQ==",
      "RequestMethod": "PUT",
      "RequestHeaders": {
        "x-ms-client-request-id": [
          "4b16d937-07c6-4707-9303-a738fe7656ed"
        ],
        "Accept-Language": [
          "en-US"
        ],
        "User-Agent": [
          "FxVersion/6.0.2323.48002",
          "OSName/Windows",
          "OSVersion/Microsoft.Windows.10.0.22621",
          "Microsoft.Azure.Management.Search.SearchManagementClient/0.9.0"
        ],
        "Content-Type": [
          "application/json; charset=utf-8"
        ],
        "Content-Length": [
          "183"
        ]
      },
      "RequestBody": "{\r\n  \"sku\": {\r\n    \"name\": \"standard\"\r\n  },\r\n  \"properties\": {\r\n    \"hostingMode\": \"default\",\r\n    \"replicaCount\": 1,\r\n    \"partitionCount\": 1\r\n  },\r\n  \"location\": \"East US 2 EUAP\"\r\n}",
      "ResponseHeaders": {
        "Cache-Control": [
          "no-cache"
        ],
        "Pragma": [
          "no-cache"
        ],
        "ETag": [
          "W/\"datetime'2023-10-20T04%3A47%3A51.0612517Z'\""
        ],
        "x-ms-request-id": [
          "4b16d937-07c6-4707-9303-a738fe7656ed"
        ],
        "request-id": [
          "4b16d937-07c6-4707-9303-a738fe7656ed"
        ],
        "elapsed-time": [
          "7761"
        ],
        "Strict-Transport-Security": [
          "max-age=31536000; includeSubDomains"
        ],
        "x-ms-operation-identifier": [
          "appId=d94cc892-198d-43c4-ad2d-9050e915aa58,tenantId=72f988bf-86f1-41af-91ab-2d7cd011db47,objectId=d8bad258-9b3f-4126-b73e-2708d24315d5/eastus2euap/4608b6d3-cb4f-40b6-be1d-ead504aa7693"
        ],
        "x-ms-ratelimit-remaining-subscription-writes": [
          "1198"
        ],
        "x-ms-correlation-request-id": [
          "963adcaf-a2c9-400e-8774-548f52e75cb3"
        ],
        "x-ms-routing-request-id": [
          "EASTUS2EUAP:20231020T044751Z:963adcaf-a2c9-400e-8774-548f52e75cb3"
        ],
        "X-Content-Type-Options": [
          "nosniff"
        ],
        "Date": [
          "Fri, 20 Oct 2023 04:47:51 GMT"
        ],
        "Content-Length": [
          "729"
        ],
        "Content-Type": [
          "application/json; charset=utf-8"
        ],
        "Expires": [
          "-1"
        ]
      },
      "ResponseBody": "{\r\n  \"id\": \"/subscriptions/ee787b9b-a25f-4d20-86e9-45fcea5253dd/resourceGroups/ps9057/providers/Microsoft.Search/searchServices/ps9057-service3\",\r\n  \"name\": \"ps9057-service3\",\r\n  \"type\": \"Microsoft.Search/searchServices\",\r\n  \"location\": \"East US 2 EUAP\",\r\n  \"properties\": {\r\n    \"replicaCount\": 1,\r\n    \"partitionCount\": 1,\r\n    \"status\": \"provisioning\",\r\n    \"statusDetails\": \"\",\r\n    \"provisioningState\": \"provisioning\",\r\n    \"hostingMode\": \"default\",\r\n    \"publicNetworkAccess\": \"Enabled\",\r\n    \"networkRuleSet\": {\r\n      \"ipRules\": [],\r\n      \"bypass\": \"None\"\r\n    },\r\n    \"privateEndpointConnections\": [],\r\n    \"sharedPrivateLinkResources\": [],\r\n    \"encryptionWithCmk\": {\r\n      \"enforcement\": \"Unspecified\",\r\n      \"encryptionComplianceStatus\": \"Compliant\"\r\n    },\r\n    \"disableLocalAuth\": false,\r\n    \"authOptions\": {\r\n      \"apiKeyOnly\": {}\r\n    },\r\n    \"semanticSearch\": \"free\"\r\n  },\r\n  \"sku\": {\r\n    \"name\": \"standard\"\r\n  }\r\n}",
      "StatusCode": 201
    },
    {
      "RequestUri": "/subscriptions/ee787b9b-a25f-4d20-86e9-45fcea5253dd/resourceGroups/ps9057/providers/Microsoft.Search/searchServices/ps9057-service3?api-version=2023-11-01",
      "EncodedRequestUri": "L3N1YnNjcmlwdGlvbnMvZWU3ODdiOWItYTI1Zi00ZDIwLTg2ZTktNDVmY2VhNTI1M2RkL3Jlc291cmNlR3JvdXBzL3BzOTA1Ny9wcm92aWRlcnMvTWljcm9zb2Z0LlNlYXJjaC9zZWFyY2hTZXJ2aWNlcy9wczkwNTctc2VydmljZTM/YXBpLXZlcnNpb249MjAyMy0xMS0wMQ==",
      "RequestMethod": "GET",
      "RequestHeaders": {
        "x-ms-client-request-id": [
          "4b16d937-07c6-4707-9303-a738fe7656ed"
        ],
        "User-Agent": [
          "FxVersion/6.0.2323.48002",
          "OSName/Windows",
          "OSVersion/Microsoft.Windows.10.0.22621",
          "Microsoft.Azure.Management.Search.SearchManagementClient/0.9.0"
        ]
      },
      "RequestBody": "",
      "ResponseHeaders": {
        "Cache-Control": [
          "no-cache"
        ],
        "Pragma": [
          "no-cache"
        ],
        "ETag": [
          "W/\"datetime'2023-10-20T04%3A47%3A51.0612517Z'\""
        ],
        "Vary": [
          "Accept-Encoding"
        ],
        "x-ms-request-id": [
          "4b16d937-07c6-4707-9303-a738fe7656ed"
        ],
        "request-id": [
          "4b16d937-07c6-4707-9303-a738fe7656ed"
        ],
        "elapsed-time": [
          "304"
        ],
        "Strict-Transport-Security": [
          "max-age=31536000; includeSubDomains"
        ],
        "x-ms-ratelimit-remaining-subscription-reads": [
          "11979"
        ],
        "x-ms-correlation-request-id": [
          "a71bb8ba-51bc-4d6f-8ec3-697c2ee7f4e1"
        ],
        "x-ms-routing-request-id": [
          "EASTUS2EUAP:20231020T044821Z:a71bb8ba-51bc-4d6f-8ec3-697c2ee7f4e1"
        ],
        "X-Content-Type-Options": [
          "nosniff"
        ],
        "Date": [
          "Fri, 20 Oct 2023 04:48:21 GMT"
        ],
        "Content-Length": [
          "729"
        ],
        "Content-Type": [
          "application/json; charset=utf-8"
        ],
        "Expires": [
          "-1"
        ]
      },
      "ResponseBody": "{\r\n  \"id\": \"/subscriptions/ee787b9b-a25f-4d20-86e9-45fcea5253dd/resourceGroups/ps9057/providers/Microsoft.Search/searchServices/ps9057-service3\",\r\n  \"name\": \"ps9057-service3\",\r\n  \"type\": \"Microsoft.Search/searchServices\",\r\n  \"location\": \"East US 2 EUAP\",\r\n  \"properties\": {\r\n    \"replicaCount\": 1,\r\n    \"partitionCount\": 1,\r\n    \"status\": \"provisioning\",\r\n    \"statusDetails\": \"\",\r\n    \"provisioningState\": \"provisioning\",\r\n    \"hostingMode\": \"default\",\r\n    \"publicNetworkAccess\": \"Enabled\",\r\n    \"networkRuleSet\": {\r\n      \"ipRules\": [],\r\n      \"bypass\": \"None\"\r\n    },\r\n    \"privateEndpointConnections\": [],\r\n    \"sharedPrivateLinkResources\": [],\r\n    \"encryptionWithCmk\": {\r\n      \"enforcement\": \"Unspecified\",\r\n      \"encryptionComplianceStatus\": \"Compliant\"\r\n    },\r\n    \"disableLocalAuth\": false,\r\n    \"authOptions\": {\r\n      \"apiKeyOnly\": {}\r\n    },\r\n    \"semanticSearch\": \"free\"\r\n  },\r\n  \"sku\": {\r\n    \"name\": \"standard\"\r\n  }\r\n}",
      "StatusCode": 200
    },
    {
      "RequestUri": "/subscriptions/ee787b9b-a25f-4d20-86e9-45fcea5253dd/resourceGroups/ps9057/providers/Microsoft.Search/searchServices/ps9057-service3?api-version=2023-11-01",
      "EncodedRequestUri": "L3N1YnNjcmlwdGlvbnMvZWU3ODdiOWItYTI1Zi00ZDIwLTg2ZTktNDVmY2VhNTI1M2RkL3Jlc291cmNlR3JvdXBzL3BzOTA1Ny9wcm92aWRlcnMvTWljcm9zb2Z0LlNlYXJjaC9zZWFyY2hTZXJ2aWNlcy9wczkwNTctc2VydmljZTM/YXBpLXZlcnNpb249MjAyMy0xMS0wMQ==",
      "RequestMethod": "GET",
      "RequestHeaders": {
        "x-ms-client-request-id": [
          "4b16d937-07c6-4707-9303-a738fe7656ed"
        ],
        "User-Agent": [
          "FxVersion/6.0.2323.48002",
          "OSName/Windows",
          "OSVersion/Microsoft.Windows.10.0.22621",
          "Microsoft.Azure.Management.Search.SearchManagementClient/0.9.0"
        ]
      },
      "RequestBody": "",
      "ResponseHeaders": {
        "Cache-Control": [
          "no-cache"
        ],
        "Pragma": [
          "no-cache"
        ],
        "ETag": [
          "W/\"datetime'2023-10-20T04%3A47%3A51.0612517Z'\""
        ],
        "Vary": [
          "Accept-Encoding"
        ],
        "x-ms-request-id": [
          "4b16d937-07c6-4707-9303-a738fe7656ed"
        ],
        "request-id": [
          "4b16d937-07c6-4707-9303-a738fe7656ed"
        ],
        "elapsed-time": [
          "240"
        ],
        "Strict-Transport-Security": [
          "max-age=31536000; includeSubDomains"
        ],
        "x-ms-ratelimit-remaining-subscription-reads": [
          "11978"
        ],
        "x-ms-correlation-request-id": [
          "1ae19294-db12-49f6-96b6-29a472865b85"
        ],
        "x-ms-routing-request-id": [
          "EASTUS2EUAP:20231020T044852Z:1ae19294-db12-49f6-96b6-29a472865b85"
        ],
        "X-Content-Type-Options": [
          "nosniff"
        ],
        "Date": [
          "Fri, 20 Oct 2023 04:48:52 GMT"
        ],
        "Content-Length": [
          "729"
        ],
        "Content-Type": [
          "application/json; charset=utf-8"
        ],
        "Expires": [
          "-1"
        ]
      },
      "ResponseBody": "{\r\n  \"id\": \"/subscriptions/ee787b9b-a25f-4d20-86e9-45fcea5253dd/resourceGroups/ps9057/providers/Microsoft.Search/searchServices/ps9057-service3\",\r\n  \"name\": \"ps9057-service3\",\r\n  \"type\": \"Microsoft.Search/searchServices\",\r\n  \"location\": \"East US 2 EUAP\",\r\n  \"properties\": {\r\n    \"replicaCount\": 1,\r\n    \"partitionCount\": 1,\r\n    \"status\": \"provisioning\",\r\n    \"statusDetails\": \"\",\r\n    \"provisioningState\": \"provisioning\",\r\n    \"hostingMode\": \"default\",\r\n    \"publicNetworkAccess\": \"Enabled\",\r\n    \"networkRuleSet\": {\r\n      \"ipRules\": [],\r\n      \"bypass\": \"None\"\r\n    },\r\n    \"privateEndpointConnections\": [],\r\n    \"sharedPrivateLinkResources\": [],\r\n    \"encryptionWithCmk\": {\r\n      \"enforcement\": \"Unspecified\",\r\n      \"encryptionComplianceStatus\": \"Compliant\"\r\n    },\r\n    \"disableLocalAuth\": false,\r\n    \"authOptions\": {\r\n      \"apiKeyOnly\": {}\r\n    },\r\n    \"semanticSearch\": \"free\"\r\n  },\r\n  \"sku\": {\r\n    \"name\": \"standard\"\r\n  }\r\n}",
      "StatusCode": 200
    },
    {
      "RequestUri": "/subscriptions/ee787b9b-a25f-4d20-86e9-45fcea5253dd/resourceGroups/ps9057/providers/Microsoft.Search/searchServices/ps9057-service3?api-version=2023-11-01",
      "EncodedRequestUri": "L3N1YnNjcmlwdGlvbnMvZWU3ODdiOWItYTI1Zi00ZDIwLTg2ZTktNDVmY2VhNTI1M2RkL3Jlc291cmNlR3JvdXBzL3BzOTA1Ny9wcm92aWRlcnMvTWljcm9zb2Z0LlNlYXJjaC9zZWFyY2hTZXJ2aWNlcy9wczkwNTctc2VydmljZTM/YXBpLXZlcnNpb249MjAyMy0xMS0wMQ==",
      "RequestMethod": "GET",
      "RequestHeaders": {
        "x-ms-client-request-id": [
          "4b16d937-07c6-4707-9303-a738fe7656ed"
        ],
        "User-Agent": [
          "FxVersion/6.0.2323.48002",
          "OSName/Windows",
          "OSVersion/Microsoft.Windows.10.0.22621",
          "Microsoft.Azure.Management.Search.SearchManagementClient/0.9.0"
        ]
      },
      "RequestBody": "",
      "ResponseHeaders": {
        "Cache-Control": [
          "no-cache"
        ],
        "Pragma": [
          "no-cache"
        ],
        "ETag": [
          "W/\"datetime'2023-10-20T04%3A47%3A51.0612517Z'\""
        ],
        "Vary": [
          "Accept-Encoding"
        ],
        "x-ms-request-id": [
          "4b16d937-07c6-4707-9303-a738fe7656ed"
        ],
        "request-id": [
          "4b16d937-07c6-4707-9303-a738fe7656ed"
        ],
        "elapsed-time": [
          "358"
        ],
        "Strict-Transport-Security": [
          "max-age=31536000; includeSubDomains"
        ],
        "x-ms-ratelimit-remaining-subscription-reads": [
          "11977"
        ],
        "x-ms-correlation-request-id": [
          "6daf2677-54af-4bfb-baa9-9290d2db1cd5"
        ],
        "x-ms-routing-request-id": [
          "EASTUS2EUAP:20231020T044922Z:6daf2677-54af-4bfb-baa9-9290d2db1cd5"
        ],
        "X-Content-Type-Options": [
          "nosniff"
        ],
        "Date": [
          "Fri, 20 Oct 2023 04:49:22 GMT"
        ],
        "Content-Length": [
          "729"
        ],
        "Content-Type": [
          "application/json; charset=utf-8"
        ],
        "Expires": [
          "-1"
        ]
      },
      "ResponseBody": "{\r\n  \"id\": \"/subscriptions/ee787b9b-a25f-4d20-86e9-45fcea5253dd/resourceGroups/ps9057/providers/Microsoft.Search/searchServices/ps9057-service3\",\r\n  \"name\": \"ps9057-service3\",\r\n  \"type\": \"Microsoft.Search/searchServices\",\r\n  \"location\": \"East US 2 EUAP\",\r\n  \"properties\": {\r\n    \"replicaCount\": 1,\r\n    \"partitionCount\": 1,\r\n    \"status\": \"provisioning\",\r\n    \"statusDetails\": \"\",\r\n    \"provisioningState\": \"provisioning\",\r\n    \"hostingMode\": \"default\",\r\n    \"publicNetworkAccess\": \"Enabled\",\r\n    \"networkRuleSet\": {\r\n      \"ipRules\": [],\r\n      \"bypass\": \"None\"\r\n    },\r\n    \"privateEndpointConnections\": [],\r\n    \"sharedPrivateLinkResources\": [],\r\n    \"encryptionWithCmk\": {\r\n      \"enforcement\": \"Unspecified\",\r\n      \"encryptionComplianceStatus\": \"Compliant\"\r\n    },\r\n    \"disableLocalAuth\": false,\r\n    \"authOptions\": {\r\n      \"apiKeyOnly\": {}\r\n    },\r\n    \"semanticSearch\": \"free\"\r\n  },\r\n  \"sku\": {\r\n    \"name\": \"standard\"\r\n  }\r\n}",
      "StatusCode": 200
    },
    {
      "RequestUri": "/subscriptions/ee787b9b-a25f-4d20-86e9-45fcea5253dd/resourceGroups/ps9057/providers/Microsoft.Search/searchServices/ps9057-service3?api-version=2023-11-01",
      "EncodedRequestUri": "L3N1YnNjcmlwdGlvbnMvZWU3ODdiOWItYTI1Zi00ZDIwLTg2ZTktNDVmY2VhNTI1M2RkL3Jlc291cmNlR3JvdXBzL3BzOTA1Ny9wcm92aWRlcnMvTWljcm9zb2Z0LlNlYXJjaC9zZWFyY2hTZXJ2aWNlcy9wczkwNTctc2VydmljZTM/YXBpLXZlcnNpb249MjAyMy0xMS0wMQ==",
      "RequestMethod": "GET",
      "RequestHeaders": {
        "x-ms-client-request-id": [
          "4b16d937-07c6-4707-9303-a738fe7656ed"
        ],
        "User-Agent": [
          "FxVersion/6.0.2323.48002",
          "OSName/Windows",
          "OSVersion/Microsoft.Windows.10.0.22621",
          "Microsoft.Azure.Management.Search.SearchManagementClient/0.9.0"
        ]
      },
      "RequestBody": "",
      "ResponseHeaders": {
        "Cache-Control": [
          "no-cache"
        ],
        "Pragma": [
          "no-cache"
        ],
        "ETag": [
          "W/\"datetime'2023-10-20T04%3A47%3A51.0612517Z'\""
        ],
        "Vary": [
          "Accept-Encoding"
        ],
        "x-ms-request-id": [
          "4b16d937-07c6-4707-9303-a738fe7656ed"
        ],
        "request-id": [
          "4b16d937-07c6-4707-9303-a738fe7656ed"
        ],
        "elapsed-time": [
          "308"
        ],
        "Strict-Transport-Security": [
          "max-age=31536000; includeSubDomains"
        ],
        "x-ms-ratelimit-remaining-subscription-reads": [
          "11976"
        ],
        "x-ms-correlation-request-id": [
          "fe022518-e4c1-41d1-80ed-f0be09ae4e7d"
        ],
        "x-ms-routing-request-id": [
          "EASTUS2EUAP:20231020T044953Z:fe022518-e4c1-41d1-80ed-f0be09ae4e7d"
        ],
        "X-Content-Type-Options": [
          "nosniff"
        ],
        "Date": [
          "Fri, 20 Oct 2023 04:49:52 GMT"
        ],
        "Content-Length": [
          "729"
        ],
        "Content-Type": [
          "application/json; charset=utf-8"
        ],
        "Expires": [
          "-1"
        ]
      },
      "ResponseBody": "{\r\n  \"id\": \"/subscriptions/ee787b9b-a25f-4d20-86e9-45fcea5253dd/resourceGroups/ps9057/providers/Microsoft.Search/searchServices/ps9057-service3\",\r\n  \"name\": \"ps9057-service3\",\r\n  \"type\": \"Microsoft.Search/searchServices\",\r\n  \"location\": \"East US 2 EUAP\",\r\n  \"properties\": {\r\n    \"replicaCount\": 1,\r\n    \"partitionCount\": 1,\r\n    \"status\": \"provisioning\",\r\n    \"statusDetails\": \"\",\r\n    \"provisioningState\": \"provisioning\",\r\n    \"hostingMode\": \"default\",\r\n    \"publicNetworkAccess\": \"Enabled\",\r\n    \"networkRuleSet\": {\r\n      \"ipRules\": [],\r\n      \"bypass\": \"None\"\r\n    },\r\n    \"privateEndpointConnections\": [],\r\n    \"sharedPrivateLinkResources\": [],\r\n    \"encryptionWithCmk\": {\r\n      \"enforcement\": \"Unspecified\",\r\n      \"encryptionComplianceStatus\": \"Compliant\"\r\n    },\r\n    \"disableLocalAuth\": false,\r\n    \"authOptions\": {\r\n      \"apiKeyOnly\": {}\r\n    },\r\n    \"semanticSearch\": \"free\"\r\n  },\r\n  \"sku\": {\r\n    \"name\": \"standard\"\r\n  }\r\n}",
      "StatusCode": 200
    },
    {
      "RequestUri": "/subscriptions/ee787b9b-a25f-4d20-86e9-45fcea5253dd/resourceGroups/ps9057/providers/Microsoft.Search/searchServices/ps9057-service3?api-version=2023-11-01",
      "EncodedRequestUri": "L3N1YnNjcmlwdGlvbnMvZWU3ODdiOWItYTI1Zi00ZDIwLTg2ZTktNDVmY2VhNTI1M2RkL3Jlc291cmNlR3JvdXBzL3BzOTA1Ny9wcm92aWRlcnMvTWljcm9zb2Z0LlNlYXJjaC9zZWFyY2hTZXJ2aWNlcy9wczkwNTctc2VydmljZTM/YXBpLXZlcnNpb249MjAyMy0xMS0wMQ==",
      "RequestMethod": "GET",
      "RequestHeaders": {
        "x-ms-client-request-id": [
          "4b16d937-07c6-4707-9303-a738fe7656ed"
        ],
        "User-Agent": [
          "FxVersion/6.0.2323.48002",
          "OSName/Windows",
          "OSVersion/Microsoft.Windows.10.0.22621",
          "Microsoft.Azure.Management.Search.SearchManagementClient/0.9.0"
        ]
      },
      "RequestBody": "",
      "ResponseHeaders": {
        "Cache-Control": [
          "no-cache"
        ],
        "Pragma": [
          "no-cache"
        ],
        "ETag": [
          "W/\"datetime'2023-10-20T04%3A47%3A51.0612517Z'\""
        ],
        "Vary": [
          "Accept-Encoding"
        ],
        "x-ms-request-id": [
          "4b16d937-07c6-4707-9303-a738fe7656ed"
        ],
        "request-id": [
          "4b16d937-07c6-4707-9303-a738fe7656ed"
        ],
        "elapsed-time": [
          "260"
        ],
        "Strict-Transport-Security": [
          "max-age=31536000; includeSubDomains"
        ],
        "x-ms-ratelimit-remaining-subscription-reads": [
          "11975"
        ],
        "x-ms-correlation-request-id": [
          "6c06535d-8002-4b03-8c16-275c2766ef33"
        ],
        "x-ms-routing-request-id": [
          "EASTUS2EUAP:20231020T045023Z:6c06535d-8002-4b03-8c16-275c2766ef33"
        ],
        "X-Content-Type-Options": [
          "nosniff"
        ],
        "Date": [
          "Fri, 20 Oct 2023 04:50:23 GMT"
        ],
        "Content-Length": [
          "729"
        ],
        "Content-Type": [
          "application/json; charset=utf-8"
        ],
        "Expires": [
          "-1"
        ]
      },
      "ResponseBody": "{\r\n  \"id\": \"/subscriptions/ee787b9b-a25f-4d20-86e9-45fcea5253dd/resourceGroups/ps9057/providers/Microsoft.Search/searchServices/ps9057-service3\",\r\n  \"name\": \"ps9057-service3\",\r\n  \"type\": \"Microsoft.Search/searchServices\",\r\n  \"location\": \"East US 2 EUAP\",\r\n  \"properties\": {\r\n    \"replicaCount\": 1,\r\n    \"partitionCount\": 1,\r\n    \"status\": \"provisioning\",\r\n    \"statusDetails\": \"\",\r\n    \"provisioningState\": \"provisioning\",\r\n    \"hostingMode\": \"default\",\r\n    \"publicNetworkAccess\": \"Enabled\",\r\n    \"networkRuleSet\": {\r\n      \"ipRules\": [],\r\n      \"bypass\": \"None\"\r\n    },\r\n    \"privateEndpointConnections\": [],\r\n    \"sharedPrivateLinkResources\": [],\r\n    \"encryptionWithCmk\": {\r\n      \"enforcement\": \"Unspecified\",\r\n      \"encryptionComplianceStatus\": \"Compliant\"\r\n    },\r\n    \"disableLocalAuth\": false,\r\n    \"authOptions\": {\r\n      \"apiKeyOnly\": {}\r\n    },\r\n    \"semanticSearch\": \"free\"\r\n  },\r\n  \"sku\": {\r\n    \"name\": \"standard\"\r\n  }\r\n}",
      "StatusCode": 200
    },
    {
      "RequestUri": "/subscriptions/ee787b9b-a25f-4d20-86e9-45fcea5253dd/resourceGroups/ps9057/providers/Microsoft.Search/searchServices/ps9057-service3?api-version=2023-11-01",
      "EncodedRequestUri": "L3N1YnNjcmlwdGlvbnMvZWU3ODdiOWItYTI1Zi00ZDIwLTg2ZTktNDVmY2VhNTI1M2RkL3Jlc291cmNlR3JvdXBzL3BzOTA1Ny9wcm92aWRlcnMvTWljcm9zb2Z0LlNlYXJjaC9zZWFyY2hTZXJ2aWNlcy9wczkwNTctc2VydmljZTM/YXBpLXZlcnNpb249MjAyMy0xMS0wMQ==",
      "RequestMethod": "GET",
      "RequestHeaders": {
        "x-ms-client-request-id": [
          "4b16d937-07c6-4707-9303-a738fe7656ed"
        ],
        "User-Agent": [
          "FxVersion/6.0.2323.48002",
          "OSName/Windows",
          "OSVersion/Microsoft.Windows.10.0.22621",
          "Microsoft.Azure.Management.Search.SearchManagementClient/0.9.0"
        ]
      },
      "RequestBody": "",
      "ResponseHeaders": {
        "Cache-Control": [
          "no-cache"
        ],
        "Pragma": [
          "no-cache"
        ],
        "ETag": [
          "W/\"datetime'2023-10-20T04%3A47%3A51.0612517Z'\""
        ],
        "Vary": [
          "Accept-Encoding"
        ],
        "x-ms-request-id": [
          "4b16d937-07c6-4707-9303-a738fe7656ed"
        ],
        "request-id": [
          "4b16d937-07c6-4707-9303-a738fe7656ed"
        ],
        "elapsed-time": [
          "357"
        ],
        "Strict-Transport-Security": [
          "max-age=31536000; includeSubDomains"
        ],
        "x-ms-ratelimit-remaining-subscription-reads": [
          "11974"
        ],
        "x-ms-correlation-request-id": [
          "d12723fe-4481-4ca1-a6f3-ec7746199089"
        ],
        "x-ms-routing-request-id": [
          "EASTUS2EUAP:20231020T045053Z:d12723fe-4481-4ca1-a6f3-ec7746199089"
        ],
        "X-Content-Type-Options": [
          "nosniff"
        ],
        "Date": [
          "Fri, 20 Oct 2023 04:50:53 GMT"
        ],
        "Content-Length": [
          "729"
        ],
        "Content-Type": [
          "application/json; charset=utf-8"
        ],
        "Expires": [
          "-1"
        ]
      },
      "ResponseBody": "{\r\n  \"id\": \"/subscriptions/ee787b9b-a25f-4d20-86e9-45fcea5253dd/resourceGroups/ps9057/providers/Microsoft.Search/searchServices/ps9057-service3\",\r\n  \"name\": \"ps9057-service3\",\r\n  \"type\": \"Microsoft.Search/searchServices\",\r\n  \"location\": \"East US 2 EUAP\",\r\n  \"properties\": {\r\n    \"replicaCount\": 1,\r\n    \"partitionCount\": 1,\r\n    \"status\": \"provisioning\",\r\n    \"statusDetails\": \"\",\r\n    \"provisioningState\": \"provisioning\",\r\n    \"hostingMode\": \"default\",\r\n    \"publicNetworkAccess\": \"Enabled\",\r\n    \"networkRuleSet\": {\r\n      \"ipRules\": [],\r\n      \"bypass\": \"None\"\r\n    },\r\n    \"privateEndpointConnections\": [],\r\n    \"sharedPrivateLinkResources\": [],\r\n    \"encryptionWithCmk\": {\r\n      \"enforcement\": \"Unspecified\",\r\n      \"encryptionComplianceStatus\": \"Compliant\"\r\n    },\r\n    \"disableLocalAuth\": false,\r\n    \"authOptions\": {\r\n      \"apiKeyOnly\": {}\r\n    },\r\n    \"semanticSearch\": \"free\"\r\n  },\r\n  \"sku\": {\r\n    \"name\": \"standard\"\r\n  }\r\n}",
      "StatusCode": 200
    },
    {
      "RequestUri": "/subscriptions/ee787b9b-a25f-4d20-86e9-45fcea5253dd/resourceGroups/ps9057/providers/Microsoft.Search/searchServices/ps9057-service3?api-version=2023-11-01",
      "EncodedRequestUri": "L3N1YnNjcmlwdGlvbnMvZWU3ODdiOWItYTI1Zi00ZDIwLTg2ZTktNDVmY2VhNTI1M2RkL3Jlc291cmNlR3JvdXBzL3BzOTA1Ny9wcm92aWRlcnMvTWljcm9zb2Z0LlNlYXJjaC9zZWFyY2hTZXJ2aWNlcy9wczkwNTctc2VydmljZTM/YXBpLXZlcnNpb249MjAyMy0xMS0wMQ==",
      "RequestMethod": "GET",
      "RequestHeaders": {
        "x-ms-client-request-id": [
          "4b16d937-07c6-4707-9303-a738fe7656ed"
        ],
        "User-Agent": [
          "FxVersion/6.0.2323.48002",
          "OSName/Windows",
          "OSVersion/Microsoft.Windows.10.0.22621",
          "Microsoft.Azure.Management.Search.SearchManagementClient/0.9.0"
        ]
      },
      "RequestBody": "",
      "ResponseHeaders": {
        "Cache-Control": [
          "no-cache"
        ],
        "Pragma": [
          "no-cache"
        ],
        "ETag": [
          "W/\"datetime'2023-10-20T04%3A47%3A51.0612517Z'\""
        ],
        "Vary": [
          "Accept-Encoding"
        ],
        "x-ms-request-id": [
          "4b16d937-07c6-4707-9303-a738fe7656ed"
        ],
        "request-id": [
          "4b16d937-07c6-4707-9303-a738fe7656ed"
        ],
        "elapsed-time": [
          "257"
        ],
        "Strict-Transport-Security": [
          "max-age=31536000; includeSubDomains"
        ],
        "x-ms-ratelimit-remaining-subscription-reads": [
          "11973"
        ],
        "x-ms-correlation-request-id": [
          "36a33141-63bf-40e9-b0ec-e297d8e782c4"
        ],
        "x-ms-routing-request-id": [
          "EASTUS2EUAP:20231020T045124Z:36a33141-63bf-40e9-b0ec-e297d8e782c4"
        ],
        "X-Content-Type-Options": [
          "nosniff"
        ],
        "Date": [
          "Fri, 20 Oct 2023 04:51:24 GMT"
        ],
        "Content-Length": [
          "729"
        ],
        "Content-Type": [
          "application/json; charset=utf-8"
        ],
        "Expires": [
          "-1"
        ]
      },
      "ResponseBody": "{\r\n  \"id\": \"/subscriptions/ee787b9b-a25f-4d20-86e9-45fcea5253dd/resourceGroups/ps9057/providers/Microsoft.Search/searchServices/ps9057-service3\",\r\n  \"name\": \"ps9057-service3\",\r\n  \"type\": \"Microsoft.Search/searchServices\",\r\n  \"location\": \"East US 2 EUAP\",\r\n  \"properties\": {\r\n    \"replicaCount\": 1,\r\n    \"partitionCount\": 1,\r\n    \"status\": \"provisioning\",\r\n    \"statusDetails\": \"\",\r\n    \"provisioningState\": \"provisioning\",\r\n    \"hostingMode\": \"default\",\r\n    \"publicNetworkAccess\": \"Enabled\",\r\n    \"networkRuleSet\": {\r\n      \"ipRules\": [],\r\n      \"bypass\": \"None\"\r\n    },\r\n    \"privateEndpointConnections\": [],\r\n    \"sharedPrivateLinkResources\": [],\r\n    \"encryptionWithCmk\": {\r\n      \"enforcement\": \"Unspecified\",\r\n      \"encryptionComplianceStatus\": \"Compliant\"\r\n    },\r\n    \"disableLocalAuth\": false,\r\n    \"authOptions\": {\r\n      \"apiKeyOnly\": {}\r\n    },\r\n    \"semanticSearch\": \"free\"\r\n  },\r\n  \"sku\": {\r\n    \"name\": \"standard\"\r\n  }\r\n}",
      "StatusCode": 200
    },
    {
      "RequestUri": "/subscriptions/ee787b9b-a25f-4d20-86e9-45fcea5253dd/resourceGroups/ps9057/providers/Microsoft.Search/searchServices/ps9057-service3?api-version=2023-11-01",
      "EncodedRequestUri": "L3N1YnNjcmlwdGlvbnMvZWU3ODdiOWItYTI1Zi00ZDIwLTg2ZTktNDVmY2VhNTI1M2RkL3Jlc291cmNlR3JvdXBzL3BzOTA1Ny9wcm92aWRlcnMvTWljcm9zb2Z0LlNlYXJjaC9zZWFyY2hTZXJ2aWNlcy9wczkwNTctc2VydmljZTM/YXBpLXZlcnNpb249MjAyMy0xMS0wMQ==",
      "RequestMethod": "GET",
      "RequestHeaders": {
        "x-ms-client-request-id": [
          "4b16d937-07c6-4707-9303-a738fe7656ed"
        ],
        "User-Agent": [
          "FxVersion/6.0.2323.48002",
          "OSName/Windows",
          "OSVersion/Microsoft.Windows.10.0.22621",
          "Microsoft.Azure.Management.Search.SearchManagementClient/0.9.0"
        ]
      },
      "RequestBody": "",
      "ResponseHeaders": {
        "Cache-Control": [
          "no-cache"
        ],
        "Pragma": [
          "no-cache"
        ],
        "ETag": [
          "W/\"datetime'2023-10-20T04%3A47%3A51.0612517Z'\""
        ],
        "Vary": [
          "Accept-Encoding"
        ],
        "x-ms-request-id": [
          "4b16d937-07c6-4707-9303-a738fe7656ed"
        ],
        "request-id": [
          "4b16d937-07c6-4707-9303-a738fe7656ed"
        ],
        "elapsed-time": [
          "237"
        ],
        "Strict-Transport-Security": [
          "max-age=31536000; includeSubDomains"
        ],
        "x-ms-ratelimit-remaining-subscription-reads": [
          "11972"
        ],
        "x-ms-correlation-request-id": [
          "49e323db-ff23-4d00-af2b-0f1fe4deaee1"
        ],
        "x-ms-routing-request-id": [
          "EASTUS2EUAP:20231020T045154Z:49e323db-ff23-4d00-af2b-0f1fe4deaee1"
        ],
        "X-Content-Type-Options": [
          "nosniff"
        ],
        "Date": [
          "Fri, 20 Oct 2023 04:51:53 GMT"
        ],
        "Content-Length": [
          "729"
        ],
        "Content-Type": [
          "application/json; charset=utf-8"
        ],
        "Expires": [
          "-1"
        ]
      },
      "ResponseBody": "{\r\n  \"id\": \"/subscriptions/ee787b9b-a25f-4d20-86e9-45fcea5253dd/resourceGroups/ps9057/providers/Microsoft.Search/searchServices/ps9057-service3\",\r\n  \"name\": \"ps9057-service3\",\r\n  \"type\": \"Microsoft.Search/searchServices\",\r\n  \"location\": \"East US 2 EUAP\",\r\n  \"properties\": {\r\n    \"replicaCount\": 1,\r\n    \"partitionCount\": 1,\r\n    \"status\": \"provisioning\",\r\n    \"statusDetails\": \"\",\r\n    \"provisioningState\": \"provisioning\",\r\n    \"hostingMode\": \"default\",\r\n    \"publicNetworkAccess\": \"Enabled\",\r\n    \"networkRuleSet\": {\r\n      \"ipRules\": [],\r\n      \"bypass\": \"None\"\r\n    },\r\n    \"privateEndpointConnections\": [],\r\n    \"sharedPrivateLinkResources\": [],\r\n    \"encryptionWithCmk\": {\r\n      \"enforcement\": \"Unspecified\",\r\n      \"encryptionComplianceStatus\": \"Compliant\"\r\n    },\r\n    \"disableLocalAuth\": false,\r\n    \"authOptions\": {\r\n      \"apiKeyOnly\": {}\r\n    },\r\n    \"semanticSearch\": \"free\"\r\n  },\r\n  \"sku\": {\r\n    \"name\": \"standard\"\r\n  }\r\n}",
      "StatusCode": 200
    },
    {
      "RequestUri": "/subscriptions/ee787b9b-a25f-4d20-86e9-45fcea5253dd/resourceGroups/ps9057/providers/Microsoft.Search/searchServices/ps9057-service3?api-version=2023-11-01",
      "EncodedRequestUri": "L3N1YnNjcmlwdGlvbnMvZWU3ODdiOWItYTI1Zi00ZDIwLTg2ZTktNDVmY2VhNTI1M2RkL3Jlc291cmNlR3JvdXBzL3BzOTA1Ny9wcm92aWRlcnMvTWljcm9zb2Z0LlNlYXJjaC9zZWFyY2hTZXJ2aWNlcy9wczkwNTctc2VydmljZTM/YXBpLXZlcnNpb249MjAyMy0xMS0wMQ==",
      "RequestMethod": "GET",
      "RequestHeaders": {
        "x-ms-client-request-id": [
          "4b16d937-07c6-4707-9303-a738fe7656ed"
        ],
        "User-Agent": [
          "FxVersion/6.0.2323.48002",
          "OSName/Windows",
          "OSVersion/Microsoft.Windows.10.0.22621",
          "Microsoft.Azure.Management.Search.SearchManagementClient/0.9.0"
        ]
      },
      "RequestBody": "",
      "ResponseHeaders": {
        "Cache-Control": [
          "no-cache"
        ],
        "Pragma": [
          "no-cache"
        ],
        "ETag": [
          "W/\"datetime'2023-10-20T04%3A47%3A51.0612517Z'\""
        ],
        "Vary": [
          "Accept-Encoding"
        ],
        "x-ms-request-id": [
          "4b16d937-07c6-4707-9303-a738fe7656ed"
        ],
        "request-id": [
          "4b16d937-07c6-4707-9303-a738fe7656ed"
        ],
        "elapsed-time": [
          "435"
        ],
        "Strict-Transport-Security": [
          "max-age=31536000; includeSubDomains"
        ],
        "x-ms-ratelimit-remaining-subscription-reads": [
          "11971"
        ],
        "x-ms-correlation-request-id": [
          "25a9cf7e-8594-472a-b20e-66419070e71d"
        ],
        "x-ms-routing-request-id": [
          "EASTUS2EUAP:20231020T045225Z:25a9cf7e-8594-472a-b20e-66419070e71d"
        ],
        "X-Content-Type-Options": [
          "nosniff"
        ],
        "Date": [
          "Fri, 20 Oct 2023 04:52:24 GMT"
        ],
        "Content-Length": [
          "729"
        ],
        "Content-Type": [
          "application/json; charset=utf-8"
        ],
        "Expires": [
          "-1"
        ]
      },
      "ResponseBody": "{\r\n  \"id\": \"/subscriptions/ee787b9b-a25f-4d20-86e9-45fcea5253dd/resourceGroups/ps9057/providers/Microsoft.Search/searchServices/ps9057-service3\",\r\n  \"name\": \"ps9057-service3\",\r\n  \"type\": \"Microsoft.Search/searchServices\",\r\n  \"location\": \"East US 2 EUAP\",\r\n  \"properties\": {\r\n    \"replicaCount\": 1,\r\n    \"partitionCount\": 1,\r\n    \"status\": \"provisioning\",\r\n    \"statusDetails\": \"\",\r\n    \"provisioningState\": \"provisioning\",\r\n    \"hostingMode\": \"default\",\r\n    \"publicNetworkAccess\": \"Enabled\",\r\n    \"networkRuleSet\": {\r\n      \"ipRules\": [],\r\n      \"bypass\": \"None\"\r\n    },\r\n    \"privateEndpointConnections\": [],\r\n    \"sharedPrivateLinkResources\": [],\r\n    \"encryptionWithCmk\": {\r\n      \"enforcement\": \"Unspecified\",\r\n      \"encryptionComplianceStatus\": \"Compliant\"\r\n    },\r\n    \"disableLocalAuth\": false,\r\n    \"authOptions\": {\r\n      \"apiKeyOnly\": {}\r\n    },\r\n    \"semanticSearch\": \"free\"\r\n  },\r\n  \"sku\": {\r\n    \"name\": \"standard\"\r\n  }\r\n}",
      "StatusCode": 200
    },
    {
      "RequestUri": "/subscriptions/ee787b9b-a25f-4d20-86e9-45fcea5253dd/resourceGroups/ps9057/providers/Microsoft.Search/searchServices/ps9057-service3?api-version=2023-11-01",
      "EncodedRequestUri": "L3N1YnNjcmlwdGlvbnMvZWU3ODdiOWItYTI1Zi00ZDIwLTg2ZTktNDVmY2VhNTI1M2RkL3Jlc291cmNlR3JvdXBzL3BzOTA1Ny9wcm92aWRlcnMvTWljcm9zb2Z0LlNlYXJjaC9zZWFyY2hTZXJ2aWNlcy9wczkwNTctc2VydmljZTM/YXBpLXZlcnNpb249MjAyMy0xMS0wMQ==",
      "RequestMethod": "GET",
      "RequestHeaders": {
        "x-ms-client-request-id": [
          "4b16d937-07c6-4707-9303-a738fe7656ed"
        ],
        "User-Agent": [
          "FxVersion/6.0.2323.48002",
          "OSName/Windows",
          "OSVersion/Microsoft.Windows.10.0.22621",
          "Microsoft.Azure.Management.Search.SearchManagementClient/0.9.0"
        ]
      },
      "RequestBody": "",
      "ResponseHeaders": {
        "Cache-Control": [
          "no-cache"
        ],
        "Pragma": [
          "no-cache"
        ],
        "ETag": [
          "W/\"datetime'2023-10-20T04%3A47%3A51.0612517Z'\""
        ],
        "Vary": [
          "Accept-Encoding"
        ],
        "x-ms-request-id": [
          "4b16d937-07c6-4707-9303-a738fe7656ed"
        ],
        "request-id": [
          "4b16d937-07c6-4707-9303-a738fe7656ed"
        ],
        "elapsed-time": [
          "203"
        ],
        "Strict-Transport-Security": [
          "max-age=31536000; includeSubDomains"
        ],
        "x-ms-ratelimit-remaining-subscription-reads": [
          "11970"
        ],
        "x-ms-correlation-request-id": [
          "de6e2c32-3f95-4aaf-a387-b24b0142cabc"
        ],
        "x-ms-routing-request-id": [
          "EASTUS2EUAP:20231020T045255Z:de6e2c32-3f95-4aaf-a387-b24b0142cabc"
        ],
        "X-Content-Type-Options": [
          "nosniff"
        ],
        "Date": [
          "Fri, 20 Oct 2023 04:52:54 GMT"
        ],
        "Content-Length": [
          "729"
        ],
        "Content-Type": [
          "application/json; charset=utf-8"
        ],
        "Expires": [
          "-1"
        ]
      },
      "ResponseBody": "{\r\n  \"id\": \"/subscriptions/ee787b9b-a25f-4d20-86e9-45fcea5253dd/resourceGroups/ps9057/providers/Microsoft.Search/searchServices/ps9057-service3\",\r\n  \"name\": \"ps9057-service3\",\r\n  \"type\": \"Microsoft.Search/searchServices\",\r\n  \"location\": \"East US 2 EUAP\",\r\n  \"properties\": {\r\n    \"replicaCount\": 1,\r\n    \"partitionCount\": 1,\r\n    \"status\": \"provisioning\",\r\n    \"statusDetails\": \"\",\r\n    \"provisioningState\": \"provisioning\",\r\n    \"hostingMode\": \"default\",\r\n    \"publicNetworkAccess\": \"Enabled\",\r\n    \"networkRuleSet\": {\r\n      \"ipRules\": [],\r\n      \"bypass\": \"None\"\r\n    },\r\n    \"privateEndpointConnections\": [],\r\n    \"sharedPrivateLinkResources\": [],\r\n    \"encryptionWithCmk\": {\r\n      \"enforcement\": \"Unspecified\",\r\n      \"encryptionComplianceStatus\": \"Compliant\"\r\n    },\r\n    \"disableLocalAuth\": false,\r\n    \"authOptions\": {\r\n      \"apiKeyOnly\": {}\r\n    },\r\n    \"semanticSearch\": \"free\"\r\n  },\r\n  \"sku\": {\r\n    \"name\": \"standard\"\r\n  }\r\n}",
      "StatusCode": 200
    },
    {
      "RequestUri": "/subscriptions/ee787b9b-a25f-4d20-86e9-45fcea5253dd/resourceGroups/ps9057/providers/Microsoft.Search/searchServices/ps9057-service3?api-version=2023-11-01",
      "EncodedRequestUri": "L3N1YnNjcmlwdGlvbnMvZWU3ODdiOWItYTI1Zi00ZDIwLTg2ZTktNDVmY2VhNTI1M2RkL3Jlc291cmNlR3JvdXBzL3BzOTA1Ny9wcm92aWRlcnMvTWljcm9zb2Z0LlNlYXJjaC9zZWFyY2hTZXJ2aWNlcy9wczkwNTctc2VydmljZTM/YXBpLXZlcnNpb249MjAyMy0xMS0wMQ==",
      "RequestMethod": "GET",
      "RequestHeaders": {
        "x-ms-client-request-id": [
          "4b16d937-07c6-4707-9303-a738fe7656ed"
        ],
        "User-Agent": [
          "FxVersion/6.0.2323.48002",
          "OSName/Windows",
          "OSVersion/Microsoft.Windows.10.0.22621",
          "Microsoft.Azure.Management.Search.SearchManagementClient/0.9.0"
        ]
      },
      "RequestBody": "",
      "ResponseHeaders": {
        "Cache-Control": [
          "no-cache"
        ],
        "Pragma": [
          "no-cache"
        ],
        "ETag": [
          "W/\"datetime'2023-10-20T04%3A47%3A51.0612517Z'\""
        ],
        "Vary": [
          "Accept-Encoding"
        ],
        "x-ms-request-id": [
          "4b16d937-07c6-4707-9303-a738fe7656ed"
        ],
        "request-id": [
          "4b16d937-07c6-4707-9303-a738fe7656ed"
        ],
        "elapsed-time": [
          "366"
        ],
        "Strict-Transport-Security": [
          "max-age=31536000; includeSubDomains"
        ],
        "x-ms-ratelimit-remaining-subscription-reads": [
          "11969"
        ],
        "x-ms-correlation-request-id": [
          "c3ce40a5-184a-407f-97db-72c517c8f516"
        ],
        "x-ms-routing-request-id": [
          "EASTUS2EUAP:20231020T045325Z:c3ce40a5-184a-407f-97db-72c517c8f516"
        ],
        "X-Content-Type-Options": [
          "nosniff"
        ],
        "Date": [
          "Fri, 20 Oct 2023 04:53:25 GMT"
        ],
        "Content-Length": [
          "729"
        ],
        "Content-Type": [
          "application/json; charset=utf-8"
        ],
        "Expires": [
          "-1"
        ]
      },
      "ResponseBody": "{\r\n  \"id\": \"/subscriptions/ee787b9b-a25f-4d20-86e9-45fcea5253dd/resourceGroups/ps9057/providers/Microsoft.Search/searchServices/ps9057-service3\",\r\n  \"name\": \"ps9057-service3\",\r\n  \"type\": \"Microsoft.Search/searchServices\",\r\n  \"location\": \"East US 2 EUAP\",\r\n  \"properties\": {\r\n    \"replicaCount\": 1,\r\n    \"partitionCount\": 1,\r\n    \"status\": \"provisioning\",\r\n    \"statusDetails\": \"\",\r\n    \"provisioningState\": \"provisioning\",\r\n    \"hostingMode\": \"default\",\r\n    \"publicNetworkAccess\": \"Enabled\",\r\n    \"networkRuleSet\": {\r\n      \"ipRules\": [],\r\n      \"bypass\": \"None\"\r\n    },\r\n    \"privateEndpointConnections\": [],\r\n    \"sharedPrivateLinkResources\": [],\r\n    \"encryptionWithCmk\": {\r\n      \"enforcement\": \"Unspecified\",\r\n      \"encryptionComplianceStatus\": \"Compliant\"\r\n    },\r\n    \"disableLocalAuth\": false,\r\n    \"authOptions\": {\r\n      \"apiKeyOnly\": {}\r\n    },\r\n    \"semanticSearch\": \"free\"\r\n  },\r\n  \"sku\": {\r\n    \"name\": \"standard\"\r\n  }\r\n}",
      "StatusCode": 200
    },
    {
      "RequestUri": "/subscriptions/ee787b9b-a25f-4d20-86e9-45fcea5253dd/resourceGroups/ps9057/providers/Microsoft.Search/searchServices/ps9057-service3?api-version=2023-11-01",
      "EncodedRequestUri": "L3N1YnNjcmlwdGlvbnMvZWU3ODdiOWItYTI1Zi00ZDIwLTg2ZTktNDVmY2VhNTI1M2RkL3Jlc291cmNlR3JvdXBzL3BzOTA1Ny9wcm92aWRlcnMvTWljcm9zb2Z0LlNlYXJjaC9zZWFyY2hTZXJ2aWNlcy9wczkwNTctc2VydmljZTM/YXBpLXZlcnNpb249MjAyMy0xMS0wMQ==",
      "RequestMethod": "GET",
      "RequestHeaders": {
        "x-ms-client-request-id": [
          "4b16d937-07c6-4707-9303-a738fe7656ed"
        ],
        "User-Agent": [
          "FxVersion/6.0.2323.48002",
          "OSName/Windows",
          "OSVersion/Microsoft.Windows.10.0.22621",
          "Microsoft.Azure.Management.Search.SearchManagementClient/0.9.0"
        ]
      },
      "RequestBody": "",
      "ResponseHeaders": {
        "Cache-Control": [
          "no-cache"
        ],
        "Pragma": [
          "no-cache"
        ],
        "ETag": [
          "W/\"datetime'2023-10-20T04%3A47%3A51.0612517Z'\""
        ],
        "Vary": [
          "Accept-Encoding"
        ],
        "x-ms-request-id": [
          "4b16d937-07c6-4707-9303-a738fe7656ed"
        ],
        "request-id": [
          "4b16d937-07c6-4707-9303-a738fe7656ed"
        ],
        "elapsed-time": [
          "288"
        ],
        "Strict-Transport-Security": [
          "max-age=31536000; includeSubDomains"
        ],
        "x-ms-ratelimit-remaining-subscription-reads": [
          "11968"
        ],
        "x-ms-correlation-request-id": [
          "e06d8232-ecaa-4e35-82b1-f0e68041fad2"
        ],
        "x-ms-routing-request-id": [
          "EASTUS2EUAP:20231020T045356Z:e06d8232-ecaa-4e35-82b1-f0e68041fad2"
        ],
        "X-Content-Type-Options": [
          "nosniff"
        ],
        "Date": [
          "Fri, 20 Oct 2023 04:53:55 GMT"
        ],
        "Content-Length": [
          "729"
        ],
        "Content-Type": [
          "application/json; charset=utf-8"
        ],
        "Expires": [
          "-1"
        ]
      },
      "ResponseBody": "{\r\n  \"id\": \"/subscriptions/ee787b9b-a25f-4d20-86e9-45fcea5253dd/resourceGroups/ps9057/providers/Microsoft.Search/searchServices/ps9057-service3\",\r\n  \"name\": \"ps9057-service3\",\r\n  \"type\": \"Microsoft.Search/searchServices\",\r\n  \"location\": \"East US 2 EUAP\",\r\n  \"properties\": {\r\n    \"replicaCount\": 1,\r\n    \"partitionCount\": 1,\r\n    \"status\": \"provisioning\",\r\n    \"statusDetails\": \"\",\r\n    \"provisioningState\": \"provisioning\",\r\n    \"hostingMode\": \"default\",\r\n    \"publicNetworkAccess\": \"Enabled\",\r\n    \"networkRuleSet\": {\r\n      \"ipRules\": [],\r\n      \"bypass\": \"None\"\r\n    },\r\n    \"privateEndpointConnections\": [],\r\n    \"sharedPrivateLinkResources\": [],\r\n    \"encryptionWithCmk\": {\r\n      \"enforcement\": \"Unspecified\",\r\n      \"encryptionComplianceStatus\": \"Compliant\"\r\n    },\r\n    \"disableLocalAuth\": false,\r\n    \"authOptions\": {\r\n      \"apiKeyOnly\": {}\r\n    },\r\n    \"semanticSearch\": \"free\"\r\n  },\r\n  \"sku\": {\r\n    \"name\": \"standard\"\r\n  }\r\n}",
      "StatusCode": 200
    },
    {
      "RequestUri": "/subscriptions/ee787b9b-a25f-4d20-86e9-45fcea5253dd/resourceGroups/ps9057/providers/Microsoft.Search/searchServices/ps9057-service3?api-version=2023-11-01",
      "EncodedRequestUri": "L3N1YnNjcmlwdGlvbnMvZWU3ODdiOWItYTI1Zi00ZDIwLTg2ZTktNDVmY2VhNTI1M2RkL3Jlc291cmNlR3JvdXBzL3BzOTA1Ny9wcm92aWRlcnMvTWljcm9zb2Z0LlNlYXJjaC9zZWFyY2hTZXJ2aWNlcy9wczkwNTctc2VydmljZTM/YXBpLXZlcnNpb249MjAyMy0xMS0wMQ==",
      "RequestMethod": "GET",
      "RequestHeaders": {
        "x-ms-client-request-id": [
          "4b16d937-07c6-4707-9303-a738fe7656ed"
        ],
        "User-Agent": [
          "FxVersion/6.0.2323.48002",
          "OSName/Windows",
          "OSVersion/Microsoft.Windows.10.0.22621",
          "Microsoft.Azure.Management.Search.SearchManagementClient/0.9.0"
        ]
      },
      "RequestBody": "",
      "ResponseHeaders": {
        "Cache-Control": [
          "no-cache"
        ],
        "Pragma": [
          "no-cache"
        ],
        "ETag": [
          "W/\"datetime'2023-10-20T04%3A47%3A51.0612517Z'\""
        ],
        "Vary": [
          "Accept-Encoding"
        ],
        "x-ms-request-id": [
          "4b16d937-07c6-4707-9303-a738fe7656ed"
        ],
        "request-id": [
          "4b16d937-07c6-4707-9303-a738fe7656ed"
        ],
        "elapsed-time": [
          "284"
        ],
        "Strict-Transport-Security": [
          "max-age=31536000; includeSubDomains"
        ],
        "x-ms-ratelimit-remaining-subscription-reads": [
          "11967"
        ],
        "x-ms-correlation-request-id": [
          "8491cafa-d1af-41dd-88cb-d753b31f5973"
        ],
        "x-ms-routing-request-id": [
          "EASTUS2EUAP:20231020T045426Z:8491cafa-d1af-41dd-88cb-d753b31f5973"
        ],
        "X-Content-Type-Options": [
          "nosniff"
        ],
        "Date": [
          "Fri, 20 Oct 2023 04:54:26 GMT"
        ],
        "Content-Length": [
          "729"
        ],
        "Content-Type": [
          "application/json; charset=utf-8"
        ],
        "Expires": [
          "-1"
        ]
      },
      "ResponseBody": "{\r\n  \"id\": \"/subscriptions/ee787b9b-a25f-4d20-86e9-45fcea5253dd/resourceGroups/ps9057/providers/Microsoft.Search/searchServices/ps9057-service3\",\r\n  \"name\": \"ps9057-service3\",\r\n  \"type\": \"Microsoft.Search/searchServices\",\r\n  \"location\": \"East US 2 EUAP\",\r\n  \"properties\": {\r\n    \"replicaCount\": 1,\r\n    \"partitionCount\": 1,\r\n    \"status\": \"provisioning\",\r\n    \"statusDetails\": \"\",\r\n    \"provisioningState\": \"provisioning\",\r\n    \"hostingMode\": \"default\",\r\n    \"publicNetworkAccess\": \"Enabled\",\r\n    \"networkRuleSet\": {\r\n      \"ipRules\": [],\r\n      \"bypass\": \"None\"\r\n    },\r\n    \"privateEndpointConnections\": [],\r\n    \"sharedPrivateLinkResources\": [],\r\n    \"encryptionWithCmk\": {\r\n      \"enforcement\": \"Unspecified\",\r\n      \"encryptionComplianceStatus\": \"Compliant\"\r\n    },\r\n    \"disableLocalAuth\": false,\r\n    \"authOptions\": {\r\n      \"apiKeyOnly\": {}\r\n    },\r\n    \"semanticSearch\": \"free\"\r\n  },\r\n  \"sku\": {\r\n    \"name\": \"standard\"\r\n  }\r\n}",
      "StatusCode": 200
    },
    {
      "RequestUri": "/subscriptions/ee787b9b-a25f-4d20-86e9-45fcea5253dd/resourceGroups/ps9057/providers/Microsoft.Search/searchServices/ps9057-service3?api-version=2023-11-01",
      "EncodedRequestUri": "L3N1YnNjcmlwdGlvbnMvZWU3ODdiOWItYTI1Zi00ZDIwLTg2ZTktNDVmY2VhNTI1M2RkL3Jlc291cmNlR3JvdXBzL3BzOTA1Ny9wcm92aWRlcnMvTWljcm9zb2Z0LlNlYXJjaC9zZWFyY2hTZXJ2aWNlcy9wczkwNTctc2VydmljZTM/YXBpLXZlcnNpb249MjAyMy0xMS0wMQ==",
      "RequestMethod": "GET",
      "RequestHeaders": {
        "x-ms-client-request-id": [
          "4b16d937-07c6-4707-9303-a738fe7656ed"
        ],
        "User-Agent": [
          "FxVersion/6.0.2323.48002",
          "OSName/Windows",
          "OSVersion/Microsoft.Windows.10.0.22621",
          "Microsoft.Azure.Management.Search.SearchManagementClient/0.9.0"
        ]
      },
      "RequestBody": "",
      "ResponseHeaders": {
        "Cache-Control": [
          "no-cache"
        ],
        "Pragma": [
          "no-cache"
        ],
        "ETag": [
          "W/\"datetime'2023-10-20T04%3A47%3A51.0612517Z'\""
        ],
        "Vary": [
          "Accept-Encoding"
        ],
        "x-ms-request-id": [
          "4b16d937-07c6-4707-9303-a738fe7656ed"
        ],
        "request-id": [
          "4b16d937-07c6-4707-9303-a738fe7656ed"
        ],
        "elapsed-time": [
          "254"
        ],
        "Strict-Transport-Security": [
          "max-age=31536000; includeSubDomains"
        ],
        "x-ms-ratelimit-remaining-subscription-reads": [
          "11966"
        ],
        "x-ms-correlation-request-id": [
          "7a3d75d1-394c-4044-b663-6c7311187f22"
        ],
        "x-ms-routing-request-id": [
          "EASTUS2EUAP:20231020T045456Z:7a3d75d1-394c-4044-b663-6c7311187f22"
        ],
        "X-Content-Type-Options": [
          "nosniff"
        ],
        "Date": [
          "Fri, 20 Oct 2023 04:54:56 GMT"
        ],
        "Content-Length": [
          "729"
        ],
        "Content-Type": [
          "application/json; charset=utf-8"
        ],
        "Expires": [
          "-1"
        ]
      },
      "ResponseBody": "{\r\n  \"id\": \"/subscriptions/ee787b9b-a25f-4d20-86e9-45fcea5253dd/resourceGroups/ps9057/providers/Microsoft.Search/searchServices/ps9057-service3\",\r\n  \"name\": \"ps9057-service3\",\r\n  \"type\": \"Microsoft.Search/searchServices\",\r\n  \"location\": \"East US 2 EUAP\",\r\n  \"properties\": {\r\n    \"replicaCount\": 1,\r\n    \"partitionCount\": 1,\r\n    \"status\": \"provisioning\",\r\n    \"statusDetails\": \"\",\r\n    \"provisioningState\": \"provisioning\",\r\n    \"hostingMode\": \"default\",\r\n    \"publicNetworkAccess\": \"Enabled\",\r\n    \"networkRuleSet\": {\r\n      \"ipRules\": [],\r\n      \"bypass\": \"None\"\r\n    },\r\n    \"privateEndpointConnections\": [],\r\n    \"sharedPrivateLinkResources\": [],\r\n    \"encryptionWithCmk\": {\r\n      \"enforcement\": \"Unspecified\",\r\n      \"encryptionComplianceStatus\": \"Compliant\"\r\n    },\r\n    \"disableLocalAuth\": false,\r\n    \"authOptions\": {\r\n      \"apiKeyOnly\": {}\r\n    },\r\n    \"semanticSearch\": \"free\"\r\n  },\r\n  \"sku\": {\r\n    \"name\": \"standard\"\r\n  }\r\n}",
      "StatusCode": 200
    },
    {
      "RequestUri": "/subscriptions/ee787b9b-a25f-4d20-86e9-45fcea5253dd/resourceGroups/ps9057/providers/Microsoft.Search/searchServices/ps9057-service3?api-version=2023-11-01",
      "EncodedRequestUri": "L3N1YnNjcmlwdGlvbnMvZWU3ODdiOWItYTI1Zi00ZDIwLTg2ZTktNDVmY2VhNTI1M2RkL3Jlc291cmNlR3JvdXBzL3BzOTA1Ny9wcm92aWRlcnMvTWljcm9zb2Z0LlNlYXJjaC9zZWFyY2hTZXJ2aWNlcy9wczkwNTctc2VydmljZTM/YXBpLXZlcnNpb249MjAyMy0xMS0wMQ==",
      "RequestMethod": "GET",
      "RequestHeaders": {
        "x-ms-client-request-id": [
          "4b16d937-07c6-4707-9303-a738fe7656ed"
        ],
        "User-Agent": [
          "FxVersion/6.0.2323.48002",
          "OSName/Windows",
          "OSVersion/Microsoft.Windows.10.0.22621",
          "Microsoft.Azure.Management.Search.SearchManagementClient/0.9.0"
        ]
      },
      "RequestBody": "",
      "ResponseHeaders": {
        "Cache-Control": [
          "no-cache"
        ],
        "Pragma": [
          "no-cache"
        ],
        "ETag": [
          "W/\"datetime'2023-10-20T04%3A47%3A51.0612517Z'\""
        ],
        "Vary": [
          "Accept-Encoding"
        ],
        "x-ms-request-id": [
          "4b16d937-07c6-4707-9303-a738fe7656ed"
        ],
        "request-id": [
          "4b16d937-07c6-4707-9303-a738fe7656ed"
        ],
        "elapsed-time": [
          "295"
        ],
        "Strict-Transport-Security": [
          "max-age=31536000; includeSubDomains"
        ],
        "x-ms-ratelimit-remaining-subscription-reads": [
          "11965"
        ],
        "x-ms-correlation-request-id": [
          "a18d81ba-71b9-4ccc-903c-914f9fcc17c4"
        ],
        "x-ms-routing-request-id": [
          "EASTUS2EUAP:20231020T045527Z:a18d81ba-71b9-4ccc-903c-914f9fcc17c4"
        ],
        "X-Content-Type-Options": [
          "nosniff"
        ],
        "Date": [
          "Fri, 20 Oct 2023 04:55:27 GMT"
        ],
        "Content-Length": [
          "729"
        ],
        "Content-Type": [
          "application/json; charset=utf-8"
        ],
        "Expires": [
          "-1"
        ]
      },
      "ResponseBody": "{\r\n  \"id\": \"/subscriptions/ee787b9b-a25f-4d20-86e9-45fcea5253dd/resourceGroups/ps9057/providers/Microsoft.Search/searchServices/ps9057-service3\",\r\n  \"name\": \"ps9057-service3\",\r\n  \"type\": \"Microsoft.Search/searchServices\",\r\n  \"location\": \"East US 2 EUAP\",\r\n  \"properties\": {\r\n    \"replicaCount\": 1,\r\n    \"partitionCount\": 1,\r\n    \"status\": \"provisioning\",\r\n    \"statusDetails\": \"\",\r\n    \"provisioningState\": \"provisioning\",\r\n    \"hostingMode\": \"default\",\r\n    \"publicNetworkAccess\": \"Enabled\",\r\n    \"networkRuleSet\": {\r\n      \"ipRules\": [],\r\n      \"bypass\": \"None\"\r\n    },\r\n    \"privateEndpointConnections\": [],\r\n    \"sharedPrivateLinkResources\": [],\r\n    \"encryptionWithCmk\": {\r\n      \"enforcement\": \"Unspecified\",\r\n      \"encryptionComplianceStatus\": \"Compliant\"\r\n    },\r\n    \"disableLocalAuth\": false,\r\n    \"authOptions\": {\r\n      \"apiKeyOnly\": {}\r\n    },\r\n    \"semanticSearch\": \"free\"\r\n  },\r\n  \"sku\": {\r\n    \"name\": \"standard\"\r\n  }\r\n}",
      "StatusCode": 200
    },
    {
      "RequestUri": "/subscriptions/ee787b9b-a25f-4d20-86e9-45fcea5253dd/resourceGroups/ps9057/providers/Microsoft.Search/searchServices/ps9057-service3?api-version=2023-11-01",
      "EncodedRequestUri": "L3N1YnNjcmlwdGlvbnMvZWU3ODdiOWItYTI1Zi00ZDIwLTg2ZTktNDVmY2VhNTI1M2RkL3Jlc291cmNlR3JvdXBzL3BzOTA1Ny9wcm92aWRlcnMvTWljcm9zb2Z0LlNlYXJjaC9zZWFyY2hTZXJ2aWNlcy9wczkwNTctc2VydmljZTM/YXBpLXZlcnNpb249MjAyMy0xMS0wMQ==",
      "RequestMethod": "GET",
      "RequestHeaders": {
        "x-ms-client-request-id": [
          "4b16d937-07c6-4707-9303-a738fe7656ed"
        ],
        "User-Agent": [
          "FxVersion/6.0.2323.48002",
          "OSName/Windows",
          "OSVersion/Microsoft.Windows.10.0.22621",
          "Microsoft.Azure.Management.Search.SearchManagementClient/0.9.0"
        ]
      },
      "RequestBody": "",
      "ResponseHeaders": {
        "Cache-Control": [
          "no-cache"
        ],
        "Pragma": [
          "no-cache"
        ],
        "ETag": [
          "W/\"datetime'2023-10-20T04%3A47%3A51.0612517Z'\""
        ],
        "Vary": [
          "Accept-Encoding"
        ],
        "x-ms-request-id": [
          "4b16d937-07c6-4707-9303-a738fe7656ed"
        ],
        "request-id": [
          "4b16d937-07c6-4707-9303-a738fe7656ed"
        ],
        "elapsed-time": [
          "199"
        ],
        "Strict-Transport-Security": [
          "max-age=31536000; includeSubDomains"
        ],
        "x-ms-ratelimit-remaining-subscription-reads": [
          "11964"
        ],
        "x-ms-correlation-request-id": [
          "7d8b73d3-2b6a-4854-8049-5ba4c1029dff"
        ],
        "x-ms-routing-request-id": [
          "EASTUS2EUAP:20231020T045557Z:7d8b73d3-2b6a-4854-8049-5ba4c1029dff"
        ],
        "X-Content-Type-Options": [
          "nosniff"
        ],
        "Date": [
          "Fri, 20 Oct 2023 04:55:56 GMT"
        ],
        "Content-Length": [
          "729"
        ],
        "Content-Type": [
          "application/json; charset=utf-8"
        ],
        "Expires": [
          "-1"
        ]
      },
      "ResponseBody": "{\r\n  \"id\": \"/subscriptions/ee787b9b-a25f-4d20-86e9-45fcea5253dd/resourceGroups/ps9057/providers/Microsoft.Search/searchServices/ps9057-service3\",\r\n  \"name\": \"ps9057-service3\",\r\n  \"type\": \"Microsoft.Search/searchServices\",\r\n  \"location\": \"East US 2 EUAP\",\r\n  \"properties\": {\r\n    \"replicaCount\": 1,\r\n    \"partitionCount\": 1,\r\n    \"status\": \"provisioning\",\r\n    \"statusDetails\": \"\",\r\n    \"provisioningState\": \"provisioning\",\r\n    \"hostingMode\": \"default\",\r\n    \"publicNetworkAccess\": \"Enabled\",\r\n    \"networkRuleSet\": {\r\n      \"ipRules\": [],\r\n      \"bypass\": \"None\"\r\n    },\r\n    \"privateEndpointConnections\": [],\r\n    \"sharedPrivateLinkResources\": [],\r\n    \"encryptionWithCmk\": {\r\n      \"enforcement\": \"Unspecified\",\r\n      \"encryptionComplianceStatus\": \"Compliant\"\r\n    },\r\n    \"disableLocalAuth\": false,\r\n    \"authOptions\": {\r\n      \"apiKeyOnly\": {}\r\n    },\r\n    \"semanticSearch\": \"free\"\r\n  },\r\n  \"sku\": {\r\n    \"name\": \"standard\"\r\n  }\r\n}",
      "StatusCode": 200
    },
    {
      "RequestUri": "/subscriptions/ee787b9b-a25f-4d20-86e9-45fcea5253dd/resourceGroups/ps9057/providers/Microsoft.Search/searchServices/ps9057-service3?api-version=2023-11-01",
      "EncodedRequestUri": "L3N1YnNjcmlwdGlvbnMvZWU3ODdiOWItYTI1Zi00ZDIwLTg2ZTktNDVmY2VhNTI1M2RkL3Jlc291cmNlR3JvdXBzL3BzOTA1Ny9wcm92aWRlcnMvTWljcm9zb2Z0LlNlYXJjaC9zZWFyY2hTZXJ2aWNlcy9wczkwNTctc2VydmljZTM/YXBpLXZlcnNpb249MjAyMy0xMS0wMQ==",
      "RequestMethod": "GET",
      "RequestHeaders": {
        "x-ms-client-request-id": [
          "4b16d937-07c6-4707-9303-a738fe7656ed"
        ],
        "User-Agent": [
          "FxVersion/6.0.2323.48002",
          "OSName/Windows",
          "OSVersion/Microsoft.Windows.10.0.22621",
          "Microsoft.Azure.Management.Search.SearchManagementClient/0.9.0"
        ]
      },
      "RequestBody": "",
      "ResponseHeaders": {
        "Cache-Control": [
          "no-cache"
        ],
        "Pragma": [
          "no-cache"
        ],
        "ETag": [
          "W/\"datetime'2023-10-20T04%3A47%3A51.0612517Z'\""
        ],
        "Vary": [
          "Accept-Encoding"
        ],
        "x-ms-request-id": [
          "4b16d937-07c6-4707-9303-a738fe7656ed"
        ],
        "request-id": [
          "4b16d937-07c6-4707-9303-a738fe7656ed"
        ],
        "elapsed-time": [
          "543"
        ],
        "Strict-Transport-Security": [
          "max-age=31536000; includeSubDomains"
        ],
        "x-ms-ratelimit-remaining-subscription-reads": [
          "11963"
        ],
        "x-ms-correlation-request-id": [
          "da7be05e-46da-4b8d-8bfb-2f796a2dc78c"
        ],
        "x-ms-routing-request-id": [
          "EASTUS2EUAP:20231020T045628Z:da7be05e-46da-4b8d-8bfb-2f796a2dc78c"
        ],
        "X-Content-Type-Options": [
          "nosniff"
        ],
        "Date": [
          "Fri, 20 Oct 2023 04:56:28 GMT"
        ],
        "Content-Length": [
          "729"
        ],
        "Content-Type": [
          "application/json; charset=utf-8"
        ],
        "Expires": [
          "-1"
        ]
      },
      "ResponseBody": "{\r\n  \"id\": \"/subscriptions/ee787b9b-a25f-4d20-86e9-45fcea5253dd/resourceGroups/ps9057/providers/Microsoft.Search/searchServices/ps9057-service3\",\r\n  \"name\": \"ps9057-service3\",\r\n  \"type\": \"Microsoft.Search/searchServices\",\r\n  \"location\": \"East US 2 EUAP\",\r\n  \"properties\": {\r\n    \"replicaCount\": 1,\r\n    \"partitionCount\": 1,\r\n    \"status\": \"provisioning\",\r\n    \"statusDetails\": \"\",\r\n    \"provisioningState\": \"provisioning\",\r\n    \"hostingMode\": \"default\",\r\n    \"publicNetworkAccess\": \"Enabled\",\r\n    \"networkRuleSet\": {\r\n      \"ipRules\": [],\r\n      \"bypass\": \"None\"\r\n    },\r\n    \"privateEndpointConnections\": [],\r\n    \"sharedPrivateLinkResources\": [],\r\n    \"encryptionWithCmk\": {\r\n      \"enforcement\": \"Unspecified\",\r\n      \"encryptionComplianceStatus\": \"Compliant\"\r\n    },\r\n    \"disableLocalAuth\": false,\r\n    \"authOptions\": {\r\n      \"apiKeyOnly\": {}\r\n    },\r\n    \"semanticSearch\": \"free\"\r\n  },\r\n  \"sku\": {\r\n    \"name\": \"standard\"\r\n  }\r\n}",
      "StatusCode": 200
    },
    {
      "RequestUri": "/subscriptions/ee787b9b-a25f-4d20-86e9-45fcea5253dd/resourceGroups/ps9057/providers/Microsoft.Search/searchServices/ps9057-service3?api-version=2023-11-01",
      "EncodedRequestUri": "L3N1YnNjcmlwdGlvbnMvZWU3ODdiOWItYTI1Zi00ZDIwLTg2ZTktNDVmY2VhNTI1M2RkL3Jlc291cmNlR3JvdXBzL3BzOTA1Ny9wcm92aWRlcnMvTWljcm9zb2Z0LlNlYXJjaC9zZWFyY2hTZXJ2aWNlcy9wczkwNTctc2VydmljZTM/YXBpLXZlcnNpb249MjAyMy0xMS0wMQ==",
      "RequestMethod": "GET",
      "RequestHeaders": {
        "x-ms-client-request-id": [
          "4b16d937-07c6-4707-9303-a738fe7656ed"
        ],
        "User-Agent": [
          "FxVersion/6.0.2323.48002",
          "OSName/Windows",
          "OSVersion/Microsoft.Windows.10.0.22621",
          "Microsoft.Azure.Management.Search.SearchManagementClient/0.9.0"
        ]
      },
      "RequestBody": "",
      "ResponseHeaders": {
        "Cache-Control": [
          "no-cache"
        ],
        "Pragma": [
          "no-cache"
        ],
        "ETag": [
          "W/\"datetime'2023-10-20T04%3A47%3A51.0612517Z'\""
        ],
        "Vary": [
          "Accept-Encoding"
        ],
        "x-ms-request-id": [
          "4b16d937-07c6-4707-9303-a738fe7656ed"
        ],
        "request-id": [
          "4b16d937-07c6-4707-9303-a738fe7656ed"
        ],
        "elapsed-time": [
          "205"
        ],
        "Strict-Transport-Security": [
          "max-age=31536000; includeSubDomains"
        ],
        "x-ms-ratelimit-remaining-subscription-reads": [
          "11962"
        ],
        "x-ms-correlation-request-id": [
          "91111e10-b697-4d1e-95e0-5384b98f8a92"
        ],
        "x-ms-routing-request-id": [
          "EASTUS2EUAP:20231020T045658Z:91111e10-b697-4d1e-95e0-5384b98f8a92"
        ],
        "X-Content-Type-Options": [
          "nosniff"
        ],
        "Date": [
          "Fri, 20 Oct 2023 04:56:57 GMT"
        ],
        "Content-Length": [
          "729"
        ],
        "Content-Type": [
          "application/json; charset=utf-8"
        ],
        "Expires": [
          "-1"
        ]
      },
      "ResponseBody": "{\r\n  \"id\": \"/subscriptions/ee787b9b-a25f-4d20-86e9-45fcea5253dd/resourceGroups/ps9057/providers/Microsoft.Search/searchServices/ps9057-service3\",\r\n  \"name\": \"ps9057-service3\",\r\n  \"type\": \"Microsoft.Search/searchServices\",\r\n  \"location\": \"East US 2 EUAP\",\r\n  \"properties\": {\r\n    \"replicaCount\": 1,\r\n    \"partitionCount\": 1,\r\n    \"status\": \"provisioning\",\r\n    \"statusDetails\": \"\",\r\n    \"provisioningState\": \"provisioning\",\r\n    \"hostingMode\": \"default\",\r\n    \"publicNetworkAccess\": \"Enabled\",\r\n    \"networkRuleSet\": {\r\n      \"ipRules\": [],\r\n      \"bypass\": \"None\"\r\n    },\r\n    \"privateEndpointConnections\": [],\r\n    \"sharedPrivateLinkResources\": [],\r\n    \"encryptionWithCmk\": {\r\n      \"enforcement\": \"Unspecified\",\r\n      \"encryptionComplianceStatus\": \"Compliant\"\r\n    },\r\n    \"disableLocalAuth\": false,\r\n    \"authOptions\": {\r\n      \"apiKeyOnly\": {}\r\n    },\r\n    \"semanticSearch\": \"free\"\r\n  },\r\n  \"sku\": {\r\n    \"name\": \"standard\"\r\n  }\r\n}",
      "StatusCode": 200
    },
    {
      "RequestUri": "/subscriptions/ee787b9b-a25f-4d20-86e9-45fcea5253dd/resourceGroups/ps9057/providers/Microsoft.Search/searchServices/ps9057-service3?api-version=2023-11-01",
      "EncodedRequestUri": "L3N1YnNjcmlwdGlvbnMvZWU3ODdiOWItYTI1Zi00ZDIwLTg2ZTktNDVmY2VhNTI1M2RkL3Jlc291cmNlR3JvdXBzL3BzOTA1Ny9wcm92aWRlcnMvTWljcm9zb2Z0LlNlYXJjaC9zZWFyY2hTZXJ2aWNlcy9wczkwNTctc2VydmljZTM/YXBpLXZlcnNpb249MjAyMy0xMS0wMQ==",
      "RequestMethod": "GET",
      "RequestHeaders": {
        "x-ms-client-request-id": [
          "4b16d937-07c6-4707-9303-a738fe7656ed"
        ],
        "User-Agent": [
          "FxVersion/6.0.2323.48002",
          "OSName/Windows",
          "OSVersion/Microsoft.Windows.10.0.22621",
          "Microsoft.Azure.Management.Search.SearchManagementClient/0.9.0"
        ]
      },
      "RequestBody": "",
      "ResponseHeaders": {
        "Cache-Control": [
          "no-cache"
        ],
        "Pragma": [
          "no-cache"
        ],
        "ETag": [
          "W/\"datetime'2023-10-20T04%3A47%3A51.0612517Z'\""
        ],
        "Vary": [
          "Accept-Encoding"
        ],
        "x-ms-request-id": [
          "4b16d937-07c6-4707-9303-a738fe7656ed"
        ],
        "request-id": [
          "4b16d937-07c6-4707-9303-a738fe7656ed"
        ],
        "elapsed-time": [
          "308"
        ],
        "Strict-Transport-Security": [
          "max-age=31536000; includeSubDomains"
        ],
        "x-ms-ratelimit-remaining-subscription-reads": [
          "11961"
        ],
        "x-ms-correlation-request-id": [
          "0d410228-ba0f-4de9-a4d7-c89185d0fedc"
        ],
        "x-ms-routing-request-id": [
          "EASTUS2EUAP:20231020T045728Z:0d410228-ba0f-4de9-a4d7-c89185d0fedc"
        ],
        "X-Content-Type-Options": [
          "nosniff"
        ],
        "Date": [
          "Fri, 20 Oct 2023 04:57:28 GMT"
        ],
        "Content-Length": [
          "729"
        ],
        "Content-Type": [
          "application/json; charset=utf-8"
        ],
        "Expires": [
          "-1"
        ]
      },
      "ResponseBody": "{\r\n  \"id\": \"/subscriptions/ee787b9b-a25f-4d20-86e9-45fcea5253dd/resourceGroups/ps9057/providers/Microsoft.Search/searchServices/ps9057-service3\",\r\n  \"name\": \"ps9057-service3\",\r\n  \"type\": \"Microsoft.Search/searchServices\",\r\n  \"location\": \"East US 2 EUAP\",\r\n  \"properties\": {\r\n    \"replicaCount\": 1,\r\n    \"partitionCount\": 1,\r\n    \"status\": \"provisioning\",\r\n    \"statusDetails\": \"\",\r\n    \"provisioningState\": \"provisioning\",\r\n    \"hostingMode\": \"default\",\r\n    \"publicNetworkAccess\": \"Enabled\",\r\n    \"networkRuleSet\": {\r\n      \"ipRules\": [],\r\n      \"bypass\": \"None\"\r\n    },\r\n    \"privateEndpointConnections\": [],\r\n    \"sharedPrivateLinkResources\": [],\r\n    \"encryptionWithCmk\": {\r\n      \"enforcement\": \"Unspecified\",\r\n      \"encryptionComplianceStatus\": \"Compliant\"\r\n    },\r\n    \"disableLocalAuth\": false,\r\n    \"authOptions\": {\r\n      \"apiKeyOnly\": {}\r\n    },\r\n    \"semanticSearch\": \"free\"\r\n  },\r\n  \"sku\": {\r\n    \"name\": \"standard\"\r\n  }\r\n}",
      "StatusCode": 200
    },
    {
      "RequestUri": "/subscriptions/ee787b9b-a25f-4d20-86e9-45fcea5253dd/resourceGroups/ps9057/providers/Microsoft.Search/searchServices/ps9057-service3?api-version=2023-11-01",
      "EncodedRequestUri": "L3N1YnNjcmlwdGlvbnMvZWU3ODdiOWItYTI1Zi00ZDIwLTg2ZTktNDVmY2VhNTI1M2RkL3Jlc291cmNlR3JvdXBzL3BzOTA1Ny9wcm92aWRlcnMvTWljcm9zb2Z0LlNlYXJjaC9zZWFyY2hTZXJ2aWNlcy9wczkwNTctc2VydmljZTM/YXBpLXZlcnNpb249MjAyMy0xMS0wMQ==",
      "RequestMethod": "GET",
      "RequestHeaders": {
        "x-ms-client-request-id": [
          "4b16d937-07c6-4707-9303-a738fe7656ed"
        ],
        "User-Agent": [
          "FxVersion/6.0.2323.48002",
          "OSName/Windows",
          "OSVersion/Microsoft.Windows.10.0.22621",
          "Microsoft.Azure.Management.Search.SearchManagementClient/0.9.0"
        ]
      },
      "RequestBody": "",
      "ResponseHeaders": {
        "Cache-Control": [
          "no-cache"
        ],
        "Pragma": [
          "no-cache"
        ],
        "ETag": [
          "W/\"datetime'2023-10-20T04%3A47%3A51.0612517Z'\""
        ],
        "Vary": [
          "Accept-Encoding"
        ],
        "x-ms-request-id": [
          "4b16d937-07c6-4707-9303-a738fe7656ed"
        ],
        "request-id": [
          "4b16d937-07c6-4707-9303-a738fe7656ed"
        ],
        "elapsed-time": [
          "258"
        ],
        "Strict-Transport-Security": [
          "max-age=31536000; includeSubDomains"
        ],
        "x-ms-ratelimit-remaining-subscription-reads": [
          "11960"
        ],
        "x-ms-correlation-request-id": [
          "e697a2c6-101b-47cd-aaa2-414e345e4c03"
        ],
        "x-ms-routing-request-id": [
          "EASTUS2EUAP:20231020T045759Z:e697a2c6-101b-47cd-aaa2-414e345e4c03"
        ],
        "X-Content-Type-Options": [
          "nosniff"
        ],
        "Date": [
          "Fri, 20 Oct 2023 04:57:58 GMT"
        ],
        "Content-Length": [
          "729"
        ],
        "Content-Type": [
          "application/json; charset=utf-8"
        ],
        "Expires": [
          "-1"
        ]
      },
      "ResponseBody": "{\r\n  \"id\": \"/subscriptions/ee787b9b-a25f-4d20-86e9-45fcea5253dd/resourceGroups/ps9057/providers/Microsoft.Search/searchServices/ps9057-service3\",\r\n  \"name\": \"ps9057-service3\",\r\n  \"type\": \"Microsoft.Search/searchServices\",\r\n  \"location\": \"East US 2 EUAP\",\r\n  \"properties\": {\r\n    \"replicaCount\": 1,\r\n    \"partitionCount\": 1,\r\n    \"status\": \"provisioning\",\r\n    \"statusDetails\": \"\",\r\n    \"provisioningState\": \"provisioning\",\r\n    \"hostingMode\": \"default\",\r\n    \"publicNetworkAccess\": \"Enabled\",\r\n    \"networkRuleSet\": {\r\n      \"ipRules\": [],\r\n      \"bypass\": \"None\"\r\n    },\r\n    \"privateEndpointConnections\": [],\r\n    \"sharedPrivateLinkResources\": [],\r\n    \"encryptionWithCmk\": {\r\n      \"enforcement\": \"Unspecified\",\r\n      \"encryptionComplianceStatus\": \"Compliant\"\r\n    },\r\n    \"disableLocalAuth\": false,\r\n    \"authOptions\": {\r\n      \"apiKeyOnly\": {}\r\n    },\r\n    \"semanticSearch\": \"free\"\r\n  },\r\n  \"sku\": {\r\n    \"name\": \"standard\"\r\n  }\r\n}",
      "StatusCode": 200
    },
    {
      "RequestUri": "/subscriptions/ee787b9b-a25f-4d20-86e9-45fcea5253dd/resourceGroups/ps9057/providers/Microsoft.Search/searchServices/ps9057-service3?api-version=2023-11-01",
      "EncodedRequestUri": "L3N1YnNjcmlwdGlvbnMvZWU3ODdiOWItYTI1Zi00ZDIwLTg2ZTktNDVmY2VhNTI1M2RkL3Jlc291cmNlR3JvdXBzL3BzOTA1Ny9wcm92aWRlcnMvTWljcm9zb2Z0LlNlYXJjaC9zZWFyY2hTZXJ2aWNlcy9wczkwNTctc2VydmljZTM/YXBpLXZlcnNpb249MjAyMy0xMS0wMQ==",
      "RequestMethod": "GET",
      "RequestHeaders": {
        "x-ms-client-request-id": [
          "4b16d937-07c6-4707-9303-a738fe7656ed"
        ],
        "User-Agent": [
          "FxVersion/6.0.2323.48002",
          "OSName/Windows",
          "OSVersion/Microsoft.Windows.10.0.22621",
          "Microsoft.Azure.Management.Search.SearchManagementClient/0.9.0"
        ]
      },
      "RequestBody": "",
      "ResponseHeaders": {
        "Cache-Control": [
          "no-cache"
        ],
        "Pragma": [
          "no-cache"
        ],
        "ETag": [
          "W/\"datetime'2023-10-20T04%3A47%3A51.0612517Z'\""
        ],
        "Vary": [
          "Accept-Encoding"
        ],
        "x-ms-request-id": [
          "4b16d937-07c6-4707-9303-a738fe7656ed"
        ],
        "request-id": [
          "4b16d937-07c6-4707-9303-a738fe7656ed"
        ],
        "elapsed-time": [
          "332"
        ],
        "Strict-Transport-Security": [
          "max-age=31536000; includeSubDomains"
        ],
        "x-ms-ratelimit-remaining-subscription-reads": [
          "11959"
        ],
        "x-ms-correlation-request-id": [
          "79c1c497-fd77-4da0-ba8c-028cf62137da"
        ],
        "x-ms-routing-request-id": [
          "EASTUS2EUAP:20231020T045829Z:79c1c497-fd77-4da0-ba8c-028cf62137da"
        ],
        "X-Content-Type-Options": [
          "nosniff"
        ],
        "Date": [
          "Fri, 20 Oct 2023 04:58:28 GMT"
        ],
        "Content-Length": [
          "729"
        ],
        "Content-Type": [
          "application/json; charset=utf-8"
        ],
        "Expires": [
          "-1"
        ]
      },
      "ResponseBody": "{\r\n  \"id\": \"/subscriptions/ee787b9b-a25f-4d20-86e9-45fcea5253dd/resourceGroups/ps9057/providers/Microsoft.Search/searchServices/ps9057-service3\",\r\n  \"name\": \"ps9057-service3\",\r\n  \"type\": \"Microsoft.Search/searchServices\",\r\n  \"location\": \"East US 2 EUAP\",\r\n  \"properties\": {\r\n    \"replicaCount\": 1,\r\n    \"partitionCount\": 1,\r\n    \"status\": \"provisioning\",\r\n    \"statusDetails\": \"\",\r\n    \"provisioningState\": \"provisioning\",\r\n    \"hostingMode\": \"default\",\r\n    \"publicNetworkAccess\": \"Enabled\",\r\n    \"networkRuleSet\": {\r\n      \"ipRules\": [],\r\n      \"bypass\": \"None\"\r\n    },\r\n    \"privateEndpointConnections\": [],\r\n    \"sharedPrivateLinkResources\": [],\r\n    \"encryptionWithCmk\": {\r\n      \"enforcement\": \"Unspecified\",\r\n      \"encryptionComplianceStatus\": \"Compliant\"\r\n    },\r\n    \"disableLocalAuth\": false,\r\n    \"authOptions\": {\r\n      \"apiKeyOnly\": {}\r\n    },\r\n    \"semanticSearch\": \"free\"\r\n  },\r\n  \"sku\": {\r\n    \"name\": \"standard\"\r\n  }\r\n}",
      "StatusCode": 200
    },
    {
      "RequestUri": "/subscriptions/ee787b9b-a25f-4d20-86e9-45fcea5253dd/resourceGroups/ps9057/providers/Microsoft.Search/searchServices/ps9057-service3?api-version=2023-11-01",
      "EncodedRequestUri": "L3N1YnNjcmlwdGlvbnMvZWU3ODdiOWItYTI1Zi00ZDIwLTg2ZTktNDVmY2VhNTI1M2RkL3Jlc291cmNlR3JvdXBzL3BzOTA1Ny9wcm92aWRlcnMvTWljcm9zb2Z0LlNlYXJjaC9zZWFyY2hTZXJ2aWNlcy9wczkwNTctc2VydmljZTM/YXBpLXZlcnNpb249MjAyMy0xMS0wMQ==",
      "RequestMethod": "GET",
      "RequestHeaders": {
        "x-ms-client-request-id": [
          "4b16d937-07c6-4707-9303-a738fe7656ed"
        ],
        "User-Agent": [
          "FxVersion/6.0.2323.48002",
          "OSName/Windows",
          "OSVersion/Microsoft.Windows.10.0.22621",
          "Microsoft.Azure.Management.Search.SearchManagementClient/0.9.0"
        ]
      },
      "RequestBody": "",
      "ResponseHeaders": {
        "Cache-Control": [
          "no-cache"
        ],
        "Pragma": [
          "no-cache"
        ],
        "ETag": [
          "W/\"datetime'2023-10-20T04%3A47%3A51.0612517Z'\""
        ],
        "Vary": [
          "Accept-Encoding"
        ],
        "x-ms-request-id": [
          "4b16d937-07c6-4707-9303-a738fe7656ed"
        ],
        "request-id": [
          "4b16d937-07c6-4707-9303-a738fe7656ed"
        ],
        "elapsed-time": [
          "279"
        ],
        "Strict-Transport-Security": [
          "max-age=31536000; includeSubDomains"
        ],
        "x-ms-ratelimit-remaining-subscription-reads": [
          "11958"
        ],
        "x-ms-correlation-request-id": [
          "7660e8a6-8580-4217-a099-45e2c75972a2"
        ],
        "x-ms-routing-request-id": [
          "EASTUS2EUAP:20231020T045900Z:7660e8a6-8580-4217-a099-45e2c75972a2"
        ],
        "X-Content-Type-Options": [
          "nosniff"
        ],
        "Date": [
          "Fri, 20 Oct 2023 04:58:59 GMT"
        ],
        "Content-Length": [
          "729"
        ],
        "Content-Type": [
          "application/json; charset=utf-8"
        ],
        "Expires": [
          "-1"
        ]
      },
      "ResponseBody": "{\r\n  \"id\": \"/subscriptions/ee787b9b-a25f-4d20-86e9-45fcea5253dd/resourceGroups/ps9057/providers/Microsoft.Search/searchServices/ps9057-service3\",\r\n  \"name\": \"ps9057-service3\",\r\n  \"type\": \"Microsoft.Search/searchServices\",\r\n  \"location\": \"East US 2 EUAP\",\r\n  \"properties\": {\r\n    \"replicaCount\": 1,\r\n    \"partitionCount\": 1,\r\n    \"status\": \"provisioning\",\r\n    \"statusDetails\": \"\",\r\n    \"provisioningState\": \"provisioning\",\r\n    \"hostingMode\": \"default\",\r\n    \"publicNetworkAccess\": \"Enabled\",\r\n    \"networkRuleSet\": {\r\n      \"ipRules\": [],\r\n      \"bypass\": \"None\"\r\n    },\r\n    \"privateEndpointConnections\": [],\r\n    \"sharedPrivateLinkResources\": [],\r\n    \"encryptionWithCmk\": {\r\n      \"enforcement\": \"Unspecified\",\r\n      \"encryptionComplianceStatus\": \"Compliant\"\r\n    },\r\n    \"disableLocalAuth\": false,\r\n    \"authOptions\": {\r\n      \"apiKeyOnly\": {}\r\n    },\r\n    \"semanticSearch\": \"free\"\r\n  },\r\n  \"sku\": {\r\n    \"name\": \"standard\"\r\n  }\r\n}",
      "StatusCode": 200
    },
    {
      "RequestUri": "/subscriptions/ee787b9b-a25f-4d20-86e9-45fcea5253dd/resourceGroups/ps9057/providers/Microsoft.Search/searchServices/ps9057-service3?api-version=2023-11-01",
      "EncodedRequestUri": "L3N1YnNjcmlwdGlvbnMvZWU3ODdiOWItYTI1Zi00ZDIwLTg2ZTktNDVmY2VhNTI1M2RkL3Jlc291cmNlR3JvdXBzL3BzOTA1Ny9wcm92aWRlcnMvTWljcm9zb2Z0LlNlYXJjaC9zZWFyY2hTZXJ2aWNlcy9wczkwNTctc2VydmljZTM/YXBpLXZlcnNpb249MjAyMy0xMS0wMQ==",
      "RequestMethod": "GET",
      "RequestHeaders": {
        "x-ms-client-request-id": [
          "4b16d937-07c6-4707-9303-a738fe7656ed"
        ],
        "User-Agent": [
          "FxVersion/6.0.2323.48002",
          "OSName/Windows",
          "OSVersion/Microsoft.Windows.10.0.22621",
          "Microsoft.Azure.Management.Search.SearchManagementClient/0.9.0"
        ]
      },
      "RequestBody": "",
      "ResponseHeaders": {
        "Cache-Control": [
          "no-cache"
        ],
        "Pragma": [
          "no-cache"
        ],
        "ETag": [
          "W/\"datetime'2023-10-20T04%3A47%3A51.0612517Z'\""
        ],
        "Vary": [
          "Accept-Encoding"
        ],
        "x-ms-request-id": [
          "4b16d937-07c6-4707-9303-a738fe7656ed"
        ],
        "request-id": [
          "4b16d937-07c6-4707-9303-a738fe7656ed"
        ],
        "elapsed-time": [
          "368"
        ],
        "Strict-Transport-Security": [
          "max-age=31536000; includeSubDomains"
        ],
        "x-ms-ratelimit-remaining-subscription-reads": [
          "11957"
        ],
        "x-ms-correlation-request-id": [
          "2f7d7564-a5d5-4180-9b2b-2090eba06e98"
        ],
        "x-ms-routing-request-id": [
          "EASTUS2EUAP:20231020T045930Z:2f7d7564-a5d5-4180-9b2b-2090eba06e98"
        ],
        "X-Content-Type-Options": [
          "nosniff"
        ],
        "Date": [
          "Fri, 20 Oct 2023 04:59:29 GMT"
        ],
        "Content-Length": [
          "721"
        ],
        "Content-Type": [
          "application/json; charset=utf-8"
        ],
        "Expires": [
          "-1"
        ]
      },
      "ResponseBody": "{\r\n  \"id\": \"/subscriptions/ee787b9b-a25f-4d20-86e9-45fcea5253dd/resourceGroups/ps9057/providers/Microsoft.Search/searchServices/ps9057-service3\",\r\n  \"name\": \"ps9057-service3\",\r\n  \"type\": \"Microsoft.Search/searchServices\",\r\n  \"location\": \"East US 2 EUAP\",\r\n  \"properties\": {\r\n    \"replicaCount\": 1,\r\n    \"partitionCount\": 1,\r\n    \"status\": \"running\",\r\n    \"statusDetails\": \"\",\r\n    \"provisioningState\": \"succeeded\",\r\n    \"hostingMode\": \"default\",\r\n    \"publicNetworkAccess\": \"Enabled\",\r\n    \"networkRuleSet\": {\r\n      \"ipRules\": [],\r\n      \"bypass\": \"None\"\r\n    },\r\n    \"privateEndpointConnections\": [],\r\n    \"sharedPrivateLinkResources\": [],\r\n    \"encryptionWithCmk\": {\r\n      \"enforcement\": \"Unspecified\",\r\n      \"encryptionComplianceStatus\": \"Compliant\"\r\n    },\r\n    \"disableLocalAuth\": false,\r\n    \"authOptions\": {\r\n      \"apiKeyOnly\": {}\r\n    },\r\n    \"semanticSearch\": \"free\"\r\n  },\r\n  \"sku\": {\r\n    \"name\": \"standard\"\r\n  }\r\n}",
      "StatusCode": 200
    },
    {
      "RequestUri": "/subscriptions/ee787b9b-a25f-4d20-86e9-45fcea5253dd/resourceGroups/ps9057/providers/Microsoft.Search/searchServices/ps9057-service3?api-version=2023-11-01",
      "EncodedRequestUri": "L3N1YnNjcmlwdGlvbnMvZWU3ODdiOWItYTI1Zi00ZDIwLTg2ZTktNDVmY2VhNTI1M2RkL3Jlc291cmNlR3JvdXBzL3BzOTA1Ny9wcm92aWRlcnMvTWljcm9zb2Z0LlNlYXJjaC9zZWFyY2hTZXJ2aWNlcy9wczkwNTctc2VydmljZTM/YXBpLXZlcnNpb249MjAyMy0xMS0wMQ==",
      "RequestMethod": "GET",
      "RequestHeaders": {
        "x-ms-client-request-id": [
          "0ad8cf13-0c13-4321-8651-17fda57c259d"
        ],
        "Accept-Language": [
          "en-US"
        ],
        "User-Agent": [
          "FxVersion/6.0.2323.48002",
          "OSName/Windows",
          "OSVersion/Microsoft.Windows.10.0.22621",
          "Microsoft.Azure.Management.Search.SearchManagementClient/0.9.0"
        ]
      },
      "RequestBody": "",
      "ResponseHeaders": {
        "Cache-Control": [
          "no-cache"
        ],
        "Pragma": [
          "no-cache"
        ],
        "ETag": [
          "W/\"datetime'2023-10-20T04%3A47%3A51.0612517Z'\""
        ],
        "Vary": [
          "Accept-Encoding"
        ],
        "x-ms-request-id": [
          "0ad8cf13-0c13-4321-8651-17fda57c259d"
        ],
        "request-id": [
          "0ad8cf13-0c13-4321-8651-17fda57c259d"
        ],
        "elapsed-time": [
          "268"
        ],
        "Strict-Transport-Security": [
          "max-age=31536000; includeSubDomains"
        ],
        "x-ms-ratelimit-remaining-subscription-reads": [
          "11999"
        ],
        "x-ms-correlation-request-id": [
          "f6ac0ef5-271f-47cf-b700-692b09abfdd9"
        ],
        "x-ms-routing-request-id": [
          "EASTUS2EUAP:20231020T045931Z:f6ac0ef5-271f-47cf-b700-692b09abfdd9"
        ],
        "X-Content-Type-Options": [
          "nosniff"
        ],
        "Date": [
          "Fri, 20 Oct 2023 04:59:31 GMT"
        ],
        "Content-Length": [
          "721"
        ],
        "Content-Type": [
          "application/json; charset=utf-8"
        ],
        "Expires": [
          "-1"
        ]
      },
      "ResponseBody": "{\r\n  \"id\": \"/subscriptions/ee787b9b-a25f-4d20-86e9-45fcea5253dd/resourceGroups/ps9057/providers/Microsoft.Search/searchServices/ps9057-service3\",\r\n  \"name\": \"ps9057-service3\",\r\n  \"type\": \"Microsoft.Search/searchServices\",\r\n  \"location\": \"East US 2 EUAP\",\r\n  \"properties\": {\r\n    \"replicaCount\": 1,\r\n    \"partitionCount\": 1,\r\n    \"status\": \"running\",\r\n    \"statusDetails\": \"\",\r\n    \"provisioningState\": \"succeeded\",\r\n    \"hostingMode\": \"default\",\r\n    \"publicNetworkAccess\": \"Enabled\",\r\n    \"networkRuleSet\": {\r\n      \"ipRules\": [],\r\n      \"bypass\": \"None\"\r\n    },\r\n    \"privateEndpointConnections\": [],\r\n    \"sharedPrivateLinkResources\": [],\r\n    \"encryptionWithCmk\": {\r\n      \"enforcement\": \"Unspecified\",\r\n      \"encryptionComplianceStatus\": \"Compliant\"\r\n    },\r\n    \"disableLocalAuth\": false,\r\n    \"authOptions\": {\r\n      \"apiKeyOnly\": {}\r\n    },\r\n    \"semanticSearch\": \"free\"\r\n  },\r\n  \"sku\": {\r\n    \"name\": \"standard\"\r\n  }\r\n}",
      "StatusCode": 200
    },
    {
      "RequestUri": "/subscriptions/ee787b9b-a25f-4d20-86e9-45fcea5253dd/resourceGroups/ps9057/providers/Microsoft.Search/searchServices/ps9057-service3?api-version=2023-11-01",
      "EncodedRequestUri": "L3N1YnNjcmlwdGlvbnMvZWU3ODdiOWItYTI1Zi00ZDIwLTg2ZTktNDVmY2VhNTI1M2RkL3Jlc291cmNlR3JvdXBzL3BzOTA1Ny9wcm92aWRlcnMvTWljcm9zb2Z0LlNlYXJjaC9zZWFyY2hTZXJ2aWNlcy9wczkwNTctc2VydmljZTM/YXBpLXZlcnNpb249MjAyMy0xMS0wMQ==",
      "RequestMethod": "GET",
      "RequestHeaders": {
        "x-ms-client-request-id": [
          "e1a38e23-0214-41bc-8199-162ae1097bb3"
        ],
        "Accept-Language": [
          "en-US"
        ],
        "User-Agent": [
          "FxVersion/6.0.2323.48002",
          "OSName/Windows",
          "OSVersion/Microsoft.Windows.10.0.22621",
          "Microsoft.Azure.Management.Search.SearchManagementClient/0.9.0"
        ]
      },
      "RequestBody": "",
      "ResponseHeaders": {
        "Cache-Control": [
          "no-cache"
        ],
        "Pragma": [
          "no-cache"
        ],
        "ETag": [
          "W/\"datetime'2023-10-20T04%3A59%3A32.5288091Z'\""
        ],
        "Vary": [
          "Accept-Encoding"
        ],
        "x-ms-request-id": [
          "e1a38e23-0214-41bc-8199-162ae1097bb3"
        ],
        "request-id": [
          "e1a38e23-0214-41bc-8199-162ae1097bb3"
        ],
        "elapsed-time": [
          "235"
        ],
        "Strict-Transport-Security": [
          "max-age=31536000; includeSubDomains"
        ],
        "x-ms-ratelimit-remaining-subscription-reads": [
          "11989"
        ],
        "x-ms-correlation-request-id": [
          "6750f5ab-c2c5-4e7d-8561-bede93a1cebe"
        ],
        "x-ms-routing-request-id": [
          "EASTUS2EUAP:20231020T045933Z:6750f5ab-c2c5-4e7d-8561-bede93a1cebe"
        ],
        "X-Content-Type-Options": [
          "nosniff"
        ],
        "Date": [
          "Fri, 20 Oct 2023 04:59:33 GMT"
        ],
        "Content-Length": [
          "729"
        ],
        "Content-Type": [
          "application/json; charset=utf-8"
        ],
        "Expires": [
          "-1"
        ]
      },
      "ResponseBody": "{\r\n  \"id\": \"/subscriptions/ee787b9b-a25f-4d20-86e9-45fcea5253dd/resourceGroups/ps9057/providers/Microsoft.Search/searchServices/ps9057-service3\",\r\n  \"name\": \"ps9057-service3\",\r\n  \"type\": \"Microsoft.Search/searchServices\",\r\n  \"location\": \"East US 2 EUAP\",\r\n  \"properties\": {\r\n    \"replicaCount\": 2,\r\n    \"partitionCount\": 2,\r\n    \"status\": \"provisioning\",\r\n    \"statusDetails\": \"\",\r\n    \"provisioningState\": \"provisioning\",\r\n    \"hostingMode\": \"default\",\r\n    \"publicNetworkAccess\": \"Enabled\",\r\n    \"networkRuleSet\": {\r\n      \"ipRules\": [],\r\n      \"bypass\": \"None\"\r\n    },\r\n    \"privateEndpointConnections\": [],\r\n    \"sharedPrivateLinkResources\": [],\r\n    \"encryptionWithCmk\": {\r\n      \"enforcement\": \"Unspecified\",\r\n      \"encryptionComplianceStatus\": \"Compliant\"\r\n    },\r\n    \"disableLocalAuth\": false,\r\n    \"authOptions\": {\r\n      \"apiKeyOnly\": {}\r\n    },\r\n    \"semanticSearch\": \"free\"\r\n  },\r\n  \"sku\": {\r\n    \"name\": \"standard\"\r\n  }\r\n}",
      "StatusCode": 200
    },
    {
      "RequestUri": "/subscriptions/ee787b9b-a25f-4d20-86e9-45fcea5253dd/resourceGroups/ps9057/providers/Microsoft.Search/searchServices/ps9057-service3?api-version=2023-11-01",
      "EncodedRequestUri": "L3N1YnNjcmlwdGlvbnMvZWU3ODdiOWItYTI1Zi00ZDIwLTg2ZTktNDVmY2VhNTI1M2RkL3Jlc291cmNlR3JvdXBzL3BzOTA1Ny9wcm92aWRlcnMvTWljcm9zb2Z0LlNlYXJjaC9zZWFyY2hTZXJ2aWNlcy9wczkwNTctc2VydmljZTM/YXBpLXZlcnNpb249MjAyMy0xMS0wMQ==",
      "RequestMethod": "PATCH",
      "RequestHeaders": {
        "x-ms-client-request-id": [
          "0ad8cf13-0c13-4321-8651-17fda57c259d"
        ],
        "Accept-Language": [
          "en-US"
        ],
        "User-Agent": [
          "FxVersion/6.0.2323.48002",
          "OSName/Windows",
          "OSVersion/Microsoft.Windows.10.0.22621",
          "Microsoft.Azure.Management.Search.SearchManagementClient/0.9.0"
        ],
        "Content-Type": [
          "application/json; charset=utf-8"
        ],
        "Content-Length": [
          "276"
        ]
      },
      "RequestBody": "{\r\n  \"sku\": {\r\n    \"name\": \"standard\"\r\n  },\r\n  \"location\": \"East US 2 EUAP\",\r\n  \"properties\": {\r\n    \"hostingMode\": \"default\",\r\n    \"replicaCount\": 2,\r\n    \"partitionCount\": 2,\r\n    \"publicNetworkAccess\": \"enabled\",\r\n    \"networkRuleSet\": {\r\n      \"ipRules\": []\r\n    }\r\n  }\r\n}",
      "ResponseHeaders": {
        "Cache-Control": [
          "no-cache"
        ],
        "Pragma": [
          "no-cache"
        ],
        "ETag": [
          "W/\"datetime'2023-10-20T04%3A59%3A32.5288091Z'\""
        ],
        "Vary": [
          "Accept-Encoding"
        ],
        "x-ms-request-id": [
          "0ad8cf13-0c13-4321-8651-17fda57c259d"
        ],
        "request-id": [
          "0ad8cf13-0c13-4321-8651-17fda57c259d"
        ],
        "elapsed-time": [
          "1317"
        ],
        "Strict-Transport-Security": [
          "max-age=31536000; includeSubDomains"
        ],
        "x-ms-ratelimit-remaining-subscription-writes": [
          "1198"
        ],
        "x-ms-correlation-request-id": [
          "29b86385-6b56-481f-b1a2-de2202dd48ee"
        ],
        "x-ms-routing-request-id": [
          "EASTUS2EUAP:20231020T045932Z:29b86385-6b56-481f-b1a2-de2202dd48ee"
        ],
        "X-Content-Type-Options": [
          "nosniff"
        ],
        "Date": [
          "Fri, 20 Oct 2023 04:59:32 GMT"
        ],
        "Content-Length": [
          "729"
        ],
        "Content-Type": [
          "application/json; charset=utf-8"
        ],
        "Expires": [
          "-1"
        ]
      },
      "ResponseBody": "{\r\n  \"id\": \"/subscriptions/ee787b9b-a25f-4d20-86e9-45fcea5253dd/resourceGroups/ps9057/providers/Microsoft.Search/searchServices/ps9057-service3\",\r\n  \"name\": \"ps9057-service3\",\r\n  \"type\": \"Microsoft.Search/searchServices\",\r\n  \"location\": \"East US 2 EUAP\",\r\n  \"properties\": {\r\n    \"replicaCount\": 2,\r\n    \"partitionCount\": 2,\r\n    \"status\": \"provisioning\",\r\n    \"statusDetails\": \"\",\r\n    \"provisioningState\": \"provisioning\",\r\n    \"hostingMode\": \"default\",\r\n    \"publicNetworkAccess\": \"Enabled\",\r\n    \"networkRuleSet\": {\r\n      \"ipRules\": [],\r\n      \"bypass\": \"None\"\r\n    },\r\n    \"privateEndpointConnections\": [],\r\n    \"sharedPrivateLinkResources\": [],\r\n    \"encryptionWithCmk\": {\r\n      \"enforcement\": \"Unspecified\",\r\n      \"encryptionComplianceStatus\": \"Compliant\"\r\n    },\r\n    \"disableLocalAuth\": false,\r\n    \"authOptions\": {\r\n      \"apiKeyOnly\": {}\r\n    },\r\n    \"semanticSearch\": \"free\"\r\n  },\r\n  \"sku\": {\r\n    \"name\": \"standard\"\r\n  }\r\n}",
      "StatusCode": 200
    },
    {
      "RequestUri": "/subscriptions/ee787b9b-a25f-4d20-86e9-45fcea5253dd/resourcegroups/ps9057?api-version=2016-09-01",
      "EncodedRequestUri": "L3N1YnNjcmlwdGlvbnMvZWU3ODdiOWItYTI1Zi00ZDIwLTg2ZTktNDVmY2VhNTI1M2RkL3Jlc291cmNlZ3JvdXBzL3BzOTA1Nz9hcGktdmVyc2lvbj0yMDE2LTA5LTAx",
      "RequestMethod": "DELETE",
      "RequestHeaders": {
        "x-ms-client-request-id": [
          "040b0e52-a847-4243-b214-467321eb270a"
        ],
        "Accept-Language": [
          "en-US"
        ],
        "User-Agent": [
          "FxVersion/6.0.2323.48002",
          "OSName/Windows",
          "OSVersion/Microsoft.Windows.10.0.22621",
          "Microsoft.Azure.Management.Internal.Resources.ResourceManagementClient/1.3.86"
        ]
      },
      "RequestBody": "",
      "ResponseHeaders": {
        "Cache-Control": [
          "no-cache"
        ],
        "Pragma": [
          "no-cache"
        ],
        "Location": [
          "https://eastus2euap.management.azure.com/subscriptions/ee787b9b-a25f-4d20-86e9-45fcea5253dd/operationresults/eyJqb2JJZCI6IlJFU09VUkNFR1JPVVBERUxFVElPTkpPQi1QUzkwNTctRUFTVFVTMkVVQVAiLCJqb2JMb2NhdGlvbiI6ImVhc3R1czJldWFwIn0?api-version=2016-09-01&t=638333747740629429&c=MIIHHjCCBgagAwIBAgITOgHct7O3aN_KxDKNJwAEAdy3szANBgkqhkiG9w0BAQsFADBEMRMwEQYKCZImiZPyLGQBGRYDR0JMMRMwEQYKCZImiZPyLGQBGRYDQU1FMRgwFgYDVQQDEw9BTUUgSU5GUkEgQ0EgMDEwHhcNMjMwODAyMDc1ODI0WhcNMjQwNzI3MDc1ODI0WjBAMT4wPAYDVQQDEzVhc3luY29wZXJhdGlvbnNpZ25pbmdjZXJ0aWZpY2F0ZS5tYW5hZ2VtZW50LmF6dXJlLmNvbTCCASIwDQYJKoZIhvcNAQEBBQADggEPADCCAQoCggEBALgLnSbzEbFP5vuRFjPkIRVhgz-iw8NSD7e9KiRk9joLl4YrnC0aSuKwshRe9v_Gl--CqxXgkcpCrfdylaxeXPCqPbSAySW8ZXeSDzD35sq_pFnpKhucgB99Ge-e1unJgvYfJTi3-ri0oDMpryPjlj-DSAQ7LPz35cKSbzFYKu3mynC6wWObzCuwGt5qbJ4uxeqzSw_EaLK0-6awwn50lVsKnZtiZhdfHXDKKLap7dLAww0CM1k9FmqGvlSPIwLevHqzTzDqw1Z7aqoRUH_sezhZxKvKw2KKL0h73J1uStBKaiwxPh-9JrGtrp5emkNsj2V-tuOQ7sam3Z3urFRWBZECAwEAAaOCBAswggQHMCcGCSsGAQQBgjcVCgQaMBgwCgYIKwYBBQUHAwEwCgYIKwYBBQUHAwIwPQYJKwYBBAGCNxUHBDAwLgYmKwYBBAGCNxUIhpDjDYTVtHiE8Ys-hZvdFs6dEoFggvX2K4Py0SACAWQCAQowggHaBggrBgEFBQcBAQSCAcwwggHIMGYGCCsGAQUFBzAChlpodHRwOi8vY3JsLm1pY3Jvc29mdC5jb20vcGtpaW5mcmEvQ2VydHMvQlkyUEtJSU5UQ0EwMS5BTUUuR0JMX0FNRSUyMElORlJBJTIwQ0ElMjAwMSg0KS5jcnQwVgYIKwYBBQUHMAKGSmh0dHA6Ly9jcmwxLmFtZS5nYmwvYWlhL0JZMlBLSUlOVENBMDEuQU1FLkdCTF9BTUUlMjBJTkZSQSUyMENBJTIwMDEoNCkuY3J0MFYGCCsGAQUFBzAChkpodHRwOi8vY3JsMi5hbWUuZ2JsL2FpYS9CWTJQS0lJTlRDQTAxLkFNRS5HQkxfQU1FJTIwSU5GUkElMjBDQSUyMDAxKDQpLmNydDBWBggrBgEFBQcwAoZKaHR0cDovL2NybDMuYW1lLmdibC9haWEvQlkyUEtJSU5UQ0EwMS5BTUUuR0JMX0FNRSUyMElORlJBJTIwQ0ElMjAwMSg0KS5jcnQwVgYIKwYBBQUHMAKGSmh0dHA6Ly9jcmw0LmFtZS5nYmwvYWlhL0JZMlBLSUlOVENBMDEuQU1FLkdCTF9BTUUlMjBJTkZSQSUyMENBJTIwMDEoNCkuY3J0MB0GA1UdDgQWBBSNta6Ow680k6ap_o_3ZKd0BukJQTAOBgNVHQ8BAf8EBAMCBaAwggE1BgNVHR8EggEsMIIBKDCCASSgggEgoIIBHIZCaHR0cDovL2NybC5taWNyb3NvZnQuY29tL3BraWluZnJhL0NSTC9BTUUlMjBJTkZSQSUyMENBJTIwMDEoNCkuY3JshjRodHRwOi8vY3JsMS5hbWUuZ2JsL2NybC9BTUUlMjBJTkZSQSUyMENBJTIwMDEoNCkuY3JshjRodHRwOi8vY3JsMi5hbWUuZ2JsL2NybC9BTUUlMjBJTkZSQSUyMENBJTIwMDEoNCkuY3JshjRodHRwOi8vY3JsMy5hbWUuZ2JsL2NybC9BTUUlMjBJTkZSQSUyMENBJTIwMDEoNCkuY3JshjRodHRwOi8vY3JsNC5hbWUuZ2JsL2NybC9BTUUlMjBJTkZSQSUyMENBJTIwMDEoNCkuY3JsMBcGA1UdIAQQMA4wDAYKKwYBBAGCN3sBATAfBgNVHSMEGDAWgBTl2Ztn_PjsurvwwKidileIud8-YzAdBgNVHSUEFjAUBggrBgEFBQcDAQYIKwYBBQUHAwIwDQYJKoZIhvcNAQELBQADggEBAJfhqigISSFkp5G5sHIg7shqgq0nMu4ZkrFytKYoj9nyIkbp5wS2S2SnxApbk6DGfCopeW2bT-41LuABxrpHhInxdQRwc4hfNkVg5k48jbSkaP4RnY52VT70kH2vngG3zDcpdl_UdtXj5qCzEffHV2Z3zbzv9rw860jZIwkZ5VGmoYo9ghHXoYX5lQ9pm0T-M7GhW078gGjajjGJ-eR5CQ4ffnR5kBJRVe1B_S-nfakCqELdfDewiO64-k_-8RAsHI75vUnI6S_RQfa0Gah60wAwOXXXGRzSb-m5tvKIgqVb46MPp9rK1HgwcUkvk_MeoI2XtXUN_SW2uRXCFp9U_Po&s=MuSlt7ZSUlHJJsvoE_cTYimLAskxkRhE_VV-wXsl5MhdE8g12iEGYV9YchSl1d2zcj26ZRiGQETONgkqZFC0GL0lQZItw5BN8Ivl8JccbN260LtoKz6qbbHommDDm_9Pi8Aq66GTvD4CXDA1m2C7RS1LDYKtdyOsCFnQXdYiBdgz6pQeB2SvDMPNfC7WjSCMlGcGd5vwfgVKsDnlNo1GwVit4SpN9Jm08ueQTCLKyv32BNT_dYa5oyBPIeXoZh9NE6PfRTmG7ITwW9hJpptSerOdkfurtTh-WTDKNfTm6MY-0N2NNG1slar999DhewWuSocjmbY-cs04k7BeU9797A&h=kUCT-L8jINO0_GCb3zvxVFOM84LGBmYtpQlw0-e-ieE"
        ],
        "Retry-After": [
          "15"
        ],
        "x-ms-ratelimit-remaining-subscription-deletes": [
          "14999"
        ],
        "x-ms-request-id": [
          "f61a86da-3650-4098-92f1-c0bc84a0ed6e"
        ],
        "x-ms-correlation-request-id": [
          "f61a86da-3650-4098-92f1-c0bc84a0ed6e"
        ],
        "x-ms-routing-request-id": [
          "EASTUS2EUAP:20231020T045934Z:f61a86da-3650-4098-92f1-c0bc84a0ed6e"
        ],
        "Strict-Transport-Security": [
          "max-age=31536000; includeSubDomains"
        ],
        "X-Content-Type-Options": [
          "nosniff"
        ],
        "Date": [
          "Fri, 20 Oct 2023 04:59:34 GMT"
        ],
        "Expires": [
          "-1"
        ],
        "Content-Length": [
          "0"
        ]
      },
      "ResponseBody": "",
      "StatusCode": 202
    },
    {
      "RequestUri": "/subscriptions/ee787b9b-a25f-4d20-86e9-45fcea5253dd/operationresults/eyJqb2JJZCI6IlJFU09VUkNFR1JPVVBERUxFVElPTkpPQi1QUzkwNTctRUFTVFVTMkVVQVAiLCJqb2JMb2NhdGlvbiI6ImVhc3R1czJldWFwIn0?api-version=2016-09-01&t=638333747740629429&c=MIIHHjCCBgagAwIBAgITOgHct7O3aN_KxDKNJwAEAdy3szANBgkqhkiG9w0BAQsFADBEMRMwEQYKCZImiZPyLGQBGRYDR0JMMRMwEQYKCZImiZPyLGQBGRYDQU1FMRgwFgYDVQQDEw9BTUUgSU5GUkEgQ0EgMDEwHhcNMjMwODAyMDc1ODI0WhcNMjQwNzI3MDc1ODI0WjBAMT4wPAYDVQQDEzVhc3luY29wZXJhdGlvbnNpZ25pbmdjZXJ0aWZpY2F0ZS5tYW5hZ2VtZW50LmF6dXJlLmNvbTCCASIwDQYJKoZIhvcNAQEBBQADggEPADCCAQoCggEBALgLnSbzEbFP5vuRFjPkIRVhgz-iw8NSD7e9KiRk9joLl4YrnC0aSuKwshRe9v_Gl--CqxXgkcpCrfdylaxeXPCqPbSAySW8ZXeSDzD35sq_pFnpKhucgB99Ge-e1unJgvYfJTi3-ri0oDMpryPjlj-DSAQ7LPz35cKSbzFYKu3mynC6wWObzCuwGt5qbJ4uxeqzSw_EaLK0-6awwn50lVsKnZtiZhdfHXDKKLap7dLAww0CM1k9FmqGvlSPIwLevHqzTzDqw1Z7aqoRUH_sezhZxKvKw2KKL0h73J1uStBKaiwxPh-9JrGtrp5emkNsj2V-tuOQ7sam3Z3urFRWBZECAwEAAaOCBAswggQHMCcGCSsGAQQBgjcVCgQaMBgwCgYIKwYBBQUHAwEwCgYIKwYBBQUHAwIwPQYJKwYBBAGCNxUHBDAwLgYmKwYBBAGCNxUIhpDjDYTVtHiE8Ys-hZvdFs6dEoFggvX2K4Py0SACAWQCAQowggHaBggrBgEFBQcBAQSCAcwwggHIMGYGCCsGAQUFBzAChlpodHRwOi8vY3JsLm1pY3Jvc29mdC5jb20vcGtpaW5mcmEvQ2VydHMvQlkyUEtJSU5UQ0EwMS5BTUUuR0JMX0FNRSUyMElORlJBJTIwQ0ElMjAwMSg0KS5jcnQwVgYIKwYBBQUHMAKGSmh0dHA6Ly9jcmwxLmFtZS5nYmwvYWlhL0JZMlBLSUlOVENBMDEuQU1FLkdCTF9BTUUlMjBJTkZSQSUyMENBJTIwMDEoNCkuY3J0MFYGCCsGAQUFBzAChkpodHRwOi8vY3JsMi5hbWUuZ2JsL2FpYS9CWTJQS0lJTlRDQTAxLkFNRS5HQkxfQU1FJTIwSU5GUkElMjBDQSUyMDAxKDQpLmNydDBWBggrBgEFBQcwAoZKaHR0cDovL2NybDMuYW1lLmdibC9haWEvQlkyUEtJSU5UQ0EwMS5BTUUuR0JMX0FNRSUyMElORlJBJTIwQ0ElMjAwMSg0KS5jcnQwVgYIKwYBBQUHMAKGSmh0dHA6Ly9jcmw0LmFtZS5nYmwvYWlhL0JZMlBLSUlOVENBMDEuQU1FLkdCTF9BTUUlMjBJTkZSQSUyMENBJTIwMDEoNCkuY3J0MB0GA1UdDgQWBBSNta6Ow680k6ap_o_3ZKd0BukJQTAOBgNVHQ8BAf8EBAMCBaAwggE1BgNVHR8EggEsMIIBKDCCASSgggEgoIIBHIZCaHR0cDovL2NybC5taWNyb3NvZnQuY29tL3BraWluZnJhL0NSTC9BTUUlMjBJTkZSQSUyMENBJTIwMDEoNCkuY3JshjRodHRwOi8vY3JsMS5hbWUuZ2JsL2NybC9BTUUlMjBJTkZSQSUyMENBJTIwMDEoNCkuY3JshjRodHRwOi8vY3JsMi5hbWUuZ2JsL2NybC9BTUUlMjBJTkZSQSUyMENBJTIwMDEoNCkuY3JshjRodHRwOi8vY3JsMy5hbWUuZ2JsL2NybC9BTUUlMjBJTkZSQSUyMENBJTIwMDEoNCkuY3JshjRodHRwOi8vY3JsNC5hbWUuZ2JsL2NybC9BTUUlMjBJTkZSQSUyMENBJTIwMDEoNCkuY3JsMBcGA1UdIAQQMA4wDAYKKwYBBAGCN3sBATAfBgNVHSMEGDAWgBTl2Ztn_PjsurvwwKidileIud8-YzAdBgNVHSUEFjAUBggrBgEFBQcDAQYIKwYBBQUHAwIwDQYJKoZIhvcNAQELBQADggEBAJfhqigISSFkp5G5sHIg7shqgq0nMu4ZkrFytKYoj9nyIkbp5wS2S2SnxApbk6DGfCopeW2bT-41LuABxrpHhInxdQRwc4hfNkVg5k48jbSkaP4RnY52VT70kH2vngG3zDcpdl_UdtXj5qCzEffHV2Z3zbzv9rw860jZIwkZ5VGmoYo9ghHXoYX5lQ9pm0T-M7GhW078gGjajjGJ-eR5CQ4ffnR5kBJRVe1B_S-nfakCqELdfDewiO64-k_-8RAsHI75vUnI6S_RQfa0Gah60wAwOXXXGRzSb-m5tvKIgqVb46MPp9rK1HgwcUkvk_MeoI2XtXUN_SW2uRXCFp9U_Po&s=MuSlt7ZSUlHJJsvoE_cTYimLAskxkRhE_VV-wXsl5MhdE8g12iEGYV9YchSl1d2zcj26ZRiGQETONgkqZFC0GL0lQZItw5BN8Ivl8JccbN260LtoKz6qbbHommDDm_9Pi8Aq66GTvD4CXDA1m2C7RS1LDYKtdyOsCFnQXdYiBdgz6pQeB2SvDMPNfC7WjSCMlGcGd5vwfgVKsDnlNo1GwVit4SpN9Jm08ueQTCLKyv32BNT_dYa5oyBPIeXoZh9NE6PfRTmG7ITwW9hJpptSerOdkfurtTh-WTDKNfTm6MY-0N2NNG1slar999DhewWuSocjmbY-cs04k7BeU9797A&h=kUCT-L8jINO0_GCb3zvxVFOM84LGBmYtpQlw0-e-ieE",
      "EncodedRequestUri": "L3N1YnNjcmlwdGlvbnMvZWU3ODdiOWItYTI1Zi00ZDIwLTg2ZTktNDVmY2VhNTI1M2RkL29wZXJhdGlvbnJlc3VsdHMvZXlKcWIySkpaQ0k2SWxKRlUwOVZVa05GUjFKUFZWQkVSVXhGVkVsUFRrcFBRaTFRVXprd05UY3RSVUZUVkZWVE1rVlZRVkFpTENKcWIySk1iMk5oZEdsdmJpSTZJbVZoYzNSMWN6SmxkV0Z3SW4wP2FwaS12ZXJzaW9uPTIwMTYtMDktMDEmdD02MzgzMzM3NDc3NDA2Mjk0MjkmYz1NSUlISGpDQ0JnYWdBd0lCQWdJVE9nSGN0N08zYU5fS3hES05Kd0FFQWR5M3N6QU5CZ2txaGtpRzl3MEJBUXNGQURCRU1STXdFUVlLQ1pJbWlaUHlMR1FCR1JZRFIwSk1NUk13RVFZS0NaSW1pWlB5TEdRQkdSWURRVTFGTVJnd0ZnWURWUVFERXc5QlRVVWdTVTVHVWtFZ1EwRWdNREV3SGhjTk1qTXdPREF5TURjMU9ESTBXaGNOTWpRd056STNNRGMxT0RJMFdqQkFNVDR3UEFZRFZRUURFelZoYzNsdVkyOXdaWEpoZEdsdmJuTnBaMjVwYm1kalpYSjBhV1pwWTJGMFpTNXRZVzVoWjJWdFpXNTBMbUY2ZFhKbExtTnZiVENDQVNJd0RRWUpLb1pJaHZjTkFRRUJCUUFEZ2dFUEFEQ0NBUW9DZ2dFQkFMZ0xuU2J6RWJGUDV2dVJGalBrSVJWaGd6LWl3OE5TRDdlOUtpUms5am9MbDRZcm5DMGFTdUt3c2hSZTl2X0dsLS1DcXhYZ2tjcENyZmR5bGF4ZVhQQ3FQYlNBeVNXOFpYZVNEekQzNXNxX3BGbnBLaHVjZ0I5OUdlLWUxdW5KZ3ZZZkpUaTMtcmkwb0RNcHJ5UGpsai1EU0FRN0xQejM1Y0tTYnpGWUt1M215bkM2d1dPYnpDdXdHdDVxYko0dXhlcXpTd19FYUxLMC02YXd3bjUwbFZzS25adGlaaGRmSFhES0tMYXA3ZExBd3cwQ00xazlGbXFHdmxTUEl3TGV2SHF6VHpEcXcxWjdhcW9SVUhfc2V6aFp4S3ZLdzJLS0wwaDczSjF1U3RCS2Fpd3hQaC05SnJHdHJwNWVta05zajJWLXR1T1E3c2FtM1ozdXJGUldCWkVDQXdFQUFhT0NCQXN3Z2dRSE1DY0dDU3NHQVFRQmdqY1ZDZ1FhTUJnd0NnWUlLd1lCQlFVSEF3RXdDZ1lJS3dZQkJRVUhBd0l3UFFZSkt3WUJCQUdDTnhVSEJEQXdMZ1ltS3dZQkJBR0NOeFVJaHBEakRZVFZ0SGlFOFlzLWhadmRGczZkRW9GZ2d2WDJLNFB5MFNBQ0FXUUNBUW93Z2dIYUJnZ3JCZ0VGQlFjQkFRU0NBY3d3Z2dISU1HWUdDQ3NHQVFVRkJ6QUNobHBvZEhSd09pOHZZM0pzTG0xcFkzSnZjMjltZEM1amIyMHZjR3RwYVc1bWNtRXZRMlZ5ZEhNdlFsa3lVRXRKU1U1VVEwRXdNUzVCVFVVdVIwSk1YMEZOUlNVeU1FbE9SbEpCSlRJd1EwRWxNakF3TVNnMEtTNWpjblF3VmdZSUt3WUJCUVVITUFLR1NtaDBkSEE2THk5amNtd3hMbUZ0WlM1blltd3ZZV2xoTDBKWk1sQkxTVWxPVkVOQk1ERXVRVTFGTGtkQ1RGOUJUVVVsTWpCSlRrWlNRU1V5TUVOQkpUSXdNREVvTkNrdVkzSjBNRllHQ0NzR0FRVUZCekFDaGtwb2RIUndPaTh2WTNKc01pNWhiV1V1WjJKc0wyRnBZUzlDV1RKUVMwbEpUbFJEUVRBeExrRk5SUzVIUWt4ZlFVMUZKVEl3U1U1R1VrRWxNakJEUVNVeU1EQXhLRFFwTG1OeWREQldCZ2dyQmdFRkJRY3dBb1pLYUhSMGNEb3ZMMk55YkRNdVlXMWxMbWRpYkM5aGFXRXZRbGt5VUV0SlNVNVVRMEV3TVM1QlRVVXVSMEpNWDBGTlJTVXlNRWxPUmxKQkpUSXdRMEVsTWpBd01TZzBLUzVqY25Rd1ZnWUlLd1lCQlFVSE1BS0dTbWgwZEhBNkx5OWpjbXcwTG1GdFpTNW5ZbXd2WVdsaEwwSlpNbEJMU1VsT1ZFTkJNREV1UVUxRkxrZENURjlCVFVVbE1qQkpUa1pTUVNVeU1FTkJKVEl3TURFb05Da3VZM0owTUIwR0ExVWREZ1FXQkJTTnRhNk93NjgwazZhcF9vXzNaS2QwQnVrSlFUQU9CZ05WSFE4QkFmOEVCQU1DQmFBd2dnRTFCZ05WSFI4RWdnRXNNSUlCS0RDQ0FTU2dnZ0Vnb0lJQkhJWkNhSFIwY0RvdkwyTnliQzV0YVdOeWIzTnZablF1WTI5dEwzQnJhV2x1Wm5KaEwwTlNUQzlCVFVVbE1qQkpUa1pTUVNVeU1FTkJKVEl3TURFb05Da3VZM0pzaGpSb2RIUndPaTh2WTNKc01TNWhiV1V1WjJKc0wyTnliQzlCVFVVbE1qQkpUa1pTUVNVeU1FTkJKVEl3TURFb05Da3VZM0pzaGpSb2RIUndPaTh2WTNKc01pNWhiV1V1WjJKc0wyTnliQzlCVFVVbE1qQkpUa1pTUVNVeU1FTkJKVEl3TURFb05Da3VZM0pzaGpSb2RIUndPaTh2WTNKc015NWhiV1V1WjJKc0wyTnliQzlCVFVVbE1qQkpUa1pTUVNVeU1FTkJKVEl3TURFb05Da3VZM0pzaGpSb2RIUndPaTh2WTNKc05DNWhiV1V1WjJKc0wyTnliQzlCVFVVbE1qQkpUa1pTUVNVeU1FTkJKVEl3TURFb05Da3VZM0pzTUJjR0ExVWRJQVFRTUE0d0RBWUtLd1lCQkFHQ04zc0JBVEFmQmdOVkhTTUVHREFXZ0JUbDJadG5fUGpzdXJ2d3dLaWRpbGVJdWQ4LVl6QWRCZ05WSFNVRUZqQVVCZ2dyQmdFRkJRY0RBUVlJS3dZQkJRVUhBd0l3RFFZSktvWklodmNOQVFFTEJRQURnZ0VCQUpmaHFpZ0lTU0ZrcDVHNXNISWc3c2hxZ3Ewbk11NFprckZ5dEtZb2o5bnlJa2JwNXdTMlMyU254QXBiazZER2ZDb3BlVzJiVC00MUx1QUJ4cnBIaElueGRRUndjNGhmTmtWZzVrNDhqYlNrYVA0Um5ZNTJWVDcwa0gydm5nRzN6RGNwZGxfVWR0WGo1cUN6RWZmSFYyWjN6Ynp2OXJ3ODYwalpJd2taNVZHbW9ZbzlnaEhYb1lYNWxROXBtMFQtTTdHaFcwNzhnR2phampHSi1lUjVDUTRmZm5SNWtCSlJWZTFCX1MtbmZha0NxRUxkZkRld2lPNjQta18tOFJBc0hJNzV2VW5JNlNfUlFmYTBHYWg2MHdBd09YWFhHUnpTYi1tNXR2S0lncVZiNDZNUHA5cksxSGd3Y1VrdmtfTWVvSTJYdFhVTl9TVzJ1UlhDRnA5VV9QbyZzPU11U2x0N1pTVWxISkpzdm9FX2NUWWltTEFza3hrUmhFX1ZWLXdYc2w1TWhkRThnMTJpRUdZVjlZY2hTbDFkMnpjajI2WlJpR1FFVE9OZ2txWkZDMEdMMGxRWkl0dzVCTjhJdmw4SmNjYk4yNjBMdG9LejZxYmJIb21tRERtXzlQaThBcTY2R1R2RDRDWERBMW0yQzdSUzFMRFlLdGR5T3NDRm5RWGRZaUJkZ3o2cFFlQjJTdkRNUE5mQzdXalNDTWxHY0dkNXZ3ZmdWS3NEbmxObzFHd1ZpdDRTcE45Sm0wOHVlUVRDTEt5djMyQk5UX2RZYTVveUJQSWVYb1poOU5FNlBmUlRtRzdJVHdXOWhKcHB0U2VyT2RrZnVydFRoLVdUREtOZlRtNk1ZLTBOMk5ORzFzbGFyOTk5RGhld1d1U29jam1iWS1jczA0azdCZVU5Nzk3QSZoPWtVQ1QtTDhqSU5PMF9HQ2IzenZ4VkZPTTg0TEdCbVl0cFFsdzAtZS1pZUU=",
      "RequestMethod": "GET",
      "RequestHeaders": {
        "User-Agent": [
          "FxVersion/6.0.2323.48002",
          "OSName/Windows",
          "OSVersion/Microsoft.Windows.10.0.22621",
          "Microsoft.Azure.Management.Internal.Resources.ResourceManagementClient/1.3.86"
        ]
      },
      "RequestBody": "",
      "ResponseHeaders": {
        "Cache-Control": [
          "no-cache"
        ],
        "Pragma": [
          "no-cache"
        ],
        "Location": [
          "https://eastus2euap.management.azure.com/subscriptions/ee787b9b-a25f-4d20-86e9-45fcea5253dd/operationresults/eyJqb2JJZCI6IlJFU09VUkNFR1JPVVBERUxFVElPTkpPQi1QUzkwNTctRUFTVFVTMkVVQVAiLCJqb2JMb2NhdGlvbiI6ImVhc3R1czJldWFwIn0?api-version=2016-09-01&t=638333747891563604&c=MIIHHjCCBgagAwIBAgITOgHct7O3aN_KxDKNJwAEAdy3szANBgkqhkiG9w0BAQsFADBEMRMwEQYKCZImiZPyLGQBGRYDR0JMMRMwEQYKCZImiZPyLGQBGRYDQU1FMRgwFgYDVQQDEw9BTUUgSU5GUkEgQ0EgMDEwHhcNMjMwODAyMDc1ODI0WhcNMjQwNzI3MDc1ODI0WjBAMT4wPAYDVQQDEzVhc3luY29wZXJhdGlvbnNpZ25pbmdjZXJ0aWZpY2F0ZS5tYW5hZ2VtZW50LmF6dXJlLmNvbTCCASIwDQYJKoZIhvcNAQEBBQADggEPADCCAQoCggEBALgLnSbzEbFP5vuRFjPkIRVhgz-iw8NSD7e9KiRk9joLl4YrnC0aSuKwshRe9v_Gl--CqxXgkcpCrfdylaxeXPCqPbSAySW8ZXeSDzD35sq_pFnpKhucgB99Ge-e1unJgvYfJTi3-ri0oDMpryPjlj-DSAQ7LPz35cKSbzFYKu3mynC6wWObzCuwGt5qbJ4uxeqzSw_EaLK0-6awwn50lVsKnZtiZhdfHXDKKLap7dLAww0CM1k9FmqGvlSPIwLevHqzTzDqw1Z7aqoRUH_sezhZxKvKw2KKL0h73J1uStBKaiwxPh-9JrGtrp5emkNsj2V-tuOQ7sam3Z3urFRWBZECAwEAAaOCBAswggQHMCcGCSsGAQQBgjcVCgQaMBgwCgYIKwYBBQUHAwEwCgYIKwYBBQUHAwIwPQYJKwYBBAGCNxUHBDAwLgYmKwYBBAGCNxUIhpDjDYTVtHiE8Ys-hZvdFs6dEoFggvX2K4Py0SACAWQCAQowggHaBggrBgEFBQcBAQSCAcwwggHIMGYGCCsGAQUFBzAChlpodHRwOi8vY3JsLm1pY3Jvc29mdC5jb20vcGtpaW5mcmEvQ2VydHMvQlkyUEtJSU5UQ0EwMS5BTUUuR0JMX0FNRSUyMElORlJBJTIwQ0ElMjAwMSg0KS5jcnQwVgYIKwYBBQUHMAKGSmh0dHA6Ly9jcmwxLmFtZS5nYmwvYWlhL0JZMlBLSUlOVENBMDEuQU1FLkdCTF9BTUUlMjBJTkZSQSUyMENBJTIwMDEoNCkuY3J0MFYGCCsGAQUFBzAChkpodHRwOi8vY3JsMi5hbWUuZ2JsL2FpYS9CWTJQS0lJTlRDQTAxLkFNRS5HQkxfQU1FJTIwSU5GUkElMjBDQSUyMDAxKDQpLmNydDBWBggrBgEFBQcwAoZKaHR0cDovL2NybDMuYW1lLmdibC9haWEvQlkyUEtJSU5UQ0EwMS5BTUUuR0JMX0FNRSUyMElORlJBJTIwQ0ElMjAwMSg0KS5jcnQwVgYIKwYBBQUHMAKGSmh0dHA6Ly9jcmw0LmFtZS5nYmwvYWlhL0JZMlBLSUlOVENBMDEuQU1FLkdCTF9BTUUlMjBJTkZSQSUyMENBJTIwMDEoNCkuY3J0MB0GA1UdDgQWBBSNta6Ow680k6ap_o_3ZKd0BukJQTAOBgNVHQ8BAf8EBAMCBaAwggE1BgNVHR8EggEsMIIBKDCCASSgggEgoIIBHIZCaHR0cDovL2NybC5taWNyb3NvZnQuY29tL3BraWluZnJhL0NSTC9BTUUlMjBJTkZSQSUyMENBJTIwMDEoNCkuY3JshjRodHRwOi8vY3JsMS5hbWUuZ2JsL2NybC9BTUUlMjBJTkZSQSUyMENBJTIwMDEoNCkuY3JshjRodHRwOi8vY3JsMi5hbWUuZ2JsL2NybC9BTUUlMjBJTkZSQSUyMENBJTIwMDEoNCkuY3JshjRodHRwOi8vY3JsMy5hbWUuZ2JsL2NybC9BTUUlMjBJTkZSQSUyMENBJTIwMDEoNCkuY3JshjRodHRwOi8vY3JsNC5hbWUuZ2JsL2NybC9BTUUlMjBJTkZSQSUyMENBJTIwMDEoNCkuY3JsMBcGA1UdIAQQMA4wDAYKKwYBBAGCN3sBATAfBgNVHSMEGDAWgBTl2Ztn_PjsurvwwKidileIud8-YzAdBgNVHSUEFjAUBggrBgEFBQcDAQYIKwYBBQUHAwIwDQYJKoZIhvcNAQELBQADggEBAJfhqigISSFkp5G5sHIg7shqgq0nMu4ZkrFytKYoj9nyIkbp5wS2S2SnxApbk6DGfCopeW2bT-41LuABxrpHhInxdQRwc4hfNkVg5k48jbSkaP4RnY52VT70kH2vngG3zDcpdl_UdtXj5qCzEffHV2Z3zbzv9rw860jZIwkZ5VGmoYo9ghHXoYX5lQ9pm0T-M7GhW078gGjajjGJ-eR5CQ4ffnR5kBJRVe1B_S-nfakCqELdfDewiO64-k_-8RAsHI75vUnI6S_RQfa0Gah60wAwOXXXGRzSb-m5tvKIgqVb46MPp9rK1HgwcUkvk_MeoI2XtXUN_SW2uRXCFp9U_Po&s=QPQMp03I1dCz1ueC4WUqO9DdthDkXNJCgjgjTPgo082Cv0CdzoSN63Q9nN6LgY_xrj7Pwp4Yuzw6sa6ep0uN71GgvtgI2w4TKSkHkfzYn0pcMcLDH6iu-Y2IkAty0W2i9Rb3llqb6abyehtbpsUcfOfiIH_inVYjoay_ZrWP2tTiGvLp0o5YzpzGRcPPStL-E78hE_TPkUMs18skco_1a8gXCss8ECjuPPPxHYYqfzOMAMVNGkDO0KrDQjVt9BABUb96-x_ckgjIN6g9kZ7jImcFswI5Gp-uEUIbJPxOGznErhWKjsyUIwEP-lKkOog4RNTV8WWyai8mcy8kM-eMxQ&h=3opf1j_pzXpJLxPjMmbhB4UnqbLLSk_eBukKZ5T69p4"
        ],
        "Retry-After": [
          "15"
        ],
        "x-ms-ratelimit-remaining-subscription-reads": [
          "11956"
        ],
        "x-ms-request-id": [
          "9a5d46bc-705f-4114-96cc-1117a4536120"
        ],
        "x-ms-correlation-request-id": [
          "9a5d46bc-705f-4114-96cc-1117a4536120"
        ],
        "x-ms-routing-request-id": [
          "EASTUS2EUAP:20231020T045949Z:9a5d46bc-705f-4114-96cc-1117a4536120"
        ],
        "Strict-Transport-Security": [
          "max-age=31536000; includeSubDomains"
        ],
        "X-Content-Type-Options": [
          "nosniff"
        ],
        "Date": [
          "Fri, 20 Oct 2023 04:59:48 GMT"
        ],
        "Expires": [
          "-1"
        ],
        "Content-Length": [
          "0"
        ]
      },
      "ResponseBody": "",
      "StatusCode": 202
    },
    {
      "RequestUri": "/subscriptions/ee787b9b-a25f-4d20-86e9-45fcea5253dd/operationresults/eyJqb2JJZCI6IlJFU09VUkNFR1JPVVBERUxFVElPTkpPQi1QUzkwNTctRUFTVFVTMkVVQVAiLCJqb2JMb2NhdGlvbiI6ImVhc3R1czJldWFwIn0?api-version=2016-09-01&t=638333747891563604&c=MIIHHjCCBgagAwIBAgITOgHct7O3aN_KxDKNJwAEAdy3szANBgkqhkiG9w0BAQsFADBEMRMwEQYKCZImiZPyLGQBGRYDR0JMMRMwEQYKCZImiZPyLGQBGRYDQU1FMRgwFgYDVQQDEw9BTUUgSU5GUkEgQ0EgMDEwHhcNMjMwODAyMDc1ODI0WhcNMjQwNzI3MDc1ODI0WjBAMT4wPAYDVQQDEzVhc3luY29wZXJhdGlvbnNpZ25pbmdjZXJ0aWZpY2F0ZS5tYW5hZ2VtZW50LmF6dXJlLmNvbTCCASIwDQYJKoZIhvcNAQEBBQADggEPADCCAQoCggEBALgLnSbzEbFP5vuRFjPkIRVhgz-iw8NSD7e9KiRk9joLl4YrnC0aSuKwshRe9v_Gl--CqxXgkcpCrfdylaxeXPCqPbSAySW8ZXeSDzD35sq_pFnpKhucgB99Ge-e1unJgvYfJTi3-ri0oDMpryPjlj-DSAQ7LPz35cKSbzFYKu3mynC6wWObzCuwGt5qbJ4uxeqzSw_EaLK0-6awwn50lVsKnZtiZhdfHXDKKLap7dLAww0CM1k9FmqGvlSPIwLevHqzTzDqw1Z7aqoRUH_sezhZxKvKw2KKL0h73J1uStBKaiwxPh-9JrGtrp5emkNsj2V-tuOQ7sam3Z3urFRWBZECAwEAAaOCBAswggQHMCcGCSsGAQQBgjcVCgQaMBgwCgYIKwYBBQUHAwEwCgYIKwYBBQUHAwIwPQYJKwYBBAGCNxUHBDAwLgYmKwYBBAGCNxUIhpDjDYTVtHiE8Ys-hZvdFs6dEoFggvX2K4Py0SACAWQCAQowggHaBggrBgEFBQcBAQSCAcwwggHIMGYGCCsGAQUFBzAChlpodHRwOi8vY3JsLm1pY3Jvc29mdC5jb20vcGtpaW5mcmEvQ2VydHMvQlkyUEtJSU5UQ0EwMS5BTUUuR0JMX0FNRSUyMElORlJBJTIwQ0ElMjAwMSg0KS5jcnQwVgYIKwYBBQUHMAKGSmh0dHA6Ly9jcmwxLmFtZS5nYmwvYWlhL0JZMlBLSUlOVENBMDEuQU1FLkdCTF9BTUUlMjBJTkZSQSUyMENBJTIwMDEoNCkuY3J0MFYGCCsGAQUFBzAChkpodHRwOi8vY3JsMi5hbWUuZ2JsL2FpYS9CWTJQS0lJTlRDQTAxLkFNRS5HQkxfQU1FJTIwSU5GUkElMjBDQSUyMDAxKDQpLmNydDBWBggrBgEFBQcwAoZKaHR0cDovL2NybDMuYW1lLmdibC9haWEvQlkyUEtJSU5UQ0EwMS5BTUUuR0JMX0FNRSUyMElORlJBJTIwQ0ElMjAwMSg0KS5jcnQwVgYIKwYBBQUHMAKGSmh0dHA6Ly9jcmw0LmFtZS5nYmwvYWlhL0JZMlBLSUlOVENBMDEuQU1FLkdCTF9BTUUlMjBJTkZSQSUyMENBJTIwMDEoNCkuY3J0MB0GA1UdDgQWBBSNta6Ow680k6ap_o_3ZKd0BukJQTAOBgNVHQ8BAf8EBAMCBaAwggE1BgNVHR8EggEsMIIBKDCCASSgggEgoIIBHIZCaHR0cDovL2NybC5taWNyb3NvZnQuY29tL3BraWluZnJhL0NSTC9BTUUlMjBJTkZSQSUyMENBJTIwMDEoNCkuY3JshjRodHRwOi8vY3JsMS5hbWUuZ2JsL2NybC9BTUUlMjBJTkZSQSUyMENBJTIwMDEoNCkuY3JshjRodHRwOi8vY3JsMi5hbWUuZ2JsL2NybC9BTUUlMjBJTkZSQSUyMENBJTIwMDEoNCkuY3JshjRodHRwOi8vY3JsMy5hbWUuZ2JsL2NybC9BTUUlMjBJTkZSQSUyMENBJTIwMDEoNCkuY3JshjRodHRwOi8vY3JsNC5hbWUuZ2JsL2NybC9BTUUlMjBJTkZSQSUyMENBJTIwMDEoNCkuY3JsMBcGA1UdIAQQMA4wDAYKKwYBBAGCN3sBATAfBgNVHSMEGDAWgBTl2Ztn_PjsurvwwKidileIud8-YzAdBgNVHSUEFjAUBggrBgEFBQcDAQYIKwYBBQUHAwIwDQYJKoZIhvcNAQELBQADggEBAJfhqigISSFkp5G5sHIg7shqgq0nMu4ZkrFytKYoj9nyIkbp5wS2S2SnxApbk6DGfCopeW2bT-41LuABxrpHhInxdQRwc4hfNkVg5k48jbSkaP4RnY52VT70kH2vngG3zDcpdl_UdtXj5qCzEffHV2Z3zbzv9rw860jZIwkZ5VGmoYo9ghHXoYX5lQ9pm0T-M7GhW078gGjajjGJ-eR5CQ4ffnR5kBJRVe1B_S-nfakCqELdfDewiO64-k_-8RAsHI75vUnI6S_RQfa0Gah60wAwOXXXGRzSb-m5tvKIgqVb46MPp9rK1HgwcUkvk_MeoI2XtXUN_SW2uRXCFp9U_Po&s=QPQMp03I1dCz1ueC4WUqO9DdthDkXNJCgjgjTPgo082Cv0CdzoSN63Q9nN6LgY_xrj7Pwp4Yuzw6sa6ep0uN71GgvtgI2w4TKSkHkfzYn0pcMcLDH6iu-Y2IkAty0W2i9Rb3llqb6abyehtbpsUcfOfiIH_inVYjoay_ZrWP2tTiGvLp0o5YzpzGRcPPStL-E78hE_TPkUMs18skco_1a8gXCss8ECjuPPPxHYYqfzOMAMVNGkDO0KrDQjVt9BABUb96-x_ckgjIN6g9kZ7jImcFswI5Gp-uEUIbJPxOGznErhWKjsyUIwEP-lKkOog4RNTV8WWyai8mcy8kM-eMxQ&h=3opf1j_pzXpJLxPjMmbhB4UnqbLLSk_eBukKZ5T69p4",
      "EncodedRequestUri": "L3N1YnNjcmlwdGlvbnMvZWU3ODdiOWItYTI1Zi00ZDIwLTg2ZTktNDVmY2VhNTI1M2RkL29wZXJhdGlvbnJlc3VsdHMvZXlKcWIySkpaQ0k2SWxKRlUwOVZVa05GUjFKUFZWQkVSVXhGVkVsUFRrcFBRaTFRVXprd05UY3RSVUZUVkZWVE1rVlZRVkFpTENKcWIySk1iMk5oZEdsdmJpSTZJbVZoYzNSMWN6SmxkV0Z3SW4wP2FwaS12ZXJzaW9uPTIwMTYtMDktMDEmdD02MzgzMzM3NDc4OTE1NjM2MDQmYz1NSUlISGpDQ0JnYWdBd0lCQWdJVE9nSGN0N08zYU5fS3hES05Kd0FFQWR5M3N6QU5CZ2txaGtpRzl3MEJBUXNGQURCRU1STXdFUVlLQ1pJbWlaUHlMR1FCR1JZRFIwSk1NUk13RVFZS0NaSW1pWlB5TEdRQkdSWURRVTFGTVJnd0ZnWURWUVFERXc5QlRVVWdTVTVHVWtFZ1EwRWdNREV3SGhjTk1qTXdPREF5TURjMU9ESTBXaGNOTWpRd056STNNRGMxT0RJMFdqQkFNVDR3UEFZRFZRUURFelZoYzNsdVkyOXdaWEpoZEdsdmJuTnBaMjVwYm1kalpYSjBhV1pwWTJGMFpTNXRZVzVoWjJWdFpXNTBMbUY2ZFhKbExtTnZiVENDQVNJd0RRWUpLb1pJaHZjTkFRRUJCUUFEZ2dFUEFEQ0NBUW9DZ2dFQkFMZ0xuU2J6RWJGUDV2dVJGalBrSVJWaGd6LWl3OE5TRDdlOUtpUms5am9MbDRZcm5DMGFTdUt3c2hSZTl2X0dsLS1DcXhYZ2tjcENyZmR5bGF4ZVhQQ3FQYlNBeVNXOFpYZVNEekQzNXNxX3BGbnBLaHVjZ0I5OUdlLWUxdW5KZ3ZZZkpUaTMtcmkwb0RNcHJ5UGpsai1EU0FRN0xQejM1Y0tTYnpGWUt1M215bkM2d1dPYnpDdXdHdDVxYko0dXhlcXpTd19FYUxLMC02YXd3bjUwbFZzS25adGlaaGRmSFhES0tMYXA3ZExBd3cwQ00xazlGbXFHdmxTUEl3TGV2SHF6VHpEcXcxWjdhcW9SVUhfc2V6aFp4S3ZLdzJLS0wwaDczSjF1U3RCS2Fpd3hQaC05SnJHdHJwNWVta05zajJWLXR1T1E3c2FtM1ozdXJGUldCWkVDQXdFQUFhT0NCQXN3Z2dRSE1DY0dDU3NHQVFRQmdqY1ZDZ1FhTUJnd0NnWUlLd1lCQlFVSEF3RXdDZ1lJS3dZQkJRVUhBd0l3UFFZSkt3WUJCQUdDTnhVSEJEQXdMZ1ltS3dZQkJBR0NOeFVJaHBEakRZVFZ0SGlFOFlzLWhadmRGczZkRW9GZ2d2WDJLNFB5MFNBQ0FXUUNBUW93Z2dIYUJnZ3JCZ0VGQlFjQkFRU0NBY3d3Z2dISU1HWUdDQ3NHQVFVRkJ6QUNobHBvZEhSd09pOHZZM0pzTG0xcFkzSnZjMjltZEM1amIyMHZjR3RwYVc1bWNtRXZRMlZ5ZEhNdlFsa3lVRXRKU1U1VVEwRXdNUzVCVFVVdVIwSk1YMEZOUlNVeU1FbE9SbEpCSlRJd1EwRWxNakF3TVNnMEtTNWpjblF3VmdZSUt3WUJCUVVITUFLR1NtaDBkSEE2THk5amNtd3hMbUZ0WlM1blltd3ZZV2xoTDBKWk1sQkxTVWxPVkVOQk1ERXVRVTFGTGtkQ1RGOUJUVVVsTWpCSlRrWlNRU1V5TUVOQkpUSXdNREVvTkNrdVkzSjBNRllHQ0NzR0FRVUZCekFDaGtwb2RIUndPaTh2WTNKc01pNWhiV1V1WjJKc0wyRnBZUzlDV1RKUVMwbEpUbFJEUVRBeExrRk5SUzVIUWt4ZlFVMUZKVEl3U1U1R1VrRWxNakJEUVNVeU1EQXhLRFFwTG1OeWREQldCZ2dyQmdFRkJRY3dBb1pLYUhSMGNEb3ZMMk55YkRNdVlXMWxMbWRpYkM5aGFXRXZRbGt5VUV0SlNVNVVRMEV3TVM1QlRVVXVSMEpNWDBGTlJTVXlNRWxPUmxKQkpUSXdRMEVsTWpBd01TZzBLUzVqY25Rd1ZnWUlLd1lCQlFVSE1BS0dTbWgwZEhBNkx5OWpjbXcwTG1GdFpTNW5ZbXd2WVdsaEwwSlpNbEJMU1VsT1ZFTkJNREV1UVUxRkxrZENURjlCVFVVbE1qQkpUa1pTUVNVeU1FTkJKVEl3TURFb05Da3VZM0owTUIwR0ExVWREZ1FXQkJTTnRhNk93NjgwazZhcF9vXzNaS2QwQnVrSlFUQU9CZ05WSFE4QkFmOEVCQU1DQmFBd2dnRTFCZ05WSFI4RWdnRXNNSUlCS0RDQ0FTU2dnZ0Vnb0lJQkhJWkNhSFIwY0RvdkwyTnliQzV0YVdOeWIzTnZablF1WTI5dEwzQnJhV2x1Wm5KaEwwTlNUQzlCVFVVbE1qQkpUa1pTUVNVeU1FTkJKVEl3TURFb05Da3VZM0pzaGpSb2RIUndPaTh2WTNKc01TNWhiV1V1WjJKc0wyTnliQzlCVFVVbE1qQkpUa1pTUVNVeU1FTkJKVEl3TURFb05Da3VZM0pzaGpSb2RIUndPaTh2WTNKc01pNWhiV1V1WjJKc0wyTnliQzlCVFVVbE1qQkpUa1pTUVNVeU1FTkJKVEl3TURFb05Da3VZM0pzaGpSb2RIUndPaTh2WTNKc015NWhiV1V1WjJKc0wyTnliQzlCVFVVbE1qQkpUa1pTUVNVeU1FTkJKVEl3TURFb05Da3VZM0pzaGpSb2RIUndPaTh2WTNKc05DNWhiV1V1WjJKc0wyTnliQzlCVFVVbE1qQkpUa1pTUVNVeU1FTkJKVEl3TURFb05Da3VZM0pzTUJjR0ExVWRJQVFRTUE0d0RBWUtLd1lCQkFHQ04zc0JBVEFmQmdOVkhTTUVHREFXZ0JUbDJadG5fUGpzdXJ2d3dLaWRpbGVJdWQ4LVl6QWRCZ05WSFNVRUZqQVVCZ2dyQmdFRkJRY0RBUVlJS3dZQkJRVUhBd0l3RFFZSktvWklodmNOQVFFTEJRQURnZ0VCQUpmaHFpZ0lTU0ZrcDVHNXNISWc3c2hxZ3Ewbk11NFprckZ5dEtZb2o5bnlJa2JwNXdTMlMyU254QXBiazZER2ZDb3BlVzJiVC00MUx1QUJ4cnBIaElueGRRUndjNGhmTmtWZzVrNDhqYlNrYVA0Um5ZNTJWVDcwa0gydm5nRzN6RGNwZGxfVWR0WGo1cUN6RWZmSFYyWjN6Ynp2OXJ3ODYwalpJd2taNVZHbW9ZbzlnaEhYb1lYNWxROXBtMFQtTTdHaFcwNzhnR2phampHSi1lUjVDUTRmZm5SNWtCSlJWZTFCX1MtbmZha0NxRUxkZkRld2lPNjQta18tOFJBc0hJNzV2VW5JNlNfUlFmYTBHYWg2MHdBd09YWFhHUnpTYi1tNXR2S0lncVZiNDZNUHA5cksxSGd3Y1VrdmtfTWVvSTJYdFhVTl9TVzJ1UlhDRnA5VV9QbyZzPVFQUU1wMDNJMWRDejF1ZUM0V1VxTzlEZHRoRGtYTkpDZ2pnalRQZ28wODJDdjBDZHpvU042M1E5bk42TGdZX3hyajdQd3A0WXV6dzZzYTZlcDB1TjcxR2d2dGdJMnc0VEtTa0hrZnpZbjBwY01jTERINml1LVkySWtBdHkwVzJpOVJiM2xscWI2YWJ5ZWh0YnBzVWNmT2ZpSUhfaW5WWWpvYXlfWnJXUDJ0VGlHdkxwMG81WXpwekdSY1BQU3RMLUU3OGhFX1RQa1VNczE4c2tjb18xYThnWENzczhFQ2p1UFBQeEhZWXFmek9NQU1WTkdrRE8wS3JEUWpWdDlCQUJVYjk2LXhfY2tnaklONmc5a1o3akltY0Zzd0k1R3AtdUVVSWJKUHhPR3puRXJoV0tqc3lVSXdFUC1sS2tPb2c0Uk5UVjhXV3lhaThtY3k4a00tZU14USZoPTNvcGYxal9welhwSkx4UGpNbWJoQjRVbnFiTExTa19lQnVrS1o1VDY5cDQ=",
      "RequestMethod": "GET",
      "RequestHeaders": {
        "User-Agent": [
          "FxVersion/6.0.2323.48002",
          "OSName/Windows",
          "OSVersion/Microsoft.Windows.10.0.22621",
          "Microsoft.Azure.Management.Internal.Resources.ResourceManagementClient/1.3.86"
        ]
      },
      "RequestBody": "",
      "ResponseHeaders": {
        "Cache-Control": [
          "no-cache"
        ],
        "Pragma": [
          "no-cache"
        ],
        "Location": [
          "https://eastus2euap.management.azure.com/subscriptions/ee787b9b-a25f-4d20-86e9-45fcea5253dd/operationresults/eyJqb2JJZCI6IlJFU09VUkNFR1JPVVBERUxFVElPTkpPQi1QUzkwNTctRUFTVFVTMkVVQVAiLCJqb2JMb2NhdGlvbiI6ImVhc3R1czJldWFwIn0?api-version=2016-09-01&t=638333748042654089&c=MIIHHjCCBgagAwIBAgITOgHct7O3aN_KxDKNJwAEAdy3szANBgkqhkiG9w0BAQsFADBEMRMwEQYKCZImiZPyLGQBGRYDR0JMMRMwEQYKCZImiZPyLGQBGRYDQU1FMRgwFgYDVQQDEw9BTUUgSU5GUkEgQ0EgMDEwHhcNMjMwODAyMDc1ODI0WhcNMjQwNzI3MDc1ODI0WjBAMT4wPAYDVQQDEzVhc3luY29wZXJhdGlvbnNpZ25pbmdjZXJ0aWZpY2F0ZS5tYW5hZ2VtZW50LmF6dXJlLmNvbTCCASIwDQYJKoZIhvcNAQEBBQADggEPADCCAQoCggEBALgLnSbzEbFP5vuRFjPkIRVhgz-iw8NSD7e9KiRk9joLl4YrnC0aSuKwshRe9v_Gl--CqxXgkcpCrfdylaxeXPCqPbSAySW8ZXeSDzD35sq_pFnpKhucgB99Ge-e1unJgvYfJTi3-ri0oDMpryPjlj-DSAQ7LPz35cKSbzFYKu3mynC6wWObzCuwGt5qbJ4uxeqzSw_EaLK0-6awwn50lVsKnZtiZhdfHXDKKLap7dLAww0CM1k9FmqGvlSPIwLevHqzTzDqw1Z7aqoRUH_sezhZxKvKw2KKL0h73J1uStBKaiwxPh-9JrGtrp5emkNsj2V-tuOQ7sam3Z3urFRWBZECAwEAAaOCBAswggQHMCcGCSsGAQQBgjcVCgQaMBgwCgYIKwYBBQUHAwEwCgYIKwYBBQUHAwIwPQYJKwYBBAGCNxUHBDAwLgYmKwYBBAGCNxUIhpDjDYTVtHiE8Ys-hZvdFs6dEoFggvX2K4Py0SACAWQCAQowggHaBggrBgEFBQcBAQSCAcwwggHIMGYGCCsGAQUFBzAChlpodHRwOi8vY3JsLm1pY3Jvc29mdC5jb20vcGtpaW5mcmEvQ2VydHMvQlkyUEtJSU5UQ0EwMS5BTUUuR0JMX0FNRSUyMElORlJBJTIwQ0ElMjAwMSg0KS5jcnQwVgYIKwYBBQUHMAKGSmh0dHA6Ly9jcmwxLmFtZS5nYmwvYWlhL0JZMlBLSUlOVENBMDEuQU1FLkdCTF9BTUUlMjBJTkZSQSUyMENBJTIwMDEoNCkuY3J0MFYGCCsGAQUFBzAChkpodHRwOi8vY3JsMi5hbWUuZ2JsL2FpYS9CWTJQS0lJTlRDQTAxLkFNRS5HQkxfQU1FJTIwSU5GUkElMjBDQSUyMDAxKDQpLmNydDBWBggrBgEFBQcwAoZKaHR0cDovL2NybDMuYW1lLmdibC9haWEvQlkyUEtJSU5UQ0EwMS5BTUUuR0JMX0FNRSUyMElORlJBJTIwQ0ElMjAwMSg0KS5jcnQwVgYIKwYBBQUHMAKGSmh0dHA6Ly9jcmw0LmFtZS5nYmwvYWlhL0JZMlBLSUlOVENBMDEuQU1FLkdCTF9BTUUlMjBJTkZSQSUyMENBJTIwMDEoNCkuY3J0MB0GA1UdDgQWBBSNta6Ow680k6ap_o_3ZKd0BukJQTAOBgNVHQ8BAf8EBAMCBaAwggE1BgNVHR8EggEsMIIBKDCCASSgggEgoIIBHIZCaHR0cDovL2NybC5taWNyb3NvZnQuY29tL3BraWluZnJhL0NSTC9BTUUlMjBJTkZSQSUyMENBJTIwMDEoNCkuY3JshjRodHRwOi8vY3JsMS5hbWUuZ2JsL2NybC9BTUUlMjBJTkZSQSUyMENBJTIwMDEoNCkuY3JshjRodHRwOi8vY3JsMi5hbWUuZ2JsL2NybC9BTUUlMjBJTkZSQSUyMENBJTIwMDEoNCkuY3JshjRodHRwOi8vY3JsMy5hbWUuZ2JsL2NybC9BTUUlMjBJTkZSQSUyMENBJTIwMDEoNCkuY3JshjRodHRwOi8vY3JsNC5hbWUuZ2JsL2NybC9BTUUlMjBJTkZSQSUyMENBJTIwMDEoNCkuY3JsMBcGA1UdIAQQMA4wDAYKKwYBBAGCN3sBATAfBgNVHSMEGDAWgBTl2Ztn_PjsurvwwKidileIud8-YzAdBgNVHSUEFjAUBggrBgEFBQcDAQYIKwYBBQUHAwIwDQYJKoZIhvcNAQELBQADggEBAJfhqigISSFkp5G5sHIg7shqgq0nMu4ZkrFytKYoj9nyIkbp5wS2S2SnxApbk6DGfCopeW2bT-41LuABxrpHhInxdQRwc4hfNkVg5k48jbSkaP4RnY52VT70kH2vngG3zDcpdl_UdtXj5qCzEffHV2Z3zbzv9rw860jZIwkZ5VGmoYo9ghHXoYX5lQ9pm0T-M7GhW078gGjajjGJ-eR5CQ4ffnR5kBJRVe1B_S-nfakCqELdfDewiO64-k_-8RAsHI75vUnI6S_RQfa0Gah60wAwOXXXGRzSb-m5tvKIgqVb46MPp9rK1HgwcUkvk_MeoI2XtXUN_SW2uRXCFp9U_Po&s=OBEbt7iLMWQ0EweQ-SG40GrZyuYp4CLPt5pUr2zGPLcdHfwAaSxkslcNXs20quyFtlqPQh4qTZ8WHJyUOxElOFwhJjoEwz1C7C9k4-9FqE7nG4LH3RIhVOffkvq_LLYFGJ3_mRDhnFENlS-Eu2wXCELNPPBaFNI5NkFjUFrOLfjze5MvfnI27r-fSkJp91YtjQcX6O7wsHhquYE3fAIFkrnbKKMiDg1lJDf9gjSAiYtdyQr5oOsdkKI5W2Xa2wssfgqxjlQLEEaz6IdeVLtaIOBVAYH9HK51lww-cn03yRUq-vD2OKENGBVpj6kCdBvl8gHcqJjvPSE6fDey2-xVtA&h=Vdx6j_I4C-XktHFsRBmGkjcd91vjDnqlKrmHBQyLtY8"
        ],
        "Retry-After": [
          "15"
        ],
        "x-ms-ratelimit-remaining-subscription-reads": [
          "11955"
        ],
        "x-ms-request-id": [
          "5f9a2a87-c959-4c88-b982-415f36a88bb6"
        ],
        "x-ms-correlation-request-id": [
          "5f9a2a87-c959-4c88-b982-415f36a88bb6"
        ],
        "x-ms-routing-request-id": [
          "EASTUS2EUAP:20231020T050004Z:5f9a2a87-c959-4c88-b982-415f36a88bb6"
        ],
        "Strict-Transport-Security": [
          "max-age=31536000; includeSubDomains"
        ],
        "X-Content-Type-Options": [
          "nosniff"
        ],
        "Date": [
          "Fri, 20 Oct 2023 05:00:03 GMT"
        ],
        "Expires": [
          "-1"
        ],
        "Content-Length": [
          "0"
        ]
      },
      "ResponseBody": "",
      "StatusCode": 202
    },
    {
      "RequestUri": "/subscriptions/ee787b9b-a25f-4d20-86e9-45fcea5253dd/operationresults/eyJqb2JJZCI6IlJFU09VUkNFR1JPVVBERUxFVElPTkpPQi1QUzkwNTctRUFTVFVTMkVVQVAiLCJqb2JMb2NhdGlvbiI6ImVhc3R1czJldWFwIn0?api-version=2016-09-01&t=638333748042654089&c=MIIHHjCCBgagAwIBAgITOgHct7O3aN_KxDKNJwAEAdy3szANBgkqhkiG9w0BAQsFADBEMRMwEQYKCZImiZPyLGQBGRYDR0JMMRMwEQYKCZImiZPyLGQBGRYDQU1FMRgwFgYDVQQDEw9BTUUgSU5GUkEgQ0EgMDEwHhcNMjMwODAyMDc1ODI0WhcNMjQwNzI3MDc1ODI0WjBAMT4wPAYDVQQDEzVhc3luY29wZXJhdGlvbnNpZ25pbmdjZXJ0aWZpY2F0ZS5tYW5hZ2VtZW50LmF6dXJlLmNvbTCCASIwDQYJKoZIhvcNAQEBBQADggEPADCCAQoCggEBALgLnSbzEbFP5vuRFjPkIRVhgz-iw8NSD7e9KiRk9joLl4YrnC0aSuKwshRe9v_Gl--CqxXgkcpCrfdylaxeXPCqPbSAySW8ZXeSDzD35sq_pFnpKhucgB99Ge-e1unJgvYfJTi3-ri0oDMpryPjlj-DSAQ7LPz35cKSbzFYKu3mynC6wWObzCuwGt5qbJ4uxeqzSw_EaLK0-6awwn50lVsKnZtiZhdfHXDKKLap7dLAww0CM1k9FmqGvlSPIwLevHqzTzDqw1Z7aqoRUH_sezhZxKvKw2KKL0h73J1uStBKaiwxPh-9JrGtrp5emkNsj2V-tuOQ7sam3Z3urFRWBZECAwEAAaOCBAswggQHMCcGCSsGAQQBgjcVCgQaMBgwCgYIKwYBBQUHAwEwCgYIKwYBBQUHAwIwPQYJKwYBBAGCNxUHBDAwLgYmKwYBBAGCNxUIhpDjDYTVtHiE8Ys-hZvdFs6dEoFggvX2K4Py0SACAWQCAQowggHaBggrBgEFBQcBAQSCAcwwggHIMGYGCCsGAQUFBzAChlpodHRwOi8vY3JsLm1pY3Jvc29mdC5jb20vcGtpaW5mcmEvQ2VydHMvQlkyUEtJSU5UQ0EwMS5BTUUuR0JMX0FNRSUyMElORlJBJTIwQ0ElMjAwMSg0KS5jcnQwVgYIKwYBBQUHMAKGSmh0dHA6Ly9jcmwxLmFtZS5nYmwvYWlhL0JZMlBLSUlOVENBMDEuQU1FLkdCTF9BTUUlMjBJTkZSQSUyMENBJTIwMDEoNCkuY3J0MFYGCCsGAQUFBzAChkpodHRwOi8vY3JsMi5hbWUuZ2JsL2FpYS9CWTJQS0lJTlRDQTAxLkFNRS5HQkxfQU1FJTIwSU5GUkElMjBDQSUyMDAxKDQpLmNydDBWBggrBgEFBQcwAoZKaHR0cDovL2NybDMuYW1lLmdibC9haWEvQlkyUEtJSU5UQ0EwMS5BTUUuR0JMX0FNRSUyMElORlJBJTIwQ0ElMjAwMSg0KS5jcnQwVgYIKwYBBQUHMAKGSmh0dHA6Ly9jcmw0LmFtZS5nYmwvYWlhL0JZMlBLSUlOVENBMDEuQU1FLkdCTF9BTUUlMjBJTkZSQSUyMENBJTIwMDEoNCkuY3J0MB0GA1UdDgQWBBSNta6Ow680k6ap_o_3ZKd0BukJQTAOBgNVHQ8BAf8EBAMCBaAwggE1BgNVHR8EggEsMIIBKDCCASSgggEgoIIBHIZCaHR0cDovL2NybC5taWNyb3NvZnQuY29tL3BraWluZnJhL0NSTC9BTUUlMjBJTkZSQSUyMENBJTIwMDEoNCkuY3JshjRodHRwOi8vY3JsMS5hbWUuZ2JsL2NybC9BTUUlMjBJTkZSQSUyMENBJTIwMDEoNCkuY3JshjRodHRwOi8vY3JsMi5hbWUuZ2JsL2NybC9BTUUlMjBJTkZSQSUyMENBJTIwMDEoNCkuY3JshjRodHRwOi8vY3JsMy5hbWUuZ2JsL2NybC9BTUUlMjBJTkZSQSUyMENBJTIwMDEoNCkuY3JshjRodHRwOi8vY3JsNC5hbWUuZ2JsL2NybC9BTUUlMjBJTkZSQSUyMENBJTIwMDEoNCkuY3JsMBcGA1UdIAQQMA4wDAYKKwYBBAGCN3sBATAfBgNVHSMEGDAWgBTl2Ztn_PjsurvwwKidileIud8-YzAdBgNVHSUEFjAUBggrBgEFBQcDAQYIKwYBBQUHAwIwDQYJKoZIhvcNAQELBQADggEBAJfhqigISSFkp5G5sHIg7shqgq0nMu4ZkrFytKYoj9nyIkbp5wS2S2SnxApbk6DGfCopeW2bT-41LuABxrpHhInxdQRwc4hfNkVg5k48jbSkaP4RnY52VT70kH2vngG3zDcpdl_UdtXj5qCzEffHV2Z3zbzv9rw860jZIwkZ5VGmoYo9ghHXoYX5lQ9pm0T-M7GhW078gGjajjGJ-eR5CQ4ffnR5kBJRVe1B_S-nfakCqELdfDewiO64-k_-8RAsHI75vUnI6S_RQfa0Gah60wAwOXXXGRzSb-m5tvKIgqVb46MPp9rK1HgwcUkvk_MeoI2XtXUN_SW2uRXCFp9U_Po&s=OBEbt7iLMWQ0EweQ-SG40GrZyuYp4CLPt5pUr2zGPLcdHfwAaSxkslcNXs20quyFtlqPQh4qTZ8WHJyUOxElOFwhJjoEwz1C7C9k4-9FqE7nG4LH3RIhVOffkvq_LLYFGJ3_mRDhnFENlS-Eu2wXCELNPPBaFNI5NkFjUFrOLfjze5MvfnI27r-fSkJp91YtjQcX6O7wsHhquYE3fAIFkrnbKKMiDg1lJDf9gjSAiYtdyQr5oOsdkKI5W2Xa2wssfgqxjlQLEEaz6IdeVLtaIOBVAYH9HK51lww-cn03yRUq-vD2OKENGBVpj6kCdBvl8gHcqJjvPSE6fDey2-xVtA&h=Vdx6j_I4C-XktHFsRBmGkjcd91vjDnqlKrmHBQyLtY8",
      "EncodedRequestUri": "L3N1YnNjcmlwdGlvbnMvZWU3ODdiOWItYTI1Zi00ZDIwLTg2ZTktNDVmY2VhNTI1M2RkL29wZXJhdGlvbnJlc3VsdHMvZXlKcWIySkpaQ0k2SWxKRlUwOVZVa05GUjFKUFZWQkVSVXhGVkVsUFRrcFBRaTFRVXprd05UY3RSVUZUVkZWVE1rVlZRVkFpTENKcWIySk1iMk5oZEdsdmJpSTZJbVZoYzNSMWN6SmxkV0Z3SW4wP2FwaS12ZXJzaW9uPTIwMTYtMDktMDEmdD02MzgzMzM3NDgwNDI2NTQwODkmYz1NSUlISGpDQ0JnYWdBd0lCQWdJVE9nSGN0N08zYU5fS3hES05Kd0FFQWR5M3N6QU5CZ2txaGtpRzl3MEJBUXNGQURCRU1STXdFUVlLQ1pJbWlaUHlMR1FCR1JZRFIwSk1NUk13RVFZS0NaSW1pWlB5TEdRQkdSWURRVTFGTVJnd0ZnWURWUVFERXc5QlRVVWdTVTVHVWtFZ1EwRWdNREV3SGhjTk1qTXdPREF5TURjMU9ESTBXaGNOTWpRd056STNNRGMxT0RJMFdqQkFNVDR3UEFZRFZRUURFelZoYzNsdVkyOXdaWEpoZEdsdmJuTnBaMjVwYm1kalpYSjBhV1pwWTJGMFpTNXRZVzVoWjJWdFpXNTBMbUY2ZFhKbExtTnZiVENDQVNJd0RRWUpLb1pJaHZjTkFRRUJCUUFEZ2dFUEFEQ0NBUW9DZ2dFQkFMZ0xuU2J6RWJGUDV2dVJGalBrSVJWaGd6LWl3OE5TRDdlOUtpUms5am9MbDRZcm5DMGFTdUt3c2hSZTl2X0dsLS1DcXhYZ2tjcENyZmR5bGF4ZVhQQ3FQYlNBeVNXOFpYZVNEekQzNXNxX3BGbnBLaHVjZ0I5OUdlLWUxdW5KZ3ZZZkpUaTMtcmkwb0RNcHJ5UGpsai1EU0FRN0xQejM1Y0tTYnpGWUt1M215bkM2d1dPYnpDdXdHdDVxYko0dXhlcXpTd19FYUxLMC02YXd3bjUwbFZzS25adGlaaGRmSFhES0tMYXA3ZExBd3cwQ00xazlGbXFHdmxTUEl3TGV2SHF6VHpEcXcxWjdhcW9SVUhfc2V6aFp4S3ZLdzJLS0wwaDczSjF1U3RCS2Fpd3hQaC05SnJHdHJwNWVta05zajJWLXR1T1E3c2FtM1ozdXJGUldCWkVDQXdFQUFhT0NCQXN3Z2dRSE1DY0dDU3NHQVFRQmdqY1ZDZ1FhTUJnd0NnWUlLd1lCQlFVSEF3RXdDZ1lJS3dZQkJRVUhBd0l3UFFZSkt3WUJCQUdDTnhVSEJEQXdMZ1ltS3dZQkJBR0NOeFVJaHBEakRZVFZ0SGlFOFlzLWhadmRGczZkRW9GZ2d2WDJLNFB5MFNBQ0FXUUNBUW93Z2dIYUJnZ3JCZ0VGQlFjQkFRU0NBY3d3Z2dISU1HWUdDQ3NHQVFVRkJ6QUNobHBvZEhSd09pOHZZM0pzTG0xcFkzSnZjMjltZEM1amIyMHZjR3RwYVc1bWNtRXZRMlZ5ZEhNdlFsa3lVRXRKU1U1VVEwRXdNUzVCVFVVdVIwSk1YMEZOUlNVeU1FbE9SbEpCSlRJd1EwRWxNakF3TVNnMEtTNWpjblF3VmdZSUt3WUJCUVVITUFLR1NtaDBkSEE2THk5amNtd3hMbUZ0WlM1blltd3ZZV2xoTDBKWk1sQkxTVWxPVkVOQk1ERXVRVTFGTGtkQ1RGOUJUVVVsTWpCSlRrWlNRU1V5TUVOQkpUSXdNREVvTkNrdVkzSjBNRllHQ0NzR0FRVUZCekFDaGtwb2RIUndPaTh2WTNKc01pNWhiV1V1WjJKc0wyRnBZUzlDV1RKUVMwbEpUbFJEUVRBeExrRk5SUzVIUWt4ZlFVMUZKVEl3U1U1R1VrRWxNakJEUVNVeU1EQXhLRFFwTG1OeWREQldCZ2dyQmdFRkJRY3dBb1pLYUhSMGNEb3ZMMk55YkRNdVlXMWxMbWRpYkM5aGFXRXZRbGt5VUV0SlNVNVVRMEV3TVM1QlRVVXVSMEpNWDBGTlJTVXlNRWxPUmxKQkpUSXdRMEVsTWpBd01TZzBLUzVqY25Rd1ZnWUlLd1lCQlFVSE1BS0dTbWgwZEhBNkx5OWpjbXcwTG1GdFpTNW5ZbXd2WVdsaEwwSlpNbEJMU1VsT1ZFTkJNREV1UVUxRkxrZENURjlCVFVVbE1qQkpUa1pTUVNVeU1FTkJKVEl3TURFb05Da3VZM0owTUIwR0ExVWREZ1FXQkJTTnRhNk93NjgwazZhcF9vXzNaS2QwQnVrSlFUQU9CZ05WSFE4QkFmOEVCQU1DQmFBd2dnRTFCZ05WSFI4RWdnRXNNSUlCS0RDQ0FTU2dnZ0Vnb0lJQkhJWkNhSFIwY0RvdkwyTnliQzV0YVdOeWIzTnZablF1WTI5dEwzQnJhV2x1Wm5KaEwwTlNUQzlCVFVVbE1qQkpUa1pTUVNVeU1FTkJKVEl3TURFb05Da3VZM0pzaGpSb2RIUndPaTh2WTNKc01TNWhiV1V1WjJKc0wyTnliQzlCVFVVbE1qQkpUa1pTUVNVeU1FTkJKVEl3TURFb05Da3VZM0pzaGpSb2RIUndPaTh2WTNKc01pNWhiV1V1WjJKc0wyTnliQzlCVFVVbE1qQkpUa1pTUVNVeU1FTkJKVEl3TURFb05Da3VZM0pzaGpSb2RIUndPaTh2WTNKc015NWhiV1V1WjJKc0wyTnliQzlCVFVVbE1qQkpUa1pTUVNVeU1FTkJKVEl3TURFb05Da3VZM0pzaGpSb2RIUndPaTh2WTNKc05DNWhiV1V1WjJKc0wyTnliQzlCVFVVbE1qQkpUa1pTUVNVeU1FTkJKVEl3TURFb05Da3VZM0pzTUJjR0ExVWRJQVFRTUE0d0RBWUtLd1lCQkFHQ04zc0JBVEFmQmdOVkhTTUVHREFXZ0JUbDJadG5fUGpzdXJ2d3dLaWRpbGVJdWQ4LVl6QWRCZ05WSFNVRUZqQVVCZ2dyQmdFRkJRY0RBUVlJS3dZQkJRVUhBd0l3RFFZSktvWklodmNOQVFFTEJRQURnZ0VCQUpmaHFpZ0lTU0ZrcDVHNXNISWc3c2hxZ3Ewbk11NFprckZ5dEtZb2o5bnlJa2JwNXdTMlMyU254QXBiazZER2ZDb3BlVzJiVC00MUx1QUJ4cnBIaElueGRRUndjNGhmTmtWZzVrNDhqYlNrYVA0Um5ZNTJWVDcwa0gydm5nRzN6RGNwZGxfVWR0WGo1cUN6RWZmSFYyWjN6Ynp2OXJ3ODYwalpJd2taNVZHbW9ZbzlnaEhYb1lYNWxROXBtMFQtTTdHaFcwNzhnR2phampHSi1lUjVDUTRmZm5SNWtCSlJWZTFCX1MtbmZha0NxRUxkZkRld2lPNjQta18tOFJBc0hJNzV2VW5JNlNfUlFmYTBHYWg2MHdBd09YWFhHUnpTYi1tNXR2S0lncVZiNDZNUHA5cksxSGd3Y1VrdmtfTWVvSTJYdFhVTl9TVzJ1UlhDRnA5VV9QbyZzPU9CRWJ0N2lMTVdRMEV3ZVEtU0c0MEdyWnl1WXA0Q0xQdDVwVXIyekdQTGNkSGZ3QWFTeGtzbGNOWHMyMHF1eUZ0bHFQUWg0cVRaOFdISnlVT3hFbE9Gd2hKam9Fd3oxQzdDOWs0LTlGcUU3bkc0TEgzUkloVk9mZmt2cV9MTFlGR0ozX21SRGhuRkVObFMtRXUyd1hDRUxOUFBCYUZOSTVOa0ZqVUZyT0xmanplNU12Zm5JMjdyLWZTa0pwOTFZdGpRY1g2Tzd3c0hocXVZRTNmQUlGa3JuYktLTWlEZzFsSkRmOWdqU0FpWXRkeVFyNW9Pc2RrS0k1VzJYYTJ3c3NmZ3F4amxRTEVFYXo2SWRlVkx0YUlPQlZBWUg5SEs1MWx3dy1jbjAzeVJVcS12RDJPS0VOR0JWcGo2a0NkQnZsOGdIY3FKanZQU0U2ZkRleTIteFZ0QSZoPVZkeDZqX0k0Qy1Ya3RIRnNSQm1Ha2pjZDkxdmpEbnFsS3JtSEJReUx0WTg=",
      "RequestMethod": "GET",
      "RequestHeaders": {
        "User-Agent": [
          "FxVersion/6.0.2323.48002",
          "OSName/Windows",
          "OSVersion/Microsoft.Windows.10.0.22621",
          "Microsoft.Azure.Management.Internal.Resources.ResourceManagementClient/1.3.86"
        ]
      },
      "RequestBody": "",
      "ResponseHeaders": {
        "Cache-Control": [
          "no-cache"
        ],
        "Pragma": [
          "no-cache"
        ],
        "Location": [
          "https://eastus2euap.management.azure.com/subscriptions/ee787b9b-a25f-4d20-86e9-45fcea5253dd/operationresults/eyJqb2JJZCI6IlJFU09VUkNFR1JPVVBERUxFVElPTkpPQi1QUzkwNTctRUFTVFVTMkVVQVAiLCJqb2JMb2NhdGlvbiI6ImVhc3R1czJldWFwIn0?api-version=2016-09-01&t=638333748193442421&c=MIIHHjCCBgagAwIBAgITOgHct7O3aN_KxDKNJwAEAdy3szANBgkqhkiG9w0BAQsFADBEMRMwEQYKCZImiZPyLGQBGRYDR0JMMRMwEQYKCZImiZPyLGQBGRYDQU1FMRgwFgYDVQQDEw9BTUUgSU5GUkEgQ0EgMDEwHhcNMjMwODAyMDc1ODI0WhcNMjQwNzI3MDc1ODI0WjBAMT4wPAYDVQQDEzVhc3luY29wZXJhdGlvbnNpZ25pbmdjZXJ0aWZpY2F0ZS5tYW5hZ2VtZW50LmF6dXJlLmNvbTCCASIwDQYJKoZIhvcNAQEBBQADggEPADCCAQoCggEBALgLnSbzEbFP5vuRFjPkIRVhgz-iw8NSD7e9KiRk9joLl4YrnC0aSuKwshRe9v_Gl--CqxXgkcpCrfdylaxeXPCqPbSAySW8ZXeSDzD35sq_pFnpKhucgB99Ge-e1unJgvYfJTi3-ri0oDMpryPjlj-DSAQ7LPz35cKSbzFYKu3mynC6wWObzCuwGt5qbJ4uxeqzSw_EaLK0-6awwn50lVsKnZtiZhdfHXDKKLap7dLAww0CM1k9FmqGvlSPIwLevHqzTzDqw1Z7aqoRUH_sezhZxKvKw2KKL0h73J1uStBKaiwxPh-9JrGtrp5emkNsj2V-tuOQ7sam3Z3urFRWBZECAwEAAaOCBAswggQHMCcGCSsGAQQBgjcVCgQaMBgwCgYIKwYBBQUHAwEwCgYIKwYBBQUHAwIwPQYJKwYBBAGCNxUHBDAwLgYmKwYBBAGCNxUIhpDjDYTVtHiE8Ys-hZvdFs6dEoFggvX2K4Py0SACAWQCAQowggHaBggrBgEFBQcBAQSCAcwwggHIMGYGCCsGAQUFBzAChlpodHRwOi8vY3JsLm1pY3Jvc29mdC5jb20vcGtpaW5mcmEvQ2VydHMvQlkyUEtJSU5UQ0EwMS5BTUUuR0JMX0FNRSUyMElORlJBJTIwQ0ElMjAwMSg0KS5jcnQwVgYIKwYBBQUHMAKGSmh0dHA6Ly9jcmwxLmFtZS5nYmwvYWlhL0JZMlBLSUlOVENBMDEuQU1FLkdCTF9BTUUlMjBJTkZSQSUyMENBJTIwMDEoNCkuY3J0MFYGCCsGAQUFBzAChkpodHRwOi8vY3JsMi5hbWUuZ2JsL2FpYS9CWTJQS0lJTlRDQTAxLkFNRS5HQkxfQU1FJTIwSU5GUkElMjBDQSUyMDAxKDQpLmNydDBWBggrBgEFBQcwAoZKaHR0cDovL2NybDMuYW1lLmdibC9haWEvQlkyUEtJSU5UQ0EwMS5BTUUuR0JMX0FNRSUyMElORlJBJTIwQ0ElMjAwMSg0KS5jcnQwVgYIKwYBBQUHMAKGSmh0dHA6Ly9jcmw0LmFtZS5nYmwvYWlhL0JZMlBLSUlOVENBMDEuQU1FLkdCTF9BTUUlMjBJTkZSQSUyMENBJTIwMDEoNCkuY3J0MB0GA1UdDgQWBBSNta6Ow680k6ap_o_3ZKd0BukJQTAOBgNVHQ8BAf8EBAMCBaAwggE1BgNVHR8EggEsMIIBKDCCASSgggEgoIIBHIZCaHR0cDovL2NybC5taWNyb3NvZnQuY29tL3BraWluZnJhL0NSTC9BTUUlMjBJTkZSQSUyMENBJTIwMDEoNCkuY3JshjRodHRwOi8vY3JsMS5hbWUuZ2JsL2NybC9BTUUlMjBJTkZSQSUyMENBJTIwMDEoNCkuY3JshjRodHRwOi8vY3JsMi5hbWUuZ2JsL2NybC9BTUUlMjBJTkZSQSUyMENBJTIwMDEoNCkuY3JshjRodHRwOi8vY3JsMy5hbWUuZ2JsL2NybC9BTUUlMjBJTkZSQSUyMENBJTIwMDEoNCkuY3JshjRodHRwOi8vY3JsNC5hbWUuZ2JsL2NybC9BTUUlMjBJTkZSQSUyMENBJTIwMDEoNCkuY3JsMBcGA1UdIAQQMA4wDAYKKwYBBAGCN3sBATAfBgNVHSMEGDAWgBTl2Ztn_PjsurvwwKidileIud8-YzAdBgNVHSUEFjAUBggrBgEFBQcDAQYIKwYBBQUHAwIwDQYJKoZIhvcNAQELBQADggEBAJfhqigISSFkp5G5sHIg7shqgq0nMu4ZkrFytKYoj9nyIkbp5wS2S2SnxApbk6DGfCopeW2bT-41LuABxrpHhInxdQRwc4hfNkVg5k48jbSkaP4RnY52VT70kH2vngG3zDcpdl_UdtXj5qCzEffHV2Z3zbzv9rw860jZIwkZ5VGmoYo9ghHXoYX5lQ9pm0T-M7GhW078gGjajjGJ-eR5CQ4ffnR5kBJRVe1B_S-nfakCqELdfDewiO64-k_-8RAsHI75vUnI6S_RQfa0Gah60wAwOXXXGRzSb-m5tvKIgqVb46MPp9rK1HgwcUkvk_MeoI2XtXUN_SW2uRXCFp9U_Po&s=b_Aw04vuQqybxa0doPqcERjexLrOrl8hnsdz21DqDtq22mQf9KsPjUvc3R2ydLBmtGEyJpBGMBu8_KyoBjysk78QA9umtp5yDSOVoBEgdOvTxXOtS1wxma8Q-DOPMYzyMM4YogpJRu3WlxvNS5Jtm-84UHcsNUg5dUO1ajbv9qzVRxUapwHK2KyPcW7-A7TIHwhwzgn2McHtpKF-5xnffJtTaZ6zqRncBeD41N0bpOFgLQ3TmazmQ0WOkj0DPA3LaN5hT_rW3nRpSc8s5A6nr1M7Nwuv73HhluMD430xUAuRIw8wpXxBuIf1L9MLjEp9g5HDgjL1DUa9iAaNyHLa0Q&h=hJt2RZ0vZMcnmnfbLb92FAeA8sZwx9lLicHRL7zFC-M"
        ],
        "Retry-After": [
          "15"
        ],
        "x-ms-ratelimit-remaining-subscription-reads": [
          "11954"
        ],
        "x-ms-request-id": [
          "c7524942-84ee-4868-9705-e0dc5963c4ec"
        ],
        "x-ms-correlation-request-id": [
          "c7524942-84ee-4868-9705-e0dc5963c4ec"
        ],
        "x-ms-routing-request-id": [
          "EASTUS2EUAP:20231020T050019Z:c7524942-84ee-4868-9705-e0dc5963c4ec"
        ],
        "Strict-Transport-Security": [
          "max-age=31536000; includeSubDomains"
        ],
        "X-Content-Type-Options": [
          "nosniff"
        ],
        "Date": [
          "Fri, 20 Oct 2023 05:00:18 GMT"
        ],
        "Expires": [
          "-1"
        ],
        "Content-Length": [
          "0"
        ]
      },
      "ResponseBody": "",
      "StatusCode": 202
    },
    {
      "RequestUri": "/subscriptions/ee787b9b-a25f-4d20-86e9-45fcea5253dd/operationresults/eyJqb2JJZCI6IlJFU09VUkNFR1JPVVBERUxFVElPTkpPQi1QUzkwNTctRUFTVFVTMkVVQVAiLCJqb2JMb2NhdGlvbiI6ImVhc3R1czJldWFwIn0?api-version=2016-09-01&t=638333748193442421&c=MIIHHjCCBgagAwIBAgITOgHct7O3aN_KxDKNJwAEAdy3szANBgkqhkiG9w0BAQsFADBEMRMwEQYKCZImiZPyLGQBGRYDR0JMMRMwEQYKCZImiZPyLGQBGRYDQU1FMRgwFgYDVQQDEw9BTUUgSU5GUkEgQ0EgMDEwHhcNMjMwODAyMDc1ODI0WhcNMjQwNzI3MDc1ODI0WjBAMT4wPAYDVQQDEzVhc3luY29wZXJhdGlvbnNpZ25pbmdjZXJ0aWZpY2F0ZS5tYW5hZ2VtZW50LmF6dXJlLmNvbTCCASIwDQYJKoZIhvcNAQEBBQADggEPADCCAQoCggEBALgLnSbzEbFP5vuRFjPkIRVhgz-iw8NSD7e9KiRk9joLl4YrnC0aSuKwshRe9v_Gl--CqxXgkcpCrfdylaxeXPCqPbSAySW8ZXeSDzD35sq_pFnpKhucgB99Ge-e1unJgvYfJTi3-ri0oDMpryPjlj-DSAQ7LPz35cKSbzFYKu3mynC6wWObzCuwGt5qbJ4uxeqzSw_EaLK0-6awwn50lVsKnZtiZhdfHXDKKLap7dLAww0CM1k9FmqGvlSPIwLevHqzTzDqw1Z7aqoRUH_sezhZxKvKw2KKL0h73J1uStBKaiwxPh-9JrGtrp5emkNsj2V-tuOQ7sam3Z3urFRWBZECAwEAAaOCBAswggQHMCcGCSsGAQQBgjcVCgQaMBgwCgYIKwYBBQUHAwEwCgYIKwYBBQUHAwIwPQYJKwYBBAGCNxUHBDAwLgYmKwYBBAGCNxUIhpDjDYTVtHiE8Ys-hZvdFs6dEoFggvX2K4Py0SACAWQCAQowggHaBggrBgEFBQcBAQSCAcwwggHIMGYGCCsGAQUFBzAChlpodHRwOi8vY3JsLm1pY3Jvc29mdC5jb20vcGtpaW5mcmEvQ2VydHMvQlkyUEtJSU5UQ0EwMS5BTUUuR0JMX0FNRSUyMElORlJBJTIwQ0ElMjAwMSg0KS5jcnQwVgYIKwYBBQUHMAKGSmh0dHA6Ly9jcmwxLmFtZS5nYmwvYWlhL0JZMlBLSUlOVENBMDEuQU1FLkdCTF9BTUUlMjBJTkZSQSUyMENBJTIwMDEoNCkuY3J0MFYGCCsGAQUFBzAChkpodHRwOi8vY3JsMi5hbWUuZ2JsL2FpYS9CWTJQS0lJTlRDQTAxLkFNRS5HQkxfQU1FJTIwSU5GUkElMjBDQSUyMDAxKDQpLmNydDBWBggrBgEFBQcwAoZKaHR0cDovL2NybDMuYW1lLmdibC9haWEvQlkyUEtJSU5UQ0EwMS5BTUUuR0JMX0FNRSUyMElORlJBJTIwQ0ElMjAwMSg0KS5jcnQwVgYIKwYBBQUHMAKGSmh0dHA6Ly9jcmw0LmFtZS5nYmwvYWlhL0JZMlBLSUlOVENBMDEuQU1FLkdCTF9BTUUlMjBJTkZSQSUyMENBJTIwMDEoNCkuY3J0MB0GA1UdDgQWBBSNta6Ow680k6ap_o_3ZKd0BukJQTAOBgNVHQ8BAf8EBAMCBaAwggE1BgNVHR8EggEsMIIBKDCCASSgggEgoIIBHIZCaHR0cDovL2NybC5taWNyb3NvZnQuY29tL3BraWluZnJhL0NSTC9BTUUlMjBJTkZSQSUyMENBJTIwMDEoNCkuY3JshjRodHRwOi8vY3JsMS5hbWUuZ2JsL2NybC9BTUUlMjBJTkZSQSUyMENBJTIwMDEoNCkuY3JshjRodHRwOi8vY3JsMi5hbWUuZ2JsL2NybC9BTUUlMjBJTkZSQSUyMENBJTIwMDEoNCkuY3JshjRodHRwOi8vY3JsMy5hbWUuZ2JsL2NybC9BTUUlMjBJTkZSQSUyMENBJTIwMDEoNCkuY3JshjRodHRwOi8vY3JsNC5hbWUuZ2JsL2NybC9BTUUlMjBJTkZSQSUyMENBJTIwMDEoNCkuY3JsMBcGA1UdIAQQMA4wDAYKKwYBBAGCN3sBATAfBgNVHSMEGDAWgBTl2Ztn_PjsurvwwKidileIud8-YzAdBgNVHSUEFjAUBggrBgEFBQcDAQYIKwYBBQUHAwIwDQYJKoZIhvcNAQELBQADggEBAJfhqigISSFkp5G5sHIg7shqgq0nMu4ZkrFytKYoj9nyIkbp5wS2S2SnxApbk6DGfCopeW2bT-41LuABxrpHhInxdQRwc4hfNkVg5k48jbSkaP4RnY52VT70kH2vngG3zDcpdl_UdtXj5qCzEffHV2Z3zbzv9rw860jZIwkZ5VGmoYo9ghHXoYX5lQ9pm0T-M7GhW078gGjajjGJ-eR5CQ4ffnR5kBJRVe1B_S-nfakCqELdfDewiO64-k_-8RAsHI75vUnI6S_RQfa0Gah60wAwOXXXGRzSb-m5tvKIgqVb46MPp9rK1HgwcUkvk_MeoI2XtXUN_SW2uRXCFp9U_Po&s=b_Aw04vuQqybxa0doPqcERjexLrOrl8hnsdz21DqDtq22mQf9KsPjUvc3R2ydLBmtGEyJpBGMBu8_KyoBjysk78QA9umtp5yDSOVoBEgdOvTxXOtS1wxma8Q-DOPMYzyMM4YogpJRu3WlxvNS5Jtm-84UHcsNUg5dUO1ajbv9qzVRxUapwHK2KyPcW7-A7TIHwhwzgn2McHtpKF-5xnffJtTaZ6zqRncBeD41N0bpOFgLQ3TmazmQ0WOkj0DPA3LaN5hT_rW3nRpSc8s5A6nr1M7Nwuv73HhluMD430xUAuRIw8wpXxBuIf1L9MLjEp9g5HDgjL1DUa9iAaNyHLa0Q&h=hJt2RZ0vZMcnmnfbLb92FAeA8sZwx9lLicHRL7zFC-M",
      "EncodedRequestUri": "L3N1YnNjcmlwdGlvbnMvZWU3ODdiOWItYTI1Zi00ZDIwLTg2ZTktNDVmY2VhNTI1M2RkL29wZXJhdGlvbnJlc3VsdHMvZXlKcWIySkpaQ0k2SWxKRlUwOVZVa05GUjFKUFZWQkVSVXhGVkVsUFRrcFBRaTFRVXprd05UY3RSVUZUVkZWVE1rVlZRVkFpTENKcWIySk1iMk5oZEdsdmJpSTZJbVZoYzNSMWN6SmxkV0Z3SW4wP2FwaS12ZXJzaW9uPTIwMTYtMDktMDEmdD02MzgzMzM3NDgxOTM0NDI0MjEmYz1NSUlISGpDQ0JnYWdBd0lCQWdJVE9nSGN0N08zYU5fS3hES05Kd0FFQWR5M3N6QU5CZ2txaGtpRzl3MEJBUXNGQURCRU1STXdFUVlLQ1pJbWlaUHlMR1FCR1JZRFIwSk1NUk13RVFZS0NaSW1pWlB5TEdRQkdSWURRVTFGTVJnd0ZnWURWUVFERXc5QlRVVWdTVTVHVWtFZ1EwRWdNREV3SGhjTk1qTXdPREF5TURjMU9ESTBXaGNOTWpRd056STNNRGMxT0RJMFdqQkFNVDR3UEFZRFZRUURFelZoYzNsdVkyOXdaWEpoZEdsdmJuTnBaMjVwYm1kalpYSjBhV1pwWTJGMFpTNXRZVzVoWjJWdFpXNTBMbUY2ZFhKbExtTnZiVENDQVNJd0RRWUpLb1pJaHZjTkFRRUJCUUFEZ2dFUEFEQ0NBUW9DZ2dFQkFMZ0xuU2J6RWJGUDV2dVJGalBrSVJWaGd6LWl3OE5TRDdlOUtpUms5am9MbDRZcm5DMGFTdUt3c2hSZTl2X0dsLS1DcXhYZ2tjcENyZmR5bGF4ZVhQQ3FQYlNBeVNXOFpYZVNEekQzNXNxX3BGbnBLaHVjZ0I5OUdlLWUxdW5KZ3ZZZkpUaTMtcmkwb0RNcHJ5UGpsai1EU0FRN0xQejM1Y0tTYnpGWUt1M215bkM2d1dPYnpDdXdHdDVxYko0dXhlcXpTd19FYUxLMC02YXd3bjUwbFZzS25adGlaaGRmSFhES0tMYXA3ZExBd3cwQ00xazlGbXFHdmxTUEl3TGV2SHF6VHpEcXcxWjdhcW9SVUhfc2V6aFp4S3ZLdzJLS0wwaDczSjF1U3RCS2Fpd3hQaC05SnJHdHJwNWVta05zajJWLXR1T1E3c2FtM1ozdXJGUldCWkVDQXdFQUFhT0NCQXN3Z2dRSE1DY0dDU3NHQVFRQmdqY1ZDZ1FhTUJnd0NnWUlLd1lCQlFVSEF3RXdDZ1lJS3dZQkJRVUhBd0l3UFFZSkt3WUJCQUdDTnhVSEJEQXdMZ1ltS3dZQkJBR0NOeFVJaHBEakRZVFZ0SGlFOFlzLWhadmRGczZkRW9GZ2d2WDJLNFB5MFNBQ0FXUUNBUW93Z2dIYUJnZ3JCZ0VGQlFjQkFRU0NBY3d3Z2dISU1HWUdDQ3NHQVFVRkJ6QUNobHBvZEhSd09pOHZZM0pzTG0xcFkzSnZjMjltZEM1amIyMHZjR3RwYVc1bWNtRXZRMlZ5ZEhNdlFsa3lVRXRKU1U1VVEwRXdNUzVCVFVVdVIwSk1YMEZOUlNVeU1FbE9SbEpCSlRJd1EwRWxNakF3TVNnMEtTNWpjblF3VmdZSUt3WUJCUVVITUFLR1NtaDBkSEE2THk5amNtd3hMbUZ0WlM1blltd3ZZV2xoTDBKWk1sQkxTVWxPVkVOQk1ERXVRVTFGTGtkQ1RGOUJUVVVsTWpCSlRrWlNRU1V5TUVOQkpUSXdNREVvTkNrdVkzSjBNRllHQ0NzR0FRVUZCekFDaGtwb2RIUndPaTh2WTNKc01pNWhiV1V1WjJKc0wyRnBZUzlDV1RKUVMwbEpUbFJEUVRBeExrRk5SUzVIUWt4ZlFVMUZKVEl3U1U1R1VrRWxNakJEUVNVeU1EQXhLRFFwTG1OeWREQldCZ2dyQmdFRkJRY3dBb1pLYUhSMGNEb3ZMMk55YkRNdVlXMWxMbWRpYkM5aGFXRXZRbGt5VUV0SlNVNVVRMEV3TVM1QlRVVXVSMEpNWDBGTlJTVXlNRWxPUmxKQkpUSXdRMEVsTWpBd01TZzBLUzVqY25Rd1ZnWUlLd1lCQlFVSE1BS0dTbWgwZEhBNkx5OWpjbXcwTG1GdFpTNW5ZbXd2WVdsaEwwSlpNbEJMU1VsT1ZFTkJNREV1UVUxRkxrZENURjlCVFVVbE1qQkpUa1pTUVNVeU1FTkJKVEl3TURFb05Da3VZM0owTUIwR0ExVWREZ1FXQkJTTnRhNk93NjgwazZhcF9vXzNaS2QwQnVrSlFUQU9CZ05WSFE4QkFmOEVCQU1DQmFBd2dnRTFCZ05WSFI4RWdnRXNNSUlCS0RDQ0FTU2dnZ0Vnb0lJQkhJWkNhSFIwY0RvdkwyTnliQzV0YVdOeWIzTnZablF1WTI5dEwzQnJhV2x1Wm5KaEwwTlNUQzlCVFVVbE1qQkpUa1pTUVNVeU1FTkJKVEl3TURFb05Da3VZM0pzaGpSb2RIUndPaTh2WTNKc01TNWhiV1V1WjJKc0wyTnliQzlCVFVVbE1qQkpUa1pTUVNVeU1FTkJKVEl3TURFb05Da3VZM0pzaGpSb2RIUndPaTh2WTNKc01pNWhiV1V1WjJKc0wyTnliQzlCVFVVbE1qQkpUa1pTUVNVeU1FTkJKVEl3TURFb05Da3VZM0pzaGpSb2RIUndPaTh2WTNKc015NWhiV1V1WjJKc0wyTnliQzlCVFVVbE1qQkpUa1pTUVNVeU1FTkJKVEl3TURFb05Da3VZM0pzaGpSb2RIUndPaTh2WTNKc05DNWhiV1V1WjJKc0wyTnliQzlCVFVVbE1qQkpUa1pTUVNVeU1FTkJKVEl3TURFb05Da3VZM0pzTUJjR0ExVWRJQVFRTUE0d0RBWUtLd1lCQkFHQ04zc0JBVEFmQmdOVkhTTUVHREFXZ0JUbDJadG5fUGpzdXJ2d3dLaWRpbGVJdWQ4LVl6QWRCZ05WSFNVRUZqQVVCZ2dyQmdFRkJRY0RBUVlJS3dZQkJRVUhBd0l3RFFZSktvWklodmNOQVFFTEJRQURnZ0VCQUpmaHFpZ0lTU0ZrcDVHNXNISWc3c2hxZ3Ewbk11NFprckZ5dEtZb2o5bnlJa2JwNXdTMlMyU254QXBiazZER2ZDb3BlVzJiVC00MUx1QUJ4cnBIaElueGRRUndjNGhmTmtWZzVrNDhqYlNrYVA0Um5ZNTJWVDcwa0gydm5nRzN6RGNwZGxfVWR0WGo1cUN6RWZmSFYyWjN6Ynp2OXJ3ODYwalpJd2taNVZHbW9ZbzlnaEhYb1lYNWxROXBtMFQtTTdHaFcwNzhnR2phampHSi1lUjVDUTRmZm5SNWtCSlJWZTFCX1MtbmZha0NxRUxkZkRld2lPNjQta18tOFJBc0hJNzV2VW5JNlNfUlFmYTBHYWg2MHdBd09YWFhHUnpTYi1tNXR2S0lncVZiNDZNUHA5cksxSGd3Y1VrdmtfTWVvSTJYdFhVTl9TVzJ1UlhDRnA5VV9QbyZzPWJfQXcwNHZ1UXF5YnhhMGRvUHFjRVJqZXhMck9ybDhobnNkejIxRHFEdHEyMm1RZjlLc1BqVXZjM1IyeWRMQm10R0V5SnBCR01CdThfS3lvQmp5c2s3OFFBOXVtdHA1eURTT1ZvQkVnZE92VHhYT3RTMXd4bWE4US1ET1BNWXp5TU00WW9ncEpSdTNXbHh2TlM1SnRtLTg0VUhjc05VZzVkVU8xYWpidjlxelZSeFVhcHdISzJLeVBjVzctQTdUSUh3aHd6Z24yTWNIdHBLRi01eG5mZkp0VGFaNnpxUm5jQmVENDFOMGJwT0ZnTFEzVG1hem1RMFdPa2owRFBBM0xhTjVoVF9yVzNuUnBTYzhzNUE2bnIxTTdOd3V2NzNIaGx1TUQ0MzB4VUF1Ukl3OHdwWHhCdUlmMUw5TUxqRXA5ZzVIRGdqTDFEVWE5aUFhTnlITGEwUSZoPWhKdDJSWjB2Wk1jbm1uZmJMYjkyRkFlQThzWnd4OWxMaWNIUkw3ekZDLU0=",
      "RequestMethod": "GET",
      "RequestHeaders": {
        "User-Agent": [
          "FxVersion/6.0.2323.48002",
          "OSName/Windows",
          "OSVersion/Microsoft.Windows.10.0.22621",
          "Microsoft.Azure.Management.Internal.Resources.ResourceManagementClient/1.3.86"
        ]
      },
      "RequestBody": "",
      "ResponseHeaders": {
        "Cache-Control": [
          "no-cache"
        ],
        "Pragma": [
          "no-cache"
        ],
        "Location": [
          "https://eastus2euap.management.azure.com/subscriptions/ee787b9b-a25f-4d20-86e9-45fcea5253dd/operationresults/eyJqb2JJZCI6IlJFU09VUkNFR1JPVVBERUxFVElPTkpPQi1QUzkwNTctRUFTVFVTMkVVQVAiLCJqb2JMb2NhdGlvbiI6ImVhc3R1czJldWFwIn0?api-version=2016-09-01&t=638333748344376820&c=MIIHHjCCBgagAwIBAgITOgHct7O3aN_KxDKNJwAEAdy3szANBgkqhkiG9w0BAQsFADBEMRMwEQYKCZImiZPyLGQBGRYDR0JMMRMwEQYKCZImiZPyLGQBGRYDQU1FMRgwFgYDVQQDEw9BTUUgSU5GUkEgQ0EgMDEwHhcNMjMwODAyMDc1ODI0WhcNMjQwNzI3MDc1ODI0WjBAMT4wPAYDVQQDEzVhc3luY29wZXJhdGlvbnNpZ25pbmdjZXJ0aWZpY2F0ZS5tYW5hZ2VtZW50LmF6dXJlLmNvbTCCASIwDQYJKoZIhvcNAQEBBQADggEPADCCAQoCggEBALgLnSbzEbFP5vuRFjPkIRVhgz-iw8NSD7e9KiRk9joLl4YrnC0aSuKwshRe9v_Gl--CqxXgkcpCrfdylaxeXPCqPbSAySW8ZXeSDzD35sq_pFnpKhucgB99Ge-e1unJgvYfJTi3-ri0oDMpryPjlj-DSAQ7LPz35cKSbzFYKu3mynC6wWObzCuwGt5qbJ4uxeqzSw_EaLK0-6awwn50lVsKnZtiZhdfHXDKKLap7dLAww0CM1k9FmqGvlSPIwLevHqzTzDqw1Z7aqoRUH_sezhZxKvKw2KKL0h73J1uStBKaiwxPh-9JrGtrp5emkNsj2V-tuOQ7sam3Z3urFRWBZECAwEAAaOCBAswggQHMCcGCSsGAQQBgjcVCgQaMBgwCgYIKwYBBQUHAwEwCgYIKwYBBQUHAwIwPQYJKwYBBAGCNxUHBDAwLgYmKwYBBAGCNxUIhpDjDYTVtHiE8Ys-hZvdFs6dEoFggvX2K4Py0SACAWQCAQowggHaBggrBgEFBQcBAQSCAcwwggHIMGYGCCsGAQUFBzAChlpodHRwOi8vY3JsLm1pY3Jvc29mdC5jb20vcGtpaW5mcmEvQ2VydHMvQlkyUEtJSU5UQ0EwMS5BTUUuR0JMX0FNRSUyMElORlJBJTIwQ0ElMjAwMSg0KS5jcnQwVgYIKwYBBQUHMAKGSmh0dHA6Ly9jcmwxLmFtZS5nYmwvYWlhL0JZMlBLSUlOVENBMDEuQU1FLkdCTF9BTUUlMjBJTkZSQSUyMENBJTIwMDEoNCkuY3J0MFYGCCsGAQUFBzAChkpodHRwOi8vY3JsMi5hbWUuZ2JsL2FpYS9CWTJQS0lJTlRDQTAxLkFNRS5HQkxfQU1FJTIwSU5GUkElMjBDQSUyMDAxKDQpLmNydDBWBggrBgEFBQcwAoZKaHR0cDovL2NybDMuYW1lLmdibC9haWEvQlkyUEtJSU5UQ0EwMS5BTUUuR0JMX0FNRSUyMElORlJBJTIwQ0ElMjAwMSg0KS5jcnQwVgYIKwYBBQUHMAKGSmh0dHA6Ly9jcmw0LmFtZS5nYmwvYWlhL0JZMlBLSUlOVENBMDEuQU1FLkdCTF9BTUUlMjBJTkZSQSUyMENBJTIwMDEoNCkuY3J0MB0GA1UdDgQWBBSNta6Ow680k6ap_o_3ZKd0BukJQTAOBgNVHQ8BAf8EBAMCBaAwggE1BgNVHR8EggEsMIIBKDCCASSgggEgoIIBHIZCaHR0cDovL2NybC5taWNyb3NvZnQuY29tL3BraWluZnJhL0NSTC9BTUUlMjBJTkZSQSUyMENBJTIwMDEoNCkuY3JshjRodHRwOi8vY3JsMS5hbWUuZ2JsL2NybC9BTUUlMjBJTkZSQSUyMENBJTIwMDEoNCkuY3JshjRodHRwOi8vY3JsMi5hbWUuZ2JsL2NybC9BTUUlMjBJTkZSQSUyMENBJTIwMDEoNCkuY3JshjRodHRwOi8vY3JsMy5hbWUuZ2JsL2NybC9BTUUlMjBJTkZSQSUyMENBJTIwMDEoNCkuY3JshjRodHRwOi8vY3JsNC5hbWUuZ2JsL2NybC9BTUUlMjBJTkZSQSUyMENBJTIwMDEoNCkuY3JsMBcGA1UdIAQQMA4wDAYKKwYBBAGCN3sBATAfBgNVHSMEGDAWgBTl2Ztn_PjsurvwwKidileIud8-YzAdBgNVHSUEFjAUBggrBgEFBQcDAQYIKwYBBQUHAwIwDQYJKoZIhvcNAQELBQADggEBAJfhqigISSFkp5G5sHIg7shqgq0nMu4ZkrFytKYoj9nyIkbp5wS2S2SnxApbk6DGfCopeW2bT-41LuABxrpHhInxdQRwc4hfNkVg5k48jbSkaP4RnY52VT70kH2vngG3zDcpdl_UdtXj5qCzEffHV2Z3zbzv9rw860jZIwkZ5VGmoYo9ghHXoYX5lQ9pm0T-M7GhW078gGjajjGJ-eR5CQ4ffnR5kBJRVe1B_S-nfakCqELdfDewiO64-k_-8RAsHI75vUnI6S_RQfa0Gah60wAwOXXXGRzSb-m5tvKIgqVb46MPp9rK1HgwcUkvk_MeoI2XtXUN_SW2uRXCFp9U_Po&s=Va3YoBdRhZQ2yC_EaX00DKS0kPYgFAwF2W6OuXROKDiuHSUnb8tpl55dsDw6GQd-c80S51EqUBUny0lmcDSJoZk4xmlbC4HNEWLJkkPrDgSCcONf_N_WdZT5mIeavTeFs3AeXN48PG0UH9-XqRRfe2-jP4VJnnYJQIn--RO3I4_5SjYeZTF6L90VYE4gYO8dS_GLCBGpNYHRVcchpRsAEH3qGvNtFlD6iAivCZSwFN7sUa05Waud67Cjkwl4YZZwBnAs7e-uVb5EttD-Cttyu4LCNDZ-aWYfTCDWicmAtX3QMW1SqKgsDD53r-pzrUgshJFuM8Ue6CfsPgjrBuF9uw&h=HdoCI-1AJNZinerCBuLWhwjIgArqGWqJhFzikTJb2Ko"
        ],
        "Retry-After": [
          "15"
        ],
        "x-ms-ratelimit-remaining-subscription-reads": [
          "11953"
        ],
        "x-ms-request-id": [
          "2cbf06be-25c6-4783-aebf-1951368af3e8"
        ],
        "x-ms-correlation-request-id": [
          "2cbf06be-25c6-4783-aebf-1951368af3e8"
        ],
        "x-ms-routing-request-id": [
          "EASTUS2EUAP:20231020T050034Z:2cbf06be-25c6-4783-aebf-1951368af3e8"
        ],
        "Strict-Transport-Security": [
          "max-age=31536000; includeSubDomains"
        ],
        "X-Content-Type-Options": [
          "nosniff"
        ],
        "Date": [
          "Fri, 20 Oct 2023 05:00:33 GMT"
        ],
        "Expires": [
          "-1"
        ],
        "Content-Length": [
          "0"
        ]
      },
      "ResponseBody": "",
      "StatusCode": 202
    },
    {
      "RequestUri": "/subscriptions/ee787b9b-a25f-4d20-86e9-45fcea5253dd/operationresults/eyJqb2JJZCI6IlJFU09VUkNFR1JPVVBERUxFVElPTkpPQi1QUzkwNTctRUFTVFVTMkVVQVAiLCJqb2JMb2NhdGlvbiI6ImVhc3R1czJldWFwIn0?api-version=2016-09-01&t=638333748344376820&c=MIIHHjCCBgagAwIBAgITOgHct7O3aN_KxDKNJwAEAdy3szANBgkqhkiG9w0BAQsFADBEMRMwEQYKCZImiZPyLGQBGRYDR0JMMRMwEQYKCZImiZPyLGQBGRYDQU1FMRgwFgYDVQQDEw9BTUUgSU5GUkEgQ0EgMDEwHhcNMjMwODAyMDc1ODI0WhcNMjQwNzI3MDc1ODI0WjBAMT4wPAYDVQQDEzVhc3luY29wZXJhdGlvbnNpZ25pbmdjZXJ0aWZpY2F0ZS5tYW5hZ2VtZW50LmF6dXJlLmNvbTCCASIwDQYJKoZIhvcNAQEBBQADggEPADCCAQoCggEBALgLnSbzEbFP5vuRFjPkIRVhgz-iw8NSD7e9KiRk9joLl4YrnC0aSuKwshRe9v_Gl--CqxXgkcpCrfdylaxeXPCqPbSAySW8ZXeSDzD35sq_pFnpKhucgB99Ge-e1unJgvYfJTi3-ri0oDMpryPjlj-DSAQ7LPz35cKSbzFYKu3mynC6wWObzCuwGt5qbJ4uxeqzSw_EaLK0-6awwn50lVsKnZtiZhdfHXDKKLap7dLAww0CM1k9FmqGvlSPIwLevHqzTzDqw1Z7aqoRUH_sezhZxKvKw2KKL0h73J1uStBKaiwxPh-9JrGtrp5emkNsj2V-tuOQ7sam3Z3urFRWBZECAwEAAaOCBAswggQHMCcGCSsGAQQBgjcVCgQaMBgwCgYIKwYBBQUHAwEwCgYIKwYBBQUHAwIwPQYJKwYBBAGCNxUHBDAwLgYmKwYBBAGCNxUIhpDjDYTVtHiE8Ys-hZvdFs6dEoFggvX2K4Py0SACAWQCAQowggHaBggrBgEFBQcBAQSCAcwwggHIMGYGCCsGAQUFBzAChlpodHRwOi8vY3JsLm1pY3Jvc29mdC5jb20vcGtpaW5mcmEvQ2VydHMvQlkyUEtJSU5UQ0EwMS5BTUUuR0JMX0FNRSUyMElORlJBJTIwQ0ElMjAwMSg0KS5jcnQwVgYIKwYBBQUHMAKGSmh0dHA6Ly9jcmwxLmFtZS5nYmwvYWlhL0JZMlBLSUlOVENBMDEuQU1FLkdCTF9BTUUlMjBJTkZSQSUyMENBJTIwMDEoNCkuY3J0MFYGCCsGAQUFBzAChkpodHRwOi8vY3JsMi5hbWUuZ2JsL2FpYS9CWTJQS0lJTlRDQTAxLkFNRS5HQkxfQU1FJTIwSU5GUkElMjBDQSUyMDAxKDQpLmNydDBWBggrBgEFBQcwAoZKaHR0cDovL2NybDMuYW1lLmdibC9haWEvQlkyUEtJSU5UQ0EwMS5BTUUuR0JMX0FNRSUyMElORlJBJTIwQ0ElMjAwMSg0KS5jcnQwVgYIKwYBBQUHMAKGSmh0dHA6Ly9jcmw0LmFtZS5nYmwvYWlhL0JZMlBLSUlOVENBMDEuQU1FLkdCTF9BTUUlMjBJTkZSQSUyMENBJTIwMDEoNCkuY3J0MB0GA1UdDgQWBBSNta6Ow680k6ap_o_3ZKd0BukJQTAOBgNVHQ8BAf8EBAMCBaAwggE1BgNVHR8EggEsMIIBKDCCASSgggEgoIIBHIZCaHR0cDovL2NybC5taWNyb3NvZnQuY29tL3BraWluZnJhL0NSTC9BTUUlMjBJTkZSQSUyMENBJTIwMDEoNCkuY3JshjRodHRwOi8vY3JsMS5hbWUuZ2JsL2NybC9BTUUlMjBJTkZSQSUyMENBJTIwMDEoNCkuY3JshjRodHRwOi8vY3JsMi5hbWUuZ2JsL2NybC9BTUUlMjBJTkZSQSUyMENBJTIwMDEoNCkuY3JshjRodHRwOi8vY3JsMy5hbWUuZ2JsL2NybC9BTUUlMjBJTkZSQSUyMENBJTIwMDEoNCkuY3JshjRodHRwOi8vY3JsNC5hbWUuZ2JsL2NybC9BTUUlMjBJTkZSQSUyMENBJTIwMDEoNCkuY3JsMBcGA1UdIAQQMA4wDAYKKwYBBAGCN3sBATAfBgNVHSMEGDAWgBTl2Ztn_PjsurvwwKidileIud8-YzAdBgNVHSUEFjAUBggrBgEFBQcDAQYIKwYBBQUHAwIwDQYJKoZIhvcNAQELBQADggEBAJfhqigISSFkp5G5sHIg7shqgq0nMu4ZkrFytKYoj9nyIkbp5wS2S2SnxApbk6DGfCopeW2bT-41LuABxrpHhInxdQRwc4hfNkVg5k48jbSkaP4RnY52VT70kH2vngG3zDcpdl_UdtXj5qCzEffHV2Z3zbzv9rw860jZIwkZ5VGmoYo9ghHXoYX5lQ9pm0T-M7GhW078gGjajjGJ-eR5CQ4ffnR5kBJRVe1B_S-nfakCqELdfDewiO64-k_-8RAsHI75vUnI6S_RQfa0Gah60wAwOXXXGRzSb-m5tvKIgqVb46MPp9rK1HgwcUkvk_MeoI2XtXUN_SW2uRXCFp9U_Po&s=Va3YoBdRhZQ2yC_EaX00DKS0kPYgFAwF2W6OuXROKDiuHSUnb8tpl55dsDw6GQd-c80S51EqUBUny0lmcDSJoZk4xmlbC4HNEWLJkkPrDgSCcONf_N_WdZT5mIeavTeFs3AeXN48PG0UH9-XqRRfe2-jP4VJnnYJQIn--RO3I4_5SjYeZTF6L90VYE4gYO8dS_GLCBGpNYHRVcchpRsAEH3qGvNtFlD6iAivCZSwFN7sUa05Waud67Cjkwl4YZZwBnAs7e-uVb5EttD-Cttyu4LCNDZ-aWYfTCDWicmAtX3QMW1SqKgsDD53r-pzrUgshJFuM8Ue6CfsPgjrBuF9uw&h=HdoCI-1AJNZinerCBuLWhwjIgArqGWqJhFzikTJb2Ko",
      "EncodedRequestUri": "L3N1YnNjcmlwdGlvbnMvZWU3ODdiOWItYTI1Zi00ZDIwLTg2ZTktNDVmY2VhNTI1M2RkL29wZXJhdGlvbnJlc3VsdHMvZXlKcWIySkpaQ0k2SWxKRlUwOVZVa05GUjFKUFZWQkVSVXhGVkVsUFRrcFBRaTFRVXprd05UY3RSVUZUVkZWVE1rVlZRVkFpTENKcWIySk1iMk5oZEdsdmJpSTZJbVZoYzNSMWN6SmxkV0Z3SW4wP2FwaS12ZXJzaW9uPTIwMTYtMDktMDEmdD02MzgzMzM3NDgzNDQzNzY4MjAmYz1NSUlISGpDQ0JnYWdBd0lCQWdJVE9nSGN0N08zYU5fS3hES05Kd0FFQWR5M3N6QU5CZ2txaGtpRzl3MEJBUXNGQURCRU1STXdFUVlLQ1pJbWlaUHlMR1FCR1JZRFIwSk1NUk13RVFZS0NaSW1pWlB5TEdRQkdSWURRVTFGTVJnd0ZnWURWUVFERXc5QlRVVWdTVTVHVWtFZ1EwRWdNREV3SGhjTk1qTXdPREF5TURjMU9ESTBXaGNOTWpRd056STNNRGMxT0RJMFdqQkFNVDR3UEFZRFZRUURFelZoYzNsdVkyOXdaWEpoZEdsdmJuTnBaMjVwYm1kalpYSjBhV1pwWTJGMFpTNXRZVzVoWjJWdFpXNTBMbUY2ZFhKbExtTnZiVENDQVNJd0RRWUpLb1pJaHZjTkFRRUJCUUFEZ2dFUEFEQ0NBUW9DZ2dFQkFMZ0xuU2J6RWJGUDV2dVJGalBrSVJWaGd6LWl3OE5TRDdlOUtpUms5am9MbDRZcm5DMGFTdUt3c2hSZTl2X0dsLS1DcXhYZ2tjcENyZmR5bGF4ZVhQQ3FQYlNBeVNXOFpYZVNEekQzNXNxX3BGbnBLaHVjZ0I5OUdlLWUxdW5KZ3ZZZkpUaTMtcmkwb0RNcHJ5UGpsai1EU0FRN0xQejM1Y0tTYnpGWUt1M215bkM2d1dPYnpDdXdHdDVxYko0dXhlcXpTd19FYUxLMC02YXd3bjUwbFZzS25adGlaaGRmSFhES0tMYXA3ZExBd3cwQ00xazlGbXFHdmxTUEl3TGV2SHF6VHpEcXcxWjdhcW9SVUhfc2V6aFp4S3ZLdzJLS0wwaDczSjF1U3RCS2Fpd3hQaC05SnJHdHJwNWVta05zajJWLXR1T1E3c2FtM1ozdXJGUldCWkVDQXdFQUFhT0NCQXN3Z2dRSE1DY0dDU3NHQVFRQmdqY1ZDZ1FhTUJnd0NnWUlLd1lCQlFVSEF3RXdDZ1lJS3dZQkJRVUhBd0l3UFFZSkt3WUJCQUdDTnhVSEJEQXdMZ1ltS3dZQkJBR0NOeFVJaHBEakRZVFZ0SGlFOFlzLWhadmRGczZkRW9GZ2d2WDJLNFB5MFNBQ0FXUUNBUW93Z2dIYUJnZ3JCZ0VGQlFjQkFRU0NBY3d3Z2dISU1HWUdDQ3NHQVFVRkJ6QUNobHBvZEhSd09pOHZZM0pzTG0xcFkzSnZjMjltZEM1amIyMHZjR3RwYVc1bWNtRXZRMlZ5ZEhNdlFsa3lVRXRKU1U1VVEwRXdNUzVCVFVVdVIwSk1YMEZOUlNVeU1FbE9SbEpCSlRJd1EwRWxNakF3TVNnMEtTNWpjblF3VmdZSUt3WUJCUVVITUFLR1NtaDBkSEE2THk5amNtd3hMbUZ0WlM1blltd3ZZV2xoTDBKWk1sQkxTVWxPVkVOQk1ERXVRVTFGTGtkQ1RGOUJUVVVsTWpCSlRrWlNRU1V5TUVOQkpUSXdNREVvTkNrdVkzSjBNRllHQ0NzR0FRVUZCekFDaGtwb2RIUndPaTh2WTNKc01pNWhiV1V1WjJKc0wyRnBZUzlDV1RKUVMwbEpUbFJEUVRBeExrRk5SUzVIUWt4ZlFVMUZKVEl3U1U1R1VrRWxNakJEUVNVeU1EQXhLRFFwTG1OeWREQldCZ2dyQmdFRkJRY3dBb1pLYUhSMGNEb3ZMMk55YkRNdVlXMWxMbWRpYkM5aGFXRXZRbGt5VUV0SlNVNVVRMEV3TVM1QlRVVXVSMEpNWDBGTlJTVXlNRWxPUmxKQkpUSXdRMEVsTWpBd01TZzBLUzVqY25Rd1ZnWUlLd1lCQlFVSE1BS0dTbWgwZEhBNkx5OWpjbXcwTG1GdFpTNW5ZbXd2WVdsaEwwSlpNbEJMU1VsT1ZFTkJNREV1UVUxRkxrZENURjlCVFVVbE1qQkpUa1pTUVNVeU1FTkJKVEl3TURFb05Da3VZM0owTUIwR0ExVWREZ1FXQkJTTnRhNk93NjgwazZhcF9vXzNaS2QwQnVrSlFUQU9CZ05WSFE4QkFmOEVCQU1DQmFBd2dnRTFCZ05WSFI4RWdnRXNNSUlCS0RDQ0FTU2dnZ0Vnb0lJQkhJWkNhSFIwY0RvdkwyTnliQzV0YVdOeWIzTnZablF1WTI5dEwzQnJhV2x1Wm5KaEwwTlNUQzlCVFVVbE1qQkpUa1pTUVNVeU1FTkJKVEl3TURFb05Da3VZM0pzaGpSb2RIUndPaTh2WTNKc01TNWhiV1V1WjJKc0wyTnliQzlCVFVVbE1qQkpUa1pTUVNVeU1FTkJKVEl3TURFb05Da3VZM0pzaGpSb2RIUndPaTh2WTNKc01pNWhiV1V1WjJKc0wyTnliQzlCVFVVbE1qQkpUa1pTUVNVeU1FTkJKVEl3TURFb05Da3VZM0pzaGpSb2RIUndPaTh2WTNKc015NWhiV1V1WjJKc0wyTnliQzlCVFVVbE1qQkpUa1pTUVNVeU1FTkJKVEl3TURFb05Da3VZM0pzaGpSb2RIUndPaTh2WTNKc05DNWhiV1V1WjJKc0wyTnliQzlCVFVVbE1qQkpUa1pTUVNVeU1FTkJKVEl3TURFb05Da3VZM0pzTUJjR0ExVWRJQVFRTUE0d0RBWUtLd1lCQkFHQ04zc0JBVEFmQmdOVkhTTUVHREFXZ0JUbDJadG5fUGpzdXJ2d3dLaWRpbGVJdWQ4LVl6QWRCZ05WSFNVRUZqQVVCZ2dyQmdFRkJRY0RBUVlJS3dZQkJRVUhBd0l3RFFZSktvWklodmNOQVFFTEJRQURnZ0VCQUpmaHFpZ0lTU0ZrcDVHNXNISWc3c2hxZ3Ewbk11NFprckZ5dEtZb2o5bnlJa2JwNXdTMlMyU254QXBiazZER2ZDb3BlVzJiVC00MUx1QUJ4cnBIaElueGRRUndjNGhmTmtWZzVrNDhqYlNrYVA0Um5ZNTJWVDcwa0gydm5nRzN6RGNwZGxfVWR0WGo1cUN6RWZmSFYyWjN6Ynp2OXJ3ODYwalpJd2taNVZHbW9ZbzlnaEhYb1lYNWxROXBtMFQtTTdHaFcwNzhnR2phampHSi1lUjVDUTRmZm5SNWtCSlJWZTFCX1MtbmZha0NxRUxkZkRld2lPNjQta18tOFJBc0hJNzV2VW5JNlNfUlFmYTBHYWg2MHdBd09YWFhHUnpTYi1tNXR2S0lncVZiNDZNUHA5cksxSGd3Y1VrdmtfTWVvSTJYdFhVTl9TVzJ1UlhDRnA5VV9QbyZzPVZhM1lvQmRSaFpRMnlDX0VhWDAwREtTMGtQWWdGQXdGMlc2T3VYUk9LRGl1SFNVbmI4dHBsNTVkc0R3NkdRZC1jODBTNTFFcVVCVW55MGxtY0RTSm9aazR4bWxiQzRITkVXTEpra1ByRGdTQ2NPTmZfTl9XZFpUNW1JZWF2VGVGczNBZVhONDhQRzBVSDktWHFSUmZlMi1qUDRWSm5uWUpRSW4tLVJPM0k0XzVTalllWlRGNkw5MFZZRTRnWU84ZFNfR0xDQkdwTllIUlZjY2hwUnNBRUgzcUd2TnRGbEQ2aUFpdkNaU3dGTjdzVWEwNVdhdWQ2N0Nqa3dsNFlaWndCbkFzN2UtdVZiNUV0dEQtQ3R0eXU0TENORFotYVdZZlRDRFdpY21BdFgzUU1XMVNxS2dzREQ1M3ItcHpyVWdzaEpGdU04VWU2Q2ZzUGdqckJ1Rjl1dyZoPUhkb0NJLTFBSk5aaW5lckNCdUxXaHdqSWdBcnFHV3FKaEZ6aWtUSmIyS28=",
      "RequestMethod": "GET",
      "RequestHeaders": {
        "User-Agent": [
          "FxVersion/6.0.2323.48002",
          "OSName/Windows",
          "OSVersion/Microsoft.Windows.10.0.22621",
          "Microsoft.Azure.Management.Internal.Resources.ResourceManagementClient/1.3.86"
        ]
      },
      "RequestBody": "",
      "ResponseHeaders": {
        "Cache-Control": [
          "no-cache"
        ],
        "Pragma": [
          "no-cache"
        ],
        "x-ms-ratelimit-remaining-subscription-reads": [
          "11952"
        ],
        "x-ms-request-id": [
          "db7d8413-6018-44c0-af25-a12359e0c08a"
        ],
        "x-ms-correlation-request-id": [
          "db7d8413-6018-44c0-af25-a12359e0c08a"
        ],
        "x-ms-routing-request-id": [
          "EASTUS2EUAP:20231020T050049Z:db7d8413-6018-44c0-af25-a12359e0c08a"
        ],
        "Strict-Transport-Security": [
          "max-age=31536000; includeSubDomains"
        ],
        "X-Content-Type-Options": [
          "nosniff"
        ],
        "Date": [
          "Fri, 20 Oct 2023 05:00:49 GMT"
        ],
        "Expires": [
          "-1"
        ],
        "Content-Length": [
          "0"
        ]
      },
      "ResponseBody": "",
      "StatusCode": 200
    },
    {
      "RequestUri": "/subscriptions/ee787b9b-a25f-4d20-86e9-45fcea5253dd/operationresults/eyJqb2JJZCI6IlJFU09VUkNFR1JPVVBERUxFVElPTkpPQi1QUzkwNTctRUFTVFVTMkVVQVAiLCJqb2JMb2NhdGlvbiI6ImVhc3R1czJldWFwIn0?api-version=2016-09-01&t=638333748344376820&c=MIIHHjCCBgagAwIBAgITOgHct7O3aN_KxDKNJwAEAdy3szANBgkqhkiG9w0BAQsFADBEMRMwEQYKCZImiZPyLGQBGRYDR0JMMRMwEQYKCZImiZPyLGQBGRYDQU1FMRgwFgYDVQQDEw9BTUUgSU5GUkEgQ0EgMDEwHhcNMjMwODAyMDc1ODI0WhcNMjQwNzI3MDc1ODI0WjBAMT4wPAYDVQQDEzVhc3luY29wZXJhdGlvbnNpZ25pbmdjZXJ0aWZpY2F0ZS5tYW5hZ2VtZW50LmF6dXJlLmNvbTCCASIwDQYJKoZIhvcNAQEBBQADggEPADCCAQoCggEBALgLnSbzEbFP5vuRFjPkIRVhgz-iw8NSD7e9KiRk9joLl4YrnC0aSuKwshRe9v_Gl--CqxXgkcpCrfdylaxeXPCqPbSAySW8ZXeSDzD35sq_pFnpKhucgB99Ge-e1unJgvYfJTi3-ri0oDMpryPjlj-DSAQ7LPz35cKSbzFYKu3mynC6wWObzCuwGt5qbJ4uxeqzSw_EaLK0-6awwn50lVsKnZtiZhdfHXDKKLap7dLAww0CM1k9FmqGvlSPIwLevHqzTzDqw1Z7aqoRUH_sezhZxKvKw2KKL0h73J1uStBKaiwxPh-9JrGtrp5emkNsj2V-tuOQ7sam3Z3urFRWBZECAwEAAaOCBAswggQHMCcGCSsGAQQBgjcVCgQaMBgwCgYIKwYBBQUHAwEwCgYIKwYBBQUHAwIwPQYJKwYBBAGCNxUHBDAwLgYmKwYBBAGCNxUIhpDjDYTVtHiE8Ys-hZvdFs6dEoFggvX2K4Py0SACAWQCAQowggHaBggrBgEFBQcBAQSCAcwwggHIMGYGCCsGAQUFBzAChlpodHRwOi8vY3JsLm1pY3Jvc29mdC5jb20vcGtpaW5mcmEvQ2VydHMvQlkyUEtJSU5UQ0EwMS5BTUUuR0JMX0FNRSUyMElORlJBJTIwQ0ElMjAwMSg0KS5jcnQwVgYIKwYBBQUHMAKGSmh0dHA6Ly9jcmwxLmFtZS5nYmwvYWlhL0JZMlBLSUlOVENBMDEuQU1FLkdCTF9BTUUlMjBJTkZSQSUyMENBJTIwMDEoNCkuY3J0MFYGCCsGAQUFBzAChkpodHRwOi8vY3JsMi5hbWUuZ2JsL2FpYS9CWTJQS0lJTlRDQTAxLkFNRS5HQkxfQU1FJTIwSU5GUkElMjBDQSUyMDAxKDQpLmNydDBWBggrBgEFBQcwAoZKaHR0cDovL2NybDMuYW1lLmdibC9haWEvQlkyUEtJSU5UQ0EwMS5BTUUuR0JMX0FNRSUyMElORlJBJTIwQ0ElMjAwMSg0KS5jcnQwVgYIKwYBBQUHMAKGSmh0dHA6Ly9jcmw0LmFtZS5nYmwvYWlhL0JZMlBLSUlOVENBMDEuQU1FLkdCTF9BTUUlMjBJTkZSQSUyMENBJTIwMDEoNCkuY3J0MB0GA1UdDgQWBBSNta6Ow680k6ap_o_3ZKd0BukJQTAOBgNVHQ8BAf8EBAMCBaAwggE1BgNVHR8EggEsMIIBKDCCASSgggEgoIIBHIZCaHR0cDovL2NybC5taWNyb3NvZnQuY29tL3BraWluZnJhL0NSTC9BTUUlMjBJTkZSQSUyMENBJTIwMDEoNCkuY3JshjRodHRwOi8vY3JsMS5hbWUuZ2JsL2NybC9BTUUlMjBJTkZSQSUyMENBJTIwMDEoNCkuY3JshjRodHRwOi8vY3JsMi5hbWUuZ2JsL2NybC9BTUUlMjBJTkZSQSUyMENBJTIwMDEoNCkuY3JshjRodHRwOi8vY3JsMy5hbWUuZ2JsL2NybC9BTUUlMjBJTkZSQSUyMENBJTIwMDEoNCkuY3JshjRodHRwOi8vY3JsNC5hbWUuZ2JsL2NybC9BTUUlMjBJTkZSQSUyMENBJTIwMDEoNCkuY3JsMBcGA1UdIAQQMA4wDAYKKwYBBAGCN3sBATAfBgNVHSMEGDAWgBTl2Ztn_PjsurvwwKidileIud8-YzAdBgNVHSUEFjAUBggrBgEFBQcDAQYIKwYBBQUHAwIwDQYJKoZIhvcNAQELBQADggEBAJfhqigISSFkp5G5sHIg7shqgq0nMu4ZkrFytKYoj9nyIkbp5wS2S2SnxApbk6DGfCopeW2bT-41LuABxrpHhInxdQRwc4hfNkVg5k48jbSkaP4RnY52VT70kH2vngG3zDcpdl_UdtXj5qCzEffHV2Z3zbzv9rw860jZIwkZ5VGmoYo9ghHXoYX5lQ9pm0T-M7GhW078gGjajjGJ-eR5CQ4ffnR5kBJRVe1B_S-nfakCqELdfDewiO64-k_-8RAsHI75vUnI6S_RQfa0Gah60wAwOXXXGRzSb-m5tvKIgqVb46MPp9rK1HgwcUkvk_MeoI2XtXUN_SW2uRXCFp9U_Po&s=Va3YoBdRhZQ2yC_EaX00DKS0kPYgFAwF2W6OuXROKDiuHSUnb8tpl55dsDw6GQd-c80S51EqUBUny0lmcDSJoZk4xmlbC4HNEWLJkkPrDgSCcONf_N_WdZT5mIeavTeFs3AeXN48PG0UH9-XqRRfe2-jP4VJnnYJQIn--RO3I4_5SjYeZTF6L90VYE4gYO8dS_GLCBGpNYHRVcchpRsAEH3qGvNtFlD6iAivCZSwFN7sUa05Waud67Cjkwl4YZZwBnAs7e-uVb5EttD-Cttyu4LCNDZ-aWYfTCDWicmAtX3QMW1SqKgsDD53r-pzrUgshJFuM8Ue6CfsPgjrBuF9uw&h=HdoCI-1AJNZinerCBuLWhwjIgArqGWqJhFzikTJb2Ko",
      "EncodedRequestUri": "L3N1YnNjcmlwdGlvbnMvZWU3ODdiOWItYTI1Zi00ZDIwLTg2ZTktNDVmY2VhNTI1M2RkL29wZXJhdGlvbnJlc3VsdHMvZXlKcWIySkpaQ0k2SWxKRlUwOVZVa05GUjFKUFZWQkVSVXhGVkVsUFRrcFBRaTFRVXprd05UY3RSVUZUVkZWVE1rVlZRVkFpTENKcWIySk1iMk5oZEdsdmJpSTZJbVZoYzNSMWN6SmxkV0Z3SW4wP2FwaS12ZXJzaW9uPTIwMTYtMDktMDEmdD02MzgzMzM3NDgzNDQzNzY4MjAmYz1NSUlISGpDQ0JnYWdBd0lCQWdJVE9nSGN0N08zYU5fS3hES05Kd0FFQWR5M3N6QU5CZ2txaGtpRzl3MEJBUXNGQURCRU1STXdFUVlLQ1pJbWlaUHlMR1FCR1JZRFIwSk1NUk13RVFZS0NaSW1pWlB5TEdRQkdSWURRVTFGTVJnd0ZnWURWUVFERXc5QlRVVWdTVTVHVWtFZ1EwRWdNREV3SGhjTk1qTXdPREF5TURjMU9ESTBXaGNOTWpRd056STNNRGMxT0RJMFdqQkFNVDR3UEFZRFZRUURFelZoYzNsdVkyOXdaWEpoZEdsdmJuTnBaMjVwYm1kalpYSjBhV1pwWTJGMFpTNXRZVzVoWjJWdFpXNTBMbUY2ZFhKbExtTnZiVENDQVNJd0RRWUpLb1pJaHZjTkFRRUJCUUFEZ2dFUEFEQ0NBUW9DZ2dFQkFMZ0xuU2J6RWJGUDV2dVJGalBrSVJWaGd6LWl3OE5TRDdlOUtpUms5am9MbDRZcm5DMGFTdUt3c2hSZTl2X0dsLS1DcXhYZ2tjcENyZmR5bGF4ZVhQQ3FQYlNBeVNXOFpYZVNEekQzNXNxX3BGbnBLaHVjZ0I5OUdlLWUxdW5KZ3ZZZkpUaTMtcmkwb0RNcHJ5UGpsai1EU0FRN0xQejM1Y0tTYnpGWUt1M215bkM2d1dPYnpDdXdHdDVxYko0dXhlcXpTd19FYUxLMC02YXd3bjUwbFZzS25adGlaaGRmSFhES0tMYXA3ZExBd3cwQ00xazlGbXFHdmxTUEl3TGV2SHF6VHpEcXcxWjdhcW9SVUhfc2V6aFp4S3ZLdzJLS0wwaDczSjF1U3RCS2Fpd3hQaC05SnJHdHJwNWVta05zajJWLXR1T1E3c2FtM1ozdXJGUldCWkVDQXdFQUFhT0NCQXN3Z2dRSE1DY0dDU3NHQVFRQmdqY1ZDZ1FhTUJnd0NnWUlLd1lCQlFVSEF3RXdDZ1lJS3dZQkJRVUhBd0l3UFFZSkt3WUJCQUdDTnhVSEJEQXdMZ1ltS3dZQkJBR0NOeFVJaHBEakRZVFZ0SGlFOFlzLWhadmRGczZkRW9GZ2d2WDJLNFB5MFNBQ0FXUUNBUW93Z2dIYUJnZ3JCZ0VGQlFjQkFRU0NBY3d3Z2dISU1HWUdDQ3NHQVFVRkJ6QUNobHBvZEhSd09pOHZZM0pzTG0xcFkzSnZjMjltZEM1amIyMHZjR3RwYVc1bWNtRXZRMlZ5ZEhNdlFsa3lVRXRKU1U1VVEwRXdNUzVCVFVVdVIwSk1YMEZOUlNVeU1FbE9SbEpCSlRJd1EwRWxNakF3TVNnMEtTNWpjblF3VmdZSUt3WUJCUVVITUFLR1NtaDBkSEE2THk5amNtd3hMbUZ0WlM1blltd3ZZV2xoTDBKWk1sQkxTVWxPVkVOQk1ERXVRVTFGTGtkQ1RGOUJUVVVsTWpCSlRrWlNRU1V5TUVOQkpUSXdNREVvTkNrdVkzSjBNRllHQ0NzR0FRVUZCekFDaGtwb2RIUndPaTh2WTNKc01pNWhiV1V1WjJKc0wyRnBZUzlDV1RKUVMwbEpUbFJEUVRBeExrRk5SUzVIUWt4ZlFVMUZKVEl3U1U1R1VrRWxNakJEUVNVeU1EQXhLRFFwTG1OeWREQldCZ2dyQmdFRkJRY3dBb1pLYUhSMGNEb3ZMMk55YkRNdVlXMWxMbWRpYkM5aGFXRXZRbGt5VUV0SlNVNVVRMEV3TVM1QlRVVXVSMEpNWDBGTlJTVXlNRWxPUmxKQkpUSXdRMEVsTWpBd01TZzBLUzVqY25Rd1ZnWUlLd1lCQlFVSE1BS0dTbWgwZEhBNkx5OWpjbXcwTG1GdFpTNW5ZbXd2WVdsaEwwSlpNbEJMU1VsT1ZFTkJNREV1UVUxRkxrZENURjlCVFVVbE1qQkpUa1pTUVNVeU1FTkJKVEl3TURFb05Da3VZM0owTUIwR0ExVWREZ1FXQkJTTnRhNk93NjgwazZhcF9vXzNaS2QwQnVrSlFUQU9CZ05WSFE4QkFmOEVCQU1DQmFBd2dnRTFCZ05WSFI4RWdnRXNNSUlCS0RDQ0FTU2dnZ0Vnb0lJQkhJWkNhSFIwY0RvdkwyTnliQzV0YVdOeWIzTnZablF1WTI5dEwzQnJhV2x1Wm5KaEwwTlNUQzlCVFVVbE1qQkpUa1pTUVNVeU1FTkJKVEl3TURFb05Da3VZM0pzaGpSb2RIUndPaTh2WTNKc01TNWhiV1V1WjJKc0wyTnliQzlCVFVVbE1qQkpUa1pTUVNVeU1FTkJKVEl3TURFb05Da3VZM0pzaGpSb2RIUndPaTh2WTNKc01pNWhiV1V1WjJKc0wyTnliQzlCVFVVbE1qQkpUa1pTUVNVeU1FTkJKVEl3TURFb05Da3VZM0pzaGpSb2RIUndPaTh2WTNKc015NWhiV1V1WjJKc0wyTnliQzlCVFVVbE1qQkpUa1pTUVNVeU1FTkJKVEl3TURFb05Da3VZM0pzaGpSb2RIUndPaTh2WTNKc05DNWhiV1V1WjJKc0wyTnliQzlCVFVVbE1qQkpUa1pTUVNVeU1FTkJKVEl3TURFb05Da3VZM0pzTUJjR0ExVWRJQVFRTUE0d0RBWUtLd1lCQkFHQ04zc0JBVEFmQmdOVkhTTUVHREFXZ0JUbDJadG5fUGpzdXJ2d3dLaWRpbGVJdWQ4LVl6QWRCZ05WSFNVRUZqQVVCZ2dyQmdFRkJRY0RBUVlJS3dZQkJRVUhBd0l3RFFZSktvWklodmNOQVFFTEJRQURnZ0VCQUpmaHFpZ0lTU0ZrcDVHNXNISWc3c2hxZ3Ewbk11NFprckZ5dEtZb2o5bnlJa2JwNXdTMlMyU254QXBiazZER2ZDb3BlVzJiVC00MUx1QUJ4cnBIaElueGRRUndjNGhmTmtWZzVrNDhqYlNrYVA0Um5ZNTJWVDcwa0gydm5nRzN6RGNwZGxfVWR0WGo1cUN6RWZmSFYyWjN6Ynp2OXJ3ODYwalpJd2taNVZHbW9ZbzlnaEhYb1lYNWxROXBtMFQtTTdHaFcwNzhnR2phampHSi1lUjVDUTRmZm5SNWtCSlJWZTFCX1MtbmZha0NxRUxkZkRld2lPNjQta18tOFJBc0hJNzV2VW5JNlNfUlFmYTBHYWg2MHdBd09YWFhHUnpTYi1tNXR2S0lncVZiNDZNUHA5cksxSGd3Y1VrdmtfTWVvSTJYdFhVTl9TVzJ1UlhDRnA5VV9QbyZzPVZhM1lvQmRSaFpRMnlDX0VhWDAwREtTMGtQWWdGQXdGMlc2T3VYUk9LRGl1SFNVbmI4dHBsNTVkc0R3NkdRZC1jODBTNTFFcVVCVW55MGxtY0RTSm9aazR4bWxiQzRITkVXTEpra1ByRGdTQ2NPTmZfTl9XZFpUNW1JZWF2VGVGczNBZVhONDhQRzBVSDktWHFSUmZlMi1qUDRWSm5uWUpRSW4tLVJPM0k0XzVTalllWlRGNkw5MFZZRTRnWU84ZFNfR0xDQkdwTllIUlZjY2hwUnNBRUgzcUd2TnRGbEQ2aUFpdkNaU3dGTjdzVWEwNVdhdWQ2N0Nqa3dsNFlaWndCbkFzN2UtdVZiNUV0dEQtQ3R0eXU0TENORFotYVdZZlRDRFdpY21BdFgzUU1XMVNxS2dzREQ1M3ItcHpyVWdzaEpGdU04VWU2Q2ZzUGdqckJ1Rjl1dyZoPUhkb0NJLTFBSk5aaW5lckNCdUxXaHdqSWdBcnFHV3FKaEZ6aWtUSmIyS28=",
      "RequestMethod": "GET",
      "RequestHeaders": {
        "User-Agent": [
          "FxVersion/6.0.2323.48002",
          "OSName/Windows",
          "OSVersion/Microsoft.Windows.10.0.22621",
          "Microsoft.Azure.Management.Internal.Resources.ResourceManagementClient/1.3.86"
        ]
      },
      "RequestBody": "",
      "ResponseHeaders": {
        "Cache-Control": [
          "no-cache"
        ],
        "Pragma": [
          "no-cache"
        ],
        "x-ms-ratelimit-remaining-subscription-reads": [
          "11951"
        ],
        "x-ms-request-id": [
          "4aa48dbf-2a4a-4f57-bb2d-adadbbccd5bb"
        ],
        "x-ms-correlation-request-id": [
          "4aa48dbf-2a4a-4f57-bb2d-adadbbccd5bb"
        ],
        "x-ms-routing-request-id": [
          "EASTUS2EUAP:20231020T050049Z:4aa48dbf-2a4a-4f57-bb2d-adadbbccd5bb"
        ],
        "Strict-Transport-Security": [
          "max-age=31536000; includeSubDomains"
        ],
        "X-Content-Type-Options": [
          "nosniff"
        ],
        "Date": [
          "Fri, 20 Oct 2023 05:00:49 GMT"
        ],
        "Expires": [
          "-1"
        ],
        "Content-Length": [
          "0"
        ]
      },
      "ResponseBody": "",
      "StatusCode": 200
    }
  ],
  "Names": {
    "Test-SetAzSearchService": [
      "ps9057"
    ]
  },
  "Variables": {
    "SubscriptionId": "ee787b9b-a25f-4d20-86e9-45fcea5253dd"
  }
}