{
  "Entries": [
    {
      "RequestUri": "/subscriptions/ee787b9b-a25f-4d20-86e9-45fcea5253dd/providers/Microsoft.Search?api-version=2016-09-01",
      "EncodedRequestUri": "L3N1YnNjcmlwdGlvbnMvZWU3ODdiOWItYTI1Zi00ZDIwLTg2ZTktNDVmY2VhNTI1M2RkL3Byb3ZpZGVycy9NaWNyb3NvZnQuU2VhcmNoP2FwaS12ZXJzaW9uPTIwMTYtMDktMDE=",
      "RequestMethod": "GET",
      "RequestHeaders": {
        "x-ms-client-request-id": [
          "73a9bfd2-cdde-4dd3-bf10-8cb3be94f636"
        ],
        "Accept-Language": [
          "en-US"
        ],
        "User-Agent": [
          "FxVersion/6.0.2323.48002",
          "OSName/Windows",
          "OSVersion/Microsoft.Windows.10.0.22621",
          "Microsoft.Azure.Management.Internal.Resources.ResourceManagementClient/1.3.86"
        ]
      },
      "RequestBody": "",
      "ResponseHeaders": {
        "Cache-Control": [
          "no-cache"
        ],
        "Pragma": [
          "no-cache"
        ],
        "x-ms-ratelimit-remaining-subscription-reads": [
          "11999"
        ],
        "x-ms-request-id": [
          "99c84871-b989-4351-822c-ffe70dcbd593"
        ],
        "x-ms-correlation-request-id": [
          "99c84871-b989-4351-822c-ffe70dcbd593"
        ],
        "x-ms-routing-request-id": [
          "EASTUS2EUAP:20231020T043505Z:99c84871-b989-4351-822c-ffe70dcbd593"
        ],
        "Strict-Transport-Security": [
          "max-age=31536000; includeSubDomains"
        ],
        "X-Content-Type-Options": [
          "nosniff"
        ],
        "Date": [
          "Fri, 20 Oct 2023 04:35:05 GMT"
        ],
        "Content-Type": [
          "application/json; charset=utf-8"
        ],
        "Expires": [
          "-1"
        ],
        "Content-Length": [
          "3883"
        ]
      },
      "ResponseBody": "{\r\n  \"id\": \"/subscriptions/ee787b9b-a25f-4d20-86e9-45fcea5253dd/providers/Microsoft.Search\",\r\n  \"namespace\": \"Microsoft.Search\",\r\n  \"authorizations\": [\r\n    {\r\n      \"applicationId\": \"408992c7-2af6-4ff1-92e3-65b73d2b5092\",\r\n      \"roleDefinitionId\": \"20FA3191-87CF-4C3D-9510-74CCB594A310\"\r\n    },\r\n    {\r\n      \"applicationId\": \"880da380-985e-4198-81b9-e05b1cc53158\",\r\n      \"roleDefinitionId\": \"d2e67903-baaa-4696-926b-61ab86235aaf\"\r\n    }\r\n  ],\r\n  \"resourceTypes\": [\r\n    {\r\n      \"resourceType\": \"searchServices\",\r\n      \"locations\": [\r\n        \"Germany North\",\r\n        \"Qatar Central\",\r\n        \"Poland Central\",\r\n        \"Italy North\",\r\n        \"Israel Central\",\r\n        \"Sweden Central\",\r\n        \"UK West\",\r\n        \"Korea South\",\r\n        \"Canada East\",\r\n        \"Jio India West\",\r\n        \"West US 3\",\r\n        \"Germany West Central\",\r\n        \"Norway East\",\r\n        \"Switzerland West\",\r\n        \"Switzerland North\",\r\n        \"West US\",\r\n        \"West US 2\",\r\n        \"East US\",\r\n        \"East US 2\",\r\n        \"North Europe\",\r\n        \"West Europe\",\r\n        \"Southeast Asia\",\r\n        \"East Asia\",\r\n        \"North Central US\",\r\n        \"South Central US\",\r\n        \"Central US\",\r\n        \"Japan West\",\r\n        \"Japan East\",\r\n        \"Korea Central\",\r\n        \"Australia East\",\r\n        \"Australia Southeast\",\r\n        \"Brazil South\",\r\n        \"Central India\",\r\n        \"West Central US\",\r\n        \"Canada Central\",\r\n        \"UK South\",\r\n        \"France Central\",\r\n        \"South Africa North\",\r\n        \"UAE North\",\r\n        \"Central US EUAP\",\r\n        \"East US 2 EUAP\"\r\n      ],\r\n      \"apiVersions\": [\r\n        \"2023-11-01\",\r\n        \"2022-09-01\",\r\n        \"2021-06-06-Preview\",\r\n        \"2021-04-01-Preview\",\r\n        \"2020-08-01-Preview\",\r\n        \"2020-08-01\",\r\n        \"2020-03-13\",\r\n        \"2019-10-01-Preview\",\r\n        \"2015-08-19\",\r\n        \"2015-02-28\",\r\n        \"2014-07-31-Preview\"\r\n      ],\r\n      \"capabilities\": \"CrossResourceGroupResourceMove, CrossSubscriptionResourceMove, SystemAssignedResourceIdentity\"\r\n    },\r\n    {\r\n      \"resourceType\": \"checkServiceNameAvailability\",\r\n      \"locations\": [],\r\n      \"apiVersions\": [\r\n        \"2015-02-28\",\r\n        \"2014-07-31-Preview\"\r\n      ]\r\n    },\r\n    {\r\n      \"resourceType\": \"checkNameAvailability\",\r\n      \"locations\": [],\r\n      \"apiVersions\": [\r\n        \"2023-11-01\",\r\n        \"2022-09-01\",\r\n        \"2021-06-06-Preview\",\r\n        \"2021-04-01-Preview\",\r\n        \"2020-08-01-Preview\",\r\n        \"2020-08-01\",\r\n        \"2020-03-13\",\r\n        \"2019-10-01-Preview\",\r\n        \"2015-08-19\"\r\n      ]\r\n    },\r\n    {\r\n      \"resourceType\": \"resourceHealthMetadata\",\r\n      \"locations\": [\r\n        \"Germany North\",\r\n        \"Qatar Central\",\r\n        \"Poland Central\",\r\n        \"Italy North\",\r\n        \"Israel Central\",\r\n        \"Sweden Central\",\r\n        \"UK West\",\r\n        \"Korea South\",\r\n        \"Canada East\",\r\n        \"Jio India West\",\r\n        \"West US 3\",\r\n        \"Germany West Central\",\r\n        \"Norway East\",\r\n        \"Switzerland West\",\r\n        \"Switzerland North\",\r\n        \"West US\",\r\n        \"West US 2\",\r\n        \"East US\",\r\n        \"East US 2\",\r\n        \"North Europe\",\r\n        \"West Europe\",\r\n        \"Southeast Asia\",\r\n        \"East Asia\",\r\n        \"North Central US\",\r\n        \"South Central US\",\r\n        \"Central US\",\r\n        \"Japan West\",\r\n        \"Japan East\",\r\n        \"Korea Central\",\r\n        \"Australia East\",\r\n        \"Australia Southeast\",\r\n        \"Brazil South\",\r\n        \"Central India\",\r\n        \"West Central US\",\r\n        \"Canada Central\",\r\n        \"UK South\",\r\n        \"France Central\",\r\n        \"South Africa North\",\r\n        \"UAE North\",\r\n        \"Central US EUAP\",\r\n        \"East US 2 EUAP\"\r\n      ],\r\n      \"apiVersions\": [\r\n        \"2023-11-01\",\r\n        \"2022-09-01\",\r\n        \"2021-06-06-Preview\",\r\n        \"2021-04-01-Preview\",\r\n        \"2020-08-01-Preview\",\r\n        \"2020-08-01\",\r\n        \"2020-03-13\",\r\n        \"2019-10-01-Preview\",\r\n        \"2015-08-19\"\r\n      ]\r\n    },\r\n    {\r\n      \"resourceType\": \"operations\",\r\n      \"locations\": [],\r\n      \"apiVersions\": [\r\n        \"2023-11-01\",\r\n        \"2022-09-01\",\r\n        \"2021-06-06-Preview\",\r\n        \"2021-04-01-Preview\",\r\n        \"2020-08-01-Preview\",\r\n        \"2020-08-01\",\r\n        \"2020-03-13\",\r\n        \"2019-10-01-Preview\",\r\n        \"2015-08-19\",\r\n        \"2015-02-28\"\r\n      ]\r\n    },\r\n    {\r\n      \"resourceType\": \"locations\",\r\n      \"locations\": [\r\n        \"East US 2 EUAP\"\r\n      ],\r\n      \"apiVersions\": [\r\n        \"2021-06-06-Preview\"\r\n      ]\r\n    },\r\n    {\r\n      \"resourceType\": \"locations/notifyNetworkSecurityPerimeterUpdatesAvailable\",\r\n      \"locations\": [\r\n        \"Germany North\",\r\n        \"Central US EUAP\",\r\n        \"East US 2 EUAP\",\r\n        \"Qatar Central\",\r\n        \"Poland Central\",\r\n        \"Italy North\",\r\n        \"Sweden Central\",\r\n        \"UK West\",\r\n        \"Korea South\",\r\n        \"Canada East\",\r\n        \"Jio India West\",\r\n        \"West US 3\",\r\n        \"Germany West Central\",\r\n        \"Norway East\",\r\n        \"Switzerland West\",\r\n        \"Switzerland North\",\r\n        \"West US\",\r\n        \"West US 2\",\r\n        \"East US\",\r\n        \"East US 2\",\r\n        \"North Europe\",\r\n        \"West Europe\",\r\n        \"Southeast Asia\",\r\n        \"East Asia\",\r\n        \"North Central US\",\r\n        \"South Central US\",\r\n        \"Central US\",\r\n        \"Japan West\",\r\n        \"Japan East\",\r\n        \"Korea Central\",\r\n        \"Australia East\",\r\n        \"Australia Southeast\",\r\n        \"Brazil South\",\r\n        \"Central India\",\r\n        \"West Central US\",\r\n        \"Canada Central\",\r\n        \"UK South\",\r\n        \"France Central\",\r\n        \"South Africa North\",\r\n        \"UAE North\"\r\n      ],\r\n      \"apiVersions\": [\r\n        \"2021-06-06-Preview\"\r\n      ]\r\n    },\r\n    {\r\n      \"resourceType\": \"locations/operationResults\",\r\n      \"locations\": [\r\n        \"North Central US\",\r\n        \"East US 2\",\r\n        \"West US 2\",\r\n        \"South Central US\",\r\n        \"East US\",\r\n        \"West US\",\r\n        \"Central US EUAP\",\r\n        \"East US 2 EUAP\"\r\n      ],\r\n      \"apiVersions\": [\r\n        \"2021-06-06-Preview\"\r\n      ]\r\n    }\r\n  ],\r\n  \"registrationState\": \"Registered\"\r\n}",
      "StatusCode": 200
    },
    {
      "RequestUri": "/subscriptions/ee787b9b-a25f-4d20-86e9-45fcea5253dd/resourcegroups/ps6405?api-version=2016-09-01",
      "EncodedRequestUri": "L3N1YnNjcmlwdGlvbnMvZWU3ODdiOWItYTI1Zi00ZDIwLTg2ZTktNDVmY2VhNTI1M2RkL3Jlc291cmNlZ3JvdXBzL3BzNjQwNT9hcGktdmVyc2lvbj0yMDE2LTA5LTAx",
      "RequestMethod": "PUT",
      "RequestHeaders": {
        "x-ms-client-request-id": [
          "4d9edb42-f49a-4f88-8927-234dfdd613ef"
        ],
        "Accept-Language": [
          "en-US"
        ],
        "User-Agent": [
          "FxVersion/6.0.2323.48002",
          "OSName/Windows",
          "OSVersion/Microsoft.Windows.10.0.22621",
          "Microsoft.Azure.Management.Internal.Resources.ResourceManagementClient/1.3.86"
        ],
        "Content-Type": [
          "application/json; charset=utf-8"
        ],
        "Content-Length": [
          "29"
        ]
      },
      "RequestBody": "{\r\n  \"location\": \"East US\"\r\n}",
      "ResponseHeaders": {
        "Cache-Control": [
          "no-cache"
        ],
        "Pragma": [
          "no-cache"
        ],
        "x-ms-ratelimit-remaining-subscription-writes": [
          "1199"
        ],
        "x-ms-request-id": [
          "a6084233-582c-4cc7-b2ad-25c1e68528f3"
        ],
        "x-ms-correlation-request-id": [
          "a6084233-582c-4cc7-b2ad-25c1e68528f3"
        ],
        "x-ms-routing-request-id": [
          "EASTUS2EUAP:20231020T043506Z:a6084233-582c-4cc7-b2ad-25c1e68528f3"
        ],
        "Strict-Transport-Security": [
          "max-age=31536000; includeSubDomains"
        ],
        "X-Content-Type-Options": [
          "nosniff"
        ],
        "Date": [
          "Fri, 20 Oct 2023 04:35:05 GMT"
        ],
        "Content-Length": [
          "165"
        ],
        "Content-Type": [
          "application/json; charset=utf-8"
        ],
        "Expires": [
          "-1"
        ]
      },
      "ResponseBody": "{\r\n  \"id\": \"/subscriptions/ee787b9b-a25f-4d20-86e9-45fcea5253dd/resourceGroups/ps6405\",\r\n  \"name\": \"ps6405\",\r\n  \"location\": \"eastus\",\r\n  \"properties\": {\r\n    \"provisioningState\": \"Succeeded\"\r\n  }\r\n}",
      "StatusCode": 201
    },
    {
      "RequestUri": "/subscriptions/ee787b9b-a25f-4d20-86e9-45fcea5253dd/resourceGroups/ps6405/providers/Microsoft.Search/searchServices/ps6405-service?api-version=2023-11-01",
      "EncodedRequestUri": "L3N1YnNjcmlwdGlvbnMvZWU3ODdiOWItYTI1Zi00ZDIwLTg2ZTktNDVmY2VhNTI1M2RkL3Jlc291cmNlR3JvdXBzL3BzNjQwNS9wcm92aWRlcnMvTWljcm9zb2Z0LlNlYXJjaC9zZWFyY2hTZXJ2aWNlcy9wczY0MDUtc2VydmljZT9hcGktdmVyc2lvbj0yMDIzLTExLTAx",
      "RequestMethod": "PUT",
      "RequestHeaders": {
        "x-ms-client-request-id": [
          "d823562d-0a85-473f-85d3-b674cf073f24"
        ],
        "Accept-Language": [
          "en-US"
        ],
        "User-Agent": [
          "FxVersion/6.0.2323.48002",
          "OSName/Windows",
          "OSVersion/Microsoft.Windows.10.0.22621",
          "Microsoft.Azure.Management.Search.SearchManagementClient/0.9.0"
        ],
        "Content-Type": [
          "application/json; charset=utf-8"
        ],
        "Content-Length": [
          "188"
        ]
      },
      "RequestBody": "{\r\n  \"sku\": {\r\n    \"name\": \"storage_optimized_l1\"\r\n  },\r\n  \"properties\": {\r\n    \"hostingMode\": \"default\",\r\n    \"replicaCount\": 1,\r\n    \"partitionCount\": 1\r\n  },\r\n  \"location\": \"East US\"\r\n}",
      "ResponseHeaders": {
        "Cache-Control": [
          "no-cache"
        ],
        "Pragma": [
          "no-cache"
        ],
        "ETag": [
          "W/\"datetime'2023-10-20T04%3A35%3A19.5633004Z'\""
        ],
        "x-ms-request-id": [
          "d823562d-0a85-473f-85d3-b674cf073f24"
        ],
        "request-id": [
          "d823562d-0a85-473f-85d3-b674cf073f24"
        ],
        "elapsed-time": [
          "12258"
        ],
        "Strict-Transport-Security": [
          "max-age=31536000; includeSubDomains"
        ],
        "x-ms-operation-identifier": [
          "appId=d94cc892-198d-43c4-ad2d-9050e915aa58,tenantId=72f988bf-86f1-41af-91ab-2d7cd011db47,objectId=d8bad258-9b3f-4126-b73e-2708d24315d5/eastus2euap/7f73a41f-243f-445f-bff7-c77a923bd991"
        ],
        "x-ms-ratelimit-remaining-subscription-writes": [
          "1199"
        ],
        "x-ms-correlation-request-id": [
          "441bf12d-45e4-457b-87a1-a150094a1a06"
        ],
        "x-ms-routing-request-id": [
          "EASTUS2EUAP:20231020T043520Z:441bf12d-45e4-457b-87a1-a150094a1a06"
        ],
        "X-Content-Type-Options": [
          "nosniff"
        ],
        "Date": [
          "Fri, 20 Oct 2023 04:35:19 GMT"
        ],
        "Content-Length": [
          "732"
        ],
        "Content-Type": [
          "application/json; charset=utf-8"
        ],
        "Expires": [
          "-1"
        ]
      },
      "ResponseBody": "{\r\n  \"id\": \"/subscriptions/ee787b9b-a25f-4d20-86e9-45fcea5253dd/resourceGroups/ps6405/providers/Microsoft.Search/searchServices/ps6405-service\",\r\n  \"name\": \"ps6405-service\",\r\n  \"type\": \"Microsoft.Search/searchServices\",\r\n  \"location\": \"East US\",\r\n  \"properties\": {\r\n    \"replicaCount\": 1,\r\n    \"partitionCount\": 1,\r\n    \"status\": \"provisioning\",\r\n    \"statusDetails\": \"\",\r\n    \"provisioningState\": \"provisioning\",\r\n    \"hostingMode\": \"default\",\r\n    \"publicNetworkAccess\": \"Enabled\",\r\n    \"networkRuleSet\": {\r\n      \"ipRules\": [],\r\n      \"bypass\": \"None\"\r\n    },\r\n    \"privateEndpointConnections\": [],\r\n    \"sharedPrivateLinkResources\": [],\r\n    \"encryptionWithCmk\": {\r\n      \"enforcement\": \"Unspecified\",\r\n      \"encryptionComplianceStatus\": \"Compliant\"\r\n    },\r\n    \"disableLocalAuth\": false,\r\n    \"authOptions\": {\r\n      \"apiKeyOnly\": {}\r\n    },\r\n    \"semanticSearch\": \"free\"\r\n  },\r\n  \"sku\": {\r\n    \"name\": \"storage_optimized_l1\"\r\n  }\r\n}",
      "StatusCode": 201
    },
    {
      "RequestUri": "/subscriptions/ee787b9b-a25f-4d20-86e9-45fcea5253dd/resourceGroups/ps6405/providers/Microsoft.Search/searchServices/ps6405-service?api-version=2023-11-01",
      "EncodedRequestUri": "L3N1YnNjcmlwdGlvbnMvZWU3ODdiOWItYTI1Zi00ZDIwLTg2ZTktNDVmY2VhNTI1M2RkL3Jlc291cmNlR3JvdXBzL3BzNjQwNS9wcm92aWRlcnMvTWljcm9zb2Z0LlNlYXJjaC9zZWFyY2hTZXJ2aWNlcy9wczY0MDUtc2VydmljZT9hcGktdmVyc2lvbj0yMDIzLTExLTAx",
      "RequestMethod": "GET",
      "RequestHeaders": {
        "x-ms-client-request-id": [
          "d823562d-0a85-473f-85d3-b674cf073f24"
        ],
        "User-Agent": [
          "FxVersion/6.0.2323.48002",
          "OSName/Windows",
          "OSVersion/Microsoft.Windows.10.0.22621",
          "Microsoft.Azure.Management.Search.SearchManagementClient/0.9.0"
        ]
      },
      "RequestBody": "",
      "ResponseHeaders": {
        "Cache-Control": [
          "no-cache"
        ],
        "Pragma": [
          "no-cache"
        ],
        "ETag": [
          "W/\"datetime'2023-10-20T04%3A35%3A19.5633004Z'\""
        ],
        "Vary": [
          "Accept-Encoding"
        ],
        "x-ms-request-id": [
          "d823562d-0a85-473f-85d3-b674cf073f24"
        ],
        "request-id": [
          "d823562d-0a85-473f-85d3-b674cf073f24"
        ],
        "elapsed-time": [
          "279"
        ],
        "Strict-Transport-Security": [
          "max-age=31536000; includeSubDomains"
        ],
        "x-ms-ratelimit-remaining-subscription-reads": [
          "11999"
        ],
        "x-ms-correlation-request-id": [
          "54cc1c7e-2fe6-493f-b76b-6eea6e3f2dfc"
        ],
        "x-ms-routing-request-id": [
          "EASTUS2EUAP:20231020T043550Z:54cc1c7e-2fe6-493f-b76b-6eea6e3f2dfc"
        ],
        "X-Content-Type-Options": [
          "nosniff"
        ],
        "Date": [
          "Fri, 20 Oct 2023 04:35:49 GMT"
        ],
        "Content-Length": [
          "732"
        ],
        "Content-Type": [
          "application/json; charset=utf-8"
        ],
        "Expires": [
          "-1"
        ]
      },
      "ResponseBody": "{\r\n  \"id\": \"/subscriptions/ee787b9b-a25f-4d20-86e9-45fcea5253dd/resourceGroups/ps6405/providers/Microsoft.Search/searchServices/ps6405-service\",\r\n  \"name\": \"ps6405-service\",\r\n  \"type\": \"Microsoft.Search/searchServices\",\r\n  \"location\": \"East US\",\r\n  \"properties\": {\r\n    \"replicaCount\": 1,\r\n    \"partitionCount\": 1,\r\n    \"status\": \"provisioning\",\r\n    \"statusDetails\": \"\",\r\n    \"provisioningState\": \"provisioning\",\r\n    \"hostingMode\": \"default\",\r\n    \"publicNetworkAccess\": \"Enabled\",\r\n    \"networkRuleSet\": {\r\n      \"ipRules\": [],\r\n      \"bypass\": \"None\"\r\n    },\r\n    \"privateEndpointConnections\": [],\r\n    \"sharedPrivateLinkResources\": [],\r\n    \"encryptionWithCmk\": {\r\n      \"enforcement\": \"Unspecified\",\r\n      \"encryptionComplianceStatus\": \"Compliant\"\r\n    },\r\n    \"disableLocalAuth\": false,\r\n    \"authOptions\": {\r\n      \"apiKeyOnly\": {}\r\n    },\r\n    \"semanticSearch\": \"free\"\r\n  },\r\n  \"sku\": {\r\n    \"name\": \"storage_optimized_l1\"\r\n  }\r\n}",
      "StatusCode": 200
    },
    {
      "RequestUri": "/subscriptions/ee787b9b-a25f-4d20-86e9-45fcea5253dd/resourceGroups/ps6405/providers/Microsoft.Search/searchServices/ps6405-service?api-version=2023-11-01",
      "EncodedRequestUri": "L3N1YnNjcmlwdGlvbnMvZWU3ODdiOWItYTI1Zi00ZDIwLTg2ZTktNDVmY2VhNTI1M2RkL3Jlc291cmNlR3JvdXBzL3BzNjQwNS9wcm92aWRlcnMvTWljcm9zb2Z0LlNlYXJjaC9zZWFyY2hTZXJ2aWNlcy9wczY0MDUtc2VydmljZT9hcGktdmVyc2lvbj0yMDIzLTExLTAx",
      "RequestMethod": "GET",
      "RequestHeaders": {
        "x-ms-client-request-id": [
          "d823562d-0a85-473f-85d3-b674cf073f24"
        ],
        "User-Agent": [
          "FxVersion/6.0.2323.48002",
          "OSName/Windows",
          "OSVersion/Microsoft.Windows.10.0.22621",
          "Microsoft.Azure.Management.Search.SearchManagementClient/0.9.0"
        ]
      },
      "RequestBody": "",
      "ResponseHeaders": {
        "Cache-Control": [
          "no-cache"
        ],
        "Pragma": [
          "no-cache"
        ],
        "ETag": [
          "W/\"datetime'2023-10-20T04%3A35%3A19.5633004Z'\""
        ],
        "Vary": [
          "Accept-Encoding"
        ],
        "x-ms-request-id": [
          "d823562d-0a85-473f-85d3-b674cf073f24"
        ],
        "request-id": [
          "d823562d-0a85-473f-85d3-b674cf073f24"
        ],
        "elapsed-time": [
          "236"
        ],
        "Strict-Transport-Security": [
          "max-age=31536000; includeSubDomains"
        ],
        "x-ms-ratelimit-remaining-subscription-reads": [
          "11998"
        ],
        "x-ms-correlation-request-id": [
          "faeab90f-30db-4939-869a-cf3aaad20cb8"
        ],
        "x-ms-routing-request-id": [
          "EASTUS2EUAP:20231020T043620Z:faeab90f-30db-4939-869a-cf3aaad20cb8"
        ],
        "X-Content-Type-Options": [
          "nosniff"
        ],
        "Date": [
          "Fri, 20 Oct 2023 04:36:20 GMT"
        ],
        "Content-Length": [
          "732"
        ],
        "Content-Type": [
          "application/json; charset=utf-8"
        ],
        "Expires": [
          "-1"
        ]
      },
      "ResponseBody": "{\r\n  \"id\": \"/subscriptions/ee787b9b-a25f-4d20-86e9-45fcea5253dd/resourceGroups/ps6405/providers/Microsoft.Search/searchServices/ps6405-service\",\r\n  \"name\": \"ps6405-service\",\r\n  \"type\": \"Microsoft.Search/searchServices\",\r\n  \"location\": \"East US\",\r\n  \"properties\": {\r\n    \"replicaCount\": 1,\r\n    \"partitionCount\": 1,\r\n    \"status\": \"provisioning\",\r\n    \"statusDetails\": \"\",\r\n    \"provisioningState\": \"provisioning\",\r\n    \"hostingMode\": \"default\",\r\n    \"publicNetworkAccess\": \"Enabled\",\r\n    \"networkRuleSet\": {\r\n      \"ipRules\": [],\r\n      \"bypass\": \"None\"\r\n    },\r\n    \"privateEndpointConnections\": [],\r\n    \"sharedPrivateLinkResources\": [],\r\n    \"encryptionWithCmk\": {\r\n      \"enforcement\": \"Unspecified\",\r\n      \"encryptionComplianceStatus\": \"Compliant\"\r\n    },\r\n    \"disableLocalAuth\": false,\r\n    \"authOptions\": {\r\n      \"apiKeyOnly\": {}\r\n    },\r\n    \"semanticSearch\": \"free\"\r\n  },\r\n  \"sku\": {\r\n    \"name\": \"storage_optimized_l1\"\r\n  }\r\n}",
      "StatusCode": 200
    },
    {
      "RequestUri": "/subscriptions/ee787b9b-a25f-4d20-86e9-45fcea5253dd/resourceGroups/ps6405/providers/Microsoft.Search/searchServices/ps6405-service?api-version=2023-11-01",
      "EncodedRequestUri": "L3N1YnNjcmlwdGlvbnMvZWU3ODdiOWItYTI1Zi00ZDIwLTg2ZTktNDVmY2VhNTI1M2RkL3Jlc291cmNlR3JvdXBzL3BzNjQwNS9wcm92aWRlcnMvTWljcm9zb2Z0LlNlYXJjaC9zZWFyY2hTZXJ2aWNlcy9wczY0MDUtc2VydmljZT9hcGktdmVyc2lvbj0yMDIzLTExLTAx",
      "RequestMethod": "GET",
      "RequestHeaders": {
        "x-ms-client-request-id": [
          "d823562d-0a85-473f-85d3-b674cf073f24"
        ],
        "User-Agent": [
          "FxVersion/6.0.2323.48002",
          "OSName/Windows",
          "OSVersion/Microsoft.Windows.10.0.22621",
          "Microsoft.Azure.Management.Search.SearchManagementClient/0.9.0"
        ]
      },
      "RequestBody": "",
      "ResponseHeaders": {
        "Cache-Control": [
          "no-cache"
        ],
        "Pragma": [
          "no-cache"
        ],
        "ETag": [
          "W/\"datetime'2023-10-20T04%3A35%3A19.5633004Z'\""
        ],
        "Vary": [
          "Accept-Encoding"
        ],
        "x-ms-request-id": [
          "d823562d-0a85-473f-85d3-b674cf073f24"
        ],
        "request-id": [
          "d823562d-0a85-473f-85d3-b674cf073f24"
        ],
        "elapsed-time": [
          "595"
        ],
        "Strict-Transport-Security": [
          "max-age=31536000; includeSubDomains"
        ],
        "x-ms-ratelimit-remaining-subscription-reads": [
          "11997"
        ],
        "x-ms-correlation-request-id": [
          "2fe30e99-9ca9-4a42-a41c-15ba4936d836"
        ],
        "x-ms-routing-request-id": [
          "EASTUS2EUAP:20231020T043651Z:2fe30e99-9ca9-4a42-a41c-15ba4936d836"
        ],
        "X-Content-Type-Options": [
          "nosniff"
        ],
        "Date": [
          "Fri, 20 Oct 2023 04:36:51 GMT"
        ],
        "Content-Length": [
          "732"
        ],
        "Content-Type": [
          "application/json; charset=utf-8"
        ],
        "Expires": [
          "-1"
        ]
      },
      "ResponseBody": "{\r\n  \"id\": \"/subscriptions/ee787b9b-a25f-4d20-86e9-45fcea5253dd/resourceGroups/ps6405/providers/Microsoft.Search/searchServices/ps6405-service\",\r\n  \"name\": \"ps6405-service\",\r\n  \"type\": \"Microsoft.Search/searchServices\",\r\n  \"location\": \"East US\",\r\n  \"properties\": {\r\n    \"replicaCount\": 1,\r\n    \"partitionCount\": 1,\r\n    \"status\": \"provisioning\",\r\n    \"statusDetails\": \"\",\r\n    \"provisioningState\": \"provisioning\",\r\n    \"hostingMode\": \"default\",\r\n    \"publicNetworkAccess\": \"Enabled\",\r\n    \"networkRuleSet\": {\r\n      \"ipRules\": [],\r\n      \"bypass\": \"None\"\r\n    },\r\n    \"privateEndpointConnections\": [],\r\n    \"sharedPrivateLinkResources\": [],\r\n    \"encryptionWithCmk\": {\r\n      \"enforcement\": \"Unspecified\",\r\n      \"encryptionComplianceStatus\": \"Compliant\"\r\n    },\r\n    \"disableLocalAuth\": false,\r\n    \"authOptions\": {\r\n      \"apiKeyOnly\": {}\r\n    },\r\n    \"semanticSearch\": \"free\"\r\n  },\r\n  \"sku\": {\r\n    \"name\": \"storage_optimized_l1\"\r\n  }\r\n}",
      "StatusCode": 200
    },
    {
      "RequestUri": "/subscriptions/ee787b9b-a25f-4d20-86e9-45fcea5253dd/resourceGroups/ps6405/providers/Microsoft.Search/searchServices/ps6405-service?api-version=2023-11-01",
      "EncodedRequestUri": "L3N1YnNjcmlwdGlvbnMvZWU3ODdiOWItYTI1Zi00ZDIwLTg2ZTktNDVmY2VhNTI1M2RkL3Jlc291cmNlR3JvdXBzL3BzNjQwNS9wcm92aWRlcnMvTWljcm9zb2Z0LlNlYXJjaC9zZWFyY2hTZXJ2aWNlcy9wczY0MDUtc2VydmljZT9hcGktdmVyc2lvbj0yMDIzLTExLTAx",
      "RequestMethod": "GET",
      "RequestHeaders": {
        "x-ms-client-request-id": [
          "d823562d-0a85-473f-85d3-b674cf073f24"
        ],
        "User-Agent": [
          "FxVersion/6.0.2323.48002",
          "OSName/Windows",
          "OSVersion/Microsoft.Windows.10.0.22621",
          "Microsoft.Azure.Management.Search.SearchManagementClient/0.9.0"
        ]
      },
      "RequestBody": "",
      "ResponseHeaders": {
        "Cache-Control": [
          "no-cache"
        ],
        "Pragma": [
          "no-cache"
        ],
        "ETag": [
          "W/\"datetime'2023-10-20T04%3A35%3A19.5633004Z'\""
        ],
        "Vary": [
          "Accept-Encoding"
        ],
        "x-ms-request-id": [
          "d823562d-0a85-473f-85d3-b674cf073f24"
        ],
        "request-id": [
          "d823562d-0a85-473f-85d3-b674cf073f24"
        ],
        "elapsed-time": [
          "233"
        ],
        "Strict-Transport-Security": [
          "max-age=31536000; includeSubDomains"
        ],
        "x-ms-ratelimit-remaining-subscription-reads": [
          "11996"
        ],
        "x-ms-correlation-request-id": [
          "1c731c4b-f121-4c31-8ca5-7895b9be79c7"
        ],
        "x-ms-routing-request-id": [
          "EASTUS2EUAP:20231020T043722Z:1c731c4b-f121-4c31-8ca5-7895b9be79c7"
        ],
        "X-Content-Type-Options": [
          "nosniff"
        ],
        "Date": [
          "Fri, 20 Oct 2023 04:37:21 GMT"
        ],
        "Content-Length": [
          "732"
        ],
        "Content-Type": [
          "application/json; charset=utf-8"
        ],
        "Expires": [
          "-1"
        ]
      },
      "ResponseBody": "{\r\n  \"id\": \"/subscriptions/ee787b9b-a25f-4d20-86e9-45fcea5253dd/resourceGroups/ps6405/providers/Microsoft.Search/searchServices/ps6405-service\",\r\n  \"name\": \"ps6405-service\",\r\n  \"type\": \"Microsoft.Search/searchServices\",\r\n  \"location\": \"East US\",\r\n  \"properties\": {\r\n    \"replicaCount\": 1,\r\n    \"partitionCount\": 1,\r\n    \"status\": \"provisioning\",\r\n    \"statusDetails\": \"\",\r\n    \"provisioningState\": \"provisioning\",\r\n    \"hostingMode\": \"default\",\r\n    \"publicNetworkAccess\": \"Enabled\",\r\n    \"networkRuleSet\": {\r\n      \"ipRules\": [],\r\n      \"bypass\": \"None\"\r\n    },\r\n    \"privateEndpointConnections\": [],\r\n    \"sharedPrivateLinkResources\": [],\r\n    \"encryptionWithCmk\": {\r\n      \"enforcement\": \"Unspecified\",\r\n      \"encryptionComplianceStatus\": \"Compliant\"\r\n    },\r\n    \"disableLocalAuth\": false,\r\n    \"authOptions\": {\r\n      \"apiKeyOnly\": {}\r\n    },\r\n    \"semanticSearch\": \"free\"\r\n  },\r\n  \"sku\": {\r\n    \"name\": \"storage_optimized_l1\"\r\n  }\r\n}",
      "StatusCode": 200
    },
    {
      "RequestUri": "/subscriptions/ee787b9b-a25f-4d20-86e9-45fcea5253dd/resourceGroups/ps6405/providers/Microsoft.Search/searchServices/ps6405-service?api-version=2023-11-01",
      "EncodedRequestUri": "L3N1YnNjcmlwdGlvbnMvZWU3ODdiOWItYTI1Zi00ZDIwLTg2ZTktNDVmY2VhNTI1M2RkL3Jlc291cmNlR3JvdXBzL3BzNjQwNS9wcm92aWRlcnMvTWljcm9zb2Z0LlNlYXJjaC9zZWFyY2hTZXJ2aWNlcy9wczY0MDUtc2VydmljZT9hcGktdmVyc2lvbj0yMDIzLTExLTAx",
      "RequestMethod": "GET",
      "RequestHeaders": {
        "x-ms-client-request-id": [
          "d823562d-0a85-473f-85d3-b674cf073f24"
        ],
        "User-Agent": [
          "FxVersion/6.0.2323.48002",
          "OSName/Windows",
          "OSVersion/Microsoft.Windows.10.0.22621",
          "Microsoft.Azure.Management.Search.SearchManagementClient/0.9.0"
        ]
      },
      "RequestBody": "",
      "ResponseHeaders": {
        "Cache-Control": [
          "no-cache"
        ],
        "Pragma": [
          "no-cache"
        ],
        "ETag": [
          "W/\"datetime'2023-10-20T04%3A35%3A19.5633004Z'\""
        ],
        "Vary": [
          "Accept-Encoding"
        ],
        "x-ms-request-id": [
          "d823562d-0a85-473f-85d3-b674cf073f24"
        ],
        "request-id": [
          "d823562d-0a85-473f-85d3-b674cf073f24"
        ],
        "elapsed-time": [
          "209"
        ],
        "Strict-Transport-Security": [
          "max-age=31536000; includeSubDomains"
        ],
        "x-ms-ratelimit-remaining-subscription-reads": [
          "11995"
        ],
        "x-ms-correlation-request-id": [
          "ffd9625d-7216-495c-9c60-ed490e0c0c11"
        ],
        "x-ms-routing-request-id": [
          "EASTUS2EUAP:20231020T043752Z:ffd9625d-7216-495c-9c60-ed490e0c0c11"
        ],
        "X-Content-Type-Options": [
          "nosniff"
        ],
        "Date": [
          "Fri, 20 Oct 2023 04:37:52 GMT"
        ],
        "Content-Length": [
          "732"
        ],
        "Content-Type": [
          "application/json; charset=utf-8"
        ],
        "Expires": [
          "-1"
        ]
      },
      "ResponseBody": "{\r\n  \"id\": \"/subscriptions/ee787b9b-a25f-4d20-86e9-45fcea5253dd/resourceGroups/ps6405/providers/Microsoft.Search/searchServices/ps6405-service\",\r\n  \"name\": \"ps6405-service\",\r\n  \"type\": \"Microsoft.Search/searchServices\",\r\n  \"location\": \"East US\",\r\n  \"properties\": {\r\n    \"replicaCount\": 1,\r\n    \"partitionCount\": 1,\r\n    \"status\": \"provisioning\",\r\n    \"statusDetails\": \"\",\r\n    \"provisioningState\": \"provisioning\",\r\n    \"hostingMode\": \"default\",\r\n    \"publicNetworkAccess\": \"Enabled\",\r\n    \"networkRuleSet\": {\r\n      \"ipRules\": [],\r\n      \"bypass\": \"None\"\r\n    },\r\n    \"privateEndpointConnections\": [],\r\n    \"sharedPrivateLinkResources\": [],\r\n    \"encryptionWithCmk\": {\r\n      \"enforcement\": \"Unspecified\",\r\n      \"encryptionComplianceStatus\": \"Compliant\"\r\n    },\r\n    \"disableLocalAuth\": false,\r\n    \"authOptions\": {\r\n      \"apiKeyOnly\": {}\r\n    },\r\n    \"semanticSearch\": \"free\"\r\n  },\r\n  \"sku\": {\r\n    \"name\": \"storage_optimized_l1\"\r\n  }\r\n}",
      "StatusCode": 200
    },
    {
      "RequestUri": "/subscriptions/ee787b9b-a25f-4d20-86e9-45fcea5253dd/resourceGroups/ps6405/providers/Microsoft.Search/searchServices/ps6405-service?api-version=2023-11-01",
      "EncodedRequestUri": "L3N1YnNjcmlwdGlvbnMvZWU3ODdiOWItYTI1Zi00ZDIwLTg2ZTktNDVmY2VhNTI1M2RkL3Jlc291cmNlR3JvdXBzL3BzNjQwNS9wcm92aWRlcnMvTWljcm9zb2Z0LlNlYXJjaC9zZWFyY2hTZXJ2aWNlcy9wczY0MDUtc2VydmljZT9hcGktdmVyc2lvbj0yMDIzLTExLTAx",
      "RequestMethod": "GET",
      "RequestHeaders": {
        "x-ms-client-request-id": [
          "d823562d-0a85-473f-85d3-b674cf073f24"
        ],
        "User-Agent": [
          "FxVersion/6.0.2323.48002",
          "OSName/Windows",
          "OSVersion/Microsoft.Windows.10.0.22621",
          "Microsoft.Azure.Management.Search.SearchManagementClient/0.9.0"
        ]
      },
      "RequestBody": "",
      "ResponseHeaders": {
        "Cache-Control": [
          "no-cache"
        ],
        "Pragma": [
          "no-cache"
        ],
        "ETag": [
          "W/\"datetime'2023-10-20T04%3A35%3A19.5633004Z'\""
        ],
        "Vary": [
          "Accept-Encoding"
        ],
        "x-ms-request-id": [
          "d823562d-0a85-473f-85d3-b674cf073f24"
        ],
        "request-id": [
          "d823562d-0a85-473f-85d3-b674cf073f24"
        ],
        "elapsed-time": [
          "188"
        ],
        "Strict-Transport-Security": [
          "max-age=31536000; includeSubDomains"
        ],
        "x-ms-ratelimit-remaining-subscription-reads": [
          "11994"
        ],
        "x-ms-correlation-request-id": [
          "bac4ad71-057d-452e-9d9b-827ff5b94de4"
        ],
        "x-ms-routing-request-id": [
          "EASTUS2EUAP:20231020T043822Z:bac4ad71-057d-452e-9d9b-827ff5b94de4"
        ],
        "X-Content-Type-Options": [
          "nosniff"
        ],
        "Date": [
          "Fri, 20 Oct 2023 04:38:22 GMT"
        ],
        "Content-Length": [
          "732"
        ],
        "Content-Type": [
          "application/json; charset=utf-8"
        ],
        "Expires": [
          "-1"
        ]
      },
      "ResponseBody": "{\r\n  \"id\": \"/subscriptions/ee787b9b-a25f-4d20-86e9-45fcea5253dd/resourceGroups/ps6405/providers/Microsoft.Search/searchServices/ps6405-service\",\r\n  \"name\": \"ps6405-service\",\r\n  \"type\": \"Microsoft.Search/searchServices\",\r\n  \"location\": \"East US\",\r\n  \"properties\": {\r\n    \"replicaCount\": 1,\r\n    \"partitionCount\": 1,\r\n    \"status\": \"provisioning\",\r\n    \"statusDetails\": \"\",\r\n    \"provisioningState\": \"provisioning\",\r\n    \"hostingMode\": \"default\",\r\n    \"publicNetworkAccess\": \"Enabled\",\r\n    \"networkRuleSet\": {\r\n      \"ipRules\": [],\r\n      \"bypass\": \"None\"\r\n    },\r\n    \"privateEndpointConnections\": [],\r\n    \"sharedPrivateLinkResources\": [],\r\n    \"encryptionWithCmk\": {\r\n      \"enforcement\": \"Unspecified\",\r\n      \"encryptionComplianceStatus\": \"Compliant\"\r\n    },\r\n    \"disableLocalAuth\": false,\r\n    \"authOptions\": {\r\n      \"apiKeyOnly\": {}\r\n    },\r\n    \"semanticSearch\": \"free\"\r\n  },\r\n  \"sku\": {\r\n    \"name\": \"storage_optimized_l1\"\r\n  }\r\n}",
      "StatusCode": 200
    },
    {
      "RequestUri": "/subscriptions/ee787b9b-a25f-4d20-86e9-45fcea5253dd/resourceGroups/ps6405/providers/Microsoft.Search/searchServices/ps6405-service?api-version=2023-11-01",
      "EncodedRequestUri": "L3N1YnNjcmlwdGlvbnMvZWU3ODdiOWItYTI1Zi00ZDIwLTg2ZTktNDVmY2VhNTI1M2RkL3Jlc291cmNlR3JvdXBzL3BzNjQwNS9wcm92aWRlcnMvTWljcm9zb2Z0LlNlYXJjaC9zZWFyY2hTZXJ2aWNlcy9wczY0MDUtc2VydmljZT9hcGktdmVyc2lvbj0yMDIzLTExLTAx",
      "RequestMethod": "GET",
      "RequestHeaders": {
        "x-ms-client-request-id": [
          "d823562d-0a85-473f-85d3-b674cf073f24"
        ],
        "User-Agent": [
          "FxVersion/6.0.2323.48002",
          "OSName/Windows",
          "OSVersion/Microsoft.Windows.10.0.22621",
          "Microsoft.Azure.Management.Search.SearchManagementClient/0.9.0"
        ]
      },
      "RequestBody": "",
      "ResponseHeaders": {
        "Cache-Control": [
          "no-cache"
        ],
        "Pragma": [
          "no-cache"
        ],
        "ETag": [
          "W/\"datetime'2023-10-20T04%3A35%3A19.5633004Z'\""
        ],
        "Vary": [
          "Accept-Encoding"
        ],
        "x-ms-request-id": [
          "d823562d-0a85-473f-85d3-b674cf073f24"
        ],
        "request-id": [
          "d823562d-0a85-473f-85d3-b674cf073f24"
        ],
        "elapsed-time": [
          "216"
        ],
        "Strict-Transport-Security": [
          "max-age=31536000; includeSubDomains"
        ],
        "x-ms-ratelimit-remaining-subscription-reads": [
          "11993"
        ],
        "x-ms-correlation-request-id": [
          "7c96bc72-3b0f-4302-b4b7-d791e94defcf"
        ],
        "x-ms-routing-request-id": [
          "EASTUS2EUAP:20231020T043853Z:7c96bc72-3b0f-4302-b4b7-d791e94defcf"
        ],
        "X-Content-Type-Options": [
          "nosniff"
        ],
        "Date": [
          "Fri, 20 Oct 2023 04:38:52 GMT"
        ],
        "Content-Length": [
          "732"
        ],
        "Content-Type": [
          "application/json; charset=utf-8"
        ],
        "Expires": [
          "-1"
        ]
      },
      "ResponseBody": "{\r\n  \"id\": \"/subscriptions/ee787b9b-a25f-4d20-86e9-45fcea5253dd/resourceGroups/ps6405/providers/Microsoft.Search/searchServices/ps6405-service\",\r\n  \"name\": \"ps6405-service\",\r\n  \"type\": \"Microsoft.Search/searchServices\",\r\n  \"location\": \"East US\",\r\n  \"properties\": {\r\n    \"replicaCount\": 1,\r\n    \"partitionCount\": 1,\r\n    \"status\": \"provisioning\",\r\n    \"statusDetails\": \"\",\r\n    \"provisioningState\": \"provisioning\",\r\n    \"hostingMode\": \"default\",\r\n    \"publicNetworkAccess\": \"Enabled\",\r\n    \"networkRuleSet\": {\r\n      \"ipRules\": [],\r\n      \"bypass\": \"None\"\r\n    },\r\n    \"privateEndpointConnections\": [],\r\n    \"sharedPrivateLinkResources\": [],\r\n    \"encryptionWithCmk\": {\r\n      \"enforcement\": \"Unspecified\",\r\n      \"encryptionComplianceStatus\": \"Compliant\"\r\n    },\r\n    \"disableLocalAuth\": false,\r\n    \"authOptions\": {\r\n      \"apiKeyOnly\": {}\r\n    },\r\n    \"semanticSearch\": \"free\"\r\n  },\r\n  \"sku\": {\r\n    \"name\": \"storage_optimized_l1\"\r\n  }\r\n}",
      "StatusCode": 200
    },
    {
      "RequestUri": "/subscriptions/ee787b9b-a25f-4d20-86e9-45fcea5253dd/resourceGroups/ps6405/providers/Microsoft.Search/searchServices/ps6405-service?api-version=2023-11-01",
      "EncodedRequestUri": "L3N1YnNjcmlwdGlvbnMvZWU3ODdiOWItYTI1Zi00ZDIwLTg2ZTktNDVmY2VhNTI1M2RkL3Jlc291cmNlR3JvdXBzL3BzNjQwNS9wcm92aWRlcnMvTWljcm9zb2Z0LlNlYXJjaC9zZWFyY2hTZXJ2aWNlcy9wczY0MDUtc2VydmljZT9hcGktdmVyc2lvbj0yMDIzLTExLTAx",
      "RequestMethod": "GET",
      "RequestHeaders": {
        "x-ms-client-request-id": [
          "d823562d-0a85-473f-85d3-b674cf073f24"
        ],
        "User-Agent": [
          "FxVersion/6.0.2323.48002",
          "OSName/Windows",
          "OSVersion/Microsoft.Windows.10.0.22621",
          "Microsoft.Azure.Management.Search.SearchManagementClient/0.9.0"
        ]
      },
      "RequestBody": "",
      "ResponseHeaders": {
        "Cache-Control": [
          "no-cache"
        ],
        "Pragma": [
          "no-cache"
        ],
        "ETag": [
          "W/\"datetime'2023-10-20T04%3A35%3A19.5633004Z'\""
        ],
        "Vary": [
          "Accept-Encoding"
        ],
        "x-ms-request-id": [
          "d823562d-0a85-473f-85d3-b674cf073f24"
        ],
        "request-id": [
          "d823562d-0a85-473f-85d3-b674cf073f24"
        ],
        "elapsed-time": [
          "211"
        ],
        "Strict-Transport-Security": [
          "max-age=31536000; includeSubDomains"
        ],
        "x-ms-ratelimit-remaining-subscription-reads": [
          "11992"
        ],
        "x-ms-correlation-request-id": [
          "dfa9fda5-19ad-4226-b986-260572bb11e9"
        ],
        "x-ms-routing-request-id": [
          "EASTUS2EUAP:20231020T043923Z:dfa9fda5-19ad-4226-b986-260572bb11e9"
        ],
        "X-Content-Type-Options": [
          "nosniff"
        ],
        "Date": [
          "Fri, 20 Oct 2023 04:39:23 GMT"
        ],
        "Content-Length": [
          "732"
        ],
        "Content-Type": [
          "application/json; charset=utf-8"
        ],
        "Expires": [
          "-1"
        ]
      },
      "ResponseBody": "{\r\n  \"id\": \"/subscriptions/ee787b9b-a25f-4d20-86e9-45fcea5253dd/resourceGroups/ps6405/providers/Microsoft.Search/searchServices/ps6405-service\",\r\n  \"name\": \"ps6405-service\",\r\n  \"type\": \"Microsoft.Search/searchServices\",\r\n  \"location\": \"East US\",\r\n  \"properties\": {\r\n    \"replicaCount\": 1,\r\n    \"partitionCount\": 1,\r\n    \"status\": \"provisioning\",\r\n    \"statusDetails\": \"\",\r\n    \"provisioningState\": \"provisioning\",\r\n    \"hostingMode\": \"default\",\r\n    \"publicNetworkAccess\": \"Enabled\",\r\n    \"networkRuleSet\": {\r\n      \"ipRules\": [],\r\n      \"bypass\": \"None\"\r\n    },\r\n    \"privateEndpointConnections\": [],\r\n    \"sharedPrivateLinkResources\": [],\r\n    \"encryptionWithCmk\": {\r\n      \"enforcement\": \"Unspecified\",\r\n      \"encryptionComplianceStatus\": \"Compliant\"\r\n    },\r\n    \"disableLocalAuth\": false,\r\n    \"authOptions\": {\r\n      \"apiKeyOnly\": {}\r\n    },\r\n    \"semanticSearch\": \"free\"\r\n  },\r\n  \"sku\": {\r\n    \"name\": \"storage_optimized_l1\"\r\n  }\r\n}",
      "StatusCode": 200
    },
    {
      "RequestUri": "/subscriptions/ee787b9b-a25f-4d20-86e9-45fcea5253dd/resourceGroups/ps6405/providers/Microsoft.Search/searchServices/ps6405-service?api-version=2023-11-01",
      "EncodedRequestUri": "L3N1YnNjcmlwdGlvbnMvZWU3ODdiOWItYTI1Zi00ZDIwLTg2ZTktNDVmY2VhNTI1M2RkL3Jlc291cmNlR3JvdXBzL3BzNjQwNS9wcm92aWRlcnMvTWljcm9zb2Z0LlNlYXJjaC9zZWFyY2hTZXJ2aWNlcy9wczY0MDUtc2VydmljZT9hcGktdmVyc2lvbj0yMDIzLTExLTAx",
      "RequestMethod": "GET",
      "RequestHeaders": {
        "x-ms-client-request-id": [
          "d823562d-0a85-473f-85d3-b674cf073f24"
        ],
        "User-Agent": [
          "FxVersion/6.0.2323.48002",
          "OSName/Windows",
          "OSVersion/Microsoft.Windows.10.0.22621",
          "Microsoft.Azure.Management.Search.SearchManagementClient/0.9.0"
        ]
      },
      "RequestBody": "",
      "ResponseHeaders": {
        "Cache-Control": [
          "no-cache"
        ],
        "Pragma": [
          "no-cache"
        ],
        "ETag": [
          "W/\"datetime'2023-10-20T04%3A35%3A19.5633004Z'\""
        ],
        "Vary": [
          "Accept-Encoding"
        ],
        "x-ms-request-id": [
          "d823562d-0a85-473f-85d3-b674cf073f24"
        ],
        "request-id": [
          "d823562d-0a85-473f-85d3-b674cf073f24"
        ],
        "elapsed-time": [
          "227"
        ],
        "Strict-Transport-Security": [
          "max-age=31536000; includeSubDomains"
        ],
        "x-ms-ratelimit-remaining-subscription-reads": [
          "11991"
        ],
        "x-ms-correlation-request-id": [
          "668dacfe-587f-48a1-bfc8-d44942f44ce9"
        ],
        "x-ms-routing-request-id": [
          "EASTUS2EUAP:20231020T043954Z:668dacfe-587f-48a1-bfc8-d44942f44ce9"
        ],
        "X-Content-Type-Options": [
          "nosniff"
        ],
        "Date": [
          "Fri, 20 Oct 2023 04:39:53 GMT"
        ],
        "Content-Length": [
          "732"
        ],
        "Content-Type": [
          "application/json; charset=utf-8"
        ],
        "Expires": [
          "-1"
        ]
      },
      "ResponseBody": "{\r\n  \"id\": \"/subscriptions/ee787b9b-a25f-4d20-86e9-45fcea5253dd/resourceGroups/ps6405/providers/Microsoft.Search/searchServices/ps6405-service\",\r\n  \"name\": \"ps6405-service\",\r\n  \"type\": \"Microsoft.Search/searchServices\",\r\n  \"location\": \"East US\",\r\n  \"properties\": {\r\n    \"replicaCount\": 1,\r\n    \"partitionCount\": 1,\r\n    \"status\": \"provisioning\",\r\n    \"statusDetails\": \"\",\r\n    \"provisioningState\": \"provisioning\",\r\n    \"hostingMode\": \"default\",\r\n    \"publicNetworkAccess\": \"Enabled\",\r\n    \"networkRuleSet\": {\r\n      \"ipRules\": [],\r\n      \"bypass\": \"None\"\r\n    },\r\n    \"privateEndpointConnections\": [],\r\n    \"sharedPrivateLinkResources\": [],\r\n    \"encryptionWithCmk\": {\r\n      \"enforcement\": \"Unspecified\",\r\n      \"encryptionComplianceStatus\": \"Compliant\"\r\n    },\r\n    \"disableLocalAuth\": false,\r\n    \"authOptions\": {\r\n      \"apiKeyOnly\": {}\r\n    },\r\n    \"semanticSearch\": \"free\"\r\n  },\r\n  \"sku\": {\r\n    \"name\": \"storage_optimized_l1\"\r\n  }\r\n}",
      "StatusCode": 200
    },
    {
      "RequestUri": "/subscriptions/ee787b9b-a25f-4d20-86e9-45fcea5253dd/resourceGroups/ps6405/providers/Microsoft.Search/searchServices/ps6405-service?api-version=2023-11-01",
      "EncodedRequestUri": "L3N1YnNjcmlwdGlvbnMvZWU3ODdiOWItYTI1Zi00ZDIwLTg2ZTktNDVmY2VhNTI1M2RkL3Jlc291cmNlR3JvdXBzL3BzNjQwNS9wcm92aWRlcnMvTWljcm9zb2Z0LlNlYXJjaC9zZWFyY2hTZXJ2aWNlcy9wczY0MDUtc2VydmljZT9hcGktdmVyc2lvbj0yMDIzLTExLTAx",
      "RequestMethod": "GET",
      "RequestHeaders": {
        "x-ms-client-request-id": [
          "d823562d-0a85-473f-85d3-b674cf073f24"
        ],
        "User-Agent": [
          "FxVersion/6.0.2323.48002",
          "OSName/Windows",
          "OSVersion/Microsoft.Windows.10.0.22621",
          "Microsoft.Azure.Management.Search.SearchManagementClient/0.9.0"
        ]
      },
      "RequestBody": "",
      "ResponseHeaders": {
        "Cache-Control": [
          "no-cache"
        ],
        "Pragma": [
          "no-cache"
        ],
        "ETag": [
          "W/\"datetime'2023-10-20T04%3A35%3A19.5633004Z'\""
        ],
        "Vary": [
          "Accept-Encoding"
        ],
        "x-ms-request-id": [
          "d823562d-0a85-473f-85d3-b674cf073f24"
        ],
        "request-id": [
          "d823562d-0a85-473f-85d3-b674cf073f24"
        ],
        "elapsed-time": [
          "228"
        ],
        "Strict-Transport-Security": [
          "max-age=31536000; includeSubDomains"
        ],
        "x-ms-ratelimit-remaining-subscription-reads": [
          "11990"
        ],
        "x-ms-correlation-request-id": [
          "f1ba77d9-ed7c-4cc8-b027-70bd1f7566fc"
        ],
        "x-ms-routing-request-id": [
          "EASTUS2EUAP:20231020T044024Z:f1ba77d9-ed7c-4cc8-b027-70bd1f7566fc"
        ],
        "X-Content-Type-Options": [
          "nosniff"
        ],
        "Date": [
          "Fri, 20 Oct 2023 04:40:23 GMT"
        ],
        "Content-Length": [
          "732"
        ],
        "Content-Type": [
          "application/json; charset=utf-8"
        ],
        "Expires": [
          "-1"
        ]
      },
      "ResponseBody": "{\r\n  \"id\": \"/subscriptions/ee787b9b-a25f-4d20-86e9-45fcea5253dd/resourceGroups/ps6405/providers/Microsoft.Search/searchServices/ps6405-service\",\r\n  \"name\": \"ps6405-service\",\r\n  \"type\": \"Microsoft.Search/searchServices\",\r\n  \"location\": \"East US\",\r\n  \"properties\": {\r\n    \"replicaCount\": 1,\r\n    \"partitionCount\": 1,\r\n    \"status\": \"provisioning\",\r\n    \"statusDetails\": \"\",\r\n    \"provisioningState\": \"provisioning\",\r\n    \"hostingMode\": \"default\",\r\n    \"publicNetworkAccess\": \"Enabled\",\r\n    \"networkRuleSet\": {\r\n      \"ipRules\": [],\r\n      \"bypass\": \"None\"\r\n    },\r\n    \"privateEndpointConnections\": [],\r\n    \"sharedPrivateLinkResources\": [],\r\n    \"encryptionWithCmk\": {\r\n      \"enforcement\": \"Unspecified\",\r\n      \"encryptionComplianceStatus\": \"Compliant\"\r\n    },\r\n    \"disableLocalAuth\": false,\r\n    \"authOptions\": {\r\n      \"apiKeyOnly\": {}\r\n    },\r\n    \"semanticSearch\": \"free\"\r\n  },\r\n  \"sku\": {\r\n    \"name\": \"storage_optimized_l1\"\r\n  }\r\n}",
      "StatusCode": 200
    },
    {
      "RequestUri": "/subscriptions/ee787b9b-a25f-4d20-86e9-45fcea5253dd/resourceGroups/ps6405/providers/Microsoft.Search/searchServices/ps6405-service?api-version=2023-11-01",
      "EncodedRequestUri": "L3N1YnNjcmlwdGlvbnMvZWU3ODdiOWItYTI1Zi00ZDIwLTg2ZTktNDVmY2VhNTI1M2RkL3Jlc291cmNlR3JvdXBzL3BzNjQwNS9wcm92aWRlcnMvTWljcm9zb2Z0LlNlYXJjaC9zZWFyY2hTZXJ2aWNlcy9wczY0MDUtc2VydmljZT9hcGktdmVyc2lvbj0yMDIzLTExLTAx",
      "RequestMethod": "GET",
      "RequestHeaders": {
        "x-ms-client-request-id": [
          "d823562d-0a85-473f-85d3-b674cf073f24"
        ],
        "User-Agent": [
          "FxVersion/6.0.2323.48002",
          "OSName/Windows",
          "OSVersion/Microsoft.Windows.10.0.22621",
          "Microsoft.Azure.Management.Search.SearchManagementClient/0.9.0"
        ]
      },
      "RequestBody": "",
      "ResponseHeaders": {
        "Cache-Control": [
          "no-cache"
        ],
        "Pragma": [
          "no-cache"
        ],
        "ETag": [
          "W/\"datetime'2023-10-20T04%3A35%3A19.5633004Z'\""
        ],
        "Vary": [
          "Accept-Encoding"
        ],
        "x-ms-request-id": [
          "d823562d-0a85-473f-85d3-b674cf073f24"
        ],
        "request-id": [
          "d823562d-0a85-473f-85d3-b674cf073f24"
        ],
        "elapsed-time": [
          "195"
        ],
        "Strict-Transport-Security": [
          "max-age=31536000; includeSubDomains"
        ],
        "x-ms-ratelimit-remaining-subscription-reads": [
          "11989"
        ],
        "x-ms-correlation-request-id": [
          "49d1eea7-a3d5-4b04-989b-5b91ad4b18e0"
        ],
        "x-ms-routing-request-id": [
          "EASTUS2EUAP:20231020T044054Z:49d1eea7-a3d5-4b04-989b-5b91ad4b18e0"
        ],
        "X-Content-Type-Options": [
          "nosniff"
        ],
        "Date": [
          "Fri, 20 Oct 2023 04:40:54 GMT"
        ],
        "Content-Length": [
          "732"
        ],
        "Content-Type": [
          "application/json; charset=utf-8"
        ],
        "Expires": [
          "-1"
        ]
      },
      "ResponseBody": "{\r\n  \"id\": \"/subscriptions/ee787b9b-a25f-4d20-86e9-45fcea5253dd/resourceGroups/ps6405/providers/Microsoft.Search/searchServices/ps6405-service\",\r\n  \"name\": \"ps6405-service\",\r\n  \"type\": \"Microsoft.Search/searchServices\",\r\n  \"location\": \"East US\",\r\n  \"properties\": {\r\n    \"replicaCount\": 1,\r\n    \"partitionCount\": 1,\r\n    \"status\": \"provisioning\",\r\n    \"statusDetails\": \"\",\r\n    \"provisioningState\": \"provisioning\",\r\n    \"hostingMode\": \"default\",\r\n    \"publicNetworkAccess\": \"Enabled\",\r\n    \"networkRuleSet\": {\r\n      \"ipRules\": [],\r\n      \"bypass\": \"None\"\r\n    },\r\n    \"privateEndpointConnections\": [],\r\n    \"sharedPrivateLinkResources\": [],\r\n    \"encryptionWithCmk\": {\r\n      \"enforcement\": \"Unspecified\",\r\n      \"encryptionComplianceStatus\": \"Compliant\"\r\n    },\r\n    \"disableLocalAuth\": false,\r\n    \"authOptions\": {\r\n      \"apiKeyOnly\": {}\r\n    },\r\n    \"semanticSearch\": \"free\"\r\n  },\r\n  \"sku\": {\r\n    \"name\": \"storage_optimized_l1\"\r\n  }\r\n}",
      "StatusCode": 200
    },
    {
      "RequestUri": "/subscriptions/ee787b9b-a25f-4d20-86e9-45fcea5253dd/resourceGroups/ps6405/providers/Microsoft.Search/searchServices/ps6405-service?api-version=2023-11-01",
      "EncodedRequestUri": "L3N1YnNjcmlwdGlvbnMvZWU3ODdiOWItYTI1Zi00ZDIwLTg2ZTktNDVmY2VhNTI1M2RkL3Jlc291cmNlR3JvdXBzL3BzNjQwNS9wcm92aWRlcnMvTWljcm9zb2Z0LlNlYXJjaC9zZWFyY2hTZXJ2aWNlcy9wczY0MDUtc2VydmljZT9hcGktdmVyc2lvbj0yMDIzLTExLTAx",
      "RequestMethod": "GET",
      "RequestHeaders": {
        "x-ms-client-request-id": [
          "d823562d-0a85-473f-85d3-b674cf073f24"
        ],
        "User-Agent": [
          "FxVersion/6.0.2323.48002",
          "OSName/Windows",
          "OSVersion/Microsoft.Windows.10.0.22621",
          "Microsoft.Azure.Management.Search.SearchManagementClient/0.9.0"
        ]
      },
      "RequestBody": "",
      "ResponseHeaders": {
        "Cache-Control": [
          "no-cache"
        ],
        "Pragma": [
          "no-cache"
        ],
        "ETag": [
          "W/\"datetime'2023-10-20T04%3A35%3A19.5633004Z'\""
        ],
        "Vary": [
          "Accept-Encoding"
        ],
        "x-ms-request-id": [
          "d823562d-0a85-473f-85d3-b674cf073f24"
        ],
        "request-id": [
          "d823562d-0a85-473f-85d3-b674cf073f24"
        ],
        "elapsed-time": [
          "229"
        ],
        "Strict-Transport-Security": [
          "max-age=31536000; includeSubDomains"
        ],
        "x-ms-ratelimit-remaining-subscription-reads": [
          "11988"
        ],
        "x-ms-correlation-request-id": [
          "4e795dc0-04d6-48db-bbc2-2f4f42edace0"
        ],
        "x-ms-routing-request-id": [
          "EASTUS2EUAP:20231020T044125Z:4e795dc0-04d6-48db-bbc2-2f4f42edace0"
        ],
        "X-Content-Type-Options": [
          "nosniff"
        ],
        "Date": [
          "Fri, 20 Oct 2023 04:41:24 GMT"
        ],
        "Content-Length": [
          "732"
        ],
        "Content-Type": [
          "application/json; charset=utf-8"
        ],
        "Expires": [
          "-1"
        ]
      },
      "ResponseBody": "{\r\n  \"id\": \"/subscriptions/ee787b9b-a25f-4d20-86e9-45fcea5253dd/resourceGroups/ps6405/providers/Microsoft.Search/searchServices/ps6405-service\",\r\n  \"name\": \"ps6405-service\",\r\n  \"type\": \"Microsoft.Search/searchServices\",\r\n  \"location\": \"East US\",\r\n  \"properties\": {\r\n    \"replicaCount\": 1,\r\n    \"partitionCount\": 1,\r\n    \"status\": \"provisioning\",\r\n    \"statusDetails\": \"\",\r\n    \"provisioningState\": \"provisioning\",\r\n    \"hostingMode\": \"default\",\r\n    \"publicNetworkAccess\": \"Enabled\",\r\n    \"networkRuleSet\": {\r\n      \"ipRules\": [],\r\n      \"bypass\": \"None\"\r\n    },\r\n    \"privateEndpointConnections\": [],\r\n    \"sharedPrivateLinkResources\": [],\r\n    \"encryptionWithCmk\": {\r\n      \"enforcement\": \"Unspecified\",\r\n      \"encryptionComplianceStatus\": \"Compliant\"\r\n    },\r\n    \"disableLocalAuth\": false,\r\n    \"authOptions\": {\r\n      \"apiKeyOnly\": {}\r\n    },\r\n    \"semanticSearch\": \"free\"\r\n  },\r\n  \"sku\": {\r\n    \"name\": \"storage_optimized_l1\"\r\n  }\r\n}",
      "StatusCode": 200
    },
    {
      "RequestUri": "/subscriptions/ee787b9b-a25f-4d20-86e9-45fcea5253dd/resourceGroups/ps6405/providers/Microsoft.Search/searchServices/ps6405-service?api-version=2023-11-01",
      "EncodedRequestUri": "L3N1YnNjcmlwdGlvbnMvZWU3ODdiOWItYTI1Zi00ZDIwLTg2ZTktNDVmY2VhNTI1M2RkL3Jlc291cmNlR3JvdXBzL3BzNjQwNS9wcm92aWRlcnMvTWljcm9zb2Z0LlNlYXJjaC9zZWFyY2hTZXJ2aWNlcy9wczY0MDUtc2VydmljZT9hcGktdmVyc2lvbj0yMDIzLTExLTAx",
      "RequestMethod": "GET",
      "RequestHeaders": {
        "x-ms-client-request-id": [
          "d823562d-0a85-473f-85d3-b674cf073f24"
        ],
        "User-Agent": [
          "FxVersion/6.0.2323.48002",
          "OSName/Windows",
          "OSVersion/Microsoft.Windows.10.0.22621",
          "Microsoft.Azure.Management.Search.SearchManagementClient/0.9.0"
        ]
      },
      "RequestBody": "",
      "ResponseHeaders": {
        "Cache-Control": [
          "no-cache"
        ],
        "Pragma": [
          "no-cache"
        ],
        "ETag": [
          "W/\"datetime'2023-10-20T04%3A35%3A19.5633004Z'\""
        ],
        "Vary": [
          "Accept-Encoding"
        ],
        "x-ms-request-id": [
          "d823562d-0a85-473f-85d3-b674cf073f24"
        ],
        "request-id": [
          "d823562d-0a85-473f-85d3-b674cf073f24"
        ],
        "elapsed-time": [
          "195"
        ],
        "Strict-Transport-Security": [
          "max-age=31536000; includeSubDomains"
        ],
        "x-ms-ratelimit-remaining-subscription-reads": [
          "11987"
        ],
        "x-ms-correlation-request-id": [
          "04f72c72-ffc2-4144-b996-f77a58a1b3d8"
        ],
        "x-ms-routing-request-id": [
          "EASTUS2EUAP:20231020T044155Z:04f72c72-ffc2-4144-b996-f77a58a1b3d8"
        ],
        "X-Content-Type-Options": [
          "nosniff"
        ],
        "Date": [
          "Fri, 20 Oct 2023 04:41:54 GMT"
        ],
        "Content-Length": [
          "732"
        ],
        "Content-Type": [
          "application/json; charset=utf-8"
        ],
        "Expires": [
          "-1"
        ]
      },
      "ResponseBody": "{\r\n  \"id\": \"/subscriptions/ee787b9b-a25f-4d20-86e9-45fcea5253dd/resourceGroups/ps6405/providers/Microsoft.Search/searchServices/ps6405-service\",\r\n  \"name\": \"ps6405-service\",\r\n  \"type\": \"Microsoft.Search/searchServices\",\r\n  \"location\": \"East US\",\r\n  \"properties\": {\r\n    \"replicaCount\": 1,\r\n    \"partitionCount\": 1,\r\n    \"status\": \"provisioning\",\r\n    \"statusDetails\": \"\",\r\n    \"provisioningState\": \"provisioning\",\r\n    \"hostingMode\": \"default\",\r\n    \"publicNetworkAccess\": \"Enabled\",\r\n    \"networkRuleSet\": {\r\n      \"ipRules\": [],\r\n      \"bypass\": \"None\"\r\n    },\r\n    \"privateEndpointConnections\": [],\r\n    \"sharedPrivateLinkResources\": [],\r\n    \"encryptionWithCmk\": {\r\n      \"enforcement\": \"Unspecified\",\r\n      \"encryptionComplianceStatus\": \"Compliant\"\r\n    },\r\n    \"disableLocalAuth\": false,\r\n    \"authOptions\": {\r\n      \"apiKeyOnly\": {}\r\n    },\r\n    \"semanticSearch\": \"free\"\r\n  },\r\n  \"sku\": {\r\n    \"name\": \"storage_optimized_l1\"\r\n  }\r\n}",
      "StatusCode": 200
    },
    {
      "RequestUri": "/subscriptions/ee787b9b-a25f-4d20-86e9-45fcea5253dd/resourceGroups/ps6405/providers/Microsoft.Search/searchServices/ps6405-service?api-version=2023-11-01",
      "EncodedRequestUri": "L3N1YnNjcmlwdGlvbnMvZWU3ODdiOWItYTI1Zi00ZDIwLTg2ZTktNDVmY2VhNTI1M2RkL3Jlc291cmNlR3JvdXBzL3BzNjQwNS9wcm92aWRlcnMvTWljcm9zb2Z0LlNlYXJjaC9zZWFyY2hTZXJ2aWNlcy9wczY0MDUtc2VydmljZT9hcGktdmVyc2lvbj0yMDIzLTExLTAx",
      "RequestMethod": "GET",
      "RequestHeaders": {
        "x-ms-client-request-id": [
          "d823562d-0a85-473f-85d3-b674cf073f24"
        ],
        "User-Agent": [
          "FxVersion/6.0.2323.48002",
          "OSName/Windows",
          "OSVersion/Microsoft.Windows.10.0.22621",
          "Microsoft.Azure.Management.Search.SearchManagementClient/0.9.0"
        ]
      },
      "RequestBody": "",
      "ResponseHeaders": {
        "Cache-Control": [
          "no-cache"
        ],
        "Pragma": [
          "no-cache"
        ],
        "ETag": [
          "W/\"datetime'2023-10-20T04%3A35%3A19.5633004Z'\""
        ],
        "Vary": [
          "Accept-Encoding"
        ],
        "x-ms-request-id": [
          "d823562d-0a85-473f-85d3-b674cf073f24"
        ],
        "request-id": [
          "d823562d-0a85-473f-85d3-b674cf073f24"
        ],
        "elapsed-time": [
          "218"
        ],
        "Strict-Transport-Security": [
          "max-age=31536000; includeSubDomains"
        ],
        "x-ms-ratelimit-remaining-subscription-reads": [
          "11986"
        ],
        "x-ms-correlation-request-id": [
          "e31a630d-7dbd-4d67-8d9f-9a8564d18675"
        ],
        "x-ms-routing-request-id": [
          "EASTUS2EUAP:20231020T044225Z:e31a630d-7dbd-4d67-8d9f-9a8564d18675"
        ],
        "X-Content-Type-Options": [
          "nosniff"
        ],
        "Date": [
          "Fri, 20 Oct 2023 04:42:25 GMT"
        ],
        "Content-Length": [
          "732"
        ],
        "Content-Type": [
          "application/json; charset=utf-8"
        ],
        "Expires": [
          "-1"
        ]
      },
      "ResponseBody": "{\r\n  \"id\": \"/subscriptions/ee787b9b-a25f-4d20-86e9-45fcea5253dd/resourceGroups/ps6405/providers/Microsoft.Search/searchServices/ps6405-service\",\r\n  \"name\": \"ps6405-service\",\r\n  \"type\": \"Microsoft.Search/searchServices\",\r\n  \"location\": \"East US\",\r\n  \"properties\": {\r\n    \"replicaCount\": 1,\r\n    \"partitionCount\": 1,\r\n    \"status\": \"provisioning\",\r\n    \"statusDetails\": \"\",\r\n    \"provisioningState\": \"provisioning\",\r\n    \"hostingMode\": \"default\",\r\n    \"publicNetworkAccess\": \"Enabled\",\r\n    \"networkRuleSet\": {\r\n      \"ipRules\": [],\r\n      \"bypass\": \"None\"\r\n    },\r\n    \"privateEndpointConnections\": [],\r\n    \"sharedPrivateLinkResources\": [],\r\n    \"encryptionWithCmk\": {\r\n      \"enforcement\": \"Unspecified\",\r\n      \"encryptionComplianceStatus\": \"Compliant\"\r\n    },\r\n    \"disableLocalAuth\": false,\r\n    \"authOptions\": {\r\n      \"apiKeyOnly\": {}\r\n    },\r\n    \"semanticSearch\": \"free\"\r\n  },\r\n  \"sku\": {\r\n    \"name\": \"storage_optimized_l1\"\r\n  }\r\n}",
      "StatusCode": 200
    },
    {
      "RequestUri": "/subscriptions/ee787b9b-a25f-4d20-86e9-45fcea5253dd/resourceGroups/ps6405/providers/Microsoft.Search/searchServices/ps6405-service?api-version=2023-11-01",
      "EncodedRequestUri": "L3N1YnNjcmlwdGlvbnMvZWU3ODdiOWItYTI1Zi00ZDIwLTg2ZTktNDVmY2VhNTI1M2RkL3Jlc291cmNlR3JvdXBzL3BzNjQwNS9wcm92aWRlcnMvTWljcm9zb2Z0LlNlYXJjaC9zZWFyY2hTZXJ2aWNlcy9wczY0MDUtc2VydmljZT9hcGktdmVyc2lvbj0yMDIzLTExLTAx",
      "RequestMethod": "GET",
      "RequestHeaders": {
        "x-ms-client-request-id": [
          "d823562d-0a85-473f-85d3-b674cf073f24"
        ],
        "User-Agent": [
          "FxVersion/6.0.2323.48002",
          "OSName/Windows",
          "OSVersion/Microsoft.Windows.10.0.22621",
          "Microsoft.Azure.Management.Search.SearchManagementClient/0.9.0"
        ]
      },
      "RequestBody": "",
      "ResponseHeaders": {
        "Cache-Control": [
          "no-cache"
        ],
        "Pragma": [
          "no-cache"
        ],
        "ETag": [
          "W/\"datetime'2023-10-20T04%3A35%3A19.5633004Z'\""
        ],
        "Vary": [
          "Accept-Encoding"
        ],
        "x-ms-request-id": [
          "d823562d-0a85-473f-85d3-b674cf073f24"
        ],
        "request-id": [
          "d823562d-0a85-473f-85d3-b674cf073f24"
        ],
        "elapsed-time": [
          "224"
        ],
        "Strict-Transport-Security": [
          "max-age=31536000; includeSubDomains"
        ],
        "x-ms-ratelimit-remaining-subscription-reads": [
          "11985"
        ],
        "x-ms-correlation-request-id": [
          "2475e434-07f5-4c17-95c4-3e1472aa2521"
        ],
        "x-ms-routing-request-id": [
          "EASTUS2EUAP:20231020T044256Z:2475e434-07f5-4c17-95c4-3e1472aa2521"
        ],
        "X-Content-Type-Options": [
          "nosniff"
        ],
        "Date": [
          "Fri, 20 Oct 2023 04:42:55 GMT"
        ],
        "Content-Length": [
          "732"
        ],
        "Content-Type": [
          "application/json; charset=utf-8"
        ],
        "Expires": [
          "-1"
        ]
      },
      "ResponseBody": "{\r\n  \"id\": \"/subscriptions/ee787b9b-a25f-4d20-86e9-45fcea5253dd/resourceGroups/ps6405/providers/Microsoft.Search/searchServices/ps6405-service\",\r\n  \"name\": \"ps6405-service\",\r\n  \"type\": \"Microsoft.Search/searchServices\",\r\n  \"location\": \"East US\",\r\n  \"properties\": {\r\n    \"replicaCount\": 1,\r\n    \"partitionCount\": 1,\r\n    \"status\": \"provisioning\",\r\n    \"statusDetails\": \"\",\r\n    \"provisioningState\": \"provisioning\",\r\n    \"hostingMode\": \"default\",\r\n    \"publicNetworkAccess\": \"Enabled\",\r\n    \"networkRuleSet\": {\r\n      \"ipRules\": [],\r\n      \"bypass\": \"None\"\r\n    },\r\n    \"privateEndpointConnections\": [],\r\n    \"sharedPrivateLinkResources\": [],\r\n    \"encryptionWithCmk\": {\r\n      \"enforcement\": \"Unspecified\",\r\n      \"encryptionComplianceStatus\": \"Compliant\"\r\n    },\r\n    \"disableLocalAuth\": false,\r\n    \"authOptions\": {\r\n      \"apiKeyOnly\": {}\r\n    },\r\n    \"semanticSearch\": \"free\"\r\n  },\r\n  \"sku\": {\r\n    \"name\": \"storage_optimized_l1\"\r\n  }\r\n}",
      "StatusCode": 200
    },
    {
      "RequestUri": "/subscriptions/ee787b9b-a25f-4d20-86e9-45fcea5253dd/resourceGroups/ps6405/providers/Microsoft.Search/searchServices/ps6405-service?api-version=2023-11-01",
      "EncodedRequestUri": "L3N1YnNjcmlwdGlvbnMvZWU3ODdiOWItYTI1Zi00ZDIwLTg2ZTktNDVmY2VhNTI1M2RkL3Jlc291cmNlR3JvdXBzL3BzNjQwNS9wcm92aWRlcnMvTWljcm9zb2Z0LlNlYXJjaC9zZWFyY2hTZXJ2aWNlcy9wczY0MDUtc2VydmljZT9hcGktdmVyc2lvbj0yMDIzLTExLTAx",
      "RequestMethod": "GET",
      "RequestHeaders": {
        "x-ms-client-request-id": [
          "d823562d-0a85-473f-85d3-b674cf073f24"
        ],
        "User-Agent": [
          "FxVersion/6.0.2323.48002",
          "OSName/Windows",
          "OSVersion/Microsoft.Windows.10.0.22621",
          "Microsoft.Azure.Management.Search.SearchManagementClient/0.9.0"
        ]
      },
      "RequestBody": "",
      "ResponseHeaders": {
        "Cache-Control": [
          "no-cache"
        ],
        "Pragma": [
          "no-cache"
        ],
        "ETag": [
          "W/\"datetime'2023-10-20T04%3A35%3A19.5633004Z'\""
        ],
        "Vary": [
          "Accept-Encoding"
        ],
        "x-ms-request-id": [
          "d823562d-0a85-473f-85d3-b674cf073f24"
        ],
        "request-id": [
          "d823562d-0a85-473f-85d3-b674cf073f24"
        ],
        "elapsed-time": [
          "238"
        ],
        "Strict-Transport-Security": [
          "max-age=31536000; includeSubDomains"
        ],
        "x-ms-ratelimit-remaining-subscription-reads": [
          "11984"
        ],
        "x-ms-correlation-request-id": [
          "ce93655e-bbe1-4a36-8203-fe7a01b03c8a"
        ],
        "x-ms-routing-request-id": [
          "EASTUS2EUAP:20231020T044326Z:ce93655e-bbe1-4a36-8203-fe7a01b03c8a"
        ],
        "X-Content-Type-Options": [
          "nosniff"
        ],
        "Date": [
          "Fri, 20 Oct 2023 04:43:26 GMT"
        ],
        "Content-Length": [
          "732"
        ],
        "Content-Type": [
          "application/json; charset=utf-8"
        ],
        "Expires": [
          "-1"
        ]
      },
      "ResponseBody": "{\r\n  \"id\": \"/subscriptions/ee787b9b-a25f-4d20-86e9-45fcea5253dd/resourceGroups/ps6405/providers/Microsoft.Search/searchServices/ps6405-service\",\r\n  \"name\": \"ps6405-service\",\r\n  \"type\": \"Microsoft.Search/searchServices\",\r\n  \"location\": \"East US\",\r\n  \"properties\": {\r\n    \"replicaCount\": 1,\r\n    \"partitionCount\": 1,\r\n    \"status\": \"provisioning\",\r\n    \"statusDetails\": \"\",\r\n    \"provisioningState\": \"provisioning\",\r\n    \"hostingMode\": \"default\",\r\n    \"publicNetworkAccess\": \"Enabled\",\r\n    \"networkRuleSet\": {\r\n      \"ipRules\": [],\r\n      \"bypass\": \"None\"\r\n    },\r\n    \"privateEndpointConnections\": [],\r\n    \"sharedPrivateLinkResources\": [],\r\n    \"encryptionWithCmk\": {\r\n      \"enforcement\": \"Unspecified\",\r\n      \"encryptionComplianceStatus\": \"Compliant\"\r\n    },\r\n    \"disableLocalAuth\": false,\r\n    \"authOptions\": {\r\n      \"apiKeyOnly\": {}\r\n    },\r\n    \"semanticSearch\": \"free\"\r\n  },\r\n  \"sku\": {\r\n    \"name\": \"storage_optimized_l1\"\r\n  }\r\n}",
      "StatusCode": 200
    },
    {
      "RequestUri": "/subscriptions/ee787b9b-a25f-4d20-86e9-45fcea5253dd/resourceGroups/ps6405/providers/Microsoft.Search/searchServices/ps6405-service?api-version=2023-11-01",
      "EncodedRequestUri": "L3N1YnNjcmlwdGlvbnMvZWU3ODdiOWItYTI1Zi00ZDIwLTg2ZTktNDVmY2VhNTI1M2RkL3Jlc291cmNlR3JvdXBzL3BzNjQwNS9wcm92aWRlcnMvTWljcm9zb2Z0LlNlYXJjaC9zZWFyY2hTZXJ2aWNlcy9wczY0MDUtc2VydmljZT9hcGktdmVyc2lvbj0yMDIzLTExLTAx",
      "RequestMethod": "GET",
      "RequestHeaders": {
        "x-ms-client-request-id": [
          "d823562d-0a85-473f-85d3-b674cf073f24"
        ],
        "User-Agent": [
          "FxVersion/6.0.2323.48002",
          "OSName/Windows",
          "OSVersion/Microsoft.Windows.10.0.22621",
          "Microsoft.Azure.Management.Search.SearchManagementClient/0.9.0"
        ]
      },
      "RequestBody": "",
      "ResponseHeaders": {
        "Cache-Control": [
          "no-cache"
        ],
        "Pragma": [
          "no-cache"
        ],
        "ETag": [
          "W/\"datetime'2023-10-20T04%3A35%3A19.5633004Z'\""
        ],
        "Vary": [
          "Accept-Encoding"
        ],
        "x-ms-request-id": [
          "d823562d-0a85-473f-85d3-b674cf073f24"
        ],
        "request-id": [
          "d823562d-0a85-473f-85d3-b674cf073f24"
        ],
        "elapsed-time": [
          "212"
        ],
        "Strict-Transport-Security": [
          "max-age=31536000; includeSubDomains"
        ],
        "x-ms-ratelimit-remaining-subscription-reads": [
          "11983"
        ],
        "x-ms-correlation-request-id": [
          "7eaf2ed2-49a2-43cf-b292-fcb2eed22709"
        ],
        "x-ms-routing-request-id": [
          "EASTUS2EUAP:20231020T044357Z:7eaf2ed2-49a2-43cf-b292-fcb2eed22709"
        ],
        "X-Content-Type-Options": [
          "nosniff"
        ],
        "Date": [
          "Fri, 20 Oct 2023 04:43:56 GMT"
        ],
        "Content-Length": [
          "732"
        ],
        "Content-Type": [
          "application/json; charset=utf-8"
        ],
        "Expires": [
          "-1"
        ]
      },
      "ResponseBody": "{\r\n  \"id\": \"/subscriptions/ee787b9b-a25f-4d20-86e9-45fcea5253dd/resourceGroups/ps6405/providers/Microsoft.Search/searchServices/ps6405-service\",\r\n  \"name\": \"ps6405-service\",\r\n  \"type\": \"Microsoft.Search/searchServices\",\r\n  \"location\": \"East US\",\r\n  \"properties\": {\r\n    \"replicaCount\": 1,\r\n    \"partitionCount\": 1,\r\n    \"status\": \"provisioning\",\r\n    \"statusDetails\": \"\",\r\n    \"provisioningState\": \"provisioning\",\r\n    \"hostingMode\": \"default\",\r\n    \"publicNetworkAccess\": \"Enabled\",\r\n    \"networkRuleSet\": {\r\n      \"ipRules\": [],\r\n      \"bypass\": \"None\"\r\n    },\r\n    \"privateEndpointConnections\": [],\r\n    \"sharedPrivateLinkResources\": [],\r\n    \"encryptionWithCmk\": {\r\n      \"enforcement\": \"Unspecified\",\r\n      \"encryptionComplianceStatus\": \"Compliant\"\r\n    },\r\n    \"disableLocalAuth\": false,\r\n    \"authOptions\": {\r\n      \"apiKeyOnly\": {}\r\n    },\r\n    \"semanticSearch\": \"free\"\r\n  },\r\n  \"sku\": {\r\n    \"name\": \"storage_optimized_l1\"\r\n  }\r\n}",
      "StatusCode": 200
    },
    {
      "RequestUri": "/subscriptions/ee787b9b-a25f-4d20-86e9-45fcea5253dd/resourceGroups/ps6405/providers/Microsoft.Search/searchServices/ps6405-service?api-version=2023-11-01",
      "EncodedRequestUri": "L3N1YnNjcmlwdGlvbnMvZWU3ODdiOWItYTI1Zi00ZDIwLTg2ZTktNDVmY2VhNTI1M2RkL3Jlc291cmNlR3JvdXBzL3BzNjQwNS9wcm92aWRlcnMvTWljcm9zb2Z0LlNlYXJjaC9zZWFyY2hTZXJ2aWNlcy9wczY0MDUtc2VydmljZT9hcGktdmVyc2lvbj0yMDIzLTExLTAx",
      "RequestMethod": "GET",
      "RequestHeaders": {
        "x-ms-client-request-id": [
          "d823562d-0a85-473f-85d3-b674cf073f24"
        ],
        "User-Agent": [
          "FxVersion/6.0.2323.48002",
          "OSName/Windows",
          "OSVersion/Microsoft.Windows.10.0.22621",
          "Microsoft.Azure.Management.Search.SearchManagementClient/0.9.0"
        ]
      },
      "RequestBody": "",
      "ResponseHeaders": {
        "Cache-Control": [
          "no-cache"
        ],
        "Pragma": [
          "no-cache"
        ],
        "ETag": [
          "W/\"datetime'2023-10-20T04%3A35%3A19.5633004Z'\""
        ],
        "Vary": [
          "Accept-Encoding"
        ],
        "x-ms-request-id": [
          "d823562d-0a85-473f-85d3-b674cf073f24"
        ],
        "request-id": [
          "d823562d-0a85-473f-85d3-b674cf073f24"
        ],
        "elapsed-time": [
          "188"
        ],
        "Strict-Transport-Security": [
          "max-age=31536000; includeSubDomains"
        ],
        "x-ms-ratelimit-remaining-subscription-reads": [
          "11982"
        ],
        "x-ms-correlation-request-id": [
          "ba1a5b94-f485-46e8-a8e8-db6363f95308"
        ],
        "x-ms-routing-request-id": [
          "EASTUS2EUAP:20231020T044427Z:ba1a5b94-f485-46e8-a8e8-db6363f95308"
        ],
        "X-Content-Type-Options": [
          "nosniff"
        ],
        "Date": [
          "Fri, 20 Oct 2023 04:44:27 GMT"
        ],
        "Content-Length": [
          "732"
        ],
        "Content-Type": [
          "application/json; charset=utf-8"
        ],
        "Expires": [
          "-1"
        ]
      },
      "ResponseBody": "{\r\n  \"id\": \"/subscriptions/ee787b9b-a25f-4d20-86e9-45fcea5253dd/resourceGroups/ps6405/providers/Microsoft.Search/searchServices/ps6405-service\",\r\n  \"name\": \"ps6405-service\",\r\n  \"type\": \"Microsoft.Search/searchServices\",\r\n  \"location\": \"East US\",\r\n  \"properties\": {\r\n    \"replicaCount\": 1,\r\n    \"partitionCount\": 1,\r\n    \"status\": \"provisioning\",\r\n    \"statusDetails\": \"\",\r\n    \"provisioningState\": \"provisioning\",\r\n    \"hostingMode\": \"default\",\r\n    \"publicNetworkAccess\": \"Enabled\",\r\n    \"networkRuleSet\": {\r\n      \"ipRules\": [],\r\n      \"bypass\": \"None\"\r\n    },\r\n    \"privateEndpointConnections\": [],\r\n    \"sharedPrivateLinkResources\": [],\r\n    \"encryptionWithCmk\": {\r\n      \"enforcement\": \"Unspecified\",\r\n      \"encryptionComplianceStatus\": \"Compliant\"\r\n    },\r\n    \"disableLocalAuth\": false,\r\n    \"authOptions\": {\r\n      \"apiKeyOnly\": {}\r\n    },\r\n    \"semanticSearch\": \"free\"\r\n  },\r\n  \"sku\": {\r\n    \"name\": \"storage_optimized_l1\"\r\n  }\r\n}",
      "StatusCode": 200
    },
    {
      "RequestUri": "/subscriptions/ee787b9b-a25f-4d20-86e9-45fcea5253dd/resourceGroups/ps6405/providers/Microsoft.Search/searchServices/ps6405-service?api-version=2023-11-01",
      "EncodedRequestUri": "L3N1YnNjcmlwdGlvbnMvZWU3ODdiOWItYTI1Zi00ZDIwLTg2ZTktNDVmY2VhNTI1M2RkL3Jlc291cmNlR3JvdXBzL3BzNjQwNS9wcm92aWRlcnMvTWljcm9zb2Z0LlNlYXJjaC9zZWFyY2hTZXJ2aWNlcy9wczY0MDUtc2VydmljZT9hcGktdmVyc2lvbj0yMDIzLTExLTAx",
      "RequestMethod": "GET",
      "RequestHeaders": {
        "x-ms-client-request-id": [
          "d823562d-0a85-473f-85d3-b674cf073f24"
        ],
        "User-Agent": [
          "FxVersion/6.0.2323.48002",
          "OSName/Windows",
          "OSVersion/Microsoft.Windows.10.0.22621",
          "Microsoft.Azure.Management.Search.SearchManagementClient/0.9.0"
        ]
      },
      "RequestBody": "",
      "ResponseHeaders": {
        "Cache-Control": [
          "no-cache"
        ],
        "Pragma": [
          "no-cache"
        ],
        "ETag": [
          "W/\"datetime'2023-10-20T04%3A35%3A19.5633004Z'\""
        ],
        "Vary": [
          "Accept-Encoding"
        ],
        "x-ms-request-id": [
          "d823562d-0a85-473f-85d3-b674cf073f24"
        ],
        "request-id": [
          "d823562d-0a85-473f-85d3-b674cf073f24"
        ],
        "elapsed-time": [
          "235"
        ],
        "Strict-Transport-Security": [
          "max-age=31536000; includeSubDomains"
        ],
        "x-ms-ratelimit-remaining-subscription-reads": [
          "11981"
        ],
        "x-ms-correlation-request-id": [
          "8d511466-6397-4401-a74e-28ef79cf3600"
        ],
        "x-ms-routing-request-id": [
          "EASTUS2EUAP:20231020T044457Z:8d511466-6397-4401-a74e-28ef79cf3600"
        ],
        "X-Content-Type-Options": [
          "nosniff"
        ],
        "Date": [
          "Fri, 20 Oct 2023 04:44:57 GMT"
        ],
        "Content-Length": [
          "724"
        ],
        "Content-Type": [
          "application/json; charset=utf-8"
        ],
        "Expires": [
          "-1"
        ]
      },
      "ResponseBody": "{\r\n  \"id\": \"/subscriptions/ee787b9b-a25f-4d20-86e9-45fcea5253dd/resourceGroups/ps6405/providers/Microsoft.Search/searchServices/ps6405-service\",\r\n  \"name\": \"ps6405-service\",\r\n  \"type\": \"Microsoft.Search/searchServices\",\r\n  \"location\": \"East US\",\r\n  \"properties\": {\r\n    \"replicaCount\": 1,\r\n    \"partitionCount\": 1,\r\n    \"status\": \"running\",\r\n    \"statusDetails\": \"\",\r\n    \"provisioningState\": \"succeeded\",\r\n    \"hostingMode\": \"default\",\r\n    \"publicNetworkAccess\": \"Enabled\",\r\n    \"networkRuleSet\": {\r\n      \"ipRules\": [],\r\n      \"bypass\": \"None\"\r\n    },\r\n    \"privateEndpointConnections\": [],\r\n    \"sharedPrivateLinkResources\": [],\r\n    \"encryptionWithCmk\": {\r\n      \"enforcement\": \"Unspecified\",\r\n      \"encryptionComplianceStatus\": \"Compliant\"\r\n    },\r\n    \"disableLocalAuth\": false,\r\n    \"authOptions\": {\r\n      \"apiKeyOnly\": {}\r\n    },\r\n    \"semanticSearch\": \"free\"\r\n  },\r\n  \"sku\": {\r\n    \"name\": \"storage_optimized_l1\"\r\n  }\r\n}",
      "StatusCode": 200
    },
    {
      "RequestUri": "/subscriptions/ee787b9b-a25f-4d20-86e9-45fcea5253dd/resourcegroups/ps6405?api-version=2016-09-01",
      "EncodedRequestUri": "L3N1YnNjcmlwdGlvbnMvZWU3ODdiOWItYTI1Zi00ZDIwLTg2ZTktNDVmY2VhNTI1M2RkL3Jlc291cmNlZ3JvdXBzL3BzNjQwNT9hcGktdmVyc2lvbj0yMDE2LTA5LTAx",
      "RequestMethod": "DELETE",
      "RequestHeaders": {
        "x-ms-client-request-id": [
          "d45ac8b2-fee2-4a3f-a883-8bd048f02221"
        ],
        "Accept-Language": [
          "en-US"
        ],
        "User-Agent": [
          "FxVersion/6.0.2323.48002",
          "OSName/Windows",
          "OSVersion/Microsoft.Windows.10.0.22621",
          "Microsoft.Azure.Management.Internal.Resources.ResourceManagementClient/1.3.86"
        ]
      },
      "RequestBody": "",
      "ResponseHeaders": {
        "Cache-Control": [
          "no-cache"
        ],
        "Pragma": [
          "no-cache"
        ],
        "Location": [
          "https://eastus2euap.management.azure.com/subscriptions/ee787b9b-a25f-4d20-86e9-45fcea5253dd/operationresults/eyJqb2JJZCI6IlJFU09VUkNFR1JPVVBERUxFVElPTkpPQi1QUzY0MDUtRUFTVFVTIiwiam9iTG9jYXRpb24iOiJlYXN0dXMifQ?api-version=2016-09-01&t=638333738989229492&c=MIIHHjCCBgagAwIBAgITOgHct7O3aN_KxDKNJwAEAdy3szANBgkqhkiG9w0BAQsFADBEMRMwEQYKCZImiZPyLGQBGRYDR0JMMRMwEQYKCZImiZPyLGQBGRYDQU1FMRgwFgYDVQQDEw9BTUUgSU5GUkEgQ0EgMDEwHhcNMjMwODAyMDc1ODI0WhcNMjQwNzI3MDc1ODI0WjBAMT4wPAYDVQQDEzVhc3luY29wZXJhdGlvbnNpZ25pbmdjZXJ0aWZpY2F0ZS5tYW5hZ2VtZW50LmF6dXJlLmNvbTCCASIwDQYJKoZIhvcNAQEBBQADggEPADCCAQoCggEBALgLnSbzEbFP5vuRFjPkIRVhgz-iw8NSD7e9KiRk9joLl4YrnC0aSuKwshRe9v_Gl--CqxXgkcpCrfdylaxeXPCqPbSAySW8ZXeSDzD35sq_pFnpKhucgB99Ge-e1unJgvYfJTi3-ri0oDMpryPjlj-DSAQ7LPz35cKSbzFYKu3mynC6wWObzCuwGt5qbJ4uxeqzSw_EaLK0-6awwn50lVsKnZtiZhdfHXDKKLap7dLAww0CM1k9FmqGvlSPIwLevHqzTzDqw1Z7aqoRUH_sezhZxKvKw2KKL0h73J1uStBKaiwxPh-9JrGtrp5emkNsj2V-tuOQ7sam3Z3urFRWBZECAwEAAaOCBAswggQHMCcGCSsGAQQBgjcVCgQaMBgwCgYIKwYBBQUHAwEwCgYIKwYBBQUHAwIwPQYJKwYBBAGCNxUHBDAwLgYmKwYBBAGCNxUIhpDjDYTVtHiE8Ys-hZvdFs6dEoFggvX2K4Py0SACAWQCAQowggHaBggrBgEFBQcBAQSCAcwwggHIMGYGCCsGAQUFBzAChlpodHRwOi8vY3JsLm1pY3Jvc29mdC5jb20vcGtpaW5mcmEvQ2VydHMvQlkyUEtJSU5UQ0EwMS5BTUUuR0JMX0FNRSUyMElORlJBJTIwQ0ElMjAwMSg0KS5jcnQwVgYIKwYBBQUHMAKGSmh0dHA6Ly9jcmwxLmFtZS5nYmwvYWlhL0JZMlBLSUlOVENBMDEuQU1FLkdCTF9BTUUlMjBJTkZSQSUyMENBJTIwMDEoNCkuY3J0MFYGCCsGAQUFBzAChkpodHRwOi8vY3JsMi5hbWUuZ2JsL2FpYS9CWTJQS0lJTlRDQTAxLkFNRS5HQkxfQU1FJTIwSU5GUkElMjBDQSUyMDAxKDQpLmNydDBWBggrBgEFBQcwAoZKaHR0cDovL2NybDMuYW1lLmdibC9haWEvQlkyUEtJSU5UQ0EwMS5BTUUuR0JMX0FNRSUyMElORlJBJTIwQ0ElMjAwMSg0KS5jcnQwVgYIKwYBBQUHMAKGSmh0dHA6Ly9jcmw0LmFtZS5nYmwvYWlhL0JZMlBLSUlOVENBMDEuQU1FLkdCTF9BTUUlMjBJTkZSQSUyMENBJTIwMDEoNCkuY3J0MB0GA1UdDgQWBBSNta6Ow680k6ap_o_3ZKd0BukJQTAOBgNVHQ8BAf8EBAMCBaAwggE1BgNVHR8EggEsMIIBKDCCASSgggEgoIIBHIZCaHR0cDovL2NybC5taWNyb3NvZnQuY29tL3BraWluZnJhL0NSTC9BTUUlMjBJTkZSQSUyMENBJTIwMDEoNCkuY3JshjRodHRwOi8vY3JsMS5hbWUuZ2JsL2NybC9BTUUlMjBJTkZSQSUyMENBJTIwMDEoNCkuY3JshjRodHRwOi8vY3JsMi5hbWUuZ2JsL2NybC9BTUUlMjBJTkZSQSUyMENBJTIwMDEoNCkuY3JshjRodHRwOi8vY3JsMy5hbWUuZ2JsL2NybC9BTUUlMjBJTkZSQSUyMENBJTIwMDEoNCkuY3JshjRodHRwOi8vY3JsNC5hbWUuZ2JsL2NybC9BTUUlMjBJTkZSQSUyMENBJTIwMDEoNCkuY3JsMBcGA1UdIAQQMA4wDAYKKwYBBAGCN3sBATAfBgNVHSMEGDAWgBTl2Ztn_PjsurvwwKidileIud8-YzAdBgNVHSUEFjAUBggrBgEFBQcDAQYIKwYBBQUHAwIwDQYJKoZIhvcNAQELBQADggEBAJfhqigISSFkp5G5sHIg7shqgq0nMu4ZkrFytKYoj9nyIkbp5wS2S2SnxApbk6DGfCopeW2bT-41LuABxrpHhInxdQRwc4hfNkVg5k48jbSkaP4RnY52VT70kH2vngG3zDcpdl_UdtXj5qCzEffHV2Z3zbzv9rw860jZIwkZ5VGmoYo9ghHXoYX5lQ9pm0T-M7GhW078gGjajjGJ-eR5CQ4ffnR5kBJRVe1B_S-nfakCqELdfDewiO64-k_-8RAsHI75vUnI6S_RQfa0Gah60wAwOXXXGRzSb-m5tvKIgqVb46MPp9rK1HgwcUkvk_MeoI2XtXUN_SW2uRXCFp9U_Po&s=qphinijENhy3fzeQXEvRqMxU2rT-mePDe-qEBS1FBRW7tHT2Rcl_nKWbi1xq2BEq3eoGfOMazL9SYC_cm3a9902fpS09gRRd50WlcRF0HWL2E-YS-ntYsTY6lCqYbutoqoQ5rdMBINTXZppD0JjNY33aO9ywDjQRPok0E8jVO2VR1sqOyelI9mhUVmKcd2Um-nISsXvZzNXjFe0hhCdNFHvQgeo6GCzeFW0CHS81ohM2UJgSL-sAYzpHpCTTQPbiL2IDMQSh1TNC6mP94bTDAcvPgft7mB_NZ-kapmAN-VC4Q-R6ryJILcNFV20WayIp2_hDtma-hIQZpqbjZGczEg&h=tgKAx3SZnZ5fARDP82DTASEnKhf9fFBGWnxkIqbJvd8"
        ],
        "Retry-After": [
          "15"
        ],
        "x-ms-ratelimit-remaining-subscription-deletes": [
          "14999"
        ],
        "x-ms-request-id": [
          "4b798d2f-d957-4eb6-8dc8-5698c99e3963"
        ],
        "x-ms-correlation-request-id": [
          "4b798d2f-d957-4eb6-8dc8-5698c99e3963"
        ],
        "x-ms-routing-request-id": [
          "EASTUS2EUAP:20231020T044458Z:4b798d2f-d957-4eb6-8dc8-5698c99e3963"
        ],
        "Strict-Transport-Security": [
          "max-age=31536000; includeSubDomains"
        ],
        "X-Content-Type-Options": [
          "nosniff"
        ],
        "Date": [
          "Fri, 20 Oct 2023 04:44:58 GMT"
        ],
        "Expires": [
          "-1"
        ],
        "Content-Length": [
          "0"
        ]
      },
      "ResponseBody": "",
      "StatusCode": 202
    },
    {
      "RequestUri": "/subscriptions/ee787b9b-a25f-4d20-86e9-45fcea5253dd/operationresults/eyJqb2JJZCI6IlJFU09VUkNFR1JPVVBERUxFVElPTkpPQi1QUzY0MDUtRUFTVFVTIiwiam9iTG9jYXRpb24iOiJlYXN0dXMifQ?api-version=2016-09-01&t=638333738989229492&c=MIIHHjCCBgagAwIBAgITOgHct7O3aN_KxDKNJwAEAdy3szANBgkqhkiG9w0BAQsFADBEMRMwEQYKCZImiZPyLGQBGRYDR0JMMRMwEQYKCZImiZPyLGQBGRYDQU1FMRgwFgYDVQQDEw9BTUUgSU5GUkEgQ0EgMDEwHhcNMjMwODAyMDc1ODI0WhcNMjQwNzI3MDc1ODI0WjBAMT4wPAYDVQQDEzVhc3luY29wZXJhdGlvbnNpZ25pbmdjZXJ0aWZpY2F0ZS5tYW5hZ2VtZW50LmF6dXJlLmNvbTCCASIwDQYJKoZIhvcNAQEBBQADggEPADCCAQoCggEBALgLnSbzEbFP5vuRFjPkIRVhgz-iw8NSD7e9KiRk9joLl4YrnC0aSuKwshRe9v_Gl--CqxXgkcpCrfdylaxeXPCqPbSAySW8ZXeSDzD35sq_pFnpKhucgB99Ge-e1unJgvYfJTi3-ri0oDMpryPjlj-DSAQ7LPz35cKSbzFYKu3mynC6wWObzCuwGt5qbJ4uxeqzSw_EaLK0-6awwn50lVsKnZtiZhdfHXDKKLap7dLAww0CM1k9FmqGvlSPIwLevHqzTzDqw1Z7aqoRUH_sezhZxKvKw2KKL0h73J1uStBKaiwxPh-9JrGtrp5emkNsj2V-tuOQ7sam3Z3urFRWBZECAwEAAaOCBAswggQHMCcGCSsGAQQBgjcVCgQaMBgwCgYIKwYBBQUHAwEwCgYIKwYBBQUHAwIwPQYJKwYBBAGCNxUHBDAwLgYmKwYBBAGCNxUIhpDjDYTVtHiE8Ys-hZvdFs6dEoFggvX2K4Py0SACAWQCAQowggHaBggrBgEFBQcBAQSCAcwwggHIMGYGCCsGAQUFBzAChlpodHRwOi8vY3JsLm1pY3Jvc29mdC5jb20vcGtpaW5mcmEvQ2VydHMvQlkyUEtJSU5UQ0EwMS5BTUUuR0JMX0FNRSUyMElORlJBJTIwQ0ElMjAwMSg0KS5jcnQwVgYIKwYBBQUHMAKGSmh0dHA6Ly9jcmwxLmFtZS5nYmwvYWlhL0JZMlBLSUlOVENBMDEuQU1FLkdCTF9BTUUlMjBJTkZSQSUyMENBJTIwMDEoNCkuY3J0MFYGCCsGAQUFBzAChkpodHRwOi8vY3JsMi5hbWUuZ2JsL2FpYS9CWTJQS0lJTlRDQTAxLkFNRS5HQkxfQU1FJTIwSU5GUkElMjBDQSUyMDAxKDQpLmNydDBWBggrBgEFBQcwAoZKaHR0cDovL2NybDMuYW1lLmdibC9haWEvQlkyUEtJSU5UQ0EwMS5BTUUuR0JMX0FNRSUyMElORlJBJTIwQ0ElMjAwMSg0KS5jcnQwVgYIKwYBBQUHMAKGSmh0dHA6Ly9jcmw0LmFtZS5nYmwvYWlhL0JZMlBLSUlOVENBMDEuQU1FLkdCTF9BTUUlMjBJTkZSQSUyMENBJTIwMDEoNCkuY3J0MB0GA1UdDgQWBBSNta6Ow680k6ap_o_3ZKd0BukJQTAOBgNVHQ8BAf8EBAMCBaAwggE1BgNVHR8EggEsMIIBKDCCASSgggEgoIIBHIZCaHR0cDovL2NybC5taWNyb3NvZnQuY29tL3BraWluZnJhL0NSTC9BTUUlMjBJTkZSQSUyMENBJTIwMDEoNCkuY3JshjRodHRwOi8vY3JsMS5hbWUuZ2JsL2NybC9BTUUlMjBJTkZSQSUyMENBJTIwMDEoNCkuY3JshjRodHRwOi8vY3JsMi5hbWUuZ2JsL2NybC9BTUUlMjBJTkZSQSUyMENBJTIwMDEoNCkuY3JshjRodHRwOi8vY3JsMy5hbWUuZ2JsL2NybC9BTUUlMjBJTkZSQSUyMENBJTIwMDEoNCkuY3JshjRodHRwOi8vY3JsNC5hbWUuZ2JsL2NybC9BTUUlMjBJTkZSQSUyMENBJTIwMDEoNCkuY3JsMBcGA1UdIAQQMA4wDAYKKwYBBAGCN3sBATAfBgNVHSMEGDAWgBTl2Ztn_PjsurvwwKidileIud8-YzAdBgNVHSUEFjAUBggrBgEFBQcDAQYIKwYBBQUHAwIwDQYJKoZIhvcNAQELBQADggEBAJfhqigISSFkp5G5sHIg7shqgq0nMu4ZkrFytKYoj9nyIkbp5wS2S2SnxApbk6DGfCopeW2bT-41LuABxrpHhInxdQRwc4hfNkVg5k48jbSkaP4RnY52VT70kH2vngG3zDcpdl_UdtXj5qCzEffHV2Z3zbzv9rw860jZIwkZ5VGmoYo9ghHXoYX5lQ9pm0T-M7GhW078gGjajjGJ-eR5CQ4ffnR5kBJRVe1B_S-nfakCqELdfDewiO64-k_-8RAsHI75vUnI6S_RQfa0Gah60wAwOXXXGRzSb-m5tvKIgqVb46MPp9rK1HgwcUkvk_MeoI2XtXUN_SW2uRXCFp9U_Po&s=qphinijENhy3fzeQXEvRqMxU2rT-mePDe-qEBS1FBRW7tHT2Rcl_nKWbi1xq2BEq3eoGfOMazL9SYC_cm3a9902fpS09gRRd50WlcRF0HWL2E-YS-ntYsTY6lCqYbutoqoQ5rdMBINTXZppD0JjNY33aO9ywDjQRPok0E8jVO2VR1sqOyelI9mhUVmKcd2Um-nISsXvZzNXjFe0hhCdNFHvQgeo6GCzeFW0CHS81ohM2UJgSL-sAYzpHpCTTQPbiL2IDMQSh1TNC6mP94bTDAcvPgft7mB_NZ-kapmAN-VC4Q-R6ryJILcNFV20WayIp2_hDtma-hIQZpqbjZGczEg&h=tgKAx3SZnZ5fARDP82DTASEnKhf9fFBGWnxkIqbJvd8",
      "EncodedRequestUri": "L3N1YnNjcmlwdGlvbnMvZWU3ODdiOWItYTI1Zi00ZDIwLTg2ZTktNDVmY2VhNTI1M2RkL29wZXJhdGlvbnJlc3VsdHMvZXlKcWIySkpaQ0k2SWxKRlUwOVZVa05GUjFKUFZWQkVSVXhGVkVsUFRrcFBRaTFRVXpZME1EVXRSVUZUVkZWVElpd2lhbTlpVEc5allYUnBiMjRpT2lKbFlYTjBkWE1pZlE/YXBpLXZlcnNpb249MjAxNi0wOS0wMSZ0PTYzODMzMzczODk4OTIyOTQ5MiZjPU1JSUhIakNDQmdhZ0F3SUJBZ0lUT2dIY3Q3TzNhTl9LeERLTkp3QUVBZHkzc3pBTkJna3Foa2lHOXcwQkFRc0ZBREJFTVJNd0VRWUtDWkltaVpQeUxHUUJHUllEUjBKTU1STXdFUVlLQ1pJbWlaUHlMR1FCR1JZRFFVMUZNUmd3RmdZRFZRUURFdzlCVFVVZ1NVNUdVa0VnUTBFZ01ERXdIaGNOTWpNd09EQXlNRGMxT0RJMFdoY05NalF3TnpJM01EYzFPREkwV2pCQU1UNHdQQVlEVlFRREV6VmhjM2x1WTI5d1pYSmhkR2x2Ym5OcFoyNXBibWRqWlhKMGFXWnBZMkYwWlM1dFlXNWhaMlZ0Wlc1MExtRjZkWEpsTG1OdmJUQ0NBU0l3RFFZSktvWklodmNOQVFFQkJRQURnZ0VQQURDQ0FRb0NnZ0VCQUxnTG5TYnpFYkZQNXZ1UkZqUGtJUlZoZ3otaXc4TlNEN2U5S2lSazlqb0xsNFlybkMwYVN1S3dzaFJlOXZfR2wtLUNxeFhna2NwQ3JmZHlsYXhlWFBDcVBiU0F5U1c4WlhlU0R6RDM1c3FfcEZucEtodWNnQjk5R2UtZTF1bkpndllmSlRpMy1yaTBvRE1wcnlQamxqLURTQVE3TFB6MzVjS1NiekZZS3UzbXluQzZ3V09iekN1d0d0NXFiSjR1eGVxelN3X0VhTEswLTZhd3duNTBsVnNLblp0aVpoZGZIWERLS0xhcDdkTEF3dzBDTTFrOUZtcUd2bFNQSXdMZXZIcXpUekRxdzFaN2Fxb1JVSF9zZXpoWnhLdkt3MktLTDBoNzNKMXVTdEJLYWl3eFBoLTlKckd0cnA1ZW1rTnNqMlYtdHVPUTdzYW0zWjN1ckZSV0JaRUNBd0VBQWFPQ0JBc3dnZ1FITUNjR0NTc0dBUVFCZ2pjVkNnUWFNQmd3Q2dZSUt3WUJCUVVIQXdFd0NnWUlLd1lCQlFVSEF3SXdQUVlKS3dZQkJBR0NOeFVIQkRBd0xnWW1Ld1lCQkFHQ054VUlocERqRFlUVnRIaUU4WXMtaFp2ZEZzNmRFb0ZnZ3ZYMks0UHkwU0FDQVdRQ0FRb3dnZ0hhQmdnckJnRUZCUWNCQVFTQ0Fjd3dnZ0hJTUdZR0NDc0dBUVVGQnpBQ2hscG9kSFJ3T2k4dlkzSnNMbTFwWTNKdmMyOW1kQzVqYjIwdmNHdHBhVzVtY21FdlEyVnlkSE12UWxreVVFdEpTVTVVUTBFd01TNUJUVVV1UjBKTVgwRk5SU1V5TUVsT1JsSkJKVEl3UTBFbE1qQXdNU2cwS1M1amNuUXdWZ1lJS3dZQkJRVUhNQUtHU21oMGRIQTZMeTlqY213eExtRnRaUzVuWW13dllXbGhMMEpaTWxCTFNVbE9WRU5CTURFdVFVMUZMa2RDVEY5QlRVVWxNakJKVGtaU1FTVXlNRU5CSlRJd01ERW9OQ2t1WTNKME1GWUdDQ3NHQVFVRkJ6QUNoa3BvZEhSd09pOHZZM0pzTWk1aGJXVXVaMkpzTDJGcFlTOUNXVEpRUzBsSlRsUkRRVEF4TGtGTlJTNUhRa3hmUVUxRkpUSXdTVTVHVWtFbE1qQkRRU1V5TURBeEtEUXBMbU55ZERCV0JnZ3JCZ0VGQlFjd0FvWkthSFIwY0RvdkwyTnliRE11WVcxbExtZGliQzloYVdFdlFsa3lVRXRKU1U1VVEwRXdNUzVCVFVVdVIwSk1YMEZOUlNVeU1FbE9SbEpCSlRJd1EwRWxNakF3TVNnMEtTNWpjblF3VmdZSUt3WUJCUVVITUFLR1NtaDBkSEE2THk5amNtdzBMbUZ0WlM1blltd3ZZV2xoTDBKWk1sQkxTVWxPVkVOQk1ERXVRVTFGTGtkQ1RGOUJUVVVsTWpCSlRrWlNRU1V5TUVOQkpUSXdNREVvTkNrdVkzSjBNQjBHQTFVZERnUVdCQlNOdGE2T3c2ODBrNmFwX29fM1pLZDBCdWtKUVRBT0JnTlZIUThCQWY4RUJBTUNCYUF3Z2dFMUJnTlZIUjhFZ2dFc01JSUJLRENDQVNTZ2dnRWdvSUlCSElaQ2FIUjBjRG92TDJOeWJDNXRhV055YjNOdlpuUXVZMjl0TDNCcmFXbHVabkpoTDBOU1RDOUJUVVVsTWpCSlRrWlNRU1V5TUVOQkpUSXdNREVvTkNrdVkzSnNoalJvZEhSd09pOHZZM0pzTVM1aGJXVXVaMkpzTDJOeWJDOUJUVVVsTWpCSlRrWlNRU1V5TUVOQkpUSXdNREVvTkNrdVkzSnNoalJvZEhSd09pOHZZM0pzTWk1aGJXVXVaMkpzTDJOeWJDOUJUVVVsTWpCSlRrWlNRU1V5TUVOQkpUSXdNREVvTkNrdVkzSnNoalJvZEhSd09pOHZZM0pzTXk1aGJXVXVaMkpzTDJOeWJDOUJUVVVsTWpCSlRrWlNRU1V5TUVOQkpUSXdNREVvTkNrdVkzSnNoalJvZEhSd09pOHZZM0pzTkM1aGJXVXVaMkpzTDJOeWJDOUJUVVVsTWpCSlRrWlNRU1V5TUVOQkpUSXdNREVvTkNrdVkzSnNNQmNHQTFVZElBUVFNQTR3REFZS0t3WUJCQUdDTjNzQkFUQWZCZ05WSFNNRUdEQVdnQlRsMlp0bl9QanN1cnZ3d0tpZGlsZUl1ZDgtWXpBZEJnTlZIU1VFRmpBVUJnZ3JCZ0VGQlFjREFRWUlLd1lCQlFVSEF3SXdEUVlKS29aSWh2Y05BUUVMQlFBRGdnRUJBSmZocWlnSVNTRmtwNUc1c0hJZzdzaHFncTBuTXU0WmtyRnl0S1lvajlueUlrYnA1d1MyUzJTbnhBcGJrNkRHZkNvcGVXMmJULTQxTHVBQnhycEhoSW54ZFFSd2M0aGZOa1ZnNWs0OGpiU2thUDRSblk1MlZUNzBrSDJ2bmdHM3pEY3BkbF9VZHRYajVxQ3pFZmZIVjJaM3pienY5cnc4NjBqWkl3a1o1Vkdtb1lvOWdoSFhvWVg1bFE5cG0wVC1NN0doVzA3OGdHamFqakdKLWVSNUNRNGZmblI1a0JKUlZlMUJfUy1uZmFrQ3FFTGRmRGV3aU82NC1rXy04UkFzSEk3NXZVbkk2U19SUWZhMEdhaDYwd0F3T1hYWEdSelNiLW01dHZLSWdxVmI0Nk1QcDlySzFIZ3djVWt2a19NZW9JMlh0WFVOX1NXMnVSWENGcDlVX1BvJnM9cXBoaW5pakVOaHkzZnplUVhFdlJxTXhVMnJULW1lUERlLXFFQlMxRkJSVzd0SFQyUmNsX25LV2JpMXhxMkJFcTNlb0dmT01hekw5U1lDX2NtM2E5OTAyZnBTMDlnUlJkNTBXbGNSRjBIV0wyRS1ZUy1udFlzVFk2bENxWWJ1dG9xb1E1cmRNQklOVFhacHBEMEpqTlkzM2FPOXl3RGpRUlBvazBFOGpWTzJWUjFzcU95ZWxJOW1oVVZtS2NkMlVtLW5JU3NYdlp6TlhqRmUwaGhDZE5GSHZRZ2VvNkdDemVGVzBDSFM4MW9oTTJVSmdTTC1zQVl6cEhwQ1RUUVBiaUwySURNUVNoMVROQzZtUDk0YlREQWN2UGdmdDdtQl9OWi1rYXBtQU4tVkM0US1SNnJ5SklMY05GVjIwV2F5SXAyX2hEdG1hLWhJUVpwcWJqWkdjekVnJmg9dGdLQXgzU1puWjVmQVJEUDgyRFRBU0VuS2hmOWZGQkdXbnhrSXFiSnZkOA==",
      "RequestMethod": "GET",
      "RequestHeaders": {
        "User-Agent": [
          "FxVersion/6.0.2323.48002",
          "OSName/Windows",
          "OSVersion/Microsoft.Windows.10.0.22621",
          "Microsoft.Azure.Management.Internal.Resources.ResourceManagementClient/1.3.86"
        ]
      },
      "RequestBody": "",
      "ResponseHeaders": {
        "Cache-Control": [
          "no-cache"
        ],
        "Pragma": [
          "no-cache"
        ],
        "Location": [
          "https://eastus2euap.management.azure.com/subscriptions/ee787b9b-a25f-4d20-86e9-45fcea5253dd/operationresults/eyJqb2JJZCI6IlJFU09VUkNFR1JPVVBERUxFVElPTkpPQi1QUzY0MDUtRUFTVFVTIiwiam9iTG9jYXRpb24iOiJlYXN0dXMifQ?api-version=2016-09-01&t=638333739140814339&c=MIIHHjCCBgagAwIBAgITOgHct7O3aN_KxDKNJwAEAdy3szANBgkqhkiG9w0BAQsFADBEMRMwEQYKCZImiZPyLGQBGRYDR0JMMRMwEQYKCZImiZPyLGQBGRYDQU1FMRgwFgYDVQQDEw9BTUUgSU5GUkEgQ0EgMDEwHhcNMjMwODAyMDc1ODI0WhcNMjQwNzI3MDc1ODI0WjBAMT4wPAYDVQQDEzVhc3luY29wZXJhdGlvbnNpZ25pbmdjZXJ0aWZpY2F0ZS5tYW5hZ2VtZW50LmF6dXJlLmNvbTCCASIwDQYJKoZIhvcNAQEBBQADggEPADCCAQoCggEBALgLnSbzEbFP5vuRFjPkIRVhgz-iw8NSD7e9KiRk9joLl4YrnC0aSuKwshRe9v_Gl--CqxXgkcpCrfdylaxeXPCqPbSAySW8ZXeSDzD35sq_pFnpKhucgB99Ge-e1unJgvYfJTi3-ri0oDMpryPjlj-DSAQ7LPz35cKSbzFYKu3mynC6wWObzCuwGt5qbJ4uxeqzSw_EaLK0-6awwn50lVsKnZtiZhdfHXDKKLap7dLAww0CM1k9FmqGvlSPIwLevHqzTzDqw1Z7aqoRUH_sezhZxKvKw2KKL0h73J1uStBKaiwxPh-9JrGtrp5emkNsj2V-tuOQ7sam3Z3urFRWBZECAwEAAaOCBAswggQHMCcGCSsGAQQBgjcVCgQaMBgwCgYIKwYBBQUHAwEwCgYIKwYBBQUHAwIwPQYJKwYBBAGCNxUHBDAwLgYmKwYBBAGCNxUIhpDjDYTVtHiE8Ys-hZvdFs6dEoFggvX2K4Py0SACAWQCAQowggHaBggrBgEFBQcBAQSCAcwwggHIMGYGCCsGAQUFBzAChlpodHRwOi8vY3JsLm1pY3Jvc29mdC5jb20vcGtpaW5mcmEvQ2VydHMvQlkyUEtJSU5UQ0EwMS5BTUUuR0JMX0FNRSUyMElORlJBJTIwQ0ElMjAwMSg0KS5jcnQwVgYIKwYBBQUHMAKGSmh0dHA6Ly9jcmwxLmFtZS5nYmwvYWlhL0JZMlBLSUlOVENBMDEuQU1FLkdCTF9BTUUlMjBJTkZSQSUyMENBJTIwMDEoNCkuY3J0MFYGCCsGAQUFBzAChkpodHRwOi8vY3JsMi5hbWUuZ2JsL2FpYS9CWTJQS0lJTlRDQTAxLkFNRS5HQkxfQU1FJTIwSU5GUkElMjBDQSUyMDAxKDQpLmNydDBWBggrBgEFBQcwAoZKaHR0cDovL2NybDMuYW1lLmdibC9haWEvQlkyUEtJSU5UQ0EwMS5BTUUuR0JMX0FNRSUyMElORlJBJTIwQ0ElMjAwMSg0KS5jcnQwVgYIKwYBBQUHMAKGSmh0dHA6Ly9jcmw0LmFtZS5nYmwvYWlhL0JZMlBLSUlOVENBMDEuQU1FLkdCTF9BTUUlMjBJTkZSQSUyMENBJTIwMDEoNCkuY3J0MB0GA1UdDgQWBBSNta6Ow680k6ap_o_3ZKd0BukJQTAOBgNVHQ8BAf8EBAMCBaAwggE1BgNVHR8EggEsMIIBKDCCASSgggEgoIIBHIZCaHR0cDovL2NybC5taWNyb3NvZnQuY29tL3BraWluZnJhL0NSTC9BTUUlMjBJTkZSQSUyMENBJTIwMDEoNCkuY3JshjRodHRwOi8vY3JsMS5hbWUuZ2JsL2NybC9BTUUlMjBJTkZSQSUyMENBJTIwMDEoNCkuY3JshjRodHRwOi8vY3JsMi5hbWUuZ2JsL2NybC9BTUUlMjBJTkZSQSUyMENBJTIwMDEoNCkuY3JshjRodHRwOi8vY3JsMy5hbWUuZ2JsL2NybC9BTUUlMjBJTkZSQSUyMENBJTIwMDEoNCkuY3JshjRodHRwOi8vY3JsNC5hbWUuZ2JsL2NybC9BTUUlMjBJTkZSQSUyMENBJTIwMDEoNCkuY3JsMBcGA1UdIAQQMA4wDAYKKwYBBAGCN3sBATAfBgNVHSMEGDAWgBTl2Ztn_PjsurvwwKidileIud8-YzAdBgNVHSUEFjAUBggrBgEFBQcDAQYIKwYBBQUHAwIwDQYJKoZIhvcNAQELBQADggEBAJfhqigISSFkp5G5sHIg7shqgq0nMu4ZkrFytKYoj9nyIkbp5wS2S2SnxApbk6DGfCopeW2bT-41LuABxrpHhInxdQRwc4hfNkVg5k48jbSkaP4RnY52VT70kH2vngG3zDcpdl_UdtXj5qCzEffHV2Z3zbzv9rw860jZIwkZ5VGmoYo9ghHXoYX5lQ9pm0T-M7GhW078gGjajjGJ-eR5CQ4ffnR5kBJRVe1B_S-nfakCqELdfDewiO64-k_-8RAsHI75vUnI6S_RQfa0Gah60wAwOXXXGRzSb-m5tvKIgqVb46MPp9rK1HgwcUkvk_MeoI2XtXUN_SW2uRXCFp9U_Po&s=HivDhK4wq0ktvkzvRTT-Q2mNyIaElc7YNvLin9t_m0xwIBZtuLSjro0Qlu9H2R4eMfj-jXcPU74eQ-qS_Yy19w4LgShx_NooUylnxSI96Ir2MafxQCgqw-FSbdjT_A8UaGt5d4wEKq4BaFGd1FttvF_EC1hZARMzaB6iFinyu2YjD1SML267pGpeMOtIuyvmvaK__9bThsdNQft1hfD4w6F4S8L58-pVNWW9Fu6iv3RyLm3So6fBO5m1SF9YS68j1DiFRffoPKSVO10Z6FvAL4V_8HV9yLSS5zBULgfggwcz5EVcDS3Mea4sPf3Ibo07J0t5ZxgVk3gHXJxFPEoNRg&h=ao3MYjisi7g0BIye-7fAZd9Vq5B5lzWQ6RndgCXAs2w"
        ],
        "Retry-After": [
          "15"
        ],
        "x-ms-ratelimit-remaining-subscription-reads": [
          "11999"
        ],
        "x-ms-request-id": [
          "1e2b81b3-81a1-463f-a998-5228a8752826"
        ],
        "x-ms-correlation-request-id": [
          "1e2b81b3-81a1-463f-a998-5228a8752826"
        ],
        "x-ms-routing-request-id": [
          "EASTUS2EUAP:20231020T044514Z:1e2b81b3-81a1-463f-a998-5228a8752826"
        ],
        "Strict-Transport-Security": [
          "max-age=31536000; includeSubDomains"
        ],
        "X-Content-Type-Options": [
          "nosniff"
        ],
        "Date": [
          "Fri, 20 Oct 2023 04:45:13 GMT"
        ],
        "Expires": [
          "-1"
        ],
        "Content-Length": [
          "0"
        ]
      },
      "ResponseBody": "",
      "StatusCode": 202
    },
    {
      "RequestUri": "/subscriptions/ee787b9b-a25f-4d20-86e9-45fcea5253dd/operationresults/eyJqb2JJZCI6IlJFU09VUkNFR1JPVVBERUxFVElPTkpPQi1QUzY0MDUtRUFTVFVTIiwiam9iTG9jYXRpb24iOiJlYXN0dXMifQ?api-version=2016-09-01&t=638333739140814339&c=MIIHHjCCBgagAwIBAgITOgHct7O3aN_KxDKNJwAEAdy3szANBgkqhkiG9w0BAQsFADBEMRMwEQYKCZImiZPyLGQBGRYDR0JMMRMwEQYKCZImiZPyLGQBGRYDQU1FMRgwFgYDVQQDEw9BTUUgSU5GUkEgQ0EgMDEwHhcNMjMwODAyMDc1ODI0WhcNMjQwNzI3MDc1ODI0WjBAMT4wPAYDVQQDEzVhc3luY29wZXJhdGlvbnNpZ25pbmdjZXJ0aWZpY2F0ZS5tYW5hZ2VtZW50LmF6dXJlLmNvbTCCASIwDQYJKoZIhvcNAQEBBQADggEPADCCAQoCggEBALgLnSbzEbFP5vuRFjPkIRVhgz-iw8NSD7e9KiRk9joLl4YrnC0aSuKwshRe9v_Gl--CqxXgkcpCrfdylaxeXPCqPbSAySW8ZXeSDzD35sq_pFnpKhucgB99Ge-e1unJgvYfJTi3-ri0oDMpryPjlj-DSAQ7LPz35cKSbzFYKu3mynC6wWObzCuwGt5qbJ4uxeqzSw_EaLK0-6awwn50lVsKnZtiZhdfHXDKKLap7dLAww0CM1k9FmqGvlSPIwLevHqzTzDqw1Z7aqoRUH_sezhZxKvKw2KKL0h73J1uStBKaiwxPh-9JrGtrp5emkNsj2V-tuOQ7sam3Z3urFRWBZECAwEAAaOCBAswggQHMCcGCSsGAQQBgjcVCgQaMBgwCgYIKwYBBQUHAwEwCgYIKwYBBQUHAwIwPQYJKwYBBAGCNxUHBDAwLgYmKwYBBAGCNxUIhpDjDYTVtHiE8Ys-hZvdFs6dEoFggvX2K4Py0SACAWQCAQowggHaBggrBgEFBQcBAQSCAcwwggHIMGYGCCsGAQUFBzAChlpodHRwOi8vY3JsLm1pY3Jvc29mdC5jb20vcGtpaW5mcmEvQ2VydHMvQlkyUEtJSU5UQ0EwMS5BTUUuR0JMX0FNRSUyMElORlJBJTIwQ0ElMjAwMSg0KS5jcnQwVgYIKwYBBQUHMAKGSmh0dHA6Ly9jcmwxLmFtZS5nYmwvYWlhL0JZMlBLSUlOVENBMDEuQU1FLkdCTF9BTUUlMjBJTkZSQSUyMENBJTIwMDEoNCkuY3J0MFYGCCsGAQUFBzAChkpodHRwOi8vY3JsMi5hbWUuZ2JsL2FpYS9CWTJQS0lJTlRDQTAxLkFNRS5HQkxfQU1FJTIwSU5GUkElMjBDQSUyMDAxKDQpLmNydDBWBggrBgEFBQcwAoZKaHR0cDovL2NybDMuYW1lLmdibC9haWEvQlkyUEtJSU5UQ0EwMS5BTUUuR0JMX0FNRSUyMElORlJBJTIwQ0ElMjAwMSg0KS5jcnQwVgYIKwYBBQUHMAKGSmh0dHA6Ly9jcmw0LmFtZS5nYmwvYWlhL0JZMlBLSUlOVENBMDEuQU1FLkdCTF9BTUUlMjBJTkZSQSUyMENBJTIwMDEoNCkuY3J0MB0GA1UdDgQWBBSNta6Ow680k6ap_o_3ZKd0BukJQTAOBgNVHQ8BAf8EBAMCBaAwggE1BgNVHR8EggEsMIIBKDCCASSgggEgoIIBHIZCaHR0cDovL2NybC5taWNyb3NvZnQuY29tL3BraWluZnJhL0NSTC9BTUUlMjBJTkZSQSUyMENBJTIwMDEoNCkuY3JshjRodHRwOi8vY3JsMS5hbWUuZ2JsL2NybC9BTUUlMjBJTkZSQSUyMENBJTIwMDEoNCkuY3JshjRodHRwOi8vY3JsMi5hbWUuZ2JsL2NybC9BTUUlMjBJTkZSQSUyMENBJTIwMDEoNCkuY3JshjRodHRwOi8vY3JsMy5hbWUuZ2JsL2NybC9BTUUlMjBJTkZSQSUyMENBJTIwMDEoNCkuY3JshjRodHRwOi8vY3JsNC5hbWUuZ2JsL2NybC9BTUUlMjBJTkZSQSUyMENBJTIwMDEoNCkuY3JsMBcGA1UdIAQQMA4wDAYKKwYBBAGCN3sBATAfBgNVHSMEGDAWgBTl2Ztn_PjsurvwwKidileIud8-YzAdBgNVHSUEFjAUBggrBgEFBQcDAQYIKwYBBQUHAwIwDQYJKoZIhvcNAQELBQADggEBAJfhqigISSFkp5G5sHIg7shqgq0nMu4ZkrFytKYoj9nyIkbp5wS2S2SnxApbk6DGfCopeW2bT-41LuABxrpHhInxdQRwc4hfNkVg5k48jbSkaP4RnY52VT70kH2vngG3zDcpdl_UdtXj5qCzEffHV2Z3zbzv9rw860jZIwkZ5VGmoYo9ghHXoYX5lQ9pm0T-M7GhW078gGjajjGJ-eR5CQ4ffnR5kBJRVe1B_S-nfakCqELdfDewiO64-k_-8RAsHI75vUnI6S_RQfa0Gah60wAwOXXXGRzSb-m5tvKIgqVb46MPp9rK1HgwcUkvk_MeoI2XtXUN_SW2uRXCFp9U_Po&s=HivDhK4wq0ktvkzvRTT-Q2mNyIaElc7YNvLin9t_m0xwIBZtuLSjro0Qlu9H2R4eMfj-jXcPU74eQ-qS_Yy19w4LgShx_NooUylnxSI96Ir2MafxQCgqw-FSbdjT_A8UaGt5d4wEKq4BaFGd1FttvF_EC1hZARMzaB6iFinyu2YjD1SML267pGpeMOtIuyvmvaK__9bThsdNQft1hfD4w6F4S8L58-pVNWW9Fu6iv3RyLm3So6fBO5m1SF9YS68j1DiFRffoPKSVO10Z6FvAL4V_8HV9yLSS5zBULgfggwcz5EVcDS3Mea4sPf3Ibo07J0t5ZxgVk3gHXJxFPEoNRg&h=ao3MYjisi7g0BIye-7fAZd9Vq5B5lzWQ6RndgCXAs2w",
      "EncodedRequestUri": "L3N1YnNjcmlwdGlvbnMvZWU3ODdiOWItYTI1Zi00ZDIwLTg2ZTktNDVmY2VhNTI1M2RkL29wZXJhdGlvbnJlc3VsdHMvZXlKcWIySkpaQ0k2SWxKRlUwOVZVa05GUjFKUFZWQkVSVXhGVkVsUFRrcFBRaTFRVXpZME1EVXRSVUZUVkZWVElpd2lhbTlpVEc5allYUnBiMjRpT2lKbFlYTjBkWE1pZlE/YXBpLXZlcnNpb249MjAxNi0wOS0wMSZ0PTYzODMzMzczOTE0MDgxNDMzOSZjPU1JSUhIakNDQmdhZ0F3SUJBZ0lUT2dIY3Q3TzNhTl9LeERLTkp3QUVBZHkzc3pBTkJna3Foa2lHOXcwQkFRc0ZBREJFTVJNd0VRWUtDWkltaVpQeUxHUUJHUllEUjBKTU1STXdFUVlLQ1pJbWlaUHlMR1FCR1JZRFFVMUZNUmd3RmdZRFZRUURFdzlCVFVVZ1NVNUdVa0VnUTBFZ01ERXdIaGNOTWpNd09EQXlNRGMxT0RJMFdoY05NalF3TnpJM01EYzFPREkwV2pCQU1UNHdQQVlEVlFRREV6VmhjM2x1WTI5d1pYSmhkR2x2Ym5OcFoyNXBibWRqWlhKMGFXWnBZMkYwWlM1dFlXNWhaMlZ0Wlc1MExtRjZkWEpsTG1OdmJUQ0NBU0l3RFFZSktvWklodmNOQVFFQkJRQURnZ0VQQURDQ0FRb0NnZ0VCQUxnTG5TYnpFYkZQNXZ1UkZqUGtJUlZoZ3otaXc4TlNEN2U5S2lSazlqb0xsNFlybkMwYVN1S3dzaFJlOXZfR2wtLUNxeFhna2NwQ3JmZHlsYXhlWFBDcVBiU0F5U1c4WlhlU0R6RDM1c3FfcEZucEtodWNnQjk5R2UtZTF1bkpndllmSlRpMy1yaTBvRE1wcnlQamxqLURTQVE3TFB6MzVjS1NiekZZS3UzbXluQzZ3V09iekN1d0d0NXFiSjR1eGVxelN3X0VhTEswLTZhd3duNTBsVnNLblp0aVpoZGZIWERLS0xhcDdkTEF3dzBDTTFrOUZtcUd2bFNQSXdMZXZIcXpUekRxdzFaN2Fxb1JVSF9zZXpoWnhLdkt3MktLTDBoNzNKMXVTdEJLYWl3eFBoLTlKckd0cnA1ZW1rTnNqMlYtdHVPUTdzYW0zWjN1ckZSV0JaRUNBd0VBQWFPQ0JBc3dnZ1FITUNjR0NTc0dBUVFCZ2pjVkNnUWFNQmd3Q2dZSUt3WUJCUVVIQXdFd0NnWUlLd1lCQlFVSEF3SXdQUVlKS3dZQkJBR0NOeFVIQkRBd0xnWW1Ld1lCQkFHQ054VUlocERqRFlUVnRIaUU4WXMtaFp2ZEZzNmRFb0ZnZ3ZYMks0UHkwU0FDQVdRQ0FRb3dnZ0hhQmdnckJnRUZCUWNCQVFTQ0Fjd3dnZ0hJTUdZR0NDc0dBUVVGQnpBQ2hscG9kSFJ3T2k4dlkzSnNMbTFwWTNKdmMyOW1kQzVqYjIwdmNHdHBhVzVtY21FdlEyVnlkSE12UWxreVVFdEpTVTVVUTBFd01TNUJUVVV1UjBKTVgwRk5SU1V5TUVsT1JsSkJKVEl3UTBFbE1qQXdNU2cwS1M1amNuUXdWZ1lJS3dZQkJRVUhNQUtHU21oMGRIQTZMeTlqY213eExtRnRaUzVuWW13dllXbGhMMEpaTWxCTFNVbE9WRU5CTURFdVFVMUZMa2RDVEY5QlRVVWxNakJKVGtaU1FTVXlNRU5CSlRJd01ERW9OQ2t1WTNKME1GWUdDQ3NHQVFVRkJ6QUNoa3BvZEhSd09pOHZZM0pzTWk1aGJXVXVaMkpzTDJGcFlTOUNXVEpRUzBsSlRsUkRRVEF4TGtGTlJTNUhRa3hmUVUxRkpUSXdTVTVHVWtFbE1qQkRRU1V5TURBeEtEUXBMbU55ZERCV0JnZ3JCZ0VGQlFjd0FvWkthSFIwY0RvdkwyTnliRE11WVcxbExtZGliQzloYVdFdlFsa3lVRXRKU1U1VVEwRXdNUzVCVFVVdVIwSk1YMEZOUlNVeU1FbE9SbEpCSlRJd1EwRWxNakF3TVNnMEtTNWpjblF3VmdZSUt3WUJCUVVITUFLR1NtaDBkSEE2THk5amNtdzBMbUZ0WlM1blltd3ZZV2xoTDBKWk1sQkxTVWxPVkVOQk1ERXVRVTFGTGtkQ1RGOUJUVVVsTWpCSlRrWlNRU1V5TUVOQkpUSXdNREVvTkNrdVkzSjBNQjBHQTFVZERnUVdCQlNOdGE2T3c2ODBrNmFwX29fM1pLZDBCdWtKUVRBT0JnTlZIUThCQWY4RUJBTUNCYUF3Z2dFMUJnTlZIUjhFZ2dFc01JSUJLRENDQVNTZ2dnRWdvSUlCSElaQ2FIUjBjRG92TDJOeWJDNXRhV055YjNOdlpuUXVZMjl0TDNCcmFXbHVabkpoTDBOU1RDOUJUVVVsTWpCSlRrWlNRU1V5TUVOQkpUSXdNREVvTkNrdVkzSnNoalJvZEhSd09pOHZZM0pzTVM1aGJXVXVaMkpzTDJOeWJDOUJUVVVsTWpCSlRrWlNRU1V5TUVOQkpUSXdNREVvTkNrdVkzSnNoalJvZEhSd09pOHZZM0pzTWk1aGJXVXVaMkpzTDJOeWJDOUJUVVVsTWpCSlRrWlNRU1V5TUVOQkpUSXdNREVvTkNrdVkzSnNoalJvZEhSd09pOHZZM0pzTXk1aGJXVXVaMkpzTDJOeWJDOUJUVVVsTWpCSlRrWlNRU1V5TUVOQkpUSXdNREVvTkNrdVkzSnNoalJvZEhSd09pOHZZM0pzTkM1aGJXVXVaMkpzTDJOeWJDOUJUVVVsTWpCSlRrWlNRU1V5TUVOQkpUSXdNREVvTkNrdVkzSnNNQmNHQTFVZElBUVFNQTR3REFZS0t3WUJCQUdDTjNzQkFUQWZCZ05WSFNNRUdEQVdnQlRsMlp0bl9QanN1cnZ3d0tpZGlsZUl1ZDgtWXpBZEJnTlZIU1VFRmpBVUJnZ3JCZ0VGQlFjREFRWUlLd1lCQlFVSEF3SXdEUVlKS29aSWh2Y05BUUVMQlFBRGdnRUJBSmZocWlnSVNTRmtwNUc1c0hJZzdzaHFncTBuTXU0WmtyRnl0S1lvajlueUlrYnA1d1MyUzJTbnhBcGJrNkRHZkNvcGVXMmJULTQxTHVBQnhycEhoSW54ZFFSd2M0aGZOa1ZnNWs0OGpiU2thUDRSblk1MlZUNzBrSDJ2bmdHM3pEY3BkbF9VZHRYajVxQ3pFZmZIVjJaM3pienY5cnc4NjBqWkl3a1o1Vkdtb1lvOWdoSFhvWVg1bFE5cG0wVC1NN0doVzA3OGdHamFqakdKLWVSNUNRNGZmblI1a0JKUlZlMUJfUy1uZmFrQ3FFTGRmRGV3aU82NC1rXy04UkFzSEk3NXZVbkk2U19SUWZhMEdhaDYwd0F3T1hYWEdSelNiLW01dHZLSWdxVmI0Nk1QcDlySzFIZ3djVWt2a19NZW9JMlh0WFVOX1NXMnVSWENGcDlVX1BvJnM9SGl2RGhLNHdxMGt0dmt6dlJUVC1RMm1OeUlhRWxjN1lOdkxpbjl0X20weHdJQlp0dUxTanJvMFFsdTlIMlI0ZU1mai1qWGNQVTc0ZVEtcVNfWXkxOXc0TGdTaHhfTm9vVXlsbnhTSTk2SXIyTWFmeFFDZ3F3LUZTYmRqVF9BOFVhR3Q1ZDR3RUtxNEJhRkdkMUZ0dHZGX0VDMWhaQVJNemFCNmlGaW55dTJZakQxU01MMjY3cEdwZU1PdEl1eXZtdmFLX185YlRoc2ROUWZ0MWhmRDR3NkY0UzhMNTgtcFZOV1c5RnU2aXYzUnlMbTNTbzZmQk81bTFTRjlZUzY4ajFEaUZSZmZvUEtTVk8xMFo2RnZBTDRWXzhIVjl5TFNTNXpCVUxnZmdnd2N6NUVWY0RTM01lYTRzUGYzSWJvMDdKMHQ1WnhnVmszZ0hYSnhGUEVvTlJnJmg9YW8zTVlqaXNpN2cwQkl5ZS03ZkFaZDlWcTVCNWx6V1E2Um5kZ0NYQXMydw==",
      "RequestMethod": "GET",
      "RequestHeaders": {
        "User-Agent": [
          "FxVersion/6.0.2323.48002",
          "OSName/Windows",
          "OSVersion/Microsoft.Windows.10.0.22621",
          "Microsoft.Azure.Management.Internal.Resources.ResourceManagementClient/1.3.86"
        ]
      },
      "RequestBody": "",
      "ResponseHeaders": {
        "Cache-Control": [
          "no-cache"
        ],
        "Pragma": [
          "no-cache"
        ],
        "Location": [
          "https://eastus2euap.management.azure.com/subscriptions/ee787b9b-a25f-4d20-86e9-45fcea5253dd/operationresults/eyJqb2JJZCI6IlJFU09VUkNFR1JPVVBERUxFVElPTkpPQi1QUzY0MDUtRUFTVFVTIiwiam9iTG9jYXRpb24iOiJlYXN0dXMifQ?api-version=2016-09-01&t=638333739292379840&c=MIIHHjCCBgagAwIBAgITOgHct7O3aN_KxDKNJwAEAdy3szANBgkqhkiG9w0BAQsFADBEMRMwEQYKCZImiZPyLGQBGRYDR0JMMRMwEQYKCZImiZPyLGQBGRYDQU1FMRgwFgYDVQQDEw9BTUUgSU5GUkEgQ0EgMDEwHhcNMjMwODAyMDc1ODI0WhcNMjQwNzI3MDc1ODI0WjBAMT4wPAYDVQQDEzVhc3luY29wZXJhdGlvbnNpZ25pbmdjZXJ0aWZpY2F0ZS5tYW5hZ2VtZW50LmF6dXJlLmNvbTCCASIwDQYJKoZIhvcNAQEBBQADggEPADCCAQoCggEBALgLnSbzEbFP5vuRFjPkIRVhgz-iw8NSD7e9KiRk9joLl4YrnC0aSuKwshRe9v_Gl--CqxXgkcpCrfdylaxeXPCqPbSAySW8ZXeSDzD35sq_pFnpKhucgB99Ge-e1unJgvYfJTi3-ri0oDMpryPjlj-DSAQ7LPz35cKSbzFYKu3mynC6wWObzCuwGt5qbJ4uxeqzSw_EaLK0-6awwn50lVsKnZtiZhdfHXDKKLap7dLAww0CM1k9FmqGvlSPIwLevHqzTzDqw1Z7aqoRUH_sezhZxKvKw2KKL0h73J1uStBKaiwxPh-9JrGtrp5emkNsj2V-tuOQ7sam3Z3urFRWBZECAwEAAaOCBAswggQHMCcGCSsGAQQBgjcVCgQaMBgwCgYIKwYBBQUHAwEwCgYIKwYBBQUHAwIwPQYJKwYBBAGCNxUHBDAwLgYmKwYBBAGCNxUIhpDjDYTVtHiE8Ys-hZvdFs6dEoFggvX2K4Py0SACAWQCAQowggHaBggrBgEFBQcBAQSCAcwwggHIMGYGCCsGAQUFBzAChlpodHRwOi8vY3JsLm1pY3Jvc29mdC5jb20vcGtpaW5mcmEvQ2VydHMvQlkyUEtJSU5UQ0EwMS5BTUUuR0JMX0FNRSUyMElORlJBJTIwQ0ElMjAwMSg0KS5jcnQwVgYIKwYBBQUHMAKGSmh0dHA6Ly9jcmwxLmFtZS5nYmwvYWlhL0JZMlBLSUlOVENBMDEuQU1FLkdCTF9BTUUlMjBJTkZSQSUyMENBJTIwMDEoNCkuY3J0MFYGCCsGAQUFBzAChkpodHRwOi8vY3JsMi5hbWUuZ2JsL2FpYS9CWTJQS0lJTlRDQTAxLkFNRS5HQkxfQU1FJTIwSU5GUkElMjBDQSUyMDAxKDQpLmNydDBWBggrBgEFBQcwAoZKaHR0cDovL2NybDMuYW1lLmdibC9haWEvQlkyUEtJSU5UQ0EwMS5BTUUuR0JMX0FNRSUyMElORlJBJTIwQ0ElMjAwMSg0KS5jcnQwVgYIKwYBBQUHMAKGSmh0dHA6Ly9jcmw0LmFtZS5nYmwvYWlhL0JZMlBLSUlOVENBMDEuQU1FLkdCTF9BTUUlMjBJTkZSQSUyMENBJTIwMDEoNCkuY3J0MB0GA1UdDgQWBBSNta6Ow680k6ap_o_3ZKd0BukJQTAOBgNVHQ8BAf8EBAMCBaAwggE1BgNVHR8EggEsMIIBKDCCASSgggEgoIIBHIZCaHR0cDovL2NybC5taWNyb3NvZnQuY29tL3BraWluZnJhL0NSTC9BTUUlMjBJTkZSQSUyMENBJTIwMDEoNCkuY3JshjRodHRwOi8vY3JsMS5hbWUuZ2JsL2NybC9BTUUlMjBJTkZSQSUyMENBJTIwMDEoNCkuY3JshjRodHRwOi8vY3JsMi5hbWUuZ2JsL2NybC9BTUUlMjBJTkZSQSUyMENBJTIwMDEoNCkuY3JshjRodHRwOi8vY3JsMy5hbWUuZ2JsL2NybC9BTUUlMjBJTkZSQSUyMENBJTIwMDEoNCkuY3JshjRodHRwOi8vY3JsNC5hbWUuZ2JsL2NybC9BTUUlMjBJTkZSQSUyMENBJTIwMDEoNCkuY3JsMBcGA1UdIAQQMA4wDAYKKwYBBAGCN3sBATAfBgNVHSMEGDAWgBTl2Ztn_PjsurvwwKidileIud8-YzAdBgNVHSUEFjAUBggrBgEFBQcDAQYIKwYBBQUHAwIwDQYJKoZIhvcNAQELBQADggEBAJfhqigISSFkp5G5sHIg7shqgq0nMu4ZkrFytKYoj9nyIkbp5wS2S2SnxApbk6DGfCopeW2bT-41LuABxrpHhInxdQRwc4hfNkVg5k48jbSkaP4RnY52VT70kH2vngG3zDcpdl_UdtXj5qCzEffHV2Z3zbzv9rw860jZIwkZ5VGmoYo9ghHXoYX5lQ9pm0T-M7GhW078gGjajjGJ-eR5CQ4ffnR5kBJRVe1B_S-nfakCqELdfDewiO64-k_-8RAsHI75vUnI6S_RQfa0Gah60wAwOXXXGRzSb-m5tvKIgqVb46MPp9rK1HgwcUkvk_MeoI2XtXUN_SW2uRXCFp9U_Po&s=orQZr7rj0DnaKkqkT_OA6gEQ3_q1wOi-ORJ_zIVZ3ydiJ3mfUDmnDzfP-uJocXKkx0MEmrm1qmpOetQ0rKpToRl8oUSMfbCDftx4Wx7yyAjpxnI5KLAFiBjhafl-TX32YVpqXHRG3yVPhOQI1Uszpsp_-hiO7CiFSP61mCUeooPtjscuLancItVjG5RhTL-Css1gRVFMSEMDNAR9kWraTQMe_gkCseB88-hO9rwZqcmSIRz6VBRHk3VYTcUpopf5iUDR9z7WQYt-qS4XE7ho-Ohw8ils_Kf69Wued8Pr1BXym1boOqGZr3bXH-RDobfCSJXZuhTyo3FbFLpyesTVQg&h=hIhGh_hixC6a0kVVIZVh6O296vGkUcixuwVI1Hsw7rQ"
        ],
        "Retry-After": [
          "15"
        ],
        "x-ms-ratelimit-remaining-subscription-reads": [
          "11998"
        ],
        "x-ms-request-id": [
          "817a5c36-fd18-4e47-b04d-9f3dba11851d"
        ],
        "x-ms-correlation-request-id": [
          "817a5c36-fd18-4e47-b04d-9f3dba11851d"
        ],
        "x-ms-routing-request-id": [
          "EASTUS2EUAP:20231020T044529Z:817a5c36-fd18-4e47-b04d-9f3dba11851d"
        ],
        "Strict-Transport-Security": [
          "max-age=31536000; includeSubDomains"
        ],
        "X-Content-Type-Options": [
          "nosniff"
        ],
        "Date": [
          "Fri, 20 Oct 2023 04:45:29 GMT"
        ],
        "Expires": [
          "-1"
        ],
        "Content-Length": [
          "0"
        ]
      },
      "ResponseBody": "",
      "StatusCode": 202
    },
    {
      "RequestUri": "/subscriptions/ee787b9b-a25f-4d20-86e9-45fcea5253dd/operationresults/eyJqb2JJZCI6IlJFU09VUkNFR1JPVVBERUxFVElPTkpPQi1QUzY0MDUtRUFTVFVTIiwiam9iTG9jYXRpb24iOiJlYXN0dXMifQ?api-version=2016-09-01&t=638333739292379840&c=MIIHHjCCBgagAwIBAgITOgHct7O3aN_KxDKNJwAEAdy3szANBgkqhkiG9w0BAQsFADBEMRMwEQYKCZImiZPyLGQBGRYDR0JMMRMwEQYKCZImiZPyLGQBGRYDQU1FMRgwFgYDVQQDEw9BTUUgSU5GUkEgQ0EgMDEwHhcNMjMwODAyMDc1ODI0WhcNMjQwNzI3MDc1ODI0WjBAMT4wPAYDVQQDEzVhc3luY29wZXJhdGlvbnNpZ25pbmdjZXJ0aWZpY2F0ZS5tYW5hZ2VtZW50LmF6dXJlLmNvbTCCASIwDQYJKoZIhvcNAQEBBQADggEPADCCAQoCggEBALgLnSbzEbFP5vuRFjPkIRVhgz-iw8NSD7e9KiRk9joLl4YrnC0aSuKwshRe9v_Gl--CqxXgkcpCrfdylaxeXPCqPbSAySW8ZXeSDzD35sq_pFnpKhucgB99Ge-e1unJgvYfJTi3-ri0oDMpryPjlj-DSAQ7LPz35cKSbzFYKu3mynC6wWObzCuwGt5qbJ4uxeqzSw_EaLK0-6awwn50lVsKnZtiZhdfHXDKKLap7dLAww0CM1k9FmqGvlSPIwLevHqzTzDqw1Z7aqoRUH_sezhZxKvKw2KKL0h73J1uStBKaiwxPh-9JrGtrp5emkNsj2V-tuOQ7sam3Z3urFRWBZECAwEAAaOCBAswggQHMCcGCSsGAQQBgjcVCgQaMBgwCgYIKwYBBQUHAwEwCgYIKwYBBQUHAwIwPQYJKwYBBAGCNxUHBDAwLgYmKwYBBAGCNxUIhpDjDYTVtHiE8Ys-hZvdFs6dEoFggvX2K4Py0SACAWQCAQowggHaBggrBgEFBQcBAQSCAcwwggHIMGYGCCsGAQUFBzAChlpodHRwOi8vY3JsLm1pY3Jvc29mdC5jb20vcGtpaW5mcmEvQ2VydHMvQlkyUEtJSU5UQ0EwMS5BTUUuR0JMX0FNRSUyMElORlJBJTIwQ0ElMjAwMSg0KS5jcnQwVgYIKwYBBQUHMAKGSmh0dHA6Ly9jcmwxLmFtZS5nYmwvYWlhL0JZMlBLSUlOVENBMDEuQU1FLkdCTF9BTUUlMjBJTkZSQSUyMENBJTIwMDEoNCkuY3J0MFYGCCsGAQUFBzAChkpodHRwOi8vY3JsMi5hbWUuZ2JsL2FpYS9CWTJQS0lJTlRDQTAxLkFNRS5HQkxfQU1FJTIwSU5GUkElMjBDQSUyMDAxKDQpLmNydDBWBggrBgEFBQcwAoZKaHR0cDovL2NybDMuYW1lLmdibC9haWEvQlkyUEtJSU5UQ0EwMS5BTUUuR0JMX0FNRSUyMElORlJBJTIwQ0ElMjAwMSg0KS5jcnQwVgYIKwYBBQUHMAKGSmh0dHA6Ly9jcmw0LmFtZS5nYmwvYWlhL0JZMlBLSUlOVENBMDEuQU1FLkdCTF9BTUUlMjBJTkZSQSUyMENBJTIwMDEoNCkuY3J0MB0GA1UdDgQWBBSNta6Ow680k6ap_o_3ZKd0BukJQTAOBgNVHQ8BAf8EBAMCBaAwggE1BgNVHR8EggEsMIIBKDCCASSgggEgoIIBHIZCaHR0cDovL2NybC5taWNyb3NvZnQuY29tL3BraWluZnJhL0NSTC9BTUUlMjBJTkZSQSUyMENBJTIwMDEoNCkuY3JshjRodHRwOi8vY3JsMS5hbWUuZ2JsL2NybC9BTUUlMjBJTkZSQSUyMENBJTIwMDEoNCkuY3JshjRodHRwOi8vY3JsMi5hbWUuZ2JsL2NybC9BTUUlMjBJTkZSQSUyMENBJTIwMDEoNCkuY3JshjRodHRwOi8vY3JsMy5hbWUuZ2JsL2NybC9BTUUlMjBJTkZSQSUyMENBJTIwMDEoNCkuY3JshjRodHRwOi8vY3JsNC5hbWUuZ2JsL2NybC9BTUUlMjBJTkZSQSUyMENBJTIwMDEoNCkuY3JsMBcGA1UdIAQQMA4wDAYKKwYBBAGCN3sBATAfBgNVHSMEGDAWgBTl2Ztn_PjsurvwwKidileIud8-YzAdBgNVHSUEFjAUBggrBgEFBQcDAQYIKwYBBQUHAwIwDQYJKoZIhvcNAQELBQADggEBAJfhqigISSFkp5G5sHIg7shqgq0nMu4ZkrFytKYoj9nyIkbp5wS2S2SnxApbk6DGfCopeW2bT-41LuABxrpHhInxdQRwc4hfNkVg5k48jbSkaP4RnY52VT70kH2vngG3zDcpdl_UdtXj5qCzEffHV2Z3zbzv9rw860jZIwkZ5VGmoYo9ghHXoYX5lQ9pm0T-M7GhW078gGjajjGJ-eR5CQ4ffnR5kBJRVe1B_S-nfakCqELdfDewiO64-k_-8RAsHI75vUnI6S_RQfa0Gah60wAwOXXXGRzSb-m5tvKIgqVb46MPp9rK1HgwcUkvk_MeoI2XtXUN_SW2uRXCFp9U_Po&s=orQZr7rj0DnaKkqkT_OA6gEQ3_q1wOi-ORJ_zIVZ3ydiJ3mfUDmnDzfP-uJocXKkx0MEmrm1qmpOetQ0rKpToRl8oUSMfbCDftx4Wx7yyAjpxnI5KLAFiBjhafl-TX32YVpqXHRG3yVPhOQI1Uszpsp_-hiO7CiFSP61mCUeooPtjscuLancItVjG5RhTL-Css1gRVFMSEMDNAR9kWraTQMe_gkCseB88-hO9rwZqcmSIRz6VBRHk3VYTcUpopf5iUDR9z7WQYt-qS4XE7ho-Ohw8ils_Kf69Wued8Pr1BXym1boOqGZr3bXH-RDobfCSJXZuhTyo3FbFLpyesTVQg&h=hIhGh_hixC6a0kVVIZVh6O296vGkUcixuwVI1Hsw7rQ",
      "EncodedRequestUri": "L3N1YnNjcmlwdGlvbnMvZWU3ODdiOWItYTI1Zi00ZDIwLTg2ZTktNDVmY2VhNTI1M2RkL29wZXJhdGlvbnJlc3VsdHMvZXlKcWIySkpaQ0k2SWxKRlUwOVZVa05GUjFKUFZWQkVSVXhGVkVsUFRrcFBRaTFRVXpZME1EVXRSVUZUVkZWVElpd2lhbTlpVEc5allYUnBiMjRpT2lKbFlYTjBkWE1pZlE/YXBpLXZlcnNpb249MjAxNi0wOS0wMSZ0PTYzODMzMzczOTI5MjM3OTg0MCZjPU1JSUhIakNDQmdhZ0F3SUJBZ0lUT2dIY3Q3TzNhTl9LeERLTkp3QUVBZHkzc3pBTkJna3Foa2lHOXcwQkFRc0ZBREJFTVJNd0VRWUtDWkltaVpQeUxHUUJHUllEUjBKTU1STXdFUVlLQ1pJbWlaUHlMR1FCR1JZRFFVMUZNUmd3RmdZRFZRUURFdzlCVFVVZ1NVNUdVa0VnUTBFZ01ERXdIaGNOTWpNd09EQXlNRGMxT0RJMFdoY05NalF3TnpJM01EYzFPREkwV2pCQU1UNHdQQVlEVlFRREV6VmhjM2x1WTI5d1pYSmhkR2x2Ym5OcFoyNXBibWRqWlhKMGFXWnBZMkYwWlM1dFlXNWhaMlZ0Wlc1MExtRjZkWEpsTG1OdmJUQ0NBU0l3RFFZSktvWklodmNOQVFFQkJRQURnZ0VQQURDQ0FRb0NnZ0VCQUxnTG5TYnpFYkZQNXZ1UkZqUGtJUlZoZ3otaXc4TlNEN2U5S2lSazlqb0xsNFlybkMwYVN1S3dzaFJlOXZfR2wtLUNxeFhna2NwQ3JmZHlsYXhlWFBDcVBiU0F5U1c4WlhlU0R6RDM1c3FfcEZucEtodWNnQjk5R2UtZTF1bkpndllmSlRpMy1yaTBvRE1wcnlQamxqLURTQVE3TFB6MzVjS1NiekZZS3UzbXluQzZ3V09iekN1d0d0NXFiSjR1eGVxelN3X0VhTEswLTZhd3duNTBsVnNLblp0aVpoZGZIWERLS0xhcDdkTEF3dzBDTTFrOUZtcUd2bFNQSXdMZXZIcXpUekRxdzFaN2Fxb1JVSF9zZXpoWnhLdkt3MktLTDBoNzNKMXVTdEJLYWl3eFBoLTlKckd0cnA1ZW1rTnNqMlYtdHVPUTdzYW0zWjN1ckZSV0JaRUNBd0VBQWFPQ0JBc3dnZ1FITUNjR0NTc0dBUVFCZ2pjVkNnUWFNQmd3Q2dZSUt3WUJCUVVIQXdFd0NnWUlLd1lCQlFVSEF3SXdQUVlKS3dZQkJBR0NOeFVIQkRBd0xnWW1Ld1lCQkFHQ054VUlocERqRFlUVnRIaUU4WXMtaFp2ZEZzNmRFb0ZnZ3ZYMks0UHkwU0FDQVdRQ0FRb3dnZ0hhQmdnckJnRUZCUWNCQVFTQ0Fjd3dnZ0hJTUdZR0NDc0dBUVVGQnpBQ2hscG9kSFJ3T2k4dlkzSnNMbTFwWTNKdmMyOW1kQzVqYjIwdmNHdHBhVzVtY21FdlEyVnlkSE12UWxreVVFdEpTVTVVUTBFd01TNUJUVVV1UjBKTVgwRk5SU1V5TUVsT1JsSkJKVEl3UTBFbE1qQXdNU2cwS1M1amNuUXdWZ1lJS3dZQkJRVUhNQUtHU21oMGRIQTZMeTlqY213eExtRnRaUzVuWW13dllXbGhMMEpaTWxCTFNVbE9WRU5CTURFdVFVMUZMa2RDVEY5QlRVVWxNakJKVGtaU1FTVXlNRU5CSlRJd01ERW9OQ2t1WTNKME1GWUdDQ3NHQVFVRkJ6QUNoa3BvZEhSd09pOHZZM0pzTWk1aGJXVXVaMkpzTDJGcFlTOUNXVEpRUzBsSlRsUkRRVEF4TGtGTlJTNUhRa3hmUVUxRkpUSXdTVTVHVWtFbE1qQkRRU1V5TURBeEtEUXBMbU55ZERCV0JnZ3JCZ0VGQlFjd0FvWkthSFIwY0RvdkwyTnliRE11WVcxbExtZGliQzloYVdFdlFsa3lVRXRKU1U1VVEwRXdNUzVCVFVVdVIwSk1YMEZOUlNVeU1FbE9SbEpCSlRJd1EwRWxNakF3TVNnMEtTNWpjblF3VmdZSUt3WUJCUVVITUFLR1NtaDBkSEE2THk5amNtdzBMbUZ0WlM1blltd3ZZV2xoTDBKWk1sQkxTVWxPVkVOQk1ERXVRVTFGTGtkQ1RGOUJUVVVsTWpCSlRrWlNRU1V5TUVOQkpUSXdNREVvTkNrdVkzSjBNQjBHQTFVZERnUVdCQlNOdGE2T3c2ODBrNmFwX29fM1pLZDBCdWtKUVRBT0JnTlZIUThCQWY4RUJBTUNCYUF3Z2dFMUJnTlZIUjhFZ2dFc01JSUJLRENDQVNTZ2dnRWdvSUlCSElaQ2FIUjBjRG92TDJOeWJDNXRhV055YjNOdlpuUXVZMjl0TDNCcmFXbHVabkpoTDBOU1RDOUJUVVVsTWpCSlRrWlNRU1V5TUVOQkpUSXdNREVvTkNrdVkzSnNoalJvZEhSd09pOHZZM0pzTVM1aGJXVXVaMkpzTDJOeWJDOUJUVVVsTWpCSlRrWlNRU1V5TUVOQkpUSXdNREVvTkNrdVkzSnNoalJvZEhSd09pOHZZM0pzTWk1aGJXVXVaMkpzTDJOeWJDOUJUVVVsTWpCSlRrWlNRU1V5TUVOQkpUSXdNREVvTkNrdVkzSnNoalJvZEhSd09pOHZZM0pzTXk1aGJXVXVaMkpzTDJOeWJDOUJUVVVsTWpCSlRrWlNRU1V5TUVOQkpUSXdNREVvTkNrdVkzSnNoalJvZEhSd09pOHZZM0pzTkM1aGJXVXVaMkpzTDJOeWJDOUJUVVVsTWpCSlRrWlNRU1V5TUVOQkpUSXdNREVvTkNrdVkzSnNNQmNHQTFVZElBUVFNQTR3REFZS0t3WUJCQUdDTjNzQkFUQWZCZ05WSFNNRUdEQVdnQlRsMlp0bl9QanN1cnZ3d0tpZGlsZUl1ZDgtWXpBZEJnTlZIU1VFRmpBVUJnZ3JCZ0VGQlFjREFRWUlLd1lCQlFVSEF3SXdEUVlKS29aSWh2Y05BUUVMQlFBRGdnRUJBSmZocWlnSVNTRmtwNUc1c0hJZzdzaHFncTBuTXU0WmtyRnl0S1lvajlueUlrYnA1d1MyUzJTbnhBcGJrNkRHZkNvcGVXMmJULTQxTHVBQnhycEhoSW54ZFFSd2M0aGZOa1ZnNWs0OGpiU2thUDRSblk1MlZUNzBrSDJ2bmdHM3pEY3BkbF9VZHRYajVxQ3pFZmZIVjJaM3pienY5cnc4NjBqWkl3a1o1Vkdtb1lvOWdoSFhvWVg1bFE5cG0wVC1NN0doVzA3OGdHamFqakdKLWVSNUNRNGZmblI1a0JKUlZlMUJfUy1uZmFrQ3FFTGRmRGV3aU82NC1rXy04UkFzSEk3NXZVbkk2U19SUWZhMEdhaDYwd0F3T1hYWEdSelNiLW01dHZLSWdxVmI0Nk1QcDlySzFIZ3djVWt2a19NZW9JMlh0WFVOX1NXMnVSWENGcDlVX1BvJnM9b3JRWnI3cmowRG5hS2txa1RfT0E2Z0VRM19xMXdPaS1PUkpfeklWWjN5ZGlKM21mVURtbkR6ZlAtdUpvY1hLa3gwTUVtcm0xcW1wT2V0UTByS3BUb1JsOG9VU01mYkNEZnR4NFd4N3l5QWpweG5JNUtMQUZpQmpoYWZsLVRYMzJZVnBxWEhSRzN5VlBoT1FJMVVzenBzcF8taGlPN0NpRlNQNjFtQ1Vlb29QdGpzY3VMYW5jSXRWakc1UmhUTC1Dc3MxZ1JWRk1TRU1ETkFSOWtXcmFUUU1lX2drQ3NlQjg4LWhPOXJ3WnFjbVNJUno2VkJSSGszVllUY1Vwb3BmNWlVRFI5ejdXUVl0LXFTNFhFN2hvLU9odzhpbHNfS2Y2OVd1ZWQ4UHIxQlh5bTFib09xR1pyM2JYSC1SRG9iZkNTSlhadWhUeW8zRmJGTHB5ZXNUVlFnJmg9aEloR2hfaGl4QzZhMGtWVklaVmg2TzI5NnZHa1VjaXh1d1ZJMUhzdzdyUQ==",
      "RequestMethod": "GET",
      "RequestHeaders": {
        "User-Agent": [
          "FxVersion/6.0.2323.48002",
          "OSName/Windows",
          "OSVersion/Microsoft.Windows.10.0.22621",
          "Microsoft.Azure.Management.Internal.Resources.ResourceManagementClient/1.3.86"
        ]
      },
      "RequestBody": "",
      "ResponseHeaders": {
        "Cache-Control": [
          "no-cache"
        ],
        "Pragma": [
          "no-cache"
        ],
        "Location": [
          "https://eastus2euap.management.azure.com/subscriptions/ee787b9b-a25f-4d20-86e9-45fcea5253dd/operationresults/eyJqb2JJZCI6IlJFU09VUkNFR1JPVVBERUxFVElPTkpPQi1QUzY0MDUtRUFTVFVTIiwiam9iTG9jYXRpb24iOiJlYXN0dXMifQ?api-version=2016-09-01&t=638333739444006570&c=MIIHHjCCBgagAwIBAgITOgHct7O3aN_KxDKNJwAEAdy3szANBgkqhkiG9w0BAQsFADBEMRMwEQYKCZImiZPyLGQBGRYDR0JMMRMwEQYKCZImiZPyLGQBGRYDQU1FMRgwFgYDVQQDEw9BTUUgSU5GUkEgQ0EgMDEwHhcNMjMwODAyMDc1ODI0WhcNMjQwNzI3MDc1ODI0WjBAMT4wPAYDVQQDEzVhc3luY29wZXJhdGlvbnNpZ25pbmdjZXJ0aWZpY2F0ZS5tYW5hZ2VtZW50LmF6dXJlLmNvbTCCASIwDQYJKoZIhvcNAQEBBQADggEPADCCAQoCggEBALgLnSbzEbFP5vuRFjPkIRVhgz-iw8NSD7e9KiRk9joLl4YrnC0aSuKwshRe9v_Gl--CqxXgkcpCrfdylaxeXPCqPbSAySW8ZXeSDzD35sq_pFnpKhucgB99Ge-e1unJgvYfJTi3-ri0oDMpryPjlj-DSAQ7LPz35cKSbzFYKu3mynC6wWObzCuwGt5qbJ4uxeqzSw_EaLK0-6awwn50lVsKnZtiZhdfHXDKKLap7dLAww0CM1k9FmqGvlSPIwLevHqzTzDqw1Z7aqoRUH_sezhZxKvKw2KKL0h73J1uStBKaiwxPh-9JrGtrp5emkNsj2V-tuOQ7sam3Z3urFRWBZECAwEAAaOCBAswggQHMCcGCSsGAQQBgjcVCgQaMBgwCgYIKwYBBQUHAwEwCgYIKwYBBQUHAwIwPQYJKwYBBAGCNxUHBDAwLgYmKwYBBAGCNxUIhpDjDYTVtHiE8Ys-hZvdFs6dEoFggvX2K4Py0SACAWQCAQowggHaBggrBgEFBQcBAQSCAcwwggHIMGYGCCsGAQUFBzAChlpodHRwOi8vY3JsLm1pY3Jvc29mdC5jb20vcGtpaW5mcmEvQ2VydHMvQlkyUEtJSU5UQ0EwMS5BTUUuR0JMX0FNRSUyMElORlJBJTIwQ0ElMjAwMSg0KS5jcnQwVgYIKwYBBQUHMAKGSmh0dHA6Ly9jcmwxLmFtZS5nYmwvYWlhL0JZMlBLSUlOVENBMDEuQU1FLkdCTF9BTUUlMjBJTkZSQSUyMENBJTIwMDEoNCkuY3J0MFYGCCsGAQUFBzAChkpodHRwOi8vY3JsMi5hbWUuZ2JsL2FpYS9CWTJQS0lJTlRDQTAxLkFNRS5HQkxfQU1FJTIwSU5GUkElMjBDQSUyMDAxKDQpLmNydDBWBggrBgEFBQcwAoZKaHR0cDovL2NybDMuYW1lLmdibC9haWEvQlkyUEtJSU5UQ0EwMS5BTUUuR0JMX0FNRSUyMElORlJBJTIwQ0ElMjAwMSg0KS5jcnQwVgYIKwYBBQUHMAKGSmh0dHA6Ly9jcmw0LmFtZS5nYmwvYWlhL0JZMlBLSUlOVENBMDEuQU1FLkdCTF9BTUUlMjBJTkZSQSUyMENBJTIwMDEoNCkuY3J0MB0GA1UdDgQWBBSNta6Ow680k6ap_o_3ZKd0BukJQTAOBgNVHQ8BAf8EBAMCBaAwggE1BgNVHR8EggEsMIIBKDCCASSgggEgoIIBHIZCaHR0cDovL2NybC5taWNyb3NvZnQuY29tL3BraWluZnJhL0NSTC9BTUUlMjBJTkZSQSUyMENBJTIwMDEoNCkuY3JshjRodHRwOi8vY3JsMS5hbWUuZ2JsL2NybC9BTUUlMjBJTkZSQSUyMENBJTIwMDEoNCkuY3JshjRodHRwOi8vY3JsMi5hbWUuZ2JsL2NybC9BTUUlMjBJTkZSQSUyMENBJTIwMDEoNCkuY3JshjRodHRwOi8vY3JsMy5hbWUuZ2JsL2NybC9BTUUlMjBJTkZSQSUyMENBJTIwMDEoNCkuY3JshjRodHRwOi8vY3JsNC5hbWUuZ2JsL2NybC9BTUUlMjBJTkZSQSUyMENBJTIwMDEoNCkuY3JsMBcGA1UdIAQQMA4wDAYKKwYBBAGCN3sBATAfBgNVHSMEGDAWgBTl2Ztn_PjsurvwwKidileIud8-YzAdBgNVHSUEFjAUBggrBgEFBQcDAQYIKwYBBQUHAwIwDQYJKoZIhvcNAQELBQADggEBAJfhqigISSFkp5G5sHIg7shqgq0nMu4ZkrFytKYoj9nyIkbp5wS2S2SnxApbk6DGfCopeW2bT-41LuABxrpHhInxdQRwc4hfNkVg5k48jbSkaP4RnY52VT70kH2vngG3zDcpdl_UdtXj5qCzEffHV2Z3zbzv9rw860jZIwkZ5VGmoYo9ghHXoYX5lQ9pm0T-M7GhW078gGjajjGJ-eR5CQ4ffnR5kBJRVe1B_S-nfakCqELdfDewiO64-k_-8RAsHI75vUnI6S_RQfa0Gah60wAwOXXXGRzSb-m5tvKIgqVb46MPp9rK1HgwcUkvk_MeoI2XtXUN_SW2uRXCFp9U_Po&s=YAC9MEDb_PlTbNgpoqcbxGwCD7Z4IFMMN9Q3H1zm848kj-0I8etuctHle1hNzEX6XPG-7SQwPEmccWcgMArYVe5R1AoSOHJLrZbLsqm8qTg_mFJKB5zyN7U0TViwUsewXtU9jcp4xkeIvdV2gX2bNcf1tzJJiCFRZelqRdIIfTNQsfvOEfAvScfX0rZ1V3TFS0A9QPghjzLNbMamojUUWEeZ-qu7kT5p-OyaJSS376xhrbXeW7W1xytML3fDOy0rjRhxyIVFSj0Z_l5-wPH14Yki5tG_J_WEszrm0M6dE4aD5LwTgDWtpkuNpQJ1wxTDNxrdLnW6R0hqtwDS4IyMGA&h=9vcjGOEJfJw7T-a-F5yDsb1m09kZvgtNz_Nj9hND7wo"
        ],
        "Retry-After": [
          "15"
        ],
        "x-ms-ratelimit-remaining-subscription-reads": [
          "11997"
        ],
        "x-ms-request-id": [
          "08ecb384-d0f7-41c2-840c-effd45d0fa6f"
        ],
        "x-ms-correlation-request-id": [
          "08ecb384-d0f7-41c2-840c-effd45d0fa6f"
        ],
        "x-ms-routing-request-id": [
          "EASTUS2EUAP:20231020T044544Z:08ecb384-d0f7-41c2-840c-effd45d0fa6f"
        ],
        "Strict-Transport-Security": [
          "max-age=31536000; includeSubDomains"
        ],
        "X-Content-Type-Options": [
          "nosniff"
        ],
        "Date": [
          "Fri, 20 Oct 2023 04:45:44 GMT"
        ],
        "Expires": [
          "-1"
        ],
        "Content-Length": [
          "0"
        ]
      },
      "ResponseBody": "",
      "StatusCode": 202
    },
    {
      "RequestUri": "/subscriptions/ee787b9b-a25f-4d20-86e9-45fcea5253dd/operationresults/eyJqb2JJZCI6IlJFU09VUkNFR1JPVVBERUxFVElPTkpPQi1QUzY0MDUtRUFTVFVTIiwiam9iTG9jYXRpb24iOiJlYXN0dXMifQ?api-version=2016-09-01&t=638333739444006570&c=MIIHHjCCBgagAwIBAgITOgHct7O3aN_KxDKNJwAEAdy3szANBgkqhkiG9w0BAQsFADBEMRMwEQYKCZImiZPyLGQBGRYDR0JMMRMwEQYKCZImiZPyLGQBGRYDQU1FMRgwFgYDVQQDEw9BTUUgSU5GUkEgQ0EgMDEwHhcNMjMwODAyMDc1ODI0WhcNMjQwNzI3MDc1ODI0WjBAMT4wPAYDVQQDEzVhc3luY29wZXJhdGlvbnNpZ25pbmdjZXJ0aWZpY2F0ZS5tYW5hZ2VtZW50LmF6dXJlLmNvbTCCASIwDQYJKoZIhvcNAQEBBQADggEPADCCAQoCggEBALgLnSbzEbFP5vuRFjPkIRVhgz-iw8NSD7e9KiRk9joLl4YrnC0aSuKwshRe9v_Gl--CqxXgkcpCrfdylaxeXPCqPbSAySW8ZXeSDzD35sq_pFnpKhucgB99Ge-e1unJgvYfJTi3-ri0oDMpryPjlj-DSAQ7LPz35cKSbzFYKu3mynC6wWObzCuwGt5qbJ4uxeqzSw_EaLK0-6awwn50lVsKnZtiZhdfHXDKKLap7dLAww0CM1k9FmqGvlSPIwLevHqzTzDqw1Z7aqoRUH_sezhZxKvKw2KKL0h73J1uStBKaiwxPh-9JrGtrp5emkNsj2V-tuOQ7sam3Z3urFRWBZECAwEAAaOCBAswggQHMCcGCSsGAQQBgjcVCgQaMBgwCgYIKwYBBQUHAwEwCgYIKwYBBQUHAwIwPQYJKwYBBAGCNxUHBDAwLgYmKwYBBAGCNxUIhpDjDYTVtHiE8Ys-hZvdFs6dEoFggvX2K4Py0SACAWQCAQowggHaBggrBgEFBQcBAQSCAcwwggHIMGYGCCsGAQUFBzAChlpodHRwOi8vY3JsLm1pY3Jvc29mdC5jb20vcGtpaW5mcmEvQ2VydHMvQlkyUEtJSU5UQ0EwMS5BTUUuR0JMX0FNRSUyMElORlJBJTIwQ0ElMjAwMSg0KS5jcnQwVgYIKwYBBQUHMAKGSmh0dHA6Ly9jcmwxLmFtZS5nYmwvYWlhL0JZMlBLSUlOVENBMDEuQU1FLkdCTF9BTUUlMjBJTkZSQSUyMENBJTIwMDEoNCkuY3J0MFYGCCsGAQUFBzAChkpodHRwOi8vY3JsMi5hbWUuZ2JsL2FpYS9CWTJQS0lJTlRDQTAxLkFNRS5HQkxfQU1FJTIwSU5GUkElMjBDQSUyMDAxKDQpLmNydDBWBggrBgEFBQcwAoZKaHR0cDovL2NybDMuYW1lLmdibC9haWEvQlkyUEtJSU5UQ0EwMS5BTUUuR0JMX0FNRSUyMElORlJBJTIwQ0ElMjAwMSg0KS5jcnQwVgYIKwYBBQUHMAKGSmh0dHA6Ly9jcmw0LmFtZS5nYmwvYWlhL0JZMlBLSUlOVENBMDEuQU1FLkdCTF9BTUUlMjBJTkZSQSUyMENBJTIwMDEoNCkuY3J0MB0GA1UdDgQWBBSNta6Ow680k6ap_o_3ZKd0BukJQTAOBgNVHQ8BAf8EBAMCBaAwggE1BgNVHR8EggEsMIIBKDCCASSgggEgoIIBHIZCaHR0cDovL2NybC5taWNyb3NvZnQuY29tL3BraWluZnJhL0NSTC9BTUUlMjBJTkZSQSUyMENBJTIwMDEoNCkuY3JshjRodHRwOi8vY3JsMS5hbWUuZ2JsL2NybC9BTUUlMjBJTkZSQSUyMENBJTIwMDEoNCkuY3JshjRodHRwOi8vY3JsMi5hbWUuZ2JsL2NybC9BTUUlMjBJTkZSQSUyMENBJTIwMDEoNCkuY3JshjRodHRwOi8vY3JsMy5hbWUuZ2JsL2NybC9BTUUlMjBJTkZSQSUyMENBJTIwMDEoNCkuY3JshjRodHRwOi8vY3JsNC5hbWUuZ2JsL2NybC9BTUUlMjBJTkZSQSUyMENBJTIwMDEoNCkuY3JsMBcGA1UdIAQQMA4wDAYKKwYBBAGCN3sBATAfBgNVHSMEGDAWgBTl2Ztn_PjsurvwwKidileIud8-YzAdBgNVHSUEFjAUBggrBgEFBQcDAQYIKwYBBQUHAwIwDQYJKoZIhvcNAQELBQADggEBAJfhqigISSFkp5G5sHIg7shqgq0nMu4ZkrFytKYoj9nyIkbp5wS2S2SnxApbk6DGfCopeW2bT-41LuABxrpHhInxdQRwc4hfNkVg5k48jbSkaP4RnY52VT70kH2vngG3zDcpdl_UdtXj5qCzEffHV2Z3zbzv9rw860jZIwkZ5VGmoYo9ghHXoYX5lQ9pm0T-M7GhW078gGjajjGJ-eR5CQ4ffnR5kBJRVe1B_S-nfakCqELdfDewiO64-k_-8RAsHI75vUnI6S_RQfa0Gah60wAwOXXXGRzSb-m5tvKIgqVb46MPp9rK1HgwcUkvk_MeoI2XtXUN_SW2uRXCFp9U_Po&s=YAC9MEDb_PlTbNgpoqcbxGwCD7Z4IFMMN9Q3H1zm848kj-0I8etuctHle1hNzEX6XPG-7SQwPEmccWcgMArYVe5R1AoSOHJLrZbLsqm8qTg_mFJKB5zyN7U0TViwUsewXtU9jcp4xkeIvdV2gX2bNcf1tzJJiCFRZelqRdIIfTNQsfvOEfAvScfX0rZ1V3TFS0A9QPghjzLNbMamojUUWEeZ-qu7kT5p-OyaJSS376xhrbXeW7W1xytML3fDOy0rjRhxyIVFSj0Z_l5-wPH14Yki5tG_J_WEszrm0M6dE4aD5LwTgDWtpkuNpQJ1wxTDNxrdLnW6R0hqtwDS4IyMGA&h=9vcjGOEJfJw7T-a-F5yDsb1m09kZvgtNz_Nj9hND7wo",
      "EncodedRequestUri": "L3N1YnNjcmlwdGlvbnMvZWU3ODdiOWItYTI1Zi00ZDIwLTg2ZTktNDVmY2VhNTI1M2RkL29wZXJhdGlvbnJlc3VsdHMvZXlKcWIySkpaQ0k2SWxKRlUwOVZVa05GUjFKUFZWQkVSVXhGVkVsUFRrcFBRaTFRVXpZME1EVXRSVUZUVkZWVElpd2lhbTlpVEc5allYUnBiMjRpT2lKbFlYTjBkWE1pZlE/YXBpLXZlcnNpb249MjAxNi0wOS0wMSZ0PTYzODMzMzczOTQ0NDAwNjU3MCZjPU1JSUhIakNDQmdhZ0F3SUJBZ0lUT2dIY3Q3TzNhTl9LeERLTkp3QUVBZHkzc3pBTkJna3Foa2lHOXcwQkFRc0ZBREJFTVJNd0VRWUtDWkltaVpQeUxHUUJHUllEUjBKTU1STXdFUVlLQ1pJbWlaUHlMR1FCR1JZRFFVMUZNUmd3RmdZRFZRUURFdzlCVFVVZ1NVNUdVa0VnUTBFZ01ERXdIaGNOTWpNd09EQXlNRGMxT0RJMFdoY05NalF3TnpJM01EYzFPREkwV2pCQU1UNHdQQVlEVlFRREV6VmhjM2x1WTI5d1pYSmhkR2x2Ym5OcFoyNXBibWRqWlhKMGFXWnBZMkYwWlM1dFlXNWhaMlZ0Wlc1MExtRjZkWEpsTG1OdmJUQ0NBU0l3RFFZSktvWklodmNOQVFFQkJRQURnZ0VQQURDQ0FRb0NnZ0VCQUxnTG5TYnpFYkZQNXZ1UkZqUGtJUlZoZ3otaXc4TlNEN2U5S2lSazlqb0xsNFlybkMwYVN1S3dzaFJlOXZfR2wtLUNxeFhna2NwQ3JmZHlsYXhlWFBDcVBiU0F5U1c4WlhlU0R6RDM1c3FfcEZucEtodWNnQjk5R2UtZTF1bkpndllmSlRpMy1yaTBvRE1wcnlQamxqLURTQVE3TFB6MzVjS1NiekZZS3UzbXluQzZ3V09iekN1d0d0NXFiSjR1eGVxelN3X0VhTEswLTZhd3duNTBsVnNLblp0aVpoZGZIWERLS0xhcDdkTEF3dzBDTTFrOUZtcUd2bFNQSXdMZXZIcXpUekRxdzFaN2Fxb1JVSF9zZXpoWnhLdkt3MktLTDBoNzNKMXVTdEJLYWl3eFBoLTlKckd0cnA1ZW1rTnNqMlYtdHVPUTdzYW0zWjN1ckZSV0JaRUNBd0VBQWFPQ0JBc3dnZ1FITUNjR0NTc0dBUVFCZ2pjVkNnUWFNQmd3Q2dZSUt3WUJCUVVIQXdFd0NnWUlLd1lCQlFVSEF3SXdQUVlKS3dZQkJBR0NOeFVIQkRBd0xnWW1Ld1lCQkFHQ054VUlocERqRFlUVnRIaUU4WXMtaFp2ZEZzNmRFb0ZnZ3ZYMks0UHkwU0FDQVdRQ0FRb3dnZ0hhQmdnckJnRUZCUWNCQVFTQ0Fjd3dnZ0hJTUdZR0NDc0dBUVVGQnpBQ2hscG9kSFJ3T2k4dlkzSnNMbTFwWTNKdmMyOW1kQzVqYjIwdmNHdHBhVzVtY21FdlEyVnlkSE12UWxreVVFdEpTVTVVUTBFd01TNUJUVVV1UjBKTVgwRk5SU1V5TUVsT1JsSkJKVEl3UTBFbE1qQXdNU2cwS1M1amNuUXdWZ1lJS3dZQkJRVUhNQUtHU21oMGRIQTZMeTlqY213eExtRnRaUzVuWW13dllXbGhMMEpaTWxCTFNVbE9WRU5CTURFdVFVMUZMa2RDVEY5QlRVVWxNakJKVGtaU1FTVXlNRU5CSlRJd01ERW9OQ2t1WTNKME1GWUdDQ3NHQVFVRkJ6QUNoa3BvZEhSd09pOHZZM0pzTWk1aGJXVXVaMkpzTDJGcFlTOUNXVEpRUzBsSlRsUkRRVEF4TGtGTlJTNUhRa3hmUVUxRkpUSXdTVTVHVWtFbE1qQkRRU1V5TURBeEtEUXBMbU55ZERCV0JnZ3JCZ0VGQlFjd0FvWkthSFIwY0RvdkwyTnliRE11WVcxbExtZGliQzloYVdFdlFsa3lVRXRKU1U1VVEwRXdNUzVCVFVVdVIwSk1YMEZOUlNVeU1FbE9SbEpCSlRJd1EwRWxNakF3TVNnMEtTNWpjblF3VmdZSUt3WUJCUVVITUFLR1NtaDBkSEE2THk5amNtdzBMbUZ0WlM1blltd3ZZV2xoTDBKWk1sQkxTVWxPVkVOQk1ERXVRVTFGTGtkQ1RGOUJUVVVsTWpCSlRrWlNRU1V5TUVOQkpUSXdNREVvTkNrdVkzSjBNQjBHQTFVZERnUVdCQlNOdGE2T3c2ODBrNmFwX29fM1pLZDBCdWtKUVRBT0JnTlZIUThCQWY4RUJBTUNCYUF3Z2dFMUJnTlZIUjhFZ2dFc01JSUJLRENDQVNTZ2dnRWdvSUlCSElaQ2FIUjBjRG92TDJOeWJDNXRhV055YjNOdlpuUXVZMjl0TDNCcmFXbHVabkpoTDBOU1RDOUJUVVVsTWpCSlRrWlNRU1V5TUVOQkpUSXdNREVvTkNrdVkzSnNoalJvZEhSd09pOHZZM0pzTVM1aGJXVXVaMkpzTDJOeWJDOUJUVVVsTWpCSlRrWlNRU1V5TUVOQkpUSXdNREVvTkNrdVkzSnNoalJvZEhSd09pOHZZM0pzTWk1aGJXVXVaMkpzTDJOeWJDOUJUVVVsTWpCSlRrWlNRU1V5TUVOQkpUSXdNREVvTkNrdVkzSnNoalJvZEhSd09pOHZZM0pzTXk1aGJXVXVaMkpzTDJOeWJDOUJUVVVsTWpCSlRrWlNRU1V5TUVOQkpUSXdNREVvTkNrdVkzSnNoalJvZEhSd09pOHZZM0pzTkM1aGJXVXVaMkpzTDJOeWJDOUJUVVVsTWpCSlRrWlNRU1V5TUVOQkpUSXdNREVvTkNrdVkzSnNNQmNHQTFVZElBUVFNQTR3REFZS0t3WUJCQUdDTjNzQkFUQWZCZ05WSFNNRUdEQVdnQlRsMlp0bl9QanN1cnZ3d0tpZGlsZUl1ZDgtWXpBZEJnTlZIU1VFRmpBVUJnZ3JCZ0VGQlFjREFRWUlLd1lCQlFVSEF3SXdEUVlKS29aSWh2Y05BUUVMQlFBRGdnRUJBSmZocWlnSVNTRmtwNUc1c0hJZzdzaHFncTBuTXU0WmtyRnl0S1lvajlueUlrYnA1d1MyUzJTbnhBcGJrNkRHZkNvcGVXMmJULTQxTHVBQnhycEhoSW54ZFFSd2M0aGZOa1ZnNWs0OGpiU2thUDRSblk1MlZUNzBrSDJ2bmdHM3pEY3BkbF9VZHRYajVxQ3pFZmZIVjJaM3pienY5cnc4NjBqWkl3a1o1Vkdtb1lvOWdoSFhvWVg1bFE5cG0wVC1NN0doVzA3OGdHamFqakdKLWVSNUNRNGZmblI1a0JKUlZlMUJfUy1uZmFrQ3FFTGRmRGV3aU82NC1rXy04UkFzSEk3NXZVbkk2U19SUWZhMEdhaDYwd0F3T1hYWEdSelNiLW01dHZLSWdxVmI0Nk1QcDlySzFIZ3djVWt2a19NZW9JMlh0WFVOX1NXMnVSWENGcDlVX1BvJnM9WUFDOU1FRGJfUGxUYk5ncG9xY2J4R3dDRDdaNElGTU1OOVEzSDF6bTg0OGtqLTBJOGV0dWN0SGxlMWhOekVYNlhQRy03U1F3UEVtY2NXY2dNQXJZVmU1UjFBb1NPSEpMclpiTHNxbThxVGdfbUZKS0I1enlON1UwVFZpd1VzZXdYdFU5amNwNHhrZUl2ZFYyZ1gyYk5jZjF0ekpKaUNGUlplbHFSZElJZlROUXNmdk9FZkF2U2NmWDByWjFWM1RGUzBBOVFQZ2hqekxOYk1hbW9qVVVXRWVaLXF1N2tUNXAtT3lhSlNTMzc2eGhyYlhlVzdXMXh5dE1MM2ZET3kwcmpSaHh5SVZGU2owWl9sNS13UEgxNFlraTV0R19KX1dFc3pybTBNNmRFNGFENUx3VGdEV3Rwa3VOcFFKMXd4VEROeHJkTG5XNlIwaHF0d0RTNEl5TUdBJmg9OXZjakdPRUpmSnc3VC1hLUY1eURzYjFtMDlrWnZndE56X05qOWhORDd3bw==",
      "RequestMethod": "GET",
      "RequestHeaders": {
        "User-Agent": [
          "FxVersion/6.0.2323.48002",
          "OSName/Windows",
          "OSVersion/Microsoft.Windows.10.0.22621",
          "Microsoft.Azure.Management.Internal.Resources.ResourceManagementClient/1.3.86"
        ]
      },
      "RequestBody": "",
      "ResponseHeaders": {
        "Cache-Control": [
          "no-cache"
        ],
        "Pragma": [
          "no-cache"
        ],
        "Location": [
          "https://eastus2euap.management.azure.com/subscriptions/ee787b9b-a25f-4d20-86e9-45fcea5253dd/operationresults/eyJqb2JJZCI6IlJFU09VUkNFR1JPVVBERUxFVElPTkpPQi1QUzY0MDUtRUFTVFVTIiwiam9iTG9jYXRpb24iOiJlYXN0dXMifQ?api-version=2016-09-01&t=638333739595570323&c=MIIHHjCCBgagAwIBAgITOgHct7O3aN_KxDKNJwAEAdy3szANBgkqhkiG9w0BAQsFADBEMRMwEQYKCZImiZPyLGQBGRYDR0JMMRMwEQYKCZImiZPyLGQBGRYDQU1FMRgwFgYDVQQDEw9BTUUgSU5GUkEgQ0EgMDEwHhcNMjMwODAyMDc1ODI0WhcNMjQwNzI3MDc1ODI0WjBAMT4wPAYDVQQDEzVhc3luY29wZXJhdGlvbnNpZ25pbmdjZXJ0aWZpY2F0ZS5tYW5hZ2VtZW50LmF6dXJlLmNvbTCCASIwDQYJKoZIhvcNAQEBBQADggEPADCCAQoCggEBALgLnSbzEbFP5vuRFjPkIRVhgz-iw8NSD7e9KiRk9joLl4YrnC0aSuKwshRe9v_Gl--CqxXgkcpCrfdylaxeXPCqPbSAySW8ZXeSDzD35sq_pFnpKhucgB99Ge-e1unJgvYfJTi3-ri0oDMpryPjlj-DSAQ7LPz35cKSbzFYKu3mynC6wWObzCuwGt5qbJ4uxeqzSw_EaLK0-6awwn50lVsKnZtiZhdfHXDKKLap7dLAww0CM1k9FmqGvlSPIwLevHqzTzDqw1Z7aqoRUH_sezhZxKvKw2KKL0h73J1uStBKaiwxPh-9JrGtrp5emkNsj2V-tuOQ7sam3Z3urFRWBZECAwEAAaOCBAswggQHMCcGCSsGAQQBgjcVCgQaMBgwCgYIKwYBBQUHAwEwCgYIKwYBBQUHAwIwPQYJKwYBBAGCNxUHBDAwLgYmKwYBBAGCNxUIhpDjDYTVtHiE8Ys-hZvdFs6dEoFggvX2K4Py0SACAWQCAQowggHaBggrBgEFBQcBAQSCAcwwggHIMGYGCCsGAQUFBzAChlpodHRwOi8vY3JsLm1pY3Jvc29mdC5jb20vcGtpaW5mcmEvQ2VydHMvQlkyUEtJSU5UQ0EwMS5BTUUuR0JMX0FNRSUyMElORlJBJTIwQ0ElMjAwMSg0KS5jcnQwVgYIKwYBBQUHMAKGSmh0dHA6Ly9jcmwxLmFtZS5nYmwvYWlhL0JZMlBLSUlOVENBMDEuQU1FLkdCTF9BTUUlMjBJTkZSQSUyMENBJTIwMDEoNCkuY3J0MFYGCCsGAQUFBzAChkpodHRwOi8vY3JsMi5hbWUuZ2JsL2FpYS9CWTJQS0lJTlRDQTAxLkFNRS5HQkxfQU1FJTIwSU5GUkElMjBDQSUyMDAxKDQpLmNydDBWBggrBgEFBQcwAoZKaHR0cDovL2NybDMuYW1lLmdibC9haWEvQlkyUEtJSU5UQ0EwMS5BTUUuR0JMX0FNRSUyMElORlJBJTIwQ0ElMjAwMSg0KS5jcnQwVgYIKwYBBQUHMAKGSmh0dHA6Ly9jcmw0LmFtZS5nYmwvYWlhL0JZMlBLSUlOVENBMDEuQU1FLkdCTF9BTUUlMjBJTkZSQSUyMENBJTIwMDEoNCkuY3J0MB0GA1UdDgQWBBSNta6Ow680k6ap_o_3ZKd0BukJQTAOBgNVHQ8BAf8EBAMCBaAwggE1BgNVHR8EggEsMIIBKDCCASSgggEgoIIBHIZCaHR0cDovL2NybC5taWNyb3NvZnQuY29tL3BraWluZnJhL0NSTC9BTUUlMjBJTkZSQSUyMENBJTIwMDEoNCkuY3JshjRodHRwOi8vY3JsMS5hbWUuZ2JsL2NybC9BTUUlMjBJTkZSQSUyMENBJTIwMDEoNCkuY3JshjRodHRwOi8vY3JsMi5hbWUuZ2JsL2NybC9BTUUlMjBJTkZSQSUyMENBJTIwMDEoNCkuY3JshjRodHRwOi8vY3JsMy5hbWUuZ2JsL2NybC9BTUUlMjBJTkZSQSUyMENBJTIwMDEoNCkuY3JshjRodHRwOi8vY3JsNC5hbWUuZ2JsL2NybC9BTUUlMjBJTkZSQSUyMENBJTIwMDEoNCkuY3JsMBcGA1UdIAQQMA4wDAYKKwYBBAGCN3sBATAfBgNVHSMEGDAWgBTl2Ztn_PjsurvwwKidileIud8-YzAdBgNVHSUEFjAUBggrBgEFBQcDAQYIKwYBBQUHAwIwDQYJKoZIhvcNAQELBQADggEBAJfhqigISSFkp5G5sHIg7shqgq0nMu4ZkrFytKYoj9nyIkbp5wS2S2SnxApbk6DGfCopeW2bT-41LuABxrpHhInxdQRwc4hfNkVg5k48jbSkaP4RnY52VT70kH2vngG3zDcpdl_UdtXj5qCzEffHV2Z3zbzv9rw860jZIwkZ5VGmoYo9ghHXoYX5lQ9pm0T-M7GhW078gGjajjGJ-eR5CQ4ffnR5kBJRVe1B_S-nfakCqELdfDewiO64-k_-8RAsHI75vUnI6S_RQfa0Gah60wAwOXXXGRzSb-m5tvKIgqVb46MPp9rK1HgwcUkvk_MeoI2XtXUN_SW2uRXCFp9U_Po&s=q8cymR1s0OBLjpVjiyKYRWU74Uf2RDi8sPMAVpvCKm2zSuFByWxBcSemIuiXgMKj4QyP-uksIOyasEwwp5w_MDGIdUFkkjwfHJK72-Cp_L6CNnYQOsBPBM_jNOsgUw81YI63SPp5iGWsRjFZdL8c0tusZVQ3E-_8BLvfZD9khvbd3cRff0WxpfNX8QYa3g2JWOfTB8vLInPv85Ni38--NtX20HBJMOeV_CTYQKuOswBGmv2PPCBchAlSFVM620YuZl1XCL0vjM8kNKFSFL_jHnGA92-PQ4Lo_xbJC2k61SxeZpnRuLfrCpwpW_93mAi52GFGawhcZFcK2ofFykYfXA&h=vCSpRQ-esSEBg3mRB-P3UyChA4bx-4w9vVS8p05pRLw"
        ],
        "Retry-After": [
          "15"
        ],
        "x-ms-ratelimit-remaining-subscription-reads": [
          "11996"
        ],
        "x-ms-request-id": [
          "a72f3775-ca29-4db2-9415-33c91c24b4b2"
        ],
        "x-ms-correlation-request-id": [
          "a72f3775-ca29-4db2-9415-33c91c24b4b2"
        ],
        "x-ms-routing-request-id": [
          "EASTUS2EUAP:20231020T044559Z:a72f3775-ca29-4db2-9415-33c91c24b4b2"
        ],
        "Strict-Transport-Security": [
          "max-age=31536000; includeSubDomains"
        ],
        "X-Content-Type-Options": [
          "nosniff"
        ],
        "Date": [
          "Fri, 20 Oct 2023 04:45:59 GMT"
        ],
        "Expires": [
          "-1"
        ],
        "Content-Length": [
          "0"
        ]
      },
      "ResponseBody": "",
      "StatusCode": 202
    },
    {
      "RequestUri": "/subscriptions/ee787b9b-a25f-4d20-86e9-45fcea5253dd/operationresults/eyJqb2JJZCI6IlJFU09VUkNFR1JPVVBERUxFVElPTkpPQi1QUzY0MDUtRUFTVFVTIiwiam9iTG9jYXRpb24iOiJlYXN0dXMifQ?api-version=2016-09-01&t=638333739595570323&c=MIIHHjCCBgagAwIBAgITOgHct7O3aN_KxDKNJwAEAdy3szANBgkqhkiG9w0BAQsFADBEMRMwEQYKCZImiZPyLGQBGRYDR0JMMRMwEQYKCZImiZPyLGQBGRYDQU1FMRgwFgYDVQQDEw9BTUUgSU5GUkEgQ0EgMDEwHhcNMjMwODAyMDc1ODI0WhcNMjQwNzI3MDc1ODI0WjBAMT4wPAYDVQQDEzVhc3luY29wZXJhdGlvbnNpZ25pbmdjZXJ0aWZpY2F0ZS5tYW5hZ2VtZW50LmF6dXJlLmNvbTCCASIwDQYJKoZIhvcNAQEBBQADggEPADCCAQoCggEBALgLnSbzEbFP5vuRFjPkIRVhgz-iw8NSD7e9KiRk9joLl4YrnC0aSuKwshRe9v_Gl--CqxXgkcpCrfdylaxeXPCqPbSAySW8ZXeSDzD35sq_pFnpKhucgB99Ge-e1unJgvYfJTi3-ri0oDMpryPjlj-DSAQ7LPz35cKSbzFYKu3mynC6wWObzCuwGt5qbJ4uxeqzSw_EaLK0-6awwn50lVsKnZtiZhdfHXDKKLap7dLAww0CM1k9FmqGvlSPIwLevHqzTzDqw1Z7aqoRUH_sezhZxKvKw2KKL0h73J1uStBKaiwxPh-9JrGtrp5emkNsj2V-tuOQ7sam3Z3urFRWBZECAwEAAaOCBAswggQHMCcGCSsGAQQBgjcVCgQaMBgwCgYIKwYBBQUHAwEwCgYIKwYBBQUHAwIwPQYJKwYBBAGCNxUHBDAwLgYmKwYBBAGCNxUIhpDjDYTVtHiE8Ys-hZvdFs6dEoFggvX2K4Py0SACAWQCAQowggHaBggrBgEFBQcBAQSCAcwwggHIMGYGCCsGAQUFBzAChlpodHRwOi8vY3JsLm1pY3Jvc29mdC5jb20vcGtpaW5mcmEvQ2VydHMvQlkyUEtJSU5UQ0EwMS5BTUUuR0JMX0FNRSUyMElORlJBJTIwQ0ElMjAwMSg0KS5jcnQwVgYIKwYBBQUHMAKGSmh0dHA6Ly9jcmwxLmFtZS5nYmwvYWlhL0JZMlBLSUlOVENBMDEuQU1FLkdCTF9BTUUlMjBJTkZSQSUyMENBJTIwMDEoNCkuY3J0MFYGCCsGAQUFBzAChkpodHRwOi8vY3JsMi5hbWUuZ2JsL2FpYS9CWTJQS0lJTlRDQTAxLkFNRS5HQkxfQU1FJTIwSU5GUkElMjBDQSUyMDAxKDQpLmNydDBWBggrBgEFBQcwAoZKaHR0cDovL2NybDMuYW1lLmdibC9haWEvQlkyUEtJSU5UQ0EwMS5BTUUuR0JMX0FNRSUyMElORlJBJTIwQ0ElMjAwMSg0KS5jcnQwVgYIKwYBBQUHMAKGSmh0dHA6Ly9jcmw0LmFtZS5nYmwvYWlhL0JZMlBLSUlOVENBMDEuQU1FLkdCTF9BTUUlMjBJTkZSQSUyMENBJTIwMDEoNCkuY3J0MB0GA1UdDgQWBBSNta6Ow680k6ap_o_3ZKd0BukJQTAOBgNVHQ8BAf8EBAMCBaAwggE1BgNVHR8EggEsMIIBKDCCASSgggEgoIIBHIZCaHR0cDovL2NybC5taWNyb3NvZnQuY29tL3BraWluZnJhL0NSTC9BTUUlMjBJTkZSQSUyMENBJTIwMDEoNCkuY3JshjRodHRwOi8vY3JsMS5hbWUuZ2JsL2NybC9BTUUlMjBJTkZSQSUyMENBJTIwMDEoNCkuY3JshjRodHRwOi8vY3JsMi5hbWUuZ2JsL2NybC9BTUUlMjBJTkZSQSUyMENBJTIwMDEoNCkuY3JshjRodHRwOi8vY3JsMy5hbWUuZ2JsL2NybC9BTUUlMjBJTkZSQSUyMENBJTIwMDEoNCkuY3JshjRodHRwOi8vY3JsNC5hbWUuZ2JsL2NybC9BTUUlMjBJTkZSQSUyMENBJTIwMDEoNCkuY3JsMBcGA1UdIAQQMA4wDAYKKwYBBAGCN3sBATAfBgNVHSMEGDAWgBTl2Ztn_PjsurvwwKidileIud8-YzAdBgNVHSUEFjAUBggrBgEFBQcDAQYIKwYBBQUHAwIwDQYJKoZIhvcNAQELBQADggEBAJfhqigISSFkp5G5sHIg7shqgq0nMu4ZkrFytKYoj9nyIkbp5wS2S2SnxApbk6DGfCopeW2bT-41LuABxrpHhInxdQRwc4hfNkVg5k48jbSkaP4RnY52VT70kH2vngG3zDcpdl_UdtXj5qCzEffHV2Z3zbzv9rw860jZIwkZ5VGmoYo9ghHXoYX5lQ9pm0T-M7GhW078gGjajjGJ-eR5CQ4ffnR5kBJRVe1B_S-nfakCqELdfDewiO64-k_-8RAsHI75vUnI6S_RQfa0Gah60wAwOXXXGRzSb-m5tvKIgqVb46MPp9rK1HgwcUkvk_MeoI2XtXUN_SW2uRXCFp9U_Po&s=q8cymR1s0OBLjpVjiyKYRWU74Uf2RDi8sPMAVpvCKm2zSuFByWxBcSemIuiXgMKj4QyP-uksIOyasEwwp5w_MDGIdUFkkjwfHJK72-Cp_L6CNnYQOsBPBM_jNOsgUw81YI63SPp5iGWsRjFZdL8c0tusZVQ3E-_8BLvfZD9khvbd3cRff0WxpfNX8QYa3g2JWOfTB8vLInPv85Ni38--NtX20HBJMOeV_CTYQKuOswBGmv2PPCBchAlSFVM620YuZl1XCL0vjM8kNKFSFL_jHnGA92-PQ4Lo_xbJC2k61SxeZpnRuLfrCpwpW_93mAi52GFGawhcZFcK2ofFykYfXA&h=vCSpRQ-esSEBg3mRB-P3UyChA4bx-4w9vVS8p05pRLw",
      "EncodedRequestUri": "L3N1YnNjcmlwdGlvbnMvZWU3ODdiOWItYTI1Zi00ZDIwLTg2ZTktNDVmY2VhNTI1M2RkL29wZXJhdGlvbnJlc3VsdHMvZXlKcWIySkpaQ0k2SWxKRlUwOVZVa05GUjFKUFZWQkVSVXhGVkVsUFRrcFBRaTFRVXpZME1EVXRSVUZUVkZWVElpd2lhbTlpVEc5allYUnBiMjRpT2lKbFlYTjBkWE1pZlE/YXBpLXZlcnNpb249MjAxNi0wOS0wMSZ0PTYzODMzMzczOTU5NTU3MDMyMyZjPU1JSUhIakNDQmdhZ0F3SUJBZ0lUT2dIY3Q3TzNhTl9LeERLTkp3QUVBZHkzc3pBTkJna3Foa2lHOXcwQkFRc0ZBREJFTVJNd0VRWUtDWkltaVpQeUxHUUJHUllEUjBKTU1STXdFUVlLQ1pJbWlaUHlMR1FCR1JZRFFVMUZNUmd3RmdZRFZRUURFdzlCVFVVZ1NVNUdVa0VnUTBFZ01ERXdIaGNOTWpNd09EQXlNRGMxT0RJMFdoY05NalF3TnpJM01EYzFPREkwV2pCQU1UNHdQQVlEVlFRREV6VmhjM2x1WTI5d1pYSmhkR2x2Ym5OcFoyNXBibWRqWlhKMGFXWnBZMkYwWlM1dFlXNWhaMlZ0Wlc1MExtRjZkWEpsTG1OdmJUQ0NBU0l3RFFZSktvWklodmNOQVFFQkJRQURnZ0VQQURDQ0FRb0NnZ0VCQUxnTG5TYnpFYkZQNXZ1UkZqUGtJUlZoZ3otaXc4TlNEN2U5S2lSazlqb0xsNFlybkMwYVN1S3dzaFJlOXZfR2wtLUNxeFhna2NwQ3JmZHlsYXhlWFBDcVBiU0F5U1c4WlhlU0R6RDM1c3FfcEZucEtodWNnQjk5R2UtZTF1bkpndllmSlRpMy1yaTBvRE1wcnlQamxqLURTQVE3TFB6MzVjS1NiekZZS3UzbXluQzZ3V09iekN1d0d0NXFiSjR1eGVxelN3X0VhTEswLTZhd3duNTBsVnNLblp0aVpoZGZIWERLS0xhcDdkTEF3dzBDTTFrOUZtcUd2bFNQSXdMZXZIcXpUekRxdzFaN2Fxb1JVSF9zZXpoWnhLdkt3MktLTDBoNzNKMXVTdEJLYWl3eFBoLTlKckd0cnA1ZW1rTnNqMlYtdHVPUTdzYW0zWjN1ckZSV0JaRUNBd0VBQWFPQ0JBc3dnZ1FITUNjR0NTc0dBUVFCZ2pjVkNnUWFNQmd3Q2dZSUt3WUJCUVVIQXdFd0NnWUlLd1lCQlFVSEF3SXdQUVlKS3dZQkJBR0NOeFVIQkRBd0xnWW1Ld1lCQkFHQ054VUlocERqRFlUVnRIaUU4WXMtaFp2ZEZzNmRFb0ZnZ3ZYMks0UHkwU0FDQVdRQ0FRb3dnZ0hhQmdnckJnRUZCUWNCQVFTQ0Fjd3dnZ0hJTUdZR0NDc0dBUVVGQnpBQ2hscG9kSFJ3T2k4dlkzSnNMbTFwWTNKdmMyOW1kQzVqYjIwdmNHdHBhVzVtY21FdlEyVnlkSE12UWxreVVFdEpTVTVVUTBFd01TNUJUVVV1UjBKTVgwRk5SU1V5TUVsT1JsSkJKVEl3UTBFbE1qQXdNU2cwS1M1amNuUXdWZ1lJS3dZQkJRVUhNQUtHU21oMGRIQTZMeTlqY213eExtRnRaUzVuWW13dllXbGhMMEpaTWxCTFNVbE9WRU5CTURFdVFVMUZMa2RDVEY5QlRVVWxNakJKVGtaU1FTVXlNRU5CSlRJd01ERW9OQ2t1WTNKME1GWUdDQ3NHQVFVRkJ6QUNoa3BvZEhSd09pOHZZM0pzTWk1aGJXVXVaMkpzTDJGcFlTOUNXVEpRUzBsSlRsUkRRVEF4TGtGTlJTNUhRa3hmUVUxRkpUSXdTVTVHVWtFbE1qQkRRU1V5TURBeEtEUXBMbU55ZERCV0JnZ3JCZ0VGQlFjd0FvWkthSFIwY0RvdkwyTnliRE11WVcxbExtZGliQzloYVdFdlFsa3lVRXRKU1U1VVEwRXdNUzVCVFVVdVIwSk1YMEZOUlNVeU1FbE9SbEpCSlRJd1EwRWxNakF3TVNnMEtTNWpjblF3VmdZSUt3WUJCUVVITUFLR1NtaDBkSEE2THk5amNtdzBMbUZ0WlM1blltd3ZZV2xoTDBKWk1sQkxTVWxPVkVOQk1ERXVRVTFGTGtkQ1RGOUJUVVVsTWpCSlRrWlNRU1V5TUVOQkpUSXdNREVvTkNrdVkzSjBNQjBHQTFVZERnUVdCQlNOdGE2T3c2ODBrNmFwX29fM1pLZDBCdWtKUVRBT0JnTlZIUThCQWY4RUJBTUNCYUF3Z2dFMUJnTlZIUjhFZ2dFc01JSUJLRENDQVNTZ2dnRWdvSUlCSElaQ2FIUjBjRG92TDJOeWJDNXRhV055YjNOdlpuUXVZMjl0TDNCcmFXbHVabkpoTDBOU1RDOUJUVVVsTWpCSlRrWlNRU1V5TUVOQkpUSXdNREVvTkNrdVkzSnNoalJvZEhSd09pOHZZM0pzTVM1aGJXVXVaMkpzTDJOeWJDOUJUVVVsTWpCSlRrWlNRU1V5TUVOQkpUSXdNREVvTkNrdVkzSnNoalJvZEhSd09pOHZZM0pzTWk1aGJXVXVaMkpzTDJOeWJDOUJUVVVsTWpCSlRrWlNRU1V5TUVOQkpUSXdNREVvTkNrdVkzSnNoalJvZEhSd09pOHZZM0pzTXk1aGJXVXVaMkpzTDJOeWJDOUJUVVVsTWpCSlRrWlNRU1V5TUVOQkpUSXdNREVvTkNrdVkzSnNoalJvZEhSd09pOHZZM0pzTkM1aGJXVXVaMkpzTDJOeWJDOUJUVVVsTWpCSlRrWlNRU1V5TUVOQkpUSXdNREVvTkNrdVkzSnNNQmNHQTFVZElBUVFNQTR3REFZS0t3WUJCQUdDTjNzQkFUQWZCZ05WSFNNRUdEQVdnQlRsMlp0bl9QanN1cnZ3d0tpZGlsZUl1ZDgtWXpBZEJnTlZIU1VFRmpBVUJnZ3JCZ0VGQlFjREFRWUlLd1lCQlFVSEF3SXdEUVlKS29aSWh2Y05BUUVMQlFBRGdnRUJBSmZocWlnSVNTRmtwNUc1c0hJZzdzaHFncTBuTXU0WmtyRnl0S1lvajlueUlrYnA1d1MyUzJTbnhBcGJrNkRHZkNvcGVXMmJULTQxTHVBQnhycEhoSW54ZFFSd2M0aGZOa1ZnNWs0OGpiU2thUDRSblk1MlZUNzBrSDJ2bmdHM3pEY3BkbF9VZHRYajVxQ3pFZmZIVjJaM3pienY5cnc4NjBqWkl3a1o1Vkdtb1lvOWdoSFhvWVg1bFE5cG0wVC1NN0doVzA3OGdHamFqakdKLWVSNUNRNGZmblI1a0JKUlZlMUJfUy1uZmFrQ3FFTGRmRGV3aU82NC1rXy04UkFzSEk3NXZVbkk2U19SUWZhMEdhaDYwd0F3T1hYWEdSelNiLW01dHZLSWdxVmI0Nk1QcDlySzFIZ3djVWt2a19NZW9JMlh0WFVOX1NXMnVSWENGcDlVX1BvJnM9cThjeW1SMXMwT0JManBWaml5S1lSV1U3NFVmMlJEaThzUE1BVnB2Q0ttMnpTdUZCeVd4QmNTZW1JdWlYZ01LajRReVAtdWtzSU95YXNFd3dwNXdfTURHSWRVRmtrandmSEpLNzItQ3BfTDZDTm5ZUU9zQlBCTV9qTk9zZ1V3ODFZSTYzU1BwNWlHV3NSakZaZEw4YzB0dXNaVlEzRS1fOEJMdmZaRDlraHZiZDNjUmZmMFd4cGZOWDhRWWEzZzJKV09mVEI4dkxJblB2ODVOaTM4LS1OdFgyMEhCSk1PZVZfQ1RZUUt1T3N3QkdtdjJQUENCY2hBbFNGVk02MjBZdVpsMVhDTDB2ak04a05LRlNGTF9qSG5HQTkyLVBRNExvX3hiSkMyazYxU3hlWnBuUnVMZnJDcHdwV185M21BaTUyR0ZHYXdoY1pGY0syb2ZGeWtZZlhBJmg9dkNTcFJRLWVzU0VCZzNtUkItUDNVeUNoQTRieC00dzl2VlM4cDA1cFJMdw==",
      "RequestMethod": "GET",
      "RequestHeaders": {
        "User-Agent": [
          "FxVersion/6.0.2323.48002",
          "OSName/Windows",
          "OSVersion/Microsoft.Windows.10.0.22621",
          "Microsoft.Azure.Management.Internal.Resources.ResourceManagementClient/1.3.86"
        ]
      },
      "RequestBody": "",
      "ResponseHeaders": {
        "Cache-Control": [
          "no-cache"
        ],
        "Pragma": [
          "no-cache"
        ],
        "Location": [
          "https://eastus2euap.management.azure.com/subscriptions/ee787b9b-a25f-4d20-86e9-45fcea5253dd/operationresults/eyJqb2JJZCI6IlJFU09VUkNFR1JPVVBERUxFVElPTkpPQi1QUzY0MDUtRUFTVFVTIiwiam9iTG9jYXRpb24iOiJlYXN0dXMifQ?api-version=2016-09-01&t=638333739747134865&c=MIIHHjCCBgagAwIBAgITOgHct7O3aN_KxDKNJwAEAdy3szANBgkqhkiG9w0BAQsFADBEMRMwEQYKCZImiZPyLGQBGRYDR0JMMRMwEQYKCZImiZPyLGQBGRYDQU1FMRgwFgYDVQQDEw9BTUUgSU5GUkEgQ0EgMDEwHhcNMjMwODAyMDc1ODI0WhcNMjQwNzI3MDc1ODI0WjBAMT4wPAYDVQQDEzVhc3luY29wZXJhdGlvbnNpZ25pbmdjZXJ0aWZpY2F0ZS5tYW5hZ2VtZW50LmF6dXJlLmNvbTCCASIwDQYJKoZIhvcNAQEBBQADggEPADCCAQoCggEBALgLnSbzEbFP5vuRFjPkIRVhgz-iw8NSD7e9KiRk9joLl4YrnC0aSuKwshRe9v_Gl--CqxXgkcpCrfdylaxeXPCqPbSAySW8ZXeSDzD35sq_pFnpKhucgB99Ge-e1unJgvYfJTi3-ri0oDMpryPjlj-DSAQ7LPz35cKSbzFYKu3mynC6wWObzCuwGt5qbJ4uxeqzSw_EaLK0-6awwn50lVsKnZtiZhdfHXDKKLap7dLAww0CM1k9FmqGvlSPIwLevHqzTzDqw1Z7aqoRUH_sezhZxKvKw2KKL0h73J1uStBKaiwxPh-9JrGtrp5emkNsj2V-tuOQ7sam3Z3urFRWBZECAwEAAaOCBAswggQHMCcGCSsGAQQBgjcVCgQaMBgwCgYIKwYBBQUHAwEwCgYIKwYBBQUHAwIwPQYJKwYBBAGCNxUHBDAwLgYmKwYBBAGCNxUIhpDjDYTVtHiE8Ys-hZvdFs6dEoFggvX2K4Py0SACAWQCAQowggHaBggrBgEFBQcBAQSCAcwwggHIMGYGCCsGAQUFBzAChlpodHRwOi8vY3JsLm1pY3Jvc29mdC5jb20vcGtpaW5mcmEvQ2VydHMvQlkyUEtJSU5UQ0EwMS5BTUUuR0JMX0FNRSUyMElORlJBJTIwQ0ElMjAwMSg0KS5jcnQwVgYIKwYBBQUHMAKGSmh0dHA6Ly9jcmwxLmFtZS5nYmwvYWlhL0JZMlBLSUlOVENBMDEuQU1FLkdCTF9BTUUlMjBJTkZSQSUyMENBJTIwMDEoNCkuY3J0MFYGCCsGAQUFBzAChkpodHRwOi8vY3JsMi5hbWUuZ2JsL2FpYS9CWTJQS0lJTlRDQTAxLkFNRS5HQkxfQU1FJTIwSU5GUkElMjBDQSUyMDAxKDQpLmNydDBWBggrBgEFBQcwAoZKaHR0cDovL2NybDMuYW1lLmdibC9haWEvQlkyUEtJSU5UQ0EwMS5BTUUuR0JMX0FNRSUyMElORlJBJTIwQ0ElMjAwMSg0KS5jcnQwVgYIKwYBBQUHMAKGSmh0dHA6Ly9jcmw0LmFtZS5nYmwvYWlhL0JZMlBLSUlOVENBMDEuQU1FLkdCTF9BTUUlMjBJTkZSQSUyMENBJTIwMDEoNCkuY3J0MB0GA1UdDgQWBBSNta6Ow680k6ap_o_3ZKd0BukJQTAOBgNVHQ8BAf8EBAMCBaAwggE1BgNVHR8EggEsMIIBKDCCASSgggEgoIIBHIZCaHR0cDovL2NybC5taWNyb3NvZnQuY29tL3BraWluZnJhL0NSTC9BTUUlMjBJTkZSQSUyMENBJTIwMDEoNCkuY3JshjRodHRwOi8vY3JsMS5hbWUuZ2JsL2NybC9BTUUlMjBJTkZSQSUyMENBJTIwMDEoNCkuY3JshjRodHRwOi8vY3JsMi5hbWUuZ2JsL2NybC9BTUUlMjBJTkZSQSUyMENBJTIwMDEoNCkuY3JshjRodHRwOi8vY3JsMy5hbWUuZ2JsL2NybC9BTUUlMjBJTkZSQSUyMENBJTIwMDEoNCkuY3JshjRodHRwOi8vY3JsNC5hbWUuZ2JsL2NybC9BTUUlMjBJTkZSQSUyMENBJTIwMDEoNCkuY3JsMBcGA1UdIAQQMA4wDAYKKwYBBAGCN3sBATAfBgNVHSMEGDAWgBTl2Ztn_PjsurvwwKidileIud8-YzAdBgNVHSUEFjAUBggrBgEFBQcDAQYIKwYBBQUHAwIwDQYJKoZIhvcNAQELBQADggEBAJfhqigISSFkp5G5sHIg7shqgq0nMu4ZkrFytKYoj9nyIkbp5wS2S2SnxApbk6DGfCopeW2bT-41LuABxrpHhInxdQRwc4hfNkVg5k48jbSkaP4RnY52VT70kH2vngG3zDcpdl_UdtXj5qCzEffHV2Z3zbzv9rw860jZIwkZ5VGmoYo9ghHXoYX5lQ9pm0T-M7GhW078gGjajjGJ-eR5CQ4ffnR5kBJRVe1B_S-nfakCqELdfDewiO64-k_-8RAsHI75vUnI6S_RQfa0Gah60wAwOXXXGRzSb-m5tvKIgqVb46MPp9rK1HgwcUkvk_MeoI2XtXUN_SW2uRXCFp9U_Po&s=orVUfP6glFUQCV9quuW2BYl5s8QPFCv09vw3i2xt85mCpsIzAOBswUp6p6Kp1fV4zErhmnpMRCeEp_MwjnAp9whUx4-Rt2rBP1R9OUBY4JgrRBzB9nNwZX7h7ypg73qnBhgWTcye7qxJ96SQ4h1mfJ1enflevhzTPoAzF4Y6twADdSPGy2qVMQ9R1l_AgTcTuQKr_JkUQKAzMARKIVjejqCDMQim7sHFMYtPJgvBEJtlr5-0nn7dNcl0Y5Fej5m8ylgbz_gOrskTiIvFyj-jREO4ffXG1vSkE-4YzpyL6OVybyNpYHJYh3M1wk6mzcW5Ef0F7C4dZoRzKTl0a8GFcQ&h=nVAXCZw-Z2kL7FH7M9lFPMkjF7FZWdx_3rjp4eS83vA"
        ],
        "Retry-After": [
          "15"
        ],
        "x-ms-ratelimit-remaining-subscription-reads": [
          "11995"
        ],
        "x-ms-request-id": [
          "9d1cfa7d-4916-42d6-a39a-031348bce8f8"
        ],
        "x-ms-correlation-request-id": [
          "9d1cfa7d-4916-42d6-a39a-031348bce8f8"
        ],
        "x-ms-routing-request-id": [
          "EASTUS2EUAP:20231020T044614Z:9d1cfa7d-4916-42d6-a39a-031348bce8f8"
        ],
        "Strict-Transport-Security": [
          "max-age=31536000; includeSubDomains"
        ],
        "X-Content-Type-Options": [
          "nosniff"
        ],
        "Date": [
          "Fri, 20 Oct 2023 04:46:14 GMT"
        ],
        "Expires": [
          "-1"
        ],
        "Content-Length": [
          "0"
        ]
      },
      "ResponseBody": "",
      "StatusCode": 202
    },
    {
      "RequestUri": "/subscriptions/ee787b9b-a25f-4d20-86e9-45fcea5253dd/operationresults/eyJqb2JJZCI6IlJFU09VUkNFR1JPVVBERUxFVElPTkpPQi1QUzY0MDUtRUFTVFVTIiwiam9iTG9jYXRpb24iOiJlYXN0dXMifQ?api-version=2016-09-01&t=638333739747134865&c=MIIHHjCCBgagAwIBAgITOgHct7O3aN_KxDKNJwAEAdy3szANBgkqhkiG9w0BAQsFADBEMRMwEQYKCZImiZPyLGQBGRYDR0JMMRMwEQYKCZImiZPyLGQBGRYDQU1FMRgwFgYDVQQDEw9BTUUgSU5GUkEgQ0EgMDEwHhcNMjMwODAyMDc1ODI0WhcNMjQwNzI3MDc1ODI0WjBAMT4wPAYDVQQDEzVhc3luY29wZXJhdGlvbnNpZ25pbmdjZXJ0aWZpY2F0ZS5tYW5hZ2VtZW50LmF6dXJlLmNvbTCCASIwDQYJKoZIhvcNAQEBBQADggEPADCCAQoCggEBALgLnSbzEbFP5vuRFjPkIRVhgz-iw8NSD7e9KiRk9joLl4YrnC0aSuKwshRe9v_Gl--CqxXgkcpCrfdylaxeXPCqPbSAySW8ZXeSDzD35sq_pFnpKhucgB99Ge-e1unJgvYfJTi3-ri0oDMpryPjlj-DSAQ7LPz35cKSbzFYKu3mynC6wWObzCuwGt5qbJ4uxeqzSw_EaLK0-6awwn50lVsKnZtiZhdfHXDKKLap7dLAww0CM1k9FmqGvlSPIwLevHqzTzDqw1Z7aqoRUH_sezhZxKvKw2KKL0h73J1uStBKaiwxPh-9JrGtrp5emkNsj2V-tuOQ7sam3Z3urFRWBZECAwEAAaOCBAswggQHMCcGCSsGAQQBgjcVCgQaMBgwCgYIKwYBBQUHAwEwCgYIKwYBBQUHAwIwPQYJKwYBBAGCNxUHBDAwLgYmKwYBBAGCNxUIhpDjDYTVtHiE8Ys-hZvdFs6dEoFggvX2K4Py0SACAWQCAQowggHaBggrBgEFBQcBAQSCAcwwggHIMGYGCCsGAQUFBzAChlpodHRwOi8vY3JsLm1pY3Jvc29mdC5jb20vcGtpaW5mcmEvQ2VydHMvQlkyUEtJSU5UQ0EwMS5BTUUuR0JMX0FNRSUyMElORlJBJTIwQ0ElMjAwMSg0KS5jcnQwVgYIKwYBBQUHMAKGSmh0dHA6Ly9jcmwxLmFtZS5nYmwvYWlhL0JZMlBLSUlOVENBMDEuQU1FLkdCTF9BTUUlMjBJTkZSQSUyMENBJTIwMDEoNCkuY3J0MFYGCCsGAQUFBzAChkpodHRwOi8vY3JsMi5hbWUuZ2JsL2FpYS9CWTJQS0lJTlRDQTAxLkFNRS5HQkxfQU1FJTIwSU5GUkElMjBDQSUyMDAxKDQpLmNydDBWBggrBgEFBQcwAoZKaHR0cDovL2NybDMuYW1lLmdibC9haWEvQlkyUEtJSU5UQ0EwMS5BTUUuR0JMX0FNRSUyMElORlJBJTIwQ0ElMjAwMSg0KS5jcnQwVgYIKwYBBQUHMAKGSmh0dHA6Ly9jcmw0LmFtZS5nYmwvYWlhL0JZMlBLSUlOVENBMDEuQU1FLkdCTF9BTUUlMjBJTkZSQSUyMENBJTIwMDEoNCkuY3J0MB0GA1UdDgQWBBSNta6Ow680k6ap_o_3ZKd0BukJQTAOBgNVHQ8BAf8EBAMCBaAwggE1BgNVHR8EggEsMIIBKDCCASSgggEgoIIBHIZCaHR0cDovL2NybC5taWNyb3NvZnQuY29tL3BraWluZnJhL0NSTC9BTUUlMjBJTkZSQSUyMENBJTIwMDEoNCkuY3JshjRodHRwOi8vY3JsMS5hbWUuZ2JsL2NybC9BTUUlMjBJTkZSQSUyMENBJTIwMDEoNCkuY3JshjRodHRwOi8vY3JsMi5hbWUuZ2JsL2NybC9BTUUlMjBJTkZSQSUyMENBJTIwMDEoNCkuY3JshjRodHRwOi8vY3JsMy5hbWUuZ2JsL2NybC9BTUUlMjBJTkZSQSUyMENBJTIwMDEoNCkuY3JshjRodHRwOi8vY3JsNC5hbWUuZ2JsL2NybC9BTUUlMjBJTkZSQSUyMENBJTIwMDEoNCkuY3JsMBcGA1UdIAQQMA4wDAYKKwYBBAGCN3sBATAfBgNVHSMEGDAWgBTl2Ztn_PjsurvwwKidileIud8-YzAdBgNVHSUEFjAUBggrBgEFBQcDAQYIKwYBBQUHAwIwDQYJKoZIhvcNAQELBQADggEBAJfhqigISSFkp5G5sHIg7shqgq0nMu4ZkrFytKYoj9nyIkbp5wS2S2SnxApbk6DGfCopeW2bT-41LuABxrpHhInxdQRwc4hfNkVg5k48jbSkaP4RnY52VT70kH2vngG3zDcpdl_UdtXj5qCzEffHV2Z3zbzv9rw860jZIwkZ5VGmoYo9ghHXoYX5lQ9pm0T-M7GhW078gGjajjGJ-eR5CQ4ffnR5kBJRVe1B_S-nfakCqELdfDewiO64-k_-8RAsHI75vUnI6S_RQfa0Gah60wAwOXXXGRzSb-m5tvKIgqVb46MPp9rK1HgwcUkvk_MeoI2XtXUN_SW2uRXCFp9U_Po&s=orVUfP6glFUQCV9quuW2BYl5s8QPFCv09vw3i2xt85mCpsIzAOBswUp6p6Kp1fV4zErhmnpMRCeEp_MwjnAp9whUx4-Rt2rBP1R9OUBY4JgrRBzB9nNwZX7h7ypg73qnBhgWTcye7qxJ96SQ4h1mfJ1enflevhzTPoAzF4Y6twADdSPGy2qVMQ9R1l_AgTcTuQKr_JkUQKAzMARKIVjejqCDMQim7sHFMYtPJgvBEJtlr5-0nn7dNcl0Y5Fej5m8ylgbz_gOrskTiIvFyj-jREO4ffXG1vSkE-4YzpyL6OVybyNpYHJYh3M1wk6mzcW5Ef0F7C4dZoRzKTl0a8GFcQ&h=nVAXCZw-Z2kL7FH7M9lFPMkjF7FZWdx_3rjp4eS83vA",
      "EncodedRequestUri": "L3N1YnNjcmlwdGlvbnMvZWU3ODdiOWItYTI1Zi00ZDIwLTg2ZTktNDVmY2VhNTI1M2RkL29wZXJhdGlvbnJlc3VsdHMvZXlKcWIySkpaQ0k2SWxKRlUwOVZVa05GUjFKUFZWQkVSVXhGVkVsUFRrcFBRaTFRVXpZME1EVXRSVUZUVkZWVElpd2lhbTlpVEc5allYUnBiMjRpT2lKbFlYTjBkWE1pZlE/YXBpLXZlcnNpb249MjAxNi0wOS0wMSZ0PTYzODMzMzczOTc0NzEzNDg2NSZjPU1JSUhIakNDQmdhZ0F3SUJBZ0lUT2dIY3Q3TzNhTl9LeERLTkp3QUVBZHkzc3pBTkJna3Foa2lHOXcwQkFRc0ZBREJFTVJNd0VRWUtDWkltaVpQeUxHUUJHUllEUjBKTU1STXdFUVlLQ1pJbWlaUHlMR1FCR1JZRFFVMUZNUmd3RmdZRFZRUURFdzlCVFVVZ1NVNUdVa0VnUTBFZ01ERXdIaGNOTWpNd09EQXlNRGMxT0RJMFdoY05NalF3TnpJM01EYzFPREkwV2pCQU1UNHdQQVlEVlFRREV6VmhjM2x1WTI5d1pYSmhkR2x2Ym5OcFoyNXBibWRqWlhKMGFXWnBZMkYwWlM1dFlXNWhaMlZ0Wlc1MExtRjZkWEpsTG1OdmJUQ0NBU0l3RFFZSktvWklodmNOQVFFQkJRQURnZ0VQQURDQ0FRb0NnZ0VCQUxnTG5TYnpFYkZQNXZ1UkZqUGtJUlZoZ3otaXc4TlNEN2U5S2lSazlqb0xsNFlybkMwYVN1S3dzaFJlOXZfR2wtLUNxeFhna2NwQ3JmZHlsYXhlWFBDcVBiU0F5U1c4WlhlU0R6RDM1c3FfcEZucEtodWNnQjk5R2UtZTF1bkpndllmSlRpMy1yaTBvRE1wcnlQamxqLURTQVE3TFB6MzVjS1NiekZZS3UzbXluQzZ3V09iekN1d0d0NXFiSjR1eGVxelN3X0VhTEswLTZhd3duNTBsVnNLblp0aVpoZGZIWERLS0xhcDdkTEF3dzBDTTFrOUZtcUd2bFNQSXdMZXZIcXpUekRxdzFaN2Fxb1JVSF9zZXpoWnhLdkt3MktLTDBoNzNKMXVTdEJLYWl3eFBoLTlKckd0cnA1ZW1rTnNqMlYtdHVPUTdzYW0zWjN1ckZSV0JaRUNBd0VBQWFPQ0JBc3dnZ1FITUNjR0NTc0dBUVFCZ2pjVkNnUWFNQmd3Q2dZSUt3WUJCUVVIQXdFd0NnWUlLd1lCQlFVSEF3SXdQUVlKS3dZQkJBR0NOeFVIQkRBd0xnWW1Ld1lCQkFHQ054VUlocERqRFlUVnRIaUU4WXMtaFp2ZEZzNmRFb0ZnZ3ZYMks0UHkwU0FDQVdRQ0FRb3dnZ0hhQmdnckJnRUZCUWNCQVFTQ0Fjd3dnZ0hJTUdZR0NDc0dBUVVGQnpBQ2hscG9kSFJ3T2k4dlkzSnNMbTFwWTNKdmMyOW1kQzVqYjIwdmNHdHBhVzVtY21FdlEyVnlkSE12UWxreVVFdEpTVTVVUTBFd01TNUJUVVV1UjBKTVgwRk5SU1V5TUVsT1JsSkJKVEl3UTBFbE1qQXdNU2cwS1M1amNuUXdWZ1lJS3dZQkJRVUhNQUtHU21oMGRIQTZMeTlqY213eExtRnRaUzVuWW13dllXbGhMMEpaTWxCTFNVbE9WRU5CTURFdVFVMUZMa2RDVEY5QlRVVWxNakJKVGtaU1FTVXlNRU5CSlRJd01ERW9OQ2t1WTNKME1GWUdDQ3NHQVFVRkJ6QUNoa3BvZEhSd09pOHZZM0pzTWk1aGJXVXVaMkpzTDJGcFlTOUNXVEpRUzBsSlRsUkRRVEF4TGtGTlJTNUhRa3hmUVUxRkpUSXdTVTVHVWtFbE1qQkRRU1V5TURBeEtEUXBMbU55ZERCV0JnZ3JCZ0VGQlFjd0FvWkthSFIwY0RvdkwyTnliRE11WVcxbExtZGliQzloYVdFdlFsa3lVRXRKU1U1VVEwRXdNUzVCVFVVdVIwSk1YMEZOUlNVeU1FbE9SbEpCSlRJd1EwRWxNakF3TVNnMEtTNWpjblF3VmdZSUt3WUJCUVVITUFLR1NtaDBkSEE2THk5amNtdzBMbUZ0WlM1blltd3ZZV2xoTDBKWk1sQkxTVWxPVkVOQk1ERXVRVTFGTGtkQ1RGOUJUVVVsTWpCSlRrWlNRU1V5TUVOQkpUSXdNREVvTkNrdVkzSjBNQjBHQTFVZERnUVdCQlNOdGE2T3c2ODBrNmFwX29fM1pLZDBCdWtKUVRBT0JnTlZIUThCQWY4RUJBTUNCYUF3Z2dFMUJnTlZIUjhFZ2dFc01JSUJLRENDQVNTZ2dnRWdvSUlCSElaQ2FIUjBjRG92TDJOeWJDNXRhV055YjNOdlpuUXVZMjl0TDNCcmFXbHVabkpoTDBOU1RDOUJUVVVsTWpCSlRrWlNRU1V5TUVOQkpUSXdNREVvTkNrdVkzSnNoalJvZEhSd09pOHZZM0pzTVM1aGJXVXVaMkpzTDJOeWJDOUJUVVVsTWpCSlRrWlNRU1V5TUVOQkpUSXdNREVvTkNrdVkzSnNoalJvZEhSd09pOHZZM0pzTWk1aGJXVXVaMkpzTDJOeWJDOUJUVVVsTWpCSlRrWlNRU1V5TUVOQkpUSXdNREVvTkNrdVkzSnNoalJvZEhSd09pOHZZM0pzTXk1aGJXVXVaMkpzTDJOeWJDOUJUVVVsTWpCSlRrWlNRU1V5TUVOQkpUSXdNREVvTkNrdVkzSnNoalJvZEhSd09pOHZZM0pzTkM1aGJXVXVaMkpzTDJOeWJDOUJUVVVsTWpCSlRrWlNRU1V5TUVOQkpUSXdNREVvTkNrdVkzSnNNQmNHQTFVZElBUVFNQTR3REFZS0t3WUJCQUdDTjNzQkFUQWZCZ05WSFNNRUdEQVdnQlRsMlp0bl9QanN1cnZ3d0tpZGlsZUl1ZDgtWXpBZEJnTlZIU1VFRmpBVUJnZ3JCZ0VGQlFjREFRWUlLd1lCQlFVSEF3SXdEUVlKS29aSWh2Y05BUUVMQlFBRGdnRUJBSmZocWlnSVNTRmtwNUc1c0hJZzdzaHFncTBuTXU0WmtyRnl0S1lvajlueUlrYnA1d1MyUzJTbnhBcGJrNkRHZkNvcGVXMmJULTQxTHVBQnhycEhoSW54ZFFSd2M0aGZOa1ZnNWs0OGpiU2thUDRSblk1MlZUNzBrSDJ2bmdHM3pEY3BkbF9VZHRYajVxQ3pFZmZIVjJaM3pienY5cnc4NjBqWkl3a1o1Vkdtb1lvOWdoSFhvWVg1bFE5cG0wVC1NN0doVzA3OGdHamFqakdKLWVSNUNRNGZmblI1a0JKUlZlMUJfUy1uZmFrQ3FFTGRmRGV3aU82NC1rXy04UkFzSEk3NXZVbkk2U19SUWZhMEdhaDYwd0F3T1hYWEdSelNiLW01dHZLSWdxVmI0Nk1QcDlySzFIZ3djVWt2a19NZW9JMlh0WFVOX1NXMnVSWENGcDlVX1BvJnM9b3JWVWZQNmdsRlVRQ1Y5cXV1VzJCWWw1czhRUEZDdjA5dnczaTJ4dDg1bUNwc0l6QU9Cc3dVcDZwNktwMWZWNHpFcmhtbnBNUkNlRXBfTXdqbkFwOXdoVXg0LVJ0MnJCUDFSOU9VQlk0SmdyUkJ6QjluTndaWDdoN3lwZzczcW5CaGdXVGN5ZTdxeEo5NlNRNGgxbWZKMWVuZmxldmh6VFBvQXpGNFk2dHdBRGRTUEd5MnFWTVE5UjFsX0FnVGNUdVFLcl9Ka1VRS0F6TUFSS0lWamVqcUNETVFpbTdzSEZNWXRQSmd2QkVKdGxyNS0wbm43ZE5jbDBZNUZlajVtOHlsZ2J6X2dPcnNrVGlJdkZ5ai1qUkVPNGZmWEcxdlNrRS00WXpweUw2T1Z5YnlOcFlISlloM00xd2s2bXpjVzVFZjBGN0M0ZFpvUnpLVGwwYThHRmNRJmg9blZBWENady1aMmtMN0ZIN005bEZQTWtqRjdGWldkeF8zcmpwNGVTODN2QQ==",
      "RequestMethod": "GET",
      "RequestHeaders": {
        "User-Agent": [
          "FxVersion/6.0.2323.48002",
          "OSName/Windows",
          "OSVersion/Microsoft.Windows.10.0.22621",
          "Microsoft.Azure.Management.Internal.Resources.ResourceManagementClient/1.3.86"
        ]
      },
      "RequestBody": "",
      "ResponseHeaders": {
        "Cache-Control": [
          "no-cache"
        ],
        "Pragma": [
          "no-cache"
        ],
        "Location": [
          "https://eastus2euap.management.azure.com/subscriptions/ee787b9b-a25f-4d20-86e9-45fcea5253dd/operationresults/eyJqb2JJZCI6IlJFU09VUkNFR1JPVVBERUxFVElPTkpPQi1QUzY0MDUtRUFTVFVTIiwiam9iTG9jYXRpb24iOiJlYXN0dXMifQ?api-version=2016-09-01&t=638333739898583155&c=MIIHHjCCBgagAwIBAgITOgHct7O3aN_KxDKNJwAEAdy3szANBgkqhkiG9w0BAQsFADBEMRMwEQYKCZImiZPyLGQBGRYDR0JMMRMwEQYKCZImiZPyLGQBGRYDQU1FMRgwFgYDVQQDEw9BTUUgSU5GUkEgQ0EgMDEwHhcNMjMwODAyMDc1ODI0WhcNMjQwNzI3MDc1ODI0WjBAMT4wPAYDVQQDEzVhc3luY29wZXJhdGlvbnNpZ25pbmdjZXJ0aWZpY2F0ZS5tYW5hZ2VtZW50LmF6dXJlLmNvbTCCASIwDQYJKoZIhvcNAQEBBQADggEPADCCAQoCggEBALgLnSbzEbFP5vuRFjPkIRVhgz-iw8NSD7e9KiRk9joLl4YrnC0aSuKwshRe9v_Gl--CqxXgkcpCrfdylaxeXPCqPbSAySW8ZXeSDzD35sq_pFnpKhucgB99Ge-e1unJgvYfJTi3-ri0oDMpryPjlj-DSAQ7LPz35cKSbzFYKu3mynC6wWObzCuwGt5qbJ4uxeqzSw_EaLK0-6awwn50lVsKnZtiZhdfHXDKKLap7dLAww0CM1k9FmqGvlSPIwLevHqzTzDqw1Z7aqoRUH_sezhZxKvKw2KKL0h73J1uStBKaiwxPh-9JrGtrp5emkNsj2V-tuOQ7sam3Z3urFRWBZECAwEAAaOCBAswggQHMCcGCSsGAQQBgjcVCgQaMBgwCgYIKwYBBQUHAwEwCgYIKwYBBQUHAwIwPQYJKwYBBAGCNxUHBDAwLgYmKwYBBAGCNxUIhpDjDYTVtHiE8Ys-hZvdFs6dEoFggvX2K4Py0SACAWQCAQowggHaBggrBgEFBQcBAQSCAcwwggHIMGYGCCsGAQUFBzAChlpodHRwOi8vY3JsLm1pY3Jvc29mdC5jb20vcGtpaW5mcmEvQ2VydHMvQlkyUEtJSU5UQ0EwMS5BTUUuR0JMX0FNRSUyMElORlJBJTIwQ0ElMjAwMSg0KS5jcnQwVgYIKwYBBQUHMAKGSmh0dHA6Ly9jcmwxLmFtZS5nYmwvYWlhL0JZMlBLSUlOVENBMDEuQU1FLkdCTF9BTUUlMjBJTkZSQSUyMENBJTIwMDEoNCkuY3J0MFYGCCsGAQUFBzAChkpodHRwOi8vY3JsMi5hbWUuZ2JsL2FpYS9CWTJQS0lJTlRDQTAxLkFNRS5HQkxfQU1FJTIwSU5GUkElMjBDQSUyMDAxKDQpLmNydDBWBggrBgEFBQcwAoZKaHR0cDovL2NybDMuYW1lLmdibC9haWEvQlkyUEtJSU5UQ0EwMS5BTUUuR0JMX0FNRSUyMElORlJBJTIwQ0ElMjAwMSg0KS5jcnQwVgYIKwYBBQUHMAKGSmh0dHA6Ly9jcmw0LmFtZS5nYmwvYWlhL0JZMlBLSUlOVENBMDEuQU1FLkdCTF9BTUUlMjBJTkZSQSUyMENBJTIwMDEoNCkuY3J0MB0GA1UdDgQWBBSNta6Ow680k6ap_o_3ZKd0BukJQTAOBgNVHQ8BAf8EBAMCBaAwggE1BgNVHR8EggEsMIIBKDCCASSgggEgoIIBHIZCaHR0cDovL2NybC5taWNyb3NvZnQuY29tL3BraWluZnJhL0NSTC9BTUUlMjBJTkZSQSUyMENBJTIwMDEoNCkuY3JshjRodHRwOi8vY3JsMS5hbWUuZ2JsL2NybC9BTUUlMjBJTkZSQSUyMENBJTIwMDEoNCkuY3JshjRodHRwOi8vY3JsMi5hbWUuZ2JsL2NybC9BTUUlMjBJTkZSQSUyMENBJTIwMDEoNCkuY3JshjRodHRwOi8vY3JsMy5hbWUuZ2JsL2NybC9BTUUlMjBJTkZSQSUyMENBJTIwMDEoNCkuY3JshjRodHRwOi8vY3JsNC5hbWUuZ2JsL2NybC9BTUUlMjBJTkZSQSUyMENBJTIwMDEoNCkuY3JsMBcGA1UdIAQQMA4wDAYKKwYBBAGCN3sBATAfBgNVHSMEGDAWgBTl2Ztn_PjsurvwwKidileIud8-YzAdBgNVHSUEFjAUBggrBgEFBQcDAQYIKwYBBQUHAwIwDQYJKoZIhvcNAQELBQADggEBAJfhqigISSFkp5G5sHIg7shqgq0nMu4ZkrFytKYoj9nyIkbp5wS2S2SnxApbk6DGfCopeW2bT-41LuABxrpHhInxdQRwc4hfNkVg5k48jbSkaP4RnY52VT70kH2vngG3zDcpdl_UdtXj5qCzEffHV2Z3zbzv9rw860jZIwkZ5VGmoYo9ghHXoYX5lQ9pm0T-M7GhW078gGjajjGJ-eR5CQ4ffnR5kBJRVe1B_S-nfakCqELdfDewiO64-k_-8RAsHI75vUnI6S_RQfa0Gah60wAwOXXXGRzSb-m5tvKIgqVb46MPp9rK1HgwcUkvk_MeoI2XtXUN_SW2uRXCFp9U_Po&s=BLh14ekmAMIVHtmCZxJ4ML1ttpkWFKte3-oZ-5yy4WKJ5cbfdiYH4oGgf8oJCeQzJqT_xz4VWYAZHVa1DsjT4Ajr-cjcd-8fKQ_sYLHQzTuAkWrbD1z2aSlNm11nS_xzmQlM9vyTzfwf-TMQOeN986MqUzzVaAX5V9hz1dd8sXxmOaHa8TX5aaABfu-NiQUnTcS0HOsBXq4_Do5lneYBBWtpN13VsX7hUWWc7kO1I91JdOJcJbAvDoEsPRxAcCTGVAy-ZDyR1iBZzgKZiaOA0HrELUzrvDHZjfS8apfORI6GUcV9leOdQQGrlapIKqiRae6CyZDB-qmunFZnHr2TaQ&h=oEoAiykNM-TDzHEdlAiqNsWAWPcGsGSd_9Nto2d0ZqI"
        ],
        "Retry-After": [
          "15"
        ],
        "x-ms-ratelimit-remaining-subscription-reads": [
          "11994"
        ],
        "x-ms-request-id": [
          "d8a1e87f-602d-4831-b618-ca586ee1146c"
        ],
        "x-ms-correlation-request-id": [
          "d8a1e87f-602d-4831-b618-ca586ee1146c"
        ],
        "x-ms-routing-request-id": [
          "EASTUS2EUAP:20231020T044629Z:d8a1e87f-602d-4831-b618-ca586ee1146c"
        ],
        "Strict-Transport-Security": [
          "max-age=31536000; includeSubDomains"
        ],
        "X-Content-Type-Options": [
          "nosniff"
        ],
        "Date": [
          "Fri, 20 Oct 2023 04:46:29 GMT"
        ],
        "Expires": [
          "-1"
        ],
        "Content-Length": [
          "0"
        ]
      },
      "ResponseBody": "",
      "StatusCode": 202
    },
    {
      "RequestUri": "/subscriptions/ee787b9b-a25f-4d20-86e9-45fcea5253dd/operationresults/eyJqb2JJZCI6IlJFU09VUkNFR1JPVVBERUxFVElPTkpPQi1QUzY0MDUtRUFTVFVTIiwiam9iTG9jYXRpb24iOiJlYXN0dXMifQ?api-version=2016-09-01&t=638333739898583155&c=MIIHHjCCBgagAwIBAgITOgHct7O3aN_KxDKNJwAEAdy3szANBgkqhkiG9w0BAQsFADBEMRMwEQYKCZImiZPyLGQBGRYDR0JMMRMwEQYKCZImiZPyLGQBGRYDQU1FMRgwFgYDVQQDEw9BTUUgSU5GUkEgQ0EgMDEwHhcNMjMwODAyMDc1ODI0WhcNMjQwNzI3MDc1ODI0WjBAMT4wPAYDVQQDEzVhc3luY29wZXJhdGlvbnNpZ25pbmdjZXJ0aWZpY2F0ZS5tYW5hZ2VtZW50LmF6dXJlLmNvbTCCASIwDQYJKoZIhvcNAQEBBQADggEPADCCAQoCggEBALgLnSbzEbFP5vuRFjPkIRVhgz-iw8NSD7e9KiRk9joLl4YrnC0aSuKwshRe9v_Gl--CqxXgkcpCrfdylaxeXPCqPbSAySW8ZXeSDzD35sq_pFnpKhucgB99Ge-e1unJgvYfJTi3-ri0oDMpryPjlj-DSAQ7LPz35cKSbzFYKu3mynC6wWObzCuwGt5qbJ4uxeqzSw_EaLK0-6awwn50lVsKnZtiZhdfHXDKKLap7dLAww0CM1k9FmqGvlSPIwLevHqzTzDqw1Z7aqoRUH_sezhZxKvKw2KKL0h73J1uStBKaiwxPh-9JrGtrp5emkNsj2V-tuOQ7sam3Z3urFRWBZECAwEAAaOCBAswggQHMCcGCSsGAQQBgjcVCgQaMBgwCgYIKwYBBQUHAwEwCgYIKwYBBQUHAwIwPQYJKwYBBAGCNxUHBDAwLgYmKwYBBAGCNxUIhpDjDYTVtHiE8Ys-hZvdFs6dEoFggvX2K4Py0SACAWQCAQowggHaBggrBgEFBQcBAQSCAcwwggHIMGYGCCsGAQUFBzAChlpodHRwOi8vY3JsLm1pY3Jvc29mdC5jb20vcGtpaW5mcmEvQ2VydHMvQlkyUEtJSU5UQ0EwMS5BTUUuR0JMX0FNRSUyMElORlJBJTIwQ0ElMjAwMSg0KS5jcnQwVgYIKwYBBQUHMAKGSmh0dHA6Ly9jcmwxLmFtZS5nYmwvYWlhL0JZMlBLSUlOVENBMDEuQU1FLkdCTF9BTUUlMjBJTkZSQSUyMENBJTIwMDEoNCkuY3J0MFYGCCsGAQUFBzAChkpodHRwOi8vY3JsMi5hbWUuZ2JsL2FpYS9CWTJQS0lJTlRDQTAxLkFNRS5HQkxfQU1FJTIwSU5GUkElMjBDQSUyMDAxKDQpLmNydDBWBggrBgEFBQcwAoZKaHR0cDovL2NybDMuYW1lLmdibC9haWEvQlkyUEtJSU5UQ0EwMS5BTUUuR0JMX0FNRSUyMElORlJBJTIwQ0ElMjAwMSg0KS5jcnQwVgYIKwYBBQUHMAKGSmh0dHA6Ly9jcmw0LmFtZS5nYmwvYWlhL0JZMlBLSUlOVENBMDEuQU1FLkdCTF9BTUUlMjBJTkZSQSUyMENBJTIwMDEoNCkuY3J0MB0GA1UdDgQWBBSNta6Ow680k6ap_o_3ZKd0BukJQTAOBgNVHQ8BAf8EBAMCBaAwggE1BgNVHR8EggEsMIIBKDCCASSgggEgoIIBHIZCaHR0cDovL2NybC5taWNyb3NvZnQuY29tL3BraWluZnJhL0NSTC9BTUUlMjBJTkZSQSUyMENBJTIwMDEoNCkuY3JshjRodHRwOi8vY3JsMS5hbWUuZ2JsL2NybC9BTUUlMjBJTkZSQSUyMENBJTIwMDEoNCkuY3JshjRodHRwOi8vY3JsMi5hbWUuZ2JsL2NybC9BTUUlMjBJTkZSQSUyMENBJTIwMDEoNCkuY3JshjRodHRwOi8vY3JsMy5hbWUuZ2JsL2NybC9BTUUlMjBJTkZSQSUyMENBJTIwMDEoNCkuY3JshjRodHRwOi8vY3JsNC5hbWUuZ2JsL2NybC9BTUUlMjBJTkZSQSUyMENBJTIwMDEoNCkuY3JsMBcGA1UdIAQQMA4wDAYKKwYBBAGCN3sBATAfBgNVHSMEGDAWgBTl2Ztn_PjsurvwwKidileIud8-YzAdBgNVHSUEFjAUBggrBgEFBQcDAQYIKwYBBQUHAwIwDQYJKoZIhvcNAQELBQADggEBAJfhqigISSFkp5G5sHIg7shqgq0nMu4ZkrFytKYoj9nyIkbp5wS2S2SnxApbk6DGfCopeW2bT-41LuABxrpHhInxdQRwc4hfNkVg5k48jbSkaP4RnY52VT70kH2vngG3zDcpdl_UdtXj5qCzEffHV2Z3zbzv9rw860jZIwkZ5VGmoYo9ghHXoYX5lQ9pm0T-M7GhW078gGjajjGJ-eR5CQ4ffnR5kBJRVe1B_S-nfakCqELdfDewiO64-k_-8RAsHI75vUnI6S_RQfa0Gah60wAwOXXXGRzSb-m5tvKIgqVb46MPp9rK1HgwcUkvk_MeoI2XtXUN_SW2uRXCFp9U_Po&s=BLh14ekmAMIVHtmCZxJ4ML1ttpkWFKte3-oZ-5yy4WKJ5cbfdiYH4oGgf8oJCeQzJqT_xz4VWYAZHVa1DsjT4Ajr-cjcd-8fKQ_sYLHQzTuAkWrbD1z2aSlNm11nS_xzmQlM9vyTzfwf-TMQOeN986MqUzzVaAX5V9hz1dd8sXxmOaHa8TX5aaABfu-NiQUnTcS0HOsBXq4_Do5lneYBBWtpN13VsX7hUWWc7kO1I91JdOJcJbAvDoEsPRxAcCTGVAy-ZDyR1iBZzgKZiaOA0HrELUzrvDHZjfS8apfORI6GUcV9leOdQQGrlapIKqiRae6CyZDB-qmunFZnHr2TaQ&h=oEoAiykNM-TDzHEdlAiqNsWAWPcGsGSd_9Nto2d0ZqI",
      "EncodedRequestUri": "L3N1YnNjcmlwdGlvbnMvZWU3ODdiOWItYTI1Zi00ZDIwLTg2ZTktNDVmY2VhNTI1M2RkL29wZXJhdGlvbnJlc3VsdHMvZXlKcWIySkpaQ0k2SWxKRlUwOVZVa05GUjFKUFZWQkVSVXhGVkVsUFRrcFBRaTFRVXpZME1EVXRSVUZUVkZWVElpd2lhbTlpVEc5allYUnBiMjRpT2lKbFlYTjBkWE1pZlE/YXBpLXZlcnNpb249MjAxNi0wOS0wMSZ0PTYzODMzMzczOTg5ODU4MzE1NSZjPU1JSUhIakNDQmdhZ0F3SUJBZ0lUT2dIY3Q3TzNhTl9LeERLTkp3QUVBZHkzc3pBTkJna3Foa2lHOXcwQkFRc0ZBREJFTVJNd0VRWUtDWkltaVpQeUxHUUJHUllEUjBKTU1STXdFUVlLQ1pJbWlaUHlMR1FCR1JZRFFVMUZNUmd3RmdZRFZRUURFdzlCVFVVZ1NVNUdVa0VnUTBFZ01ERXdIaGNOTWpNd09EQXlNRGMxT0RJMFdoY05NalF3TnpJM01EYzFPREkwV2pCQU1UNHdQQVlEVlFRREV6VmhjM2x1WTI5d1pYSmhkR2x2Ym5OcFoyNXBibWRqWlhKMGFXWnBZMkYwWlM1dFlXNWhaMlZ0Wlc1MExtRjZkWEpsTG1OdmJUQ0NBU0l3RFFZSktvWklodmNOQVFFQkJRQURnZ0VQQURDQ0FRb0NnZ0VCQUxnTG5TYnpFYkZQNXZ1UkZqUGtJUlZoZ3otaXc4TlNEN2U5S2lSazlqb0xsNFlybkMwYVN1S3dzaFJlOXZfR2wtLUNxeFhna2NwQ3JmZHlsYXhlWFBDcVBiU0F5U1c4WlhlU0R6RDM1c3FfcEZucEtodWNnQjk5R2UtZTF1bkpndllmSlRpMy1yaTBvRE1wcnlQamxqLURTQVE3TFB6MzVjS1NiekZZS3UzbXluQzZ3V09iekN1d0d0NXFiSjR1eGVxelN3X0VhTEswLTZhd3duNTBsVnNLblp0aVpoZGZIWERLS0xhcDdkTEF3dzBDTTFrOUZtcUd2bFNQSXdMZXZIcXpUekRxdzFaN2Fxb1JVSF9zZXpoWnhLdkt3MktLTDBoNzNKMXVTdEJLYWl3eFBoLTlKckd0cnA1ZW1rTnNqMlYtdHVPUTdzYW0zWjN1ckZSV0JaRUNBd0VBQWFPQ0JBc3dnZ1FITUNjR0NTc0dBUVFCZ2pjVkNnUWFNQmd3Q2dZSUt3WUJCUVVIQXdFd0NnWUlLd1lCQlFVSEF3SXdQUVlKS3dZQkJBR0NOeFVIQkRBd0xnWW1Ld1lCQkFHQ054VUlocERqRFlUVnRIaUU4WXMtaFp2ZEZzNmRFb0ZnZ3ZYMks0UHkwU0FDQVdRQ0FRb3dnZ0hhQmdnckJnRUZCUWNCQVFTQ0Fjd3dnZ0hJTUdZR0NDc0dBUVVGQnpBQ2hscG9kSFJ3T2k4dlkzSnNMbTFwWTNKdmMyOW1kQzVqYjIwdmNHdHBhVzVtY21FdlEyVnlkSE12UWxreVVFdEpTVTVVUTBFd01TNUJUVVV1UjBKTVgwRk5SU1V5TUVsT1JsSkJKVEl3UTBFbE1qQXdNU2cwS1M1amNuUXdWZ1lJS3dZQkJRVUhNQUtHU21oMGRIQTZMeTlqY213eExtRnRaUzVuWW13dllXbGhMMEpaTWxCTFNVbE9WRU5CTURFdVFVMUZMa2RDVEY5QlRVVWxNakJKVGtaU1FTVXlNRU5CSlRJd01ERW9OQ2t1WTNKME1GWUdDQ3NHQVFVRkJ6QUNoa3BvZEhSd09pOHZZM0pzTWk1aGJXVXVaMkpzTDJGcFlTOUNXVEpRUzBsSlRsUkRRVEF4TGtGTlJTNUhRa3hmUVUxRkpUSXdTVTVHVWtFbE1qQkRRU1V5TURBeEtEUXBMbU55ZERCV0JnZ3JCZ0VGQlFjd0FvWkthSFIwY0RvdkwyTnliRE11WVcxbExtZGliQzloYVdFdlFsa3lVRXRKU1U1VVEwRXdNUzVCVFVVdVIwSk1YMEZOUlNVeU1FbE9SbEpCSlRJd1EwRWxNakF3TVNnMEtTNWpjblF3VmdZSUt3WUJCUVVITUFLR1NtaDBkSEE2THk5amNtdzBMbUZ0WlM1blltd3ZZV2xoTDBKWk1sQkxTVWxPVkVOQk1ERXVRVTFGTGtkQ1RGOUJUVVVsTWpCSlRrWlNRU1V5TUVOQkpUSXdNREVvTkNrdVkzSjBNQjBHQTFVZERnUVdCQlNOdGE2T3c2ODBrNmFwX29fM1pLZDBCdWtKUVRBT0JnTlZIUThCQWY4RUJBTUNCYUF3Z2dFMUJnTlZIUjhFZ2dFc01JSUJLRENDQVNTZ2dnRWdvSUlCSElaQ2FIUjBjRG92TDJOeWJDNXRhV055YjNOdlpuUXVZMjl0TDNCcmFXbHVabkpoTDBOU1RDOUJUVVVsTWpCSlRrWlNRU1V5TUVOQkpUSXdNREVvTkNrdVkzSnNoalJvZEhSd09pOHZZM0pzTVM1aGJXVXVaMkpzTDJOeWJDOUJUVVVsTWpCSlRrWlNRU1V5TUVOQkpUSXdNREVvTkNrdVkzSnNoalJvZEhSd09pOHZZM0pzTWk1aGJXVXVaMkpzTDJOeWJDOUJUVVVsTWpCSlRrWlNRU1V5TUVOQkpUSXdNREVvTkNrdVkzSnNoalJvZEhSd09pOHZZM0pzTXk1aGJXVXVaMkpzTDJOeWJDOUJUVVVsTWpCSlRrWlNRU1V5TUVOQkpUSXdNREVvTkNrdVkzSnNoalJvZEhSd09pOHZZM0pzTkM1aGJXVXVaMkpzTDJOeWJDOUJUVVVsTWpCSlRrWlNRU1V5TUVOQkpUSXdNREVvTkNrdVkzSnNNQmNHQTFVZElBUVFNQTR3REFZS0t3WUJCQUdDTjNzQkFUQWZCZ05WSFNNRUdEQVdnQlRsMlp0bl9QanN1cnZ3d0tpZGlsZUl1ZDgtWXpBZEJnTlZIU1VFRmpBVUJnZ3JCZ0VGQlFjREFRWUlLd1lCQlFVSEF3SXdEUVlKS29aSWh2Y05BUUVMQlFBRGdnRUJBSmZocWlnSVNTRmtwNUc1c0hJZzdzaHFncTBuTXU0WmtyRnl0S1lvajlueUlrYnA1d1MyUzJTbnhBcGJrNkRHZkNvcGVXMmJULTQxTHVBQnhycEhoSW54ZFFSd2M0aGZOa1ZnNWs0OGpiU2thUDRSblk1MlZUNzBrSDJ2bmdHM3pEY3BkbF9VZHRYajVxQ3pFZmZIVjJaM3pienY5cnc4NjBqWkl3a1o1Vkdtb1lvOWdoSFhvWVg1bFE5cG0wVC1NN0doVzA3OGdHamFqakdKLWVSNUNRNGZmblI1a0JKUlZlMUJfUy1uZmFrQ3FFTGRmRGV3aU82NC1rXy04UkFzSEk3NXZVbkk2U19SUWZhMEdhaDYwd0F3T1hYWEdSelNiLW01dHZLSWdxVmI0Nk1QcDlySzFIZ3djVWt2a19NZW9JMlh0WFVOX1NXMnVSWENGcDlVX1BvJnM9QkxoMTRla21BTUlWSHRtQ1p4SjRNTDF0dHBrV0ZLdGUzLW9aLTV5eTRXS0o1Y2JmZGlZSDRvR2dmOG9KQ2VRekpxVF94ejRWV1lBWkhWYTFEc2pUNEFqci1jamNkLThmS1Ffc1lMSFF6VHVBa1dyYkQxejJhU2xObTExblNfeHptUWxNOXZ5VHpmd2YtVE1RT2VOOTg2TXFVenpWYUFYNVY5aHoxZGQ4c1h4bU9hSGE4VFg1YWFBQmZ1LU5pUVVuVGNTMEhPc0JYcTRfRG81bG5lWUJCV3RwTjEzVnNYN2hVV1djN2tPMUk5MUpkT0pjSmJBdkRvRXNQUnhBY0NUR1ZBeS1aRHlSMWlCWnpnS1ppYU9BMEhyRUxVenJ2REhaamZTOGFwZk9SSTZHVWNWOWxlT2RRUUdybGFwSUtxaVJhZTZDeVpEQi1xbXVuRlpuSHIyVGFRJmg9b0VvQWl5a05NLVREekhFZGxBaXFOc1dBV1BjR3NHU2RfOU50bzJkMFpxSQ==",
      "RequestMethod": "GET",
      "RequestHeaders": {
        "User-Agent": [
          "FxVersion/6.0.2323.48002",
          "OSName/Windows",
          "OSVersion/Microsoft.Windows.10.0.22621",
          "Microsoft.Azure.Management.Internal.Resources.ResourceManagementClient/1.3.86"
        ]
      },
      "RequestBody": "",
      "ResponseHeaders": {
        "Cache-Control": [
          "no-cache"
        ],
        "Pragma": [
          "no-cache"
        ],
        "Location": [
          "https://eastus2euap.management.azure.com/subscriptions/ee787b9b-a25f-4d20-86e9-45fcea5253dd/operationresults/eyJqb2JJZCI6IlJFU09VUkNFR1JPVVBERUxFVElPTkpPQi1QUzY0MDUtRUFTVFVTIiwiam9iTG9jYXRpb24iOiJlYXN0dXMifQ?api-version=2016-09-01&t=638333740049991281&c=MIIHHjCCBgagAwIBAgITOgHct7O3aN_KxDKNJwAEAdy3szANBgkqhkiG9w0BAQsFADBEMRMwEQYKCZImiZPyLGQBGRYDR0JMMRMwEQYKCZImiZPyLGQBGRYDQU1FMRgwFgYDVQQDEw9BTUUgSU5GUkEgQ0EgMDEwHhcNMjMwODAyMDc1ODI0WhcNMjQwNzI3MDc1ODI0WjBAMT4wPAYDVQQDEzVhc3luY29wZXJhdGlvbnNpZ25pbmdjZXJ0aWZpY2F0ZS5tYW5hZ2VtZW50LmF6dXJlLmNvbTCCASIwDQYJKoZIhvcNAQEBBQADggEPADCCAQoCggEBALgLnSbzEbFP5vuRFjPkIRVhgz-iw8NSD7e9KiRk9joLl4YrnC0aSuKwshRe9v_Gl--CqxXgkcpCrfdylaxeXPCqPbSAySW8ZXeSDzD35sq_pFnpKhucgB99Ge-e1unJgvYfJTi3-ri0oDMpryPjlj-DSAQ7LPz35cKSbzFYKu3mynC6wWObzCuwGt5qbJ4uxeqzSw_EaLK0-6awwn50lVsKnZtiZhdfHXDKKLap7dLAww0CM1k9FmqGvlSPIwLevHqzTzDqw1Z7aqoRUH_sezhZxKvKw2KKL0h73J1uStBKaiwxPh-9JrGtrp5emkNsj2V-tuOQ7sam3Z3urFRWBZECAwEAAaOCBAswggQHMCcGCSsGAQQBgjcVCgQaMBgwCgYIKwYBBQUHAwEwCgYIKwYBBQUHAwIwPQYJKwYBBAGCNxUHBDAwLgYmKwYBBAGCNxUIhpDjDYTVtHiE8Ys-hZvdFs6dEoFggvX2K4Py0SACAWQCAQowggHaBggrBgEFBQcBAQSCAcwwggHIMGYGCCsGAQUFBzAChlpodHRwOi8vY3JsLm1pY3Jvc29mdC5jb20vcGtpaW5mcmEvQ2VydHMvQlkyUEtJSU5UQ0EwMS5BTUUuR0JMX0FNRSUyMElORlJBJTIwQ0ElMjAwMSg0KS5jcnQwVgYIKwYBBQUHMAKGSmh0dHA6Ly9jcmwxLmFtZS5nYmwvYWlhL0JZMlBLSUlOVENBMDEuQU1FLkdCTF9BTUUlMjBJTkZSQSUyMENBJTIwMDEoNCkuY3J0MFYGCCsGAQUFBzAChkpodHRwOi8vY3JsMi5hbWUuZ2JsL2FpYS9CWTJQS0lJTlRDQTAxLkFNRS5HQkxfQU1FJTIwSU5GUkElMjBDQSUyMDAxKDQpLmNydDBWBggrBgEFBQcwAoZKaHR0cDovL2NybDMuYW1lLmdibC9haWEvQlkyUEtJSU5UQ0EwMS5BTUUuR0JMX0FNRSUyMElORlJBJTIwQ0ElMjAwMSg0KS5jcnQwVgYIKwYBBQUHMAKGSmh0dHA6Ly9jcmw0LmFtZS5nYmwvYWlhL0JZMlBLSUlOVENBMDEuQU1FLkdCTF9BTUUlMjBJTkZSQSUyMENBJTIwMDEoNCkuY3J0MB0GA1UdDgQWBBSNta6Ow680k6ap_o_3ZKd0BukJQTAOBgNVHQ8BAf8EBAMCBaAwggE1BgNVHR8EggEsMIIBKDCCASSgggEgoIIBHIZCaHR0cDovL2NybC5taWNyb3NvZnQuY29tL3BraWluZnJhL0NSTC9BTUUlMjBJTkZSQSUyMENBJTIwMDEoNCkuY3JshjRodHRwOi8vY3JsMS5hbWUuZ2JsL2NybC9BTUUlMjBJTkZSQSUyMENBJTIwMDEoNCkuY3JshjRodHRwOi8vY3JsMi5hbWUuZ2JsL2NybC9BTUUlMjBJTkZSQSUyMENBJTIwMDEoNCkuY3JshjRodHRwOi8vY3JsMy5hbWUuZ2JsL2NybC9BTUUlMjBJTkZSQSUyMENBJTIwMDEoNCkuY3JshjRodHRwOi8vY3JsNC5hbWUuZ2JsL2NybC9BTUUlMjBJTkZSQSUyMENBJTIwMDEoNCkuY3JsMBcGA1UdIAQQMA4wDAYKKwYBBAGCN3sBATAfBgNVHSMEGDAWgBTl2Ztn_PjsurvwwKidileIud8-YzAdBgNVHSUEFjAUBggrBgEFBQcDAQYIKwYBBQUHAwIwDQYJKoZIhvcNAQELBQADggEBAJfhqigISSFkp5G5sHIg7shqgq0nMu4ZkrFytKYoj9nyIkbp5wS2S2SnxApbk6DGfCopeW2bT-41LuABxrpHhInxdQRwc4hfNkVg5k48jbSkaP4RnY52VT70kH2vngG3zDcpdl_UdtXj5qCzEffHV2Z3zbzv9rw860jZIwkZ5VGmoYo9ghHXoYX5lQ9pm0T-M7GhW078gGjajjGJ-eR5CQ4ffnR5kBJRVe1B_S-nfakCqELdfDewiO64-k_-8RAsHI75vUnI6S_RQfa0Gah60wAwOXXXGRzSb-m5tvKIgqVb46MPp9rK1HgwcUkvk_MeoI2XtXUN_SW2uRXCFp9U_Po&s=Y5uT3ru1pvGT0O3v8wWzBwQj0dJBK-v-BM3MRmRF7oPjsPO9QP6-YfAFemIB4KtamSHf--bmbXIQeu8P81Co4-j8Y-yMHgOG40NstYWXKBBRAw490hsp_770vD31HmJ0ZzaKoX_0mHHlp-Qzxi6CG3kTt3pXWnO3--lWHt5_uh0BYb9FRmjxZkxYZin_0cJgs4aaJ3QVP72fgG6iBdiegqllUwq1FVLxZBeoF1EIXAbVKn_MqlAVDkAlSXcZ6UMYirsooNSh7siyVnB123T3I1y420_Hy4U4tjiUertCZPY8KauOqxebJkAJCWkcEb8GONdJt8kkcKMKY3zzfxPcIQ&h=7t47ZvcqgKZQT_b-964shkuzwRk6QktIPV-QgzqMk98"
        ],
        "Retry-After": [
          "15"
        ],
        "x-ms-ratelimit-remaining-subscription-reads": [
          "11993"
        ],
        "x-ms-request-id": [
          "ded7e9aa-03d8-4dcc-81e9-3afd854c799f"
        ],
        "x-ms-correlation-request-id": [
          "ded7e9aa-03d8-4dcc-81e9-3afd854c799f"
        ],
        "x-ms-routing-request-id": [
          "EASTUS2EUAP:20231020T044645Z:ded7e9aa-03d8-4dcc-81e9-3afd854c799f"
        ],
        "Strict-Transport-Security": [
          "max-age=31536000; includeSubDomains"
        ],
        "X-Content-Type-Options": [
          "nosniff"
        ],
        "Date": [
          "Fri, 20 Oct 2023 04:46:44 GMT"
        ],
        "Expires": [
          "-1"
        ],
        "Content-Length": [
          "0"
        ]
      },
      "ResponseBody": "",
      "StatusCode": 202
    },
    {
      "RequestUri": "/subscriptions/ee787b9b-a25f-4d20-86e9-45fcea5253dd/operationresults/eyJqb2JJZCI6IlJFU09VUkNFR1JPVVBERUxFVElPTkpPQi1QUzY0MDUtRUFTVFVTIiwiam9iTG9jYXRpb24iOiJlYXN0dXMifQ?api-version=2016-09-01&t=638333740049991281&c=MIIHHjCCBgagAwIBAgITOgHct7O3aN_KxDKNJwAEAdy3szANBgkqhkiG9w0BAQsFADBEMRMwEQYKCZImiZPyLGQBGRYDR0JMMRMwEQYKCZImiZPyLGQBGRYDQU1FMRgwFgYDVQQDEw9BTUUgSU5GUkEgQ0EgMDEwHhcNMjMwODAyMDc1ODI0WhcNMjQwNzI3MDc1ODI0WjBAMT4wPAYDVQQDEzVhc3luY29wZXJhdGlvbnNpZ25pbmdjZXJ0aWZpY2F0ZS5tYW5hZ2VtZW50LmF6dXJlLmNvbTCCASIwDQYJKoZIhvcNAQEBBQADggEPADCCAQoCggEBALgLnSbzEbFP5vuRFjPkIRVhgz-iw8NSD7e9KiRk9joLl4YrnC0aSuKwshRe9v_Gl--CqxXgkcpCrfdylaxeXPCqPbSAySW8ZXeSDzD35sq_pFnpKhucgB99Ge-e1unJgvYfJTi3-ri0oDMpryPjlj-DSAQ7LPz35cKSbzFYKu3mynC6wWObzCuwGt5qbJ4uxeqzSw_EaLK0-6awwn50lVsKnZtiZhdfHXDKKLap7dLAww0CM1k9FmqGvlSPIwLevHqzTzDqw1Z7aqoRUH_sezhZxKvKw2KKL0h73J1uStBKaiwxPh-9JrGtrp5emkNsj2V-tuOQ7sam3Z3urFRWBZECAwEAAaOCBAswggQHMCcGCSsGAQQBgjcVCgQaMBgwCgYIKwYBBQUHAwEwCgYIKwYBBQUHAwIwPQYJKwYBBAGCNxUHBDAwLgYmKwYBBAGCNxUIhpDjDYTVtHiE8Ys-hZvdFs6dEoFggvX2K4Py0SACAWQCAQowggHaBggrBgEFBQcBAQSCAcwwggHIMGYGCCsGAQUFBzAChlpodHRwOi8vY3JsLm1pY3Jvc29mdC5jb20vcGtpaW5mcmEvQ2VydHMvQlkyUEtJSU5UQ0EwMS5BTUUuR0JMX0FNRSUyMElORlJBJTIwQ0ElMjAwMSg0KS5jcnQwVgYIKwYBBQUHMAKGSmh0dHA6Ly9jcmwxLmFtZS5nYmwvYWlhL0JZMlBLSUlOVENBMDEuQU1FLkdCTF9BTUUlMjBJTkZSQSUyMENBJTIwMDEoNCkuY3J0MFYGCCsGAQUFBzAChkpodHRwOi8vY3JsMi5hbWUuZ2JsL2FpYS9CWTJQS0lJTlRDQTAxLkFNRS5HQkxfQU1FJTIwSU5GUkElMjBDQSUyMDAxKDQpLmNydDBWBggrBgEFBQcwAoZKaHR0cDovL2NybDMuYW1lLmdibC9haWEvQlkyUEtJSU5UQ0EwMS5BTUUuR0JMX0FNRSUyMElORlJBJTIwQ0ElMjAwMSg0KS5jcnQwVgYIKwYBBQUHMAKGSmh0dHA6Ly9jcmw0LmFtZS5nYmwvYWlhL0JZMlBLSUlOVENBMDEuQU1FLkdCTF9BTUUlMjBJTkZSQSUyMENBJTIwMDEoNCkuY3J0MB0GA1UdDgQWBBSNta6Ow680k6ap_o_3ZKd0BukJQTAOBgNVHQ8BAf8EBAMCBaAwggE1BgNVHR8EggEsMIIBKDCCASSgggEgoIIBHIZCaHR0cDovL2NybC5taWNyb3NvZnQuY29tL3BraWluZnJhL0NSTC9BTUUlMjBJTkZSQSUyMENBJTIwMDEoNCkuY3JshjRodHRwOi8vY3JsMS5hbWUuZ2JsL2NybC9BTUUlMjBJTkZSQSUyMENBJTIwMDEoNCkuY3JshjRodHRwOi8vY3JsMi5hbWUuZ2JsL2NybC9BTUUlMjBJTkZSQSUyMENBJTIwMDEoNCkuY3JshjRodHRwOi8vY3JsMy5hbWUuZ2JsL2NybC9BTUUlMjBJTkZSQSUyMENBJTIwMDEoNCkuY3JshjRodHRwOi8vY3JsNC5hbWUuZ2JsL2NybC9BTUUlMjBJTkZSQSUyMENBJTIwMDEoNCkuY3JsMBcGA1UdIAQQMA4wDAYKKwYBBAGCN3sBATAfBgNVHSMEGDAWgBTl2Ztn_PjsurvwwKidileIud8-YzAdBgNVHSUEFjAUBggrBgEFBQcDAQYIKwYBBQUHAwIwDQYJKoZIhvcNAQELBQADggEBAJfhqigISSFkp5G5sHIg7shqgq0nMu4ZkrFytKYoj9nyIkbp5wS2S2SnxApbk6DGfCopeW2bT-41LuABxrpHhInxdQRwc4hfNkVg5k48jbSkaP4RnY52VT70kH2vngG3zDcpdl_UdtXj5qCzEffHV2Z3zbzv9rw860jZIwkZ5VGmoYo9ghHXoYX5lQ9pm0T-M7GhW078gGjajjGJ-eR5CQ4ffnR5kBJRVe1B_S-nfakCqELdfDewiO64-k_-8RAsHI75vUnI6S_RQfa0Gah60wAwOXXXGRzSb-m5tvKIgqVb46MPp9rK1HgwcUkvk_MeoI2XtXUN_SW2uRXCFp9U_Po&s=Y5uT3ru1pvGT0O3v8wWzBwQj0dJBK-v-BM3MRmRF7oPjsPO9QP6-YfAFemIB4KtamSHf--bmbXIQeu8P81Co4-j8Y-yMHgOG40NstYWXKBBRAw490hsp_770vD31HmJ0ZzaKoX_0mHHlp-Qzxi6CG3kTt3pXWnO3--lWHt5_uh0BYb9FRmjxZkxYZin_0cJgs4aaJ3QVP72fgG6iBdiegqllUwq1FVLxZBeoF1EIXAbVKn_MqlAVDkAlSXcZ6UMYirsooNSh7siyVnB123T3I1y420_Hy4U4tjiUertCZPY8KauOqxebJkAJCWkcEb8GONdJt8kkcKMKY3zzfxPcIQ&h=7t47ZvcqgKZQT_b-964shkuzwRk6QktIPV-QgzqMk98",
      "EncodedRequestUri": "L3N1YnNjcmlwdGlvbnMvZWU3ODdiOWItYTI1Zi00ZDIwLTg2ZTktNDVmY2VhNTI1M2RkL29wZXJhdGlvbnJlc3VsdHMvZXlKcWIySkpaQ0k2SWxKRlUwOVZVa05GUjFKUFZWQkVSVXhGVkVsUFRrcFBRaTFRVXpZME1EVXRSVUZUVkZWVElpd2lhbTlpVEc5allYUnBiMjRpT2lKbFlYTjBkWE1pZlE/YXBpLXZlcnNpb249MjAxNi0wOS0wMSZ0PTYzODMzMzc0MDA0OTk5MTI4MSZjPU1JSUhIakNDQmdhZ0F3SUJBZ0lUT2dIY3Q3TzNhTl9LeERLTkp3QUVBZHkzc3pBTkJna3Foa2lHOXcwQkFRc0ZBREJFTVJNd0VRWUtDWkltaVpQeUxHUUJHUllEUjBKTU1STXdFUVlLQ1pJbWlaUHlMR1FCR1JZRFFVMUZNUmd3RmdZRFZRUURFdzlCVFVVZ1NVNUdVa0VnUTBFZ01ERXdIaGNOTWpNd09EQXlNRGMxT0RJMFdoY05NalF3TnpJM01EYzFPREkwV2pCQU1UNHdQQVlEVlFRREV6VmhjM2x1WTI5d1pYSmhkR2x2Ym5OcFoyNXBibWRqWlhKMGFXWnBZMkYwWlM1dFlXNWhaMlZ0Wlc1MExtRjZkWEpsTG1OdmJUQ0NBU0l3RFFZSktvWklodmNOQVFFQkJRQURnZ0VQQURDQ0FRb0NnZ0VCQUxnTG5TYnpFYkZQNXZ1UkZqUGtJUlZoZ3otaXc4TlNEN2U5S2lSazlqb0xsNFlybkMwYVN1S3dzaFJlOXZfR2wtLUNxeFhna2NwQ3JmZHlsYXhlWFBDcVBiU0F5U1c4WlhlU0R6RDM1c3FfcEZucEtodWNnQjk5R2UtZTF1bkpndllmSlRpMy1yaTBvRE1wcnlQamxqLURTQVE3TFB6MzVjS1NiekZZS3UzbXluQzZ3V09iekN1d0d0NXFiSjR1eGVxelN3X0VhTEswLTZhd3duNTBsVnNLblp0aVpoZGZIWERLS0xhcDdkTEF3dzBDTTFrOUZtcUd2bFNQSXdMZXZIcXpUekRxdzFaN2Fxb1JVSF9zZXpoWnhLdkt3MktLTDBoNzNKMXVTdEJLYWl3eFBoLTlKckd0cnA1ZW1rTnNqMlYtdHVPUTdzYW0zWjN1ckZSV0JaRUNBd0VBQWFPQ0JBc3dnZ1FITUNjR0NTc0dBUVFCZ2pjVkNnUWFNQmd3Q2dZSUt3WUJCUVVIQXdFd0NnWUlLd1lCQlFVSEF3SXdQUVlKS3dZQkJBR0NOeFVIQkRBd0xnWW1Ld1lCQkFHQ054VUlocERqRFlUVnRIaUU4WXMtaFp2ZEZzNmRFb0ZnZ3ZYMks0UHkwU0FDQVdRQ0FRb3dnZ0hhQmdnckJnRUZCUWNCQVFTQ0Fjd3dnZ0hJTUdZR0NDc0dBUVVGQnpBQ2hscG9kSFJ3T2k4dlkzSnNMbTFwWTNKdmMyOW1kQzVqYjIwdmNHdHBhVzVtY21FdlEyVnlkSE12UWxreVVFdEpTVTVVUTBFd01TNUJUVVV1UjBKTVgwRk5SU1V5TUVsT1JsSkJKVEl3UTBFbE1qQXdNU2cwS1M1amNuUXdWZ1lJS3dZQkJRVUhNQUtHU21oMGRIQTZMeTlqY213eExtRnRaUzVuWW13dllXbGhMMEpaTWxCTFNVbE9WRU5CTURFdVFVMUZMa2RDVEY5QlRVVWxNakJKVGtaU1FTVXlNRU5CSlRJd01ERW9OQ2t1WTNKME1GWUdDQ3NHQVFVRkJ6QUNoa3BvZEhSd09pOHZZM0pzTWk1aGJXVXVaMkpzTDJGcFlTOUNXVEpRUzBsSlRsUkRRVEF4TGtGTlJTNUhRa3hmUVUxRkpUSXdTVTVHVWtFbE1qQkRRU1V5TURBeEtEUXBMbU55ZERCV0JnZ3JCZ0VGQlFjd0FvWkthSFIwY0RvdkwyTnliRE11WVcxbExtZGliQzloYVdFdlFsa3lVRXRKU1U1VVEwRXdNUzVCVFVVdVIwSk1YMEZOUlNVeU1FbE9SbEpCSlRJd1EwRWxNakF3TVNnMEtTNWpjblF3VmdZSUt3WUJCUVVITUFLR1NtaDBkSEE2THk5amNtdzBMbUZ0WlM1blltd3ZZV2xoTDBKWk1sQkxTVWxPVkVOQk1ERXVRVTFGTGtkQ1RGOUJUVVVsTWpCSlRrWlNRU1V5TUVOQkpUSXdNREVvTkNrdVkzSjBNQjBHQTFVZERnUVdCQlNOdGE2T3c2ODBrNmFwX29fM1pLZDBCdWtKUVRBT0JnTlZIUThCQWY4RUJBTUNCYUF3Z2dFMUJnTlZIUjhFZ2dFc01JSUJLRENDQVNTZ2dnRWdvSUlCSElaQ2FIUjBjRG92TDJOeWJDNXRhV055YjNOdlpuUXVZMjl0TDNCcmFXbHVabkpoTDBOU1RDOUJUVVVsTWpCSlRrWlNRU1V5TUVOQkpUSXdNREVvTkNrdVkzSnNoalJvZEhSd09pOHZZM0pzTVM1aGJXVXVaMkpzTDJOeWJDOUJUVVVsTWpCSlRrWlNRU1V5TUVOQkpUSXdNREVvTkNrdVkzSnNoalJvZEhSd09pOHZZM0pzTWk1aGJXVXVaMkpzTDJOeWJDOUJUVVVsTWpCSlRrWlNRU1V5TUVOQkpUSXdNREVvTkNrdVkzSnNoalJvZEhSd09pOHZZM0pzTXk1aGJXVXVaMkpzTDJOeWJDOUJUVVVsTWpCSlRrWlNRU1V5TUVOQkpUSXdNREVvTkNrdVkzSnNoalJvZEhSd09pOHZZM0pzTkM1aGJXVXVaMkpzTDJOeWJDOUJUVVVsTWpCSlRrWlNRU1V5TUVOQkpUSXdNREVvTkNrdVkzSnNNQmNHQTFVZElBUVFNQTR3REFZS0t3WUJCQUdDTjNzQkFUQWZCZ05WSFNNRUdEQVdnQlRsMlp0bl9QanN1cnZ3d0tpZGlsZUl1ZDgtWXpBZEJnTlZIU1VFRmpBVUJnZ3JCZ0VGQlFjREFRWUlLd1lCQlFVSEF3SXdEUVlKS29aSWh2Y05BUUVMQlFBRGdnRUJBSmZocWlnSVNTRmtwNUc1c0hJZzdzaHFncTBuTXU0WmtyRnl0S1lvajlueUlrYnA1d1MyUzJTbnhBcGJrNkRHZkNvcGVXMmJULTQxTHVBQnhycEhoSW54ZFFSd2M0aGZOa1ZnNWs0OGpiU2thUDRSblk1MlZUNzBrSDJ2bmdHM3pEY3BkbF9VZHRYajVxQ3pFZmZIVjJaM3pienY5cnc4NjBqWkl3a1o1Vkdtb1lvOWdoSFhvWVg1bFE5cG0wVC1NN0doVzA3OGdHamFqakdKLWVSNUNRNGZmblI1a0JKUlZlMUJfUy1uZmFrQ3FFTGRmRGV3aU82NC1rXy04UkFzSEk3NXZVbkk2U19SUWZhMEdhaDYwd0F3T1hYWEdSelNiLW01dHZLSWdxVmI0Nk1QcDlySzFIZ3djVWt2a19NZW9JMlh0WFVOX1NXMnVSWENGcDlVX1BvJnM9WTV1VDNydTFwdkdUME8zdjh3V3pCd1FqMGRKQkstdi1CTTNNUm1SRjdvUGpzUE85UVA2LVlmQUZlbUlCNEt0YW1TSGYtLWJtYlhJUWV1OFA4MUNvNC1qOFkteU1IZ09HNDBOc3RZV1hLQkJSQXc0OTBoc3BfNzcwdkQzMUhtSjBaemFLb1hfMG1ISGxwLVF6eGk2Q0cza1R0M3BYV25PMy0tbFdIdDVfdWgwQlliOUZSbWp4Wmt4WVppbl8wY0pnczRhYUozUVZQNzJmZ0c2aUJkaWVncWxsVXdxMUZWTHhaQmVvRjFFSVhBYlZLbl9NcWxBVkRrQWxTWGNaNlVNWWlyc29vTlNoN3NpeVZuQjEyM1QzSTF5NDIwX0h5NFU0dGppVWVydENaUFk4S2F1T3F4ZWJKa0FKQ1drY0ViOEdPTmRKdDhra2NLTUtZM3p6ZnhQY0lRJmg9N3Q0N1p2Y3FnS1pRVF9iLTk2NHNoa3V6d1JrNlFrdElQVi1RZ3pxTWs5OA==",
      "RequestMethod": "GET",
      "RequestHeaders": {
        "User-Agent": [
          "FxVersion/6.0.2323.48002",
          "OSName/Windows",
          "OSVersion/Microsoft.Windows.10.0.22621",
          "Microsoft.Azure.Management.Internal.Resources.ResourceManagementClient/1.3.86"
        ]
      },
      "RequestBody": "",
      "ResponseHeaders": {
        "Cache-Control": [
          "no-cache"
        ],
        "Pragma": [
          "no-cache"
        ],
        "Location": [
          "https://eastus2euap.management.azure.com/subscriptions/ee787b9b-a25f-4d20-86e9-45fcea5253dd/operationresults/eyJqb2JJZCI6IlJFU09VUkNFR1JPVVBERUxFVElPTkpPQi1QUzY0MDUtRUFTVFVTIiwiam9iTG9jYXRpb24iOiJlYXN0dXMifQ?api-version=2016-09-01&t=638333740201556421&c=MIIHHjCCBgagAwIBAgITOgHct7O3aN_KxDKNJwAEAdy3szANBgkqhkiG9w0BAQsFADBEMRMwEQYKCZImiZPyLGQBGRYDR0JMMRMwEQYKCZImiZPyLGQBGRYDQU1FMRgwFgYDVQQDEw9BTUUgSU5GUkEgQ0EgMDEwHhcNMjMwODAyMDc1ODI0WhcNMjQwNzI3MDc1ODI0WjBAMT4wPAYDVQQDEzVhc3luY29wZXJhdGlvbnNpZ25pbmdjZXJ0aWZpY2F0ZS5tYW5hZ2VtZW50LmF6dXJlLmNvbTCCASIwDQYJKoZIhvcNAQEBBQADggEPADCCAQoCggEBALgLnSbzEbFP5vuRFjPkIRVhgz-iw8NSD7e9KiRk9joLl4YrnC0aSuKwshRe9v_Gl--CqxXgkcpCrfdylaxeXPCqPbSAySW8ZXeSDzD35sq_pFnpKhucgB99Ge-e1unJgvYfJTi3-ri0oDMpryPjlj-DSAQ7LPz35cKSbzFYKu3mynC6wWObzCuwGt5qbJ4uxeqzSw_EaLK0-6awwn50lVsKnZtiZhdfHXDKKLap7dLAww0CM1k9FmqGvlSPIwLevHqzTzDqw1Z7aqoRUH_sezhZxKvKw2KKL0h73J1uStBKaiwxPh-9JrGtrp5emkNsj2V-tuOQ7sam3Z3urFRWBZECAwEAAaOCBAswggQHMCcGCSsGAQQBgjcVCgQaMBgwCgYIKwYBBQUHAwEwCgYIKwYBBQUHAwIwPQYJKwYBBAGCNxUHBDAwLgYmKwYBBAGCNxUIhpDjDYTVtHiE8Ys-hZvdFs6dEoFggvX2K4Py0SACAWQCAQowggHaBggrBgEFBQcBAQSCAcwwggHIMGYGCCsGAQUFBzAChlpodHRwOi8vY3JsLm1pY3Jvc29mdC5jb20vcGtpaW5mcmEvQ2VydHMvQlkyUEtJSU5UQ0EwMS5BTUUuR0JMX0FNRSUyMElORlJBJTIwQ0ElMjAwMSg0KS5jcnQwVgYIKwYBBQUHMAKGSmh0dHA6Ly9jcmwxLmFtZS5nYmwvYWlhL0JZMlBLSUlOVENBMDEuQU1FLkdCTF9BTUUlMjBJTkZSQSUyMENBJTIwMDEoNCkuY3J0MFYGCCsGAQUFBzAChkpodHRwOi8vY3JsMi5hbWUuZ2JsL2FpYS9CWTJQS0lJTlRDQTAxLkFNRS5HQkxfQU1FJTIwSU5GUkElMjBDQSUyMDAxKDQpLmNydDBWBggrBgEFBQcwAoZKaHR0cDovL2NybDMuYW1lLmdibC9haWEvQlkyUEtJSU5UQ0EwMS5BTUUuR0JMX0FNRSUyMElORlJBJTIwQ0ElMjAwMSg0KS5jcnQwVgYIKwYBBQUHMAKGSmh0dHA6Ly9jcmw0LmFtZS5nYmwvYWlhL0JZMlBLSUlOVENBMDEuQU1FLkdCTF9BTUUlMjBJTkZSQSUyMENBJTIwMDEoNCkuY3J0MB0GA1UdDgQWBBSNta6Ow680k6ap_o_3ZKd0BukJQTAOBgNVHQ8BAf8EBAMCBaAwggE1BgNVHR8EggEsMIIBKDCCASSgggEgoIIBHIZCaHR0cDovL2NybC5taWNyb3NvZnQuY29tL3BraWluZnJhL0NSTC9BTUUlMjBJTkZSQSUyMENBJTIwMDEoNCkuY3JshjRodHRwOi8vY3JsMS5hbWUuZ2JsL2NybC9BTUUlMjBJTkZSQSUyMENBJTIwMDEoNCkuY3JshjRodHRwOi8vY3JsMi5hbWUuZ2JsL2NybC9BTUUlMjBJTkZSQSUyMENBJTIwMDEoNCkuY3JshjRodHRwOi8vY3JsMy5hbWUuZ2JsL2NybC9BTUUlMjBJTkZSQSUyMENBJTIwMDEoNCkuY3JshjRodHRwOi8vY3JsNC5hbWUuZ2JsL2NybC9BTUUlMjBJTkZSQSUyMENBJTIwMDEoNCkuY3JsMBcGA1UdIAQQMA4wDAYKKwYBBAGCN3sBATAfBgNVHSMEGDAWgBTl2Ztn_PjsurvwwKidileIud8-YzAdBgNVHSUEFjAUBggrBgEFBQcDAQYIKwYBBQUHAwIwDQYJKoZIhvcNAQELBQADggEBAJfhqigISSFkp5G5sHIg7shqgq0nMu4ZkrFytKYoj9nyIkbp5wS2S2SnxApbk6DGfCopeW2bT-41LuABxrpHhInxdQRwc4hfNkVg5k48jbSkaP4RnY52VT70kH2vngG3zDcpdl_UdtXj5qCzEffHV2Z3zbzv9rw860jZIwkZ5VGmoYo9ghHXoYX5lQ9pm0T-M7GhW078gGjajjGJ-eR5CQ4ffnR5kBJRVe1B_S-nfakCqELdfDewiO64-k_-8RAsHI75vUnI6S_RQfa0Gah60wAwOXXXGRzSb-m5tvKIgqVb46MPp9rK1HgwcUkvk_MeoI2XtXUN_SW2uRXCFp9U_Po&s=BqCKRUFKdLDkCUTR5Z6qo7zZ_sucLlmcmefGwJAPjomkXkWRCiqIw44G0jRdDTagqszbMTIa7-RojN_9uhggbvha6Wn9-nuZS0ZxTvqffkMd8kshECEDrCRL54didMaxouLI4iLRTQBfhtPPGgGKp0IREWQlfSDh5koytj3HOiqWzksciJTPli2AUN6Ut39WT9KZefVzosEHFfJluu7R0KTBsF5Xp5Snr5kUkepcnqD6JjCRmq57o1OZMGEGw6-fQNnwr-dwgwR-82gOCc_C99GzqDkqgTmXGOC6oy-K4lcgkxU-j1yWdXMJYHbQbe0NTLTDXoTqSdcEgCr2-8qprg&h=EWZDsJdz6-KxsWf6B_qEkbew4Y-gaQIGHBV5F1bOoZc"
        ],
        "Retry-After": [
          "15"
        ],
        "x-ms-ratelimit-remaining-subscription-reads": [
          "11992"
        ],
        "x-ms-request-id": [
          "be8c9663-4ad7-4acd-ad94-5c7ccfd5a17c"
        ],
        "x-ms-correlation-request-id": [
          "be8c9663-4ad7-4acd-ad94-5c7ccfd5a17c"
        ],
        "x-ms-routing-request-id": [
          "EASTUS2EUAP:20231020T044700Z:be8c9663-4ad7-4acd-ad94-5c7ccfd5a17c"
        ],
        "Strict-Transport-Security": [
          "max-age=31536000; includeSubDomains"
        ],
        "X-Content-Type-Options": [
          "nosniff"
        ],
        "Date": [
          "Fri, 20 Oct 2023 04:46:59 GMT"
        ],
        "Expires": [
          "-1"
        ],
        "Content-Length": [
          "0"
        ]
      },
      "ResponseBody": "",
      "StatusCode": 202
    },
    {
      "RequestUri": "/subscriptions/ee787b9b-a25f-4d20-86e9-45fcea5253dd/operationresults/eyJqb2JJZCI6IlJFU09VUkNFR1JPVVBERUxFVElPTkpPQi1QUzY0MDUtRUFTVFVTIiwiam9iTG9jYXRpb24iOiJlYXN0dXMifQ?api-version=2016-09-01&t=638333740201556421&c=MIIHHjCCBgagAwIBAgITOgHct7O3aN_KxDKNJwAEAdy3szANBgkqhkiG9w0BAQsFADBEMRMwEQYKCZImiZPyLGQBGRYDR0JMMRMwEQYKCZImiZPyLGQBGRYDQU1FMRgwFgYDVQQDEw9BTUUgSU5GUkEgQ0EgMDEwHhcNMjMwODAyMDc1ODI0WhcNMjQwNzI3MDc1ODI0WjBAMT4wPAYDVQQDEzVhc3luY29wZXJhdGlvbnNpZ25pbmdjZXJ0aWZpY2F0ZS5tYW5hZ2VtZW50LmF6dXJlLmNvbTCCASIwDQYJKoZIhvcNAQEBBQADggEPADCCAQoCggEBALgLnSbzEbFP5vuRFjPkIRVhgz-iw8NSD7e9KiRk9joLl4YrnC0aSuKwshRe9v_Gl--CqxXgkcpCrfdylaxeXPCqPbSAySW8ZXeSDzD35sq_pFnpKhucgB99Ge-e1unJgvYfJTi3-ri0oDMpryPjlj-DSAQ7LPz35cKSbzFYKu3mynC6wWObzCuwGt5qbJ4uxeqzSw_EaLK0-6awwn50lVsKnZtiZhdfHXDKKLap7dLAww0CM1k9FmqGvlSPIwLevHqzTzDqw1Z7aqoRUH_sezhZxKvKw2KKL0h73J1uStBKaiwxPh-9JrGtrp5emkNsj2V-tuOQ7sam3Z3urFRWBZECAwEAAaOCBAswggQHMCcGCSsGAQQBgjcVCgQaMBgwCgYIKwYBBQUHAwEwCgYIKwYBBQUHAwIwPQYJKwYBBAGCNxUHBDAwLgYmKwYBBAGCNxUIhpDjDYTVtHiE8Ys-hZvdFs6dEoFggvX2K4Py0SACAWQCAQowggHaBggrBgEFBQcBAQSCAcwwggHIMGYGCCsGAQUFBzAChlpodHRwOi8vY3JsLm1pY3Jvc29mdC5jb20vcGtpaW5mcmEvQ2VydHMvQlkyUEtJSU5UQ0EwMS5BTUUuR0JMX0FNRSUyMElORlJBJTIwQ0ElMjAwMSg0KS5jcnQwVgYIKwYBBQUHMAKGSmh0dHA6Ly9jcmwxLmFtZS5nYmwvYWlhL0JZMlBLSUlOVENBMDEuQU1FLkdCTF9BTUUlMjBJTkZSQSUyMENBJTIwMDEoNCkuY3J0MFYGCCsGAQUFBzAChkpodHRwOi8vY3JsMi5hbWUuZ2JsL2FpYS9CWTJQS0lJTlRDQTAxLkFNRS5HQkxfQU1FJTIwSU5GUkElMjBDQSUyMDAxKDQpLmNydDBWBggrBgEFBQcwAoZKaHR0cDovL2NybDMuYW1lLmdibC9haWEvQlkyUEtJSU5UQ0EwMS5BTUUuR0JMX0FNRSUyMElORlJBJTIwQ0ElMjAwMSg0KS5jcnQwVgYIKwYBBQUHMAKGSmh0dHA6Ly9jcmw0LmFtZS5nYmwvYWlhL0JZMlBLSUlOVENBMDEuQU1FLkdCTF9BTUUlMjBJTkZSQSUyMENBJTIwMDEoNCkuY3J0MB0GA1UdDgQWBBSNta6Ow680k6ap_o_3ZKd0BukJQTAOBgNVHQ8BAf8EBAMCBaAwggE1BgNVHR8EggEsMIIBKDCCASSgggEgoIIBHIZCaHR0cDovL2NybC5taWNyb3NvZnQuY29tL3BraWluZnJhL0NSTC9BTUUlMjBJTkZSQSUyMENBJTIwMDEoNCkuY3JshjRodHRwOi8vY3JsMS5hbWUuZ2JsL2NybC9BTUUlMjBJTkZSQSUyMENBJTIwMDEoNCkuY3JshjRodHRwOi8vY3JsMi5hbWUuZ2JsL2NybC9BTUUlMjBJTkZSQSUyMENBJTIwMDEoNCkuY3JshjRodHRwOi8vY3JsMy5hbWUuZ2JsL2NybC9BTUUlMjBJTkZSQSUyMENBJTIwMDEoNCkuY3JshjRodHRwOi8vY3JsNC5hbWUuZ2JsL2NybC9BTUUlMjBJTkZSQSUyMENBJTIwMDEoNCkuY3JsMBcGA1UdIAQQMA4wDAYKKwYBBAGCN3sBATAfBgNVHSMEGDAWgBTl2Ztn_PjsurvwwKidileIud8-YzAdBgNVHSUEFjAUBggrBgEFBQcDAQYIKwYBBQUHAwIwDQYJKoZIhvcNAQELBQADggEBAJfhqigISSFkp5G5sHIg7shqgq0nMu4ZkrFytKYoj9nyIkbp5wS2S2SnxApbk6DGfCopeW2bT-41LuABxrpHhInxdQRwc4hfNkVg5k48jbSkaP4RnY52VT70kH2vngG3zDcpdl_UdtXj5qCzEffHV2Z3zbzv9rw860jZIwkZ5VGmoYo9ghHXoYX5lQ9pm0T-M7GhW078gGjajjGJ-eR5CQ4ffnR5kBJRVe1B_S-nfakCqELdfDewiO64-k_-8RAsHI75vUnI6S_RQfa0Gah60wAwOXXXGRzSb-m5tvKIgqVb46MPp9rK1HgwcUkvk_MeoI2XtXUN_SW2uRXCFp9U_Po&s=BqCKRUFKdLDkCUTR5Z6qo7zZ_sucLlmcmefGwJAPjomkXkWRCiqIw44G0jRdDTagqszbMTIa7-RojN_9uhggbvha6Wn9-nuZS0ZxTvqffkMd8kshECEDrCRL54didMaxouLI4iLRTQBfhtPPGgGKp0IREWQlfSDh5koytj3HOiqWzksciJTPli2AUN6Ut39WT9KZefVzosEHFfJluu7R0KTBsF5Xp5Snr5kUkepcnqD6JjCRmq57o1OZMGEGw6-fQNnwr-dwgwR-82gOCc_C99GzqDkqgTmXGOC6oy-K4lcgkxU-j1yWdXMJYHbQbe0NTLTDXoTqSdcEgCr2-8qprg&h=EWZDsJdz6-KxsWf6B_qEkbew4Y-gaQIGHBV5F1bOoZc",
      "EncodedRequestUri": "L3N1YnNjcmlwdGlvbnMvZWU3ODdiOWItYTI1Zi00ZDIwLTg2ZTktNDVmY2VhNTI1M2RkL29wZXJhdGlvbnJlc3VsdHMvZXlKcWIySkpaQ0k2SWxKRlUwOVZVa05GUjFKUFZWQkVSVXhGVkVsUFRrcFBRaTFRVXpZME1EVXRSVUZUVkZWVElpd2lhbTlpVEc5allYUnBiMjRpT2lKbFlYTjBkWE1pZlE/YXBpLXZlcnNpb249MjAxNi0wOS0wMSZ0PTYzODMzMzc0MDIwMTU1NjQyMSZjPU1JSUhIakNDQmdhZ0F3SUJBZ0lUT2dIY3Q3TzNhTl9LeERLTkp3QUVBZHkzc3pBTkJna3Foa2lHOXcwQkFRc0ZBREJFTVJNd0VRWUtDWkltaVpQeUxHUUJHUllEUjBKTU1STXdFUVlLQ1pJbWlaUHlMR1FCR1JZRFFVMUZNUmd3RmdZRFZRUURFdzlCVFVVZ1NVNUdVa0VnUTBFZ01ERXdIaGNOTWpNd09EQXlNRGMxT0RJMFdoY05NalF3TnpJM01EYzFPREkwV2pCQU1UNHdQQVlEVlFRREV6VmhjM2x1WTI5d1pYSmhkR2x2Ym5OcFoyNXBibWRqWlhKMGFXWnBZMkYwWlM1dFlXNWhaMlZ0Wlc1MExtRjZkWEpsTG1OdmJUQ0NBU0l3RFFZSktvWklodmNOQVFFQkJRQURnZ0VQQURDQ0FRb0NnZ0VCQUxnTG5TYnpFYkZQNXZ1UkZqUGtJUlZoZ3otaXc4TlNEN2U5S2lSazlqb0xsNFlybkMwYVN1S3dzaFJlOXZfR2wtLUNxeFhna2NwQ3JmZHlsYXhlWFBDcVBiU0F5U1c4WlhlU0R6RDM1c3FfcEZucEtodWNnQjk5R2UtZTF1bkpndllmSlRpMy1yaTBvRE1wcnlQamxqLURTQVE3TFB6MzVjS1NiekZZS3UzbXluQzZ3V09iekN1d0d0NXFiSjR1eGVxelN3X0VhTEswLTZhd3duNTBsVnNLblp0aVpoZGZIWERLS0xhcDdkTEF3dzBDTTFrOUZtcUd2bFNQSXdMZXZIcXpUekRxdzFaN2Fxb1JVSF9zZXpoWnhLdkt3MktLTDBoNzNKMXVTdEJLYWl3eFBoLTlKckd0cnA1ZW1rTnNqMlYtdHVPUTdzYW0zWjN1ckZSV0JaRUNBd0VBQWFPQ0JBc3dnZ1FITUNjR0NTc0dBUVFCZ2pjVkNnUWFNQmd3Q2dZSUt3WUJCUVVIQXdFd0NnWUlLd1lCQlFVSEF3SXdQUVlKS3dZQkJBR0NOeFVIQkRBd0xnWW1Ld1lCQkFHQ054VUlocERqRFlUVnRIaUU4WXMtaFp2ZEZzNmRFb0ZnZ3ZYMks0UHkwU0FDQVdRQ0FRb3dnZ0hhQmdnckJnRUZCUWNCQVFTQ0Fjd3dnZ0hJTUdZR0NDc0dBUVVGQnpBQ2hscG9kSFJ3T2k4dlkzSnNMbTFwWTNKdmMyOW1kQzVqYjIwdmNHdHBhVzVtY21FdlEyVnlkSE12UWxreVVFdEpTVTVVUTBFd01TNUJUVVV1UjBKTVgwRk5SU1V5TUVsT1JsSkJKVEl3UTBFbE1qQXdNU2cwS1M1amNuUXdWZ1lJS3dZQkJRVUhNQUtHU21oMGRIQTZMeTlqY213eExtRnRaUzVuWW13dllXbGhMMEpaTWxCTFNVbE9WRU5CTURFdVFVMUZMa2RDVEY5QlRVVWxNakJKVGtaU1FTVXlNRU5CSlRJd01ERW9OQ2t1WTNKME1GWUdDQ3NHQVFVRkJ6QUNoa3BvZEhSd09pOHZZM0pzTWk1aGJXVXVaMkpzTDJGcFlTOUNXVEpRUzBsSlRsUkRRVEF4TGtGTlJTNUhRa3hmUVUxRkpUSXdTVTVHVWtFbE1qQkRRU1V5TURBeEtEUXBMbU55ZERCV0JnZ3JCZ0VGQlFjd0FvWkthSFIwY0RvdkwyTnliRE11WVcxbExtZGliQzloYVdFdlFsa3lVRXRKU1U1VVEwRXdNUzVCVFVVdVIwSk1YMEZOUlNVeU1FbE9SbEpCSlRJd1EwRWxNakF3TVNnMEtTNWpjblF3VmdZSUt3WUJCUVVITUFLR1NtaDBkSEE2THk5amNtdzBMbUZ0WlM1blltd3ZZV2xoTDBKWk1sQkxTVWxPVkVOQk1ERXVRVTFGTGtkQ1RGOUJUVVVsTWpCSlRrWlNRU1V5TUVOQkpUSXdNREVvTkNrdVkzSjBNQjBHQTFVZERnUVdCQlNOdGE2T3c2ODBrNmFwX29fM1pLZDBCdWtKUVRBT0JnTlZIUThCQWY4RUJBTUNCYUF3Z2dFMUJnTlZIUjhFZ2dFc01JSUJLRENDQVNTZ2dnRWdvSUlCSElaQ2FIUjBjRG92TDJOeWJDNXRhV055YjNOdlpuUXVZMjl0TDNCcmFXbHVabkpoTDBOU1RDOUJUVVVsTWpCSlRrWlNRU1V5TUVOQkpUSXdNREVvTkNrdVkzSnNoalJvZEhSd09pOHZZM0pzTVM1aGJXVXVaMkpzTDJOeWJDOUJUVVVsTWpCSlRrWlNRU1V5TUVOQkpUSXdNREVvTkNrdVkzSnNoalJvZEhSd09pOHZZM0pzTWk1aGJXVXVaMkpzTDJOeWJDOUJUVVVsTWpCSlRrWlNRU1V5TUVOQkpUSXdNREVvTkNrdVkzSnNoalJvZEhSd09pOHZZM0pzTXk1aGJXVXVaMkpzTDJOeWJDOUJUVVVsTWpCSlRrWlNRU1V5TUVOQkpUSXdNREVvTkNrdVkzSnNoalJvZEhSd09pOHZZM0pzTkM1aGJXVXVaMkpzTDJOeWJDOUJUVVVsTWpCSlRrWlNRU1V5TUVOQkpUSXdNREVvTkNrdVkzSnNNQmNHQTFVZElBUVFNQTR3REFZS0t3WUJCQUdDTjNzQkFUQWZCZ05WSFNNRUdEQVdnQlRsMlp0bl9QanN1cnZ3d0tpZGlsZUl1ZDgtWXpBZEJnTlZIU1VFRmpBVUJnZ3JCZ0VGQlFjREFRWUlLd1lCQlFVSEF3SXdEUVlKS29aSWh2Y05BUUVMQlFBRGdnRUJBSmZocWlnSVNTRmtwNUc1c0hJZzdzaHFncTBuTXU0WmtyRnl0S1lvajlueUlrYnA1d1MyUzJTbnhBcGJrNkRHZkNvcGVXMmJULTQxTHVBQnhycEhoSW54ZFFSd2M0aGZOa1ZnNWs0OGpiU2thUDRSblk1MlZUNzBrSDJ2bmdHM3pEY3BkbF9VZHRYajVxQ3pFZmZIVjJaM3pienY5cnc4NjBqWkl3a1o1Vkdtb1lvOWdoSFhvWVg1bFE5cG0wVC1NN0doVzA3OGdHamFqakdKLWVSNUNRNGZmblI1a0JKUlZlMUJfUy1uZmFrQ3FFTGRmRGV3aU82NC1rXy04UkFzSEk3NXZVbkk2U19SUWZhMEdhaDYwd0F3T1hYWEdSelNiLW01dHZLSWdxVmI0Nk1QcDlySzFIZ3djVWt2a19NZW9JMlh0WFVOX1NXMnVSWENGcDlVX1BvJnM9QnFDS1JVRktkTERrQ1VUUjVaNnFvN3paX3N1Y0xsbWNtZWZHd0pBUGpvbWtYa1dSQ2lxSXc0NEcwalJkRFRhZ3FzemJNVElhNy1Sb2pOXzl1aGdnYnZoYTZXbjktbnVaUzBaeFR2cWZma01kOGtzaEVDRURyQ1JMNTRkaWRNYXhvdUxJNGlMUlRRQmZodFBQR2dHS3AwSVJFV1FsZlNEaDVrb3l0ajNIT2lxV3prc2NpSlRQbGkyQVVONlV0MzlXVDlLWmVmVnpvc0VIRmZKbHV1N1IwS1RCc0Y1WHA1U25yNWtVa2VwY25xRDZKakNSbXE1N28xT1pNR0VHdzYtZlFObndyLWR3Z3dSLTgyZ09DY19DOTlHenFEa3FnVG1YR09DNm95LUs0bGNna3hVLWoxeVdkWE1KWUhiUWJlME5UTFREWG9UcVNkY0VnQ3IyLThxcHJnJmg9RVdaRHNKZHo2LUt4c1dmNkJfcUVrYmV3NFktZ2FRSUdIQlY1RjFiT29aYw==",
      "RequestMethod": "GET",
      "RequestHeaders": {
        "User-Agent": [
          "FxVersion/6.0.2323.48002",
          "OSName/Windows",
          "OSVersion/Microsoft.Windows.10.0.22621",
          "Microsoft.Azure.Management.Internal.Resources.ResourceManagementClient/1.3.86"
        ]
      },
      "RequestBody": "",
      "ResponseHeaders": {
        "Cache-Control": [
          "no-cache"
        ],
        "Pragma": [
          "no-cache"
        ],
        "x-ms-ratelimit-remaining-subscription-reads": [
          "11991"
        ],
        "x-ms-request-id": [
          "b31e05ad-61e4-4cb1-b8cb-6cf935c5be6e"
        ],
        "x-ms-correlation-request-id": [
          "b31e05ad-61e4-4cb1-b8cb-6cf935c5be6e"
        ],
        "x-ms-routing-request-id": [
          "EASTUS2EUAP:20231020T044715Z:b31e05ad-61e4-4cb1-b8cb-6cf935c5be6e"
        ],
        "Strict-Transport-Security": [
          "max-age=31536000; includeSubDomains"
        ],
        "X-Content-Type-Options": [
          "nosniff"
        ],
        "Date": [
          "Fri, 20 Oct 2023 04:47:14 GMT"
        ],
        "Expires": [
          "-1"
        ],
        "Content-Length": [
          "0"
        ]
      },
      "ResponseBody": "",
      "StatusCode": 200
    },
    {
      "RequestUri": "/subscriptions/ee787b9b-a25f-4d20-86e9-45fcea5253dd/operationresults/eyJqb2JJZCI6IlJFU09VUkNFR1JPVVBERUxFVElPTkpPQi1QUzY0MDUtRUFTVFVTIiwiam9iTG9jYXRpb24iOiJlYXN0dXMifQ?api-version=2016-09-01&t=638333740201556421&c=MIIHHjCCBgagAwIBAgITOgHct7O3aN_KxDKNJwAEAdy3szANBgkqhkiG9w0BAQsFADBEMRMwEQYKCZImiZPyLGQBGRYDR0JMMRMwEQYKCZImiZPyLGQBGRYDQU1FMRgwFgYDVQQDEw9BTUUgSU5GUkEgQ0EgMDEwHhcNMjMwODAyMDc1ODI0WhcNMjQwNzI3MDc1ODI0WjBAMT4wPAYDVQQDEzVhc3luY29wZXJhdGlvbnNpZ25pbmdjZXJ0aWZpY2F0ZS5tYW5hZ2VtZW50LmF6dXJlLmNvbTCCASIwDQYJKoZIhvcNAQEBBQADggEPADCCAQoCggEBALgLnSbzEbFP5vuRFjPkIRVhgz-iw8NSD7e9KiRk9joLl4YrnC0aSuKwshRe9v_Gl--CqxXgkcpCrfdylaxeXPCqPbSAySW8ZXeSDzD35sq_pFnpKhucgB99Ge-e1unJgvYfJTi3-ri0oDMpryPjlj-DSAQ7LPz35cKSbzFYKu3mynC6wWObzCuwGt5qbJ4uxeqzSw_EaLK0-6awwn50lVsKnZtiZhdfHXDKKLap7dLAww0CM1k9FmqGvlSPIwLevHqzTzDqw1Z7aqoRUH_sezhZxKvKw2KKL0h73J1uStBKaiwxPh-9JrGtrp5emkNsj2V-tuOQ7sam3Z3urFRWBZECAwEAAaOCBAswggQHMCcGCSsGAQQBgjcVCgQaMBgwCgYIKwYBBQUHAwEwCgYIKwYBBQUHAwIwPQYJKwYBBAGCNxUHBDAwLgYmKwYBBAGCNxUIhpDjDYTVtHiE8Ys-hZvdFs6dEoFggvX2K4Py0SACAWQCAQowggHaBggrBgEFBQcBAQSCAcwwggHIMGYGCCsGAQUFBzAChlpodHRwOi8vY3JsLm1pY3Jvc29mdC5jb20vcGtpaW5mcmEvQ2VydHMvQlkyUEtJSU5UQ0EwMS5BTUUuR0JMX0FNRSUyMElORlJBJTIwQ0ElMjAwMSg0KS5jcnQwVgYIKwYBBQUHMAKGSmh0dHA6Ly9jcmwxLmFtZS5nYmwvYWlhL0JZMlBLSUlOVENBMDEuQU1FLkdCTF9BTUUlMjBJTkZSQSUyMENBJTIwMDEoNCkuY3J0MFYGCCsGAQUFBzAChkpodHRwOi8vY3JsMi5hbWUuZ2JsL2FpYS9CWTJQS0lJTlRDQTAxLkFNRS5HQkxfQU1FJTIwSU5GUkElMjBDQSUyMDAxKDQpLmNydDBWBggrBgEFBQcwAoZKaHR0cDovL2NybDMuYW1lLmdibC9haWEvQlkyUEtJSU5UQ0EwMS5BTUUuR0JMX0FNRSUyMElORlJBJTIwQ0ElMjAwMSg0KS5jcnQwVgYIKwYBBQUHMAKGSmh0dHA6Ly9jcmw0LmFtZS5nYmwvYWlhL0JZMlBLSUlOVENBMDEuQU1FLkdCTF9BTUUlMjBJTkZSQSUyMENBJTIwMDEoNCkuY3J0MB0GA1UdDgQWBBSNta6Ow680k6ap_o_3ZKd0BukJQTAOBgNVHQ8BAf8EBAMCBaAwggE1BgNVHR8EggEsMIIBKDCCASSgggEgoIIBHIZCaHR0cDovL2NybC5taWNyb3NvZnQuY29tL3BraWluZnJhL0NSTC9BTUUlMjBJTkZSQSUyMENBJTIwMDEoNCkuY3JshjRodHRwOi8vY3JsMS5hbWUuZ2JsL2NybC9BTUUlMjBJTkZSQSUyMENBJTIwMDEoNCkuY3JshjRodHRwOi8vY3JsMi5hbWUuZ2JsL2NybC9BTUUlMjBJTkZSQSUyMENBJTIwMDEoNCkuY3JshjRodHRwOi8vY3JsMy5hbWUuZ2JsL2NybC9BTUUlMjBJTkZSQSUyMENBJTIwMDEoNCkuY3JshjRodHRwOi8vY3JsNC5hbWUuZ2JsL2NybC9BTUUlMjBJTkZSQSUyMENBJTIwMDEoNCkuY3JsMBcGA1UdIAQQMA4wDAYKKwYBBAGCN3sBATAfBgNVHSMEGDAWgBTl2Ztn_PjsurvwwKidileIud8-YzAdBgNVHSUEFjAUBggrBgEFBQcDAQYIKwYBBQUHAwIwDQYJKoZIhvcNAQELBQADggEBAJfhqigISSFkp5G5sHIg7shqgq0nMu4ZkrFytKYoj9nyIkbp5wS2S2SnxApbk6DGfCopeW2bT-41LuABxrpHhInxdQRwc4hfNkVg5k48jbSkaP4RnY52VT70kH2vngG3zDcpdl_UdtXj5qCzEffHV2Z3zbzv9rw860jZIwkZ5VGmoYo9ghHXoYX5lQ9pm0T-M7GhW078gGjajjGJ-eR5CQ4ffnR5kBJRVe1B_S-nfakCqELdfDewiO64-k_-8RAsHI75vUnI6S_RQfa0Gah60wAwOXXXGRzSb-m5tvKIgqVb46MPp9rK1HgwcUkvk_MeoI2XtXUN_SW2uRXCFp9U_Po&s=BqCKRUFKdLDkCUTR5Z6qo7zZ_sucLlmcmefGwJAPjomkXkWRCiqIw44G0jRdDTagqszbMTIa7-RojN_9uhggbvha6Wn9-nuZS0ZxTvqffkMd8kshECEDrCRL54didMaxouLI4iLRTQBfhtPPGgGKp0IREWQlfSDh5koytj3HOiqWzksciJTPli2AUN6Ut39WT9KZefVzosEHFfJluu7R0KTBsF5Xp5Snr5kUkepcnqD6JjCRmq57o1OZMGEGw6-fQNnwr-dwgwR-82gOCc_C99GzqDkqgTmXGOC6oy-K4lcgkxU-j1yWdXMJYHbQbe0NTLTDXoTqSdcEgCr2-8qprg&h=EWZDsJdz6-KxsWf6B_qEkbew4Y-gaQIGHBV5F1bOoZc",
      "EncodedRequestUri": "L3N1YnNjcmlwdGlvbnMvZWU3ODdiOWItYTI1Zi00ZDIwLTg2ZTktNDVmY2VhNTI1M2RkL29wZXJhdGlvbnJlc3VsdHMvZXlKcWIySkpaQ0k2SWxKRlUwOVZVa05GUjFKUFZWQkVSVXhGVkVsUFRrcFBRaTFRVXpZME1EVXRSVUZUVkZWVElpd2lhbTlpVEc5allYUnBiMjRpT2lKbFlYTjBkWE1pZlE/YXBpLXZlcnNpb249MjAxNi0wOS0wMSZ0PTYzODMzMzc0MDIwMTU1NjQyMSZjPU1JSUhIakNDQmdhZ0F3SUJBZ0lUT2dIY3Q3TzNhTl9LeERLTkp3QUVBZHkzc3pBTkJna3Foa2lHOXcwQkFRc0ZBREJFTVJNd0VRWUtDWkltaVpQeUxHUUJHUllEUjBKTU1STXdFUVlLQ1pJbWlaUHlMR1FCR1JZRFFVMUZNUmd3RmdZRFZRUURFdzlCVFVVZ1NVNUdVa0VnUTBFZ01ERXdIaGNOTWpNd09EQXlNRGMxT0RJMFdoY05NalF3TnpJM01EYzFPREkwV2pCQU1UNHdQQVlEVlFRREV6VmhjM2x1WTI5d1pYSmhkR2x2Ym5OcFoyNXBibWRqWlhKMGFXWnBZMkYwWlM1dFlXNWhaMlZ0Wlc1MExtRjZkWEpsTG1OdmJUQ0NBU0l3RFFZSktvWklodmNOQVFFQkJRQURnZ0VQQURDQ0FRb0NnZ0VCQUxnTG5TYnpFYkZQNXZ1UkZqUGtJUlZoZ3otaXc4TlNEN2U5S2lSazlqb0xsNFlybkMwYVN1S3dzaFJlOXZfR2wtLUNxeFhna2NwQ3JmZHlsYXhlWFBDcVBiU0F5U1c4WlhlU0R6RDM1c3FfcEZucEtodWNnQjk5R2UtZTF1bkpndllmSlRpMy1yaTBvRE1wcnlQamxqLURTQVE3TFB6MzVjS1NiekZZS3UzbXluQzZ3V09iekN1d0d0NXFiSjR1eGVxelN3X0VhTEswLTZhd3duNTBsVnNLblp0aVpoZGZIWERLS0xhcDdkTEF3dzBDTTFrOUZtcUd2bFNQSXdMZXZIcXpUekRxdzFaN2Fxb1JVSF9zZXpoWnhLdkt3MktLTDBoNzNKMXVTdEJLYWl3eFBoLTlKckd0cnA1ZW1rTnNqMlYtdHVPUTdzYW0zWjN1ckZSV0JaRUNBd0VBQWFPQ0JBc3dnZ1FITUNjR0NTc0dBUVFCZ2pjVkNnUWFNQmd3Q2dZSUt3WUJCUVVIQXdFd0NnWUlLd1lCQlFVSEF3SXdQUVlKS3dZQkJBR0NOeFVIQkRBd0xnWW1Ld1lCQkFHQ054VUlocERqRFlUVnRIaUU4WXMtaFp2ZEZzNmRFb0ZnZ3ZYMks0UHkwU0FDQVdRQ0FRb3dnZ0hhQmdnckJnRUZCUWNCQVFTQ0Fjd3dnZ0hJTUdZR0NDc0dBUVVGQnpBQ2hscG9kSFJ3T2k4dlkzSnNMbTFwWTNKdmMyOW1kQzVqYjIwdmNHdHBhVzVtY21FdlEyVnlkSE12UWxreVVFdEpTVTVVUTBFd01TNUJUVVV1UjBKTVgwRk5SU1V5TUVsT1JsSkJKVEl3UTBFbE1qQXdNU2cwS1M1amNuUXdWZ1lJS3dZQkJRVUhNQUtHU21oMGRIQTZMeTlqY213eExtRnRaUzVuWW13dllXbGhMMEpaTWxCTFNVbE9WRU5CTURFdVFVMUZMa2RDVEY5QlRVVWxNakJKVGtaU1FTVXlNRU5CSlRJd01ERW9OQ2t1WTNKME1GWUdDQ3NHQVFVRkJ6QUNoa3BvZEhSd09pOHZZM0pzTWk1aGJXVXVaMkpzTDJGcFlTOUNXVEpRUzBsSlRsUkRRVEF4TGtGTlJTNUhRa3hmUVUxRkpUSXdTVTVHVWtFbE1qQkRRU1V5TURBeEtEUXBMbU55ZERCV0JnZ3JCZ0VGQlFjd0FvWkthSFIwY0RvdkwyTnliRE11WVcxbExtZGliQzloYVdFdlFsa3lVRXRKU1U1VVEwRXdNUzVCVFVVdVIwSk1YMEZOUlNVeU1FbE9SbEpCSlRJd1EwRWxNakF3TVNnMEtTNWpjblF3VmdZSUt3WUJCUVVITUFLR1NtaDBkSEE2THk5amNtdzBMbUZ0WlM1blltd3ZZV2xoTDBKWk1sQkxTVWxPVkVOQk1ERXVRVTFGTGtkQ1RGOUJUVVVsTWpCSlRrWlNRU1V5TUVOQkpUSXdNREVvTkNrdVkzSjBNQjBHQTFVZERnUVdCQlNOdGE2T3c2ODBrNmFwX29fM1pLZDBCdWtKUVRBT0JnTlZIUThCQWY4RUJBTUNCYUF3Z2dFMUJnTlZIUjhFZ2dFc01JSUJLRENDQVNTZ2dnRWdvSUlCSElaQ2FIUjBjRG92TDJOeWJDNXRhV055YjNOdlpuUXVZMjl0TDNCcmFXbHVabkpoTDBOU1RDOUJUVVVsTWpCSlRrWlNRU1V5TUVOQkpUSXdNREVvTkNrdVkzSnNoalJvZEhSd09pOHZZM0pzTVM1aGJXVXVaMkpzTDJOeWJDOUJUVVVsTWpCSlRrWlNRU1V5TUVOQkpUSXdNREVvTkNrdVkzSnNoalJvZEhSd09pOHZZM0pzTWk1aGJXVXVaMkpzTDJOeWJDOUJUVVVsTWpCSlRrWlNRU1V5TUVOQkpUSXdNREVvTkNrdVkzSnNoalJvZEhSd09pOHZZM0pzTXk1aGJXVXVaMkpzTDJOeWJDOUJUVVVsTWpCSlRrWlNRU1V5TUVOQkpUSXdNREVvTkNrdVkzSnNoalJvZEhSd09pOHZZM0pzTkM1aGJXVXVaMkpzTDJOeWJDOUJUVVVsTWpCSlRrWlNRU1V5TUVOQkpUSXdNREVvTkNrdVkzSnNNQmNHQTFVZElBUVFNQTR3REFZS0t3WUJCQUdDTjNzQkFUQWZCZ05WSFNNRUdEQVdnQlRsMlp0bl9QanN1cnZ3d0tpZGlsZUl1ZDgtWXpBZEJnTlZIU1VFRmpBVUJnZ3JCZ0VGQlFjREFRWUlLd1lCQlFVSEF3SXdEUVlKS29aSWh2Y05BUUVMQlFBRGdnRUJBSmZocWlnSVNTRmtwNUc1c0hJZzdzaHFncTBuTXU0WmtyRnl0S1lvajlueUlrYnA1d1MyUzJTbnhBcGJrNkRHZkNvcGVXMmJULTQxTHVBQnhycEhoSW54ZFFSd2M0aGZOa1ZnNWs0OGpiU2thUDRSblk1MlZUNzBrSDJ2bmdHM3pEY3BkbF9VZHRYajVxQ3pFZmZIVjJaM3pienY5cnc4NjBqWkl3a1o1Vkdtb1lvOWdoSFhvWVg1bFE5cG0wVC1NN0doVzA3OGdHamFqakdKLWVSNUNRNGZmblI1a0JKUlZlMUJfUy1uZmFrQ3FFTGRmRGV3aU82NC1rXy04UkFzSEk3NXZVbkk2U19SUWZhMEdhaDYwd0F3T1hYWEdSelNiLW01dHZLSWdxVmI0Nk1QcDlySzFIZ3djVWt2a19NZW9JMlh0WFVOX1NXMnVSWENGcDlVX1BvJnM9QnFDS1JVRktkTERrQ1VUUjVaNnFvN3paX3N1Y0xsbWNtZWZHd0pBUGpvbWtYa1dSQ2lxSXc0NEcwalJkRFRhZ3FzemJNVElhNy1Sb2pOXzl1aGdnYnZoYTZXbjktbnVaUzBaeFR2cWZma01kOGtzaEVDRURyQ1JMNTRkaWRNYXhvdUxJNGlMUlRRQmZodFBQR2dHS3AwSVJFV1FsZlNEaDVrb3l0ajNIT2lxV3prc2NpSlRQbGkyQVVONlV0MzlXVDlLWmVmVnpvc0VIRmZKbHV1N1IwS1RCc0Y1WHA1U25yNWtVa2VwY25xRDZKakNSbXE1N28xT1pNR0VHdzYtZlFObndyLWR3Z3dSLTgyZ09DY19DOTlHenFEa3FnVG1YR09DNm95LUs0bGNna3hVLWoxeVdkWE1KWUhiUWJlME5UTFREWG9UcVNkY0VnQ3IyLThxcHJnJmg9RVdaRHNKZHo2LUt4c1dmNkJfcUVrYmV3NFktZ2FRSUdIQlY1RjFiT29aYw==",
      "RequestMethod": "GET",
      "RequestHeaders": {
        "User-Agent": [
          "FxVersion/6.0.2323.48002",
          "OSName/Windows",
          "OSVersion/Microsoft.Windows.10.0.22621",
          "Microsoft.Azure.Management.Internal.Resources.ResourceManagementClient/1.3.86"
        ]
      },
      "RequestBody": "",
      "ResponseHeaders": {
        "Cache-Control": [
          "no-cache"
        ],
        "Pragma": [
          "no-cache"
        ],
        "x-ms-ratelimit-remaining-subscription-reads": [
          "11990"
        ],
        "x-ms-request-id": [
          "9388f522-9354-4dec-8db2-9206a6dca777"
        ],
        "x-ms-correlation-request-id": [
          "9388f522-9354-4dec-8db2-9206a6dca777"
        ],
        "x-ms-routing-request-id": [
          "EASTUS2EUAP:20231020T044715Z:9388f522-9354-4dec-8db2-9206a6dca777"
        ],
        "Strict-Transport-Security": [
          "max-age=31536000; includeSubDomains"
        ],
        "X-Content-Type-Options": [
          "nosniff"
        ],
        "Date": [
          "Fri, 20 Oct 2023 04:47:14 GMT"
        ],
        "Expires": [
          "-1"
        ],
        "Content-Length": [
          "0"
        ]
      },
      "ResponseBody": "",
      "StatusCode": 200
    }
  ],
  "Names": {
    "Test-NewAzSearchServiceL1": [
      "ps6405"
    ]
  },
  "Variables": {
    "SubscriptionId": "ee787b9b-a25f-4d20-86e9-45fcea5253dd"
  }
}