{
  "Entries": [
    {
      "RequestUri": "/subscriptions/ee787b9b-a25f-4d20-86e9-45fcea5253dd/providers/Microsoft.Search?api-version=2016-09-01",
      "EncodedRequestUri": "L3N1YnNjcmlwdGlvbnMvZWU3ODdiOWItYTI1Zi00ZDIwLTg2ZTktNDVmY2VhNTI1M2RkL3Byb3ZpZGVycy9NaWNyb3NvZnQuU2VhcmNoP2FwaS12ZXJzaW9uPTIwMTYtMDktMDE=",
      "RequestMethod": "GET",
      "RequestHeaders": {
        "x-ms-client-request-id": [
          "33979cd2-cc84-4345-acbd-5d63bb563a42"
        ],
        "Accept-Language": [
          "en-US"
        ],
        "User-Agent": [
          "FxVersion/4.700.22.55902",
          "OSName/Windows",
          "OSVersion/Microsoft.Windows.10.0.22621",
          "Microsoft.Azure.Management.Internal.Resources.ResourceManagementClient/1.3.73"
        ]
      },
      "RequestBody": "",
      "ResponseHeaders": {
        "Cache-Control": [
          "no-cache"
        ],
        "Pragma": [
          "no-cache"
        ],
        "x-ms-ratelimit-remaining-subscription-reads": [
          "11999"
        ],
        "x-ms-request-id": [
          "15a1a52f-ff87-41aa-8cb2-13e1e4a6179e"
        ],
        "x-ms-correlation-request-id": [
          "15a1a52f-ff87-41aa-8cb2-13e1e4a6179e"
        ],
        "x-ms-routing-request-id": [
          "WESTUS2:20230324T235803Z:15a1a52f-ff87-41aa-8cb2-13e1e4a6179e"
        ],
        "Strict-Transport-Security": [
          "max-age=31536000; includeSubDomains"
        ],
        "X-Content-Type-Options": [
          "nosniff"
        ],
        "Date": [
          "Fri, 24 Mar 2023 23:58:02 GMT"
        ],
        "Content-Type": [
          "application/json; charset=utf-8"
        ],
        "Expires": [
          "-1"
        ],
        "Content-Length": [
          "2819"
        ]
      },
      "ResponseBody": "{\r\n  \"id\": \"/subscriptions/ee787b9b-a25f-4d20-86e9-45fcea5253dd/providers/Microsoft.Search\",\r\n  \"namespace\": \"Microsoft.Search\",\r\n  \"authorizations\": [\r\n    {\r\n      \"applicationId\": \"408992c7-2af6-4ff1-92e3-65b73d2b5092\",\r\n      \"roleDefinitionId\": \"20FA3191-87CF-4C3D-9510-74CCB594A310\"\r\n    },\r\n    {\r\n      \"applicationId\": \"880da380-985e-4198-81b9-e05b1cc53158\",\r\n      \"roleDefinitionId\": \"d2e67903-baaa-4696-926b-61ab86235aaf\"\r\n    }\r\n  ],\r\n  \"resourceTypes\": [\r\n    {\r\n      \"resourceType\": \"searchServices\",\r\n      \"locations\": [\r\n        \"Qatar Central\",\r\n        \"Sweden Central\",\r\n        \"UK West\",\r\n        \"Korea South\",\r\n        \"Canada East\",\r\n        \"Jio India West\",\r\n        \"West US 3\",\r\n        \"Germany West Central\",\r\n        \"Norway East\",\r\n        \"Switzerland West\",\r\n        \"Switzerland North\",\r\n        \"West US\",\r\n        \"West US 2\",\r\n        \"East US\",\r\n        \"East US 2\",\r\n        \"North Europe\",\r\n        \"West Europe\",\r\n        \"Southeast Asia\",\r\n        \"East Asia\",\r\n        \"North Central US\",\r\n        \"South Central US\",\r\n        \"Central US\",\r\n        \"Japan West\",\r\n        \"Japan East\",\r\n        \"Korea Central\",\r\n        \"Australia East\",\r\n        \"Australia Southeast\",\r\n        \"Brazil South\",\r\n        \"Central India\",\r\n        \"West Central US\",\r\n        \"Canada Central\",\r\n        \"UK South\",\r\n        \"France Central\",\r\n        \"South Africa North\",\r\n        \"UAE North\"\r\n      ],\r\n      \"apiVersions\": [\r\n        \"2022-09-01\",\r\n        \"2021-06-06-Preview\",\r\n        \"2021-04-01-Preview\",\r\n        \"2020-08-01-Preview\",\r\n        \"2020-08-01\",\r\n        \"2020-03-13\",\r\n        \"2019-10-01-Preview\",\r\n        \"2015-08-19\",\r\n        \"2015-02-28\",\r\n        \"2014-07-31-Preview\"\r\n      ],\r\n      \"capabilities\": \"CrossResourceGroupResourceMove, CrossSubscriptionResourceMove, SystemAssignedResourceIdentity\"\r\n    },\r\n    {\r\n      \"resourceType\": \"checkServiceNameAvailability\",\r\n      \"locations\": [],\r\n      \"apiVersions\": [\r\n        \"2015-02-28\",\r\n        \"2014-07-31-Preview\"\r\n      ]\r\n    },\r\n    {\r\n      \"resourceType\": \"checkNameAvailability\",\r\n      \"locations\": [],\r\n      \"apiVersions\": [\r\n        \"2022-09-01\",\r\n        \"2021-06-06-Preview\",\r\n        \"2021-04-01-Preview\",\r\n        \"2020-08-01-Preview\",\r\n        \"2020-08-01\",\r\n        \"2020-03-13\",\r\n        \"2019-10-01-Preview\",\r\n        \"2015-08-19\"\r\n      ]\r\n    },\r\n    {\r\n      \"resourceType\": \"resourceHealthMetadata\",\r\n      \"locations\": [\r\n        \"Qatar Central\",\r\n        \"Sweden Central\",\r\n        \"UK West\",\r\n        \"Korea South\",\r\n        \"Canada East\",\r\n        \"Jio India West\",\r\n        \"West US 3\",\r\n        \"Germany West Central\",\r\n        \"Norway East\",\r\n        \"Switzerland West\",\r\n        \"Switzerland North\",\r\n        \"West US\",\r\n        \"West US 2\",\r\n        \"East US\",\r\n        \"East US 2\",\r\n        \"North Europe\",\r\n        \"West Europe\",\r\n        \"Southeast Asia\",\r\n        \"East Asia\",\r\n        \"North Central US\",\r\n        \"South Central US\",\r\n        \"Central US\",\r\n        \"Japan West\",\r\n        \"Japan East\",\r\n        \"Korea Central\",\r\n        \"Australia East\",\r\n        \"Australia Southeast\",\r\n        \"Brazil South\",\r\n        \"Central India\",\r\n        \"West Central US\",\r\n        \"Canada Central\",\r\n        \"UK South\",\r\n        \"France Central\",\r\n        \"South Africa North\",\r\n        \"UAE North\"\r\n      ],\r\n      \"apiVersions\": [\r\n        \"2022-09-01\",\r\n        \"2021-06-06-Preview\",\r\n        \"2021-04-01-Preview\",\r\n        \"2020-08-01-Preview\",\r\n        \"2020-08-01\",\r\n        \"2020-03-13\",\r\n        \"2019-10-01-Preview\",\r\n        \"2015-08-19\"\r\n      ]\r\n    },\r\n    {\r\n      \"resourceType\": \"operations\",\r\n      \"locations\": [],\r\n      \"apiVersions\": [\r\n        \"2022-09-01\",\r\n        \"2021-06-06-Preview\",\r\n        \"2021-04-01-Preview\",\r\n        \"2020-08-01-Preview\",\r\n        \"2020-08-01\",\r\n        \"2020-03-13\",\r\n        \"2019-10-01-Preview\",\r\n        \"2015-08-19\",\r\n        \"2015-02-28\"\r\n      ]\r\n    },\r\n    {\r\n      \"resourceType\": \"locations\",\r\n      \"locations\": [],\r\n      \"apiVersions\": [\r\n        \"2021-06-06-Preview\"\r\n      ]\r\n    },\r\n    {\r\n      \"resourceType\": \"locations/notifyNetworkSecurityPerimeterUpdatesAvailable\",\r\n      \"locations\": [\r\n        \"Central US EUAP\",\r\n        \"East US 2 EUAP\"\r\n      ],\r\n      \"apiVersions\": [\r\n        \"2021-06-06-Preview\"\r\n      ]\r\n    }\r\n  ],\r\n  \"registrationState\": \"Registered\"\r\n}",
      "StatusCode": 200
    },
    {
      "RequestUri": "/subscriptions/ee787b9b-a25f-4d20-86e9-45fcea5253dd/resourcegroups/ps5387?api-version=2016-09-01",
      "EncodedRequestUri": "L3N1YnNjcmlwdGlvbnMvZWU3ODdiOWItYTI1Zi00ZDIwLTg2ZTktNDVmY2VhNTI1M2RkL3Jlc291cmNlZ3JvdXBzL3BzNTM4Nz9hcGktdmVyc2lvbj0yMDE2LTA5LTAx",
      "RequestMethod": "PUT",
      "RequestHeaders": {
        "x-ms-client-request-id": [
          "37e3a533-b9c0-4112-9218-c93b8318862a"
        ],
        "Accept-Language": [
          "en-US"
        ],
        "User-Agent": [
          "FxVersion/4.700.22.55902",
          "OSName/Windows",
          "OSVersion/Microsoft.Windows.10.0.22621",
          "Microsoft.Azure.Management.Internal.Resources.ResourceManagementClient/1.3.73"
        ],
        "Content-Type": [
          "application/json; charset=utf-8"
        ],
        "Content-Length": [
          "35"
        ]
      },
      "RequestBody": "{\r\n  \"location\": \"Qatar Central\"\r\n}",
      "ResponseHeaders": {
        "Cache-Control": [
          "no-cache"
        ],
        "Pragma": [
          "no-cache"
        ],
        "x-ms-ratelimit-remaining-subscription-writes": [
          "1199"
        ],
        "x-ms-request-id": [
          "94e6f791-f3bd-487e-80c0-81d3664b6f98"
        ],
        "x-ms-correlation-request-id": [
          "94e6f791-f3bd-487e-80c0-81d3664b6f98"
        ],
        "x-ms-routing-request-id": [
          "WESTUS2:20230324T235805Z:94e6f791-f3bd-487e-80c0-81d3664b6f98"
        ],
        "Strict-Transport-Security": [
          "max-age=31536000; includeSubDomains"
        ],
        "X-Content-Type-Options": [
          "nosniff"
        ],
        "Date": [
          "Fri, 24 Mar 2023 23:58:05 GMT"
        ],
        "Content-Length": [
          "171"
        ],
        "Content-Type": [
          "application/json; charset=utf-8"
        ],
        "Expires": [
          "-1"
        ]
      },
      "ResponseBody": "{\r\n  \"id\": \"/subscriptions/ee787b9b-a25f-4d20-86e9-45fcea5253dd/resourceGroups/ps5387\",\r\n  \"name\": \"ps5387\",\r\n  \"location\": \"qatarcentral\",\r\n  \"properties\": {\r\n    \"provisioningState\": \"Succeeded\"\r\n  }\r\n}",
      "StatusCode": 201
    },
    {
      "RequestUri": "/subscriptions/ee787b9b-a25f-4d20-86e9-45fcea5253dd/resourceGroups/ps5387/providers/Microsoft.Search/searchServices/ps5387-service?api-version=2022-09-01",
      "EncodedRequestUri": "L3N1YnNjcmlwdGlvbnMvZWU3ODdiOWItYTI1Zi00ZDIwLTg2ZTktNDVmY2VhNTI1M2RkL3Jlc291cmNlR3JvdXBzL3BzNTM4Ny9wcm92aWRlcnMvTWljcm9zb2Z0LlNlYXJjaC9zZWFyY2hTZXJ2aWNlcy9wczUzODctc2VydmljZT9hcGktdmVyc2lvbj0yMDIyLTA5LTAx",
      "RequestMethod": "PUT",
      "RequestHeaders": {
        "x-ms-client-request-id": [
          "dcac5d3c-4a22-45e7-8d68-fb9899041df6"
        ],
        "Accept-Language": [
          "en-US"
        ],
        "User-Agent": [
          "FxVersion/4.700.22.55902",
          "OSName/Windows",
          "OSVersion/Microsoft.Windows.10.0.22621",
          "Microsoft.Azure.Management.Search.SearchManagementClient/0.9.0"
        ],
        "Content-Type": [
          "application/json; charset=utf-8"
        ],
        "Content-Length": [
          "179"
        ]
      },
      "RequestBody": "{\r\n  \"properties\": {\r\n    \"replicaCount\": 1,\r\n    \"partitionCount\": 1,\r\n    \"hostingMode\": \"default\"\r\n  },\r\n  \"sku\": {\r\n    \"name\": \"basic\"\r\n  },\r\n  \"location\": \"Qatar Central\"\r\n}",
      "ResponseHeaders": {
        "Cache-Control": [
          "no-cache"
        ],
        "Pragma": [
          "no-cache"
        ],
        "ETag": [
          "W/\"datetime'2023-03-24T23%3A58%3A21.1511361Z'\""
        ],
        "x-ms-request-id": [
          "dcac5d3c-4a22-45e7-8d68-fb9899041df6"
        ],
        "request-id": [
          "dcac5d3c-4a22-45e7-8d68-fb9899041df6"
        ],
        "elapsed-time": [
          "11344"
        ],
        "Strict-Transport-Security": [
          "max-age=31536000; includeSubDomains"
        ],
        "x-ms-ratelimit-remaining-subscription-writes": [
          "1199"
        ],
        "x-ms-correlation-request-id": [
          "e864e66d-e691-4348-9a74-f23034d041cb"
        ],
        "x-ms-routing-request-id": [
          "WESTUS2:20230324T235822Z:e864e66d-e691-4348-9a74-f23034d041cb"
        ],
        "X-Content-Type-Options": [
          "nosniff"
        ],
        "Date": [
          "Fri, 24 Mar 2023 23:58:21 GMT"
        ],
        "Content-Length": [
          "600"
        ],
        "Content-Type": [
          "application/json; charset=utf-8"
        ],
        "Expires": [
          "-1"
        ]
      },
      "ResponseBody": "{\r\n  \"id\": \"/subscriptions/ee787b9b-a25f-4d20-86e9-45fcea5253dd/resourceGroups/ps5387/providers/Microsoft.Search/searchServices/ps5387-service\",\r\n  \"name\": \"ps5387-service\",\r\n  \"type\": \"Microsoft.Search/searchServices\",\r\n  \"location\": \"Qatar Central\",\r\n  \"properties\": {\r\n    \"replicaCount\": 1,\r\n    \"partitionCount\": 1,\r\n    \"status\": \"running\",\r\n    \"statusDetails\": \"\",\r\n    \"provisioningState\": \"succeeded\",\r\n    \"hostingMode\": \"default\",\r\n    \"publicNetworkAccess\": \"Enabled\",\r\n    \"networkRuleSet\": {\r\n      \"ipRules\": [],\r\n      \"bypass\": \"None\"\r\n    },\r\n    \"privateEndpointConnections\": [],\r\n    \"sharedPrivateLinkResources\": [],\r\n    \"disableLocalAuth\": false,\r\n    \"authOptions\": {\r\n      \"apiKeyOnly\": {}\r\n    }\r\n  },\r\n  \"sku\": {\r\n    \"name\": \"basic\"\r\n  }\r\n}",
      "StatusCode": 201
    },
    {
      "RequestUri": "/subscriptions/ee787b9b-a25f-4d20-86e9-45fcea5253dd/resourceGroups/ps5387/providers/Microsoft.Search/searchServices/ps5387-service/privateLinkResources?api-version=2022-09-01",
      "EncodedRequestUri": "L3N1YnNjcmlwdGlvbnMvZWU3ODdiOWItYTI1Zi00ZDIwLTg2ZTktNDVmY2VhNTI1M2RkL3Jlc291cmNlR3JvdXBzL3BzNTM4Ny9wcm92aWRlcnMvTWljcm9zb2Z0LlNlYXJjaC9zZWFyY2hTZXJ2aWNlcy9wczUzODctc2VydmljZS9wcml2YXRlTGlua1Jlc291cmNlcz9hcGktdmVyc2lvbj0yMDIyLTA5LTAx",
      "RequestMethod": "GET",
      "RequestHeaders": {
        "x-ms-client-request-id": [
          "1d78647d-2eab-4ed0-8ba1-7f5bd19e4022"
        ],
        "Accept-Language": [
          "en-US"
        ],
        "User-Agent": [
          "FxVersion/4.700.22.55902",
          "OSName/Windows",
          "OSVersion/Microsoft.Windows.10.0.22621",
          "Microsoft.Azure.Management.Search.SearchManagementClient/0.9.0"
        ]
      },
      "RequestBody": "",
      "ResponseHeaders": {
        "Cache-Control": [
          "no-cache"
        ],
        "Pragma": [
          "no-cache"
        ],
        "Vary": [
          "Accept-Encoding"
        ],
        "x-ms-request-id": [
          "1d78647d-2eab-4ed0-8ba1-7f5bd19e4022"
        ],
        "request-id": [
          "1d78647d-2eab-4ed0-8ba1-7f5bd19e4022"
        ],
        "elapsed-time": [
          "141"
        ],
        "Strict-Transport-Security": [
          "max-age=31536000; includeSubDomains"
        ],
        "x-ms-ratelimit-remaining-subscription-reads": [
          "11999"
        ],
        "x-ms-correlation-request-id": [
          "b0e3e895-438d-4464-8048-8324deaaa6ee"
        ],
        "x-ms-routing-request-id": [
          "WESTUS2:20230324T235824Z:b0e3e895-438d-4464-8048-8324deaaa6ee"
        ],
        "X-Content-Type-Options": [
          "nosniff"
        ],
        "Date": [
          "Fri, 24 Mar 2023 23:58:23 GMT"
        ],
        "Content-Length": [
          "2226"
        ],
        "Content-Type": [
          "application/json; charset=utf-8"
        ],
        "Expires": [
          "-1"
        ]
      },
      "ResponseBody": "{\r\n  \"value\": [\r\n    {\r\n      \"id\": \"/subscriptions/ee787b9b-a25f-4d20-86e9-45fcea5253dd/resourceGroups/ps5387/providers/Microsoft.Search/searchServices/ps5387-service/privateLinkResources/searchService\",\r\n      \"name\": \"searchService\",\r\n      \"type\": \"Microsoft.Search/searchServices/privateLinkResources\",\r\n      \"properties\": {\r\n        \"groupId\": \"searchService\",\r\n        \"requiredMembers\": [\r\n          \"searchService\"\r\n        ],\r\n        \"requiredZoneNames\": [\r\n          \"privatelink.search.windows.net\"\r\n        ],\r\n        \"shareablePrivateLinkResourceTypes\": [\r\n          {\r\n            \"name\": \"blob\",\r\n            \"properties\": {\r\n              \"type\": \"Microsoft.Storage/storageAccounts\",\r\n              \"groupId\": \"blob\",\r\n              \"description\": \"Azure Cognitive Search indexers can connect to blobs in Azure Storage for reading data (data source), for writing intermediate results of indexer execution (annotation cache, preview) or for storing any knowledge store projections (preview)\"\r\n            }\r\n          },\r\n          {\r\n            \"name\": \"table\",\r\n            \"properties\": {\r\n              \"type\": \"Microsoft.Storage/storageAccounts\",\r\n              \"groupId\": \"table\",\r\n              \"description\": \"Azure Cognitive Search indexers can connect to tables in Azure Storage for reading data (data source), for writing book-keeping information about intermediate results of indexer execution (annotation cache, preview) or for storing any knowledge store projections (preview)\"\r\n            }\r\n          },\r\n          {\r\n            \"name\": \"dfs\",\r\n            \"properties\": {\r\n              \"type\": \"Microsoft.Storage/storageAccounts\",\r\n              \"groupId\": \"dfs\",\r\n              \"description\": \"Azure Cognitive Search indexers can connect to Azure Data Lake Storage Gen2 for reading data (data source).\"\r\n            }\r\n          },\r\n          {\r\n            \"name\": \"file\",\r\n            \"properties\": {\r\n              \"type\": \"Microsoft.Storage/storageAccounts\",\r\n              \"groupId\": \"file\",\r\n              \"description\": \"Azure Cognitive Search indexers can connect to files in Azure Storage for reading data (data source).\"\r\n            }\r\n          },\r\n          {\r\n            \"name\": \"Sql\",\r\n            \"properties\": {\r\n              \"type\": \"Microsoft.DocumentDB/databaseAccounts\",\r\n              \"groupId\": \"Sql\",\r\n              \"description\": \"Azure Cognitive Search indexers can connect to CosmosDB using the SQL head for reading data (data source).\"\r\n            }\r\n          },\r\n          {\r\n            \"name\": \"plr\",\r\n            \"properties\": {\r\n              \"type\": \"Microsoft.Sql/servers\",\r\n              \"groupId\": \"sqlServer\",\r\n              \"description\": \"Azure Cognitive Search indexers can connect to AzureSQL databases in a SQL server for reading data (data source).\"\r\n            }\r\n          },\r\n          {\r\n            \"name\": \"vault\",\r\n            \"properties\": {\r\n              \"type\": \"Microsoft.KeyVault/vaults\",\r\n              \"groupId\": \"vault\",\r\n              \"description\": \"Azure Cognitive Search can access keys in Azure Key Vault to encrypt search index and synonym map data\"\r\n            }\r\n          }\r\n        ]\r\n      }\r\n    }\r\n  ]\r\n}",
      "StatusCode": 200
    },
    {
      "RequestUri": "/subscriptions/ee787b9b-a25f-4d20-86e9-45fcea5253dd/resourcegroups/ps5387?api-version=2016-09-01",
      "EncodedRequestUri": "L3N1YnNjcmlwdGlvbnMvZWU3ODdiOWItYTI1Zi00ZDIwLTg2ZTktNDVmY2VhNTI1M2RkL3Jlc291cmNlZ3JvdXBzL3BzNTM4Nz9hcGktdmVyc2lvbj0yMDE2LTA5LTAx",
      "RequestMethod": "DELETE",
      "RequestHeaders": {
        "x-ms-client-request-id": [
          "0f9ae4e3-6439-4fa9-834a-9c0a15f9cc96"
        ],
        "Accept-Language": [
          "en-US"
        ],
        "User-Agent": [
          "FxVersion/4.700.22.55902",
          "OSName/Windows",
          "OSVersion/Microsoft.Windows.10.0.22621",
          "Microsoft.Azure.Management.Internal.Resources.ResourceManagementClient/1.3.73"
        ]
      },
      "RequestBody": "",
      "ResponseHeaders": {
        "Cache-Control": [
          "no-cache"
        ],
        "Pragma": [
          "no-cache"
        ],
        "Location": [
          "https://management.azure.com/subscriptions/ee787b9b-a25f-4d20-86e9-45fcea5253dd/operationresults/eyJqb2JJZCI6IlJFU09VUkNFR1JPVVBERUxFVElPTkpPQi1QUzUzODctUUFUQVJDRU5UUkFMIiwiam9iTG9jYXRpb24iOiJxYXRhcmNlbnRyYWwifQ?api-version=2016-09-01"
        ],
        "Retry-After": [
          "15"
        ],
        "x-ms-ratelimit-remaining-subscription-deletes": [
          "14999"
        ],
        "x-ms-request-id": [
          "13a81fe4-1a0d-4b64-9bd7-4084e6a4302b"
        ],
        "x-ms-correlation-request-id": [
          "13a81fe4-1a0d-4b64-9bd7-4084e6a4302b"
        ],
        "x-ms-routing-request-id": [
          "WESTUS2:20230324T235829Z:13a81fe4-1a0d-4b64-9bd7-4084e6a4302b"
        ],
        "Strict-Transport-Security": [
          "max-age=31536000; includeSubDomains"
        ],
        "X-Content-Type-Options": [
          "nosniff"
        ],
        "Date": [
          "Fri, 24 Mar 2023 23:58:29 GMT"
        ],
        "Expires": [
          "-1"
        ],
        "Content-Length": [
          "0"
        ]
      },
      "ResponseBody": "",
      "StatusCode": 202
    },
    {
      "RequestUri": "/subscriptions/ee787b9b-a25f-4d20-86e9-45fcea5253dd/operationresults/eyJqb2JJZCI6IlJFU09VUkNFR1JPVVBERUxFVElPTkpPQi1QUzUzODctUUFUQVJDRU5UUkFMIiwiam9iTG9jYXRpb24iOiJxYXRhcmNlbnRyYWwifQ?api-version=2016-09-01",
      "EncodedRequestUri": "L3N1YnNjcmlwdGlvbnMvZWU3ODdiOWItYTI1Zi00ZDIwLTg2ZTktNDVmY2VhNTI1M2RkL29wZXJhdGlvbnJlc3VsdHMvZXlKcWIySkpaQ0k2SWxKRlUwOVZVa05GUjFKUFZWQkVSVXhGVkVsUFRrcFBRaTFRVXpVek9EY3RVVUZVUVZKRFJVNVVVa0ZNSWl3aWFtOWlURzlqWVhScGIyNGlPaUp4WVhSaGNtTmxiblJ5WVd3aWZRP2FwaS12ZXJzaW9uPTIwMTYtMDktMDE=",
      "RequestMethod": "GET",
      "RequestHeaders": {
        "User-Agent": [
          "FxVersion/4.700.22.55902",
          "OSName/Windows",
          "OSVersion/Microsoft.Windows.10.0.22621",
          "Microsoft.Azure.Management.Internal.Resources.ResourceManagementClient/1.3.73"
        ]
      },
      "RequestBody": "",
      "ResponseHeaders": {
        "Cache-Control": [
          "no-cache"
        ],
        "Pragma": [
          "no-cache"
        ],
        "Location": [
          "https://management.azure.com/subscriptions/ee787b9b-a25f-4d20-86e9-45fcea5253dd/operationresults/eyJqb2JJZCI6IlJFU09VUkNFR1JPVVBERUxFVElPTkpPQi1QUzUzODctUUFUQVJDRU5UUkFMIiwiam9iTG9jYXRpb24iOiJxYXRhcmNlbnRyYWwifQ?api-version=2016-09-01"
        ],
        "Retry-After": [
          "15"
        ],
        "x-ms-ratelimit-remaining-subscription-reads": [
          "11999"
        ],
        "x-ms-request-id": [
          "b6bc79b4-c329-4875-aca9-98800b1ace13"
        ],
        "x-ms-correlation-request-id": [
          "b6bc79b4-c329-4875-aca9-98800b1ace13"
        ],
        "x-ms-routing-request-id": [
          "WESTUS2:20230324T235845Z:b6bc79b4-c329-4875-aca9-98800b1ace13"
        ],
        "Strict-Transport-Security": [
          "max-age=31536000; includeSubDomains"
        ],
        "X-Content-Type-Options": [
          "nosniff"
        ],
        "Date": [
          "Fri, 24 Mar 2023 23:58:44 GMT"
        ],
        "Expires": [
          "-1"
        ],
        "Content-Length": [
          "0"
        ]
      },
      "ResponseBody": "",
      "StatusCode": 202
    },
    {
      "RequestUri": "/subscriptions/ee787b9b-a25f-4d20-86e9-45fcea5253dd/operationresults/eyJqb2JJZCI6IlJFU09VUkNFR1JPVVBERUxFVElPTkpPQi1QUzUzODctUUFUQVJDRU5UUkFMIiwiam9iTG9jYXRpb24iOiJxYXRhcmNlbnRyYWwifQ?api-version=2016-09-01",
      "EncodedRequestUri": "L3N1YnNjcmlwdGlvbnMvZWU3ODdiOWItYTI1Zi00ZDIwLTg2ZTktNDVmY2VhNTI1M2RkL29wZXJhdGlvbnJlc3VsdHMvZXlKcWIySkpaQ0k2SWxKRlUwOVZVa05GUjFKUFZWQkVSVXhGVkVsUFRrcFBRaTFRVXpVek9EY3RVVUZVUVZKRFJVNVVVa0ZNSWl3aWFtOWlURzlqWVhScGIyNGlPaUp4WVhSaGNtTmxiblJ5WVd3aWZRP2FwaS12ZXJzaW9uPTIwMTYtMDktMDE=",
      "RequestMethod": "GET",
      "RequestHeaders": {
        "User-Agent": [
          "FxVersion/4.700.22.55902",
          "OSName/Windows",
          "OSVersion/Microsoft.Windows.10.0.22621",
          "Microsoft.Azure.Management.Internal.Resources.ResourceManagementClient/1.3.73"
        ]
      },
      "RequestBody": "",
      "ResponseHeaders": {
        "Cache-Control": [
          "no-cache"
        ],
        "Pragma": [
          "no-cache"
        ],
        "Location": [
          "https://management.azure.com/subscriptions/ee787b9b-a25f-4d20-86e9-45fcea5253dd/operationresults/eyJqb2JJZCI6IlJFU09VUkNFR1JPVVBERUxFVElPTkpPQi1QUzUzODctUUFUQVJDRU5UUkFMIiwiam9iTG9jYXRpb24iOiJxYXRhcmNlbnRyYWwifQ?api-version=2016-09-01"
        ],
        "Retry-After": [
          "15"
        ],
        "x-ms-ratelimit-remaining-subscription-reads": [
          "11998"
        ],
        "x-ms-request-id": [
          "5f32c3a3-7e86-45f9-a3fe-861564abefe2"
        ],
        "x-ms-correlation-request-id": [
          "5f32c3a3-7e86-45f9-a3fe-861564abefe2"
        ],
        "x-ms-routing-request-id": [
          "WESTUS2:20230324T235900Z:5f32c3a3-7e86-45f9-a3fe-861564abefe2"
        ],
        "Strict-Transport-Security": [
          "max-age=31536000; includeSubDomains"
        ],
        "X-Content-Type-Options": [
          "nosniff"
        ],
        "Date": [
          "Fri, 24 Mar 2023 23:59:00 GMT"
        ],
        "Expires": [
          "-1"
        ],
        "Content-Length": [
          "0"
        ]
      },
      "ResponseBody": "",
      "StatusCode": 202
    },
    {
      "RequestUri": "/subscriptions/ee787b9b-a25f-4d20-86e9-45fcea5253dd/operationresults/eyJqb2JJZCI6IlJFU09VUkNFR1JPVVBERUxFVElPTkpPQi1QUzUzODctUUFUQVJDRU5UUkFMIiwiam9iTG9jYXRpb24iOiJxYXRhcmNlbnRyYWwifQ?api-version=2016-09-01",
      "EncodedRequestUri": "L3N1YnNjcmlwdGlvbnMvZWU3ODdiOWItYTI1Zi00ZDIwLTg2ZTktNDVmY2VhNTI1M2RkL29wZXJhdGlvbnJlc3VsdHMvZXlKcWIySkpaQ0k2SWxKRlUwOVZVa05GUjFKUFZWQkVSVXhGVkVsUFRrcFBRaTFRVXpVek9EY3RVVUZVUVZKRFJVNVVVa0ZNSWl3aWFtOWlURzlqWVhScGIyNGlPaUp4WVhSaGNtTmxiblJ5WVd3aWZRP2FwaS12ZXJzaW9uPTIwMTYtMDktMDE=",
      "RequestMethod": "GET",
      "RequestHeaders": {
        "User-Agent": [
          "FxVersion/4.700.22.55902",
          "OSName/Windows",
          "OSVersion/Microsoft.Windows.10.0.22621",
          "Microsoft.Azure.Management.Internal.Resources.ResourceManagementClient/1.3.73"
        ]
      },
      "RequestBody": "",
      "ResponseHeaders": {
        "Cache-Control": [
          "no-cache"
        ],
        "Pragma": [
          "no-cache"
        ],
        "Location": [
          "https://management.azure.com/subscriptions/ee787b9b-a25f-4d20-86e9-45fcea5253dd/operationresults/eyJqb2JJZCI6IlJFU09VUkNFR1JPVVBERUxFVElPTkpPQi1QUzUzODctUUFUQVJDRU5UUkFMIiwiam9iTG9jYXRpb24iOiJxYXRhcmNlbnRyYWwifQ?api-version=2016-09-01"
        ],
        "Retry-After": [
          "15"
        ],
        "x-ms-ratelimit-remaining-subscription-reads": [
          "11997"
        ],
        "x-ms-request-id": [
          "e9ae2147-b7bd-4576-ba3d-fb4ff6265bcb"
        ],
        "x-ms-correlation-request-id": [
          "e9ae2147-b7bd-4576-ba3d-fb4ff6265bcb"
        ],
        "x-ms-routing-request-id": [
          "WESTUS2:20230324T235916Z:e9ae2147-b7bd-4576-ba3d-fb4ff6265bcb"
        ],
        "Strict-Transport-Security": [
          "max-age=31536000; includeSubDomains"
        ],
        "X-Content-Type-Options": [
          "nosniff"
        ],
        "Date": [
          "Fri, 24 Mar 2023 23:59:15 GMT"
        ],
        "Expires": [
          "-1"
        ],
        "Content-Length": [
          "0"
        ]
      },
      "ResponseBody": "",
      "StatusCode": 202
    },
    {
      "RequestUri": "/subscriptions/ee787b9b-a25f-4d20-86e9-45fcea5253dd/operationresults/eyJqb2JJZCI6IlJFU09VUkNFR1JPVVBERUxFVElPTkpPQi1QUzUzODctUUFUQVJDRU5UUkFMIiwiam9iTG9jYXRpb24iOiJxYXRhcmNlbnRyYWwifQ?api-version=2016-09-01",
      "EncodedRequestUri": "L3N1YnNjcmlwdGlvbnMvZWU3ODdiOWItYTI1Zi00ZDIwLTg2ZTktNDVmY2VhNTI1M2RkL29wZXJhdGlvbnJlc3VsdHMvZXlKcWIySkpaQ0k2SWxKRlUwOVZVa05GUjFKUFZWQkVSVXhGVkVsUFRrcFBRaTFRVXpVek9EY3RVVUZVUVZKRFJVNVVVa0ZNSWl3aWFtOWlURzlqWVhScGIyNGlPaUp4WVhSaGNtTmxiblJ5WVd3aWZRP2FwaS12ZXJzaW9uPTIwMTYtMDktMDE=",
      "RequestMethod": "GET",
      "RequestHeaders": {
        "User-Agent": [
          "FxVersion/4.700.22.55902",
          "OSName/Windows",
          "OSVersion/Microsoft.Windows.10.0.22621",
          "Microsoft.Azure.Management.Internal.Resources.ResourceManagementClient/1.3.73"
        ]
      },
      "RequestBody": "",
      "ResponseHeaders": {
        "Cache-Control": [
          "no-cache"
        ],
        "Pragma": [
          "no-cache"
        ],
        "Location": [
          "https://management.azure.com/subscriptions/ee787b9b-a25f-4d20-86e9-45fcea5253dd/operationresults/eyJqb2JJZCI6IlJFU09VUkNFR1JPVVBERUxFVElPTkpPQi1QUzUzODctUUFUQVJDRU5UUkFMIiwiam9iTG9jYXRpb24iOiJxYXRhcmNlbnRyYWwifQ?api-version=2016-09-01"
        ],
        "Retry-After": [
          "15"
        ],
        "x-ms-ratelimit-remaining-subscription-reads": [
          "11996"
        ],
        "x-ms-request-id": [
          "02f365a7-54af-49d0-8e3f-e9d0dd5ccf94"
        ],
        "x-ms-correlation-request-id": [
          "02f365a7-54af-49d0-8e3f-e9d0dd5ccf94"
        ],
        "x-ms-routing-request-id": [
          "WESTUS2:20230324T235931Z:02f365a7-54af-49d0-8e3f-e9d0dd5ccf94"
        ],
        "Strict-Transport-Security": [
          "max-age=31536000; includeSubDomains"
        ],
        "X-Content-Type-Options": [
          "nosniff"
        ],
        "Date": [
          "Fri, 24 Mar 2023 23:59:31 GMT"
        ],
        "Expires": [
          "-1"
        ],
        "Content-Length": [
          "0"
        ]
      },
      "ResponseBody": "",
      "StatusCode": 202
    },
    {
      "RequestUri": "/subscriptions/ee787b9b-a25f-4d20-86e9-45fcea5253dd/operationresults/eyJqb2JJZCI6IlJFU09VUkNFR1JPVVBERUxFVElPTkpPQi1QUzUzODctUUFUQVJDRU5UUkFMIiwiam9iTG9jYXRpb24iOiJxYXRhcmNlbnRyYWwifQ?api-version=2016-09-01",
      "EncodedRequestUri": "L3N1YnNjcmlwdGlvbnMvZWU3ODdiOWItYTI1Zi00ZDIwLTg2ZTktNDVmY2VhNTI1M2RkL29wZXJhdGlvbnJlc3VsdHMvZXlKcWIySkpaQ0k2SWxKRlUwOVZVa05GUjFKUFZWQkVSVXhGVkVsUFRrcFBRaTFRVXpVek9EY3RVVUZVUVZKRFJVNVVVa0ZNSWl3aWFtOWlURzlqWVhScGIyNGlPaUp4WVhSaGNtTmxiblJ5WVd3aWZRP2FwaS12ZXJzaW9uPTIwMTYtMDktMDE=",
      "RequestMethod": "GET",
      "RequestHeaders": {
        "User-Agent": [
          "FxVersion/4.700.22.55902",
          "OSName/Windows",
          "OSVersion/Microsoft.Windows.10.0.22621",
          "Microsoft.Azure.Management.Internal.Resources.ResourceManagementClient/1.3.73"
        ]
      },
      "RequestBody": "",
      "ResponseHeaders": {
        "Cache-Control": [
          "no-cache"
        ],
        "Pragma": [
          "no-cache"
        ],
        "x-ms-ratelimit-remaining-subscription-reads": [
          "11995"
        ],
        "x-ms-request-id": [
          "4dc6fa85-59d6-46c7-bf25-622c4190daa4"
        ],
        "x-ms-correlation-request-id": [
          "4dc6fa85-59d6-46c7-bf25-622c4190daa4"
        ],
        "x-ms-routing-request-id": [
          "WESTUS2:20230324T235947Z:4dc6fa85-59d6-46c7-bf25-622c4190daa4"
        ],
        "Strict-Transport-Security": [
          "max-age=31536000; includeSubDomains"
        ],
        "X-Content-Type-Options": [
          "nosniff"
        ],
        "Date": [
          "Fri, 24 Mar 2023 23:59:46 GMT"
        ],
        "Expires": [
          "-1"
        ],
        "Content-Length": [
          "0"
        ]
      },
      "ResponseBody": "",
      "StatusCode": 200
    },
    {
      "RequestUri": "/subscriptions/ee787b9b-a25f-4d20-86e9-45fcea5253dd/operationresults/eyJqb2JJZCI6IlJFU09VUkNFR1JPVVBERUxFVElPTkpPQi1QUzUzODctUUFUQVJDRU5UUkFMIiwiam9iTG9jYXRpb24iOiJxYXRhcmNlbnRyYWwifQ?api-version=2016-09-01",
      "EncodedRequestUri": "L3N1YnNjcmlwdGlvbnMvZWU3ODdiOWItYTI1Zi00ZDIwLTg2ZTktNDVmY2VhNTI1M2RkL29wZXJhdGlvbnJlc3VsdHMvZXlKcWIySkpaQ0k2SWxKRlUwOVZVa05GUjFKUFZWQkVSVXhGVkVsUFRrcFBRaTFRVXpVek9EY3RVVUZVUVZKRFJVNVVVa0ZNSWl3aWFtOWlURzlqWVhScGIyNGlPaUp4WVhSaGNtTmxiblJ5WVd3aWZRP2FwaS12ZXJzaW9uPTIwMTYtMDktMDE=",
      "RequestMethod": "GET",
      "RequestHeaders": {
        "User-Agent": [
          "FxVersion/4.700.22.55902",
          "OSName/Windows",
          "OSVersion/Microsoft.Windows.10.0.22621",
          "Microsoft.Azure.Management.Internal.Resources.ResourceManagementClient/1.3.73"
        ]
      },
      "RequestBody": "",
      "ResponseHeaders": {
        "Cache-Control": [
          "no-cache"
        ],
        "Pragma": [
          "no-cache"
        ],
        "x-ms-ratelimit-remaining-subscription-reads": [
          "11994"
        ],
        "x-ms-request-id": [
          "104d468a-3bb8-4b12-83dd-9383850879ad"
        ],
        "x-ms-correlation-request-id": [
          "104d468a-3bb8-4b12-83dd-9383850879ad"
        ],
        "x-ms-routing-request-id": [
          "WESTUS2:20230324T235948Z:104d468a-3bb8-4b12-83dd-9383850879ad"
        ],
        "Strict-Transport-Security": [
          "max-age=31536000; includeSubDomains"
        ],
        "X-Content-Type-Options": [
          "nosniff"
        ],
        "Date": [
          "Fri, 24 Mar 2023 23:59:47 GMT"
        ],
        "Expires": [
          "-1"
        ],
        "Content-Length": [
          "0"
        ]
      },
      "ResponseBody": "",
      "StatusCode": 200
    }
  ],
  "Names": {
    "Test-GetAzSearchPrivateLinkResource": [
      "ps5387"
    ]
  },
  "Variables": {
    "SubscriptionId": "ee787b9b-a25f-4d20-86e9-45fcea5253dd"
  }
}