{
  "Entries": [
    {
      "RequestUri": "/pools/testPool?api-version=2016-07-01.3.1",
      "EncodedRequestUri": "L3Bvb2xzL3Rlc3RQb29sP2FwaS12ZXJzaW9uPTIwMTYtMDctMDEuMy4x",
      "RequestMethod": "GET",
      "RequestBody": "",
      "RequestHeaders": {
        "client-request-id": [
          "c27fce81-0dd8-4fec-959e-3a1c8a094384"
        ],
        "accept-language": [
          "en-US"
        ],
        "ocp-date": [
          "Mon, 01 Aug 2016 21:21:02 GMT"
        ],
        "User-Agent": [
          "Microsoft.Azure.Batch.Protocol.BatchServiceClient/5.0.0.0",
          "AzurePowershell/v1.6.0"
        ]
      },
      "ResponseBody": "{\r\n  \"odata.metadata\": \"https://pstestaccount.centralus.batch.azure.com/$metadata#pools/@Element\",\r\n  \"id\": \"testPool\",\r\n  \"url\": \"https://pstestaccount.centralus.batch.azure.com/pools/testPool\",\r\n  \"eTag\": \"0x8D3BA515E1FCD60\",\r\n  \"lastModified\": \"2016-08-01T21:18:22.3631712Z\",\r\n  \"creationTime\": \"2016-05-19T00:32:54.5271672Z\",\r\n  \"state\": \"active\",\r\n  \"stateTransitionTime\": \"2016-05-19T00:32:54.5271672Z\",\r\n  \"allocationState\": \"steady\",\r\n  \"allocationStateTransitionTime\": \"2016-08-01T21:18:23.6639862Z\",\r\n  \"vmSize\": \"small\",\r\n  \"resizeTimeout\": \"PT2M\",\r\n  \"currentDedicated\": 2,\r\n  \"targetDedicated\": 2,\r\n  \"enableAutoScale\": false,\r\n  \"enableInterNodeCommunication\": false,\r\n  \"maxTasksPerNode\": 1,\r\n  \"taskSchedulingPolicy\": {\r\n    \"nodeFillType\": \"Pack\"\r\n  },\r\n  \"cloudServiceConfiguration\": {\r\n    \"osFamily\": \"4\",\r\n    \"targetOSVersion\": \"*\",\r\n    \"currentOSVersion\": \"*\"\r\n  }\r\n}",
      "ResponseHeaders": {
        "Content-Type": [
          "application/json; odata=minimalmetadata"
        ],
        "Last-Modified": [
          "Mon, 01 Aug 2016 21:18:22 GMT"
        ],
        "Transfer-Encoding": [
          "chunked"
        ],
        "request-id": [
          "e75a7c44-364e-4632-bab2-977127010774"
        ],
        "Strict-Transport-Security": [
          "max-age=31536000; includeSubDomains"
        ],
        "DataServiceVersion": [
          "3.0"
        ],
        "Date": [
          "Mon, 01 Aug 2016 21:21:01 GMT"
        ],
        "ETag": [
          "0x8D3BA515E1FCD60"
        ],
        "Server": [
          "Microsoft-HTTPAPI/2.0"
        ]
      },
      "StatusCode": 200
    },
    {
      "RequestUri": "/pools/testPool?api-version=2016-07-01.3.1",
      "EncodedRequestUri": "L3Bvb2xzL3Rlc3RQb29sP2FwaS12ZXJzaW9uPTIwMTYtMDctMDEuMy4x",
      "RequestMethod": "GET",
      "RequestBody": "",
      "RequestHeaders": {
        "client-request-id": [
          "825d8244-cfde-4235-878c-4c164a76b3dc"
        ],
        "accept-language": [
          "en-US"
        ],
        "ocp-date": [
          "Mon, 01 Aug 2016 21:21:05 GMT"
        ],
        "User-Agent": [
          "Microsoft.Azure.Batch.Protocol.BatchServiceClient/5.0.0.0",
          "AzurePowershell/v1.6.0"
        ]
      },
      "ResponseBody": "{\r\n  \"odata.metadata\": \"https://pstestaccount.centralus.batch.azure.com/$metadata#pools/@Element\",\r\n  \"id\": \"testPool\",\r\n  \"url\": \"https://pstestaccount.centralus.batch.azure.com/pools/testPool\",\r\n  \"eTag\": \"0x8D3BA515E1FCD60\",\r\n  \"lastModified\": \"2016-08-01T21:18:22.3631712Z\",\r\n  \"creationTime\": \"2016-05-19T00:32:54.5271672Z\",\r\n  \"state\": \"active\",\r\n  \"stateTransitionTime\": \"2016-05-19T00:32:54.5271672Z\",\r\n  \"allocationState\": \"steady\",\r\n  \"allocationStateTransitionTime\": \"2016-08-01T21:18:23.6639862Z\",\r\n  \"vmSize\": \"small\",\r\n  \"resizeTimeout\": \"PT2M\",\r\n  \"currentDedicated\": 2,\r\n  \"targetDedicated\": 2,\r\n  \"enableAutoScale\": false,\r\n  \"enableInterNodeCommunication\": false,\r\n  \"maxTasksPerNode\": 1,\r\n  \"taskSchedulingPolicy\": {\r\n    \"nodeFillType\": \"Pack\"\r\n  },\r\n  \"cloudServiceConfiguration\": {\r\n    \"osFamily\": \"4\",\r\n    \"targetOSVersion\": \"*\",\r\n    \"currentOSVersion\": \"*\"\r\n  }\r\n}",
      "ResponseHeaders": {
        "Content-Type": [
          "application/json; odata=minimalmetadata"
        ],
        "Last-Modified": [
          "Mon, 01 Aug 2016 21:18:22 GMT"
        ],
        "Transfer-Encoding": [
          "chunked"
        ],
        "request-id": [
          "b28ce01b-396d-4dfb-8bba-dab26315658f"
        ],
        "Strict-Transport-Security": [
          "max-age=31536000; includeSubDomains"
        ],
        "DataServiceVersion": [
          "3.0"
        ],
        "Date": [
          "Mon, 01 Aug 2016 21:21:04 GMT"
        ],
        "ETag": [
          "0x8D3BA515E1FCD60"
        ],
        "Server": [
          "Microsoft-HTTPAPI/2.0"
        ]
      },
      "StatusCode": 200
    },
    {
      "RequestUri": "/pools/testPool?api-version=2016-07-01.3.1",
      "EncodedRequestUri": "L3Bvb2xzL3Rlc3RQb29sP2FwaS12ZXJzaW9uPTIwMTYtMDctMDEuMy4x",
      "RequestMethod": "GET",
      "RequestBody": "",
      "RequestHeaders": {
        "client-request-id": [
          "7e79b63a-c045-4f28-a8eb-9f554c60fcc3"
        ],
        "accept-language": [
          "en-US"
        ],
        "ocp-date": [
          "Mon, 01 Aug 2016 21:21:06 GMT"
        ],
        "User-Agent": [
          "Microsoft.Azure.Batch.Protocol.BatchServiceClient/5.0.0.0",
          "AzurePowershell/v1.6.0"
        ]
      },
      "ResponseBody": "{\r\n  \"odata.metadata\": \"https://pstestaccount.centralus.batch.azure.com/$metadata#pools/@Element\",\r\n  \"id\": \"testPool\",\r\n  \"url\": \"https://pstestaccount.centralus.batch.azure.com/pools/testPool\",\r\n  \"eTag\": \"0x8D3BA51BE4675C9\",\r\n  \"lastModified\": \"2016-08-01T21:21:03.6777929Z\",\r\n  \"creationTime\": \"2016-05-19T00:32:54.5271672Z\",\r\n  \"state\": \"upgrading\",\r\n  \"stateTransitionTime\": \"2016-08-01T21:21:03.6777929Z\",\r\n  \"allocationState\": \"steady\",\r\n  \"allocationStateTransitionTime\": \"2016-08-01T21:18:23.6639862Z\",\r\n  \"vmSize\": \"small\",\r\n  \"resizeTimeout\": \"PT2M\",\r\n  \"currentDedicated\": 2,\r\n  \"targetDedicated\": 2,\r\n  \"enableAutoScale\": false,\r\n  \"enableInterNodeCommunication\": false,\r\n  \"maxTasksPerNode\": 1,\r\n  \"taskSchedulingPolicy\": {\r\n    \"nodeFillType\": \"Pack\"\r\n  },\r\n  \"cloudServiceConfiguration\": {\r\n    \"osFamily\": \"4\",\r\n    \"targetOSVersion\": \"WA-GUEST-OS-4.32_201605-01\",\r\n    \"currentOSVersion\": \"*\"\r\n  }\r\n}",
      "ResponseHeaders": {
        "Content-Type": [
          "application/json; odata=minimalmetadata"
        ],
        "Last-Modified": [
          "Mon, 01 Aug 2016 21:21:03 GMT"
        ],
        "Transfer-Encoding": [
          "chunked"
        ],
        "request-id": [
          "4819169d-c2ee-429a-a54e-57e1480b43e5"
        ],
        "Strict-Transport-Security": [
          "max-age=31536000; includeSubDomains"
        ],
        "DataServiceVersion": [
          "3.0"
        ],
        "Date": [
          "Mon, 01 Aug 2016 21:21:05 GMT"
        ],
        "ETag": [
          "0x8D3BA51BE4675C9"
        ],
        "Server": [
          "Microsoft-HTTPAPI/2.0"
        ]
      },
      "StatusCode": 200
    },
    {
      "RequestUri": "/pools?api-version=2016-07-01.3.1&$filter=id%20eq%20'testPool'",
      "EncodedRequestUri": "L3Bvb2xzP2FwaS12ZXJzaW9uPTIwMTYtMDctMDEuMy4xJiRmaWx0ZXI9aWQlMjBlcSUyMCUyN3Rlc3RQb29sJTI3",
      "RequestMethod": "GET",
      "RequestBody": "",
      "RequestHeaders": {
        "client-request-id": [
          "c78b8a56-b9ab-41b4-89db-188076c5adb1"
        ],
        "accept-language": [
          "en-US"
        ],
        "ocp-date": [
          "Mon, 01 Aug 2016 21:21:06 GMT"
        ],
        "User-Agent": [
          "Microsoft.Azure.Batch.Protocol.BatchServiceClient/5.0.0.0",
          "AzurePowershell/v1.6.0"
        ]
      },
      "ResponseBody": "{\r\n  \"odata.metadata\": \"https://pstestaccount.centralus.batch.azure.com/$metadata#pools\",\r\n  \"value\": [\r\n    {\r\n      \"id\": \"testPool\",\r\n      \"url\": \"https://pstestaccount.centralus.batch.azure.com/pools/testPool\",\r\n      \"eTag\": \"0x8D3BA515E1FCD60\",\r\n      \"lastModified\": \"2016-08-01T21:18:22.3631712Z\",\r\n      \"creationTime\": \"2016-05-19T00:32:54.5271672Z\",\r\n      \"state\": \"active\",\r\n      \"stateTransitionTime\": \"2016-05-19T00:32:54.5271672Z\",\r\n      \"allocationState\": \"steady\",\r\n      \"allocationStateTransitionTime\": \"2016-08-01T21:18:23.6639862Z\",\r\n      \"vmSize\": \"small\",\r\n      \"resizeTimeout\": \"PT2M\",\r\n      \"currentDedicated\": 2,\r\n      \"targetDedicated\": 2,\r\n      \"enableAutoScale\": false,\r\n      \"enableInterNodeCommunication\": false,\r\n      \"maxTasksPerNode\": 1,\r\n      \"taskSchedulingPolicy\": {\r\n        \"nodeFillType\": \"Pack\"\r\n      },\r\n      \"cloudServiceConfiguration\": {\r\n        \"osFamily\": \"4\",\r\n        \"targetOSVersion\": \"*\",\r\n        \"currentOSVersion\": \"*\"\r\n      }\r\n    }\r\n  ]\r\n}",
      "ResponseHeaders": {
        "Content-Type": [
          "application/json; odata=minimalmetadata"
        ],
        "Transfer-Encoding": [
          "chunked"
        ],
        "request-id": [
          "a5a32c5a-b7b6-4f2d-833b-3bd13db20490"
        ],
        "Strict-Transport-Security": [
          "max-age=31536000; includeSubDomains"
        ],
        "DataServiceVersion": [
          "3.0"
        ],
        "Date": [
          "Mon, 01 Aug 2016 21:21:05 GMT"
        ],
        "Server": [
          "Microsoft-HTTPAPI/2.0"
        ]
      },
      "StatusCode": 200
    },
    {
      "RequestUri": "/pools/testPool/upgradeos?api-version=2016-07-01.3.1",
      "EncodedRequestUri": "L3Bvb2xzL3Rlc3RQb29sL3VwZ3JhZGVvcz9hcGktdmVyc2lvbj0yMDE2LTA3LTAxLjMuMQ==",
      "RequestMethod": "POST",
      "RequestBody": "{\r\n  \"targetOSVersion\": \"WA-GUEST-OS-4.32_201605-01\"\r\n}",
      "RequestHeaders": {
        "Content-Type": [
          "application/json; odata=minimalmetadata; charset=utf-8"
        ],
        "Content-Length": [
          "55"
        ],
        "client-request-id": [
          "b15ec4a6-2e2b-492e-a722-8cb6ebc4915c"
        ],
        "accept-language": [
          "en-US"
        ],
        "ocp-date": [
          "Mon, 01 Aug 2016 21:21:06 GMT"
        ],
        "User-Agent": [
          "Microsoft.Azure.Batch.Protocol.BatchServiceClient/5.0.0.0",
          "AzurePowershell/v1.6.0"
        ]
      },
      "ResponseBody": "",
      "ResponseHeaders": {
        "Last-Modified": [
          "Mon, 01 Aug 2016 21:21:03 GMT"
        ],
        "Transfer-Encoding": [
          "chunked"
        ],
        "request-id": [
          "f03091e5-3902-413e-9292-c5bc1761d221"
        ],
        "Strict-Transport-Security": [
          "max-age=31536000; includeSubDomains"
        ],
        "DataServiceVersion": [
          "3.0"
        ],
        "DataServiceId": [
          "https://pstestaccount.centralus.batch.azure.com/pools/testPool/upgradeos"
        ],
        "Date": [
          "Mon, 01 Aug 2016 21:21:05 GMT"
        ],
        "ETag": [
          "0x8D3BA51BE4675C9"
        ],
        "Server": [
          "Microsoft-HTTPAPI/2.0"
        ]
      },
      "StatusCode": 202
    }
  ],
  "Names": {},
  "Variables": {
    "SubscriptionId": "46241355-bb95-46a9-ba6c-42b554d71925",
    "AZURE_BATCH_ACCOUNT": "pstestaccount",
    "AZURE_BATCH_ENDPOINT": "https://pstestaccount.centralus.batch.azure.com",
    "AZURE_BATCH_RESOURCE_GROUP": "AccountMgmtSampleGroup"
  }
}