{
  "Entries": [
    {
      "RequestUri": "/pools?api-version=2016-07-01.3.1",
      "EncodedRequestUri": "L3Bvb2xzP2FwaS12ZXJzaW9uPTIwMTYtMDctMDEuMy4x",
      "RequestMethod": "POST",
      "RequestBody": "{\r\n  \"id\": \"testGetPool\",\r\n  \"vmSize\": \"small\",\r\n  \"cloudServiceConfiguration\": {\r\n    \"osFamily\": \"4\",\r\n    \"targetOSVersion\": \"*\"\r\n  },\r\n  \"targetDedicated\": 0,\r\n  \"enableInterNodeCommunication\": true\r\n}",
      "RequestHeaders": {
        "Content-Type": [
          "application/json; odata=minimalmetadata; charset=utf-8"
        ],
        "Content-Length": [
          "205"
        ],
        "client-request-id": [
          "18008598-f9ea-47d0-b34a-8a657920ce28"
        ],
        "accept-language": [
          "en-US"
        ],
        "ocp-date": [
          "Tue, 06 Sep 2016 06:13:22 GMT"
        ],
        "User-Agent": [
          "Microsoft.Azure.Batch.Protocol.BatchServiceClient/5.1.0.0",
          "AzurePowershell/v1.6.0"
        ]
      },
      "ResponseBody": "",
      "ResponseHeaders": {
        "Last-Modified": [
          "Tue, 06 Sep 2016 06:13:24 GMT"
        ],
        "Transfer-Encoding": [
          "chunked"
        ],
        "request-id": [
          "06fc5924-049d-4955-acef-343142e31c27"
        ],
        "Strict-Transport-Security": [
          "max-age=31536000; includeSubDomains"
        ],
        "DataServiceVersion": [
          "3.0"
        ],
        "DataServiceId": [
          "https://pstestaccount.centralus.batch.azure.com/pools/testGetPool"
        ],
        "Date": [
          "Tue, 06 Sep 2016 06:13:24 GMT"
        ],
        "ETag": [
          "0x8D3D61CE92E9994"
        ],
        "Location": [
          "https://pstestaccount.centralus.batch.azure.com/pools/testGetPool"
        ],
        "Server": [
          "Microsoft-HTTPAPI/2.0"
        ]
      },
      "StatusCode": 201
    },
    {
      "RequestUri": "/pools/testGetPool?api-version=2016-07-01.3.1",
      "EncodedRequestUri": "L3Bvb2xzL3Rlc3RHZXRQb29sP2FwaS12ZXJzaW9uPTIwMTYtMDctMDEuMy4x",
      "RequestMethod": "GET",
      "RequestBody": "",
      "RequestHeaders": {
        "client-request-id": [
          "4854078f-a768-471a-844b-9c5c1d9c28a4"
        ],
        "accept-language": [
          "en-US"
        ],
        "ocp-date": [
          "Tue, 06 Sep 2016 06:13:24 GMT"
        ],
        "User-Agent": [
          "Microsoft.Azure.Batch.Protocol.BatchServiceClient/5.1.0.0",
          "AzurePowershell/v1.6.0"
        ]
      },
      "ResponseBody": "{\r\n  \"odata.metadata\": \"https://pstestaccount.centralus.batch.azure.com/$metadata#pools/@Element\",\r\n  \"id\": \"testGetPool\",\r\n  \"url\": \"https://pstestaccount.centralus.batch.azure.com/pools/testGetPool\",\r\n  \"eTag\": \"0x8D3D61CE92E9994\",\r\n  \"lastModified\": \"2016-09-06T06:13:24.8945556Z\",\r\n  \"creationTime\": \"2016-09-06T06:13:24.8945556Z\",\r\n  \"state\": \"active\",\r\n  \"stateTransitionTime\": \"2016-09-06T06:13:24.8945556Z\",\r\n  \"allocationState\": \"steady\",\r\n  \"allocationStateTransitionTime\": \"2016-09-06T06:13:25.0380637Z\",\r\n  \"vmSize\": \"small\",\r\n  \"resizeTimeout\": \"PT15M\",\r\n  \"currentDedicated\": 0,\r\n  \"targetDedicated\": 0,\r\n  \"enableAutoScale\": false,\r\n  \"enableInterNodeCommunication\": true,\r\n  \"maxTasksPerNode\": 1,\r\n  \"taskSchedulingPolicy\": {\r\n    \"nodeFillType\": \"Spread\"\r\n  },\r\n  \"cloudServiceConfiguration\": {\r\n    \"osFamily\": \"4\",\r\n    \"targetOSVersion\": \"*\",\r\n    \"currentOSVersion\": \"*\"\r\n  }\r\n}",
      "ResponseHeaders": {
        "Content-Type": [
          "application/json; odata=minimalmetadata"
        ],
        "Last-Modified": [
          "Tue, 06 Sep 2016 06:13:24 GMT"
        ],
        "Transfer-Encoding": [
          "chunked"
        ],
        "request-id": [
          "22831a20-0aa7-4f53-bf4c-cdc67604a03f"
        ],
        "Strict-Transport-Security": [
          "max-age=31536000; includeSubDomains"
        ],
        "DataServiceVersion": [
          "3.0"
        ],
        "Date": [
          "Tue, 06 Sep 2016 06:13:24 GMT"
        ],
        "ETag": [
          "0x8D3D61CE92E9994"
        ],
        "Server": [
          "Microsoft-HTTPAPI/2.0"
        ]
      },
      "StatusCode": 200
    },
    {
      "RequestUri": "/pools/testGetPool?api-version=2016-07-01.3.1",
      "EncodedRequestUri": "L3Bvb2xzL3Rlc3RHZXRQb29sP2FwaS12ZXJzaW9uPTIwMTYtMDctMDEuMy4x",
      "RequestMethod": "DELETE",
      "RequestBody": "",
      "RequestHeaders": {
        "client-request-id": [
          "fb1a906d-c168-42b4-97ba-42da1ad463a7"
        ],
        "accept-language": [
          "en-US"
        ],
        "ocp-date": [
          "Tue, 06 Sep 2016 06:13:25 GMT"
        ],
        "User-Agent": [
          "Microsoft.Azure.Batch.Protocol.BatchServiceClient/5.1.0.0",
          "AzurePowershell/v1.6.0"
        ]
      },
      "ResponseBody": "",
      "ResponseHeaders": {
        "Transfer-Encoding": [
          "chunked"
        ],
        "request-id": [
          "6e1a47fc-b39b-461f-abb7-e3415c9e2d9a"
        ],
        "Strict-Transport-Security": [
          "max-age=31536000; includeSubDomains"
        ],
        "DataServiceVersion": [
          "3.0"
        ],
        "Date": [
          "Tue, 06 Sep 2016 06:13:26 GMT"
        ],
        "Server": [
          "Microsoft-HTTPAPI/2.0"
        ]
      },
      "StatusCode": 202
    }
  ],
  "Names": {},
  "Variables": {
    "SubscriptionId": "46241355-bb95-46a9-ba6c-42b554d71925",
    "AZURE_BATCH_ACCOUNT": "pstestaccount",
    "AZURE_BATCH_ENDPOINT": "https://pstestaccount.centralus.batch.azure.com",
    "AZURE_BATCH_RESOURCE_GROUP": "accountmgmtsamplegroup"
  }
}