{
  "Entries": [
    {
      "RequestUri": "/pools?api-version=2017-09-01.6.0",
      "EncodedRequestUri": "L3Bvb2xzP2FwaS12ZXJzaW9uPTIwMTctMDktMDEuNi4w",
      "RequestMethod": "POST",
      "RequestBody": "{\r\n  \"id\": \"changeospool\",\r\n  \"vmSize\": \"small\",\r\n  \"cloudServiceConfiguration\": {\r\n    \"osFamily\": \"4\",\r\n    \"targetOSVersion\": \"*\"\r\n  },\r\n  \"targetDedicatedNodes\": 0,\r\n  \"targetLowPriorityNodes\": 0,\r\n  \"enableInterNodeCommunication\": true\r\n}",
      "RequestHeaders": {
        "Content-Type": [
          "application/json; odata=minimalmetadata; charset=utf-8"
        ],
        "Content-Length": [
          "243"
        ],
        "client-request-id": [
          "24119684-999e-4aaa-8b1b-ab3c3e726cf2"
        ],
        "accept-language": [
          "en-US"
        ],
        "ocp-date": [
          "Fri, 06 Oct 2017 03:30:47 GMT"
        ],
        "User-Agent": [
          "FxVersion/4.7.2110.0",
          "OSName/Windows10Enterprise",
          "OSVersion/6.3.15063",
          "Microsoft.Azure.Batch.Protocol.BatchServiceClient/8.0.0.0",
          "AzurePowershell/v4.4.0"
        ]
      },
      "ResponseBody": "",
      "ResponseHeaders": {
        "Last-Modified": [
          "Fri, 06 Oct 2017 03:30:47 GMT"
        ],
        "Transfer-Encoding": [
          "chunked"
        ],
        "request-id": [
          "52262839-1d86-4501-b638-dfa77916ced3"
        ],
        "Strict-Transport-Security": [
          "max-age=31536000; includeSubDomains"
        ],
        "X-Content-Type-Options": [
          "nosniff"
        ],
        "DataServiceVersion": [
          "3.0"
        ],
        "DataServiceId": [
          "https://matthchrwestcentralus.westcentralus.batch.azure.com/pools/changeospool"
        ],
        "Date": [
          "Fri, 06 Oct 2017 03:30:47 GMT"
        ],
        "ETag": [
          "0x8D50C6AA261F98D"
        ],
        "Location": [
          "https://matthchrwestcentralus.westcentralus.batch.azure.com/pools/changeospool"
        ],
        "Server": [
          "Microsoft-HTTPAPI/2.0"
        ]
      },
      "StatusCode": 201
    },
    {
      "RequestUri": "/pools/changeospool?api-version=2017-09-01.6.0",
      "EncodedRequestUri": "L3Bvb2xzL2NoYW5nZW9zcG9vbD9hcGktdmVyc2lvbj0yMDE3LTA5LTAxLjYuMA==",
      "RequestMethod": "GET",
      "RequestBody": "",
      "RequestHeaders": {
        "client-request-id": [
          "8df008fd-1532-4506-a706-8fd08876cc58"
        ],
        "accept-language": [
          "en-US"
        ],
        "ocp-date": [
          "Fri, 06 Oct 2017 03:30:47 GMT"
        ],
        "User-Agent": [
          "FxVersion/4.7.2110.0",
          "OSName/Windows10Enterprise",
          "OSVersion/6.3.15063",
          "Microsoft.Azure.Batch.Protocol.BatchServiceClient/8.0.0.0",
          "AzurePowershell/v4.4.0"
        ]
      },
      "ResponseBody": "{\r\n  \"odata.metadata\": \"https://matthchrwestcentralus.westcentralus.batch.azure.com/$metadata#pools/@Element\",\r\n  \"id\": \"changeospool\",\r\n  \"url\": \"https://matthchrwestcentralus.westcentralus.batch.azure.com/pools/changeospool\",\r\n  \"eTag\": \"0x8D50C6AA261F98D\",\r\n  \"lastModified\": \"2017-10-06T03:30:47.3189773Z\",\r\n  \"creationTime\": \"2017-10-06T03:30:47.3189773Z\",\r\n  \"state\": \"active\",\r\n  \"stateTransitionTime\": \"2017-10-06T03:30:47.3189773Z\",\r\n  \"allocationState\": \"steady\",\r\n  \"allocationStateTransitionTime\": \"2017-10-06T03:30:47.4161938Z\",\r\n  \"vmSize\": \"small\",\r\n  \"resizeTimeout\": \"PT15M\",\r\n  \"currentDedicatedNodes\": 0,\r\n  \"targetDedicatedNodes\": 0,\r\n  \"currentLowPriorityNodes\": 0,\r\n  \"targetLowPriorityNodes\": 0,\r\n  \"enableAutoScale\": false,\r\n  \"enableInterNodeCommunication\": true,\r\n  \"maxTasksPerNode\": 1,\r\n  \"taskSchedulingPolicy\": {\r\n    \"nodeFillType\": \"Spread\"\r\n  },\r\n  \"cloudServiceConfiguration\": {\r\n    \"osFamily\": \"4\",\r\n    \"targetOSVersion\": \"*\",\r\n    \"currentOSVersion\": \"*\"\r\n  }\r\n}",
      "ResponseHeaders": {
        "Content-Type": [
          "application/json; odata=minimalmetadata"
        ],
        "Last-Modified": [
          "Fri, 06 Oct 2017 03:30:47 GMT"
        ],
        "Transfer-Encoding": [
          "chunked"
        ],
        "request-id": [
          "0ae4b1bc-22ce-4949-800b-4659f267dd13"
        ],
        "Strict-Transport-Security": [
          "max-age=31536000; includeSubDomains"
        ],
        "X-Content-Type-Options": [
          "nosniff"
        ],
        "DataServiceVersion": [
          "3.0"
        ],
        "Date": [
          "Fri, 06 Oct 2017 03:30:47 GMT"
        ],
        "ETag": [
          "0x8D50C6AA261F98D"
        ],
        "Server": [
          "Microsoft-HTTPAPI/2.0"
        ]
      },
      "StatusCode": 200
    },
    {
      "RequestUri": "/pools/changeospool?api-version=2017-09-01.6.0",
      "EncodedRequestUri": "L3Bvb2xzL2NoYW5nZW9zcG9vbD9hcGktdmVyc2lvbj0yMDE3LTA5LTAxLjYuMA==",
      "RequestMethod": "GET",
      "RequestBody": "",
      "RequestHeaders": {
        "client-request-id": [
          "87485889-5255-49f4-8e44-0d7a80b66a47"
        ],
        "accept-language": [
          "en-US"
        ],
        "ocp-date": [
          "Fri, 06 Oct 2017 03:30:47 GMT"
        ],
        "User-Agent": [
          "FxVersion/4.7.2110.0",
          "OSName/Windows10Enterprise",
          "OSVersion/6.3.15063",
          "Microsoft.Azure.Batch.Protocol.BatchServiceClient/8.0.0.0",
          "AzurePowershell/v4.4.0"
        ]
      },
      "ResponseBody": "{\r\n  \"odata.metadata\": \"https://matthchrwestcentralus.westcentralus.batch.azure.com/$metadata#pools/@Element\",\r\n  \"id\": \"changeospool\",\r\n  \"url\": \"https://matthchrwestcentralus.westcentralus.batch.azure.com/pools/changeospool\",\r\n  \"eTag\": \"0x8D50C6AA2A6DEEC\",\r\n  \"lastModified\": \"2017-10-06T03:30:47.770494Z\",\r\n  \"creationTime\": \"2017-10-06T03:30:47.3189773Z\",\r\n  \"state\": \"upgrading\",\r\n  \"stateTransitionTime\": \"2017-10-06T03:30:47.770494Z\",\r\n  \"allocationState\": \"steady\",\r\n  \"allocationStateTransitionTime\": \"2017-10-06T03:30:47.4161938Z\",\r\n  \"vmSize\": \"small\",\r\n  \"resizeTimeout\": \"PT15M\",\r\n  \"currentDedicatedNodes\": 0,\r\n  \"targetDedicatedNodes\": 0,\r\n  \"currentLowPriorityNodes\": 0,\r\n  \"targetLowPriorityNodes\": 0,\r\n  \"enableAutoScale\": false,\r\n  \"enableInterNodeCommunication\": true,\r\n  \"maxTasksPerNode\": 1,\r\n  \"taskSchedulingPolicy\": {\r\n    \"nodeFillType\": \"Spread\"\r\n  },\r\n  \"cloudServiceConfiguration\": {\r\n    \"osFamily\": \"4\",\r\n    \"targetOSVersion\": \"WA-GUEST-OS-2.51_201605-01\",\r\n    \"currentOSVersion\": \"*\"\r\n  }\r\n}",
      "ResponseHeaders": {
        "Content-Type": [
          "application/json; odata=minimalmetadata"
        ],
        "Last-Modified": [
          "Fri, 06 Oct 2017 03:30:47 GMT"
        ],
        "Transfer-Encoding": [
          "chunked"
        ],
        "request-id": [
          "962a6776-8517-4a5b-b30d-eeabdad29a4a"
        ],
        "Strict-Transport-Security": [
          "max-age=31536000; includeSubDomains"
        ],
        "X-Content-Type-Options": [
          "nosniff"
        ],
        "DataServiceVersion": [
          "3.0"
        ],
        "Date": [
          "Fri, 06 Oct 2017 03:30:47 GMT"
        ],
        "ETag": [
          "0x8D50C6AA2A6DEEC"
        ],
        "Server": [
          "Microsoft-HTTPAPI/2.0"
        ]
      },
      "StatusCode": 200
    },
    {
      "RequestUri": "/pools/changeospool/upgradeos?api-version=2017-09-01.6.0",
      "EncodedRequestUri": "L3Bvb2xzL2NoYW5nZW9zcG9vbC91cGdyYWRlb3M/YXBpLXZlcnNpb249MjAxNy0wOS0wMS42LjA=",
      "RequestMethod": "POST",
      "RequestBody": "{\r\n  \"targetOSVersion\": \"WA-GUEST-OS-2.51_201605-01\"\r\n}",
      "RequestHeaders": {
        "Content-Type": [
          "application/json; odata=minimalmetadata; charset=utf-8"
        ],
        "Content-Length": [
          "55"
        ],
        "client-request-id": [
          "6a2debc3-de21-4be7-9345-c64bb052a59c"
        ],
        "accept-language": [
          "en-US"
        ],
        "ocp-date": [
          "Fri, 06 Oct 2017 03:30:47 GMT"
        ],
        "User-Agent": [
          "FxVersion/4.7.2110.0",
          "OSName/Windows10Enterprise",
          "OSVersion/6.3.15063",
          "Microsoft.Azure.Batch.Protocol.BatchServiceClient/8.0.0.0",
          "AzurePowershell/v4.4.0"
        ]
      },
      "ResponseBody": "",
      "ResponseHeaders": {
        "Last-Modified": [
          "Fri, 06 Oct 2017 03:30:47 GMT"
        ],
        "Transfer-Encoding": [
          "chunked"
        ],
        "request-id": [
          "548c497c-be9f-47f8-815a-dbc7eb2f1a71"
        ],
        "Strict-Transport-Security": [
          "max-age=31536000; includeSubDomains"
        ],
        "X-Content-Type-Options": [
          "nosniff"
        ],
        "DataServiceVersion": [
          "3.0"
        ],
        "DataServiceId": [
          "https://matthchrwestcentralus.westcentralus.batch.azure.com/pools/changeospool/upgradeos"
        ],
        "Date": [
          "Fri, 06 Oct 2017 03:30:47 GMT"
        ],
        "ETag": [
          "0x8D50C6AA2A6DEEC"
        ],
        "Server": [
          "Microsoft-HTTPAPI/2.0"
        ]
      },
      "StatusCode": 202
    },
    {
      "RequestUri": "/pools/changeospool?api-version=2017-09-01.6.0",
      "EncodedRequestUri": "L3Bvb2xzL2NoYW5nZW9zcG9vbD9hcGktdmVyc2lvbj0yMDE3LTA5LTAxLjYuMA==",
      "RequestMethod": "DELETE",
      "RequestBody": "",
      "RequestHeaders": {
        "client-request-id": [
          "2e701631-7323-42fd-9cdc-6af2910a75ad"
        ],
        "accept-language": [
          "en-US"
        ],
        "ocp-date": [
          "Fri, 06 Oct 2017 03:30:47 GMT"
        ],
        "User-Agent": [
          "FxVersion/4.7.2110.0",
          "OSName/Windows10Enterprise",
          "OSVersion/6.3.15063",
          "Microsoft.Azure.Batch.Protocol.BatchServiceClient/8.0.0.0",
          "AzurePowershell/v4.4.0"
        ]
      },
      "ResponseBody": "",
      "ResponseHeaders": {
        "Transfer-Encoding": [
          "chunked"
        ],
        "request-id": [
          "0f08c2c3-e3f0-4f5b-a5fe-c997f767dda4"
        ],
        "Strict-Transport-Security": [
          "max-age=31536000; includeSubDomains"
        ],
        "X-Content-Type-Options": [
          "nosniff"
        ],
        "DataServiceVersion": [
          "3.0"
        ],
        "Date": [
          "Fri, 06 Oct 2017 03:30:47 GMT"
        ],
        "Server": [
          "Microsoft-HTTPAPI/2.0"
        ]
      },
      "StatusCode": 202
    }
  ],
  "Names": {},
  "Variables": {
    "SubscriptionId": "2915bbd6-1252-405f-8173-6c00428146d9",
    "AZURE_BATCH_ACCOUNT": "matthchrwestcentralus",
    "AZURE_BATCH_ENDPOINT": "https://matthchrwestcentralus.westcentralus.batch.azure.com",
    "AZURE_BATCH_RESOURCE_GROUP": "matthchrwestcentralus"
  }
}