{
  "Entries": [
    {
      "RequestUri": "/subscriptions/6368ed38-3570-481f-b4fa-1d0a6e8d3f3b/resources?$filter=resourceType%20eq%20'Microsoft.Batch%2FbatchAccounts'&api-version=2014-04-01-preview",
      "EncodedRequestUri": "L3N1YnNjcmlwdGlvbnMvNjM2OGVkMzgtMzU3MC00ODFmLWI0ZmEtMWQwYTZlOGQzZjNiL3Jlc291cmNlcz8kZmlsdGVyPXJlc291cmNlVHlwZSUyMGVxJTIwJ01pY3Jvc29mdC5CYXRjaCUyRmJhdGNoQWNjb3VudHMnJmFwaS12ZXJzaW9uPTIwMTQtMDQtMDEtcHJldmlldw==",
      "RequestMethod": "GET",
      "RequestBody": "",
      "RequestHeaders": {
        "User-Agent": [
          "Microsoft.Azure.Management.Resources.ResourceManagementClient/2.0.0.0"
        ]
      },
      "ResponseBody": "{\r\n  \"value\": [\r\n    {\r\n      \"id\": \"/subscriptions/6368ed38-3570-481f-b4fa-1d0a6e8d3f3b/resourceGroups/default-azurebatch-eastus/providers/Microsoft.Batch/batchAccounts/pstests\",\r\n      \"name\": \"pstests\",\r\n      \"type\": \"Microsoft.Batch/batchAccounts\",\r\n      \"location\": \"eastus\"\r\n    }\r\n  ]\r\n}",
      "ResponseHeaders": {
        "Content-Length": [
          "237"
        ],
        "Content-Type": [
          "application/json; charset=utf-8"
        ],
        "Expires": [
          "-1"
        ],
        "Pragma": [
          "no-cache"
        ],
        "x-ms-ratelimit-remaining-subscription-reads": [
          "14990"
        ],
        "x-ms-request-id": [
          "463aef61-b6a2-458e-ad97-2d965fc7daba"
        ],
        "x-ms-correlation-request-id": [
          "463aef61-b6a2-458e-ad97-2d965fc7daba"
        ],
        "x-ms-routing-request-id": [
          "WESTUS:20151026T235934Z:463aef61-b6a2-458e-ad97-2d965fc7daba"
        ],
        "Strict-Transport-Security": [
          "max-age=31536000; includeSubDomains"
        ],
        "Cache-Control": [
          "no-cache"
        ],
        "Date": [
          "Mon, 26 Oct 2015 23:59:33 GMT"
        ]
      },
      "StatusCode": 200
    },
    {
      "RequestUri": "/subscriptions/6368ed38-3570-481f-b4fa-1d0a6e8d3f3b/resources?$filter=resourceType%20eq%20'Microsoft.Batch%2FbatchAccounts'&api-version=2014-04-01-preview",
      "EncodedRequestUri": "L3N1YnNjcmlwdGlvbnMvNjM2OGVkMzgtMzU3MC00ODFmLWI0ZmEtMWQwYTZlOGQzZjNiL3Jlc291cmNlcz8kZmlsdGVyPXJlc291cmNlVHlwZSUyMGVxJTIwJ01pY3Jvc29mdC5CYXRjaCUyRmJhdGNoQWNjb3VudHMnJmFwaS12ZXJzaW9uPTIwMTQtMDQtMDEtcHJldmlldw==",
      "RequestMethod": "GET",
      "RequestBody": "",
      "RequestHeaders": {
        "User-Agent": [
          "Microsoft.Azure.Management.Resources.ResourceManagementClient/2.0.0.0"
        ]
      },
      "ResponseBody": "{\r\n  \"value\": [\r\n    {\r\n      \"id\": \"/subscriptions/6368ed38-3570-481f-b4fa-1d0a6e8d3f3b/resourceGroups/default-azurebatch-eastus/providers/Microsoft.Batch/batchAccounts/pstests\",\r\n      \"name\": \"pstests\",\r\n      \"type\": \"Microsoft.Batch/batchAccounts\",\r\n      \"location\": \"eastus\"\r\n    }\r\n  ]\r\n}",
      "ResponseHeaders": {
        "Content-Length": [
          "237"
        ],
        "Content-Type": [
          "application/json; charset=utf-8"
        ],
        "Expires": [
          "-1"
        ],
        "Pragma": [
          "no-cache"
        ],
        "x-ms-ratelimit-remaining-subscription-reads": [
          "14989"
        ],
        "x-ms-request-id": [
          "0617d898-d9d3-4166-adbf-de42860a3459"
        ],
        "x-ms-correlation-request-id": [
          "0617d898-d9d3-4166-adbf-de42860a3459"
        ],
        "x-ms-routing-request-id": [
          "WESTUS:20151026T235938Z:0617d898-d9d3-4166-adbf-de42860a3459"
        ],
        "Strict-Transport-Security": [
          "max-age=31536000; includeSubDomains"
        ],
        "Cache-Control": [
          "no-cache"
        ],
        "Date": [
          "Mon, 26 Oct 2015 23:59:37 GMT"
        ]
      },
      "StatusCode": 200
    },
    {
      "RequestUri": "/subscriptions/6368ed38-3570-481f-b4fa-1d0a6e8d3f3b/resourceGroups/default-azurebatch-eastus/providers/Microsoft.Batch/batchAccounts/pstests?api-version=2015-09-01",
      "EncodedRequestUri": "L3N1YnNjcmlwdGlvbnMvNjM2OGVkMzgtMzU3MC00ODFmLWI0ZmEtMWQwYTZlOGQzZjNiL3Jlc291cmNlR3JvdXBzL2RlZmF1bHQtYXp1cmViYXRjaC1lYXN0dXMvcHJvdmlkZXJzL01pY3Jvc29mdC5CYXRjaC9iYXRjaEFjY291bnRzL3BzdGVzdHM/YXBpLXZlcnNpb249MjAxNS0wOS0wMQ==",
      "RequestMethod": "GET",
      "RequestBody": "",
      "RequestHeaders": {
        "x-ms-version": [
          "2015-09-01"
        ],
        "User-Agent": [
          "Microsoft.Azure.Management.Batch.BatchManagementClient/1.0.0.0"
        ]
      },
      "ResponseBody": "{\r\n  \"name\": \"pstests\",\r\n  \"location\": \"eastus\",\r\n  \"properties\": {\r\n    \"accountEndpoint\": \"pstests.eastus.batch.azure.com\",\r\n    \"provisioningState\": \"Succeeded\",\r\n    \"coreQuota\": 20,\r\n    \"poolQuota\": 20,\r\n    \"activeJobAndJobScheduleQuota\": 20\r\n  },\r\n  \"id\": \"/subscriptions/6368ed38-3570-481f-b4fa-1d0a6e8d3f3b/resourceGroups/default-azurebatch-eastus/providers/Microsoft.Batch/batchAccounts/pstests\",\r\n  \"type\": \"Microsoft.Batch/batchAccounts\"\r\n}",
      "ResponseHeaders": {
        "Content-Length": [
          "387"
        ],
        "Content-Type": [
          "application/json; charset=utf-8"
        ],
        "Expires": [
          "-1"
        ],
        "Last-Modified": [
          "Mon, 26 Oct 2015 23:59:36 GMT"
        ],
        "Pragma": [
          "no-cache"
        ],
        "request-id": [
          "606babd1-e127-4d06-bf05-8cefa39ce19e"
        ],
        "Strict-Transport-Security": [
          "max-age=31536000; includeSubDomains"
        ],
        "x-ms-ratelimit-remaining-subscription-reads": [
          "14988"
        ],
        "x-ms-request-id": [
          "bb8a80fb-213f-43df-bab5-91a8c2954702"
        ],
        "x-ms-correlation-request-id": [
          "bb8a80fb-213f-43df-bab5-91a8c2954702"
        ],
        "x-ms-routing-request-id": [
          "WESTUS:20151026T235935Z:bb8a80fb-213f-43df-bab5-91a8c2954702"
        ],
        "Cache-Control": [
          "no-cache"
        ],
        "Date": [
          "Mon, 26 Oct 2015 23:59:34 GMT"
        ],
        "ETag": [
          "0x8D2DE6180B2AEFD"
        ],
        "Server": [
          "Microsoft-HTTPAPI/2.0"
        ]
      },
      "StatusCode": 200
    },
    {
      "RequestUri": "/subscriptions/6368ed38-3570-481f-b4fa-1d0a6e8d3f3b/resourceGroups/default-azurebatch-eastus/providers/Microsoft.Batch/batchAccounts/pstests?api-version=2015-09-01",
      "EncodedRequestUri": "L3N1YnNjcmlwdGlvbnMvNjM2OGVkMzgtMzU3MC00ODFmLWI0ZmEtMWQwYTZlOGQzZjNiL3Jlc291cmNlR3JvdXBzL2RlZmF1bHQtYXp1cmViYXRjaC1lYXN0dXMvcHJvdmlkZXJzL01pY3Jvc29mdC5CYXRjaC9iYXRjaEFjY291bnRzL3BzdGVzdHM/YXBpLXZlcnNpb249MjAxNS0wOS0wMQ==",
      "RequestMethod": "GET",
      "RequestBody": "",
      "RequestHeaders": {
        "x-ms-version": [
          "2015-09-01"
        ],
        "User-Agent": [
          "Microsoft.Azure.Management.Batch.BatchManagementClient/1.0.0.0"
        ]
      },
      "ResponseBody": "{\r\n  \"name\": \"pstests\",\r\n  \"location\": \"eastus\",\r\n  \"properties\": {\r\n    \"accountEndpoint\": \"pstests.eastus.batch.azure.com\",\r\n    \"provisioningState\": \"Succeeded\",\r\n    \"coreQuota\": 20,\r\n    \"poolQuota\": 20,\r\n    \"activeJobAndJobScheduleQuota\": 20\r\n  },\r\n  \"id\": \"/subscriptions/6368ed38-3570-481f-b4fa-1d0a6e8d3f3b/resourceGroups/default-azurebatch-eastus/providers/Microsoft.Batch/batchAccounts/pstests\",\r\n  \"type\": \"Microsoft.Batch/batchAccounts\"\r\n}",
      "ResponseHeaders": {
        "Content-Length": [
          "387"
        ],
        "Content-Type": [
          "application/json; charset=utf-8"
        ],
        "Expires": [
          "-1"
        ],
        "Last-Modified": [
          "Mon, 26 Oct 2015 23:59:39 GMT"
        ],
        "Pragma": [
          "no-cache"
        ],
        "request-id": [
          "a9f9cd1b-3f1e-47a0-a332-d9edf2bb5ee5"
        ],
        "Strict-Transport-Security": [
          "max-age=31536000; includeSubDomains"
        ],
        "x-ms-ratelimit-remaining-subscription-reads": [
          "14987"
        ],
        "x-ms-request-id": [
          "dc46a871-872d-4d4b-9536-6d89654222e0"
        ],
        "x-ms-correlation-request-id": [
          "dc46a871-872d-4d4b-9536-6d89654222e0"
        ],
        "x-ms-routing-request-id": [
          "WESTUS:20151026T235938Z:dc46a871-872d-4d4b-9536-6d89654222e0"
        ],
        "Cache-Control": [
          "no-cache"
        ],
        "Date": [
          "Mon, 26 Oct 2015 23:59:37 GMT"
        ],
        "ETag": [
          "0x8D2DE61828FDA11"
        ],
        "Server": [
          "Microsoft-HTTPAPI/2.0"
        ]
      },
      "StatusCode": 200
    },
    {
      "RequestUri": "/subscriptions/6368ed38-3570-481f-b4fa-1d0a6e8d3f3b/resourceGroups/default-azurebatch-eastus/providers/Microsoft.Batch/batchAccounts/pstests/listKeys?api-version=2015-09-01",
      "EncodedRequestUri": "L3N1YnNjcmlwdGlvbnMvNjM2OGVkMzgtMzU3MC00ODFmLWI0ZmEtMWQwYTZlOGQzZjNiL3Jlc291cmNlR3JvdXBzL2RlZmF1bHQtYXp1cmViYXRjaC1lYXN0dXMvcHJvdmlkZXJzL01pY3Jvc29mdC5CYXRjaC9iYXRjaEFjY291bnRzL3BzdGVzdHMvbGlzdEtleXM/YXBpLXZlcnNpb249MjAxNS0wOS0wMQ==",
      "RequestMethod": "POST",
      "RequestBody": "",
      "RequestHeaders": {
        "x-ms-version": [
          "2015-09-01"
        ],
        "User-Agent": [
          "Microsoft.Azure.Management.Batch.BatchManagementClient/1.0.0.0"
        ]
      },
      "ResponseBody": "{\r\n  \"accountName\": \"pstests\",\r\n  \"primary\": \"hIsQ4xSEK40UEhQPO1ixIV6kxX2Kd7WldCNgTOWFeYRU5EpnfeS5+ZuPNQZXuDalZYEFlgMZc2TkmF/PIBKhBg==\",\r\n  \"secondary\": \"zkP4SqUquW+Vc9Uwu6iAl/EfvrKiUzWznxunIdvDPGngakhTFrmysae7LEF0EI6BzqPrWHngaKzlsbKoQTcQdQ==\"\r\n}",
      "ResponseHeaders": {
        "Content-Length": [
          "229"
        ],
        "Content-Type": [
          "application/json; charset=utf-8"
        ],
        "Expires": [
          "-1"
        ],
        "Pragma": [
          "no-cache"
        ],
        "request-id": [
          "ae8928c4-5bb5-4c58-b074-c108e55ba43c"
        ],
        "Strict-Transport-Security": [
          "max-age=31536000; includeSubDomains"
        ],
        "x-ms-ratelimit-remaining-subscription-writes": [
          "1193"
        ],
        "x-ms-request-id": [
          "ee9397c7-863e-408d-934c-bc8dce961dee"
        ],
        "x-ms-correlation-request-id": [
          "ee9397c7-863e-408d-934c-bc8dce961dee"
        ],
        "x-ms-routing-request-id": [
          "WESTUS:20151026T235935Z:ee9397c7-863e-408d-934c-bc8dce961dee"
        ],
        "Cache-Control": [
          "no-cache"
        ],
        "Date": [
          "Mon, 26 Oct 2015 23:59:35 GMT"
        ],
        "Server": [
          "Microsoft-HTTPAPI/2.0"
        ]
      },
      "StatusCode": 200
    },
    {
      "RequestUri": "/subscriptions/6368ed38-3570-481f-b4fa-1d0a6e8d3f3b/resourceGroups/default-azurebatch-eastus/providers/Microsoft.Batch/batchAccounts/pstests/listKeys?api-version=2015-09-01",
      "EncodedRequestUri": "L3N1YnNjcmlwdGlvbnMvNjM2OGVkMzgtMzU3MC00ODFmLWI0ZmEtMWQwYTZlOGQzZjNiL3Jlc291cmNlR3JvdXBzL2RlZmF1bHQtYXp1cmViYXRjaC1lYXN0dXMvcHJvdmlkZXJzL01pY3Jvc29mdC5CYXRjaC9iYXRjaEFjY291bnRzL3BzdGVzdHMvbGlzdEtleXM/YXBpLXZlcnNpb249MjAxNS0wOS0wMQ==",
      "RequestMethod": "POST",
      "RequestBody": "",
      "RequestHeaders": {
        "x-ms-version": [
          "2015-09-01"
        ],
        "User-Agent": [
          "Microsoft.Azure.Management.Batch.BatchManagementClient/1.0.0.0"
        ]
      },
      "ResponseBody": "{\r\n  \"accountName\": \"pstests\",\r\n  \"primary\": \"hIsQ4xSEK40UEhQPO1ixIV6kxX2Kd7WldCNgTOWFeYRU5EpnfeS5+ZuPNQZXuDalZYEFlgMZc2TkmF/PIBKhBg==\",\r\n  \"secondary\": \"zkP4SqUquW+Vc9Uwu6iAl/EfvrKiUzWznxunIdvDPGngakhTFrmysae7LEF0EI6BzqPrWHngaKzlsbKoQTcQdQ==\"\r\n}",
      "ResponseHeaders": {
        "Content-Length": [
          "229"
        ],
        "Content-Type": [
          "application/json; charset=utf-8"
        ],
        "Expires": [
          "-1"
        ],
        "Pragma": [
          "no-cache"
        ],
        "request-id": [
          "7fcfd05f-80b3-42d8-99a3-68d62710ceb7"
        ],
        "Strict-Transport-Security": [
          "max-age=31536000; includeSubDomains"
        ],
        "x-ms-ratelimit-remaining-subscription-writes": [
          "1192"
        ],
        "x-ms-request-id": [
          "a0175c30-215c-4e3f-aa8f-2c6cd40ea573"
        ],
        "x-ms-correlation-request-id": [
          "a0175c30-215c-4e3f-aa8f-2c6cd40ea573"
        ],
        "x-ms-routing-request-id": [
          "WESTUS:20151026T235938Z:a0175c30-215c-4e3f-aa8f-2c6cd40ea573"
        ],
        "Cache-Control": [
          "no-cache"
        ],
        "Date": [
          "Mon, 26 Oct 2015 23:59:38 GMT"
        ],
        "Server": [
          "Microsoft-HTTPAPI/2.0"
        ]
      },
      "StatusCode": 200
    },
    {
      "RequestUri": "/pools/testPool?disableautoscale&api-version=2015-06-01.2.0&timeout=30",
      "EncodedRequestUri": "L3Bvb2xzL3Rlc3RQb29sP2Rpc2FibGVhdXRvc2NhbGUmYXBpLXZlcnNpb249MjAxNS0wNi0wMS4yLjAmdGltZW91dD0zMA==",
      "RequestMethod": "POST",
      "RequestBody": "",
      "RequestHeaders": {
        "client-request-id": [
          "88d5228b-9cf5-4743-b34f-708c642829ae"
        ],
        "ocp-date": [
          "Mon, 26 Oct 2015 23:59:35 GMT"
        ],
        "return-client-request-id": [
          "true"
        ],
        "User-Agent": [
          "Microsoft.Azure.Batch.Protocol.BatchRestClient/2.0.2.0",
          "AzBatch/2.0.2.0"
        ]
      },
      "ResponseBody": "",
      "ResponseHeaders": {
        "Last-Modified": [
          "Mon, 26 Oct 2015 23:59:36 GMT"
        ],
        "Transfer-Encoding": [
          "chunked"
        ],
        "request-id": [
          "198289ec-6f31-4222-8a10-0753f68d7245"
        ],
        "Strict-Transport-Security": [
          "max-age=31536000; includeSubDomains"
        ],
        "client-request-id": [
          "88d5228b-9cf5-4743-b34f-708c642829ae"
        ],
        "DataServiceVersion": [
          "3.0"
        ],
        "DataServiceId": [
          "https://pstests.eastus.batch.azure.com/pools/testPool"
        ],
        "Date": [
          "Mon, 26 Oct 2015 23:59:37 GMT"
        ],
        "ETag": [
          "0x8D2DE6180A6780B"
        ],
        "Server": [
          "Microsoft-HTTPAPI/2.0"
        ]
      },
      "StatusCode": 200
    },
    {
      "RequestUri": "/pools/testPool?disableautoscale&api-version=2015-06-01.2.0&timeout=30",
      "EncodedRequestUri": "L3Bvb2xzL3Rlc3RQb29sP2Rpc2FibGVhdXRvc2NhbGUmYXBpLXZlcnNpb249MjAxNS0wNi0wMS4yLjAmdGltZW91dD0zMA==",
      "RequestMethod": "POST",
      "RequestBody": "",
      "RequestHeaders": {
        "client-request-id": [
          "4db1539c-38a2-4b64-99a5-77551a9f4860"
        ],
        "ocp-date": [
          "Mon, 26 Oct 2015 23:59:39 GMT"
        ],
        "return-client-request-id": [
          "true"
        ],
        "User-Agent": [
          "Microsoft.Azure.Batch.Protocol.BatchRestClient/2.0.2.0",
          "AzBatch/2.0.2.0"
        ]
      },
      "ResponseBody": "",
      "ResponseHeaders": {
        "Last-Modified": [
          "Mon, 26 Oct 2015 23:59:40 GMT"
        ],
        "Transfer-Encoding": [
          "chunked"
        ],
        "request-id": [
          "28d6c058-8b0f-4d6d-b5cb-d855b0181230"
        ],
        "Strict-Transport-Security": [
          "max-age=31536000; includeSubDomains"
        ],
        "client-request-id": [
          "4db1539c-38a2-4b64-99a5-77551a9f4860"
        ],
        "DataServiceVersion": [
          "3.0"
        ],
        "DataServiceId": [
          "https://pstests.eastus.batch.azure.com/pools/testPool"
        ],
        "Date": [
          "Mon, 26 Oct 2015 23:59:40 GMT"
        ],
        "ETag": [
          "0x8D2DE6182CCAB20"
        ],
        "Server": [
          "Microsoft-HTTPAPI/2.0"
        ]
      },
      "StatusCode": 200
    },
    {
      "RequestUri": "/pools/testPool?disableautoscale&api-version=2015-06-01.2.0&timeout=30",
      "EncodedRequestUri": "L3Bvb2xzL3Rlc3RQb29sP2Rpc2FibGVhdXRvc2NhbGUmYXBpLXZlcnNpb249MjAxNS0wNi0wMS4yLjAmdGltZW91dD0zMA==",
      "RequestMethod": "POST",
      "RequestBody": "",
      "RequestHeaders": {
        "client-request-id": [
          "4db1539c-38a2-4b64-99a5-77551a9f4860"
        ],
        "ocp-date": [
          "Mon, 26 Oct 2015 23:59:39 GMT"
        ],
        "return-client-request-id": [
          "true"
        ],
        "User-Agent": [
          "Microsoft.Azure.Batch.Protocol.BatchRestClient/2.0.2.0",
          "AzBatch/2.0.2.0"
        ]
      },
      "ResponseBody": "",
      "ResponseHeaders": {
        "Last-Modified": [
          "Mon, 26 Oct 2015 23:59:40 GMT"
        ],
        "Transfer-Encoding": [
          "chunked"
        ],
        "request-id": [
          "28d6c058-8b0f-4d6d-b5cb-d855b0181230"
        ],
        "Strict-Transport-Security": [
          "max-age=31536000; includeSubDomains"
        ],
        "client-request-id": [
          "4db1539c-38a2-4b64-99a5-77551a9f4860"
        ],
        "DataServiceVersion": [
          "3.0"
        ],
        "DataServiceId": [
          "https://pstests.eastus.batch.azure.com/pools/testPool"
        ],
        "Date": [
          "Mon, 26 Oct 2015 23:59:40 GMT"
        ],
        "ETag": [
          "0x8D2DE6182CCAB20"
        ],
        "Server": [
          "Microsoft-HTTPAPI/2.0"
        ]
      },
      "StatusCode": 200
    },
    {
      "RequestUri": "/pools/testPool?disableautoscale&api-version=2015-06-01.2.0&timeout=30",
      "EncodedRequestUri": "L3Bvb2xzL3Rlc3RQb29sP2Rpc2FibGVhdXRvc2NhbGUmYXBpLXZlcnNpb249MjAxNS0wNi0wMS4yLjAmdGltZW91dD0zMA==",
      "RequestMethod": "POST",
      "RequestBody": "",
      "RequestHeaders": {
        "client-request-id": [
          "4db1539c-38a2-4b64-99a5-77551a9f4860"
        ],
        "ocp-date": [
          "Mon, 26 Oct 2015 23:59:39 GMT"
        ],
        "return-client-request-id": [
          "true"
        ],
        "User-Agent": [
          "Microsoft.Azure.Batch.Protocol.BatchRestClient/2.0.2.0",
          "AzBatch/2.0.2.0"
        ]
      },
      "ResponseBody": "",
      "ResponseHeaders": {
        "Last-Modified": [
          "Mon, 26 Oct 2015 23:59:40 GMT"
        ],
        "Transfer-Encoding": [
          "chunked"
        ],
        "request-id": [
          "28d6c058-8b0f-4d6d-b5cb-d855b0181230"
        ],
        "Strict-Transport-Security": [
          "max-age=31536000; includeSubDomains"
        ],
        "client-request-id": [
          "4db1539c-38a2-4b64-99a5-77551a9f4860"
        ],
        "DataServiceVersion": [
          "3.0"
        ],
        "DataServiceId": [
          "https://pstests.eastus.batch.azure.com/pools/testPool"
        ],
        "Date": [
          "Mon, 26 Oct 2015 23:59:40 GMT"
        ],
        "ETag": [
          "0x8D2DE6182CCAB20"
        ],
        "Server": [
          "Microsoft-HTTPAPI/2.0"
        ]
      },
      "StatusCode": 200
    },
    {
      "RequestUri": "/pools/testPool?api-version=2015-06-01.2.0&timeout=30",
      "EncodedRequestUri": "L3Bvb2xzL3Rlc3RQb29sP2FwaS12ZXJzaW9uPTIwMTUtMDYtMDEuMi4wJnRpbWVvdXQ9MzA=",
      "RequestMethod": "GET",
      "RequestBody": "",
      "RequestHeaders": {
        "client-request-id": [
          "1158066c-bf9c-4a31-bca6-00c3436c9910"
        ],
        "ocp-date": [
          "Mon, 26 Oct 2015 23:59:35 GMT"
        ],
        "return-client-request-id": [
          "true"
        ],
        "User-Agent": [
          "Microsoft.Azure.Batch.Protocol.BatchRestClient/2.0.2.0",
          "AzBatch/2.0.2.0"
        ]
      },
      "ResponseBody": "{\r\n  \"odata.metadata\": \"https://pstests.eastus.batch.azure.com/$metadata#pools/@Element\",\r\n  \"id\": \"testPool\",\r\n  \"url\": \"https://pstests.eastus.batch.azure.com/pools/testPool\",\r\n  \"eTag\": \"0x8D2DE6180A6780B\",\r\n  \"lastModified\": \"2015-10-26T23:59:36.4248587Z\",\r\n  \"creationTime\": \"2015-10-26T23:25:49.1746822Z\",\r\n  \"state\": \"active\",\r\n  \"stateTransitionTime\": \"2015-10-26T23:25:49.1746822Z\",\r\n  \"allocationState\": \"steady\",\r\n  \"allocationStateTransitionTime\": \"2015-10-26T23:59:07.3787081Z\",\r\n  \"osFamily\": \"4\",\r\n  \"targetOSVersion\": \"*\",\r\n  \"currentOSVersion\": \"*\",\r\n  \"vmSize\": \"small\",\r\n  \"resizeTimeout\": \"PT2M\",\r\n  \"currentDedicated\": 2,\r\n  \"targetDedicated\": 2,\r\n  \"enableAutoScale\": false,\r\n  \"enableInterNodeCommunication\": false,\r\n  \"startTask\": {\r\n    \"commandLine\": \"cmd /c echo hello\",\r\n    \"runElevated\": false,\r\n    \"maxTaskRetryCount\": 0,\r\n    \"waitForSuccess\": false\r\n  },\r\n  \"maxTasksPerNode\": 1,\r\n  \"taskSchedulingPolicy\": {\r\n    \"nodeFillType\": \"Spread\"\r\n  }\r\n}",
      "ResponseHeaders": {
        "Content-Type": [
          "application/json; odata=minimalmetadata"
        ],
        "Last-Modified": [
          "Mon, 26 Oct 2015 23:59:36 GMT"
        ],
        "Transfer-Encoding": [
          "chunked"
        ],
        "request-id": [
          "4bc21a1d-f120-4a27-940e-e22399151180"
        ],
        "Strict-Transport-Security": [
          "max-age=31536000; includeSubDomains"
        ],
        "client-request-id": [
          "1158066c-bf9c-4a31-bca6-00c3436c9910"
        ],
        "DataServiceVersion": [
          "3.0"
        ],
        "Date": [
          "Mon, 26 Oct 2015 23:59:37 GMT"
        ],
        "ETag": [
          "0x8D2DE6180A6780B"
        ],
        "Server": [
          "Microsoft-HTTPAPI/2.0"
        ]
      },
      "StatusCode": 200
    },
    {
      "RequestUri": "/pools/testPool?api-version=2015-06-01.2.0&timeout=30",
      "EncodedRequestUri": "L3Bvb2xzL3Rlc3RQb29sP2FwaS12ZXJzaW9uPTIwMTUtMDYtMDEuMi4wJnRpbWVvdXQ9MzA=",
      "RequestMethod": "GET",
      "RequestBody": "",
      "RequestHeaders": {
        "client-request-id": [
          "1158066c-bf9c-4a31-bca6-00c3436c9910"
        ],
        "ocp-date": [
          "Mon, 26 Oct 2015 23:59:35 GMT"
        ],
        "return-client-request-id": [
          "true"
        ],
        "User-Agent": [
          "Microsoft.Azure.Batch.Protocol.BatchRestClient/2.0.2.0",
          "AzBatch/2.0.2.0"
        ]
      },
      "ResponseBody": "{\r\n  \"odata.metadata\": \"https://pstests.eastus.batch.azure.com/$metadata#pools/@Element\",\r\n  \"id\": \"testPool\",\r\n  \"url\": \"https://pstests.eastus.batch.azure.com/pools/testPool\",\r\n  \"eTag\": \"0x8D2DE6180A6780B\",\r\n  \"lastModified\": \"2015-10-26T23:59:36.4248587Z\",\r\n  \"creationTime\": \"2015-10-26T23:25:49.1746822Z\",\r\n  \"state\": \"active\",\r\n  \"stateTransitionTime\": \"2015-10-26T23:25:49.1746822Z\",\r\n  \"allocationState\": \"steady\",\r\n  \"allocationStateTransitionTime\": \"2015-10-26T23:59:07.3787081Z\",\r\n  \"osFamily\": \"4\",\r\n  \"targetOSVersion\": \"*\",\r\n  \"currentOSVersion\": \"*\",\r\n  \"vmSize\": \"small\",\r\n  \"resizeTimeout\": \"PT2M\",\r\n  \"currentDedicated\": 2,\r\n  \"targetDedicated\": 2,\r\n  \"enableAutoScale\": false,\r\n  \"enableInterNodeCommunication\": false,\r\n  \"startTask\": {\r\n    \"commandLine\": \"cmd /c echo hello\",\r\n    \"runElevated\": false,\r\n    \"maxTaskRetryCount\": 0,\r\n    \"waitForSuccess\": false\r\n  },\r\n  \"maxTasksPerNode\": 1,\r\n  \"taskSchedulingPolicy\": {\r\n    \"nodeFillType\": \"Spread\"\r\n  }\r\n}",
      "ResponseHeaders": {
        "Content-Type": [
          "application/json; odata=minimalmetadata"
        ],
        "Last-Modified": [
          "Mon, 26 Oct 2015 23:59:36 GMT"
        ],
        "Transfer-Encoding": [
          "chunked"
        ],
        "request-id": [
          "4bc21a1d-f120-4a27-940e-e22399151180"
        ],
        "Strict-Transport-Security": [
          "max-age=31536000; includeSubDomains"
        ],
        "client-request-id": [
          "1158066c-bf9c-4a31-bca6-00c3436c9910"
        ],
        "DataServiceVersion": [
          "3.0"
        ],
        "Date": [
          "Mon, 26 Oct 2015 23:59:37 GMT"
        ],
        "ETag": [
          "0x8D2DE6180A6780B"
        ],
        "Server": [
          "Microsoft-HTTPAPI/2.0"
        ]
      },
      "StatusCode": 200
    },
    {
      "RequestUri": "/pools/testPool?api-version=2015-06-01.2.0&timeout=30",
      "EncodedRequestUri": "L3Bvb2xzL3Rlc3RQb29sP2FwaS12ZXJzaW9uPTIwMTUtMDYtMDEuMi4wJnRpbWVvdXQ9MzA=",
      "RequestMethod": "GET",
      "RequestBody": "",
      "RequestHeaders": {
        "client-request-id": [
          "da146589-a94f-48e2-b3c4-a8699173e92b"
        ],
        "ocp-date": [
          "Mon, 26 Oct 2015 23:59:38 GMT"
        ],
        "return-client-request-id": [
          "true"
        ],
        "User-Agent": [
          "Microsoft.Azure.Batch.Protocol.BatchRestClient/2.0.2.0",
          "AzBatch/2.0.2.0"
        ]
      },
      "ResponseBody": "{\r\n  \"odata.metadata\": \"https://pstests.eastus.batch.azure.com/$metadata#pools/@Element\",\r\n  \"id\": \"testPool\",\r\n  \"url\": \"https://pstests.eastus.batch.azure.com/pools/testPool\",\r\n  \"eTag\": \"0x8D2DE6180A6780B\",\r\n  \"lastModified\": \"2015-10-26T23:59:36.4248587Z\",\r\n  \"creationTime\": \"2015-10-26T23:25:49.1746822Z\",\r\n  \"state\": \"active\",\r\n  \"stateTransitionTime\": \"2015-10-26T23:25:49.1746822Z\",\r\n  \"allocationState\": \"steady\",\r\n  \"allocationStateTransitionTime\": \"2015-10-26T23:59:07.3787081Z\",\r\n  \"osFamily\": \"4\",\r\n  \"targetOSVersion\": \"*\",\r\n  \"currentOSVersion\": \"*\",\r\n  \"vmSize\": \"small\",\r\n  \"resizeTimeout\": \"PT2M\",\r\n  \"currentDedicated\": 2,\r\n  \"targetDedicated\": 2,\r\n  \"enableAutoScale\": false,\r\n  \"enableInterNodeCommunication\": false,\r\n  \"startTask\": {\r\n    \"commandLine\": \"cmd /c echo hello\",\r\n    \"runElevated\": false,\r\n    \"maxTaskRetryCount\": 0,\r\n    \"waitForSuccess\": false\r\n  },\r\n  \"maxTasksPerNode\": 1,\r\n  \"taskSchedulingPolicy\": {\r\n    \"nodeFillType\": \"Spread\"\r\n  }\r\n}",
      "ResponseHeaders": {
        "Content-Type": [
          "application/json; odata=minimalmetadata"
        ],
        "Last-Modified": [
          "Mon, 26 Oct 2015 23:59:36 GMT"
        ],
        "Transfer-Encoding": [
          "chunked"
        ],
        "request-id": [
          "cb954726-13f7-4397-9fa6-55874159941e"
        ],
        "Strict-Transport-Security": [
          "max-age=31536000; includeSubDomains"
        ],
        "client-request-id": [
          "da146589-a94f-48e2-b3c4-a8699173e92b"
        ],
        "DataServiceVersion": [
          "3.0"
        ],
        "Date": [
          "Mon, 26 Oct 2015 23:59:39 GMT"
        ],
        "ETag": [
          "0x8D2DE6180A6780B"
        ],
        "Server": [
          "Microsoft-HTTPAPI/2.0"
        ]
      },
      "StatusCode": 200
    },
    {
      "RequestUri": "/pools/testPool?enableautoscale&api-version=2015-06-01.2.0&timeout=30",
      "EncodedRequestUri": "L3Bvb2xzL3Rlc3RQb29sP2VuYWJsZWF1dG9zY2FsZSZhcGktdmVyc2lvbj0yMDE1LTA2LTAxLjIuMCZ0aW1lb3V0PTMw",
      "RequestMethod": "POST",
      "RequestBody": "{\r\n  \"autoScaleFormula\": \"$TargetDedicated=2\"\r\n}",
      "RequestHeaders": {
        "Content-Type": [
          "application/json; odata=minimalmetadata"
        ],
        "Content-Length": [
          "48"
        ],
        "client-request-id": [
          "a693b3b8-e6ea-4bec-8697-1a61d4c467be"
        ],
        "ocp-date": [
          "Mon, 26 Oct 2015 23:59:38 GMT"
        ],
        "return-client-request-id": [
          "true"
        ],
        "User-Agent": [
          "Microsoft.Azure.Batch.Protocol.BatchRestClient/2.0.2.0",
          "AzBatch/2.0.2.0"
        ]
      },
      "ResponseBody": "",
      "ResponseHeaders": {
        "Last-Modified": [
          "Mon, 26 Oct 2015 23:59:39 GMT"
        ],
        "Transfer-Encoding": [
          "chunked"
        ],
        "request-id": [
          "8be3ee72-a035-41f7-9bf7-25c9d5312e3d"
        ],
        "Strict-Transport-Security": [
          "max-age=31536000; includeSubDomains"
        ],
        "client-request-id": [
          "a693b3b8-e6ea-4bec-8697-1a61d4c467be"
        ],
        "DataServiceVersion": [
          "3.0"
        ],
        "DataServiceId": [
          "https://pstests.eastus.batch.azure.com/pools/testPool"
        ],
        "Date": [
          "Mon, 26 Oct 2015 23:59:39 GMT"
        ],
        "ETag": [
          "0x8D2DE61829E4821"
        ],
        "Server": [
          "Microsoft-HTTPAPI/2.0"
        ]
      },
      "StatusCode": 200
    },
    {
      "RequestUri": "/pools/testPool?enableautoscale&api-version=2015-06-01.2.0&timeout=30",
      "EncodedRequestUri": "L3Bvb2xzL3Rlc3RQb29sP2VuYWJsZWF1dG9zY2FsZSZhcGktdmVyc2lvbj0yMDE1LTA2LTAxLjIuMCZ0aW1lb3V0PTMw",
      "RequestMethod": "POST",
      "RequestBody": "{\r\n  \"autoScaleFormula\": \"$TargetDedicated=2\"\r\n}",
      "RequestHeaders": {
        "Content-Type": [
          "application/json; odata=minimalmetadata"
        ],
        "Content-Length": [
          "48"
        ],
        "client-request-id": [
          "a693b3b8-e6ea-4bec-8697-1a61d4c467be"
        ],
        "ocp-date": [
          "Mon, 26 Oct 2015 23:59:38 GMT"
        ],
        "return-client-request-id": [
          "true"
        ],
        "User-Agent": [
          "Microsoft.Azure.Batch.Protocol.BatchRestClient/2.0.2.0",
          "AzBatch/2.0.2.0"
        ]
      },
      "ResponseBody": "",
      "ResponseHeaders": {
        "Last-Modified": [
          "Mon, 26 Oct 2015 23:59:39 GMT"
        ],
        "Transfer-Encoding": [
          "chunked"
        ],
        "request-id": [
          "8be3ee72-a035-41f7-9bf7-25c9d5312e3d"
        ],
        "Strict-Transport-Security": [
          "max-age=31536000; includeSubDomains"
        ],
        "client-request-id": [
          "a693b3b8-e6ea-4bec-8697-1a61d4c467be"
        ],
        "DataServiceVersion": [
          "3.0"
        ],
        "DataServiceId": [
          "https://pstests.eastus.batch.azure.com/pools/testPool"
        ],
        "Date": [
          "Mon, 26 Oct 2015 23:59:39 GMT"
        ],
        "ETag": [
          "0x8D2DE61829E4821"
        ],
        "Server": [
          "Microsoft-HTTPAPI/2.0"
        ]
      },
      "StatusCode": 200
    },
    {
      "RequestUri": "/pools?$filter=id%20eq%20'testPool'&api-version=2015-06-01.2.0&timeout=30",
      "EncodedRequestUri": "L3Bvb2xzPyRmaWx0ZXI9aWQlMjBlcSUyMCUyN3Rlc3RQb29sJTI3JmFwaS12ZXJzaW9uPTIwMTUtMDYtMDEuMi4wJnRpbWVvdXQ9MzA=",
      "RequestMethod": "GET",
      "RequestBody": "",
      "RequestHeaders": {
        "client-request-id": [
          "570a7c10-a3c4-47dd-abe3-1ea9148f5b25"
        ],
        "ocp-date": [
          "Mon, 26 Oct 2015 23:59:39 GMT"
        ],
        "return-client-request-id": [
          "true"
        ],
        "User-Agent": [
          "Microsoft.Azure.Batch.Protocol.BatchRestClient/2.0.2.0",
          "AzBatch/2.0.2.0"
        ]
      },
      "ResponseBody": "{\r\n  \"odata.metadata\": \"https://pstests.eastus.batch.azure.com/$metadata#pools\",\r\n  \"value\": [\r\n    {\r\n      \"id\": \"testPool\",\r\n      \"url\": \"https://pstests.eastus.batch.azure.com/pools/testPool\",\r\n      \"eTag\": \"0x8D2DE61829E4821\",\r\n      \"lastModified\": \"2015-10-26T23:59:39.7266465Z\",\r\n      \"creationTime\": \"2015-10-26T23:25:49.1746822Z\",\r\n      \"state\": \"active\",\r\n      \"stateTransitionTime\": \"2015-10-26T23:25:49.1746822Z\",\r\n      \"allocationState\": \"resizing\",\r\n      \"allocationStateTransitionTime\": \"2015-10-26T23:59:39.7266465Z\",\r\n      \"osFamily\": \"4\",\r\n      \"targetOSVersion\": \"*\",\r\n      \"currentOSVersion\": \"*\",\r\n      \"vmSize\": \"small\",\r\n      \"resizeTimeout\": \"PT1H\",\r\n      \"currentDedicated\": 4,\r\n      \"targetDedicated\": 2,\r\n      \"enableAutoScale\": true,\r\n      \"autoScaleFormula\": \"$TargetDedicated=2\",\r\n      \"autoScaleRun\": {\r\n        \"timestamp\": \"2015-10-26T23:59:39.7266465Z\",\r\n        \"results\": \"$TargetDedicated=2;$NodeDeallocationOption=requeue\"\r\n      },\r\n      \"enableInterNodeCommunication\": false,\r\n      \"startTask\": {\r\n        \"commandLine\": \"cmd /c echo hello\",\r\n        \"runElevated\": false,\r\n        \"maxTaskRetryCount\": 0,\r\n        \"waitForSuccess\": false\r\n      },\r\n      \"maxTasksPerNode\": 1,\r\n      \"taskSchedulingPolicy\": {\r\n        \"nodeFillType\": \"Spread\"\r\n      }\r\n    }\r\n  ]\r\n}",
      "ResponseHeaders": {
        "Content-Type": [
          "application/json; odata=minimalmetadata"
        ],
        "Transfer-Encoding": [
          "chunked"
        ],
        "request-id": [
          "5e8145ca-9f51-497f-9df9-fc53909473e9"
        ],
        "Strict-Transport-Security": [
          "max-age=31536000; includeSubDomains"
        ],
        "client-request-id": [
          "570a7c10-a3c4-47dd-abe3-1ea9148f5b25"
        ],
        "DataServiceVersion": [
          "3.0"
        ],
        "Date": [
          "Mon, 26 Oct 2015 23:59:40 GMT"
        ],
        "Server": [
          "Microsoft-HTTPAPI/2.0"
        ]
      },
      "StatusCode": 200
    },
    {
      "RequestUri": "/pools?$filter=id%20eq%20'testPool'&api-version=2015-06-01.2.0&timeout=30",
      "EncodedRequestUri": "L3Bvb2xzPyRmaWx0ZXI9aWQlMjBlcSUyMCUyN3Rlc3RQb29sJTI3JmFwaS12ZXJzaW9uPTIwMTUtMDYtMDEuMi4wJnRpbWVvdXQ9MzA=",
      "RequestMethod": "GET",
      "RequestBody": "",
      "RequestHeaders": {
        "client-request-id": [
          "570a7c10-a3c4-47dd-abe3-1ea9148f5b25"
        ],
        "ocp-date": [
          "Mon, 26 Oct 2015 23:59:39 GMT"
        ],
        "return-client-request-id": [
          "true"
        ],
        "User-Agent": [
          "Microsoft.Azure.Batch.Protocol.BatchRestClient/2.0.2.0",
          "AzBatch/2.0.2.0"
        ]
      },
      "ResponseBody": "{\r\n  \"odata.metadata\": \"https://pstests.eastus.batch.azure.com/$metadata#pools\",\r\n  \"value\": [\r\n    {\r\n      \"id\": \"testPool\",\r\n      \"url\": \"https://pstests.eastus.batch.azure.com/pools/testPool\",\r\n      \"eTag\": \"0x8D2DE61829E4821\",\r\n      \"lastModified\": \"2015-10-26T23:59:39.7266465Z\",\r\n      \"creationTime\": \"2015-10-26T23:25:49.1746822Z\",\r\n      \"state\": \"active\",\r\n      \"stateTransitionTime\": \"2015-10-26T23:25:49.1746822Z\",\r\n      \"allocationState\": \"resizing\",\r\n      \"allocationStateTransitionTime\": \"2015-10-26T23:59:39.7266465Z\",\r\n      \"osFamily\": \"4\",\r\n      \"targetOSVersion\": \"*\",\r\n      \"currentOSVersion\": \"*\",\r\n      \"vmSize\": \"small\",\r\n      \"resizeTimeout\": \"PT1H\",\r\n      \"currentDedicated\": 4,\r\n      \"targetDedicated\": 2,\r\n      \"enableAutoScale\": true,\r\n      \"autoScaleFormula\": \"$TargetDedicated=2\",\r\n      \"autoScaleRun\": {\r\n        \"timestamp\": \"2015-10-26T23:59:39.7266465Z\",\r\n        \"results\": \"$TargetDedicated=2;$NodeDeallocationOption=requeue\"\r\n      },\r\n      \"enableInterNodeCommunication\": false,\r\n      \"startTask\": {\r\n        \"commandLine\": \"cmd /c echo hello\",\r\n        \"runElevated\": false,\r\n        \"maxTaskRetryCount\": 0,\r\n        \"waitForSuccess\": false\r\n      },\r\n      \"maxTasksPerNode\": 1,\r\n      \"taskSchedulingPolicy\": {\r\n        \"nodeFillType\": \"Spread\"\r\n      }\r\n    }\r\n  ]\r\n}",
      "ResponseHeaders": {
        "Content-Type": [
          "application/json; odata=minimalmetadata"
        ],
        "Transfer-Encoding": [
          "chunked"
        ],
        "request-id": [
          "5e8145ca-9f51-497f-9df9-fc53909473e9"
        ],
        "Strict-Transport-Security": [
          "max-age=31536000; includeSubDomains"
        ],
        "client-request-id": [
          "570a7c10-a3c4-47dd-abe3-1ea9148f5b25"
        ],
        "DataServiceVersion": [
          "3.0"
        ],
        "Date": [
          "Mon, 26 Oct 2015 23:59:40 GMT"
        ],
        "Server": [
          "Microsoft-HTTPAPI/2.0"
        ]
      },
      "StatusCode": 200
    },
    {
      "RequestUri": "/pools?$filter=id%20eq%20'testPool'&api-version=2015-06-01.2.0&timeout=30",
      "EncodedRequestUri": "L3Bvb2xzPyRmaWx0ZXI9aWQlMjBlcSUyMCUyN3Rlc3RQb29sJTI3JmFwaS12ZXJzaW9uPTIwMTUtMDYtMDEuMi4wJnRpbWVvdXQ9MzA=",
      "RequestMethod": "GET",
      "RequestBody": "",
      "RequestHeaders": {
        "client-request-id": [
          "570a7c10-a3c4-47dd-abe3-1ea9148f5b25"
        ],
        "ocp-date": [
          "Mon, 26 Oct 2015 23:59:39 GMT"
        ],
        "return-client-request-id": [
          "true"
        ],
        "User-Agent": [
          "Microsoft.Azure.Batch.Protocol.BatchRestClient/2.0.2.0",
          "AzBatch/2.0.2.0"
        ]
      },
      "ResponseBody": "{\r\n  \"odata.metadata\": \"https://pstests.eastus.batch.azure.com/$metadata#pools\",\r\n  \"value\": [\r\n    {\r\n      \"id\": \"testPool\",\r\n      \"url\": \"https://pstests.eastus.batch.azure.com/pools/testPool\",\r\n      \"eTag\": \"0x8D2DE61829E4821\",\r\n      \"lastModified\": \"2015-10-26T23:59:39.7266465Z\",\r\n      \"creationTime\": \"2015-10-26T23:25:49.1746822Z\",\r\n      \"state\": \"active\",\r\n      \"stateTransitionTime\": \"2015-10-26T23:25:49.1746822Z\",\r\n      \"allocationState\": \"resizing\",\r\n      \"allocationStateTransitionTime\": \"2015-10-26T23:59:39.7266465Z\",\r\n      \"osFamily\": \"4\",\r\n      \"targetOSVersion\": \"*\",\r\n      \"currentOSVersion\": \"*\",\r\n      \"vmSize\": \"small\",\r\n      \"resizeTimeout\": \"PT1H\",\r\n      \"currentDedicated\": 4,\r\n      \"targetDedicated\": 2,\r\n      \"enableAutoScale\": true,\r\n      \"autoScaleFormula\": \"$TargetDedicated=2\",\r\n      \"autoScaleRun\": {\r\n        \"timestamp\": \"2015-10-26T23:59:39.7266465Z\",\r\n        \"results\": \"$TargetDedicated=2;$NodeDeallocationOption=requeue\"\r\n      },\r\n      \"enableInterNodeCommunication\": false,\r\n      \"startTask\": {\r\n        \"commandLine\": \"cmd /c echo hello\",\r\n        \"runElevated\": false,\r\n        \"maxTaskRetryCount\": 0,\r\n        \"waitForSuccess\": false\r\n      },\r\n      \"maxTasksPerNode\": 1,\r\n      \"taskSchedulingPolicy\": {\r\n        \"nodeFillType\": \"Spread\"\r\n      }\r\n    }\r\n  ]\r\n}",
      "ResponseHeaders": {
        "Content-Type": [
          "application/json; odata=minimalmetadata"
        ],
        "Transfer-Encoding": [
          "chunked"
        ],
        "request-id": [
          "5e8145ca-9f51-497f-9df9-fc53909473e9"
        ],
        "Strict-Transport-Security": [
          "max-age=31536000; includeSubDomains"
        ],
        "client-request-id": [
          "570a7c10-a3c4-47dd-abe3-1ea9148f5b25"
        ],
        "DataServiceVersion": [
          "3.0"
        ],
        "Date": [
          "Mon, 26 Oct 2015 23:59:40 GMT"
        ],
        "Server": [
          "Microsoft-HTTPAPI/2.0"
        ]
      },
      "StatusCode": 200
    }
  ],
  "Names": {},
  "Variables": {
    "SubscriptionId": "6368ed38-3570-481f-b4fa-1d0a6e8d3f3b"
  }
}