{
  "Entries": [
    {
      "RequestUri": "/subscriptions/6368ed38-3570-481f-b4fa-1d0a6e8d3f3b/resources?$filter=resourceType%20eq%20'Microsoft.Batch%2FbatchAccounts'&api-version=2014-04-01-preview",
      "EncodedRequestUri": "L3N1YnNjcmlwdGlvbnMvNjM2OGVkMzgtMzU3MC00ODFmLWI0ZmEtMWQwYTZlOGQzZjNiL3Jlc291cmNlcz8kZmlsdGVyPXJlc291cmNlVHlwZSUyMGVxJTIwJ01pY3Jvc29mdC5CYXRjaCUyRmJhdGNoQWNjb3VudHMnJmFwaS12ZXJzaW9uPTIwMTQtMDQtMDEtcHJldmlldw==",
      "RequestMethod": "GET",
      "RequestBody": "",
      "RequestHeaders": {
        "User-Agent": [
          "Microsoft.Azure.Management.Resources.ResourceManagementClient/2.0.0.0"
        ]
      },
      "ResponseBody": "{\r\n  \"value\": [\r\n    {\r\n      \"id\": \"/subscriptions/6368ed38-3570-481f-b4fa-1d0a6e8d3f3b/resourceGroups/default-azurebatch-eastus/providers/Microsoft.Batch/batchAccounts/pstests\",\r\n      \"name\": \"pstests\",\r\n      \"type\": \"Microsoft.Batch/batchAccounts\",\r\n      \"location\": \"eastus\"\r\n    }\r\n  ]\r\n}",
      "ResponseHeaders": {
        "Content-Length": [
          "237"
        ],
        "Content-Type": [
          "application/json; charset=utf-8"
        ],
        "Expires": [
          "-1"
        ],
        "Pragma": [
          "no-cache"
        ],
        "x-ms-ratelimit-remaining-subscription-reads": [
          "14999"
        ],
        "x-ms-request-id": [
          "9df1247d-35f2-4573-969c-3e487591ae62"
        ],
        "x-ms-correlation-request-id": [
          "9df1247d-35f2-4573-969c-3e487591ae62"
        ],
        "x-ms-routing-request-id": [
          "WESTUS:20151027T155951Z:9df1247d-35f2-4573-969c-3e487591ae62"
        ],
        "Strict-Transport-Security": [
          "max-age=31536000; includeSubDomains"
        ],
        "Cache-Control": [
          "no-cache"
        ],
        "Date": [
          "Tue, 27 Oct 2015 15:59:51 GMT"
        ]
      },
      "StatusCode": 200
    },
    {
      "RequestUri": "/subscriptions/6368ed38-3570-481f-b4fa-1d0a6e8d3f3b/resources?$filter=resourceType%20eq%20'Microsoft.Batch%2FbatchAccounts'&api-version=2014-04-01-preview",
      "EncodedRequestUri": "L3N1YnNjcmlwdGlvbnMvNjM2OGVkMzgtMzU3MC00ODFmLWI0ZmEtMWQwYTZlOGQzZjNiL3Jlc291cmNlcz8kZmlsdGVyPXJlc291cmNlVHlwZSUyMGVxJTIwJ01pY3Jvc29mdC5CYXRjaCUyRmJhdGNoQWNjb3VudHMnJmFwaS12ZXJzaW9uPTIwMTQtMDQtMDEtcHJldmlldw==",
      "RequestMethod": "GET",
      "RequestBody": "",
      "RequestHeaders": {
        "User-Agent": [
          "Microsoft.Azure.Management.Resources.ResourceManagementClient/2.0.0.0"
        ]
      },
      "ResponseBody": "{\r\n  \"value\": [\r\n    {\r\n      \"id\": \"/subscriptions/6368ed38-3570-481f-b4fa-1d0a6e8d3f3b/resourceGroups/default-azurebatch-eastus/providers/Microsoft.Batch/batchAccounts/pstests\",\r\n      \"name\": \"pstests\",\r\n      \"type\": \"Microsoft.Batch/batchAccounts\",\r\n      \"location\": \"eastus\"\r\n    }\r\n  ]\r\n}",
      "ResponseHeaders": {
        "Content-Length": [
          "237"
        ],
        "Content-Type": [
          "application/json; charset=utf-8"
        ],
        "Expires": [
          "-1"
        ],
        "Pragma": [
          "no-cache"
        ],
        "x-ms-ratelimit-remaining-subscription-reads": [
          "14998"
        ],
        "x-ms-request-id": [
          "d1db54dd-8ff9-4f7c-a584-866f473121c0"
        ],
        "x-ms-correlation-request-id": [
          "d1db54dd-8ff9-4f7c-a584-866f473121c0"
        ],
        "x-ms-routing-request-id": [
          "WESTUS:20151027T160001Z:d1db54dd-8ff9-4f7c-a584-866f473121c0"
        ],
        "Strict-Transport-Security": [
          "max-age=31536000; includeSubDomains"
        ],
        "Cache-Control": [
          "no-cache"
        ],
        "Date": [
          "Tue, 27 Oct 2015 16:00:01 GMT"
        ]
      },
      "StatusCode": 200
    },
    {
      "RequestUri": "/subscriptions/6368ed38-3570-481f-b4fa-1d0a6e8d3f3b/resourceGroups/default-azurebatch-eastus/providers/Microsoft.Batch/batchAccounts/pstests?api-version=2015-09-01",
      "EncodedRequestUri": "L3N1YnNjcmlwdGlvbnMvNjM2OGVkMzgtMzU3MC00ODFmLWI0ZmEtMWQwYTZlOGQzZjNiL3Jlc291cmNlR3JvdXBzL2RlZmF1bHQtYXp1cmViYXRjaC1lYXN0dXMvcHJvdmlkZXJzL01pY3Jvc29mdC5CYXRjaC9iYXRjaEFjY291bnRzL3BzdGVzdHM/YXBpLXZlcnNpb249MjAxNS0wOS0wMQ==",
      "RequestMethod": "GET",
      "RequestBody": "",
      "RequestHeaders": {
        "x-ms-version": [
          "2015-09-01"
        ],
        "User-Agent": [
          "Microsoft.Azure.Management.Batch.BatchManagementClient/1.0.0.0"
        ]
      },
      "ResponseBody": "{\r\n  \"name\": \"pstests\",\r\n  \"location\": \"eastus\",\r\n  \"properties\": {\r\n    \"accountEndpoint\": \"pstests.eastus.batch.azure.com\",\r\n    \"provisioningState\": \"Succeeded\",\r\n    \"coreQuota\": 20,\r\n    \"poolQuota\": 20,\r\n    \"activeJobAndJobScheduleQuota\": 20\r\n  },\r\n  \"id\": \"/subscriptions/6368ed38-3570-481f-b4fa-1d0a6e8d3f3b/resourceGroups/default-azurebatch-eastus/providers/Microsoft.Batch/batchAccounts/pstests\",\r\n  \"type\": \"Microsoft.Batch/batchAccounts\"\r\n}",
      "ResponseHeaders": {
        "Content-Length": [
          "387"
        ],
        "Content-Type": [
          "application/json; charset=utf-8"
        ],
        "Expires": [
          "-1"
        ],
        "Last-Modified": [
          "Tue, 27 Oct 2015 15:59:53 GMT"
        ],
        "Pragma": [
          "no-cache"
        ],
        "request-id": [
          "fc390c1a-174a-4684-aedb-0539aaae0fc8"
        ],
        "Strict-Transport-Security": [
          "max-age=31536000; includeSubDomains"
        ],
        "x-ms-ratelimit-remaining-subscription-reads": [
          "14999"
        ],
        "x-ms-request-id": [
          "462a3d86-4046-49f1-a3be-3113d5bc2fd2"
        ],
        "x-ms-correlation-request-id": [
          "462a3d86-4046-49f1-a3be-3113d5bc2fd2"
        ],
        "x-ms-routing-request-id": [
          "WESTUS:20151027T155953Z:462a3d86-4046-49f1-a3be-3113d5bc2fd2"
        ],
        "Cache-Control": [
          "no-cache"
        ],
        "Date": [
          "Tue, 27 Oct 2015 15:59:52 GMT"
        ],
        "ETag": [
          "0x8D2DEE7A6F9841E"
        ],
        "Server": [
          "Microsoft-HTTPAPI/2.0"
        ]
      },
      "StatusCode": 200
    },
    {
      "RequestUri": "/subscriptions/6368ed38-3570-481f-b4fa-1d0a6e8d3f3b/resourceGroups/default-azurebatch-eastus/providers/Microsoft.Batch/batchAccounts/pstests?api-version=2015-09-01",
      "EncodedRequestUri": "L3N1YnNjcmlwdGlvbnMvNjM2OGVkMzgtMzU3MC00ODFmLWI0ZmEtMWQwYTZlOGQzZjNiL3Jlc291cmNlR3JvdXBzL2RlZmF1bHQtYXp1cmViYXRjaC1lYXN0dXMvcHJvdmlkZXJzL01pY3Jvc29mdC5CYXRjaC9iYXRjaEFjY291bnRzL3BzdGVzdHM/YXBpLXZlcnNpb249MjAxNS0wOS0wMQ==",
      "RequestMethod": "GET",
      "RequestBody": "",
      "RequestHeaders": {
        "x-ms-version": [
          "2015-09-01"
        ],
        "User-Agent": [
          "Microsoft.Azure.Management.Batch.BatchManagementClient/1.0.0.0"
        ]
      },
      "ResponseBody": "{\r\n  \"name\": \"pstests\",\r\n  \"location\": \"eastus\",\r\n  \"properties\": {\r\n    \"accountEndpoint\": \"pstests.eastus.batch.azure.com\",\r\n    \"provisioningState\": \"Succeeded\",\r\n    \"coreQuota\": 20,\r\n    \"poolQuota\": 20,\r\n    \"activeJobAndJobScheduleQuota\": 20\r\n  },\r\n  \"id\": \"/subscriptions/6368ed38-3570-481f-b4fa-1d0a6e8d3f3b/resourceGroups/default-azurebatch-eastus/providers/Microsoft.Batch/batchAccounts/pstests\",\r\n  \"type\": \"Microsoft.Batch/batchAccounts\"\r\n}",
      "ResponseHeaders": {
        "Content-Length": [
          "387"
        ],
        "Content-Type": [
          "application/json; charset=utf-8"
        ],
        "Expires": [
          "-1"
        ],
        "Last-Modified": [
          "Tue, 27 Oct 2015 16:00:01 GMT"
        ],
        "Pragma": [
          "no-cache"
        ],
        "request-id": [
          "caf4c3dd-fafe-4f36-a939-20122ec23053"
        ],
        "Strict-Transport-Security": [
          "max-age=31536000; includeSubDomains"
        ],
        "x-ms-ratelimit-remaining-subscription-reads": [
          "14998"
        ],
        "x-ms-request-id": [
          "97fbdd66-2c38-4564-a50a-236ee550638d"
        ],
        "x-ms-correlation-request-id": [
          "97fbdd66-2c38-4564-a50a-236ee550638d"
        ],
        "x-ms-routing-request-id": [
          "WESTUS:20151027T160001Z:97fbdd66-2c38-4564-a50a-236ee550638d"
        ],
        "Cache-Control": [
          "no-cache"
        ],
        "Date": [
          "Tue, 27 Oct 2015 16:00:01 GMT"
        ],
        "ETag": [
          "0x8D2DEE7AC139657"
        ],
        "Server": [
          "Microsoft-HTTPAPI/2.0"
        ]
      },
      "StatusCode": 200
    },
    {
      "RequestUri": "/subscriptions/6368ed38-3570-481f-b4fa-1d0a6e8d3f3b/resourceGroups/default-azurebatch-eastus/providers/Microsoft.Batch/batchAccounts/pstests/listKeys?api-version=2015-09-01",
      "EncodedRequestUri": "L3N1YnNjcmlwdGlvbnMvNjM2OGVkMzgtMzU3MC00ODFmLWI0ZmEtMWQwYTZlOGQzZjNiL3Jlc291cmNlR3JvdXBzL2RlZmF1bHQtYXp1cmViYXRjaC1lYXN0dXMvcHJvdmlkZXJzL01pY3Jvc29mdC5CYXRjaC9iYXRjaEFjY291bnRzL3BzdGVzdHMvbGlzdEtleXM/YXBpLXZlcnNpb249MjAxNS0wOS0wMQ==",
      "RequestMethod": "POST",
      "RequestBody": "",
      "RequestHeaders": {
        "x-ms-version": [
          "2015-09-01"
        ],
        "User-Agent": [
          "Microsoft.Azure.Management.Batch.BatchManagementClient/1.0.0.0"
        ]
      },
      "ResponseBody": "{\r\n  \"accountName\": \"pstests\",\r\n  \"primary\": \"hIsQ4xSEK40UEhQPO1ixIV6kxX2Kd7WldCNgTOWFeYRU5EpnfeS5+ZuPNQZXuDalZYEFlgMZc2TkmF/PIBKhBg==\",\r\n  \"secondary\": \"zkP4SqUquW+Vc9Uwu6iAl/EfvrKiUzWznxunIdvDPGngakhTFrmysae7LEF0EI6BzqPrWHngaKzlsbKoQTcQdQ==\"\r\n}",
      "ResponseHeaders": {
        "Content-Length": [
          "229"
        ],
        "Content-Type": [
          "application/json; charset=utf-8"
        ],
        "Expires": [
          "-1"
        ],
        "Pragma": [
          "no-cache"
        ],
        "request-id": [
          "770b408b-006b-4876-b84c-b011faca3b55"
        ],
        "Strict-Transport-Security": [
          "max-age=31536000; includeSubDomains"
        ],
        "x-ms-ratelimit-remaining-subscription-writes": [
          "1199"
        ],
        "x-ms-request-id": [
          "f5261603-2fdd-4729-a7df-3250cb3e1975"
        ],
        "x-ms-correlation-request-id": [
          "f5261603-2fdd-4729-a7df-3250cb3e1975"
        ],
        "x-ms-routing-request-id": [
          "WESTUS:20151027T155953Z:f5261603-2fdd-4729-a7df-3250cb3e1975"
        ],
        "Cache-Control": [
          "no-cache"
        ],
        "Date": [
          "Tue, 27 Oct 2015 15:59:52 GMT"
        ],
        "Server": [
          "Microsoft-HTTPAPI/2.0"
        ]
      },
      "StatusCode": 200
    },
    {
      "RequestUri": "/subscriptions/6368ed38-3570-481f-b4fa-1d0a6e8d3f3b/resourceGroups/default-azurebatch-eastus/providers/Microsoft.Batch/batchAccounts/pstests/listKeys?api-version=2015-09-01",
      "EncodedRequestUri": "L3N1YnNjcmlwdGlvbnMvNjM2OGVkMzgtMzU3MC00ODFmLWI0ZmEtMWQwYTZlOGQzZjNiL3Jlc291cmNlR3JvdXBzL2RlZmF1bHQtYXp1cmViYXRjaC1lYXN0dXMvcHJvdmlkZXJzL01pY3Jvc29mdC5CYXRjaC9iYXRjaEFjY291bnRzL3BzdGVzdHMvbGlzdEtleXM/YXBpLXZlcnNpb249MjAxNS0wOS0wMQ==",
      "RequestMethod": "POST",
      "RequestBody": "",
      "RequestHeaders": {
        "x-ms-version": [
          "2015-09-01"
        ],
        "User-Agent": [
          "Microsoft.Azure.Management.Batch.BatchManagementClient/1.0.0.0"
        ]
      },
      "ResponseBody": "{\r\n  \"accountName\": \"pstests\",\r\n  \"primary\": \"hIsQ4xSEK40UEhQPO1ixIV6kxX2Kd7WldCNgTOWFeYRU5EpnfeS5+ZuPNQZXuDalZYEFlgMZc2TkmF/PIBKhBg==\",\r\n  \"secondary\": \"zkP4SqUquW+Vc9Uwu6iAl/EfvrKiUzWznxunIdvDPGngakhTFrmysae7LEF0EI6BzqPrWHngaKzlsbKoQTcQdQ==\"\r\n}",
      "ResponseHeaders": {
        "Content-Length": [
          "229"
        ],
        "Content-Type": [
          "application/json; charset=utf-8"
        ],
        "Expires": [
          "-1"
        ],
        "Pragma": [
          "no-cache"
        ],
        "request-id": [
          "aabc953b-81fd-4883-a3be-2ff2999f50bb"
        ],
        "Strict-Transport-Security": [
          "max-age=31536000; includeSubDomains"
        ],
        "x-ms-ratelimit-remaining-subscription-writes": [
          "1198"
        ],
        "x-ms-request-id": [
          "ea662122-6218-47f3-a774-42f77f703720"
        ],
        "x-ms-correlation-request-id": [
          "ea662122-6218-47f3-a774-42f77f703720"
        ],
        "x-ms-routing-request-id": [
          "WESTUS:20151027T160001Z:ea662122-6218-47f3-a774-42f77f703720"
        ],
        "Cache-Control": [
          "no-cache"
        ],
        "Date": [
          "Tue, 27 Oct 2015 16:00:01 GMT"
        ],
        "Server": [
          "Microsoft-HTTPAPI/2.0"
        ]
      },
      "StatusCode": 200
    },
    {
      "RequestUri": "/pools/testPool?enableautoscale&api-version=2015-06-01.2.0&timeout=30",
      "EncodedRequestUri": "L3Bvb2xzL3Rlc3RQb29sP2VuYWJsZWF1dG9zY2FsZSZhcGktdmVyc2lvbj0yMDE1LTA2LTAxLjIuMCZ0aW1lb3V0PTMw",
      "RequestMethod": "POST",
      "RequestBody": "{\r\n  \"autoScaleFormula\": \"$TargetDedicated=2\"\r\n}",
      "RequestHeaders": {
        "Content-Type": [
          "application/json; odata=minimalmetadata"
        ],
        "Content-Length": [
          "48"
        ],
        "client-request-id": [
          "059fce26-8403-4f48-8855-301f6d1f8d64"
        ],
        "ocp-date": [
          "Tue, 27 Oct 2015 15:59:53 GMT"
        ],
        "return-client-request-id": [
          "true"
        ],
        "User-Agent": [
          "Microsoft.Azure.Batch.Protocol.BatchRestClient/2.0.2.0",
          "AzBatch/2.0.2.0"
        ]
      },
      "ResponseBody": "",
      "ResponseHeaders": {
        "Last-Modified": [
          "Tue, 27 Oct 2015 15:59:54 GMT"
        ],
        "Transfer-Encoding": [
          "chunked"
        ],
        "request-id": [
          "2dee02da-427b-4d34-94ec-174af8b2ca8f"
        ],
        "Strict-Transport-Security": [
          "max-age=31536000; includeSubDomains"
        ],
        "client-request-id": [
          "059fce26-8403-4f48-8855-301f6d1f8d64"
        ],
        "DataServiceVersion": [
          "3.0"
        ],
        "DataServiceId": [
          "https://pstests.eastus.batch.azure.com/pools/testPool"
        ],
        "Date": [
          "Tue, 27 Oct 2015 15:59:55 GMT"
        ],
        "ETag": [
          "0x8D2DEE7A78F3E20"
        ],
        "Server": [
          "Microsoft-HTTPAPI/2.0"
        ]
      },
      "StatusCode": 200
    },
    {
      "RequestUri": "/pools/testPool?api-version=2015-06-01.2.0&timeout=30",
      "EncodedRequestUri": "L3Bvb2xzL3Rlc3RQb29sP2FwaS12ZXJzaW9uPTIwMTUtMDYtMDEuMi4wJnRpbWVvdXQ9MzA=",
      "RequestMethod": "GET",
      "RequestBody": "",
      "RequestHeaders": {
        "client-request-id": [
          "74ba86c9-d382-4748-81fc-e479eae904d4"
        ],
        "ocp-date": [
          "Tue, 27 Oct 2015 15:59:53 GMT"
        ],
        "return-client-request-id": [
          "true"
        ],
        "User-Agent": [
          "Microsoft.Azure.Batch.Protocol.BatchRestClient/2.0.2.0",
          "AzBatch/2.0.2.0"
        ]
      },
      "ResponseBody": "{\r\n  \"odata.metadata\": \"https://pstests.eastus.batch.azure.com/$metadata#pools/@Element\",\r\n  \"id\": \"testPool\",\r\n  \"url\": \"https://pstests.eastus.batch.azure.com/pools/testPool\",\r\n  \"eTag\": \"0x8D2DEE7A78F3E20\",\r\n  \"lastModified\": \"2015-10-27T15:59:54.265552Z\",\r\n  \"creationTime\": \"2015-10-26T23:25:49.1746822Z\",\r\n  \"state\": \"active\",\r\n  \"stateTransitionTime\": \"2015-10-26T23:25:49.1746822Z\",\r\n  \"allocationState\": \"resizing\",\r\n  \"allocationStateTransitionTime\": \"2015-10-27T15:59:54.265552Z\",\r\n  \"osFamily\": \"4\",\r\n  \"targetOSVersion\": \"*\",\r\n  \"currentOSVersion\": \"*\",\r\n  \"vmSize\": \"small\",\r\n  \"resizeTimeout\": \"PT1H\",\r\n  \"currentDedicated\": 4,\r\n  \"targetDedicated\": 2,\r\n  \"enableAutoScale\": true,\r\n  \"autoScaleFormula\": \"$TargetDedicated=2\",\r\n  \"autoScaleRun\": {\r\n    \"timestamp\": \"2015-10-27T15:59:54.265552Z\",\r\n    \"results\": \"$TargetDedicated=2;$NodeDeallocationOption=requeue\"\r\n  },\r\n  \"enableInterNodeCommunication\": false,\r\n  \"startTask\": {\r\n    \"commandLine\": \"cmd /c echo hello\",\r\n    \"runElevated\": false,\r\n    \"maxTaskRetryCount\": 0,\r\n    \"waitForSuccess\": false\r\n  },\r\n  \"maxTasksPerNode\": 1,\r\n  \"taskSchedulingPolicy\": {\r\n    \"nodeFillType\": \"Spread\"\r\n  }\r\n}",
      "ResponseHeaders": {
        "Content-Type": [
          "application/json; odata=minimalmetadata"
        ],
        "Last-Modified": [
          "Tue, 27 Oct 2015 15:59:54 GMT"
        ],
        "Transfer-Encoding": [
          "chunked"
        ],
        "request-id": [
          "92007532-8519-4869-90ea-fb8a2888471e"
        ],
        "Strict-Transport-Security": [
          "max-age=31536000; includeSubDomains"
        ],
        "client-request-id": [
          "74ba86c9-d382-4748-81fc-e479eae904d4"
        ],
        "DataServiceVersion": [
          "3.0"
        ],
        "Date": [
          "Tue, 27 Oct 2015 15:59:55 GMT"
        ],
        "ETag": [
          "0x8D2DEE7A78F3E20"
        ],
        "Server": [
          "Microsoft-HTTPAPI/2.0"
        ]
      },
      "StatusCode": 200
    },
    {
      "RequestUri": "/pools/testPool?api-version=2015-06-01.2.0&timeout=30",
      "EncodedRequestUri": "L3Bvb2xzL3Rlc3RQb29sP2FwaS12ZXJzaW9uPTIwMTUtMDYtMDEuMi4wJnRpbWVvdXQ9MzA=",
      "RequestMethod": "GET",
      "RequestBody": "",
      "RequestHeaders": {
        "client-request-id": [
          "74ba86c9-d382-4748-81fc-e479eae904d4"
        ],
        "ocp-date": [
          "Tue, 27 Oct 2015 15:59:53 GMT"
        ],
        "return-client-request-id": [
          "true"
        ],
        "User-Agent": [
          "Microsoft.Azure.Batch.Protocol.BatchRestClient/2.0.2.0",
          "AzBatch/2.0.2.0"
        ]
      },
      "ResponseBody": "{\r\n  \"odata.metadata\": \"https://pstests.eastus.batch.azure.com/$metadata#pools/@Element\",\r\n  \"id\": \"testPool\",\r\n  \"url\": \"https://pstests.eastus.batch.azure.com/pools/testPool\",\r\n  \"eTag\": \"0x8D2DEE7A78F3E20\",\r\n  \"lastModified\": \"2015-10-27T15:59:54.265552Z\",\r\n  \"creationTime\": \"2015-10-26T23:25:49.1746822Z\",\r\n  \"state\": \"active\",\r\n  \"stateTransitionTime\": \"2015-10-26T23:25:49.1746822Z\",\r\n  \"allocationState\": \"resizing\",\r\n  \"allocationStateTransitionTime\": \"2015-10-27T15:59:54.265552Z\",\r\n  \"osFamily\": \"4\",\r\n  \"targetOSVersion\": \"*\",\r\n  \"currentOSVersion\": \"*\",\r\n  \"vmSize\": \"small\",\r\n  \"resizeTimeout\": \"PT1H\",\r\n  \"currentDedicated\": 4,\r\n  \"targetDedicated\": 2,\r\n  \"enableAutoScale\": true,\r\n  \"autoScaleFormula\": \"$TargetDedicated=2\",\r\n  \"autoScaleRun\": {\r\n    \"timestamp\": \"2015-10-27T15:59:54.265552Z\",\r\n    \"results\": \"$TargetDedicated=2;$NodeDeallocationOption=requeue\"\r\n  },\r\n  \"enableInterNodeCommunication\": false,\r\n  \"startTask\": {\r\n    \"commandLine\": \"cmd /c echo hello\",\r\n    \"runElevated\": false,\r\n    \"maxTaskRetryCount\": 0,\r\n    \"waitForSuccess\": false\r\n  },\r\n  \"maxTasksPerNode\": 1,\r\n  \"taskSchedulingPolicy\": {\r\n    \"nodeFillType\": \"Spread\"\r\n  }\r\n}",
      "ResponseHeaders": {
        "Content-Type": [
          "application/json; odata=minimalmetadata"
        ],
        "Last-Modified": [
          "Tue, 27 Oct 2015 15:59:54 GMT"
        ],
        "Transfer-Encoding": [
          "chunked"
        ],
        "request-id": [
          "92007532-8519-4869-90ea-fb8a2888471e"
        ],
        "Strict-Transport-Security": [
          "max-age=31536000; includeSubDomains"
        ],
        "client-request-id": [
          "74ba86c9-d382-4748-81fc-e479eae904d4"
        ],
        "DataServiceVersion": [
          "3.0"
        ],
        "Date": [
          "Tue, 27 Oct 2015 15:59:55 GMT"
        ],
        "ETag": [
          "0x8D2DEE7A78F3E20"
        ],
        "Server": [
          "Microsoft-HTTPAPI/2.0"
        ]
      },
      "StatusCode": 200
    },
    {
      "RequestUri": "/pools/testPool?api-version=2015-06-01.2.0&timeout=30",
      "EncodedRequestUri": "L3Bvb2xzL3Rlc3RQb29sP2FwaS12ZXJzaW9uPTIwMTUtMDYtMDEuMi4wJnRpbWVvdXQ9MzA=",
      "RequestMethod": "GET",
      "RequestBody": "",
      "RequestHeaders": {
        "client-request-id": [
          "e0714ad2-3aa2-45ee-98ba-4e7c51a31089"
        ],
        "ocp-date": [
          "Tue, 27 Oct 2015 15:59:59 GMT"
        ],
        "return-client-request-id": [
          "true"
        ],
        "User-Agent": [
          "Microsoft.Azure.Batch.Protocol.BatchRestClient/2.0.2.0",
          "AzBatch/2.0.2.0"
        ]
      },
      "ResponseBody": "{\r\n  \"odata.metadata\": \"https://pstests.eastus.batch.azure.com/$metadata#pools/@Element\",\r\n  \"id\": \"testPool\",\r\n  \"url\": \"https://pstests.eastus.batch.azure.com/pools/testPool\",\r\n  \"eTag\": \"0x8D2DEE7A78F3E20\",\r\n  \"lastModified\": \"2015-10-27T15:59:54.265552Z\",\r\n  \"creationTime\": \"2015-10-26T23:25:49.1746822Z\",\r\n  \"state\": \"active\",\r\n  \"stateTransitionTime\": \"2015-10-26T23:25:49.1746822Z\",\r\n  \"allocationState\": \"steady\",\r\n  \"allocationStateTransitionTime\": \"2015-10-27T15:59:55.9505984Z\",\r\n  \"osFamily\": \"4\",\r\n  \"targetOSVersion\": \"*\",\r\n  \"currentOSVersion\": \"*\",\r\n  \"vmSize\": \"small\",\r\n  \"resizeTimeout\": \"PT1H\",\r\n  \"currentDedicated\": 2,\r\n  \"targetDedicated\": 2,\r\n  \"enableAutoScale\": true,\r\n  \"autoScaleFormula\": \"$TargetDedicated=2\",\r\n  \"autoScaleRun\": {\r\n    \"timestamp\": \"2015-10-27T15:59:54.265552Z\",\r\n    \"results\": \"$TargetDedicated=2;$NodeDeallocationOption=requeue\"\r\n  },\r\n  \"enableInterNodeCommunication\": false,\r\n  \"startTask\": {\r\n    \"commandLine\": \"cmd /c echo hello\",\r\n    \"runElevated\": false,\r\n    \"maxTaskRetryCount\": 0,\r\n    \"waitForSuccess\": false\r\n  },\r\n  \"maxTasksPerNode\": 1,\r\n  \"taskSchedulingPolicy\": {\r\n    \"nodeFillType\": \"Spread\"\r\n  }\r\n}",
      "ResponseHeaders": {
        "Content-Type": [
          "application/json; odata=minimalmetadata"
        ],
        "Last-Modified": [
          "Tue, 27 Oct 2015 15:59:54 GMT"
        ],
        "Transfer-Encoding": [
          "chunked"
        ],
        "request-id": [
          "522a7302-8ecc-417f-9264-59781478450d"
        ],
        "Strict-Transport-Security": [
          "max-age=31536000; includeSubDomains"
        ],
        "client-request-id": [
          "e0714ad2-3aa2-45ee-98ba-4e7c51a31089"
        ],
        "DataServiceVersion": [
          "3.0"
        ],
        "Date": [
          "Tue, 27 Oct 2015 16:00:00 GMT"
        ],
        "ETag": [
          "0x8D2DEE7A78F3E20"
        ],
        "Server": [
          "Microsoft-HTTPAPI/2.0"
        ]
      },
      "StatusCode": 200
    },
    {
      "RequestUri": "/pools/testPool?api-version=2015-06-01.2.0&timeout=30",
      "EncodedRequestUri": "L3Bvb2xzL3Rlc3RQb29sP2FwaS12ZXJzaW9uPTIwMTUtMDYtMDEuMi4wJnRpbWVvdXQ9MzA=",
      "RequestMethod": "GET",
      "RequestBody": "",
      "RequestHeaders": {
        "client-request-id": [
          "e0714ad2-3aa2-45ee-98ba-4e7c51a31089"
        ],
        "ocp-date": [
          "Tue, 27 Oct 2015 15:59:59 GMT"
        ],
        "return-client-request-id": [
          "true"
        ],
        "User-Agent": [
          "Microsoft.Azure.Batch.Protocol.BatchRestClient/2.0.2.0",
          "AzBatch/2.0.2.0"
        ]
      },
      "ResponseBody": "{\r\n  \"odata.metadata\": \"https://pstests.eastus.batch.azure.com/$metadata#pools/@Element\",\r\n  \"id\": \"testPool\",\r\n  \"url\": \"https://pstests.eastus.batch.azure.com/pools/testPool\",\r\n  \"eTag\": \"0x8D2DEE7A78F3E20\",\r\n  \"lastModified\": \"2015-10-27T15:59:54.265552Z\",\r\n  \"creationTime\": \"2015-10-26T23:25:49.1746822Z\",\r\n  \"state\": \"active\",\r\n  \"stateTransitionTime\": \"2015-10-26T23:25:49.1746822Z\",\r\n  \"allocationState\": \"steady\",\r\n  \"allocationStateTransitionTime\": \"2015-10-27T15:59:55.9505984Z\",\r\n  \"osFamily\": \"4\",\r\n  \"targetOSVersion\": \"*\",\r\n  \"currentOSVersion\": \"*\",\r\n  \"vmSize\": \"small\",\r\n  \"resizeTimeout\": \"PT1H\",\r\n  \"currentDedicated\": 2,\r\n  \"targetDedicated\": 2,\r\n  \"enableAutoScale\": true,\r\n  \"autoScaleFormula\": \"$TargetDedicated=2\",\r\n  \"autoScaleRun\": {\r\n    \"timestamp\": \"2015-10-27T15:59:54.265552Z\",\r\n    \"results\": \"$TargetDedicated=2;$NodeDeallocationOption=requeue\"\r\n  },\r\n  \"enableInterNodeCommunication\": false,\r\n  \"startTask\": {\r\n    \"commandLine\": \"cmd /c echo hello\",\r\n    \"runElevated\": false,\r\n    \"maxTaskRetryCount\": 0,\r\n    \"waitForSuccess\": false\r\n  },\r\n  \"maxTasksPerNode\": 1,\r\n  \"taskSchedulingPolicy\": {\r\n    \"nodeFillType\": \"Spread\"\r\n  }\r\n}",
      "ResponseHeaders": {
        "Content-Type": [
          "application/json; odata=minimalmetadata"
        ],
        "Last-Modified": [
          "Tue, 27 Oct 2015 15:59:54 GMT"
        ],
        "Transfer-Encoding": [
          "chunked"
        ],
        "request-id": [
          "522a7302-8ecc-417f-9264-59781478450d"
        ],
        "Strict-Transport-Security": [
          "max-age=31536000; includeSubDomains"
        ],
        "client-request-id": [
          "e0714ad2-3aa2-45ee-98ba-4e7c51a31089"
        ],
        "DataServiceVersion": [
          "3.0"
        ],
        "Date": [
          "Tue, 27 Oct 2015 16:00:00 GMT"
        ],
        "ETag": [
          "0x8D2DEE7A78F3E20"
        ],
        "Server": [
          "Microsoft-HTTPAPI/2.0"
        ]
      },
      "StatusCode": 200
    },
    {
      "RequestUri": "/pools/testPool?api-version=2015-06-01.2.0&timeout=30",
      "EncodedRequestUri": "L3Bvb2xzL3Rlc3RQb29sP2FwaS12ZXJzaW9uPTIwMTUtMDYtMDEuMi4wJnRpbWVvdXQ9MzA=",
      "RequestMethod": "GET",
      "RequestBody": "",
      "RequestHeaders": {
        "client-request-id": [
          "e0714ad2-3aa2-45ee-98ba-4e7c51a31089"
        ],
        "ocp-date": [
          "Tue, 27 Oct 2015 15:59:59 GMT"
        ],
        "return-client-request-id": [
          "true"
        ],
        "User-Agent": [
          "Microsoft.Azure.Batch.Protocol.BatchRestClient/2.0.2.0",
          "AzBatch/2.0.2.0"
        ]
      },
      "ResponseBody": "{\r\n  \"odata.metadata\": \"https://pstests.eastus.batch.azure.com/$metadata#pools/@Element\",\r\n  \"id\": \"testPool\",\r\n  \"url\": \"https://pstests.eastus.batch.azure.com/pools/testPool\",\r\n  \"eTag\": \"0x8D2DEE7A78F3E20\",\r\n  \"lastModified\": \"2015-10-27T15:59:54.265552Z\",\r\n  \"creationTime\": \"2015-10-26T23:25:49.1746822Z\",\r\n  \"state\": \"active\",\r\n  \"stateTransitionTime\": \"2015-10-26T23:25:49.1746822Z\",\r\n  \"allocationState\": \"steady\",\r\n  \"allocationStateTransitionTime\": \"2015-10-27T15:59:55.9505984Z\",\r\n  \"osFamily\": \"4\",\r\n  \"targetOSVersion\": \"*\",\r\n  \"currentOSVersion\": \"*\",\r\n  \"vmSize\": \"small\",\r\n  \"resizeTimeout\": \"PT1H\",\r\n  \"currentDedicated\": 2,\r\n  \"targetDedicated\": 2,\r\n  \"enableAutoScale\": true,\r\n  \"autoScaleFormula\": \"$TargetDedicated=2\",\r\n  \"autoScaleRun\": {\r\n    \"timestamp\": \"2015-10-27T15:59:54.265552Z\",\r\n    \"results\": \"$TargetDedicated=2;$NodeDeallocationOption=requeue\"\r\n  },\r\n  \"enableInterNodeCommunication\": false,\r\n  \"startTask\": {\r\n    \"commandLine\": \"cmd /c echo hello\",\r\n    \"runElevated\": false,\r\n    \"maxTaskRetryCount\": 0,\r\n    \"waitForSuccess\": false\r\n  },\r\n  \"maxTasksPerNode\": 1,\r\n  \"taskSchedulingPolicy\": {\r\n    \"nodeFillType\": \"Spread\"\r\n  }\r\n}",
      "ResponseHeaders": {
        "Content-Type": [
          "application/json; odata=minimalmetadata"
        ],
        "Last-Modified": [
          "Tue, 27 Oct 2015 15:59:54 GMT"
        ],
        "Transfer-Encoding": [
          "chunked"
        ],
        "request-id": [
          "522a7302-8ecc-417f-9264-59781478450d"
        ],
        "Strict-Transport-Security": [
          "max-age=31536000; includeSubDomains"
        ],
        "client-request-id": [
          "e0714ad2-3aa2-45ee-98ba-4e7c51a31089"
        ],
        "DataServiceVersion": [
          "3.0"
        ],
        "Date": [
          "Tue, 27 Oct 2015 16:00:00 GMT"
        ],
        "ETag": [
          "0x8D2DEE7A78F3E20"
        ],
        "Server": [
          "Microsoft-HTTPAPI/2.0"
        ]
      },
      "StatusCode": 200
    },
    {
      "RequestUri": "/pools/testPool?api-version=2015-06-01.2.0&timeout=30",
      "EncodedRequestUri": "L3Bvb2xzL3Rlc3RQb29sP2FwaS12ZXJzaW9uPTIwMTUtMDYtMDEuMi4wJnRpbWVvdXQ9MzA=",
      "RequestMethod": "GET",
      "RequestBody": "",
      "RequestHeaders": {
        "client-request-id": [
          "5cfd6b36-6b35-45c1-9f8f-088b852572a4"
        ],
        "ocp-date": [
          "Tue, 27 Oct 2015 16:00:01 GMT"
        ],
        "return-client-request-id": [
          "true"
        ],
        "User-Agent": [
          "Microsoft.Azure.Batch.Protocol.BatchRestClient/2.0.2.0",
          "AzBatch/2.0.2.0"
        ]
      },
      "ResponseBody": "{\r\n  \"odata.metadata\": \"https://pstests.eastus.batch.azure.com/$metadata#pools/@Element\",\r\n  \"id\": \"testPool\",\r\n  \"url\": \"https://pstests.eastus.batch.azure.com/pools/testPool\",\r\n  \"eTag\": \"0x8D2DEE7A78F3E20\",\r\n  \"lastModified\": \"2015-10-27T15:59:54.265552Z\",\r\n  \"creationTime\": \"2015-10-26T23:25:49.1746822Z\",\r\n  \"state\": \"active\",\r\n  \"stateTransitionTime\": \"2015-10-26T23:25:49.1746822Z\",\r\n  \"allocationState\": \"steady\",\r\n  \"allocationStateTransitionTime\": \"2015-10-27T15:59:55.9505984Z\",\r\n  \"osFamily\": \"4\",\r\n  \"targetOSVersion\": \"*\",\r\n  \"currentOSVersion\": \"*\",\r\n  \"vmSize\": \"small\",\r\n  \"resizeTimeout\": \"PT1H\",\r\n  \"currentDedicated\": 2,\r\n  \"targetDedicated\": 2,\r\n  \"enableAutoScale\": true,\r\n  \"autoScaleFormula\": \"$TargetDedicated=2\",\r\n  \"autoScaleRun\": {\r\n    \"timestamp\": \"2015-10-27T15:59:54.265552Z\",\r\n    \"results\": \"$TargetDedicated=2;$NodeDeallocationOption=requeue\"\r\n  },\r\n  \"enableInterNodeCommunication\": false,\r\n  \"startTask\": {\r\n    \"commandLine\": \"cmd /c echo hello\",\r\n    \"runElevated\": false,\r\n    \"maxTaskRetryCount\": 0,\r\n    \"waitForSuccess\": false\r\n  },\r\n  \"maxTasksPerNode\": 1,\r\n  \"taskSchedulingPolicy\": {\r\n    \"nodeFillType\": \"Spread\"\r\n  }\r\n}",
      "ResponseHeaders": {
        "Content-Type": [
          "application/json; odata=minimalmetadata"
        ],
        "Last-Modified": [
          "Tue, 27 Oct 2015 15:59:54 GMT"
        ],
        "Transfer-Encoding": [
          "chunked"
        ],
        "request-id": [
          "906961b0-f14c-43e1-946c-959dc2548a2e"
        ],
        "Strict-Transport-Security": [
          "max-age=31536000; includeSubDomains"
        ],
        "client-request-id": [
          "5cfd6b36-6b35-45c1-9f8f-088b852572a4"
        ],
        "DataServiceVersion": [
          "3.0"
        ],
        "Date": [
          "Tue, 27 Oct 2015 16:00:02 GMT"
        ],
        "ETag": [
          "0x8D2DEE7A78F3E20"
        ],
        "Server": [
          "Microsoft-HTTPAPI/2.0"
        ]
      },
      "StatusCode": 200
    },
    {
      "RequestUri": "/pools/testPool?evaluateautoscale&api-version=2015-06-01.2.0&timeout=30",
      "EncodedRequestUri": "L3Bvb2xzL3Rlc3RQb29sP2V2YWx1YXRlYXV0b3NjYWxlJmFwaS12ZXJzaW9uPTIwMTUtMDYtMDEuMi4wJnRpbWVvdXQ9MzA=",
      "RequestMethod": "POST",
      "RequestBody": "{\r\n  \"autoScaleFormula\": \"$TargetDedicated=2\"\r\n}",
      "RequestHeaders": {
        "Content-Type": [
          "application/json; odata=minimalmetadata"
        ],
        "Content-Length": [
          "48"
        ],
        "client-request-id": [
          "16b2144a-721f-4b7d-8464-03c54ed6b6ee"
        ],
        "ocp-date": [
          "Tue, 27 Oct 2015 16:00:02 GMT"
        ],
        "return-client-request-id": [
          "true"
        ],
        "User-Agent": [
          "Microsoft.Azure.Batch.Protocol.BatchRestClient/2.0.2.0",
          "AzBatch/2.0.2.0"
        ]
      },
      "ResponseBody": "{\r\n  \"odata.metadata\": \"https://pstests.eastus.batch.azure.com/$metadata#Microsoft.Azure.Batch.Protocol.Entities.AutoScaleRun\",\r\n  \"timestamp\": \"2015-10-27T16:00:03.6745935Z\",\r\n  \"results\": \"$TargetDedicated=2;$NodeDeallocationOption=requeue\"\r\n}",
      "ResponseHeaders": {
        "Content-Type": [
          "application/json; odata=minimalmetadata"
        ],
        "Transfer-Encoding": [
          "chunked"
        ],
        "request-id": [
          "f24d4341-fa6b-43c0-9a53-958e26d3ada5"
        ],
        "Strict-Transport-Security": [
          "max-age=31536000; includeSubDomains"
        ],
        "client-request-id": [
          "16b2144a-721f-4b7d-8464-03c54ed6b6ee"
        ],
        "DataServiceVersion": [
          "3.0"
        ],
        "DataServiceId": [
          "https://pstests.eastus.batch.azure.com/pools/testPool"
        ],
        "Date": [
          "Tue, 27 Oct 2015 16:00:03 GMT"
        ],
        "Server": [
          "Microsoft-HTTPAPI/2.0"
        ]
      },
      "StatusCode": 200
    },
    {
      "RequestUri": "/pools/testPool?evaluateautoscale&api-version=2015-06-01.2.0&timeout=30",
      "EncodedRequestUri": "L3Bvb2xzL3Rlc3RQb29sP2V2YWx1YXRlYXV0b3NjYWxlJmFwaS12ZXJzaW9uPTIwMTUtMDYtMDEuMi4wJnRpbWVvdXQ9MzA=",
      "RequestMethod": "POST",
      "RequestBody": "{\r\n  \"autoScaleFormula\": \"$TargetDedicated=2\"\r\n}",
      "RequestHeaders": {
        "Content-Type": [
          "application/json; odata=minimalmetadata"
        ],
        "Content-Length": [
          "48"
        ],
        "client-request-id": [
          "16b2144a-721f-4b7d-8464-03c54ed6b6ee"
        ],
        "ocp-date": [
          "Tue, 27 Oct 2015 16:00:02 GMT"
        ],
        "return-client-request-id": [
          "true"
        ],
        "User-Agent": [
          "Microsoft.Azure.Batch.Protocol.BatchRestClient/2.0.2.0",
          "AzBatch/2.0.2.0"
        ]
      },
      "ResponseBody": "{\r\n  \"odata.metadata\": \"https://pstests.eastus.batch.azure.com/$metadata#Microsoft.Azure.Batch.Protocol.Entities.AutoScaleRun\",\r\n  \"timestamp\": \"2015-10-27T16:00:03.6745935Z\",\r\n  \"results\": \"$TargetDedicated=2;$NodeDeallocationOption=requeue\"\r\n}",
      "ResponseHeaders": {
        "Content-Type": [
          "application/json; odata=minimalmetadata"
        ],
        "Transfer-Encoding": [
          "chunked"
        ],
        "request-id": [
          "f24d4341-fa6b-43c0-9a53-958e26d3ada5"
        ],
        "Strict-Transport-Security": [
          "max-age=31536000; includeSubDomains"
        ],
        "client-request-id": [
          "16b2144a-721f-4b7d-8464-03c54ed6b6ee"
        ],
        "DataServiceVersion": [
          "3.0"
        ],
        "DataServiceId": [
          "https://pstests.eastus.batch.azure.com/pools/testPool"
        ],
        "Date": [
          "Tue, 27 Oct 2015 16:00:03 GMT"
        ],
        "Server": [
          "Microsoft-HTTPAPI/2.0"
        ]
      },
      "StatusCode": 200
    },
    {
      "RequestUri": "/pools/testPool?disableautoscale&api-version=2015-06-01.2.0&timeout=30",
      "EncodedRequestUri": "L3Bvb2xzL3Rlc3RQb29sP2Rpc2FibGVhdXRvc2NhbGUmYXBpLXZlcnNpb249MjAxNS0wNi0wMS4yLjAmdGltZW91dD0zMA==",
      "RequestMethod": "POST",
      "RequestBody": "",
      "RequestHeaders": {
        "client-request-id": [
          "2212333a-8a6b-4ac2-964e-046d99ab75e1"
        ],
        "ocp-date": [
          "Tue, 27 Oct 2015 16:00:02 GMT"
        ],
        "return-client-request-id": [
          "true"
        ],
        "User-Agent": [
          "Microsoft.Azure.Batch.Protocol.BatchRestClient/2.0.2.0",
          "AzBatch/2.0.2.0"
        ]
      },
      "ResponseBody": "",
      "ResponseHeaders": {
        "Last-Modified": [
          "Tue, 27 Oct 2015 16:00:03 GMT"
        ],
        "Transfer-Encoding": [
          "chunked"
        ],
        "request-id": [
          "a5d264f8-373f-48a5-b79c-87135984696b"
        ],
        "Strict-Transport-Security": [
          "max-age=31536000; includeSubDomains"
        ],
        "client-request-id": [
          "2212333a-8a6b-4ac2-964e-046d99ab75e1"
        ],
        "DataServiceVersion": [
          "3.0"
        ],
        "DataServiceId": [
          "https://pstests.eastus.batch.azure.com/pools/testPool"
        ],
        "Date": [
          "Tue, 27 Oct 2015 16:00:04 GMT"
        ],
        "ETag": [
          "0x8D2DEE7ACD55DF3"
        ],
        "Server": [
          "Microsoft-HTTPAPI/2.0"
        ]
      },
      "StatusCode": 200
    },
    {
      "RequestUri": "/pools/testPool?disableautoscale&api-version=2015-06-01.2.0&timeout=30",
      "EncodedRequestUri": "L3Bvb2xzL3Rlc3RQb29sP2Rpc2FibGVhdXRvc2NhbGUmYXBpLXZlcnNpb249MjAxNS0wNi0wMS4yLjAmdGltZW91dD0zMA==",
      "RequestMethod": "POST",
      "RequestBody": "",
      "RequestHeaders": {
        "client-request-id": [
          "2212333a-8a6b-4ac2-964e-046d99ab75e1"
        ],
        "ocp-date": [
          "Tue, 27 Oct 2015 16:00:02 GMT"
        ],
        "return-client-request-id": [
          "true"
        ],
        "User-Agent": [
          "Microsoft.Azure.Batch.Protocol.BatchRestClient/2.0.2.0",
          "AzBatch/2.0.2.0"
        ]
      },
      "ResponseBody": "",
      "ResponseHeaders": {
        "Last-Modified": [
          "Tue, 27 Oct 2015 16:00:03 GMT"
        ],
        "Transfer-Encoding": [
          "chunked"
        ],
        "request-id": [
          "a5d264f8-373f-48a5-b79c-87135984696b"
        ],
        "Strict-Transport-Security": [
          "max-age=31536000; includeSubDomains"
        ],
        "client-request-id": [
          "2212333a-8a6b-4ac2-964e-046d99ab75e1"
        ],
        "DataServiceVersion": [
          "3.0"
        ],
        "DataServiceId": [
          "https://pstests.eastus.batch.azure.com/pools/testPool"
        ],
        "Date": [
          "Tue, 27 Oct 2015 16:00:04 GMT"
        ],
        "ETag": [
          "0x8D2DEE7ACD55DF3"
        ],
        "Server": [
          "Microsoft-HTTPAPI/2.0"
        ]
      },
      "StatusCode": 200
    },
    {
      "RequestUri": "/pools/testPool?disableautoscale&api-version=2015-06-01.2.0&timeout=30",
      "EncodedRequestUri": "L3Bvb2xzL3Rlc3RQb29sP2Rpc2FibGVhdXRvc2NhbGUmYXBpLXZlcnNpb249MjAxNS0wNi0wMS4yLjAmdGltZW91dD0zMA==",
      "RequestMethod": "POST",
      "RequestBody": "",
      "RequestHeaders": {
        "client-request-id": [
          "2212333a-8a6b-4ac2-964e-046d99ab75e1"
        ],
        "ocp-date": [
          "Tue, 27 Oct 2015 16:00:02 GMT"
        ],
        "return-client-request-id": [
          "true"
        ],
        "User-Agent": [
          "Microsoft.Azure.Batch.Protocol.BatchRestClient/2.0.2.0",
          "AzBatch/2.0.2.0"
        ]
      },
      "ResponseBody": "",
      "ResponseHeaders": {
        "Last-Modified": [
          "Tue, 27 Oct 2015 16:00:03 GMT"
        ],
        "Transfer-Encoding": [
          "chunked"
        ],
        "request-id": [
          "a5d264f8-373f-48a5-b79c-87135984696b"
        ],
        "Strict-Transport-Security": [
          "max-age=31536000; includeSubDomains"
        ],
        "client-request-id": [
          "2212333a-8a6b-4ac2-964e-046d99ab75e1"
        ],
        "DataServiceVersion": [
          "3.0"
        ],
        "DataServiceId": [
          "https://pstests.eastus.batch.azure.com/pools/testPool"
        ],
        "Date": [
          "Tue, 27 Oct 2015 16:00:04 GMT"
        ],
        "ETag": [
          "0x8D2DEE7ACD55DF3"
        ],
        "Server": [
          "Microsoft-HTTPAPI/2.0"
        ]
      },
      "StatusCode": 200
    },
    {
      "RequestUri": "/pools/testPool?disableautoscale&api-version=2015-06-01.2.0&timeout=30",
      "EncodedRequestUri": "L3Bvb2xzL3Rlc3RQb29sP2Rpc2FibGVhdXRvc2NhbGUmYXBpLXZlcnNpb249MjAxNS0wNi0wMS4yLjAmdGltZW91dD0zMA==",
      "RequestMethod": "POST",
      "RequestBody": "",
      "RequestHeaders": {
        "client-request-id": [
          "2212333a-8a6b-4ac2-964e-046d99ab75e1"
        ],
        "ocp-date": [
          "Tue, 27 Oct 2015 16:00:02 GMT"
        ],
        "return-client-request-id": [
          "true"
        ],
        "User-Agent": [
          "Microsoft.Azure.Batch.Protocol.BatchRestClient/2.0.2.0",
          "AzBatch/2.0.2.0"
        ]
      },
      "ResponseBody": "",
      "ResponseHeaders": {
        "Last-Modified": [
          "Tue, 27 Oct 2015 16:00:03 GMT"
        ],
        "Transfer-Encoding": [
          "chunked"
        ],
        "request-id": [
          "a5d264f8-373f-48a5-b79c-87135984696b"
        ],
        "Strict-Transport-Security": [
          "max-age=31536000; includeSubDomains"
        ],
        "client-request-id": [
          "2212333a-8a6b-4ac2-964e-046d99ab75e1"
        ],
        "DataServiceVersion": [
          "3.0"
        ],
        "DataServiceId": [
          "https://pstests.eastus.batch.azure.com/pools/testPool"
        ],
        "Date": [
          "Tue, 27 Oct 2015 16:00:04 GMT"
        ],
        "ETag": [
          "0x8D2DEE7ACD55DF3"
        ],
        "Server": [
          "Microsoft-HTTPAPI/2.0"
        ]
      },
      "StatusCode": 200
    }
  ],
  "Names": {},
  "Variables": {
    "SubscriptionId": "6368ed38-3570-481f-b4fa-1d0a6e8d3f3b"
  }
}