{
  "Entries": [
    {
      "RequestUri": "/pools?api-version=2016-07-01.3.1",
      "EncodedRequestUri": "L3Bvb2xzP2FwaS12ZXJzaW9uPTIwMTYtMDctMDEuMy4x",
      "RequestMethod": "GET",
      "RequestBody": "",
      "RequestHeaders": {
        "client-request-id": [
          "2cc17a59-6104-4b8b-9cdb-c4fbea5221ae"
        ],
        "accept-language": [
          "en-US"
        ],
        "ocp-date": [
          "Mon, 01 Aug 2016 19:22:08 GMT"
        ],
        "User-Agent": [
          "Microsoft.Azure.Batch.Protocol.BatchServiceClient/5.0.0.0",
          "AzurePowershell/v1.6.0"
        ]
      },
      "ResponseBody": "{\r\n  \"odata.metadata\": \"https://pstestaccount.centralus.batch.azure.com/$metadata#pools\",\r\n  \"value\": [\r\n    {\r\n      \"id\": \"mpiPool\",\r\n      \"url\": \"https://pstestaccount.centralus.batch.azure.com/pools/mpiPool\",\r\n      \"eTag\": \"0x8D3BA3E56B9EE99\",\r\n      \"lastModified\": \"2016-08-01T19:02:09.5136409Z\",\r\n      \"creationTime\": \"2016-08-01T19:02:09.5136409Z\",\r\n      \"state\": \"active\",\r\n      \"stateTransitionTime\": \"2016-08-01T19:02:09.5136409Z\",\r\n      \"allocationState\": \"steady\",\r\n      \"allocationStateTransitionTime\": \"2016-08-01T19:03:34.3090585Z\",\r\n      \"vmSize\": \"small\",\r\n      \"resizeTimeout\": \"PT15M\",\r\n      \"currentDedicated\": 3,\r\n      \"targetDedicated\": 3,\r\n      \"enableAutoScale\": false,\r\n      \"enableInterNodeCommunication\": true,\r\n      \"maxTasksPerNode\": 1,\r\n      \"taskSchedulingPolicy\": {\r\n        \"nodeFillType\": \"Spread\"\r\n      },\r\n      \"cloudServiceConfiguration\": {\r\n        \"osFamily\": \"4\",\r\n        \"targetOSVersion\": \"*\",\r\n        \"currentOSVersion\": \"*\"\r\n      }\r\n    },\r\n    {\r\n      \"id\": \"testIaasPool\",\r\n      \"url\": \"https://pstestaccount.centralus.batch.azure.com/pools/testIaasPool\",\r\n      \"eTag\": \"0x8D3631B074A1A64\",\r\n      \"lastModified\": \"2016-04-12T21:40:12.6935652Z\",\r\n      \"creationTime\": \"2016-04-12T21:40:12.6935652Z\",\r\n      \"state\": \"active\",\r\n      \"stateTransitionTime\": \"2016-04-12T21:40:12.6935652Z\",\r\n      \"allocationState\": \"steady\",\r\n      \"allocationStateTransitionTime\": \"2016-04-12T21:42:40.5909292Z\",\r\n      \"vmSize\": \"standard_a1\",\r\n      \"resizeTimeout\": \"PT10M\",\r\n      \"currentDedicated\": 3,\r\n      \"targetDedicated\": 3,\r\n      \"enableAutoScale\": false,\r\n      \"enableInterNodeCommunication\": false,\r\n      \"maxTasksPerNode\": 1,\r\n      \"taskSchedulingPolicy\": {\r\n        \"nodeFillType\": \"Pack\"\r\n      },\r\n      \"virtualMachineConfiguration\": {\r\n        \"imageReference\": {\r\n          \"publisher\": \"Canonical\",\r\n          \"offer\": \"UbuntuServer\",\r\n          \"sku\": \"15.10\",\r\n          \"version\": \"latest\"\r\n        },\r\n        \"nodeAgentSKUId\": \"batch.node.debian 8\"\r\n      }\r\n    },\r\n    {\r\n      \"id\": \"testPool\",\r\n      \"url\": \"https://pstestaccount.centralus.batch.azure.com/pools/testPool\",\r\n      \"eTag\": \"0x8D3BA40BF20F39E\",\r\n      \"lastModified\": \"2016-08-01T19:19:23.6652958Z\",\r\n      \"creationTime\": \"2016-05-19T00:32:54.5271672Z\",\r\n      \"state\": \"active\",\r\n      \"stateTransitionTime\": \"2016-05-19T00:32:54.5271672Z\",\r\n      \"allocationState\": \"steady\",\r\n      \"allocationStateTransitionTime\": \"2016-08-01T19:20:03.1275922Z\",\r\n      \"vmSize\": \"small\",\r\n      \"resizeTimeout\": \"PT15M\",\r\n      \"resizeError\": {\r\n        \"code\": \"ResizeStopped\",\r\n        \"message\": \"Desired number of dedicated nodes could not be allocated due to a StopPoolResize operation\"\r\n      },\r\n      \"currentDedicated\": 1,\r\n      \"targetDedicated\": 3,\r\n      \"enableAutoScale\": false,\r\n      \"enableInterNodeCommunication\": false,\r\n      \"maxTasksPerNode\": 1,\r\n      \"taskSchedulingPolicy\": {\r\n        \"nodeFillType\": \"Pack\"\r\n      },\r\n      \"cloudServiceConfiguration\": {\r\n        \"osFamily\": \"4\",\r\n        \"targetOSVersion\": \"*\",\r\n        \"currentOSVersion\": \"*\"\r\n      }\r\n    }\r\n  ]\r\n}",
      "ResponseHeaders": {
        "Content-Type": [
          "application/json; odata=minimalmetadata"
        ],
        "Transfer-Encoding": [
          "chunked"
        ],
        "request-id": [
          "68bcce2a-bb31-48f9-b35e-c99154b982e1"
        ],
        "Strict-Transport-Security": [
          "max-age=31536000; includeSubDomains"
        ],
        "DataServiceVersion": [
          "3.0"
        ],
        "Date": [
          "Mon, 01 Aug 2016 19:22:07 GMT"
        ],
        "Server": [
          "Microsoft-HTTPAPI/2.0"
        ]
      },
      "StatusCode": 200
    },
    {
      "RequestUri": "/pools?api-version=2016-07-01.3.1",
      "EncodedRequestUri": "L3Bvb2xzP2FwaS12ZXJzaW9uPTIwMTYtMDctMDEuMy4x",
      "RequestMethod": "GET",
      "RequestBody": "",
      "RequestHeaders": {
        "client-request-id": [
          "4332ec1d-399b-4820-9bbd-23632ad72905"
        ],
        "accept-language": [
          "en-US"
        ],
        "ocp-date": [
          "Mon, 01 Aug 2016 19:22:09 GMT"
        ],
        "User-Agent": [
          "Microsoft.Azure.Batch.Protocol.BatchServiceClient/5.0.0.0",
          "AzurePowershell/v1.6.0"
        ]
      },
      "ResponseBody": "{\r\n  \"odata.metadata\": \"https://pstestaccount.centralus.batch.azure.com/$metadata#pools\",\r\n  \"value\": [\r\n    {\r\n      \"id\": \"mpiPool\",\r\n      \"url\": \"https://pstestaccount.centralus.batch.azure.com/pools/mpiPool\",\r\n      \"eTag\": \"0x8D3BA3E56B9EE99\",\r\n      \"lastModified\": \"2016-08-01T19:02:09.5136409Z\",\r\n      \"creationTime\": \"2016-08-01T19:02:09.5136409Z\",\r\n      \"state\": \"active\",\r\n      \"stateTransitionTime\": \"2016-08-01T19:02:09.5136409Z\",\r\n      \"allocationState\": \"steady\",\r\n      \"allocationStateTransitionTime\": \"2016-08-01T19:03:34.3090585Z\",\r\n      \"vmSize\": \"small\",\r\n      \"resizeTimeout\": \"PT15M\",\r\n      \"currentDedicated\": 3,\r\n      \"targetDedicated\": 3,\r\n      \"enableAutoScale\": false,\r\n      \"enableInterNodeCommunication\": true,\r\n      \"maxTasksPerNode\": 1,\r\n      \"taskSchedulingPolicy\": {\r\n        \"nodeFillType\": \"Spread\"\r\n      },\r\n      \"cloudServiceConfiguration\": {\r\n        \"osFamily\": \"4\",\r\n        \"targetOSVersion\": \"*\",\r\n        \"currentOSVersion\": \"*\"\r\n      }\r\n    },\r\n    {\r\n      \"id\": \"testIaasPool\",\r\n      \"url\": \"https://pstestaccount.centralus.batch.azure.com/pools/testIaasPool\",\r\n      \"eTag\": \"0x8D3631B074A1A64\",\r\n      \"lastModified\": \"2016-04-12T21:40:12.6935652Z\",\r\n      \"creationTime\": \"2016-04-12T21:40:12.6935652Z\",\r\n      \"state\": \"active\",\r\n      \"stateTransitionTime\": \"2016-04-12T21:40:12.6935652Z\",\r\n      \"allocationState\": \"steady\",\r\n      \"allocationStateTransitionTime\": \"2016-04-12T21:42:40.5909292Z\",\r\n      \"vmSize\": \"standard_a1\",\r\n      \"resizeTimeout\": \"PT10M\",\r\n      \"currentDedicated\": 3,\r\n      \"targetDedicated\": 3,\r\n      \"enableAutoScale\": false,\r\n      \"enableInterNodeCommunication\": false,\r\n      \"maxTasksPerNode\": 1,\r\n      \"taskSchedulingPolicy\": {\r\n        \"nodeFillType\": \"Pack\"\r\n      },\r\n      \"virtualMachineConfiguration\": {\r\n        \"imageReference\": {\r\n          \"publisher\": \"Canonical\",\r\n          \"offer\": \"UbuntuServer\",\r\n          \"sku\": \"15.10\",\r\n          \"version\": \"latest\"\r\n        },\r\n        \"nodeAgentSKUId\": \"batch.node.debian 8\"\r\n      }\r\n    },\r\n    {\r\n      \"id\": \"testList1\",\r\n      \"url\": \"https://pstestaccount.centralus.batch.azure.com/pools/testList1\",\r\n      \"eTag\": \"0x8D3BA411FE1976E\",\r\n      \"lastModified\": \"2016-08-01T19:22:05.9890542Z\",\r\n      \"creationTime\": \"2016-08-01T19:22:05.9890542Z\",\r\n      \"state\": \"active\",\r\n      \"stateTransitionTime\": \"2016-08-01T19:22:05.9890542Z\",\r\n      \"allocationState\": \"steady\",\r\n      \"allocationStateTransitionTime\": \"2016-08-01T19:22:06.1990145Z\",\r\n      \"vmSize\": \"small\",\r\n      \"resizeTimeout\": \"PT15M\",\r\n      \"currentDedicated\": 0,\r\n      \"targetDedicated\": 0,\r\n      \"enableAutoScale\": false,\r\n      \"enableInterNodeCommunication\": true,\r\n      \"maxTasksPerNode\": 1,\r\n      \"taskSchedulingPolicy\": {\r\n        \"nodeFillType\": \"Spread\"\r\n      },\r\n      \"cloudServiceConfiguration\": {\r\n        \"osFamily\": \"4\",\r\n        \"targetOSVersion\": \"*\",\r\n        \"currentOSVersion\": \"*\"\r\n      }\r\n    },\r\n    {\r\n      \"id\": \"testList2\",\r\n      \"url\": \"https://pstestaccount.centralus.batch.azure.com/pools/testList2\",\r\n      \"eTag\": \"0x8D3BA412018EDC8\",\r\n      \"lastModified\": \"2016-08-01T19:22:06.3517128Z\",\r\n      \"creationTime\": \"2016-08-01T19:22:06.3517128Z\",\r\n      \"state\": \"active\",\r\n      \"stateTransitionTime\": \"2016-08-01T19:22:06.3517128Z\",\r\n      \"allocationState\": \"steady\",\r\n      \"allocationStateTransitionTime\": \"2016-08-01T19:22:06.5304331Z\",\r\n      \"vmSize\": \"small\",\r\n      \"resizeTimeout\": \"PT15M\",\r\n      \"currentDedicated\": 0,\r\n      \"targetDedicated\": 0,\r\n      \"enableAutoScale\": false,\r\n      \"enableInterNodeCommunication\": true,\r\n      \"maxTasksPerNode\": 1,\r\n      \"taskSchedulingPolicy\": {\r\n        \"nodeFillType\": \"Spread\"\r\n      },\r\n      \"cloudServiceConfiguration\": {\r\n        \"osFamily\": \"4\",\r\n        \"targetOSVersion\": \"*\",\r\n        \"currentOSVersion\": \"*\"\r\n      }\r\n    },\r\n    {\r\n      \"id\": \"testPool\",\r\n      \"url\": \"https://pstestaccount.centralus.batch.azure.com/pools/testPool\",\r\n      \"eTag\": \"0x8D3BA40BF20F39E\",\r\n      \"lastModified\": \"2016-08-01T19:19:23.6652958Z\",\r\n      \"creationTime\": \"2016-05-19T00:32:54.5271672Z\",\r\n      \"state\": \"active\",\r\n      \"stateTransitionTime\": \"2016-05-19T00:32:54.5271672Z\",\r\n      \"allocationState\": \"steady\",\r\n      \"allocationStateTransitionTime\": \"2016-08-01T19:20:03.1275922Z\",\r\n      \"vmSize\": \"small\",\r\n      \"resizeTimeout\": \"PT15M\",\r\n      \"resizeError\": {\r\n        \"code\": \"ResizeStopped\",\r\n        \"message\": \"Desired number of dedicated nodes could not be allocated due to a StopPoolResize operation\"\r\n      },\r\n      \"currentDedicated\": 1,\r\n      \"targetDedicated\": 3,\r\n      \"enableAutoScale\": false,\r\n      \"enableInterNodeCommunication\": false,\r\n      \"maxTasksPerNode\": 1,\r\n      \"taskSchedulingPolicy\": {\r\n        \"nodeFillType\": \"Pack\"\r\n      },\r\n      \"cloudServiceConfiguration\": {\r\n        \"osFamily\": \"4\",\r\n        \"targetOSVersion\": \"*\",\r\n        \"currentOSVersion\": \"*\"\r\n      }\r\n    },\r\n    {\r\n      \"id\": \"thirdTestList\",\r\n      \"url\": \"https://pstestaccount.centralus.batch.azure.com/pools/thirdTestList\",\r\n      \"eTag\": \"0x8D3BA41204DA335\",\r\n      \"lastModified\": \"2016-08-01T19:22:06.6971445Z\",\r\n      \"creationTime\": \"2016-08-01T19:22:06.6971445Z\",\r\n      \"state\": \"active\",\r\n      \"stateTransitionTime\": \"2016-08-01T19:22:06.6971445Z\",\r\n      \"allocationState\": \"steady\",\r\n      \"allocationStateTransitionTime\": \"2016-08-01T19:22:06.8551752Z\",\r\n      \"vmSize\": \"small\",\r\n      \"resizeTimeout\": \"PT15M\",\r\n      \"currentDedicated\": 0,\r\n      \"targetDedicated\": 0,\r\n      \"enableAutoScale\": false,\r\n      \"enableInterNodeCommunication\": true,\r\n      \"maxTasksPerNode\": 1,\r\n      \"taskSchedulingPolicy\": {\r\n        \"nodeFillType\": \"Spread\"\r\n      },\r\n      \"cloudServiceConfiguration\": {\r\n        \"osFamily\": \"4\",\r\n        \"targetOSVersion\": \"*\",\r\n        \"currentOSVersion\": \"*\"\r\n      }\r\n    }\r\n  ]\r\n}",
      "ResponseHeaders": {
        "Content-Type": [
          "application/json; odata=minimalmetadata"
        ],
        "Transfer-Encoding": [
          "chunked"
        ],
        "request-id": [
          "6900c396-3e3e-45a3-aab7-3caea66f45d9"
        ],
        "Strict-Transport-Security": [
          "max-age=31536000; includeSubDomains"
        ],
        "DataServiceVersion": [
          "3.0"
        ],
        "Date": [
          "Mon, 01 Aug 2016 19:22:09 GMT"
        ],
        "Server": [
          "Microsoft-HTTPAPI/2.0"
        ]
      },
      "StatusCode": 200
    },
    {
      "RequestUri": "/pools?api-version=2016-07-01.3.1",
      "EncodedRequestUri": "L3Bvb2xzP2FwaS12ZXJzaW9uPTIwMTYtMDctMDEuMy4x",
      "RequestMethod": "POST",
      "RequestBody": "{\r\n  \"id\": \"testList1\",\r\n  \"vmSize\": \"small\",\r\n  \"cloudServiceConfiguration\": {\r\n    \"osFamily\": \"4\",\r\n    \"targetOSVersion\": \"*\"\r\n  },\r\n  \"targetDedicated\": 0,\r\n  \"enableInterNodeCommunication\": true\r\n}",
      "RequestHeaders": {
        "Content-Type": [
          "application/json; odata=minimalmetadata; charset=utf-8"
        ],
        "Content-Length": [
          "203"
        ],
        "client-request-id": [
          "735fe114-894e-44fc-b8f6-9ceb7021750b"
        ],
        "accept-language": [
          "en-US"
        ],
        "ocp-date": [
          "Mon, 01 Aug 2016 19:22:08 GMT"
        ],
        "User-Agent": [
          "Microsoft.Azure.Batch.Protocol.BatchServiceClient/5.0.0.0",
          "AzurePowershell/v1.6.0"
        ]
      },
      "ResponseBody": "",
      "ResponseHeaders": {
        "Last-Modified": [
          "Mon, 01 Aug 2016 19:22:05 GMT"
        ],
        "Transfer-Encoding": [
          "chunked"
        ],
        "request-id": [
          "c6b527dc-7a09-4796-badf-629bb91970b5"
        ],
        "Strict-Transport-Security": [
          "max-age=31536000; includeSubDomains"
        ],
        "DataServiceVersion": [
          "3.0"
        ],
        "DataServiceId": [
          "https://pstestaccount.centralus.batch.azure.com/pools/testList1"
        ],
        "Date": [
          "Mon, 01 Aug 2016 19:22:07 GMT"
        ],
        "ETag": [
          "0x8D3BA411FE1976E"
        ],
        "Location": [
          "https://pstestaccount.centralus.batch.azure.com/pools/testList1"
        ],
        "Server": [
          "Microsoft-HTTPAPI/2.0"
        ]
      },
      "StatusCode": 201
    },
    {
      "RequestUri": "/pools?api-version=2016-07-01.3.1",
      "EncodedRequestUri": "L3Bvb2xzP2FwaS12ZXJzaW9uPTIwMTYtMDctMDEuMy4x",
      "RequestMethod": "POST",
      "RequestBody": "{\r\n  \"id\": \"testList2\",\r\n  \"vmSize\": \"small\",\r\n  \"cloudServiceConfiguration\": {\r\n    \"osFamily\": \"4\",\r\n    \"targetOSVersion\": \"*\"\r\n  },\r\n  \"targetDedicated\": 0,\r\n  \"enableInterNodeCommunication\": true\r\n}",
      "RequestHeaders": {
        "Content-Type": [
          "application/json; odata=minimalmetadata; charset=utf-8"
        ],
        "Content-Length": [
          "203"
        ],
        "client-request-id": [
          "674c15b1-d590-4dc9-bdf4-cf9dce294a44"
        ],
        "accept-language": [
          "en-US"
        ],
        "ocp-date": [
          "Mon, 01 Aug 2016 19:22:08 GMT"
        ],
        "User-Agent": [
          "Microsoft.Azure.Batch.Protocol.BatchServiceClient/5.0.0.0",
          "AzurePowershell/v1.6.0"
        ]
      },
      "ResponseBody": "",
      "ResponseHeaders": {
        "Last-Modified": [
          "Mon, 01 Aug 2016 19:22:06 GMT"
        ],
        "Transfer-Encoding": [
          "chunked"
        ],
        "request-id": [
          "00e5a43f-e032-4791-b811-657b7ab288d6"
        ],
        "Strict-Transport-Security": [
          "max-age=31536000; includeSubDomains"
        ],
        "DataServiceVersion": [
          "3.0"
        ],
        "DataServiceId": [
          "https://pstestaccount.centralus.batch.azure.com/pools/testList2"
        ],
        "Date": [
          "Mon, 01 Aug 2016 19:22:08 GMT"
        ],
        "ETag": [
          "0x8D3BA412018EDC8"
        ],
        "Location": [
          "https://pstestaccount.centralus.batch.azure.com/pools/testList2"
        ],
        "Server": [
          "Microsoft-HTTPAPI/2.0"
        ]
      },
      "StatusCode": 201
    },
    {
      "RequestUri": "/pools?api-version=2016-07-01.3.1",
      "EncodedRequestUri": "L3Bvb2xzP2FwaS12ZXJzaW9uPTIwMTYtMDctMDEuMy4x",
      "RequestMethod": "POST",
      "RequestBody": "{\r\n  \"id\": \"thirdTestList\",\r\n  \"vmSize\": \"small\",\r\n  \"cloudServiceConfiguration\": {\r\n    \"osFamily\": \"4\",\r\n    \"targetOSVersion\": \"*\"\r\n  },\r\n  \"targetDedicated\": 0,\r\n  \"enableInterNodeCommunication\": true\r\n}",
      "RequestHeaders": {
        "Content-Type": [
          "application/json; odata=minimalmetadata; charset=utf-8"
        ],
        "Content-Length": [
          "207"
        ],
        "client-request-id": [
          "218c4729-c0cb-447d-a724-d3e31b68f6d2"
        ],
        "accept-language": [
          "en-US"
        ],
        "ocp-date": [
          "Mon, 01 Aug 2016 19:22:09 GMT"
        ],
        "User-Agent": [
          "Microsoft.Azure.Batch.Protocol.BatchServiceClient/5.0.0.0",
          "AzurePowershell/v1.6.0"
        ]
      },
      "ResponseBody": "",
      "ResponseHeaders": {
        "Last-Modified": [
          "Mon, 01 Aug 2016 19:22:06 GMT"
        ],
        "Transfer-Encoding": [
          "chunked"
        ],
        "request-id": [
          "98a8cb04-4515-4551-a800-7ab3d9e2c077"
        ],
        "Strict-Transport-Security": [
          "max-age=31536000; includeSubDomains"
        ],
        "DataServiceVersion": [
          "3.0"
        ],
        "DataServiceId": [
          "https://pstestaccount.centralus.batch.azure.com/pools/thirdTestList"
        ],
        "Date": [
          "Mon, 01 Aug 2016 19:22:08 GMT"
        ],
        "ETag": [
          "0x8D3BA41204DA335"
        ],
        "Location": [
          "https://pstestaccount.centralus.batch.azure.com/pools/thirdTestList"
        ],
        "Server": [
          "Microsoft-HTTPAPI/2.0"
        ]
      },
      "StatusCode": 201
    },
    {
      "RequestUri": "/pools/testList1?api-version=2016-07-01.3.1",
      "EncodedRequestUri": "L3Bvb2xzL3Rlc3RMaXN0MT9hcGktdmVyc2lvbj0yMDE2LTA3LTAxLjMuMQ==",
      "RequestMethod": "DELETE",
      "RequestBody": "",
      "RequestHeaders": {
        "client-request-id": [
          "68d8cb0a-3915-4b26-a661-002a4b9cfe22"
        ],
        "accept-language": [
          "en-US"
        ],
        "ocp-date": [
          "Mon, 01 Aug 2016 19:22:10 GMT"
        ],
        "User-Agent": [
          "Microsoft.Azure.Batch.Protocol.BatchServiceClient/5.0.0.0",
          "AzurePowershell/v1.6.0"
        ]
      },
      "ResponseBody": "",
      "ResponseHeaders": {
        "Transfer-Encoding": [
          "chunked"
        ],
        "request-id": [
          "ed422ad6-ed13-4f95-98c5-06fb5d8cbbfd"
        ],
        "Strict-Transport-Security": [
          "max-age=31536000; includeSubDomains"
        ],
        "DataServiceVersion": [
          "3.0"
        ],
        "Date": [
          "Mon, 01 Aug 2016 19:22:09 GMT"
        ],
        "Server": [
          "Microsoft-HTTPAPI/2.0"
        ]
      },
      "StatusCode": 202
    },
    {
      "RequestUri": "/pools/testList2?api-version=2016-07-01.3.1",
      "EncodedRequestUri": "L3Bvb2xzL3Rlc3RMaXN0Mj9hcGktdmVyc2lvbj0yMDE2LTA3LTAxLjMuMQ==",
      "RequestMethod": "DELETE",
      "RequestBody": "",
      "RequestHeaders": {
        "client-request-id": [
          "24ffce2c-db6d-4d02-9a24-7ee9a65a8d11"
        ],
        "accept-language": [
          "en-US"
        ],
        "ocp-date": [
          "Mon, 01 Aug 2016 19:22:10 GMT"
        ],
        "User-Agent": [
          "Microsoft.Azure.Batch.Protocol.BatchServiceClient/5.0.0.0",
          "AzurePowershell/v1.6.0"
        ]
      },
      "ResponseBody": "",
      "ResponseHeaders": {
        "Transfer-Encoding": [
          "chunked"
        ],
        "request-id": [
          "b35bdc0f-b0dc-4710-b089-32b0bcc533de"
        ],
        "Strict-Transport-Security": [
          "max-age=31536000; includeSubDomains"
        ],
        "DataServiceVersion": [
          "3.0"
        ],
        "Date": [
          "Mon, 01 Aug 2016 19:22:09 GMT"
        ],
        "Server": [
          "Microsoft-HTTPAPI/2.0"
        ]
      },
      "StatusCode": 202
    },
    {
      "RequestUri": "/pools/thirdTestList?api-version=2016-07-01.3.1",
      "EncodedRequestUri": "L3Bvb2xzL3RoaXJkVGVzdExpc3Q/YXBpLXZlcnNpb249MjAxNi0wNy0wMS4zLjE=",
      "RequestMethod": "DELETE",
      "RequestBody": "",
      "RequestHeaders": {
        "client-request-id": [
          "1d88d176-07e8-4d86-ace8-cb528667a2a2"
        ],
        "accept-language": [
          "en-US"
        ],
        "ocp-date": [
          "Mon, 01 Aug 2016 19:22:10 GMT"
        ],
        "User-Agent": [
          "Microsoft.Azure.Batch.Protocol.BatchServiceClient/5.0.0.0",
          "AzurePowershell/v1.6.0"
        ]
      },
      "ResponseBody": "",
      "ResponseHeaders": {
        "Transfer-Encoding": [
          "chunked"
        ],
        "request-id": [
          "3919b1f3-6b43-4ca4-870c-44159c8e9bb1"
        ],
        "Strict-Transport-Security": [
          "max-age=31536000; includeSubDomains"
        ],
        "DataServiceVersion": [
          "3.0"
        ],
        "Date": [
          "Mon, 01 Aug 2016 19:22:09 GMT"
        ],
        "Server": [
          "Microsoft-HTTPAPI/2.0"
        ]
      },
      "StatusCode": 202
    }
  ],
  "Names": {},
  "Variables": {
    "SubscriptionId": "46241355-bb95-46a9-ba6c-42b554d71925",
    "AZURE_BATCH_ACCOUNT": "pstestaccount",
    "AZURE_BATCH_ENDPOINT": "https://pstestaccount.centralus.batch.azure.com",
    "AZURE_BATCH_RESOURCE_GROUP": "AccountMgmtSampleGroup"
  }
}