{
  "Entries": [
    {
      "RequestUri": "/pools?api-version=2017-01-01.4.0",
      "EncodedRequestUri": "L3Bvb2xzP2FwaS12ZXJzaW9uPTIwMTctMDEtMDEuNC4w",
      "RequestMethod": "POST",
      "RequestBody": "{\r\n  \"id\": \"pool1\",\r\n  \"vmSize\": \"small\",\r\n  \"cloudServiceConfiguration\": {\r\n    \"osFamily\": \"4\",\r\n    \"targetOSVersion\": \"*\"\r\n  },\r\n  \"targetDedicated\": 0,\r\n  \"enableInterNodeCommunication\": false\r\n}",
      "RequestHeaders": {
        "Content-Type": [
          "application/json; odata=minimalmetadata; charset=utf-8"
        ],
        "Content-Length": [
          "200"
        ],
        "client-request-id": [
          "a8dd9852-45d6-4f15-bcd7-b64d4c2699c5"
        ],
        "accept-language": [
          "en-US"
        ],
        "ocp-date": [
          "Thu, 09 Feb 2017 17:18:03 GMT"
        ],
        "User-Agent": [
          "FxVersion/4.6.1586.0",
          "OSName/Windows_10_Enterprise",
          "OSVersion/6.3.14393",
          "Microsoft.Azure.Batch.Protocol.BatchServiceClient/6.0.0.0",
          "AzurePowershell/v3.4.0"
        ]
      },
      "ResponseBody": "",
      "ResponseHeaders": {
        "Last-Modified": [
          "Thu, 09 Feb 2017 17:18:03 GMT"
        ],
        "Transfer-Encoding": [
          "chunked"
        ],
        "request-id": [
          "fd11e1fb-aba8-448f-bb84-a307da01c0bf"
        ],
        "Strict-Transport-Security": [
          "max-age=31536000; includeSubDomains"
        ],
        "X-Content-Type-Options": [
          "nosniff"
        ],
        "DataServiceVersion": [
          "3.0"
        ],
        "DataServiceId": [
          "https://jstesteastus2.eastus2.batch.azure.com/pools/pool1"
        ],
        "Date": [
          "Thu, 09 Feb 2017 17:18:02 GMT"
        ],
        "ETag": [
          "0x8D4510F9B2A2398"
        ],
        "Location": [
          "https://jstesteastus2.eastus2.batch.azure.com/pools/pool1"
        ],
        "Server": [
          "Microsoft-HTTPAPI/2.0"
        ]
      },
      "StatusCode": 201
    },
    {
      "RequestUri": "/pools?api-version=2017-01-01.4.0",
      "EncodedRequestUri": "L3Bvb2xzP2FwaS12ZXJzaW9uPTIwMTctMDEtMDEuNC4w",
      "RequestMethod": "POST",
      "RequestBody": "{\r\n  \"id\": \"pool2\",\r\n  \"vmSize\": \"standard_a1\",\r\n  \"virtualMachineConfiguration\": {\r\n    \"imageReference\": {\r\n      \"publisher\": \"Canonical\",\r\n      \"offer\": \"UbuntuServer\",\r\n      \"sku\": \"16.04.0-LTS\"\r\n    },\r\n    \"nodeAgentSKUId\": \"batch.node.ubuntu 16.04\"\r\n  },\r\n  \"targetDedicated\": 0,\r\n  \"enableInterNodeCommunication\": false\r\n}",
      "RequestHeaders": {
        "Content-Type": [
          "application/json; odata=minimalmetadata; charset=utf-8"
        ],
        "Content-Length": [
          "333"
        ],
        "client-request-id": [
          "2ddca375-6966-4cd3-891d-5295e19d69d0"
        ],
        "accept-language": [
          "en-US"
        ],
        "ocp-date": [
          "Thu, 09 Feb 2017 17:18:03 GMT"
        ],
        "User-Agent": [
          "FxVersion/4.6.1586.0",
          "OSName/Windows_10_Enterprise",
          "OSVersion/6.3.14393",
          "Microsoft.Azure.Batch.Protocol.BatchServiceClient/6.0.0.0",
          "AzurePowershell/v3.4.0"
        ]
      },
      "ResponseBody": "",
      "ResponseHeaders": {
        "Last-Modified": [
          "Thu, 09 Feb 2017 17:18:03 GMT"
        ],
        "Transfer-Encoding": [
          "chunked"
        ],
        "request-id": [
          "9a8a60b9-6a6a-4140-8fdb-7621e3fd5421"
        ],
        "Strict-Transport-Security": [
          "max-age=31536000; includeSubDomains"
        ],
        "X-Content-Type-Options": [
          "nosniff"
        ],
        "DataServiceVersion": [
          "3.0"
        ],
        "DataServiceId": [
          "https://jstesteastus2.eastus2.batch.azure.com/pools/pool2"
        ],
        "Date": [
          "Thu, 09 Feb 2017 17:18:02 GMT"
        ],
        "ETag": [
          "0x8D4510F9B57023F"
        ],
        "Location": [
          "https://jstesteastus2.eastus2.batch.azure.com/pools/pool2"
        ],
        "Server": [
          "Microsoft-HTTPAPI/2.0"
        ]
      },
      "StatusCode": 201
    },
    {
      "RequestUri": "/pools?api-version=2017-01-01.4.0&$filter=id%20eq%20'pool1'%20or%20id%20eq%20'pool2'",
      "EncodedRequestUri": "L3Bvb2xzP2FwaS12ZXJzaW9uPTIwMTctMDEtMDEuNC4wJiRmaWx0ZXI9aWQlMjBlcSUyMCUyN3Bvb2wxJTI3JTIwb3IlMjBpZCUyMGVxJTIwJTI3cG9vbDIlMjc=",
      "RequestMethod": "GET",
      "RequestBody": "",
      "RequestHeaders": {
        "client-request-id": [
          "98f66e61-b1dc-4d76-a583-c03362f0ad48"
        ],
        "accept-language": [
          "en-US"
        ],
        "ocp-date": [
          "Thu, 09 Feb 2017 17:18:03 GMT"
        ],
        "User-Agent": [
          "FxVersion/4.6.1586.0",
          "OSName/Windows_10_Enterprise",
          "OSVersion/6.3.14393",
          "Microsoft.Azure.Batch.Protocol.BatchServiceClient/6.0.0.0",
          "AzurePowershell/v3.4.0"
        ]
      },
      "ResponseBody": "{\r\n  \"odata.metadata\": \"https://jstesteastus2.eastus2.batch.azure.com/$metadata#pools\",\r\n  \"value\": [\r\n    {\r\n      \"id\": \"pool1\",\r\n      \"url\": \"https://jstesteastus2.eastus2.batch.azure.com/pools/pool1\",\r\n      \"eTag\": \"0x8D4510F9B2A2398\",\r\n      \"lastModified\": \"2017-02-09T17:18:03.567196Z\",\r\n      \"creationTime\": \"2017-02-09T17:18:03.567196Z\",\r\n      \"state\": \"active\",\r\n      \"stateTransitionTime\": \"2017-02-09T17:18:03.567196Z\",\r\n      \"allocationState\": \"steady\",\r\n      \"allocationStateTransitionTime\": \"2017-02-09T17:18:03.7149042Z\",\r\n      \"vmSize\": \"small\",\r\n      \"resizeTimeout\": \"PT15M\",\r\n      \"currentDedicated\": 0,\r\n      \"targetDedicated\": 0,\r\n      \"enableAutoScale\": false,\r\n      \"enableInterNodeCommunication\": false,\r\n      \"maxTasksPerNode\": 1,\r\n      \"taskSchedulingPolicy\": {\r\n        \"nodeFillType\": \"Spread\"\r\n      },\r\n      \"cloudServiceConfiguration\": {\r\n        \"osFamily\": \"4\",\r\n        \"targetOSVersion\": \"*\",\r\n        \"currentOSVersion\": \"*\"\r\n      }\r\n    },\r\n    {\r\n      \"id\": \"pool2\",\r\n      \"url\": \"https://jstesteastus2.eastus2.batch.azure.com/pools/pool2\",\r\n      \"eTag\": \"0x8D4510F9B57023F\",\r\n      \"lastModified\": \"2017-02-09T17:18:03.8612543Z\",\r\n      \"creationTime\": \"2017-02-09T17:18:03.8612543Z\",\r\n      \"state\": \"active\",\r\n      \"stateTransitionTime\": \"2017-02-09T17:18:03.8612543Z\",\r\n      \"allocationState\": \"resizing\",\r\n      \"allocationStateTransitionTime\": \"2017-02-09T17:18:03.8612543Z\",\r\n      \"vmSize\": \"standard_a1\",\r\n      \"resizeTimeout\": \"PT15M\",\r\n      \"currentDedicated\": 0,\r\n      \"targetDedicated\": 0,\r\n      \"enableAutoScale\": false,\r\n      \"enableInterNodeCommunication\": false,\r\n      \"maxTasksPerNode\": 1,\r\n      \"taskSchedulingPolicy\": {\r\n        \"nodeFillType\": \"Spread\"\r\n      },\r\n      \"virtualMachineConfiguration\": {\r\n        \"imageReference\": {\r\n          \"publisher\": \"Canonical\",\r\n          \"offer\": \"UbuntuServer\",\r\n          \"sku\": \"16.04.0-LTS\",\r\n          \"version\": \"latest\"\r\n        },\r\n        \"nodeAgentSKUId\": \"batch.node.ubuntu 16.04\"\r\n      }\r\n    }\r\n  ]\r\n}",
      "ResponseHeaders": {
        "Content-Type": [
          "application/json; odata=minimalmetadata"
        ],
        "Transfer-Encoding": [
          "chunked"
        ],
        "request-id": [
          "48d9a9e5-409a-4e0c-ad75-5a949ad22beb"
        ],
        "Strict-Transport-Security": [
          "max-age=31536000; includeSubDomains"
        ],
        "X-Content-Type-Options": [
          "nosniff"
        ],
        "DataServiceVersion": [
          "3.0"
        ],
        "Date": [
          "Thu, 09 Feb 2017 17:18:02 GMT"
        ],
        "Server": [
          "Microsoft-HTTPAPI/2.0"
        ]
      },
      "StatusCode": 200
    },
    {
      "RequestUri": "/pools/pool2/updateproperties?api-version=2017-01-01.4.0",
      "EncodedRequestUri": "L3Bvb2xzL3Bvb2wyL3VwZGF0ZXByb3BlcnRpZXM/YXBpLXZlcnNpb249MjAxNy0wMS0wMS40LjA=",
      "RequestMethod": "POST",
      "RequestBody": "{\r\n  \"startTask\": {\r\n    \"commandLine\": \"/bin/bash -c 'echo start task'\"\r\n  },\r\n  \"certificateReferences\": [],\r\n  \"applicationPackageReferences\": [],\r\n  \"metadata\": []\r\n}",
      "RequestHeaders": {
        "Content-Type": [
          "application/json; odata=minimalmetadata; charset=utf-8"
        ],
        "Content-Length": [
          "170"
        ],
        "client-request-id": [
          "a9b4a5b2-1e58-4abf-943c-808081c2b41d"
        ],
        "accept-language": [
          "en-US"
        ],
        "ocp-date": [
          "Thu, 09 Feb 2017 17:18:04 GMT"
        ],
        "User-Agent": [
          "FxVersion/4.6.1586.0",
          "OSName/Windows_10_Enterprise",
          "OSVersion/6.3.14393",
          "Microsoft.Azure.Batch.Protocol.BatchServiceClient/6.0.0.0",
          "AzurePowershell/v3.4.0"
        ]
      },
      "ResponseBody": "",
      "ResponseHeaders": {
        "Content-Length": [
          "0"
        ],
        "Last-Modified": [
          "Thu, 09 Feb 2017 17:18:06 GMT"
        ],
        "request-id": [
          "f03ad71c-70a3-4ac7-98e3-b2dc2e378304"
        ],
        "Strict-Transport-Security": [
          "max-age=31536000; includeSubDomains"
        ],
        "X-Content-Type-Options": [
          "nosniff"
        ],
        "DataServiceVersion": [
          "3.0"
        ],
        "DataServiceId": [
          "https://jstesteastus2.eastus2.batch.azure.com/pools/pool2/updateproperties"
        ],
        "Date": [
          "Thu, 09 Feb 2017 17:18:05 GMT"
        ],
        "ETag": [
          "0x8D4510F9CCB01C4"
        ],
        "Server": [
          "Microsoft-HTTPAPI/2.0"
        ]
      },
      "StatusCode": 204
    },
    {
      "RequestUri": "/pools/pool2?api-version=2017-01-01.4.0",
      "EncodedRequestUri": "L3Bvb2xzL3Bvb2wyP2FwaS12ZXJzaW9uPTIwMTctMDEtMDEuNC4w",
      "RequestMethod": "GET",
      "RequestBody": "",
      "RequestHeaders": {
        "client-request-id": [
          "e8ce771e-4fac-407e-8e9d-13fd716200c7"
        ],
        "accept-language": [
          "en-US"
        ],
        "ocp-date": [
          "Thu, 09 Feb 2017 17:18:06 GMT"
        ],
        "User-Agent": [
          "FxVersion/4.6.1586.0",
          "OSName/Windows_10_Enterprise",
          "OSVersion/6.3.14393",
          "Microsoft.Azure.Batch.Protocol.BatchServiceClient/6.0.0.0",
          "AzurePowershell/v3.4.0"
        ]
      },
      "ResponseBody": "{\r\n  \"odata.metadata\": \"https://jstesteastus2.eastus2.batch.azure.com/$metadata#pools/@Element\",\r\n  \"id\": \"pool2\",\r\n  \"url\": \"https://jstesteastus2.eastus2.batch.azure.com/pools/pool2\",\r\n  \"eTag\": \"0x8D4510F9CCB01C4\",\r\n  \"lastModified\": \"2017-02-09T17:18:06.2991812Z\",\r\n  \"creationTime\": \"2017-02-09T17:18:03.8612543Z\",\r\n  \"state\": \"active\",\r\n  \"stateTransitionTime\": \"2017-02-09T17:18:03.8612543Z\",\r\n  \"allocationState\": \"steady\",\r\n  \"allocationStateTransitionTime\": \"2017-02-09T17:18:04.575894Z\",\r\n  \"vmSize\": \"standard_a1\",\r\n  \"resizeTimeout\": \"PT15M\",\r\n  \"currentDedicated\": 0,\r\n  \"targetDedicated\": 0,\r\n  \"enableAutoScale\": false,\r\n  \"enableInterNodeCommunication\": false,\r\n  \"startTask\": {\r\n    \"commandLine\": \"/bin/bash -c 'echo start task'\",\r\n    \"maxTaskRetryCount\": 0,\r\n    \"waitForSuccess\": false\r\n  },\r\n  \"maxTasksPerNode\": 1,\r\n  \"taskSchedulingPolicy\": {\r\n    \"nodeFillType\": \"Spread\"\r\n  },\r\n  \"virtualMachineConfiguration\": {\r\n    \"imageReference\": {\r\n      \"publisher\": \"Canonical\",\r\n      \"offer\": \"UbuntuServer\",\r\n      \"sku\": \"16.04.0-LTS\",\r\n      \"version\": \"latest\"\r\n    },\r\n    \"nodeAgentSKUId\": \"batch.node.ubuntu 16.04\"\r\n  }\r\n}",
      "ResponseHeaders": {
        "Content-Type": [
          "application/json; odata=minimalmetadata"
        ],
        "Last-Modified": [
          "Thu, 09 Feb 2017 17:18:06 GMT"
        ],
        "Transfer-Encoding": [
          "chunked"
        ],
        "request-id": [
          "14793637-0ebe-4a16-96d7-26428059e196"
        ],
        "Strict-Transport-Security": [
          "max-age=31536000; includeSubDomains"
        ],
        "X-Content-Type-Options": [
          "nosniff"
        ],
        "DataServiceVersion": [
          "3.0"
        ],
        "Date": [
          "Thu, 09 Feb 2017 17:18:05 GMT"
        ],
        "ETag": [
          "0x8D4510F9CCB01C4"
        ],
        "Server": [
          "Microsoft-HTTPAPI/2.0"
        ]
      },
      "StatusCode": 200
    },
    {
      "RequestUri": "/pools/pool1?api-version=2017-01-01.4.0",
      "EncodedRequestUri": "L3Bvb2xzL3Bvb2wxP2FwaS12ZXJzaW9uPTIwMTctMDEtMDEuNC4w",
      "RequestMethod": "DELETE",
      "RequestBody": "",
      "RequestHeaders": {
        "client-request-id": [
          "be86679c-1b00-4cac-a085-7c05bfbd9c7c"
        ],
        "accept-language": [
          "en-US"
        ],
        "ocp-date": [
          "Thu, 09 Feb 2017 17:18:06 GMT"
        ],
        "User-Agent": [
          "FxVersion/4.6.1586.0",
          "OSName/Windows_10_Enterprise",
          "OSVersion/6.3.14393",
          "Microsoft.Azure.Batch.Protocol.BatchServiceClient/6.0.0.0",
          "AzurePowershell/v3.4.0"
        ]
      },
      "ResponseBody": "",
      "ResponseHeaders": {
        "Transfer-Encoding": [
          "chunked"
        ],
        "request-id": [
          "5af11f73-df9a-4073-a8c1-2c7dec6cfd1b"
        ],
        "Strict-Transport-Security": [
          "max-age=31536000; includeSubDomains"
        ],
        "X-Content-Type-Options": [
          "nosniff"
        ],
        "DataServiceVersion": [
          "3.0"
        ],
        "Date": [
          "Thu, 09 Feb 2017 17:18:05 GMT"
        ],
        "Server": [
          "Microsoft-HTTPAPI/2.0"
        ]
      },
      "StatusCode": 202
    },
    {
      "RequestUri": "/pools/pool2?api-version=2017-01-01.4.0",
      "EncodedRequestUri": "L3Bvb2xzL3Bvb2wyP2FwaS12ZXJzaW9uPTIwMTctMDEtMDEuNC4w",
      "RequestMethod": "DELETE",
      "RequestBody": "",
      "RequestHeaders": {
        "client-request-id": [
          "d35ac3ae-f032-4b50-b56f-e3f2f34f7c37"
        ],
        "accept-language": [
          "en-US"
        ],
        "ocp-date": [
          "Thu, 09 Feb 2017 17:18:06 GMT"
        ],
        "User-Agent": [
          "FxVersion/4.6.1586.0",
          "OSName/Windows_10_Enterprise",
          "OSVersion/6.3.14393",
          "Microsoft.Azure.Batch.Protocol.BatchServiceClient/6.0.0.0",
          "AzurePowershell/v3.4.0"
        ]
      },
      "ResponseBody": "",
      "ResponseHeaders": {
        "Transfer-Encoding": [
          "chunked"
        ],
        "request-id": [
          "9e159bff-c76e-4404-953d-6a4ea5c2cbc1"
        ],
        "Strict-Transport-Security": [
          "max-age=31536000; includeSubDomains"
        ],
        "X-Content-Type-Options": [
          "nosniff"
        ],
        "DataServiceVersion": [
          "3.0"
        ],
        "Date": [
          "Thu, 09 Feb 2017 17:18:05 GMT"
        ],
        "Server": [
          "Microsoft-HTTPAPI/2.0"
        ]
      },
      "StatusCode": 202
    },
    {
      "RequestUri": "/pools?api-version=2017-01-01.4.0",
      "EncodedRequestUri": "L3Bvb2xzP2FwaS12ZXJzaW9uPTIwMTctMDEtMDEuNC4w",
      "RequestMethod": "GET",
      "RequestBody": "",
      "RequestHeaders": {
        "client-request-id": [
          "1002263d-aacb-400f-9112-ce96b910195e"
        ],
        "accept-language": [
          "en-US"
        ],
        "ocp-date": [
          "Thu, 09 Feb 2017 17:18:06 GMT"
        ],
        "User-Agent": [
          "FxVersion/4.6.1586.0",
          "OSName/Windows_10_Enterprise",
          "OSVersion/6.3.14393",
          "Microsoft.Azure.Batch.Protocol.BatchServiceClient/6.0.0.0",
          "AzurePowershell/v3.4.0"
        ]
      },
      "ResponseBody": "{\r\n  \"odata.metadata\": \"https://jstesteastus2.eastus2.batch.azure.com/$metadata#pools\",\r\n  \"value\": [\r\n    {\r\n      \"id\": \"mpiPool\",\r\n      \"url\": \"https://jstesteastus2.eastus2.batch.azure.com/pools/mpiPool\",\r\n      \"eTag\": \"0x8D45073C8128958\",\r\n      \"lastModified\": \"2017-02-08T22:42:37.4201688Z\",\r\n      \"creationTime\": \"2017-02-08T22:42:37.4201688Z\",\r\n      \"state\": \"active\",\r\n      \"stateTransitionTime\": \"2017-02-08T22:42:37.4201688Z\",\r\n      \"allocationState\": \"steady\",\r\n      \"allocationStateTransitionTime\": \"2017-02-08T22:43:43.0270213Z\",\r\n      \"vmSize\": \"small\",\r\n      \"resizeTimeout\": \"PT15M\",\r\n      \"currentDedicated\": 3,\r\n      \"targetDedicated\": 3,\r\n      \"enableAutoScale\": false,\r\n      \"enableInterNodeCommunication\": true,\r\n      \"maxTasksPerNode\": 1,\r\n      \"taskSchedulingPolicy\": {\r\n        \"nodeFillType\": \"Spread\"\r\n      },\r\n      \"cloudServiceConfiguration\": {\r\n        \"osFamily\": \"4\",\r\n        \"targetOSVersion\": \"*\",\r\n        \"currentOSVersion\": \"*\"\r\n      }\r\n    },\r\n    {\r\n      \"id\": \"resizePool\",\r\n      \"url\": \"https://jstesteastus2.eastus2.batch.azure.com/pools/resizePool\",\r\n      \"eTag\": \"0x8D4510F990E67D2\",\r\n      \"lastModified\": \"2017-02-09T17:18:00.0299986Z\",\r\n      \"creationTime\": \"2017-02-09T17:17:58.722308Z\",\r\n      \"state\": \"deleting\",\r\n      \"stateTransitionTime\": \"2017-02-09T17:18:00.0299986Z\",\r\n      \"allocationState\": \"stopping\",\r\n      \"allocationStateTransitionTime\": \"2017-02-09T17:17:59.7844667Z\",\r\n      \"vmSize\": \"small\",\r\n      \"resizeTimeout\": \"PT15M\",\r\n      \"currentDedicated\": 0,\r\n      \"targetDedicated\": 1,\r\n      \"enableAutoScale\": false,\r\n      \"enableInterNodeCommunication\": true,\r\n      \"maxTasksPerNode\": 1,\r\n      \"taskSchedulingPolicy\": {\r\n        \"nodeFillType\": \"Spread\"\r\n      },\r\n      \"cloudServiceConfiguration\": {\r\n        \"osFamily\": \"4\",\r\n        \"targetOSVersion\": \"*\",\r\n        \"currentOSVersion\": \"*\"\r\n      }\r\n    },\r\n    {\r\n      \"id\": \"testCreatePoolWithAppPackages\",\r\n      \"url\": \"https://jstesteastus2.eastus2.batch.azure.com/pools/testCreatePoolWithAppPackages\",\r\n      \"eTag\": \"0x8D4510F8FD8BC6E\",\r\n      \"lastModified\": \"2017-02-09T17:17:44.5787758Z\",\r\n      \"creationTime\": \"2017-02-09T17:17:43.6582283Z\",\r\n      \"state\": \"deleting\",\r\n      \"stateTransitionTime\": \"2017-02-09T17:17:44.5787758Z\",\r\n      \"allocationState\": \"resizing\",\r\n      \"allocationStateTransitionTime\": \"2017-02-09T17:17:43.6582283Z\",\r\n      \"vmSize\": \"small\",\r\n      \"resizeTimeout\": \"PT15M\",\r\n      \"currentDedicated\": 0,\r\n      \"targetDedicated\": 3,\r\n      \"enableAutoScale\": false,\r\n      \"enableInterNodeCommunication\": false,\r\n      \"applicationPackageReferences\": [\r\n        {\r\n          \"applicationId\": \"createpoolwithapplicationpackage\",\r\n          \"version\": \"foo\"\r\n        }\r\n      ],\r\n      \"maxTasksPerNode\": 1,\r\n      \"taskSchedulingPolicy\": {\r\n        \"nodeFillType\": \"Spread\"\r\n      },\r\n      \"cloudServiceConfiguration\": {\r\n        \"osFamily\": \"4\",\r\n        \"targetOSVersion\": \"*\",\r\n        \"currentOSVersion\": \"*\"\r\n      }\r\n    },\r\n    {\r\n      \"id\": \"testIaasPool\",\r\n      \"url\": \"https://jstesteastus2.eastus2.batch.azure.com/pools/testIaasPool\",\r\n      \"eTag\": \"0x8D450806205FA00\",\r\n      \"lastModified\": \"2017-02-09T00:12:49.6677376Z\",\r\n      \"creationTime\": \"2017-02-09T00:12:49.6677376Z\",\r\n      \"state\": \"active\",\r\n      \"stateTransitionTime\": \"2017-02-09T00:12:49.6677376Z\",\r\n      \"allocationState\": \"steady\",\r\n      \"allocationStateTransitionTime\": \"2017-02-09T00:14:34.7837777Z\",\r\n      \"vmSize\": \"standard_a1\",\r\n      \"resizeTimeout\": \"PT15M\",\r\n      \"currentDedicated\": 1,\r\n      \"targetDedicated\": 1,\r\n      \"enableAutoScale\": false,\r\n      \"enableInterNodeCommunication\": false,\r\n      \"maxTasksPerNode\": 1,\r\n      \"taskSchedulingPolicy\": {\r\n        \"nodeFillType\": \"Spread\"\r\n      },\r\n      \"virtualMachineConfiguration\": {\r\n        \"imageReference\": {\r\n          \"publisher\": \"Canonical\",\r\n          \"offer\": \"UbuntuServer\",\r\n          \"sku\": \"16.04.0-LTS\",\r\n          \"version\": \"latest\"\r\n        },\r\n        \"nodeAgentSKUId\": \"batch.node.ubuntu 16.04\"\r\n      }\r\n    },\r\n    {\r\n      \"id\": \"testPool\",\r\n      \"url\": \"https://jstesteastus2.eastus2.batch.azure.com/pools/testPool\",\r\n      \"eTag\": \"0x8D4507E672CD63C\",\r\n      \"lastModified\": \"2017-02-08T23:58:39.3175612Z\",\r\n      \"creationTime\": \"2017-02-08T21:41:14.8839413Z\",\r\n      \"state\": \"active\",\r\n      \"stateTransitionTime\": \"2017-02-08T21:41:14.8839413Z\",\r\n      \"allocationState\": \"steady\",\r\n      \"allocationStateTransitionTime\": \"2017-02-08T23:59:54.6655606Z\",\r\n      \"vmSize\": \"small\",\r\n      \"resizeTimeout\": \"PT15M\",\r\n      \"currentDedicated\": 3,\r\n      \"targetDedicated\": 3,\r\n      \"enableAutoScale\": false,\r\n      \"enableInterNodeCommunication\": false,\r\n      \"startTask\": {\r\n        \"commandLine\": \"cmd /c echo hello\",\r\n        \"maxTaskRetryCount\": 0,\r\n        \"waitForSuccess\": false\r\n      },\r\n      \"maxTasksPerNode\": 1,\r\n      \"taskSchedulingPolicy\": {\r\n        \"nodeFillType\": \"Spread\"\r\n      },\r\n      \"cloudServiceConfiguration\": {\r\n        \"osFamily\": \"4\",\r\n        \"targetOSVersion\": \"*\",\r\n        \"currentOSVersion\": \"*\"\r\n      }\r\n    },\r\n    {\r\n      \"id\": \"testUpdatePoolWithAppPackages\",\r\n      \"url\": \"https://jstesteastus2.eastus2.batch.azure.com/pools/testUpdatePoolWithAppPackages\",\r\n      \"eTag\": \"0x8D4510F8C309599\",\r\n      \"lastModified\": \"2017-02-09T17:17:38.4436121Z\",\r\n      \"creationTime\": \"2017-02-09T17:17:36.4381035Z\",\r\n      \"state\": \"deleting\",\r\n      \"stateTransitionTime\": \"2017-02-09T17:17:38.4436121Z\",\r\n      \"allocationState\": \"resizing\",\r\n      \"allocationStateTransitionTime\": \"2017-02-09T17:17:36.4381035Z\",\r\n      \"vmSize\": \"small\",\r\n      \"resizeTimeout\": \"PT15M\",\r\n      \"currentDedicated\": 0,\r\n      \"targetDedicated\": 1,\r\n      \"enableAutoScale\": false,\r\n      \"enableInterNodeCommunication\": true,\r\n      \"applicationPackageReferences\": [\r\n        {\r\n          \"applicationId\": \"updatepoolwithapplicationpackage\",\r\n          \"version\": \"foo\"\r\n        }\r\n      ],\r\n      \"maxTasksPerNode\": 1,\r\n      \"taskSchedulingPolicy\": {\r\n        \"nodeFillType\": \"Spread\"\r\n      },\r\n      \"cloudServiceConfiguration\": {\r\n        \"osFamily\": \"4\",\r\n        \"targetOSVersion\": \"*\",\r\n        \"currentOSVersion\": \"*\"\r\n      }\r\n    }\r\n  ]\r\n}",
      "ResponseHeaders": {
        "Content-Type": [
          "application/json; odata=minimalmetadata"
        ],
        "Transfer-Encoding": [
          "chunked"
        ],
        "request-id": [
          "7f0002c6-a6b9-48b2-8bc3-e2690012051a"
        ],
        "Strict-Transport-Security": [
          "max-age=31536000; includeSubDomains"
        ],
        "X-Content-Type-Options": [
          "nosniff"
        ],
        "DataServiceVersion": [
          "3.0"
        ],
        "Date": [
          "Thu, 09 Feb 2017 17:18:05 GMT"
        ],
        "Server": [
          "Microsoft-HTTPAPI/2.0"
        ]
      },
      "StatusCode": 200
    }
  ],
  "Names": {},
  "Variables": {
    "SubscriptionId": "46241355-bb95-46a9-ba6c-42b554d71925",
    "AZURE_BATCH_ACCOUNT": "jstesteastus2",
    "AZURE_BATCH_ENDPOINT": "https://jstesteastus2.eastus2.batch.azure.com",
    "AZURE_BATCH_RESOURCE_GROUP": "default-eastus"
  }
}