{
  "Entries": [
    {
      "RequestUri": "/pools/testPool?api-version=2016-07-01.3.1",
      "EncodedRequestUri": "L3Bvb2xzL3Rlc3RQb29sP2FwaS12ZXJzaW9uPTIwMTYtMDctMDEuMy4x",
      "RequestMethod": "GET",
      "RequestBody": "",
      "RequestHeaders": {
        "client-request-id": [
          "c6e303a3-d1c5-4372-8e9b-8dbd2fa6ae5e"
        ],
        "accept-language": [
          "en-US"
        ],
        "ocp-date": [
          "Tue, 06 Sep 2016 06:15:19 GMT"
        ],
        "User-Agent": [
          "Microsoft.Azure.Batch.Protocol.BatchServiceClient/5.1.0.0",
          "AzurePowershell/v1.6.0"
        ]
      },
      "ResponseBody": "{\r\n  \"odata.metadata\": \"https://pstestaccount.centralus.batch.azure.com/$metadata#pools/@Element\",\r\n  \"id\": \"testPool\",\r\n  \"url\": \"https://pstestaccount.centralus.batch.azure.com/pools/testPool\",\r\n  \"eTag\": \"0x8D3D61CD5D4FC71\",\r\n  \"lastModified\": \"2016-09-06T06:12:52.4305521Z\",\r\n  \"creationTime\": \"2016-08-01T22:55:59.1687932Z\",\r\n  \"state\": \"active\",\r\n  \"stateTransitionTime\": \"2016-08-01T22:55:59.1687932Z\",\r\n  \"allocationState\": \"steady\",\r\n  \"allocationStateTransitionTime\": \"2016-09-06T06:13:31.6522871Z\",\r\n  \"vmSize\": \"small\",\r\n  \"resizeTimeout\": \"PT15M\",\r\n  \"resizeError\": {\r\n    \"code\": \"ResizeStopped\",\r\n    \"message\": \"Desired number of dedicated nodes could not be allocated due to a StopPoolResize operation\"\r\n  },\r\n  \"currentDedicated\": 1,\r\n  \"targetDedicated\": 3,\r\n  \"enableAutoScale\": false,\r\n  \"enableInterNodeCommunication\": false,\r\n  \"startTask\": {\r\n    \"commandLine\": \"cmd /c echo hello\",\r\n    \"resourceFiles\": [],\r\n    \"runElevated\": false,\r\n    \"maxTaskRetryCount\": 0,\r\n    \"waitForSuccess\": true\r\n  },\r\n  \"maxTasksPerNode\": 1,\r\n  \"taskSchedulingPolicy\": {\r\n    \"nodeFillType\": \"Spread\"\r\n  },\r\n  \"cloudServiceConfiguration\": {\r\n    \"osFamily\": \"2\",\r\n    \"targetOSVersion\": \"*\",\r\n    \"currentOSVersion\": \"*\"\r\n  }\r\n}",
      "ResponseHeaders": {
        "Content-Type": [
          "application/json; odata=minimalmetadata"
        ],
        "Last-Modified": [
          "Tue, 06 Sep 2016 06:12:52 GMT"
        ],
        "Transfer-Encoding": [
          "chunked"
        ],
        "request-id": [
          "79956091-616b-4383-851f-214d805fe40f"
        ],
        "Strict-Transport-Security": [
          "max-age=31536000; includeSubDomains"
        ],
        "DataServiceVersion": [
          "3.0"
        ],
        "Date": [
          "Tue, 06 Sep 2016 06:15:20 GMT"
        ],
        "ETag": [
          "0x8D3D61CD5D4FC71"
        ],
        "Server": [
          "Microsoft-HTTPAPI/2.0"
        ]
      },
      "StatusCode": 200
    },
    {
      "RequestUri": "/pools/testPool?api-version=2016-07-01.3.1&$select=id%2Cstate",
      "EncodedRequestUri": "L3Bvb2xzL3Rlc3RQb29sP2FwaS12ZXJzaW9uPTIwMTYtMDctMDEuMy4xJiRzZWxlY3Q9aWQlMkNzdGF0ZQ==",
      "RequestMethod": "GET",
      "RequestBody": "",
      "RequestHeaders": {
        "client-request-id": [
          "f80c7ef9-1109-4ab5-9535-76ab9aa46d6a"
        ],
        "accept-language": [
          "en-US"
        ],
        "ocp-date": [
          "Tue, 06 Sep 2016 06:15:21 GMT"
        ],
        "User-Agent": [
          "Microsoft.Azure.Batch.Protocol.BatchServiceClient/5.1.0.0",
          "AzurePowershell/v1.6.0"
        ]
      },
      "ResponseBody": "{\r\n  \"odata.metadata\": \"https://pstestaccount.centralus.batch.azure.com/$metadata#pools/@Element\",\r\n  \"id\": \"testPool\",\r\n  \"state\": \"active\"\r\n}",
      "ResponseHeaders": {
        "Content-Type": [
          "application/json; odata=minimalmetadata"
        ],
        "Last-Modified": [
          "Tue, 06 Sep 2016 06:12:52 GMT"
        ],
        "Transfer-Encoding": [
          "chunked"
        ],
        "request-id": [
          "8b23b4aa-a303-47c9-b2c4-68e086740cfe"
        ],
        "Strict-Transport-Security": [
          "max-age=31536000; includeSubDomains"
        ],
        "DataServiceVersion": [
          "3.0"
        ],
        "Date": [
          "Tue, 06 Sep 2016 06:15:20 GMT"
        ],
        "ETag": [
          "0x8D3D61CD5D4FC71"
        ],
        "Server": [
          "Microsoft-HTTPAPI/2.0"
        ]
      },
      "StatusCode": 200
    },
    {
      "RequestUri": "/pools?api-version=2016-07-01.3.1&$filter=id%20eq%20'testPool'",
      "EncodedRequestUri": "L3Bvb2xzP2FwaS12ZXJzaW9uPTIwMTYtMDctMDEuMy4xJiRmaWx0ZXI9aWQlMjBlcSUyMCUyN3Rlc3RQb29sJTI3",
      "RequestMethod": "GET",
      "RequestBody": "",
      "RequestHeaders": {
        "client-request-id": [
          "89a143ec-8a4a-49da-9f92-e264d88b8005"
        ],
        "accept-language": [
          "en-US"
        ],
        "ocp-date": [
          "Tue, 06 Sep 2016 06:15:21 GMT"
        ],
        "User-Agent": [
          "Microsoft.Azure.Batch.Protocol.BatchServiceClient/5.1.0.0",
          "AzurePowershell/v1.6.0"
        ]
      },
      "ResponseBody": "{\r\n  \"odata.metadata\": \"https://pstestaccount.centralus.batch.azure.com/$metadata#pools\",\r\n  \"value\": [\r\n    {\r\n      \"id\": \"testPool\",\r\n      \"url\": \"https://pstestaccount.centralus.batch.azure.com/pools/testPool\",\r\n      \"eTag\": \"0x8D3D61CD5D4FC71\",\r\n      \"lastModified\": \"2016-09-06T06:12:52.4305521Z\",\r\n      \"creationTime\": \"2016-08-01T22:55:59.1687932Z\",\r\n      \"state\": \"active\",\r\n      \"stateTransitionTime\": \"2016-08-01T22:55:59.1687932Z\",\r\n      \"allocationState\": \"steady\",\r\n      \"allocationStateTransitionTime\": \"2016-09-06T06:13:31.6522871Z\",\r\n      \"vmSize\": \"small\",\r\n      \"resizeTimeout\": \"PT15M\",\r\n      \"resizeError\": {\r\n        \"code\": \"ResizeStopped\",\r\n        \"message\": \"Desired number of dedicated nodes could not be allocated due to a StopPoolResize operation\"\r\n      },\r\n      \"currentDedicated\": 1,\r\n      \"targetDedicated\": 3,\r\n      \"enableAutoScale\": false,\r\n      \"enableInterNodeCommunication\": false,\r\n      \"startTask\": {\r\n        \"commandLine\": \"cmd /c echo hello\",\r\n        \"resourceFiles\": [],\r\n        \"runElevated\": false,\r\n        \"maxTaskRetryCount\": 0,\r\n        \"waitForSuccess\": true\r\n      },\r\n      \"maxTasksPerNode\": 1,\r\n      \"taskSchedulingPolicy\": {\r\n        \"nodeFillType\": \"Spread\"\r\n      },\r\n      \"cloudServiceConfiguration\": {\r\n        \"osFamily\": \"2\",\r\n        \"targetOSVersion\": \"*\",\r\n        \"currentOSVersion\": \"*\"\r\n      }\r\n    }\r\n  ]\r\n}",
      "ResponseHeaders": {
        "Content-Type": [
          "application/json; odata=minimalmetadata"
        ],
        "Transfer-Encoding": [
          "chunked"
        ],
        "request-id": [
          "ff2e9dc5-e838-4adb-b524-93daef3f861c"
        ],
        "Strict-Transport-Security": [
          "max-age=31536000; includeSubDomains"
        ],
        "DataServiceVersion": [
          "3.0"
        ],
        "Date": [
          "Tue, 06 Sep 2016 06:15:21 GMT"
        ],
        "Server": [
          "Microsoft-HTTPAPI/2.0"
        ]
      },
      "StatusCode": 200
    },
    {
      "RequestUri": "/pools?api-version=2016-07-01.3.1&$filter=id%20eq%20'testPool'&$select=id%2Cstate",
      "EncodedRequestUri": "L3Bvb2xzP2FwaS12ZXJzaW9uPTIwMTYtMDctMDEuMy4xJiRmaWx0ZXI9aWQlMjBlcSUyMCUyN3Rlc3RQb29sJTI3JiRzZWxlY3Q9aWQlMkNzdGF0ZQ==",
      "RequestMethod": "GET",
      "RequestBody": "",
      "RequestHeaders": {
        "client-request-id": [
          "9cd2c489-c379-4550-a036-d6d3d02e0395"
        ],
        "accept-language": [
          "en-US"
        ],
        "ocp-date": [
          "Tue, 06 Sep 2016 06:15:21 GMT"
        ],
        "User-Agent": [
          "Microsoft.Azure.Batch.Protocol.BatchServiceClient/5.1.0.0",
          "AzurePowershell/v1.6.0"
        ]
      },
      "ResponseBody": "{\r\n  \"odata.metadata\": \"https://pstestaccount.centralus.batch.azure.com/$metadata#pools\",\r\n  \"value\": [\r\n    {\r\n      \"id\": \"testPool\",\r\n      \"state\": \"active\"\r\n    }\r\n  ]\r\n}",
      "ResponseHeaders": {
        "Content-Type": [
          "application/json; odata=minimalmetadata"
        ],
        "Transfer-Encoding": [
          "chunked"
        ],
        "request-id": [
          "2fd09f93-115e-477b-8800-b27d2bde8067"
        ],
        "Strict-Transport-Security": [
          "max-age=31536000; includeSubDomains"
        ],
        "DataServiceVersion": [
          "3.0"
        ],
        "Date": [
          "Tue, 06 Sep 2016 06:15:21 GMT"
        ],
        "Server": [
          "Microsoft-HTTPAPI/2.0"
        ]
      },
      "StatusCode": 200
    }
  ],
  "Names": {},
  "Variables": {
    "SubscriptionId": "46241355-bb95-46a9-ba6c-42b554d71925",
    "AZURE_BATCH_ACCOUNT": "pstestaccount",
    "AZURE_BATCH_ENDPOINT": "https://pstestaccount.centralus.batch.azure.com",
    "AZURE_BATCH_RESOURCE_GROUP": "accountmgmtsamplegroup"
  }
}