{
  "Update-AzEmailServiceDomain+[NoContext]+UpdateExpanded+$PATCH+https://management.azure.com/subscriptions/653983b8-683a-427c-8c27-9e9624ce9176/resourceGroups/testgroupp58htm/providers/Microsoft.Communication/emailServices/persistentResourceNamep58htm/domains/persistentResourceDomainNamep58htm.net?api-version=2023-06-01-preview+1": {
    "Request": {
      "Method": "PATCH",
      "RequestUri": "https://management.azure.com/subscriptions/653983b8-683a-427c-8c27-9e9624ce9176/resourceGroups/testgroupp58htm/providers/Microsoft.Communication/emailServices/persistentResourceNamep58htm/domains/persistentResourceDomainNamep58htm.net?api-version=2023-06-01-preview",
      "Content": "{\r\n  \"tags\": {\r\n    \"ExampleKey1\": \"ExampleValue1\",\r\n    \"ExampleKey2\": \"ExampleValue2\"\r\n  }\r\n}",
      "isContentBase64": false,
      "Headers": {
      },
      "ContentHeaders": {
        "Content-Type": [ "application/json" ],
        "Content-Length": [ "95" ]
      }
    },
    "Response": {
      "StatusCode": 200,
      "Headers": {
        "Cache-Control": [ "no-cache" ],
        "Pragma": [ "no-cache" ],
        "ETag": [ "\"0b002554-0000-2000-0000-65dc8e2c0000\"" ],
        "x-ms-ratelimit-remaining-subscription-writes": [ "1199" ],
        "x-ms-providerhub-traffic": [ "True" ],
        "Request-Context": [ "appId=" ],
        "X-Content-Type-Options": [ "nosniff" ],
        "Strict-Transport-Security": [ "max-age=31536000; includeSubDomains" ],
        "mise-correlation-id": [ "0c799b4f-1e61-40ee-ae31-cee903a529b5" ],
        "x-ms-request-id": [ "32da2203-0d1e-4d20-9ff5-de7673c5a6ed" ],
        "x-ms-correlation-request-id": [ "17ec3760-2967-4547-812b-728d3a6f62fd" ],
        "x-ms-routing-request-id": [ "CENTRALINDIA:20240226T131214Z:17ec3760-2967-4547-812b-728d3a6f62fd" ],
        "X-Cache": [ "CONFIG_NOCACHE" ],
        "X-MSEdge-Ref": [ "Ref A: 92ABB6DE311C4C999317B95571FCF057 Ref B: MAA201060513009 Ref C: 2024-02-26T13:12:10Z" ],
        "Date": [ "Mon, 26 Feb 2024 13:12:13 GMT" ]
      },
      "ContentHeaders": {
        "Content-Length": [ "1717" ],
        "Content-Type": [ "application/json; charset=utf-8" ],
        "Expires": [ "-1" ]
      },
      "Content": "{\"id\":\"/subscriptions/653983b8-683a-427c-8c27-9e9624ce9176/resourceGroups/testgroupp58htm/providers/Microsoft.Communication/emailServices/persistentResourceNamep58htm/domains/persistentResourceDomainNamep58htm.net\",\"name\":\"persistentResourceDomainNamep58htm.net\",\"type\":\"microsoft.communication/emailservices/domains\",\"location\":\"Global\",\"tags\":{\"ExampleKey1\":\"ExampleValue1\",\"ExampleKey2\":\"ExampleValue2\"},\"systemData\":{\"createdBy\":\"v-vprasannak@microsoft.com\",\"createdByType\":\"User\",\"createdAt\":\"2024-02-26T12:06:50.9616369Z\",\"lastModifiedBy\":\"v-vprasannak@microsoft.com\",\"lastModifiedByType\":\"User\",\"lastModifiedAt\":\"2024-02-26T13:12:10.4777414Z\"},\"properties\":{\"dataLocation\":\"unitedstates\",\"fromSenderDomain\":\"persistentresourcedomainnamep58htm.net\",\"mailFromSenderDomain\":\"persistentresourcedomainnamep58htm.net\",\"domainManagement\":\"CustomerManaged\",\"verificationStates\":{\"Domain\":{\"status\":\"NotStarted\"},\"SPF\":{\"status\":\"NotStarted\"},\"DKIM\":{\"status\":\"NotStarted\"},\"DKIM2\":{\"status\":\"NotStarted\"},\"DMARC\":{\"status\":\"NotStarted\"}},\"verificationRecords\":{\"Domain\":{\"type\":\"TXT\",\"name\":\"persistentresourcedomainnamep58htm.net\",\"value\":\"ms-domain-verification=6ea023ed-7b1e-454b-9b1e-abc389b62766\",\"ttl\":3600},\"SPF\":{\"type\":\"TXT\",\"name\":\"persistentresourcedomainnamep58htm.net\",\"value\":\"v=spf1 include:spf.protection.outlook.com -all\",\"ttl\":3600},\"DKIM\":{\"type\":\"CNAME\",\"name\":\"selector1-azurecomm-prod-net._domainkey\",\"value\":\"selector1-azurecomm-prod-net._domainkey.azurecomm.net\",\"ttl\":3600},\"DKIM2\":{\"type\":\"CNAME\",\"name\":\"selector2-azurecomm-prod-net._domainkey\",\"value\":\"selector2-azurecomm-prod-net._domainkey.azurecomm.net\",\"ttl\":3600}},\"userEngagementTracking\":\"Disabled\",\"provisioningState\":\"Succeeded\"}}",
      "isContentBase64": false
    }
  },
  "Update-AzEmailServiceDomain+[NoContext]+UpdateViaIdentityEmailServiceExpanded+$GET+https://management.azure.com/subscriptions/653983b8-683a-427c-8c27-9e9624ce9176/resourceGroups/testgroupp58htm/providers/Microsoft.Communication/emailServices/persistentResourceNamep58htm?api-version=2023-06-01-preview+1": {
    "Request": {
      "Method": "GET",
      "RequestUri": "https://management.azure.com/subscriptions/653983b8-683a-427c-8c27-9e9624ce9176/resourceGroups/testgroupp58htm/providers/Microsoft.Communication/emailServices/persistentResourceNamep58htm?api-version=2023-06-01-preview",
      "Content": null,
      "isContentBase64": false,
      "Headers": {
        "x-ms-unique-id": [ "281" ],
        "x-ms-client-request-id": [ "fa925ad3-6e94-4246-9a4d-086cb8aa5880" ],
        "CommandName": [ "Get-AzEmailService" ],
        "FullCommandName": [ "Get-AzEmailService_Get" ],
        "ParameterSetName": [ "__AllParameterSets" ],
        "User-Agent": [ "AzurePowershell/v0.0.0", "PSVersion/v7.4.1", "Az.EmailService/0.1.0" ],
        "Authorization": [ "[Filtered]" ]
      },
      "ContentHeaders": {
      }
    },
    "Response": {
      "StatusCode": 200,
      "Headers": {
        "Cache-Control": [ "no-cache" ],
        "Pragma": [ "no-cache" ],
        "ETag": [ "\"30001a8c-0000-2000-0000-65dc8e270000\"" ],
        "x-ms-ratelimit-remaining-subscription-reads": [ "11991" ],
        "x-ms-providerhub-traffic": [ "True" ],
        "x-ms-request-id": [ "c3fd1be2-d6b2-4e3f-8cbe-6c6e93c2e832" ],
        "x-ms-correlation-request-id": [ "6a2fe45b-43cd-4a55-93a3-14fc3beefc55" ],
        "x-ms-routing-request-id": [ "CENTRALINDIA:20240226T131214Z:6a2fe45b-43cd-4a55-93a3-14fc3beefc55" ],
        "Strict-Transport-Security": [ "max-age=31536000; includeSubDomains" ],
        "X-Content-Type-Options": [ "nosniff" ],
        "X-Cache": [ "CONFIG_NOCACHE" ],
        "X-MSEdge-Ref": [ "Ref A: 2A6F1969EF5D4595B924F42C53C382FA Ref B: MAA201060513009 Ref C: 2024-02-26T13:12:14Z" ],
        "Date": [ "Mon, 26 Feb 2024 13:12:14 GMT" ]
      },
      "ContentHeaders": {
        "Content-Length": [ "663" ],
        "Content-Type": [ "application/json; charset=utf-8" ],
        "Expires": [ "-1" ]
      },
      "Content": "{\"id\":\"/subscriptions/653983b8-683a-427c-8c27-9e9624ce9176/resourceGroups/testgroupp58htm/providers/Microsoft.Communication/emailServices/persistentResourceNamep58htm\",\"name\":\"persistentResourceNamep58htm\",\"type\":\"microsoft.communication/emailservices\",\"location\":\"Global\",\"tags\":{\"ExampleKey1\":\"ExampleValue1\",\"ExampleKey2\":\"ExampleValue2\"},\"systemData\":{\"createdBy\":\"v-vprasannak@microsoft.com\",\"createdByType\":\"User\",\"createdAt\":\"2024-02-26T12:05:14.2602755Z\",\"lastModifiedBy\":\"v-vprasannak@microsoft.com\",\"lastModifiedByType\":\"User\",\"lastModifiedAt\":\"2024-02-26T13:12:07.3239931Z\"},\"properties\":{\"provisioningState\":\"Succeeded\",\"dataLocation\":\"UnitedStates\"}}",
      "isContentBase64": false
    }
  },
  "Update-AzEmailServiceDomain+[NoContext]+UpdateViaIdentityEmailServiceExpanded+$PATCH+https://management.azure.com/subscriptions/653983b8-683a-427c-8c27-9e9624ce9176/resourceGroups/testgroupp58htm/providers/Microsoft.Communication/emailServices/persistentResourceNamep58htm/domains/persistentResourceDomainNamep58htm.net?api-version=2023-06-01-preview+2": {
    "Request": {
      "Method": "PATCH",
      "RequestUri": "https://management.azure.com/subscriptions/653983b8-683a-427c-8c27-9e9624ce9176/resourceGroups/testgroupp58htm/providers/Microsoft.Communication/emailServices/persistentResourceNamep58htm/domains/persistentResourceDomainNamep58htm.net?api-version=2023-06-01-preview",
      "Content": "{\r\n  \"tags\": {\r\n    \"ExampleKey1\": \"ExampleValue1\",\r\n    \"ExampleKey2\": \"ExampleValue2\"\r\n  }\r\n}",
      "isContentBase64": false,
      "Headers": {
      },
      "ContentHeaders": {
        "Content-Type": [ "application/json" ],
        "Content-Length": [ "95" ]
      }
    },
    "Response": {
      "StatusCode": 200,
      "Headers": {
        "Cache-Control": [ "no-cache" ],
        "Pragma": [ "no-cache" ],
        "ETag": [ "\"0b002654-0000-2000-0000-65dc8e300000\"" ],
        "x-ms-ratelimit-remaining-subscription-writes": [ "1198" ],
        "x-ms-providerhub-traffic": [ "True" ],
        "Request-Context": [ "appId=" ],
        "X-Content-Type-Options": [ "nosniff" ],
        "Strict-Transport-Security": [ "max-age=31536000; includeSubDomains" ],
        "mise-correlation-id": [ "32b09bb6-2ae5-4afb-9911-c94b1f53adac" ],
        "x-ms-request-id": [ "fb28ecef-b9fb-4b6c-b25f-344733f0efe3" ],
        "x-ms-correlation-request-id": [ "92144771-6162-4c4e-b5d7-6c37f1bd0bd1" ],
        "x-ms-routing-request-id": [ "CENTRALINDIA:20240226T131217Z:92144771-6162-4c4e-b5d7-6c37f1bd0bd1" ],
        "X-Cache": [ "CONFIG_NOCACHE" ],
        "X-MSEdge-Ref": [ "Ref A: 2DEF77EAF32640ECB6AC091B1F976D02 Ref B: MAA201060513009 Ref C: 2024-02-26T13:12:14Z" ],
        "Date": [ "Mon, 26 Feb 2024 13:12:17 GMT" ]
      },
      "ContentHeaders": {
        "Content-Length": [ "1717" ],
        "Content-Type": [ "application/json; charset=utf-8" ],
        "Expires": [ "-1" ]
      },
      "Content": "{\"id\":\"/subscriptions/653983b8-683a-427c-8c27-9e9624ce9176/resourceGroups/testgroupp58htm/providers/Microsoft.Communication/emailServices/persistentResourceNamep58htm/domains/persistentResourceDomainNamep58htm.net\",\"name\":\"persistentResourceDomainNamep58htm.net\",\"type\":\"microsoft.communication/emailservices/domains\",\"location\":\"Global\",\"tags\":{\"ExampleKey1\":\"ExampleValue1\",\"ExampleKey2\":\"ExampleValue2\"},\"systemData\":{\"createdBy\":\"v-vprasannak@microsoft.com\",\"createdByType\":\"User\",\"createdAt\":\"2024-02-26T12:06:50.9616369Z\",\"lastModifiedBy\":\"v-vprasannak@microsoft.com\",\"lastModifiedByType\":\"User\",\"lastModifiedAt\":\"2024-02-26T13:12:14.9961062Z\"},\"properties\":{\"dataLocation\":\"unitedstates\",\"fromSenderDomain\":\"persistentresourcedomainnamep58htm.net\",\"mailFromSenderDomain\":\"persistentresourcedomainnamep58htm.net\",\"domainManagement\":\"CustomerManaged\",\"verificationStates\":{\"Domain\":{\"status\":\"NotStarted\"},\"SPF\":{\"status\":\"NotStarted\"},\"DKIM\":{\"status\":\"NotStarted\"},\"DKIM2\":{\"status\":\"NotStarted\"},\"DMARC\":{\"status\":\"NotStarted\"}},\"verificationRecords\":{\"Domain\":{\"type\":\"TXT\",\"name\":\"persistentresourcedomainnamep58htm.net\",\"value\":\"ms-domain-verification=6ea023ed-7b1e-454b-9b1e-abc389b62766\",\"ttl\":3600},\"SPF\":{\"type\":\"TXT\",\"name\":\"persistentresourcedomainnamep58htm.net\",\"value\":\"v=spf1 include:spf.protection.outlook.com -all\",\"ttl\":3600},\"DKIM\":{\"type\":\"CNAME\",\"name\":\"selector1-azurecomm-prod-net._domainkey\",\"value\":\"selector1-azurecomm-prod-net._domainkey.azurecomm.net\",\"ttl\":3600},\"DKIM2\":{\"type\":\"CNAME\",\"name\":\"selector2-azurecomm-prod-net._domainkey\",\"value\":\"selector2-azurecomm-prod-net._domainkey.azurecomm.net\",\"ttl\":3600}},\"userEngagementTracking\":\"Disabled\",\"provisioningState\":\"Succeeded\"}}",
      "isContentBase64": false
    }
  },
  "Update-AzEmailServiceDomain+[NoContext]+UpdateViaIdentityEmailService+$GET+https://management.azure.com/subscriptions/653983b8-683a-427c-8c27-9e9624ce9176/resourceGroups/testgroupp58htm/providers/Microsoft.Communication/emailServices/persistentResourceNamep58htm?api-version=2023-06-01-preview+1": {
    "Request": {
      "Method": "GET",
      "RequestUri": "https://management.azure.com/subscriptions/653983b8-683a-427c-8c27-9e9624ce9176/resourceGroups/testgroupp58htm/providers/Microsoft.Communication/emailServices/persistentResourceNamep58htm?api-version=2023-06-01-preview",
      "Content": null,
      "isContentBase64": false,
      "Headers": {
        "x-ms-unique-id": [ "283" ],
        "x-ms-client-request-id": [ "aa68fc17-ab96-4b0c-a0d2-f9836fb5f66b" ],
        "CommandName": [ "Get-AzEmailService" ],
        "FullCommandName": [ "Get-AzEmailService_Get" ],
        "ParameterSetName": [ "__AllParameterSets" ],
        "User-Agent": [ "AzurePowershell/v0.0.0", "PSVersion/v7.4.1", "Az.EmailService/0.1.0" ],
        "Authorization": [ "[Filtered]" ]
      },
      "ContentHeaders": {
      }
    },
    "Response": {
      "StatusCode": 200,
      "Headers": {
        "Cache-Control": [ "no-cache" ],
        "Pragma": [ "no-cache" ],
        "ETag": [ "\"30001a8c-0000-2000-0000-65dc8e270000\"" ],
        "x-ms-ratelimit-remaining-subscription-reads": [ "11998" ],
        "x-ms-providerhub-traffic": [ "True" ],
        "x-ms-request-id": [ "a9c03720-7206-44af-b926-2f2359e7f9b1" ],
        "x-ms-correlation-request-id": [ "ab35d5e9-339e-431a-9dc4-753138e293ae" ],
        "x-ms-routing-request-id": [ "CENTRALINDIA:20240226T131217Z:ab35d5e9-339e-431a-9dc4-753138e293ae" ],
        "Strict-Transport-Security": [ "max-age=31536000; includeSubDomains" ],
        "X-Content-Type-Options": [ "nosniff" ],
        "X-Cache": [ "CONFIG_NOCACHE" ],
        "X-MSEdge-Ref": [ "Ref A: 0BE0C8DA1CD64CDBAA0D7A29D13C2303 Ref B: MAA201060513009 Ref C: 2024-02-26T13:12:17Z" ],
        "Date": [ "Mon, 26 Feb 2024 13:12:17 GMT" ]
      },
      "ContentHeaders": {
        "Content-Length": [ "663" ],
        "Content-Type": [ "application/json; charset=utf-8" ],
        "Expires": [ "-1" ]
      },
      "Content": "{\"id\":\"/subscriptions/653983b8-683a-427c-8c27-9e9624ce9176/resourceGroups/testgroupp58htm/providers/Microsoft.Communication/emailServices/persistentResourceNamep58htm\",\"name\":\"persistentResourceNamep58htm\",\"type\":\"microsoft.communication/emailservices\",\"location\":\"Global\",\"tags\":{\"ExampleKey1\":\"ExampleValue1\",\"ExampleKey2\":\"ExampleValue2\"},\"systemData\":{\"createdBy\":\"v-vprasannak@microsoft.com\",\"createdByType\":\"User\",\"createdAt\":\"2024-02-26T12:05:14.2602755Z\",\"lastModifiedBy\":\"v-vprasannak@microsoft.com\",\"lastModifiedByType\":\"User\",\"lastModifiedAt\":\"2024-02-26T13:12:07.3239931Z\"},\"properties\":{\"provisioningState\":\"Succeeded\",\"dataLocation\":\"UnitedStates\"}}",
      "isContentBase64": false
    }
  },
  "Update-AzEmailServiceDomain+[NoContext]+UpdateViaIdentityEmailService+$PATCH+https://management.azure.com/subscriptions/653983b8-683a-427c-8c27-9e9624ce9176/resourceGroups/testgroupp58htm/providers/Microsoft.Communication/emailServices/persistentResourceNamep58htm/domains/persistentResourceDomainNamep58htm.net?api-version=2023-06-01-preview+2": {
    "Request": {
      "Method": "PATCH",
      "RequestUri": "https://management.azure.com/subscriptions/653983b8-683a-427c-8c27-9e9624ce9176/resourceGroups/testgroupp58htm/providers/Microsoft.Communication/emailServices/persistentResourceNamep58htm/domains/persistentResourceDomainNamep58htm.net?api-version=2023-06-01-preview",
      "Content": "{\r\n  \"tags\": {\r\n    \"ExampleKey1\": \"ExampleValue1\",\r\n    \"ExampleKey2\": \"ExampleValue2\"\r\n  }\r\n}",
      "isContentBase64": false,
      "Headers": {
      },
      "ContentHeaders": {
        "Content-Type": [ "application/json" ],
        "Content-Length": [ "95" ]
      }
    },
    "Response": {
      "StatusCode": 200,
      "Headers": {
        "Cache-Control": [ "no-cache" ],
        "Pragma": [ "no-cache" ],
        "ETag": [ "\"0b002754-0000-2000-0000-65dc8e320000\"" ],
        "x-ms-ratelimit-remaining-subscription-writes": [ "1197" ],
        "x-ms-providerhub-traffic": [ "True" ],
        "Request-Context": [ "appId=" ],
        "X-Content-Type-Options": [ "nosniff" ],
        "Strict-Transport-Security": [ "max-age=31536000; includeSubDomains" ],
        "mise-correlation-id": [ "67eaaebb-c1fa-4d2b-b6ec-1952541d79d2" ],
        "x-ms-request-id": [ "eb5cd82e-b079-427d-af1a-7a5ac825be90" ],
        "x-ms-correlation-request-id": [ "60242b69-c6ac-4a77-86cc-2adc5b401a91" ],
        "x-ms-routing-request-id": [ "CENTRALINDIA:20240226T131219Z:60242b69-c6ac-4a77-86cc-2adc5b401a91" ],
        "X-Cache": [ "CONFIG_NOCACHE" ],
        "X-MSEdge-Ref": [ "Ref A: EF0C3B143A984A20A5E850EC6F591007 Ref B: MAA201060513009 Ref C: 2024-02-26T13:12:17Z" ],
        "Date": [ "Mon, 26 Feb 2024 13:12:19 GMT" ]
      },
      "ContentHeaders": {
        "Content-Length": [ "1717" ],
        "Content-Type": [ "application/json; charset=utf-8" ],
        "Expires": [ "-1" ]
      },
      "Content": "{\"id\":\"/subscriptions/653983b8-683a-427c-8c27-9e9624ce9176/resourceGroups/testgroupp58htm/providers/Microsoft.Communication/emailServices/persistentResourceNamep58htm/domains/persistentResourceDomainNamep58htm.net\",\"name\":\"persistentResourceDomainNamep58htm.net\",\"type\":\"microsoft.communication/emailservices/domains\",\"location\":\"Global\",\"tags\":{\"ExampleKey1\":\"ExampleValue1\",\"ExampleKey2\":\"ExampleValue2\"},\"systemData\":{\"createdBy\":\"v-vprasannak@microsoft.com\",\"createdByType\":\"User\",\"createdAt\":\"2024-02-26T12:06:50.9616369Z\",\"lastModifiedBy\":\"v-vprasannak@microsoft.com\",\"lastModifiedByType\":\"User\",\"lastModifiedAt\":\"2024-02-26T13:12:18.1367723Z\"},\"properties\":{\"dataLocation\":\"unitedstates\",\"fromSenderDomain\":\"persistentresourcedomainnamep58htm.net\",\"mailFromSenderDomain\":\"persistentresourcedomainnamep58htm.net\",\"domainManagement\":\"CustomerManaged\",\"verificationStates\":{\"Domain\":{\"status\":\"NotStarted\"},\"SPF\":{\"status\":\"NotStarted\"},\"DKIM\":{\"status\":\"NotStarted\"},\"DKIM2\":{\"status\":\"NotStarted\"},\"DMARC\":{\"status\":\"NotStarted\"}},\"verificationRecords\":{\"Domain\":{\"type\":\"TXT\",\"name\":\"persistentresourcedomainnamep58htm.net\",\"value\":\"ms-domain-verification=6ea023ed-7b1e-454b-9b1e-abc389b62766\",\"ttl\":3600},\"SPF\":{\"type\":\"TXT\",\"name\":\"persistentresourcedomainnamep58htm.net\",\"value\":\"v=spf1 include:spf.protection.outlook.com -all\",\"ttl\":3600},\"DKIM\":{\"type\":\"CNAME\",\"name\":\"selector1-azurecomm-prod-net._domainkey\",\"value\":\"selector1-azurecomm-prod-net._domainkey.azurecomm.net\",\"ttl\":3600},\"DKIM2\":{\"type\":\"CNAME\",\"name\":\"selector2-azurecomm-prod-net._domainkey\",\"value\":\"selector2-azurecomm-prod-net._domainkey.azurecomm.net\",\"ttl\":3600}},\"userEngagementTracking\":\"Disabled\",\"provisioningState\":\"Succeeded\"}}",
      "isContentBase64": false
    }
  },
  "Update-AzEmailServiceDomain+[NoContext]+UpdateViaIdentityExpanded+$GET+https://management.azure.com/subscriptions/653983b8-683a-427c-8c27-9e9624ce9176/resourceGroups/testgroupp58htm/providers/Microsoft.Communication/emailServices/persistentResourceNamep58htm/domains/persistentResourceDomainNamep58htm.net?api-version=2023-06-01-preview+1": {
    "Request": {
      "Method": "GET",
      "RequestUri": "https://management.azure.com/subscriptions/653983b8-683a-427c-8c27-9e9624ce9176/resourceGroups/testgroupp58htm/providers/Microsoft.Communication/emailServices/persistentResourceNamep58htm/domains/persistentResourceDomainNamep58htm.net?api-version=2023-06-01-preview",
      "Content": null,
      "isContentBase64": false,
      "Headers": {
        "x-ms-unique-id": [ "285" ],
        "x-ms-client-request-id": [ "c9b86407-3433-45eb-9c2c-877be8385e41" ],
        "CommandName": [ "Get-AzEmailServiceDomain" ],
        "FullCommandName": [ "Get-AzEmailServiceDomain_Get" ],
        "ParameterSetName": [ "__AllParameterSets" ],
        "User-Agent": [ "AzurePowershell/v0.0.0", "PSVersion/v7.4.1", "Az.EmailService/0.1.0" ],
        "Authorization": [ "[Filtered]" ]
      },
      "ContentHeaders": {
      }
    },
    "Response": {
      "StatusCode": 200,
      "Headers": {
        "Cache-Control": [ "no-cache" ],
        "Pragma": [ "no-cache" ],
        "ETag": [ "\"0b002754-0000-2000-0000-65dc8e320000\"" ],
        "x-ms-ratelimit-remaining-subscription-reads": [ "11994" ],
        "x-ms-providerhub-traffic": [ "True" ],
        "x-ms-request-id": [ "77c0034b-68a8-4677-a090-5e698d74cf11" ],
        "x-ms-correlation-request-id": [ "505f7d49-88dd-4419-bf32-a65c68bb7750" ],
        "x-ms-routing-request-id": [ "CENTRALINDIA:20240226T131220Z:505f7d49-88dd-4419-bf32-a65c68bb7750" ],
        "Strict-Transport-Security": [ "max-age=31536000; includeSubDomains" ],
        "X-Content-Type-Options": [ "nosniff" ],
        "X-Cache": [ "CONFIG_NOCACHE" ],
        "X-MSEdge-Ref": [ "Ref A: 877F35A587FD4CC6AB48BE0791EC23F9 Ref B: MAA201060513009 Ref C: 2024-02-26T13:12:19Z" ],
        "Date": [ "Mon, 26 Feb 2024 13:12:19 GMT" ]
      },
      "ContentHeaders": {
        "Content-Length": [ "1717" ],
        "Content-Type": [ "application/json; charset=utf-8" ],
        "Expires": [ "-1" ]
      },
      "Content": "{\"id\":\"/subscriptions/653983b8-683a-427c-8c27-9e9624ce9176/resourceGroups/testgroupp58htm/providers/Microsoft.Communication/emailServices/persistentResourceNamep58htm/domains/persistentResourceDomainNamep58htm.net\",\"name\":\"persistentResourceDomainNamep58htm.net\",\"type\":\"microsoft.communication/emailservices/domains\",\"location\":\"Global\",\"tags\":{\"ExampleKey1\":\"ExampleValue1\",\"ExampleKey2\":\"ExampleValue2\"},\"systemData\":{\"createdBy\":\"v-vprasannak@microsoft.com\",\"createdByType\":\"User\",\"createdAt\":\"2024-02-26T12:06:50.9616369Z\",\"lastModifiedBy\":\"v-vprasannak@microsoft.com\",\"lastModifiedByType\":\"User\",\"lastModifiedAt\":\"2024-02-26T13:12:18.1367723Z\"},\"properties\":{\"dataLocation\":\"unitedstates\",\"fromSenderDomain\":\"persistentresourcedomainnamep58htm.net\",\"mailFromSenderDomain\":\"persistentresourcedomainnamep58htm.net\",\"domainManagement\":\"CustomerManaged\",\"verificationStates\":{\"Domain\":{\"status\":\"NotStarted\"},\"SPF\":{\"status\":\"NotStarted\"},\"DKIM\":{\"status\":\"NotStarted\"},\"DKIM2\":{\"status\":\"NotStarted\"},\"DMARC\":{\"status\":\"NotStarted\"}},\"verificationRecords\":{\"Domain\":{\"type\":\"TXT\",\"name\":\"persistentresourcedomainnamep58htm.net\",\"value\":\"ms-domain-verification=6ea023ed-7b1e-454b-9b1e-abc389b62766\",\"ttl\":3600},\"SPF\":{\"type\":\"TXT\",\"name\":\"persistentresourcedomainnamep58htm.net\",\"value\":\"v=spf1 include:spf.protection.outlook.com -all\",\"ttl\":3600},\"DKIM\":{\"type\":\"CNAME\",\"name\":\"selector1-azurecomm-prod-net._domainkey\",\"value\":\"selector1-azurecomm-prod-net._domainkey.azurecomm.net\",\"ttl\":3600},\"DKIM2\":{\"type\":\"CNAME\",\"name\":\"selector2-azurecomm-prod-net._domainkey\",\"value\":\"selector2-azurecomm-prod-net._domainkey.azurecomm.net\",\"ttl\":3600}},\"userEngagementTracking\":\"Disabled\",\"provisioningState\":\"Succeeded\"}}",
      "isContentBase64": false
    }
  },
  "Update-AzEmailServiceDomain+[NoContext]+UpdateViaIdentityExpanded+$PATCH+https://management.azure.com/subscriptions/653983b8-683a-427c-8c27-9e9624ce9176/resourceGroups/testgroupp58htm/providers/Microsoft.Communication/emailServices/persistentResourceNamep58htm/domains/persistentResourceDomainNamep58htm.net?api-version=2023-06-01-preview+2": {
    "Request": {
      "Method": "PATCH",
      "RequestUri": "https://management.azure.com/subscriptions/653983b8-683a-427c-8c27-9e9624ce9176/resourceGroups/testgroupp58htm/providers/Microsoft.Communication/emailServices/persistentResourceNamep58htm/domains/persistentResourceDomainNamep58htm.net?api-version=2023-06-01-preview",
      "Content": "{\r\n  \"tags\": {\r\n    \"ExampleKey1\": \"ExampleValue1\",\r\n    \"ExampleKey2\": \"ExampleValue2\"\r\n  }\r\n}",
      "isContentBase64": false,
      "Headers": {
      },
      "ContentHeaders": {
        "Content-Type": [ "application/json" ],
        "Content-Length": [ "95" ]
      }
    },
    "Response": {
      "StatusCode": 200,
      "Headers": {
        "Cache-Control": [ "no-cache" ],
        "Pragma": [ "no-cache" ],
        "ETag": [ "\"0b002f54-0000-2000-0000-65dc8e370000\"" ],
        "x-ms-ratelimit-remaining-subscription-writes": [ "1199" ],
        "x-ms-providerhub-traffic": [ "True" ],
        "Request-Context": [ "appId=" ],
        "X-Content-Type-Options": [ "nosniff" ],
        "Strict-Transport-Security": [ "max-age=31536000; includeSubDomains" ],
        "mise-correlation-id": [ "12ba1662-9d7b-4018-93c6-388c71e3777d" ],
        "x-ms-request-id": [ "2fc79e58-90f9-4050-a37b-e61ac99b8c59" ],
        "x-ms-correlation-request-id": [ "9817b4e8-4393-452c-96eb-716168dbba40" ],
        "x-ms-routing-request-id": [ "CENTRALINDIA:20240226T131225Z:9817b4e8-4393-452c-96eb-716168dbba40" ],
        "X-Cache": [ "CONFIG_NOCACHE" ],
        "X-MSEdge-Ref": [ "Ref A: EF84AFCC748A49CD90E36D8EA7E2E63A Ref B: MAA201060513009 Ref C: 2024-02-26T13:12:20Z" ],
        "Date": [ "Mon, 26 Feb 2024 13:12:24 GMT" ]
      },
      "ContentHeaders": {
        "Content-Length": [ "1717" ],
        "Content-Type": [ "application/json; charset=utf-8" ],
        "Expires": [ "-1" ]
      },
      "Content": "{\"id\":\"/subscriptions/653983b8-683a-427c-8c27-9e9624ce9176/resourceGroups/testgroupp58htm/providers/Microsoft.Communication/emailServices/persistentResourceNamep58htm/domains/persistentResourceDomainNamep58htm.net\",\"name\":\"persistentResourceDomainNamep58htm.net\",\"type\":\"microsoft.communication/emailservices/domains\",\"location\":\"Global\",\"tags\":{\"ExampleKey1\":\"ExampleValue1\",\"ExampleKey2\":\"ExampleValue2\"},\"systemData\":{\"createdBy\":\"v-vprasannak@microsoft.com\",\"createdByType\":\"User\",\"createdAt\":\"2024-02-26T12:06:50.9616369Z\",\"lastModifiedBy\":\"v-vprasannak@microsoft.com\",\"lastModifiedByType\":\"User\",\"lastModifiedAt\":\"2024-02-26T13:12:20.5305889Z\"},\"properties\":{\"dataLocation\":\"unitedstates\",\"fromSenderDomain\":\"persistentresourcedomainnamep58htm.net\",\"mailFromSenderDomain\":\"persistentresourcedomainnamep58htm.net\",\"domainManagement\":\"CustomerManaged\",\"verificationStates\":{\"Domain\":{\"status\":\"NotStarted\"},\"SPF\":{\"status\":\"NotStarted\"},\"DKIM\":{\"status\":\"NotStarted\"},\"DKIM2\":{\"status\":\"NotStarted\"},\"DMARC\":{\"status\":\"NotStarted\"}},\"verificationRecords\":{\"Domain\":{\"type\":\"TXT\",\"name\":\"persistentresourcedomainnamep58htm.net\",\"value\":\"ms-domain-verification=6ea023ed-7b1e-454b-9b1e-abc389b62766\",\"ttl\":3600},\"SPF\":{\"type\":\"TXT\",\"name\":\"persistentresourcedomainnamep58htm.net\",\"value\":\"v=spf1 include:spf.protection.outlook.com -all\",\"ttl\":3600},\"DKIM\":{\"type\":\"CNAME\",\"name\":\"selector1-azurecomm-prod-net._domainkey\",\"value\":\"selector1-azurecomm-prod-net._domainkey.azurecomm.net\",\"ttl\":3600},\"DKIM2\":{\"type\":\"CNAME\",\"name\":\"selector2-azurecomm-prod-net._domainkey\",\"value\":\"selector2-azurecomm-prod-net._domainkey.azurecomm.net\",\"ttl\":3600}},\"userEngagementTracking\":\"Disabled\",\"provisioningState\":\"Succeeded\"}}",
      "isContentBase64": false
    }
  }
}