{
  "Entries": [
    {
<<<<<<< HEAD
      "RequestUri": "/subscriptions/7b96cb02-4663-40f4-9a89-603d3849e46a/providers/Microsoft.Resources?api-version=2016-09-01",
      "EncodedRequestUri": "L3N1YnNjcmlwdGlvbnMvN2I5NmNiMDItNDY2My00MGY0LTlhODktNjAzZDM4NDllNDZhL3Byb3ZpZGVycy9NaWNyb3NvZnQuUmVzb3VyY2VzP2FwaS12ZXJzaW9uPTIwMTYtMDktMDE=",
=======
      "RequestUri": "/subscriptions/1dfbd0ca-8f09-4063-8b4d-85ca8f8a383b/providers/Microsoft.Resources?api-version=2016-09-01",
      "EncodedRequestUri": "L3N1YnNjcmlwdGlvbnMvMWRmYmQwY2EtOGYwOS00MDYzLThiNGQtODVjYThmOGEzODNiL3Byb3ZpZGVycy9NaWNyb3NvZnQuUmVzb3VyY2VzP2FwaS12ZXJzaW9uPTIwMTYtMDktMDE=",
>>>>>>> d78b04a5306127f583235b13752c48d4f7d1289a
      "RequestMethod": "GET",
      "RequestBody": "",
      "RequestHeaders": {
        "x-ms-client-request-id": [
<<<<<<< HEAD
          "27589842-39b0-4557-a471-c375bcfe791f"
=======
          "fae8f471-1fba-445f-a0bf-042dad28c76e"
>>>>>>> d78b04a5306127f583235b13752c48d4f7d1289a
        ],
        "Accept-Language": [
          "en-US"
        ],
        "User-Agent": [
<<<<<<< HEAD
          "FxVersion/4.6.27617.04",
          "OSName/Windows",
          "OSVersion/Microsoft.Windows.10.0.14393.",
          "Microsoft.Azure.Management.Internal.Resources.ResourceManagementClient/1.3.0"
=======
          "FxVersion/4.6.28207.03",
          "OSName/Windows",
          "OSVersion/Microsoft.Windows.10.0.14393.",
          "Microsoft.Azure.Management.Internal.Resources.ResourceManagementClient/1.3.16"
>>>>>>> d78b04a5306127f583235b13752c48d4f7d1289a
        ]
      },
      "ResponseHeaders": {
        "Cache-Control": [
          "no-cache"
        ],
        "Pragma": [
          "no-cache"
        ],
        "x-ms-ratelimit-remaining-subscription-reads": [
<<<<<<< HEAD
          "11999"
        ],
        "x-ms-request-id": [
          "24c997b7-1736-4dff-9faf-3dc2458cafdd"
        ],
        "x-ms-correlation-request-id": [
          "24c997b7-1736-4dff-9faf-3dc2458cafdd"
        ],
        "x-ms-routing-request-id": [
          "WESTUS:20190703T184239Z:24c997b7-1736-4dff-9faf-3dc2458cafdd"
=======
          "11995"
        ],
        "x-ms-request-id": [
          "48ac35a4-7660-4eac-8ec2-fdee158cc85b"
        ],
        "x-ms-correlation-request-id": [
          "48ac35a4-7660-4eac-8ec2-fdee158cc85b"
        ],
        "x-ms-routing-request-id": [
          "WESTUS:20200623T071427Z:48ac35a4-7660-4eac-8ec2-fdee158cc85b"
>>>>>>> d78b04a5306127f583235b13752c48d4f7d1289a
        ],
        "Strict-Transport-Security": [
          "max-age=31536000; includeSubDomains"
        ],
        "X-Content-Type-Options": [
          "nosniff"
        ],
        "Date": [
<<<<<<< HEAD
          "Wed, 03 Jul 2019 18:42:38 GMT"
=======
          "Tue, 23 Jun 2020 07:14:27 GMT"
>>>>>>> d78b04a5306127f583235b13752c48d4f7d1289a
        ],
        "Content-Type": [
          "application/json; charset=utf-8"
        ],
        "Expires": [
          "-1"
        ],
        "Content-Length": [
<<<<<<< HEAD
          "8818"
        ]
      },
      "ResponseBody": "{\r\n  \"id\": \"/subscriptions/7b96cb02-4663-40f4-9a89-603d3849e46a/providers/Microsoft.Resources\",\r\n  \"namespace\": \"Microsoft.Resources\",\r\n  \"resourceTypes\": [\r\n    {\r\n      \"resourceType\": \"tenants\",\r\n      \"locations\": [],\r\n      \"apiVersions\": [\r\n        \"2019-05-01\",\r\n        \"2019-04-01\",\r\n        \"2019-03-01\",\r\n        \"2018-11-01\",\r\n        \"2018-09-01\",\r\n        \"2018-08-01\",\r\n        \"2018-07-01\",\r\n        \"2018-05-01\",\r\n        \"2018-02-01\",\r\n        \"2018-01-01\",\r\n        \"2017-08-01\",\r\n        \"2017-06-01\",\r\n        \"2017-05-10\",\r\n        \"2017-05-01\",\r\n        \"2017-03-01\",\r\n        \"2016-09-01\",\r\n        \"2016-07-01\",\r\n        \"2016-06-01\",\r\n        \"2016-02-01\",\r\n        \"2015-11-01\",\r\n        \"2015-01-01\",\r\n        \"2014-04-01-preview\"\r\n      ]\r\n    },\r\n    {\r\n      \"resourceType\": \"locations\",\r\n      \"locations\": [],\r\n      \"apiVersions\": [\r\n        \"2019-05-01\",\r\n        \"2019-04-01\",\r\n        \"2019-03-01\",\r\n        \"2018-11-01\",\r\n        \"2018-09-01\",\r\n        \"2018-08-01\",\r\n        \"2018-07-01\",\r\n        \"2018-05-01\",\r\n        \"2018-02-01\",\r\n        \"2018-01-01\",\r\n        \"2017-08-01\",\r\n        \"2017-06-01\",\r\n        \"2017-05-10\",\r\n        \"2017-05-01\",\r\n        \"2017-03-01\",\r\n        \"2016-09-01\",\r\n        \"2016-07-01\",\r\n        \"2016-06-01\",\r\n        \"2016-02-01\",\r\n        \"2015-11-01\",\r\n        \"2015-01-01\",\r\n        \"2014-04-01-preview\"\r\n      ]\r\n    },\r\n    {\r\n      \"resourceType\": \"operationresults\",\r\n      \"locations\": [],\r\n      \"apiVersions\": [\r\n        \"2019-05-01\",\r\n        \"2019-04-01\",\r\n        \"2019-03-01\",\r\n        \"2018-11-01\",\r\n        \"2018-09-01\",\r\n        \"2018-08-01\",\r\n        \"2018-07-01\",\r\n        \"2018-05-01\",\r\n        \"2018-02-01\",\r\n        \"2018-01-01\",\r\n        \"2017-08-01\",\r\n        \"2017-06-01\",\r\n        \"2017-05-10\",\r\n        \"2017-05-01\",\r\n        \"2017-03-01\",\r\n        \"2016-09-01\",\r\n        \"2016-07-01\",\r\n        \"2016-06-01\",\r\n        \"2016-02-01\",\r\n        \"2015-11-01\",\r\n        \"2015-01-01\",\r\n        \"2014-04-01-preview\"\r\n      ]\r\n    },\r\n    {\r\n      \"resourceType\": \"notifyResourceJobs\",\r\n      \"locations\": [],\r\n      \"apiVersions\": [\r\n        \"2019-05-01\",\r\n        \"2019-04-01\",\r\n        \"2019-03-01\",\r\n        \"2018-11-01\",\r\n        \"2018-09-01\",\r\n        \"2018-08-01\",\r\n        \"2018-07-01\",\r\n        \"2018-05-01\",\r\n        \"2018-02-01\"\r\n      ]\r\n    },\r\n    {\r\n      \"resourceType\": \"tags\",\r\n      \"locations\": [],\r\n      \"apiVersions\": [\r\n        \"2019-05-01\",\r\n        \"2019-04-01\",\r\n        \"2019-03-01\",\r\n        \"2018-11-01\"\r\n      ]\r\n    },\r\n    {\r\n      \"resourceType\": \"checkPolicyCompliance\",\r\n      \"locations\": [],\r\n      \"apiVersions\": [\r\n        \"2019-05-01\",\r\n        \"2019-04-01\",\r\n        \"2019-03-01\",\r\n        \"2018-11-01\",\r\n        \"2018-09-01\",\r\n        \"2018-08-01\",\r\n        \"2018-07-01\",\r\n        \"2018-05-01\",\r\n        \"2018-02-01\",\r\n        \"2018-01-01\",\r\n        \"2017-08-01\",\r\n        \"2017-06-01\",\r\n        \"2017-05-10\",\r\n        \"2017-05-01\",\r\n        \"2017-03-01\",\r\n        \"2016-09-01\",\r\n        \"2016-07-01\",\r\n        \"2016-06-01\",\r\n        \"2016-02-01\",\r\n        \"2015-11-01\",\r\n        \"2015-01-01\",\r\n        \"2014-04-01-preview\"\r\n      ]\r\n    },\r\n    {\r\n      \"resourceType\": \"providers\",\r\n      \"locations\": [],\r\n      \"apiVersions\": [\r\n        \"2019-05-01\",\r\n        \"2019-04-01\",\r\n        \"2019-03-01\",\r\n        \"2018-11-01\",\r\n        \"2018-09-01\",\r\n        \"2018-08-01\",\r\n        \"2018-07-01\",\r\n        \"2018-05-01\",\r\n        \"2018-02-01\",\r\n        \"2018-01-01\",\r\n        \"2017-08-01\",\r\n        \"2017-06-01\",\r\n        \"2017-05-10\",\r\n        \"2017-05-01\",\r\n        \"2017-03-01\",\r\n        \"2016-09-01\",\r\n        \"2016-07-01\",\r\n        \"2016-06-01\",\r\n        \"2016-02-01\",\r\n        \"2015-11-01\",\r\n        \"2015-01-01\",\r\n        \"2014-04-01-preview\"\r\n      ]\r\n    },\r\n    {\r\n      \"resourceType\": \"checkresourcename\",\r\n      \"locations\": [],\r\n      \"apiVersions\": [\r\n        \"2019-05-01\",\r\n        \"2019-04-01\",\r\n        \"2019-03-01\",\r\n        \"2018-11-01\",\r\n        \"2018-09-01\",\r\n        \"2018-08-01\",\r\n        \"2018-07-01\",\r\n        \"2018-05-01\",\r\n        \"2018-02-01\",\r\n        \"2018-01-01\",\r\n        \"2017-08-01\",\r\n        \"2017-06-01\",\r\n        \"2017-05-10\",\r\n        \"2017-05-01\",\r\n        \"2017-03-01\",\r\n        \"2016-09-01\",\r\n        \"2016-07-01\",\r\n        \"2016-06-01\",\r\n        \"2016-02-01\",\r\n        \"2015-11-01\",\r\n        \"2015-01-01\",\r\n        \"2014-04-01-preview\"\r\n      ]\r\n    },\r\n    {\r\n      \"resourceType\": \"resources\",\r\n      \"locations\": [],\r\n      \"apiVersions\": [\r\n        \"2019-05-01\",\r\n        \"2019-04-01\",\r\n        \"2019-03-01\",\r\n        \"2018-11-01\",\r\n        \"2018-09-01\",\r\n        \"2018-08-01\",\r\n        \"2018-07-01\",\r\n        \"2018-05-01\",\r\n        \"2018-02-01\",\r\n        \"2018-01-01\",\r\n        \"2017-08-01\",\r\n        \"2017-06-01\",\r\n        \"2017-05-10\",\r\n        \"2017-05-01\",\r\n        \"2017-03-01\",\r\n        \"2016-09-01\",\r\n        \"2016-07-01\",\r\n        \"2016-06-01\",\r\n        \"2016-02-01\",\r\n        \"2015-11-01\",\r\n        \"2015-01-01\",\r\n        \"2014-04-01-preview\"\r\n      ]\r\n    },\r\n    {\r\n      \"resourceType\": \"subscriptions\",\r\n      \"locations\": [],\r\n      \"apiVersions\": [\r\n        \"2019-05-01\",\r\n        \"2019-04-01\",\r\n        \"2019-03-01\",\r\n        \"2018-11-01\",\r\n        \"2018-09-01\",\r\n        \"2018-08-01\",\r\n        \"2018-07-01\",\r\n        \"2018-05-01\",\r\n        \"2018-02-01\",\r\n        \"2018-01-01\",\r\n        \"2017-08-01\",\r\n        \"2017-06-01\",\r\n        \"2017-05-10\",\r\n        \"2017-05-01\",\r\n        \"2017-03-01\",\r\n        \"2016-09-01\",\r\n        \"2016-07-01\",\r\n        \"2016-06-01\",\r\n        \"2016-02-01\",\r\n        \"2015-11-01\",\r\n        \"2015-01-01\",\r\n        \"2014-04-01-preview\"\r\n      ]\r\n    },\r\n    {\r\n      \"resourceType\": \"subscriptions/resources\",\r\n      \"locations\": [],\r\n      \"apiVersions\": [\r\n        \"2019-05-01\",\r\n        \"2019-04-01\",\r\n        \"2019-03-01\",\r\n        \"2018-11-01\",\r\n        \"2018-09-01\",\r\n        \"2018-08-01\",\r\n        \"2018-07-01\",\r\n        \"2018-05-01\",\r\n        \"2018-02-01\",\r\n        \"2018-01-01\",\r\n        \"2017-08-01\",\r\n        \"2017-06-01\",\r\n        \"2017-05-10\",\r\n        \"2017-05-01\",\r\n        \"2017-03-01\",\r\n        \"2016-09-01\",\r\n        \"2016-07-01\",\r\n        \"2016-06-01\",\r\n        \"2016-02-01\",\r\n        \"2015-11-01\",\r\n        \"2015-01-01\",\r\n        \"2014-04-01-preview\"\r\n      ]\r\n    },\r\n    {\r\n      \"resourceType\": \"subscriptions/providers\",\r\n      \"locations\": [],\r\n      \"apiVersions\": [\r\n        \"2019-05-01\",\r\n        \"2019-04-01\",\r\n        \"2019-03-01\",\r\n        \"2018-11-01\",\r\n        \"2018-09-01\",\r\n        \"2018-08-01\",\r\n        \"2018-07-01\",\r\n        \"2018-05-01\",\r\n        \"2018-02-01\",\r\n        \"2018-01-01\",\r\n        \"2017-08-01\",\r\n        \"2017-06-01\",\r\n        \"2017-05-10\",\r\n        \"2017-05-01\",\r\n        \"2017-03-01\",\r\n        \"2016-09-01\",\r\n        \"2016-07-01\",\r\n        \"2016-06-01\",\r\n        \"2016-02-01\",\r\n        \"2015-11-01\",\r\n        \"2015-01-01\",\r\n        \"2014-04-01-preview\"\r\n      ]\r\n    },\r\n    {\r\n      \"resourceType\": \"subscriptions/operationresults\",\r\n      \"locations\": [],\r\n      \"apiVersions\": [\r\n        \"2019-05-01\",\r\n        \"2019-04-01\",\r\n        \"2019-03-01\",\r\n        \"2018-11-01\",\r\n        \"2018-09-01\",\r\n        \"2018-08-01\",\r\n        \"2018-07-01\",\r\n        \"2018-05-01\",\r\n        \"2018-02-01\",\r\n        \"2018-01-01\",\r\n        \"2017-08-01\",\r\n        \"2017-06-01\",\r\n        \"2017-05-10\",\r\n        \"2017-05-01\",\r\n        \"2017-03-01\",\r\n        \"2016-09-01\",\r\n        \"2016-07-01\",\r\n        \"2016-06-01\",\r\n        \"2016-02-01\",\r\n        \"2015-11-01\",\r\n        \"2015-01-01\",\r\n        \"2014-04-01-preview\"\r\n      ]\r\n    },\r\n    {\r\n      \"resourceType\": \"resourceGroups\",\r\n      \"locations\": [\r\n        \"Central US\",\r\n        \"East Asia\",\r\n        \"Southeast Asia\",\r\n        \"East US\",\r\n        \"East US 2\",\r\n        \"West US\",\r\n        \"West US 2\",\r\n        \"North Central US\",\r\n        \"South Central US\",\r\n        \"West Central US\",\r\n        \"North Europe\",\r\n        \"West Europe\",\r\n        \"Japan East\",\r\n        \"Japan West\",\r\n        \"Brazil South\",\r\n        \"Australia Southeast\",\r\n        \"Australia East\",\r\n        \"West India\",\r\n        \"South India\",\r\n        \"Central India\",\r\n        \"Canada Central\",\r\n        \"Canada East\",\r\n        \"UK South\",\r\n        \"UK West\",\r\n        \"Korea Central\",\r\n        \"Korea South\",\r\n        \"France Central\",\r\n        \"South Africa North\",\r\n        \"UAE North\",\r\n        \"Australia Central\",\r\n        \"Australia Central 2\",\r\n        \"East US 2 EUAP\",\r\n        \"Central US EUAP\"\r\n      ],\r\n      \"apiVersions\": [\r\n        \"2019-05-01\",\r\n        \"2019-04-01\",\r\n        \"2019-03-01\",\r\n        \"2018-11-01\",\r\n        \"2018-09-01\",\r\n        \"2018-08-01\",\r\n        \"2018-07-01\",\r\n        \"2018-05-01\",\r\n        \"2018-02-01\",\r\n        \"2018-01-01\",\r\n        \"2017-08-01\",\r\n        \"2017-06-01\",\r\n        \"2017-05-10\",\r\n        \"2017-05-01\",\r\n        \"2017-03-01\",\r\n        \"2016-09-01\",\r\n        \"2016-07-01\",\r\n        \"2016-06-01\",\r\n        \"2016-02-01\",\r\n        \"2015-11-01\",\r\n        \"2015-01-01\",\r\n        \"2014-04-01-preview\"\r\n      ]\r\n    },\r\n    {\r\n      \"resourceType\": \"subscriptions/resourceGroups\",\r\n      \"locations\": [\r\n        \"Central US\",\r\n        \"East Asia\",\r\n        \"Southeast Asia\",\r\n        \"East US\",\r\n        \"East US 2\",\r\n        \"West US\",\r\n        \"West US 2\",\r\n        \"North Central US\",\r\n        \"South Central US\",\r\n        \"West Central US\",\r\n        \"North Europe\",\r\n        \"West Europe\",\r\n        \"Japan East\",\r\n        \"Japan West\",\r\n        \"Brazil South\",\r\n        \"Australia Southeast\",\r\n        \"Australia East\",\r\n        \"West India\",\r\n        \"South India\",\r\n        \"Central India\",\r\n        \"Canada Central\",\r\n        \"Canada East\",\r\n        \"UK South\",\r\n        \"UK West\",\r\n        \"Korea Central\",\r\n        \"Korea South\",\r\n        \"France Central\",\r\n        \"South Africa North\",\r\n        \"UAE North\",\r\n        \"Australia Central\",\r\n        \"Australia Central 2\",\r\n        \"East US 2 EUAP\",\r\n        \"Central US EUAP\"\r\n      ],\r\n      \"apiVersions\": [\r\n        \"2019-05-01\",\r\n        \"2019-04-01\",\r\n        \"2019-03-01\",\r\n        \"2018-11-01\",\r\n        \"2018-09-01\",\r\n        \"2018-08-01\",\r\n        \"2018-07-01\",\r\n        \"2018-05-01\",\r\n        \"2018-02-01\",\r\n        \"2018-01-01\",\r\n        \"2017-08-01\",\r\n        \"2017-06-01\",\r\n        \"2017-05-10\",\r\n        \"2017-05-01\",\r\n        \"2017-03-01\",\r\n        \"2016-09-01\",\r\n        \"2016-07-01\",\r\n        \"2016-06-01\",\r\n        \"2016-02-01\",\r\n        \"2015-11-01\",\r\n        \"2015-01-01\",\r\n        \"2014-04-01-preview\"\r\n      ]\r\n    },\r\n    {\r\n      \"resourceType\": \"subscriptions/resourcegroups/resources\",\r\n      \"locations\": [],\r\n      \"apiVersions\": [\r\n        \"2019-05-01\",\r\n        \"2019-04-01\",\r\n        \"2019-03-01\",\r\n        \"2018-11-01\",\r\n        \"2018-09-01\",\r\n        \"2018-08-01\",\r\n        \"2018-07-01\",\r\n        \"2018-05-01\",\r\n        \"2018-02-01\",\r\n        \"2018-01-01\",\r\n        \"2017-08-01\",\r\n        \"2017-06-01\",\r\n        \"2017-05-10\",\r\n        \"2017-05-01\",\r\n        \"2017-03-01\",\r\n        \"2016-09-01\",\r\n        \"2016-07-01\",\r\n        \"2016-06-01\",\r\n        \"2016-02-01\",\r\n        \"2015-11-01\",\r\n        \"2015-01-01\",\r\n        \"2014-04-01-preview\"\r\n      ]\r\n    },\r\n    {\r\n      \"resourceType\": \"subscriptions/locations\",\r\n      \"locations\": [],\r\n      \"apiVersions\": [\r\n        \"2019-05-01\",\r\n        \"2019-04-01\",\r\n        \"2019-03-01\",\r\n        \"2018-11-01\",\r\n        \"2018-09-01\",\r\n        \"2018-08-01\",\r\n        \"2018-07-01\",\r\n        \"2018-05-01\",\r\n        \"2018-02-01\",\r\n        \"2018-01-01\",\r\n        \"2017-08-01\",\r\n        \"2017-06-01\",\r\n        \"2017-05-10\",\r\n        \"2017-05-01\",\r\n        \"2017-03-01\",\r\n        \"2016-09-01\",\r\n        \"2016-07-01\",\r\n        \"2016-06-01\",\r\n        \"2016-02-01\",\r\n        \"2015-11-01\",\r\n        \"2015-01-01\",\r\n        \"2014-04-01-preview\"\r\n      ]\r\n    },\r\n    {\r\n      \"resourceType\": \"subscriptions/tagnames\",\r\n      \"locations\": [],\r\n      \"apiVersions\": [\r\n        \"2019-05-01\",\r\n        \"2019-04-01\",\r\n        \"2019-03-01\",\r\n        \"2018-11-01\",\r\n        \"2018-09-01\",\r\n        \"2018-08-01\",\r\n        \"2018-07-01\",\r\n        \"2018-05-01\",\r\n        \"2018-02-01\",\r\n        \"2018-01-01\",\r\n        \"2017-08-01\",\r\n        \"2017-06-01\",\r\n        \"2017-05-10\",\r\n        \"2017-05-01\",\r\n        \"2017-03-01\",\r\n        \"2016-09-01\",\r\n        \"2016-07-01\",\r\n        \"2016-06-01\",\r\n        \"2016-02-01\",\r\n        \"2015-11-01\",\r\n        \"2015-01-01\",\r\n        \"2014-04-01-preview\"\r\n      ]\r\n    },\r\n    {\r\n      \"resourceType\": \"subscriptions/tagNames/tagValues\",\r\n      \"locations\": [],\r\n      \"apiVersions\": [\r\n        \"2019-05-01\",\r\n        \"2019-04-01\",\r\n        \"2019-03-01\",\r\n        \"2018-11-01\",\r\n        \"2018-09-01\",\r\n        \"2018-08-01\",\r\n        \"2018-07-01\",\r\n        \"2018-05-01\",\r\n        \"2018-02-01\",\r\n        \"2018-01-01\",\r\n        \"2017-08-01\",\r\n        \"2017-06-01\",\r\n        \"2017-05-10\",\r\n        \"2017-05-01\",\r\n        \"2017-03-01\",\r\n        \"2016-09-01\",\r\n        \"2016-07-01\",\r\n        \"2016-06-01\",\r\n        \"2016-02-01\",\r\n        \"2015-11-01\",\r\n        \"2015-01-01\",\r\n        \"2014-04-01-preview\"\r\n      ]\r\n    },\r\n    {\r\n      \"resourceType\": \"deployments\",\r\n      \"locations\": [],\r\n      \"apiVersions\": [\r\n        \"2019-05-01\",\r\n        \"2019-04-01\",\r\n        \"2019-03-01\",\r\n        \"2018-11-01\",\r\n        \"2018-09-01\",\r\n        \"2018-08-01\",\r\n        \"2018-07-01\",\r\n        \"2018-05-01\",\r\n        \"2018-02-01\",\r\n        \"2018-01-01\",\r\n        \"2017-08-01\",\r\n        \"2017-06-01\",\r\n        \"2017-05-10\",\r\n        \"2017-05-01\",\r\n        \"2017-03-01\",\r\n        \"2016-09-01\",\r\n        \"2016-07-01\",\r\n        \"2016-06-01\",\r\n        \"2016-02-01\",\r\n        \"2015-11-01\",\r\n        \"2015-01-01\",\r\n        \"2014-04-01-preview\"\r\n      ]\r\n    },\r\n    {\r\n      \"resourceType\": \"deployments/operations\",\r\n      \"locations\": [],\r\n      \"apiVersions\": [\r\n        \"2019-05-01\",\r\n        \"2019-04-01\",\r\n        \"2019-03-01\",\r\n        \"2018-11-01\",\r\n        \"2018-09-01\",\r\n        \"2018-08-01\",\r\n        \"2018-07-01\",\r\n        \"2018-05-01\",\r\n        \"2018-02-01\",\r\n        \"2018-01-01\",\r\n        \"2017-08-01\",\r\n        \"2017-06-01\",\r\n        \"2017-05-10\",\r\n        \"2017-05-01\",\r\n        \"2017-03-01\",\r\n        \"2016-09-01\",\r\n        \"2016-07-01\",\r\n        \"2016-06-01\",\r\n        \"2016-02-01\",\r\n        \"2015-11-01\",\r\n        \"2015-01-01\",\r\n        \"2014-04-01-preview\"\r\n      ]\r\n    },\r\n    {\r\n      \"resourceType\": \"links\",\r\n      \"locations\": [],\r\n      \"apiVersions\": [\r\n        \"2019-05-01\",\r\n        \"2019-04-01\",\r\n        \"2019-03-01\",\r\n        \"2018-11-01\",\r\n        \"2018-09-01\",\r\n        \"2018-08-01\",\r\n        \"2018-07-01\",\r\n        \"2018-05-01\",\r\n        \"2018-02-01\",\r\n        \"2018-01-01\",\r\n        \"2017-08-01\",\r\n        \"2017-06-01\",\r\n        \"2017-05-10\",\r\n        \"2017-05-01\",\r\n        \"2017-03-01\",\r\n        \"2016-09-01\",\r\n        \"2016-07-01\",\r\n        \"2016-06-01\",\r\n        \"2016-02-01\",\r\n        \"2015-11-01\",\r\n        \"2015-01-01\",\r\n        \"2014-04-01-preview\"\r\n      ]\r\n    },\r\n    {\r\n      \"resourceType\": \"operations\",\r\n      \"locations\": [],\r\n      \"apiVersions\": [\r\n        \"2015-01-01\"\r\n      ]\r\n    }\r\n  ],\r\n  \"registrationState\": \"Registered\"\r\n}",
      "StatusCode": 200
    },
    {
      "RequestUri": "/subscriptions/7b96cb02-4663-40f4-9a89-603d3849e46a/providers/Microsoft.StorageSync?api-version=2016-09-01",
      "EncodedRequestUri": "L3N1YnNjcmlwdGlvbnMvN2I5NmNiMDItNDY2My00MGY0LTlhODktNjAzZDM4NDllNDZhL3Byb3ZpZGVycy9NaWNyb3NvZnQuU3RvcmFnZVN5bmM/YXBpLXZlcnNpb249MjAxNi0wOS0wMQ==",
=======
          "10899"
        ]
      },
      "ResponseBody": "{\r\n  \"id\": \"/subscriptions/1dfbd0ca-8f09-4063-8b4d-85ca8f8a383b/providers/Microsoft.Resources\",\r\n  \"namespace\": \"Microsoft.Resources\",\r\n  \"authorization\": {\r\n    \"applicationId\": \"3b990c8b-9607-4c2a-8b04-1d41985facca\"\r\n  },\r\n  \"resourceTypes\": [\r\n    {\r\n      \"resourceType\": \"tenants\",\r\n      \"locations\": [],\r\n      \"apiVersions\": [\r\n        \"2020-01-01\",\r\n        \"2019-09-01\",\r\n        \"2019-05-01\",\r\n        \"2019-04-01\",\r\n        \"2019-03-01\",\r\n        \"2018-11-01\",\r\n        \"2018-09-01\",\r\n        \"2018-08-01\",\r\n        \"2018-07-01\",\r\n        \"2018-05-01\",\r\n        \"2018-02-01\",\r\n        \"2018-01-01\",\r\n        \"2017-08-01\",\r\n        \"2017-06-01\",\r\n        \"2017-05-10\",\r\n        \"2017-05-01\",\r\n        \"2017-03-01\",\r\n        \"2016-09-01\",\r\n        \"2016-07-01\",\r\n        \"2016-06-01\",\r\n        \"2016-02-01\",\r\n        \"2015-11-01\",\r\n        \"2015-01-01\",\r\n        \"2014-04-01-preview\"\r\n      ]\r\n    },\r\n    {\r\n      \"resourceType\": \"locations\",\r\n      \"locations\": [],\r\n      \"apiVersions\": [\r\n        \"2019-09-01\",\r\n        \"2019-05-01\",\r\n        \"2019-04-01\",\r\n        \"2019-03-01\",\r\n        \"2018-11-01\",\r\n        \"2018-09-01\",\r\n        \"2018-08-01\",\r\n        \"2018-07-01\",\r\n        \"2018-05-01\",\r\n        \"2018-02-01\",\r\n        \"2018-01-01\",\r\n        \"2017-08-01\",\r\n        \"2017-06-01\",\r\n        \"2017-05-10\",\r\n        \"2017-05-01\",\r\n        \"2017-03-01\",\r\n        \"2016-09-01\",\r\n        \"2016-07-01\",\r\n        \"2016-06-01\",\r\n        \"2016-02-01\",\r\n        \"2015-11-01\",\r\n        \"2015-01-01\",\r\n        \"2014-04-01-preview\"\r\n      ]\r\n    },\r\n    {\r\n      \"resourceType\": \"operationresults\",\r\n      \"locations\": [],\r\n      \"apiVersions\": [\r\n        \"2019-09-01\",\r\n        \"2019-05-01\",\r\n        \"2019-04-01\",\r\n        \"2019-03-01\",\r\n        \"2018-11-01\",\r\n        \"2018-09-01\",\r\n        \"2018-08-01\",\r\n        \"2018-07-01\",\r\n        \"2018-05-01\",\r\n        \"2018-02-01\",\r\n        \"2018-01-01\",\r\n        \"2017-08-01\",\r\n        \"2017-06-01\",\r\n        \"2017-05-10\",\r\n        \"2017-05-01\",\r\n        \"2017-03-01\",\r\n        \"2016-09-01\",\r\n        \"2016-07-01\",\r\n        \"2016-06-01\",\r\n        \"2016-02-01\",\r\n        \"2015-11-01\",\r\n        \"2015-01-01\",\r\n        \"2014-04-01-preview\"\r\n      ]\r\n    },\r\n    {\r\n      \"resourceType\": \"notifyResourceJobs\",\r\n      \"locations\": [],\r\n      \"apiVersions\": [\r\n        \"2019-09-01\",\r\n        \"2019-05-01\",\r\n        \"2019-04-01\",\r\n        \"2019-03-01\",\r\n        \"2018-11-01\",\r\n        \"2018-09-01\",\r\n        \"2018-08-01\",\r\n        \"2018-07-01\",\r\n        \"2018-05-01\",\r\n        \"2018-02-01\"\r\n      ]\r\n    },\r\n    {\r\n      \"resourceType\": \"tags\",\r\n      \"locations\": [],\r\n      \"apiVersions\": [\r\n        \"2019-10-01\",\r\n        \"2019-05-01\",\r\n        \"2019-04-01\",\r\n        \"2019-03-01\",\r\n        \"2018-11-01\"\r\n      ],\r\n      \"capabilities\": \"SupportsExtension\"\r\n    },\r\n    {\r\n      \"resourceType\": \"checkPolicyCompliance\",\r\n      \"locations\": [],\r\n      \"apiVersions\": [\r\n        \"2019-05-01\",\r\n        \"2019-04-01\",\r\n        \"2019-03-01\",\r\n        \"2018-11-01\",\r\n        \"2018-09-01\",\r\n        \"2018-08-01\",\r\n        \"2018-07-01\",\r\n        \"2018-05-01\",\r\n        \"2018-02-01\",\r\n        \"2018-01-01\",\r\n        \"2017-08-01\",\r\n        \"2017-06-01\",\r\n        \"2017-05-10\",\r\n        \"2017-05-01\",\r\n        \"2017-03-01\",\r\n        \"2016-09-01\",\r\n        \"2016-07-01\",\r\n        \"2016-06-01\",\r\n        \"2016-02-01\",\r\n        \"2015-11-01\",\r\n        \"2015-01-01\",\r\n        \"2014-04-01-preview\"\r\n      ]\r\n    },\r\n    {\r\n      \"resourceType\": \"providers\",\r\n      \"locations\": [],\r\n      \"apiVersions\": [\r\n        \"2019-05-01\",\r\n        \"2019-04-01\",\r\n        \"2019-03-01\",\r\n        \"2018-11-01\",\r\n        \"2018-09-01\",\r\n        \"2018-08-01\",\r\n        \"2018-07-01\",\r\n        \"2018-05-01\",\r\n        \"2018-02-01\",\r\n        \"2018-01-01\",\r\n        \"2017-08-01\",\r\n        \"2017-06-01\",\r\n        \"2017-05-10\",\r\n        \"2017-05-01\",\r\n        \"2017-03-01\",\r\n        \"2016-09-01\",\r\n        \"2016-07-01\",\r\n        \"2016-06-01\",\r\n        \"2016-02-01\",\r\n        \"2015-11-01\",\r\n        \"2015-01-01\",\r\n        \"2014-04-01-preview\"\r\n      ]\r\n    },\r\n    {\r\n      \"resourceType\": \"checkresourcename\",\r\n      \"locations\": [],\r\n      \"apiVersions\": [\r\n        \"2019-05-01\",\r\n        \"2019-04-01\",\r\n        \"2019-03-01\",\r\n        \"2018-11-01\",\r\n        \"2018-09-01\",\r\n        \"2018-08-01\",\r\n        \"2018-07-01\",\r\n        \"2018-05-01\",\r\n        \"2018-02-01\",\r\n        \"2018-01-01\",\r\n        \"2017-08-01\",\r\n        \"2017-06-01\",\r\n        \"2017-05-10\",\r\n        \"2017-05-01\",\r\n        \"2017-03-01\",\r\n        \"2016-09-01\",\r\n        \"2016-07-01\",\r\n        \"2016-06-01\",\r\n        \"2016-02-01\",\r\n        \"2015-11-01\",\r\n        \"2015-01-01\",\r\n        \"2014-04-01-preview\"\r\n      ]\r\n    },\r\n    {\r\n      \"resourceType\": \"calculateTemplateHash\",\r\n      \"locations\": [],\r\n      \"apiVersions\": [\r\n        \"2019-09-01\",\r\n        \"2019-05-01\",\r\n        \"2019-04-01\",\r\n        \"2019-03-01\",\r\n        \"2018-11-01\",\r\n        \"2018-09-01\",\r\n        \"2018-08-01\",\r\n        \"2018-07-01\",\r\n        \"2018-05-01\",\r\n        \"2018-02-01\",\r\n        \"2018-01-01\",\r\n        \"2017-08-01\",\r\n        \"2017-06-01\",\r\n        \"2017-05-10\",\r\n        \"2017-05-01\",\r\n        \"2017-03-01\",\r\n        \"2016-09-01\",\r\n        \"2016-07-01\",\r\n        \"2016-06-01\",\r\n        \"2016-02-01\",\r\n        \"2015-11-01\",\r\n        \"2015-01-01\",\r\n        \"2014-04-01-preview\"\r\n      ]\r\n    },\r\n    {\r\n      \"resourceType\": \"resources\",\r\n      \"locations\": [],\r\n      \"apiVersions\": [\r\n        \"2019-09-01\",\r\n        \"2019-05-01\",\r\n        \"2019-04-01\",\r\n        \"2019-03-01\",\r\n        \"2018-11-01\",\r\n        \"2018-09-01\",\r\n        \"2018-08-01\",\r\n        \"2018-07-01\",\r\n        \"2018-05-01\",\r\n        \"2018-02-01\",\r\n        \"2018-01-01\",\r\n        \"2017-08-01\",\r\n        \"2017-06-01\",\r\n        \"2017-05-10\",\r\n        \"2017-05-01\",\r\n        \"2017-03-01\",\r\n        \"2016-09-01\",\r\n        \"2016-07-01\",\r\n        \"2016-06-01\",\r\n        \"2016-02-01\",\r\n        \"2015-11-01\",\r\n        \"2015-01-01\",\r\n        \"2014-04-01-preview\"\r\n      ]\r\n    },\r\n    {\r\n      \"resourceType\": \"subscriptions\",\r\n      \"locations\": [],\r\n      \"apiVersions\": [\r\n        \"2019-10-01\",\r\n        \"2019-09-01\",\r\n        \"2019-05-01\",\r\n        \"2019-04-01\",\r\n        \"2019-03-01\",\r\n        \"2018-11-01\",\r\n        \"2018-09-01\",\r\n        \"2018-08-01\",\r\n        \"2018-07-01\",\r\n        \"2018-05-01\",\r\n        \"2018-02-01\",\r\n        \"2018-01-01\",\r\n        \"2017-08-01\",\r\n        \"2017-06-01\",\r\n        \"2017-05-10\",\r\n        \"2017-05-01\",\r\n        \"2017-03-01\",\r\n        \"2016-09-01\",\r\n        \"2016-07-01\",\r\n        \"2016-06-01\",\r\n        \"2016-02-01\",\r\n        \"2015-11-01\",\r\n        \"2015-01-01\",\r\n        \"2014-04-01-preview\"\r\n      ]\r\n    },\r\n    {\r\n      \"resourceType\": \"subscriptions/resources\",\r\n      \"locations\": [],\r\n      \"apiVersions\": [\r\n        \"2019-09-01\",\r\n        \"2019-05-01\",\r\n        \"2019-04-01\",\r\n        \"2019-03-01\",\r\n        \"2018-11-01\",\r\n        \"2018-09-01\",\r\n        \"2018-08-01\",\r\n        \"2018-07-01\",\r\n        \"2018-05-01\",\r\n        \"2018-02-01\",\r\n        \"2018-01-01\",\r\n        \"2017-08-01\",\r\n        \"2017-06-01\",\r\n        \"2017-05-10\",\r\n        \"2017-05-01\",\r\n        \"2017-03-01\",\r\n        \"2016-09-01\",\r\n        \"2016-07-01\",\r\n        \"2016-06-01\",\r\n        \"2016-02-01\",\r\n        \"2015-11-01\",\r\n        \"2015-01-01\",\r\n        \"2014-04-01-preview\"\r\n      ]\r\n    },\r\n    {\r\n      \"resourceType\": \"subscriptions/providers\",\r\n      \"locations\": [],\r\n      \"apiVersions\": [\r\n        \"2019-05-01\",\r\n        \"2019-04-01\",\r\n        \"2019-03-01\",\r\n        \"2018-11-01\",\r\n        \"2018-09-01\",\r\n        \"2018-08-01\",\r\n        \"2018-07-01\",\r\n        \"2018-05-01\",\r\n        \"2018-02-01\",\r\n        \"2018-01-01\",\r\n        \"2017-08-01\",\r\n        \"2017-06-01\",\r\n        \"2017-05-10\",\r\n        \"2017-05-01\",\r\n        \"2017-03-01\",\r\n        \"2016-09-01\",\r\n        \"2016-07-01\",\r\n        \"2016-06-01\",\r\n        \"2016-02-01\",\r\n        \"2015-11-01\",\r\n        \"2015-01-01\",\r\n        \"2014-04-01-preview\"\r\n      ]\r\n    },\r\n    {\r\n      \"resourceType\": \"subscriptions/operationresults\",\r\n      \"locations\": [],\r\n      \"apiVersions\": [\r\n        \"2019-05-01\",\r\n        \"2019-04-01\",\r\n        \"2019-03-01\",\r\n        \"2018-11-01\",\r\n        \"2018-09-01\",\r\n        \"2018-08-01\",\r\n        \"2018-07-01\",\r\n        \"2018-05-01\",\r\n        \"2018-02-01\",\r\n        \"2018-01-01\",\r\n        \"2017-08-01\",\r\n        \"2017-06-01\",\r\n        \"2017-05-10\",\r\n        \"2017-05-01\",\r\n        \"2017-03-01\",\r\n        \"2016-09-01\",\r\n        \"2016-07-01\",\r\n        \"2016-06-01\",\r\n        \"2016-02-01\",\r\n        \"2015-11-01\",\r\n        \"2015-01-01\",\r\n        \"2014-04-01-preview\"\r\n      ]\r\n    },\r\n    {\r\n      \"resourceType\": \"resourceGroups\",\r\n      \"locations\": [\r\n        \"Central US\",\r\n        \"East Asia\",\r\n        \"Southeast Asia\",\r\n        \"East US\",\r\n        \"East US 2\",\r\n        \"West US\",\r\n        \"West US 2\",\r\n        \"North Central US\",\r\n        \"South Central US\",\r\n        \"West Central US\",\r\n        \"North Europe\",\r\n        \"West Europe\",\r\n        \"Japan East\",\r\n        \"Japan West\",\r\n        \"Brazil South\",\r\n        \"Australia Southeast\",\r\n        \"Australia East\",\r\n        \"West India\",\r\n        \"South India\",\r\n        \"Central India\",\r\n        \"Canada Central\",\r\n        \"Canada East\",\r\n        \"UK South\",\r\n        \"UK West\",\r\n        \"Korea Central\",\r\n        \"Korea South\",\r\n        \"France Central\",\r\n        \"South Africa North\",\r\n        \"UAE North\",\r\n        \"Australia Central\",\r\n        \"Switzerland North\",\r\n        \"Germany West Central\",\r\n        \"Norway East\",\r\n        \"East US 2 EUAP\",\r\n        \"Central US EUAP\"\r\n      ],\r\n      \"apiVersions\": [\r\n        \"2019-05-01\",\r\n        \"2019-04-01\",\r\n        \"2019-03-01\",\r\n        \"2018-11-01\",\r\n        \"2018-09-01\",\r\n        \"2018-08-01\",\r\n        \"2018-07-01\",\r\n        \"2018-05-01\",\r\n        \"2018-02-01\",\r\n        \"2018-01-01\",\r\n        \"2017-08-01\",\r\n        \"2017-06-01\",\r\n        \"2017-05-10\",\r\n        \"2017-05-01\",\r\n        \"2017-03-01\",\r\n        \"2016-09-01\",\r\n        \"2016-07-01\",\r\n        \"2016-06-01\",\r\n        \"2016-02-01\",\r\n        \"2015-11-01\",\r\n        \"2015-01-01\",\r\n        \"2014-04-01-preview\"\r\n      ]\r\n    },\r\n    {\r\n      \"resourceType\": \"subscriptions/resourceGroups\",\r\n      \"locations\": [\r\n        \"Central US\",\r\n        \"East Asia\",\r\n        \"Southeast Asia\",\r\n        \"East US\",\r\n        \"East US 2\",\r\n        \"West US\",\r\n        \"West US 2\",\r\n        \"North Central US\",\r\n        \"South Central US\",\r\n        \"West Central US\",\r\n        \"North Europe\",\r\n        \"West Europe\",\r\n        \"Japan East\",\r\n        \"Japan West\",\r\n        \"Brazil South\",\r\n        \"Australia Southeast\",\r\n        \"Australia East\",\r\n        \"West India\",\r\n        \"South India\",\r\n        \"Central India\",\r\n        \"Canada Central\",\r\n        \"Canada East\",\r\n        \"UK South\",\r\n        \"UK West\",\r\n        \"Korea Central\",\r\n        \"Korea South\",\r\n        \"France Central\",\r\n        \"South Africa North\",\r\n        \"UAE North\",\r\n        \"Australia Central\",\r\n        \"Switzerland North\",\r\n        \"Germany West Central\",\r\n        \"Norway East\",\r\n        \"East US 2 EUAP\",\r\n        \"Central US EUAP\"\r\n      ],\r\n      \"apiVersions\": [\r\n        \"2019-05-01\",\r\n        \"2019-04-01\",\r\n        \"2019-03-01\",\r\n        \"2018-11-01\",\r\n        \"2018-09-01\",\r\n        \"2018-08-01\",\r\n        \"2018-07-01\",\r\n        \"2018-05-01\",\r\n        \"2018-02-01\",\r\n        \"2018-01-01\",\r\n        \"2017-08-01\",\r\n        \"2017-06-01\",\r\n        \"2017-05-10\",\r\n        \"2017-05-01\",\r\n        \"2017-03-01\",\r\n        \"2016-09-01\",\r\n        \"2016-07-01\",\r\n        \"2016-06-01\",\r\n        \"2016-02-01\",\r\n        \"2015-11-01\",\r\n        \"2015-01-01\",\r\n        \"2014-04-01-preview\"\r\n      ]\r\n    },\r\n    {\r\n      \"resourceType\": \"subscriptions/resourcegroups/resources\",\r\n      \"locations\": [],\r\n      \"apiVersions\": [\r\n        \"2019-05-01\",\r\n        \"2019-04-01\",\r\n        \"2019-03-01\",\r\n        \"2018-11-01\",\r\n        \"2018-09-01\",\r\n        \"2018-08-01\",\r\n        \"2018-07-01\",\r\n        \"2018-05-01\",\r\n        \"2018-02-01\",\r\n        \"2018-01-01\",\r\n        \"2017-08-01\",\r\n        \"2017-06-01\",\r\n        \"2017-05-10\",\r\n        \"2017-05-01\",\r\n        \"2017-03-01\",\r\n        \"2016-09-01\",\r\n        \"2016-07-01\",\r\n        \"2016-06-01\",\r\n        \"2016-02-01\",\r\n        \"2015-11-01\",\r\n        \"2015-01-01\",\r\n        \"2014-04-01-preview\"\r\n      ]\r\n    },\r\n    {\r\n      \"resourceType\": \"subscriptions/locations\",\r\n      \"locations\": [],\r\n      \"apiVersions\": [\r\n        \"2019-05-01\",\r\n        \"2019-04-01\",\r\n        \"2019-03-01\",\r\n        \"2018-11-01\",\r\n        \"2018-09-01\",\r\n        \"2018-08-01\",\r\n        \"2018-07-01\",\r\n        \"2018-05-01\",\r\n        \"2018-02-01\",\r\n        \"2018-01-01\",\r\n        \"2017-08-01\",\r\n        \"2017-06-01\",\r\n        \"2017-05-10\",\r\n        \"2017-05-01\",\r\n        \"2017-03-01\",\r\n        \"2016-09-01\",\r\n        \"2016-07-01\",\r\n        \"2016-06-01\",\r\n        \"2016-02-01\",\r\n        \"2015-11-01\",\r\n        \"2015-01-01\",\r\n        \"2014-04-01-preview\"\r\n      ]\r\n    },\r\n    {\r\n      \"resourceType\": \"subscriptions/tagnames\",\r\n      \"locations\": [],\r\n      \"apiVersions\": [\r\n        \"2019-05-01\",\r\n        \"2019-04-01\",\r\n        \"2019-03-01\",\r\n        \"2018-11-01\",\r\n        \"2018-09-01\",\r\n        \"2018-08-01\",\r\n        \"2018-07-01\",\r\n        \"2018-05-01\",\r\n        \"2018-02-01\",\r\n        \"2018-01-01\",\r\n        \"2017-08-01\",\r\n        \"2017-06-01\",\r\n        \"2017-05-10\",\r\n        \"2017-05-01\",\r\n        \"2017-03-01\",\r\n        \"2016-09-01\",\r\n        \"2016-07-01\",\r\n        \"2016-06-01\",\r\n        \"2016-02-01\",\r\n        \"2015-11-01\",\r\n        \"2015-01-01\",\r\n        \"2014-04-01-preview\"\r\n      ]\r\n    },\r\n    {\r\n      \"resourceType\": \"subscriptions/tagNames/tagValues\",\r\n      \"locations\": [],\r\n      \"apiVersions\": [\r\n        \"2019-05-01\",\r\n        \"2019-04-01\",\r\n        \"2019-03-01\",\r\n        \"2018-11-01\",\r\n        \"2018-09-01\",\r\n        \"2018-08-01\",\r\n        \"2018-07-01\",\r\n        \"2018-05-01\",\r\n        \"2018-02-01\",\r\n        \"2018-01-01\",\r\n        \"2017-08-01\",\r\n        \"2017-06-01\",\r\n        \"2017-05-10\",\r\n        \"2017-05-01\",\r\n        \"2017-03-01\",\r\n        \"2016-09-01\",\r\n        \"2016-07-01\",\r\n        \"2016-06-01\",\r\n        \"2016-02-01\",\r\n        \"2015-11-01\",\r\n        \"2015-01-01\",\r\n        \"2014-04-01-preview\"\r\n      ]\r\n    },\r\n    {\r\n      \"resourceType\": \"deployments\",\r\n      \"locations\": [],\r\n      \"apiVersions\": [\r\n        \"2019-09-01\",\r\n        \"2019-05-01\",\r\n        \"2019-04-01\",\r\n        \"2019-03-01\",\r\n        \"2018-11-01\",\r\n        \"2018-09-01\",\r\n        \"2018-08-01\",\r\n        \"2018-07-01\",\r\n        \"2018-05-01\",\r\n        \"2018-02-01\",\r\n        \"2018-01-01\",\r\n        \"2017-08-01\",\r\n        \"2017-06-01\",\r\n        \"2017-05-10\",\r\n        \"2017-05-01\",\r\n        \"2017-03-01\",\r\n        \"2016-09-01\",\r\n        \"2016-07-01\",\r\n        \"2016-06-01\",\r\n        \"2016-02-01\",\r\n        \"2015-11-01\",\r\n        \"2015-01-01\",\r\n        \"2014-04-01-preview\"\r\n      ]\r\n    },\r\n    {\r\n      \"resourceType\": \"deployments/operations\",\r\n      \"locations\": [],\r\n      \"apiVersions\": [\r\n        \"2019-09-01\",\r\n        \"2019-05-01\",\r\n        \"2019-04-01\",\r\n        \"2019-03-01\",\r\n        \"2018-11-01\",\r\n        \"2018-09-01\",\r\n        \"2018-08-01\",\r\n        \"2018-07-01\",\r\n        \"2018-05-01\",\r\n        \"2018-02-01\",\r\n        \"2018-01-01\",\r\n        \"2017-08-01\",\r\n        \"2017-06-01\",\r\n        \"2017-05-10\",\r\n        \"2017-05-01\",\r\n        \"2017-03-01\",\r\n        \"2016-09-01\",\r\n        \"2016-07-01\",\r\n        \"2016-06-01\",\r\n        \"2016-02-01\",\r\n        \"2015-11-01\",\r\n        \"2015-01-01\",\r\n        \"2014-04-01-preview\"\r\n      ]\r\n    },\r\n    {\r\n      \"resourceType\": \"links\",\r\n      \"locations\": [],\r\n      \"apiVersions\": [\r\n        \"2019-05-01\",\r\n        \"2019-04-01\",\r\n        \"2019-03-01\",\r\n        \"2018-11-01\",\r\n        \"2018-09-01\",\r\n        \"2018-08-01\",\r\n        \"2018-07-01\",\r\n        \"2018-05-01\",\r\n        \"2018-02-01\",\r\n        \"2018-01-01\",\r\n        \"2017-08-01\",\r\n        \"2017-06-01\",\r\n        \"2017-05-10\",\r\n        \"2017-05-01\",\r\n        \"2017-03-01\",\r\n        \"2016-09-01\",\r\n        \"2016-07-01\",\r\n        \"2016-06-01\",\r\n        \"2016-02-01\",\r\n        \"2015-11-01\",\r\n        \"2015-01-01\",\r\n        \"2014-04-01-preview\"\r\n      ],\r\n      \"capabilities\": \"SupportsExtension\"\r\n    },\r\n    {\r\n      \"resourceType\": \"operations\",\r\n      \"locations\": [],\r\n      \"apiVersions\": [\r\n        \"2015-01-01\"\r\n      ]\r\n    },\r\n    {\r\n      \"resourceType\": \"deploymentScripts\",\r\n      \"locations\": [\r\n        \"East Asia\",\r\n        \"Southeast Asia\",\r\n        \"Australia East\",\r\n        \"Brazil South\",\r\n        \"Canada Central\",\r\n        \"East US 2\",\r\n        \"East US\",\r\n        \"Central US\",\r\n        \"North Central US\",\r\n        \"UK South\",\r\n        \"Central India\",\r\n        \"South India\",\r\n        \"Japan East\",\r\n        \"Korea Central\",\r\n        \"North Europe\",\r\n        \"West Central US\",\r\n        \"West Europe\",\r\n        \"West US 2\",\r\n        \"West US\",\r\n        \"South Central US\",\r\n        \"Canada East\",\r\n        \"Central US EUAP\",\r\n        \"East US 2 EUAP\"\r\n      ],\r\n      \"apiVersions\": [\r\n        \"2019-10-01-preview\"\r\n      ],\r\n      \"capabilities\": \"None\"\r\n    },\r\n    {\r\n      \"resourceType\": \"deploymentScripts/logs\",\r\n      \"locations\": [\r\n        \"East Asia\",\r\n        \"Southeast Asia\",\r\n        \"Australia East\",\r\n        \"Brazil South\",\r\n        \"Canada Central\",\r\n        \"East US 2\",\r\n        \"East US\",\r\n        \"Central US\",\r\n        \"North Central US\",\r\n        \"UK South\",\r\n        \"Central India\",\r\n        \"South India\",\r\n        \"Japan East\",\r\n        \"Korea Central\",\r\n        \"North Europe\",\r\n        \"West Central US\",\r\n        \"West Europe\",\r\n        \"West US 2\",\r\n        \"West US\",\r\n        \"South Central US\",\r\n        \"Canada East\",\r\n        \"Central US EUAP\",\r\n        \"East US 2 EUAP\"\r\n      ],\r\n      \"apiVersions\": [\r\n        \"2019-10-01-preview\"\r\n      ]\r\n    },\r\n    {\r\n      \"resourceType\": \"locations/deploymentScriptOperationResults\",\r\n      \"locations\": [\r\n        \"East Asia\",\r\n        \"Southeast Asia\",\r\n        \"Australia East\",\r\n        \"Brazil South\",\r\n        \"Canada Central\",\r\n        \"East US 2\",\r\n        \"East US\",\r\n        \"Central US\",\r\n        \"North Central US\",\r\n        \"UK South\",\r\n        \"Central India\",\r\n        \"South India\",\r\n        \"Japan East\",\r\n        \"Korea Central\",\r\n        \"North Europe\",\r\n        \"West Central US\",\r\n        \"West Europe\",\r\n        \"West US 2\",\r\n        \"West US\",\r\n        \"South Central US\",\r\n        \"Canada East\",\r\n        \"Central US EUAP\",\r\n        \"East US 2 EUAP\"\r\n      ],\r\n      \"apiVersions\": [\r\n        \"2019-10-01-preview\"\r\n      ]\r\n    }\r\n  ],\r\n  \"registrationState\": \"Registered\"\r\n}",
      "StatusCode": 200
    },
    {
      "RequestUri": "/subscriptions/1dfbd0ca-8f09-4063-8b4d-85ca8f8a383b/providers/Microsoft.StorageSync?api-version=2016-09-01",
      "EncodedRequestUri": "L3N1YnNjcmlwdGlvbnMvMWRmYmQwY2EtOGYwOS00MDYzLThiNGQtODVjYThmOGEzODNiL3Byb3ZpZGVycy9NaWNyb3NvZnQuU3RvcmFnZVN5bmM/YXBpLXZlcnNpb249MjAxNi0wOS0wMQ==",
>>>>>>> d78b04a5306127f583235b13752c48d4f7d1289a
      "RequestMethod": "GET",
      "RequestBody": "",
      "RequestHeaders": {
        "x-ms-client-request-id": [
<<<<<<< HEAD
          "1cb97f5d-5fbb-4299-ad53-916cbd282ea6"
=======
          "5cf48a63-9e4b-4c90-83b9-6c5383dcae6a"
>>>>>>> d78b04a5306127f583235b13752c48d4f7d1289a
        ],
        "Accept-Language": [
          "en-US"
        ],
        "User-Agent": [
<<<<<<< HEAD
          "FxVersion/4.6.27617.04",
          "OSName/Windows",
          "OSVersion/Microsoft.Windows.10.0.14393.",
          "Microsoft.Azure.Management.Internal.Resources.ResourceManagementClient/1.3.0"
=======
          "FxVersion/4.6.28207.03",
          "OSName/Windows",
          "OSVersion/Microsoft.Windows.10.0.14393.",
          "Microsoft.Azure.Management.Internal.Resources.ResourceManagementClient/1.3.16"
>>>>>>> d78b04a5306127f583235b13752c48d4f7d1289a
        ]
      },
      "ResponseHeaders": {
        "Cache-Control": [
          "no-cache"
        ],
        "Pragma": [
          "no-cache"
        ],
        "x-ms-ratelimit-remaining-subscription-reads": [
<<<<<<< HEAD
          "11998"
        ],
        "x-ms-request-id": [
          "5a05b750-6c66-47a6-a269-34f4599300b7"
        ],
        "x-ms-correlation-request-id": [
          "5a05b750-6c66-47a6-a269-34f4599300b7"
        ],
        "x-ms-routing-request-id": [
          "WESTUS:20190703T184239Z:5a05b750-6c66-47a6-a269-34f4599300b7"
=======
          "11994"
        ],
        "x-ms-request-id": [
          "e159ed60-bcb2-49b8-b5a7-cccb467ee6e2"
        ],
        "x-ms-correlation-request-id": [
          "e159ed60-bcb2-49b8-b5a7-cccb467ee6e2"
        ],
        "x-ms-routing-request-id": [
          "WESTUS:20200623T071427Z:e159ed60-bcb2-49b8-b5a7-cccb467ee6e2"
>>>>>>> d78b04a5306127f583235b13752c48d4f7d1289a
        ],
        "Strict-Transport-Security": [
          "max-age=31536000; includeSubDomains"
        ],
        "X-Content-Type-Options": [
          "nosniff"
        ],
        "Date": [
<<<<<<< HEAD
          "Wed, 03 Jul 2019 18:42:38 GMT"
=======
          "Tue, 23 Jun 2020 07:14:27 GMT"
>>>>>>> d78b04a5306127f583235b13752c48d4f7d1289a
        ],
        "Content-Type": [
          "application/json; charset=utf-8"
        ],
        "Expires": [
          "-1"
        ],
        "Content-Length": [
<<<<<<< HEAD
          "5239"
        ]
      },
      "ResponseBody": "{\r\n  \"id\": \"/subscriptions/7b96cb02-4663-40f4-9a89-603d3849e46a/providers/Microsoft.StorageSync\",\r\n  \"namespace\": \"Microsoft.StorageSync\",\r\n  \"authorizations\": [\r\n    {\r\n      \"applicationId\": \"9469b9f5-6722-4481-a2b2-14ed560b706f\"\r\n    }\r\n  ],\r\n  \"resourceTypes\": [\r\n    {\r\n      \"resourceType\": \"storageSyncServices\",\r\n      \"locations\": [\r\n        \"West US\",\r\n        \"West Europe\",\r\n        \"North Europe\",\r\n        \"Southeast Asia\",\r\n        \"East Asia\",\r\n        \"Australia East\",\r\n        \"Australia Southeast\",\r\n        \"East US\",\r\n        \"Canada Central\",\r\n        \"Canada East\",\r\n        \"Central US\",\r\n        \"East US 2\",\r\n        \"UK South\",\r\n        \"UK West\",\r\n        \"Central India\",\r\n        \"South India\",\r\n        \"North Central US\",\r\n        \"South Central US\",\r\n        \"Brazil South\",\r\n        \"Japan East\",\r\n        \"Japan West\",\r\n        \"Korea Central\",\r\n        \"Korea South\",\r\n        \"West Central US\",\r\n        \"Central US EUAP\",\r\n        \"West US 2\",\r\n        \"East US 2 EUAP\"\r\n      ],\r\n      \"apiVersions\": [\r\n        \"2019-03-01\",\r\n        \"2019-02-01\",\r\n        \"2018-10-01\",\r\n        \"2018-07-01\",\r\n        \"2018-04-02\",\r\n        \"2018-01-01-preview\",\r\n        \"2017-06-05-preview\"\r\n      ],\r\n      \"capabilities\": \"CrossResourceGroupResourceMove, CrossSubscriptionResourceMove\"\r\n    },\r\n    {\r\n      \"resourceType\": \"storageSyncServices/syncGroups\",\r\n      \"locations\": [\r\n        \"West US\",\r\n        \"West Europe\",\r\n        \"North Europe\",\r\n        \"Southeast Asia\",\r\n        \"East Asia\",\r\n        \"Australia East\",\r\n        \"Australia Southeast\",\r\n        \"East US\",\r\n        \"Canada Central\",\r\n        \"Canada East\",\r\n        \"Central US\",\r\n        \"East US 2\",\r\n        \"UK South\",\r\n        \"UK West\",\r\n        \"Central India\",\r\n        \"South India\",\r\n        \"North Central US\",\r\n        \"South Central US\",\r\n        \"Brazil South\",\r\n        \"Japan East\",\r\n        \"Japan West\",\r\n        \"Korea Central\",\r\n        \"Korea South\",\r\n        \"West Central US\",\r\n        \"Central US EUAP\",\r\n        \"West US 2\",\r\n        \"East US 2 EUAP\"\r\n      ],\r\n      \"apiVersions\": [\r\n        \"2019-03-01\",\r\n        \"2019-02-01\",\r\n        \"2018-10-01\",\r\n        \"2018-07-01\",\r\n        \"2018-04-02\",\r\n        \"2018-01-01-preview\",\r\n        \"2017-06-05-preview\"\r\n      ]\r\n    },\r\n    {\r\n      \"resourceType\": \"storageSyncServices/syncGroups/cloudEndpoints\",\r\n      \"locations\": [\r\n        \"West US\",\r\n        \"West Europe\",\r\n        \"North Europe\",\r\n        \"Southeast Asia\",\r\n        \"East Asia\",\r\n        \"Australia East\",\r\n        \"Australia Southeast\",\r\n        \"East US\",\r\n        \"Canada Central\",\r\n        \"Canada East\",\r\n        \"Central US\",\r\n        \"East US 2\",\r\n        \"UK South\",\r\n        \"UK West\",\r\n        \"Central India\",\r\n        \"South India\",\r\n        \"North Central US\",\r\n        \"South Central US\",\r\n        \"Brazil South\",\r\n        \"Japan East\",\r\n        \"Japan West\",\r\n        \"Korea Central\",\r\n        \"Korea South\",\r\n        \"West Central US\",\r\n        \"Central US EUAP\",\r\n        \"West US 2\",\r\n        \"East US 2 EUAP\"\r\n      ],\r\n      \"apiVersions\": [\r\n        \"2019-03-01\",\r\n        \"2019-02-01\",\r\n        \"2018-10-01\",\r\n        \"2018-07-01\",\r\n        \"2018-04-02\",\r\n        \"2018-01-01-preview\",\r\n        \"2017-06-05-preview\"\r\n      ]\r\n    },\r\n    {\r\n      \"resourceType\": \"storageSyncServices/syncGroups/serverEndpoints\",\r\n      \"locations\": [\r\n        \"West US\",\r\n        \"West Europe\",\r\n        \"North Europe\",\r\n        \"Southeast Asia\",\r\n        \"East Asia\",\r\n        \"Australia East\",\r\n        \"Australia Southeast\",\r\n        \"East US\",\r\n        \"Canada Central\",\r\n        \"Canada East\",\r\n        \"Central US\",\r\n        \"East US 2\",\r\n        \"UK South\",\r\n        \"UK West\",\r\n        \"Central India\",\r\n        \"South India\",\r\n        \"North Central US\",\r\n        \"South Central US\",\r\n        \"Brazil South\",\r\n        \"Japan East\",\r\n        \"Japan West\",\r\n        \"Korea Central\",\r\n        \"Korea South\",\r\n        \"West Central US\",\r\n        \"Central US EUAP\",\r\n        \"West US 2\",\r\n        \"East US 2 EUAP\"\r\n      ],\r\n      \"apiVersions\": [\r\n        \"2019-03-01\",\r\n        \"2019-02-01\",\r\n        \"2018-10-01\",\r\n        \"2018-07-01\",\r\n        \"2018-04-02\",\r\n        \"2018-01-01-preview\",\r\n        \"2017-06-05-preview\"\r\n      ]\r\n    },\r\n    {\r\n      \"resourceType\": \"storageSyncServices/registeredServers\",\r\n      \"locations\": [\r\n        \"West US\",\r\n        \"West Europe\",\r\n        \"North Europe\",\r\n        \"Southeast Asia\",\r\n        \"East Asia\",\r\n        \"Australia East\",\r\n        \"Australia Southeast\",\r\n        \"East US\",\r\n        \"Canada Central\",\r\n        \"Canada East\",\r\n        \"Central US\",\r\n        \"East US 2\",\r\n        \"UK South\",\r\n        \"UK West\",\r\n        \"Central India\",\r\n        \"South India\",\r\n        \"North Central US\",\r\n        \"South Central US\",\r\n        \"Brazil South\",\r\n        \"Japan East\",\r\n        \"Japan West\",\r\n        \"Korea Central\",\r\n        \"Korea South\",\r\n        \"West Central US\",\r\n        \"Central US EUAP\",\r\n        \"West US 2\",\r\n        \"East US 2 EUAP\"\r\n      ],\r\n      \"apiVersions\": [\r\n        \"2019-03-01\",\r\n        \"2019-02-01\",\r\n        \"2018-10-01\",\r\n        \"2018-07-01\",\r\n        \"2018-04-02\",\r\n        \"2018-01-01-preview\",\r\n        \"2017-06-05-preview\"\r\n      ]\r\n    },\r\n    {\r\n      \"resourceType\": \"storageSyncServices/workflows\",\r\n      \"locations\": [\r\n        \"West US\",\r\n        \"West Europe\",\r\n        \"North Europe\",\r\n        \"Southeast Asia\",\r\n        \"East Asia\",\r\n        \"Australia East\",\r\n        \"Australia Southeast\",\r\n        \"East US\",\r\n        \"Canada Central\",\r\n        \"Canada East\",\r\n        \"Central US\",\r\n        \"East US 2\",\r\n        \"UK South\",\r\n        \"UK West\",\r\n        \"Central India\",\r\n        \"South India\",\r\n        \"North Central US\",\r\n        \"South Central US\",\r\n        \"Brazil South\",\r\n        \"Japan East\",\r\n        \"Japan West\",\r\n        \"Korea Central\",\r\n        \"Korea South\",\r\n        \"West Central US\",\r\n        \"Central US EUAP\",\r\n        \"West US 2\",\r\n        \"East US 2 EUAP\"\r\n      ],\r\n      \"apiVersions\": [\r\n        \"2019-03-01\",\r\n        \"2019-02-01\",\r\n        \"2018-10-01\",\r\n        \"2018-07-01\",\r\n        \"2018-04-02\",\r\n        \"2018-01-01-preview\",\r\n        \"2017-06-05-preview\"\r\n      ]\r\n    },\r\n    {\r\n      \"resourceType\": \"operations\",\r\n      \"locations\": [],\r\n      \"apiVersions\": [\r\n        \"2019-03-01\",\r\n        \"2019-02-01\",\r\n        \"2018-10-01\",\r\n        \"2018-07-01\",\r\n        \"2018-04-02\",\r\n        \"2018-01-01-preview\",\r\n        \"2017-06-05-preview\"\r\n      ]\r\n    },\r\n    {\r\n      \"resourceType\": \"locations\",\r\n      \"locations\": [],\r\n      \"apiVersions\": [\r\n        \"2019-03-01\",\r\n        \"2019-02-01\",\r\n        \"2018-10-01\",\r\n        \"2018-07-01\",\r\n        \"2018-04-02\"\r\n      ]\r\n    },\r\n    {\r\n      \"resourceType\": \"locations/checkNameAvailability\",\r\n      \"locations\": [\r\n        \"West US\",\r\n        \"West Europe\",\r\n        \"North Europe\",\r\n        \"Southeast Asia\",\r\n        \"East Asia\",\r\n        \"Australia East\",\r\n        \"Australia Southeast\",\r\n        \"East US\",\r\n        \"Canada Central\",\r\n        \"Canada East\",\r\n        \"Central US\",\r\n        \"East US 2\",\r\n        \"UK South\",\r\n        \"UK West\",\r\n        \"Central India\",\r\n        \"South India\",\r\n        \"North Central US\",\r\n        \"South Central US\",\r\n        \"Brazil South\",\r\n        \"Japan East\",\r\n        \"Japan West\",\r\n        \"Korea Central\",\r\n        \"Korea South\",\r\n        \"West Central US\",\r\n        \"West US 2\",\r\n        \"Central US EUAP\",\r\n        \"East US 2 EUAP\"\r\n      ],\r\n      \"apiVersions\": [\r\n        \"2019-03-01\",\r\n        \"2019-02-01\",\r\n        \"2018-10-01\",\r\n        \"2018-07-01\",\r\n        \"2018-04-02\"\r\n      ]\r\n    },\r\n    {\r\n      \"resourceType\": \"locations/workflows\",\r\n      \"locations\": [\r\n        \"West US\",\r\n        \"West Europe\",\r\n        \"North Europe\",\r\n        \"Southeast Asia\",\r\n        \"East Asia\",\r\n        \"Australia East\",\r\n        \"Australia Southeast\",\r\n        \"East US\",\r\n        \"Canada Central\",\r\n        \"Canada East\",\r\n        \"Central US\",\r\n        \"East US 2\",\r\n        \"UK South\",\r\n        \"UK West\",\r\n        \"Central India\",\r\n        \"South India\",\r\n        \"North Central US\",\r\n        \"South Central US\",\r\n        \"Brazil South\",\r\n        \"Japan East\",\r\n        \"Japan West\",\r\n        \"Korea Central\",\r\n        \"Korea South\",\r\n        \"West Central US\",\r\n        \"West US 2\",\r\n        \"Central US EUAP\",\r\n        \"East US 2 EUAP\"\r\n      ],\r\n      \"apiVersions\": [\r\n        \"2019-03-01\",\r\n        \"2019-02-01\",\r\n        \"2018-10-01\",\r\n        \"2018-07-01\",\r\n        \"2018-04-02\"\r\n      ]\r\n    }\r\n  ],\r\n  \"registrationState\": \"Registered\"\r\n}",
      "StatusCode": 200
    },
    {
      "RequestUri": "/subscriptions/7b96cb02-4663-40f4-9a89-603d3849e46a/resourcegroups/ps7174?api-version=2016-09-01",
      "EncodedRequestUri": "L3N1YnNjcmlwdGlvbnMvN2I5NmNiMDItNDY2My00MGY0LTlhODktNjAzZDM4NDllNDZhL3Jlc291cmNlZ3JvdXBzL3BzNzE3ND9hcGktdmVyc2lvbj0yMDE2LTA5LTAx",
=======
          "7645"
        ]
      },
      "ResponseBody": "{\r\n  \"id\": \"/subscriptions/1dfbd0ca-8f09-4063-8b4d-85ca8f8a383b/providers/Microsoft.StorageSync\",\r\n  \"namespace\": \"Microsoft.StorageSync\",\r\n  \"authorizations\": [\r\n    {\r\n      \"applicationId\": \"9469b9f5-6722-4481-a2b2-14ed560b706f\",\r\n      \"roleDefinitionId\": \"4cd49d82-1f4d-43fc-af0c-1c1203668e5a\"\r\n    }\r\n  ],\r\n  \"resourceTypes\": [\r\n    {\r\n      \"resourceType\": \"storageSyncServices\",\r\n      \"locations\": [\r\n        \"West Central US\",\r\n        \"West US\",\r\n        \"West Europe\",\r\n        \"North Europe\",\r\n        \"Southeast Asia\",\r\n        \"East Asia\",\r\n        \"Australia East\",\r\n        \"Australia Southeast\",\r\n        \"East US\",\r\n        \"Canada Central\",\r\n        \"Canada East\",\r\n        \"Central US\",\r\n        \"East US 2\",\r\n        \"UK South\",\r\n        \"UK West\",\r\n        \"Central India\",\r\n        \"South India\",\r\n        \"North Central US\",\r\n        \"South Central US\",\r\n        \"Brazil South\",\r\n        \"Japan East\",\r\n        \"Japan West\",\r\n        \"West US 2\",\r\n        \"Korea Central\",\r\n        \"Korea South\",\r\n        \"France Central\",\r\n        \"France South\",\r\n        \"South Africa North\",\r\n        \"South Africa West\",\r\n        \"UAE North\",\r\n        \"UAE Central\",\r\n        \"Central US EUAP\",\r\n        \"East US 2 EUAP\"\r\n      ],\r\n      \"apiVersions\": [\r\n        \"2020-03-01\",\r\n        \"2019-10-01\",\r\n        \"2019-06-01\",\r\n        \"2019-03-01\",\r\n        \"2019-02-01\",\r\n        \"2018-10-01\",\r\n        \"2018-07-01\",\r\n        \"2018-04-02\",\r\n        \"2018-01-01-preview\",\r\n        \"2017-06-05-preview\"\r\n      ],\r\n      \"capabilities\": \"CrossResourceGroupResourceMove, CrossSubscriptionResourceMove\"\r\n    },\r\n    {\r\n      \"resourceType\": \"storageSyncServices/syncGroups\",\r\n      \"locations\": [\r\n        \"West Central US\",\r\n        \"West US\",\r\n        \"West Europe\",\r\n        \"North Europe\",\r\n        \"Southeast Asia\",\r\n        \"East Asia\",\r\n        \"Australia East\",\r\n        \"Australia Southeast\",\r\n        \"East US\",\r\n        \"Canada Central\",\r\n        \"Canada East\",\r\n        \"Central US\",\r\n        \"East US 2\",\r\n        \"UK South\",\r\n        \"UK West\",\r\n        \"Central India\",\r\n        \"South India\",\r\n        \"North Central US\",\r\n        \"South Central US\",\r\n        \"Brazil South\",\r\n        \"Japan East\",\r\n        \"Japan West\",\r\n        \"West US 2\",\r\n        \"Korea Central\",\r\n        \"Korea South\",\r\n        \"France Central\",\r\n        \"France South\",\r\n        \"South Africa North\",\r\n        \"South Africa West\",\r\n        \"UAE North\",\r\n        \"UAE Central\",\r\n        \"Central US EUAP\",\r\n        \"East US 2 EUAP\"\r\n      ],\r\n      \"apiVersions\": [\r\n        \"2020-03-01\",\r\n        \"2019-10-01\",\r\n        \"2019-06-01\",\r\n        \"2019-03-01\",\r\n        \"2019-02-01\",\r\n        \"2018-10-01\",\r\n        \"2018-07-01\",\r\n        \"2018-04-02\",\r\n        \"2018-01-01-preview\",\r\n        \"2017-06-05-preview\"\r\n      ]\r\n    },\r\n    {\r\n      \"resourceType\": \"storageSyncServices/syncGroups/cloudEndpoints\",\r\n      \"locations\": [\r\n        \"West Central US\",\r\n        \"West US\",\r\n        \"West Europe\",\r\n        \"North Europe\",\r\n        \"Southeast Asia\",\r\n        \"East Asia\",\r\n        \"Australia East\",\r\n        \"Australia Southeast\",\r\n        \"East US\",\r\n        \"Canada Central\",\r\n        \"Canada East\",\r\n        \"Central US\",\r\n        \"East US 2\",\r\n        \"UK South\",\r\n        \"UK West\",\r\n        \"Central India\",\r\n        \"South India\",\r\n        \"North Central US\",\r\n        \"South Central US\",\r\n        \"Brazil South\",\r\n        \"Japan East\",\r\n        \"Japan West\",\r\n        \"West US 2\",\r\n        \"Korea Central\",\r\n        \"Korea South\",\r\n        \"France Central\",\r\n        \"France South\",\r\n        \"South Africa North\",\r\n        \"South Africa West\",\r\n        \"UAE North\",\r\n        \"UAE Central\",\r\n        \"Central US EUAP\",\r\n        \"East US 2 EUAP\"\r\n      ],\r\n      \"apiVersions\": [\r\n        \"2020-03-01\",\r\n        \"2019-10-01\",\r\n        \"2019-06-01\",\r\n        \"2019-03-01\",\r\n        \"2019-02-01\",\r\n        \"2018-10-01\",\r\n        \"2018-07-01\",\r\n        \"2018-04-02\",\r\n        \"2018-01-01-preview\",\r\n        \"2017-06-05-preview\"\r\n      ]\r\n    },\r\n    {\r\n      \"resourceType\": \"storageSyncServices/syncGroups/serverEndpoints\",\r\n      \"locations\": [\r\n        \"West Central US\",\r\n        \"West US\",\r\n        \"West Europe\",\r\n        \"North Europe\",\r\n        \"Southeast Asia\",\r\n        \"East Asia\",\r\n        \"Australia East\",\r\n        \"Australia Southeast\",\r\n        \"East US\",\r\n        \"Canada Central\",\r\n        \"Canada East\",\r\n        \"Central US\",\r\n        \"East US 2\",\r\n        \"UK South\",\r\n        \"UK West\",\r\n        \"Central India\",\r\n        \"South India\",\r\n        \"North Central US\",\r\n        \"South Central US\",\r\n        \"Brazil South\",\r\n        \"Japan East\",\r\n        \"Japan West\",\r\n        \"West US 2\",\r\n        \"Korea Central\",\r\n        \"Korea South\",\r\n        \"France Central\",\r\n        \"France South\",\r\n        \"South Africa North\",\r\n        \"South Africa West\",\r\n        \"UAE North\",\r\n        \"UAE Central\",\r\n        \"Central US EUAP\",\r\n        \"East US 2 EUAP\"\r\n      ],\r\n      \"apiVersions\": [\r\n        \"2020-03-01\",\r\n        \"2019-10-01\",\r\n        \"2019-06-01\",\r\n        \"2019-03-01\",\r\n        \"2019-02-01\",\r\n        \"2018-10-01\",\r\n        \"2018-07-01\",\r\n        \"2018-04-02\",\r\n        \"2018-01-01-preview\",\r\n        \"2017-06-05-preview\"\r\n      ]\r\n    },\r\n    {\r\n      \"resourceType\": \"storageSyncServices/registeredServers\",\r\n      \"locations\": [\r\n        \"West Central US\",\r\n        \"West US\",\r\n        \"West Europe\",\r\n        \"North Europe\",\r\n        \"Southeast Asia\",\r\n        \"East Asia\",\r\n        \"Australia East\",\r\n        \"Australia Southeast\",\r\n        \"East US\",\r\n        \"Canada Central\",\r\n        \"Canada East\",\r\n        \"Central US\",\r\n        \"East US 2\",\r\n        \"UK South\",\r\n        \"UK West\",\r\n        \"Central India\",\r\n        \"South India\",\r\n        \"North Central US\",\r\n        \"South Central US\",\r\n        \"Brazil South\",\r\n        \"Japan East\",\r\n        \"Japan West\",\r\n        \"West US 2\",\r\n        \"Korea Central\",\r\n        \"Korea South\",\r\n        \"France Central\",\r\n        \"France South\",\r\n        \"South Africa North\",\r\n        \"South Africa West\",\r\n        \"UAE North\",\r\n        \"UAE Central\",\r\n        \"Central US EUAP\",\r\n        \"East US 2 EUAP\"\r\n      ],\r\n      \"apiVersions\": [\r\n        \"2020-03-01\",\r\n        \"2019-10-01\",\r\n        \"2019-06-01\",\r\n        \"2019-03-01\",\r\n        \"2019-02-01\",\r\n        \"2018-10-01\",\r\n        \"2018-07-01\",\r\n        \"2018-04-02\",\r\n        \"2018-01-01-preview\",\r\n        \"2017-06-05-preview\"\r\n      ]\r\n    },\r\n    {\r\n      \"resourceType\": \"storageSyncServices/workflows\",\r\n      \"locations\": [\r\n        \"West Central US\",\r\n        \"West US\",\r\n        \"West Europe\",\r\n        \"North Europe\",\r\n        \"Southeast Asia\",\r\n        \"East Asia\",\r\n        \"Australia East\",\r\n        \"Australia Southeast\",\r\n        \"East US\",\r\n        \"Canada Central\",\r\n        \"Canada East\",\r\n        \"Central US\",\r\n        \"East US 2\",\r\n        \"UK South\",\r\n        \"UK West\",\r\n        \"Central India\",\r\n        \"South India\",\r\n        \"North Central US\",\r\n        \"South Central US\",\r\n        \"Brazil South\",\r\n        \"Japan East\",\r\n        \"Japan West\",\r\n        \"West US 2\",\r\n        \"Korea Central\",\r\n        \"Korea South\",\r\n        \"France Central\",\r\n        \"France South\",\r\n        \"South Africa North\",\r\n        \"South Africa West\",\r\n        \"UAE North\",\r\n        \"UAE Central\",\r\n        \"Central US EUAP\",\r\n        \"East US 2 EUAP\"\r\n      ],\r\n      \"apiVersions\": [\r\n        \"2020-03-01\",\r\n        \"2019-10-01\",\r\n        \"2019-06-01\",\r\n        \"2019-03-01\",\r\n        \"2019-02-01\",\r\n        \"2018-10-01\",\r\n        \"2018-07-01\",\r\n        \"2018-04-02\",\r\n        \"2018-01-01-preview\",\r\n        \"2017-06-05-preview\"\r\n      ]\r\n    },\r\n    {\r\n      \"resourceType\": \"operations\",\r\n      \"locations\": [],\r\n      \"apiVersions\": [\r\n        \"2020-03-01\",\r\n        \"2019-10-01\",\r\n        \"2019-06-01\",\r\n        \"2019-03-01\",\r\n        \"2019-02-01\",\r\n        \"2018-10-01\",\r\n        \"2018-07-01\",\r\n        \"2018-04-02\",\r\n        \"2018-01-01-preview\",\r\n        \"2017-06-05-preview\"\r\n      ]\r\n    },\r\n    {\r\n      \"resourceType\": \"locations\",\r\n      \"locations\": [],\r\n      \"apiVersions\": [\r\n        \"2020-03-01\",\r\n        \"2019-10-01\",\r\n        \"2019-06-01\",\r\n        \"2019-03-01\",\r\n        \"2019-02-01\",\r\n        \"2018-10-01\",\r\n        \"2018-07-01\",\r\n        \"2018-04-02\"\r\n      ]\r\n    },\r\n    {\r\n      \"resourceType\": \"locations/checkNameAvailability\",\r\n      \"locations\": [\r\n        \"West US\",\r\n        \"West Europe\",\r\n        \"North Europe\",\r\n        \"Southeast Asia\",\r\n        \"East Asia\",\r\n        \"Australia East\",\r\n        \"Australia Southeast\",\r\n        \"East US\",\r\n        \"Canada Central\",\r\n        \"Canada East\",\r\n        \"Central US\",\r\n        \"East US 2\",\r\n        \"UK South\",\r\n        \"UK West\",\r\n        \"Central India\",\r\n        \"South India\",\r\n        \"North Central US\",\r\n        \"South Central US\",\r\n        \"Brazil South\",\r\n        \"Japan East\",\r\n        \"Japan West\",\r\n        \"West Central US\",\r\n        \"West US 2\",\r\n        \"Korea Central\",\r\n        \"Korea South\",\r\n        \"France Central\",\r\n        \"France South\",\r\n        \"South Africa North\",\r\n        \"South Africa West\",\r\n        \"UAE North\",\r\n        \"UAE Central\",\r\n        \"Central US EUAP\",\r\n        \"East US 2 EUAP\"\r\n      ],\r\n      \"apiVersions\": [\r\n        \"2020-03-01\",\r\n        \"2019-10-01\",\r\n        \"2019-06-01\",\r\n        \"2019-03-01\",\r\n        \"2019-02-01\",\r\n        \"2018-10-01\",\r\n        \"2018-07-01\",\r\n        \"2018-04-02\"\r\n      ]\r\n    },\r\n    {\r\n      \"resourceType\": \"locations/workflows\",\r\n      \"locations\": [\r\n        \"West US\",\r\n        \"West Europe\",\r\n        \"North Europe\",\r\n        \"Southeast Asia\",\r\n        \"East Asia\",\r\n        \"Australia East\",\r\n        \"Australia Southeast\",\r\n        \"East US\",\r\n        \"Canada Central\",\r\n        \"Canada East\",\r\n        \"Central US\",\r\n        \"East US 2\",\r\n        \"UK South\",\r\n        \"UK West\",\r\n        \"Central India\",\r\n        \"South India\",\r\n        \"West Central US\",\r\n        \"West US 2\",\r\n        \"North Central US\",\r\n        \"South Central US\",\r\n        \"Brazil South\",\r\n        \"Japan East\",\r\n        \"Japan West\",\r\n        \"Korea Central\",\r\n        \"Korea South\",\r\n        \"France Central\",\r\n        \"France South\",\r\n        \"South Africa North\",\r\n        \"South Africa West\",\r\n        \"UAE North\",\r\n        \"UAE Central\",\r\n        \"Central US EUAP\",\r\n        \"East US 2 EUAP\"\r\n      ],\r\n      \"apiVersions\": [\r\n        \"2020-03-01\",\r\n        \"2019-10-01\",\r\n        \"2019-06-01\",\r\n        \"2019-03-01\",\r\n        \"2019-02-01\",\r\n        \"2018-10-01\",\r\n        \"2018-07-01\",\r\n        \"2018-04-02\"\r\n      ]\r\n    },\r\n    {\r\n      \"resourceType\": \"locations/operations\",\r\n      \"locations\": [\r\n        \"West Central US\",\r\n        \"West US\",\r\n        \"West Europe\",\r\n        \"North Europe\",\r\n        \"Southeast Asia\",\r\n        \"East Asia\",\r\n        \"Australia East\",\r\n        \"Australia Southeast\",\r\n        \"East US\",\r\n        \"Canada Central\",\r\n        \"Canada East\",\r\n        \"Central US\",\r\n        \"East US 2\",\r\n        \"UK South\",\r\n        \"UK West\",\r\n        \"Central India\",\r\n        \"South India\",\r\n        \"North Central US\",\r\n        \"South Central US\",\r\n        \"Brazil South\",\r\n        \"Japan East\",\r\n        \"Japan West\",\r\n        \"West US 2\",\r\n        \"Korea Central\",\r\n        \"Korea South\",\r\n        \"France Central\",\r\n        \"France South\",\r\n        \"South Africa North\",\r\n        \"South Africa West\",\r\n        \"UAE North\",\r\n        \"UAE Central\",\r\n        \"Central US EUAP\",\r\n        \"East US 2 EUAP\"\r\n      ],\r\n      \"apiVersions\": [\r\n        \"2020-03-01\"\r\n      ]\r\n    },\r\n    {\r\n      \"resourceType\": \"locations/operationResults\",\r\n      \"locations\": [\r\n        \"West Central US\",\r\n        \"West US\",\r\n        \"West Europe\",\r\n        \"North Europe\",\r\n        \"Southeast Asia\",\r\n        \"East Asia\",\r\n        \"Australia East\",\r\n        \"Australia Southeast\",\r\n        \"East US\",\r\n        \"Canada Central\",\r\n        \"Canada East\",\r\n        \"Central US\",\r\n        \"East US 2\",\r\n        \"UK South\",\r\n        \"UK West\",\r\n        \"Central India\",\r\n        \"South India\",\r\n        \"North Central US\",\r\n        \"South Central US\",\r\n        \"Brazil South\",\r\n        \"Japan East\",\r\n        \"Japan West\",\r\n        \"West US 2\",\r\n        \"Korea Central\",\r\n        \"Korea South\",\r\n        \"France Central\",\r\n        \"France South\",\r\n        \"South Africa North\",\r\n        \"South Africa West\",\r\n        \"UAE North\",\r\n        \"UAE Central\",\r\n        \"Central US EUAP\",\r\n        \"East US 2 EUAP\"\r\n      ],\r\n      \"apiVersions\": [\r\n        \"2020-03-01\"\r\n      ]\r\n    }\r\n  ],\r\n  \"registrationState\": \"Registered\"\r\n}",
      "StatusCode": 200
    },
    {
      "RequestUri": "/subscriptions/1dfbd0ca-8f09-4063-8b4d-85ca8f8a383b/resourcegroups/ps2186?api-version=2016-09-01",
      "EncodedRequestUri": "L3N1YnNjcmlwdGlvbnMvMWRmYmQwY2EtOGYwOS00MDYzLThiNGQtODVjYThmOGEzODNiL3Jlc291cmNlZ3JvdXBzL3BzMjE4Nj9hcGktdmVyc2lvbj0yMDE2LTA5LTAx",
>>>>>>> d78b04a5306127f583235b13752c48d4f7d1289a
      "RequestMethod": "PUT",
      "RequestBody": "{\r\n  \"location\": \"West US\"\r\n}",
      "RequestHeaders": {
        "x-ms-client-request-id": [
<<<<<<< HEAD
          "4a4ae5ad-278b-4a68-ac8e-0f97aee7225b"
=======
          "c8858c8a-50e8-48d5-85e3-1e0776c61d1f"
>>>>>>> d78b04a5306127f583235b13752c48d4f7d1289a
        ],
        "Accept-Language": [
          "en-US"
        ],
        "User-Agent": [
<<<<<<< HEAD
          "FxVersion/4.6.27617.04",
          "OSName/Windows",
          "OSVersion/Microsoft.Windows.10.0.14393.",
          "Microsoft.Azure.Management.Internal.Resources.ResourceManagementClient/1.3.0"
=======
          "FxVersion/4.6.28207.03",
          "OSName/Windows",
          "OSVersion/Microsoft.Windows.10.0.14393.",
          "Microsoft.Azure.Management.Internal.Resources.ResourceManagementClient/1.3.16"
>>>>>>> d78b04a5306127f583235b13752c48d4f7d1289a
        ],
        "Content-Type": [
          "application/json; charset=utf-8"
        ],
        "Content-Length": [
          "29"
        ]
      },
      "ResponseHeaders": {
        "Cache-Control": [
          "no-cache"
        ],
        "Pragma": [
          "no-cache"
        ],
        "x-ms-ratelimit-remaining-subscription-writes": [
          "1199"
        ],
        "x-ms-request-id": [
<<<<<<< HEAD
          "c82b7fde-9495-4677-a4d8-d6a1331f3922"
        ],
        "x-ms-correlation-request-id": [
          "c82b7fde-9495-4677-a4d8-d6a1331f3922"
        ],
        "x-ms-routing-request-id": [
          "WESTUS:20190703T184241Z:c82b7fde-9495-4677-a4d8-d6a1331f3922"
=======
          "130d4376-6fba-48bc-a706-ab91715c5634"
        ],
        "x-ms-correlation-request-id": [
          "130d4376-6fba-48bc-a706-ab91715c5634"
        ],
        "x-ms-routing-request-id": [
          "WESTUS:20200623T071427Z:130d4376-6fba-48bc-a706-ab91715c5634"
>>>>>>> d78b04a5306127f583235b13752c48d4f7d1289a
        ],
        "Strict-Transport-Security": [
          "max-age=31536000; includeSubDomains"
        ],
        "X-Content-Type-Options": [
          "nosniff"
        ],
        "Date": [
<<<<<<< HEAD
          "Wed, 03 Jul 2019 18:42:40 GMT"
=======
          "Tue, 23 Jun 2020 07:14:27 GMT"
>>>>>>> d78b04a5306127f583235b13752c48d4f7d1289a
        ],
        "Content-Length": [
          "165"
        ],
        "Content-Type": [
          "application/json; charset=utf-8"
        ],
        "Expires": [
          "-1"
        ]
      },
<<<<<<< HEAD
      "ResponseBody": "{\r\n  \"id\": \"/subscriptions/7b96cb02-4663-40f4-9a89-603d3849e46a/resourceGroups/ps7174\",\r\n  \"name\": \"ps7174\",\r\n  \"location\": \"westus\",\r\n  \"properties\": {\r\n    \"provisioningState\": \"Succeeded\"\r\n  }\r\n}",
      "StatusCode": 201
    },
    {
      "RequestUri": "/subscriptions/7b96cb02-4663-40f4-9a89-603d3849e46a/providers/Microsoft.StorageSync/locations/CentralUSEUAP/checkNameAvailability?api-version=2019-03-01",
      "EncodedRequestUri": "L3N1YnNjcmlwdGlvbnMvN2I5NmNiMDItNDY2My00MGY0LTlhODktNjAzZDM4NDllNDZhL3Byb3ZpZGVycy9NaWNyb3NvZnQuU3RvcmFnZVN5bmMvbG9jYXRpb25zL0NlbnRyYWxVU0VVQVAvY2hlY2tOYW1lQXZhaWxhYmlsaXR5P2FwaS12ZXJzaW9uPTIwMTktMDMtMDE=",
      "RequestMethod": "POST",
      "RequestBody": "{\r\n  \"name\": \"sssps3946\",\r\n  \"type\": \"Microsoft.StorageSync/storageSyncServices\"\r\n}",
      "RequestHeaders": {
        "x-ms-client-request-id": [
          "54feb453-4ccb-4c91-aeab-797a584576b8"
=======
      "ResponseBody": "{\r\n  \"id\": \"/subscriptions/1dfbd0ca-8f09-4063-8b4d-85ca8f8a383b/resourceGroups/ps2186\",\r\n  \"name\": \"ps2186\",\r\n  \"location\": \"westus\",\r\n  \"properties\": {\r\n    \"provisioningState\": \"Succeeded\"\r\n  }\r\n}",
      "StatusCode": 201
    },
    {
      "RequestUri": "/subscriptions/1dfbd0ca-8f09-4063-8b4d-85ca8f8a383b/providers/Microsoft.StorageSync/locations/CentralUSEUAP/checkNameAvailability?api-version=2020-03-01",
      "EncodedRequestUri": "L3N1YnNjcmlwdGlvbnMvMWRmYmQwY2EtOGYwOS00MDYzLThiNGQtODVjYThmOGEzODNiL3Byb3ZpZGVycy9NaWNyb3NvZnQuU3RvcmFnZVN5bmMvbG9jYXRpb25zL0NlbnRyYWxVU0VVQVAvY2hlY2tOYW1lQXZhaWxhYmlsaXR5P2FwaS12ZXJzaW9uPTIwMjAtMDMtMDE=",
      "RequestMethod": "POST",
      "RequestBody": "{\r\n  \"name\": \"sssps3113\",\r\n  \"type\": \"Microsoft.StorageSync/storageSyncServices\"\r\n}",
      "RequestHeaders": {
        "x-ms-client-request-id": [
          "1ea70d8f-6804-48cc-af1f-24856f517527"
>>>>>>> d78b04a5306127f583235b13752c48d4f7d1289a
        ],
        "Accept-Language": [
          "en-US"
        ],
        "User-Agent": [
<<<<<<< HEAD
          "FxVersion/4.6.27617.04",
          "OSName/Windows",
          "OSVersion/Microsoft.Windows.10.0.14393.",
          "Microsoft.Azure.Management.StorageSync.StorageSyncManagementClient/3.0.0.0"
=======
          "FxVersion/4.6.28207.03",
          "OSName/Windows",
          "OSVersion/Microsoft.Windows.10.0.14393.",
          "Microsoft.Azure.Management.StorageSync.StorageSyncManagementClient/5.0.0.0"
>>>>>>> d78b04a5306127f583235b13752c48d4f7d1289a
        ],
        "Content-Type": [
          "application/json; charset=utf-8"
        ],
        "Content-Length": [
          "83"
        ]
      },
      "ResponseHeaders": {
        "Cache-Control": [
          "no-cache"
        ],
        "Pragma": [
          "no-cache"
        ],
        "x-ms-request-id": [
<<<<<<< HEAD
          "6b914ea5-cc84-4dfc-8077-67c86a0f304f"
=======
          "830d12ee-a549-4323-8a01-af50f7be3913"
>>>>>>> d78b04a5306127f583235b13752c48d4f7d1289a
        ],
        "X-Content-Type-Options": [
          "nosniff"
        ],
        "Strict-Transport-Security": [
          "max-age=31536000; includeSubDomains"
        ],
        "Server": [
          "Microsoft-IIS/10.0"
        ],
        "X-AspNet-Version": [
          "4.0.30319"
        ],
        "X-Powered-By": [
          "ASP.NET"
        ],
        "x-ms-ratelimit-remaining-subscription-writes": [
<<<<<<< HEAD
          "1199"
        ],
        "x-ms-correlation-request-id": [
          "494e6b48-ad0e-44c4-8ef5-46a3b7de1496"
        ],
        "x-ms-routing-request-id": [
          "WESTUS:20190703T184242Z:494e6b48-ad0e-44c4-8ef5-46a3b7de1496"
        ],
        "Date": [
          "Wed, 03 Jul 2019 18:42:42 GMT"
        ],
        "Content-Length": [
          "51"
        ],
        "Content-Type": [
          "application/json; charset=utf-8"
=======
          "1196"
        ],
        "x-ms-correlation-request-id": [
          "8e59e9c3-8851-4dec-8ae6-ae738f66f822"
        ],
        "x-ms-routing-request-id": [
          "WESTUS:20200623T071428Z:8e59e9c3-8851-4dec-8ae6-ae738f66f822"
        ],
        "Date": [
          "Tue, 23 Jun 2020 07:14:28 GMT"
        ],
        "Content-Length": [
          "29"
        ],
        "Content-Type": [
          "application/json"
>>>>>>> d78b04a5306127f583235b13752c48d4f7d1289a
        ],
        "Expires": [
          "-1"
        ]
      },
<<<<<<< HEAD
      "ResponseBody": "{\r\n  \"nameAvailable\": true,\r\n  \"reason\": null,\r\n  \"message\": null\r\n}",
      "StatusCode": 200
    },
    {
      "RequestUri": "/subscriptions/7b96cb02-4663-40f4-9a89-603d3849e46a/resourceGroups/ps7174/providers/Microsoft.StorageSync/storageSyncServices/sssps3946?api-version=2019-03-01",
      "EncodedRequestUri": "L3N1YnNjcmlwdGlvbnMvN2I5NmNiMDItNDY2My00MGY0LTlhODktNjAzZDM4NDllNDZhL3Jlc291cmNlR3JvdXBzL3BzNzE3NC9wcm92aWRlcnMvTWljcm9zb2Z0LlN0b3JhZ2VTeW5jL3N0b3JhZ2VTeW5jU2VydmljZXMvc3NzcHMzOTQ2P2FwaS12ZXJzaW9uPTIwMTktMDMtMDE=",
      "RequestMethod": "PUT",
      "RequestBody": "{\r\n  \"location\": \"Central US EUAP\",\r\n  \"tags\": {}\r\n}",
      "RequestHeaders": {
        "x-ms-client-request-id": [
          "518befa3-c45b-45ca-91c9-e0353eefd895"
=======
      "ResponseBody": "{\r\n  \"nameAvailable\": true\r\n}",
      "StatusCode": 200
    },
    {
      "RequestUri": "/subscriptions/1dfbd0ca-8f09-4063-8b4d-85ca8f8a383b/resourceGroups/ps2186/providers/Microsoft.StorageSync/storageSyncServices/sssps3113?api-version=2020-03-01",
      "EncodedRequestUri": "L3N1YnNjcmlwdGlvbnMvMWRmYmQwY2EtOGYwOS00MDYzLThiNGQtODVjYThmOGEzODNiL3Jlc291cmNlR3JvdXBzL3BzMjE4Ni9wcm92aWRlcnMvTWljcm9zb2Z0LlN0b3JhZ2VTeW5jL3N0b3JhZ2VTeW5jU2VydmljZXMvc3NzcHMzMTEzP2FwaS12ZXJzaW9uPTIwMjAtMDMtMDE=",
      "RequestMethod": "PUT",
      "RequestBody": "{\r\n  \"location\": \"Central US EUAP\",\r\n  \"tags\": {},\r\n  \"properties\": {\r\n    \"incomingTrafficPolicy\": \"AllowAllTraffic\"\r\n  }\r\n}",
      "RequestHeaders": {
        "x-ms-client-request-id": [
          "fa8ceacb-c852-4818-8e84-4c13670a777c"
>>>>>>> d78b04a5306127f583235b13752c48d4f7d1289a
        ],
        "Accept-Language": [
          "en-US"
        ],
        "User-Agent": [
<<<<<<< HEAD
          "FxVersion/4.6.27617.04",
          "OSName/Windows",
          "OSVersion/Microsoft.Windows.10.0.14393.",
          "Microsoft.Azure.Management.StorageSync.StorageSyncManagementClient/3.0.0.0"
=======
          "FxVersion/4.6.28207.03",
          "OSName/Windows",
          "OSVersion/Microsoft.Windows.10.0.14393.",
          "Microsoft.Azure.Management.StorageSync.StorageSyncManagementClient/5.0.0.0"
>>>>>>> d78b04a5306127f583235b13752c48d4f7d1289a
        ],
        "Content-Type": [
          "application/json; charset=utf-8"
        ],
        "Content-Length": [
<<<<<<< HEAD
          "52"
=======
          "125"
>>>>>>> d78b04a5306127f583235b13752c48d4f7d1289a
        ]
      },
      "ResponseHeaders": {
        "Cache-Control": [
          "no-cache"
        ],
        "Pragma": [
          "no-cache"
        ],
<<<<<<< HEAD
        "x-ms-request-id": [
          "4bfc5c3c-cfa3-4abd-8e5e-1aad6206cba6"
=======
        "Location": [
          "https://management.azure.com/subscriptions/1dfbd0ca-8f09-4063-8b4d-85ca8f8a383b/providers/microsoft.storagesync/locations/centraluseuap/operationresults/eyJwYXJ0aXRpb25JZCI6ImZiNmQ2MjQ4LWFjYzMtNGVkNC1iNWYxLTQxOGJkNTA1NWI4ZCIsIndvcmtmbG93SWQiOiJmYjczYWFhZi01NWFkLTRhMzQtYTQ3Ny04MGRjMGUwYTRiOWUiLCJ3b3JrZmxvd09wZXJhdGlvbklkIjoiMzdlMDRkNzktYmIzOS00YWM3LWE3M2YtM2QxZDAyZDBlODUzIn0=?api-version=2020-03-01"
        ],
        "Retry-After": [
          "10"
        ],
        "Azure-AsyncOperation": [
          "https://management.azure.com/subscriptions/1dfbd0ca-8f09-4063-8b4d-85ca8f8a383b/providers/microsoft.storagesync/locations/centraluseuap/operations/eyJwYXJ0aXRpb25JZCI6ImZiNmQ2MjQ4LWFjYzMtNGVkNC1iNWYxLTQxOGJkNTA1NWI4ZCIsIndvcmtmbG93SWQiOiJmYjczYWFhZi01NWFkLTRhMzQtYTQ3Ny04MGRjMGUwYTRiOWUiLCJ3b3JrZmxvd09wZXJhdGlvbklkIjoiMzdlMDRkNzktYmIzOS00YWM3LWE3M2YtM2QxZDAyZDBlODUzIn0=?api-version=2020-03-01"
        ],
        "x-ms-request-id": [
          "7cb84298-25d4-4c97-90e4-542ece82c9e5"
>>>>>>> d78b04a5306127f583235b13752c48d4f7d1289a
        ],
        "X-Content-Type-Options": [
          "nosniff"
        ],
        "Strict-Transport-Security": [
          "max-age=31536000; includeSubDomains"
        ],
        "Server": [
          "Microsoft-IIS/10.0"
        ],
        "X-AspNet-Version": [
          "4.0.30319"
        ],
        "X-Powered-By": [
          "ASP.NET"
        ],
        "x-ms-ratelimit-remaining-subscription-writes": [
<<<<<<< HEAD
          "1199"
        ],
        "x-ms-correlation-request-id": [
          "114c970f-d68b-4600-a162-0dc84fe60e17"
        ],
        "x-ms-routing-request-id": [
          "WESTUS:20190703T184242Z:114c970f-d68b-4600-a162-0dc84fe60e17"
        ],
        "Date": [
          "Wed, 03 Jul 2019 18:42:42 GMT"
        ],
        "Content-Length": [
          "329"
        ],
        "Content-Type": [
          "application/json; charset=utf-8"
=======
          "1195"
        ],
        "x-ms-correlation-request-id": [
          "9f70481a-720f-4c31-a8bb-40d1d9770f6c"
        ],
        "x-ms-routing-request-id": [
          "WESTUS:20200623T071429Z:9f70481a-720f-4c31-a8bb-40d1d9770f6c"
        ],
        "Date": [
          "Tue, 23 Jun 2020 07:14:28 GMT"
        ],
        "Expires": [
          "-1"
        ],
        "Content-Length": [
          "0"
        ]
      },
      "ResponseBody": "",
      "StatusCode": 202
    },
    {
      "RequestUri": "/subscriptions/1dfbd0ca-8f09-4063-8b4d-85ca8f8a383b/providers/microsoft.storagesync/locations/centraluseuap/operations/eyJwYXJ0aXRpb25JZCI6ImZiNmQ2MjQ4LWFjYzMtNGVkNC1iNWYxLTQxOGJkNTA1NWI4ZCIsIndvcmtmbG93SWQiOiJmYjczYWFhZi01NWFkLTRhMzQtYTQ3Ny04MGRjMGUwYTRiOWUiLCJ3b3JrZmxvd09wZXJhdGlvbklkIjoiMzdlMDRkNzktYmIzOS00YWM3LWE3M2YtM2QxZDAyZDBlODUzIn0=?api-version=2020-03-01",
      "EncodedRequestUri": "L3N1YnNjcmlwdGlvbnMvMWRmYmQwY2EtOGYwOS00MDYzLThiNGQtODVjYThmOGEzODNiL3Byb3ZpZGVycy9taWNyb3NvZnQuc3RvcmFnZXN5bmMvbG9jYXRpb25zL2NlbnRyYWx1c2V1YXAvb3BlcmF0aW9ucy9leUp3WVhKMGFYUnBiMjVKWkNJNkltWmlObVEyTWpRNExXRmpZek10TkdWa05DMWlOV1l4TFRReE9HSmtOVEExTldJNFpDSXNJbmR2Y210bWJHOTNTV1FpT2lKbVlqY3pZV0ZoWmkwMU5XRmtMVFJoTXpRdFlUUTNOeTA0TUdSak1HVXdZVFJpT1dVaUxDSjNiM0pyWm14dmQwOXdaWEpoZEdsdmJrbGtJam9pTXpkbE1EUmtOemt0WW1Jek9TMDBZV00zTFdFM00yWXRNMlF4WkRBeVpEQmxPRFV6SW4wPT9hcGktdmVyc2lvbj0yMDIwLTAzLTAx",
      "RequestMethod": "GET",
      "RequestBody": "",
      "RequestHeaders": {
        "User-Agent": [
          "FxVersion/4.6.28207.03",
          "OSName/Windows",
          "OSVersion/Microsoft.Windows.10.0.14393.",
          "Microsoft.Azure.Management.StorageSync.StorageSyncManagementClient/5.0.0.0"
        ]
      },
      "ResponseHeaders": {
        "Cache-Control": [
          "no-cache"
        ],
        "Pragma": [
          "no-cache"
        ],
        "x-ms-request-id": [
          "098a27ee-4bde-4004-b639-cc91d8a0df2f"
        ],
        "X-Content-Type-Options": [
          "nosniff"
        ],
        "Strict-Transport-Security": [
          "max-age=31536000; includeSubDomains"
        ],
        "Server": [
          "Microsoft-IIS/10.0"
        ],
        "X-AspNet-Version": [
          "4.0.30319"
        ],
        "X-Powered-By": [
          "ASP.NET"
        ],
        "x-ms-ratelimit-remaining-subscription-reads": [
          "11994"
        ],
        "x-ms-correlation-request-id": [
          "9bf4e10f-12a4-47fb-b6e9-a9f09921a98b"
        ],
        "x-ms-routing-request-id": [
          "WESTUS:20200623T071439Z:9bf4e10f-12a4-47fb-b6e9-a9f09921a98b"
        ],
        "Date": [
          "Tue, 23 Jun 2020 07:14:38 GMT"
        ],
        "Content-Length": [
          "745"
        ],
        "Content-Type": [
          "application/json"
>>>>>>> d78b04a5306127f583235b13752c48d4f7d1289a
        ],
        "Expires": [
          "-1"
        ]
      },
<<<<<<< HEAD
      "ResponseBody": "{\r\n  \"properties\": {\r\n    \"storageSyncServiceStatus\": null,\r\n    \"storageSyncServiceUid\": null\r\n  },\r\n  \"location\": \"Central US EUAP\",\r\n  \"tags\": {},\r\n  \"id\": \"/subscriptions/7b96cb02-4663-40f4-9a89-603d3849e46a/resourceGroups/ps7174/providers/microsoft.storagesync/storageSyncServices/sssps3946\",\r\n  \"name\": \"sssps3946\",\r\n  \"type\": \"microsoft.storagesync/storageSyncServices\"\r\n}",
      "StatusCode": 200
    },
    {
      "RequestUri": "/subscriptions/7b96cb02-4663-40f4-9a89-603d3849e46a/resourceGroups/ps7174/providers/Microsoft.StorageSync/storageSyncServices/sssps3946/syncGroups/sgps826?api-version=2019-03-01",
      "EncodedRequestUri": "L3N1YnNjcmlwdGlvbnMvN2I5NmNiMDItNDY2My00MGY0LTlhODktNjAzZDM4NDllNDZhL3Jlc291cmNlR3JvdXBzL3BzNzE3NC9wcm92aWRlcnMvTWljcm9zb2Z0LlN0b3JhZ2VTeW5jL3N0b3JhZ2VTeW5jU2VydmljZXMvc3NzcHMzOTQ2L3N5bmNHcm91cHMvc2dwczgyNj9hcGktdmVyc2lvbj0yMDE5LTAzLTAx",
=======
      "ResponseBody": "{\r\n  \"id\": \"/subscriptions/1dfbd0ca-8f09-4063-8b4d-85ca8f8a383b/providers/microsoft.storagesync/locations/centraluseuap/operationresults/eyJwYXJ0aXRpb25JZCI6ImZiNmQ2MjQ4LWFjYzMtNGVkNC1iNWYxLTQxOGJkNTA1NWI4ZCIsIndvcmtmbG93SWQiOiJmYjczYWFhZi01NWFkLTRhMzQtYTQ3Ny04MGRjMGUwYTRiOWUiLCJ3b3JrZmxvd09wZXJhdGlvbklkIjoiMzdlMDRkNzktYmIzOS00YWM3LWE3M2YtM2QxZDAyZDBlODUzIn0=\",\r\n  \"name\": \"eyJwYXJ0aXRpb25JZCI6ImZiNmQ2MjQ4LWFjYzMtNGVkNC1iNWYxLTQxOGJkNTA1NWI4ZCIsIndvcmtmbG93SWQiOiJmYjczYWFhZi01NWFkLTRhMzQtYTQ3Ny04MGRjMGUwYTRiOWUiLCJ3b3JrZmxvd09wZXJhdGlvbklkIjoiMzdlMDRkNzktYmIzOS00YWM3LWE3M2YtM2QxZDAyZDBlODUzIn0=\",\r\n  \"status\": \"Succeeded\",\r\n  \"startTime\": \"2020-06-23T07:14:30.0012814Z\",\r\n  \"endTime\": \"2020-06-23T07:14:36.2608396Z\",\r\n  \"properties\": {}\r\n}",
      "StatusCode": 200
    },
    {
      "RequestUri": "/subscriptions/1dfbd0ca-8f09-4063-8b4d-85ca8f8a383b/resourceGroups/ps2186/providers/Microsoft.StorageSync/storageSyncServices/sssps3113?api-version=2020-03-01",
      "EncodedRequestUri": "L3N1YnNjcmlwdGlvbnMvMWRmYmQwY2EtOGYwOS00MDYzLThiNGQtODVjYThmOGEzODNiL3Jlc291cmNlR3JvdXBzL3BzMjE4Ni9wcm92aWRlcnMvTWljcm9zb2Z0LlN0b3JhZ2VTeW5jL3N0b3JhZ2VTeW5jU2VydmljZXMvc3NzcHMzMTEzP2FwaS12ZXJzaW9uPTIwMjAtMDMtMDE=",
      "RequestMethod": "GET",
      "RequestBody": "",
      "RequestHeaders": {
        "User-Agent": [
          "FxVersion/4.6.28207.03",
          "OSName/Windows",
          "OSVersion/Microsoft.Windows.10.0.14393.",
          "Microsoft.Azure.Management.StorageSync.StorageSyncManagementClient/5.0.0.0"
        ]
      },
      "ResponseHeaders": {
        "Cache-Control": [
          "no-cache"
        ],
        "Pragma": [
          "no-cache"
        ],
        "x-ms-request-id": [
          "61363030-6788-41f4-ac10-67ab0362d7fe"
        ],
        "X-Content-Type-Options": [
          "nosniff"
        ],
        "Strict-Transport-Security": [
          "max-age=31536000; includeSubDomains"
        ],
        "Server": [
          "Microsoft-IIS/10.0"
        ],
        "X-AspNet-Version": [
          "4.0.30319"
        ],
        "X-Powered-By": [
          "ASP.NET"
        ],
        "x-ms-ratelimit-remaining-subscription-reads": [
          "11993"
        ],
        "x-ms-correlation-request-id": [
          "545bdcac-ea64-43ae-8caf-c0ee12dd2259"
        ],
        "x-ms-routing-request-id": [
          "WESTUS:20200623T071439Z:545bdcac-ea64-43ae-8caf-c0ee12dd2259"
        ],
        "Date": [
          "Tue, 23 Jun 2020 07:14:39 GMT"
        ],
        "Content-Length": [
          "633"
        ],
        "Content-Type": [
          "application/json"
        ],
        "Expires": [
          "-1"
        ]
      },
      "ResponseBody": "{\r\n  \"properties\": {\r\n    \"storageSyncServiceStatus\": 0,\r\n    \"incomingTrafficPolicy\": \"AllowAllTraffic\",\r\n    \"privateEndpointConnections\": [],\r\n    \"provisioningState\": \"Succeeded\",\r\n    \"lastWorkflowId\": \"storageSyncServices/sssps3113/workflows/fb73aaaf-55ad-4a34-a477-80dc0e0a4b9e\",\r\n    \"lastOperationName\": \"ICreateStorageSyncServiceWorkflow\"\r\n  },\r\n  \"location\": \"Central US EUAP\",\r\n  \"tags\": {},\r\n  \"id\": \"/subscriptions/1dfbd0ca-8f09-4063-8b4d-85ca8f8a383b/resourceGroups/ps2186/providers/microsoft.storagesync/storageSyncServices/sssps3113\",\r\n  \"name\": \"sssps3113\",\r\n  \"type\": \"microsoft.storagesync/storageSyncServices\"\r\n}",
      "StatusCode": 200
    },
    {
      "RequestUri": "/subscriptions/1dfbd0ca-8f09-4063-8b4d-85ca8f8a383b/resourceGroups/ps2186/providers/Microsoft.StorageSync/storageSyncServices/sssps3113/syncGroups/sgps7955?api-version=2020-03-01",
      "EncodedRequestUri": "L3N1YnNjcmlwdGlvbnMvMWRmYmQwY2EtOGYwOS00MDYzLThiNGQtODVjYThmOGEzODNiL3Jlc291cmNlR3JvdXBzL3BzMjE4Ni9wcm92aWRlcnMvTWljcm9zb2Z0LlN0b3JhZ2VTeW5jL3N0b3JhZ2VTeW5jU2VydmljZXMvc3NzcHMzMTEzL3N5bmNHcm91cHMvc2dwczc5NTU/YXBpLXZlcnNpb249MjAyMC0wMy0wMQ==",
>>>>>>> d78b04a5306127f583235b13752c48d4f7d1289a
      "RequestMethod": "PUT",
      "RequestBody": "{\r\n  \"properties\": {}\r\n}",
      "RequestHeaders": {
        "x-ms-client-request-id": [
<<<<<<< HEAD
          "d2b7daaf-033d-4eda-a1d6-eff7a4ef7d0f"
=======
          "abf1c970-017b-404e-bec7-0e440658489d"
>>>>>>> d78b04a5306127f583235b13752c48d4f7d1289a
        ],
        "Accept-Language": [
          "en-US"
        ],
        "User-Agent": [
<<<<<<< HEAD
          "FxVersion/4.6.27617.04",
          "OSName/Windows",
          "OSVersion/Microsoft.Windows.10.0.14393.",
          "Microsoft.Azure.Management.StorageSync.StorageSyncManagementClient/3.0.0.0"
=======
          "FxVersion/4.6.28207.03",
          "OSName/Windows",
          "OSVersion/Microsoft.Windows.10.0.14393.",
          "Microsoft.Azure.Management.StorageSync.StorageSyncManagementClient/5.0.0.0"
>>>>>>> d78b04a5306127f583235b13752c48d4f7d1289a
        ],
        "Content-Type": [
          "application/json; charset=utf-8"
        ],
        "Content-Length": [
          "24"
        ]
      },
      "ResponseHeaders": {
        "Cache-Control": [
          "no-cache"
        ],
        "Pragma": [
          "no-cache"
        ],
        "x-ms-request-id": [
<<<<<<< HEAD
          "3ee536c7-4014-4915-ba9e-17989facc5fc"
=======
          "45291eb3-9409-47c3-9905-1240a1f14c1d"
>>>>>>> d78b04a5306127f583235b13752c48d4f7d1289a
        ],
        "X-Content-Type-Options": [
          "nosniff"
        ],
        "Strict-Transport-Security": [
          "max-age=31536000; includeSubDomains"
        ],
        "Server": [
          "Microsoft-IIS/10.0"
        ],
        "X-AspNet-Version": [
          "4.0.30319"
        ],
        "X-Powered-By": [
          "ASP.NET"
        ],
        "x-ms-ratelimit-remaining-subscription-writes": [
<<<<<<< HEAD
          "1198"
        ],
        "x-ms-correlation-request-id": [
          "5a7a4b44-c097-4269-a088-9a1975807a2c"
        ],
        "x-ms-routing-request-id": [
          "WESTUS:20190703T184243Z:5a7a4b44-c097-4269-a088-9a1975807a2c"
        ],
        "Date": [
          "Wed, 03 Jul 2019 18:42:43 GMT"
        ],
        "Content-Length": [
          "329"
        ],
        "Content-Type": [
          "application/json; charset=utf-8"
=======
          "1194"
        ],
        "x-ms-correlation-request-id": [
          "83405954-de52-4cee-a990-ed5d580865b6"
        ],
        "x-ms-routing-request-id": [
          "WESTUS:20200623T071440Z:83405954-de52-4cee-a990-ed5d580865b6"
        ],
        "Date": [
          "Tue, 23 Jun 2020 07:14:39 GMT"
        ],
        "Content-Length": [
          "371"
        ],
        "Content-Type": [
          "application/json"
>>>>>>> d78b04a5306127f583235b13752c48d4f7d1289a
        ],
        "Expires": [
          "-1"
        ]
      },
<<<<<<< HEAD
      "ResponseBody": "{\r\n  \"properties\": {\r\n    \"syncGroupStatus\": \"0\",\r\n    \"uniqueId\": \"09d23299-8682-45c0-9bfc-444d1cc9a2f4\"\r\n  },\r\n  \"id\": \"/subscriptions/7b96cb02-4663-40f4-9a89-603d3849e46a/resourceGroups/ps7174/providers/microsoft.storagesync/storageSyncServices/sssps3946/syncGroups/sgps826\",\r\n  \"name\": \"sgps826\",\r\n  \"type\": \"microsoft.storagesync/storageSyncServices/syncGroups\"\r\n}",
      "StatusCode": 200
    },
    {
      "RequestUri": "/subscriptions/7b96cb02-4663-40f4-9a89-603d3849e46a/resourceGroups/ps7174/providers/Microsoft.StorageSync/storageSyncServices/sssps3946/syncGroups/sgps826?api-version=2019-03-01",
      "EncodedRequestUri": "L3N1YnNjcmlwdGlvbnMvN2I5NmNiMDItNDY2My00MGY0LTlhODktNjAzZDM4NDllNDZhL3Jlc291cmNlR3JvdXBzL3BzNzE3NC9wcm92aWRlcnMvTWljcm9zb2Z0LlN0b3JhZ2VTeW5jL3N0b3JhZ2VTeW5jU2VydmljZXMvc3NzcHMzOTQ2L3N5bmNHcm91cHMvc2dwczgyNj9hcGktdmVyc2lvbj0yMDE5LTAzLTAx",
=======
      "ResponseBody": "{\r\n  \"properties\": {\r\n    \"syncGroupStatus\": \"0\",\r\n    \"uniqueId\": \"4f71cabc-8515-47c8-9dec-f95fa8a89474\"\r\n  },\r\n  \"id\": \"/subscriptions/1dfbd0ca-8f09-4063-8b4d-85ca8f8a383b/resourceGroups/ps2186/providers/microsoft.storagesync/storageSyncServices/sssps3113/syncGroups/sgps7955\",\r\n  \"name\": \"sgps7955\",\r\n  \"type\": \"microsoft.storagesync/storageSyncServices/syncGroups\"\r\n}",
      "StatusCode": 200
    },
    {
      "RequestUri": "/subscriptions/1dfbd0ca-8f09-4063-8b4d-85ca8f8a383b/resourceGroups/ps2186/providers/Microsoft.StorageSync/storageSyncServices/sssps3113/syncGroups/sgps7955?api-version=2020-03-01",
      "EncodedRequestUri": "L3N1YnNjcmlwdGlvbnMvMWRmYmQwY2EtOGYwOS00MDYzLThiNGQtODVjYThmOGEzODNiL3Jlc291cmNlR3JvdXBzL3BzMjE4Ni9wcm92aWRlcnMvTWljcm9zb2Z0LlN0b3JhZ2VTeW5jL3N0b3JhZ2VTeW5jU2VydmljZXMvc3NzcHMzMTEzL3N5bmNHcm91cHMvc2dwczc5NTU/YXBpLXZlcnNpb249MjAyMC0wMy0wMQ==",
>>>>>>> d78b04a5306127f583235b13752c48d4f7d1289a
      "RequestMethod": "GET",
      "RequestBody": "",
      "RequestHeaders": {
        "x-ms-client-request-id": [
<<<<<<< HEAD
          "13396577-db92-47e1-ae4c-bee5ff484a91"
=======
          "31814dab-4eee-483f-929f-fff4cf40ff83"
>>>>>>> d78b04a5306127f583235b13752c48d4f7d1289a
        ],
        "Accept-Language": [
          "en-US"
        ],
        "User-Agent": [
<<<<<<< HEAD
          "FxVersion/4.6.27617.04",
          "OSName/Windows",
          "OSVersion/Microsoft.Windows.10.0.14393.",
          "Microsoft.Azure.Management.StorageSync.StorageSyncManagementClient/3.0.0.0"
=======
          "FxVersion/4.6.28207.03",
          "OSName/Windows",
          "OSVersion/Microsoft.Windows.10.0.14393.",
          "Microsoft.Azure.Management.StorageSync.StorageSyncManagementClient/5.0.0.0"
>>>>>>> d78b04a5306127f583235b13752c48d4f7d1289a
        ]
      },
      "ResponseHeaders": {
        "Cache-Control": [
          "no-cache"
        ],
        "Pragma": [
          "no-cache"
        ],
        "x-ms-request-id": [
<<<<<<< HEAD
          "ad3fd192-0f22-4605-ba56-484e794b236f"
=======
          "2b6b1a51-49e9-4c72-8f67-af81d96f87c0"
>>>>>>> d78b04a5306127f583235b13752c48d4f7d1289a
        ],
        "X-Content-Type-Options": [
          "nosniff"
        ],
        "Strict-Transport-Security": [
          "max-age=31536000; includeSubDomains"
        ],
        "Server": [
          "Microsoft-IIS/10.0"
        ],
        "X-AspNet-Version": [
          "4.0.30319"
        ],
        "X-Powered-By": [
          "ASP.NET"
        ],
        "x-ms-ratelimit-remaining-subscription-reads": [
<<<<<<< HEAD
          "11999"
        ],
        "x-ms-correlation-request-id": [
          "c778cd5e-2e18-4aaf-beba-afce8f68f83b"
        ],
        "x-ms-routing-request-id": [
          "WESTUS:20190703T184244Z:c778cd5e-2e18-4aaf-beba-afce8f68f83b"
        ],
        "Date": [
          "Wed, 03 Jul 2019 18:42:43 GMT"
        ],
        "Content-Length": [
          "329"
        ],
        "Content-Type": [
          "application/json; charset=utf-8"
=======
          "11992"
        ],
        "x-ms-correlation-request-id": [
          "143f6ddd-ff93-4750-aa75-b37c6263f4dd"
        ],
        "x-ms-routing-request-id": [
          "WESTUS:20200623T071440Z:143f6ddd-ff93-4750-aa75-b37c6263f4dd"
        ],
        "Date": [
          "Tue, 23 Jun 2020 07:14:40 GMT"
        ],
        "Content-Length": [
          "371"
        ],
        "Content-Type": [
          "application/json"
>>>>>>> d78b04a5306127f583235b13752c48d4f7d1289a
        ],
        "Expires": [
          "-1"
        ]
      },
<<<<<<< HEAD
      "ResponseBody": "{\r\n  \"properties\": {\r\n    \"syncGroupStatus\": \"0\",\r\n    \"uniqueId\": \"09d23299-8682-45c0-9bfc-444d1cc9a2f4\"\r\n  },\r\n  \"id\": \"/subscriptions/7b96cb02-4663-40f4-9a89-603d3849e46a/resourceGroups/ps7174/providers/microsoft.storagesync/storageSyncServices/sssps3946/syncGroups/sgps826\",\r\n  \"name\": \"sgps826\",\r\n  \"type\": \"microsoft.storagesync/storageSyncServices/syncGroups\"\r\n}",
      "StatusCode": 200
    },
    {
      "RequestUri": "/subscriptions/7b96cb02-4663-40f4-9a89-603d3849e46a/resourceGroups/ps7174/providers/Microsoft.StorageSync/storageSyncServices/sssps3946/syncGroups/sgps826?api-version=2019-03-01",
      "EncodedRequestUri": "L3N1YnNjcmlwdGlvbnMvN2I5NmNiMDItNDY2My00MGY0LTlhODktNjAzZDM4NDllNDZhL3Jlc291cmNlR3JvdXBzL3BzNzE3NC9wcm92aWRlcnMvTWljcm9zb2Z0LlN0b3JhZ2VTeW5jL3N0b3JhZ2VTeW5jU2VydmljZXMvc3NzcHMzOTQ2L3N5bmNHcm91cHMvc2dwczgyNj9hcGktdmVyc2lvbj0yMDE5LTAzLTAx",
=======
      "ResponseBody": "{\r\n  \"properties\": {\r\n    \"syncGroupStatus\": \"0\",\r\n    \"uniqueId\": \"4f71cabc-8515-47c8-9dec-f95fa8a89474\"\r\n  },\r\n  \"id\": \"/subscriptions/1dfbd0ca-8f09-4063-8b4d-85ca8f8a383b/resourceGroups/ps2186/providers/microsoft.storagesync/storageSyncServices/sssps3113/syncGroups/sgps7955\",\r\n  \"name\": \"sgps7955\",\r\n  \"type\": \"microsoft.storagesync/storageSyncServices/syncGroups\"\r\n}",
      "StatusCode": 200
    },
    {
      "RequestUri": "/subscriptions/1dfbd0ca-8f09-4063-8b4d-85ca8f8a383b/resourceGroups/ps2186/providers/Microsoft.StorageSync/storageSyncServices/sssps3113/syncGroups/sgps7955?api-version=2020-03-01",
      "EncodedRequestUri": "L3N1YnNjcmlwdGlvbnMvMWRmYmQwY2EtOGYwOS00MDYzLThiNGQtODVjYThmOGEzODNiL3Jlc291cmNlR3JvdXBzL3BzMjE4Ni9wcm92aWRlcnMvTWljcm9zb2Z0LlN0b3JhZ2VTeW5jL3N0b3JhZ2VTeW5jU2VydmljZXMvc3NzcHMzMTEzL3N5bmNHcm91cHMvc2dwczc5NTU/YXBpLXZlcnNpb249MjAyMC0wMy0wMQ==",
>>>>>>> d78b04a5306127f583235b13752c48d4f7d1289a
      "RequestMethod": "DELETE",
      "RequestBody": "",
      "RequestHeaders": {
        "x-ms-client-request-id": [
<<<<<<< HEAD
          "a7841c25-e4bf-4737-943c-e84a5cda759d"
=======
          "bb62021d-9641-4db8-8572-e8c0272d6a5b"
>>>>>>> d78b04a5306127f583235b13752c48d4f7d1289a
        ],
        "Accept-Language": [
          "en-US"
        ],
        "User-Agent": [
<<<<<<< HEAD
          "FxVersion/4.6.27617.04",
          "OSName/Windows",
          "OSVersion/Microsoft.Windows.10.0.14393.",
          "Microsoft.Azure.Management.StorageSync.StorageSyncManagementClient/3.0.0.0"
=======
          "FxVersion/4.6.28207.03",
          "OSName/Windows",
          "OSVersion/Microsoft.Windows.10.0.14393.",
          "Microsoft.Azure.Management.StorageSync.StorageSyncManagementClient/5.0.0.0"
>>>>>>> d78b04a5306127f583235b13752c48d4f7d1289a
        ]
      },
      "ResponseHeaders": {
        "Cache-Control": [
          "no-cache"
        ],
        "Pragma": [
          "no-cache"
        ],
        "x-ms-request-id": [
<<<<<<< HEAD
          "7d7a94ee-3b98-4dc1-ac05-63848b03bc56"
=======
          "ff9ee61f-afcc-4ecd-ba92-9f91a63eb5d9"
>>>>>>> d78b04a5306127f583235b13752c48d4f7d1289a
        ],
        "X-Content-Type-Options": [
          "nosniff"
        ],
        "Strict-Transport-Security": [
          "max-age=31536000; includeSubDomains"
        ],
        "Server": [
          "Microsoft-IIS/10.0"
        ],
        "X-AspNet-Version": [
          "4.0.30319"
        ],
        "X-Powered-By": [
          "ASP.NET"
        ],
        "x-ms-ratelimit-remaining-subscription-deletes": [
<<<<<<< HEAD
          "14999"
        ],
        "x-ms-correlation-request-id": [
          "d17b4ad8-c474-40c2-8cfb-2a5f8ad27d11"
        ],
        "x-ms-routing-request-id": [
          "WESTUS:20190703T184244Z:d17b4ad8-c474-40c2-8cfb-2a5f8ad27d11"
        ],
        "Date": [
          "Wed, 03 Jul 2019 18:42:44 GMT"
=======
          "14995"
        ],
        "x-ms-correlation-request-id": [
          "a05ad43a-af56-4fb1-baaa-719c380616ae"
        ],
        "x-ms-routing-request-id": [
          "WESTUS:20200623T071441Z:a05ad43a-af56-4fb1-baaa-719c380616ae"
        ],
        "Date": [
          "Tue, 23 Jun 2020 07:14:40 GMT"
>>>>>>> d78b04a5306127f583235b13752c48d4f7d1289a
        ],
        "Expires": [
          "-1"
        ],
        "Content-Length": [
          "0"
        ]
      },
      "ResponseBody": "",
      "StatusCode": 200
    },
    {
<<<<<<< HEAD
      "RequestUri": "/subscriptions/7b96cb02-4663-40f4-9a89-603d3849e46a/resourceGroups/ps7174/providers/Microsoft.StorageSync/storageSyncServices/sssps3946?api-version=2019-03-01",
      "EncodedRequestUri": "L3N1YnNjcmlwdGlvbnMvN2I5NmNiMDItNDY2My00MGY0LTlhODktNjAzZDM4NDllNDZhL3Jlc291cmNlR3JvdXBzL3BzNzE3NC9wcm92aWRlcnMvTWljcm9zb2Z0LlN0b3JhZ2VTeW5jL3N0b3JhZ2VTeW5jU2VydmljZXMvc3NzcHMzOTQ2P2FwaS12ZXJzaW9uPTIwMTktMDMtMDE=",
=======
      "RequestUri": "/subscriptions/1dfbd0ca-8f09-4063-8b4d-85ca8f8a383b/resourceGroups/ps2186/providers/Microsoft.StorageSync/storageSyncServices/sssps3113?api-version=2020-03-01",
      "EncodedRequestUri": "L3N1YnNjcmlwdGlvbnMvMWRmYmQwY2EtOGYwOS00MDYzLThiNGQtODVjYThmOGEzODNiL3Jlc291cmNlR3JvdXBzL3BzMjE4Ni9wcm92aWRlcnMvTWljcm9zb2Z0LlN0b3JhZ2VTeW5jL3N0b3JhZ2VTeW5jU2VydmljZXMvc3NzcHMzMTEzP2FwaS12ZXJzaW9uPTIwMjAtMDMtMDE=",
>>>>>>> d78b04a5306127f583235b13752c48d4f7d1289a
      "RequestMethod": "DELETE",
      "RequestBody": "",
      "RequestHeaders": {
        "x-ms-client-request-id": [
<<<<<<< HEAD
          "fe86cad4-4636-4c35-ba4f-91831c8ed624"
=======
          "44fc1ed4-c2cc-4ff2-81bc-62b64ffb3d0f"
>>>>>>> d78b04a5306127f583235b13752c48d4f7d1289a
        ],
        "Accept-Language": [
          "en-US"
        ],
        "User-Agent": [
<<<<<<< HEAD
          "FxVersion/4.6.27617.04",
          "OSName/Windows",
          "OSVersion/Microsoft.Windows.10.0.14393.",
          "Microsoft.Azure.Management.StorageSync.StorageSyncManagementClient/3.0.0.0"
=======
          "FxVersion/4.6.28207.03",
          "OSName/Windows",
          "OSVersion/Microsoft.Windows.10.0.14393.",
          "Microsoft.Azure.Management.StorageSync.StorageSyncManagementClient/5.0.0.0"
>>>>>>> d78b04a5306127f583235b13752c48d4f7d1289a
        ]
      },
      "ResponseHeaders": {
        "Cache-Control": [
          "no-cache"
        ],
        "Pragma": [
          "no-cache"
        ],
<<<<<<< HEAD
        "x-ms-request-id": [
          "05912584-f2c7-410c-9164-04382dedd071"
=======
        "Location": [
          "https://management.azure.com/subscriptions/1dfbd0ca-8f09-4063-8b4d-85ca8f8a383b/providers/microsoft.storagesync/locations/centraluseuap/operationresults/eyJwYXJ0aXRpb25JZCI6ImZiNmQ2MjQ4LWFjYzMtNGVkNC1iNWYxLTQxOGJkNTA1NWI4ZCIsIndvcmtmbG93SWQiOiJmNmNjYTJkMC1kMTgzLTQ1NDQtYTFmOC1lNTRlYjFmOWZjY2YiLCJ3b3JrZmxvd09wZXJhdGlvbklkIjoiYjgwZTA3NTItNjI4My00MjdiLWEwZDAtMmI2OWE0NjAwNDBkIn0=?api-version=2020-03-01"
        ],
        "Retry-After": [
          "10"
        ],
        "Azure-AsyncOperation": [
          "https://management.azure.com/subscriptions/1dfbd0ca-8f09-4063-8b4d-85ca8f8a383b/providers/microsoft.storagesync/locations/centraluseuap/operations/eyJwYXJ0aXRpb25JZCI6ImZiNmQ2MjQ4LWFjYzMtNGVkNC1iNWYxLTQxOGJkNTA1NWI4ZCIsIndvcmtmbG93SWQiOiJmNmNjYTJkMC1kMTgzLTQ1NDQtYTFmOC1lNTRlYjFmOWZjY2YiLCJ3b3JrZmxvd09wZXJhdGlvbklkIjoiYjgwZTA3NTItNjI4My00MjdiLWEwZDAtMmI2OWE0NjAwNDBkIn0=?api-version=2020-03-01"
        ],
        "x-ms-request-id": [
          "2641277f-fddb-434f-b76a-7418b560c86c"
>>>>>>> d78b04a5306127f583235b13752c48d4f7d1289a
        ],
        "X-Content-Type-Options": [
          "nosniff"
        ],
        "Strict-Transport-Security": [
          "max-age=31536000; includeSubDomains"
        ],
        "Server": [
          "Microsoft-IIS/10.0"
        ],
        "X-AspNet-Version": [
          "4.0.30319"
        ],
        "X-Powered-By": [
          "ASP.NET"
        ],
        "x-ms-ratelimit-remaining-subscription-deletes": [
<<<<<<< HEAD
          "14998"
        ],
        "x-ms-correlation-request-id": [
          "202e7db0-59b4-42c5-9644-6a335728bf08"
        ],
        "x-ms-routing-request-id": [
          "WESTUS:20190703T184245Z:202e7db0-59b4-42c5-9644-6a335728bf08"
        ],
        "Date": [
          "Wed, 03 Jul 2019 18:42:45 GMT"
=======
          "14994"
        ],
        "x-ms-correlation-request-id": [
          "0fd1c007-55d8-43e9-8eec-18933945b523"
        ],
        "x-ms-routing-request-id": [
          "WESTUS:20200623T071441Z:0fd1c007-55d8-43e9-8eec-18933945b523"
        ],
        "Date": [
          "Tue, 23 Jun 2020 07:14:40 GMT"
        ],
        "Expires": [
          "-1"
        ],
        "Content-Length": [
          "0"
        ]
      },
      "ResponseBody": "",
      "StatusCode": 202
    },
    {
      "RequestUri": "/subscriptions/1dfbd0ca-8f09-4063-8b4d-85ca8f8a383b/providers/microsoft.storagesync/locations/centraluseuap/operations/eyJwYXJ0aXRpb25JZCI6ImZiNmQ2MjQ4LWFjYzMtNGVkNC1iNWYxLTQxOGJkNTA1NWI4ZCIsIndvcmtmbG93SWQiOiJmNmNjYTJkMC1kMTgzLTQ1NDQtYTFmOC1lNTRlYjFmOWZjY2YiLCJ3b3JrZmxvd09wZXJhdGlvbklkIjoiYjgwZTA3NTItNjI4My00MjdiLWEwZDAtMmI2OWE0NjAwNDBkIn0=?api-version=2020-03-01",
      "EncodedRequestUri": "L3N1YnNjcmlwdGlvbnMvMWRmYmQwY2EtOGYwOS00MDYzLThiNGQtODVjYThmOGEzODNiL3Byb3ZpZGVycy9taWNyb3NvZnQuc3RvcmFnZXN5bmMvbG9jYXRpb25zL2NlbnRyYWx1c2V1YXAvb3BlcmF0aW9ucy9leUp3WVhKMGFYUnBiMjVKWkNJNkltWmlObVEyTWpRNExXRmpZek10TkdWa05DMWlOV1l4TFRReE9HSmtOVEExTldJNFpDSXNJbmR2Y210bWJHOTNTV1FpT2lKbU5tTmpZVEprTUMxa01UZ3pMVFExTkRRdFlURm1PQzFsTlRSbFlqRm1PV1pqWTJZaUxDSjNiM0pyWm14dmQwOXdaWEpoZEdsdmJrbGtJam9pWWpnd1pUQTNOVEl0TmpJNE15MDBNamRpTFdFd1pEQXRNbUkyT1dFME5qQXdOREJrSW4wPT9hcGktdmVyc2lvbj0yMDIwLTAzLTAx",
      "RequestMethod": "GET",
      "RequestBody": "",
      "RequestHeaders": {
        "User-Agent": [
          "FxVersion/4.6.28207.03",
          "OSName/Windows",
          "OSVersion/Microsoft.Windows.10.0.14393.",
          "Microsoft.Azure.Management.StorageSync.StorageSyncManagementClient/5.0.0.0"
        ]
      },
      "ResponseHeaders": {
        "Cache-Control": [
          "no-cache"
        ],
        "Pragma": [
          "no-cache"
        ],
        "x-ms-request-id": [
          "14b30c88-bd1d-4c6d-82e2-1af9e37ee9d7"
        ],
        "X-Content-Type-Options": [
          "nosniff"
        ],
        "Strict-Transport-Security": [
          "max-age=31536000; includeSubDomains"
        ],
        "Server": [
          "Microsoft-IIS/10.0"
        ],
        "X-AspNet-Version": [
          "4.0.30319"
        ],
        "X-Powered-By": [
          "ASP.NET"
        ],
        "x-ms-ratelimit-remaining-subscription-reads": [
          "11991"
        ],
        "x-ms-correlation-request-id": [
          "71cdbdc6-f336-4781-a2c0-af38aa9fe96e"
        ],
        "x-ms-routing-request-id": [
          "WESTUS:20200623T071451Z:71cdbdc6-f336-4781-a2c0-af38aa9fe96e"
        ],
        "Date": [
          "Tue, 23 Jun 2020 07:14:50 GMT"
        ],
        "Content-Length": [
          "744"
        ],
        "Content-Type": [
          "application/json"
        ],
        "Expires": [
          "-1"
        ]
      },
      "ResponseBody": "{\r\n  \"id\": \"/subscriptions/1dfbd0ca-8f09-4063-8b4d-85ca8f8a383b/providers/microsoft.storagesync/locations/centraluseuap/operationresults/eyJwYXJ0aXRpb25JZCI6ImZiNmQ2MjQ4LWFjYzMtNGVkNC1iNWYxLTQxOGJkNTA1NWI4ZCIsIndvcmtmbG93SWQiOiJmNmNjYTJkMC1kMTgzLTQ1NDQtYTFmOC1lNTRlYjFmOWZjY2YiLCJ3b3JrZmxvd09wZXJhdGlvbklkIjoiYjgwZTA3NTItNjI4My00MjdiLWEwZDAtMmI2OWE0NjAwNDBkIn0=\",\r\n  \"name\": \"eyJwYXJ0aXRpb25JZCI6ImZiNmQ2MjQ4LWFjYzMtNGVkNC1iNWYxLTQxOGJkNTA1NWI4ZCIsIndvcmtmbG93SWQiOiJmNmNjYTJkMC1kMTgzLTQ1NDQtYTFmOC1lNTRlYjFmOWZjY2YiLCJ3b3JrZmxvd09wZXJhdGlvbklkIjoiYjgwZTA3NTItNjI4My00MjdiLWEwZDAtMmI2OWE0NjAwNDBkIn0=\",\r\n  \"status\": \"Succeeded\",\r\n  \"startTime\": \"2020-06-23T07:14:41.690966Z\",\r\n  \"endTime\": \"2020-06-23T07:14:47.2056683Z\",\r\n  \"properties\": {}\r\n}",
      "StatusCode": 200
    },
    {
      "RequestUri": "/subscriptions/1dfbd0ca-8f09-4063-8b4d-85ca8f8a383b/providers/microsoft.storagesync/locations/centraluseuap/operationresults/eyJwYXJ0aXRpb25JZCI6ImZiNmQ2MjQ4LWFjYzMtNGVkNC1iNWYxLTQxOGJkNTA1NWI4ZCIsIndvcmtmbG93SWQiOiJmNmNjYTJkMC1kMTgzLTQ1NDQtYTFmOC1lNTRlYjFmOWZjY2YiLCJ3b3JrZmxvd09wZXJhdGlvbklkIjoiYjgwZTA3NTItNjI4My00MjdiLWEwZDAtMmI2OWE0NjAwNDBkIn0=?api-version=2020-03-01",
      "EncodedRequestUri": "L3N1YnNjcmlwdGlvbnMvMWRmYmQwY2EtOGYwOS00MDYzLThiNGQtODVjYThmOGEzODNiL3Byb3ZpZGVycy9taWNyb3NvZnQuc3RvcmFnZXN5bmMvbG9jYXRpb25zL2NlbnRyYWx1c2V1YXAvb3BlcmF0aW9ucmVzdWx0cy9leUp3WVhKMGFYUnBiMjVKWkNJNkltWmlObVEyTWpRNExXRmpZek10TkdWa05DMWlOV1l4TFRReE9HSmtOVEExTldJNFpDSXNJbmR2Y210bWJHOTNTV1FpT2lKbU5tTmpZVEprTUMxa01UZ3pMVFExTkRRdFlURm1PQzFsTlRSbFlqRm1PV1pqWTJZaUxDSjNiM0pyWm14dmQwOXdaWEpoZEdsdmJrbGtJam9pWWpnd1pUQTNOVEl0TmpJNE15MDBNamRpTFdFd1pEQXRNbUkyT1dFME5qQXdOREJrSW4wPT9hcGktdmVyc2lvbj0yMDIwLTAzLTAx",
      "RequestMethod": "GET",
      "RequestBody": "",
      "RequestHeaders": {
        "User-Agent": [
          "FxVersion/4.6.28207.03",
          "OSName/Windows",
          "OSVersion/Microsoft.Windows.10.0.14393.",
          "Microsoft.Azure.Management.StorageSync.StorageSyncManagementClient/5.0.0.0"
        ]
      },
      "ResponseHeaders": {
        "Cache-Control": [
          "no-cache"
        ],
        "Pragma": [
          "no-cache"
        ],
        "x-ms-request-id": [
          "2406070f-71f0-4278-8b45-9a10e77f7f73"
        ],
        "X-Content-Type-Options": [
          "nosniff"
        ],
        "Strict-Transport-Security": [
          "max-age=31536000; includeSubDomains"
        ],
        "Server": [
          "Microsoft-IIS/10.0"
        ],
        "X-AspNet-Version": [
          "4.0.30319"
        ],
        "X-Powered-By": [
          "ASP.NET"
        ],
        "x-ms-ratelimit-remaining-subscription-reads": [
          "11990"
        ],
        "x-ms-correlation-request-id": [
          "976cd641-8868-4e21-8954-c7cbd5f360fd"
        ],
        "x-ms-routing-request-id": [
          "WESTUS:20200623T071452Z:976cd641-8868-4e21-8954-c7cbd5f360fd"
        ],
        "Date": [
          "Tue, 23 Jun 2020 07:14:51 GMT"
>>>>>>> d78b04a5306127f583235b13752c48d4f7d1289a
        ],
        "Expires": [
          "-1"
        ],
        "Content-Length": [
          "0"
        ]
      },
      "ResponseBody": "",
      "StatusCode": 200
    },
    {
<<<<<<< HEAD
      "RequestUri": "/subscriptions/7b96cb02-4663-40f4-9a89-603d3849e46a/resourceGroups/ps7174/providers/Microsoft.StorageSync/storageSyncServices?api-version=2019-03-01",
      "EncodedRequestUri": "L3N1YnNjcmlwdGlvbnMvN2I5NmNiMDItNDY2My00MGY0LTlhODktNjAzZDM4NDllNDZhL3Jlc291cmNlR3JvdXBzL3BzNzE3NC9wcm92aWRlcnMvTWljcm9zb2Z0LlN0b3JhZ2VTeW5jL3N0b3JhZ2VTeW5jU2VydmljZXM/YXBpLXZlcnNpb249MjAxOS0wMy0wMQ==",
=======
      "RequestUri": "/subscriptions/1dfbd0ca-8f09-4063-8b4d-85ca8f8a383b/resourceGroups/ps2186/providers/Microsoft.StorageSync/storageSyncServices?api-version=2020-03-01",
      "EncodedRequestUri": "L3N1YnNjcmlwdGlvbnMvMWRmYmQwY2EtOGYwOS00MDYzLThiNGQtODVjYThmOGEzODNiL3Jlc291cmNlR3JvdXBzL3BzMjE4Ni9wcm92aWRlcnMvTWljcm9zb2Z0LlN0b3JhZ2VTeW5jL3N0b3JhZ2VTeW5jU2VydmljZXM/YXBpLXZlcnNpb249MjAyMC0wMy0wMQ==",
>>>>>>> d78b04a5306127f583235b13752c48d4f7d1289a
      "RequestMethod": "GET",
      "RequestBody": "",
      "RequestHeaders": {
        "x-ms-client-request-id": [
<<<<<<< HEAD
          "17b437e7-03cc-4f9d-8aa1-304e6e735993"
=======
          "cdf5fd11-10f2-46d2-9822-cb6d785d1065"
>>>>>>> d78b04a5306127f583235b13752c48d4f7d1289a
        ],
        "Accept-Language": [
          "en-US"
        ],
        "User-Agent": [
<<<<<<< HEAD
          "FxVersion/4.6.27617.04",
          "OSName/Windows",
          "OSVersion/Microsoft.Windows.10.0.14393.",
          "Microsoft.Azure.Management.StorageSync.StorageSyncManagementClient/3.0.0.0"
=======
          "FxVersion/4.6.28207.03",
          "OSName/Windows",
          "OSVersion/Microsoft.Windows.10.0.14393.",
          "Microsoft.Azure.Management.StorageSync.StorageSyncManagementClient/5.0.0.0"
>>>>>>> d78b04a5306127f583235b13752c48d4f7d1289a
        ]
      },
      "ResponseHeaders": {
        "Cache-Control": [
          "no-cache"
        ],
        "Pragma": [
          "no-cache"
        ],
<<<<<<< HEAD
        "x-ms-ratelimit-remaining-subscription-reads": [
          "11998"
        ],
        "x-ms-request-id": [
          "2692d69f-8e81-44d5-8a8a-d1c1149234a8"
        ],
        "x-ms-correlation-request-id": [
          "2692d69f-8e81-44d5-8a8a-d1c1149234a8"
        ],
        "x-ms-routing-request-id": [
          "WESTUS:20190703T184245Z:2692d69f-8e81-44d5-8a8a-d1c1149234a8"
=======
        "x-ms-request-id": [
          "c52f7025-8787-49c5-92b7-6c14c56555ec"
        ],
        "X-Content-Type-Options": [
          "nosniff"
>>>>>>> d78b04a5306127f583235b13752c48d4f7d1289a
        ],
        "Strict-Transport-Security": [
          "max-age=31536000; includeSubDomains"
        ],
<<<<<<< HEAD
        "X-Content-Type-Options": [
          "nosniff"
        ],
        "Date": [
          "Wed, 03 Jul 2019 18:42:45 GMT"
        ],
        "Content-Type": [
          "application/json; charset=utf-8"
        ],
        "Expires": [
          "-1"
        ],
        "Content-Length": [
          "12"
=======
        "Server": [
          "Microsoft-IIS/10.0"
        ],
        "X-AspNet-Version": [
          "4.0.30319"
        ],
        "X-Powered-By": [
          "ASP.NET"
        ],
        "x-ms-ratelimit-remaining-subscription-reads": [
          "11989"
        ],
        "x-ms-correlation-request-id": [
          "1523fa1f-a36d-4e46-a494-8f1a60e9362e"
        ],
        "x-ms-routing-request-id": [
          "WESTUS:20200623T071452Z:1523fa1f-a36d-4e46-a494-8f1a60e9362e"
        ],
        "Date": [
          "Tue, 23 Jun 2020 07:14:51 GMT"
        ],
        "Content-Length": [
          "19"
        ],
        "Content-Type": [
          "application/json"
        ],
        "Expires": [
          "-1"
>>>>>>> d78b04a5306127f583235b13752c48d4f7d1289a
        ]
      },
      "ResponseBody": "{\r\n  \"value\": []\r\n}",
      "StatusCode": 200
    },
    {
<<<<<<< HEAD
      "RequestUri": "/subscriptions/7b96cb02-4663-40f4-9a89-603d3849e46a/resourcegroups/ps7174?api-version=2016-09-01",
      "EncodedRequestUri": "L3N1YnNjcmlwdGlvbnMvN2I5NmNiMDItNDY2My00MGY0LTlhODktNjAzZDM4NDllNDZhL3Jlc291cmNlZ3JvdXBzL3BzNzE3ND9hcGktdmVyc2lvbj0yMDE2LTA5LTAx",
=======
      "RequestUri": "/subscriptions/1dfbd0ca-8f09-4063-8b4d-85ca8f8a383b/resourcegroups/ps2186?api-version=2016-09-01",
      "EncodedRequestUri": "L3N1YnNjcmlwdGlvbnMvMWRmYmQwY2EtOGYwOS00MDYzLThiNGQtODVjYThmOGEzODNiL3Jlc291cmNlZ3JvdXBzL3BzMjE4Nj9hcGktdmVyc2lvbj0yMDE2LTA5LTAx",
>>>>>>> d78b04a5306127f583235b13752c48d4f7d1289a
      "RequestMethod": "DELETE",
      "RequestBody": "",
      "RequestHeaders": {
        "x-ms-client-request-id": [
<<<<<<< HEAD
          "9170cd70-b7b4-4d85-b94d-1f6e8fc1d905"
=======
          "c76e5d35-7ce5-4f29-84d2-94f5f8b7518a"
>>>>>>> d78b04a5306127f583235b13752c48d4f7d1289a
        ],
        "Accept-Language": [
          "en-US"
        ],
        "User-Agent": [
<<<<<<< HEAD
          "FxVersion/4.6.27617.04",
          "OSName/Windows",
          "OSVersion/Microsoft.Windows.10.0.14393.",
          "Microsoft.Azure.Management.Internal.Resources.ResourceManagementClient/1.3.0"
=======
          "FxVersion/4.6.28207.03",
          "OSName/Windows",
          "OSVersion/Microsoft.Windows.10.0.14393.",
          "Microsoft.Azure.Management.Internal.Resources.ResourceManagementClient/1.3.16"
>>>>>>> d78b04a5306127f583235b13752c48d4f7d1289a
        ]
      },
      "ResponseHeaders": {
        "Cache-Control": [
          "no-cache"
        ],
        "Pragma": [
          "no-cache"
        ],
        "Location": [
<<<<<<< HEAD
          "https://management.azure.com/subscriptions/7b96cb02-4663-40f4-9a89-603d3849e46a/operationresults/eyJqb2JJZCI6IlJFU09VUkNFR1JPVVBERUxFVElPTkpPQi1QUzcxNzQtV0VTVFVTIiwiam9iTG9jYXRpb24iOiJ3ZXN0dXMifQ?api-version=2016-09-01"
=======
          "https://management.azure.com/subscriptions/1dfbd0ca-8f09-4063-8b4d-85ca8f8a383b/operationresults/eyJqb2JJZCI6IlJFU09VUkNFR1JPVVBERUxFVElPTkpPQi1QUzIxODYtV0VTVFVTIiwiam9iTG9jYXRpb24iOiJ3ZXN0dXMifQ?api-version=2016-09-01"
>>>>>>> d78b04a5306127f583235b13752c48d4f7d1289a
        ],
        "Retry-After": [
          "15"
        ],
        "x-ms-ratelimit-remaining-subscription-deletes": [
<<<<<<< HEAD
          "14997"
        ],
        "x-ms-request-id": [
          "e93711b0-5d98-4d34-a18c-4ab756517052"
        ],
        "x-ms-correlation-request-id": [
          "e93711b0-5d98-4d34-a18c-4ab756517052"
        ],
        "x-ms-routing-request-id": [
          "WESTUS:20190703T184246Z:e93711b0-5d98-4d34-a18c-4ab756517052"
=======
          "14993"
        ],
        "x-ms-request-id": [
          "48556df1-a40c-4152-990a-522a37693dd2"
        ],
        "x-ms-correlation-request-id": [
          "48556df1-a40c-4152-990a-522a37693dd2"
        ],
        "x-ms-routing-request-id": [
          "WESTUS:20200623T071452Z:48556df1-a40c-4152-990a-522a37693dd2"
>>>>>>> d78b04a5306127f583235b13752c48d4f7d1289a
        ],
        "Strict-Transport-Security": [
          "max-age=31536000; includeSubDomains"
        ],
        "X-Content-Type-Options": [
          "nosniff"
        ],
        "Date": [
<<<<<<< HEAD
          "Wed, 03 Jul 2019 18:42:46 GMT"
=======
          "Tue, 23 Jun 2020 07:14:51 GMT"
>>>>>>> d78b04a5306127f583235b13752c48d4f7d1289a
        ],
        "Expires": [
          "-1"
        ],
        "Content-Length": [
          "0"
        ]
      },
      "ResponseBody": "",
      "StatusCode": 202
    },
    {
<<<<<<< HEAD
      "RequestUri": "/subscriptions/7b96cb02-4663-40f4-9a89-603d3849e46a/operationresults/eyJqb2JJZCI6IlJFU09VUkNFR1JPVVBERUxFVElPTkpPQi1QUzcxNzQtV0VTVFVTIiwiam9iTG9jYXRpb24iOiJ3ZXN0dXMifQ?api-version=2016-09-01",
      "EncodedRequestUri": "L3N1YnNjcmlwdGlvbnMvN2I5NmNiMDItNDY2My00MGY0LTlhODktNjAzZDM4NDllNDZhL29wZXJhdGlvbnJlc3VsdHMvZXlKcWIySkpaQ0k2SWxKRlUwOVZVa05GUjFKUFZWQkVSVXhGVkVsUFRrcFBRaTFRVXpjeE56UXRWMFZUVkZWVElpd2lhbTlpVEc5allYUnBiMjRpT2lKM1pYTjBkWE1pZlE/YXBpLXZlcnNpb249MjAxNi0wOS0wMQ==",
=======
      "RequestUri": "/subscriptions/1dfbd0ca-8f09-4063-8b4d-85ca8f8a383b/operationresults/eyJqb2JJZCI6IlJFU09VUkNFR1JPVVBERUxFVElPTkpPQi1QUzIxODYtV0VTVFVTIiwiam9iTG9jYXRpb24iOiJ3ZXN0dXMifQ?api-version=2016-09-01",
      "EncodedRequestUri": "L3N1YnNjcmlwdGlvbnMvMWRmYmQwY2EtOGYwOS00MDYzLThiNGQtODVjYThmOGEzODNiL29wZXJhdGlvbnJlc3VsdHMvZXlKcWIySkpaQ0k2SWxKRlUwOVZVa05GUjFKUFZWQkVSVXhGVkVsUFRrcFBRaTFRVXpJeE9EWXRWMFZUVkZWVElpd2lhbTlpVEc5allYUnBiMjRpT2lKM1pYTjBkWE1pZlE/YXBpLXZlcnNpb249MjAxNi0wOS0wMQ==",
>>>>>>> d78b04a5306127f583235b13752c48d4f7d1289a
      "RequestMethod": "GET",
      "RequestBody": "",
      "RequestHeaders": {
        "User-Agent": [
<<<<<<< HEAD
          "FxVersion/4.6.27617.04",
          "OSName/Windows",
          "OSVersion/Microsoft.Windows.10.0.14393.",
          "Microsoft.Azure.Management.Internal.Resources.ResourceManagementClient/1.3.0"
=======
          "FxVersion/4.6.28207.03",
          "OSName/Windows",
          "OSVersion/Microsoft.Windows.10.0.14393.",
          "Microsoft.Azure.Management.Internal.Resources.ResourceManagementClient/1.3.16"
>>>>>>> d78b04a5306127f583235b13752c48d4f7d1289a
        ]
      },
      "ResponseHeaders": {
        "Cache-Control": [
          "no-cache"
        ],
        "Pragma": [
          "no-cache"
        ],
        "Location": [
<<<<<<< HEAD
          "https://management.azure.com/subscriptions/7b96cb02-4663-40f4-9a89-603d3849e46a/operationresults/eyJqb2JJZCI6IlJFU09VUkNFR1JPVVBERUxFVElPTkpPQi1QUzcxNzQtV0VTVFVTIiwiam9iTG9jYXRpb24iOiJ3ZXN0dXMifQ?api-version=2016-09-01"
=======
          "https://management.azure.com/subscriptions/1dfbd0ca-8f09-4063-8b4d-85ca8f8a383b/operationresults/eyJqb2JJZCI6IlJFU09VUkNFR1JPVVBERUxFVElPTkpPQi1QUzIxODYtV0VTVFVTIiwiam9iTG9jYXRpb24iOiJ3ZXN0dXMifQ?api-version=2016-09-01"
>>>>>>> d78b04a5306127f583235b13752c48d4f7d1289a
        ],
        "Retry-After": [
          "15"
        ],
        "x-ms-ratelimit-remaining-subscription-reads": [
<<<<<<< HEAD
          "11997"
        ],
        "x-ms-request-id": [
          "b62a150e-ee6a-46c2-9b6e-1285d6f6f831"
        ],
        "x-ms-correlation-request-id": [
          "b62a150e-ee6a-46c2-9b6e-1285d6f6f831"
        ],
        "x-ms-routing-request-id": [
          "WESTUS:20190703T184302Z:b62a150e-ee6a-46c2-9b6e-1285d6f6f831"
=======
          "11988"
        ],
        "x-ms-request-id": [
          "5d0dc1a1-15ab-450b-ba5f-0f9c94224aaf"
        ],
        "x-ms-correlation-request-id": [
          "5d0dc1a1-15ab-450b-ba5f-0f9c94224aaf"
        ],
        "x-ms-routing-request-id": [
          "WESTUS:20200623T071507Z:5d0dc1a1-15ab-450b-ba5f-0f9c94224aaf"
>>>>>>> d78b04a5306127f583235b13752c48d4f7d1289a
        ],
        "Strict-Transport-Security": [
          "max-age=31536000; includeSubDomains"
        ],
        "X-Content-Type-Options": [
          "nosniff"
        ],
        "Date": [
<<<<<<< HEAD
          "Wed, 03 Jul 2019 18:43:01 GMT"
=======
          "Tue, 23 Jun 2020 07:15:06 GMT"
>>>>>>> d78b04a5306127f583235b13752c48d4f7d1289a
        ],
        "Expires": [
          "-1"
        ],
        "Content-Length": [
          "0"
        ]
      },
      "ResponseBody": "",
      "StatusCode": 202
    },
    {
<<<<<<< HEAD
      "RequestUri": "/subscriptions/7b96cb02-4663-40f4-9a89-603d3849e46a/operationresults/eyJqb2JJZCI6IlJFU09VUkNFR1JPVVBERUxFVElPTkpPQi1QUzcxNzQtV0VTVFVTIiwiam9iTG9jYXRpb24iOiJ3ZXN0dXMifQ?api-version=2016-09-01",
      "EncodedRequestUri": "L3N1YnNjcmlwdGlvbnMvN2I5NmNiMDItNDY2My00MGY0LTlhODktNjAzZDM4NDllNDZhL29wZXJhdGlvbnJlc3VsdHMvZXlKcWIySkpaQ0k2SWxKRlUwOVZVa05GUjFKUFZWQkVSVXhGVkVsUFRrcFBRaTFRVXpjeE56UXRWMFZUVkZWVElpd2lhbTlpVEc5allYUnBiMjRpT2lKM1pYTjBkWE1pZlE/YXBpLXZlcnNpb249MjAxNi0wOS0wMQ==",
=======
      "RequestUri": "/subscriptions/1dfbd0ca-8f09-4063-8b4d-85ca8f8a383b/operationresults/eyJqb2JJZCI6IlJFU09VUkNFR1JPVVBERUxFVElPTkpPQi1QUzIxODYtV0VTVFVTIiwiam9iTG9jYXRpb24iOiJ3ZXN0dXMifQ?api-version=2016-09-01",
      "EncodedRequestUri": "L3N1YnNjcmlwdGlvbnMvMWRmYmQwY2EtOGYwOS00MDYzLThiNGQtODVjYThmOGEzODNiL29wZXJhdGlvbnJlc3VsdHMvZXlKcWIySkpaQ0k2SWxKRlUwOVZVa05GUjFKUFZWQkVSVXhGVkVsUFRrcFBRaTFRVXpJeE9EWXRWMFZUVkZWVElpd2lhbTlpVEc5allYUnBiMjRpT2lKM1pYTjBkWE1pZlE/YXBpLXZlcnNpb249MjAxNi0wOS0wMQ==",
>>>>>>> d78b04a5306127f583235b13752c48d4f7d1289a
      "RequestMethod": "GET",
      "RequestBody": "",
      "RequestHeaders": {
        "User-Agent": [
<<<<<<< HEAD
          "FxVersion/4.6.27617.04",
          "OSName/Windows",
          "OSVersion/Microsoft.Windows.10.0.14393.",
          "Microsoft.Azure.Management.Internal.Resources.ResourceManagementClient/1.3.0"
=======
          "FxVersion/4.6.28207.03",
          "OSName/Windows",
          "OSVersion/Microsoft.Windows.10.0.14393.",
          "Microsoft.Azure.Management.Internal.Resources.ResourceManagementClient/1.3.16"
>>>>>>> d78b04a5306127f583235b13752c48d4f7d1289a
        ]
      },
      "ResponseHeaders": {
        "Cache-Control": [
          "no-cache"
        ],
        "Pragma": [
          "no-cache"
        ],
        "Location": [
<<<<<<< HEAD
          "https://management.azure.com/subscriptions/7b96cb02-4663-40f4-9a89-603d3849e46a/operationresults/eyJqb2JJZCI6IlJFU09VUkNFR1JPVVBERUxFVElPTkpPQi1QUzcxNzQtV0VTVFVTIiwiam9iTG9jYXRpb24iOiJ3ZXN0dXMifQ?api-version=2016-09-01"
=======
          "https://management.azure.com/subscriptions/1dfbd0ca-8f09-4063-8b4d-85ca8f8a383b/operationresults/eyJqb2JJZCI6IlJFU09VUkNFR1JPVVBERUxFVElPTkpPQi1QUzIxODYtV0VTVFVTIiwiam9iTG9jYXRpb24iOiJ3ZXN0dXMifQ?api-version=2016-09-01"
>>>>>>> d78b04a5306127f583235b13752c48d4f7d1289a
        ],
        "Retry-After": [
          "15"
        ],
        "x-ms-ratelimit-remaining-subscription-reads": [
<<<<<<< HEAD
          "11996"
        ],
        "x-ms-request-id": [
          "5a83e6b1-10b0-409e-ab14-ea3e71132ccc"
        ],
        "x-ms-correlation-request-id": [
          "5a83e6b1-10b0-409e-ab14-ea3e71132ccc"
        ],
        "x-ms-routing-request-id": [
          "WESTUS:20190703T184317Z:5a83e6b1-10b0-409e-ab14-ea3e71132ccc"
=======
          "11987"
        ],
        "x-ms-request-id": [
          "50831960-0f1d-4c07-bf92-834e023dbebd"
        ],
        "x-ms-correlation-request-id": [
          "50831960-0f1d-4c07-bf92-834e023dbebd"
        ],
        "x-ms-routing-request-id": [
          "WESTUS:20200623T071522Z:50831960-0f1d-4c07-bf92-834e023dbebd"
>>>>>>> d78b04a5306127f583235b13752c48d4f7d1289a
        ],
        "Strict-Transport-Security": [
          "max-age=31536000; includeSubDomains"
        ],
        "X-Content-Type-Options": [
          "nosniff"
        ],
        "Date": [
<<<<<<< HEAD
          "Wed, 03 Jul 2019 18:43:16 GMT"
=======
          "Tue, 23 Jun 2020 07:15:22 GMT"
>>>>>>> d78b04a5306127f583235b13752c48d4f7d1289a
        ],
        "Expires": [
          "-1"
        ],
        "Content-Length": [
          "0"
        ]
      },
      "ResponseBody": "",
      "StatusCode": 202
    },
    {
<<<<<<< HEAD
      "RequestUri": "/subscriptions/7b96cb02-4663-40f4-9a89-603d3849e46a/operationresults/eyJqb2JJZCI6IlJFU09VUkNFR1JPVVBERUxFVElPTkpPQi1QUzcxNzQtV0VTVFVTIiwiam9iTG9jYXRpb24iOiJ3ZXN0dXMifQ?api-version=2016-09-01",
      "EncodedRequestUri": "L3N1YnNjcmlwdGlvbnMvN2I5NmNiMDItNDY2My00MGY0LTlhODktNjAzZDM4NDllNDZhL29wZXJhdGlvbnJlc3VsdHMvZXlKcWIySkpaQ0k2SWxKRlUwOVZVa05GUjFKUFZWQkVSVXhGVkVsUFRrcFBRaTFRVXpjeE56UXRWMFZUVkZWVElpd2lhbTlpVEc5allYUnBiMjRpT2lKM1pYTjBkWE1pZlE/YXBpLXZlcnNpb249MjAxNi0wOS0wMQ==",
=======
      "RequestUri": "/subscriptions/1dfbd0ca-8f09-4063-8b4d-85ca8f8a383b/operationresults/eyJqb2JJZCI6IlJFU09VUkNFR1JPVVBERUxFVElPTkpPQi1QUzIxODYtV0VTVFVTIiwiam9iTG9jYXRpb24iOiJ3ZXN0dXMifQ?api-version=2016-09-01",
      "EncodedRequestUri": "L3N1YnNjcmlwdGlvbnMvMWRmYmQwY2EtOGYwOS00MDYzLThiNGQtODVjYThmOGEzODNiL29wZXJhdGlvbnJlc3VsdHMvZXlKcWIySkpaQ0k2SWxKRlUwOVZVa05GUjFKUFZWQkVSVXhGVkVsUFRrcFBRaTFRVXpJeE9EWXRWMFZUVkZWVElpd2lhbTlpVEc5allYUnBiMjRpT2lKM1pYTjBkWE1pZlE/YXBpLXZlcnNpb249MjAxNi0wOS0wMQ==",
>>>>>>> d78b04a5306127f583235b13752c48d4f7d1289a
      "RequestMethod": "GET",
      "RequestBody": "",
      "RequestHeaders": {
        "User-Agent": [
<<<<<<< HEAD
          "FxVersion/4.6.27617.04",
          "OSName/Windows",
          "OSVersion/Microsoft.Windows.10.0.14393.",
          "Microsoft.Azure.Management.Internal.Resources.ResourceManagementClient/1.3.0"
=======
          "FxVersion/4.6.28207.03",
          "OSName/Windows",
          "OSVersion/Microsoft.Windows.10.0.14393.",
          "Microsoft.Azure.Management.Internal.Resources.ResourceManagementClient/1.3.16"
>>>>>>> d78b04a5306127f583235b13752c48d4f7d1289a
        ]
      },
      "ResponseHeaders": {
        "Cache-Control": [
          "no-cache"
        ],
        "Pragma": [
          "no-cache"
        ],
        "x-ms-ratelimit-remaining-subscription-reads": [
<<<<<<< HEAD
          "11995"
        ],
        "x-ms-request-id": [
          "9ad9dc9d-f0bc-4e24-89b0-ce25295f3bd1"
        ],
        "x-ms-correlation-request-id": [
          "9ad9dc9d-f0bc-4e24-89b0-ce25295f3bd1"
        ],
        "x-ms-routing-request-id": [
          "WESTUS:20190703T184332Z:9ad9dc9d-f0bc-4e24-89b0-ce25295f3bd1"
=======
          "11986"
        ],
        "x-ms-request-id": [
          "bd08e9ab-dfda-4072-8d87-29ddb3fce859"
        ],
        "x-ms-correlation-request-id": [
          "bd08e9ab-dfda-4072-8d87-29ddb3fce859"
        ],
        "x-ms-routing-request-id": [
          "WESTUS:20200623T071537Z:bd08e9ab-dfda-4072-8d87-29ddb3fce859"
>>>>>>> d78b04a5306127f583235b13752c48d4f7d1289a
        ],
        "Strict-Transport-Security": [
          "max-age=31536000; includeSubDomains"
        ],
        "X-Content-Type-Options": [
          "nosniff"
        ],
        "Date": [
<<<<<<< HEAD
          "Wed, 03 Jul 2019 18:43:31 GMT"
=======
          "Tue, 23 Jun 2020 07:15:37 GMT"
>>>>>>> d78b04a5306127f583235b13752c48d4f7d1289a
        ],
        "Expires": [
          "-1"
        ],
        "Content-Length": [
          "0"
        ]
      },
      "ResponseBody": "",
      "StatusCode": 200
    },
    {
<<<<<<< HEAD
      "RequestUri": "/subscriptions/7b96cb02-4663-40f4-9a89-603d3849e46a/operationresults/eyJqb2JJZCI6IlJFU09VUkNFR1JPVVBERUxFVElPTkpPQi1QUzcxNzQtV0VTVFVTIiwiam9iTG9jYXRpb24iOiJ3ZXN0dXMifQ?api-version=2016-09-01",
      "EncodedRequestUri": "L3N1YnNjcmlwdGlvbnMvN2I5NmNiMDItNDY2My00MGY0LTlhODktNjAzZDM4NDllNDZhL29wZXJhdGlvbnJlc3VsdHMvZXlKcWIySkpaQ0k2SWxKRlUwOVZVa05GUjFKUFZWQkVSVXhGVkVsUFRrcFBRaTFRVXpjeE56UXRWMFZUVkZWVElpd2lhbTlpVEc5allYUnBiMjRpT2lKM1pYTjBkWE1pZlE/YXBpLXZlcnNpb249MjAxNi0wOS0wMQ==",
=======
      "RequestUri": "/subscriptions/1dfbd0ca-8f09-4063-8b4d-85ca8f8a383b/operationresults/eyJqb2JJZCI6IlJFU09VUkNFR1JPVVBERUxFVElPTkpPQi1QUzIxODYtV0VTVFVTIiwiam9iTG9jYXRpb24iOiJ3ZXN0dXMifQ?api-version=2016-09-01",
      "EncodedRequestUri": "L3N1YnNjcmlwdGlvbnMvMWRmYmQwY2EtOGYwOS00MDYzLThiNGQtODVjYThmOGEzODNiL29wZXJhdGlvbnJlc3VsdHMvZXlKcWIySkpaQ0k2SWxKRlUwOVZVa05GUjFKUFZWQkVSVXhGVkVsUFRrcFBRaTFRVXpJeE9EWXRWMFZUVkZWVElpd2lhbTlpVEc5allYUnBiMjRpT2lKM1pYTjBkWE1pZlE/YXBpLXZlcnNpb249MjAxNi0wOS0wMQ==",
>>>>>>> d78b04a5306127f583235b13752c48d4f7d1289a
      "RequestMethod": "GET",
      "RequestBody": "",
      "RequestHeaders": {
        "User-Agent": [
<<<<<<< HEAD
          "FxVersion/4.6.27617.04",
          "OSName/Windows",
          "OSVersion/Microsoft.Windows.10.0.14393.",
          "Microsoft.Azure.Management.Internal.Resources.ResourceManagementClient/1.3.0"
=======
          "FxVersion/4.6.28207.03",
          "OSName/Windows",
          "OSVersion/Microsoft.Windows.10.0.14393.",
          "Microsoft.Azure.Management.Internal.Resources.ResourceManagementClient/1.3.16"
>>>>>>> d78b04a5306127f583235b13752c48d4f7d1289a
        ]
      },
      "ResponseHeaders": {
        "Cache-Control": [
          "no-cache"
        ],
        "Pragma": [
          "no-cache"
        ],
        "x-ms-ratelimit-remaining-subscription-reads": [
<<<<<<< HEAD
          "11994"
        ],
        "x-ms-request-id": [
          "3eecd5a2-7cb7-450d-ace3-a6db0c1b2f6a"
        ],
        "x-ms-correlation-request-id": [
          "3eecd5a2-7cb7-450d-ace3-a6db0c1b2f6a"
        ],
        "x-ms-routing-request-id": [
          "WESTUS:20190703T184332Z:3eecd5a2-7cb7-450d-ace3-a6db0c1b2f6a"
=======
          "11985"
        ],
        "x-ms-request-id": [
          "5f1fea7a-727b-4bf2-be10-774afaedbb7b"
        ],
        "x-ms-correlation-request-id": [
          "5f1fea7a-727b-4bf2-be10-774afaedbb7b"
        ],
        "x-ms-routing-request-id": [
          "WESTUS:20200623T071537Z:5f1fea7a-727b-4bf2-be10-774afaedbb7b"
>>>>>>> d78b04a5306127f583235b13752c48d4f7d1289a
        ],
        "Strict-Transport-Security": [
          "max-age=31536000; includeSubDomains"
        ],
        "X-Content-Type-Options": [
          "nosniff"
        ],
        "Date": [
<<<<<<< HEAD
          "Wed, 03 Jul 2019 18:43:31 GMT"
=======
          "Tue, 23 Jun 2020 07:15:37 GMT"
>>>>>>> d78b04a5306127f583235b13752c48d4f7d1289a
        ],
        "Expires": [
          "-1"
        ],
        "Content-Length": [
          "0"
        ]
      },
      "ResponseBody": "",
      "StatusCode": 200
    }
  ],
  "Names": {
    "Test-GetSyncGroupParentResourceId": [
<<<<<<< HEAD
      "ps7174",
      "ps3946",
      "ps826"
    ]
  },
  "Variables": {
    "SubscriptionId": "7b96cb02-4663-40f4-9a89-603d3849e46a",
    "TenantId": "0483643a-cb2f-462a-bc27-1a270e5bdc0a",
=======
      "ps2186",
      "ps3113",
      "ps7955"
    ]
  },
  "Variables": {
    "SubscriptionId": "1dfbd0ca-8f09-4063-8b4d-85ca8f8a383b",
    "TenantId": "6ad91d65-65ab-4e14-90f7-fe951035b7c9",
>>>>>>> d78b04a5306127f583235b13752c48d4f7d1289a
    "Domain": ""
  }
}