{
  "Get-AzWebPubSubKey+[NoContext]+List+$POST+https://management.azure.com/subscriptions/0e745469-49f8-48c9-873b-24ca87143db1/resourceGroups/azwps-test-rg2/providers/Microsoft.SignalRService/WebPubSub/azwps-1/listKeys?api-version=2022-08-01-preview+1": {
    "Request": {
      "Method": "POST",
      "RequestUri": "https://management.azure.com/subscriptions/0e745469-49f8-48c9-873b-24ca87143db1/resourceGroups/azwps-test-rg2/providers/Microsoft.SignalRService/WebPubSub/azwps-1/listKeys?api-version=2022-08-01-preview",
      "Content": null,
      "isContentBase64": false,
      "Headers": {
        "x-ms-unique-id": [ "27" ],
        "x-ms-client-request-id": [ "ceb64765-9161-40b3-8dde-df176db84a80" ],
        "CommandName": [ "Get-AzWebPubSubKey" ],
        "FullCommandName": [ "Get-AzWebPubSubKey_List" ],
        "ParameterSetName": [ "__AllParameterSets" ],
        "User-Agent": [ "AzurePowershell/v0.0.0", "PSVersion/v7.5.4", "Az.SignalR/2.2.0" ],
        "Authorization": [ "[Filtered]" ]
      },
      "ContentHeaders": {
      }
    },
    "Response": {
      "StatusCode": 200,
      "Headers": {
        "Cache-Control": [ "no-cache" ],
        "Pragma": [ "no-cache" ],
        "Strict-Transport-Security": [ "max-age=31536000; includeSubDomains" ],
        "X-Content-Type-Options": [ "nosniff" ],
        "x-ms-client-request-id": [ "ceb64765-9161-40b3-8dde-df176db84a80" ],
        "x-rp-server-mvid": [ "420fb398-3c19-4929-a9ce-d7d5ca0c0ebe" ],
        "x-ms-request-id": [ "104cdaef-c5c6-4f49-9596-abfe4d7876ff" ],
        "x-ms-operation-identifier": [ "tenantId=213e87ed-8e08-4eb4-a63c-c073058f7b00,objectId=6f20525e-bd2b-4c30-bd2a-c1b766142389/eastus/7309114e-11b9-4053-b1e0-11d28d5e803b" ],
        "x-ms-ratelimit-remaining-subscription-writes": [ "199" ],
        "x-ms-ratelimit-remaining-subscription-global-writes": [ "2999" ],
        "x-ms-correlation-request-id": [ "5518bd2a-7be2-4e12-adcb-1e08c3db8d76" ],
        "x-ms-routing-request-id": [ "EASTUS:20251105T061155Z:5518bd2a-7be2-4e12-adcb-1e08c3db8d76" ],
        "X-Cache": [ "CONFIG_NOCACHE" ],
        "X-MSEdge-Ref": [ "Ref A: 53E0F772495E4050AE89E459484AE2BF Ref B: TYO201100114049 Ref C: 2025-11-05T06:11:55Z" ],
        "Date": [ "Wed, 05 Nov 2025 06:11:55 GMT" ]
      },
      "ContentHeaders": {
        "Content-Length": [ "567" ],
        "Content-Type": [ "application/json; charset=utf-8" ],
        "Expires": [ "-1" ]
      },
      "Content": "{\"primaryKey\":\"*****\",\"secondaryKey\":\"*****\",\"primaryConnectionString\":\"Endpoint=https://azwps-1.webpubsub.azure.com;AccessKey=*****;Version=1.0;\",\"secondaryConnectionString\":\"Endpoint=https://azwps-1.webpubsub.azure.com;AccessKey=*****;Version=1.0;\"}",
      "isContentBase64": false
    }
  },
  "Get-AzWebPubSubKey+[NoContext]+ListViaIdentity+$GET+https://management.azure.com/subscriptions/0e745469-49f8-48c9-873b-24ca87143db1/resourceGroups/azwps-test-rg2/providers/Microsoft.SignalRService/WebPubSub/azwps-1?api-version=2022-08-01-preview+1": {
    "Request": {
      "Method": "GET",
      "RequestUri": "https://management.azure.com/subscriptions/0e745469-49f8-48c9-873b-24ca87143db1/resourceGroups/azwps-test-rg2/providers/Microsoft.SignalRService/WebPubSub/azwps-1?api-version=2022-08-01-preview",
      "Content": null,
      "isContentBase64": false,
      "Headers": {
        "x-ms-unique-id": [ "28" ],
        "x-ms-client-request-id": [ "32582c47-3a70-44e8-a756-6788f8075459" ],
        "CommandName": [ "Get-AzWebPubSub" ],
        "FullCommandName": [ "Get-AzWebPubSub_Get" ],
        "ParameterSetName": [ "__AllParameterSets" ],
        "User-Agent": [ "AzurePowershell/v0.0.0", "PSVersion/v7.5.4", "Az.SignalR/2.2.0" ],
        "Authorization": [ "[Filtered]" ]
      },
      "ContentHeaders": {
      }
    },
    "Response": {
      "StatusCode": 200,
      "Headers": {
        "Cache-Control": [ "no-cache" ],
        "Pragma": [ "no-cache" ],
        "Strict-Transport-Security": [ "max-age=31536000; includeSubDomains" ],
        "X-Content-Type-Options": [ "nosniff" ],
        "x-ms-client-request-id": [ "32582c47-3a70-44e8-a756-6788f8075459" ],
        "x-rp-server-mvid": [ "420fb398-3c19-4929-a9ce-d7d5ca0c0ebe" ],
        "x-ms-request-id": [ "9dd25cd2-1d04-463a-b305-bb893cb3c7af" ],
        "x-ms-ratelimit-remaining-subscription-reads": [ "246" ],
        "x-ms-ratelimit-remaining-subscription-global-reads": [ "3746" ],
        "x-ms-correlation-request-id": [ "7b5b9de6-d5e3-4ae5-8eb2-f638b97adec0" ],
        "x-ms-routing-request-id": [ "EASTUS:20251105T061155Z:7b5b9de6-d5e3-4ae5-8eb2-f638b97adec0" ],
        "X-Cache": [ "CONFIG_NOCACHE" ],
        "X-MSEdge-Ref": [ "Ref A: 8AF5AD69270B4055BC670AC53E888EFC Ref B: TYO201100114049 Ref C: 2025-11-05T06:11:55Z" ],
        "Date": [ "Wed, 05 Nov 2025 06:11:55 GMT" ]
      },
      "ContentHeaders": {
        "Content-Length": [ "1135" ],
        "Content-Type": [ "application/json; charset=utf-8" ],
        "Expires": [ "-1" ]
      },
      "Content": "{\"sku\":{\"name\":\"Standard_S1\",\"tier\":\"Standard\",\"size\":\"S1\",\"capacity\":1},\"properties\":{\"provisioningState\":\"Succeeded\",\"externalIP\":\"20.62.134.176\",\"hostName\":\"azwps-1.webpubsub.azure.com\",\"publicPort\":443,\"serverPort\":443,\"version\":\"1.0\",\"privateEndpointConnections\":[],\"sharedPrivateLinkResources\":[],\"tls\":{\"clientCertEnabled\":false},\"hostNamePrefix\":\"azwps-1\",\"liveTraceConfiguration\":null,\"resourceLogConfiguration\":null,\"networkACLs\":{\"defaultAction\":\"Deny\",\"publicNetwork\":{\"allow\":[\"ServerConnection\",\"ClientConnection\",\"RESTAPI\",\"Trace\"],\"deny\":null},\"privateEndpoints\":[]},\"publicNetworkAccess\":\"Enabled\",\"disableLocalAuth\":false,\"disableAadAuth\":false},\"location\":\"eastus\",\"tags\":null,\"id\":\"/subscriptions/0e745469-49f8-48c9-873b-24ca87143db1/resourceGroups/azwps-test-rg2/providers/Microsoft.SignalRService/WebPubSub/azwps-1\",\"name\":\"azwps-1\",\"type\":\"Microsoft.SignalRService/WebPubSub\",\"systemData\":{\"createdBy\":\"v-jinpel@microsoft.com\",\"createdByType\":\"User\",\"createdAt\":\"2025-11-05T06:09:06.6638596Z\",\"lastModifiedBy\":\"v-jinpel@microsoft.com\",\"lastModifiedByType\":\"User\",\"lastModifiedAt\":\"2025-11-05T06:09:06.6638596Z\"}}",
      "isContentBase64": false
    }
  },
  "Get-AzWebPubSubKey+[NoContext]+ListViaIdentity+$POST+https://management.azure.com/subscriptions/0e745469-49f8-48c9-873b-24ca87143db1/resourceGroups/azwps-test-rg2/providers/Microsoft.SignalRService/WebPubSub/azwps-1/listKeys?api-version=2022-08-01-preview+2": {
    "Request": {
      "Method": "POST",
      "RequestUri": "https://management.azure.com/subscriptions/0e745469-49f8-48c9-873b-24ca87143db1/resourceGroups/azwps-test-rg2/providers/Microsoft.SignalRService/WebPubSub/azwps-1/listKeys?api-version=2022-08-01-preview",
      "Content": null,
      "isContentBase64": false,
      "Headers": {
        "x-ms-unique-id": [ "29" ],
        "x-ms-client-request-id": [ "1db0a92f-a26d-467f-9f93-ae7f796c840a" ],
        "CommandName": [ "Az.SignalR\\Get-AzWebPubSubKey" ],
        "FullCommandName": [ "Get-AzWebPubSubKey_List" ],
        "ParameterSetName": [ "__AllParameterSets" ],
        "User-Agent": [ "AzurePowershell/v0.0.0", "PSVersion/v7.5.4", "Az.SignalR/2.2.0" ],
        "Authorization": [ "[Filtered]" ]
      },
      "ContentHeaders": {
      }
    },
    "Response": {
      "StatusCode": 200,
      "Headers": {
        "Cache-Control": [ "no-cache" ],
        "Pragma": [ "no-cache" ],
        "Strict-Transport-Security": [ "max-age=31536000; includeSubDomains" ],
        "X-Content-Type-Options": [ "nosniff" ],
        "x-ms-client-request-id": [ "1db0a92f-a26d-467f-9f93-ae7f796c840a" ],
        "x-rp-server-mvid": [ "420fb398-3c19-4929-a9ce-d7d5ca0c0ebe" ],
        "x-ms-request-id": [ "2cf700a0-0bf4-462b-bf95-439954ea239d" ],
        "x-ms-operation-identifier": [ "tenantId=213e87ed-8e08-4eb4-a63c-c073058f7b00,objectId=6f20525e-bd2b-4c30-bd2a-c1b766142389/eastus/1073523e-ca14-4529-8057-97da54b1161c" ],
        "x-ms-ratelimit-remaining-subscription-writes": [ "199" ],
        "x-ms-ratelimit-remaining-subscription-global-writes": [ "2999" ],
        "x-ms-correlation-request-id": [ "ea9510db-18db-486b-b574-702db6c62593" ],
        "x-ms-routing-request-id": [ "EASTUS:20251105T061156Z:ea9510db-18db-486b-b574-702db6c62593" ],
        "X-Cache": [ "CONFIG_NOCACHE" ],
        "X-MSEdge-Ref": [ "Ref A: CCD5D0ADB5A545EA82BD2F1FFDB0164A Ref B: TYO201100114049 Ref C: 2025-11-05T06:11:55Z" ],
        "Date": [ "Wed, 05 Nov 2025 06:11:56 GMT" ]
      },
      "ContentHeaders": {
        "Content-Length": [ "567" ],
        "Content-Type": [ "application/json; charset=utf-8" ],
        "Expires": [ "-1" ]
      },
      "Content": "{\"primaryKey\":\"*****\",\"secondaryKey\":\"*****\",\"primaryConnectionString\":\"Endpoint=https://azwps-1.webpubsub.azure.com;AccessKey=*****;Version=1.0;\",\"secondaryConnectionString\":\"Endpoint=https://azwps-1.webpubsub.azure.com;AccessKey=*****;Version=1.0;\"}",
      "isContentBase64": false
    }
  }
}