{
  "Entries": [
    {
      "RequestUri": "/subscriptions/a200340d-6b82-494d-9dbf-687ba6e33f9e/resourceGroups/powershelltest/providers/Microsoft.ApiManagement/service/powershellsdkservice/apis?api-version=2019-12-01",
      "EncodedRequestUri": "L3N1YnNjcmlwdGlvbnMvYTIwMDM0MGQtNmI4Mi00OTRkLTlkYmYtNjg3YmE2ZTMzZjllL3Jlc291cmNlR3JvdXBzL3Bvd2Vyc2hlbGx0ZXN0L3Byb3ZpZGVycy9NaWNyb3NvZnQuQXBpTWFuYWdlbWVudC9zZXJ2aWNlL3Bvd2Vyc2hlbGxzZGtzZXJ2aWNlL2FwaXM/YXBpLXZlcnNpb249MjAxOS0xMi0wMQ==",
      "RequestMethod": "GET",
      "RequestBody": "",
      "RequestHeaders": {
        "x-ms-client-request-id": [
          "ccfb288b-6ec6-4ea8-89f8-66caa9b56192"
        ],
        "Accept-Language": [
          "en-US"
        ],
        "User-Agent": [
          "FxVersion/4.6.27817.03",
          "OSName/Windows",
          "OSVersion/Microsoft.Windows.10.0.18363.",
          "Microsoft.Azure.Management.ApiManagement.ApiManagementClient/5.0.0.0"
        ]
      },
      "ResponseHeaders": {
        "Cache-Control": [
          "no-cache"
        ],
        "Pragma": [
          "no-cache"
        ],
        "Strict-Transport-Security": [
          "max-age=31536000; includeSubDomains"
        ],
        "x-ms-request-id": [
          "b9f31f93-29c4-440f-ab1c-e0a155303ef9"
        ],
        "Server": [
          "Microsoft-HTTPAPI/2.0"
        ],
        "x-ms-ratelimit-remaining-subscription-reads": [
          "11999"
        ],
        "x-ms-correlation-request-id": [
          "9f6d8384-9260-4995-8654-07fd4bedf936"
        ],
        "x-ms-routing-request-id": [
          "WESTUS:20200408T212206Z:9f6d8384-9260-4995-8654-07fd4bedf936"
        ],
        "X-Content-Type-Options": [
          "nosniff"
        ],
        "Date": [
          "Wed, 08 Apr 2020 21:22:06 GMT"
        ],
        "Content-Length": [
          "729"
        ],
        "Content-Type": [
          "application/json; charset=utf-8"
        ],
        "Expires": [
          "-1"
        ]
      },
      "ResponseBody": "{\r\n  \"value\": [\r\n    {\r\n      \"id\": \"/subscriptions/a200340d-6b82-494d-9dbf-687ba6e33f9e/resourceGroups/powershelltest/providers/Microsoft.ApiManagement/service/powershellsdkservice/apis/echo-api\",\r\n      \"type\": \"Microsoft.ApiManagement/service/apis\",\r\n      \"name\": \"echo-api\",\r\n      \"properties\": {\r\n        \"displayName\": \"Echo API\",\r\n        \"apiRevision\": \"1\",\r\n        \"description\": null,\r\n        \"subscriptionRequired\": true,\r\n        \"serviceUrl\": \"http://echoapi.cloudapp.net/api\",\r\n        \"path\": \"echo\",\r\n        \"protocols\": [\r\n          \"https\"\r\n        ],\r\n        \"authenticationSettings\": null,\r\n        \"subscriptionKeyParameterNames\": null,\r\n        \"isCurrent\": true\r\n      }\r\n    }\r\n  ],\r\n  \"count\": 1\r\n}",
      "StatusCode": 200
    },
    {
      "RequestUri": "/subscriptions/a200340d-6b82-494d-9dbf-687ba6e33f9e/resourceGroups/powershelltest/providers/Microsoft.ApiManagement/service/powershellsdkservice/apis/echo-api/diagnostics?api-version=2019-12-01",
      "EncodedRequestUri": "L3N1YnNjcmlwdGlvbnMvYTIwMDM0MGQtNmI4Mi00OTRkLTlkYmYtNjg3YmE2ZTMzZjllL3Jlc291cmNlR3JvdXBzL3Bvd2Vyc2hlbGx0ZXN0L3Byb3ZpZGVycy9NaWNyb3NvZnQuQXBpTWFuYWdlbWVudC9zZXJ2aWNlL3Bvd2Vyc2hlbGxzZGtzZXJ2aWNlL2FwaXMvZWNoby1hcGkvZGlhZ25vc3RpY3M/YXBpLXZlcnNpb249MjAxOS0xMi0wMQ==",
      "RequestMethod": "GET",
      "RequestBody": "",
      "RequestHeaders": {
        "x-ms-client-request-id": [
          "5a1525fe-4946-498d-8acf-004572a6847a"
        ],
        "Accept-Language": [
          "en-US"
        ],
        "User-Agent": [
          "FxVersion/4.6.27817.03",
          "OSName/Windows",
          "OSVersion/Microsoft.Windows.10.0.18363.",
          "Microsoft.Azure.Management.ApiManagement.ApiManagementClient/5.0.0.0"
        ]
      },
      "ResponseHeaders": {
        "Cache-Control": [
          "no-cache"
        ],
        "Pragma": [
          "no-cache"
        ],
        "Strict-Transport-Security": [
          "max-age=31536000; includeSubDomains"
        ],
        "x-ms-request-id": [
          "7de70c38-0d87-4694-a94c-421144a1e541"
        ],
        "Server": [
          "Microsoft-HTTPAPI/2.0"
        ],
        "x-ms-ratelimit-remaining-subscription-reads": [
          "11998"
        ],
        "x-ms-correlation-request-id": [
          "91a0f431-dcec-4d0d-a04b-a2798441aa3f"
        ],
        "x-ms-routing-request-id": [
          "WESTUS:20200408T212206Z:91a0f431-dcec-4d0d-a04b-a2798441aa3f"
        ],
        "X-Content-Type-Options": [
          "nosniff"
        ],
        "Date": [
          "Wed, 08 Apr 2020 21:22:06 GMT"
        ],
        "Content-Length": [
          "34"
        ],
        "Content-Type": [
          "application/json; charset=utf-8"
        ],
        "Expires": [
          "-1"
        ]
      },
      "ResponseBody": "{\r\n  \"value\": [],\r\n  \"count\": 0\r\n}",
      "StatusCode": 200
    },
    {
      "RequestUri": "/subscriptions/a200340d-6b82-494d-9dbf-687ba6e33f9e/resourceGroups/powershelltest/providers/Microsoft.ApiManagement/service/powershellsdkservice/apis/echo-api/diagnostics?api-version=2019-12-01",
      "EncodedRequestUri": "L3N1YnNjcmlwdGlvbnMvYTIwMDM0MGQtNmI4Mi00OTRkLTlkYmYtNjg3YmE2ZTMzZjllL3Jlc291cmNlR3JvdXBzL3Bvd2Vyc2hlbGx0ZXN0L3Byb3ZpZGVycy9NaWNyb3NvZnQuQXBpTWFuYWdlbWVudC9zZXJ2aWNlL3Bvd2Vyc2hlbGxzZGtzZXJ2aWNlL2FwaXMvZWNoby1hcGkvZGlhZ25vc3RpY3M/YXBpLXZlcnNpb249MjAxOS0xMi0wMQ==",
      "RequestMethod": "GET",
      "RequestBody": "",
      "RequestHeaders": {
        "x-ms-client-request-id": [
          "a461f336-06fc-428e-a5bb-a8db7f975826"
        ],
        "Accept-Language": [
          "en-US"
        ],
        "User-Agent": [
          "FxVersion/4.6.27817.03",
          "OSName/Windows",
          "OSVersion/Microsoft.Windows.10.0.18363.",
          "Microsoft.Azure.Management.ApiManagement.ApiManagementClient/5.0.0.0"
        ]
      },
      "ResponseHeaders": {
        "Cache-Control": [
          "no-cache"
        ],
        "Pragma": [
          "no-cache"
        ],
        "Strict-Transport-Security": [
          "max-age=31536000; includeSubDomains"
        ],
        "x-ms-request-id": [
          "fb7028c9-3fa4-44ff-95b5-2ee65e47dbcd"
        ],
        "Server": [
          "Microsoft-HTTPAPI/2.0"
        ],
        "x-ms-ratelimit-remaining-subscription-reads": [
          "11995"
        ],
        "x-ms-correlation-request-id": [
          "d55dcbb3-e655-4d3e-997b-16d3ebb3db3b"
        ],
        "x-ms-routing-request-id": [
          "WESTUS:20200408T212210Z:d55dcbb3-e655-4d3e-997b-16d3ebb3db3b"
        ],
        "X-Content-Type-Options": [
          "nosniff"
        ],
        "Date": [
          "Wed, 08 Apr 2020 21:22:10 GMT"
        ],
        "Content-Length": [
          "34"
        ],
        "Content-Type": [
          "application/json; charset=utf-8"
        ],
        "Expires": [
          "-1"
        ]
      },
      "ResponseBody": "{\r\n  \"value\": [],\r\n  \"count\": 0\r\n}",
      "StatusCode": 200
    },
    {
      "RequestUri": "/subscriptions/a200340d-6b82-494d-9dbf-687ba6e33f9e/resourceGroups/powershelltest/providers/Microsoft.ApiManagement/service/powershellsdkservice/loggers/ps1411?api-version=2019-12-01",
      "EncodedRequestUri": "L3N1YnNjcmlwdGlvbnMvYTIwMDM0MGQtNmI4Mi00OTRkLTlkYmYtNjg3YmE2ZTMzZjllL3Jlc291cmNlR3JvdXBzL3Bvd2Vyc2hlbGx0ZXN0L3Byb3ZpZGVycy9NaWNyb3NvZnQuQXBpTWFuYWdlbWVudC9zZXJ2aWNlL3Bvd2Vyc2hlbGxzZGtzZXJ2aWNlL2xvZ2dlcnMvcHMxNDExP2FwaS12ZXJzaW9uPTIwMTktMTItMDE=",
      "RequestMethod": "PUT",
      "RequestBody": "{\r\n  \"properties\": {\r\n    \"loggerType\": \"applicationInsights\",\r\n    \"description\": \"ps930\",\r\n    \"credentials\": {\r\n      \"instrumentationKey\": \"f80b4270-55eb-4855-ba8b-f52379e95593\"\r\n    },\r\n    \"isBuffered\": true\r\n  }\r\n}",
      "RequestHeaders": {
        "x-ms-client-request-id": [
          "51f718bc-9a03-4322-80f8-ca49144dc653"
        ],
        "Accept-Language": [
          "en-US"
        ],
        "User-Agent": [
          "FxVersion/4.6.27817.03",
          "OSName/Windows",
          "OSVersion/Microsoft.Windows.10.0.18363.",
          "Microsoft.Azure.Management.ApiManagement.ApiManagementClient/5.0.0.0"
        ],
        "Content-Type": [
          "application/json; charset=utf-8"
        ],
        "Content-Length": [
          "221"
        ]
      },
      "ResponseHeaders": {
        "Cache-Control": [
          "no-cache"
        ],
        "Pragma": [
          "no-cache"
        ],
        "ETag": [
          "\"AAAAAAAAKjc=\""
        ],
        "Strict-Transport-Security": [
          "max-age=31536000; includeSubDomains"
        ],
        "x-ms-request-id": [
          "9cf7765a-e52f-4b90-bc20-1030cfad2cde"
        ],
        "Server": [
          "Microsoft-HTTPAPI/2.0"
        ],
        "x-ms-ratelimit-remaining-subscription-writes": [
          "1199"
        ],
        "x-ms-correlation-request-id": [
          "4b7e1a18-025a-4b6c-90fd-65602a671547"
        ],
        "x-ms-routing-request-id": [
          "WESTUS:20200408T212209Z:4b7e1a18-025a-4b6c-90fd-65602a671547"
        ],
        "X-Content-Type-Options": [
          "nosniff"
        ],
        "Date": [
          "Wed, 08 Apr 2020 21:22:09 GMT"
        ],
        "Content-Length": [
          "504"
        ],
        "Content-Type": [
          "application/json; charset=utf-8"
        ],
        "Expires": [
          "-1"
        ]
      },
      "ResponseBody": "{\r\n  \"id\": \"/subscriptions/a200340d-6b82-494d-9dbf-687ba6e33f9e/resourceGroups/powershelltest/providers/Microsoft.ApiManagement/service/powershellsdkservice/loggers/ps1411\",\r\n  \"type\": \"Microsoft.ApiManagement/service/loggers\",\r\n  \"name\": \"ps1411\",\r\n  \"properties\": {\r\n    \"loggerType\": \"applicationInsights\",\r\n    \"description\": \"ps930\",\r\n    \"credentials\": {\r\n      \"instrumentationKey\": \"{{Logger-Credentials-5e8e40816f56470da8ba3dd2}}\"\r\n    },\r\n    \"isBuffered\": true,\r\n    \"resourceId\": null\r\n  }\r\n}",
      "StatusCode": 201
    },
    {
      "RequestUri": "/subscriptions/a200340d-6b82-494d-9dbf-687ba6e33f9e/resourceGroups/powershelltest/providers/Microsoft.ApiManagement/service/powershellsdkservice/apis/echo-api/diagnostics/applicationinsights?api-version=2019-12-01",
      "EncodedRequestUri": "L3N1YnNjcmlwdGlvbnMvYTIwMDM0MGQtNmI4Mi00OTRkLTlkYmYtNjg3YmE2ZTMzZjllL3Jlc291cmNlR3JvdXBzL3Bvd2Vyc2hlbGx0ZXN0L3Byb3ZpZGVycy9NaWNyb3NvZnQuQXBpTWFuYWdlbWVudC9zZXJ2aWNlL3Bvd2Vyc2hlbGxzZGtzZXJ2aWNlL2FwaXMvZWNoby1hcGkvZGlhZ25vc3RpY3MvYXBwbGljYXRpb25pbnNpZ2h0cz9hcGktdmVyc2lvbj0yMDE5LTEyLTAx",
      "RequestMethod": "PUT",
      "RequestBody": "{\r\n  \"properties\": {\r\n    \"alwaysLog\": \"allErrors\",\r\n    \"loggerId\": \"/loggers/ps1411\",\r\n    \"sampling\": {\r\n      \"samplingType\": \"fixed\",\r\n      \"percentage\": 100.0\r\n    },\r\n    \"frontend\": {\r\n      \"request\": {\r\n        \"headers\": [\r\n          \"Content-Type\",\r\n          \"UserAgent\"\r\n        ],\r\n        \"body\": {\r\n          \"bytes\": 100\r\n        }\r\n      },\r\n      \"response\": {\r\n        \"headers\": [\r\n          \"Content-Type\",\r\n          \"UserAgent\"\r\n        ],\r\n        \"body\": {\r\n          \"bytes\": 100\r\n        }\r\n      }\r\n    },\r\n    \"backend\": {\r\n      \"request\": {\r\n        \"headers\": [\r\n          \"Content-Type\",\r\n          \"UserAgent\"\r\n        ],\r\n        \"body\": {\r\n          \"bytes\": 100\r\n        }\r\n      },\r\n      \"response\": {\r\n        \"headers\": [\r\n          \"Content-Type\",\r\n          \"UserAgent\"\r\n        ],\r\n        \"body\": {\r\n          \"bytes\": 100\r\n        }\r\n      }\r\n    }\r\n  }\r\n}",
      "RequestHeaders": {
        "x-ms-client-request-id": [
          "f59c9e1b-da0f-4b95-9424-af51b26ec439"
        ],
        "Accept-Language": [
          "en-US"
        ],
        "User-Agent": [
          "FxVersion/4.6.27817.03",
          "OSName/Windows",
          "OSVersion/Microsoft.Windows.10.0.18363.",
          "Microsoft.Azure.Management.ApiManagement.ApiManagementClient/5.0.0.0"
        ],
        "Content-Type": [
          "application/json; charset=utf-8"
        ],
        "Content-Length": [
          "905"
        ]
      },
      "ResponseHeaders": {
        "Cache-Control": [
          "no-cache"
        ],
        "Pragma": [
          "no-cache"
        ],
        "ETag": [
          "\"AAAAAAAAKjk=\""
        ],
        "Strict-Transport-Security": [
          "max-age=31536000; includeSubDomains"
        ],
        "x-ms-request-id": [
          "f1dd45c4-8bb0-47f6-beaa-acd64f1b0500"
        ],
        "Server": [
          "Microsoft-HTTPAPI/2.0"
        ],
        "x-ms-ratelimit-remaining-subscription-writes": [
          "1198"
        ],
        "x-ms-correlation-request-id": [
          "d6a592e3-7cc6-42eb-9488-4b95858caedf"
        ],
        "x-ms-routing-request-id": [
          "WESTUS:20200408T212209Z:d6a592e3-7cc6-42eb-9488-4b95858caedf"
        ],
        "X-Content-Type-Options": [
          "nosniff"
        ],
        "Date": [
          "Wed, 08 Apr 2020 21:22:09 GMT"
        ],
        "Content-Length": [
          "1417"
        ],
        "Content-Type": [
          "application/json; charset=utf-8"
        ],
        "Expires": [
          "-1"
        ]
      },
      "ResponseBody": "{\r\n  \"id\": \"/subscriptions/a200340d-6b82-494d-9dbf-687ba6e33f9e/resourceGroups/powershelltest/providers/Microsoft.ApiManagement/service/powershellsdkservice/apis/echo-api/diagnostics/applicationinsights\",\r\n  \"type\": \"Microsoft.ApiManagement/service/apis/diagnostics\",\r\n  \"name\": \"applicationinsights\",\r\n  \"properties\": {\r\n    \"alwaysLog\": \"allErrors\",\r\n    \"httpCorrelationProtocol\": \"Legacy\",\r\n    \"logClientIp\": true,\r\n    \"loggerId\": \"/subscriptions/a200340d-6b82-494d-9dbf-687ba6e33f9e/resourceGroups/powershelltest/providers/Microsoft.ApiManagement/service/powershellsdkservice/loggers/ps1411\",\r\n    \"sampling\": {\r\n      \"samplingType\": \"fixed\",\r\n      \"percentage\": 100.0\r\n    },\r\n    \"frontend\": {\r\n      \"request\": {\r\n        \"headers\": [\r\n          \"Content-Type\",\r\n          \"UserAgent\"\r\n        ],\r\n        \"body\": {\r\n          \"bytes\": 100\r\n        }\r\n      },\r\n      \"response\": {\r\n        \"headers\": [\r\n          \"Content-Type\",\r\n          \"UserAgent\"\r\n        ],\r\n        \"body\": {\r\n          \"bytes\": 100\r\n        }\r\n      }\r\n    },\r\n    \"backend\": {\r\n      \"request\": {\r\n        \"headers\": [\r\n          \"Content-Type\",\r\n          \"UserAgent\"\r\n        ],\r\n        \"body\": {\r\n          \"bytes\": 100\r\n        }\r\n      },\r\n      \"response\": {\r\n        \"headers\": [\r\n          \"Content-Type\",\r\n          \"UserAgent\"\r\n        ],\r\n        \"body\": {\r\n          \"bytes\": 100\r\n        }\r\n      }\r\n    }\r\n  }\r\n}",
      "StatusCode": 201
    },
    {
      "RequestUri": "/subscriptions/a200340d-6b82-494d-9dbf-687ba6e33f9e/resourceGroups/powershelltest/providers/Microsoft.ApiManagement/service/powershellsdkservice/apis/echo-api/diagnostics/applicationinsights?api-version=2019-12-01",
      "EncodedRequestUri": "L3N1YnNjcmlwdGlvbnMvYTIwMDM0MGQtNmI4Mi00OTRkLTlkYmYtNjg3YmE2ZTMzZjllL3Jlc291cmNlR3JvdXBzL3Bvd2Vyc2hlbGx0ZXN0L3Byb3ZpZGVycy9NaWNyb3NvZnQuQXBpTWFuYWdlbWVudC9zZXJ2aWNlL3Bvd2Vyc2hlbGxzZGtzZXJ2aWNlL2FwaXMvZWNoby1hcGkvZGlhZ25vc3RpY3MvYXBwbGljYXRpb25pbnNpZ2h0cz9hcGktdmVyc2lvbj0yMDE5LTEyLTAx",
      "RequestMethod": "PUT",
      "RequestBody": "{\r\n  \"properties\": {\r\n    \"alwaysLog\": \"allErrors\",\r\n    \"loggerId\": \"/loggers/ps1411\",\r\n    \"sampling\": {\r\n      \"samplingType\": \"fixed\",\r\n      \"percentage\": 50.0\r\n    },\r\n    \"frontend\": {\r\n      \"request\": {\r\n        \"headers\": [\r\n          \"Content-Type\",\r\n          \"UserAgent\"\r\n        ],\r\n        \"body\": {\r\n          \"bytes\": 100\r\n        }\r\n      },\r\n      \"response\": {\r\n        \"headers\": [\r\n          \"Content-Type\",\r\n          \"UserAgent\"\r\n        ],\r\n        \"body\": {\r\n          \"bytes\": 100\r\n        }\r\n      }\r\n    }\r\n  }\r\n}",
      "RequestHeaders": {
        "x-ms-client-request-id": [
          "2efc500c-b994-4534-a935-181e7824d567"
        ],
        "If-Match": [
          "*"
        ],
        "Accept-Language": [
          "en-US"
        ],
        "User-Agent": [
          "FxVersion/4.6.27817.03",
          "OSName/Windows",
          "OSVersion/Microsoft.Windows.10.0.18363.",
          "Microsoft.Azure.Management.ApiManagement.ApiManagementClient/5.0.0.0"
        ],
        "Content-Type": [
          "application/json; charset=utf-8"
        ],
        "Content-Length": [
          "542"
        ]
      },
      "ResponseHeaders": {
        "Cache-Control": [
          "no-cache"
        ],
        "Pragma": [
          "no-cache"
        ],
        "ETag": [
          "\"AAAAAAAAKjw=\""
        ],
        "Strict-Transport-Security": [
          "max-age=31536000; includeSubDomains"
        ],
        "x-ms-request-id": [
          "b98ba248-54d2-4222-adba-08c44ce3751f"
        ],
        "Server": [
          "Microsoft-HTTPAPI/2.0"
        ],
        "x-ms-ratelimit-remaining-subscription-writes": [
          "1197"
        ],
        "x-ms-correlation-request-id": [
          "c0a92cca-60d3-4ae0-ac15-7a29c68746cf"
        ],
        "x-ms-routing-request-id": [
          "WESTUS:20200408T212210Z:c0a92cca-60d3-4ae0-ac15-7a29c68746cf"
        ],
        "X-Content-Type-Options": [
          "nosniff"
        ],
        "Date": [
          "Wed, 08 Apr 2020 21:22:09 GMT"
        ],
        "Content-Length": [
          "1076"
        ],
        "Content-Type": [
          "application/json; charset=utf-8"
        ],
        "Expires": [
          "-1"
        ]
      },
      "ResponseBody": "{\r\n  \"id\": \"/subscriptions/a200340d-6b82-494d-9dbf-687ba6e33f9e/resourceGroups/powershelltest/providers/Microsoft.ApiManagement/service/powershellsdkservice/apis/echo-api/diagnostics/applicationinsights\",\r\n  \"type\": \"Microsoft.ApiManagement/service/apis/diagnostics\",\r\n  \"name\": \"applicationinsights\",\r\n  \"properties\": {\r\n    \"alwaysLog\": \"allErrors\",\r\n    \"httpCorrelationProtocol\": \"Legacy\",\r\n    \"logClientIp\": true,\r\n    \"loggerId\": \"/subscriptions/a200340d-6b82-494d-9dbf-687ba6e33f9e/resourceGroups/powershelltest/providers/Microsoft.ApiManagement/service/powershellsdkservice/loggers/ps1411\",\r\n    \"sampling\": {\r\n      \"samplingType\": \"fixed\",\r\n      \"percentage\": 50.0\r\n    },\r\n    \"frontend\": {\r\n      \"request\": {\r\n        \"headers\": [\r\n          \"Content-Type\",\r\n          \"UserAgent\"\r\n        ],\r\n        \"body\": {\r\n          \"bytes\": 100\r\n        }\r\n      },\r\n      \"response\": {\r\n        \"headers\": [\r\n          \"Content-Type\",\r\n          \"UserAgent\"\r\n        ],\r\n        \"body\": {\r\n          \"bytes\": 100\r\n        }\r\n      }\r\n    },\r\n    \"backend\": null\r\n  }\r\n}",
      "StatusCode": 200
    },
    {
      "RequestUri": "/subscriptions/a200340d-6b82-494d-9dbf-687ba6e33f9e/resourceGroups/powershelltest/providers/Microsoft.ApiManagement/service/powershellsdkservice/apis/echo-api/diagnostics/applicationinsights?api-version=2019-12-01",
      "EncodedRequestUri": "L3N1YnNjcmlwdGlvbnMvYTIwMDM0MGQtNmI4Mi00OTRkLTlkYmYtNjg3YmE2ZTMzZjllL3Jlc291cmNlR3JvdXBzL3Bvd2Vyc2hlbGx0ZXN0L3Byb3ZpZGVycy9NaWNyb3NvZnQuQXBpTWFuYWdlbWVudC9zZXJ2aWNlL3Bvd2Vyc2hlbGxzZGtzZXJ2aWNlL2FwaXMvZWNoby1hcGkvZGlhZ25vc3RpY3MvYXBwbGljYXRpb25pbnNpZ2h0cz9hcGktdmVyc2lvbj0yMDE5LTEyLTAx",
      "RequestMethod": "GET",
      "RequestBody": "",
      "RequestHeaders": {
        "x-ms-client-request-id": [
          "80ff1ae2-e227-46b5-bf05-3e79fbdec7b4"
        ],
        "Accept-Language": [
          "en-US"
        ],
        "User-Agent": [
          "FxVersion/4.6.27817.03",
          "OSName/Windows",
          "OSVersion/Microsoft.Windows.10.0.18363.",
          "Microsoft.Azure.Management.ApiManagement.ApiManagementClient/5.0.0.0"
        ]
      },
      "ResponseHeaders": {
        "Cache-Control": [
          "no-cache"
        ],
        "Pragma": [
          "no-cache"
        ],
        "ETag": [
          "\"AAAAAAAAKjw=\""
        ],
        "Strict-Transport-Security": [
          "max-age=31536000; includeSubDomains"
        ],
        "x-ms-request-id": [
          "ccb29e73-64ec-4418-a41c-e93585d576d1"
        ],
        "Server": [
          "Microsoft-HTTPAPI/2.0"
        ],
        "x-ms-ratelimit-remaining-subscription-reads": [
          "11997"
        ],
        "x-ms-correlation-request-id": [
          "9766e138-f251-4f1e-b3f3-53835ab2eab8"
        ],
        "x-ms-routing-request-id": [
          "WESTUS:20200408T212210Z:9766e138-f251-4f1e-b3f3-53835ab2eab8"
        ],
        "X-Content-Type-Options": [
          "nosniff"
        ],
        "Date": [
          "Wed, 08 Apr 2020 21:22:10 GMT"
        ],
        "Content-Length": [
          "1076"
        ],
        "Content-Type": [
          "application/json; charset=utf-8"
        ],
        "Expires": [
          "-1"
        ]
      },
      "ResponseBody": "{\r\n  \"id\": \"/subscriptions/a200340d-6b82-494d-9dbf-687ba6e33f9e/resourceGroups/powershelltest/providers/Microsoft.ApiManagement/service/powershellsdkservice/apis/echo-api/diagnostics/applicationinsights\",\r\n  \"type\": \"Microsoft.ApiManagement/service/apis/diagnostics\",\r\n  \"name\": \"applicationinsights\",\r\n  \"properties\": {\r\n    \"alwaysLog\": \"allErrors\",\r\n    \"httpCorrelationProtocol\": \"Legacy\",\r\n    \"logClientIp\": true,\r\n    \"loggerId\": \"/subscriptions/a200340d-6b82-494d-9dbf-687ba6e33f9e/resourceGroups/powershelltest/providers/Microsoft.ApiManagement/service/powershellsdkservice/loggers/ps1411\",\r\n    \"sampling\": {\r\n      \"samplingType\": \"fixed\",\r\n      \"percentage\": 50.0\r\n    },\r\n    \"frontend\": {\r\n      \"request\": {\r\n        \"headers\": [\r\n          \"Content-Type\",\r\n          \"UserAgent\"\r\n        ],\r\n        \"body\": {\r\n          \"bytes\": 100\r\n        }\r\n      },\r\n      \"response\": {\r\n        \"headers\": [\r\n          \"Content-Type\",\r\n          \"UserAgent\"\r\n        ],\r\n        \"body\": {\r\n          \"bytes\": 100\r\n        }\r\n      }\r\n    },\r\n    \"backend\": null\r\n  }\r\n}",
      "StatusCode": 200
    },
    {
      "RequestUri": "/subscriptions/a200340d-6b82-494d-9dbf-687ba6e33f9e/resourceGroups/powershelltest/providers/Microsoft.ApiManagement/service/powershellsdkservice/apis/echo-api/diagnostics/applicationinsights?api-version=2019-12-01",
      "EncodedRequestUri": "L3N1YnNjcmlwdGlvbnMvYTIwMDM0MGQtNmI4Mi00OTRkLTlkYmYtNjg3YmE2ZTMzZjllL3Jlc291cmNlR3JvdXBzL3Bvd2Vyc2hlbGx0ZXN0L3Byb3ZpZGVycy9NaWNyb3NvZnQuQXBpTWFuYWdlbWVudC9zZXJ2aWNlL3Bvd2Vyc2hlbGxzZGtzZXJ2aWNlL2FwaXMvZWNoby1hcGkvZGlhZ25vc3RpY3MvYXBwbGljYXRpb25pbnNpZ2h0cz9hcGktdmVyc2lvbj0yMDE5LTEyLTAx",
      "RequestMethod": "GET",
      "RequestBody": "",
      "RequestHeaders": {
        "x-ms-client-request-id": [
          "45823983-80d2-43a1-b124-0c78cbd711e0"
        ],
        "Accept-Language": [
          "en-US"
        ],
        "User-Agent": [
          "FxVersion/4.6.27817.03",
          "OSName/Windows",
          "OSVersion/Microsoft.Windows.10.0.18363.",
          "Microsoft.Azure.Management.ApiManagement.ApiManagementClient/5.0.0.0"
        ]
      },
      "ResponseHeaders": {
        "Cache-Control": [
          "no-cache"
        ],
        "Pragma": [
          "no-cache"
        ],
        "ETag": [
          "\"AAAAAAAAKjw=\""
        ],
        "Strict-Transport-Security": [
          "max-age=31536000; includeSubDomains"
        ],
        "x-ms-request-id": [
          "78cf0640-f77a-4f06-9984-ffcb243eb62c"
        ],
        "Server": [
          "Microsoft-HTTPAPI/2.0"
        ],
        "x-ms-ratelimit-remaining-subscription-reads": [
          "11996"
        ],
        "x-ms-correlation-request-id": [
          "4d9ba3b0-10c3-43ea-812b-e954ae159b41"
        ],
        "x-ms-routing-request-id": [
          "WESTUS:20200408T212210Z:4d9ba3b0-10c3-43ea-812b-e954ae159b41"
        ],
        "X-Content-Type-Options": [
          "nosniff"
        ],
        "Date": [
          "Wed, 08 Apr 2020 21:22:10 GMT"
        ],
        "Content-Length": [
          "1076"
        ],
        "Content-Type": [
          "application/json; charset=utf-8"
        ],
        "Expires": [
          "-1"
        ]
      },
      "ResponseBody": "{\r\n  \"id\": \"/subscriptions/a200340d-6b82-494d-9dbf-687ba6e33f9e/resourceGroups/powershelltest/providers/Microsoft.ApiManagement/service/powershellsdkservice/apis/echo-api/diagnostics/applicationinsights\",\r\n  \"type\": \"Microsoft.ApiManagement/service/apis/diagnostics\",\r\n  \"name\": \"applicationinsights\",\r\n  \"properties\": {\r\n    \"alwaysLog\": \"allErrors\",\r\n    \"httpCorrelationProtocol\": \"Legacy\",\r\n    \"logClientIp\": true,\r\n    \"loggerId\": \"/subscriptions/a200340d-6b82-494d-9dbf-687ba6e33f9e/resourceGroups/powershelltest/providers/Microsoft.ApiManagement/service/powershellsdkservice/loggers/ps1411\",\r\n    \"sampling\": {\r\n      \"samplingType\": \"fixed\",\r\n      \"percentage\": 50.0\r\n    },\r\n    \"frontend\": {\r\n      \"request\": {\r\n        \"headers\": [\r\n          \"Content-Type\",\r\n          \"UserAgent\"\r\n        ],\r\n        \"body\": {\r\n          \"bytes\": 100\r\n        }\r\n      },\r\n      \"response\": {\r\n        \"headers\": [\r\n          \"Content-Type\",\r\n          \"UserAgent\"\r\n        ],\r\n        \"body\": {\r\n          \"bytes\": 100\r\n        }\r\n      }\r\n    },\r\n    \"backend\": null\r\n  }\r\n}",
      "StatusCode": 200
    },
    {
      "RequestUri": "/subscriptions/a200340d-6b82-494d-9dbf-687ba6e33f9e/resourceGroups/powershelltest/providers/Microsoft.ApiManagement/service/powershellsdkservice/apis/echo-api/diagnostics/applicationinsights?api-version=2019-12-01",
      "EncodedRequestUri": "L3N1YnNjcmlwdGlvbnMvYTIwMDM0MGQtNmI4Mi00OTRkLTlkYmYtNjg3YmE2ZTMzZjllL3Jlc291cmNlR3JvdXBzL3Bvd2Vyc2hlbGx0ZXN0L3Byb3ZpZGVycy9NaWNyb3NvZnQuQXBpTWFuYWdlbWVudC9zZXJ2aWNlL3Bvd2Vyc2hlbGxzZGtzZXJ2aWNlL2FwaXMvZWNoby1hcGkvZGlhZ25vc3RpY3MvYXBwbGljYXRpb25pbnNpZ2h0cz9hcGktdmVyc2lvbj0yMDE5LTEyLTAx",
      "RequestMethod": "DELETE",
      "RequestBody": "",
      "RequestHeaders": {
        "x-ms-client-request-id": [
          "ee38ae97-04c6-4a88-ab3d-418010216777"
        ],
        "If-Match": [
          "*"
        ],
        "Accept-Language": [
          "en-US"
        ],
        "User-Agent": [
          "FxVersion/4.6.27817.03",
          "OSName/Windows",
          "OSVersion/Microsoft.Windows.10.0.18363.",
          "Microsoft.Azure.Management.ApiManagement.ApiManagementClient/5.0.0.0"
        ]
      },
      "ResponseHeaders": {
        "Cache-Control": [
          "no-cache"
        ],
        "Pragma": [
          "no-cache"
        ],
        "Strict-Transport-Security": [
          "max-age=31536000; includeSubDomains"
        ],
        "x-ms-request-id": [
          "e33e4976-de40-4ab5-9058-23fd1a2d5116"
        ],
        "Server": [
          "Microsoft-HTTPAPI/2.0"
        ],
        "x-ms-ratelimit-remaining-subscription-deletes": [
          "14999"
        ],
        "x-ms-correlation-request-id": [
          "d1a4e3d3-ae47-4e2e-94e1-6de5ebd01176"
        ],
        "x-ms-routing-request-id": [
          "WESTUS:20200408T212210Z:d1a4e3d3-ae47-4e2e-94e1-6de5ebd01176"
        ],
        "X-Content-Type-Options": [
          "nosniff"
        ],
        "Date": [
          "Wed, 08 Apr 2020 21:22:10 GMT"
        ],
        "Expires": [
          "-1"
        ],
        "Content-Length": [
          "0"
        ]
      },
      "ResponseBody": "",
      "StatusCode": 200
    },
    {
      "RequestUri": "/subscriptions/a200340d-6b82-494d-9dbf-687ba6e33f9e/resourceGroups/powershelltest/providers/Microsoft.ApiManagement/service/powershellsdkservice/apis/echo-api/diagnostics/applicationinsights?api-version=2019-12-01",
      "EncodedRequestUri": "L3N1YnNjcmlwdGlvbnMvYTIwMDM0MGQtNmI4Mi00OTRkLTlkYmYtNjg3YmE2ZTMzZjllL3Jlc291cmNlR3JvdXBzL3Bvd2Vyc2hlbGx0ZXN0L3Byb3ZpZGVycy9NaWNyb3NvZnQuQXBpTWFuYWdlbWVudC9zZXJ2aWNlL3Bvd2Vyc2hlbGxzZGtzZXJ2aWNlL2FwaXMvZWNoby1hcGkvZGlhZ25vc3RpY3MvYXBwbGljYXRpb25pbnNpZ2h0cz9hcGktdmVyc2lvbj0yMDE5LTEyLTAx",
      "RequestMethod": "DELETE",
      "RequestBody": "",
      "RequestHeaders": {
        "x-ms-client-request-id": [
          "bd4f2f87-4a9e-4679-b3c9-0c79fd1b305c"
        ],
        "If-Match": [
          "*"
        ],
        "Accept-Language": [
          "en-US"
        ],
        "User-Agent": [
          "FxVersion/4.6.27817.03",
          "OSName/Windows",
          "OSVersion/Microsoft.Windows.10.0.18363.",
          "Microsoft.Azure.Management.ApiManagement.ApiManagementClient/5.0.0.0"
        ]
      },
      "ResponseHeaders": {
        "Cache-Control": [
          "no-cache"
        ],
        "Pragma": [
          "no-cache"
        ],
        "Strict-Transport-Security": [
          "max-age=31536000; includeSubDomains"
        ],
        "x-ms-request-id": [
          "98a643c7-e7c8-45d6-ae01-5a007ded29b7"
        ],
        "Server": [
          "Microsoft-HTTPAPI/2.0"
        ],
        "x-ms-ratelimit-remaining-subscription-deletes": [
          "14998"
        ],
        "x-ms-correlation-request-id": [
          "6e788c39-1b3f-4f69-879b-0d25983e24d3"
        ],
        "x-ms-routing-request-id": [
          "WESTUS:20200408T212210Z:6e788c39-1b3f-4f69-879b-0d25983e24d3"
        ],
        "X-Content-Type-Options": [
          "nosniff"
        ],
        "Date": [
          "Wed, 08 Apr 2020 21:22:10 GMT"
        ],
        "Expires": [
          "-1"
        ]
      },
      "ResponseBody": "",
      "StatusCode": 204
    },
    {
      "RequestUri": "/subscriptions/a200340d-6b82-494d-9dbf-687ba6e33f9e/resourceGroups/powershelltest/providers/Microsoft.ApiManagement/service/powershellsdkservice/loggers/ps1411?api-version=2019-12-01",
      "EncodedRequestUri": "L3N1YnNjcmlwdGlvbnMvYTIwMDM0MGQtNmI4Mi00OTRkLTlkYmYtNjg3YmE2ZTMzZjllL3Jlc291cmNlR3JvdXBzL3Bvd2Vyc2hlbGx0ZXN0L3Byb3ZpZGVycy9NaWNyb3NvZnQuQXBpTWFuYWdlbWVudC9zZXJ2aWNlL3Bvd2Vyc2hlbGxzZGtzZXJ2aWNlL2xvZ2dlcnMvcHMxNDExP2FwaS12ZXJzaW9uPTIwMTktMTItMDE=",
      "RequestMethod": "DELETE",
      "RequestBody": "",
      "RequestHeaders": {
        "x-ms-client-request-id": [
          "fb79c9d8-527a-45d8-b7b8-7944d78bd100"
        ],
        "If-Match": [
          "*"
        ],
        "Accept-Language": [
          "en-US"
        ],
        "User-Agent": [
          "FxVersion/4.6.27817.03",
          "OSName/Windows",
          "OSVersion/Microsoft.Windows.10.0.18363.",
          "Microsoft.Azure.Management.ApiManagement.ApiManagementClient/5.0.0.0"
        ]
      },
      "ResponseHeaders": {
        "Cache-Control": [
          "no-cache"
        ],
        "Pragma": [
          "no-cache"
        ],
        "Strict-Transport-Security": [
          "max-age=31536000; includeSubDomains"
        ],
        "x-ms-request-id": [
          "219edfef-d539-489e-b994-e01fa6ac50ba"
        ],
        "Server": [
          "Microsoft-HTTPAPI/2.0"
        ],
        "x-ms-ratelimit-remaining-subscription-deletes": [
          "14997"
        ],
        "x-ms-correlation-request-id": [
          "19982431-7f65-46cc-88bd-039831336334"
        ],
        "x-ms-routing-request-id": [
          "WESTUS:20200408T212210Z:19982431-7f65-46cc-88bd-039831336334"
        ],
        "X-Content-Type-Options": [
          "nosniff"
        ],
        "Date": [
          "Wed, 08 Apr 2020 21:22:10 GMT"
        ],
        "Expires": [
          "-1"
        ],
        "Content-Length": [
          "0"
        ]
      },
      "ResponseBody": "",
      "StatusCode": 200
    },
    {
      "RequestUri": "/subscriptions/a200340d-6b82-494d-9dbf-687ba6e33f9e/resourceGroups/powershelltest/providers/Microsoft.ApiManagement/service/powershellsdkservice/namedValues?api-version=2019-12-01",
      "EncodedRequestUri": "L3N1YnNjcmlwdGlvbnMvYTIwMDM0MGQtNmI4Mi00OTRkLTlkYmYtNjg3YmE2ZTMzZjllL3Jlc291cmNlR3JvdXBzL3Bvd2Vyc2hlbGx0ZXN0L3Byb3ZpZGVycy9NaWNyb3NvZnQuQXBpTWFuYWdlbWVudC9zZXJ2aWNlL3Bvd2Vyc2hlbGxzZGtzZXJ2aWNlL25hbWVkVmFsdWVzP2FwaS12ZXJzaW9uPTIwMTktMTItMDE=",
      "RequestMethod": "GET",
      "RequestBody": "",
      "RequestHeaders": {
        "x-ms-client-request-id": [
          "251b7980-584e-4310-80a2-8424ffa40de2"
        ],
        "Accept-Language": [
          "en-US"
        ],
        "User-Agent": [
          "FxVersion/4.6.27817.03",
          "OSName/Windows",
          "OSVersion/Microsoft.Windows.10.0.18363.",
          "Microsoft.Azure.Management.ApiManagement.ApiManagementClient/5.0.0.0"
        ]
      },
      "ResponseHeaders": {
        "Cache-Control": [
          "no-cache"
        ],
        "Pragma": [
          "no-cache"
        ],
        "Strict-Transport-Security": [
          "max-age=31536000; includeSubDomains"
        ],
        "x-ms-request-id": [
          "9074b548-6dd8-41ac-8c2f-523ab52c294d"
        ],
        "Server": [
          "Microsoft-HTTPAPI/2.0"
        ],
        "x-ms-ratelimit-remaining-subscription-reads": [
          "11994"
        ],
        "x-ms-correlation-request-id": [
          "91142db8-39c6-4d46-829a-ef26c46644b7"
        ],
        "x-ms-routing-request-id": [
          "WESTUS:20200408T212210Z:91142db8-39c6-4d46-829a-ef26c46644b7"
        ],
        "X-Content-Type-Options": [
          "nosniff"
        ],
        "Date": [
          "Wed, 08 Apr 2020 21:22:10 GMT"
        ],
        "Content-Length": [
          "505"
        ],
        "Content-Type": [
          "application/json; charset=utf-8"
        ],
        "Expires": [
          "-1"
        ]
      },
      "ResponseBody": "{\r\n  \"value\": [\r\n    {\r\n      \"id\": \"/subscriptions/a200340d-6b82-494d-9dbf-687ba6e33f9e/resourceGroups/powershelltest/providers/Microsoft.ApiManagement/service/powershellsdkservice/namedValues/5e8e40816f56470da8ba3dd1\",\r\n      \"type\": \"Microsoft.ApiManagement/service/namedValues\",\r\n      \"name\": \"5e8e40816f56470da8ba3dd1\",\r\n      \"properties\": {\r\n        \"displayName\": \"Logger-Credentials-5e8e40816f56470da8ba3dd2\",\r\n        \"tags\": null,\r\n        \"secret\": true\r\n      }\r\n    }\r\n  ],\r\n  \"count\": 1\r\n}",
      "StatusCode": 200
    },
    {
      "RequestUri": "/subscriptions/a200340d-6b82-494d-9dbf-687ba6e33f9e/resourceGroups/powershelltest/providers/Microsoft.ApiManagement/service/powershellsdkservice/namedValues/5e8e40816f56470da8ba3dd1?api-version=2019-12-01",
      "EncodedRequestUri": "L3N1YnNjcmlwdGlvbnMvYTIwMDM0MGQtNmI4Mi00OTRkLTlkYmYtNjg3YmE2ZTMzZjllL3Jlc291cmNlR3JvdXBzL3Bvd2Vyc2hlbGx0ZXN0L3Byb3ZpZGVycy9NaWNyb3NvZnQuQXBpTWFuYWdlbWVudC9zZXJ2aWNlL3Bvd2Vyc2hlbGxzZGtzZXJ2aWNlL25hbWVkVmFsdWVzLzVlOGU0MDgxNmY1NjQ3MGRhOGJhM2RkMT9hcGktdmVyc2lvbj0yMDE5LTEyLTAx",
      "RequestMethod": "DELETE",
      "RequestBody": "",
      "RequestHeaders": {
        "x-ms-client-request-id": [
          "f28bacb1-0894-4cbd-9723-faa96cfc20f5"
        ],
        "If-Match": [
          "*"
        ],
        "Accept-Language": [
          "en-US"
        ],
        "User-Agent": [
          "FxVersion/4.6.27817.03",
          "OSName/Windows",
          "OSVersion/Microsoft.Windows.10.0.18363.",
          "Microsoft.Azure.Management.ApiManagement.ApiManagementClient/5.0.0.0"
        ]
      },
      "ResponseHeaders": {
        "Cache-Control": [
          "no-cache"
        ],
        "Pragma": [
          "no-cache"
        ],
        "Strict-Transport-Security": [
          "max-age=31536000; includeSubDomains"
        ],
        "x-ms-request-id": [
          "d451a8fe-2045-42c5-8a3a-6ded4731e5cc"
        ],
        "Server": [
          "Microsoft-HTTPAPI/2.0"
        ],
        "x-ms-ratelimit-remaining-subscription-deletes": [
          "14996"
        ],
        "x-ms-correlation-request-id": [
          "2445dcca-7d15-4ce7-b7ea-dabe5d56184c"
        ],
        "x-ms-routing-request-id": [
          "WESTUS:20200408T212211Z:2445dcca-7d15-4ce7-b7ea-dabe5d56184c"
        ],
        "X-Content-Type-Options": [
          "nosniff"
        ],
        "Date": [
          "Wed, 08 Apr 2020 21:22:11 GMT"
        ],
        "Expires": [
          "-1"
        ],
        "Content-Length": [
          "0"
        ]
      },
      "ResponseBody": "",
      "StatusCode": 200
    }
  ],
  "Names": {
    "": [
      "ps1411",
      "ps930"
    ]
  },
  "Variables": {
    "SubscriptionId": "a200340d-6b82-494d-9dbf-687ba6e33f9e"
  }
}