{
  "Entries": [
    {
      "RequestUri": "/subscriptions/a200340d-6b82-494d-9dbf-687ba6e33f9e/resourceGroups/powershelltest/providers/Microsoft.ApiManagement/service/powershellsdkservice/apis?api-version=2019-01-01",
      "EncodedRequestUri": "L3N1YnNjcmlwdGlvbnMvYTIwMDM0MGQtNmI4Mi00OTRkLTlkYmYtNjg3YmE2ZTMzZjllL3Jlc291cmNlR3JvdXBzL3Bvd2Vyc2hlbGx0ZXN0L3Byb3ZpZGVycy9NaWNyb3NvZnQuQXBpTWFuYWdlbWVudC9zZXJ2aWNlL3Bvd2Vyc2hlbGxzZGtzZXJ2aWNlL2FwaXM/YXBpLXZlcnNpb249MjAxOS0wMS0wMQ==",
      "RequestMethod": "GET",
      "RequestBody": "",
      "RequestHeaders": {
        "x-ms-client-request-id": [
          "f62da044-278f-4d13-968f-09ea7cbf1b04"
        ],
        "Accept-Language": [
          "en-US"
        ],
        "User-Agent": [
          "FxVersion/4.6.27414.06",
          "OSName/Windows",
          "OSVersion/Microsoft.Windows.10.0.18362.",
          "Microsoft.Azure.Management.ApiManagement.ApiManagementClient/4.10.0.0"
        ]
      },
      "ResponseHeaders": {
        "Cache-Control": [
          "no-cache"
        ],
        "Pragma": [
          "no-cache"
        ],
        "Strict-Transport-Security": [
          "max-age=31536000; includeSubDomains"
        ],
        "x-ms-request-id": [
          "88b9b2b8-edbe-432f-b4ca-ab8a94ad9620"
        ],
        "Server": [
          "Microsoft-HTTPAPI/2.0"
        ],
        "x-ms-ratelimit-remaining-subscription-reads": [
          "11997"
        ],
        "x-ms-correlation-request-id": [
          "9307ce46-b582-42ed-a293-87ff038d92e2"
        ],
        "x-ms-routing-request-id": [
          "WESTUS2:20190513T212453Z:9307ce46-b582-42ed-a293-87ff038d92e2"
        ],
        "X-Content-Type-Options": [
          "nosniff"
        ],
        "Date": [
          "Mon, 13 May 2019 21:24:53 GMT"
        ],
        "Content-Length": [
          "675"
        ],
        "Content-Type": [
          "application/json; charset=utf-8"
        ],
        "Expires": [
          "-1"
        ]
      },
      "ResponseBody": "{\r\n  \"value\": [\r\n    {\r\n      \"id\": \"/subscriptions/a200340d-6b82-494d-9dbf-687ba6e33f9e/resourceGroups/powershelltest/providers/Microsoft.ApiManagement/service/powershellsdkservice/apis/echo-api\",\r\n      \"type\": \"Microsoft.ApiManagement/service/apis\",\r\n      \"name\": \"echo-api\",\r\n      \"properties\": {\r\n        \"displayName\": \"Echo API\",\r\n        \"apiRevision\": \"1\",\r\n        \"description\": null,\r\n        \"serviceUrl\": \"http://echoapi.cloudapp.net/api\",\r\n        \"path\": \"echo\",\r\n        \"protocols\": [\r\n          \"https\"\r\n        ],\r\n        \"authenticationSettings\": null,\r\n        \"subscriptionKeyParameterNames\": null,\r\n        \"isCurrent\": true\r\n      }\r\n    }\r\n  ]\r\n}",
      "StatusCode": 200
    },
    {
      "RequestUri": "/subscriptions/a200340d-6b82-494d-9dbf-687ba6e33f9e/resourceGroups/powershelltest/providers/Microsoft.ApiManagement/service/powershellsdkservice/apis/echo-api/diagnostics?api-version=2019-01-01",
      "EncodedRequestUri": "L3N1YnNjcmlwdGlvbnMvYTIwMDM0MGQtNmI4Mi00OTRkLTlkYmYtNjg3YmE2ZTMzZjllL3Jlc291cmNlR3JvdXBzL3Bvd2Vyc2hlbGx0ZXN0L3Byb3ZpZGVycy9NaWNyb3NvZnQuQXBpTWFuYWdlbWVudC9zZXJ2aWNlL3Bvd2Vyc2hlbGxzZGtzZXJ2aWNlL2FwaXMvZWNoby1hcGkvZGlhZ25vc3RpY3M/YXBpLXZlcnNpb249MjAxOS0wMS0wMQ==",
      "RequestMethod": "GET",
      "RequestBody": "",
      "RequestHeaders": {
        "x-ms-client-request-id": [
          "a3283bae-06fc-497e-9004-54b1783cd2e8"
        ],
        "Accept-Language": [
          "en-US"
        ],
        "User-Agent": [
          "FxVersion/4.6.27414.06",
          "OSName/Windows",
          "OSVersion/Microsoft.Windows.10.0.18362.",
          "Microsoft.Azure.Management.ApiManagement.ApiManagementClient/4.10.0.0"
        ]
      },
      "ResponseHeaders": {
        "Cache-Control": [
          "no-cache"
        ],
        "Pragma": [
          "no-cache"
        ],
        "Strict-Transport-Security": [
          "max-age=31536000; includeSubDomains"
        ],
        "x-ms-request-id": [
          "2e9b0846-a3e9-43d4-829e-dc91c9addd86"
        ],
        "Server": [
          "Microsoft-HTTPAPI/2.0"
        ],
        "x-ms-ratelimit-remaining-subscription-reads": [
          "11996"
        ],
        "x-ms-correlation-request-id": [
          "7a9109c7-19c5-4bf7-a4ff-705d57529c43"
        ],
        "x-ms-routing-request-id": [
          "WESTUS2:20190513T212453Z:7a9109c7-19c5-4bf7-a4ff-705d57529c43"
        ],
        "X-Content-Type-Options": [
          "nosniff"
        ],
        "Date": [
          "Mon, 13 May 2019 21:24:53 GMT"
        ],
        "Content-Length": [
          "19"
        ],
        "Content-Type": [
          "application/json; charset=utf-8"
        ],
        "Expires": [
          "-1"
        ]
      },
      "ResponseBody": "{\r\n  \"value\": []\r\n}",
      "StatusCode": 200
    },
    {
      "RequestUri": "/subscriptions/a200340d-6b82-494d-9dbf-687ba6e33f9e/resourceGroups/powershelltest/providers/Microsoft.ApiManagement/service/powershellsdkservice/apis/echo-api/diagnostics?api-version=2019-01-01",
      "EncodedRequestUri": "L3N1YnNjcmlwdGlvbnMvYTIwMDM0MGQtNmI4Mi00OTRkLTlkYmYtNjg3YmE2ZTMzZjllL3Jlc291cmNlR3JvdXBzL3Bvd2Vyc2hlbGx0ZXN0L3Byb3ZpZGVycy9NaWNyb3NvZnQuQXBpTWFuYWdlbWVudC9zZXJ2aWNlL3Bvd2Vyc2hlbGxzZGtzZXJ2aWNlL2FwaXMvZWNoby1hcGkvZGlhZ25vc3RpY3M/YXBpLXZlcnNpb249MjAxOS0wMS0wMQ==",
      "RequestMethod": "GET",
      "RequestBody": "",
      "RequestHeaders": {
        "x-ms-client-request-id": [
          "cc54b566-a6aa-44bd-a6d5-8d94a5a17aaa"
        ],
        "Accept-Language": [
          "en-US"
        ],
        "User-Agent": [
          "FxVersion/4.6.27414.06",
          "OSName/Windows",
          "OSVersion/Microsoft.Windows.10.0.18362.",
          "Microsoft.Azure.Management.ApiManagement.ApiManagementClient/4.10.0.0"
        ]
      },
      "ResponseHeaders": {
        "Cache-Control": [
          "no-cache"
        ],
        "Pragma": [
          "no-cache"
        ],
        "Strict-Transport-Security": [
          "max-age=31536000; includeSubDomains"
        ],
        "x-ms-request-id": [
          "b6847e47-a744-4958-b4b8-ff024ab8d5ca"
        ],
        "Server": [
          "Microsoft-HTTPAPI/2.0"
        ],
        "x-ms-ratelimit-remaining-subscription-reads": [
          "11993"
        ],
        "x-ms-correlation-request-id": [
          "4d5f2a82-ba5d-45a3-a8f4-336fd6d8e58e"
        ],
        "x-ms-routing-request-id": [
          "WESTUS2:20190513T212506Z:4d5f2a82-ba5d-45a3-a8f4-336fd6d8e58e"
        ],
        "X-Content-Type-Options": [
          "nosniff"
        ],
        "Date": [
          "Mon, 13 May 2019 21:25:06 GMT"
        ],
        "Content-Length": [
          "19"
        ],
        "Content-Type": [
          "application/json; charset=utf-8"
        ],
        "Expires": [
          "-1"
        ]
      },
      "ResponseBody": "{\r\n  \"value\": []\r\n}",
      "StatusCode": 200
    },
    {
      "RequestUri": "/subscriptions/a200340d-6b82-494d-9dbf-687ba6e33f9e/resourceGroups/powershelltest/providers/Microsoft.ApiManagement/service/powershellsdkservice/loggers/ps9287?api-version=2019-01-01",
      "EncodedRequestUri": "L3N1YnNjcmlwdGlvbnMvYTIwMDM0MGQtNmI4Mi00OTRkLTlkYmYtNjg3YmE2ZTMzZjllL3Jlc291cmNlR3JvdXBzL3Bvd2Vyc2hlbGx0ZXN0L3Byb3ZpZGVycy9NaWNyb3NvZnQuQXBpTWFuYWdlbWVudC9zZXJ2aWNlL3Bvd2Vyc2hlbGxzZGtzZXJ2aWNlL2xvZ2dlcnMvcHM5Mjg3P2FwaS12ZXJzaW9uPTIwMTktMDEtMDE=",
      "RequestMethod": "PUT",
      "RequestBody": "{\r\n  \"properties\": {\r\n    \"loggerType\": \"applicationInsights\",\r\n    \"description\": \"ps7618\",\r\n    \"credentials\": {\r\n      \"instrumentationKey\": \"37fdaa03-790e-4704-8a0b-427fb9fab525\"\r\n    },\r\n    \"isBuffered\": true\r\n  }\r\n}",
      "RequestHeaders": {
        "x-ms-client-request-id": [
          "c438ff02-70b9-4dd0-94f1-8f0de0125bb3"
        ],
        "Accept-Language": [
          "en-US"
        ],
        "User-Agent": [
          "FxVersion/4.6.27414.06",
          "OSName/Windows",
          "OSVersion/Microsoft.Windows.10.0.18362.",
          "Microsoft.Azure.Management.ApiManagement.ApiManagementClient/4.10.0.0"
        ],
        "Content-Type": [
          "application/json; charset=utf-8"
        ],
        "Content-Length": [
          "222"
        ]
      },
      "ResponseHeaders": {
        "Cache-Control": [
          "no-cache"
        ],
        "Pragma": [
          "no-cache"
        ],
        "ETag": [
          "\"AAAAAAAAFZw=\""
        ],
        "Strict-Transport-Security": [
          "max-age=31536000; includeSubDomains"
        ],
        "x-ms-request-id": [
          "ab44aa63-5535-4ab9-ad62-670eebbafe2d"
        ],
        "Server": [
          "Microsoft-HTTPAPI/2.0"
        ],
        "x-ms-ratelimit-remaining-subscription-writes": [
          "1198"
        ],
        "x-ms-correlation-request-id": [
          "e6beca49-6718-45c8-965c-99ee7495f9b9"
        ],
        "x-ms-routing-request-id": [
          "WESTUS2:20190513T212504Z:e6beca49-6718-45c8-965c-99ee7495f9b9"
        ],
        "X-Content-Type-Options": [
          "nosniff"
        ],
        "Date": [
          "Mon, 13 May 2019 21:25:04 GMT"
        ],
        "Content-Length": [
          "505"
        ],
        "Content-Type": [
          "application/json; charset=utf-8"
        ],
        "Expires": [
          "-1"
        ]
      },
      "ResponseBody": "{\r\n  \"id\": \"/subscriptions/a200340d-6b82-494d-9dbf-687ba6e33f9e/resourceGroups/powershelltest/providers/Microsoft.ApiManagement/service/powershellsdkservice/loggers/ps9287\",\r\n  \"type\": \"Microsoft.ApiManagement/service/loggers\",\r\n  \"name\": \"ps9287\",\r\n  \"properties\": {\r\n    \"loggerType\": \"applicationInsights\",\r\n    \"description\": \"ps7618\",\r\n    \"credentials\": {\r\n      \"instrumentationKey\": \"{{Logger-Credentials-5cd9e0afb29c170c14c359fb}}\"\r\n    },\r\n    \"isBuffered\": true,\r\n    \"resourceId\": null\r\n  }\r\n}",
      "StatusCode": 201
    },
    {
      "RequestUri": "/subscriptions/a200340d-6b82-494d-9dbf-687ba6e33f9e/resourceGroups/powershelltest/providers/Microsoft.ApiManagement/service/powershellsdkservice/apis/echo-api/diagnostics/applicationinsights?api-version=2019-01-01",
      "EncodedRequestUri": "L3N1YnNjcmlwdGlvbnMvYTIwMDM0MGQtNmI4Mi00OTRkLTlkYmYtNjg3YmE2ZTMzZjllL3Jlc291cmNlR3JvdXBzL3Bvd2Vyc2hlbGx0ZXN0L3Byb3ZpZGVycy9NaWNyb3NvZnQuQXBpTWFuYWdlbWVudC9zZXJ2aWNlL3Bvd2Vyc2hlbGxzZGtzZXJ2aWNlL2FwaXMvZWNoby1hcGkvZGlhZ25vc3RpY3MvYXBwbGljYXRpb25pbnNpZ2h0cz9hcGktdmVyc2lvbj0yMDE5LTAxLTAx",
      "RequestMethod": "PUT",
      "RequestBody": "{\r\n  \"properties\": {\r\n    \"alwaysLog\": \"allErrors\",\r\n    \"loggerId\": \"/loggers/ps9287\",\r\n    \"sampling\": {\r\n      \"samplingType\": \"fixed\",\r\n      \"percentage\": 100.0\r\n    },\r\n    \"frontend\": {\r\n      \"request\": {\r\n        \"headers\": [\r\n          \"Content-Type\",\r\n          \"UserAgent\"\r\n        ],\r\n        \"body\": {\r\n          \"bytes\": 100\r\n        }\r\n      },\r\n      \"response\": {\r\n        \"headers\": [\r\n          \"Content-Type\",\r\n          \"UserAgent\"\r\n        ],\r\n        \"body\": {\r\n          \"bytes\": 100\r\n        }\r\n      }\r\n    },\r\n    \"backend\": {\r\n      \"request\": {\r\n        \"headers\": [\r\n          \"Content-Type\",\r\n          \"UserAgent\"\r\n        ],\r\n        \"body\": {\r\n          \"bytes\": 100\r\n        }\r\n      },\r\n      \"response\": {\r\n        \"headers\": [\r\n          \"Content-Type\",\r\n          \"UserAgent\"\r\n        ],\r\n        \"body\": {\r\n          \"bytes\": 100\r\n        }\r\n      }\r\n    }\r\n  }\r\n}",
      "RequestHeaders": {
        "x-ms-client-request-id": [
          "a5cbffcf-2d09-4496-8ae1-968367ae2913"
        ],
        "Accept-Language": [
          "en-US"
        ],
        "User-Agent": [
          "FxVersion/4.6.27414.06",
          "OSName/Windows",
          "OSVersion/Microsoft.Windows.10.0.18362.",
          "Microsoft.Azure.Management.ApiManagement.ApiManagementClient/4.10.0.0"
        ],
        "Content-Type": [
          "application/json; charset=utf-8"
        ],
        "Content-Length": [
          "905"
        ]
      },
      "ResponseHeaders": {
        "Cache-Control": [
          "no-cache"
        ],
        "Pragma": [
          "no-cache"
        ],
        "ETag": [
          "\"AAAAAAAAFZ4=\""
        ],
        "Strict-Transport-Security": [
          "max-age=31536000; includeSubDomains"
        ],
        "x-ms-request-id": [
          "06cf2cae-eb53-41b2-b396-caf3ab4b2459"
        ],
        "Server": [
          "Microsoft-HTTPAPI/2.0"
        ],
        "x-ms-ratelimit-remaining-subscription-writes": [
          "1197"
        ],
        "x-ms-correlation-request-id": [
          "de91e3c6-45c4-486e-a45a-53b5723817fe"
        ],
        "x-ms-routing-request-id": [
          "WESTUS2:20190513T212505Z:de91e3c6-45c4-486e-a45a-53b5723817fe"
        ],
        "X-Content-Type-Options": [
          "nosniff"
        ],
        "Date": [
          "Mon, 13 May 2019 21:25:05 GMT"
        ],
        "Content-Length": [
          "1418"
        ],
        "Content-Type": [
          "application/json; charset=utf-8"
        ],
        "Expires": [
          "-1"
        ]
      },
      "ResponseBody": "{\r\n  \"id\": \"/subscriptions/a200340d-6b82-494d-9dbf-687ba6e33f9e/resourceGroups/powershelltest/providers/Microsoft.ApiManagement/service/powershellsdkservice/apis/echo-api/diagnostics/applicationinsights\",\r\n  \"type\": \"Microsoft.ApiManagement/service/apis/diagnostics\",\r\n  \"name\": \"applicationinsights\",\r\n  \"properties\": {\r\n    \"alwaysLog\": \"allErrors\",\r\n    \"enableHttpCorrelationHeaders\": true,\r\n    \"logClientIp\": true,\r\n    \"loggerId\": \"/subscriptions/a200340d-6b82-494d-9dbf-687ba6e33f9e/resourceGroups/powershelltest/providers/Microsoft.ApiManagement/service/powershellsdkservice/loggers/ps9287\",\r\n    \"sampling\": {\r\n      \"samplingType\": \"fixed\",\r\n      \"percentage\": 100.0\r\n    },\r\n    \"frontend\": {\r\n      \"request\": {\r\n        \"headers\": [\r\n          \"Content-Type\",\r\n          \"UserAgent\"\r\n        ],\r\n        \"body\": {\r\n          \"bytes\": 100\r\n        }\r\n      },\r\n      \"response\": {\r\n        \"headers\": [\r\n          \"Content-Type\",\r\n          \"UserAgent\"\r\n        ],\r\n        \"body\": {\r\n          \"bytes\": 100\r\n        }\r\n      }\r\n    },\r\n    \"backend\": {\r\n      \"request\": {\r\n        \"headers\": [\r\n          \"Content-Type\",\r\n          \"UserAgent\"\r\n        ],\r\n        \"body\": {\r\n          \"bytes\": 100\r\n        }\r\n      },\r\n      \"response\": {\r\n        \"headers\": [\r\n          \"Content-Type\",\r\n          \"UserAgent\"\r\n        ],\r\n        \"body\": {\r\n          \"bytes\": 100\r\n        }\r\n      }\r\n    }\r\n  }\r\n}",
      "StatusCode": 201
    },
    {
      "RequestUri": "/subscriptions/a200340d-6b82-494d-9dbf-687ba6e33f9e/resourceGroups/powershelltest/providers/Microsoft.ApiManagement/service/powershellsdkservice/apis/echo-api/diagnostics/applicationinsights?api-version=2019-01-01",
      "EncodedRequestUri": "L3N1YnNjcmlwdGlvbnMvYTIwMDM0MGQtNmI4Mi00OTRkLTlkYmYtNjg3YmE2ZTMzZjllL3Jlc291cmNlR3JvdXBzL3Bvd2Vyc2hlbGx0ZXN0L3Byb3ZpZGVycy9NaWNyb3NvZnQuQXBpTWFuYWdlbWVudC9zZXJ2aWNlL3Bvd2Vyc2hlbGxzZGtzZXJ2aWNlL2FwaXMvZWNoby1hcGkvZGlhZ25vc3RpY3MvYXBwbGljYXRpb25pbnNpZ2h0cz9hcGktdmVyc2lvbj0yMDE5LTAxLTAx",
      "RequestMethod": "PUT",
      "RequestBody": "{\r\n  \"properties\": {\r\n    \"alwaysLog\": \"allErrors\",\r\n    \"loggerId\": \"/loggers/ps9287\",\r\n    \"sampling\": {\r\n      \"samplingType\": \"fixed\",\r\n      \"percentage\": 50.0\r\n    },\r\n    \"frontend\": {\r\n      \"request\": {\r\n        \"headers\": [\r\n          \"Content-Type\",\r\n          \"UserAgent\"\r\n        ],\r\n        \"body\": {\r\n          \"bytes\": 100\r\n        }\r\n      },\r\n      \"response\": {\r\n        \"headers\": [\r\n          \"Content-Type\",\r\n          \"UserAgent\"\r\n        ],\r\n        \"body\": {\r\n          \"bytes\": 100\r\n        }\r\n      }\r\n    },\r\n    \"enableHttpCorrelationHeaders\": true\r\n  }\r\n}",
      "RequestHeaders": {
        "x-ms-client-request-id": [
          "97859729-7e4c-435f-904d-c5887761fa92"
        ],
        "If-Match": [
          "*"
        ],
        "Accept-Language": [
          "en-US"
        ],
        "User-Agent": [
          "FxVersion/4.6.27414.06",
          "OSName/Windows",
          "OSVersion/Microsoft.Windows.10.0.18362.",
          "Microsoft.Azure.Management.ApiManagement.ApiManagementClient/4.10.0.0"
        ],
        "Content-Type": [
          "application/json; charset=utf-8"
        ],
        "Content-Length": [
          "585"
        ]
      },
      "ResponseHeaders": {
        "Cache-Control": [
          "no-cache"
        ],
        "Pragma": [
          "no-cache"
        ],
        "ETag": [
          "\"AAAAAAAAFaE=\""
        ],
        "Strict-Transport-Security": [
          "max-age=31536000; includeSubDomains"
        ],
        "x-ms-request-id": [
          "72c9632b-c1b3-43f1-a8fc-ff78ddf93d67"
        ],
        "Server": [
          "Microsoft-HTTPAPI/2.0"
        ],
        "x-ms-ratelimit-remaining-subscription-writes": [
          "1196"
        ],
        "x-ms-correlation-request-id": [
          "471bd72a-2bed-48e3-86da-d84621f7bfa4"
        ],
        "x-ms-routing-request-id": [
          "WESTUS2:20190513T212505Z:471bd72a-2bed-48e3-86da-d84621f7bfa4"
        ],
        "X-Content-Type-Options": [
          "nosniff"
        ],
        "Date": [
          "Mon, 13 May 2019 21:25:05 GMT"
        ],
        "Content-Length": [
          "1077"
        ],
        "Content-Type": [
          "application/json; charset=utf-8"
        ],
        "Expires": [
          "-1"
        ]
      },
      "ResponseBody": "{\r\n  \"id\": \"/subscriptions/a200340d-6b82-494d-9dbf-687ba6e33f9e/resourceGroups/powershelltest/providers/Microsoft.ApiManagement/service/powershellsdkservice/apis/echo-api/diagnostics/applicationinsights\",\r\n  \"type\": \"Microsoft.ApiManagement/service/apis/diagnostics\",\r\n  \"name\": \"applicationinsights\",\r\n  \"properties\": {\r\n    \"alwaysLog\": \"allErrors\",\r\n    \"enableHttpCorrelationHeaders\": true,\r\n    \"logClientIp\": true,\r\n    \"loggerId\": \"/subscriptions/a200340d-6b82-494d-9dbf-687ba6e33f9e/resourceGroups/powershelltest/providers/Microsoft.ApiManagement/service/powershellsdkservice/loggers/ps9287\",\r\n    \"sampling\": {\r\n      \"samplingType\": \"fixed\",\r\n      \"percentage\": 50.0\r\n    },\r\n    \"frontend\": {\r\n      \"request\": {\r\n        \"headers\": [\r\n          \"Content-Type\",\r\n          \"UserAgent\"\r\n        ],\r\n        \"body\": {\r\n          \"bytes\": 100\r\n        }\r\n      },\r\n      \"response\": {\r\n        \"headers\": [\r\n          \"Content-Type\",\r\n          \"UserAgent\"\r\n        ],\r\n        \"body\": {\r\n          \"bytes\": 100\r\n        }\r\n      }\r\n    },\r\n    \"backend\": null\r\n  }\r\n}",
      "StatusCode": 200
    },
    {
      "RequestUri": "/subscriptions/a200340d-6b82-494d-9dbf-687ba6e33f9e/resourceGroups/powershelltest/providers/Microsoft.ApiManagement/service/powershellsdkservice/apis/echo-api/diagnostics/applicationinsights?api-version=2019-01-01",
      "EncodedRequestUri": "L3N1YnNjcmlwdGlvbnMvYTIwMDM0MGQtNmI4Mi00OTRkLTlkYmYtNjg3YmE2ZTMzZjllL3Jlc291cmNlR3JvdXBzL3Bvd2Vyc2hlbGx0ZXN0L3Byb3ZpZGVycy9NaWNyb3NvZnQuQXBpTWFuYWdlbWVudC9zZXJ2aWNlL3Bvd2Vyc2hlbGxzZGtzZXJ2aWNlL2FwaXMvZWNoby1hcGkvZGlhZ25vc3RpY3MvYXBwbGljYXRpb25pbnNpZ2h0cz9hcGktdmVyc2lvbj0yMDE5LTAxLTAx",
      "RequestMethod": "GET",
      "RequestBody": "",
      "RequestHeaders": {
        "x-ms-client-request-id": [
          "8e3c8b97-3084-4ec3-959c-746197789c5d"
        ],
        "Accept-Language": [
          "en-US"
        ],
        "User-Agent": [
          "FxVersion/4.6.27414.06",
          "OSName/Windows",
          "OSVersion/Microsoft.Windows.10.0.18362.",
          "Microsoft.Azure.Management.ApiManagement.ApiManagementClient/4.10.0.0"
        ]
      },
      "ResponseHeaders": {
        "Cache-Control": [
          "no-cache"
        ],
        "Pragma": [
          "no-cache"
        ],
        "ETag": [
          "\"AAAAAAAAFaE=\""
        ],
        "Strict-Transport-Security": [
          "max-age=31536000; includeSubDomains"
        ],
        "x-ms-request-id": [
          "c74e2b2f-1c38-40ab-89d0-ac724d4816f8"
        ],
        "Server": [
          "Microsoft-HTTPAPI/2.0"
        ],
        "x-ms-ratelimit-remaining-subscription-reads": [
          "11995"
        ],
        "x-ms-correlation-request-id": [
          "0bbe5ded-b544-4b10-b78f-7d9387b12e95"
        ],
        "x-ms-routing-request-id": [
          "WESTUS2:20190513T212505Z:0bbe5ded-b544-4b10-b78f-7d9387b12e95"
        ],
        "X-Content-Type-Options": [
          "nosniff"
        ],
        "Date": [
          "Mon, 13 May 2019 21:25:05 GMT"
        ],
        "Content-Length": [
          "1077"
        ],
        "Content-Type": [
          "application/json; charset=utf-8"
        ],
        "Expires": [
          "-1"
        ]
      },
      "ResponseBody": "{\r\n  \"id\": \"/subscriptions/a200340d-6b82-494d-9dbf-687ba6e33f9e/resourceGroups/powershelltest/providers/Microsoft.ApiManagement/service/powershellsdkservice/apis/echo-api/diagnostics/applicationinsights\",\r\n  \"type\": \"Microsoft.ApiManagement/service/apis/diagnostics\",\r\n  \"name\": \"applicationinsights\",\r\n  \"properties\": {\r\n    \"alwaysLog\": \"allErrors\",\r\n    \"enableHttpCorrelationHeaders\": true,\r\n    \"logClientIp\": true,\r\n    \"loggerId\": \"/subscriptions/a200340d-6b82-494d-9dbf-687ba6e33f9e/resourceGroups/powershelltest/providers/Microsoft.ApiManagement/service/powershellsdkservice/loggers/ps9287\",\r\n    \"sampling\": {\r\n      \"samplingType\": \"fixed\",\r\n      \"percentage\": 50.0\r\n    },\r\n    \"frontend\": {\r\n      \"request\": {\r\n        \"headers\": [\r\n          \"Content-Type\",\r\n          \"UserAgent\"\r\n        ],\r\n        \"body\": {\r\n          \"bytes\": 100\r\n        }\r\n      },\r\n      \"response\": {\r\n        \"headers\": [\r\n          \"Content-Type\",\r\n          \"UserAgent\"\r\n        ],\r\n        \"body\": {\r\n          \"bytes\": 100\r\n        }\r\n      }\r\n    },\r\n    \"backend\": null\r\n  }\r\n}",
      "StatusCode": 200
    },
    {
      "RequestUri": "/subscriptions/a200340d-6b82-494d-9dbf-687ba6e33f9e/resourceGroups/powershelltest/providers/Microsoft.ApiManagement/service/powershellsdkservice/apis/echo-api/diagnostics/applicationinsights?api-version=2019-01-01",
      "EncodedRequestUri": "L3N1YnNjcmlwdGlvbnMvYTIwMDM0MGQtNmI4Mi00OTRkLTlkYmYtNjg3YmE2ZTMzZjllL3Jlc291cmNlR3JvdXBzL3Bvd2Vyc2hlbGx0ZXN0L3Byb3ZpZGVycy9NaWNyb3NvZnQuQXBpTWFuYWdlbWVudC9zZXJ2aWNlL3Bvd2Vyc2hlbGxzZGtzZXJ2aWNlL2FwaXMvZWNoby1hcGkvZGlhZ25vc3RpY3MvYXBwbGljYXRpb25pbnNpZ2h0cz9hcGktdmVyc2lvbj0yMDE5LTAxLTAx",
      "RequestMethod": "GET",
      "RequestBody": "",
      "RequestHeaders": {
        "x-ms-client-request-id": [
          "846f51e9-cd6e-45e2-95d6-2c019b736d00"
        ],
        "Accept-Language": [
          "en-US"
        ],
        "User-Agent": [
          "FxVersion/4.6.27414.06",
          "OSName/Windows",
          "OSVersion/Microsoft.Windows.10.0.18362.",
          "Microsoft.Azure.Management.ApiManagement.ApiManagementClient/4.10.0.0"
        ]
      },
      "ResponseHeaders": {
        "Cache-Control": [
          "no-cache"
        ],
        "Pragma": [
          "no-cache"
        ],
        "ETag": [
          "\"AAAAAAAAFaE=\""
        ],
        "Strict-Transport-Security": [
          "max-age=31536000; includeSubDomains"
        ],
        "x-ms-request-id": [
          "c4aeb7d2-da1d-4da4-9774-e35162e7ef34"
        ],
        "Server": [
          "Microsoft-HTTPAPI/2.0"
        ],
        "x-ms-ratelimit-remaining-subscription-reads": [
          "11994"
        ],
        "x-ms-correlation-request-id": [
          "45b4fb8a-9ad0-4fff-8553-0a08a9f1e909"
        ],
        "x-ms-routing-request-id": [
          "WESTUS2:20190513T212505Z:45b4fb8a-9ad0-4fff-8553-0a08a9f1e909"
        ],
        "X-Content-Type-Options": [
          "nosniff"
        ],
        "Date": [
          "Mon, 13 May 2019 21:25:05 GMT"
        ],
        "Content-Length": [
          "1077"
        ],
        "Content-Type": [
          "application/json; charset=utf-8"
        ],
        "Expires": [
          "-1"
        ]
      },
      "ResponseBody": "{\r\n  \"id\": \"/subscriptions/a200340d-6b82-494d-9dbf-687ba6e33f9e/resourceGroups/powershelltest/providers/Microsoft.ApiManagement/service/powershellsdkservice/apis/echo-api/diagnostics/applicationinsights\",\r\n  \"type\": \"Microsoft.ApiManagement/service/apis/diagnostics\",\r\n  \"name\": \"applicationinsights\",\r\n  \"properties\": {\r\n    \"alwaysLog\": \"allErrors\",\r\n    \"enableHttpCorrelationHeaders\": true,\r\n    \"logClientIp\": true,\r\n    \"loggerId\": \"/subscriptions/a200340d-6b82-494d-9dbf-687ba6e33f9e/resourceGroups/powershelltest/providers/Microsoft.ApiManagement/service/powershellsdkservice/loggers/ps9287\",\r\n    \"sampling\": {\r\n      \"samplingType\": \"fixed\",\r\n      \"percentage\": 50.0\r\n    },\r\n    \"frontend\": {\r\n      \"request\": {\r\n        \"headers\": [\r\n          \"Content-Type\",\r\n          \"UserAgent\"\r\n        ],\r\n        \"body\": {\r\n          \"bytes\": 100\r\n        }\r\n      },\r\n      \"response\": {\r\n        \"headers\": [\r\n          \"Content-Type\",\r\n          \"UserAgent\"\r\n        ],\r\n        \"body\": {\r\n          \"bytes\": 100\r\n        }\r\n      }\r\n    },\r\n    \"backend\": null\r\n  }\r\n}",
      "StatusCode": 200
    },
    {
      "RequestUri": "/subscriptions/a200340d-6b82-494d-9dbf-687ba6e33f9e/resourceGroups/powershelltest/providers/Microsoft.ApiManagement/service/powershellsdkservice/apis/echo-api/diagnostics/applicationinsights?api-version=2019-01-01",
      "EncodedRequestUri": "L3N1YnNjcmlwdGlvbnMvYTIwMDM0MGQtNmI4Mi00OTRkLTlkYmYtNjg3YmE2ZTMzZjllL3Jlc291cmNlR3JvdXBzL3Bvd2Vyc2hlbGx0ZXN0L3Byb3ZpZGVycy9NaWNyb3NvZnQuQXBpTWFuYWdlbWVudC9zZXJ2aWNlL3Bvd2Vyc2hlbGxzZGtzZXJ2aWNlL2FwaXMvZWNoby1hcGkvZGlhZ25vc3RpY3MvYXBwbGljYXRpb25pbnNpZ2h0cz9hcGktdmVyc2lvbj0yMDE5LTAxLTAx",
      "RequestMethod": "DELETE",
      "RequestBody": "",
      "RequestHeaders": {
        "x-ms-client-request-id": [
          "22a1240a-ca46-4ff6-bcd1-32265bf0a5a8"
        ],
        "If-Match": [
          "*"
        ],
        "Accept-Language": [
          "en-US"
        ],
        "User-Agent": [
          "FxVersion/4.6.27414.06",
          "OSName/Windows",
          "OSVersion/Microsoft.Windows.10.0.18362.",
          "Microsoft.Azure.Management.ApiManagement.ApiManagementClient/4.10.0.0"
        ]
      },
      "ResponseHeaders": {
        "Cache-Control": [
          "no-cache"
        ],
        "Pragma": [
          "no-cache"
        ],
        "Strict-Transport-Security": [
          "max-age=31536000; includeSubDomains"
        ],
        "x-ms-request-id": [
          "f74b65ab-cbe4-4e6f-a2c3-49fff1ea6769"
        ],
        "Server": [
          "Microsoft-HTTPAPI/2.0"
        ],
        "x-ms-ratelimit-remaining-subscription-deletes": [
          "14999"
        ],
        "x-ms-correlation-request-id": [
          "5edd0d2f-c83d-4485-9034-97be7fa150d2"
        ],
        "x-ms-routing-request-id": [
          "WESTUS2:20190513T212506Z:5edd0d2f-c83d-4485-9034-97be7fa150d2"
        ],
        "X-Content-Type-Options": [
          "nosniff"
        ],
        "Date": [
          "Mon, 13 May 2019 21:25:06 GMT"
        ],
        "Expires": [
          "-1"
        ],
        "Content-Length": [
          "0"
        ]
      },
      "ResponseBody": "",
      "StatusCode": 200
    },
    {
      "RequestUri": "/subscriptions/a200340d-6b82-494d-9dbf-687ba6e33f9e/resourceGroups/powershelltest/providers/Microsoft.ApiManagement/service/powershellsdkservice/apis/echo-api/diagnostics/applicationinsights?api-version=2019-01-01",
      "EncodedRequestUri": "L3N1YnNjcmlwdGlvbnMvYTIwMDM0MGQtNmI4Mi00OTRkLTlkYmYtNjg3YmE2ZTMzZjllL3Jlc291cmNlR3JvdXBzL3Bvd2Vyc2hlbGx0ZXN0L3Byb3ZpZGVycy9NaWNyb3NvZnQuQXBpTWFuYWdlbWVudC9zZXJ2aWNlL3Bvd2Vyc2hlbGxzZGtzZXJ2aWNlL2FwaXMvZWNoby1hcGkvZGlhZ25vc3RpY3MvYXBwbGljYXRpb25pbnNpZ2h0cz9hcGktdmVyc2lvbj0yMDE5LTAxLTAx",
      "RequestMethod": "DELETE",
      "RequestBody": "",
      "RequestHeaders": {
        "x-ms-client-request-id": [
          "0b1356d4-b158-4487-a87c-147f3667337c"
        ],
        "If-Match": [
          "*"
        ],
        "Accept-Language": [
          "en-US"
        ],
        "User-Agent": [
          "FxVersion/4.6.27414.06",
          "OSName/Windows",
          "OSVersion/Microsoft.Windows.10.0.18362.",
          "Microsoft.Azure.Management.ApiManagement.ApiManagementClient/4.10.0.0"
        ]
      },
      "ResponseHeaders": {
        "Cache-Control": [
          "no-cache"
        ],
        "Pragma": [
          "no-cache"
        ],
        "Strict-Transport-Security": [
          "max-age=31536000; includeSubDomains"
        ],
        "x-ms-request-id": [
          "12f938e8-6498-412f-8242-e74b60bfb351"
        ],
        "Server": [
          "Microsoft-HTTPAPI/2.0"
        ],
        "x-ms-ratelimit-remaining-subscription-deletes": [
          "14998"
        ],
        "x-ms-correlation-request-id": [
          "bb3f1868-1da1-4523-99b5-89a3bdd79fc3"
        ],
        "x-ms-routing-request-id": [
          "WESTUS2:20190513T212506Z:bb3f1868-1da1-4523-99b5-89a3bdd79fc3"
        ],
        "X-Content-Type-Options": [
          "nosniff"
        ],
        "Date": [
          "Mon, 13 May 2019 21:25:06 GMT"
        ],
        "Expires": [
          "-1"
        ]
      },
      "ResponseBody": "",
      "StatusCode": 204
    },
    {
      "RequestUri": "/subscriptions/a200340d-6b82-494d-9dbf-687ba6e33f9e/resourceGroups/powershelltest/providers/Microsoft.ApiManagement/service/powershellsdkservice/loggers/ps9287?api-version=2019-01-01",
      "EncodedRequestUri": "L3N1YnNjcmlwdGlvbnMvYTIwMDM0MGQtNmI4Mi00OTRkLTlkYmYtNjg3YmE2ZTMzZjllL3Jlc291cmNlR3JvdXBzL3Bvd2Vyc2hlbGx0ZXN0L3Byb3ZpZGVycy9NaWNyb3NvZnQuQXBpTWFuYWdlbWVudC9zZXJ2aWNlL3Bvd2Vyc2hlbGxzZGtzZXJ2aWNlL2xvZ2dlcnMvcHM5Mjg3P2FwaS12ZXJzaW9uPTIwMTktMDEtMDE=",
      "RequestMethod": "DELETE",
      "RequestBody": "",
      "RequestHeaders": {
        "x-ms-client-request-id": [
          "e2ca8245-bb29-4eef-ab2c-3dd4489a6fc6"
        ],
        "If-Match": [
          "*"
        ],
        "Accept-Language": [
          "en-US"
        ],
        "User-Agent": [
          "FxVersion/4.6.27414.06",
          "OSName/Windows",
          "OSVersion/Microsoft.Windows.10.0.18362.",
          "Microsoft.Azure.Management.ApiManagement.ApiManagementClient/4.10.0.0"
        ]
      },
      "ResponseHeaders": {
        "Cache-Control": [
          "no-cache"
        ],
        "Pragma": [
          "no-cache"
        ],
        "Strict-Transport-Security": [
          "max-age=31536000; includeSubDomains"
        ],
        "x-ms-request-id": [
          "b6ce1480-7028-4caa-9f47-4d3280bb3031"
        ],
        "Server": [
          "Microsoft-HTTPAPI/2.0"
        ],
        "x-ms-ratelimit-remaining-subscription-deletes": [
          "14997"
        ],
        "x-ms-correlation-request-id": [
          "280adb15-c083-45d3-986d-a74ff3c09e3e"
        ],
        "x-ms-routing-request-id": [
          "WESTUS2:20190513T212507Z:280adb15-c083-45d3-986d-a74ff3c09e3e"
        ],
        "X-Content-Type-Options": [
          "nosniff"
        ],
        "Date": [
          "Mon, 13 May 2019 21:25:07 GMT"
        ],
        "Expires": [
          "-1"
        ],
        "Content-Length": [
          "0"
        ]
      },
      "ResponseBody": "",
      "StatusCode": 200
    },
    {
      "RequestUri": "/subscriptions/a200340d-6b82-494d-9dbf-687ba6e33f9e/resourceGroups/powershelltest/providers/Microsoft.ApiManagement/service/powershellsdkservice/properties?api-version=2019-01-01",
      "EncodedRequestUri": "L3N1YnNjcmlwdGlvbnMvYTIwMDM0MGQtNmI4Mi00OTRkLTlkYmYtNjg3YmE2ZTMzZjllL3Jlc291cmNlR3JvdXBzL3Bvd2Vyc2hlbGx0ZXN0L3Byb3ZpZGVycy9NaWNyb3NvZnQuQXBpTWFuYWdlbWVudC9zZXJ2aWNlL3Bvd2Vyc2hlbGxzZGtzZXJ2aWNlL3Byb3BlcnRpZXM/YXBpLXZlcnNpb249MjAxOS0wMS0wMQ==",
      "RequestMethod": "GET",
      "RequestBody": "",
      "RequestHeaders": {
        "x-ms-client-request-id": [
          "8d12979e-d5df-405c-8d41-e865d5833af9"
        ],
        "Accept-Language": [
          "en-US"
        ],
        "User-Agent": [
          "FxVersion/4.6.27414.06",
          "OSName/Windows",
          "OSVersion/Microsoft.Windows.10.0.18362.",
          "Microsoft.Azure.Management.ApiManagement.ApiManagementClient/4.10.0.0"
        ]
      },
      "ResponseHeaders": {
        "Cache-Control": [
          "no-cache"
        ],
        "Pragma": [
          "no-cache"
        ],
        "Strict-Transport-Security": [
          "max-age=31536000; includeSubDomains"
        ],
        "x-ms-request-id": [
          "4713aa85-032a-487e-a10e-75f00fb31ae4"
        ],
        "Server": [
          "Microsoft-HTTPAPI/2.0"
        ],
        "x-ms-ratelimit-remaining-subscription-reads": [
          "11992"
        ],
        "x-ms-correlation-request-id": [
          "bfffe8c0-35f1-49f1-a365-368e25adb6e4"
        ],
        "x-ms-routing-request-id": [
          "WESTUS2:20190513T212507Z:bfffe8c0-35f1-49f1-a365-368e25adb6e4"
        ],
        "X-Content-Type-Options": [
          "nosniff"
        ],
        "Date": [
          "Mon, 13 May 2019 21:25:07 GMT"
        ],
        "Content-Length": [
          "546"
        ],
        "Content-Type": [
          "application/json; charset=utf-8"
        ],
        "Expires": [
          "-1"
        ]
      },
      "ResponseBody": "{\r\n  \"value\": [\r\n    {\r\n      \"id\": \"/subscriptions/a200340d-6b82-494d-9dbf-687ba6e33f9e/resourceGroups/powershelltest/providers/Microsoft.ApiManagement/service/powershellsdkservice/properties/5cd9e0afb29c170c14c359fa\",\r\n      \"type\": \"Microsoft.ApiManagement/service/properties\",\r\n      \"name\": \"5cd9e0afb29c170c14c359fa\",\r\n      \"properties\": {\r\n        \"displayName\": \"Logger-Credentials-5cd9e0afb29c170c14c359fb\",\r\n        \"value\": \"37fdaa03-790e-4704-8a0b-427fb9fab525\",\r\n        \"tags\": null,\r\n        \"secret\": true\r\n      }\r\n    }\r\n  ]\r\n}",
      "StatusCode": 200
    },
    {
      "RequestUri": "/subscriptions/a200340d-6b82-494d-9dbf-687ba6e33f9e/resourceGroups/powershelltest/providers/Microsoft.ApiManagement/service/powershellsdkservice/properties/5cd9e0afb29c170c14c359fa?api-version=2019-01-01",
      "EncodedRequestUri": "L3N1YnNjcmlwdGlvbnMvYTIwMDM0MGQtNmI4Mi00OTRkLTlkYmYtNjg3YmE2ZTMzZjllL3Jlc291cmNlR3JvdXBzL3Bvd2Vyc2hlbGx0ZXN0L3Byb3ZpZGVycy9NaWNyb3NvZnQuQXBpTWFuYWdlbWVudC9zZXJ2aWNlL3Bvd2Vyc2hlbGxzZGtzZXJ2aWNlL3Byb3BlcnRpZXMvNWNkOWUwYWZiMjljMTcwYzE0YzM1OWZhP2FwaS12ZXJzaW9uPTIwMTktMDEtMDE=",
      "RequestMethod": "DELETE",
      "RequestBody": "",
      "RequestHeaders": {
        "x-ms-client-request-id": [
          "9c612139-af95-43b4-b00f-ede43f8a6008"
        ],
        "If-Match": [
          "*"
        ],
        "Accept-Language": [
          "en-US"
        ],
        "User-Agent": [
          "FxVersion/4.6.27414.06",
          "OSName/Windows",
          "OSVersion/Microsoft.Windows.10.0.18362.",
          "Microsoft.Azure.Management.ApiManagement.ApiManagementClient/4.10.0.0"
        ]
      },
      "ResponseHeaders": {
        "Cache-Control": [
          "no-cache"
        ],
        "Pragma": [
          "no-cache"
        ],
        "Strict-Transport-Security": [
          "max-age=31536000; includeSubDomains"
        ],
        "x-ms-request-id": [
          "c957493a-0bce-4081-9c0b-34c2dac17287"
        ],
        "Server": [
          "Microsoft-HTTPAPI/2.0"
        ],
        "x-ms-ratelimit-remaining-subscription-deletes": [
          "14996"
        ],
        "x-ms-correlation-request-id": [
          "f17c4762-bd99-4051-b496-502dedc6d26c"
        ],
        "x-ms-routing-request-id": [
          "WESTUS2:20190513T212507Z:f17c4762-bd99-4051-b496-502dedc6d26c"
        ],
        "X-Content-Type-Options": [
          "nosniff"
        ],
        "Date": [
          "Mon, 13 May 2019 21:25:07 GMT"
        ],
        "Expires": [
          "-1"
        ],
        "Content-Length": [
          "0"
        ]
      },
      "ResponseBody": "",
      "StatusCode": 200
    }
  ],
  "Names": {
    "": [
      "ps9287",
      "ps7618"
    ]
  },
  "Variables": {
    "SubscriptionId": "a200340d-6b82-494d-9dbf-687ba6e33f9e"
  }
}