{
  "Entries": [
    {
      "RequestUri": "/subscriptions/a200340d-6b82-494d-9dbf-687ba6e33f9e/resourceGroups/powershelltest/providers/Microsoft.ApiManagement/service/powershellsdkservice/apis?api-version=2019-01-01",
      "EncodedRequestUri": "L3N1YnNjcmlwdGlvbnMvYTIwMDM0MGQtNmI4Mi00OTRkLTlkYmYtNjg3YmE2ZTMzZjllL3Jlc291cmNlR3JvdXBzL3Bvd2Vyc2hlbGx0ZXN0L3Byb3ZpZGVycy9NaWNyb3NvZnQuQXBpTWFuYWdlbWVudC9zZXJ2aWNlL3Bvd2Vyc2hlbGxzZGtzZXJ2aWNlL2FwaXM/YXBpLXZlcnNpb249MjAxOS0wMS0wMQ==",
      "RequestMethod": "GET",
      "RequestBody": "",
      "RequestHeaders": {
        "x-ms-client-request-id": [
          "be9a1971-43de-4c26-9b2c-991fe71d35f4"
        ],
        "Accept-Language": [
          "en-US"
        ],
        "User-Agent": [
          "FxVersion/4.6.28325.01",
          "OSName/Windows",
          "OSVersion/Microsoft.Windows.10.0.18363.",
          "Microsoft.Azure.Management.ApiManagement.ApiManagementClient/4.12.0.0"
        ]
      },
      "ResponseHeaders": {
        "Cache-Control": [
          "no-cache"
        ],
        "Pragma": [
          "no-cache"
        ],
        "Strict-Transport-Security": [
          "max-age=31536000; includeSubDomains"
        ],
        "x-ms-request-id": [
          "7a4ebb44-aeaf-4dcf-afa8-bc6826aab03a"
        ],
        "Server": [
          "Microsoft-HTTPAPI/2.0"
        ],
        "x-ms-ratelimit-remaining-subscription-reads": [
          "11999"
        ],
        "x-ms-correlation-request-id": [
          "d894bd98-4c4b-4ffe-b834-fe07518695a7"
        ],
        "x-ms-routing-request-id": [
          "WESTUS:20200224T173951Z:d894bd98-4c4b-4ffe-b834-fe07518695a7"
        ],
        "X-Content-Type-Options": [
          "nosniff"
        ],
        "Date": [
          "Mon, 24 Feb 2020 17:39:50 GMT"
        ],
        "Content-Length": [
          "729"
        ],
        "Content-Type": [
          "application/json; charset=utf-8"
        ],
        "Expires": [
          "-1"
        ]
      },
      "ResponseBody": "{\r\n  \"value\": [\r\n    {\r\n      \"id\": \"/subscriptions/a200340d-6b82-494d-9dbf-687ba6e33f9e/resourceGroups/powershelltest/providers/Microsoft.ApiManagement/service/powershellsdkservice/apis/echo-api\",\r\n      \"type\": \"Microsoft.ApiManagement/service/apis\",\r\n      \"name\": \"echo-api\",\r\n      \"properties\": {\r\n        \"displayName\": \"Echo API\",\r\n        \"apiRevision\": \"1\",\r\n        \"description\": null,\r\n        \"subscriptionRequired\": true,\r\n        \"serviceUrl\": \"http://echoapi.cloudapp.net/api\",\r\n        \"path\": \"echo\",\r\n        \"protocols\": [\r\n          \"https\"\r\n        ],\r\n        \"authenticationSettings\": null,\r\n        \"subscriptionKeyParameterNames\": null,\r\n        \"isCurrent\": true\r\n      }\r\n    }\r\n  ],\r\n  \"count\": 1\r\n}",
      "StatusCode": 200
    },
    {
      "RequestUri": "/subscriptions/a200340d-6b82-494d-9dbf-687ba6e33f9e/resourceGroups/powershelltest/providers/Microsoft.ApiManagement/service/powershellsdkservice/apis/echo-api/diagnostics?api-version=2019-01-01",
      "EncodedRequestUri": "L3N1YnNjcmlwdGlvbnMvYTIwMDM0MGQtNmI4Mi00OTRkLTlkYmYtNjg3YmE2ZTMzZjllL3Jlc291cmNlR3JvdXBzL3Bvd2Vyc2hlbGx0ZXN0L3Byb3ZpZGVycy9NaWNyb3NvZnQuQXBpTWFuYWdlbWVudC9zZXJ2aWNlL3Bvd2Vyc2hlbGxzZGtzZXJ2aWNlL2FwaXMvZWNoby1hcGkvZGlhZ25vc3RpY3M/YXBpLXZlcnNpb249MjAxOS0wMS0wMQ==",
      "RequestMethod": "GET",
      "RequestBody": "",
      "RequestHeaders": {
        "x-ms-client-request-id": [
          "3c864a95-ca8f-4a3f-9e35-c149d87a6814"
        ],
        "Accept-Language": [
          "en-US"
        ],
        "User-Agent": [
          "FxVersion/4.6.28325.01",
          "OSName/Windows",
          "OSVersion/Microsoft.Windows.10.0.18363.",
          "Microsoft.Azure.Management.ApiManagement.ApiManagementClient/4.12.0.0"
        ]
      },
      "ResponseHeaders": {
        "Cache-Control": [
          "no-cache"
        ],
        "Pragma": [
          "no-cache"
        ],
        "Strict-Transport-Security": [
          "max-age=31536000; includeSubDomains"
        ],
        "x-ms-request-id": [
          "c846e043-7273-455a-85bd-1a0e8ebbf7f9"
        ],
        "Server": [
          "Microsoft-HTTPAPI/2.0"
        ],
        "x-ms-ratelimit-remaining-subscription-reads": [
          "11998"
        ],
        "x-ms-correlation-request-id": [
          "21010018-6d6f-4d46-b67f-ae9e440f2e2e"
        ],
        "x-ms-routing-request-id": [
          "WESTUS:20200224T173951Z:21010018-6d6f-4d46-b67f-ae9e440f2e2e"
        ],
        "X-Content-Type-Options": [
          "nosniff"
        ],
        "Date": [
          "Mon, 24 Feb 2020 17:39:50 GMT"
        ],
        "Content-Length": [
          "34"
        ],
        "Content-Type": [
          "application/json; charset=utf-8"
        ],
        "Expires": [
          "-1"
        ]
      },
      "ResponseBody": "{\r\n  \"value\": [],\r\n  \"count\": 0\r\n}",
      "StatusCode": 200
    },
    {
      "RequestUri": "/subscriptions/a200340d-6b82-494d-9dbf-687ba6e33f9e/resourceGroups/powershelltest/providers/Microsoft.ApiManagement/service/powershellsdkservice/apis/echo-api/diagnostics?api-version=2019-01-01",
      "EncodedRequestUri": "L3N1YnNjcmlwdGlvbnMvYTIwMDM0MGQtNmI4Mi00OTRkLTlkYmYtNjg3YmE2ZTMzZjllL3Jlc291cmNlR3JvdXBzL3Bvd2Vyc2hlbGx0ZXN0L3Byb3ZpZGVycy9NaWNyb3NvZnQuQXBpTWFuYWdlbWVudC9zZXJ2aWNlL3Bvd2Vyc2hlbGxzZGtzZXJ2aWNlL2FwaXMvZWNoby1hcGkvZGlhZ25vc3RpY3M/YXBpLXZlcnNpb249MjAxOS0wMS0wMQ==",
      "RequestMethod": "GET",
      "RequestBody": "",
      "RequestHeaders": {
        "x-ms-client-request-id": [
          "72cd2f17-38aa-4440-8489-ea2ad021fad5"
        ],
        "Accept-Language": [
          "en-US"
        ],
        "User-Agent": [
          "FxVersion/4.6.28325.01",
          "OSName/Windows",
          "OSVersion/Microsoft.Windows.10.0.18363.",
          "Microsoft.Azure.Management.ApiManagement.ApiManagementClient/4.12.0.0"
        ]
      },
      "ResponseHeaders": {
        "Cache-Control": [
          "no-cache"
        ],
        "Pragma": [
          "no-cache"
        ],
        "Strict-Transport-Security": [
          "max-age=31536000; includeSubDomains"
        ],
        "x-ms-request-id": [
          "8b0d47cc-b11a-48f6-8acd-f2dd21503301"
        ],
        "Server": [
          "Microsoft-HTTPAPI/2.0"
        ],
        "x-ms-ratelimit-remaining-subscription-reads": [
          "11995"
        ],
        "x-ms-correlation-request-id": [
          "907717f8-4e22-430f-bade-47a77bac22d7"
        ],
        "x-ms-routing-request-id": [
          "WESTUS:20200224T174000Z:907717f8-4e22-430f-bade-47a77bac22d7"
        ],
        "X-Content-Type-Options": [
          "nosniff"
        ],
        "Date": [
          "Mon, 24 Feb 2020 17:39:59 GMT"
        ],
        "Content-Length": [
          "34"
        ],
        "Content-Type": [
          "application/json; charset=utf-8"
        ],
        "Expires": [
          "-1"
        ]
      },
      "ResponseBody": "{\r\n  \"value\": [],\r\n  \"count\": 0\r\n}",
      "StatusCode": 200
    },
    {
      "RequestUri": "/subscriptions/a200340d-6b82-494d-9dbf-687ba6e33f9e/resourceGroups/powershelltest/providers/Microsoft.ApiManagement/service/powershellsdkservice/loggers/ps1912?api-version=2019-01-01",
      "EncodedRequestUri": "L3N1YnNjcmlwdGlvbnMvYTIwMDM0MGQtNmI4Mi00OTRkLTlkYmYtNjg3YmE2ZTMzZjllL3Jlc291cmNlR3JvdXBzL3Bvd2Vyc2hlbGx0ZXN0L3Byb3ZpZGVycy9NaWNyb3NvZnQuQXBpTWFuYWdlbWVudC9zZXJ2aWNlL3Bvd2Vyc2hlbGxzZGtzZXJ2aWNlL2xvZ2dlcnMvcHMxOTEyP2FwaS12ZXJzaW9uPTIwMTktMDEtMDE=",
      "RequestMethod": "PUT",
      "RequestBody": "{\r\n  \"properties\": {\r\n    \"loggerType\": \"applicationInsights\",\r\n    \"description\": \"ps6766\",\r\n    \"credentials\": {\r\n      \"instrumentationKey\": \"9479c844-0d01-482d-b6ba-559842638202\"\r\n    },\r\n    \"isBuffered\": true\r\n  }\r\n}",
      "RequestHeaders": {
        "x-ms-client-request-id": [
          "f6047b23-031d-48b2-af79-de2a0c3055de"
        ],
        "Accept-Language": [
          "en-US"
        ],
        "User-Agent": [
          "FxVersion/4.6.28325.01",
          "OSName/Windows",
          "OSVersion/Microsoft.Windows.10.0.18363.",
          "Microsoft.Azure.Management.ApiManagement.ApiManagementClient/4.12.0.0"
        ],
        "Content-Type": [
          "application/json; charset=utf-8"
        ],
        "Content-Length": [
          "222"
        ]
      },
      "ResponseHeaders": {
        "Cache-Control": [
          "no-cache"
        ],
        "Pragma": [
          "no-cache"
        ],
        "ETag": [
          "\"AAAAAAAACtQ=\""
        ],
        "Strict-Transport-Security": [
          "max-age=31536000; includeSubDomains"
        ],
        "x-ms-request-id": [
          "f8db3d8e-175a-452b-98fe-464c2390b2ab"
        ],
        "Server": [
          "Microsoft-HTTPAPI/2.0"
        ],
        "x-ms-ratelimit-remaining-subscription-writes": [
          "1199"
        ],
        "x-ms-correlation-request-id": [
          "23a03a3c-c3da-4467-bb27-565467143692"
        ],
        "x-ms-routing-request-id": [
          "WESTUS:20200224T173959Z:23a03a3c-c3da-4467-bb27-565467143692"
        ],
        "X-Content-Type-Options": [
          "nosniff"
        ],
        "Date": [
          "Mon, 24 Feb 2020 17:39:58 GMT"
        ],
        "Content-Length": [
          "505"
        ],
        "Content-Type": [
          "application/json; charset=utf-8"
        ],
        "Expires": [
          "-1"
        ]
      },
      "ResponseBody": "{\r\n  \"id\": \"/subscriptions/a200340d-6b82-494d-9dbf-687ba6e33f9e/resourceGroups/powershelltest/providers/Microsoft.ApiManagement/service/powershellsdkservice/loggers/ps1912\",\r\n  \"type\": \"Microsoft.ApiManagement/service/loggers\",\r\n  \"name\": \"ps1912\",\r\n  \"properties\": {\r\n    \"loggerType\": \"applicationInsights\",\r\n    \"description\": \"ps6766\",\r\n    \"credentials\": {\r\n      \"instrumentationKey\": \"{{Logger-Credentials-5e540a6f6f56470f90c9a635}}\"\r\n    },\r\n    \"isBuffered\": true,\r\n    \"resourceId\": null\r\n  }\r\n}",
      "StatusCode": 201
    },
    {
      "RequestUri": "/subscriptions/a200340d-6b82-494d-9dbf-687ba6e33f9e/resourceGroups/powershelltest/providers/Microsoft.ApiManagement/service/powershellsdkservice/apis/echo-api/diagnostics/applicationinsights?api-version=2019-01-01",
      "EncodedRequestUri": "L3N1YnNjcmlwdGlvbnMvYTIwMDM0MGQtNmI4Mi00OTRkLTlkYmYtNjg3YmE2ZTMzZjllL3Jlc291cmNlR3JvdXBzL3Bvd2Vyc2hlbGx0ZXN0L3Byb3ZpZGVycy9NaWNyb3NvZnQuQXBpTWFuYWdlbWVudC9zZXJ2aWNlL3Bvd2Vyc2hlbGxzZGtzZXJ2aWNlL2FwaXMvZWNoby1hcGkvZGlhZ25vc3RpY3MvYXBwbGljYXRpb25pbnNpZ2h0cz9hcGktdmVyc2lvbj0yMDE5LTAxLTAx",
      "RequestMethod": "PUT",
      "RequestBody": "{\r\n  \"properties\": {\r\n    \"alwaysLog\": \"allErrors\",\r\n    \"loggerId\": \"/loggers/ps1912\",\r\n    \"sampling\": {\r\n      \"samplingType\": \"fixed\",\r\n      \"percentage\": 100.0\r\n    },\r\n    \"frontend\": {\r\n      \"request\": {\r\n        \"headers\": [\r\n          \"Content-Type\",\r\n          \"UserAgent\"\r\n        ],\r\n        \"body\": {\r\n          \"bytes\": 100\r\n        }\r\n      },\r\n      \"response\": {\r\n        \"headers\": [\r\n          \"Content-Type\",\r\n          \"UserAgent\"\r\n        ],\r\n        \"body\": {\r\n          \"bytes\": 100\r\n        }\r\n      }\r\n    },\r\n    \"backend\": {\r\n      \"request\": {\r\n        \"headers\": [\r\n          \"Content-Type\",\r\n          \"UserAgent\"\r\n        ],\r\n        \"body\": {\r\n          \"bytes\": 100\r\n        }\r\n      },\r\n      \"response\": {\r\n        \"headers\": [\r\n          \"Content-Type\",\r\n          \"UserAgent\"\r\n        ],\r\n        \"body\": {\r\n          \"bytes\": 100\r\n        }\r\n      }\r\n    }\r\n  }\r\n}",
      "RequestHeaders": {
        "x-ms-client-request-id": [
          "6e25cd36-699c-41c0-9b3b-b7cdec3b71ec"
        ],
        "Accept-Language": [
          "en-US"
        ],
        "User-Agent": [
          "FxVersion/4.6.28325.01",
          "OSName/Windows",
          "OSVersion/Microsoft.Windows.10.0.18363.",
          "Microsoft.Azure.Management.ApiManagement.ApiManagementClient/4.12.0.0"
        ],
        "Content-Type": [
          "application/json; charset=utf-8"
        ],
        "Content-Length": [
          "905"
        ]
      },
      "ResponseHeaders": {
        "Cache-Control": [
          "no-cache"
        ],
        "Pragma": [
          "no-cache"
        ],
        "ETag": [
          "\"AAAAAAAACtY=\""
        ],
        "Strict-Transport-Security": [
          "max-age=31536000; includeSubDomains"
        ],
        "x-ms-request-id": [
          "4177197c-e04c-45a5-adaf-5104258c71c5"
        ],
        "Server": [
          "Microsoft-HTTPAPI/2.0"
        ],
        "x-ms-ratelimit-remaining-subscription-writes": [
          "1198"
        ],
        "x-ms-correlation-request-id": [
          "b54d5460-b236-4344-8d93-2197b24d2a13"
        ],
        "x-ms-routing-request-id": [
          "WESTUS:20200224T173959Z:b54d5460-b236-4344-8d93-2197b24d2a13"
        ],
        "X-Content-Type-Options": [
          "nosniff"
        ],
        "Date": [
          "Mon, 24 Feb 2020 17:39:58 GMT"
        ],
        "Content-Length": [
          "1460"
        ],
        "Content-Type": [
          "application/json; charset=utf-8"
        ],
        "Expires": [
          "-1"
        ]
      },
      "ResponseBody": "{\r\n  \"id\": \"/subscriptions/a200340d-6b82-494d-9dbf-687ba6e33f9e/resourceGroups/powershelltest/providers/Microsoft.ApiManagement/service/powershellsdkservice/apis/echo-api/diagnostics/applicationinsights\",\r\n  \"type\": \"Microsoft.ApiManagement/service/apis/diagnostics\",\r\n  \"name\": \"applicationinsights\",\r\n  \"properties\": {\r\n    \"alwaysLog\": \"allErrors\",\r\n    \"enableHttpCorrelationHeaders\": true,\r\n    \"httpCorrelationProtocol\": \"Legacy\",\r\n    \"logClientIp\": true,\r\n    \"loggerId\": \"/subscriptions/a200340d-6b82-494d-9dbf-687ba6e33f9e/resourceGroups/powershelltest/providers/Microsoft.ApiManagement/service/powershellsdkservice/loggers/ps1912\",\r\n    \"sampling\": {\r\n      \"samplingType\": \"fixed\",\r\n      \"percentage\": 100.0\r\n    },\r\n    \"frontend\": {\r\n      \"request\": {\r\n        \"headers\": [\r\n          \"Content-Type\",\r\n          \"UserAgent\"\r\n        ],\r\n        \"body\": {\r\n          \"bytes\": 100\r\n        }\r\n      },\r\n      \"response\": {\r\n        \"headers\": [\r\n          \"Content-Type\",\r\n          \"UserAgent\"\r\n        ],\r\n        \"body\": {\r\n          \"bytes\": 100\r\n        }\r\n      }\r\n    },\r\n    \"backend\": {\r\n      \"request\": {\r\n        \"headers\": [\r\n          \"Content-Type\",\r\n          \"UserAgent\"\r\n        ],\r\n        \"body\": {\r\n          \"bytes\": 100\r\n        }\r\n      },\r\n      \"response\": {\r\n        \"headers\": [\r\n          \"Content-Type\",\r\n          \"UserAgent\"\r\n        ],\r\n        \"body\": {\r\n          \"bytes\": 100\r\n        }\r\n      }\r\n    }\r\n  }\r\n}",
      "StatusCode": 201
    },
    {
      "RequestUri": "/subscriptions/a200340d-6b82-494d-9dbf-687ba6e33f9e/resourceGroups/powershelltest/providers/Microsoft.ApiManagement/service/powershellsdkservice/apis/echo-api/diagnostics/applicationinsights?api-version=2019-01-01",
      "EncodedRequestUri": "L3N1YnNjcmlwdGlvbnMvYTIwMDM0MGQtNmI4Mi00OTRkLTlkYmYtNjg3YmE2ZTMzZjllL3Jlc291cmNlR3JvdXBzL3Bvd2Vyc2hlbGx0ZXN0L3Byb3ZpZGVycy9NaWNyb3NvZnQuQXBpTWFuYWdlbWVudC9zZXJ2aWNlL3Bvd2Vyc2hlbGxzZGtzZXJ2aWNlL2FwaXMvZWNoby1hcGkvZGlhZ25vc3RpY3MvYXBwbGljYXRpb25pbnNpZ2h0cz9hcGktdmVyc2lvbj0yMDE5LTAxLTAx",
      "RequestMethod": "PUT",
      "RequestBody": "{\r\n  \"properties\": {\r\n    \"alwaysLog\": \"allErrors\",\r\n    \"loggerId\": \"/loggers/ps1912\",\r\n    \"sampling\": {\r\n      \"samplingType\": \"fixed\",\r\n      \"percentage\": 50.0\r\n    },\r\n    \"frontend\": {\r\n      \"request\": {\r\n        \"headers\": [\r\n          \"Content-Type\",\r\n          \"UserAgent\"\r\n        ],\r\n        \"body\": {\r\n          \"bytes\": 100\r\n        }\r\n      },\r\n      \"response\": {\r\n        \"headers\": [\r\n          \"Content-Type\",\r\n          \"UserAgent\"\r\n        ],\r\n        \"body\": {\r\n          \"bytes\": 100\r\n        }\r\n      }\r\n    },\r\n    \"enableHttpCorrelationHeaders\": true\r\n  }\r\n}",
      "RequestHeaders": {
        "x-ms-client-request-id": [
          "8ca0b519-8eec-43db-92e8-3536502d0c20"
        ],
        "If-Match": [
          "*"
        ],
        "Accept-Language": [
          "en-US"
        ],
        "User-Agent": [
          "FxVersion/4.6.28325.01",
          "OSName/Windows",
          "OSVersion/Microsoft.Windows.10.0.18363.",
          "Microsoft.Azure.Management.ApiManagement.ApiManagementClient/4.12.0.0"
        ],
        "Content-Type": [
          "application/json; charset=utf-8"
        ],
        "Content-Length": [
          "585"
        ]
      },
      "ResponseHeaders": {
        "Cache-Control": [
          "no-cache"
        ],
        "Pragma": [
          "no-cache"
        ],
        "ETag": [
          "\"AAAAAAAACtk=\""
        ],
        "Strict-Transport-Security": [
          "max-age=31536000; includeSubDomains"
        ],
        "x-ms-request-id": [
          "4e2a3a07-fec0-4b97-a435-13304df73d73"
        ],
        "Server": [
          "Microsoft-HTTPAPI/2.0"
        ],
        "x-ms-ratelimit-remaining-subscription-writes": [
          "1197"
        ],
        "x-ms-correlation-request-id": [
          "c64b1778-6e5b-46ec-a97d-19942924cd7a"
        ],
        "x-ms-routing-request-id": [
          "WESTUS:20200224T173959Z:c64b1778-6e5b-46ec-a97d-19942924cd7a"
        ],
        "X-Content-Type-Options": [
          "nosniff"
        ],
        "Date": [
          "Mon, 24 Feb 2020 17:39:59 GMT"
        ],
        "Content-Length": [
          "1119"
        ],
        "Content-Type": [
          "application/json; charset=utf-8"
        ],
        "Expires": [
          "-1"
        ]
      },
      "ResponseBody": "{\r\n  \"id\": \"/subscriptions/a200340d-6b82-494d-9dbf-687ba6e33f9e/resourceGroups/powershelltest/providers/Microsoft.ApiManagement/service/powershellsdkservice/apis/echo-api/diagnostics/applicationinsights\",\r\n  \"type\": \"Microsoft.ApiManagement/service/apis/diagnostics\",\r\n  \"name\": \"applicationinsights\",\r\n  \"properties\": {\r\n    \"alwaysLog\": \"allErrors\",\r\n    \"enableHttpCorrelationHeaders\": true,\r\n    \"httpCorrelationProtocol\": \"Legacy\",\r\n    \"logClientIp\": true,\r\n    \"loggerId\": \"/subscriptions/a200340d-6b82-494d-9dbf-687ba6e33f9e/resourceGroups/powershelltest/providers/Microsoft.ApiManagement/service/powershellsdkservice/loggers/ps1912\",\r\n    \"sampling\": {\r\n      \"samplingType\": \"fixed\",\r\n      \"percentage\": 50.0\r\n    },\r\n    \"frontend\": {\r\n      \"request\": {\r\n        \"headers\": [\r\n          \"Content-Type\",\r\n          \"UserAgent\"\r\n        ],\r\n        \"body\": {\r\n          \"bytes\": 100\r\n        }\r\n      },\r\n      \"response\": {\r\n        \"headers\": [\r\n          \"Content-Type\",\r\n          \"UserAgent\"\r\n        ],\r\n        \"body\": {\r\n          \"bytes\": 100\r\n        }\r\n      }\r\n    },\r\n    \"backend\": null\r\n  }\r\n}",
      "StatusCode": 200
    },
    {
      "RequestUri": "/subscriptions/a200340d-6b82-494d-9dbf-687ba6e33f9e/resourceGroups/powershelltest/providers/Microsoft.ApiManagement/service/powershellsdkservice/apis/echo-api/diagnostics/applicationinsights?api-version=2019-01-01",
      "EncodedRequestUri": "L3N1YnNjcmlwdGlvbnMvYTIwMDM0MGQtNmI4Mi00OTRkLTlkYmYtNjg3YmE2ZTMzZjllL3Jlc291cmNlR3JvdXBzL3Bvd2Vyc2hlbGx0ZXN0L3Byb3ZpZGVycy9NaWNyb3NvZnQuQXBpTWFuYWdlbWVudC9zZXJ2aWNlL3Bvd2Vyc2hlbGxzZGtzZXJ2aWNlL2FwaXMvZWNoby1hcGkvZGlhZ25vc3RpY3MvYXBwbGljYXRpb25pbnNpZ2h0cz9hcGktdmVyc2lvbj0yMDE5LTAxLTAx",
      "RequestMethod": "GET",
      "RequestBody": "",
      "RequestHeaders": {
        "x-ms-client-request-id": [
          "6d4f8309-74ae-4cb3-822a-2048d35cc263"
        ],
        "Accept-Language": [
          "en-US"
        ],
        "User-Agent": [
          "FxVersion/4.6.28325.01",
          "OSName/Windows",
          "OSVersion/Microsoft.Windows.10.0.18363.",
          "Microsoft.Azure.Management.ApiManagement.ApiManagementClient/4.12.0.0"
        ]
      },
      "ResponseHeaders": {
        "Cache-Control": [
          "no-cache"
        ],
        "Pragma": [
          "no-cache"
        ],
        "ETag": [
          "\"AAAAAAAACtk=\""
        ],
        "Strict-Transport-Security": [
          "max-age=31536000; includeSubDomains"
        ],
        "x-ms-request-id": [
          "5230c11c-e47c-4570-9c3d-485f69e5ed19"
        ],
        "Server": [
          "Microsoft-HTTPAPI/2.0"
        ],
        "x-ms-ratelimit-remaining-subscription-reads": [
          "11997"
        ],
        "x-ms-correlation-request-id": [
          "38482891-4ab9-457f-9caa-9a74c654caca"
        ],
        "x-ms-routing-request-id": [
          "WESTUS:20200224T174000Z:38482891-4ab9-457f-9caa-9a74c654caca"
        ],
        "X-Content-Type-Options": [
          "nosniff"
        ],
        "Date": [
          "Mon, 24 Feb 2020 17:39:59 GMT"
        ],
        "Content-Length": [
          "1119"
        ],
        "Content-Type": [
          "application/json; charset=utf-8"
        ],
        "Expires": [
          "-1"
        ]
      },
      "ResponseBody": "{\r\n  \"id\": \"/subscriptions/a200340d-6b82-494d-9dbf-687ba6e33f9e/resourceGroups/powershelltest/providers/Microsoft.ApiManagement/service/powershellsdkservice/apis/echo-api/diagnostics/applicationinsights\",\r\n  \"type\": \"Microsoft.ApiManagement/service/apis/diagnostics\",\r\n  \"name\": \"applicationinsights\",\r\n  \"properties\": {\r\n    \"alwaysLog\": \"allErrors\",\r\n    \"enableHttpCorrelationHeaders\": true,\r\n    \"httpCorrelationProtocol\": \"Legacy\",\r\n    \"logClientIp\": true,\r\n    \"loggerId\": \"/subscriptions/a200340d-6b82-494d-9dbf-687ba6e33f9e/resourceGroups/powershelltest/providers/Microsoft.ApiManagement/service/powershellsdkservice/loggers/ps1912\",\r\n    \"sampling\": {\r\n      \"samplingType\": \"fixed\",\r\n      \"percentage\": 50.0\r\n    },\r\n    \"frontend\": {\r\n      \"request\": {\r\n        \"headers\": [\r\n          \"Content-Type\",\r\n          \"UserAgent\"\r\n        ],\r\n        \"body\": {\r\n          \"bytes\": 100\r\n        }\r\n      },\r\n      \"response\": {\r\n        \"headers\": [\r\n          \"Content-Type\",\r\n          \"UserAgent\"\r\n        ],\r\n        \"body\": {\r\n          \"bytes\": 100\r\n        }\r\n      }\r\n    },\r\n    \"backend\": null\r\n  }\r\n}",
      "StatusCode": 200
    },
    {
      "RequestUri": "/subscriptions/a200340d-6b82-494d-9dbf-687ba6e33f9e/resourceGroups/powershelltest/providers/Microsoft.ApiManagement/service/powershellsdkservice/apis/echo-api/diagnostics/applicationinsights?api-version=2019-01-01",
      "EncodedRequestUri": "L3N1YnNjcmlwdGlvbnMvYTIwMDM0MGQtNmI4Mi00OTRkLTlkYmYtNjg3YmE2ZTMzZjllL3Jlc291cmNlR3JvdXBzL3Bvd2Vyc2hlbGx0ZXN0L3Byb3ZpZGVycy9NaWNyb3NvZnQuQXBpTWFuYWdlbWVudC9zZXJ2aWNlL3Bvd2Vyc2hlbGxzZGtzZXJ2aWNlL2FwaXMvZWNoby1hcGkvZGlhZ25vc3RpY3MvYXBwbGljYXRpb25pbnNpZ2h0cz9hcGktdmVyc2lvbj0yMDE5LTAxLTAx",
      "RequestMethod": "GET",
      "RequestBody": "",
      "RequestHeaders": {
        "x-ms-client-request-id": [
          "4b36668d-d65f-4029-bed0-968a19efda76"
        ],
        "Accept-Language": [
          "en-US"
        ],
        "User-Agent": [
          "FxVersion/4.6.28325.01",
          "OSName/Windows",
          "OSVersion/Microsoft.Windows.10.0.18363.",
          "Microsoft.Azure.Management.ApiManagement.ApiManagementClient/4.12.0.0"
        ]
      },
      "ResponseHeaders": {
        "Cache-Control": [
          "no-cache"
        ],
        "Pragma": [
          "no-cache"
        ],
        "ETag": [
          "\"AAAAAAAACtk=\""
        ],
        "Strict-Transport-Security": [
          "max-age=31536000; includeSubDomains"
        ],
        "x-ms-request-id": [
          "6e0cfe8b-ec77-44a2-8cbe-2964d112aadb"
        ],
        "Server": [
          "Microsoft-HTTPAPI/2.0"
        ],
        "x-ms-ratelimit-remaining-subscription-reads": [
          "11996"
        ],
        "x-ms-correlation-request-id": [
          "bab366f4-f22e-43ea-8a6b-7bf0c199aeec"
        ],
        "x-ms-routing-request-id": [
          "WESTUS:20200224T174000Z:bab366f4-f22e-43ea-8a6b-7bf0c199aeec"
        ],
        "X-Content-Type-Options": [
          "nosniff"
        ],
        "Date": [
          "Mon, 24 Feb 2020 17:39:59 GMT"
        ],
        "Content-Length": [
          "1119"
        ],
        "Content-Type": [
          "application/json; charset=utf-8"
        ],
        "Expires": [
          "-1"
        ]
      },
      "ResponseBody": "{\r\n  \"id\": \"/subscriptions/a200340d-6b82-494d-9dbf-687ba6e33f9e/resourceGroups/powershelltest/providers/Microsoft.ApiManagement/service/powershellsdkservice/apis/echo-api/diagnostics/applicationinsights\",\r\n  \"type\": \"Microsoft.ApiManagement/service/apis/diagnostics\",\r\n  \"name\": \"applicationinsights\",\r\n  \"properties\": {\r\n    \"alwaysLog\": \"allErrors\",\r\n    \"enableHttpCorrelationHeaders\": true,\r\n    \"httpCorrelationProtocol\": \"Legacy\",\r\n    \"logClientIp\": true,\r\n    \"loggerId\": \"/subscriptions/a200340d-6b82-494d-9dbf-687ba6e33f9e/resourceGroups/powershelltest/providers/Microsoft.ApiManagement/service/powershellsdkservice/loggers/ps1912\",\r\n    \"sampling\": {\r\n      \"samplingType\": \"fixed\",\r\n      \"percentage\": 50.0\r\n    },\r\n    \"frontend\": {\r\n      \"request\": {\r\n        \"headers\": [\r\n          \"Content-Type\",\r\n          \"UserAgent\"\r\n        ],\r\n        \"body\": {\r\n          \"bytes\": 100\r\n        }\r\n      },\r\n      \"response\": {\r\n        \"headers\": [\r\n          \"Content-Type\",\r\n          \"UserAgent\"\r\n        ],\r\n        \"body\": {\r\n          \"bytes\": 100\r\n        }\r\n      }\r\n    },\r\n    \"backend\": null\r\n  }\r\n}",
      "StatusCode": 200
    },
    {
      "RequestUri": "/subscriptions/a200340d-6b82-494d-9dbf-687ba6e33f9e/resourceGroups/powershelltest/providers/Microsoft.ApiManagement/service/powershellsdkservice/apis/echo-api/diagnostics/applicationinsights?api-version=2019-01-01",
      "EncodedRequestUri": "L3N1YnNjcmlwdGlvbnMvYTIwMDM0MGQtNmI4Mi00OTRkLTlkYmYtNjg3YmE2ZTMzZjllL3Jlc291cmNlR3JvdXBzL3Bvd2Vyc2hlbGx0ZXN0L3Byb3ZpZGVycy9NaWNyb3NvZnQuQXBpTWFuYWdlbWVudC9zZXJ2aWNlL3Bvd2Vyc2hlbGxzZGtzZXJ2aWNlL2FwaXMvZWNoby1hcGkvZGlhZ25vc3RpY3MvYXBwbGljYXRpb25pbnNpZ2h0cz9hcGktdmVyc2lvbj0yMDE5LTAxLTAx",
      "RequestMethod": "DELETE",
      "RequestBody": "",
      "RequestHeaders": {
        "x-ms-client-request-id": [
          "f1970b3b-5a81-441b-b5cd-f81bfc7faeb9"
        ],
        "If-Match": [
          "*"
        ],
        "Accept-Language": [
          "en-US"
        ],
        "User-Agent": [
          "FxVersion/4.6.28325.01",
          "OSName/Windows",
          "OSVersion/Microsoft.Windows.10.0.18363.",
          "Microsoft.Azure.Management.ApiManagement.ApiManagementClient/4.12.0.0"
        ]
      },
      "ResponseHeaders": {
        "Cache-Control": [
          "no-cache"
        ],
        "Pragma": [
          "no-cache"
        ],
        "Strict-Transport-Security": [
          "max-age=31536000; includeSubDomains"
        ],
        "x-ms-request-id": [
          "242eebf8-1137-4698-9cff-28fb8696b771"
        ],
        "Server": [
          "Microsoft-HTTPAPI/2.0"
        ],
        "x-ms-ratelimit-remaining-subscription-deletes": [
          "14999"
        ],
        "x-ms-correlation-request-id": [
          "788c49af-7b14-4e69-b269-e09755999910"
        ],
        "x-ms-routing-request-id": [
          "WESTUS:20200224T174000Z:788c49af-7b14-4e69-b269-e09755999910"
        ],
        "X-Content-Type-Options": [
          "nosniff"
        ],
        "Date": [
          "Mon, 24 Feb 2020 17:39:59 GMT"
        ],
        "Expires": [
          "-1"
        ],
        "Content-Length": [
          "0"
        ]
      },
      "ResponseBody": "",
      "StatusCode": 200
    },
    {
      "RequestUri": "/subscriptions/a200340d-6b82-494d-9dbf-687ba6e33f9e/resourceGroups/powershelltest/providers/Microsoft.ApiManagement/service/powershellsdkservice/apis/echo-api/diagnostics/applicationinsights?api-version=2019-01-01",
      "EncodedRequestUri": "L3N1YnNjcmlwdGlvbnMvYTIwMDM0MGQtNmI4Mi00OTRkLTlkYmYtNjg3YmE2ZTMzZjllL3Jlc291cmNlR3JvdXBzL3Bvd2Vyc2hlbGx0ZXN0L3Byb3ZpZGVycy9NaWNyb3NvZnQuQXBpTWFuYWdlbWVudC9zZXJ2aWNlL3Bvd2Vyc2hlbGxzZGtzZXJ2aWNlL2FwaXMvZWNoby1hcGkvZGlhZ25vc3RpY3MvYXBwbGljYXRpb25pbnNpZ2h0cz9hcGktdmVyc2lvbj0yMDE5LTAxLTAx",
      "RequestMethod": "DELETE",
      "RequestBody": "",
      "RequestHeaders": {
        "x-ms-client-request-id": [
          "267a5c10-6ff5-4e38-a531-e0dd616f538c"
        ],
        "If-Match": [
          "*"
        ],
        "Accept-Language": [
          "en-US"
        ],
        "User-Agent": [
          "FxVersion/4.6.28325.01",
          "OSName/Windows",
          "OSVersion/Microsoft.Windows.10.0.18363.",
          "Microsoft.Azure.Management.ApiManagement.ApiManagementClient/4.12.0.0"
        ]
      },
      "ResponseHeaders": {
        "Cache-Control": [
          "no-cache"
        ],
        "Pragma": [
          "no-cache"
        ],
        "Strict-Transport-Security": [
          "max-age=31536000; includeSubDomains"
        ],
        "x-ms-request-id": [
          "05c41cc0-edcf-4c73-8104-8ae1caed0f96"
        ],
        "Server": [
          "Microsoft-HTTPAPI/2.0"
        ],
        "x-ms-ratelimit-remaining-subscription-deletes": [
          "14998"
        ],
        "x-ms-correlation-request-id": [
          "b9d82cc1-215f-42c5-af64-b8d82698f82a"
        ],
        "x-ms-routing-request-id": [
          "WESTUS:20200224T174000Z:b9d82cc1-215f-42c5-af64-b8d82698f82a"
        ],
        "X-Content-Type-Options": [
          "nosniff"
        ],
        "Date": [
          "Mon, 24 Feb 2020 17:39:59 GMT"
        ],
        "Expires": [
          "-1"
        ]
      },
      "ResponseBody": "",
      "StatusCode": 204
    },
    {
      "RequestUri": "/subscriptions/a200340d-6b82-494d-9dbf-687ba6e33f9e/resourceGroups/powershelltest/providers/Microsoft.ApiManagement/service/powershellsdkservice/loggers/ps1912?api-version=2019-01-01",
      "EncodedRequestUri": "L3N1YnNjcmlwdGlvbnMvYTIwMDM0MGQtNmI4Mi00OTRkLTlkYmYtNjg3YmE2ZTMzZjllL3Jlc291cmNlR3JvdXBzL3Bvd2Vyc2hlbGx0ZXN0L3Byb3ZpZGVycy9NaWNyb3NvZnQuQXBpTWFuYWdlbWVudC9zZXJ2aWNlL3Bvd2Vyc2hlbGxzZGtzZXJ2aWNlL2xvZ2dlcnMvcHMxOTEyP2FwaS12ZXJzaW9uPTIwMTktMDEtMDE=",
      "RequestMethod": "DELETE",
      "RequestBody": "",
      "RequestHeaders": {
        "x-ms-client-request-id": [
          "da9ec083-2339-49b8-8237-a6b7aecb3334"
        ],
        "If-Match": [
          "*"
        ],
        "Accept-Language": [
          "en-US"
        ],
        "User-Agent": [
          "FxVersion/4.6.28325.01",
          "OSName/Windows",
          "OSVersion/Microsoft.Windows.10.0.18363.",
          "Microsoft.Azure.Management.ApiManagement.ApiManagementClient/4.12.0.0"
        ]
      },
      "ResponseHeaders": {
        "Cache-Control": [
          "no-cache"
        ],
        "Pragma": [
          "no-cache"
        ],
        "Strict-Transport-Security": [
          "max-age=31536000; includeSubDomains"
        ],
        "x-ms-request-id": [
          "d92b5ee7-cfea-4b2b-91c3-ec230d1dd199"
        ],
        "Server": [
          "Microsoft-HTTPAPI/2.0"
        ],
        "x-ms-ratelimit-remaining-subscription-deletes": [
          "14997"
        ],
        "x-ms-correlation-request-id": [
          "677bcea3-00d4-4c31-87d3-49fb2c5efec0"
        ],
        "x-ms-routing-request-id": [
          "WESTUS:20200224T174001Z:677bcea3-00d4-4c31-87d3-49fb2c5efec0"
        ],
        "X-Content-Type-Options": [
          "nosniff"
        ],
        "Date": [
          "Mon, 24 Feb 2020 17:40:00 GMT"
        ],
        "Expires": [
          "-1"
        ],
        "Content-Length": [
          "0"
        ]
      },
      "ResponseBody": "",
      "StatusCode": 200
    },
    {
      "RequestUri": "/subscriptions/a200340d-6b82-494d-9dbf-687ba6e33f9e/resourceGroups/powershelltest/providers/Microsoft.ApiManagement/service/powershellsdkservice/properties?api-version=2019-01-01",
      "EncodedRequestUri": "L3N1YnNjcmlwdGlvbnMvYTIwMDM0MGQtNmI4Mi00OTRkLTlkYmYtNjg3YmE2ZTMzZjllL3Jlc291cmNlR3JvdXBzL3Bvd2Vyc2hlbGx0ZXN0L3Byb3ZpZGVycy9NaWNyb3NvZnQuQXBpTWFuYWdlbWVudC9zZXJ2aWNlL3Bvd2Vyc2hlbGxzZGtzZXJ2aWNlL3Byb3BlcnRpZXM/YXBpLXZlcnNpb249MjAxOS0wMS0wMQ==",
      "RequestMethod": "GET",
      "RequestBody": "",
      "RequestHeaders": {
        "x-ms-client-request-id": [
          "2a3d0b2e-e482-4cd3-997c-b97a155f9c45"
        ],
        "Accept-Language": [
          "en-US"
        ],
        "User-Agent": [
          "FxVersion/4.6.28325.01",
          "OSName/Windows",
          "OSVersion/Microsoft.Windows.10.0.18363.",
          "Microsoft.Azure.Management.ApiManagement.ApiManagementClient/4.12.0.0"
        ]
      },
      "ResponseHeaders": {
        "Cache-Control": [
          "no-cache"
        ],
        "Pragma": [
          "no-cache"
        ],
        "Strict-Transport-Security": [
          "max-age=31536000; includeSubDomains"
        ],
        "x-ms-request-id": [
          "1b8348b0-293d-43fe-ac24-a5d13d963d90"
        ],
        "Server": [
          "Microsoft-HTTPAPI/2.0"
        ],
        "x-ms-ratelimit-remaining-subscription-reads": [
          "11994"
        ],
        "x-ms-correlation-request-id": [
          "0c7c39fb-a14c-43cc-bf58-f92cd66249b4"
        ],
        "x-ms-routing-request-id": [
          "WESTUS:20200224T174001Z:0c7c39fb-a14c-43cc-bf58-f92cd66249b4"
        ],
        "X-Content-Type-Options": [
          "nosniff"
        ],
        "Date": [
          "Mon, 24 Feb 2020 17:40:00 GMT"
        ],
        "Content-Length": [
          "561"
        ],
        "Content-Type": [
          "application/json; charset=utf-8"
        ],
        "Expires": [
          "-1"
        ]
      },
      "ResponseBody": "{\r\n  \"value\": [\r\n    {\r\n      \"id\": \"/subscriptions/a200340d-6b82-494d-9dbf-687ba6e33f9e/resourceGroups/powershelltest/providers/Microsoft.ApiManagement/service/powershellsdkservice/properties/5e540a6f6f56470f90c9a634\",\r\n      \"type\": \"Microsoft.ApiManagement/service/properties\",\r\n      \"name\": \"5e540a6f6f56470f90c9a634\",\r\n      \"properties\": {\r\n        \"displayName\": \"Logger-Credentials-5e540a6f6f56470f90c9a635\",\r\n        \"value\": \"9479c844-0d01-482d-b6ba-559842638202\",\r\n        \"tags\": null,\r\n        \"secret\": true\r\n      }\r\n    }\r\n  ],\r\n  \"count\": 1\r\n}",
      "StatusCode": 200
    },
    {
      "RequestUri": "/subscriptions/a200340d-6b82-494d-9dbf-687ba6e33f9e/resourceGroups/powershelltest/providers/Microsoft.ApiManagement/service/powershellsdkservice/properties/5e540a6f6f56470f90c9a634?api-version=2019-01-01",
      "EncodedRequestUri": "L3N1YnNjcmlwdGlvbnMvYTIwMDM0MGQtNmI4Mi00OTRkLTlkYmYtNjg3YmE2ZTMzZjllL3Jlc291cmNlR3JvdXBzL3Bvd2Vyc2hlbGx0ZXN0L3Byb3ZpZGVycy9NaWNyb3NvZnQuQXBpTWFuYWdlbWVudC9zZXJ2aWNlL3Bvd2Vyc2hlbGxzZGtzZXJ2aWNlL3Byb3BlcnRpZXMvNWU1NDBhNmY2ZjU2NDcwZjkwYzlhNjM0P2FwaS12ZXJzaW9uPTIwMTktMDEtMDE=",
      "RequestMethod": "DELETE",
      "RequestBody": "",
      "RequestHeaders": {
        "x-ms-client-request-id": [
          "86d2b745-0032-4455-8173-03e808459a57"
        ],
        "If-Match": [
          "*"
        ],
        "Accept-Language": [
          "en-US"
        ],
        "User-Agent": [
          "FxVersion/4.6.28325.01",
          "OSName/Windows",
          "OSVersion/Microsoft.Windows.10.0.18363.",
          "Microsoft.Azure.Management.ApiManagement.ApiManagementClient/4.12.0.0"
        ]
      },
      "ResponseHeaders": {
        "Cache-Control": [
          "no-cache"
        ],
        "Pragma": [
          "no-cache"
        ],
        "Strict-Transport-Security": [
          "max-age=31536000; includeSubDomains"
        ],
        "x-ms-request-id": [
          "1b875dcd-e9c6-44a1-9f7c-c352b23ed9f6"
        ],
        "Server": [
          "Microsoft-HTTPAPI/2.0"
        ],
        "x-ms-ratelimit-remaining-subscription-deletes": [
          "14996"
        ],
        "x-ms-correlation-request-id": [
          "f2eb2d51-7eb5-440e-8b62-57f65fd05abc"
        ],
        "x-ms-routing-request-id": [
          "WESTUS:20200224T174002Z:f2eb2d51-7eb5-440e-8b62-57f65fd05abc"
        ],
        "X-Content-Type-Options": [
          "nosniff"
        ],
        "Date": [
          "Mon, 24 Feb 2020 17:40:01 GMT"
        ],
        "Expires": [
          "-1"
        ],
        "Content-Length": [
          "0"
        ]
      },
      "ResponseBody": "",
      "StatusCode": 200
    }
  ],
  "Names": {
    "": [
      "ps1912",
      "ps6766"
    ]
  },
  "Variables": {
    "SubscriptionId": "a200340d-6b82-494d-9dbf-687ba6e33f9e"
  }
}