{
  "Entries": [
    {
      "RequestUri": "/subscriptions/a200340d-6b82-494d-9dbf-687ba6e33f9e/resourceGroups/powershelltest/providers/Microsoft.ApiManagement/service/powershellsdkservice/apis/ps3095?api-version=2019-12-01",
      "EncodedRequestUri": "L3N1YnNjcmlwdGlvbnMvYTIwMDM0MGQtNmI4Mi00OTRkLTlkYmYtNjg3YmE2ZTMzZjllL3Jlc291cmNlR3JvdXBzL3Bvd2Vyc2hlbGx0ZXN0L3Byb3ZpZGVycy9NaWNyb3NvZnQuQXBpTWFuYWdlbWVudC9zZXJ2aWNlL3Bvd2Vyc2hlbGxzZGtzZXJ2aWNlL2FwaXMvcHMzMDk1P2FwaS12ZXJzaW9uPTIwMTktMTItMDE=",
      "RequestMethod": "PUT",
      "RequestBody": "{\r\n  \"properties\": {\r\n    \"path\": \"openapifromFile\",\r\n    \"value\": \"openapi: 3.0.1\\r\\nservers:\\r\\n  - url: 'https://developer.uspto.gov/ds-api'\\r\\ninfo:\\r\\n  description: >-\\r\\n    The Data Set API (DSAPI) allows the public users to discover and search\\r\\n    USPTO exported data sets. This is a generic API that allows USPTO users to\\r\\n    make any CSV based data files searchable through API. With the help of GET\\r\\n    call, it returns the list of data fields that are searchable. With the help\\r\\n    of POST call, data can be fetched based on the filters on the field names.\\r\\n    Please note that POST call is used to search the actual data. The reason for\\r\\n    the POST call is that it allows users to specify any complex search criteria\\r\\n    without worry about the GET size limitations as well as encoding of the\\r\\n    input parameters.\\r\\n  version: 1.0.0\\r\\n  title: USPTO Data Set API\\r\\n  contact:\\r\\n    name: Open Data Portal\\r\\n    url: 'https://developer.uspto.gov'\\r\\n    email: developer@uspto.gov\\r\\ntags:\\r\\n  - name: metadata\\r\\n    description: Find out about the data sets\\r\\n  - name: search\\r\\n    description: Search a data set\\r\\npaths:\\r\\n  /:\\r\\n    get:\\r\\n      tags:\\r\\n        - metadata\\r\\n      operationId: list-data-sets\\r\\n      summary: List available data sets\\r\\n      responses:\\r\\n        '200':\\r\\n          description: Returns a list of data sets\\r\\n          content:\\r\\n            application/json:\\r\\n              schema:\\r\\n                $ref: '#/components/schemas/dataSetList'\\r\\n              example:\\r\\n                {\\r\\n                  \\\"total\\\": 2,\\r\\n                  \\\"apis\\\": [\\r\\n                    {\\r\\n                      \\\"apiKey\\\": \\\"oa_citations\\\",\\r\\n                      \\\"apiVersionNumber\\\": \\\"v1\\\",\\r\\n                      \\\"apiUrl\\\": \\\"https://developer.uspto.gov/ds-api/oa_citations/v1/fields\\\",\\r\\n                      \\\"apiDocumentationUrl\\\": \\\"https://developer.uspto.gov/ds-api-docs/index.html?url=https://developer.uspto.gov/ds-api/swagger/docs/oa_citations.json\\\"\\r\\n                    },\\r\\n                    {\\r\\n                      \\\"apiKey\\\": \\\"cancer_moonshot\\\",\\r\\n                      \\\"apiVersionNumber\\\": \\\"v1\\\",\\r\\n                      \\\"apiUrl\\\": \\\"https://developer.uspto.gov/ds-api/cancer_moonshot/v1/fields\\\",\\r\\n                      \\\"apiDocumentationUrl\\\": \\\"https://developer.uspto.gov/ds-api-docs/index.html?url=https://developer.uspto.gov/ds-api/swagger/docs/cancer_moonshot.json\\\"\\r\\n                    }\\r\\n                  ]\\r\\n                }\\r\\n  /{dataset}/{version}/fields:\\r\\n    get:\\r\\n      tags:\\r\\n        - metadata\\r\\n      summary: >-\\r\\n        Provides the general information about the API and the list of fields\\r\\n        that can be used to query the dataset.\\r\\n      description: >-\\r\\n        This GET API returns the list of all the searchable field names that are\\r\\n        in the oa_citations. Please see the 'fields' attribute which returns an\\r\\n        array of field names. Each field or a combination of fields can be\\r\\n        searched using the syntax options shown below.\\r\\n      operationId: list-searchable-fields\\r\\n      parameters:\\r\\n        - name: dataset\\r\\n          in: path\\r\\n          description: 'Name of the dataset.'\\r\\n          required: true\\r\\n          example: \\\"oa_citations\\\"\\r\\n          schema:\\r\\n            type: string\\r\\n        - name: version\\r\\n          in: path\\r\\n          description: Version of the dataset.\\r\\n          required: true\\r\\n          example: \\\"v1\\\"\\r\\n          schema:\\r\\n            type: string\\r\\n      responses:\\r\\n        '200':\\r\\n          description: >-\\r\\n            The dataset API for the given version is found and it is accessible\\r\\n            to consume.\\r\\n          content:\\r\\n            application/json:\\r\\n              schema:\\r\\n                type: string\\r\\n        '404':\\r\\n          description: >-\\r\\n            The combination of dataset name and version is not found in the\\r\\n            system or it is not published yet to be consumed by public.\\r\\n          content:\\r\\n            application/json:\\r\\n              schema:\\r\\n                type: string\\r\\n  /{dataset}/{version}/records:\\r\\n    post:\\r\\n      tags:\\r\\n        - search\\r\\n      summary: >-\\r\\n        Provides search capability for the data set with the given search\\r\\n        criteria.\\r\\n      description: >-\\r\\n        This API is based on Solr/Lucense Search. The data is indexed using\\r\\n        SOLR. This GET API returns the list of all the searchable field names\\r\\n        that are in the Solr Index. Please see the 'fields' attribute which\\r\\n        returns an array of field names. Each field or a combination of fields\\r\\n        can be searched using the Solr/Lucene Syntax. Please refer\\r\\n        https://lucene.apache.org/core/3_6_2/queryparsersyntax.html#Overview for\\r\\n        the query syntax. List of field names that are searchable can be\\r\\n        determined using above GET api.\\r\\n      operationId: perform-search\\r\\n      parameters:\\r\\n        - name: version\\r\\n          in: path\\r\\n          description: Version of the dataset.\\r\\n          required: true\\r\\n          schema:\\r\\n            type: string\\r\\n            default: v1\\r\\n        - name: dataset\\r\\n          in: path\\r\\n          description: 'Name of the dataset. In this case, the default value is oa_citations'\\r\\n          required: true\\r\\n          schema:\\r\\n            type: string\\r\\n            default: oa_citations\\r\\n      responses:\\r\\n        '200':\\r\\n          description: successful operation\\r\\n          content:\\r\\n            application/json:\\r\\n              schema:\\r\\n                type: array\\r\\n                items:\\r\\n                  type: object\\r\\n                  additionalProperties:\\r\\n                    type: object\\r\\n        '404':\\r\\n          description: No matching record found for the given criteria.\\r\\n      requestBody:\\r\\n        content:\\r\\n          application/x-www-form-urlencoded:\\r\\n            schema:\\r\\n              type: object\\r\\n              properties:\\r\\n                criteria:\\r\\n                  description: >-\\r\\n                    Uses Lucene Query Syntax in the format of\\r\\n                    propertyName:value, propertyName:[num1 TO num2] and date\\r\\n                    range format: propertyName:[yyyyMMdd TO yyyyMMdd]. In the\\r\\n                    response please see the 'docs' element which has the list of\\r\\n                    record objects. Each record structure would consist of all\\r\\n                    the fields and their corresponding values.\\r\\n                  type: string\\r\\n                  default: '*:*'\\r\\n                start:\\r\\n                  description: Starting record number. Default value is 0.\\r\\n                  type: integer\\r\\n                  default: 0\\r\\n                rows:\\r\\n                  description: >-\\r\\n                    Specify number of rows to be returned. If you run the search\\r\\n                    with default values, in the response you will see 'numFound'\\r\\n                    attribute which will tell the number of records available in\\r\\n                    the dataset.\\r\\n                  type: integer\\r\\n                  default: 100\\r\\n              required:\\r\\n                - criteria\\r\\ncomponents:\\r\\n  schemas:\\r\\n    dataSetList:\\r\\n      type: object\\r\\n      properties:\\r\\n        total:\\r\\n          type: integer\\r\\n        apis:\\r\\n          type: array\\r\\n          items:\\r\\n            type: object\\r\\n            properties:\\r\\n              apiKey:\\r\\n                type: string\\r\\n                description: To be used as a dataset parameter value\\r\\n              apiVersionNumber:\\r\\n                type: string\\r\\n                description: To be used as a version parameter value\\r\\n              apiUrl:\\r\\n                type: string\\r\\n                format: uriref\\r\\n                description: \\\"The URL describing the dataset's fields\\\"\\r\\n              apiDocumentationUrl:\\r\\n                type: string\\r\\n                format: uriref\\r\\n                description: A URL to the API console for each API\",\r\n    \"format\": \"openapi\"\r\n  }\r\n}",
      "RequestHeaders": {
        "x-ms-client-request-id": [
          "a2b5cd6c-ff53-4d59-a248-f36e7af6e9ca"
        ],
        "Accept-Language": [
          "en-US"
        ],
        "User-Agent": [
          "FxVersion/4.6.27817.03",
          "OSName/Windows",
          "OSVersion/Microsoft.Windows.10.0.18363.",
          "Microsoft.Azure.Management.ApiManagement.ApiManagementClient/5.0.0.0"
        ],
        "Content-Type": [
          "application/json; charset=utf-8"
        ],
        "Content-Length": [
          "8311"
        ]
      },
      "ResponseHeaders": {
        "Cache-Control": [
          "no-cache"
        ],
        "Pragma": [
          "no-cache"
        ],
        "Location": [
          "https://management.azure.com/subscriptions/a200340d-6b82-494d-9dbf-687ba6e33f9e/resourceGroups/powershelltest/providers/Microsoft.ApiManagement/service/powershellsdkservice/apis/ps3095?api-version=2019-12-01&asyncId=5e9dd3006f564710e092ef5b&asyncCode=201"
        ],
        "Strict-Transport-Security": [
          "max-age=31536000; includeSubDomains"
        ],
        "x-ms-request-id": [
          "55c2ae74-b8db-44de-8a03-47aac16d02e5"
        ],
        "Server": [
          "Microsoft-HTTPAPI/2.0"
        ],
        "x-ms-ratelimit-remaining-subscription-writes": [
          "1199"
        ],
        "x-ms-correlation-request-id": [
          "b3f9fea2-a313-44c3-b56d-54cf649a6eb9"
        ],
        "x-ms-routing-request-id": [
          "WESTUS:20200420T165112Z:b3f9fea2-a313-44c3-b56d-54cf649a6eb9"
        ],
        "X-Content-Type-Options": [
          "nosniff"
        ],
        "Date": [
          "Mon, 20 Apr 2020 16:51:12 GMT"
        ],
        "Expires": [
          "-1"
        ],
        "Content-Length": [
          "0"
        ]
      },
      "ResponseBody": "",
      "StatusCode": 202
    },
    {
      "RequestUri": "/subscriptions/a200340d-6b82-494d-9dbf-687ba6e33f9e/resourceGroups/powershelltest/providers/Microsoft.ApiManagement/service/powershellsdkservice/apis/ps3095?api-version=2019-12-01&asyncId=5e9dd3006f564710e092ef5b&asyncCode=201",
      "EncodedRequestUri": "L3N1YnNjcmlwdGlvbnMvYTIwMDM0MGQtNmI4Mi00OTRkLTlkYmYtNjg3YmE2ZTMzZjllL3Jlc291cmNlR3JvdXBzL3Bvd2Vyc2hlbGx0ZXN0L3Byb3ZpZGVycy9NaWNyb3NvZnQuQXBpTWFuYWdlbWVudC9zZXJ2aWNlL3Bvd2Vyc2hlbGxzZGtzZXJ2aWNlL2FwaXMvcHMzMDk1P2FwaS12ZXJzaW9uPTIwMTktMTItMDEmYXN5bmNJZD01ZTlkZDMwMDZmNTY0NzEwZTA5MmVmNWImYXN5bmNDb2RlPTIwMQ==",
      "RequestMethod": "GET",
      "RequestBody": "",
      "RequestHeaders": {
        "User-Agent": [
          "FxVersion/4.6.27817.03",
          "OSName/Windows",
          "OSVersion/Microsoft.Windows.10.0.18363.",
          "Microsoft.Azure.Management.ApiManagement.ApiManagementClient/5.0.0.0"
        ]
      },
      "ResponseHeaders": {
        "Cache-Control": [
          "no-cache"
        ],
        "Pragma": [
          "no-cache"
        ],
        "ETag": [
          "\"AAAAAAAAOBc=\""
        ],
        "Strict-Transport-Security": [
          "max-age=31536000; includeSubDomains"
        ],
        "x-ms-request-id": [
          "efae6d09-a467-41b8-afcc-f3b7814171af"
        ],
        "Server": [
          "Microsoft-HTTPAPI/2.0"
        ],
        "x-ms-ratelimit-remaining-subscription-reads": [
          "11999"
        ],
        "x-ms-correlation-request-id": [
          "fa3abb7e-3dce-4ac4-8994-cc3845dae223"
        ],
        "x-ms-routing-request-id": [
          "WESTUS:20200420T165142Z:fa3abb7e-3dce-4ac4-8994-cc3845dae223"
        ],
        "X-Content-Type-Options": [
          "nosniff"
        ],
        "Date": [
          "Mon, 20 Apr 2020 16:51:42 GMT"
        ],
        "Content-Length": [
          "1381"
        ],
        "Content-Type": [
          "application/json; charset=utf-8"
        ],
        "Expires": [
          "-1"
        ]
      },
      "ResponseBody": "{\r\n  \"id\": \"/subscriptions/a200340d-6b82-494d-9dbf-687ba6e33f9e/resourceGroups/powershelltest/providers/Microsoft.ApiManagement/service/powershellsdkservice/apis/ps3095\",\r\n  \"type\": \"Microsoft.ApiManagement/service/apis\",\r\n  \"name\": \"ps3095\",\r\n  \"properties\": {\r\n    \"displayName\": \"USPTO Data Set API\",\r\n    \"apiRevision\": \"1\",\r\n    \"description\": \"The Data Set API (DSAPI) allows the public users to discover and search USPTO exported data sets. This is a generic API that allows USPTO users to make any CSV based data files searchable through API. With the help of GET call, it returns the list of data fields that are searchable. With the help of POST call, data can be fetched based on the filters on the field names. Please note that POST call is used to search the actual data. The reason for the POST call is that it allows users to specify any complex search criteria without worry about the GET size limitations as well as encoding of the input parameters.\",\r\n    \"subscriptionRequired\": true,\r\n    \"serviceUrl\": \"https://developer.uspto.gov/ds-api\",\r\n    \"path\": \"openapifromFile\",\r\n    \"protocols\": [\r\n      \"https\"\r\n    ],\r\n    \"authenticationSettings\": {\r\n      \"oAuth2\": null,\r\n      \"openid\": null\r\n    },\r\n    \"subscriptionKeyParameterNames\": {\r\n      \"header\": \"Ocp-Apim-Subscription-Key\",\r\n      \"query\": \"subscription-key\"\r\n    },\r\n    \"isCurrent\": true\r\n  }\r\n}",
      "StatusCode": 201
    },
    {
      "RequestUri": "/subscriptions/a200340d-6b82-494d-9dbf-687ba6e33f9e/resourceGroups/powershelltest/providers/Microsoft.ApiManagement/service/powershellsdkservice/apis/ps3095?api-version=2019-12-01",
      "EncodedRequestUri": "L3N1YnNjcmlwdGlvbnMvYTIwMDM0MGQtNmI4Mi00OTRkLTlkYmYtNjg3YmE2ZTMzZjllL3Jlc291cmNlR3JvdXBzL3Bvd2Vyc2hlbGx0ZXN0L3Byb3ZpZGVycy9NaWNyb3NvZnQuQXBpTWFuYWdlbWVudC9zZXJ2aWNlL3Bvd2Vyc2hlbGxzZGtzZXJ2aWNlL2FwaXMvcHMzMDk1P2FwaS12ZXJzaW9uPTIwMTktMTItMDE=",
      "RequestMethod": "GET",
      "RequestBody": "",
      "RequestHeaders": {
        "x-ms-client-request-id": [
          "841e4459-e576-4991-a9e5-6bec7687477a"
        ],
        "Accept-Language": [
          "en-US"
        ],
        "User-Agent": [
          "FxVersion/4.6.27817.03",
          "OSName/Windows",
          "OSVersion/Microsoft.Windows.10.0.18363.",
          "Microsoft.Azure.Management.ApiManagement.ApiManagementClient/5.0.0.0"
        ]
      },
      "ResponseHeaders": {
        "Cache-Control": [
          "no-cache"
        ],
        "Pragma": [
          "no-cache"
        ],
        "ETag": [
          "\"AAAAAAAAOBc=\""
        ],
        "Strict-Transport-Security": [
          "max-age=31536000; includeSubDomains"
        ],
        "x-ms-request-id": [
          "0979f3a2-e806-4afe-9166-411916ecb03a"
        ],
        "Server": [
          "Microsoft-HTTPAPI/2.0"
        ],
        "x-ms-ratelimit-remaining-subscription-reads": [
          "11998"
        ],
        "x-ms-correlation-request-id": [
          "d525f907-a34b-4534-8b69-9cc8a3965c0c"
        ],
        "x-ms-routing-request-id": [
          "WESTUS:20200420T165142Z:d525f907-a34b-4534-8b69-9cc8a3965c0c"
        ],
        "X-Content-Type-Options": [
          "nosniff"
        ],
        "Date": [
          "Mon, 20 Apr 2020 16:51:42 GMT"
        ],
        "Content-Length": [
          "1381"
        ],
        "Content-Type": [
          "application/json; charset=utf-8"
        ],
        "Expires": [
          "-1"
        ]
      },
      "ResponseBody": "{\r\n  \"id\": \"/subscriptions/a200340d-6b82-494d-9dbf-687ba6e33f9e/resourceGroups/powershelltest/providers/Microsoft.ApiManagement/service/powershellsdkservice/apis/ps3095\",\r\n  \"type\": \"Microsoft.ApiManagement/service/apis\",\r\n  \"name\": \"ps3095\",\r\n  \"properties\": {\r\n    \"displayName\": \"USPTO Data Set API\",\r\n    \"apiRevision\": \"1\",\r\n    \"description\": \"The Data Set API (DSAPI) allows the public users to discover and search USPTO exported data sets. This is a generic API that allows USPTO users to make any CSV based data files searchable through API. With the help of GET call, it returns the list of data fields that are searchable. With the help of POST call, data can be fetched based on the filters on the field names. Please note that POST call is used to search the actual data. The reason for the POST call is that it allows users to specify any complex search criteria without worry about the GET size limitations as well as encoding of the input parameters.\",\r\n    \"subscriptionRequired\": true,\r\n    \"serviceUrl\": \"https://developer.uspto.gov/ds-api\",\r\n    \"path\": \"openapifromFile\",\r\n    \"protocols\": [\r\n      \"https\"\r\n    ],\r\n    \"authenticationSettings\": {\r\n      \"oAuth2\": null,\r\n      \"openid\": null\r\n    },\r\n    \"subscriptionKeyParameterNames\": {\r\n      \"header\": \"Ocp-Apim-Subscription-Key\",\r\n      \"query\": \"subscription-key\"\r\n    },\r\n    \"isCurrent\": true\r\n  }\r\n}",
      "StatusCode": 200
    },
    {
      "RequestUri": "/subscriptions/a200340d-6b82-494d-9dbf-687ba6e33f9e/resourceGroups/powershelltest/providers/Microsoft.ApiManagement/service/powershellsdkservice/apis/ps2945?api-version=2019-12-01",
      "EncodedRequestUri": "L3N1YnNjcmlwdGlvbnMvYTIwMDM0MGQtNmI4Mi00OTRkLTlkYmYtNjg3YmE2ZTMzZjllL3Jlc291cmNlR3JvdXBzL3Bvd2Vyc2hlbGx0ZXN0L3Byb3ZpZGVycy9NaWNyb3NvZnQuQXBpTWFuYWdlbWVudC9zZXJ2aWNlL3Bvd2Vyc2hlbGxzZGtzZXJ2aWNlL2FwaXMvcHMyOTQ1P2FwaS12ZXJzaW9uPTIwMTktMTItMDE=",
      "RequestMethod": "PUT",
      "RequestBody": "{\r\n  \"properties\": {\r\n    \"path\": \"openapifromUrl\",\r\n    \"value\": \"https://raw.githubusercontent.com/OAI/OpenAPI-Specification/OpenAPI.next/examples/v3.0/petstore.yaml\",\r\n    \"format\": \"openapi-link\"\r\n  }\r\n}",
      "RequestHeaders": {
        "x-ms-client-request-id": [
          "05ed03c9-f247-4730-9252-70490fc32eab"
        ],
        "Accept-Language": [
          "en-US"
        ],
        "User-Agent": [
          "FxVersion/4.6.27817.03",
          "OSName/Windows",
          "OSVersion/Microsoft.Windows.10.0.18363.",
          "Microsoft.Azure.Management.ApiManagement.ApiManagementClient/5.0.0.0"
        ],
        "Content-Type": [
          "application/json; charset=utf-8"
        ],
        "Content-Length": [
          "207"
        ]
      },
      "ResponseHeaders": {
        "Cache-Control": [
          "no-cache"
        ],
        "Pragma": [
          "no-cache"
        ],
        "Location": [
          "https://management.azure.com/subscriptions/a200340d-6b82-494d-9dbf-687ba6e33f9e/resourceGroups/powershelltest/providers/Microsoft.ApiManagement/service/powershellsdkservice/apis/ps2945?api-version=2019-12-01&asyncId=5e9dd31f6f564710e092ef60&asyncCode=201"
        ],
        "Strict-Transport-Security": [
          "max-age=31536000; includeSubDomains"
        ],
        "x-ms-request-id": [
          "7ff1310a-31dc-4b77-88b7-1483d991e4b0"
        ],
        "Server": [
          "Microsoft-HTTPAPI/2.0"
        ],
        "x-ms-ratelimit-remaining-subscription-writes": [
          "1198"
        ],
        "x-ms-correlation-request-id": [
          "57b8776e-01cd-4475-92d1-b9f81de596d8"
        ],
        "x-ms-routing-request-id": [
          "WESTUS:20200420T165143Z:57b8776e-01cd-4475-92d1-b9f81de596d8"
        ],
        "X-Content-Type-Options": [
          "nosniff"
        ],
        "Date": [
          "Mon, 20 Apr 2020 16:51:43 GMT"
        ],
        "Expires": [
          "-1"
        ],
        "Content-Length": [
          "0"
        ]
      },
      "ResponseBody": "",
      "StatusCode": 202
    },
    {
      "RequestUri": "/subscriptions/a200340d-6b82-494d-9dbf-687ba6e33f9e/resourceGroups/powershelltest/providers/Microsoft.ApiManagement/service/powershellsdkservice/apis/ps2945?api-version=2019-12-01&asyncId=5e9dd31f6f564710e092ef60&asyncCode=201",
      "EncodedRequestUri": "L3N1YnNjcmlwdGlvbnMvYTIwMDM0MGQtNmI4Mi00OTRkLTlkYmYtNjg3YmE2ZTMzZjllL3Jlc291cmNlR3JvdXBzL3Bvd2Vyc2hlbGx0ZXN0L3Byb3ZpZGVycy9NaWNyb3NvZnQuQXBpTWFuYWdlbWVudC9zZXJ2aWNlL3Bvd2Vyc2hlbGxzZGtzZXJ2aWNlL2FwaXMvcHMyOTQ1P2FwaS12ZXJzaW9uPTIwMTktMTItMDEmYXN5bmNJZD01ZTlkZDMxZjZmNTY0NzEwZTA5MmVmNjAmYXN5bmNDb2RlPTIwMQ==",
      "RequestMethod": "GET",
      "RequestBody": "",
      "RequestHeaders": {
        "User-Agent": [
          "FxVersion/4.6.27817.03",
          "OSName/Windows",
          "OSVersion/Microsoft.Windows.10.0.18363.",
          "Microsoft.Azure.Management.ApiManagement.ApiManagementClient/5.0.0.0"
        ]
      },
      "ResponseHeaders": {
        "Cache-Control": [
          "no-cache"
        ],
        "Pragma": [
          "no-cache"
        ],
        "ETag": [
          "\"AAAAAAAAOCc=\""
        ],
        "Strict-Transport-Security": [
          "max-age=31536000; includeSubDomains"
        ],
        "x-ms-request-id": [
          "ab139417-1600-4ed7-82ef-f5adcd2285b5"
        ],
        "x-ms-ratelimit-remaining-subscription-reads": [
          "11997"
        ],
        "Server": [
          "Microsoft-HTTPAPI/2.0"
        ],
        "x-ms-correlation-request-id": [
          "24f3d2a9-5e25-4c3b-94db-540e7c7b6213"
        ],
        "x-ms-routing-request-id": [
          "WESTUS:20200420T165214Z:24f3d2a9-5e25-4c3b-94db-540e7c7b6213"
        ],
        "X-Content-Type-Options": [
          "nosniff"
        ],
        "Date": [
          "Mon, 20 Apr 2020 16:52:13 GMT"
        ],
        "Content-Length": [
          "759"
        ],
        "Content-Type": [
          "application/json; charset=utf-8"
        ],
        "Expires": [
          "-1"
        ]
      },
      "ResponseBody": "{\r\n  \"id\": \"/subscriptions/a200340d-6b82-494d-9dbf-687ba6e33f9e/resourceGroups/powershelltest/providers/Microsoft.ApiManagement/service/powershellsdkservice/apis/ps2945\",\r\n  \"type\": \"Microsoft.ApiManagement/service/apis\",\r\n  \"name\": \"ps2945\",\r\n  \"properties\": {\r\n    \"displayName\": \"Swagger Petstore\",\r\n    \"apiRevision\": \"1\",\r\n    \"description\": null,\r\n    \"subscriptionRequired\": true,\r\n    \"serviceUrl\": \"http://petstore.swagger.io/v1\",\r\n    \"path\": \"openapifromUrl\",\r\n    \"protocols\": [\r\n      \"https\"\r\n    ],\r\n    \"authenticationSettings\": {\r\n      \"oAuth2\": null,\r\n      \"openid\": null\r\n    },\r\n    \"subscriptionKeyParameterNames\": {\r\n      \"header\": \"Ocp-Apim-Subscription-Key\",\r\n      \"query\": \"subscription-key\"\r\n    },\r\n    \"isCurrent\": true\r\n  }\r\n}",
      "StatusCode": 201
    },
    {
      "RequestUri": "/subscriptions/a200340d-6b82-494d-9dbf-687ba6e33f9e/resourceGroups/powershelltest/providers/Microsoft.ApiManagement/service/powershellsdkservice/apis/ps2945?api-version=2019-12-01",
      "EncodedRequestUri": "L3N1YnNjcmlwdGlvbnMvYTIwMDM0MGQtNmI4Mi00OTRkLTlkYmYtNjg3YmE2ZTMzZjllL3Jlc291cmNlR3JvdXBzL3Bvd2Vyc2hlbGx0ZXN0L3Byb3ZpZGVycy9NaWNyb3NvZnQuQXBpTWFuYWdlbWVudC9zZXJ2aWNlL3Bvd2Vyc2hlbGxzZGtzZXJ2aWNlL2FwaXMvcHMyOTQ1P2FwaS12ZXJzaW9uPTIwMTktMTItMDE=",
      "RequestMethod": "GET",
      "RequestBody": "",
      "RequestHeaders": {
        "x-ms-client-request-id": [
          "54d527f4-9164-41d7-af1c-b7026b3d8584"
        ],
        "Accept-Language": [
          "en-US"
        ],
        "User-Agent": [
          "FxVersion/4.6.27817.03",
          "OSName/Windows",
          "OSVersion/Microsoft.Windows.10.0.18363.",
          "Microsoft.Azure.Management.ApiManagement.ApiManagementClient/5.0.0.0"
        ]
      },
      "ResponseHeaders": {
        "Cache-Control": [
          "no-cache"
        ],
        "Pragma": [
          "no-cache"
        ],
        "ETag": [
          "\"AAAAAAAAOCc=\""
        ],
        "Strict-Transport-Security": [
          "max-age=31536000; includeSubDomains"
        ],
        "x-ms-request-id": [
          "263e0c28-58f6-4344-a6f9-646a71f0a221"
        ],
        "x-ms-ratelimit-remaining-subscription-reads": [
          "11996"
        ],
        "Server": [
          "Microsoft-HTTPAPI/2.0"
        ],
        "x-ms-correlation-request-id": [
          "d0904cf3-0d4b-4fa7-aab3-f9a3fa689c2c"
        ],
        "x-ms-routing-request-id": [
          "WESTUS:20200420T165214Z:d0904cf3-0d4b-4fa7-aab3-f9a3fa689c2c"
        ],
        "X-Content-Type-Options": [
          "nosniff"
        ],
        "Date": [
          "Mon, 20 Apr 2020 16:52:14 GMT"
        ],
        "Content-Length": [
          "759"
        ],
        "Content-Type": [
          "application/json; charset=utf-8"
        ],
        "Expires": [
          "-1"
        ]
      },
      "ResponseBody": "{\r\n  \"id\": \"/subscriptions/a200340d-6b82-494d-9dbf-687ba6e33f9e/resourceGroups/powershelltest/providers/Microsoft.ApiManagement/service/powershellsdkservice/apis/ps2945\",\r\n  \"type\": \"Microsoft.ApiManagement/service/apis\",\r\n  \"name\": \"ps2945\",\r\n  \"properties\": {\r\n    \"displayName\": \"Swagger Petstore\",\r\n    \"apiRevision\": \"1\",\r\n    \"description\": null,\r\n    \"subscriptionRequired\": true,\r\n    \"serviceUrl\": \"http://petstore.swagger.io/v1\",\r\n    \"path\": \"openapifromUrl\",\r\n    \"protocols\": [\r\n      \"https\"\r\n    ],\r\n    \"authenticationSettings\": {\r\n      \"oAuth2\": null,\r\n      \"openid\": null\r\n    },\r\n    \"subscriptionKeyParameterNames\": {\r\n      \"header\": \"Ocp-Apim-Subscription-Key\",\r\n      \"query\": \"subscription-key\"\r\n    },\r\n    \"isCurrent\": true\r\n  }\r\n}",
      "StatusCode": 200
    },
    {
      "RequestUri": "/subscriptions/a200340d-6b82-494d-9dbf-687ba6e33f9e/resourceGroups/powershelltest/providers/Microsoft.ApiManagement/service/powershellsdkservice/apis/ps3095/schemas?api-version=2019-12-01",
      "EncodedRequestUri": "L3N1YnNjcmlwdGlvbnMvYTIwMDM0MGQtNmI4Mi00OTRkLTlkYmYtNjg3YmE2ZTMzZjllL3Jlc291cmNlR3JvdXBzL3Bvd2Vyc2hlbGx0ZXN0L3Byb3ZpZGVycy9NaWNyb3NvZnQuQXBpTWFuYWdlbWVudC9zZXJ2aWNlL3Bvd2Vyc2hlbGxzZGtzZXJ2aWNlL2FwaXMvcHMzMDk1L3NjaGVtYXM/YXBpLXZlcnNpb249MjAxOS0xMi0wMQ==",
      "RequestMethod": "GET",
      "RequestBody": "",
      "RequestHeaders": {
        "x-ms-client-request-id": [
          "f368012b-abf2-4510-8693-5555ff76f094"
        ],
        "Accept-Language": [
          "en-US"
        ],
        "User-Agent": [
          "FxVersion/4.6.27817.03",
          "OSName/Windows",
          "OSVersion/Microsoft.Windows.10.0.18363.",
          "Microsoft.Azure.Management.ApiManagement.ApiManagementClient/5.0.0.0"
        ]
      },
      "ResponseHeaders": {
        "Cache-Control": [
          "no-cache"
        ],
        "Pragma": [
          "no-cache"
        ],
        "Strict-Transport-Security": [
          "max-age=31536000; includeSubDomains"
        ],
        "x-ms-request-id": [
          "4e580165-1a2d-43c1-be63-c8ae01352dbf"
        ],
        "Server": [
          "Microsoft-HTTPAPI/2.0"
        ],
        "x-ms-ratelimit-remaining-subscription-reads": [
          "11995"
        ],
        "x-ms-correlation-request-id": [
          "70cb3fbc-5477-4d0c-973f-99668fb3b7ab"
        ],
        "x-ms-routing-request-id": [
          "WESTUS:20200420T165214Z:70cb3fbc-5477-4d0c-973f-99668fb3b7ab"
        ],
        "X-Content-Type-Options": [
          "nosniff"
        ],
        "Date": [
          "Mon, 20 Apr 2020 16:52:14 GMT"
        ],
        "Content-Length": [
          "2515"
        ],
        "Content-Type": [
          "application/json; charset=utf-8"
        ],
        "Expires": [
          "-1"
        ]
      },
      "ResponseBody": "{\r\n  \"value\": [\r\n    {\r\n      \"id\": \"/subscriptions/a200340d-6b82-494d-9dbf-687ba6e33f9e/resourceGroups/powershelltest/providers/Microsoft.ApiManagement/service/powershellsdkservice/apis/ps3095/schemas/5e9dd3006f564710e092ef5a\",\r\n      \"type\": \"Microsoft.ApiManagement/service/apis/schemas\",\r\n      \"name\": \"5e9dd3006f564710e092ef5a\",\r\n      \"properties\": {\r\n        \"contentType\": \"application/vnd.oai.openapi.components+json\",\r\n        \"document\": {\r\n          \"components\": {\r\n            \"schemas\": {\r\n              \"dataSetList\": {\r\n                \"type\": \"object\",\r\n                \"properties\": {\r\n                  \"total\": {\r\n                    \"type\": \"integer\"\r\n                  },\r\n                  \"apis\": {\r\n                    \"type\": \"array\",\r\n                    \"items\": {\r\n                      \"type\": \"object\",\r\n                      \"properties\": {\r\n                        \"apiKey\": {\r\n                          \"type\": \"string\",\r\n                          \"description\": \"To be used as a dataset parameter value\"\r\n                        },\r\n                        \"apiVersionNumber\": {\r\n                          \"type\": \"string\",\r\n                          \"description\": \"To be used as a version parameter value\"\r\n                        },\r\n                        \"apiUrl\": {\r\n                          \"type\": \"string\",\r\n                          \"description\": \"The URL describing the dataset's fields\",\r\n                          \"format\": \"uriref\"\r\n                        },\r\n                        \"apiDocumentationUrl\": {\r\n                          \"type\": \"string\",\r\n                          \"description\": \"A URL to the API console for each API\",\r\n                          \"format\": \"uriref\"\r\n                        }\r\n                      }\r\n                    }\r\n                  }\r\n                }\r\n              },\r\n              \"-dataset--version-FieldsGet200ApplicationJsonResponse\": {\r\n                \"type\": \"string\"\r\n              },\r\n              \"-dataset--version-FieldsGet404ApplicationJsonResponse\": {\r\n                \"type\": \"string\"\r\n              },\r\n              \"-dataset--version-RecordsPost200ApplicationJsonResponse\": {\r\n                \"type\": \"array\",\r\n                \"items\": {\r\n                  \"type\": \"object\",\r\n                  \"additionalProperties\": {\r\n                    \"type\": \"object\"\r\n                  }\r\n                }\r\n              }\r\n            }\r\n          }\r\n        }\r\n      }\r\n    }\r\n  ],\r\n  \"count\": 1\r\n}",
      "StatusCode": 200
    },
    {
      "RequestUri": "/subscriptions/a200340d-6b82-494d-9dbf-687ba6e33f9e/resourceGroups/powershelltest/providers/Microsoft.ApiManagement/service/powershellsdkservice/apis/ps2945%3Brev%3D1?api-version=2019-12-01",
      "EncodedRequestUri": "L3N1YnNjcmlwdGlvbnMvYTIwMDM0MGQtNmI4Mi00OTRkLTlkYmYtNjg3YmE2ZTMzZjllL3Jlc291cmNlR3JvdXBzL3Bvd2Vyc2hlbGx0ZXN0L3Byb3ZpZGVycy9NaWNyb3NvZnQuQXBpTWFuYWdlbWVudC9zZXJ2aWNlL3Bvd2Vyc2hlbGxzZGtzZXJ2aWNlL2FwaXMvcHMyOTQ1JTNCcmV2JTNEMT9hcGktdmVyc2lvbj0yMDE5LTEyLTAx",
      "RequestMethod": "PUT",
      "RequestBody": "{\r\n  \"properties\": {\r\n    \"description\": \"Open api via Apim\",\r\n    \"subscriptionKeyParameterNames\": {\r\n      \"header\": \"Ocp-Apim-Subscription-Key\",\r\n      \"query\": \"subscription-key\"\r\n    },\r\n    \"type\": \"http\",\r\n    \"apiRevision\": \"1\",\r\n    \"apiVersion\": \"\",\r\n    \"isCurrent\": true,\r\n    \"subscriptionRequired\": true,\r\n    \"displayName\": \"apimPetstore\",\r\n    \"serviceUrl\": \"http://petstore.swagger.io/v1\",\r\n    \"path\": \"openapifromUrl\",\r\n    \"protocols\": [\r\n      \"https\"\r\n    ]\r\n  }\r\n}",
      "RequestHeaders": {
        "x-ms-client-request-id": [
          "1b7978da-27eb-476d-8e12-4ec4283ca0fe"
        ],
        "If-Match": [
          "*"
        ],
        "Accept-Language": [
          "en-US"
        ],
        "User-Agent": [
          "FxVersion/4.6.27817.03",
          "OSName/Windows",
          "OSVersion/Microsoft.Windows.10.0.18363.",
          "Microsoft.Azure.Management.ApiManagement.ApiManagementClient/5.0.0.0"
        ],
        "Content-Type": [
          "application/json; charset=utf-8"
        ],
        "Content-Length": [
          "487"
        ]
      },
      "ResponseHeaders": {
        "Cache-Control": [
          "no-cache"
        ],
        "Pragma": [
          "no-cache"
        ],
        "ETag": [
          "\"AAAAAAAAODU=\""
        ],
        "Strict-Transport-Security": [
          "max-age=31536000; includeSubDomains"
        ],
        "x-ms-request-id": [
          "9d47b0b4-8cea-4573-894e-45f0ed494225"
        ],
        "Server": [
          "Microsoft-HTTPAPI/2.0"
        ],
        "x-ms-ratelimit-remaining-subscription-writes": [
          "1197"
        ],
        "x-ms-correlation-request-id": [
          "adf92bae-7457-41ef-86ec-9cffcef6abac"
        ],
        "x-ms-routing-request-id": [
          "WESTUS:20200420T165214Z:adf92bae-7457-41ef-86ec-9cffcef6abac"
        ],
        "X-Content-Type-Options": [
          "nosniff"
        ],
        "Date": [
          "Mon, 20 Apr 2020 16:52:14 GMT"
        ],
        "Content-Length": [
          "793"
        ],
        "Content-Type": [
          "application/json; charset=utf-8"
        ],
        "Expires": [
          "-1"
        ]
      },
      "ResponseBody": "{\r\n  \"id\": \"/subscriptions/a200340d-6b82-494d-9dbf-687ba6e33f9e/resourceGroups/powershelltest/providers/Microsoft.ApiManagement/service/powershellsdkservice/apis/ps2945\",\r\n  \"type\": \"Microsoft.ApiManagement/service/apis\",\r\n  \"name\": \"ps2945\",\r\n  \"properties\": {\r\n    \"displayName\": \"apimPetstore\",\r\n    \"apiRevision\": \"1\",\r\n    \"description\": \"Open api via Apim\",\r\n    \"subscriptionRequired\": true,\r\n    \"serviceUrl\": \"http://petstore.swagger.io/v1\",\r\n    \"path\": \"openapifromUrl\",\r\n    \"protocols\": [\r\n      \"https\"\r\n    ],\r\n    \"authenticationSettings\": {\r\n      \"oAuth2\": null,\r\n      \"openid\": null\r\n    },\r\n    \"subscriptionKeyParameterNames\": {\r\n      \"header\": \"Ocp-Apim-Subscription-Key\",\r\n      \"query\": \"subscription-key\"\r\n    },\r\n    \"isCurrent\": true,\r\n    \"apiVersion\": \"\"\r\n  }\r\n}",
      "StatusCode": 200
    },
    {
      "RequestUri": "/subscriptions/a200340d-6b82-494d-9dbf-687ba6e33f9e/resourceGroups/powershelltest/providers/Microsoft.ApiManagement/service/powershellsdkservice/apis/ps3095?deleteRevisions=true&api-version=2019-12-01",
      "EncodedRequestUri": "L3N1YnNjcmlwdGlvbnMvYTIwMDM0MGQtNmI4Mi00OTRkLTlkYmYtNjg3YmE2ZTMzZjllL3Jlc291cmNlR3JvdXBzL3Bvd2Vyc2hlbGx0ZXN0L3Byb3ZpZGVycy9NaWNyb3NvZnQuQXBpTWFuYWdlbWVudC9zZXJ2aWNlL3Bvd2Vyc2hlbGxzZGtzZXJ2aWNlL2FwaXMvcHMzMDk1P2RlbGV0ZVJldmlzaW9ucz10cnVlJmFwaS12ZXJzaW9uPTIwMTktMTItMDE=",
      "RequestMethod": "DELETE",
      "RequestBody": "",
      "RequestHeaders": {
        "x-ms-client-request-id": [
          "b7185429-bf76-43a8-966f-c37723af27d9"
        ],
        "If-Match": [
          "*"
        ],
        "Accept-Language": [
          "en-US"
        ],
        "User-Agent": [
          "FxVersion/4.6.27817.03",
          "OSName/Windows",
          "OSVersion/Microsoft.Windows.10.0.18363.",
          "Microsoft.Azure.Management.ApiManagement.ApiManagementClient/5.0.0.0"
        ]
      },
      "ResponseHeaders": {
        "Cache-Control": [
          "no-cache"
        ],
        "Pragma": [
          "no-cache"
        ],
        "Strict-Transport-Security": [
          "max-age=31536000; includeSubDomains"
        ],
        "x-ms-request-id": [
          "01a5ef6f-2351-4199-86b5-1dd37bdf4d69"
        ],
        "Server": [
          "Microsoft-HTTPAPI/2.0"
        ],
        "x-ms-ratelimit-remaining-subscription-deletes": [
          "14999"
        ],
        "x-ms-correlation-request-id": [
          "9221e64e-156d-47bf-b195-e3f863b25506"
        ],
        "x-ms-routing-request-id": [
          "WESTUS:20200420T165215Z:9221e64e-156d-47bf-b195-e3f863b25506"
        ],
        "X-Content-Type-Options": [
          "nosniff"
        ],
        "Date": [
          "Mon, 20 Apr 2020 16:52:15 GMT"
        ],
        "Expires": [
          "-1"
        ],
        "Content-Length": [
          "0"
        ]
      },
      "ResponseBody": "",
      "StatusCode": 200
    },
    {
      "RequestUri": "/subscriptions/a200340d-6b82-494d-9dbf-687ba6e33f9e/resourceGroups/powershelltest/providers/Microsoft.ApiManagement/service/powershellsdkservice/apis/ps2945?deleteRevisions=true&api-version=2019-12-01",
      "EncodedRequestUri": "L3N1YnNjcmlwdGlvbnMvYTIwMDM0MGQtNmI4Mi00OTRkLTlkYmYtNjg3YmE2ZTMzZjllL3Jlc291cmNlR3JvdXBzL3Bvd2Vyc2hlbGx0ZXN0L3Byb3ZpZGVycy9NaWNyb3NvZnQuQXBpTWFuYWdlbWVudC9zZXJ2aWNlL3Bvd2Vyc2hlbGxzZGtzZXJ2aWNlL2FwaXMvcHMyOTQ1P2RlbGV0ZVJldmlzaW9ucz10cnVlJmFwaS12ZXJzaW9uPTIwMTktMTItMDE=",
      "RequestMethod": "DELETE",
      "RequestBody": "",
      "RequestHeaders": {
        "x-ms-client-request-id": [
          "c1dce56f-bf98-4f6e-b6fa-83e0241cacac"
        ],
        "If-Match": [
          "*"
        ],
        "Accept-Language": [
          "en-US"
        ],
        "User-Agent": [
          "FxVersion/4.6.27817.03",
          "OSName/Windows",
          "OSVersion/Microsoft.Windows.10.0.18363.",
          "Microsoft.Azure.Management.ApiManagement.ApiManagementClient/5.0.0.0"
        ]
      },
      "ResponseHeaders": {
        "Cache-Control": [
          "no-cache"
        ],
        "Pragma": [
          "no-cache"
        ],
        "Strict-Transport-Security": [
          "max-age=31536000; includeSubDomains"
        ],
        "x-ms-request-id": [
          "f3ade105-a449-4e54-a4c1-232d50d42b59"
        ],
        "Server": [
          "Microsoft-HTTPAPI/2.0"
        ],
        "x-ms-ratelimit-remaining-subscription-deletes": [
          "14998"
        ],
        "x-ms-correlation-request-id": [
          "e1e9dafe-ceae-4a54-aeb1-b6ed61d44109"
        ],
        "x-ms-routing-request-id": [
          "WESTUS:20200420T165215Z:e1e9dafe-ceae-4a54-aeb1-b6ed61d44109"
        ],
        "X-Content-Type-Options": [
          "nosniff"
        ],
        "Date": [
          "Mon, 20 Apr 2020 16:52:15 GMT"
        ],
        "Expires": [
          "-1"
        ],
        "Content-Length": [
          "0"
        ]
      },
      "ResponseBody": "",
      "StatusCode": 200
    }
  ],
  "Names": {
    "": [
      "ps3095",
      "ps2945"
    ]
  },
  "Variables": {
    "SubscriptionId": "a200340d-6b82-494d-9dbf-687ba6e33f9e"
  }
}