{
  "Entries": [
    {
      "RequestUri": "/subscriptions/a200340d-6b82-494d-9dbf-687ba6e33f9e/resourceGroups/powershelltest/providers/Microsoft.ApiManagement/service/powershellsdkservice/apis/ps7605?api-version=2019-01-01",
      "EncodedRequestUri": "L3N1YnNjcmlwdGlvbnMvYTIwMDM0MGQtNmI4Mi00OTRkLTlkYmYtNjg3YmE2ZTMzZjllL3Jlc291cmNlR3JvdXBzL3Bvd2Vyc2hlbGx0ZXN0L3Byb3ZpZGVycy9NaWNyb3NvZnQuQXBpTWFuYWdlbWVudC9zZXJ2aWNlL3Bvd2Vyc2hlbGxzZGtzZXJ2aWNlL2FwaXMvcHM3NjA1P2FwaS12ZXJzaW9uPTIwMTktMDEtMDE=",
      "RequestMethod": "PUT",
      "RequestBody": "{\r\n  \"properties\": {\r\n    \"path\": \"swaggerapifromFile\",\r\n    \"value\": \"{\\r\\n    \\\"x-comment\\\": \\\"This file was extended from /github.com/swagger-api/swagger-spec/blob/master/examples/v2.0/json/petstore-with-external-docs.json\\\",\\r\\n    \\\"swagger\\\": \\\"2.0\\\",\\r\\n    \\\"info\\\": {\\r\\n        \\\"version\\\": \\\"1.0.0\\\",\\r\\n        \\\"title\\\": \\\"Swagger Petstore Extensive\\\",\\r\\n        \\\"description\\\": \\\"A sample API that uses a petstore as an example to demonstrate features in the swagger-2.0 specification\\\",\\r\\n        \\\"termsOfService\\\": \\\"http://helloreverb.com/terms/\\\",\\r\\n        \\\"contact\\\": {\\r\\n            \\\"name\\\": \\\"Wordnik API Team\\\",\\r\\n            \\\"email\\\": \\\"foo@example.com\\\",\\r\\n            \\\"url\\\": \\\"http://madskristensen.net\\\"\\r\\n        },\\r\\n        \\\"license\\\": {\\r\\n            \\\"name\\\": \\\"MIT\\\",\\r\\n            \\\"url\\\": \\\"http://github.com/gruntjs/grunt/blob/master/LICENSE-MIT\\\"\\r\\n        }\\r\\n    },\\r\\n    \\\"externalDocs\\\": {\\r\\n        \\\"description\\\": \\\"find more info here\\\",\\r\\n        \\\"url\\\": \\\"https://helloreverb.com/about\\\"\\r\\n    },\\r\\n    \\\"host\\\": \\\"petstore.swagger.wordnik.com\\\",\\r\\n    \\\"basePath\\\": \\\"/api\\\",\\r\\n    \\\"schemes\\\": [\\r\\n        \\\"http\\\"\\r\\n    ],\\r\\n    \\\"consumes\\\": [\\r\\n        \\\"application/json\\\"\\r\\n    ],\\r\\n    \\\"produces\\\": [\\r\\n        \\\"application/json\\\"\\r\\n    ],\\r\\n    \\\"paths\\\": {\\r\\n        \\\"/mySamplePath?willbeignored={willbeignored}\\\": {\\r\\n            \\\"post\\\": {\\r\\n                \\\"description\\\": \\\"Dummy desc\\\",\\r\\n                \\\"operationId\\\": \\\"dummyid1\\\",\\r\\n                \\\"parameters\\\": [\\r\\n                    {\\r\\n                        \\\"name\\\": \\\"dummyDateHeaderParam\\\",\\r\\n                        \\\"in\\\": \\\"header\\\",\\r\\n                        \\\"description\\\": \\\"dummyDateHeaderParam description\\\",\\r\\n                        \\\"required\\\": true,\\r\\n                        \\\"type\\\": \\\"string\\\",\\r\\n                        \\\"format\\\": \\\"date\\\"\\r\\n                    },\\r\\n                    {\\r\\n                        \\\"name\\\": \\\"dummyReqQueryParam\\\",\\r\\n                        \\\"in\\\": \\\"query\\\",\\r\\n                        \\\"description\\\": \\\"dummyReqQueryParam description\\\",\\r\\n                        \\\"required\\\": true,\\r\\n                        \\\"type\\\": \\\"string\\\"\\r\\n                    },\\r\\n                    {\\r\\n                        \\\"name\\\": \\\"dummyNotReqQueryParam\\\",\\r\\n                        \\\"in\\\": \\\"query\\\",\\r\\n                        \\\"description\\\": \\\"dummyNotReqQueryParam description\\\",\\r\\n                        \\\"required\\\": false,\\r\\n                        \\\"type\\\": \\\"string\\\"\\r\\n                    },\\r\\n                    {\\r\\n                        \\\"name\\\": \\\"dummyBodyParam\\\",\\r\\n                        \\\"in\\\": \\\"body\\\",\\r\\n                        \\\"description\\\": \\\"dummyBodyParam description\\\",\\r\\n                        \\\"required\\\": false,\\r\\n                        \\\"schema\\\": {\\r\\n                            \\\"$ref\\\": \\\"#/definitions/pet\\\",\\r\\n                            \\\"example\\\": {\\r\\n                                \\\"id\\\": 2,\\r\\n                                \\\"name\\\": \\\"myreqpet\\\"\\r\\n                            }\\r\\n                        }\\r\\n                    }\\r\\n                ],\\r\\n                \\\"responses\\\": {\\r\\n                    \\\"200\\\": {\\r\\n                        \\\"description\\\": \\\"pet response\\\",\\r\\n                        \\\"schema\\\": {\\r\\n                            \\\"type\\\": \\\"array\\\",\\r\\n                            \\\"items\\\": {\\r\\n                                \\\"$ref\\\": \\\"#/definitions/pet\\\"\\r\\n                            }\\r\\n                        },\\r\\n                        \\\"headers\\\": {\\r\\n                            \\\"header1\\\": {\\r\\n                                \\\"description\\\": \\\"sampleheader\\\",\\r\\n                                \\\"type\\\": \\\"integer\\\",\\r\\n                                \\\"format\\\": \\\"int64\\\"\\r\\n                            }\\r\\n                        },\\r\\n                        \\\"examples\\\": {\\r\\n                            \\\"application/json\\\": {\\r\\n                                \\\"id\\\": 3,\\r\\n                                \\\"name\\\": \\\"myresppet\\\" \\r\\n                            }\\r\\n                        }\\r\\n                    },\\r\\n                    \\\"default\\\": {\\r\\n                        \\\"description\\\": \\\"unexpected error\\\",\\r\\n                        \\\"schema\\\": {\\r\\n                            \\\"$ref\\\": \\\"#/definitions/errorModel\\\"\\r\\n                        }\\r\\n                    }\\r\\n                }\\r\\n            }\\r\\n        },\\r\\n        \\\"/resourceWithFormData\\\": {\\r\\n            \\\"post\\\": {\\r\\n                \\\"description\\\": \\\"resourceWithFormData desc\\\",\\r\\n                \\\"operationId\\\": \\\"resourceWithFormDataPOST\\\",\\r\\n                \\\"consumes\\\": [ \\\"multipart/form-data\\\" ],\\r\\n                \\\"parameters\\\": [\\r\\n                    {\\r\\n                        \\\"name\\\": \\\"dummyFormDataParam\\\",\\r\\n                        \\\"in\\\": \\\"formData\\\",\\r\\n                        \\\"description\\\": \\\"dummyFormDataParam description\\\",\\r\\n                        \\\"required\\\": true,\\r\\n                        \\\"type\\\": \\\"string\\\"\\r\\n                    },\\r\\n                    {\\r\\n                        \\\"name\\\": \\\"dummyReqQueryParam\\\",\\r\\n                        \\\"in\\\": \\\"query\\\",\\r\\n                        \\\"description\\\": \\\"dummyReqQueryParam description\\\",\\r\\n                        \\\"required\\\": true,\\r\\n                        \\\"type\\\": \\\"string\\\"\\r\\n                    }\\r\\n                ],\\r\\n                \\\"responses\\\": {\\r\\n                    \\\"200\\\": {\\r\\n                        \\\"description\\\": \\\"sample response\\\"\\r\\n                    }\\r\\n                }\\r\\n            }\\r\\n        },\\r\\n        \\\"/mySamplePath2?definedQueryParam={definedQueryParam}\\\": {\\r\\n            \\\"post\\\": {\\r\\n                \\\"produces\\\": [\\r\\n                    \\\"contenttype1\\\",\\r\\n                    \\\"application/xml\\\"\\r\\n                ],\\r\\n                \\\"description\\\": \\\"Dummy desc\\\",\\r\\n                \\\"operationId\\\": \\\"dummyid2\\\",\\r\\n                \\\"parameters\\\": [\\r\\n                    {\\r\\n                        \\\"$ref\\\": \\\"#/parameters/dummyQueryParameterDef\\\"\\r\\n                    },\\r\\n                    {\\r\\n                        \\\"$ref\\\": \\\"#/parameters/dummyBodyParameterDef\\\"\\r\\n                    }\\r\\n                ],\\r\\n                \\\"responses\\\": {\\r\\n                    \\\"204\\\": {\\r\\n                        \\\"$ref\\\": \\\"#/responses/dummyResponseDef\\\"\\r\\n                    }\\r\\n                }\\r\\n            }\\r\\n        },\\r\\n        \\\"/pets2?dummyParam={dummyParam}\\\": {\\r\\n            \\\"get\\\": {\\r\\n                \\\"description\\\": \\\"Dummy description\\\",\\r\\n                \\\"operationId\\\": \\\"dummyOperationId\\\",\\r\\n                \\\"parameters\\\": [\\r\\n                    {\\r\\n                        \\\"name\\\": \\\"dummyParam\\\",\\r\\n                        \\\"in\\\": \\\"query\\\",\\r\\n                        \\\"description\\\": \\\"dummyParam desc\\\",\\r\\n                        \\\"required\\\": true,\\r\\n                        \\\"type\\\": \\\"string\\\",\\r\\n                        \\\"collectionFormat\\\": \\\"csv\\\"\\r\\n                    },\\r\\n                    {\\r\\n                        \\\"name\\\": \\\"limit\\\",\\r\\n                        \\\"in\\\": \\\"query\\\",\\r\\n                        \\\"description\\\": \\\"maximum number of results to return\\\",\\r\\n                        \\\"required\\\": false,\\r\\n                        \\\"type\\\": \\\"integer\\\",\\r\\n                        \\\"format\\\": \\\"int32\\\"\\r\\n                    }\\r\\n                ],\\r\\n                \\\"responses\\\": {\\r\\n                    \\\"200\\\": {\\r\\n                        \\\"description\\\": \\\"pet response\\\",\\r\\n                        \\\"schema\\\": {\\r\\n                            \\\"type\\\": \\\"array\\\",\\r\\n                            \\\"items\\\": {\\r\\n                                \\\"type\\\": \\\"string\\\"\\r\\n                            }\\r\\n                        }\\r\\n                    },\\r\\n                    \\\"default\\\": {\\r\\n                        \\\"description\\\": \\\"unexpected error\\\",\\r\\n                        \\\"schema\\\": {\\r\\n                            \\\"$ref\\\": \\\"#/definitions/errorModel\\\"\\r\\n                        }\\r\\n                    }\\r\\n                }\\r\\n            }\\r\\n        },\\r\\n        \\\"/pets\\\": {\\r\\n            \\\"get\\\": {\\r\\n                \\\"description\\\": \\\"Returns all pets from the system that the user has access to\\\",\\r\\n                \\\"operationId\\\": \\\"findPets\\\",\\r\\n                \\\"externalDocs\\\": {\\r\\n                    \\\"description\\\": \\\"find more info here\\\",\\r\\n                    \\\"url\\\": \\\"https://helloreverb.com/about\\\"\\r\\n                },\\r\\n                \\\"produces\\\": [\\r\\n                    \\\"application/json\\\",\\r\\n                    \\\"application/xml\\\"\\r\\n                ],\\r\\n                \\\"consumes\\\": [\\r\\n                    \\\"text/xml\\\",\\r\\n                    \\\"text/html\\\"\\r\\n                ],\\r\\n                \\\"parameters\\\": [\\r\\n                    {\\r\\n                        \\\"name\\\": \\\"tags\\\",\\r\\n                        \\\"in\\\": \\\"query\\\",\\r\\n                        \\\"description\\\": \\\"tags to filter by\\\",\\r\\n                        \\\"required\\\": false,\\r\\n                        \\\"type\\\": \\\"string\\\",\\r\\n                        \\\"collectionFormat\\\": \\\"csv\\\"\\r\\n                    },\\r\\n                    {\\r\\n                        \\\"name\\\": \\\"limit\\\",\\r\\n                        \\\"in\\\": \\\"query\\\",\\r\\n                        \\\"description\\\": \\\"maximum number of results to return\\\",\\r\\n                        \\\"required\\\": false,\\r\\n                        \\\"type\\\": \\\"integer\\\",\\r\\n                        \\\"format\\\": \\\"int32\\\"\\r\\n                    }\\r\\n                ],\\r\\n                \\\"responses\\\": {\\r\\n                    \\\"200\\\": {\\r\\n                        \\\"description\\\": \\\"pet response\\\",\\r\\n                        \\\"schema\\\": {\\r\\n                            \\\"type\\\": \\\"array\\\",\\r\\n                            \\\"items\\\": {\\r\\n                                \\\"$ref\\\": \\\"#/definitions/pet\\\"\\r\\n                            }\\r\\n                        }\\r\\n                    },\\r\\n                    \\\"default\\\": {\\r\\n                        \\\"description\\\": \\\"unexpected error\\\",\\r\\n                        \\\"schema\\\": {\\r\\n                            \\\"$ref\\\": \\\"#/definitions/errorModel\\\"\\r\\n                        }\\r\\n                    }\\r\\n                }\\r\\n            },\\r\\n            \\\"post\\\": {\\r\\n                \\\"description\\\": \\\"Creates a new pet in the store.  Duplicates are allowed\\\",\\r\\n                \\\"operationId\\\": \\\"addPet\\\",\\r\\n                \\\"produces\\\": [\\r\\n                    \\\"application/json\\\"\\r\\n                ],\\r\\n                \\\"parameters\\\": [\\r\\n                    {\\r\\n                        \\\"name\\\": \\\"pet\\\",\\r\\n                        \\\"in\\\": \\\"body\\\",\\r\\n                        \\\"description\\\": \\\"Pet to add to the store\\\",\\r\\n                        \\\"required\\\": true,\\r\\n                        \\\"schema\\\": {\\r\\n                            \\\"$ref\\\": \\\"#/definitions/newPet\\\"\\r\\n                        }\\r\\n                    }\\r\\n                ],\\r\\n                \\\"responses\\\": {\\r\\n                    \\\"200\\\": {\\r\\n                        \\\"description\\\": \\\"pet response\\\",\\r\\n                        \\\"schema\\\": {\\r\\n                            \\\"$ref\\\": \\\"#/definitions/pet\\\"\\r\\n                        }\\r\\n                    },\\r\\n                    \\\"default\\\": {\\r\\n                        \\\"description\\\": \\\"unexpected error\\\",\\r\\n                        \\\"schema\\\": {\\r\\n                            \\\"$ref\\\": \\\"#/definitions/errorModel\\\"\\r\\n                        }\\r\\n                    }\\r\\n                }\\r\\n            }\\r\\n        },\\r\\n        \\\"/pets/{id}\\\": {\\r\\n            \\\"get\\\": {\\r\\n                \\\"description\\\": \\\"Returns a user based on a single ID, if the user does not have access to the pet\\\",\\r\\n                \\\"operationId\\\": \\\"findPetById\\\",\\r\\n                \\\"produces\\\": [\\r\\n                    \\\"application/json\\\",\\r\\n                    \\\"application/xml\\\",\\r\\n                    \\\"text/xml\\\",\\r\\n                    \\\"text/html\\\"\\r\\n                ],\\r\\n                \\\"parameters\\\": [\\r\\n                    {\\r\\n                        \\\"name\\\": \\\"id\\\",\\r\\n                        \\\"in\\\": \\\"path\\\",\\r\\n                        \\\"description\\\": \\\"ID of pet to fetch\\\",\\r\\n                        \\\"required\\\": true,\\r\\n                        \\\"type\\\": \\\"integer\\\",\\r\\n                        \\\"format\\\": \\\"int64\\\"\\r\\n                    }\\r\\n                ],\\r\\n                \\\"responses\\\": {\\r\\n                    \\\"200\\\": {\\r\\n                        \\\"description\\\": \\\"pet response\\\",\\r\\n                        \\\"schema\\\": {\\r\\n                            \\\"$ref\\\": \\\"#/definitions/pet\\\"\\r\\n                        }\\r\\n                    },\\r\\n                    \\\"default\\\": {\\r\\n                        \\\"description\\\": \\\"unexpected error\\\",\\r\\n                        \\\"schema\\\": {\\r\\n                            \\\"$ref\\\": \\\"#/definitions/errorModel\\\"\\r\\n                        }\\r\\n                    }\\r\\n                }\\r\\n            },\\r\\n            \\\"delete\\\": {\\r\\n                \\\"description\\\": \\\"deletes a single pet based on the ID supplied\\\",\\r\\n                \\\"operationId\\\": \\\"deletePet\\\",\\r\\n                \\\"parameters\\\": [\\r\\n                    {\\r\\n                        \\\"name\\\": \\\"id\\\",\\r\\n                        \\\"in\\\": \\\"path\\\",\\r\\n                        \\\"description\\\": \\\"ID of pet to delete\\\",\\r\\n                        \\\"required\\\": true,\\r\\n                        \\\"type\\\": \\\"integer\\\",\\r\\n                        \\\"format\\\": \\\"int64\\\"\\r\\n                    }\\r\\n                ],\\r\\n                \\\"responses\\\": {\\r\\n                    \\\"204\\\": {\\r\\n                        \\\"description\\\": \\\"pet deleted\\\"\\r\\n                    },\\r\\n                    \\\"default\\\": {\\r\\n                        \\\"description\\\": \\\"unexpected error\\\",\\r\\n                        \\\"schema\\\": {\\r\\n                            \\\"$ref\\\": \\\"#/definitions/errorModel\\\"\\r\\n                        }\\r\\n                    }\\r\\n                }\\r\\n            }\\r\\n        }\\r\\n    },\\r\\n    \\\"definitions\\\": {\\r\\n        \\\"pet\\\": {\\r\\n            \\\"required\\\": [\\r\\n                \\\"id\\\",\\r\\n                \\\"name\\\"\\r\\n            ],\\r\\n            \\\"externalDocs\\\": {\\r\\n                \\\"description\\\": \\\"find more info here\\\",\\r\\n                \\\"url\\\": \\\"https://helloreverb.com/about\\\"\\r\\n            },\\r\\n            \\\"properties\\\": {\\r\\n                \\\"id\\\": {\\r\\n                    \\\"type\\\": \\\"integer\\\",\\r\\n                    \\\"format\\\": \\\"int64\\\"\\r\\n                },\\r\\n                \\\"name\\\": {\\r\\n                    \\\"type\\\": \\\"string\\\"\\r\\n                },\\r\\n                \\\"tag\\\": {\\r\\n                    \\\"type\\\": \\\"string\\\"\\r\\n                }\\r\\n            }\\r\\n        },\\r\\n        \\\"newPet\\\": {\\r\\n            \\\"allOf\\\": [\\r\\n                {\\r\\n                    \\\"$ref\\\": \\\"#/definitions/pet\\\"\\r\\n                },\\r\\n                {\\r\\n                    \\\"required\\\": [\\r\\n                        \\\"name\\\"\\r\\n                    ],\\r\\n                    \\\"properties\\\": {\\r\\n                        \\\"id\\\": {\\r\\n                            \\\"type\\\": \\\"integer\\\",\\r\\n                            \\\"format\\\": \\\"int64\\\"\\r\\n                        }\\r\\n                    }\\r\\n                }\\r\\n            ]\\r\\n        },\\r\\n        \\\"errorModel\\\": {\\r\\n            \\\"required\\\": [\\r\\n                \\\"code\\\",\\r\\n                \\\"message\\\"\\r\\n            ],\\r\\n            \\\"properties\\\": {\\r\\n                \\\"code\\\": {\\r\\n                    \\\"type\\\": \\\"integer\\\",\\r\\n                    \\\"format\\\": \\\"int32\\\"\\r\\n                },\\r\\n                \\\"message\\\": {\\r\\n                    \\\"type\\\": \\\"string\\\"\\r\\n                }\\r\\n            }\\r\\n        }\\r\\n    },\\r\\n    \\\"parameters\\\": {\\r\\n        \\\"dummyBodyParameterDef\\\": {\\r\\n            \\\"name\\\": \\\"definedBodyParam\\\",\\r\\n            \\\"in\\\": \\\"body\\\",\\r\\n            \\\"description\\\": \\\"definedBodyParam description\\\",\\r\\n            \\\"required\\\": true,\\r\\n            \\\"schema\\\": {\\r\\n                \\\"title\\\": \\\"Example Schema\\\",\\r\\n                \\\"type\\\": \\\"object\\\",\\r\\n                \\\"properties\\\": {\\r\\n                    \\\"firstName\\\": {\\r\\n                        \\\"type\\\": \\\"string\\\"\\r\\n                    },\\r\\n                    \\\"lastName\\\": {\\r\\n                        \\\"type\\\": \\\"string\\\"\\r\\n                    },\\r\\n                    \\\"age\\\": {\\r\\n                        \\\"description\\\": \\\"Age in years\\\",\\r\\n                        \\\"type\\\": \\\"integer\\\",\\r\\n                        \\\"minimum\\\": 0\\r\\n                    }\\r\\n                },\\r\\n                \\\"required\\\": [ \\\"firstName\\\", \\\"lastName\\\" ]\\r\\n            }\\r\\n        },\\r\\n        \\\"dummyQueryParameterDef\\\": {\\r\\n            \\\"name\\\": \\\"definedQueryParam\\\",\\r\\n            \\\"in\\\": \\\"query\\\",\\r\\n            \\\"description\\\": \\\"definedQueryParam description\\\",\\r\\n            \\\"required\\\": true,\\r\\n            \\\"type\\\": \\\"string\\\",\\r\\n            \\\"format\\\": \\\"whateverformat\\\"\\r\\n        }\\r\\n    },\\r\\n    \\\"responses\\\": {\\r\\n        \\\"dummyResponseDef\\\": {\\r\\n            \\\"description\\\": \\\"dummyResponseDef description\\\",\\r\\n            \\\"schema\\\": {\\r\\n                \\\"$ref\\\":  \\\"#/definitions/pet\\\"\\r\\n            },\\r\\n            \\\"headers\\\": {\\r\\n                \\\"header1\\\": {\\r\\n                    \\\"type\\\": \\\"integer\\\"\\r\\n                },\\r\\n                \\\"header2\\\": {\\r\\n                    \\\"type\\\": \\\"integer\\\"\\r\\n                }\\r\\n            },\\r\\n            \\\"examples\\\": {\\r\\n                \\\"contenttype1\\\": \\\"contenttype1 example\\\",\\r\\n                \\\"contenttype2\\\": \\\"contenttype2 example\\\"\\r\\n            }\\r\\n        }\\r\\n    }\\r\\n}\\r\\n\\r\\n\",\r\n    \"format\": \"swagger-json\"\r\n  }\r\n}",
      "RequestHeaders": {
        "x-ms-client-request-id": [
          "d4179988-d740-4968-be7c-b6b5c3928c3a"
        ],
        "Accept-Language": [
          "en-US"
        ],
        "User-Agent": [
          "FxVersion/4.6.27817.01",
          "OSName/Windows",
          "OSVersion/Microsoft.Windows.10.0.18362.",
          "Microsoft.Azure.Management.ApiManagement.ApiManagementClient/4.11.0.0"
        ],
        "Content-Type": [
          "application/json; charset=utf-8"
        ],
        "Content-Length": [
          "18232"
        ]
      },
      "ResponseHeaders": {
        "Cache-Control": [
          "no-cache"
        ],
        "Pragma": [
          "no-cache"
        ],
        "Location": [
          "https://management.azure.com/subscriptions/a200340d-6b82-494d-9dbf-687ba6e33f9e/resourceGroups/powershelltest/providers/Microsoft.ApiManagement/service/powershellsdkservice/apis/ps7605?api-version=2019-01-01&asyncId=5d9278b7787c9527240ff10b&asyncCode=201"
        ],
        "Strict-Transport-Security": [
          "max-age=31536000; includeSubDomains"
        ],
        "x-ms-request-id": [
          "1350f407-fc5a-40f4-b9b2-ce33b44c95df"
        ],
        "Server": [
          "Microsoft-HTTPAPI/2.0"
        ],
        "x-ms-ratelimit-remaining-subscription-writes": [
          "1195"
        ],
        "x-ms-correlation-request-id": [
          "eff506c1-6041-4205-aafe-693ce6bf8ea4"
        ],
        "x-ms-routing-request-id": [
          "WESTUS:20190930T215048Z:eff506c1-6041-4205-aafe-693ce6bf8ea4"
        ],
        "X-Content-Type-Options": [
          "nosniff"
        ],
        "Date": [
          "Mon, 30 Sep 2019 21:50:47 GMT"
        ],
        "Expires": [
          "-1"
        ],
        "Content-Length": [
          "0"
        ]
      },
      "ResponseBody": "",
      "StatusCode": 202
    },
    {
      "RequestUri": "/subscriptions/a200340d-6b82-494d-9dbf-687ba6e33f9e/resourceGroups/powershelltest/providers/Microsoft.ApiManagement/service/powershellsdkservice/apis/ps7605?api-version=2019-01-01&asyncId=5d9278b7787c9527240ff10b&asyncCode=201",
      "EncodedRequestUri": "L3N1YnNjcmlwdGlvbnMvYTIwMDM0MGQtNmI4Mi00OTRkLTlkYmYtNjg3YmE2ZTMzZjllL3Jlc291cmNlR3JvdXBzL3Bvd2Vyc2hlbGx0ZXN0L3Byb3ZpZGVycy9NaWNyb3NvZnQuQXBpTWFuYWdlbWVudC9zZXJ2aWNlL3Bvd2Vyc2hlbGxzZGtzZXJ2aWNlL2FwaXMvcHM3NjA1P2FwaS12ZXJzaW9uPTIwMTktMDEtMDEmYXN5bmNJZD01ZDkyNzhiNzc4N2M5NTI3MjQwZmYxMGImYXN5bmNDb2RlPTIwMQ==",
      "RequestMethod": "GET",
      "RequestBody": "",
      "RequestHeaders": {
        "User-Agent": [
          "FxVersion/4.6.27817.01",
          "OSName/Windows",
          "OSVersion/Microsoft.Windows.10.0.18362.",
          "Microsoft.Azure.Management.ApiManagement.ApiManagementClient/4.11.0.0"
        ]
      },
      "ResponseHeaders": {
        "Cache-Control": [
          "no-cache"
        ],
        "Pragma": [
          "no-cache"
        ],
        "ETag": [
          "\"AAAAAAAAJT0=\""
        ],
        "Strict-Transport-Security": [
          "max-age=31536000; includeSubDomains"
        ],
        "x-ms-request-id": [
          "3195f263-cef2-4adf-8905-d17b2fab9b93"
        ],
        "Server": [
          "Microsoft-HTTPAPI/2.0"
        ],
        "x-ms-ratelimit-remaining-subscription-reads": [
          "11994"
        ],
        "x-ms-correlation-request-id": [
          "4d7199ea-0e62-4096-8f95-12bf7abdd66f"
        ],
        "x-ms-routing-request-id": [
          "WESTUS:20190930T215118Z:4d7199ea-0e62-4096-8f95-12bf7abdd66f"
        ],
        "X-Content-Type-Options": [
          "nosniff"
        ],
        "Date": [
          "Mon, 30 Sep 2019 21:51:17 GMT"
        ],
        "Content-Length": [
          "849"
        ],
        "Content-Type": [
          "application/json; charset=utf-8"
        ],
        "Expires": [
          "-1"
        ]
      },
      "ResponseBody": "{\r\n  \"id\": \"/subscriptions/a200340d-6b82-494d-9dbf-687ba6e33f9e/resourceGroups/powershelltest/providers/Microsoft.ApiManagement/service/powershellsdkservice/apis/ps7605\",\r\n  \"type\": \"Microsoft.ApiManagement/service/apis\",\r\n  \"name\": \"ps7605\",\r\n  \"properties\": {\r\n    \"displayName\": \"Swagger Petstore Extensive\",\r\n    \"apiRevision\": \"1\",\r\n    \"description\": \"A sample API that uses a petstore as an example to demonstrate features in the swagger-2.0 specification\",\r\n    \"serviceUrl\": \"http://petstore.swagger.wordnik.com/api\",\r\n    \"path\": \"swaggerapifromFile\",\r\n    \"protocols\": [\r\n      \"http\"\r\n    ],\r\n    \"authenticationSettings\": {\r\n      \"oAuth2\": null,\r\n      \"openid\": null\r\n    },\r\n    \"subscriptionKeyParameterNames\": {\r\n      \"header\": \"Ocp-Apim-Subscription-Key\",\r\n      \"query\": \"subscription-key\"\r\n    },\r\n    \"isCurrent\": true\r\n  }\r\n}",
      "StatusCode": 201
    },
    {
      "RequestUri": "/subscriptions/a200340d-6b82-494d-9dbf-687ba6e33f9e/resourceGroups/powershelltest/providers/Microsoft.ApiManagement/service/powershellsdkservice/apis/ps7605?api-version=2019-01-01",
      "EncodedRequestUri": "L3N1YnNjcmlwdGlvbnMvYTIwMDM0MGQtNmI4Mi00OTRkLTlkYmYtNjg3YmE2ZTMzZjllL3Jlc291cmNlR3JvdXBzL3Bvd2Vyc2hlbGx0ZXN0L3Byb3ZpZGVycy9NaWNyb3NvZnQuQXBpTWFuYWdlbWVudC9zZXJ2aWNlL3Bvd2Vyc2hlbGxzZGtzZXJ2aWNlL2FwaXMvcHM3NjA1P2FwaS12ZXJzaW9uPTIwMTktMDEtMDE=",
      "RequestMethod": "GET",
      "RequestBody": "",
      "RequestHeaders": {
        "x-ms-client-request-id": [
          "bc2d19dc-8d1f-4e8e-b03a-db26e41b6577"
        ],
        "Accept-Language": [
          "en-US"
        ],
        "User-Agent": [
          "FxVersion/4.6.27817.01",
          "OSName/Windows",
          "OSVersion/Microsoft.Windows.10.0.18362.",
          "Microsoft.Azure.Management.ApiManagement.ApiManagementClient/4.11.0.0"
        ]
      },
      "ResponseHeaders": {
        "Cache-Control": [
          "no-cache"
        ],
        "Pragma": [
          "no-cache"
        ],
        "ETag": [
          "\"AAAAAAAAJT0=\""
        ],
        "Strict-Transport-Security": [
          "max-age=31536000; includeSubDomains"
        ],
        "x-ms-request-id": [
          "08b6d903-637f-4310-8a13-db0f2bfa5b7b"
        ],
        "Server": [
          "Microsoft-HTTPAPI/2.0"
        ],
        "x-ms-ratelimit-remaining-subscription-reads": [
          "11993"
        ],
        "x-ms-correlation-request-id": [
          "81b8312f-824a-4913-9343-7d1bdd11491f"
        ],
        "x-ms-routing-request-id": [
          "WESTUS:20190930T215118Z:81b8312f-824a-4913-9343-7d1bdd11491f"
        ],
        "X-Content-Type-Options": [
          "nosniff"
        ],
        "Date": [
          "Mon, 30 Sep 2019 21:51:17 GMT"
        ],
        "Content-Length": [
          "849"
        ],
        "Content-Type": [
          "application/json; charset=utf-8"
        ],
        "Expires": [
          "-1"
        ]
      },
      "ResponseBody": "{\r\n  \"id\": \"/subscriptions/a200340d-6b82-494d-9dbf-687ba6e33f9e/resourceGroups/powershelltest/providers/Microsoft.ApiManagement/service/powershellsdkservice/apis/ps7605\",\r\n  \"type\": \"Microsoft.ApiManagement/service/apis\",\r\n  \"name\": \"ps7605\",\r\n  \"properties\": {\r\n    \"displayName\": \"Swagger Petstore Extensive\",\r\n    \"apiRevision\": \"1\",\r\n    \"description\": \"A sample API that uses a petstore as an example to demonstrate features in the swagger-2.0 specification\",\r\n    \"serviceUrl\": \"http://petstore.swagger.wordnik.com/api\",\r\n    \"path\": \"swaggerapifromFile\",\r\n    \"protocols\": [\r\n      \"http\"\r\n    ],\r\n    \"authenticationSettings\": {\r\n      \"oAuth2\": null,\r\n      \"openid\": null\r\n    },\r\n    \"subscriptionKeyParameterNames\": {\r\n      \"header\": \"Ocp-Apim-Subscription-Key\",\r\n      \"query\": \"subscription-key\"\r\n    },\r\n    \"isCurrent\": true\r\n  }\r\n}",
      "StatusCode": 200
    },
    {
      "RequestUri": "/subscriptions/a200340d-6b82-494d-9dbf-687ba6e33f9e/resourceGroups/powershelltest/providers/Microsoft.ApiManagement/service/powershellsdkservice/apis/ps7605?api-version=2019-01-01",
      "EncodedRequestUri": "L3N1YnNjcmlwdGlvbnMvYTIwMDM0MGQtNmI4Mi00OTRkLTlkYmYtNjg3YmE2ZTMzZjllL3Jlc291cmNlR3JvdXBzL3Bvd2Vyc2hlbGx0ZXN0L3Byb3ZpZGVycy9NaWNyb3NvZnQuQXBpTWFuYWdlbWVudC9zZXJ2aWNlL3Bvd2Vyc2hlbGxzZGtzZXJ2aWNlL2FwaXMvcHM3NjA1P2FwaS12ZXJzaW9uPTIwMTktMDEtMDE=",
      "RequestMethod": "GET",
      "RequestBody": "",
      "RequestHeaders": {
        "x-ms-client-request-id": [
          "7ee54e83-36bc-4537-b8df-6e2f90275e67"
        ],
        "Accept-Language": [
          "en-US"
        ],
        "User-Agent": [
          "FxVersion/4.6.27817.01",
          "OSName/Windows",
          "OSVersion/Microsoft.Windows.10.0.18362.",
          "Microsoft.Azure.Management.ApiManagement.ApiManagementClient/4.11.0.0"
        ]
      },
      "ResponseHeaders": {
        "Cache-Control": [
          "no-cache"
        ],
        "Pragma": [
          "no-cache"
        ],
        "ETag": [
          "\"AAAAAAAAJT0=\""
        ],
        "Strict-Transport-Security": [
          "max-age=31536000; includeSubDomains"
        ],
        "x-ms-request-id": [
          "79be0af1-a79a-4a5d-a52e-d50544daf6a4"
        ],
        "Server": [
          "Microsoft-HTTPAPI/2.0"
        ],
        "x-ms-ratelimit-remaining-subscription-reads": [
          "11989"
        ],
        "x-ms-correlation-request-id": [
          "d847c5e1-2f83-4328-a12b-dfabde0248ce"
        ],
        "x-ms-routing-request-id": [
          "WESTUS:20190930T215121Z:d847c5e1-2f83-4328-a12b-dfabde0248ce"
        ],
        "X-Content-Type-Options": [
          "nosniff"
        ],
        "Date": [
          "Mon, 30 Sep 2019 21:51:20 GMT"
        ],
        "Content-Length": [
          "849"
        ],
        "Content-Type": [
          "application/json; charset=utf-8"
        ],
        "Expires": [
          "-1"
        ]
      },
      "ResponseBody": "{\r\n  \"id\": \"/subscriptions/a200340d-6b82-494d-9dbf-687ba6e33f9e/resourceGroups/powershelltest/providers/Microsoft.ApiManagement/service/powershellsdkservice/apis/ps7605\",\r\n  \"type\": \"Microsoft.ApiManagement/service/apis\",\r\n  \"name\": \"ps7605\",\r\n  \"properties\": {\r\n    \"displayName\": \"Swagger Petstore Extensive\",\r\n    \"apiRevision\": \"1\",\r\n    \"description\": \"A sample API that uses a petstore as an example to demonstrate features in the swagger-2.0 specification\",\r\n    \"serviceUrl\": \"http://petstore.swagger.wordnik.com/api\",\r\n    \"path\": \"swaggerapifromFile\",\r\n    \"protocols\": [\r\n      \"http\"\r\n    ],\r\n    \"authenticationSettings\": {\r\n      \"oAuth2\": null,\r\n      \"openid\": null\r\n    },\r\n    \"subscriptionKeyParameterNames\": {\r\n      \"header\": \"Ocp-Apim-Subscription-Key\",\r\n      \"query\": \"subscription-key\"\r\n    },\r\n    \"isCurrent\": true\r\n  }\r\n}",
      "StatusCode": 200
    },
    {
      "RequestUri": "/subscriptions/a200340d-6b82-494d-9dbf-687ba6e33f9e/resourceGroups/powershelltest/providers/Microsoft.ApiManagement/service/powershellsdkservice/products?api-version=2019-01-01",
      "EncodedRequestUri": "L3N1YnNjcmlwdGlvbnMvYTIwMDM0MGQtNmI4Mi00OTRkLTlkYmYtNjg3YmE2ZTMzZjllL3Jlc291cmNlR3JvdXBzL3Bvd2Vyc2hlbGx0ZXN0L3Byb3ZpZGVycy9NaWNyb3NvZnQuQXBpTWFuYWdlbWVudC9zZXJ2aWNlL3Bvd2Vyc2hlbGxzZGtzZXJ2aWNlL3Byb2R1Y3RzP2FwaS12ZXJzaW9uPTIwMTktMDEtMDE=",
      "RequestMethod": "GET",
      "RequestBody": "",
      "RequestHeaders": {
        "x-ms-client-request-id": [
          "d3e6a492-4fb4-432a-9e77-872bc2317dce"
        ],
        "Accept-Language": [
          "en-US"
        ],
        "User-Agent": [
          "FxVersion/4.6.27817.01",
          "OSName/Windows",
          "OSVersion/Microsoft.Windows.10.0.18362.",
          "Microsoft.Azure.Management.ApiManagement.ApiManagementClient/4.11.0.0"
        ]
      },
      "ResponseHeaders": {
        "Cache-Control": [
          "no-cache"
        ],
        "Pragma": [
          "no-cache"
        ],
        "Strict-Transport-Security": [
          "max-age=31536000; includeSubDomains"
        ],
        "x-ms-request-id": [
          "1e778638-9f2c-48b0-a72e-463ee9853663"
        ],
        "Server": [
          "Microsoft-HTTPAPI/2.0"
        ],
        "x-ms-ratelimit-remaining-subscription-reads": [
          "11992"
        ],
        "x-ms-correlation-request-id": [
          "86f2fc1b-fe17-4ee8-85d3-791bb5971cd2"
        ],
        "x-ms-routing-request-id": [
          "WESTUS:20190930T215118Z:86f2fc1b-fe17-4ee8-85d3-791bb5971cd2"
        ],
        "X-Content-Type-Options": [
          "nosniff"
        ],
        "Date": [
          "Mon, 30 Sep 2019 21:51:18 GMT"
        ],
        "Content-Length": [
          "1287"
        ],
        "Content-Type": [
          "application/json; charset=utf-8"
        ],
        "Expires": [
          "-1"
        ]
      },
      "ResponseBody": "{\r\n  \"value\": [\r\n    {\r\n      \"id\": \"/subscriptions/a200340d-6b82-494d-9dbf-687ba6e33f9e/resourceGroups/powershelltest/providers/Microsoft.ApiManagement/service/powershellsdkservice/products/starter\",\r\n      \"type\": \"Microsoft.ApiManagement/service/products\",\r\n      \"name\": \"starter\",\r\n      \"properties\": {\r\n        \"displayName\": \"Starter\",\r\n        \"description\": \"Subscribers will be able to run 5 calls/minute up to a maximum of 100 calls/week.\",\r\n        \"terms\": \"\",\r\n        \"subscriptionRequired\": true,\r\n        \"approvalRequired\": false,\r\n        \"subscriptionsLimit\": 100,\r\n        \"state\": \"published\"\r\n      }\r\n    },\r\n    {\r\n      \"id\": \"/subscriptions/a200340d-6b82-494d-9dbf-687ba6e33f9e/resourceGroups/powershelltest/providers/Microsoft.ApiManagement/service/powershellsdkservice/products/unlimited\",\r\n      \"type\": \"Microsoft.ApiManagement/service/products\",\r\n      \"name\": \"unlimited\",\r\n      \"properties\": {\r\n        \"displayName\": \"Unlimited\",\r\n        \"description\": \"Subscribers have completely unlimited access to the API. Administrator approval is required.\",\r\n        \"terms\": null,\r\n        \"subscriptionRequired\": true,\r\n        \"approvalRequired\": true,\r\n        \"subscriptionsLimit\": 1,\r\n        \"state\": \"published\"\r\n      }\r\n    }\r\n  ],\r\n  \"count\": 2\r\n}",
      "StatusCode": 200
    },
    {
      "RequestUri": "/subscriptions/a200340d-6b82-494d-9dbf-687ba6e33f9e/resourceGroups/powershelltest/providers/Microsoft.ApiManagement/service/powershellsdkservice/products/starter/apis/ps7605?api-version=2019-01-01",
      "EncodedRequestUri": "L3N1YnNjcmlwdGlvbnMvYTIwMDM0MGQtNmI4Mi00OTRkLTlkYmYtNjg3YmE2ZTMzZjllL3Jlc291cmNlR3JvdXBzL3Bvd2Vyc2hlbGx0ZXN0L3Byb3ZpZGVycy9NaWNyb3NvZnQuQXBpTWFuYWdlbWVudC9zZXJ2aWNlL3Bvd2Vyc2hlbGxzZGtzZXJ2aWNlL3Byb2R1Y3RzL3N0YXJ0ZXIvYXBpcy9wczc2MDU/YXBpLXZlcnNpb249MjAxOS0wMS0wMQ==",
      "RequestMethod": "PUT",
      "RequestBody": "",
      "RequestHeaders": {
        "x-ms-client-request-id": [
          "4b5d656a-c175-47ef-aa0b-141675fb1bcb"
        ],
        "Accept-Language": [
          "en-US"
        ],
        "User-Agent": [
          "FxVersion/4.6.27817.01",
          "OSName/Windows",
          "OSVersion/Microsoft.Windows.10.0.18362.",
          "Microsoft.Azure.Management.ApiManagement.ApiManagementClient/4.11.0.0"
        ]
      },
      "ResponseHeaders": {
        "Cache-Control": [
          "no-cache"
        ],
        "Pragma": [
          "no-cache"
        ],
        "ETag": [
          "\"AAAAAAAAJT0=\""
        ],
        "Strict-Transport-Security": [
          "max-age=31536000; includeSubDomains"
        ],
        "x-ms-request-id": [
          "ceade133-8dc1-4bcb-89ed-ca5aebdc8f05"
        ],
        "Server": [
          "Microsoft-HTTPAPI/2.0"
        ],
        "x-ms-ratelimit-remaining-subscription-writes": [
          "1194"
        ],
        "x-ms-correlation-request-id": [
          "7ff11e15-7d49-4a96-bdf6-5d56b7236b53"
        ],
        "x-ms-routing-request-id": [
          "WESTUS:20190930T215119Z:7ff11e15-7d49-4a96-bdf6-5d56b7236b53"
        ],
        "X-Content-Type-Options": [
          "nosniff"
        ],
        "Date": [
          "Mon, 30 Sep 2019 21:51:18 GMT"
        ],
        "Content-Length": [
          "723"
        ],
        "Content-Type": [
          "application/json; charset=utf-8"
        ],
        "Expires": [
          "-1"
        ]
      },
      "ResponseBody": "{\r\n  \"id\": \"/subscriptions/a200340d-6b82-494d-9dbf-687ba6e33f9e/resourceGroups/powershelltest/providers/Microsoft.ApiManagement/service/powershellsdkservice/products/starter/apis/ps7605\",\r\n  \"type\": \"Microsoft.ApiManagement/service/products/apis\",\r\n  \"name\": \"ps7605\",\r\n  \"properties\": {\r\n    \"displayName\": \"Swagger Petstore Extensive\",\r\n    \"apiRevision\": \"1\",\r\n    \"description\": \"A sample API that uses a petstore as an example to demonstrate features in the swagger-2.0 specification\",\r\n    \"serviceUrl\": \"http://petstore.swagger.wordnik.com/api\",\r\n    \"path\": \"swaggerapifromFile\",\r\n    \"protocols\": null,\r\n    \"authenticationSettings\": null,\r\n    \"subscriptionKeyParameterNames\": null,\r\n    \"isCurrent\": true\r\n  }\r\n}",
      "StatusCode": 201
    },
    {
      "RequestUri": "/subscriptions/a200340d-6b82-494d-9dbf-687ba6e33f9e/resourceGroups/powershelltest/providers/Microsoft.ApiManagement/service/powershellsdkservice/products/starter/apis?api-version=2019-01-01",
      "EncodedRequestUri": "L3N1YnNjcmlwdGlvbnMvYTIwMDM0MGQtNmI4Mi00OTRkLTlkYmYtNjg3YmE2ZTMzZjllL3Jlc291cmNlR3JvdXBzL3Bvd2Vyc2hlbGx0ZXN0L3Byb3ZpZGVycy9NaWNyb3NvZnQuQXBpTWFuYWdlbWVudC9zZXJ2aWNlL3Bvd2Vyc2hlbGxzZGtzZXJ2aWNlL3Byb2R1Y3RzL3N0YXJ0ZXIvYXBpcz9hcGktdmVyc2lvbj0yMDE5LTAxLTAx",
      "RequestMethod": "GET",
      "RequestBody": "",
      "RequestHeaders": {
        "x-ms-client-request-id": [
          "7879d6ef-c395-4a0c-88da-d7ef1b0209c9"
        ],
        "Accept-Language": [
          "en-US"
        ],
        "User-Agent": [
          "FxVersion/4.6.27817.01",
          "OSName/Windows",
          "OSVersion/Microsoft.Windows.10.0.18362.",
          "Microsoft.Azure.Management.ApiManagement.ApiManagementClient/4.11.0.0"
        ]
      },
      "ResponseHeaders": {
        "Cache-Control": [
          "no-cache"
        ],
        "Pragma": [
          "no-cache"
        ],
        "Strict-Transport-Security": [
          "max-age=31536000; includeSubDomains"
        ],
        "x-ms-request-id": [
          "893dad8d-7a61-4114-a453-abe4da8cd72d"
        ],
        "Server": [
          "Microsoft-HTTPAPI/2.0"
        ],
        "x-ms-ratelimit-remaining-subscription-reads": [
          "11991"
        ],
        "x-ms-correlation-request-id": [
          "c4d88c87-5fdd-4689-a4a3-6c0d38ecd244"
        ],
        "x-ms-routing-request-id": [
          "WESTUS:20190930T215120Z:c4d88c87-5fdd-4689-a4a3-6c0d38ecd244"
        ],
        "X-Content-Type-Options": [
          "nosniff"
        ],
        "Date": [
          "Mon, 30 Sep 2019 21:51:19 GMT"
        ],
        "Content-Length": [
          "1532"
        ],
        "Content-Type": [
          "application/json; charset=utf-8"
        ],
        "Expires": [
          "-1"
        ]
      },
      "ResponseBody": "{\r\n  \"value\": [\r\n    {\r\n      \"id\": \"/subscriptions/a200340d-6b82-494d-9dbf-687ba6e33f9e/resourceGroups/powershelltest/providers/Microsoft.ApiManagement/service/powershellsdkservice/products/starter/apis/echo-api\",\r\n      \"type\": \"Microsoft.ApiManagement/service/products/apis\",\r\n      \"name\": \"echo-api\",\r\n      \"properties\": {\r\n        \"displayName\": \"Echo API\",\r\n        \"apiRevision\": \"1\",\r\n        \"description\": null,\r\n        \"serviceUrl\": \"http://echoapi.cloudapp.net/api\",\r\n        \"path\": \"echo\",\r\n        \"protocols\": [\r\n          \"https\"\r\n        ],\r\n        \"authenticationSettings\": null,\r\n        \"subscriptionKeyParameterNames\": null,\r\n        \"isCurrent\": true\r\n      }\r\n    },\r\n    {\r\n      \"id\": \"/subscriptions/a200340d-6b82-494d-9dbf-687ba6e33f9e/resourceGroups/powershelltest/providers/Microsoft.ApiManagement/service/powershellsdkservice/products/starter/apis/ps7605\",\r\n      \"type\": \"Microsoft.ApiManagement/service/products/apis\",\r\n      \"name\": \"ps7605\",\r\n      \"properties\": {\r\n        \"displayName\": \"Swagger Petstore Extensive\",\r\n        \"apiRevision\": \"1\",\r\n        \"description\": \"A sample API that uses a petstore as an example to demonstrate features in the swagger-2.0 specification\",\r\n        \"serviceUrl\": \"http://petstore.swagger.wordnik.com/api\",\r\n        \"path\": \"swaggerapifromFile\",\r\n        \"protocols\": [\r\n          \"http\"\r\n        ],\r\n        \"authenticationSettings\": null,\r\n        \"subscriptionKeyParameterNames\": null,\r\n        \"isCurrent\": true\r\n      }\r\n    }\r\n  ],\r\n  \"count\": 2\r\n}",
      "StatusCode": 200
    },
    {
      "RequestUri": "/subscriptions/a200340d-6b82-494d-9dbf-687ba6e33f9e/resourceGroups/powershelltest/providers/Microsoft.ApiManagement/service/powershellsdkservice/apis/ps7605/operations?api-version=2019-01-01",
      "EncodedRequestUri": "L3N1YnNjcmlwdGlvbnMvYTIwMDM0MGQtNmI4Mi00OTRkLTlkYmYtNjg3YmE2ZTMzZjllL3Jlc291cmNlR3JvdXBzL3Bvd2Vyc2hlbGx0ZXN0L3Byb3ZpZGVycy9NaWNyb3NvZnQuQXBpTWFuYWdlbWVudC9zZXJ2aWNlL3Bvd2Vyc2hlbGxzZGtzZXJ2aWNlL2FwaXMvcHM3NjA1L29wZXJhdGlvbnM/YXBpLXZlcnNpb249MjAxOS0wMS0wMQ==",
      "RequestMethod": "GET",
      "RequestBody": "",
      "RequestHeaders": {
        "x-ms-client-request-id": [
          "7a1af882-2b24-49fe-a16b-a07cd0e2f3d6"
        ],
        "Accept-Language": [
          "en-US"
        ],
        "User-Agent": [
          "FxVersion/4.6.27817.01",
          "OSName/Windows",
          "OSVersion/Microsoft.Windows.10.0.18362.",
          "Microsoft.Azure.Management.ApiManagement.ApiManagementClient/4.11.0.0"
        ]
      },
      "ResponseHeaders": {
        "Cache-Control": [
          "no-cache"
        ],
        "Pragma": [
          "no-cache"
        ],
        "Strict-Transport-Security": [
          "max-age=31536000; includeSubDomains"
        ],
        "x-ms-request-id": [
          "2918ec6c-4a03-4010-b0b0-9e8a55a24313"
        ],
        "Server": [
          "Microsoft-HTTPAPI/2.0"
        ],
        "x-ms-ratelimit-remaining-subscription-reads": [
          "11990"
        ],
        "x-ms-correlation-request-id": [
          "2c0486aa-2f72-4215-967f-0e76e8267e5f"
        ],
        "x-ms-routing-request-id": [
          "WESTUS:20190930T215120Z:2c0486aa-2f72-4215-967f-0e76e8267e5f"
        ],
        "X-Content-Type-Options": [
          "nosniff"
        ],
        "Date": [
          "Mon, 30 Sep 2019 21:51:20 GMT"
        ],
        "Content-Length": [
          "18942"
        ],
        "Content-Type": [
          "application/json; charset=utf-8"
        ],
        "Expires": [
          "-1"
        ]
      },
      "ResponseBody": "{\r\n  \"value\": [\r\n    {\r\n      \"id\": \"/subscriptions/a200340d-6b82-494d-9dbf-687ba6e33f9e/resourceGroups/powershelltest/providers/Microsoft.ApiManagement/service/powershellsdkservice/apis/ps7605/operations/addPet\",\r\n      \"type\": \"Microsoft.ApiManagement/service/apis/operations\",\r\n      \"name\": \"addPet\",\r\n      \"properties\": {\r\n        \"displayName\": \"addPet\",\r\n        \"method\": \"POST\",\r\n        \"urlTemplate\": \"/pets\",\r\n        \"templateParameters\": [],\r\n        \"description\": \"Creates a new pet in the store.  Duplicates are allowed\",\r\n        \"request\": {\r\n          \"description\": \"Pet to add to the store\",\r\n          \"queryParameters\": [],\r\n          \"headers\": [],\r\n          \"representations\": [\r\n            {\r\n              \"contentType\": \"application/json\",\r\n              \"schemaId\": \"5d9278b7787c9527240ff10a\",\r\n              \"typeName\": \"newPet\"\r\n            }\r\n          ]\r\n        },\r\n        \"responses\": [\r\n          {\r\n            \"statusCode\": 200,\r\n            \"description\": \"pet response\",\r\n            \"representations\": [\r\n              {\r\n                \"contentType\": \"application/json\",\r\n                \"schemaId\": \"5d9278b7787c9527240ff10a\",\r\n                \"typeName\": \"pet\",\r\n                \"generatedSample\": \"{\\r\\n  \\\"id\\\": 0,\\r\\n  \\\"name\\\": \\\"string\\\",\\r\\n  \\\"tag\\\": \\\"string\\\"\\r\\n}\"\r\n              }\r\n            ],\r\n            \"headers\": []\r\n          },\r\n          {\r\n            \"statusCode\": 500,\r\n            \"description\": \"unexpected error\",\r\n            \"representations\": [\r\n              {\r\n                \"contentType\": \"application/json\",\r\n                \"schemaId\": \"5d9278b7787c9527240ff10a\",\r\n                \"typeName\": \"errorModel\",\r\n                \"generatedSample\": \"{\\r\\n  \\\"code\\\": 0,\\r\\n  \\\"message\\\": \\\"string\\\"\\r\\n}\"\r\n              }\r\n            ],\r\n            \"headers\": []\r\n          }\r\n        ],\r\n        \"policies\": null\r\n      }\r\n    },\r\n    {\r\n      \"id\": \"/subscriptions/a200340d-6b82-494d-9dbf-687ba6e33f9e/resourceGroups/powershelltest/providers/Microsoft.ApiManagement/service/powershellsdkservice/apis/ps7605/operations/deletePet\",\r\n      \"type\": \"Microsoft.ApiManagement/service/apis/operations\",\r\n      \"name\": \"deletePet\",\r\n      \"properties\": {\r\n        \"displayName\": \"deletePet\",\r\n        \"method\": \"DELETE\",\r\n        \"urlTemplate\": \"/pets/{id}\",\r\n        \"templateParameters\": [\r\n          {\r\n            \"name\": \"id\",\r\n            \"description\": \"Format - int64. ID of pet to delete\",\r\n            \"type\": \"integer\",\r\n            \"required\": true,\r\n            \"values\": []\r\n          }\r\n        ],\r\n        \"description\": \"deletes a single pet based on the ID supplied\",\r\n        \"responses\": [\r\n          {\r\n            \"statusCode\": 204,\r\n            \"description\": \"pet deleted\",\r\n            \"representations\": [\r\n              {\r\n                \"contentType\": \"application/json\"\r\n              }\r\n            ],\r\n            \"headers\": []\r\n          },\r\n          {\r\n            \"statusCode\": 500,\r\n            \"description\": \"unexpected error\",\r\n            \"representations\": [\r\n              {\r\n                \"contentType\": \"application/json\",\r\n                \"schemaId\": \"5d9278b7787c9527240ff10a\",\r\n                \"typeName\": \"errorModel\",\r\n                \"generatedSample\": \"{\\r\\n  \\\"code\\\": 0,\\r\\n  \\\"message\\\": \\\"string\\\"\\r\\n}\"\r\n              }\r\n            ],\r\n            \"headers\": []\r\n          }\r\n        ],\r\n        \"policies\": null\r\n      }\r\n    },\r\n    {\r\n      \"id\": \"/subscriptions/a200340d-6b82-494d-9dbf-687ba6e33f9e/resourceGroups/powershelltest/providers/Microsoft.ApiManagement/service/powershellsdkservice/apis/ps7605/operations/dummyid1\",\r\n      \"type\": \"Microsoft.ApiManagement/service/apis/operations\",\r\n      \"name\": \"dummyid1\",\r\n      \"properties\": {\r\n        \"displayName\": \"dummyid1\",\r\n        \"method\": \"POST\",\r\n        \"urlTemplate\": \"/mySamplePath?dummyReqQueryParam={dummyReqQueryParam}\",\r\n        \"templateParameters\": [\r\n          {\r\n            \"name\": \"dummyReqQueryParam\",\r\n            \"description\": \"dummyReqQueryParam description\",\r\n            \"type\": \"string\",\r\n            \"required\": true,\r\n            \"values\": []\r\n          }\r\n        ],\r\n        \"description\": \"Dummy desc\",\r\n        \"request\": {\r\n          \"description\": \"dummyBodyParam description\",\r\n          \"queryParameters\": [\r\n            {\r\n              \"name\": \"dummyNotReqQueryParam\",\r\n              \"description\": \"dummyNotReqQueryParam description\",\r\n              \"type\": \"string\",\r\n              \"values\": []\r\n            }\r\n          ],\r\n          \"headers\": [\r\n            {\r\n              \"name\": \"dummyDateHeaderParam\",\r\n              \"description\": \"Format - date (as full-date in RFC3339). dummyDateHeaderParam description\",\r\n              \"type\": \"string\",\r\n              \"required\": true,\r\n              \"values\": []\r\n            }\r\n          ],\r\n          \"representations\": [\r\n            {\r\n              \"contentType\": \"application/json\",\r\n              \"sample\": \"{\\r\\n  \\\"id\\\": 2,\\r\\n  \\\"name\\\": \\\"myreqpet\\\"\\r\\n}\",\r\n              \"schemaId\": \"5d9278b7787c9527240ff10a\",\r\n              \"typeName\": \"pet\"\r\n            }\r\n          ]\r\n        },\r\n        \"responses\": [\r\n          {\r\n            \"statusCode\": 200,\r\n            \"description\": \"pet response\",\r\n            \"representations\": [\r\n              {\r\n                \"contentType\": \"application/json\",\r\n                \"sample\": \"{\\r\\n  \\\"id\\\": 3,\\r\\n  \\\"name\\\": \\\"myresppet\\\"\\r\\n}\",\r\n                \"schemaId\": \"5d9278b7787c9527240ff10a\",\r\n                \"typeName\": \"petArray\"\r\n              }\r\n            ],\r\n            \"headers\": [\r\n              {\r\n                \"name\": \"header1\",\r\n                \"description\": \"sampleheader\",\r\n                \"type\": \"integer\",\r\n                \"values\": []\r\n              }\r\n            ]\r\n          },\r\n          {\r\n            \"statusCode\": 500,\r\n            \"description\": \"unexpected error\",\r\n            \"representations\": [\r\n              {\r\n                \"contentType\": \"application/json\",\r\n                \"schemaId\": \"5d9278b7787c9527240ff10a\",\r\n                \"typeName\": \"errorModel\",\r\n                \"generatedSample\": \"{\\r\\n  \\\"code\\\": 0,\\r\\n  \\\"message\\\": \\\"string\\\"\\r\\n}\"\r\n              }\r\n            ],\r\n            \"headers\": []\r\n          }\r\n        ],\r\n        \"policies\": null\r\n      }\r\n    },\r\n    {\r\n      \"id\": \"/subscriptions/a200340d-6b82-494d-9dbf-687ba6e33f9e/resourceGroups/powershelltest/providers/Microsoft.ApiManagement/service/powershellsdkservice/apis/ps7605/operations/dummyid2\",\r\n      \"type\": \"Microsoft.ApiManagement/service/apis/operations\",\r\n      \"name\": \"dummyid2\",\r\n      \"properties\": {\r\n        \"displayName\": \"dummyid2\",\r\n        \"method\": \"POST\",\r\n        \"urlTemplate\": \"/mySamplePath2?definedQueryParam={definedQueryParam}\",\r\n        \"templateParameters\": [\r\n          {\r\n            \"name\": \"definedQueryParam\",\r\n            \"description\": \"Format - whateverformat. definedQueryParam description\",\r\n            \"type\": \"string\",\r\n            \"required\": true,\r\n            \"values\": []\r\n          }\r\n        ],\r\n        \"description\": \"Dummy desc\",\r\n        \"request\": {\r\n          \"description\": \"definedBodyParam description\",\r\n          \"queryParameters\": [],\r\n          \"headers\": [],\r\n          \"representations\": [\r\n            {\r\n              \"contentType\": \"application/json\",\r\n              \"schemaId\": \"5d9278b7787c9527240ff10a\",\r\n              \"typeName\": \"DefinedBodyParam\"\r\n            }\r\n          ]\r\n        },\r\n        \"responses\": [\r\n          {\r\n            \"statusCode\": 204,\r\n            \"description\": \"dummyResponseDef description\",\r\n            \"representations\": [\r\n              {\r\n                \"contentType\": \"contenttype1\",\r\n                \"sample\": \"contenttype1 example\",\r\n                \"schemaId\": \"5d9278b7787c9527240ff10a\",\r\n                \"typeName\": \"pet\"\r\n              },\r\n              {\r\n                \"contentType\": \"contenttype2\",\r\n                \"sample\": \"contenttype2 example\",\r\n                \"schemaId\": \"5d9278b7787c9527240ff10a\",\r\n                \"typeName\": \"pet\"\r\n              },\r\n              {\r\n                \"contentType\": \"application/xml\",\r\n                \"schemaId\": \"5d9278b7787c9527240ff10a\",\r\n                \"typeName\": \"pet\",\r\n                \"generatedSample\": \"<pet>\\r\\n  <id>0</id>\\r\\n  <name>string</name>\\r\\n  <tag>string</tag>\\r\\n</pet>\"\r\n              }\r\n            ],\r\n            \"headers\": [\r\n              {\r\n                \"name\": \"header1\",\r\n                \"type\": \"integer\",\r\n                \"values\": []\r\n              },\r\n              {\r\n                \"name\": \"header2\",\r\n                \"type\": \"integer\",\r\n                \"values\": []\r\n              }\r\n            ]\r\n          }\r\n        ],\r\n        \"policies\": null\r\n      }\r\n    },\r\n    {\r\n      \"id\": \"/subscriptions/a200340d-6b82-494d-9dbf-687ba6e33f9e/resourceGroups/powershelltest/providers/Microsoft.ApiManagement/service/powershellsdkservice/apis/ps7605/operations/dummyOperationId\",\r\n      \"type\": \"Microsoft.ApiManagement/service/apis/operations\",\r\n      \"name\": \"dummyOperationId\",\r\n      \"properties\": {\r\n        \"displayName\": \"dummyOperationId\",\r\n        \"method\": \"GET\",\r\n        \"urlTemplate\": \"/pets2?dummyParam={dummyParam}\",\r\n        \"templateParameters\": [\r\n          {\r\n            \"name\": \"dummyParam\",\r\n            \"description\": \"dummyParam desc\",\r\n            \"type\": \"string\",\r\n            \"required\": true,\r\n            \"values\": []\r\n          }\r\n        ],\r\n        \"description\": \"Dummy description\",\r\n        \"request\": {\r\n          \"queryParameters\": [\r\n            {\r\n              \"name\": \"limit\",\r\n              \"description\": \"Format - int32. maximum number of results to return\",\r\n              \"type\": \"integer\",\r\n              \"values\": []\r\n            }\r\n          ],\r\n          \"headers\": [],\r\n          \"representations\": []\r\n        },\r\n        \"responses\": [\r\n          {\r\n            \"statusCode\": 200,\r\n            \"description\": \"pet response\",\r\n            \"representations\": [\r\n              {\r\n                \"contentType\": \"application/json\",\r\n                \"schemaId\": \"5d9278b7787c9527240ff10a\",\r\n                \"typeName\": \"Pets2Get200ApplicationJsonResponse\",\r\n                \"generatedSample\": \"[\\r\\n  \\\"string\\\"\\r\\n]\"\r\n              }\r\n            ],\r\n            \"headers\": []\r\n          },\r\n          {\r\n            \"statusCode\": 500,\r\n            \"description\": \"unexpected error\",\r\n            \"representations\": [\r\n              {\r\n                \"contentType\": \"application/json\",\r\n                \"schemaId\": \"5d9278b7787c9527240ff10a\",\r\n                \"typeName\": \"errorModel\",\r\n                \"generatedSample\": \"{\\r\\n  \\\"code\\\": 0,\\r\\n  \\\"message\\\": \\\"string\\\"\\r\\n}\"\r\n              }\r\n            ],\r\n            \"headers\": []\r\n          }\r\n        ],\r\n        \"policies\": null\r\n      }\r\n    },\r\n    {\r\n      \"id\": \"/subscriptions/a200340d-6b82-494d-9dbf-687ba6e33f9e/resourceGroups/powershelltest/providers/Microsoft.ApiManagement/service/powershellsdkservice/apis/ps7605/operations/findPetById\",\r\n      \"type\": \"Microsoft.ApiManagement/service/apis/operations\",\r\n      \"name\": \"findPetById\",\r\n      \"properties\": {\r\n        \"displayName\": \"findPetById\",\r\n        \"method\": \"GET\",\r\n        \"urlTemplate\": \"/pets/{id}\",\r\n        \"templateParameters\": [\r\n          {\r\n            \"name\": \"id\",\r\n            \"description\": \"Format - int64. ID of pet to fetch\",\r\n            \"type\": \"integer\",\r\n            \"required\": true,\r\n            \"values\": []\r\n          }\r\n        ],\r\n        \"description\": \"Returns a user based on a single ID, if the user does not have access to the pet\",\r\n        \"responses\": [\r\n          {\r\n            \"statusCode\": 200,\r\n            \"description\": \"pet response\",\r\n            \"representations\": [\r\n              {\r\n                \"contentType\": \"application/json\",\r\n                \"schemaId\": \"5d9278b7787c9527240ff10a\",\r\n                \"typeName\": \"pet\",\r\n                \"generatedSample\": \"{\\r\\n  \\\"id\\\": 0,\\r\\n  \\\"name\\\": \\\"string\\\",\\r\\n  \\\"tag\\\": \\\"string\\\"\\r\\n}\"\r\n              },\r\n              {\r\n                \"contentType\": \"application/xml\",\r\n                \"schemaId\": \"5d9278b7787c9527240ff10a\",\r\n                \"typeName\": \"pet\",\r\n                \"generatedSample\": \"<pet>\\r\\n  <id>0</id>\\r\\n  <name>string</name>\\r\\n  <tag>string</tag>\\r\\n</pet>\"\r\n              },\r\n              {\r\n                \"contentType\": \"text/xml\",\r\n                \"schemaId\": \"5d9278b7787c9527240ff10a\",\r\n                \"typeName\": \"pet\",\r\n                \"generatedSample\": \"<pet>\\r\\n  <id>0</id>\\r\\n  <name>string</name>\\r\\n  <tag>string</tag>\\r\\n</pet>\"\r\n              },\r\n              {\r\n                \"contentType\": \"text/html\",\r\n                \"schemaId\": \"5d9278b7787c9527240ff10a\",\r\n                \"typeName\": \"pet\",\r\n                \"generatedSample\": \"<pet>\\r\\n  <id>0</id>\\r\\n  <name>string</name>\\r\\n  <tag>string</tag>\\r\\n</pet>\"\r\n              }\r\n            ],\r\n            \"headers\": []\r\n          },\r\n          {\r\n            \"statusCode\": 500,\r\n            \"description\": \"unexpected error\",\r\n            \"representations\": [\r\n              {\r\n                \"contentType\": \"application/json\",\r\n                \"schemaId\": \"5d9278b7787c9527240ff10a\",\r\n                \"typeName\": \"errorModel\",\r\n                \"generatedSample\": \"{\\r\\n  \\\"code\\\": 0,\\r\\n  \\\"message\\\": \\\"string\\\"\\r\\n}\"\r\n              },\r\n              {\r\n                \"contentType\": \"application/xml\",\r\n                \"schemaId\": \"5d9278b7787c9527240ff10a\",\r\n                \"typeName\": \"errorModel\",\r\n                \"generatedSample\": \"<errorModel>\\r\\n  <code>0</code>\\r\\n  <message>string</message>\\r\\n</errorModel>\"\r\n              },\r\n              {\r\n                \"contentType\": \"text/xml\",\r\n                \"schemaId\": \"5d9278b7787c9527240ff10a\",\r\n                \"typeName\": \"errorModel\",\r\n                \"generatedSample\": \"<errorModel>\\r\\n  <code>0</code>\\r\\n  <message>string</message>\\r\\n</errorModel>\"\r\n              },\r\n              {\r\n                \"contentType\": \"text/html\",\r\n                \"schemaId\": \"5d9278b7787c9527240ff10a\",\r\n                \"typeName\": \"errorModel\",\r\n                \"generatedSample\": \"<errorModel>\\r\\n  <code>0</code>\\r\\n  <message>string</message>\\r\\n</errorModel>\"\r\n              }\r\n            ],\r\n            \"headers\": []\r\n          }\r\n        ],\r\n        \"policies\": null\r\n      }\r\n    },\r\n    {\r\n      \"id\": \"/subscriptions/a200340d-6b82-494d-9dbf-687ba6e33f9e/resourceGroups/powershelltest/providers/Microsoft.ApiManagement/service/powershellsdkservice/apis/ps7605/operations/findPets\",\r\n      \"type\": \"Microsoft.ApiManagement/service/apis/operations\",\r\n      \"name\": \"findPets\",\r\n      \"properties\": {\r\n        \"displayName\": \"findPets\",\r\n        \"method\": \"GET\",\r\n        \"urlTemplate\": \"/pets\",\r\n        \"templateParameters\": [],\r\n        \"description\": \"Returns all pets from the system that the user has access to\",\r\n        \"request\": {\r\n          \"queryParameters\": [\r\n            {\r\n              \"name\": \"tags\",\r\n              \"description\": \"tags to filter by\",\r\n              \"type\": \"string\",\r\n              \"values\": []\r\n            },\r\n            {\r\n              \"name\": \"limit\",\r\n              \"description\": \"Format - int32. maximum number of results to return\",\r\n              \"type\": \"integer\",\r\n              \"values\": []\r\n            }\r\n          ],\r\n          \"headers\": [],\r\n          \"representations\": []\r\n        },\r\n        \"responses\": [\r\n          {\r\n            \"statusCode\": 200,\r\n            \"description\": \"pet response\",\r\n            \"representations\": [\r\n              {\r\n                \"contentType\": \"application/json\",\r\n                \"schemaId\": \"5d9278b7787c9527240ff10a\",\r\n                \"typeName\": \"petArray\",\r\n                \"generatedSample\": \"[\\r\\n  {\\r\\n    \\\"id\\\": 0,\\r\\n    \\\"name\\\": \\\"string\\\",\\r\\n    \\\"tag\\\": \\\"string\\\"\\r\\n  }\\r\\n]\"\r\n              },\r\n              {\r\n                \"contentType\": \"application/xml\",\r\n                \"schemaId\": \"5d9278b7787c9527240ff10a\",\r\n                \"typeName\": \"petArray\",\r\n                \"generatedSample\": \"<petArray>\\r\\n  <id>0</id>\\r\\n  <name>string</name>\\r\\n  <tag>string</tag>\\r\\n</petArray>\"\r\n              }\r\n            ],\r\n            \"headers\": []\r\n          },\r\n          {\r\n            \"statusCode\": 500,\r\n            \"description\": \"unexpected error\",\r\n            \"representations\": [\r\n              {\r\n                \"contentType\": \"application/json\",\r\n                \"schemaId\": \"5d9278b7787c9527240ff10a\",\r\n                \"typeName\": \"errorModel\",\r\n                \"generatedSample\": \"{\\r\\n  \\\"code\\\": 0,\\r\\n  \\\"message\\\": \\\"string\\\"\\r\\n}\"\r\n              },\r\n              {\r\n                \"contentType\": \"application/xml\",\r\n                \"schemaId\": \"5d9278b7787c9527240ff10a\",\r\n                \"typeName\": \"errorModel\",\r\n                \"generatedSample\": \"<errorModel>\\r\\n  <code>0</code>\\r\\n  <message>string</message>\\r\\n</errorModel>\"\r\n              }\r\n            ],\r\n            \"headers\": []\r\n          }\r\n        ],\r\n        \"policies\": null\r\n      }\r\n    },\r\n    {\r\n      \"id\": \"/subscriptions/a200340d-6b82-494d-9dbf-687ba6e33f9e/resourceGroups/powershelltest/providers/Microsoft.ApiManagement/service/powershellsdkservice/apis/ps7605/operations/resourceWithFormDataPOST\",\r\n      \"type\": \"Microsoft.ApiManagement/service/apis/operations\",\r\n      \"name\": \"resourceWithFormDataPOST\",\r\n      \"properties\": {\r\n        \"displayName\": \"resourceWithFormDataPOST\",\r\n        \"method\": \"POST\",\r\n        \"urlTemplate\": \"/resourceWithFormData?dummyReqQueryParam={dummyReqQueryParam}\",\r\n        \"templateParameters\": [\r\n          {\r\n            \"name\": \"dummyReqQueryParam\",\r\n            \"description\": \"dummyReqQueryParam description\",\r\n            \"type\": \"string\",\r\n            \"required\": true,\r\n            \"values\": []\r\n          }\r\n        ],\r\n        \"description\": \"resourceWithFormData desc\",\r\n        \"request\": {\r\n          \"queryParameters\": [],\r\n          \"headers\": [],\r\n          \"representations\": [\r\n            {\r\n              \"contentType\": \"multipart/form-data\",\r\n              \"formParameters\": [\r\n                {\r\n                  \"name\": \"dummyFormDataParam\",\r\n                  \"description\": \"dummyFormDataParam description\",\r\n                  \"type\": \"string\",\r\n                  \"required\": true,\r\n                  \"values\": []\r\n                }\r\n              ]\r\n            }\r\n          ]\r\n        },\r\n        \"responses\": [\r\n          {\r\n            \"statusCode\": 200,\r\n            \"description\": \"sample response\",\r\n            \"representations\": [\r\n              {\r\n                \"contentType\": \"application/json\"\r\n              }\r\n            ],\r\n            \"headers\": []\r\n          }\r\n        ],\r\n        \"policies\": null\r\n      }\r\n    }\r\n  ],\r\n  \"count\": 8\r\n}",
      "StatusCode": 200
    },
    {
      "RequestUri": "/subscriptions/a200340d-6b82-494d-9dbf-687ba6e33f9e/resourceGroups/powershelltest/providers/Microsoft.ApiManagement/service/powershellsdkservice/apis/ps7605%3Brev%3D2?api-version=2019-01-01",
      "EncodedRequestUri": "L3N1YnNjcmlwdGlvbnMvYTIwMDM0MGQtNmI4Mi00OTRkLTlkYmYtNjg3YmE2ZTMzZjllL3Jlc291cmNlR3JvdXBzL3Bvd2Vyc2hlbGx0ZXN0L3Byb3ZpZGVycy9NaWNyb3NvZnQuQXBpTWFuYWdlbWVudC9zZXJ2aWNlL3Bvd2Vyc2hlbGxzZGtzZXJ2aWNlL2FwaXMvcHM3NjA1JTNCcmV2JTNEMj9hcGktdmVyc2lvbj0yMDE5LTAxLTAx",
      "RequestMethod": "PUT",
      "RequestBody": "{\r\n  \"properties\": {\r\n    \"apiRevisionDescription\": \"ps1542\",\r\n    \"sourceApiId\": \"/apis/ps7605;rev=1\",\r\n    \"path\": \"swaggerapifromFile\"\r\n  }\r\n}",
      "RequestHeaders": {
        "x-ms-client-request-id": [
          "34a2c24e-26fc-4891-b13d-26ad4f599409"
        ],
        "Accept-Language": [
          "en-US"
        ],
        "User-Agent": [
          "FxVersion/4.6.27817.01",
          "OSName/Windows",
          "OSVersion/Microsoft.Windows.10.0.18362.",
          "Microsoft.Azure.Management.ApiManagement.ApiManagementClient/4.11.0.0"
        ],
        "Content-Type": [
          "application/json; charset=utf-8"
        ],
        "Content-Length": [
          "145"
        ]
      },
      "ResponseHeaders": {
        "Cache-Control": [
          "no-cache"
        ],
        "Pragma": [
          "no-cache"
        ],
        "ETag": [
          "\"AAAAAAAAJV0=\""
        ],
        "Strict-Transport-Security": [
          "max-age=31536000; includeSubDomains"
        ],
        "x-ms-request-id": [
          "55efdd28-000b-400e-a1c1-7f07eb5ef2a0"
        ],
        "Server": [
          "Microsoft-HTTPAPI/2.0"
        ],
        "x-ms-ratelimit-remaining-subscription-writes": [
          "1193"
        ],
        "x-ms-correlation-request-id": [
          "885f09bf-968c-449b-8a95-1c5ca99da32a"
        ],
        "x-ms-routing-request-id": [
          "WESTUS:20190930T215123Z:885f09bf-968c-449b-8a95-1c5ca99da32a"
        ],
        "X-Content-Type-Options": [
          "nosniff"
        ],
        "Date": [
          "Mon, 30 Sep 2019 21:51:23 GMT"
        ],
        "Content-Length": [
          "878"
        ],
        "Content-Type": [
          "application/json; charset=utf-8"
        ],
        "Expires": [
          "-1"
        ]
      },
      "ResponseBody": "{\r\n  \"id\": \"/subscriptions/a200340d-6b82-494d-9dbf-687ba6e33f9e/resourceGroups/powershelltest/providers/Microsoft.ApiManagement/service/powershellsdkservice/apis/ps7605;rev=2\",\r\n  \"type\": \"Microsoft.ApiManagement/service/apis\",\r\n  \"name\": \"ps7605;rev=2\",\r\n  \"properties\": {\r\n    \"displayName\": \"Swagger Petstore Extensive\",\r\n    \"apiRevision\": \"2\",\r\n    \"description\": \"A sample API that uses a petstore as an example to demonstrate features in the swagger-2.0 specification\",\r\n    \"serviceUrl\": \"http://petstore.swagger.wordnik.com/api\",\r\n    \"path\": \"swaggerapifromFile\",\r\n    \"protocols\": [\r\n      \"http\"\r\n    ],\r\n    \"authenticationSettings\": {\r\n      \"oAuth2\": null,\r\n      \"openid\": null\r\n    },\r\n    \"subscriptionKeyParameterNames\": {\r\n      \"header\": \"Ocp-Apim-Subscription-Key\",\r\n      \"query\": \"subscription-key\"\r\n    },\r\n    \"apiRevisionDescription\": \"ps1542\"\r\n  }\r\n}",
      "StatusCode": 201
    },
    {
      "RequestUri": "/subscriptions/a200340d-6b82-494d-9dbf-687ba6e33f9e/resourceGroups/powershelltest/providers/Microsoft.ApiManagement/service/powershellsdkservice/apis/ps7605%3Brev%3D2?api-version=2019-01-01",
      "EncodedRequestUri": "L3N1YnNjcmlwdGlvbnMvYTIwMDM0MGQtNmI4Mi00OTRkLTlkYmYtNjg3YmE2ZTMzZjllL3Jlc291cmNlR3JvdXBzL3Bvd2Vyc2hlbGx0ZXN0L3Byb3ZpZGVycy9NaWNyb3NvZnQuQXBpTWFuYWdlbWVudC9zZXJ2aWNlL3Bvd2Vyc2hlbGxzZGtzZXJ2aWNlL2FwaXMvcHM3NjA1JTNCcmV2JTNEMj9hcGktdmVyc2lvbj0yMDE5LTAxLTAx",
      "RequestMethod": "GET",
      "RequestBody": "",
      "RequestHeaders": {
        "User-Agent": [
          "FxVersion/4.6.27817.01",
          "OSName/Windows",
          "OSVersion/Microsoft.Windows.10.0.18362.",
          "Microsoft.Azure.Management.ApiManagement.ApiManagementClient/4.11.0.0"
        ]
      },
      "ResponseHeaders": {
        "Cache-Control": [
          "no-cache"
        ],
        "Pragma": [
          "no-cache"
        ],
        "ETag": [
          "\"AAAAAAAAJV0=\""
        ],
        "Strict-Transport-Security": [
          "max-age=31536000; includeSubDomains"
        ],
        "x-ms-request-id": [
          "8654f674-f6f1-4d1c-9fd0-7238f08600ae"
        ],
        "Server": [
          "Microsoft-HTTPAPI/2.0"
        ],
        "x-ms-ratelimit-remaining-subscription-reads": [
          "11988"
        ],
        "x-ms-correlation-request-id": [
          "1382adb0-80a6-49dc-82a5-82cb19dfe83c"
        ],
        "x-ms-routing-request-id": [
          "WESTUS:20190930T215154Z:1382adb0-80a6-49dc-82a5-82cb19dfe83c"
        ],
        "X-Content-Type-Options": [
          "nosniff"
        ],
        "Date": [
          "Mon, 30 Sep 2019 21:51:53 GMT"
        ],
        "Content-Length": [
          "878"
        ],
        "Content-Type": [
          "application/json; charset=utf-8"
        ],
        "Expires": [
          "-1"
        ]
      },
      "ResponseBody": "{\r\n  \"id\": \"/subscriptions/a200340d-6b82-494d-9dbf-687ba6e33f9e/resourceGroups/powershelltest/providers/Microsoft.ApiManagement/service/powershellsdkservice/apis/ps7605;rev=2\",\r\n  \"type\": \"Microsoft.ApiManagement/service/apis\",\r\n  \"name\": \"ps7605;rev=2\",\r\n  \"properties\": {\r\n    \"displayName\": \"Swagger Petstore Extensive\",\r\n    \"apiRevision\": \"2\",\r\n    \"description\": \"A sample API that uses a petstore as an example to demonstrate features in the swagger-2.0 specification\",\r\n    \"serviceUrl\": \"http://petstore.swagger.wordnik.com/api\",\r\n    \"path\": \"swaggerapifromFile\",\r\n    \"protocols\": [\r\n      \"http\"\r\n    ],\r\n    \"authenticationSettings\": {\r\n      \"oAuth2\": null,\r\n      \"openid\": null\r\n    },\r\n    \"subscriptionKeyParameterNames\": {\r\n      \"header\": \"Ocp-Apim-Subscription-Key\",\r\n      \"query\": \"subscription-key\"\r\n    },\r\n    \"apiRevisionDescription\": \"ps1542\"\r\n  }\r\n}",
      "StatusCode": 200
    },
    {
      "RequestUri": "/subscriptions/a200340d-6b82-494d-9dbf-687ba6e33f9e/resourceGroups/powershelltest/providers/Microsoft.ApiManagement/service/powershellsdkservice/apis/ps7605%3Brev%3D2?api-version=2019-01-01",
      "EncodedRequestUri": "L3N1YnNjcmlwdGlvbnMvYTIwMDM0MGQtNmI4Mi00OTRkLTlkYmYtNjg3YmE2ZTMzZjllL3Jlc291cmNlR3JvdXBzL3Bvd2Vyc2hlbGx0ZXN0L3Byb3ZpZGVycy9NaWNyb3NvZnQuQXBpTWFuYWdlbWVudC9zZXJ2aWNlL3Bvd2Vyc2hlbGxzZGtzZXJ2aWNlL2FwaXMvcHM3NjA1JTNCcmV2JTNEMj9hcGktdmVyc2lvbj0yMDE5LTAxLTAx",
      "RequestMethod": "GET",
      "RequestBody": "",
      "RequestHeaders": {
        "x-ms-client-request-id": [
          "76c4484d-d36b-4f6a-bd32-2eb2befe86c6"
        ],
        "Accept-Language": [
          "en-US"
        ],
        "User-Agent": [
          "FxVersion/4.6.27817.01",
          "OSName/Windows",
          "OSVersion/Microsoft.Windows.10.0.18362.",
          "Microsoft.Azure.Management.ApiManagement.ApiManagementClient/4.11.0.0"
        ]
      },
      "ResponseHeaders": {
        "Cache-Control": [
          "no-cache"
        ],
        "Pragma": [
          "no-cache"
        ],
        "ETag": [
          "\"AAAAAAAAJV0=\""
        ],
        "Strict-Transport-Security": [
          "max-age=31536000; includeSubDomains"
        ],
        "x-ms-request-id": [
          "de33b184-25a1-4816-a56c-0a2d646206fa"
        ],
        "Server": [
          "Microsoft-HTTPAPI/2.0"
        ],
        "x-ms-ratelimit-remaining-subscription-reads": [
          "11986"
        ],
        "x-ms-correlation-request-id": [
          "db5ce251-43be-4e1f-97d3-fc7cb3da12d2"
        ],
        "x-ms-routing-request-id": [
          "WESTUS:20190930T215154Z:db5ce251-43be-4e1f-97d3-fc7cb3da12d2"
        ],
        "X-Content-Type-Options": [
          "nosniff"
        ],
        "Date": [
          "Mon, 30 Sep 2019 21:51:54 GMT"
        ],
        "Content-Length": [
          "878"
        ],
        "Content-Type": [
          "application/json; charset=utf-8"
        ],
        "Expires": [
          "-1"
        ]
      },
      "ResponseBody": "{\r\n  \"id\": \"/subscriptions/a200340d-6b82-494d-9dbf-687ba6e33f9e/resourceGroups/powershelltest/providers/Microsoft.ApiManagement/service/powershellsdkservice/apis/ps7605;rev=2\",\r\n  \"type\": \"Microsoft.ApiManagement/service/apis\",\r\n  \"name\": \"ps7605;rev=2\",\r\n  \"properties\": {\r\n    \"displayName\": \"Swagger Petstore Extensive\",\r\n    \"apiRevision\": \"2\",\r\n    \"description\": \"A sample API that uses a petstore as an example to demonstrate features in the swagger-2.0 specification\",\r\n    \"serviceUrl\": \"http://petstore.swagger.wordnik.com/api\",\r\n    \"path\": \"swaggerapifromFile\",\r\n    \"protocols\": [\r\n      \"http\"\r\n    ],\r\n    \"authenticationSettings\": {\r\n      \"oAuth2\": null,\r\n      \"openid\": null\r\n    },\r\n    \"subscriptionKeyParameterNames\": {\r\n      \"header\": \"Ocp-Apim-Subscription-Key\",\r\n      \"query\": \"subscription-key\"\r\n    },\r\n    \"apiRevisionDescription\": \"ps1542\"\r\n  }\r\n}",
      "StatusCode": 200
    },
    {
      "RequestUri": "/subscriptions/a200340d-6b82-494d-9dbf-687ba6e33f9e/resourceGroups/powershelltest/providers/Microsoft.ApiManagement/service/powershellsdkservice/apis/ps7605%3Brev%3D2/operations?api-version=2019-01-01",
      "EncodedRequestUri": "L3N1YnNjcmlwdGlvbnMvYTIwMDM0MGQtNmI4Mi00OTRkLTlkYmYtNjg3YmE2ZTMzZjllL3Jlc291cmNlR3JvdXBzL3Bvd2Vyc2hlbGx0ZXN0L3Byb3ZpZGVycy9NaWNyb3NvZnQuQXBpTWFuYWdlbWVudC9zZXJ2aWNlL3Bvd2Vyc2hlbGxzZGtzZXJ2aWNlL2FwaXMvcHM3NjA1JTNCcmV2JTNEMi9vcGVyYXRpb25zP2FwaS12ZXJzaW9uPTIwMTktMDEtMDE=",
      "RequestMethod": "GET",
      "RequestBody": "",
      "RequestHeaders": {
        "x-ms-client-request-id": [
          "d249a205-b119-429a-bb77-f3347d8ac0b6"
        ],
        "Accept-Language": [
          "en-US"
        ],
        "User-Agent": [
          "FxVersion/4.6.27817.01",
          "OSName/Windows",
          "OSVersion/Microsoft.Windows.10.0.18362.",
          "Microsoft.Azure.Management.ApiManagement.ApiManagementClient/4.11.0.0"
        ]
      },
      "ResponseHeaders": {
        "Cache-Control": [
          "no-cache"
        ],
        "Pragma": [
          "no-cache"
        ],
        "Strict-Transport-Security": [
          "max-age=31536000; includeSubDomains"
        ],
        "x-ms-request-id": [
          "e61b08d3-e526-4796-aff6-aa90ca3ab441"
        ],
        "Server": [
          "Microsoft-HTTPAPI/2.0"
        ],
        "x-ms-ratelimit-remaining-subscription-reads": [
          "11987"
        ],
        "x-ms-correlation-request-id": [
          "0d146ae1-f291-48da-b21f-a1faeea64513"
        ],
        "x-ms-routing-request-id": [
          "WESTUS:20190930T215154Z:0d146ae1-f291-48da-b21f-a1faeea64513"
        ],
        "X-Content-Type-Options": [
          "nosniff"
        ],
        "Date": [
          "Mon, 30 Sep 2019 21:51:54 GMT"
        ],
        "Content-Length": [
          "16923"
        ],
        "Content-Type": [
          "application/json; charset=utf-8"
        ],
        "Expires": [
          "-1"
        ]
      },
      "ResponseBody": "{\r\n  \"value\": [\r\n    {\r\n      \"id\": \"/subscriptions/a200340d-6b82-494d-9dbf-687ba6e33f9e/resourceGroups/powershelltest/providers/Microsoft.ApiManagement/service/powershellsdkservice/apis/ps7605;rev=2/operations/addPet\",\r\n      \"type\": \"Microsoft.ApiManagement/service/apis/operations\",\r\n      \"name\": \"addPet\",\r\n      \"properties\": {\r\n        \"displayName\": \"addPet\",\r\n        \"method\": \"POST\",\r\n        \"urlTemplate\": \"/pets\",\r\n        \"templateParameters\": [],\r\n        \"description\": \"Creates a new pet in the store.  Duplicates are allowed\",\r\n        \"request\": {\r\n          \"description\": \"Pet to add to the store\",\r\n          \"queryParameters\": [],\r\n          \"headers\": [],\r\n          \"representations\": [\r\n            {\r\n              \"contentType\": \"application/json\",\r\n              \"schemaId\": \"5d9278b7787c9527240ff10a\",\r\n              \"typeName\": \"newPet\"\r\n            }\r\n          ]\r\n        },\r\n        \"responses\": [\r\n          {\r\n            \"statusCode\": 200,\r\n            \"description\": \"pet response\",\r\n            \"representations\": [\r\n              {\r\n                \"contentType\": \"application/json\",\r\n                \"schemaId\": \"5d9278b7787c9527240ff10a\",\r\n                \"typeName\": \"pet\"\r\n              }\r\n            ],\r\n            \"headers\": []\r\n          },\r\n          {\r\n            \"statusCode\": 500,\r\n            \"description\": \"unexpected error\",\r\n            \"representations\": [\r\n              {\r\n                \"contentType\": \"application/json\",\r\n                \"schemaId\": \"5d9278b7787c9527240ff10a\",\r\n                \"typeName\": \"errorModel\"\r\n              }\r\n            ],\r\n            \"headers\": []\r\n          }\r\n        ],\r\n        \"policies\": null\r\n      }\r\n    },\r\n    {\r\n      \"id\": \"/subscriptions/a200340d-6b82-494d-9dbf-687ba6e33f9e/resourceGroups/powershelltest/providers/Microsoft.ApiManagement/service/powershellsdkservice/apis/ps7605;rev=2/operations/deletePet\",\r\n      \"type\": \"Microsoft.ApiManagement/service/apis/operations\",\r\n      \"name\": \"deletePet\",\r\n      \"properties\": {\r\n        \"displayName\": \"deletePet\",\r\n        \"method\": \"DELETE\",\r\n        \"urlTemplate\": \"/pets/{id}\",\r\n        \"templateParameters\": [\r\n          {\r\n            \"name\": \"id\",\r\n            \"description\": \"Format - int64. ID of pet to delete\",\r\n            \"type\": \"integer\",\r\n            \"required\": true,\r\n            \"values\": []\r\n          }\r\n        ],\r\n        \"description\": \"deletes a single pet based on the ID supplied\",\r\n        \"responses\": [\r\n          {\r\n            \"statusCode\": 204,\r\n            \"description\": \"pet deleted\",\r\n            \"representations\": [\r\n              {\r\n                \"contentType\": \"application/json\"\r\n              }\r\n            ],\r\n            \"headers\": []\r\n          },\r\n          {\r\n            \"statusCode\": 500,\r\n            \"description\": \"unexpected error\",\r\n            \"representations\": [\r\n              {\r\n                \"contentType\": \"application/json\",\r\n                \"schemaId\": \"5d9278b7787c9527240ff10a\",\r\n                \"typeName\": \"errorModel\"\r\n              }\r\n            ],\r\n            \"headers\": []\r\n          }\r\n        ],\r\n        \"policies\": null\r\n      }\r\n    },\r\n    {\r\n      \"id\": \"/subscriptions/a200340d-6b82-494d-9dbf-687ba6e33f9e/resourceGroups/powershelltest/providers/Microsoft.ApiManagement/service/powershellsdkservice/apis/ps7605;rev=2/operations/dummyid1\",\r\n      \"type\": \"Microsoft.ApiManagement/service/apis/operations\",\r\n      \"name\": \"dummyid1\",\r\n      \"properties\": {\r\n        \"displayName\": \"dummyid1\",\r\n        \"method\": \"POST\",\r\n        \"urlTemplate\": \"/mySamplePath?dummyReqQueryParam={dummyReqQueryParam}\",\r\n        \"templateParameters\": [\r\n          {\r\n            \"name\": \"dummyReqQueryParam\",\r\n            \"description\": \"dummyReqQueryParam description\",\r\n            \"type\": \"string\",\r\n            \"required\": true,\r\n            \"values\": []\r\n          }\r\n        ],\r\n        \"description\": \"Dummy desc\",\r\n        \"request\": {\r\n          \"description\": \"dummyBodyParam description\",\r\n          \"queryParameters\": [\r\n            {\r\n              \"name\": \"dummyNotReqQueryParam\",\r\n              \"description\": \"dummyNotReqQueryParam description\",\r\n              \"type\": \"string\",\r\n              \"values\": []\r\n            }\r\n          ],\r\n          \"headers\": [\r\n            {\r\n              \"name\": \"dummyDateHeaderParam\",\r\n              \"description\": \"Format - date (as full-date in RFC3339). dummyDateHeaderParam description\",\r\n              \"type\": \"string\",\r\n              \"required\": true,\r\n              \"values\": []\r\n            }\r\n          ],\r\n          \"representations\": [\r\n            {\r\n              \"contentType\": \"application/json\",\r\n              \"sample\": \"{\\r\\n  \\\"id\\\": 2,\\r\\n  \\\"name\\\": \\\"myreqpet\\\"\\r\\n}\",\r\n              \"schemaId\": \"5d9278b7787c9527240ff10a\",\r\n              \"typeName\": \"pet\"\r\n            }\r\n          ]\r\n        },\r\n        \"responses\": [\r\n          {\r\n            \"statusCode\": 200,\r\n            \"description\": \"pet response\",\r\n            \"representations\": [\r\n              {\r\n                \"contentType\": \"application/json\",\r\n                \"sample\": \"{\\r\\n  \\\"id\\\": 3,\\r\\n  \\\"name\\\": \\\"myresppet\\\"\\r\\n}\",\r\n                \"schemaId\": \"5d9278b7787c9527240ff10a\",\r\n                \"typeName\": \"petArray\"\r\n              }\r\n            ],\r\n            \"headers\": [\r\n              {\r\n                \"name\": \"header1\",\r\n                \"description\": \"sampleheader\",\r\n                \"type\": \"integer\",\r\n                \"values\": []\r\n              }\r\n            ]\r\n          },\r\n          {\r\n            \"statusCode\": 500,\r\n            \"description\": \"unexpected error\",\r\n            \"representations\": [\r\n              {\r\n                \"contentType\": \"application/json\",\r\n                \"schemaId\": \"5d9278b7787c9527240ff10a\",\r\n                \"typeName\": \"errorModel\"\r\n              }\r\n            ],\r\n            \"headers\": []\r\n          }\r\n        ],\r\n        \"policies\": null\r\n      }\r\n    },\r\n    {\r\n      \"id\": \"/subscriptions/a200340d-6b82-494d-9dbf-687ba6e33f9e/resourceGroups/powershelltest/providers/Microsoft.ApiManagement/service/powershellsdkservice/apis/ps7605;rev=2/operations/dummyid2\",\r\n      \"type\": \"Microsoft.ApiManagement/service/apis/operations\",\r\n      \"name\": \"dummyid2\",\r\n      \"properties\": {\r\n        \"displayName\": \"dummyid2\",\r\n        \"method\": \"POST\",\r\n        \"urlTemplate\": \"/mySamplePath2?definedQueryParam={definedQueryParam}\",\r\n        \"templateParameters\": [\r\n          {\r\n            \"name\": \"definedQueryParam\",\r\n            \"description\": \"Format - whateverformat. definedQueryParam description\",\r\n            \"type\": \"string\",\r\n            \"required\": true,\r\n            \"values\": []\r\n          }\r\n        ],\r\n        \"description\": \"Dummy desc\",\r\n        \"request\": {\r\n          \"description\": \"definedBodyParam description\",\r\n          \"queryParameters\": [],\r\n          \"headers\": [],\r\n          \"representations\": [\r\n            {\r\n              \"contentType\": \"application/json\",\r\n              \"schemaId\": \"5d9278b7787c9527240ff10a\",\r\n              \"typeName\": \"DefinedBodyParam\"\r\n            }\r\n          ]\r\n        },\r\n        \"responses\": [\r\n          {\r\n            \"statusCode\": 204,\r\n            \"description\": \"dummyResponseDef description\",\r\n            \"representations\": [\r\n              {\r\n                \"contentType\": \"contenttype1\",\r\n                \"sample\": \"contenttype1 example\",\r\n                \"schemaId\": \"5d9278b7787c9527240ff10a\",\r\n                \"typeName\": \"pet\"\r\n              },\r\n              {\r\n                \"contentType\": \"contenttype2\",\r\n                \"sample\": \"contenttype2 example\",\r\n                \"schemaId\": \"5d9278b7787c9527240ff10a\",\r\n                \"typeName\": \"pet\"\r\n              },\r\n              {\r\n                \"contentType\": \"application/xml\",\r\n                \"schemaId\": \"5d9278b7787c9527240ff10a\",\r\n                \"typeName\": \"pet\"\r\n              }\r\n            ],\r\n            \"headers\": [\r\n              {\r\n                \"name\": \"header1\",\r\n                \"type\": \"integer\",\r\n                \"values\": []\r\n              },\r\n              {\r\n                \"name\": \"header2\",\r\n                \"type\": \"integer\",\r\n                \"values\": []\r\n              }\r\n            ]\r\n          }\r\n        ],\r\n        \"policies\": null\r\n      }\r\n    },\r\n    {\r\n      \"id\": \"/subscriptions/a200340d-6b82-494d-9dbf-687ba6e33f9e/resourceGroups/powershelltest/providers/Microsoft.ApiManagement/service/powershellsdkservice/apis/ps7605;rev=2/operations/dummyOperationId\",\r\n      \"type\": \"Microsoft.ApiManagement/service/apis/operations\",\r\n      \"name\": \"dummyOperationId\",\r\n      \"properties\": {\r\n        \"displayName\": \"dummyOperationId\",\r\n        \"method\": \"GET\",\r\n        \"urlTemplate\": \"/pets2?dummyParam={dummyParam}\",\r\n        \"templateParameters\": [\r\n          {\r\n            \"name\": \"dummyParam\",\r\n            \"description\": \"dummyParam desc\",\r\n            \"type\": \"string\",\r\n            \"required\": true,\r\n            \"values\": []\r\n          }\r\n        ],\r\n        \"description\": \"Dummy description\",\r\n        \"request\": {\r\n          \"queryParameters\": [\r\n            {\r\n              \"name\": \"limit\",\r\n              \"description\": \"Format - int32. maximum number of results to return\",\r\n              \"type\": \"integer\",\r\n              \"values\": []\r\n            }\r\n          ],\r\n          \"headers\": [],\r\n          \"representations\": []\r\n        },\r\n        \"responses\": [\r\n          {\r\n            \"statusCode\": 200,\r\n            \"description\": \"pet response\",\r\n            \"representations\": [\r\n              {\r\n                \"contentType\": \"application/json\",\r\n                \"schemaId\": \"5d9278b7787c9527240ff10a\",\r\n                \"typeName\": \"Pets2Get200ApplicationJsonResponse\"\r\n              }\r\n            ],\r\n            \"headers\": []\r\n          },\r\n          {\r\n            \"statusCode\": 500,\r\n            \"description\": \"unexpected error\",\r\n            \"representations\": [\r\n              {\r\n                \"contentType\": \"application/json\",\r\n                \"schemaId\": \"5d9278b7787c9527240ff10a\",\r\n                \"typeName\": \"errorModel\"\r\n              }\r\n            ],\r\n            \"headers\": []\r\n          }\r\n        ],\r\n        \"policies\": null\r\n      }\r\n    },\r\n    {\r\n      \"id\": \"/subscriptions/a200340d-6b82-494d-9dbf-687ba6e33f9e/resourceGroups/powershelltest/providers/Microsoft.ApiManagement/service/powershellsdkservice/apis/ps7605;rev=2/operations/findPetById\",\r\n      \"type\": \"Microsoft.ApiManagement/service/apis/operations\",\r\n      \"name\": \"findPetById\",\r\n      \"properties\": {\r\n        \"displayName\": \"findPetById\",\r\n        \"method\": \"GET\",\r\n        \"urlTemplate\": \"/pets/{id}\",\r\n        \"templateParameters\": [\r\n          {\r\n            \"name\": \"id\",\r\n            \"description\": \"Format - int64. ID of pet to fetch\",\r\n            \"type\": \"integer\",\r\n            \"required\": true,\r\n            \"values\": []\r\n          }\r\n        ],\r\n        \"description\": \"Returns a user based on a single ID, if the user does not have access to the pet\",\r\n        \"responses\": [\r\n          {\r\n            \"statusCode\": 200,\r\n            \"description\": \"pet response\",\r\n            \"representations\": [\r\n              {\r\n                \"contentType\": \"application/json\",\r\n                \"schemaId\": \"5d9278b7787c9527240ff10a\",\r\n                \"typeName\": \"pet\"\r\n              },\r\n              {\r\n                \"contentType\": \"application/xml\",\r\n                \"schemaId\": \"5d9278b7787c9527240ff10a\",\r\n                \"typeName\": \"pet\"\r\n              },\r\n              {\r\n                \"contentType\": \"text/xml\",\r\n                \"schemaId\": \"5d9278b7787c9527240ff10a\",\r\n                \"typeName\": \"pet\"\r\n              },\r\n              {\r\n                \"contentType\": \"text/html\",\r\n                \"schemaId\": \"5d9278b7787c9527240ff10a\",\r\n                \"typeName\": \"pet\"\r\n              }\r\n            ],\r\n            \"headers\": []\r\n          },\r\n          {\r\n            \"statusCode\": 500,\r\n            \"description\": \"unexpected error\",\r\n            \"representations\": [\r\n              {\r\n                \"contentType\": \"application/json\",\r\n                \"schemaId\": \"5d9278b7787c9527240ff10a\",\r\n                \"typeName\": \"errorModel\"\r\n              },\r\n              {\r\n                \"contentType\": \"application/xml\",\r\n                \"schemaId\": \"5d9278b7787c9527240ff10a\",\r\n                \"typeName\": \"errorModel\"\r\n              },\r\n              {\r\n                \"contentType\": \"text/xml\",\r\n                \"schemaId\": \"5d9278b7787c9527240ff10a\",\r\n                \"typeName\": \"errorModel\"\r\n              },\r\n              {\r\n                \"contentType\": \"text/html\",\r\n                \"schemaId\": \"5d9278b7787c9527240ff10a\",\r\n                \"typeName\": \"errorModel\"\r\n              }\r\n            ],\r\n            \"headers\": []\r\n          }\r\n        ],\r\n        \"policies\": null\r\n      }\r\n    },\r\n    {\r\n      \"id\": \"/subscriptions/a200340d-6b82-494d-9dbf-687ba6e33f9e/resourceGroups/powershelltest/providers/Microsoft.ApiManagement/service/powershellsdkservice/apis/ps7605;rev=2/operations/findPets\",\r\n      \"type\": \"Microsoft.ApiManagement/service/apis/operations\",\r\n      \"name\": \"findPets\",\r\n      \"properties\": {\r\n        \"displayName\": \"findPets\",\r\n        \"method\": \"GET\",\r\n        \"urlTemplate\": \"/pets\",\r\n        \"templateParameters\": [],\r\n        \"description\": \"Returns all pets from the system that the user has access to\",\r\n        \"request\": {\r\n          \"queryParameters\": [\r\n            {\r\n              \"name\": \"tags\",\r\n              \"description\": \"tags to filter by\",\r\n              \"type\": \"string\",\r\n              \"values\": []\r\n            },\r\n            {\r\n              \"name\": \"limit\",\r\n              \"description\": \"Format - int32. maximum number of results to return\",\r\n              \"type\": \"integer\",\r\n              \"values\": []\r\n            }\r\n          ],\r\n          \"headers\": [],\r\n          \"representations\": []\r\n        },\r\n        \"responses\": [\r\n          {\r\n            \"statusCode\": 200,\r\n            \"description\": \"pet response\",\r\n            \"representations\": [\r\n              {\r\n                \"contentType\": \"application/json\",\r\n                \"schemaId\": \"5d9278b7787c9527240ff10a\",\r\n                \"typeName\": \"petArray\"\r\n              },\r\n              {\r\n                \"contentType\": \"application/xml\",\r\n                \"schemaId\": \"5d9278b7787c9527240ff10a\",\r\n                \"typeName\": \"petArray\"\r\n              }\r\n            ],\r\n            \"headers\": []\r\n          },\r\n          {\r\n            \"statusCode\": 500,\r\n            \"description\": \"unexpected error\",\r\n            \"representations\": [\r\n              {\r\n                \"contentType\": \"application/json\",\r\n                \"schemaId\": \"5d9278b7787c9527240ff10a\",\r\n                \"typeName\": \"errorModel\"\r\n              },\r\n              {\r\n                \"contentType\": \"application/xml\",\r\n                \"schemaId\": \"5d9278b7787c9527240ff10a\",\r\n                \"typeName\": \"errorModel\"\r\n              }\r\n            ],\r\n            \"headers\": []\r\n          }\r\n        ],\r\n        \"policies\": null\r\n      }\r\n    },\r\n    {\r\n      \"id\": \"/subscriptions/a200340d-6b82-494d-9dbf-687ba6e33f9e/resourceGroups/powershelltest/providers/Microsoft.ApiManagement/service/powershellsdkservice/apis/ps7605;rev=2/operations/resourceWithFormDataPOST\",\r\n      \"type\": \"Microsoft.ApiManagement/service/apis/operations\",\r\n      \"name\": \"resourceWithFormDataPOST\",\r\n      \"properties\": {\r\n        \"displayName\": \"resourceWithFormDataPOST\",\r\n        \"method\": \"POST\",\r\n        \"urlTemplate\": \"/resourceWithFormData?dummyReqQueryParam={dummyReqQueryParam}\",\r\n        \"templateParameters\": [\r\n          {\r\n            \"name\": \"dummyReqQueryParam\",\r\n            \"description\": \"dummyReqQueryParam description\",\r\n            \"type\": \"string\",\r\n            \"required\": true,\r\n            \"values\": []\r\n          }\r\n        ],\r\n        \"description\": \"resourceWithFormData desc\",\r\n        \"request\": {\r\n          \"queryParameters\": [],\r\n          \"headers\": [],\r\n          \"representations\": [\r\n            {\r\n              \"contentType\": \"multipart/form-data\",\r\n              \"formParameters\": [\r\n                {\r\n                  \"name\": \"dummyFormDataParam\",\r\n                  \"description\": \"dummyFormDataParam description\",\r\n                  \"type\": \"string\",\r\n                  \"required\": true,\r\n                  \"values\": []\r\n                }\r\n              ]\r\n            }\r\n          ]\r\n        },\r\n        \"responses\": [\r\n          {\r\n            \"statusCode\": 200,\r\n            \"description\": \"sample response\",\r\n            \"representations\": [\r\n              {\r\n                \"contentType\": \"application/json\"\r\n              }\r\n            ],\r\n            \"headers\": []\r\n          }\r\n        ],\r\n        \"policies\": null\r\n      }\r\n    }\r\n  ],\r\n  \"count\": 8\r\n}",
      "StatusCode": 200
    },
    {
      "RequestUri": "/subscriptions/a200340d-6b82-494d-9dbf-687ba6e33f9e/resourceGroups/powershelltest/providers/Microsoft.ApiManagement/service/powershellsdkservice/apis/ps7605/revisions?api-version=2019-01-01",
      "EncodedRequestUri": "L3N1YnNjcmlwdGlvbnMvYTIwMDM0MGQtNmI4Mi00OTRkLTlkYmYtNjg3YmE2ZTMzZjllL3Jlc291cmNlR3JvdXBzL3Bvd2Vyc2hlbGx0ZXN0L3Byb3ZpZGVycy9NaWNyb3NvZnQuQXBpTWFuYWdlbWVudC9zZXJ2aWNlL3Bvd2Vyc2hlbGxzZGtzZXJ2aWNlL2FwaXMvcHM3NjA1L3JldmlzaW9ucz9hcGktdmVyc2lvbj0yMDE5LTAxLTAx",
      "RequestMethod": "GET",
      "RequestBody": "",
      "RequestHeaders": {
        "x-ms-client-request-id": [
          "1e6f5ea3-dd21-44f0-bad6-5d83946d542e"
        ],
        "Accept-Language": [
          "en-US"
        ],
        "User-Agent": [
          "FxVersion/4.6.27817.01",
          "OSName/Windows",
          "OSVersion/Microsoft.Windows.10.0.18362.",
          "Microsoft.Azure.Management.ApiManagement.ApiManagementClient/4.11.0.0"
        ]
      },
      "ResponseHeaders": {
        "Cache-Control": [
          "no-cache"
        ],
        "Pragma": [
          "no-cache"
        ],
        "Strict-Transport-Security": [
          "max-age=31536000; includeSubDomains"
        ],
        "x-ms-request-id": [
          "1f9087f3-ac53-4ef2-b4a1-115f2787fd47"
        ],
        "Server": [
          "Microsoft-HTTPAPI/2.0"
        ],
        "x-ms-ratelimit-remaining-subscription-reads": [
          "11985"
        ],
        "x-ms-correlation-request-id": [
          "bddd3aea-5944-434a-ba39-ee70cba44cb0"
        ],
        "x-ms-routing-request-id": [
          "WESTUS:20190930T215155Z:bddd3aea-5944-434a-ba39-ee70cba44cb0"
        ],
        "X-Content-Type-Options": [
          "nosniff"
        ],
        "Date": [
          "Mon, 30 Sep 2019 21:51:55 GMT"
        ],
        "Content-Length": [
          "499"
        ],
        "Content-Type": [
          "application/json; charset=utf-8"
        ],
        "Expires": [
          "-1"
        ]
      },
      "ResponseBody": "{\r\n  \"value\": [\r\n    {\r\n      \"apiId\": \"/apis/ps7605;rev=2\",\r\n      \"apiRevision\": \"2\",\r\n      \"createdDateTime\": \"2019-09-30T21:51:22.613Z\",\r\n      \"updatedDateTime\": \"2019-09-30T21:51:23.347Z\",\r\n      \"description\": \"ps1542\",\r\n      \"privateUrl\": \"/swaggerapifromFile;rev=2\",\r\n      \"isOnline\": true,\r\n      \"isCurrent\": false\r\n    },\r\n    {\r\n      \"apiId\": \"/apis/ps7605;rev=1\",\r\n      \"apiRevision\": \"1\",\r\n      \"createdDateTime\": \"2019-09-30T21:50:47.907Z\",\r\n      \"updatedDateTime\": \"2019-09-30T21:50:47.94Z\",\r\n      \"description\": null,\r\n      \"privateUrl\": \"/swaggerapifromFile\",\r\n      \"isOnline\": true,\r\n      \"isCurrent\": true\r\n    }\r\n  ],\r\n  \"count\": 2,\r\n  \"nextLink\": null\r\n}",
      "StatusCode": 200
    },
    {
      "RequestUri": "/subscriptions/a200340d-6b82-494d-9dbf-687ba6e33f9e/resourceGroups/powershelltest/providers/Microsoft.ApiManagement/service/powershellsdkservice/apis/ps7605/releases/ps5753?api-version=2019-01-01",
      "EncodedRequestUri": "L3N1YnNjcmlwdGlvbnMvYTIwMDM0MGQtNmI4Mi00OTRkLTlkYmYtNjg3YmE2ZTMzZjllL3Jlc291cmNlR3JvdXBzL3Bvd2Vyc2hlbGx0ZXN0L3Byb3ZpZGVycy9NaWNyb3NvZnQuQXBpTWFuYWdlbWVudC9zZXJ2aWNlL3Bvd2Vyc2hlbGxzZGtzZXJ2aWNlL2FwaXMvcHM3NjA1L3JlbGVhc2VzL3BzNTc1Mz9hcGktdmVyc2lvbj0yMDE5LTAxLTAx",
      "RequestMethod": "PUT",
      "RequestBody": "{\r\n  \"properties\": {\r\n    \"apiId\": \"/apis/ps7605;rev=2\",\r\n    \"notes\": \"ps2645\"\r\n  }\r\n}",
      "RequestHeaders": {
        "x-ms-client-request-id": [
          "ae9e1f41-7f7a-4ac8-b361-a12b480b3536"
        ],
        "Accept-Language": [
          "en-US"
        ],
        "User-Agent": [
          "FxVersion/4.6.27817.01",
          "OSName/Windows",
          "OSVersion/Microsoft.Windows.10.0.18362.",
          "Microsoft.Azure.Management.ApiManagement.ApiManagementClient/4.11.0.0"
        ],
        "Content-Type": [
          "application/json; charset=utf-8"
        ],
        "Content-Length": [
          "87"
        ]
      },
      "ResponseHeaders": {
        "Cache-Control": [
          "no-cache"
        ],
        "Pragma": [
          "no-cache"
        ],
        "ETag": [
          "\"AAAAAAAAJX8=\""
        ],
        "Strict-Transport-Security": [
          "max-age=31536000; includeSubDomains"
        ],
        "x-ms-request-id": [
          "e1b441a9-c708-4ce3-9103-216cbfbce46a"
        ],
        "Server": [
          "Microsoft-HTTPAPI/2.0"
        ],
        "x-ms-ratelimit-remaining-subscription-writes": [
          "1192"
        ],
        "x-ms-correlation-request-id": [
          "652cabd2-0c31-457c-bbb4-2fe5dc185b46"
        ],
        "x-ms-routing-request-id": [
          "WESTUS:20190930T215156Z:652cabd2-0c31-457c-bbb4-2fe5dc185b46"
        ],
        "X-Content-Type-Options": [
          "nosniff"
        ],
        "Date": [
          "Mon, 30 Sep 2019 21:51:55 GMT"
        ],
        "Content-Length": [
          "603"
        ],
        "Content-Type": [
          "application/json; charset=utf-8"
        ],
        "Expires": [
          "-1"
        ]
      },
      "ResponseBody": "{\r\n  \"id\": \"/subscriptions/a200340d-6b82-494d-9dbf-687ba6e33f9e/resourceGroups/powershelltest/providers/Microsoft.ApiManagement/service/powershellsdkservice/apis/ps7605/releases/ps5753\",\r\n  \"type\": \"Microsoft.ApiManagement/service/apis/releases\",\r\n  \"name\": \"ps5753\",\r\n  \"properties\": {\r\n    \"apiId\": \"/subscriptions/a200340d-6b82-494d-9dbf-687ba6e33f9e/resourceGroups/powershelltest/providers/Microsoft.ApiManagement/service/powershellsdkservice/apis/ps7605\",\r\n    \"createdDateTime\": \"2019-09-30T21:51:55.6446613Z\",\r\n    \"updatedDateTime\": \"2019-09-30T21:51:55.6446613Z\",\r\n    \"notes\": \"ps2645\"\r\n  }\r\n}",
      "StatusCode": 201
    },
    {
      "RequestUri": "/subscriptions/a200340d-6b82-494d-9dbf-687ba6e33f9e/resourceGroups/powershelltest/providers/Microsoft.ApiManagement/service/powershellsdkservice/apis/ps7605/releases/ps5753?api-version=2019-01-01",
      "EncodedRequestUri": "L3N1YnNjcmlwdGlvbnMvYTIwMDM0MGQtNmI4Mi00OTRkLTlkYmYtNjg3YmE2ZTMzZjllL3Jlc291cmNlR3JvdXBzL3Bvd2Vyc2hlbGx0ZXN0L3Byb3ZpZGVycy9NaWNyb3NvZnQuQXBpTWFuYWdlbWVudC9zZXJ2aWNlL3Bvd2Vyc2hlbGxzZGtzZXJ2aWNlL2FwaXMvcHM3NjA1L3JlbGVhc2VzL3BzNTc1Mz9hcGktdmVyc2lvbj0yMDE5LTAxLTAx",
      "RequestMethod": "GET",
      "RequestBody": "",
      "RequestHeaders": {
        "x-ms-client-request-id": [
          "ab363d36-991a-48a6-aa81-05789c0e8e6c"
        ],
        "Accept-Language": [
          "en-US"
        ],
        "User-Agent": [
          "FxVersion/4.6.27817.01",
          "OSName/Windows",
          "OSVersion/Microsoft.Windows.10.0.18362.",
          "Microsoft.Azure.Management.ApiManagement.ApiManagementClient/4.11.0.0"
        ]
      },
      "ResponseHeaders": {
        "Cache-Control": [
          "no-cache"
        ],
        "Pragma": [
          "no-cache"
        ],
        "ETag": [
          "\"AAAAAAAAJX8=\""
        ],
        "Strict-Transport-Security": [
          "max-age=31536000; includeSubDomains"
        ],
        "x-ms-request-id": [
          "a142d739-cee3-49ae-9f86-2684e1b55b52"
        ],
        "Server": [
          "Microsoft-HTTPAPI/2.0"
        ],
        "x-ms-ratelimit-remaining-subscription-reads": [
          "11984"
        ],
        "x-ms-correlation-request-id": [
          "69dd1658-5270-42b0-a840-30c821c4f702"
        ],
        "x-ms-routing-request-id": [
          "WESTUS:20190930T215156Z:69dd1658-5270-42b0-a840-30c821c4f702"
        ],
        "X-Content-Type-Options": [
          "nosniff"
        ],
        "Date": [
          "Mon, 30 Sep 2019 21:51:55 GMT"
        ],
        "Content-Length": [
          "595"
        ],
        "Content-Type": [
          "application/json; charset=utf-8"
        ],
        "Expires": [
          "-1"
        ]
      },
      "ResponseBody": "{\r\n  \"id\": \"/subscriptions/a200340d-6b82-494d-9dbf-687ba6e33f9e/resourceGroups/powershelltest/providers/Microsoft.ApiManagement/service/powershellsdkservice/apis/ps7605/releases/ps5753\",\r\n  \"type\": \"Microsoft.ApiManagement/service/apis/releases\",\r\n  \"name\": \"ps5753\",\r\n  \"properties\": {\r\n    \"apiId\": \"/subscriptions/a200340d-6b82-494d-9dbf-687ba6e33f9e/resourceGroups/powershelltest/providers/Microsoft.ApiManagement/service/powershellsdkservice/apis/ps7605\",\r\n    \"createdDateTime\": \"2019-09-30T21:51:55.643Z\",\r\n    \"updatedDateTime\": \"2019-09-30T21:51:55.643Z\",\r\n    \"notes\": \"ps2645\"\r\n  }\r\n}",
      "StatusCode": 200
    },
    {
      "RequestUri": "/subscriptions/a200340d-6b82-494d-9dbf-687ba6e33f9e/resourceGroups/powershelltest/providers/Microsoft.ApiManagement/service/powershellsdkservice/apis/ps7605/releases/ps5753?api-version=2019-01-01",
      "EncodedRequestUri": "L3N1YnNjcmlwdGlvbnMvYTIwMDM0MGQtNmI4Mi00OTRkLTlkYmYtNjg3YmE2ZTMzZjllL3Jlc291cmNlR3JvdXBzL3Bvd2Vyc2hlbGx0ZXN0L3Byb3ZpZGVycy9NaWNyb3NvZnQuQXBpTWFuYWdlbWVudC9zZXJ2aWNlL3Bvd2Vyc2hlbGxzZGtzZXJ2aWNlL2FwaXMvcHM3NjA1L3JlbGVhc2VzL3BzNTc1Mz9hcGktdmVyc2lvbj0yMDE5LTAxLTAx",
      "RequestMethod": "GET",
      "RequestBody": "",
      "RequestHeaders": {
        "x-ms-client-request-id": [
          "97862e91-fd6e-4625-b380-88f9cbceac17"
        ],
        "Accept-Language": [
          "en-US"
        ],
        "User-Agent": [
          "FxVersion/4.6.27817.01",
          "OSName/Windows",
          "OSVersion/Microsoft.Windows.10.0.18362.",
          "Microsoft.Azure.Management.ApiManagement.ApiManagementClient/4.11.0.0"
        ]
      },
      "ResponseHeaders": {
        "Cache-Control": [
          "no-cache"
        ],
        "Pragma": [
          "no-cache"
        ],
        "ETag": [
          "\"AAAAAAAAJYI=\""
        ],
        "Strict-Transport-Security": [
          "max-age=31536000; includeSubDomains"
        ],
        "x-ms-request-id": [
          "8d625c2d-77a9-4a37-b637-27f6705340bb"
        ],
        "Server": [
          "Microsoft-HTTPAPI/2.0"
        ],
        "x-ms-ratelimit-remaining-subscription-reads": [
          "11983"
        ],
        "x-ms-correlation-request-id": [
          "0b56320c-3567-49da-b3af-a12e235b2baf"
        ],
        "x-ms-routing-request-id": [
          "WESTUS:20190930T215156Z:0b56320c-3567-49da-b3af-a12e235b2baf"
        ],
        "X-Content-Type-Options": [
          "nosniff"
        ],
        "Date": [
          "Mon, 30 Sep 2019 21:51:56 GMT"
        ],
        "Content-Length": [
          "595"
        ],
        "Content-Type": [
          "application/json; charset=utf-8"
        ],
        "Expires": [
          "-1"
        ]
      },
      "ResponseBody": "{\r\n  \"id\": \"/subscriptions/a200340d-6b82-494d-9dbf-687ba6e33f9e/resourceGroups/powershelltest/providers/Microsoft.ApiManagement/service/powershellsdkservice/apis/ps7605/releases/ps5753\",\r\n  \"type\": \"Microsoft.ApiManagement/service/apis/releases\",\r\n  \"name\": \"ps5753\",\r\n  \"properties\": {\r\n    \"apiId\": \"/subscriptions/a200340d-6b82-494d-9dbf-687ba6e33f9e/resourceGroups/powershelltest/providers/Microsoft.ApiManagement/service/powershellsdkservice/apis/ps7605\",\r\n    \"createdDateTime\": \"2019-09-30T21:51:55.643Z\",\r\n    \"updatedDateTime\": \"2019-09-30T21:51:55.643Z\",\r\n    \"notes\": \"ps7811\"\r\n  }\r\n}",
      "StatusCode": 200
    },
    {
      "RequestUri": "/subscriptions/a200340d-6b82-494d-9dbf-687ba6e33f9e/resourceGroups/powershelltest/providers/Microsoft.ApiManagement/service/powershellsdkservice/apis/ps7605/releases/ps5753?api-version=2019-01-01",
      "EncodedRequestUri": "L3N1YnNjcmlwdGlvbnMvYTIwMDM0MGQtNmI4Mi00OTRkLTlkYmYtNjg3YmE2ZTMzZjllL3Jlc291cmNlR3JvdXBzL3Bvd2Vyc2hlbGx0ZXN0L3Byb3ZpZGVycy9NaWNyb3NvZnQuQXBpTWFuYWdlbWVudC9zZXJ2aWNlL3Bvd2Vyc2hlbGxzZGtzZXJ2aWNlL2FwaXMvcHM3NjA1L3JlbGVhc2VzL3BzNTc1Mz9hcGktdmVyc2lvbj0yMDE5LTAxLTAx",
      "RequestMethod": "PATCH",
      "RequestBody": "{\r\n  \"properties\": {\r\n    \"apiId\": \"/subscriptions/a200340d-6b82-494d-9dbf-687ba6e33f9e/resourceGroups/powershelltest/providers/Microsoft.ApiManagement/service/powershellsdkservice/apis/ps7605\",\r\n    \"notes\": \"ps7811\"\r\n  }\r\n}",
      "RequestHeaders": {
        "x-ms-client-request-id": [
          "0e8db13d-b2eb-48e4-b5b0-5e8b8f92cf54"
        ],
        "If-Match": [
          "*"
        ],
        "Accept-Language": [
          "en-US"
        ],
        "User-Agent": [
          "FxVersion/4.6.27817.01",
          "OSName/Windows",
          "OSVersion/Microsoft.Windows.10.0.18362.",
          "Microsoft.Azure.Management.ApiManagement.ApiManagementClient/4.11.0.0"
        ],
        "Content-Type": [
          "application/json; charset=utf-8"
        ],
        "Content-Length": [
          "225"
        ]
      },
      "ResponseHeaders": {
        "Cache-Control": [
          "no-cache"
        ],
        "Pragma": [
          "no-cache"
        ],
        "Strict-Transport-Security": [
          "max-age=31536000; includeSubDomains"
        ],
        "x-ms-request-id": [
          "a5c1b02a-8fa6-4de2-880a-a3af218936a4"
        ],
        "Server": [
          "Microsoft-HTTPAPI/2.0"
        ],
        "x-ms-ratelimit-remaining-subscription-writes": [
          "1191"
        ],
        "x-ms-correlation-request-id": [
          "a7fb92de-e048-4d26-ab1b-374a130bff59"
        ],
        "x-ms-routing-request-id": [
          "WESTUS:20190930T215156Z:a7fb92de-e048-4d26-ab1b-374a130bff59"
        ],
        "X-Content-Type-Options": [
          "nosniff"
        ],
        "Date": [
          "Mon, 30 Sep 2019 21:51:56 GMT"
        ],
        "Expires": [
          "-1"
        ]
      },
      "ResponseBody": "",
      "StatusCode": 204
    },
    {
      "RequestUri": "/subscriptions/a200340d-6b82-494d-9dbf-687ba6e33f9e/resourceGroups/powershelltest/providers/Microsoft.ApiManagement/service/powershellsdkservice/apis/ps7605/releases?api-version=2019-01-01",
      "EncodedRequestUri": "L3N1YnNjcmlwdGlvbnMvYTIwMDM0MGQtNmI4Mi00OTRkLTlkYmYtNjg3YmE2ZTMzZjllL3Jlc291cmNlR3JvdXBzL3Bvd2Vyc2hlbGx0ZXN0L3Byb3ZpZGVycy9NaWNyb3NvZnQuQXBpTWFuYWdlbWVudC9zZXJ2aWNlL3Bvd2Vyc2hlbGxzZGtzZXJ2aWNlL2FwaXMvcHM3NjA1L3JlbGVhc2VzP2FwaS12ZXJzaW9uPTIwMTktMDEtMDE=",
      "RequestMethod": "GET",
      "RequestBody": "",
      "RequestHeaders": {
        "x-ms-client-request-id": [
          "7a387593-b6c0-4477-add1-2ed93fcb3290"
        ],
        "Accept-Language": [
          "en-US"
        ],
        "User-Agent": [
          "FxVersion/4.6.27817.01",
          "OSName/Windows",
          "OSVersion/Microsoft.Windows.10.0.18362.",
          "Microsoft.Azure.Management.ApiManagement.ApiManagementClient/4.11.0.0"
        ]
      },
      "ResponseHeaders": {
        "Cache-Control": [
          "no-cache"
        ],
        "Pragma": [
          "no-cache"
        ],
        "Strict-Transport-Security": [
          "max-age=31536000; includeSubDomains"
        ],
        "x-ms-request-id": [
          "fa67793c-c2ec-4711-aea0-d02b9f8abd53"
        ],
        "Server": [
          "Microsoft-HTTPAPI/2.0"
        ],
        "x-ms-ratelimit-remaining-subscription-reads": [
          "11982"
        ],
        "x-ms-correlation-request-id": [
          "013fcfd1-2be1-4ee1-9bc7-1ab3dda56042"
        ],
        "x-ms-routing-request-id": [
          "WESTUS:20190930T215156Z:013fcfd1-2be1-4ee1-9bc7-1ab3dda56042"
        ],
        "X-Content-Type-Options": [
          "nosniff"
        ],
        "Date": [
          "Mon, 30 Sep 2019 21:51:56 GMT"
        ],
        "Content-Length": [
          "501"
        ],
        "Content-Type": [
          "application/json; charset=utf-8"
        ],
        "Expires": [
          "-1"
        ]
      },
      "ResponseBody": "{\r\n  \"value\": [\r\n    {\r\n      \"id\": \"/subscriptions/a200340d-6b82-494d-9dbf-687ba6e33f9e/resourceGroups/powershelltest/providers/Microsoft.ApiManagement/service/powershellsdkservice/apis/ps7605/releases/ps5753\",\r\n      \"type\": \"Microsoft.ApiManagement/service/apis/releases\",\r\n      \"name\": \"ps5753\",\r\n      \"properties\": {\r\n        \"createdDateTime\": \"2019-09-30T21:51:55.643Z\",\r\n        \"updatedDateTime\": \"2019-09-30T21:51:55.643Z\",\r\n        \"notes\": \"ps7811\"\r\n      }\r\n    }\r\n  ],\r\n  \"count\": 1\r\n}",
      "StatusCode": 200
    },
    {
      "RequestUri": "/subscriptions/a200340d-6b82-494d-9dbf-687ba6e33f9e/resourceGroups/powershelltest/providers/Microsoft.ApiManagement/service/powershellsdkservice/apis/ps7605%3Brev%3D1?deleteRevisions=false&api-version=2019-01-01",
      "EncodedRequestUri": "L3N1YnNjcmlwdGlvbnMvYTIwMDM0MGQtNmI4Mi00OTRkLTlkYmYtNjg3YmE2ZTMzZjllL3Jlc291cmNlR3JvdXBzL3Bvd2Vyc2hlbGx0ZXN0L3Byb3ZpZGVycy9NaWNyb3NvZnQuQXBpTWFuYWdlbWVudC9zZXJ2aWNlL3Bvd2Vyc2hlbGxzZGtzZXJ2aWNlL2FwaXMvcHM3NjA1JTNCcmV2JTNEMT9kZWxldGVSZXZpc2lvbnM9ZmFsc2UmYXBpLXZlcnNpb249MjAxOS0wMS0wMQ==",
      "RequestMethod": "DELETE",
      "RequestBody": "",
      "RequestHeaders": {
        "x-ms-client-request-id": [
          "aa80dbb8-04f6-4941-bee2-00810ad5b2da"
        ],
        "If-Match": [
          "*"
        ],
        "Accept-Language": [
          "en-US"
        ],
        "User-Agent": [
          "FxVersion/4.6.27817.01",
          "OSName/Windows",
          "OSVersion/Microsoft.Windows.10.0.18362.",
          "Microsoft.Azure.Management.ApiManagement.ApiManagementClient/4.11.0.0"
        ]
      },
      "ResponseHeaders": {
        "Cache-Control": [
          "no-cache"
        ],
        "Pragma": [
          "no-cache"
        ],
        "Strict-Transport-Security": [
          "max-age=31536000; includeSubDomains"
        ],
        "x-ms-request-id": [
          "28e486df-e38a-4ebe-9979-d429c308d107"
        ],
        "Server": [
          "Microsoft-HTTPAPI/2.0"
        ],
        "x-ms-ratelimit-remaining-subscription-deletes": [
          "14997"
        ],
        "x-ms-correlation-request-id": [
          "32292d24-38ea-4290-adb5-6fc87f5cb33f"
        ],
        "x-ms-routing-request-id": [
          "WESTUS:20190930T215157Z:32292d24-38ea-4290-adb5-6fc87f5cb33f"
        ],
        "X-Content-Type-Options": [
          "nosniff"
        ],
        "Date": [
          "Mon, 30 Sep 2019 21:51:57 GMT"
        ],
        "Expires": [
          "-1"
        ],
        "Content-Length": [
          "0"
        ]
      },
      "ResponseBody": "",
      "StatusCode": 200
    },
    {
      "RequestUri": "/subscriptions/a200340d-6b82-494d-9dbf-687ba6e33f9e/resourceGroups/powershelltest/providers/Microsoft.ApiManagement/service/powershellsdkservice/apis/ps7605?deleteRevisions=true&api-version=2019-01-01",
      "EncodedRequestUri": "L3N1YnNjcmlwdGlvbnMvYTIwMDM0MGQtNmI4Mi00OTRkLTlkYmYtNjg3YmE2ZTMzZjllL3Jlc291cmNlR3JvdXBzL3Bvd2Vyc2hlbGx0ZXN0L3Byb3ZpZGVycy9NaWNyb3NvZnQuQXBpTWFuYWdlbWVudC9zZXJ2aWNlL3Bvd2Vyc2hlbGxzZGtzZXJ2aWNlL2FwaXMvcHM3NjA1P2RlbGV0ZVJldmlzaW9ucz10cnVlJmFwaS12ZXJzaW9uPTIwMTktMDEtMDE=",
      "RequestMethod": "DELETE",
      "RequestBody": "",
      "RequestHeaders": {
        "x-ms-client-request-id": [
          "2c764dd0-9eec-44b0-8f8b-43a792028f16"
        ],
        "If-Match": [
          "*"
        ],
        "Accept-Language": [
          "en-US"
        ],
        "User-Agent": [
          "FxVersion/4.6.27817.01",
          "OSName/Windows",
          "OSVersion/Microsoft.Windows.10.0.18362.",
          "Microsoft.Azure.Management.ApiManagement.ApiManagementClient/4.11.0.0"
        ]
      },
      "ResponseHeaders": {
        "Cache-Control": [
          "no-cache"
        ],
        "Pragma": [
          "no-cache"
        ],
        "Strict-Transport-Security": [
          "max-age=31536000; includeSubDomains"
        ],
        "x-ms-request-id": [
          "a1da912d-5055-470e-a578-59e9e8039e9b"
        ],
        "Server": [
          "Microsoft-HTTPAPI/2.0"
        ],
        "x-ms-ratelimit-remaining-subscription-deletes": [
          "14996"
        ],
        "x-ms-correlation-request-id": [
          "48400c14-b4b5-41f8-93cf-3e418bf7b6b5"
        ],
        "x-ms-routing-request-id": [
          "WESTUS:20190930T215157Z:48400c14-b4b5-41f8-93cf-3e418bf7b6b5"
        ],
        "X-Content-Type-Options": [
          "nosniff"
        ],
        "Date": [
          "Mon, 30 Sep 2019 21:51:57 GMT"
        ],
        "Expires": [
          "-1"
        ],
        "Content-Length": [
          "0"
        ]
      },
      "ResponseBody": "",
      "StatusCode": 200
    }
  ],
  "Names": {
    "": [
      "ps7605",
      "ps5753",
      "ps1542",
      "ps2645",
      "ps7811"
    ]
  },
  "Variables": {
    "SubscriptionId": "a200340d-6b82-494d-9dbf-687ba6e33f9e"
  }
}