{
  "Entries": [
    {
      "RequestUri": "/subscriptions/a200340d-6b82-494d-9dbf-687ba6e33f9e/resourceGroups/powershelltest/providers/Microsoft.ApiManagement/service/powershellsdkservice/apis/ps8106?api-version=2020-12-01",
      "EncodedRequestUri": "L3N1YnNjcmlwdGlvbnMvYTIwMDM0MGQtNmI4Mi00OTRkLTlkYmYtNjg3YmE2ZTMzZjllL3Jlc291cmNlR3JvdXBzL3Bvd2Vyc2hlbGx0ZXN0L3Byb3ZpZGVycy9NaWNyb3NvZnQuQXBpTWFuYWdlbWVudC9zZXJ2aWNlL3Bvd2Vyc2hlbGxzZGtzZXJ2aWNlL2FwaXMvcHM4MTA2P2FwaS12ZXJzaW9uPTIwMjAtMTItMDE=",
      "RequestMethod": "PUT",
      "RequestBody": "{\r\n  \"properties\": {\r\n    \"description\": \"ps4102\",\r\n    \"subscriptionKeyParameterNames\": {\r\n      \"header\": \"ps9383\",\r\n      \"query\": \"ps9012\"\r\n    },\r\n    \"displayName\": \"ps6703\",\r\n    \"serviceUrl\": \"http://newechoapi.cloudapp.net/newapi\",\r\n    \"path\": \"ps8180\",\r\n    \"protocols\": [\r\n      \"http\",\r\n      \"https\"\r\n    ]\r\n  }\r\n}",
      "RequestHeaders": {
        "x-ms-client-request-id": [
          "498cb380-2bcb-475f-90df-28d7aaf9e44f"
        ],
        "Accept-Language": [
          "en-US"
        ],
        "User-Agent": [
          "FxVersion/4.6.30015.01",
          "OSName/Windows",
          "OSVersion/Microsoft.Windows.10.0.19043.",
          "Microsoft.Azure.Management.ApiManagement.ApiManagementClient/7.0.0.0"
        ],
        "Content-Type": [
          "application/json; charset=utf-8"
        ],
        "Content-Length": [
          "328"
        ]
      },
      "ResponseHeaders": {
        "Cache-Control": [
          "no-cache"
        ],
        "Pragma": [
          "no-cache"
        ],
        "ETag": [
          "\"AAAAAAABAi8=\""
        ],
        "Strict-Transport-Security": [
          "max-age=31536000; includeSubDomains"
        ],
        "X-Content-Type-Options": [
          "nosniff"
        ],
        "x-ms-request-id": [
          "42928d2f-fe56-4d94-8c23-f8e6a9bfbd7a"
        ],
        "Server": [
          "Microsoft-HTTPAPI/2.0"
        ],
        "x-ms-ratelimit-remaining-subscription-writes": [
          "1199"
        ],
        "x-ms-correlation-request-id": [
          "586c0c95-652f-4fe2-9410-73a562d4d300"
        ],
        "x-ms-routing-request-id": [
          "WESTUS:20210713T002334Z:586c0c95-652f-4fe2-9410-73a562d4d300"
        ],
        "Date": [
          "Tue, 13 Jul 2021 00:23:33 GMT"
        ],
        "Content-Length": [
          "739"
        ],
        "Content-Type": [
          "application/json; charset=utf-8"
        ],
        "Expires": [
          "-1"
        ]
      },
      "ResponseBody": "{\r\n  \"id\": \"/subscriptions/a200340d-6b82-494d-9dbf-687ba6e33f9e/resourceGroups/powershelltest/providers/Microsoft.ApiManagement/service/powershellsdkservice/apis/ps8106\",\r\n  \"type\": \"Microsoft.ApiManagement/service/apis\",\r\n  \"name\": \"ps8106\",\r\n  \"properties\": {\r\n    \"displayName\": \"ps6703\",\r\n    \"apiRevision\": \"1\",\r\n    \"description\": \"ps4102\",\r\n    \"subscriptionRequired\": true,\r\n    \"serviceUrl\": \"http://newechoapi.cloudapp.net/newapi\",\r\n    \"path\": \"ps8180\",\r\n    \"protocols\": [\r\n      \"http\",\r\n      \"https\"\r\n    ],\r\n    \"authenticationSettings\": {\r\n      \"oAuth2\": null,\r\n      \"openid\": null\r\n    },\r\n    \"subscriptionKeyParameterNames\": {\r\n      \"header\": \"ps9383\",\r\n      \"query\": \"ps9012\"\r\n    },\r\n    \"isCurrent\": true\r\n  }\r\n}",
      "StatusCode": 201
    },
    {
      "RequestUri": "/subscriptions/a200340d-6b82-494d-9dbf-687ba6e33f9e/resourceGroups/powershelltest/providers/Microsoft.ApiManagement/service/powershellsdkservice/apis/ps8106?api-version=2020-12-01",
      "EncodedRequestUri": "L3N1YnNjcmlwdGlvbnMvYTIwMDM0MGQtNmI4Mi00OTRkLTlkYmYtNjg3YmE2ZTMzZjllL3Jlc291cmNlR3JvdXBzL3Bvd2Vyc2hlbGx0ZXN0L3Byb3ZpZGVycy9NaWNyb3NvZnQuQXBpTWFuYWdlbWVudC9zZXJ2aWNlL3Bvd2Vyc2hlbGxzZGtzZXJ2aWNlL2FwaXMvcHM4MTA2P2FwaS12ZXJzaW9uPTIwMjAtMTItMDE=",
      "RequestMethod": "GET",
      "RequestBody": "",
      "RequestHeaders": {
        "x-ms-client-request-id": [
          "498cb380-2bcb-475f-90df-28d7aaf9e44f"
        ],
        "User-Agent": [
          "FxVersion/4.6.30015.01",
          "OSName/Windows",
          "OSVersion/Microsoft.Windows.10.0.19043.",
          "Microsoft.Azure.Management.ApiManagement.ApiManagementClient/7.0.0.0"
        ]
      },
      "ResponseHeaders": {
        "Cache-Control": [
          "no-cache"
        ],
        "Pragma": [
          "no-cache"
        ],
        "ETag": [
          "\"AAAAAAABAi8=\""
        ],
        "Strict-Transport-Security": [
          "max-age=31536000; includeSubDomains"
        ],
        "X-Content-Type-Options": [
          "nosniff"
        ],
        "x-ms-request-id": [
          "0fe1ed0d-df5c-44b5-807a-b6455ff4bed8"
        ],
        "Server": [
          "Microsoft-HTTPAPI/2.0"
        ],
        "x-ms-ratelimit-remaining-subscription-reads": [
          "11999"
        ],
        "x-ms-correlation-request-id": [
          "4e8738fe-ecde-4e8e-a47c-6d5f5edaf763"
        ],
        "x-ms-routing-request-id": [
          "WESTUS:20210713T002404Z:4e8738fe-ecde-4e8e-a47c-6d5f5edaf763"
        ],
        "Date": [
          "Tue, 13 Jul 2021 00:24:03 GMT"
        ],
        "Content-Length": [
          "739"
        ],
        "Content-Type": [
          "application/json; charset=utf-8"
        ],
        "Expires": [
          "-1"
        ]
      },
      "ResponseBody": "{\r\n  \"id\": \"/subscriptions/a200340d-6b82-494d-9dbf-687ba6e33f9e/resourceGroups/powershelltest/providers/Microsoft.ApiManagement/service/powershellsdkservice/apis/ps8106\",\r\n  \"type\": \"Microsoft.ApiManagement/service/apis\",\r\n  \"name\": \"ps8106\",\r\n  \"properties\": {\r\n    \"displayName\": \"ps6703\",\r\n    \"apiRevision\": \"1\",\r\n    \"description\": \"ps4102\",\r\n    \"subscriptionRequired\": true,\r\n    \"serviceUrl\": \"http://newechoapi.cloudapp.net/newapi\",\r\n    \"path\": \"ps8180\",\r\n    \"protocols\": [\r\n      \"http\",\r\n      \"https\"\r\n    ],\r\n    \"authenticationSettings\": {\r\n      \"oAuth2\": null,\r\n      \"openid\": null\r\n    },\r\n    \"subscriptionKeyParameterNames\": {\r\n      \"header\": \"ps9383\",\r\n      \"query\": \"ps9012\"\r\n    },\r\n    \"isCurrent\": true\r\n  }\r\n}",
      "StatusCode": 200
    },
    {
      "RequestUri": "/subscriptions/a200340d-6b82-494d-9dbf-687ba6e33f9e/resourceGroups/powershelltest/providers/Microsoft.ApiManagement/service/powershellsdkservice/apis/ps8106/schemas?api-version=2020-12-01",
      "EncodedRequestUri": "L3N1YnNjcmlwdGlvbnMvYTIwMDM0MGQtNmI4Mi00OTRkLTlkYmYtNjg3YmE2ZTMzZjllL3Jlc291cmNlR3JvdXBzL3Bvd2Vyc2hlbGx0ZXN0L3Byb3ZpZGVycy9NaWNyb3NvZnQuQXBpTWFuYWdlbWVudC9zZXJ2aWNlL3Bvd2Vyc2hlbGxzZGtzZXJ2aWNlL2FwaXMvcHM4MTA2L3NjaGVtYXM/YXBpLXZlcnNpb249MjAyMC0xMi0wMQ==",
      "RequestMethod": "GET",
      "RequestBody": "",
      "RequestHeaders": {
        "x-ms-client-request-id": [
          "00af67d8-a32e-457b-a82b-ac6e8a58b6e2"
        ],
        "Accept-Language": [
          "en-US"
        ],
        "User-Agent": [
          "FxVersion/4.6.30015.01",
          "OSName/Windows",
          "OSVersion/Microsoft.Windows.10.0.19043.",
          "Microsoft.Azure.Management.ApiManagement.ApiManagementClient/7.0.0.0"
        ]
      },
      "ResponseHeaders": {
        "Cache-Control": [
          "no-cache"
        ],
        "Pragma": [
          "no-cache"
        ],
        "Strict-Transport-Security": [
          "max-age=31536000; includeSubDomains"
        ],
        "X-Content-Type-Options": [
          "nosniff"
        ],
        "x-ms-request-id": [
          "f0119d16-041f-416e-bf27-b7a5f611c2e1"
        ],
        "Server": [
          "Microsoft-HTTPAPI/2.0"
        ],
        "x-ms-ratelimit-remaining-subscription-reads": [
          "11998"
        ],
        "x-ms-correlation-request-id": [
          "2fd08508-b287-4193-97e4-383bc91c987a"
        ],
        "x-ms-routing-request-id": [
          "WESTUS:20210713T002404Z:2fd08508-b287-4193-97e4-383bc91c987a"
        ],
        "Date": [
          "Tue, 13 Jul 2021 00:24:03 GMT"
        ],
        "Content-Length": [
          "34"
        ],
        "Content-Type": [
          "application/json; charset=utf-8"
        ],
        "Expires": [
          "-1"
        ]
      },
      "ResponseBody": "{\r\n  \"value\": [],\r\n  \"count\": 0\r\n}",
      "StatusCode": 200
    },
    {
      "RequestUri": "/subscriptions/a200340d-6b82-494d-9dbf-687ba6e33f9e/resourceGroups/powershelltest/providers/Microsoft.ApiManagement/service/powershellsdkservice/apis/ps8106/schemas?api-version=2020-12-01",
      "EncodedRequestUri": "L3N1YnNjcmlwdGlvbnMvYTIwMDM0MGQtNmI4Mi00OTRkLTlkYmYtNjg3YmE2ZTMzZjllL3Jlc291cmNlR3JvdXBzL3Bvd2Vyc2hlbGx0ZXN0L3Byb3ZpZGVycy9NaWNyb3NvZnQuQXBpTWFuYWdlbWVudC9zZXJ2aWNlL3Bvd2Vyc2hlbGxzZGtzZXJ2aWNlL2FwaXMvcHM4MTA2L3NjaGVtYXM/YXBpLXZlcnNpb249MjAyMC0xMi0wMQ==",
      "RequestMethod": "GET",
      "RequestBody": "",
      "RequestHeaders": {
        "x-ms-client-request-id": [
          "1f19b0f6-53ba-43ea-a459-05334bc21686"
        ],
        "Accept-Language": [
          "en-US"
        ],
        "User-Agent": [
          "FxVersion/4.6.30015.01",
          "OSName/Windows",
          "OSVersion/Microsoft.Windows.10.0.19043.",
          "Microsoft.Azure.Management.ApiManagement.ApiManagementClient/7.0.0.0"
        ]
      },
      "ResponseHeaders": {
        "Cache-Control": [
          "no-cache"
        ],
        "Pragma": [
          "no-cache"
        ],
        "Strict-Transport-Security": [
          "max-age=31536000; includeSubDomains"
        ],
        "X-Content-Type-Options": [
          "nosniff"
        ],
        "x-ms-request-id": [
          "f2fa3f6f-2274-4bac-8d92-b233c6d63dae"
        ],
        "Server": [
          "Microsoft-HTTPAPI/2.0"
        ],
        "x-ms-ratelimit-remaining-subscription-reads": [
          "11995"
        ],
        "x-ms-correlation-request-id": [
          "092e2ca0-47a0-4441-823a-fd658c0282ef"
        ],
        "x-ms-routing-request-id": [
          "WESTUS:20210713T002435Z:092e2ca0-47a0-4441-823a-fd658c0282ef"
        ],
        "Date": [
          "Tue, 13 Jul 2021 00:24:34 GMT"
        ],
        "Content-Length": [
          "2007"
        ],
        "Content-Type": [
          "application/json; charset=utf-8"
        ],
        "Expires": [
          "-1"
        ]
      },
      "ResponseBody": "{\r\n  \"value\": [\r\n    {\r\n      \"id\": \"/subscriptions/a200340d-6b82-494d-9dbf-687ba6e33f9e/resourceGroups/powershelltest/providers/Microsoft.ApiManagement/service/powershellsdkservice/apis/ps8106/schemas/ps3536\",\r\n      \"type\": \"Microsoft.ApiManagement/service/apis/schemas\",\r\n      \"name\": \"ps3536\",\r\n      \"properties\": {\r\n        \"contentType\": \"application/vnd.ms-azure-apim.swagger.definitions+json\",\r\n        \"document\": {\r\n          \"definitions\": {\r\n            \"pet\": {\r\n              \"required\": [\r\n                \"id\",\r\n                \"name\"\r\n              ],\r\n              \"externalDocs\": {\r\n                \"description\": \"findmoreinfohere\",\r\n                \"url\": \"https: //helloreverb.com/about\"\r\n              },\r\n              \"properties\": {\r\n                \"id\": {\r\n                  \"type\": \"integer\",\r\n                  \"format\": \"int64\"\r\n                },\r\n                \"name\": {\r\n                  \"type\": \"string\"\r\n                },\r\n                \"tag\": {\r\n                  \"type\": \"string\"\r\n                }\r\n              }\r\n            },\r\n            \"newPet\": {\r\n              \"allOf\": [\r\n                {\r\n                  \"$ref\": \"pet\"\r\n                },\r\n                {\r\n                  \"required\": [\r\n                    \"name\"\r\n                  ],\r\n                  \"id\": {\r\n                    \"properties\": {\r\n                      \"type\": \"integer\",\r\n                      \"format\": \"int64\"\r\n                    }\r\n                  }\r\n                }\r\n              ]\r\n            },\r\n            \"errorModel\": {\r\n              \"required\": [\r\n                \"code\",\r\n                \"message\"\r\n              ],\r\n              \"properties\": {\r\n                \"code\": {\r\n                  \"type\": \"integer\",\r\n                  \"format\": \"int32\"\r\n                },\r\n                \"message\": {\r\n                  \"type\": \"string\"\r\n                }\r\n              }\r\n            }\r\n          }\r\n        }\r\n      }\r\n    }\r\n  ],\r\n  \"count\": 1\r\n}",
      "StatusCode": 200
    },
    {
      "RequestUri": "/subscriptions/a200340d-6b82-494d-9dbf-687ba6e33f9e/resourceGroups/powershelltest/providers/Microsoft.ApiManagement/service/powershellsdkservice/apis/ps8106/schemas/ps3536?api-version=2020-12-01",
      "EncodedRequestUri": "L3N1YnNjcmlwdGlvbnMvYTIwMDM0MGQtNmI4Mi00OTRkLTlkYmYtNjg3YmE2ZTMzZjllL3Jlc291cmNlR3JvdXBzL3Bvd2Vyc2hlbGx0ZXN0L3Byb3ZpZGVycy9NaWNyb3NvZnQuQXBpTWFuYWdlbWVudC9zZXJ2aWNlL3Bvd2Vyc2hlbGxzZGtzZXJ2aWNlL2FwaXMvcHM4MTA2L3NjaGVtYXMvcHMzNTM2P2FwaS12ZXJzaW9uPTIwMjAtMTItMDE=",
      "RequestMethod": "PUT",
      "RequestBody": "{\r\n  \"properties\": {\r\n    \"contentType\": \"application/vnd.ms-azure-apim.swagger.definitions+json\",\r\n    \"document\": {\r\n      \"value\": \"{\\r\\n  \\\"pet\\\": {\\r\\n    \\\"required\\\": [\\r\\n      \\\"id\\\",\\r\\n      \\\"name\\\"\\r\\n    ],\\r\\n    \\\"externalDocs\\\": {\\r\\n      \\\"description\\\": \\\"findmoreinfohere\\\",\\r\\n      \\\"url\\\": \\\"https: //helloreverb.com/about\\\"\\r\\n    },\\r\\n    \\\"properties\\\": {\\r\\n      \\\"id\\\": {\\r\\n        \\\"type\\\": \\\"integer\\\",\\r\\n        \\\"format\\\": \\\"int64\\\"\\r\\n      },\\r\\n      \\\"name\\\": {\\r\\n        \\\"type\\\": \\\"string\\\"\\r\\n      },\\r\\n      \\\"tag\\\": {\\r\\n        \\\"type\\\": \\\"string\\\"\\r\\n      }\\r\\n    }\\r\\n  },\\r\\n  \\\"newPet\\\": {\\r\\n    \\\"allOf\\\": [\\r\\n      {\\r\\n        \\\"$ref\\\": \\\"pet\\\"\\r\\n      },\\r\\n      {\\r\\n        \\\"required\\\": [\\r\\n          \\\"name\\\"\\r\\n        ],\\r\\n        \\\"id\\\": {\\r\\n          \\\"properties\\\": {\\r\\n            \\\"type\\\": \\\"integer\\\",\\r\\n            \\\"format\\\": \\\"int64\\\"\\r\\n          }\\r\\n        }\\r\\n      }\\r\\n    ]\\r\\n  },\\r\\n  \\\"errorModel\\\": {\\r\\n    \\\"required\\\": [\\r\\n      \\\"code\\\",\\r\\n      \\\"message\\\"\\r\\n    ],\\r\\n    \\\"properties\\\": {\\r\\n      \\\"code\\\": {\\r\\n        \\\"type\\\": \\\"integer\\\",\\r\\n        \\\"format\\\": \\\"int32\\\"\\r\\n      },\\r\\n      \\\"message\\\": {\\r\\n        \\\"type\\\": \\\"string\\\"\\r\\n      }\\r\\n    }\\r\\n  }\\r\\n}\"\r\n    }\r\n  }\r\n}",
      "RequestHeaders": {
        "x-ms-client-request-id": [
          "4fafc1bb-7ec5-4120-849e-73a48e7ae467"
        ],
        "Accept-Language": [
          "en-US"
        ],
        "User-Agent": [
          "FxVersion/4.6.30015.01",
          "OSName/Windows",
          "OSVersion/Microsoft.Windows.10.0.19043.",
          "Microsoft.Azure.Management.ApiManagement.ApiManagementClient/7.0.0.0"
        ],
        "Content-Type": [
          "application/json; charset=utf-8"
        ],
        "Content-Length": [
          "1299"
        ]
      },
      "ResponseHeaders": {
        "Cache-Control": [
          "no-cache"
        ],
        "Pragma": [
          "no-cache"
        ],
        "Location": [
          "https://management.azure.com/subscriptions/a200340d-6b82-494d-9dbf-687ba6e33f9e/resourceGroups/powershelltest/providers/Microsoft.ApiManagement/service/powershellsdkservice/apis/ps8106/schemas/ps3536?api-version=2020-12-01&asyncId=60ecdd25a2ca601290f0cc02&asyncCode=201"
        ],
        "Strict-Transport-Security": [
          "max-age=31536000; includeSubDomains"
        ],
        "X-Content-Type-Options": [
          "nosniff"
        ],
        "x-ms-request-id": [
          "a1cab2b7-c382-468e-a5a1-6d620af81e21"
        ],
        "Server": [
          "Microsoft-HTTPAPI/2.0"
        ],
        "x-ms-ratelimit-remaining-subscription-writes": [
          "1198"
        ],
        "x-ms-correlation-request-id": [
          "bdbb5f97-0465-45e9-9f75-3e874b3f80b8"
        ],
        "x-ms-routing-request-id": [
          "WESTUS:20210713T002405Z:bdbb5f97-0465-45e9-9f75-3e874b3f80b8"
        ],
        "Date": [
          "Tue, 13 Jul 2021 00:24:04 GMT"
        ],
        "Expires": [
          "-1"
        ],
        "Content-Length": [
          "0"
        ]
      },
      "ResponseBody": "",
      "StatusCode": 202
    },
    {
      "RequestUri": "/subscriptions/a200340d-6b82-494d-9dbf-687ba6e33f9e/resourceGroups/powershelltest/providers/Microsoft.ApiManagement/service/powershellsdkservice/apis/ps8106/schemas/ps3536?api-version=2020-12-01",
      "EncodedRequestUri": "L3N1YnNjcmlwdGlvbnMvYTIwMDM0MGQtNmI4Mi00OTRkLTlkYmYtNjg3YmE2ZTMzZjllL3Jlc291cmNlR3JvdXBzL3Bvd2Vyc2hlbGx0ZXN0L3Byb3ZpZGVycy9NaWNyb3NvZnQuQXBpTWFuYWdlbWVudC9zZXJ2aWNlL3Bvd2Vyc2hlbGxzZGtzZXJ2aWNlL2FwaXMvcHM4MTA2L3NjaGVtYXMvcHMzNTM2P2FwaS12ZXJzaW9uPTIwMjAtMTItMDE=",
      "RequestMethod": "PUT",
      "RequestBody": "{\r\n  \"properties\": {\r\n    \"contentType\": \"application/json\",\r\n    \"document\": {\r\n      \"value\": \"{\\r\\n  \\\"pet\\\": {\\r\\n    \\\"required\\\": [\\r\\n      \\\"id\\\",\\r\\n      \\\"name\\\"\\r\\n    ],\\r\\n    \\\"externalDocs\\\": {\\r\\n      \\\"description\\\": \\\"findmoreinfohere\\\",\\r\\n      \\\"url\\\": \\\"https: //helloreverb.com/about\\\"\\r\\n    },\\r\\n    \\\"properties\\\": {\\r\\n      \\\"id\\\": {\\r\\n        \\\"type\\\": \\\"integer\\\",\\r\\n        \\\"format\\\": \\\"int64\\\"\\r\\n      },\\r\\n      \\\"name\\\": {\\r\\n        \\\"type\\\": \\\"string\\\"\\r\\n      },\\r\\n      \\\"tag\\\": {\\r\\n        \\\"type\\\": \\\"string\\\"\\r\\n      }\\r\\n    }\\r\\n  },\\r\\n  \\\"newPet\\\": {\\r\\n    \\\"allOf\\\": [\\r\\n      {\\r\\n        \\\"$ref\\\": \\\"pet\\\"\\r\\n      },\\r\\n      {\\r\\n        \\\"required\\\": [\\r\\n          \\\"name\\\"\\r\\n        ],\\r\\n        \\\"id\\\": {\\r\\n          \\\"properties\\\": {\\r\\n            \\\"type\\\": \\\"integer\\\",\\r\\n            \\\"format\\\": \\\"int64\\\"\\r\\n          }\\r\\n        }\\r\\n      }\\r\\n    ]\\r\\n  },\\r\\n  \\\"errorModel\\\": {\\r\\n    \\\"required\\\": [\\r\\n      \\\"code\\\",\\r\\n      \\\"message\\\"\\r\\n    ],\\r\\n    \\\"properties\\\": {\\r\\n      \\\"code\\\": {\\r\\n        \\\"type\\\": \\\"integer\\\",\\r\\n        \\\"format\\\": \\\"int32\\\"\\r\\n      },\\r\\n      \\\"message\\\": {\\r\\n        \\\"type\\\": \\\"string\\\"\\r\\n      }\\r\\n    }\\r\\n  }\\r\\n}\"\r\n    }\r\n  }\r\n}",
      "RequestHeaders": {
        "x-ms-client-request-id": [
          "cffe3b42-d8f7-4d36-bb11-2ea8b2c13cac"
        ],
        "If-Match": [
          "*"
        ],
        "Accept-Language": [
          "en-US"
        ],
        "User-Agent": [
          "FxVersion/4.6.30015.01",
          "OSName/Windows",
          "OSVersion/Microsoft.Windows.10.0.19043.",
          "Microsoft.Azure.Management.ApiManagement.ApiManagementClient/7.0.0.0"
        ],
        "Content-Type": [
          "application/json; charset=utf-8"
        ],
        "Content-Length": [
          "1261"
        ]
      },
      "ResponseHeaders": {
        "Cache-Control": [
          "no-cache"
        ],
        "Pragma": [
          "no-cache"
        ],
        "Location": [
          "https://management.azure.com/subscriptions/a200340d-6b82-494d-9dbf-687ba6e33f9e/resourceGroups/powershelltest/providers/Microsoft.ApiManagement/service/powershellsdkservice/apis/ps8106/schemas/ps3536?api-version=2020-12-01&asyncId=60ecdd43a2ca601290f0cc06&asyncCode=200"
        ],
        "Strict-Transport-Security": [
          "max-age=31536000; includeSubDomains"
        ],
        "X-Content-Type-Options": [
          "nosniff"
        ],
        "x-ms-request-id": [
          "c22680af-732f-450a-9a78-67418caed8f0"
        ],
        "Server": [
          "Microsoft-HTTPAPI/2.0"
        ],
        "x-ms-ratelimit-remaining-subscription-writes": [
          "1197"
        ],
        "x-ms-correlation-request-id": [
          "9b79c5e0-d578-4c89-89a9-1bd578ed94f4"
        ],
        "x-ms-routing-request-id": [
          "WESTUS:20210713T002435Z:9b79c5e0-d578-4c89-89a9-1bd578ed94f4"
        ],
        "Date": [
          "Tue, 13 Jul 2021 00:24:35 GMT"
        ],
        "Expires": [
          "-1"
        ],
        "Content-Length": [
          "0"
        ]
      },
      "ResponseBody": "",
      "StatusCode": 202
    },
    {
      "RequestUri": "/subscriptions/a200340d-6b82-494d-9dbf-687ba6e33f9e/resourceGroups/powershelltest/providers/Microsoft.ApiManagement/service/powershellsdkservice/apis/ps8106/schemas/ps3536?api-version=2020-12-01&asyncId=60ecdd25a2ca601290f0cc02&asyncCode=201",
      "EncodedRequestUri": "L3N1YnNjcmlwdGlvbnMvYTIwMDM0MGQtNmI4Mi00OTRkLTlkYmYtNjg3YmE2ZTMzZjllL3Jlc291cmNlR3JvdXBzL3Bvd2Vyc2hlbGx0ZXN0L3Byb3ZpZGVycy9NaWNyb3NvZnQuQXBpTWFuYWdlbWVudC9zZXJ2aWNlL3Bvd2Vyc2hlbGxzZGtzZXJ2aWNlL2FwaXMvcHM4MTA2L3NjaGVtYXMvcHMzNTM2P2FwaS12ZXJzaW9uPTIwMjAtMTItMDEmYXN5bmNJZD02MGVjZGQyNWEyY2E2MDEyOTBmMGNjMDImYXN5bmNDb2RlPTIwMQ==",
      "RequestMethod": "GET",
      "RequestBody": "",
      "RequestHeaders": {
        "x-ms-client-request-id": [
          "4fafc1bb-7ec5-4120-849e-73a48e7ae467"
        ],
        "User-Agent": [
          "FxVersion/4.6.30015.01",
          "OSName/Windows",
          "OSVersion/Microsoft.Windows.10.0.19043.",
          "Microsoft.Azure.Management.ApiManagement.ApiManagementClient/7.0.0.0"
        ]
      },
      "ResponseHeaders": {
        "Cache-Control": [
          "no-cache"
        ],
        "Pragma": [
          "no-cache"
        ],
        "ETag": [
          "\"AAAAAAABAjQ=\""
        ],
        "Strict-Transport-Security": [
          "max-age=31536000; includeSubDomains"
        ],
        "X-Content-Type-Options": [
          "nosniff"
        ],
        "x-ms-request-id": [
          "6a873175-7c12-4e10-81c3-934f55b552eb"
        ],
        "Server": [
          "Microsoft-HTTPAPI/2.0"
        ],
        "x-ms-ratelimit-remaining-subscription-reads": [
          "11997"
        ],
        "x-ms-correlation-request-id": [
          "0063c26a-7f4b-4ed4-a641-da8418815949"
        ],
        "x-ms-routing-request-id": [
          "WESTUS:20210713T002435Z:0063c26a-7f4b-4ed4-a641-da8418815949"
        ],
        "Date": [
          "Tue, 13 Jul 2021 00:24:34 GMT"
        ],
        "Content-Length": [
          "1699"
        ],
        "Content-Type": [
          "application/json; charset=utf-8"
        ],
        "Expires": [
          "-1"
        ]
      },
      "ResponseBody": "{\r\n  \"id\": \"/subscriptions/a200340d-6b82-494d-9dbf-687ba6e33f9e/resourceGroups/powershelltest/providers/Microsoft.ApiManagement/service/powershellsdkservice/apis/ps8106/schemas/ps3536\",\r\n  \"type\": \"Microsoft.ApiManagement/service/apis/schemas\",\r\n  \"name\": \"ps3536\",\r\n  \"properties\": {\r\n    \"contentType\": \"application/vnd.ms-azure-apim.swagger.definitions+json\",\r\n    \"document\": {\r\n      \"definitions\": {\r\n        \"pet\": {\r\n          \"required\": [\r\n            \"id\",\r\n            \"name\"\r\n          ],\r\n          \"externalDocs\": {\r\n            \"description\": \"findmoreinfohere\",\r\n            \"url\": \"https: //helloreverb.com/about\"\r\n          },\r\n          \"properties\": {\r\n            \"id\": {\r\n              \"type\": \"integer\",\r\n              \"format\": \"int64\"\r\n            },\r\n            \"name\": {\r\n              \"type\": \"string\"\r\n            },\r\n            \"tag\": {\r\n              \"type\": \"string\"\r\n            }\r\n          }\r\n        },\r\n        \"newPet\": {\r\n          \"allOf\": [\r\n            {\r\n              \"$ref\": \"pet\"\r\n            },\r\n            {\r\n              \"required\": [\r\n                \"name\"\r\n              ],\r\n              \"id\": {\r\n                \"properties\": {\r\n                  \"type\": \"integer\",\r\n                  \"format\": \"int64\"\r\n                }\r\n              }\r\n            }\r\n          ]\r\n        },\r\n        \"errorModel\": {\r\n          \"required\": [\r\n            \"code\",\r\n            \"message\"\r\n          ],\r\n          \"properties\": {\r\n            \"code\": {\r\n              \"type\": \"integer\",\r\n              \"format\": \"int32\"\r\n            },\r\n            \"message\": {\r\n              \"type\": \"string\"\r\n            }\r\n          }\r\n        }\r\n      }\r\n    }\r\n  }\r\n}",
      "StatusCode": 201
    },
    {
      "RequestUri": "/subscriptions/a200340d-6b82-494d-9dbf-687ba6e33f9e/resourceGroups/powershelltest/providers/Microsoft.ApiManagement/service/powershellsdkservice/apis/ps8106/schemas/ps3536?api-version=2020-12-01",
      "EncodedRequestUri": "L3N1YnNjcmlwdGlvbnMvYTIwMDM0MGQtNmI4Mi00OTRkLTlkYmYtNjg3YmE2ZTMzZjllL3Jlc291cmNlR3JvdXBzL3Bvd2Vyc2hlbGx0ZXN0L3Byb3ZpZGVycy9NaWNyb3NvZnQuQXBpTWFuYWdlbWVudC9zZXJ2aWNlL3Bvd2Vyc2hlbGxzZGtzZXJ2aWNlL2FwaXMvcHM4MTA2L3NjaGVtYXMvcHMzNTM2P2FwaS12ZXJzaW9uPTIwMjAtMTItMDE=",
      "RequestMethod": "GET",
      "RequestBody": "",
      "RequestHeaders": {
        "x-ms-client-request-id": [
          "d9afff42-4222-4d0f-a8c0-0e5b3a59f7c4"
        ],
        "Accept-Language": [
          "en-US"
        ],
        "User-Agent": [
          "FxVersion/4.6.30015.01",
          "OSName/Windows",
          "OSVersion/Microsoft.Windows.10.0.19043.",
          "Microsoft.Azure.Management.ApiManagement.ApiManagementClient/7.0.0.0"
        ]
      },
      "ResponseHeaders": {
        "Cache-Control": [
          "no-cache"
        ],
        "Pragma": [
          "no-cache"
        ],
        "ETag": [
          "\"AAAAAAABAjQ=\""
        ],
        "Strict-Transport-Security": [
          "max-age=31536000; includeSubDomains"
        ],
        "X-Content-Type-Options": [
          "nosniff"
        ],
        "x-ms-request-id": [
          "fa4daf56-4d4a-4a5f-aee7-5c144429b0cd"
        ],
        "Server": [
          "Microsoft-HTTPAPI/2.0"
        ],
        "x-ms-ratelimit-remaining-subscription-reads": [
          "11996"
        ],
        "x-ms-correlation-request-id": [
          "22805eb8-e59d-4d80-8157-a955d81ad045"
        ],
        "x-ms-routing-request-id": [
          "WESTUS:20210713T002435Z:22805eb8-e59d-4d80-8157-a955d81ad045"
        ],
        "Date": [
          "Tue, 13 Jul 2021 00:24:34 GMT"
        ],
        "Content-Length": [
          "1699"
        ],
        "Content-Type": [
          "application/json; charset=utf-8"
        ],
        "Expires": [
          "-1"
        ]
      },
      "ResponseBody": "{\r\n  \"id\": \"/subscriptions/a200340d-6b82-494d-9dbf-687ba6e33f9e/resourceGroups/powershelltest/providers/Microsoft.ApiManagement/service/powershellsdkservice/apis/ps8106/schemas/ps3536\",\r\n  \"type\": \"Microsoft.ApiManagement/service/apis/schemas\",\r\n  \"name\": \"ps3536\",\r\n  \"properties\": {\r\n    \"contentType\": \"application/vnd.ms-azure-apim.swagger.definitions+json\",\r\n    \"document\": {\r\n      \"definitions\": {\r\n        \"pet\": {\r\n          \"required\": [\r\n            \"id\",\r\n            \"name\"\r\n          ],\r\n          \"externalDocs\": {\r\n            \"description\": \"findmoreinfohere\",\r\n            \"url\": \"https: //helloreverb.com/about\"\r\n          },\r\n          \"properties\": {\r\n            \"id\": {\r\n              \"type\": \"integer\",\r\n              \"format\": \"int64\"\r\n            },\r\n            \"name\": {\r\n              \"type\": \"string\"\r\n            },\r\n            \"tag\": {\r\n              \"type\": \"string\"\r\n            }\r\n          }\r\n        },\r\n        \"newPet\": {\r\n          \"allOf\": [\r\n            {\r\n              \"$ref\": \"pet\"\r\n            },\r\n            {\r\n              \"required\": [\r\n                \"name\"\r\n              ],\r\n              \"id\": {\r\n                \"properties\": {\r\n                  \"type\": \"integer\",\r\n                  \"format\": \"int64\"\r\n                }\r\n              }\r\n            }\r\n          ]\r\n        },\r\n        \"errorModel\": {\r\n          \"required\": [\r\n            \"code\",\r\n            \"message\"\r\n          ],\r\n          \"properties\": {\r\n            \"code\": {\r\n              \"type\": \"integer\",\r\n              \"format\": \"int32\"\r\n            },\r\n            \"message\": {\r\n              \"type\": \"string\"\r\n            }\r\n          }\r\n        }\r\n      }\r\n    }\r\n  }\r\n}",
      "StatusCode": 200
    },
    {
      "RequestUri": "/subscriptions/a200340d-6b82-494d-9dbf-687ba6e33f9e/resourceGroups/powershelltest/providers/Microsoft.ApiManagement/service/powershellsdkservice/apis/ps8106/schemas/ps3536?api-version=2020-12-01&asyncId=60ecdd43a2ca601290f0cc06&asyncCode=200",
      "EncodedRequestUri": "L3N1YnNjcmlwdGlvbnMvYTIwMDM0MGQtNmI4Mi00OTRkLTlkYmYtNjg3YmE2ZTMzZjllL3Jlc291cmNlR3JvdXBzL3Bvd2Vyc2hlbGx0ZXN0L3Byb3ZpZGVycy9NaWNyb3NvZnQuQXBpTWFuYWdlbWVudC9zZXJ2aWNlL3Bvd2Vyc2hlbGxzZGtzZXJ2aWNlL2FwaXMvcHM4MTA2L3NjaGVtYXMvcHMzNTM2P2FwaS12ZXJzaW9uPTIwMjAtMTItMDEmYXN5bmNJZD02MGVjZGQ0M2EyY2E2MDEyOTBmMGNjMDYmYXN5bmNDb2RlPTIwMA==",
      "RequestMethod": "GET",
      "RequestBody": "",
      "RequestHeaders": {
        "x-ms-client-request-id": [
          "cffe3b42-d8f7-4d36-bb11-2ea8b2c13cac"
        ],
        "User-Agent": [
          "FxVersion/4.6.30015.01",
          "OSName/Windows",
          "OSVersion/Microsoft.Windows.10.0.19043.",
          "Microsoft.Azure.Management.ApiManagement.ApiManagementClient/7.0.0.0"
        ]
      },
      "ResponseHeaders": {
        "Cache-Control": [
          "no-cache"
        ],
        "Pragma": [
          "no-cache"
        ],
        "ETag": [
          "\"AAAAAAABAjg=\""
        ],
        "Strict-Transport-Security": [
          "max-age=31536000; includeSubDomains"
        ],
        "X-Content-Type-Options": [
          "nosniff"
        ],
        "x-ms-request-id": [
          "d6e8ffca-ffde-4e4d-9f78-0918e3ed7585"
        ],
        "Server": [
          "Microsoft-HTTPAPI/2.0"
        ],
        "x-ms-ratelimit-remaining-subscription-reads": [
          "11994"
        ],
        "x-ms-correlation-request-id": [
          "137f1844-f074-4264-8343-11288f40e806"
        ],
        "x-ms-routing-request-id": [
          "WESTUS:20210713T002506Z:137f1844-f074-4264-8343-11288f40e806"
        ],
        "Date": [
          "Tue, 13 Jul 2021 00:25:06 GMT"
        ],
        "Content-Length": [
          "1525"
        ],
        "Content-Type": [
          "application/json; charset=utf-8"
        ],
        "Expires": [
          "-1"
        ]
      },
      "ResponseBody": "{\r\n  \"id\": \"/subscriptions/a200340d-6b82-494d-9dbf-687ba6e33f9e/resourceGroups/powershelltest/providers/Microsoft.ApiManagement/service/powershellsdkservice/apis/ps8106/schemas/ps3536\",\r\n  \"type\": \"Microsoft.ApiManagement/service/apis/schemas\",\r\n  \"name\": \"ps3536\",\r\n  \"properties\": {\r\n    \"contentType\": \"application/json\",\r\n    \"document\": {\r\n      \"value\": \"{\\r\\n  \\\"pet\\\": {\\r\\n    \\\"required\\\": [\\r\\n      \\\"id\\\",\\r\\n      \\\"name\\\"\\r\\n    ],\\r\\n    \\\"externalDocs\\\": {\\r\\n      \\\"description\\\": \\\"findmoreinfohere\\\",\\r\\n      \\\"url\\\": \\\"https: //helloreverb.com/about\\\"\\r\\n    },\\r\\n    \\\"properties\\\": {\\r\\n      \\\"id\\\": {\\r\\n        \\\"type\\\": \\\"integer\\\",\\r\\n        \\\"format\\\": \\\"int64\\\"\\r\\n      },\\r\\n      \\\"name\\\": {\\r\\n        \\\"type\\\": \\\"string\\\"\\r\\n      },\\r\\n      \\\"tag\\\": {\\r\\n        \\\"type\\\": \\\"string\\\"\\r\\n      }\\r\\n    }\\r\\n  },\\r\\n  \\\"newPet\\\": {\\r\\n    \\\"allOf\\\": [\\r\\n      {\\r\\n        \\\"$ref\\\": \\\"pet\\\"\\r\\n      },\\r\\n      {\\r\\n        \\\"required\\\": [\\r\\n          \\\"name\\\"\\r\\n        ],\\r\\n        \\\"id\\\": {\\r\\n          \\\"properties\\\": {\\r\\n            \\\"type\\\": \\\"integer\\\",\\r\\n            \\\"format\\\": \\\"int64\\\"\\r\\n          }\\r\\n        }\\r\\n      }\\r\\n    ]\\r\\n  },\\r\\n  \\\"errorModel\\\": {\\r\\n    \\\"required\\\": [\\r\\n      \\\"code\\\",\\r\\n      \\\"message\\\"\\r\\n    ],\\r\\n    \\\"properties\\\": {\\r\\n      \\\"code\\\": {\\r\\n        \\\"type\\\": \\\"integer\\\",\\r\\n        \\\"format\\\": \\\"int32\\\"\\r\\n      },\\r\\n      \\\"message\\\": {\\r\\n        \\\"type\\\": \\\"string\\\"\\r\\n      }\\r\\n    }\\r\\n  }\\r\\n}\"\r\n    }\r\n  }\r\n}",
      "StatusCode": 200
    },
    {
      "RequestUri": "/subscriptions/a200340d-6b82-494d-9dbf-687ba6e33f9e/resourceGroups/powershelltest/providers/Microsoft.ApiManagement/service/powershellsdkservice/apis/ps8106/schemas/ps3536?api-version=2020-12-01",
      "EncodedRequestUri": "L3N1YnNjcmlwdGlvbnMvYTIwMDM0MGQtNmI4Mi00OTRkLTlkYmYtNjg3YmE2ZTMzZjllL3Jlc291cmNlR3JvdXBzL3Bvd2Vyc2hlbGx0ZXN0L3Byb3ZpZGVycy9NaWNyb3NvZnQuQXBpTWFuYWdlbWVudC9zZXJ2aWNlL3Bvd2Vyc2hlbGxzZGtzZXJ2aWNlL2FwaXMvcHM4MTA2L3NjaGVtYXMvcHMzNTM2P2FwaS12ZXJzaW9uPTIwMjAtMTItMDE=",
      "RequestMethod": "DELETE",
      "RequestBody": "",
      "RequestHeaders": {
        "x-ms-client-request-id": [
          "a602e973-2809-4c87-a660-a05a177090d7"
        ],
        "If-Match": [
          "*"
        ],
        "Accept-Language": [
          "en-US"
        ],
        "User-Agent": [
          "FxVersion/4.6.30015.01",
          "OSName/Windows",
          "OSVersion/Microsoft.Windows.10.0.19043.",
          "Microsoft.Azure.Management.ApiManagement.ApiManagementClient/7.0.0.0"
        ]
      },
      "ResponseHeaders": {
        "Cache-Control": [
          "no-cache"
        ],
        "Pragma": [
          "no-cache"
        ],
        "Strict-Transport-Security": [
          "max-age=31536000; includeSubDomains"
        ],
        "X-Content-Type-Options": [
          "nosniff"
        ],
        "x-ms-request-id": [
          "b0f39765-4df7-4f96-87fe-01b70a8efa3d"
        ],
        "Server": [
          "Microsoft-HTTPAPI/2.0"
        ],
        "x-ms-ratelimit-remaining-subscription-deletes": [
          "14999"
        ],
        "x-ms-correlation-request-id": [
          "f763c387-9f6e-430a-9692-1bbd61ee6e51"
        ],
        "x-ms-routing-request-id": [
          "WESTUS:20210713T002507Z:f763c387-9f6e-430a-9692-1bbd61ee6e51"
        ],
        "Date": [
          "Tue, 13 Jul 2021 00:25:06 GMT"
        ],
        "Expires": [
          "-1"
        ],
        "Content-Length": [
          "0"
        ]
      },
      "ResponseBody": "",
      "StatusCode": 200
    },
    {
      "RequestUri": "/subscriptions/a200340d-6b82-494d-9dbf-687ba6e33f9e/resourceGroups/powershelltest/providers/Microsoft.ApiManagement/service/powershellsdkservice/apis/ps8106/schemas/ps3536?api-version=2020-12-01",
      "EncodedRequestUri": "L3N1YnNjcmlwdGlvbnMvYTIwMDM0MGQtNmI4Mi00OTRkLTlkYmYtNjg3YmE2ZTMzZjllL3Jlc291cmNlR3JvdXBzL3Bvd2Vyc2hlbGx0ZXN0L3Byb3ZpZGVycy9NaWNyb3NvZnQuQXBpTWFuYWdlbWVudC9zZXJ2aWNlL3Bvd2Vyc2hlbGxzZGtzZXJ2aWNlL2FwaXMvcHM4MTA2L3NjaGVtYXMvcHMzNTM2P2FwaS12ZXJzaW9uPTIwMjAtMTItMDE=",
      "RequestMethod": "DELETE",
      "RequestBody": "",
      "RequestHeaders": {
        "x-ms-client-request-id": [
          "e0ffb94c-0d23-4368-a5cb-b53ffdd3968b"
        ],
        "If-Match": [
          "*"
        ],
        "Accept-Language": [
          "en-US"
        ],
        "User-Agent": [
          "FxVersion/4.6.30015.01",
          "OSName/Windows",
          "OSVersion/Microsoft.Windows.10.0.19043.",
          "Microsoft.Azure.Management.ApiManagement.ApiManagementClient/7.0.0.0"
        ]
      },
      "ResponseHeaders": {
        "Cache-Control": [
          "no-cache"
        ],
        "Pragma": [
          "no-cache"
        ],
        "Strict-Transport-Security": [
          "max-age=31536000; includeSubDomains"
        ],
        "X-Content-Type-Options": [
          "nosniff"
        ],
        "x-ms-request-id": [
          "20ec15f1-ebdd-4855-9289-531dadf7a7f6"
        ],
        "Server": [
          "Microsoft-HTTPAPI/2.0"
        ],
        "x-ms-ratelimit-remaining-subscription-deletes": [
          "14998"
        ],
        "x-ms-correlation-request-id": [
          "0f9b91ef-1951-4176-a8da-a0b87901f81c"
        ],
        "x-ms-routing-request-id": [
          "WESTUS:20210713T002507Z:0f9b91ef-1951-4176-a8da-a0b87901f81c"
        ],
        "Date": [
          "Tue, 13 Jul 2021 00:25:07 GMT"
        ],
        "Expires": [
          "-1"
        ]
      },
      "ResponseBody": "",
      "StatusCode": 204
    },
    {
      "RequestUri": "/subscriptions/a200340d-6b82-494d-9dbf-687ba6e33f9e/resourceGroups/powershelltest/providers/Microsoft.ApiManagement/service/powershellsdkservice/apis/ps8106?deleteRevisions=true&api-version=2020-12-01",
      "EncodedRequestUri": "L3N1YnNjcmlwdGlvbnMvYTIwMDM0MGQtNmI4Mi00OTRkLTlkYmYtNjg3YmE2ZTMzZjllL3Jlc291cmNlR3JvdXBzL3Bvd2Vyc2hlbGx0ZXN0L3Byb3ZpZGVycy9NaWNyb3NvZnQuQXBpTWFuYWdlbWVudC9zZXJ2aWNlL3Bvd2Vyc2hlbGxzZGtzZXJ2aWNlL2FwaXMvcHM4MTA2P2RlbGV0ZVJldmlzaW9ucz10cnVlJmFwaS12ZXJzaW9uPTIwMjAtMTItMDE=",
      "RequestMethod": "DELETE",
      "RequestBody": "",
      "RequestHeaders": {
        "x-ms-client-request-id": [
          "50452192-a38a-4803-9a17-cedb5d9e551f"
        ],
        "If-Match": [
          "*"
        ],
        "Accept-Language": [
          "en-US"
        ],
        "User-Agent": [
          "FxVersion/4.6.30015.01",
          "OSName/Windows",
          "OSVersion/Microsoft.Windows.10.0.19043.",
          "Microsoft.Azure.Management.ApiManagement.ApiManagementClient/7.0.0.0"
        ]
      },
      "ResponseHeaders": {
        "Cache-Control": [
          "no-cache"
        ],
        "Pragma": [
          "no-cache"
        ],
        "Strict-Transport-Security": [
          "max-age=31536000; includeSubDomains"
        ],
        "X-Content-Type-Options": [
          "nosniff"
        ],
        "x-ms-request-id": [
          "765eed66-9156-4142-86b0-21ca29898431"
        ],
        "Server": [
          "Microsoft-HTTPAPI/2.0"
        ],
        "x-ms-ratelimit-remaining-subscription-deletes": [
          "14997"
        ],
        "x-ms-correlation-request-id": [
          "4419bfdc-2d26-41ea-8dab-65617f09085a"
        ],
        "x-ms-routing-request-id": [
          "WESTUS:20210713T002507Z:4419bfdc-2d26-41ea-8dab-65617f09085a"
        ],
        "Date": [
          "Tue, 13 Jul 2021 00:25:07 GMT"
        ],
        "Expires": [
          "-1"
        ],
        "Content-Length": [
          "0"
        ]
      },
      "ResponseBody": "",
      "StatusCode": 200
    }
  ],
  "Names": {
    "": [
      "ps8106",
      "ps3536",
      "ps6703",
      "ps4102",
      "ps8180",
      "ps9383",
      "ps9012"
    ]
  },
  "Variables": {
    "SubscriptionId": "a200340d-6b82-494d-9dbf-687ba6e33f9e"
  }
}