{
  "Entries": [
    {
      "RequestUri": "/subscriptions/a200340d-6b82-494d-9dbf-687ba6e33f9e/resourceGroups/powershelltest/providers/Microsoft.ApiManagement/service/powershellsdkservice/authorizationServers?api-version=2019-01-01",
      "EncodedRequestUri": "L3N1YnNjcmlwdGlvbnMvYTIwMDM0MGQtNmI4Mi00OTRkLTlkYmYtNjg3YmE2ZTMzZjllL3Jlc291cmNlR3JvdXBzL3Bvd2Vyc2hlbGx0ZXN0L3Byb3ZpZGVycy9NaWNyb3NvZnQuQXBpTWFuYWdlbWVudC9zZXJ2aWNlL3Bvd2Vyc2hlbGxzZGtzZXJ2aWNlL2F1dGhvcml6YXRpb25TZXJ2ZXJzP2FwaS12ZXJzaW9uPTIwMTktMDEtMDE=",
      "RequestMethod": "GET",
      "RequestBody": "",
      "RequestHeaders": {
        "x-ms-client-request-id": [
          "15f7073b-d0f9-4a3e-8cab-e6ad0a589cf7"
        ],
        "Accept-Language": [
          "en-US"
        ],
        "User-Agent": [
          "FxVersion/4.6.27817.01",
          "OSName/Windows",
          "OSVersion/Microsoft.Windows.10.0.18362.",
          "Microsoft.Azure.Management.ApiManagement.ApiManagementClient/4.11.0.0"
        ]
      },
      "ResponseHeaders": {
        "Cache-Control": [
          "no-cache"
        ],
        "Pragma": [
          "no-cache"
        ],
        "Strict-Transport-Security": [
          "max-age=31536000; includeSubDomains"
        ],
        "x-ms-request-id": [
          "41ea0ec8-a4f9-48b3-9aad-031887eed004"
        ],
        "Server": [
          "Microsoft-HTTPAPI/2.0"
        ],
        "x-ms-ratelimit-remaining-subscription-reads": [
          "11998"
        ],
        "x-ms-correlation-request-id": [
          "9de063e1-57fd-40a0-8b9b-b9b76bb5f6ae"
        ],
        "x-ms-routing-request-id": [
          "WESTUS:20190930T215634Z:9de063e1-57fd-40a0-8b9b-b9b76bb5f6ae"
        ],
        "X-Content-Type-Options": [
          "nosniff"
        ],
        "Date": [
          "Mon, 30 Sep 2019 21:56:33 GMT"
        ],
        "Content-Length": [
          "34"
        ],
        "Content-Type": [
          "application/json; charset=utf-8"
        ],
        "Expires": [
          "-1"
        ]
      },
      "ResponseBody": "{\r\n  \"value\": [],\r\n  \"count\": 0\r\n}",
      "StatusCode": 200
    },
    {
      "RequestUri": "/subscriptions/a200340d-6b82-494d-9dbf-687ba6e33f9e/resourceGroups/powershelltest/providers/Microsoft.ApiManagement/service/powershellsdkservice/authorizationServers/ps4400?api-version=2019-01-01",
      "EncodedRequestUri": "L3N1YnNjcmlwdGlvbnMvYTIwMDM0MGQtNmI4Mi00OTRkLTlkYmYtNjg3YmE2ZTMzZjllL3Jlc291cmNlR3JvdXBzL3Bvd2Vyc2hlbGx0ZXN0L3Byb3ZpZGVycy9NaWNyb3NvZnQuQXBpTWFuYWdlbWVudC9zZXJ2aWNlL3Bvd2Vyc2hlbGxzZGtzZXJ2aWNlL2F1dGhvcml6YXRpb25TZXJ2ZXJzL3BzNDQwMD9hcGktdmVyc2lvbj0yMDE5LTAxLTAx",
      "RequestMethod": "PUT",
      "RequestBody": "{\r\n  \"properties\": {\r\n    \"description\": \"ps6408\",\r\n    \"authorizationMethods\": [\r\n      \"POST\",\r\n      \"GET\"\r\n    ],\r\n    \"clientAuthenticationMethod\": [\r\n      \"Basic\"\r\n    ],\r\n    \"tokenBodyParameters\": [\r\n      {\r\n        \"name\": \"tokenname\",\r\n        \"value\": \"tokenvalue\"\r\n      }\r\n    ],\r\n    \"tokenEndpoint\": \"https://contoso.com/token\",\r\n    \"supportState\": true,\r\n    \"defaultScope\": \"ps7279\",\r\n    \"bearerTokenSendingMethods\": [\r\n      \"AuthorizationHeader\",\r\n      \"Query\"\r\n    ],\r\n    \"clientSecret\": \"ps8963\",\r\n    \"resourceOwnerUsername\": \"ps7125\",\r\n    \"resourceOwnerPassword\": \"ps2894\",\r\n    \"displayName\": \"ps8808\",\r\n    \"clientRegistrationEndpoint\": \"https://contoso.com/clients/reg\",\r\n    \"authorizationEndpoint\": \"https://contoso.com/auth\",\r\n    \"grantTypes\": [\r\n      \"AuthorizationCode\",\r\n      \"Implicit\",\r\n      \"ResourceOwnerPassword\"\r\n    ],\r\n    \"clientId\": \"ps4788\"\r\n  }\r\n}",
      "RequestHeaders": {
        "x-ms-client-request-id": [
          "b64c0329-db4f-45b6-8f23-a11a56b7ed55"
        ],
        "Accept-Language": [
          "en-US"
        ],
        "User-Agent": [
          "FxVersion/4.6.27817.01",
          "OSName/Windows",
          "OSVersion/Microsoft.Windows.10.0.18362.",
          "Microsoft.Azure.Management.ApiManagement.ApiManagementClient/4.11.0.0"
        ],
        "Content-Type": [
          "application/json; charset=utf-8"
        ],
        "Content-Length": [
          "902"
        ]
      },
      "ResponseHeaders": {
        "Cache-Control": [
          "no-cache"
        ],
        "Pragma": [
          "no-cache"
        ],
        "ETag": [
          "\"AAAAAAAAJhc=\""
        ],
        "Strict-Transport-Security": [
          "max-age=31536000; includeSubDomains"
        ],
        "x-ms-request-id": [
          "b0a74e3f-23a1-4185-a5d8-16c1a38001c2"
        ],
        "Server": [
          "Microsoft-HTTPAPI/2.0"
        ],
        "x-ms-ratelimit-remaining-subscription-writes": [
          "1199"
        ],
        "x-ms-correlation-request-id": [
          "5ff6d147-8537-426b-aaf5-7a365a5ad55a"
        ],
        "x-ms-routing-request-id": [
          "WESTUS:20190930T215635Z:5ff6d147-8537-426b-aaf5-7a365a5ad55a"
        ],
        "X-Content-Type-Options": [
          "nosniff"
        ],
        "Date": [
          "Mon, 30 Sep 2019 21:56:35 GMT"
        ],
        "Content-Length": [
          "1175"
        ],
        "Content-Type": [
          "application/json; charset=utf-8"
        ],
        "Expires": [
          "-1"
        ]
      },
      "ResponseBody": "{\r\n  \"id\": \"/subscriptions/a200340d-6b82-494d-9dbf-687ba6e33f9e/resourceGroups/powershelltest/providers/Microsoft.ApiManagement/service/powershellsdkservice/authorizationServers/ps4400\",\r\n  \"type\": \"Microsoft.ApiManagement/service/authorizationServers\",\r\n  \"name\": \"ps4400\",\r\n  \"properties\": {\r\n    \"displayName\": \"ps8808\",\r\n    \"description\": \"ps6408\",\r\n    \"clientRegistrationEndpoint\": \"https://contoso.com/clients/reg\",\r\n    \"authorizationEndpoint\": \"https://contoso.com/auth\",\r\n    \"authorizationMethods\": [\r\n      \"POST\",\r\n      \"GET\"\r\n    ],\r\n    \"clientAuthenticationMethod\": [\r\n      \"Basic\"\r\n    ],\r\n    \"tokenBodyParameters\": [\r\n      {\r\n        \"name\": \"tokenname\",\r\n        \"value\": \"tokenvalue\"\r\n      }\r\n    ],\r\n    \"tokenEndpoint\": \"https://contoso.com/token\",\r\n    \"supportState\": true,\r\n    \"defaultScope\": \"ps7279\",\r\n    \"grantTypes\": [\r\n      \"authorizationCode\",\r\n      \"implicit\",\r\n      \"resourceOwnerPassword\"\r\n    ],\r\n    \"bearerTokenSendingMethods\": [\r\n      \"authorizationHeader\",\r\n      \"query\"\r\n    ],\r\n    \"clientId\": \"ps4788\",\r\n    \"clientSecret\": \"ps8963\",\r\n    \"resourceOwnerUsername\": \"ps7125\",\r\n    \"resourceOwnerPassword\": \"ps2894\"\r\n  }\r\n}",
      "StatusCode": 201
    },
    {
      "RequestUri": "/subscriptions/a200340d-6b82-494d-9dbf-687ba6e33f9e/resourceGroups/powershelltest/providers/Microsoft.ApiManagement/service/powershellsdkservice/authorizationServers/ps4400?api-version=2019-01-01",
      "EncodedRequestUri": "L3N1YnNjcmlwdGlvbnMvYTIwMDM0MGQtNmI4Mi00OTRkLTlkYmYtNjg3YmE2ZTMzZjllL3Jlc291cmNlR3JvdXBzL3Bvd2Vyc2hlbGx0ZXN0L3Byb3ZpZGVycy9NaWNyb3NvZnQuQXBpTWFuYWdlbWVudC9zZXJ2aWNlL3Bvd2Vyc2hlbGxzZGtzZXJ2aWNlL2F1dGhvcml6YXRpb25TZXJ2ZXJzL3BzNDQwMD9hcGktdmVyc2lvbj0yMDE5LTAxLTAx",
      "RequestMethod": "GET",
      "RequestBody": "",
      "RequestHeaders": {
        "x-ms-client-request-id": [
          "07b572dd-5f8a-4183-89f4-5bf2f33ff2fe"
        ],
        "Accept-Language": [
          "en-US"
        ],
        "User-Agent": [
          "FxVersion/4.6.27817.01",
          "OSName/Windows",
          "OSVersion/Microsoft.Windows.10.0.18362.",
          "Microsoft.Azure.Management.ApiManagement.ApiManagementClient/4.11.0.0"
        ]
      },
      "ResponseHeaders": {
        "Cache-Control": [
          "no-cache"
        ],
        "Pragma": [
          "no-cache"
        ],
        "ETag": [
          "\"AAAAAAAAJhc=\""
        ],
        "Strict-Transport-Security": [
          "max-age=31536000; includeSubDomains"
        ],
        "x-ms-request-id": [
          "2bd85d8e-2aad-48f8-b474-84e273c196aa"
        ],
        "Server": [
          "Microsoft-HTTPAPI/2.0"
        ],
        "x-ms-ratelimit-remaining-subscription-reads": [
          "11997"
        ],
        "x-ms-correlation-request-id": [
          "4b144d69-74c1-4e8b-8034-d3a31b93eea7"
        ],
        "x-ms-routing-request-id": [
          "WESTUS:20190930T215635Z:4b144d69-74c1-4e8b-8034-d3a31b93eea7"
        ],
        "X-Content-Type-Options": [
          "nosniff"
        ],
        "Date": [
          "Mon, 30 Sep 2019 21:56:35 GMT"
        ],
        "Content-Length": [
          "1175"
        ],
        "Content-Type": [
          "application/json; charset=utf-8"
        ],
        "Expires": [
          "-1"
        ]
      },
      "ResponseBody": "{\r\n  \"id\": \"/subscriptions/a200340d-6b82-494d-9dbf-687ba6e33f9e/resourceGroups/powershelltest/providers/Microsoft.ApiManagement/service/powershellsdkservice/authorizationServers/ps4400\",\r\n  \"type\": \"Microsoft.ApiManagement/service/authorizationServers\",\r\n  \"name\": \"ps4400\",\r\n  \"properties\": {\r\n    \"displayName\": \"ps8808\",\r\n    \"description\": \"ps6408\",\r\n    \"clientRegistrationEndpoint\": \"https://contoso.com/clients/reg\",\r\n    \"authorizationEndpoint\": \"https://contoso.com/auth\",\r\n    \"authorizationMethods\": [\r\n      \"POST\",\r\n      \"GET\"\r\n    ],\r\n    \"clientAuthenticationMethod\": [\r\n      \"Basic\"\r\n    ],\r\n    \"tokenBodyParameters\": [\r\n      {\r\n        \"name\": \"tokenname\",\r\n        \"value\": \"tokenvalue\"\r\n      }\r\n    ],\r\n    \"tokenEndpoint\": \"https://contoso.com/token\",\r\n    \"supportState\": true,\r\n    \"defaultScope\": \"ps7279\",\r\n    \"grantTypes\": [\r\n      \"authorizationCode\",\r\n      \"implicit\",\r\n      \"resourceOwnerPassword\"\r\n    ],\r\n    \"bearerTokenSendingMethods\": [\r\n      \"authorizationHeader\",\r\n      \"query\"\r\n    ],\r\n    \"clientId\": \"ps4788\",\r\n    \"clientSecret\": \"ps8963\",\r\n    \"resourceOwnerUsername\": \"ps7125\",\r\n    \"resourceOwnerPassword\": \"ps2894\"\r\n  }\r\n}",
      "StatusCode": 200
    },
    {
      "RequestUri": "/subscriptions/a200340d-6b82-494d-9dbf-687ba6e33f9e/resourceGroups/powershelltest/providers/Microsoft.ApiManagement/service/powershellsdkservice/authorizationServers/ps4400?api-version=2019-01-01",
      "EncodedRequestUri": "L3N1YnNjcmlwdGlvbnMvYTIwMDM0MGQtNmI4Mi00OTRkLTlkYmYtNjg3YmE2ZTMzZjllL3Jlc291cmNlR3JvdXBzL3Bvd2Vyc2hlbGx0ZXN0L3Byb3ZpZGVycy9NaWNyb3NvZnQuQXBpTWFuYWdlbWVudC9zZXJ2aWNlL3Bvd2Vyc2hlbGxzZGtzZXJ2aWNlL2F1dGhvcml6YXRpb25TZXJ2ZXJzL3BzNDQwMD9hcGktdmVyc2lvbj0yMDE5LTAxLTAx",
      "RequestMethod": "GET",
      "RequestBody": "",
      "RequestHeaders": {
        "x-ms-client-request-id": [
          "45da63d9-f112-4209-8bc0-ec783c17abff"
        ],
        "Accept-Language": [
          "en-US"
        ],
        "User-Agent": [
          "FxVersion/4.6.27817.01",
          "OSName/Windows",
          "OSVersion/Microsoft.Windows.10.0.18362.",
          "Microsoft.Azure.Management.ApiManagement.ApiManagementClient/4.11.0.0"
        ]
      },
      "ResponseHeaders": {
        "Cache-Control": [
          "no-cache"
        ],
        "Pragma": [
          "no-cache"
        ],
        "ETag": [
          "\"AAAAAAAAJhg=\""
        ],
        "Strict-Transport-Security": [
          "max-age=31536000; includeSubDomains"
        ],
        "x-ms-request-id": [
          "c461b58d-e121-4aed-9f94-dda75d259432"
        ],
        "Server": [
          "Microsoft-HTTPAPI/2.0"
        ],
        "x-ms-ratelimit-remaining-subscription-reads": [
          "11996"
        ],
        "x-ms-correlation-request-id": [
          "5fffb816-8436-421e-b417-eec92a104a16"
        ],
        "x-ms-routing-request-id": [
          "WESTUS:20190930T215636Z:5fffb816-8436-421e-b417-eec92a104a16"
        ],
        "X-Content-Type-Options": [
          "nosniff"
        ],
        "Date": [
          "Mon, 30 Sep 2019 21:56:35 GMT"
        ],
        "Content-Length": [
          "1147"
        ],
        "Content-Type": [
          "application/json; charset=utf-8"
        ],
        "Expires": [
          "-1"
        ]
      },
      "ResponseBody": "{\r\n  \"id\": \"/subscriptions/a200340d-6b82-494d-9dbf-687ba6e33f9e/resourceGroups/powershelltest/providers/Microsoft.ApiManagement/service/powershellsdkservice/authorizationServers/ps4400\",\r\n  \"type\": \"Microsoft.ApiManagement/service/authorizationServers\",\r\n  \"name\": \"ps4400\",\r\n  \"properties\": {\r\n    \"displayName\": \"ps4511\",\r\n    \"description\": \"ps1275\",\r\n    \"clientRegistrationEndpoint\": \"https://contoso.com/clients/regv2\",\r\n    \"authorizationEndpoint\": \"https://contoso.com/authv2\",\r\n    \"authorizationMethods\": [\r\n      \"GET\"\r\n    ],\r\n    \"clientAuthenticationMethod\": [\r\n      \"Basic\"\r\n    ],\r\n    \"tokenBodyParameters\": [\r\n      {\r\n        \"name\": \"tokenname1\",\r\n        \"value\": \"tokenvalue1\"\r\n      }\r\n    ],\r\n    \"tokenEndpoint\": \"https://contoso.com/tokenv2\",\r\n    \"supportState\": false,\r\n    \"defaultScope\": \"ps3897\",\r\n    \"grantTypes\": [\r\n      \"authorizationCode\",\r\n      \"implicit\",\r\n      \"clientCredentials\"\r\n    ],\r\n    \"bearerTokenSendingMethods\": [\r\n      \"authorizationHeader\"\r\n    ],\r\n    \"clientId\": \"ps91\",\r\n    \"clientSecret\": \"ps3891\",\r\n    \"resourceOwnerUsername\": \"ps7125\",\r\n    \"resourceOwnerPassword\": \"ps2894\"\r\n  }\r\n}",
      "StatusCode": 200
    },
    {
      "RequestUri": "/subscriptions/a200340d-6b82-494d-9dbf-687ba6e33f9e/resourceGroups/powershelltest/providers/Microsoft.ApiManagement/service/powershellsdkservice/authorizationServers/ps4400?api-version=2019-01-01",
      "EncodedRequestUri": "L3N1YnNjcmlwdGlvbnMvYTIwMDM0MGQtNmI4Mi00OTRkLTlkYmYtNjg3YmE2ZTMzZjllL3Jlc291cmNlR3JvdXBzL3Bvd2Vyc2hlbGx0ZXN0L3Byb3ZpZGVycy9NaWNyb3NvZnQuQXBpTWFuYWdlbWVudC9zZXJ2aWNlL3Bvd2Vyc2hlbGxzZGtzZXJ2aWNlL2F1dGhvcml6YXRpb25TZXJ2ZXJzL3BzNDQwMD9hcGktdmVyc2lvbj0yMDE5LTAxLTAx",
      "RequestMethod": "GET",
      "RequestBody": "",
      "RequestHeaders": {
        "x-ms-client-request-id": [
          "10da9381-940b-42db-9a2d-2abae6386388"
        ],
        "Accept-Language": [
          "en-US"
        ],
        "User-Agent": [
          "FxVersion/4.6.27817.01",
          "OSName/Windows",
          "OSVersion/Microsoft.Windows.10.0.18362.",
          "Microsoft.Azure.Management.ApiManagement.ApiManagementClient/4.11.0.0"
        ]
      },
      "ResponseHeaders": {
        "Cache-Control": [
          "no-cache"
        ],
        "Pragma": [
          "no-cache"
        ],
        "ETag": [
          "\"AAAAAAAAJhg=\""
        ],
        "Strict-Transport-Security": [
          "max-age=31536000; includeSubDomains"
        ],
        "x-ms-request-id": [
          "f5872cdb-2f0c-423e-b416-4ebeeecbc06d"
        ],
        "Server": [
          "Microsoft-HTTPAPI/2.0"
        ],
        "x-ms-ratelimit-remaining-subscription-reads": [
          "11995"
        ],
        "x-ms-correlation-request-id": [
          "8033f8c6-5e93-4557-967f-b9e6267f1e57"
        ],
        "x-ms-routing-request-id": [
          "WESTUS:20190930T215636Z:8033f8c6-5e93-4557-967f-b9e6267f1e57"
        ],
        "X-Content-Type-Options": [
          "nosniff"
        ],
        "Date": [
          "Mon, 30 Sep 2019 21:56:36 GMT"
        ],
        "Content-Length": [
          "1147"
        ],
        "Content-Type": [
          "application/json; charset=utf-8"
        ],
        "Expires": [
          "-1"
        ]
      },
      "ResponseBody": "{\r\n  \"id\": \"/subscriptions/a200340d-6b82-494d-9dbf-687ba6e33f9e/resourceGroups/powershelltest/providers/Microsoft.ApiManagement/service/powershellsdkservice/authorizationServers/ps4400\",\r\n  \"type\": \"Microsoft.ApiManagement/service/authorizationServers\",\r\n  \"name\": \"ps4400\",\r\n  \"properties\": {\r\n    \"displayName\": \"ps4511\",\r\n    \"description\": \"ps1275\",\r\n    \"clientRegistrationEndpoint\": \"https://contoso.com/clients/regv2\",\r\n    \"authorizationEndpoint\": \"https://contoso.com/authv2\",\r\n    \"authorizationMethods\": [\r\n      \"GET\"\r\n    ],\r\n    \"clientAuthenticationMethod\": [\r\n      \"Basic\"\r\n    ],\r\n    \"tokenBodyParameters\": [\r\n      {\r\n        \"name\": \"tokenname1\",\r\n        \"value\": \"tokenvalue1\"\r\n      }\r\n    ],\r\n    \"tokenEndpoint\": \"https://contoso.com/tokenv2\",\r\n    \"supportState\": false,\r\n    \"defaultScope\": \"ps3897\",\r\n    \"grantTypes\": [\r\n      \"authorizationCode\",\r\n      \"implicit\",\r\n      \"clientCredentials\"\r\n    ],\r\n    \"bearerTokenSendingMethods\": [\r\n      \"authorizationHeader\"\r\n    ],\r\n    \"clientId\": \"ps91\",\r\n    \"clientSecret\": \"ps3891\",\r\n    \"resourceOwnerUsername\": \"ps7125\",\r\n    \"resourceOwnerPassword\": \"ps2894\"\r\n  }\r\n}",
      "StatusCode": 200
    },
    {
      "RequestUri": "/subscriptions/a200340d-6b82-494d-9dbf-687ba6e33f9e/resourceGroups/powershelltest/providers/Microsoft.ApiManagement/service/powershellsdkservice/authorizationServers/ps4400?api-version=2019-01-01",
      "EncodedRequestUri": "L3N1YnNjcmlwdGlvbnMvYTIwMDM0MGQtNmI4Mi00OTRkLTlkYmYtNjg3YmE2ZTMzZjllL3Jlc291cmNlR3JvdXBzL3Bvd2Vyc2hlbGx0ZXN0L3Byb3ZpZGVycy9NaWNyb3NvZnQuQXBpTWFuYWdlbWVudC9zZXJ2aWNlL3Bvd2Vyc2hlbGxzZGtzZXJ2aWNlL2F1dGhvcml6YXRpb25TZXJ2ZXJzL3BzNDQwMD9hcGktdmVyc2lvbj0yMDE5LTAxLTAx",
      "RequestMethod": "GET",
      "RequestBody": "",
      "RequestHeaders": {
        "x-ms-client-request-id": [
          "96c29df3-e3cd-4b7b-91f8-64c751e79e91"
        ],
        "Accept-Language": [
          "en-US"
        ],
        "User-Agent": [
          "FxVersion/4.6.27817.01",
          "OSName/Windows",
          "OSVersion/Microsoft.Windows.10.0.18362.",
          "Microsoft.Azure.Management.ApiManagement.ApiManagementClient/4.11.0.0"
        ]
      },
      "ResponseHeaders": {
        "Cache-Control": [
          "no-cache"
        ],
        "Pragma": [
          "no-cache"
        ],
        "Strict-Transport-Security": [
          "max-age=31536000; includeSubDomains"
        ],
        "x-ms-request-id": [
          "95bc600a-0e0a-4691-9337-b636f6ede63c"
        ],
        "Server": [
          "Microsoft-HTTPAPI/2.0"
        ],
        "x-ms-ratelimit-remaining-subscription-reads": [
          "11994"
        ],
        "x-ms-correlation-request-id": [
          "78f722f3-d331-43c6-b54a-45358311e1b9"
        ],
        "x-ms-routing-request-id": [
          "WESTUS:20190930T215637Z:78f722f3-d331-43c6-b54a-45358311e1b9"
        ],
        "X-Content-Type-Options": [
          "nosniff"
        ],
        "Date": [
          "Mon, 30 Sep 2019 21:56:36 GMT"
        ],
        "Content-Length": [
          "101"
        ],
        "Content-Type": [
          "application/json; charset=utf-8"
        ],
        "Expires": [
          "-1"
        ]
      },
      "ResponseBody": "{\r\n  \"error\": {\r\n    \"code\": \"ResourceNotFound\",\r\n    \"message\": \"OAuth2AuthorizationServer not found.\",\r\n    \"details\": null\r\n  }\r\n}",
      "StatusCode": 404
    },
    {
      "RequestUri": "/subscriptions/a200340d-6b82-494d-9dbf-687ba6e33f9e/resourceGroups/powershelltest/providers/Microsoft.ApiManagement/service/powershellsdkservice/authorizationServers/ps4400?api-version=2019-01-01",
      "EncodedRequestUri": "L3N1YnNjcmlwdGlvbnMvYTIwMDM0MGQtNmI4Mi00OTRkLTlkYmYtNjg3YmE2ZTMzZjllL3Jlc291cmNlR3JvdXBzL3Bvd2Vyc2hlbGx0ZXN0L3Byb3ZpZGVycy9NaWNyb3NvZnQuQXBpTWFuYWdlbWVudC9zZXJ2aWNlL3Bvd2Vyc2hlbGxzZGtzZXJ2aWNlL2F1dGhvcml6YXRpb25TZXJ2ZXJzL3BzNDQwMD9hcGktdmVyc2lvbj0yMDE5LTAxLTAx",
      "RequestMethod": "PATCH",
      "RequestBody": "{\r\n  \"properties\": {\r\n    \"description\": \"ps1275\",\r\n    \"authorizationMethods\": [\r\n      \"GET\"\r\n    ],\r\n    \"clientAuthenticationMethod\": [\r\n      \"Basic\"\r\n    ],\r\n    \"tokenBodyParameters\": [\r\n      {\r\n        \"name\": \"tokenname1\",\r\n        \"value\": \"tokenvalue1\"\r\n      }\r\n    ],\r\n    \"tokenEndpoint\": \"https://contoso.com/tokenv2\",\r\n    \"supportState\": false,\r\n    \"defaultScope\": \"ps3897\",\r\n    \"bearerTokenSendingMethods\": [\r\n      \"AuthorizationHeader\"\r\n    ],\r\n    \"clientSecret\": \"ps3891\",\r\n    \"displayName\": \"ps4511\",\r\n    \"clientRegistrationEndpoint\": \"https://contoso.com/clients/regv2\",\r\n    \"authorizationEndpoint\": \"https://contoso.com/authv2\",\r\n    \"grantTypes\": [\r\n      \"AuthorizationCode\",\r\n      \"Implicit\",\r\n      \"ClientCredentials\"\r\n    ],\r\n    \"clientId\": \"ps91\"\r\n  }\r\n}",
      "RequestHeaders": {
        "x-ms-client-request-id": [
          "3149790a-83d2-4567-abea-74c3adc4bfae"
        ],
        "If-Match": [
          "*"
        ],
        "Accept-Language": [
          "en-US"
        ],
        "User-Agent": [
          "FxVersion/4.6.27817.01",
          "OSName/Windows",
          "OSVersion/Microsoft.Windows.10.0.18362.",
          "Microsoft.Azure.Management.ApiManagement.ApiManagementClient/4.11.0.0"
        ],
        "Content-Type": [
          "application/json; charset=utf-8"
        ],
        "Content-Length": [
          "794"
        ]
      },
      "ResponseHeaders": {
        "Cache-Control": [
          "no-cache"
        ],
        "Pragma": [
          "no-cache"
        ],
        "Strict-Transport-Security": [
          "max-age=31536000; includeSubDomains"
        ],
        "x-ms-request-id": [
          "8499e16a-7afd-4424-9c89-1a8b08939fb3"
        ],
        "Server": [
          "Microsoft-HTTPAPI/2.0"
        ],
        "x-ms-ratelimit-remaining-subscription-writes": [
          "1198"
        ],
        "x-ms-correlation-request-id": [
          "0e95b327-6dac-47c9-be2d-89edca59278b"
        ],
        "x-ms-routing-request-id": [
          "WESTUS:20190930T215636Z:0e95b327-6dac-47c9-be2d-89edca59278b"
        ],
        "X-Content-Type-Options": [
          "nosniff"
        ],
        "Date": [
          "Mon, 30 Sep 2019 21:56:35 GMT"
        ],
        "Expires": [
          "-1"
        ]
      },
      "ResponseBody": "",
      "StatusCode": 204
    },
    {
      "RequestUri": "/subscriptions/a200340d-6b82-494d-9dbf-687ba6e33f9e/resourceGroups/powershelltest/providers/Microsoft.ApiManagement/service/powershellsdkservice/authorizationServers/ps4400?api-version=2019-01-01",
      "EncodedRequestUri": "L3N1YnNjcmlwdGlvbnMvYTIwMDM0MGQtNmI4Mi00OTRkLTlkYmYtNjg3YmE2ZTMzZjllL3Jlc291cmNlR3JvdXBzL3Bvd2Vyc2hlbGx0ZXN0L3Byb3ZpZGVycy9NaWNyb3NvZnQuQXBpTWFuYWdlbWVudC9zZXJ2aWNlL3Bvd2Vyc2hlbGxzZGtzZXJ2aWNlL2F1dGhvcml6YXRpb25TZXJ2ZXJzL3BzNDQwMD9hcGktdmVyc2lvbj0yMDE5LTAxLTAx",
      "RequestMethod": "DELETE",
      "RequestBody": "",
      "RequestHeaders": {
        "x-ms-client-request-id": [
          "f6bfbfd6-0415-415e-bf35-cfa9eb02d95f"
        ],
        "If-Match": [
          "*"
        ],
        "Accept-Language": [
          "en-US"
        ],
        "User-Agent": [
          "FxVersion/4.6.27817.01",
          "OSName/Windows",
          "OSVersion/Microsoft.Windows.10.0.18362.",
          "Microsoft.Azure.Management.ApiManagement.ApiManagementClient/4.11.0.0"
        ]
      },
      "ResponseHeaders": {
        "Cache-Control": [
          "no-cache"
        ],
        "Pragma": [
          "no-cache"
        ],
        "Strict-Transport-Security": [
          "max-age=31536000; includeSubDomains"
        ],
        "x-ms-request-id": [
          "c5a0e483-b510-4711-bc10-0258fb8adac4"
        ],
        "Server": [
          "Microsoft-HTTPAPI/2.0"
        ],
        "x-ms-ratelimit-remaining-subscription-deletes": [
          "14999"
        ],
        "x-ms-correlation-request-id": [
          "5bb276b2-2368-4916-98a9-0e690f170270"
        ],
        "x-ms-routing-request-id": [
          "WESTUS:20190930T215637Z:5bb276b2-2368-4916-98a9-0e690f170270"
        ],
        "X-Content-Type-Options": [
          "nosniff"
        ],
        "Date": [
          "Mon, 30 Sep 2019 21:56:36 GMT"
        ],
        "Expires": [
          "-1"
        ],
        "Content-Length": [
          "0"
        ]
      },
      "ResponseBody": "",
      "StatusCode": 200
    }
  ],
  "Names": {
    "": [
      "ps4400",
      "ps8808",
      "ps7279",
      "ps4788",
      "ps6408",
      "ps8963",
      "ps2894",
      "ps7125",
      "ps4511",
      "ps3897",
      "ps91",
      "ps1275",
      "ps3891"
    ]
  },
  "Variables": {
    "SubscriptionId": "a200340d-6b82-494d-9dbf-687ba6e33f9e"
  }
}