{
  "Entries": [
    {
      "RequestUri": "/subscriptions/a200340d-6b82-494d-9dbf-687ba6e33f9e/resourceGroups/powershelltest/providers/Microsoft.ApiManagement/service/powershellsdkservice/authorizationServers?api-version=2019-12-01",
      "EncodedRequestUri": "L3N1YnNjcmlwdGlvbnMvYTIwMDM0MGQtNmI4Mi00OTRkLTlkYmYtNjg3YmE2ZTMzZjllL3Jlc291cmNlR3JvdXBzL3Bvd2Vyc2hlbGx0ZXN0L3Byb3ZpZGVycy9NaWNyb3NvZnQuQXBpTWFuYWdlbWVudC9zZXJ2aWNlL3Bvd2Vyc2hlbGxzZGtzZXJ2aWNlL2F1dGhvcml6YXRpb25TZXJ2ZXJzP2FwaS12ZXJzaW9uPTIwMTktMTItMDE=",
      "RequestMethod": "GET",
      "RequestBody": "",
      "RequestHeaders": {
        "x-ms-client-request-id": [
          "fa758e9a-58d3-4056-b12b-53502b3fcf1d"
        ],
        "Accept-Language": [
          "en-US"
        ],
        "User-Agent": [
          "FxVersion/4.6.27817.03",
          "OSName/Windows",
          "OSVersion/Microsoft.Windows.10.0.18363.",
          "Microsoft.Azure.Management.ApiManagement.ApiManagementClient/5.0.0.0"
        ]
      },
      "ResponseHeaders": {
        "Cache-Control": [
          "no-cache"
        ],
        "Pragma": [
          "no-cache"
        ],
        "Strict-Transport-Security": [
          "max-age=31536000; includeSubDomains"
        ],
        "x-ms-request-id": [
          "327b296a-4c9b-4f93-9d08-9326b3a0c1f7"
        ],
        "Server": [
          "Microsoft-HTTPAPI/2.0"
        ],
        "x-ms-ratelimit-remaining-subscription-reads": [
          "11999"
        ],
        "x-ms-correlation-request-id": [
          "50a658dc-6f48-4997-8af3-544bb9eb3dc2"
        ],
        "x-ms-routing-request-id": [
          "WESTUS:20200408T212112Z:50a658dc-6f48-4997-8af3-544bb9eb3dc2"
        ],
        "X-Content-Type-Options": [
          "nosniff"
        ],
        "Date": [
          "Wed, 08 Apr 2020 21:21:12 GMT"
        ],
        "Content-Length": [
          "34"
        ],
        "Content-Type": [
          "application/json; charset=utf-8"
        ],
        "Expires": [
          "-1"
        ]
      },
      "ResponseBody": "{\r\n  \"value\": [],\r\n  \"count\": 0\r\n}",
      "StatusCode": 200
    },
    {
      "RequestUri": "/subscriptions/a200340d-6b82-494d-9dbf-687ba6e33f9e/resourceGroups/powershelltest/providers/Microsoft.ApiManagement/service/powershellsdkservice/authorizationServers/ps4092?api-version=2019-12-01",
      "EncodedRequestUri": "L3N1YnNjcmlwdGlvbnMvYTIwMDM0MGQtNmI4Mi00OTRkLTlkYmYtNjg3YmE2ZTMzZjllL3Jlc291cmNlR3JvdXBzL3Bvd2Vyc2hlbGx0ZXN0L3Byb3ZpZGVycy9NaWNyb3NvZnQuQXBpTWFuYWdlbWVudC9zZXJ2aWNlL3Bvd2Vyc2hlbGxzZGtzZXJ2aWNlL2F1dGhvcml6YXRpb25TZXJ2ZXJzL3BzNDA5Mj9hcGktdmVyc2lvbj0yMDE5LTEyLTAx",
      "RequestMethod": "PUT",
      "RequestBody": "{\r\n  \"properties\": {\r\n    \"description\": \"ps4052\",\r\n    \"authorizationMethods\": [\r\n      \"POST\",\r\n      \"GET\"\r\n    ],\r\n    \"clientAuthenticationMethod\": [\r\n      \"Basic\"\r\n    ],\r\n    \"tokenBodyParameters\": [\r\n      {\r\n        \"name\": \"tokenname\",\r\n        \"value\": \"tokenvalue\"\r\n      }\r\n    ],\r\n    \"tokenEndpoint\": \"https://contoso.com/token\",\r\n    \"supportState\": true,\r\n    \"defaultScope\": \"ps9938\",\r\n    \"bearerTokenSendingMethods\": [\r\n      \"AuthorizationHeader\",\r\n      \"Query\"\r\n    ],\r\n    \"resourceOwnerUsername\": \"ps7018\",\r\n    \"resourceOwnerPassword\": \"ps7024\",\r\n    \"displayName\": \"ps6826\",\r\n    \"clientRegistrationEndpoint\": \"https://contoso.com/clients/reg\",\r\n    \"authorizationEndpoint\": \"https://contoso.com/auth\",\r\n    \"grantTypes\": [\r\n      \"AuthorizationCode\",\r\n      \"Implicit\",\r\n      \"ResourceOwnerPassword\"\r\n    ],\r\n    \"clientId\": \"ps181\",\r\n    \"clientSecret\": \"ps1823\"\r\n  }\r\n}",
      "RequestHeaders": {
        "x-ms-client-request-id": [
          "07455bc7-7eef-4c70-a39a-480a5b3d0b94"
        ],
        "Accept-Language": [
          "en-US"
        ],
        "User-Agent": [
          "FxVersion/4.6.27817.03",
          "OSName/Windows",
          "OSVersion/Microsoft.Windows.10.0.18363.",
          "Microsoft.Azure.Management.ApiManagement.ApiManagementClient/5.0.0.0"
        ],
        "Content-Type": [
          "application/json; charset=utf-8"
        ],
        "Content-Length": [
          "901"
        ]
      },
      "ResponseHeaders": {
        "Cache-Control": [
          "no-cache"
        ],
        "Pragma": [
          "no-cache"
        ],
        "ETag": [
          "\"AAAAAAAAKco=\""
        ],
        "Strict-Transport-Security": [
          "max-age=31536000; includeSubDomains"
        ],
        "x-ms-request-id": [
          "cc0a721d-d342-4ac5-84bb-6827aebdcbed"
        ],
        "Server": [
          "Microsoft-HTTPAPI/2.0"
        ],
        "x-ms-ratelimit-remaining-subscription-writes": [
          "1199"
        ],
        "x-ms-correlation-request-id": [
          "524472ae-8d38-45ea-9f77-cc117b4f5cab"
        ],
        "x-ms-routing-request-id": [
          "WESTUS:20200408T212113Z:524472ae-8d38-45ea-9f77-cc117b4f5cab"
        ],
        "X-Content-Type-Options": [
          "nosniff"
        ],
        "Date": [
          "Wed, 08 Apr 2020 21:21:13 GMT"
        ],
        "Content-Length": [
          "1174"
        ],
        "Content-Type": [
          "application/json; charset=utf-8"
        ],
        "Expires": [
          "-1"
        ]
      },
      "ResponseBody": "{\r\n  \"id\": \"/subscriptions/a200340d-6b82-494d-9dbf-687ba6e33f9e/resourceGroups/powershelltest/providers/Microsoft.ApiManagement/service/powershellsdkservice/authorizationServers/ps4092\",\r\n  \"type\": \"Microsoft.ApiManagement/service/authorizationServers\",\r\n  \"name\": \"ps4092\",\r\n  \"properties\": {\r\n    \"displayName\": \"ps6826\",\r\n    \"description\": \"ps4052\",\r\n    \"clientRegistrationEndpoint\": \"https://contoso.com/clients/reg\",\r\n    \"authorizationEndpoint\": \"https://contoso.com/auth\",\r\n    \"authorizationMethods\": [\r\n      \"POST\",\r\n      \"GET\"\r\n    ],\r\n    \"clientAuthenticationMethod\": [\r\n      \"Basic\"\r\n    ],\r\n    \"tokenBodyParameters\": [\r\n      {\r\n        \"name\": \"tokenname\",\r\n        \"value\": \"tokenvalue\"\r\n      }\r\n    ],\r\n    \"tokenEndpoint\": \"https://contoso.com/token\",\r\n    \"supportState\": true,\r\n    \"defaultScope\": \"ps9938\",\r\n    \"grantTypes\": [\r\n      \"authorizationCode\",\r\n      \"implicit\",\r\n      \"resourceOwnerPassword\"\r\n    ],\r\n    \"bearerTokenSendingMethods\": [\r\n      \"authorizationHeader\",\r\n      \"query\"\r\n    ],\r\n    \"clientId\": \"ps181\",\r\n    \"clientSecret\": \"ps1823\",\r\n    \"resourceOwnerUsername\": \"ps7018\",\r\n    \"resourceOwnerPassword\": \"ps7024\"\r\n  }\r\n}",
      "StatusCode": 201
    },
    {
      "RequestUri": "/subscriptions/a200340d-6b82-494d-9dbf-687ba6e33f9e/resourceGroups/powershelltest/providers/Microsoft.ApiManagement/service/powershellsdkservice/authorizationServers/ps4092?api-version=2019-12-01",
      "EncodedRequestUri": "L3N1YnNjcmlwdGlvbnMvYTIwMDM0MGQtNmI4Mi00OTRkLTlkYmYtNjg3YmE2ZTMzZjllL3Jlc291cmNlR3JvdXBzL3Bvd2Vyc2hlbGx0ZXN0L3Byb3ZpZGVycy9NaWNyb3NvZnQuQXBpTWFuYWdlbWVudC9zZXJ2aWNlL3Bvd2Vyc2hlbGxzZGtzZXJ2aWNlL2F1dGhvcml6YXRpb25TZXJ2ZXJzL3BzNDA5Mj9hcGktdmVyc2lvbj0yMDE5LTEyLTAx",
      "RequestMethod": "GET",
      "RequestBody": "",
      "RequestHeaders": {
        "x-ms-client-request-id": [
          "23da3c35-48ef-441b-b23b-36a7e3ec88c8"
        ],
        "Accept-Language": [
          "en-US"
        ],
        "User-Agent": [
          "FxVersion/4.6.27817.03",
          "OSName/Windows",
          "OSVersion/Microsoft.Windows.10.0.18363.",
          "Microsoft.Azure.Management.ApiManagement.ApiManagementClient/5.0.0.0"
        ]
      },
      "ResponseHeaders": {
        "Cache-Control": [
          "no-cache"
        ],
        "Pragma": [
          "no-cache"
        ],
        "ETag": [
          "\"AAAAAAAAKco=\""
        ],
        "Strict-Transport-Security": [
          "max-age=31536000; includeSubDomains"
        ],
        "x-ms-request-id": [
          "3b393342-c796-4516-a459-1bf1d77741d5"
        ],
        "Server": [
          "Microsoft-HTTPAPI/2.0"
        ],
        "x-ms-ratelimit-remaining-subscription-reads": [
          "11998"
        ],
        "x-ms-correlation-request-id": [
          "9d9b00e4-6bc4-49ce-bd76-80b6051abbe1"
        ],
        "x-ms-routing-request-id": [
          "WESTUS:20200408T212113Z:9d9b00e4-6bc4-49ce-bd76-80b6051abbe1"
        ],
        "X-Content-Type-Options": [
          "nosniff"
        ],
        "Date": [
          "Wed, 08 Apr 2020 21:21:13 GMT"
        ],
        "Content-Length": [
          "1143"
        ],
        "Content-Type": [
          "application/json; charset=utf-8"
        ],
        "Expires": [
          "-1"
        ]
      },
      "ResponseBody": "{\r\n  \"id\": \"/subscriptions/a200340d-6b82-494d-9dbf-687ba6e33f9e/resourceGroups/powershelltest/providers/Microsoft.ApiManagement/service/powershellsdkservice/authorizationServers/ps4092\",\r\n  \"type\": \"Microsoft.ApiManagement/service/authorizationServers\",\r\n  \"name\": \"ps4092\",\r\n  \"properties\": {\r\n    \"displayName\": \"ps6826\",\r\n    \"description\": \"ps4052\",\r\n    \"clientRegistrationEndpoint\": \"https://contoso.com/clients/reg\",\r\n    \"authorizationEndpoint\": \"https://contoso.com/auth\",\r\n    \"authorizationMethods\": [\r\n      \"POST\",\r\n      \"GET\"\r\n    ],\r\n    \"clientAuthenticationMethod\": [\r\n      \"Basic\"\r\n    ],\r\n    \"tokenBodyParameters\": [\r\n      {\r\n        \"name\": \"tokenname\",\r\n        \"value\": \"tokenvalue\"\r\n      }\r\n    ],\r\n    \"tokenEndpoint\": \"https://contoso.com/token\",\r\n    \"supportState\": true,\r\n    \"defaultScope\": \"ps9938\",\r\n    \"grantTypes\": [\r\n      \"authorizationCode\",\r\n      \"implicit\",\r\n      \"resourceOwnerPassword\"\r\n    ],\r\n    \"bearerTokenSendingMethods\": [\r\n      \"authorizationHeader\",\r\n      \"query\"\r\n    ],\r\n    \"clientId\": \"ps181\",\r\n    \"resourceOwnerUsername\": \"ps7018\",\r\n    \"resourceOwnerPassword\": \"ps7024\"\r\n  }\r\n}",
      "StatusCode": 200
    },
    {
      "RequestUri": "/subscriptions/a200340d-6b82-494d-9dbf-687ba6e33f9e/resourceGroups/powershelltest/providers/Microsoft.ApiManagement/service/powershellsdkservice/authorizationServers/ps4092?api-version=2019-12-01",
      "EncodedRequestUri": "L3N1YnNjcmlwdGlvbnMvYTIwMDM0MGQtNmI4Mi00OTRkLTlkYmYtNjg3YmE2ZTMzZjllL3Jlc291cmNlR3JvdXBzL3Bvd2Vyc2hlbGx0ZXN0L3Byb3ZpZGVycy9NaWNyb3NvZnQuQXBpTWFuYWdlbWVudC9zZXJ2aWNlL3Bvd2Vyc2hlbGxzZGtzZXJ2aWNlL2F1dGhvcml6YXRpb25TZXJ2ZXJzL3BzNDA5Mj9hcGktdmVyc2lvbj0yMDE5LTEyLTAx",
      "RequestMethod": "GET",
      "RequestBody": "",
      "RequestHeaders": {
        "x-ms-client-request-id": [
          "7dca785a-4f9a-451d-a945-d95d86477866"
        ],
        "Accept-Language": [
          "en-US"
        ],
        "User-Agent": [
          "FxVersion/4.6.27817.03",
          "OSName/Windows",
          "OSVersion/Microsoft.Windows.10.0.18363.",
          "Microsoft.Azure.Management.ApiManagement.ApiManagementClient/5.0.0.0"
        ]
      },
      "ResponseHeaders": {
        "Cache-Control": [
          "no-cache"
        ],
        "Pragma": [
          "no-cache"
        ],
        "ETag": [
          "\"AAAAAAAAKcs=\""
        ],
        "Strict-Transport-Security": [
          "max-age=31536000; includeSubDomains"
        ],
        "x-ms-request-id": [
          "8a894bb1-618a-4e62-805b-23c0caad3045"
        ],
        "Server": [
          "Microsoft-HTTPAPI/2.0"
        ],
        "x-ms-ratelimit-remaining-subscription-reads": [
          "11997"
        ],
        "x-ms-correlation-request-id": [
          "97a5cfb0-fa30-4a66-9058-c0de4293dc79"
        ],
        "x-ms-routing-request-id": [
          "WESTUS:20200408T212114Z:97a5cfb0-fa30-4a66-9058-c0de4293dc79"
        ],
        "X-Content-Type-Options": [
          "nosniff"
        ],
        "Date": [
          "Wed, 08 Apr 2020 21:21:14 GMT"
        ],
        "Content-Length": [
          "1118"
        ],
        "Content-Type": [
          "application/json; charset=utf-8"
        ],
        "Expires": [
          "-1"
        ]
      },
      "ResponseBody": "{\r\n  \"id\": \"/subscriptions/a200340d-6b82-494d-9dbf-687ba6e33f9e/resourceGroups/powershelltest/providers/Microsoft.ApiManagement/service/powershellsdkservice/authorizationServers/ps4092\",\r\n  \"type\": \"Microsoft.ApiManagement/service/authorizationServers\",\r\n  \"name\": \"ps4092\",\r\n  \"properties\": {\r\n    \"displayName\": \"ps7481\",\r\n    \"description\": \"ps1594\",\r\n    \"clientRegistrationEndpoint\": \"https://contoso.com/clients/regv2\",\r\n    \"authorizationEndpoint\": \"https://contoso.com/authv2\",\r\n    \"authorizationMethods\": [\r\n      \"GET\"\r\n    ],\r\n    \"clientAuthenticationMethod\": [\r\n      \"Basic\"\r\n    ],\r\n    \"tokenBodyParameters\": [\r\n      {\r\n        \"name\": \"tokenname1\",\r\n        \"value\": \"tokenvalue1\"\r\n      }\r\n    ],\r\n    \"tokenEndpoint\": \"https://contoso.com/tokenv2\",\r\n    \"supportState\": false,\r\n    \"defaultScope\": \"ps8289\",\r\n    \"grantTypes\": [\r\n      \"authorizationCode\",\r\n      \"implicit\",\r\n      \"clientCredentials\"\r\n    ],\r\n    \"bearerTokenSendingMethods\": [\r\n      \"authorizationHeader\"\r\n    ],\r\n    \"clientId\": \"ps8964\",\r\n    \"resourceOwnerUsername\": \"ps7018\",\r\n    \"resourceOwnerPassword\": \"ps7024\"\r\n  }\r\n}",
      "StatusCode": 200
    },
    {
      "RequestUri": "/subscriptions/a200340d-6b82-494d-9dbf-687ba6e33f9e/resourceGroups/powershelltest/providers/Microsoft.ApiManagement/service/powershellsdkservice/authorizationServers/ps4092?api-version=2019-12-01",
      "EncodedRequestUri": "L3N1YnNjcmlwdGlvbnMvYTIwMDM0MGQtNmI4Mi00OTRkLTlkYmYtNjg3YmE2ZTMzZjllL3Jlc291cmNlR3JvdXBzL3Bvd2Vyc2hlbGx0ZXN0L3Byb3ZpZGVycy9NaWNyb3NvZnQuQXBpTWFuYWdlbWVudC9zZXJ2aWNlL3Bvd2Vyc2hlbGxzZGtzZXJ2aWNlL2F1dGhvcml6YXRpb25TZXJ2ZXJzL3BzNDA5Mj9hcGktdmVyc2lvbj0yMDE5LTEyLTAx",
      "RequestMethod": "GET",
      "RequestBody": "",
      "RequestHeaders": {
        "x-ms-client-request-id": [
          "655a6158-0194-4102-b199-4c6d8ea48dfb"
        ],
        "Accept-Language": [
          "en-US"
        ],
        "User-Agent": [
          "FxVersion/4.6.27817.03",
          "OSName/Windows",
          "OSVersion/Microsoft.Windows.10.0.18363.",
          "Microsoft.Azure.Management.ApiManagement.ApiManagementClient/5.0.0.0"
        ]
      },
      "ResponseHeaders": {
        "Cache-Control": [
          "no-cache"
        ],
        "Pragma": [
          "no-cache"
        ],
        "ETag": [
          "\"AAAAAAAAKcs=\""
        ],
        "Strict-Transport-Security": [
          "max-age=31536000; includeSubDomains"
        ],
        "x-ms-request-id": [
          "0b2367f7-97ed-4139-a2b3-3af5521e4f30"
        ],
        "Server": [
          "Microsoft-HTTPAPI/2.0"
        ],
        "x-ms-ratelimit-remaining-subscription-reads": [
          "11996"
        ],
        "x-ms-correlation-request-id": [
          "8694828c-f5e6-4205-8229-c6eb33b9379d"
        ],
        "x-ms-routing-request-id": [
          "WESTUS:20200408T212114Z:8694828c-f5e6-4205-8229-c6eb33b9379d"
        ],
        "X-Content-Type-Options": [
          "nosniff"
        ],
        "Date": [
          "Wed, 08 Apr 2020 21:21:14 GMT"
        ],
        "Content-Length": [
          "1118"
        ],
        "Content-Type": [
          "application/json; charset=utf-8"
        ],
        "Expires": [
          "-1"
        ]
      },
      "ResponseBody": "{\r\n  \"id\": \"/subscriptions/a200340d-6b82-494d-9dbf-687ba6e33f9e/resourceGroups/powershelltest/providers/Microsoft.ApiManagement/service/powershellsdkservice/authorizationServers/ps4092\",\r\n  \"type\": \"Microsoft.ApiManagement/service/authorizationServers\",\r\n  \"name\": \"ps4092\",\r\n  \"properties\": {\r\n    \"displayName\": \"ps7481\",\r\n    \"description\": \"ps1594\",\r\n    \"clientRegistrationEndpoint\": \"https://contoso.com/clients/regv2\",\r\n    \"authorizationEndpoint\": \"https://contoso.com/authv2\",\r\n    \"authorizationMethods\": [\r\n      \"GET\"\r\n    ],\r\n    \"clientAuthenticationMethod\": [\r\n      \"Basic\"\r\n    ],\r\n    \"tokenBodyParameters\": [\r\n      {\r\n        \"name\": \"tokenname1\",\r\n        \"value\": \"tokenvalue1\"\r\n      }\r\n    ],\r\n    \"tokenEndpoint\": \"https://contoso.com/tokenv2\",\r\n    \"supportState\": false,\r\n    \"defaultScope\": \"ps8289\",\r\n    \"grantTypes\": [\r\n      \"authorizationCode\",\r\n      \"implicit\",\r\n      \"clientCredentials\"\r\n    ],\r\n    \"bearerTokenSendingMethods\": [\r\n      \"authorizationHeader\"\r\n    ],\r\n    \"clientId\": \"ps8964\",\r\n    \"resourceOwnerUsername\": \"ps7018\",\r\n    \"resourceOwnerPassword\": \"ps7024\"\r\n  }\r\n}",
      "StatusCode": 200
    },
    {
      "RequestUri": "/subscriptions/a200340d-6b82-494d-9dbf-687ba6e33f9e/resourceGroups/powershelltest/providers/Microsoft.ApiManagement/service/powershellsdkservice/authorizationServers/ps4092?api-version=2019-12-01",
      "EncodedRequestUri": "L3N1YnNjcmlwdGlvbnMvYTIwMDM0MGQtNmI4Mi00OTRkLTlkYmYtNjg3YmE2ZTMzZjllL3Jlc291cmNlR3JvdXBzL3Bvd2Vyc2hlbGx0ZXN0L3Byb3ZpZGVycy9NaWNyb3NvZnQuQXBpTWFuYWdlbWVudC9zZXJ2aWNlL3Bvd2Vyc2hlbGxzZGtzZXJ2aWNlL2F1dGhvcml6YXRpb25TZXJ2ZXJzL3BzNDA5Mj9hcGktdmVyc2lvbj0yMDE5LTEyLTAx",
      "RequestMethod": "GET",
      "RequestBody": "",
      "RequestHeaders": {
        "x-ms-client-request-id": [
          "7dd194f4-a19a-4b43-977b-669aee7f4bdc"
        ],
        "Accept-Language": [
          "en-US"
        ],
        "User-Agent": [
          "FxVersion/4.6.27817.03",
          "OSName/Windows",
          "OSVersion/Microsoft.Windows.10.0.18363.",
          "Microsoft.Azure.Management.ApiManagement.ApiManagementClient/5.0.0.0"
        ]
      },
      "ResponseHeaders": {
        "Cache-Control": [
          "no-cache"
        ],
        "Pragma": [
          "no-cache"
        ],
        "Strict-Transport-Security": [
          "max-age=31536000; includeSubDomains"
        ],
        "x-ms-request-id": [
          "e8f8530d-1857-413d-82e1-90635df1f4a8"
        ],
        "Server": [
          "Microsoft-HTTPAPI/2.0"
        ],
        "x-ms-ratelimit-remaining-subscription-reads": [
          "11995"
        ],
        "x-ms-correlation-request-id": [
          "becc7f07-7c5d-4458-9e32-154fd0f85230"
        ],
        "x-ms-routing-request-id": [
          "WESTUS:20200408T212115Z:becc7f07-7c5d-4458-9e32-154fd0f85230"
        ],
        "X-Content-Type-Options": [
          "nosniff"
        ],
        "Date": [
          "Wed, 08 Apr 2020 21:21:14 GMT"
        ],
        "Content-Length": [
          "101"
        ],
        "Content-Type": [
          "application/json; charset=utf-8"
        ],
        "Expires": [
          "-1"
        ]
      },
      "ResponseBody": "{\r\n  \"error\": {\r\n    \"code\": \"ResourceNotFound\",\r\n    \"message\": \"OAuth2AuthorizationServer not found.\",\r\n    \"details\": null\r\n  }\r\n}",
      "StatusCode": 404
    },
    {
      "RequestUri": "/subscriptions/a200340d-6b82-494d-9dbf-687ba6e33f9e/resourceGroups/powershelltest/providers/Microsoft.ApiManagement/service/powershellsdkservice/authorizationServers/ps4092/listSecrets?api-version=2019-12-01",
      "EncodedRequestUri": "L3N1YnNjcmlwdGlvbnMvYTIwMDM0MGQtNmI4Mi00OTRkLTlkYmYtNjg3YmE2ZTMzZjllL3Jlc291cmNlR3JvdXBzL3Bvd2Vyc2hlbGx0ZXN0L3Byb3ZpZGVycy9NaWNyb3NvZnQuQXBpTWFuYWdlbWVudC9zZXJ2aWNlL3Bvd2Vyc2hlbGxzZGtzZXJ2aWNlL2F1dGhvcml6YXRpb25TZXJ2ZXJzL3BzNDA5Mi9saXN0U2VjcmV0cz9hcGktdmVyc2lvbj0yMDE5LTEyLTAx",
      "RequestMethod": "POST",
      "RequestBody": "",
      "RequestHeaders": {
        "x-ms-client-request-id": [
          "91b45436-b848-48f5-a826-dc7bebc0174f"
        ],
        "Accept-Language": [
          "en-US"
        ],
        "User-Agent": [
          "FxVersion/4.6.27817.03",
          "OSName/Windows",
          "OSVersion/Microsoft.Windows.10.0.18363.",
          "Microsoft.Azure.Management.ApiManagement.ApiManagementClient/5.0.0.0"
        ]
      },
      "ResponseHeaders": {
        "Cache-Control": [
          "no-cache"
        ],
        "Pragma": [
          "no-cache"
        ],
        "ETag": [
          "\"AAAAAAAAKco=\""
        ],
        "Strict-Transport-Security": [
          "max-age=31536000; includeSubDomains"
        ],
        "x-ms-request-id": [
          "63760d3f-e57f-4e39-9710-71045bb40adf"
        ],
        "Server": [
          "Microsoft-HTTPAPI/2.0"
        ],
        "x-ms-ratelimit-remaining-subscription-writes": [
          "1199"
        ],
        "x-ms-correlation-request-id": [
          "ced8c06e-74c6-46e6-b605-8dbc4801068b"
        ],
        "x-ms-routing-request-id": [
          "WESTUS:20200408T212113Z:ced8c06e-74c6-46e6-b605-8dbc4801068b"
        ],
        "X-Content-Type-Options": [
          "nosniff"
        ],
        "Date": [
          "Wed, 08 Apr 2020 21:21:13 GMT"
        ],
        "Content-Length": [
          "25"
        ],
        "Content-Type": [
          "application/json; charset=utf-8"
        ],
        "Expires": [
          "-1"
        ]
      },
      "ResponseBody": "{\r\n  \"clientSecret\": \"ps1823\"\r\n}",
      "StatusCode": 200
    },
    {
      "RequestUri": "/subscriptions/a200340d-6b82-494d-9dbf-687ba6e33f9e/resourceGroups/powershelltest/providers/Microsoft.ApiManagement/service/powershellsdkservice/authorizationServers/ps4092/listSecrets?api-version=2019-12-01",
      "EncodedRequestUri": "L3N1YnNjcmlwdGlvbnMvYTIwMDM0MGQtNmI4Mi00OTRkLTlkYmYtNjg3YmE2ZTMzZjllL3Jlc291cmNlR3JvdXBzL3Bvd2Vyc2hlbGx0ZXN0L3Byb3ZpZGVycy9NaWNyb3NvZnQuQXBpTWFuYWdlbWVudC9zZXJ2aWNlL3Bvd2Vyc2hlbGxzZGtzZXJ2aWNlL2F1dGhvcml6YXRpb25TZXJ2ZXJzL3BzNDA5Mi9saXN0U2VjcmV0cz9hcGktdmVyc2lvbj0yMDE5LTEyLTAx",
      "RequestMethod": "POST",
      "RequestBody": "",
      "RequestHeaders": {
        "x-ms-client-request-id": [
          "86784e1c-8a84-4b1e-95b2-374c2ea00c33"
        ],
        "Accept-Language": [
          "en-US"
        ],
        "User-Agent": [
          "FxVersion/4.6.27817.03",
          "OSName/Windows",
          "OSVersion/Microsoft.Windows.10.0.18363.",
          "Microsoft.Azure.Management.ApiManagement.ApiManagementClient/5.0.0.0"
        ]
      },
      "ResponseHeaders": {
        "Cache-Control": [
          "no-cache"
        ],
        "Pragma": [
          "no-cache"
        ],
        "ETag": [
          "\"AAAAAAAAKcs=\""
        ],
        "Strict-Transport-Security": [
          "max-age=31536000; includeSubDomains"
        ],
        "x-ms-request-id": [
          "dcbe7adf-889c-4fd8-b784-7e697ee19a95"
        ],
        "Server": [
          "Microsoft-HTTPAPI/2.0"
        ],
        "x-ms-ratelimit-remaining-subscription-writes": [
          "1198"
        ],
        "x-ms-correlation-request-id": [
          "f0dae8c3-6d69-46c8-9680-d90012d2e386"
        ],
        "x-ms-routing-request-id": [
          "WESTUS:20200408T212114Z:f0dae8c3-6d69-46c8-9680-d90012d2e386"
        ],
        "X-Content-Type-Options": [
          "nosniff"
        ],
        "Date": [
          "Wed, 08 Apr 2020 21:21:14 GMT"
        ],
        "Content-Length": [
          "25"
        ],
        "Content-Type": [
          "application/json; charset=utf-8"
        ],
        "Expires": [
          "-1"
        ]
      },
      "ResponseBody": "{\r\n  \"clientSecret\": \"ps5617\"\r\n}",
      "StatusCode": 200
    },
    {
      "RequestUri": "/subscriptions/a200340d-6b82-494d-9dbf-687ba6e33f9e/resourceGroups/powershelltest/providers/Microsoft.ApiManagement/service/powershellsdkservice/authorizationServers/ps4092?api-version=2019-12-01",
      "EncodedRequestUri": "L3N1YnNjcmlwdGlvbnMvYTIwMDM0MGQtNmI4Mi00OTRkLTlkYmYtNjg3YmE2ZTMzZjllL3Jlc291cmNlR3JvdXBzL3Bvd2Vyc2hlbGx0ZXN0L3Byb3ZpZGVycy9NaWNyb3NvZnQuQXBpTWFuYWdlbWVudC9zZXJ2aWNlL3Bvd2Vyc2hlbGxzZGtzZXJ2aWNlL2F1dGhvcml6YXRpb25TZXJ2ZXJzL3BzNDA5Mj9hcGktdmVyc2lvbj0yMDE5LTEyLTAx",
      "RequestMethod": "PATCH",
      "RequestBody": "{\r\n  \"properties\": {\r\n    \"description\": \"ps1594\",\r\n    \"authorizationMethods\": [\r\n      \"GET\"\r\n    ],\r\n    \"clientAuthenticationMethod\": [\r\n      \"Basic\"\r\n    ],\r\n    \"tokenBodyParameters\": [\r\n      {\r\n        \"name\": \"tokenname1\",\r\n        \"value\": \"tokenvalue1\"\r\n      }\r\n    ],\r\n    \"tokenEndpoint\": \"https://contoso.com/tokenv2\",\r\n    \"supportState\": false,\r\n    \"defaultScope\": \"ps8289\",\r\n    \"bearerTokenSendingMethods\": [\r\n      \"AuthorizationHeader\"\r\n    ],\r\n    \"displayName\": \"ps7481\",\r\n    \"clientRegistrationEndpoint\": \"https://contoso.com/clients/regv2\",\r\n    \"authorizationEndpoint\": \"https://contoso.com/authv2\",\r\n    \"grantTypes\": [\r\n      \"AuthorizationCode\",\r\n      \"Implicit\",\r\n      \"ClientCredentials\"\r\n    ],\r\n    \"clientId\": \"ps8964\",\r\n    \"clientSecret\": \"ps5617\"\r\n  }\r\n}",
      "RequestHeaders": {
        "x-ms-client-request-id": [
          "9d5e3b97-616c-43e1-9d54-44c5f55c1d30"
        ],
        "If-Match": [
          "*"
        ],
        "Accept-Language": [
          "en-US"
        ],
        "User-Agent": [
          "FxVersion/4.6.27817.03",
          "OSName/Windows",
          "OSVersion/Microsoft.Windows.10.0.18363.",
          "Microsoft.Azure.Management.ApiManagement.ApiManagementClient/5.0.0.0"
        ],
        "Content-Type": [
          "application/json; charset=utf-8"
        ],
        "Content-Length": [
          "796"
        ]
      },
      "ResponseHeaders": {
        "Cache-Control": [
          "no-cache"
        ],
        "Pragma": [
          "no-cache"
        ],
        "Strict-Transport-Security": [
          "max-age=31536000; includeSubDomains"
        ],
        "x-ms-request-id": [
          "69b0fb25-0a5e-4637-9af6-eda40c96d05f"
        ],
        "Server": [
          "Microsoft-HTTPAPI/2.0"
        ],
        "x-ms-ratelimit-remaining-subscription-writes": [
          "1198"
        ],
        "x-ms-correlation-request-id": [
          "a4d38c6c-7e70-4355-9561-b37aef636957"
        ],
        "x-ms-routing-request-id": [
          "WESTUS:20200408T212114Z:a4d38c6c-7e70-4355-9561-b37aef636957"
        ],
        "X-Content-Type-Options": [
          "nosniff"
        ],
        "Date": [
          "Wed, 08 Apr 2020 21:21:14 GMT"
        ],
        "Expires": [
          "-1"
        ]
      },
      "ResponseBody": "",
      "StatusCode": 204
    },
    {
      "RequestUri": "/subscriptions/a200340d-6b82-494d-9dbf-687ba6e33f9e/resourceGroups/powershelltest/providers/Microsoft.ApiManagement/service/powershellsdkservice/authorizationServers/ps4092?api-version=2019-12-01",
      "EncodedRequestUri": "L3N1YnNjcmlwdGlvbnMvYTIwMDM0MGQtNmI4Mi00OTRkLTlkYmYtNjg3YmE2ZTMzZjllL3Jlc291cmNlR3JvdXBzL3Bvd2Vyc2hlbGx0ZXN0L3Byb3ZpZGVycy9NaWNyb3NvZnQuQXBpTWFuYWdlbWVudC9zZXJ2aWNlL3Bvd2Vyc2hlbGxzZGtzZXJ2aWNlL2F1dGhvcml6YXRpb25TZXJ2ZXJzL3BzNDA5Mj9hcGktdmVyc2lvbj0yMDE5LTEyLTAx",
      "RequestMethod": "DELETE",
      "RequestBody": "",
      "RequestHeaders": {
        "x-ms-client-request-id": [
          "3cb3dc4f-97dc-4a58-b65f-4ac3014a0bdf"
        ],
        "If-Match": [
          "*"
        ],
        "Accept-Language": [
          "en-US"
        ],
        "User-Agent": [
          "FxVersion/4.6.27817.03",
          "OSName/Windows",
          "OSVersion/Microsoft.Windows.10.0.18363.",
          "Microsoft.Azure.Management.ApiManagement.ApiManagementClient/5.0.0.0"
        ]
      },
      "ResponseHeaders": {
        "Cache-Control": [
          "no-cache"
        ],
        "Pragma": [
          "no-cache"
        ],
        "Strict-Transport-Security": [
          "max-age=31536000; includeSubDomains"
        ],
        "x-ms-request-id": [
          "30845413-0930-4a44-89ce-4daf51d44677"
        ],
        "Server": [
          "Microsoft-HTTPAPI/2.0"
        ],
        "x-ms-ratelimit-remaining-subscription-deletes": [
          "14999"
        ],
        "x-ms-correlation-request-id": [
          "684101dd-a09c-4000-8cc3-e355586225ae"
        ],
        "x-ms-routing-request-id": [
          "WESTUS:20200408T212115Z:684101dd-a09c-4000-8cc3-e355586225ae"
        ],
        "X-Content-Type-Options": [
          "nosniff"
        ],
        "Date": [
          "Wed, 08 Apr 2020 21:21:14 GMT"
        ],
        "Expires": [
          "-1"
        ],
        "Content-Length": [
          "0"
        ]
      },
      "ResponseBody": "",
      "StatusCode": 200
    }
  ],
  "Names": {
    "": [
      "ps4092",
      "ps6826",
      "ps9938",
      "ps181",
      "ps4052",
      "ps1823",
      "ps7024",
      "ps7018",
      "ps7481",
      "ps8289",
      "ps8964",
      "ps1594",
      "ps5617"
    ]
  },
  "Variables": {
    "SubscriptionId": "a200340d-6b82-494d-9dbf-687ba6e33f9e"
  }
}