{
  "Entries": [
    {
      "RequestUri": "/subscriptions/a200340d-6b82-494d-9dbf-687ba6e33f9e/resourceGroups/powershelltest/providers/Microsoft.ApiManagement/service/powershellsdkservice/backends/ps6171?api-version=2019-01-01",
      "EncodedRequestUri": "L3N1YnNjcmlwdGlvbnMvYTIwMDM0MGQtNmI4Mi00OTRkLTlkYmYtNjg3YmE2ZTMzZjllL3Jlc291cmNlR3JvdXBzL3Bvd2Vyc2hlbGx0ZXN0L3Byb3ZpZGVycy9NaWNyb3NvZnQuQXBpTWFuYWdlbWVudC9zZXJ2aWNlL3Bvd2Vyc2hlbGxzZGtzZXJ2aWNlL2JhY2tlbmRzL3BzNjE3MT9hcGktdmVyc2lvbj0yMDE5LTAxLTAx",
      "RequestMethod": "PUT",
      "RequestBody": "{\r\n  \"properties\": {\r\n    \"title\": \"ps5431\",\r\n    \"description\": \"ps9291\",\r\n    \"credentials\": {\r\n      \"query\": {\r\n        \"sr\": [\r\n          \"cc\"\r\n        ],\r\n        \"sv\": [\r\n          \"xx\",\r\n          \"bb\"\r\n        ]\r\n      },\r\n      \"header\": {\r\n        \"x-my-1\": [\r\n          \"val1\",\r\n          \"val2\"\r\n        ]\r\n      },\r\n      \"authorization\": {\r\n        \"scheme\": \"basic\",\r\n        \"parameter\": \"opensesame\"\r\n      }\r\n    },\r\n    \"tls\": {\r\n      \"validateCertificateChain\": false\r\n    },\r\n    \"url\": \"https://contoso.com/awesomeapi\",\r\n    \"protocol\": \"http\"\r\n  }\r\n}",
      "RequestHeaders": {
        "x-ms-client-request-id": [
          "184d6b4c-78e0-4fde-8da2-e00447a7a738"
        ],
        "Accept-Language": [
          "en-US"
        ],
        "User-Agent": [
          "FxVersion/4.6.28325.01",
          "OSName/Windows",
          "OSVersion/Microsoft.Windows.10.0.18363.",
          "Microsoft.Azure.Management.ApiManagement.ApiManagementClient/4.12.0.0"
        ],
        "Content-Type": [
          "application/json; charset=utf-8"
        ],
        "Content-Length": [
          "575"
        ]
      },
      "ResponseHeaders": {
        "Cache-Control": [
          "no-cache"
        ],
        "Pragma": [
          "no-cache"
        ],
        "ETag": [
          "\"AAAAAAAACsA=\""
        ],
        "Strict-Transport-Security": [
          "max-age=31536000; includeSubDomains"
        ],
        "x-ms-request-id": [
          "29e0a061-1880-422c-bc40-bee601fd6a5c"
        ],
        "Server": [
          "Microsoft-HTTPAPI/2.0"
        ],
        "x-ms-ratelimit-remaining-subscription-writes": [
          "1199"
        ],
        "x-ms-correlation-request-id": [
          "cc4f89fd-0277-44f5-9573-755fecf95e2a"
        ],
        "x-ms-routing-request-id": [
          "WESTUS:20200224T173935Z:cc4f89fd-0277-44f5-9573-755fecf95e2a"
        ],
        "X-Content-Type-Options": [
          "nosniff"
        ],
        "Date": [
          "Mon, 24 Feb 2020 17:39:34 GMT"
        ],
        "Content-Length": [
          "824"
        ],
        "Content-Type": [
          "application/json; charset=utf-8"
        ],
        "Expires": [
          "-1"
        ]
      },
      "ResponseBody": "{\r\n  \"id\": \"/subscriptions/a200340d-6b82-494d-9dbf-687ba6e33f9e/resourceGroups/powershelltest/providers/Microsoft.ApiManagement/service/powershellsdkservice/backends/ps6171\",\r\n  \"type\": \"Microsoft.ApiManagement/service/backends\",\r\n  \"name\": \"ps6171\",\r\n  \"properties\": {\r\n    \"title\": \"ps5431\",\r\n    \"description\": \"ps9291\",\r\n    \"url\": \"https://contoso.com/awesomeapi\",\r\n    \"protocol\": \"http\",\r\n    \"credentials\": {\r\n      \"query\": {\r\n        \"sr\": [\r\n          \"cc\"\r\n        ],\r\n        \"sv\": [\r\n          \"xx\",\r\n          \"bb\"\r\n        ]\r\n      },\r\n      \"header\": {\r\n        \"x-my-1\": [\r\n          \"val1\",\r\n          \"val2\"\r\n        ]\r\n      },\r\n      \"authorization\": {\r\n        \"scheme\": \"basic\",\r\n        \"parameter\": \"opensesame\"\r\n      }\r\n    },\r\n    \"tls\": {\r\n      \"validateCertificateChain\": false\r\n    }\r\n  }\r\n}",
      "StatusCode": 201
    },
    {
      "RequestUri": "/subscriptions/a200340d-6b82-494d-9dbf-687ba6e33f9e/resourceGroups/powershelltest/providers/Microsoft.ApiManagement/service/powershellsdkservice/backends/ps6171?api-version=2019-01-01",
      "EncodedRequestUri": "L3N1YnNjcmlwdGlvbnMvYTIwMDM0MGQtNmI4Mi00OTRkLTlkYmYtNjg3YmE2ZTMzZjllL3Jlc291cmNlR3JvdXBzL3Bvd2Vyc2hlbGx0ZXN0L3Byb3ZpZGVycy9NaWNyb3NvZnQuQXBpTWFuYWdlbWVudC9zZXJ2aWNlL3Bvd2Vyc2hlbGxzZGtzZXJ2aWNlL2JhY2tlbmRzL3BzNjE3MT9hcGktdmVyc2lvbj0yMDE5LTAxLTAx",
      "RequestMethod": "PATCH",
      "RequestBody": "{\r\n  \"properties\": {\r\n    \"description\": \"ps8171\"\r\n  }\r\n}",
      "RequestHeaders": {
        "x-ms-client-request-id": [
          "07583b71-5db1-4ba3-9a16-dcf0b9ab7ee7"
        ],
        "If-Match": [
          "*"
        ],
        "Accept-Language": [
          "en-US"
        ],
        "User-Agent": [
          "FxVersion/4.6.28325.01",
          "OSName/Windows",
          "OSVersion/Microsoft.Windows.10.0.18363.",
          "Microsoft.Azure.Management.ApiManagement.ApiManagementClient/4.12.0.0"
        ],
        "Content-Type": [
          "application/json; charset=utf-8"
        ],
        "Content-Length": [
          "57"
        ]
      },
      "ResponseHeaders": {
        "Cache-Control": [
          "no-cache"
        ],
        "Pragma": [
          "no-cache"
        ],
        "Strict-Transport-Security": [
          "max-age=31536000; includeSubDomains"
        ],
        "x-ms-request-id": [
          "28ed6d07-d521-4eeb-a408-d8de1bd29e8c"
        ],
        "Server": [
          "Microsoft-HTTPAPI/2.0"
        ],
        "x-ms-ratelimit-remaining-subscription-writes": [
          "1198"
        ],
        "x-ms-correlation-request-id": [
          "c677e920-771d-42df-8877-3f7fac792644"
        ],
        "x-ms-routing-request-id": [
          "WESTUS:20200224T173935Z:c677e920-771d-42df-8877-3f7fac792644"
        ],
        "X-Content-Type-Options": [
          "nosniff"
        ],
        "Date": [
          "Mon, 24 Feb 2020 17:39:34 GMT"
        ],
        "Expires": [
          "-1"
        ]
      },
      "ResponseBody": "",
      "StatusCode": 204
    },
    {
      "RequestUri": "/subscriptions/a200340d-6b82-494d-9dbf-687ba6e33f9e/resourceGroups/powershelltest/providers/Microsoft.ApiManagement/service/powershellsdkservice/backends/ps6171?api-version=2019-01-01",
      "EncodedRequestUri": "L3N1YnNjcmlwdGlvbnMvYTIwMDM0MGQtNmI4Mi00OTRkLTlkYmYtNjg3YmE2ZTMzZjllL3Jlc291cmNlR3JvdXBzL3Bvd2Vyc2hlbGx0ZXN0L3Byb3ZpZGVycy9NaWNyb3NvZnQuQXBpTWFuYWdlbWVudC9zZXJ2aWNlL3Bvd2Vyc2hlbGxzZGtzZXJ2aWNlL2JhY2tlbmRzL3BzNjE3MT9hcGktdmVyc2lvbj0yMDE5LTAxLTAx",
      "RequestMethod": "PATCH",
      "RequestBody": "{\r\n  \"properties\": {\r\n    \"proxy\": {\r\n      \"url\": \"http://12.168.1.1:8080\",\r\n      \"username\": \"foo\",\r\n      \"password\": \"PlainTextPassword\"\r\n    }\r\n  }\r\n}",
      "RequestHeaders": {
        "x-ms-client-request-id": [
          "58e0ce01-b6bf-4525-8228-6c8e52b9ac98"
        ],
        "If-Match": [
          "*"
        ],
        "Accept-Language": [
          "en-US"
        ],
        "User-Agent": [
          "FxVersion/4.6.28325.01",
          "OSName/Windows",
          "OSVersion/Microsoft.Windows.10.0.18363.",
          "Microsoft.Azure.Management.ApiManagement.ApiManagementClient/4.12.0.0"
        ],
        "Content-Type": [
          "application/json; charset=utf-8"
        ],
        "Content-Length": [
          "156"
        ]
      },
      "ResponseHeaders": {
        "Cache-Control": [
          "no-cache"
        ],
        "Pragma": [
          "no-cache"
        ],
        "Strict-Transport-Security": [
          "max-age=31536000; includeSubDomains"
        ],
        "x-ms-request-id": [
          "f819278c-5337-45ee-902b-b3a5e2f9ebe3"
        ],
        "Server": [
          "Microsoft-HTTPAPI/2.0"
        ],
        "x-ms-ratelimit-remaining-subscription-writes": [
          "1197"
        ],
        "x-ms-correlation-request-id": [
          "07cf72db-f98a-4877-aa5e-02d099833b99"
        ],
        "x-ms-routing-request-id": [
          "WESTUS:20200224T173936Z:07cf72db-f98a-4877-aa5e-02d099833b99"
        ],
        "X-Content-Type-Options": [
          "nosniff"
        ],
        "Date": [
          "Mon, 24 Feb 2020 17:39:36 GMT"
        ],
        "Expires": [
          "-1"
        ]
      },
      "ResponseBody": "",
      "StatusCode": 204
    },
    {
      "RequestUri": "/subscriptions/a200340d-6b82-494d-9dbf-687ba6e33f9e/resourceGroups/powershelltest/providers/Microsoft.ApiManagement/service/powershellsdkservice/backends/ps6171?api-version=2019-01-01",
      "EncodedRequestUri": "L3N1YnNjcmlwdGlvbnMvYTIwMDM0MGQtNmI4Mi00OTRkLTlkYmYtNjg3YmE2ZTMzZjllL3Jlc291cmNlR3JvdXBzL3Bvd2Vyc2hlbGx0ZXN0L3Byb3ZpZGVycy9NaWNyb3NvZnQuQXBpTWFuYWdlbWVudC9zZXJ2aWNlL3Bvd2Vyc2hlbGxzZGtzZXJ2aWNlL2JhY2tlbmRzL3BzNjE3MT9hcGktdmVyc2lvbj0yMDE5LTAxLTAx",
      "RequestMethod": "GET",
      "RequestBody": "",
      "RequestHeaders": {
        "x-ms-client-request-id": [
          "0b3ddff6-0eda-47c5-bdd9-fade2775783d"
        ],
        "Accept-Language": [
          "en-US"
        ],
        "User-Agent": [
          "FxVersion/4.6.28325.01",
          "OSName/Windows",
          "OSVersion/Microsoft.Windows.10.0.18363.",
          "Microsoft.Azure.Management.ApiManagement.ApiManagementClient/4.12.0.0"
        ]
      },
      "ResponseHeaders": {
        "Cache-Control": [
          "no-cache"
        ],
        "Pragma": [
          "no-cache"
        ],
        "ETag": [
          "\"AAAAAAAACsI=\""
        ],
        "Strict-Transport-Security": [
          "max-age=31536000; includeSubDomains"
        ],
        "x-ms-request-id": [
          "5046dd09-8419-44e7-add7-8fbe3c44bc9a"
        ],
        "Server": [
          "Microsoft-HTTPAPI/2.0"
        ],
        "x-ms-ratelimit-remaining-subscription-reads": [
          "11999"
        ],
        "x-ms-correlation-request-id": [
          "2ba0406d-658e-4ec9-85de-c7e10e1fa77c"
        ],
        "x-ms-routing-request-id": [
          "WESTUS:20200224T173935Z:2ba0406d-658e-4ec9-85de-c7e10e1fa77c"
        ],
        "X-Content-Type-Options": [
          "nosniff"
        ],
        "Date": [
          "Mon, 24 Feb 2020 17:39:35 GMT"
        ],
        "Content-Length": [
          "824"
        ],
        "Content-Type": [
          "application/json; charset=utf-8"
        ],
        "Expires": [
          "-1"
        ]
      },
      "ResponseBody": "{\r\n  \"id\": \"/subscriptions/a200340d-6b82-494d-9dbf-687ba6e33f9e/resourceGroups/powershelltest/providers/Microsoft.ApiManagement/service/powershellsdkservice/backends/ps6171\",\r\n  \"type\": \"Microsoft.ApiManagement/service/backends\",\r\n  \"name\": \"ps6171\",\r\n  \"properties\": {\r\n    \"title\": \"ps5431\",\r\n    \"description\": \"ps8171\",\r\n    \"url\": \"https://contoso.com/awesomeapi\",\r\n    \"protocol\": \"http\",\r\n    \"credentials\": {\r\n      \"query\": {\r\n        \"sr\": [\r\n          \"cc\"\r\n        ],\r\n        \"sv\": [\r\n          \"xx\",\r\n          \"bb\"\r\n        ]\r\n      },\r\n      \"header\": {\r\n        \"x-my-1\": [\r\n          \"val1\",\r\n          \"val2\"\r\n        ]\r\n      },\r\n      \"authorization\": {\r\n        \"scheme\": \"basic\",\r\n        \"parameter\": \"opensesame\"\r\n      }\r\n    },\r\n    \"tls\": {\r\n      \"validateCertificateChain\": false\r\n    }\r\n  }\r\n}",
      "StatusCode": 200
    },
    {
      "RequestUri": "/subscriptions/a200340d-6b82-494d-9dbf-687ba6e33f9e/resourceGroups/powershelltest/providers/Microsoft.ApiManagement/service/powershellsdkservice/backends/ps6171?api-version=2019-01-01",
      "EncodedRequestUri": "L3N1YnNjcmlwdGlvbnMvYTIwMDM0MGQtNmI4Mi00OTRkLTlkYmYtNjg3YmE2ZTMzZjllL3Jlc291cmNlR3JvdXBzL3Bvd2Vyc2hlbGx0ZXN0L3Byb3ZpZGVycy9NaWNyb3NvZnQuQXBpTWFuYWdlbWVudC9zZXJ2aWNlL3Bvd2Vyc2hlbGxzZGtzZXJ2aWNlL2JhY2tlbmRzL3BzNjE3MT9hcGktdmVyc2lvbj0yMDE5LTAxLTAx",
      "RequestMethod": "GET",
      "RequestBody": "",
      "RequestHeaders": {
        "x-ms-client-request-id": [
          "5e1bc58d-ff19-4d1c-af0a-3bdf18aae2b8"
        ],
        "Accept-Language": [
          "en-US"
        ],
        "User-Agent": [
          "FxVersion/4.6.28325.01",
          "OSName/Windows",
          "OSVersion/Microsoft.Windows.10.0.18363.",
          "Microsoft.Azure.Management.ApiManagement.ApiManagementClient/4.12.0.0"
        ]
      },
      "ResponseHeaders": {
        "Cache-Control": [
          "no-cache"
        ],
        "Pragma": [
          "no-cache"
        ],
        "ETag": [
          "\"AAAAAAAACsI=\""
        ],
        "Strict-Transport-Security": [
          "max-age=31536000; includeSubDomains"
        ],
        "x-ms-request-id": [
          "7e32656b-d2f4-4ea9-841a-6ba0eb5e24c3"
        ],
        "Server": [
          "Microsoft-HTTPAPI/2.0"
        ],
        "x-ms-ratelimit-remaining-subscription-reads": [
          "11997"
        ],
        "x-ms-correlation-request-id": [
          "99ca1ebe-eb79-48b2-8ecb-9a0a440f4005"
        ],
        "x-ms-routing-request-id": [
          "WESTUS:20200224T173936Z:99ca1ebe-eb79-48b2-8ecb-9a0a440f4005"
        ],
        "X-Content-Type-Options": [
          "nosniff"
        ],
        "Date": [
          "Mon, 24 Feb 2020 17:39:35 GMT"
        ],
        "Content-Length": [
          "824"
        ],
        "Content-Type": [
          "application/json; charset=utf-8"
        ],
        "Expires": [
          "-1"
        ]
      },
      "ResponseBody": "{\r\n  \"id\": \"/subscriptions/a200340d-6b82-494d-9dbf-687ba6e33f9e/resourceGroups/powershelltest/providers/Microsoft.ApiManagement/service/powershellsdkservice/backends/ps6171\",\r\n  \"type\": \"Microsoft.ApiManagement/service/backends\",\r\n  \"name\": \"ps6171\",\r\n  \"properties\": {\r\n    \"title\": \"ps5431\",\r\n    \"description\": \"ps8171\",\r\n    \"url\": \"https://contoso.com/awesomeapi\",\r\n    \"protocol\": \"http\",\r\n    \"credentials\": {\r\n      \"query\": {\r\n        \"sr\": [\r\n          \"cc\"\r\n        ],\r\n        \"sv\": [\r\n          \"xx\",\r\n          \"bb\"\r\n        ]\r\n      },\r\n      \"header\": {\r\n        \"x-my-1\": [\r\n          \"val1\",\r\n          \"val2\"\r\n        ]\r\n      },\r\n      \"authorization\": {\r\n        \"scheme\": \"basic\",\r\n        \"parameter\": \"opensesame\"\r\n      }\r\n    },\r\n    \"tls\": {\r\n      \"validateCertificateChain\": false\r\n    }\r\n  }\r\n}",
      "StatusCode": 200
    },
    {
      "RequestUri": "/subscriptions/a200340d-6b82-494d-9dbf-687ba6e33f9e/resourceGroups/powershelltest/providers/Microsoft.ApiManagement/service/powershellsdkservice/backends/ps6171?api-version=2019-01-01",
      "EncodedRequestUri": "L3N1YnNjcmlwdGlvbnMvYTIwMDM0MGQtNmI4Mi00OTRkLTlkYmYtNjg3YmE2ZTMzZjllL3Jlc291cmNlR3JvdXBzL3Bvd2Vyc2hlbGx0ZXN0L3Byb3ZpZGVycy9NaWNyb3NvZnQuQXBpTWFuYWdlbWVudC9zZXJ2aWNlL3Bvd2Vyc2hlbGxzZGtzZXJ2aWNlL2JhY2tlbmRzL3BzNjE3MT9hcGktdmVyc2lvbj0yMDE5LTAxLTAx",
      "RequestMethod": "GET",
      "RequestBody": "",
      "RequestHeaders": {
        "x-ms-client-request-id": [
          "70420e63-d3d6-43df-b008-48677055dc53"
        ],
        "Accept-Language": [
          "en-US"
        ],
        "User-Agent": [
          "FxVersion/4.6.28325.01",
          "OSName/Windows",
          "OSVersion/Microsoft.Windows.10.0.18363.",
          "Microsoft.Azure.Management.ApiManagement.ApiManagementClient/4.12.0.0"
        ]
      },
      "ResponseHeaders": {
        "Cache-Control": [
          "no-cache"
        ],
        "Pragma": [
          "no-cache"
        ],
        "ETag": [
          "\"AAAAAAAACsU=\""
        ],
        "Strict-Transport-Security": [
          "max-age=31536000; includeSubDomains"
        ],
        "x-ms-request-id": [
          "b787fab4-3a45-400c-ba9f-3b00e6f54873"
        ],
        "Server": [
          "Microsoft-HTTPAPI/2.0"
        ],
        "x-ms-ratelimit-remaining-subscription-reads": [
          "11996"
        ],
        "x-ms-correlation-request-id": [
          "49c608bb-b8b3-4083-b350-20c5b5a37a4a"
        ],
        "x-ms-routing-request-id": [
          "WESTUS:20200224T173936Z:49c608bb-b8b3-4083-b350-20c5b5a37a4a"
        ],
        "X-Content-Type-Options": [
          "nosniff"
        ],
        "Date": [
          "Mon, 24 Feb 2020 17:39:36 GMT"
        ],
        "Content-Length": [
          "953"
        ],
        "Content-Type": [
          "application/json; charset=utf-8"
        ],
        "Expires": [
          "-1"
        ]
      },
      "ResponseBody": "{\r\n  \"id\": \"/subscriptions/a200340d-6b82-494d-9dbf-687ba6e33f9e/resourceGroups/powershelltest/providers/Microsoft.ApiManagement/service/powershellsdkservice/backends/ps6171\",\r\n  \"type\": \"Microsoft.ApiManagement/service/backends\",\r\n  \"name\": \"ps6171\",\r\n  \"properties\": {\r\n    \"title\": \"ps5431\",\r\n    \"description\": \"ps8171\",\r\n    \"url\": \"https://contoso.com/awesomeapi\",\r\n    \"protocol\": \"http\",\r\n    \"credentials\": {\r\n      \"query\": {\r\n        \"sr\": [\r\n          \"cc\"\r\n        ],\r\n        \"sv\": [\r\n          \"xx\",\r\n          \"bb\"\r\n        ]\r\n      },\r\n      \"header\": {\r\n        \"x-my-1\": [\r\n          \"val1\",\r\n          \"val2\"\r\n        ]\r\n      },\r\n      \"authorization\": {\r\n        \"scheme\": \"basic\",\r\n        \"parameter\": \"opensesame\"\r\n      }\r\n    },\r\n    \"proxy\": {\r\n      \"url\": \"http://12.168.1.1:8080\",\r\n      \"username\": \"foo\",\r\n      \"password\": \"PlainTextPassword\"\r\n    },\r\n    \"tls\": {\r\n      \"validateCertificateChain\": false\r\n    }\r\n  }\r\n}",
      "StatusCode": 200
    },
    {
      "RequestUri": "/subscriptions/a200340d-6b82-494d-9dbf-687ba6e33f9e/resourceGroups/powershelltest/providers/Microsoft.ApiManagement/service/powershellsdkservice/backends/ps6171?api-version=2019-01-01",
      "EncodedRequestUri": "L3N1YnNjcmlwdGlvbnMvYTIwMDM0MGQtNmI4Mi00OTRkLTlkYmYtNjg3YmE2ZTMzZjllL3Jlc291cmNlR3JvdXBzL3Bvd2Vyc2hlbGx0ZXN0L3Byb3ZpZGVycy9NaWNyb3NvZnQuQXBpTWFuYWdlbWVudC9zZXJ2aWNlL3Bvd2Vyc2hlbGxzZGtzZXJ2aWNlL2JhY2tlbmRzL3BzNjE3MT9hcGktdmVyc2lvbj0yMDE5LTAxLTAx",
      "RequestMethod": "GET",
      "RequestBody": "",
      "RequestHeaders": {
        "x-ms-client-request-id": [
          "bf477f65-675e-40b9-b93b-fa042c79667f"
        ],
        "Accept-Language": [
          "en-US"
        ],
        "User-Agent": [
          "FxVersion/4.6.28325.01",
          "OSName/Windows",
          "OSVersion/Microsoft.Windows.10.0.18363.",
          "Microsoft.Azure.Management.ApiManagement.ApiManagementClient/4.12.0.0"
        ]
      },
      "ResponseHeaders": {
        "Cache-Control": [
          "no-cache"
        ],
        "Pragma": [
          "no-cache"
        ],
        "Strict-Transport-Security": [
          "max-age=31536000; includeSubDomains"
        ],
        "x-ms-request-id": [
          "c134f8d4-7b3c-4092-90f8-42a07737da2c"
        ],
        "Server": [
          "Microsoft-HTTPAPI/2.0"
        ],
        "x-ms-ratelimit-remaining-subscription-reads": [
          "11995"
        ],
        "x-ms-correlation-request-id": [
          "23c502cd-9461-4c92-9cef-12e17fd96c54"
        ],
        "x-ms-routing-request-id": [
          "WESTUS:20200224T173937Z:23c502cd-9461-4c92-9cef-12e17fd96c54"
        ],
        "X-Content-Type-Options": [
          "nosniff"
        ],
        "Date": [
          "Mon, 24 Feb 2020 17:39:36 GMT"
        ],
        "Content-Length": [
          "83"
        ],
        "Content-Type": [
          "application/json; charset=utf-8"
        ],
        "Expires": [
          "-1"
        ]
      },
      "ResponseBody": "{\r\n  \"error\": {\r\n    \"code\": \"ResourceNotFound\",\r\n    \"message\": \"Backend not found.\",\r\n    \"details\": null\r\n  }\r\n}",
      "StatusCode": 404
    },
    {
      "RequestUri": "/subscriptions/a200340d-6b82-494d-9dbf-687ba6e33f9e/resourceGroups/powershelltest/providers/Microsoft.ApiManagement/service/powershellsdkservice/backends?api-version=2019-01-01",
      "EncodedRequestUri": "L3N1YnNjcmlwdGlvbnMvYTIwMDM0MGQtNmI4Mi00OTRkLTlkYmYtNjg3YmE2ZTMzZjllL3Jlc291cmNlR3JvdXBzL3Bvd2Vyc2hlbGx0ZXN0L3Byb3ZpZGVycy9NaWNyb3NvZnQuQXBpTWFuYWdlbWVudC9zZXJ2aWNlL3Bvd2Vyc2hlbGxzZGtzZXJ2aWNlL2JhY2tlbmRzP2FwaS12ZXJzaW9uPTIwMTktMDEtMDE=",
      "RequestMethod": "GET",
      "RequestBody": "",
      "RequestHeaders": {
        "x-ms-client-request-id": [
          "0f3560d9-013e-415b-9273-fc98dcc089ba"
        ],
        "Accept-Language": [
          "en-US"
        ],
        "User-Agent": [
          "FxVersion/4.6.28325.01",
          "OSName/Windows",
          "OSVersion/Microsoft.Windows.10.0.18363.",
          "Microsoft.Azure.Management.ApiManagement.ApiManagementClient/4.12.0.0"
        ]
      },
      "ResponseHeaders": {
        "Cache-Control": [
          "no-cache"
        ],
        "Pragma": [
          "no-cache"
        ],
        "Strict-Transport-Security": [
          "max-age=31536000; includeSubDomains"
        ],
        "x-ms-request-id": [
          "0b98abcb-a0a8-42a6-9012-dbfb986100c3"
        ],
        "Server": [
          "Microsoft-HTTPAPI/2.0"
        ],
        "x-ms-ratelimit-remaining-subscription-reads": [
          "11998"
        ],
        "x-ms-correlation-request-id": [
          "f085efbd-ccd4-4566-ab02-78c57c9093d8"
        ],
        "x-ms-routing-request-id": [
          "WESTUS:20200224T173936Z:f085efbd-ccd4-4566-ab02-78c57c9093d8"
        ],
        "X-Content-Type-Options": [
          "nosniff"
        ],
        "Date": [
          "Mon, 24 Feb 2020 17:39:35 GMT"
        ],
        "Content-Length": [
          "1004"
        ],
        "Content-Type": [
          "application/json; charset=utf-8"
        ],
        "Expires": [
          "-1"
        ]
      },
      "ResponseBody": "{\r\n  \"value\": [\r\n    {\r\n      \"id\": \"/subscriptions/a200340d-6b82-494d-9dbf-687ba6e33f9e/resourceGroups/powershelltest/providers/Microsoft.ApiManagement/service/powershellsdkservice/backends/ps6171\",\r\n      \"type\": \"Microsoft.ApiManagement/service/backends\",\r\n      \"name\": \"ps6171\",\r\n      \"properties\": {\r\n        \"title\": \"ps5431\",\r\n        \"description\": \"ps8171\",\r\n        \"url\": \"https://contoso.com/awesomeapi\",\r\n        \"protocol\": \"http\",\r\n        \"credentials\": {\r\n          \"query\": {\r\n            \"sr\": [\r\n              \"cc\"\r\n            ],\r\n            \"sv\": [\r\n              \"xx\",\r\n              \"bb\"\r\n            ]\r\n          },\r\n          \"header\": {\r\n            \"x-my-1\": [\r\n              \"val1\",\r\n              \"val2\"\r\n            ]\r\n          },\r\n          \"authorization\": {\r\n            \"scheme\": \"basic\",\r\n            \"parameter\": \"opensesame\"\r\n          }\r\n        },\r\n        \"tls\": {\r\n          \"validateCertificateChain\": false\r\n        }\r\n      }\r\n    }\r\n  ],\r\n  \"count\": 1\r\n}",
      "StatusCode": 200
    },
    {
      "RequestUri": "/subscriptions/a200340d-6b82-494d-9dbf-687ba6e33f9e/resourceGroups/powershelltest/providers/Microsoft.ApiManagement/service/powershellsdkservice/backends/ps6171?api-version=2019-01-01",
      "EncodedRequestUri": "L3N1YnNjcmlwdGlvbnMvYTIwMDM0MGQtNmI4Mi00OTRkLTlkYmYtNjg3YmE2ZTMzZjllL3Jlc291cmNlR3JvdXBzL3Bvd2Vyc2hlbGx0ZXN0L3Byb3ZpZGVycy9NaWNyb3NvZnQuQXBpTWFuYWdlbWVudC9zZXJ2aWNlL3Bvd2Vyc2hlbGxzZGtzZXJ2aWNlL2JhY2tlbmRzL3BzNjE3MT9hcGktdmVyc2lvbj0yMDE5LTAxLTAx",
      "RequestMethod": "DELETE",
      "RequestBody": "",
      "RequestHeaders": {
        "x-ms-client-request-id": [
          "86da51a7-383f-4b33-ba28-668463d29311"
        ],
        "If-Match": [
          "*"
        ],
        "Accept-Language": [
          "en-US"
        ],
        "User-Agent": [
          "FxVersion/4.6.28325.01",
          "OSName/Windows",
          "OSVersion/Microsoft.Windows.10.0.18363.",
          "Microsoft.Azure.Management.ApiManagement.ApiManagementClient/4.12.0.0"
        ]
      },
      "ResponseHeaders": {
        "Cache-Control": [
          "no-cache"
        ],
        "Pragma": [
          "no-cache"
        ],
        "Strict-Transport-Security": [
          "max-age=31536000; includeSubDomains"
        ],
        "x-ms-request-id": [
          "fe770781-445f-4172-9cae-08d82852cead"
        ],
        "Server": [
          "Microsoft-HTTPAPI/2.0"
        ],
        "x-ms-ratelimit-remaining-subscription-deletes": [
          "14999"
        ],
        "x-ms-correlation-request-id": [
          "38b19026-0e75-42b3-b2c2-3bcf75c4cf48"
        ],
        "x-ms-routing-request-id": [
          "WESTUS:20200224T173937Z:38b19026-0e75-42b3-b2c2-3bcf75c4cf48"
        ],
        "X-Content-Type-Options": [
          "nosniff"
        ],
        "Date": [
          "Mon, 24 Feb 2020 17:39:36 GMT"
        ],
        "Expires": [
          "-1"
        ],
        "Content-Length": [
          "0"
        ]
      },
      "ResponseBody": "",
      "StatusCode": 200
    }
  ],
  "Names": {
    "": [
      "ps6171",
      "ps5431",
      "ps9291",
      "ps8171"
    ]
  },
  "Variables": {
    "SubscriptionId": "a200340d-6b82-494d-9dbf-687ba6e33f9e"
  }
}