{
  "Entries": [
    {
      "RequestUri": "/subscriptions/a200340d-6b82-494d-9dbf-687ba6e33f9e/resourceGroups/powershelltest/providers/Microsoft.ApiManagement/service/powershellsdkservice/gateways?api-version=2020-12-01",
      "EncodedRequestUri": "L3N1YnNjcmlwdGlvbnMvYTIwMDM0MGQtNmI4Mi00OTRkLTlkYmYtNjg3YmE2ZTMzZjllL3Jlc291cmNlR3JvdXBzL3Bvd2Vyc2hlbGx0ZXN0L3Byb3ZpZGVycy9NaWNyb3NvZnQuQXBpTWFuYWdlbWVudC9zZXJ2aWNlL3Bvd2Vyc2hlbGxzZGtzZXJ2aWNlL2dhdGV3YXlzP2FwaS12ZXJzaW9uPTIwMjAtMTItMDE=",
      "RequestMethod": "GET",
      "RequestBody": "",
      "RequestHeaders": {
        "x-ms-client-request-id": [
          "c5b9a52f-797e-4e36-ab0f-4a837a75313e"
        ],
        "Accept-Language": [
          "en-US"
        ],
        "User-Agent": [
          "FxVersion/4.6.30015.01",
          "OSName/Windows",
          "OSVersion/Microsoft.Windows.10.0.19043.",
          "Microsoft.Azure.Management.ApiManagement.ApiManagementClient/7.0.0.0"
        ]
      },
      "ResponseHeaders": {
        "Cache-Control": [
          "no-cache"
        ],
        "Pragma": [
          "no-cache"
        ],
        "Strict-Transport-Security": [
          "max-age=31536000; includeSubDomains"
        ],
        "X-Content-Type-Options": [
          "nosniff"
        ],
        "x-ms-request-id": [
          "34ddd902-6076-493e-9e11-515f39b6462c"
        ],
        "Server": [
          "Microsoft-HTTPAPI/2.0"
        ],
        "x-ms-ratelimit-remaining-subscription-reads": [
          "11999"
        ],
        "x-ms-correlation-request-id": [
          "8f38ec17-a4f4-41fe-b5db-0d0847ae9eb6"
        ],
        "x-ms-routing-request-id": [
          "WESTCENTRALUS:20210720T205433Z:8f38ec17-a4f4-41fe-b5db-0d0847ae9eb6"
        ],
        "Date": [
          "Tue, 20 Jul 2021 20:54:32 GMT"
        ],
        "Content-Length": [
          "34"
        ],
        "Content-Type": [
          "application/json; charset=utf-8"
        ],
        "Expires": [
          "-1"
        ]
      },
      "ResponseBody": "{\r\n  \"value\": [],\r\n  \"count\": 0\r\n}",
      "StatusCode": 200
    },
    {
      "RequestUri": "/subscriptions/a200340d-6b82-494d-9dbf-687ba6e33f9e/resourceGroups/powershelltest/providers/Microsoft.ApiManagement/service/powershellsdkservice/gateways?api-version=2020-12-01",
      "EncodedRequestUri": "L3N1YnNjcmlwdGlvbnMvYTIwMDM0MGQtNmI4Mi00OTRkLTlkYmYtNjg3YmE2ZTMzZjllL3Jlc291cmNlR3JvdXBzL3Bvd2Vyc2hlbGx0ZXN0L3Byb3ZpZGVycy9NaWNyb3NvZnQuQXBpTWFuYWdlbWVudC9zZXJ2aWNlL3Bvd2Vyc2hlbGxzZGtzZXJ2aWNlL2dhdGV3YXlzP2FwaS12ZXJzaW9uPTIwMjAtMTItMDE=",
      "RequestMethod": "GET",
      "RequestBody": "",
      "RequestHeaders": {
        "x-ms-client-request-id": [
          "1785bd37-3fd6-4686-b1a2-d321b8c8fedf"
        ],
        "Accept-Language": [
          "en-US"
        ],
        "User-Agent": [
          "FxVersion/4.6.30015.01",
          "OSName/Windows",
          "OSVersion/Microsoft.Windows.10.0.19043.",
          "Microsoft.Azure.Management.ApiManagement.ApiManagementClient/7.0.0.0"
        ]
      },
      "ResponseHeaders": {
        "Cache-Control": [
          "no-cache"
        ],
        "Pragma": [
          "no-cache"
        ],
        "Strict-Transport-Security": [
          "max-age=31536000; includeSubDomains"
        ],
        "X-Content-Type-Options": [
          "nosniff"
        ],
        "x-ms-request-id": [
          "de45988e-0490-443b-bd96-812c02661dac"
        ],
        "Server": [
          "Microsoft-HTTPAPI/2.0"
        ],
        "x-ms-ratelimit-remaining-subscription-reads": [
          "11998"
        ],
        "x-ms-correlation-request-id": [
          "3d4b72ad-9533-4bbf-9b57-dc46c788954e"
        ],
        "x-ms-routing-request-id": [
          "WESTCENTRALUS:20210720T205435Z:3d4b72ad-9533-4bbf-9b57-dc46c788954e"
        ],
        "Date": [
          "Tue, 20 Jul 2021 20:54:34 GMT"
        ],
        "Content-Length": [
          "572"
        ],
        "Content-Type": [
          "application/json; charset=utf-8"
        ],
        "Expires": [
          "-1"
        ]
      },
      "ResponseBody": "{\r\n  \"value\": [\r\n    {\r\n      \"id\": \"/subscriptions/a200340d-6b82-494d-9dbf-687ba6e33f9e/resourceGroups/powershelltest/providers/Microsoft.ApiManagement/service/powershellsdkservice/gateways/ps2435\",\r\n      \"type\": \"Microsoft.ApiManagement/service/gateways\",\r\n      \"name\": \"ps2435\",\r\n      \"properties\": {\r\n        \"locationData\": {\r\n          \"name\": \"ps1616\",\r\n          \"city\": \"ps3451\",\r\n          \"district\": \"ps488\",\r\n          \"countryOrRegion\": \"ps2977\"\r\n        },\r\n        \"description\": \"ps9171\",\r\n        \"heartbeat\": []\r\n      }\r\n    }\r\n  ],\r\n  \"count\": 1\r\n}",
      "StatusCode": 200
    },
    {
      "RequestUri": "/subscriptions/a200340d-6b82-494d-9dbf-687ba6e33f9e/resourceGroups/powershelltest/providers/Microsoft.ApiManagement/service/powershellsdkservice/gateways/ps2435?api-version=2020-12-01",
      "EncodedRequestUri": "L3N1YnNjcmlwdGlvbnMvYTIwMDM0MGQtNmI4Mi00OTRkLTlkYmYtNjg3YmE2ZTMzZjllL3Jlc291cmNlR3JvdXBzL3Bvd2Vyc2hlbGx0ZXN0L3Byb3ZpZGVycy9NaWNyb3NvZnQuQXBpTWFuYWdlbWVudC9zZXJ2aWNlL3Bvd2Vyc2hlbGxzZGtzZXJ2aWNlL2dhdGV3YXlzL3BzMjQzNT9hcGktdmVyc2lvbj0yMDIwLTEyLTAx",
      "RequestMethod": "PUT",
      "RequestBody": "{\r\n  \"properties\": {\r\n    \"locationData\": {\r\n      \"name\": \"ps1616\",\r\n      \"city\": \"ps3451\",\r\n      \"district\": \"ps488\",\r\n      \"countryOrRegion\": \"ps2977\"\r\n    },\r\n    \"description\": \"ps9171\"\r\n  }\r\n}",
      "RequestHeaders": {
        "x-ms-client-request-id": [
          "95594398-9352-4f97-b424-6799d75da724"
        ],
        "Accept-Language": [
          "en-US"
        ],
        "User-Agent": [
          "FxVersion/4.6.30015.01",
          "OSName/Windows",
          "OSVersion/Microsoft.Windows.10.0.19043.",
          "Microsoft.Azure.Management.ApiManagement.ApiManagementClient/7.0.0.0"
        ],
        "Content-Type": [
          "application/json; charset=utf-8"
        ],
        "Content-Length": [
          "201"
        ]
      },
      "ResponseHeaders": {
        "Cache-Control": [
          "no-cache"
        ],
        "Pragma": [
          "no-cache"
        ],
        "ETag": [
          "\"uQUBAAAAAAA=\""
        ],
        "Strict-Transport-Security": [
          "max-age=31536000; includeSubDomains"
        ],
        "X-Content-Type-Options": [
          "nosniff"
        ],
        "x-ms-request-id": [
          "2fff2d2e-fcbb-4f91-9ae3-818f1fc79066"
        ],
        "Server": [
          "Microsoft-HTTPAPI/2.0"
        ],
        "x-ms-ratelimit-remaining-subscription-writes": [
          "1199"
        ],
        "x-ms-correlation-request-id": [
          "c981b47b-a008-46ea-ba11-38d214610afc"
        ],
        "x-ms-routing-request-id": [
          "WESTCENTRALUS:20210720T205434Z:c981b47b-a008-46ea-ba11-38d214610afc"
        ],
        "Date": [
          "Tue, 20 Jul 2021 20:54:33 GMT"
        ],
        "Content-Length": [
          "474"
        ],
        "Content-Type": [
          "application/json; charset=utf-8"
        ],
        "Expires": [
          "-1"
        ]
      },
      "ResponseBody": "{\r\n  \"id\": \"/subscriptions/a200340d-6b82-494d-9dbf-687ba6e33f9e/resourceGroups/powershelltest/providers/Microsoft.ApiManagement/service/powershellsdkservice/gateways/ps2435\",\r\n  \"type\": \"Microsoft.ApiManagement/service/gateways\",\r\n  \"name\": \"ps2435\",\r\n  \"properties\": {\r\n    \"locationData\": {\r\n      \"name\": \"ps1616\",\r\n      \"city\": \"ps3451\",\r\n      \"district\": \"ps488\",\r\n      \"countryOrRegion\": \"ps2977\"\r\n    },\r\n    \"description\": \"ps9171\",\r\n    \"heartbeat\": null\r\n  }\r\n}",
      "StatusCode": 201
    },
    {
      "RequestUri": "/subscriptions/a200340d-6b82-494d-9dbf-687ba6e33f9e/resourceGroups/powershelltest/providers/Microsoft.ApiManagement/service/powershellsdkservice/gateways/ps2435?api-version=2020-12-01",
      "EncodedRequestUri": "L3N1YnNjcmlwdGlvbnMvYTIwMDM0MGQtNmI4Mi00OTRkLTlkYmYtNjg3YmE2ZTMzZjllL3Jlc291cmNlR3JvdXBzL3Bvd2Vyc2hlbGx0ZXN0L3Byb3ZpZGVycy9NaWNyb3NvZnQuQXBpTWFuYWdlbWVudC9zZXJ2aWNlL3Bvd2Vyc2hlbGxzZGtzZXJ2aWNlL2dhdGV3YXlzL3BzMjQzNT9hcGktdmVyc2lvbj0yMDIwLTEyLTAx",
      "RequestMethod": "GET",
      "RequestBody": "",
      "RequestHeaders": {
        "x-ms-client-request-id": [
          "cd77463d-72f4-4e29-b6bb-a2808e62cbb4"
        ],
        "Accept-Language": [
          "en-US"
        ],
        "User-Agent": [
          "FxVersion/4.6.30015.01",
          "OSName/Windows",
          "OSVersion/Microsoft.Windows.10.0.19043.",
          "Microsoft.Azure.Management.ApiManagement.ApiManagementClient/7.0.0.0"
        ]
      },
      "ResponseHeaders": {
        "Cache-Control": [
          "no-cache"
        ],
        "Pragma": [
          "no-cache"
        ],
        "ETag": [
          "\"uQUBAAAAAAA=\""
        ],
        "Strict-Transport-Security": [
          "max-age=31536000; includeSubDomains"
        ],
        "X-Content-Type-Options": [
          "nosniff"
        ],
        "x-ms-request-id": [
          "91fc94c8-0b24-4cc1-a99e-306e0dca3d1c"
        ],
        "Server": [
          "Microsoft-HTTPAPI/2.0"
        ],
        "x-ms-ratelimit-remaining-subscription-reads": [
          "11997"
        ],
        "x-ms-correlation-request-id": [
          "1aa68c6a-29c7-4c05-8a71-3a555f32ac46"
        ],
        "x-ms-routing-request-id": [
          "WESTCENTRALUS:20210720T205435Z:1aa68c6a-29c7-4c05-8a71-3a555f32ac46"
        ],
        "Date": [
          "Tue, 20 Jul 2021 20:54:34 GMT"
        ],
        "Content-Length": [
          "472"
        ],
        "Content-Type": [
          "application/json; charset=utf-8"
        ],
        "Expires": [
          "-1"
        ]
      },
      "ResponseBody": "{\r\n  \"id\": \"/subscriptions/a200340d-6b82-494d-9dbf-687ba6e33f9e/resourceGroups/powershelltest/providers/Microsoft.ApiManagement/service/powershellsdkservice/gateways/ps2435\",\r\n  \"type\": \"Microsoft.ApiManagement/service/gateways\",\r\n  \"name\": \"ps2435\",\r\n  \"properties\": {\r\n    \"locationData\": {\r\n      \"name\": \"ps1616\",\r\n      \"city\": \"ps3451\",\r\n      \"district\": \"ps488\",\r\n      \"countryOrRegion\": \"ps2977\"\r\n    },\r\n    \"description\": \"ps9171\",\r\n    \"heartbeat\": []\r\n  }\r\n}",
      "StatusCode": 200
    },
    {
      "RequestUri": "/subscriptions/a200340d-6b82-494d-9dbf-687ba6e33f9e/resourceGroups/powershelltest/providers/Microsoft.ApiManagement/service/powershellsdkservice/gateways/ps2435?api-version=2020-12-01",
      "EncodedRequestUri": "L3N1YnNjcmlwdGlvbnMvYTIwMDM0MGQtNmI4Mi00OTRkLTlkYmYtNjg3YmE2ZTMzZjllL3Jlc291cmNlR3JvdXBzL3Bvd2Vyc2hlbGx0ZXN0L3Byb3ZpZGVycy9NaWNyb3NvZnQuQXBpTWFuYWdlbWVudC9zZXJ2aWNlL3Bvd2Vyc2hlbGxzZGtzZXJ2aWNlL2dhdGV3YXlzL3BzMjQzNT9hcGktdmVyc2lvbj0yMDIwLTEyLTAx",
      "RequestMethod": "GET",
      "RequestBody": "",
      "RequestHeaders": {
        "x-ms-client-request-id": [
          "cf0d537d-f6d8-4650-a915-1393c0b291f0"
        ],
        "Accept-Language": [
          "en-US"
        ],
        "User-Agent": [
          "FxVersion/4.6.30015.01",
          "OSName/Windows",
          "OSVersion/Microsoft.Windows.10.0.19043.",
          "Microsoft.Azure.Management.ApiManagement.ApiManagementClient/7.0.0.0"
        ]
      },
      "ResponseHeaders": {
        "Cache-Control": [
          "no-cache"
        ],
        "Pragma": [
          "no-cache"
        ],
        "ETag": [
          "\"uQUBAAAAAAA=\""
        ],
        "Strict-Transport-Security": [
          "max-age=31536000; includeSubDomains"
        ],
        "X-Content-Type-Options": [
          "nosniff"
        ],
        "x-ms-request-id": [
          "6dcbf57d-7be6-4a9a-81da-fd346460d63d"
        ],
        "Server": [
          "Microsoft-HTTPAPI/2.0"
        ],
        "x-ms-ratelimit-remaining-subscription-reads": [
          "11996"
        ],
        "x-ms-correlation-request-id": [
          "6d3816f4-b7c2-4a88-a17e-981bf9305cf4"
        ],
        "x-ms-routing-request-id": [
          "WESTCENTRALUS:20210720T205435Z:6d3816f4-b7c2-4a88-a17e-981bf9305cf4"
        ],
        "Date": [
          "Tue, 20 Jul 2021 20:54:34 GMT"
        ],
        "Content-Length": [
          "472"
        ],
        "Content-Type": [
          "application/json; charset=utf-8"
        ],
        "Expires": [
          "-1"
        ]
      },
      "ResponseBody": "{\r\n  \"id\": \"/subscriptions/a200340d-6b82-494d-9dbf-687ba6e33f9e/resourceGroups/powershelltest/providers/Microsoft.ApiManagement/service/powershellsdkservice/gateways/ps2435\",\r\n  \"type\": \"Microsoft.ApiManagement/service/gateways\",\r\n  \"name\": \"ps2435\",\r\n  \"properties\": {\r\n    \"locationData\": {\r\n      \"name\": \"ps1616\",\r\n      \"city\": \"ps3451\",\r\n      \"district\": \"ps488\",\r\n      \"countryOrRegion\": \"ps2977\"\r\n    },\r\n    \"description\": \"ps9171\",\r\n    \"heartbeat\": []\r\n  }\r\n}",
      "StatusCode": 200
    },
    {
      "RequestUri": "/subscriptions/a200340d-6b82-494d-9dbf-687ba6e33f9e/resourceGroups/powershelltest/providers/Microsoft.ApiManagement/service/powershellsdkservice/gateways/ps2435?api-version=2020-12-01",
      "EncodedRequestUri": "L3N1YnNjcmlwdGlvbnMvYTIwMDM0MGQtNmI4Mi00OTRkLTlkYmYtNjg3YmE2ZTMzZjllL3Jlc291cmNlR3JvdXBzL3Bvd2Vyc2hlbGx0ZXN0L3Byb3ZpZGVycy9NaWNyb3NvZnQuQXBpTWFuYWdlbWVudC9zZXJ2aWNlL3Bvd2Vyc2hlbGxzZGtzZXJ2aWNlL2dhdGV3YXlzL3BzMjQzNT9hcGktdmVyc2lvbj0yMDIwLTEyLTAx",
      "RequestMethod": "GET",
      "RequestBody": "",
      "RequestHeaders": {
        "x-ms-client-request-id": [
          "cf0d537d-f6d8-4650-a915-1393c0b291f0"
        ],
        "Accept-Language": [
          "en-US"
        ],
        "User-Agent": [
          "FxVersion/4.6.30015.01",
          "OSName/Windows",
          "OSVersion/Microsoft.Windows.10.0.19043.",
          "Microsoft.Azure.Management.ApiManagement.ApiManagementClient/7.0.0.0"
        ]
      },
      "ResponseHeaders": {
        "Cache-Control": [
          "no-cache"
        ],
        "Pragma": [
          "no-cache"
        ],
        "ETag": [
          "\"ugUBAAAAAAA=\""
        ],
        "Strict-Transport-Security": [
          "max-age=31536000; includeSubDomains"
        ],
        "X-Content-Type-Options": [
          "nosniff"
        ],
        "x-ms-request-id": [
          "53263619-6b61-49bc-b3e6-318cc81ae3cb"
        ],
        "Server": [
          "Microsoft-HTTPAPI/2.0"
        ],
        "x-ms-ratelimit-remaining-subscription-reads": [
          "11995"
        ],
        "x-ms-correlation-request-id": [
          "8ef45afe-d09d-4eb7-84ab-da75ce30e16f"
        ],
        "x-ms-routing-request-id": [
          "WESTCENTRALUS:20210720T205436Z:8ef45afe-d09d-4eb7-84ab-da75ce30e16f"
        ],
        "Date": [
          "Tue, 20 Jul 2021 20:54:35 GMT"
        ],
        "Content-Length": [
          "472"
        ],
        "Content-Type": [
          "application/json; charset=utf-8"
        ],
        "Expires": [
          "-1"
        ]
      },
      "ResponseBody": "{\r\n  \"id\": \"/subscriptions/a200340d-6b82-494d-9dbf-687ba6e33f9e/resourceGroups/powershelltest/providers/Microsoft.ApiManagement/service/powershellsdkservice/gateways/ps2435\",\r\n  \"type\": \"Microsoft.ApiManagement/service/gateways\",\r\n  \"name\": \"ps2435\",\r\n  \"properties\": {\r\n    \"locationData\": {\r\n      \"name\": \"ps1616\",\r\n      \"city\": \"ps3451\",\r\n      \"district\": \"ps488\",\r\n      \"countryOrRegion\": \"ps2977\"\r\n    },\r\n    \"description\": \"ps3175\",\r\n    \"heartbeat\": []\r\n  }\r\n}",
      "StatusCode": 200
    },
    {
      "RequestUri": "/subscriptions/a200340d-6b82-494d-9dbf-687ba6e33f9e/resourceGroups/powershelltest/providers/Microsoft.ApiManagement/service/powershellsdkservice/gateways/ps2435?api-version=2020-12-01",
      "EncodedRequestUri": "L3N1YnNjcmlwdGlvbnMvYTIwMDM0MGQtNmI4Mi00OTRkLTlkYmYtNjg3YmE2ZTMzZjllL3Jlc291cmNlR3JvdXBzL3Bvd2Vyc2hlbGx0ZXN0L3Byb3ZpZGVycy9NaWNyb3NvZnQuQXBpTWFuYWdlbWVudC9zZXJ2aWNlL3Bvd2Vyc2hlbGxzZGtzZXJ2aWNlL2dhdGV3YXlzL3BzMjQzNT9hcGktdmVyc2lvbj0yMDIwLTEyLTAx",
      "RequestMethod": "GET",
      "RequestBody": "",
      "RequestHeaders": {
        "x-ms-client-request-id": [
          "166bf726-e2a0-49ae-afae-d0e50f0cce36"
        ],
        "Accept-Language": [
          "en-US"
        ],
        "User-Agent": [
          "FxVersion/4.6.30015.01",
          "OSName/Windows",
          "OSVersion/Microsoft.Windows.10.0.19043.",
          "Microsoft.Azure.Management.ApiManagement.ApiManagementClient/7.0.0.0"
        ]
      },
      "ResponseHeaders": {
        "Cache-Control": [
          "no-cache"
        ],
        "Pragma": [
          "no-cache"
        ],
        "ETag": [
          "\"uwUBAAAAAAA=\""
        ],
        "Strict-Transport-Security": [
          "max-age=31536000; includeSubDomains"
        ],
        "X-Content-Type-Options": [
          "nosniff"
        ],
        "x-ms-request-id": [
          "045bce67-2455-4a3a-ae28-26a65a6ddc94"
        ],
        "Server": [
          "Microsoft-HTTPAPI/2.0"
        ],
        "x-ms-ratelimit-remaining-subscription-reads": [
          "11994"
        ],
        "x-ms-correlation-request-id": [
          "bb2456c1-d5b7-4242-a88a-7027d3328681"
        ],
        "x-ms-routing-request-id": [
          "WESTCENTRALUS:20210720T205436Z:bb2456c1-d5b7-4242-a88a-7027d3328681"
        ],
        "Date": [
          "Tue, 20 Jul 2021 20:54:35 GMT"
        ],
        "Content-Length": [
          "472"
        ],
        "Content-Type": [
          "application/json; charset=utf-8"
        ],
        "Expires": [
          "-1"
        ]
      },
      "ResponseBody": "{\r\n  \"id\": \"/subscriptions/a200340d-6b82-494d-9dbf-687ba6e33f9e/resourceGroups/powershelltest/providers/Microsoft.ApiManagement/service/powershellsdkservice/gateways/ps2435\",\r\n  \"type\": \"Microsoft.ApiManagement/service/gateways\",\r\n  \"name\": \"ps2435\",\r\n  \"properties\": {\r\n    \"locationData\": {\r\n      \"name\": \"ps1616\",\r\n      \"city\": \"ps3451\",\r\n      \"district\": \"ps488\",\r\n      \"countryOrRegion\": \"ps2977\"\r\n    },\r\n    \"description\": \"ps8393\",\r\n    \"heartbeat\": []\r\n  }\r\n}",
      "StatusCode": 200
    },
    {
      "RequestUri": "/subscriptions/a200340d-6b82-494d-9dbf-687ba6e33f9e/resourceGroups/powershelltest/providers/Microsoft.ApiManagement/service/powershellsdkservice/gateways/ps2435?api-version=2020-12-01",
      "EncodedRequestUri": "L3N1YnNjcmlwdGlvbnMvYTIwMDM0MGQtNmI4Mi00OTRkLTlkYmYtNjg3YmE2ZTMzZjllL3Jlc291cmNlR3JvdXBzL3Bvd2Vyc2hlbGx0ZXN0L3Byb3ZpZGVycy9NaWNyb3NvZnQuQXBpTWFuYWdlbWVudC9zZXJ2aWNlL3Bvd2Vyc2hlbGxzZGtzZXJ2aWNlL2dhdGV3YXlzL3BzMjQzNT9hcGktdmVyc2lvbj0yMDIwLTEyLTAx",
      "RequestMethod": "GET",
      "RequestBody": "",
      "RequestHeaders": {
        "x-ms-client-request-id": [
          "d382569f-9601-4876-bf3b-f4f3571c4716"
        ],
        "Accept-Language": [
          "en-US"
        ],
        "User-Agent": [
          "FxVersion/4.6.30015.01",
          "OSName/Windows",
          "OSVersion/Microsoft.Windows.10.0.19043.",
          "Microsoft.Azure.Management.ApiManagement.ApiManagementClient/7.0.0.0"
        ]
      },
      "ResponseHeaders": {
        "Cache-Control": [
          "no-cache"
        ],
        "Pragma": [
          "no-cache"
        ],
        "ETag": [
          "\"vAUBAAAAAAA=\""
        ],
        "Strict-Transport-Security": [
          "max-age=31536000; includeSubDomains"
        ],
        "X-Content-Type-Options": [
          "nosniff"
        ],
        "x-ms-request-id": [
          "6e398545-5e4d-4b6a-bad5-d420e07dc88f"
        ],
        "Server": [
          "Microsoft-HTTPAPI/2.0"
        ],
        "x-ms-ratelimit-remaining-subscription-reads": [
          "11993"
        ],
        "x-ms-correlation-request-id": [
          "7334462f-7a36-4a3a-a67d-a5eeb6f699cf"
        ],
        "x-ms-routing-request-id": [
          "WESTCENTRALUS:20210720T205436Z:7334462f-7a36-4a3a-a67d-a5eeb6f699cf"
        ],
        "Date": [
          "Tue, 20 Jul 2021 20:54:35 GMT"
        ],
        "Content-Length": [
          "465"
        ],
        "Content-Type": [
          "application/json; charset=utf-8"
        ],
        "Expires": [
          "-1"
        ]
      },
      "ResponseBody": "{\r\n  \"id\": \"/subscriptions/a200340d-6b82-494d-9dbf-687ba6e33f9e/resourceGroups/powershelltest/providers/Microsoft.ApiManagement/service/powershellsdkservice/gateways/ps2435\",\r\n  \"type\": \"Microsoft.ApiManagement/service/gateways\",\r\n  \"name\": \"ps2435\",\r\n  \"properties\": {\r\n    \"locationData\": {\r\n      \"name\": \"ps1616\",\r\n      \"city\": \"ps5629\",\r\n      \"district\": null,\r\n      \"countryOrRegion\": null\r\n    },\r\n    \"description\": \"ps8393\",\r\n    \"heartbeat\": []\r\n  }\r\n}",
      "StatusCode": 200
    },
    {
      "RequestUri": "/subscriptions/a200340d-6b82-494d-9dbf-687ba6e33f9e/resourceGroups/powershelltest/providers/Microsoft.ApiManagement/service/powershellsdkservice/gateways/ps2435?api-version=2020-12-01",
      "EncodedRequestUri": "L3N1YnNjcmlwdGlvbnMvYTIwMDM0MGQtNmI4Mi00OTRkLTlkYmYtNjg3YmE2ZTMzZjllL3Jlc291cmNlR3JvdXBzL3Bvd2Vyc2hlbGx0ZXN0L3Byb3ZpZGVycy9NaWNyb3NvZnQuQXBpTWFuYWdlbWVudC9zZXJ2aWNlL3Bvd2Vyc2hlbGxzZGtzZXJ2aWNlL2dhdGV3YXlzL3BzMjQzNT9hcGktdmVyc2lvbj0yMDIwLTEyLTAx",
      "RequestMethod": "GET",
      "RequestBody": "",
      "RequestHeaders": {
        "x-ms-client-request-id": [
          "204c7d06-0814-4dae-ab84-a14a992a55e2"
        ],
        "Accept-Language": [
          "en-US"
        ],
        "User-Agent": [
          "FxVersion/4.6.30015.01",
          "OSName/Windows",
          "OSVersion/Microsoft.Windows.10.0.19043.",
          "Microsoft.Azure.Management.ApiManagement.ApiManagementClient/7.0.0.0"
        ]
      },
      "ResponseHeaders": {
        "Cache-Control": [
          "no-cache"
        ],
        "Pragma": [
          "no-cache"
        ],
        "Strict-Transport-Security": [
          "max-age=31536000; includeSubDomains"
        ],
        "X-Content-Type-Options": [
          "nosniff"
        ],
        "x-ms-request-id": [
          "32ecc554-b6d7-4c99-ba23-6bea2ecd6b3a"
        ],
        "Server": [
          "Microsoft-HTTPAPI/2.0"
        ],
        "x-ms-ratelimit-remaining-subscription-reads": [
          "11986"
        ],
        "x-ms-correlation-request-id": [
          "bde77773-570f-49db-91ac-2743dedae014"
        ],
        "x-ms-routing-request-id": [
          "WESTCENTRALUS:20210720T205446Z:bde77773-570f-49db-91ac-2743dedae014"
        ],
        "Date": [
          "Tue, 20 Jul 2021 20:54:46 GMT"
        ],
        "Content-Length": [
          "83"
        ],
        "Content-Type": [
          "application/json; charset=utf-8"
        ],
        "Expires": [
          "-1"
        ]
      },
      "ResponseBody": "{\r\n  \"error\": {\r\n    \"code\": \"ResourceNotFound\",\r\n    \"message\": \"Gateway not found.\",\r\n    \"details\": null\r\n  }\r\n}",
      "StatusCode": 404
    },
    {
      "RequestUri": "/subscriptions/a200340d-6b82-494d-9dbf-687ba6e33f9e/resourceGroups/powershelltest/providers/Microsoft.ApiManagement/service/powershellsdkservice/gateways/ps2435?api-version=2020-12-01",
      "EncodedRequestUri": "L3N1YnNjcmlwdGlvbnMvYTIwMDM0MGQtNmI4Mi00OTRkLTlkYmYtNjg3YmE2ZTMzZjllL3Jlc291cmNlR3JvdXBzL3Bvd2Vyc2hlbGx0ZXN0L3Byb3ZpZGVycy9NaWNyb3NvZnQuQXBpTWFuYWdlbWVudC9zZXJ2aWNlL3Bvd2Vyc2hlbGxzZGtzZXJ2aWNlL2dhdGV3YXlzL3BzMjQzNT9hcGktdmVyc2lvbj0yMDIwLTEyLTAx",
      "RequestMethod": "PATCH",
      "RequestBody": "{\r\n  \"properties\": {\r\n    \"locationData\": {\r\n      \"name\": \"ps1616\",\r\n      \"city\": \"ps3451\",\r\n      \"district\": \"ps488\",\r\n      \"countryOrRegion\": \"ps2977\"\r\n    },\r\n    \"description\": \"ps3175\"\r\n  }\r\n}",
      "RequestHeaders": {
        "x-ms-client-request-id": [
          "cf0d537d-f6d8-4650-a915-1393c0b291f0"
        ],
        "If-Match": [
          "*"
        ],
        "Accept-Language": [
          "en-US"
        ],
        "User-Agent": [
          "FxVersion/4.6.30015.01",
          "OSName/Windows",
          "OSVersion/Microsoft.Windows.10.0.19043.",
          "Microsoft.Azure.Management.ApiManagement.ApiManagementClient/7.0.0.0"
        ],
        "Content-Type": [
          "application/json; charset=utf-8"
        ],
        "Content-Length": [
          "201"
        ]
      },
      "ResponseHeaders": {
        "Cache-Control": [
          "no-cache"
        ],
        "Pragma": [
          "no-cache"
        ],
        "ETag": [
          "\"ugUBAAAAAAA=\""
        ],
        "Strict-Transport-Security": [
          "max-age=31536000; includeSubDomains"
        ],
        "X-Content-Type-Options": [
          "nosniff"
        ],
        "x-ms-request-id": [
          "e1e5fd78-0a19-4bf2-8355-fc4853764d2b"
        ],
        "Server": [
          "Microsoft-HTTPAPI/2.0"
        ],
        "x-ms-ratelimit-remaining-subscription-writes": [
          "1198"
        ],
        "x-ms-correlation-request-id": [
          "43dc96ad-1526-4c54-8c39-467a4300f608"
        ],
        "x-ms-routing-request-id": [
          "WESTCENTRALUS:20210720T205435Z:43dc96ad-1526-4c54-8c39-467a4300f608"
        ],
        "Date": [
          "Tue, 20 Jul 2021 20:54:34 GMT"
        ],
        "Content-Length": [
          "474"
        ],
        "Content-Type": [
          "application/json; charset=utf-8"
        ],
        "Expires": [
          "-1"
        ]
      },
      "ResponseBody": "{\r\n  \"id\": \"/subscriptions/a200340d-6b82-494d-9dbf-687ba6e33f9e/resourceGroups/powershelltest/providers/Microsoft.ApiManagement/service/powershellsdkservice/gateways/ps2435\",\r\n  \"type\": \"Microsoft.ApiManagement/service/gateways\",\r\n  \"name\": \"ps2435\",\r\n  \"properties\": {\r\n    \"locationData\": {\r\n      \"name\": \"ps1616\",\r\n      \"city\": \"ps3451\",\r\n      \"district\": \"ps488\",\r\n      \"countryOrRegion\": \"ps2977\"\r\n    },\r\n    \"description\": \"ps3175\",\r\n    \"heartbeat\": null\r\n  }\r\n}",
      "StatusCode": 200
    },
    {
      "RequestUri": "/subscriptions/a200340d-6b82-494d-9dbf-687ba6e33f9e/resourceGroups/powershelltest/providers/Microsoft.ApiManagement/service/powershellsdkservice/gateways/ps2435?api-version=2020-12-01",
      "EncodedRequestUri": "L3N1YnNjcmlwdGlvbnMvYTIwMDM0MGQtNmI4Mi00OTRkLTlkYmYtNjg3YmE2ZTMzZjllL3Jlc291cmNlR3JvdXBzL3Bvd2Vyc2hlbGx0ZXN0L3Byb3ZpZGVycy9NaWNyb3NvZnQuQXBpTWFuYWdlbWVudC9zZXJ2aWNlL3Bvd2Vyc2hlbGxzZGtzZXJ2aWNlL2dhdGV3YXlzL3BzMjQzNT9hcGktdmVyc2lvbj0yMDIwLTEyLTAx",
      "RequestMethod": "PATCH",
      "RequestBody": "{\r\n  \"properties\": {\r\n    \"description\": \"ps8393\"\r\n  }\r\n}",
      "RequestHeaders": {
        "x-ms-client-request-id": [
          "166bf726-e2a0-49ae-afae-d0e50f0cce36"
        ],
        "If-Match": [
          "*"
        ],
        "Accept-Language": [
          "en-US"
        ],
        "User-Agent": [
          "FxVersion/4.6.30015.01",
          "OSName/Windows",
          "OSVersion/Microsoft.Windows.10.0.19043.",
          "Microsoft.Azure.Management.ApiManagement.ApiManagementClient/7.0.0.0"
        ],
        "Content-Type": [
          "application/json; charset=utf-8"
        ],
        "Content-Length": [
          "57"
        ]
      },
      "ResponseHeaders": {
        "Cache-Control": [
          "no-cache"
        ],
        "Pragma": [
          "no-cache"
        ],
        "ETag": [
          "\"uwUBAAAAAAA=\""
        ],
        "Strict-Transport-Security": [
          "max-age=31536000; includeSubDomains"
        ],
        "X-Content-Type-Options": [
          "nosniff"
        ],
        "x-ms-request-id": [
          "31cb413b-bd29-469b-9db1-18ceb6621a96"
        ],
        "Server": [
          "Microsoft-HTTPAPI/2.0"
        ],
        "x-ms-ratelimit-remaining-subscription-writes": [
          "1197"
        ],
        "x-ms-correlation-request-id": [
          "b45e264f-f26b-4e67-ab0b-17a2939571d5"
        ],
        "x-ms-routing-request-id": [
          "WESTCENTRALUS:20210720T205436Z:b45e264f-f26b-4e67-ab0b-17a2939571d5"
        ],
        "Date": [
          "Tue, 20 Jul 2021 20:54:35 GMT"
        ],
        "Content-Length": [
          "474"
        ],
        "Content-Type": [
          "application/json; charset=utf-8"
        ],
        "Expires": [
          "-1"
        ]
      },
      "ResponseBody": "{\r\n  \"id\": \"/subscriptions/a200340d-6b82-494d-9dbf-687ba6e33f9e/resourceGroups/powershelltest/providers/Microsoft.ApiManagement/service/powershellsdkservice/gateways/ps2435\",\r\n  \"type\": \"Microsoft.ApiManagement/service/gateways\",\r\n  \"name\": \"ps2435\",\r\n  \"properties\": {\r\n    \"locationData\": {\r\n      \"name\": \"ps1616\",\r\n      \"city\": \"ps3451\",\r\n      \"district\": \"ps488\",\r\n      \"countryOrRegion\": \"ps2977\"\r\n    },\r\n    \"description\": \"ps8393\",\r\n    \"heartbeat\": null\r\n  }\r\n}",
      "StatusCode": 200
    },
    {
      "RequestUri": "/subscriptions/a200340d-6b82-494d-9dbf-687ba6e33f9e/resourceGroups/powershelltest/providers/Microsoft.ApiManagement/service/powershellsdkservice/gateways/ps2435?api-version=2020-12-01",
      "EncodedRequestUri": "L3N1YnNjcmlwdGlvbnMvYTIwMDM0MGQtNmI4Mi00OTRkLTlkYmYtNjg3YmE2ZTMzZjllL3Jlc291cmNlR3JvdXBzL3Bvd2Vyc2hlbGx0ZXN0L3Byb3ZpZGVycy9NaWNyb3NvZnQuQXBpTWFuYWdlbWVudC9zZXJ2aWNlL3Bvd2Vyc2hlbGxzZGtzZXJ2aWNlL2dhdGV3YXlzL3BzMjQzNT9hcGktdmVyc2lvbj0yMDIwLTEyLTAx",
      "RequestMethod": "PATCH",
      "RequestBody": "{\r\n  \"properties\": {\r\n    \"locationData\": {\r\n      \"name\": \"ps1616\",\r\n      \"city\": \"ps5629\"\r\n    }\r\n  }\r\n}",
      "RequestHeaders": {
        "x-ms-client-request-id": [
          "d382569f-9601-4876-bf3b-f4f3571c4716"
        ],
        "If-Match": [
          "*"
        ],
        "Accept-Language": [
          "en-US"
        ],
        "User-Agent": [
          "FxVersion/4.6.30015.01",
          "OSName/Windows",
          "OSVersion/Microsoft.Windows.10.0.19043.",
          "Microsoft.Azure.Management.ApiManagement.ApiManagementClient/7.0.0.0"
        ],
        "Content-Type": [
          "application/json; charset=utf-8"
        ],
        "Content-Length": [
          "107"
        ]
      },
      "ResponseHeaders": {
        "Cache-Control": [
          "no-cache"
        ],
        "Pragma": [
          "no-cache"
        ],
        "ETag": [
          "\"vAUBAAAAAAA=\""
        ],
        "Strict-Transport-Security": [
          "max-age=31536000; includeSubDomains"
        ],
        "X-Content-Type-Options": [
          "nosniff"
        ],
        "x-ms-request-id": [
          "ae22e374-7491-4c5a-ad94-8e6cc0be9093"
        ],
        "Server": [
          "Microsoft-HTTPAPI/2.0"
        ],
        "x-ms-ratelimit-remaining-subscription-writes": [
          "1196"
        ],
        "x-ms-correlation-request-id": [
          "28f70e46-c465-44d3-b8f8-84fc5f3359a7"
        ],
        "x-ms-routing-request-id": [
          "WESTCENTRALUS:20210720T205436Z:28f70e46-c465-44d3-b8f8-84fc5f3359a7"
        ],
        "Date": [
          "Tue, 20 Jul 2021 20:54:35 GMT"
        ],
        "Content-Length": [
          "467"
        ],
        "Content-Type": [
          "application/json; charset=utf-8"
        ],
        "Expires": [
          "-1"
        ]
      },
      "ResponseBody": "{\r\n  \"id\": \"/subscriptions/a200340d-6b82-494d-9dbf-687ba6e33f9e/resourceGroups/powershelltest/providers/Microsoft.ApiManagement/service/powershellsdkservice/gateways/ps2435\",\r\n  \"type\": \"Microsoft.ApiManagement/service/gateways\",\r\n  \"name\": \"ps2435\",\r\n  \"properties\": {\r\n    \"locationData\": {\r\n      \"name\": \"ps1616\",\r\n      \"city\": \"ps5629\",\r\n      \"district\": null,\r\n      \"countryOrRegion\": null\r\n    },\r\n    \"description\": \"ps8393\",\r\n    \"heartbeat\": null\r\n  }\r\n}",
      "StatusCode": 200
    },
    {
      "RequestUri": "/subscriptions/a200340d-6b82-494d-9dbf-687ba6e33f9e/resourceGroups/powershelltest/providers/Microsoft.ApiManagement/service/powershellsdkservice/gateways/ps2435/listKeys?api-version=2020-12-01",
      "EncodedRequestUri": "L3N1YnNjcmlwdGlvbnMvYTIwMDM0MGQtNmI4Mi00OTRkLTlkYmYtNjg3YmE2ZTMzZjllL3Jlc291cmNlR3JvdXBzL3Bvd2Vyc2hlbGx0ZXN0L3Byb3ZpZGVycy9NaWNyb3NvZnQuQXBpTWFuYWdlbWVudC9zZXJ2aWNlL3Bvd2Vyc2hlbGxzZGtzZXJ2aWNlL2dhdGV3YXlzL3BzMjQzNS9saXN0S2V5cz9hcGktdmVyc2lvbj0yMDIwLTEyLTAx",
      "RequestMethod": "POST",
      "RequestBody": "",
      "RequestHeaders": {
        "x-ms-client-request-id": [
          "1d0d7d6c-9033-4b62-aeee-8baed9b61fab"
        ],
        "Accept-Language": [
          "en-US"
        ],
        "User-Agent": [
          "FxVersion/4.6.30015.01",
          "OSName/Windows",
          "OSVersion/Microsoft.Windows.10.0.19043.",
          "Microsoft.Azure.Management.ApiManagement.ApiManagementClient/7.0.0.0"
        ]
      },
      "ResponseHeaders": {
        "Cache-Control": [
          "no-cache"
        ],
        "Pragma": [
          "no-cache"
        ],
        "ETag": [
          "\"vAUBAAAAAAA=\""
        ],
        "Strict-Transport-Security": [
          "max-age=31536000; includeSubDomains"
        ],
        "X-Content-Type-Options": [
          "nosniff"
        ],
        "x-ms-request-id": [
          "6a3a9d7d-6f2f-413e-ae04-553f32b41d00"
        ],
        "Server": [
          "Microsoft-HTTPAPI/2.0"
        ],
        "x-ms-ratelimit-remaining-subscription-writes": [
          "1199"
        ],
        "x-ms-correlation-request-id": [
          "d021e7fa-8eeb-42a7-9b92-af5d82dd8c23"
        ],
        "x-ms-routing-request-id": [
          "WESTCENTRALUS:20210720T205436Z:d021e7fa-8eeb-42a7-9b92-af5d82dd8c23"
        ],
        "Date": [
          "Tue, 20 Jul 2021 20:54:35 GMT"
        ],
        "Content-Length": [
          "205"
        ],
        "Content-Type": [
          "application/json; charset=utf-8"
        ],
        "Expires": [
          "-1"
        ]
      },
      "ResponseBody": "{\r\n  \"primary\": \"93P88yPROrv+1nQXdLrwmB8G0BWGV4HV9Y7wyFHPVaKMnZAdy+9d0jh+cKD4pijWy4xNkjhO3o0eUKaPPn2DJA==\",\r\n  \"secondary\": \"7RToBk46s24JMbzqBzodqSj/jipEaX1zqyjg5zBvGxcf12Ysoqhz/BM4IMgQIYDJNnucGo3/YKCUjrrQDZQGpw==\"\r\n}",
      "StatusCode": 200
    },
    {
      "RequestUri": "/subscriptions/a200340d-6b82-494d-9dbf-687ba6e33f9e/resourceGroups/powershelltest/providers/Microsoft.ApiManagement/service/powershellsdkservice/apis?api-version=2020-12-01",
      "EncodedRequestUri": "L3N1YnNjcmlwdGlvbnMvYTIwMDM0MGQtNmI4Mi00OTRkLTlkYmYtNjg3YmE2ZTMzZjllL3Jlc291cmNlR3JvdXBzL3Bvd2Vyc2hlbGx0ZXN0L3Byb3ZpZGVycy9NaWNyb3NvZnQuQXBpTWFuYWdlbWVudC9zZXJ2aWNlL3Bvd2Vyc2hlbGxzZGtzZXJ2aWNlL2FwaXM/YXBpLXZlcnNpb249MjAyMC0xMi0wMQ==",
      "RequestMethod": "GET",
      "RequestBody": "",
      "RequestHeaders": {
        "x-ms-client-request-id": [
          "640ff3e4-90a1-431b-aa23-d49663a82be4"
        ],
        "Accept-Language": [
          "en-US"
        ],
        "User-Agent": [
          "FxVersion/4.6.30015.01",
          "OSName/Windows",
          "OSVersion/Microsoft.Windows.10.0.19043.",
          "Microsoft.Azure.Management.ApiManagement.ApiManagementClient/7.0.0.0"
        ]
      },
      "ResponseHeaders": {
        "Cache-Control": [
          "no-cache"
        ],
        "Pragma": [
          "no-cache"
        ],
        "Strict-Transport-Security": [
          "max-age=31536000; includeSubDomains"
        ],
        "X-Content-Type-Options": [
          "nosniff"
        ],
        "x-ms-request-id": [
          "b1f09a6b-838c-4c6e-a464-68a4a42979cb"
        ],
        "Server": [
          "Microsoft-HTTPAPI/2.0"
        ],
        "x-ms-ratelimit-remaining-subscription-reads": [
          "11992"
        ],
        "x-ms-correlation-request-id": [
          "8c4ef7ae-a9c1-4d16-9dff-80e672960122"
        ],
        "x-ms-routing-request-id": [
          "WESTCENTRALUS:20210720T205437Z:8c4ef7ae-a9c1-4d16-9dff-80e672960122"
        ],
        "Date": [
          "Tue, 20 Jul 2021 20:54:37 GMT"
        ],
        "Content-Length": [
          "729"
        ],
        "Content-Type": [
          "application/json; charset=utf-8"
        ],
        "Expires": [
          "-1"
        ]
      },
      "ResponseBody": "{\r\n  \"value\": [\r\n    {\r\n      \"id\": \"/subscriptions/a200340d-6b82-494d-9dbf-687ba6e33f9e/resourceGroups/powershelltest/providers/Microsoft.ApiManagement/service/powershellsdkservice/apis/echo-api\",\r\n      \"type\": \"Microsoft.ApiManagement/service/apis\",\r\n      \"name\": \"echo-api\",\r\n      \"properties\": {\r\n        \"displayName\": \"Echo API\",\r\n        \"apiRevision\": \"1\",\r\n        \"description\": null,\r\n        \"subscriptionRequired\": true,\r\n        \"serviceUrl\": \"http://echoapi.cloudapp.net/api\",\r\n        \"path\": \"echo\",\r\n        \"protocols\": [\r\n          \"https\"\r\n        ],\r\n        \"authenticationSettings\": null,\r\n        \"subscriptionKeyParameterNames\": null,\r\n        \"isCurrent\": true\r\n      }\r\n    }\r\n  ],\r\n  \"count\": 1\r\n}",
      "StatusCode": 200
    },
    {
      "RequestUri": "/subscriptions/a200340d-6b82-494d-9dbf-687ba6e33f9e/resourceGroups/powershelltest/providers/Microsoft.ApiManagement/service/powershellsdkservice/gateways/ps2435/apis/echo-api?api-version=2020-12-01",
      "EncodedRequestUri": "L3N1YnNjcmlwdGlvbnMvYTIwMDM0MGQtNmI4Mi00OTRkLTlkYmYtNjg3YmE2ZTMzZjllL3Jlc291cmNlR3JvdXBzL3Bvd2Vyc2hlbGx0ZXN0L3Byb3ZpZGVycy9NaWNyb3NvZnQuQXBpTWFuYWdlbWVudC9zZXJ2aWNlL3Bvd2Vyc2hlbGxzZGtzZXJ2aWNlL2dhdGV3YXlzL3BzMjQzNS9hcGlzL2VjaG8tYXBpP2FwaS12ZXJzaW9uPTIwMjAtMTItMDE=",
      "RequestMethod": "PUT",
      "RequestBody": "",
      "RequestHeaders": {
        "x-ms-client-request-id": [
          "153a511f-d9e0-4c1f-9bdb-b0db925bf04f"
        ],
        "Accept-Language": [
          "en-US"
        ],
        "User-Agent": [
          "FxVersion/4.6.30015.01",
          "OSName/Windows",
          "OSVersion/Microsoft.Windows.10.0.19043.",
          "Microsoft.Azure.Management.ApiManagement.ApiManagementClient/7.0.0.0"
        ]
      },
      "ResponseHeaders": {
        "Cache-Control": [
          "no-cache"
        ],
        "Pragma": [
          "no-cache"
        ],
        "ETag": [
          "\"AAAAAAAA/5E=\""
        ],
        "Strict-Transport-Security": [
          "max-age=31536000; includeSubDomains"
        ],
        "X-Content-Type-Options": [
          "nosniff"
        ],
        "x-ms-request-id": [
          "39e2afe6-fbfc-4b08-8e01-b084cb64b234"
        ],
        "Server": [
          "Microsoft-HTTPAPI/2.0"
        ],
        "x-ms-ratelimit-remaining-subscription-writes": [
          "1195"
        ],
        "x-ms-correlation-request-id": [
          "64d7f8aa-3520-4ec0-9924-f1a04296218f"
        ],
        "x-ms-routing-request-id": [
          "WESTCENTRALUS:20210720T205437Z:64d7f8aa-3520-4ec0-9924-f1a04296218f"
        ],
        "Date": [
          "Tue, 20 Jul 2021 20:54:37 GMT"
        ],
        "Content-Length": [
          "619"
        ],
        "Content-Type": [
          "application/json; charset=utf-8"
        ],
        "Expires": [
          "-1"
        ]
      },
      "ResponseBody": "{\r\n  \"id\": \"/subscriptions/a200340d-6b82-494d-9dbf-687ba6e33f9e/resourceGroups/powershelltest/providers/Microsoft.ApiManagement/service/powershellsdkservice/gateways/ps2435/apis/echo-api\",\r\n  \"type\": \"Microsoft.ApiManagement/service/gateways/apis\",\r\n  \"name\": \"echo-api\",\r\n  \"properties\": {\r\n    \"displayName\": \"Echo API\",\r\n    \"apiRevision\": \"1\",\r\n    \"description\": null,\r\n    \"subscriptionRequired\": true,\r\n    \"serviceUrl\": \"http://echoapi.cloudapp.net/api\",\r\n    \"path\": \"echo\",\r\n    \"protocols\": null,\r\n    \"authenticationSettings\": null,\r\n    \"subscriptionKeyParameterNames\": null,\r\n    \"isCurrent\": true\r\n  }\r\n}",
      "StatusCode": 201
    },
    {
      "RequestUri": "/subscriptions/a200340d-6b82-494d-9dbf-687ba6e33f9e/resourceGroups/powershelltest/providers/Microsoft.ApiManagement/service/powershellsdkservice/gateways/ps2435/apis?api-version=2020-12-01",
      "EncodedRequestUri": "L3N1YnNjcmlwdGlvbnMvYTIwMDM0MGQtNmI4Mi00OTRkLTlkYmYtNjg3YmE2ZTMzZjllL3Jlc291cmNlR3JvdXBzL3Bvd2Vyc2hlbGx0ZXN0L3Byb3ZpZGVycy9NaWNyb3NvZnQuQXBpTWFuYWdlbWVudC9zZXJ2aWNlL3Bvd2Vyc2hlbGxzZGtzZXJ2aWNlL2dhdGV3YXlzL3BzMjQzNS9hcGlzP2FwaS12ZXJzaW9uPTIwMjAtMTItMDE=",
      "RequestMethod": "GET",
      "RequestBody": "",
      "RequestHeaders": {
        "x-ms-client-request-id": [
          "5d8ae6d4-8872-426b-a426-5df02e2dec86"
        ],
        "Accept-Language": [
          "en-US"
        ],
        "User-Agent": [
          "FxVersion/4.6.30015.01",
          "OSName/Windows",
          "OSVersion/Microsoft.Windows.10.0.19043.",
          "Microsoft.Azure.Management.ApiManagement.ApiManagementClient/7.0.0.0"
        ]
      },
      "ResponseHeaders": {
        "Cache-Control": [
          "no-cache"
        ],
        "Pragma": [
          "no-cache"
        ],
        "Strict-Transport-Security": [
          "max-age=31536000; includeSubDomains"
        ],
        "X-Content-Type-Options": [
          "nosniff"
        ],
        "x-ms-request-id": [
          "e5f940a7-b7cc-4e3d-95ce-52c6b8b48d08"
        ],
        "Server": [
          "Microsoft-HTTPAPI/2.0"
        ],
        "x-ms-ratelimit-remaining-subscription-reads": [
          "11991"
        ],
        "x-ms-correlation-request-id": [
          "f315ae16-3de9-49a5-a902-585544baf3e8"
        ],
        "x-ms-routing-request-id": [
          "WESTCENTRALUS:20210720T205438Z:f315ae16-3de9-49a5-a902-585544baf3e8"
        ],
        "Date": [
          "Tue, 20 Jul 2021 20:54:38 GMT"
        ],
        "Content-Length": [
          "754"
        ],
        "Content-Type": [
          "application/json; charset=utf-8"
        ],
        "Expires": [
          "-1"
        ]
      },
      "ResponseBody": "{\r\n  \"value\": [\r\n    {\r\n      \"id\": \"/subscriptions/a200340d-6b82-494d-9dbf-687ba6e33f9e/resourceGroups/powershelltest/providers/Microsoft.ApiManagement/service/powershellsdkservice/gateways/ps2435/apis/echo-api\",\r\n      \"type\": \"Microsoft.ApiManagement/service/gateways/apis\",\r\n      \"name\": \"echo-api\",\r\n      \"properties\": {\r\n        \"displayName\": \"Echo API\",\r\n        \"apiRevision\": \"1\",\r\n        \"description\": null,\r\n        \"subscriptionRequired\": true,\r\n        \"serviceUrl\": \"http://echoapi.cloudapp.net/api\",\r\n        \"path\": \"echo\",\r\n        \"protocols\": [\r\n          \"https\"\r\n        ],\r\n        \"authenticationSettings\": null,\r\n        \"subscriptionKeyParameterNames\": null,\r\n        \"isCurrent\": true\r\n      }\r\n    }\r\n  ],\r\n  \"count\": 1\r\n}",
      "StatusCode": 200
    },
    {
      "RequestUri": "/subscriptions/a200340d-6b82-494d-9dbf-687ba6e33f9e/resourceGroups/powershelltest/providers/Microsoft.ApiManagement/service/powershellsdkservice/gateways/ps2435/apis?api-version=2020-12-01",
      "EncodedRequestUri": "L3N1YnNjcmlwdGlvbnMvYTIwMDM0MGQtNmI4Mi00OTRkLTlkYmYtNjg3YmE2ZTMzZjllL3Jlc291cmNlR3JvdXBzL3Bvd2Vyc2hlbGx0ZXN0L3Byb3ZpZGVycy9NaWNyb3NvZnQuQXBpTWFuYWdlbWVudC9zZXJ2aWNlL3Bvd2Vyc2hlbGxzZGtzZXJ2aWNlL2dhdGV3YXlzL3BzMjQzNS9hcGlzP2FwaS12ZXJzaW9uPTIwMjAtMTItMDE=",
      "RequestMethod": "GET",
      "RequestBody": "",
      "RequestHeaders": {
        "x-ms-client-request-id": [
          "cb5846ac-a062-41f4-9985-e27294119272"
        ],
        "Accept-Language": [
          "en-US"
        ],
        "User-Agent": [
          "FxVersion/4.6.30015.01",
          "OSName/Windows",
          "OSVersion/Microsoft.Windows.10.0.19043.",
          "Microsoft.Azure.Management.ApiManagement.ApiManagementClient/7.0.0.0"
        ]
      },
      "ResponseHeaders": {
        "Cache-Control": [
          "no-cache"
        ],
        "Pragma": [
          "no-cache"
        ],
        "Strict-Transport-Security": [
          "max-age=31536000; includeSubDomains"
        ],
        "X-Content-Type-Options": [
          "nosniff"
        ],
        "x-ms-request-id": [
          "8294a078-5aa2-402d-b9ec-f395d96efa22"
        ],
        "Server": [
          "Microsoft-HTTPAPI/2.0"
        ],
        "x-ms-ratelimit-remaining-subscription-reads": [
          "11990"
        ],
        "x-ms-correlation-request-id": [
          "ce77701d-316e-4bab-81cf-f1182a0212a1"
        ],
        "x-ms-routing-request-id": [
          "WESTCENTRALUS:20210720T205439Z:ce77701d-316e-4bab-81cf-f1182a0212a1"
        ],
        "Date": [
          "Tue, 20 Jul 2021 20:54:39 GMT"
        ],
        "Content-Length": [
          "34"
        ],
        "Content-Type": [
          "application/json; charset=utf-8"
        ],
        "Expires": [
          "-1"
        ]
      },
      "ResponseBody": "{\r\n  \"value\": [],\r\n  \"count\": 0\r\n}",
      "StatusCode": 200
    },
    {
      "RequestUri": "/subscriptions/a200340d-6b82-494d-9dbf-687ba6e33f9e/resourceGroups/powershelltest/providers/Microsoft.ApiManagement/service/powershellsdkservice/gateways/ps2435/apis/echo-api?api-version=2020-12-01",
      "EncodedRequestUri": "L3N1YnNjcmlwdGlvbnMvYTIwMDM0MGQtNmI4Mi00OTRkLTlkYmYtNjg3YmE2ZTMzZjllL3Jlc291cmNlR3JvdXBzL3Bvd2Vyc2hlbGx0ZXN0L3Byb3ZpZGVycy9NaWNyb3NvZnQuQXBpTWFuYWdlbWVudC9zZXJ2aWNlL3Bvd2Vyc2hlbGxzZGtzZXJ2aWNlL2dhdGV3YXlzL3BzMjQzNS9hcGlzL2VjaG8tYXBpP2FwaS12ZXJzaW9uPTIwMjAtMTItMDE=",
      "RequestMethod": "DELETE",
      "RequestBody": "",
      "RequestHeaders": {
        "x-ms-client-request-id": [
          "5493c3c1-9369-4f6b-af79-3496886d5b52"
        ],
        "Accept-Language": [
          "en-US"
        ],
        "User-Agent": [
          "FxVersion/4.6.30015.01",
          "OSName/Windows",
          "OSVersion/Microsoft.Windows.10.0.19043.",
          "Microsoft.Azure.Management.ApiManagement.ApiManagementClient/7.0.0.0"
        ]
      },
      "ResponseHeaders": {
        "Cache-Control": [
          "no-cache"
        ],
        "Pragma": [
          "no-cache"
        ],
        "Strict-Transport-Security": [
          "max-age=31536000; includeSubDomains"
        ],
        "X-Content-Type-Options": [
          "nosniff"
        ],
        "x-ms-request-id": [
          "d5df05c8-5ce6-43d0-91dc-adfc39f09b54"
        ],
        "Server": [
          "Microsoft-HTTPAPI/2.0"
        ],
        "x-ms-ratelimit-remaining-subscription-deletes": [
          "14999"
        ],
        "x-ms-correlation-request-id": [
          "587c483a-edae-4f75-ad1b-f407d7278285"
        ],
        "x-ms-routing-request-id": [
          "WESTCENTRALUS:20210720T205439Z:587c483a-edae-4f75-ad1b-f407d7278285"
        ],
        "Date": [
          "Tue, 20 Jul 2021 20:54:39 GMT"
        ],
        "Expires": [
          "-1"
        ],
        "Content-Length": [
          "0"
        ]
      },
      "ResponseBody": "",
      "StatusCode": 200
    },
    {
      "RequestUri": "/subscriptions/a200340d-6b82-494d-9dbf-687ba6e33f9e/resourceGroups/powershelltest/providers/Microsoft.ApiManagement/service/powershellsdkservice/certificates/ps6834?api-version=2020-12-01",
      "EncodedRequestUri": "L3N1YnNjcmlwdGlvbnMvYTIwMDM0MGQtNmI4Mi00OTRkLTlkYmYtNjg3YmE2ZTMzZjllL3Jlc291cmNlR3JvdXBzL3Bvd2Vyc2hlbGx0ZXN0L3Byb3ZpZGVycy9NaWNyb3NvZnQuQXBpTWFuYWdlbWVudC9zZXJ2aWNlL3Bvd2Vyc2hlbGxzZGtzZXJ2aWNlL2NlcnRpZmljYXRlcy9wczY4MzQ/YXBpLXZlcnNpb249MjAyMC0xMi0wMQ==",
      "RequestMethod": "PUT",
      "RequestBody": "{\r\n  \"properties\": {\r\n    \"data\": \"MIIHEwIBAzCCBs8GCSqGSIb3DQEHAaCCBsAEgga8MIIGuDCCA9EGCSqGSIb3DQEHAaCCA8IEggO+MIIDujCCA7YGCyqGSIb3DQEMCgECoIICtjCCArIwHAYKKoZIhvcNAQwBAzAOBAgpyA5NFrZbjwICB9AEggKQpSy2W1iM8pd8/WyI0+q4uvY6SpvRXTpUfBLl7jlNCPOt847nq5zqQggOQSaqP/4zi08CcmQzaQRmHf5FfMMeYJDp6rGLS8ouyt5ElwMHBZWrsuF49dwi5S73AtBRX128CXCc+qKOlgnXM9PpW+LSJ9J4SWS9B2wC0YQfIGtC/niuLcHDVP+zGwXd+fT06nmNR3SzjfzEfHROM/TyOWHMWAlas6/LXIqXpRSl6igWK7SuMDxWZvdr/QC1ahsptkkF7nHq1RC57o6ru7wxkaANwFQXXhBuh9uQ32Szg2nemfLP7jTcOHcUPK32tU7TuGT5osXMbAVHelPFGzNEPAEb6mNfla2cuILVX/QTqqPqjxTGGn8qBf2TtDSHedBSaRqPO62hRbzAfpeSagG6iFWKGeGCvo8LwVnx3pZM36Tu5GBNhdKhOGZvtXeiZH7XoMAER1O8dJblKfffhzl4MG7BCcT5nftU6NpS3TfRC9hvGX9iqZKjZd6Npvycmo+qlld6g86QDNq28NEHLz0xG809IUunp5DxKptZhEHwZhU0EmATucmjZhrDDvembG58gaU/PSBRlwVNjK+h//Gm4jCAQ6l0iR5COqScNnxr9p5ZhmJvKJQ1OpFw0zXgeWi6MTOpNfMwibytjn+28YPe9mUNoUvcb0u6mjxmn+wupHfELXADRuSZ8CF5eRk9pE+SrbrCn6wyoaFY/vdBSxsnNh37HXpCEEcOm19pbQNPfuVktRmU910zhQntm58SVhyNIlBOA0LGllRNxZndwHdTlcqbIE+HRDn7Fnj3uf0xu+9cOvPkIalluKsySbDKQXJyg3p9QQZJIiFpp6jXit+DHmf7d9mZ0G7eoKFtI2yqLDT68mYxgewwDQYJKwYBBAGCNxECMQAwEwYJKoZIhvcNAQkVMQYEBAEAAAAwWwYJKoZIhvcNAQkUMU4eTAB7ADAAOAAxAEYAMwBCADMAQwAtAEQANQA0ADMALQA0AEEANwAwAC0AOAA3ADcANgAtADkAMgA1AEEARAAxADgARQA2ADgAQwBGAH0waQYJKwYBBAGCNxEBMVweWgBNAGkAYwByAG8AcwBvAGYAdAAgAFIAUwBBACAAUwBDAGgAYQBuAG4AZQBsACAAQwByAHkAcAB0AG8AZwByAGEAcABoAGkAYwAgAFAAcgBvAHYAaQBkAGUAcjCCAt8GCSqGSIb3DQEHBqCCAtAwggLMAgEAMIICxQYJKoZIhvcNAQcBMBwGCiqGSIb3DQEMAQMwDgQIvqDlcIY1iqcCAgfQgIICmE7Jw2F3UXilr+Ig+EAVrb2B3zG3rYosQY3iikLJ73ztGs/qiNCr21CxKeoj4mBzLFX+oi4DhvJBDp7PkTIF9z7CKzw7XcVwgmLqfBHYh9lp+lrLk2c3wmJllb06MKtblY7OYp9sNr5f3vB6J4uIE6+R+70oLmB2BhcToytfETjbeyKuFGS+3YhoHwCloMNTu73uXmBDwoPz+Wot7Fq3aZm1Sc5A5Qz68BZhvOz+zR4twH11c79yzlMHzdqpD1aRCLdbXtVrqrjEk7tuwqWQmWAOuPvRAN7oksqO2Gw7w8gx1kqkRKYkYuzrj4benZPsZwT8qXZPCZ5iM+iYImvPQkPxSTmM0O3gxbtK1/Xu0cCZSpNy1yJQo0fyzEMMCbLKYVWjK+0ymNww7bd3ubWW358oLE2U+6Oe7mmtXgZzSVH74vaes/ce1zEm+paItCqfHXe1fo4Qo7s3jfTrRohYw7LWD+uVObdKi8Dg7fUy8/DXomgWn4qP8I33n6Y0LCMrzKUoIe6zhsWBpFobwprlz/jWvASkbdp8ou16Vx6jTf3EwXCnWcRmXXNuPFPOo5znBLs98raCe0546bbcq7jSZr5Sg11qBX5N+N3Bv/eup7qQKAnivAvBOAx6533LzR3fZfe7AN0dOEC2D079Vg0t0o+JBPd7mLxIF54BnHoy5OlRCg0g0ol6R9iN3HlgUbMJWL2dFEoU+kjMVNTUKykEh/Q4Zh/ug9lnyObHsDTzZwr3qe0L308lh9Ko20e/aCFS8YLtTv1qlewKtz/BIxck8vDBsY61hrymbVvlxDD2ESuzt8qJXp5vBF1dfaBFTO5enxBJYVIF2JyeSwDAPOJiYTdsz9ssVolmx6p9yKSTuhuFISyU4xOOcU4wOzAfMAcGBSsOAwIaBBSPRDVaFWhKRqBSQvxQV/NpiUuTawQUxxNV8/5sOf5HrarXJESyg2NwXl4CAgfQ\",\r\n    \"password\": \"Password\"\r\n  }\r\n}",
      "RequestHeaders": {
        "x-ms-client-request-id": [
          "709e3dea-67b9-4a76-ac5f-c932e55ef21a"
        ],
        "Accept-Language": [
          "en-US"
        ],
        "User-Agent": [
          "FxVersion/4.6.30015.01",
          "OSName/Windows",
          "OSVersion/Microsoft.Windows.10.0.19043.",
          "Microsoft.Azure.Management.ApiManagement.ApiManagementClient/7.0.0.0"
        ],
        "Content-Type": [
          "application/json; charset=utf-8"
        ],
        "Content-Length": [
          "2493"
        ]
      },
      "ResponseHeaders": {
        "Cache-Control": [
          "no-cache"
        ],
        "Pragma": [
          "no-cache"
        ],
        "ETag": [
          "\"AAAAAAABBdI=\""
        ],
        "Strict-Transport-Security": [
          "max-age=31536000; includeSubDomains"
        ],
        "X-Content-Type-Options": [
          "nosniff"
        ],
        "x-ms-request-id": [
          "5b2cc432-46fc-4427-bedc-ca9024d813c4"
        ],
        "Server": [
          "Microsoft-HTTPAPI/2.0"
        ],
        "x-ms-ratelimit-remaining-subscription-writes": [
          "1194"
        ],
        "x-ms-correlation-request-id": [
          "e9a46296-81ee-4fb9-bbef-b1e88f9e9033"
        ],
        "x-ms-routing-request-id": [
          "WESTCENTRALUS:20210720T205440Z:e9a46296-81ee-4fb9-bbef-b1e88f9e9033"
        ],
        "Date": [
          "Tue, 20 Jul 2021 20:54:40 GMT"
        ],
        "Content-Length": [
          "461"
        ],
        "Content-Type": [
          "application/json; charset=utf-8"
        ],
        "Expires": [
          "-1"
        ]
      },
      "ResponseBody": "{\r\n  \"id\": \"/subscriptions/a200340d-6b82-494d-9dbf-687ba6e33f9e/resourceGroups/powershelltest/providers/Microsoft.ApiManagement/service/powershellsdkservice/certificates/ps6834\",\r\n  \"type\": \"Microsoft.ApiManagement/service/certificates\",\r\n  \"name\": \"ps6834\",\r\n  \"properties\": {\r\n    \"subject\": \"CN=*.msitesting.net\",\r\n    \"thumbprint\": \"8E989652CABCF585ACBFCB9C2C91F1D174FDB3A2\",\r\n    \"expirationDate\": \"2036-01-01T07:00:00Z\",\r\n    \"hasPrivateKey\": true\r\n  }\r\n}",
      "StatusCode": 201
    },
    {
      "RequestUri": "/subscriptions/a200340d-6b82-494d-9dbf-687ba6e33f9e/resourceGroups/powershelltest/providers/Microsoft.ApiManagement/service/powershellsdkservice/certificates/ps6834?api-version=2020-12-01",
      "EncodedRequestUri": "L3N1YnNjcmlwdGlvbnMvYTIwMDM0MGQtNmI4Mi00OTRkLTlkYmYtNjg3YmE2ZTMzZjllL3Jlc291cmNlR3JvdXBzL3Bvd2Vyc2hlbGx0ZXN0L3Byb3ZpZGVycy9NaWNyb3NvZnQuQXBpTWFuYWdlbWVudC9zZXJ2aWNlL3Bvd2Vyc2hlbGxzZGtzZXJ2aWNlL2NlcnRpZmljYXRlcy9wczY4MzQ/YXBpLXZlcnNpb249MjAyMC0xMi0wMQ==",
      "RequestMethod": "GET",
      "RequestBody": "",
      "RequestHeaders": {
        "x-ms-client-request-id": [
          "709e3dea-67b9-4a76-ac5f-c932e55ef21a"
        ],
        "Accept-Language": [
          "en-US"
        ],
        "User-Agent": [
          "FxVersion/4.6.30015.01",
          "OSName/Windows",
          "OSVersion/Microsoft.Windows.10.0.19043.",
          "Microsoft.Azure.Management.ApiManagement.ApiManagementClient/7.0.0.0"
        ]
      },
      "ResponseHeaders": {
        "Cache-Control": [
          "no-cache"
        ],
        "Pragma": [
          "no-cache"
        ],
        "ETag": [
          "\"AAAAAAABBdI=\""
        ],
        "Strict-Transport-Security": [
          "max-age=31536000; includeSubDomains"
        ],
        "X-Content-Type-Options": [
          "nosniff"
        ],
        "x-ms-request-id": [
          "d4d8a385-dcf3-4bec-85fc-4358253cd59f"
        ],
        "Server": [
          "Microsoft-HTTPAPI/2.0"
        ],
        "x-ms-ratelimit-remaining-subscription-reads": [
          "11989"
        ],
        "x-ms-correlation-request-id": [
          "f9ae17c5-3ecb-4692-ba0b-aa13f9d59c13"
        ],
        "x-ms-routing-request-id": [
          "WESTCENTRALUS:20210720T205441Z:f9ae17c5-3ecb-4692-ba0b-aa13f9d59c13"
        ],
        "Date": [
          "Tue, 20 Jul 2021 20:54:41 GMT"
        ],
        "Content-Length": [
          "461"
        ],
        "Content-Type": [
          "application/json; charset=utf-8"
        ],
        "Expires": [
          "-1"
        ]
      },
      "ResponseBody": "{\r\n  \"id\": \"/subscriptions/a200340d-6b82-494d-9dbf-687ba6e33f9e/resourceGroups/powershelltest/providers/Microsoft.ApiManagement/service/powershellsdkservice/certificates/ps6834\",\r\n  \"type\": \"Microsoft.ApiManagement/service/certificates\",\r\n  \"name\": \"ps6834\",\r\n  \"properties\": {\r\n    \"subject\": \"CN=*.msitesting.net\",\r\n    \"thumbprint\": \"8E989652CABCF585ACBFCB9C2C91F1D174FDB3A2\",\r\n    \"expirationDate\": \"2036-01-01T07:00:00Z\",\r\n    \"hasPrivateKey\": true\r\n  }\r\n}",
      "StatusCode": 200
    },
    {
      "RequestUri": "/subscriptions/a200340d-6b82-494d-9dbf-687ba6e33f9e/resourceGroups/powershelltest/providers/Microsoft.ApiManagement/service/powershellsdkservice/gateways/ps2435/hostnameConfigurations/ps8698?api-version=2020-12-01",
      "EncodedRequestUri": "L3N1YnNjcmlwdGlvbnMvYTIwMDM0MGQtNmI4Mi00OTRkLTlkYmYtNjg3YmE2ZTMzZjllL3Jlc291cmNlR3JvdXBzL3Bvd2Vyc2hlbGx0ZXN0L3Byb3ZpZGVycy9NaWNyb3NvZnQuQXBpTWFuYWdlbWVudC9zZXJ2aWNlL3Bvd2Vyc2hlbGxzZGtzZXJ2aWNlL2dhdGV3YXlzL3BzMjQzNS9ob3N0bmFtZUNvbmZpZ3VyYXRpb25zL3BzODY5OD9hcGktdmVyc2lvbj0yMDIwLTEyLTAx",
      "RequestMethod": "PUT",
      "RequestBody": "{\r\n  \"properties\": {\r\n    \"hostname\": \"contoso.com\",\r\n    \"certificateId\": \"/subscriptions/a200340d-6b82-494d-9dbf-687ba6e33f9e/resourceGroups/powershelltest/providers/Microsoft.ApiManagement/service/powershellsdkservice/certificates/ps6834\",\r\n    \"negotiateClientCertificate\": false\r\n  }\r\n}",
      "RequestHeaders": {
        "x-ms-client-request-id": [
          "4f71e2fd-84d6-4064-ac44-7e650879e36c"
        ],
        "Accept-Language": [
          "en-US"
        ],
        "User-Agent": [
          "FxVersion/4.6.30015.01",
          "OSName/Windows",
          "OSVersion/Microsoft.Windows.10.0.19043.",
          "Microsoft.Azure.Management.ApiManagement.ApiManagementClient/7.0.0.0"
        ],
        "Content-Type": [
          "application/json; charset=utf-8"
        ],
        "Content-Length": [
          "291"
        ]
      },
      "ResponseHeaders": {
        "Cache-Control": [
          "no-cache"
        ],
        "Pragma": [
          "no-cache"
        ],
        "ETag": [
          "\"1QUBAAAAAAA=\""
        ],
        "Strict-Transport-Security": [
          "max-age=31536000; includeSubDomains"
        ],
        "X-Content-Type-Options": [
          "nosniff"
        ],
        "x-ms-request-id": [
          "87953ab7-f418-4fbd-9eb6-8e55875b7be6"
        ],
        "Server": [
          "Microsoft-HTTPAPI/2.0"
        ],
        "x-ms-ratelimit-remaining-subscription-writes": [
          "1193"
        ],
        "x-ms-correlation-request-id": [
          "baaab43f-15ab-4a6d-98c1-192f4c62f9b4"
        ],
        "x-ms-routing-request-id": [
          "WESTCENTRALUS:20210720T205442Z:baaab43f-15ab-4a6d-98c1-192f4c62f9b4"
        ],
        "Date": [
          "Tue, 20 Jul 2021 20:54:42 GMT"
        ],
        "Content-Length": [
          "676"
        ],
        "Content-Type": [
          "application/json; charset=utf-8"
        ],
        "Expires": [
          "-1"
        ]
      },
      "ResponseBody": "{\r\n  \"id\": \"/subscriptions/a200340d-6b82-494d-9dbf-687ba6e33f9e/resourceGroups/powershelltest/providers/Microsoft.ApiManagement/service/powershellsdkservice/gateways/ps2435/hostnameConfigurations/ps8698\",\r\n  \"type\": \"Microsoft.ApiManagement/service/gateways/hostnameConfigurations\",\r\n  \"name\": \"ps8698\",\r\n  \"properties\": {\r\n    \"hostname\": \"contoso.com\",\r\n    \"certificateId\": \"/subscriptions/a200340d-6b82-494d-9dbf-687ba6e33f9e/resourceGroups/powershelltest/providers/Microsoft.ApiManagement/service/powershellsdkservice/certificates/ps6834\",\r\n    \"negotiateClientCertificate\": false,\r\n    \"tls10Enabled\": false,\r\n    \"tls11Enabled\": false,\r\n    \"http2Enabled\": true\r\n  }\r\n}",
      "StatusCode": 201
    },
    {
      "RequestUri": "/subscriptions/a200340d-6b82-494d-9dbf-687ba6e33f9e/resourceGroups/powershelltest/providers/Microsoft.ApiManagement/service/powershellsdkservice/gateways/ps2435/hostnameConfigurations/ps8698?api-version=2020-12-01",
      "EncodedRequestUri": "L3N1YnNjcmlwdGlvbnMvYTIwMDM0MGQtNmI4Mi00OTRkLTlkYmYtNjg3YmE2ZTMzZjllL3Jlc291cmNlR3JvdXBzL3Bvd2Vyc2hlbGx0ZXN0L3Byb3ZpZGVycy9NaWNyb3NvZnQuQXBpTWFuYWdlbWVudC9zZXJ2aWNlL3Bvd2Vyc2hlbGxzZGtzZXJ2aWNlL2dhdGV3YXlzL3BzMjQzNS9ob3N0bmFtZUNvbmZpZ3VyYXRpb25zL3BzODY5OD9hcGktdmVyc2lvbj0yMDIwLTEyLTAx",
      "RequestMethod": "GET",
      "RequestBody": "",
      "RequestHeaders": {
        "x-ms-client-request-id": [
          "331d5020-9ecf-42a7-9dd1-9573fb70bf25"
        ],
        "Accept-Language": [
          "en-US"
        ],
        "User-Agent": [
          "FxVersion/4.6.30015.01",
          "OSName/Windows",
          "OSVersion/Microsoft.Windows.10.0.19043.",
          "Microsoft.Azure.Management.ApiManagement.ApiManagementClient/7.0.0.0"
        ]
      },
      "ResponseHeaders": {
        "Cache-Control": [
          "no-cache"
        ],
        "Pragma": [
          "no-cache"
        ],
        "ETag": [
          "\"1QUBAAAAAAA=\""
        ],
        "Strict-Transport-Security": [
          "max-age=31536000; includeSubDomains"
        ],
        "X-Content-Type-Options": [
          "nosniff"
        ],
        "x-ms-request-id": [
          "a432bbac-b9e2-4d9d-9074-fa0092fb20f8"
        ],
        "Server": [
          "Microsoft-HTTPAPI/2.0"
        ],
        "x-ms-ratelimit-remaining-subscription-reads": [
          "11988"
        ],
        "x-ms-correlation-request-id": [
          "3a1a0355-dd20-4123-bcf3-916a605b6333"
        ],
        "x-ms-routing-request-id": [
          "WESTCENTRALUS:20210720T205442Z:3a1a0355-dd20-4123-bcf3-916a605b6333"
        ],
        "Date": [
          "Tue, 20 Jul 2021 20:54:42 GMT"
        ],
        "Content-Length": [
          "676"
        ],
        "Content-Type": [
          "application/json; charset=utf-8"
        ],
        "Expires": [
          "-1"
        ]
      },
      "ResponseBody": "{\r\n  \"id\": \"/subscriptions/a200340d-6b82-494d-9dbf-687ba6e33f9e/resourceGroups/powershelltest/providers/Microsoft.ApiManagement/service/powershellsdkservice/gateways/ps2435/hostnameConfigurations/ps8698\",\r\n  \"type\": \"Microsoft.ApiManagement/service/gateways/hostnameConfigurations\",\r\n  \"name\": \"ps8698\",\r\n  \"properties\": {\r\n    \"hostname\": \"contoso.com\",\r\n    \"certificateId\": \"/subscriptions/a200340d-6b82-494d-9dbf-687ba6e33f9e/resourceGroups/powershelltest/providers/Microsoft.ApiManagement/service/powershellsdkservice/certificates/ps6834\",\r\n    \"negotiateClientCertificate\": false,\r\n    \"tls10Enabled\": false,\r\n    \"tls11Enabled\": false,\r\n    \"http2Enabled\": true\r\n  }\r\n}",
      "StatusCode": 200
    },
    {
      "RequestUri": "/subscriptions/a200340d-6b82-494d-9dbf-687ba6e33f9e/resourceGroups/powershelltest/providers/Microsoft.ApiManagement/service/powershellsdkservice/gateways/ps2435/hostnameConfigurations?api-version=2020-12-01",
      "EncodedRequestUri": "L3N1YnNjcmlwdGlvbnMvYTIwMDM0MGQtNmI4Mi00OTRkLTlkYmYtNjg3YmE2ZTMzZjllL3Jlc291cmNlR3JvdXBzL3Bvd2Vyc2hlbGx0ZXN0L3Byb3ZpZGVycy9NaWNyb3NvZnQuQXBpTWFuYWdlbWVudC9zZXJ2aWNlL3Bvd2Vyc2hlbGxzZGtzZXJ2aWNlL2dhdGV3YXlzL3BzMjQzNS9ob3N0bmFtZUNvbmZpZ3VyYXRpb25zP2FwaS12ZXJzaW9uPTIwMjAtMTItMDE=",
      "RequestMethod": "GET",
      "RequestBody": "",
      "RequestHeaders": {
        "x-ms-client-request-id": [
          "4698e04d-3669-4bb8-a649-23a87e031ed9"
        ],
        "Accept-Language": [
          "en-US"
        ],
        "User-Agent": [
          "FxVersion/4.6.30015.01",
          "OSName/Windows",
          "OSVersion/Microsoft.Windows.10.0.19043.",
          "Microsoft.Azure.Management.ApiManagement.ApiManagementClient/7.0.0.0"
        ]
      },
      "ResponseHeaders": {
        "Cache-Control": [
          "no-cache"
        ],
        "Pragma": [
          "no-cache"
        ],
        "Strict-Transport-Security": [
          "max-age=31536000; includeSubDomains"
        ],
        "X-Content-Type-Options": [
          "nosniff"
        ],
        "x-ms-request-id": [
          "5e89645f-4298-47a5-b84e-5d5b4ade0364"
        ],
        "Server": [
          "Microsoft-HTTPAPI/2.0"
        ],
        "x-ms-ratelimit-remaining-subscription-reads": [
          "11987"
        ],
        "x-ms-correlation-request-id": [
          "661c63af-94a3-4207-86d2-2a95521ea6af"
        ],
        "x-ms-routing-request-id": [
          "WESTCENTRALUS:20210720T205443Z:661c63af-94a3-4207-86d2-2a95521ea6af"
        ],
        "Date": [
          "Tue, 20 Jul 2021 20:54:43 GMT"
        ],
        "Content-Length": [
          "768"
        ],
        "Content-Type": [
          "application/json; charset=utf-8"
        ],
        "Expires": [
          "-1"
        ]
      },
      "ResponseBody": "{\r\n  \"value\": [\r\n    {\r\n      \"id\": \"/subscriptions/a200340d-6b82-494d-9dbf-687ba6e33f9e/resourceGroups/powershelltest/providers/Microsoft.ApiManagement/service/powershellsdkservice/gateways/ps2435/hostnameConfigurations/ps8698\",\r\n      \"type\": \"Microsoft.ApiManagement/service/gateways/hostnameConfigurations\",\r\n      \"name\": \"ps8698\",\r\n      \"properties\": {\r\n        \"hostname\": \"contoso.com\",\r\n        \"certificateId\": \"/subscriptions/a200340d-6b82-494d-9dbf-687ba6e33f9e/resourceGroups/powershelltest/providers/Microsoft.ApiManagement/service/powershellsdkservice/certificates/ps6834\",\r\n        \"negotiateClientCertificate\": false,\r\n        \"tls10Enabled\": false,\r\n        \"tls11Enabled\": false,\r\n        \"http2Enabled\": true\r\n      }\r\n    }\r\n  ],\r\n  \"count\": 1\r\n}",
      "StatusCode": 200
    },
    {
      "RequestUri": "/subscriptions/a200340d-6b82-494d-9dbf-687ba6e33f9e/resourceGroups/powershelltest/providers/Microsoft.ApiManagement/service/powershellsdkservice/gateways/ps2435/hostnameConfigurations/ps8698?api-version=2020-12-01",
      "EncodedRequestUri": "L3N1YnNjcmlwdGlvbnMvYTIwMDM0MGQtNmI4Mi00OTRkLTlkYmYtNjg3YmE2ZTMzZjllL3Jlc291cmNlR3JvdXBzL3Bvd2Vyc2hlbGx0ZXN0L3Byb3ZpZGVycy9NaWNyb3NvZnQuQXBpTWFuYWdlbWVudC9zZXJ2aWNlL3Bvd2Vyc2hlbGxzZGtzZXJ2aWNlL2dhdGV3YXlzL3BzMjQzNS9ob3N0bmFtZUNvbmZpZ3VyYXRpb25zL3BzODY5OD9hcGktdmVyc2lvbj0yMDIwLTEyLTAx",
      "RequestMethod": "DELETE",
      "RequestBody": "",
      "RequestHeaders": {
        "x-ms-client-request-id": [
          "7015c463-e47b-4db2-ab0e-ad0ecef04864"
        ],
        "If-Match": [
          "*"
        ],
        "Accept-Language": [
          "en-US"
        ],
        "User-Agent": [
          "FxVersion/4.6.30015.01",
          "OSName/Windows",
          "OSVersion/Microsoft.Windows.10.0.19043.",
          "Microsoft.Azure.Management.ApiManagement.ApiManagementClient/7.0.0.0"
        ]
      },
      "ResponseHeaders": {
        "Cache-Control": [
          "no-cache"
        ],
        "Pragma": [
          "no-cache"
        ],
        "Strict-Transport-Security": [
          "max-age=31536000; includeSubDomains"
        ],
        "X-Content-Type-Options": [
          "nosniff"
        ],
        "x-ms-request-id": [
          "74080233-913b-40ce-a73d-ee61d3925d95"
        ],
        "Server": [
          "Microsoft-HTTPAPI/2.0"
        ],
        "x-ms-ratelimit-remaining-subscription-deletes": [
          "14998"
        ],
        "x-ms-correlation-request-id": [
          "1abeca0a-e74d-4489-92d3-8a78c10129e5"
        ],
        "x-ms-routing-request-id": [
          "WESTCENTRALUS:20210720T205443Z:1abeca0a-e74d-4489-92d3-8a78c10129e5"
        ],
        "Date": [
          "Tue, 20 Jul 2021 20:54:43 GMT"
        ],
        "Expires": [
          "-1"
        ],
        "Content-Length": [
          "0"
        ]
      },
      "ResponseBody": "",
      "StatusCode": 200
    },
    {
      "RequestUri": "/subscriptions/a200340d-6b82-494d-9dbf-687ba6e33f9e/resourceGroups/powershelltest/providers/Microsoft.ApiManagement/service/powershellsdkservice/certificates/ps6834?api-version=2020-12-01",
      "EncodedRequestUri": "L3N1YnNjcmlwdGlvbnMvYTIwMDM0MGQtNmI4Mi00OTRkLTlkYmYtNjg3YmE2ZTMzZjllL3Jlc291cmNlR3JvdXBzL3Bvd2Vyc2hlbGx0ZXN0L3Byb3ZpZGVycy9NaWNyb3NvZnQuQXBpTWFuYWdlbWVudC9zZXJ2aWNlL3Bvd2Vyc2hlbGxzZGtzZXJ2aWNlL2NlcnRpZmljYXRlcy9wczY4MzQ/YXBpLXZlcnNpb249MjAyMC0xMi0wMQ==",
      "RequestMethod": "DELETE",
      "RequestBody": "",
      "RequestHeaders": {
        "x-ms-client-request-id": [
          "66bdb152-21a5-4a6e-8c93-ae265f43741e"
        ],
        "If-Match": [
          "*"
        ],
        "Accept-Language": [
          "en-US"
        ],
        "User-Agent": [
          "FxVersion/4.6.30015.01",
          "OSName/Windows",
          "OSVersion/Microsoft.Windows.10.0.19043.",
          "Microsoft.Azure.Management.ApiManagement.ApiManagementClient/7.0.0.0"
        ]
      },
      "ResponseHeaders": {
        "Cache-Control": [
          "no-cache"
        ],
        "Pragma": [
          "no-cache"
        ],
        "Strict-Transport-Security": [
          "max-age=31536000; includeSubDomains"
        ],
        "X-Content-Type-Options": [
          "nosniff"
        ],
        "x-ms-request-id": [
          "81b64ca9-2c5c-482c-8bbc-073e02813c9a"
        ],
        "Server": [
          "Microsoft-HTTPAPI/2.0"
        ],
        "x-ms-ratelimit-remaining-subscription-deletes": [
          "14997"
        ],
        "x-ms-correlation-request-id": [
          "0096cf47-78d0-40e1-974a-c7a4ea29e359"
        ],
        "x-ms-routing-request-id": [
          "WESTCENTRALUS:20210720T205445Z:0096cf47-78d0-40e1-974a-c7a4ea29e359"
        ],
        "Date": [
          "Tue, 20 Jul 2021 20:54:45 GMT"
        ],
        "Expires": [
          "-1"
        ],
        "Content-Length": [
          "0"
        ]
      },
      "ResponseBody": "",
      "StatusCode": 200
    },
    {
      "RequestUri": "/subscriptions/a200340d-6b82-494d-9dbf-687ba6e33f9e/resourceGroups/powershelltest/providers/Microsoft.ApiManagement/service/powershellsdkservice/gateways/ps2435?api-version=2020-12-01",
      "EncodedRequestUri": "L3N1YnNjcmlwdGlvbnMvYTIwMDM0MGQtNmI4Mi00OTRkLTlkYmYtNjg3YmE2ZTMzZjllL3Jlc291cmNlR3JvdXBzL3Bvd2Vyc2hlbGx0ZXN0L3Byb3ZpZGVycy9NaWNyb3NvZnQuQXBpTWFuYWdlbWVudC9zZXJ2aWNlL3Bvd2Vyc2hlbGxzZGtzZXJ2aWNlL2dhdGV3YXlzL3BzMjQzNT9hcGktdmVyc2lvbj0yMDIwLTEyLTAx",
      "RequestMethod": "DELETE",
      "RequestBody": "",
      "RequestHeaders": {
        "x-ms-client-request-id": [
          "7671b02a-bd52-4ad9-8dbd-923e7e2faf30"
        ],
        "If-Match": [
          "*"
        ],
        "Accept-Language": [
          "en-US"
        ],
        "User-Agent": [
          "FxVersion/4.6.30015.01",
          "OSName/Windows",
          "OSVersion/Microsoft.Windows.10.0.19043.",
          "Microsoft.Azure.Management.ApiManagement.ApiManagementClient/7.0.0.0"
        ]
      },
      "ResponseHeaders": {
        "Cache-Control": [
          "no-cache"
        ],
        "Pragma": [
          "no-cache"
        ],
        "Strict-Transport-Security": [
          "max-age=31536000; includeSubDomains"
        ],
        "X-Content-Type-Options": [
          "nosniff"
        ],
        "x-ms-request-id": [
          "b3321450-05bc-4127-a3fd-472a74737e06"
        ],
        "Server": [
          "Microsoft-HTTPAPI/2.0"
        ],
        "x-ms-ratelimit-remaining-subscription-deletes": [
          "14996"
        ],
        "x-ms-correlation-request-id": [
          "a56287cc-ba42-4eb0-809d-23a88ec45141"
        ],
        "x-ms-routing-request-id": [
          "WESTCENTRALUS:20210720T205446Z:a56287cc-ba42-4eb0-809d-23a88ec45141"
        ],
        "Date": [
          "Tue, 20 Jul 2021 20:54:46 GMT"
        ],
        "Expires": [
          "-1"
        ],
        "Content-Length": [
          "0"
        ]
      },
      "ResponseBody": "",
      "StatusCode": 200
    }
  ],
  "Names": {
    "": [
      "ps2435",
      "ps8698",
      "ps6834",
      "ps9171",
      "ps3451",
      "ps1616",
      "ps2977",
      "ps488",
      "ps3175",
      "ps8393",
      "ps5629"
    ]
  },
  "Variables": {
    "SubscriptionId": "a200340d-6b82-494d-9dbf-687ba6e33f9e"
  }
}