{
  "Entries": [
    {
      "RequestUri": "/subscriptions/a200340d-6b82-494d-9dbf-687ba6e33f9e/resourceGroups/powershelltest/providers/Microsoft.ApiManagement/service/powershellsdkservice/groups?api-version=2020-12-01",
      "EncodedRequestUri": "L3N1YnNjcmlwdGlvbnMvYTIwMDM0MGQtNmI4Mi00OTRkLTlkYmYtNjg3YmE2ZTMzZjllL3Jlc291cmNlR3JvdXBzL3Bvd2Vyc2hlbGx0ZXN0L3Byb3ZpZGVycy9NaWNyb3NvZnQuQXBpTWFuYWdlbWVudC9zZXJ2aWNlL3Bvd2Vyc2hlbGxzZGtzZXJ2aWNlL2dyb3Vwcz9hcGktdmVyc2lvbj0yMDIwLTEyLTAx",
      "RequestMethod": "GET",
      "RequestBody": "",
      "RequestHeaders": {
        "x-ms-client-request-id": [
          "e5a0805d-0185-458b-adb9-c9c2476e8435"
        ],
        "Accept-Language": [
          "en-US"
        ],
        "User-Agent": [
          "FxVersion/4.6.30015.01",
          "OSName/Windows",
          "OSVersion/Microsoft.Windows.10.0.19043.",
          "Microsoft.Azure.Management.ApiManagement.ApiManagementClient/7.0.0.0"
        ]
      },
      "ResponseHeaders": {
        "Cache-Control": [
          "no-cache"
        ],
        "Pragma": [
          "no-cache"
        ],
        "Strict-Transport-Security": [
          "max-age=31536000; includeSubDomains"
        ],
        "X-Content-Type-Options": [
          "nosniff"
        ],
        "x-ms-request-id": [
          "889712e2-e485-41cd-9d5a-657acd72f79d"
        ],
        "Server": [
          "Microsoft-HTTPAPI/2.0"
        ],
        "x-ms-ratelimit-remaining-subscription-reads": [
          "11999"
        ],
        "x-ms-correlation-request-id": [
          "23918c29-0a31-4467-8623-85929fa728e7"
        ],
        "x-ms-routing-request-id": [
          "WESTUS:20210713T001236Z:23918c29-0a31-4467-8623-85929fa728e7"
        ],
        "Date": [
          "Tue, 13 Jul 2021 00:12:36 GMT"
        ],
        "Content-Length": [
          "1808"
        ],
        "Content-Type": [
          "application/json; charset=utf-8"
        ],
        "Expires": [
          "-1"
        ]
      },
      "ResponseBody": "{\r\n  \"value\": [\r\n    {\r\n      \"id\": \"/subscriptions/a200340d-6b82-494d-9dbf-687ba6e33f9e/resourceGroups/powershelltest/providers/Microsoft.ApiManagement/service/powershellsdkservice/groups/administrators\",\r\n      \"type\": \"Microsoft.ApiManagement/service/groups\",\r\n      \"name\": \"administrators\",\r\n      \"properties\": {\r\n        \"displayName\": \"Administrators\",\r\n        \"description\": \"Administrators is a built-in group. Its membership is managed by the system. Microsoft Azure subscription administrators fall into this group.\",\r\n        \"builtIn\": true,\r\n        \"type\": \"system\",\r\n        \"externalId\": null\r\n      }\r\n    },\r\n    {\r\n      \"id\": \"/subscriptions/a200340d-6b82-494d-9dbf-687ba6e33f9e/resourceGroups/powershelltest/providers/Microsoft.ApiManagement/service/powershellsdkservice/groups/developers\",\r\n      \"type\": \"Microsoft.ApiManagement/service/groups\",\r\n      \"name\": \"developers\",\r\n      \"properties\": {\r\n        \"displayName\": \"Developers\",\r\n        \"description\": \"Developers is a built-in group. Its membership is managed by the system. Signed-in users fall into this group.\",\r\n        \"builtIn\": true,\r\n        \"type\": \"system\",\r\n        \"externalId\": null\r\n      }\r\n    },\r\n    {\r\n      \"id\": \"/subscriptions/a200340d-6b82-494d-9dbf-687ba6e33f9e/resourceGroups/powershelltest/providers/Microsoft.ApiManagement/service/powershellsdkservice/groups/guests\",\r\n      \"type\": \"Microsoft.ApiManagement/service/groups\",\r\n      \"name\": \"guests\",\r\n      \"properties\": {\r\n        \"displayName\": \"Guests\",\r\n        \"description\": \"Guests is a built-in group. Its membership is managed by the system. Unauthenticated users visiting the developer portal fall into this group.\",\r\n        \"builtIn\": true,\r\n        \"type\": \"system\",\r\n        \"externalId\": null\r\n      }\r\n    }\r\n  ],\r\n  \"count\": 3\r\n}",
      "StatusCode": 200
    },
    {
      "RequestUri": "/subscriptions/a200340d-6b82-494d-9dbf-687ba6e33f9e/resourceGroups/powershelltest/providers/Microsoft.ApiManagement/service/powershellsdkservice/groups/administrators?api-version=2020-12-01",
      "EncodedRequestUri": "L3N1YnNjcmlwdGlvbnMvYTIwMDM0MGQtNmI4Mi00OTRkLTlkYmYtNjg3YmE2ZTMzZjllL3Jlc291cmNlR3JvdXBzL3Bvd2Vyc2hlbGx0ZXN0L3Byb3ZpZGVycy9NaWNyb3NvZnQuQXBpTWFuYWdlbWVudC9zZXJ2aWNlL3Bvd2Vyc2hlbGxzZGtzZXJ2aWNlL2dyb3Vwcy9hZG1pbmlzdHJhdG9ycz9hcGktdmVyc2lvbj0yMDIwLTEyLTAx",
      "RequestMethod": "GET",
      "RequestBody": "",
      "RequestHeaders": {
        "x-ms-client-request-id": [
          "cedae6c5-b60a-4ba0-99e0-a3169ee59ec6"
        ],
        "Accept-Language": [
          "en-US"
        ],
        "User-Agent": [
          "FxVersion/4.6.30015.01",
          "OSName/Windows",
          "OSVersion/Microsoft.Windows.10.0.19043.",
          "Microsoft.Azure.Management.ApiManagement.ApiManagementClient/7.0.0.0"
        ]
      },
      "ResponseHeaders": {
        "Cache-Control": [
          "no-cache"
        ],
        "Pragma": [
          "no-cache"
        ],
        "ETag": [
          "\"AAAAAAAACIE=\""
        ],
        "Strict-Transport-Security": [
          "max-age=31536000; includeSubDomains"
        ],
        "X-Content-Type-Options": [
          "nosniff"
        ],
        "x-ms-request-id": [
          "ba5d77db-fd13-4413-88ff-cde3a318f3a4"
        ],
        "Server": [
          "Microsoft-HTTPAPI/2.0"
        ],
        "x-ms-ratelimit-remaining-subscription-reads": [
          "11998"
        ],
        "x-ms-correlation-request-id": [
          "71b359d4-c8f0-4807-9ab4-33cad9b164fb"
        ],
        "x-ms-routing-request-id": [
          "WESTUS:20210713T001237Z:71b359d4-c8f0-4807-9ab4-33cad9b164fb"
        ],
        "Date": [
          "Tue, 13 Jul 2021 00:12:36 GMT"
        ],
        "Content-Length": [
          "562"
        ],
        "Content-Type": [
          "application/json; charset=utf-8"
        ],
        "Expires": [
          "-1"
        ]
      },
      "ResponseBody": "{\r\n  \"id\": \"/subscriptions/a200340d-6b82-494d-9dbf-687ba6e33f9e/resourceGroups/powershelltest/providers/Microsoft.ApiManagement/service/powershellsdkservice/groups/administrators\",\r\n  \"type\": \"Microsoft.ApiManagement/service/groups\",\r\n  \"name\": \"administrators\",\r\n  \"properties\": {\r\n    \"displayName\": \"Administrators\",\r\n    \"description\": \"Administrators is a built-in group. Its membership is managed by the system. Microsoft Azure subscription administrators fall into this group.\",\r\n    \"builtIn\": true,\r\n    \"type\": \"system\",\r\n    \"externalId\": null\r\n  }\r\n}",
      "StatusCode": 200
    },
    {
      "RequestUri": "/subscriptions/a200340d-6b82-494d-9dbf-687ba6e33f9e/resourceGroups/powershelltest/providers/Microsoft.ApiManagement/service/powershellsdkservice/groups/developers?api-version=2020-12-01",
      "EncodedRequestUri": "L3N1YnNjcmlwdGlvbnMvYTIwMDM0MGQtNmI4Mi00OTRkLTlkYmYtNjg3YmE2ZTMzZjllL3Jlc291cmNlR3JvdXBzL3Bvd2Vyc2hlbGx0ZXN0L3Byb3ZpZGVycy9NaWNyb3NvZnQuQXBpTWFuYWdlbWVudC9zZXJ2aWNlL3Bvd2Vyc2hlbGxzZGtzZXJ2aWNlL2dyb3Vwcy9kZXZlbG9wZXJzP2FwaS12ZXJzaW9uPTIwMjAtMTItMDE=",
      "RequestMethod": "GET",
      "RequestBody": "",
      "RequestHeaders": {
        "x-ms-client-request-id": [
          "a9cbbc9a-52b0-446a-9660-a36a5a44d5bc"
        ],
        "Accept-Language": [
          "en-US"
        ],
        "User-Agent": [
          "FxVersion/4.6.30015.01",
          "OSName/Windows",
          "OSVersion/Microsoft.Windows.10.0.19043.",
          "Microsoft.Azure.Management.ApiManagement.ApiManagementClient/7.0.0.0"
        ]
      },
      "ResponseHeaders": {
        "Cache-Control": [
          "no-cache"
        ],
        "Pragma": [
          "no-cache"
        ],
        "ETag": [
          "\"AAAAAAAACII=\""
        ],
        "Strict-Transport-Security": [
          "max-age=31536000; includeSubDomains"
        ],
        "X-Content-Type-Options": [
          "nosniff"
        ],
        "x-ms-request-id": [
          "0ab10d17-b8b7-4520-9262-30251b45b084"
        ],
        "Server": [
          "Microsoft-HTTPAPI/2.0"
        ],
        "x-ms-ratelimit-remaining-subscription-reads": [
          "11997"
        ],
        "x-ms-correlation-request-id": [
          "540f9440-d592-4f49-9354-0eae83a020a9"
        ],
        "x-ms-routing-request-id": [
          "WESTUS:20210713T001237Z:540f9440-d592-4f49-9354-0eae83a020a9"
        ],
        "Date": [
          "Tue, 13 Jul 2021 00:12:36 GMT"
        ],
        "Content-Length": [
          "518"
        ],
        "Content-Type": [
          "application/json; charset=utf-8"
        ],
        "Expires": [
          "-1"
        ]
      },
      "ResponseBody": "{\r\n  \"id\": \"/subscriptions/a200340d-6b82-494d-9dbf-687ba6e33f9e/resourceGroups/powershelltest/providers/Microsoft.ApiManagement/service/powershellsdkservice/groups/developers\",\r\n  \"type\": \"Microsoft.ApiManagement/service/groups\",\r\n  \"name\": \"developers\",\r\n  \"properties\": {\r\n    \"displayName\": \"Developers\",\r\n    \"description\": \"Developers is a built-in group. Its membership is managed by the system. Signed-in users fall into this group.\",\r\n    \"builtIn\": true,\r\n    \"type\": \"system\",\r\n    \"externalId\": null\r\n  }\r\n}",
      "StatusCode": 200
    },
    {
      "RequestUri": "/subscriptions/a200340d-6b82-494d-9dbf-687ba6e33f9e/resourceGroups/powershelltest/providers/Microsoft.ApiManagement/service/powershellsdkservice/groups/guests?api-version=2020-12-01",
      "EncodedRequestUri": "L3N1YnNjcmlwdGlvbnMvYTIwMDM0MGQtNmI4Mi00OTRkLTlkYmYtNjg3YmE2ZTMzZjllL3Jlc291cmNlR3JvdXBzL3Bvd2Vyc2hlbGx0ZXN0L3Byb3ZpZGVycy9NaWNyb3NvZnQuQXBpTWFuYWdlbWVudC9zZXJ2aWNlL3Bvd2Vyc2hlbGxzZGtzZXJ2aWNlL2dyb3Vwcy9ndWVzdHM/YXBpLXZlcnNpb249MjAyMC0xMi0wMQ==",
      "RequestMethod": "GET",
      "RequestBody": "",
      "RequestHeaders": {
        "x-ms-client-request-id": [
          "74a45251-4471-41db-867c-ec6734f4b467"
        ],
        "Accept-Language": [
          "en-US"
        ],
        "User-Agent": [
          "FxVersion/4.6.30015.01",
          "OSName/Windows",
          "OSVersion/Microsoft.Windows.10.0.19043.",
          "Microsoft.Azure.Management.ApiManagement.ApiManagementClient/7.0.0.0"
        ]
      },
      "ResponseHeaders": {
        "Cache-Control": [
          "no-cache"
        ],
        "Pragma": [
          "no-cache"
        ],
        "ETag": [
          "\"AAAAAAAACIM=\""
        ],
        "Strict-Transport-Security": [
          "max-age=31536000; includeSubDomains"
        ],
        "X-Content-Type-Options": [
          "nosniff"
        ],
        "x-ms-request-id": [
          "9387159b-51e3-42aa-9adf-4ccbe7902441"
        ],
        "Server": [
          "Microsoft-HTTPAPI/2.0"
        ],
        "x-ms-ratelimit-remaining-subscription-reads": [
          "11996"
        ],
        "x-ms-correlation-request-id": [
          "13c8a2e1-e026-453b-97f9-857fb597dca7"
        ],
        "x-ms-routing-request-id": [
          "WESTUS:20210713T001237Z:13c8a2e1-e026-453b-97f9-857fb597dca7"
        ],
        "Date": [
          "Tue, 13 Jul 2021 00:12:36 GMT"
        ],
        "Content-Length": [
          "538"
        ],
        "Content-Type": [
          "application/json; charset=utf-8"
        ],
        "Expires": [
          "-1"
        ]
      },
      "ResponseBody": "{\r\n  \"id\": \"/subscriptions/a200340d-6b82-494d-9dbf-687ba6e33f9e/resourceGroups/powershelltest/providers/Microsoft.ApiManagement/service/powershellsdkservice/groups/guests\",\r\n  \"type\": \"Microsoft.ApiManagement/service/groups\",\r\n  \"name\": \"guests\",\r\n  \"properties\": {\r\n    \"displayName\": \"Guests\",\r\n    \"description\": \"Guests is a built-in group. Its membership is managed by the system. Unauthenticated users visiting the developer portal fall into this group.\",\r\n    \"builtIn\": true,\r\n    \"type\": \"system\",\r\n    \"externalId\": null\r\n  }\r\n}",
      "StatusCode": 200
    },
    {
      "RequestUri": "/subscriptions/a200340d-6b82-494d-9dbf-687ba6e33f9e/resourceGroups/powershelltest/providers/Microsoft.ApiManagement/service/powershellsdkservice/groups/ps350?api-version=2020-12-01",
      "EncodedRequestUri": "L3N1YnNjcmlwdGlvbnMvYTIwMDM0MGQtNmI4Mi00OTRkLTlkYmYtNjg3YmE2ZTMzZjllL3Jlc291cmNlR3JvdXBzL3Bvd2Vyc2hlbGx0ZXN0L3Byb3ZpZGVycy9NaWNyb3NvZnQuQXBpTWFuYWdlbWVudC9zZXJ2aWNlL3Bvd2Vyc2hlbGxzZGtzZXJ2aWNlL2dyb3Vwcy9wczM1MD9hcGktdmVyc2lvbj0yMDIwLTEyLTAx",
      "RequestMethod": "PUT",
      "RequestBody": "{\r\n  \"properties\": {\r\n    \"displayName\": \"ps3090\",\r\n    \"description\": \"ps6658\",\r\n    \"type\": \"custom\"\r\n  }\r\n}",
      "RequestHeaders": {
        "x-ms-client-request-id": [
          "6386b48f-0a05-41a1-9af9-bafea5fe7d09"
        ],
        "Accept-Language": [
          "en-US"
        ],
        "User-Agent": [
          "FxVersion/4.6.30015.01",
          "OSName/Windows",
          "OSVersion/Microsoft.Windows.10.0.19043.",
          "Microsoft.Azure.Management.ApiManagement.ApiManagementClient/7.0.0.0"
        ],
        "Content-Type": [
          "application/json; charset=utf-8"
        ],
        "Content-Length": [
          "110"
        ]
      },
      "ResponseHeaders": {
        "Cache-Control": [
          "no-cache"
        ],
        "Pragma": [
          "no-cache"
        ],
        "ETag": [
          "\"AAAAAAAA/+w=\""
        ],
        "Strict-Transport-Security": [
          "max-age=31536000; includeSubDomains"
        ],
        "X-Content-Type-Options": [
          "nosniff"
        ],
        "x-ms-request-id": [
          "d46ba41a-4349-4ed4-83ba-47b3d83a9b5d"
        ],
        "Server": [
          "Microsoft-HTTPAPI/2.0"
        ],
        "x-ms-ratelimit-remaining-subscription-writes": [
          "1199"
        ],
        "x-ms-correlation-request-id": [
          "5dee3764-62c5-4c5e-8a0b-75982022575e"
        ],
        "x-ms-routing-request-id": [
          "WESTUS:20210713T001238Z:5dee3764-62c5-4c5e-8a0b-75982022575e"
        ],
        "Date": [
          "Tue, 13 Jul 2021 00:12:38 GMT"
        ],
        "Content-Length": [
          "401"
        ],
        "Content-Type": [
          "application/json; charset=utf-8"
        ],
        "Expires": [
          "-1"
        ]
      },
      "ResponseBody": "{\r\n  \"id\": \"/subscriptions/a200340d-6b82-494d-9dbf-687ba6e33f9e/resourceGroups/powershelltest/providers/Microsoft.ApiManagement/service/powershellsdkservice/groups/ps350\",\r\n  \"type\": \"Microsoft.ApiManagement/service/groups\",\r\n  \"name\": \"ps350\",\r\n  \"properties\": {\r\n    \"displayName\": \"ps3090\",\r\n    \"description\": \"ps6658\",\r\n    \"builtIn\": false,\r\n    \"type\": \"custom\",\r\n    \"externalId\": null\r\n  }\r\n}",
      "StatusCode": 201
    },
    {
      "RequestUri": "/subscriptions/a200340d-6b82-494d-9dbf-687ba6e33f9e/resourceGroups/powershelltest/providers/Microsoft.ApiManagement/service/powershellsdkservice/groups/ps350?api-version=2020-12-01",
      "EncodedRequestUri": "L3N1YnNjcmlwdGlvbnMvYTIwMDM0MGQtNmI4Mi00OTRkLTlkYmYtNjg3YmE2ZTMzZjllL3Jlc291cmNlR3JvdXBzL3Bvd2Vyc2hlbGx0ZXN0L3Byb3ZpZGVycy9NaWNyb3NvZnQuQXBpTWFuYWdlbWVudC9zZXJ2aWNlL3Bvd2Vyc2hlbGxzZGtzZXJ2aWNlL2dyb3Vwcy9wczM1MD9hcGktdmVyc2lvbj0yMDIwLTEyLTAx",
      "RequestMethod": "GET",
      "RequestBody": "",
      "RequestHeaders": {
        "x-ms-client-request-id": [
          "6386b48f-0a05-41a1-9af9-bafea5fe7d09"
        ],
        "Accept-Language": [
          "en-US"
        ],
        "User-Agent": [
          "FxVersion/4.6.30015.01",
          "OSName/Windows",
          "OSVersion/Microsoft.Windows.10.0.19043.",
          "Microsoft.Azure.Management.ApiManagement.ApiManagementClient/7.0.0.0"
        ]
      },
      "ResponseHeaders": {
        "Cache-Control": [
          "no-cache"
        ],
        "Pragma": [
          "no-cache"
        ],
        "ETag": [
          "\"AAAAAAAA/+w=\""
        ],
        "Strict-Transport-Security": [
          "max-age=31536000; includeSubDomains"
        ],
        "X-Content-Type-Options": [
          "nosniff"
        ],
        "x-ms-request-id": [
          "5a3062b5-3bb9-4114-a11a-2b03ae555d88"
        ],
        "Server": [
          "Microsoft-HTTPAPI/2.0"
        ],
        "x-ms-ratelimit-remaining-subscription-reads": [
          "11995"
        ],
        "x-ms-correlation-request-id": [
          "bba40a43-41d7-43d4-8ec4-a4d4d525abee"
        ],
        "x-ms-routing-request-id": [
          "WESTUS:20210713T001238Z:bba40a43-41d7-43d4-8ec4-a4d4d525abee"
        ],
        "Date": [
          "Tue, 13 Jul 2021 00:12:38 GMT"
        ],
        "Content-Length": [
          "401"
        ],
        "Content-Type": [
          "application/json; charset=utf-8"
        ],
        "Expires": [
          "-1"
        ]
      },
      "ResponseBody": "{\r\n  \"id\": \"/subscriptions/a200340d-6b82-494d-9dbf-687ba6e33f9e/resourceGroups/powershelltest/providers/Microsoft.ApiManagement/service/powershellsdkservice/groups/ps350\",\r\n  \"type\": \"Microsoft.ApiManagement/service/groups\",\r\n  \"name\": \"ps350\",\r\n  \"properties\": {\r\n    \"displayName\": \"ps3090\",\r\n    \"description\": \"ps6658\",\r\n    \"builtIn\": false,\r\n    \"type\": \"custom\",\r\n    \"externalId\": null\r\n  }\r\n}",
      "StatusCode": 200
    },
    {
      "RequestUri": "/subscriptions/a200340d-6b82-494d-9dbf-687ba6e33f9e/resourceGroups/powershelltest/providers/Microsoft.ApiManagement/service/powershellsdkservice/groups/ps350?api-version=2020-12-01",
      "EncodedRequestUri": "L3N1YnNjcmlwdGlvbnMvYTIwMDM0MGQtNmI4Mi00OTRkLTlkYmYtNjg3YmE2ZTMzZjllL3Jlc291cmNlR3JvdXBzL3Bvd2Vyc2hlbGx0ZXN0L3Byb3ZpZGVycy9NaWNyb3NvZnQuQXBpTWFuYWdlbWVudC9zZXJ2aWNlL3Bvd2Vyc2hlbGxzZGtzZXJ2aWNlL2dyb3Vwcy9wczM1MD9hcGktdmVyc2lvbj0yMDIwLTEyLTAx",
      "RequestMethod": "GET",
      "RequestBody": "",
      "RequestHeaders": {
        "x-ms-client-request-id": [
          "91c222cb-3718-4efb-8682-c2c1fd4b501c"
        ],
        "Accept-Language": [
          "en-US"
        ],
        "User-Agent": [
          "FxVersion/4.6.30015.01",
          "OSName/Windows",
          "OSVersion/Microsoft.Windows.10.0.19043.",
          "Microsoft.Azure.Management.ApiManagement.ApiManagementClient/7.0.0.0"
        ]
      },
      "ResponseHeaders": {
        "Cache-Control": [
          "no-cache"
        ],
        "Pragma": [
          "no-cache"
        ],
        "ETag": [
          "\"AAAAAAAA/+8=\""
        ],
        "Strict-Transport-Security": [
          "max-age=31536000; includeSubDomains"
        ],
        "X-Content-Type-Options": [
          "nosniff"
        ],
        "x-ms-request-id": [
          "7fa67086-1198-4ba0-81a4-612ffa93ded4"
        ],
        "Server": [
          "Microsoft-HTTPAPI/2.0"
        ],
        "x-ms-ratelimit-remaining-subscription-reads": [
          "11994"
        ],
        "x-ms-correlation-request-id": [
          "6dc55796-2dd6-4705-9ddc-55ff85ce10fb"
        ],
        "x-ms-routing-request-id": [
          "WESTUS:20210713T001239Z:6dc55796-2dd6-4705-9ddc-55ff85ce10fb"
        ],
        "Date": [
          "Tue, 13 Jul 2021 00:12:38 GMT"
        ],
        "Content-Length": [
          "400"
        ],
        "Content-Type": [
          "application/json; charset=utf-8"
        ],
        "Expires": [
          "-1"
        ]
      },
      "ResponseBody": "{\r\n  \"id\": \"/subscriptions/a200340d-6b82-494d-9dbf-687ba6e33f9e/resourceGroups/powershelltest/providers/Microsoft.ApiManagement/service/powershellsdkservice/groups/ps350\",\r\n  \"type\": \"Microsoft.ApiManagement/service/groups\",\r\n  \"name\": \"ps350\",\r\n  \"properties\": {\r\n    \"displayName\": \"ps816\",\r\n    \"description\": \"ps9328\",\r\n    \"builtIn\": false,\r\n    \"type\": \"custom\",\r\n    \"externalId\": null\r\n  }\r\n}",
      "StatusCode": 200
    },
    {
      "RequestUri": "/subscriptions/a200340d-6b82-494d-9dbf-687ba6e33f9e/resourceGroups/powershelltest/providers/Microsoft.ApiManagement/service/powershellsdkservice/groups/ps350?api-version=2020-12-01",
      "EncodedRequestUri": "L3N1YnNjcmlwdGlvbnMvYTIwMDM0MGQtNmI4Mi00OTRkLTlkYmYtNjg3YmE2ZTMzZjllL3Jlc291cmNlR3JvdXBzL3Bvd2Vyc2hlbGx0ZXN0L3Byb3ZpZGVycy9NaWNyb3NvZnQuQXBpTWFuYWdlbWVudC9zZXJ2aWNlL3Bvd2Vyc2hlbGxzZGtzZXJ2aWNlL2dyb3Vwcy9wczM1MD9hcGktdmVyc2lvbj0yMDIwLTEyLTAx",
      "RequestMethod": "GET",
      "RequestBody": "",
      "RequestHeaders": {
        "x-ms-client-request-id": [
          "006f738f-efb0-41e7-b9ab-162f5d1ddb76"
        ],
        "Accept-Language": [
          "en-US"
        ],
        "User-Agent": [
          "FxVersion/4.6.30015.01",
          "OSName/Windows",
          "OSVersion/Microsoft.Windows.10.0.19043.",
          "Microsoft.Azure.Management.ApiManagement.ApiManagementClient/7.0.0.0"
        ]
      },
      "ResponseHeaders": {
        "Cache-Control": [
          "no-cache"
        ],
        "Pragma": [
          "no-cache"
        ],
        "Strict-Transport-Security": [
          "max-age=31536000; includeSubDomains"
        ],
        "X-Content-Type-Options": [
          "nosniff"
        ],
        "x-ms-request-id": [
          "df6b2155-41a1-4368-8b84-877300fab53e"
        ],
        "Server": [
          "Microsoft-HTTPAPI/2.0"
        ],
        "x-ms-ratelimit-remaining-subscription-reads": [
          "11986"
        ],
        "x-ms-correlation-request-id": [
          "ed4910cf-42a0-4e52-9c97-921394884faa"
        ],
        "x-ms-routing-request-id": [
          "WESTUS:20210713T001244Z:ed4910cf-42a0-4e52-9c97-921394884faa"
        ],
        "Date": [
          "Tue, 13 Jul 2021 00:12:43 GMT"
        ],
        "Content-Length": [
          "81"
        ],
        "Content-Type": [
          "application/json; charset=utf-8"
        ],
        "Expires": [
          "-1"
        ]
      },
      "ResponseBody": "{\r\n  \"error\": {\r\n    \"code\": \"ResourceNotFound\",\r\n    \"message\": \"Group not found.\",\r\n    \"details\": null\r\n  }\r\n}",
      "StatusCode": 404
    },
    {
      "RequestUri": "/subscriptions/a200340d-6b82-494d-9dbf-687ba6e33f9e/resourceGroups/powershelltest/providers/Microsoft.ApiManagement/service/powershellsdkservice/groups/ps350?api-version=2020-12-01",
      "EncodedRequestUri": "L3N1YnNjcmlwdGlvbnMvYTIwMDM0MGQtNmI4Mi00OTRkLTlkYmYtNjg3YmE2ZTMzZjllL3Jlc291cmNlR3JvdXBzL3Bvd2Vyc2hlbGx0ZXN0L3Byb3ZpZGVycy9NaWNyb3NvZnQuQXBpTWFuYWdlbWVudC9zZXJ2aWNlL3Bvd2Vyc2hlbGxzZGtzZXJ2aWNlL2dyb3Vwcy9wczM1MD9hcGktdmVyc2lvbj0yMDIwLTEyLTAx",
      "RequestMethod": "PATCH",
      "RequestBody": "{\r\n  \"properties\": {\r\n    \"displayName\": \"ps816\",\r\n    \"description\": \"ps9328\"\r\n  }\r\n}",
      "RequestHeaders": {
        "x-ms-client-request-id": [
          "91c222cb-3718-4efb-8682-c2c1fd4b501c"
        ],
        "If-Match": [
          "*"
        ],
        "Accept-Language": [
          "en-US"
        ],
        "User-Agent": [
          "FxVersion/4.6.30015.01",
          "OSName/Windows",
          "OSVersion/Microsoft.Windows.10.0.19043.",
          "Microsoft.Azure.Management.ApiManagement.ApiManagementClient/7.0.0.0"
        ],
        "Content-Type": [
          "application/json; charset=utf-8"
        ],
        "Content-Length": [
          "86"
        ]
      },
      "ResponseHeaders": {
        "Cache-Control": [
          "no-cache"
        ],
        "Pragma": [
          "no-cache"
        ],
        "ETag": [
          "\"AAAAAAAA/+8=\""
        ],
        "Strict-Transport-Security": [
          "max-age=31536000; includeSubDomains"
        ],
        "X-Content-Type-Options": [
          "nosniff"
        ],
        "x-ms-request-id": [
          "dd313866-1ca6-4d9a-838b-5381fd915d9b"
        ],
        "Server": [
          "Microsoft-HTTPAPI/2.0"
        ],
        "x-ms-ratelimit-remaining-subscription-writes": [
          "1198"
        ],
        "x-ms-correlation-request-id": [
          "7d6ef448-82b0-4dc8-ab2a-ae1bdfcc33b0"
        ],
        "x-ms-routing-request-id": [
          "WESTUS:20210713T001239Z:7d6ef448-82b0-4dc8-ab2a-ae1bdfcc33b0"
        ],
        "Date": [
          "Tue, 13 Jul 2021 00:12:38 GMT"
        ],
        "Content-Length": [
          "400"
        ],
        "Content-Type": [
          "application/json; charset=utf-8"
        ],
        "Expires": [
          "-1"
        ]
      },
      "ResponseBody": "{\r\n  \"id\": \"/subscriptions/a200340d-6b82-494d-9dbf-687ba6e33f9e/resourceGroups/powershelltest/providers/Microsoft.ApiManagement/service/powershellsdkservice/groups/ps350\",\r\n  \"type\": \"Microsoft.ApiManagement/service/groups\",\r\n  \"name\": \"ps350\",\r\n  \"properties\": {\r\n    \"displayName\": \"ps816\",\r\n    \"description\": \"ps9328\",\r\n    \"builtIn\": false,\r\n    \"type\": \"custom\",\r\n    \"externalId\": null\r\n  }\r\n}",
      "StatusCode": 200
    },
    {
      "RequestUri": "/subscriptions/a200340d-6b82-494d-9dbf-687ba6e33f9e/resourceGroups/powershelltest/providers/Microsoft.ApiManagement/service/powershellsdkservice/products?api-version=2020-12-01",
      "EncodedRequestUri": "L3N1YnNjcmlwdGlvbnMvYTIwMDM0MGQtNmI4Mi00OTRkLTlkYmYtNjg3YmE2ZTMzZjllL3Jlc291cmNlR3JvdXBzL3Bvd2Vyc2hlbGx0ZXN0L3Byb3ZpZGVycy9NaWNyb3NvZnQuQXBpTWFuYWdlbWVudC9zZXJ2aWNlL3Bvd2Vyc2hlbGxzZGtzZXJ2aWNlL3Byb2R1Y3RzP2FwaS12ZXJzaW9uPTIwMjAtMTItMDE=",
      "RequestMethod": "GET",
      "RequestBody": "",
      "RequestHeaders": {
        "x-ms-client-request-id": [
          "249b0be6-580f-470c-98a8-7553715858d4"
        ],
        "Accept-Language": [
          "en-US"
        ],
        "User-Agent": [
          "FxVersion/4.6.30015.01",
          "OSName/Windows",
          "OSVersion/Microsoft.Windows.10.0.19043.",
          "Microsoft.Azure.Management.ApiManagement.ApiManagementClient/7.0.0.0"
        ]
      },
      "ResponseHeaders": {
        "Cache-Control": [
          "no-cache"
        ],
        "Pragma": [
          "no-cache"
        ],
        "Strict-Transport-Security": [
          "max-age=31536000; includeSubDomains"
        ],
        "X-Content-Type-Options": [
          "nosniff"
        ],
        "x-ms-request-id": [
          "28d2d38e-0013-4851-bb0e-23b0c6317ba9"
        ],
        "Server": [
          "Microsoft-HTTPAPI/2.0"
        ],
        "x-ms-ratelimit-remaining-subscription-reads": [
          "11993"
        ],
        "x-ms-correlation-request-id": [
          "d7c8fd1d-fbf0-4fa5-b403-6535d1c5207a"
        ],
        "x-ms-routing-request-id": [
          "WESTUS:20210713T001239Z:d7c8fd1d-fbf0-4fa5-b403-6535d1c5207a"
        ],
        "Date": [
          "Tue, 13 Jul 2021 00:12:38 GMT"
        ],
        "Content-Length": [
          "1287"
        ],
        "Content-Type": [
          "application/json; charset=utf-8"
        ],
        "Expires": [
          "-1"
        ]
      },
      "ResponseBody": "{\r\n  \"value\": [\r\n    {\r\n      \"id\": \"/subscriptions/a200340d-6b82-494d-9dbf-687ba6e33f9e/resourceGroups/powershelltest/providers/Microsoft.ApiManagement/service/powershellsdkservice/products/starter\",\r\n      \"type\": \"Microsoft.ApiManagement/service/products\",\r\n      \"name\": \"starter\",\r\n      \"properties\": {\r\n        \"displayName\": \"Starter\",\r\n        \"description\": \"Subscribers will be able to run 5 calls/minute up to a maximum of 100 calls/week.\",\r\n        \"terms\": \"\",\r\n        \"subscriptionRequired\": true,\r\n        \"approvalRequired\": false,\r\n        \"subscriptionsLimit\": 100,\r\n        \"state\": \"published\"\r\n      }\r\n    },\r\n    {\r\n      \"id\": \"/subscriptions/a200340d-6b82-494d-9dbf-687ba6e33f9e/resourceGroups/powershelltest/providers/Microsoft.ApiManagement/service/powershellsdkservice/products/unlimited\",\r\n      \"type\": \"Microsoft.ApiManagement/service/products\",\r\n      \"name\": \"unlimited\",\r\n      \"properties\": {\r\n        \"displayName\": \"Unlimited\",\r\n        \"description\": \"Subscribers have completely unlimited access to the API. Administrator approval is required.\",\r\n        \"terms\": null,\r\n        \"subscriptionRequired\": true,\r\n        \"approvalRequired\": true,\r\n        \"subscriptionsLimit\": 1,\r\n        \"state\": \"published\"\r\n      }\r\n    }\r\n  ],\r\n  \"count\": 2\r\n}",
      "StatusCode": 200
    },
    {
      "RequestUri": "/subscriptions/a200340d-6b82-494d-9dbf-687ba6e33f9e/resourceGroups/powershelltest/providers/Microsoft.ApiManagement/service/powershellsdkservice/products/starter/groups/ps350?api-version=2020-12-01",
      "EncodedRequestUri": "L3N1YnNjcmlwdGlvbnMvYTIwMDM0MGQtNmI4Mi00OTRkLTlkYmYtNjg3YmE2ZTMzZjllL3Jlc291cmNlR3JvdXBzL3Bvd2Vyc2hlbGx0ZXN0L3Byb3ZpZGVycy9NaWNyb3NvZnQuQXBpTWFuYWdlbWVudC9zZXJ2aWNlL3Bvd2Vyc2hlbGxzZGtzZXJ2aWNlL3Byb2R1Y3RzL3N0YXJ0ZXIvZ3JvdXBzL3BzMzUwP2FwaS12ZXJzaW9uPTIwMjAtMTItMDE=",
      "RequestMethod": "PUT",
      "RequestBody": "",
      "RequestHeaders": {
        "x-ms-client-request-id": [
          "29836173-f9fb-4589-9806-0ca7c9243f10"
        ],
        "Accept-Language": [
          "en-US"
        ],
        "User-Agent": [
          "FxVersion/4.6.30015.01",
          "OSName/Windows",
          "OSVersion/Microsoft.Windows.10.0.19043.",
          "Microsoft.Azure.Management.ApiManagement.ApiManagementClient/7.0.0.0"
        ]
      },
      "ResponseHeaders": {
        "Cache-Control": [
          "no-cache"
        ],
        "Pragma": [
          "no-cache"
        ],
        "ETag": [
          "\"AAAAAAAA/+8=\""
        ],
        "Strict-Transport-Security": [
          "max-age=31536000; includeSubDomains"
        ],
        "X-Content-Type-Options": [
          "nosniff"
        ],
        "x-ms-request-id": [
          "fcf0d88b-b57b-4d69-baaf-6dbe3fff0a5b"
        ],
        "Server": [
          "Microsoft-HTTPAPI/2.0"
        ],
        "x-ms-ratelimit-remaining-subscription-writes": [
          "1197"
        ],
        "x-ms-correlation-request-id": [
          "c7729575-5dc4-4e96-bcbd-7c17941a4471"
        ],
        "x-ms-routing-request-id": [
          "WESTUS:20210713T001239Z:c7729575-5dc4-4e96-bcbd-7c17941a4471"
        ],
        "Date": [
          "Tue, 13 Jul 2021 00:12:39 GMT"
        ],
        "Content-Length": [
          "426"
        ],
        "Content-Type": [
          "application/json; charset=utf-8"
        ],
        "Expires": [
          "-1"
        ]
      },
      "ResponseBody": "{\r\n  \"id\": \"/subscriptions/a200340d-6b82-494d-9dbf-687ba6e33f9e/resourceGroups/powershelltest/providers/Microsoft.ApiManagement/service/powershellsdkservice/products/starter/groups/ps350\",\r\n  \"type\": \"Microsoft.ApiManagement/service/products/groups\",\r\n  \"name\": \"ps350\",\r\n  \"properties\": {\r\n    \"displayName\": \"ps816\",\r\n    \"description\": \"ps9328\",\r\n    \"builtIn\": false,\r\n    \"type\": \"custom\",\r\n    \"externalId\": null\r\n  }\r\n}",
      "StatusCode": 201
    },
    {
      "RequestUri": "/subscriptions/a200340d-6b82-494d-9dbf-687ba6e33f9e/resourceGroups/powershelltest/providers/Microsoft.ApiManagement/service/powershellsdkservice/products/starter/groups?api-version=2020-12-01",
      "EncodedRequestUri": "L3N1YnNjcmlwdGlvbnMvYTIwMDM0MGQtNmI4Mi00OTRkLTlkYmYtNjg3YmE2ZTMzZjllL3Jlc291cmNlR3JvdXBzL3Bvd2Vyc2hlbGx0ZXN0L3Byb3ZpZGVycy9NaWNyb3NvZnQuQXBpTWFuYWdlbWVudC9zZXJ2aWNlL3Bvd2Vyc2hlbGxzZGtzZXJ2aWNlL3Byb2R1Y3RzL3N0YXJ0ZXIvZ3JvdXBzP2FwaS12ZXJzaW9uPTIwMjAtMTItMDE=",
      "RequestMethod": "GET",
      "RequestBody": "",
      "RequestHeaders": {
        "x-ms-client-request-id": [
          "c4a8f62f-8d0f-437f-9d15-4b5630a4d7e6"
        ],
        "Accept-Language": [
          "en-US"
        ],
        "User-Agent": [
          "FxVersion/4.6.30015.01",
          "OSName/Windows",
          "OSVersion/Microsoft.Windows.10.0.19043.",
          "Microsoft.Azure.Management.ApiManagement.ApiManagementClient/7.0.0.0"
        ]
      },
      "ResponseHeaders": {
        "Cache-Control": [
          "no-cache"
        ],
        "Pragma": [
          "no-cache"
        ],
        "Strict-Transport-Security": [
          "max-age=31536000; includeSubDomains"
        ],
        "X-Content-Type-Options": [
          "nosniff"
        ],
        "x-ms-request-id": [
          "2bc124a5-2e7a-4d1e-9edf-d06940fc1eff"
        ],
        "Server": [
          "Microsoft-HTTPAPI/2.0"
        ],
        "x-ms-ratelimit-remaining-subscription-reads": [
          "11992"
        ],
        "x-ms-correlation-request-id": [
          "bc21b2a8-717c-4fc8-bd8c-9aace352db80"
        ],
        "x-ms-routing-request-id": [
          "WESTUS:20210713T001240Z:bc21b2a8-717c-4fc8-bd8c-9aace352db80"
        ],
        "Date": [
          "Tue, 13 Jul 2021 00:12:39 GMT"
        ],
        "Content-Length": [
          "2363"
        ],
        "Content-Type": [
          "application/json; charset=utf-8"
        ],
        "Expires": [
          "-1"
        ]
      },
      "ResponseBody": "{\r\n  \"value\": [\r\n    {\r\n      \"id\": \"/subscriptions/a200340d-6b82-494d-9dbf-687ba6e33f9e/resourceGroups/powershelltest/providers/Microsoft.ApiManagement/service/powershellsdkservice/products/starter/groups/administrators\",\r\n      \"type\": \"Microsoft.ApiManagement/service/products/groups\",\r\n      \"name\": \"administrators\",\r\n      \"properties\": {\r\n        \"displayName\": \"Administrators\",\r\n        \"description\": \"Administrators is a built-in group. Its membership is managed by the system. Microsoft Azure subscription administrators fall into this group.\",\r\n        \"builtIn\": true,\r\n        \"type\": \"system\",\r\n        \"externalId\": null\r\n      }\r\n    },\r\n    {\r\n      \"id\": \"/subscriptions/a200340d-6b82-494d-9dbf-687ba6e33f9e/resourceGroups/powershelltest/providers/Microsoft.ApiManagement/service/powershellsdkservice/products/starter/groups/developers\",\r\n      \"type\": \"Microsoft.ApiManagement/service/products/groups\",\r\n      \"name\": \"developers\",\r\n      \"properties\": {\r\n        \"displayName\": \"Developers\",\r\n        \"description\": \"Developers is a built-in group. Its membership is managed by the system. Signed-in users fall into this group.\",\r\n        \"builtIn\": true,\r\n        \"type\": \"system\",\r\n        \"externalId\": null\r\n      }\r\n    },\r\n    {\r\n      \"id\": \"/subscriptions/a200340d-6b82-494d-9dbf-687ba6e33f9e/resourceGroups/powershelltest/providers/Microsoft.ApiManagement/service/powershellsdkservice/products/starter/groups/guests\",\r\n      \"type\": \"Microsoft.ApiManagement/service/products/groups\",\r\n      \"name\": \"guests\",\r\n      \"properties\": {\r\n        \"displayName\": \"Guests\",\r\n        \"description\": \"Guests is a built-in group. Its membership is managed by the system. Unauthenticated users visiting the developer portal fall into this group.\",\r\n        \"builtIn\": true,\r\n        \"type\": \"system\",\r\n        \"externalId\": null\r\n      }\r\n    },\r\n    {\r\n      \"id\": \"/subscriptions/a200340d-6b82-494d-9dbf-687ba6e33f9e/resourceGroups/powershelltest/providers/Microsoft.ApiManagement/service/powershellsdkservice/products/starter/groups/ps350\",\r\n      \"type\": \"Microsoft.ApiManagement/service/products/groups\",\r\n      \"name\": \"ps350\",\r\n      \"properties\": {\r\n        \"displayName\": \"ps816\",\r\n        \"description\": \"ps9328\",\r\n        \"builtIn\": false,\r\n        \"type\": \"custom\",\r\n        \"externalId\": null\r\n      }\r\n    }\r\n  ],\r\n  \"count\": 4\r\n}",
      "StatusCode": 200
    },
    {
      "RequestUri": "/subscriptions/a200340d-6b82-494d-9dbf-687ba6e33f9e/resourceGroups/powershelltest/providers/Microsoft.ApiManagement/service/powershellsdkservice/products/starter/groups?api-version=2020-12-01",
      "EncodedRequestUri": "L3N1YnNjcmlwdGlvbnMvYTIwMDM0MGQtNmI4Mi00OTRkLTlkYmYtNjg3YmE2ZTMzZjllL3Jlc291cmNlR3JvdXBzL3Bvd2Vyc2hlbGx0ZXN0L3Byb3ZpZGVycy9NaWNyb3NvZnQuQXBpTWFuYWdlbWVudC9zZXJ2aWNlL3Bvd2Vyc2hlbGxzZGtzZXJ2aWNlL3Byb2R1Y3RzL3N0YXJ0ZXIvZ3JvdXBzP2FwaS12ZXJzaW9uPTIwMjAtMTItMDE=",
      "RequestMethod": "GET",
      "RequestBody": "",
      "RequestHeaders": {
        "x-ms-client-request-id": [
          "52998508-11ea-4850-8502-5b9e1fd99076"
        ],
        "Accept-Language": [
          "en-US"
        ],
        "User-Agent": [
          "FxVersion/4.6.30015.01",
          "OSName/Windows",
          "OSVersion/Microsoft.Windows.10.0.19043.",
          "Microsoft.Azure.Management.ApiManagement.ApiManagementClient/7.0.0.0"
        ]
      },
      "ResponseHeaders": {
        "Cache-Control": [
          "no-cache"
        ],
        "Pragma": [
          "no-cache"
        ],
        "Strict-Transport-Security": [
          "max-age=31536000; includeSubDomains"
        ],
        "X-Content-Type-Options": [
          "nosniff"
        ],
        "x-ms-request-id": [
          "b6322dc1-6e7d-4b45-a58b-2277a86360c6"
        ],
        "Server": [
          "Microsoft-HTTPAPI/2.0"
        ],
        "x-ms-ratelimit-remaining-subscription-reads": [
          "11991"
        ],
        "x-ms-correlation-request-id": [
          "eb92a59e-8a8e-4d02-b62f-2852b7f451cc"
        ],
        "x-ms-routing-request-id": [
          "WESTUS:20210713T001240Z:eb92a59e-8a8e-4d02-b62f-2852b7f451cc"
        ],
        "Date": [
          "Tue, 13 Jul 2021 00:12:40 GMT"
        ],
        "Content-Length": [
          "1886"
        ],
        "Content-Type": [
          "application/json; charset=utf-8"
        ],
        "Expires": [
          "-1"
        ]
      },
      "ResponseBody": "{\r\n  \"value\": [\r\n    {\r\n      \"id\": \"/subscriptions/a200340d-6b82-494d-9dbf-687ba6e33f9e/resourceGroups/powershelltest/providers/Microsoft.ApiManagement/service/powershellsdkservice/products/starter/groups/administrators\",\r\n      \"type\": \"Microsoft.ApiManagement/service/products/groups\",\r\n      \"name\": \"administrators\",\r\n      \"properties\": {\r\n        \"displayName\": \"Administrators\",\r\n        \"description\": \"Administrators is a built-in group. Its membership is managed by the system. Microsoft Azure subscription administrators fall into this group.\",\r\n        \"builtIn\": true,\r\n        \"type\": \"system\",\r\n        \"externalId\": null\r\n      }\r\n    },\r\n    {\r\n      \"id\": \"/subscriptions/a200340d-6b82-494d-9dbf-687ba6e33f9e/resourceGroups/powershelltest/providers/Microsoft.ApiManagement/service/powershellsdkservice/products/starter/groups/developers\",\r\n      \"type\": \"Microsoft.ApiManagement/service/products/groups\",\r\n      \"name\": \"developers\",\r\n      \"properties\": {\r\n        \"displayName\": \"Developers\",\r\n        \"description\": \"Developers is a built-in group. Its membership is managed by the system. Signed-in users fall into this group.\",\r\n        \"builtIn\": true,\r\n        \"type\": \"system\",\r\n        \"externalId\": null\r\n      }\r\n    },\r\n    {\r\n      \"id\": \"/subscriptions/a200340d-6b82-494d-9dbf-687ba6e33f9e/resourceGroups/powershelltest/providers/Microsoft.ApiManagement/service/powershellsdkservice/products/starter/groups/guests\",\r\n      \"type\": \"Microsoft.ApiManagement/service/products/groups\",\r\n      \"name\": \"guests\",\r\n      \"properties\": {\r\n        \"displayName\": \"Guests\",\r\n        \"description\": \"Guests is a built-in group. Its membership is managed by the system. Unauthenticated users visiting the developer portal fall into this group.\",\r\n        \"builtIn\": true,\r\n        \"type\": \"system\",\r\n        \"externalId\": null\r\n      }\r\n    }\r\n  ],\r\n  \"count\": 3\r\n}",
      "StatusCode": 200
    },
    {
      "RequestUri": "/subscriptions/a200340d-6b82-494d-9dbf-687ba6e33f9e/resourceGroups/powershelltest/providers/Microsoft.ApiManagement/service/powershellsdkservice/products/starter/groups/ps350?api-version=2020-12-01",
      "EncodedRequestUri": "L3N1YnNjcmlwdGlvbnMvYTIwMDM0MGQtNmI4Mi00OTRkLTlkYmYtNjg3YmE2ZTMzZjllL3Jlc291cmNlR3JvdXBzL3Bvd2Vyc2hlbGx0ZXN0L3Byb3ZpZGVycy9NaWNyb3NvZnQuQXBpTWFuYWdlbWVudC9zZXJ2aWNlL3Bvd2Vyc2hlbGxzZGtzZXJ2aWNlL3Byb2R1Y3RzL3N0YXJ0ZXIvZ3JvdXBzL3BzMzUwP2FwaS12ZXJzaW9uPTIwMjAtMTItMDE=",
      "RequestMethod": "DELETE",
      "RequestBody": "",
      "RequestHeaders": {
        "x-ms-client-request-id": [
          "aa963712-622d-43f2-8b3d-6047cdf5d614"
        ],
        "Accept-Language": [
          "en-US"
        ],
        "User-Agent": [
          "FxVersion/4.6.30015.01",
          "OSName/Windows",
          "OSVersion/Microsoft.Windows.10.0.19043.",
          "Microsoft.Azure.Management.ApiManagement.ApiManagementClient/7.0.0.0"
        ]
      },
      "ResponseHeaders": {
        "Cache-Control": [
          "no-cache"
        ],
        "Pragma": [
          "no-cache"
        ],
        "Strict-Transport-Security": [
          "max-age=31536000; includeSubDomains"
        ],
        "X-Content-Type-Options": [
          "nosniff"
        ],
        "x-ms-request-id": [
          "557da25a-a38e-44eb-9935-ede10310e16c"
        ],
        "Server": [
          "Microsoft-HTTPAPI/2.0"
        ],
        "x-ms-ratelimit-remaining-subscription-deletes": [
          "14999"
        ],
        "x-ms-correlation-request-id": [
          "cdc21493-434b-4dbc-9f84-60f6ef2d6b18"
        ],
        "x-ms-routing-request-id": [
          "WESTUS:20210713T001240Z:cdc21493-434b-4dbc-9f84-60f6ef2d6b18"
        ],
        "Date": [
          "Tue, 13 Jul 2021 00:12:40 GMT"
        ],
        "Expires": [
          "-1"
        ],
        "Content-Length": [
          "0"
        ]
      },
      "ResponseBody": "",
      "StatusCode": 200
    },
    {
      "RequestUri": "/subscriptions/a200340d-6b82-494d-9dbf-687ba6e33f9e/resourceGroups/powershelltest/providers/Microsoft.ApiManagement/service/powershellsdkservice/users?api-version=2020-12-01",
      "EncodedRequestUri": "L3N1YnNjcmlwdGlvbnMvYTIwMDM0MGQtNmI4Mi00OTRkLTlkYmYtNjg3YmE2ZTMzZjllL3Jlc291cmNlR3JvdXBzL3Bvd2Vyc2hlbGx0ZXN0L3Byb3ZpZGVycy9NaWNyb3NvZnQuQXBpTWFuYWdlbWVudC9zZXJ2aWNlL3Bvd2Vyc2hlbGxzZGtzZXJ2aWNlL3VzZXJzP2FwaS12ZXJzaW9uPTIwMjAtMTItMDE=",
      "RequestMethod": "GET",
      "RequestBody": "",
      "RequestHeaders": {
        "x-ms-client-request-id": [
          "4a639a03-119f-4c61-94ad-2af0c72ee0de"
        ],
        "Accept-Language": [
          "en-US"
        ],
        "User-Agent": [
          "FxVersion/4.6.30015.01",
          "OSName/Windows",
          "OSVersion/Microsoft.Windows.10.0.19043.",
          "Microsoft.Azure.Management.ApiManagement.ApiManagementClient/7.0.0.0"
        ]
      },
      "ResponseHeaders": {
        "Cache-Control": [
          "no-cache"
        ],
        "Pragma": [
          "no-cache"
        ],
        "Strict-Transport-Security": [
          "max-age=31536000; includeSubDomains"
        ],
        "X-Content-Type-Options": [
          "nosniff"
        ],
        "x-ms-request-id": [
          "7de8b4e7-14cf-4bcc-9f19-65462b867167"
        ],
        "Server": [
          "Microsoft-HTTPAPI/2.0"
        ],
        "x-ms-ratelimit-remaining-subscription-reads": [
          "11990"
        ],
        "x-ms-correlation-request-id": [
          "31707ca7-d147-41b8-98fe-02179ae49f3c"
        ],
        "x-ms-routing-request-id": [
          "WESTUS:20210713T001240Z:31707ca7-d147-41b8-98fe-02179ae49f3c"
        ],
        "Date": [
          "Tue, 13 Jul 2021 00:12:40 GMT"
        ],
        "Content-Length": [
          "664"
        ],
        "Content-Type": [
          "application/json; charset=utf-8"
        ],
        "Expires": [
          "-1"
        ]
      },
      "ResponseBody": "{\r\n  \"value\": [\r\n    {\r\n      \"id\": \"/subscriptions/a200340d-6b82-494d-9dbf-687ba6e33f9e/resourceGroups/powershelltest/providers/Microsoft.ApiManagement/service/powershellsdkservice/users/1\",\r\n      \"type\": \"Microsoft.ApiManagement/service/users\",\r\n      \"name\": \"1\",\r\n      \"properties\": {\r\n        \"firstName\": \"Administrator\",\r\n        \"lastName\": \"\",\r\n        \"email\": \"foo@live.com\",\r\n        \"state\": \"active\",\r\n        \"registrationDate\": \"2020-04-30T18:52:14.87Z\",\r\n        \"note\": null,\r\n        \"identities\": [\r\n          {\r\n            \"provider\": \"Azure\",\r\n            \"id\": \"foo@live.com\"\r\n          }\r\n        ]\r\n      }\r\n    }\r\n  ],\r\n  \"count\": 1\r\n}",
      "StatusCode": 200
    },
    {
      "RequestUri": "/subscriptions/a200340d-6b82-494d-9dbf-687ba6e33f9e/resourceGroups/powershelltest/providers/Microsoft.ApiManagement/service/powershellsdkservice/groups/ps350/users/1?api-version=2020-12-01",
      "EncodedRequestUri": "L3N1YnNjcmlwdGlvbnMvYTIwMDM0MGQtNmI4Mi00OTRkLTlkYmYtNjg3YmE2ZTMzZjllL3Jlc291cmNlR3JvdXBzL3Bvd2Vyc2hlbGx0ZXN0L3Byb3ZpZGVycy9NaWNyb3NvZnQuQXBpTWFuYWdlbWVudC9zZXJ2aWNlL3Bvd2Vyc2hlbGxzZGtzZXJ2aWNlL2dyb3Vwcy9wczM1MC91c2Vycy8xP2FwaS12ZXJzaW9uPTIwMjAtMTItMDE=",
      "RequestMethod": "PUT",
      "RequestBody": "",
      "RequestHeaders": {
        "x-ms-client-request-id": [
          "f4e2af03-e52d-4906-8915-2970e261b11b"
        ],
        "Accept-Language": [
          "en-US"
        ],
        "User-Agent": [
          "FxVersion/4.6.30015.01",
          "OSName/Windows",
          "OSVersion/Microsoft.Windows.10.0.19043.",
          "Microsoft.Azure.Management.ApiManagement.ApiManagementClient/7.0.0.0"
        ]
      },
      "ResponseHeaders": {
        "Cache-Control": [
          "no-cache"
        ],
        "Pragma": [
          "no-cache"
        ],
        "ETag": [
          "\"AAAAAAAA//s=\""
        ],
        "Strict-Transport-Security": [
          "max-age=31536000; includeSubDomains"
        ],
        "X-Content-Type-Options": [
          "nosniff"
        ],
        "x-ms-request-id": [
          "39072f9f-feb3-456e-b51d-543c47f44d79"
        ],
        "Server": [
          "Microsoft-HTTPAPI/2.0"
        ],
        "x-ms-ratelimit-remaining-subscription-writes": [
          "1196"
        ],
        "x-ms-correlation-request-id": [
          "5d5bcb03-5847-4059-927f-e73e67073f5f"
        ],
        "x-ms-routing-request-id": [
          "WESTUS:20210713T001241Z:5d5bcb03-5847-4059-927f-e73e67073f5f"
        ],
        "Date": [
          "Tue, 13 Jul 2021 00:12:41 GMT"
        ],
        "Content-Length": [
          "503"
        ],
        "Content-Type": [
          "application/json; charset=utf-8"
        ],
        "Expires": [
          "-1"
        ]
      },
      "ResponseBody": "{\r\n  \"id\": \"/subscriptions/a200340d-6b82-494d-9dbf-687ba6e33f9e/resourceGroups/powershelltest/providers/Microsoft.ApiManagement/service/powershellsdkservice/groups/ps350/users/1\",\r\n  \"type\": \"Microsoft.ApiManagement/service/groups/users\",\r\n  \"name\": \"1\",\r\n  \"properties\": {\r\n    \"firstName\": \"Administrator\",\r\n    \"lastName\": \"\",\r\n    \"email\": \"foo@live.com\",\r\n    \"state\": \"active\",\r\n    \"registrationDate\": \"2020-04-30T18:52:14.87Z\",\r\n    \"note\": null,\r\n    \"groups\": [],\r\n    \"identities\": []\r\n  }\r\n}",
      "StatusCode": 201
    },
    {
      "RequestUri": "/subscriptions/a200340d-6b82-494d-9dbf-687ba6e33f9e/resourceGroups/powershelltest/providers/Microsoft.ApiManagement/service/powershellsdkservice/users/1/groups?api-version=2020-12-01",
      "EncodedRequestUri": "L3N1YnNjcmlwdGlvbnMvYTIwMDM0MGQtNmI4Mi00OTRkLTlkYmYtNjg3YmE2ZTMzZjllL3Jlc291cmNlR3JvdXBzL3Bvd2Vyc2hlbGx0ZXN0L3Byb3ZpZGVycy9NaWNyb3NvZnQuQXBpTWFuYWdlbWVudC9zZXJ2aWNlL3Bvd2Vyc2hlbGxzZGtzZXJ2aWNlL3VzZXJzLzEvZ3JvdXBzP2FwaS12ZXJzaW9uPTIwMjAtMTItMDE=",
      "RequestMethod": "GET",
      "RequestBody": "",
      "RequestHeaders": {
        "x-ms-client-request-id": [
          "96ee60d9-caf8-4a45-aa7a-446e9be5599b"
        ],
        "Accept-Language": [
          "en-US"
        ],
        "User-Agent": [
          "FxVersion/4.6.30015.01",
          "OSName/Windows",
          "OSVersion/Microsoft.Windows.10.0.19043.",
          "Microsoft.Azure.Management.ApiManagement.ApiManagementClient/7.0.0.0"
        ]
      },
      "ResponseHeaders": {
        "Cache-Control": [
          "no-cache"
        ],
        "Pragma": [
          "no-cache"
        ],
        "Strict-Transport-Security": [
          "max-age=31536000; includeSubDomains"
        ],
        "X-Content-Type-Options": [
          "nosniff"
        ],
        "x-ms-request-id": [
          "9d9f3508-3656-4ffe-a96f-f7d1b7d99102"
        ],
        "Server": [
          "Microsoft-HTTPAPI/2.0"
        ],
        "x-ms-ratelimit-remaining-subscription-reads": [
          "11989"
        ],
        "x-ms-correlation-request-id": [
          "82e69446-6924-4279-8774-e58fc11e79b4"
        ],
        "x-ms-routing-request-id": [
          "WESTUS:20210713T001242Z:82e69446-6924-4279-8774-e58fc11e79b4"
        ],
        "Date": [
          "Tue, 13 Jul 2021 00:12:42 GMT"
        ],
        "Content-Length": [
          "1712"
        ],
        "Content-Type": [
          "application/json; charset=utf-8"
        ],
        "Expires": [
          "-1"
        ]
      },
      "ResponseBody": "{\r\n  \"value\": [\r\n    {\r\n      \"id\": \"/subscriptions/a200340d-6b82-494d-9dbf-687ba6e33f9e/resourceGroups/powershelltest/providers/Microsoft.ApiManagement/service/powershellsdkservice/users/1/groups/administrators\",\r\n      \"type\": \"Microsoft.ApiManagement/service/users/groups\",\r\n      \"name\": \"administrators\",\r\n      \"properties\": {\r\n        \"displayName\": \"Administrators\",\r\n        \"description\": \"Administrators is a built-in group. Its membership is managed by the system. Microsoft Azure subscription administrators fall into this group.\",\r\n        \"builtIn\": true,\r\n        \"type\": \"system\",\r\n        \"externalId\": null\r\n      }\r\n    },\r\n    {\r\n      \"id\": \"/subscriptions/a200340d-6b82-494d-9dbf-687ba6e33f9e/resourceGroups/powershelltest/providers/Microsoft.ApiManagement/service/powershellsdkservice/users/1/groups/developers\",\r\n      \"type\": \"Microsoft.ApiManagement/service/users/groups\",\r\n      \"name\": \"developers\",\r\n      \"properties\": {\r\n        \"displayName\": \"Developers\",\r\n        \"description\": \"Developers is a built-in group. Its membership is managed by the system. Signed-in users fall into this group.\",\r\n        \"builtIn\": true,\r\n        \"type\": \"system\",\r\n        \"externalId\": null\r\n      }\r\n    },\r\n    {\r\n      \"id\": \"/subscriptions/a200340d-6b82-494d-9dbf-687ba6e33f9e/resourceGroups/powershelltest/providers/Microsoft.ApiManagement/service/powershellsdkservice/users/1/groups/ps350\",\r\n      \"type\": \"Microsoft.ApiManagement/service/users/groups\",\r\n      \"name\": \"ps350\",\r\n      \"properties\": {\r\n        \"displayName\": \"ps816\",\r\n        \"description\": \"ps9328\",\r\n        \"builtIn\": false,\r\n        \"type\": \"custom\",\r\n        \"externalId\": null\r\n      }\r\n    }\r\n  ],\r\n  \"count\": 3\r\n}",
      "StatusCode": 200
    },
    {
      "RequestUri": "/subscriptions/a200340d-6b82-494d-9dbf-687ba6e33f9e/resourceGroups/powershelltest/providers/Microsoft.ApiManagement/service/powershellsdkservice/users/1/groups?api-version=2020-12-01",
      "EncodedRequestUri": "L3N1YnNjcmlwdGlvbnMvYTIwMDM0MGQtNmI4Mi00OTRkLTlkYmYtNjg3YmE2ZTMzZjllL3Jlc291cmNlR3JvdXBzL3Bvd2Vyc2hlbGx0ZXN0L3Byb3ZpZGVycy9NaWNyb3NvZnQuQXBpTWFuYWdlbWVudC9zZXJ2aWNlL3Bvd2Vyc2hlbGxzZGtzZXJ2aWNlL3VzZXJzLzEvZ3JvdXBzP2FwaS12ZXJzaW9uPTIwMjAtMTItMDE=",
      "RequestMethod": "GET",
      "RequestBody": "",
      "RequestHeaders": {
        "x-ms-client-request-id": [
          "04446eb0-3df8-4081-9214-84c0e7c4ae79"
        ],
        "Accept-Language": [
          "en-US"
        ],
        "User-Agent": [
          "FxVersion/4.6.30015.01",
          "OSName/Windows",
          "OSVersion/Microsoft.Windows.10.0.19043.",
          "Microsoft.Azure.Management.ApiManagement.ApiManagementClient/7.0.0.0"
        ]
      },
      "ResponseHeaders": {
        "Cache-Control": [
          "no-cache"
        ],
        "Pragma": [
          "no-cache"
        ],
        "Strict-Transport-Security": [
          "max-age=31536000; includeSubDomains"
        ],
        "X-Content-Type-Options": [
          "nosniff"
        ],
        "x-ms-request-id": [
          "6e55f260-6dc0-4af0-8eae-e2448c8755b4"
        ],
        "Server": [
          "Microsoft-HTTPAPI/2.0"
        ],
        "x-ms-ratelimit-remaining-subscription-reads": [
          "11988"
        ],
        "x-ms-correlation-request-id": [
          "be1fab11-dc31-41c4-8552-25b70989a35e"
        ],
        "x-ms-routing-request-id": [
          "WESTUS:20210713T001243Z:be1fab11-dc31-41c4-8552-25b70989a35e"
        ],
        "Date": [
          "Tue, 13 Jul 2021 00:12:42 GMT"
        ],
        "Content-Length": [
          "1247"
        ],
        "Content-Type": [
          "application/json; charset=utf-8"
        ],
        "Expires": [
          "-1"
        ]
      },
      "ResponseBody": "{\r\n  \"value\": [\r\n    {\r\n      \"id\": \"/subscriptions/a200340d-6b82-494d-9dbf-687ba6e33f9e/resourceGroups/powershelltest/providers/Microsoft.ApiManagement/service/powershellsdkservice/users/1/groups/administrators\",\r\n      \"type\": \"Microsoft.ApiManagement/service/users/groups\",\r\n      \"name\": \"administrators\",\r\n      \"properties\": {\r\n        \"displayName\": \"Administrators\",\r\n        \"description\": \"Administrators is a built-in group. Its membership is managed by the system. Microsoft Azure subscription administrators fall into this group.\",\r\n        \"builtIn\": true,\r\n        \"type\": \"system\",\r\n        \"externalId\": null\r\n      }\r\n    },\r\n    {\r\n      \"id\": \"/subscriptions/a200340d-6b82-494d-9dbf-687ba6e33f9e/resourceGroups/powershelltest/providers/Microsoft.ApiManagement/service/powershellsdkservice/users/1/groups/developers\",\r\n      \"type\": \"Microsoft.ApiManagement/service/users/groups\",\r\n      \"name\": \"developers\",\r\n      \"properties\": {\r\n        \"displayName\": \"Developers\",\r\n        \"description\": \"Developers is a built-in group. Its membership is managed by the system. Signed-in users fall into this group.\",\r\n        \"builtIn\": true,\r\n        \"type\": \"system\",\r\n        \"externalId\": null\r\n      }\r\n    }\r\n  ],\r\n  \"count\": 2\r\n}",
      "StatusCode": 200
    },
    {
      "RequestUri": "/subscriptions/a200340d-6b82-494d-9dbf-687ba6e33f9e/resourceGroups/powershelltest/providers/Microsoft.ApiManagement/service/powershellsdkservice/groups/ps350/users/1?api-version=2020-12-01",
      "EncodedRequestUri": "L3N1YnNjcmlwdGlvbnMvYTIwMDM0MGQtNmI4Mi00OTRkLTlkYmYtNjg3YmE2ZTMzZjllL3Jlc291cmNlR3JvdXBzL3Bvd2Vyc2hlbGx0ZXN0L3Byb3ZpZGVycy9NaWNyb3NvZnQuQXBpTWFuYWdlbWVudC9zZXJ2aWNlL3Bvd2Vyc2hlbGxzZGtzZXJ2aWNlL2dyb3Vwcy9wczM1MC91c2Vycy8xP2FwaS12ZXJzaW9uPTIwMjAtMTItMDE=",
      "RequestMethod": "DELETE",
      "RequestBody": "",
      "RequestHeaders": {
        "x-ms-client-request-id": [
          "be4f5b63-37a2-46ef-8bc0-8148e42e9710"
        ],
        "Accept-Language": [
          "en-US"
        ],
        "User-Agent": [
          "FxVersion/4.6.30015.01",
          "OSName/Windows",
          "OSVersion/Microsoft.Windows.10.0.19043.",
          "Microsoft.Azure.Management.ApiManagement.ApiManagementClient/7.0.0.0"
        ]
      },
      "ResponseHeaders": {
        "Cache-Control": [
          "no-cache"
        ],
        "Pragma": [
          "no-cache"
        ],
        "Strict-Transport-Security": [
          "max-age=31536000; includeSubDomains"
        ],
        "X-Content-Type-Options": [
          "nosniff"
        ],
        "x-ms-request-id": [
          "8d2a1b67-c687-4a2f-b6db-20ead0b38f12"
        ],
        "Server": [
          "Microsoft-HTTPAPI/2.0"
        ],
        "x-ms-ratelimit-remaining-subscription-deletes": [
          "14998"
        ],
        "x-ms-correlation-request-id": [
          "fbd2715c-03d7-41a6-90a9-c683ce00c247"
        ],
        "x-ms-routing-request-id": [
          "WESTUS:20210713T001243Z:fbd2715c-03d7-41a6-90a9-c683ce00c247"
        ],
        "Date": [
          "Tue, 13 Jul 2021 00:12:42 GMT"
        ],
        "Expires": [
          "-1"
        ],
        "Content-Length": [
          "0"
        ]
      },
      "ResponseBody": "",
      "StatusCode": 200
    },
    {
      "RequestUri": "/subscriptions/a200340d-6b82-494d-9dbf-687ba6e33f9e/resourceGroups/powershelltest/providers/Microsoft.ApiManagement/service/powershellsdkservice/groups/ps323?api-version=2020-12-01",
      "EncodedRequestUri": "L3N1YnNjcmlwdGlvbnMvYTIwMDM0MGQtNmI4Mi00OTRkLTlkYmYtNjg3YmE2ZTMzZjllL3Jlc291cmNlR3JvdXBzL3Bvd2Vyc2hlbGx0ZXN0L3Byb3ZpZGVycy9NaWNyb3NvZnQuQXBpTWFuYWdlbWVudC9zZXJ2aWNlL3Bvd2Vyc2hlbGxzZGtzZXJ2aWNlL2dyb3Vwcy9wczMyMz9hcGktdmVyc2lvbj0yMDIwLTEyLTAx",
      "RequestMethod": "PUT",
      "RequestBody": "{\r\n  \"properties\": {\r\n    \"displayName\": \"ps6613\",\r\n    \"description\": \"ps5121\",\r\n    \"type\": \"external\"\r\n  }\r\n}",
      "RequestHeaders": {
        "x-ms-client-request-id": [
          "a5897445-b3af-4f5b-8005-00b47f906c60"
        ],
        "Accept-Language": [
          "en-US"
        ],
        "User-Agent": [
          "FxVersion/4.6.30015.01",
          "OSName/Windows",
          "OSVersion/Microsoft.Windows.10.0.19043.",
          "Microsoft.Azure.Management.ApiManagement.ApiManagementClient/7.0.0.0"
        ],
        "Content-Type": [
          "application/json; charset=utf-8"
        ],
        "Content-Length": [
          "112"
        ]
      },
      "ResponseHeaders": {
        "Cache-Control": [
          "no-cache"
        ],
        "Pragma": [
          "no-cache"
        ],
        "ETag": [
          "\"AAAAAAABAAU=\""
        ],
        "Strict-Transport-Security": [
          "max-age=31536000; includeSubDomains"
        ],
        "X-Content-Type-Options": [
          "nosniff"
        ],
        "x-ms-request-id": [
          "020a5dac-8395-4408-a062-ab0b220d4305"
        ],
        "Server": [
          "Microsoft-HTTPAPI/2.0"
        ],
        "x-ms-ratelimit-remaining-subscription-writes": [
          "1195"
        ],
        "x-ms-correlation-request-id": [
          "338878cb-e32c-4a45-8c3c-fe7c3b35e43d"
        ],
        "x-ms-routing-request-id": [
          "WESTUS:20210713T001243Z:338878cb-e32c-4a45-8c3c-fe7c3b35e43d"
        ],
        "Date": [
          "Tue, 13 Jul 2021 00:12:43 GMT"
        ],
        "Content-Length": [
          "415"
        ],
        "Content-Type": [
          "application/json; charset=utf-8"
        ],
        "Expires": [
          "-1"
        ]
      },
      "ResponseBody": "{\r\n  \"id\": \"/subscriptions/a200340d-6b82-494d-9dbf-687ba6e33f9e/resourceGroups/powershelltest/providers/Microsoft.ApiManagement/service/powershellsdkservice/groups/ps323\",\r\n  \"type\": \"Microsoft.ApiManagement/service/groups\",\r\n  \"name\": \"ps323\",\r\n  \"properties\": {\r\n    \"displayName\": \"ps6613\",\r\n    \"description\": \"ps5121\",\r\n    \"builtIn\": false,\r\n    \"type\": \"external\",\r\n    \"externalId\": \"aad:///groups/\"\r\n  }\r\n}",
      "StatusCode": 201
    },
    {
      "RequestUri": "/subscriptions/a200340d-6b82-494d-9dbf-687ba6e33f9e/resourceGroups/powershelltest/providers/Microsoft.ApiManagement/service/powershellsdkservice/groups/ps323?api-version=2020-12-01",
      "EncodedRequestUri": "L3N1YnNjcmlwdGlvbnMvYTIwMDM0MGQtNmI4Mi00OTRkLTlkYmYtNjg3YmE2ZTMzZjllL3Jlc291cmNlR3JvdXBzL3Bvd2Vyc2hlbGx0ZXN0L3Byb3ZpZGVycy9NaWNyb3NvZnQuQXBpTWFuYWdlbWVudC9zZXJ2aWNlL3Bvd2Vyc2hlbGxzZGtzZXJ2aWNlL2dyb3Vwcy9wczMyMz9hcGktdmVyc2lvbj0yMDIwLTEyLTAx",
      "RequestMethod": "GET",
      "RequestBody": "",
      "RequestHeaders": {
        "x-ms-client-request-id": [
          "a5897445-b3af-4f5b-8005-00b47f906c60"
        ],
        "Accept-Language": [
          "en-US"
        ],
        "User-Agent": [
          "FxVersion/4.6.30015.01",
          "OSName/Windows",
          "OSVersion/Microsoft.Windows.10.0.19043.",
          "Microsoft.Azure.Management.ApiManagement.ApiManagementClient/7.0.0.0"
        ]
      },
      "ResponseHeaders": {
        "Cache-Control": [
          "no-cache"
        ],
        "Pragma": [
          "no-cache"
        ],
        "ETag": [
          "\"AAAAAAABAAU=\""
        ],
        "Strict-Transport-Security": [
          "max-age=31536000; includeSubDomains"
        ],
        "X-Content-Type-Options": [
          "nosniff"
        ],
        "x-ms-request-id": [
          "a60b2962-d3c7-494e-911c-25b565c53211"
        ],
        "Server": [
          "Microsoft-HTTPAPI/2.0"
        ],
        "x-ms-ratelimit-remaining-subscription-reads": [
          "11987"
        ],
        "x-ms-correlation-request-id": [
          "3d286974-8dc2-4ed2-91c9-b42d5fcad137"
        ],
        "x-ms-routing-request-id": [
          "WESTUS:20210713T001243Z:3d286974-8dc2-4ed2-91c9-b42d5fcad137"
        ],
        "Date": [
          "Tue, 13 Jul 2021 00:12:43 GMT"
        ],
        "Content-Length": [
          "403"
        ],
        "Content-Type": [
          "application/json; charset=utf-8"
        ],
        "Expires": [
          "-1"
        ]
      },
      "ResponseBody": "{\r\n  \"id\": \"/subscriptions/a200340d-6b82-494d-9dbf-687ba6e33f9e/resourceGroups/powershelltest/providers/Microsoft.ApiManagement/service/powershellsdkservice/groups/ps323\",\r\n  \"type\": \"Microsoft.ApiManagement/service/groups\",\r\n  \"name\": \"ps323\",\r\n  \"properties\": {\r\n    \"displayName\": \"ps6613\",\r\n    \"description\": \"ps5121\",\r\n    \"builtIn\": false,\r\n    \"type\": \"external\",\r\n    \"externalId\": null\r\n  }\r\n}",
      "StatusCode": 200
    },
    {
      "RequestUri": "/subscriptions/a200340d-6b82-494d-9dbf-687ba6e33f9e/resourceGroups/powershelltest/providers/Microsoft.ApiManagement/service/powershellsdkservice/groups/ps323?api-version=2020-12-01",
      "EncodedRequestUri": "L3N1YnNjcmlwdGlvbnMvYTIwMDM0MGQtNmI4Mi00OTRkLTlkYmYtNjg3YmE2ZTMzZjllL3Jlc291cmNlR3JvdXBzL3Bvd2Vyc2hlbGx0ZXN0L3Byb3ZpZGVycy9NaWNyb3NvZnQuQXBpTWFuYWdlbWVudC9zZXJ2aWNlL3Bvd2Vyc2hlbGxzZGtzZXJ2aWNlL2dyb3Vwcy9wczMyMz9hcGktdmVyc2lvbj0yMDIwLTEyLTAx",
      "RequestMethod": "GET",
      "RequestBody": "",
      "RequestHeaders": {
        "x-ms-client-request-id": [
          "a4de88b8-0597-48de-a79d-d67ea20a6d38"
        ],
        "Accept-Language": [
          "en-US"
        ],
        "User-Agent": [
          "FxVersion/4.6.30015.01",
          "OSName/Windows",
          "OSVersion/Microsoft.Windows.10.0.19043.",
          "Microsoft.Azure.Management.ApiManagement.ApiManagementClient/7.0.0.0"
        ]
      },
      "ResponseHeaders": {
        "Cache-Control": [
          "no-cache"
        ],
        "Pragma": [
          "no-cache"
        ],
        "Strict-Transport-Security": [
          "max-age=31536000; includeSubDomains"
        ],
        "X-Content-Type-Options": [
          "nosniff"
        ],
        "x-ms-request-id": [
          "e3dbac89-dc7f-4bb7-bf82-d5a8d39ca6fd"
        ],
        "Server": [
          "Microsoft-HTTPAPI/2.0"
        ],
        "x-ms-ratelimit-remaining-subscription-reads": [
          "11985"
        ],
        "x-ms-correlation-request-id": [
          "c7529941-221a-4ae3-a7f3-426c6d420f63"
        ],
        "x-ms-routing-request-id": [
          "WESTUS:20210713T001244Z:c7529941-221a-4ae3-a7f3-426c6d420f63"
        ],
        "Date": [
          "Tue, 13 Jul 2021 00:12:44 GMT"
        ],
        "Content-Length": [
          "81"
        ],
        "Content-Type": [
          "application/json; charset=utf-8"
        ],
        "Expires": [
          "-1"
        ]
      },
      "ResponseBody": "{\r\n  \"error\": {\r\n    \"code\": \"ResourceNotFound\",\r\n    \"message\": \"Group not found.\",\r\n    \"details\": null\r\n  }\r\n}",
      "StatusCode": 404
    },
    {
      "RequestUri": "/subscriptions/a200340d-6b82-494d-9dbf-687ba6e33f9e/resourceGroups/powershelltest/providers/Microsoft.ApiManagement/service/powershellsdkservice/groups/ps350?api-version=2020-12-01",
      "EncodedRequestUri": "L3N1YnNjcmlwdGlvbnMvYTIwMDM0MGQtNmI4Mi00OTRkLTlkYmYtNjg3YmE2ZTMzZjllL3Jlc291cmNlR3JvdXBzL3Bvd2Vyc2hlbGx0ZXN0L3Byb3ZpZGVycy9NaWNyb3NvZnQuQXBpTWFuYWdlbWVudC9zZXJ2aWNlL3Bvd2Vyc2hlbGxzZGtzZXJ2aWNlL2dyb3Vwcy9wczM1MD9hcGktdmVyc2lvbj0yMDIwLTEyLTAx",
      "RequestMethod": "DELETE",
      "RequestBody": "",
      "RequestHeaders": {
        "x-ms-client-request-id": [
          "479e03ad-f46b-463e-8a2f-9e00ec47bf5c"
        ],
        "If-Match": [
          "*"
        ],
        "Accept-Language": [
          "en-US"
        ],
        "User-Agent": [
          "FxVersion/4.6.30015.01",
          "OSName/Windows",
          "OSVersion/Microsoft.Windows.10.0.19043.",
          "Microsoft.Azure.Management.ApiManagement.ApiManagementClient/7.0.0.0"
        ]
      },
      "ResponseHeaders": {
        "Cache-Control": [
          "no-cache"
        ],
        "Pragma": [
          "no-cache"
        ],
        "Strict-Transport-Security": [
          "max-age=31536000; includeSubDomains"
        ],
        "X-Content-Type-Options": [
          "nosniff"
        ],
        "x-ms-request-id": [
          "78731f69-7bf9-458c-9a4d-279a596e68c5"
        ],
        "Server": [
          "Microsoft-HTTPAPI/2.0"
        ],
        "x-ms-ratelimit-remaining-subscription-deletes": [
          "14997"
        ],
        "x-ms-correlation-request-id": [
          "ecc7de7f-486d-4299-9492-eb964b68f508"
        ],
        "x-ms-routing-request-id": [
          "WESTUS:20210713T001244Z:ecc7de7f-486d-4299-9492-eb964b68f508"
        ],
        "Date": [
          "Tue, 13 Jul 2021 00:12:43 GMT"
        ],
        "Expires": [
          "-1"
        ],
        "Content-Length": [
          "0"
        ]
      },
      "ResponseBody": "",
      "StatusCode": 200
    },
    {
      "RequestUri": "/subscriptions/a200340d-6b82-494d-9dbf-687ba6e33f9e/resourceGroups/powershelltest/providers/Microsoft.ApiManagement/service/powershellsdkservice/groups/ps323?api-version=2020-12-01",
      "EncodedRequestUri": "L3N1YnNjcmlwdGlvbnMvYTIwMDM0MGQtNmI4Mi00OTRkLTlkYmYtNjg3YmE2ZTMzZjllL3Jlc291cmNlR3JvdXBzL3Bvd2Vyc2hlbGx0ZXN0L3Byb3ZpZGVycy9NaWNyb3NvZnQuQXBpTWFuYWdlbWVudC9zZXJ2aWNlL3Bvd2Vyc2hlbGxzZGtzZXJ2aWNlL2dyb3Vwcy9wczMyMz9hcGktdmVyc2lvbj0yMDIwLTEyLTAx",
      "RequestMethod": "DELETE",
      "RequestBody": "",
      "RequestHeaders": {
        "x-ms-client-request-id": [
          "95e4e37b-5c66-46d9-ae41-f96c5a98c3dc"
        ],
        "If-Match": [
          "*"
        ],
        "Accept-Language": [
          "en-US"
        ],
        "User-Agent": [
          "FxVersion/4.6.30015.01",
          "OSName/Windows",
          "OSVersion/Microsoft.Windows.10.0.19043.",
          "Microsoft.Azure.Management.ApiManagement.ApiManagementClient/7.0.0.0"
        ]
      },
      "ResponseHeaders": {
        "Cache-Control": [
          "no-cache"
        ],
        "Pragma": [
          "no-cache"
        ],
        "Strict-Transport-Security": [
          "max-age=31536000; includeSubDomains"
        ],
        "X-Content-Type-Options": [
          "nosniff"
        ],
        "x-ms-request-id": [
          "9469d9b4-0872-4797-a29b-2ef05f4ffc37"
        ],
        "Server": [
          "Microsoft-HTTPAPI/2.0"
        ],
        "x-ms-ratelimit-remaining-subscription-deletes": [
          "14996"
        ],
        "x-ms-correlation-request-id": [
          "fd9a7fc0-07b0-4986-9467-fe690e0b3bc0"
        ],
        "x-ms-routing-request-id": [
          "WESTUS:20210713T001244Z:fd9a7fc0-07b0-4986-9467-fe690e0b3bc0"
        ],
        "Date": [
          "Tue, 13 Jul 2021 00:12:43 GMT"
        ],
        "Expires": [
          "-1"
        ],
        "Content-Length": [
          "0"
        ]
      },
      "ResponseBody": "",
      "StatusCode": 200
    }
  ],
  "Names": {
    "": [
      "ps350",
      "ps323",
      "ps3090",
      "ps6658",
      "ps816",
      "ps9328",
      "ps6613",
      "ps5121"
    ]
  },
  "Variables": {
    "SubscriptionId": "a200340d-6b82-494d-9dbf-687ba6e33f9e"
  }
}