{
  "Entries": [
    {
      "RequestUri": "/subscriptions/a200340d-6b82-494d-9dbf-687ba6e33f9e/resourceGroups/powershelltest/providers/Microsoft.ApiManagement/service/powershellsdkservice/openidConnectProviders/ps4496?api-version=2019-01-01",
      "EncodedRequestUri": "L3N1YnNjcmlwdGlvbnMvYTIwMDM0MGQtNmI4Mi00OTRkLTlkYmYtNjg3YmE2ZTMzZjllL3Jlc291cmNlR3JvdXBzL3Bvd2Vyc2hlbGx0ZXN0L3Byb3ZpZGVycy9NaWNyb3NvZnQuQXBpTWFuYWdlbWVudC9zZXJ2aWNlL3Bvd2Vyc2hlbGxzZGtzZXJ2aWNlL29wZW5pZENvbm5lY3RQcm92aWRlcnMvcHM0NDk2P2FwaS12ZXJzaW9uPTIwMTktMDEtMDE=",
      "RequestMethod": "PUT",
      "RequestBody": "{\r\n  \"properties\": {\r\n    \"displayName\": \"ps4445\",\r\n    \"description\": \"ps6757\",\r\n    \"metadataEndpoint\": \"https://login.microsoftonline.com/contoso.onmicrosoft.com/v2.0/.well-known/openid-configuration\",\r\n    \"clientId\": \"ps8682\"\r\n  }\r\n}",
      "RequestHeaders": {
        "x-ms-client-request-id": [
          "203641e1-6545-4854-aaee-3fb42bdab11f"
        ],
        "Accept-Language": [
          "en-US"
        ],
        "User-Agent": [
          "FxVersion/4.6.28325.01",
          "OSName/Windows",
          "OSVersion/Microsoft.Windows.10.0.18363.",
          "Microsoft.Azure.Management.ApiManagement.ApiManagementClient/4.12.0.0"
        ],
        "Content-Type": [
          "application/json; charset=utf-8"
        ],
        "Content-Length": [
          "238"
        ]
      },
      "ResponseHeaders": {
        "Cache-Control": [
          "no-cache"
        ],
        "Pragma": [
          "no-cache"
        ],
        "ETag": [
          "\"AAAAAAAAC9Y=\""
        ],
        "Strict-Transport-Security": [
          "max-age=31536000; includeSubDomains"
        ],
        "x-ms-request-id": [
          "a11b34b9-6144-4074-923c-48489ed580ad"
        ],
        "Server": [
          "Microsoft-HTTPAPI/2.0"
        ],
        "x-ms-ratelimit-remaining-subscription-writes": [
          "1197"
        ],
        "x-ms-correlation-request-id": [
          "1d93c7c2-ede6-4394-9bb3-76010015ea67"
        ],
        "x-ms-routing-request-id": [
          "WESTUS:20200224T174525Z:1d93c7c2-ede6-4394-9bb3-76010015ea67"
        ],
        "X-Content-Type-Options": [
          "nosniff"
        ],
        "Date": [
          "Mon, 24 Feb 2020 17:45:24 GMT"
        ],
        "Content-Length": [
          "515"
        ],
        "Content-Type": [
          "application/json; charset=utf-8"
        ],
        "Expires": [
          "-1"
        ]
      },
      "ResponseBody": "{\r\n  \"id\": \"/subscriptions/a200340d-6b82-494d-9dbf-687ba6e33f9e/resourceGroups/powershelltest/providers/Microsoft.ApiManagement/service/powershellsdkservice/openidConnectProviders/ps4496\",\r\n  \"type\": \"Microsoft.ApiManagement/service/openidConnectProviders\",\r\n  \"name\": \"ps4496\",\r\n  \"properties\": {\r\n    \"displayName\": \"ps4445\",\r\n    \"description\": \"ps6757\",\r\n    \"metadataEndpoint\": \"https://login.microsoftonline.com/contoso.onmicrosoft.com/v2.0/.well-known/openid-configuration\",\r\n    \"clientId\": \"ps8682\"\r\n  }\r\n}",
      "StatusCode": 201
    },
    {
      "RequestUri": "/subscriptions/a200340d-6b82-494d-9dbf-687ba6e33f9e/resourceGroups/powershelltest/providers/Microsoft.ApiManagement/service/powershellsdkservice/openidConnectProviders/ps4496?api-version=2019-01-01",
      "EncodedRequestUri": "L3N1YnNjcmlwdGlvbnMvYTIwMDM0MGQtNmI4Mi00OTRkLTlkYmYtNjg3YmE2ZTMzZjllL3Jlc291cmNlR3JvdXBzL3Bvd2Vyc2hlbGx0ZXN0L3Byb3ZpZGVycy9NaWNyb3NvZnQuQXBpTWFuYWdlbWVudC9zZXJ2aWNlL3Bvd2Vyc2hlbGxzZGtzZXJ2aWNlL29wZW5pZENvbm5lY3RQcm92aWRlcnMvcHM0NDk2P2FwaS12ZXJzaW9uPTIwMTktMDEtMDE=",
      "RequestMethod": "GET",
      "RequestBody": "",
      "RequestHeaders": {
        "x-ms-client-request-id": [
          "fc123119-8505-43cd-97aa-9367be2ad565"
        ],
        "Accept-Language": [
          "en-US"
        ],
        "User-Agent": [
          "FxVersion/4.6.28325.01",
          "OSName/Windows",
          "OSVersion/Microsoft.Windows.10.0.18363.",
          "Microsoft.Azure.Management.ApiManagement.ApiManagementClient/4.12.0.0"
        ]
      },
      "ResponseHeaders": {
        "Cache-Control": [
          "no-cache"
        ],
        "Pragma": [
          "no-cache"
        ],
        "ETag": [
          "\"AAAAAAAAC9Y=\""
        ],
        "Strict-Transport-Security": [
          "max-age=31536000; includeSubDomains"
        ],
        "x-ms-request-id": [
          "ff24c338-d913-4dbf-9e07-4f3cfe4b82bc"
        ],
        "Server": [
          "Microsoft-HTTPAPI/2.0"
        ],
        "x-ms-ratelimit-remaining-subscription-reads": [
          "11996"
        ],
        "x-ms-correlation-request-id": [
          "47fcff99-baac-46d6-a90c-cce35c17ca1e"
        ],
        "x-ms-routing-request-id": [
          "WESTUS:20200224T174525Z:47fcff99-baac-46d6-a90c-cce35c17ca1e"
        ],
        "X-Content-Type-Options": [
          "nosniff"
        ],
        "Date": [
          "Mon, 24 Feb 2020 17:45:25 GMT"
        ],
        "Content-Length": [
          "515"
        ],
        "Content-Type": [
          "application/json; charset=utf-8"
        ],
        "Expires": [
          "-1"
        ]
      },
      "ResponseBody": "{\r\n  \"id\": \"/subscriptions/a200340d-6b82-494d-9dbf-687ba6e33f9e/resourceGroups/powershelltest/providers/Microsoft.ApiManagement/service/powershellsdkservice/openidConnectProviders/ps4496\",\r\n  \"type\": \"Microsoft.ApiManagement/service/openidConnectProviders\",\r\n  \"name\": \"ps4496\",\r\n  \"properties\": {\r\n    \"displayName\": \"ps4445\",\r\n    \"description\": \"ps6757\",\r\n    \"metadataEndpoint\": \"https://login.microsoftonline.com/contoso.onmicrosoft.com/v2.0/.well-known/openid-configuration\",\r\n    \"clientId\": \"ps8682\"\r\n  }\r\n}",
      "StatusCode": 200
    },
    {
      "RequestUri": "/subscriptions/a200340d-6b82-494d-9dbf-687ba6e33f9e/resourceGroups/powershelltest/providers/Microsoft.ApiManagement/service/powershellsdkservice/openidConnectProviders/ps4496?api-version=2019-01-01",
      "EncodedRequestUri": "L3N1YnNjcmlwdGlvbnMvYTIwMDM0MGQtNmI4Mi00OTRkLTlkYmYtNjg3YmE2ZTMzZjllL3Jlc291cmNlR3JvdXBzL3Bvd2Vyc2hlbGx0ZXN0L3Byb3ZpZGVycy9NaWNyb3NvZnQuQXBpTWFuYWdlbWVudC9zZXJ2aWNlL3Bvd2Vyc2hlbGxzZGtzZXJ2aWNlL29wZW5pZENvbm5lY3RQcm92aWRlcnMvcHM0NDk2P2FwaS12ZXJzaW9uPTIwMTktMDEtMDE=",
      "RequestMethod": "GET",
      "RequestBody": "",
      "RequestHeaders": {
        "x-ms-client-request-id": [
          "25a99982-5dec-4eaa-9e4f-4d52869b321b"
        ],
        "Accept-Language": [
          "en-US"
        ],
        "User-Agent": [
          "FxVersion/4.6.28325.01",
          "OSName/Windows",
          "OSVersion/Microsoft.Windows.10.0.18363.",
          "Microsoft.Azure.Management.ApiManagement.ApiManagementClient/4.12.0.0"
        ]
      },
      "ResponseHeaders": {
        "Cache-Control": [
          "no-cache"
        ],
        "Pragma": [
          "no-cache"
        ],
        "ETag": [
          "\"AAAAAAAAC9Y=\""
        ],
        "Strict-Transport-Security": [
          "max-age=31536000; includeSubDomains"
        ],
        "x-ms-request-id": [
          "794b6262-cc78-47f2-8f5e-543984c561ee"
        ],
        "Server": [
          "Microsoft-HTTPAPI/2.0"
        ],
        "x-ms-ratelimit-remaining-subscription-reads": [
          "11994"
        ],
        "x-ms-correlation-request-id": [
          "28ca78d7-0809-456a-95fb-35fe4c56c1c7"
        ],
        "x-ms-routing-request-id": [
          "WESTUS:20200224T174526Z:28ca78d7-0809-456a-95fb-35fe4c56c1c7"
        ],
        "X-Content-Type-Options": [
          "nosniff"
        ],
        "Date": [
          "Mon, 24 Feb 2020 17:45:25 GMT"
        ],
        "Content-Length": [
          "515"
        ],
        "Content-Type": [
          "application/json; charset=utf-8"
        ],
        "Expires": [
          "-1"
        ]
      },
      "ResponseBody": "{\r\n  \"id\": \"/subscriptions/a200340d-6b82-494d-9dbf-687ba6e33f9e/resourceGroups/powershelltest/providers/Microsoft.ApiManagement/service/powershellsdkservice/openidConnectProviders/ps4496\",\r\n  \"type\": \"Microsoft.ApiManagement/service/openidConnectProviders\",\r\n  \"name\": \"ps4496\",\r\n  \"properties\": {\r\n    \"displayName\": \"ps4445\",\r\n    \"description\": \"ps6757\",\r\n    \"metadataEndpoint\": \"https://login.microsoftonline.com/contoso.onmicrosoft.com/v2.0/.well-known/openid-configuration\",\r\n    \"clientId\": \"ps8682\"\r\n  }\r\n}",
      "StatusCode": 200
    },
    {
      "RequestUri": "/subscriptions/a200340d-6b82-494d-9dbf-687ba6e33f9e/resourceGroups/powershelltest/providers/Microsoft.ApiManagement/service/powershellsdkservice/openidConnectProviders/ps4496?api-version=2019-01-01",
      "EncodedRequestUri": "L3N1YnNjcmlwdGlvbnMvYTIwMDM0MGQtNmI4Mi00OTRkLTlkYmYtNjg3YmE2ZTMzZjllL3Jlc291cmNlR3JvdXBzL3Bvd2Vyc2hlbGx0ZXN0L3Byb3ZpZGVycy9NaWNyb3NvZnQuQXBpTWFuYWdlbWVudC9zZXJ2aWNlL3Bvd2Vyc2hlbGxzZGtzZXJ2aWNlL29wZW5pZENvbm5lY3RQcm92aWRlcnMvcHM0NDk2P2FwaS12ZXJzaW9uPTIwMTktMDEtMDE=",
      "RequestMethod": "GET",
      "RequestBody": "",
      "RequestHeaders": {
        "x-ms-client-request-id": [
          "9efc0aeb-bc90-4f57-bf5a-cc82c5009abf"
        ],
        "Accept-Language": [
          "en-US"
        ],
        "User-Agent": [
          "FxVersion/4.6.28325.01",
          "OSName/Windows",
          "OSVersion/Microsoft.Windows.10.0.18363.",
          "Microsoft.Azure.Management.ApiManagement.ApiManagementClient/4.12.0.0"
        ]
      },
      "ResponseHeaders": {
        "Cache-Control": [
          "no-cache"
        ],
        "Pragma": [
          "no-cache"
        ],
        "ETag": [
          "\"AAAAAAAAC+s=\""
        ],
        "Strict-Transport-Security": [
          "max-age=31536000; includeSubDomains"
        ],
        "x-ms-request-id": [
          "c068c784-da16-4bcd-966e-aa0da5965e63"
        ],
        "Server": [
          "Microsoft-HTTPAPI/2.0"
        ],
        "x-ms-ratelimit-remaining-subscription-reads": [
          "11990"
        ],
        "x-ms-correlation-request-id": [
          "f06af2e4-6ff1-4129-bca1-de44b9993cd7"
        ],
        "x-ms-routing-request-id": [
          "WESTUS:20200224T174558Z:f06af2e4-6ff1-4129-bca1-de44b9993cd7"
        ],
        "X-Content-Type-Options": [
          "nosniff"
        ],
        "Date": [
          "Mon, 24 Feb 2020 17:45:58 GMT"
        ],
        "Content-Length": [
          "546"
        ],
        "Content-Type": [
          "application/json; charset=utf-8"
        ],
        "Expires": [
          "-1"
        ]
      },
      "ResponseBody": "{\r\n  \"id\": \"/subscriptions/a200340d-6b82-494d-9dbf-687ba6e33f9e/resourceGroups/powershelltest/providers/Microsoft.ApiManagement/service/powershellsdkservice/openidConnectProviders/ps4496\",\r\n  \"type\": \"Microsoft.ApiManagement/service/openidConnectProviders\",\r\n  \"name\": \"ps4496\",\r\n  \"properties\": {\r\n    \"displayName\": \"ps4445\",\r\n    \"description\": \"ps6757\",\r\n    \"metadataEndpoint\": \"https://login.microsoftonline.com/contoso.onmicrosoft.com/v2.0/.well-known/openid-configuration\",\r\n    \"clientId\": \"ps8682\",\r\n    \"clientSecret\": \"ps3693\"\r\n  }\r\n}",
      "StatusCode": 200
    },
    {
      "RequestUri": "/subscriptions/a200340d-6b82-494d-9dbf-687ba6e33f9e/resourceGroups/powershelltest/providers/Microsoft.ApiManagement/service/powershellsdkservice/openidConnectProviders/ps4496?api-version=2019-01-01",
      "EncodedRequestUri": "L3N1YnNjcmlwdGlvbnMvYTIwMDM0MGQtNmI4Mi00OTRkLTlkYmYtNjg3YmE2ZTMzZjllL3Jlc291cmNlR3JvdXBzL3Bvd2Vyc2hlbGx0ZXN0L3Byb3ZpZGVycy9NaWNyb3NvZnQuQXBpTWFuYWdlbWVudC9zZXJ2aWNlL3Bvd2Vyc2hlbGxzZGtzZXJ2aWNlL29wZW5pZENvbm5lY3RQcm92aWRlcnMvcHM0NDk2P2FwaS12ZXJzaW9uPTIwMTktMDEtMDE=",
      "RequestMethod": "GET",
      "RequestBody": "",
      "RequestHeaders": {
        "x-ms-client-request-id": [
          "9ff9ad67-e40f-4ce5-a86e-e6c6227a5f5a"
        ],
        "Accept-Language": [
          "en-US"
        ],
        "User-Agent": [
          "FxVersion/4.6.28325.01",
          "OSName/Windows",
          "OSVersion/Microsoft.Windows.10.0.18363.",
          "Microsoft.Azure.Management.ApiManagement.ApiManagementClient/4.12.0.0"
        ]
      },
      "ResponseHeaders": {
        "Cache-Control": [
          "no-cache"
        ],
        "Pragma": [
          "no-cache"
        ],
        "Strict-Transport-Security": [
          "max-age=31536000; includeSubDomains"
        ],
        "x-ms-request-id": [
          "453c3737-ae89-4b02-80e3-02c41727cd87"
        ],
        "Server": [
          "Microsoft-HTTPAPI/2.0"
        ],
        "x-ms-ratelimit-remaining-subscription-reads": [
          "11989"
        ],
        "x-ms-correlation-request-id": [
          "2797d292-54da-4c35-8c54-c89277d0c03a"
        ],
        "x-ms-routing-request-id": [
          "WESTUS:20200224T174559Z:2797d292-54da-4c35-8c54-c89277d0c03a"
        ],
        "X-Content-Type-Options": [
          "nosniff"
        ],
        "Date": [
          "Mon, 24 Feb 2020 17:45:58 GMT"
        ],
        "Content-Length": [
          "97"
        ],
        "Content-Type": [
          "application/json; charset=utf-8"
        ],
        "Expires": [
          "-1"
        ]
      },
      "ResponseBody": "{\r\n  \"error\": {\r\n    \"code\": \"ResourceNotFound\",\r\n    \"message\": \"OpenidConnectProvider not found.\",\r\n    \"details\": null\r\n  }\r\n}",
      "StatusCode": 404
    },
    {
      "RequestUri": "/subscriptions/a200340d-6b82-494d-9dbf-687ba6e33f9e/resourceGroups/powershelltest/providers/Microsoft.ApiManagement/service/powershellsdkservice/openidConnectProviders/ps4496?api-version=2019-01-01",
      "EncodedRequestUri": "L3N1YnNjcmlwdGlvbnMvYTIwMDM0MGQtNmI4Mi00OTRkLTlkYmYtNjg3YmE2ZTMzZjllL3Jlc291cmNlR3JvdXBzL3Bvd2Vyc2hlbGx0ZXN0L3Byb3ZpZGVycy9NaWNyb3NvZnQuQXBpTWFuYWdlbWVudC9zZXJ2aWNlL3Bvd2Vyc2hlbGxzZGtzZXJ2aWNlL29wZW5pZENvbm5lY3RQcm92aWRlcnMvcHM0NDk2P2FwaS12ZXJzaW9uPTIwMTktMDEtMDE=",
      "RequestMethod": "GET",
      "RequestBody": "",
      "RequestHeaders": {
        "x-ms-client-request-id": [
          "0d599fb8-b33f-461a-8a2a-c0805a00895b"
        ],
        "Accept-Language": [
          "en-US"
        ],
        "User-Agent": [
          "FxVersion/4.6.28325.01",
          "OSName/Windows",
          "OSVersion/Microsoft.Windows.10.0.18363.",
          "Microsoft.Azure.Management.ApiManagement.ApiManagementClient/4.12.0.0"
        ]
      },
      "ResponseHeaders": {
        "Cache-Control": [
          "no-cache"
        ],
        "Pragma": [
          "no-cache"
        ],
        "Strict-Transport-Security": [
          "max-age=31536000; includeSubDomains"
        ],
        "x-ms-request-id": [
          "3ed3dca7-645a-4103-a56f-8bbc1e3a6760"
        ],
        "Server": [
          "Microsoft-HTTPAPI/2.0"
        ],
        "x-ms-ratelimit-remaining-subscription-reads": [
          "11988"
        ],
        "x-ms-correlation-request-id": [
          "49397c8e-36b0-4a87-90d6-8408f73daa0e"
        ],
        "x-ms-routing-request-id": [
          "WESTUS:20200224T174559Z:49397c8e-36b0-4a87-90d6-8408f73daa0e"
        ],
        "X-Content-Type-Options": [
          "nosniff"
        ],
        "Date": [
          "Mon, 24 Feb 2020 17:45:59 GMT"
        ],
        "Content-Length": [
          "97"
        ],
        "Content-Type": [
          "application/json; charset=utf-8"
        ],
        "Expires": [
          "-1"
        ]
      },
      "ResponseBody": "{\r\n  \"error\": {\r\n    \"code\": \"ResourceNotFound\",\r\n    \"message\": \"OpenidConnectProvider not found.\",\r\n    \"details\": null\r\n  }\r\n}",
      "StatusCode": 404
    },
    {
      "RequestUri": "/subscriptions/a200340d-6b82-494d-9dbf-687ba6e33f9e/resourceGroups/powershelltest/providers/Microsoft.ApiManagement/service/powershellsdkservice/openidConnectProviders?$filter=substringof('ps4445',properties/displayName)&api-version=2019-01-01",
      "EncodedRequestUri": "L3N1YnNjcmlwdGlvbnMvYTIwMDM0MGQtNmI4Mi00OTRkLTlkYmYtNjg3YmE2ZTMzZjllL3Jlc291cmNlR3JvdXBzL3Bvd2Vyc2hlbGx0ZXN0L3Byb3ZpZGVycy9NaWNyb3NvZnQuQXBpTWFuYWdlbWVudC9zZXJ2aWNlL3Bvd2Vyc2hlbGxzZGtzZXJ2aWNlL29wZW5pZENvbm5lY3RQcm92aWRlcnM/JGZpbHRlcj1zdWJzdHJpbmdvZigncHM0NDQ1Jyxwcm9wZXJ0aWVzL2Rpc3BsYXlOYW1lKSZhcGktdmVyc2lvbj0yMDE5LTAxLTAx",
      "RequestMethod": "GET",
      "RequestBody": "",
      "RequestHeaders": {
        "x-ms-client-request-id": [
          "75b257ef-4ce8-4f0a-886b-682eded0b496"
        ],
        "Accept-Language": [
          "en-US"
        ],
        "User-Agent": [
          "FxVersion/4.6.28325.01",
          "OSName/Windows",
          "OSVersion/Microsoft.Windows.10.0.18363.",
          "Microsoft.Azure.Management.ApiManagement.ApiManagementClient/4.12.0.0"
        ]
      },
      "ResponseHeaders": {
        "Cache-Control": [
          "no-cache"
        ],
        "Pragma": [
          "no-cache"
        ],
        "Strict-Transport-Security": [
          "max-age=31536000; includeSubDomains"
        ],
        "x-ms-request-id": [
          "ae3ab07e-1da6-492d-ad29-02e2077f8e4d"
        ],
        "Server": [
          "Microsoft-HTTPAPI/2.0"
        ],
        "x-ms-ratelimit-remaining-subscription-reads": [
          "11995"
        ],
        "x-ms-correlation-request-id": [
          "3a45621b-2fda-41da-a59b-0966559adc33"
        ],
        "x-ms-routing-request-id": [
          "WESTUS:20200224T174526Z:3a45621b-2fda-41da-a59b-0966559adc33"
        ],
        "X-Content-Type-Options": [
          "nosniff"
        ],
        "Date": [
          "Mon, 24 Feb 2020 17:45:25 GMT"
        ],
        "Content-Length": [
          "599"
        ],
        "Content-Type": [
          "application/json; charset=utf-8"
        ],
        "Expires": [
          "-1"
        ]
      },
      "ResponseBody": "{\r\n  \"value\": [\r\n    {\r\n      \"id\": \"/subscriptions/a200340d-6b82-494d-9dbf-687ba6e33f9e/resourceGroups/powershelltest/providers/Microsoft.ApiManagement/service/powershellsdkservice/openidConnectProviders/ps4496\",\r\n      \"type\": \"Microsoft.ApiManagement/service/openidConnectProviders\",\r\n      \"name\": \"ps4496\",\r\n      \"properties\": {\r\n        \"displayName\": \"ps4445\",\r\n        \"description\": \"ps6757\",\r\n        \"metadataEndpoint\": \"https://login.microsoftonline.com/contoso.onmicrosoft.com/v2.0/.well-known/openid-configuration\",\r\n        \"clientId\": \"ps8682\"\r\n      }\r\n    }\r\n  ],\r\n  \"count\": 1\r\n}",
      "StatusCode": 200
    },
    {
      "RequestUri": "/subscriptions/a200340d-6b82-494d-9dbf-687ba6e33f9e/resourceGroups/powershelltest/providers/Microsoft.ApiManagement/service/powershellsdkservice/openidConnectProviders?api-version=2019-01-01",
      "EncodedRequestUri": "L3N1YnNjcmlwdGlvbnMvYTIwMDM0MGQtNmI4Mi00OTRkLTlkYmYtNjg3YmE2ZTMzZjllL3Jlc291cmNlR3JvdXBzL3Bvd2Vyc2hlbGx0ZXN0L3Byb3ZpZGVycy9NaWNyb3NvZnQuQXBpTWFuYWdlbWVudC9zZXJ2aWNlL3Bvd2Vyc2hlbGxzZGtzZXJ2aWNlL29wZW5pZENvbm5lY3RQcm92aWRlcnM/YXBpLXZlcnNpb249MjAxOS0wMS0wMQ==",
      "RequestMethod": "GET",
      "RequestBody": "",
      "RequestHeaders": {
        "x-ms-client-request-id": [
          "18df6820-ad92-454e-ba46-c3757c39000d"
        ],
        "Accept-Language": [
          "en-US"
        ],
        "User-Agent": [
          "FxVersion/4.6.28325.01",
          "OSName/Windows",
          "OSVersion/Microsoft.Windows.10.0.18363.",
          "Microsoft.Azure.Management.ApiManagement.ApiManagementClient/4.12.0.0"
        ]
      },
      "ResponseHeaders": {
        "Cache-Control": [
          "no-cache"
        ],
        "Pragma": [
          "no-cache"
        ],
        "Strict-Transport-Security": [
          "max-age=31536000; includeSubDomains"
        ],
        "x-ms-request-id": [
          "769d86bd-998f-4ef9-a337-cbea9f9e5f5b"
        ],
        "Server": [
          "Microsoft-HTTPAPI/2.0"
        ],
        "x-ms-ratelimit-remaining-subscription-reads": [
          "11993"
        ],
        "x-ms-correlation-request-id": [
          "73769122-7114-4022-bde0-98f2c9096847"
        ],
        "x-ms-routing-request-id": [
          "WESTUS:20200224T174526Z:73769122-7114-4022-bde0-98f2c9096847"
        ],
        "X-Content-Type-Options": [
          "nosniff"
        ],
        "Date": [
          "Mon, 24 Feb 2020 17:45:25 GMT"
        ],
        "Content-Length": [
          "599"
        ],
        "Content-Type": [
          "application/json; charset=utf-8"
        ],
        "Expires": [
          "-1"
        ]
      },
      "ResponseBody": "{\r\n  \"value\": [\r\n    {\r\n      \"id\": \"/subscriptions/a200340d-6b82-494d-9dbf-687ba6e33f9e/resourceGroups/powershelltest/providers/Microsoft.ApiManagement/service/powershellsdkservice/openidConnectProviders/ps4496\",\r\n      \"type\": \"Microsoft.ApiManagement/service/openidConnectProviders\",\r\n      \"name\": \"ps4496\",\r\n      \"properties\": {\r\n        \"displayName\": \"ps4445\",\r\n        \"description\": \"ps6757\",\r\n        \"metadataEndpoint\": \"https://login.microsoftonline.com/contoso.onmicrosoft.com/v2.0/.well-known/openid-configuration\",\r\n        \"clientId\": \"ps8682\"\r\n      }\r\n    }\r\n  ],\r\n  \"count\": 1\r\n}",
      "StatusCode": 200
    },
    {
      "RequestUri": "/subscriptions/a200340d-6b82-494d-9dbf-687ba6e33f9e/resourceGroups/powershelltest/providers/Microsoft.ApiManagement/service/powershellsdkservice/apis/ps1793?api-version=2019-01-01",
      "EncodedRequestUri": "L3N1YnNjcmlwdGlvbnMvYTIwMDM0MGQtNmI4Mi00OTRkLTlkYmYtNjg3YmE2ZTMzZjllL3Jlc291cmNlR3JvdXBzL3Bvd2Vyc2hlbGx0ZXN0L3Byb3ZpZGVycy9NaWNyb3NvZnQuQXBpTWFuYWdlbWVudC9zZXJ2aWNlL3Bvd2Vyc2hlbGxzZGtzZXJ2aWNlL2FwaXMvcHMxNzkzP2FwaS12ZXJzaW9uPTIwMTktMDEtMDE=",
      "RequestMethod": "PUT",
      "RequestBody": "{\r\n  \"properties\": {\r\n    \"path\": \"openapifromFile\",\r\n    \"value\": \"openapi: 3.0.1\\r\\nservers:\\r\\n  - url: 'https://developer.uspto.gov/ds-api'\\r\\ninfo:\\r\\n  description: >-\\r\\n    The Data Set API (DSAPI) allows the public users to discover and search\\r\\n    USPTO exported data sets. This is a generic API that allows USPTO users to\\r\\n    make any CSV based data files searchable through API. With the help of GET\\r\\n    call, it returns the list of data fields that are searchable. With the help\\r\\n    of POST call, data can be fetched based on the filters on the field names.\\r\\n    Please note that POST call is used to search the actual data. The reason for\\r\\n    the POST call is that it allows users to specify any complex search criteria\\r\\n    without worry about the GET size limitations as well as encoding of the\\r\\n    input parameters.\\r\\n  version: 1.0.0\\r\\n  title: USPTO Data Set API\\r\\n  contact:\\r\\n    name: Open Data Portal\\r\\n    url: 'https://developer.uspto.gov'\\r\\n    email: developer@uspto.gov\\r\\ntags:\\r\\n  - name: metadata\\r\\n    description: Find out about the data sets\\r\\n  - name: search\\r\\n    description: Search a data set\\r\\npaths:\\r\\n  /:\\r\\n    get:\\r\\n      tags:\\r\\n        - metadata\\r\\n      operationId: list-data-sets\\r\\n      summary: List available data sets\\r\\n      responses:\\r\\n        '200':\\r\\n          description: Returns a list of data sets\\r\\n          content:\\r\\n            application/json:\\r\\n              schema:\\r\\n                $ref: '#/components/schemas/dataSetList'\\r\\n              example:\\r\\n                {\\r\\n                  \\\"total\\\": 2,\\r\\n                  \\\"apis\\\": [\\r\\n                    {\\r\\n                      \\\"apiKey\\\": \\\"oa_citations\\\",\\r\\n                      \\\"apiVersionNumber\\\": \\\"v1\\\",\\r\\n                      \\\"apiUrl\\\": \\\"https://developer.uspto.gov/ds-api/oa_citations/v1/fields\\\",\\r\\n                      \\\"apiDocumentationUrl\\\": \\\"https://developer.uspto.gov/ds-api-docs/index.html?url=https://developer.uspto.gov/ds-api/swagger/docs/oa_citations.json\\\"\\r\\n                    },\\r\\n                    {\\r\\n                      \\\"apiKey\\\": \\\"cancer_moonshot\\\",\\r\\n                      \\\"apiVersionNumber\\\": \\\"v1\\\",\\r\\n                      \\\"apiUrl\\\": \\\"https://developer.uspto.gov/ds-api/cancer_moonshot/v1/fields\\\",\\r\\n                      \\\"apiDocumentationUrl\\\": \\\"https://developer.uspto.gov/ds-api-docs/index.html?url=https://developer.uspto.gov/ds-api/swagger/docs/cancer_moonshot.json\\\"\\r\\n                    }\\r\\n                  ]\\r\\n                }\\r\\n  /{dataset}/{version}/fields:\\r\\n    get:\\r\\n      tags:\\r\\n        - metadata\\r\\n      summary: >-\\r\\n        Provides the general information about the API and the list of fields\\r\\n        that can be used to query the dataset.\\r\\n      description: >-\\r\\n        This GET API returns the list of all the searchable field names that are\\r\\n        in the oa_citations. Please see the 'fields' attribute which returns an\\r\\n        array of field names. Each field or a combination of fields can be\\r\\n        searched using the syntax options shown below.\\r\\n      operationId: list-searchable-fields\\r\\n      parameters:\\r\\n        - name: dataset\\r\\n          in: path\\r\\n          description: 'Name of the dataset.'\\r\\n          required: true\\r\\n          example: \\\"oa_citations\\\"\\r\\n          schema:\\r\\n            type: string\\r\\n        - name: version\\r\\n          in: path\\r\\n          description: Version of the dataset.\\r\\n          required: true\\r\\n          example: \\\"v1\\\"\\r\\n          schema:\\r\\n            type: string\\r\\n      responses:\\r\\n        '200':\\r\\n          description: >-\\r\\n            The dataset API for the given version is found and it is accessible\\r\\n            to consume.\\r\\n          content:\\r\\n            application/json:\\r\\n              schema:\\r\\n                type: string\\r\\n        '404':\\r\\n          description: >-\\r\\n            The combination of dataset name and version is not found in the\\r\\n            system or it is not published yet to be consumed by public.\\r\\n          content:\\r\\n            application/json:\\r\\n              schema:\\r\\n                type: string\\r\\n  /{dataset}/{version}/records:\\r\\n    post:\\r\\n      tags:\\r\\n        - search\\r\\n      summary: >-\\r\\n        Provides search capability for the data set with the given search\\r\\n        criteria.\\r\\n      description: >-\\r\\n        This API is based on Solr/Lucense Search. The data is indexed using\\r\\n        SOLR. This GET API returns the list of all the searchable field names\\r\\n        that are in the Solr Index. Please see the 'fields' attribute which\\r\\n        returns an array of field names. Each field or a combination of fields\\r\\n        can be searched using the Solr/Lucene Syntax. Please refer\\r\\n        https://lucene.apache.org/core/3_6_2/queryparsersyntax.html#Overview for\\r\\n        the query syntax. List of field names that are searchable can be\\r\\n        determined using above GET api.\\r\\n      operationId: perform-search\\r\\n      parameters:\\r\\n        - name: version\\r\\n          in: path\\r\\n          description: Version of the dataset.\\r\\n          required: true\\r\\n          schema:\\r\\n            type: string\\r\\n            default: v1\\r\\n        - name: dataset\\r\\n          in: path\\r\\n          description: 'Name of the dataset. In this case, the default value is oa_citations'\\r\\n          required: true\\r\\n          schema:\\r\\n            type: string\\r\\n            default: oa_citations\\r\\n      responses:\\r\\n        '200':\\r\\n          description: successful operation\\r\\n          content:\\r\\n            application/json:\\r\\n              schema:\\r\\n                type: array\\r\\n                items:\\r\\n                  type: object\\r\\n                  additionalProperties:\\r\\n                    type: object\\r\\n        '404':\\r\\n          description: No matching record found for the given criteria.\\r\\n      requestBody:\\r\\n        content:\\r\\n          application/x-www-form-urlencoded:\\r\\n            schema:\\r\\n              type: object\\r\\n              properties:\\r\\n                criteria:\\r\\n                  description: >-\\r\\n                    Uses Lucene Query Syntax in the format of\\r\\n                    propertyName:value, propertyName:[num1 TO num2] and date\\r\\n                    range format: propertyName:[yyyyMMdd TO yyyyMMdd]. In the\\r\\n                    response please see the 'docs' element which has the list of\\r\\n                    record objects. Each record structure would consist of all\\r\\n                    the fields and their corresponding values.\\r\\n                  type: string\\r\\n                  default: '*:*'\\r\\n                start:\\r\\n                  description: Starting record number. Default value is 0.\\r\\n                  type: integer\\r\\n                  default: 0\\r\\n                rows:\\r\\n                  description: >-\\r\\n                    Specify number of rows to be returned. If you run the search\\r\\n                    with default values, in the response you will see 'numFound'\\r\\n                    attribute which will tell the number of records available in\\r\\n                    the dataset.\\r\\n                  type: integer\\r\\n                  default: 100\\r\\n              required:\\r\\n                - criteria\\r\\ncomponents:\\r\\n  schemas:\\r\\n    dataSetList:\\r\\n      type: object\\r\\n      properties:\\r\\n        total:\\r\\n          type: integer\\r\\n        apis:\\r\\n          type: array\\r\\n          items:\\r\\n            type: object\\r\\n            properties:\\r\\n              apiKey:\\r\\n                type: string\\r\\n                description: To be used as a dataset parameter value\\r\\n              apiVersionNumber:\\r\\n                type: string\\r\\n                description: To be used as a version parameter value\\r\\n              apiUrl:\\r\\n                type: string\\r\\n                format: uriref\\r\\n                description: \\\"The URL describing the dataset's fields\\\"\\r\\n              apiDocumentationUrl:\\r\\n                type: string\\r\\n                format: uriref\\r\\n                description: A URL to the API console for each API\",\r\n    \"format\": \"openapi\"\r\n  }\r\n}",
      "RequestHeaders": {
        "x-ms-client-request-id": [
          "d1988a26-1919-4b53-a913-e6d2ef40bd06"
        ],
        "Accept-Language": [
          "en-US"
        ],
        "User-Agent": [
          "FxVersion/4.6.28325.01",
          "OSName/Windows",
          "OSVersion/Microsoft.Windows.10.0.18363.",
          "Microsoft.Azure.Management.ApiManagement.ApiManagementClient/4.12.0.0"
        ],
        "Content-Type": [
          "application/json; charset=utf-8"
        ],
        "Content-Length": [
          "8311"
        ]
      },
      "ResponseHeaders": {
        "Cache-Control": [
          "no-cache"
        ],
        "Pragma": [
          "no-cache"
        ],
        "Location": [
          "https://management.azure.com/subscriptions/a200340d-6b82-494d-9dbf-687ba6e33f9e/resourceGroups/powershelltest/providers/Microsoft.ApiManagement/service/powershellsdkservice/apis/ps1793?api-version=2019-01-01&asyncId=5e540bb66f56470f90c9a67c&asyncCode=201"
        ],
        "Strict-Transport-Security": [
          "max-age=31536000; includeSubDomains"
        ],
        "x-ms-request-id": [
          "5a6ee458-5a33-49c9-b572-b14a566fa3a4"
        ],
        "Server": [
          "Microsoft-HTTPAPI/2.0"
        ],
        "x-ms-ratelimit-remaining-subscription-writes": [
          "1196"
        ],
        "x-ms-correlation-request-id": [
          "e3c8a4a5-94bd-4922-9e0a-736a905e4b56"
        ],
        "x-ms-routing-request-id": [
          "WESTUS:20200224T174526Z:e3c8a4a5-94bd-4922-9e0a-736a905e4b56"
        ],
        "X-Content-Type-Options": [
          "nosniff"
        ],
        "Date": [
          "Mon, 24 Feb 2020 17:45:25 GMT"
        ],
        "Expires": [
          "-1"
        ],
        "Content-Length": [
          "0"
        ]
      },
      "ResponseBody": "",
      "StatusCode": 202
    },
    {
      "RequestUri": "/subscriptions/a200340d-6b82-494d-9dbf-687ba6e33f9e/resourceGroups/powershelltest/providers/Microsoft.ApiManagement/service/powershellsdkservice/apis/ps1793?api-version=2019-01-01&asyncId=5e540bb66f56470f90c9a67c&asyncCode=201",
      "EncodedRequestUri": "L3N1YnNjcmlwdGlvbnMvYTIwMDM0MGQtNmI4Mi00OTRkLTlkYmYtNjg3YmE2ZTMzZjllL3Jlc291cmNlR3JvdXBzL3Bvd2Vyc2hlbGx0ZXN0L3Byb3ZpZGVycy9NaWNyb3NvZnQuQXBpTWFuYWdlbWVudC9zZXJ2aWNlL3Bvd2Vyc2hlbGxzZGtzZXJ2aWNlL2FwaXMvcHMxNzkzP2FwaS12ZXJzaW9uPTIwMTktMDEtMDEmYXN5bmNJZD01ZTU0MGJiNjZmNTY0NzBmOTBjOWE2N2MmYXN5bmNDb2RlPTIwMQ==",
      "RequestMethod": "GET",
      "RequestBody": "",
      "RequestHeaders": {
        "User-Agent": [
          "FxVersion/4.6.28325.01",
          "OSName/Windows",
          "OSVersion/Microsoft.Windows.10.0.18363.",
          "Microsoft.Azure.Management.ApiManagement.ApiManagementClient/4.12.0.0"
        ]
      },
      "ResponseHeaders": {
        "Cache-Control": [
          "no-cache"
        ],
        "Pragma": [
          "no-cache"
        ],
        "ETag": [
          "\"AAAAAAAAC9c=\""
        ],
        "Strict-Transport-Security": [
          "max-age=31536000; includeSubDomains"
        ],
        "x-ms-request-id": [
          "938e7273-ff74-405b-8cde-16ff6aefb9f4"
        ],
        "Server": [
          "Microsoft-HTTPAPI/2.0"
        ],
        "x-ms-ratelimit-remaining-subscription-reads": [
          "11992"
        ],
        "x-ms-correlation-request-id": [
          "7ecda484-d792-4915-a424-b4bff626f35d"
        ],
        "x-ms-routing-request-id": [
          "WESTUS:20200224T174556Z:7ecda484-d792-4915-a424-b4bff626f35d"
        ],
        "X-Content-Type-Options": [
          "nosniff"
        ],
        "Date": [
          "Mon, 24 Feb 2020 17:45:56 GMT"
        ],
        "Content-Length": [
          "1381"
        ],
        "Content-Type": [
          "application/json; charset=utf-8"
        ],
        "Expires": [
          "-1"
        ]
      },
      "ResponseBody": "{\r\n  \"id\": \"/subscriptions/a200340d-6b82-494d-9dbf-687ba6e33f9e/resourceGroups/powershelltest/providers/Microsoft.ApiManagement/service/powershellsdkservice/apis/ps1793\",\r\n  \"type\": \"Microsoft.ApiManagement/service/apis\",\r\n  \"name\": \"ps1793\",\r\n  \"properties\": {\r\n    \"displayName\": \"USPTO Data Set API\",\r\n    \"apiRevision\": \"1\",\r\n    \"description\": \"The Data Set API (DSAPI) allows the public users to discover and search USPTO exported data sets. This is a generic API that allows USPTO users to make any CSV based data files searchable through API. With the help of GET call, it returns the list of data fields that are searchable. With the help of POST call, data can be fetched based on the filters on the field names. Please note that POST call is used to search the actual data. The reason for the POST call is that it allows users to specify any complex search criteria without worry about the GET size limitations as well as encoding of the input parameters.\",\r\n    \"subscriptionRequired\": true,\r\n    \"serviceUrl\": \"https://developer.uspto.gov/ds-api\",\r\n    \"path\": \"openapifromFile\",\r\n    \"protocols\": [\r\n      \"https\"\r\n    ],\r\n    \"authenticationSettings\": {\r\n      \"oAuth2\": null,\r\n      \"openid\": null\r\n    },\r\n    \"subscriptionKeyParameterNames\": {\r\n      \"header\": \"Ocp-Apim-Subscription-Key\",\r\n      \"query\": \"subscription-key\"\r\n    },\r\n    \"isCurrent\": true\r\n  }\r\n}",
      "StatusCode": 201
    },
    {
      "RequestUri": "/subscriptions/a200340d-6b82-494d-9dbf-687ba6e33f9e/resourceGroups/powershelltest/providers/Microsoft.ApiManagement/service/powershellsdkservice/apis/ps1793?api-version=2019-01-01",
      "EncodedRequestUri": "L3N1YnNjcmlwdGlvbnMvYTIwMDM0MGQtNmI4Mi00OTRkLTlkYmYtNjg3YmE2ZTMzZjllL3Jlc291cmNlR3JvdXBzL3Bvd2Vyc2hlbGx0ZXN0L3Byb3ZpZGVycy9NaWNyb3NvZnQuQXBpTWFuYWdlbWVudC9zZXJ2aWNlL3Bvd2Vyc2hlbGxzZGtzZXJ2aWNlL2FwaXMvcHMxNzkzP2FwaS12ZXJzaW9uPTIwMTktMDEtMDE=",
      "RequestMethod": "GET",
      "RequestBody": "",
      "RequestHeaders": {
        "x-ms-client-request-id": [
          "4e7141d9-7ba3-4e56-8009-f45fc0cf6eb1"
        ],
        "Accept-Language": [
          "en-US"
        ],
        "User-Agent": [
          "FxVersion/4.6.28325.01",
          "OSName/Windows",
          "OSVersion/Microsoft.Windows.10.0.18363.",
          "Microsoft.Azure.Management.ApiManagement.ApiManagementClient/4.12.0.0"
        ]
      },
      "ResponseHeaders": {
        "Cache-Control": [
          "no-cache"
        ],
        "Pragma": [
          "no-cache"
        ],
        "ETag": [
          "\"AAAAAAAAC9c=\""
        ],
        "Strict-Transport-Security": [
          "max-age=31536000; includeSubDomains"
        ],
        "x-ms-request-id": [
          "821eb8a4-85fa-44dd-ad52-6417e7c537e7"
        ],
        "Server": [
          "Microsoft-HTTPAPI/2.0"
        ],
        "x-ms-ratelimit-remaining-subscription-reads": [
          "11991"
        ],
        "x-ms-correlation-request-id": [
          "e3902036-94ba-4579-8668-d83ff21dcdd9"
        ],
        "x-ms-routing-request-id": [
          "WESTUS:20200224T174557Z:e3902036-94ba-4579-8668-d83ff21dcdd9"
        ],
        "X-Content-Type-Options": [
          "nosniff"
        ],
        "Date": [
          "Mon, 24 Feb 2020 17:45:56 GMT"
        ],
        "Content-Length": [
          "1381"
        ],
        "Content-Type": [
          "application/json; charset=utf-8"
        ],
        "Expires": [
          "-1"
        ]
      },
      "ResponseBody": "{\r\n  \"id\": \"/subscriptions/a200340d-6b82-494d-9dbf-687ba6e33f9e/resourceGroups/powershelltest/providers/Microsoft.ApiManagement/service/powershellsdkservice/apis/ps1793\",\r\n  \"type\": \"Microsoft.ApiManagement/service/apis\",\r\n  \"name\": \"ps1793\",\r\n  \"properties\": {\r\n    \"displayName\": \"USPTO Data Set API\",\r\n    \"apiRevision\": \"1\",\r\n    \"description\": \"The Data Set API (DSAPI) allows the public users to discover and search USPTO exported data sets. This is a generic API that allows USPTO users to make any CSV based data files searchable through API. With the help of GET call, it returns the list of data fields that are searchable. With the help of POST call, data can be fetched based on the filters on the field names. Please note that POST call is used to search the actual data. The reason for the POST call is that it allows users to specify any complex search criteria without worry about the GET size limitations as well as encoding of the input parameters.\",\r\n    \"subscriptionRequired\": true,\r\n    \"serviceUrl\": \"https://developer.uspto.gov/ds-api\",\r\n    \"path\": \"openapifromFile\",\r\n    \"protocols\": [\r\n      \"https\"\r\n    ],\r\n    \"authenticationSettings\": {\r\n      \"oAuth2\": null,\r\n      \"openid\": null\r\n    },\r\n    \"subscriptionKeyParameterNames\": {\r\n      \"header\": \"Ocp-Apim-Subscription-Key\",\r\n      \"query\": \"subscription-key\"\r\n    },\r\n    \"isCurrent\": true\r\n  }\r\n}",
      "StatusCode": 200
    },
    {
      "RequestUri": "/subscriptions/a200340d-6b82-494d-9dbf-687ba6e33f9e/resourceGroups/powershelltest/providers/Microsoft.ApiManagement/service/powershellsdkservice/apis/ps1793%3Brev%3D1?api-version=2019-01-01",
      "EncodedRequestUri": "L3N1YnNjcmlwdGlvbnMvYTIwMDM0MGQtNmI4Mi00OTRkLTlkYmYtNjg3YmE2ZTMzZjllL3Jlc291cmNlR3JvdXBzL3Bvd2Vyc2hlbGx0ZXN0L3Byb3ZpZGVycy9NaWNyb3NvZnQuQXBpTWFuYWdlbWVudC9zZXJ2aWNlL3Bvd2Vyc2hlbGxzZGtzZXJ2aWNlL2FwaXMvcHMxNzkzJTNCcmV2JTNEMT9hcGktdmVyc2lvbj0yMDE5LTAxLTAx",
      "RequestMethod": "PUT",
      "RequestBody": "{\r\n  \"properties\": {\r\n    \"description\": \"The Data Set API (DSAPI) allows the public users to discover and search USPTO exported data sets. This is a generic API that allows USPTO users to make any CSV based data files searchable through API. With the help of GET call, it returns the list of data fields that are searchable. With the help of POST call, data can be fetched based on the filters on the field names. Please note that POST call is used to search the actual data. The reason for the POST call is that it allows users to specify any complex search criteria without worry about the GET size limitations as well as encoding of the input parameters.\",\r\n    \"authenticationSettings\": {\r\n      \"openid\": {\r\n        \"openidProviderId\": \"ps4496\",\r\n        \"bearerTokenSendingMethods\": [\r\n          \"query\"\r\n        ]\r\n      }\r\n    },\r\n    \"subscriptionKeyParameterNames\": {\r\n      \"header\": \"Ocp-Apim-Subscription-Key\",\r\n      \"query\": \"subscription-key\"\r\n    },\r\n    \"type\": \"http\",\r\n    \"apiRevision\": \"1\",\r\n    \"apiVersion\": \"\",\r\n    \"isCurrent\": true,\r\n    \"subscriptionRequired\": true,\r\n    \"displayName\": \"USPTO Data Set API\",\r\n    \"serviceUrl\": \"https://developer.uspto.gov/ds-api\",\r\n    \"path\": \"openapifromFile\",\r\n    \"protocols\": [\r\n      \"https\"\r\n    ]\r\n  }\r\n}",
      "RequestHeaders": {
        "x-ms-client-request-id": [
          "2f3135b2-0d2e-4355-bfc8-1f11c8df2cf6"
        ],
        "If-Match": [
          "*"
        ],
        "Accept-Language": [
          "en-US"
        ],
        "User-Agent": [
          "FxVersion/4.6.28325.01",
          "OSName/Windows",
          "OSVersion/Microsoft.Windows.10.0.18363.",
          "Microsoft.Azure.Management.ApiManagement.ApiManagementClient/4.12.0.0"
        ],
        "Content-Type": [
          "application/json; charset=utf-8"
        ],
        "Content-Length": [
          "1276"
        ]
      },
      "ResponseHeaders": {
        "Cache-Control": [
          "no-cache"
        ],
        "Pragma": [
          "no-cache"
        ],
        "ETag": [
          "\"AAAAAAAAC+c=\""
        ],
        "Strict-Transport-Security": [
          "max-age=31536000; includeSubDomains"
        ],
        "x-ms-request-id": [
          "8b0f0201-656f-4646-b587-7f39a0b0c658"
        ],
        "Server": [
          "Microsoft-HTTPAPI/2.0"
        ],
        "x-ms-ratelimit-remaining-subscription-writes": [
          "1195"
        ],
        "x-ms-correlation-request-id": [
          "07a94047-aa30-4382-bcdf-996a17fe7b56"
        ],
        "x-ms-routing-request-id": [
          "WESTUS:20200224T174557Z:07a94047-aa30-4382-bcdf-996a17fe7b56"
        ],
        "X-Content-Type-Options": [
          "nosniff"
        ],
        "Date": [
          "Mon, 24 Feb 2020 17:45:57 GMT"
        ],
        "Content-Length": [
          "1519"
        ],
        "Content-Type": [
          "application/json; charset=utf-8"
        ],
        "Expires": [
          "-1"
        ]
      },
      "ResponseBody": "{\r\n  \"id\": \"/subscriptions/a200340d-6b82-494d-9dbf-687ba6e33f9e/resourceGroups/powershelltest/providers/Microsoft.ApiManagement/service/powershellsdkservice/apis/ps1793\",\r\n  \"type\": \"Microsoft.ApiManagement/service/apis\",\r\n  \"name\": \"ps1793\",\r\n  \"properties\": {\r\n    \"displayName\": \"USPTO Data Set API\",\r\n    \"apiRevision\": \"1\",\r\n    \"description\": \"The Data Set API (DSAPI) allows the public users to discover and search USPTO exported data sets. This is a generic API that allows USPTO users to make any CSV based data files searchable through API. With the help of GET call, it returns the list of data fields that are searchable. With the help of POST call, data can be fetched based on the filters on the field names. Please note that POST call is used to search the actual data. The reason for the POST call is that it allows users to specify any complex search criteria without worry about the GET size limitations as well as encoding of the input parameters.\",\r\n    \"subscriptionRequired\": true,\r\n    \"serviceUrl\": \"https://developer.uspto.gov/ds-api\",\r\n    \"path\": \"openapifromFile\",\r\n    \"protocols\": [\r\n      \"https\"\r\n    ],\r\n    \"authenticationSettings\": {\r\n      \"oAuth2\": null,\r\n      \"openid\": {\r\n        \"openidProviderId\": \"ps4496\",\r\n        \"bearerTokenSendingMethods\": [\r\n          \"query\"\r\n        ]\r\n      }\r\n    },\r\n    \"subscriptionKeyParameterNames\": {\r\n      \"header\": \"Ocp-Apim-Subscription-Key\",\r\n      \"query\": \"subscription-key\"\r\n    },\r\n    \"isCurrent\": true,\r\n    \"apiVersion\": \"\"\r\n  }\r\n}",
      "StatusCode": 200
    },
    {
      "RequestUri": "/subscriptions/a200340d-6b82-494d-9dbf-687ba6e33f9e/resourceGroups/powershelltest/providers/Microsoft.ApiManagement/service/powershellsdkservice/openidConnectProviders/ps4496?api-version=2019-01-01",
      "EncodedRequestUri": "L3N1YnNjcmlwdGlvbnMvYTIwMDM0MGQtNmI4Mi00OTRkLTlkYmYtNjg3YmE2ZTMzZjllL3Jlc291cmNlR3JvdXBzL3Bvd2Vyc2hlbGx0ZXN0L3Byb3ZpZGVycy9NaWNyb3NvZnQuQXBpTWFuYWdlbWVudC9zZXJ2aWNlL3Bvd2Vyc2hlbGxzZGtzZXJ2aWNlL29wZW5pZENvbm5lY3RQcm92aWRlcnMvcHM0NDk2P2FwaS12ZXJzaW9uPTIwMTktMDEtMDE=",
      "RequestMethod": "PATCH",
      "RequestBody": "{\r\n  \"properties\": {\r\n    \"clientSecret\": \"ps3693\"\r\n  }\r\n}",
      "RequestHeaders": {
        "x-ms-client-request-id": [
          "72f28b46-357a-422a-8027-1aae8a098851"
        ],
        "If-Match": [
          "*"
        ],
        "Accept-Language": [
          "en-US"
        ],
        "User-Agent": [
          "FxVersion/4.6.28325.01",
          "OSName/Windows",
          "OSVersion/Microsoft.Windows.10.0.18363.",
          "Microsoft.Azure.Management.ApiManagement.ApiManagementClient/4.12.0.0"
        ],
        "Content-Type": [
          "application/json; charset=utf-8"
        ],
        "Content-Length": [
          "58"
        ]
      },
      "ResponseHeaders": {
        "Cache-Control": [
          "no-cache"
        ],
        "Pragma": [
          "no-cache"
        ],
        "Strict-Transport-Security": [
          "max-age=31536000; includeSubDomains"
        ],
        "x-ms-request-id": [
          "6ca39d90-b62b-4de6-a6fa-8bb39e07cf7e"
        ],
        "Server": [
          "Microsoft-HTTPAPI/2.0"
        ],
        "x-ms-ratelimit-remaining-subscription-writes": [
          "1194"
        ],
        "x-ms-correlation-request-id": [
          "f86ebba9-720d-4c03-ac6b-a96e033efe9e"
        ],
        "x-ms-routing-request-id": [
          "WESTUS:20200224T174558Z:f86ebba9-720d-4c03-ac6b-a96e033efe9e"
        ],
        "X-Content-Type-Options": [
          "nosniff"
        ],
        "Date": [
          "Mon, 24 Feb 2020 17:45:58 GMT"
        ],
        "Expires": [
          "-1"
        ]
      },
      "ResponseBody": "",
      "StatusCode": 204
    },
    {
      "RequestUri": "/subscriptions/a200340d-6b82-494d-9dbf-687ba6e33f9e/resourceGroups/powershelltest/providers/Microsoft.ApiManagement/service/powershellsdkservice/apis/ps1793?deleteRevisions=true&api-version=2019-01-01",
      "EncodedRequestUri": "L3N1YnNjcmlwdGlvbnMvYTIwMDM0MGQtNmI4Mi00OTRkLTlkYmYtNjg3YmE2ZTMzZjllL3Jlc291cmNlR3JvdXBzL3Bvd2Vyc2hlbGx0ZXN0L3Byb3ZpZGVycy9NaWNyb3NvZnQuQXBpTWFuYWdlbWVudC9zZXJ2aWNlL3Bvd2Vyc2hlbGxzZGtzZXJ2aWNlL2FwaXMvcHMxNzkzP2RlbGV0ZVJldmlzaW9ucz10cnVlJmFwaS12ZXJzaW9uPTIwMTktMDEtMDE=",
      "RequestMethod": "DELETE",
      "RequestBody": "",
      "RequestHeaders": {
        "x-ms-client-request-id": [
          "4a7917c3-bf4b-414f-9aa1-cf346f0e7661"
        ],
        "If-Match": [
          "*"
        ],
        "Accept-Language": [
          "en-US"
        ],
        "User-Agent": [
          "FxVersion/4.6.28325.01",
          "OSName/Windows",
          "OSVersion/Microsoft.Windows.10.0.18363.",
          "Microsoft.Azure.Management.ApiManagement.ApiManagementClient/4.12.0.0"
        ]
      },
      "ResponseHeaders": {
        "Cache-Control": [
          "no-cache"
        ],
        "Pragma": [
          "no-cache"
        ],
        "Strict-Transport-Security": [
          "max-age=31536000; includeSubDomains"
        ],
        "x-ms-request-id": [
          "a7e0c300-cfca-4ade-bdf3-89eb7fe6b300"
        ],
        "Server": [
          "Microsoft-HTTPAPI/2.0"
        ],
        "x-ms-ratelimit-remaining-subscription-deletes": [
          "14999"
        ],
        "x-ms-correlation-request-id": [
          "6fc325cf-24ae-44fb-bfc8-80f1cc97dc57"
        ],
        "x-ms-routing-request-id": [
          "WESTUS:20200224T174558Z:6fc325cf-24ae-44fb-bfc8-80f1cc97dc57"
        ],
        "X-Content-Type-Options": [
          "nosniff"
        ],
        "Date": [
          "Mon, 24 Feb 2020 17:45:58 GMT"
        ],
        "Expires": [
          "-1"
        ],
        "Content-Length": [
          "0"
        ]
      },
      "ResponseBody": "",
      "StatusCode": 200
    },
    {
      "RequestUri": "/subscriptions/a200340d-6b82-494d-9dbf-687ba6e33f9e/resourceGroups/powershelltest/providers/Microsoft.ApiManagement/service/powershellsdkservice/apis/ps1793?deleteRevisions=true&api-version=2019-01-01",
      "EncodedRequestUri": "L3N1YnNjcmlwdGlvbnMvYTIwMDM0MGQtNmI4Mi00OTRkLTlkYmYtNjg3YmE2ZTMzZjllL3Jlc291cmNlR3JvdXBzL3Bvd2Vyc2hlbGx0ZXN0L3Byb3ZpZGVycy9NaWNyb3NvZnQuQXBpTWFuYWdlbWVudC9zZXJ2aWNlL3Bvd2Vyc2hlbGxzZGtzZXJ2aWNlL2FwaXMvcHMxNzkzP2RlbGV0ZVJldmlzaW9ucz10cnVlJmFwaS12ZXJzaW9uPTIwMTktMDEtMDE=",
      "RequestMethod": "DELETE",
      "RequestBody": "",
      "RequestHeaders": {
        "x-ms-client-request-id": [
          "3104140d-dd80-4326-b8b6-297d72fb86fd"
        ],
        "If-Match": [
          "*"
        ],
        "Accept-Language": [
          "en-US"
        ],
        "User-Agent": [
          "FxVersion/4.6.28325.01",
          "OSName/Windows",
          "OSVersion/Microsoft.Windows.10.0.18363.",
          "Microsoft.Azure.Management.ApiManagement.ApiManagementClient/4.12.0.0"
        ]
      },
      "ResponseHeaders": {
        "Cache-Control": [
          "no-cache"
        ],
        "Pragma": [
          "no-cache"
        ],
        "Strict-Transport-Security": [
          "max-age=31536000; includeSubDomains"
        ],
        "x-ms-request-id": [
          "b1b606eb-9ec8-44c7-b0d7-8cdd4e730807"
        ],
        "Server": [
          "Microsoft-HTTPAPI/2.0"
        ],
        "x-ms-ratelimit-remaining-subscription-deletes": [
          "14997"
        ],
        "x-ms-correlation-request-id": [
          "dbdbc946-7ab2-43ea-a09e-664da87a4232"
        ],
        "x-ms-routing-request-id": [
          "WESTUS:20200224T174559Z:dbdbc946-7ab2-43ea-a09e-664da87a4232"
        ],
        "X-Content-Type-Options": [
          "nosniff"
        ],
        "Date": [
          "Mon, 24 Feb 2020 17:45:59 GMT"
        ],
        "Expires": [
          "-1"
        ]
      },
      "ResponseBody": "",
      "StatusCode": 204
    },
    {
      "RequestUri": "/subscriptions/a200340d-6b82-494d-9dbf-687ba6e33f9e/resourceGroups/powershelltest/providers/Microsoft.ApiManagement/service/powershellsdkservice/openidConnectProviders/ps4496?api-version=2019-01-01",
      "EncodedRequestUri": "L3N1YnNjcmlwdGlvbnMvYTIwMDM0MGQtNmI4Mi00OTRkLTlkYmYtNjg3YmE2ZTMzZjllL3Jlc291cmNlR3JvdXBzL3Bvd2Vyc2hlbGx0ZXN0L3Byb3ZpZGVycy9NaWNyb3NvZnQuQXBpTWFuYWdlbWVudC9zZXJ2aWNlL3Bvd2Vyc2hlbGxzZGtzZXJ2aWNlL29wZW5pZENvbm5lY3RQcm92aWRlcnMvcHM0NDk2P2FwaS12ZXJzaW9uPTIwMTktMDEtMDE=",
      "RequestMethod": "DELETE",
      "RequestBody": "",
      "RequestHeaders": {
        "x-ms-client-request-id": [
          "0b7293f5-eb77-4d92-ab2b-e16f6286d80b"
        ],
        "If-Match": [
          "*"
        ],
        "Accept-Language": [
          "en-US"
        ],
        "User-Agent": [
          "FxVersion/4.6.28325.01",
          "OSName/Windows",
          "OSVersion/Microsoft.Windows.10.0.18363.",
          "Microsoft.Azure.Management.ApiManagement.ApiManagementClient/4.12.0.0"
        ]
      },
      "ResponseHeaders": {
        "Cache-Control": [
          "no-cache"
        ],
        "Pragma": [
          "no-cache"
        ],
        "Strict-Transport-Security": [
          "max-age=31536000; includeSubDomains"
        ],
        "x-ms-request-id": [
          "557d8a1d-008c-45c0-baab-6561b7624586"
        ],
        "Server": [
          "Microsoft-HTTPAPI/2.0"
        ],
        "x-ms-ratelimit-remaining-subscription-deletes": [
          "14998"
        ],
        "x-ms-correlation-request-id": [
          "0ab6d59e-01b2-4cac-a2f7-d6b3d98ce0b1"
        ],
        "x-ms-routing-request-id": [
          "WESTUS:20200224T174559Z:0ab6d59e-01b2-4cac-a2f7-d6b3d98ce0b1"
        ],
        "X-Content-Type-Options": [
          "nosniff"
        ],
        "Date": [
          "Mon, 24 Feb 2020 17:45:58 GMT"
        ],
        "Expires": [
          "-1"
        ],
        "Content-Length": [
          "0"
        ]
      },
      "ResponseBody": "",
      "StatusCode": 200
    },
    {
      "RequestUri": "/subscriptions/a200340d-6b82-494d-9dbf-687ba6e33f9e/resourceGroups/powershelltest/providers/Microsoft.ApiManagement/service/powershellsdkservice/openidConnectProviders/ps4496?api-version=2019-01-01",
      "EncodedRequestUri": "L3N1YnNjcmlwdGlvbnMvYTIwMDM0MGQtNmI4Mi00OTRkLTlkYmYtNjg3YmE2ZTMzZjllL3Jlc291cmNlR3JvdXBzL3Bvd2Vyc2hlbGx0ZXN0L3Byb3ZpZGVycy9NaWNyb3NvZnQuQXBpTWFuYWdlbWVudC9zZXJ2aWNlL3Bvd2Vyc2hlbGxzZGtzZXJ2aWNlL29wZW5pZENvbm5lY3RQcm92aWRlcnMvcHM0NDk2P2FwaS12ZXJzaW9uPTIwMTktMDEtMDE=",
      "RequestMethod": "DELETE",
      "RequestBody": "",
      "RequestHeaders": {
        "x-ms-client-request-id": [
          "4362d669-6507-4f0e-8fc4-13a9c5b688c3"
        ],
        "If-Match": [
          "*"
        ],
        "Accept-Language": [
          "en-US"
        ],
        "User-Agent": [
          "FxVersion/4.6.28325.01",
          "OSName/Windows",
          "OSVersion/Microsoft.Windows.10.0.18363.",
          "Microsoft.Azure.Management.ApiManagement.ApiManagementClient/4.12.0.0"
        ]
      },
      "ResponseHeaders": {
        "Cache-Control": [
          "no-cache"
        ],
        "Pragma": [
          "no-cache"
        ],
        "Strict-Transport-Security": [
          "max-age=31536000; includeSubDomains"
        ],
        "x-ms-request-id": [
          "f2307f52-b397-41fc-9a1e-36d3860a9783"
        ],
        "Server": [
          "Microsoft-HTTPAPI/2.0"
        ],
        "x-ms-ratelimit-remaining-subscription-deletes": [
          "14996"
        ],
        "x-ms-correlation-request-id": [
          "9be4ad2e-c22a-4151-8116-fc577a73dd6a"
        ],
        "x-ms-routing-request-id": [
          "WESTUS:20200224T174559Z:9be4ad2e-c22a-4151-8116-fc577a73dd6a"
        ],
        "X-Content-Type-Options": [
          "nosniff"
        ],
        "Date": [
          "Mon, 24 Feb 2020 17:45:59 GMT"
        ],
        "Expires": [
          "-1"
        ]
      },
      "ResponseBody": "",
      "StatusCode": 204
    }
  ],
  "Names": {
    "": [
      "ps4496",
      "ps1793",
      "ps4445",
      "ps8682",
      "ps6757",
      "ps3693"
    ]
  },
  "Variables": {
    "SubscriptionId": "a200340d-6b82-494d-9dbf-687ba6e33f9e"
  }
}