{
  "Entries": [
    {
      "RequestUri": "/subscriptions/a200340d-6b82-494d-9dbf-687ba6e33f9e/resourceGroups/powershelltest/providers/Microsoft.ApiManagement/service/powershellsdkservice/apis?$filter=properties/displayName%20eq%20'Echo%20API'&api-version=2019-12-01",
      "EncodedRequestUri": "L3N1YnNjcmlwdGlvbnMvYTIwMDM0MGQtNmI4Mi00OTRkLTlkYmYtNjg3YmE2ZTMzZjllL3Jlc291cmNlR3JvdXBzL3Bvd2Vyc2hlbGx0ZXN0L3Byb3ZpZGVycy9NaWNyb3NvZnQuQXBpTWFuYWdlbWVudC9zZXJ2aWNlL3Bvd2Vyc2hlbGxzZGtzZXJ2aWNlL2FwaXM/JGZpbHRlcj1wcm9wZXJ0aWVzL2Rpc3BsYXlOYW1lJTIwZXElMjAnRWNobyUyMEFQSScmYXBpLXZlcnNpb249MjAxOS0xMi0wMQ==",
      "RequestMethod": "GET",
      "RequestBody": "",
      "RequestHeaders": {
        "x-ms-client-request-id": [
          "3e1498cb-b174-4eb3-bbd2-0005fa8365d9"
        ],
        "Accept-Language": [
          "en-US"
        ],
        "User-Agent": [
          "FxVersion/4.6.27817.03",
          "OSName/Windows",
          "OSVersion/Microsoft.Windows.10.0.18363.",
          "Microsoft.Azure.Management.ApiManagement.ApiManagementClient/6.0.0.0"
        ]
      },
      "ResponseHeaders": {
        "Cache-Control": [
          "no-cache"
        ],
        "Pragma": [
          "no-cache"
        ],
        "Strict-Transport-Security": [
          "max-age=31536000; includeSubDomains"
        ],
        "x-ms-request-id": [
          "d31b9c28-07c7-4c4a-87a8-55183e6950e7"
        ],
        "Server": [
          "Microsoft-HTTPAPI/2.0"
        ],
        "x-ms-ratelimit-remaining-subscription-reads": [
          "11999"
        ],
        "x-ms-correlation-request-id": [
          "ec7f4b4b-610d-4745-9c8e-1fae966ba78f"
        ],
        "x-ms-routing-request-id": [
          "WESTUS:20200629T233434Z:ec7f4b4b-610d-4745-9c8e-1fae966ba78f"
        ],
        "X-Content-Type-Options": [
          "nosniff"
        ],
        "Date": [
          "Mon, 29 Jun 2020 23:34:33 GMT"
        ],
        "Content-Length": [
          "729"
        ],
        "Content-Type": [
          "application/json; charset=utf-8"
        ],
        "Expires": [
          "-1"
        ]
      },
      "ResponseBody": "{\r\n  \"value\": [\r\n    {\r\n      \"id\": \"/subscriptions/a200340d-6b82-494d-9dbf-687ba6e33f9e/resourceGroups/powershelltest/providers/Microsoft.ApiManagement/service/powershellsdkservice/apis/echo-api\",\r\n      \"type\": \"Microsoft.ApiManagement/service/apis\",\r\n      \"name\": \"echo-api\",\r\n      \"properties\": {\r\n        \"displayName\": \"Echo API\",\r\n        \"apiRevision\": \"1\",\r\n        \"description\": null,\r\n        \"subscriptionRequired\": true,\r\n        \"serviceUrl\": \"http://echoapi.cloudapp.net/api\",\r\n        \"path\": \"echo\",\r\n        \"protocols\": [\r\n          \"https\"\r\n        ],\r\n        \"authenticationSettings\": null,\r\n        \"subscriptionKeyParameterNames\": null,\r\n        \"isCurrent\": true\r\n      }\r\n    }\r\n  ],\r\n  \"count\": 1\r\n}",
      "StatusCode": 200
    },
    {
      "RequestUri": "/subscriptions/a200340d-6b82-494d-9dbf-687ba6e33f9e/resourceGroups/powershelltest/providers/Microsoft.ApiManagement/service/powershellsdkservice/apis/echo-api/operations?api-version=2019-12-01",
      "EncodedRequestUri": "L3N1YnNjcmlwdGlvbnMvYTIwMDM0MGQtNmI4Mi00OTRkLTlkYmYtNjg3YmE2ZTMzZjllL3Jlc291cmNlR3JvdXBzL3Bvd2Vyc2hlbGx0ZXN0L3Byb3ZpZGVycy9NaWNyb3NvZnQuQXBpTWFuYWdlbWVudC9zZXJ2aWNlL3Bvd2Vyc2hlbGxzZGtzZXJ2aWNlL2FwaXMvZWNoby1hcGkvb3BlcmF0aW9ucz9hcGktdmVyc2lvbj0yMDE5LTEyLTAx",
      "RequestMethod": "GET",
      "RequestBody": "",
      "RequestHeaders": {
        "x-ms-client-request-id": [
          "f776779a-876d-478f-9cbf-adfece24ad36"
        ],
        "Accept-Language": [
          "en-US"
        ],
        "User-Agent": [
          "FxVersion/4.6.27817.03",
          "OSName/Windows",
          "OSVersion/Microsoft.Windows.10.0.18363.",
          "Microsoft.Azure.Management.ApiManagement.ApiManagementClient/6.0.0.0"
        ]
      },
      "ResponseHeaders": {
        "Cache-Control": [
          "no-cache"
        ],
        "Pragma": [
          "no-cache"
        ],
        "Strict-Transport-Security": [
          "max-age=31536000; includeSubDomains"
        ],
        "x-ms-request-id": [
          "362a3266-892a-40d5-8d9b-d04e1b960e91"
        ],
        "Server": [
          "Microsoft-HTTPAPI/2.0"
        ],
        "x-ms-ratelimit-remaining-subscription-reads": [
          "11998"
        ],
        "x-ms-correlation-request-id": [
          "93035bac-9329-45d0-8b1b-acd230766014"
        ],
        "x-ms-routing-request-id": [
          "WESTUS:20200629T233434Z:93035bac-9329-45d0-8b1b-acd230766014"
        ],
        "X-Content-Type-Options": [
          "nosniff"
        ],
        "Date": [
          "Mon, 29 Jun 2020 23:34:33 GMT"
        ],
        "Content-Length": [
          "7423"
        ],
        "Content-Type": [
          "application/json; charset=utf-8"
        ],
        "Expires": [
          "-1"
        ]
      },
      "ResponseBody": "{\r\n  \"value\": [\r\n    {\r\n      \"id\": \"/subscriptions/a200340d-6b82-494d-9dbf-687ba6e33f9e/resourceGroups/powershelltest/providers/Microsoft.ApiManagement/service/powershellsdkservice/apis/echo-api/operations/create-resource\",\r\n      \"type\": \"Microsoft.ApiManagement/service/apis/operations\",\r\n      \"name\": \"create-resource\",\r\n      \"properties\": {\r\n        \"displayName\": \"Create resource\",\r\n        \"method\": \"POST\",\r\n        \"urlTemplate\": \"/resource\",\r\n        \"templateParameters\": [],\r\n        \"description\": \"A demonstration of a POST call based on the echo backend above. The request body is expected to contain JSON-formatted data (see example below). A policy is used to automatically transform any request sent in JSON directly to XML. In a real-world scenario this could be used to enable modern clients to speak to a legacy backend.\",\r\n        \"request\": {\r\n          \"queryParameters\": [],\r\n          \"headers\": [],\r\n          \"representations\": [\r\n            {\r\n              \"contentType\": \"application/json\",\r\n              \"sample\": \"{\\r\\n\\t\\\"vehicleType\\\": \\\"train\\\",\\r\\n\\t\\\"maxSpeed\\\": 125,\\r\\n\\t\\\"avgSpeed\\\": 90,\\r\\n\\t\\\"speedUnit\\\": \\\"mph\\\"\\r\\n}\"\r\n            }\r\n          ]\r\n        },\r\n        \"responses\": [\r\n          {\r\n            \"statusCode\": 200,\r\n            \"representations\": [],\r\n            \"headers\": []\r\n          }\r\n        ],\r\n        \"policies\": null\r\n      }\r\n    },\r\n    {\r\n      \"id\": \"/subscriptions/a200340d-6b82-494d-9dbf-687ba6e33f9e/resourceGroups/powershelltest/providers/Microsoft.ApiManagement/service/powershellsdkservice/apis/echo-api/operations/modify-resource\",\r\n      \"type\": \"Microsoft.ApiManagement/service/apis/operations\",\r\n      \"name\": \"modify-resource\",\r\n      \"properties\": {\r\n        \"displayName\": \"Modify Resource\",\r\n        \"method\": \"PUT\",\r\n        \"urlTemplate\": \"/resource\",\r\n        \"templateParameters\": [],\r\n        \"description\": \"A demonstration of a PUT call handled by the same \\\"echo\\\" backend as above. You can now specify a request body in addition to headers and it will be returned as well.\",\r\n        \"responses\": [\r\n          {\r\n            \"statusCode\": 200,\r\n            \"representations\": [],\r\n            \"headers\": []\r\n          }\r\n        ],\r\n        \"policies\": null\r\n      }\r\n    },\r\n    {\r\n      \"id\": \"/subscriptions/a200340d-6b82-494d-9dbf-687ba6e33f9e/resourceGroups/powershelltest/providers/Microsoft.ApiManagement/service/powershellsdkservice/apis/echo-api/operations/remove-resource\",\r\n      \"type\": \"Microsoft.ApiManagement/service/apis/operations\",\r\n      \"name\": \"remove-resource\",\r\n      \"properties\": {\r\n        \"displayName\": \"Remove resource\",\r\n        \"method\": \"DELETE\",\r\n        \"urlTemplate\": \"/resource\",\r\n        \"templateParameters\": [],\r\n        \"description\": \"A demonstration of a DELETE call which traditionally deletes the resource. It is based on the same \\\"echo\\\" backend as in all other operations so nothing is actually deleted.\",\r\n        \"responses\": [\r\n          {\r\n            \"statusCode\": 200,\r\n            \"representations\": [],\r\n            \"headers\": []\r\n          }\r\n        ],\r\n        \"policies\": null\r\n      }\r\n    },\r\n    {\r\n      \"id\": \"/subscriptions/a200340d-6b82-494d-9dbf-687ba6e33f9e/resourceGroups/powershelltest/providers/Microsoft.ApiManagement/service/powershellsdkservice/apis/echo-api/operations/retrieve-header-only\",\r\n      \"type\": \"Microsoft.ApiManagement/service/apis/operations\",\r\n      \"name\": \"retrieve-header-only\",\r\n      \"properties\": {\r\n        \"displayName\": \"Retrieve header only\",\r\n        \"method\": \"HEAD\",\r\n        \"urlTemplate\": \"/resource\",\r\n        \"templateParameters\": [],\r\n        \"description\": \"The HEAD operation returns only headers. In this demonstration a policy is used to set additional headers when the response is returned and to enable JSONP.\",\r\n        \"responses\": [\r\n          {\r\n            \"statusCode\": 200,\r\n            \"representations\": [],\r\n            \"headers\": []\r\n          }\r\n        ],\r\n        \"policies\": null\r\n      }\r\n    },\r\n    {\r\n      \"id\": \"/subscriptions/a200340d-6b82-494d-9dbf-687ba6e33f9e/resourceGroups/powershelltest/providers/Microsoft.ApiManagement/service/powershellsdkservice/apis/echo-api/operations/retrieve-resource\",\r\n      \"type\": \"Microsoft.ApiManagement/service/apis/operations\",\r\n      \"name\": \"retrieve-resource\",\r\n      \"properties\": {\r\n        \"displayName\": \"Retrieve resource\",\r\n        \"method\": \"GET\",\r\n        \"urlTemplate\": \"/resource\",\r\n        \"templateParameters\": [],\r\n        \"description\": \"A demonstration of a GET call on a sample resource. It is handled by an \\\"echo\\\" backend which returns a response equal to the request (the supplied headers and body are being returned as received).\",\r\n        \"request\": {\r\n          \"queryParameters\": [\r\n            {\r\n              \"name\": \"param1\",\r\n              \"description\": \"A sample parameter that is required and has a default value of \\\"sample\\\".\",\r\n              \"type\": \"string\",\r\n              \"defaultValue\": \"sample\",\r\n              \"required\": true,\r\n              \"values\": [\r\n                \"sample\"\r\n              ]\r\n            },\r\n            {\r\n              \"name\": \"param2\",\r\n              \"description\": \"Another sample parameter, set to not required.\",\r\n              \"type\": \"number\",\r\n              \"values\": []\r\n            }\r\n          ],\r\n          \"headers\": [],\r\n          \"representations\": []\r\n        },\r\n        \"responses\": [\r\n          {\r\n            \"statusCode\": 200,\r\n            \"description\": \"Returned in all cases.\",\r\n            \"representations\": [],\r\n            \"headers\": []\r\n          }\r\n        ],\r\n        \"policies\": null\r\n      }\r\n    },\r\n    {\r\n      \"id\": \"/subscriptions/a200340d-6b82-494d-9dbf-687ba6e33f9e/resourceGroups/powershelltest/providers/Microsoft.ApiManagement/service/powershellsdkservice/apis/echo-api/operations/retrieve-resource-cached\",\r\n      \"type\": \"Microsoft.ApiManagement/service/apis/operations\",\r\n      \"name\": \"retrieve-resource-cached\",\r\n      \"properties\": {\r\n        \"displayName\": \"Retrieve resource (cached)\",\r\n        \"method\": \"GET\",\r\n        \"urlTemplate\": \"/resource-cached\",\r\n        \"templateParameters\": [],\r\n        \"description\": \"A demonstration of a GET call with caching enabled on the same \\\"echo\\\" backend as above. Cache TTL is set to 1 hour. When you make the first request the headers you supplied will be cached. Subsequent calls will return the same headers as the first time even if you change them in your request.\",\r\n        \"request\": {\r\n          \"queryParameters\": [\r\n            {\r\n              \"name\": \"param1\",\r\n              \"description\": \"A sample parameter that is required and has a default value of \\\"sample\\\".\",\r\n              \"type\": \"string\",\r\n              \"defaultValue\": \"sample\",\r\n              \"required\": true,\r\n              \"values\": [\r\n                \"sample\"\r\n              ]\r\n            },\r\n            {\r\n              \"name\": \"param2\",\r\n              \"description\": \"Another sample parameter, set to not required.\",\r\n              \"type\": \"string\",\r\n              \"values\": []\r\n            }\r\n          ],\r\n          \"headers\": [],\r\n          \"representations\": []\r\n        },\r\n        \"responses\": [\r\n          {\r\n            \"statusCode\": 200,\r\n            \"representations\": [],\r\n            \"headers\": []\r\n          }\r\n        ],\r\n        \"policies\": null\r\n      }\r\n    }\r\n  ],\r\n  \"count\": 6\r\n}",
      "StatusCode": 200
    },
    {
      "RequestUri": "/subscriptions/a200340d-6b82-494d-9dbf-687ba6e33f9e/resourceGroups/powershelltest/providers/Microsoft.ApiManagement/service/powershellsdkservice/apis/echo-api/operations/create-resource?api-version=2019-12-01",
      "EncodedRequestUri": "L3N1YnNjcmlwdGlvbnMvYTIwMDM0MGQtNmI4Mi00OTRkLTlkYmYtNjg3YmE2ZTMzZjllL3Jlc291cmNlR3JvdXBzL3Bvd2Vyc2hlbGx0ZXN0L3Byb3ZpZGVycy9NaWNyb3NvZnQuQXBpTWFuYWdlbWVudC9zZXJ2aWNlL3Bvd2Vyc2hlbGxzZGtzZXJ2aWNlL2FwaXMvZWNoby1hcGkvb3BlcmF0aW9ucy9jcmVhdGUtcmVzb3VyY2U/YXBpLXZlcnNpb249MjAxOS0xMi0wMQ==",
      "RequestMethod": "GET",
      "RequestBody": "",
      "RequestHeaders": {
        "x-ms-client-request-id": [
          "375e8ba5-f7ef-4e97-86c0-c5784b38e7bc"
        ],
        "Accept-Language": [
          "en-US"
        ],
        "User-Agent": [
          "FxVersion/4.6.27817.03",
          "OSName/Windows",
          "OSVersion/Microsoft.Windows.10.0.18363.",
          "Microsoft.Azure.Management.ApiManagement.ApiManagementClient/6.0.0.0"
        ]
      },
      "ResponseHeaders": {
        "Cache-Control": [
          "no-cache"
        ],
        "Pragma": [
          "no-cache"
        ],
        "ETag": [
          "\"AAAAAAAALps=\""
        ],
        "Strict-Transport-Security": [
          "max-age=31536000; includeSubDomains"
        ],
        "x-ms-request-id": [
          "93a1080b-d9d8-4a80-9b85-3947f97e5e6f"
        ],
        "Server": [
          "Microsoft-HTTPAPI/2.0"
        ],
        "x-ms-ratelimit-remaining-subscription-reads": [
          "11997"
        ],
        "x-ms-correlation-request-id": [
          "5b0e5a9e-6c26-410c-9afa-b5716061b286"
        ],
        "x-ms-routing-request-id": [
          "WESTUS:20200629T233434Z:5b0e5a9e-6c26-410c-9afa-b5716061b286"
        ],
        "X-Content-Type-Options": [
          "nosniff"
        ],
        "Date": [
          "Mon, 29 Jun 2020 23:34:34 GMT"
        ],
        "Content-Length": [
          "1269"
        ],
        "Content-Type": [
          "application/json; charset=utf-8"
        ],
        "Expires": [
          "-1"
        ]
      },
      "ResponseBody": "{\r\n  \"id\": \"/subscriptions/a200340d-6b82-494d-9dbf-687ba6e33f9e/resourceGroups/powershelltest/providers/Microsoft.ApiManagement/service/powershellsdkservice/apis/echo-api/operations/create-resource\",\r\n  \"type\": \"Microsoft.ApiManagement/service/apis/operations\",\r\n  \"name\": \"create-resource\",\r\n  \"properties\": {\r\n    \"displayName\": \"Create resource\",\r\n    \"method\": \"POST\",\r\n    \"urlTemplate\": \"/resource\",\r\n    \"templateParameters\": [],\r\n    \"description\": \"A demonstration of a POST call based on the echo backend above. The request body is expected to contain JSON-formatted data (see example below). A policy is used to automatically transform any request sent in JSON directly to XML. In a real-world scenario this could be used to enable modern clients to speak to a legacy backend.\",\r\n    \"request\": {\r\n      \"queryParameters\": [],\r\n      \"headers\": [],\r\n      \"representations\": [\r\n        {\r\n          \"contentType\": \"application/json\",\r\n          \"sample\": \"{\\r\\n\\t\\\"vehicleType\\\": \\\"train\\\",\\r\\n\\t\\\"maxSpeed\\\": 125,\\r\\n\\t\\\"avgSpeed\\\": 90,\\r\\n\\t\\\"speedUnit\\\": \\\"mph\\\"\\r\\n}\"\r\n        }\r\n      ]\r\n    },\r\n    \"responses\": [\r\n      {\r\n        \"statusCode\": 200,\r\n        \"representations\": [],\r\n        \"headers\": []\r\n      }\r\n    ],\r\n    \"policies\": null\r\n  }\r\n}",
      "StatusCode": 200
    },
    {
      "RequestUri": "/subscriptions/a200340d-6b82-494d-9dbf-687ba6e33f9e/resourceGroups/powershelltest/providers/Microsoft.ApiManagement/service/powershellsdkservice/apis/echo-api/operations/modify-resource?api-version=2019-12-01",
      "EncodedRequestUri": "L3N1YnNjcmlwdGlvbnMvYTIwMDM0MGQtNmI4Mi00OTRkLTlkYmYtNjg3YmE2ZTMzZjllL3Jlc291cmNlR3JvdXBzL3Bvd2Vyc2hlbGx0ZXN0L3Byb3ZpZGVycy9NaWNyb3NvZnQuQXBpTWFuYWdlbWVudC9zZXJ2aWNlL3Bvd2Vyc2hlbGxzZGtzZXJ2aWNlL2FwaXMvZWNoby1hcGkvb3BlcmF0aW9ucy9tb2RpZnktcmVzb3VyY2U/YXBpLXZlcnNpb249MjAxOS0xMi0wMQ==",
      "RequestMethod": "GET",
      "RequestBody": "",
      "RequestHeaders": {
        "x-ms-client-request-id": [
          "85200540-dd59-43d1-acc2-7aef140fb92c"
        ],
        "Accept-Language": [
          "en-US"
        ],
        "User-Agent": [
          "FxVersion/4.6.27817.03",
          "OSName/Windows",
          "OSVersion/Microsoft.Windows.10.0.18363.",
          "Microsoft.Azure.Management.ApiManagement.ApiManagementClient/6.0.0.0"
        ]
      },
      "ResponseHeaders": {
        "Cache-Control": [
          "no-cache"
        ],
        "Pragma": [
          "no-cache"
        ],
        "ETag": [
          "\"AAAAAAAACjQ=\""
        ],
        "Strict-Transport-Security": [
          "max-age=31536000; includeSubDomains"
        ],
        "x-ms-request-id": [
          "b1567558-fefb-4f41-bb5d-ac767025baab"
        ],
        "Server": [
          "Microsoft-HTTPAPI/2.0"
        ],
        "x-ms-ratelimit-remaining-subscription-reads": [
          "11996"
        ],
        "x-ms-correlation-request-id": [
          "2d8fe889-c946-420e-91b2-e52d7dabb2c3"
        ],
        "x-ms-routing-request-id": [
          "WESTUS:20200629T233435Z:2d8fe889-c946-420e-91b2-e52d7dabb2c3"
        ],
        "X-Content-Type-Options": [
          "nosniff"
        ],
        "Date": [
          "Mon, 29 Jun 2020 23:34:34 GMT"
        ],
        "Content-Length": [
          "892"
        ],
        "Content-Type": [
          "application/json; charset=utf-8"
        ],
        "Expires": [
          "-1"
        ]
      },
      "ResponseBody": "{\r\n  \"id\": \"/subscriptions/a200340d-6b82-494d-9dbf-687ba6e33f9e/resourceGroups/powershelltest/providers/Microsoft.ApiManagement/service/powershellsdkservice/apis/echo-api/operations/modify-resource\",\r\n  \"type\": \"Microsoft.ApiManagement/service/apis/operations\",\r\n  \"name\": \"modify-resource\",\r\n  \"properties\": {\r\n    \"displayName\": \"Modify Resource\",\r\n    \"method\": \"PUT\",\r\n    \"urlTemplate\": \"/resource\",\r\n    \"templateParameters\": [],\r\n    \"description\": \"A demonstration of a PUT call handled by the same \\\"echo\\\" backend as above. You can now specify a request body in addition to headers and it will be returned as well.\",\r\n    \"request\": {\r\n      \"queryParameters\": [],\r\n      \"headers\": [],\r\n      \"representations\": []\r\n    },\r\n    \"responses\": [\r\n      {\r\n        \"statusCode\": 200,\r\n        \"representations\": [],\r\n        \"headers\": []\r\n      }\r\n    ],\r\n    \"policies\": null\r\n  }\r\n}",
      "StatusCode": 200
    },
    {
      "RequestUri": "/subscriptions/a200340d-6b82-494d-9dbf-687ba6e33f9e/resourceGroups/powershelltest/providers/Microsoft.ApiManagement/service/powershellsdkservice/apis/echo-api/operations/remove-resource?api-version=2019-12-01",
      "EncodedRequestUri": "L3N1YnNjcmlwdGlvbnMvYTIwMDM0MGQtNmI4Mi00OTRkLTlkYmYtNjg3YmE2ZTMzZjllL3Jlc291cmNlR3JvdXBzL3Bvd2Vyc2hlbGx0ZXN0L3Byb3ZpZGVycy9NaWNyb3NvZnQuQXBpTWFuYWdlbWVudC9zZXJ2aWNlL3Bvd2Vyc2hlbGxzZGtzZXJ2aWNlL2FwaXMvZWNoby1hcGkvb3BlcmF0aW9ucy9yZW1vdmUtcmVzb3VyY2U/YXBpLXZlcnNpb249MjAxOS0xMi0wMQ==",
      "RequestMethod": "GET",
      "RequestBody": "",
      "RequestHeaders": {
        "x-ms-client-request-id": [
          "6e55c033-9592-4e1a-9dc0-8f7af861f2b2"
        ],
        "Accept-Language": [
          "en-US"
        ],
        "User-Agent": [
          "FxVersion/4.6.27817.03",
          "OSName/Windows",
          "OSVersion/Microsoft.Windows.10.0.18363.",
          "Microsoft.Azure.Management.ApiManagement.ApiManagementClient/6.0.0.0"
        ]
      },
      "ResponseHeaders": {
        "Cache-Control": [
          "no-cache"
        ],
        "Pragma": [
          "no-cache"
        ],
        "ETag": [
          "\"AAAAAAAACjY=\""
        ],
        "Strict-Transport-Security": [
          "max-age=31536000; includeSubDomains"
        ],
        "x-ms-request-id": [
          "806810b0-1960-43cb-8f9c-89af3444a8a6"
        ],
        "Server": [
          "Microsoft-HTTPAPI/2.0"
        ],
        "x-ms-ratelimit-remaining-subscription-reads": [
          "11995"
        ],
        "x-ms-correlation-request-id": [
          "878ce37f-d95c-415c-b03f-e5ba20ffcde7"
        ],
        "x-ms-routing-request-id": [
          "WESTUS:20200629T233435Z:878ce37f-d95c-415c-b03f-e5ba20ffcde7"
        ],
        "X-Content-Type-Options": [
          "nosniff"
        ],
        "Date": [
          "Mon, 29 Jun 2020 23:34:34 GMT"
        ],
        "Content-Length": [
          "902"
        ],
        "Content-Type": [
          "application/json; charset=utf-8"
        ],
        "Expires": [
          "-1"
        ]
      },
      "ResponseBody": "{\r\n  \"id\": \"/subscriptions/a200340d-6b82-494d-9dbf-687ba6e33f9e/resourceGroups/powershelltest/providers/Microsoft.ApiManagement/service/powershellsdkservice/apis/echo-api/operations/remove-resource\",\r\n  \"type\": \"Microsoft.ApiManagement/service/apis/operations\",\r\n  \"name\": \"remove-resource\",\r\n  \"properties\": {\r\n    \"displayName\": \"Remove resource\",\r\n    \"method\": \"DELETE\",\r\n    \"urlTemplate\": \"/resource\",\r\n    \"templateParameters\": [],\r\n    \"description\": \"A demonstration of a DELETE call which traditionally deletes the resource. It is based on the same \\\"echo\\\" backend as in all other operations so nothing is actually deleted.\",\r\n    \"request\": {\r\n      \"queryParameters\": [],\r\n      \"headers\": [],\r\n      \"representations\": []\r\n    },\r\n    \"responses\": [\r\n      {\r\n        \"statusCode\": 200,\r\n        \"representations\": [],\r\n        \"headers\": []\r\n      }\r\n    ],\r\n    \"policies\": null\r\n  }\r\n}",
      "StatusCode": 200
    },
    {
      "RequestUri": "/subscriptions/a200340d-6b82-494d-9dbf-687ba6e33f9e/resourceGroups/powershelltest/providers/Microsoft.ApiManagement/service/powershellsdkservice/apis/echo-api/operations/retrieve-header-only?api-version=2019-12-01",
      "EncodedRequestUri": "L3N1YnNjcmlwdGlvbnMvYTIwMDM0MGQtNmI4Mi00OTRkLTlkYmYtNjg3YmE2ZTMzZjllL3Jlc291cmNlR3JvdXBzL3Bvd2Vyc2hlbGx0ZXN0L3Byb3ZpZGVycy9NaWNyb3NvZnQuQXBpTWFuYWdlbWVudC9zZXJ2aWNlL3Bvd2Vyc2hlbGxzZGtzZXJ2aWNlL2FwaXMvZWNoby1hcGkvb3BlcmF0aW9ucy9yZXRyaWV2ZS1oZWFkZXItb25seT9hcGktdmVyc2lvbj0yMDE5LTEyLTAx",
      "RequestMethod": "GET",
      "RequestBody": "",
      "RequestHeaders": {
        "x-ms-client-request-id": [
          "c455e746-f276-42f3-83f2-ebb80960da08"
        ],
        "Accept-Language": [
          "en-US"
        ],
        "User-Agent": [
          "FxVersion/4.6.27817.03",
          "OSName/Windows",
          "OSVersion/Microsoft.Windows.10.0.18363.",
          "Microsoft.Azure.Management.ApiManagement.ApiManagementClient/6.0.0.0"
        ]
      },
      "ResponseHeaders": {
        "Cache-Control": [
          "no-cache"
        ],
        "Pragma": [
          "no-cache"
        ],
        "ETag": [
          "\"AAAAAAAACjc=\""
        ],
        "Strict-Transport-Security": [
          "max-age=31536000; includeSubDomains"
        ],
        "x-ms-request-id": [
          "c99b69e3-22a3-4a97-8f3b-17c00499e94c"
        ],
        "Server": [
          "Microsoft-HTTPAPI/2.0"
        ],
        "x-ms-ratelimit-remaining-subscription-reads": [
          "11994"
        ],
        "x-ms-correlation-request-id": [
          "427c81fb-cb96-43e6-811a-2188c22c0b64"
        ],
        "x-ms-routing-request-id": [
          "WESTUS:20200629T233435Z:427c81fb-cb96-43e6-811a-2188c22c0b64"
        ],
        "X-Content-Type-Options": [
          "nosniff"
        ],
        "Date": [
          "Mon, 29 Jun 2020 23:34:34 GMT"
        ],
        "Content-Length": [
          "897"
        ],
        "Content-Type": [
          "application/json; charset=utf-8"
        ],
        "Expires": [
          "-1"
        ]
      },
      "ResponseBody": "{\r\n  \"id\": \"/subscriptions/a200340d-6b82-494d-9dbf-687ba6e33f9e/resourceGroups/powershelltest/providers/Microsoft.ApiManagement/service/powershellsdkservice/apis/echo-api/operations/retrieve-header-only\",\r\n  \"type\": \"Microsoft.ApiManagement/service/apis/operations\",\r\n  \"name\": \"retrieve-header-only\",\r\n  \"properties\": {\r\n    \"displayName\": \"Retrieve header only\",\r\n    \"method\": \"HEAD\",\r\n    \"urlTemplate\": \"/resource\",\r\n    \"templateParameters\": [],\r\n    \"description\": \"The HEAD operation returns only headers. In this demonstration a policy is used to set additional headers when the response is returned and to enable JSONP.\",\r\n    \"request\": {\r\n      \"queryParameters\": [],\r\n      \"headers\": [],\r\n      \"representations\": []\r\n    },\r\n    \"responses\": [\r\n      {\r\n        \"statusCode\": 200,\r\n        \"representations\": [],\r\n        \"headers\": []\r\n      }\r\n    ],\r\n    \"policies\": null\r\n  }\r\n}",
      "StatusCode": 200
    },
    {
      "RequestUri": "/subscriptions/a200340d-6b82-494d-9dbf-687ba6e33f9e/resourceGroups/powershelltest/providers/Microsoft.ApiManagement/service/powershellsdkservice/apis/echo-api/operations/retrieve-resource?api-version=2019-12-01",
      "EncodedRequestUri": "L3N1YnNjcmlwdGlvbnMvYTIwMDM0MGQtNmI4Mi00OTRkLTlkYmYtNjg3YmE2ZTMzZjllL3Jlc291cmNlR3JvdXBzL3Bvd2Vyc2hlbGx0ZXN0L3Byb3ZpZGVycy9NaWNyb3NvZnQuQXBpTWFuYWdlbWVudC9zZXJ2aWNlL3Bvd2Vyc2hlbGxzZGtzZXJ2aWNlL2FwaXMvZWNoby1hcGkvb3BlcmF0aW9ucy9yZXRyaWV2ZS1yZXNvdXJjZT9hcGktdmVyc2lvbj0yMDE5LTEyLTAx",
      "RequestMethod": "GET",
      "RequestBody": "",
      "RequestHeaders": {
        "x-ms-client-request-id": [
          "bc8a03e9-58f1-43ed-94ff-e37b55f375e4"
        ],
        "Accept-Language": [
          "en-US"
        ],
        "User-Agent": [
          "FxVersion/4.6.27817.03",
          "OSName/Windows",
          "OSVersion/Microsoft.Windows.10.0.18363.",
          "Microsoft.Azure.Management.ApiManagement.ApiManagementClient/6.0.0.0"
        ]
      },
      "ResponseHeaders": {
        "Cache-Control": [
          "no-cache"
        ],
        "Pragma": [
          "no-cache"
        ],
        "ETag": [
          "\"AAAAAAAACjI=\""
        ],
        "Strict-Transport-Security": [
          "max-age=31536000; includeSubDomains"
        ],
        "x-ms-request-id": [
          "3eb3fae4-8b5c-4c0d-9707-b27d9244d242"
        ],
        "Server": [
          "Microsoft-HTTPAPI/2.0"
        ],
        "x-ms-ratelimit-remaining-subscription-reads": [
          "11993"
        ],
        "x-ms-correlation-request-id": [
          "4dc5b6a9-67a6-46cf-876b-bbcc326d8d2a"
        ],
        "x-ms-routing-request-id": [
          "WESTUS:20200629T233435Z:4dc5b6a9-67a6-46cf-876b-bbcc326d8d2a"
        ],
        "X-Content-Type-Options": [
          "nosniff"
        ],
        "Date": [
          "Mon, 29 Jun 2020 23:34:34 GMT"
        ],
        "Content-Length": [
          "1476"
        ],
        "Content-Type": [
          "application/json; charset=utf-8"
        ],
        "Expires": [
          "-1"
        ]
      },
      "ResponseBody": "{\r\n  \"id\": \"/subscriptions/a200340d-6b82-494d-9dbf-687ba6e33f9e/resourceGroups/powershelltest/providers/Microsoft.ApiManagement/service/powershellsdkservice/apis/echo-api/operations/retrieve-resource\",\r\n  \"type\": \"Microsoft.ApiManagement/service/apis/operations\",\r\n  \"name\": \"retrieve-resource\",\r\n  \"properties\": {\r\n    \"displayName\": \"Retrieve resource\",\r\n    \"method\": \"GET\",\r\n    \"urlTemplate\": \"/resource\",\r\n    \"templateParameters\": [],\r\n    \"description\": \"A demonstration of a GET call on a sample resource. It is handled by an \\\"echo\\\" backend which returns a response equal to the request (the supplied headers and body are being returned as received).\",\r\n    \"request\": {\r\n      \"queryParameters\": [\r\n        {\r\n          \"name\": \"param1\",\r\n          \"description\": \"A sample parameter that is required and has a default value of \\\"sample\\\".\",\r\n          \"type\": \"string\",\r\n          \"defaultValue\": \"sample\",\r\n          \"required\": true,\r\n          \"values\": [\r\n            \"sample\"\r\n          ]\r\n        },\r\n        {\r\n          \"name\": \"param2\",\r\n          \"description\": \"Another sample parameter, set to not required.\",\r\n          \"type\": \"number\",\r\n          \"values\": []\r\n        }\r\n      ],\r\n      \"headers\": [],\r\n      \"representations\": []\r\n    },\r\n    \"responses\": [\r\n      {\r\n        \"statusCode\": 200,\r\n        \"description\": \"Returned in all cases.\",\r\n        \"representations\": [],\r\n        \"headers\": []\r\n      }\r\n    ],\r\n    \"policies\": null\r\n  }\r\n}",
      "StatusCode": 200
    },
    {
      "RequestUri": "/subscriptions/a200340d-6b82-494d-9dbf-687ba6e33f9e/resourceGroups/powershelltest/providers/Microsoft.ApiManagement/service/powershellsdkservice/apis/echo-api/operations/retrieve-resource-cached?api-version=2019-12-01",
      "EncodedRequestUri": "L3N1YnNjcmlwdGlvbnMvYTIwMDM0MGQtNmI4Mi00OTRkLTlkYmYtNjg3YmE2ZTMzZjllL3Jlc291cmNlR3JvdXBzL3Bvd2Vyc2hlbGx0ZXN0L3Byb3ZpZGVycy9NaWNyb3NvZnQuQXBpTWFuYWdlbWVudC9zZXJ2aWNlL3Bvd2Vyc2hlbGxzZGtzZXJ2aWNlL2FwaXMvZWNoby1hcGkvb3BlcmF0aW9ucy9yZXRyaWV2ZS1yZXNvdXJjZS1jYWNoZWQ/YXBpLXZlcnNpb249MjAxOS0xMi0wMQ==",
      "RequestMethod": "GET",
      "RequestBody": "",
      "RequestHeaders": {
        "x-ms-client-request-id": [
          "1b0bb888-c993-4cce-8b47-7accd44a9898"
        ],
        "Accept-Language": [
          "en-US"
        ],
        "User-Agent": [
          "FxVersion/4.6.27817.03",
          "OSName/Windows",
          "OSVersion/Microsoft.Windows.10.0.18363.",
          "Microsoft.Azure.Management.ApiManagement.ApiManagementClient/6.0.0.0"
        ]
      },
      "ResponseHeaders": {
        "Cache-Control": [
          "no-cache"
        ],
        "Pragma": [
          "no-cache"
        ],
        "ETag": [
          "\"AAAAAAAACjM=\""
        ],
        "Strict-Transport-Security": [
          "max-age=31536000; includeSubDomains"
        ],
        "x-ms-request-id": [
          "d0a0d8ae-4920-4ec4-8fe3-cd6ce4b6eb89"
        ],
        "Server": [
          "Microsoft-HTTPAPI/2.0"
        ],
        "x-ms-ratelimit-remaining-subscription-reads": [
          "11992"
        ],
        "x-ms-correlation-request-id": [
          "99a12e59-fb65-48fb-baa6-610249d105c4"
        ],
        "x-ms-routing-request-id": [
          "WESTUS:20200629T233435Z:99a12e59-fb65-48fb-baa6-610249d105c4"
        ],
        "X-Content-Type-Options": [
          "nosniff"
        ],
        "Date": [
          "Mon, 29 Jun 2020 23:34:35 GMT"
        ],
        "Content-Length": [
          "1553"
        ],
        "Content-Type": [
          "application/json; charset=utf-8"
        ],
        "Expires": [
          "-1"
        ]
      },
      "ResponseBody": "{\r\n  \"id\": \"/subscriptions/a200340d-6b82-494d-9dbf-687ba6e33f9e/resourceGroups/powershelltest/providers/Microsoft.ApiManagement/service/powershellsdkservice/apis/echo-api/operations/retrieve-resource-cached\",\r\n  \"type\": \"Microsoft.ApiManagement/service/apis/operations\",\r\n  \"name\": \"retrieve-resource-cached\",\r\n  \"properties\": {\r\n    \"displayName\": \"Retrieve resource (cached)\",\r\n    \"method\": \"GET\",\r\n    \"urlTemplate\": \"/resource-cached\",\r\n    \"templateParameters\": [],\r\n    \"description\": \"A demonstration of a GET call with caching enabled on the same \\\"echo\\\" backend as above. Cache TTL is set to 1 hour. When you make the first request the headers you supplied will be cached. Subsequent calls will return the same headers as the first time even if you change them in your request.\",\r\n    \"request\": {\r\n      \"queryParameters\": [\r\n        {\r\n          \"name\": \"param1\",\r\n          \"description\": \"A sample parameter that is required and has a default value of \\\"sample\\\".\",\r\n          \"type\": \"string\",\r\n          \"defaultValue\": \"sample\",\r\n          \"required\": true,\r\n          \"values\": [\r\n            \"sample\"\r\n          ]\r\n        },\r\n        {\r\n          \"name\": \"param2\",\r\n          \"description\": \"Another sample parameter, set to not required.\",\r\n          \"type\": \"string\",\r\n          \"values\": []\r\n        }\r\n      ],\r\n      \"headers\": [],\r\n      \"representations\": []\r\n    },\r\n    \"responses\": [\r\n      {\r\n        \"statusCode\": 200,\r\n        \"representations\": [],\r\n        \"headers\": []\r\n      }\r\n    ],\r\n    \"policies\": null\r\n  }\r\n}",
      "StatusCode": 200
    },
    {
      "RequestUri": "/subscriptions/a200340d-6b82-494d-9dbf-687ba6e33f9e/resourceGroups/powershelltest/providers/Microsoft.ApiManagement/service/powershellsdkservice/apis/echo-api/operations/ps7582?api-version=2019-12-01",
      "EncodedRequestUri": "L3N1YnNjcmlwdGlvbnMvYTIwMDM0MGQtNmI4Mi00OTRkLTlkYmYtNjg3YmE2ZTMzZjllL3Jlc291cmNlR3JvdXBzL3Bvd2Vyc2hlbGx0ZXN0L3Byb3ZpZGVycy9NaWNyb3NvZnQuQXBpTWFuYWdlbWVudC9zZXJ2aWNlL3Bvd2Vyc2hlbGxzZGtzZXJ2aWNlL2FwaXMvZWNoby1hcGkvb3BlcmF0aW9ucy9wczc1ODI/YXBpLXZlcnNpb249MjAxOS0xMi0wMQ==",
      "RequestMethod": "PUT",
      "RequestBody": "{\r\n  \"properties\": {\r\n    \"templateParameters\": [\r\n      {\r\n        \"name\": \"rid\",\r\n        \"description\": \"Resource identifier\",\r\n        \"type\": \"string\",\r\n        \"required\": false,\r\n        \"values\": []\r\n      },\r\n      {\r\n        \"name\": \"query\",\r\n        \"description\": \"Query string\",\r\n        \"type\": \"string\",\r\n        \"required\": false,\r\n        \"values\": []\r\n      }\r\n    ],\r\n    \"description\": \"ps5242\",\r\n    \"request\": {\r\n      \"description\": \"Create/update resource request\",\r\n      \"queryParameters\": [\r\n        {\r\n          \"name\": \"ps3180\",\r\n          \"description\": \"ps1960\",\r\n          \"type\": \"string\",\r\n          \"defaultValue\": \"ps2133\",\r\n          \"required\": true,\r\n          \"values\": [\r\n            \"ps2133\"\r\n          ]\r\n        }\r\n      ],\r\n      \"headers\": [\r\n        {\r\n          \"name\": \"ps8433\",\r\n          \"description\": \"ps8528\",\r\n          \"type\": \"string\",\r\n          \"defaultValue\": \"ps3394\",\r\n          \"required\": true,\r\n          \"values\": [\r\n            \"ps3394\"\r\n          ]\r\n        }\r\n      ],\r\n      \"representations\": [\r\n        {\r\n          \"contentType\": \"application/json\",\r\n          \"sample\": \"ps4450\"\r\n        }\r\n      ]\r\n    },\r\n    \"responses\": [\r\n      {\r\n        \"statusCode\": 1980785443,\r\n        \"description\": \"ps5867\",\r\n        \"representations\": [\r\n          {\r\n            \"contentType\": \"ps6229\",\r\n            \"sample\": \"ps7392\"\r\n          }\r\n        ],\r\n        \"headers\": []\r\n      }\r\n    ],\r\n    \"displayName\": \"ps6040\",\r\n    \"method\": \"PATCH\",\r\n    \"urlTemplate\": \"/resource/{rid}?q={query}\"\r\n  }\r\n}",
      "RequestHeaders": {
        "x-ms-client-request-id": [
          "4001ae92-a5b0-49f4-a8a4-e189aa0a95de"
        ],
        "Accept-Language": [
          "en-US"
        ],
        "User-Agent": [
          "FxVersion/4.6.27817.03",
          "OSName/Windows",
          "OSVersion/Microsoft.Windows.10.0.18363.",
          "Microsoft.Azure.Management.ApiManagement.ApiManagementClient/6.0.0.0"
        ],
        "Content-Type": [
          "application/json; charset=utf-8"
        ],
        "Content-Length": [
          "1566"
        ]
      },
      "ResponseHeaders": {
        "Cache-Control": [
          "no-cache"
        ],
        "Pragma": [
          "no-cache"
        ],
        "ETag": [
          "\"AAAAAAAAL2o=\""
        ],
        "Strict-Transport-Security": [
          "max-age=31536000; includeSubDomains"
        ],
        "x-ms-request-id": [
          "3a0e7de3-557d-4850-84ee-0a31d1473f91"
        ],
        "Server": [
          "Microsoft-HTTPAPI/2.0"
        ],
        "x-ms-ratelimit-remaining-subscription-writes": [
          "1199"
        ],
        "x-ms-correlation-request-id": [
          "e3f9f44a-71f5-4afd-8418-4f0f81477168"
        ],
        "x-ms-routing-request-id": [
          "WESTUS:20200629T233437Z:e3f9f44a-71f5-4afd-8418-4f0f81477168"
        ],
        "X-Content-Type-Options": [
          "nosniff"
        ],
        "Date": [
          "Mon, 29 Jun 2020 23:34:36 GMT"
        ],
        "Content-Length": [
          "1805"
        ],
        "Content-Type": [
          "application/json; charset=utf-8"
        ],
        "Expires": [
          "-1"
        ]
      },
      "ResponseBody": "{\r\n  \"id\": \"/subscriptions/a200340d-6b82-494d-9dbf-687ba6e33f9e/resourceGroups/powershelltest/providers/Microsoft.ApiManagement/service/powershellsdkservice/apis/echo-api/operations/ps7582\",\r\n  \"type\": \"Microsoft.ApiManagement/service/apis/operations\",\r\n  \"name\": \"ps7582\",\r\n  \"properties\": {\r\n    \"displayName\": \"ps6040\",\r\n    \"method\": \"PATCH\",\r\n    \"urlTemplate\": \"/resource/{rid}?q={query}\",\r\n    \"templateParameters\": [\r\n      {\r\n        \"name\": \"rid\",\r\n        \"description\": \"Resource identifier\",\r\n        \"type\": \"string\",\r\n        \"values\": []\r\n      },\r\n      {\r\n        \"name\": \"query\",\r\n        \"description\": \"Query string\",\r\n        \"type\": \"string\",\r\n        \"values\": []\r\n      }\r\n    ],\r\n    \"description\": \"ps5242\",\r\n    \"request\": {\r\n      \"description\": \"Create/update resource request\",\r\n      \"queryParameters\": [\r\n        {\r\n          \"name\": \"ps3180\",\r\n          \"description\": \"ps1960\",\r\n          \"type\": \"string\",\r\n          \"defaultValue\": \"ps2133\",\r\n          \"required\": true,\r\n          \"values\": [\r\n            \"ps2133\"\r\n          ]\r\n        }\r\n      ],\r\n      \"headers\": [\r\n        {\r\n          \"name\": \"ps8433\",\r\n          \"description\": \"ps8528\",\r\n          \"type\": \"string\",\r\n          \"defaultValue\": \"ps3394\",\r\n          \"required\": true,\r\n          \"values\": [\r\n            \"ps3394\"\r\n          ]\r\n        }\r\n      ],\r\n      \"representations\": [\r\n        {\r\n          \"contentType\": \"application/json\",\r\n          \"sample\": \"ps4450\"\r\n        }\r\n      ]\r\n    },\r\n    \"responses\": [\r\n      {\r\n        \"statusCode\": 1980785443,\r\n        \"description\": \"ps5867\",\r\n        \"representations\": [\r\n          {\r\n            \"contentType\": \"ps6229\",\r\n            \"sample\": \"ps7392\"\r\n          }\r\n        ],\r\n        \"headers\": []\r\n      }\r\n    ],\r\n    \"policies\": null\r\n  }\r\n}",
      "StatusCode": 201
    },
    {
      "RequestUri": "/subscriptions/a200340d-6b82-494d-9dbf-687ba6e33f9e/resourceGroups/powershelltest/providers/Microsoft.ApiManagement/service/powershellsdkservice/apis/echo-api/operations/ps7582?api-version=2019-12-01",
      "EncodedRequestUri": "L3N1YnNjcmlwdGlvbnMvYTIwMDM0MGQtNmI4Mi00OTRkLTlkYmYtNjg3YmE2ZTMzZjllL3Jlc291cmNlR3JvdXBzL3Bvd2Vyc2hlbGx0ZXN0L3Byb3ZpZGVycy9NaWNyb3NvZnQuQXBpTWFuYWdlbWVudC9zZXJ2aWNlL3Bvd2Vyc2hlbGxzZGtzZXJ2aWNlL2FwaXMvZWNoby1hcGkvb3BlcmF0aW9ucy9wczc1ODI/YXBpLXZlcnNpb249MjAxOS0xMi0wMQ==",
      "RequestMethod": "PATCH",
      "RequestBody": "{\r\n  \"properties\": {\r\n    \"templateParameters\": [\r\n      {\r\n        \"name\": \"xrid\",\r\n        \"description\": \"Resource identifier modified\",\r\n        \"type\": \"string\",\r\n        \"required\": false,\r\n        \"values\": []\r\n      },\r\n      {\r\n        \"name\": \"xquery\",\r\n        \"description\": \"Query string modified\",\r\n        \"type\": \"string\",\r\n        \"required\": false,\r\n        \"values\": []\r\n      }\r\n    ],\r\n    \"description\": \"ps3759\",\r\n    \"request\": {\r\n      \"description\": \"Create/update resource request modified\",\r\n      \"queryParameters\": [\r\n        {\r\n          \"name\": \"ps9680\",\r\n          \"description\": \"ps2614\",\r\n          \"type\": \"string\",\r\n          \"defaultValue\": \"ps1904\",\r\n          \"required\": true,\r\n          \"values\": [\r\n            \"ps1904\"\r\n          ]\r\n        }\r\n      ],\r\n      \"headers\": [\r\n        {\r\n          \"name\": \"ps5533\",\r\n          \"description\": \"ps1650\",\r\n          \"type\": \"string\",\r\n          \"defaultValue\": \"ps4074\",\r\n          \"required\": true,\r\n          \"values\": [\r\n            \"ps4074\"\r\n          ]\r\n        }\r\n      ],\r\n      \"representations\": [\r\n        {\r\n          \"contentType\": \"application/json\",\r\n          \"sample\": \"ps4043\"\r\n        }\r\n      ]\r\n    },\r\n    \"responses\": [\r\n      {\r\n        \"statusCode\": 1980785443,\r\n        \"description\": \"ps280\",\r\n        \"representations\": [\r\n          {\r\n            \"contentType\": \"ps7811\",\r\n            \"sample\": \"ps3593\"\r\n          }\r\n        ],\r\n        \"headers\": []\r\n      }\r\n    ],\r\n    \"displayName\": \"ps4853\",\r\n    \"method\": \"PUT\",\r\n    \"urlTemplate\": \"/resource/{xrid}?q={xquery}\"\r\n  }\r\n}",
      "RequestHeaders": {
        "x-ms-client-request-id": [
          "e6d78f49-3f46-426e-9891-4b085749debd"
        ],
        "If-Match": [
          "*"
        ],
        "Accept-Language": [
          "en-US"
        ],
        "User-Agent": [
          "FxVersion/4.6.27817.03",
          "OSName/Windows",
          "OSVersion/Microsoft.Windows.10.0.18363.",
          "Microsoft.Azure.Management.ApiManagement.ApiManagementClient/6.0.0.0"
        ],
        "Content-Type": [
          "application/json; charset=utf-8"
        ],
        "Content-Length": [
          "1594"
        ]
      },
      "ResponseHeaders": {
        "Cache-Control": [
          "no-cache"
        ],
        "Pragma": [
          "no-cache"
        ],
        "Strict-Transport-Security": [
          "max-age=31536000; includeSubDomains"
        ],
        "x-ms-request-id": [
          "e84e0a73-878e-44b7-abf8-4a1713a919f2"
        ],
        "Server": [
          "Microsoft-HTTPAPI/2.0"
        ],
        "x-ms-ratelimit-remaining-subscription-writes": [
          "1198"
        ],
        "x-ms-correlation-request-id": [
          "9bf4f2ba-25df-4fed-afbb-34ab783d89f7"
        ],
        "x-ms-routing-request-id": [
          "WESTUS:20200629T233438Z:9bf4f2ba-25df-4fed-afbb-34ab783d89f7"
        ],
        "X-Content-Type-Options": [
          "nosniff"
        ],
        "Date": [
          "Mon, 29 Jun 2020 23:34:37 GMT"
        ],
        "Expires": [
          "-1"
        ]
      },
      "ResponseBody": "",
      "StatusCode": 204
    },
    {
      "RequestUri": "/subscriptions/a200340d-6b82-494d-9dbf-687ba6e33f9e/resourceGroups/powershelltest/providers/Microsoft.ApiManagement/service/powershellsdkservice/apis/echo-api/operations/ps7582?api-version=2019-12-01",
      "EncodedRequestUri": "L3N1YnNjcmlwdGlvbnMvYTIwMDM0MGQtNmI4Mi00OTRkLTlkYmYtNjg3YmE2ZTMzZjllL3Jlc291cmNlR3JvdXBzL3Bvd2Vyc2hlbGx0ZXN0L3Byb3ZpZGVycy9NaWNyb3NvZnQuQXBpTWFuYWdlbWVudC9zZXJ2aWNlL3Bvd2Vyc2hlbGxzZGtzZXJ2aWNlL2FwaXMvZWNoby1hcGkvb3BlcmF0aW9ucy9wczc1ODI/YXBpLXZlcnNpb249MjAxOS0xMi0wMQ==",
      "RequestMethod": "GET",
      "RequestBody": "",
      "RequestHeaders": {
        "x-ms-client-request-id": [
          "899b2e76-ca68-45ab-8d69-0f70b715f0ff"
        ],
        "Accept-Language": [
          "en-US"
        ],
        "User-Agent": [
          "FxVersion/4.6.27817.03",
          "OSName/Windows",
          "OSVersion/Microsoft.Windows.10.0.18363.",
          "Microsoft.Azure.Management.ApiManagement.ApiManagementClient/6.0.0.0"
        ]
      },
      "ResponseHeaders": {
        "Cache-Control": [
          "no-cache"
        ],
        "Pragma": [
          "no-cache"
        ],
        "ETag": [
          "\"AAAAAAAAL2w=\""
        ],
        "Strict-Transport-Security": [
          "max-age=31536000; includeSubDomains"
        ],
        "x-ms-request-id": [
          "91f5ea8c-eb5b-4a2d-b408-8dcbbb661348"
        ],
        "Server": [
          "Microsoft-HTTPAPI/2.0"
        ],
        "x-ms-ratelimit-remaining-subscription-reads": [
          "11991"
        ],
        "x-ms-correlation-request-id": [
          "7f7b5204-346e-4d0b-99ab-b3baaac0f259"
        ],
        "x-ms-routing-request-id": [
          "WESTUS:20200629T233438Z:7f7b5204-346e-4d0b-99ab-b3baaac0f259"
        ],
        "X-Content-Type-Options": [
          "nosniff"
        ],
        "Date": [
          "Mon, 29 Jun 2020 23:34:37 GMT"
        ],
        "Content-Length": [
          "1887"
        ],
        "Content-Type": [
          "application/json; charset=utf-8"
        ],
        "Expires": [
          "-1"
        ]
      },
      "ResponseBody": "{\r\n  \"id\": \"/subscriptions/a200340d-6b82-494d-9dbf-687ba6e33f9e/resourceGroups/powershelltest/providers/Microsoft.ApiManagement/service/powershellsdkservice/apis/echo-api/operations/ps7582\",\r\n  \"type\": \"Microsoft.ApiManagement/service/apis/operations\",\r\n  \"name\": \"ps7582\",\r\n  \"properties\": {\r\n    \"displayName\": \"ps4853\",\r\n    \"method\": \"PUT\",\r\n    \"urlTemplate\": \"/resource/{xrid}?q={xquery}\",\r\n    \"templateParameters\": [\r\n      {\r\n        \"name\": \"xrid\",\r\n        \"description\": \"Resource identifier modified\",\r\n        \"type\": \"string\",\r\n        \"required\": true,\r\n        \"values\": []\r\n      },\r\n      {\r\n        \"name\": \"xquery\",\r\n        \"description\": \"Query string modified\",\r\n        \"type\": \"string\",\r\n        \"required\": true,\r\n        \"values\": []\r\n      }\r\n    ],\r\n    \"description\": \"ps3759\",\r\n    \"request\": {\r\n      \"description\": \"Create/update resource request modified\",\r\n      \"queryParameters\": [\r\n        {\r\n          \"name\": \"ps9680\",\r\n          \"description\": \"ps2614\",\r\n          \"type\": \"string\",\r\n          \"defaultValue\": \"ps1904\",\r\n          \"required\": true,\r\n          \"values\": [\r\n            \"ps1904\"\r\n          ]\r\n        }\r\n      ],\r\n      \"headers\": [\r\n        {\r\n          \"name\": \"ps5533\",\r\n          \"description\": \"ps1650\",\r\n          \"type\": \"string\",\r\n          \"defaultValue\": \"ps4074\",\r\n          \"required\": true,\r\n          \"values\": [\r\n            \"ps4074\"\r\n          ]\r\n        }\r\n      ],\r\n      \"representations\": [\r\n        {\r\n          \"contentType\": \"application/json\",\r\n          \"sample\": \"ps4043\"\r\n        }\r\n      ]\r\n    },\r\n    \"responses\": [\r\n      {\r\n        \"statusCode\": 1980785443,\r\n        \"description\": \"ps280\",\r\n        \"representations\": [\r\n          {\r\n            \"contentType\": \"ps7811\",\r\n            \"sample\": \"ps3593\"\r\n          }\r\n        ],\r\n        \"headers\": []\r\n      }\r\n    ],\r\n    \"policies\": null\r\n  }\r\n}",
      "StatusCode": 200
    },
    {
      "RequestUri": "/subscriptions/a200340d-6b82-494d-9dbf-687ba6e33f9e/resourceGroups/powershelltest/providers/Microsoft.ApiManagement/service/powershellsdkservice/apis/echo-api/operations/ps7582?api-version=2019-12-01",
      "EncodedRequestUri": "L3N1YnNjcmlwdGlvbnMvYTIwMDM0MGQtNmI4Mi00OTRkLTlkYmYtNjg3YmE2ZTMzZjllL3Jlc291cmNlR3JvdXBzL3Bvd2Vyc2hlbGx0ZXN0L3Byb3ZpZGVycy9NaWNyb3NvZnQuQXBpTWFuYWdlbWVudC9zZXJ2aWNlL3Bvd2Vyc2hlbGxzZGtzZXJ2aWNlL2FwaXMvZWNoby1hcGkvb3BlcmF0aW9ucy9wczc1ODI/YXBpLXZlcnNpb249MjAxOS0xMi0wMQ==",
      "RequestMethod": "GET",
      "RequestBody": "",
      "RequestHeaders": {
        "x-ms-client-request-id": [
          "df78dea8-9763-4fd8-9edc-3ab7c04dec42"
        ],
        "Accept-Language": [
          "en-US"
        ],
        "User-Agent": [
          "FxVersion/4.6.27817.03",
          "OSName/Windows",
          "OSVersion/Microsoft.Windows.10.0.18363.",
          "Microsoft.Azure.Management.ApiManagement.ApiManagementClient/6.0.0.0"
        ]
      },
      "ResponseHeaders": {
        "Cache-Control": [
          "no-cache"
        ],
        "Pragma": [
          "no-cache"
        ],
        "Strict-Transport-Security": [
          "max-age=31536000; includeSubDomains"
        ],
        "x-ms-request-id": [
          "3a1ba4e0-4cde-4ac8-a3c2-5d79d459912f"
        ],
        "Server": [
          "Microsoft-HTTPAPI/2.0"
        ],
        "x-ms-ratelimit-remaining-subscription-reads": [
          "11990"
        ],
        "x-ms-correlation-request-id": [
          "37cf5eb6-8ea6-4cee-9386-23e9875ba0c3"
        ],
        "x-ms-routing-request-id": [
          "WESTUS:20200629T233438Z:37cf5eb6-8ea6-4cee-9386-23e9875ba0c3"
        ],
        "X-Content-Type-Options": [
          "nosniff"
        ],
        "Date": [
          "Mon, 29 Jun 2020 23:34:38 GMT"
        ],
        "Content-Length": [
          "85"
        ],
        "Content-Type": [
          "application/json; charset=utf-8"
        ],
        "Expires": [
          "-1"
        ]
      },
      "ResponseBody": "{\r\n  \"error\": {\r\n    \"code\": \"ResourceNotFound\",\r\n    \"message\": \"Operation not found.\",\r\n    \"details\": null\r\n  }\r\n}",
      "StatusCode": 404
    },
    {
      "RequestUri": "/subscriptions/a200340d-6b82-494d-9dbf-687ba6e33f9e/resourceGroups/powershelltest/providers/Microsoft.ApiManagement/service/powershellsdkservice/apis/echo-api/operations/ps7582?api-version=2019-12-01",
      "EncodedRequestUri": "L3N1YnNjcmlwdGlvbnMvYTIwMDM0MGQtNmI4Mi00OTRkLTlkYmYtNjg3YmE2ZTMzZjllL3Jlc291cmNlR3JvdXBzL3Bvd2Vyc2hlbGx0ZXN0L3Byb3ZpZGVycy9NaWNyb3NvZnQuQXBpTWFuYWdlbWVudC9zZXJ2aWNlL3Bvd2Vyc2hlbGxzZGtzZXJ2aWNlL2FwaXMvZWNoby1hcGkvb3BlcmF0aW9ucy9wczc1ODI/YXBpLXZlcnNpb249MjAxOS0xMi0wMQ==",
      "RequestMethod": "DELETE",
      "RequestBody": "",
      "RequestHeaders": {
        "x-ms-client-request-id": [
          "34de82c2-82ea-420a-86a9-caf640a51b88"
        ],
        "If-Match": [
          "*"
        ],
        "Accept-Language": [
          "en-US"
        ],
        "User-Agent": [
          "FxVersion/4.6.27817.03",
          "OSName/Windows",
          "OSVersion/Microsoft.Windows.10.0.18363.",
          "Microsoft.Azure.Management.ApiManagement.ApiManagementClient/6.0.0.0"
        ]
      },
      "ResponseHeaders": {
        "Cache-Control": [
          "no-cache"
        ],
        "Pragma": [
          "no-cache"
        ],
        "Strict-Transport-Security": [
          "max-age=31536000; includeSubDomains"
        ],
        "x-ms-request-id": [
          "6819fbdb-0522-4ddf-89d3-deae3c42a39c"
        ],
        "Server": [
          "Microsoft-HTTPAPI/2.0"
        ],
        "x-ms-ratelimit-remaining-subscription-deletes": [
          "14999"
        ],
        "x-ms-correlation-request-id": [
          "3ad14103-1011-4dd1-8929-03b8cf2dcaaf"
        ],
        "x-ms-routing-request-id": [
          "WESTUS:20200629T233438Z:3ad14103-1011-4dd1-8929-03b8cf2dcaaf"
        ],
        "X-Content-Type-Options": [
          "nosniff"
        ],
        "Date": [
          "Mon, 29 Jun 2020 23:34:38 GMT"
        ],
        "Expires": [
          "-1"
        ],
        "Content-Length": [
          "0"
        ]
      },
      "ResponseBody": "",
      "StatusCode": 200
    }
  ],
  "Names": {
    "": [
      "ps7582",
      "ps6040",
      "ps5242",
      "ps5917",
      "ps8433",
      "ps8528",
      "ps3394",
      "ps3180",
      "ps1960",
      "ps2133",
      "ps4450",
      "ps5867",
      "ps6229",
      "ps7392",
      "ps4853",
      "ps3759",
      "ps2059",
      "ps5533",
      "ps1650",
      "ps4074",
      "ps9680",
      "ps2614",
      "ps1904",
      "ps4043",
      "ps280",
      "ps7811",
      "ps3593"
    ]
  },
  "Variables": {
    "SubscriptionId": "a200340d-6b82-494d-9dbf-687ba6e33f9e"
  }
}