{
  "Entries": [
    {
      "RequestUri": "/subscriptions/a200340d-6b82-494d-9dbf-687ba6e33f9e/resourceGroups/powershelltest/providers/Microsoft.ApiManagement/service/powershellsdkservice/apis?$filter=properties/displayName%20eq%20'Echo%20API'&api-version=2019-12-01",
      "EncodedRequestUri": "L3N1YnNjcmlwdGlvbnMvYTIwMDM0MGQtNmI4Mi00OTRkLTlkYmYtNjg3YmE2ZTMzZjllL3Jlc291cmNlR3JvdXBzL3Bvd2Vyc2hlbGx0ZXN0L3Byb3ZpZGVycy9NaWNyb3NvZnQuQXBpTWFuYWdlbWVudC9zZXJ2aWNlL3Bvd2Vyc2hlbGxzZGtzZXJ2aWNlL2FwaXM/JGZpbHRlcj1wcm9wZXJ0aWVzL2Rpc3BsYXlOYW1lJTIwZXElMjAnRWNobyUyMEFQSScmYXBpLXZlcnNpb249MjAxOS0xMi0wMQ==",
      "RequestMethod": "GET",
      "RequestBody": "",
      "RequestHeaders": {
        "x-ms-client-request-id": [
          "86e5979a-2899-4129-8e79-98b5f1c95941"
        ],
        "Accept-Language": [
          "en-US"
        ],
        "User-Agent": [
          "FxVersion/4.6.27817.03",
          "OSName/Windows",
          "OSVersion/Microsoft.Windows.10.0.18363.",
          "Microsoft.Azure.Management.ApiManagement.ApiManagementClient/5.0.0.0"
        ]
      },
      "ResponseHeaders": {
        "Cache-Control": [
          "no-cache"
        ],
        "Pragma": [
          "no-cache"
        ],
        "Strict-Transport-Security": [
          "max-age=31536000; includeSubDomains"
        ],
        "x-ms-request-id": [
          "b27d53dc-6a87-45a2-acd4-0fc24a07144a"
        ],
        "Server": [
          "Microsoft-HTTPAPI/2.0"
        ],
        "x-ms-ratelimit-remaining-subscription-reads": [
          "11999"
        ],
        "x-ms-correlation-request-id": [
          "c7c69539-28aa-400d-a28c-102a94631e12"
        ],
        "x-ms-routing-request-id": [
          "WESTUS:20200420T165346Z:c7c69539-28aa-400d-a28c-102a94631e12"
        ],
        "X-Content-Type-Options": [
          "nosniff"
        ],
        "Date": [
          "Mon, 20 Apr 2020 16:53:45 GMT"
        ],
        "Content-Length": [
          "729"
        ],
        "Content-Type": [
          "application/json; charset=utf-8"
        ],
        "Expires": [
          "-1"
        ]
      },
      "ResponseBody": "{\r\n  \"value\": [\r\n    {\r\n      \"id\": \"/subscriptions/a200340d-6b82-494d-9dbf-687ba6e33f9e/resourceGroups/powershelltest/providers/Microsoft.ApiManagement/service/powershellsdkservice/apis/echo-api\",\r\n      \"type\": \"Microsoft.ApiManagement/service/apis\",\r\n      \"name\": \"echo-api\",\r\n      \"properties\": {\r\n        \"displayName\": \"Echo API\",\r\n        \"apiRevision\": \"1\",\r\n        \"description\": null,\r\n        \"subscriptionRequired\": true,\r\n        \"serviceUrl\": \"http://echoapi.cloudapp.net/api\",\r\n        \"path\": \"echo\",\r\n        \"protocols\": [\r\n          \"https\"\r\n        ],\r\n        \"authenticationSettings\": null,\r\n        \"subscriptionKeyParameterNames\": null,\r\n        \"isCurrent\": true\r\n      }\r\n    }\r\n  ],\r\n  \"count\": 1\r\n}",
      "StatusCode": 200
    },
    {
      "RequestUri": "/subscriptions/a200340d-6b82-494d-9dbf-687ba6e33f9e/resourceGroups/powershelltest/providers/Microsoft.ApiManagement/service/powershellsdkservice/apis/echo-api/operations?api-version=2019-12-01",
      "EncodedRequestUri": "L3N1YnNjcmlwdGlvbnMvYTIwMDM0MGQtNmI4Mi00OTRkLTlkYmYtNjg3YmE2ZTMzZjllL3Jlc291cmNlR3JvdXBzL3Bvd2Vyc2hlbGx0ZXN0L3Byb3ZpZGVycy9NaWNyb3NvZnQuQXBpTWFuYWdlbWVudC9zZXJ2aWNlL3Bvd2Vyc2hlbGxzZGtzZXJ2aWNlL2FwaXMvZWNoby1hcGkvb3BlcmF0aW9ucz9hcGktdmVyc2lvbj0yMDE5LTEyLTAx",
      "RequestMethod": "GET",
      "RequestBody": "",
      "RequestHeaders": {
        "x-ms-client-request-id": [
          "9d7719ed-347d-4d88-9b22-383c86c71691"
        ],
        "Accept-Language": [
          "en-US"
        ],
        "User-Agent": [
          "FxVersion/4.6.27817.03",
          "OSName/Windows",
          "OSVersion/Microsoft.Windows.10.0.18363.",
          "Microsoft.Azure.Management.ApiManagement.ApiManagementClient/5.0.0.0"
        ]
      },
      "ResponseHeaders": {
        "Cache-Control": [
          "no-cache"
        ],
        "Pragma": [
          "no-cache"
        ],
        "Strict-Transport-Security": [
          "max-age=31536000; includeSubDomains"
        ],
        "x-ms-request-id": [
          "7c5c64f6-859e-43c8-a89c-0303c3189862"
        ],
        "Server": [
          "Microsoft-HTTPAPI/2.0"
        ],
        "x-ms-ratelimit-remaining-subscription-reads": [
          "11998"
        ],
        "x-ms-correlation-request-id": [
          "7404bceb-a8ab-4ae3-b186-36591a6248dd"
        ],
        "x-ms-routing-request-id": [
          "WESTUS:20200420T165346Z:7404bceb-a8ab-4ae3-b186-36591a6248dd"
        ],
        "X-Content-Type-Options": [
          "nosniff"
        ],
        "Date": [
          "Mon, 20 Apr 2020 16:53:46 GMT"
        ],
        "Content-Length": [
          "7423"
        ],
        "Content-Type": [
          "application/json; charset=utf-8"
        ],
        "Expires": [
          "-1"
        ]
      },
      "ResponseBody": "{\r\n  \"value\": [\r\n    {\r\n      \"id\": \"/subscriptions/a200340d-6b82-494d-9dbf-687ba6e33f9e/resourceGroups/powershelltest/providers/Microsoft.ApiManagement/service/powershellsdkservice/apis/echo-api/operations/create-resource\",\r\n      \"type\": \"Microsoft.ApiManagement/service/apis/operations\",\r\n      \"name\": \"create-resource\",\r\n      \"properties\": {\r\n        \"displayName\": \"Create resource\",\r\n        \"method\": \"POST\",\r\n        \"urlTemplate\": \"/resource\",\r\n        \"templateParameters\": [],\r\n        \"description\": \"A demonstration of a POST call based on the echo backend above. The request body is expected to contain JSON-formatted data (see example below). A policy is used to automatically transform any request sent in JSON directly to XML. In a real-world scenario this could be used to enable modern clients to speak to a legacy backend.\",\r\n        \"request\": {\r\n          \"queryParameters\": [],\r\n          \"headers\": [],\r\n          \"representations\": [\r\n            {\r\n              \"contentType\": \"application/json\",\r\n              \"sample\": \"{\\r\\n\\t\\\"vehicleType\\\": \\\"train\\\",\\r\\n\\t\\\"maxSpeed\\\": 125,\\r\\n\\t\\\"avgSpeed\\\": 90,\\r\\n\\t\\\"speedUnit\\\": \\\"mph\\\"\\r\\n}\"\r\n            }\r\n          ]\r\n        },\r\n        \"responses\": [\r\n          {\r\n            \"statusCode\": 200,\r\n            \"representations\": [],\r\n            \"headers\": []\r\n          }\r\n        ],\r\n        \"policies\": null\r\n      }\r\n    },\r\n    {\r\n      \"id\": \"/subscriptions/a200340d-6b82-494d-9dbf-687ba6e33f9e/resourceGroups/powershelltest/providers/Microsoft.ApiManagement/service/powershellsdkservice/apis/echo-api/operations/modify-resource\",\r\n      \"type\": \"Microsoft.ApiManagement/service/apis/operations\",\r\n      \"name\": \"modify-resource\",\r\n      \"properties\": {\r\n        \"displayName\": \"Modify Resource\",\r\n        \"method\": \"PUT\",\r\n        \"urlTemplate\": \"/resource\",\r\n        \"templateParameters\": [],\r\n        \"description\": \"A demonstration of a PUT call handled by the same \\\"echo\\\" backend as above. You can now specify a request body in addition to headers and it will be returned as well.\",\r\n        \"responses\": [\r\n          {\r\n            \"statusCode\": 200,\r\n            \"representations\": [],\r\n            \"headers\": []\r\n          }\r\n        ],\r\n        \"policies\": null\r\n      }\r\n    },\r\n    {\r\n      \"id\": \"/subscriptions/a200340d-6b82-494d-9dbf-687ba6e33f9e/resourceGroups/powershelltest/providers/Microsoft.ApiManagement/service/powershellsdkservice/apis/echo-api/operations/remove-resource\",\r\n      \"type\": \"Microsoft.ApiManagement/service/apis/operations\",\r\n      \"name\": \"remove-resource\",\r\n      \"properties\": {\r\n        \"displayName\": \"Remove resource\",\r\n        \"method\": \"DELETE\",\r\n        \"urlTemplate\": \"/resource\",\r\n        \"templateParameters\": [],\r\n        \"description\": \"A demonstration of a DELETE call which traditionally deletes the resource. It is based on the same \\\"echo\\\" backend as in all other operations so nothing is actually deleted.\",\r\n        \"responses\": [\r\n          {\r\n            \"statusCode\": 200,\r\n            \"representations\": [],\r\n            \"headers\": []\r\n          }\r\n        ],\r\n        \"policies\": null\r\n      }\r\n    },\r\n    {\r\n      \"id\": \"/subscriptions/a200340d-6b82-494d-9dbf-687ba6e33f9e/resourceGroups/powershelltest/providers/Microsoft.ApiManagement/service/powershellsdkservice/apis/echo-api/operations/retrieve-header-only\",\r\n      \"type\": \"Microsoft.ApiManagement/service/apis/operations\",\r\n      \"name\": \"retrieve-header-only\",\r\n      \"properties\": {\r\n        \"displayName\": \"Retrieve header only\",\r\n        \"method\": \"HEAD\",\r\n        \"urlTemplate\": \"/resource\",\r\n        \"templateParameters\": [],\r\n        \"description\": \"The HEAD operation returns only headers. In this demonstration a policy is used to set additional headers when the response is returned and to enable JSONP.\",\r\n        \"responses\": [\r\n          {\r\n            \"statusCode\": 200,\r\n            \"representations\": [],\r\n            \"headers\": []\r\n          }\r\n        ],\r\n        \"policies\": null\r\n      }\r\n    },\r\n    {\r\n      \"id\": \"/subscriptions/a200340d-6b82-494d-9dbf-687ba6e33f9e/resourceGroups/powershelltest/providers/Microsoft.ApiManagement/service/powershellsdkservice/apis/echo-api/operations/retrieve-resource\",\r\n      \"type\": \"Microsoft.ApiManagement/service/apis/operations\",\r\n      \"name\": \"retrieve-resource\",\r\n      \"properties\": {\r\n        \"displayName\": \"Retrieve resource\",\r\n        \"method\": \"GET\",\r\n        \"urlTemplate\": \"/resource\",\r\n        \"templateParameters\": [],\r\n        \"description\": \"A demonstration of a GET call on a sample resource. It is handled by an \\\"echo\\\" backend which returns a response equal to the request (the supplied headers and body are being returned as received).\",\r\n        \"request\": {\r\n          \"queryParameters\": [\r\n            {\r\n              \"name\": \"param1\",\r\n              \"description\": \"A sample parameter that is required and has a default value of \\\"sample\\\".\",\r\n              \"type\": \"string\",\r\n              \"defaultValue\": \"sample\",\r\n              \"required\": true,\r\n              \"values\": [\r\n                \"sample\"\r\n              ]\r\n            },\r\n            {\r\n              \"name\": \"param2\",\r\n              \"description\": \"Another sample parameter, set to not required.\",\r\n              \"type\": \"number\",\r\n              \"values\": []\r\n            }\r\n          ],\r\n          \"headers\": [],\r\n          \"representations\": []\r\n        },\r\n        \"responses\": [\r\n          {\r\n            \"statusCode\": 200,\r\n            \"description\": \"Returned in all cases.\",\r\n            \"representations\": [],\r\n            \"headers\": []\r\n          }\r\n        ],\r\n        \"policies\": null\r\n      }\r\n    },\r\n    {\r\n      \"id\": \"/subscriptions/a200340d-6b82-494d-9dbf-687ba6e33f9e/resourceGroups/powershelltest/providers/Microsoft.ApiManagement/service/powershellsdkservice/apis/echo-api/operations/retrieve-resource-cached\",\r\n      \"type\": \"Microsoft.ApiManagement/service/apis/operations\",\r\n      \"name\": \"retrieve-resource-cached\",\r\n      \"properties\": {\r\n        \"displayName\": \"Retrieve resource (cached)\",\r\n        \"method\": \"GET\",\r\n        \"urlTemplate\": \"/resource-cached\",\r\n        \"templateParameters\": [],\r\n        \"description\": \"A demonstration of a GET call with caching enabled on the same \\\"echo\\\" backend as above. Cache TTL is set to 1 hour. When you make the first request the headers you supplied will be cached. Subsequent calls will return the same headers as the first time even if you change them in your request.\",\r\n        \"request\": {\r\n          \"queryParameters\": [\r\n            {\r\n              \"name\": \"param1\",\r\n              \"description\": \"A sample parameter that is required and has a default value of \\\"sample\\\".\",\r\n              \"type\": \"string\",\r\n              \"defaultValue\": \"sample\",\r\n              \"required\": true,\r\n              \"values\": [\r\n                \"sample\"\r\n              ]\r\n            },\r\n            {\r\n              \"name\": \"param2\",\r\n              \"description\": \"Another sample parameter, set to not required.\",\r\n              \"type\": \"string\",\r\n              \"values\": []\r\n            }\r\n          ],\r\n          \"headers\": [],\r\n          \"representations\": []\r\n        },\r\n        \"responses\": [\r\n          {\r\n            \"statusCode\": 200,\r\n            \"representations\": [],\r\n            \"headers\": []\r\n          }\r\n        ],\r\n        \"policies\": null\r\n      }\r\n    }\r\n  ],\r\n  \"count\": 6\r\n}",
      "StatusCode": 200
    },
    {
      "RequestUri": "/subscriptions/a200340d-6b82-494d-9dbf-687ba6e33f9e/resourceGroups/powershelltest/providers/Microsoft.ApiManagement/service/powershellsdkservice/apis/echo-api/operations/create-resource?api-version=2019-12-01",
      "EncodedRequestUri": "L3N1YnNjcmlwdGlvbnMvYTIwMDM0MGQtNmI4Mi00OTRkLTlkYmYtNjg3YmE2ZTMzZjllL3Jlc291cmNlR3JvdXBzL3Bvd2Vyc2hlbGx0ZXN0L3Byb3ZpZGVycy9NaWNyb3NvZnQuQXBpTWFuYWdlbWVudC9zZXJ2aWNlL3Bvd2Vyc2hlbGxzZGtzZXJ2aWNlL2FwaXMvZWNoby1hcGkvb3BlcmF0aW9ucy9jcmVhdGUtcmVzb3VyY2U/YXBpLXZlcnNpb249MjAxOS0xMi0wMQ==",
      "RequestMethod": "GET",
      "RequestBody": "",
      "RequestHeaders": {
        "x-ms-client-request-id": [
          "a272c591-50a8-401e-beb7-402e3c62bd63"
        ],
        "Accept-Language": [
          "en-US"
        ],
        "User-Agent": [
          "FxVersion/4.6.27817.03",
          "OSName/Windows",
          "OSVersion/Microsoft.Windows.10.0.18363.",
          "Microsoft.Azure.Management.ApiManagement.ApiManagementClient/5.0.0.0"
        ]
      },
      "ResponseHeaders": {
        "Cache-Control": [
          "no-cache"
        ],
        "Pragma": [
          "no-cache"
        ],
        "ETag": [
          "\"AAAAAAAAOBQ=\""
        ],
        "Strict-Transport-Security": [
          "max-age=31536000; includeSubDomains"
        ],
        "x-ms-request-id": [
          "531a6cbd-a3bc-43f8-8024-dd371db66a8a"
        ],
        "Server": [
          "Microsoft-HTTPAPI/2.0"
        ],
        "x-ms-ratelimit-remaining-subscription-reads": [
          "11997"
        ],
        "x-ms-correlation-request-id": [
          "f4f28ea8-10fb-4c4c-a8aa-ec4081656995"
        ],
        "x-ms-routing-request-id": [
          "WESTUS:20200420T165347Z:f4f28ea8-10fb-4c4c-a8aa-ec4081656995"
        ],
        "X-Content-Type-Options": [
          "nosniff"
        ],
        "Date": [
          "Mon, 20 Apr 2020 16:53:46 GMT"
        ],
        "Content-Length": [
          "1269"
        ],
        "Content-Type": [
          "application/json; charset=utf-8"
        ],
        "Expires": [
          "-1"
        ]
      },
      "ResponseBody": "{\r\n  \"id\": \"/subscriptions/a200340d-6b82-494d-9dbf-687ba6e33f9e/resourceGroups/powershelltest/providers/Microsoft.ApiManagement/service/powershellsdkservice/apis/echo-api/operations/create-resource\",\r\n  \"type\": \"Microsoft.ApiManagement/service/apis/operations\",\r\n  \"name\": \"create-resource\",\r\n  \"properties\": {\r\n    \"displayName\": \"Create resource\",\r\n    \"method\": \"POST\",\r\n    \"urlTemplate\": \"/resource\",\r\n    \"templateParameters\": [],\r\n    \"description\": \"A demonstration of a POST call based on the echo backend above. The request body is expected to contain JSON-formatted data (see example below). A policy is used to automatically transform any request sent in JSON directly to XML. In a real-world scenario this could be used to enable modern clients to speak to a legacy backend.\",\r\n    \"request\": {\r\n      \"queryParameters\": [],\r\n      \"headers\": [],\r\n      \"representations\": [\r\n        {\r\n          \"contentType\": \"application/json\",\r\n          \"sample\": \"{\\r\\n\\t\\\"vehicleType\\\": \\\"train\\\",\\r\\n\\t\\\"maxSpeed\\\": 125,\\r\\n\\t\\\"avgSpeed\\\": 90,\\r\\n\\t\\\"speedUnit\\\": \\\"mph\\\"\\r\\n}\"\r\n        }\r\n      ]\r\n    },\r\n    \"responses\": [\r\n      {\r\n        \"statusCode\": 200,\r\n        \"representations\": [],\r\n        \"headers\": []\r\n      }\r\n    ],\r\n    \"policies\": null\r\n  }\r\n}",
      "StatusCode": 200
    },
    {
      "RequestUri": "/subscriptions/a200340d-6b82-494d-9dbf-687ba6e33f9e/resourceGroups/powershelltest/providers/Microsoft.ApiManagement/service/powershellsdkservice/apis/echo-api/operations/modify-resource?api-version=2019-12-01",
      "EncodedRequestUri": "L3N1YnNjcmlwdGlvbnMvYTIwMDM0MGQtNmI4Mi00OTRkLTlkYmYtNjg3YmE2ZTMzZjllL3Jlc291cmNlR3JvdXBzL3Bvd2Vyc2hlbGx0ZXN0L3Byb3ZpZGVycy9NaWNyb3NvZnQuQXBpTWFuYWdlbWVudC9zZXJ2aWNlL3Bvd2Vyc2hlbGxzZGtzZXJ2aWNlL2FwaXMvZWNoby1hcGkvb3BlcmF0aW9ucy9tb2RpZnktcmVzb3VyY2U/YXBpLXZlcnNpb249MjAxOS0xMi0wMQ==",
      "RequestMethod": "GET",
      "RequestBody": "",
      "RequestHeaders": {
        "x-ms-client-request-id": [
          "08b636a3-53d8-4db9-b282-c9229de9ab10"
        ],
        "Accept-Language": [
          "en-US"
        ],
        "User-Agent": [
          "FxVersion/4.6.27817.03",
          "OSName/Windows",
          "OSVersion/Microsoft.Windows.10.0.18363.",
          "Microsoft.Azure.Management.ApiManagement.ApiManagementClient/5.0.0.0"
        ]
      },
      "ResponseHeaders": {
        "Cache-Control": [
          "no-cache"
        ],
        "Pragma": [
          "no-cache"
        ],
        "ETag": [
          "\"AAAAAAAACec=\""
        ],
        "Strict-Transport-Security": [
          "max-age=31536000; includeSubDomains"
        ],
        "x-ms-request-id": [
          "507d0aca-c82c-4832-905f-0676ae79b941"
        ],
        "Server": [
          "Microsoft-HTTPAPI/2.0"
        ],
        "x-ms-ratelimit-remaining-subscription-reads": [
          "11996"
        ],
        "x-ms-correlation-request-id": [
          "5119d408-a963-492b-9305-64590ade0e09"
        ],
        "x-ms-routing-request-id": [
          "WESTUS:20200420T165347Z:5119d408-a963-492b-9305-64590ade0e09"
        ],
        "X-Content-Type-Options": [
          "nosniff"
        ],
        "Date": [
          "Mon, 20 Apr 2020 16:53:46 GMT"
        ],
        "Content-Length": [
          "892"
        ],
        "Content-Type": [
          "application/json; charset=utf-8"
        ],
        "Expires": [
          "-1"
        ]
      },
      "ResponseBody": "{\r\n  \"id\": \"/subscriptions/a200340d-6b82-494d-9dbf-687ba6e33f9e/resourceGroups/powershelltest/providers/Microsoft.ApiManagement/service/powershellsdkservice/apis/echo-api/operations/modify-resource\",\r\n  \"type\": \"Microsoft.ApiManagement/service/apis/operations\",\r\n  \"name\": \"modify-resource\",\r\n  \"properties\": {\r\n    \"displayName\": \"Modify Resource\",\r\n    \"method\": \"PUT\",\r\n    \"urlTemplate\": \"/resource\",\r\n    \"templateParameters\": [],\r\n    \"description\": \"A demonstration of a PUT call handled by the same \\\"echo\\\" backend as above. You can now specify a request body in addition to headers and it will be returned as well.\",\r\n    \"request\": {\r\n      \"queryParameters\": [],\r\n      \"headers\": [],\r\n      \"representations\": []\r\n    },\r\n    \"responses\": [\r\n      {\r\n        \"statusCode\": 200,\r\n        \"representations\": [],\r\n        \"headers\": []\r\n      }\r\n    ],\r\n    \"policies\": null\r\n  }\r\n}",
      "StatusCode": 200
    },
    {
      "RequestUri": "/subscriptions/a200340d-6b82-494d-9dbf-687ba6e33f9e/resourceGroups/powershelltest/providers/Microsoft.ApiManagement/service/powershellsdkservice/apis/echo-api/operations/remove-resource?api-version=2019-12-01",
      "EncodedRequestUri": "L3N1YnNjcmlwdGlvbnMvYTIwMDM0MGQtNmI4Mi00OTRkLTlkYmYtNjg3YmE2ZTMzZjllL3Jlc291cmNlR3JvdXBzL3Bvd2Vyc2hlbGx0ZXN0L3Byb3ZpZGVycy9NaWNyb3NvZnQuQXBpTWFuYWdlbWVudC9zZXJ2aWNlL3Bvd2Vyc2hlbGxzZGtzZXJ2aWNlL2FwaXMvZWNoby1hcGkvb3BlcmF0aW9ucy9yZW1vdmUtcmVzb3VyY2U/YXBpLXZlcnNpb249MjAxOS0xMi0wMQ==",
      "RequestMethod": "GET",
      "RequestBody": "",
      "RequestHeaders": {
        "x-ms-client-request-id": [
          "78f1d33c-7ac0-4056-8c7b-0d8ae2d1e555"
        ],
        "Accept-Language": [
          "en-US"
        ],
        "User-Agent": [
          "FxVersion/4.6.27817.03",
          "OSName/Windows",
          "OSVersion/Microsoft.Windows.10.0.18363.",
          "Microsoft.Azure.Management.ApiManagement.ApiManagementClient/5.0.0.0"
        ]
      },
      "ResponseHeaders": {
        "Cache-Control": [
          "no-cache"
        ],
        "Pragma": [
          "no-cache"
        ],
        "ETag": [
          "\"AAAAAAAACek=\""
        ],
        "Strict-Transport-Security": [
          "max-age=31536000; includeSubDomains"
        ],
        "x-ms-request-id": [
          "9c55ea05-3121-4a19-8b3b-3ad32e48e9f4"
        ],
        "Server": [
          "Microsoft-HTTPAPI/2.0"
        ],
        "x-ms-ratelimit-remaining-subscription-reads": [
          "11995"
        ],
        "x-ms-correlation-request-id": [
          "6602a6be-4ed8-4434-a93d-9d25c76338c2"
        ],
        "x-ms-routing-request-id": [
          "WESTUS:20200420T165347Z:6602a6be-4ed8-4434-a93d-9d25c76338c2"
        ],
        "X-Content-Type-Options": [
          "nosniff"
        ],
        "Date": [
          "Mon, 20 Apr 2020 16:53:46 GMT"
        ],
        "Content-Length": [
          "902"
        ],
        "Content-Type": [
          "application/json; charset=utf-8"
        ],
        "Expires": [
          "-1"
        ]
      },
      "ResponseBody": "{\r\n  \"id\": \"/subscriptions/a200340d-6b82-494d-9dbf-687ba6e33f9e/resourceGroups/powershelltest/providers/Microsoft.ApiManagement/service/powershellsdkservice/apis/echo-api/operations/remove-resource\",\r\n  \"type\": \"Microsoft.ApiManagement/service/apis/operations\",\r\n  \"name\": \"remove-resource\",\r\n  \"properties\": {\r\n    \"displayName\": \"Remove resource\",\r\n    \"method\": \"DELETE\",\r\n    \"urlTemplate\": \"/resource\",\r\n    \"templateParameters\": [],\r\n    \"description\": \"A demonstration of a DELETE call which traditionally deletes the resource. It is based on the same \\\"echo\\\" backend as in all other operations so nothing is actually deleted.\",\r\n    \"request\": {\r\n      \"queryParameters\": [],\r\n      \"headers\": [],\r\n      \"representations\": []\r\n    },\r\n    \"responses\": [\r\n      {\r\n        \"statusCode\": 200,\r\n        \"representations\": [],\r\n        \"headers\": []\r\n      }\r\n    ],\r\n    \"policies\": null\r\n  }\r\n}",
      "StatusCode": 200
    },
    {
      "RequestUri": "/subscriptions/a200340d-6b82-494d-9dbf-687ba6e33f9e/resourceGroups/powershelltest/providers/Microsoft.ApiManagement/service/powershellsdkservice/apis/echo-api/operations/retrieve-header-only?api-version=2019-12-01",
      "EncodedRequestUri": "L3N1YnNjcmlwdGlvbnMvYTIwMDM0MGQtNmI4Mi00OTRkLTlkYmYtNjg3YmE2ZTMzZjllL3Jlc291cmNlR3JvdXBzL3Bvd2Vyc2hlbGx0ZXN0L3Byb3ZpZGVycy9NaWNyb3NvZnQuQXBpTWFuYWdlbWVudC9zZXJ2aWNlL3Bvd2Vyc2hlbGxzZGtzZXJ2aWNlL2FwaXMvZWNoby1hcGkvb3BlcmF0aW9ucy9yZXRyaWV2ZS1oZWFkZXItb25seT9hcGktdmVyc2lvbj0yMDE5LTEyLTAx",
      "RequestMethod": "GET",
      "RequestBody": "",
      "RequestHeaders": {
        "x-ms-client-request-id": [
          "7e175563-35e9-4e3e-a30d-e33840d7c57c"
        ],
        "Accept-Language": [
          "en-US"
        ],
        "User-Agent": [
          "FxVersion/4.6.27817.03",
          "OSName/Windows",
          "OSVersion/Microsoft.Windows.10.0.18363.",
          "Microsoft.Azure.Management.ApiManagement.ApiManagementClient/5.0.0.0"
        ]
      },
      "ResponseHeaders": {
        "Cache-Control": [
          "no-cache"
        ],
        "Pragma": [
          "no-cache"
        ],
        "ETag": [
          "\"AAAAAAAACeo=\""
        ],
        "Strict-Transport-Security": [
          "max-age=31536000; includeSubDomains"
        ],
        "x-ms-request-id": [
          "4665aba2-acf3-47ec-9e33-7700875355c5"
        ],
        "Server": [
          "Microsoft-HTTPAPI/2.0"
        ],
        "x-ms-ratelimit-remaining-subscription-reads": [
          "11994"
        ],
        "x-ms-correlation-request-id": [
          "54daac4f-f897-4fd5-b11e-e37726620762"
        ],
        "x-ms-routing-request-id": [
          "WESTUS:20200420T165347Z:54daac4f-f897-4fd5-b11e-e37726620762"
        ],
        "X-Content-Type-Options": [
          "nosniff"
        ],
        "Date": [
          "Mon, 20 Apr 2020 16:53:47 GMT"
        ],
        "Content-Length": [
          "897"
        ],
        "Content-Type": [
          "application/json; charset=utf-8"
        ],
        "Expires": [
          "-1"
        ]
      },
      "ResponseBody": "{\r\n  \"id\": \"/subscriptions/a200340d-6b82-494d-9dbf-687ba6e33f9e/resourceGroups/powershelltest/providers/Microsoft.ApiManagement/service/powershellsdkservice/apis/echo-api/operations/retrieve-header-only\",\r\n  \"type\": \"Microsoft.ApiManagement/service/apis/operations\",\r\n  \"name\": \"retrieve-header-only\",\r\n  \"properties\": {\r\n    \"displayName\": \"Retrieve header only\",\r\n    \"method\": \"HEAD\",\r\n    \"urlTemplate\": \"/resource\",\r\n    \"templateParameters\": [],\r\n    \"description\": \"The HEAD operation returns only headers. In this demonstration a policy is used to set additional headers when the response is returned and to enable JSONP.\",\r\n    \"request\": {\r\n      \"queryParameters\": [],\r\n      \"headers\": [],\r\n      \"representations\": []\r\n    },\r\n    \"responses\": [\r\n      {\r\n        \"statusCode\": 200,\r\n        \"representations\": [],\r\n        \"headers\": []\r\n      }\r\n    ],\r\n    \"policies\": null\r\n  }\r\n}",
      "StatusCode": 200
    },
    {
      "RequestUri": "/subscriptions/a200340d-6b82-494d-9dbf-687ba6e33f9e/resourceGroups/powershelltest/providers/Microsoft.ApiManagement/service/powershellsdkservice/apis/echo-api/operations/retrieve-resource?api-version=2019-12-01",
      "EncodedRequestUri": "L3N1YnNjcmlwdGlvbnMvYTIwMDM0MGQtNmI4Mi00OTRkLTlkYmYtNjg3YmE2ZTMzZjllL3Jlc291cmNlR3JvdXBzL3Bvd2Vyc2hlbGx0ZXN0L3Byb3ZpZGVycy9NaWNyb3NvZnQuQXBpTWFuYWdlbWVudC9zZXJ2aWNlL3Bvd2Vyc2hlbGxzZGtzZXJ2aWNlL2FwaXMvZWNoby1hcGkvb3BlcmF0aW9ucy9yZXRyaWV2ZS1yZXNvdXJjZT9hcGktdmVyc2lvbj0yMDE5LTEyLTAx",
      "RequestMethod": "GET",
      "RequestBody": "",
      "RequestHeaders": {
        "x-ms-client-request-id": [
          "1e9d0250-f3e4-4ec8-900d-196679ea13f1"
        ],
        "Accept-Language": [
          "en-US"
        ],
        "User-Agent": [
          "FxVersion/4.6.27817.03",
          "OSName/Windows",
          "OSVersion/Microsoft.Windows.10.0.18363.",
          "Microsoft.Azure.Management.ApiManagement.ApiManagementClient/5.0.0.0"
        ]
      },
      "ResponseHeaders": {
        "Cache-Control": [
          "no-cache"
        ],
        "Pragma": [
          "no-cache"
        ],
        "ETag": [
          "\"AAAAAAAACeU=\""
        ],
        "Strict-Transport-Security": [
          "max-age=31536000; includeSubDomains"
        ],
        "x-ms-request-id": [
          "9a15f814-3fda-47b1-962c-af9932b51b47"
        ],
        "Server": [
          "Microsoft-HTTPAPI/2.0"
        ],
        "x-ms-ratelimit-remaining-subscription-reads": [
          "11993"
        ],
        "x-ms-correlation-request-id": [
          "d2a6f5cc-fd47-4d46-82cd-44d935269a62"
        ],
        "x-ms-routing-request-id": [
          "WESTUS:20200420T165347Z:d2a6f5cc-fd47-4d46-82cd-44d935269a62"
        ],
        "X-Content-Type-Options": [
          "nosniff"
        ],
        "Date": [
          "Mon, 20 Apr 2020 16:53:47 GMT"
        ],
        "Content-Length": [
          "1476"
        ],
        "Content-Type": [
          "application/json; charset=utf-8"
        ],
        "Expires": [
          "-1"
        ]
      },
      "ResponseBody": "{\r\n  \"id\": \"/subscriptions/a200340d-6b82-494d-9dbf-687ba6e33f9e/resourceGroups/powershelltest/providers/Microsoft.ApiManagement/service/powershellsdkservice/apis/echo-api/operations/retrieve-resource\",\r\n  \"type\": \"Microsoft.ApiManagement/service/apis/operations\",\r\n  \"name\": \"retrieve-resource\",\r\n  \"properties\": {\r\n    \"displayName\": \"Retrieve resource\",\r\n    \"method\": \"GET\",\r\n    \"urlTemplate\": \"/resource\",\r\n    \"templateParameters\": [],\r\n    \"description\": \"A demonstration of a GET call on a sample resource. It is handled by an \\\"echo\\\" backend which returns a response equal to the request (the supplied headers and body are being returned as received).\",\r\n    \"request\": {\r\n      \"queryParameters\": [\r\n        {\r\n          \"name\": \"param1\",\r\n          \"description\": \"A sample parameter that is required and has a default value of \\\"sample\\\".\",\r\n          \"type\": \"string\",\r\n          \"defaultValue\": \"sample\",\r\n          \"required\": true,\r\n          \"values\": [\r\n            \"sample\"\r\n          ]\r\n        },\r\n        {\r\n          \"name\": \"param2\",\r\n          \"description\": \"Another sample parameter, set to not required.\",\r\n          \"type\": \"number\",\r\n          \"values\": []\r\n        }\r\n      ],\r\n      \"headers\": [],\r\n      \"representations\": []\r\n    },\r\n    \"responses\": [\r\n      {\r\n        \"statusCode\": 200,\r\n        \"description\": \"Returned in all cases.\",\r\n        \"representations\": [],\r\n        \"headers\": []\r\n      }\r\n    ],\r\n    \"policies\": null\r\n  }\r\n}",
      "StatusCode": 200
    },
    {
      "RequestUri": "/subscriptions/a200340d-6b82-494d-9dbf-687ba6e33f9e/resourceGroups/powershelltest/providers/Microsoft.ApiManagement/service/powershellsdkservice/apis/echo-api/operations/retrieve-resource-cached?api-version=2019-12-01",
      "EncodedRequestUri": "L3N1YnNjcmlwdGlvbnMvYTIwMDM0MGQtNmI4Mi00OTRkLTlkYmYtNjg3YmE2ZTMzZjllL3Jlc291cmNlR3JvdXBzL3Bvd2Vyc2hlbGx0ZXN0L3Byb3ZpZGVycy9NaWNyb3NvZnQuQXBpTWFuYWdlbWVudC9zZXJ2aWNlL3Bvd2Vyc2hlbGxzZGtzZXJ2aWNlL2FwaXMvZWNoby1hcGkvb3BlcmF0aW9ucy9yZXRyaWV2ZS1yZXNvdXJjZS1jYWNoZWQ/YXBpLXZlcnNpb249MjAxOS0xMi0wMQ==",
      "RequestMethod": "GET",
      "RequestBody": "",
      "RequestHeaders": {
        "x-ms-client-request-id": [
          "47128128-1c48-41fa-87da-30fe75626401"
        ],
        "Accept-Language": [
          "en-US"
        ],
        "User-Agent": [
          "FxVersion/4.6.27817.03",
          "OSName/Windows",
          "OSVersion/Microsoft.Windows.10.0.18363.",
          "Microsoft.Azure.Management.ApiManagement.ApiManagementClient/5.0.0.0"
        ]
      },
      "ResponseHeaders": {
        "Cache-Control": [
          "no-cache"
        ],
        "Pragma": [
          "no-cache"
        ],
        "ETag": [
          "\"AAAAAAAACeY=\""
        ],
        "Strict-Transport-Security": [
          "max-age=31536000; includeSubDomains"
        ],
        "x-ms-request-id": [
          "97c6f809-0470-4b4b-bad4-25ef922413ff"
        ],
        "Server": [
          "Microsoft-HTTPAPI/2.0"
        ],
        "x-ms-ratelimit-remaining-subscription-reads": [
          "11992"
        ],
        "x-ms-correlation-request-id": [
          "11b46aae-3dc2-42a4-a1f5-50e286a2acf9"
        ],
        "x-ms-routing-request-id": [
          "WESTUS:20200420T165348Z:11b46aae-3dc2-42a4-a1f5-50e286a2acf9"
        ],
        "X-Content-Type-Options": [
          "nosniff"
        ],
        "Date": [
          "Mon, 20 Apr 2020 16:53:47 GMT"
        ],
        "Content-Length": [
          "1553"
        ],
        "Content-Type": [
          "application/json; charset=utf-8"
        ],
        "Expires": [
          "-1"
        ]
      },
      "ResponseBody": "{\r\n  \"id\": \"/subscriptions/a200340d-6b82-494d-9dbf-687ba6e33f9e/resourceGroups/powershelltest/providers/Microsoft.ApiManagement/service/powershellsdkservice/apis/echo-api/operations/retrieve-resource-cached\",\r\n  \"type\": \"Microsoft.ApiManagement/service/apis/operations\",\r\n  \"name\": \"retrieve-resource-cached\",\r\n  \"properties\": {\r\n    \"displayName\": \"Retrieve resource (cached)\",\r\n    \"method\": \"GET\",\r\n    \"urlTemplate\": \"/resource-cached\",\r\n    \"templateParameters\": [],\r\n    \"description\": \"A demonstration of a GET call with caching enabled on the same \\\"echo\\\" backend as above. Cache TTL is set to 1 hour. When you make the first request the headers you supplied will be cached. Subsequent calls will return the same headers as the first time even if you change them in your request.\",\r\n    \"request\": {\r\n      \"queryParameters\": [\r\n        {\r\n          \"name\": \"param1\",\r\n          \"description\": \"A sample parameter that is required and has a default value of \\\"sample\\\".\",\r\n          \"type\": \"string\",\r\n          \"defaultValue\": \"sample\",\r\n          \"required\": true,\r\n          \"values\": [\r\n            \"sample\"\r\n          ]\r\n        },\r\n        {\r\n          \"name\": \"param2\",\r\n          \"description\": \"Another sample parameter, set to not required.\",\r\n          \"type\": \"string\",\r\n          \"values\": []\r\n        }\r\n      ],\r\n      \"headers\": [],\r\n      \"representations\": []\r\n    },\r\n    \"responses\": [\r\n      {\r\n        \"statusCode\": 200,\r\n        \"representations\": [],\r\n        \"headers\": []\r\n      }\r\n    ],\r\n    \"policies\": null\r\n  }\r\n}",
      "StatusCode": 200
    },
    {
      "RequestUri": "/subscriptions/a200340d-6b82-494d-9dbf-687ba6e33f9e/resourceGroups/powershelltest/providers/Microsoft.ApiManagement/service/powershellsdkservice/apis/echo-api/operations/ps254?api-version=2019-12-01",
      "EncodedRequestUri": "L3N1YnNjcmlwdGlvbnMvYTIwMDM0MGQtNmI4Mi00OTRkLTlkYmYtNjg3YmE2ZTMzZjllL3Jlc291cmNlR3JvdXBzL3Bvd2Vyc2hlbGx0ZXN0L3Byb3ZpZGVycy9NaWNyb3NvZnQuQXBpTWFuYWdlbWVudC9zZXJ2aWNlL3Bvd2Vyc2hlbGxzZGtzZXJ2aWNlL2FwaXMvZWNoby1hcGkvb3BlcmF0aW9ucy9wczI1ND9hcGktdmVyc2lvbj0yMDE5LTEyLTAx",
      "RequestMethod": "PUT",
      "RequestBody": "{\r\n  \"properties\": {\r\n    \"templateParameters\": [\r\n      {\r\n        \"name\": \"rid\",\r\n        \"description\": \"Resource identifier\",\r\n        \"type\": \"string\",\r\n        \"required\": false,\r\n        \"values\": []\r\n      },\r\n      {\r\n        \"name\": \"query\",\r\n        \"description\": \"Query string\",\r\n        \"type\": \"string\",\r\n        \"required\": false,\r\n        \"values\": []\r\n      }\r\n    ],\r\n    \"description\": \"ps1539\",\r\n    \"request\": {\r\n      \"description\": \"Create/update resource request\",\r\n      \"queryParameters\": [\r\n        {\r\n          \"name\": \"ps3733\",\r\n          \"description\": \"ps5818\",\r\n          \"type\": \"string\",\r\n          \"defaultValue\": \"ps3374\",\r\n          \"required\": true,\r\n          \"values\": [\r\n            \"ps3374\"\r\n          ]\r\n        }\r\n      ],\r\n      \"headers\": [\r\n        {\r\n          \"name\": \"ps4953\",\r\n          \"description\": \"ps2803\",\r\n          \"type\": \"string\",\r\n          \"defaultValue\": \"ps6686\",\r\n          \"required\": true,\r\n          \"values\": [\r\n            \"ps6686\"\r\n          ]\r\n        }\r\n      ],\r\n      \"representations\": [\r\n        {\r\n          \"contentType\": \"application/json\",\r\n          \"sample\": \"ps9249\"\r\n        }\r\n      ]\r\n    },\r\n    \"responses\": [\r\n      {\r\n        \"statusCode\": 1980785443,\r\n        \"description\": \"ps6015\",\r\n        \"representations\": [\r\n          {\r\n            \"contentType\": \"ps8850\",\r\n            \"sample\": \"ps8376\"\r\n          }\r\n        ],\r\n        \"headers\": []\r\n      }\r\n    ],\r\n    \"displayName\": \"ps669\",\r\n    \"method\": \"PATCH\",\r\n    \"urlTemplate\": \"/resource/{rid}?q={query}\"\r\n  }\r\n}",
      "RequestHeaders": {
        "x-ms-client-request-id": [
          "462a98ba-fe18-4b79-81c6-e114f794407f"
        ],
        "Accept-Language": [
          "en-US"
        ],
        "User-Agent": [
          "FxVersion/4.6.27817.03",
          "OSName/Windows",
          "OSVersion/Microsoft.Windows.10.0.18363.",
          "Microsoft.Azure.Management.ApiManagement.ApiManagementClient/5.0.0.0"
        ],
        "Content-Type": [
          "application/json; charset=utf-8"
        ],
        "Content-Length": [
          "1565"
        ]
      },
      "ResponseHeaders": {
        "Cache-Control": [
          "no-cache"
        ],
        "Pragma": [
          "no-cache"
        ],
        "ETag": [
          "\"AAAAAAAAOMY=\""
        ],
        "Strict-Transport-Security": [
          "max-age=31536000; includeSubDomains"
        ],
        "x-ms-request-id": [
          "552cc0e8-dcfa-457f-b5af-bfdcb3108e98"
        ],
        "Server": [
          "Microsoft-HTTPAPI/2.0"
        ],
        "x-ms-ratelimit-remaining-subscription-writes": [
          "1199"
        ],
        "x-ms-correlation-request-id": [
          "0f5c8dd7-79a1-44d5-bb11-5bbb5e4356bc"
        ],
        "x-ms-routing-request-id": [
          "WESTUS:20200420T165349Z:0f5c8dd7-79a1-44d5-bb11-5bbb5e4356bc"
        ],
        "X-Content-Type-Options": [
          "nosniff"
        ],
        "Date": [
          "Mon, 20 Apr 2020 16:53:48 GMT"
        ],
        "Content-Length": [
          "1802"
        ],
        "Content-Type": [
          "application/json; charset=utf-8"
        ],
        "Expires": [
          "-1"
        ]
      },
      "ResponseBody": "{\r\n  \"id\": \"/subscriptions/a200340d-6b82-494d-9dbf-687ba6e33f9e/resourceGroups/powershelltest/providers/Microsoft.ApiManagement/service/powershellsdkservice/apis/echo-api/operations/ps254\",\r\n  \"type\": \"Microsoft.ApiManagement/service/apis/operations\",\r\n  \"name\": \"ps254\",\r\n  \"properties\": {\r\n    \"displayName\": \"ps669\",\r\n    \"method\": \"PATCH\",\r\n    \"urlTemplate\": \"/resource/{rid}?q={query}\",\r\n    \"templateParameters\": [\r\n      {\r\n        \"name\": \"rid\",\r\n        \"description\": \"Resource identifier\",\r\n        \"type\": \"string\",\r\n        \"values\": []\r\n      },\r\n      {\r\n        \"name\": \"query\",\r\n        \"description\": \"Query string\",\r\n        \"type\": \"string\",\r\n        \"values\": []\r\n      }\r\n    ],\r\n    \"description\": \"ps1539\",\r\n    \"request\": {\r\n      \"description\": \"Create/update resource request\",\r\n      \"queryParameters\": [\r\n        {\r\n          \"name\": \"ps3733\",\r\n          \"description\": \"ps5818\",\r\n          \"type\": \"string\",\r\n          \"defaultValue\": \"ps3374\",\r\n          \"required\": true,\r\n          \"values\": [\r\n            \"ps3374\"\r\n          ]\r\n        }\r\n      ],\r\n      \"headers\": [\r\n        {\r\n          \"name\": \"ps4953\",\r\n          \"description\": \"ps2803\",\r\n          \"type\": \"string\",\r\n          \"defaultValue\": \"ps6686\",\r\n          \"required\": true,\r\n          \"values\": [\r\n            \"ps6686\"\r\n          ]\r\n        }\r\n      ],\r\n      \"representations\": [\r\n        {\r\n          \"contentType\": \"application/json\",\r\n          \"sample\": \"ps9249\"\r\n        }\r\n      ]\r\n    },\r\n    \"responses\": [\r\n      {\r\n        \"statusCode\": 1980785443,\r\n        \"description\": \"ps6015\",\r\n        \"representations\": [\r\n          {\r\n            \"contentType\": \"ps8850\",\r\n            \"sample\": \"ps8376\"\r\n          }\r\n        ],\r\n        \"headers\": []\r\n      }\r\n    ],\r\n    \"policies\": null\r\n  }\r\n}",
      "StatusCode": 201
    },
    {
      "RequestUri": "/subscriptions/a200340d-6b82-494d-9dbf-687ba6e33f9e/resourceGroups/powershelltest/providers/Microsoft.ApiManagement/service/powershellsdkservice/apis/echo-api/operations/ps254?api-version=2019-12-01",
      "EncodedRequestUri": "L3N1YnNjcmlwdGlvbnMvYTIwMDM0MGQtNmI4Mi00OTRkLTlkYmYtNjg3YmE2ZTMzZjllL3Jlc291cmNlR3JvdXBzL3Bvd2Vyc2hlbGx0ZXN0L3Byb3ZpZGVycy9NaWNyb3NvZnQuQXBpTWFuYWdlbWVudC9zZXJ2aWNlL3Bvd2Vyc2hlbGxzZGtzZXJ2aWNlL2FwaXMvZWNoby1hcGkvb3BlcmF0aW9ucy9wczI1ND9hcGktdmVyc2lvbj0yMDE5LTEyLTAx",
      "RequestMethod": "PATCH",
      "RequestBody": "{\r\n  \"properties\": {\r\n    \"templateParameters\": [\r\n      {\r\n        \"name\": \"xrid\",\r\n        \"description\": \"Resource identifier modified\",\r\n        \"type\": \"string\",\r\n        \"required\": false,\r\n        \"values\": []\r\n      },\r\n      {\r\n        \"name\": \"xquery\",\r\n        \"description\": \"Query string modified\",\r\n        \"type\": \"string\",\r\n        \"required\": false,\r\n        \"values\": []\r\n      }\r\n    ],\r\n    \"description\": \"ps2891\",\r\n    \"request\": {\r\n      \"description\": \"Create/update resource request modified\",\r\n      \"queryParameters\": [\r\n        {\r\n          \"name\": \"ps7128\",\r\n          \"description\": \"ps2352\",\r\n          \"type\": \"string\",\r\n          \"defaultValue\": \"ps3945\",\r\n          \"required\": true,\r\n          \"values\": [\r\n            \"ps3945\"\r\n          ]\r\n        }\r\n      ],\r\n      \"headers\": [\r\n        {\r\n          \"name\": \"ps1810\",\r\n          \"description\": \"ps8853\",\r\n          \"type\": \"string\",\r\n          \"defaultValue\": \"ps685\",\r\n          \"required\": true,\r\n          \"values\": [\r\n            \"ps685\"\r\n          ]\r\n        }\r\n      ],\r\n      \"representations\": [\r\n        {\r\n          \"contentType\": \"application/json\",\r\n          \"sample\": \"ps9351\"\r\n        }\r\n      ]\r\n    },\r\n    \"responses\": [\r\n      {\r\n        \"statusCode\": 1980785443,\r\n        \"description\": \"ps1634\",\r\n        \"representations\": [\r\n          {\r\n            \"contentType\": \"ps949\",\r\n            \"sample\": \"ps7067\"\r\n          }\r\n        ],\r\n        \"headers\": []\r\n      }\r\n    ],\r\n    \"displayName\": \"ps7518\",\r\n    \"method\": \"PUT\",\r\n    \"urlTemplate\": \"/resource/{xrid}?q={xquery}\"\r\n  }\r\n}",
      "RequestHeaders": {
        "x-ms-client-request-id": [
          "e01b161b-9df7-4418-92b8-72343eed1bbf"
        ],
        "If-Match": [
          "*"
        ],
        "Accept-Language": [
          "en-US"
        ],
        "User-Agent": [
          "FxVersion/4.6.27817.03",
          "OSName/Windows",
          "OSVersion/Microsoft.Windows.10.0.18363.",
          "Microsoft.Azure.Management.ApiManagement.ApiManagementClient/5.0.0.0"
        ],
        "Content-Type": [
          "application/json; charset=utf-8"
        ],
        "Content-Length": [
          "1592"
        ]
      },
      "ResponseHeaders": {
        "Cache-Control": [
          "no-cache"
        ],
        "Pragma": [
          "no-cache"
        ],
        "Strict-Transport-Security": [
          "max-age=31536000; includeSubDomains"
        ],
        "x-ms-request-id": [
          "b2b3622a-50c9-441e-8e0f-a0e0c00ce6f4"
        ],
        "Server": [
          "Microsoft-HTTPAPI/2.0"
        ],
        "x-ms-ratelimit-remaining-subscription-writes": [
          "1198"
        ],
        "x-ms-correlation-request-id": [
          "5e42c4ef-3ff1-4395-b5ee-62df45ed362c"
        ],
        "x-ms-routing-request-id": [
          "WESTUS:20200420T165350Z:5e42c4ef-3ff1-4395-b5ee-62df45ed362c"
        ],
        "X-Content-Type-Options": [
          "nosniff"
        ],
        "Date": [
          "Mon, 20 Apr 2020 16:53:49 GMT"
        ],
        "Expires": [
          "-1"
        ]
      },
      "ResponseBody": "",
      "StatusCode": 204
    },
    {
      "RequestUri": "/subscriptions/a200340d-6b82-494d-9dbf-687ba6e33f9e/resourceGroups/powershelltest/providers/Microsoft.ApiManagement/service/powershellsdkservice/apis/echo-api/operations/ps254?api-version=2019-12-01",
      "EncodedRequestUri": "L3N1YnNjcmlwdGlvbnMvYTIwMDM0MGQtNmI4Mi00OTRkLTlkYmYtNjg3YmE2ZTMzZjllL3Jlc291cmNlR3JvdXBzL3Bvd2Vyc2hlbGx0ZXN0L3Byb3ZpZGVycy9NaWNyb3NvZnQuQXBpTWFuYWdlbWVudC9zZXJ2aWNlL3Bvd2Vyc2hlbGxzZGtzZXJ2aWNlL2FwaXMvZWNoby1hcGkvb3BlcmF0aW9ucy9wczI1ND9hcGktdmVyc2lvbj0yMDE5LTEyLTAx",
      "RequestMethod": "GET",
      "RequestBody": "",
      "RequestHeaders": {
        "x-ms-client-request-id": [
          "d8b0c6d8-0152-4623-8a71-ff2a63b50f1c"
        ],
        "Accept-Language": [
          "en-US"
        ],
        "User-Agent": [
          "FxVersion/4.6.27817.03",
          "OSName/Windows",
          "OSVersion/Microsoft.Windows.10.0.18363.",
          "Microsoft.Azure.Management.ApiManagement.ApiManagementClient/5.0.0.0"
        ]
      },
      "ResponseHeaders": {
        "Cache-Control": [
          "no-cache"
        ],
        "Pragma": [
          "no-cache"
        ],
        "ETag": [
          "\"AAAAAAAAOMg=\""
        ],
        "Strict-Transport-Security": [
          "max-age=31536000; includeSubDomains"
        ],
        "x-ms-request-id": [
          "03895e6a-b477-4551-b02d-b57c5c2a836f"
        ],
        "Server": [
          "Microsoft-HTTPAPI/2.0"
        ],
        "x-ms-ratelimit-remaining-subscription-reads": [
          "11991"
        ],
        "x-ms-correlation-request-id": [
          "cedc8468-d311-406d-a339-1666e2e2e665"
        ],
        "x-ms-routing-request-id": [
          "WESTUS:20200420T165350Z:cedc8468-d311-406d-a339-1666e2e2e665"
        ],
        "X-Content-Type-Options": [
          "nosniff"
        ],
        "Date": [
          "Mon, 20 Apr 2020 16:53:50 GMT"
        ],
        "Content-Length": [
          "1883"
        ],
        "Content-Type": [
          "application/json; charset=utf-8"
        ],
        "Expires": [
          "-1"
        ]
      },
      "ResponseBody": "{\r\n  \"id\": \"/subscriptions/a200340d-6b82-494d-9dbf-687ba6e33f9e/resourceGroups/powershelltest/providers/Microsoft.ApiManagement/service/powershellsdkservice/apis/echo-api/operations/ps254\",\r\n  \"type\": \"Microsoft.ApiManagement/service/apis/operations\",\r\n  \"name\": \"ps254\",\r\n  \"properties\": {\r\n    \"displayName\": \"ps7518\",\r\n    \"method\": \"PUT\",\r\n    \"urlTemplate\": \"/resource/{xrid}?q={xquery}\",\r\n    \"templateParameters\": [\r\n      {\r\n        \"name\": \"xrid\",\r\n        \"description\": \"Resource identifier modified\",\r\n        \"type\": \"string\",\r\n        \"required\": true,\r\n        \"values\": []\r\n      },\r\n      {\r\n        \"name\": \"xquery\",\r\n        \"description\": \"Query string modified\",\r\n        \"type\": \"string\",\r\n        \"required\": true,\r\n        \"values\": []\r\n      }\r\n    ],\r\n    \"description\": \"ps2891\",\r\n    \"request\": {\r\n      \"description\": \"Create/update resource request modified\",\r\n      \"queryParameters\": [\r\n        {\r\n          \"name\": \"ps7128\",\r\n          \"description\": \"ps2352\",\r\n          \"type\": \"string\",\r\n          \"defaultValue\": \"ps3945\",\r\n          \"required\": true,\r\n          \"values\": [\r\n            \"ps3945\"\r\n          ]\r\n        }\r\n      ],\r\n      \"headers\": [\r\n        {\r\n          \"name\": \"ps1810\",\r\n          \"description\": \"ps8853\",\r\n          \"type\": \"string\",\r\n          \"defaultValue\": \"ps685\",\r\n          \"required\": true,\r\n          \"values\": [\r\n            \"ps685\"\r\n          ]\r\n        }\r\n      ],\r\n      \"representations\": [\r\n        {\r\n          \"contentType\": \"application/json\",\r\n          \"sample\": \"ps9351\"\r\n        }\r\n      ]\r\n    },\r\n    \"responses\": [\r\n      {\r\n        \"statusCode\": 1980785443,\r\n        \"description\": \"ps1634\",\r\n        \"representations\": [\r\n          {\r\n            \"contentType\": \"ps949\",\r\n            \"sample\": \"ps7067\"\r\n          }\r\n        ],\r\n        \"headers\": []\r\n      }\r\n    ],\r\n    \"policies\": null\r\n  }\r\n}",
      "StatusCode": 200
    },
    {
      "RequestUri": "/subscriptions/a200340d-6b82-494d-9dbf-687ba6e33f9e/resourceGroups/powershelltest/providers/Microsoft.ApiManagement/service/powershellsdkservice/apis/echo-api/operations/ps254?api-version=2019-12-01",
      "EncodedRequestUri": "L3N1YnNjcmlwdGlvbnMvYTIwMDM0MGQtNmI4Mi00OTRkLTlkYmYtNjg3YmE2ZTMzZjllL3Jlc291cmNlR3JvdXBzL3Bvd2Vyc2hlbGx0ZXN0L3Byb3ZpZGVycy9NaWNyb3NvZnQuQXBpTWFuYWdlbWVudC9zZXJ2aWNlL3Bvd2Vyc2hlbGxzZGtzZXJ2aWNlL2FwaXMvZWNoby1hcGkvb3BlcmF0aW9ucy9wczI1ND9hcGktdmVyc2lvbj0yMDE5LTEyLTAx",
      "RequestMethod": "GET",
      "RequestBody": "",
      "RequestHeaders": {
        "x-ms-client-request-id": [
          "1b25db86-0fe0-4fc5-9a47-1f46dcfe8790"
        ],
        "Accept-Language": [
          "en-US"
        ],
        "User-Agent": [
          "FxVersion/4.6.27817.03",
          "OSName/Windows",
          "OSVersion/Microsoft.Windows.10.0.18363.",
          "Microsoft.Azure.Management.ApiManagement.ApiManagementClient/5.0.0.0"
        ]
      },
      "ResponseHeaders": {
        "Cache-Control": [
          "no-cache"
        ],
        "Pragma": [
          "no-cache"
        ],
        "Strict-Transport-Security": [
          "max-age=31536000; includeSubDomains"
        ],
        "x-ms-request-id": [
          "acfa3ad9-64f2-433a-b896-b363ff8c03ea"
        ],
        "Server": [
          "Microsoft-HTTPAPI/2.0"
        ],
        "x-ms-ratelimit-remaining-subscription-reads": [
          "11990"
        ],
        "x-ms-correlation-request-id": [
          "d70e0c1b-f791-4df8-a9fc-c890d253fac4"
        ],
        "x-ms-routing-request-id": [
          "WESTUS:20200420T165351Z:d70e0c1b-f791-4df8-a9fc-c890d253fac4"
        ],
        "X-Content-Type-Options": [
          "nosniff"
        ],
        "Date": [
          "Mon, 20 Apr 2020 16:53:50 GMT"
        ],
        "Content-Length": [
          "85"
        ],
        "Content-Type": [
          "application/json; charset=utf-8"
        ],
        "Expires": [
          "-1"
        ]
      },
      "ResponseBody": "{\r\n  \"error\": {\r\n    \"code\": \"ResourceNotFound\",\r\n    \"message\": \"Operation not found.\",\r\n    \"details\": null\r\n  }\r\n}",
      "StatusCode": 404
    },
    {
      "RequestUri": "/subscriptions/a200340d-6b82-494d-9dbf-687ba6e33f9e/resourceGroups/powershelltest/providers/Microsoft.ApiManagement/service/powershellsdkservice/apis/echo-api/operations/ps254?api-version=2019-12-01",
      "EncodedRequestUri": "L3N1YnNjcmlwdGlvbnMvYTIwMDM0MGQtNmI4Mi00OTRkLTlkYmYtNjg3YmE2ZTMzZjllL3Jlc291cmNlR3JvdXBzL3Bvd2Vyc2hlbGx0ZXN0L3Byb3ZpZGVycy9NaWNyb3NvZnQuQXBpTWFuYWdlbWVudC9zZXJ2aWNlL3Bvd2Vyc2hlbGxzZGtzZXJ2aWNlL2FwaXMvZWNoby1hcGkvb3BlcmF0aW9ucy9wczI1ND9hcGktdmVyc2lvbj0yMDE5LTEyLTAx",
      "RequestMethod": "DELETE",
      "RequestBody": "",
      "RequestHeaders": {
        "x-ms-client-request-id": [
          "c640aafa-3300-417e-8634-a26bbb25b456"
        ],
        "If-Match": [
          "*"
        ],
        "Accept-Language": [
          "en-US"
        ],
        "User-Agent": [
          "FxVersion/4.6.27817.03",
          "OSName/Windows",
          "OSVersion/Microsoft.Windows.10.0.18363.",
          "Microsoft.Azure.Management.ApiManagement.ApiManagementClient/5.0.0.0"
        ]
      },
      "ResponseHeaders": {
        "Cache-Control": [
          "no-cache"
        ],
        "Pragma": [
          "no-cache"
        ],
        "Strict-Transport-Security": [
          "max-age=31536000; includeSubDomains"
        ],
        "x-ms-request-id": [
          "211f63a9-5835-4627-b594-0ea86a50e65a"
        ],
        "Server": [
          "Microsoft-HTTPAPI/2.0"
        ],
        "x-ms-ratelimit-remaining-subscription-deletes": [
          "14999"
        ],
        "x-ms-correlation-request-id": [
          "73252e8d-7f7b-4a93-960d-054cda8a3788"
        ],
        "x-ms-routing-request-id": [
          "WESTUS:20200420T165351Z:73252e8d-7f7b-4a93-960d-054cda8a3788"
        ],
        "X-Content-Type-Options": [
          "nosniff"
        ],
        "Date": [
          "Mon, 20 Apr 2020 16:53:50 GMT"
        ],
        "Expires": [
          "-1"
        ],
        "Content-Length": [
          "0"
        ]
      },
      "ResponseBody": "",
      "StatusCode": 200
    }
  ],
  "Names": {
    "": [
      "ps254",
      "ps669",
      "ps1539",
      "ps7718",
      "ps4953",
      "ps2803",
      "ps6686",
      "ps3733",
      "ps5818",
      "ps3374",
      "ps9249",
      "ps6015",
      "ps8850",
      "ps8376",
      "ps7518",
      "ps2891",
      "ps4414",
      "ps1810",
      "ps8853",
      "ps685",
      "ps7128",
      "ps2352",
      "ps3945",
      "ps9351",
      "ps1634",
      "ps949",
      "ps7067"
    ]
  },
  "Variables": {
    "SubscriptionId": "a200340d-6b82-494d-9dbf-687ba6e33f9e"
  }
}