{
  "Entries": [
    {
      "RequestUri": "/subscriptions/a200340d-6b82-494d-9dbf-687ba6e33f9e/resourceGroups/powershelltest/providers/Microsoft.ApiManagement/service/powershellsdkservice/policies/policy?api-version=2019-01-01",
      "EncodedRequestUri": "L3N1YnNjcmlwdGlvbnMvYTIwMDM0MGQtNmI4Mi00OTRkLTlkYmYtNjg3YmE2ZTMzZjllL3Jlc291cmNlR3JvdXBzL3Bvd2Vyc2hlbGx0ZXN0L3Byb3ZpZGVycy9NaWNyb3NvZnQuQXBpTWFuYWdlbWVudC9zZXJ2aWNlL3Bvd2Vyc2hlbGxzZGtzZXJ2aWNlL3BvbGljaWVzL3BvbGljeT9hcGktdmVyc2lvbj0yMDE5LTAxLTAx",
      "RequestMethod": "PUT",
      "RequestBody": "{\r\n  \"properties\": {\r\n    \"value\": \"<?xml version=\\\"1.0\\\" encoding=\\\"utf-8\\\" ?>\\r\\n<policies>\\r\\n    <inbound>\\r\\n        <find-and-replace from=\\\"aaa\\\" to=\\\"BBB\\\" />\\r\\n        <set-header name=\\\"ETag\\\" exists-action=\\\"skip\\\">\\r\\n            <value>bbyby</value>\\r\\n            <!-- for multiple headers with the same name add additional value elements -->\\r\\n        </set-header>\\r\\n        <set-query-parameter name=\\\"additional\\\" exists-action=\\\"append\\\">\\r\\n            <value>xxbbcczc</value>\\r\\n            <!-- for multiple parameters with the same name add additional value elements -->\\r\\n        </set-query-parameter>\\r\\n        <cross-domain />\\r\\n    </inbound>\\r\\n    <outbound />\\r\\n</policies>\",\r\n    \"format\": \"xml\"\r\n  }\r\n}",
      "RequestHeaders": {
        "x-ms-client-request-id": [
          "c22df9b5-e587-4826-b364-3b2233199fa0"
        ],
        "Accept-Language": [
          "en-US"
        ],
        "User-Agent": [
          "FxVersion/4.6.28325.01",
          "OSName/Windows",
          "OSVersion/Microsoft.Windows.10.0.18363.",
          "Microsoft.Azure.Management.ApiManagement.ApiManagementClient/4.12.0.0"
        ],
        "Content-Type": [
          "application/json; charset=utf-8"
        ],
        "Content-Length": [
          "742"
        ]
      },
      "ResponseHeaders": {
        "Cache-Control": [
          "no-cache"
        ],
        "Pragma": [
          "no-cache"
        ],
        "ETag": [
          "\"AAAAAAAACfQ=\""
        ],
        "Strict-Transport-Security": [
          "max-age=31536000; includeSubDomains"
        ],
        "x-ms-request-id": [
          "34b49e51-cec4-4064-a607-60b6a2d16b19"
        ],
        "Server": [
          "Microsoft-HTTPAPI/2.0"
        ],
        "x-ms-ratelimit-remaining-subscription-writes": [
          "1199"
        ],
        "x-ms-correlation-request-id": [
          "148353b1-c885-418c-9f2e-8f370079b551"
        ],
        "x-ms-routing-request-id": [
          "WESTUS:20200224T173720Z:148353b1-c885-418c-9f2e-8f370079b551"
        ],
        "X-Content-Type-Options": [
          "nosniff"
        ],
        "Date": [
          "Mon, 24 Feb 2020 17:37:19 GMT"
        ],
        "Content-Length": [
          "890"
        ],
        "Content-Type": [
          "application/json; charset=utf-8"
        ],
        "Expires": [
          "-1"
        ]
      },
      "ResponseBody": "{\r\n  \"id\": \"/subscriptions/a200340d-6b82-494d-9dbf-687ba6e33f9e/resourceGroups/powershelltest/providers/Microsoft.ApiManagement/service/powershellsdkservice/policies/policy\",\r\n  \"type\": \"Microsoft.ApiManagement/service/policies\",\r\n  \"name\": \"policy\",\r\n  \"properties\": {\r\n    \"format\": \"xml\",\r\n    \"value\": \"<policies>\\r\\n\\t<inbound>\\r\\n\\t\\t<find-and-replace from=\\\"aaa\\\" to=\\\"BBB\\\" />\\r\\n\\t\\t<set-header name=\\\"ETag\\\" exists-action=\\\"skip\\\">\\r\\n\\t\\t\\t<value>bbyby</value>\\r\\n\\t\\t\\t<!-- for multiple headers with the same name add additional value elements -->\\r\\n\\t\\t</set-header>\\r\\n\\t\\t<set-query-parameter name=\\\"additional\\\" exists-action=\\\"append\\\">\\r\\n\\t\\t\\t<value>xxbbcczc</value>\\r\\n\\t\\t\\t<!-- for multiple parameters with the same name add additional value elements -->\\r\\n\\t\\t</set-query-parameter>\\r\\n\\t\\t<cross-domain />\\r\\n\\t</inbound>\\r\\n\\t<outbound />\\r\\n</policies>\"\r\n  }\r\n}",
      "StatusCode": 200
    },
    {
      "RequestUri": "/subscriptions/a200340d-6b82-494d-9dbf-687ba6e33f9e/resourceGroups/powershelltest/providers/Microsoft.ApiManagement/service/powershellsdkservice/policies/policy?api-version=2019-01-01",
      "EncodedRequestUri": "L3N1YnNjcmlwdGlvbnMvYTIwMDM0MGQtNmI4Mi00OTRkLTlkYmYtNjg3YmE2ZTMzZjllL3Jlc291cmNlR3JvdXBzL3Bvd2Vyc2hlbGx0ZXN0L3Byb3ZpZGVycy9NaWNyb3NvZnQuQXBpTWFuYWdlbWVudC9zZXJ2aWNlL3Bvd2Vyc2hlbGxzZGtzZXJ2aWNlL3BvbGljaWVzL3BvbGljeT9hcGktdmVyc2lvbj0yMDE5LTAxLTAx",
      "RequestMethod": "PUT",
      "RequestBody": "{\r\n  \"properties\": {\r\n    \"value\": \"<policies><inbound><find-and-replace from=\\\"aaa\\\" to=\\\"BBB\\\" /><set-header name=\\\"ETag\\\" exists-action=\\\"skip\\\"><value>bbyby</value><!-- for multiple headers with the same name add additional value elements --></set-header><set-query-parameter name=\\\"additional\\\" exists-action=\\\"append\\\"><value>xxbbcczc</value><!-- for multiple parameters with the same name add additional value elements --></set-query-parameter><cross-domain /></inbound><outbound /></policies>\",\r\n    \"format\": \"xml\"\r\n  }\r\n}",
      "RequestHeaders": {
        "x-ms-client-request-id": [
          "a95d28a2-671c-43f2-a5db-1339b7b6845c"
        ],
        "Accept-Language": [
          "en-US"
        ],
        "User-Agent": [
          "FxVersion/4.6.28325.01",
          "OSName/Windows",
          "OSVersion/Microsoft.Windows.10.0.18363.",
          "Microsoft.Azure.Management.ApiManagement.ApiManagementClient/4.12.0.0"
        ],
        "Content-Type": [
          "application/json; charset=utf-8"
        ],
        "Content-Length": [
          "531"
        ]
      },
      "ResponseHeaders": {
        "Cache-Control": [
          "no-cache"
        ],
        "Pragma": [
          "no-cache"
        ],
        "ETag": [
          "\"AAAAAAAAChE=\""
        ],
        "Strict-Transport-Security": [
          "max-age=31536000; includeSubDomains"
        ],
        "x-ms-request-id": [
          "1381d25f-3bb7-4ff3-86f7-de659cdd541e"
        ],
        "Server": [
          "Microsoft-HTTPAPI/2.0"
        ],
        "x-ms-ratelimit-remaining-subscription-writes": [
          "1195"
        ],
        "x-ms-correlation-request-id": [
          "195ebc5f-fbad-46ba-a46d-dc80da356320"
        ],
        "x-ms-routing-request-id": [
          "WESTUS:20200224T173726Z:195ebc5f-fbad-46ba-a46d-dc80da356320"
        ],
        "X-Content-Type-Options": [
          "nosniff"
        ],
        "Date": [
          "Mon, 24 Feb 2020 17:37:25 GMT"
        ],
        "Content-Length": [
          "890"
        ],
        "Content-Type": [
          "application/json; charset=utf-8"
        ],
        "Expires": [
          "-1"
        ]
      },
      "ResponseBody": "{\r\n  \"id\": \"/subscriptions/a200340d-6b82-494d-9dbf-687ba6e33f9e/resourceGroups/powershelltest/providers/Microsoft.ApiManagement/service/powershellsdkservice/policies/policy\",\r\n  \"type\": \"Microsoft.ApiManagement/service/policies\",\r\n  \"name\": \"policy\",\r\n  \"properties\": {\r\n    \"format\": \"xml\",\r\n    \"value\": \"<policies>\\r\\n\\t<inbound>\\r\\n\\t\\t<find-and-replace from=\\\"aaa\\\" to=\\\"BBB\\\" />\\r\\n\\t\\t<set-header name=\\\"ETag\\\" exists-action=\\\"skip\\\">\\r\\n\\t\\t\\t<value>bbyby</value>\\r\\n\\t\\t\\t<!-- for multiple headers with the same name add additional value elements -->\\r\\n\\t\\t</set-header>\\r\\n\\t\\t<set-query-parameter name=\\\"additional\\\" exists-action=\\\"append\\\">\\r\\n\\t\\t\\t<value>xxbbcczc</value>\\r\\n\\t\\t\\t<!-- for multiple parameters with the same name add additional value elements -->\\r\\n\\t\\t</set-query-parameter>\\r\\n\\t\\t<cross-domain />\\r\\n\\t</inbound>\\r\\n\\t<outbound />\\r\\n</policies>\"\r\n  }\r\n}",
      "StatusCode": 201
    },
    {
      "RequestUri": "/subscriptions/a200340d-6b82-494d-9dbf-687ba6e33f9e/resourceGroups/powershelltest/providers/Microsoft.ApiManagement/service/powershellsdkservice/policies/policy?format=xml&api-version=2019-01-01",
      "EncodedRequestUri": "L3N1YnNjcmlwdGlvbnMvYTIwMDM0MGQtNmI4Mi00OTRkLTlkYmYtNjg3YmE2ZTMzZjllL3Jlc291cmNlR3JvdXBzL3Bvd2Vyc2hlbGx0ZXN0L3Byb3ZpZGVycy9NaWNyb3NvZnQuQXBpTWFuYWdlbWVudC9zZXJ2aWNlL3Bvd2Vyc2hlbGxzZGtzZXJ2aWNlL3BvbGljaWVzL3BvbGljeT9mb3JtYXQ9eG1sJmFwaS12ZXJzaW9uPTIwMTktMDEtMDE=",
      "RequestMethod": "GET",
      "RequestBody": "",
      "RequestHeaders": {
        "x-ms-client-request-id": [
          "c68954ac-9e73-46fe-b232-ab4629f731c6"
        ],
        "Accept-Language": [
          "en-US"
        ],
        "User-Agent": [
          "FxVersion/4.6.28325.01",
          "OSName/Windows",
          "OSVersion/Microsoft.Windows.10.0.18363.",
          "Microsoft.Azure.Management.ApiManagement.ApiManagementClient/4.12.0.0"
        ]
      },
      "ResponseHeaders": {
        "Cache-Control": [
          "no-cache"
        ],
        "Pragma": [
          "no-cache"
        ],
        "ETag": [
          "\"AAAAAAAACfQ=\""
        ],
        "Strict-Transport-Security": [
          "max-age=31536000; includeSubDomains"
        ],
        "x-ms-request-id": [
          "c0c29fe6-a010-4f11-9d97-81a142092227"
        ],
        "Server": [
          "Microsoft-HTTPAPI/2.0"
        ],
        "x-ms-ratelimit-remaining-subscription-reads": [
          "11999"
        ],
        "x-ms-correlation-request-id": [
          "6afbba41-ac18-420e-9e5f-f3fd1554710b"
        ],
        "x-ms-routing-request-id": [
          "WESTUS:20200224T173720Z:6afbba41-ac18-420e-9e5f-f3fd1554710b"
        ],
        "X-Content-Type-Options": [
          "nosniff"
        ],
        "Date": [
          "Mon, 24 Feb 2020 17:37:19 GMT"
        ],
        "Content-Length": [
          "890"
        ],
        "Content-Type": [
          "application/json; charset=utf-8"
        ],
        "Expires": [
          "-1"
        ]
      },
      "ResponseBody": "{\r\n  \"id\": \"/subscriptions/a200340d-6b82-494d-9dbf-687ba6e33f9e/resourceGroups/powershelltest/providers/Microsoft.ApiManagement/service/powershellsdkservice/policies/policy\",\r\n  \"type\": \"Microsoft.ApiManagement/service/policies\",\r\n  \"name\": \"policy\",\r\n  \"properties\": {\r\n    \"format\": \"xml\",\r\n    \"value\": \"<policies>\\r\\n\\t<inbound>\\r\\n\\t\\t<find-and-replace from=\\\"aaa\\\" to=\\\"BBB\\\" />\\r\\n\\t\\t<set-header name=\\\"ETag\\\" exists-action=\\\"skip\\\">\\r\\n\\t\\t\\t<value>bbyby</value>\\r\\n\\t\\t\\t<!-- for multiple headers with the same name add additional value elements -->\\r\\n\\t\\t</set-header>\\r\\n\\t\\t<set-query-parameter name=\\\"additional\\\" exists-action=\\\"append\\\">\\r\\n\\t\\t\\t<value>xxbbcczc</value>\\r\\n\\t\\t\\t<!-- for multiple parameters with the same name add additional value elements -->\\r\\n\\t\\t</set-query-parameter>\\r\\n\\t\\t<cross-domain />\\r\\n\\t</inbound>\\r\\n\\t<outbound />\\r\\n</policies>\"\r\n  }\r\n}",
      "StatusCode": 200
    },
    {
      "RequestUri": "/subscriptions/a200340d-6b82-494d-9dbf-687ba6e33f9e/resourceGroups/powershelltest/providers/Microsoft.ApiManagement/service/powershellsdkservice/policies/policy?format=xml&api-version=2019-01-01",
      "EncodedRequestUri": "L3N1YnNjcmlwdGlvbnMvYTIwMDM0MGQtNmI4Mi00OTRkLTlkYmYtNjg3YmE2ZTMzZjllL3Jlc291cmNlR3JvdXBzL3Bvd2Vyc2hlbGx0ZXN0L3Byb3ZpZGVycy9NaWNyb3NvZnQuQXBpTWFuYWdlbWVudC9zZXJ2aWNlL3Bvd2Vyc2hlbGxzZGtzZXJ2aWNlL3BvbGljaWVzL3BvbGljeT9mb3JtYXQ9eG1sJmFwaS12ZXJzaW9uPTIwMTktMDEtMDE=",
      "RequestMethod": "GET",
      "RequestBody": "",
      "RequestHeaders": {
        "x-ms-client-request-id": [
          "ab04ca66-43ad-4e39-a4c5-b796665570aa"
        ],
        "Accept-Language": [
          "en-US"
        ],
        "User-Agent": [
          "FxVersion/4.6.28325.01",
          "OSName/Windows",
          "OSVersion/Microsoft.Windows.10.0.18363.",
          "Microsoft.Azure.Management.ApiManagement.ApiManagementClient/4.12.0.0"
        ]
      },
      "ResponseHeaders": {
        "Cache-Control": [
          "no-cache"
        ],
        "Pragma": [
          "no-cache"
        ],
        "Strict-Transport-Security": [
          "max-age=31536000; includeSubDomains"
        ],
        "x-ms-request-id": [
          "df8db856-baf8-4f33-9fc5-67e61c8f2765"
        ],
        "Server": [
          "Microsoft-HTTPAPI/2.0"
        ],
        "x-ms-ratelimit-remaining-subscription-reads": [
          "11998"
        ],
        "x-ms-correlation-request-id": [
          "206aecb4-5aa5-4329-8fcc-295d5e3813ae"
        ],
        "x-ms-routing-request-id": [
          "WESTUS:20200224T173721Z:206aecb4-5aa5-4329-8fcc-295d5e3813ae"
        ],
        "X-Content-Type-Options": [
          "nosniff"
        ],
        "Date": [
          "Mon, 24 Feb 2020 17:37:20 GMT"
        ],
        "Content-Length": [
          "97"
        ],
        "Content-Type": [
          "application/json; charset=utf-8"
        ],
        "Expires": [
          "-1"
        ]
      },
      "ResponseBody": "{\r\n  \"error\": {\r\n    \"code\": \"ResourceNotFound\",\r\n    \"message\": \"PoliciesConfiguration not found.\",\r\n    \"details\": null\r\n  }\r\n}",
      "StatusCode": 404
    },
    {
      "RequestUri": "/subscriptions/a200340d-6b82-494d-9dbf-687ba6e33f9e/resourceGroups/powershelltest/providers/Microsoft.ApiManagement/service/powershellsdkservice/policies/policy?format=xml&api-version=2019-01-01",
      "EncodedRequestUri": "L3N1YnNjcmlwdGlvbnMvYTIwMDM0MGQtNmI4Mi00OTRkLTlkYmYtNjg3YmE2ZTMzZjllL3Jlc291cmNlR3JvdXBzL3Bvd2Vyc2hlbGx0ZXN0L3Byb3ZpZGVycy9NaWNyb3NvZnQuQXBpTWFuYWdlbWVudC9zZXJ2aWNlL3Bvd2Vyc2hlbGxzZGtzZXJ2aWNlL3BvbGljaWVzL3BvbGljeT9mb3JtYXQ9eG1sJmFwaS12ZXJzaW9uPTIwMTktMDEtMDE=",
      "RequestMethod": "GET",
      "RequestBody": "",
      "RequestHeaders": {
        "x-ms-client-request-id": [
          "707ee136-e38e-4fc8-9d07-2dce30512302"
        ],
        "Accept-Language": [
          "en-US"
        ],
        "User-Agent": [
          "FxVersion/4.6.28325.01",
          "OSName/Windows",
          "OSVersion/Microsoft.Windows.10.0.18363.",
          "Microsoft.Azure.Management.ApiManagement.ApiManagementClient/4.12.0.0"
        ]
      },
      "ResponseHeaders": {
        "Cache-Control": [
          "no-cache"
        ],
        "Pragma": [
          "no-cache"
        ],
        "ETag": [
          "\"AAAAAAAAChE=\""
        ],
        "Strict-Transport-Security": [
          "max-age=31536000; includeSubDomains"
        ],
        "x-ms-request-id": [
          "0d1e03a3-f5d6-41cd-bd26-2cf5b7ea5f41"
        ],
        "Server": [
          "Microsoft-HTTPAPI/2.0"
        ],
        "x-ms-ratelimit-remaining-subscription-reads": [
          "11987"
        ],
        "x-ms-correlation-request-id": [
          "0b0e6780-4132-4d4e-8234-a7cbb33f7a3a"
        ],
        "x-ms-routing-request-id": [
          "WESTUS:20200224T173726Z:0b0e6780-4132-4d4e-8234-a7cbb33f7a3a"
        ],
        "X-Content-Type-Options": [
          "nosniff"
        ],
        "Date": [
          "Mon, 24 Feb 2020 17:37:25 GMT"
        ],
        "Content-Length": [
          "890"
        ],
        "Content-Type": [
          "application/json; charset=utf-8"
        ],
        "Expires": [
          "-1"
        ]
      },
      "ResponseBody": "{\r\n  \"id\": \"/subscriptions/a200340d-6b82-494d-9dbf-687ba6e33f9e/resourceGroups/powershelltest/providers/Microsoft.ApiManagement/service/powershellsdkservice/policies/policy\",\r\n  \"type\": \"Microsoft.ApiManagement/service/policies\",\r\n  \"name\": \"policy\",\r\n  \"properties\": {\r\n    \"format\": \"xml\",\r\n    \"value\": \"<policies>\\r\\n\\t<inbound>\\r\\n\\t\\t<find-and-replace from=\\\"aaa\\\" to=\\\"BBB\\\" />\\r\\n\\t\\t<set-header name=\\\"ETag\\\" exists-action=\\\"skip\\\">\\r\\n\\t\\t\\t<value>bbyby</value>\\r\\n\\t\\t\\t<!-- for multiple headers with the same name add additional value elements -->\\r\\n\\t\\t</set-header>\\r\\n\\t\\t<set-query-parameter name=\\\"additional\\\" exists-action=\\\"append\\\">\\r\\n\\t\\t\\t<value>xxbbcczc</value>\\r\\n\\t\\t\\t<!-- for multiple parameters with the same name add additional value elements -->\\r\\n\\t\\t</set-query-parameter>\\r\\n\\t\\t<cross-domain />\\r\\n\\t</inbound>\\r\\n\\t<outbound />\\r\\n</policies>\"\r\n  }\r\n}",
      "StatusCode": 200
    },
    {
      "RequestUri": "/subscriptions/a200340d-6b82-494d-9dbf-687ba6e33f9e/resourceGroups/powershelltest/providers/Microsoft.ApiManagement/service/powershellsdkservice/policies/policy?format=xml&api-version=2019-01-01",
      "EncodedRequestUri": "L3N1YnNjcmlwdGlvbnMvYTIwMDM0MGQtNmI4Mi00OTRkLTlkYmYtNjg3YmE2ZTMzZjllL3Jlc291cmNlR3JvdXBzL3Bvd2Vyc2hlbGx0ZXN0L3Byb3ZpZGVycy9NaWNyb3NvZnQuQXBpTWFuYWdlbWVudC9zZXJ2aWNlL3Bvd2Vyc2hlbGxzZGtzZXJ2aWNlL3BvbGljaWVzL3BvbGljeT9mb3JtYXQ9eG1sJmFwaS12ZXJzaW9uPTIwMTktMDEtMDE=",
      "RequestMethod": "GET",
      "RequestBody": "",
      "RequestHeaders": {
        "x-ms-client-request-id": [
          "b6609a1d-517f-470f-89ce-dec55a2dc7d2"
        ],
        "Accept-Language": [
          "en-US"
        ],
        "User-Agent": [
          "FxVersion/4.6.28325.01",
          "OSName/Windows",
          "OSVersion/Microsoft.Windows.10.0.18363.",
          "Microsoft.Azure.Management.ApiManagement.ApiManagementClient/4.12.0.0"
        ]
      },
      "ResponseHeaders": {
        "Cache-Control": [
          "no-cache"
        ],
        "Pragma": [
          "no-cache"
        ],
        "Strict-Transport-Security": [
          "max-age=31536000; includeSubDomains"
        ],
        "x-ms-request-id": [
          "2abde655-034f-4ab0-bb31-09bd19690551"
        ],
        "Server": [
          "Microsoft-HTTPAPI/2.0"
        ],
        "x-ms-ratelimit-remaining-subscription-reads": [
          "11986"
        ],
        "x-ms-correlation-request-id": [
          "da9557ef-554a-4d34-9637-bc780b775ab8"
        ],
        "x-ms-routing-request-id": [
          "WESTUS:20200224T173726Z:da9557ef-554a-4d34-9637-bc780b775ab8"
        ],
        "X-Content-Type-Options": [
          "nosniff"
        ],
        "Date": [
          "Mon, 24 Feb 2020 17:37:26 GMT"
        ],
        "Content-Length": [
          "97"
        ],
        "Content-Type": [
          "application/json; charset=utf-8"
        ],
        "Expires": [
          "-1"
        ]
      },
      "ResponseBody": "{\r\n  \"error\": {\r\n    \"code\": \"ResourceNotFound\",\r\n    \"message\": \"PoliciesConfiguration not found.\",\r\n    \"details\": null\r\n  }\r\n}",
      "StatusCode": 404
    },
    {
      "RequestUri": "/subscriptions/a200340d-6b82-494d-9dbf-687ba6e33f9e/resourceGroups/powershelltest/providers/Microsoft.ApiManagement/service/powershellsdkservice/policies/policy?api-version=2019-01-01",
      "EncodedRequestUri": "L3N1YnNjcmlwdGlvbnMvYTIwMDM0MGQtNmI4Mi00OTRkLTlkYmYtNjg3YmE2ZTMzZjllL3Jlc291cmNlR3JvdXBzL3Bvd2Vyc2hlbGx0ZXN0L3Byb3ZpZGVycy9NaWNyb3NvZnQuQXBpTWFuYWdlbWVudC9zZXJ2aWNlL3Bvd2Vyc2hlbGxzZGtzZXJ2aWNlL3BvbGljaWVzL3BvbGljeT9hcGktdmVyc2lvbj0yMDE5LTAxLTAx",
      "RequestMethod": "DELETE",
      "RequestBody": "",
      "RequestHeaders": {
        "x-ms-client-request-id": [
          "64c669e1-1679-4170-9102-68eb7331507b"
        ],
        "If-Match": [
          "*"
        ],
        "Accept-Language": [
          "en-US"
        ],
        "User-Agent": [
          "FxVersion/4.6.28325.01",
          "OSName/Windows",
          "OSVersion/Microsoft.Windows.10.0.18363.",
          "Microsoft.Azure.Management.ApiManagement.ApiManagementClient/4.12.0.0"
        ]
      },
      "ResponseHeaders": {
        "Cache-Control": [
          "no-cache"
        ],
        "Pragma": [
          "no-cache"
        ],
        "Strict-Transport-Security": [
          "max-age=31536000; includeSubDomains"
        ],
        "x-ms-request-id": [
          "81a36d76-6ab2-4723-af91-3640ef77f5a3"
        ],
        "Server": [
          "Microsoft-HTTPAPI/2.0"
        ],
        "x-ms-ratelimit-remaining-subscription-deletes": [
          "14999"
        ],
        "x-ms-correlation-request-id": [
          "0c8e69a5-9385-43ff-89aa-db6028b4b876"
        ],
        "x-ms-routing-request-id": [
          "WESTUS:20200224T173721Z:0c8e69a5-9385-43ff-89aa-db6028b4b876"
        ],
        "X-Content-Type-Options": [
          "nosniff"
        ],
        "Date": [
          "Mon, 24 Feb 2020 17:37:20 GMT"
        ],
        "Expires": [
          "-1"
        ],
        "Content-Length": [
          "0"
        ]
      },
      "ResponseBody": "",
      "StatusCode": 200
    },
    {
      "RequestUri": "/subscriptions/a200340d-6b82-494d-9dbf-687ba6e33f9e/resourceGroups/powershelltest/providers/Microsoft.ApiManagement/service/powershellsdkservice/policies/policy?api-version=2019-01-01",
      "EncodedRequestUri": "L3N1YnNjcmlwdGlvbnMvYTIwMDM0MGQtNmI4Mi00OTRkLTlkYmYtNjg3YmE2ZTMzZjllL3Jlc291cmNlR3JvdXBzL3Bvd2Vyc2hlbGx0ZXN0L3Byb3ZpZGVycy9NaWNyb3NvZnQuQXBpTWFuYWdlbWVudC9zZXJ2aWNlL3Bvd2Vyc2hlbGxzZGtzZXJ2aWNlL3BvbGljaWVzL3BvbGljeT9hcGktdmVyc2lvbj0yMDE5LTAxLTAx",
      "RequestMethod": "DELETE",
      "RequestBody": "",
      "RequestHeaders": {
        "x-ms-client-request-id": [
          "e18cd72a-e025-41a8-adb2-beb27973343d"
        ],
        "If-Match": [
          "*"
        ],
        "Accept-Language": [
          "en-US"
        ],
        "User-Agent": [
          "FxVersion/4.6.28325.01",
          "OSName/Windows",
          "OSVersion/Microsoft.Windows.10.0.18363.",
          "Microsoft.Azure.Management.ApiManagement.ApiManagementClient/4.12.0.0"
        ]
      },
      "ResponseHeaders": {
        "Cache-Control": [
          "no-cache"
        ],
        "Pragma": [
          "no-cache"
        ],
        "Strict-Transport-Security": [
          "max-age=31536000; includeSubDomains"
        ],
        "x-ms-request-id": [
          "e3252f72-47c2-4cdd-80e8-1ca293924dfb"
        ],
        "Server": [
          "Microsoft-HTTPAPI/2.0"
        ],
        "x-ms-ratelimit-remaining-subscription-deletes": [
          "14995"
        ],
        "x-ms-correlation-request-id": [
          "d38f0ea1-96d9-4bb0-a063-2dc8d6bf978a"
        ],
        "x-ms-routing-request-id": [
          "WESTUS:20200224T173726Z:d38f0ea1-96d9-4bb0-a063-2dc8d6bf978a"
        ],
        "X-Content-Type-Options": [
          "nosniff"
        ],
        "Date": [
          "Mon, 24 Feb 2020 17:37:26 GMT"
        ],
        "Expires": [
          "-1"
        ],
        "Content-Length": [
          "0"
        ]
      },
      "ResponseBody": "",
      "StatusCode": 200
    },
    {
      "RequestUri": "/subscriptions/a200340d-6b82-494d-9dbf-687ba6e33f9e/resourceGroups/powershelltest/providers/Microsoft.ApiManagement/service/powershellsdkservice/products?$filter=properties/displayName%20eq%20'Unlimited'&api-version=2019-01-01",
      "EncodedRequestUri": "L3N1YnNjcmlwdGlvbnMvYTIwMDM0MGQtNmI4Mi00OTRkLTlkYmYtNjg3YmE2ZTMzZjllL3Jlc291cmNlR3JvdXBzL3Bvd2Vyc2hlbGx0ZXN0L3Byb3ZpZGVycy9NaWNyb3NvZnQuQXBpTWFuYWdlbWVudC9zZXJ2aWNlL3Bvd2Vyc2hlbGxzZGtzZXJ2aWNlL3Byb2R1Y3RzPyRmaWx0ZXI9cHJvcGVydGllcy9kaXNwbGF5TmFtZSUyMGVxJTIwJ1VubGltaXRlZCcmYXBpLXZlcnNpb249MjAxOS0wMS0wMQ==",
      "RequestMethod": "GET",
      "RequestBody": "",
      "RequestHeaders": {
        "x-ms-client-request-id": [
          "ae3bab09-6f05-48e3-a06b-aac29eecffd3"
        ],
        "Accept-Language": [
          "en-US"
        ],
        "User-Agent": [
          "FxVersion/4.6.28325.01",
          "OSName/Windows",
          "OSVersion/Microsoft.Windows.10.0.18363.",
          "Microsoft.Azure.Management.ApiManagement.ApiManagementClient/4.12.0.0"
        ]
      },
      "ResponseHeaders": {
        "Cache-Control": [
          "no-cache"
        ],
        "Pragma": [
          "no-cache"
        ],
        "Strict-Transport-Security": [
          "max-age=31536000; includeSubDomains"
        ],
        "x-ms-request-id": [
          "911a10dd-3221-4e31-a5db-33621495180f"
        ],
        "Server": [
          "Microsoft-HTTPAPI/2.0"
        ],
        "x-ms-ratelimit-remaining-subscription-reads": [
          "11997"
        ],
        "x-ms-correlation-request-id": [
          "84bb733c-1062-4041-80a2-4c22cb211d71"
        ],
        "x-ms-routing-request-id": [
          "WESTUS:20200224T173721Z:84bb733c-1062-4041-80a2-4c22cb211d71"
        ],
        "X-Content-Type-Options": [
          "nosniff"
        ],
        "Date": [
          "Mon, 24 Feb 2020 17:37:20 GMT"
        ],
        "Content-Length": [
          "670"
        ],
        "Content-Type": [
          "application/json; charset=utf-8"
        ],
        "Expires": [
          "-1"
        ]
      },
      "ResponseBody": "{\r\n  \"value\": [\r\n    {\r\n      \"id\": \"/subscriptions/a200340d-6b82-494d-9dbf-687ba6e33f9e/resourceGroups/powershelltest/providers/Microsoft.ApiManagement/service/powershellsdkservice/products/unlimited\",\r\n      \"type\": \"Microsoft.ApiManagement/service/products\",\r\n      \"name\": \"unlimited\",\r\n      \"properties\": {\r\n        \"displayName\": \"Unlimited\",\r\n        \"description\": \"Subscribers have completely unlimited access to the API. Administrator approval is required.\",\r\n        \"terms\": null,\r\n        \"subscriptionRequired\": true,\r\n        \"approvalRequired\": true,\r\n        \"subscriptionsLimit\": 1,\r\n        \"state\": \"published\"\r\n      }\r\n    }\r\n  ],\r\n  \"count\": 1\r\n}",
      "StatusCode": 200
    },
    {
      "RequestUri": "/subscriptions/a200340d-6b82-494d-9dbf-687ba6e33f9e/resourceGroups/powershelltest/providers/Microsoft.ApiManagement/service/powershellsdkservice/products?$filter=properties/displayName%20eq%20'Unlimited'&api-version=2019-01-01",
      "EncodedRequestUri": "L3N1YnNjcmlwdGlvbnMvYTIwMDM0MGQtNmI4Mi00OTRkLTlkYmYtNjg3YmE2ZTMzZjllL3Jlc291cmNlR3JvdXBzL3Bvd2Vyc2hlbGx0ZXN0L3Byb3ZpZGVycy9NaWNyb3NvZnQuQXBpTWFuYWdlbWVudC9zZXJ2aWNlL3Bvd2Vyc2hlbGxzZGtzZXJ2aWNlL3Byb2R1Y3RzPyRmaWx0ZXI9cHJvcGVydGllcy9kaXNwbGF5TmFtZSUyMGVxJTIwJ1VubGltaXRlZCcmYXBpLXZlcnNpb249MjAxOS0wMS0wMQ==",
      "RequestMethod": "GET",
      "RequestBody": "",
      "RequestHeaders": {
        "x-ms-client-request-id": [
          "f7ecc93a-9eef-4ff7-a42e-f06d4a47472a"
        ],
        "Accept-Language": [
          "en-US"
        ],
        "User-Agent": [
          "FxVersion/4.6.28325.01",
          "OSName/Windows",
          "OSVersion/Microsoft.Windows.10.0.18363.",
          "Microsoft.Azure.Management.ApiManagement.ApiManagementClient/4.12.0.0"
        ]
      },
      "ResponseHeaders": {
        "Cache-Control": [
          "no-cache"
        ],
        "Pragma": [
          "no-cache"
        ],
        "Strict-Transport-Security": [
          "max-age=31536000; includeSubDomains"
        ],
        "x-ms-request-id": [
          "b52b47b8-a44d-4005-93af-5fceecc9d831"
        ],
        "Server": [
          "Microsoft-HTTPAPI/2.0"
        ],
        "x-ms-ratelimit-remaining-subscription-reads": [
          "11985"
        ],
        "x-ms-correlation-request-id": [
          "d0eddda7-de1a-4d16-af27-a6530a043e75"
        ],
        "x-ms-routing-request-id": [
          "WESTUS:20200224T173727Z:d0eddda7-de1a-4d16-af27-a6530a043e75"
        ],
        "X-Content-Type-Options": [
          "nosniff"
        ],
        "Date": [
          "Mon, 24 Feb 2020 17:37:26 GMT"
        ],
        "Content-Length": [
          "670"
        ],
        "Content-Type": [
          "application/json; charset=utf-8"
        ],
        "Expires": [
          "-1"
        ]
      },
      "ResponseBody": "{\r\n  \"value\": [\r\n    {\r\n      \"id\": \"/subscriptions/a200340d-6b82-494d-9dbf-687ba6e33f9e/resourceGroups/powershelltest/providers/Microsoft.ApiManagement/service/powershellsdkservice/products/unlimited\",\r\n      \"type\": \"Microsoft.ApiManagement/service/products\",\r\n      \"name\": \"unlimited\",\r\n      \"properties\": {\r\n        \"displayName\": \"Unlimited\",\r\n        \"description\": \"Subscribers have completely unlimited access to the API. Administrator approval is required.\",\r\n        \"terms\": null,\r\n        \"subscriptionRequired\": true,\r\n        \"approvalRequired\": true,\r\n        \"subscriptionsLimit\": 1,\r\n        \"state\": \"published\"\r\n      }\r\n    }\r\n  ],\r\n  \"count\": 1\r\n}",
      "StatusCode": 200
    },
    {
      "RequestUri": "/subscriptions/a200340d-6b82-494d-9dbf-687ba6e33f9e/resourceGroups/powershelltest/providers/Microsoft.ApiManagement/service/powershellsdkservice/products/unlimited/policies/policy?api-version=2019-01-01",
      "EncodedRequestUri": "L3N1YnNjcmlwdGlvbnMvYTIwMDM0MGQtNmI4Mi00OTRkLTlkYmYtNjg3YmE2ZTMzZjllL3Jlc291cmNlR3JvdXBzL3Bvd2Vyc2hlbGx0ZXN0L3Byb3ZpZGVycy9NaWNyb3NvZnQuQXBpTWFuYWdlbWVudC9zZXJ2aWNlL3Bvd2Vyc2hlbGxzZGtzZXJ2aWNlL3Byb2R1Y3RzL3VubGltaXRlZC9wb2xpY2llcy9wb2xpY3k/YXBpLXZlcnNpb249MjAxOS0wMS0wMQ==",
      "RequestMethod": "PUT",
      "RequestBody": "{\r\n  \"properties\": {\r\n    \"value\": \"<?xml version=\\\"1.0\\\" encoding=\\\"utf-8\\\" ?>\\r\\n<policies>\\r\\n    <inbound>\\r\\n        <rate-limit calls=\\\"5\\\" renewal-period=\\\"60\\\" />\\r\\n        <quota calls=\\\"100\\\" renewal-period=\\\"604800\\\" />\\r\\n        <base />\\r\\n    </inbound>\\r\\n    <outbound>\\r\\n        <base />\\r\\n    </outbound>\\r\\n</policies>\",\r\n    \"format\": \"xml\"\r\n  }\r\n}",
      "RequestHeaders": {
        "x-ms-client-request-id": [
          "4673771e-bbbe-4e57-8bd0-e5a8dd6ff2e1"
        ],
        "If-Match": [
          "*"
        ],
        "Accept-Language": [
          "en-US"
        ],
        "User-Agent": [
          "FxVersion/4.6.28325.01",
          "OSName/Windows",
          "OSVersion/Microsoft.Windows.10.0.18363.",
          "Microsoft.Azure.Management.ApiManagement.ApiManagementClient/4.12.0.0"
        ],
        "Content-Type": [
          "application/json; charset=utf-8"
        ],
        "Content-Length": [
          "372"
        ]
      },
      "ResponseHeaders": {
        "Cache-Control": [
          "no-cache"
        ],
        "Pragma": [
          "no-cache"
        ],
        "ETag": [
          "\"AAAAAAAACfs=\""
        ],
        "Strict-Transport-Security": [
          "max-age=31536000; includeSubDomains"
        ],
        "x-ms-request-id": [
          "ba4da745-a21e-4428-b537-a728c0bb943d"
        ],
        "Server": [
          "Microsoft-HTTPAPI/2.0"
        ],
        "x-ms-ratelimit-remaining-subscription-writes": [
          "1198"
        ],
        "x-ms-correlation-request-id": [
          "fb87b595-014a-475b-bb7b-e05edd109020"
        ],
        "x-ms-routing-request-id": [
          "WESTUS:20200224T173721Z:fb87b595-014a-475b-bb7b-e05edd109020"
        ],
        "X-Content-Type-Options": [
          "nosniff"
        ],
        "Date": [
          "Mon, 24 Feb 2020 17:37:21 GMT"
        ],
        "Content-Length": [
          "578"
        ],
        "Content-Type": [
          "application/json; charset=utf-8"
        ],
        "Expires": [
          "-1"
        ]
      },
      "ResponseBody": "{\r\n  \"id\": \"/subscriptions/a200340d-6b82-494d-9dbf-687ba6e33f9e/resourceGroups/powershelltest/providers/Microsoft.ApiManagement/service/powershellsdkservice/products/unlimited/policies/policy\",\r\n  \"type\": \"Microsoft.ApiManagement/service/products/policies\",\r\n  \"name\": \"policy\",\r\n  \"properties\": {\r\n    \"format\": \"xml\",\r\n    \"value\": \"<policies>\\r\\n\\t<inbound>\\r\\n\\t\\t<rate-limit calls=\\\"5\\\" renewal-period=\\\"60\\\" />\\r\\n\\t\\t<quota calls=\\\"100\\\" renewal-period=\\\"604800\\\" />\\r\\n\\t\\t<base />\\r\\n\\t</inbound>\\r\\n\\t<outbound>\\r\\n\\t\\t<base />\\r\\n\\t</outbound>\\r\\n</policies>\"\r\n  }\r\n}",
      "StatusCode": 201
    },
    {
      "RequestUri": "/subscriptions/a200340d-6b82-494d-9dbf-687ba6e33f9e/resourceGroups/powershelltest/providers/Microsoft.ApiManagement/service/powershellsdkservice/products/unlimited/policies/policy?api-version=2019-01-01",
      "EncodedRequestUri": "L3N1YnNjcmlwdGlvbnMvYTIwMDM0MGQtNmI4Mi00OTRkLTlkYmYtNjg3YmE2ZTMzZjllL3Jlc291cmNlR3JvdXBzL3Bvd2Vyc2hlbGx0ZXN0L3Byb3ZpZGVycy9NaWNyb3NvZnQuQXBpTWFuYWdlbWVudC9zZXJ2aWNlL3Bvd2Vyc2hlbGxzZGtzZXJ2aWNlL3Byb2R1Y3RzL3VubGltaXRlZC9wb2xpY2llcy9wb2xpY3k/YXBpLXZlcnNpb249MjAxOS0wMS0wMQ==",
      "RequestMethod": "PUT",
      "RequestBody": "{\r\n  \"properties\": {\r\n    \"value\": \"<policies><inbound><rate-limit calls=\\\"5\\\" renewal-period=\\\"60\\\" /><quota calls=\\\"100\\\" renewal-period=\\\"604800\\\" /><base /></inbound><outbound><base /></outbound></policies>\",\r\n    \"format\": \"xml\"\r\n  }\r\n}",
      "RequestHeaders": {
        "x-ms-client-request-id": [
          "a1498e87-2c6d-401b-bdbb-2721aec9c238"
        ],
        "If-Match": [
          "*"
        ],
        "Accept-Language": [
          "en-US"
        ],
        "User-Agent": [
          "FxVersion/4.6.28325.01",
          "OSName/Windows",
          "OSVersion/Microsoft.Windows.10.0.18363.",
          "Microsoft.Azure.Management.ApiManagement.ApiManagementClient/4.12.0.0"
        ],
        "Content-Type": [
          "application/json; charset=utf-8"
        ],
        "Content-Length": [
          "241"
        ]
      },
      "ResponseHeaders": {
        "Cache-Control": [
          "no-cache"
        ],
        "Pragma": [
          "no-cache"
        ],
        "ETag": [
          "\"AAAAAAAAChk=\""
        ],
        "Strict-Transport-Security": [
          "max-age=31536000; includeSubDomains"
        ],
        "x-ms-request-id": [
          "d9030da4-daea-452b-9ca4-73205e0f0221"
        ],
        "Server": [
          "Microsoft-HTTPAPI/2.0"
        ],
        "x-ms-ratelimit-remaining-subscription-writes": [
          "1194"
        ],
        "x-ms-correlation-request-id": [
          "d06e67cc-9ef3-4346-84d2-261ca936a063"
        ],
        "x-ms-routing-request-id": [
          "WESTUS:20200224T173727Z:d06e67cc-9ef3-4346-84d2-261ca936a063"
        ],
        "X-Content-Type-Options": [
          "nosniff"
        ],
        "Date": [
          "Mon, 24 Feb 2020 17:37:26 GMT"
        ],
        "Content-Length": [
          "578"
        ],
        "Content-Type": [
          "application/json; charset=utf-8"
        ],
        "Expires": [
          "-1"
        ]
      },
      "ResponseBody": "{\r\n  \"id\": \"/subscriptions/a200340d-6b82-494d-9dbf-687ba6e33f9e/resourceGroups/powershelltest/providers/Microsoft.ApiManagement/service/powershellsdkservice/products/unlimited/policies/policy\",\r\n  \"type\": \"Microsoft.ApiManagement/service/products/policies\",\r\n  \"name\": \"policy\",\r\n  \"properties\": {\r\n    \"format\": \"xml\",\r\n    \"value\": \"<policies>\\r\\n\\t<inbound>\\r\\n\\t\\t<rate-limit calls=\\\"5\\\" renewal-period=\\\"60\\\" />\\r\\n\\t\\t<quota calls=\\\"100\\\" renewal-period=\\\"604800\\\" />\\r\\n\\t\\t<base />\\r\\n\\t</inbound>\\r\\n\\t<outbound>\\r\\n\\t\\t<base />\\r\\n\\t</outbound>\\r\\n</policies>\"\r\n  }\r\n}",
      "StatusCode": 201
    },
    {
      "RequestUri": "/subscriptions/a200340d-6b82-494d-9dbf-687ba6e33f9e/resourceGroups/powershelltest/providers/Microsoft.ApiManagement/service/powershellsdkservice/products/unlimited/policies/policy?format=xml&api-version=2019-01-01",
      "EncodedRequestUri": "L3N1YnNjcmlwdGlvbnMvYTIwMDM0MGQtNmI4Mi00OTRkLTlkYmYtNjg3YmE2ZTMzZjllL3Jlc291cmNlR3JvdXBzL3Bvd2Vyc2hlbGx0ZXN0L3Byb3ZpZGVycy9NaWNyb3NvZnQuQXBpTWFuYWdlbWVudC9zZXJ2aWNlL3Bvd2Vyc2hlbGxzZGtzZXJ2aWNlL3Byb2R1Y3RzL3VubGltaXRlZC9wb2xpY2llcy9wb2xpY3k/Zm9ybWF0PXhtbCZhcGktdmVyc2lvbj0yMDE5LTAxLTAx",
      "RequestMethod": "GET",
      "RequestBody": "",
      "RequestHeaders": {
        "x-ms-client-request-id": [
          "c906f235-0445-4fc1-aabe-e44bc3f9f1e5"
        ],
        "Accept-Language": [
          "en-US"
        ],
        "User-Agent": [
          "FxVersion/4.6.28325.01",
          "OSName/Windows",
          "OSVersion/Microsoft.Windows.10.0.18363.",
          "Microsoft.Azure.Management.ApiManagement.ApiManagementClient/4.12.0.0"
        ]
      },
      "ResponseHeaders": {
        "Cache-Control": [
          "no-cache"
        ],
        "Pragma": [
          "no-cache"
        ],
        "ETag": [
          "\"AAAAAAAACfs=\""
        ],
        "Strict-Transport-Security": [
          "max-age=31536000; includeSubDomains"
        ],
        "x-ms-request-id": [
          "e4584631-91c5-4472-81f5-5ec9b2a98a78"
        ],
        "Server": [
          "Microsoft-HTTPAPI/2.0"
        ],
        "x-ms-ratelimit-remaining-subscription-reads": [
          "11996"
        ],
        "x-ms-correlation-request-id": [
          "82ab9a3f-3cb3-420b-ad6f-85c6a1a8f75f"
        ],
        "x-ms-routing-request-id": [
          "WESTUS:20200224T173722Z:82ab9a3f-3cb3-420b-ad6f-85c6a1a8f75f"
        ],
        "X-Content-Type-Options": [
          "nosniff"
        ],
        "Date": [
          "Mon, 24 Feb 2020 17:37:21 GMT"
        ],
        "Content-Length": [
          "578"
        ],
        "Content-Type": [
          "application/json; charset=utf-8"
        ],
        "Expires": [
          "-1"
        ]
      },
      "ResponseBody": "{\r\n  \"id\": \"/subscriptions/a200340d-6b82-494d-9dbf-687ba6e33f9e/resourceGroups/powershelltest/providers/Microsoft.ApiManagement/service/powershellsdkservice/products/unlimited/policies/policy\",\r\n  \"type\": \"Microsoft.ApiManagement/service/products/policies\",\r\n  \"name\": \"policy\",\r\n  \"properties\": {\r\n    \"format\": \"xml\",\r\n    \"value\": \"<policies>\\r\\n\\t<inbound>\\r\\n\\t\\t<rate-limit calls=\\\"5\\\" renewal-period=\\\"60\\\" />\\r\\n\\t\\t<quota calls=\\\"100\\\" renewal-period=\\\"604800\\\" />\\r\\n\\t\\t<base />\\r\\n\\t</inbound>\\r\\n\\t<outbound>\\r\\n\\t\\t<base />\\r\\n\\t</outbound>\\r\\n</policies>\"\r\n  }\r\n}",
      "StatusCode": 200
    },
    {
      "RequestUri": "/subscriptions/a200340d-6b82-494d-9dbf-687ba6e33f9e/resourceGroups/powershelltest/providers/Microsoft.ApiManagement/service/powershellsdkservice/products/unlimited/policies/policy?format=xml&api-version=2019-01-01",
      "EncodedRequestUri": "L3N1YnNjcmlwdGlvbnMvYTIwMDM0MGQtNmI4Mi00OTRkLTlkYmYtNjg3YmE2ZTMzZjllL3Jlc291cmNlR3JvdXBzL3Bvd2Vyc2hlbGx0ZXN0L3Byb3ZpZGVycy9NaWNyb3NvZnQuQXBpTWFuYWdlbWVudC9zZXJ2aWNlL3Bvd2Vyc2hlbGxzZGtzZXJ2aWNlL3Byb2R1Y3RzL3VubGltaXRlZC9wb2xpY2llcy9wb2xpY3k/Zm9ybWF0PXhtbCZhcGktdmVyc2lvbj0yMDE5LTAxLTAx",
      "RequestMethod": "GET",
      "RequestBody": "",
      "RequestHeaders": {
        "x-ms-client-request-id": [
          "79b0a99e-11d6-46e2-a346-ef58e6c920e2"
        ],
        "Accept-Language": [
          "en-US"
        ],
        "User-Agent": [
          "FxVersion/4.6.28325.01",
          "OSName/Windows",
          "OSVersion/Microsoft.Windows.10.0.18363.",
          "Microsoft.Azure.Management.ApiManagement.ApiManagementClient/4.12.0.0"
        ]
      },
      "ResponseHeaders": {
        "Cache-Control": [
          "no-cache"
        ],
        "Pragma": [
          "no-cache"
        ],
        "Strict-Transport-Security": [
          "max-age=31536000; includeSubDomains"
        ],
        "x-ms-request-id": [
          "54661d66-f7fd-4617-bd80-0a487c1325f0"
        ],
        "Server": [
          "Microsoft-HTTPAPI/2.0"
        ],
        "x-ms-ratelimit-remaining-subscription-reads": [
          "11995"
        ],
        "x-ms-correlation-request-id": [
          "56ba012f-7338-4924-8736-7b0a84b8a33b"
        ],
        "x-ms-routing-request-id": [
          "WESTUS:20200224T173722Z:56ba012f-7338-4924-8736-7b0a84b8a33b"
        ],
        "X-Content-Type-Options": [
          "nosniff"
        ],
        "Date": [
          "Mon, 24 Feb 2020 17:37:21 GMT"
        ],
        "Content-Length": [
          "97"
        ],
        "Content-Type": [
          "application/json; charset=utf-8"
        ],
        "Expires": [
          "-1"
        ]
      },
      "ResponseBody": "{\r\n  \"error\": {\r\n    \"code\": \"ResourceNotFound\",\r\n    \"message\": \"PoliciesConfiguration not found.\",\r\n    \"details\": null\r\n  }\r\n}",
      "StatusCode": 404
    },
    {
      "RequestUri": "/subscriptions/a200340d-6b82-494d-9dbf-687ba6e33f9e/resourceGroups/powershelltest/providers/Microsoft.ApiManagement/service/powershellsdkservice/products/unlimited/policies/policy?format=xml&api-version=2019-01-01",
      "EncodedRequestUri": "L3N1YnNjcmlwdGlvbnMvYTIwMDM0MGQtNmI4Mi00OTRkLTlkYmYtNjg3YmE2ZTMzZjllL3Jlc291cmNlR3JvdXBzL3Bvd2Vyc2hlbGx0ZXN0L3Byb3ZpZGVycy9NaWNyb3NvZnQuQXBpTWFuYWdlbWVudC9zZXJ2aWNlL3Bvd2Vyc2hlbGxzZGtzZXJ2aWNlL3Byb2R1Y3RzL3VubGltaXRlZC9wb2xpY2llcy9wb2xpY3k/Zm9ybWF0PXhtbCZhcGktdmVyc2lvbj0yMDE5LTAxLTAx",
      "RequestMethod": "GET",
      "RequestBody": "",
      "RequestHeaders": {
        "x-ms-client-request-id": [
          "ba36187a-88dd-416c-be3a-9496fac20277"
        ],
        "Accept-Language": [
          "en-US"
        ],
        "User-Agent": [
          "FxVersion/4.6.28325.01",
          "OSName/Windows",
          "OSVersion/Microsoft.Windows.10.0.18363.",
          "Microsoft.Azure.Management.ApiManagement.ApiManagementClient/4.12.0.0"
        ]
      },
      "ResponseHeaders": {
        "Cache-Control": [
          "no-cache"
        ],
        "Pragma": [
          "no-cache"
        ],
        "Strict-Transport-Security": [
          "max-age=31536000; includeSubDomains"
        ],
        "x-ms-request-id": [
          "81e598a3-ec2c-45e0-8600-cee00af59f5b"
        ],
        "Server": [
          "Microsoft-HTTPAPI/2.0"
        ],
        "x-ms-ratelimit-remaining-subscription-reads": [
          "11983"
        ],
        "x-ms-correlation-request-id": [
          "d93c8a23-1905-489f-b4b8-2900cc37ef26"
        ],
        "x-ms-routing-request-id": [
          "WESTUS:20200224T173728Z:d93c8a23-1905-489f-b4b8-2900cc37ef26"
        ],
        "X-Content-Type-Options": [
          "nosniff"
        ],
        "Date": [
          "Mon, 24 Feb 2020 17:37:27 GMT"
        ],
        "Content-Length": [
          "97"
        ],
        "Content-Type": [
          "application/json; charset=utf-8"
        ],
        "Expires": [
          "-1"
        ]
      },
      "ResponseBody": "{\r\n  \"error\": {\r\n    \"code\": \"ResourceNotFound\",\r\n    \"message\": \"PoliciesConfiguration not found.\",\r\n    \"details\": null\r\n  }\r\n}",
      "StatusCode": 404
    },
    {
      "RequestUri": "/subscriptions/a200340d-6b82-494d-9dbf-687ba6e33f9e/resourceGroups/powershelltest/providers/Microsoft.ApiManagement/service/powershellsdkservice/products/unlimited/policies/policy?api-version=2019-01-01",
      "EncodedRequestUri": "L3N1YnNjcmlwdGlvbnMvYTIwMDM0MGQtNmI4Mi00OTRkLTlkYmYtNjg3YmE2ZTMzZjllL3Jlc291cmNlR3JvdXBzL3Bvd2Vyc2hlbGx0ZXN0L3Byb3ZpZGVycy9NaWNyb3NvZnQuQXBpTWFuYWdlbWVudC9zZXJ2aWNlL3Bvd2Vyc2hlbGxzZGtzZXJ2aWNlL3Byb2R1Y3RzL3VubGltaXRlZC9wb2xpY2llcy9wb2xpY3k/YXBpLXZlcnNpb249MjAxOS0wMS0wMQ==",
      "RequestMethod": "DELETE",
      "RequestBody": "",
      "RequestHeaders": {
        "x-ms-client-request-id": [
          "9c5cf6d4-6431-40b6-aaf1-b2ced39f388c"
        ],
        "If-Match": [
          "*"
        ],
        "Accept-Language": [
          "en-US"
        ],
        "User-Agent": [
          "FxVersion/4.6.28325.01",
          "OSName/Windows",
          "OSVersion/Microsoft.Windows.10.0.18363.",
          "Microsoft.Azure.Management.ApiManagement.ApiManagementClient/4.12.0.0"
        ]
      },
      "ResponseHeaders": {
        "Cache-Control": [
          "no-cache"
        ],
        "Pragma": [
          "no-cache"
        ],
        "Strict-Transport-Security": [
          "max-age=31536000; includeSubDomains"
        ],
        "x-ms-request-id": [
          "cad7525a-555d-4540-9313-a303aab44a80"
        ],
        "Server": [
          "Microsoft-HTTPAPI/2.0"
        ],
        "x-ms-ratelimit-remaining-subscription-deletes": [
          "14998"
        ],
        "x-ms-correlation-request-id": [
          "c4742b42-527b-4603-861b-9ebfde4a4b3a"
        ],
        "x-ms-routing-request-id": [
          "WESTUS:20200224T173722Z:c4742b42-527b-4603-861b-9ebfde4a4b3a"
        ],
        "X-Content-Type-Options": [
          "nosniff"
        ],
        "Date": [
          "Mon, 24 Feb 2020 17:37:21 GMT"
        ],
        "Expires": [
          "-1"
        ],
        "Content-Length": [
          "0"
        ]
      },
      "ResponseBody": "",
      "StatusCode": 200
    },
    {
      "RequestUri": "/subscriptions/a200340d-6b82-494d-9dbf-687ba6e33f9e/resourceGroups/powershelltest/providers/Microsoft.ApiManagement/service/powershellsdkservice/products/unlimited/policies/policy?api-version=2019-01-01",
      "EncodedRequestUri": "L3N1YnNjcmlwdGlvbnMvYTIwMDM0MGQtNmI4Mi00OTRkLTlkYmYtNjg3YmE2ZTMzZjllL3Jlc291cmNlR3JvdXBzL3Bvd2Vyc2hlbGx0ZXN0L3Byb3ZpZGVycy9NaWNyb3NvZnQuQXBpTWFuYWdlbWVudC9zZXJ2aWNlL3Bvd2Vyc2hlbGxzZGtzZXJ2aWNlL3Byb2R1Y3RzL3VubGltaXRlZC9wb2xpY2llcy9wb2xpY3k/YXBpLXZlcnNpb249MjAxOS0wMS0wMQ==",
      "RequestMethod": "DELETE",
      "RequestBody": "",
      "RequestHeaders": {
        "x-ms-client-request-id": [
          "e3bf1d26-1d1c-4459-9f18-e69d4e5bad92"
        ],
        "If-Match": [
          "*"
        ],
        "Accept-Language": [
          "en-US"
        ],
        "User-Agent": [
          "FxVersion/4.6.28325.01",
          "OSName/Windows",
          "OSVersion/Microsoft.Windows.10.0.18363.",
          "Microsoft.Azure.Management.ApiManagement.ApiManagementClient/4.12.0.0"
        ]
      },
      "ResponseHeaders": {
        "Cache-Control": [
          "no-cache"
        ],
        "Pragma": [
          "no-cache"
        ],
        "Strict-Transport-Security": [
          "max-age=31536000; includeSubDomains"
        ],
        "x-ms-request-id": [
          "c65d4fd8-185e-445a-914b-4fbbd8e25d49"
        ],
        "Server": [
          "Microsoft-HTTPAPI/2.0"
        ],
        "x-ms-ratelimit-remaining-subscription-deletes": [
          "14994"
        ],
        "x-ms-correlation-request-id": [
          "8b37e0e6-af0d-4544-883c-9095407f1556"
        ],
        "x-ms-routing-request-id": [
          "WESTUS:20200224T173727Z:8b37e0e6-af0d-4544-883c-9095407f1556"
        ],
        "X-Content-Type-Options": [
          "nosniff"
        ],
        "Date": [
          "Mon, 24 Feb 2020 17:37:27 GMT"
        ],
        "Expires": [
          "-1"
        ],
        "Content-Length": [
          "0"
        ]
      },
      "ResponseBody": "",
      "StatusCode": 200
    },
    {
      "RequestUri": "/subscriptions/a200340d-6b82-494d-9dbf-687ba6e33f9e/resourceGroups/powershelltest/providers/Microsoft.ApiManagement/service/powershellsdkservice/apis?api-version=2019-01-01",
      "EncodedRequestUri": "L3N1YnNjcmlwdGlvbnMvYTIwMDM0MGQtNmI4Mi00OTRkLTlkYmYtNjg3YmE2ZTMzZjllL3Jlc291cmNlR3JvdXBzL3Bvd2Vyc2hlbGx0ZXN0L3Byb3ZpZGVycy9NaWNyb3NvZnQuQXBpTWFuYWdlbWVudC9zZXJ2aWNlL3Bvd2Vyc2hlbGxzZGtzZXJ2aWNlL2FwaXM/YXBpLXZlcnNpb249MjAxOS0wMS0wMQ==",
      "RequestMethod": "GET",
      "RequestBody": "",
      "RequestHeaders": {
        "x-ms-client-request-id": [
          "8572d1b5-1cf0-4c0f-afde-aa03abb72801"
        ],
        "Accept-Language": [
          "en-US"
        ],
        "User-Agent": [
          "FxVersion/4.6.28325.01",
          "OSName/Windows",
          "OSVersion/Microsoft.Windows.10.0.18363.",
          "Microsoft.Azure.Management.ApiManagement.ApiManagementClient/4.12.0.0"
        ]
      },
      "ResponseHeaders": {
        "Cache-Control": [
          "no-cache"
        ],
        "Pragma": [
          "no-cache"
        ],
        "Strict-Transport-Security": [
          "max-age=31536000; includeSubDomains"
        ],
        "x-ms-request-id": [
          "f7a9438c-7d24-4c6d-af9b-c1e74d3e1a8d"
        ],
        "Server": [
          "Microsoft-HTTPAPI/2.0"
        ],
        "x-ms-ratelimit-remaining-subscription-reads": [
          "11994"
        ],
        "x-ms-correlation-request-id": [
          "de4ada10-bdd1-444b-b94d-2bb93d4b3308"
        ],
        "x-ms-routing-request-id": [
          "WESTUS:20200224T173722Z:de4ada10-bdd1-444b-b94d-2bb93d4b3308"
        ],
        "X-Content-Type-Options": [
          "nosniff"
        ],
        "Date": [
          "Mon, 24 Feb 2020 17:37:21 GMT"
        ],
        "Content-Length": [
          "729"
        ],
        "Content-Type": [
          "application/json; charset=utf-8"
        ],
        "Expires": [
          "-1"
        ]
      },
      "ResponseBody": "{\r\n  \"value\": [\r\n    {\r\n      \"id\": \"/subscriptions/a200340d-6b82-494d-9dbf-687ba6e33f9e/resourceGroups/powershelltest/providers/Microsoft.ApiManagement/service/powershellsdkservice/apis/echo-api\",\r\n      \"type\": \"Microsoft.ApiManagement/service/apis\",\r\n      \"name\": \"echo-api\",\r\n      \"properties\": {\r\n        \"displayName\": \"Echo API\",\r\n        \"apiRevision\": \"1\",\r\n        \"description\": null,\r\n        \"subscriptionRequired\": true,\r\n        \"serviceUrl\": \"http://echoapi.cloudapp.net/api\",\r\n        \"path\": \"echo\",\r\n        \"protocols\": [\r\n          \"https\"\r\n        ],\r\n        \"authenticationSettings\": null,\r\n        \"subscriptionKeyParameterNames\": null,\r\n        \"isCurrent\": true\r\n      }\r\n    }\r\n  ],\r\n  \"count\": 1\r\n}",
      "StatusCode": 200
    },
    {
      "RequestUri": "/subscriptions/a200340d-6b82-494d-9dbf-687ba6e33f9e/resourceGroups/powershelltest/providers/Microsoft.ApiManagement/service/powershellsdkservice/apis?api-version=2019-01-01",
      "EncodedRequestUri": "L3N1YnNjcmlwdGlvbnMvYTIwMDM0MGQtNmI4Mi00OTRkLTlkYmYtNjg3YmE2ZTMzZjllL3Jlc291cmNlR3JvdXBzL3Bvd2Vyc2hlbGx0ZXN0L3Byb3ZpZGVycy9NaWNyb3NvZnQuQXBpTWFuYWdlbWVudC9zZXJ2aWNlL3Bvd2Vyc2hlbGxzZGtzZXJ2aWNlL2FwaXM/YXBpLXZlcnNpb249MjAxOS0wMS0wMQ==",
      "RequestMethod": "GET",
      "RequestBody": "",
      "RequestHeaders": {
        "x-ms-client-request-id": [
          "112c2c96-7c48-4935-b073-4d9615e90185"
        ],
        "Accept-Language": [
          "en-US"
        ],
        "User-Agent": [
          "FxVersion/4.6.28325.01",
          "OSName/Windows",
          "OSVersion/Microsoft.Windows.10.0.18363.",
          "Microsoft.Azure.Management.ApiManagement.ApiManagementClient/4.12.0.0"
        ]
      },
      "ResponseHeaders": {
        "Cache-Control": [
          "no-cache"
        ],
        "Pragma": [
          "no-cache"
        ],
        "Strict-Transport-Security": [
          "max-age=31536000; includeSubDomains"
        ],
        "x-ms-request-id": [
          "ad5bbc3b-8d0c-4e4d-a7c5-5e1407d8cc42"
        ],
        "Server": [
          "Microsoft-HTTPAPI/2.0"
        ],
        "x-ms-ratelimit-remaining-subscription-reads": [
          "11991"
        ],
        "x-ms-correlation-request-id": [
          "13550d22-14d7-4e37-8da9-a085e1a47b1d"
        ],
        "x-ms-routing-request-id": [
          "WESTUS:20200224T173724Z:13550d22-14d7-4e37-8da9-a085e1a47b1d"
        ],
        "X-Content-Type-Options": [
          "nosniff"
        ],
        "Date": [
          "Mon, 24 Feb 2020 17:37:23 GMT"
        ],
        "Content-Length": [
          "729"
        ],
        "Content-Type": [
          "application/json; charset=utf-8"
        ],
        "Expires": [
          "-1"
        ]
      },
      "ResponseBody": "{\r\n  \"value\": [\r\n    {\r\n      \"id\": \"/subscriptions/a200340d-6b82-494d-9dbf-687ba6e33f9e/resourceGroups/powershelltest/providers/Microsoft.ApiManagement/service/powershellsdkservice/apis/echo-api\",\r\n      \"type\": \"Microsoft.ApiManagement/service/apis\",\r\n      \"name\": \"echo-api\",\r\n      \"properties\": {\r\n        \"displayName\": \"Echo API\",\r\n        \"apiRevision\": \"1\",\r\n        \"description\": null,\r\n        \"subscriptionRequired\": true,\r\n        \"serviceUrl\": \"http://echoapi.cloudapp.net/api\",\r\n        \"path\": \"echo\",\r\n        \"protocols\": [\r\n          \"https\"\r\n        ],\r\n        \"authenticationSettings\": null,\r\n        \"subscriptionKeyParameterNames\": null,\r\n        \"isCurrent\": true\r\n      }\r\n    }\r\n  ],\r\n  \"count\": 1\r\n}",
      "StatusCode": 200
    },
    {
      "RequestUri": "/subscriptions/a200340d-6b82-494d-9dbf-687ba6e33f9e/resourceGroups/powershelltest/providers/Microsoft.ApiManagement/service/powershellsdkservice/apis?api-version=2019-01-01",
      "EncodedRequestUri": "L3N1YnNjcmlwdGlvbnMvYTIwMDM0MGQtNmI4Mi00OTRkLTlkYmYtNjg3YmE2ZTMzZjllL3Jlc291cmNlR3JvdXBzL3Bvd2Vyc2hlbGx0ZXN0L3Byb3ZpZGVycy9NaWNyb3NvZnQuQXBpTWFuYWdlbWVudC9zZXJ2aWNlL3Bvd2Vyc2hlbGxzZGtzZXJ2aWNlL2FwaXM/YXBpLXZlcnNpb249MjAxOS0wMS0wMQ==",
      "RequestMethod": "GET",
      "RequestBody": "",
      "RequestHeaders": {
        "x-ms-client-request-id": [
          "6df5fda8-9861-4572-8874-a0c2fe6e6f7a"
        ],
        "Accept-Language": [
          "en-US"
        ],
        "User-Agent": [
          "FxVersion/4.6.28325.01",
          "OSName/Windows",
          "OSVersion/Microsoft.Windows.10.0.18363.",
          "Microsoft.Azure.Management.ApiManagement.ApiManagementClient/4.12.0.0"
        ]
      },
      "ResponseHeaders": {
        "Cache-Control": [
          "no-cache"
        ],
        "Pragma": [
          "no-cache"
        ],
        "Strict-Transport-Security": [
          "max-age=31536000; includeSubDomains"
        ],
        "x-ms-request-id": [
          "6e7bec94-43de-4193-8d7a-1b6c175aef57"
        ],
        "Server": [
          "Microsoft-HTTPAPI/2.0"
        ],
        "x-ms-ratelimit-remaining-subscription-reads": [
          "11982"
        ],
        "x-ms-correlation-request-id": [
          "2a1f53f9-34c4-499e-b8ec-38b384d93789"
        ],
        "x-ms-routing-request-id": [
          "WESTUS:20200224T173728Z:2a1f53f9-34c4-499e-b8ec-38b384d93789"
        ],
        "X-Content-Type-Options": [
          "nosniff"
        ],
        "Date": [
          "Mon, 24 Feb 2020 17:37:27 GMT"
        ],
        "Content-Length": [
          "729"
        ],
        "Content-Type": [
          "application/json; charset=utf-8"
        ],
        "Expires": [
          "-1"
        ]
      },
      "ResponseBody": "{\r\n  \"value\": [\r\n    {\r\n      \"id\": \"/subscriptions/a200340d-6b82-494d-9dbf-687ba6e33f9e/resourceGroups/powershelltest/providers/Microsoft.ApiManagement/service/powershellsdkservice/apis/echo-api\",\r\n      \"type\": \"Microsoft.ApiManagement/service/apis\",\r\n      \"name\": \"echo-api\",\r\n      \"properties\": {\r\n        \"displayName\": \"Echo API\",\r\n        \"apiRevision\": \"1\",\r\n        \"description\": null,\r\n        \"subscriptionRequired\": true,\r\n        \"serviceUrl\": \"http://echoapi.cloudapp.net/api\",\r\n        \"path\": \"echo\",\r\n        \"protocols\": [\r\n          \"https\"\r\n        ],\r\n        \"authenticationSettings\": null,\r\n        \"subscriptionKeyParameterNames\": null,\r\n        \"isCurrent\": true\r\n      }\r\n    }\r\n  ],\r\n  \"count\": 1\r\n}",
      "StatusCode": 200
    },
    {
      "RequestUri": "/subscriptions/a200340d-6b82-494d-9dbf-687ba6e33f9e/resourceGroups/powershelltest/providers/Microsoft.ApiManagement/service/powershellsdkservice/apis?api-version=2019-01-01",
      "EncodedRequestUri": "L3N1YnNjcmlwdGlvbnMvYTIwMDM0MGQtNmI4Mi00OTRkLTlkYmYtNjg3YmE2ZTMzZjllL3Jlc291cmNlR3JvdXBzL3Bvd2Vyc2hlbGx0ZXN0L3Byb3ZpZGVycy9NaWNyb3NvZnQuQXBpTWFuYWdlbWVudC9zZXJ2aWNlL3Bvd2Vyc2hlbGxzZGtzZXJ2aWNlL2FwaXM/YXBpLXZlcnNpb249MjAxOS0wMS0wMQ==",
      "RequestMethod": "GET",
      "RequestBody": "",
      "RequestHeaders": {
        "x-ms-client-request-id": [
          "a2bfa704-11b9-4292-abf1-64b0a79a9877"
        ],
        "Accept-Language": [
          "en-US"
        ],
        "User-Agent": [
          "FxVersion/4.6.28325.01",
          "OSName/Windows",
          "OSVersion/Microsoft.Windows.10.0.18363.",
          "Microsoft.Azure.Management.ApiManagement.ApiManagementClient/4.12.0.0"
        ]
      },
      "ResponseHeaders": {
        "Cache-Control": [
          "no-cache"
        ],
        "Pragma": [
          "no-cache"
        ],
        "Strict-Transport-Security": [
          "max-age=31536000; includeSubDomains"
        ],
        "x-ms-request-id": [
          "bfbe82dd-7c72-4747-8be3-c70f48ef0123"
        ],
        "Server": [
          "Microsoft-HTTPAPI/2.0"
        ],
        "x-ms-ratelimit-remaining-subscription-reads": [
          "11979"
        ],
        "x-ms-correlation-request-id": [
          "6a07a6ae-ca8a-43b7-a17d-0718670624ae"
        ],
        "x-ms-routing-request-id": [
          "WESTUS:20200224T173728Z:6a07a6ae-ca8a-43b7-a17d-0718670624ae"
        ],
        "X-Content-Type-Options": [
          "nosniff"
        ],
        "Date": [
          "Mon, 24 Feb 2020 17:37:27 GMT"
        ],
        "Content-Length": [
          "729"
        ],
        "Content-Type": [
          "application/json; charset=utf-8"
        ],
        "Expires": [
          "-1"
        ]
      },
      "ResponseBody": "{\r\n  \"value\": [\r\n    {\r\n      \"id\": \"/subscriptions/a200340d-6b82-494d-9dbf-687ba6e33f9e/resourceGroups/powershelltest/providers/Microsoft.ApiManagement/service/powershellsdkservice/apis/echo-api\",\r\n      \"type\": \"Microsoft.ApiManagement/service/apis\",\r\n      \"name\": \"echo-api\",\r\n      \"properties\": {\r\n        \"displayName\": \"Echo API\",\r\n        \"apiRevision\": \"1\",\r\n        \"description\": null,\r\n        \"subscriptionRequired\": true,\r\n        \"serviceUrl\": \"http://echoapi.cloudapp.net/api\",\r\n        \"path\": \"echo\",\r\n        \"protocols\": [\r\n          \"https\"\r\n        ],\r\n        \"authenticationSettings\": null,\r\n        \"subscriptionKeyParameterNames\": null,\r\n        \"isCurrent\": true\r\n      }\r\n    }\r\n  ],\r\n  \"count\": 1\r\n}",
      "StatusCode": 200
    },
    {
      "RequestUri": "/subscriptions/a200340d-6b82-494d-9dbf-687ba6e33f9e/resourceGroups/powershelltest/providers/Microsoft.ApiManagement/service/powershellsdkservice/apis/echo-api/policies/policy?api-version=2019-01-01",
      "EncodedRequestUri": "L3N1YnNjcmlwdGlvbnMvYTIwMDM0MGQtNmI4Mi00OTRkLTlkYmYtNjg3YmE2ZTMzZjllL3Jlc291cmNlR3JvdXBzL3Bvd2Vyc2hlbGx0ZXN0L3Byb3ZpZGVycy9NaWNyb3NvZnQuQXBpTWFuYWdlbWVudC9zZXJ2aWNlL3Bvd2Vyc2hlbGxzZGtzZXJ2aWNlL2FwaXMvZWNoby1hcGkvcG9saWNpZXMvcG9saWN5P2FwaS12ZXJzaW9uPTIwMTktMDEtMDE=",
      "RequestMethod": "PUT",
      "RequestBody": "{\r\n  \"properties\": {\r\n    \"value\": \"<?xml version=\\\"1.0\\\" encoding=\\\"utf-8\\\" ?>\\r\\n<policies>\\r\\n    <inbound>\\r\\n        <base />\\r\\n        <cache-lookup vary-by-developer=\\\"false\\\" vary-by-developer-groups=\\\"false\\\" downstream-caching-type=\\\"none\\\">\\r\\n            <vary-by-query-parameter>version</vary-by-query-parameter>\\r\\n            <vary-by-header>Accept</vary-by-header>\\r\\n            <vary-by-header>Accept-Charset</vary-by-header>\\r\\n        </cache-lookup>\\r\\n    </inbound>\\r\\n    <outbound>\\r\\n        <cache-store duration=\\\"10\\\" />\\r\\n        <base />\\r\\n    </outbound>\\r\\n</policies>\",\r\n    \"format\": \"xml\"\r\n  }\r\n}",
      "RequestHeaders": {
        "x-ms-client-request-id": [
          "dbc2d37b-0ab8-4933-906b-d48af1459a7b"
        ],
        "If-Match": [
          "*"
        ],
        "Accept-Language": [
          "en-US"
        ],
        "User-Agent": [
          "FxVersion/4.6.28325.01",
          "OSName/Windows",
          "OSVersion/Microsoft.Windows.10.0.18363.",
          "Microsoft.Azure.Management.ApiManagement.ApiManagementClient/4.12.0.0"
        ],
        "Content-Type": [
          "application/json; charset=utf-8"
        ],
        "Content-Length": [
          "635"
        ]
      },
      "ResponseHeaders": {
        "Cache-Control": [
          "no-cache"
        ],
        "Pragma": [
          "no-cache"
        ],
        "ETag": [
          "\"AAAAAAAACgM=\""
        ],
        "Strict-Transport-Security": [
          "max-age=31536000; includeSubDomains"
        ],
        "x-ms-request-id": [
          "c75211e8-2877-4a45-b242-e52b823f0f0a"
        ],
        "Server": [
          "Microsoft-HTTPAPI/2.0"
        ],
        "x-ms-ratelimit-remaining-subscription-writes": [
          "1197"
        ],
        "x-ms-correlation-request-id": [
          "2ba79e67-d89a-46ea-a4ba-88347c6dad30"
        ],
        "x-ms-routing-request-id": [
          "WESTUS:20200224T173723Z:2ba79e67-d89a-46ea-a4ba-88347c6dad30"
        ],
        "X-Content-Type-Options": [
          "nosniff"
        ],
        "Date": [
          "Mon, 24 Feb 2020 17:37:22 GMT"
        ],
        "Content-Length": [
          "810"
        ],
        "Content-Type": [
          "application/json; charset=utf-8"
        ],
        "Expires": [
          "-1"
        ]
      },
      "ResponseBody": "{\r\n  \"id\": \"/subscriptions/a200340d-6b82-494d-9dbf-687ba6e33f9e/resourceGroups/powershelltest/providers/Microsoft.ApiManagement/service/powershellsdkservice/apis/echo-api/policies/policy\",\r\n  \"type\": \"Microsoft.ApiManagement/service/apis/policies\",\r\n  \"name\": \"policy\",\r\n  \"properties\": {\r\n    \"format\": \"xml\",\r\n    \"value\": \"<policies>\\r\\n\\t<inbound>\\r\\n\\t\\t<base />\\r\\n\\t\\t<cache-lookup vary-by-developer=\\\"false\\\" vary-by-developer-groups=\\\"false\\\" downstream-caching-type=\\\"none\\\">\\r\\n\\t\\t\\t<vary-by-query-parameter>version</vary-by-query-parameter>\\r\\n\\t\\t\\t<vary-by-header>Accept</vary-by-header>\\r\\n\\t\\t\\t<vary-by-header>Accept-Charset</vary-by-header>\\r\\n\\t\\t</cache-lookup>\\r\\n\\t</inbound>\\r\\n\\t<outbound>\\r\\n\\t\\t<cache-store duration=\\\"10\\\" />\\r\\n\\t\\t<base />\\r\\n\\t</outbound>\\r\\n</policies>\"\r\n  }\r\n}",
      "StatusCode": 201
    },
    {
      "RequestUri": "/subscriptions/a200340d-6b82-494d-9dbf-687ba6e33f9e/resourceGroups/powershelltest/providers/Microsoft.ApiManagement/service/powershellsdkservice/apis/echo-api/policies/policy?api-version=2019-01-01",
      "EncodedRequestUri": "L3N1YnNjcmlwdGlvbnMvYTIwMDM0MGQtNmI4Mi00OTRkLTlkYmYtNjg3YmE2ZTMzZjllL3Jlc291cmNlR3JvdXBzL3Bvd2Vyc2hlbGx0ZXN0L3Byb3ZpZGVycy9NaWNyb3NvZnQuQXBpTWFuYWdlbWVudC9zZXJ2aWNlL3Bvd2Vyc2hlbGxzZGtzZXJ2aWNlL2FwaXMvZWNoby1hcGkvcG9saWNpZXMvcG9saWN5P2FwaS12ZXJzaW9uPTIwMTktMDEtMDE=",
      "RequestMethod": "PUT",
      "RequestBody": "{\r\n  \"properties\": {\r\n    \"value\": \"<policies><inbound><base /><cache-lookup vary-by-developer=\\\"false\\\" vary-by-developer-groups=\\\"false\\\" downstream-caching-type=\\\"none\\\"><vary-by-query-parameter>version</vary-by-query-parameter><vary-by-header>Accept</vary-by-header><vary-by-header>Accept-Charset</vary-by-header></cache-lookup></inbound><outbound><cache-store duration=\\\"10\\\" /><base /></outbound></policies>\",\r\n    \"format\": \"xml\"\r\n  }\r\n}",
      "RequestHeaders": {
        "x-ms-client-request-id": [
          "1a8cf5fa-2efc-49ca-96fd-861ed253e545"
        ],
        "If-Match": [
          "*"
        ],
        "Accept-Language": [
          "en-US"
        ],
        "User-Agent": [
          "FxVersion/4.6.28325.01",
          "OSName/Windows",
          "OSVersion/Microsoft.Windows.10.0.18363.",
          "Microsoft.Azure.Management.ApiManagement.ApiManagementClient/4.12.0.0"
        ],
        "Content-Type": [
          "application/json; charset=utf-8"
        ],
        "Content-Length": [
          "444"
        ]
      },
      "ResponseHeaders": {
        "Cache-Control": [
          "no-cache"
        ],
        "Pragma": [
          "no-cache"
        ],
        "ETag": [
          "\"AAAAAAAACiA=\""
        ],
        "Strict-Transport-Security": [
          "max-age=31536000; includeSubDomains"
        ],
        "x-ms-request-id": [
          "ee21fecb-8be0-4062-98b6-c4849757ee99"
        ],
        "Server": [
          "Microsoft-HTTPAPI/2.0"
        ],
        "x-ms-ratelimit-remaining-subscription-writes": [
          "1193"
        ],
        "x-ms-correlation-request-id": [
          "78ea2b42-bddd-4979-9f46-dcfafb29faaf"
        ],
        "x-ms-routing-request-id": [
          "WESTUS:20200224T173728Z:78ea2b42-bddd-4979-9f46-dcfafb29faaf"
        ],
        "X-Content-Type-Options": [
          "nosniff"
        ],
        "Date": [
          "Mon, 24 Feb 2020 17:37:27 GMT"
        ],
        "Content-Length": [
          "810"
        ],
        "Content-Type": [
          "application/json; charset=utf-8"
        ],
        "Expires": [
          "-1"
        ]
      },
      "ResponseBody": "{\r\n  \"id\": \"/subscriptions/a200340d-6b82-494d-9dbf-687ba6e33f9e/resourceGroups/powershelltest/providers/Microsoft.ApiManagement/service/powershellsdkservice/apis/echo-api/policies/policy\",\r\n  \"type\": \"Microsoft.ApiManagement/service/apis/policies\",\r\n  \"name\": \"policy\",\r\n  \"properties\": {\r\n    \"format\": \"xml\",\r\n    \"value\": \"<policies>\\r\\n\\t<inbound>\\r\\n\\t\\t<base />\\r\\n\\t\\t<cache-lookup vary-by-developer=\\\"false\\\" vary-by-developer-groups=\\\"false\\\" downstream-caching-type=\\\"none\\\">\\r\\n\\t\\t\\t<vary-by-query-parameter>version</vary-by-query-parameter>\\r\\n\\t\\t\\t<vary-by-header>Accept</vary-by-header>\\r\\n\\t\\t\\t<vary-by-header>Accept-Charset</vary-by-header>\\r\\n\\t\\t</cache-lookup>\\r\\n\\t</inbound>\\r\\n\\t<outbound>\\r\\n\\t\\t<cache-store duration=\\\"10\\\" />\\r\\n\\t\\t<base />\\r\\n\\t</outbound>\\r\\n</policies>\"\r\n  }\r\n}",
      "StatusCode": 201
    },
    {
      "RequestUri": "/subscriptions/a200340d-6b82-494d-9dbf-687ba6e33f9e/resourceGroups/powershelltest/providers/Microsoft.ApiManagement/service/powershellsdkservice/apis/echo-api/policies/policy?format=xml&api-version=2019-01-01",
      "EncodedRequestUri": "L3N1YnNjcmlwdGlvbnMvYTIwMDM0MGQtNmI4Mi00OTRkLTlkYmYtNjg3YmE2ZTMzZjllL3Jlc291cmNlR3JvdXBzL3Bvd2Vyc2hlbGx0ZXN0L3Byb3ZpZGVycy9NaWNyb3NvZnQuQXBpTWFuYWdlbWVudC9zZXJ2aWNlL3Bvd2Vyc2hlbGxzZGtzZXJ2aWNlL2FwaXMvZWNoby1hcGkvcG9saWNpZXMvcG9saWN5P2Zvcm1hdD14bWwmYXBpLXZlcnNpb249MjAxOS0wMS0wMQ==",
      "RequestMethod": "GET",
      "RequestBody": "",
      "RequestHeaders": {
        "x-ms-client-request-id": [
          "9954641e-9b4b-43e0-9b82-7a7dad2180fc"
        ],
        "Accept-Language": [
          "en-US"
        ],
        "User-Agent": [
          "FxVersion/4.6.28325.01",
          "OSName/Windows",
          "OSVersion/Microsoft.Windows.10.0.18363.",
          "Microsoft.Azure.Management.ApiManagement.ApiManagementClient/4.12.0.0"
        ]
      },
      "ResponseHeaders": {
        "Cache-Control": [
          "no-cache"
        ],
        "Pragma": [
          "no-cache"
        ],
        "ETag": [
          "\"AAAAAAAACgM=\""
        ],
        "Strict-Transport-Security": [
          "max-age=31536000; includeSubDomains"
        ],
        "x-ms-request-id": [
          "8f43f76f-0218-48d6-8424-6278479c4af2"
        ],
        "Server": [
          "Microsoft-HTTPAPI/2.0"
        ],
        "x-ms-ratelimit-remaining-subscription-reads": [
          "11993"
        ],
        "x-ms-correlation-request-id": [
          "874dcc89-9ae3-477e-a77a-86b95b3c040f"
        ],
        "x-ms-routing-request-id": [
          "WESTUS:20200224T173723Z:874dcc89-9ae3-477e-a77a-86b95b3c040f"
        ],
        "X-Content-Type-Options": [
          "nosniff"
        ],
        "Date": [
          "Mon, 24 Feb 2020 17:37:22 GMT"
        ],
        "Content-Length": [
          "810"
        ],
        "Content-Type": [
          "application/json; charset=utf-8"
        ],
        "Expires": [
          "-1"
        ]
      },
      "ResponseBody": "{\r\n  \"id\": \"/subscriptions/a200340d-6b82-494d-9dbf-687ba6e33f9e/resourceGroups/powershelltest/providers/Microsoft.ApiManagement/service/powershellsdkservice/apis/echo-api/policies/policy\",\r\n  \"type\": \"Microsoft.ApiManagement/service/apis/policies\",\r\n  \"name\": \"policy\",\r\n  \"properties\": {\r\n    \"format\": \"xml\",\r\n    \"value\": \"<policies>\\r\\n\\t<inbound>\\r\\n\\t\\t<base />\\r\\n\\t\\t<cache-lookup vary-by-developer=\\\"false\\\" vary-by-developer-groups=\\\"false\\\" downstream-caching-type=\\\"none\\\">\\r\\n\\t\\t\\t<vary-by-query-parameter>version</vary-by-query-parameter>\\r\\n\\t\\t\\t<vary-by-header>Accept</vary-by-header>\\r\\n\\t\\t\\t<vary-by-header>Accept-Charset</vary-by-header>\\r\\n\\t\\t</cache-lookup>\\r\\n\\t</inbound>\\r\\n\\t<outbound>\\r\\n\\t\\t<cache-store duration=\\\"10\\\" />\\r\\n\\t\\t<base />\\r\\n\\t</outbound>\\r\\n</policies>\"\r\n  }\r\n}",
      "StatusCode": 200
    },
    {
      "RequestUri": "/subscriptions/a200340d-6b82-494d-9dbf-687ba6e33f9e/resourceGroups/powershelltest/providers/Microsoft.ApiManagement/service/powershellsdkservice/apis/echo-api/policies/policy?format=xml&api-version=2019-01-01",
      "EncodedRequestUri": "L3N1YnNjcmlwdGlvbnMvYTIwMDM0MGQtNmI4Mi00OTRkLTlkYmYtNjg3YmE2ZTMzZjllL3Jlc291cmNlR3JvdXBzL3Bvd2Vyc2hlbGx0ZXN0L3Byb3ZpZGVycy9NaWNyb3NvZnQuQXBpTWFuYWdlbWVudC9zZXJ2aWNlL3Bvd2Vyc2hlbGxzZGtzZXJ2aWNlL2FwaXMvZWNoby1hcGkvcG9saWNpZXMvcG9saWN5P2Zvcm1hdD14bWwmYXBpLXZlcnNpb249MjAxOS0wMS0wMQ==",
      "RequestMethod": "GET",
      "RequestBody": "",
      "RequestHeaders": {
        "x-ms-client-request-id": [
          "8a900dea-554c-440e-8b72-48e0fcae9b71"
        ],
        "Accept-Language": [
          "en-US"
        ],
        "User-Agent": [
          "FxVersion/4.6.28325.01",
          "OSName/Windows",
          "OSVersion/Microsoft.Windows.10.0.18363.",
          "Microsoft.Azure.Management.ApiManagement.ApiManagementClient/4.12.0.0"
        ]
      },
      "ResponseHeaders": {
        "Cache-Control": [
          "no-cache"
        ],
        "Pragma": [
          "no-cache"
        ],
        "Strict-Transport-Security": [
          "max-age=31536000; includeSubDomains"
        ],
        "x-ms-request-id": [
          "cfe184b6-2f2b-4419-a64b-839c6abce165"
        ],
        "Server": [
          "Microsoft-HTTPAPI/2.0"
        ],
        "x-ms-ratelimit-remaining-subscription-reads": [
          "11992"
        ],
        "x-ms-correlation-request-id": [
          "fe46eedb-d903-4618-8112-e2335d76a28d"
        ],
        "x-ms-routing-request-id": [
          "WESTUS:20200224T173724Z:fe46eedb-d903-4618-8112-e2335d76a28d"
        ],
        "X-Content-Type-Options": [
          "nosniff"
        ],
        "Date": [
          "Mon, 24 Feb 2020 17:37:23 GMT"
        ],
        "Content-Length": [
          "97"
        ],
        "Content-Type": [
          "application/json; charset=utf-8"
        ],
        "Expires": [
          "-1"
        ]
      },
      "ResponseBody": "{\r\n  \"error\": {\r\n    \"code\": \"ResourceNotFound\",\r\n    \"message\": \"PoliciesConfiguration not found.\",\r\n    \"details\": null\r\n  }\r\n}",
      "StatusCode": 404
    },
    {
      "RequestUri": "/subscriptions/a200340d-6b82-494d-9dbf-687ba6e33f9e/resourceGroups/powershelltest/providers/Microsoft.ApiManagement/service/powershellsdkservice/apis/echo-api/policies/policy?format=xml&api-version=2019-01-01",
      "EncodedRequestUri": "L3N1YnNjcmlwdGlvbnMvYTIwMDM0MGQtNmI4Mi00OTRkLTlkYmYtNjg3YmE2ZTMzZjllL3Jlc291cmNlR3JvdXBzL3Bvd2Vyc2hlbGx0ZXN0L3Byb3ZpZGVycy9NaWNyb3NvZnQuQXBpTWFuYWdlbWVudC9zZXJ2aWNlL3Bvd2Vyc2hlbGxzZGtzZXJ2aWNlL2FwaXMvZWNoby1hcGkvcG9saWNpZXMvcG9saWN5P2Zvcm1hdD14bWwmYXBpLXZlcnNpb249MjAxOS0wMS0wMQ==",
      "RequestMethod": "GET",
      "RequestBody": "",
      "RequestHeaders": {
        "x-ms-client-request-id": [
          "909d37fb-c9ea-4375-aefd-b98032dc9049"
        ],
        "Accept-Language": [
          "en-US"
        ],
        "User-Agent": [
          "FxVersion/4.6.28325.01",
          "OSName/Windows",
          "OSVersion/Microsoft.Windows.10.0.18363.",
          "Microsoft.Azure.Management.ApiManagement.ApiManagementClient/4.12.0.0"
        ]
      },
      "ResponseHeaders": {
        "Cache-Control": [
          "no-cache"
        ],
        "Pragma": [
          "no-cache"
        ],
        "Strict-Transport-Security": [
          "max-age=31536000; includeSubDomains"
        ],
        "x-ms-request-id": [
          "1f8836c7-6f9c-42d2-a2da-ce8e0d7fe77c"
        ],
        "Server": [
          "Microsoft-HTTPAPI/2.0"
        ],
        "x-ms-ratelimit-remaining-subscription-reads": [
          "11980"
        ],
        "x-ms-correlation-request-id": [
          "e0e78d84-9caf-4824-a028-9981d58a1865"
        ],
        "x-ms-routing-request-id": [
          "WESTUS:20200224T173728Z:e0e78d84-9caf-4824-a028-9981d58a1865"
        ],
        "X-Content-Type-Options": [
          "nosniff"
        ],
        "Date": [
          "Mon, 24 Feb 2020 17:37:27 GMT"
        ],
        "Content-Length": [
          "97"
        ],
        "Content-Type": [
          "application/json; charset=utf-8"
        ],
        "Expires": [
          "-1"
        ]
      },
      "ResponseBody": "{\r\n  \"error\": {\r\n    \"code\": \"ResourceNotFound\",\r\n    \"message\": \"PoliciesConfiguration not found.\",\r\n    \"details\": null\r\n  }\r\n}",
      "StatusCode": 404
    },
    {
      "RequestUri": "/subscriptions/a200340d-6b82-494d-9dbf-687ba6e33f9e/resourceGroups/powershelltest/providers/Microsoft.ApiManagement/service/powershellsdkservice/apis/echo-api/policies/policy?api-version=2019-01-01",
      "EncodedRequestUri": "L3N1YnNjcmlwdGlvbnMvYTIwMDM0MGQtNmI4Mi00OTRkLTlkYmYtNjg3YmE2ZTMzZjllL3Jlc291cmNlR3JvdXBzL3Bvd2Vyc2hlbGx0ZXN0L3Byb3ZpZGVycy9NaWNyb3NvZnQuQXBpTWFuYWdlbWVudC9zZXJ2aWNlL3Bvd2Vyc2hlbGxzZGtzZXJ2aWNlL2FwaXMvZWNoby1hcGkvcG9saWNpZXMvcG9saWN5P2FwaS12ZXJzaW9uPTIwMTktMDEtMDE=",
      "RequestMethod": "DELETE",
      "RequestBody": "",
      "RequestHeaders": {
        "x-ms-client-request-id": [
          "c0bdf2c4-960f-436e-b734-904bc128083b"
        ],
        "If-Match": [
          "*"
        ],
        "Accept-Language": [
          "en-US"
        ],
        "User-Agent": [
          "FxVersion/4.6.28325.01",
          "OSName/Windows",
          "OSVersion/Microsoft.Windows.10.0.18363.",
          "Microsoft.Azure.Management.ApiManagement.ApiManagementClient/4.12.0.0"
        ]
      },
      "ResponseHeaders": {
        "Cache-Control": [
          "no-cache"
        ],
        "Pragma": [
          "no-cache"
        ],
        "Strict-Transport-Security": [
          "max-age=31536000; includeSubDomains"
        ],
        "x-ms-request-id": [
          "fecfde67-05c3-4f3f-b824-284c2eb8b3ee"
        ],
        "Server": [
          "Microsoft-HTTPAPI/2.0"
        ],
        "x-ms-ratelimit-remaining-subscription-deletes": [
          "14997"
        ],
        "x-ms-correlation-request-id": [
          "b6a843b6-4414-425b-b715-d92eb55c8d98"
        ],
        "x-ms-routing-request-id": [
          "WESTUS:20200224T173724Z:b6a843b6-4414-425b-b715-d92eb55c8d98"
        ],
        "X-Content-Type-Options": [
          "nosniff"
        ],
        "Date": [
          "Mon, 24 Feb 2020 17:37:23 GMT"
        ],
        "Expires": [
          "-1"
        ],
        "Content-Length": [
          "0"
        ]
      },
      "ResponseBody": "",
      "StatusCode": 200
    },
    {
      "RequestUri": "/subscriptions/a200340d-6b82-494d-9dbf-687ba6e33f9e/resourceGroups/powershelltest/providers/Microsoft.ApiManagement/service/powershellsdkservice/apis/echo-api/policies/policy?api-version=2019-01-01",
      "EncodedRequestUri": "L3N1YnNjcmlwdGlvbnMvYTIwMDM0MGQtNmI4Mi00OTRkLTlkYmYtNjg3YmE2ZTMzZjllL3Jlc291cmNlR3JvdXBzL3Bvd2Vyc2hlbGx0ZXN0L3Byb3ZpZGVycy9NaWNyb3NvZnQuQXBpTWFuYWdlbWVudC9zZXJ2aWNlL3Bvd2Vyc2hlbGxzZGtzZXJ2aWNlL2FwaXMvZWNoby1hcGkvcG9saWNpZXMvcG9saWN5P2FwaS12ZXJzaW9uPTIwMTktMDEtMDE=",
      "RequestMethod": "DELETE",
      "RequestBody": "",
      "RequestHeaders": {
        "x-ms-client-request-id": [
          "d68460c0-f2f5-4cc6-a5ef-041d48247adc"
        ],
        "If-Match": [
          "*"
        ],
        "Accept-Language": [
          "en-US"
        ],
        "User-Agent": [
          "FxVersion/4.6.28325.01",
          "OSName/Windows",
          "OSVersion/Microsoft.Windows.10.0.18363.",
          "Microsoft.Azure.Management.ApiManagement.ApiManagementClient/4.12.0.0"
        ]
      },
      "ResponseHeaders": {
        "Cache-Control": [
          "no-cache"
        ],
        "Pragma": [
          "no-cache"
        ],
        "Strict-Transport-Security": [
          "max-age=31536000; includeSubDomains"
        ],
        "x-ms-request-id": [
          "9e1e474f-0f99-4769-a803-20294ac7e26d"
        ],
        "Server": [
          "Microsoft-HTTPAPI/2.0"
        ],
        "x-ms-ratelimit-remaining-subscription-deletes": [
          "14993"
        ],
        "x-ms-correlation-request-id": [
          "cdd62467-c921-4902-8f62-fab89d27dae7"
        ],
        "x-ms-routing-request-id": [
          "WESTUS:20200224T173728Z:cdd62467-c921-4902-8f62-fab89d27dae7"
        ],
        "X-Content-Type-Options": [
          "nosniff"
        ],
        "Date": [
          "Mon, 24 Feb 2020 17:37:27 GMT"
        ],
        "Expires": [
          "-1"
        ],
        "Content-Length": [
          "0"
        ]
      },
      "ResponseBody": "",
      "StatusCode": 200
    },
    {
      "RequestUri": "/subscriptions/a200340d-6b82-494d-9dbf-687ba6e33f9e/resourceGroups/powershelltest/providers/Microsoft.ApiManagement/service/powershellsdkservice/apis/echo-api/operations?api-version=2019-01-01",
      "EncodedRequestUri": "L3N1YnNjcmlwdGlvbnMvYTIwMDM0MGQtNmI4Mi00OTRkLTlkYmYtNjg3YmE2ZTMzZjllL3Jlc291cmNlR3JvdXBzL3Bvd2Vyc2hlbGx0ZXN0L3Byb3ZpZGVycy9NaWNyb3NvZnQuQXBpTWFuYWdlbWVudC9zZXJ2aWNlL3Bvd2Vyc2hlbGxzZGtzZXJ2aWNlL2FwaXMvZWNoby1hcGkvb3BlcmF0aW9ucz9hcGktdmVyc2lvbj0yMDE5LTAxLTAx",
      "RequestMethod": "GET",
      "RequestBody": "",
      "RequestHeaders": {
        "x-ms-client-request-id": [
          "360e31bd-7283-4320-ba09-fb374ee6effd"
        ],
        "Accept-Language": [
          "en-US"
        ],
        "User-Agent": [
          "FxVersion/4.6.28325.01",
          "OSName/Windows",
          "OSVersion/Microsoft.Windows.10.0.18363.",
          "Microsoft.Azure.Management.ApiManagement.ApiManagementClient/4.12.0.0"
        ]
      },
      "ResponseHeaders": {
        "Cache-Control": [
          "no-cache"
        ],
        "Pragma": [
          "no-cache"
        ],
        "Strict-Transport-Security": [
          "max-age=31536000; includeSubDomains"
        ],
        "x-ms-request-id": [
          "2a4424ff-e2fa-483d-9479-1e71d19888d1"
        ],
        "Server": [
          "Microsoft-HTTPAPI/2.0"
        ],
        "x-ms-ratelimit-remaining-subscription-reads": [
          "11990"
        ],
        "x-ms-correlation-request-id": [
          "34066841-5976-43d8-aca5-8d70a5f2e631"
        ],
        "x-ms-routing-request-id": [
          "WESTUS:20200224T173724Z:34066841-5976-43d8-aca5-8d70a5f2e631"
        ],
        "X-Content-Type-Options": [
          "nosniff"
        ],
        "Date": [
          "Mon, 24 Feb 2020 17:37:23 GMT"
        ],
        "Content-Length": [
          "7423"
        ],
        "Content-Type": [
          "application/json; charset=utf-8"
        ],
        "Expires": [
          "-1"
        ]
      },
      "ResponseBody": "{\r\n  \"value\": [\r\n    {\r\n      \"id\": \"/subscriptions/a200340d-6b82-494d-9dbf-687ba6e33f9e/resourceGroups/powershelltest/providers/Microsoft.ApiManagement/service/powershellsdkservice/apis/echo-api/operations/create-resource\",\r\n      \"type\": \"Microsoft.ApiManagement/service/apis/operations\",\r\n      \"name\": \"create-resource\",\r\n      \"properties\": {\r\n        \"displayName\": \"Create resource\",\r\n        \"method\": \"POST\",\r\n        \"urlTemplate\": \"/resource\",\r\n        \"templateParameters\": [],\r\n        \"description\": \"A demonstration of a POST call based on the echo backend above. The request body is expected to contain JSON-formatted data (see example below). A policy is used to automatically transform any request sent in JSON directly to XML. In a real-world scenario this could be used to enable modern clients to speak to a legacy backend.\",\r\n        \"request\": {\r\n          \"queryParameters\": [],\r\n          \"headers\": [],\r\n          \"representations\": [\r\n            {\r\n              \"contentType\": \"application/json\",\r\n              \"sample\": \"{\\r\\n\\t\\\"vehicleType\\\": \\\"train\\\",\\r\\n\\t\\\"maxSpeed\\\": 125,\\r\\n\\t\\\"avgSpeed\\\": 90,\\r\\n\\t\\\"speedUnit\\\": \\\"mph\\\"\\r\\n}\"\r\n            }\r\n          ]\r\n        },\r\n        \"responses\": [\r\n          {\r\n            \"statusCode\": 200,\r\n            \"representations\": [],\r\n            \"headers\": []\r\n          }\r\n        ],\r\n        \"policies\": null\r\n      }\r\n    },\r\n    {\r\n      \"id\": \"/subscriptions/a200340d-6b82-494d-9dbf-687ba6e33f9e/resourceGroups/powershelltest/providers/Microsoft.ApiManagement/service/powershellsdkservice/apis/echo-api/operations/modify-resource\",\r\n      \"type\": \"Microsoft.ApiManagement/service/apis/operations\",\r\n      \"name\": \"modify-resource\",\r\n      \"properties\": {\r\n        \"displayName\": \"Modify Resource\",\r\n        \"method\": \"PUT\",\r\n        \"urlTemplate\": \"/resource\",\r\n        \"templateParameters\": [],\r\n        \"description\": \"A demonstration of a PUT call handled by the same \\\"echo\\\" backend as above. You can now specify a request body in addition to headers and it will be returned as well.\",\r\n        \"responses\": [\r\n          {\r\n            \"statusCode\": 200,\r\n            \"representations\": [],\r\n            \"headers\": []\r\n          }\r\n        ],\r\n        \"policies\": null\r\n      }\r\n    },\r\n    {\r\n      \"id\": \"/subscriptions/a200340d-6b82-494d-9dbf-687ba6e33f9e/resourceGroups/powershelltest/providers/Microsoft.ApiManagement/service/powershellsdkservice/apis/echo-api/operations/remove-resource\",\r\n      \"type\": \"Microsoft.ApiManagement/service/apis/operations\",\r\n      \"name\": \"remove-resource\",\r\n      \"properties\": {\r\n        \"displayName\": \"Remove resource\",\r\n        \"method\": \"DELETE\",\r\n        \"urlTemplate\": \"/resource\",\r\n        \"templateParameters\": [],\r\n        \"description\": \"A demonstration of a DELETE call which traditionally deletes the resource. It is based on the same \\\"echo\\\" backend as in all other operations so nothing is actually deleted.\",\r\n        \"responses\": [\r\n          {\r\n            \"statusCode\": 200,\r\n            \"representations\": [],\r\n            \"headers\": []\r\n          }\r\n        ],\r\n        \"policies\": null\r\n      }\r\n    },\r\n    {\r\n      \"id\": \"/subscriptions/a200340d-6b82-494d-9dbf-687ba6e33f9e/resourceGroups/powershelltest/providers/Microsoft.ApiManagement/service/powershellsdkservice/apis/echo-api/operations/retrieve-header-only\",\r\n      \"type\": \"Microsoft.ApiManagement/service/apis/operations\",\r\n      \"name\": \"retrieve-header-only\",\r\n      \"properties\": {\r\n        \"displayName\": \"Retrieve header only\",\r\n        \"method\": \"HEAD\",\r\n        \"urlTemplate\": \"/resource\",\r\n        \"templateParameters\": [],\r\n        \"description\": \"The HEAD operation returns only headers. In this demonstration a policy is used to set additional headers when the response is returned and to enable JSONP.\",\r\n        \"responses\": [\r\n          {\r\n            \"statusCode\": 200,\r\n            \"representations\": [],\r\n            \"headers\": []\r\n          }\r\n        ],\r\n        \"policies\": null\r\n      }\r\n    },\r\n    {\r\n      \"id\": \"/subscriptions/a200340d-6b82-494d-9dbf-687ba6e33f9e/resourceGroups/powershelltest/providers/Microsoft.ApiManagement/service/powershellsdkservice/apis/echo-api/operations/retrieve-resource\",\r\n      \"type\": \"Microsoft.ApiManagement/service/apis/operations\",\r\n      \"name\": \"retrieve-resource\",\r\n      \"properties\": {\r\n        \"displayName\": \"Retrieve resource\",\r\n        \"method\": \"GET\",\r\n        \"urlTemplate\": \"/resource\",\r\n        \"templateParameters\": [],\r\n        \"description\": \"A demonstration of a GET call on a sample resource. It is handled by an \\\"echo\\\" backend which returns a response equal to the request (the supplied headers and body are being returned as received).\",\r\n        \"request\": {\r\n          \"queryParameters\": [\r\n            {\r\n              \"name\": \"param1\",\r\n              \"description\": \"A sample parameter that is required and has a default value of \\\"sample\\\".\",\r\n              \"type\": \"string\",\r\n              \"defaultValue\": \"sample\",\r\n              \"required\": true,\r\n              \"values\": [\r\n                \"sample\"\r\n              ]\r\n            },\r\n            {\r\n              \"name\": \"param2\",\r\n              \"description\": \"Another sample parameter, set to not required.\",\r\n              \"type\": \"number\",\r\n              \"values\": []\r\n            }\r\n          ],\r\n          \"headers\": [],\r\n          \"representations\": []\r\n        },\r\n        \"responses\": [\r\n          {\r\n            \"statusCode\": 200,\r\n            \"description\": \"Returned in all cases.\",\r\n            \"representations\": [],\r\n            \"headers\": []\r\n          }\r\n        ],\r\n        \"policies\": null\r\n      }\r\n    },\r\n    {\r\n      \"id\": \"/subscriptions/a200340d-6b82-494d-9dbf-687ba6e33f9e/resourceGroups/powershelltest/providers/Microsoft.ApiManagement/service/powershellsdkservice/apis/echo-api/operations/retrieve-resource-cached\",\r\n      \"type\": \"Microsoft.ApiManagement/service/apis/operations\",\r\n      \"name\": \"retrieve-resource-cached\",\r\n      \"properties\": {\r\n        \"displayName\": \"Retrieve resource (cached)\",\r\n        \"method\": \"GET\",\r\n        \"urlTemplate\": \"/resource-cached\",\r\n        \"templateParameters\": [],\r\n        \"description\": \"A demonstration of a GET call with caching enabled on the same \\\"echo\\\" backend as above. Cache TTL is set to 1 hour. When you make the first request the headers you supplied will be cached. Subsequent calls will return the same headers as the first time even if you change them in your request.\",\r\n        \"request\": {\r\n          \"queryParameters\": [\r\n            {\r\n              \"name\": \"param1\",\r\n              \"description\": \"A sample parameter that is required and has a default value of \\\"sample\\\".\",\r\n              \"type\": \"string\",\r\n              \"defaultValue\": \"sample\",\r\n              \"required\": true,\r\n              \"values\": [\r\n                \"sample\"\r\n              ]\r\n            },\r\n            {\r\n              \"name\": \"param2\",\r\n              \"description\": \"Another sample parameter, set to not required.\",\r\n              \"type\": \"string\",\r\n              \"values\": []\r\n            }\r\n          ],\r\n          \"headers\": [],\r\n          \"representations\": []\r\n        },\r\n        \"responses\": [\r\n          {\r\n            \"statusCode\": 200,\r\n            \"representations\": [],\r\n            \"headers\": []\r\n          }\r\n        ],\r\n        \"policies\": null\r\n      }\r\n    }\r\n  ],\r\n  \"count\": 6\r\n}",
      "StatusCode": 200
    },
    {
      "RequestUri": "/subscriptions/a200340d-6b82-494d-9dbf-687ba6e33f9e/resourceGroups/powershelltest/providers/Microsoft.ApiManagement/service/powershellsdkservice/apis/echo-api/operations?api-version=2019-01-01",
      "EncodedRequestUri": "L3N1YnNjcmlwdGlvbnMvYTIwMDM0MGQtNmI4Mi00OTRkLTlkYmYtNjg3YmE2ZTMzZjllL3Jlc291cmNlR3JvdXBzL3Bvd2Vyc2hlbGx0ZXN0L3Byb3ZpZGVycy9NaWNyb3NvZnQuQXBpTWFuYWdlbWVudC9zZXJ2aWNlL3Bvd2Vyc2hlbGxzZGtzZXJ2aWNlL2FwaXMvZWNoby1hcGkvb3BlcmF0aW9ucz9hcGktdmVyc2lvbj0yMDE5LTAxLTAx",
      "RequestMethod": "GET",
      "RequestBody": "",
      "RequestHeaders": {
        "x-ms-client-request-id": [
          "954666f9-f3e8-4a46-a9a1-4efe3c3c88d1"
        ],
        "Accept-Language": [
          "en-US"
        ],
        "User-Agent": [
          "FxVersion/4.6.28325.01",
          "OSName/Windows",
          "OSVersion/Microsoft.Windows.10.0.18363.",
          "Microsoft.Azure.Management.ApiManagement.ApiManagementClient/4.12.0.0"
        ]
      },
      "ResponseHeaders": {
        "Cache-Control": [
          "no-cache"
        ],
        "Pragma": [
          "no-cache"
        ],
        "Strict-Transport-Security": [
          "max-age=31536000; includeSubDomains"
        ],
        "x-ms-request-id": [
          "14ffb1f8-881a-4280-8f4b-29c18e931dc0"
        ],
        "Server": [
          "Microsoft-HTTPAPI/2.0"
        ],
        "x-ms-ratelimit-remaining-subscription-reads": [
          "11978"
        ],
        "x-ms-correlation-request-id": [
          "d8643d7c-8117-4211-ab49-7c465ba8f80a"
        ],
        "x-ms-routing-request-id": [
          "WESTUS:20200224T173728Z:d8643d7c-8117-4211-ab49-7c465ba8f80a"
        ],
        "X-Content-Type-Options": [
          "nosniff"
        ],
        "Date": [
          "Mon, 24 Feb 2020 17:37:28 GMT"
        ],
        "Content-Length": [
          "7423"
        ],
        "Content-Type": [
          "application/json; charset=utf-8"
        ],
        "Expires": [
          "-1"
        ]
      },
      "ResponseBody": "{\r\n  \"value\": [\r\n    {\r\n      \"id\": \"/subscriptions/a200340d-6b82-494d-9dbf-687ba6e33f9e/resourceGroups/powershelltest/providers/Microsoft.ApiManagement/service/powershellsdkservice/apis/echo-api/operations/create-resource\",\r\n      \"type\": \"Microsoft.ApiManagement/service/apis/operations\",\r\n      \"name\": \"create-resource\",\r\n      \"properties\": {\r\n        \"displayName\": \"Create resource\",\r\n        \"method\": \"POST\",\r\n        \"urlTemplate\": \"/resource\",\r\n        \"templateParameters\": [],\r\n        \"description\": \"A demonstration of a POST call based on the echo backend above. The request body is expected to contain JSON-formatted data (see example below). A policy is used to automatically transform any request sent in JSON directly to XML. In a real-world scenario this could be used to enable modern clients to speak to a legacy backend.\",\r\n        \"request\": {\r\n          \"queryParameters\": [],\r\n          \"headers\": [],\r\n          \"representations\": [\r\n            {\r\n              \"contentType\": \"application/json\",\r\n              \"sample\": \"{\\r\\n\\t\\\"vehicleType\\\": \\\"train\\\",\\r\\n\\t\\\"maxSpeed\\\": 125,\\r\\n\\t\\\"avgSpeed\\\": 90,\\r\\n\\t\\\"speedUnit\\\": \\\"mph\\\"\\r\\n}\"\r\n            }\r\n          ]\r\n        },\r\n        \"responses\": [\r\n          {\r\n            \"statusCode\": 200,\r\n            \"representations\": [],\r\n            \"headers\": []\r\n          }\r\n        ],\r\n        \"policies\": null\r\n      }\r\n    },\r\n    {\r\n      \"id\": \"/subscriptions/a200340d-6b82-494d-9dbf-687ba6e33f9e/resourceGroups/powershelltest/providers/Microsoft.ApiManagement/service/powershellsdkservice/apis/echo-api/operations/modify-resource\",\r\n      \"type\": \"Microsoft.ApiManagement/service/apis/operations\",\r\n      \"name\": \"modify-resource\",\r\n      \"properties\": {\r\n        \"displayName\": \"Modify Resource\",\r\n        \"method\": \"PUT\",\r\n        \"urlTemplate\": \"/resource\",\r\n        \"templateParameters\": [],\r\n        \"description\": \"A demonstration of a PUT call handled by the same \\\"echo\\\" backend as above. You can now specify a request body in addition to headers and it will be returned as well.\",\r\n        \"responses\": [\r\n          {\r\n            \"statusCode\": 200,\r\n            \"representations\": [],\r\n            \"headers\": []\r\n          }\r\n        ],\r\n        \"policies\": null\r\n      }\r\n    },\r\n    {\r\n      \"id\": \"/subscriptions/a200340d-6b82-494d-9dbf-687ba6e33f9e/resourceGroups/powershelltest/providers/Microsoft.ApiManagement/service/powershellsdkservice/apis/echo-api/operations/remove-resource\",\r\n      \"type\": \"Microsoft.ApiManagement/service/apis/operations\",\r\n      \"name\": \"remove-resource\",\r\n      \"properties\": {\r\n        \"displayName\": \"Remove resource\",\r\n        \"method\": \"DELETE\",\r\n        \"urlTemplate\": \"/resource\",\r\n        \"templateParameters\": [],\r\n        \"description\": \"A demonstration of a DELETE call which traditionally deletes the resource. It is based on the same \\\"echo\\\" backend as in all other operations so nothing is actually deleted.\",\r\n        \"responses\": [\r\n          {\r\n            \"statusCode\": 200,\r\n            \"representations\": [],\r\n            \"headers\": []\r\n          }\r\n        ],\r\n        \"policies\": null\r\n      }\r\n    },\r\n    {\r\n      \"id\": \"/subscriptions/a200340d-6b82-494d-9dbf-687ba6e33f9e/resourceGroups/powershelltest/providers/Microsoft.ApiManagement/service/powershellsdkservice/apis/echo-api/operations/retrieve-header-only\",\r\n      \"type\": \"Microsoft.ApiManagement/service/apis/operations\",\r\n      \"name\": \"retrieve-header-only\",\r\n      \"properties\": {\r\n        \"displayName\": \"Retrieve header only\",\r\n        \"method\": \"HEAD\",\r\n        \"urlTemplate\": \"/resource\",\r\n        \"templateParameters\": [],\r\n        \"description\": \"The HEAD operation returns only headers. In this demonstration a policy is used to set additional headers when the response is returned and to enable JSONP.\",\r\n        \"responses\": [\r\n          {\r\n            \"statusCode\": 200,\r\n            \"representations\": [],\r\n            \"headers\": []\r\n          }\r\n        ],\r\n        \"policies\": null\r\n      }\r\n    },\r\n    {\r\n      \"id\": \"/subscriptions/a200340d-6b82-494d-9dbf-687ba6e33f9e/resourceGroups/powershelltest/providers/Microsoft.ApiManagement/service/powershellsdkservice/apis/echo-api/operations/retrieve-resource\",\r\n      \"type\": \"Microsoft.ApiManagement/service/apis/operations\",\r\n      \"name\": \"retrieve-resource\",\r\n      \"properties\": {\r\n        \"displayName\": \"Retrieve resource\",\r\n        \"method\": \"GET\",\r\n        \"urlTemplate\": \"/resource\",\r\n        \"templateParameters\": [],\r\n        \"description\": \"A demonstration of a GET call on a sample resource. It is handled by an \\\"echo\\\" backend which returns a response equal to the request (the supplied headers and body are being returned as received).\",\r\n        \"request\": {\r\n          \"queryParameters\": [\r\n            {\r\n              \"name\": \"param1\",\r\n              \"description\": \"A sample parameter that is required and has a default value of \\\"sample\\\".\",\r\n              \"type\": \"string\",\r\n              \"defaultValue\": \"sample\",\r\n              \"required\": true,\r\n              \"values\": [\r\n                \"sample\"\r\n              ]\r\n            },\r\n            {\r\n              \"name\": \"param2\",\r\n              \"description\": \"Another sample parameter, set to not required.\",\r\n              \"type\": \"number\",\r\n              \"values\": []\r\n            }\r\n          ],\r\n          \"headers\": [],\r\n          \"representations\": []\r\n        },\r\n        \"responses\": [\r\n          {\r\n            \"statusCode\": 200,\r\n            \"description\": \"Returned in all cases.\",\r\n            \"representations\": [],\r\n            \"headers\": []\r\n          }\r\n        ],\r\n        \"policies\": null\r\n      }\r\n    },\r\n    {\r\n      \"id\": \"/subscriptions/a200340d-6b82-494d-9dbf-687ba6e33f9e/resourceGroups/powershelltest/providers/Microsoft.ApiManagement/service/powershellsdkservice/apis/echo-api/operations/retrieve-resource-cached\",\r\n      \"type\": \"Microsoft.ApiManagement/service/apis/operations\",\r\n      \"name\": \"retrieve-resource-cached\",\r\n      \"properties\": {\r\n        \"displayName\": \"Retrieve resource (cached)\",\r\n        \"method\": \"GET\",\r\n        \"urlTemplate\": \"/resource-cached\",\r\n        \"templateParameters\": [],\r\n        \"description\": \"A demonstration of a GET call with caching enabled on the same \\\"echo\\\" backend as above. Cache TTL is set to 1 hour. When you make the first request the headers you supplied will be cached. Subsequent calls will return the same headers as the first time even if you change them in your request.\",\r\n        \"request\": {\r\n          \"queryParameters\": [\r\n            {\r\n              \"name\": \"param1\",\r\n              \"description\": \"A sample parameter that is required and has a default value of \\\"sample\\\".\",\r\n              \"type\": \"string\",\r\n              \"defaultValue\": \"sample\",\r\n              \"required\": true,\r\n              \"values\": [\r\n                \"sample\"\r\n              ]\r\n            },\r\n            {\r\n              \"name\": \"param2\",\r\n              \"description\": \"Another sample parameter, set to not required.\",\r\n              \"type\": \"string\",\r\n              \"values\": []\r\n            }\r\n          ],\r\n          \"headers\": [],\r\n          \"representations\": []\r\n        },\r\n        \"responses\": [\r\n          {\r\n            \"statusCode\": 200,\r\n            \"representations\": [],\r\n            \"headers\": []\r\n          }\r\n        ],\r\n        \"policies\": null\r\n      }\r\n    }\r\n  ],\r\n  \"count\": 6\r\n}",
      "StatusCode": 200
    },
    {
      "RequestUri": "/subscriptions/a200340d-6b82-494d-9dbf-687ba6e33f9e/resourceGroups/powershelltest/providers/Microsoft.ApiManagement/service/powershellsdkservice/apis/echo-api/operations/create-resource/policies/policy?api-version=2019-01-01",
      "EncodedRequestUri": "L3N1YnNjcmlwdGlvbnMvYTIwMDM0MGQtNmI4Mi00OTRkLTlkYmYtNjg3YmE2ZTMzZjllL3Jlc291cmNlR3JvdXBzL3Bvd2Vyc2hlbGx0ZXN0L3Byb3ZpZGVycy9NaWNyb3NvZnQuQXBpTWFuYWdlbWVudC9zZXJ2aWNlL3Bvd2Vyc2hlbGxzZGtzZXJ2aWNlL2FwaXMvZWNoby1hcGkvb3BlcmF0aW9ucy9jcmVhdGUtcmVzb3VyY2UvcG9saWNpZXMvcG9saWN5P2FwaS12ZXJzaW9uPTIwMTktMDEtMDE=",
      "RequestMethod": "PUT",
      "RequestBody": "{\r\n  \"properties\": {\r\n    \"value\": \"<?xml version=\\\"1.0\\\" encoding=\\\"utf-8\\\" ?>\\r\\n<policies>\\r\\n    <inbound>\\r\\n        <base />\\r\\n        <rewrite-uri template=\\\"/resource\\\" />\\r\\n    </inbound>\\r\\n    <outbound>\\r\\n        <base />\\r\\n    </outbound>\\r\\n</policies>\",\r\n    \"format\": \"xml\"\r\n  }\r\n}",
      "RequestHeaders": {
        "x-ms-client-request-id": [
          "28278fb7-f5e3-4c6e-92d7-1dcdd0999b90"
        ],
        "If-Match": [
          "*"
        ],
        "Accept-Language": [
          "en-US"
        ],
        "User-Agent": [
          "FxVersion/4.6.28325.01",
          "OSName/Windows",
          "OSVersion/Microsoft.Windows.10.0.18363.",
          "Microsoft.Azure.Management.ApiManagement.ApiManagementClient/4.12.0.0"
        ],
        "Content-Type": [
          "application/json; charset=utf-8"
        ],
        "Content-Length": [
          "301"
        ]
      },
      "ResponseHeaders": {
        "Cache-Control": [
          "no-cache"
        ],
        "Pragma": [
          "no-cache"
        ],
        "ETag": [
          "\"AAAAAAAACgk=\""
        ],
        "Strict-Transport-Security": [
          "max-age=31536000; includeSubDomains"
        ],
        "x-ms-request-id": [
          "d692484c-3fc7-4013-b1ea-6c020e2b05a9"
        ],
        "Server": [
          "Microsoft-HTTPAPI/2.0"
        ],
        "x-ms-ratelimit-remaining-subscription-writes": [
          "1196"
        ],
        "x-ms-correlation-request-id": [
          "fc25ceb1-dd2a-4179-b82f-873c0dddc44d"
        ],
        "x-ms-routing-request-id": [
          "WESTUS:20200224T173725Z:fc25ceb1-dd2a-4179-b82f-873c0dddc44d"
        ],
        "X-Content-Type-Options": [
          "nosniff"
        ],
        "Date": [
          "Mon, 24 Feb 2020 17:37:24 GMT"
        ],
        "Content-Length": [
          "540"
        ],
        "Content-Type": [
          "application/json; charset=utf-8"
        ],
        "Expires": [
          "-1"
        ]
      },
      "ResponseBody": "{\r\n  \"id\": \"/subscriptions/a200340d-6b82-494d-9dbf-687ba6e33f9e/resourceGroups/powershelltest/providers/Microsoft.ApiManagement/service/powershellsdkservice/apis/echo-api/operations/create-resource/policies/policy\",\r\n  \"type\": \"Microsoft.ApiManagement/service/apis/operations/policies\",\r\n  \"name\": \"policy\",\r\n  \"properties\": {\r\n    \"format\": \"xml\",\r\n    \"value\": \"<policies>\\r\\n\\t<inbound>\\r\\n\\t\\t<base />\\r\\n\\t\\t<rewrite-uri template=\\\"/resource\\\" />\\r\\n\\t</inbound>\\r\\n\\t<outbound>\\r\\n\\t\\t<base />\\r\\n\\t</outbound>\\r\\n</policies>\"\r\n  }\r\n}",
      "StatusCode": 200
    },
    {
      "RequestUri": "/subscriptions/a200340d-6b82-494d-9dbf-687ba6e33f9e/resourceGroups/powershelltest/providers/Microsoft.ApiManagement/service/powershellsdkservice/apis/echo-api/operations/create-resource/policies/policy?api-version=2019-01-01",
      "EncodedRequestUri": "L3N1YnNjcmlwdGlvbnMvYTIwMDM0MGQtNmI4Mi00OTRkLTlkYmYtNjg3YmE2ZTMzZjllL3Jlc291cmNlR3JvdXBzL3Bvd2Vyc2hlbGx0ZXN0L3Byb3ZpZGVycy9NaWNyb3NvZnQuQXBpTWFuYWdlbWVudC9zZXJ2aWNlL3Bvd2Vyc2hlbGxzZGtzZXJ2aWNlL2FwaXMvZWNoby1hcGkvb3BlcmF0aW9ucy9jcmVhdGUtcmVzb3VyY2UvcG9saWNpZXMvcG9saWN5P2FwaS12ZXJzaW9uPTIwMTktMDEtMDE=",
      "RequestMethod": "PUT",
      "RequestBody": "{\r\n  \"properties\": {\r\n    \"value\": \"<policies><inbound><base /><rewrite-uri template=\\\"/resource\\\" /></inbound><outbound><base /></outbound></policies>\",\r\n    \"format\": \"xml\"\r\n  }\r\n}",
      "RequestHeaders": {
        "x-ms-client-request-id": [
          "260d8178-2037-4ebb-a2ed-415c0a1c536c"
        ],
        "If-Match": [
          "*"
        ],
        "Accept-Language": [
          "en-US"
        ],
        "User-Agent": [
          "FxVersion/4.6.28325.01",
          "OSName/Windows",
          "OSVersion/Microsoft.Windows.10.0.18363.",
          "Microsoft.Azure.Management.ApiManagement.ApiManagementClient/4.12.0.0"
        ],
        "Content-Type": [
          "application/json; charset=utf-8"
        ],
        "Content-Length": [
          "182"
        ]
      },
      "ResponseHeaders": {
        "Cache-Control": [
          "no-cache"
        ],
        "Pragma": [
          "no-cache"
        ],
        "ETag": [
          "\"AAAAAAAACic=\""
        ],
        "Strict-Transport-Security": [
          "max-age=31536000; includeSubDomains"
        ],
        "x-ms-request-id": [
          "26c78f8c-3bd6-4bc7-9a75-7dcaef28817c"
        ],
        "Server": [
          "Microsoft-HTTPAPI/2.0"
        ],
        "x-ms-ratelimit-remaining-subscription-writes": [
          "1192"
        ],
        "x-ms-correlation-request-id": [
          "14cac111-89a3-4fb0-af2c-026006ecf3a5"
        ],
        "x-ms-routing-request-id": [
          "WESTUS:20200224T173729Z:14cac111-89a3-4fb0-af2c-026006ecf3a5"
        ],
        "X-Content-Type-Options": [
          "nosniff"
        ],
        "Date": [
          "Mon, 24 Feb 2020 17:37:28 GMT"
        ],
        "Content-Length": [
          "540"
        ],
        "Content-Type": [
          "application/json; charset=utf-8"
        ],
        "Expires": [
          "-1"
        ]
      },
      "ResponseBody": "{\r\n  \"id\": \"/subscriptions/a200340d-6b82-494d-9dbf-687ba6e33f9e/resourceGroups/powershelltest/providers/Microsoft.ApiManagement/service/powershellsdkservice/apis/echo-api/operations/create-resource/policies/policy\",\r\n  \"type\": \"Microsoft.ApiManagement/service/apis/operations/policies\",\r\n  \"name\": \"policy\",\r\n  \"properties\": {\r\n    \"format\": \"xml\",\r\n    \"value\": \"<policies>\\r\\n\\t<inbound>\\r\\n\\t\\t<base />\\r\\n\\t\\t<rewrite-uri template=\\\"/resource\\\" />\\r\\n\\t</inbound>\\r\\n\\t<outbound>\\r\\n\\t\\t<base />\\r\\n\\t</outbound>\\r\\n</policies>\"\r\n  }\r\n}",
      "StatusCode": 201
    },
    {
      "RequestUri": "/subscriptions/a200340d-6b82-494d-9dbf-687ba6e33f9e/resourceGroups/powershelltest/providers/Microsoft.ApiManagement/service/powershellsdkservice/apis/echo-api/operations/create-resource/policies/policy?format=xml&api-version=2019-01-01",
      "EncodedRequestUri": "L3N1YnNjcmlwdGlvbnMvYTIwMDM0MGQtNmI4Mi00OTRkLTlkYmYtNjg3YmE2ZTMzZjllL3Jlc291cmNlR3JvdXBzL3Bvd2Vyc2hlbGx0ZXN0L3Byb3ZpZGVycy9NaWNyb3NvZnQuQXBpTWFuYWdlbWVudC9zZXJ2aWNlL3Bvd2Vyc2hlbGxzZGtzZXJ2aWNlL2FwaXMvZWNoby1hcGkvb3BlcmF0aW9ucy9jcmVhdGUtcmVzb3VyY2UvcG9saWNpZXMvcG9saWN5P2Zvcm1hdD14bWwmYXBpLXZlcnNpb249MjAxOS0wMS0wMQ==",
      "RequestMethod": "GET",
      "RequestBody": "",
      "RequestHeaders": {
        "x-ms-client-request-id": [
          "f2caae91-fc1a-45c3-9931-0a68401baf20"
        ],
        "Accept-Language": [
          "en-US"
        ],
        "User-Agent": [
          "FxVersion/4.6.28325.01",
          "OSName/Windows",
          "OSVersion/Microsoft.Windows.10.0.18363.",
          "Microsoft.Azure.Management.ApiManagement.ApiManagementClient/4.12.0.0"
        ]
      },
      "ResponseHeaders": {
        "Cache-Control": [
          "no-cache"
        ],
        "Pragma": [
          "no-cache"
        ],
        "ETag": [
          "\"AAAAAAAACgk=\""
        ],
        "Strict-Transport-Security": [
          "max-age=31536000; includeSubDomains"
        ],
        "x-ms-request-id": [
          "4b96047c-60d0-4a50-91af-49d63abdc88e"
        ],
        "Server": [
          "Microsoft-HTTPAPI/2.0"
        ],
        "x-ms-ratelimit-remaining-subscription-reads": [
          "11989"
        ],
        "x-ms-correlation-request-id": [
          "5ed29832-cd77-417c-88c1-b6981a5f9612"
        ],
        "x-ms-routing-request-id": [
          "WESTUS:20200224T173725Z:5ed29832-cd77-417c-88c1-b6981a5f9612"
        ],
        "X-Content-Type-Options": [
          "nosniff"
        ],
        "Date": [
          "Mon, 24 Feb 2020 17:37:24 GMT"
        ],
        "Content-Length": [
          "540"
        ],
        "Content-Type": [
          "application/json; charset=utf-8"
        ],
        "Expires": [
          "-1"
        ]
      },
      "ResponseBody": "{\r\n  \"id\": \"/subscriptions/a200340d-6b82-494d-9dbf-687ba6e33f9e/resourceGroups/powershelltest/providers/Microsoft.ApiManagement/service/powershellsdkservice/apis/echo-api/operations/create-resource/policies/policy\",\r\n  \"type\": \"Microsoft.ApiManagement/service/apis/operations/policies\",\r\n  \"name\": \"policy\",\r\n  \"properties\": {\r\n    \"format\": \"xml\",\r\n    \"value\": \"<policies>\\r\\n\\t<inbound>\\r\\n\\t\\t<base />\\r\\n\\t\\t<rewrite-uri template=\\\"/resource\\\" />\\r\\n\\t</inbound>\\r\\n\\t<outbound>\\r\\n\\t\\t<base />\\r\\n\\t</outbound>\\r\\n</policies>\"\r\n  }\r\n}",
      "StatusCode": 200
    },
    {
      "RequestUri": "/subscriptions/a200340d-6b82-494d-9dbf-687ba6e33f9e/resourceGroups/powershelltest/providers/Microsoft.ApiManagement/service/powershellsdkservice/apis/echo-api/operations/create-resource/policies/policy?format=xml&api-version=2019-01-01",
      "EncodedRequestUri": "L3N1YnNjcmlwdGlvbnMvYTIwMDM0MGQtNmI4Mi00OTRkLTlkYmYtNjg3YmE2ZTMzZjllL3Jlc291cmNlR3JvdXBzL3Bvd2Vyc2hlbGx0ZXN0L3Byb3ZpZGVycy9NaWNyb3NvZnQuQXBpTWFuYWdlbWVudC9zZXJ2aWNlL3Bvd2Vyc2hlbGxzZGtzZXJ2aWNlL2FwaXMvZWNoby1hcGkvb3BlcmF0aW9ucy9jcmVhdGUtcmVzb3VyY2UvcG9saWNpZXMvcG9saWN5P2Zvcm1hdD14bWwmYXBpLXZlcnNpb249MjAxOS0wMS0wMQ==",
      "RequestMethod": "GET",
      "RequestBody": "",
      "RequestHeaders": {
        "x-ms-client-request-id": [
          "de242755-6f51-4a58-913b-f36bc2efc213"
        ],
        "Accept-Language": [
          "en-US"
        ],
        "User-Agent": [
          "FxVersion/4.6.28325.01",
          "OSName/Windows",
          "OSVersion/Microsoft.Windows.10.0.18363.",
          "Microsoft.Azure.Management.ApiManagement.ApiManagementClient/4.12.0.0"
        ]
      },
      "ResponseHeaders": {
        "Cache-Control": [
          "no-cache"
        ],
        "Pragma": [
          "no-cache"
        ],
        "Strict-Transport-Security": [
          "max-age=31536000; includeSubDomains"
        ],
        "x-ms-request-id": [
          "0a164caa-253b-4b17-99d4-eb068f0bbe90"
        ],
        "Server": [
          "Microsoft-HTTPAPI/2.0"
        ],
        "x-ms-ratelimit-remaining-subscription-reads": [
          "11988"
        ],
        "x-ms-correlation-request-id": [
          "455a991d-ab4a-4629-9711-50979f92cad6"
        ],
        "x-ms-routing-request-id": [
          "WESTUS:20200224T173726Z:455a991d-ab4a-4629-9711-50979f92cad6"
        ],
        "X-Content-Type-Options": [
          "nosniff"
        ],
        "Date": [
          "Mon, 24 Feb 2020 17:37:25 GMT"
        ],
        "Content-Length": [
          "97"
        ],
        "Content-Type": [
          "application/json; charset=utf-8"
        ],
        "Expires": [
          "-1"
        ]
      },
      "ResponseBody": "{\r\n  \"error\": {\r\n    \"code\": \"ResourceNotFound\",\r\n    \"message\": \"PoliciesConfiguration not found.\",\r\n    \"details\": null\r\n  }\r\n}",
      "StatusCode": 404
    },
    {
      "RequestUri": "/subscriptions/a200340d-6b82-494d-9dbf-687ba6e33f9e/resourceGroups/powershelltest/providers/Microsoft.ApiManagement/service/powershellsdkservice/apis/echo-api/operations/create-resource/policies/policy?format=xml&api-version=2019-01-01",
      "EncodedRequestUri": "L3N1YnNjcmlwdGlvbnMvYTIwMDM0MGQtNmI4Mi00OTRkLTlkYmYtNjg3YmE2ZTMzZjllL3Jlc291cmNlR3JvdXBzL3Bvd2Vyc2hlbGx0ZXN0L3Byb3ZpZGVycy9NaWNyb3NvZnQuQXBpTWFuYWdlbWVudC9zZXJ2aWNlL3Bvd2Vyc2hlbGxzZGtzZXJ2aWNlL2FwaXMvZWNoby1hcGkvb3BlcmF0aW9ucy9jcmVhdGUtcmVzb3VyY2UvcG9saWNpZXMvcG9saWN5P2Zvcm1hdD14bWwmYXBpLXZlcnNpb249MjAxOS0wMS0wMQ==",
      "RequestMethod": "GET",
      "RequestBody": "",
      "RequestHeaders": {
        "x-ms-client-request-id": [
          "d827571f-de98-433c-ae95-4aff047821f6"
        ],
        "Accept-Language": [
          "en-US"
        ],
        "User-Agent": [
          "FxVersion/4.6.28325.01",
          "OSName/Windows",
          "OSVersion/Microsoft.Windows.10.0.18363.",
          "Microsoft.Azure.Management.ApiManagement.ApiManagementClient/4.12.0.0"
        ]
      },
      "ResponseHeaders": {
        "Cache-Control": [
          "no-cache"
        ],
        "Pragma": [
          "no-cache"
        ],
        "Strict-Transport-Security": [
          "max-age=31536000; includeSubDomains"
        ],
        "x-ms-request-id": [
          "0d77e0c2-3197-4fa8-8d69-487880461d44"
        ],
        "Server": [
          "Microsoft-HTTPAPI/2.0"
        ],
        "x-ms-ratelimit-remaining-subscription-reads": [
          "11976"
        ],
        "x-ms-correlation-request-id": [
          "e6d62c3c-bc6a-4478-bddd-f3335ed93bdf"
        ],
        "x-ms-routing-request-id": [
          "WESTUS:20200224T173729Z:e6d62c3c-bc6a-4478-bddd-f3335ed93bdf"
        ],
        "X-Content-Type-Options": [
          "nosniff"
        ],
        "Date": [
          "Mon, 24 Feb 2020 17:37:28 GMT"
        ],
        "Content-Length": [
          "97"
        ],
        "Content-Type": [
          "application/json; charset=utf-8"
        ],
        "Expires": [
          "-1"
        ]
      },
      "ResponseBody": "{\r\n  \"error\": {\r\n    \"code\": \"ResourceNotFound\",\r\n    \"message\": \"PoliciesConfiguration not found.\",\r\n    \"details\": null\r\n  }\r\n}",
      "StatusCode": 404
    },
    {
      "RequestUri": "/subscriptions/a200340d-6b82-494d-9dbf-687ba6e33f9e/resourceGroups/powershelltest/providers/Microsoft.ApiManagement/service/powershellsdkservice/apis/echo-api/operations/create-resource/policies/policy?api-version=2019-01-01",
      "EncodedRequestUri": "L3N1YnNjcmlwdGlvbnMvYTIwMDM0MGQtNmI4Mi00OTRkLTlkYmYtNjg3YmE2ZTMzZjllL3Jlc291cmNlR3JvdXBzL3Bvd2Vyc2hlbGx0ZXN0L3Byb3ZpZGVycy9NaWNyb3NvZnQuQXBpTWFuYWdlbWVudC9zZXJ2aWNlL3Bvd2Vyc2hlbGxzZGtzZXJ2aWNlL2FwaXMvZWNoby1hcGkvb3BlcmF0aW9ucy9jcmVhdGUtcmVzb3VyY2UvcG9saWNpZXMvcG9saWN5P2FwaS12ZXJzaW9uPTIwMTktMDEtMDE=",
      "RequestMethod": "DELETE",
      "RequestBody": "",
      "RequestHeaders": {
        "x-ms-client-request-id": [
          "9d0755b6-1d00-4748-827d-89308f81cd4f"
        ],
        "If-Match": [
          "*"
        ],
        "Accept-Language": [
          "en-US"
        ],
        "User-Agent": [
          "FxVersion/4.6.28325.01",
          "OSName/Windows",
          "OSVersion/Microsoft.Windows.10.0.18363.",
          "Microsoft.Azure.Management.ApiManagement.ApiManagementClient/4.12.0.0"
        ]
      },
      "ResponseHeaders": {
        "Cache-Control": [
          "no-cache"
        ],
        "Pragma": [
          "no-cache"
        ],
        "Strict-Transport-Security": [
          "max-age=31536000; includeSubDomains"
        ],
        "x-ms-request-id": [
          "da2c5990-725f-4d73-81e9-bad1cfe7f267"
        ],
        "Server": [
          "Microsoft-HTTPAPI/2.0"
        ],
        "x-ms-ratelimit-remaining-subscription-deletes": [
          "14996"
        ],
        "x-ms-correlation-request-id": [
          "9d7695f6-d47c-4537-bd38-7c26da4255d5"
        ],
        "x-ms-routing-request-id": [
          "WESTUS:20200224T173726Z:9d7695f6-d47c-4537-bd38-7c26da4255d5"
        ],
        "X-Content-Type-Options": [
          "nosniff"
        ],
        "Date": [
          "Mon, 24 Feb 2020 17:37:25 GMT"
        ],
        "Expires": [
          "-1"
        ],
        "Content-Length": [
          "0"
        ]
      },
      "ResponseBody": "",
      "StatusCode": 200
    },
    {
      "RequestUri": "/subscriptions/a200340d-6b82-494d-9dbf-687ba6e33f9e/resourceGroups/powershelltest/providers/Microsoft.ApiManagement/service/powershellsdkservice/apis/echo-api/operations/create-resource/policies/policy?api-version=2019-01-01",
      "EncodedRequestUri": "L3N1YnNjcmlwdGlvbnMvYTIwMDM0MGQtNmI4Mi00OTRkLTlkYmYtNjg3YmE2ZTMzZjllL3Jlc291cmNlR3JvdXBzL3Bvd2Vyc2hlbGx0ZXN0L3Byb3ZpZGVycy9NaWNyb3NvZnQuQXBpTWFuYWdlbWVudC9zZXJ2aWNlL3Bvd2Vyc2hlbGxzZGtzZXJ2aWNlL2FwaXMvZWNoby1hcGkvb3BlcmF0aW9ucy9jcmVhdGUtcmVzb3VyY2UvcG9saWNpZXMvcG9saWN5P2FwaS12ZXJzaW9uPTIwMTktMDEtMDE=",
      "RequestMethod": "DELETE",
      "RequestBody": "",
      "RequestHeaders": {
        "x-ms-client-request-id": [
          "4a124488-6522-43be-83fa-643056484272"
        ],
        "If-Match": [
          "*"
        ],
        "Accept-Language": [
          "en-US"
        ],
        "User-Agent": [
          "FxVersion/4.6.28325.01",
          "OSName/Windows",
          "OSVersion/Microsoft.Windows.10.0.18363.",
          "Microsoft.Azure.Management.ApiManagement.ApiManagementClient/4.12.0.0"
        ]
      },
      "ResponseHeaders": {
        "Cache-Control": [
          "no-cache"
        ],
        "Pragma": [
          "no-cache"
        ],
        "Strict-Transport-Security": [
          "max-age=31536000; includeSubDomains"
        ],
        "x-ms-request-id": [
          "b71b46ef-49a9-4ad0-bda4-fcaafc95472a"
        ],
        "Server": [
          "Microsoft-HTTPAPI/2.0"
        ],
        "x-ms-ratelimit-remaining-subscription-deletes": [
          "14992"
        ],
        "x-ms-correlation-request-id": [
          "8d97d4c1-ccb2-478f-b7ac-42997e6fb57d"
        ],
        "x-ms-routing-request-id": [
          "WESTUS:20200224T173729Z:8d97d4c1-ccb2-478f-b7ac-42997e6fb57d"
        ],
        "X-Content-Type-Options": [
          "nosniff"
        ],
        "Date": [
          "Mon, 24 Feb 2020 17:37:28 GMT"
        ],
        "Expires": [
          "-1"
        ],
        "Content-Length": [
          "0"
        ]
      },
      "ResponseBody": "",
      "StatusCode": 200
    },
    {
      "RequestUri": "/subscriptions/a200340d-6b82-494d-9dbf-687ba6e33f9e/resourceGroups/powershelltest/providers/Microsoft.ApiManagement/service/powershellsdkservice/products/unlimited/policies/policy?format=rawxml&api-version=2019-01-01",
      "EncodedRequestUri": "L3N1YnNjcmlwdGlvbnMvYTIwMDM0MGQtNmI4Mi00OTRkLTlkYmYtNjg3YmE2ZTMzZjllL3Jlc291cmNlR3JvdXBzL3Bvd2Vyc2hlbGx0ZXN0L3Byb3ZpZGVycy9NaWNyb3NvZnQuQXBpTWFuYWdlbWVudC9zZXJ2aWNlL3Bvd2Vyc2hlbGxzZGtzZXJ2aWNlL3Byb2R1Y3RzL3VubGltaXRlZC9wb2xpY2llcy9wb2xpY3k/Zm9ybWF0PXJhd3htbCZhcGktdmVyc2lvbj0yMDE5LTAxLTAx",
      "RequestMethod": "GET",
      "RequestBody": "",
      "RequestHeaders": {
        "x-ms-client-request-id": [
          "a17e4e62-71d0-45f7-a419-fc955c72052c"
        ],
        "Accept-Language": [
          "en-US"
        ],
        "User-Agent": [
          "FxVersion/4.6.28325.01",
          "OSName/Windows",
          "OSVersion/Microsoft.Windows.10.0.18363.",
          "Microsoft.Azure.Management.ApiManagement.ApiManagementClient/4.12.0.0"
        ]
      },
      "ResponseHeaders": {
        "Cache-Control": [
          "no-cache"
        ],
        "Pragma": [
          "no-cache"
        ],
        "ETag": [
          "\"AAAAAAAAChk=\""
        ],
        "Strict-Transport-Security": [
          "max-age=31536000; includeSubDomains"
        ],
        "x-ms-request-id": [
          "5c1290ab-366b-417a-a9bd-4b5993eaded1"
        ],
        "Server": [
          "Microsoft-HTTPAPI/2.0"
        ],
        "x-ms-ratelimit-remaining-subscription-reads": [
          "11984"
        ],
        "x-ms-correlation-request-id": [
          "bce61c1a-d69c-4e07-83a4-957bffee28ab"
        ],
        "x-ms-routing-request-id": [
          "WESTUS:20200224T173727Z:bce61c1a-d69c-4e07-83a4-957bffee28ab"
        ],
        "X-Content-Type-Options": [
          "nosniff"
        ],
        "Date": [
          "Mon, 24 Feb 2020 17:37:26 GMT"
        ],
        "Content-Length": [
          "581"
        ],
        "Content-Type": [
          "application/json; charset=utf-8"
        ],
        "Expires": [
          "-1"
        ]
      },
      "ResponseBody": "{\r\n  \"id\": \"/subscriptions/a200340d-6b82-494d-9dbf-687ba6e33f9e/resourceGroups/powershelltest/providers/Microsoft.ApiManagement/service/powershellsdkservice/products/unlimited/policies/policy\",\r\n  \"type\": \"Microsoft.ApiManagement/service/products/policies\",\r\n  \"name\": \"policy\",\r\n  \"properties\": {\r\n    \"format\": \"rawxml\",\r\n    \"value\": \"<policies>\\r\\n\\t<inbound>\\r\\n\\t\\t<rate-limit calls=\\\"5\\\" renewal-period=\\\"60\\\" />\\r\\n\\t\\t<quota calls=\\\"100\\\" renewal-period=\\\"604800\\\" />\\r\\n\\t\\t<base />\\r\\n\\t</inbound>\\r\\n\\t<outbound>\\r\\n\\t\\t<base />\\r\\n\\t</outbound>\\r\\n</policies>\"\r\n  }\r\n}",
      "StatusCode": 200
    },
    {
      "RequestUri": "/subscriptions/a200340d-6b82-494d-9dbf-687ba6e33f9e/resourceGroups/powershelltest/providers/Microsoft.ApiManagement/service/powershellsdkservice/apis/echo-api/policies/policy?format=rawxml&api-version=2019-01-01",
      "EncodedRequestUri": "L3N1YnNjcmlwdGlvbnMvYTIwMDM0MGQtNmI4Mi00OTRkLTlkYmYtNjg3YmE2ZTMzZjllL3Jlc291cmNlR3JvdXBzL3Bvd2Vyc2hlbGx0ZXN0L3Byb3ZpZGVycy9NaWNyb3NvZnQuQXBpTWFuYWdlbWVudC9zZXJ2aWNlL3Bvd2Vyc2hlbGxzZGtzZXJ2aWNlL2FwaXMvZWNoby1hcGkvcG9saWNpZXMvcG9saWN5P2Zvcm1hdD1yYXd4bWwmYXBpLXZlcnNpb249MjAxOS0wMS0wMQ==",
      "RequestMethod": "GET",
      "RequestBody": "",
      "RequestHeaders": {
        "x-ms-client-request-id": [
          "f706298f-66f0-4194-984c-2cf184eecc19"
        ],
        "Accept-Language": [
          "en-US"
        ],
        "User-Agent": [
          "FxVersion/4.6.28325.01",
          "OSName/Windows",
          "OSVersion/Microsoft.Windows.10.0.18363.",
          "Microsoft.Azure.Management.ApiManagement.ApiManagementClient/4.12.0.0"
        ]
      },
      "ResponseHeaders": {
        "Cache-Control": [
          "no-cache"
        ],
        "Pragma": [
          "no-cache"
        ],
        "ETag": [
          "\"AAAAAAAACiA=\""
        ],
        "Strict-Transport-Security": [
          "max-age=31536000; includeSubDomains"
        ],
        "x-ms-request-id": [
          "56697e1d-f895-411d-bc31-2e560e376835"
        ],
        "Server": [
          "Microsoft-HTTPAPI/2.0"
        ],
        "x-ms-ratelimit-remaining-subscription-reads": [
          "11981"
        ],
        "x-ms-correlation-request-id": [
          "72aaf7c4-a620-4384-82c0-1e3fb463d7cd"
        ],
        "x-ms-routing-request-id": [
          "WESTUS:20200224T173728Z:72aaf7c4-a620-4384-82c0-1e3fb463d7cd"
        ],
        "X-Content-Type-Options": [
          "nosniff"
        ],
        "Date": [
          "Mon, 24 Feb 2020 17:37:27 GMT"
        ],
        "Content-Length": [
          "813"
        ],
        "Content-Type": [
          "application/json; charset=utf-8"
        ],
        "Expires": [
          "-1"
        ]
      },
      "ResponseBody": "{\r\n  \"id\": \"/subscriptions/a200340d-6b82-494d-9dbf-687ba6e33f9e/resourceGroups/powershelltest/providers/Microsoft.ApiManagement/service/powershellsdkservice/apis/echo-api/policies/policy\",\r\n  \"type\": \"Microsoft.ApiManagement/service/apis/policies\",\r\n  \"name\": \"policy\",\r\n  \"properties\": {\r\n    \"format\": \"rawxml\",\r\n    \"value\": \"<policies>\\r\\n\\t<inbound>\\r\\n\\t\\t<base />\\r\\n\\t\\t<cache-lookup vary-by-developer=\\\"false\\\" vary-by-developer-groups=\\\"false\\\" downstream-caching-type=\\\"none\\\">\\r\\n\\t\\t\\t<vary-by-query-parameter>version</vary-by-query-parameter>\\r\\n\\t\\t\\t<vary-by-header>Accept</vary-by-header>\\r\\n\\t\\t\\t<vary-by-header>Accept-Charset</vary-by-header>\\r\\n\\t\\t</cache-lookup>\\r\\n\\t</inbound>\\r\\n\\t<outbound>\\r\\n\\t\\t<cache-store duration=\\\"10\\\" />\\r\\n\\t\\t<base />\\r\\n\\t</outbound>\\r\\n</policies>\"\r\n  }\r\n}",
      "StatusCode": 200
    },
    {
      "RequestUri": "/subscriptions/a200340d-6b82-494d-9dbf-687ba6e33f9e/resourceGroups/powershelltest/providers/Microsoft.ApiManagement/service/powershellsdkservice/apis/echo-api/operations/create-resource/policies/policy?format=rawxml&api-version=2019-01-01",
      "EncodedRequestUri": "L3N1YnNjcmlwdGlvbnMvYTIwMDM0MGQtNmI4Mi00OTRkLTlkYmYtNjg3YmE2ZTMzZjllL3Jlc291cmNlR3JvdXBzL3Bvd2Vyc2hlbGx0ZXN0L3Byb3ZpZGVycy9NaWNyb3NvZnQuQXBpTWFuYWdlbWVudC9zZXJ2aWNlL3Bvd2Vyc2hlbGxzZGtzZXJ2aWNlL2FwaXMvZWNoby1hcGkvb3BlcmF0aW9ucy9jcmVhdGUtcmVzb3VyY2UvcG9saWNpZXMvcG9saWN5P2Zvcm1hdD1yYXd4bWwmYXBpLXZlcnNpb249MjAxOS0wMS0wMQ==",
      "RequestMethod": "GET",
      "RequestBody": "",
      "RequestHeaders": {
        "x-ms-client-request-id": [
          "bda7740c-cd34-4e8d-bda8-684e75318d2e"
        ],
        "Accept-Language": [
          "en-US"
        ],
        "User-Agent": [
          "FxVersion/4.6.28325.01",
          "OSName/Windows",
          "OSVersion/Microsoft.Windows.10.0.18363.",
          "Microsoft.Azure.Management.ApiManagement.ApiManagementClient/4.12.0.0"
        ]
      },
      "ResponseHeaders": {
        "Cache-Control": [
          "no-cache"
        ],
        "Pragma": [
          "no-cache"
        ],
        "ETag": [
          "\"AAAAAAAACic=\""
        ],
        "Strict-Transport-Security": [
          "max-age=31536000; includeSubDomains"
        ],
        "x-ms-request-id": [
          "bc4bddbb-c451-4861-9b03-d035d1e70a2f"
        ],
        "Server": [
          "Microsoft-HTTPAPI/2.0"
        ],
        "x-ms-ratelimit-remaining-subscription-reads": [
          "11977"
        ],
        "x-ms-correlation-request-id": [
          "87e94a09-a901-4503-9429-de03d2443d8d"
        ],
        "x-ms-routing-request-id": [
          "WESTUS:20200224T173729Z:87e94a09-a901-4503-9429-de03d2443d8d"
        ],
        "X-Content-Type-Options": [
          "nosniff"
        ],
        "Date": [
          "Mon, 24 Feb 2020 17:37:28 GMT"
        ],
        "Content-Length": [
          "543"
        ],
        "Content-Type": [
          "application/json; charset=utf-8"
        ],
        "Expires": [
          "-1"
        ]
      },
      "ResponseBody": "{\r\n  \"id\": \"/subscriptions/a200340d-6b82-494d-9dbf-687ba6e33f9e/resourceGroups/powershelltest/providers/Microsoft.ApiManagement/service/powershellsdkservice/apis/echo-api/operations/create-resource/policies/policy\",\r\n  \"type\": \"Microsoft.ApiManagement/service/apis/operations/policies\",\r\n  \"name\": \"policy\",\r\n  \"properties\": {\r\n    \"format\": \"rawxml\",\r\n    \"value\": \"<policies>\\r\\n\\t<inbound>\\r\\n\\t\\t<base />\\r\\n\\t\\t<rewrite-uri template=\\\"/resource\\\" />\\r\\n\\t</inbound>\\r\\n\\t<outbound>\\r\\n\\t\\t<base />\\r\\n\\t</outbound>\\r\\n</policies>\"\r\n  }\r\n}",
      "StatusCode": 200
    }
  ],
  "Names": {},
  "Variables": {
    "SubscriptionId": "a200340d-6b82-494d-9dbf-687ba6e33f9e"
  }
}