{
  "Entries": [
    {
      "RequestUri": "/subscriptions/a200340d-6b82-494d-9dbf-687ba6e33f9e/resourceGroups/powershelltest/providers/Microsoft.ApiManagement/service/powershellsdkservice/subscriptions?api-version=2019-12-01",
      "EncodedRequestUri": "L3N1YnNjcmlwdGlvbnMvYTIwMDM0MGQtNmI4Mi00OTRkLTlkYmYtNjg3YmE2ZTMzZjllL3Jlc291cmNlR3JvdXBzL3Bvd2Vyc2hlbGx0ZXN0L3Byb3ZpZGVycy9NaWNyb3NvZnQuQXBpTWFuYWdlbWVudC9zZXJ2aWNlL3Bvd2Vyc2hlbGxzZGtzZXJ2aWNlL3N1YnNjcmlwdGlvbnM/YXBpLXZlcnNpb249MjAxOS0xMi0wMQ==",
      "RequestMethod": "GET",
      "RequestBody": "",
      "RequestHeaders": {
        "x-ms-client-request-id": [
          "83ceecd5-3432-40ca-87bf-892d972b852e"
        ],
        "Accept-Language": [
          "en-US"
        ],
        "User-Agent": [
          "FxVersion/4.6.27817.03",
          "OSName/Windows",
          "OSVersion/Microsoft.Windows.10.0.18363.",
          "Microsoft.Azure.Management.ApiManagement.ApiManagementClient/6.0.0.0"
        ]
      },
      "ResponseHeaders": {
        "Cache-Control": [
          "no-cache"
        ],
        "Pragma": [
          "no-cache"
        ],
        "Strict-Transport-Security": [
          "max-age=31536000; includeSubDomains"
        ],
        "x-ms-request-id": [
          "0962af06-7329-448a-9a82-e2d3383f3da7"
        ],
        "Server": [
          "Microsoft-HTTPAPI/2.0"
        ],
        "x-ms-ratelimit-remaining-subscription-reads": [
          "11999"
        ],
        "x-ms-correlation-request-id": [
          "53687841-35d7-420d-98ed-34e91f624be9"
        ],
        "x-ms-routing-request-id": [
          "WESTUS:20200721T164123Z:53687841-35d7-420d-98ed-34e91f624be9"
        ],
        "X-Content-Type-Options": [
          "nosniff"
        ],
        "Date": [
          "Tue, 21 Jul 2020 16:41:23 GMT"
        ],
        "Content-Length": [
          "2859"
        ],
        "Content-Type": [
          "application/json; charset=utf-8"
        ],
        "Expires": [
          "-1"
        ]
      },
      "ResponseBody": "{\r\n  \"value\": [\r\n    {\r\n      \"id\": \"/subscriptions/a200340d-6b82-494d-9dbf-687ba6e33f9e/resourceGroups/powershelltest/providers/Microsoft.ApiManagement/service/powershellsdkservice/subscriptions/5eab1e5f9d398d0050070001\",\r\n      \"type\": \"Microsoft.ApiManagement/service/subscriptions\",\r\n      \"name\": \"5eab1e5f9d398d0050070001\",\r\n      \"properties\": {\r\n        \"ownerId\": \"/subscriptions/a200340d-6b82-494d-9dbf-687ba6e33f9e/resourceGroups/powershelltest/providers/Microsoft.ApiManagement/service/powershellsdkservice/users/1\",\r\n        \"scope\": \"/subscriptions/a200340d-6b82-494d-9dbf-687ba6e33f9e/resourceGroups/powershelltest/providers/Microsoft.ApiManagement/service/powershellsdkservice/products/starter\",\r\n        \"displayName\": null,\r\n        \"state\": \"active\",\r\n        \"createdDate\": \"2020-04-30T18:52:15.807Z\",\r\n        \"startDate\": null,\r\n        \"expirationDate\": null,\r\n        \"endDate\": null,\r\n        \"notificationDate\": null,\r\n        \"stateComment\": null,\r\n        \"allowTracing\": true\r\n      }\r\n    },\r\n    {\r\n      \"id\": \"/subscriptions/a200340d-6b82-494d-9dbf-687ba6e33f9e/resourceGroups/powershelltest/providers/Microsoft.ApiManagement/service/powershellsdkservice/subscriptions/5eab1e609d398d0050070002\",\r\n      \"type\": \"Microsoft.ApiManagement/service/subscriptions\",\r\n      \"name\": \"5eab1e609d398d0050070002\",\r\n      \"properties\": {\r\n        \"ownerId\": \"/subscriptions/a200340d-6b82-494d-9dbf-687ba6e33f9e/resourceGroups/powershelltest/providers/Microsoft.ApiManagement/service/powershellsdkservice/users/1\",\r\n        \"scope\": \"/subscriptions/a200340d-6b82-494d-9dbf-687ba6e33f9e/resourceGroups/powershelltest/providers/Microsoft.ApiManagement/service/powershellsdkservice/products/unlimited\",\r\n        \"displayName\": null,\r\n        \"state\": \"active\",\r\n        \"createdDate\": \"2020-04-30T18:52:16.603Z\",\r\n        \"startDate\": null,\r\n        \"expirationDate\": null,\r\n        \"endDate\": null,\r\n        \"notificationDate\": null,\r\n        \"stateComment\": null,\r\n        \"allowTracing\": true\r\n      }\r\n    },\r\n    {\r\n      \"id\": \"/subscriptions/a200340d-6b82-494d-9dbf-687ba6e33f9e/resourceGroups/powershelltest/providers/Microsoft.ApiManagement/service/powershellsdkservice/subscriptions/master\",\r\n      \"type\": \"Microsoft.ApiManagement/service/subscriptions\",\r\n      \"name\": \"master\",\r\n      \"properties\": {\r\n        \"scope\": \"/subscriptions/a200340d-6b82-494d-9dbf-687ba6e33f9e/resourceGroups/powershelltest/providers/Microsoft.ApiManagement/service/powershellsdkservice/\",\r\n        \"displayName\": \"Built-in all-access subscription\",\r\n        \"state\": \"active\",\r\n        \"createdDate\": \"2020-04-30T19:17:12.643Z\",\r\n        \"startDate\": null,\r\n        \"expirationDate\": null,\r\n        \"endDate\": null,\r\n        \"notificationDate\": null,\r\n        \"stateComment\": null,\r\n        \"allowTracing\": true\r\n      }\r\n    }\r\n  ],\r\n  \"count\": 3\r\n}",
      "StatusCode": 200
    },
    {
      "RequestUri": "/subscriptions/a200340d-6b82-494d-9dbf-687ba6e33f9e/resourceGroups/powershelltest/providers/Microsoft.ApiManagement/service/powershellsdkservice/subscriptions/5eab1e5f9d398d0050070001?api-version=2019-12-01",
      "EncodedRequestUri": "L3N1YnNjcmlwdGlvbnMvYTIwMDM0MGQtNmI4Mi00OTRkLTlkYmYtNjg3YmE2ZTMzZjllL3Jlc291cmNlR3JvdXBzL3Bvd2Vyc2hlbGx0ZXN0L3Byb3ZpZGVycy9NaWNyb3NvZnQuQXBpTWFuYWdlbWVudC9zZXJ2aWNlL3Bvd2Vyc2hlbGxzZGtzZXJ2aWNlL3N1YnNjcmlwdGlvbnMvNWVhYjFlNWY5ZDM5OGQwMDUwMDcwMDAxP2FwaS12ZXJzaW9uPTIwMTktMTItMDE=",
      "RequestMethod": "GET",
      "RequestBody": "",
      "RequestHeaders": {
        "x-ms-client-request-id": [
          "191ada49-5fe1-42e1-ab03-74b4ceb58c2e"
        ],
        "Accept-Language": [
          "en-US"
        ],
        "User-Agent": [
          "FxVersion/4.6.27817.03",
          "OSName/Windows",
          "OSVersion/Microsoft.Windows.10.0.18363.",
          "Microsoft.Azure.Management.ApiManagement.ApiManagementClient/6.0.0.0"
        ]
      },
      "ResponseHeaders": {
        "Cache-Control": [
          "no-cache"
        ],
        "Pragma": [
          "no-cache"
        ],
        "ETag": [
          "\"AAAAAAAACOo=\""
        ],
        "Strict-Transport-Security": [
          "max-age=31536000; includeSubDomains"
        ],
        "x-ms-request-id": [
          "61930e22-600a-4b77-b4d5-1d38cafc4d2f"
        ],
        "Server": [
          "Microsoft-HTTPAPI/2.0"
        ],
        "x-ms-ratelimit-remaining-subscription-reads": [
          "11998"
        ],
        "x-ms-correlation-request-id": [
          "f95c0ec5-50fc-4f9c-9a15-029eba9c3e39"
        ],
        "x-ms-routing-request-id": [
          "WESTUS:20200721T164123Z:f95c0ec5-50fc-4f9c-9a15-029eba9c3e39"
        ],
        "X-Content-Type-Options": [
          "nosniff"
        ],
        "Date": [
          "Tue, 21 Jul 2020 16:41:23 GMT"
        ],
        "Content-Length": [
          "931"
        ],
        "Content-Type": [
          "application/json; charset=utf-8"
        ],
        "Expires": [
          "-1"
        ]
      },
      "ResponseBody": "{\r\n  \"id\": \"/subscriptions/a200340d-6b82-494d-9dbf-687ba6e33f9e/resourceGroups/powershelltest/providers/Microsoft.ApiManagement/service/powershellsdkservice/subscriptions/5eab1e5f9d398d0050070001\",\r\n  \"type\": \"Microsoft.ApiManagement/service/subscriptions\",\r\n  \"name\": \"5eab1e5f9d398d0050070001\",\r\n  \"properties\": {\r\n    \"ownerId\": \"/subscriptions/a200340d-6b82-494d-9dbf-687ba6e33f9e/resourceGroups/powershelltest/providers/Microsoft.ApiManagement/service/powershellsdkservice/users/1\",\r\n    \"scope\": \"/subscriptions/a200340d-6b82-494d-9dbf-687ba6e33f9e/resourceGroups/powershelltest/providers/Microsoft.ApiManagement/service/powershellsdkservice/products/starter\",\r\n    \"displayName\": null,\r\n    \"state\": \"active\",\r\n    \"createdDate\": \"2020-04-30T18:52:15.807Z\",\r\n    \"startDate\": null,\r\n    \"expirationDate\": null,\r\n    \"endDate\": null,\r\n    \"notificationDate\": null,\r\n    \"stateComment\": null,\r\n    \"allowTracing\": true\r\n  }\r\n}",
      "StatusCode": 200
    },
    {
      "RequestUri": "/subscriptions/a200340d-6b82-494d-9dbf-687ba6e33f9e/resourceGroups/powershelltest/providers/Microsoft.ApiManagement/service/powershellsdkservice/subscriptions/5eab1e5f9d398d0050070001/listSecrets?api-version=2019-12-01",
      "EncodedRequestUri": "L3N1YnNjcmlwdGlvbnMvYTIwMDM0MGQtNmI4Mi00OTRkLTlkYmYtNjg3YmE2ZTMzZjllL3Jlc291cmNlR3JvdXBzL3Bvd2Vyc2hlbGx0ZXN0L3Byb3ZpZGVycy9NaWNyb3NvZnQuQXBpTWFuYWdlbWVudC9zZXJ2aWNlL3Bvd2Vyc2hlbGxzZGtzZXJ2aWNlL3N1YnNjcmlwdGlvbnMvNWVhYjFlNWY5ZDM5OGQwMDUwMDcwMDAxL2xpc3RTZWNyZXRzP2FwaS12ZXJzaW9uPTIwMTktMTItMDE=",
      "RequestMethod": "POST",
      "RequestBody": "",
      "RequestHeaders": {
        "x-ms-client-request-id": [
          "9e867f2a-190c-4b4d-b6b1-66f9f6160294"
        ],
        "Accept-Language": [
          "en-US"
        ],
        "User-Agent": [
          "FxVersion/4.6.27817.03",
          "OSName/Windows",
          "OSVersion/Microsoft.Windows.10.0.18363.",
          "Microsoft.Azure.Management.ApiManagement.ApiManagementClient/6.0.0.0"
        ]
      },
      "ResponseHeaders": {
        "Cache-Control": [
          "no-cache"
        ],
        "Pragma": [
          "no-cache"
        ],
        "ETag": [
          "\"AAAAAAAACOo=\""
        ],
        "Strict-Transport-Security": [
          "max-age=31536000; includeSubDomains"
        ],
        "x-ms-request-id": [
          "a89f75de-ec84-4cbf-a401-9047528054e7"
        ],
        "Server": [
          "Microsoft-HTTPAPI/2.0"
        ],
        "x-ms-ratelimit-remaining-subscription-writes": [
          "1199"
        ],
        "x-ms-correlation-request-id": [
          "6df76fa2-1f6e-4c53-854e-c11c9d5d382e"
        ],
        "x-ms-routing-request-id": [
          "WESTUS:20200721T164123Z:6df76fa2-1f6e-4c53-854e-c11c9d5d382e"
        ],
        "X-Content-Type-Options": [
          "nosniff"
        ],
        "Date": [
          "Tue, 21 Jul 2020 16:41:23 GMT"
        ],
        "Content-Length": [
          "99"
        ],
        "Content-Type": [
          "application/json; charset=utf-8"
        ],
        "Expires": [
          "-1"
        ]
      },
      "ResponseBody": "{\r\n  \"primaryKey\": \"a0d34bc2bc8b44c89e95163bb2bdf46b\",\r\n  \"secondaryKey\": \"fd1d7dd4b20b4528aef6a93e1b91fe95\"\r\n}",
      "StatusCode": 200
    },
    {
      "RequestUri": "/subscriptions/a200340d-6b82-494d-9dbf-687ba6e33f9e/resourceGroups/powershelltest/providers/Microsoft.ApiManagement/service/powershellsdkservice/subscriptions/5eab1e609d398d0050070002?api-version=2019-12-01",
      "EncodedRequestUri": "L3N1YnNjcmlwdGlvbnMvYTIwMDM0MGQtNmI4Mi00OTRkLTlkYmYtNjg3YmE2ZTMzZjllL3Jlc291cmNlR3JvdXBzL3Bvd2Vyc2hlbGx0ZXN0L3Byb3ZpZGVycy9NaWNyb3NvZnQuQXBpTWFuYWdlbWVudC9zZXJ2aWNlL3Bvd2Vyc2hlbGxzZGtzZXJ2aWNlL3N1YnNjcmlwdGlvbnMvNWVhYjFlNjA5ZDM5OGQwMDUwMDcwMDAyP2FwaS12ZXJzaW9uPTIwMTktMTItMDE=",
      "RequestMethod": "GET",
      "RequestBody": "",
      "RequestHeaders": {
        "x-ms-client-request-id": [
          "8f54e82a-42d7-45f8-8666-0bef99aa5986"
        ],
        "Accept-Language": [
          "en-US"
        ],
        "User-Agent": [
          "FxVersion/4.6.27817.03",
          "OSName/Windows",
          "OSVersion/Microsoft.Windows.10.0.18363.",
          "Microsoft.Azure.Management.ApiManagement.ApiManagementClient/6.0.0.0"
        ]
      },
      "ResponseHeaders": {
        "Cache-Control": [
          "no-cache"
        ],
        "Pragma": [
          "no-cache"
        ],
        "ETag": [
          "\"AAAAAAAACOs=\""
        ],
        "Strict-Transport-Security": [
          "max-age=31536000; includeSubDomains"
        ],
        "x-ms-request-id": [
          "0ad3e616-6902-4726-b9fe-d05da1850e51"
        ],
        "Server": [
          "Microsoft-HTTPAPI/2.0"
        ],
        "x-ms-ratelimit-remaining-subscription-reads": [
          "11997"
        ],
        "x-ms-correlation-request-id": [
          "d2a64474-e711-4958-9574-f2ea685e4d31"
        ],
        "x-ms-routing-request-id": [
          "WESTUS:20200721T164124Z:d2a64474-e711-4958-9574-f2ea685e4d31"
        ],
        "X-Content-Type-Options": [
          "nosniff"
        ],
        "Date": [
          "Tue, 21 Jul 2020 16:41:24 GMT"
        ],
        "Content-Length": [
          "933"
        ],
        "Content-Type": [
          "application/json; charset=utf-8"
        ],
        "Expires": [
          "-1"
        ]
      },
      "ResponseBody": "{\r\n  \"id\": \"/subscriptions/a200340d-6b82-494d-9dbf-687ba6e33f9e/resourceGroups/powershelltest/providers/Microsoft.ApiManagement/service/powershellsdkservice/subscriptions/5eab1e609d398d0050070002\",\r\n  \"type\": \"Microsoft.ApiManagement/service/subscriptions\",\r\n  \"name\": \"5eab1e609d398d0050070002\",\r\n  \"properties\": {\r\n    \"ownerId\": \"/subscriptions/a200340d-6b82-494d-9dbf-687ba6e33f9e/resourceGroups/powershelltest/providers/Microsoft.ApiManagement/service/powershellsdkservice/users/1\",\r\n    \"scope\": \"/subscriptions/a200340d-6b82-494d-9dbf-687ba6e33f9e/resourceGroups/powershelltest/providers/Microsoft.ApiManagement/service/powershellsdkservice/products/unlimited\",\r\n    \"displayName\": null,\r\n    \"state\": \"active\",\r\n    \"createdDate\": \"2020-04-30T18:52:16.603Z\",\r\n    \"startDate\": null,\r\n    \"expirationDate\": null,\r\n    \"endDate\": null,\r\n    \"notificationDate\": null,\r\n    \"stateComment\": null,\r\n    \"allowTracing\": true\r\n  }\r\n}",
      "StatusCode": 200
    },
    {
      "RequestUri": "/subscriptions/a200340d-6b82-494d-9dbf-687ba6e33f9e/resourceGroups/powershelltest/providers/Microsoft.ApiManagement/service/powershellsdkservice/subscriptions/5eab1e609d398d0050070002/listSecrets?api-version=2019-12-01",
      "EncodedRequestUri": "L3N1YnNjcmlwdGlvbnMvYTIwMDM0MGQtNmI4Mi00OTRkLTlkYmYtNjg3YmE2ZTMzZjllL3Jlc291cmNlR3JvdXBzL3Bvd2Vyc2hlbGx0ZXN0L3Byb3ZpZGVycy9NaWNyb3NvZnQuQXBpTWFuYWdlbWVudC9zZXJ2aWNlL3Bvd2Vyc2hlbGxzZGtzZXJ2aWNlL3N1YnNjcmlwdGlvbnMvNWVhYjFlNjA5ZDM5OGQwMDUwMDcwMDAyL2xpc3RTZWNyZXRzP2FwaS12ZXJzaW9uPTIwMTktMTItMDE=",
      "RequestMethod": "POST",
      "RequestBody": "",
      "RequestHeaders": {
        "x-ms-client-request-id": [
          "4151dfb9-8e17-42e8-93c9-20344d143aae"
        ],
        "Accept-Language": [
          "en-US"
        ],
        "User-Agent": [
          "FxVersion/4.6.27817.03",
          "OSName/Windows",
          "OSVersion/Microsoft.Windows.10.0.18363.",
          "Microsoft.Azure.Management.ApiManagement.ApiManagementClient/6.0.0.0"
        ]
      },
      "ResponseHeaders": {
        "Cache-Control": [
          "no-cache"
        ],
        "Pragma": [
          "no-cache"
        ],
        "ETag": [
          "\"AAAAAAAACOs=\""
        ],
        "Strict-Transport-Security": [
          "max-age=31536000; includeSubDomains"
        ],
        "x-ms-request-id": [
          "ae86477b-6200-4a22-9609-2303ce61828d"
        ],
        "Server": [
          "Microsoft-HTTPAPI/2.0"
        ],
        "x-ms-ratelimit-remaining-subscription-writes": [
          "1198"
        ],
        "x-ms-correlation-request-id": [
          "8ffea865-ad4a-4658-926c-e4cb3c80ed07"
        ],
        "x-ms-routing-request-id": [
          "WESTUS:20200721T164124Z:8ffea865-ad4a-4658-926c-e4cb3c80ed07"
        ],
        "X-Content-Type-Options": [
          "nosniff"
        ],
        "Date": [
          "Tue, 21 Jul 2020 16:41:24 GMT"
        ],
        "Content-Length": [
          "99"
        ],
        "Content-Type": [
          "application/json; charset=utf-8"
        ],
        "Expires": [
          "-1"
        ]
      },
      "ResponseBody": "{\r\n  \"primaryKey\": \"64fc222570e6440e9f42a919448b9c5f\",\r\n  \"secondaryKey\": \"a376e57b76384853ae2f526820806f9d\"\r\n}",
      "StatusCode": 200
    },
    {
      "RequestUri": "/subscriptions/a200340d-6b82-494d-9dbf-687ba6e33f9e/resourceGroups/powershelltest/providers/Microsoft.ApiManagement/service/powershellsdkservice/subscriptions/master?api-version=2019-12-01",
      "EncodedRequestUri": "L3N1YnNjcmlwdGlvbnMvYTIwMDM0MGQtNmI4Mi00OTRkLTlkYmYtNjg3YmE2ZTMzZjllL3Jlc291cmNlR3JvdXBzL3Bvd2Vyc2hlbGx0ZXN0L3Byb3ZpZGVycy9NaWNyb3NvZnQuQXBpTWFuYWdlbWVudC9zZXJ2aWNlL3Bvd2Vyc2hlbGxzZGtzZXJ2aWNlL3N1YnNjcmlwdGlvbnMvbWFzdGVyP2FwaS12ZXJzaW9uPTIwMTktMTItMDE=",
      "RequestMethod": "GET",
      "RequestBody": "",
      "RequestHeaders": {
        "x-ms-client-request-id": [
          "97bdc686-0b35-4b98-b7fc-38983795190d"
        ],
        "Accept-Language": [
          "en-US"
        ],
        "User-Agent": [
          "FxVersion/4.6.27817.03",
          "OSName/Windows",
          "OSVersion/Microsoft.Windows.10.0.18363.",
          "Microsoft.Azure.Management.ApiManagement.ApiManagementClient/6.0.0.0"
        ]
      },
      "ResponseHeaders": {
        "Cache-Control": [
          "no-cache"
        ],
        "Pragma": [
          "no-cache"
        ],
        "ETag": [
          "\"AAAAAAAACP8=\""
        ],
        "Strict-Transport-Security": [
          "max-age=31536000; includeSubDomains"
        ],
        "x-ms-request-id": [
          "2f744187-ef4d-4edc-81ff-72caeb93fb95"
        ],
        "Server": [
          "Microsoft-HTTPAPI/2.0"
        ],
        "x-ms-ratelimit-remaining-subscription-reads": [
          "11996"
        ],
        "x-ms-correlation-request-id": [
          "b633ecfe-3843-43f6-a075-617f03d53eb1"
        ],
        "x-ms-routing-request-id": [
          "WESTUS:20200721T164124Z:b633ecfe-3843-43f6-a075-617f03d53eb1"
        ],
        "X-Content-Type-Options": [
          "nosniff"
        ],
        "Date": [
          "Tue, 21 Jul 2020 16:41:24 GMT"
        ],
        "Content-Length": [
          "737"
        ],
        "Content-Type": [
          "application/json; charset=utf-8"
        ],
        "Expires": [
          "-1"
        ]
      },
      "ResponseBody": "{\r\n  \"id\": \"/subscriptions/a200340d-6b82-494d-9dbf-687ba6e33f9e/resourceGroups/powershelltest/providers/Microsoft.ApiManagement/service/powershellsdkservice/subscriptions/master\",\r\n  \"type\": \"Microsoft.ApiManagement/service/subscriptions\",\r\n  \"name\": \"master\",\r\n  \"properties\": {\r\n    \"scope\": \"/subscriptions/a200340d-6b82-494d-9dbf-687ba6e33f9e/resourceGroups/powershelltest/providers/Microsoft.ApiManagement/service/powershellsdkservice/\",\r\n    \"displayName\": \"Built-in all-access subscription\",\r\n    \"state\": \"active\",\r\n    \"createdDate\": \"2020-04-30T19:17:12.643Z\",\r\n    \"startDate\": null,\r\n    \"expirationDate\": null,\r\n    \"endDate\": null,\r\n    \"notificationDate\": null,\r\n    \"stateComment\": null,\r\n    \"allowTracing\": true\r\n  }\r\n}",
      "StatusCode": 200
    },
    {
      "RequestUri": "/subscriptions/a200340d-6b82-494d-9dbf-687ba6e33f9e/resourceGroups/powershelltest/providers/Microsoft.ApiManagement/service/powershellsdkservice/subscriptions/master/listSecrets?api-version=2019-12-01",
      "EncodedRequestUri": "L3N1YnNjcmlwdGlvbnMvYTIwMDM0MGQtNmI4Mi00OTRkLTlkYmYtNjg3YmE2ZTMzZjllL3Jlc291cmNlR3JvdXBzL3Bvd2Vyc2hlbGx0ZXN0L3Byb3ZpZGVycy9NaWNyb3NvZnQuQXBpTWFuYWdlbWVudC9zZXJ2aWNlL3Bvd2Vyc2hlbGxzZGtzZXJ2aWNlL3N1YnNjcmlwdGlvbnMvbWFzdGVyL2xpc3RTZWNyZXRzP2FwaS12ZXJzaW9uPTIwMTktMTItMDE=",
      "RequestMethod": "POST",
      "RequestBody": "",
      "RequestHeaders": {
        "x-ms-client-request-id": [
          "1ebb129e-1179-412b-be0f-7db494d38f8d"
        ],
        "Accept-Language": [
          "en-US"
        ],
        "User-Agent": [
          "FxVersion/4.6.27817.03",
          "OSName/Windows",
          "OSVersion/Microsoft.Windows.10.0.18363.",
          "Microsoft.Azure.Management.ApiManagement.ApiManagementClient/6.0.0.0"
        ]
      },
      "ResponseHeaders": {
        "Cache-Control": [
          "no-cache"
        ],
        "Pragma": [
          "no-cache"
        ],
        "ETag": [
          "\"AAAAAAAACP8=\""
        ],
        "Strict-Transport-Security": [
          "max-age=31536000; includeSubDomains"
        ],
        "x-ms-request-id": [
          "29c539ac-4c58-4856-b1d1-cb3397e79ba9"
        ],
        "Server": [
          "Microsoft-HTTPAPI/2.0"
        ],
        "x-ms-ratelimit-remaining-subscription-writes": [
          "1197"
        ],
        "x-ms-correlation-request-id": [
          "d91e462b-50ee-4a67-a05e-3389d5b42930"
        ],
        "x-ms-routing-request-id": [
          "WESTUS:20200721T164124Z:d91e462b-50ee-4a67-a05e-3389d5b42930"
        ],
        "X-Content-Type-Options": [
          "nosniff"
        ],
        "Date": [
          "Tue, 21 Jul 2020 16:41:24 GMT"
        ],
        "Content-Length": [
          "99"
        ],
        "Content-Type": [
          "application/json; charset=utf-8"
        ],
        "Expires": [
          "-1"
        ]
      },
      "ResponseBody": "{\r\n  \"primaryKey\": \"7a85d57e060b450fa087af871acc9be6\",\r\n  \"secondaryKey\": \"4cc63f6a55ec4d0b9bc01ab8614fecd7\"\r\n}",
      "StatusCode": 200
    },
    {
      "RequestUri": "/subscriptions/a200340d-6b82-494d-9dbf-687ba6e33f9e/resourceGroups/powershelltest/providers/Microsoft.ApiManagement/service/powershellsdkservice/products/starter?api-version=2019-12-01",
      "EncodedRequestUri": "L3N1YnNjcmlwdGlvbnMvYTIwMDM0MGQtNmI4Mi00OTRkLTlkYmYtNjg3YmE2ZTMzZjllL3Jlc291cmNlR3JvdXBzL3Bvd2Vyc2hlbGx0ZXN0L3Byb3ZpZGVycy9NaWNyb3NvZnQuQXBpTWFuYWdlbWVudC9zZXJ2aWNlL3Bvd2Vyc2hlbGxzZGtzZXJ2aWNlL3Byb2R1Y3RzL3N0YXJ0ZXI/YXBpLXZlcnNpb249MjAxOS0xMi0wMQ==",
      "RequestMethod": "PATCH",
      "RequestBody": "{\r\n  \"properties\": {\r\n    \"subscriptionsLimit\": 100\r\n  }\r\n}",
      "RequestHeaders": {
        "x-ms-client-request-id": [
          "cd25bc9a-d505-4f97-9f3c-a9d3a9a33736"
        ],
        "If-Match": [
          "*"
        ],
        "Accept-Language": [
          "en-US"
        ],
        "User-Agent": [
          "FxVersion/4.6.27817.03",
          "OSName/Windows",
          "OSVersion/Microsoft.Windows.10.0.18363.",
          "Microsoft.Azure.Management.ApiManagement.ApiManagementClient/6.0.0.0"
        ],
        "Content-Type": [
          "application/json; charset=utf-8"
        ],
        "Content-Length": [
          "59"
        ]
      },
      "ResponseHeaders": {
        "Cache-Control": [
          "no-cache"
        ],
        "Pragma": [
          "no-cache"
        ],
        "Strict-Transport-Security": [
          "max-age=31536000; includeSubDomains"
        ],
        "x-ms-request-id": [
          "194debfe-c498-474f-ad6f-4f430401ba6d"
        ],
        "Server": [
          "Microsoft-HTTPAPI/2.0"
        ],
        "x-ms-ratelimit-remaining-subscription-writes": [
          "1199"
        ],
        "x-ms-correlation-request-id": [
          "131d32bd-0a65-4c8f-b9fb-cab5f5b5367a"
        ],
        "x-ms-routing-request-id": [
          "WESTUS:20200721T164125Z:131d32bd-0a65-4c8f-b9fb-cab5f5b5367a"
        ],
        "X-Content-Type-Options": [
          "nosniff"
        ],
        "Date": [
          "Tue, 21 Jul 2020 16:41:25 GMT"
        ],
        "Expires": [
          "-1"
        ]
      },
      "ResponseBody": "",
      "StatusCode": 204
    },
    {
      "RequestUri": "/subscriptions/a200340d-6b82-494d-9dbf-687ba6e33f9e/resourceGroups/powershelltest/providers/Microsoft.ApiManagement/service/powershellsdkservice/subscriptions/ps6898?api-version=2019-12-01",
      "EncodedRequestUri": "L3N1YnNjcmlwdGlvbnMvYTIwMDM0MGQtNmI4Mi00OTRkLTlkYmYtNjg3YmE2ZTMzZjllL3Jlc291cmNlR3JvdXBzL3Bvd2Vyc2hlbGx0ZXN0L3Byb3ZpZGVycy9NaWNyb3NvZnQuQXBpTWFuYWdlbWVudC9zZXJ2aWNlL3Bvd2Vyc2hlbGxzZGtzZXJ2aWNlL3N1YnNjcmlwdGlvbnMvcHM2ODk4P2FwaS12ZXJzaW9uPTIwMTktMTItMDE=",
      "RequestMethod": "PUT",
      "RequestBody": "{\r\n  \"properties\": {\r\n    \"ownerId\": \"/users/1\",\r\n    \"scope\": \"/products/starter\",\r\n    \"displayName\": \"ps3031\",\r\n    \"primaryKey\": \"ps2435\",\r\n    \"secondaryKey\": \"ps2518\",\r\n    \"state\": \"active\"\r\n  }\r\n}",
      "RequestHeaders": {
        "x-ms-client-request-id": [
          "58dcf4a7-7485-46e8-9149-cff54d55b292"
        ],
        "Accept-Language": [
          "en-US"
        ],
        "User-Agent": [
          "FxVersion/4.6.27817.03",
          "OSName/Windows",
          "OSVersion/Microsoft.Windows.10.0.18363.",
          "Microsoft.Azure.Management.ApiManagement.ApiManagementClient/6.0.0.0"
        ],
        "Content-Type": [
          "application/json; charset=utf-8"
        ],
        "Content-Length": [
          "204"
        ]
      },
      "ResponseHeaders": {
        "Cache-Control": [
          "no-cache"
        ],
        "Pragma": [
          "no-cache"
        ],
        "ETag": [
          "\"AAAAAAAAPRk=\""
        ],
        "Strict-Transport-Security": [
          "max-age=31536000; includeSubDomains"
        ],
        "x-ms-request-id": [
          "6ff1fa47-ec9f-4bbb-b5f9-5cf2e0489249"
        ],
        "Server": [
          "Microsoft-HTTPAPI/2.0"
        ],
        "x-ms-ratelimit-remaining-subscription-writes": [
          "1198"
        ],
        "x-ms-correlation-request-id": [
          "54bc540b-519c-4e86-90e1-afc846d030fe"
        ],
        "x-ms-routing-request-id": [
          "WESTUS:20200721T164126Z:54bc540b-519c-4e86-90e1-afc846d030fe"
        ],
        "X-Content-Type-Options": [
          "nosniff"
        ],
        "Date": [
          "Tue, 21 Jul 2020 16:41:26 GMT"
        ],
        "Content-Length": [
          "1366"
        ],
        "Content-Type": [
          "application/json; charset=utf-8"
        ],
        "Expires": [
          "-1"
        ]
      },
      "ResponseBody": "{\r\n  \"id\": \"/subscriptions/a200340d-6b82-494d-9dbf-687ba6e33f9e/resourceGroups/powershelltest/providers/Microsoft.ApiManagement/service/powershellsdkservice/subscriptions/ps6898\",\r\n  \"type\": \"Microsoft.ApiManagement/service/subscriptions\",\r\n  \"name\": \"ps6898\",\r\n  \"properties\": {\r\n    \"ownerId\": \"/subscriptions/a200340d-6b82-494d-9dbf-687ba6e33f9e/resourceGroups/powershelltest/providers/Microsoft.ApiManagement/service/powershellsdkservice/users/1\",\r\n    \"user\": {\r\n      \"id\": \"/subscriptions/a200340d-6b82-494d-9dbf-687ba6e33f9e/resourceGroups/powershelltest/providers/Microsoft.ApiManagement/service/powershellsdkservice/users/1\",\r\n      \"firstName\": \"Administrator\",\r\n      \"lastName\": \"\",\r\n      \"email\": \"foo@live.com\",\r\n      \"state\": \"active\",\r\n      \"registrationDate\": \"2020-04-30T18:52:14.87Z\",\r\n      \"note\": null,\r\n      \"groups\": [],\r\n      \"identities\": []\r\n    },\r\n    \"scope\": \"/subscriptions/a200340d-6b82-494d-9dbf-687ba6e33f9e/resourceGroups/powershelltest/providers/Microsoft.ApiManagement/service/powershellsdkservice/products/starter\",\r\n    \"displayName\": \"ps3031\",\r\n    \"state\": \"active\",\r\n    \"createdDate\": \"2020-07-21T16:41:25.6217121Z\",\r\n    \"startDate\": null,\r\n    \"expirationDate\": null,\r\n    \"endDate\": null,\r\n    \"notificationDate\": null,\r\n    \"primaryKey\": \"ps2435\",\r\n    \"secondaryKey\": \"ps2518\",\r\n    \"stateComment\": null\r\n  }\r\n}",
      "StatusCode": 201
    },
    {
      "RequestUri": "/subscriptions/a200340d-6b82-494d-9dbf-687ba6e33f9e/resourceGroups/powershelltest/providers/Microsoft.ApiManagement/service/powershellsdkservice/subscriptions/ps6898?api-version=2019-12-01",
      "EncodedRequestUri": "L3N1YnNjcmlwdGlvbnMvYTIwMDM0MGQtNmI4Mi00OTRkLTlkYmYtNjg3YmE2ZTMzZjllL3Jlc291cmNlR3JvdXBzL3Bvd2Vyc2hlbGx0ZXN0L3Byb3ZpZGVycy9NaWNyb3NvZnQuQXBpTWFuYWdlbWVudC9zZXJ2aWNlL3Bvd2Vyc2hlbGxzZGtzZXJ2aWNlL3N1YnNjcmlwdGlvbnMvcHM2ODk4P2FwaS12ZXJzaW9uPTIwMTktMTItMDE=",
      "RequestMethod": "PATCH",
      "RequestBody": "{\r\n  \"properties\": {\r\n    \"expirationDate\": \"2025-07-20T00:00:00Z\",\r\n    \"displayName\": \"ps2323\",\r\n    \"primaryKey\": \"ps1758\",\r\n    \"secondaryKey\": \"ps8539\"\r\n  }\r\n}",
      "RequestHeaders": {
        "x-ms-client-request-id": [
          "ec37ba1b-bae1-45d7-983a-67183d966889"
        ],
        "If-Match": [
          "*"
        ],
        "Accept-Language": [
          "en-US"
        ],
        "User-Agent": [
          "FxVersion/4.6.27817.03",
          "OSName/Windows",
          "OSVersion/Microsoft.Windows.10.0.18363.",
          "Microsoft.Azure.Management.ApiManagement.ApiManagementClient/6.0.0.0"
        ],
        "Content-Type": [
          "application/json; charset=utf-8"
        ],
        "Content-Length": [
          "164"
        ]
      },
      "ResponseHeaders": {
        "Cache-Control": [
          "no-cache"
        ],
        "Pragma": [
          "no-cache"
        ],
        "Strict-Transport-Security": [
          "max-age=31536000; includeSubDomains"
        ],
        "x-ms-request-id": [
          "b0495875-6602-4d4d-a6e4-312157d97e35"
        ],
        "Server": [
          "Microsoft-HTTPAPI/2.0"
        ],
        "x-ms-ratelimit-remaining-subscription-writes": [
          "1197"
        ],
        "x-ms-correlation-request-id": [
          "d3f25a6c-609e-49ad-95e7-80ec8116ebe3"
        ],
        "x-ms-routing-request-id": [
          "WESTUS:20200721T164127Z:d3f25a6c-609e-49ad-95e7-80ec8116ebe3"
        ],
        "X-Content-Type-Options": [
          "nosniff"
        ],
        "Date": [
          "Tue, 21 Jul 2020 16:41:27 GMT"
        ],
        "Expires": [
          "-1"
        ]
      },
      "ResponseBody": "",
      "StatusCode": 204
    },
    {
      "RequestUri": "/subscriptions/a200340d-6b82-494d-9dbf-687ba6e33f9e/resourceGroups/powershelltest/providers/Microsoft.ApiManagement/service/powershellsdkservice/subscriptions/ps6898?api-version=2019-12-01",
      "EncodedRequestUri": "L3N1YnNjcmlwdGlvbnMvYTIwMDM0MGQtNmI4Mi00OTRkLTlkYmYtNjg3YmE2ZTMzZjllL3Jlc291cmNlR3JvdXBzL3Bvd2Vyc2hlbGx0ZXN0L3Byb3ZpZGVycy9NaWNyb3NvZnQuQXBpTWFuYWdlbWVudC9zZXJ2aWNlL3Bvd2Vyc2hlbGxzZGtzZXJ2aWNlL3N1YnNjcmlwdGlvbnMvcHM2ODk4P2FwaS12ZXJzaW9uPTIwMTktMTItMDE=",
      "RequestMethod": "GET",
      "RequestBody": "",
      "RequestHeaders": {
        "x-ms-client-request-id": [
          "ed58289a-a1e0-4acb-ac73-9204c0373684"
        ],
        "Accept-Language": [
          "en-US"
        ],
        "User-Agent": [
          "FxVersion/4.6.27817.03",
          "OSName/Windows",
          "OSVersion/Microsoft.Windows.10.0.18363.",
          "Microsoft.Azure.Management.ApiManagement.ApiManagementClient/6.0.0.0"
        ]
      },
      "ResponseHeaders": {
        "Cache-Control": [
          "no-cache"
        ],
        "Pragma": [
          "no-cache"
        ],
        "ETag": [
          "\"AAAAAAAAPRw=\""
        ],
        "Strict-Transport-Security": [
          "max-age=31536000; includeSubDomains"
        ],
        "x-ms-request-id": [
          "58c9b2f1-6d7a-4485-bf07-85284fa99f92"
        ],
        "Server": [
          "Microsoft-HTTPAPI/2.0"
        ],
        "x-ms-ratelimit-remaining-subscription-reads": [
          "11995"
        ],
        "x-ms-correlation-request-id": [
          "762315cd-5b25-4125-8dbf-1f9e267f066f"
        ],
        "x-ms-routing-request-id": [
          "WESTUS:20200721T164127Z:762315cd-5b25-4125-8dbf-1f9e267f066f"
        ],
        "X-Content-Type-Options": [
          "nosniff"
        ],
        "Date": [
          "Tue, 21 Jul 2020 16:41:27 GMT"
        ],
        "Content-Length": [
          "935"
        ],
        "Content-Type": [
          "application/json; charset=utf-8"
        ],
        "Expires": [
          "-1"
        ]
      },
      "ResponseBody": "{\r\n  \"id\": \"/subscriptions/a200340d-6b82-494d-9dbf-687ba6e33f9e/resourceGroups/powershelltest/providers/Microsoft.ApiManagement/service/powershellsdkservice/subscriptions/ps6898\",\r\n  \"type\": \"Microsoft.ApiManagement/service/subscriptions\",\r\n  \"name\": \"ps6898\",\r\n  \"properties\": {\r\n    \"ownerId\": \"/subscriptions/a200340d-6b82-494d-9dbf-687ba6e33f9e/resourceGroups/powershelltest/providers/Microsoft.ApiManagement/service/powershellsdkservice/users/1\",\r\n    \"scope\": \"/subscriptions/a200340d-6b82-494d-9dbf-687ba6e33f9e/resourceGroups/powershelltest/providers/Microsoft.ApiManagement/service/powershellsdkservice/products/starter\",\r\n    \"displayName\": \"ps2323\",\r\n    \"state\": \"active\",\r\n    \"createdDate\": \"2020-07-21T16:41:25.623Z\",\r\n    \"startDate\": null,\r\n    \"expirationDate\": \"2025-07-20T00:00:00Z\",\r\n    \"endDate\": null,\r\n    \"notificationDate\": \"2025-07-08T00:00:00Z\",\r\n    \"stateComment\": null,\r\n    \"allowTracing\": true\r\n  }\r\n}",
      "StatusCode": 200
    },
    {
      "RequestUri": "/subscriptions/a200340d-6b82-494d-9dbf-687ba6e33f9e/resourceGroups/powershelltest/providers/Microsoft.ApiManagement/service/powershellsdkservice/subscriptions/ps6898/listSecrets?api-version=2019-12-01",
      "EncodedRequestUri": "L3N1YnNjcmlwdGlvbnMvYTIwMDM0MGQtNmI4Mi00OTRkLTlkYmYtNjg3YmE2ZTMzZjllL3Jlc291cmNlR3JvdXBzL3Bvd2Vyc2hlbGx0ZXN0L3Byb3ZpZGVycy9NaWNyb3NvZnQuQXBpTWFuYWdlbWVudC9zZXJ2aWNlL3Bvd2Vyc2hlbGxzZGtzZXJ2aWNlL3N1YnNjcmlwdGlvbnMvcHM2ODk4L2xpc3RTZWNyZXRzP2FwaS12ZXJzaW9uPTIwMTktMTItMDE=",
      "RequestMethod": "POST",
      "RequestBody": "",
      "RequestHeaders": {
        "x-ms-client-request-id": [
          "c230a965-2e94-49dd-ae0a-fca46238dc00"
        ],
        "Accept-Language": [
          "en-US"
        ],
        "User-Agent": [
          "FxVersion/4.6.27817.03",
          "OSName/Windows",
          "OSVersion/Microsoft.Windows.10.0.18363.",
          "Microsoft.Azure.Management.ApiManagement.ApiManagementClient/6.0.0.0"
        ]
      },
      "ResponseHeaders": {
        "Cache-Control": [
          "no-cache"
        ],
        "Pragma": [
          "no-cache"
        ],
        "ETag": [
          "\"AAAAAAAAPRw=\""
        ],
        "Strict-Transport-Security": [
          "max-age=31536000; includeSubDomains"
        ],
        "x-ms-request-id": [
          "75beea5a-0aa7-423d-bb2d-4e3421cfb4ce"
        ],
        "Server": [
          "Microsoft-HTTPAPI/2.0"
        ],
        "x-ms-ratelimit-remaining-subscription-writes": [
          "1196"
        ],
        "x-ms-correlation-request-id": [
          "4a49bdbf-8152-45f3-9451-c27ccd98a745"
        ],
        "x-ms-routing-request-id": [
          "WESTUS:20200721T164127Z:4a49bdbf-8152-45f3-9451-c27ccd98a745"
        ],
        "X-Content-Type-Options": [
          "nosniff"
        ],
        "Date": [
          "Tue, 21 Jul 2020 16:41:27 GMT"
        ],
        "Content-Length": [
          "47"
        ],
        "Content-Type": [
          "application/json; charset=utf-8"
        ],
        "Expires": [
          "-1"
        ]
      },
      "ResponseBody": "{\r\n  \"primaryKey\": \"ps1758\",\r\n  \"secondaryKey\": \"ps8539\"\r\n}",
      "StatusCode": 200
    },
    {
      "RequestUri": "/subscriptions/a200340d-6b82-494d-9dbf-687ba6e33f9e/resourceGroups/powershelltest/providers/Microsoft.ApiManagement/service/powershellsdkservice/products/starter/subscriptions?api-version=2019-12-01",
      "EncodedRequestUri": "L3N1YnNjcmlwdGlvbnMvYTIwMDM0MGQtNmI4Mi00OTRkLTlkYmYtNjg3YmE2ZTMzZjllL3Jlc291cmNlR3JvdXBzL3Bvd2Vyc2hlbGx0ZXN0L3Byb3ZpZGVycy9NaWNyb3NvZnQuQXBpTWFuYWdlbWVudC9zZXJ2aWNlL3Bvd2Vyc2hlbGxzZGtzZXJ2aWNlL3Byb2R1Y3RzL3N0YXJ0ZXIvc3Vic2NyaXB0aW9ucz9hcGktdmVyc2lvbj0yMDE5LTEyLTAx",
      "RequestMethod": "GET",
      "RequestBody": "",
      "RequestHeaders": {
        "x-ms-client-request-id": [
          "3ae7bdce-9099-4d0a-83b4-9ff799c76da9"
        ],
        "Accept-Language": [
          "en-US"
        ],
        "User-Agent": [
          "FxVersion/4.6.27817.03",
          "OSName/Windows",
          "OSVersion/Microsoft.Windows.10.0.18363.",
          "Microsoft.Azure.Management.ApiManagement.ApiManagementClient/6.0.0.0"
        ]
      },
      "ResponseHeaders": {
        "Cache-Control": [
          "no-cache"
        ],
        "Pragma": [
          "no-cache"
        ],
        "Strict-Transport-Security": [
          "max-age=31536000; includeSubDomains"
        ],
        "x-ms-request-id": [
          "0d4cf35c-9bf6-4c05-b902-39c0ed6eb5f4"
        ],
        "Server": [
          "Microsoft-HTTPAPI/2.0"
        ],
        "x-ms-ratelimit-remaining-subscription-reads": [
          "11994"
        ],
        "x-ms-correlation-request-id": [
          "d6a898d3-2341-4812-8222-b4de7a5565e2"
        ],
        "x-ms-routing-request-id": [
          "WESTUS:20200721T164128Z:d6a898d3-2341-4812-8222-b4de7a5565e2"
        ],
        "X-Content-Type-Options": [
          "nosniff"
        ],
        "Date": [
          "Tue, 21 Jul 2020 16:41:28 GMT"
        ],
        "Content-Length": [
          "2105"
        ],
        "Content-Type": [
          "application/json; charset=utf-8"
        ],
        "Expires": [
          "-1"
        ]
      },
      "ResponseBody": "{\r\n  \"value\": [\r\n    {\r\n      \"id\": \"/subscriptions/a200340d-6b82-494d-9dbf-687ba6e33f9e/resourceGroups/powershelltest/providers/Microsoft.ApiManagement/service/powershellsdkservice/products/starter/subscriptions/5eab1e5f9d398d0050070001\",\r\n      \"type\": \"Microsoft.ApiManagement/service/products/subscriptions\",\r\n      \"name\": \"5eab1e5f9d398d0050070001\",\r\n      \"properties\": {\r\n        \"ownerId\": \"/subscriptions/a200340d-6b82-494d-9dbf-687ba6e33f9e/resourceGroups/powershelltest/providers/Microsoft.ApiManagement/service/powershellsdkservice/users/1\",\r\n        \"scope\": \"/subscriptions/a200340d-6b82-494d-9dbf-687ba6e33f9e/resourceGroups/powershelltest/providers/Microsoft.ApiManagement/service/powershellsdkservice/products/starter\",\r\n        \"displayName\": null,\r\n        \"state\": \"active\",\r\n        \"createdDate\": \"2020-04-30T18:52:15.807Z\",\r\n        \"startDate\": null,\r\n        \"expirationDate\": null,\r\n        \"endDate\": null,\r\n        \"notificationDate\": null,\r\n        \"stateComment\": null,\r\n        \"allowTracing\": true\r\n      }\r\n    },\r\n    {\r\n      \"id\": \"/subscriptions/a200340d-6b82-494d-9dbf-687ba6e33f9e/resourceGroups/powershelltest/providers/Microsoft.ApiManagement/service/powershellsdkservice/products/starter/subscriptions/ps6898\",\r\n      \"type\": \"Microsoft.ApiManagement/service/products/subscriptions\",\r\n      \"name\": \"ps6898\",\r\n      \"properties\": {\r\n        \"ownerId\": \"/subscriptions/a200340d-6b82-494d-9dbf-687ba6e33f9e/resourceGroups/powershelltest/providers/Microsoft.ApiManagement/service/powershellsdkservice/users/1\",\r\n        \"scope\": \"/subscriptions/a200340d-6b82-494d-9dbf-687ba6e33f9e/resourceGroups/powershelltest/providers/Microsoft.ApiManagement/service/powershellsdkservice/products/starter\",\r\n        \"displayName\": \"ps2323\",\r\n        \"state\": \"active\",\r\n        \"createdDate\": \"2020-07-21T16:41:25.623Z\",\r\n        \"startDate\": null,\r\n        \"expirationDate\": \"2025-07-20T00:00:00Z\",\r\n        \"endDate\": null,\r\n        \"notificationDate\": \"2025-07-08T00:00:00Z\",\r\n        \"stateComment\": null,\r\n        \"allowTracing\": true\r\n      }\r\n    }\r\n  ],\r\n  \"count\": 2\r\n}",
      "StatusCode": 200
    },
    {
      "RequestUri": "/subscriptions/a200340d-6b82-494d-9dbf-687ba6e33f9e/resourceGroups/powershelltest/providers/Microsoft.ApiManagement/service/powershellsdkservice/users/1/subscriptions?api-version=2019-12-01",
      "EncodedRequestUri": "L3N1YnNjcmlwdGlvbnMvYTIwMDM0MGQtNmI4Mi00OTRkLTlkYmYtNjg3YmE2ZTMzZjllL3Jlc291cmNlR3JvdXBzL3Bvd2Vyc2hlbGx0ZXN0L3Byb3ZpZGVycy9NaWNyb3NvZnQuQXBpTWFuYWdlbWVudC9zZXJ2aWNlL3Bvd2Vyc2hlbGxzZGtzZXJ2aWNlL3VzZXJzLzEvc3Vic2NyaXB0aW9ucz9hcGktdmVyc2lvbj0yMDE5LTEyLTAx",
      "RequestMethod": "GET",
      "RequestBody": "",
      "RequestHeaders": {
        "x-ms-client-request-id": [
          "bb0ad458-9aea-41b2-8de3-27b0a6c28dcc"
        ],
        "Accept-Language": [
          "en-US"
        ],
        "User-Agent": [
          "FxVersion/4.6.27817.03",
          "OSName/Windows",
          "OSVersion/Microsoft.Windows.10.0.18363.",
          "Microsoft.Azure.Management.ApiManagement.ApiManagementClient/6.0.0.0"
        ]
      },
      "ResponseHeaders": {
        "Cache-Control": [
          "no-cache"
        ],
        "Pragma": [
          "no-cache"
        ],
        "Strict-Transport-Security": [
          "max-age=31536000; includeSubDomains"
        ],
        "x-ms-request-id": [
          "ff9114a2-af66-403f-9bca-8ce1ec782b18"
        ],
        "Server": [
          "Microsoft-HTTPAPI/2.0"
        ],
        "x-ms-ratelimit-remaining-subscription-reads": [
          "11993"
        ],
        "x-ms-correlation-request-id": [
          "b00e8aac-74e8-4703-ae1b-c2e5098d6454"
        ],
        "x-ms-routing-request-id": [
          "WESTUS:20200721T164129Z:b00e8aac-74e8-4703-ae1b-c2e5098d6454"
        ],
        "X-Content-Type-Options": [
          "nosniff"
        ],
        "Date": [
          "Tue, 21 Jul 2020 16:41:29 GMT"
        ],
        "Content-Length": [
          "3103"
        ],
        "Content-Type": [
          "application/json; charset=utf-8"
        ],
        "Expires": [
          "-1"
        ]
      },
      "ResponseBody": "{\r\n  \"value\": [\r\n    {\r\n      \"id\": \"/subscriptions/a200340d-6b82-494d-9dbf-687ba6e33f9e/resourceGroups/powershelltest/providers/Microsoft.ApiManagement/service/powershellsdkservice/users/1/subscriptions/5eab1e5f9d398d0050070001\",\r\n      \"type\": \"Microsoft.ApiManagement/service/users/subscriptions\",\r\n      \"name\": \"5eab1e5f9d398d0050070001\",\r\n      \"properties\": {\r\n        \"ownerId\": \"/subscriptions/a200340d-6b82-494d-9dbf-687ba6e33f9e/resourceGroups/powershelltest/providers/Microsoft.ApiManagement/service/powershellsdkservice/users/1\",\r\n        \"scope\": \"/subscriptions/a200340d-6b82-494d-9dbf-687ba6e33f9e/resourceGroups/powershelltest/providers/Microsoft.ApiManagement/service/powershellsdkservice/products/starter\",\r\n        \"displayName\": null,\r\n        \"state\": \"active\",\r\n        \"createdDate\": \"2020-04-30T18:52:15.807Z\",\r\n        \"startDate\": null,\r\n        \"expirationDate\": null,\r\n        \"endDate\": null,\r\n        \"notificationDate\": null,\r\n        \"stateComment\": null,\r\n        \"allowTracing\": true\r\n      }\r\n    },\r\n    {\r\n      \"id\": \"/subscriptions/a200340d-6b82-494d-9dbf-687ba6e33f9e/resourceGroups/powershelltest/providers/Microsoft.ApiManagement/service/powershellsdkservice/users/1/subscriptions/5eab1e609d398d0050070002\",\r\n      \"type\": \"Microsoft.ApiManagement/service/users/subscriptions\",\r\n      \"name\": \"5eab1e609d398d0050070002\",\r\n      \"properties\": {\r\n        \"ownerId\": \"/subscriptions/a200340d-6b82-494d-9dbf-687ba6e33f9e/resourceGroups/powershelltest/providers/Microsoft.ApiManagement/service/powershellsdkservice/users/1\",\r\n        \"scope\": \"/subscriptions/a200340d-6b82-494d-9dbf-687ba6e33f9e/resourceGroups/powershelltest/providers/Microsoft.ApiManagement/service/powershellsdkservice/products/unlimited\",\r\n        \"displayName\": null,\r\n        \"state\": \"active\",\r\n        \"createdDate\": \"2020-04-30T18:52:16.603Z\",\r\n        \"startDate\": null,\r\n        \"expirationDate\": null,\r\n        \"endDate\": null,\r\n        \"notificationDate\": null,\r\n        \"stateComment\": null,\r\n        \"allowTracing\": true\r\n      }\r\n    },\r\n    {\r\n      \"id\": \"/subscriptions/a200340d-6b82-494d-9dbf-687ba6e33f9e/resourceGroups/powershelltest/providers/Microsoft.ApiManagement/service/powershellsdkservice/users/1/subscriptions/ps6898\",\r\n      \"type\": \"Microsoft.ApiManagement/service/users/subscriptions\",\r\n      \"name\": \"ps6898\",\r\n      \"properties\": {\r\n        \"ownerId\": \"/subscriptions/a200340d-6b82-494d-9dbf-687ba6e33f9e/resourceGroups/powershelltest/providers/Microsoft.ApiManagement/service/powershellsdkservice/users/1\",\r\n        \"scope\": \"/subscriptions/a200340d-6b82-494d-9dbf-687ba6e33f9e/resourceGroups/powershelltest/providers/Microsoft.ApiManagement/service/powershellsdkservice/products/starter\",\r\n        \"displayName\": \"ps2323\",\r\n        \"state\": \"active\",\r\n        \"createdDate\": \"2020-07-21T16:41:25.623Z\",\r\n        \"startDate\": null,\r\n        \"expirationDate\": \"2025-07-20T00:00:00Z\",\r\n        \"endDate\": null,\r\n        \"notificationDate\": \"2025-07-08T00:00:00Z\",\r\n        \"stateComment\": null,\r\n        \"allowTracing\": true\r\n      }\r\n    }\r\n  ],\r\n  \"count\": 3\r\n}",
      "StatusCode": 200
    },
    {
      "RequestUri": "/subscriptions/a200340d-6b82-494d-9dbf-687ba6e33f9e/resourceGroups/powershelltest/providers/Microsoft.ApiManagement/service/powershellsdkservice/subscriptions?$filter=properties/scope%20eq%20'/products/starter'%20and%20properties/ownerId%20eq%20'1'&api-version=2019-12-01",
      "EncodedRequestUri": "L3N1YnNjcmlwdGlvbnMvYTIwMDM0MGQtNmI4Mi00OTRkLTlkYmYtNjg3YmE2ZTMzZjllL3Jlc291cmNlR3JvdXBzL3Bvd2Vyc2hlbGx0ZXN0L3Byb3ZpZGVycy9NaWNyb3NvZnQuQXBpTWFuYWdlbWVudC9zZXJ2aWNlL3Bvd2Vyc2hlbGxzZGtzZXJ2aWNlL3N1YnNjcmlwdGlvbnM/JGZpbHRlcj1wcm9wZXJ0aWVzL3Njb3BlJTIwZXElMjAnL3Byb2R1Y3RzL3N0YXJ0ZXInJTIwYW5kJTIwcHJvcGVydGllcy9vd25lcklkJTIwZXElMjAnMScmYXBpLXZlcnNpb249MjAxOS0xMi0wMQ==",
      "RequestMethod": "GET",
      "RequestBody": "",
      "RequestHeaders": {
        "x-ms-client-request-id": [
          "245cf253-d029-48fd-afce-ef7c992e4739"
        ],
        "Accept-Language": [
          "en-US"
        ],
        "User-Agent": [
          "FxVersion/4.6.27817.03",
          "OSName/Windows",
          "OSVersion/Microsoft.Windows.10.0.18363.",
          "Microsoft.Azure.Management.ApiManagement.ApiManagementClient/6.0.0.0"
        ]
      },
      "ResponseHeaders": {
        "Cache-Control": [
          "no-cache"
        ],
        "Pragma": [
          "no-cache"
        ],
        "Strict-Transport-Security": [
          "max-age=31536000; includeSubDomains"
        ],
        "x-ms-request-id": [
          "78249b46-f307-43d4-9dbb-cdd6b328b7f7"
        ],
        "Server": [
          "Microsoft-HTTPAPI/2.0"
        ],
        "x-ms-ratelimit-remaining-subscription-reads": [
          "11992"
        ],
        "x-ms-correlation-request-id": [
          "646f9aa7-4ca7-46fd-9a74-61d2aea8bded"
        ],
        "x-ms-routing-request-id": [
          "WESTUS:20200721T164129Z:646f9aa7-4ca7-46fd-9a74-61d2aea8bded"
        ],
        "X-Content-Type-Options": [
          "nosniff"
        ],
        "Date": [
          "Tue, 21 Jul 2020 16:41:29 GMT"
        ],
        "Content-Length": [
          "2053"
        ],
        "Content-Type": [
          "application/json; charset=utf-8"
        ],
        "Expires": [
          "-1"
        ]
      },
      "ResponseBody": "{\r\n  \"value\": [\r\n    {\r\n      \"id\": \"/subscriptions/a200340d-6b82-494d-9dbf-687ba6e33f9e/resourceGroups/powershelltest/providers/Microsoft.ApiManagement/service/powershellsdkservice/subscriptions/5eab1e5f9d398d0050070001\",\r\n      \"type\": \"Microsoft.ApiManagement/service/subscriptions\",\r\n      \"name\": \"5eab1e5f9d398d0050070001\",\r\n      \"properties\": {\r\n        \"ownerId\": \"/subscriptions/a200340d-6b82-494d-9dbf-687ba6e33f9e/resourceGroups/powershelltest/providers/Microsoft.ApiManagement/service/powershellsdkservice/users/1\",\r\n        \"scope\": \"/subscriptions/a200340d-6b82-494d-9dbf-687ba6e33f9e/resourceGroups/powershelltest/providers/Microsoft.ApiManagement/service/powershellsdkservice/products/starter\",\r\n        \"displayName\": null,\r\n        \"state\": \"active\",\r\n        \"createdDate\": \"2020-04-30T18:52:15.807Z\",\r\n        \"startDate\": null,\r\n        \"expirationDate\": null,\r\n        \"endDate\": null,\r\n        \"notificationDate\": null,\r\n        \"stateComment\": null,\r\n        \"allowTracing\": true\r\n      }\r\n    },\r\n    {\r\n      \"id\": \"/subscriptions/a200340d-6b82-494d-9dbf-687ba6e33f9e/resourceGroups/powershelltest/providers/Microsoft.ApiManagement/service/powershellsdkservice/subscriptions/ps6898\",\r\n      \"type\": \"Microsoft.ApiManagement/service/subscriptions\",\r\n      \"name\": \"ps6898\",\r\n      \"properties\": {\r\n        \"ownerId\": \"/subscriptions/a200340d-6b82-494d-9dbf-687ba6e33f9e/resourceGroups/powershelltest/providers/Microsoft.ApiManagement/service/powershellsdkservice/users/1\",\r\n        \"scope\": \"/subscriptions/a200340d-6b82-494d-9dbf-687ba6e33f9e/resourceGroups/powershelltest/providers/Microsoft.ApiManagement/service/powershellsdkservice/products/starter\",\r\n        \"displayName\": \"ps2323\",\r\n        \"state\": \"active\",\r\n        \"createdDate\": \"2020-07-21T16:41:25.623Z\",\r\n        \"startDate\": null,\r\n        \"expirationDate\": \"2025-07-20T00:00:00Z\",\r\n        \"endDate\": null,\r\n        \"notificationDate\": \"2025-07-08T00:00:00Z\",\r\n        \"stateComment\": null,\r\n        \"allowTracing\": true\r\n      }\r\n    }\r\n  ],\r\n  \"count\": 2\r\n}",
      "StatusCode": 200
    },
    {
      "RequestUri": "/subscriptions/a200340d-6b82-494d-9dbf-687ba6e33f9e/resourceGroups/powershelltest/providers/Microsoft.ApiManagement/service/powershellsdkservice/subscriptions/ps6898?api-version=2019-12-01",
      "EncodedRequestUri": "L3N1YnNjcmlwdGlvbnMvYTIwMDM0MGQtNmI4Mi00OTRkLTlkYmYtNjg3YmE2ZTMzZjllL3Jlc291cmNlR3JvdXBzL3Bvd2Vyc2hlbGx0ZXN0L3Byb3ZpZGVycy9NaWNyb3NvZnQuQXBpTWFuYWdlbWVudC9zZXJ2aWNlL3Bvd2Vyc2hlbGxzZGtzZXJ2aWNlL3N1YnNjcmlwdGlvbnMvcHM2ODk4P2FwaS12ZXJzaW9uPTIwMTktMTItMDE=",
      "RequestMethod": "DELETE",
      "RequestBody": "",
      "RequestHeaders": {
        "x-ms-client-request-id": [
          "92366edc-2040-436c-a888-2c4b530bed02"
        ],
        "If-Match": [
          "*"
        ],
        "Accept-Language": [
          "en-US"
        ],
        "User-Agent": [
          "FxVersion/4.6.27817.03",
          "OSName/Windows",
          "OSVersion/Microsoft.Windows.10.0.18363.",
          "Microsoft.Azure.Management.ApiManagement.ApiManagementClient/6.0.0.0"
        ]
      },
      "ResponseHeaders": {
        "Cache-Control": [
          "no-cache"
        ],
        "Pragma": [
          "no-cache"
        ],
        "Strict-Transport-Security": [
          "max-age=31536000; includeSubDomains"
        ],
        "x-ms-request-id": [
          "17e92f1f-51a9-4dc8-873f-035ad2463153"
        ],
        "Server": [
          "Microsoft-HTTPAPI/2.0"
        ],
        "x-ms-ratelimit-remaining-subscription-deletes": [
          "14999"
        ],
        "x-ms-correlation-request-id": [
          "b0f2692b-f057-48e4-b4ff-56c85f874204"
        ],
        "x-ms-routing-request-id": [
          "WESTUS:20200721T164129Z:b0f2692b-f057-48e4-b4ff-56c85f874204"
        ],
        "X-Content-Type-Options": [
          "nosniff"
        ],
        "Date": [
          "Tue, 21 Jul 2020 16:41:29 GMT"
        ],
        "Expires": [
          "-1"
        ],
        "Content-Length": [
          "0"
        ]
      },
      "ResponseBody": "",
      "StatusCode": 200
    }
  ],
  "Names": {
    "": [
      "ps6898",
      "ps3031",
      "ps2435",
      "ps2518",
      "ps2323",
      "ps1758",
      "ps8539"
    ]
  },
  "Variables": {
    "SubscriptionId": "a200340d-6b82-494d-9dbf-687ba6e33f9e"
  }
}