{
  "Entries": [
    {
<<<<<<< HEAD
      "RequestUri": "/subscriptions/a200340d-6b82-494d-9dbf-687ba6e33f9e/resourceGroups/powershelltest/providers/Microsoft.ApiManagement/service/powershellsdkservice/subscriptions?api-version=2019-01-01",
      "EncodedRequestUri": "L3N1YnNjcmlwdGlvbnMvYTIwMDM0MGQtNmI4Mi00OTRkLTlkYmYtNjg3YmE2ZTMzZjllL3Jlc291cmNlR3JvdXBzL3Bvd2Vyc2hlbGx0ZXN0L3Byb3ZpZGVycy9NaWNyb3NvZnQuQXBpTWFuYWdlbWVudC9zZXJ2aWNlL3Bvd2Vyc2hlbGxzZGtzZXJ2aWNlL3N1YnNjcmlwdGlvbnM/YXBpLXZlcnNpb249MjAxOS0wMS0wMQ==",
=======
      "RequestUri": "/subscriptions/a200340d-6b82-494d-9dbf-687ba6e33f9e/resourceGroups/powershelltest/providers/Microsoft.ApiManagement/service/powershellsdkservice/subscriptions?api-version=2019-12-01",
      "EncodedRequestUri": "L3N1YnNjcmlwdGlvbnMvYTIwMDM0MGQtNmI4Mi00OTRkLTlkYmYtNjg3YmE2ZTMzZjllL3Jlc291cmNlR3JvdXBzL3Bvd2Vyc2hlbGx0ZXN0L3Byb3ZpZGVycy9NaWNyb3NvZnQuQXBpTWFuYWdlbWVudC9zZXJ2aWNlL3Bvd2Vyc2hlbGxzZGtzZXJ2aWNlL3N1YnNjcmlwdGlvbnM/YXBpLXZlcnNpb249MjAxOS0xMi0wMQ==",
>>>>>>> d78b04a5306127f583235b13752c48d4f7d1289a
      "RequestMethod": "GET",
      "RequestBody": "",
      "RequestHeaders": {
        "x-ms-client-request-id": [
<<<<<<< HEAD
          "d685f7f4-659e-4eee-9d47-ef487de1d715"
=======
          "ed03a444-1286-4fa6-b363-68bb71b301c6"
>>>>>>> d78b04a5306127f583235b13752c48d4f7d1289a
        ],
        "Accept-Language": [
          "en-US"
        ],
        "User-Agent": [
<<<<<<< HEAD
          "FxVersion/4.6.27617.04",
          "OSName/Windows",
          "OSVersion/Microsoft.Windows.10.0.18362.",
          "Microsoft.Azure.Management.ApiManagement.ApiManagementClient/4.10.0.0"
=======
          "FxVersion/4.6.27817.03",
          "OSName/Windows",
          "OSVersion/Microsoft.Windows.10.0.18363.",
          "Microsoft.Azure.Management.ApiManagement.ApiManagementClient/6.0.0.0"
>>>>>>> d78b04a5306127f583235b13752c48d4f7d1289a
        ]
      },
      "ResponseHeaders": {
        "Cache-Control": [
          "no-cache"
        ],
        "Pragma": [
          "no-cache"
        ],
        "Strict-Transport-Security": [
          "max-age=31536000; includeSubDomains"
        ],
        "x-ms-request-id": [
<<<<<<< HEAD
          "22655d52-5a6f-4207-a540-9a6688c6208a"
=======
          "78fad34d-1c46-4d39-86ba-7b39c4f42a78"
>>>>>>> d78b04a5306127f583235b13752c48d4f7d1289a
        ],
        "Server": [
          "Microsoft-HTTPAPI/2.0"
        ],
        "x-ms-ratelimit-remaining-subscription-reads": [
<<<<<<< HEAD
          "11997"
        ],
        "x-ms-correlation-request-id": [
          "8794fe37-bd6e-4eb2-8189-1de25866d082"
        ],
        "x-ms-routing-request-id": [
          "WESTUS:20190618T174010Z:8794fe37-bd6e-4eb2-8189-1de25866d082"
=======
          "11999"
        ],
        "x-ms-correlation-request-id": [
          "24f91b08-747f-434b-bf6a-79dca096cb3e"
        ],
        "x-ms-routing-request-id": [
          "WESTUS:20200721T164410Z:24f91b08-747f-434b-bf6a-79dca096cb3e"
>>>>>>> d78b04a5306127f583235b13752c48d4f7d1289a
        ],
        "X-Content-Type-Options": [
          "nosniff"
        ],
        "Date": [
<<<<<<< HEAD
          "Tue, 18 Jun 2019 17:40:09 GMT"
        ],
        "Content-Length": [
          "3203"
=======
          "Tue, 21 Jul 2020 16:44:10 GMT"
        ],
        "Content-Length": [
          "2859"
>>>>>>> d78b04a5306127f583235b13752c48d4f7d1289a
        ],
        "Content-Type": [
          "application/json; charset=utf-8"
        ],
        "Expires": [
          "-1"
        ]
      },
<<<<<<< HEAD
      "ResponseBody": "{\r\n  \"value\": [\r\n    {\r\n      \"id\": \"/subscriptions/a200340d-6b82-494d-9dbf-687ba6e33f9e/resourceGroups/powershelltest/providers/Microsoft.ApiManagement/service/powershellsdkservice/subscriptions/5d06c0eab37f30008f070001\",\r\n      \"type\": \"Microsoft.ApiManagement/service/subscriptions\",\r\n      \"name\": \"5d06c0eab37f30008f070001\",\r\n      \"properties\": {\r\n        \"ownerId\": \"/subscriptions/a200340d-6b82-494d-9dbf-687ba6e33f9e/resourceGroups/powershelltest/providers/Microsoft.ApiManagement/service/powershellsdkservice/users/1\",\r\n        \"scope\": \"/subscriptions/a200340d-6b82-494d-9dbf-687ba6e33f9e/resourceGroups/powershelltest/providers/Microsoft.ApiManagement/service/powershellsdkservice/products/starter\",\r\n        \"displayName\": null,\r\n        \"state\": \"active\",\r\n        \"createdDate\": \"2019-06-16T22:21:30.777Z\",\r\n        \"startDate\": null,\r\n        \"expirationDate\": null,\r\n        \"endDate\": null,\r\n        \"notificationDate\": null,\r\n        \"primaryKey\": \"b4353a8c937c41c4a2aeeda8e75ebe13\",\r\n        \"secondaryKey\": \"9f0430fafe3d4ed4a1e00c143b6f3927\",\r\n        \"stateComment\": null,\r\n        \"allowTracing\": true\r\n      }\r\n    },\r\n    {\r\n      \"id\": \"/subscriptions/a200340d-6b82-494d-9dbf-687ba6e33f9e/resourceGroups/powershelltest/providers/Microsoft.ApiManagement/service/powershellsdkservice/subscriptions/5d06c0ebb37f30008f070002\",\r\n      \"type\": \"Microsoft.ApiManagement/service/subscriptions\",\r\n      \"name\": \"5d06c0ebb37f30008f070002\",\r\n      \"properties\": {\r\n        \"ownerId\": \"/subscriptions/a200340d-6b82-494d-9dbf-687ba6e33f9e/resourceGroups/powershelltest/providers/Microsoft.ApiManagement/service/powershellsdkservice/users/1\",\r\n        \"scope\": \"/subscriptions/a200340d-6b82-494d-9dbf-687ba6e33f9e/resourceGroups/powershelltest/providers/Microsoft.ApiManagement/service/powershellsdkservice/products/unlimited\",\r\n        \"displayName\": null,\r\n        \"state\": \"active\",\r\n        \"createdDate\": \"2019-06-16T22:21:31.45Z\",\r\n        \"startDate\": null,\r\n        \"expirationDate\": null,\r\n        \"endDate\": null,\r\n        \"notificationDate\": null,\r\n        \"primaryKey\": \"faa9f85a31da4722b60df81868cbf813\",\r\n        \"secondaryKey\": \"c1e5f2f4cfe1490991ad385f3f04b333\",\r\n        \"stateComment\": null,\r\n        \"allowTracing\": true\r\n      }\r\n    },\r\n    {\r\n      \"id\": \"/subscriptions/a200340d-6b82-494d-9dbf-687ba6e33f9e/resourceGroups/powershelltest/providers/Microsoft.ApiManagement/service/powershellsdkservice/subscriptions/master\",\r\n      \"type\": \"Microsoft.ApiManagement/service/subscriptions\",\r\n      \"name\": \"master\",\r\n      \"properties\": {\r\n        \"scope\": \"/subscriptions/a200340d-6b82-494d-9dbf-687ba6e33f9e/resourceGroups/powershelltest/providers/Microsoft.ApiManagement/service/powershellsdkservice/\",\r\n        \"displayName\": \"Built-in all-access subscription\",\r\n        \"state\": \"active\",\r\n        \"createdDate\": \"2019-06-16T22:42:43.393Z\",\r\n        \"startDate\": null,\r\n        \"expirationDate\": null,\r\n        \"endDate\": null,\r\n        \"notificationDate\": null,\r\n        \"primaryKey\": \"b3c16dcc4e1e406f9e8e0d34c4ec4572\",\r\n        \"secondaryKey\": \"a38cfce68ddd486b90af63f5aefef580\",\r\n        \"stateComment\": null,\r\n        \"allowTracing\": true\r\n      }\r\n    }\r\n  ]\r\n}",
      "StatusCode": 200
    },
    {
      "RequestUri": "/subscriptions/a200340d-6b82-494d-9dbf-687ba6e33f9e/resourceGroups/powershelltest/providers/Microsoft.ApiManagement/service/powershellsdkservice/subscriptions/5d06c0eab37f30008f070001?api-version=2019-01-01",
      "EncodedRequestUri": "L3N1YnNjcmlwdGlvbnMvYTIwMDM0MGQtNmI4Mi00OTRkLTlkYmYtNjg3YmE2ZTMzZjllL3Jlc291cmNlR3JvdXBzL3Bvd2Vyc2hlbGx0ZXN0L3Byb3ZpZGVycy9NaWNyb3NvZnQuQXBpTWFuYWdlbWVudC9zZXJ2aWNlL3Bvd2Vyc2hlbGxzZGtzZXJ2aWNlL3N1YnNjcmlwdGlvbnMvNWQwNmMwZWFiMzdmMzAwMDhmMDcwMDAxP2FwaS12ZXJzaW9uPTIwMTktMDEtMDE=",
=======
      "ResponseBody": "{\r\n  \"value\": [\r\n    {\r\n      \"id\": \"/subscriptions/a200340d-6b82-494d-9dbf-687ba6e33f9e/resourceGroups/powershelltest/providers/Microsoft.ApiManagement/service/powershellsdkservice/subscriptions/5eab1e5f9d398d0050070001\",\r\n      \"type\": \"Microsoft.ApiManagement/service/subscriptions\",\r\n      \"name\": \"5eab1e5f9d398d0050070001\",\r\n      \"properties\": {\r\n        \"ownerId\": \"/subscriptions/a200340d-6b82-494d-9dbf-687ba6e33f9e/resourceGroups/powershelltest/providers/Microsoft.ApiManagement/service/powershellsdkservice/users/1\",\r\n        \"scope\": \"/subscriptions/a200340d-6b82-494d-9dbf-687ba6e33f9e/resourceGroups/powershelltest/providers/Microsoft.ApiManagement/service/powershellsdkservice/products/starter\",\r\n        \"displayName\": null,\r\n        \"state\": \"active\",\r\n        \"createdDate\": \"2020-04-30T18:52:15.807Z\",\r\n        \"startDate\": null,\r\n        \"expirationDate\": null,\r\n        \"endDate\": null,\r\n        \"notificationDate\": null,\r\n        \"stateComment\": null,\r\n        \"allowTracing\": true\r\n      }\r\n    },\r\n    {\r\n      \"id\": \"/subscriptions/a200340d-6b82-494d-9dbf-687ba6e33f9e/resourceGroups/powershelltest/providers/Microsoft.ApiManagement/service/powershellsdkservice/subscriptions/5eab1e609d398d0050070002\",\r\n      \"type\": \"Microsoft.ApiManagement/service/subscriptions\",\r\n      \"name\": \"5eab1e609d398d0050070002\",\r\n      \"properties\": {\r\n        \"ownerId\": \"/subscriptions/a200340d-6b82-494d-9dbf-687ba6e33f9e/resourceGroups/powershelltest/providers/Microsoft.ApiManagement/service/powershellsdkservice/users/1\",\r\n        \"scope\": \"/subscriptions/a200340d-6b82-494d-9dbf-687ba6e33f9e/resourceGroups/powershelltest/providers/Microsoft.ApiManagement/service/powershellsdkservice/products/unlimited\",\r\n        \"displayName\": null,\r\n        \"state\": \"active\",\r\n        \"createdDate\": \"2020-04-30T18:52:16.603Z\",\r\n        \"startDate\": null,\r\n        \"expirationDate\": null,\r\n        \"endDate\": null,\r\n        \"notificationDate\": null,\r\n        \"stateComment\": null,\r\n        \"allowTracing\": true\r\n      }\r\n    },\r\n    {\r\n      \"id\": \"/subscriptions/a200340d-6b82-494d-9dbf-687ba6e33f9e/resourceGroups/powershelltest/providers/Microsoft.ApiManagement/service/powershellsdkservice/subscriptions/master\",\r\n      \"type\": \"Microsoft.ApiManagement/service/subscriptions\",\r\n      \"name\": \"master\",\r\n      \"properties\": {\r\n        \"scope\": \"/subscriptions/a200340d-6b82-494d-9dbf-687ba6e33f9e/resourceGroups/powershelltest/providers/Microsoft.ApiManagement/service/powershellsdkservice/\",\r\n        \"displayName\": \"Built-in all-access subscription\",\r\n        \"state\": \"active\",\r\n        \"createdDate\": \"2020-04-30T19:17:12.643Z\",\r\n        \"startDate\": null,\r\n        \"expirationDate\": null,\r\n        \"endDate\": null,\r\n        \"notificationDate\": null,\r\n        \"stateComment\": null,\r\n        \"allowTracing\": true\r\n      }\r\n    }\r\n  ],\r\n  \"count\": 3\r\n}",
      "StatusCode": 200
    },
    {
      "RequestUri": "/subscriptions/a200340d-6b82-494d-9dbf-687ba6e33f9e/resourceGroups/powershelltest/providers/Microsoft.ApiManagement/service/powershellsdkservice/subscriptions/5eab1e5f9d398d0050070001?api-version=2019-12-01",
      "EncodedRequestUri": "L3N1YnNjcmlwdGlvbnMvYTIwMDM0MGQtNmI4Mi00OTRkLTlkYmYtNjg3YmE2ZTMzZjllL3Jlc291cmNlR3JvdXBzL3Bvd2Vyc2hlbGx0ZXN0L3Byb3ZpZGVycy9NaWNyb3NvZnQuQXBpTWFuYWdlbWVudC9zZXJ2aWNlL3Bvd2Vyc2hlbGxzZGtzZXJ2aWNlL3N1YnNjcmlwdGlvbnMvNWVhYjFlNWY5ZDM5OGQwMDUwMDcwMDAxP2FwaS12ZXJzaW9uPTIwMTktMTItMDE=",
>>>>>>> d78b04a5306127f583235b13752c48d4f7d1289a
      "RequestMethod": "GET",
      "RequestBody": "",
      "RequestHeaders": {
        "x-ms-client-request-id": [
<<<<<<< HEAD
          "3009ec84-5aef-4a9e-926b-999507c3c6f1"
=======
          "cae00baf-9652-4ae1-ae8c-d9f460106d27"
>>>>>>> d78b04a5306127f583235b13752c48d4f7d1289a
        ],
        "Accept-Language": [
          "en-US"
        ],
        "User-Agent": [
<<<<<<< HEAD
          "FxVersion/4.6.27617.04",
          "OSName/Windows",
          "OSVersion/Microsoft.Windows.10.0.18362.",
          "Microsoft.Azure.Management.ApiManagement.ApiManagementClient/4.10.0.0"
=======
          "FxVersion/4.6.27817.03",
          "OSName/Windows",
          "OSVersion/Microsoft.Windows.10.0.18363.",
          "Microsoft.Azure.Management.ApiManagement.ApiManagementClient/6.0.0.0"
>>>>>>> d78b04a5306127f583235b13752c48d4f7d1289a
        ]
      },
      "ResponseHeaders": {
        "Cache-Control": [
          "no-cache"
        ],
        "Pragma": [
          "no-cache"
        ],
        "ETag": [
<<<<<<< HEAD
          "\"AAAAAAAACPc=\""
=======
          "\"AAAAAAAACOo=\""
>>>>>>> d78b04a5306127f583235b13752c48d4f7d1289a
        ],
        "Strict-Transport-Security": [
          "max-age=31536000; includeSubDomains"
        ],
        "x-ms-request-id": [
<<<<<<< HEAD
          "0891d97d-c098-43dc-9160-945e70c0c870"
=======
          "e73fae4e-bc96-448b-b64d-115e26383364"
>>>>>>> d78b04a5306127f583235b13752c48d4f7d1289a
        ],
        "Server": [
          "Microsoft-HTTPAPI/2.0"
        ],
        "x-ms-ratelimit-remaining-subscription-reads": [
<<<<<<< HEAD
          "11996"
        ],
        "x-ms-correlation-request-id": [
          "d4706288-1928-4541-b2e8-518c1ea47d40"
        ],
        "x-ms-routing-request-id": [
          "WESTUS:20190618T174010Z:d4706288-1928-4541-b2e8-518c1ea47d40"
=======
          "11998"
        ],
        "x-ms-correlation-request-id": [
          "8840921b-b827-4399-8dfa-65fbfd65c413"
        ],
        "x-ms-routing-request-id": [
          "WESTUS:20200721T164410Z:8840921b-b827-4399-8dfa-65fbfd65c413"
>>>>>>> d78b04a5306127f583235b13752c48d4f7d1289a
        ],
        "X-Content-Type-Options": [
          "nosniff"
        ],
        "Date": [
<<<<<<< HEAD
          "Tue, 18 Jun 2019 17:40:10 GMT"
        ],
        "Content-Length": [
          "1043"
=======
          "Tue, 21 Jul 2020 16:44:10 GMT"
        ],
        "Content-Length": [
          "931"
>>>>>>> d78b04a5306127f583235b13752c48d4f7d1289a
        ],
        "Content-Type": [
          "application/json; charset=utf-8"
        ],
        "Expires": [
          "-1"
        ]
      },
<<<<<<< HEAD
      "ResponseBody": "{\r\n  \"id\": \"/subscriptions/a200340d-6b82-494d-9dbf-687ba6e33f9e/resourceGroups/powershelltest/providers/Microsoft.ApiManagement/service/powershellsdkservice/subscriptions/5d06c0eab37f30008f070001\",\r\n  \"type\": \"Microsoft.ApiManagement/service/subscriptions\",\r\n  \"name\": \"5d06c0eab37f30008f070001\",\r\n  \"properties\": {\r\n    \"ownerId\": \"/subscriptions/a200340d-6b82-494d-9dbf-687ba6e33f9e/resourceGroups/powershelltest/providers/Microsoft.ApiManagement/service/powershellsdkservice/users/1\",\r\n    \"scope\": \"/subscriptions/a200340d-6b82-494d-9dbf-687ba6e33f9e/resourceGroups/powershelltest/providers/Microsoft.ApiManagement/service/powershellsdkservice/products/starter\",\r\n    \"displayName\": null,\r\n    \"state\": \"active\",\r\n    \"createdDate\": \"2019-06-16T22:21:30.777Z\",\r\n    \"startDate\": null,\r\n    \"expirationDate\": null,\r\n    \"endDate\": null,\r\n    \"notificationDate\": null,\r\n    \"primaryKey\": \"b4353a8c937c41c4a2aeeda8e75ebe13\",\r\n    \"secondaryKey\": \"9f0430fafe3d4ed4a1e00c143b6f3927\",\r\n    \"stateComment\": null,\r\n    \"allowTracing\": true\r\n  }\r\n}",
      "StatusCode": 200
    },
    {
      "RequestUri": "/subscriptions/a200340d-6b82-494d-9dbf-687ba6e33f9e/resourceGroups/powershelltest/providers/Microsoft.ApiManagement/service/powershellsdkservice/subscriptions/5d06c0ebb37f30008f070002?api-version=2019-01-01",
      "EncodedRequestUri": "L3N1YnNjcmlwdGlvbnMvYTIwMDM0MGQtNmI4Mi00OTRkLTlkYmYtNjg3YmE2ZTMzZjllL3Jlc291cmNlR3JvdXBzL3Bvd2Vyc2hlbGx0ZXN0L3Byb3ZpZGVycy9NaWNyb3NvZnQuQXBpTWFuYWdlbWVudC9zZXJ2aWNlL3Bvd2Vyc2hlbGxzZGtzZXJ2aWNlL3N1YnNjcmlwdGlvbnMvNWQwNmMwZWJiMzdmMzAwMDhmMDcwMDAyP2FwaS12ZXJzaW9uPTIwMTktMDEtMDE=",
=======
      "ResponseBody": "{\r\n  \"id\": \"/subscriptions/a200340d-6b82-494d-9dbf-687ba6e33f9e/resourceGroups/powershelltest/providers/Microsoft.ApiManagement/service/powershellsdkservice/subscriptions/5eab1e5f9d398d0050070001\",\r\n  \"type\": \"Microsoft.ApiManagement/service/subscriptions\",\r\n  \"name\": \"5eab1e5f9d398d0050070001\",\r\n  \"properties\": {\r\n    \"ownerId\": \"/subscriptions/a200340d-6b82-494d-9dbf-687ba6e33f9e/resourceGroups/powershelltest/providers/Microsoft.ApiManagement/service/powershellsdkservice/users/1\",\r\n    \"scope\": \"/subscriptions/a200340d-6b82-494d-9dbf-687ba6e33f9e/resourceGroups/powershelltest/providers/Microsoft.ApiManagement/service/powershellsdkservice/products/starter\",\r\n    \"displayName\": null,\r\n    \"state\": \"active\",\r\n    \"createdDate\": \"2020-04-30T18:52:15.807Z\",\r\n    \"startDate\": null,\r\n    \"expirationDate\": null,\r\n    \"endDate\": null,\r\n    \"notificationDate\": null,\r\n    \"stateComment\": null,\r\n    \"allowTracing\": true\r\n  }\r\n}",
      "StatusCode": 200
    },
    {
      "RequestUri": "/subscriptions/a200340d-6b82-494d-9dbf-687ba6e33f9e/resourceGroups/powershelltest/providers/Microsoft.ApiManagement/service/powershellsdkservice/subscriptions/5eab1e609d398d0050070002?api-version=2019-12-01",
      "EncodedRequestUri": "L3N1YnNjcmlwdGlvbnMvYTIwMDM0MGQtNmI4Mi00OTRkLTlkYmYtNjg3YmE2ZTMzZjllL3Jlc291cmNlR3JvdXBzL3Bvd2Vyc2hlbGx0ZXN0L3Byb3ZpZGVycy9NaWNyb3NvZnQuQXBpTWFuYWdlbWVudC9zZXJ2aWNlL3Bvd2Vyc2hlbGxzZGtzZXJ2aWNlL3N1YnNjcmlwdGlvbnMvNWVhYjFlNjA5ZDM5OGQwMDUwMDcwMDAyP2FwaS12ZXJzaW9uPTIwMTktMTItMDE=",
>>>>>>> d78b04a5306127f583235b13752c48d4f7d1289a
      "RequestMethod": "GET",
      "RequestBody": "",
      "RequestHeaders": {
        "x-ms-client-request-id": [
<<<<<<< HEAD
          "0ec91b9a-926b-4bcf-85f5-68a9be13908d"
=======
          "2405d5cb-eee4-4059-a1f4-868bbb820211"
>>>>>>> d78b04a5306127f583235b13752c48d4f7d1289a
        ],
        "Accept-Language": [
          "en-US"
        ],
        "User-Agent": [
<<<<<<< HEAD
          "FxVersion/4.6.27617.04",
          "OSName/Windows",
          "OSVersion/Microsoft.Windows.10.0.18362.",
          "Microsoft.Azure.Management.ApiManagement.ApiManagementClient/4.10.0.0"
=======
          "FxVersion/4.6.27817.03",
          "OSName/Windows",
          "OSVersion/Microsoft.Windows.10.0.18363.",
          "Microsoft.Azure.Management.ApiManagement.ApiManagementClient/6.0.0.0"
>>>>>>> d78b04a5306127f583235b13752c48d4f7d1289a
        ]
      },
      "ResponseHeaders": {
        "Cache-Control": [
          "no-cache"
        ],
        "Pragma": [
          "no-cache"
        ],
        "ETag": [
<<<<<<< HEAD
          "\"AAAAAAAACPg=\""
=======
          "\"AAAAAAAACOs=\""
>>>>>>> d78b04a5306127f583235b13752c48d4f7d1289a
        ],
        "Strict-Transport-Security": [
          "max-age=31536000; includeSubDomains"
        ],
        "x-ms-request-id": [
<<<<<<< HEAD
          "e711363d-d662-4bfa-af05-c5a20cbfe57a"
=======
          "cfcace9c-9981-4c07-9d45-c71eded77c6b"
>>>>>>> d78b04a5306127f583235b13752c48d4f7d1289a
        ],
        "Server": [
          "Microsoft-HTTPAPI/2.0"
        ],
        "x-ms-ratelimit-remaining-subscription-reads": [
<<<<<<< HEAD
          "11995"
        ],
        "x-ms-correlation-request-id": [
          "a3ccb2c5-b5dc-42a6-82d9-63f2eca72b91"
        ],
        "x-ms-routing-request-id": [
          "WESTUS:20190618T174010Z:a3ccb2c5-b5dc-42a6-82d9-63f2eca72b91"
=======
          "11997"
        ],
        "x-ms-correlation-request-id": [
          "020cd301-36f1-4928-a75b-2e168d2b092f"
        ],
        "x-ms-routing-request-id": [
          "WESTUS:20200721T164410Z:020cd301-36f1-4928-a75b-2e168d2b092f"
>>>>>>> d78b04a5306127f583235b13752c48d4f7d1289a
        ],
        "X-Content-Type-Options": [
          "nosniff"
        ],
        "Date": [
<<<<<<< HEAD
          "Tue, 18 Jun 2019 17:40:10 GMT"
        ],
        "Content-Length": [
          "1044"
=======
          "Tue, 21 Jul 2020 16:44:10 GMT"
        ],
        "Content-Length": [
          "933"
>>>>>>> d78b04a5306127f583235b13752c48d4f7d1289a
        ],
        "Content-Type": [
          "application/json; charset=utf-8"
        ],
        "Expires": [
          "-1"
        ]
      },
<<<<<<< HEAD
      "ResponseBody": "{\r\n  \"id\": \"/subscriptions/a200340d-6b82-494d-9dbf-687ba6e33f9e/resourceGroups/powershelltest/providers/Microsoft.ApiManagement/service/powershellsdkservice/subscriptions/5d06c0ebb37f30008f070002\",\r\n  \"type\": \"Microsoft.ApiManagement/service/subscriptions\",\r\n  \"name\": \"5d06c0ebb37f30008f070002\",\r\n  \"properties\": {\r\n    \"ownerId\": \"/subscriptions/a200340d-6b82-494d-9dbf-687ba6e33f9e/resourceGroups/powershelltest/providers/Microsoft.ApiManagement/service/powershellsdkservice/users/1\",\r\n    \"scope\": \"/subscriptions/a200340d-6b82-494d-9dbf-687ba6e33f9e/resourceGroups/powershelltest/providers/Microsoft.ApiManagement/service/powershellsdkservice/products/unlimited\",\r\n    \"displayName\": null,\r\n    \"state\": \"active\",\r\n    \"createdDate\": \"2019-06-16T22:21:31.45Z\",\r\n    \"startDate\": null,\r\n    \"expirationDate\": null,\r\n    \"endDate\": null,\r\n    \"notificationDate\": null,\r\n    \"primaryKey\": \"faa9f85a31da4722b60df81868cbf813\",\r\n    \"secondaryKey\": \"c1e5f2f4cfe1490991ad385f3f04b333\",\r\n    \"stateComment\": null,\r\n    \"allowTracing\": true\r\n  }\r\n}",
      "StatusCode": 200
    },
    {
      "RequestUri": "/subscriptions/a200340d-6b82-494d-9dbf-687ba6e33f9e/resourceGroups/powershelltest/providers/Microsoft.ApiManagement/service/powershellsdkservice/subscriptions/master?api-version=2019-01-01",
      "EncodedRequestUri": "L3N1YnNjcmlwdGlvbnMvYTIwMDM0MGQtNmI4Mi00OTRkLTlkYmYtNjg3YmE2ZTMzZjllL3Jlc291cmNlR3JvdXBzL3Bvd2Vyc2hlbGx0ZXN0L3Byb3ZpZGVycy9NaWNyb3NvZnQuQXBpTWFuYWdlbWVudC9zZXJ2aWNlL3Bvd2Vyc2hlbGxzZGtzZXJ2aWNlL3N1YnNjcmlwdGlvbnMvbWFzdGVyP2FwaS12ZXJzaW9uPTIwMTktMDEtMDE=",
=======
      "ResponseBody": "{\r\n  \"id\": \"/subscriptions/a200340d-6b82-494d-9dbf-687ba6e33f9e/resourceGroups/powershelltest/providers/Microsoft.ApiManagement/service/powershellsdkservice/subscriptions/5eab1e609d398d0050070002\",\r\n  \"type\": \"Microsoft.ApiManagement/service/subscriptions\",\r\n  \"name\": \"5eab1e609d398d0050070002\",\r\n  \"properties\": {\r\n    \"ownerId\": \"/subscriptions/a200340d-6b82-494d-9dbf-687ba6e33f9e/resourceGroups/powershelltest/providers/Microsoft.ApiManagement/service/powershellsdkservice/users/1\",\r\n    \"scope\": \"/subscriptions/a200340d-6b82-494d-9dbf-687ba6e33f9e/resourceGroups/powershelltest/providers/Microsoft.ApiManagement/service/powershellsdkservice/products/unlimited\",\r\n    \"displayName\": null,\r\n    \"state\": \"active\",\r\n    \"createdDate\": \"2020-04-30T18:52:16.603Z\",\r\n    \"startDate\": null,\r\n    \"expirationDate\": null,\r\n    \"endDate\": null,\r\n    \"notificationDate\": null,\r\n    \"stateComment\": null,\r\n    \"allowTracing\": true\r\n  }\r\n}",
      "StatusCode": 200
    },
    {
      "RequestUri": "/subscriptions/a200340d-6b82-494d-9dbf-687ba6e33f9e/resourceGroups/powershelltest/providers/Microsoft.ApiManagement/service/powershellsdkservice/subscriptions/master?api-version=2019-12-01",
      "EncodedRequestUri": "L3N1YnNjcmlwdGlvbnMvYTIwMDM0MGQtNmI4Mi00OTRkLTlkYmYtNjg3YmE2ZTMzZjllL3Jlc291cmNlR3JvdXBzL3Bvd2Vyc2hlbGx0ZXN0L3Byb3ZpZGVycy9NaWNyb3NvZnQuQXBpTWFuYWdlbWVudC9zZXJ2aWNlL3Bvd2Vyc2hlbGxzZGtzZXJ2aWNlL3N1YnNjcmlwdGlvbnMvbWFzdGVyP2FwaS12ZXJzaW9uPTIwMTktMTItMDE=",
>>>>>>> d78b04a5306127f583235b13752c48d4f7d1289a
      "RequestMethod": "GET",
      "RequestBody": "",
      "RequestHeaders": {
        "x-ms-client-request-id": [
<<<<<<< HEAD
          "6b14213d-c495-43d5-89d7-77f0231d84f0"
=======
          "4f1bfc1d-9870-4f52-99cc-4656a0b19caf"
>>>>>>> d78b04a5306127f583235b13752c48d4f7d1289a
        ],
        "Accept-Language": [
          "en-US"
        ],
        "User-Agent": [
<<<<<<< HEAD
          "FxVersion/4.6.27617.04",
          "OSName/Windows",
          "OSVersion/Microsoft.Windows.10.0.18362.",
          "Microsoft.Azure.Management.ApiManagement.ApiManagementClient/4.10.0.0"
=======
          "FxVersion/4.6.27817.03",
          "OSName/Windows",
          "OSVersion/Microsoft.Windows.10.0.18363.",
          "Microsoft.Azure.Management.ApiManagement.ApiManagementClient/6.0.0.0"
>>>>>>> d78b04a5306127f583235b13752c48d4f7d1289a
        ]
      },
      "ResponseHeaders": {
        "Cache-Control": [
          "no-cache"
        ],
        "Pragma": [
          "no-cache"
        ],
        "ETag": [
<<<<<<< HEAD
          "\"AAAAAAAACQE=\""
=======
          "\"AAAAAAAACP8=\""
>>>>>>> d78b04a5306127f583235b13752c48d4f7d1289a
        ],
        "Strict-Transport-Security": [
          "max-age=31536000; includeSubDomains"
        ],
        "x-ms-request-id": [
<<<<<<< HEAD
          "06c03bf4-5296-4d8a-8576-438d149bb81a"
=======
          "cada1246-5182-4b81-b148-fe61d4b00fd2"
>>>>>>> d78b04a5306127f583235b13752c48d4f7d1289a
        ],
        "Server": [
          "Microsoft-HTTPAPI/2.0"
        ],
        "x-ms-ratelimit-remaining-subscription-reads": [
<<<<<<< HEAD
          "11994"
        ],
        "x-ms-correlation-request-id": [
          "bcf4040e-72bb-4966-9d9d-4fd5be874731"
        ],
        "x-ms-routing-request-id": [
          "WESTUS:20190618T174010Z:bcf4040e-72bb-4966-9d9d-4fd5be874731"
=======
          "11996"
        ],
        "x-ms-correlation-request-id": [
          "23960317-44f2-4bf8-b372-38b30df6aff5"
        ],
        "x-ms-routing-request-id": [
          "WESTUS:20200721T164411Z:23960317-44f2-4bf8-b372-38b30df6aff5"
>>>>>>> d78b04a5306127f583235b13752c48d4f7d1289a
        ],
        "X-Content-Type-Options": [
          "nosniff"
        ],
        "Date": [
<<<<<<< HEAD
          "Tue, 18 Jun 2019 17:40:10 GMT"
        ],
        "Content-Length": [
          "849"
=======
          "Tue, 21 Jul 2020 16:44:10 GMT"
        ],
        "Content-Length": [
          "737"
>>>>>>> d78b04a5306127f583235b13752c48d4f7d1289a
        ],
        "Content-Type": [
          "application/json; charset=utf-8"
        ],
        "Expires": [
          "-1"
        ]
      },
<<<<<<< HEAD
      "ResponseBody": "{\r\n  \"id\": \"/subscriptions/a200340d-6b82-494d-9dbf-687ba6e33f9e/resourceGroups/powershelltest/providers/Microsoft.ApiManagement/service/powershellsdkservice/subscriptions/master\",\r\n  \"type\": \"Microsoft.ApiManagement/service/subscriptions\",\r\n  \"name\": \"master\",\r\n  \"properties\": {\r\n    \"scope\": \"/subscriptions/a200340d-6b82-494d-9dbf-687ba6e33f9e/resourceGroups/powershelltest/providers/Microsoft.ApiManagement/service/powershellsdkservice/\",\r\n    \"displayName\": \"Built-in all-access subscription\",\r\n    \"state\": \"active\",\r\n    \"createdDate\": \"2019-06-16T22:42:43.393Z\",\r\n    \"startDate\": null,\r\n    \"expirationDate\": null,\r\n    \"endDate\": null,\r\n    \"notificationDate\": null,\r\n    \"primaryKey\": \"b3c16dcc4e1e406f9e8e0d34c4ec4572\",\r\n    \"secondaryKey\": \"a38cfce68ddd486b90af63f5aefef580\",\r\n    \"stateComment\": null,\r\n    \"allowTracing\": true\r\n  }\r\n}",
      "StatusCode": 200
    },
    {
      "RequestUri": "/subscriptions/a200340d-6b82-494d-9dbf-687ba6e33f9e/resourceGroups/powershelltest/providers/Microsoft.ApiManagement/service/powershellsdkservice/subscriptions/ps8994?api-version=2019-01-01",
      "EncodedRequestUri": "L3N1YnNjcmlwdGlvbnMvYTIwMDM0MGQtNmI4Mi00OTRkLTlkYmYtNjg3YmE2ZTMzZjllL3Jlc291cmNlR3JvdXBzL3Bvd2Vyc2hlbGx0ZXN0L3Byb3ZpZGVycy9NaWNyb3NvZnQuQXBpTWFuYWdlbWVudC9zZXJ2aWNlL3Bvd2Vyc2hlbGxzZGtzZXJ2aWNlL3N1YnNjcmlwdGlvbnMvcHM4OTk0P2FwaS12ZXJzaW9uPTIwMTktMDEtMDE=",
      "RequestMethod": "PUT",
      "RequestBody": "{\r\n  \"properties\": {\r\n    \"scope\": \"/apis\",\r\n    \"displayName\": \"ps9004\",\r\n    \"primaryKey\": \"ps8397\",\r\n    \"secondaryKey\": \"ps1370\",\r\n    \"state\": \"active\"\r\n  }\r\n}",
      "RequestHeaders": {
        "x-ms-client-request-id": [
          "7e3cfcd1-933e-46a9-837f-948129968ab0"
=======
      "ResponseBody": "{\r\n  \"id\": \"/subscriptions/a200340d-6b82-494d-9dbf-687ba6e33f9e/resourceGroups/powershelltest/providers/Microsoft.ApiManagement/service/powershellsdkservice/subscriptions/master\",\r\n  \"type\": \"Microsoft.ApiManagement/service/subscriptions\",\r\n  \"name\": \"master\",\r\n  \"properties\": {\r\n    \"scope\": \"/subscriptions/a200340d-6b82-494d-9dbf-687ba6e33f9e/resourceGroups/powershelltest/providers/Microsoft.ApiManagement/service/powershellsdkservice/\",\r\n    \"displayName\": \"Built-in all-access subscription\",\r\n    \"state\": \"active\",\r\n    \"createdDate\": \"2020-04-30T19:17:12.643Z\",\r\n    \"startDate\": null,\r\n    \"expirationDate\": null,\r\n    \"endDate\": null,\r\n    \"notificationDate\": null,\r\n    \"stateComment\": null,\r\n    \"allowTracing\": true\r\n  }\r\n}",
      "StatusCode": 200
    },
    {
      "RequestUri": "/subscriptions/a200340d-6b82-494d-9dbf-687ba6e33f9e/resourceGroups/powershelltest/providers/Microsoft.ApiManagement/service/powershellsdkservice/subscriptions/ps8611?api-version=2019-12-01",
      "EncodedRequestUri": "L3N1YnNjcmlwdGlvbnMvYTIwMDM0MGQtNmI4Mi00OTRkLTlkYmYtNjg3YmE2ZTMzZjllL3Jlc291cmNlR3JvdXBzL3Bvd2Vyc2hlbGx0ZXN0L3Byb3ZpZGVycy9NaWNyb3NvZnQuQXBpTWFuYWdlbWVudC9zZXJ2aWNlL3Bvd2Vyc2hlbGxzZGtzZXJ2aWNlL3N1YnNjcmlwdGlvbnMvcHM4NjExP2FwaS12ZXJzaW9uPTIwMTktMTItMDE=",
      "RequestMethod": "PUT",
      "RequestBody": "{\r\n  \"properties\": {\r\n    \"scope\": \"/apis\",\r\n    \"displayName\": \"ps9572\",\r\n    \"primaryKey\": \"ps5034\",\r\n    \"secondaryKey\": \"ps2307\",\r\n    \"state\": \"active\"\r\n  }\r\n}",
      "RequestHeaders": {
        "x-ms-client-request-id": [
          "4519311e-39a2-471f-bd72-94880982a120"
>>>>>>> d78b04a5306127f583235b13752c48d4f7d1289a
        ],
        "Accept-Language": [
          "en-US"
        ],
        "User-Agent": [
<<<<<<< HEAD
          "FxVersion/4.6.27617.04",
          "OSName/Windows",
          "OSVersion/Microsoft.Windows.10.0.18362.",
          "Microsoft.Azure.Management.ApiManagement.ApiManagementClient/4.10.0.0"
=======
          "FxVersion/4.6.27817.03",
          "OSName/Windows",
          "OSVersion/Microsoft.Windows.10.0.18363.",
          "Microsoft.Azure.Management.ApiManagement.ApiManagementClient/6.0.0.0"
>>>>>>> d78b04a5306127f583235b13752c48d4f7d1289a
        ],
        "Content-Type": [
          "application/json; charset=utf-8"
        ],
        "Content-Length": [
          "164"
        ]
      },
      "ResponseHeaders": {
        "Cache-Control": [
          "no-cache"
        ],
        "Pragma": [
          "no-cache"
        ],
        "ETag": [
<<<<<<< HEAD
          "\"AAAAAAAACng=\""
=======
          "\"AAAAAAAAPbk=\""
>>>>>>> d78b04a5306127f583235b13752c48d4f7d1289a
        ],
        "Strict-Transport-Security": [
          "max-age=31536000; includeSubDomains"
        ],
        "x-ms-request-id": [
<<<<<<< HEAD
          "dce9cdba-9c4f-4d05-8591-b3091ea2e1ac"
=======
          "38327626-9e4b-481a-9b14-251f083829be"
>>>>>>> d78b04a5306127f583235b13752c48d4f7d1289a
        ],
        "Server": [
          "Microsoft-HTTPAPI/2.0"
        ],
        "x-ms-ratelimit-remaining-subscription-writes": [
          "1199"
        ],
        "x-ms-correlation-request-id": [
<<<<<<< HEAD
          "742e91c9-7513-4312-a8b7-35ae5cfba6c0"
        ],
        "x-ms-routing-request-id": [
          "WESTUS:20190618T174011Z:742e91c9-7513-4312-a8b7-35ae5cfba6c0"
=======
          "c957ccd8-ccc7-4254-b65c-a639b6b46019"
        ],
        "x-ms-routing-request-id": [
          "WESTUS:20200721T164411Z:c957ccd8-ccc7-4254-b65c-a639b6b46019"
>>>>>>> d78b04a5306127f583235b13752c48d4f7d1289a
        ],
        "X-Content-Type-Options": [
          "nosniff"
        ],
        "Date": [
<<<<<<< HEAD
          "Tue, 18 Jun 2019 17:40:11 GMT"
=======
          "Tue, 21 Jul 2020 16:44:11 GMT"
>>>>>>> d78b04a5306127f583235b13752c48d4f7d1289a
        ],
        "Content-Length": [
          "752"
        ],
        "Content-Type": [
          "application/json; charset=utf-8"
        ],
        "Expires": [
          "-1"
        ]
      },
<<<<<<< HEAD
      "ResponseBody": "{\r\n  \"id\": \"/subscriptions/a200340d-6b82-494d-9dbf-687ba6e33f9e/resourceGroups/powershelltest/providers/Microsoft.ApiManagement/service/powershellsdkservice/subscriptions/ps8994\",\r\n  \"type\": \"Microsoft.ApiManagement/service/subscriptions\",\r\n  \"name\": \"ps8994\",\r\n  \"properties\": {\r\n    \"scope\": \"/subscriptions/a200340d-6b82-494d-9dbf-687ba6e33f9e/resourceGroups/powershelltest/providers/Microsoft.ApiManagement/service/powershellsdkservice/apis\",\r\n    \"displayName\": \"ps9004\",\r\n    \"state\": \"active\",\r\n    \"createdDate\": \"2019-06-18T17:40:11.0666522Z\",\r\n    \"startDate\": null,\r\n    \"expirationDate\": null,\r\n    \"endDate\": null,\r\n    \"notificationDate\": null,\r\n    \"primaryKey\": \"ps8397\",\r\n    \"secondaryKey\": \"ps1370\",\r\n    \"stateComment\": null\r\n  }\r\n}",
      "StatusCode": 201
    },
    {
      "RequestUri": "/subscriptions/a200340d-6b82-494d-9dbf-687ba6e33f9e/resourceGroups/powershelltest/providers/Microsoft.ApiManagement/service/powershellsdkservice/subscriptions/ps8994?api-version=2019-01-01",
      "EncodedRequestUri": "L3N1YnNjcmlwdGlvbnMvYTIwMDM0MGQtNmI4Mi00OTRkLTlkYmYtNjg3YmE2ZTMzZjllL3Jlc291cmNlR3JvdXBzL3Bvd2Vyc2hlbGx0ZXN0L3Byb3ZpZGVycy9NaWNyb3NvZnQuQXBpTWFuYWdlbWVudC9zZXJ2aWNlL3Bvd2Vyc2hlbGxzZGtzZXJ2aWNlL3N1YnNjcmlwdGlvbnMvcHM4OTk0P2FwaS12ZXJzaW9uPTIwMTktMDEtMDE=",
      "RequestMethod": "PATCH",
      "RequestBody": "{\r\n  \"properties\": {\r\n    \"ownerId\": \"/users/1\",\r\n    \"expirationDate\": \"2025-07-20T00:00:00Z\",\r\n    \"displayName\": \"ps5042\",\r\n    \"primaryKey\": \"ps2589\",\r\n    \"secondaryKey\": \"ps9633\"\r\n  }\r\n}",
      "RequestHeaders": {
        "x-ms-client-request-id": [
          "edd09ea4-3d2f-4cb9-9f0f-bbe3bf64480c"
=======
      "ResponseBody": "{\r\n  \"id\": \"/subscriptions/a200340d-6b82-494d-9dbf-687ba6e33f9e/resourceGroups/powershelltest/providers/Microsoft.ApiManagement/service/powershellsdkservice/subscriptions/ps8611\",\r\n  \"type\": \"Microsoft.ApiManagement/service/subscriptions\",\r\n  \"name\": \"ps8611\",\r\n  \"properties\": {\r\n    \"scope\": \"/subscriptions/a200340d-6b82-494d-9dbf-687ba6e33f9e/resourceGroups/powershelltest/providers/Microsoft.ApiManagement/service/powershellsdkservice/apis\",\r\n    \"displayName\": \"ps9572\",\r\n    \"state\": \"active\",\r\n    \"createdDate\": \"2020-07-21T16:44:11.2369986Z\",\r\n    \"startDate\": null,\r\n    \"expirationDate\": null,\r\n    \"endDate\": null,\r\n    \"notificationDate\": null,\r\n    \"primaryKey\": \"ps5034\",\r\n    \"secondaryKey\": \"ps2307\",\r\n    \"stateComment\": null\r\n  }\r\n}",
      "StatusCode": 201
    },
    {
      "RequestUri": "/subscriptions/a200340d-6b82-494d-9dbf-687ba6e33f9e/resourceGroups/powershelltest/providers/Microsoft.ApiManagement/service/powershellsdkservice/subscriptions/ps8611/listSecrets?api-version=2019-12-01",
      "EncodedRequestUri": "L3N1YnNjcmlwdGlvbnMvYTIwMDM0MGQtNmI4Mi00OTRkLTlkYmYtNjg3YmE2ZTMzZjllL3Jlc291cmNlR3JvdXBzL3Bvd2Vyc2hlbGx0ZXN0L3Byb3ZpZGVycy9NaWNyb3NvZnQuQXBpTWFuYWdlbWVudC9zZXJ2aWNlL3Bvd2Vyc2hlbGxzZGtzZXJ2aWNlL3N1YnNjcmlwdGlvbnMvcHM4NjExL2xpc3RTZWNyZXRzP2FwaS12ZXJzaW9uPTIwMTktMTItMDE=",
      "RequestMethod": "POST",
      "RequestBody": "",
      "RequestHeaders": {
        "x-ms-client-request-id": [
          "1befc243-b6e3-461d-b952-930320a749d1"
        ],
        "Accept-Language": [
          "en-US"
        ],
        "User-Agent": [
          "FxVersion/4.6.27817.03",
          "OSName/Windows",
          "OSVersion/Microsoft.Windows.10.0.18363.",
          "Microsoft.Azure.Management.ApiManagement.ApiManagementClient/6.0.0.0"
        ]
      },
      "ResponseHeaders": {
        "Cache-Control": [
          "no-cache"
        ],
        "Pragma": [
          "no-cache"
        ],
        "ETag": [
          "\"AAAAAAAAPbk=\""
        ],
        "Strict-Transport-Security": [
          "max-age=31536000; includeSubDomains"
        ],
        "x-ms-request-id": [
          "35730c35-6560-4fd0-9441-d6492af7c086"
        ],
        "Server": [
          "Microsoft-HTTPAPI/2.0"
        ],
        "x-ms-ratelimit-remaining-subscription-writes": [
          "1199"
        ],
        "x-ms-correlation-request-id": [
          "f3e9683d-cd6a-49b8-bd5f-76adac3caab1"
        ],
        "x-ms-routing-request-id": [
          "WESTUS:20200721T164411Z:f3e9683d-cd6a-49b8-bd5f-76adac3caab1"
        ],
        "X-Content-Type-Options": [
          "nosniff"
        ],
        "Date": [
          "Tue, 21 Jul 2020 16:44:11 GMT"
        ],
        "Content-Length": [
          "47"
        ],
        "Content-Type": [
          "application/json; charset=utf-8"
        ],
        "Expires": [
          "-1"
        ]
      },
      "ResponseBody": "{\r\n  \"primaryKey\": \"ps5034\",\r\n  \"secondaryKey\": \"ps2307\"\r\n}",
      "StatusCode": 200
    },
    {
      "RequestUri": "/subscriptions/a200340d-6b82-494d-9dbf-687ba6e33f9e/resourceGroups/powershelltest/providers/Microsoft.ApiManagement/service/powershellsdkservice/subscriptions/ps8611/listSecrets?api-version=2019-12-01",
      "EncodedRequestUri": "L3N1YnNjcmlwdGlvbnMvYTIwMDM0MGQtNmI4Mi00OTRkLTlkYmYtNjg3YmE2ZTMzZjllL3Jlc291cmNlR3JvdXBzL3Bvd2Vyc2hlbGx0ZXN0L3Byb3ZpZGVycy9NaWNyb3NvZnQuQXBpTWFuYWdlbWVudC9zZXJ2aWNlL3Bvd2Vyc2hlbGxzZGtzZXJ2aWNlL3N1YnNjcmlwdGlvbnMvcHM4NjExL2xpc3RTZWNyZXRzP2FwaS12ZXJzaW9uPTIwMTktMTItMDE=",
      "RequestMethod": "POST",
      "RequestBody": "",
      "RequestHeaders": {
        "x-ms-client-request-id": [
          "42a4afb1-cea9-489d-956a-f194b64920fa"
        ],
        "Accept-Language": [
          "en-US"
        ],
        "User-Agent": [
          "FxVersion/4.6.27817.03",
          "OSName/Windows",
          "OSVersion/Microsoft.Windows.10.0.18363.",
          "Microsoft.Azure.Management.ApiManagement.ApiManagementClient/6.0.0.0"
        ]
      },
      "ResponseHeaders": {
        "Cache-Control": [
          "no-cache"
        ],
        "Pragma": [
          "no-cache"
        ],
        "ETag": [
          "\"AAAAAAAAPbw=\""
        ],
        "Strict-Transport-Security": [
          "max-age=31536000; includeSubDomains"
        ],
        "x-ms-request-id": [
          "da3645af-59b7-430f-9991-90d496e6556d"
        ],
        "Server": [
          "Microsoft-HTTPAPI/2.0"
        ],
        "x-ms-ratelimit-remaining-subscription-writes": [
          "1198"
        ],
        "x-ms-correlation-request-id": [
          "57494c3e-d44f-4967-bf9e-451945b05bbc"
        ],
        "x-ms-routing-request-id": [
          "WESTUS:20200721T164412Z:57494c3e-d44f-4967-bf9e-451945b05bbc"
        ],
        "X-Content-Type-Options": [
          "nosniff"
        ],
        "Date": [
          "Tue, 21 Jul 2020 16:44:12 GMT"
        ],
        "Content-Length": [
          "47"
        ],
        "Content-Type": [
          "application/json; charset=utf-8"
        ],
        "Expires": [
          "-1"
        ]
      },
      "ResponseBody": "{\r\n  \"primaryKey\": \"ps5144\",\r\n  \"secondaryKey\": \"ps4420\"\r\n}",
      "StatusCode": 200
    },
    {
      "RequestUri": "/subscriptions/a200340d-6b82-494d-9dbf-687ba6e33f9e/resourceGroups/powershelltest/providers/Microsoft.ApiManagement/service/powershellsdkservice/subscriptions/ps8611?api-version=2019-12-01",
      "EncodedRequestUri": "L3N1YnNjcmlwdGlvbnMvYTIwMDM0MGQtNmI4Mi00OTRkLTlkYmYtNjg3YmE2ZTMzZjllL3Jlc291cmNlR3JvdXBzL3Bvd2Vyc2hlbGx0ZXN0L3Byb3ZpZGVycy9NaWNyb3NvZnQuQXBpTWFuYWdlbWVudC9zZXJ2aWNlL3Bvd2Vyc2hlbGxzZGtzZXJ2aWNlL3N1YnNjcmlwdGlvbnMvcHM4NjExP2FwaS12ZXJzaW9uPTIwMTktMTItMDE=",
      "RequestMethod": "PATCH",
      "RequestBody": "{\r\n  \"properties\": {\r\n    \"ownerId\": \"/users/1\",\r\n    \"expirationDate\": \"2025-07-20T00:00:00Z\",\r\n    \"displayName\": \"ps9795\",\r\n    \"primaryKey\": \"ps5144\",\r\n    \"secondaryKey\": \"ps4420\"\r\n  }\r\n}",
      "RequestHeaders": {
        "x-ms-client-request-id": [
          "ac731560-f301-4d72-9a71-dc49d23abe4f"
>>>>>>> d78b04a5306127f583235b13752c48d4f7d1289a
        ],
        "If-Match": [
          "*"
        ],
        "Accept-Language": [
          "en-US"
        ],
        "User-Agent": [
<<<<<<< HEAD
          "FxVersion/4.6.27617.04",
          "OSName/Windows",
          "OSVersion/Microsoft.Windows.10.0.18362.",
          "Microsoft.Azure.Management.ApiManagement.ApiManagementClient/4.10.0.0"
=======
          "FxVersion/4.6.27817.03",
          "OSName/Windows",
          "OSVersion/Microsoft.Windows.10.0.18363.",
          "Microsoft.Azure.Management.ApiManagement.ApiManagementClient/6.0.0.0"
>>>>>>> d78b04a5306127f583235b13752c48d4f7d1289a
        ],
        "Content-Type": [
          "application/json; charset=utf-8"
        ],
        "Content-Length": [
          "192"
        ]
      },
      "ResponseHeaders": {
        "Cache-Control": [
          "no-cache"
        ],
        "Pragma": [
          "no-cache"
        ],
        "Strict-Transport-Security": [
          "max-age=31536000; includeSubDomains"
        ],
        "x-ms-request-id": [
<<<<<<< HEAD
          "4ecc1a44-3d47-42e6-a776-896deec25876"
=======
          "1f9f084c-7074-49ef-ae7e-45001e2e60b8"
>>>>>>> d78b04a5306127f583235b13752c48d4f7d1289a
        ],
        "Server": [
          "Microsoft-HTTPAPI/2.0"
        ],
        "x-ms-ratelimit-remaining-subscription-writes": [
          "1198"
        ],
        "x-ms-correlation-request-id": [
<<<<<<< HEAD
          "bf7ab6c3-6a92-4cd2-8658-e04ae049fa68"
        ],
        "x-ms-routing-request-id": [
          "WESTUS:20190618T174012Z:bf7ab6c3-6a92-4cd2-8658-e04ae049fa68"
=======
          "1ebda6f1-4fe8-417e-aa7b-54be33074e40"
        ],
        "x-ms-routing-request-id": [
          "WESTUS:20200721T164412Z:1ebda6f1-4fe8-417e-aa7b-54be33074e40"
>>>>>>> d78b04a5306127f583235b13752c48d4f7d1289a
        ],
        "X-Content-Type-Options": [
          "nosniff"
        ],
        "Date": [
<<<<<<< HEAD
          "Tue, 18 Jun 2019 17:40:11 GMT"
=======
          "Tue, 21 Jul 2020 16:44:11 GMT"
>>>>>>> d78b04a5306127f583235b13752c48d4f7d1289a
        ],
        "Expires": [
          "-1"
        ]
      },
      "ResponseBody": "",
      "StatusCode": 204
    },
    {
<<<<<<< HEAD
      "RequestUri": "/subscriptions/a200340d-6b82-494d-9dbf-687ba6e33f9e/resourceGroups/powershelltest/providers/Microsoft.ApiManagement/service/powershellsdkservice/subscriptions/ps8994?api-version=2019-01-01",
      "EncodedRequestUri": "L3N1YnNjcmlwdGlvbnMvYTIwMDM0MGQtNmI4Mi00OTRkLTlkYmYtNjg3YmE2ZTMzZjllL3Jlc291cmNlR3JvdXBzL3Bvd2Vyc2hlbGx0ZXN0L3Byb3ZpZGVycy9NaWNyb3NvZnQuQXBpTWFuYWdlbWVudC9zZXJ2aWNlL3Bvd2Vyc2hlbGxzZGtzZXJ2aWNlL3N1YnNjcmlwdGlvbnMvcHM4OTk0P2FwaS12ZXJzaW9uPTIwMTktMDEtMDE=",
=======
      "RequestUri": "/subscriptions/a200340d-6b82-494d-9dbf-687ba6e33f9e/resourceGroups/powershelltest/providers/Microsoft.ApiManagement/service/powershellsdkservice/subscriptions/ps8611?api-version=2019-12-01",
      "EncodedRequestUri": "L3N1YnNjcmlwdGlvbnMvYTIwMDM0MGQtNmI4Mi00OTRkLTlkYmYtNjg3YmE2ZTMzZjllL3Jlc291cmNlR3JvdXBzL3Bvd2Vyc2hlbGx0ZXN0L3Byb3ZpZGVycy9NaWNyb3NvZnQuQXBpTWFuYWdlbWVudC9zZXJ2aWNlL3Bvd2Vyc2hlbGxzZGtzZXJ2aWNlL3N1YnNjcmlwdGlvbnMvcHM4NjExP2FwaS12ZXJzaW9uPTIwMTktMTItMDE=",
>>>>>>> d78b04a5306127f583235b13752c48d4f7d1289a
      "RequestMethod": "GET",
      "RequestBody": "",
      "RequestHeaders": {
        "x-ms-client-request-id": [
<<<<<<< HEAD
          "0c1621cb-f901-4b4c-830a-d4a6f8b5ab1a"
=======
          "7aba5b1f-c81a-458b-a5cc-a10e24254b59"
>>>>>>> d78b04a5306127f583235b13752c48d4f7d1289a
        ],
        "Accept-Language": [
          "en-US"
        ],
        "User-Agent": [
<<<<<<< HEAD
          "FxVersion/4.6.27617.04",
          "OSName/Windows",
          "OSVersion/Microsoft.Windows.10.0.18362.",
          "Microsoft.Azure.Management.ApiManagement.ApiManagementClient/4.10.0.0"
=======
          "FxVersion/4.6.27817.03",
          "OSName/Windows",
          "OSVersion/Microsoft.Windows.10.0.18363.",
          "Microsoft.Azure.Management.ApiManagement.ApiManagementClient/6.0.0.0"
>>>>>>> d78b04a5306127f583235b13752c48d4f7d1289a
        ]
      },
      "ResponseHeaders": {
        "Cache-Control": [
          "no-cache"
        ],
        "Pragma": [
          "no-cache"
        ],
        "ETag": [
<<<<<<< HEAD
          "\"AAAAAAAACns=\""
=======
          "\"AAAAAAAAPbw=\""
>>>>>>> d78b04a5306127f583235b13752c48d4f7d1289a
        ],
        "Strict-Transport-Security": [
          "max-age=31536000; includeSubDomains"
        ],
        "x-ms-request-id": [
<<<<<<< HEAD
          "7a656db9-8f08-4b0a-a0ad-5de261e93dac"
=======
          "e7c77af4-9f9a-48ae-819f-be85b1b22411"
>>>>>>> d78b04a5306127f583235b13752c48d4f7d1289a
        ],
        "Server": [
          "Microsoft-HTTPAPI/2.0"
        ],
        "x-ms-ratelimit-remaining-subscription-reads": [
<<<<<<< HEAD
          "11993"
        ],
        "x-ms-correlation-request-id": [
          "854aa223-444d-47cb-bcc8-a93ae0fe9c8e"
        ],
        "x-ms-routing-request-id": [
          "WESTUS:20190618T174012Z:854aa223-444d-47cb-bcc8-a93ae0fe9c8e"
=======
          "11995"
        ],
        "x-ms-correlation-request-id": [
          "f5042f5f-b3c0-4adc-8c5a-13aa589a6f08"
        ],
        "x-ms-routing-request-id": [
          "WESTUS:20200721T164412Z:f5042f5f-b3c0-4adc-8c5a-13aa589a6f08"
>>>>>>> d78b04a5306127f583235b13752c48d4f7d1289a
        ],
        "X-Content-Type-Options": [
          "nosniff"
        ],
        "Date": [
<<<<<<< HEAD
          "Tue, 18 Jun 2019 17:40:12 GMT"
        ],
        "Content-Length": [
          "938"
=======
          "Tue, 21 Jul 2020 16:44:11 GMT"
        ],
        "Content-Length": [
          "878"
>>>>>>> d78b04a5306127f583235b13752c48d4f7d1289a
        ],
        "Content-Type": [
          "application/json; charset=utf-8"
        ],
        "Expires": [
          "-1"
        ]
      },
<<<<<<< HEAD
      "ResponseBody": "{\r\n  \"id\": \"/subscriptions/a200340d-6b82-494d-9dbf-687ba6e33f9e/resourceGroups/powershelltest/providers/Microsoft.ApiManagement/service/powershellsdkservice/subscriptions/ps8994\",\r\n  \"type\": \"Microsoft.ApiManagement/service/subscriptions\",\r\n  \"name\": \"ps8994\",\r\n  \"properties\": {\r\n    \"ownerId\": \"/subscriptions/a200340d-6b82-494d-9dbf-687ba6e33f9e/resourceGroups/powershelltest/providers/Microsoft.ApiManagement/service/powershellsdkservice/users/1\",\r\n    \"scope\": \"/subscriptions/a200340d-6b82-494d-9dbf-687ba6e33f9e/resourceGroups/powershelltest/providers/Microsoft.ApiManagement/service/powershellsdkservice/apis\",\r\n    \"displayName\": \"ps5042\",\r\n    \"state\": \"active\",\r\n    \"createdDate\": \"2019-06-18T17:40:11.067Z\",\r\n    \"startDate\": null,\r\n    \"expirationDate\": \"2025-07-20T00:00:00Z\",\r\n    \"endDate\": null,\r\n    \"notificationDate\": null,\r\n    \"primaryKey\": \"ps2589\",\r\n    \"secondaryKey\": \"ps9633\",\r\n    \"stateComment\": null\r\n  }\r\n}",
      "StatusCode": 200
    },
    {
      "RequestUri": "/subscriptions/a200340d-6b82-494d-9dbf-687ba6e33f9e/resourceGroups/powershelltest/providers/Microsoft.ApiManagement/service/powershellsdkservice/subscriptions?$filter=properties/scope%20eq%20'/apis'&api-version=2019-01-01",
      "EncodedRequestUri": "L3N1YnNjcmlwdGlvbnMvYTIwMDM0MGQtNmI4Mi00OTRkLTlkYmYtNjg3YmE2ZTMzZjllL3Jlc291cmNlR3JvdXBzL3Bvd2Vyc2hlbGx0ZXN0L3Byb3ZpZGVycy9NaWNyb3NvZnQuQXBpTWFuYWdlbWVudC9zZXJ2aWNlL3Bvd2Vyc2hlbGxzZGtzZXJ2aWNlL3N1YnNjcmlwdGlvbnM/JGZpbHRlcj1wcm9wZXJ0aWVzL3Njb3BlJTIwZXElMjAnL2FwaXMnJmFwaS12ZXJzaW9uPTIwMTktMDEtMDE=",
=======
      "ResponseBody": "{\r\n  \"id\": \"/subscriptions/a200340d-6b82-494d-9dbf-687ba6e33f9e/resourceGroups/powershelltest/providers/Microsoft.ApiManagement/service/powershellsdkservice/subscriptions/ps8611\",\r\n  \"type\": \"Microsoft.ApiManagement/service/subscriptions\",\r\n  \"name\": \"ps8611\",\r\n  \"properties\": {\r\n    \"ownerId\": \"/subscriptions/a200340d-6b82-494d-9dbf-687ba6e33f9e/resourceGroups/powershelltest/providers/Microsoft.ApiManagement/service/powershellsdkservice/users/1\",\r\n    \"scope\": \"/subscriptions/a200340d-6b82-494d-9dbf-687ba6e33f9e/resourceGroups/powershelltest/providers/Microsoft.ApiManagement/service/powershellsdkservice/apis\",\r\n    \"displayName\": \"ps9795\",\r\n    \"state\": \"active\",\r\n    \"createdDate\": \"2020-07-21T16:44:11.237Z\",\r\n    \"startDate\": null,\r\n    \"expirationDate\": \"2025-07-20T00:00:00Z\",\r\n    \"endDate\": null,\r\n    \"notificationDate\": null,\r\n    \"stateComment\": null\r\n  }\r\n}",
      "StatusCode": 200
    },
    {
      "RequestUri": "/subscriptions/a200340d-6b82-494d-9dbf-687ba6e33f9e/resourceGroups/powershelltest/providers/Microsoft.ApiManagement/service/powershellsdkservice/subscriptions?$filter=properties/scope%20eq%20'/apis'&api-version=2019-12-01",
      "EncodedRequestUri": "L3N1YnNjcmlwdGlvbnMvYTIwMDM0MGQtNmI4Mi00OTRkLTlkYmYtNjg3YmE2ZTMzZjllL3Jlc291cmNlR3JvdXBzL3Bvd2Vyc2hlbGx0ZXN0L3Byb3ZpZGVycy9NaWNyb3NvZnQuQXBpTWFuYWdlbWVudC9zZXJ2aWNlL3Bvd2Vyc2hlbGxzZGtzZXJ2aWNlL3N1YnNjcmlwdGlvbnM/JGZpbHRlcj1wcm9wZXJ0aWVzL3Njb3BlJTIwZXElMjAnL2FwaXMnJmFwaS12ZXJzaW9uPTIwMTktMTItMDE=",
>>>>>>> d78b04a5306127f583235b13752c48d4f7d1289a
      "RequestMethod": "GET",
      "RequestBody": "",
      "RequestHeaders": {
        "x-ms-client-request-id": [
<<<<<<< HEAD
          "4e50294d-cd80-4e3a-abd6-b272f42d832c"
=======
          "b90950d8-a3d8-4021-849a-f4b512958f14"
>>>>>>> d78b04a5306127f583235b13752c48d4f7d1289a
        ],
        "Accept-Language": [
          "en-US"
        ],
        "User-Agent": [
<<<<<<< HEAD
          "FxVersion/4.6.27617.04",
          "OSName/Windows",
          "OSVersion/Microsoft.Windows.10.0.18362.",
          "Microsoft.Azure.Management.ApiManagement.ApiManagementClient/4.10.0.0"
=======
          "FxVersion/4.6.27817.03",
          "OSName/Windows",
          "OSVersion/Microsoft.Windows.10.0.18363.",
          "Microsoft.Azure.Management.ApiManagement.ApiManagementClient/6.0.0.0"
>>>>>>> d78b04a5306127f583235b13752c48d4f7d1289a
        ]
      },
      "ResponseHeaders": {
        "Cache-Control": [
          "no-cache"
        ],
        "Pragma": [
          "no-cache"
        ],
        "Strict-Transport-Security": [
          "max-age=31536000; includeSubDomains"
        ],
        "x-ms-request-id": [
<<<<<<< HEAD
          "57d6eb79-1b33-4584-b5ab-63e575cbfb91"
=======
          "612f8b5a-bf3f-41e0-92de-b31662f34d24"
>>>>>>> d78b04a5306127f583235b13752c48d4f7d1289a
        ],
        "Server": [
          "Microsoft-HTTPAPI/2.0"
        ],
        "x-ms-ratelimit-remaining-subscription-reads": [
<<<<<<< HEAD
          "11992"
        ],
        "x-ms-correlation-request-id": [
          "4ea6e621-60f0-43d3-b82f-1bdeadda99d3"
        ],
        "x-ms-routing-request-id": [
          "WESTUS:20190618T174012Z:4ea6e621-60f0-43d3-b82f-1bdeadda99d3"
=======
          "11994"
        ],
        "x-ms-correlation-request-id": [
          "e9ddedef-5c99-4ef6-a9a1-47f096a85b38"
        ],
        "x-ms-routing-request-id": [
          "WESTUS:20200721T164412Z:e9ddedef-5c99-4ef6-a9a1-47f096a85b38"
>>>>>>> d78b04a5306127f583235b13752c48d4f7d1289a
        ],
        "X-Content-Type-Options": [
          "nosniff"
        ],
        "Date": [
<<<<<<< HEAD
          "Tue, 18 Jun 2019 17:40:12 GMT"
        ],
        "Content-Length": [
          "1039"
=======
          "Tue, 21 Jul 2020 16:44:12 GMT"
        ],
        "Content-Length": [
          "986"
>>>>>>> d78b04a5306127f583235b13752c48d4f7d1289a
        ],
        "Content-Type": [
          "application/json; charset=utf-8"
        ],
        "Expires": [
          "-1"
        ]
      },
<<<<<<< HEAD
      "ResponseBody": "{\r\n  \"value\": [\r\n    {\r\n      \"id\": \"/subscriptions/a200340d-6b82-494d-9dbf-687ba6e33f9e/resourceGroups/powershelltest/providers/Microsoft.ApiManagement/service/powershellsdkservice/subscriptions/ps8994\",\r\n      \"type\": \"Microsoft.ApiManagement/service/subscriptions\",\r\n      \"name\": \"ps8994\",\r\n      \"properties\": {\r\n        \"ownerId\": \"/subscriptions/a200340d-6b82-494d-9dbf-687ba6e33f9e/resourceGroups/powershelltest/providers/Microsoft.ApiManagement/service/powershellsdkservice/users/1\",\r\n        \"scope\": \"/subscriptions/a200340d-6b82-494d-9dbf-687ba6e33f9e/resourceGroups/powershelltest/providers/Microsoft.ApiManagement/service/powershellsdkservice/apis\",\r\n        \"displayName\": \"ps5042\",\r\n        \"state\": \"active\",\r\n        \"createdDate\": \"2019-06-18T17:40:11.067Z\",\r\n        \"startDate\": null,\r\n        \"expirationDate\": \"2025-07-20T00:00:00Z\",\r\n        \"endDate\": null,\r\n        \"notificationDate\": null,\r\n        \"primaryKey\": \"ps2589\",\r\n        \"secondaryKey\": \"ps9633\",\r\n        \"stateComment\": null\r\n      }\r\n    }\r\n  ]\r\n}",
      "StatusCode": 200
    },
    {
      "RequestUri": "/subscriptions/a200340d-6b82-494d-9dbf-687ba6e33f9e/resourceGroups/powershelltest/providers/Microsoft.ApiManagement/service/powershellsdkservice/subscriptions/ps8994?api-version=2019-01-01",
      "EncodedRequestUri": "L3N1YnNjcmlwdGlvbnMvYTIwMDM0MGQtNmI4Mi00OTRkLTlkYmYtNjg3YmE2ZTMzZjllL3Jlc291cmNlR3JvdXBzL3Bvd2Vyc2hlbGx0ZXN0L3Byb3ZpZGVycy9NaWNyb3NvZnQuQXBpTWFuYWdlbWVudC9zZXJ2aWNlL3Bvd2Vyc2hlbGxzZGtzZXJ2aWNlL3N1YnNjcmlwdGlvbnMvcHM4OTk0P2FwaS12ZXJzaW9uPTIwMTktMDEtMDE=",
=======
      "ResponseBody": "{\r\n  \"value\": [\r\n    {\r\n      \"id\": \"/subscriptions/a200340d-6b82-494d-9dbf-687ba6e33f9e/resourceGroups/powershelltest/providers/Microsoft.ApiManagement/service/powershellsdkservice/subscriptions/ps8611\",\r\n      \"type\": \"Microsoft.ApiManagement/service/subscriptions\",\r\n      \"name\": \"ps8611\",\r\n      \"properties\": {\r\n        \"ownerId\": \"/subscriptions/a200340d-6b82-494d-9dbf-687ba6e33f9e/resourceGroups/powershelltest/providers/Microsoft.ApiManagement/service/powershellsdkservice/users/1\",\r\n        \"scope\": \"/subscriptions/a200340d-6b82-494d-9dbf-687ba6e33f9e/resourceGroups/powershelltest/providers/Microsoft.ApiManagement/service/powershellsdkservice/apis\",\r\n        \"displayName\": \"ps9795\",\r\n        \"state\": \"active\",\r\n        \"createdDate\": \"2020-07-21T16:44:11.237Z\",\r\n        \"startDate\": null,\r\n        \"expirationDate\": \"2025-07-20T00:00:00Z\",\r\n        \"endDate\": null,\r\n        \"notificationDate\": null,\r\n        \"stateComment\": null\r\n      }\r\n    }\r\n  ],\r\n  \"count\": 1\r\n}",
      "StatusCode": 200
    },
    {
      "RequestUri": "/subscriptions/a200340d-6b82-494d-9dbf-687ba6e33f9e/resourceGroups/powershelltest/providers/Microsoft.ApiManagement/service/powershellsdkservice/subscriptions/ps8611?api-version=2019-12-01",
      "EncodedRequestUri": "L3N1YnNjcmlwdGlvbnMvYTIwMDM0MGQtNmI4Mi00OTRkLTlkYmYtNjg3YmE2ZTMzZjllL3Jlc291cmNlR3JvdXBzL3Bvd2Vyc2hlbGx0ZXN0L3Byb3ZpZGVycy9NaWNyb3NvZnQuQXBpTWFuYWdlbWVudC9zZXJ2aWNlL3Bvd2Vyc2hlbGxzZGtzZXJ2aWNlL3N1YnNjcmlwdGlvbnMvcHM4NjExP2FwaS12ZXJzaW9uPTIwMTktMTItMDE=",
>>>>>>> d78b04a5306127f583235b13752c48d4f7d1289a
      "RequestMethod": "DELETE",
      "RequestBody": "",
      "RequestHeaders": {
        "x-ms-client-request-id": [
<<<<<<< HEAD
          "02a7e7dc-e6f0-4258-84cd-0c253c83c69c"
=======
          "c251fe5f-48eb-4cdb-82e1-806869bf2e44"
>>>>>>> d78b04a5306127f583235b13752c48d4f7d1289a
        ],
        "If-Match": [
          "*"
        ],
        "Accept-Language": [
          "en-US"
        ],
        "User-Agent": [
<<<<<<< HEAD
          "FxVersion/4.6.27617.04",
          "OSName/Windows",
          "OSVersion/Microsoft.Windows.10.0.18362.",
          "Microsoft.Azure.Management.ApiManagement.ApiManagementClient/4.10.0.0"
=======
          "FxVersion/4.6.27817.03",
          "OSName/Windows",
          "OSVersion/Microsoft.Windows.10.0.18363.",
          "Microsoft.Azure.Management.ApiManagement.ApiManagementClient/6.0.0.0"
>>>>>>> d78b04a5306127f583235b13752c48d4f7d1289a
        ]
      },
      "ResponseHeaders": {
        "Cache-Control": [
          "no-cache"
        ],
        "Pragma": [
          "no-cache"
        ],
        "Strict-Transport-Security": [
          "max-age=31536000; includeSubDomains"
        ],
        "x-ms-request-id": [
<<<<<<< HEAD
          "16d2511f-5b19-4033-b22c-a1c4a938c2f7"
=======
          "79bfd9c3-4ba2-492f-97cf-419c52f676fd"
>>>>>>> d78b04a5306127f583235b13752c48d4f7d1289a
        ],
        "Server": [
          "Microsoft-HTTPAPI/2.0"
        ],
        "x-ms-ratelimit-remaining-subscription-deletes": [
          "14999"
        ],
        "x-ms-correlation-request-id": [
<<<<<<< HEAD
          "5b4b6d3b-a844-4c51-b728-451ff0cdd3c2"
        ],
        "x-ms-routing-request-id": [
          "WESTUS:20190618T174013Z:5b4b6d3b-a844-4c51-b728-451ff0cdd3c2"
=======
          "4328e7e3-759c-4f21-b4cc-f3846934b202"
        ],
        "x-ms-routing-request-id": [
          "WESTUS:20200721T164412Z:4328e7e3-759c-4f21-b4cc-f3846934b202"
>>>>>>> d78b04a5306127f583235b13752c48d4f7d1289a
        ],
        "X-Content-Type-Options": [
          "nosniff"
        ],
        "Date": [
<<<<<<< HEAD
          "Tue, 18 Jun 2019 17:40:12 GMT"
=======
          "Tue, 21 Jul 2020 16:44:12 GMT"
>>>>>>> d78b04a5306127f583235b13752c48d4f7d1289a
        ],
        "Expires": [
          "-1"
        ],
        "Content-Length": [
          "0"
        ]
      },
      "ResponseBody": "",
      "StatusCode": 200
    }
  ],
  "Names": {
    "": [
<<<<<<< HEAD
      "ps8994",
      "ps9004",
      "ps8397",
      "ps1370",
      "ps5042",
      "ps2589",
      "ps9633"
=======
      "ps8611",
      "ps9572",
      "ps5034",
      "ps2307",
      "ps9795",
      "ps5144",
      "ps4420"
>>>>>>> d78b04a5306127f583235b13752c48d4f7d1289a
    ]
  },
  "Variables": {
    "SubscriptionId": "a200340d-6b82-494d-9dbf-687ba6e33f9e"
  }
}