{
  "Entries": [
    {
      "RequestUri": "/subscriptions/a200340d-6b82-494d-9dbf-687ba6e33f9e/resourceGroups/powershelltest/providers/Microsoft.ApiManagement/service/powershellsdkservice/subscriptions?api-version=2019-01-01",
      "EncodedRequestUri": "L3N1YnNjcmlwdGlvbnMvYTIwMDM0MGQtNmI4Mi00OTRkLTlkYmYtNjg3YmE2ZTMzZjllL3Jlc291cmNlR3JvdXBzL3Bvd2Vyc2hlbGx0ZXN0L3Byb3ZpZGVycy9NaWNyb3NvZnQuQXBpTWFuYWdlbWVudC9zZXJ2aWNlL3Bvd2Vyc2hlbGxzZGtzZXJ2aWNlL3N1YnNjcmlwdGlvbnM/YXBpLXZlcnNpb249MjAxOS0wMS0wMQ==",
      "RequestMethod": "GET",
      "RequestBody": "",
      "RequestHeaders": {
        "x-ms-client-request-id": [
          "e41a8643-d4ef-40db-a01a-71ee96b5f6a3"
        ],
        "Accept-Language": [
          "en-US"
        ],
        "User-Agent": [
          "FxVersion/4.6.27414.06",
          "OSName/Windows",
          "OSVersion/Microsoft.Windows.10.0.18362.",
          "Microsoft.Azure.Management.ApiManagement.ApiManagementClient/4.10.0.0"
        ]
      },
      "ResponseHeaders": {
        "Cache-Control": [
          "no-cache"
        ],
        "Pragma": [
          "no-cache"
        ],
        "Strict-Transport-Security": [
          "max-age=31536000; includeSubDomains"
        ],
        "x-ms-request-id": [
          "d042ffe9-73ad-4221-ab79-2e926603da60"
        ],
        "Server": [
          "Microsoft-HTTPAPI/2.0"
        ],
        "x-ms-ratelimit-remaining-subscription-reads": [
          "11971"
        ],
        "x-ms-correlation-request-id": [
          "1338947c-1882-455c-b0bc-d15fd5268310"
        ],
        "x-ms-routing-request-id": [
          "WESTUS2:20190513T212434Z:1338947c-1882-455c-b0bc-d15fd5268310"
        ],
        "X-Content-Type-Options": [
          "nosniff"
        ],
        "Date": [
          "Mon, 13 May 2019 21:24:33 GMT"
        ],
        "Content-Length": [
          "3202"
        ],
        "Content-Type": [
          "application/json; charset=utf-8"
        ],
        "Expires": [
          "-1"
        ]
      },
      "ResponseBody": "{\r\n  \"value\": [\r\n    {\r\n      \"id\": \"/subscriptions/a200340d-6b82-494d-9dbf-687ba6e33f9e/resourceGroups/powershelltest/providers/Microsoft.ApiManagement/service/powershellsdkservice/subscriptions/5cd3aca4c1c8a0008d070001\",\r\n      \"type\": \"Microsoft.ApiManagement/service/subscriptions\",\r\n      \"name\": \"5cd3aca4c1c8a0008d070001\",\r\n      \"properties\": {\r\n        \"ownerId\": \"/subscriptions/a200340d-6b82-494d-9dbf-687ba6e33f9e/resourceGroups/powershelltest/providers/Microsoft.ApiManagement/service/powershellsdkservice/users/1\",\r\n        \"scope\": \"/subscriptions/a200340d-6b82-494d-9dbf-687ba6e33f9e/resourceGroups/powershelltest/providers/Microsoft.ApiManagement/service/powershellsdkservice/products/starter\",\r\n        \"displayName\": null,\r\n        \"state\": \"active\",\r\n        \"createdDate\": \"2019-05-09T04:29:24.36Z\",\r\n        \"startDate\": null,\r\n        \"expirationDate\": null,\r\n        \"endDate\": null,\r\n        \"notificationDate\": null,\r\n        \"primaryKey\": \"753197f36ee54681b1f472f6d2922c40\",\r\n        \"secondaryKey\": \"8ed98a69b487482e9e3468c0447f60ed\",\r\n        \"stateComment\": null,\r\n        \"allowTracing\": true\r\n      }\r\n    },\r\n    {\r\n      \"id\": \"/subscriptions/a200340d-6b82-494d-9dbf-687ba6e33f9e/resourceGroups/powershelltest/providers/Microsoft.ApiManagement/service/powershellsdkservice/subscriptions/5cd3aca5c1c8a0008d070002\",\r\n      \"type\": \"Microsoft.ApiManagement/service/subscriptions\",\r\n      \"name\": \"5cd3aca5c1c8a0008d070002\",\r\n      \"properties\": {\r\n        \"ownerId\": \"/subscriptions/a200340d-6b82-494d-9dbf-687ba6e33f9e/resourceGroups/powershelltest/providers/Microsoft.ApiManagement/service/powershellsdkservice/users/1\",\r\n        \"scope\": \"/subscriptions/a200340d-6b82-494d-9dbf-687ba6e33f9e/resourceGroups/powershelltest/providers/Microsoft.ApiManagement/service/powershellsdkservice/products/unlimited\",\r\n        \"displayName\": null,\r\n        \"state\": \"active\",\r\n        \"createdDate\": \"2019-05-09T04:29:25.26Z\",\r\n        \"startDate\": null,\r\n        \"expirationDate\": null,\r\n        \"endDate\": null,\r\n        \"notificationDate\": null,\r\n        \"primaryKey\": \"d31896a98bb942a58bbcf879bd00b40f\",\r\n        \"secondaryKey\": \"d758735c3b9f4f3e83ae677c47550977\",\r\n        \"stateComment\": null,\r\n        \"allowTracing\": true\r\n      }\r\n    },\r\n    {\r\n      \"id\": \"/subscriptions/a200340d-6b82-494d-9dbf-687ba6e33f9e/resourceGroups/powershelltest/providers/Microsoft.ApiManagement/service/powershellsdkservice/subscriptions/master\",\r\n      \"type\": \"Microsoft.ApiManagement/service/subscriptions\",\r\n      \"name\": \"master\",\r\n      \"properties\": {\r\n        \"scope\": \"/subscriptions/a200340d-6b82-494d-9dbf-687ba6e33f9e/resourceGroups/powershelltest/providers/Microsoft.ApiManagement/service/powershellsdkservice/\",\r\n        \"displayName\": \"Built-in all-access subscription\",\r\n        \"state\": \"active\",\r\n        \"createdDate\": \"2019-05-09T04:51:07.983Z\",\r\n        \"startDate\": null,\r\n        \"expirationDate\": null,\r\n        \"endDate\": null,\r\n        \"notificationDate\": null,\r\n        \"primaryKey\": \"9da5202d06c741c283ec6ae7524147cc\",\r\n        \"secondaryKey\": \"2de7959cb0bd4db0adbf29889887e1af\",\r\n        \"stateComment\": null,\r\n        \"allowTracing\": true\r\n      }\r\n    }\r\n  ]\r\n}",
      "StatusCode": 200
    },
    {
      "RequestUri": "/subscriptions/a200340d-6b82-494d-9dbf-687ba6e33f9e/resourceGroups/powershelltest/providers/Microsoft.ApiManagement/service/powershellsdkservice/subscriptions/5cd3aca4c1c8a0008d070001?api-version=2019-01-01",
      "EncodedRequestUri": "L3N1YnNjcmlwdGlvbnMvYTIwMDM0MGQtNmI4Mi00OTRkLTlkYmYtNjg3YmE2ZTMzZjllL3Jlc291cmNlR3JvdXBzL3Bvd2Vyc2hlbGx0ZXN0L3Byb3ZpZGVycy9NaWNyb3NvZnQuQXBpTWFuYWdlbWVudC9zZXJ2aWNlL3Bvd2Vyc2hlbGxzZGtzZXJ2aWNlL3N1YnNjcmlwdGlvbnMvNWNkM2FjYTRjMWM4YTAwMDhkMDcwMDAxP2FwaS12ZXJzaW9uPTIwMTktMDEtMDE=",
      "RequestMethod": "GET",
      "RequestBody": "",
      "RequestHeaders": {
        "x-ms-client-request-id": [
          "d1c42f25-1564-4a24-b249-2c0e9274513f"
        ],
        "Accept-Language": [
          "en-US"
        ],
        "User-Agent": [
          "FxVersion/4.6.27414.06",
          "OSName/Windows",
          "OSVersion/Microsoft.Windows.10.0.18362.",
          "Microsoft.Azure.Management.ApiManagement.ApiManagementClient/4.10.0.0"
        ]
      },
      "ResponseHeaders": {
        "Cache-Control": [
          "no-cache"
        ],
        "Pragma": [
          "no-cache"
        ],
        "ETag": [
          "\"AAAAAAAACNo=\""
        ],
        "Strict-Transport-Security": [
          "max-age=31536000; includeSubDomains"
        ],
        "x-ms-request-id": [
          "6178464c-c9eb-4a2f-ba6c-da7d66570bd7"
        ],
        "Server": [
          "Microsoft-HTTPAPI/2.0"
        ],
        "x-ms-ratelimit-remaining-subscription-reads": [
          "11970"
        ],
        "x-ms-correlation-request-id": [
          "561b8757-917c-4770-8091-1aebc5bf7d8b"
        ],
        "x-ms-routing-request-id": [
          "WESTUS2:20190513T212434Z:561b8757-917c-4770-8091-1aebc5bf7d8b"
        ],
        "X-Content-Type-Options": [
          "nosniff"
        ],
        "Date": [
          "Mon, 13 May 2019 21:24:33 GMT"
        ],
        "Content-Length": [
          "1042"
        ],
        "Content-Type": [
          "application/json; charset=utf-8"
        ],
        "Expires": [
          "-1"
        ]
      },
      "ResponseBody": "{\r\n  \"id\": \"/subscriptions/a200340d-6b82-494d-9dbf-687ba6e33f9e/resourceGroups/powershelltest/providers/Microsoft.ApiManagement/service/powershellsdkservice/subscriptions/5cd3aca4c1c8a0008d070001\",\r\n  \"type\": \"Microsoft.ApiManagement/service/subscriptions\",\r\n  \"name\": \"5cd3aca4c1c8a0008d070001\",\r\n  \"properties\": {\r\n    \"ownerId\": \"/subscriptions/a200340d-6b82-494d-9dbf-687ba6e33f9e/resourceGroups/powershelltest/providers/Microsoft.ApiManagement/service/powershellsdkservice/users/1\",\r\n    \"scope\": \"/subscriptions/a200340d-6b82-494d-9dbf-687ba6e33f9e/resourceGroups/powershelltest/providers/Microsoft.ApiManagement/service/powershellsdkservice/products/starter\",\r\n    \"displayName\": null,\r\n    \"state\": \"active\",\r\n    \"createdDate\": \"2019-05-09T04:29:24.36Z\",\r\n    \"startDate\": null,\r\n    \"expirationDate\": null,\r\n    \"endDate\": null,\r\n    \"notificationDate\": null,\r\n    \"primaryKey\": \"753197f36ee54681b1f472f6d2922c40\",\r\n    \"secondaryKey\": \"8ed98a69b487482e9e3468c0447f60ed\",\r\n    \"stateComment\": null,\r\n    \"allowTracing\": true\r\n  }\r\n}",
      "StatusCode": 200
    },
    {
      "RequestUri": "/subscriptions/a200340d-6b82-494d-9dbf-687ba6e33f9e/resourceGroups/powershelltest/providers/Microsoft.ApiManagement/service/powershellsdkservice/subscriptions/5cd3aca5c1c8a0008d070002?api-version=2019-01-01",
      "EncodedRequestUri": "L3N1YnNjcmlwdGlvbnMvYTIwMDM0MGQtNmI4Mi00OTRkLTlkYmYtNjg3YmE2ZTMzZjllL3Jlc291cmNlR3JvdXBzL3Bvd2Vyc2hlbGx0ZXN0L3Byb3ZpZGVycy9NaWNyb3NvZnQuQXBpTWFuYWdlbWVudC9zZXJ2aWNlL3Bvd2Vyc2hlbGxzZGtzZXJ2aWNlL3N1YnNjcmlwdGlvbnMvNWNkM2FjYTVjMWM4YTAwMDhkMDcwMDAyP2FwaS12ZXJzaW9uPTIwMTktMDEtMDE=",
      "RequestMethod": "GET",
      "RequestBody": "",
      "RequestHeaders": {
        "x-ms-client-request-id": [
          "51ab154b-2a88-496e-b109-105ad7a50ab8"
        ],
        "Accept-Language": [
          "en-US"
        ],
        "User-Agent": [
          "FxVersion/4.6.27414.06",
          "OSName/Windows",
          "OSVersion/Microsoft.Windows.10.0.18362.",
          "Microsoft.Azure.Management.ApiManagement.ApiManagementClient/4.10.0.0"
        ]
      },
      "ResponseHeaders": {
        "Cache-Control": [
          "no-cache"
        ],
        "Pragma": [
          "no-cache"
        ],
        "ETag": [
          "\"AAAAAAAACNs=\""
        ],
        "Strict-Transport-Security": [
          "max-age=31536000; includeSubDomains"
        ],
        "x-ms-request-id": [
          "eaa67f31-a8fc-4968-a9f7-be62d7d44825"
        ],
        "Server": [
          "Microsoft-HTTPAPI/2.0"
        ],
        "x-ms-ratelimit-remaining-subscription-reads": [
          "11969"
        ],
        "x-ms-correlation-request-id": [
          "503d329e-116d-4094-8461-45abb67d02c9"
        ],
        "x-ms-routing-request-id": [
          "WESTUS2:20190513T212434Z:503d329e-116d-4094-8461-45abb67d02c9"
        ],
        "X-Content-Type-Options": [
          "nosniff"
        ],
        "Date": [
          "Mon, 13 May 2019 21:24:34 GMT"
        ],
        "Content-Length": [
          "1044"
        ],
        "Content-Type": [
          "application/json; charset=utf-8"
        ],
        "Expires": [
          "-1"
        ]
      },
      "ResponseBody": "{\r\n  \"id\": \"/subscriptions/a200340d-6b82-494d-9dbf-687ba6e33f9e/resourceGroups/powershelltest/providers/Microsoft.ApiManagement/service/powershellsdkservice/subscriptions/5cd3aca5c1c8a0008d070002\",\r\n  \"type\": \"Microsoft.ApiManagement/service/subscriptions\",\r\n  \"name\": \"5cd3aca5c1c8a0008d070002\",\r\n  \"properties\": {\r\n    \"ownerId\": \"/subscriptions/a200340d-6b82-494d-9dbf-687ba6e33f9e/resourceGroups/powershelltest/providers/Microsoft.ApiManagement/service/powershellsdkservice/users/1\",\r\n    \"scope\": \"/subscriptions/a200340d-6b82-494d-9dbf-687ba6e33f9e/resourceGroups/powershelltest/providers/Microsoft.ApiManagement/service/powershellsdkservice/products/unlimited\",\r\n    \"displayName\": null,\r\n    \"state\": \"active\",\r\n    \"createdDate\": \"2019-05-09T04:29:25.26Z\",\r\n    \"startDate\": null,\r\n    \"expirationDate\": null,\r\n    \"endDate\": null,\r\n    \"notificationDate\": null,\r\n    \"primaryKey\": \"d31896a98bb942a58bbcf879bd00b40f\",\r\n    \"secondaryKey\": \"d758735c3b9f4f3e83ae677c47550977\",\r\n    \"stateComment\": null,\r\n    \"allowTracing\": true\r\n  }\r\n}",
      "StatusCode": 200
    },
    {
      "RequestUri": "/subscriptions/a200340d-6b82-494d-9dbf-687ba6e33f9e/resourceGroups/powershelltest/providers/Microsoft.ApiManagement/service/powershellsdkservice/subscriptions/master?api-version=2019-01-01",
      "EncodedRequestUri": "L3N1YnNjcmlwdGlvbnMvYTIwMDM0MGQtNmI4Mi00OTRkLTlkYmYtNjg3YmE2ZTMzZjllL3Jlc291cmNlR3JvdXBzL3Bvd2Vyc2hlbGx0ZXN0L3Byb3ZpZGVycy9NaWNyb3NvZnQuQXBpTWFuYWdlbWVudC9zZXJ2aWNlL3Bvd2Vyc2hlbGxzZGtzZXJ2aWNlL3N1YnNjcmlwdGlvbnMvbWFzdGVyP2FwaS12ZXJzaW9uPTIwMTktMDEtMDE=",
      "RequestMethod": "GET",
      "RequestBody": "",
      "RequestHeaders": {
        "x-ms-client-request-id": [
          "a8946d74-0ded-4ccf-a296-8995f55bbc70"
        ],
        "Accept-Language": [
          "en-US"
        ],
        "User-Agent": [
          "FxVersion/4.6.27414.06",
          "OSName/Windows",
          "OSVersion/Microsoft.Windows.10.0.18362.",
          "Microsoft.Azure.Management.ApiManagement.ApiManagementClient/4.10.0.0"
        ]
      },
      "ResponseHeaders": {
        "Cache-Control": [
          "no-cache"
        ],
        "Pragma": [
          "no-cache"
        ],
        "ETag": [
          "\"AAAAAAAACOM=\""
        ],
        "Strict-Transport-Security": [
          "max-age=31536000; includeSubDomains"
        ],
        "x-ms-request-id": [
          "d9a15424-c1a9-442d-8d4f-198aa8e0aa64"
        ],
        "Server": [
          "Microsoft-HTTPAPI/2.0"
        ],
        "x-ms-ratelimit-remaining-subscription-reads": [
          "11968"
        ],
        "x-ms-correlation-request-id": [
          "a316e098-fbb9-4409-8ce1-7a2189e643bc"
        ],
        "x-ms-routing-request-id": [
          "WESTUS2:20190513T212434Z:a316e098-fbb9-4409-8ce1-7a2189e643bc"
        ],
        "X-Content-Type-Options": [
          "nosniff"
        ],
        "Date": [
          "Mon, 13 May 2019 21:24:34 GMT"
        ],
        "Content-Length": [
          "849"
        ],
        "Content-Type": [
          "application/json; charset=utf-8"
        ],
        "Expires": [
          "-1"
        ]
      },
      "ResponseBody": "{\r\n  \"id\": \"/subscriptions/a200340d-6b82-494d-9dbf-687ba6e33f9e/resourceGroups/powershelltest/providers/Microsoft.ApiManagement/service/powershellsdkservice/subscriptions/master\",\r\n  \"type\": \"Microsoft.ApiManagement/service/subscriptions\",\r\n  \"name\": \"master\",\r\n  \"properties\": {\r\n    \"scope\": \"/subscriptions/a200340d-6b82-494d-9dbf-687ba6e33f9e/resourceGroups/powershelltest/providers/Microsoft.ApiManagement/service/powershellsdkservice/\",\r\n    \"displayName\": \"Built-in all-access subscription\",\r\n    \"state\": \"active\",\r\n    \"createdDate\": \"2019-05-09T04:51:07.983Z\",\r\n    \"startDate\": null,\r\n    \"expirationDate\": null,\r\n    \"endDate\": null,\r\n    \"notificationDate\": null,\r\n    \"primaryKey\": \"9da5202d06c741c283ec6ae7524147cc\",\r\n    \"secondaryKey\": \"2de7959cb0bd4db0adbf29889887e1af\",\r\n    \"stateComment\": null,\r\n    \"allowTracing\": true\r\n  }\r\n}",
      "StatusCode": 200
    },
    {
      "RequestUri": "/subscriptions/a200340d-6b82-494d-9dbf-687ba6e33f9e/resourceGroups/powershelltest/providers/Microsoft.ApiManagement/service/powershellsdkservice/products/starter?api-version=2019-01-01",
      "EncodedRequestUri": "L3N1YnNjcmlwdGlvbnMvYTIwMDM0MGQtNmI4Mi00OTRkLTlkYmYtNjg3YmE2ZTMzZjllL3Jlc291cmNlR3JvdXBzL3Bvd2Vyc2hlbGx0ZXN0L3Byb3ZpZGVycy9NaWNyb3NvZnQuQXBpTWFuYWdlbWVudC9zZXJ2aWNlL3Bvd2Vyc2hlbGxzZGtzZXJ2aWNlL3Byb2R1Y3RzL3N0YXJ0ZXI/YXBpLXZlcnNpb249MjAxOS0wMS0wMQ==",
      "RequestMethod": "PATCH",
      "RequestBody": "{\r\n  \"properties\": {\r\n    \"subscriptionsLimit\": 100\r\n  }\r\n}",
      "RequestHeaders": {
        "x-ms-client-request-id": [
          "c9bd9d36-b5a3-4516-a416-768ceefab4d3"
        ],
        "If-Match": [
          "*"
        ],
        "Accept-Language": [
          "en-US"
        ],
        "User-Agent": [
          "FxVersion/4.6.27414.06",
          "OSName/Windows",
          "OSVersion/Microsoft.Windows.10.0.18362.",
          "Microsoft.Azure.Management.ApiManagement.ApiManagementClient/4.10.0.0"
        ],
        "Content-Type": [
          "application/json; charset=utf-8"
        ],
        "Content-Length": [
          "59"
        ]
      },
      "ResponseHeaders": {
        "Cache-Control": [
          "no-cache"
        ],
        "Pragma": [
          "no-cache"
        ],
        "Strict-Transport-Security": [
          "max-age=31536000; includeSubDomains"
        ],
        "x-ms-request-id": [
          "2f412dbb-67fc-4b40-80ca-61f70b0b9320"
        ],
        "Server": [
          "Microsoft-HTTPAPI/2.0"
        ],
        "x-ms-ratelimit-remaining-subscription-writes": [
          "1191"
        ],
        "x-ms-correlation-request-id": [
          "945c6ca0-8371-447b-815d-b4ae41cce3ce"
        ],
        "x-ms-routing-request-id": [
          "WESTUS2:20190513T212435Z:945c6ca0-8371-447b-815d-b4ae41cce3ce"
        ],
        "X-Content-Type-Options": [
          "nosniff"
        ],
        "Date": [
          "Mon, 13 May 2019 21:24:34 GMT"
        ],
        "Expires": [
          "-1"
        ]
      },
      "ResponseBody": "",
      "StatusCode": 204
    },
    {
      "RequestUri": "/subscriptions/a200340d-6b82-494d-9dbf-687ba6e33f9e/resourceGroups/powershelltest/providers/Microsoft.ApiManagement/service/powershellsdkservice/subscriptions/ps1601?api-version=2019-01-01",
      "EncodedRequestUri": "L3N1YnNjcmlwdGlvbnMvYTIwMDM0MGQtNmI4Mi00OTRkLTlkYmYtNjg3YmE2ZTMzZjllL3Jlc291cmNlR3JvdXBzL3Bvd2Vyc2hlbGx0ZXN0L3Byb3ZpZGVycy9NaWNyb3NvZnQuQXBpTWFuYWdlbWVudC9zZXJ2aWNlL3Bvd2Vyc2hlbGxzZGtzZXJ2aWNlL3N1YnNjcmlwdGlvbnMvcHMxNjAxP2FwaS12ZXJzaW9uPTIwMTktMDEtMDE=",
      "RequestMethod": "PUT",
      "RequestBody": "{\r\n  \"properties\": {\r\n    \"ownerId\": \"/users/1\",\r\n    \"scope\": \"/products/starter\",\r\n    \"displayName\": \"ps7974\",\r\n    \"primaryKey\": \"ps6841\",\r\n    \"secondaryKey\": \"ps9348\",\r\n    \"state\": \"active\"\r\n  }\r\n}",
      "RequestHeaders": {
        "x-ms-client-request-id": [
          "bf43cff4-1c8f-496b-ab49-52e5a1de32fc"
        ],
        "Accept-Language": [
          "en-US"
        ],
        "User-Agent": [
          "FxVersion/4.6.27414.06",
          "OSName/Windows",
          "OSVersion/Microsoft.Windows.10.0.18362.",
          "Microsoft.Azure.Management.ApiManagement.ApiManagementClient/4.10.0.0"
        ],
        "Content-Type": [
          "application/json; charset=utf-8"
        ],
        "Content-Length": [
          "204"
        ]
      },
      "ResponseHeaders": {
        "Cache-Control": [
          "no-cache"
        ],
        "Pragma": [
          "no-cache"
        ],
        "ETag": [
          "\"AAAAAAAAFX8=\""
        ],
        "Strict-Transport-Security": [
          "max-age=31536000; includeSubDomains"
        ],
        "x-ms-request-id": [
          "732b6bc0-a543-4427-aee1-169040e62ef7"
        ],
        "Server": [
          "Microsoft-HTTPAPI/2.0"
        ],
        "x-ms-ratelimit-remaining-subscription-writes": [
          "1190"
        ],
        "x-ms-correlation-request-id": [
          "d54c2377-2242-4ee5-9309-3d5e15b603aa"
        ],
        "x-ms-routing-request-id": [
          "WESTUS2:20190513T212436Z:d54c2377-2242-4ee5-9309-3d5e15b603aa"
        ],
        "X-Content-Type-Options": [
          "nosniff"
        ],
        "Date": [
          "Mon, 13 May 2019 21:24:35 GMT"
        ],
        "Content-Length": [
          "1366"
        ],
        "Content-Type": [
          "application/json; charset=utf-8"
        ],
        "Expires": [
          "-1"
        ]
      },
      "ResponseBody": "{\r\n  \"id\": \"/subscriptions/a200340d-6b82-494d-9dbf-687ba6e33f9e/resourceGroups/powershelltest/providers/Microsoft.ApiManagement/service/powershellsdkservice/subscriptions/ps1601\",\r\n  \"type\": \"Microsoft.ApiManagement/service/subscriptions\",\r\n  \"name\": \"ps1601\",\r\n  \"properties\": {\r\n    \"ownerId\": \"/subscriptions/a200340d-6b82-494d-9dbf-687ba6e33f9e/resourceGroups/powershelltest/providers/Microsoft.ApiManagement/service/powershellsdkservice/users/1\",\r\n    \"user\": {\r\n      \"id\": \"/subscriptions/a200340d-6b82-494d-9dbf-687ba6e33f9e/resourceGroups/powershelltest/providers/Microsoft.ApiManagement/service/powershellsdkservice/users/1\",\r\n      \"firstName\": \"Administrator\",\r\n      \"lastName\": \"\",\r\n      \"email\": \"foo@live.com\",\r\n      \"state\": \"active\",\r\n      \"registrationDate\": \"2019-05-09T04:29:23.44Z\",\r\n      \"note\": null,\r\n      \"groups\": [],\r\n      \"identities\": []\r\n    },\r\n    \"scope\": \"/subscriptions/a200340d-6b82-494d-9dbf-687ba6e33f9e/resourceGroups/powershelltest/providers/Microsoft.ApiManagement/service/powershellsdkservice/products/starter\",\r\n    \"displayName\": \"ps7974\",\r\n    \"state\": \"active\",\r\n    \"createdDate\": \"2019-05-13T21:24:35.3733672Z\",\r\n    \"startDate\": null,\r\n    \"expirationDate\": null,\r\n    \"endDate\": null,\r\n    \"notificationDate\": null,\r\n    \"primaryKey\": \"ps6841\",\r\n    \"secondaryKey\": \"ps9348\",\r\n    \"stateComment\": null\r\n  }\r\n}",
      "StatusCode": 201
    },
    {
      "RequestUri": "/subscriptions/a200340d-6b82-494d-9dbf-687ba6e33f9e/resourceGroups/powershelltest/providers/Microsoft.ApiManagement/service/powershellsdkservice/subscriptions/ps1601?api-version=2019-01-01",
      "EncodedRequestUri": "L3N1YnNjcmlwdGlvbnMvYTIwMDM0MGQtNmI4Mi00OTRkLTlkYmYtNjg3YmE2ZTMzZjllL3Jlc291cmNlR3JvdXBzL3Bvd2Vyc2hlbGx0ZXN0L3Byb3ZpZGVycy9NaWNyb3NvZnQuQXBpTWFuYWdlbWVudC9zZXJ2aWNlL3Bvd2Vyc2hlbGxzZGtzZXJ2aWNlL3N1YnNjcmlwdGlvbnMvcHMxNjAxP2FwaS12ZXJzaW9uPTIwMTktMDEtMDE=",
      "RequestMethod": "PATCH",
      "RequestBody": "{\r\n  \"properties\": {\r\n    \"expirationDate\": \"2025-07-20T00:00:00Z\",\r\n    \"displayName\": \"ps5501\",\r\n    \"primaryKey\": \"ps2110\",\r\n    \"secondaryKey\": \"ps7032\"\r\n  }\r\n}",
      "RequestHeaders": {
        "x-ms-client-request-id": [
          "5be50275-38f8-406f-9b7e-c664173bc910"
        ],
        "If-Match": [
          "*"
        ],
        "Accept-Language": [
          "en-US"
        ],
        "User-Agent": [
          "FxVersion/4.6.27414.06",
          "OSName/Windows",
          "OSVersion/Microsoft.Windows.10.0.18362.",
          "Microsoft.Azure.Management.ApiManagement.ApiManagementClient/4.10.0.0"
        ],
        "Content-Type": [
          "application/json; charset=utf-8"
        ],
        "Content-Length": [
          "164"
        ]
      },
      "ResponseHeaders": {
        "Cache-Control": [
          "no-cache"
        ],
        "Pragma": [
          "no-cache"
        ],
        "Strict-Transport-Security": [
          "max-age=31536000; includeSubDomains"
        ],
        "x-ms-request-id": [
          "a957f4cf-85ef-43dc-80f9-724c157ed757"
        ],
        "Server": [
          "Microsoft-HTTPAPI/2.0"
        ],
        "x-ms-ratelimit-remaining-subscription-writes": [
          "1189"
        ],
        "x-ms-correlation-request-id": [
          "44a0aab4-4afb-4edf-ad7b-fce486d5e35d"
        ],
        "x-ms-routing-request-id": [
          "WESTUS2:20190513T212437Z:44a0aab4-4afb-4edf-ad7b-fce486d5e35d"
        ],
        "X-Content-Type-Options": [
          "nosniff"
        ],
        "Date": [
          "Mon, 13 May 2019 21:24:36 GMT"
        ],
        "Expires": [
          "-1"
        ]
      },
      "ResponseBody": "",
      "StatusCode": 204
    },
    {
      "RequestUri": "/subscriptions/a200340d-6b82-494d-9dbf-687ba6e33f9e/resourceGroups/powershelltest/providers/Microsoft.ApiManagement/service/powershellsdkservice/subscriptions/ps1601?api-version=2019-01-01",
      "EncodedRequestUri": "L3N1YnNjcmlwdGlvbnMvYTIwMDM0MGQtNmI4Mi00OTRkLTlkYmYtNjg3YmE2ZTMzZjllL3Jlc291cmNlR3JvdXBzL3Bvd2Vyc2hlbGx0ZXN0L3Byb3ZpZGVycy9NaWNyb3NvZnQuQXBpTWFuYWdlbWVudC9zZXJ2aWNlL3Bvd2Vyc2hlbGxzZGtzZXJ2aWNlL3N1YnNjcmlwdGlvbnMvcHMxNjAxP2FwaS12ZXJzaW9uPTIwMTktMDEtMDE=",
      "RequestMethod": "GET",
      "RequestBody": "",
      "RequestHeaders": {
        "x-ms-client-request-id": [
          "f2b83161-9759-4595-824a-680e70d6c833"
        ],
        "Accept-Language": [
          "en-US"
        ],
        "User-Agent": [
          "FxVersion/4.6.27414.06",
          "OSName/Windows",
          "OSVersion/Microsoft.Windows.10.0.18362.",
          "Microsoft.Azure.Management.ApiManagement.ApiManagementClient/4.10.0.0"
        ]
      },
      "ResponseHeaders": {
        "Cache-Control": [
          "no-cache"
        ],
        "Pragma": [
          "no-cache"
        ],
        "ETag": [
          "\"AAAAAAAAFYI=\""
        ],
        "Strict-Transport-Security": [
          "max-age=31536000; includeSubDomains"
        ],
        "x-ms-request-id": [
          "9adbb700-100c-46a5-a7bd-6a81e4c2fb38"
        ],
        "Server": [
          "Microsoft-HTTPAPI/2.0"
        ],
        "x-ms-ratelimit-remaining-subscription-reads": [
          "11967"
        ],
        "x-ms-correlation-request-id": [
          "693265a5-1759-4b6e-be36-40e54b770ba8"
        ],
        "x-ms-routing-request-id": [
          "WESTUS2:20190513T212437Z:693265a5-1759-4b6e-be36-40e54b770ba8"
        ],
        "X-Content-Type-Options": [
          "nosniff"
        ],
        "Date": [
          "Mon, 13 May 2019 21:24:37 GMT"
        ],
        "Content-Length": [
          "995"
        ],
        "Content-Type": [
          "application/json; charset=utf-8"
        ],
        "Expires": [
          "-1"
        ]
      },
      "ResponseBody": "{\r\n  \"id\": \"/subscriptions/a200340d-6b82-494d-9dbf-687ba6e33f9e/resourceGroups/powershelltest/providers/Microsoft.ApiManagement/service/powershellsdkservice/subscriptions/ps1601\",\r\n  \"type\": \"Microsoft.ApiManagement/service/subscriptions\",\r\n  \"name\": \"ps1601\",\r\n  \"properties\": {\r\n    \"ownerId\": \"/subscriptions/a200340d-6b82-494d-9dbf-687ba6e33f9e/resourceGroups/powershelltest/providers/Microsoft.ApiManagement/service/powershellsdkservice/users/1\",\r\n    \"scope\": \"/subscriptions/a200340d-6b82-494d-9dbf-687ba6e33f9e/resourceGroups/powershelltest/providers/Microsoft.ApiManagement/service/powershellsdkservice/products/starter\",\r\n    \"displayName\": \"ps5501\",\r\n    \"state\": \"active\",\r\n    \"createdDate\": \"2019-05-13T21:24:35.373Z\",\r\n    \"startDate\": null,\r\n    \"expirationDate\": \"2025-07-20T00:00:00Z\",\r\n    \"endDate\": null,\r\n    \"notificationDate\": \"2025-07-08T00:00:00Z\",\r\n    \"primaryKey\": \"ps2110\",\r\n    \"secondaryKey\": \"ps7032\",\r\n    \"stateComment\": null,\r\n    \"allowTracing\": true\r\n  }\r\n}",
      "StatusCode": 200
    },
    {
      "RequestUri": "/subscriptions/a200340d-6b82-494d-9dbf-687ba6e33f9e/resourceGroups/powershelltest/providers/Microsoft.ApiManagement/service/powershellsdkservice/subscriptions/ps1601?api-version=2019-01-01",
      "EncodedRequestUri": "L3N1YnNjcmlwdGlvbnMvYTIwMDM0MGQtNmI4Mi00OTRkLTlkYmYtNjg3YmE2ZTMzZjllL3Jlc291cmNlR3JvdXBzL3Bvd2Vyc2hlbGx0ZXN0L3Byb3ZpZGVycy9NaWNyb3NvZnQuQXBpTWFuYWdlbWVudC9zZXJ2aWNlL3Bvd2Vyc2hlbGxzZGtzZXJ2aWNlL3N1YnNjcmlwdGlvbnMvcHMxNjAxP2FwaS12ZXJzaW9uPTIwMTktMDEtMDE=",
      "RequestMethod": "DELETE",
      "RequestBody": "",
      "RequestHeaders": {
        "x-ms-client-request-id": [
          "b45ecef9-e2b5-4801-94f1-5afd67fd33ba"
        ],
        "If-Match": [
          "*"
        ],
        "Accept-Language": [
          "en-US"
        ],
        "User-Agent": [
          "FxVersion/4.6.27414.06",
          "OSName/Windows",
          "OSVersion/Microsoft.Windows.10.0.18362.",
          "Microsoft.Azure.Management.ApiManagement.ApiManagementClient/4.10.0.0"
        ]
      },
      "ResponseHeaders": {
        "Cache-Control": [
          "no-cache"
        ],
        "Pragma": [
          "no-cache"
        ],
        "Strict-Transport-Security": [
          "max-age=31536000; includeSubDomains"
        ],
        "x-ms-request-id": [
          "9ff2e1cf-248b-492c-88e9-8f69aa115267"
        ],
        "Server": [
          "Microsoft-HTTPAPI/2.0"
        ],
        "x-ms-ratelimit-remaining-subscription-deletes": [
          "14993"
        ],
        "x-ms-correlation-request-id": [
          "abfe0d8f-3f76-45a2-a335-0f2d9b3cc5a4"
        ],
        "x-ms-routing-request-id": [
          "WESTUS2:20190513T212437Z:abfe0d8f-3f76-45a2-a335-0f2d9b3cc5a4"
        ],
        "X-Content-Type-Options": [
          "nosniff"
        ],
        "Date": [
          "Mon, 13 May 2019 21:24:37 GMT"
        ],
        "Expires": [
          "-1"
        ],
        "Content-Length": [
          "0"
        ]
      },
      "ResponseBody": "",
      "StatusCode": 200
    }
  ],
  "Names": {
    "": [
      "ps1601",
      "ps7974",
      "ps6841",
      "ps9348",
      "ps5501",
      "ps2110",
      "ps7032"
    ]
  },
  "Variables": {
    "SubscriptionId": "a200340d-6b82-494d-9dbf-687ba6e33f9e"
  }
}