{
  "Entries": [
    {
<<<<<<< HEAD
      "RequestUri": "/subscriptions/a200340d-6b82-494d-9dbf-687ba6e33f9e/resourceGroups/powershelltest/providers/Microsoft.ApiManagement/service/powershellsdkservice/subscriptions?api-version=2019-01-01",
      "EncodedRequestUri": "L3N1YnNjcmlwdGlvbnMvYTIwMDM0MGQtNmI4Mi00OTRkLTlkYmYtNjg3YmE2ZTMzZjllL3Jlc291cmNlR3JvdXBzL3Bvd2Vyc2hlbGx0ZXN0L3Byb3ZpZGVycy9NaWNyb3NvZnQuQXBpTWFuYWdlbWVudC9zZXJ2aWNlL3Bvd2Vyc2hlbGxzZGtzZXJ2aWNlL3N1YnNjcmlwdGlvbnM/YXBpLXZlcnNpb249MjAxOS0wMS0wMQ==",
=======
      "RequestUri": "/subscriptions/a200340d-6b82-494d-9dbf-687ba6e33f9e/resourceGroups/powershelltest/providers/Microsoft.ApiManagement/service/powershellsdkservice/subscriptions?api-version=2019-12-01",
      "EncodedRequestUri": "L3N1YnNjcmlwdGlvbnMvYTIwMDM0MGQtNmI4Mi00OTRkLTlkYmYtNjg3YmE2ZTMzZjllL3Jlc291cmNlR3JvdXBzL3Bvd2Vyc2hlbGx0ZXN0L3Byb3ZpZGVycy9NaWNyb3NvZnQuQXBpTWFuYWdlbWVudC9zZXJ2aWNlL3Bvd2Vyc2hlbGxzZGtzZXJ2aWNlL3N1YnNjcmlwdGlvbnM/YXBpLXZlcnNpb249MjAxOS0xMi0wMQ==",
>>>>>>> d78b04a5306127f583235b13752c48d4f7d1289a
      "RequestMethod": "GET",
      "RequestBody": "",
      "RequestHeaders": {
        "x-ms-client-request-id": [
<<<<<<< HEAD
          "82f93fa3-7d38-4e2a-b957-a3e66e355204"
=======
          "83ceecd5-3432-40ca-87bf-892d972b852e"
>>>>>>> d78b04a5306127f583235b13752c48d4f7d1289a
        ],
        "Accept-Language": [
          "en-US"
        ],
        "User-Agent": [
<<<<<<< HEAD
          "FxVersion/4.6.27617.04",
          "OSName/Windows",
          "OSVersion/Microsoft.Windows.10.0.18362.",
          "Microsoft.Azure.Management.ApiManagement.ApiManagementClient/4.10.0.0"
=======
          "FxVersion/4.6.27817.03",
          "OSName/Windows",
          "OSVersion/Microsoft.Windows.10.0.18363.",
          "Microsoft.Azure.Management.ApiManagement.ApiManagementClient/6.0.0.0"
>>>>>>> d78b04a5306127f583235b13752c48d4f7d1289a
        ]
      },
      "ResponseHeaders": {
        "Cache-Control": [
          "no-cache"
        ],
        "Pragma": [
          "no-cache"
        ],
        "Strict-Transport-Security": [
          "max-age=31536000; includeSubDomains"
        ],
        "x-ms-request-id": [
<<<<<<< HEAD
          "302a6cf4-d1f6-4c54-983f-16883f3c2294"
=======
          "0962af06-7329-448a-9a82-e2d3383f3da7"
>>>>>>> d78b04a5306127f583235b13752c48d4f7d1289a
        ],
        "Server": [
          "Microsoft-HTTPAPI/2.0"
        ],
        "x-ms-ratelimit-remaining-subscription-reads": [
          "11999"
        ],
        "x-ms-correlation-request-id": [
<<<<<<< HEAD
          "a5d1609f-2bc8-4d5a-9736-513e5019cce3"
        ],
        "x-ms-routing-request-id": [
          "WESTUS:20190618T174001Z:a5d1609f-2bc8-4d5a-9736-513e5019cce3"
=======
          "53687841-35d7-420d-98ed-34e91f624be9"
        ],
        "x-ms-routing-request-id": [
          "WESTUS:20200721T164123Z:53687841-35d7-420d-98ed-34e91f624be9"
>>>>>>> d78b04a5306127f583235b13752c48d4f7d1289a
        ],
        "X-Content-Type-Options": [
          "nosniff"
        ],
        "Date": [
<<<<<<< HEAD
          "Tue, 18 Jun 2019 17:40:01 GMT"
        ],
        "Content-Length": [
          "3203"
=======
          "Tue, 21 Jul 2020 16:41:23 GMT"
        ],
        "Content-Length": [
          "2859"
>>>>>>> d78b04a5306127f583235b13752c48d4f7d1289a
        ],
        "Content-Type": [
          "application/json; charset=utf-8"
        ],
        "Expires": [
          "-1"
        ]
      },
<<<<<<< HEAD
      "ResponseBody": "{\r\n  \"value\": [\r\n    {\r\n      \"id\": \"/subscriptions/a200340d-6b82-494d-9dbf-687ba6e33f9e/resourceGroups/powershelltest/providers/Microsoft.ApiManagement/service/powershellsdkservice/subscriptions/5d06c0eab37f30008f070001\",\r\n      \"type\": \"Microsoft.ApiManagement/service/subscriptions\",\r\n      \"name\": \"5d06c0eab37f30008f070001\",\r\n      \"properties\": {\r\n        \"ownerId\": \"/subscriptions/a200340d-6b82-494d-9dbf-687ba6e33f9e/resourceGroups/powershelltest/providers/Microsoft.ApiManagement/service/powershellsdkservice/users/1\",\r\n        \"scope\": \"/subscriptions/a200340d-6b82-494d-9dbf-687ba6e33f9e/resourceGroups/powershelltest/providers/Microsoft.ApiManagement/service/powershellsdkservice/products/starter\",\r\n        \"displayName\": null,\r\n        \"state\": \"active\",\r\n        \"createdDate\": \"2019-06-16T22:21:30.777Z\",\r\n        \"startDate\": null,\r\n        \"expirationDate\": null,\r\n        \"endDate\": null,\r\n        \"notificationDate\": null,\r\n        \"primaryKey\": \"b4353a8c937c41c4a2aeeda8e75ebe13\",\r\n        \"secondaryKey\": \"9f0430fafe3d4ed4a1e00c143b6f3927\",\r\n        \"stateComment\": null,\r\n        \"allowTracing\": true\r\n      }\r\n    },\r\n    {\r\n      \"id\": \"/subscriptions/a200340d-6b82-494d-9dbf-687ba6e33f9e/resourceGroups/powershelltest/providers/Microsoft.ApiManagement/service/powershellsdkservice/subscriptions/5d06c0ebb37f30008f070002\",\r\n      \"type\": \"Microsoft.ApiManagement/service/subscriptions\",\r\n      \"name\": \"5d06c0ebb37f30008f070002\",\r\n      \"properties\": {\r\n        \"ownerId\": \"/subscriptions/a200340d-6b82-494d-9dbf-687ba6e33f9e/resourceGroups/powershelltest/providers/Microsoft.ApiManagement/service/powershellsdkservice/users/1\",\r\n        \"scope\": \"/subscriptions/a200340d-6b82-494d-9dbf-687ba6e33f9e/resourceGroups/powershelltest/providers/Microsoft.ApiManagement/service/powershellsdkservice/products/unlimited\",\r\n        \"displayName\": null,\r\n        \"state\": \"active\",\r\n        \"createdDate\": \"2019-06-16T22:21:31.45Z\",\r\n        \"startDate\": null,\r\n        \"expirationDate\": null,\r\n        \"endDate\": null,\r\n        \"notificationDate\": null,\r\n        \"primaryKey\": \"faa9f85a31da4722b60df81868cbf813\",\r\n        \"secondaryKey\": \"c1e5f2f4cfe1490991ad385f3f04b333\",\r\n        \"stateComment\": null,\r\n        \"allowTracing\": true\r\n      }\r\n    },\r\n    {\r\n      \"id\": \"/subscriptions/a200340d-6b82-494d-9dbf-687ba6e33f9e/resourceGroups/powershelltest/providers/Microsoft.ApiManagement/service/powershellsdkservice/subscriptions/master\",\r\n      \"type\": \"Microsoft.ApiManagement/service/subscriptions\",\r\n      \"name\": \"master\",\r\n      \"properties\": {\r\n        \"scope\": \"/subscriptions/a200340d-6b82-494d-9dbf-687ba6e33f9e/resourceGroups/powershelltest/providers/Microsoft.ApiManagement/service/powershellsdkservice/\",\r\n        \"displayName\": \"Built-in all-access subscription\",\r\n        \"state\": \"active\",\r\n        \"createdDate\": \"2019-06-16T22:42:43.393Z\",\r\n        \"startDate\": null,\r\n        \"expirationDate\": null,\r\n        \"endDate\": null,\r\n        \"notificationDate\": null,\r\n        \"primaryKey\": \"b3c16dcc4e1e406f9e8e0d34c4ec4572\",\r\n        \"secondaryKey\": \"a38cfce68ddd486b90af63f5aefef580\",\r\n        \"stateComment\": null,\r\n        \"allowTracing\": true\r\n      }\r\n    }\r\n  ]\r\n}",
      "StatusCode": 200
    },
    {
      "RequestUri": "/subscriptions/a200340d-6b82-494d-9dbf-687ba6e33f9e/resourceGroups/powershelltest/providers/Microsoft.ApiManagement/service/powershellsdkservice/subscriptions/5d06c0eab37f30008f070001?api-version=2019-01-01",
      "EncodedRequestUri": "L3N1YnNjcmlwdGlvbnMvYTIwMDM0MGQtNmI4Mi00OTRkLTlkYmYtNjg3YmE2ZTMzZjllL3Jlc291cmNlR3JvdXBzL3Bvd2Vyc2hlbGx0ZXN0L3Byb3ZpZGVycy9NaWNyb3NvZnQuQXBpTWFuYWdlbWVudC9zZXJ2aWNlL3Bvd2Vyc2hlbGxzZGtzZXJ2aWNlL3N1YnNjcmlwdGlvbnMvNWQwNmMwZWFiMzdmMzAwMDhmMDcwMDAxP2FwaS12ZXJzaW9uPTIwMTktMDEtMDE=",
=======
      "ResponseBody": "{\r\n  \"value\": [\r\n    {\r\n      \"id\": \"/subscriptions/a200340d-6b82-494d-9dbf-687ba6e33f9e/resourceGroups/powershelltest/providers/Microsoft.ApiManagement/service/powershellsdkservice/subscriptions/5eab1e5f9d398d0050070001\",\r\n      \"type\": \"Microsoft.ApiManagement/service/subscriptions\",\r\n      \"name\": \"5eab1e5f9d398d0050070001\",\r\n      \"properties\": {\r\n        \"ownerId\": \"/subscriptions/a200340d-6b82-494d-9dbf-687ba6e33f9e/resourceGroups/powershelltest/providers/Microsoft.ApiManagement/service/powershellsdkservice/users/1\",\r\n        \"scope\": \"/subscriptions/a200340d-6b82-494d-9dbf-687ba6e33f9e/resourceGroups/powershelltest/providers/Microsoft.ApiManagement/service/powershellsdkservice/products/starter\",\r\n        \"displayName\": null,\r\n        \"state\": \"active\",\r\n        \"createdDate\": \"2020-04-30T18:52:15.807Z\",\r\n        \"startDate\": null,\r\n        \"expirationDate\": null,\r\n        \"endDate\": null,\r\n        \"notificationDate\": null,\r\n        \"stateComment\": null,\r\n        \"allowTracing\": true\r\n      }\r\n    },\r\n    {\r\n      \"id\": \"/subscriptions/a200340d-6b82-494d-9dbf-687ba6e33f9e/resourceGroups/powershelltest/providers/Microsoft.ApiManagement/service/powershellsdkservice/subscriptions/5eab1e609d398d0050070002\",\r\n      \"type\": \"Microsoft.ApiManagement/service/subscriptions\",\r\n      \"name\": \"5eab1e609d398d0050070002\",\r\n      \"properties\": {\r\n        \"ownerId\": \"/subscriptions/a200340d-6b82-494d-9dbf-687ba6e33f9e/resourceGroups/powershelltest/providers/Microsoft.ApiManagement/service/powershellsdkservice/users/1\",\r\n        \"scope\": \"/subscriptions/a200340d-6b82-494d-9dbf-687ba6e33f9e/resourceGroups/powershelltest/providers/Microsoft.ApiManagement/service/powershellsdkservice/products/unlimited\",\r\n        \"displayName\": null,\r\n        \"state\": \"active\",\r\n        \"createdDate\": \"2020-04-30T18:52:16.603Z\",\r\n        \"startDate\": null,\r\n        \"expirationDate\": null,\r\n        \"endDate\": null,\r\n        \"notificationDate\": null,\r\n        \"stateComment\": null,\r\n        \"allowTracing\": true\r\n      }\r\n    },\r\n    {\r\n      \"id\": \"/subscriptions/a200340d-6b82-494d-9dbf-687ba6e33f9e/resourceGroups/powershelltest/providers/Microsoft.ApiManagement/service/powershellsdkservice/subscriptions/master\",\r\n      \"type\": \"Microsoft.ApiManagement/service/subscriptions\",\r\n      \"name\": \"master\",\r\n      \"properties\": {\r\n        \"scope\": \"/subscriptions/a200340d-6b82-494d-9dbf-687ba6e33f9e/resourceGroups/powershelltest/providers/Microsoft.ApiManagement/service/powershellsdkservice/\",\r\n        \"displayName\": \"Built-in all-access subscription\",\r\n        \"state\": \"active\",\r\n        \"createdDate\": \"2020-04-30T19:17:12.643Z\",\r\n        \"startDate\": null,\r\n        \"expirationDate\": null,\r\n        \"endDate\": null,\r\n        \"notificationDate\": null,\r\n        \"stateComment\": null,\r\n        \"allowTracing\": true\r\n      }\r\n    }\r\n  ],\r\n  \"count\": 3\r\n}",
      "StatusCode": 200
    },
    {
      "RequestUri": "/subscriptions/a200340d-6b82-494d-9dbf-687ba6e33f9e/resourceGroups/powershelltest/providers/Microsoft.ApiManagement/service/powershellsdkservice/subscriptions/5eab1e5f9d398d0050070001?api-version=2019-12-01",
      "EncodedRequestUri": "L3N1YnNjcmlwdGlvbnMvYTIwMDM0MGQtNmI4Mi00OTRkLTlkYmYtNjg3YmE2ZTMzZjllL3Jlc291cmNlR3JvdXBzL3Bvd2Vyc2hlbGx0ZXN0L3Byb3ZpZGVycy9NaWNyb3NvZnQuQXBpTWFuYWdlbWVudC9zZXJ2aWNlL3Bvd2Vyc2hlbGxzZGtzZXJ2aWNlL3N1YnNjcmlwdGlvbnMvNWVhYjFlNWY5ZDM5OGQwMDUwMDcwMDAxP2FwaS12ZXJzaW9uPTIwMTktMTItMDE=",
>>>>>>> d78b04a5306127f583235b13752c48d4f7d1289a
      "RequestMethod": "GET",
      "RequestBody": "",
      "RequestHeaders": {
        "x-ms-client-request-id": [
<<<<<<< HEAD
          "cd0f97b9-041f-4712-8f7e-adb0492c8375"
=======
          "191ada49-5fe1-42e1-ab03-74b4ceb58c2e"
>>>>>>> d78b04a5306127f583235b13752c48d4f7d1289a
        ],
        "Accept-Language": [
          "en-US"
        ],
        "User-Agent": [
<<<<<<< HEAD
          "FxVersion/4.6.27617.04",
          "OSName/Windows",
          "OSVersion/Microsoft.Windows.10.0.18362.",
          "Microsoft.Azure.Management.ApiManagement.ApiManagementClient/4.10.0.0"
=======
          "FxVersion/4.6.27817.03",
          "OSName/Windows",
          "OSVersion/Microsoft.Windows.10.0.18363.",
          "Microsoft.Azure.Management.ApiManagement.ApiManagementClient/6.0.0.0"
>>>>>>> d78b04a5306127f583235b13752c48d4f7d1289a
        ]
      },
      "ResponseHeaders": {
        "Cache-Control": [
          "no-cache"
        ],
        "Pragma": [
          "no-cache"
        ],
        "ETag": [
<<<<<<< HEAD
          "\"AAAAAAAACPc=\""
=======
          "\"AAAAAAAACOo=\""
>>>>>>> d78b04a5306127f583235b13752c48d4f7d1289a
        ],
        "Strict-Transport-Security": [
          "max-age=31536000; includeSubDomains"
        ],
        "x-ms-request-id": [
<<<<<<< HEAD
          "355fc30d-715c-4256-9692-c4d2f8a3bb18"
=======
          "61930e22-600a-4b77-b4d5-1d38cafc4d2f"
>>>>>>> d78b04a5306127f583235b13752c48d4f7d1289a
        ],
        "Server": [
          "Microsoft-HTTPAPI/2.0"
        ],
        "x-ms-ratelimit-remaining-subscription-reads": [
          "11998"
        ],
        "x-ms-correlation-request-id": [
<<<<<<< HEAD
          "ce36e390-ece3-4afc-b76f-0b1caaeed2c4"
        ],
        "x-ms-routing-request-id": [
          "WESTUS:20190618T174001Z:ce36e390-ece3-4afc-b76f-0b1caaeed2c4"
=======
          "f95c0ec5-50fc-4f9c-9a15-029eba9c3e39"
        ],
        "x-ms-routing-request-id": [
          "WESTUS:20200721T164123Z:f95c0ec5-50fc-4f9c-9a15-029eba9c3e39"
>>>>>>> d78b04a5306127f583235b13752c48d4f7d1289a
        ],
        "X-Content-Type-Options": [
          "nosniff"
        ],
        "Date": [
<<<<<<< HEAD
          "Tue, 18 Jun 2019 17:40:01 GMT"
        ],
        "Content-Length": [
          "1043"
=======
          "Tue, 21 Jul 2020 16:41:23 GMT"
        ],
        "Content-Length": [
          "931"
>>>>>>> d78b04a5306127f583235b13752c48d4f7d1289a
        ],
        "Content-Type": [
          "application/json; charset=utf-8"
        ],
        "Expires": [
          "-1"
        ]
      },
<<<<<<< HEAD
      "ResponseBody": "{\r\n  \"id\": \"/subscriptions/a200340d-6b82-494d-9dbf-687ba6e33f9e/resourceGroups/powershelltest/providers/Microsoft.ApiManagement/service/powershellsdkservice/subscriptions/5d06c0eab37f30008f070001\",\r\n  \"type\": \"Microsoft.ApiManagement/service/subscriptions\",\r\n  \"name\": \"5d06c0eab37f30008f070001\",\r\n  \"properties\": {\r\n    \"ownerId\": \"/subscriptions/a200340d-6b82-494d-9dbf-687ba6e33f9e/resourceGroups/powershelltest/providers/Microsoft.ApiManagement/service/powershellsdkservice/users/1\",\r\n    \"scope\": \"/subscriptions/a200340d-6b82-494d-9dbf-687ba6e33f9e/resourceGroups/powershelltest/providers/Microsoft.ApiManagement/service/powershellsdkservice/products/starter\",\r\n    \"displayName\": null,\r\n    \"state\": \"active\",\r\n    \"createdDate\": \"2019-06-16T22:21:30.777Z\",\r\n    \"startDate\": null,\r\n    \"expirationDate\": null,\r\n    \"endDate\": null,\r\n    \"notificationDate\": null,\r\n    \"primaryKey\": \"b4353a8c937c41c4a2aeeda8e75ebe13\",\r\n    \"secondaryKey\": \"9f0430fafe3d4ed4a1e00c143b6f3927\",\r\n    \"stateComment\": null,\r\n    \"allowTracing\": true\r\n  }\r\n}",
      "StatusCode": 200
    },
    {
      "RequestUri": "/subscriptions/a200340d-6b82-494d-9dbf-687ba6e33f9e/resourceGroups/powershelltest/providers/Microsoft.ApiManagement/service/powershellsdkservice/subscriptions/5d06c0ebb37f30008f070002?api-version=2019-01-01",
      "EncodedRequestUri": "L3N1YnNjcmlwdGlvbnMvYTIwMDM0MGQtNmI4Mi00OTRkLTlkYmYtNjg3YmE2ZTMzZjllL3Jlc291cmNlR3JvdXBzL3Bvd2Vyc2hlbGx0ZXN0L3Byb3ZpZGVycy9NaWNyb3NvZnQuQXBpTWFuYWdlbWVudC9zZXJ2aWNlL3Bvd2Vyc2hlbGxzZGtzZXJ2aWNlL3N1YnNjcmlwdGlvbnMvNWQwNmMwZWJiMzdmMzAwMDhmMDcwMDAyP2FwaS12ZXJzaW9uPTIwMTktMDEtMDE=",
=======
      "ResponseBody": "{\r\n  \"id\": \"/subscriptions/a200340d-6b82-494d-9dbf-687ba6e33f9e/resourceGroups/powershelltest/providers/Microsoft.ApiManagement/service/powershellsdkservice/subscriptions/5eab1e5f9d398d0050070001\",\r\n  \"type\": \"Microsoft.ApiManagement/service/subscriptions\",\r\n  \"name\": \"5eab1e5f9d398d0050070001\",\r\n  \"properties\": {\r\n    \"ownerId\": \"/subscriptions/a200340d-6b82-494d-9dbf-687ba6e33f9e/resourceGroups/powershelltest/providers/Microsoft.ApiManagement/service/powershellsdkservice/users/1\",\r\n    \"scope\": \"/subscriptions/a200340d-6b82-494d-9dbf-687ba6e33f9e/resourceGroups/powershelltest/providers/Microsoft.ApiManagement/service/powershellsdkservice/products/starter\",\r\n    \"displayName\": null,\r\n    \"state\": \"active\",\r\n    \"createdDate\": \"2020-04-30T18:52:15.807Z\",\r\n    \"startDate\": null,\r\n    \"expirationDate\": null,\r\n    \"endDate\": null,\r\n    \"notificationDate\": null,\r\n    \"stateComment\": null,\r\n    \"allowTracing\": true\r\n  }\r\n}",
      "StatusCode": 200
    },
    {
      "RequestUri": "/subscriptions/a200340d-6b82-494d-9dbf-687ba6e33f9e/resourceGroups/powershelltest/providers/Microsoft.ApiManagement/service/powershellsdkservice/subscriptions/5eab1e5f9d398d0050070001/listSecrets?api-version=2019-12-01",
      "EncodedRequestUri": "L3N1YnNjcmlwdGlvbnMvYTIwMDM0MGQtNmI4Mi00OTRkLTlkYmYtNjg3YmE2ZTMzZjllL3Jlc291cmNlR3JvdXBzL3Bvd2Vyc2hlbGx0ZXN0L3Byb3ZpZGVycy9NaWNyb3NvZnQuQXBpTWFuYWdlbWVudC9zZXJ2aWNlL3Bvd2Vyc2hlbGxzZGtzZXJ2aWNlL3N1YnNjcmlwdGlvbnMvNWVhYjFlNWY5ZDM5OGQwMDUwMDcwMDAxL2xpc3RTZWNyZXRzP2FwaS12ZXJzaW9uPTIwMTktMTItMDE=",
      "RequestMethod": "POST",
      "RequestBody": "",
      "RequestHeaders": {
        "x-ms-client-request-id": [
          "9e867f2a-190c-4b4d-b6b1-66f9f6160294"
        ],
        "Accept-Language": [
          "en-US"
        ],
        "User-Agent": [
          "FxVersion/4.6.27817.03",
          "OSName/Windows",
          "OSVersion/Microsoft.Windows.10.0.18363.",
          "Microsoft.Azure.Management.ApiManagement.ApiManagementClient/6.0.0.0"
        ]
      },
      "ResponseHeaders": {
        "Cache-Control": [
          "no-cache"
        ],
        "Pragma": [
          "no-cache"
        ],
        "ETag": [
          "\"AAAAAAAACOo=\""
        ],
        "Strict-Transport-Security": [
          "max-age=31536000; includeSubDomains"
        ],
        "x-ms-request-id": [
          "a89f75de-ec84-4cbf-a401-9047528054e7"
        ],
        "Server": [
          "Microsoft-HTTPAPI/2.0"
        ],
        "x-ms-ratelimit-remaining-subscription-writes": [
          "1199"
        ],
        "x-ms-correlation-request-id": [
          "6df76fa2-1f6e-4c53-854e-c11c9d5d382e"
        ],
        "x-ms-routing-request-id": [
          "WESTUS:20200721T164123Z:6df76fa2-1f6e-4c53-854e-c11c9d5d382e"
        ],
        "X-Content-Type-Options": [
          "nosniff"
        ],
        "Date": [
          "Tue, 21 Jul 2020 16:41:23 GMT"
        ],
        "Content-Length": [
          "99"
        ],
        "Content-Type": [
          "application/json; charset=utf-8"
        ],
        "Expires": [
          "-1"
        ]
      },
      "ResponseBody": "{\r\n  \"primaryKey\": \"a0d34bc2bc8b44c89e95163bb2bdf46b\",\r\n  \"secondaryKey\": \"fd1d7dd4b20b4528aef6a93e1b91fe95\"\r\n}",
      "StatusCode": 200
    },
    {
      "RequestUri": "/subscriptions/a200340d-6b82-494d-9dbf-687ba6e33f9e/resourceGroups/powershelltest/providers/Microsoft.ApiManagement/service/powershellsdkservice/subscriptions/5eab1e609d398d0050070002?api-version=2019-12-01",
      "EncodedRequestUri": "L3N1YnNjcmlwdGlvbnMvYTIwMDM0MGQtNmI4Mi00OTRkLTlkYmYtNjg3YmE2ZTMzZjllL3Jlc291cmNlR3JvdXBzL3Bvd2Vyc2hlbGx0ZXN0L3Byb3ZpZGVycy9NaWNyb3NvZnQuQXBpTWFuYWdlbWVudC9zZXJ2aWNlL3Bvd2Vyc2hlbGxzZGtzZXJ2aWNlL3N1YnNjcmlwdGlvbnMvNWVhYjFlNjA5ZDM5OGQwMDUwMDcwMDAyP2FwaS12ZXJzaW9uPTIwMTktMTItMDE=",
>>>>>>> d78b04a5306127f583235b13752c48d4f7d1289a
      "RequestMethod": "GET",
      "RequestBody": "",
      "RequestHeaders": {
        "x-ms-client-request-id": [
<<<<<<< HEAD
          "47bfa242-a396-4620-b894-7d8b6af2e440"
=======
          "8f54e82a-42d7-45f8-8666-0bef99aa5986"
>>>>>>> d78b04a5306127f583235b13752c48d4f7d1289a
        ],
        "Accept-Language": [
          "en-US"
        ],
        "User-Agent": [
<<<<<<< HEAD
          "FxVersion/4.6.27617.04",
          "OSName/Windows",
          "OSVersion/Microsoft.Windows.10.0.18362.",
          "Microsoft.Azure.Management.ApiManagement.ApiManagementClient/4.10.0.0"
=======
          "FxVersion/4.6.27817.03",
          "OSName/Windows",
          "OSVersion/Microsoft.Windows.10.0.18363.",
          "Microsoft.Azure.Management.ApiManagement.ApiManagementClient/6.0.0.0"
>>>>>>> d78b04a5306127f583235b13752c48d4f7d1289a
        ]
      },
      "ResponseHeaders": {
        "Cache-Control": [
          "no-cache"
        ],
        "Pragma": [
          "no-cache"
        ],
        "ETag": [
<<<<<<< HEAD
          "\"AAAAAAAACPg=\""
=======
          "\"AAAAAAAACOs=\""
>>>>>>> d78b04a5306127f583235b13752c48d4f7d1289a
        ],
        "Strict-Transport-Security": [
          "max-age=31536000; includeSubDomains"
        ],
        "x-ms-request-id": [
<<<<<<< HEAD
          "1be31fe5-e7e0-450f-aacd-efd2eca1329a"
=======
          "0ad3e616-6902-4726-b9fe-d05da1850e51"
>>>>>>> d78b04a5306127f583235b13752c48d4f7d1289a
        ],
        "Server": [
          "Microsoft-HTTPAPI/2.0"
        ],
        "x-ms-ratelimit-remaining-subscription-reads": [
          "11997"
        ],
        "x-ms-correlation-request-id": [
<<<<<<< HEAD
          "f673ea2a-4c91-43e5-a93e-d9e847ff80ce"
        ],
        "x-ms-routing-request-id": [
          "WESTUS:20190618T174002Z:f673ea2a-4c91-43e5-a93e-d9e847ff80ce"
=======
          "d2a64474-e711-4958-9574-f2ea685e4d31"
        ],
        "x-ms-routing-request-id": [
          "WESTUS:20200721T164124Z:d2a64474-e711-4958-9574-f2ea685e4d31"
        ],
        "X-Content-Type-Options": [
          "nosniff"
        ],
        "Date": [
          "Tue, 21 Jul 2020 16:41:24 GMT"
        ],
        "Content-Length": [
          "933"
        ],
        "Content-Type": [
          "application/json; charset=utf-8"
        ],
        "Expires": [
          "-1"
        ]
      },
      "ResponseBody": "{\r\n  \"id\": \"/subscriptions/a200340d-6b82-494d-9dbf-687ba6e33f9e/resourceGroups/powershelltest/providers/Microsoft.ApiManagement/service/powershellsdkservice/subscriptions/5eab1e609d398d0050070002\",\r\n  \"type\": \"Microsoft.ApiManagement/service/subscriptions\",\r\n  \"name\": \"5eab1e609d398d0050070002\",\r\n  \"properties\": {\r\n    \"ownerId\": \"/subscriptions/a200340d-6b82-494d-9dbf-687ba6e33f9e/resourceGroups/powershelltest/providers/Microsoft.ApiManagement/service/powershellsdkservice/users/1\",\r\n    \"scope\": \"/subscriptions/a200340d-6b82-494d-9dbf-687ba6e33f9e/resourceGroups/powershelltest/providers/Microsoft.ApiManagement/service/powershellsdkservice/products/unlimited\",\r\n    \"displayName\": null,\r\n    \"state\": \"active\",\r\n    \"createdDate\": \"2020-04-30T18:52:16.603Z\",\r\n    \"startDate\": null,\r\n    \"expirationDate\": null,\r\n    \"endDate\": null,\r\n    \"notificationDate\": null,\r\n    \"stateComment\": null,\r\n    \"allowTracing\": true\r\n  }\r\n}",
      "StatusCode": 200
    },
    {
      "RequestUri": "/subscriptions/a200340d-6b82-494d-9dbf-687ba6e33f9e/resourceGroups/powershelltest/providers/Microsoft.ApiManagement/service/powershellsdkservice/subscriptions/5eab1e609d398d0050070002/listSecrets?api-version=2019-12-01",
      "EncodedRequestUri": "L3N1YnNjcmlwdGlvbnMvYTIwMDM0MGQtNmI4Mi00OTRkLTlkYmYtNjg3YmE2ZTMzZjllL3Jlc291cmNlR3JvdXBzL3Bvd2Vyc2hlbGx0ZXN0L3Byb3ZpZGVycy9NaWNyb3NvZnQuQXBpTWFuYWdlbWVudC9zZXJ2aWNlL3Bvd2Vyc2hlbGxzZGtzZXJ2aWNlL3N1YnNjcmlwdGlvbnMvNWVhYjFlNjA5ZDM5OGQwMDUwMDcwMDAyL2xpc3RTZWNyZXRzP2FwaS12ZXJzaW9uPTIwMTktMTItMDE=",
      "RequestMethod": "POST",
      "RequestBody": "",
      "RequestHeaders": {
        "x-ms-client-request-id": [
          "4151dfb9-8e17-42e8-93c9-20344d143aae"
        ],
        "Accept-Language": [
          "en-US"
        ],
        "User-Agent": [
          "FxVersion/4.6.27817.03",
          "OSName/Windows",
          "OSVersion/Microsoft.Windows.10.0.18363.",
          "Microsoft.Azure.Management.ApiManagement.ApiManagementClient/6.0.0.0"
        ]
      },
      "ResponseHeaders": {
        "Cache-Control": [
          "no-cache"
        ],
        "Pragma": [
          "no-cache"
        ],
        "ETag": [
          "\"AAAAAAAACOs=\""
        ],
        "Strict-Transport-Security": [
          "max-age=31536000; includeSubDomains"
        ],
        "x-ms-request-id": [
          "ae86477b-6200-4a22-9609-2303ce61828d"
        ],
        "Server": [
          "Microsoft-HTTPAPI/2.0"
        ],
        "x-ms-ratelimit-remaining-subscription-writes": [
          "1198"
        ],
        "x-ms-correlation-request-id": [
          "8ffea865-ad4a-4658-926c-e4cb3c80ed07"
        ],
        "x-ms-routing-request-id": [
          "WESTUS:20200721T164124Z:8ffea865-ad4a-4658-926c-e4cb3c80ed07"
>>>>>>> d78b04a5306127f583235b13752c48d4f7d1289a
        ],
        "X-Content-Type-Options": [
          "nosniff"
        ],
        "Date": [
<<<<<<< HEAD
          "Tue, 18 Jun 2019 17:40:01 GMT"
        ],
        "Content-Length": [
          "1044"
=======
          "Tue, 21 Jul 2020 16:41:24 GMT"
        ],
        "Content-Length": [
          "99"
>>>>>>> d78b04a5306127f583235b13752c48d4f7d1289a
        ],
        "Content-Type": [
          "application/json; charset=utf-8"
        ],
        "Expires": [
          "-1"
        ]
      },
<<<<<<< HEAD
      "ResponseBody": "{\r\n  \"id\": \"/subscriptions/a200340d-6b82-494d-9dbf-687ba6e33f9e/resourceGroups/powershelltest/providers/Microsoft.ApiManagement/service/powershellsdkservice/subscriptions/5d06c0ebb37f30008f070002\",\r\n  \"type\": \"Microsoft.ApiManagement/service/subscriptions\",\r\n  \"name\": \"5d06c0ebb37f30008f070002\",\r\n  \"properties\": {\r\n    \"ownerId\": \"/subscriptions/a200340d-6b82-494d-9dbf-687ba6e33f9e/resourceGroups/powershelltest/providers/Microsoft.ApiManagement/service/powershellsdkservice/users/1\",\r\n    \"scope\": \"/subscriptions/a200340d-6b82-494d-9dbf-687ba6e33f9e/resourceGroups/powershelltest/providers/Microsoft.ApiManagement/service/powershellsdkservice/products/unlimited\",\r\n    \"displayName\": null,\r\n    \"state\": \"active\",\r\n    \"createdDate\": \"2019-06-16T22:21:31.45Z\",\r\n    \"startDate\": null,\r\n    \"expirationDate\": null,\r\n    \"endDate\": null,\r\n    \"notificationDate\": null,\r\n    \"primaryKey\": \"faa9f85a31da4722b60df81868cbf813\",\r\n    \"secondaryKey\": \"c1e5f2f4cfe1490991ad385f3f04b333\",\r\n    \"stateComment\": null,\r\n    \"allowTracing\": true\r\n  }\r\n}",
      "StatusCode": 200
    },
    {
      "RequestUri": "/subscriptions/a200340d-6b82-494d-9dbf-687ba6e33f9e/resourceGroups/powershelltest/providers/Microsoft.ApiManagement/service/powershellsdkservice/subscriptions/master?api-version=2019-01-01",
      "EncodedRequestUri": "L3N1YnNjcmlwdGlvbnMvYTIwMDM0MGQtNmI4Mi00OTRkLTlkYmYtNjg3YmE2ZTMzZjllL3Jlc291cmNlR3JvdXBzL3Bvd2Vyc2hlbGx0ZXN0L3Byb3ZpZGVycy9NaWNyb3NvZnQuQXBpTWFuYWdlbWVudC9zZXJ2aWNlL3Bvd2Vyc2hlbGxzZGtzZXJ2aWNlL3N1YnNjcmlwdGlvbnMvbWFzdGVyP2FwaS12ZXJzaW9uPTIwMTktMDEtMDE=",
=======
      "ResponseBody": "{\r\n  \"primaryKey\": \"64fc222570e6440e9f42a919448b9c5f\",\r\n  \"secondaryKey\": \"a376e57b76384853ae2f526820806f9d\"\r\n}",
      "StatusCode": 200
    },
    {
      "RequestUri": "/subscriptions/a200340d-6b82-494d-9dbf-687ba6e33f9e/resourceGroups/powershelltest/providers/Microsoft.ApiManagement/service/powershellsdkservice/subscriptions/master?api-version=2019-12-01",
      "EncodedRequestUri": "L3N1YnNjcmlwdGlvbnMvYTIwMDM0MGQtNmI4Mi00OTRkLTlkYmYtNjg3YmE2ZTMzZjllL3Jlc291cmNlR3JvdXBzL3Bvd2Vyc2hlbGx0ZXN0L3Byb3ZpZGVycy9NaWNyb3NvZnQuQXBpTWFuYWdlbWVudC9zZXJ2aWNlL3Bvd2Vyc2hlbGxzZGtzZXJ2aWNlL3N1YnNjcmlwdGlvbnMvbWFzdGVyP2FwaS12ZXJzaW9uPTIwMTktMTItMDE=",
>>>>>>> d78b04a5306127f583235b13752c48d4f7d1289a
      "RequestMethod": "GET",
      "RequestBody": "",
      "RequestHeaders": {
        "x-ms-client-request-id": [
<<<<<<< HEAD
          "0dd26158-c3a1-4c2b-870f-a04e2649497c"
=======
          "97bdc686-0b35-4b98-b7fc-38983795190d"
>>>>>>> d78b04a5306127f583235b13752c48d4f7d1289a
        ],
        "Accept-Language": [
          "en-US"
        ],
        "User-Agent": [
<<<<<<< HEAD
          "FxVersion/4.6.27617.04",
          "OSName/Windows",
          "OSVersion/Microsoft.Windows.10.0.18362.",
          "Microsoft.Azure.Management.ApiManagement.ApiManagementClient/4.10.0.0"
=======
          "FxVersion/4.6.27817.03",
          "OSName/Windows",
          "OSVersion/Microsoft.Windows.10.0.18363.",
          "Microsoft.Azure.Management.ApiManagement.ApiManagementClient/6.0.0.0"
>>>>>>> d78b04a5306127f583235b13752c48d4f7d1289a
        ]
      },
      "ResponseHeaders": {
        "Cache-Control": [
          "no-cache"
        ],
        "Pragma": [
          "no-cache"
        ],
        "ETag": [
<<<<<<< HEAD
          "\"AAAAAAAACQE=\""
=======
          "\"AAAAAAAACP8=\""
>>>>>>> d78b04a5306127f583235b13752c48d4f7d1289a
        ],
        "Strict-Transport-Security": [
          "max-age=31536000; includeSubDomains"
        ],
        "x-ms-request-id": [
<<<<<<< HEAD
          "0586430e-fa69-41e6-8635-7d9c3809d5e2"
=======
          "2f744187-ef4d-4edc-81ff-72caeb93fb95"
>>>>>>> d78b04a5306127f583235b13752c48d4f7d1289a
        ],
        "Server": [
          "Microsoft-HTTPAPI/2.0"
        ],
        "x-ms-ratelimit-remaining-subscription-reads": [
          "11996"
        ],
        "x-ms-correlation-request-id": [
<<<<<<< HEAD
          "ed65b249-216d-45f4-8737-5c0616621b27"
        ],
        "x-ms-routing-request-id": [
          "WESTUS:20190618T174002Z:ed65b249-216d-45f4-8737-5c0616621b27"
=======
          "b633ecfe-3843-43f6-a075-617f03d53eb1"
        ],
        "x-ms-routing-request-id": [
          "WESTUS:20200721T164124Z:b633ecfe-3843-43f6-a075-617f03d53eb1"
>>>>>>> d78b04a5306127f583235b13752c48d4f7d1289a
        ],
        "X-Content-Type-Options": [
          "nosniff"
        ],
        "Date": [
<<<<<<< HEAD
          "Tue, 18 Jun 2019 17:40:01 GMT"
        ],
        "Content-Length": [
          "849"
=======
          "Tue, 21 Jul 2020 16:41:24 GMT"
        ],
        "Content-Length": [
          "737"
>>>>>>> d78b04a5306127f583235b13752c48d4f7d1289a
        ],
        "Content-Type": [
          "application/json; charset=utf-8"
        ],
        "Expires": [
          "-1"
        ]
      },
<<<<<<< HEAD
      "ResponseBody": "{\r\n  \"id\": \"/subscriptions/a200340d-6b82-494d-9dbf-687ba6e33f9e/resourceGroups/powershelltest/providers/Microsoft.ApiManagement/service/powershellsdkservice/subscriptions/master\",\r\n  \"type\": \"Microsoft.ApiManagement/service/subscriptions\",\r\n  \"name\": \"master\",\r\n  \"properties\": {\r\n    \"scope\": \"/subscriptions/a200340d-6b82-494d-9dbf-687ba6e33f9e/resourceGroups/powershelltest/providers/Microsoft.ApiManagement/service/powershellsdkservice/\",\r\n    \"displayName\": \"Built-in all-access subscription\",\r\n    \"state\": \"active\",\r\n    \"createdDate\": \"2019-06-16T22:42:43.393Z\",\r\n    \"startDate\": null,\r\n    \"expirationDate\": null,\r\n    \"endDate\": null,\r\n    \"notificationDate\": null,\r\n    \"primaryKey\": \"b3c16dcc4e1e406f9e8e0d34c4ec4572\",\r\n    \"secondaryKey\": \"a38cfce68ddd486b90af63f5aefef580\",\r\n    \"stateComment\": null,\r\n    \"allowTracing\": true\r\n  }\r\n}",
      "StatusCode": 200
    },
    {
      "RequestUri": "/subscriptions/a200340d-6b82-494d-9dbf-687ba6e33f9e/resourceGroups/powershelltest/providers/Microsoft.ApiManagement/service/powershellsdkservice/products/starter?api-version=2019-01-01",
      "EncodedRequestUri": "L3N1YnNjcmlwdGlvbnMvYTIwMDM0MGQtNmI4Mi00OTRkLTlkYmYtNjg3YmE2ZTMzZjllL3Jlc291cmNlR3JvdXBzL3Bvd2Vyc2hlbGx0ZXN0L3Byb3ZpZGVycy9NaWNyb3NvZnQuQXBpTWFuYWdlbWVudC9zZXJ2aWNlL3Bvd2Vyc2hlbGxzZGtzZXJ2aWNlL3Byb2R1Y3RzL3N0YXJ0ZXI/YXBpLXZlcnNpb249MjAxOS0wMS0wMQ==",
=======
      "ResponseBody": "{\r\n  \"id\": \"/subscriptions/a200340d-6b82-494d-9dbf-687ba6e33f9e/resourceGroups/powershelltest/providers/Microsoft.ApiManagement/service/powershellsdkservice/subscriptions/master\",\r\n  \"type\": \"Microsoft.ApiManagement/service/subscriptions\",\r\n  \"name\": \"master\",\r\n  \"properties\": {\r\n    \"scope\": \"/subscriptions/a200340d-6b82-494d-9dbf-687ba6e33f9e/resourceGroups/powershelltest/providers/Microsoft.ApiManagement/service/powershellsdkservice/\",\r\n    \"displayName\": \"Built-in all-access subscription\",\r\n    \"state\": \"active\",\r\n    \"createdDate\": \"2020-04-30T19:17:12.643Z\",\r\n    \"startDate\": null,\r\n    \"expirationDate\": null,\r\n    \"endDate\": null,\r\n    \"notificationDate\": null,\r\n    \"stateComment\": null,\r\n    \"allowTracing\": true\r\n  }\r\n}",
      "StatusCode": 200
    },
    {
      "RequestUri": "/subscriptions/a200340d-6b82-494d-9dbf-687ba6e33f9e/resourceGroups/powershelltest/providers/Microsoft.ApiManagement/service/powershellsdkservice/subscriptions/master/listSecrets?api-version=2019-12-01",
      "EncodedRequestUri": "L3N1YnNjcmlwdGlvbnMvYTIwMDM0MGQtNmI4Mi00OTRkLTlkYmYtNjg3YmE2ZTMzZjllL3Jlc291cmNlR3JvdXBzL3Bvd2Vyc2hlbGx0ZXN0L3Byb3ZpZGVycy9NaWNyb3NvZnQuQXBpTWFuYWdlbWVudC9zZXJ2aWNlL3Bvd2Vyc2hlbGxzZGtzZXJ2aWNlL3N1YnNjcmlwdGlvbnMvbWFzdGVyL2xpc3RTZWNyZXRzP2FwaS12ZXJzaW9uPTIwMTktMTItMDE=",
      "RequestMethod": "POST",
      "RequestBody": "",
      "RequestHeaders": {
        "x-ms-client-request-id": [
          "1ebb129e-1179-412b-be0f-7db494d38f8d"
        ],
        "Accept-Language": [
          "en-US"
        ],
        "User-Agent": [
          "FxVersion/4.6.27817.03",
          "OSName/Windows",
          "OSVersion/Microsoft.Windows.10.0.18363.",
          "Microsoft.Azure.Management.ApiManagement.ApiManagementClient/6.0.0.0"
        ]
      },
      "ResponseHeaders": {
        "Cache-Control": [
          "no-cache"
        ],
        "Pragma": [
          "no-cache"
        ],
        "ETag": [
          "\"AAAAAAAACP8=\""
        ],
        "Strict-Transport-Security": [
          "max-age=31536000; includeSubDomains"
        ],
        "x-ms-request-id": [
          "29c539ac-4c58-4856-b1d1-cb3397e79ba9"
        ],
        "Server": [
          "Microsoft-HTTPAPI/2.0"
        ],
        "x-ms-ratelimit-remaining-subscription-writes": [
          "1197"
        ],
        "x-ms-correlation-request-id": [
          "d91e462b-50ee-4a67-a05e-3389d5b42930"
        ],
        "x-ms-routing-request-id": [
          "WESTUS:20200721T164124Z:d91e462b-50ee-4a67-a05e-3389d5b42930"
        ],
        "X-Content-Type-Options": [
          "nosniff"
        ],
        "Date": [
          "Tue, 21 Jul 2020 16:41:24 GMT"
        ],
        "Content-Length": [
          "99"
        ],
        "Content-Type": [
          "application/json; charset=utf-8"
        ],
        "Expires": [
          "-1"
        ]
      },
      "ResponseBody": "{\r\n  \"primaryKey\": \"7a85d57e060b450fa087af871acc9be6\",\r\n  \"secondaryKey\": \"4cc63f6a55ec4d0b9bc01ab8614fecd7\"\r\n}",
      "StatusCode": 200
    },
    {
      "RequestUri": "/subscriptions/a200340d-6b82-494d-9dbf-687ba6e33f9e/resourceGroups/powershelltest/providers/Microsoft.ApiManagement/service/powershellsdkservice/products/starter?api-version=2019-12-01",
      "EncodedRequestUri": "L3N1YnNjcmlwdGlvbnMvYTIwMDM0MGQtNmI4Mi00OTRkLTlkYmYtNjg3YmE2ZTMzZjllL3Jlc291cmNlR3JvdXBzL3Bvd2Vyc2hlbGx0ZXN0L3Byb3ZpZGVycy9NaWNyb3NvZnQuQXBpTWFuYWdlbWVudC9zZXJ2aWNlL3Bvd2Vyc2hlbGxzZGtzZXJ2aWNlL3Byb2R1Y3RzL3N0YXJ0ZXI/YXBpLXZlcnNpb249MjAxOS0xMi0wMQ==",
>>>>>>> d78b04a5306127f583235b13752c48d4f7d1289a
      "RequestMethod": "PATCH",
      "RequestBody": "{\r\n  \"properties\": {\r\n    \"subscriptionsLimit\": 100\r\n  }\r\n}",
      "RequestHeaders": {
        "x-ms-client-request-id": [
<<<<<<< HEAD
          "4a17d959-3cbf-4585-a8a0-a53049071a39"
=======
          "cd25bc9a-d505-4f97-9f3c-a9d3a9a33736"
>>>>>>> d78b04a5306127f583235b13752c48d4f7d1289a
        ],
        "If-Match": [
          "*"
        ],
        "Accept-Language": [
          "en-US"
        ],
        "User-Agent": [
<<<<<<< HEAD
          "FxVersion/4.6.27617.04",
          "OSName/Windows",
          "OSVersion/Microsoft.Windows.10.0.18362.",
          "Microsoft.Azure.Management.ApiManagement.ApiManagementClient/4.10.0.0"
=======
          "FxVersion/4.6.27817.03",
          "OSName/Windows",
          "OSVersion/Microsoft.Windows.10.0.18363.",
          "Microsoft.Azure.Management.ApiManagement.ApiManagementClient/6.0.0.0"
>>>>>>> d78b04a5306127f583235b13752c48d4f7d1289a
        ],
        "Content-Type": [
          "application/json; charset=utf-8"
        ],
        "Content-Length": [
          "59"
        ]
      },
      "ResponseHeaders": {
        "Cache-Control": [
          "no-cache"
        ],
        "Pragma": [
          "no-cache"
        ],
        "Strict-Transport-Security": [
          "max-age=31536000; includeSubDomains"
        ],
        "x-ms-request-id": [
<<<<<<< HEAD
          "6a03c671-17b9-4d83-aa65-ccaa995789ee"
=======
          "194debfe-c498-474f-ad6f-4f430401ba6d"
>>>>>>> d78b04a5306127f583235b13752c48d4f7d1289a
        ],
        "Server": [
          "Microsoft-HTTPAPI/2.0"
        ],
        "x-ms-ratelimit-remaining-subscription-writes": [
          "1199"
        ],
        "x-ms-correlation-request-id": [
<<<<<<< HEAD
          "b99527c6-4dd8-461c-8d7b-5166da8a48e7"
        ],
        "x-ms-routing-request-id": [
          "WESTUS:20190618T174002Z:b99527c6-4dd8-461c-8d7b-5166da8a48e7"
=======
          "131d32bd-0a65-4c8f-b9fb-cab5f5b5367a"
        ],
        "x-ms-routing-request-id": [
          "WESTUS:20200721T164125Z:131d32bd-0a65-4c8f-b9fb-cab5f5b5367a"
>>>>>>> d78b04a5306127f583235b13752c48d4f7d1289a
        ],
        "X-Content-Type-Options": [
          "nosniff"
        ],
        "Date": [
<<<<<<< HEAD
          "Tue, 18 Jun 2019 17:40:02 GMT"
=======
          "Tue, 21 Jul 2020 16:41:25 GMT"
>>>>>>> d78b04a5306127f583235b13752c48d4f7d1289a
        ],
        "Expires": [
          "-1"
        ]
      },
      "ResponseBody": "",
      "StatusCode": 204
    },
    {
<<<<<<< HEAD
      "RequestUri": "/subscriptions/a200340d-6b82-494d-9dbf-687ba6e33f9e/resourceGroups/powershelltest/providers/Microsoft.ApiManagement/service/powershellsdkservice/subscriptions/ps9730?api-version=2019-01-01",
      "EncodedRequestUri": "L3N1YnNjcmlwdGlvbnMvYTIwMDM0MGQtNmI4Mi00OTRkLTlkYmYtNjg3YmE2ZTMzZjllL3Jlc291cmNlR3JvdXBzL3Bvd2Vyc2hlbGx0ZXN0L3Byb3ZpZGVycy9NaWNyb3NvZnQuQXBpTWFuYWdlbWVudC9zZXJ2aWNlL3Bvd2Vyc2hlbGxzZGtzZXJ2aWNlL3N1YnNjcmlwdGlvbnMvcHM5NzMwP2FwaS12ZXJzaW9uPTIwMTktMDEtMDE=",
      "RequestMethod": "PUT",
      "RequestBody": "{\r\n  \"properties\": {\r\n    \"ownerId\": \"/users/1\",\r\n    \"scope\": \"/products/starter\",\r\n    \"displayName\": \"ps4956\",\r\n    \"primaryKey\": \"ps6508\",\r\n    \"secondaryKey\": \"ps6624\",\r\n    \"state\": \"active\"\r\n  }\r\n}",
      "RequestHeaders": {
        "x-ms-client-request-id": [
          "a25dd3dc-9442-4237-8570-8ae567502f8e"
=======
      "RequestUri": "/subscriptions/a200340d-6b82-494d-9dbf-687ba6e33f9e/resourceGroups/powershelltest/providers/Microsoft.ApiManagement/service/powershellsdkservice/subscriptions/ps6898?api-version=2019-12-01",
      "EncodedRequestUri": "L3N1YnNjcmlwdGlvbnMvYTIwMDM0MGQtNmI4Mi00OTRkLTlkYmYtNjg3YmE2ZTMzZjllL3Jlc291cmNlR3JvdXBzL3Bvd2Vyc2hlbGx0ZXN0L3Byb3ZpZGVycy9NaWNyb3NvZnQuQXBpTWFuYWdlbWVudC9zZXJ2aWNlL3Bvd2Vyc2hlbGxzZGtzZXJ2aWNlL3N1YnNjcmlwdGlvbnMvcHM2ODk4P2FwaS12ZXJzaW9uPTIwMTktMTItMDE=",
      "RequestMethod": "PUT",
      "RequestBody": "{\r\n  \"properties\": {\r\n    \"ownerId\": \"/users/1\",\r\n    \"scope\": \"/products/starter\",\r\n    \"displayName\": \"ps3031\",\r\n    \"primaryKey\": \"ps2435\",\r\n    \"secondaryKey\": \"ps2518\",\r\n    \"state\": \"active\"\r\n  }\r\n}",
      "RequestHeaders": {
        "x-ms-client-request-id": [
          "58dcf4a7-7485-46e8-9149-cff54d55b292"
>>>>>>> d78b04a5306127f583235b13752c48d4f7d1289a
        ],
        "Accept-Language": [
          "en-US"
        ],
        "User-Agent": [
<<<<<<< HEAD
          "FxVersion/4.6.27617.04",
          "OSName/Windows",
          "OSVersion/Microsoft.Windows.10.0.18362.",
          "Microsoft.Azure.Management.ApiManagement.ApiManagementClient/4.10.0.0"
=======
          "FxVersion/4.6.27817.03",
          "OSName/Windows",
          "OSVersion/Microsoft.Windows.10.0.18363.",
          "Microsoft.Azure.Management.ApiManagement.ApiManagementClient/6.0.0.0"
>>>>>>> d78b04a5306127f583235b13752c48d4f7d1289a
        ],
        "Content-Type": [
          "application/json; charset=utf-8"
        ],
        "Content-Length": [
          "204"
        ]
      },
      "ResponseHeaders": {
        "Cache-Control": [
          "no-cache"
        ],
        "Pragma": [
          "no-cache"
        ],
        "ETag": [
<<<<<<< HEAD
          "\"AAAAAAAACm8=\""
=======
          "\"AAAAAAAAPRk=\""
>>>>>>> d78b04a5306127f583235b13752c48d4f7d1289a
        ],
        "Strict-Transport-Security": [
          "max-age=31536000; includeSubDomains"
        ],
        "x-ms-request-id": [
<<<<<<< HEAD
          "dbe1b8b5-e8e3-4f40-8726-01a1868cd92b"
=======
          "6ff1fa47-ec9f-4bbb-b5f9-5cf2e0489249"
>>>>>>> d78b04a5306127f583235b13752c48d4f7d1289a
        ],
        "Server": [
          "Microsoft-HTTPAPI/2.0"
        ],
        "x-ms-ratelimit-remaining-subscription-writes": [
          "1198"
        ],
        "x-ms-correlation-request-id": [
<<<<<<< HEAD
          "e6f53d4f-4b90-4d40-8ba6-d9d456ff6095"
        ],
        "x-ms-routing-request-id": [
          "WESTUS:20190618T174003Z:e6f53d4f-4b90-4d40-8ba6-d9d456ff6095"
=======
          "54bc540b-519c-4e86-90e1-afc846d030fe"
        ],
        "x-ms-routing-request-id": [
          "WESTUS:20200721T164126Z:54bc540b-519c-4e86-90e1-afc846d030fe"
>>>>>>> d78b04a5306127f583235b13752c48d4f7d1289a
        ],
        "X-Content-Type-Options": [
          "nosniff"
        ],
        "Date": [
<<<<<<< HEAD
          "Tue, 18 Jun 2019 17:40:03 GMT"
        ],
        "Content-Length": [
          "1367"
=======
          "Tue, 21 Jul 2020 16:41:26 GMT"
        ],
        "Content-Length": [
          "1366"
>>>>>>> d78b04a5306127f583235b13752c48d4f7d1289a
        ],
        "Content-Type": [
          "application/json; charset=utf-8"
        ],
        "Expires": [
          "-1"
        ]
      },
<<<<<<< HEAD
      "ResponseBody": "{\r\n  \"id\": \"/subscriptions/a200340d-6b82-494d-9dbf-687ba6e33f9e/resourceGroups/powershelltest/providers/Microsoft.ApiManagement/service/powershellsdkservice/subscriptions/ps9730\",\r\n  \"type\": \"Microsoft.ApiManagement/service/subscriptions\",\r\n  \"name\": \"ps9730\",\r\n  \"properties\": {\r\n    \"ownerId\": \"/subscriptions/a200340d-6b82-494d-9dbf-687ba6e33f9e/resourceGroups/powershelltest/providers/Microsoft.ApiManagement/service/powershellsdkservice/users/1\",\r\n    \"user\": {\r\n      \"id\": \"/subscriptions/a200340d-6b82-494d-9dbf-687ba6e33f9e/resourceGroups/powershelltest/providers/Microsoft.ApiManagement/service/powershellsdkservice/users/1\",\r\n      \"firstName\": \"Administrator\",\r\n      \"lastName\": \"\",\r\n      \"email\": \"foo@live.com\",\r\n      \"state\": \"active\",\r\n      \"registrationDate\": \"2019-06-16T22:21:30.153Z\",\r\n      \"note\": null,\r\n      \"groups\": [],\r\n      \"identities\": []\r\n    },\r\n    \"scope\": \"/subscriptions/a200340d-6b82-494d-9dbf-687ba6e33f9e/resourceGroups/powershelltest/providers/Microsoft.ApiManagement/service/powershellsdkservice/products/starter\",\r\n    \"displayName\": \"ps4956\",\r\n    \"state\": \"active\",\r\n    \"createdDate\": \"2019-06-18T17:40:03.1860764Z\",\r\n    \"startDate\": null,\r\n    \"expirationDate\": null,\r\n    \"endDate\": null,\r\n    \"notificationDate\": null,\r\n    \"primaryKey\": \"ps6508\",\r\n    \"secondaryKey\": \"ps6624\",\r\n    \"stateComment\": null\r\n  }\r\n}",
      "StatusCode": 201
    },
    {
      "RequestUri": "/subscriptions/a200340d-6b82-494d-9dbf-687ba6e33f9e/resourceGroups/powershelltest/providers/Microsoft.ApiManagement/service/powershellsdkservice/subscriptions/ps9730?api-version=2019-01-01",
      "EncodedRequestUri": "L3N1YnNjcmlwdGlvbnMvYTIwMDM0MGQtNmI4Mi00OTRkLTlkYmYtNjg3YmE2ZTMzZjllL3Jlc291cmNlR3JvdXBzL3Bvd2Vyc2hlbGx0ZXN0L3Byb3ZpZGVycy9NaWNyb3NvZnQuQXBpTWFuYWdlbWVudC9zZXJ2aWNlL3Bvd2Vyc2hlbGxzZGtzZXJ2aWNlL3N1YnNjcmlwdGlvbnMvcHM5NzMwP2FwaS12ZXJzaW9uPTIwMTktMDEtMDE=",
      "RequestMethod": "PATCH",
      "RequestBody": "{\r\n  \"properties\": {\r\n    \"expirationDate\": \"2025-07-20T00:00:00Z\",\r\n    \"displayName\": \"ps883\",\r\n    \"primaryKey\": \"ps3890\",\r\n    \"secondaryKey\": \"ps7484\"\r\n  }\r\n}",
      "RequestHeaders": {
        "x-ms-client-request-id": [
          "0560aefb-da27-4af7-9e09-631b76d1554a"
=======
      "ResponseBody": "{\r\n  \"id\": \"/subscriptions/a200340d-6b82-494d-9dbf-687ba6e33f9e/resourceGroups/powershelltest/providers/Microsoft.ApiManagement/service/powershellsdkservice/subscriptions/ps6898\",\r\n  \"type\": \"Microsoft.ApiManagement/service/subscriptions\",\r\n  \"name\": \"ps6898\",\r\n  \"properties\": {\r\n    \"ownerId\": \"/subscriptions/a200340d-6b82-494d-9dbf-687ba6e33f9e/resourceGroups/powershelltest/providers/Microsoft.ApiManagement/service/powershellsdkservice/users/1\",\r\n    \"user\": {\r\n      \"id\": \"/subscriptions/a200340d-6b82-494d-9dbf-687ba6e33f9e/resourceGroups/powershelltest/providers/Microsoft.ApiManagement/service/powershellsdkservice/users/1\",\r\n      \"firstName\": \"Administrator\",\r\n      \"lastName\": \"\",\r\n      \"email\": \"foo@live.com\",\r\n      \"state\": \"active\",\r\n      \"registrationDate\": \"2020-04-30T18:52:14.87Z\",\r\n      \"note\": null,\r\n      \"groups\": [],\r\n      \"identities\": []\r\n    },\r\n    \"scope\": \"/subscriptions/a200340d-6b82-494d-9dbf-687ba6e33f9e/resourceGroups/powershelltest/providers/Microsoft.ApiManagement/service/powershellsdkservice/products/starter\",\r\n    \"displayName\": \"ps3031\",\r\n    \"state\": \"active\",\r\n    \"createdDate\": \"2020-07-21T16:41:25.6217121Z\",\r\n    \"startDate\": null,\r\n    \"expirationDate\": null,\r\n    \"endDate\": null,\r\n    \"notificationDate\": null,\r\n    \"primaryKey\": \"ps2435\",\r\n    \"secondaryKey\": \"ps2518\",\r\n    \"stateComment\": null\r\n  }\r\n}",
      "StatusCode": 201
    },
    {
      "RequestUri": "/subscriptions/a200340d-6b82-494d-9dbf-687ba6e33f9e/resourceGroups/powershelltest/providers/Microsoft.ApiManagement/service/powershellsdkservice/subscriptions/ps6898?api-version=2019-12-01",
      "EncodedRequestUri": "L3N1YnNjcmlwdGlvbnMvYTIwMDM0MGQtNmI4Mi00OTRkLTlkYmYtNjg3YmE2ZTMzZjllL3Jlc291cmNlR3JvdXBzL3Bvd2Vyc2hlbGx0ZXN0L3Byb3ZpZGVycy9NaWNyb3NvZnQuQXBpTWFuYWdlbWVudC9zZXJ2aWNlL3Bvd2Vyc2hlbGxzZGtzZXJ2aWNlL3N1YnNjcmlwdGlvbnMvcHM2ODk4P2FwaS12ZXJzaW9uPTIwMTktMTItMDE=",
      "RequestMethod": "PATCH",
      "RequestBody": "{\r\n  \"properties\": {\r\n    \"expirationDate\": \"2025-07-20T00:00:00Z\",\r\n    \"displayName\": \"ps2323\",\r\n    \"primaryKey\": \"ps1758\",\r\n    \"secondaryKey\": \"ps8539\"\r\n  }\r\n}",
      "RequestHeaders": {
        "x-ms-client-request-id": [
          "ec37ba1b-bae1-45d7-983a-67183d966889"
>>>>>>> d78b04a5306127f583235b13752c48d4f7d1289a
        ],
        "If-Match": [
          "*"
        ],
        "Accept-Language": [
          "en-US"
        ],
        "User-Agent": [
<<<<<<< HEAD
          "FxVersion/4.6.27617.04",
          "OSName/Windows",
          "OSVersion/Microsoft.Windows.10.0.18362.",
          "Microsoft.Azure.Management.ApiManagement.ApiManagementClient/4.10.0.0"
=======
          "FxVersion/4.6.27817.03",
          "OSName/Windows",
          "OSVersion/Microsoft.Windows.10.0.18363.",
          "Microsoft.Azure.Management.ApiManagement.ApiManagementClient/6.0.0.0"
>>>>>>> d78b04a5306127f583235b13752c48d4f7d1289a
        ],
        "Content-Type": [
          "application/json; charset=utf-8"
        ],
        "Content-Length": [
<<<<<<< HEAD
          "163"
=======
          "164"
>>>>>>> d78b04a5306127f583235b13752c48d4f7d1289a
        ]
      },
      "ResponseHeaders": {
        "Cache-Control": [
          "no-cache"
        ],
        "Pragma": [
          "no-cache"
        ],
        "Strict-Transport-Security": [
          "max-age=31536000; includeSubDomains"
        ],
        "x-ms-request-id": [
<<<<<<< HEAD
          "4f82a4b5-7cf9-430d-8968-7b569eb68914"
=======
          "b0495875-6602-4d4d-a6e4-312157d97e35"
>>>>>>> d78b04a5306127f583235b13752c48d4f7d1289a
        ],
        "Server": [
          "Microsoft-HTTPAPI/2.0"
        ],
        "x-ms-ratelimit-remaining-subscription-writes": [
          "1197"
        ],
        "x-ms-correlation-request-id": [
<<<<<<< HEAD
          "79ee84cf-28df-4406-b69e-d2907e68dad6"
        ],
        "x-ms-routing-request-id": [
          "WESTUS:20190618T174004Z:79ee84cf-28df-4406-b69e-d2907e68dad6"
=======
          "d3f25a6c-609e-49ad-95e7-80ec8116ebe3"
        ],
        "x-ms-routing-request-id": [
          "WESTUS:20200721T164127Z:d3f25a6c-609e-49ad-95e7-80ec8116ebe3"
>>>>>>> d78b04a5306127f583235b13752c48d4f7d1289a
        ],
        "X-Content-Type-Options": [
          "nosniff"
        ],
        "Date": [
<<<<<<< HEAD
          "Tue, 18 Jun 2019 17:40:04 GMT"
=======
          "Tue, 21 Jul 2020 16:41:27 GMT"
>>>>>>> d78b04a5306127f583235b13752c48d4f7d1289a
        ],
        "Expires": [
          "-1"
        ]
      },
      "ResponseBody": "",
      "StatusCode": 204
    },
    {
<<<<<<< HEAD
      "RequestUri": "/subscriptions/a200340d-6b82-494d-9dbf-687ba6e33f9e/resourceGroups/powershelltest/providers/Microsoft.ApiManagement/service/powershellsdkservice/subscriptions/ps9730?api-version=2019-01-01",
      "EncodedRequestUri": "L3N1YnNjcmlwdGlvbnMvYTIwMDM0MGQtNmI4Mi00OTRkLTlkYmYtNjg3YmE2ZTMzZjllL3Jlc291cmNlR3JvdXBzL3Bvd2Vyc2hlbGx0ZXN0L3Byb3ZpZGVycy9NaWNyb3NvZnQuQXBpTWFuYWdlbWVudC9zZXJ2aWNlL3Bvd2Vyc2hlbGxzZGtzZXJ2aWNlL3N1YnNjcmlwdGlvbnMvcHM5NzMwP2FwaS12ZXJzaW9uPTIwMTktMDEtMDE=",
=======
      "RequestUri": "/subscriptions/a200340d-6b82-494d-9dbf-687ba6e33f9e/resourceGroups/powershelltest/providers/Microsoft.ApiManagement/service/powershellsdkservice/subscriptions/ps6898?api-version=2019-12-01",
      "EncodedRequestUri": "L3N1YnNjcmlwdGlvbnMvYTIwMDM0MGQtNmI4Mi00OTRkLTlkYmYtNjg3YmE2ZTMzZjllL3Jlc291cmNlR3JvdXBzL3Bvd2Vyc2hlbGx0ZXN0L3Byb3ZpZGVycy9NaWNyb3NvZnQuQXBpTWFuYWdlbWVudC9zZXJ2aWNlL3Bvd2Vyc2hlbGxzZGtzZXJ2aWNlL3N1YnNjcmlwdGlvbnMvcHM2ODk4P2FwaS12ZXJzaW9uPTIwMTktMTItMDE=",
>>>>>>> d78b04a5306127f583235b13752c48d4f7d1289a
      "RequestMethod": "GET",
      "RequestBody": "",
      "RequestHeaders": {
        "x-ms-client-request-id": [
<<<<<<< HEAD
          "ecdd1ac3-3f99-4f49-9950-ac3b59f4886c"
=======
          "ed58289a-a1e0-4acb-ac73-9204c0373684"
>>>>>>> d78b04a5306127f583235b13752c48d4f7d1289a
        ],
        "Accept-Language": [
          "en-US"
        ],
        "User-Agent": [
<<<<<<< HEAD
          "FxVersion/4.6.27617.04",
          "OSName/Windows",
          "OSVersion/Microsoft.Windows.10.0.18362.",
          "Microsoft.Azure.Management.ApiManagement.ApiManagementClient/4.10.0.0"
=======
          "FxVersion/4.6.27817.03",
          "OSName/Windows",
          "OSVersion/Microsoft.Windows.10.0.18363.",
          "Microsoft.Azure.Management.ApiManagement.ApiManagementClient/6.0.0.0"
>>>>>>> d78b04a5306127f583235b13752c48d4f7d1289a
        ]
      },
      "ResponseHeaders": {
        "Cache-Control": [
          "no-cache"
        ],
        "Pragma": [
          "no-cache"
        ],
        "ETag": [
<<<<<<< HEAD
          "\"AAAAAAAACnI=\""
=======
          "\"AAAAAAAAPRw=\""
>>>>>>> d78b04a5306127f583235b13752c48d4f7d1289a
        ],
        "Strict-Transport-Security": [
          "max-age=31536000; includeSubDomains"
        ],
        "x-ms-request-id": [
<<<<<<< HEAD
          "ad8133b1-e24b-45e8-9c2c-cdd04daa51e5"
=======
          "58c9b2f1-6d7a-4485-bf07-85284fa99f92"
>>>>>>> d78b04a5306127f583235b13752c48d4f7d1289a
        ],
        "Server": [
          "Microsoft-HTTPAPI/2.0"
        ],
        "x-ms-ratelimit-remaining-subscription-reads": [
          "11995"
        ],
        "x-ms-correlation-request-id": [
<<<<<<< HEAD
          "2f813229-3077-44fa-831d-ca7d38e8e8d2"
        ],
        "x-ms-routing-request-id": [
          "WESTUS:20190618T174004Z:2f813229-3077-44fa-831d-ca7d38e8e8d2"
=======
          "762315cd-5b25-4125-8dbf-1f9e267f066f"
        ],
        "x-ms-routing-request-id": [
          "WESTUS:20200721T164127Z:762315cd-5b25-4125-8dbf-1f9e267f066f"
        ],
        "X-Content-Type-Options": [
          "nosniff"
        ],
        "Date": [
          "Tue, 21 Jul 2020 16:41:27 GMT"
        ],
        "Content-Length": [
          "935"
        ],
        "Content-Type": [
          "application/json; charset=utf-8"
        ],
        "Expires": [
          "-1"
        ]
      },
      "ResponseBody": "{\r\n  \"id\": \"/subscriptions/a200340d-6b82-494d-9dbf-687ba6e33f9e/resourceGroups/powershelltest/providers/Microsoft.ApiManagement/service/powershellsdkservice/subscriptions/ps6898\",\r\n  \"type\": \"Microsoft.ApiManagement/service/subscriptions\",\r\n  \"name\": \"ps6898\",\r\n  \"properties\": {\r\n    \"ownerId\": \"/subscriptions/a200340d-6b82-494d-9dbf-687ba6e33f9e/resourceGroups/powershelltest/providers/Microsoft.ApiManagement/service/powershellsdkservice/users/1\",\r\n    \"scope\": \"/subscriptions/a200340d-6b82-494d-9dbf-687ba6e33f9e/resourceGroups/powershelltest/providers/Microsoft.ApiManagement/service/powershellsdkservice/products/starter\",\r\n    \"displayName\": \"ps2323\",\r\n    \"state\": \"active\",\r\n    \"createdDate\": \"2020-07-21T16:41:25.623Z\",\r\n    \"startDate\": null,\r\n    \"expirationDate\": \"2025-07-20T00:00:00Z\",\r\n    \"endDate\": null,\r\n    \"notificationDate\": \"2025-07-08T00:00:00Z\",\r\n    \"stateComment\": null,\r\n    \"allowTracing\": true\r\n  }\r\n}",
      "StatusCode": 200
    },
    {
      "RequestUri": "/subscriptions/a200340d-6b82-494d-9dbf-687ba6e33f9e/resourceGroups/powershelltest/providers/Microsoft.ApiManagement/service/powershellsdkservice/subscriptions/ps6898/listSecrets?api-version=2019-12-01",
      "EncodedRequestUri": "L3N1YnNjcmlwdGlvbnMvYTIwMDM0MGQtNmI4Mi00OTRkLTlkYmYtNjg3YmE2ZTMzZjllL3Jlc291cmNlR3JvdXBzL3Bvd2Vyc2hlbGx0ZXN0L3Byb3ZpZGVycy9NaWNyb3NvZnQuQXBpTWFuYWdlbWVudC9zZXJ2aWNlL3Bvd2Vyc2hlbGxzZGtzZXJ2aWNlL3N1YnNjcmlwdGlvbnMvcHM2ODk4L2xpc3RTZWNyZXRzP2FwaS12ZXJzaW9uPTIwMTktMTItMDE=",
      "RequestMethod": "POST",
      "RequestBody": "",
      "RequestHeaders": {
        "x-ms-client-request-id": [
          "c230a965-2e94-49dd-ae0a-fca46238dc00"
        ],
        "Accept-Language": [
          "en-US"
        ],
        "User-Agent": [
          "FxVersion/4.6.27817.03",
          "OSName/Windows",
          "OSVersion/Microsoft.Windows.10.0.18363.",
          "Microsoft.Azure.Management.ApiManagement.ApiManagementClient/6.0.0.0"
        ]
      },
      "ResponseHeaders": {
        "Cache-Control": [
          "no-cache"
        ],
        "Pragma": [
          "no-cache"
        ],
        "ETag": [
          "\"AAAAAAAAPRw=\""
        ],
        "Strict-Transport-Security": [
          "max-age=31536000; includeSubDomains"
        ],
        "x-ms-request-id": [
          "75beea5a-0aa7-423d-bb2d-4e3421cfb4ce"
        ],
        "Server": [
          "Microsoft-HTTPAPI/2.0"
        ],
        "x-ms-ratelimit-remaining-subscription-writes": [
          "1196"
        ],
        "x-ms-correlation-request-id": [
          "4a49bdbf-8152-45f3-9451-c27ccd98a745"
        ],
        "x-ms-routing-request-id": [
          "WESTUS:20200721T164127Z:4a49bdbf-8152-45f3-9451-c27ccd98a745"
>>>>>>> d78b04a5306127f583235b13752c48d4f7d1289a
        ],
        "X-Content-Type-Options": [
          "nosniff"
        ],
        "Date": [
<<<<<<< HEAD
          "Tue, 18 Jun 2019 17:40:04 GMT"
        ],
        "Content-Length": [
          "994"
=======
          "Tue, 21 Jul 2020 16:41:27 GMT"
        ],
        "Content-Length": [
          "47"
>>>>>>> d78b04a5306127f583235b13752c48d4f7d1289a
        ],
        "Content-Type": [
          "application/json; charset=utf-8"
        ],
        "Expires": [
          "-1"
        ]
      },
<<<<<<< HEAD
      "ResponseBody": "{\r\n  \"id\": \"/subscriptions/a200340d-6b82-494d-9dbf-687ba6e33f9e/resourceGroups/powershelltest/providers/Microsoft.ApiManagement/service/powershellsdkservice/subscriptions/ps9730\",\r\n  \"type\": \"Microsoft.ApiManagement/service/subscriptions\",\r\n  \"name\": \"ps9730\",\r\n  \"properties\": {\r\n    \"ownerId\": \"/subscriptions/a200340d-6b82-494d-9dbf-687ba6e33f9e/resourceGroups/powershelltest/providers/Microsoft.ApiManagement/service/powershellsdkservice/users/1\",\r\n    \"scope\": \"/subscriptions/a200340d-6b82-494d-9dbf-687ba6e33f9e/resourceGroups/powershelltest/providers/Microsoft.ApiManagement/service/powershellsdkservice/products/starter\",\r\n    \"displayName\": \"ps883\",\r\n    \"state\": \"active\",\r\n    \"createdDate\": \"2019-06-18T17:40:03.187Z\",\r\n    \"startDate\": null,\r\n    \"expirationDate\": \"2025-07-20T00:00:00Z\",\r\n    \"endDate\": null,\r\n    \"notificationDate\": \"2025-07-08T00:00:00Z\",\r\n    \"primaryKey\": \"ps3890\",\r\n    \"secondaryKey\": \"ps7484\",\r\n    \"stateComment\": null,\r\n    \"allowTracing\": true\r\n  }\r\n}",
      "StatusCode": 200
    },
    {
      "RequestUri": "/subscriptions/a200340d-6b82-494d-9dbf-687ba6e33f9e/resourceGroups/powershelltest/providers/Microsoft.ApiManagement/service/powershellsdkservice/products/starter/subscriptions?api-version=2019-01-01",
      "EncodedRequestUri": "L3N1YnNjcmlwdGlvbnMvYTIwMDM0MGQtNmI4Mi00OTRkLTlkYmYtNjg3YmE2ZTMzZjllL3Jlc291cmNlR3JvdXBzL3Bvd2Vyc2hlbGx0ZXN0L3Byb3ZpZGVycy9NaWNyb3NvZnQuQXBpTWFuYWdlbWVudC9zZXJ2aWNlL3Bvd2Vyc2hlbGxzZGtzZXJ2aWNlL3Byb2R1Y3RzL3N0YXJ0ZXIvc3Vic2NyaXB0aW9ucz9hcGktdmVyc2lvbj0yMDE5LTAxLTAx",
=======
      "ResponseBody": "{\r\n  \"primaryKey\": \"ps1758\",\r\n  \"secondaryKey\": \"ps8539\"\r\n}",
      "StatusCode": 200
    },
    {
      "RequestUri": "/subscriptions/a200340d-6b82-494d-9dbf-687ba6e33f9e/resourceGroups/powershelltest/providers/Microsoft.ApiManagement/service/powershellsdkservice/products/starter/subscriptions?api-version=2019-12-01",
      "EncodedRequestUri": "L3N1YnNjcmlwdGlvbnMvYTIwMDM0MGQtNmI4Mi00OTRkLTlkYmYtNjg3YmE2ZTMzZjllL3Jlc291cmNlR3JvdXBzL3Bvd2Vyc2hlbGx0ZXN0L3Byb3ZpZGVycy9NaWNyb3NvZnQuQXBpTWFuYWdlbWVudC9zZXJ2aWNlL3Bvd2Vyc2hlbGxzZGtzZXJ2aWNlL3Byb2R1Y3RzL3N0YXJ0ZXIvc3Vic2NyaXB0aW9ucz9hcGktdmVyc2lvbj0yMDE5LTEyLTAx",
>>>>>>> d78b04a5306127f583235b13752c48d4f7d1289a
      "RequestMethod": "GET",
      "RequestBody": "",
      "RequestHeaders": {
        "x-ms-client-request-id": [
<<<<<<< HEAD
          "786dde42-e542-4511-9dcb-c67286439822"
=======
          "3ae7bdce-9099-4d0a-83b4-9ff799c76da9"
>>>>>>> d78b04a5306127f583235b13752c48d4f7d1289a
        ],
        "Accept-Language": [
          "en-US"
        ],
        "User-Agent": [
<<<<<<< HEAD
          "FxVersion/4.6.27617.04",
          "OSName/Windows",
          "OSVersion/Microsoft.Windows.10.0.18362.",
          "Microsoft.Azure.Management.ApiManagement.ApiManagementClient/4.10.0.0"
=======
          "FxVersion/4.6.27817.03",
          "OSName/Windows",
          "OSVersion/Microsoft.Windows.10.0.18363.",
          "Microsoft.Azure.Management.ApiManagement.ApiManagementClient/6.0.0.0"
>>>>>>> d78b04a5306127f583235b13752c48d4f7d1289a
        ]
      },
      "ResponseHeaders": {
        "Cache-Control": [
          "no-cache"
        ],
        "Pragma": [
          "no-cache"
        ],
        "Strict-Transport-Security": [
          "max-age=31536000; includeSubDomains"
        ],
        "x-ms-request-id": [
<<<<<<< HEAD
          "4efa362c-877d-49e1-ba65-df72ee718ef7"
=======
          "0d4cf35c-9bf6-4c05-b902-39c0ed6eb5f4"
>>>>>>> d78b04a5306127f583235b13752c48d4f7d1289a
        ],
        "Server": [
          "Microsoft-HTTPAPI/2.0"
        ],
        "x-ms-ratelimit-remaining-subscription-reads": [
          "11994"
        ],
        "x-ms-correlation-request-id": [
<<<<<<< HEAD
          "f8f4ed27-8164-401d-ac39-93e0f47e9e8a"
        ],
        "x-ms-routing-request-id": [
          "WESTUS:20190618T174004Z:f8f4ed27-8164-401d-ac39-93e0f47e9e8a"
=======
          "d6a898d3-2341-4812-8222-b4de7a5565e2"
        ],
        "x-ms-routing-request-id": [
          "WESTUS:20200721T164128Z:d6a898d3-2341-4812-8222-b4de7a5565e2"
>>>>>>> d78b04a5306127f583235b13752c48d4f7d1289a
        ],
        "X-Content-Type-Options": [
          "nosniff"
        ],
        "Date": [
<<<<<<< HEAD
          "Tue, 18 Jun 2019 17:40:04 GMT"
        ],
        "Content-Length": [
          "2277"
=======
          "Tue, 21 Jul 2020 16:41:28 GMT"
        ],
        "Content-Length": [
          "2105"
>>>>>>> d78b04a5306127f583235b13752c48d4f7d1289a
        ],
        "Content-Type": [
          "application/json; charset=utf-8"
        ],
        "Expires": [
          "-1"
        ]
      },
<<<<<<< HEAD
      "ResponseBody": "{\r\n  \"value\": [\r\n    {\r\n      \"id\": \"/subscriptions/a200340d-6b82-494d-9dbf-687ba6e33f9e/resourceGroups/powershelltest/providers/Microsoft.ApiManagement/service/powershellsdkservice/products/starter/subscriptions/5d06c0eab37f30008f070001\",\r\n      \"type\": \"Microsoft.ApiManagement/service/products/subscriptions\",\r\n      \"name\": \"5d06c0eab37f30008f070001\",\r\n      \"properties\": {\r\n        \"ownerId\": \"/subscriptions/a200340d-6b82-494d-9dbf-687ba6e33f9e/resourceGroups/powershelltest/providers/Microsoft.ApiManagement/service/powershellsdkservice/users/1\",\r\n        \"scope\": \"/subscriptions/a200340d-6b82-494d-9dbf-687ba6e33f9e/resourceGroups/powershelltest/providers/Microsoft.ApiManagement/service/powershellsdkservice/products/starter\",\r\n        \"displayName\": null,\r\n        \"state\": \"active\",\r\n        \"createdDate\": \"2019-06-16T22:21:30.777Z\",\r\n        \"startDate\": null,\r\n        \"expirationDate\": null,\r\n        \"endDate\": null,\r\n        \"notificationDate\": null,\r\n        \"primaryKey\": \"b4353a8c937c41c4a2aeeda8e75ebe13\",\r\n        \"secondaryKey\": \"9f0430fafe3d4ed4a1e00c143b6f3927\",\r\n        \"stateComment\": null,\r\n        \"allowTracing\": true\r\n      }\r\n    },\r\n    {\r\n      \"id\": \"/subscriptions/a200340d-6b82-494d-9dbf-687ba6e33f9e/resourceGroups/powershelltest/providers/Microsoft.ApiManagement/service/powershellsdkservice/products/starter/subscriptions/ps9730\",\r\n      \"type\": \"Microsoft.ApiManagement/service/products/subscriptions\",\r\n      \"name\": \"ps9730\",\r\n      \"properties\": {\r\n        \"ownerId\": \"/subscriptions/a200340d-6b82-494d-9dbf-687ba6e33f9e/resourceGroups/powershelltest/providers/Microsoft.ApiManagement/service/powershellsdkservice/users/1\",\r\n        \"scope\": \"/subscriptions/a200340d-6b82-494d-9dbf-687ba6e33f9e/resourceGroups/powershelltest/providers/Microsoft.ApiManagement/service/powershellsdkservice/products/starter\",\r\n        \"displayName\": \"ps883\",\r\n        \"state\": \"active\",\r\n        \"createdDate\": \"2019-06-18T17:40:03.187Z\",\r\n        \"startDate\": null,\r\n        \"expirationDate\": \"2025-07-20T00:00:00Z\",\r\n        \"endDate\": null,\r\n        \"notificationDate\": \"2025-07-08T00:00:00Z\",\r\n        \"primaryKey\": \"ps3890\",\r\n        \"secondaryKey\": \"ps7484\",\r\n        \"stateComment\": null,\r\n        \"allowTracing\": true\r\n      }\r\n    }\r\n  ]\r\n}",
      "StatusCode": 200
    },
    {
      "RequestUri": "/subscriptions/a200340d-6b82-494d-9dbf-687ba6e33f9e/resourceGroups/powershelltest/providers/Microsoft.ApiManagement/service/powershellsdkservice/users/1/subscriptions?api-version=2019-01-01",
      "EncodedRequestUri": "L3N1YnNjcmlwdGlvbnMvYTIwMDM0MGQtNmI4Mi00OTRkLTlkYmYtNjg3YmE2ZTMzZjllL3Jlc291cmNlR3JvdXBzL3Bvd2Vyc2hlbGx0ZXN0L3Byb3ZpZGVycy9NaWNyb3NvZnQuQXBpTWFuYWdlbWVudC9zZXJ2aWNlL3Bvd2Vyc2hlbGxzZGtzZXJ2aWNlL3VzZXJzLzEvc3Vic2NyaXB0aW9ucz9hcGktdmVyc2lvbj0yMDE5LTAxLTAx",
=======
      "ResponseBody": "{\r\n  \"value\": [\r\n    {\r\n      \"id\": \"/subscriptions/a200340d-6b82-494d-9dbf-687ba6e33f9e/resourceGroups/powershelltest/providers/Microsoft.ApiManagement/service/powershellsdkservice/products/starter/subscriptions/5eab1e5f9d398d0050070001\",\r\n      \"type\": \"Microsoft.ApiManagement/service/products/subscriptions\",\r\n      \"name\": \"5eab1e5f9d398d0050070001\",\r\n      \"properties\": {\r\n        \"ownerId\": \"/subscriptions/a200340d-6b82-494d-9dbf-687ba6e33f9e/resourceGroups/powershelltest/providers/Microsoft.ApiManagement/service/powershellsdkservice/users/1\",\r\n        \"scope\": \"/subscriptions/a200340d-6b82-494d-9dbf-687ba6e33f9e/resourceGroups/powershelltest/providers/Microsoft.ApiManagement/service/powershellsdkservice/products/starter\",\r\n        \"displayName\": null,\r\n        \"state\": \"active\",\r\n        \"createdDate\": \"2020-04-30T18:52:15.807Z\",\r\n        \"startDate\": null,\r\n        \"expirationDate\": null,\r\n        \"endDate\": null,\r\n        \"notificationDate\": null,\r\n        \"stateComment\": null,\r\n        \"allowTracing\": true\r\n      }\r\n    },\r\n    {\r\n      \"id\": \"/subscriptions/a200340d-6b82-494d-9dbf-687ba6e33f9e/resourceGroups/powershelltest/providers/Microsoft.ApiManagement/service/powershellsdkservice/products/starter/subscriptions/ps6898\",\r\n      \"type\": \"Microsoft.ApiManagement/service/products/subscriptions\",\r\n      \"name\": \"ps6898\",\r\n      \"properties\": {\r\n        \"ownerId\": \"/subscriptions/a200340d-6b82-494d-9dbf-687ba6e33f9e/resourceGroups/powershelltest/providers/Microsoft.ApiManagement/service/powershellsdkservice/users/1\",\r\n        \"scope\": \"/subscriptions/a200340d-6b82-494d-9dbf-687ba6e33f9e/resourceGroups/powershelltest/providers/Microsoft.ApiManagement/service/powershellsdkservice/products/starter\",\r\n        \"displayName\": \"ps2323\",\r\n        \"state\": \"active\",\r\n        \"createdDate\": \"2020-07-21T16:41:25.623Z\",\r\n        \"startDate\": null,\r\n        \"expirationDate\": \"2025-07-20T00:00:00Z\",\r\n        \"endDate\": null,\r\n        \"notificationDate\": \"2025-07-08T00:00:00Z\",\r\n        \"stateComment\": null,\r\n        \"allowTracing\": true\r\n      }\r\n    }\r\n  ],\r\n  \"count\": 2\r\n}",
      "StatusCode": 200
    },
    {
      "RequestUri": "/subscriptions/a200340d-6b82-494d-9dbf-687ba6e33f9e/resourceGroups/powershelltest/providers/Microsoft.ApiManagement/service/powershellsdkservice/users/1/subscriptions?api-version=2019-12-01",
      "EncodedRequestUri": "L3N1YnNjcmlwdGlvbnMvYTIwMDM0MGQtNmI4Mi00OTRkLTlkYmYtNjg3YmE2ZTMzZjllL3Jlc291cmNlR3JvdXBzL3Bvd2Vyc2hlbGx0ZXN0L3Byb3ZpZGVycy9NaWNyb3NvZnQuQXBpTWFuYWdlbWVudC9zZXJ2aWNlL3Bvd2Vyc2hlbGxzZGtzZXJ2aWNlL3VzZXJzLzEvc3Vic2NyaXB0aW9ucz9hcGktdmVyc2lvbj0yMDE5LTEyLTAx",
>>>>>>> d78b04a5306127f583235b13752c48d4f7d1289a
      "RequestMethod": "GET",
      "RequestBody": "",
      "RequestHeaders": {
        "x-ms-client-request-id": [
<<<<<<< HEAD
          "9123cdd1-54bf-407d-b630-b5aebff3d268"
=======
          "bb0ad458-9aea-41b2-8de3-27b0a6c28dcc"
>>>>>>> d78b04a5306127f583235b13752c48d4f7d1289a
        ],
        "Accept-Language": [
          "en-US"
        ],
        "User-Agent": [
<<<<<<< HEAD
          "FxVersion/4.6.27617.04",
          "OSName/Windows",
          "OSVersion/Microsoft.Windows.10.0.18362.",
          "Microsoft.Azure.Management.ApiManagement.ApiManagementClient/4.10.0.0"
=======
          "FxVersion/4.6.27817.03",
          "OSName/Windows",
          "OSVersion/Microsoft.Windows.10.0.18363.",
          "Microsoft.Azure.Management.ApiManagement.ApiManagementClient/6.0.0.0"
>>>>>>> d78b04a5306127f583235b13752c48d4f7d1289a
        ]
      },
      "ResponseHeaders": {
        "Cache-Control": [
          "no-cache"
        ],
        "Pragma": [
          "no-cache"
        ],
        "Strict-Transport-Security": [
          "max-age=31536000; includeSubDomains"
        ],
        "x-ms-request-id": [
<<<<<<< HEAD
          "e2201d53-bbda-4ab5-b547-e2d876345597"
=======
          "ff9114a2-af66-403f-9bca-8ce1ec782b18"
>>>>>>> d78b04a5306127f583235b13752c48d4f7d1289a
        ],
        "Server": [
          "Microsoft-HTTPAPI/2.0"
        ],
        "x-ms-ratelimit-remaining-subscription-reads": [
          "11993"
        ],
        "x-ms-correlation-request-id": [
<<<<<<< HEAD
          "826fc05a-3fd6-465e-8289-86b8fae43187"
        ],
        "x-ms-routing-request-id": [
          "WESTUS:20190618T174005Z:826fc05a-3fd6-465e-8289-86b8fae43187"
=======
          "b00e8aac-74e8-4703-ae1b-c2e5098d6454"
        ],
        "x-ms-routing-request-id": [
          "WESTUS:20200721T164129Z:b00e8aac-74e8-4703-ae1b-c2e5098d6454"
>>>>>>> d78b04a5306127f583235b13752c48d4f7d1289a
        ],
        "X-Content-Type-Options": [
          "nosniff"
        ],
        "Date": [
<<<<<<< HEAD
          "Tue, 18 Jun 2019 17:40:04 GMT"
        ],
        "Content-Length": [
          "3394"
=======
          "Tue, 21 Jul 2020 16:41:29 GMT"
        ],
        "Content-Length": [
          "3103"
>>>>>>> d78b04a5306127f583235b13752c48d4f7d1289a
        ],
        "Content-Type": [
          "application/json; charset=utf-8"
        ],
        "Expires": [
          "-1"
        ]
      },
<<<<<<< HEAD
      "ResponseBody": "{\r\n  \"value\": [\r\n    {\r\n      \"id\": \"/subscriptions/a200340d-6b82-494d-9dbf-687ba6e33f9e/resourceGroups/powershelltest/providers/Microsoft.ApiManagement/service/powershellsdkservice/users/1/subscriptions/5d06c0eab37f30008f070001\",\r\n      \"type\": \"Microsoft.ApiManagement/service/users/subscriptions\",\r\n      \"name\": \"5d06c0eab37f30008f070001\",\r\n      \"properties\": {\r\n        \"ownerId\": \"/subscriptions/a200340d-6b82-494d-9dbf-687ba6e33f9e/resourceGroups/powershelltest/providers/Microsoft.ApiManagement/service/powershellsdkservice/users/1\",\r\n        \"scope\": \"/subscriptions/a200340d-6b82-494d-9dbf-687ba6e33f9e/resourceGroups/powershelltest/providers/Microsoft.ApiManagement/service/powershellsdkservice/products/starter\",\r\n        \"displayName\": null,\r\n        \"state\": \"active\",\r\n        \"createdDate\": \"2019-06-16T22:21:30.777Z\",\r\n        \"startDate\": null,\r\n        \"expirationDate\": null,\r\n        \"endDate\": null,\r\n        \"notificationDate\": null,\r\n        \"primaryKey\": \"b4353a8c937c41c4a2aeeda8e75ebe13\",\r\n        \"secondaryKey\": \"9f0430fafe3d4ed4a1e00c143b6f3927\",\r\n        \"stateComment\": null,\r\n        \"allowTracing\": true\r\n      }\r\n    },\r\n    {\r\n      \"id\": \"/subscriptions/a200340d-6b82-494d-9dbf-687ba6e33f9e/resourceGroups/powershelltest/providers/Microsoft.ApiManagement/service/powershellsdkservice/users/1/subscriptions/5d06c0ebb37f30008f070002\",\r\n      \"type\": \"Microsoft.ApiManagement/service/users/subscriptions\",\r\n      \"name\": \"5d06c0ebb37f30008f070002\",\r\n      \"properties\": {\r\n        \"ownerId\": \"/subscriptions/a200340d-6b82-494d-9dbf-687ba6e33f9e/resourceGroups/powershelltest/providers/Microsoft.ApiManagement/service/powershellsdkservice/users/1\",\r\n        \"scope\": \"/subscriptions/a200340d-6b82-494d-9dbf-687ba6e33f9e/resourceGroups/powershelltest/providers/Microsoft.ApiManagement/service/powershellsdkservice/products/unlimited\",\r\n        \"displayName\": null,\r\n        \"state\": \"active\",\r\n        \"createdDate\": \"2019-06-16T22:21:31.45Z\",\r\n        \"startDate\": null,\r\n        \"expirationDate\": null,\r\n        \"endDate\": null,\r\n        \"notificationDate\": null,\r\n        \"primaryKey\": \"faa9f85a31da4722b60df81868cbf813\",\r\n        \"secondaryKey\": \"c1e5f2f4cfe1490991ad385f3f04b333\",\r\n        \"stateComment\": null,\r\n        \"allowTracing\": true\r\n      }\r\n    },\r\n    {\r\n      \"id\": \"/subscriptions/a200340d-6b82-494d-9dbf-687ba6e33f9e/resourceGroups/powershelltest/providers/Microsoft.ApiManagement/service/powershellsdkservice/users/1/subscriptions/ps9730\",\r\n      \"type\": \"Microsoft.ApiManagement/service/users/subscriptions\",\r\n      \"name\": \"ps9730\",\r\n      \"properties\": {\r\n        \"ownerId\": \"/subscriptions/a200340d-6b82-494d-9dbf-687ba6e33f9e/resourceGroups/powershelltest/providers/Microsoft.ApiManagement/service/powershellsdkservice/users/1\",\r\n        \"scope\": \"/subscriptions/a200340d-6b82-494d-9dbf-687ba6e33f9e/resourceGroups/powershelltest/providers/Microsoft.ApiManagement/service/powershellsdkservice/products/starter\",\r\n        \"displayName\": \"ps883\",\r\n        \"state\": \"active\",\r\n        \"createdDate\": \"2019-06-18T17:40:03.187Z\",\r\n        \"startDate\": null,\r\n        \"expirationDate\": \"2025-07-20T00:00:00Z\",\r\n        \"endDate\": null,\r\n        \"notificationDate\": \"2025-07-08T00:00:00Z\",\r\n        \"primaryKey\": \"ps3890\",\r\n        \"secondaryKey\": \"ps7484\",\r\n        \"stateComment\": null,\r\n        \"allowTracing\": true\r\n      }\r\n    }\r\n  ]\r\n}",
      "StatusCode": 200
    },
    {
      "RequestUri": "/subscriptions/a200340d-6b82-494d-9dbf-687ba6e33f9e/resourceGroups/powershelltest/providers/Microsoft.ApiManagement/service/powershellsdkservice/subscriptions?$filter=properties/scope%20eq%20'/products/starter'%20and%20properties/ownerId%20eq%20'1'&api-version=2019-01-01",
      "EncodedRequestUri": "L3N1YnNjcmlwdGlvbnMvYTIwMDM0MGQtNmI4Mi00OTRkLTlkYmYtNjg3YmE2ZTMzZjllL3Jlc291cmNlR3JvdXBzL3Bvd2Vyc2hlbGx0ZXN0L3Byb3ZpZGVycy9NaWNyb3NvZnQuQXBpTWFuYWdlbWVudC9zZXJ2aWNlL3Bvd2Vyc2hlbGxzZGtzZXJ2aWNlL3N1YnNjcmlwdGlvbnM/JGZpbHRlcj1wcm9wZXJ0aWVzL3Njb3BlJTIwZXElMjAnL3Byb2R1Y3RzL3N0YXJ0ZXInJTIwYW5kJTIwcHJvcGVydGllcy9vd25lcklkJTIwZXElMjAnMScmYXBpLXZlcnNpb249MjAxOS0wMS0wMQ==",
=======
      "ResponseBody": "{\r\n  \"value\": [\r\n    {\r\n      \"id\": \"/subscriptions/a200340d-6b82-494d-9dbf-687ba6e33f9e/resourceGroups/powershelltest/providers/Microsoft.ApiManagement/service/powershellsdkservice/users/1/subscriptions/5eab1e5f9d398d0050070001\",\r\n      \"type\": \"Microsoft.ApiManagement/service/users/subscriptions\",\r\n      \"name\": \"5eab1e5f9d398d0050070001\",\r\n      \"properties\": {\r\n        \"ownerId\": \"/subscriptions/a200340d-6b82-494d-9dbf-687ba6e33f9e/resourceGroups/powershelltest/providers/Microsoft.ApiManagement/service/powershellsdkservice/users/1\",\r\n        \"scope\": \"/subscriptions/a200340d-6b82-494d-9dbf-687ba6e33f9e/resourceGroups/powershelltest/providers/Microsoft.ApiManagement/service/powershellsdkservice/products/starter\",\r\n        \"displayName\": null,\r\n        \"state\": \"active\",\r\n        \"createdDate\": \"2020-04-30T18:52:15.807Z\",\r\n        \"startDate\": null,\r\n        \"expirationDate\": null,\r\n        \"endDate\": null,\r\n        \"notificationDate\": null,\r\n        \"stateComment\": null,\r\n        \"allowTracing\": true\r\n      }\r\n    },\r\n    {\r\n      \"id\": \"/subscriptions/a200340d-6b82-494d-9dbf-687ba6e33f9e/resourceGroups/powershelltest/providers/Microsoft.ApiManagement/service/powershellsdkservice/users/1/subscriptions/5eab1e609d398d0050070002\",\r\n      \"type\": \"Microsoft.ApiManagement/service/users/subscriptions\",\r\n      \"name\": \"5eab1e609d398d0050070002\",\r\n      \"properties\": {\r\n        \"ownerId\": \"/subscriptions/a200340d-6b82-494d-9dbf-687ba6e33f9e/resourceGroups/powershelltest/providers/Microsoft.ApiManagement/service/powershellsdkservice/users/1\",\r\n        \"scope\": \"/subscriptions/a200340d-6b82-494d-9dbf-687ba6e33f9e/resourceGroups/powershelltest/providers/Microsoft.ApiManagement/service/powershellsdkservice/products/unlimited\",\r\n        \"displayName\": null,\r\n        \"state\": \"active\",\r\n        \"createdDate\": \"2020-04-30T18:52:16.603Z\",\r\n        \"startDate\": null,\r\n        \"expirationDate\": null,\r\n        \"endDate\": null,\r\n        \"notificationDate\": null,\r\n        \"stateComment\": null,\r\n        \"allowTracing\": true\r\n      }\r\n    },\r\n    {\r\n      \"id\": \"/subscriptions/a200340d-6b82-494d-9dbf-687ba6e33f9e/resourceGroups/powershelltest/providers/Microsoft.ApiManagement/service/powershellsdkservice/users/1/subscriptions/ps6898\",\r\n      \"type\": \"Microsoft.ApiManagement/service/users/subscriptions\",\r\n      \"name\": \"ps6898\",\r\n      \"properties\": {\r\n        \"ownerId\": \"/subscriptions/a200340d-6b82-494d-9dbf-687ba6e33f9e/resourceGroups/powershelltest/providers/Microsoft.ApiManagement/service/powershellsdkservice/users/1\",\r\n        \"scope\": \"/subscriptions/a200340d-6b82-494d-9dbf-687ba6e33f9e/resourceGroups/powershelltest/providers/Microsoft.ApiManagement/service/powershellsdkservice/products/starter\",\r\n        \"displayName\": \"ps2323\",\r\n        \"state\": \"active\",\r\n        \"createdDate\": \"2020-07-21T16:41:25.623Z\",\r\n        \"startDate\": null,\r\n        \"expirationDate\": \"2025-07-20T00:00:00Z\",\r\n        \"endDate\": null,\r\n        \"notificationDate\": \"2025-07-08T00:00:00Z\",\r\n        \"stateComment\": null,\r\n        \"allowTracing\": true\r\n      }\r\n    }\r\n  ],\r\n  \"count\": 3\r\n}",
      "StatusCode": 200
    },
    {
      "RequestUri": "/subscriptions/a200340d-6b82-494d-9dbf-687ba6e33f9e/resourceGroups/powershelltest/providers/Microsoft.ApiManagement/service/powershellsdkservice/subscriptions?$filter=properties/scope%20eq%20'/products/starter'%20and%20properties/ownerId%20eq%20'1'&api-version=2019-12-01",
      "EncodedRequestUri": "L3N1YnNjcmlwdGlvbnMvYTIwMDM0MGQtNmI4Mi00OTRkLTlkYmYtNjg3YmE2ZTMzZjllL3Jlc291cmNlR3JvdXBzL3Bvd2Vyc2hlbGx0ZXN0L3Byb3ZpZGVycy9NaWNyb3NvZnQuQXBpTWFuYWdlbWVudC9zZXJ2aWNlL3Bvd2Vyc2hlbGxzZGtzZXJ2aWNlL3N1YnNjcmlwdGlvbnM/JGZpbHRlcj1wcm9wZXJ0aWVzL3Njb3BlJTIwZXElMjAnL3Byb2R1Y3RzL3N0YXJ0ZXInJTIwYW5kJTIwcHJvcGVydGllcy9vd25lcklkJTIwZXElMjAnMScmYXBpLXZlcnNpb249MjAxOS0xMi0wMQ==",
>>>>>>> d78b04a5306127f583235b13752c48d4f7d1289a
      "RequestMethod": "GET",
      "RequestBody": "",
      "RequestHeaders": {
        "x-ms-client-request-id": [
<<<<<<< HEAD
          "66791d48-0224-4454-bc4c-83169d415dbf"
=======
          "245cf253-d029-48fd-afce-ef7c992e4739"
>>>>>>> d78b04a5306127f583235b13752c48d4f7d1289a
        ],
        "Accept-Language": [
          "en-US"
        ],
        "User-Agent": [
<<<<<<< HEAD
          "FxVersion/4.6.27617.04",
          "OSName/Windows",
          "OSVersion/Microsoft.Windows.10.0.18362.",
          "Microsoft.Azure.Management.ApiManagement.ApiManagementClient/4.10.0.0"
=======
          "FxVersion/4.6.27817.03",
          "OSName/Windows",
          "OSVersion/Microsoft.Windows.10.0.18363.",
          "Microsoft.Azure.Management.ApiManagement.ApiManagementClient/6.0.0.0"
>>>>>>> d78b04a5306127f583235b13752c48d4f7d1289a
        ]
      },
      "ResponseHeaders": {
        "Cache-Control": [
          "no-cache"
        ],
        "Pragma": [
          "no-cache"
        ],
        "Strict-Transport-Security": [
          "max-age=31536000; includeSubDomains"
        ],
        "x-ms-request-id": [
<<<<<<< HEAD
          "908c4baa-4af9-4cac-b952-c61d6f63fd54"
=======
          "78249b46-f307-43d4-9dbb-cdd6b328b7f7"
>>>>>>> d78b04a5306127f583235b13752c48d4f7d1289a
        ],
        "Server": [
          "Microsoft-HTTPAPI/2.0"
        ],
        "x-ms-ratelimit-remaining-subscription-reads": [
          "11992"
        ],
        "x-ms-correlation-request-id": [
<<<<<<< HEAD
          "fecd5544-e24d-4203-a338-e642fbebb191"
        ],
        "x-ms-routing-request-id": [
          "WESTUS:20190618T174005Z:fecd5544-e24d-4203-a338-e642fbebb191"
=======
          "646f9aa7-4ca7-46fd-9a74-61d2aea8bded"
        ],
        "x-ms-routing-request-id": [
          "WESTUS:20200721T164129Z:646f9aa7-4ca7-46fd-9a74-61d2aea8bded"
>>>>>>> d78b04a5306127f583235b13752c48d4f7d1289a
        ],
        "X-Content-Type-Options": [
          "nosniff"
        ],
        "Date": [
<<<<<<< HEAD
          "Tue, 18 Jun 2019 17:40:04 GMT"
        ],
        "Content-Length": [
          "2225"
=======
          "Tue, 21 Jul 2020 16:41:29 GMT"
        ],
        "Content-Length": [
          "2053"
>>>>>>> d78b04a5306127f583235b13752c48d4f7d1289a
        ],
        "Content-Type": [
          "application/json; charset=utf-8"
        ],
        "Expires": [
          "-1"
        ]
      },
<<<<<<< HEAD
      "ResponseBody": "{\r\n  \"value\": [\r\n    {\r\n      \"id\": \"/subscriptions/a200340d-6b82-494d-9dbf-687ba6e33f9e/resourceGroups/powershelltest/providers/Microsoft.ApiManagement/service/powershellsdkservice/subscriptions/5d06c0eab37f30008f070001\",\r\n      \"type\": \"Microsoft.ApiManagement/service/subscriptions\",\r\n      \"name\": \"5d06c0eab37f30008f070001\",\r\n      \"properties\": {\r\n        \"ownerId\": \"/subscriptions/a200340d-6b82-494d-9dbf-687ba6e33f9e/resourceGroups/powershelltest/providers/Microsoft.ApiManagement/service/powershellsdkservice/users/1\",\r\n        \"scope\": \"/subscriptions/a200340d-6b82-494d-9dbf-687ba6e33f9e/resourceGroups/powershelltest/providers/Microsoft.ApiManagement/service/powershellsdkservice/products/starter\",\r\n        \"displayName\": null,\r\n        \"state\": \"active\",\r\n        \"createdDate\": \"2019-06-16T22:21:30.777Z\",\r\n        \"startDate\": null,\r\n        \"expirationDate\": null,\r\n        \"endDate\": null,\r\n        \"notificationDate\": null,\r\n        \"primaryKey\": \"b4353a8c937c41c4a2aeeda8e75ebe13\",\r\n        \"secondaryKey\": \"9f0430fafe3d4ed4a1e00c143b6f3927\",\r\n        \"stateComment\": null,\r\n        \"allowTracing\": true\r\n      }\r\n    },\r\n    {\r\n      \"id\": \"/subscriptions/a200340d-6b82-494d-9dbf-687ba6e33f9e/resourceGroups/powershelltest/providers/Microsoft.ApiManagement/service/powershellsdkservice/subscriptions/ps9730\",\r\n      \"type\": \"Microsoft.ApiManagement/service/subscriptions\",\r\n      \"name\": \"ps9730\",\r\n      \"properties\": {\r\n        \"ownerId\": \"/subscriptions/a200340d-6b82-494d-9dbf-687ba6e33f9e/resourceGroups/powershelltest/providers/Microsoft.ApiManagement/service/powershellsdkservice/users/1\",\r\n        \"scope\": \"/subscriptions/a200340d-6b82-494d-9dbf-687ba6e33f9e/resourceGroups/powershelltest/providers/Microsoft.ApiManagement/service/powershellsdkservice/products/starter\",\r\n        \"displayName\": \"ps883\",\r\n        \"state\": \"active\",\r\n        \"createdDate\": \"2019-06-18T17:40:03.187Z\",\r\n        \"startDate\": null,\r\n        \"expirationDate\": \"2025-07-20T00:00:00Z\",\r\n        \"endDate\": null,\r\n        \"notificationDate\": \"2025-07-08T00:00:00Z\",\r\n        \"primaryKey\": \"ps3890\",\r\n        \"secondaryKey\": \"ps7484\",\r\n        \"stateComment\": null,\r\n        \"allowTracing\": true\r\n      }\r\n    }\r\n  ]\r\n}",
      "StatusCode": 200
    },
    {
      "RequestUri": "/subscriptions/a200340d-6b82-494d-9dbf-687ba6e33f9e/resourceGroups/powershelltest/providers/Microsoft.ApiManagement/service/powershellsdkservice/subscriptions/ps9730?api-version=2019-01-01",
      "EncodedRequestUri": "L3N1YnNjcmlwdGlvbnMvYTIwMDM0MGQtNmI4Mi00OTRkLTlkYmYtNjg3YmE2ZTMzZjllL3Jlc291cmNlR3JvdXBzL3Bvd2Vyc2hlbGx0ZXN0L3Byb3ZpZGVycy9NaWNyb3NvZnQuQXBpTWFuYWdlbWVudC9zZXJ2aWNlL3Bvd2Vyc2hlbGxzZGtzZXJ2aWNlL3N1YnNjcmlwdGlvbnMvcHM5NzMwP2FwaS12ZXJzaW9uPTIwMTktMDEtMDE=",
=======
      "ResponseBody": "{\r\n  \"value\": [\r\n    {\r\n      \"id\": \"/subscriptions/a200340d-6b82-494d-9dbf-687ba6e33f9e/resourceGroups/powershelltest/providers/Microsoft.ApiManagement/service/powershellsdkservice/subscriptions/5eab1e5f9d398d0050070001\",\r\n      \"type\": \"Microsoft.ApiManagement/service/subscriptions\",\r\n      \"name\": \"5eab1e5f9d398d0050070001\",\r\n      \"properties\": {\r\n        \"ownerId\": \"/subscriptions/a200340d-6b82-494d-9dbf-687ba6e33f9e/resourceGroups/powershelltest/providers/Microsoft.ApiManagement/service/powershellsdkservice/users/1\",\r\n        \"scope\": \"/subscriptions/a200340d-6b82-494d-9dbf-687ba6e33f9e/resourceGroups/powershelltest/providers/Microsoft.ApiManagement/service/powershellsdkservice/products/starter\",\r\n        \"displayName\": null,\r\n        \"state\": \"active\",\r\n        \"createdDate\": \"2020-04-30T18:52:15.807Z\",\r\n        \"startDate\": null,\r\n        \"expirationDate\": null,\r\n        \"endDate\": null,\r\n        \"notificationDate\": null,\r\n        \"stateComment\": null,\r\n        \"allowTracing\": true\r\n      }\r\n    },\r\n    {\r\n      \"id\": \"/subscriptions/a200340d-6b82-494d-9dbf-687ba6e33f9e/resourceGroups/powershelltest/providers/Microsoft.ApiManagement/service/powershellsdkservice/subscriptions/ps6898\",\r\n      \"type\": \"Microsoft.ApiManagement/service/subscriptions\",\r\n      \"name\": \"ps6898\",\r\n      \"properties\": {\r\n        \"ownerId\": \"/subscriptions/a200340d-6b82-494d-9dbf-687ba6e33f9e/resourceGroups/powershelltest/providers/Microsoft.ApiManagement/service/powershellsdkservice/users/1\",\r\n        \"scope\": \"/subscriptions/a200340d-6b82-494d-9dbf-687ba6e33f9e/resourceGroups/powershelltest/providers/Microsoft.ApiManagement/service/powershellsdkservice/products/starter\",\r\n        \"displayName\": \"ps2323\",\r\n        \"state\": \"active\",\r\n        \"createdDate\": \"2020-07-21T16:41:25.623Z\",\r\n        \"startDate\": null,\r\n        \"expirationDate\": \"2025-07-20T00:00:00Z\",\r\n        \"endDate\": null,\r\n        \"notificationDate\": \"2025-07-08T00:00:00Z\",\r\n        \"stateComment\": null,\r\n        \"allowTracing\": true\r\n      }\r\n    }\r\n  ],\r\n  \"count\": 2\r\n}",
      "StatusCode": 200
    },
    {
      "RequestUri": "/subscriptions/a200340d-6b82-494d-9dbf-687ba6e33f9e/resourceGroups/powershelltest/providers/Microsoft.ApiManagement/service/powershellsdkservice/subscriptions/ps6898?api-version=2019-12-01",
      "EncodedRequestUri": "L3N1YnNjcmlwdGlvbnMvYTIwMDM0MGQtNmI4Mi00OTRkLTlkYmYtNjg3YmE2ZTMzZjllL3Jlc291cmNlR3JvdXBzL3Bvd2Vyc2hlbGx0ZXN0L3Byb3ZpZGVycy9NaWNyb3NvZnQuQXBpTWFuYWdlbWVudC9zZXJ2aWNlL3Bvd2Vyc2hlbGxzZGtzZXJ2aWNlL3N1YnNjcmlwdGlvbnMvcHM2ODk4P2FwaS12ZXJzaW9uPTIwMTktMTItMDE=",
>>>>>>> d78b04a5306127f583235b13752c48d4f7d1289a
      "RequestMethod": "DELETE",
      "RequestBody": "",
      "RequestHeaders": {
        "x-ms-client-request-id": [
<<<<<<< HEAD
          "ccdbbe44-5006-4101-942d-254d66505c16"
=======
          "92366edc-2040-436c-a888-2c4b530bed02"
>>>>>>> d78b04a5306127f583235b13752c48d4f7d1289a
        ],
        "If-Match": [
          "*"
        ],
        "Accept-Language": [
          "en-US"
        ],
        "User-Agent": [
<<<<<<< HEAD
          "FxVersion/4.6.27617.04",
          "OSName/Windows",
          "OSVersion/Microsoft.Windows.10.0.18362.",
          "Microsoft.Azure.Management.ApiManagement.ApiManagementClient/4.10.0.0"
=======
          "FxVersion/4.6.27817.03",
          "OSName/Windows",
          "OSVersion/Microsoft.Windows.10.0.18363.",
          "Microsoft.Azure.Management.ApiManagement.ApiManagementClient/6.0.0.0"
>>>>>>> d78b04a5306127f583235b13752c48d4f7d1289a
        ]
      },
      "ResponseHeaders": {
        "Cache-Control": [
          "no-cache"
        ],
        "Pragma": [
          "no-cache"
        ],
        "Strict-Transport-Security": [
          "max-age=31536000; includeSubDomains"
        ],
        "x-ms-request-id": [
<<<<<<< HEAD
          "0ba8e2d2-f857-4b47-8172-642c6fc25868"
=======
          "17e92f1f-51a9-4dc8-873f-035ad2463153"
>>>>>>> d78b04a5306127f583235b13752c48d4f7d1289a
        ],
        "Server": [
          "Microsoft-HTTPAPI/2.0"
        ],
        "x-ms-ratelimit-remaining-subscription-deletes": [
          "14999"
        ],
        "x-ms-correlation-request-id": [
<<<<<<< HEAD
          "8cc90ecf-e2e6-48de-be29-c5a2aa565f74"
        ],
        "x-ms-routing-request-id": [
          "WESTUS:20190618T174005Z:8cc90ecf-e2e6-48de-be29-c5a2aa565f74"
=======
          "b0f2692b-f057-48e4-b4ff-56c85f874204"
        ],
        "x-ms-routing-request-id": [
          "WESTUS:20200721T164129Z:b0f2692b-f057-48e4-b4ff-56c85f874204"
>>>>>>> d78b04a5306127f583235b13752c48d4f7d1289a
        ],
        "X-Content-Type-Options": [
          "nosniff"
        ],
        "Date": [
<<<<<<< HEAD
          "Tue, 18 Jun 2019 17:40:05 GMT"
=======
          "Tue, 21 Jul 2020 16:41:29 GMT"
>>>>>>> d78b04a5306127f583235b13752c48d4f7d1289a
        ],
        "Expires": [
          "-1"
        ],
        "Content-Length": [
          "0"
        ]
      },
      "ResponseBody": "",
      "StatusCode": 200
    }
  ],
  "Names": {
    "": [
<<<<<<< HEAD
      "ps9730",
      "ps4956",
      "ps6508",
      "ps6624",
      "ps883",
      "ps3890",
      "ps7484"
=======
      "ps6898",
      "ps3031",
      "ps2435",
      "ps2518",
      "ps2323",
      "ps1758",
      "ps8539"
>>>>>>> d78b04a5306127f583235b13752c48d4f7d1289a
    ]
  },
  "Variables": {
    "SubscriptionId": "a200340d-6b82-494d-9dbf-687ba6e33f9e"
  }
}