{
  "Invoke-AzKustoDetachClusterFollowerDatabase+[NoContext]+DetachExpanded+$PUT+https://management.azure.com/subscriptions/11d5f159-a21d-4a6c-8053-c3aae30057cf/resourceGroups/testgroup5arkid/providers/Microsoft.Kusto/Clusters/testcluster5arkid/Databases/testdatabaseani9hf?api-version=2020-06-14+1": {
    "Request": {
      "Method": "PUT",
      "RequestUri": "https://management.azure.com/subscriptions/11d5f159-a21d-4a6c-8053-c3aae30057cf/resourceGroups/testgroup5arkid/providers/Microsoft.Kusto/Clusters/testcluster5arkid/Databases/testdatabaseani9hf?api-version=2020-06-14",
      "Content": "{\r\n  \"kind\": \"ReadWrite\",\r\n  \"location\": \"East US\"\r\n}",
      "Headers": {
      },
      "ContentHeaders": {
        "Content-Type": [ "application/json" ],
        "Content-Length": [ "53" ]
      }
    },
    "Response": {
      "StatusCode": 201,
      "Headers": {
        "Cache-Control": [ "no-cache" ],
        "Pragma": [ "no-cache" ],
        "ETag": [ "\"\"" ],
        "x-ms-request-id": [ "bb4501a9-20b9-475d-a1c9-a13bd42607d0" ],
        "Azure-AsyncOperation": [ "https://management.azure.com/subscriptions/11d5f159-a21d-4a6c-8053-c3aae30057cf/providers/Microsoft.Kusto/locations/East US/operationResults/8951faf3-8389-4da4-ad72-637363f7039b?api-version=2020-06-14" ],
        "Set-Cookie": [ "ARRAffinity=e777e8ea88c9e293f6b99e0ec0b12b9627e803a84c315dd302a6bfe0ac93d194;Path=/;HttpOnly;Domain=armrp-kustorpeus.kusto.windows.net" ],
        "X-Powered-By": [ "ASP.NET" ],
        "x-ms-ratelimit-remaining-subscription-resource-requests": [ "199" ],
        "x-ms-correlation-request-id": [ "9584386c-4075-44e4-ac64-1bbba76edf6e" ],
        "x-ms-routing-request-id": [ "NORTHEUROPE:20200730T091003Z:9584386c-4075-44e4-ac64-1bbba76edf6e" ],
        "Strict-Transport-Security": [ "max-age=31536000; includeSubDomains" ],
        "X-Content-Type-Options": [ "nosniff" ],
        "Date": [ "Thu, 30 Jul 2020 09:10:03 GMT" ]
      },
      "ContentHeaders": {
        "Content-Length": [ "363" ],
        "Content-Type": [ "application/json; charset=utf-8" ],
        "Expires": [ "-1" ]
      },
      "Content": "{\"id\":\"/subscriptions/11d5f159-a21d-4a6c-8053-c3aae30057cf/resourceGroups/testgroup5arkid/providers/Microsoft.Kusto/Clusters/testcluster5arkid/Databases/testdatabaseani9hf\",\"name\":\"testcluster5arkid/testdatabaseani9hf\",\"type\":\"Microsoft.Kusto/Clusters/Databases\",\"etag\":\"\\\"\\\"\",\"location\":\"East US\",\"kind\":\"ReadWrite\",\"properties\":{\"provisioningState\":\"Creating\"}}"
    }
  },
  "Invoke-AzKustoDetachClusterFollowerDatabase+[NoContext]+DetachExpanded+$GET+https://management.azure.com/subscriptions/11d5f159-a21d-4a6c-8053-c3aae30057cf/providers/Microsoft.Kusto/locations/East US/operationResults/8951faf3-8389-4da4-ad72-637363f7039b?api-version=2020-06-14+2": {
    "Request": {
      "Method": "GET",
      "RequestUri": "https://management.azure.com/subscriptions/11d5f159-a21d-4a6c-8053-c3aae30057cf/providers/Microsoft.Kusto/locations/East%20US/operationResults/8951faf3-8389-4da4-ad72-637363f7039b?api-version=2020-06-14",
      "Content": null,
      "Headers": {
        "x-ms-unique-id": [ "195", "196" ],
        "x-ms-client-request-id": [ "79073fe5-30f6-425f-bc7a-22bd6e4542ee", "79073fe5-30f6-425f-bc7a-22bd6e4542ee" ],
        "CommandName": [ "Az.Kusto.internal\\New-AzKustoDatabase", "Az.Kusto.internal\\New-AzKustoDatabase" ],
        "FullCommandName": [ "New-AzKustoDatabase_Create", "New-AzKustoDatabase_Create" ],
        "ParameterSetName": [ "__AllParameterSets", "__AllParameterSets" ],
        "User-Agent": [ "AzurePowershell/Az4.0.0-preview", "AzurePowershell/Az4.0.0-preview" ],
        "Authorization": [ "[Filtered]" ]
      },
      "ContentHeaders": {
      }
    },
    "Response": {
      "StatusCode": 200,
      "Headers": {
        "Cache-Control": [ "no-cache" ],
        "Pragma": [ "no-cache" ],
        "Vary": [ "Accept-Encoding" ],
        "x-ms-ratelimit-remaining-subscription-resource-requests": [ "299" ],
        "x-ms-request-id": [ "a56da1a3-1a84-47b1-905b-0a1741de46d6" ],
        "Set-Cookie": [ "ARRAffinity=e34cc694f88d2cbe7f9aacf6ad63bee7bccd1d260c3d4bca579a3d4cefc8109e;Path=/;HttpOnly;Domain=armrp-kustorpeus.kusto.windows.net" ],
        "X-Powered-By": [ "ASP.NET" ],
        "x-ms-correlation-request-id": [ "20bea218-dbc7-4ecb-8692-e616df58c4a7" ],
        "x-ms-routing-request-id": [ "NORTHEUROPE:20200730T091034Z:20bea218-dbc7-4ecb-8692-e616df58c4a7" ],
        "Strict-Transport-Security": [ "max-age=31536000; includeSubDomains" ],
        "X-Content-Type-Options": [ "nosniff" ],
        "Date": [ "Thu, 30 Jul 2020 09:10:33 GMT" ]
      },
      "ContentHeaders": {
        "Content-Length": [ "496" ],
        "Content-Type": [ "application/json; charset=utf-8" ],
        "Expires": [ "-1" ]
      },
      "Content": "{\"id\":\"/subscriptions/11d5f159-a21d-4a6c-8053-c3aae30057cf/providers/Microsoft.Kusto/locations/East US/operationresults/8951faf3-8389-4da4-ad72-637363f7039b\",\"name\":\"8951faf3-8389-4da4-ad72-637363f7039b\",\"status\":\"Succeeded\",\"startTime\":\"2020-07-30T09:10:03.8233627Z\",\"endTime\":\"2020-07-30T09:10:07.1373046Z\",\"percentComplete\":1.0,\"properties\":{\"OperationKind\":\"DatabaseCreate\",\"RootActivityId\":\"829918cd-d4ce-4a30-8153-dc60fd2caf66\",\"provisioningState\":\"Succeeded\",\"OperationState\":\"Completed\"}}"
    }
  },
  "Invoke-AzKustoDetachClusterFollowerDatabase+[NoContext]+DetachExpanded+$GET+https://management.azure.com/subscriptions/11d5f159-a21d-4a6c-8053-c3aae30057cf/resourceGroups/testgroup5arkid/providers/Microsoft.Kusto/Clusters/testcluster5arkid/Databases/testdatabaseani9hf?api-version=2020-06-14+3": {
    "Request": {
      "Method": "GET",
      "RequestUri": "https://management.azure.com/subscriptions/11d5f159-a21d-4a6c-8053-c3aae30057cf/resourceGroups/testgroup5arkid/providers/Microsoft.Kusto/Clusters/testcluster5arkid/Databases/testdatabaseani9hf?api-version=2020-06-14",
      "Content": null,
      "Headers": {
        "x-ms-unique-id": [ "195", "196", "197" ],
        "x-ms-client-request-id": [ "79073fe5-30f6-425f-bc7a-22bd6e4542ee", "79073fe5-30f6-425f-bc7a-22bd6e4542ee", "79073fe5-30f6-425f-bc7a-22bd6e4542ee" ],
        "CommandName": [ "Az.Kusto.internal\\New-AzKustoDatabase", "Az.Kusto.internal\\New-AzKustoDatabase", "Az.Kusto.internal\\New-AzKustoDatabase" ],
        "FullCommandName": [ "New-AzKustoDatabase_Create", "New-AzKustoDatabase_Create", "New-AzKustoDatabase_Create" ],
        "ParameterSetName": [ "__AllParameterSets", "__AllParameterSets", "__AllParameterSets" ],
        "User-Agent": [ "AzurePowershell/Az4.0.0-preview", "AzurePowershell/Az4.0.0-preview", "AzurePowershell/Az4.0.0-preview" ],
        "Authorization": [ "[Filtered]" ]
      },
      "ContentHeaders": {
      }
    },
    "Response": {
      "StatusCode": 200,
      "Headers": {
        "Cache-Control": [ "no-cache" ],
        "Pragma": [ "no-cache" ],
        "ETag": [ "\"\"" ],
        "Vary": [ "Accept-Encoding" ],
        "x-ms-ratelimit-remaining-subscription-resource-requests": [ "299" ],
        "x-ms-request-id": [ "529ba209-2a62-4766-ac1d-4c6e3dd4de65" ],
        "Set-Cookie": [ "ARRAffinity=bc8f9f0257500901a71d8bb509bda65a70da8abe3582d417b2f4eb67370855ff;Path=/;HttpOnly;Domain=armrp-kustorpeus.kusto.windows.net" ],
        "X-Powered-By": [ "ASP.NET" ],
        "x-ms-correlation-request-id": [ "2ac407c2-b247-44de-b7e9-16b08d7d1ac3" ],
        "x-ms-routing-request-id": [ "NORTHEUROPE:20200730T091034Z:2ac407c2-b247-44de-b7e9-16b08d7d1ac3" ],
        "Strict-Transport-Security": [ "max-age=31536000; includeSubDomains" ],
        "X-Content-Type-Options": [ "nosniff" ],
        "Date": [ "Thu, 30 Jul 2020 09:10:34 GMT" ]
      },
      "ContentHeaders": {
        "Content-Length": [ "471" ],
        "Content-Type": [ "application/json; charset=utf-8" ],
        "Expires": [ "-1" ]
      },
      "Content": "{\"id\":\"/subscriptions/11d5f159-a21d-4a6c-8053-c3aae30057cf/resourceGroups/testgroup5arkid/providers/Microsoft.Kusto/Clusters/testcluster5arkid/Databases/testdatabaseani9hf\",\"name\":\"testcluster5arkid/testdatabaseani9hf\",\"type\":\"Microsoft.Kusto/Clusters/Databases\",\"etag\":\"\\\"\\\"\",\"location\":\"East US\",\"kind\":\"ReadWrite\",\"tags\":{},\"properties\":{\"isFollowed\":false,\"softDeletePeriodInDays\":0,\"hotCachePeriodInDays\":0,\"statistics\":{\"size\":0.0},\"provisioningState\":\"Succeeded\"}}"
    }
  },
  "Invoke-AzKustoDetachClusterFollowerDatabase+[NoContext]+DetachExpanded+$PUT+https://management.azure.com/subscriptions/11d5f159-a21d-4a6c-8053-c3aae30057cf/resourceGroups/testgroup5arkid/providers/Microsoft.Kusto/Clusters/testfclusterkgb956/AttachedDatabaseConfigurations/testdbconfani9hf?api-version=2020-06-14+4": {
    "Request": {
      "Method": "PUT",
      "RequestUri": "https://management.azure.com/subscriptions/11d5f159-a21d-4a6c-8053-c3aae30057cf/resourceGroups/testgroup5arkid/providers/Microsoft.Kusto/Clusters/testfclusterkgb956/AttachedDatabaseConfigurations/testdbconfani9hf?api-version=2020-06-14",
      "Content": "{\r\n  \"properties\": {\r\n    \"clusterResourceId\": \"/subscriptions/11d5f159-a21d-4a6c-8053-c3aae30057cf/resourcegroups/testgroup5arkid/providers/Microsoft.Kusto/Clusters/testcluster5arkid\",\r\n    \"databaseName\": \"testdatabaseani9hf\",\r\n    \"defaultPrincipalsModificationKind\": \"Union\"\r\n  },\r\n  \"location\": \"East US\"\r\n}",
      "Headers": {
      },
      "ContentHeaders": {
        "Content-Type": [ "application/json" ],
        "Content-Length": [ "312" ]
      }
    },
    "Response": {
      "StatusCode": 201,
      "Headers": {
        "Cache-Control": [ "no-cache" ],
        "Pragma": [ "no-cache" ],
        "ETag": [ "\"\"" ],
        "x-ms-request-id": [ "8490509a-2833-4dc5-a45b-589ef51be2ea" ],
        "Azure-AsyncOperation": [ "https://management.azure.com/subscriptions/11d5f159-a21d-4a6c-8053-c3aae30057cf/providers/Microsoft.Kusto/locations/East US/operationResults/6d63ad0d-7228-48fa-8865-6c7671c57a41?api-version=2020-06-14" ],
        "Set-Cookie": [ "ARRAffinity=ee13eefe4ea373fa5ef5790d247e631fbf86d1836803eb84090a9ff65767d97e;Path=/;HttpOnly;Domain=armrp-kustorpeus.kusto.windows.net" ],
        "X-Powered-By": [ "ASP.NET" ],
        "x-ms-ratelimit-remaining-subscription-resource-requests": [ "199" ],
        "x-ms-correlation-request-id": [ "830dc7ac-b278-4328-99df-d191eee32f5d" ],
        "x-ms-routing-request-id": [ "NORTHEUROPE:20200730T091035Z:830dc7ac-b278-4328-99df-d191eee32f5d" ],
        "Strict-Transport-Security": [ "max-age=31536000; includeSubDomains" ],
        "X-Content-Type-Options": [ "nosniff" ],
        "Date": [ "Thu, 30 Jul 2020 09:10:34 GMT" ]
      },
      "ContentHeaders": {
        "Content-Length": [ "622" ],
        "Content-Type": [ "application/json; charset=utf-8" ],
        "Expires": [ "-1" ]
      },
      "Content": "{\"id\":\"/subscriptions/11d5f159-a21d-4a6c-8053-c3aae30057cf/resourceGroups/testgroup5arkid/providers/Microsoft.Kusto/Clusters/testfclusterkgb956/AttachedDatabaseConfigurations/testdbconfani9hf\",\"name\":\"testfclusterkgb956/testdbconfani9hf\",\"type\":\"Microsoft.Kusto/Clusters/AttachedDatabaseConfigurations\",\"etag\":\"\\\"\\\"\",\"location\":\"East US\",\"properties\":{\"clusterResourceId\":\"/subscriptions/11d5f159-a21d-4a6c-8053-c3aae30057cf/resourcegroups/testgroup5arkid/providers/Microsoft.Kusto/Clusters/testcluster5arkid\",\"databaseName\":\"testdatabaseani9hf\",\"defaultPrincipalsModificationKind\":\"Union\",\"provisioningState\":\"Creating\"}}"
    }
  },
  "Invoke-AzKustoDetachClusterFollowerDatabase+[NoContext]+DetachExpanded+$GET+https://management.azure.com/subscriptions/11d5f159-a21d-4a6c-8053-c3aae30057cf/providers/Microsoft.Kusto/locations/East US/operationResults/6d63ad0d-7228-48fa-8865-6c7671c57a41?api-version=2020-06-14+5": {
    "Request": {
      "Method": "GET",
      "RequestUri": "https://management.azure.com/subscriptions/11d5f159-a21d-4a6c-8053-c3aae30057cf/providers/Microsoft.Kusto/locations/East%20US/operationResults/6d63ad0d-7228-48fa-8865-6c7671c57a41?api-version=2020-06-14",
      "Content": null,
      "Headers": {
        "x-ms-unique-id": [ "198", "199" ],
        "x-ms-client-request-id": [ "a1a83150-4a7e-48d3-b6c9-46cc5811e080", "a1a83150-4a7e-48d3-b6c9-46cc5811e080" ],
        "CommandName": [ "New-AzKustoAttachedDatabaseConfiguration", "New-AzKustoAttachedDatabaseConfiguration" ],
        "FullCommandName": [ "New-AzKustoAttachedDatabaseConfiguration_CreateExpanded", "New-AzKustoAttachedDatabaseConfiguration_CreateExpanded" ],
        "ParameterSetName": [ "__AllParameterSets", "__AllParameterSets" ],
        "User-Agent": [ "AzurePowershell/Az4.0.0-preview", "AzurePowershell/Az4.0.0-preview" ],
        "Authorization": [ "[Filtered]" ]
      },
      "ContentHeaders": {
      }
    },
    "Response": {
      "StatusCode": 200,
      "Headers": {
        "Cache-Control": [ "no-cache" ],
        "Pragma": [ "no-cache" ],
        "Vary": [ "Accept-Encoding" ],
        "x-ms-ratelimit-remaining-subscription-resource-requests": [ "298" ],
        "x-ms-request-id": [ "278a44f2-f15a-4fd1-b051-2c572abf3eca" ],
        "Set-Cookie": [ "ARRAffinity=bc8f9f0257500901a71d8bb509bda65a70da8abe3582d417b2f4eb67370855ff;Path=/;HttpOnly;Domain=armrp-kustorpeus.kusto.windows.net" ],
        "X-Powered-By": [ "ASP.NET" ],
        "x-ms-correlation-request-id": [ "4bf558b7-e7f2-411b-9c47-c9a5592c644b" ],
        "x-ms-routing-request-id": [ "NORTHEUROPE:20200730T091105Z:4bf558b7-e7f2-411b-9c47-c9a5592c644b" ],
        "Strict-Transport-Security": [ "max-age=31536000; includeSubDomains" ],
        "X-Content-Type-Options": [ "nosniff" ],
        "Date": [ "Thu, 30 Jul 2020 09:11:04 GMT" ]
      },
      "ContentHeaders": {
        "Content-Length": [ "504" ],
        "Content-Type": [ "application/json; charset=utf-8" ],
        "Expires": [ "-1" ]
      },
      "Content": "{\"id\":\"/subscriptions/11d5f159-a21d-4a6c-8053-c3aae30057cf/providers/Microsoft.Kusto/locations/East US/operationresults/6d63ad0d-7228-48fa-8865-6c7671c57a41\",\"name\":\"6d63ad0d-7228-48fa-8865-6c7671c57a41\",\"status\":\"Succeeded\",\"startTime\":\"2020-07-30T09:10:35.2867447Z\",\"endTime\":\"2020-07-30T09:10:37.5369235Z\",\"percentComplete\":1.0,\"properties\":{\"OperationKind\":\"FollowerDatabaseCreate\",\"RootActivityId\":\"c9ad8ddb-edc0-4f71-9408-4525d2708e7a\",\"provisioningState\":\"Succeeded\",\"OperationState\":\"Completed\"}}"
    }
  },
  "Invoke-AzKustoDetachClusterFollowerDatabase+[NoContext]+DetachExpanded+$GET+https://management.azure.com/subscriptions/11d5f159-a21d-4a6c-8053-c3aae30057cf/resourceGroups/testgroup5arkid/providers/Microsoft.Kusto/Clusters/testfclusterkgb956/AttachedDatabaseConfigurations/testdbconfani9hf?api-version=2020-06-14+6": {
    "Request": {
      "Method": "GET",
      "RequestUri": "https://management.azure.com/subscriptions/11d5f159-a21d-4a6c-8053-c3aae30057cf/resourceGroups/testgroup5arkid/providers/Microsoft.Kusto/Clusters/testfclusterkgb956/AttachedDatabaseConfigurations/testdbconfani9hf?api-version=2020-06-14",
      "Content": null,
      "Headers": {
        "x-ms-unique-id": [ "198", "199", "200" ],
        "x-ms-client-request-id": [ "a1a83150-4a7e-48d3-b6c9-46cc5811e080", "a1a83150-4a7e-48d3-b6c9-46cc5811e080", "a1a83150-4a7e-48d3-b6c9-46cc5811e080" ],
        "CommandName": [ "New-AzKustoAttachedDatabaseConfiguration", "New-AzKustoAttachedDatabaseConfiguration", "New-AzKustoAttachedDatabaseConfiguration" ],
        "FullCommandName": [ "New-AzKustoAttachedDatabaseConfiguration_CreateExpanded", "New-AzKustoAttachedDatabaseConfiguration_CreateExpanded", "New-AzKustoAttachedDatabaseConfiguration_CreateExpanded" ],
        "ParameterSetName": [ "__AllParameterSets", "__AllParameterSets", "__AllParameterSets" ],
        "User-Agent": [ "AzurePowershell/Az4.0.0-preview", "AzurePowershell/Az4.0.0-preview", "AzurePowershell/Az4.0.0-preview" ],
        "Authorization": [ "[Filtered]" ]
      },
      "ContentHeaders": {
      }
    },
    "Response": {
      "StatusCode": 200,
      "Headers": {
        "Cache-Control": [ "no-cache" ],
        "Pragma": [ "no-cache" ],
        "ETag": [ "\"\"" ],
        "Vary": [ "Accept-Encoding" ],
        "x-ms-ratelimit-remaining-subscription-resource-requests": [ "299" ],
        "x-ms-request-id": [ "467e2c19-1af7-49b9-9737-cca24395cffd" ],
        "Set-Cookie": [ "ARRAffinity=ee13eefe4ea373fa5ef5790d247e631fbf86d1836803eb84090a9ff65767d97e;Path=/;HttpOnly;Domain=armrp-kustorpeus.kusto.windows.net" ],
        "X-Powered-By": [ "ASP.NET" ],
        "x-ms-correlation-request-id": [ "1d305f14-3c1b-4912-892c-75a1d73b1a63" ],
        "x-ms-routing-request-id": [ "NORTHEUROPE:20200730T091106Z:1d305f14-3c1b-4912-892c-75a1d73b1a63" ],
        "Strict-Transport-Security": [ "max-age=31536000; includeSubDomains" ],
        "X-Content-Type-Options": [ "nosniff" ],
        "Date": [ "Thu, 30 Jul 2020 09:11:05 GMT" ]
      },
      "ContentHeaders": {
        "Content-Length": [ "680" ],
        "Content-Type": [ "application/json; charset=utf-8" ],
        "Expires": [ "-1" ]
      },
      "Content": "{\"id\":\"/subscriptions/11d5f159-a21d-4a6c-8053-c3aae30057cf/resourceGroups/testgroup5arkid/providers/Microsoft.Kusto/Clusters/testfclusterkgb956/AttachedDatabaseConfigurations/testdbconfani9hf\",\"name\":\"testfclusterkgb956/testdbconfani9hf\",\"type\":\"Microsoft.Kusto/Clusters/AttachedDatabaseConfigurations\",\"etag\":\"\\\"\\\"\",\"location\":\"East US\",\"tags\":{},\"properties\":{\"clusterResourceId\":\"/subscriptions/11d5f159-a21d-4a6c-8053-c3aae30057cf/resourceGroups/testgroup5arkid/providers/Microsoft.Kusto/Clusters/testcluster5arkid\",\"databaseName\":\"testdatabaseani9hf\",\"attachedDatabaseNames\":[\"testdatabaseani9hf\"],\"defaultPrincipalsModificationKind\":\"Union\",\"provisioningState\":\"Succeeded\"}}"
    }
  },
  "Invoke-AzKustoDetachClusterFollowerDatabase+[NoContext]+DetachExpanded+$POST+https://management.azure.com/subscriptions/11d5f159-a21d-4a6c-8053-c3aae30057cf/resourceGroups/testgroup5arkid/providers/Microsoft.Kusto/Clusters/testcluster5arkid/detachFollowerDatabases?api-version=2020-06-14+7": {
    "Request": {
      "Method": "POST",
      "RequestUri": "https://management.azure.com/subscriptions/11d5f159-a21d-4a6c-8053-c3aae30057cf/resourceGroups/testgroup5arkid/providers/Microsoft.Kusto/Clusters/testcluster5arkid/detachFollowerDatabases?api-version=2020-06-14",
      "Content": "{\r\n  \"attachedDatabaseConfigurationName\": \"testdbconfani9hf\",\r\n  \"clusterResourceId\": \"/subscriptions/11d5f159-a21d-4a6c-8053-c3aae30057cf/resourcegroups/testgroup5arkid/providers/Microsoft.Kusto/Clusters/testfclusterkgb956\"\r\n}",
      "Headers": {
      },
      "ContentHeaders": {
        "Content-Type": [ "application/json" ],
        "Content-Length": [ "227" ]
      }
    },
    "Response": {
      "StatusCode": 202,
      "Headers": {
        "Cache-Control": [ "no-cache" ],
        "Pragma": [ "no-cache" ],
        "Location": [ "https://management.azure.com/subscriptions/11d5f159-a21d-4a6c-8053-c3aae30057cf/providers/Microsoft.Kusto/locations/East%20US/operationResults/c8f7a37f-21bf-46c3-be95-d734b2c7b86b?api-version=2020-06-14\u0026operationResultResponseType=Location" ],
        "x-ms-request-id": [ "7f0e88ea-093e-46bd-b2e8-d10941f58bd7" ],
        "Azure-AsyncOperation": [ "https://management.azure.com/subscriptions/11d5f159-a21d-4a6c-8053-c3aae30057cf/providers/Microsoft.Kusto/locations/East US/operationResults/c8f7a37f-21bf-46c3-be95-d734b2c7b86b?api-version=2020-06-14" ],
        "Set-Cookie": [ "ARRAffinity=143347532b6a3621e54b1ff15e169f337a4c56c753a49654afbd694886935622;Path=/;HttpOnly;Domain=armrp-kustorpeus.kusto.windows.net" ],
        "X-Powered-By": [ "ASP.NET" ],
        "x-ms-ratelimit-remaining-subscription-writes": [ "1199" ],
        "x-ms-correlation-request-id": [ "0279a7a0-db8a-4d83-8871-5e43ede469c4" ],
        "x-ms-routing-request-id": [ "NORTHEUROPE:20200730T091106Z:0279a7a0-db8a-4d83-8871-5e43ede469c4" ],
        "Strict-Transport-Security": [ "max-age=31536000; includeSubDomains" ],
        "X-Content-Type-Options": [ "nosniff" ],
        "Date": [ "Thu, 30 Jul 2020 09:11:05 GMT" ]
      },
      "ContentHeaders": {
        "Expires": [ "-1" ],
        "Content-Length": [ "0" ]
      },
      "Content": null
    }
  },
  "Invoke-AzKustoDetachClusterFollowerDatabase+[NoContext]+DetachExpanded+$GET+https://management.azure.com/subscriptions/11d5f159-a21d-4a6c-8053-c3aae30057cf/providers/Microsoft.Kusto/locations/East US/operationResults/c8f7a37f-21bf-46c3-be95-d734b2c7b86b?api-version=2020-06-14+8": {
    "Request": {
      "Method": "GET",
      "RequestUri": "https://management.azure.com/subscriptions/11d5f159-a21d-4a6c-8053-c3aae30057cf/providers/Microsoft.Kusto/locations/East%20US/operationResults/c8f7a37f-21bf-46c3-be95-d734b2c7b86b?api-version=2020-06-14",
      "Content": null,
      "Headers": {
        "x-ms-unique-id": [ "201", "202" ],
        "x-ms-client-request-id": [ "65edbe59-efee-4032-a298-20540fd3bf31", "65edbe59-efee-4032-a298-20540fd3bf31" ],
        "CommandName": [ "Invoke-AzKustoDetachClusterFollowerDatabase", "Invoke-AzKustoDetachClusterFollowerDatabase" ],
        "FullCommandName": [ "Invoke-AzKustoDetachClusterFollowerDatabase_DetachExpanded", "Invoke-AzKustoDetachClusterFollowerDatabase_DetachExpanded" ],
        "ParameterSetName": [ "__AllParameterSets", "__AllParameterSets" ],
        "User-Agent": [ "AzurePowershell/Az4.0.0-preview", "AzurePowershell/Az4.0.0-preview" ],
        "Authorization": [ "[Filtered]" ]
      },
      "ContentHeaders": {
      }
    },
    "Response": {
      "StatusCode": 200,
      "Headers": {
        "Cache-Control": [ "no-cache" ],
        "Pragma": [ "no-cache" ],
        "Vary": [ "Accept-Encoding" ],
        "x-ms-ratelimit-remaining-subscription-resource-requests": [ "297" ],
        "x-ms-request-id": [ "71027143-9ba9-49b0-915f-e52ee8fe2876" ],
        "Set-Cookie": [ "ARRAffinity=6efc2269d71deaa1261da4c300d2678080968815c44335ea47a42a26a14b8e83;Path=/;HttpOnly;Domain=armrp-kustorpeus.kusto.windows.net" ],
        "X-Powered-By": [ "ASP.NET" ],
        "x-ms-correlation-request-id": [ "32f68e20-28a8-4e59-9ec7-4737017b35a9" ],
        "x-ms-routing-request-id": [ "NORTHEUROPE:20200730T091136Z:32f68e20-28a8-4e59-9ec7-4737017b35a9" ],
        "Strict-Transport-Security": [ "max-age=31536000; includeSubDomains" ],
        "X-Content-Type-Options": [ "nosniff" ],
        "Date": [ "Thu, 30 Jul 2020 09:11:36 GMT" ]
      },
      "ContentHeaders": {
        "Content-Length": [ "504" ],
        "Content-Type": [ "application/json; charset=utf-8" ],
        "Expires": [ "-1" ]
      },
      "Content": "{\"id\":\"/subscriptions/11d5f159-a21d-4a6c-8053-c3aae30057cf/providers/Microsoft.Kusto/locations/East US/operationresults/c8f7a37f-21bf-46c3-be95-d734b2c7b86b\",\"name\":\"c8f7a37f-21bf-46c3-be95-d734b2c7b86b\",\"status\":\"Succeeded\",\"startTime\":\"2020-07-30T09:11:06.4392731Z\",\"endTime\":\"2020-07-30T09:11:09.0007767Z\",\"percentComplete\":1.0,\"properties\":{\"OperationKind\":\"FollowerDatabaseDetach\",\"RootActivityId\":\"58fedda9-93c6-4c1d-9232-a436c39a6e80\",\"provisioningState\":\"Succeeded\",\"OperationState\":\"Completed\"}}"
    }
  },
  "Invoke-AzKustoDetachClusterFollowerDatabase+[NoContext]+DetachExpanded+$GET+https://management.azure.com/subscriptions/11d5f159-a21d-4a6c-8053-c3aae30057cf/providers/Microsoft.Kusto/locations/East US/operationResults/c8f7a37f-21bf-46c3-be95-d734b2c7b86b?api-version=2020-06-14\u0026operationResultResponseType=Location+9": {
    "Request": {
      "Method": "GET",
      "RequestUri": "https://management.azure.com/subscriptions/11d5f159-a21d-4a6c-8053-c3aae30057cf/providers/Microsoft.Kusto/locations/East%20US/operationResults/c8f7a37f-21bf-46c3-be95-d734b2c7b86b?api-version=2020-06-14\u0026operationResultResponseType=Location",
      "Content": null,
      "Headers": {
        "x-ms-unique-id": [ "201", "202", "203" ],
        "x-ms-client-request-id": [ "65edbe59-efee-4032-a298-20540fd3bf31", "65edbe59-efee-4032-a298-20540fd3bf31", "65edbe59-efee-4032-a298-20540fd3bf31" ],
        "CommandName": [ "Invoke-AzKustoDetachClusterFollowerDatabase", "Invoke-AzKustoDetachClusterFollowerDatabase", "Invoke-AzKustoDetachClusterFollowerDatabase" ],
        "FullCommandName": [ "Invoke-AzKustoDetachClusterFollowerDatabase_DetachExpanded", "Invoke-AzKustoDetachClusterFollowerDatabase_DetachExpanded", "Invoke-AzKustoDetachClusterFollowerDatabase_DetachExpanded" ],
        "ParameterSetName": [ "__AllParameterSets", "__AllParameterSets", "__AllParameterSets" ],
        "User-Agent": [ "AzurePowershell/Az4.0.0-preview", "AzurePowershell/Az4.0.0-preview", "AzurePowershell/Az4.0.0-preview" ],
        "Authorization": [ "[Filtered]" ]
      },
      "ContentHeaders": {
      }
    },
    "Response": {
      "StatusCode": 200,
      "Headers": {
        "Cache-Control": [ "no-cache" ],
        "Pragma": [ "no-cache" ],
        "x-ms-request-id": [ "1a383dc8-0528-415c-b418-6827d6327148" ],
        "Set-Cookie": [ "ARRAffinity=e777e8ea88c9e293f6b99e0ec0b12b9627e803a84c315dd302a6bfe0ac93d194;Path=/;HttpOnly;Domain=armrp-kustorpeus.kusto.windows.net" ],
        "X-Powered-By": [ "ASP.NET" ],
        "x-ms-ratelimit-remaining-subscription-resource-requests": [ "296" ],
        "x-ms-correlation-request-id": [ "0efe0d7c-93db-4eaa-b1d0-6b89b995ed79" ],
        "x-ms-routing-request-id": [ "NORTHEUROPE:20200730T091136Z:0efe0d7c-93db-4eaa-b1d0-6b89b995ed79" ],
        "Strict-Transport-Security": [ "max-age=31536000; includeSubDomains" ],
        "X-Content-Type-Options": [ "nosniff" ],
        "Date": [ "Thu, 30 Jul 2020 09:11:36 GMT" ]
      },
      "ContentHeaders": {
        "Expires": [ "-1" ],
        "Content-Length": [ "0" ]
      },
      "Content": null
    }
  },
  "Invoke-AzKustoDetachClusterFollowerDatabase+[NoContext]+DetachExpanded+$DELETE+https://management.azure.com/subscriptions/11d5f159-a21d-4a6c-8053-c3aae30057cf/resourceGroups/testgroup5arkid/providers/Microsoft.Kusto/Clusters/testcluster5arkid/Databases/testdatabaseani9hf?api-version=2020-06-14+10": {
    "Request": {
      "Method": "DELETE",
      "RequestUri": "https://management.azure.com/subscriptions/11d5f159-a21d-4a6c-8053-c3aae30057cf/resourceGroups/testgroup5arkid/providers/Microsoft.Kusto/Clusters/testcluster5arkid/Databases/testdatabaseani9hf?api-version=2020-06-14",
      "Content": null,
      "Headers": {
        "x-ms-unique-id": [ "204" ],
        "x-ms-client-request-id": [ "0e8ea190-16de-41a4-9fdf-42c2191842ea" ],
        "CommandName": [ "Remove-AzKustoDatabase" ],
        "FullCommandName": [ "Remove-AzKustoDatabase_Delete" ],
        "ParameterSetName": [ "__AllParameterSets" ],
        "User-Agent": [ "AzurePowershell/Az4.0.0-preview" ],
        "Authorization": [ "[Filtered]" ]
      },
      "ContentHeaders": {
      }
    },
    "Response": {
      "StatusCode": 202,
      "Headers": {
        "Cache-Control": [ "no-cache" ],
        "Pragma": [ "no-cache" ],
        "Location": [ "https://management.azure.com/subscriptions/11d5f159-a21d-4a6c-8053-c3aae30057cf/providers/Microsoft.Kusto/locations/East%20US/operationResults/40cd0e2f-ef0d-476e-b11b-d2026cdb8429?api-version=2020-06-14\u0026operationResultResponseType=Location" ],
        "Azure-AsyncOperation": [ "https://management.azure.com/subscriptions/11d5f159-a21d-4a6c-8053-c3aae30057cf/providers/Microsoft.Kusto/locations/East US/operationResults/40cd0e2f-ef0d-476e-b11b-d2026cdb8429?api-version=2020-06-14" ],
        "Set-Cookie": [ "ARRAffinity=e34cc694f88d2cbe7f9aacf6ad63bee7bccd1d260c3d4bca579a3d4cefc8109e;Path=/;HttpOnly;Domain=armrp-kustorpeus.kusto.windows.net" ],
        "X-Powered-By": [ "ASP.NET" ],
        "x-ms-ratelimit-remaining-subscription-deletes": [ "14999" ],
        "x-ms-request-id": [ "95ce0ea7-a4a9-4c81-b9aa-4f18f0cdd602" ],
        "x-ms-correlation-request-id": [ "95ce0ea7-a4a9-4c81-b9aa-4f18f0cdd602" ],
        "x-ms-routing-request-id": [ "NORTHEUROPE:20200730T091137Z:95ce0ea7-a4a9-4c81-b9aa-4f18f0cdd602" ],
        "Strict-Transport-Security": [ "max-age=31536000; includeSubDomains" ],
        "X-Content-Type-Options": [ "nosniff" ],
        "Date": [ "Thu, 30 Jul 2020 09:11:37 GMT" ]
      },
      "ContentHeaders": {
        "Expires": [ "-1" ],
        "Content-Length": [ "0" ]
      },
      "Content": null
    }
  },
  "Invoke-AzKustoDetachClusterFollowerDatabase+[NoContext]+DetachExpanded+$GET+https://management.azure.com/subscriptions/11d5f159-a21d-4a6c-8053-c3aae30057cf/providers/Microsoft.Kusto/locations/East US/operationResults/40cd0e2f-ef0d-476e-b11b-d2026cdb8429?api-version=2020-06-14+11": {
    "Request": {
      "Method": "GET",
      "RequestUri": "https://management.azure.com/subscriptions/11d5f159-a21d-4a6c-8053-c3aae30057cf/providers/Microsoft.Kusto/locations/East%20US/operationResults/40cd0e2f-ef0d-476e-b11b-d2026cdb8429?api-version=2020-06-14",
      "Content": null,
      "Headers": {
        "x-ms-unique-id": [ "204", "205" ],
        "x-ms-client-request-id": [ "0e8ea190-16de-41a4-9fdf-42c2191842ea", "0e8ea190-16de-41a4-9fdf-42c2191842ea" ],
        "CommandName": [ "Remove-AzKustoDatabase", "Remove-AzKustoDatabase" ],
        "FullCommandName": [ "Remove-AzKustoDatabase_Delete", "Remove-AzKustoDatabase_Delete" ],
        "ParameterSetName": [ "__AllParameterSets", "__AllParameterSets" ],
        "User-Agent": [ "AzurePowershell/Az4.0.0-preview", "AzurePowershell/Az4.0.0-preview" ],
        "Authorization": [ "[Filtered]" ]
      },
      "ContentHeaders": {
      }
    },
    "Response": {
      "StatusCode": 200,
      "Headers": {
        "Cache-Control": [ "no-cache" ],
        "Pragma": [ "no-cache" ],
        "Vary": [ "Accept-Encoding" ],
        "x-ms-ratelimit-remaining-subscription-resource-requests": [ "295" ],
        "x-ms-request-id": [ "a8321ca7-3eca-45ce-8daa-f916c68d2185" ],
        "Set-Cookie": [ "ARRAffinity=ee13eefe4ea373fa5ef5790d247e631fbf86d1836803eb84090a9ff65767d97e;Path=/;HttpOnly;Domain=armrp-kustorpeus.kusto.windows.net" ],
        "X-Powered-By": [ "ASP.NET" ],
        "x-ms-correlation-request-id": [ "fa07461e-331f-42d8-a688-68170489b47d" ],
        "x-ms-routing-request-id": [ "NORTHEUROPE:20200730T091207Z:fa07461e-331f-42d8-a688-68170489b47d" ],
        "Strict-Transport-Security": [ "max-age=31536000; includeSubDomains" ],
        "X-Content-Type-Options": [ "nosniff" ],
        "Date": [ "Thu, 30 Jul 2020 09:12:06 GMT" ]
      },
      "ContentHeaders": {
        "Content-Length": [ "496" ],
        "Content-Type": [ "application/json; charset=utf-8" ],
        "Expires": [ "-1" ]
      },
      "Content": "{\"id\":\"/subscriptions/11d5f159-a21d-4a6c-8053-c3aae30057cf/providers/Microsoft.Kusto/locations/East US/operationresults/40cd0e2f-ef0d-476e-b11b-d2026cdb8429\",\"name\":\"40cd0e2f-ef0d-476e-b11b-d2026cdb8429\",\"status\":\"Succeeded\",\"startTime\":\"2020-07-30T09:11:37.3497607Z\",\"endTime\":\"2020-07-30T09:11:40.5374813Z\",\"percentComplete\":1.0,\"properties\":{\"OperationKind\":\"DatabaseDelete\",\"RootActivityId\":\"e360ee54-f679-496b-a9d6-9fab87bdf38c\",\"provisioningState\":\"Succeeded\",\"OperationState\":\"Completed\"}}"
    }
  },
  "Invoke-AzKustoDetachClusterFollowerDatabase+[NoContext]+DetachExpanded+$GET+https://management.azure.com/subscriptions/11d5f159-a21d-4a6c-8053-c3aae30057cf/providers/Microsoft.Kusto/locations/East US/operationResults/40cd0e2f-ef0d-476e-b11b-d2026cdb8429?api-version=2020-06-14\u0026operationResultResponseType=Location+12": {
    "Request": {
      "Method": "GET",
      "RequestUri": "https://management.azure.com/subscriptions/11d5f159-a21d-4a6c-8053-c3aae30057cf/providers/Microsoft.Kusto/locations/East%20US/operationResults/40cd0e2f-ef0d-476e-b11b-d2026cdb8429?api-version=2020-06-14\u0026operationResultResponseType=Location",
      "Content": null,
      "Headers": {
        "x-ms-unique-id": [ "204", "205", "206" ],
        "x-ms-client-request-id": [ "0e8ea190-16de-41a4-9fdf-42c2191842ea", "0e8ea190-16de-41a4-9fdf-42c2191842ea", "0e8ea190-16de-41a4-9fdf-42c2191842ea" ],
        "CommandName": [ "Remove-AzKustoDatabase", "Remove-AzKustoDatabase", "Remove-AzKustoDatabase" ],
        "FullCommandName": [ "Remove-AzKustoDatabase_Delete", "Remove-AzKustoDatabase_Delete", "Remove-AzKustoDatabase_Delete" ],
        "ParameterSetName": [ "__AllParameterSets", "__AllParameterSets", "__AllParameterSets" ],
        "User-Agent": [ "AzurePowershell/Az4.0.0-preview", "AzurePowershell/Az4.0.0-preview", "AzurePowershell/Az4.0.0-preview" ],
        "Authorization": [ "[Filtered]" ]
      },
      "ContentHeaders": {
      }
    },
    "Response": {
      "StatusCode": 200,
      "Headers": {
        "Cache-Control": [ "no-cache" ],
        "Pragma": [ "no-cache" ],
        "x-ms-request-id": [ "78100180-7546-43f2-b787-1c114fa396f6" ],
        "Set-Cookie": [ "ARRAffinity=143347532b6a3621e54b1ff15e169f337a4c56c753a49654afbd694886935622;Path=/;HttpOnly;Domain=armrp-kustorpeus.kusto.windows.net" ],
        "X-Powered-By": [ "ASP.NET" ],
        "x-ms-ratelimit-remaining-subscription-resource-requests": [ "294" ],
        "x-ms-correlation-request-id": [ "6146a83c-aa03-49b6-814f-9e9e1e7007c1" ],
        "x-ms-routing-request-id": [ "NORTHEUROPE:20200730T091207Z:6146a83c-aa03-49b6-814f-9e9e1e7007c1" ],
        "Strict-Transport-Security": [ "max-age=31536000; includeSubDomains" ],
        "X-Content-Type-Options": [ "nosniff" ],
        "Date": [ "Thu, 30 Jul 2020 09:12:06 GMT" ]
      },
      "ContentHeaders": {
        "Expires": [ "-1" ],
        "Content-Length": [ "0" ]
      },
      "Content": null
    }
  },
  "Invoke-AzKustoDetachClusterFollowerDatabase+[NoContext]+DetachViaIdentityExpanded+$PUT+https://management.azure.com/subscriptions/11d5f159-a21d-4a6c-8053-c3aae30057cf/resourceGroups/testgroup5arkid/providers/Microsoft.Kusto/Clusters/testcluster5arkid/Databases/testdatabasev8aetj?api-version=2020-06-14+1": {
    "Request": {
      "Method": "PUT",
      "RequestUri": "https://management.azure.com/subscriptions/11d5f159-a21d-4a6c-8053-c3aae30057cf/resourceGroups/testgroup5arkid/providers/Microsoft.Kusto/Clusters/testcluster5arkid/Databases/testdatabasev8aetj?api-version=2020-06-14",
      "Content": "{\r\n  \"kind\": \"ReadWrite\",\r\n  \"location\": \"East US\"\r\n}",
      "Headers": {
      },
      "ContentHeaders": {
        "Content-Type": [ "application/json" ],
        "Content-Length": [ "53" ]
      }
    },
    "Response": {
      "StatusCode": 201,
      "Headers": {
        "Cache-Control": [ "no-cache" ],
        "Pragma": [ "no-cache" ],
        "ETag": [ "\"\"" ],
        "x-ms-request-id": [ "a3860446-44c1-4732-83c7-5d13cc36fb7f" ],
        "Azure-AsyncOperation": [ "https://management.azure.com/subscriptions/11d5f159-a21d-4a6c-8053-c3aae30057cf/providers/Microsoft.Kusto/locations/East US/operationResults/66f41c54-f6a5-4cd0-a6e2-18afc84e9d3a?api-version=2020-06-14" ],
        "Set-Cookie": [ "ARRAffinity=0b20ba151314f86a0737223ef48ad813dc527c505a17f75b2d96c6573ffe5df1;Path=/;HttpOnly;Domain=armrp-kustorpeus.kusto.windows.net" ],
        "X-Powered-By": [ "ASP.NET" ],
        "x-ms-ratelimit-remaining-subscription-resource-requests": [ "198" ],
        "x-ms-correlation-request-id": [ "02db381b-be99-4584-80ef-5a5fc9da4e5c" ],
        "x-ms-routing-request-id": [ "NORTHEUROPE:20200730T091208Z:02db381b-be99-4584-80ef-5a5fc9da4e5c" ],
        "Strict-Transport-Security": [ "max-age=31536000; includeSubDomains" ],
        "X-Content-Type-Options": [ "nosniff" ],
        "Date": [ "Thu, 30 Jul 2020 09:12:07 GMT" ]
      },
      "ContentHeaders": {
        "Content-Length": [ "363" ],
        "Content-Type": [ "application/json; charset=utf-8" ],
        "Expires": [ "-1" ]
      },
      "Content": "{\"id\":\"/subscriptions/11d5f159-a21d-4a6c-8053-c3aae30057cf/resourceGroups/testgroup5arkid/providers/Microsoft.Kusto/Clusters/testcluster5arkid/Databases/testdatabasev8aetj\",\"name\":\"testcluster5arkid/testdatabasev8aetj\",\"type\":\"Microsoft.Kusto/Clusters/Databases\",\"etag\":\"\\\"\\\"\",\"location\":\"East US\",\"kind\":\"ReadWrite\",\"properties\":{\"provisioningState\":\"Creating\"}}"
    }
  },
  "Invoke-AzKustoDetachClusterFollowerDatabase+[NoContext]+DetachViaIdentityExpanded+$GET+https://management.azure.com/subscriptions/11d5f159-a21d-4a6c-8053-c3aae30057cf/providers/Microsoft.Kusto/locations/East US/operationResults/66f41c54-f6a5-4cd0-a6e2-18afc84e9d3a?api-version=2020-06-14+2": {
    "Request": {
      "Method": "GET",
      "RequestUri": "https://management.azure.com/subscriptions/11d5f159-a21d-4a6c-8053-c3aae30057cf/providers/Microsoft.Kusto/locations/East%20US/operationResults/66f41c54-f6a5-4cd0-a6e2-18afc84e9d3a?api-version=2020-06-14",
      "Content": null,
      "Headers": {
        "x-ms-unique-id": [ "207", "208" ],
        "x-ms-client-request-id": [ "28339fc7-0a00-4354-a862-f63a893e1382", "28339fc7-0a00-4354-a862-f63a893e1382" ],
        "CommandName": [ "Az.Kusto.internal\\New-AzKustoDatabase", "Az.Kusto.internal\\New-AzKustoDatabase" ],
        "FullCommandName": [ "New-AzKustoDatabase_Create", "New-AzKustoDatabase_Create" ],
        "ParameterSetName": [ "__AllParameterSets", "__AllParameterSets" ],
        "User-Agent": [ "AzurePowershell/Az4.0.0-preview", "AzurePowershell/Az4.0.0-preview" ],
        "Authorization": [ "[Filtered]" ]
      },
      "ContentHeaders": {
      }
    },
    "Response": {
      "StatusCode": 200,
      "Headers": {
        "Cache-Control": [ "no-cache" ],
        "Pragma": [ "no-cache" ],
        "Vary": [ "Accept-Encoding" ],
        "x-ms-ratelimit-remaining-subscription-resource-requests": [ "293" ],
        "x-ms-request-id": [ "324ac783-68d1-4f76-a338-78480b99d065" ],
        "Set-Cookie": [ "ARRAffinity=91632ea45e362786b046a2bc5dc71afb96d330a18ec878b46ee71f0b6f8bc72b;Path=/;HttpOnly;Domain=armrp-kustorpeus.kusto.windows.net" ],
        "X-Powered-By": [ "ASP.NET" ],
        "x-ms-correlation-request-id": [ "95c3f5a2-4573-4aef-99a2-f23411c41f5a" ],
        "x-ms-routing-request-id": [ "NORTHEUROPE:20200730T091238Z:95c3f5a2-4573-4aef-99a2-f23411c41f5a" ],
        "Strict-Transport-Security": [ "max-age=31536000; includeSubDomains" ],
        "X-Content-Type-Options": [ "nosniff" ],
        "Date": [ "Thu, 30 Jul 2020 09:12:38 GMT" ]
      },
      "ContentHeaders": {
        "Content-Length": [ "496" ],
        "Content-Type": [ "application/json; charset=utf-8" ],
        "Expires": [ "-1" ]
      },
      "Content": "{\"id\":\"/subscriptions/11d5f159-a21d-4a6c-8053-c3aae30057cf/providers/Microsoft.Kusto/locations/East US/operationresults/66f41c54-f6a5-4cd0-a6e2-18afc84e9d3a\",\"name\":\"66f41c54-f6a5-4cd0-a6e2-18afc84e9d3a\",\"status\":\"Succeeded\",\"startTime\":\"2020-07-30T09:12:08.4495413Z\",\"endTime\":\"2020-07-30T09:12:11.0435304Z\",\"percentComplete\":1.0,\"properties\":{\"OperationKind\":\"DatabaseCreate\",\"RootActivityId\":\"cfb79cb0-9c26-4f22-b4dd-d54c61188d0a\",\"provisioningState\":\"Succeeded\",\"OperationState\":\"Completed\"}}"
    }
  },
  "Invoke-AzKustoDetachClusterFollowerDatabase+[NoContext]+DetachViaIdentityExpanded+$GET+https://management.azure.com/subscriptions/11d5f159-a21d-4a6c-8053-c3aae30057cf/resourceGroups/testgroup5arkid/providers/Microsoft.Kusto/Clusters/testcluster5arkid/Databases/testdatabasev8aetj?api-version=2020-06-14+3": {
    "Request": {
      "Method": "GET",
      "RequestUri": "https://management.azure.com/subscriptions/11d5f159-a21d-4a6c-8053-c3aae30057cf/resourceGroups/testgroup5arkid/providers/Microsoft.Kusto/Clusters/testcluster5arkid/Databases/testdatabasev8aetj?api-version=2020-06-14",
      "Content": null,
      "Headers": {
        "x-ms-unique-id": [ "207", "208", "209" ],
        "x-ms-client-request-id": [ "28339fc7-0a00-4354-a862-f63a893e1382", "28339fc7-0a00-4354-a862-f63a893e1382", "28339fc7-0a00-4354-a862-f63a893e1382" ],
        "CommandName": [ "Az.Kusto.internal\\New-AzKustoDatabase", "Az.Kusto.internal\\New-AzKustoDatabase", "Az.Kusto.internal\\New-AzKustoDatabase" ],
        "FullCommandName": [ "New-AzKustoDatabase_Create", "New-AzKustoDatabase_Create", "New-AzKustoDatabase_Create" ],
        "ParameterSetName": [ "__AllParameterSets", "__AllParameterSets", "__AllParameterSets" ],
        "User-Agent": [ "AzurePowershell/Az4.0.0-preview", "AzurePowershell/Az4.0.0-preview", "AzurePowershell/Az4.0.0-preview" ],
        "Authorization": [ "[Filtered]" ]
      },
      "ContentHeaders": {
      }
    },
    "Response": {
      "StatusCode": 200,
      "Headers": {
        "Cache-Control": [ "no-cache" ],
        "Pragma": [ "no-cache" ],
        "ETag": [ "\"\"" ],
        "Vary": [ "Accept-Encoding" ],
        "x-ms-ratelimit-remaining-subscription-resource-requests": [ "298" ],
        "x-ms-request-id": [ "02c8023b-bc87-4838-a7a9-84f794154476" ],
        "Set-Cookie": [ "ARRAffinity=083009ef84a8f0d3087e83226e5ffb5361530b5ca5cf9d1da558ed0acbe1b682;Path=/;HttpOnly;Domain=armrp-kustorpeus.kusto.windows.net" ],
        "X-Powered-By": [ "ASP.NET" ],
        "x-ms-correlation-request-id": [ "f8e4a1ae-7cd6-4ae7-be8c-5b85964e9177" ],
        "x-ms-routing-request-id": [ "NORTHEUROPE:20200730T091239Z:f8e4a1ae-7cd6-4ae7-be8c-5b85964e9177" ],
        "Strict-Transport-Security": [ "max-age=31536000; includeSubDomains" ],
        "X-Content-Type-Options": [ "nosniff" ],
        "Date": [ "Thu, 30 Jul 2020 09:12:38 GMT" ]
      },
      "ContentHeaders": {
        "Content-Length": [ "471" ],
        "Content-Type": [ "application/json; charset=utf-8" ],
        "Expires": [ "-1" ]
      },
      "Content": "{\"id\":\"/subscriptions/11d5f159-a21d-4a6c-8053-c3aae30057cf/resourceGroups/testgroup5arkid/providers/Microsoft.Kusto/Clusters/testcluster5arkid/Databases/testdatabasev8aetj\",\"name\":\"testcluster5arkid/testdatabasev8aetj\",\"type\":\"Microsoft.Kusto/Clusters/Databases\",\"etag\":\"\\\"\\\"\",\"location\":\"East US\",\"kind\":\"ReadWrite\",\"tags\":{},\"properties\":{\"isFollowed\":false,\"softDeletePeriodInDays\":0,\"hotCachePeriodInDays\":0,\"statistics\":{\"size\":0.0},\"provisioningState\":\"Succeeded\"}}"
    }
  },
  "Invoke-AzKustoDetachClusterFollowerDatabase+[NoContext]+DetachViaIdentityExpanded+$PUT+https://management.azure.com/subscriptions/11d5f159-a21d-4a6c-8053-c3aae30057cf/resourceGroups/testgroup5arkid/providers/Microsoft.Kusto/Clusters/testfclusterkgb956/AttachedDatabaseConfigurations/testdbconfv8aetj?api-version=2020-06-14+4": {
    "Request": {
      "Method": "PUT",
      "RequestUri": "https://management.azure.com/subscriptions/11d5f159-a21d-4a6c-8053-c3aae30057cf/resourceGroups/testgroup5arkid/providers/Microsoft.Kusto/Clusters/testfclusterkgb956/AttachedDatabaseConfigurations/testdbconfv8aetj?api-version=2020-06-14",
      "Content": "{\r\n  \"properties\": {\r\n    \"clusterResourceId\": \"/subscriptions/11d5f159-a21d-4a6c-8053-c3aae30057cf/resourcegroups/testgroup5arkid/providers/Microsoft.Kusto/Clusters/testcluster5arkid\",\r\n    \"databaseName\": \"testdatabasev8aetj\",\r\n    \"defaultPrincipalsModificationKind\": \"Union\"\r\n  },\r\n  \"location\": \"East US\"\r\n}",
      "Headers": {
      },
      "ContentHeaders": {
        "Content-Type": [ "application/json" ],
        "Content-Length": [ "312" ]
      }
    },
    "Response": {
      "StatusCode": 201,
      "Headers": {
        "Cache-Control": [ "no-cache" ],
        "Pragma": [ "no-cache" ],
        "ETag": [ "\"\"" ],
        "x-ms-request-id": [ "7e2148e7-059a-42bd-8702-a156b045234c" ],
        "Azure-AsyncOperation": [ "https://management.azure.com/subscriptions/11d5f159-a21d-4a6c-8053-c3aae30057cf/providers/Microsoft.Kusto/locations/East US/operationResults/81f61eee-e0d1-4faa-9558-916100d260a6?api-version=2020-06-14" ],
        "Set-Cookie": [ "ARRAffinity=6efc2269d71deaa1261da4c300d2678080968815c44335ea47a42a26a14b8e83;Path=/;HttpOnly;Domain=armrp-kustorpeus.kusto.windows.net" ],
        "X-Powered-By": [ "ASP.NET" ],
        "x-ms-ratelimit-remaining-subscription-resource-requests": [ "198" ],
        "x-ms-correlation-request-id": [ "72b95bba-a2bc-4b11-8218-1da801ecf0bf" ],
        "x-ms-routing-request-id": [ "NORTHEUROPE:20200730T091240Z:72b95bba-a2bc-4b11-8218-1da801ecf0bf" ],
        "Strict-Transport-Security": [ "max-age=31536000; includeSubDomains" ],
        "X-Content-Type-Options": [ "nosniff" ],
        "Date": [ "Thu, 30 Jul 2020 09:12:39 GMT" ]
      },
      "ContentHeaders": {
        "Content-Length": [ "622" ],
        "Content-Type": [ "application/json; charset=utf-8" ],
        "Expires": [ "-1" ]
      },
      "Content": "{\"id\":\"/subscriptions/11d5f159-a21d-4a6c-8053-c3aae30057cf/resourceGroups/testgroup5arkid/providers/Microsoft.Kusto/Clusters/testfclusterkgb956/AttachedDatabaseConfigurations/testdbconfv8aetj\",\"name\":\"testfclusterkgb956/testdbconfv8aetj\",\"type\":\"Microsoft.Kusto/Clusters/AttachedDatabaseConfigurations\",\"etag\":\"\\\"\\\"\",\"location\":\"East US\",\"properties\":{\"clusterResourceId\":\"/subscriptions/11d5f159-a21d-4a6c-8053-c3aae30057cf/resourcegroups/testgroup5arkid/providers/Microsoft.Kusto/Clusters/testcluster5arkid\",\"databaseName\":\"testdatabasev8aetj\",\"defaultPrincipalsModificationKind\":\"Union\",\"provisioningState\":\"Creating\"}}"
    }
  },
  "Invoke-AzKustoDetachClusterFollowerDatabase+[NoContext]+DetachViaIdentityExpanded+$GET+https://management.azure.com/subscriptions/11d5f159-a21d-4a6c-8053-c3aae30057cf/providers/Microsoft.Kusto/locations/East US/operationResults/81f61eee-e0d1-4faa-9558-916100d260a6?api-version=2020-06-14+5": {
    "Request": {
      "Method": "GET",
      "RequestUri": "https://management.azure.com/subscriptions/11d5f159-a21d-4a6c-8053-c3aae30057cf/providers/Microsoft.Kusto/locations/East%20US/operationResults/81f61eee-e0d1-4faa-9558-916100d260a6?api-version=2020-06-14",
      "Content": null,
      "Headers": {
        "x-ms-unique-id": [ "210", "211" ],
        "x-ms-client-request-id": [ "50186de9-e774-4e30-8dbd-f417ed408ff9", "50186de9-e774-4e30-8dbd-f417ed408ff9" ],
        "CommandName": [ "New-AzKustoAttachedDatabaseConfiguration", "New-AzKustoAttachedDatabaseConfiguration" ],
        "FullCommandName": [ "New-AzKustoAttachedDatabaseConfiguration_CreateExpanded", "New-AzKustoAttachedDatabaseConfiguration_CreateExpanded" ],
        "ParameterSetName": [ "__AllParameterSets", "__AllParameterSets" ],
        "User-Agent": [ "AzurePowershell/Az4.0.0-preview", "AzurePowershell/Az4.0.0-preview" ],
        "Authorization": [ "[Filtered]" ]
      },
      "ContentHeaders": {
      }
    },
    "Response": {
      "StatusCode": 200,
      "Headers": {
        "Cache-Control": [ "no-cache" ],
        "Pragma": [ "no-cache" ],
        "Vary": [ "Accept-Encoding" ],
        "x-ms-ratelimit-remaining-subscription-resource-requests": [ "292" ],
        "x-ms-request-id": [ "3a37be2c-a6fc-43ad-8f95-935b184495e8" ],
        "Set-Cookie": [ "ARRAffinity=0b20ba151314f86a0737223ef48ad813dc527c505a17f75b2d96c6573ffe5df1;Path=/;HttpOnly;Domain=armrp-kustorpeus.kusto.windows.net" ],
        "X-Powered-By": [ "ASP.NET" ],
        "x-ms-correlation-request-id": [ "cc05c37c-115c-47bb-8600-f0aa24e6dfa0" ],
        "x-ms-routing-request-id": [ "NORTHEUROPE:20200730T091310Z:cc05c37c-115c-47bb-8600-f0aa24e6dfa0" ],
        "Strict-Transport-Security": [ "max-age=31536000; includeSubDomains" ],
        "X-Content-Type-Options": [ "nosniff" ],
        "Date": [ "Thu, 30 Jul 2020 09:13:10 GMT" ]
      },
      "ContentHeaders": {
        "Content-Length": [ "504" ],
        "Content-Type": [ "application/json; charset=utf-8" ],
        "Expires": [ "-1" ]
      },
      "Content": "{\"id\":\"/subscriptions/11d5f159-a21d-4a6c-8053-c3aae30057cf/providers/Microsoft.Kusto/locations/East US/operationresults/81f61eee-e0d1-4faa-9558-916100d260a6\",\"name\":\"81f61eee-e0d1-4faa-9558-916100d260a6\",\"status\":\"Succeeded\",\"startTime\":\"2020-07-30T09:12:39.9547363Z\",\"endTime\":\"2020-07-30T09:12:43.4708195Z\",\"percentComplete\":1.0,\"properties\":{\"OperationKind\":\"FollowerDatabaseCreate\",\"RootActivityId\":\"d59f2101-d759-49e2-a6f6-d42b9c55b615\",\"provisioningState\":\"Succeeded\",\"OperationState\":\"Completed\"}}"
    }
  },
  "Invoke-AzKustoDetachClusterFollowerDatabase+[NoContext]+DetachViaIdentityExpanded+$GET+https://management.azure.com/subscriptions/11d5f159-a21d-4a6c-8053-c3aae30057cf/resourceGroups/testgroup5arkid/providers/Microsoft.Kusto/Clusters/testfclusterkgb956/AttachedDatabaseConfigurations/testdbconfv8aetj?api-version=2020-06-14+6": {
    "Request": {
      "Method": "GET",
      "RequestUri": "https://management.azure.com/subscriptions/11d5f159-a21d-4a6c-8053-c3aae30057cf/resourceGroups/testgroup5arkid/providers/Microsoft.Kusto/Clusters/testfclusterkgb956/AttachedDatabaseConfigurations/testdbconfv8aetj?api-version=2020-06-14",
      "Content": null,
      "Headers": {
        "x-ms-unique-id": [ "210", "211", "212" ],
        "x-ms-client-request-id": [ "50186de9-e774-4e30-8dbd-f417ed408ff9", "50186de9-e774-4e30-8dbd-f417ed408ff9", "50186de9-e774-4e30-8dbd-f417ed408ff9" ],
        "CommandName": [ "New-AzKustoAttachedDatabaseConfiguration", "New-AzKustoAttachedDatabaseConfiguration", "New-AzKustoAttachedDatabaseConfiguration" ],
        "FullCommandName": [ "New-AzKustoAttachedDatabaseConfiguration_CreateExpanded", "New-AzKustoAttachedDatabaseConfiguration_CreateExpanded", "New-AzKustoAttachedDatabaseConfiguration_CreateExpanded" ],
        "ParameterSetName": [ "__AllParameterSets", "__AllParameterSets", "__AllParameterSets" ],
        "User-Agent": [ "AzurePowershell/Az4.0.0-preview", "AzurePowershell/Az4.0.0-preview", "AzurePowershell/Az4.0.0-preview" ],
        "Authorization": [ "[Filtered]" ]
      },
      "ContentHeaders": {
      }
    },
    "Response": {
      "StatusCode": 200,
      "Headers": {
        "Cache-Control": [ "no-cache" ],
        "Pragma": [ "no-cache" ],
        "ETag": [ "\"\"" ],
        "Vary": [ "Accept-Encoding" ],
        "x-ms-ratelimit-remaining-subscription-resource-requests": [ "298" ],
        "x-ms-request-id": [ "a347e08d-c2a4-45b7-b144-c936d44dc3be" ],
        "Set-Cookie": [ "ARRAffinity=8e9bb04484c7a1d3a7fa7fc4a2bf55a3f5a227797a4fab2f0bb84163eae89308;Path=/;HttpOnly;Domain=armrp-kustorpeus.kusto.windows.net" ],
        "X-Powered-By": [ "ASP.NET" ],
        "x-ms-correlation-request-id": [ "aadf8cac-f5a2-4343-ad13-92e89dae6df7" ],
        "x-ms-routing-request-id": [ "NORTHEUROPE:20200730T091310Z:aadf8cac-f5a2-4343-ad13-92e89dae6df7" ],
        "Strict-Transport-Security": [ "max-age=31536000; includeSubDomains" ],
        "X-Content-Type-Options": [ "nosniff" ],
        "Date": [ "Thu, 30 Jul 2020 09:13:10 GMT" ]
      },
      "ContentHeaders": {
        "Content-Length": [ "680" ],
        "Content-Type": [ "application/json; charset=utf-8" ],
        "Expires": [ "-1" ]
      },
      "Content": "{\"id\":\"/subscriptions/11d5f159-a21d-4a6c-8053-c3aae30057cf/resourceGroups/testgroup5arkid/providers/Microsoft.Kusto/Clusters/testfclusterkgb956/AttachedDatabaseConfigurations/testdbconfv8aetj\",\"name\":\"testfclusterkgb956/testdbconfv8aetj\",\"type\":\"Microsoft.Kusto/Clusters/AttachedDatabaseConfigurations\",\"etag\":\"\\\"\\\"\",\"location\":\"East US\",\"tags\":{},\"properties\":{\"clusterResourceId\":\"/subscriptions/11d5f159-a21d-4a6c-8053-c3aae30057cf/resourceGroups/testgroup5arkid/providers/Microsoft.Kusto/Clusters/testcluster5arkid\",\"databaseName\":\"testdatabasev8aetj\",\"attachedDatabaseNames\":[\"testdatabasev8aetj\"],\"defaultPrincipalsModificationKind\":\"Union\",\"provisioningState\":\"Succeeded\"}}"
    }
  },
  "Invoke-AzKustoDetachClusterFollowerDatabase+[NoContext]+DetachViaIdentityExpanded+$GET+https://management.azure.com/subscriptions/11d5f159-a21d-4a6c-8053-c3aae30057cf/resourceGroups/testgroup5arkid/providers/Microsoft.Kusto/Clusters/testcluster5arkid?api-version=2020-06-14+7": {
    "Request": {
      "Method": "GET",
      "RequestUri": "https://management.azure.com/subscriptions/11d5f159-a21d-4a6c-8053-c3aae30057cf/resourceGroups/testgroup5arkid/providers/Microsoft.Kusto/Clusters/testcluster5arkid?api-version=2020-06-14",
      "Content": null,
      "Headers": {
        "x-ms-unique-id": [ "213" ],
        "x-ms-client-request-id": [ "5c191bd0-9510-4d63-82a4-39415cc590ba" ],
        "CommandName": [ "Get-AzKustoCluster" ],
        "FullCommandName": [ "Get-AzKustoCluster_Get" ],
        "ParameterSetName": [ "__AllParameterSets" ],
        "User-Agent": [ "AzurePowershell/Az4.0.0-preview" ],
        "Authorization": [ "[Filtered]" ]
      },
      "ContentHeaders": {
      }
    },
    "Response": {
      "StatusCode": 200,
      "Headers": {
        "Cache-Control": [ "no-cache" ],
        "Pragma": [ "no-cache" ],
        "ETag": [ "\"\"" ],
        "Vary": [ "Accept-Encoding" ],
        "x-ms-ratelimit-remaining-subscription-resource-requests": [ "299" ],
        "x-ms-request-id": [ "6e7f9d36-903d-4079-8765-43b36e1373a4" ],
        "Set-Cookie": [ "ARRAffinity=91632ea45e362786b046a2bc5dc71afb96d330a18ec878b46ee71f0b6f8bc72b;Path=/;HttpOnly;Domain=armrp-kustorpeus.kusto.windows.net" ],
        "X-Powered-By": [ "ASP.NET" ],
        "x-ms-correlation-request-id": [ "321d7d9e-b8bd-47af-afd2-55c9b80d642c" ],
        "x-ms-routing-request-id": [ "NORTHEUROPE:20200730T091311Z:321d7d9e-b8bd-47af-afd2-55c9b80d642c" ],
        "Strict-Transport-Security": [ "max-age=31536000; includeSubDomains" ],
        "X-Content-Type-Options": [ "nosniff" ],
        "Date": [ "Thu, 30 Jul 2020 09:13:11 GMT" ]
      },
      "ContentHeaders": {
        "Content-Length": [ "858" ],
        "Content-Type": [ "application/json; charset=utf-8" ],
        "Expires": [ "-1" ]
      },
      "Content": "{\"id\":\"/subscriptions/11d5f159-a21d-4a6c-8053-c3aae30057cf/resourceGroups/testgroup5arkid/providers/Microsoft.Kusto/Clusters/testcluster5arkid\",\"name\":\"testcluster5arkid\",\"type\":\"Microsoft.Kusto/Clusters\",\"etag\":\"\\\"\\\"\",\"location\":\"East US\",\"sku\":{\"name\":\"Standard_D11_v2\",\"tier\":\"Standard\",\"capacity\":2},\"tags\":{},\"properties\":{\"state\":\"Running\",\"stateReason\":null,\"uri\":\"https://testcluster5arkid.eastus.kusto.windows.net\",\"dataIngestionUri\":\"https://ingest-testcluster5arkid.eastus.kusto.windows.net\",\"trustedExternalTenants\":[],\"virtualNetworkConfiguration\":null,\"optimizedAutoscale\":null,\"enableDiskEncryption\":false,\"enableStreamingIngest\":false,\"keyVaultProperties\":null,\"languageExtensions\":{\"value\":[{\"languageExtensionName\":\"PYTHON\"},{\"languageExtensionName\":\"R\"}]},\"enablePurge\":null,\"enableDoubleEncryption\":false,\"provisioningState\":\"Succeeded\"}}"
    }
  },
  "Invoke-AzKustoDetachClusterFollowerDatabase+[NoContext]+DetachViaIdentityExpanded+$POST+https://management.azure.com/subscriptions/11d5f159-a21d-4a6c-8053-c3aae30057cf/resourceGroups/testgroup5arkid/providers/Microsoft.Kusto/Clusters/testcluster5arkid/detachFollowerDatabases?api-version=2020-06-14+8": {
    "Request": {
      "Method": "POST",
      "RequestUri": "https://management.azure.com/subscriptions/11d5f159-a21d-4a6c-8053-c3aae30057cf/resourceGroups/testgroup5arkid/providers/Microsoft.Kusto/Clusters/testcluster5arkid/detachFollowerDatabases?api-version=2020-06-14",
      "Content": "{\r\n  \"attachedDatabaseConfigurationName\": \"testdbconfv8aetj\",\r\n  \"clusterResourceId\": \"/subscriptions/11d5f159-a21d-4a6c-8053-c3aae30057cf/resourcegroups/testgroup5arkid/providers/Microsoft.Kusto/Clusters/testfclusterkgb956\"\r\n}",
      "Headers": {
      },
      "ContentHeaders": {
        "Content-Type": [ "application/json" ],
        "Content-Length": [ "227" ]
      }
    },
    "Response": {
      "StatusCode": 202,
      "Headers": {
        "Cache-Control": [ "no-cache" ],
        "Pragma": [ "no-cache" ],
        "Location": [ "https://management.azure.com/subscriptions/11d5f159-a21d-4a6c-8053-c3aae30057cf/providers/Microsoft.Kusto/locations/East%20US/operationResults/6ff8aae0-c26d-4e9e-88c6-19d105fc3388?api-version=2020-06-14\u0026operationResultResponseType=Location" ],
        "x-ms-request-id": [ "f9b52eff-a3e9-404e-82f0-4261d01c87fe" ],
        "Azure-AsyncOperation": [ "https://management.azure.com/subscriptions/11d5f159-a21d-4a6c-8053-c3aae30057cf/providers/Microsoft.Kusto/locations/East US/operationResults/6ff8aae0-c26d-4e9e-88c6-19d105fc3388?api-version=2020-06-14" ],
        "Set-Cookie": [ "ARRAffinity=083009ef84a8f0d3087e83226e5ffb5361530b5ca5cf9d1da558ed0acbe1b682;Path=/;HttpOnly;Domain=armrp-kustorpeus.kusto.windows.net" ],
        "X-Powered-By": [ "ASP.NET" ],
        "x-ms-ratelimit-remaining-subscription-writes": [ "1198" ],
        "x-ms-correlation-request-id": [ "79e4bae9-3118-4293-b9e6-ea68f7d5f506" ],
        "x-ms-routing-request-id": [ "NORTHEUROPE:20200730T091311Z:79e4bae9-3118-4293-b9e6-ea68f7d5f506" ],
        "Strict-Transport-Security": [ "max-age=31536000; includeSubDomains" ],
        "X-Content-Type-Options": [ "nosniff" ],
        "Date": [ "Thu, 30 Jul 2020 09:13:11 GMT" ]
      },
      "ContentHeaders": {
        "Expires": [ "-1" ],
        "Content-Length": [ "0" ]
      },
      "Content": null
    }
  },
  "Invoke-AzKustoDetachClusterFollowerDatabase+[NoContext]+DetachViaIdentityExpanded+$GET+https://management.azure.com/subscriptions/11d5f159-a21d-4a6c-8053-c3aae30057cf/providers/Microsoft.Kusto/locations/East US/operationResults/6ff8aae0-c26d-4e9e-88c6-19d105fc3388?api-version=2020-06-14+9": {
    "Request": {
      "Method": "GET",
      "RequestUri": "https://management.azure.com/subscriptions/11d5f159-a21d-4a6c-8053-c3aae30057cf/providers/Microsoft.Kusto/locations/East%20US/operationResults/6ff8aae0-c26d-4e9e-88c6-19d105fc3388?api-version=2020-06-14",
      "Content": null,
      "Headers": {
        "x-ms-unique-id": [ "214", "215" ],
        "x-ms-client-request-id": [ "db925d35-8db0-4fe9-8434-ae1a51cbe469", "db925d35-8db0-4fe9-8434-ae1a51cbe469" ],
        "CommandName": [ "Invoke-AzKustoDetachClusterFollowerDatabase", "Invoke-AzKustoDetachClusterFollowerDatabase" ],
        "FullCommandName": [ "Invoke-AzKustoDetachClusterFollowerDatabase_DetachViaIdentityExpanded", "Invoke-AzKustoDetachClusterFollowerDatabase_DetachViaIdentityExpanded" ],
        "ParameterSetName": [ "__AllParameterSets", "__AllParameterSets" ],
        "User-Agent": [ "AzurePowershell/Az4.0.0-preview", "AzurePowershell/Az4.0.0-preview" ],
        "Authorization": [ "[Filtered]" ]
      },
      "ContentHeaders": {
      }
    },
    "Response": {
      "StatusCode": 200,
      "Headers": {
        "Cache-Control": [ "no-cache" ],
        "Pragma": [ "no-cache" ],
        "Vary": [ "Accept-Encoding" ],
        "x-ms-ratelimit-remaining-subscription-resource-requests": [ "291" ],
        "x-ms-request-id": [ "c54bf19b-aea3-46ed-b27b-65c56a67869b" ],
        "Set-Cookie": [ "ARRAffinity=e777e8ea88c9e293f6b99e0ec0b12b9627e803a84c315dd302a6bfe0ac93d194;Path=/;HttpOnly;Domain=armrp-kustorpeus.kusto.windows.net" ],
        "X-Powered-By": [ "ASP.NET" ],
        "x-ms-correlation-request-id": [ "d3796ce5-7eea-4592-ab62-620d370f17b5" ],
        "x-ms-routing-request-id": [ "NORTHEUROPE:20200730T091341Z:d3796ce5-7eea-4592-ab62-620d370f17b5" ],
        "Strict-Transport-Security": [ "max-age=31536000; includeSubDomains" ],
        "X-Content-Type-Options": [ "nosniff" ],
        "Date": [ "Thu, 30 Jul 2020 09:13:41 GMT" ]
      },
      "ContentHeaders": {
        "Content-Length": [ "503" ],
        "Content-Type": [ "application/json; charset=utf-8" ],
        "Expires": [ "-1" ]
      },
      "Content": "{\"id\":\"/subscriptions/11d5f159-a21d-4a6c-8053-c3aae30057cf/providers/Microsoft.Kusto/locations/East US/operationresults/6ff8aae0-c26d-4e9e-88c6-19d105fc3388\",\"name\":\"6ff8aae0-c26d-4e9e-88c6-19d105fc3388\",\"status\":\"Succeeded\",\"startTime\":\"2020-07-30T09:13:11.4416753Z\",\"endTime\":\"2020-07-30T09:13:13.926648Z\",\"percentComplete\":1.0,\"properties\":{\"OperationKind\":\"FollowerDatabaseDetach\",\"RootActivityId\":\"cca38989-ba07-42ad-a211-420095cfc712\",\"provisioningState\":\"Succeeded\",\"OperationState\":\"Completed\"}}"
    }
  },
  "Invoke-AzKustoDetachClusterFollowerDatabase+[NoContext]+DetachViaIdentityExpanded+$GET+https://management.azure.com/subscriptions/11d5f159-a21d-4a6c-8053-c3aae30057cf/providers/Microsoft.Kusto/locations/East US/operationResults/6ff8aae0-c26d-4e9e-88c6-19d105fc3388?api-version=2020-06-14\u0026operationResultResponseType=Location+10": {
    "Request": {
      "Method": "GET",
      "RequestUri": "https://management.azure.com/subscriptions/11d5f159-a21d-4a6c-8053-c3aae30057cf/providers/Microsoft.Kusto/locations/East%20US/operationResults/6ff8aae0-c26d-4e9e-88c6-19d105fc3388?api-version=2020-06-14\u0026operationResultResponseType=Location",
      "Content": null,
      "Headers": {
        "x-ms-unique-id": [ "214", "215", "216" ],
        "x-ms-client-request-id": [ "db925d35-8db0-4fe9-8434-ae1a51cbe469", "db925d35-8db0-4fe9-8434-ae1a51cbe469", "db925d35-8db0-4fe9-8434-ae1a51cbe469" ],
        "CommandName": [ "Invoke-AzKustoDetachClusterFollowerDatabase", "Invoke-AzKustoDetachClusterFollowerDatabase", "Invoke-AzKustoDetachClusterFollowerDatabase" ],
        "FullCommandName": [ "Invoke-AzKustoDetachClusterFollowerDatabase_DetachViaIdentityExpanded", "Invoke-AzKustoDetachClusterFollowerDatabase_DetachViaIdentityExpanded", "Invoke-AzKustoDetachClusterFollowerDatabase_DetachViaIdentityExpanded" ],
        "ParameterSetName": [ "__AllParameterSets", "__AllParameterSets", "__AllParameterSets" ],
        "User-Agent": [ "AzurePowershell/Az4.0.0-preview", "AzurePowershell/Az4.0.0-preview", "AzurePowershell/Az4.0.0-preview" ],
        "Authorization": [ "[Filtered]" ]
      },
      "ContentHeaders": {
      }
    },
    "Response": {
      "StatusCode": 200,
      "Headers": {
        "Cache-Control": [ "no-cache" ],
        "Pragma": [ "no-cache" ],
        "x-ms-request-id": [ "f2ef0a31-35cf-4e21-bc3b-418e8fcda41c" ],
        "Set-Cookie": [ "ARRAffinity=bc8f9f0257500901a71d8bb509bda65a70da8abe3582d417b2f4eb67370855ff;Path=/;HttpOnly;Domain=armrp-kustorpeus.kusto.windows.net" ],
        "X-Powered-By": [ "ASP.NET" ],
        "x-ms-ratelimit-remaining-subscription-resource-requests": [ "290" ],
        "x-ms-correlation-request-id": [ "c97a09e7-cc62-4d70-a5d8-a6043684ce37" ],
        "x-ms-routing-request-id": [ "NORTHEUROPE:20200730T091341Z:c97a09e7-cc62-4d70-a5d8-a6043684ce37" ],
        "Strict-Transport-Security": [ "max-age=31536000; includeSubDomains" ],
        "X-Content-Type-Options": [ "nosniff" ],
        "Date": [ "Thu, 30 Jul 2020 09:13:41 GMT" ]
      },
      "ContentHeaders": {
        "Expires": [ "-1" ],
        "Content-Length": [ "0" ]
      },
      "Content": null
    }
  },
  "Invoke-AzKustoDetachClusterFollowerDatabase+[NoContext]+DetachViaIdentityExpanded+$DELETE+https://management.azure.com/subscriptions/11d5f159-a21d-4a6c-8053-c3aae30057cf/resourceGroups/testgroup5arkid/providers/Microsoft.Kusto/Clusters/testcluster5arkid/Databases/testdatabasev8aetj?api-version=2020-06-14+11": {
    "Request": {
      "Method": "DELETE",
      "RequestUri": "https://management.azure.com/subscriptions/11d5f159-a21d-4a6c-8053-c3aae30057cf/resourceGroups/testgroup5arkid/providers/Microsoft.Kusto/Clusters/testcluster5arkid/Databases/testdatabasev8aetj?api-version=2020-06-14",
      "Content": null,
      "Headers": {
        "x-ms-unique-id": [ "217" ],
        "x-ms-client-request-id": [ "85d2200b-37cc-45b6-a3d6-2f77dea9251e" ],
        "CommandName": [ "Remove-AzKustoDatabase" ],
        "FullCommandName": [ "Remove-AzKustoDatabase_Delete" ],
        "ParameterSetName": [ "__AllParameterSets" ],
        "User-Agent": [ "AzurePowershell/Az4.0.0-preview" ],
        "Authorization": [ "[Filtered]" ]
      },
      "ContentHeaders": {
      }
    },
    "Response": {
      "StatusCode": 202,
      "Headers": {
        "Cache-Control": [ "no-cache" ],
        "Pragma": [ "no-cache" ],
        "Location": [ "https://management.azure.com/subscriptions/11d5f159-a21d-4a6c-8053-c3aae30057cf/providers/Microsoft.Kusto/locations/East%20US/operationResults/a2bfc0a0-ab03-4a7f-937f-73c6594734f5?api-version=2020-06-14\u0026operationResultResponseType=Location" ],
        "Azure-AsyncOperation": [ "https://management.azure.com/subscriptions/11d5f159-a21d-4a6c-8053-c3aae30057cf/providers/Microsoft.Kusto/locations/East US/operationResults/a2bfc0a0-ab03-4a7f-937f-73c6594734f5?api-version=2020-06-14" ],
        "Set-Cookie": [ "ARRAffinity=ee13eefe4ea373fa5ef5790d247e631fbf86d1836803eb84090a9ff65767d97e;Path=/;HttpOnly;Domain=armrp-kustorpeus.kusto.windows.net" ],
        "X-Powered-By": [ "ASP.NET" ],
        "x-ms-ratelimit-remaining-subscription-deletes": [ "14998" ],
        "x-ms-request-id": [ "63eb3b22-ea2f-4081-b3ec-25e6fe818a6f" ],
        "x-ms-correlation-request-id": [ "63eb3b22-ea2f-4081-b3ec-25e6fe818a6f" ],
        "x-ms-routing-request-id": [ "NORTHEUROPE:20200730T091342Z:63eb3b22-ea2f-4081-b3ec-25e6fe818a6f" ],
        "Strict-Transport-Security": [ "max-age=31536000; includeSubDomains" ],
        "X-Content-Type-Options": [ "nosniff" ],
        "Date": [ "Thu, 30 Jul 2020 09:13:41 GMT" ]
      },
      "ContentHeaders": {
        "Expires": [ "-1" ],
        "Content-Length": [ "0" ]
      },
      "Content": null
    }
  },
  "Invoke-AzKustoDetachClusterFollowerDatabase+[NoContext]+DetachViaIdentityExpanded+$GET+https://management.azure.com/subscriptions/11d5f159-a21d-4a6c-8053-c3aae30057cf/providers/Microsoft.Kusto/locations/East US/operationResults/a2bfc0a0-ab03-4a7f-937f-73c6594734f5?api-version=2020-06-14+12": {
    "Request": {
      "Method": "GET",
      "RequestUri": "https://management.azure.com/subscriptions/11d5f159-a21d-4a6c-8053-c3aae30057cf/providers/Microsoft.Kusto/locations/East%20US/operationResults/a2bfc0a0-ab03-4a7f-937f-73c6594734f5?api-version=2020-06-14",
      "Content": null,
      "Headers": {
        "x-ms-unique-id": [ "217", "218" ],
        "x-ms-client-request-id": [ "85d2200b-37cc-45b6-a3d6-2f77dea9251e", "85d2200b-37cc-45b6-a3d6-2f77dea9251e" ],
        "CommandName": [ "Remove-AzKustoDatabase", "Remove-AzKustoDatabase" ],
        "FullCommandName": [ "Remove-AzKustoDatabase_Delete", "Remove-AzKustoDatabase_Delete" ],
        "ParameterSetName": [ "__AllParameterSets", "__AllParameterSets" ],
        "User-Agent": [ "AzurePowershell/Az4.0.0-preview", "AzurePowershell/Az4.0.0-preview" ],
        "Authorization": [ "[Filtered]" ]
      },
      "ContentHeaders": {
      }
    },
    "Response": {
      "StatusCode": 200,
      "Headers": {
        "Cache-Control": [ "no-cache" ],
        "Pragma": [ "no-cache" ],
        "Vary": [ "Accept-Encoding" ],
        "x-ms-ratelimit-remaining-subscription-resource-requests": [ "289" ],
        "x-ms-request-id": [ "8db85997-32dd-4a70-aa53-ba19989bd082" ],
        "Set-Cookie": [ "ARRAffinity=e34cc694f88d2cbe7f9aacf6ad63bee7bccd1d260c3d4bca579a3d4cefc8109e;Path=/;HttpOnly;Domain=armrp-kustorpeus.kusto.windows.net" ],
        "X-Powered-By": [ "ASP.NET" ],
        "x-ms-correlation-request-id": [ "90ec3e20-e33f-4203-8dc7-9ac2b9c46c5b" ],
        "x-ms-routing-request-id": [ "NORTHEUROPE:20200730T091412Z:90ec3e20-e33f-4203-8dc7-9ac2b9c46c5b" ],
        "Strict-Transport-Security": [ "max-age=31536000; includeSubDomains" ],
        "X-Content-Type-Options": [ "nosniff" ],
        "Date": [ "Thu, 30 Jul 2020 09:14:11 GMT" ]
      },
      "ContentHeaders": {
        "Content-Length": [ "496" ],
        "Content-Type": [ "application/json; charset=utf-8" ],
        "Expires": [ "-1" ]
      },
      "Content": "{\"id\":\"/subscriptions/11d5f159-a21d-4a6c-8053-c3aae30057cf/providers/Microsoft.Kusto/locations/East US/operationresults/a2bfc0a0-ab03-4a7f-937f-73c6594734f5\",\"name\":\"a2bfc0a0-ab03-4a7f-937f-73c6594734f5\",\"status\":\"Succeeded\",\"startTime\":\"2020-07-30T09:13:42.3213553Z\",\"endTime\":\"2020-07-30T09:13:44.5715052Z\",\"percentComplete\":1.0,\"properties\":{\"OperationKind\":\"DatabaseDelete\",\"RootActivityId\":\"e1dfb51b-bece-440c-aba1-5bccfc33ad77\",\"provisioningState\":\"Succeeded\",\"OperationState\":\"Completed\"}}"
    }
  },
  "Invoke-AzKustoDetachClusterFollowerDatabase+[NoContext]+DetachViaIdentityExpanded+$GET+https://management.azure.com/subscriptions/11d5f159-a21d-4a6c-8053-c3aae30057cf/providers/Microsoft.Kusto/locations/East US/operationResults/a2bfc0a0-ab03-4a7f-937f-73c6594734f5?api-version=2020-06-14\u0026operationResultResponseType=Location+13": {
    "Request": {
      "Method": "GET",
      "RequestUri": "https://management.azure.com/subscriptions/11d5f159-a21d-4a6c-8053-c3aae30057cf/providers/Microsoft.Kusto/locations/East%20US/operationResults/a2bfc0a0-ab03-4a7f-937f-73c6594734f5?api-version=2020-06-14\u0026operationResultResponseType=Location",
      "Content": null,
      "Headers": {
        "x-ms-unique-id": [ "217", "218", "219" ],
        "x-ms-client-request-id": [ "85d2200b-37cc-45b6-a3d6-2f77dea9251e", "85d2200b-37cc-45b6-a3d6-2f77dea9251e", "85d2200b-37cc-45b6-a3d6-2f77dea9251e" ],
        "CommandName": [ "Remove-AzKustoDatabase", "Remove-AzKustoDatabase", "Remove-AzKustoDatabase" ],
        "FullCommandName": [ "Remove-AzKustoDatabase_Delete", "Remove-AzKustoDatabase_Delete", "Remove-AzKustoDatabase_Delete" ],
        "ParameterSetName": [ "__AllParameterSets", "__AllParameterSets", "__AllParameterSets" ],
        "User-Agent": [ "AzurePowershell/Az4.0.0-preview", "AzurePowershell/Az4.0.0-preview", "AzurePowershell/Az4.0.0-preview" ],
        "Authorization": [ "[Filtered]" ]
      },
      "ContentHeaders": {
      }
    },
    "Response": {
      "StatusCode": 200,
      "Headers": {
        "Cache-Control": [ "no-cache" ],
        "Pragma": [ "no-cache" ],
        "x-ms-request-id": [ "c9addc08-c73b-4304-aaf4-f0636693a443" ],
        "Set-Cookie": [ "ARRAffinity=bc8f9f0257500901a71d8bb509bda65a70da8abe3582d417b2f4eb67370855ff;Path=/;HttpOnly;Domain=armrp-kustorpeus.kusto.windows.net" ],
        "X-Powered-By": [ "ASP.NET" ],
        "x-ms-ratelimit-remaining-subscription-resource-requests": [ "288" ],
        "x-ms-correlation-request-id": [ "52500b22-77bb-45b1-b1d7-41e4faa80034" ],
        "x-ms-routing-request-id": [ "NORTHEUROPE:20200730T091412Z:52500b22-77bb-45b1-b1d7-41e4faa80034" ],
        "Strict-Transport-Security": [ "max-age=31536000; includeSubDomains" ],
        "X-Content-Type-Options": [ "nosniff" ],
        "Date": [ "Thu, 30 Jul 2020 09:14:12 GMT" ]
      },
      "ContentHeaders": {
        "Expires": [ "-1" ],
        "Content-Length": [ "0" ]
      },
      "Content": null
    }
  }
}