{
  "Invoke-AzKustoDetachClusterFollowerDatabase+[NoContext]+DetachExpanded+$PUT+https://management.azure.com/subscriptions/11d5f159-a21d-4a6c-8053-c3aae30057cf/resourceGroups/testgroupyefkpv/providers/Microsoft.Kusto/Clusters/blablab123/Databases/testdatabase2t4c3l?api-version=2021-01-01+1": {
    "Request": {
      "Method": "PUT",
      "RequestUri": "https://management.azure.com/subscriptions/11d5f159-a21d-4a6c-8053-c3aae30057cf/resourceGroups/testgroupyefkpv/providers/Microsoft.Kusto/Clusters/blablab123/Databases/testdatabase2t4c3l?api-version=2021-01-01",
      "Content": "{\r\n  \"kind\": \"ReadWrite\",\r\n  \"location\": \"East US\"\r\n}",
      "Headers": {
      },
      "ContentHeaders": {
        "Content-Type": [ "application/json" ],
        "Content-Length": [ "53" ]
      }
    },
    "Response": {
      "StatusCode": 201,
      "Headers": {
        "Cache-Control": [ "no-cache" ],
        "Pragma": [ "no-cache" ],
        "ETag": [ "\"\"" ],
        "x-ms-request-id": [ "e9148018-b762-4a7d-8b84-088679cddf96" ],
        "Azure-AsyncOperation": [ "https://management.azure.com/subscriptions/11d5f159-a21d-4a6c-8053-c3aae30057cf/providers/Microsoft.Kusto/locations/East US/operationResults/1739e1f7-0d06-4ab1-8dfe-b370c8ea0e81?api-version=2021-01-01" ],
        "Server": [ "Microsoft-HTTPAPI/2.0" ],
        "x-ms-ratelimit-remaining-subscription-resource-requests": [ "199" ],
        "x-ms-correlation-request-id": [ "2be83896-ee45-4724-9cbc-12fb04be23dc" ],
        "x-ms-routing-request-id": [ "UAECENTRAL:20210506T074007Z:2be83896-ee45-4724-9cbc-12fb04be23dc" ],
        "Strict-Transport-Security": [ "max-age=31536000; includeSubDomains" ],
        "X-Content-Type-Options": [ "nosniff" ],
        "Date": [ "Thu, 06 May 2021 07:40:07 GMT" ]
      },
      "ContentHeaders": {
        "Content-Length": [ "349" ],
        "Content-Type": [ "application/json; charset=utf-8" ],
        "Expires": [ "-1" ]
      },
      "Content": "{\"id\":\"/subscriptions/11d5f159-a21d-4a6c-8053-c3aae30057cf/resourceGroups/testgroupyefkpv/providers/Microsoft.Kusto/Clusters/blablab123/Databases/testdatabase2t4c3l\",\"name\":\"blablab123/testdatabase2t4c3l\",\"type\":\"Microsoft.Kusto/Clusters/Databases\",\"etag\":\"\\\"\\\"\",\"location\":\"East US\",\"kind\":\"ReadWrite\",\"properties\":{\"provisioningState\":\"Creating\"}}"
    }
  },
  "Invoke-AzKustoDetachClusterFollowerDatabase+[NoContext]+DetachExpanded+$GET+https://management.azure.com/subscriptions/11d5f159-a21d-4a6c-8053-c3aae30057cf/providers/Microsoft.Kusto/locations/East US/operationResults/1739e1f7-0d06-4ab1-8dfe-b370c8ea0e81?api-version=2021-01-01+2": {
    "Request": {
      "Method": "GET",
      "RequestUri": "https://management.azure.com/subscriptions/11d5f159-a21d-4a6c-8053-c3aae30057cf/providers/Microsoft.Kusto/locations/East%20US/operationResults/1739e1f7-0d06-4ab1-8dfe-b370c8ea0e81?api-version=2021-01-01",
      "Content": null,
      "Headers": {
        "x-ms-unique-id": [ "196", "197" ],
        "x-ms-client-request-id": [ "60fafdd8-8140-4a5c-84f6-86d1065d8b11", "60fafdd8-8140-4a5c-84f6-86d1065d8b11" ],
        "CommandName": [ "Az.Kusto.internal\\New-AzKustoDatabase", "Az.Kusto.internal\\New-AzKustoDatabase" ],
        "FullCommandName": [ "New-AzKustoDatabase_Create", "New-AzKustoDatabase_Create" ],
        "ParameterSetName": [ "__AllParameterSets", "__AllParameterSets" ],
        "User-Agent": [ "AzurePowershell/Az4.0.0-preview", "AzurePowershell/Az4.0.0-preview" ],
        "Authorization": [ "[Filtered]" ]
      },
      "ContentHeaders": {
      }
    },
    "Response": {
      "StatusCode": 200,
      "Headers": {
        "Cache-Control": [ "no-cache" ],
        "Pragma": [ "no-cache" ],
        "x-ms-request-id": [ "2a7b3ae6-05b9-4f98-ab5f-2ab7c3101883" ],
        "Server": [ "Microsoft-HTTPAPI/2.0" ],
        "x-ms-ratelimit-remaining-subscription-resource-requests": [ "287" ],
        "x-ms-correlation-request-id": [ "b8c17450-b8ae-49c3-a92d-f7c216c171f9" ],
        "x-ms-routing-request-id": [ "UAECENTRAL:20210506T074038Z:b8c17450-b8ae-49c3-a92d-f7c216c171f9" ],
        "Strict-Transport-Security": [ "max-age=31536000; includeSubDomains" ],
        "X-Content-Type-Options": [ "nosniff" ],
        "Date": [ "Thu, 06 May 2021 07:40:37 GMT" ]
      },
      "ContentHeaders": {
        "Content-Length": [ "496" ],
        "Content-Type": [ "application/json; charset=utf-8" ],
        "Expires": [ "-1" ]
      },
      "Content": "{\"id\":\"/subscriptions/11d5f159-a21d-4a6c-8053-c3aae30057cf/providers/Microsoft.Kusto/locations/East US/operationresults/1739e1f7-0d06-4ab1-8dfe-b370c8ea0e81\",\"name\":\"1739e1f7-0d06-4ab1-8dfe-b370c8ea0e81\",\"status\":\"Succeeded\",\"startTime\":\"2021-05-06T07:40:07.8018278Z\",\"endTime\":\"2021-05-06T07:40:10.3177046Z\",\"percentComplete\":1.0,\"properties\":{\"OperationKind\":\"DatabaseCreate\",\"RootActivityId\":\"735e909e-bee3-41f4-9e83-3ad52daa5b93\",\"provisioningState\":\"Succeeded\",\"OperationState\":\"Completed\"}}"
    }
  },
  "Invoke-AzKustoDetachClusterFollowerDatabase+[NoContext]+DetachExpanded+$GET+https://management.azure.com/subscriptions/11d5f159-a21d-4a6c-8053-c3aae30057cf/resourceGroups/testgroupyefkpv/providers/Microsoft.Kusto/Clusters/blablab123/Databases/testdatabase2t4c3l?api-version=2021-01-01+3": {
    "Request": {
      "Method": "GET",
      "RequestUri": "https://management.azure.com/subscriptions/11d5f159-a21d-4a6c-8053-c3aae30057cf/resourceGroups/testgroupyefkpv/providers/Microsoft.Kusto/Clusters/blablab123/Databases/testdatabase2t4c3l?api-version=2021-01-01",
      "Content": null,
      "Headers": {
        "x-ms-unique-id": [ "196", "197", "198" ],
        "x-ms-client-request-id": [ "60fafdd8-8140-4a5c-84f6-86d1065d8b11", "60fafdd8-8140-4a5c-84f6-86d1065d8b11", "60fafdd8-8140-4a5c-84f6-86d1065d8b11" ],
        "CommandName": [ "Az.Kusto.internal\\New-AzKustoDatabase", "Az.Kusto.internal\\New-AzKustoDatabase", "Az.Kusto.internal\\New-AzKustoDatabase" ],
        "FullCommandName": [ "New-AzKustoDatabase_Create", "New-AzKustoDatabase_Create", "New-AzKustoDatabase_Create" ],
        "ParameterSetName": [ "__AllParameterSets", "__AllParameterSets", "__AllParameterSets" ],
        "User-Agent": [ "AzurePowershell/Az4.0.0-preview", "AzurePowershell/Az4.0.0-preview", "AzurePowershell/Az4.0.0-preview" ],
        "Authorization": [ "[Filtered]" ]
      },
      "ContentHeaders": {
      }
    },
    "Response": {
      "StatusCode": 200,
      "Headers": {
        "Cache-Control": [ "no-cache" ],
        "Pragma": [ "no-cache" ],
        "ETag": [ "\"\"" ],
        "x-ms-request-id": [ "5ca2b375-eb6d-427c-b5a3-a66bf2ac6fa0" ],
        "Server": [ "Microsoft-HTTPAPI/2.0" ],
        "x-ms-ratelimit-remaining-subscription-resource-requests": [ "294" ],
        "x-ms-correlation-request-id": [ "a9dc96ab-c928-4c74-9ae1-15e6299b0c9f" ],
        "x-ms-routing-request-id": [ "UAECENTRAL:20210506T074038Z:a9dc96ab-c928-4c74-9ae1-15e6299b0c9f" ],
        "Strict-Transport-Security": [ "max-age=31536000; includeSubDomains" ],
        "X-Content-Type-Options": [ "nosniff" ],
        "Date": [ "Thu, 06 May 2021 07:40:38 GMT" ]
      },
      "ContentHeaders": {
        "Content-Length": [ "457" ],
        "Content-Type": [ "application/json; charset=utf-8" ],
        "Expires": [ "-1" ]
      },
      "Content": "{\"id\":\"/subscriptions/11d5f159-a21d-4a6c-8053-c3aae30057cf/resourceGroups/testgroupyefkpv/providers/Microsoft.Kusto/Clusters/blablab123/Databases/testdatabase2t4c3l\",\"name\":\"blablab123/testdatabase2t4c3l\",\"type\":\"Microsoft.Kusto/Clusters/Databases\",\"etag\":\"\\\"\\\"\",\"location\":\"East US\",\"kind\":\"ReadWrite\",\"tags\":{},\"properties\":{\"isFollowed\":false,\"softDeletePeriodInDays\":0,\"hotCachePeriodInDays\":0,\"statistics\":{\"size\":0.0},\"provisioningState\":\"Succeeded\"}}"
    }
  },
  "Invoke-AzKustoDetachClusterFollowerDatabase+[NoContext]+DetachExpanded+$PUT+https://management.azure.com/subscriptions/11d5f159-a21d-4a6c-8053-c3aae30057cf/resourceGroups/testgroupyefkpv/providers/Microsoft.Kusto/Clusters/testfclusterjn2yu0/AttachedDatabaseConfigurations/testdbconf2t4c3l?api-version=2021-01-01+4": {
    "Request": {
      "Method": "PUT",
      "RequestUri": "https://management.azure.com/subscriptions/11d5f159-a21d-4a6c-8053-c3aae30057cf/resourceGroups/testgroupyefkpv/providers/Microsoft.Kusto/Clusters/testfclusterjn2yu0/AttachedDatabaseConfigurations/testdbconf2t4c3l?api-version=2021-01-01",
      "Content": "{\r\n  \"properties\": {\r\n    \"clusterResourceId\": \"/subscriptions/11d5f159-a21d-4a6c-8053-c3aae30057cf/resourcegroups/testgroupyefkpv/providers/Microsoft.Kusto/Clusters/blablab123\",\r\n    \"databaseName\": \"testdatabase2t4c3l\",\r\n    \"defaultPrincipalsModificationKind\": \"Union\"\r\n  },\r\n  \"location\": \"East US\"\r\n}",
      "Headers": {
      },
      "ContentHeaders": {
        "Content-Type": [ "application/json" ],
        "Content-Length": [ "305" ]
      }
    },
    "Response": {
      "StatusCode": 201,
      "Headers": {
        "Cache-Control": [ "no-cache" ],
        "Pragma": [ "no-cache" ],
        "ETag": [ "\"\"" ],
        "x-ms-request-id": [ "c1f2f02d-0b88-41d3-8a0c-3c7cf6038f81" ],
        "Azure-AsyncOperation": [ "https://management.azure.com/subscriptions/11d5f159-a21d-4a6c-8053-c3aae30057cf/providers/Microsoft.Kusto/locations/East US/operationResults/eedebbed-7507-4fa0-bc4f-0fc6bc820930?api-version=2021-01-01" ],
        "Server": [ "Microsoft-HTTPAPI/2.0" ],
        "x-ms-ratelimit-remaining-subscription-resource-requests": [ "199" ],
        "x-ms-correlation-request-id": [ "043e9b9e-20bf-4182-b5a5-d43d5681fa96" ],
        "x-ms-routing-request-id": [ "UAECENTRAL:20210506T074040Z:043e9b9e-20bf-4182-b5a5-d43d5681fa96" ],
        "Strict-Transport-Security": [ "max-age=31536000; includeSubDomains" ],
        "X-Content-Type-Options": [ "nosniff" ],
        "Date": [ "Thu, 06 May 2021 07:40:39 GMT" ]
      },
      "ContentHeaders": {
        "Content-Length": [ "615" ],
        "Content-Type": [ "application/json; charset=utf-8" ],
        "Expires": [ "-1" ]
      },
      "Content": "{\"id\":\"/subscriptions/11d5f159-a21d-4a6c-8053-c3aae30057cf/resourceGroups/testgroupyefkpv/providers/Microsoft.Kusto/Clusters/testfclusterjn2yu0/AttachedDatabaseConfigurations/testdbconf2t4c3l\",\"name\":\"testfclusterjn2yu0/testdbconf2t4c3l\",\"type\":\"Microsoft.Kusto/Clusters/AttachedDatabaseConfigurations\",\"etag\":\"\\\"\\\"\",\"location\":\"East US\",\"properties\":{\"clusterResourceId\":\"/subscriptions/11d5f159-a21d-4a6c-8053-c3aae30057cf/resourcegroups/testgroupyefkpv/providers/Microsoft.Kusto/Clusters/blablab123\",\"databaseName\":\"testdatabase2t4c3l\",\"defaultPrincipalsModificationKind\":\"Union\",\"provisioningState\":\"Creating\"}}"
    }
  },
  "Invoke-AzKustoDetachClusterFollowerDatabase+[NoContext]+DetachExpanded+$GET+https://management.azure.com/subscriptions/11d5f159-a21d-4a6c-8053-c3aae30057cf/providers/Microsoft.Kusto/locations/East US/operationResults/eedebbed-7507-4fa0-bc4f-0fc6bc820930?api-version=2021-01-01+5": {
    "Request": {
      "Method": "GET",
      "RequestUri": "https://management.azure.com/subscriptions/11d5f159-a21d-4a6c-8053-c3aae30057cf/providers/Microsoft.Kusto/locations/East%20US/operationResults/eedebbed-7507-4fa0-bc4f-0fc6bc820930?api-version=2021-01-01",
      "Content": null,
      "Headers": {
        "x-ms-unique-id": [ "199", "200" ],
        "x-ms-client-request-id": [ "81ca8ea9-1fe0-491a-8c82-e611effccf18", "81ca8ea9-1fe0-491a-8c82-e611effccf18" ],
        "CommandName": [ "New-AzKustoAttachedDatabaseConfiguration", "New-AzKustoAttachedDatabaseConfiguration" ],
        "FullCommandName": [ "New-AzKustoAttachedDatabaseConfiguration_CreateExpanded", "New-AzKustoAttachedDatabaseConfiguration_CreateExpanded" ],
        "ParameterSetName": [ "__AllParameterSets", "__AllParameterSets" ],
        "User-Agent": [ "AzurePowershell/Az4.0.0-preview", "AzurePowershell/Az4.0.0-preview" ],
        "Authorization": [ "[Filtered]" ]
      },
      "ContentHeaders": {
      }
    },
    "Response": {
      "StatusCode": 200,
      "Headers": {
        "Cache-Control": [ "no-cache" ],
        "Pragma": [ "no-cache" ],
        "x-ms-request-id": [ "9bbfde26-f349-4db3-b3ae-5f63bee82f28" ],
        "Server": [ "Microsoft-HTTPAPI/2.0" ],
        "x-ms-ratelimit-remaining-subscription-resource-requests": [ "286" ],
        "x-ms-correlation-request-id": [ "bd053d9f-8fa8-4caa-8889-4cc732ad4b5e" ],
        "x-ms-routing-request-id": [ "UAECENTRAL:20210506T074110Z:bd053d9f-8fa8-4caa-8889-4cc732ad4b5e" ],
        "Strict-Transport-Security": [ "max-age=31536000; includeSubDomains" ],
        "X-Content-Type-Options": [ "nosniff" ],
        "Date": [ "Thu, 06 May 2021 07:41:10 GMT" ]
      },
      "ContentHeaders": {
        "Content-Length": [ "504" ],
        "Content-Type": [ "application/json; charset=utf-8" ],
        "Expires": [ "-1" ]
      },
      "Content": "{\"id\":\"/subscriptions/11d5f159-a21d-4a6c-8053-c3aae30057cf/providers/Microsoft.Kusto/locations/East US/operationresults/eedebbed-7507-4fa0-bc4f-0fc6bc820930\",\"name\":\"eedebbed-7507-4fa0-bc4f-0fc6bc820930\",\"status\":\"Succeeded\",\"startTime\":\"2021-05-06T07:40:40.0392489Z\",\"endTime\":\"2021-05-06T07:40:43.4926235Z\",\"percentComplete\":1.0,\"properties\":{\"OperationKind\":\"FollowerDatabaseCreate\",\"RootActivityId\":\"982ecd37-6ea2-48af-9971-76051b5f6e5d\",\"provisioningState\":\"Succeeded\",\"OperationState\":\"Completed\"}}"
    }
  },
  "Invoke-AzKustoDetachClusterFollowerDatabase+[NoContext]+DetachExpanded+$GET+https://management.azure.com/subscriptions/11d5f159-a21d-4a6c-8053-c3aae30057cf/resourceGroups/testgroupyefkpv/providers/Microsoft.Kusto/Clusters/testfclusterjn2yu0/AttachedDatabaseConfigurations/testdbconf2t4c3l?api-version=2021-01-01+6": {
    "Request": {
      "Method": "GET",
      "RequestUri": "https://management.azure.com/subscriptions/11d5f159-a21d-4a6c-8053-c3aae30057cf/resourceGroups/testgroupyefkpv/providers/Microsoft.Kusto/Clusters/testfclusterjn2yu0/AttachedDatabaseConfigurations/testdbconf2t4c3l?api-version=2021-01-01",
      "Content": null,
      "Headers": {
        "x-ms-unique-id": [ "199", "200", "201" ],
        "x-ms-client-request-id": [ "81ca8ea9-1fe0-491a-8c82-e611effccf18", "81ca8ea9-1fe0-491a-8c82-e611effccf18", "81ca8ea9-1fe0-491a-8c82-e611effccf18" ],
        "CommandName": [ "New-AzKustoAttachedDatabaseConfiguration", "New-AzKustoAttachedDatabaseConfiguration", "New-AzKustoAttachedDatabaseConfiguration" ],
        "FullCommandName": [ "New-AzKustoAttachedDatabaseConfiguration_CreateExpanded", "New-AzKustoAttachedDatabaseConfiguration_CreateExpanded", "New-AzKustoAttachedDatabaseConfiguration_CreateExpanded" ],
        "ParameterSetName": [ "__AllParameterSets", "__AllParameterSets", "__AllParameterSets" ],
        "User-Agent": [ "AzurePowershell/Az4.0.0-preview", "AzurePowershell/Az4.0.0-preview", "AzurePowershell/Az4.0.0-preview" ],
        "Authorization": [ "[Filtered]" ]
      },
      "ContentHeaders": {
      }
    },
    "Response": {
      "StatusCode": 200,
      "Headers": {
        "Cache-Control": [ "no-cache" ],
        "Pragma": [ "no-cache" ],
        "ETag": [ "\"\"" ],
        "x-ms-request-id": [ "8d3a2421-b684-479d-b4cf-d5b7601ac003" ],
        "Server": [ "Microsoft-HTTPAPI/2.0" ],
        "x-ms-ratelimit-remaining-subscription-resource-requests": [ "297" ],
        "x-ms-correlation-request-id": [ "2289f7b8-f0ef-45e0-b811-3469a3b2385c" ],
        "x-ms-routing-request-id": [ "UAECENTRAL:20210506T074111Z:2289f7b8-f0ef-45e0-b811-3469a3b2385c" ],
        "Strict-Transport-Security": [ "max-age=31536000; includeSubDomains" ],
        "X-Content-Type-Options": [ "nosniff" ],
        "Date": [ "Thu, 06 May 2021 07:41:11 GMT" ]
      },
      "ContentHeaders": {
        "Content-Length": [ "708" ],
        "Content-Type": [ "application/json; charset=utf-8" ],
        "Expires": [ "-1" ]
      },
      "Content": "{\"id\":\"/subscriptions/11d5f159-a21d-4a6c-8053-c3aae30057cf/resourceGroups/testgroupyefkpv/providers/Microsoft.Kusto/Clusters/testfclusterjn2yu0/AttachedDatabaseConfigurations/testdbconf2t4c3l\",\"name\":\"testfclusterjn2yu0/testdbconf2t4c3l\",\"type\":\"Microsoft.Kusto/Clusters/AttachedDatabaseConfigurations\",\"etag\":\"\\\"\\\"\",\"location\":\"East US\",\"tags\":{},\"properties\":{\"clusterResourceId\":\"/subscriptions/11d5f159-a21d-4a6c-8053-c3aae30057cf/resourceGroups/testgroupyefkpv/providers/Microsoft.Kusto/Clusters/blablab123\",\"databaseName\":\"testdatabase2t4c3l\",\"attachedDatabaseNames\":[\"testdatabase2t4c3l\"],\"defaultPrincipalsModificationKind\":\"Union\",\"tableLevelSharingProperties\":null,\"provisioningState\":\"Succeeded\"}}"
    }
  },
  "Invoke-AzKustoDetachClusterFollowerDatabase+[NoContext]+DetachExpanded+$POST+https://management.azure.com/subscriptions/11d5f159-a21d-4a6c-8053-c3aae30057cf/resourceGroups/testgroupyefkpv/providers/Microsoft.Kusto/Clusters/blablab123/detachFollowerDatabases?api-version=2021-01-01+7": {
    "Request": {
      "Method": "POST",
      "RequestUri": "https://management.azure.com/subscriptions/11d5f159-a21d-4a6c-8053-c3aae30057cf/resourceGroups/testgroupyefkpv/providers/Microsoft.Kusto/Clusters/blablab123/detachFollowerDatabases?api-version=2021-01-01",
      "Content": "{\r\n  \"attachedDatabaseConfigurationName\": \"testdbconf2t4c3l\",\r\n  \"clusterResourceId\": \"/subscriptions/11d5f159-a21d-4a6c-8053-c3aae30057cf/resourcegroups/testgroupyefkpv/providers/Microsoft.Kusto/Clusters/testfclusterjn2yu0\"\r\n}",
      "Headers": {
      },
      "ContentHeaders": {
        "Content-Type": [ "application/json" ],
        "Content-Length": [ "227" ]
      }
    },
    "Response": {
      "StatusCode": 202,
      "Headers": {
        "Cache-Control": [ "no-cache" ],
        "Pragma": [ "no-cache" ],
        "Location": [ "https://management.azure.com/subscriptions/11d5f159-a21d-4a6c-8053-c3aae30057cf/providers/Microsoft.Kusto/locations/East%20US/operationResults/3e8915b2-d254-499d-8123-313c54f96eaa?api-version=2021-01-01\u0026operationResultResponseType=Location" ],
        "x-ms-request-id": [ "fcb7bf1e-4ff6-44af-a236-6dc01ba123cc" ],
        "Azure-AsyncOperation": [ "https://management.azure.com/subscriptions/11d5f159-a21d-4a6c-8053-c3aae30057cf/providers/Microsoft.Kusto/locations/East US/operationResults/3e8915b2-d254-499d-8123-313c54f96eaa?api-version=2021-01-01" ],
        "Server": [ "Microsoft-HTTPAPI/2.0" ],
        "x-ms-ratelimit-remaining-subscription-writes": [ "1190" ],
        "x-ms-correlation-request-id": [ "6a71de31-dc99-4da8-bae6-9fadb097ff57" ],
        "x-ms-routing-request-id": [ "UAECENTRAL:20210506T074112Z:6a71de31-dc99-4da8-bae6-9fadb097ff57" ],
        "Strict-Transport-Security": [ "max-age=31536000; includeSubDomains" ],
        "X-Content-Type-Options": [ "nosniff" ],
        "Date": [ "Thu, 06 May 2021 07:41:12 GMT" ]
      },
      "ContentHeaders": {
        "Expires": [ "-1" ],
        "Content-Length": [ "0" ]
      },
      "Content": null
    }
  },
  "Invoke-AzKustoDetachClusterFollowerDatabase+[NoContext]+DetachExpanded+$GET+https://management.azure.com/subscriptions/11d5f159-a21d-4a6c-8053-c3aae30057cf/providers/Microsoft.Kusto/locations/East US/operationResults/3e8915b2-d254-499d-8123-313c54f96eaa?api-version=2021-01-01+8": {
    "Request": {
      "Method": "GET",
      "RequestUri": "https://management.azure.com/subscriptions/11d5f159-a21d-4a6c-8053-c3aae30057cf/providers/Microsoft.Kusto/locations/East%20US/operationResults/3e8915b2-d254-499d-8123-313c54f96eaa?api-version=2021-01-01",
      "Content": null,
      "Headers": {
        "x-ms-unique-id": [ "202", "203" ],
        "x-ms-client-request-id": [ "1112bd91-6cda-40a4-a0de-4705fc03b60c", "1112bd91-6cda-40a4-a0de-4705fc03b60c" ],
        "CommandName": [ "Invoke-AzKustoDetachClusterFollowerDatabase", "Invoke-AzKustoDetachClusterFollowerDatabase" ],
        "FullCommandName": [ "Invoke-AzKustoDetachClusterFollowerDatabase_DetachExpanded", "Invoke-AzKustoDetachClusterFollowerDatabase_DetachExpanded" ],
        "ParameterSetName": [ "__AllParameterSets", "__AllParameterSets" ],
        "User-Agent": [ "AzurePowershell/Az4.0.0-preview", "AzurePowershell/Az4.0.0-preview" ],
        "Authorization": [ "[Filtered]" ]
      },
      "ContentHeaders": {
      }
    },
    "Response": {
      "StatusCode": 200,
      "Headers": {
        "Cache-Control": [ "no-cache" ],
        "Pragma": [ "no-cache" ],
        "x-ms-request-id": [ "59bb08ca-97a2-4b66-86bd-859309ce2833" ],
        "Server": [ "Microsoft-HTTPAPI/2.0" ],
        "x-ms-ratelimit-remaining-subscription-resource-requests": [ "285" ],
        "x-ms-correlation-request-id": [ "bd767d0c-721d-4d99-a964-25f0e1e73d7e" ],
        "x-ms-routing-request-id": [ "UAECENTRAL:20210506T074142Z:bd767d0c-721d-4d99-a964-25f0e1e73d7e" ],
        "Strict-Transport-Security": [ "max-age=31536000; includeSubDomains" ],
        "X-Content-Type-Options": [ "nosniff" ],
        "Date": [ "Thu, 06 May 2021 07:41:41 GMT" ]
      },
      "ContentHeaders": {
        "Content-Length": [ "504" ],
        "Content-Type": [ "application/json; charset=utf-8" ],
        "Expires": [ "-1" ]
      },
      "Content": "{\"id\":\"/subscriptions/11d5f159-a21d-4a6c-8053-c3aae30057cf/providers/Microsoft.Kusto/locations/East US/operationresults/3e8915b2-d254-499d-8123-313c54f96eaa\",\"name\":\"3e8915b2-d254-499d-8123-313c54f96eaa\",\"status\":\"Succeeded\",\"startTime\":\"2021-05-06T07:41:12.1715323Z\",\"endTime\":\"2021-05-06T07:41:15.5154481Z\",\"percentComplete\":1.0,\"properties\":{\"OperationKind\":\"FollowerDatabaseDetach\",\"RootActivityId\":\"1e7483d3-75f0-4c3a-a529-f53f6a4a0efb\",\"provisioningState\":\"Succeeded\",\"OperationState\":\"Completed\"}}"
    }
  },
  "Invoke-AzKustoDetachClusterFollowerDatabase+[NoContext]+DetachExpanded+$GET+https://management.azure.com/subscriptions/11d5f159-a21d-4a6c-8053-c3aae30057cf/providers/Microsoft.Kusto/locations/East US/operationResults/3e8915b2-d254-499d-8123-313c54f96eaa?api-version=2021-01-01\u0026operationResultResponseType=Location+9": {
    "Request": {
      "Method": "GET",
      "RequestUri": "https://management.azure.com/subscriptions/11d5f159-a21d-4a6c-8053-c3aae30057cf/providers/Microsoft.Kusto/locations/East%20US/operationResults/3e8915b2-d254-499d-8123-313c54f96eaa?api-version=2021-01-01\u0026operationResultResponseType=Location",
      "Content": null,
      "Headers": {
        "x-ms-unique-id": [ "202", "203", "204" ],
        "x-ms-client-request-id": [ "1112bd91-6cda-40a4-a0de-4705fc03b60c", "1112bd91-6cda-40a4-a0de-4705fc03b60c", "1112bd91-6cda-40a4-a0de-4705fc03b60c" ],
        "CommandName": [ "Invoke-AzKustoDetachClusterFollowerDatabase", "Invoke-AzKustoDetachClusterFollowerDatabase", "Invoke-AzKustoDetachClusterFollowerDatabase" ],
        "FullCommandName": [ "Invoke-AzKustoDetachClusterFollowerDatabase_DetachExpanded", "Invoke-AzKustoDetachClusterFollowerDatabase_DetachExpanded", "Invoke-AzKustoDetachClusterFollowerDatabase_DetachExpanded" ],
        "ParameterSetName": [ "__AllParameterSets", "__AllParameterSets", "__AllParameterSets" ],
        "User-Agent": [ "AzurePowershell/Az4.0.0-preview", "AzurePowershell/Az4.0.0-preview", "AzurePowershell/Az4.0.0-preview" ],
        "Authorization": [ "[Filtered]" ]
      },
      "ContentHeaders": {
      }
    },
    "Response": {
      "StatusCode": 200,
      "Headers": {
        "Cache-Control": [ "no-cache" ],
        "Pragma": [ "no-cache" ],
        "x-ms-request-id": [ "b0b263fe-0ce1-4d80-99d0-d285a296d86e" ],
        "Server": [ "Microsoft-HTTPAPI/2.0" ],
        "x-ms-ratelimit-remaining-subscription-resource-requests": [ "284" ],
        "x-ms-correlation-request-id": [ "ba27dd33-c0a8-4dba-b4ec-afbf16d30d77" ],
        "x-ms-routing-request-id": [ "UAECENTRAL:20210506T074143Z:ba27dd33-c0a8-4dba-b4ec-afbf16d30d77" ],
        "Strict-Transport-Security": [ "max-age=31536000; includeSubDomains" ],
        "X-Content-Type-Options": [ "nosniff" ],
        "Date": [ "Thu, 06 May 2021 07:41:42 GMT" ]
      },
      "ContentHeaders": {
        "Expires": [ "-1" ],
        "Content-Length": [ "0" ]
      },
      "Content": null
    }
  },
  "Invoke-AzKustoDetachClusterFollowerDatabase+[NoContext]+DetachExpanded+$DELETE+https://management.azure.com/subscriptions/11d5f159-a21d-4a6c-8053-c3aae30057cf/resourceGroups/testgroupyefkpv/providers/Microsoft.Kusto/Clusters/blablab123/Databases/testdatabase2t4c3l?api-version=2021-01-01+10": {
    "Request": {
      "Method": "DELETE",
      "RequestUri": "https://management.azure.com/subscriptions/11d5f159-a21d-4a6c-8053-c3aae30057cf/resourceGroups/testgroupyefkpv/providers/Microsoft.Kusto/Clusters/blablab123/Databases/testdatabase2t4c3l?api-version=2021-01-01",
      "Content": null,
      "Headers": {
        "x-ms-unique-id": [ "205" ],
        "x-ms-client-request-id": [ "e961083b-e8e7-4c2c-b83e-885fa84c4209" ],
        "CommandName": [ "Remove-AzKustoDatabase" ],
        "FullCommandName": [ "Remove-AzKustoDatabase_Delete" ],
        "ParameterSetName": [ "__AllParameterSets" ],
        "User-Agent": [ "AzurePowershell/Az4.0.0-preview" ],
        "Authorization": [ "[Filtered]" ]
      },
      "ContentHeaders": {
      }
    },
    "Response": {
      "StatusCode": 202,
      "Headers": {
        "Cache-Control": [ "no-cache" ],
        "Pragma": [ "no-cache" ],
        "Location": [ "https://management.azure.com/subscriptions/11d5f159-a21d-4a6c-8053-c3aae30057cf/providers/Microsoft.Kusto/locations/East%20US/operationResults/14e10ec7-8858-4c3b-8266-0e62a3a3c2a9?api-version=2021-01-01\u0026operationResultResponseType=Location" ],
        "Azure-AsyncOperation": [ "https://management.azure.com/subscriptions/11d5f159-a21d-4a6c-8053-c3aae30057cf/providers/Microsoft.Kusto/locations/East US/operationResults/14e10ec7-8858-4c3b-8266-0e62a3a3c2a9?api-version=2021-01-01" ],
        "Server": [ "Microsoft-HTTPAPI/2.0" ],
        "x-ms-ratelimit-remaining-subscription-deletes": [ "14999" ],
        "x-ms-request-id": [ "62550e4c-cfa1-4bf6-9fd2-7de99d747283" ],
        "x-ms-correlation-request-id": [ "62550e4c-cfa1-4bf6-9fd2-7de99d747283" ],
        "x-ms-routing-request-id": [ "UAECENTRAL:20210506T074144Z:62550e4c-cfa1-4bf6-9fd2-7de99d747283" ],
        "Strict-Transport-Security": [ "max-age=31536000; includeSubDomains" ],
        "X-Content-Type-Options": [ "nosniff" ],
        "Date": [ "Thu, 06 May 2021 07:41:43 GMT" ]
      },
      "ContentHeaders": {
        "Expires": [ "-1" ],
        "Content-Length": [ "0" ]
      },
      "Content": null
    }
  },
  "Invoke-AzKustoDetachClusterFollowerDatabase+[NoContext]+DetachExpanded+$GET+https://management.azure.com/subscriptions/11d5f159-a21d-4a6c-8053-c3aae30057cf/providers/Microsoft.Kusto/locations/East US/operationResults/14e10ec7-8858-4c3b-8266-0e62a3a3c2a9?api-version=2021-01-01+11": {
    "Request": {
      "Method": "GET",
      "RequestUri": "https://management.azure.com/subscriptions/11d5f159-a21d-4a6c-8053-c3aae30057cf/providers/Microsoft.Kusto/locations/East%20US/operationResults/14e10ec7-8858-4c3b-8266-0e62a3a3c2a9?api-version=2021-01-01",
      "Content": null,
      "Headers": {
        "x-ms-unique-id": [ "205", "206" ],
        "x-ms-client-request-id": [ "e961083b-e8e7-4c2c-b83e-885fa84c4209", "e961083b-e8e7-4c2c-b83e-885fa84c4209" ],
        "CommandName": [ "Remove-AzKustoDatabase", "Remove-AzKustoDatabase" ],
        "FullCommandName": [ "Remove-AzKustoDatabase_Delete", "Remove-AzKustoDatabase_Delete" ],
        "ParameterSetName": [ "__AllParameterSets", "__AllParameterSets" ],
        "User-Agent": [ "AzurePowershell/Az4.0.0-preview", "AzurePowershell/Az4.0.0-preview" ],
        "Authorization": [ "[Filtered]" ]
      },
      "ContentHeaders": {
      }
    },
    "Response": {
      "StatusCode": 200,
      "Headers": {
        "Cache-Control": [ "no-cache" ],
        "Pragma": [ "no-cache" ],
        "x-ms-request-id": [ "323c79d5-1bdd-4ae5-a3d3-a0227f1eef93" ],
        "Server": [ "Microsoft-HTTPAPI/2.0" ],
        "x-ms-ratelimit-remaining-subscription-resource-requests": [ "283" ],
        "x-ms-correlation-request-id": [ "4dd3ef43-46d8-4c14-bcfd-e0ee5bdc41f3" ],
        "x-ms-routing-request-id": [ "UAECENTRAL:20210506T074214Z:4dd3ef43-46d8-4c14-bcfd-e0ee5bdc41f3" ],
        "Strict-Transport-Security": [ "max-age=31536000; includeSubDomains" ],
        "X-Content-Type-Options": [ "nosniff" ],
        "Date": [ "Thu, 06 May 2021 07:42:13 GMT" ]
      },
      "ContentHeaders": {
        "Content-Length": [ "494" ],
        "Content-Type": [ "application/json; charset=utf-8" ],
        "Expires": [ "-1" ]
      },
      "Content": "{\"id\":\"/subscriptions/11d5f159-a21d-4a6c-8053-c3aae30057cf/providers/Microsoft.Kusto/locations/East US/operationresults/14e10ec7-8858-4c3b-8266-0e62a3a3c2a9\",\"name\":\"14e10ec7-8858-4c3b-8266-0e62a3a3c2a9\",\"status\":\"Succeeded\",\"startTime\":\"2021-05-06T07:41:44.03309Z\",\"endTime\":\"2021-05-06T07:41:46.8926763Z\",\"percentComplete\":1.0,\"properties\":{\"OperationKind\":\"DatabaseDelete\",\"RootActivityId\":\"a7fad4bd-eded-43d4-9d53-99c14f353951\",\"provisioningState\":\"Succeeded\",\"OperationState\":\"Completed\"}}"
    }
  },
  "Invoke-AzKustoDetachClusterFollowerDatabase+[NoContext]+DetachExpanded+$GET+https://management.azure.com/subscriptions/11d5f159-a21d-4a6c-8053-c3aae30057cf/providers/Microsoft.Kusto/locations/East US/operationResults/14e10ec7-8858-4c3b-8266-0e62a3a3c2a9?api-version=2021-01-01\u0026operationResultResponseType=Location+12": {
    "Request": {
      "Method": "GET",
      "RequestUri": "https://management.azure.com/subscriptions/11d5f159-a21d-4a6c-8053-c3aae30057cf/providers/Microsoft.Kusto/locations/East%20US/operationResults/14e10ec7-8858-4c3b-8266-0e62a3a3c2a9?api-version=2021-01-01\u0026operationResultResponseType=Location",
      "Content": null,
      "Headers": {
        "x-ms-unique-id": [ "205", "206", "207" ],
        "x-ms-client-request-id": [ "e961083b-e8e7-4c2c-b83e-885fa84c4209", "e961083b-e8e7-4c2c-b83e-885fa84c4209", "e961083b-e8e7-4c2c-b83e-885fa84c4209" ],
        "CommandName": [ "Remove-AzKustoDatabase", "Remove-AzKustoDatabase", "Remove-AzKustoDatabase" ],
        "FullCommandName": [ "Remove-AzKustoDatabase_Delete", "Remove-AzKustoDatabase_Delete", "Remove-AzKustoDatabase_Delete" ],
        "ParameterSetName": [ "__AllParameterSets", "__AllParameterSets", "__AllParameterSets" ],
        "User-Agent": [ "AzurePowershell/Az4.0.0-preview", "AzurePowershell/Az4.0.0-preview", "AzurePowershell/Az4.0.0-preview" ],
        "Authorization": [ "[Filtered]" ]
      },
      "ContentHeaders": {
      }
    },
    "Response": {
      "StatusCode": 200,
      "Headers": {
        "Cache-Control": [ "no-cache" ],
        "Pragma": [ "no-cache" ],
        "x-ms-request-id": [ "ecd7793c-ee7b-4f55-b7d6-673fab957fa9" ],
        "Server": [ "Microsoft-HTTPAPI/2.0" ],
        "x-ms-ratelimit-remaining-subscription-resource-requests": [ "282" ],
        "x-ms-correlation-request-id": [ "ac3bfa0f-559a-41df-9d26-5fb8cc66a2f4" ],
        "x-ms-routing-request-id": [ "UAECENTRAL:20210506T074214Z:ac3bfa0f-559a-41df-9d26-5fb8cc66a2f4" ],
        "Strict-Transport-Security": [ "max-age=31536000; includeSubDomains" ],
        "X-Content-Type-Options": [ "nosniff" ],
        "Date": [ "Thu, 06 May 2021 07:42:14 GMT" ]
      },
      "ContentHeaders": {
        "Expires": [ "-1" ],
        "Content-Length": [ "0" ]
      },
      "Content": null
    }
  },
  "Invoke-AzKustoDetachClusterFollowerDatabase+[NoContext]+DetachViaIdentityExpanded+$PUT+https://management.azure.com/subscriptions/11d5f159-a21d-4a6c-8053-c3aae30057cf/resourceGroups/testgroupyefkpv/providers/Microsoft.Kusto/Clusters/blablab123/Databases/testdatabasexy9rcg?api-version=2021-01-01+1": {
    "Request": {
      "Method": "PUT",
      "RequestUri": "https://management.azure.com/subscriptions/11d5f159-a21d-4a6c-8053-c3aae30057cf/resourceGroups/testgroupyefkpv/providers/Microsoft.Kusto/Clusters/blablab123/Databases/testdatabasexy9rcg?api-version=2021-01-01",
      "Content": "{\r\n  \"kind\": \"ReadWrite\",\r\n  \"location\": \"East US\"\r\n}",
      "Headers": {
      },
      "ContentHeaders": {
        "Content-Type": [ "application/json" ],
        "Content-Length": [ "53" ]
      }
    },
    "Response": {
      "StatusCode": 201,
      "Headers": {
        "Cache-Control": [ "no-cache" ],
        "Pragma": [ "no-cache" ],
        "ETag": [ "\"\"" ],
        "x-ms-request-id": [ "b635feab-e928-473a-8359-e6b0af611787" ],
        "Azure-AsyncOperation": [ "https://management.azure.com/subscriptions/11d5f159-a21d-4a6c-8053-c3aae30057cf/providers/Microsoft.Kusto/locations/East US/operationResults/7c1a9062-ac4d-4f66-a865-e900fb3c7a79?api-version=2021-01-01" ],
        "Server": [ "Microsoft-HTTPAPI/2.0" ],
        "x-ms-ratelimit-remaining-subscription-resource-requests": [ "198" ],
        "x-ms-correlation-request-id": [ "dbe66489-5219-4471-8ca3-b3b979b4cf3a" ],
        "x-ms-routing-request-id": [ "UAECENTRAL:20210506T074216Z:dbe66489-5219-4471-8ca3-b3b979b4cf3a" ],
        "Strict-Transport-Security": [ "max-age=31536000; includeSubDomains" ],
        "X-Content-Type-Options": [ "nosniff" ],
        "Date": [ "Thu, 06 May 2021 07:42:15 GMT" ]
      },
      "ContentHeaders": {
        "Content-Length": [ "349" ],
        "Content-Type": [ "application/json; charset=utf-8" ],
        "Expires": [ "-1" ]
      },
      "Content": "{\"id\":\"/subscriptions/11d5f159-a21d-4a6c-8053-c3aae30057cf/resourceGroups/testgroupyefkpv/providers/Microsoft.Kusto/Clusters/blablab123/Databases/testdatabasexy9rcg\",\"name\":\"blablab123/testdatabasexy9rcg\",\"type\":\"Microsoft.Kusto/Clusters/Databases\",\"etag\":\"\\\"\\\"\",\"location\":\"East US\",\"kind\":\"ReadWrite\",\"properties\":{\"provisioningState\":\"Creating\"}}"
    }
  },
  "Invoke-AzKustoDetachClusterFollowerDatabase+[NoContext]+DetachViaIdentityExpanded+$GET+https://management.azure.com/subscriptions/11d5f159-a21d-4a6c-8053-c3aae30057cf/providers/Microsoft.Kusto/locations/East US/operationResults/7c1a9062-ac4d-4f66-a865-e900fb3c7a79?api-version=2021-01-01+2": {
    "Request": {
      "Method": "GET",
      "RequestUri": "https://management.azure.com/subscriptions/11d5f159-a21d-4a6c-8053-c3aae30057cf/providers/Microsoft.Kusto/locations/East%20US/operationResults/7c1a9062-ac4d-4f66-a865-e900fb3c7a79?api-version=2021-01-01",
      "Content": null,
      "Headers": {
        "x-ms-unique-id": [ "208", "209" ],
        "x-ms-client-request-id": [ "40c7fef2-a76a-4864-bd99-e70d0a94d307", "40c7fef2-a76a-4864-bd99-e70d0a94d307" ],
        "CommandName": [ "Az.Kusto.internal\\New-AzKustoDatabase", "Az.Kusto.internal\\New-AzKustoDatabase" ],
        "FullCommandName": [ "New-AzKustoDatabase_Create", "New-AzKustoDatabase_Create" ],
        "ParameterSetName": [ "__AllParameterSets", "__AllParameterSets" ],
        "User-Agent": [ "AzurePowershell/Az4.0.0-preview", "AzurePowershell/Az4.0.0-preview" ],
        "Authorization": [ "[Filtered]" ]
      },
      "ContentHeaders": {
      }
    },
    "Response": {
      "StatusCode": 200,
      "Headers": {
        "Cache-Control": [ "no-cache" ],
        "Pragma": [ "no-cache" ],
        "x-ms-request-id": [ "e24689b0-ad2f-4f92-987e-8c2210fe79cf" ],
        "Server": [ "Microsoft-HTTPAPI/2.0" ],
        "x-ms-ratelimit-remaining-subscription-resource-requests": [ "281" ],
        "x-ms-correlation-request-id": [ "cb9cb464-93d6-455b-99e5-b56738ecd58a" ],
        "x-ms-routing-request-id": [ "UAECENTRAL:20210506T074246Z:cb9cb464-93d6-455b-99e5-b56738ecd58a" ],
        "Strict-Transport-Security": [ "max-age=31536000; includeSubDomains" ],
        "X-Content-Type-Options": [ "nosniff" ],
        "Date": [ "Thu, 06 May 2021 07:42:46 GMT" ]
      },
      "ContentHeaders": {
        "Content-Length": [ "496" ],
        "Content-Type": [ "application/json; charset=utf-8" ],
        "Expires": [ "-1" ]
      },
      "Content": "{\"id\":\"/subscriptions/11d5f159-a21d-4a6c-8053-c3aae30057cf/providers/Microsoft.Kusto/locations/East US/operationresults/7c1a9062-ac4d-4f66-a865-e900fb3c7a79\",\"name\":\"7c1a9062-ac4d-4f66-a865-e900fb3c7a79\",\"status\":\"Succeeded\",\"startTime\":\"2021-05-06T07:42:16.1555402Z\",\"endTime\":\"2021-05-06T07:42:18.3900069Z\",\"percentComplete\":1.0,\"properties\":{\"OperationKind\":\"DatabaseCreate\",\"RootActivityId\":\"2033c4cc-8166-4020-bb89-1b971d0bdc04\",\"provisioningState\":\"Succeeded\",\"OperationState\":\"Completed\"}}"
    }
  },
  "Invoke-AzKustoDetachClusterFollowerDatabase+[NoContext]+DetachViaIdentityExpanded+$GET+https://management.azure.com/subscriptions/11d5f159-a21d-4a6c-8053-c3aae30057cf/resourceGroups/testgroupyefkpv/providers/Microsoft.Kusto/Clusters/blablab123/Databases/testdatabasexy9rcg?api-version=2021-01-01+3": {
    "Request": {
      "Method": "GET",
      "RequestUri": "https://management.azure.com/subscriptions/11d5f159-a21d-4a6c-8053-c3aae30057cf/resourceGroups/testgroupyefkpv/providers/Microsoft.Kusto/Clusters/blablab123/Databases/testdatabasexy9rcg?api-version=2021-01-01",
      "Content": null,
      "Headers": {
        "x-ms-unique-id": [ "208", "209", "210" ],
        "x-ms-client-request-id": [ "40c7fef2-a76a-4864-bd99-e70d0a94d307", "40c7fef2-a76a-4864-bd99-e70d0a94d307", "40c7fef2-a76a-4864-bd99-e70d0a94d307" ],
        "CommandName": [ "Az.Kusto.internal\\New-AzKustoDatabase", "Az.Kusto.internal\\New-AzKustoDatabase", "Az.Kusto.internal\\New-AzKustoDatabase" ],
        "FullCommandName": [ "New-AzKustoDatabase_Create", "New-AzKustoDatabase_Create", "New-AzKustoDatabase_Create" ],
        "ParameterSetName": [ "__AllParameterSets", "__AllParameterSets", "__AllParameterSets" ],
        "User-Agent": [ "AzurePowershell/Az4.0.0-preview", "AzurePowershell/Az4.0.0-preview", "AzurePowershell/Az4.0.0-preview" ],
        "Authorization": [ "[Filtered]" ]
      },
      "ContentHeaders": {
      }
    },
    "Response": {
      "StatusCode": 200,
      "Headers": {
        "Cache-Control": [ "no-cache" ],
        "Pragma": [ "no-cache" ],
        "ETag": [ "\"\"" ],
        "x-ms-request-id": [ "3d97acb5-70ec-4523-a40d-17adba1cb89d" ],
        "Server": [ "Microsoft-HTTPAPI/2.0" ],
        "x-ms-ratelimit-remaining-subscription-resource-requests": [ "293" ],
        "x-ms-correlation-request-id": [ "ce4973a9-53e4-4108-ae93-3fa280144a6d" ],
        "x-ms-routing-request-id": [ "UAECENTRAL:20210506T074247Z:ce4973a9-53e4-4108-ae93-3fa280144a6d" ],
        "Strict-Transport-Security": [ "max-age=31536000; includeSubDomains" ],
        "X-Content-Type-Options": [ "nosniff" ],
        "Date": [ "Thu, 06 May 2021 07:42:46 GMT" ]
      },
      "ContentHeaders": {
        "Content-Length": [ "457" ],
        "Content-Type": [ "application/json; charset=utf-8" ],
        "Expires": [ "-1" ]
      },
      "Content": "{\"id\":\"/subscriptions/11d5f159-a21d-4a6c-8053-c3aae30057cf/resourceGroups/testgroupyefkpv/providers/Microsoft.Kusto/Clusters/blablab123/Databases/testdatabasexy9rcg\",\"name\":\"blablab123/testdatabasexy9rcg\",\"type\":\"Microsoft.Kusto/Clusters/Databases\",\"etag\":\"\\\"\\\"\",\"location\":\"East US\",\"kind\":\"ReadWrite\",\"tags\":{},\"properties\":{\"isFollowed\":false,\"softDeletePeriodInDays\":0,\"hotCachePeriodInDays\":0,\"statistics\":{\"size\":0.0},\"provisioningState\":\"Succeeded\"}}"
    }
  },
  "Invoke-AzKustoDetachClusterFollowerDatabase+[NoContext]+DetachViaIdentityExpanded+$PUT+https://management.azure.com/subscriptions/11d5f159-a21d-4a6c-8053-c3aae30057cf/resourceGroups/testgroupyefkpv/providers/Microsoft.Kusto/Clusters/testfclusterjn2yu0/AttachedDatabaseConfigurations/testdbconfxy9rcg?api-version=2021-01-01+4": {
    "Request": {
      "Method": "PUT",
      "RequestUri": "https://management.azure.com/subscriptions/11d5f159-a21d-4a6c-8053-c3aae30057cf/resourceGroups/testgroupyefkpv/providers/Microsoft.Kusto/Clusters/testfclusterjn2yu0/AttachedDatabaseConfigurations/testdbconfxy9rcg?api-version=2021-01-01",
      "Content": "{\r\n  \"properties\": {\r\n    \"clusterResourceId\": \"/subscriptions/11d5f159-a21d-4a6c-8053-c3aae30057cf/resourcegroups/testgroupyefkpv/providers/Microsoft.Kusto/Clusters/blablab123\",\r\n    \"databaseName\": \"testdatabasexy9rcg\",\r\n    \"defaultPrincipalsModificationKind\": \"Union\"\r\n  },\r\n  \"location\": \"East US\"\r\n}",
      "Headers": {
      },
      "ContentHeaders": {
        "Content-Type": [ "application/json" ],
        "Content-Length": [ "305" ]
      }
    },
    "Response": {
      "StatusCode": 201,
      "Headers": {
        "Cache-Control": [ "no-cache" ],
        "Pragma": [ "no-cache" ],
        "ETag": [ "\"\"" ],
        "x-ms-request-id": [ "0fa8da8b-0686-4e9e-9927-4d5ba520adb2" ],
        "Azure-AsyncOperation": [ "https://management.azure.com/subscriptions/11d5f159-a21d-4a6c-8053-c3aae30057cf/providers/Microsoft.Kusto/locations/East US/operationResults/7dcd30bc-171a-44e3-9903-9961d2a8afca?api-version=2021-01-01" ],
        "Server": [ "Microsoft-HTTPAPI/2.0" ],
        "x-ms-ratelimit-remaining-subscription-resource-requests": [ "198" ],
        "x-ms-correlation-request-id": [ "b2acef43-4e08-498b-9273-7bc42baf8a2e" ],
        "x-ms-routing-request-id": [ "UAECENTRAL:20210506T074248Z:b2acef43-4e08-498b-9273-7bc42baf8a2e" ],
        "Strict-Transport-Security": [ "max-age=31536000; includeSubDomains" ],
        "X-Content-Type-Options": [ "nosniff" ],
        "Date": [ "Thu, 06 May 2021 07:42:47 GMT" ]
      },
      "ContentHeaders": {
        "Content-Length": [ "615" ],
        "Content-Type": [ "application/json; charset=utf-8" ],
        "Expires": [ "-1" ]
      },
      "Content": "{\"id\":\"/subscriptions/11d5f159-a21d-4a6c-8053-c3aae30057cf/resourceGroups/testgroupyefkpv/providers/Microsoft.Kusto/Clusters/testfclusterjn2yu0/AttachedDatabaseConfigurations/testdbconfxy9rcg\",\"name\":\"testfclusterjn2yu0/testdbconfxy9rcg\",\"type\":\"Microsoft.Kusto/Clusters/AttachedDatabaseConfigurations\",\"etag\":\"\\\"\\\"\",\"location\":\"East US\",\"properties\":{\"clusterResourceId\":\"/subscriptions/11d5f159-a21d-4a6c-8053-c3aae30057cf/resourcegroups/testgroupyefkpv/providers/Microsoft.Kusto/Clusters/blablab123\",\"databaseName\":\"testdatabasexy9rcg\",\"defaultPrincipalsModificationKind\":\"Union\",\"provisioningState\":\"Creating\"}}"
    }
  },
  "Invoke-AzKustoDetachClusterFollowerDatabase+[NoContext]+DetachViaIdentityExpanded+$GET+https://management.azure.com/subscriptions/11d5f159-a21d-4a6c-8053-c3aae30057cf/providers/Microsoft.Kusto/locations/East US/operationResults/7dcd30bc-171a-44e3-9903-9961d2a8afca?api-version=2021-01-01+5": {
    "Request": {
      "Method": "GET",
      "RequestUri": "https://management.azure.com/subscriptions/11d5f159-a21d-4a6c-8053-c3aae30057cf/providers/Microsoft.Kusto/locations/East%20US/operationResults/7dcd30bc-171a-44e3-9903-9961d2a8afca?api-version=2021-01-01",
      "Content": null,
      "Headers": {
        "x-ms-unique-id": [ "211", "212" ],
        "x-ms-client-request-id": [ "48930d4f-3eb9-418f-aaae-1590f2dfb02e", "48930d4f-3eb9-418f-aaae-1590f2dfb02e" ],
        "CommandName": [ "New-AzKustoAttachedDatabaseConfiguration", "New-AzKustoAttachedDatabaseConfiguration" ],
        "FullCommandName": [ "New-AzKustoAttachedDatabaseConfiguration_CreateExpanded", "New-AzKustoAttachedDatabaseConfiguration_CreateExpanded" ],
        "ParameterSetName": [ "__AllParameterSets", "__AllParameterSets" ],
        "User-Agent": [ "AzurePowershell/Az4.0.0-preview", "AzurePowershell/Az4.0.0-preview" ],
        "Authorization": [ "[Filtered]" ]
      },
      "ContentHeaders": {
      }
    },
    "Response": {
      "StatusCode": 200,
      "Headers": {
        "Cache-Control": [ "no-cache" ],
        "Pragma": [ "no-cache" ],
        "x-ms-request-id": [ "46f59a24-0212-45df-b25c-6074eb231221" ],
        "Server": [ "Microsoft-HTTPAPI/2.0" ],
        "x-ms-ratelimit-remaining-subscription-resource-requests": [ "280" ],
        "x-ms-correlation-request-id": [ "88469b5a-8db2-4e34-9def-f6a19d1c48a1" ],
        "x-ms-routing-request-id": [ "UAECENTRAL:20210506T074319Z:88469b5a-8db2-4e34-9def-f6a19d1c48a1" ],
        "Strict-Transport-Security": [ "max-age=31536000; includeSubDomains" ],
        "X-Content-Type-Options": [ "nosniff" ],
        "Date": [ "Thu, 06 May 2021 07:43:18 GMT" ]
      },
      "ContentHeaders": {
        "Content-Length": [ "504" ],
        "Content-Type": [ "application/json; charset=utf-8" ],
        "Expires": [ "-1" ]
      },
      "Content": "{\"id\":\"/subscriptions/11d5f159-a21d-4a6c-8053-c3aae30057cf/providers/Microsoft.Kusto/locations/East US/operationresults/7dcd30bc-171a-44e3-9903-9961d2a8afca\",\"name\":\"7dcd30bc-171a-44e3-9903-9961d2a8afca\",\"status\":\"Succeeded\",\"startTime\":\"2021-05-06T07:42:48.3923466Z\",\"endTime\":\"2021-05-06T07:42:51.5488917Z\",\"percentComplete\":1.0,\"properties\":{\"OperationKind\":\"FollowerDatabaseCreate\",\"RootActivityId\":\"37bf2bc1-8ace-4456-bd42-9f4ef2040a92\",\"provisioningState\":\"Succeeded\",\"OperationState\":\"Completed\"}}"
    }
  },
  "Invoke-AzKustoDetachClusterFollowerDatabase+[NoContext]+DetachViaIdentityExpanded+$GET+https://management.azure.com/subscriptions/11d5f159-a21d-4a6c-8053-c3aae30057cf/resourceGroups/testgroupyefkpv/providers/Microsoft.Kusto/Clusters/testfclusterjn2yu0/AttachedDatabaseConfigurations/testdbconfxy9rcg?api-version=2021-01-01+6": {
    "Request": {
      "Method": "GET",
      "RequestUri": "https://management.azure.com/subscriptions/11d5f159-a21d-4a6c-8053-c3aae30057cf/resourceGroups/testgroupyefkpv/providers/Microsoft.Kusto/Clusters/testfclusterjn2yu0/AttachedDatabaseConfigurations/testdbconfxy9rcg?api-version=2021-01-01",
      "Content": null,
      "Headers": {
        "x-ms-unique-id": [ "211", "212", "213" ],
        "x-ms-client-request-id": [ "48930d4f-3eb9-418f-aaae-1590f2dfb02e", "48930d4f-3eb9-418f-aaae-1590f2dfb02e", "48930d4f-3eb9-418f-aaae-1590f2dfb02e" ],
        "CommandName": [ "New-AzKustoAttachedDatabaseConfiguration", "New-AzKustoAttachedDatabaseConfiguration", "New-AzKustoAttachedDatabaseConfiguration" ],
        "FullCommandName": [ "New-AzKustoAttachedDatabaseConfiguration_CreateExpanded", "New-AzKustoAttachedDatabaseConfiguration_CreateExpanded", "New-AzKustoAttachedDatabaseConfiguration_CreateExpanded" ],
        "ParameterSetName": [ "__AllParameterSets", "__AllParameterSets", "__AllParameterSets" ],
        "User-Agent": [ "AzurePowershell/Az4.0.0-preview", "AzurePowershell/Az4.0.0-preview", "AzurePowershell/Az4.0.0-preview" ],
        "Authorization": [ "[Filtered]" ]
      },
      "ContentHeaders": {
      }
    },
    "Response": {
      "StatusCode": 200,
      "Headers": {
        "Cache-Control": [ "no-cache" ],
        "Pragma": [ "no-cache" ],
        "ETag": [ "\"\"" ],
        "x-ms-request-id": [ "977db9af-613c-40f0-b63d-9e605b2fb9cd" ],
        "Server": [ "Microsoft-HTTPAPI/2.0" ],
        "x-ms-ratelimit-remaining-subscription-resource-requests": [ "296" ],
        "x-ms-correlation-request-id": [ "5d3fcd73-03f4-45e5-9d68-b9f4ce28c461" ],
        "x-ms-routing-request-id": [ "UAECENTRAL:20210506T074319Z:5d3fcd73-03f4-45e5-9d68-b9f4ce28c461" ],
        "Strict-Transport-Security": [ "max-age=31536000; includeSubDomains" ],
        "X-Content-Type-Options": [ "nosniff" ],
        "Date": [ "Thu, 06 May 2021 07:43:19 GMT" ]
      },
      "ContentHeaders": {
        "Content-Length": [ "708" ],
        "Content-Type": [ "application/json; charset=utf-8" ],
        "Expires": [ "-1" ]
      },
      "Content": "{\"id\":\"/subscriptions/11d5f159-a21d-4a6c-8053-c3aae30057cf/resourceGroups/testgroupyefkpv/providers/Microsoft.Kusto/Clusters/testfclusterjn2yu0/AttachedDatabaseConfigurations/testdbconfxy9rcg\",\"name\":\"testfclusterjn2yu0/testdbconfxy9rcg\",\"type\":\"Microsoft.Kusto/Clusters/AttachedDatabaseConfigurations\",\"etag\":\"\\\"\\\"\",\"location\":\"East US\",\"tags\":{},\"properties\":{\"clusterResourceId\":\"/subscriptions/11d5f159-a21d-4a6c-8053-c3aae30057cf/resourceGroups/testgroupyefkpv/providers/Microsoft.Kusto/Clusters/blablab123\",\"databaseName\":\"testdatabasexy9rcg\",\"attachedDatabaseNames\":[\"testdatabasexy9rcg\"],\"defaultPrincipalsModificationKind\":\"Union\",\"tableLevelSharingProperties\":null,\"provisioningState\":\"Succeeded\"}}"
    }
  },
  "Invoke-AzKustoDetachClusterFollowerDatabase+[NoContext]+DetachViaIdentityExpanded+$GET+https://management.azure.com/subscriptions/11d5f159-a21d-4a6c-8053-c3aae30057cf/resourceGroups/testgroupyefkpv/providers/Microsoft.Kusto/Clusters/blablab123?api-version=2021-01-01+7": {
    "Request": {
      "Method": "GET",
      "RequestUri": "https://management.azure.com/subscriptions/11d5f159-a21d-4a6c-8053-c3aae30057cf/resourceGroups/testgroupyefkpv/providers/Microsoft.Kusto/Clusters/blablab123?api-version=2021-01-01",
      "Content": null,
      "Headers": {
        "x-ms-unique-id": [ "214" ],
        "x-ms-client-request-id": [ "9a97dec5-c6ad-4603-9eac-538dc2882625" ],
        "CommandName": [ "Get-AzKustoCluster" ],
        "FullCommandName": [ "Get-AzKustoCluster_Get" ],
        "ParameterSetName": [ "__AllParameterSets" ],
        "User-Agent": [ "AzurePowershell/Az4.0.0-preview" ],
        "Authorization": [ "[Filtered]" ]
      },
      "ContentHeaders": {
      }
    },
    "Response": {
      "StatusCode": 200,
      "Headers": {
        "Cache-Control": [ "no-cache" ],
        "Pragma": [ "no-cache" ],
        "ETag": [ "\"2021-05-06T07:42:50.9237910Z\"" ],
        "x-ms-request-id": [ "eb8731eb-8da2-4cb1-8c5a-981a72093841" ],
        "Server": [ "Microsoft-HTTPAPI/2.0" ],
        "x-ms-ratelimit-remaining-subscription-resource-requests": [ "297" ],
        "x-ms-correlation-request-id": [ "517a6ca3-c713-4e1e-8aff-e3976709d15f" ],
        "x-ms-routing-request-id": [ "UAECENTRAL:20210506T074320Z:517a6ca3-c713-4e1e-8aff-e3976709d15f" ],
        "Strict-Transport-Security": [ "max-age=31536000; includeSubDomains" ],
        "X-Content-Type-Options": [ "nosniff" ],
        "Date": [ "Thu, 06 May 2021 07:43:19 GMT" ]
      },
      "ContentHeaders": {
        "Content-Length": [ "876" ],
        "Content-Type": [ "application/json; charset=utf-8" ],
        "Expires": [ "-1" ]
      },
      "Content": "{\"id\":\"/subscriptions/11d5f159-a21d-4a6c-8053-c3aae30057cf/resourceGroups/testgroupyefkpv/providers/Microsoft.Kusto/Clusters/blablab123\",\"name\":\"blablab123\",\"type\":\"Microsoft.Kusto/Clusters\",\"etag\":\"\\\"2021-05-06T07:42:50.9237910Z\\\"\",\"location\":\"East US\",\"sku\":{\"name\":\"Standard_D11_v2\",\"tier\":\"Standard\",\"capacity\":2},\"tags\":{},\"properties\":{\"state\":\"Running\",\"stateReason\":null,\"uri\":\"https://blablab123.eastus.kusto.windows.net\",\"dataIngestionUri\":\"https://ingest-blablab123.eastus.kusto.windows.net\",\"trustedExternalTenants\":[],\"virtualNetworkConfiguration\":null,\"optimizedAutoscale\":null,\"enableDiskEncryption\":false,\"enableStreamingIngest\":false,\"keyVaultProperties\":null,\"languageExtensions\":{\"value\":[{\"languageExtensionName\":\"PYTHON\"},{\"languageExtensionName\":\"R\"}]},\"enablePurge\":null,\"enableDoubleEncryption\":false,\"engineType\":\"V3\",\"provisioningState\":\"Succeeded\"}}"
    }
  },
  "Invoke-AzKustoDetachClusterFollowerDatabase+[NoContext]+DetachViaIdentityExpanded+$POST+https://management.azure.com/subscriptions/11d5f159-a21d-4a6c-8053-c3aae30057cf/resourceGroups/testgroupyefkpv/providers/Microsoft.Kusto/Clusters/blablab123/detachFollowerDatabases?api-version=2021-01-01+8": {
    "Request": {
      "Method": "POST",
      "RequestUri": "https://management.azure.com/subscriptions/11d5f159-a21d-4a6c-8053-c3aae30057cf/resourceGroups/testgroupyefkpv/providers/Microsoft.Kusto/Clusters/blablab123/detachFollowerDatabases?api-version=2021-01-01",
      "Content": "{\r\n  \"attachedDatabaseConfigurationName\": \"testdbconfxy9rcg\",\r\n  \"clusterResourceId\": \"/subscriptions/11d5f159-a21d-4a6c-8053-c3aae30057cf/resourcegroups/testgroupyefkpv/providers/Microsoft.Kusto/Clusters/testfclusterjn2yu0\"\r\n}",
      "Headers": {
      },
      "ContentHeaders": {
        "Content-Type": [ "application/json" ],
        "Content-Length": [ "227" ]
      }
    },
    "Response": {
      "StatusCode": 202,
      "Headers": {
        "Cache-Control": [ "no-cache" ],
        "Pragma": [ "no-cache" ],
        "Location": [ "https://management.azure.com/subscriptions/11d5f159-a21d-4a6c-8053-c3aae30057cf/providers/Microsoft.Kusto/locations/East%20US/operationResults/bf4509f7-a23b-4e7c-a67d-3d848f8254dd?api-version=2021-01-01\u0026operationResultResponseType=Location" ],
        "x-ms-request-id": [ "7e64908d-1c72-45cf-bdd3-6add7c6884cd" ],
        "Azure-AsyncOperation": [ "https://management.azure.com/subscriptions/11d5f159-a21d-4a6c-8053-c3aae30057cf/providers/Microsoft.Kusto/locations/East US/operationResults/bf4509f7-a23b-4e7c-a67d-3d848f8254dd?api-version=2021-01-01" ],
        "Server": [ "Microsoft-HTTPAPI/2.0" ],
        "x-ms-ratelimit-remaining-subscription-writes": [ "1189" ],
        "x-ms-correlation-request-id": [ "e5746fc7-9e79-4c83-90ff-365e6af826c2" ],
        "x-ms-routing-request-id": [ "UAECENTRAL:20210506T074321Z:e5746fc7-9e79-4c83-90ff-365e6af826c2" ],
        "Strict-Transport-Security": [ "max-age=31536000; includeSubDomains" ],
        "X-Content-Type-Options": [ "nosniff" ],
        "Date": [ "Thu, 06 May 2021 07:43:21 GMT" ]
      },
      "ContentHeaders": {
        "Expires": [ "-1" ],
        "Content-Length": [ "0" ]
      },
      "Content": null
    }
  },
  "Invoke-AzKustoDetachClusterFollowerDatabase+[NoContext]+DetachViaIdentityExpanded+$GET+https://management.azure.com/subscriptions/11d5f159-a21d-4a6c-8053-c3aae30057cf/providers/Microsoft.Kusto/locations/East US/operationResults/bf4509f7-a23b-4e7c-a67d-3d848f8254dd?api-version=2021-01-01+9": {
    "Request": {
      "Method": "GET",
      "RequestUri": "https://management.azure.com/subscriptions/11d5f159-a21d-4a6c-8053-c3aae30057cf/providers/Microsoft.Kusto/locations/East%20US/operationResults/bf4509f7-a23b-4e7c-a67d-3d848f8254dd?api-version=2021-01-01",
      "Content": null,
      "Headers": {
        "x-ms-unique-id": [ "215", "216" ],
        "x-ms-client-request-id": [ "596e196a-541b-4461-93c5-6c02267a7794", "596e196a-541b-4461-93c5-6c02267a7794" ],
        "CommandName": [ "Invoke-AzKustoDetachClusterFollowerDatabase", "Invoke-AzKustoDetachClusterFollowerDatabase" ],
        "FullCommandName": [ "Invoke-AzKustoDetachClusterFollowerDatabase_DetachViaIdentityExpanded", "Invoke-AzKustoDetachClusterFollowerDatabase_DetachViaIdentityExpanded" ],
        "ParameterSetName": [ "__AllParameterSets", "__AllParameterSets" ],
        "User-Agent": [ "AzurePowershell/Az4.0.0-preview", "AzurePowershell/Az4.0.0-preview" ],
        "Authorization": [ "[Filtered]" ]
      },
      "ContentHeaders": {
      }
    },
    "Response": {
      "StatusCode": 200,
      "Headers": {
        "Cache-Control": [ "no-cache" ],
        "Pragma": [ "no-cache" ],
        "x-ms-request-id": [ "d41be1e1-a11a-4ad1-8543-0e0e6b9a7b90" ],
        "Server": [ "Microsoft-HTTPAPI/2.0" ],
        "x-ms-ratelimit-remaining-subscription-resource-requests": [ "279" ],
        "x-ms-correlation-request-id": [ "32344a01-ad5b-4873-8252-32856822c144" ],
        "x-ms-routing-request-id": [ "UAECENTRAL:20210506T074351Z:32344a01-ad5b-4873-8252-32856822c144" ],
        "Strict-Transport-Security": [ "max-age=31536000; includeSubDomains" ],
        "X-Content-Type-Options": [ "nosniff" ],
        "Date": [ "Thu, 06 May 2021 07:43:51 GMT" ]
      },
      "ContentHeaders": {
        "Content-Length": [ "504" ],
        "Content-Type": [ "application/json; charset=utf-8" ],
        "Expires": [ "-1" ]
      },
      "Content": "{\"id\":\"/subscriptions/11d5f159-a21d-4a6c-8053-c3aae30057cf/providers/Microsoft.Kusto/locations/East US/operationresults/bf4509f7-a23b-4e7c-a67d-3d848f8254dd\",\"name\":\"bf4509f7-a23b-4e7c-a67d-3d848f8254dd\",\"status\":\"Succeeded\",\"startTime\":\"2021-05-06T07:43:21.2910698Z\",\"endTime\":\"2021-05-06T07:43:24.2912331Z\",\"percentComplete\":1.0,\"properties\":{\"OperationKind\":\"FollowerDatabaseDetach\",\"RootActivityId\":\"a4c610a2-5e60-4807-94a2-266a201aa090\",\"provisioningState\":\"Succeeded\",\"OperationState\":\"Completed\"}}"
    }
  },
  "Invoke-AzKustoDetachClusterFollowerDatabase+[NoContext]+DetachViaIdentityExpanded+$GET+https://management.azure.com/subscriptions/11d5f159-a21d-4a6c-8053-c3aae30057cf/providers/Microsoft.Kusto/locations/East US/operationResults/bf4509f7-a23b-4e7c-a67d-3d848f8254dd?api-version=2021-01-01\u0026operationResultResponseType=Location+10": {
    "Request": {
      "Method": "GET",
      "RequestUri": "https://management.azure.com/subscriptions/11d5f159-a21d-4a6c-8053-c3aae30057cf/providers/Microsoft.Kusto/locations/East%20US/operationResults/bf4509f7-a23b-4e7c-a67d-3d848f8254dd?api-version=2021-01-01\u0026operationResultResponseType=Location",
      "Content": null,
      "Headers": {
        "x-ms-unique-id": [ "215", "216", "217" ],
        "x-ms-client-request-id": [ "596e196a-541b-4461-93c5-6c02267a7794", "596e196a-541b-4461-93c5-6c02267a7794", "596e196a-541b-4461-93c5-6c02267a7794" ],
        "CommandName": [ "Invoke-AzKustoDetachClusterFollowerDatabase", "Invoke-AzKustoDetachClusterFollowerDatabase", "Invoke-AzKustoDetachClusterFollowerDatabase" ],
        "FullCommandName": [ "Invoke-AzKustoDetachClusterFollowerDatabase_DetachViaIdentityExpanded", "Invoke-AzKustoDetachClusterFollowerDatabase_DetachViaIdentityExpanded", "Invoke-AzKustoDetachClusterFollowerDatabase_DetachViaIdentityExpanded" ],
        "ParameterSetName": [ "__AllParameterSets", "__AllParameterSets", "__AllParameterSets" ],
        "User-Agent": [ "AzurePowershell/Az4.0.0-preview", "AzurePowershell/Az4.0.0-preview", "AzurePowershell/Az4.0.0-preview" ],
        "Authorization": [ "[Filtered]" ]
      },
      "ContentHeaders": {
      }
    },
    "Response": {
      "StatusCode": 200,
      "Headers": {
        "Cache-Control": [ "no-cache" ],
        "Pragma": [ "no-cache" ],
        "x-ms-request-id": [ "0a21de34-4786-40a5-8ff1-57f32a61f967" ],
        "Server": [ "Microsoft-HTTPAPI/2.0" ],
        "x-ms-ratelimit-remaining-subscription-resource-requests": [ "278" ],
        "x-ms-correlation-request-id": [ "1a072b73-1953-4613-938f-ac2258ea66fb" ],
        "x-ms-routing-request-id": [ "UAECENTRAL:20210506T074352Z:1a072b73-1953-4613-938f-ac2258ea66fb" ],
        "Strict-Transport-Security": [ "max-age=31536000; includeSubDomains" ],
        "X-Content-Type-Options": [ "nosniff" ],
        "Date": [ "Thu, 06 May 2021 07:43:51 GMT" ]
      },
      "ContentHeaders": {
        "Expires": [ "-1" ],
        "Content-Length": [ "0" ]
      },
      "Content": null
    }
  },
  "Invoke-AzKustoDetachClusterFollowerDatabase+[NoContext]+DetachViaIdentityExpanded+$DELETE+https://management.azure.com/subscriptions/11d5f159-a21d-4a6c-8053-c3aae30057cf/resourceGroups/testgroupyefkpv/providers/Microsoft.Kusto/Clusters/blablab123/Databases/testdatabasexy9rcg?api-version=2021-01-01+11": {
    "Request": {
      "Method": "DELETE",
      "RequestUri": "https://management.azure.com/subscriptions/11d5f159-a21d-4a6c-8053-c3aae30057cf/resourceGroups/testgroupyefkpv/providers/Microsoft.Kusto/Clusters/blablab123/Databases/testdatabasexy9rcg?api-version=2021-01-01",
      "Content": null,
      "Headers": {
        "x-ms-unique-id": [ "218" ],
        "x-ms-client-request-id": [ "623f9307-e056-42bd-82be-9186f9a8a734" ],
        "CommandName": [ "Remove-AzKustoDatabase" ],
        "FullCommandName": [ "Remove-AzKustoDatabase_Delete" ],
        "ParameterSetName": [ "__AllParameterSets" ],
        "User-Agent": [ "AzurePowershell/Az4.0.0-preview" ],
        "Authorization": [ "[Filtered]" ]
      },
      "ContentHeaders": {
      }
    },
    "Response": {
      "StatusCode": 202,
      "Headers": {
        "Cache-Control": [ "no-cache" ],
        "Pragma": [ "no-cache" ],
        "Location": [ "https://management.azure.com/subscriptions/11d5f159-a21d-4a6c-8053-c3aae30057cf/providers/Microsoft.Kusto/locations/East%20US/operationResults/3bfaee03-a15b-4b0d-9b24-955814754c5a?api-version=2021-01-01\u0026operationResultResponseType=Location" ],
        "Azure-AsyncOperation": [ "https://management.azure.com/subscriptions/11d5f159-a21d-4a6c-8053-c3aae30057cf/providers/Microsoft.Kusto/locations/East US/operationResults/3bfaee03-a15b-4b0d-9b24-955814754c5a?api-version=2021-01-01" ],
        "Server": [ "Microsoft-HTTPAPI/2.0" ],
        "x-ms-ratelimit-remaining-subscription-deletes": [ "14998" ],
        "x-ms-request-id": [ "6e596c91-dd5a-4faa-8207-f49cd05a85c3" ],
        "x-ms-correlation-request-id": [ "6e596c91-dd5a-4faa-8207-f49cd05a85c3" ],
        "x-ms-routing-request-id": [ "UAECENTRAL:20210506T074353Z:6e596c91-dd5a-4faa-8207-f49cd05a85c3" ],
        "Strict-Transport-Security": [ "max-age=31536000; includeSubDomains" ],
        "X-Content-Type-Options": [ "nosniff" ],
        "Date": [ "Thu, 06 May 2021 07:43:52 GMT" ]
      },
      "ContentHeaders": {
        "Expires": [ "-1" ],
        "Content-Length": [ "0" ]
      },
      "Content": null
    }
  },
  "Invoke-AzKustoDetachClusterFollowerDatabase+[NoContext]+DetachViaIdentityExpanded+$GET+https://management.azure.com/subscriptions/11d5f159-a21d-4a6c-8053-c3aae30057cf/providers/Microsoft.Kusto/locations/East US/operationResults/3bfaee03-a15b-4b0d-9b24-955814754c5a?api-version=2021-01-01+12": {
    "Request": {
      "Method": "GET",
      "RequestUri": "https://management.azure.com/subscriptions/11d5f159-a21d-4a6c-8053-c3aae30057cf/providers/Microsoft.Kusto/locations/East%20US/operationResults/3bfaee03-a15b-4b0d-9b24-955814754c5a?api-version=2021-01-01",
      "Content": null,
      "Headers": {
        "x-ms-unique-id": [ "218", "219" ],
        "x-ms-client-request-id": [ "623f9307-e056-42bd-82be-9186f9a8a734", "623f9307-e056-42bd-82be-9186f9a8a734" ],
        "CommandName": [ "Remove-AzKustoDatabase", "Remove-AzKustoDatabase" ],
        "FullCommandName": [ "Remove-AzKustoDatabase_Delete", "Remove-AzKustoDatabase_Delete" ],
        "ParameterSetName": [ "__AllParameterSets", "__AllParameterSets" ],
        "User-Agent": [ "AzurePowershell/Az4.0.0-preview", "AzurePowershell/Az4.0.0-preview" ],
        "Authorization": [ "[Filtered]" ]
      },
      "ContentHeaders": {
      }
    },
    "Response": {
      "StatusCode": 200,
      "Headers": {
        "Cache-Control": [ "no-cache" ],
        "Pragma": [ "no-cache" ],
        "x-ms-request-id": [ "75e76edf-a90a-4f1b-893e-1acaf56fa97b" ],
        "Server": [ "Microsoft-HTTPAPI/2.0" ],
        "x-ms-ratelimit-remaining-subscription-resource-requests": [ "277" ],
        "x-ms-correlation-request-id": [ "6eedec01-f9c8-426a-9faf-17e8e910e02d" ],
        "x-ms-routing-request-id": [ "UAECENTRAL:20210506T074423Z:6eedec01-f9c8-426a-9faf-17e8e910e02d" ],
        "Strict-Transport-Security": [ "max-age=31536000; includeSubDomains" ],
        "X-Content-Type-Options": [ "nosniff" ],
        "Date": [ "Thu, 06 May 2021 07:44:23 GMT" ]
      },
      "ContentHeaders": {
        "Content-Length": [ "495" ],
        "Content-Type": [ "application/json; charset=utf-8" ],
        "Expires": [ "-1" ]
      },
      "Content": "{\"id\":\"/subscriptions/11d5f159-a21d-4a6c-8053-c3aae30057cf/providers/Microsoft.Kusto/locations/East US/operationresults/3bfaee03-a15b-4b0d-9b24-955814754c5a\",\"name\":\"3bfaee03-a15b-4b0d-9b24-955814754c5a\",\"status\":\"Succeeded\",\"startTime\":\"2021-05-06T07:43:53.1531684Z\",\"endTime\":\"2021-05-06T07:43:54.192884Z\",\"percentComplete\":1.0,\"properties\":{\"OperationKind\":\"DatabaseDelete\",\"RootActivityId\":\"350b7c85-9dd3-453f-8fa1-d3022cf918cc\",\"provisioningState\":\"Succeeded\",\"OperationState\":\"Completed\"}}"
    }
  },
  "Invoke-AzKustoDetachClusterFollowerDatabase+[NoContext]+DetachViaIdentityExpanded+$GET+https://management.azure.com/subscriptions/11d5f159-a21d-4a6c-8053-c3aae30057cf/providers/Microsoft.Kusto/locations/East US/operationResults/3bfaee03-a15b-4b0d-9b24-955814754c5a?api-version=2021-01-01\u0026operationResultResponseType=Location+13": {
    "Request": {
      "Method": "GET",
      "RequestUri": "https://management.azure.com/subscriptions/11d5f159-a21d-4a6c-8053-c3aae30057cf/providers/Microsoft.Kusto/locations/East%20US/operationResults/3bfaee03-a15b-4b0d-9b24-955814754c5a?api-version=2021-01-01\u0026operationResultResponseType=Location",
      "Content": null,
      "Headers": {
        "x-ms-unique-id": [ "218", "219", "220" ],
        "x-ms-client-request-id": [ "623f9307-e056-42bd-82be-9186f9a8a734", "623f9307-e056-42bd-82be-9186f9a8a734", "623f9307-e056-42bd-82be-9186f9a8a734" ],
        "CommandName": [ "Remove-AzKustoDatabase", "Remove-AzKustoDatabase", "Remove-AzKustoDatabase" ],
        "FullCommandName": [ "Remove-AzKustoDatabase_Delete", "Remove-AzKustoDatabase_Delete", "Remove-AzKustoDatabase_Delete" ],
        "ParameterSetName": [ "__AllParameterSets", "__AllParameterSets", "__AllParameterSets" ],
        "User-Agent": [ "AzurePowershell/Az4.0.0-preview", "AzurePowershell/Az4.0.0-preview", "AzurePowershell/Az4.0.0-preview" ],
        "Authorization": [ "[Filtered]" ]
      },
      "ContentHeaders": {
      }
    },
    "Response": {
      "StatusCode": 200,
      "Headers": {
        "Cache-Control": [ "no-cache" ],
        "Pragma": [ "no-cache" ],
        "x-ms-request-id": [ "31fc693d-cadd-4c9f-85c1-84c5625025a2" ],
        "Server": [ "Microsoft-HTTPAPI/2.0" ],
        "x-ms-ratelimit-remaining-subscription-resource-requests": [ "276" ],
        "x-ms-correlation-request-id": [ "efff3741-5591-401f-a64b-8f3fa03166bb" ],
        "x-ms-routing-request-id": [ "UAECENTRAL:20210506T074424Z:efff3741-5591-401f-a64b-8f3fa03166bb" ],
        "Strict-Transport-Security": [ "max-age=31536000; includeSubDomains" ],
        "X-Content-Type-Options": [ "nosniff" ],
        "Date": [ "Thu, 06 May 2021 07:44:24 GMT" ]
      },
      "ContentHeaders": {
        "Expires": [ "-1" ],
        "Content-Length": [ "0" ]
      },
      "Content": null
    }
  }
}