{
  "Invoke-AzKustoDetachClusterFollowerDatabase+[NoContext]+DetachExpanded+$PUT+https://management.azure.com/subscriptions/11d5f159-a21d-4a6c-8053-c3aae30057cf/resourceGroups/testgroupmlhoe5/providers/Microsoft.Kusto/Clusters/testclustermlhoe5/Databases/testdatabase46xdyp?api-version=2020-09-18+1": {
    "Request": {
      "Method": "PUT",
      "RequestUri": "https://management.azure.com/subscriptions/11d5f159-a21d-4a6c-8053-c3aae30057cf/resourceGroups/testgroupmlhoe5/providers/Microsoft.Kusto/Clusters/testclustermlhoe5/Databases/testdatabase46xdyp?api-version=2020-09-18",
      "Content": "{\r\n  \"kind\": \"ReadWrite\",\r\n  \"location\": \"East US\"\r\n}",
      "Headers": {
      },
      "ContentHeaders": {
        "Content-Type": [ "application/json" ],
        "Content-Length": [ "53" ]
      }
    },
    "Response": {
      "StatusCode": 201,
      "Headers": {
        "Cache-Control": [ "no-cache" ],
        "Pragma": [ "no-cache" ],
        "ETag": [ "\"\"" ],
        "x-ms-request-id": [ "fd4af96b-9fd9-4dae-94eb-f3e55b9397a3" ],
        "Azure-AsyncOperation": [ "https://management.azure.com/subscriptions/11d5f159-a21d-4a6c-8053-c3aae30057cf/providers/Microsoft.Kusto/locations/East US/operationResults/394aaad6-9fbf-4efd-9098-257215625c69?api-version=2020-09-18" ],
        "Set-Cookie": [ "ARRAffinity=08c542de9c69df304db89085a4be8d076030733c2e6e8b2f44fd02f2435e1112;Path=/;HttpOnly;Secure;Domain=armrp-kustorpeus.kusto.windows.net", "ARRAffinitySameSite=08c542de9c69df304db89085a4be8d076030733c2e6e8b2f44fd02f2435e1112;Path=/;HttpOnly;SameSite=None;Secure;Domain=armrp-kustorpeus.kusto.windows.net" ],
        "X-Powered-By": [ "ASP.NET" ],
        "x-ms-ratelimit-remaining-subscription-resource-requests": [ "198" ],
        "x-ms-correlation-request-id": [ "283780ad-b2dd-4b47-a84d-39568e965c81" ],
        "x-ms-routing-request-id": [ "UKSOUTH:20201026T181215Z:283780ad-b2dd-4b47-a84d-39568e965c81" ],
        "Strict-Transport-Security": [ "max-age=31536000; includeSubDomains" ],
        "X-Content-Type-Options": [ "nosniff" ],
        "Date": [ "Mon, 26 Oct 2020 18:12:15 GMT" ]
      },
      "ContentHeaders": {
        "Content-Length": [ "363" ],
        "Content-Type": [ "application/json; charset=utf-8" ],
        "Expires": [ "-1" ]
      },
      "Content": "{\"id\":\"/subscriptions/11d5f159-a21d-4a6c-8053-c3aae30057cf/resourceGroups/testgroupmlhoe5/providers/Microsoft.Kusto/Clusters/testclustermlhoe5/Databases/testdatabase46xdyp\",\"name\":\"testclustermlhoe5/testdatabase46xdyp\",\"type\":\"Microsoft.Kusto/Clusters/Databases\",\"etag\":\"\\\"\\\"\",\"location\":\"East US\",\"kind\":\"ReadWrite\",\"properties\":{\"provisioningState\":\"Creating\"}}"
    }
  },
  "Invoke-AzKustoDetachClusterFollowerDatabase+[NoContext]+DetachExpanded+$GET+https://management.azure.com/subscriptions/11d5f159-a21d-4a6c-8053-c3aae30057cf/providers/Microsoft.Kusto/locations/East US/operationResults/394aaad6-9fbf-4efd-9098-257215625c69?api-version=2020-09-18+2": {
    "Request": {
      "Method": "GET",
      "RequestUri": "https://management.azure.com/subscriptions/11d5f159-a21d-4a6c-8053-c3aae30057cf/providers/Microsoft.Kusto/locations/East%20US/operationResults/394aaad6-9fbf-4efd-9098-257215625c69?api-version=2020-09-18",
      "Content": null,
      "Headers": {
        "x-ms-unique-id": [ "186", "187" ],
        "x-ms-client-request-id": [ "4f1b1f87-5c28-4000-90fe-e0a4b7c65cd0", "4f1b1f87-5c28-4000-90fe-e0a4b7c65cd0" ],
        "CommandName": [ "Az.Kusto.internal\\New-AzKustoDatabase", "Az.Kusto.internal\\New-AzKustoDatabase" ],
        "FullCommandName": [ "New-AzKustoDatabase_Create", "New-AzKustoDatabase_Create" ],
        "ParameterSetName": [ "__AllParameterSets", "__AllParameterSets" ],
        "User-Agent": [ "AzurePowershell/Az4.0.0-preview", "AzurePowershell/Az4.0.0-preview" ],
        "Authorization": [ "[Filtered]" ]
      },
      "ContentHeaders": {
      }
    },
    "Response": {
      "StatusCode": 200,
      "Headers": {
        "Cache-Control": [ "no-cache" ],
        "Pragma": [ "no-cache" ],
        "Vary": [ "Accept-Encoding" ],
        "x-ms-ratelimit-remaining-subscription-resource-requests": [ "278" ],
        "x-ms-request-id": [ "0aa040a1-e080-406d-a48e-43901f6de542" ],
        "Set-Cookie": [ "ARRAffinity=08c542de9c69df304db89085a4be8d076030733c2e6e8b2f44fd02f2435e1112;Path=/;HttpOnly;Secure;Domain=armrp-kustorpeus.kusto.windows.net", "ARRAffinitySameSite=08c542de9c69df304db89085a4be8d076030733c2e6e8b2f44fd02f2435e1112;Path=/;HttpOnly;SameSite=None;Secure;Domain=armrp-kustorpeus.kusto.windows.net" ],
        "X-Powered-By": [ "ASP.NET" ],
        "x-ms-correlation-request-id": [ "e26fa513-3012-4230-944b-df0c9aa6fec3" ],
        "x-ms-routing-request-id": [ "UKSOUTH:20201026T181246Z:e26fa513-3012-4230-944b-df0c9aa6fec3" ],
        "Strict-Transport-Security": [ "max-age=31536000; includeSubDomains" ],
        "X-Content-Type-Options": [ "nosniff" ],
        "Date": [ "Mon, 26 Oct 2020 18:12:45 GMT" ]
      },
      "ContentHeaders": {
        "Content-Length": [ "496" ],
        "Content-Type": [ "application/json; charset=utf-8" ],
        "Expires": [ "-1" ]
      },
      "Content": "{\"id\":\"/subscriptions/11d5f159-a21d-4a6c-8053-c3aae30057cf/providers/Microsoft.Kusto/locations/East US/operationresults/394aaad6-9fbf-4efd-9098-257215625c69\",\"name\":\"394aaad6-9fbf-4efd-9098-257215625c69\",\"status\":\"Succeeded\",\"startTime\":\"2020-10-26T18:12:15.6594177Z\",\"endTime\":\"2020-10-26T18:12:17.7062498Z\",\"percentComplete\":1.0,\"properties\":{\"OperationKind\":\"DatabaseCreate\",\"RootActivityId\":\"2ee5201d-ad12-4324-9f28-ee50284985a3\",\"provisioningState\":\"Succeeded\",\"OperationState\":\"Completed\"}}"
    }
  },
  "Invoke-AzKustoDetachClusterFollowerDatabase+[NoContext]+DetachExpanded+$GET+https://management.azure.com/subscriptions/11d5f159-a21d-4a6c-8053-c3aae30057cf/resourceGroups/testgroupmlhoe5/providers/Microsoft.Kusto/Clusters/testclustermlhoe5/Databases/testdatabase46xdyp?api-version=2020-09-18+3": {
    "Request": {
      "Method": "GET",
      "RequestUri": "https://management.azure.com/subscriptions/11d5f159-a21d-4a6c-8053-c3aae30057cf/resourceGroups/testgroupmlhoe5/providers/Microsoft.Kusto/Clusters/testclustermlhoe5/Databases/testdatabase46xdyp?api-version=2020-09-18",
      "Content": null,
      "Headers": {
        "x-ms-unique-id": [ "186", "187", "188" ],
        "x-ms-client-request-id": [ "4f1b1f87-5c28-4000-90fe-e0a4b7c65cd0", "4f1b1f87-5c28-4000-90fe-e0a4b7c65cd0", "4f1b1f87-5c28-4000-90fe-e0a4b7c65cd0" ],
        "CommandName": [ "Az.Kusto.internal\\New-AzKustoDatabase", "Az.Kusto.internal\\New-AzKustoDatabase", "Az.Kusto.internal\\New-AzKustoDatabase" ],
        "FullCommandName": [ "New-AzKustoDatabase_Create", "New-AzKustoDatabase_Create", "New-AzKustoDatabase_Create" ],
        "ParameterSetName": [ "__AllParameterSets", "__AllParameterSets", "__AllParameterSets" ],
        "User-Agent": [ "AzurePowershell/Az4.0.0-preview", "AzurePowershell/Az4.0.0-preview", "AzurePowershell/Az4.0.0-preview" ],
        "Authorization": [ "[Filtered]" ]
      },
      "ContentHeaders": {
      }
    },
    "Response": {
      "StatusCode": 200,
      "Headers": {
        "Cache-Control": [ "no-cache" ],
        "Pragma": [ "no-cache" ],
        "ETag": [ "\"\"" ],
        "Vary": [ "Accept-Encoding" ],
        "x-ms-ratelimit-remaining-subscription-resource-requests": [ "294" ],
        "x-ms-request-id": [ "16393d1d-07c9-4b61-b0ff-2e8952334294" ],
        "Set-Cookie": [ "ARRAffinity=8461a480ba64ac008187a19a8e06cff1e16d9525507776033d2e273198e8fcfb;Path=/;HttpOnly;Secure;Domain=armrp-kustorpeus.kusto.windows.net", "ARRAffinitySameSite=8461a480ba64ac008187a19a8e06cff1e16d9525507776033d2e273198e8fcfb;Path=/;HttpOnly;SameSite=None;Secure;Domain=armrp-kustorpeus.kusto.windows.net" ],
        "X-Powered-By": [ "ASP.NET" ],
        "x-ms-correlation-request-id": [ "6a5e16ca-de30-42b0-bb17-71323c38d3c2" ],
        "x-ms-routing-request-id": [ "UKSOUTH:20201026T181246Z:6a5e16ca-de30-42b0-bb17-71323c38d3c2" ],
        "Strict-Transport-Security": [ "max-age=31536000; includeSubDomains" ],
        "X-Content-Type-Options": [ "nosniff" ],
        "Date": [ "Mon, 26 Oct 2020 18:12:45 GMT" ]
      },
      "ContentHeaders": {
        "Content-Length": [ "471" ],
        "Content-Type": [ "application/json; charset=utf-8" ],
        "Expires": [ "-1" ]
      },
      "Content": "{\"id\":\"/subscriptions/11d5f159-a21d-4a6c-8053-c3aae30057cf/resourceGroups/testgroupmlhoe5/providers/Microsoft.Kusto/Clusters/testclustermlhoe5/Databases/testdatabase46xdyp\",\"name\":\"testclustermlhoe5/testdatabase46xdyp\",\"type\":\"Microsoft.Kusto/Clusters/Databases\",\"etag\":\"\\\"\\\"\",\"location\":\"East US\",\"kind\":\"ReadWrite\",\"tags\":{},\"properties\":{\"isFollowed\":false,\"softDeletePeriodInDays\":0,\"hotCachePeriodInDays\":0,\"statistics\":{\"size\":0.0},\"provisioningState\":\"Succeeded\"}}"
    }
  },
  "Invoke-AzKustoDetachClusterFollowerDatabase+[NoContext]+DetachExpanded+$PUT+https://management.azure.com/subscriptions/11d5f159-a21d-4a6c-8053-c3aae30057cf/resourceGroups/testgroupmlhoe5/providers/Microsoft.Kusto/Clusters/testfclustera0obls/AttachedDatabaseConfigurations/testdbconf46xdyp?api-version=2020-09-18+4": {
    "Request": {
      "Method": "PUT",
      "RequestUri": "https://management.azure.com/subscriptions/11d5f159-a21d-4a6c-8053-c3aae30057cf/resourceGroups/testgroupmlhoe5/providers/Microsoft.Kusto/Clusters/testfclustera0obls/AttachedDatabaseConfigurations/testdbconf46xdyp?api-version=2020-09-18",
      "Content": "{\r\n  \"properties\": {\r\n    \"clusterResourceId\": \"/subscriptions/11d5f159-a21d-4a6c-8053-c3aae30057cf/resourcegroups/testgroupmlhoe5/providers/Microsoft.Kusto/Clusters/testclustermlhoe5\",\r\n    \"databaseName\": \"testdatabase46xdyp\",\r\n    \"defaultPrincipalsModificationKind\": \"Union\"\r\n  },\r\n  \"location\": \"East US\"\r\n}",
      "Headers": {
      },
      "ContentHeaders": {
        "Content-Type": [ "application/json" ],
        "Content-Length": [ "312" ]
      }
    },
    "Response": {
      "StatusCode": 201,
      "Headers": {
        "Cache-Control": [ "no-cache" ],
        "Pragma": [ "no-cache" ],
        "ETag": [ "\"\"" ],
        "x-ms-request-id": [ "831efc92-949c-4682-839a-246862f4e55d" ],
        "Azure-AsyncOperation": [ "https://management.azure.com/subscriptions/11d5f159-a21d-4a6c-8053-c3aae30057cf/providers/Microsoft.Kusto/locations/East US/operationResults/43e96e88-acc5-4619-a07b-9ef20b599989?api-version=2020-09-18" ],
        "Set-Cookie": [ "ARRAffinity=8461a480ba64ac008187a19a8e06cff1e16d9525507776033d2e273198e8fcfb;Path=/;HttpOnly;Secure;Domain=armrp-kustorpeus.kusto.windows.net", "ARRAffinitySameSite=8461a480ba64ac008187a19a8e06cff1e16d9525507776033d2e273198e8fcfb;Path=/;HttpOnly;SameSite=None;Secure;Domain=armrp-kustorpeus.kusto.windows.net" ],
        "X-Powered-By": [ "ASP.NET" ],
        "x-ms-ratelimit-remaining-subscription-resource-requests": [ "198" ],
        "x-ms-correlation-request-id": [ "fc2fac0d-5026-4083-993a-a782b9f04aeb" ],
        "x-ms-routing-request-id": [ "UKSOUTH:20201026T181247Z:fc2fac0d-5026-4083-993a-a782b9f04aeb" ],
        "Strict-Transport-Security": [ "max-age=31536000; includeSubDomains" ],
        "X-Content-Type-Options": [ "nosniff" ],
        "Date": [ "Mon, 26 Oct 2020 18:12:46 GMT" ]
      },
      "ContentHeaders": {
        "Content-Length": [ "622" ],
        "Content-Type": [ "application/json; charset=utf-8" ],
        "Expires": [ "-1" ]
      },
      "Content": "{\"id\":\"/subscriptions/11d5f159-a21d-4a6c-8053-c3aae30057cf/resourceGroups/testgroupmlhoe5/providers/Microsoft.Kusto/Clusters/testfclustera0obls/AttachedDatabaseConfigurations/testdbconf46xdyp\",\"name\":\"testfclustera0obls/testdbconf46xdyp\",\"type\":\"Microsoft.Kusto/Clusters/AttachedDatabaseConfigurations\",\"etag\":\"\\\"\\\"\",\"location\":\"East US\",\"properties\":{\"clusterResourceId\":\"/subscriptions/11d5f159-a21d-4a6c-8053-c3aae30057cf/resourcegroups/testgroupmlhoe5/providers/Microsoft.Kusto/Clusters/testclustermlhoe5\",\"databaseName\":\"testdatabase46xdyp\",\"defaultPrincipalsModificationKind\":\"Union\",\"provisioningState\":\"Creating\"}}"
    }
  },
  "Invoke-AzKustoDetachClusterFollowerDatabase+[NoContext]+DetachExpanded+$GET+https://management.azure.com/subscriptions/11d5f159-a21d-4a6c-8053-c3aae30057cf/providers/Microsoft.Kusto/locations/East US/operationResults/43e96e88-acc5-4619-a07b-9ef20b599989?api-version=2020-09-18+5": {
    "Request": {
      "Method": "GET",
      "RequestUri": "https://management.azure.com/subscriptions/11d5f159-a21d-4a6c-8053-c3aae30057cf/providers/Microsoft.Kusto/locations/East%20US/operationResults/43e96e88-acc5-4619-a07b-9ef20b599989?api-version=2020-09-18",
      "Content": null,
      "Headers": {
        "x-ms-unique-id": [ "189", "190" ],
        "x-ms-client-request-id": [ "b9c9e8c6-1036-44ee-9265-935176cf4f6a", "b9c9e8c6-1036-44ee-9265-935176cf4f6a" ],
        "CommandName": [ "New-AzKustoAttachedDatabaseConfiguration", "New-AzKustoAttachedDatabaseConfiguration" ],
        "FullCommandName": [ "New-AzKustoAttachedDatabaseConfiguration_CreateExpanded", "New-AzKustoAttachedDatabaseConfiguration_CreateExpanded" ],
        "ParameterSetName": [ "__AllParameterSets", "__AllParameterSets" ],
        "User-Agent": [ "AzurePowershell/Az4.0.0-preview", "AzurePowershell/Az4.0.0-preview" ],
        "Authorization": [ "[Filtered]" ]
      },
      "ContentHeaders": {
      }
    },
    "Response": {
      "StatusCode": 200,
      "Headers": {
        "Cache-Control": [ "no-cache" ],
        "Pragma": [ "no-cache" ],
        "Vary": [ "Accept-Encoding" ],
        "x-ms-ratelimit-remaining-subscription-resource-requests": [ "277" ],
        "x-ms-request-id": [ "c5098133-d3d3-480c-9725-be5c46e3472a" ],
        "Set-Cookie": [ "ARRAffinity=08c542de9c69df304db89085a4be8d076030733c2e6e8b2f44fd02f2435e1112;Path=/;HttpOnly;Secure;Domain=armrp-kustorpeus.kusto.windows.net", "ARRAffinitySameSite=08c542de9c69df304db89085a4be8d076030733c2e6e8b2f44fd02f2435e1112;Path=/;HttpOnly;SameSite=None;Secure;Domain=armrp-kustorpeus.kusto.windows.net" ],
        "X-Powered-By": [ "ASP.NET" ],
        "x-ms-correlation-request-id": [ "dd193b12-0063-474a-86b7-2f71edbd6cac" ],
        "x-ms-routing-request-id": [ "UKSOUTH:20201026T181317Z:dd193b12-0063-474a-86b7-2f71edbd6cac" ],
        "Strict-Transport-Security": [ "max-age=31536000; includeSubDomains" ],
        "X-Content-Type-Options": [ "nosniff" ],
        "Date": [ "Mon, 26 Oct 2020 18:13:16 GMT" ]
      },
      "ContentHeaders": {
        "Content-Length": [ "503" ],
        "Content-Type": [ "application/json; charset=utf-8" ],
        "Expires": [ "-1" ]
      },
      "Content": "{\"id\":\"/subscriptions/11d5f159-a21d-4a6c-8053-c3aae30057cf/providers/Microsoft.Kusto/locations/East US/operationresults/43e96e88-acc5-4619-a07b-9ef20b599989\",\"name\":\"43e96e88-acc5-4619-a07b-9ef20b599989\",\"status\":\"Succeeded\",\"startTime\":\"2020-10-26T18:12:47.0062799Z\",\"endTime\":\"2020-10-26T18:12:56.662618Z\",\"percentComplete\":1.0,\"properties\":{\"OperationKind\":\"FollowerDatabaseCreate\",\"RootActivityId\":\"0af879fe-9298-44b6-8547-32a2f936fd34\",\"provisioningState\":\"Succeeded\",\"OperationState\":\"Completed\"}}"
    }
  },
  "Invoke-AzKustoDetachClusterFollowerDatabase+[NoContext]+DetachExpanded+$GET+https://management.azure.com/subscriptions/11d5f159-a21d-4a6c-8053-c3aae30057cf/resourceGroups/testgroupmlhoe5/providers/Microsoft.Kusto/Clusters/testfclustera0obls/AttachedDatabaseConfigurations/testdbconf46xdyp?api-version=2020-09-18+6": {
    "Request": {
      "Method": "GET",
      "RequestUri": "https://management.azure.com/subscriptions/11d5f159-a21d-4a6c-8053-c3aae30057cf/resourceGroups/testgroupmlhoe5/providers/Microsoft.Kusto/Clusters/testfclustera0obls/AttachedDatabaseConfigurations/testdbconf46xdyp?api-version=2020-09-18",
      "Content": null,
      "Headers": {
        "x-ms-unique-id": [ "189", "190", "191" ],
        "x-ms-client-request-id": [ "b9c9e8c6-1036-44ee-9265-935176cf4f6a", "b9c9e8c6-1036-44ee-9265-935176cf4f6a", "b9c9e8c6-1036-44ee-9265-935176cf4f6a" ],
        "CommandName": [ "New-AzKustoAttachedDatabaseConfiguration", "New-AzKustoAttachedDatabaseConfiguration", "New-AzKustoAttachedDatabaseConfiguration" ],
        "FullCommandName": [ "New-AzKustoAttachedDatabaseConfiguration_CreateExpanded", "New-AzKustoAttachedDatabaseConfiguration_CreateExpanded", "New-AzKustoAttachedDatabaseConfiguration_CreateExpanded" ],
        "ParameterSetName": [ "__AllParameterSets", "__AllParameterSets", "__AllParameterSets" ],
        "User-Agent": [ "AzurePowershell/Az4.0.0-preview", "AzurePowershell/Az4.0.0-preview", "AzurePowershell/Az4.0.0-preview" ],
        "Authorization": [ "[Filtered]" ]
      },
      "ContentHeaders": {
      }
    },
    "Response": {
      "StatusCode": 200,
      "Headers": {
        "Cache-Control": [ "no-cache" ],
        "Pragma": [ "no-cache" ],
        "ETag": [ "\"\"" ],
        "Vary": [ "Accept-Encoding" ],
        "x-ms-ratelimit-remaining-subscription-resource-requests": [ "297" ],
        "x-ms-request-id": [ "4613432f-fde0-499e-9d87-2e79eca6f677" ],
        "Set-Cookie": [ "ARRAffinity=08c542de9c69df304db89085a4be8d076030733c2e6e8b2f44fd02f2435e1112;Path=/;HttpOnly;Secure;Domain=armrp-kustorpeus.kusto.windows.net", "ARRAffinitySameSite=08c542de9c69df304db89085a4be8d076030733c2e6e8b2f44fd02f2435e1112;Path=/;HttpOnly;SameSite=None;Secure;Domain=armrp-kustorpeus.kusto.windows.net" ],
        "X-Powered-By": [ "ASP.NET" ],
        "x-ms-correlation-request-id": [ "3f757a48-ac8e-4cb0-8b83-87c3f1463677" ],
        "x-ms-routing-request-id": [ "UKSOUTH:20201026T181317Z:3f757a48-ac8e-4cb0-8b83-87c3f1463677" ],
        "Strict-Transport-Security": [ "max-age=31536000; includeSubDomains" ],
        "X-Content-Type-Options": [ "nosniff" ],
        "Date": [ "Mon, 26 Oct 2020 18:13:17 GMT" ]
      },
      "ContentHeaders": {
        "Content-Length": [ "680" ],
        "Content-Type": [ "application/json; charset=utf-8" ],
        "Expires": [ "-1" ]
      },
      "Content": "{\"id\":\"/subscriptions/11d5f159-a21d-4a6c-8053-c3aae30057cf/resourceGroups/testgroupmlhoe5/providers/Microsoft.Kusto/Clusters/testfclustera0obls/AttachedDatabaseConfigurations/testdbconf46xdyp\",\"name\":\"testfclustera0obls/testdbconf46xdyp\",\"type\":\"Microsoft.Kusto/Clusters/AttachedDatabaseConfigurations\",\"etag\":\"\\\"\\\"\",\"location\":\"East US\",\"tags\":{},\"properties\":{\"clusterResourceId\":\"/subscriptions/11d5f159-a21d-4a6c-8053-c3aae30057cf/resourceGroups/testgroupmlhoe5/providers/Microsoft.Kusto/Clusters/testclustermlhoe5\",\"databaseName\":\"testdatabase46xdyp\",\"attachedDatabaseNames\":[\"testdatabase46xdyp\"],\"defaultPrincipalsModificationKind\":\"Union\",\"provisioningState\":\"Succeeded\"}}"
    }
  },
  "Invoke-AzKustoDetachClusterFollowerDatabase+[NoContext]+DetachExpanded+$POST+https://management.azure.com/subscriptions/11d5f159-a21d-4a6c-8053-c3aae30057cf/resourceGroups/testgroupmlhoe5/providers/Microsoft.Kusto/Clusters/testclustermlhoe5/detachFollowerDatabases?api-version=2020-09-18+7": {
    "Request": {
      "Method": "POST",
      "RequestUri": "https://management.azure.com/subscriptions/11d5f159-a21d-4a6c-8053-c3aae30057cf/resourceGroups/testgroupmlhoe5/providers/Microsoft.Kusto/Clusters/testclustermlhoe5/detachFollowerDatabases?api-version=2020-09-18",
      "Content": "{\r\n  \"attachedDatabaseConfigurationName\": \"testdbconf46xdyp\",\r\n  \"clusterResourceId\": \"/subscriptions/11d5f159-a21d-4a6c-8053-c3aae30057cf/resourcegroups/testgroupmlhoe5/providers/Microsoft.Kusto/Clusters/testfclustera0obls\"\r\n}",
      "Headers": {
      },
      "ContentHeaders": {
        "Content-Type": [ "application/json" ],
        "Content-Length": [ "227" ]
      }
    },
    "Response": {
      "StatusCode": 202,
      "Headers": {
        "Cache-Control": [ "no-cache" ],
        "Pragma": [ "no-cache" ],
        "Location": [ "https://management.azure.com/subscriptions/11d5f159-a21d-4a6c-8053-c3aae30057cf/providers/Microsoft.Kusto/locations/East%20US/operationResults/a4163b42-c10d-43c9-a257-edab27437441?api-version=2020-09-18\u0026operationResultResponseType=Location" ],
        "x-ms-request-id": [ "0a50295b-9e01-4cf6-9228-d172c70b0538" ],
        "Azure-AsyncOperation": [ "https://management.azure.com/subscriptions/11d5f159-a21d-4a6c-8053-c3aae30057cf/providers/Microsoft.Kusto/locations/East US/operationResults/a4163b42-c10d-43c9-a257-edab27437441?api-version=2020-09-18" ],
        "Set-Cookie": [ "ARRAffinity=8461a480ba64ac008187a19a8e06cff1e16d9525507776033d2e273198e8fcfb;Path=/;HttpOnly;Secure;Domain=armrp-kustorpeus.kusto.windows.net", "ARRAffinitySameSite=8461a480ba64ac008187a19a8e06cff1e16d9525507776033d2e273198e8fcfb;Path=/;HttpOnly;SameSite=None;Secure;Domain=armrp-kustorpeus.kusto.windows.net" ],
        "X-Powered-By": [ "ASP.NET" ],
        "x-ms-ratelimit-remaining-subscription-writes": [ "1188" ],
        "x-ms-correlation-request-id": [ "8034ebcc-a0ac-47a6-a8ec-244f6935ff64" ],
        "x-ms-routing-request-id": [ "UKSOUTH:20201026T181318Z:8034ebcc-a0ac-47a6-a8ec-244f6935ff64" ],
        "Strict-Transport-Security": [ "max-age=31536000; includeSubDomains" ],
        "X-Content-Type-Options": [ "nosniff" ],
        "Date": [ "Mon, 26 Oct 2020 18:13:17 GMT" ]
      },
      "ContentHeaders": {
        "Expires": [ "-1" ],
        "Content-Length": [ "0" ]
      },
      "Content": null
    }
  },
  "Invoke-AzKustoDetachClusterFollowerDatabase+[NoContext]+DetachExpanded+$GET+https://management.azure.com/subscriptions/11d5f159-a21d-4a6c-8053-c3aae30057cf/providers/Microsoft.Kusto/locations/East US/operationResults/a4163b42-c10d-43c9-a257-edab27437441?api-version=2020-09-18+8": {
    "Request": {
      "Method": "GET",
      "RequestUri": "https://management.azure.com/subscriptions/11d5f159-a21d-4a6c-8053-c3aae30057cf/providers/Microsoft.Kusto/locations/East%20US/operationResults/a4163b42-c10d-43c9-a257-edab27437441?api-version=2020-09-18",
      "Content": null,
      "Headers": {
        "x-ms-unique-id": [ "192", "193" ],
        "x-ms-client-request-id": [ "f57535b6-1afb-47a9-b4f3-b1d2c5d51117", "f57535b6-1afb-47a9-b4f3-b1d2c5d51117" ],
        "CommandName": [ "Invoke-AzKustoDetachClusterFollowerDatabase", "Invoke-AzKustoDetachClusterFollowerDatabase" ],
        "FullCommandName": [ "Invoke-AzKustoDetachClusterFollowerDatabase_DetachExpanded", "Invoke-AzKustoDetachClusterFollowerDatabase_DetachExpanded" ],
        "ParameterSetName": [ "__AllParameterSets", "__AllParameterSets" ],
        "User-Agent": [ "AzurePowershell/Az4.0.0-preview", "AzurePowershell/Az4.0.0-preview" ],
        "Authorization": [ "[Filtered]" ]
      },
      "ContentHeaders": {
      }
    },
    "Response": {
      "StatusCode": 200,
      "Headers": {
        "Cache-Control": [ "no-cache" ],
        "Pragma": [ "no-cache" ],
        "Vary": [ "Accept-Encoding" ],
        "x-ms-ratelimit-remaining-subscription-resource-requests": [ "276" ],
        "x-ms-request-id": [ "f9155ea3-4a15-495f-a590-293502b027fa" ],
        "Set-Cookie": [ "ARRAffinity=8461a480ba64ac008187a19a8e06cff1e16d9525507776033d2e273198e8fcfb;Path=/;HttpOnly;Secure;Domain=armrp-kustorpeus.kusto.windows.net", "ARRAffinitySameSite=8461a480ba64ac008187a19a8e06cff1e16d9525507776033d2e273198e8fcfb;Path=/;HttpOnly;SameSite=None;Secure;Domain=armrp-kustorpeus.kusto.windows.net" ],
        "X-Powered-By": [ "ASP.NET" ],
        "x-ms-correlation-request-id": [ "26121a9b-cf24-4487-9c48-1f9ec54d731f" ],
        "x-ms-routing-request-id": [ "UKSOUTH:20201026T181348Z:26121a9b-cf24-4487-9c48-1f9ec54d731f" ],
        "Strict-Transport-Security": [ "max-age=31536000; includeSubDomains" ],
        "X-Content-Type-Options": [ "nosniff" ],
        "Date": [ "Mon, 26 Oct 2020 18:13:48 GMT" ]
      },
      "ContentHeaders": {
        "Content-Length": [ "503" ],
        "Content-Type": [ "application/json; charset=utf-8" ],
        "Expires": [ "-1" ]
      },
      "Content": "{\"id\":\"/subscriptions/11d5f159-a21d-4a6c-8053-c3aae30057cf/providers/Microsoft.Kusto/locations/East US/operationresults/a4163b42-c10d-43c9-a257-edab27437441\",\"name\":\"a4163b42-c10d-43c9-a257-edab27437441\",\"status\":\"Succeeded\",\"startTime\":\"2020-10-26T18:13:18.2498314Z\",\"endTime\":\"2020-10-26T18:13:21.765459Z\",\"percentComplete\":1.0,\"properties\":{\"OperationKind\":\"FollowerDatabaseDetach\",\"RootActivityId\":\"ec601bff-ef36-4e49-81fe-e8164cba08a4\",\"provisioningState\":\"Succeeded\",\"OperationState\":\"Completed\"}}"
    }
  },
  "Invoke-AzKustoDetachClusterFollowerDatabase+[NoContext]+DetachExpanded+$GET+https://management.azure.com/subscriptions/11d5f159-a21d-4a6c-8053-c3aae30057cf/providers/Microsoft.Kusto/locations/East US/operationResults/a4163b42-c10d-43c9-a257-edab27437441?api-version=2020-09-18\u0026operationResultResponseType=Location+9": {
    "Request": {
      "Method": "GET",
      "RequestUri": "https://management.azure.com/subscriptions/11d5f159-a21d-4a6c-8053-c3aae30057cf/providers/Microsoft.Kusto/locations/East%20US/operationResults/a4163b42-c10d-43c9-a257-edab27437441?api-version=2020-09-18\u0026operationResultResponseType=Location",
      "Content": null,
      "Headers": {
        "x-ms-unique-id": [ "192", "193", "194" ],
        "x-ms-client-request-id": [ "f57535b6-1afb-47a9-b4f3-b1d2c5d51117", "f57535b6-1afb-47a9-b4f3-b1d2c5d51117", "f57535b6-1afb-47a9-b4f3-b1d2c5d51117" ],
        "CommandName": [ "Invoke-AzKustoDetachClusterFollowerDatabase", "Invoke-AzKustoDetachClusterFollowerDatabase", "Invoke-AzKustoDetachClusterFollowerDatabase" ],
        "FullCommandName": [ "Invoke-AzKustoDetachClusterFollowerDatabase_DetachExpanded", "Invoke-AzKustoDetachClusterFollowerDatabase_DetachExpanded", "Invoke-AzKustoDetachClusterFollowerDatabase_DetachExpanded" ],
        "ParameterSetName": [ "__AllParameterSets", "__AllParameterSets", "__AllParameterSets" ],
        "User-Agent": [ "AzurePowershell/Az4.0.0-preview", "AzurePowershell/Az4.0.0-preview", "AzurePowershell/Az4.0.0-preview" ],
        "Authorization": [ "[Filtered]" ]
      },
      "ContentHeaders": {
      }
    },
    "Response": {
      "StatusCode": 200,
      "Headers": {
        "Cache-Control": [ "no-cache" ],
        "Pragma": [ "no-cache" ],
        "x-ms-request-id": [ "e61fdcea-3c86-4664-961c-9a95777d1f63" ],
        "Set-Cookie": [ "ARRAffinity=8461a480ba64ac008187a19a8e06cff1e16d9525507776033d2e273198e8fcfb;Path=/;HttpOnly;Secure;Domain=armrp-kustorpeus.kusto.windows.net", "ARRAffinitySameSite=8461a480ba64ac008187a19a8e06cff1e16d9525507776033d2e273198e8fcfb;Path=/;HttpOnly;SameSite=None;Secure;Domain=armrp-kustorpeus.kusto.windows.net" ],
        "X-Powered-By": [ "ASP.NET" ],
        "x-ms-ratelimit-remaining-subscription-resource-requests": [ "275" ],
        "x-ms-correlation-request-id": [ "b5be8be7-4022-4e61-8e2c-848b5b73c034" ],
        "x-ms-routing-request-id": [ "UKSOUTH:20201026T181348Z:b5be8be7-4022-4e61-8e2c-848b5b73c034" ],
        "Strict-Transport-Security": [ "max-age=31536000; includeSubDomains" ],
        "X-Content-Type-Options": [ "nosniff" ],
        "Date": [ "Mon, 26 Oct 2020 18:13:48 GMT" ]
      },
      "ContentHeaders": {
        "Expires": [ "-1" ],
        "Content-Length": [ "0" ]
      },
      "Content": null
    }
  },
  "Invoke-AzKustoDetachClusterFollowerDatabase+[NoContext]+DetachExpanded+$DELETE+https://management.azure.com/subscriptions/11d5f159-a21d-4a6c-8053-c3aae30057cf/resourceGroups/testgroupmlhoe5/providers/Microsoft.Kusto/Clusters/testclustermlhoe5/Databases/testdatabase46xdyp?api-version=2020-09-18+10": {
    "Request": {
      "Method": "DELETE",
      "RequestUri": "https://management.azure.com/subscriptions/11d5f159-a21d-4a6c-8053-c3aae30057cf/resourceGroups/testgroupmlhoe5/providers/Microsoft.Kusto/Clusters/testclustermlhoe5/Databases/testdatabase46xdyp?api-version=2020-09-18",
      "Content": null,
      "Headers": {
        "x-ms-unique-id": [ "195" ],
        "x-ms-client-request-id": [ "43bc0491-814a-49c2-9793-cdaf206fa02c" ],
        "CommandName": [ "Remove-AzKustoDatabase" ],
        "FullCommandName": [ "Remove-AzKustoDatabase_Delete" ],
        "ParameterSetName": [ "__AllParameterSets" ],
        "User-Agent": [ "AzurePowershell/Az4.0.0-preview" ],
        "Authorization": [ "[Filtered]" ]
      },
      "ContentHeaders": {
      }
    },
    "Response": {
      "StatusCode": 202,
      "Headers": {
        "Cache-Control": [ "no-cache" ],
        "Pragma": [ "no-cache" ],
        "Location": [ "https://management.azure.com/subscriptions/11d5f159-a21d-4a6c-8053-c3aae30057cf/providers/Microsoft.Kusto/locations/East%20US/operationResults/c589b437-87b7-440d-b026-8cb153120829?api-version=2020-09-18\u0026operationResultResponseType=Location" ],
        "Azure-AsyncOperation": [ "https://management.azure.com/subscriptions/11d5f159-a21d-4a6c-8053-c3aae30057cf/providers/Microsoft.Kusto/locations/East US/operationResults/c589b437-87b7-440d-b026-8cb153120829?api-version=2020-09-18" ],
        "Set-Cookie": [ "ARRAffinity=8461a480ba64ac008187a19a8e06cff1e16d9525507776033d2e273198e8fcfb;Path=/;HttpOnly;Secure;Domain=armrp-kustorpeus.kusto.windows.net", "ARRAffinitySameSite=8461a480ba64ac008187a19a8e06cff1e16d9525507776033d2e273198e8fcfb;Path=/;HttpOnly;SameSite=None;Secure;Domain=armrp-kustorpeus.kusto.windows.net" ],
        "X-Powered-By": [ "ASP.NET" ],
        "x-ms-ratelimit-remaining-subscription-deletes": [ "14999" ],
        "x-ms-request-id": [ "69ac828f-6063-4666-a355-df70cf6bf64c" ],
        "x-ms-correlation-request-id": [ "69ac828f-6063-4666-a355-df70cf6bf64c" ],
        "x-ms-routing-request-id": [ "UKSOUTH:20201026T181349Z:69ac828f-6063-4666-a355-df70cf6bf64c" ],
        "Strict-Transport-Security": [ "max-age=31536000; includeSubDomains" ],
        "X-Content-Type-Options": [ "nosniff" ],
        "Date": [ "Mon, 26 Oct 2020 18:13:49 GMT" ]
      },
      "ContentHeaders": {
        "Expires": [ "-1" ],
        "Content-Length": [ "0" ]
      },
      "Content": null
    }
  },
  "Invoke-AzKustoDetachClusterFollowerDatabase+[NoContext]+DetachExpanded+$GET+https://management.azure.com/subscriptions/11d5f159-a21d-4a6c-8053-c3aae30057cf/providers/Microsoft.Kusto/locations/East US/operationResults/c589b437-87b7-440d-b026-8cb153120829?api-version=2020-09-18+11": {
    "Request": {
      "Method": "GET",
      "RequestUri": "https://management.azure.com/subscriptions/11d5f159-a21d-4a6c-8053-c3aae30057cf/providers/Microsoft.Kusto/locations/East%20US/operationResults/c589b437-87b7-440d-b026-8cb153120829?api-version=2020-09-18",
      "Content": null,
      "Headers": {
        "x-ms-unique-id": [ "195", "196" ],
        "x-ms-client-request-id": [ "43bc0491-814a-49c2-9793-cdaf206fa02c", "43bc0491-814a-49c2-9793-cdaf206fa02c" ],
        "CommandName": [ "Remove-AzKustoDatabase", "Remove-AzKustoDatabase" ],
        "FullCommandName": [ "Remove-AzKustoDatabase_Delete", "Remove-AzKustoDatabase_Delete" ],
        "ParameterSetName": [ "__AllParameterSets", "__AllParameterSets" ],
        "User-Agent": [ "AzurePowershell/Az4.0.0-preview", "AzurePowershell/Az4.0.0-preview" ],
        "Authorization": [ "[Filtered]" ]
      },
      "ContentHeaders": {
      }
    },
    "Response": {
      "StatusCode": 200,
      "Headers": {
        "Cache-Control": [ "no-cache" ],
        "Pragma": [ "no-cache" ],
        "Vary": [ "Accept-Encoding" ],
        "x-ms-ratelimit-remaining-subscription-resource-requests": [ "274" ],
        "x-ms-request-id": [ "209f5a1c-4814-4d06-96eb-8bb2c7de4e14" ],
        "Set-Cookie": [ "ARRAffinity=8461a480ba64ac008187a19a8e06cff1e16d9525507776033d2e273198e8fcfb;Path=/;HttpOnly;Secure;Domain=armrp-kustorpeus.kusto.windows.net", "ARRAffinitySameSite=8461a480ba64ac008187a19a8e06cff1e16d9525507776033d2e273198e8fcfb;Path=/;HttpOnly;SameSite=None;Secure;Domain=armrp-kustorpeus.kusto.windows.net" ],
        "X-Powered-By": [ "ASP.NET" ],
        "x-ms-correlation-request-id": [ "78309356-c255-45dc-b0cd-2f0afa527f33" ],
        "x-ms-routing-request-id": [ "UKSOUTH:20201026T181419Z:78309356-c255-45dc-b0cd-2f0afa527f33" ],
        "Strict-Transport-Security": [ "max-age=31536000; includeSubDomains" ],
        "X-Content-Type-Options": [ "nosniff" ],
        "Date": [ "Mon, 26 Oct 2020 18:14:19 GMT" ]
      },
      "ContentHeaders": {
        "Content-Length": [ "496" ],
        "Content-Type": [ "application/json; charset=utf-8" ],
        "Expires": [ "-1" ]
      },
      "Content": "{\"id\":\"/subscriptions/11d5f159-a21d-4a6c-8053-c3aae30057cf/providers/Microsoft.Kusto/locations/East US/operationresults/c589b437-87b7-440d-b026-8cb153120829\",\"name\":\"c589b437-87b7-440d-b026-8cb153120829\",\"status\":\"Succeeded\",\"startTime\":\"2020-10-26T18:13:49.2188177Z\",\"endTime\":\"2020-10-26T18:13:52.4533106Z\",\"percentComplete\":1.0,\"properties\":{\"OperationKind\":\"DatabaseDelete\",\"RootActivityId\":\"fbe15521-1eab-4ece-a1b5-58afbf274824\",\"provisioningState\":\"Succeeded\",\"OperationState\":\"Completed\"}}"
    }
  },
  "Invoke-AzKustoDetachClusterFollowerDatabase+[NoContext]+DetachExpanded+$GET+https://management.azure.com/subscriptions/11d5f159-a21d-4a6c-8053-c3aae30057cf/providers/Microsoft.Kusto/locations/East US/operationResults/c589b437-87b7-440d-b026-8cb153120829?api-version=2020-09-18\u0026operationResultResponseType=Location+12": {
    "Request": {
      "Method": "GET",
      "RequestUri": "https://management.azure.com/subscriptions/11d5f159-a21d-4a6c-8053-c3aae30057cf/providers/Microsoft.Kusto/locations/East%20US/operationResults/c589b437-87b7-440d-b026-8cb153120829?api-version=2020-09-18\u0026operationResultResponseType=Location",
      "Content": null,
      "Headers": {
        "x-ms-unique-id": [ "195", "196", "197" ],
        "x-ms-client-request-id": [ "43bc0491-814a-49c2-9793-cdaf206fa02c", "43bc0491-814a-49c2-9793-cdaf206fa02c", "43bc0491-814a-49c2-9793-cdaf206fa02c" ],
        "CommandName": [ "Remove-AzKustoDatabase", "Remove-AzKustoDatabase", "Remove-AzKustoDatabase" ],
        "FullCommandName": [ "Remove-AzKustoDatabase_Delete", "Remove-AzKustoDatabase_Delete", "Remove-AzKustoDatabase_Delete" ],
        "ParameterSetName": [ "__AllParameterSets", "__AllParameterSets", "__AllParameterSets" ],
        "User-Agent": [ "AzurePowershell/Az4.0.0-preview", "AzurePowershell/Az4.0.0-preview", "AzurePowershell/Az4.0.0-preview" ],
        "Authorization": [ "[Filtered]" ]
      },
      "ContentHeaders": {
      }
    },
    "Response": {
      "StatusCode": 200,
      "Headers": {
        "Cache-Control": [ "no-cache" ],
        "Pragma": [ "no-cache" ],
        "x-ms-request-id": [ "e60a46f9-2243-430a-8231-d1455fc61219" ],
        "Set-Cookie": [ "ARRAffinity=8461a480ba64ac008187a19a8e06cff1e16d9525507776033d2e273198e8fcfb;Path=/;HttpOnly;Secure;Domain=armrp-kustorpeus.kusto.windows.net", "ARRAffinitySameSite=8461a480ba64ac008187a19a8e06cff1e16d9525507776033d2e273198e8fcfb;Path=/;HttpOnly;SameSite=None;Secure;Domain=armrp-kustorpeus.kusto.windows.net" ],
        "X-Powered-By": [ "ASP.NET" ],
        "x-ms-ratelimit-remaining-subscription-resource-requests": [ "273" ],
        "x-ms-correlation-request-id": [ "a66b7ca9-45b4-47c1-9c74-acea5d96ec0b" ],
        "x-ms-routing-request-id": [ "UKSOUTH:20201026T181419Z:a66b7ca9-45b4-47c1-9c74-acea5d96ec0b" ],
        "Strict-Transport-Security": [ "max-age=31536000; includeSubDomains" ],
        "X-Content-Type-Options": [ "nosniff" ],
        "Date": [ "Mon, 26 Oct 2020 18:14:19 GMT" ]
      },
      "ContentHeaders": {
        "Expires": [ "-1" ],
        "Content-Length": [ "0" ]
      },
      "Content": null
    }
  },
  "Invoke-AzKustoDetachClusterFollowerDatabase+[NoContext]+DetachViaIdentityExpanded+$PUT+https://management.azure.com/subscriptions/11d5f159-a21d-4a6c-8053-c3aae30057cf/resourceGroups/testgroupmlhoe5/providers/Microsoft.Kusto/Clusters/testclustermlhoe5/Databases/testdatabasepjs9o1?api-version=2020-09-18+1": {
    "Request": {
      "Method": "PUT",
      "RequestUri": "https://management.azure.com/subscriptions/11d5f159-a21d-4a6c-8053-c3aae30057cf/resourceGroups/testgroupmlhoe5/providers/Microsoft.Kusto/Clusters/testclustermlhoe5/Databases/testdatabasepjs9o1?api-version=2020-09-18",
      "Content": "{\r\n  \"kind\": \"ReadWrite\",\r\n  \"location\": \"East US\"\r\n}",
      "Headers": {
      },
      "ContentHeaders": {
        "Content-Type": [ "application/json" ],
        "Content-Length": [ "53" ]
      }
    },
    "Response": {
      "StatusCode": 201,
      "Headers": {
        "Cache-Control": [ "no-cache" ],
        "Pragma": [ "no-cache" ],
        "ETag": [ "\"\"" ],
        "x-ms-request-id": [ "4a331696-3094-48f5-9574-18390ed2ed60" ],
        "Azure-AsyncOperation": [ "https://management.azure.com/subscriptions/11d5f159-a21d-4a6c-8053-c3aae30057cf/providers/Microsoft.Kusto/locations/East US/operationResults/63e14740-044c-4cb0-8468-d35270ad2bb9?api-version=2020-09-18" ],
        "Set-Cookie": [ "ARRAffinity=8461a480ba64ac008187a19a8e06cff1e16d9525507776033d2e273198e8fcfb;Path=/;HttpOnly;Secure;Domain=armrp-kustorpeus.kusto.windows.net", "ARRAffinitySameSite=8461a480ba64ac008187a19a8e06cff1e16d9525507776033d2e273198e8fcfb;Path=/;HttpOnly;SameSite=None;Secure;Domain=armrp-kustorpeus.kusto.windows.net" ],
        "X-Powered-By": [ "ASP.NET" ],
        "x-ms-ratelimit-remaining-subscription-resource-requests": [ "197" ],
        "x-ms-correlation-request-id": [ "537be663-b92a-4afe-b5e1-fdaa8d600f76" ],
        "x-ms-routing-request-id": [ "UKSOUTH:20201026T181420Z:537be663-b92a-4afe-b5e1-fdaa8d600f76" ],
        "Strict-Transport-Security": [ "max-age=31536000; includeSubDomains" ],
        "X-Content-Type-Options": [ "nosniff" ],
        "Date": [ "Mon, 26 Oct 2020 18:14:20 GMT" ]
      },
      "ContentHeaders": {
        "Content-Length": [ "363" ],
        "Content-Type": [ "application/json; charset=utf-8" ],
        "Expires": [ "-1" ]
      },
      "Content": "{\"id\":\"/subscriptions/11d5f159-a21d-4a6c-8053-c3aae30057cf/resourceGroups/testgroupmlhoe5/providers/Microsoft.Kusto/Clusters/testclustermlhoe5/Databases/testdatabasepjs9o1\",\"name\":\"testclustermlhoe5/testdatabasepjs9o1\",\"type\":\"Microsoft.Kusto/Clusters/Databases\",\"etag\":\"\\\"\\\"\",\"location\":\"East US\",\"kind\":\"ReadWrite\",\"properties\":{\"provisioningState\":\"Creating\"}}"
    }
  },
  "Invoke-AzKustoDetachClusterFollowerDatabase+[NoContext]+DetachViaIdentityExpanded+$GET+https://management.azure.com/subscriptions/11d5f159-a21d-4a6c-8053-c3aae30057cf/providers/Microsoft.Kusto/locations/East US/operationResults/63e14740-044c-4cb0-8468-d35270ad2bb9?api-version=2020-09-18+2": {
    "Request": {
      "Method": "GET",
      "RequestUri": "https://management.azure.com/subscriptions/11d5f159-a21d-4a6c-8053-c3aae30057cf/providers/Microsoft.Kusto/locations/East%20US/operationResults/63e14740-044c-4cb0-8468-d35270ad2bb9?api-version=2020-09-18",
      "Content": null,
      "Headers": {
        "x-ms-unique-id": [ "198", "199" ],
        "x-ms-client-request-id": [ "ed7f7e96-800c-4cc9-9828-39977888801b", "ed7f7e96-800c-4cc9-9828-39977888801b" ],
        "CommandName": [ "Az.Kusto.internal\\New-AzKustoDatabase", "Az.Kusto.internal\\New-AzKustoDatabase" ],
        "FullCommandName": [ "New-AzKustoDatabase_Create", "New-AzKustoDatabase_Create" ],
        "ParameterSetName": [ "__AllParameterSets", "__AllParameterSets" ],
        "User-Agent": [ "AzurePowershell/Az4.0.0-preview", "AzurePowershell/Az4.0.0-preview" ],
        "Authorization": [ "[Filtered]" ]
      },
      "ContentHeaders": {
      }
    },
    "Response": {
      "StatusCode": 200,
      "Headers": {
        "Cache-Control": [ "no-cache" ],
        "Pragma": [ "no-cache" ],
        "Vary": [ "Accept-Encoding" ],
        "x-ms-ratelimit-remaining-subscription-resource-requests": [ "272" ],
        "x-ms-request-id": [ "93bc2de5-5fb9-4aff-8e7c-398039af1c6d" ],
        "Set-Cookie": [ "ARRAffinity=8461a480ba64ac008187a19a8e06cff1e16d9525507776033d2e273198e8fcfb;Path=/;HttpOnly;Secure;Domain=armrp-kustorpeus.kusto.windows.net", "ARRAffinitySameSite=8461a480ba64ac008187a19a8e06cff1e16d9525507776033d2e273198e8fcfb;Path=/;HttpOnly;SameSite=None;Secure;Domain=armrp-kustorpeus.kusto.windows.net" ],
        "X-Powered-By": [ "ASP.NET" ],
        "x-ms-correlation-request-id": [ "df6e3af2-9849-43d2-b5d1-6284ea765bb1" ],
        "x-ms-routing-request-id": [ "UKSOUTH:20201026T181451Z:df6e3af2-9849-43d2-b5d1-6284ea765bb1" ],
        "Strict-Transport-Security": [ "max-age=31536000; includeSubDomains" ],
        "X-Content-Type-Options": [ "nosniff" ],
        "Date": [ "Mon, 26 Oct 2020 18:14:50 GMT" ]
      },
      "ContentHeaders": {
        "Content-Length": [ "495" ],
        "Content-Type": [ "application/json; charset=utf-8" ],
        "Expires": [ "-1" ]
      },
      "Content": "{\"id\":\"/subscriptions/11d5f159-a21d-4a6c-8053-c3aae30057cf/providers/Microsoft.Kusto/locations/East US/operationresults/63e14740-044c-4cb0-8468-d35270ad2bb9\",\"name\":\"63e14740-044c-4cb0-8468-d35270ad2bb9\",\"status\":\"Succeeded\",\"startTime\":\"2020-10-26T18:14:20.6253269Z\",\"endTime\":\"2020-10-26T18:14:22.953452Z\",\"percentComplete\":1.0,\"properties\":{\"OperationKind\":\"DatabaseCreate\",\"RootActivityId\":\"67eb581d-8b02-44c7-8d95-fd40bc6b6e24\",\"provisioningState\":\"Succeeded\",\"OperationState\":\"Completed\"}}"
    }
  },
  "Invoke-AzKustoDetachClusterFollowerDatabase+[NoContext]+DetachViaIdentityExpanded+$GET+https://management.azure.com/subscriptions/11d5f159-a21d-4a6c-8053-c3aae30057cf/resourceGroups/testgroupmlhoe5/providers/Microsoft.Kusto/Clusters/testclustermlhoe5/Databases/testdatabasepjs9o1?api-version=2020-09-18+3": {
    "Request": {
      "Method": "GET",
      "RequestUri": "https://management.azure.com/subscriptions/11d5f159-a21d-4a6c-8053-c3aae30057cf/resourceGroups/testgroupmlhoe5/providers/Microsoft.Kusto/Clusters/testclustermlhoe5/Databases/testdatabasepjs9o1?api-version=2020-09-18",
      "Content": null,
      "Headers": {
        "x-ms-unique-id": [ "198", "199", "200" ],
        "x-ms-client-request-id": [ "ed7f7e96-800c-4cc9-9828-39977888801b", "ed7f7e96-800c-4cc9-9828-39977888801b", "ed7f7e96-800c-4cc9-9828-39977888801b" ],
        "CommandName": [ "Az.Kusto.internal\\New-AzKustoDatabase", "Az.Kusto.internal\\New-AzKustoDatabase", "Az.Kusto.internal\\New-AzKustoDatabase" ],
        "FullCommandName": [ "New-AzKustoDatabase_Create", "New-AzKustoDatabase_Create", "New-AzKustoDatabase_Create" ],
        "ParameterSetName": [ "__AllParameterSets", "__AllParameterSets", "__AllParameterSets" ],
        "User-Agent": [ "AzurePowershell/Az4.0.0-preview", "AzurePowershell/Az4.0.0-preview", "AzurePowershell/Az4.0.0-preview" ],
        "Authorization": [ "[Filtered]" ]
      },
      "ContentHeaders": {
      }
    },
    "Response": {
      "StatusCode": 200,
      "Headers": {
        "Cache-Control": [ "no-cache" ],
        "Pragma": [ "no-cache" ],
        "ETag": [ "\"\"" ],
        "Vary": [ "Accept-Encoding" ],
        "x-ms-ratelimit-remaining-subscription-resource-requests": [ "293" ],
        "x-ms-request-id": [ "6d1e0044-4613-41ca-8182-ff1ae4666def" ],
        "Set-Cookie": [ "ARRAffinity=8461a480ba64ac008187a19a8e06cff1e16d9525507776033d2e273198e8fcfb;Path=/;HttpOnly;Secure;Domain=armrp-kustorpeus.kusto.windows.net", "ARRAffinitySameSite=8461a480ba64ac008187a19a8e06cff1e16d9525507776033d2e273198e8fcfb;Path=/;HttpOnly;SameSite=None;Secure;Domain=armrp-kustorpeus.kusto.windows.net" ],
        "X-Powered-By": [ "ASP.NET" ],
        "x-ms-correlation-request-id": [ "f46e47f2-8702-4679-9959-587086f4f9de" ],
        "x-ms-routing-request-id": [ "UKSOUTH:20201026T181451Z:f46e47f2-8702-4679-9959-587086f4f9de" ],
        "Strict-Transport-Security": [ "max-age=31536000; includeSubDomains" ],
        "X-Content-Type-Options": [ "nosniff" ],
        "Date": [ "Mon, 26 Oct 2020 18:14:50 GMT" ]
      },
      "ContentHeaders": {
        "Content-Length": [ "471" ],
        "Content-Type": [ "application/json; charset=utf-8" ],
        "Expires": [ "-1" ]
      },
      "Content": "{\"id\":\"/subscriptions/11d5f159-a21d-4a6c-8053-c3aae30057cf/resourceGroups/testgroupmlhoe5/providers/Microsoft.Kusto/Clusters/testclustermlhoe5/Databases/testdatabasepjs9o1\",\"name\":\"testclustermlhoe5/testdatabasepjs9o1\",\"type\":\"Microsoft.Kusto/Clusters/Databases\",\"etag\":\"\\\"\\\"\",\"location\":\"East US\",\"kind\":\"ReadWrite\",\"tags\":{},\"properties\":{\"isFollowed\":false,\"softDeletePeriodInDays\":0,\"hotCachePeriodInDays\":0,\"statistics\":{\"size\":0.0},\"provisioningState\":\"Succeeded\"}}"
    }
  },
  "Invoke-AzKustoDetachClusterFollowerDatabase+[NoContext]+DetachViaIdentityExpanded+$PUT+https://management.azure.com/subscriptions/11d5f159-a21d-4a6c-8053-c3aae30057cf/resourceGroups/testgroupmlhoe5/providers/Microsoft.Kusto/Clusters/testfclustera0obls/AttachedDatabaseConfigurations/testdbconfpjs9o1?api-version=2020-09-18+4": {
    "Request": {
      "Method": "PUT",
      "RequestUri": "https://management.azure.com/subscriptions/11d5f159-a21d-4a6c-8053-c3aae30057cf/resourceGroups/testgroupmlhoe5/providers/Microsoft.Kusto/Clusters/testfclustera0obls/AttachedDatabaseConfigurations/testdbconfpjs9o1?api-version=2020-09-18",
      "Content": "{\r\n  \"properties\": {\r\n    \"clusterResourceId\": \"/subscriptions/11d5f159-a21d-4a6c-8053-c3aae30057cf/resourcegroups/testgroupmlhoe5/providers/Microsoft.Kusto/Clusters/testclustermlhoe5\",\r\n    \"databaseName\": \"testdatabasepjs9o1\",\r\n    \"defaultPrincipalsModificationKind\": \"Union\"\r\n  },\r\n  \"location\": \"East US\"\r\n}",
      "Headers": {
      },
      "ContentHeaders": {
        "Content-Type": [ "application/json" ],
        "Content-Length": [ "312" ]
      }
    },
    "Response": {
      "StatusCode": 201,
      "Headers": {
        "Cache-Control": [ "no-cache" ],
        "Pragma": [ "no-cache" ],
        "ETag": [ "\"\"" ],
        "x-ms-request-id": [ "f147d366-0736-43b4-8e49-71b6de64b7fd" ],
        "Azure-AsyncOperation": [ "https://management.azure.com/subscriptions/11d5f159-a21d-4a6c-8053-c3aae30057cf/providers/Microsoft.Kusto/locations/East US/operationResults/fd3d9433-a0f4-4429-837d-7ebdbaebc948?api-version=2020-09-18" ],
        "Set-Cookie": [ "ARRAffinity=8461a480ba64ac008187a19a8e06cff1e16d9525507776033d2e273198e8fcfb;Path=/;HttpOnly;Secure;Domain=armrp-kustorpeus.kusto.windows.net", "ARRAffinitySameSite=8461a480ba64ac008187a19a8e06cff1e16d9525507776033d2e273198e8fcfb;Path=/;HttpOnly;SameSite=None;Secure;Domain=armrp-kustorpeus.kusto.windows.net" ],
        "X-Powered-By": [ "ASP.NET" ],
        "x-ms-ratelimit-remaining-subscription-resource-requests": [ "197" ],
        "x-ms-correlation-request-id": [ "3a3a53ff-5bf0-4b13-8900-627b744eb72c" ],
        "x-ms-routing-request-id": [ "UKSOUTH:20201026T181452Z:3a3a53ff-5bf0-4b13-8900-627b744eb72c" ],
        "Strict-Transport-Security": [ "max-age=31536000; includeSubDomains" ],
        "X-Content-Type-Options": [ "nosniff" ],
        "Date": [ "Mon, 26 Oct 2020 18:14:51 GMT" ]
      },
      "ContentHeaders": {
        "Content-Length": [ "622" ],
        "Content-Type": [ "application/json; charset=utf-8" ],
        "Expires": [ "-1" ]
      },
      "Content": "{\"id\":\"/subscriptions/11d5f159-a21d-4a6c-8053-c3aae30057cf/resourceGroups/testgroupmlhoe5/providers/Microsoft.Kusto/Clusters/testfclustera0obls/AttachedDatabaseConfigurations/testdbconfpjs9o1\",\"name\":\"testfclustera0obls/testdbconfpjs9o1\",\"type\":\"Microsoft.Kusto/Clusters/AttachedDatabaseConfigurations\",\"etag\":\"\\\"\\\"\",\"location\":\"East US\",\"properties\":{\"clusterResourceId\":\"/subscriptions/11d5f159-a21d-4a6c-8053-c3aae30057cf/resourcegroups/testgroupmlhoe5/providers/Microsoft.Kusto/Clusters/testclustermlhoe5\",\"databaseName\":\"testdatabasepjs9o1\",\"defaultPrincipalsModificationKind\":\"Union\",\"provisioningState\":\"Creating\"}}"
    }
  },
  "Invoke-AzKustoDetachClusterFollowerDatabase+[NoContext]+DetachViaIdentityExpanded+$GET+https://management.azure.com/subscriptions/11d5f159-a21d-4a6c-8053-c3aae30057cf/providers/Microsoft.Kusto/locations/East US/operationResults/fd3d9433-a0f4-4429-837d-7ebdbaebc948?api-version=2020-09-18+5": {
    "Request": {
      "Method": "GET",
      "RequestUri": "https://management.azure.com/subscriptions/11d5f159-a21d-4a6c-8053-c3aae30057cf/providers/Microsoft.Kusto/locations/East%20US/operationResults/fd3d9433-a0f4-4429-837d-7ebdbaebc948?api-version=2020-09-18",
      "Content": null,
      "Headers": {
        "x-ms-unique-id": [ "201", "202" ],
        "x-ms-client-request-id": [ "c618e871-212e-4525-81be-a23400214ce1", "c618e871-212e-4525-81be-a23400214ce1" ],
        "CommandName": [ "New-AzKustoAttachedDatabaseConfiguration", "New-AzKustoAttachedDatabaseConfiguration" ],
        "FullCommandName": [ "New-AzKustoAttachedDatabaseConfiguration_CreateExpanded", "New-AzKustoAttachedDatabaseConfiguration_CreateExpanded" ],
        "ParameterSetName": [ "__AllParameterSets", "__AllParameterSets" ],
        "User-Agent": [ "AzurePowershell/Az4.0.0-preview", "AzurePowershell/Az4.0.0-preview" ],
        "Authorization": [ "[Filtered]" ]
      },
      "ContentHeaders": {
      }
    },
    "Response": {
      "StatusCode": 200,
      "Headers": {
        "Cache-Control": [ "no-cache" ],
        "Pragma": [ "no-cache" ],
        "Vary": [ "Accept-Encoding" ],
        "x-ms-ratelimit-remaining-subscription-resource-requests": [ "282" ],
        "x-ms-request-id": [ "316cb524-cdb6-4160-a93d-a44b90faf68e" ],
        "Set-Cookie": [ "ARRAffinity=08c542de9c69df304db89085a4be8d076030733c2e6e8b2f44fd02f2435e1112;Path=/;HttpOnly;Secure;Domain=armrp-kustorpeus.kusto.windows.net", "ARRAffinitySameSite=08c542de9c69df304db89085a4be8d076030733c2e6e8b2f44fd02f2435e1112;Path=/;HttpOnly;SameSite=None;Secure;Domain=armrp-kustorpeus.kusto.windows.net" ],
        "X-Powered-By": [ "ASP.NET" ],
        "x-ms-correlation-request-id": [ "91933a3f-cfc0-4e41-9eaf-f8fcb56446a1" ],
        "x-ms-routing-request-id": [ "UKSOUTH:20201026T181522Z:91933a3f-cfc0-4e41-9eaf-f8fcb56446a1" ],
        "Strict-Transport-Security": [ "max-age=31536000; includeSubDomains" ],
        "X-Content-Type-Options": [ "nosniff" ],
        "Date": [ "Mon, 26 Oct 2020 18:15:22 GMT" ]
      },
      "ContentHeaders": {
        "Content-Length": [ "504" ],
        "Content-Type": [ "application/json; charset=utf-8" ],
        "Expires": [ "-1" ]
      },
      "Content": "{\"id\":\"/subscriptions/11d5f159-a21d-4a6c-8053-c3aae30057cf/providers/Microsoft.Kusto/locations/East US/operationresults/fd3d9433-a0f4-4429-837d-7ebdbaebc948\",\"name\":\"fd3d9433-a0f4-4429-837d-7ebdbaebc948\",\"status\":\"Succeeded\",\"startTime\":\"2020-10-26T18:14:52.0628634Z\",\"endTime\":\"2020-10-26T18:14:57.6878877Z\",\"percentComplete\":1.0,\"properties\":{\"OperationKind\":\"FollowerDatabaseCreate\",\"RootActivityId\":\"630e7984-4433-426c-8252-83ed57f55ecd\",\"provisioningState\":\"Succeeded\",\"OperationState\":\"Completed\"}}"
    }
  },
  "Invoke-AzKustoDetachClusterFollowerDatabase+[NoContext]+DetachViaIdentityExpanded+$GET+https://management.azure.com/subscriptions/11d5f159-a21d-4a6c-8053-c3aae30057cf/resourceGroups/testgroupmlhoe5/providers/Microsoft.Kusto/Clusters/testfclustera0obls/AttachedDatabaseConfigurations/testdbconfpjs9o1?api-version=2020-09-18+6": {
    "Request": {
      "Method": "GET",
      "RequestUri": "https://management.azure.com/subscriptions/11d5f159-a21d-4a6c-8053-c3aae30057cf/resourceGroups/testgroupmlhoe5/providers/Microsoft.Kusto/Clusters/testfclustera0obls/AttachedDatabaseConfigurations/testdbconfpjs9o1?api-version=2020-09-18",
      "Content": null,
      "Headers": {
        "x-ms-unique-id": [ "201", "202", "203" ],
        "x-ms-client-request-id": [ "c618e871-212e-4525-81be-a23400214ce1", "c618e871-212e-4525-81be-a23400214ce1", "c618e871-212e-4525-81be-a23400214ce1" ],
        "CommandName": [ "New-AzKustoAttachedDatabaseConfiguration", "New-AzKustoAttachedDatabaseConfiguration", "New-AzKustoAttachedDatabaseConfiguration" ],
        "FullCommandName": [ "New-AzKustoAttachedDatabaseConfiguration_CreateExpanded", "New-AzKustoAttachedDatabaseConfiguration_CreateExpanded", "New-AzKustoAttachedDatabaseConfiguration_CreateExpanded" ],
        "ParameterSetName": [ "__AllParameterSets", "__AllParameterSets", "__AllParameterSets" ],
        "User-Agent": [ "AzurePowershell/Az4.0.0-preview", "AzurePowershell/Az4.0.0-preview", "AzurePowershell/Az4.0.0-preview" ],
        "Authorization": [ "[Filtered]" ]
      },
      "ContentHeaders": {
      }
    },
    "Response": {
      "StatusCode": 200,
      "Headers": {
        "Cache-Control": [ "no-cache" ],
        "Pragma": [ "no-cache" ],
        "ETag": [ "\"\"" ],
        "Vary": [ "Accept-Encoding" ],
        "x-ms-ratelimit-remaining-subscription-resource-requests": [ "298" ],
        "x-ms-request-id": [ "2920b3af-b7fa-41c2-9952-9910d0ad6e1a" ],
        "Set-Cookie": [ "ARRAffinity=8461a480ba64ac008187a19a8e06cff1e16d9525507776033d2e273198e8fcfb;Path=/;HttpOnly;Secure;Domain=armrp-kustorpeus.kusto.windows.net", "ARRAffinitySameSite=8461a480ba64ac008187a19a8e06cff1e16d9525507776033d2e273198e8fcfb;Path=/;HttpOnly;SameSite=None;Secure;Domain=armrp-kustorpeus.kusto.windows.net" ],
        "X-Powered-By": [ "ASP.NET" ],
        "x-ms-correlation-request-id": [ "ff60f18c-f753-46e2-98d4-666cc16c9dc8" ],
        "x-ms-routing-request-id": [ "UKSOUTH:20201026T181523Z:ff60f18c-f753-46e2-98d4-666cc16c9dc8" ],
        "Strict-Transport-Security": [ "max-age=31536000; includeSubDomains" ],
        "X-Content-Type-Options": [ "nosniff" ],
        "Date": [ "Mon, 26 Oct 2020 18:15:22 GMT" ]
      },
      "ContentHeaders": {
        "Content-Length": [ "680" ],
        "Content-Type": [ "application/json; charset=utf-8" ],
        "Expires": [ "-1" ]
      },
      "Content": "{\"id\":\"/subscriptions/11d5f159-a21d-4a6c-8053-c3aae30057cf/resourceGroups/testgroupmlhoe5/providers/Microsoft.Kusto/Clusters/testfclustera0obls/AttachedDatabaseConfigurations/testdbconfpjs9o1\",\"name\":\"testfclustera0obls/testdbconfpjs9o1\",\"type\":\"Microsoft.Kusto/Clusters/AttachedDatabaseConfigurations\",\"etag\":\"\\\"\\\"\",\"location\":\"East US\",\"tags\":{},\"properties\":{\"clusterResourceId\":\"/subscriptions/11d5f159-a21d-4a6c-8053-c3aae30057cf/resourceGroups/testgroupmlhoe5/providers/Microsoft.Kusto/Clusters/testclustermlhoe5\",\"databaseName\":\"testdatabasepjs9o1\",\"attachedDatabaseNames\":[\"testdatabasepjs9o1\"],\"defaultPrincipalsModificationKind\":\"Union\",\"provisioningState\":\"Succeeded\"}}"
    }
  },
  "Invoke-AzKustoDetachClusterFollowerDatabase+[NoContext]+DetachViaIdentityExpanded+$GET+https://management.azure.com/subscriptions/11d5f159-a21d-4a6c-8053-c3aae30057cf/resourceGroups/testgroupmlhoe5/providers/Microsoft.Kusto/Clusters/testclustermlhoe5?api-version=2020-09-18+7": {
    "Request": {
      "Method": "GET",
      "RequestUri": "https://management.azure.com/subscriptions/11d5f159-a21d-4a6c-8053-c3aae30057cf/resourceGroups/testgroupmlhoe5/providers/Microsoft.Kusto/Clusters/testclustermlhoe5?api-version=2020-09-18",
      "Content": null,
      "Headers": {
        "x-ms-unique-id": [ "204" ],
        "x-ms-client-request-id": [ "b11dc4c5-4286-49ba-819d-9f27c1702fe1" ],
        "CommandName": [ "Get-AzKustoCluster" ],
        "FullCommandName": [ "Get-AzKustoCluster_Get" ],
        "ParameterSetName": [ "__AllParameterSets" ],
        "User-Agent": [ "AzurePowershell/Az4.0.0-preview" ],
        "Authorization": [ "[Filtered]" ]
      },
      "ContentHeaders": {
      }
    },
    "Response": {
      "StatusCode": 200,
      "Headers": {
        "Cache-Control": [ "no-cache" ],
        "Pragma": [ "no-cache" ],
        "ETag": [ "\"\"" ],
        "Vary": [ "Accept-Encoding" ],
        "x-ms-ratelimit-remaining-subscription-resource-requests": [ "299" ],
        "x-ms-request-id": [ "48e56d5f-8997-4ebb-b423-f73f0029c53c" ],
        "Set-Cookie": [ "ARRAffinity=08c542de9c69df304db89085a4be8d076030733c2e6e8b2f44fd02f2435e1112;Path=/;HttpOnly;Secure;Domain=armrp-kustorpeus.kusto.windows.net", "ARRAffinitySameSite=08c542de9c69df304db89085a4be8d076030733c2e6e8b2f44fd02f2435e1112;Path=/;HttpOnly;SameSite=None;Secure;Domain=armrp-kustorpeus.kusto.windows.net" ],
        "X-Powered-By": [ "ASP.NET" ],
        "x-ms-correlation-request-id": [ "55989092-7dd6-481c-ad5e-a6d2896e6a1b" ],
        "x-ms-routing-request-id": [ "UKSOUTH:20201026T181523Z:55989092-7dd6-481c-ad5e-a6d2896e6a1b" ],
        "Strict-Transport-Security": [ "max-age=31536000; includeSubDomains" ],
        "X-Content-Type-Options": [ "nosniff" ],
        "Date": [ "Mon, 26 Oct 2020 18:15:23 GMT" ]
      },
      "ContentHeaders": {
        "Content-Length": [ "876" ],
        "Content-Type": [ "application/json; charset=utf-8" ],
        "Expires": [ "-1" ]
      },
      "Content": "{\"id\":\"/subscriptions/11d5f159-a21d-4a6c-8053-c3aae30057cf/resourceGroups/testgroupmlhoe5/providers/Microsoft.Kusto/Clusters/testclustermlhoe5\",\"name\":\"testclustermlhoe5\",\"type\":\"Microsoft.Kusto/Clusters\",\"etag\":\"\\\"\\\"\",\"location\":\"East US\",\"sku\":{\"name\":\"Standard_D11_v2\",\"tier\":\"Standard\",\"capacity\":2},\"tags\":{},\"properties\":{\"state\":\"Running\",\"stateReason\":null,\"uri\":\"https://testclustermlhoe5.eastus.kusto.windows.net\",\"dataIngestionUri\":\"https://ingest-testclustermlhoe5.eastus.kusto.windows.net\",\"trustedExternalTenants\":[],\"virtualNetworkConfiguration\":null,\"optimizedAutoscale\":null,\"enableDiskEncryption\":false,\"enableStreamingIngest\":false,\"keyVaultProperties\":null,\"languageExtensions\":{\"value\":[{\"languageExtensionName\":\"PYTHON\"},{\"languageExtensionName\":\"R\"}]},\"enablePurge\":null,\"enableDoubleEncryption\":false,\"engineType\":\"V2\",\"provisioningState\":\"Succeeded\"}}"
    }
  },
  "Invoke-AzKustoDetachClusterFollowerDatabase+[NoContext]+DetachViaIdentityExpanded+$POST+https://management.azure.com/subscriptions/11d5f159-a21d-4a6c-8053-c3aae30057cf/resourceGroups/testgroupmlhoe5/providers/Microsoft.Kusto/Clusters/testclustermlhoe5/detachFollowerDatabases?api-version=2020-09-18+8": {
    "Request": {
      "Method": "POST",
      "RequestUri": "https://management.azure.com/subscriptions/11d5f159-a21d-4a6c-8053-c3aae30057cf/resourceGroups/testgroupmlhoe5/providers/Microsoft.Kusto/Clusters/testclustermlhoe5/detachFollowerDatabases?api-version=2020-09-18",
      "Content": "{\r\n  \"attachedDatabaseConfigurationName\": \"testdbconfpjs9o1\",\r\n  \"clusterResourceId\": \"/subscriptions/11d5f159-a21d-4a6c-8053-c3aae30057cf/resourcegroups/testgroupmlhoe5/providers/Microsoft.Kusto/Clusters/testfclustera0obls\"\r\n}",
      "Headers": {
      },
      "ContentHeaders": {
        "Content-Type": [ "application/json" ],
        "Content-Length": [ "227" ]
      }
    },
    "Response": {
      "StatusCode": 202,
      "Headers": {
        "Cache-Control": [ "no-cache" ],
        "Pragma": [ "no-cache" ],
        "Location": [ "https://management.azure.com/subscriptions/11d5f159-a21d-4a6c-8053-c3aae30057cf/providers/Microsoft.Kusto/locations/East%20US/operationResults/f2599841-433b-4727-9a45-0316a825c8aa?api-version=2020-09-18\u0026operationResultResponseType=Location" ],
        "x-ms-request-id": [ "f7cae7a0-e5f2-4808-8ab8-7ab921920220" ],
        "Azure-AsyncOperation": [ "https://management.azure.com/subscriptions/11d5f159-a21d-4a6c-8053-c3aae30057cf/providers/Microsoft.Kusto/locations/East US/operationResults/f2599841-433b-4727-9a45-0316a825c8aa?api-version=2020-09-18" ],
        "Set-Cookie": [ "ARRAffinity=08c542de9c69df304db89085a4be8d076030733c2e6e8b2f44fd02f2435e1112;Path=/;HttpOnly;Secure;Domain=armrp-kustorpeus.kusto.windows.net", "ARRAffinitySameSite=08c542de9c69df304db89085a4be8d076030733c2e6e8b2f44fd02f2435e1112;Path=/;HttpOnly;SameSite=None;Secure;Domain=armrp-kustorpeus.kusto.windows.net" ],
        "X-Powered-By": [ "ASP.NET" ],
        "x-ms-ratelimit-remaining-subscription-writes": [ "1187" ],
        "x-ms-correlation-request-id": [ "47efb8d4-7df0-4013-9e6e-aab884f1542b" ],
        "x-ms-routing-request-id": [ "UKSOUTH:20201026T181523Z:47efb8d4-7df0-4013-9e6e-aab884f1542b" ],
        "Strict-Transport-Security": [ "max-age=31536000; includeSubDomains" ],
        "X-Content-Type-Options": [ "nosniff" ],
        "Date": [ "Mon, 26 Oct 2020 18:15:23 GMT" ]
      },
      "ContentHeaders": {
        "Expires": [ "-1" ],
        "Content-Length": [ "0" ]
      },
      "Content": null
    }
  },
  "Invoke-AzKustoDetachClusterFollowerDatabase+[NoContext]+DetachViaIdentityExpanded+$GET+https://management.azure.com/subscriptions/11d5f159-a21d-4a6c-8053-c3aae30057cf/providers/Microsoft.Kusto/locations/East US/operationResults/f2599841-433b-4727-9a45-0316a825c8aa?api-version=2020-09-18+9": {
    "Request": {
      "Method": "GET",
      "RequestUri": "https://management.azure.com/subscriptions/11d5f159-a21d-4a6c-8053-c3aae30057cf/providers/Microsoft.Kusto/locations/East%20US/operationResults/f2599841-433b-4727-9a45-0316a825c8aa?api-version=2020-09-18",
      "Content": null,
      "Headers": {
        "x-ms-unique-id": [ "205", "206" ],
        "x-ms-client-request-id": [ "c46f40aa-8450-4bc9-894e-a02ba8bcb3d2", "c46f40aa-8450-4bc9-894e-a02ba8bcb3d2" ],
        "CommandName": [ "Invoke-AzKustoDetachClusterFollowerDatabase", "Invoke-AzKustoDetachClusterFollowerDatabase" ],
        "FullCommandName": [ "Invoke-AzKustoDetachClusterFollowerDatabase_DetachViaIdentityExpanded", "Invoke-AzKustoDetachClusterFollowerDatabase_DetachViaIdentityExpanded" ],
        "ParameterSetName": [ "__AllParameterSets", "__AllParameterSets" ],
        "User-Agent": [ "AzurePowershell/Az4.0.0-preview", "AzurePowershell/Az4.0.0-preview" ],
        "Authorization": [ "[Filtered]" ]
      },
      "ContentHeaders": {
      }
    },
    "Response": {
      "StatusCode": 200,
      "Headers": {
        "Cache-Control": [ "no-cache" ],
        "Pragma": [ "no-cache" ],
        "Vary": [ "Accept-Encoding" ],
        "x-ms-ratelimit-remaining-subscription-resource-requests": [ "281" ],
        "x-ms-request-id": [ "2ca71667-90fd-4c16-b0da-15b19493bdfa" ],
        "Set-Cookie": [ "ARRAffinity=8461a480ba64ac008187a19a8e06cff1e16d9525507776033d2e273198e8fcfb;Path=/;HttpOnly;Secure;Domain=armrp-kustorpeus.kusto.windows.net", "ARRAffinitySameSite=8461a480ba64ac008187a19a8e06cff1e16d9525507776033d2e273198e8fcfb;Path=/;HttpOnly;SameSite=None;Secure;Domain=armrp-kustorpeus.kusto.windows.net" ],
        "X-Powered-By": [ "ASP.NET" ],
        "x-ms-correlation-request-id": [ "d856e9b2-0e93-469f-8324-aa7be87db281" ],
        "x-ms-routing-request-id": [ "UKSOUTH:20201026T181554Z:d856e9b2-0e93-469f-8324-aa7be87db281" ],
        "Strict-Transport-Security": [ "max-age=31536000; includeSubDomains" ],
        "X-Content-Type-Options": [ "nosniff" ],
        "Date": [ "Mon, 26 Oct 2020 18:15:53 GMT" ]
      },
      "ContentHeaders": {
        "Content-Length": [ "504" ],
        "Content-Type": [ "application/json; charset=utf-8" ],
        "Expires": [ "-1" ]
      },
      "Content": "{\"id\":\"/subscriptions/11d5f159-a21d-4a6c-8053-c3aae30057cf/providers/Microsoft.Kusto/locations/East US/operationresults/f2599841-433b-4727-9a45-0316a825c8aa\",\"name\":\"f2599841-433b-4727-9a45-0316a825c8aa\",\"status\":\"Succeeded\",\"startTime\":\"2020-10-26T18:15:23.6578225Z\",\"endTime\":\"2020-10-26T18:15:29.9390144Z\",\"percentComplete\":1.0,\"properties\":{\"OperationKind\":\"FollowerDatabaseDetach\",\"RootActivityId\":\"542c2ee2-3fd0-4989-b433-033e8b1636b5\",\"provisioningState\":\"Succeeded\",\"OperationState\":\"Completed\"}}"
    }
  },
  "Invoke-AzKustoDetachClusterFollowerDatabase+[NoContext]+DetachViaIdentityExpanded+$GET+https://management.azure.com/subscriptions/11d5f159-a21d-4a6c-8053-c3aae30057cf/providers/Microsoft.Kusto/locations/East US/operationResults/f2599841-433b-4727-9a45-0316a825c8aa?api-version=2020-09-18\u0026operationResultResponseType=Location+10": {
    "Request": {
      "Method": "GET",
      "RequestUri": "https://management.azure.com/subscriptions/11d5f159-a21d-4a6c-8053-c3aae30057cf/providers/Microsoft.Kusto/locations/East%20US/operationResults/f2599841-433b-4727-9a45-0316a825c8aa?api-version=2020-09-18\u0026operationResultResponseType=Location",
      "Content": null,
      "Headers": {
        "x-ms-unique-id": [ "205", "206", "207" ],
        "x-ms-client-request-id": [ "c46f40aa-8450-4bc9-894e-a02ba8bcb3d2", "c46f40aa-8450-4bc9-894e-a02ba8bcb3d2", "c46f40aa-8450-4bc9-894e-a02ba8bcb3d2" ],
        "CommandName": [ "Invoke-AzKustoDetachClusterFollowerDatabase", "Invoke-AzKustoDetachClusterFollowerDatabase", "Invoke-AzKustoDetachClusterFollowerDatabase" ],
        "FullCommandName": [ "Invoke-AzKustoDetachClusterFollowerDatabase_DetachViaIdentityExpanded", "Invoke-AzKustoDetachClusterFollowerDatabase_DetachViaIdentityExpanded", "Invoke-AzKustoDetachClusterFollowerDatabase_DetachViaIdentityExpanded" ],
        "ParameterSetName": [ "__AllParameterSets", "__AllParameterSets", "__AllParameterSets" ],
        "User-Agent": [ "AzurePowershell/Az4.0.0-preview", "AzurePowershell/Az4.0.0-preview", "AzurePowershell/Az4.0.0-preview" ],
        "Authorization": [ "[Filtered]" ]
      },
      "ContentHeaders": {
      }
    },
    "Response": {
      "StatusCode": 200,
      "Headers": {
        "Cache-Control": [ "no-cache" ],
        "Pragma": [ "no-cache" ],
        "x-ms-request-id": [ "b1671d9a-2d0f-485a-aa39-75f029e26ea0" ],
        "Set-Cookie": [ "ARRAffinity=08c542de9c69df304db89085a4be8d076030733c2e6e8b2f44fd02f2435e1112;Path=/;HttpOnly;Secure;Domain=armrp-kustorpeus.kusto.windows.net", "ARRAffinitySameSite=08c542de9c69df304db89085a4be8d076030733c2e6e8b2f44fd02f2435e1112;Path=/;HttpOnly;SameSite=None;Secure;Domain=armrp-kustorpeus.kusto.windows.net" ],
        "X-Powered-By": [ "ASP.NET" ],
        "x-ms-ratelimit-remaining-subscription-resource-requests": [ "280" ],
        "x-ms-correlation-request-id": [ "4ac679a2-9e18-4818-b81a-f821f12768c4" ],
        "x-ms-routing-request-id": [ "UKSOUTH:20201026T181554Z:4ac679a2-9e18-4818-b81a-f821f12768c4" ],
        "Strict-Transport-Security": [ "max-age=31536000; includeSubDomains" ],
        "X-Content-Type-Options": [ "nosniff" ],
        "Date": [ "Mon, 26 Oct 2020 18:15:53 GMT" ]
      },
      "ContentHeaders": {
        "Expires": [ "-1" ],
        "Content-Length": [ "0" ]
      },
      "Content": null
    }
  },
  "Invoke-AzKustoDetachClusterFollowerDatabase+[NoContext]+DetachViaIdentityExpanded+$DELETE+https://management.azure.com/subscriptions/11d5f159-a21d-4a6c-8053-c3aae30057cf/resourceGroups/testgroupmlhoe5/providers/Microsoft.Kusto/Clusters/testclustermlhoe5/Databases/testdatabasepjs9o1?api-version=2020-09-18+11": {
    "Request": {
      "Method": "DELETE",
      "RequestUri": "https://management.azure.com/subscriptions/11d5f159-a21d-4a6c-8053-c3aae30057cf/resourceGroups/testgroupmlhoe5/providers/Microsoft.Kusto/Clusters/testclustermlhoe5/Databases/testdatabasepjs9o1?api-version=2020-09-18",
      "Content": null,
      "Headers": {
        "x-ms-unique-id": [ "208" ],
        "x-ms-client-request-id": [ "4760b075-76d1-4add-8486-17c177aa33cd" ],
        "CommandName": [ "Remove-AzKustoDatabase" ],
        "FullCommandName": [ "Remove-AzKustoDatabase_Delete" ],
        "ParameterSetName": [ "__AllParameterSets" ],
        "User-Agent": [ "AzurePowershell/Az4.0.0-preview" ],
        "Authorization": [ "[Filtered]" ]
      },
      "ContentHeaders": {
      }
    },
    "Response": {
      "StatusCode": 202,
      "Headers": {
        "Cache-Control": [ "no-cache" ],
        "Pragma": [ "no-cache" ],
        "Location": [ "https://management.azure.com/subscriptions/11d5f159-a21d-4a6c-8053-c3aae30057cf/providers/Microsoft.Kusto/locations/East%20US/operationResults/50ede80d-b671-4f60-b032-66bd27468b1f?api-version=2020-09-18\u0026operationResultResponseType=Location" ],
        "Azure-AsyncOperation": [ "https://management.azure.com/subscriptions/11d5f159-a21d-4a6c-8053-c3aae30057cf/providers/Microsoft.Kusto/locations/East US/operationResults/50ede80d-b671-4f60-b032-66bd27468b1f?api-version=2020-09-18" ],
        "Set-Cookie": [ "ARRAffinity=8461a480ba64ac008187a19a8e06cff1e16d9525507776033d2e273198e8fcfb;Path=/;HttpOnly;Secure;Domain=armrp-kustorpeus.kusto.windows.net", "ARRAffinitySameSite=8461a480ba64ac008187a19a8e06cff1e16d9525507776033d2e273198e8fcfb;Path=/;HttpOnly;SameSite=None;Secure;Domain=armrp-kustorpeus.kusto.windows.net" ],
        "X-Powered-By": [ "ASP.NET" ],
        "x-ms-ratelimit-remaining-subscription-deletes": [ "14998" ],
        "x-ms-request-id": [ "7d2eeaab-d34d-4f11-858d-c7ecc7660955" ],
        "x-ms-correlation-request-id": [ "7d2eeaab-d34d-4f11-858d-c7ecc7660955" ],
        "x-ms-routing-request-id": [ "UKSOUTH:20201026T181554Z:7d2eeaab-d34d-4f11-858d-c7ecc7660955" ],
        "Strict-Transport-Security": [ "max-age=31536000; includeSubDomains" ],
        "X-Content-Type-Options": [ "nosniff" ],
        "Date": [ "Mon, 26 Oct 2020 18:15:54 GMT" ]
      },
      "ContentHeaders": {
        "Expires": [ "-1" ],
        "Content-Length": [ "0" ]
      },
      "Content": null
    }
  },
  "Invoke-AzKustoDetachClusterFollowerDatabase+[NoContext]+DetachViaIdentityExpanded+$GET+https://management.azure.com/subscriptions/11d5f159-a21d-4a6c-8053-c3aae30057cf/providers/Microsoft.Kusto/locations/East US/operationResults/50ede80d-b671-4f60-b032-66bd27468b1f?api-version=2020-09-18+12": {
    "Request": {
      "Method": "GET",
      "RequestUri": "https://management.azure.com/subscriptions/11d5f159-a21d-4a6c-8053-c3aae30057cf/providers/Microsoft.Kusto/locations/East%20US/operationResults/50ede80d-b671-4f60-b032-66bd27468b1f?api-version=2020-09-18",
      "Content": null,
      "Headers": {
        "x-ms-unique-id": [ "208", "209" ],
        "x-ms-client-request-id": [ "4760b075-76d1-4add-8486-17c177aa33cd", "4760b075-76d1-4add-8486-17c177aa33cd" ],
        "CommandName": [ "Remove-AzKustoDatabase", "Remove-AzKustoDatabase" ],
        "FullCommandName": [ "Remove-AzKustoDatabase_Delete", "Remove-AzKustoDatabase_Delete" ],
        "ParameterSetName": [ "__AllParameterSets", "__AllParameterSets" ],
        "User-Agent": [ "AzurePowershell/Az4.0.0-preview", "AzurePowershell/Az4.0.0-preview" ],
        "Authorization": [ "[Filtered]" ]
      },
      "ContentHeaders": {
      }
    },
    "Response": {
      "StatusCode": 200,
      "Headers": {
        "Cache-Control": [ "no-cache" ],
        "Pragma": [ "no-cache" ],
        "Vary": [ "Accept-Encoding" ],
        "x-ms-correlation-request-id": [ "5d42d163-3107-4592-8d20-7d9be654bb28" ],
        "x-ms-request-id": [ "8c781db3-4eab-45dc-977a-72f852bd083e" ],
        "Set-Cookie": [ "ARRAffinity=08c542de9c69df304db89085a4be8d076030733c2e6e8b2f44fd02f2435e1112;Path=/;HttpOnly;Secure;Domain=armrp-kustorpeus.kusto.windows.net", "ARRAffinitySameSite=08c542de9c69df304db89085a4be8d076030733c2e6e8b2f44fd02f2435e1112;Path=/;HttpOnly;SameSite=None;Secure;Domain=armrp-kustorpeus.kusto.windows.net" ],
        "X-Powered-By": [ "ASP.NET" ],
        "x-ms-ratelimit-remaining-subscription-resource-requests": [ "279" ],
        "x-ms-routing-request-id": [ "UKSOUTH:20201026T181625Z:5d42d163-3107-4592-8d20-7d9be654bb28" ],
        "Strict-Transport-Security": [ "max-age=31536000; includeSubDomains" ],
        "X-Content-Type-Options": [ "nosniff" ],
        "Date": [ "Mon, 26 Oct 2020 18:16:24 GMT" ]
      },
      "ContentHeaders": {
        "Content-Length": [ "496" ],
        "Content-Type": [ "application/json; charset=utf-8" ],
        "Expires": [ "-1" ]
      },
      "Content": "{\"id\":\"/subscriptions/11d5f159-a21d-4a6c-8053-c3aae30057cf/providers/Microsoft.Kusto/locations/East US/operationresults/50ede80d-b671-4f60-b032-66bd27468b1f\",\"name\":\"50ede80d-b671-4f60-b032-66bd27468b1f\",\"status\":\"Succeeded\",\"startTime\":\"2020-10-26T18:15:54.7218041Z\",\"endTime\":\"2020-10-26T18:15:55.5186139Z\",\"percentComplete\":1.0,\"properties\":{\"OperationKind\":\"DatabaseDelete\",\"RootActivityId\":\"62fbda7e-2c89-462d-a717-caf9517c7cc6\",\"provisioningState\":\"Succeeded\",\"OperationState\":\"Completed\"}}"
    }
  },
  "Invoke-AzKustoDetachClusterFollowerDatabase+[NoContext]+DetachViaIdentityExpanded+$GET+https://management.azure.com/subscriptions/11d5f159-a21d-4a6c-8053-c3aae30057cf/providers/Microsoft.Kusto/locations/East US/operationResults/50ede80d-b671-4f60-b032-66bd27468b1f?api-version=2020-09-18\u0026operationResultResponseType=Location+13": {
    "Request": {
      "Method": "GET",
      "RequestUri": "https://management.azure.com/subscriptions/11d5f159-a21d-4a6c-8053-c3aae30057cf/providers/Microsoft.Kusto/locations/East%20US/operationResults/50ede80d-b671-4f60-b032-66bd27468b1f?api-version=2020-09-18\u0026operationResultResponseType=Location",
      "Content": null,
      "Headers": {
        "x-ms-unique-id": [ "208", "209", "210" ],
        "x-ms-client-request-id": [ "4760b075-76d1-4add-8486-17c177aa33cd", "4760b075-76d1-4add-8486-17c177aa33cd", "4760b075-76d1-4add-8486-17c177aa33cd" ],
        "CommandName": [ "Remove-AzKustoDatabase", "Remove-AzKustoDatabase", "Remove-AzKustoDatabase" ],
        "FullCommandName": [ "Remove-AzKustoDatabase_Delete", "Remove-AzKustoDatabase_Delete", "Remove-AzKustoDatabase_Delete" ],
        "ParameterSetName": [ "__AllParameterSets", "__AllParameterSets", "__AllParameterSets" ],
        "User-Agent": [ "AzurePowershell/Az4.0.0-preview", "AzurePowershell/Az4.0.0-preview", "AzurePowershell/Az4.0.0-preview" ],
        "Authorization": [ "[Filtered]" ]
      },
      "ContentHeaders": {
      }
    },
    "Response": {
      "StatusCode": 200,
      "Headers": {
        "Cache-Control": [ "no-cache" ],
        "Pragma": [ "no-cache" ],
        "x-ms-request-id": [ "862940bf-caa7-48fb-a3e1-1062d847c541" ],
        "Set-Cookie": [ "ARRAffinity=8461a480ba64ac008187a19a8e06cff1e16d9525507776033d2e273198e8fcfb;Path=/;HttpOnly;Secure;Domain=armrp-kustorpeus.kusto.windows.net", "ARRAffinitySameSite=8461a480ba64ac008187a19a8e06cff1e16d9525507776033d2e273198e8fcfb;Path=/;HttpOnly;SameSite=None;Secure;Domain=armrp-kustorpeus.kusto.windows.net" ],
        "X-Powered-By": [ "ASP.NET" ],
        "x-ms-ratelimit-remaining-subscription-resource-requests": [ "278" ],
        "x-ms-correlation-request-id": [ "ca32fd2c-9b1f-47d0-a055-439e326f4d4f" ],
        "x-ms-routing-request-id": [ "UKSOUTH:20201026T181625Z:ca32fd2c-9b1f-47d0-a055-439e326f4d4f" ],
        "Strict-Transport-Security": [ "max-age=31536000; includeSubDomains" ],
        "X-Content-Type-Options": [ "nosniff" ],
        "Date": [ "Mon, 26 Oct 2020 18:16:25 GMT" ]
      },
      "ContentHeaders": {
        "Expires": [ "-1" ],
        "Content-Length": [ "0" ]
      },
      "Content": null
    }
  }
}