{
  "[NoDescription]+[NoContext]+Diagnose+$POST+https://management.azure.com/subscriptions/11d5f159-a21d-4a6c-8053-c3aae30057cf/resourceGroups/testgroupqlp6ob/providers/Microsoft.Kusto/Clusters/testclusterqlp6ob/diagnoseVirtualNetwork?api-version=2021-01-01+1": {
    "Request": {
      "Method": "POST",
      "RequestUri": "https://management.azure.com/subscriptions/11d5f159-a21d-4a6c-8053-c3aae30057cf/resourceGroups/testgroupqlp6ob/providers/Microsoft.Kusto/Clusters/testclusterqlp6ob/diagnoseVirtualNetwork?api-version=2021-01-01",
      "Content": null,
      "isContentBase64": false,
      "Headers": {
        "x-ms-unique-id": [ "70" ],
        "x-ms-client-request-id": [ "fb617397-aaf2-4e15-beba-838b059bb914" ],
        "CommandName": [ "Invoke-AzKustoDiagnoseClusterVirtualNetwork" ],
        "FullCommandName": [ "Invoke-AzKustoDiagnoseClusterVirtualNetwork_Diagnose" ],
        "ParameterSetName": [ "__AllParameterSets" ],
        "User-Agent": [ "AzurePowershell/Az4.0.0-preview" ],
        "Authorization": [ "[Filtered]" ]
      },
      "ContentHeaders": {
      }
    },
    "Response": {
      "StatusCode": 202,
      "Headers": {
        "Pragma": [ "no-cache" ],
        "x-ms-request-id": [ "c985f117-c45b-40b8-8e2b-a9bb905c69a0" ],
        "Azure-AsyncOperation": [ "https://management.azure.com/subscriptions/11d5f159-a21d-4a6c-8053-c3aae30057cf/providers/Microsoft.Kusto/locations/East US/operationResults/320e80f2-af36-4098-a0e8-3cae0cabb55a?api-version=2021-01-01" ],
        "x-ms-ratelimit-remaining-subscription-writes": [ "1197" ],
        "x-ms-correlation-request-id": [ "e149b354-585b-4cef-9caa-cff28f1b6687" ],
        "x-ms-routing-request-id": [ "FRANCESOUTH:20210513T120805Z:e149b354-585b-4cef-9caa-cff28f1b6687" ],
        "Strict-Transport-Security": [ "max-age=31536000; includeSubDomains" ],
        "X-Content-Type-Options": [ "nosniff" ],
        "Cache-Control": [ "no-cache" ],
        "Date": [ "Thu, 13 May 2021 12:08:05 GMT" ],
        "Location": [ "https://management.azure.com/subscriptions/11d5f159-a21d-4a6c-8053-c3aae30057cf/providers/Microsoft.Kusto/locations/East%20US/operationResults/320e80f2-af36-4098-a0e8-3cae0cabb55a?api-version=2021-01-01\u0026operationResultResponseType=Location" ],
        "Server": [ "Microsoft-HTTPAPI/2.0" ]
      },
      "ContentHeaders": {
        "Content-Length": [ "0" ],
        "Expires": [ "-1" ]
      },
      "Content": null,
      "isContentBase64": false
    }
  },
  "[NoDescription]+[NoContext]+Diagnose+$GET+https://management.azure.com/subscriptions/11d5f159-a21d-4a6c-8053-c3aae30057cf/providers/Microsoft.Kusto/locations/East US/operationResults/320e80f2-af36-4098-a0e8-3cae0cabb55a?api-version=2021-01-01+2": {
    "Request": {
      "Method": "GET",
      "RequestUri": "https://management.azure.com/subscriptions/11d5f159-a21d-4a6c-8053-c3aae30057cf/providers/Microsoft.Kusto/locations/East%20US/operationResults/320e80f2-af36-4098-a0e8-3cae0cabb55a?api-version=2021-01-01",
      "Content": null,
      "isContentBase64": false,
      "Headers": {
        "Authorization": [ "[Filtered]" ],
        "x-ms-unique-id": [ "71" ],
        "x-ms-client-request-id": [ "fb617397-aaf2-4e15-beba-838b059bb914" ],
        "CommandName": [ "Invoke-AzKustoDiagnoseClusterVirtualNetwork" ],
        "FullCommandName": [ "Invoke-AzKustoDiagnoseClusterVirtualNetwork_Diagnose" ],
        "ParameterSetName": [ "__AllParameterSets" ],
        "User-Agent": [ "AzurePowershell/Az4.0.0-preview" ]
      },
      "ContentHeaders": {
      }
    },
    "Response": {
      "StatusCode": 200,
      "Headers": {
        "Pragma": [ "no-cache" ],
        "x-ms-request-id": [ "ccb7a4d2-268f-4af1-b0dc-e249d400db77" ],
        "x-ms-ratelimit-remaining-subscription-resource-requests": [ "289" ],
        "x-ms-correlation-request-id": [ "79532545-8e19-4cef-b8cd-9200796a6d54" ],
        "x-ms-routing-request-id": [ "FRANCESOUTH:20210513T120835Z:79532545-8e19-4cef-b8cd-9200796a6d54" ],
        "Strict-Transport-Security": [ "max-age=31536000; includeSubDomains" ],
        "X-Content-Type-Options": [ "nosniff" ],
        "Cache-Control": [ "no-cache" ],
        "Date": [ "Thu, 13 May 2021 12:08:35 GMT" ],
        "Server": [ "Microsoft-HTTPAPI/2.0" ]
      },
      "ContentHeaders": {
        "Content-Length": [ "343" ],
        "Content-Type": [ "application/json; charset=utf-8" ],
        "Expires": [ "-1" ]
      },
      "Content": "{\"id\":\"/subscriptions/11d5f159-a21d-4a6c-8053-c3aae30057cf/providers/Microsoft.Kusto/locations/East US/operationresults/320e80f2-af36-4098-a0e8-3cae0cabb55a\",\"name\":\"320e80f2-af36-4098-a0e8-3cae0cabb55a\",\"status\":\"Running\",\"startTime\":\"2021-05-13T12:08:05.463726Z\",\"endTime\":\"2021-05-13T12:08:05.463726Z\",\"percentComplete\":0.5,\"properties\":{}}",
      "isContentBase64": false
    }
  },
  "[NoDescription]+[NoContext]+Diagnose+$GET+https://management.azure.com/subscriptions/11d5f159-a21d-4a6c-8053-c3aae30057cf/providers/Microsoft.Kusto/locations/East US/operationResults/320e80f2-af36-4098-a0e8-3cae0cabb55a?api-version=2021-01-01+3": {
    "Request": {
      "Method": "GET",
      "RequestUri": "https://management.azure.com/subscriptions/11d5f159-a21d-4a6c-8053-c3aae30057cf/providers/Microsoft.Kusto/locations/East%20US/operationResults/320e80f2-af36-4098-a0e8-3cae0cabb55a?api-version=2021-01-01",
      "Content": null,
      "isContentBase64": false,
      "Headers": {
        "Authorization": [ "[Filtered]" ],
        "x-ms-unique-id": [ "72" ],
        "x-ms-client-request-id": [ "fb617397-aaf2-4e15-beba-838b059bb914" ],
        "CommandName": [ "Invoke-AzKustoDiagnoseClusterVirtualNetwork" ],
        "FullCommandName": [ "Invoke-AzKustoDiagnoseClusterVirtualNetwork_Diagnose" ],
        "ParameterSetName": [ "__AllParameterSets" ],
        "User-Agent": [ "AzurePowershell/Az4.0.0-preview" ]
      },
      "ContentHeaders": {
      }
    },
    "Response": {
      "StatusCode": 200,
      "Headers": {
        "Pragma": [ "no-cache" ],
        "x-ms-request-id": [ "e9038558-85c4-4527-b1c9-a0ed53d193e0" ],
        "x-ms-ratelimit-remaining-subscription-resource-requests": [ "288" ],
        "x-ms-correlation-request-id": [ "b22a39b5-5a25-4713-b5c2-0dddc7a85515" ],
        "x-ms-routing-request-id": [ "FRANCESOUTH:20210513T120906Z:b22a39b5-5a25-4713-b5c2-0dddc7a85515" ],
        "Strict-Transport-Security": [ "max-age=31536000; includeSubDomains" ],
        "X-Content-Type-Options": [ "nosniff" ],
        "Cache-Control": [ "no-cache" ],
        "Date": [ "Thu, 13 May 2021 12:09:05 GMT" ],
        "Server": [ "Microsoft-HTTPAPI/2.0" ]
      },
      "ContentHeaders": {
        "Content-Length": [ "343" ],
        "Content-Type": [ "application/json; charset=utf-8" ],
        "Expires": [ "-1" ]
      },
      "Content": "{\"id\":\"/subscriptions/11d5f159-a21d-4a6c-8053-c3aae30057cf/providers/Microsoft.Kusto/locations/East US/operationresults/320e80f2-af36-4098-a0e8-3cae0cabb55a\",\"name\":\"320e80f2-af36-4098-a0e8-3cae0cabb55a\",\"status\":\"Running\",\"startTime\":\"2021-05-13T12:08:05.463726Z\",\"endTime\":\"2021-05-13T12:08:05.463726Z\",\"percentComplete\":0.5,\"properties\":{}}",
      "isContentBase64": false
    }
  },
  "[NoDescription]+[NoContext]+Diagnose+$GET+https://management.azure.com/subscriptions/11d5f159-a21d-4a6c-8053-c3aae30057cf/providers/Microsoft.Kusto/locations/East US/operationResults/320e80f2-af36-4098-a0e8-3cae0cabb55a?api-version=2021-01-01+4": {
    "Request": {
      "Method": "GET",
      "RequestUri": "https://management.azure.com/subscriptions/11d5f159-a21d-4a6c-8053-c3aae30057cf/providers/Microsoft.Kusto/locations/East%20US/operationResults/320e80f2-af36-4098-a0e8-3cae0cabb55a?api-version=2021-01-01",
      "Content": null,
      "isContentBase64": false,
      "Headers": {
        "Authorization": [ "[Filtered]" ],
        "x-ms-unique-id": [ "73" ],
        "x-ms-client-request-id": [ "fb617397-aaf2-4e15-beba-838b059bb914" ],
        "CommandName": [ "Invoke-AzKustoDiagnoseClusterVirtualNetwork" ],
        "FullCommandName": [ "Invoke-AzKustoDiagnoseClusterVirtualNetwork_Diagnose" ],
        "ParameterSetName": [ "__AllParameterSets" ],
        "User-Agent": [ "AzurePowershell/Az4.0.0-preview" ]
      },
      "ContentHeaders": {
      }
    },
    "Response": {
      "StatusCode": 200,
      "Headers": {
        "Pragma": [ "no-cache" ],
        "x-ms-request-id": [ "b1da0713-bd09-4a66-96a7-c4a70402eae8" ],
        "x-ms-ratelimit-remaining-subscription-resource-requests": [ "287" ],
        "x-ms-correlation-request-id": [ "d4ad49fd-8f92-4ca7-8e6b-0c022dc61e4a" ],
        "x-ms-routing-request-id": [ "FRANCESOUTH:20210513T120936Z:d4ad49fd-8f92-4ca7-8e6b-0c022dc61e4a" ],
        "Strict-Transport-Security": [ "max-age=31536000; includeSubDomains" ],
        "X-Content-Type-Options": [ "nosniff" ],
        "Cache-Control": [ "no-cache" ],
        "Date": [ "Thu, 13 May 2021 12:09:36 GMT" ],
        "Server": [ "Microsoft-HTTPAPI/2.0" ]
      },
      "ContentHeaders": {
        "Content-Length": [ "343" ],
        "Content-Type": [ "application/json; charset=utf-8" ],
        "Expires": [ "-1" ]
      },
      "Content": "{\"id\":\"/subscriptions/11d5f159-a21d-4a6c-8053-c3aae30057cf/providers/Microsoft.Kusto/locations/East US/operationresults/320e80f2-af36-4098-a0e8-3cae0cabb55a\",\"name\":\"320e80f2-af36-4098-a0e8-3cae0cabb55a\",\"status\":\"Running\",\"startTime\":\"2021-05-13T12:08:05.463726Z\",\"endTime\":\"2021-05-13T12:08:05.463726Z\",\"percentComplete\":0.5,\"properties\":{}}",
      "isContentBase64": false
    }
  },
  "[NoDescription]+[NoContext]+Diagnose+$GET+https://management.azure.com/subscriptions/11d5f159-a21d-4a6c-8053-c3aae30057cf/providers/Microsoft.Kusto/locations/East US/operationResults/320e80f2-af36-4098-a0e8-3cae0cabb55a?api-version=2021-01-01+5": {
    "Request": {
      "Method": "GET",
      "RequestUri": "https://management.azure.com/subscriptions/11d5f159-a21d-4a6c-8053-c3aae30057cf/providers/Microsoft.Kusto/locations/East%20US/operationResults/320e80f2-af36-4098-a0e8-3cae0cabb55a?api-version=2021-01-01",
      "Content": null,
      "isContentBase64": false,
      "Headers": {
        "Authorization": [ "[Filtered]" ],
        "x-ms-unique-id": [ "74" ],
        "x-ms-client-request-id": [ "fb617397-aaf2-4e15-beba-838b059bb914" ],
        "CommandName": [ "Invoke-AzKustoDiagnoseClusterVirtualNetwork" ],
        "FullCommandName": [ "Invoke-AzKustoDiagnoseClusterVirtualNetwork_Diagnose" ],
        "ParameterSetName": [ "__AllParameterSets" ],
        "User-Agent": [ "AzurePowershell/Az4.0.0-preview" ]
      },
      "ContentHeaders": {
      }
    },
    "Response": {
      "StatusCode": 200,
      "Headers": {
        "Pragma": [ "no-cache" ],
        "x-ms-request-id": [ "0c26f10c-6b16-4fe5-920f-9a08e613dc80" ],
        "x-ms-ratelimit-remaining-subscription-resource-requests": [ "286" ],
        "x-ms-correlation-request-id": [ "cbab4fbd-f9f6-42c3-ab09-fe22e7a133c6" ],
        "x-ms-routing-request-id": [ "FRANCESOUTH:20210513T121007Z:cbab4fbd-f9f6-42c3-ab09-fe22e7a133c6" ],
        "Strict-Transport-Security": [ "max-age=31536000; includeSubDomains" ],
        "X-Content-Type-Options": [ "nosniff" ],
        "Cache-Control": [ "no-cache" ],
        "Date": [ "Thu, 13 May 2021 12:10:07 GMT" ],
        "Server": [ "Microsoft-HTTPAPI/2.0" ]
      },
      "ContentHeaders": {
        "Content-Length": [ "343" ],
        "Content-Type": [ "application/json; charset=utf-8" ],
        "Expires": [ "-1" ]
      },
      "Content": "{\"id\":\"/subscriptions/11d5f159-a21d-4a6c-8053-c3aae30057cf/providers/Microsoft.Kusto/locations/East US/operationresults/320e80f2-af36-4098-a0e8-3cae0cabb55a\",\"name\":\"320e80f2-af36-4098-a0e8-3cae0cabb55a\",\"status\":\"Running\",\"startTime\":\"2021-05-13T12:08:05.463726Z\",\"endTime\":\"2021-05-13T12:08:05.463726Z\",\"percentComplete\":0.5,\"properties\":{}}",
      "isContentBase64": false
    }
  },
  "[NoDescription]+[NoContext]+Diagnose+$GET+https://management.azure.com/subscriptions/11d5f159-a21d-4a6c-8053-c3aae30057cf/providers/Microsoft.Kusto/locations/East US/operationResults/320e80f2-af36-4098-a0e8-3cae0cabb55a?api-version=2021-01-01+6": {
    "Request": {
      "Method": "GET",
      "RequestUri": "https://management.azure.com/subscriptions/11d5f159-a21d-4a6c-8053-c3aae30057cf/providers/Microsoft.Kusto/locations/East%20US/operationResults/320e80f2-af36-4098-a0e8-3cae0cabb55a?api-version=2021-01-01",
      "Content": null,
      "isContentBase64": false,
      "Headers": {
        "Authorization": [ "[Filtered]" ],
        "x-ms-unique-id": [ "75" ],
        "x-ms-client-request-id": [ "fb617397-aaf2-4e15-beba-838b059bb914" ],
        "CommandName": [ "Invoke-AzKustoDiagnoseClusterVirtualNetwork" ],
        "FullCommandName": [ "Invoke-AzKustoDiagnoseClusterVirtualNetwork_Diagnose" ],
        "ParameterSetName": [ "__AllParameterSets" ],
        "User-Agent": [ "AzurePowershell/Az4.0.0-preview" ]
      },
      "ContentHeaders": {
      }
    },
    "Response": {
      "StatusCode": 200,
      "Headers": {
        "Pragma": [ "no-cache" ],
        "x-ms-request-id": [ "b8b9e344-b0c3-4f4f-aeed-ec574394225d" ],
        "x-ms-ratelimit-remaining-subscription-resource-requests": [ "285" ],
        "x-ms-correlation-request-id": [ "e23d6340-d124-42ed-b68b-9c4db09853ff" ],
        "x-ms-routing-request-id": [ "FRANCESOUTH:20210513T121037Z:e23d6340-d124-42ed-b68b-9c4db09853ff" ],
        "Strict-Transport-Security": [ "max-age=31536000; includeSubDomains" ],
        "X-Content-Type-Options": [ "nosniff" ],
        "Cache-Control": [ "no-cache" ],
        "Date": [ "Thu, 13 May 2021 12:10:36 GMT" ],
        "Server": [ "Microsoft-HTTPAPI/2.0" ]
      },
      "ContentHeaders": {
        "Content-Length": [ "343" ],
        "Content-Type": [ "application/json; charset=utf-8" ],
        "Expires": [ "-1" ]
      },
      "Content": "{\"id\":\"/subscriptions/11d5f159-a21d-4a6c-8053-c3aae30057cf/providers/Microsoft.Kusto/locations/East US/operationresults/320e80f2-af36-4098-a0e8-3cae0cabb55a\",\"name\":\"320e80f2-af36-4098-a0e8-3cae0cabb55a\",\"status\":\"Running\",\"startTime\":\"2021-05-13T12:08:05.463726Z\",\"endTime\":\"2021-05-13T12:08:05.463726Z\",\"percentComplete\":0.5,\"properties\":{}}",
      "isContentBase64": false
    }
  },
  "[NoDescription]+[NoContext]+Diagnose+$GET+https://management.azure.com/subscriptions/11d5f159-a21d-4a6c-8053-c3aae30057cf/providers/Microsoft.Kusto/locations/East US/operationResults/320e80f2-af36-4098-a0e8-3cae0cabb55a?api-version=2021-01-01+7": {
    "Request": {
      "Method": "GET",
      "RequestUri": "https://management.azure.com/subscriptions/11d5f159-a21d-4a6c-8053-c3aae30057cf/providers/Microsoft.Kusto/locations/East%20US/operationResults/320e80f2-af36-4098-a0e8-3cae0cabb55a?api-version=2021-01-01",
      "Content": null,
      "isContentBase64": false,
      "Headers": {
        "Authorization": [ "[Filtered]" ],
        "x-ms-unique-id": [ "76" ],
        "x-ms-client-request-id": [ "fb617397-aaf2-4e15-beba-838b059bb914" ],
        "CommandName": [ "Invoke-AzKustoDiagnoseClusterVirtualNetwork" ],
        "FullCommandName": [ "Invoke-AzKustoDiagnoseClusterVirtualNetwork_Diagnose" ],
        "ParameterSetName": [ "__AllParameterSets" ],
        "User-Agent": [ "AzurePowershell/Az4.0.0-preview" ]
      },
      "ContentHeaders": {
      }
    },
    "Response": {
      "StatusCode": 200,
      "Headers": {
        "Pragma": [ "no-cache" ],
        "x-ms-request-id": [ "481272dc-392f-418b-bf2f-c1635e1b2641" ],
        "x-ms-ratelimit-remaining-subscription-resource-requests": [ "284" ],
        "x-ms-correlation-request-id": [ "8cd81333-af5b-45b5-bfec-c324cd259021" ],
        "x-ms-routing-request-id": [ "FRANCESOUTH:20210513T121107Z:8cd81333-af5b-45b5-bfec-c324cd259021" ],
        "Strict-Transport-Security": [ "max-age=31536000; includeSubDomains" ],
        "X-Content-Type-Options": [ "nosniff" ],
        "Cache-Control": [ "no-cache" ],
        "Date": [ "Thu, 13 May 2021 12:11:07 GMT" ],
        "Server": [ "Microsoft-HTTPAPI/2.0" ]
      },
      "ContentHeaders": {
        "Content-Length": [ "343" ],
        "Content-Type": [ "application/json; charset=utf-8" ],
        "Expires": [ "-1" ]
      },
      "Content": "{\"id\":\"/subscriptions/11d5f159-a21d-4a6c-8053-c3aae30057cf/providers/Microsoft.Kusto/locations/East US/operationresults/320e80f2-af36-4098-a0e8-3cae0cabb55a\",\"name\":\"320e80f2-af36-4098-a0e8-3cae0cabb55a\",\"status\":\"Running\",\"startTime\":\"2021-05-13T12:08:05.463726Z\",\"endTime\":\"2021-05-13T12:08:05.463726Z\",\"percentComplete\":0.5,\"properties\":{}}",
      "isContentBase64": false
    }
  },
  "[NoDescription]+[NoContext]+Diagnose+$GET+https://management.azure.com/subscriptions/11d5f159-a21d-4a6c-8053-c3aae30057cf/providers/Microsoft.Kusto/locations/East US/operationResults/320e80f2-af36-4098-a0e8-3cae0cabb55a?api-version=2021-01-01+8": {
    "Request": {
      "Method": "GET",
      "RequestUri": "https://management.azure.com/subscriptions/11d5f159-a21d-4a6c-8053-c3aae30057cf/providers/Microsoft.Kusto/locations/East%20US/operationResults/320e80f2-af36-4098-a0e8-3cae0cabb55a?api-version=2021-01-01",
      "Content": null,
      "isContentBase64": false,
      "Headers": {
        "Authorization": [ "[Filtered]" ],
        "x-ms-unique-id": [ "77" ],
        "x-ms-client-request-id": [ "fb617397-aaf2-4e15-beba-838b059bb914" ],
        "CommandName": [ "Invoke-AzKustoDiagnoseClusterVirtualNetwork" ],
        "FullCommandName": [ "Invoke-AzKustoDiagnoseClusterVirtualNetwork_Diagnose" ],
        "ParameterSetName": [ "__AllParameterSets" ],
        "User-Agent": [ "AzurePowershell/Az4.0.0-preview" ]
      },
      "ContentHeaders": {
      }
    },
    "Response": {
      "StatusCode": 200,
      "Headers": {
        "Pragma": [ "no-cache" ],
        "x-ms-request-id": [ "d612e1a9-b277-404e-bda2-f151e800a591" ],
        "x-ms-ratelimit-remaining-subscription-resource-requests": [ "283" ],
        "x-ms-correlation-request-id": [ "af12ac2f-4e7e-4919-94b4-48c8d701c883" ],
        "x-ms-routing-request-id": [ "FRANCESOUTH:20210513T121138Z:af12ac2f-4e7e-4919-94b4-48c8d701c883" ],
        "Strict-Transport-Security": [ "max-age=31536000; includeSubDomains" ],
        "X-Content-Type-Options": [ "nosniff" ],
        "Cache-Control": [ "no-cache" ],
        "Date": [ "Thu, 13 May 2021 12:11:37 GMT" ],
        "Server": [ "Microsoft-HTTPAPI/2.0" ]
      },
      "ContentHeaders": {
        "Content-Length": [ "343" ],
        "Content-Type": [ "application/json; charset=utf-8" ],
        "Expires": [ "-1" ]
      },
      "Content": "{\"id\":\"/subscriptions/11d5f159-a21d-4a6c-8053-c3aae30057cf/providers/Microsoft.Kusto/locations/East US/operationresults/320e80f2-af36-4098-a0e8-3cae0cabb55a\",\"name\":\"320e80f2-af36-4098-a0e8-3cae0cabb55a\",\"status\":\"Running\",\"startTime\":\"2021-05-13T12:08:05.463726Z\",\"endTime\":\"2021-05-13T12:08:05.463726Z\",\"percentComplete\":0.5,\"properties\":{}}",
      "isContentBase64": false
    }
  },
  "[NoDescription]+[NoContext]+Diagnose+$GET+https://management.azure.com/subscriptions/11d5f159-a21d-4a6c-8053-c3aae30057cf/providers/Microsoft.Kusto/locations/East US/operationResults/320e80f2-af36-4098-a0e8-3cae0cabb55a?api-version=2021-01-01+9": {
    "Request": {
      "Method": "GET",
      "RequestUri": "https://management.azure.com/subscriptions/11d5f159-a21d-4a6c-8053-c3aae30057cf/providers/Microsoft.Kusto/locations/East%20US/operationResults/320e80f2-af36-4098-a0e8-3cae0cabb55a?api-version=2021-01-01",
      "Content": null,
      "isContentBase64": false,
      "Headers": {
        "Authorization": [ "[Filtered]" ],
        "x-ms-unique-id": [ "78" ],
        "x-ms-client-request-id": [ "fb617397-aaf2-4e15-beba-838b059bb914" ],
        "CommandName": [ "Invoke-AzKustoDiagnoseClusterVirtualNetwork" ],
        "FullCommandName": [ "Invoke-AzKustoDiagnoseClusterVirtualNetwork_Diagnose" ],
        "ParameterSetName": [ "__AllParameterSets" ],
        "User-Agent": [ "AzurePowershell/Az4.0.0-preview" ]
      },
      "ContentHeaders": {
      }
    },
    "Response": {
      "StatusCode": 200,
      "Headers": {
        "Pragma": [ "no-cache" ],
        "x-ms-request-id": [ "f5ab90e4-ef31-4618-91b1-4c92235df4cf" ],
        "x-ms-ratelimit-remaining-subscription-resource-requests": [ "282" ],
        "x-ms-correlation-request-id": [ "9963ba0c-8d17-4529-9731-87991137c3b3" ],
        "x-ms-routing-request-id": [ "FRANCESOUTH:20210513T121208Z:9963ba0c-8d17-4529-9731-87991137c3b3" ],
        "Strict-Transport-Security": [ "max-age=31536000; includeSubDomains" ],
        "X-Content-Type-Options": [ "nosniff" ],
        "Cache-Control": [ "no-cache" ],
        "Date": [ "Thu, 13 May 2021 12:12:08 GMT" ],
        "Server": [ "Microsoft-HTTPAPI/2.0" ]
      },
      "ContentHeaders": {
        "Content-Length": [ "343" ],
        "Content-Type": [ "application/json; charset=utf-8" ],
        "Expires": [ "-1" ]
      },
      "Content": "{\"id\":\"/subscriptions/11d5f159-a21d-4a6c-8053-c3aae30057cf/providers/Microsoft.Kusto/locations/East US/operationresults/320e80f2-af36-4098-a0e8-3cae0cabb55a\",\"name\":\"320e80f2-af36-4098-a0e8-3cae0cabb55a\",\"status\":\"Running\",\"startTime\":\"2021-05-13T12:08:05.463726Z\",\"endTime\":\"2021-05-13T12:08:05.463726Z\",\"percentComplete\":0.5,\"properties\":{}}",
      "isContentBase64": false
    }
  },
  "[NoDescription]+[NoContext]+Diagnose+$GET+https://management.azure.com/subscriptions/11d5f159-a21d-4a6c-8053-c3aae30057cf/providers/Microsoft.Kusto/locations/East US/operationResults/320e80f2-af36-4098-a0e8-3cae0cabb55a?api-version=2021-01-01+10": {
    "Request": {
      "Method": "GET",
      "RequestUri": "https://management.azure.com/subscriptions/11d5f159-a21d-4a6c-8053-c3aae30057cf/providers/Microsoft.Kusto/locations/East%20US/operationResults/320e80f2-af36-4098-a0e8-3cae0cabb55a?api-version=2021-01-01",
      "Content": null,
      "isContentBase64": false,
      "Headers": {
        "Authorization": [ "[Filtered]" ],
        "x-ms-unique-id": [ "79" ],
        "x-ms-client-request-id": [ "fb617397-aaf2-4e15-beba-838b059bb914" ],
        "CommandName": [ "Invoke-AzKustoDiagnoseClusterVirtualNetwork" ],
        "FullCommandName": [ "Invoke-AzKustoDiagnoseClusterVirtualNetwork_Diagnose" ],
        "ParameterSetName": [ "__AllParameterSets" ],
        "User-Agent": [ "AzurePowershell/Az4.0.0-preview" ]
      },
      "ContentHeaders": {
      }
    },
    "Response": {
      "StatusCode": 200,
      "Headers": {
        "Pragma": [ "no-cache" ],
        "x-ms-request-id": [ "2803d5c7-4a47-4773-b5a4-6ac7f315669d" ],
        "x-ms-ratelimit-remaining-subscription-resource-requests": [ "281" ],
        "x-ms-correlation-request-id": [ "d9a7e90e-0b22-4de9-ac0d-104f7a01c457" ],
        "x-ms-routing-request-id": [ "FRANCESOUTH:20210513T121238Z:d9a7e90e-0b22-4de9-ac0d-104f7a01c457" ],
        "Strict-Transport-Security": [ "max-age=31536000; includeSubDomains" ],
        "X-Content-Type-Options": [ "nosniff" ],
        "Cache-Control": [ "no-cache" ],
        "Date": [ "Thu, 13 May 2021 12:12:37 GMT" ],
        "Server": [ "Microsoft-HTTPAPI/2.0" ]
      },
      "ContentHeaders": {
        "Content-Length": [ "343" ],
        "Content-Type": [ "application/json; charset=utf-8" ],
        "Expires": [ "-1" ]
      },
      "Content": "{\"id\":\"/subscriptions/11d5f159-a21d-4a6c-8053-c3aae30057cf/providers/Microsoft.Kusto/locations/East US/operationresults/320e80f2-af36-4098-a0e8-3cae0cabb55a\",\"name\":\"320e80f2-af36-4098-a0e8-3cae0cabb55a\",\"status\":\"Running\",\"startTime\":\"2021-05-13T12:08:05.463726Z\",\"endTime\":\"2021-05-13T12:08:05.463726Z\",\"percentComplete\":0.5,\"properties\":{}}",
      "isContentBase64": false
    }
  },
  "[NoDescription]+[NoContext]+Diagnose+$GET+https://management.azure.com/subscriptions/11d5f159-a21d-4a6c-8053-c3aae30057cf/providers/Microsoft.Kusto/locations/East US/operationResults/320e80f2-af36-4098-a0e8-3cae0cabb55a?api-version=2021-01-01+11": {
    "Request": {
      "Method": "GET",
      "RequestUri": "https://management.azure.com/subscriptions/11d5f159-a21d-4a6c-8053-c3aae30057cf/providers/Microsoft.Kusto/locations/East%20US/operationResults/320e80f2-af36-4098-a0e8-3cae0cabb55a?api-version=2021-01-01",
      "Content": null,
      "isContentBase64": false,
      "Headers": {
        "Authorization": [ "[Filtered]" ],
        "x-ms-unique-id": [ "80" ],
        "x-ms-client-request-id": [ "fb617397-aaf2-4e15-beba-838b059bb914" ],
        "CommandName": [ "Invoke-AzKustoDiagnoseClusterVirtualNetwork" ],
        "FullCommandName": [ "Invoke-AzKustoDiagnoseClusterVirtualNetwork_Diagnose" ],
        "ParameterSetName": [ "__AllParameterSets" ],
        "User-Agent": [ "AzurePowershell/Az4.0.0-preview" ]
      },
      "ContentHeaders": {
      }
    },
    "Response": {
      "StatusCode": 200,
      "Headers": {
        "Pragma": [ "no-cache" ],
        "x-ms-request-id": [ "1a6d3cf4-46f3-4071-bef3-1b4aad371a90" ],
        "x-ms-ratelimit-remaining-subscription-resource-requests": [ "280" ],
        "x-ms-correlation-request-id": [ "cec00ae7-d353-48f3-b3d8-893f1344ac59" ],
        "x-ms-routing-request-id": [ "FRANCESOUTH:20210513T121308Z:cec00ae7-d353-48f3-b3d8-893f1344ac59" ],
        "Strict-Transport-Security": [ "max-age=31536000; includeSubDomains" ],
        "X-Content-Type-Options": [ "nosniff" ],
        "Cache-Control": [ "no-cache" ],
        "Date": [ "Thu, 13 May 2021 12:13:08 GMT" ],
        "Server": [ "Microsoft-HTTPAPI/2.0" ]
      },
      "ContentHeaders": {
        "Content-Length": [ "359" ],
        "Content-Type": [ "application/json; charset=utf-8" ],
        "Expires": [ "-1" ]
      },
      "Content": "{\"id\":\"/subscriptions/11d5f159-a21d-4a6c-8053-c3aae30057cf/providers/Microsoft.Kusto/locations/East US/operationresults/320e80f2-af36-4098-a0e8-3cae0cabb55a\",\"name\":\"320e80f2-af36-4098-a0e8-3cae0cabb55a\",\"status\":\"Succeeded\",\"startTime\":\"2021-05-13T12:08:05.463726Z\",\"endTime\":\"2021-05-13T12:13:07.0883399Z\",\"percentComplete\":1.0,\"properties\":{\"Findings\":[]}}",
      "isContentBase64": false
    }
  },
  "[NoDescription]+[NoContext]+Diagnose+$GET+https://management.azure.com/subscriptions/11d5f159-a21d-4a6c-8053-c3aae30057cf/providers/Microsoft.Kusto/locations/East US/operationResults/320e80f2-af36-4098-a0e8-3cae0cabb55a?api-version=2021-01-01\u0026operationResultResponseType=Location+12": {
    "Request": {
      "Method": "GET",
      "RequestUri": "https://management.azure.com/subscriptions/11d5f159-a21d-4a6c-8053-c3aae30057cf/providers/Microsoft.Kusto/locations/East%20US/operationResults/320e80f2-af36-4098-a0e8-3cae0cabb55a?api-version=2021-01-01\u0026operationResultResponseType=Location",
      "Content": null,
      "isContentBase64": false,
      "Headers": {
        "Authorization": [ "[Filtered]" ],
        "x-ms-unique-id": [ "81" ],
        "x-ms-client-request-id": [ "fb617397-aaf2-4e15-beba-838b059bb914" ],
        "CommandName": [ "Invoke-AzKustoDiagnoseClusterVirtualNetwork" ],
        "FullCommandName": [ "Invoke-AzKustoDiagnoseClusterVirtualNetwork_Diagnose" ],
        "ParameterSetName": [ "__AllParameterSets" ],
        "User-Agent": [ "AzurePowershell/Az4.0.0-preview" ]
      },
      "ContentHeaders": {
      }
    },
    "Response": {
      "StatusCode": 200,
      "Headers": {
        "Pragma": [ "no-cache" ],
        "x-ms-request-id": [ "8f2f9e0f-ac56-48a2-b557-b275b907b697" ],
        "x-ms-ratelimit-remaining-subscription-resource-requests": [ "279" ],
        "x-ms-correlation-request-id": [ "d329fb2b-f7c4-46e7-9b33-ed6456351e83" ],
        "x-ms-routing-request-id": [ "FRANCESOUTH:20210513T121309Z:d329fb2b-f7c4-46e7-9b33-ed6456351e83" ],
        "Strict-Transport-Security": [ "max-age=31536000; includeSubDomains" ],
        "X-Content-Type-Options": [ "nosniff" ],
        "Cache-Control": [ "no-cache" ],
        "Date": [ "Thu, 13 May 2021 12:13:08 GMT" ],
        "Server": [ "Microsoft-HTTPAPI/2.0" ]
      },
      "ContentHeaders": {
        "Content-Length": [ "15" ],
        "Content-Type": [ "application/json; charset=utf-8" ],
        "Expires": [ "-1" ]
      },
      "Content": "{\"Findings\":[]}",
      "isContentBase64": false
    }
  },
  "[NoDescription]+[NoContext]+DiagnoseViaIdentity+$GET+https://management.azure.com/subscriptions/11d5f159-a21d-4a6c-8053-c3aae30057cf/resourceGroups/testgroupqlp6ob/providers/Microsoft.Kusto/Clusters/testclusterqlp6ob?api-version=2021-01-01+1": {
    "Request": {
      "Method": "GET",
      "RequestUri": "https://management.azure.com/subscriptions/11d5f159-a21d-4a6c-8053-c3aae30057cf/resourceGroups/testgroupqlp6ob/providers/Microsoft.Kusto/Clusters/testclusterqlp6ob?api-version=2021-01-01",
      "Content": null,
      "isContentBase64": false,
      "Headers": {
        "x-ms-unique-id": [ "82" ],
        "x-ms-client-request-id": [ "2ebec658-df9c-4919-8485-7805745acb37" ],
        "CommandName": [ "Get-AzKustoCluster" ],
        "FullCommandName": [ "Get-AzKustoCluster_Get" ],
        "ParameterSetName": [ "__AllParameterSets" ],
        "User-Agent": [ "AzurePowershell/Az4.0.0-preview" ],
        "Authorization": [ "[Filtered]" ]
      },
      "ContentHeaders": {
      }
    },
    "Response": {
      "StatusCode": 200,
      "Headers": {
        "Pragma": [ "no-cache" ],
        "x-ms-request-id": [ "47c31e9e-2c37-4f70-8515-9168de5a37bf" ],
        "x-ms-ratelimit-remaining-subscription-resource-requests": [ "298" ],
        "x-ms-correlation-request-id": [ "9916a49d-7564-49e9-bc00-aec1098da737" ],
        "x-ms-routing-request-id": [ "FRANCESOUTH:20210513T121309Z:9916a49d-7564-49e9-bc00-aec1098da737" ],
        "Strict-Transport-Security": [ "max-age=31536000; includeSubDomains" ],
        "X-Content-Type-Options": [ "nosniff" ],
        "Cache-Control": [ "no-cache" ],
        "Date": [ "Thu, 13 May 2021 12:13:08 GMT" ],
        "ETag": [ "\"2021-05-13T12:06:57.7755746Z\"" ],
        "Server": [ "Microsoft-HTTPAPI/2.0" ]
      },
      "ContentHeaders": {
        "Content-Length": [ "840" ],
        "Content-Type": [ "application/json; charset=utf-8" ],
        "Expires": [ "-1" ]
      },
      "Content": "{\"id\":\"/subscriptions/11d5f159-a21d-4a6c-8053-c3aae30057cf/resourceGroups/testgroupqlp6ob/providers/Microsoft.Kusto/Clusters/testclusterqlp6ob\",\"name\":\"testclusterqlp6ob\",\"type\":\"Microsoft.Kusto/Clusters\",\"etag\":\"\\\"2021-05-13T12:06:57.7755746Z\\\"\",\"location\":\"East US\",\"sku\":{\"name\":\"Standard_D11_v2\",\"tier\":\"Standard\",\"capacity\":2},\"tags\":{},\"properties\":{\"state\":\"Running\",\"stateReason\":null,\"uri\":\"https://testclusterqlp6ob.eastus.kusto.windows.net\",\"dataIngestionUri\":\"https://ingest-testclusterqlp6ob.eastus.kusto.windows.net\",\"trustedExternalTenants\":[],\"virtualNetworkConfiguration\":null,\"optimizedAutoscale\":null,\"enableDiskEncryption\":false,\"enableStreamingIngest\":false,\"keyVaultProperties\":null,\"languageExtensions\":{\"value\":[]},\"enablePurge\":null,\"enableDoubleEncryption\":false,\"engineType\":\"V3\",\"provisioningState\":\"Succeeded\"}}",
      "isContentBase64": false
    }
  },
  "[NoDescription]+[NoContext]+DiagnoseViaIdentity+$POST+https://management.azure.com/subscriptions/11d5f159-a21d-4a6c-8053-c3aae30057cf/resourceGroups/testgroupqlp6ob/providers/Microsoft.Kusto/Clusters/testclusterqlp6ob/diagnoseVirtualNetwork?api-version=2021-01-01+2": {
    "Request": {
      "Method": "POST",
      "RequestUri": "https://management.azure.com/subscriptions/11d5f159-a21d-4a6c-8053-c3aae30057cf/resourceGroups/testgroupqlp6ob/providers/Microsoft.Kusto/Clusters/testclusterqlp6ob/diagnoseVirtualNetwork?api-version=2021-01-01",
      "Content": null,
      "isContentBase64": false,
      "Headers": {
        "x-ms-unique-id": [ "83" ],
        "x-ms-client-request-id": [ "ce75aa61-7fd5-4ab7-959a-7b22b5298ac1" ],
        "CommandName": [ "Invoke-AzKustoDiagnoseClusterVirtualNetwork" ],
        "FullCommandName": [ "Invoke-AzKustoDiagnoseClusterVirtualNetwork_DiagnoseViaIdentity" ],
        "ParameterSetName": [ "__AllParameterSets" ],
        "User-Agent": [ "AzurePowershell/Az4.0.0-preview" ],
        "Authorization": [ "[Filtered]" ]
      },
      "ContentHeaders": {
      }
    },
    "Response": {
      "StatusCode": 202,
      "Headers": {
        "Pragma": [ "no-cache" ],
        "x-ms-request-id": [ "c1699c8e-683b-4441-996e-2a4ea26a0aba" ],
        "Azure-AsyncOperation": [ "https://management.azure.com/subscriptions/11d5f159-a21d-4a6c-8053-c3aae30057cf/providers/Microsoft.Kusto/locations/East US/operationResults/12bf992b-8874-4f39-a50a-7b3da14004ca?api-version=2021-01-01" ],
        "x-ms-ratelimit-remaining-subscription-writes": [ "1196" ],
        "x-ms-correlation-request-id": [ "a1a57378-c13a-463a-b3d8-c1788391de89" ],
        "x-ms-routing-request-id": [ "FRANCESOUTH:20210513T121310Z:a1a57378-c13a-463a-b3d8-c1788391de89" ],
        "Strict-Transport-Security": [ "max-age=31536000; includeSubDomains" ],
        "X-Content-Type-Options": [ "nosniff" ],
        "Cache-Control": [ "no-cache" ],
        "Date": [ "Thu, 13 May 2021 12:13:10 GMT" ],
        "Location": [ "https://management.azure.com/subscriptions/11d5f159-a21d-4a6c-8053-c3aae30057cf/providers/Microsoft.Kusto/locations/East%20US/operationResults/12bf992b-8874-4f39-a50a-7b3da14004ca?api-version=2021-01-01\u0026operationResultResponseType=Location" ],
        "Server": [ "Microsoft-HTTPAPI/2.0" ]
      },
      "ContentHeaders": {
        "Content-Length": [ "0" ],
        "Expires": [ "-1" ]
      },
      "Content": null,
      "isContentBase64": false
    }
  },
  "[NoDescription]+[NoContext]+DiagnoseViaIdentity+$GET+https://management.azure.com/subscriptions/11d5f159-a21d-4a6c-8053-c3aae30057cf/providers/Microsoft.Kusto/locations/East US/operationResults/12bf992b-8874-4f39-a50a-7b3da14004ca?api-version=2021-01-01+3": {
    "Request": {
      "Method": "GET",
      "RequestUri": "https://management.azure.com/subscriptions/11d5f159-a21d-4a6c-8053-c3aae30057cf/providers/Microsoft.Kusto/locations/East%20US/operationResults/12bf992b-8874-4f39-a50a-7b3da14004ca?api-version=2021-01-01",
      "Content": null,
      "isContentBase64": false,
      "Headers": {
        "Authorization": [ "[Filtered]" ],
        "x-ms-unique-id": [ "84" ],
        "x-ms-client-request-id": [ "ce75aa61-7fd5-4ab7-959a-7b22b5298ac1" ],
        "CommandName": [ "Invoke-AzKustoDiagnoseClusterVirtualNetwork" ],
        "FullCommandName": [ "Invoke-AzKustoDiagnoseClusterVirtualNetwork_DiagnoseViaIdentity" ],
        "ParameterSetName": [ "__AllParameterSets" ],
        "User-Agent": [ "AzurePowershell/Az4.0.0-preview" ]
      },
      "ContentHeaders": {
      }
    },
    "Response": {
      "StatusCode": 200,
      "Headers": {
        "Pragma": [ "no-cache" ],
        "x-ms-request-id": [ "a759b936-8bb9-4aad-97d3-4bc5b826aa5c" ],
        "x-ms-ratelimit-remaining-subscription-resource-requests": [ "278" ],
        "x-ms-correlation-request-id": [ "0bfb3efa-7419-4bd6-9283-25a3bd82b3ac" ],
        "x-ms-routing-request-id": [ "FRANCESOUTH:20210513T121340Z:0bfb3efa-7419-4bd6-9283-25a3bd82b3ac" ],
        "Strict-Transport-Security": [ "max-age=31536000; includeSubDomains" ],
        "X-Content-Type-Options": [ "nosniff" ],
        "Cache-Control": [ "no-cache" ],
        "Date": [ "Thu, 13 May 2021 12:13:40 GMT" ],
        "Server": [ "Microsoft-HTTPAPI/2.0" ]
      },
      "ContentHeaders": {
        "Content-Length": [ "345" ],
        "Content-Type": [ "application/json; charset=utf-8" ],
        "Expires": [ "-1" ]
      },
      "Content": "{\"id\":\"/subscriptions/11d5f159-a21d-4a6c-8053-c3aae30057cf/providers/Microsoft.Kusto/locations/East US/operationresults/12bf992b-8874-4f39-a50a-7b3da14004ca\",\"name\":\"12bf992b-8874-4f39-a50a-7b3da14004ca\",\"status\":\"Running\",\"startTime\":\"2021-05-13T12:13:10.1820893Z\",\"endTime\":\"2021-05-13T12:13:10.1820893Z\",\"percentComplete\":0.5,\"properties\":{}}",
      "isContentBase64": false
    }
  },
  "[NoDescription]+[NoContext]+DiagnoseViaIdentity+$GET+https://management.azure.com/subscriptions/11d5f159-a21d-4a6c-8053-c3aae30057cf/providers/Microsoft.Kusto/locations/East US/operationResults/12bf992b-8874-4f39-a50a-7b3da14004ca?api-version=2021-01-01+4": {
    "Request": {
      "Method": "GET",
      "RequestUri": "https://management.azure.com/subscriptions/11d5f159-a21d-4a6c-8053-c3aae30057cf/providers/Microsoft.Kusto/locations/East%20US/operationResults/12bf992b-8874-4f39-a50a-7b3da14004ca?api-version=2021-01-01",
      "Content": null,
      "isContentBase64": false,
      "Headers": {
        "Authorization": [ "[Filtered]" ],
        "x-ms-unique-id": [ "85" ],
        "x-ms-client-request-id": [ "ce75aa61-7fd5-4ab7-959a-7b22b5298ac1" ],
        "CommandName": [ "Invoke-AzKustoDiagnoseClusterVirtualNetwork" ],
        "FullCommandName": [ "Invoke-AzKustoDiagnoseClusterVirtualNetwork_DiagnoseViaIdentity" ],
        "ParameterSetName": [ "__AllParameterSets" ],
        "User-Agent": [ "AzurePowershell/Az4.0.0-preview" ]
      },
      "ContentHeaders": {
      }
    },
    "Response": {
      "StatusCode": 200,
      "Headers": {
        "Pragma": [ "no-cache" ],
        "x-ms-request-id": [ "36a25d84-2fce-434d-9f32-bf2b0ff849f7" ],
        "x-ms-ratelimit-remaining-subscription-resource-requests": [ "277" ],
        "x-ms-correlation-request-id": [ "919d014b-0b89-49d6-9b0f-b353001f6e63" ],
        "x-ms-routing-request-id": [ "FRANCESOUTH:20210513T121412Z:919d014b-0b89-49d6-9b0f-b353001f6e63" ],
        "Strict-Transport-Security": [ "max-age=31536000; includeSubDomains" ],
        "X-Content-Type-Options": [ "nosniff" ],
        "Cache-Control": [ "no-cache" ],
        "Date": [ "Thu, 13 May 2021 12:14:12 GMT" ],
        "Server": [ "Microsoft-HTTPAPI/2.0" ]
      },
      "ContentHeaders": {
        "Content-Length": [ "345" ],
        "Content-Type": [ "application/json; charset=utf-8" ],
        "Expires": [ "-1" ]
      },
      "Content": "{\"id\":\"/subscriptions/11d5f159-a21d-4a6c-8053-c3aae30057cf/providers/Microsoft.Kusto/locations/East US/operationresults/12bf992b-8874-4f39-a50a-7b3da14004ca\",\"name\":\"12bf992b-8874-4f39-a50a-7b3da14004ca\",\"status\":\"Running\",\"startTime\":\"2021-05-13T12:13:10.1820893Z\",\"endTime\":\"2021-05-13T12:13:10.1820893Z\",\"percentComplete\":0.5,\"properties\":{}}",
      "isContentBase64": false
    }
  },
  "[NoDescription]+[NoContext]+DiagnoseViaIdentity+$GET+https://management.azure.com/subscriptions/11d5f159-a21d-4a6c-8053-c3aae30057cf/providers/Microsoft.Kusto/locations/East US/operationResults/12bf992b-8874-4f39-a50a-7b3da14004ca?api-version=2021-01-01+5": {
    "Request": {
      "Method": "GET",
      "RequestUri": "https://management.azure.com/subscriptions/11d5f159-a21d-4a6c-8053-c3aae30057cf/providers/Microsoft.Kusto/locations/East%20US/operationResults/12bf992b-8874-4f39-a50a-7b3da14004ca?api-version=2021-01-01",
      "Content": null,
      "isContentBase64": false,
      "Headers": {
        "Authorization": [ "[Filtered]" ],
        "x-ms-unique-id": [ "86" ],
        "x-ms-client-request-id": [ "ce75aa61-7fd5-4ab7-959a-7b22b5298ac1" ],
        "CommandName": [ "Invoke-AzKustoDiagnoseClusterVirtualNetwork" ],
        "FullCommandName": [ "Invoke-AzKustoDiagnoseClusterVirtualNetwork_DiagnoseViaIdentity" ],
        "ParameterSetName": [ "__AllParameterSets" ],
        "User-Agent": [ "AzurePowershell/Az4.0.0-preview" ]
      },
      "ContentHeaders": {
      }
    },
    "Response": {
      "StatusCode": 200,
      "Headers": {
        "Pragma": [ "no-cache" ],
        "x-ms-request-id": [ "3fba5541-7f4c-4a4c-bf01-847bff510444" ],
        "x-ms-ratelimit-remaining-subscription-resource-requests": [ "276" ],
        "x-ms-correlation-request-id": [ "b9ff28fe-d30b-4e81-bb91-4e538dd73c9c" ],
        "x-ms-routing-request-id": [ "FRANCESOUTH:20210513T121443Z:b9ff28fe-d30b-4e81-bb91-4e538dd73c9c" ],
        "Strict-Transport-Security": [ "max-age=31536000; includeSubDomains" ],
        "X-Content-Type-Options": [ "nosniff" ],
        "Cache-Control": [ "no-cache" ],
        "Date": [ "Thu, 13 May 2021 12:14:42 GMT" ],
        "Server": [ "Microsoft-HTTPAPI/2.0" ]
      },
      "ContentHeaders": {
        "Content-Length": [ "345" ],
        "Content-Type": [ "application/json; charset=utf-8" ],
        "Expires": [ "-1" ]
      },
      "Content": "{\"id\":\"/subscriptions/11d5f159-a21d-4a6c-8053-c3aae30057cf/providers/Microsoft.Kusto/locations/East US/operationresults/12bf992b-8874-4f39-a50a-7b3da14004ca\",\"name\":\"12bf992b-8874-4f39-a50a-7b3da14004ca\",\"status\":\"Running\",\"startTime\":\"2021-05-13T12:13:10.1820893Z\",\"endTime\":\"2021-05-13T12:13:10.1820893Z\",\"percentComplete\":0.5,\"properties\":{}}",
      "isContentBase64": false
    }
  },
  "[NoDescription]+[NoContext]+DiagnoseViaIdentity+$GET+https://management.azure.com/subscriptions/11d5f159-a21d-4a6c-8053-c3aae30057cf/providers/Microsoft.Kusto/locations/East US/operationResults/12bf992b-8874-4f39-a50a-7b3da14004ca?api-version=2021-01-01+6": {
    "Request": {
      "Method": "GET",
      "RequestUri": "https://management.azure.com/subscriptions/11d5f159-a21d-4a6c-8053-c3aae30057cf/providers/Microsoft.Kusto/locations/East%20US/operationResults/12bf992b-8874-4f39-a50a-7b3da14004ca?api-version=2021-01-01",
      "Content": null,
      "isContentBase64": false,
      "Headers": {
        "Authorization": [ "[Filtered]" ],
        "x-ms-unique-id": [ "87" ],
        "x-ms-client-request-id": [ "ce75aa61-7fd5-4ab7-959a-7b22b5298ac1" ],
        "CommandName": [ "Invoke-AzKustoDiagnoseClusterVirtualNetwork" ],
        "FullCommandName": [ "Invoke-AzKustoDiagnoseClusterVirtualNetwork_DiagnoseViaIdentity" ],
        "ParameterSetName": [ "__AllParameterSets" ],
        "User-Agent": [ "AzurePowershell/Az4.0.0-preview" ]
      },
      "ContentHeaders": {
      }
    },
    "Response": {
      "StatusCode": 200,
      "Headers": {
        "Pragma": [ "no-cache" ],
        "x-ms-request-id": [ "596c4d59-275d-48d2-8bd7-e92057615ee0" ],
        "x-ms-ratelimit-remaining-subscription-resource-requests": [ "288" ],
        "x-ms-correlation-request-id": [ "17938699-c206-4195-9f6f-ace5d401db6c" ],
        "x-ms-routing-request-id": [ "FRANCESOUTH:20210513T121513Z:17938699-c206-4195-9f6f-ace5d401db6c" ],
        "Strict-Transport-Security": [ "max-age=31536000; includeSubDomains" ],
        "X-Content-Type-Options": [ "nosniff" ],
        "Cache-Control": [ "no-cache" ],
        "Date": [ "Thu, 13 May 2021 12:15:12 GMT" ],
        "Server": [ "Microsoft-HTTPAPI/2.0" ]
      },
      "ContentHeaders": {
        "Content-Length": [ "345" ],
        "Content-Type": [ "application/json; charset=utf-8" ],
        "Expires": [ "-1" ]
      },
      "Content": "{\"id\":\"/subscriptions/11d5f159-a21d-4a6c-8053-c3aae30057cf/providers/Microsoft.Kusto/locations/East US/operationresults/12bf992b-8874-4f39-a50a-7b3da14004ca\",\"name\":\"12bf992b-8874-4f39-a50a-7b3da14004ca\",\"status\":\"Running\",\"startTime\":\"2021-05-13T12:13:10.1820893Z\",\"endTime\":\"2021-05-13T12:13:10.1820893Z\",\"percentComplete\":0.5,\"properties\":{}}",
      "isContentBase64": false
    }
  },
  "[NoDescription]+[NoContext]+DiagnoseViaIdentity+$GET+https://management.azure.com/subscriptions/11d5f159-a21d-4a6c-8053-c3aae30057cf/providers/Microsoft.Kusto/locations/East US/operationResults/12bf992b-8874-4f39-a50a-7b3da14004ca?api-version=2021-01-01+7": {
    "Request": {
      "Method": "GET",
      "RequestUri": "https://management.azure.com/subscriptions/11d5f159-a21d-4a6c-8053-c3aae30057cf/providers/Microsoft.Kusto/locations/East%20US/operationResults/12bf992b-8874-4f39-a50a-7b3da14004ca?api-version=2021-01-01",
      "Content": null,
      "isContentBase64": false,
      "Headers": {
        "Authorization": [ "[Filtered]" ],
        "x-ms-unique-id": [ "88" ],
        "x-ms-client-request-id": [ "ce75aa61-7fd5-4ab7-959a-7b22b5298ac1" ],
        "CommandName": [ "Invoke-AzKustoDiagnoseClusterVirtualNetwork" ],
        "FullCommandName": [ "Invoke-AzKustoDiagnoseClusterVirtualNetwork_DiagnoseViaIdentity" ],
        "ParameterSetName": [ "__AllParameterSets" ],
        "User-Agent": [ "AzurePowershell/Az4.0.0-preview" ]
      },
      "ContentHeaders": {
      }
    },
    "Response": {
      "StatusCode": 200,
      "Headers": {
        "Pragma": [ "no-cache" ],
        "x-ms-request-id": [ "13e4a808-3e94-487a-b67a-9cf5c98ccaa1" ],
        "x-ms-ratelimit-remaining-subscription-resource-requests": [ "287" ],
        "x-ms-correlation-request-id": [ "8d5990e1-faba-4337-bc36-ec9d7604d085" ],
        "x-ms-routing-request-id": [ "FRANCESOUTH:20210513T121543Z:8d5990e1-faba-4337-bc36-ec9d7604d085" ],
        "Strict-Transport-Security": [ "max-age=31536000; includeSubDomains" ],
        "X-Content-Type-Options": [ "nosniff" ],
        "Cache-Control": [ "no-cache" ],
        "Date": [ "Thu, 13 May 2021 12:15:42 GMT" ],
        "Server": [ "Microsoft-HTTPAPI/2.0" ]
      },
      "ContentHeaders": {
        "Content-Length": [ "345" ],
        "Content-Type": [ "application/json; charset=utf-8" ],
        "Expires": [ "-1" ]
      },
      "Content": "{\"id\":\"/subscriptions/11d5f159-a21d-4a6c-8053-c3aae30057cf/providers/Microsoft.Kusto/locations/East US/operationresults/12bf992b-8874-4f39-a50a-7b3da14004ca\",\"name\":\"12bf992b-8874-4f39-a50a-7b3da14004ca\",\"status\":\"Running\",\"startTime\":\"2021-05-13T12:13:10.1820893Z\",\"endTime\":\"2021-05-13T12:13:10.1820893Z\",\"percentComplete\":0.5,\"properties\":{}}",
      "isContentBase64": false
    }
  },
  "[NoDescription]+[NoContext]+DiagnoseViaIdentity+$GET+https://management.azure.com/subscriptions/11d5f159-a21d-4a6c-8053-c3aae30057cf/providers/Microsoft.Kusto/locations/East US/operationResults/12bf992b-8874-4f39-a50a-7b3da14004ca?api-version=2021-01-01+8": {
    "Request": {
      "Method": "GET",
      "RequestUri": "https://management.azure.com/subscriptions/11d5f159-a21d-4a6c-8053-c3aae30057cf/providers/Microsoft.Kusto/locations/East%20US/operationResults/12bf992b-8874-4f39-a50a-7b3da14004ca?api-version=2021-01-01",
      "Content": null,
      "isContentBase64": false,
      "Headers": {
        "Authorization": [ "[Filtered]" ],
        "x-ms-unique-id": [ "89" ],
        "x-ms-client-request-id": [ "ce75aa61-7fd5-4ab7-959a-7b22b5298ac1" ],
        "CommandName": [ "Invoke-AzKustoDiagnoseClusterVirtualNetwork" ],
        "FullCommandName": [ "Invoke-AzKustoDiagnoseClusterVirtualNetwork_DiagnoseViaIdentity" ],
        "ParameterSetName": [ "__AllParameterSets" ],
        "User-Agent": [ "AzurePowershell/Az4.0.0-preview" ]
      },
      "ContentHeaders": {
      }
    },
    "Response": {
      "StatusCode": 200,
      "Headers": {
        "Pragma": [ "no-cache" ],
        "x-ms-request-id": [ "30ee2a7c-a663-484b-805a-ab83f2ded48d" ],
        "x-ms-ratelimit-remaining-subscription-resource-requests": [ "286" ],
        "x-ms-correlation-request-id": [ "53f1e182-1b0f-4c85-8edd-705285e06d55" ],
        "x-ms-routing-request-id": [ "FRANCESOUTH:20210513T121614Z:53f1e182-1b0f-4c85-8edd-705285e06d55" ],
        "Strict-Transport-Security": [ "max-age=31536000; includeSubDomains" ],
        "X-Content-Type-Options": [ "nosniff" ],
        "Cache-Control": [ "no-cache" ],
        "Date": [ "Thu, 13 May 2021 12:16:13 GMT" ],
        "Server": [ "Microsoft-HTTPAPI/2.0" ]
      },
      "ContentHeaders": {
        "Content-Length": [ "345" ],
        "Content-Type": [ "application/json; charset=utf-8" ],
        "Expires": [ "-1" ]
      },
      "Content": "{\"id\":\"/subscriptions/11d5f159-a21d-4a6c-8053-c3aae30057cf/providers/Microsoft.Kusto/locations/East US/operationresults/12bf992b-8874-4f39-a50a-7b3da14004ca\",\"name\":\"12bf992b-8874-4f39-a50a-7b3da14004ca\",\"status\":\"Running\",\"startTime\":\"2021-05-13T12:13:10.1820893Z\",\"endTime\":\"2021-05-13T12:13:10.1820893Z\",\"percentComplete\":0.5,\"properties\":{}}",
      "isContentBase64": false
    }
  },
  "[NoDescription]+[NoContext]+DiagnoseViaIdentity+$GET+https://management.azure.com/subscriptions/11d5f159-a21d-4a6c-8053-c3aae30057cf/providers/Microsoft.Kusto/locations/East US/operationResults/12bf992b-8874-4f39-a50a-7b3da14004ca?api-version=2021-01-01+9": {
    "Request": {
      "Method": "GET",
      "RequestUri": "https://management.azure.com/subscriptions/11d5f159-a21d-4a6c-8053-c3aae30057cf/providers/Microsoft.Kusto/locations/East%20US/operationResults/12bf992b-8874-4f39-a50a-7b3da14004ca?api-version=2021-01-01",
      "Content": null,
      "isContentBase64": false,
      "Headers": {
        "Authorization": [ "[Filtered]" ],
        "x-ms-unique-id": [ "90" ],
        "x-ms-client-request-id": [ "ce75aa61-7fd5-4ab7-959a-7b22b5298ac1" ],
        "CommandName": [ "Invoke-AzKustoDiagnoseClusterVirtualNetwork" ],
        "FullCommandName": [ "Invoke-AzKustoDiagnoseClusterVirtualNetwork_DiagnoseViaIdentity" ],
        "ParameterSetName": [ "__AllParameterSets" ],
        "User-Agent": [ "AzurePowershell/Az4.0.0-preview" ]
      },
      "ContentHeaders": {
      }
    },
    "Response": {
      "StatusCode": 200,
      "Headers": {
        "Pragma": [ "no-cache" ],
        "x-ms-request-id": [ "c6cdee28-18ce-4093-b898-97b4e139f0fa" ],
        "x-ms-ratelimit-remaining-subscription-resource-requests": [ "285" ],
        "x-ms-correlation-request-id": [ "0be1709e-f9cf-4f0e-a174-b46c0c3f2558" ],
        "x-ms-routing-request-id": [ "FRANCESOUTH:20210513T121644Z:0be1709e-f9cf-4f0e-a174-b46c0c3f2558" ],
        "Strict-Transport-Security": [ "max-age=31536000; includeSubDomains" ],
        "X-Content-Type-Options": [ "nosniff" ],
        "Cache-Control": [ "no-cache" ],
        "Date": [ "Thu, 13 May 2021 12:16:44 GMT" ],
        "Server": [ "Microsoft-HTTPAPI/2.0" ]
      },
      "ContentHeaders": {
        "Content-Length": [ "345" ],
        "Content-Type": [ "application/json; charset=utf-8" ],
        "Expires": [ "-1" ]
      },
      "Content": "{\"id\":\"/subscriptions/11d5f159-a21d-4a6c-8053-c3aae30057cf/providers/Microsoft.Kusto/locations/East US/operationresults/12bf992b-8874-4f39-a50a-7b3da14004ca\",\"name\":\"12bf992b-8874-4f39-a50a-7b3da14004ca\",\"status\":\"Running\",\"startTime\":\"2021-05-13T12:13:10.1820893Z\",\"endTime\":\"2021-05-13T12:13:10.1820893Z\",\"percentComplete\":0.5,\"properties\":{}}",
      "isContentBase64": false
    }
  },
  "[NoDescription]+[NoContext]+DiagnoseViaIdentity+$GET+https://management.azure.com/subscriptions/11d5f159-a21d-4a6c-8053-c3aae30057cf/providers/Microsoft.Kusto/locations/East US/operationResults/12bf992b-8874-4f39-a50a-7b3da14004ca?api-version=2021-01-01+10": {
    "Request": {
      "Method": "GET",
      "RequestUri": "https://management.azure.com/subscriptions/11d5f159-a21d-4a6c-8053-c3aae30057cf/providers/Microsoft.Kusto/locations/East%20US/operationResults/12bf992b-8874-4f39-a50a-7b3da14004ca?api-version=2021-01-01",
      "Content": null,
      "isContentBase64": false,
      "Headers": {
        "Authorization": [ "[Filtered]" ],
        "x-ms-unique-id": [ "91" ],
        "x-ms-client-request-id": [ "ce75aa61-7fd5-4ab7-959a-7b22b5298ac1" ],
        "CommandName": [ "Invoke-AzKustoDiagnoseClusterVirtualNetwork" ],
        "FullCommandName": [ "Invoke-AzKustoDiagnoseClusterVirtualNetwork_DiagnoseViaIdentity" ],
        "ParameterSetName": [ "__AllParameterSets" ],
        "User-Agent": [ "AzurePowershell/Az4.0.0-preview" ]
      },
      "ContentHeaders": {
      }
    },
    "Response": {
      "StatusCode": 200,
      "Headers": {
        "Pragma": [ "no-cache" ],
        "x-ms-request-id": [ "e5a86b2d-cf4e-4532-bc37-9e19440f8c55" ],
        "x-ms-ratelimit-remaining-subscription-resource-requests": [ "284" ],
        "x-ms-correlation-request-id": [ "8a4457d0-c729-4bbf-b413-5ca4afb4cce2" ],
        "x-ms-routing-request-id": [ "FRANCESOUTH:20210513T121714Z:8a4457d0-c729-4bbf-b413-5ca4afb4cce2" ],
        "Strict-Transport-Security": [ "max-age=31536000; includeSubDomains" ],
        "X-Content-Type-Options": [ "nosniff" ],
        "Cache-Control": [ "no-cache" ],
        "Date": [ "Thu, 13 May 2021 12:17:14 GMT" ],
        "Server": [ "Microsoft-HTTPAPI/2.0" ]
      },
      "ContentHeaders": {
        "Content-Length": [ "345" ],
        "Content-Type": [ "application/json; charset=utf-8" ],
        "Expires": [ "-1" ]
      },
      "Content": "{\"id\":\"/subscriptions/11d5f159-a21d-4a6c-8053-c3aae30057cf/providers/Microsoft.Kusto/locations/East US/operationresults/12bf992b-8874-4f39-a50a-7b3da14004ca\",\"name\":\"12bf992b-8874-4f39-a50a-7b3da14004ca\",\"status\":\"Running\",\"startTime\":\"2021-05-13T12:13:10.1820893Z\",\"endTime\":\"2021-05-13T12:13:10.1820893Z\",\"percentComplete\":0.5,\"properties\":{}}",
      "isContentBase64": false
    }
  },
  "[NoDescription]+[NoContext]+DiagnoseViaIdentity+$GET+https://management.azure.com/subscriptions/11d5f159-a21d-4a6c-8053-c3aae30057cf/providers/Microsoft.Kusto/locations/East US/operationResults/12bf992b-8874-4f39-a50a-7b3da14004ca?api-version=2021-01-01+11": {
    "Request": {
      "Method": "GET",
      "RequestUri": "https://management.azure.com/subscriptions/11d5f159-a21d-4a6c-8053-c3aae30057cf/providers/Microsoft.Kusto/locations/East%20US/operationResults/12bf992b-8874-4f39-a50a-7b3da14004ca?api-version=2021-01-01",
      "Content": null,
      "isContentBase64": false,
      "Headers": {
        "Authorization": [ "[Filtered]" ],
        "x-ms-unique-id": [ "92" ],
        "x-ms-client-request-id": [ "ce75aa61-7fd5-4ab7-959a-7b22b5298ac1" ],
        "CommandName": [ "Invoke-AzKustoDiagnoseClusterVirtualNetwork" ],
        "FullCommandName": [ "Invoke-AzKustoDiagnoseClusterVirtualNetwork_DiagnoseViaIdentity" ],
        "ParameterSetName": [ "__AllParameterSets" ],
        "User-Agent": [ "AzurePowershell/Az4.0.0-preview" ]
      },
      "ContentHeaders": {
      }
    },
    "Response": {
      "StatusCode": 200,
      "Headers": {
        "Pragma": [ "no-cache" ],
        "x-ms-request-id": [ "3c11b878-56bd-4320-8c80-33ee7e239ceb" ],
        "x-ms-ratelimit-remaining-subscription-resource-requests": [ "283" ],
        "x-ms-correlation-request-id": [ "78c43347-1f80-4695-b9d0-533d81127c0a" ],
        "x-ms-routing-request-id": [ "FRANCESOUTH:20210513T121745Z:78c43347-1f80-4695-b9d0-533d81127c0a" ],
        "Strict-Transport-Security": [ "max-age=31536000; includeSubDomains" ],
        "X-Content-Type-Options": [ "nosniff" ],
        "Cache-Control": [ "no-cache" ],
        "Date": [ "Thu, 13 May 2021 12:17:44 GMT" ],
        "Server": [ "Microsoft-HTTPAPI/2.0" ]
      },
      "ContentHeaders": {
        "Content-Length": [ "345" ],
        "Content-Type": [ "application/json; charset=utf-8" ],
        "Expires": [ "-1" ]
      },
      "Content": "{\"id\":\"/subscriptions/11d5f159-a21d-4a6c-8053-c3aae30057cf/providers/Microsoft.Kusto/locations/East US/operationresults/12bf992b-8874-4f39-a50a-7b3da14004ca\",\"name\":\"12bf992b-8874-4f39-a50a-7b3da14004ca\",\"status\":\"Running\",\"startTime\":\"2021-05-13T12:13:10.1820893Z\",\"endTime\":\"2021-05-13T12:13:10.1820893Z\",\"percentComplete\":0.5,\"properties\":{}}",
      "isContentBase64": false
    }
  },
  "[NoDescription]+[NoContext]+DiagnoseViaIdentity+$GET+https://management.azure.com/subscriptions/11d5f159-a21d-4a6c-8053-c3aae30057cf/providers/Microsoft.Kusto/locations/East US/operationResults/12bf992b-8874-4f39-a50a-7b3da14004ca?api-version=2021-01-01+12": {
    "Request": {
      "Method": "GET",
      "RequestUri": "https://management.azure.com/subscriptions/11d5f159-a21d-4a6c-8053-c3aae30057cf/providers/Microsoft.Kusto/locations/East%20US/operationResults/12bf992b-8874-4f39-a50a-7b3da14004ca?api-version=2021-01-01",
      "Content": null,
      "isContentBase64": false,
      "Headers": {
        "Authorization": [ "[Filtered]" ],
        "x-ms-unique-id": [ "93" ],
        "x-ms-client-request-id": [ "ce75aa61-7fd5-4ab7-959a-7b22b5298ac1" ],
        "CommandName": [ "Invoke-AzKustoDiagnoseClusterVirtualNetwork" ],
        "FullCommandName": [ "Invoke-AzKustoDiagnoseClusterVirtualNetwork_DiagnoseViaIdentity" ],
        "ParameterSetName": [ "__AllParameterSets" ],
        "User-Agent": [ "AzurePowershell/Az4.0.0-preview" ]
      },
      "ContentHeaders": {
      }
    },
    "Response": {
      "StatusCode": 200,
      "Headers": {
        "Pragma": [ "no-cache" ],
        "x-ms-request-id": [ "c492fe99-5a74-48df-9131-9a47a5652039" ],
        "x-ms-ratelimit-remaining-subscription-resource-requests": [ "282" ],
        "x-ms-correlation-request-id": [ "c3fa39b2-64d4-4ead-9bb6-76c055d5710d" ],
        "x-ms-routing-request-id": [ "FRANCESOUTH:20210513T121815Z:c3fa39b2-64d4-4ead-9bb6-76c055d5710d" ],
        "Strict-Transport-Security": [ "max-age=31536000; includeSubDomains" ],
        "X-Content-Type-Options": [ "nosniff" ],
        "Cache-Control": [ "no-cache" ],
        "Date": [ "Thu, 13 May 2021 12:18:14 GMT" ],
        "Server": [ "Microsoft-HTTPAPI/2.0" ]
      },
      "ContentHeaders": {
        "Content-Length": [ "360" ],
        "Content-Type": [ "application/json; charset=utf-8" ],
        "Expires": [ "-1" ]
      },
      "Content": "{\"id\":\"/subscriptions/11d5f159-a21d-4a6c-8053-c3aae30057cf/providers/Microsoft.Kusto/locations/East US/operationresults/12bf992b-8874-4f39-a50a-7b3da14004ca\",\"name\":\"12bf992b-8874-4f39-a50a-7b3da14004ca\",\"status\":\"Succeeded\",\"startTime\":\"2021-05-13T12:13:10.1820893Z\",\"endTime\":\"2021-05-13T12:18:11.4967088Z\",\"percentComplete\":1.0,\"properties\":{\"Findings\":[]}}",
      "isContentBase64": false
    }
  },
  "[NoDescription]+[NoContext]+DiagnoseViaIdentity+$GET+https://management.azure.com/subscriptions/11d5f159-a21d-4a6c-8053-c3aae30057cf/providers/Microsoft.Kusto/locations/East US/operationResults/12bf992b-8874-4f39-a50a-7b3da14004ca?api-version=2021-01-01\u0026operationResultResponseType=Location+13": {
    "Request": {
      "Method": "GET",
      "RequestUri": "https://management.azure.com/subscriptions/11d5f159-a21d-4a6c-8053-c3aae30057cf/providers/Microsoft.Kusto/locations/East%20US/operationResults/12bf992b-8874-4f39-a50a-7b3da14004ca?api-version=2021-01-01\u0026operationResultResponseType=Location",
      "Content": null,
      "isContentBase64": false,
      "Headers": {
        "Authorization": [ "[Filtered]" ],
        "x-ms-unique-id": [ "94" ],
        "x-ms-client-request-id": [ "ce75aa61-7fd5-4ab7-959a-7b22b5298ac1" ],
        "CommandName": [ "Invoke-AzKustoDiagnoseClusterVirtualNetwork" ],
        "FullCommandName": [ "Invoke-AzKustoDiagnoseClusterVirtualNetwork_DiagnoseViaIdentity" ],
        "ParameterSetName": [ "__AllParameterSets" ],
        "User-Agent": [ "AzurePowershell/Az4.0.0-preview" ]
      },
      "ContentHeaders": {
      }
    },
    "Response": {
      "StatusCode": 200,
      "Headers": {
        "Pragma": [ "no-cache" ],
        "x-ms-request-id": [ "c33fbf7f-d8dd-4c1f-9893-f406d4892c1a" ],
        "x-ms-ratelimit-remaining-subscription-resource-requests": [ "281" ],
        "x-ms-correlation-request-id": [ "5a3fbd86-38f2-4457-9dee-64242b1dfd94" ],
        "x-ms-routing-request-id": [ "FRANCESOUTH:20210513T121816Z:5a3fbd86-38f2-4457-9dee-64242b1dfd94" ],
        "Strict-Transport-Security": [ "max-age=31536000; includeSubDomains" ],
        "X-Content-Type-Options": [ "nosniff" ],
        "Cache-Control": [ "no-cache" ],
        "Date": [ "Thu, 13 May 2021 12:18:15 GMT" ],
        "Server": [ "Microsoft-HTTPAPI/2.0" ]
      },
      "ContentHeaders": {
        "Content-Length": [ "15" ],
        "Content-Type": [ "application/json; charset=utf-8" ],
        "Expires": [ "-1" ]
      },
      "Content": "{\"Findings\":[]}",
      "isContentBase64": false
    }
  }
}