{
  "New-AzKustoDatabasePrincipalAssignment+[NoContext]+CreateExpanded+$PUT+https://management.azure.com/subscriptions/11d5f159-a21d-4a6c-8053-c3aae30057cf/resourceGroups/testgroupkqvp2f/providers/Microsoft.Kusto/Clusters/testclusterkqvp2f/Databases/testdatabasekqvp2f/PrincipalAssignments/principalassignment1?api-version=2021-01-01+1": {
    "Request": {
      "Method": "PUT",
      "RequestUri": "https://management.azure.com/subscriptions/11d5f159-a21d-4a6c-8053-c3aae30057cf/resourceGroups/testgroupkqvp2f/providers/Microsoft.Kusto/Clusters/testclusterkqvp2f/Databases/testdatabasekqvp2f/PrincipalAssignments/principalassignment1?api-version=2021-01-01",
      "Content": "{\r\n  \"properties\": {\r\n    \"principalId\": \"e60fe5c8-d6a5-4dee-b382-fb4502588dd0\",\r\n    \"principalType\": \"App\",\r\n    \"role\": \"Viewer\"\r\n  }\r\n}",
      "Headers": {
      },
      "ContentHeaders": {
        "Content-Type": [ "application/json" ],
        "Content-Length": [ "139" ]
      }
    },
    "Response": {
      "StatusCode": 201,
      "Headers": {
        "Cache-Control": [ "no-cache" ],
        "Pragma": [ "no-cache" ],
        "ETag": [ "\"\"" ],
        "x-ms-request-id": [ "b087eea5-8a82-44b6-8bf7-d66b1b420ac2" ],
        "Azure-AsyncOperation": [ "https://management.azure.com/subscriptions/11d5f159-a21d-4a6c-8053-c3aae30057cf/providers/Microsoft.Kusto/locations/East US/operationResults/5564045c-48e2-41d5-910c-ca7bdbb33100?api-version=2021-01-01" ],
        "Server": [ "Microsoft-HTTPAPI/2.0" ],
        "x-ms-ratelimit-remaining-subscription-resource-requests": [ "199" ],
        "x-ms-correlation-request-id": [ "3b766fd3-34c6-464a-9a5f-6c0abb8e91e3" ],
        "x-ms-routing-request-id": [ "UAECENTRAL:20210509T104257Z:3b766fd3-34c6-464a-9a5f-6c0abb8e91e3" ],
        "Strict-Transport-Security": [ "max-age=31536000; includeSubDomains" ],
        "X-Content-Type-Options": [ "nosniff" ],
        "Date": [ "Sun, 09 May 2021 10:42:56 GMT" ]
      },
      "ContentHeaders": {
        "Content-Length": [ "498" ],
        "Content-Type": [ "application/json; charset=utf-8" ],
        "Expires": [ "-1" ]
      },
      "Content": "{\"id\":\"/subscriptions/11d5f159-a21d-4a6c-8053-c3aae30057cf/resourceGroups/testgroupkqvp2f/providers/Microsoft.Kusto/Clusters/testclusterkqvp2f/Databases/testdatabasekqvp2f/PrincipalAssignments/principalassignment1\",\"name\":\"testclusterkqvp2f/testdatabasekqvp2f/principalassignment1\",\"type\":\"Microsoft.Kusto/Clusters/Databases/PrincipalAssignments\",\"etag\":\"\\\"\\\"\",\"properties\":{\"principalId\":\"e60fe5c8-d6a5-4dee-b382-fb4502588dd0\",\"principalType\":\"App\",\"role\":\"Viewer\",\"provisioningState\":\"Creating\"}}"
    }
  },
  "New-AzKustoDatabasePrincipalAssignment+[NoContext]+CreateExpanded+$GET+https://management.azure.com/subscriptions/11d5f159-a21d-4a6c-8053-c3aae30057cf/providers/Microsoft.Kusto/locations/East US/operationResults/5564045c-48e2-41d5-910c-ca7bdbb33100?api-version=2021-01-01+2": {
    "Request": {
      "Method": "GET",
      "RequestUri": "https://management.azure.com/subscriptions/11d5f159-a21d-4a6c-8053-c3aae30057cf/providers/Microsoft.Kusto/locations/East%20US/operationResults/5564045c-48e2-41d5-910c-ca7bdbb33100?api-version=2021-01-01",
      "Content": null,
      "Headers": {
        "x-ms-unique-id": [ "298", "299" ],
        "x-ms-client-request-id": [ "1197bee4-c91a-471a-a4d4-f90b4278d877", "1197bee4-c91a-471a-a4d4-f90b4278d877" ],
        "CommandName": [ "New-AzKustoDatabasePrincipalAssignment", "New-AzKustoDatabasePrincipalAssignment" ],
        "FullCommandName": [ "New-AzKustoDatabasePrincipalAssignment_CreateExpanded", "New-AzKustoDatabasePrincipalAssignment_CreateExpanded" ],
        "ParameterSetName": [ "__AllParameterSets", "__AllParameterSets" ],
        "User-Agent": [ "AzurePowershell/Az4.0.0-preview", "AzurePowershell/Az4.0.0-preview" ],
        "Authorization": [ "[Filtered]" ]
      },
      "ContentHeaders": {
      }
    },
    "Response": {
      "StatusCode": 200,
      "Headers": {
        "Cache-Control": [ "no-cache" ],
        "Pragma": [ "no-cache" ],
        "x-ms-request-id": [ "c897df15-0ab1-4bcc-a89e-1089f128e570" ],
        "x-ms-ratelimit-remaining-subscription-resource-requests": [ "280" ],
        "Server": [ "Microsoft-HTTPAPI/2.0" ],
        "x-ms-correlation-request-id": [ "0126cff8-b7c6-48b0-8a2a-c21357e77459" ],
        "x-ms-routing-request-id": [ "UAECENTRAL:20210509T104327Z:0126cff8-b7c6-48b0-8a2a-c21357e77459" ],
        "Strict-Transport-Security": [ "max-age=31536000; includeSubDomains" ],
        "X-Content-Type-Options": [ "nosniff" ],
        "Date": [ "Sun, 09 May 2021 10:43:27 GMT" ]
      },
      "ContentHeaders": {
        "Content-Length": [ "503" ],
        "Content-Type": [ "application/json; charset=utf-8" ],
        "Expires": [ "-1" ]
      },
      "Content": "{\"id\":\"/subscriptions/11d5f159-a21d-4a6c-8053-c3aae30057cf/providers/Microsoft.Kusto/locations/East US/operationresults/5564045c-48e2-41d5-910c-ca7bdbb33100\",\"name\":\"5564045c-48e2-41d5-910c-ca7bdbb33100\",\"status\":\"Succeeded\",\"startTime\":\"2021-05-09T10:42:56.8585798Z\",\"endTime\":\"2021-05-09T10:42:57.0148335Z\",\"percentComplete\":1.0,\"properties\":{\"OperationKind\":\"DatabaseAddPrincipals\",\"RootActivityId\":\"ab505970-298f-419f-baaa-e75619133b87\",\"provisioningState\":\"Succeeded\",\"OperationState\":\"Completed\"}}"
    }
  },
  "New-AzKustoDatabasePrincipalAssignment+[NoContext]+CreateExpanded+$GET+https://management.azure.com/subscriptions/11d5f159-a21d-4a6c-8053-c3aae30057cf/resourceGroups/testgroupkqvp2f/providers/Microsoft.Kusto/Clusters/testclusterkqvp2f/Databases/testdatabasekqvp2f/PrincipalAssignments/principalassignment1?api-version=2021-01-01+3": {
    "Request": {
      "Method": "GET",
      "RequestUri": "https://management.azure.com/subscriptions/11d5f159-a21d-4a6c-8053-c3aae30057cf/resourceGroups/testgroupkqvp2f/providers/Microsoft.Kusto/Clusters/testclusterkqvp2f/Databases/testdatabasekqvp2f/PrincipalAssignments/principalassignment1?api-version=2021-01-01",
      "Content": null,
      "Headers": {
        "x-ms-unique-id": [ "298", "299", "300" ],
        "x-ms-client-request-id": [ "1197bee4-c91a-471a-a4d4-f90b4278d877", "1197bee4-c91a-471a-a4d4-f90b4278d877", "1197bee4-c91a-471a-a4d4-f90b4278d877" ],
        "CommandName": [ "New-AzKustoDatabasePrincipalAssignment", "New-AzKustoDatabasePrincipalAssignment", "New-AzKustoDatabasePrincipalAssignment" ],
        "FullCommandName": [ "New-AzKustoDatabasePrincipalAssignment_CreateExpanded", "New-AzKustoDatabasePrincipalAssignment_CreateExpanded", "New-AzKustoDatabasePrincipalAssignment_CreateExpanded" ],
        "ParameterSetName": [ "__AllParameterSets", "__AllParameterSets", "__AllParameterSets" ],
        "User-Agent": [ "AzurePowershell/Az4.0.0-preview", "AzurePowershell/Az4.0.0-preview", "AzurePowershell/Az4.0.0-preview" ],
        "Authorization": [ "[Filtered]" ]
      },
      "ContentHeaders": {
      }
    },
    "Response": {
      "StatusCode": 200,
      "Headers": {
        "Cache-Control": [ "no-cache" ],
        "Pragma": [ "no-cache" ],
        "ETag": [ "\"\"" ],
        "x-ms-request-id": [ "07f237cc-ba99-452d-9354-a89c120afad6" ],
        "Server": [ "Microsoft-HTTPAPI/2.0" ],
        "x-ms-ratelimit-remaining-subscription-resource-requests": [ "299" ],
        "x-ms-correlation-request-id": [ "432aefd1-3f79-4563-90de-2b50c12c2f42" ],
        "x-ms-routing-request-id": [ "UAECENTRAL:20210509T104328Z:432aefd1-3f79-4563-90de-2b50c12c2f42" ],
        "Strict-Transport-Security": [ "max-age=31536000; includeSubDomains" ],
        "X-Content-Type-Options": [ "nosniff" ],
        "Date": [ "Sun, 09 May 2021 10:43:28 GMT" ]
      },
      "ContentHeaders": {
        "Content-Length": [ "616" ],
        "Content-Type": [ "application/json; charset=utf-8" ],
        "Expires": [ "-1" ]
      },
      "Content": "{\"id\":\"/subscriptions/11d5f159-a21d-4a6c-8053-c3aae30057cf/resourceGroups/testgroupkqvp2f/providers/Microsoft.Kusto/Clusters/testclusterkqvp2f/Databases/testdatabasekqvp2f/PrincipalAssignments/principalassignment1\",\"name\":\"testclusterkqvp2f/testdatabasekqvp2f/principalassignment1\",\"type\":\"Microsoft.Kusto/Clusters/Databases/PrincipalAssignments\",\"etag\":\"\\\"\\\"\",\"tags\":{},\"properties\":{\"principalId\":\"e60fe5c8-d6a5-4dee-b382-fb4502588dd0\",\"role\":\"Viewer\",\"principalType\":\"App\",\"tenantId\":\"72f988bf-86f1-41af-91ab-2d7cd011db47\",\"tenantName\":\"Microsoft\",\"principalName\":\"lugoldbekusto\",\"provisioningState\":\"Succeeded\"}}"
    }
  },
  "New-AzKustoDatabasePrincipalAssignment+[NoContext]+CreateExpanded+$DELETE+https://management.azure.com/subscriptions/11d5f159-a21d-4a6c-8053-c3aae30057cf/resourceGroups/testgroupkqvp2f/providers/Microsoft.Kusto/Clusters/testclusterkqvp2f/Databases/testdatabasekqvp2f/PrincipalAssignments/principalassignment1?api-version=2021-01-01+4": {
    "Request": {
      "Method": "DELETE",
      "RequestUri": "https://management.azure.com/subscriptions/11d5f159-a21d-4a6c-8053-c3aae30057cf/resourceGroups/testgroupkqvp2f/providers/Microsoft.Kusto/Clusters/testclusterkqvp2f/Databases/testdatabasekqvp2f/PrincipalAssignments/principalassignment1?api-version=2021-01-01",
      "Content": null,
      "Headers": {
        "x-ms-unique-id": [ "301" ],
        "x-ms-client-request-id": [ "17986229-a5a3-4b7b-b108-4d8ea9acd572" ],
        "CommandName": [ "Remove-AzKustoDatabasePrincipalAssignment" ],
        "FullCommandName": [ "Remove-AzKustoDatabasePrincipalAssignment_Delete" ],
        "ParameterSetName": [ "__AllParameterSets" ],
        "User-Agent": [ "AzurePowershell/Az4.0.0-preview" ],
        "Authorization": [ "[Filtered]" ]
      },
      "ContentHeaders": {
      }
    },
    "Response": {
      "StatusCode": 202,
      "Headers": {
        "Cache-Control": [ "no-cache" ],
        "Pragma": [ "no-cache" ],
        "Location": [ "https://management.azure.com/subscriptions/11d5f159-a21d-4a6c-8053-c3aae30057cf/providers/Microsoft.Kusto/locations/East%20US/operationResults/5b78e286-0e5e-43b9-80cf-9af8d8f23a52?api-version=2021-01-01\u0026operationResultResponseType=Location" ],
        "Azure-AsyncOperation": [ "https://management.azure.com/subscriptions/11d5f159-a21d-4a6c-8053-c3aae30057cf/providers/Microsoft.Kusto/locations/East US/operationResults/5b78e286-0e5e-43b9-80cf-9af8d8f23a52?api-version=2021-01-01" ],
        "Server": [ "Microsoft-HTTPAPI/2.0" ],
        "x-ms-ratelimit-remaining-subscription-deletes": [ "14994" ],
        "x-ms-request-id": [ "e44a04c4-acff-4a20-bb82-5d45be72d5b8" ],
        "x-ms-correlation-request-id": [ "e44a04c4-acff-4a20-bb82-5d45be72d5b8" ],
        "x-ms-routing-request-id": [ "UAECENTRAL:20210509T104329Z:e44a04c4-acff-4a20-bb82-5d45be72d5b8" ],
        "Strict-Transport-Security": [ "max-age=31536000; includeSubDomains" ],
        "X-Content-Type-Options": [ "nosniff" ],
        "Date": [ "Sun, 09 May 2021 10:43:29 GMT" ]
      },
      "ContentHeaders": {
        "Expires": [ "-1" ],
        "Content-Length": [ "0" ]
      },
      "Content": null
    }
  },
  "New-AzKustoDatabasePrincipalAssignment+[NoContext]+CreateExpanded+$GET+https://management.azure.com/subscriptions/11d5f159-a21d-4a6c-8053-c3aae30057cf/providers/Microsoft.Kusto/locations/East US/operationResults/5b78e286-0e5e-43b9-80cf-9af8d8f23a52?api-version=2021-01-01+5": {
    "Request": {
      "Method": "GET",
      "RequestUri": "https://management.azure.com/subscriptions/11d5f159-a21d-4a6c-8053-c3aae30057cf/providers/Microsoft.Kusto/locations/East%20US/operationResults/5b78e286-0e5e-43b9-80cf-9af8d8f23a52?api-version=2021-01-01",
      "Content": null,
      "Headers": {
        "x-ms-unique-id": [ "301", "302" ],
        "x-ms-client-request-id": [ "17986229-a5a3-4b7b-b108-4d8ea9acd572", "17986229-a5a3-4b7b-b108-4d8ea9acd572" ],
        "CommandName": [ "Remove-AzKustoDatabasePrincipalAssignment", "Remove-AzKustoDatabasePrincipalAssignment" ],
        "FullCommandName": [ "Remove-AzKustoDatabasePrincipalAssignment_Delete", "Remove-AzKustoDatabasePrincipalAssignment_Delete" ],
        "ParameterSetName": [ "__AllParameterSets", "__AllParameterSets" ],
        "User-Agent": [ "AzurePowershell/Az4.0.0-preview", "AzurePowershell/Az4.0.0-preview" ],
        "Authorization": [ "[Filtered]" ]
      },
      "ContentHeaders": {
      }
    },
    "Response": {
      "StatusCode": 200,
      "Headers": {
        "Cache-Control": [ "no-cache" ],
        "Pragma": [ "no-cache" ],
        "x-ms-request-id": [ "a39612db-c4bb-4ce5-b66b-0a3fd4a13cdf" ],
        "Server": [ "Microsoft-HTTPAPI/2.0" ],
        "x-ms-ratelimit-remaining-subscription-resource-requests": [ "279" ],
        "x-ms-correlation-request-id": [ "04189a17-563b-454f-bd3e-0cb1b6cfece2" ],
        "x-ms-routing-request-id": [ "UAECENTRAL:20210509T104400Z:04189a17-563b-454f-bd3e-0cb1b6cfece2" ],
        "Strict-Transport-Security": [ "max-age=31536000; includeSubDomains" ],
        "X-Content-Type-Options": [ "nosniff" ],
        "Date": [ "Sun, 09 May 2021 10:43:59 GMT" ]
      },
      "ContentHeaders": {
        "Content-Length": [ "503" ],
        "Content-Type": [ "application/json; charset=utf-8" ],
        "Expires": [ "-1" ]
      },
      "Content": "{\"id\":\"/subscriptions/11d5f159-a21d-4a6c-8053-c3aae30057cf/providers/Microsoft.Kusto/locations/East US/operationresults/5b78e286-0e5e-43b9-80cf-9af8d8f23a52\",\"name\":\"5b78e286-0e5e-43b9-80cf-9af8d8f23a52\",\"status\":\"Succeeded\",\"startTime\":\"2021-05-09T10:43:29.8187279Z\",\"endTime\":\"2021-05-09T10:43:29.912476Z\",\"percentComplete\":1.0,\"properties\":{\"OperationKind\":\"DatabaseDropPrincipals\",\"RootActivityId\":\"29f5af81-7fa8-459b-8bc8-3d883603210d\",\"provisioningState\":\"Succeeded\",\"OperationState\":\"Completed\"}}"
    }
  },
  "New-AzKustoDatabasePrincipalAssignment+[NoContext]+CreateExpanded+$GET+https://management.azure.com/subscriptions/11d5f159-a21d-4a6c-8053-c3aae30057cf/providers/Microsoft.Kusto/locations/East US/operationResults/5b78e286-0e5e-43b9-80cf-9af8d8f23a52?api-version=2021-01-01\u0026operationResultResponseType=Location+6": {
    "Request": {
      "Method": "GET",
      "RequestUri": "https://management.azure.com/subscriptions/11d5f159-a21d-4a6c-8053-c3aae30057cf/providers/Microsoft.Kusto/locations/East%20US/operationResults/5b78e286-0e5e-43b9-80cf-9af8d8f23a52?api-version=2021-01-01\u0026operationResultResponseType=Location",
      "Content": null,
      "Headers": {
        "x-ms-unique-id": [ "301", "302", "303" ],
        "x-ms-client-request-id": [ "17986229-a5a3-4b7b-b108-4d8ea9acd572", "17986229-a5a3-4b7b-b108-4d8ea9acd572", "17986229-a5a3-4b7b-b108-4d8ea9acd572" ],
        "CommandName": [ "Remove-AzKustoDatabasePrincipalAssignment", "Remove-AzKustoDatabasePrincipalAssignment", "Remove-AzKustoDatabasePrincipalAssignment" ],
        "FullCommandName": [ "Remove-AzKustoDatabasePrincipalAssignment_Delete", "Remove-AzKustoDatabasePrincipalAssignment_Delete", "Remove-AzKustoDatabasePrincipalAssignment_Delete" ],
        "ParameterSetName": [ "__AllParameterSets", "__AllParameterSets", "__AllParameterSets" ],
        "User-Agent": [ "AzurePowershell/Az4.0.0-preview", "AzurePowershell/Az4.0.0-preview", "AzurePowershell/Az4.0.0-preview" ],
        "Authorization": [ "[Filtered]" ]
      },
      "ContentHeaders": {
      }
    },
    "Response": {
      "StatusCode": 200,
      "Headers": {
        "Cache-Control": [ "no-cache" ],
        "Pragma": [ "no-cache" ],
        "x-ms-request-id": [ "c74125c0-0e96-409a-9577-7cc8e8b94de9" ],
        "Server": [ "Microsoft-HTTPAPI/2.0" ],
        "x-ms-ratelimit-remaining-subscription-resource-requests": [ "278" ],
        "x-ms-correlation-request-id": [ "4cc97f2c-e0b5-43e2-b2b6-a4c039a4388a" ],
        "x-ms-routing-request-id": [ "UAECENTRAL:20210509T104400Z:4cc97f2c-e0b5-43e2-b2b6-a4c039a4388a" ],
        "Strict-Transport-Security": [ "max-age=31536000; includeSubDomains" ],
        "X-Content-Type-Options": [ "nosniff" ],
        "Date": [ "Sun, 09 May 2021 10:44:00 GMT" ]
      },
      "ContentHeaders": {
        "Expires": [ "-1" ],
        "Content-Length": [ "0" ]
      },
      "Content": null
    }
  }
}