{
  "Remove-AzKustoDatabasePrincipalAssignment+[NoContext]+Delete+$PUT+https://management.azure.com/subscriptions/11d5f159-a21d-4a6c-8053-c3aae30057cf/resourceGroups/testgrouppb8oay/providers/Microsoft.Kusto/Clusters/testclusterpb8oay/Databases/testdatabasepb8oay/PrincipalAssignments/principalassignment1?api-version=2020-02-15+1": {
    "Request": {
      "Method": "PUT",
      "RequestUri": "https://management.azure.com/subscriptions/11d5f159-a21d-4a6c-8053-c3aae30057cf/resourceGroups/testgrouppb8oay/providers/Microsoft.Kusto/Clusters/testclusterpb8oay/Databases/testdatabasepb8oay/PrincipalAssignments/principalassignment1?api-version=2020-02-15",
      "Content": "{\r\n  \"properties\": {\r\n    \"principalId\": \"e60fe5c8-d6a5-4dee-b382-fb4502588dd0\",\r\n    \"principalType\": \"App\",\r\n    \"role\": \"Viewer\"\r\n  }\r\n}",
      "Headers": {
      },
      "ContentHeaders": {
        "Content-Type": [ "application/json" ],
        "Content-Length": [ "139" ]
      }
    },
    "Response": {
      "StatusCode": 201,
      "Headers": {
        "Cache-Control": [ "no-cache" ],
        "Pragma": [ "no-cache" ],
        "ETag": [ "\"\"" ],
        "x-ms-request-id": [ "0b48b74f-2cac-4564-acad-e56a809dd5b6" ],
        "Azure-AsyncOperation": [ "https://management.azure.com/subscriptions/11d5f159-a21d-4a6c-8053-c3aae30057cf/providers/Microsoft.Kusto/locations/East US/operationResults/9f335562-504e-4798-8e25-9998a8ef0960?api-version=2020-02-15" ],
        "Set-Cookie": [ "ARRAffinity=45a681946f8516d6f247ca52dbd9b9d9dd03f3201a06a51d7228783348bb956f;Path=/;HttpOnly;Domain=rp-kustorpeus-website.azurewebsites.net" ],
        "X-Powered-By": [ "ASP.NET" ],
        "x-ms-ratelimit-remaining-subscription-resource-requests": [ "198" ],
        "x-ms-correlation-request-id": [ "9596c6b8-b632-48ff-a2ee-76beac5ba3b6" ],
        "x-ms-routing-request-id": [ "UKSOUTH:20200507T130059Z:9596c6b8-b632-48ff-a2ee-76beac5ba3b6" ],
        "Strict-Transport-Security": [ "max-age=31536000; includeSubDomains" ],
        "X-Content-Type-Options": [ "nosniff" ],
        "Date": [ "Thu, 07 May 2020 13:00:58 GMT" ]
      },
      "ContentHeaders": {
        "Content-Length": [ "498" ],
        "Content-Type": [ "application/json; charset=utf-8" ],
        "Expires": [ "-1" ]
      },
      "Content": "{\"id\":\"/subscriptions/11d5f159-a21d-4a6c-8053-c3aae30057cf/resourceGroups/testgrouppb8oay/providers/Microsoft.Kusto/Clusters/testclusterpb8oay/Databases/testdatabasepb8oay/PrincipalAssignments/principalassignment1\",\"name\":\"testclusterpb8oay/testdatabasepb8oay/principalassignment1\",\"type\":\"Microsoft.Kusto/Clusters/Databases/PrincipalAssignments\",\"etag\":\"\\\"\\\"\",\"properties\":{\"principalId\":\"e60fe5c8-d6a5-4dee-b382-fb4502588dd0\",\"principalType\":\"App\",\"role\":\"Viewer\",\"provisioningState\":\"Creating\"}}"
    }
  },
  "Remove-AzKustoDatabasePrincipalAssignment+[NoContext]+Delete+$GET+https://management.azure.com/subscriptions/11d5f159-a21d-4a6c-8053-c3aae30057cf/providers/Microsoft.Kusto/locations/East US/operationResults/9f335562-504e-4798-8e25-9998a8ef0960?api-version=2020-02-15+2": {
    "Request": {
      "Method": "GET",
      "RequestUri": "https://management.azure.com/subscriptions/11d5f159-a21d-4a6c-8053-c3aae30057cf/providers/Microsoft.Kusto/locations/East%20US/operationResults/9f335562-504e-4798-8e25-9998a8ef0960?api-version=2020-02-15",
      "Content": null,
      "Headers": {
        "x-ms-unique-id": [ "438", "439" ],
        "x-ms-client-request-id": [ "fc8b3764-ca17-4695-a53e-917186b97f54", "fc8b3764-ca17-4695-a53e-917186b97f54" ],
        "CommandName": [ "New-AzKustoDatabasePrincipalAssignment", "New-AzKustoDatabasePrincipalAssignment" ],
        "FullCommandName": [ "New-AzKustoDatabasePrincipalAssignment_CreateExpanded", "New-AzKustoDatabasePrincipalAssignment_CreateExpanded" ],
        "ParameterSetName": [ "__AllParameterSets", "__AllParameterSets" ],
        "User-Agent": [ "AzurePowershell/Az4.0.0-preview", "AzurePowershell/Az4.0.0-preview" ],
        "Authorization": [ "[Filtered]" ]
      },
      "ContentHeaders": {
      }
    },
    "Response": {
      "StatusCode": 200,
      "Headers": {
        "Cache-Control": [ "no-cache" ],
        "Pragma": [ "no-cache" ],
        "Vary": [ "Accept-Encoding" ],
        "x-ms-ratelimit-remaining-subscription-resource-requests": [ "283" ],
        "x-ms-request-id": [ "67a71e8e-93fb-4265-9da1-930cf22901db" ],
        "Set-Cookie": [ "ARRAffinity=73188f00504f8544b9d429869eef32f3dcd5548d04365edd03c9732994baf421;Path=/;HttpOnly;Domain=rp-kustorpeus-website.azurewebsites.net" ],
        "X-Powered-By": [ "ASP.NET" ],
        "x-ms-correlation-request-id": [ "acec2945-cc1c-4514-8926-901eb3123b4d" ],
        "x-ms-routing-request-id": [ "UKSOUTH:20200507T130129Z:acec2945-cc1c-4514-8926-901eb3123b4d" ],
        "Strict-Transport-Security": [ "max-age=31536000; includeSubDomains" ],
        "X-Content-Type-Options": [ "nosniff" ],
        "Date": [ "Thu, 07 May 2020 13:01:29 GMT" ]
      },
      "ContentHeaders": {
        "Content-Length": [ "474" ],
        "Content-Type": [ "application/json; charset=utf-8" ],
        "Expires": [ "-1" ]
      },
      "Content": "{\"id\":\"/subscriptions/11d5f159-a21d-4a6c-8053-c3aae30057cf/providers/Microsoft.Kusto/locations/East US/operationresults/9f335562-504e-4798-8e25-9998a8ef0960\",\"name\":\"9f335562-504e-4798-8e25-9998a8ef0960\",\"status\":\"Succeeded\",\"startTime\":\"2020-05-07T13:00:59.4424062Z\",\"endTime\":\"2020-05-07T13:00:59.4892998Z\",\"percentComplete\":1.0,\"properties\":{\"OperationKind\":\"DatabaseAddPrincipals\",\"RootActivityId\":\"04a08e51-109b-4dcf-900c-4d16a65284c9\",\"provisioningState\":\"Succeeded\"}}"
    }
  },
  "Remove-AzKustoDatabasePrincipalAssignment+[NoContext]+Delete+$GET+https://management.azure.com/subscriptions/11d5f159-a21d-4a6c-8053-c3aae30057cf/resourceGroups/testgrouppb8oay/providers/Microsoft.Kusto/Clusters/testclusterpb8oay/Databases/testdatabasepb8oay/PrincipalAssignments/principalassignment1?api-version=2020-02-15+3": {
    "Request": {
      "Method": "GET",
      "RequestUri": "https://management.azure.com/subscriptions/11d5f159-a21d-4a6c-8053-c3aae30057cf/resourceGroups/testgrouppb8oay/providers/Microsoft.Kusto/Clusters/testclusterpb8oay/Databases/testdatabasepb8oay/PrincipalAssignments/principalassignment1?api-version=2020-02-15",
      "Content": null,
      "Headers": {
        "x-ms-unique-id": [ "438", "439", "440" ],
        "x-ms-client-request-id": [ "fc8b3764-ca17-4695-a53e-917186b97f54", "fc8b3764-ca17-4695-a53e-917186b97f54", "fc8b3764-ca17-4695-a53e-917186b97f54" ],
        "CommandName": [ "New-AzKustoDatabasePrincipalAssignment", "New-AzKustoDatabasePrincipalAssignment", "New-AzKustoDatabasePrincipalAssignment" ],
        "FullCommandName": [ "New-AzKustoDatabasePrincipalAssignment_CreateExpanded", "New-AzKustoDatabasePrincipalAssignment_CreateExpanded", "New-AzKustoDatabasePrincipalAssignment_CreateExpanded" ],
        "ParameterSetName": [ "__AllParameterSets", "__AllParameterSets", "__AllParameterSets" ],
        "User-Agent": [ "AzurePowershell/Az4.0.0-preview", "AzurePowershell/Az4.0.0-preview", "AzurePowershell/Az4.0.0-preview" ],
        "Authorization": [ "[Filtered]" ]
      },
      "ContentHeaders": {
      }
    },
    "Response": {
      "StatusCode": 200,
      "Headers": {
        "Cache-Control": [ "no-cache" ],
        "Pragma": [ "no-cache" ],
        "ETag": [ "\"\"" ],
        "Vary": [ "Accept-Encoding" ],
        "x-ms-ratelimit-remaining-subscription-resource-requests": [ "299" ],
        "x-ms-request-id": [ "5da0084d-53c8-46d5-bcb6-f162d2773070" ],
        "Set-Cookie": [ "ARRAffinity=c1f5052bc28b0bbf40575a6df2f4ded2368fd8ee0ff0267911659cdee815dfe0;Path=/;HttpOnly;Domain=rp-kustorpeus-website.azurewebsites.net" ],
        "X-Powered-By": [ "ASP.NET" ],
        "x-ms-correlation-request-id": [ "e4bf4517-45ce-4527-893f-1f0a7ea63d71" ],
        "x-ms-routing-request-id": [ "UKSOUTH:20200507T130130Z:e4bf4517-45ce-4527-893f-1f0a7ea63d71" ],
        "Strict-Transport-Security": [ "max-age=31536000; includeSubDomains" ],
        "X-Content-Type-Options": [ "nosniff" ],
        "Date": [ "Thu, 07 May 2020 13:01:30 GMT" ]
      },
      "ContentHeaders": {
        "Content-Length": [ "616" ],
        "Content-Type": [ "application/json; charset=utf-8" ],
        "Expires": [ "-1" ]
      },
      "Content": "{\"id\":\"/subscriptions/11d5f159-a21d-4a6c-8053-c3aae30057cf/resourceGroups/testgrouppb8oay/providers/Microsoft.Kusto/Clusters/testclusterpb8oay/Databases/testdatabasepb8oay/PrincipalAssignments/principalassignment1\",\"name\":\"testclusterpb8oay/testdatabasepb8oay/principalassignment1\",\"type\":\"Microsoft.Kusto/Clusters/Databases/PrincipalAssignments\",\"etag\":\"\\\"\\\"\",\"tags\":{},\"properties\":{\"principalId\":\"e60fe5c8-d6a5-4dee-b382-fb4502588dd0\",\"role\":\"Viewer\",\"principalType\":\"App\",\"tenantId\":\"72f988bf-86f1-41af-91ab-2d7cd011db47\",\"tenantName\":\"Microsoft\",\"principalName\":\"lugoldbekusto\",\"provisioningState\":\"Succeeded\"}}"
    }
  },
  "Remove-AzKustoDatabasePrincipalAssignment+[NoContext]+Delete+$DELETE+https://management.azure.com/subscriptions/11d5f159-a21d-4a6c-8053-c3aae30057cf/resourceGroups/testgrouppb8oay/providers/Microsoft.Kusto/Clusters/testclusterpb8oay/Databases/testdatabasepb8oay/PrincipalAssignments/principalassignment1?api-version=2020-02-15+4": {
    "Request": {
      "Method": "DELETE",
      "RequestUri": "https://management.azure.com/subscriptions/11d5f159-a21d-4a6c-8053-c3aae30057cf/resourceGroups/testgrouppb8oay/providers/Microsoft.Kusto/Clusters/testclusterpb8oay/Databases/testdatabasepb8oay/PrincipalAssignments/principalassignment1?api-version=2020-02-15",
      "Content": null,
      "Headers": {
        "x-ms-unique-id": [ "441" ],
        "x-ms-client-request-id": [ "132aee36-9623-457f-a205-01d905bf822f" ],
        "CommandName": [ "Remove-AzKustoDatabasePrincipalAssignment" ],
        "FullCommandName": [ "Remove-AzKustoDatabasePrincipalAssignment_Delete" ],
        "ParameterSetName": [ "__AllParameterSets" ],
        "User-Agent": [ "AzurePowershell/Az4.0.0-preview" ],
        "Authorization": [ "[Filtered]" ]
      },
      "ContentHeaders": {
      }
    },
    "Response": {
      "StatusCode": 202,
      "Headers": {
        "Cache-Control": [ "no-cache" ],
        "Pragma": [ "no-cache" ],
        "Location": [ "https://management.azure.com/subscriptions/11d5f159-a21d-4a6c-8053-c3aae30057cf/providers/Microsoft.Kusto/locations/East%20US/operationResults/ac8cf42b-e250-46c5-b4db-9718982a0527?api-version=2020-02-15\u0026operationResultResponseType=Location" ],
        "Azure-AsyncOperation": [ "https://management.azure.com/subscriptions/11d5f159-a21d-4a6c-8053-c3aae30057cf/providers/Microsoft.Kusto/locations/East US/operationResults/ac8cf42b-e250-46c5-b4db-9718982a0527?api-version=2020-02-15" ],
        "Set-Cookie": [ "ARRAffinity=45bc5646e5f63163a799271f995382b84c5f2334391266b6d89f9667ca2e960a;Path=/;HttpOnly;Domain=rp-kustorpeus-website.azurewebsites.net" ],
        "X-Powered-By": [ "ASP.NET" ],
        "x-ms-ratelimit-remaining-subscription-deletes": [ "14986" ],
        "x-ms-request-id": [ "6d4d4492-cfb3-43c4-afb7-0af2e1b7bfc6" ],
        "x-ms-correlation-request-id": [ "6d4d4492-cfb3-43c4-afb7-0af2e1b7bfc6" ],
        "x-ms-routing-request-id": [ "UKSOUTH:20200507T130130Z:6d4d4492-cfb3-43c4-afb7-0af2e1b7bfc6" ],
        "Strict-Transport-Security": [ "max-age=31536000; includeSubDomains" ],
        "X-Content-Type-Options": [ "nosniff" ],
        "Date": [ "Thu, 07 May 2020 13:01:30 GMT" ]
      },
      "ContentHeaders": {
        "Expires": [ "-1" ],
        "Content-Length": [ "0" ]
      },
      "Content": null
    }
  },
  "Remove-AzKustoDatabasePrincipalAssignment+[NoContext]+Delete+$GET+https://management.azure.com/subscriptions/11d5f159-a21d-4a6c-8053-c3aae30057cf/providers/Microsoft.Kusto/locations/East US/operationResults/ac8cf42b-e250-46c5-b4db-9718982a0527?api-version=2020-02-15+5": {
    "Request": {
      "Method": "GET",
      "RequestUri": "https://management.azure.com/subscriptions/11d5f159-a21d-4a6c-8053-c3aae30057cf/providers/Microsoft.Kusto/locations/East%20US/operationResults/ac8cf42b-e250-46c5-b4db-9718982a0527?api-version=2020-02-15",
      "Content": null,
      "Headers": {
        "x-ms-unique-id": [ "441", "442" ],
        "x-ms-client-request-id": [ "132aee36-9623-457f-a205-01d905bf822f", "132aee36-9623-457f-a205-01d905bf822f" ],
        "CommandName": [ "Remove-AzKustoDatabasePrincipalAssignment", "Remove-AzKustoDatabasePrincipalAssignment" ],
        "FullCommandName": [ "Remove-AzKustoDatabasePrincipalAssignment_Delete", "Remove-AzKustoDatabasePrincipalAssignment_Delete" ],
        "ParameterSetName": [ "__AllParameterSets", "__AllParameterSets" ],
        "User-Agent": [ "AzurePowershell/Az4.0.0-preview", "AzurePowershell/Az4.0.0-preview" ],
        "Authorization": [ "[Filtered]" ]
      },
      "ContentHeaders": {
      }
    },
    "Response": {
      "StatusCode": 200,
      "Headers": {
        "Cache-Control": [ "no-cache" ],
        "Pragma": [ "no-cache" ],
        "Vary": [ "Accept-Encoding" ],
        "x-ms-correlation-request-id": [ "aae79c23-f577-461b-9d33-a0fe558d34ff" ],
        "x-ms-request-id": [ "97426fec-bed8-455e-a187-f20277d0b67b" ],
        "x-ms-ratelimit-remaining-subscription-resource-requests": [ "282" ],
        "Set-Cookie": [ "ARRAffinity=73188f00504f8544b9d429869eef32f3dcd5548d04365edd03c9732994baf421;Path=/;HttpOnly;Domain=rp-kustorpeus-website.azurewebsites.net" ],
        "X-Powered-By": [ "ASP.NET" ],
        "x-ms-routing-request-id": [ "UKSOUTH:20200507T130200Z:aae79c23-f577-461b-9d33-a0fe558d34ff" ],
        "Strict-Transport-Security": [ "max-age=31536000; includeSubDomains" ],
        "X-Content-Type-Options": [ "nosniff" ],
        "Date": [ "Thu, 07 May 2020 13:02:00 GMT" ]
      },
      "ContentHeaders": {
        "Content-Length": [ "475" ],
        "Content-Type": [ "application/json; charset=utf-8" ],
        "Expires": [ "-1" ]
      },
      "Content": "{\"id\":\"/subscriptions/11d5f159-a21d-4a6c-8053-c3aae30057cf/providers/Microsoft.Kusto/locations/East US/operationresults/ac8cf42b-e250-46c5-b4db-9718982a0527\",\"name\":\"ac8cf42b-e250-46c5-b4db-9718982a0527\",\"status\":\"Succeeded\",\"startTime\":\"2020-05-07T13:01:30.4760206Z\",\"endTime\":\"2020-05-07T13:01:30.5385094Z\",\"percentComplete\":1.0,\"properties\":{\"OperationKind\":\"DatabaseDropPrincipals\",\"RootActivityId\":\"45118212-2140-4653-8fb2-7633745c1374\",\"provisioningState\":\"Succeeded\"}}"
    }
  },
  "Remove-AzKustoDatabasePrincipalAssignment+[NoContext]+Delete+$GET+https://management.azure.com/subscriptions/11d5f159-a21d-4a6c-8053-c3aae30057cf/providers/Microsoft.Kusto/locations/East US/operationResults/ac8cf42b-e250-46c5-b4db-9718982a0527?api-version=2020-02-15\u0026operationResultResponseType=Location+6": {
    "Request": {
      "Method": "GET",
      "RequestUri": "https://management.azure.com/subscriptions/11d5f159-a21d-4a6c-8053-c3aae30057cf/providers/Microsoft.Kusto/locations/East%20US/operationResults/ac8cf42b-e250-46c5-b4db-9718982a0527?api-version=2020-02-15\u0026operationResultResponseType=Location",
      "Content": null,
      "Headers": {
        "x-ms-unique-id": [ "441", "442", "443" ],
        "x-ms-client-request-id": [ "132aee36-9623-457f-a205-01d905bf822f", "132aee36-9623-457f-a205-01d905bf822f", "132aee36-9623-457f-a205-01d905bf822f" ],
        "CommandName": [ "Remove-AzKustoDatabasePrincipalAssignment", "Remove-AzKustoDatabasePrincipalAssignment", "Remove-AzKustoDatabasePrincipalAssignment" ],
        "FullCommandName": [ "Remove-AzKustoDatabasePrincipalAssignment_Delete", "Remove-AzKustoDatabasePrincipalAssignment_Delete", "Remove-AzKustoDatabasePrincipalAssignment_Delete" ],
        "ParameterSetName": [ "__AllParameterSets", "__AllParameterSets", "__AllParameterSets" ],
        "User-Agent": [ "AzurePowershell/Az4.0.0-preview", "AzurePowershell/Az4.0.0-preview", "AzurePowershell/Az4.0.0-preview" ],
        "Authorization": [ "[Filtered]" ]
      },
      "ContentHeaders": {
      }
    },
    "Response": {
      "StatusCode": 200,
      "Headers": {
        "Cache-Control": [ "no-cache" ],
        "Pragma": [ "no-cache" ],
        "x-ms-request-id": [ "99593bdf-7235-4c94-a111-3204696ddb5e" ],
        "Set-Cookie": [ "ARRAffinity=c1f5052bc28b0bbf40575a6df2f4ded2368fd8ee0ff0267911659cdee815dfe0;Path=/;HttpOnly;Domain=rp-kustorpeus-website.azurewebsites.net" ],
        "X-Powered-By": [ "ASP.NET" ],
        "x-ms-ratelimit-remaining-subscription-resource-requests": [ "281" ],
        "x-ms-correlation-request-id": [ "e76912f2-2c47-415a-b9eb-4a4fb964cbce" ],
        "x-ms-routing-request-id": [ "UKSOUTH:20200507T130201Z:e76912f2-2c47-415a-b9eb-4a4fb964cbce" ],
        "Strict-Transport-Security": [ "max-age=31536000; includeSubDomains" ],
        "X-Content-Type-Options": [ "nosniff" ],
        "Date": [ "Thu, 07 May 2020 13:02:00 GMT" ]
      },
      "ContentHeaders": {
        "Expires": [ "-1" ],
        "Content-Length": [ "0" ]
      },
      "Content": null
    }
  }
}