{
  "[NoDescription]+[NoContext]+Delete+$PUT+https://management.azure.com/subscriptions/e8257c73-24c5-4791-94dc-8b7901c90dbf/resourceGroups/PS-SDK-s52kui/providers/Microsoft.Kusto/Clusters/pssdks52kui/Databases/testdatabase59jwse?api-version=2022-12-29+1": {
    "Request": {
      "Method": "PUT",
      "RequestUri": "https://management.azure.com/subscriptions/e8257c73-24c5-4791-94dc-8b7901c90dbf/resourceGroups/PS-SDK-s52kui/providers/Microsoft.Kusto/Clusters/pssdks52kui/Databases/testdatabase59jwse?api-version=2022-12-29",
      "Content": "{\r\n  \"location\": \"East US\",\r\n  \"kind\": \"ReadWrite\"\r\n}",
      "isContentBase64": false,
      "Headers": {
      },
      "ContentHeaders": {
        "Content-Type": [ "application/json" ],
        "Content-Length": [ "53" ]
      }
    },
    "Response": {
      "StatusCode": 200,
      "Headers": {
        "Cache-Control": [ "no-cache" ],
        "Pragma": [ "no-cache" ],
        "x-ms-request-id": [ "780257da-9f93-4c58-9b09-777ec00d0d29" ],
        "Azure-AsyncOperation": [ "https://management.azure.com/subscriptions/e8257c73-24c5-4791-94dc-8b7901c90dbf/providers/Microsoft.Kusto/locations/East US/operationResults/e98e6fcc-9dd6-41b2-8293-d1c30b895d36?api-version=2022-12-29" ],
        "Server": [ "Microsoft-HTTPAPI/2.0" ],
        "x-ms-ratelimit-remaining-subscription-resource-requests": [ "199" ],
        "x-ms-correlation-request-id": [ "ec8611d5-706e-442b-8b03-5e368bdbff8a" ],
        "x-ms-routing-request-id": [ "FRANCESOUTH:20230312T205723Z:ec8611d5-706e-442b-8b03-5e368bdbff8a" ],
        "Strict-Transport-Security": [ "max-age=31536000; includeSubDomains" ],
        "X-Content-Type-Options": [ "nosniff" ],
        "Date": [ "Sun, 12 Mar 2023 20:57:23 GMT" ]
      },
      "ContentHeaders": {
        "Content-Length": [ "335" ],
        "Content-Type": [ "application/json; charset=utf-8" ],
        "Expires": [ "-1" ]
      },
      "Content": "{\"id\":\"/subscriptions/e8257c73-24c5-4791-94dc-8b7901c90dbf/resourceGroups/PS-SDK-s52kui/providers/Microsoft.Kusto/Clusters/pssdks52kui/Databases/testdatabase59jwse\",\"name\":\"pssdks52kui/testdatabase59jwse\",\"type\":\"Microsoft.Kusto/Clusters/Databases\",\"location\":\"East US\",\"kind\":\"ReadWrite\",\"properties\":{\"provisioningState\":\"Accepted\"}}",
      "isContentBase64": false
    }
  },
  "[NoDescription]+[NoContext]+Delete+$GET+https://management.azure.com/subscriptions/e8257c73-24c5-4791-94dc-8b7901c90dbf/providers/Microsoft.Kusto/locations/East US/operationResults/e98e6fcc-9dd6-41b2-8293-d1c30b895d36?api-version=2022-12-29+2": {
    "Request": {
      "Method": "GET",
      "RequestUri": "https://management.azure.com/subscriptions/e8257c73-24c5-4791-94dc-8b7901c90dbf/providers/Microsoft.Kusto/locations/East%20US/operationResults/e98e6fcc-9dd6-41b2-8293-d1c30b895d36?api-version=2022-12-29",
      "Content": null,
      "isContentBase64": false,
      "Headers": {
        "Authorization": [ "[Filtered]" ],
        "x-ms-unique-id": [ "440" ],
        "x-ms-client-request-id": [ "5a40c1c2-c453-4485-b1fb-497c7eee29c6" ],
        "CommandName": [ "Az.Kusto.internal\\New-AzKustoDatabase" ],
        "FullCommandName": [ "New-AzKustoDatabase_Create" ],
        "ParameterSetName": [ "__AllParameterSets" ],
        "User-Agent": [ "AzurePowershell/v0.0.0", "PSVersion/v7.3.2", "Az.Kusto/0.1.4" ]
      },
      "ContentHeaders": {
      }
    },
    "Response": {
      "StatusCode": 200,
      "Headers": {
        "Cache-Control": [ "no-cache" ],
        "Pragma": [ "no-cache" ],
        "x-ms-request-id": [ "fdd28e23-b12d-4e35-ad8e-addae14e5044" ],
        "x-ms-operation-root-activity-id": [ "189005fd-72fe-4882-932b-62f3a78c0b78" ],
        "Server": [ "Microsoft-HTTPAPI/2.0" ],
        "x-ms-ratelimit-remaining-subscription-resource-requests": [ "282" ],
        "x-ms-correlation-request-id": [ "f8294e9e-881e-4cdd-8a00-3a600016d815" ],
        "x-ms-routing-request-id": [ "FRANCESOUTH:20230312T205753Z:f8294e9e-881e-4cdd-8a00-3a600016d815" ],
        "Strict-Transport-Security": [ "max-age=31536000; includeSubDomains" ],
        "X-Content-Type-Options": [ "nosniff" ],
        "Date": [ "Sun, 12 Mar 2023 20:57:53 GMT" ]
      },
      "ContentHeaders": {
        "Content-Length": [ "439" ],
        "Content-Type": [ "application/json; charset=utf-8" ],
        "Expires": [ "-1" ]
      },
      "Content": "{\"id\":\"/subscriptions/e8257c73-24c5-4791-94dc-8b7901c90dbf/providers/Microsoft.Kusto/locations/East US/operationresults/e98e6fcc-9dd6-41b2-8293-d1c30b895d36\",\"name\":\"e98e6fcc-9dd6-41b2-8293-d1c30b895d36\",\"status\":\"Succeeded\",\"startTime\":\"2023-03-12T20:57:23.595214Z\",\"endTime\":\"2023-03-12T20:57:28.3454429Z\",\"percentComplete\":1.0,\"properties\":{\"operationKind\":\"DatabaseCreate\",\"provisioningState\":\"Succeeded\",\"operationState\":\"Completed\"}}",
      "isContentBase64": false
    }
  },
  "[NoDescription]+[NoContext]+Delete+$GET+https://management.azure.com/subscriptions/e8257c73-24c5-4791-94dc-8b7901c90dbf/resourceGroups/PS-SDK-s52kui/providers/Microsoft.Kusto/Clusters/pssdks52kui/Databases/testdatabase59jwse?api-version=2022-12-29+3": {
    "Request": {
      "Method": "GET",
      "RequestUri": "https://management.azure.com/subscriptions/e8257c73-24c5-4791-94dc-8b7901c90dbf/resourceGroups/PS-SDK-s52kui/providers/Microsoft.Kusto/Clusters/pssdks52kui/Databases/testdatabase59jwse?api-version=2022-12-29",
      "Content": null,
      "isContentBase64": false,
      "Headers": {
        "Authorization": [ "[Filtered]" ],
        "x-ms-unique-id": [ "441" ],
        "x-ms-client-request-id": [ "5a40c1c2-c453-4485-b1fb-497c7eee29c6" ],
        "CommandName": [ "Az.Kusto.internal\\New-AzKustoDatabase" ],
        "FullCommandName": [ "New-AzKustoDatabase_Create" ],
        "ParameterSetName": [ "__AllParameterSets" ],
        "User-Agent": [ "AzurePowershell/v0.0.0", "PSVersion/v7.3.2", "Az.Kusto/0.1.4" ]
      },
      "ContentHeaders": {
      }
    },
    "Response": {
      "StatusCode": 200,
      "Headers": {
        "Cache-Control": [ "no-cache" ],
        "Pragma": [ "no-cache" ],
        "x-ms-request-id": [ "3b3cba72-ae8e-476f-a8aa-00a427bf3c2a" ],
        "Server": [ "Microsoft-HTTPAPI/2.0" ],
        "x-ms-ratelimit-remaining-subscription-resource-requests": [ "299" ],
        "x-ms-correlation-request-id": [ "060c9ec9-b219-4226-8e5d-bc02d7c1d06d" ],
        "x-ms-routing-request-id": [ "FRANCESOUTH:20230312T205754Z:060c9ec9-b219-4226-8e5d-bc02d7c1d06d" ],
        "Strict-Transport-Security": [ "max-age=31536000; includeSubDomains" ],
        "X-Content-Type-Options": [ "nosniff" ],
        "Date": [ "Sun, 12 Mar 2023 20:57:54 GMT" ]
      },
      "ContentHeaders": {
        "Content-Length": [ "381" ],
        "Content-Type": [ "application/json; charset=utf-8" ],
        "Expires": [ "-1" ]
      },
      "Content": "{\"id\":\"/subscriptions/e8257c73-24c5-4791-94dc-8b7901c90dbf/resourceGroups/PS-SDK-s52kui/providers/Microsoft.Kusto/Clusters/pssdks52kui/Databases/testdatabase59jwse\",\"name\":\"pssdks52kui/testdatabase59jwse\",\"type\":\"Microsoft.Kusto/Clusters/Databases\",\"location\":\"East US\",\"kind\":\"ReadWrite\",\"properties\":{\"statistics\":{\"size\":0.0},\"isFollowed\":false,\"provisioningState\":\"Succeeded\"}}",
      "isContentBase64": false
    }
  },
  "[NoDescription]+[NoContext]+Delete+$DELETE+https://management.azure.com/subscriptions/e8257c73-24c5-4791-94dc-8b7901c90dbf/resourceGroups/PS-SDK-s52kui/providers/Microsoft.Kusto/Clusters/pssdks52kui/Databases/testdatabase59jwse?api-version=2022-12-29+4": {
    "Request": {
      "Method": "DELETE",
      "RequestUri": "https://management.azure.com/subscriptions/e8257c73-24c5-4791-94dc-8b7901c90dbf/resourceGroups/PS-SDK-s52kui/providers/Microsoft.Kusto/Clusters/pssdks52kui/Databases/testdatabase59jwse?api-version=2022-12-29",
      "Content": null,
      "isContentBase64": false,
      "Headers": {
        "x-ms-unique-id": [ "442" ],
        "x-ms-client-request-id": [ "e93b5b59-f43a-4ac0-a8b3-65bb2cfdc7f7" ],
        "CommandName": [ "Remove-AzKustoDatabase" ],
        "FullCommandName": [ "Remove-AzKustoDatabase_Delete" ],
        "ParameterSetName": [ "__AllParameterSets" ],
        "User-Agent": [ "AzurePowershell/v0.0.0", "PSVersion/v7.3.2", "Az.Kusto/0.1.4" ],
        "Authorization": [ "[Filtered]" ]
      },
      "ContentHeaders": {
      }
    },
    "Response": {
      "StatusCode": 202,
      "Headers": {
        "Cache-Control": [ "no-cache" ],
        "Pragma": [ "no-cache" ],
        "Location": [ "https://management.azure.com/subscriptions/e8257c73-24c5-4791-94dc-8b7901c90dbf/providers/Microsoft.Kusto/locations/East%20US/operationResults/0f9bcd8f-139a-4b03-8891-b7a4d45dd073?api-version=2022-12-29\u0026operationResultResponseType=Location" ],
        "Azure-AsyncOperation": [ "https://management.azure.com/subscriptions/e8257c73-24c5-4791-94dc-8b7901c90dbf/providers/Microsoft.Kusto/locations/East US/operationResults/0f9bcd8f-139a-4b03-8891-b7a4d45dd073?api-version=2022-12-29" ],
        "Server": [ "Microsoft-HTTPAPI/2.0" ],
        "x-ms-ratelimit-remaining-subscription-deletes": [ "14996" ],
        "x-ms-request-id": [ "54fd974a-4306-4228-96dd-a9510d62da85" ],
        "x-ms-correlation-request-id": [ "54fd974a-4306-4228-96dd-a9510d62da85" ],
        "x-ms-routing-request-id": [ "FRANCESOUTH:20230312T205755Z:54fd974a-4306-4228-96dd-a9510d62da85" ],
        "Strict-Transport-Security": [ "max-age=31536000; includeSubDomains" ],
        "X-Content-Type-Options": [ "nosniff" ],
        "Date": [ "Sun, 12 Mar 2023 20:57:55 GMT" ]
      },
      "ContentHeaders": {
        "Expires": [ "-1" ],
        "Content-Length": [ "0" ]
      },
      "Content": null,
      "isContentBase64": false
    }
  },
  "[NoDescription]+[NoContext]+Delete+$GET+https://management.azure.com/subscriptions/e8257c73-24c5-4791-94dc-8b7901c90dbf/providers/Microsoft.Kusto/locations/East US/operationResults/0f9bcd8f-139a-4b03-8891-b7a4d45dd073?api-version=2022-12-29+5": {
    "Request": {
      "Method": "GET",
      "RequestUri": "https://management.azure.com/subscriptions/e8257c73-24c5-4791-94dc-8b7901c90dbf/providers/Microsoft.Kusto/locations/East%20US/operationResults/0f9bcd8f-139a-4b03-8891-b7a4d45dd073?api-version=2022-12-29",
      "Content": null,
      "isContentBase64": false,
      "Headers": {
        "Authorization": [ "[Filtered]" ],
        "x-ms-unique-id": [ "443" ],
        "x-ms-client-request-id": [ "e93b5b59-f43a-4ac0-a8b3-65bb2cfdc7f7" ],
        "CommandName": [ "Remove-AzKustoDatabase" ],
        "FullCommandName": [ "Remove-AzKustoDatabase_Delete" ],
        "ParameterSetName": [ "__AllParameterSets" ],
        "User-Agent": [ "AzurePowershell/v0.0.0", "PSVersion/v7.3.2", "Az.Kusto/0.1.4" ]
      },
      "ContentHeaders": {
      }
    },
    "Response": {
      "StatusCode": 200,
      "Headers": {
        "Cache-Control": [ "no-cache" ],
        "Pragma": [ "no-cache" ],
        "x-ms-request-id": [ "83a02ae5-4a2b-4a5d-a000-8661511b1f6e" ],
        "x-ms-operation-root-activity-id": [ "a26b7ae4-62f7-467d-99b7-f5858de7b2c1" ],
        "Server": [ "Microsoft-HTTPAPI/2.0" ],
        "x-ms-ratelimit-remaining-subscription-resource-requests": [ "281" ],
        "x-ms-correlation-request-id": [ "1055c06c-5343-4b36-9784-31efa179250b" ],
        "x-ms-routing-request-id": [ "FRANCESOUTH:20230312T205825Z:1055c06c-5343-4b36-9784-31efa179250b" ],
        "Strict-Transport-Security": [ "max-age=31536000; includeSubDomains" ],
        "X-Content-Type-Options": [ "nosniff" ],
        "Date": [ "Sun, 12 Mar 2023 20:58:25 GMT" ]
      },
      "ContentHeaders": {
        "Content-Length": [ "439" ],
        "Content-Type": [ "application/json; charset=utf-8" ],
        "Expires": [ "-1" ]
      },
      "Content": "{\"id\":\"/subscriptions/e8257c73-24c5-4791-94dc-8b7901c90dbf/providers/Microsoft.Kusto/locations/East US/operationresults/0f9bcd8f-139a-4b03-8891-b7a4d45dd073\",\"name\":\"0f9bcd8f-139a-4b03-8891-b7a4d45dd073\",\"status\":\"Succeeded\",\"startTime\":\"2023-03-12T20:57:55.024531Z\",\"endTime\":\"2023-03-12T20:57:59.6029553Z\",\"percentComplete\":1.0,\"properties\":{\"operationKind\":\"DatabaseDelete\",\"provisioningState\":\"Succeeded\",\"operationState\":\"Completed\"}}",
      "isContentBase64": false
    }
  },
  "[NoDescription]+[NoContext]+Delete+$GET+https://management.azure.com/subscriptions/e8257c73-24c5-4791-94dc-8b7901c90dbf/providers/Microsoft.Kusto/locations/East US/operationResults/0f9bcd8f-139a-4b03-8891-b7a4d45dd073?api-version=2022-12-29\u0026operationResultResponseType=Location+6": {
    "Request": {
      "Method": "GET",
      "RequestUri": "https://management.azure.com/subscriptions/e8257c73-24c5-4791-94dc-8b7901c90dbf/providers/Microsoft.Kusto/locations/East%20US/operationResults/0f9bcd8f-139a-4b03-8891-b7a4d45dd073?api-version=2022-12-29\u0026operationResultResponseType=Location",
      "Content": null,
      "isContentBase64": false,
      "Headers": {
        "Authorization": [ "[Filtered]" ],
        "x-ms-unique-id": [ "444" ],
        "x-ms-client-request-id": [ "e93b5b59-f43a-4ac0-a8b3-65bb2cfdc7f7" ],
        "CommandName": [ "Remove-AzKustoDatabase" ],
        "FullCommandName": [ "Remove-AzKustoDatabase_Delete" ],
        "ParameterSetName": [ "__AllParameterSets" ],
        "User-Agent": [ "AzurePowershell/v0.0.0", "PSVersion/v7.3.2", "Az.Kusto/0.1.4" ]
      },
      "ContentHeaders": {
      }
    },
    "Response": {
      "StatusCode": 200,
      "Headers": {
        "Cache-Control": [ "no-cache" ],
        "Pragma": [ "no-cache" ],
        "x-ms-request-id": [ "eacd9e5d-17fe-4772-ac50-9072e63c0e49" ],
        "Server": [ "Microsoft-HTTPAPI/2.0" ],
        "x-ms-ratelimit-remaining-subscription-resource-requests": [ "280" ],
        "x-ms-correlation-request-id": [ "ef2ee4c9-e135-4c3a-96e3-30bbaaa86482" ],
        "x-ms-routing-request-id": [ "FRANCESOUTH:20230312T205825Z:ef2ee4c9-e135-4c3a-96e3-30bbaaa86482" ],
        "Strict-Transport-Security": [ "max-age=31536000; includeSubDomains" ],
        "X-Content-Type-Options": [ "nosniff" ],
        "Date": [ "Sun, 12 Mar 2023 20:58:25 GMT" ]
      },
      "ContentHeaders": {
        "Expires": [ "-1" ],
        "Content-Length": [ "0" ]
      },
      "Content": null,
      "isContentBase64": false
    }
  }
}