{
  "[NoDescription]+[NoContext]+Delete+$PUT+https://management.azure.com/subscriptions/e8257c73-24c5-4791-94dc-8b7901c90dbf/resourceGroups/testgroupl3rxfo/providers/Microsoft.Kusto/Clusters/testclusterl3rxfo/Databases/testdatabase5cubpj?api-version=2022-02-01+1": {
    "Request": {
      "Method": "PUT",
      "RequestUri": "https://management.azure.com/subscriptions/e8257c73-24c5-4791-94dc-8b7901c90dbf/resourceGroups/testgroupl3rxfo/providers/Microsoft.Kusto/Clusters/testclusterl3rxfo/Databases/testdatabase5cubpj?api-version=2022-02-01",
      "Content": "{\r\n  \"location\": \"East US\",\r\n  \"kind\": \"ReadWrite\"\r\n}",
      "isContentBase64": false,
      "Headers": {
      },
      "ContentHeaders": {
        "Content-Type": [ "application/json" ],
        "Content-Length": [ "53" ]
      }
    },
    "Response": {
      "StatusCode": 200,
      "Headers": {
        "Cache-Control": [ "no-cache" ],
        "Pragma": [ "no-cache" ],
        "x-ms-request-id": [ "a9fe47c4-6eca-44ba-94c4-e0f79e0414a0" ],
        "Azure-AsyncOperation": [ "https://management.azure.com/subscriptions/e8257c73-24c5-4791-94dc-8b7901c90dbf/providers/Microsoft.Kusto/locations/East US/operationResults/185bd566-4ce1-491e-ab28-39cb9055cf4c?api-version=2022-02-01" ],
        "Server": [ "Microsoft-HTTPAPI/2.0" ],
        "x-ms-ratelimit-remaining-subscription-resource-requests": [ "199" ],
        "x-ms-correlation-request-id": [ "e48f4a21-9c8a-44ea-8038-7dbcb6b949cd" ],
        "x-ms-routing-request-id": [ "UAECENTRAL:20220322T143624Z:e48f4a21-9c8a-44ea-8038-7dbcb6b949cd" ],
        "Strict-Transport-Security": [ "max-age=31536000; includeSubDomains" ],
        "X-Content-Type-Options": [ "nosniff" ],
        "Date": [ "Tue, 22 Mar 2022 14:36:23 GMT" ]
      },
      "ContentHeaders": {
        "Content-Length": [ "349" ],
        "Content-Type": [ "application/json; charset=utf-8" ],
        "Expires": [ "-1" ]
      },
      "Content": "{\"id\":\"/subscriptions/e8257c73-24c5-4791-94dc-8b7901c90dbf/resourceGroups/testgroupl3rxfo/providers/Microsoft.Kusto/Clusters/testclusterl3rxfo/Databases/testdatabase5cubpj\",\"name\":\"testclusterl3rxfo/testdatabase5cubpj\",\"type\":\"Microsoft.Kusto/Clusters/Databases\",\"location\":\"East US\",\"kind\":\"ReadWrite\",\"properties\":{\"provisioningState\":\"Accepted\"}}",
      "isContentBase64": false
    }
  },
  "[NoDescription]+[NoContext]+Delete+$GET+https://management.azure.com/subscriptions/e8257c73-24c5-4791-94dc-8b7901c90dbf/providers/Microsoft.Kusto/locations/East US/operationResults/185bd566-4ce1-491e-ab28-39cb9055cf4c?api-version=2022-02-01+2": {
    "Request": {
      "Method": "GET",
      "RequestUri": "https://management.azure.com/subscriptions/e8257c73-24c5-4791-94dc-8b7901c90dbf/providers/Microsoft.Kusto/locations/East%20US/operationResults/185bd566-4ce1-491e-ab28-39cb9055cf4c?api-version=2022-02-01",
      "Content": null,
      "isContentBase64": false,
      "Headers": {
        "Authorization": [ "[Filtered]" ],
        "x-ms-unique-id": [ "314", "315", "316", "317" ],
        "x-ms-client-request-id": [ "4df765d0-a069-4b85-92ed-fb06ec35e95a" ],
        "CommandName": [ "Az.Kusto.internal\\New-AzKustoDatabase" ],
        "FullCommandName": [ "New-AzKustoDatabase_Create" ],
        "ParameterSetName": [ "__AllParameterSets" ],
        "User-Agent": [ "AzurePowershell/v0.0.0", "PSVersion/v7.2.2", "Az.Kusto/0.1.4" ]
      },
      "ContentHeaders": {
      }
    },
    "Response": {
      "StatusCode": 200,
      "Headers": {
        "Cache-Control": [ "no-cache" ],
        "Pragma": [ "no-cache" ],
        "x-ms-request-id": [ "4e8e6c1e-1aa5-46ae-8352-f680a1605d33" ],
        "x-ms-operation-root-activity-id": [ "58410519-29a9-46d8-a211-6b4ce34f0dff" ],
        "Server": [ "Microsoft-HTTPAPI/2.0" ],
        "x-ms-ratelimit-remaining-subscription-resource-requests": [ "299" ],
        "x-ms-correlation-request-id": [ "a76bfd3c-080e-4883-9b13-2c5b4198e2f6" ],
        "x-ms-routing-request-id": [ "UAECENTRAL:20220322T143655Z:a76bfd3c-080e-4883-9b13-2c5b4198e2f6" ],
        "Strict-Transport-Security": [ "max-age=31536000; includeSubDomains" ],
        "X-Content-Type-Options": [ "nosniff" ],
        "Date": [ "Tue, 22 Mar 2022 14:36:54 GMT" ]
      },
      "ContentHeaders": {
        "Content-Length": [ "440" ],
        "Content-Type": [ "application/json; charset=utf-8" ],
        "Expires": [ "-1" ]
      },
      "Content": "{\"id\":\"/subscriptions/e8257c73-24c5-4791-94dc-8b7901c90dbf/providers/Microsoft.Kusto/locations/East US/operationresults/185bd566-4ce1-491e-ab28-39cb9055cf4c\",\"name\":\"185bd566-4ce1-491e-ab28-39cb9055cf4c\",\"status\":\"Succeeded\",\"startTime\":\"2022-03-22T14:36:24.0971423Z\",\"endTime\":\"2022-03-22T14:36:25.2533616Z\",\"percentComplete\":1.0,\"properties\":{\"operationKind\":\"DatabaseCreate\",\"provisioningState\":\"Succeeded\",\"operationState\":\"Completed\"}}",
      "isContentBase64": false
    }
  },
  "[NoDescription]+[NoContext]+Delete+$GET+https://management.azure.com/subscriptions/e8257c73-24c5-4791-94dc-8b7901c90dbf/resourceGroups/testgroupl3rxfo/providers/Microsoft.Kusto/Clusters/testclusterl3rxfo/Databases/testdatabase5cubpj?api-version=2022-02-01+3": {
    "Request": {
      "Method": "GET",
      "RequestUri": "https://management.azure.com/subscriptions/e8257c73-24c5-4791-94dc-8b7901c90dbf/resourceGroups/testgroupl3rxfo/providers/Microsoft.Kusto/Clusters/testclusterl3rxfo/Databases/testdatabase5cubpj?api-version=2022-02-01",
      "Content": null,
      "isContentBase64": false,
      "Headers": {
        "Authorization": [ "[Filtered]" ],
        "x-ms-unique-id": [ "318", "319", "320", "321" ],
        "x-ms-client-request-id": [ "4df765d0-a069-4b85-92ed-fb06ec35e95a" ],
        "CommandName": [ "Az.Kusto.internal\\New-AzKustoDatabase" ],
        "FullCommandName": [ "New-AzKustoDatabase_Create" ],
        "ParameterSetName": [ "__AllParameterSets" ],
        "User-Agent": [ "AzurePowershell/v0.0.0", "PSVersion/v7.2.2", "Az.Kusto/0.1.4" ]
      },
      "ContentHeaders": {
      }
    },
    "Response": {
      "StatusCode": 200,
      "Headers": {
        "Cache-Control": [ "no-cache" ],
        "Pragma": [ "no-cache" ],
        "x-ms-request-id": [ "d815b83d-93c4-4fe1-9c70-c6f53d36e4f2" ],
        "Server": [ "Microsoft-HTTPAPI/2.0" ],
        "x-ms-ratelimit-remaining-subscription-resource-requests": [ "299" ],
        "x-ms-correlation-request-id": [ "4dfc9e87-bb2f-44b1-aa62-da0caa5d1165" ],
        "x-ms-routing-request-id": [ "UAECENTRAL:20220322T143655Z:4dfc9e87-bb2f-44b1-aa62-da0caa5d1165" ],
        "Strict-Transport-Security": [ "max-age=31536000; includeSubDomains" ],
        "X-Content-Type-Options": [ "nosniff" ],
        "Date": [ "Tue, 22 Mar 2022 14:36:55 GMT" ]
      },
      "ContentHeaders": {
        "Content-Length": [ "395" ],
        "Content-Type": [ "application/json; charset=utf-8" ],
        "Expires": [ "-1" ]
      },
      "Content": "{\"id\":\"/subscriptions/e8257c73-24c5-4791-94dc-8b7901c90dbf/resourceGroups/testgroupl3rxfo/providers/Microsoft.Kusto/Clusters/testclusterl3rxfo/Databases/testdatabase5cubpj\",\"name\":\"testclusterl3rxfo/testdatabase5cubpj\",\"type\":\"Microsoft.Kusto/Clusters/Databases\",\"location\":\"East US\",\"kind\":\"ReadWrite\",\"properties\":{\"statistics\":{\"size\":0.0},\"isFollowed\":false,\"provisioningState\":\"Succeeded\"}}",
      "isContentBase64": false
    }
  },
  "[NoDescription]+[NoContext]+Delete+$PUT+https://management.azure.com/subscriptions/e8257c73-24c5-4791-94dc-8b7901c90dbf/resourceGroups/testgroupl3rxfo/providers/Microsoft.Kusto/Clusters/testfcluster6yb8x9/AttachedDatabaseConfigurations/testdbconf5cubpj?api-version=2022-02-01+4": {
    "Request": {
      "Method": "PUT",
      "RequestUri": "https://management.azure.com/subscriptions/e8257c73-24c5-4791-94dc-8b7901c90dbf/resourceGroups/testgroupl3rxfo/providers/Microsoft.Kusto/Clusters/testfcluster6yb8x9/AttachedDatabaseConfigurations/testdbconf5cubpj?api-version=2022-02-01",
      "Content": "{\r\n  \"properties\": {\r\n    \"databaseName\": \"testdatabase5cubpj\",\r\n    \"clusterResourceId\": \"/subscriptions/e8257c73-24c5-4791-94dc-8b7901c90dbf/resourcegroups/testgroupl3rxfo/providers/Microsoft.Kusto/Clusters/testclusterl3rxfo\",\r\n    \"defaultPrincipalsModificationKind\": \"Union\"\r\n  },\r\n  \"location\": \"East US\"\r\n}",
      "isContentBase64": false,
      "Headers": {
      },
      "ContentHeaders": {
        "Content-Type": [ "application/json" ],
        "Content-Length": [ "312" ]
      }
    },
    "Response": {
      "StatusCode": 201,
      "Headers": {
        "Cache-Control": [ "no-cache" ],
        "Pragma": [ "no-cache" ],
        "x-ms-request-id": [ "0d0592d7-b40c-460d-981f-137fe8a8442d" ],
        "Azure-AsyncOperation": [ "https://management.azure.com/subscriptions/e8257c73-24c5-4791-94dc-8b7901c90dbf/providers/Microsoft.Kusto/locations/East US/operationResults/a55384d2-3f22-4437-abc4-573a71d1f531?api-version=2022-02-01" ],
        "Server": [ "Microsoft-HTTPAPI/2.0" ],
        "x-ms-ratelimit-remaining-subscription-resource-requests": [ "199" ],
        "x-ms-correlation-request-id": [ "d254bce0-cde2-4723-b341-64e158e1c1b1" ],
        "x-ms-routing-request-id": [ "UAECENTRAL:20220322T143958Z:d254bce0-cde2-4723-b341-64e158e1c1b1" ],
        "Strict-Transport-Security": [ "max-age=31536000; includeSubDomains" ],
        "X-Content-Type-Options": [ "nosniff" ],
        "Date": [ "Tue, 22 Mar 2022 14:39:58 GMT" ]
      },
      "ContentHeaders": {
        "Content-Length": [ "608" ],
        "Content-Type": [ "application/json; charset=utf-8" ],
        "Expires": [ "-1" ]
      },
      "Content": "{\"id\":\"/subscriptions/e8257c73-24c5-4791-94dc-8b7901c90dbf/resourceGroups/testgroupl3rxfo/providers/Microsoft.Kusto/Clusters/testfcluster6yb8x9/AttachedDatabaseConfigurations/testdbconf5cubpj\",\"name\":\"testfcluster6yb8x9/testdbconf5cubpj\",\"type\":\"Microsoft.Kusto/Clusters/AttachedDatabaseConfigurations\",\"location\":\"East US\",\"properties\":{\"databaseName\":\"testdatabase5cubpj\",\"clusterResourceId\":\"/subscriptions/e8257c73-24c5-4791-94dc-8b7901c90dbf/resourcegroups/testgroupl3rxfo/providers/Microsoft.Kusto/Clusters/testclusterl3rxfo\",\"defaultPrincipalsModificationKind\":\"Union\",\"provisioningState\":\"Creating\"}}",
      "isContentBase64": false
    }
  },
  "[NoDescription]+[NoContext]+Delete+$GET+https://management.azure.com/subscriptions/e8257c73-24c5-4791-94dc-8b7901c90dbf/providers/Microsoft.Kusto/locations/East US/operationResults/a55384d2-3f22-4437-abc4-573a71d1f531?api-version=2022-02-01+5": {
    "Request": {
      "Method": "GET",
      "RequestUri": "https://management.azure.com/subscriptions/e8257c73-24c5-4791-94dc-8b7901c90dbf/providers/Microsoft.Kusto/locations/East%20US/operationResults/a55384d2-3f22-4437-abc4-573a71d1f531?api-version=2022-02-01",
      "Content": null,
      "isContentBase64": false,
      "Headers": {
        "Authorization": [ "[Filtered]" ],
        "x-ms-unique-id": [ "326", "327", "328", "329" ],
        "x-ms-client-request-id": [ "ee2f43c1-9fd1-4ea6-a701-14e48479aa48" ],
        "CommandName": [ "New-AzKustoAttachedDatabaseConfiguration" ],
        "FullCommandName": [ "New-AzKustoAttachedDatabaseConfiguration_CreateExpanded" ],
        "ParameterSetName": [ "__AllParameterSets" ],
        "User-Agent": [ "AzurePowershell/v0.0.0", "PSVersion/v7.2.2", "Az.Kusto/0.1.4" ]
      },
      "ContentHeaders": {
      }
    },
    "Response": {
      "StatusCode": 200,
      "Headers": {
        "Cache-Control": [ "no-cache" ],
        "Pragma": [ "no-cache" ],
        "x-ms-request-id": [ "80394f3c-d527-4118-b027-c6074dcdaa77" ],
        "x-ms-operation-root-activity-id": [ "3cdcfb54-2300-4e20-b63a-0b616dd0f0a8" ],
        "Server": [ "Microsoft-HTTPAPI/2.0" ],
        "x-ms-ratelimit-remaining-subscription-resource-requests": [ "298" ],
        "x-ms-correlation-request-id": [ "95918158-b876-4fae-b796-11c9bf0f0f8a" ],
        "x-ms-routing-request-id": [ "UAECENTRAL:20220322T144030Z:95918158-b876-4fae-b796-11c9bf0f0f8a" ],
        "Strict-Transport-Security": [ "max-age=31536000; includeSubDomains" ],
        "X-Content-Type-Options": [ "nosniff" ],
        "Date": [ "Tue, 22 Mar 2022 14:40:29 GMT" ]
      },
      "ContentHeaders": {
        "Content-Length": [ "448" ],
        "Content-Type": [ "application/json; charset=utf-8" ],
        "Expires": [ "-1" ]
      },
      "Content": "{\"id\":\"/subscriptions/e8257c73-24c5-4791-94dc-8b7901c90dbf/providers/Microsoft.Kusto/locations/East US/operationresults/a55384d2-3f22-4437-abc4-573a71d1f531\",\"name\":\"a55384d2-3f22-4437-abc4-573a71d1f531\",\"status\":\"Succeeded\",\"startTime\":\"2022-03-22T14:39:58.8108653Z\",\"endTime\":\"2022-03-22T14:40:18.3584174Z\",\"percentComplete\":1.0,\"properties\":{\"operationKind\":\"FollowerDatabaseCreate\",\"provisioningState\":\"Succeeded\",\"operationState\":\"Completed\"}}",
      "isContentBase64": false
    }
  },
  "[NoDescription]+[NoContext]+Delete+$GET+https://management.azure.com/subscriptions/e8257c73-24c5-4791-94dc-8b7901c90dbf/resourceGroups/testgroupl3rxfo/providers/Microsoft.Kusto/Clusters/testfcluster6yb8x9/AttachedDatabaseConfigurations/testdbconf5cubpj?api-version=2022-02-01+6": {
    "Request": {
      "Method": "GET",
      "RequestUri": "https://management.azure.com/subscriptions/e8257c73-24c5-4791-94dc-8b7901c90dbf/resourceGroups/testgroupl3rxfo/providers/Microsoft.Kusto/Clusters/testfcluster6yb8x9/AttachedDatabaseConfigurations/testdbconf5cubpj?api-version=2022-02-01",
      "Content": null,
      "isContentBase64": false,
      "Headers": {
        "Authorization": [ "[Filtered]" ],
        "x-ms-unique-id": [ "330", "331", "332", "333" ],
        "x-ms-client-request-id": [ "ee2f43c1-9fd1-4ea6-a701-14e48479aa48" ],
        "CommandName": [ "New-AzKustoAttachedDatabaseConfiguration" ],
        "FullCommandName": [ "New-AzKustoAttachedDatabaseConfiguration_CreateExpanded" ],
        "ParameterSetName": [ "__AllParameterSets" ],
        "User-Agent": [ "AzurePowershell/v0.0.0", "PSVersion/v7.2.2", "Az.Kusto/0.1.4" ]
      },
      "ContentHeaders": {
      }
    },
    "Response": {
      "StatusCode": 200,
      "Headers": {
        "Cache-Control": [ "no-cache" ],
        "Pragma": [ "no-cache" ],
        "x-ms-request-id": [ "3ca96cd1-2b35-48f6-bd70-4b21aef19082" ],
        "Server": [ "Microsoft-HTTPAPI/2.0" ],
        "x-ms-ratelimit-remaining-subscription-resource-requests": [ "299" ],
        "x-ms-correlation-request-id": [ "87adf574-92f7-4bad-a3bb-9e6c61a926ab" ],
        "x-ms-routing-request-id": [ "UAECENTRAL:20220322T144031Z:87adf574-92f7-4bad-a3bb-9e6c61a926ab" ],
        "Strict-Transport-Security": [ "max-age=31536000; includeSubDomains" ],
        "X-Content-Type-Options": [ "nosniff" ],
        "Date": [ "Tue, 22 Mar 2022 14:40:30 GMT" ]
      },
      "ContentHeaders": {
        "Content-Length": [ "691" ],
        "Content-Type": [ "application/json; charset=utf-8" ],
        "Expires": [ "-1" ]
      },
      "Content": "{\"id\":\"/subscriptions/e8257c73-24c5-4791-94dc-8b7901c90dbf/resourceGroups/testgroupl3rxfo/providers/Microsoft.Kusto/Clusters/testfcluster6yb8x9/AttachedDatabaseConfigurations/testdbconf5cubpj\",\"name\":\"testfcluster6yb8x9/testdbconf5cubpj\",\"type\":\"Microsoft.Kusto/Clusters/AttachedDatabaseConfigurations\",\"location\":\"East US\",\"properties\":{\"clusterResourceId\":\"/subscriptions/e8257c73-24c5-4791-94dc-8b7901c90dbf/resourceGroups/testgroupl3rxfo/providers/Microsoft.Kusto/Clusters/testclusterl3rxfo\",\"databaseName\":\"testdatabase5cubpj\",\"attachedDatabaseNames\":[\"testdatabase5cubpj\"],\"defaultPrincipalsModificationKind\":\"Union\",\"tableLevelSharingProperties\":null,\"provisioningState\":\"Succeeded\"}}",
      "isContentBase64": false
    }
  },
  "[NoDescription]+[NoContext]+Delete+$DELETE+https://management.azure.com/subscriptions/e8257c73-24c5-4791-94dc-8b7901c90dbf/resourceGroups/testgroupl3rxfo/providers/Microsoft.Kusto/Clusters/testfcluster6yb8x9/AttachedDatabaseConfigurations/testdbconf5cubpj?api-version=2022-02-01+7": {
    "Request": {
      "Method": "DELETE",
      "RequestUri": "https://management.azure.com/subscriptions/e8257c73-24c5-4791-94dc-8b7901c90dbf/resourceGroups/testgroupl3rxfo/providers/Microsoft.Kusto/Clusters/testfcluster6yb8x9/AttachedDatabaseConfigurations/testdbconf5cubpj?api-version=2022-02-01",
      "Content": null,
      "isContentBase64": false,
      "Headers": {
        "x-ms-unique-id": [ "334", "335", "336", "337" ],
        "x-ms-client-request-id": [ "d8394c71-4ec3-4289-a3e3-ae5b2f64c19d" ],
        "CommandName": [ "Remove-AzKustoAttachedDatabaseConfiguration" ],
        "FullCommandName": [ "Remove-AzKustoAttachedDatabaseConfiguration_Delete" ],
        "ParameterSetName": [ "__AllParameterSets" ],
        "User-Agent": [ "AzurePowershell/v0.0.0", "PSVersion/v7.2.2", "Az.Kusto/0.1.4" ],
        "Authorization": [ "[Filtered]" ]
      },
      "ContentHeaders": {
      }
    },
    "Response": {
      "StatusCode": 202,
      "Headers": {
        "Cache-Control": [ "no-cache" ],
        "Pragma": [ "no-cache" ],
        "Location": [ "https://management.azure.com/subscriptions/e8257c73-24c5-4791-94dc-8b7901c90dbf/providers/Microsoft.Kusto/locations/East%20US/operationResults/77990c0d-bd1d-4fe2-b0fc-453b2c972291?api-version=2022-02-01\u0026operationResultResponseType=Location" ],
        "Azure-AsyncOperation": [ "https://management.azure.com/subscriptions/e8257c73-24c5-4791-94dc-8b7901c90dbf/providers/Microsoft.Kusto/locations/East US/operationResults/77990c0d-bd1d-4fe2-b0fc-453b2c972291?api-version=2022-02-01" ],
        "Server": [ "Microsoft-HTTPAPI/2.0" ],
        "x-ms-ratelimit-remaining-subscription-deletes": [ "14999" ],
        "x-ms-request-id": [ "a540e566-1968-47a7-ba0b-2512bf126704" ],
        "x-ms-correlation-request-id": [ "a540e566-1968-47a7-ba0b-2512bf126704" ],
        "x-ms-routing-request-id": [ "UAECENTRAL:20220322T144334Z:a540e566-1968-47a7-ba0b-2512bf126704" ],
        "Strict-Transport-Security": [ "max-age=31536000; includeSubDomains" ],
        "X-Content-Type-Options": [ "nosniff" ],
        "Date": [ "Tue, 22 Mar 2022 14:43:34 GMT" ]
      },
      "ContentHeaders": {
        "Expires": [ "-1" ],
        "Content-Length": [ "0" ]
      },
      "Content": null,
      "isContentBase64": false
    }
  },
  "[NoDescription]+[NoContext]+Delete+$GET+https://management.azure.com/subscriptions/e8257c73-24c5-4791-94dc-8b7901c90dbf/providers/Microsoft.Kusto/locations/East US/operationResults/77990c0d-bd1d-4fe2-b0fc-453b2c972291?api-version=2022-02-01+8": {
    "Request": {
      "Method": "GET",
      "RequestUri": "https://management.azure.com/subscriptions/e8257c73-24c5-4791-94dc-8b7901c90dbf/providers/Microsoft.Kusto/locations/East%20US/operationResults/77990c0d-bd1d-4fe2-b0fc-453b2c972291?api-version=2022-02-01",
      "Content": null,
      "isContentBase64": false,
      "Headers": {
        "Authorization": [ "[Filtered]" ],
        "x-ms-unique-id": [ "338", "339", "340", "341" ],
        "x-ms-client-request-id": [ "d8394c71-4ec3-4289-a3e3-ae5b2f64c19d" ],
        "CommandName": [ "Remove-AzKustoAttachedDatabaseConfiguration" ],
        "FullCommandName": [ "Remove-AzKustoAttachedDatabaseConfiguration_Delete" ],
        "ParameterSetName": [ "__AllParameterSets" ],
        "User-Agent": [ "AzurePowershell/v0.0.0", "PSVersion/v7.2.2", "Az.Kusto/0.1.4" ]
      },
      "ContentHeaders": {
      }
    },
    "Response": {
      "StatusCode": 200,
      "Headers": {
        "Cache-Control": [ "no-cache" ],
        "Pragma": [ "no-cache" ],
        "x-ms-request-id": [ "16c4d4fc-051e-4d01-8c9c-704c34681aff" ],
        "x-ms-operation-root-activity-id": [ "e4418aa2-20e1-4fed-af74-334055f8155a" ],
        "Server": [ "Microsoft-HTTPAPI/2.0" ],
        "x-ms-ratelimit-remaining-subscription-resource-requests": [ "299" ],
        "x-ms-correlation-request-id": [ "8efb2aef-b18d-404c-a562-8aa3907e1d0a" ],
        "x-ms-routing-request-id": [ "UAECENTRAL:20220322T144405Z:8efb2aef-b18d-404c-a562-8aa3907e1d0a" ],
        "Strict-Transport-Security": [ "max-age=31536000; includeSubDomains" ],
        "X-Content-Type-Options": [ "nosniff" ],
        "Date": [ "Tue, 22 Mar 2022 14:44:04 GMT" ]
      },
      "ContentHeaders": {
        "Content-Length": [ "448" ],
        "Content-Type": [ "application/json; charset=utf-8" ],
        "Expires": [ "-1" ]
      },
      "Content": "{\"id\":\"/subscriptions/e8257c73-24c5-4791-94dc-8b7901c90dbf/providers/Microsoft.Kusto/locations/East US/operationresults/77990c0d-bd1d-4fe2-b0fc-453b2c972291\",\"name\":\"77990c0d-bd1d-4fe2-b0fc-453b2c972291\",\"status\":\"Succeeded\",\"startTime\":\"2022-03-22T14:43:34.7001541Z\",\"endTime\":\"2022-03-22T14:43:54.3210522Z\",\"percentComplete\":1.0,\"properties\":{\"operationKind\":\"FollowerDatabaseDetach\",\"provisioningState\":\"Succeeded\",\"operationState\":\"Completed\"}}",
      "isContentBase64": false
    }
  },
  "[NoDescription]+[NoContext]+Delete+$GET+https://management.azure.com/subscriptions/e8257c73-24c5-4791-94dc-8b7901c90dbf/providers/Microsoft.Kusto/locations/East US/operationResults/77990c0d-bd1d-4fe2-b0fc-453b2c972291?api-version=2022-02-01\u0026operationResultResponseType=Location+9": {
    "Request": {
      "Method": "GET",
      "RequestUri": "https://management.azure.com/subscriptions/e8257c73-24c5-4791-94dc-8b7901c90dbf/providers/Microsoft.Kusto/locations/East%20US/operationResults/77990c0d-bd1d-4fe2-b0fc-453b2c972291?api-version=2022-02-01\u0026operationResultResponseType=Location",
      "Content": null,
      "isContentBase64": false,
      "Headers": {
        "Authorization": [ "[Filtered]" ],
        "x-ms-unique-id": [ "342", "343", "344", "345" ],
        "x-ms-client-request-id": [ "d8394c71-4ec3-4289-a3e3-ae5b2f64c19d" ],
        "CommandName": [ "Remove-AzKustoAttachedDatabaseConfiguration" ],
        "FullCommandName": [ "Remove-AzKustoAttachedDatabaseConfiguration_Delete" ],
        "ParameterSetName": [ "__AllParameterSets" ],
        "User-Agent": [ "AzurePowershell/v0.0.0", "PSVersion/v7.2.2", "Az.Kusto/0.1.4" ]
      },
      "ContentHeaders": {
      }
    },
    "Response": {
      "StatusCode": 200,
      "Headers": {
        "Cache-Control": [ "no-cache" ],
        "Pragma": [ "no-cache" ],
        "x-ms-request-id": [ "af128834-1f5a-4230-b285-2c63ffd75c83" ],
        "Server": [ "Microsoft-HTTPAPI/2.0" ],
        "x-ms-ratelimit-remaining-subscription-resource-requests": [ "298" ],
        "x-ms-correlation-request-id": [ "f309ef5f-d38b-478f-9751-15c9e481c1b9" ],
        "x-ms-routing-request-id": [ "UAECENTRAL:20220322T144405Z:f309ef5f-d38b-478f-9751-15c9e481c1b9" ],
        "Strict-Transport-Security": [ "max-age=31536000; includeSubDomains" ],
        "X-Content-Type-Options": [ "nosniff" ],
        "Date": [ "Tue, 22 Mar 2022 14:44:05 GMT" ]
      },
      "ContentHeaders": {
        "Expires": [ "-1" ],
        "Content-Length": [ "0" ]
      },
      "Content": null,
      "isContentBase64": false
    }
  },
  "[NoDescription]+[NoContext]+Delete+$DELETE+https://management.azure.com/subscriptions/e8257c73-24c5-4791-94dc-8b7901c90dbf/resourceGroups/testgroupl3rxfo/providers/Microsoft.Kusto/Clusters/testclusterl3rxfo/Databases/testdatabase5cubpj?api-version=2022-02-01+10": {
    "Request": {
      "Method": "DELETE",
      "RequestUri": "https://management.azure.com/subscriptions/e8257c73-24c5-4791-94dc-8b7901c90dbf/resourceGroups/testgroupl3rxfo/providers/Microsoft.Kusto/Clusters/testclusterl3rxfo/Databases/testdatabase5cubpj?api-version=2022-02-01",
      "Content": null,
      "isContentBase64": false,
      "Headers": {
        "x-ms-unique-id": [ "346", "347", "348", "349" ],
        "x-ms-client-request-id": [ "9afa6197-9599-459f-ace1-e2506e95b0ba" ],
        "CommandName": [ "Remove-AzKustoDatabase" ],
        "FullCommandName": [ "Remove-AzKustoDatabase_Delete" ],
        "ParameterSetName": [ "__AllParameterSets" ],
        "User-Agent": [ "AzurePowershell/v0.0.0", "PSVersion/v7.2.2", "Az.Kusto/0.1.4" ],
        "Authorization": [ "[Filtered]" ]
      },
      "ContentHeaders": {
      }
    },
    "Response": {
      "StatusCode": 202,
      "Headers": {
        "Cache-Control": [ "no-cache" ],
        "Pragma": [ "no-cache" ],
        "Location": [ "https://management.azure.com/subscriptions/e8257c73-24c5-4791-94dc-8b7901c90dbf/providers/Microsoft.Kusto/locations/East%20US/operationResults/c67700e9-3ebb-4b51-a0c6-c31533b62597?api-version=2022-02-01\u0026operationResultResponseType=Location" ],
        "Azure-AsyncOperation": [ "https://management.azure.com/subscriptions/e8257c73-24c5-4791-94dc-8b7901c90dbf/providers/Microsoft.Kusto/locations/East US/operationResults/c67700e9-3ebb-4b51-a0c6-c31533b62597?api-version=2022-02-01" ],
        "Server": [ "Microsoft-HTTPAPI/2.0" ],
        "x-ms-ratelimit-remaining-subscription-deletes": [ "14999" ],
        "x-ms-request-id": [ "f29a6e72-214a-42ed-b2d0-e8310ad124ff" ],
        "x-ms-correlation-request-id": [ "f29a6e72-214a-42ed-b2d0-e8310ad124ff" ],
        "x-ms-routing-request-id": [ "UAECENTRAL:20220322T144709Z:f29a6e72-214a-42ed-b2d0-e8310ad124ff" ],
        "Strict-Transport-Security": [ "max-age=31536000; includeSubDomains" ],
        "X-Content-Type-Options": [ "nosniff" ],
        "Date": [ "Tue, 22 Mar 2022 14:47:09 GMT" ]
      },
      "ContentHeaders": {
        "Expires": [ "-1" ],
        "Content-Length": [ "0" ]
      },
      "Content": null,
      "isContentBase64": false
    }
  },
  "[NoDescription]+[NoContext]+Delete+$GET+https://management.azure.com/subscriptions/e8257c73-24c5-4791-94dc-8b7901c90dbf/providers/Microsoft.Kusto/locations/East US/operationResults/c67700e9-3ebb-4b51-a0c6-c31533b62597?api-version=2022-02-01+11": {
    "Request": {
      "Method": "GET",
      "RequestUri": "https://management.azure.com/subscriptions/e8257c73-24c5-4791-94dc-8b7901c90dbf/providers/Microsoft.Kusto/locations/East%20US/operationResults/c67700e9-3ebb-4b51-a0c6-c31533b62597?api-version=2022-02-01",
      "Content": null,
      "isContentBase64": false,
      "Headers": {
        "Authorization": [ "[Filtered]" ],
        "x-ms-unique-id": [ "350", "351", "352", "353" ],
        "x-ms-client-request-id": [ "9afa6197-9599-459f-ace1-e2506e95b0ba" ],
        "CommandName": [ "Remove-AzKustoDatabase" ],
        "FullCommandName": [ "Remove-AzKustoDatabase_Delete" ],
        "ParameterSetName": [ "__AllParameterSets" ],
        "User-Agent": [ "AzurePowershell/v0.0.0", "PSVersion/v7.2.2", "Az.Kusto/0.1.4" ]
      },
      "ContentHeaders": {
      }
    },
    "Response": {
      "StatusCode": 200,
      "Headers": {
        "Cache-Control": [ "no-cache" ],
        "Pragma": [ "no-cache" ],
        "x-ms-request-id": [ "83cdc9d0-31a8-48eb-9b5f-5aa73d4ff9a0" ],
        "x-ms-operation-root-activity-id": [ "4ee66997-f250-49ae-bfac-cc333db423ae" ],
        "Server": [ "Microsoft-HTTPAPI/2.0" ],
        "x-ms-ratelimit-remaining-subscription-resource-requests": [ "299" ],
        "x-ms-correlation-request-id": [ "dff65706-6937-4076-80dd-a783fcc3d8d4" ],
        "x-ms-routing-request-id": [ "UAECENTRAL:20220322T144739Z:dff65706-6937-4076-80dd-a783fcc3d8d4" ],
        "Strict-Transport-Security": [ "max-age=31536000; includeSubDomains" ],
        "X-Content-Type-Options": [ "nosniff" ],
        "Date": [ "Tue, 22 Mar 2022 14:47:39 GMT" ]
      },
      "ContentHeaders": {
        "Content-Length": [ "439" ],
        "Content-Type": [ "application/json; charset=utf-8" ],
        "Expires": [ "-1" ]
      },
      "Content": "{\"id\":\"/subscriptions/e8257c73-24c5-4791-94dc-8b7901c90dbf/providers/Microsoft.Kusto/locations/East US/operationresults/c67700e9-3ebb-4b51-a0c6-c31533b62597\",\"name\":\"c67700e9-3ebb-4b51-a0c6-c31533b62597\",\"status\":\"Succeeded\",\"startTime\":\"2022-03-22T14:47:09.247984Z\",\"endTime\":\"2022-03-22T14:47:11.1706891Z\",\"percentComplete\":1.0,\"properties\":{\"operationKind\":\"DatabaseDelete\",\"provisioningState\":\"Succeeded\",\"operationState\":\"Completed\"}}",
      "isContentBase64": false
    }
  },
  "[NoDescription]+[NoContext]+Delete+$GET+https://management.azure.com/subscriptions/e8257c73-24c5-4791-94dc-8b7901c90dbf/providers/Microsoft.Kusto/locations/East US/operationResults/c67700e9-3ebb-4b51-a0c6-c31533b62597?api-version=2022-02-01\u0026operationResultResponseType=Location+12": {
    "Request": {
      "Method": "GET",
      "RequestUri": "https://management.azure.com/subscriptions/e8257c73-24c5-4791-94dc-8b7901c90dbf/providers/Microsoft.Kusto/locations/East%20US/operationResults/c67700e9-3ebb-4b51-a0c6-c31533b62597?api-version=2022-02-01\u0026operationResultResponseType=Location",
      "Content": null,
      "isContentBase64": false,
      "Headers": {
        "Authorization": [ "[Filtered]" ],
        "x-ms-unique-id": [ "354", "355", "356", "357" ],
        "x-ms-client-request-id": [ "9afa6197-9599-459f-ace1-e2506e95b0ba" ],
        "CommandName": [ "Remove-AzKustoDatabase" ],
        "FullCommandName": [ "Remove-AzKustoDatabase_Delete" ],
        "ParameterSetName": [ "__AllParameterSets" ],
        "User-Agent": [ "AzurePowershell/v0.0.0", "PSVersion/v7.2.2", "Az.Kusto/0.1.4" ]
      },
      "ContentHeaders": {
      }
    },
    "Response": {
      "StatusCode": 200,
      "Headers": {
        "Cache-Control": [ "no-cache" ],
        "Pragma": [ "no-cache" ],
        "x-ms-request-id": [ "72b50fdb-cc32-4dad-97ee-3690ddab35fc" ],
        "Server": [ "Microsoft-HTTPAPI/2.0" ],
        "x-ms-ratelimit-remaining-subscription-resource-requests": [ "298" ],
        "x-ms-correlation-request-id": [ "44acada4-bce2-4c33-8602-8b557566ad70" ],
        "x-ms-routing-request-id": [ "UAECENTRAL:20220322T144740Z:44acada4-bce2-4c33-8602-8b557566ad70" ],
        "Strict-Transport-Security": [ "max-age=31536000; includeSubDomains" ],
        "X-Content-Type-Options": [ "nosniff" ],
        "Date": [ "Tue, 22 Mar 2022 14:47:39 GMT" ]
      },
      "ContentHeaders": {
        "Expires": [ "-1" ],
        "Content-Length": [ "0" ]
      },
      "Content": null,
      "isContentBase64": false
    }
  }
}