{
  "[NoDescription]+[NoContext]+Delete+$PUT+https://management.azure.com/subscriptions/e8257c73-24c5-4791-94dc-8b7901c90dbf/resourceGroups/PS-SDK-s52kui/providers/Microsoft.Kusto/Clusters/pssdks52kui/Databases/TestDb/DataConnections/event-hub-dc?api-version=2022-12-29+1": {
    "Request": {
      "Method": "PUT",
      "RequestUri": "https://management.azure.com/subscriptions/e8257c73-24c5-4791-94dc-8b7901c90dbf/resourceGroups/PS-SDK-s52kui/providers/Microsoft.Kusto/Clusters/pssdks52kui/Databases/TestDb/DataConnections/event-hub-dc?api-version=2022-12-29",
      "Content": "{\r\n  \"location\": \"East US\",\r\n  \"kind\": \"EventHub\",\r\n  \"properties\": {\r\n    \"eventHubResourceId\": \"/subscriptions/e8257c73-24c5-4791-94dc-8b7901c90dbf/resourceGroups/PS-SDK-s52kui/providers/Microsoft.EventHub/namespaces/EHNamespaces52kui/eventhubs/ehs52kui\",\r\n    \"consumerGroup\": \"$Default\",\r\n    \"compression\": \"None\"\r\n  }\r\n}",
      "isContentBase64": false,
      "Headers": {
      },
      "ContentHeaders": {
        "Content-Type": [ "application/json" ],
        "Content-Length": [ "326" ]
      }
    },
    "Response": {
      "StatusCode": 201,
      "Headers": {
        "Cache-Control": [ "no-cache" ],
        "Pragma": [ "no-cache" ],
        "x-ms-request-id": [ "8a1bf326-59c7-47ce-9c16-194e55aef669" ],
        "Azure-AsyncOperation": [ "https://management.azure.com/subscriptions/e8257c73-24c5-4791-94dc-8b7901c90dbf/providers/Microsoft.Kusto/locations/East US/operationResults/1b6fefe6-f2db-4362-80a5-484f8c2267b6?api-version=2022-12-29" ],
        "Server": [ "Microsoft-HTTPAPI/2.0" ],
        "x-ms-ratelimit-remaining-subscription-resource-requests": [ "199" ],
        "x-ms-correlation-request-id": [ "a818139d-0cdb-4853-b028-cd7208f222e4" ],
        "x-ms-routing-request-id": [ "FRANCESOUTH:20230313T175701Z:a818139d-0cdb-4853-b028-cd7208f222e4" ],
        "Strict-Transport-Security": [ "max-age=31536000; includeSubDomains" ],
        "X-Content-Type-Options": [ "nosniff" ],
        "Date": [ "Mon, 13 Mar 2023 17:57:01 GMT" ]
      },
      "ContentHeaders": {
        "Content-Length": [ "597" ],
        "Content-Type": [ "application/json; charset=utf-8" ],
        "Expires": [ "-1" ]
      },
      "Content": "{\"id\":\"/subscriptions/e8257c73-24c5-4791-94dc-8b7901c90dbf/resourceGroups/PS-SDK-s52kui/providers/Microsoft.Kusto/Clusters/pssdks52kui/Databases/TestDb/DataConnections/event-hub-dc\",\"name\":\"pssdks52kui/TestDb/event-hub-dc\",\"type\":\"Microsoft.Kusto/Clusters/Databases/DataConnections\",\"location\":\"East US\",\"kind\":\"EventHub\",\"properties\":{\"eventHubResourceId\":\"/subscriptions/e8257c73-24c5-4791-94dc-8b7901c90dbf/resourceGroups/PS-SDK-s52kui/providers/Microsoft.EventHub/namespaces/EHNamespaces52kui/eventhubs/ehs52kui\",\"consumerGroup\":\"$Default\",\"compression\":\"None\",\"provisioningState\":\"Creating\"}}",
      "isContentBase64": false
    }
  },
  "[NoDescription]+[NoContext]+Delete+$GET+https://management.azure.com/subscriptions/e8257c73-24c5-4791-94dc-8b7901c90dbf/providers/Microsoft.Kusto/locations/East US/operationResults/1b6fefe6-f2db-4362-80a5-484f8c2267b6?api-version=2022-12-29+2": {
    "Request": {
      "Method": "GET",
      "RequestUri": "https://management.azure.com/subscriptions/e8257c73-24c5-4791-94dc-8b7901c90dbf/providers/Microsoft.Kusto/locations/East%20US/operationResults/1b6fefe6-f2db-4362-80a5-484f8c2267b6?api-version=2022-12-29",
      "Content": null,
      "isContentBase64": false,
      "Headers": {
        "Authorization": [ "[Filtered]" ],
        "x-ms-unique-id": [ "2" ],
        "x-ms-client-request-id": [ "5165b689-b6ab-4dcd-b98d-bbad9b58664a" ],
        "CommandName": [ "Az.Kusto.internal\\New-AzKustoDataConnection" ],
        "FullCommandName": [ "New-AzKustoDataConnection_Create" ],
        "ParameterSetName": [ "__AllParameterSets" ],
        "User-Agent": [ "AzurePowershell/v0.0.0", "PSVersion/v7.3.2", "Az.Kusto/0.1.4" ]
      },
      "ContentHeaders": {
      }
    },
    "Response": {
      "StatusCode": 200,
      "Headers": {
        "Cache-Control": [ "no-cache" ],
        "Pragma": [ "no-cache" ],
        "x-ms-request-id": [ "bafc31f8-9bca-4e73-8edc-aa18e5419acf" ],
        "x-ms-operation-root-activity-id": [ "5bf11805-0986-4467-ae22-f517a843bfe4" ],
        "Server": [ "Microsoft-HTTPAPI/2.0" ],
        "x-ms-ratelimit-remaining-subscription-resource-requests": [ "299" ],
        "x-ms-correlation-request-id": [ "feceeaf9-5150-48d9-a510-51d94645b766" ],
        "x-ms-routing-request-id": [ "FRANCESOUTH:20230313T175731Z:feceeaf9-5150-48d9-a510-51d94645b766" ],
        "Strict-Transport-Security": [ "max-age=31536000; includeSubDomains" ],
        "X-Content-Type-Options": [ "nosniff" ],
        "Date": [ "Mon, 13 Mar 2023 17:57:30 GMT" ]
      },
      "ContentHeaders": {
        "Content-Length": [ "347" ],
        "Content-Type": [ "application/json; charset=utf-8" ],
        "Expires": [ "-1" ]
      },
      "Content": "{\"id\":\"/subscriptions/e8257c73-24c5-4791-94dc-8b7901c90dbf/providers/Microsoft.Kusto/locations/East US/operationresults/1b6fefe6-f2db-4362-80a5-484f8c2267b6\",\"name\":\"1b6fefe6-f2db-4362-80a5-484f8c2267b6\",\"status\":\"Succeeded\",\"startTime\":\"2023-03-13T17:57:01.3840436Z\",\"endTime\":\"2023-03-13T17:57:05.0562409Z\",\"percentComplete\":1.0,\"properties\":{}}",
      "isContentBase64": false
    }
  },
  "[NoDescription]+[NoContext]+Delete+$GET+https://management.azure.com/subscriptions/e8257c73-24c5-4791-94dc-8b7901c90dbf/resourceGroups/PS-SDK-s52kui/providers/Microsoft.Kusto/Clusters/pssdks52kui/Databases/TestDb/DataConnections/event-hub-dc?api-version=2022-12-29+3": {
    "Request": {
      "Method": "GET",
      "RequestUri": "https://management.azure.com/subscriptions/e8257c73-24c5-4791-94dc-8b7901c90dbf/resourceGroups/PS-SDK-s52kui/providers/Microsoft.Kusto/Clusters/pssdks52kui/Databases/TestDb/DataConnections/event-hub-dc?api-version=2022-12-29",
      "Content": null,
      "isContentBase64": false,
      "Headers": {
        "Authorization": [ "[Filtered]" ],
        "x-ms-unique-id": [ "3" ],
        "x-ms-client-request-id": [ "5165b689-b6ab-4dcd-b98d-bbad9b58664a" ],
        "CommandName": [ "Az.Kusto.internal\\New-AzKustoDataConnection" ],
        "FullCommandName": [ "New-AzKustoDataConnection_Create" ],
        "ParameterSetName": [ "__AllParameterSets" ],
        "User-Agent": [ "AzurePowershell/v0.0.0", "PSVersion/v7.3.2", "Az.Kusto/0.1.4" ]
      },
      "ContentHeaders": {
      }
    },
    "Response": {
      "StatusCode": 200,
      "Headers": {
        "Cache-Control": [ "no-cache" ],
        "Pragma": [ "no-cache" ],
        "x-ms-request-id": [ "5fd68d83-a9bd-4d95-8a8b-b101fc9f62d5" ],
        "Server": [ "Microsoft-HTTPAPI/2.0" ],
        "x-ms-ratelimit-remaining-subscription-resource-requests": [ "299" ],
        "x-ms-correlation-request-id": [ "83c842c7-eff7-4d1a-8980-5ec403a2471f" ],
        "x-ms-routing-request-id": [ "FRANCESOUTH:20230313T175732Z:83c842c7-eff7-4d1a-8980-5ec403a2471f" ],
        "Strict-Transport-Security": [ "max-age=31536000; includeSubDomains" ],
        "X-Content-Type-Options": [ "nosniff" ],
        "Date": [ "Mon, 13 Mar 2023 17:57:31 GMT" ]
      },
      "ContentHeaders": {
        "Content-Length": [ "820" ],
        "Content-Type": [ "application/json; charset=utf-8" ],
        "Expires": [ "-1" ]
      },
      "Content": "{\"id\":\"/subscriptions/e8257c73-24c5-4791-94dc-8b7901c90dbf/resourceGroups/PS-SDK-s52kui/providers/Microsoft.Kusto/Clusters/pssdks52kui/Databases/TestDb/DataConnections/event-hub-dc\",\"name\":\"pssdks52kui/TestDb/event-hub-dc\",\"type\":\"Microsoft.Kusto/Clusters/Databases/DataConnections\",\"location\":\"East US\",\"kind\":\"EventHub\",\"properties\":{\"eventHubResourceId\":\"/subscriptions/e8257c73-24c5-4791-94dc-8b7901c90dbf/resourceGroups/PS-SDK-s52kui/providers/Microsoft.EventHub/namespaces/EHNamespaces52kui/eventhubs/ehs52kui\",\"consumerGroup\":\"$Default\",\"tableName\":\"\",\"mappingRuleName\":\"\",\"dataFormat\":\"\",\"eventSystemProperties\":[],\"compression\":\"None\",\"managedIdentityResourceId\":null,\"managedIdentityObjectId\":null,\"databaseRouting\":\"Single\",\"retrievalStartDate\":\"2023-03-13T17:57:04.9751382Z\",\"provisioningState\":\"Succeeded\"}}",
      "isContentBase64": false
    }
  },
  "[NoDescription]+[NoContext]+Delete+$DELETE+https://management.azure.com/subscriptions/e8257c73-24c5-4791-94dc-8b7901c90dbf/resourceGroups/PS-SDK-s52kui/providers/Microsoft.Kusto/Clusters/pssdks52kui/Databases/TestDb/DataConnections/event-hub-dc?api-version=2022-12-29+4": {
    "Request": {
      "Method": "DELETE",
      "RequestUri": "https://management.azure.com/subscriptions/e8257c73-24c5-4791-94dc-8b7901c90dbf/resourceGroups/PS-SDK-s52kui/providers/Microsoft.Kusto/Clusters/pssdks52kui/Databases/TestDb/DataConnections/event-hub-dc?api-version=2022-12-29",
      "Content": null,
      "isContentBase64": false,
      "Headers": {
        "x-ms-unique-id": [ "4" ],
        "x-ms-client-request-id": [ "7c24acff-4c30-4d70-b389-bb34ae34688a" ],
        "CommandName": [ "Remove-AzKustoDataConnection" ],
        "FullCommandName": [ "Remove-AzKustoDataConnection_Delete" ],
        "ParameterSetName": [ "__AllParameterSets" ],
        "User-Agent": [ "AzurePowershell/v0.0.0", "PSVersion/v7.3.2", "Az.Kusto/0.1.4" ],
        "Authorization": [ "[Filtered]" ]
      },
      "ContentHeaders": {
      }
    },
    "Response": {
      "StatusCode": 202,
      "Headers": {
        "Cache-Control": [ "no-cache" ],
        "Pragma": [ "no-cache" ],
        "Location": [ "https://management.azure.com/subscriptions/e8257c73-24c5-4791-94dc-8b7901c90dbf/providers/Microsoft.Kusto/locations/East%20US/operationResults/dd56f9db-58cc-4dbc-8ade-fe0919846443?api-version=2022-12-29\u0026operationResultResponseType=Location" ],
        "Azure-AsyncOperation": [ "https://management.azure.com/subscriptions/e8257c73-24c5-4791-94dc-8b7901c90dbf/providers/Microsoft.Kusto/locations/East US/operationResults/dd56f9db-58cc-4dbc-8ade-fe0919846443?api-version=2022-12-29" ],
        "Server": [ "Microsoft-HTTPAPI/2.0" ],
        "x-ms-ratelimit-remaining-subscription-deletes": [ "14999" ],
        "x-ms-request-id": [ "65e60654-1994-4e15-825c-1a4150cdad40" ],
        "x-ms-correlation-request-id": [ "65e60654-1994-4e15-825c-1a4150cdad40" ],
        "x-ms-routing-request-id": [ "FRANCESOUTH:20230313T175733Z:65e60654-1994-4e15-825c-1a4150cdad40" ],
        "Strict-Transport-Security": [ "max-age=31536000; includeSubDomains" ],
        "X-Content-Type-Options": [ "nosniff" ],
        "Date": [ "Mon, 13 Mar 2023 17:57:32 GMT" ]
      },
      "ContentHeaders": {
        "Expires": [ "-1" ],
        "Content-Length": [ "0" ]
      },
      "Content": null,
      "isContentBase64": false
    }
  },
  "[NoDescription]+[NoContext]+Delete+$GET+https://management.azure.com/subscriptions/e8257c73-24c5-4791-94dc-8b7901c90dbf/providers/Microsoft.Kusto/locations/East US/operationResults/dd56f9db-58cc-4dbc-8ade-fe0919846443?api-version=2022-12-29+5": {
    "Request": {
      "Method": "GET",
      "RequestUri": "https://management.azure.com/subscriptions/e8257c73-24c5-4791-94dc-8b7901c90dbf/providers/Microsoft.Kusto/locations/East%20US/operationResults/dd56f9db-58cc-4dbc-8ade-fe0919846443?api-version=2022-12-29",
      "Content": null,
      "isContentBase64": false,
      "Headers": {
        "Authorization": [ "[Filtered]" ],
        "x-ms-unique-id": [ "5" ],
        "x-ms-client-request-id": [ "7c24acff-4c30-4d70-b389-bb34ae34688a" ],
        "CommandName": [ "Remove-AzKustoDataConnection" ],
        "FullCommandName": [ "Remove-AzKustoDataConnection_Delete" ],
        "ParameterSetName": [ "__AllParameterSets" ],
        "User-Agent": [ "AzurePowershell/v0.0.0", "PSVersion/v7.3.2", "Az.Kusto/0.1.4" ]
      },
      "ContentHeaders": {
      }
    },
    "Response": {
      "StatusCode": 200,
      "Headers": {
        "Cache-Control": [ "no-cache" ],
        "Pragma": [ "no-cache" ],
        "x-ms-request-id": [ "33827534-b501-4b01-acaa-55e211614028" ],
        "x-ms-operation-root-activity-id": [ "56506f97-d9b1-436a-b047-4e4cb292b992" ],
        "Server": [ "Microsoft-HTTPAPI/2.0" ],
        "x-ms-ratelimit-remaining-subscription-resource-requests": [ "298" ],
        "x-ms-correlation-request-id": [ "b2bc5438-0261-4004-aea4-9ab8479b096c" ],
        "x-ms-routing-request-id": [ "FRANCESOUTH:20230313T175804Z:b2bc5438-0261-4004-aea4-9ab8479b096c" ],
        "Strict-Transport-Security": [ "max-age=31536000; includeSubDomains" ],
        "X-Content-Type-Options": [ "nosniff" ],
        "Date": [ "Mon, 13 Mar 2023 17:58:03 GMT" ]
      },
      "ContentHeaders": {
        "Content-Length": [ "451" ],
        "Content-Type": [ "application/json; charset=utf-8" ],
        "Expires": [ "-1" ]
      },
      "Content": "{\"id\":\"/subscriptions/e8257c73-24c5-4791-94dc-8b7901c90dbf/providers/Microsoft.Kusto/locations/East US/operationresults/dd56f9db-58cc-4dbc-8ade-fe0919846443\",\"name\":\"dd56f9db-58cc-4dbc-8ade-fe0919846443\",\"status\":\"Succeeded\",\"startTime\":\"2023-03-13T17:57:33.6531677Z\",\"endTime\":\"2023-03-13T17:57:34.3719802Z\",\"percentComplete\":1.0,\"properties\":{\"operationKind\":\"DmServiceDataObtainerDrop\",\"provisioningState\":\"Succeeded\",\"operationState\":\"Completed\"}}",
      "isContentBase64": false
    }
  },
  "[NoDescription]+[NoContext]+Delete+$GET+https://management.azure.com/subscriptions/e8257c73-24c5-4791-94dc-8b7901c90dbf/providers/Microsoft.Kusto/locations/East US/operationResults/dd56f9db-58cc-4dbc-8ade-fe0919846443?api-version=2022-12-29\u0026operationResultResponseType=Location+6": {
    "Request": {
      "Method": "GET",
      "RequestUri": "https://management.azure.com/subscriptions/e8257c73-24c5-4791-94dc-8b7901c90dbf/providers/Microsoft.Kusto/locations/East%20US/operationResults/dd56f9db-58cc-4dbc-8ade-fe0919846443?api-version=2022-12-29\u0026operationResultResponseType=Location",
      "Content": null,
      "isContentBase64": false,
      "Headers": {
        "Authorization": [ "[Filtered]" ],
        "x-ms-unique-id": [ "6" ],
        "x-ms-client-request-id": [ "7c24acff-4c30-4d70-b389-bb34ae34688a" ],
        "CommandName": [ "Remove-AzKustoDataConnection" ],
        "FullCommandName": [ "Remove-AzKustoDataConnection_Delete" ],
        "ParameterSetName": [ "__AllParameterSets" ],
        "User-Agent": [ "AzurePowershell/v0.0.0", "PSVersion/v7.3.2", "Az.Kusto/0.1.4" ]
      },
      "ContentHeaders": {
      }
    },
    "Response": {
      "StatusCode": 200,
      "Headers": {
        "Cache-Control": [ "no-cache" ],
        "Pragma": [ "no-cache" ],
        "x-ms-request-id": [ "322e81a3-60c8-4eb5-8b87-fe896af82ab1" ],
        "Server": [ "Microsoft-HTTPAPI/2.0" ],
        "x-ms-ratelimit-remaining-subscription-resource-requests": [ "297" ],
        "x-ms-correlation-request-id": [ "17a26703-2879-4e34-9103-4fe95750ca5f" ],
        "x-ms-routing-request-id": [ "FRANCESOUTH:20230313T175804Z:17a26703-2879-4e34-9103-4fe95750ca5f" ],
        "Strict-Transport-Security": [ "max-age=31536000; includeSubDomains" ],
        "X-Content-Type-Options": [ "nosniff" ],
        "Date": [ "Mon, 13 Mar 2023 17:58:03 GMT" ]
      },
      "ContentHeaders": {
        "Expires": [ "-1" ],
        "Content-Length": [ "0" ]
      },
      "Content": null,
      "isContentBase64": false
    }
  }
}