{
  "Remove-AzKustoAttachedDatabaseConfiguration+[NoContext]+Delete+$PUT+https://management.azure.com/subscriptions/11d5f159-a21d-4a6c-8053-c3aae30057cf/resourceGroups/testgrouppb8oay/providers/Microsoft.Kusto/Clusters/testclusterpb8oay/Databases/testdatabaseaxb9i7?api-version=2020-02-15+1": {
    "Request": {
      "Method": "PUT",
      "RequestUri": "https://management.azure.com/subscriptions/11d5f159-a21d-4a6c-8053-c3aae30057cf/resourceGroups/testgrouppb8oay/providers/Microsoft.Kusto/Clusters/testclusterpb8oay/Databases/testdatabaseaxb9i7?api-version=2020-02-15",
      "Content": "{\r\n  \"kind\": \"ReadWrite\",\r\n  \"location\": \"East US\"\r\n}",
      "Headers": {
      },
      "ContentHeaders": {
        "Content-Type": [ "application/json" ],
        "Content-Length": [ "53" ]
      }
    },
    "Response": {
      "StatusCode": 201,
      "Headers": {
        "Cache-Control": [ "no-cache" ],
        "Pragma": [ "no-cache" ],
        "ETag": [ "\"\"" ],
        "x-ms-request-id": [ "46c8ca33-879b-4c54-afc6-9ff614fdd3b6" ],
        "Azure-AsyncOperation": [ "https://management.azure.com/subscriptions/11d5f159-a21d-4a6c-8053-c3aae30057cf/providers/Microsoft.Kusto/locations/East US/operationResults/f0be0993-bdbc-4737-98b8-53d551833816?api-version=2020-02-15" ],
        "Set-Cookie": [ "ARRAffinity=6546d31d55ee4830d02435ffb7e23d3cc2fbc05a13894098a441197898802a3b;Path=/;HttpOnly;Domain=rp-kustorpeus-website.azurewebsites.net" ],
        "X-Powered-By": [ "ASP.NET" ],
        "x-ms-ratelimit-remaining-subscription-resource-requests": [ "194" ],
        "x-ms-correlation-request-id": [ "e17aa88f-fe24-4aa5-8d8a-336f4714fe72" ],
        "x-ms-routing-request-id": [ "UKSOUTH:20200507T122043Z:e17aa88f-fe24-4aa5-8d8a-336f4714fe72" ],
        "Strict-Transport-Security": [ "max-age=31536000; includeSubDomains" ],
        "X-Content-Type-Options": [ "nosniff" ],
        "Date": [ "Thu, 07 May 2020 12:20:43 GMT" ]
      },
      "ContentHeaders": {
        "Content-Length": [ "363" ],
        "Content-Type": [ "application/json; charset=utf-8" ],
        "Expires": [ "-1" ]
      },
      "Content": "{\"id\":\"/subscriptions/11d5f159-a21d-4a6c-8053-c3aae30057cf/resourceGroups/testgrouppb8oay/providers/Microsoft.Kusto/Clusters/testclusterpb8oay/Databases/testdatabaseaxb9i7\",\"name\":\"testclusterpb8oay/testdatabaseaxb9i7\",\"type\":\"Microsoft.Kusto/Clusters/Databases\",\"etag\":\"\\\"\\\"\",\"location\":\"East US\",\"kind\":\"ReadWrite\",\"properties\":{\"provisioningState\":\"Creating\"}}"
    }
  },
  "Remove-AzKustoAttachedDatabaseConfiguration+[NoContext]+Delete+$GET+https://management.azure.com/subscriptions/11d5f159-a21d-4a6c-8053-c3aae30057cf/providers/Microsoft.Kusto/locations/East US/operationResults/f0be0993-bdbc-4737-98b8-53d551833816?api-version=2020-02-15+2": {
    "Request": {
      "Method": "GET",
      "RequestUri": "https://management.azure.com/subscriptions/11d5f159-a21d-4a6c-8053-c3aae30057cf/providers/Microsoft.Kusto/locations/East%20US/operationResults/f0be0993-bdbc-4737-98b8-53d551833816?api-version=2020-02-15",
      "Content": null,
      "Headers": {
        "x-ms-unique-id": [ "331", "332" ],
        "x-ms-client-request-id": [ "cdb42a54-397b-4a0f-a2cc-65f9fc4d756c", "cdb42a54-397b-4a0f-a2cc-65f9fc4d756c" ],
        "CommandName": [ "Az.Kusto.internal\\New-AzKustoDatabase", "Az.Kusto.internal\\New-AzKustoDatabase" ],
        "FullCommandName": [ "New-AzKustoDatabase_Create", "New-AzKustoDatabase_Create" ],
        "ParameterSetName": [ "__AllParameterSets", "__AllParameterSets" ],
        "User-Agent": [ "AzurePowershell/Az4.0.0-preview", "AzurePowershell/Az4.0.0-preview" ],
        "Authorization": [ "[Filtered]" ]
      },
      "ContentHeaders": {
      }
    },
    "Response": {
      "StatusCode": 200,
      "Headers": {
        "Cache-Control": [ "no-cache" ],
        "Pragma": [ "no-cache" ],
        "Vary": [ "Accept-Encoding" ],
        "x-ms-ratelimit-remaining-subscription-resource-requests": [ "283" ],
        "x-ms-request-id": [ "69f76a67-be86-48cd-8669-6a0f57bd69d1" ],
        "Set-Cookie": [ "ARRAffinity=1d5fb298951795712d54b2df0c89d185153c650eca2a3f79345b380a30442d23;Path=/;HttpOnly;Domain=rp-kustorpeus-website.azurewebsites.net" ],
        "X-Powered-By": [ "ASP.NET" ],
        "x-ms-correlation-request-id": [ "440e1a8f-c470-441e-bab3-f1909637567a" ],
        "x-ms-routing-request-id": [ "UKSOUTH:20200507T122114Z:440e1a8f-c470-441e-bab3-f1909637567a" ],
        "Strict-Transport-Security": [ "max-age=31536000; includeSubDomains" ],
        "X-Content-Type-Options": [ "nosniff" ],
        "Date": [ "Thu, 07 May 2020 12:21:14 GMT" ]
      },
      "ContentHeaders": {
        "Content-Length": [ "467" ],
        "Content-Type": [ "application/json; charset=utf-8" ],
        "Expires": [ "-1" ]
      },
      "Content": "{\"id\":\"/subscriptions/11d5f159-a21d-4a6c-8053-c3aae30057cf/providers/Microsoft.Kusto/locations/East US/operationresults/f0be0993-bdbc-4737-98b8-53d551833816\",\"name\":\"f0be0993-bdbc-4737-98b8-53d551833816\",\"status\":\"Succeeded\",\"startTime\":\"2020-05-07T12:20:43.7805716Z\",\"endTime\":\"2020-05-07T12:20:45.4524205Z\",\"percentComplete\":1.0,\"properties\":{\"OperationKind\":\"DatabaseCreate\",\"RootActivityId\":\"c606045d-a113-4ea7-89ec-d43cf60fab01\",\"provisioningState\":\"Succeeded\"}}"
    }
  },
  "Remove-AzKustoAttachedDatabaseConfiguration+[NoContext]+Delete+$GET+https://management.azure.com/subscriptions/11d5f159-a21d-4a6c-8053-c3aae30057cf/resourceGroups/testgrouppb8oay/providers/Microsoft.Kusto/Clusters/testclusterpb8oay/Databases/testdatabaseaxb9i7?api-version=2020-02-15+3": {
    "Request": {
      "Method": "GET",
      "RequestUri": "https://management.azure.com/subscriptions/11d5f159-a21d-4a6c-8053-c3aae30057cf/resourceGroups/testgrouppb8oay/providers/Microsoft.Kusto/Clusters/testclusterpb8oay/Databases/testdatabaseaxb9i7?api-version=2020-02-15",
      "Content": null,
      "Headers": {
        "x-ms-unique-id": [ "331", "332", "333" ],
        "x-ms-client-request-id": [ "cdb42a54-397b-4a0f-a2cc-65f9fc4d756c", "cdb42a54-397b-4a0f-a2cc-65f9fc4d756c", "cdb42a54-397b-4a0f-a2cc-65f9fc4d756c" ],
        "CommandName": [ "Az.Kusto.internal\\New-AzKustoDatabase", "Az.Kusto.internal\\New-AzKustoDatabase", "Az.Kusto.internal\\New-AzKustoDatabase" ],
        "FullCommandName": [ "New-AzKustoDatabase_Create", "New-AzKustoDatabase_Create", "New-AzKustoDatabase_Create" ],
        "ParameterSetName": [ "__AllParameterSets", "__AllParameterSets", "__AllParameterSets" ],
        "User-Agent": [ "AzurePowershell/Az4.0.0-preview", "AzurePowershell/Az4.0.0-preview", "AzurePowershell/Az4.0.0-preview" ],
        "Authorization": [ "[Filtered]" ]
      },
      "ContentHeaders": {
      }
    },
    "Response": {
      "StatusCode": 200,
      "Headers": {
        "Cache-Control": [ "no-cache" ],
        "Pragma": [ "no-cache" ],
        "ETag": [ "\"\"" ],
        "Vary": [ "Accept-Encoding" ],
        "x-ms-ratelimit-remaining-subscription-resource-requests": [ "299" ],
        "x-ms-request-id": [ "e9f26af5-89dd-43df-acdf-2cd5cbfa68af" ],
        "Set-Cookie": [ "ARRAffinity=9a838ce951ff4a4e588f47ec992dc9adcb73c9a40c27b5fc6f5d3195a90fb3f7;Path=/;HttpOnly;Domain=rp-kustorpeus-website.azurewebsites.net" ],
        "X-Powered-By": [ "ASP.NET" ],
        "x-ms-correlation-request-id": [ "b0f0d2fe-ab5c-4ed5-a515-246f475b54d3" ],
        "x-ms-routing-request-id": [ "UKSOUTH:20200507T122114Z:b0f0d2fe-ab5c-4ed5-a515-246f475b54d3" ],
        "Strict-Transport-Security": [ "max-age=31536000; includeSubDomains" ],
        "X-Content-Type-Options": [ "nosniff" ],
        "Date": [ "Thu, 07 May 2020 12:21:14 GMT" ]
      },
      "ContentHeaders": {
        "Content-Length": [ "471" ],
        "Content-Type": [ "application/json; charset=utf-8" ],
        "Expires": [ "-1" ]
      },
      "Content": "{\"id\":\"/subscriptions/11d5f159-a21d-4a6c-8053-c3aae30057cf/resourceGroups/testgrouppb8oay/providers/Microsoft.Kusto/Clusters/testclusterpb8oay/Databases/testdatabaseaxb9i7\",\"name\":\"testclusterpb8oay/testdatabaseaxb9i7\",\"type\":\"Microsoft.Kusto/Clusters/Databases\",\"etag\":\"\\\"\\\"\",\"location\":\"East US\",\"kind\":\"ReadWrite\",\"tags\":{},\"properties\":{\"isFollowed\":false,\"softDeletePeriodInDays\":0,\"hotCachePeriodInDays\":0,\"statistics\":{\"size\":0.0},\"provisioningState\":\"Succeeded\"}}"
    }
  },
  "Remove-AzKustoAttachedDatabaseConfiguration+[NoContext]+Delete+$PUT+https://management.azure.com/subscriptions/11d5f159-a21d-4a6c-8053-c3aae30057cf/resourceGroups/testgrouppb8oay/providers/Microsoft.Kusto/Clusters/testfcluster25n9il/AttachedDatabaseConfigurations/testdbconfaxb9i7?api-version=2020-02-15+4": {
    "Request": {
      "Method": "PUT",
      "RequestUri": "https://management.azure.com/subscriptions/11d5f159-a21d-4a6c-8053-c3aae30057cf/resourceGroups/testgrouppb8oay/providers/Microsoft.Kusto/Clusters/testfcluster25n9il/AttachedDatabaseConfigurations/testdbconfaxb9i7?api-version=2020-02-15",
      "Content": "{\r\n  \"properties\": {\r\n    \"clusterResourceId\": \"/subscriptions/11d5f159-a21d-4a6c-8053-c3aae30057cf/resourcegroups/testgrouppb8oay/providers/Microsoft.Kusto/Clusters/testclusterpb8oay\",\r\n    \"databaseName\": \"testdatabaseaxb9i7\",\r\n    \"defaultPrincipalsModificationKind\": \"Union\"\r\n  },\r\n  \"location\": \"East US\"\r\n}",
      "Headers": {
      },
      "ContentHeaders": {
        "Content-Type": [ "application/json" ],
        "Content-Length": [ "312" ]
      }
    },
    "Response": {
      "StatusCode": 201,
      "Headers": {
        "Cache-Control": [ "no-cache" ],
        "Pragma": [ "no-cache" ],
        "ETag": [ "\"\"" ],
        "x-ms-request-id": [ "b05a332c-4cd5-4111-8323-f893979c3601" ],
        "Azure-AsyncOperation": [ "https://management.azure.com/subscriptions/11d5f159-a21d-4a6c-8053-c3aae30057cf/providers/Microsoft.Kusto/locations/East US/operationResults/babb2f12-0318-4f7d-ab17-ceefe88f6b2f?api-version=2020-02-15" ],
        "Set-Cookie": [ "ARRAffinity=6546d31d55ee4830d02435ffb7e23d3cc2fbc05a13894098a441197898802a3b;Path=/;HttpOnly;Domain=rp-kustorpeus-website.azurewebsites.net" ],
        "X-Powered-By": [ "ASP.NET" ],
        "x-ms-ratelimit-remaining-subscription-resource-requests": [ "196" ],
        "x-ms-correlation-request-id": [ "6edac822-daaa-49e1-b173-4ffb3a9aefb9" ],
        "x-ms-routing-request-id": [ "UKSOUTH:20200507T122115Z:6edac822-daaa-49e1-b173-4ffb3a9aefb9" ],
        "Strict-Transport-Security": [ "max-age=31536000; includeSubDomains" ],
        "X-Content-Type-Options": [ "nosniff" ],
        "Date": [ "Thu, 07 May 2020 12:21:15 GMT" ]
      },
      "ContentHeaders": {
        "Content-Length": [ "622" ],
        "Content-Type": [ "application/json; charset=utf-8" ],
        "Expires": [ "-1" ]
      },
      "Content": "{\"id\":\"/subscriptions/11d5f159-a21d-4a6c-8053-c3aae30057cf/resourceGroups/testgrouppb8oay/providers/Microsoft.Kusto/Clusters/testfcluster25n9il/AttachedDatabaseConfigurations/testdbconfaxb9i7\",\"name\":\"testfcluster25n9il/testdbconfaxb9i7\",\"type\":\"Microsoft.Kusto/Clusters/AttachedDatabaseConfigurations\",\"etag\":\"\\\"\\\"\",\"location\":\"East US\",\"properties\":{\"clusterResourceId\":\"/subscriptions/11d5f159-a21d-4a6c-8053-c3aae30057cf/resourcegroups/testgrouppb8oay/providers/Microsoft.Kusto/Clusters/testclusterpb8oay\",\"databaseName\":\"testdatabaseaxb9i7\",\"defaultPrincipalsModificationKind\":\"Union\",\"provisioningState\":\"Creating\"}}"
    }
  },
  "Remove-AzKustoAttachedDatabaseConfiguration+[NoContext]+Delete+$GET+https://management.azure.com/subscriptions/11d5f159-a21d-4a6c-8053-c3aae30057cf/providers/Microsoft.Kusto/locations/East US/operationResults/babb2f12-0318-4f7d-ab17-ceefe88f6b2f?api-version=2020-02-15+5": {
    "Request": {
      "Method": "GET",
      "RequestUri": "https://management.azure.com/subscriptions/11d5f159-a21d-4a6c-8053-c3aae30057cf/providers/Microsoft.Kusto/locations/East%20US/operationResults/babb2f12-0318-4f7d-ab17-ceefe88f6b2f?api-version=2020-02-15",
      "Content": null,
      "Headers": {
        "x-ms-unique-id": [ "334", "335" ],
        "x-ms-client-request-id": [ "fb149dce-8c11-4282-828e-06046eae8322", "fb149dce-8c11-4282-828e-06046eae8322" ],
        "CommandName": [ "New-AzKustoAttachedDatabaseConfiguration", "New-AzKustoAttachedDatabaseConfiguration" ],
        "FullCommandName": [ "New-AzKustoAttachedDatabaseConfiguration_CreateExpanded", "New-AzKustoAttachedDatabaseConfiguration_CreateExpanded" ],
        "ParameterSetName": [ "__AllParameterSets", "__AllParameterSets" ],
        "User-Agent": [ "AzurePowershell/Az4.0.0-preview", "AzurePowershell/Az4.0.0-preview" ],
        "Authorization": [ "[Filtered]" ]
      },
      "ContentHeaders": {
      }
    },
    "Response": {
      "StatusCode": 200,
      "Headers": {
        "Cache-Control": [ "no-cache" ],
        "Pragma": [ "no-cache" ],
        "Vary": [ "Accept-Encoding" ],
        "x-ms-correlation-request-id": [ "194489d7-eeb8-47fb-9090-5f1f0e57d289" ],
        "x-ms-request-id": [ "b7fef97f-7aae-4edb-bca1-75bb87606775" ],
        "x-ms-ratelimit-remaining-subscription-resource-requests": [ "282" ],
        "Set-Cookie": [ "ARRAffinity=73188f00504f8544b9d429869eef32f3dcd5548d04365edd03c9732994baf421;Path=/;HttpOnly;Domain=rp-kustorpeus-website.azurewebsites.net" ],
        "X-Powered-By": [ "ASP.NET" ],
        "x-ms-routing-request-id": [ "UKSOUTH:20200507T122145Z:194489d7-eeb8-47fb-9090-5f1f0e57d289" ],
        "Strict-Transport-Security": [ "max-age=31536000; includeSubDomains" ],
        "X-Content-Type-Options": [ "nosniff" ],
        "Date": [ "Thu, 07 May 2020 12:21:44 GMT" ]
      },
      "ContentHeaders": {
        "Content-Length": [ "475" ],
        "Content-Type": [ "application/json; charset=utf-8" ],
        "Expires": [ "-1" ]
      },
      "Content": "{\"id\":\"/subscriptions/11d5f159-a21d-4a6c-8053-c3aae30057cf/providers/Microsoft.Kusto/locations/East US/operationresults/babb2f12-0318-4f7d-ab17-ceefe88f6b2f\",\"name\":\"babb2f12-0318-4f7d-ab17-ceefe88f6b2f\",\"status\":\"Succeeded\",\"startTime\":\"2020-05-07T12:21:14.9974353Z\",\"endTime\":\"2020-05-07T12:21:21.6693548Z\",\"percentComplete\":1.0,\"properties\":{\"OperationKind\":\"FollowerDatabaseCreate\",\"RootActivityId\":\"d8bcbd76-4720-4ec8-ab17-eb377276d976\",\"provisioningState\":\"Succeeded\"}}"
    }
  },
  "Remove-AzKustoAttachedDatabaseConfiguration+[NoContext]+Delete+$GET+https://management.azure.com/subscriptions/11d5f159-a21d-4a6c-8053-c3aae30057cf/resourceGroups/testgrouppb8oay/providers/Microsoft.Kusto/Clusters/testfcluster25n9il/AttachedDatabaseConfigurations/testdbconfaxb9i7?api-version=2020-02-15+6": {
    "Request": {
      "Method": "GET",
      "RequestUri": "https://management.azure.com/subscriptions/11d5f159-a21d-4a6c-8053-c3aae30057cf/resourceGroups/testgrouppb8oay/providers/Microsoft.Kusto/Clusters/testfcluster25n9il/AttachedDatabaseConfigurations/testdbconfaxb9i7?api-version=2020-02-15",
      "Content": null,
      "Headers": {
        "x-ms-unique-id": [ "334", "335", "336" ],
        "x-ms-client-request-id": [ "fb149dce-8c11-4282-828e-06046eae8322", "fb149dce-8c11-4282-828e-06046eae8322", "fb149dce-8c11-4282-828e-06046eae8322" ],
        "CommandName": [ "New-AzKustoAttachedDatabaseConfiguration", "New-AzKustoAttachedDatabaseConfiguration", "New-AzKustoAttachedDatabaseConfiguration" ],
        "FullCommandName": [ "New-AzKustoAttachedDatabaseConfiguration_CreateExpanded", "New-AzKustoAttachedDatabaseConfiguration_CreateExpanded", "New-AzKustoAttachedDatabaseConfiguration_CreateExpanded" ],
        "ParameterSetName": [ "__AllParameterSets", "__AllParameterSets", "__AllParameterSets" ],
        "User-Agent": [ "AzurePowershell/Az4.0.0-preview", "AzurePowershell/Az4.0.0-preview", "AzurePowershell/Az4.0.0-preview" ],
        "Authorization": [ "[Filtered]" ]
      },
      "ContentHeaders": {
      }
    },
    "Response": {
      "StatusCode": 200,
      "Headers": {
        "Cache-Control": [ "no-cache" ],
        "Pragma": [ "no-cache" ],
        "ETag": [ "\"\"" ],
        "Vary": [ "Accept-Encoding" ],
        "x-ms-ratelimit-remaining-subscription-resource-requests": [ "299" ],
        "x-ms-request-id": [ "e0f1ffab-354f-4730-b199-1a428ad59d7d" ],
        "Set-Cookie": [ "ARRAffinity=c1f5052bc28b0bbf40575a6df2f4ded2368fd8ee0ff0267911659cdee815dfe0;Path=/;HttpOnly;Domain=rp-kustorpeus-website.azurewebsites.net" ],
        "X-Powered-By": [ "ASP.NET" ],
        "x-ms-correlation-request-id": [ "e0e11d1a-a38a-4ea2-ad75-8853de904454" ],
        "x-ms-routing-request-id": [ "UKSOUTH:20200507T122146Z:e0e11d1a-a38a-4ea2-ad75-8853de904454" ],
        "Strict-Transport-Security": [ "max-age=31536000; includeSubDomains" ],
        "X-Content-Type-Options": [ "nosniff" ],
        "Date": [ "Thu, 07 May 2020 12:21:45 GMT" ]
      },
      "ContentHeaders": {
        "Content-Length": [ "680" ],
        "Content-Type": [ "application/json; charset=utf-8" ],
        "Expires": [ "-1" ]
      },
      "Content": "{\"id\":\"/subscriptions/11d5f159-a21d-4a6c-8053-c3aae30057cf/resourceGroups/testgrouppb8oay/providers/Microsoft.Kusto/Clusters/testfcluster25n9il/AttachedDatabaseConfigurations/testdbconfaxb9i7\",\"name\":\"testfcluster25n9il/testdbconfaxb9i7\",\"type\":\"Microsoft.Kusto/Clusters/AttachedDatabaseConfigurations\",\"etag\":\"\\\"\\\"\",\"location\":\"East US\",\"tags\":{},\"properties\":{\"clusterResourceId\":\"/subscriptions/11d5f159-a21d-4a6c-8053-c3aae30057cf/resourceGroups/testgrouppb8oay/providers/Microsoft.Kusto/Clusters/testclusterpb8oay\",\"databaseName\":\"testdatabaseaxb9i7\",\"attachedDatabaseNames\":[\"testdatabaseaxb9i7\"],\"defaultPrincipalsModificationKind\":\"Union\",\"provisioningState\":\"Succeeded\"}}"
    }
  },
  "Remove-AzKustoAttachedDatabaseConfiguration+[NoContext]+Delete+$DELETE+https://management.azure.com/subscriptions/11d5f159-a21d-4a6c-8053-c3aae30057cf/resourceGroups/testgrouppb8oay/providers/Microsoft.Kusto/Clusters/testfcluster25n9il/AttachedDatabaseConfigurations/testdbconfaxb9i7?api-version=2020-02-15+7": {
    "Request": {
      "Method": "DELETE",
      "RequestUri": "https://management.azure.com/subscriptions/11d5f159-a21d-4a6c-8053-c3aae30057cf/resourceGroups/testgrouppb8oay/providers/Microsoft.Kusto/Clusters/testfcluster25n9il/AttachedDatabaseConfigurations/testdbconfaxb9i7?api-version=2020-02-15",
      "Content": null,
      "Headers": {
        "x-ms-unique-id": [ "337" ],
        "x-ms-client-request-id": [ "b85af9a1-53df-475a-8081-fbcf230df738" ],
        "CommandName": [ "Remove-AzKustoAttachedDatabaseConfiguration" ],
        "FullCommandName": [ "Remove-AzKustoAttachedDatabaseConfiguration_Delete" ],
        "ParameterSetName": [ "__AllParameterSets" ],
        "User-Agent": [ "AzurePowershell/Az4.0.0-preview" ],
        "Authorization": [ "[Filtered]" ]
      },
      "ContentHeaders": {
      }
    },
    "Response": {
      "StatusCode": 202,
      "Headers": {
        "Cache-Control": [ "no-cache" ],
        "Pragma": [ "no-cache" ],
        "Location": [ "https://management.azure.com/subscriptions/11d5f159-a21d-4a6c-8053-c3aae30057cf/providers/Microsoft.Kusto/locations/East%20US/operationResults/b1b7ce67-0623-4f9a-9f0c-31b726a9a6f6?api-version=2020-02-15\u0026operationResultResponseType=Location" ],
        "Azure-AsyncOperation": [ "https://management.azure.com/subscriptions/11d5f159-a21d-4a6c-8053-c3aae30057cf/providers/Microsoft.Kusto/locations/East US/operationResults/b1b7ce67-0623-4f9a-9f0c-31b726a9a6f6?api-version=2020-02-15" ],
        "Set-Cookie": [ "ARRAffinity=64a84d1b8be40d42410441039be54e62669e05f3addf3e9ab79064612877a188;Path=/;HttpOnly;Domain=rp-kustorpeus-website.azurewebsites.net" ],
        "X-Powered-By": [ "ASP.NET" ],
        "x-ms-ratelimit-remaining-subscription-deletes": [ "14988" ],
        "x-ms-request-id": [ "f4f967e3-474a-4854-9bf1-2f1b7fe015c1" ],
        "x-ms-correlation-request-id": [ "f4f967e3-474a-4854-9bf1-2f1b7fe015c1" ],
        "x-ms-routing-request-id": [ "UKSOUTH:20200507T122146Z:f4f967e3-474a-4854-9bf1-2f1b7fe015c1" ],
        "Strict-Transport-Security": [ "max-age=31536000; includeSubDomains" ],
        "X-Content-Type-Options": [ "nosniff" ],
        "Date": [ "Thu, 07 May 2020 12:21:45 GMT" ]
      },
      "ContentHeaders": {
        "Expires": [ "-1" ],
        "Content-Length": [ "0" ]
      },
      "Content": null
    }
  },
  "Remove-AzKustoAttachedDatabaseConfiguration+[NoContext]+Delete+$GET+https://management.azure.com/subscriptions/11d5f159-a21d-4a6c-8053-c3aae30057cf/providers/Microsoft.Kusto/locations/East US/operationResults/b1b7ce67-0623-4f9a-9f0c-31b726a9a6f6?api-version=2020-02-15+8": {
    "Request": {
      "Method": "GET",
      "RequestUri": "https://management.azure.com/subscriptions/11d5f159-a21d-4a6c-8053-c3aae30057cf/providers/Microsoft.Kusto/locations/East%20US/operationResults/b1b7ce67-0623-4f9a-9f0c-31b726a9a6f6?api-version=2020-02-15",
      "Content": null,
      "Headers": {
        "x-ms-unique-id": [ "337", "338" ],
        "x-ms-client-request-id": [ "b85af9a1-53df-475a-8081-fbcf230df738", "b85af9a1-53df-475a-8081-fbcf230df738" ],
        "CommandName": [ "Remove-AzKustoAttachedDatabaseConfiguration", "Remove-AzKustoAttachedDatabaseConfiguration" ],
        "FullCommandName": [ "Remove-AzKustoAttachedDatabaseConfiguration_Delete", "Remove-AzKustoAttachedDatabaseConfiguration_Delete" ],
        "ParameterSetName": [ "__AllParameterSets", "__AllParameterSets" ],
        "User-Agent": [ "AzurePowershell/Az4.0.0-preview", "AzurePowershell/Az4.0.0-preview" ],
        "Authorization": [ "[Filtered]" ]
      },
      "ContentHeaders": {
      }
    },
    "Response": {
      "StatusCode": 200,
      "Headers": {
        "Cache-Control": [ "no-cache" ],
        "Pragma": [ "no-cache" ],
        "Vary": [ "Accept-Encoding" ],
        "x-ms-ratelimit-remaining-subscription-resource-requests": [ "281" ],
        "x-ms-request-id": [ "0d8cdeaf-281b-4e08-b23d-5b1cff592c2d" ],
        "Set-Cookie": [ "ARRAffinity=322636332396dc9c2c583f1f95d6956f84718edf355825979649eda7bf94886e;Path=/;HttpOnly;Domain=rp-kustorpeus-website.azurewebsites.net" ],
        "X-Powered-By": [ "ASP.NET" ],
        "x-ms-correlation-request-id": [ "e88f34ba-57a7-498a-a2ee-1caf6e4206e5" ],
        "x-ms-routing-request-id": [ "UKSOUTH:20200507T122216Z:e88f34ba-57a7-498a-a2ee-1caf6e4206e5" ],
        "Strict-Transport-Security": [ "max-age=31536000; includeSubDomains" ],
        "X-Content-Type-Options": [ "nosniff" ],
        "Date": [ "Thu, 07 May 2020 12:22:15 GMT" ]
      },
      "ContentHeaders": {
        "Content-Length": [ "475" ],
        "Content-Type": [ "application/json; charset=utf-8" ],
        "Expires": [ "-1" ]
      },
      "Content": "{\"id\":\"/subscriptions/11d5f159-a21d-4a6c-8053-c3aae30057cf/providers/Microsoft.Kusto/locations/East US/operationresults/b1b7ce67-0623-4f9a-9f0c-31b726a9a6f6\",\"name\":\"b1b7ce67-0623-4f9a-9f0c-31b726a9a6f6\",\"status\":\"Succeeded\",\"startTime\":\"2020-05-07T12:21:46.3333689Z\",\"endTime\":\"2020-05-07T12:21:49.0677362Z\",\"percentComplete\":1.0,\"properties\":{\"OperationKind\":\"FollowerDatabaseDetach\",\"RootActivityId\":\"ff2a33c2-3ba9-4b44-bacb-bb904fb199c2\",\"provisioningState\":\"Succeeded\"}}"
    }
  },
  "Remove-AzKustoAttachedDatabaseConfiguration+[NoContext]+Delete+$GET+https://management.azure.com/subscriptions/11d5f159-a21d-4a6c-8053-c3aae30057cf/providers/Microsoft.Kusto/locations/East US/operationResults/b1b7ce67-0623-4f9a-9f0c-31b726a9a6f6?api-version=2020-02-15\u0026operationResultResponseType=Location+9": {
    "Request": {
      "Method": "GET",
      "RequestUri": "https://management.azure.com/subscriptions/11d5f159-a21d-4a6c-8053-c3aae30057cf/providers/Microsoft.Kusto/locations/East%20US/operationResults/b1b7ce67-0623-4f9a-9f0c-31b726a9a6f6?api-version=2020-02-15\u0026operationResultResponseType=Location",
      "Content": null,
      "Headers": {
        "x-ms-unique-id": [ "337", "338", "339" ],
        "x-ms-client-request-id": [ "b85af9a1-53df-475a-8081-fbcf230df738", "b85af9a1-53df-475a-8081-fbcf230df738", "b85af9a1-53df-475a-8081-fbcf230df738" ],
        "CommandName": [ "Remove-AzKustoAttachedDatabaseConfiguration", "Remove-AzKustoAttachedDatabaseConfiguration", "Remove-AzKustoAttachedDatabaseConfiguration" ],
        "FullCommandName": [ "Remove-AzKustoAttachedDatabaseConfiguration_Delete", "Remove-AzKustoAttachedDatabaseConfiguration_Delete", "Remove-AzKustoAttachedDatabaseConfiguration_Delete" ],
        "ParameterSetName": [ "__AllParameterSets", "__AllParameterSets", "__AllParameterSets" ],
        "User-Agent": [ "AzurePowershell/Az4.0.0-preview", "AzurePowershell/Az4.0.0-preview", "AzurePowershell/Az4.0.0-preview" ],
        "Authorization": [ "[Filtered]" ]
      },
      "ContentHeaders": {
      }
    },
    "Response": {
      "StatusCode": 200,
      "Headers": {
        "Cache-Control": [ "no-cache" ],
        "Pragma": [ "no-cache" ],
        "x-ms-request-id": [ "95bbbbf4-7765-4113-ad90-ce0f5e9ab9ff" ],
        "Set-Cookie": [ "ARRAffinity=45bc5646e5f63163a799271f995382b84c5f2334391266b6d89f9667ca2e960a;Path=/;HttpOnly;Domain=rp-kustorpeus-website.azurewebsites.net" ],
        "X-Powered-By": [ "ASP.NET" ],
        "x-ms-ratelimit-remaining-subscription-resource-requests": [ "280" ],
        "x-ms-correlation-request-id": [ "86d6d58f-61e0-4f8b-a724-41b27220b02a" ],
        "x-ms-routing-request-id": [ "UKSOUTH:20200507T122216Z:86d6d58f-61e0-4f8b-a724-41b27220b02a" ],
        "Strict-Transport-Security": [ "max-age=31536000; includeSubDomains" ],
        "X-Content-Type-Options": [ "nosniff" ],
        "Date": [ "Thu, 07 May 2020 12:22:16 GMT" ]
      },
      "ContentHeaders": {
        "Expires": [ "-1" ],
        "Content-Length": [ "0" ]
      },
      "Content": null
    }
  },
  "Remove-AzKustoAttachedDatabaseConfiguration+[NoContext]+Delete+$DELETE+https://management.azure.com/subscriptions/11d5f159-a21d-4a6c-8053-c3aae30057cf/resourceGroups/testgrouppb8oay/providers/Microsoft.Kusto/Clusters/testclusterpb8oay/Databases/testdatabaseaxb9i7?api-version=2020-02-15+10": {
    "Request": {
      "Method": "DELETE",
      "RequestUri": "https://management.azure.com/subscriptions/11d5f159-a21d-4a6c-8053-c3aae30057cf/resourceGroups/testgrouppb8oay/providers/Microsoft.Kusto/Clusters/testclusterpb8oay/Databases/testdatabaseaxb9i7?api-version=2020-02-15",
      "Content": null,
      "Headers": {
        "x-ms-unique-id": [ "340" ],
        "x-ms-client-request-id": [ "805754f7-668a-44a3-809e-e2bf938c7369" ],
        "CommandName": [ "Remove-AzKustoDatabase" ],
        "FullCommandName": [ "Remove-AzKustoDatabase_Delete" ],
        "ParameterSetName": [ "__AllParameterSets" ],
        "User-Agent": [ "AzurePowershell/Az4.0.0-preview" ],
        "Authorization": [ "[Filtered]" ]
      },
      "ContentHeaders": {
      }
    },
    "Response": {
      "StatusCode": 202,
      "Headers": {
        "Cache-Control": [ "no-cache" ],
        "Pragma": [ "no-cache" ],
        "Location": [ "https://management.azure.com/subscriptions/11d5f159-a21d-4a6c-8053-c3aae30057cf/providers/Microsoft.Kusto/locations/East%20US/operationResults/e933f573-e1a6-4d0a-bcb6-33646be2f046?api-version=2020-02-15\u0026operationResultResponseType=Location" ],
        "Azure-AsyncOperation": [ "https://management.azure.com/subscriptions/11d5f159-a21d-4a6c-8053-c3aae30057cf/providers/Microsoft.Kusto/locations/East US/operationResults/e933f573-e1a6-4d0a-bcb6-33646be2f046?api-version=2020-02-15" ],
        "Set-Cookie": [ "ARRAffinity=1d5fb298951795712d54b2df0c89d185153c650eca2a3f79345b380a30442d23;Path=/;HttpOnly;Domain=rp-kustorpeus-website.azurewebsites.net" ],
        "X-Powered-By": [ "ASP.NET" ],
        "x-ms-ratelimit-remaining-subscription-deletes": [ "14987" ],
        "x-ms-request-id": [ "87b1aa60-90a2-4afd-b5fc-929fc2378328" ],
        "x-ms-correlation-request-id": [ "87b1aa60-90a2-4afd-b5fc-929fc2378328" ],
        "x-ms-routing-request-id": [ "UKSOUTH:20200507T122217Z:87b1aa60-90a2-4afd-b5fc-929fc2378328" ],
        "Strict-Transport-Security": [ "max-age=31536000; includeSubDomains" ],
        "X-Content-Type-Options": [ "nosniff" ],
        "Date": [ "Thu, 07 May 2020 12:22:16 GMT" ]
      },
      "ContentHeaders": {
        "Expires": [ "-1" ],
        "Content-Length": [ "0" ]
      },
      "Content": null
    }
  },
  "Remove-AzKustoAttachedDatabaseConfiguration+[NoContext]+Delete+$GET+https://management.azure.com/subscriptions/11d5f159-a21d-4a6c-8053-c3aae30057cf/providers/Microsoft.Kusto/locations/East US/operationResults/e933f573-e1a6-4d0a-bcb6-33646be2f046?api-version=2020-02-15+11": {
    "Request": {
      "Method": "GET",
      "RequestUri": "https://management.azure.com/subscriptions/11d5f159-a21d-4a6c-8053-c3aae30057cf/providers/Microsoft.Kusto/locations/East%20US/operationResults/e933f573-e1a6-4d0a-bcb6-33646be2f046?api-version=2020-02-15",
      "Content": null,
      "Headers": {
        "x-ms-unique-id": [ "340", "341" ],
        "x-ms-client-request-id": [ "805754f7-668a-44a3-809e-e2bf938c7369", "805754f7-668a-44a3-809e-e2bf938c7369" ],
        "CommandName": [ "Remove-AzKustoDatabase", "Remove-AzKustoDatabase" ],
        "FullCommandName": [ "Remove-AzKustoDatabase_Delete", "Remove-AzKustoDatabase_Delete" ],
        "ParameterSetName": [ "__AllParameterSets", "__AllParameterSets" ],
        "User-Agent": [ "AzurePowershell/Az4.0.0-preview", "AzurePowershell/Az4.0.0-preview" ],
        "Authorization": [ "[Filtered]" ]
      },
      "ContentHeaders": {
      }
    },
    "Response": {
      "StatusCode": 200,
      "Headers": {
        "Cache-Control": [ "no-cache" ],
        "Pragma": [ "no-cache" ],
        "Vary": [ "Accept-Encoding" ],
        "x-ms-correlation-request-id": [ "e8b03f6e-3442-4e05-b435-7becd1120696" ],
        "x-ms-request-id": [ "2950acd8-0065-4de1-85d9-8c79194a14c3" ],
        "x-ms-ratelimit-remaining-subscription-resource-requests": [ "279" ],
        "Set-Cookie": [ "ARRAffinity=9a838ce951ff4a4e588f47ec992dc9adcb73c9a40c27b5fc6f5d3195a90fb3f7;Path=/;HttpOnly;Domain=rp-kustorpeus-website.azurewebsites.net" ],
        "X-Powered-By": [ "ASP.NET" ],
        "x-ms-routing-request-id": [ "UKSOUTH:20200507T122247Z:e8b03f6e-3442-4e05-b435-7becd1120696" ],
        "Strict-Transport-Security": [ "max-age=31536000; includeSubDomains" ],
        "X-Content-Type-Options": [ "nosniff" ],
        "Date": [ "Thu, 07 May 2020 12:22:47 GMT" ]
      },
      "ContentHeaders": {
        "Content-Length": [ "467" ],
        "Content-Type": [ "application/json; charset=utf-8" ],
        "Expires": [ "-1" ]
      },
      "Content": "{\"id\":\"/subscriptions/11d5f159-a21d-4a6c-8053-c3aae30057cf/providers/Microsoft.Kusto/locations/East US/operationresults/e933f573-e1a6-4d0a-bcb6-33646be2f046\",\"name\":\"e933f573-e1a6-4d0a-bcb6-33646be2f046\",\"status\":\"Succeeded\",\"startTime\":\"2020-05-07T12:22:17.1352155Z\",\"endTime\":\"2020-05-07T12:22:18.9789853Z\",\"percentComplete\":1.0,\"properties\":{\"OperationKind\":\"DatabaseDelete\",\"RootActivityId\":\"0af6c13f-13ab-4b3e-a8c0-15b146114303\",\"provisioningState\":\"Succeeded\"}}"
    }
  },
  "Remove-AzKustoAttachedDatabaseConfiguration+[NoContext]+Delete+$GET+https://management.azure.com/subscriptions/11d5f159-a21d-4a6c-8053-c3aae30057cf/providers/Microsoft.Kusto/locations/East US/operationResults/e933f573-e1a6-4d0a-bcb6-33646be2f046?api-version=2020-02-15\u0026operationResultResponseType=Location+12": {
    "Request": {
      "Method": "GET",
      "RequestUri": "https://management.azure.com/subscriptions/11d5f159-a21d-4a6c-8053-c3aae30057cf/providers/Microsoft.Kusto/locations/East%20US/operationResults/e933f573-e1a6-4d0a-bcb6-33646be2f046?api-version=2020-02-15\u0026operationResultResponseType=Location",
      "Content": null,
      "Headers": {
        "x-ms-unique-id": [ "340", "341", "342" ],
        "x-ms-client-request-id": [ "805754f7-668a-44a3-809e-e2bf938c7369", "805754f7-668a-44a3-809e-e2bf938c7369", "805754f7-668a-44a3-809e-e2bf938c7369" ],
        "CommandName": [ "Remove-AzKustoDatabase", "Remove-AzKustoDatabase", "Remove-AzKustoDatabase" ],
        "FullCommandName": [ "Remove-AzKustoDatabase_Delete", "Remove-AzKustoDatabase_Delete", "Remove-AzKustoDatabase_Delete" ],
        "ParameterSetName": [ "__AllParameterSets", "__AllParameterSets", "__AllParameterSets" ],
        "User-Agent": [ "AzurePowershell/Az4.0.0-preview", "AzurePowershell/Az4.0.0-preview", "AzurePowershell/Az4.0.0-preview" ],
        "Authorization": [ "[Filtered]" ]
      },
      "ContentHeaders": {
      }
    },
    "Response": {
      "StatusCode": 200,
      "Headers": {
        "Cache-Control": [ "no-cache" ],
        "Pragma": [ "no-cache" ],
        "x-ms-request-id": [ "788c4e76-29ba-47ea-8479-78f66919b837" ],
        "Set-Cookie": [ "ARRAffinity=6546d31d55ee4830d02435ffb7e23d3cc2fbc05a13894098a441197898802a3b;Path=/;HttpOnly;Domain=rp-kustorpeus-website.azurewebsites.net" ],
        "X-Powered-By": [ "ASP.NET" ],
        "x-ms-ratelimit-remaining-subscription-resource-requests": [ "278" ],
        "x-ms-correlation-request-id": [ "9e627635-cdf6-4a8b-88a2-669cda6aafe2" ],
        "x-ms-routing-request-id": [ "UKSOUTH:20200507T122248Z:9e627635-cdf6-4a8b-88a2-669cda6aafe2" ],
        "Strict-Transport-Security": [ "max-age=31536000; includeSubDomains" ],
        "X-Content-Type-Options": [ "nosniff" ],
        "Date": [ "Thu, 07 May 2020 12:22:47 GMT" ]
      },
      "ContentHeaders": {
        "Expires": [ "-1" ],
        "Content-Length": [ "0" ]
      },
      "Content": null
    }
  }
}