{
  "[NoDescription]+[NoContext]+Delete+$PUT+https://management.azure.com/subscriptions/e8257c73-24c5-4791-94dc-8b7901c90dbf/resourceGroups/PS-SDK-4cv18e/providers/Microsoft.Kusto/Clusters/pssdk4cv18e/Databases/testdatabaseyz7sod?api-version=2022-12-29+1": {
    "Request": {
      "Method": "PUT",
      "RequestUri": "https://management.azure.com/subscriptions/e8257c73-24c5-4791-94dc-8b7901c90dbf/resourceGroups/PS-SDK-4cv18e/providers/Microsoft.Kusto/Clusters/pssdk4cv18e/Databases/testdatabaseyz7sod?api-version=2022-12-29",
      "Content": "{\r\n  \"location\": \"East US\",\r\n  \"kind\": \"ReadWrite\"\r\n}",
      "isContentBase64": false,
      "Headers": {
      },
      "ContentHeaders": {
        "Content-Type": [ "application/json" ],
        "Content-Length": [ "53" ]
      }
    },
    "Response": {
      "StatusCode": 201,
      "Headers": {
        "Cache-Control": [ "no-cache" ],
        "Pragma": [ "no-cache" ],
        "x-ms-request-id": [ "3a6af39f-cb2d-4dd3-a47b-89eadf808024" ],
        "Azure-AsyncOperation": [ "https://management.azure.com/subscriptions/e8257c73-24c5-4791-94dc-8b7901c90dbf/providers/Microsoft.Kusto/locations/East US/operationResults/f97c0568-bab1-4df9-8ff0-d38765d8df10?api-version=2022-12-29" ],
        "Server": [ "Microsoft-HTTPAPI/2.0" ],
        "x-ms-ratelimit-remaining-subscription-resource-requests": [ "191" ],
        "x-ms-correlation-request-id": [ "4db02eb7-fc92-43e8-9e70-64705e372dc9" ],
        "x-ms-routing-request-id": [ "FRANCESOUTH:20230315T192111Z:4db02eb7-fc92-43e8-9e70-64705e372dc9" ],
        "Strict-Transport-Security": [ "max-age=31536000; includeSubDomains" ],
        "X-Content-Type-Options": [ "nosniff" ],
        "Date": [ "Wed, 15 Mar 2023 19:21:10 GMT" ]
      },
      "ContentHeaders": {
        "Content-Length": [ "335" ],
        "Content-Type": [ "application/json; charset=utf-8" ],
        "Expires": [ "-1" ]
      },
      "Content": "{\"id\":\"/subscriptions/e8257c73-24c5-4791-94dc-8b7901c90dbf/resourceGroups/PS-SDK-4cv18e/providers/Microsoft.Kusto/Clusters/pssdk4cv18e/Databases/testdatabaseyz7sod\",\"name\":\"pssdk4cv18e/testdatabaseyz7sod\",\"type\":\"Microsoft.Kusto/Clusters/Databases\",\"location\":\"East US\",\"kind\":\"ReadWrite\",\"properties\":{\"provisioningState\":\"Creating\"}}",
      "isContentBase64": false
    }
  },
  "[NoDescription]+[NoContext]+Delete+$GET+https://management.azure.com/subscriptions/e8257c73-24c5-4791-94dc-8b7901c90dbf/providers/Microsoft.Kusto/locations/East US/operationResults/f97c0568-bab1-4df9-8ff0-d38765d8df10?api-version=2022-12-29+2": {
    "Request": {
      "Method": "GET",
      "RequestUri": "https://management.azure.com/subscriptions/e8257c73-24c5-4791-94dc-8b7901c90dbf/providers/Microsoft.Kusto/locations/East%20US/operationResults/f97c0568-bab1-4df9-8ff0-d38765d8df10?api-version=2022-12-29",
      "Content": null,
      "isContentBase64": false,
      "Headers": {
        "Authorization": [ "[Filtered]" ],
        "x-ms-unique-id": [ "377" ],
        "x-ms-client-request-id": [ "6989e72a-25b8-46d9-8251-dcd239bfd90d" ],
        "CommandName": [ "Az.Kusto.internal\\New-AzKustoDatabase" ],
        "FullCommandName": [ "New-AzKustoDatabase_Create" ],
        "ParameterSetName": [ "__AllParameterSets" ],
        "User-Agent": [ "AzurePowershell/v0.0.0", "PSVersion/v7.3.2", "Az.Kusto/0.1.4" ]
      },
      "ContentHeaders": {
      }
    },
    "Response": {
      "StatusCode": 200,
      "Headers": {
        "Cache-Control": [ "no-cache" ],
        "Pragma": [ "no-cache" ],
        "x-ms-request-id": [ "03e75a7a-cf0f-4e91-84b1-b8d474f4c485" ],
        "x-ms-operation-root-activity-id": [ "3bb118ee-4707-47b0-95f8-691c6cb864f2" ],
        "Server": [ "Microsoft-HTTPAPI/2.0" ],
        "x-ms-ratelimit-remaining-subscription-resource-requests": [ "286" ],
        "x-ms-correlation-request-id": [ "8e58f2e6-8519-403b-88c4-b6dc8782c3b6" ],
        "x-ms-routing-request-id": [ "FRANCESOUTH:20230315T192141Z:8e58f2e6-8519-403b-88c4-b6dc8782c3b6" ],
        "Strict-Transport-Security": [ "max-age=31536000; includeSubDomains" ],
        "X-Content-Type-Options": [ "nosniff" ],
        "Date": [ "Wed, 15 Mar 2023 19:21:40 GMT" ]
      },
      "ContentHeaders": {
        "Content-Length": [ "438" ],
        "Content-Type": [ "application/json; charset=utf-8" ],
        "Expires": [ "-1" ]
      },
      "Content": "{\"id\":\"/subscriptions/e8257c73-24c5-4791-94dc-8b7901c90dbf/providers/Microsoft.Kusto/locations/East US/operationresults/f97c0568-bab1-4df9-8ff0-d38765d8df10\",\"name\":\"f97c0568-bab1-4df9-8ff0-d38765d8df10\",\"status\":\"Succeeded\",\"startTime\":\"2023-03-15T19:21:11.45636Z\",\"endTime\":\"2023-03-15T19:21:16.5972632Z\",\"percentComplete\":1.0,\"properties\":{\"operationKind\":\"DatabaseCreate\",\"provisioningState\":\"Succeeded\",\"operationState\":\"Completed\"}}",
      "isContentBase64": false
    }
  },
  "[NoDescription]+[NoContext]+Delete+$GET+https://management.azure.com/subscriptions/e8257c73-24c5-4791-94dc-8b7901c90dbf/resourceGroups/PS-SDK-4cv18e/providers/Microsoft.Kusto/Clusters/pssdk4cv18e/Databases/testdatabaseyz7sod?api-version=2022-12-29+3": {
    "Request": {
      "Method": "GET",
      "RequestUri": "https://management.azure.com/subscriptions/e8257c73-24c5-4791-94dc-8b7901c90dbf/resourceGroups/PS-SDK-4cv18e/providers/Microsoft.Kusto/Clusters/pssdk4cv18e/Databases/testdatabaseyz7sod?api-version=2022-12-29",
      "Content": null,
      "isContentBase64": false,
      "Headers": {
        "Authorization": [ "[Filtered]" ],
        "x-ms-unique-id": [ "378" ],
        "x-ms-client-request-id": [ "6989e72a-25b8-46d9-8251-dcd239bfd90d" ],
        "CommandName": [ "Az.Kusto.internal\\New-AzKustoDatabase" ],
        "FullCommandName": [ "New-AzKustoDatabase_Create" ],
        "ParameterSetName": [ "__AllParameterSets" ],
        "User-Agent": [ "AzurePowershell/v0.0.0", "PSVersion/v7.3.2", "Az.Kusto/0.1.4" ]
      },
      "ContentHeaders": {
      }
    },
    "Response": {
      "StatusCode": 200,
      "Headers": {
        "Cache-Control": [ "no-cache" ],
        "Pragma": [ "no-cache" ],
        "x-ms-request-id": [ "0c2e0375-717a-4a27-818c-541342940edd" ],
        "Server": [ "Microsoft-HTTPAPI/2.0" ],
        "x-ms-ratelimit-remaining-subscription-resource-requests": [ "296" ],
        "x-ms-correlation-request-id": [ "1bdfa67b-d2c9-46fd-8a3c-da7fd52c7bb3" ],
        "x-ms-routing-request-id": [ "FRANCESOUTH:20230315T192142Z:1bdfa67b-d2c9-46fd-8a3c-da7fd52c7bb3" ],
        "Strict-Transport-Security": [ "max-age=31536000; includeSubDomains" ],
        "X-Content-Type-Options": [ "nosniff" ],
        "Date": [ "Wed, 15 Mar 2023 19:21:41 GMT" ]
      },
      "ContentHeaders": {
        "Content-Length": [ "381" ],
        "Content-Type": [ "application/json; charset=utf-8" ],
        "Expires": [ "-1" ]
      },
      "Content": "{\"id\":\"/subscriptions/e8257c73-24c5-4791-94dc-8b7901c90dbf/resourceGroups/PS-SDK-4cv18e/providers/Microsoft.Kusto/Clusters/pssdk4cv18e/Databases/testdatabaseyz7sod\",\"name\":\"pssdk4cv18e/testdatabaseyz7sod\",\"type\":\"Microsoft.Kusto/Clusters/Databases\",\"location\":\"East US\",\"kind\":\"ReadWrite\",\"properties\":{\"statistics\":{\"size\":0.0},\"isFollowed\":false,\"provisioningState\":\"Succeeded\"}}",
      "isContentBase64": false
    }
  },
  "[NoDescription]+[NoContext]+Delete+$PUT+https://management.azure.com/subscriptions/e8257c73-24c5-4791-94dc-8b7901c90dbf/resourceGroups/PS-SDK-4cv18e/providers/Microsoft.Kusto/Clusters/pssdkfollow4cv18e/AttachedDatabaseConfigurations/testdbconfyz7sod?api-version=2022-12-29+4": {
    "Request": {
      "Method": "PUT",
      "RequestUri": "https://management.azure.com/subscriptions/e8257c73-24c5-4791-94dc-8b7901c90dbf/resourceGroups/PS-SDK-4cv18e/providers/Microsoft.Kusto/Clusters/pssdkfollow4cv18e/AttachedDatabaseConfigurations/testdbconfyz7sod?api-version=2022-12-29",
      "Content": "{\r\n  \"properties\": {\r\n    \"databaseName\": \"testdatabaseyz7sod\",\r\n    \"clusterResourceId\": \"/subscriptions/e8257c73-24c5-4791-94dc-8b7901c90dbf/resourceGroups/PS-SDK-4cv18e/providers/Microsoft.Kusto/clusters/pssdk4cv18e\",\r\n    \"defaultPrincipalsModificationKind\": \"Union\"\r\n  },\r\n  \"location\": \"East US\"\r\n}",
      "isContentBase64": false,
      "Headers": {
      },
      "ContentHeaders": {
        "Content-Type": [ "application/json" ],
        "Content-Length": [ "304" ]
      }
    },
    "Response": {
      "StatusCode": 201,
      "Headers": {
        "Cache-Control": [ "no-cache" ],
        "Pragma": [ "no-cache" ],
        "x-ms-request-id": [ "3568e200-5885-452a-87b5-076c7196aa17" ],
        "Azure-AsyncOperation": [ "https://management.azure.com/subscriptions/e8257c73-24c5-4791-94dc-8b7901c90dbf/providers/Microsoft.Kusto/locations/East US/operationResults/6ef3f933-a2d0-4f49-be0b-fa7e0e6c62d6?api-version=2022-12-29" ],
        "Server": [ "Microsoft-HTTPAPI/2.0" ],
        "x-ms-ratelimit-remaining-subscription-resource-requests": [ "196" ],
        "x-ms-correlation-request-id": [ "4646014c-7602-4d67-82ea-56cea0f23c06" ],
        "x-ms-routing-request-id": [ "FRANCESOUTH:20230315T192144Z:4646014c-7602-4d67-82ea-56cea0f23c06" ],
        "Strict-Transport-Security": [ "max-age=31536000; includeSubDomains" ],
        "X-Content-Type-Options": [ "nosniff" ],
        "Date": [ "Wed, 15 Mar 2023 19:21:43 GMT" ]
      },
      "ContentHeaders": {
        "Content-Length": [ "596" ],
        "Content-Type": [ "application/json; charset=utf-8" ],
        "Expires": [ "-1" ]
      },
      "Content": "{\"id\":\"/subscriptions/e8257c73-24c5-4791-94dc-8b7901c90dbf/resourceGroups/PS-SDK-4cv18e/providers/Microsoft.Kusto/Clusters/pssdkfollow4cv18e/AttachedDatabaseConfigurations/testdbconfyz7sod\",\"name\":\"pssdkfollow4cv18e/testdbconfyz7sod\",\"type\":\"Microsoft.Kusto/Clusters/AttachedDatabaseConfigurations\",\"location\":\"East US\",\"properties\":{\"databaseName\":\"testdatabaseyz7sod\",\"clusterResourceId\":\"/subscriptions/e8257c73-24c5-4791-94dc-8b7901c90dbf/resourceGroups/PS-SDK-4cv18e/providers/Microsoft.Kusto/clusters/pssdk4cv18e\",\"defaultPrincipalsModificationKind\":\"Union\",\"provisioningState\":\"Creating\"}}",
      "isContentBase64": false
    }
  },
  "[NoDescription]+[NoContext]+Delete+$GET+https://management.azure.com/subscriptions/e8257c73-24c5-4791-94dc-8b7901c90dbf/providers/Microsoft.Kusto/locations/East US/operationResults/6ef3f933-a2d0-4f49-be0b-fa7e0e6c62d6?api-version=2022-12-29+5": {
    "Request": {
      "Method": "GET",
      "RequestUri": "https://management.azure.com/subscriptions/e8257c73-24c5-4791-94dc-8b7901c90dbf/providers/Microsoft.Kusto/locations/East%20US/operationResults/6ef3f933-a2d0-4f49-be0b-fa7e0e6c62d6?api-version=2022-12-29",
      "Content": null,
      "isContentBase64": false,
      "Headers": {
        "Authorization": [ "[Filtered]" ],
        "x-ms-unique-id": [ "380" ],
        "x-ms-client-request-id": [ "bd8129e8-867c-4a09-93e0-7ab72857d405" ],
        "CommandName": [ "New-AzKustoAttachedDatabaseConfiguration" ],
        "FullCommandName": [ "New-AzKustoAttachedDatabaseConfiguration_CreateExpanded" ],
        "ParameterSetName": [ "__AllParameterSets" ],
        "User-Agent": [ "AzurePowershell/v0.0.0", "PSVersion/v7.3.2", "Az.Kusto/0.1.4" ]
      },
      "ContentHeaders": {
      }
    },
    "Response": {
      "StatusCode": 200,
      "Headers": {
        "Cache-Control": [ "no-cache" ],
        "Pragma": [ "no-cache" ],
        "x-ms-request-id": [ "343894fb-f167-4449-b6a4-f68cfb6f79fd" ],
        "x-ms-operation-root-activity-id": [ "42b06428-2877-4250-88dd-5758c6598c6d" ],
        "Server": [ "Microsoft-HTTPAPI/2.0" ],
        "x-ms-ratelimit-remaining-subscription-resource-requests": [ "285" ],
        "x-ms-correlation-request-id": [ "b70e4ebf-883d-4695-b277-3e36085d5088" ],
        "x-ms-routing-request-id": [ "FRANCESOUTH:20230315T192214Z:b70e4ebf-883d-4695-b277-3e36085d5088" ],
        "Strict-Transport-Security": [ "max-age=31536000; includeSubDomains" ],
        "X-Content-Type-Options": [ "nosniff" ],
        "Date": [ "Wed, 15 Mar 2023 19:22:13 GMT" ]
      },
      "ContentHeaders": {
        "Content-Length": [ "448" ],
        "Content-Type": [ "application/json; charset=utf-8" ],
        "Expires": [ "-1" ]
      },
      "Content": "{\"id\":\"/subscriptions/e8257c73-24c5-4791-94dc-8b7901c90dbf/providers/Microsoft.Kusto/locations/East US/operationresults/6ef3f933-a2d0-4f49-be0b-fa7e0e6c62d6\",\"name\":\"6ef3f933-a2d0-4f49-be0b-fa7e0e6c62d6\",\"status\":\"Succeeded\",\"startTime\":\"2023-03-15T19:21:43.9737629Z\",\"endTime\":\"2023-03-15T19:22:03.8378005Z\",\"percentComplete\":1.0,\"properties\":{\"operationKind\":\"FollowerDatabaseCreate\",\"provisioningState\":\"Succeeded\",\"operationState\":\"Completed\"}}",
      "isContentBase64": false
    }
  },
  "[NoDescription]+[NoContext]+Delete+$GET+https://management.azure.com/subscriptions/e8257c73-24c5-4791-94dc-8b7901c90dbf/resourceGroups/PS-SDK-4cv18e/providers/Microsoft.Kusto/Clusters/pssdkfollow4cv18e/AttachedDatabaseConfigurations/testdbconfyz7sod?api-version=2022-12-29+6": {
    "Request": {
      "Method": "GET",
      "RequestUri": "https://management.azure.com/subscriptions/e8257c73-24c5-4791-94dc-8b7901c90dbf/resourceGroups/PS-SDK-4cv18e/providers/Microsoft.Kusto/Clusters/pssdkfollow4cv18e/AttachedDatabaseConfigurations/testdbconfyz7sod?api-version=2022-12-29",
      "Content": null,
      "isContentBase64": false,
      "Headers": {
        "Authorization": [ "[Filtered]" ],
        "x-ms-unique-id": [ "381" ],
        "x-ms-client-request-id": [ "bd8129e8-867c-4a09-93e0-7ab72857d405" ],
        "CommandName": [ "New-AzKustoAttachedDatabaseConfiguration" ],
        "FullCommandName": [ "New-AzKustoAttachedDatabaseConfiguration_CreateExpanded" ],
        "ParameterSetName": [ "__AllParameterSets" ],
        "User-Agent": [ "AzurePowershell/v0.0.0", "PSVersion/v7.3.2", "Az.Kusto/0.1.4" ]
      },
      "ContentHeaders": {
      }
    },
    "Response": {
      "StatusCode": 200,
      "Headers": {
        "Cache-Control": [ "no-cache" ],
        "Pragma": [ "no-cache" ],
        "x-ms-request-id": [ "7b3c7d53-daf9-41bd-8786-0bfb6b5ff3fd" ],
        "Server": [ "Microsoft-HTTPAPI/2.0" ],
        "x-ms-ratelimit-remaining-subscription-resource-requests": [ "299" ],
        "x-ms-correlation-request-id": [ "6bc9948c-8e97-4b6e-9848-15083282b97b" ],
        "x-ms-routing-request-id": [ "FRANCESOUTH:20230315T192215Z:6bc9948c-8e97-4b6e-9848-15083282b97b" ],
        "Strict-Transport-Security": [ "max-age=31536000; includeSubDomains" ],
        "X-Content-Type-Options": [ "nosniff" ],
        "Date": [ "Wed, 15 Mar 2023 19:22:14 GMT" ]
      },
      "ContentHeaders": {
        "Content-Length": [ "733" ],
        "Content-Type": [ "application/json; charset=utf-8" ],
        "Expires": [ "-1" ]
      },
      "Content": "{\"id\":\"/subscriptions/e8257c73-24c5-4791-94dc-8b7901c90dbf/resourceGroups/PS-SDK-4cv18e/providers/Microsoft.Kusto/Clusters/pssdkfollow4cv18e/AttachedDatabaseConfigurations/testdbconfyz7sod\",\"name\":\"pssdkfollow4cv18e/testdbconfyz7sod\",\"type\":\"Microsoft.Kusto/Clusters/AttachedDatabaseConfigurations\",\"location\":\"East US\",\"properties\":{\"clusterResourceId\":\"/subscriptions/e8257c73-24c5-4791-94dc-8b7901c90dbf/resourceGroups/PS-SDK-4cv18e/providers/Microsoft.Kusto/Clusters/pssdk4cv18e\",\"databaseName\":\"testdatabaseyz7sod\",\"attachedDatabaseNames\":[\"testdatabaseyz7sod\"],\"defaultPrincipalsModificationKind\":\"Union\",\"tableLevelSharingProperties\":null,\"databaseNameOverride\":null,\"databaseNamePrefix\":null,\"provisioningState\":\"Succeeded\"}}",
      "isContentBase64": false
    }
  },
  "[NoDescription]+[NoContext]+Delete+$DELETE+https://management.azure.com/subscriptions/e8257c73-24c5-4791-94dc-8b7901c90dbf/resourceGroups/PS-SDK-4cv18e/providers/Microsoft.Kusto/Clusters/pssdkfollow4cv18e/AttachedDatabaseConfigurations/testdbconfyz7sod?api-version=2022-12-29+7": {
    "Request": {
      "Method": "DELETE",
      "RequestUri": "https://management.azure.com/subscriptions/e8257c73-24c5-4791-94dc-8b7901c90dbf/resourceGroups/PS-SDK-4cv18e/providers/Microsoft.Kusto/Clusters/pssdkfollow4cv18e/AttachedDatabaseConfigurations/testdbconfyz7sod?api-version=2022-12-29",
      "Content": null,
      "isContentBase64": false,
      "Headers": {
        "x-ms-unique-id": [ "382" ],
        "x-ms-client-request-id": [ "2edbee22-675f-41ea-abac-63a2c9b60a23" ],
        "CommandName": [ "Remove-AzKustoAttachedDatabaseConfiguration" ],
        "FullCommandName": [ "Remove-AzKustoAttachedDatabaseConfiguration_Delete" ],
        "ParameterSetName": [ "__AllParameterSets" ],
        "User-Agent": [ "AzurePowershell/v0.0.0", "PSVersion/v7.3.2", "Az.Kusto/0.1.4" ],
        "Authorization": [ "[Filtered]" ]
      },
      "ContentHeaders": {
      }
    },
    "Response": {
      "StatusCode": 202,
      "Headers": {
        "Cache-Control": [ "no-cache" ],
        "Pragma": [ "no-cache" ],
        "Location": [ "https://management.azure.com/subscriptions/e8257c73-24c5-4791-94dc-8b7901c90dbf/providers/Microsoft.Kusto/locations/East%20US/operationResults/5471b705-9e56-4cb9-9eb0-5c431479fa3a?api-version=2022-12-29\u0026operationResultResponseType=Location" ],
        "Azure-AsyncOperation": [ "https://management.azure.com/subscriptions/e8257c73-24c5-4791-94dc-8b7901c90dbf/providers/Microsoft.Kusto/locations/East US/operationResults/5471b705-9e56-4cb9-9eb0-5c431479fa3a?api-version=2022-12-29" ],
        "Server": [ "Microsoft-HTTPAPI/2.0" ],
        "x-ms-ratelimit-remaining-subscription-deletes": [ "14983" ],
        "x-ms-request-id": [ "48767767-b6c6-4371-bbcd-e4ebff5decc5" ],
        "x-ms-correlation-request-id": [ "48767767-b6c6-4371-bbcd-e4ebff5decc5" ],
        "x-ms-routing-request-id": [ "FRANCESOUTH:20230315T192216Z:48767767-b6c6-4371-bbcd-e4ebff5decc5" ],
        "Strict-Transport-Security": [ "max-age=31536000; includeSubDomains" ],
        "X-Content-Type-Options": [ "nosniff" ],
        "Date": [ "Wed, 15 Mar 2023 19:22:16 GMT" ]
      },
      "ContentHeaders": {
        "Expires": [ "-1" ],
        "Content-Length": [ "0" ]
      },
      "Content": null,
      "isContentBase64": false
    }
  },
  "[NoDescription]+[NoContext]+Delete+$GET+https://management.azure.com/subscriptions/e8257c73-24c5-4791-94dc-8b7901c90dbf/providers/Microsoft.Kusto/locations/East US/operationResults/5471b705-9e56-4cb9-9eb0-5c431479fa3a?api-version=2022-12-29+8": {
    "Request": {
      "Method": "GET",
      "RequestUri": "https://management.azure.com/subscriptions/e8257c73-24c5-4791-94dc-8b7901c90dbf/providers/Microsoft.Kusto/locations/East%20US/operationResults/5471b705-9e56-4cb9-9eb0-5c431479fa3a?api-version=2022-12-29",
      "Content": null,
      "isContentBase64": false,
      "Headers": {
        "Authorization": [ "[Filtered]" ],
        "x-ms-unique-id": [ "383" ],
        "x-ms-client-request-id": [ "2edbee22-675f-41ea-abac-63a2c9b60a23" ],
        "CommandName": [ "Remove-AzKustoAttachedDatabaseConfiguration" ],
        "FullCommandName": [ "Remove-AzKustoAttachedDatabaseConfiguration_Delete" ],
        "ParameterSetName": [ "__AllParameterSets" ],
        "User-Agent": [ "AzurePowershell/v0.0.0", "PSVersion/v7.3.2", "Az.Kusto/0.1.4" ]
      },
      "ContentHeaders": {
      }
    },
    "Response": {
      "StatusCode": 200,
      "Headers": {
        "Cache-Control": [ "no-cache" ],
        "Pragma": [ "no-cache" ],
        "x-ms-request-id": [ "b2ab5486-2451-4b9f-80ee-1c4a29099f53" ],
        "x-ms-operation-root-activity-id": [ "61515c3c-4af0-4fab-beac-02383ed77ec2" ],
        "Server": [ "Microsoft-HTTPAPI/2.0" ],
        "x-ms-ratelimit-remaining-subscription-resource-requests": [ "284" ],
        "x-ms-correlation-request-id": [ "a72b778e-1a18-4f2e-9994-447c578a7acf" ],
        "x-ms-routing-request-id": [ "FRANCESOUTH:20230315T192246Z:a72b778e-1a18-4f2e-9994-447c578a7acf" ],
        "Strict-Transport-Security": [ "max-age=31536000; includeSubDomains" ],
        "X-Content-Type-Options": [ "nosniff" ],
        "Date": [ "Wed, 15 Mar 2023 19:22:45 GMT" ]
      },
      "ContentHeaders": {
        "Content-Length": [ "448" ],
        "Content-Type": [ "application/json; charset=utf-8" ],
        "Expires": [ "-1" ]
      },
      "Content": "{\"id\":\"/subscriptions/e8257c73-24c5-4791-94dc-8b7901c90dbf/providers/Microsoft.Kusto/locations/East US/operationresults/5471b705-9e56-4cb9-9eb0-5c431479fa3a\",\"name\":\"5471b705-9e56-4cb9-9eb0-5c431479fa3a\",\"status\":\"Succeeded\",\"startTime\":\"2023-03-15T19:22:16.5259393Z\",\"endTime\":\"2023-03-15T19:22:37.3396717Z\",\"percentComplete\":1.0,\"properties\":{\"operationKind\":\"FollowerDatabaseDetach\",\"provisioningState\":\"Succeeded\",\"operationState\":\"Completed\"}}",
      "isContentBase64": false
    }
  },
  "[NoDescription]+[NoContext]+Delete+$GET+https://management.azure.com/subscriptions/e8257c73-24c5-4791-94dc-8b7901c90dbf/providers/Microsoft.Kusto/locations/East US/operationResults/5471b705-9e56-4cb9-9eb0-5c431479fa3a?api-version=2022-12-29\u0026operationResultResponseType=Location+9": {
    "Request": {
      "Method": "GET",
      "RequestUri": "https://management.azure.com/subscriptions/e8257c73-24c5-4791-94dc-8b7901c90dbf/providers/Microsoft.Kusto/locations/East%20US/operationResults/5471b705-9e56-4cb9-9eb0-5c431479fa3a?api-version=2022-12-29\u0026operationResultResponseType=Location",
      "Content": null,
      "isContentBase64": false,
      "Headers": {
        "Authorization": [ "[Filtered]" ],
        "x-ms-unique-id": [ "384" ],
        "x-ms-client-request-id": [ "2edbee22-675f-41ea-abac-63a2c9b60a23" ],
        "CommandName": [ "Remove-AzKustoAttachedDatabaseConfiguration" ],
        "FullCommandName": [ "Remove-AzKustoAttachedDatabaseConfiguration_Delete" ],
        "ParameterSetName": [ "__AllParameterSets" ],
        "User-Agent": [ "AzurePowershell/v0.0.0", "PSVersion/v7.3.2", "Az.Kusto/0.1.4" ]
      },
      "ContentHeaders": {
      }
    },
    "Response": {
      "StatusCode": 200,
      "Headers": {
        "Cache-Control": [ "no-cache" ],
        "Pragma": [ "no-cache" ],
        "x-ms-request-id": [ "23a414f4-33bd-40ba-a44f-7634c2eca512" ],
        "Server": [ "Microsoft-HTTPAPI/2.0" ],
        "x-ms-ratelimit-remaining-subscription-resource-requests": [ "283" ],
        "x-ms-correlation-request-id": [ "8d9517d4-4ea6-4070-9719-2e7a953157de" ],
        "x-ms-routing-request-id": [ "FRANCESOUTH:20230315T192247Z:8d9517d4-4ea6-4070-9719-2e7a953157de" ],
        "Strict-Transport-Security": [ "max-age=31536000; includeSubDomains" ],
        "X-Content-Type-Options": [ "nosniff" ],
        "Date": [ "Wed, 15 Mar 2023 19:22:46 GMT" ]
      },
      "ContentHeaders": {
        "Expires": [ "-1" ],
        "Content-Length": [ "0" ]
      },
      "Content": null,
      "isContentBase64": false
    }
  },
  "[NoDescription]+[NoContext]+Delete+$DELETE+https://management.azure.com/subscriptions/e8257c73-24c5-4791-94dc-8b7901c90dbf/resourceGroups/PS-SDK-4cv18e/providers/Microsoft.Kusto/Clusters/pssdk4cv18e/Databases/testdatabaseyz7sod?api-version=2022-12-29+10": {
    "Request": {
      "Method": "DELETE",
      "RequestUri": "https://management.azure.com/subscriptions/e8257c73-24c5-4791-94dc-8b7901c90dbf/resourceGroups/PS-SDK-4cv18e/providers/Microsoft.Kusto/Clusters/pssdk4cv18e/Databases/testdatabaseyz7sod?api-version=2022-12-29",
      "Content": null,
      "isContentBase64": false,
      "Headers": {
        "x-ms-unique-id": [ "385" ],
        "x-ms-client-request-id": [ "ede39c66-677c-43c3-8907-44c0887b0b9e" ],
        "CommandName": [ "Remove-AzKustoDatabase" ],
        "FullCommandName": [ "Remove-AzKustoDatabase_Delete" ],
        "ParameterSetName": [ "__AllParameterSets" ],
        "User-Agent": [ "AzurePowershell/v0.0.0", "PSVersion/v7.3.2", "Az.Kusto/0.1.4" ],
        "Authorization": [ "[Filtered]" ]
      },
      "ContentHeaders": {
      }
    },
    "Response": {
      "StatusCode": 202,
      "Headers": {
        "Cache-Control": [ "no-cache" ],
        "Pragma": [ "no-cache" ],
        "Location": [ "https://management.azure.com/subscriptions/e8257c73-24c5-4791-94dc-8b7901c90dbf/providers/Microsoft.Kusto/locations/East%20US/operationResults/14727f82-1803-4d88-8cc6-52d07182bdb3?api-version=2022-12-29\u0026operationResultResponseType=Location" ],
        "Azure-AsyncOperation": [ "https://management.azure.com/subscriptions/e8257c73-24c5-4791-94dc-8b7901c90dbf/providers/Microsoft.Kusto/locations/East US/operationResults/14727f82-1803-4d88-8cc6-52d07182bdb3?api-version=2022-12-29" ],
        "Server": [ "Microsoft-HTTPAPI/2.0" ],
        "x-ms-ratelimit-remaining-subscription-deletes": [ "14982" ],
        "x-ms-request-id": [ "2ecc0515-e79b-4568-bfbe-d25d18401a6d" ],
        "x-ms-correlation-request-id": [ "2ecc0515-e79b-4568-bfbe-d25d18401a6d" ],
        "x-ms-routing-request-id": [ "FRANCESOUTH:20230315T192247Z:2ecc0515-e79b-4568-bfbe-d25d18401a6d" ],
        "Strict-Transport-Security": [ "max-age=31536000; includeSubDomains" ],
        "X-Content-Type-Options": [ "nosniff" ],
        "Date": [ "Wed, 15 Mar 2023 19:22:46 GMT" ]
      },
      "ContentHeaders": {
        "Expires": [ "-1" ],
        "Content-Length": [ "0" ]
      },
      "Content": null,
      "isContentBase64": false
    }
  },
  "[NoDescription]+[NoContext]+Delete+$GET+https://management.azure.com/subscriptions/e8257c73-24c5-4791-94dc-8b7901c90dbf/providers/Microsoft.Kusto/locations/East US/operationResults/14727f82-1803-4d88-8cc6-52d07182bdb3?api-version=2022-12-29+11": {
    "Request": {
      "Method": "GET",
      "RequestUri": "https://management.azure.com/subscriptions/e8257c73-24c5-4791-94dc-8b7901c90dbf/providers/Microsoft.Kusto/locations/East%20US/operationResults/14727f82-1803-4d88-8cc6-52d07182bdb3?api-version=2022-12-29",
      "Content": null,
      "isContentBase64": false,
      "Headers": {
        "Authorization": [ "[Filtered]" ],
        "x-ms-unique-id": [ "386" ],
        "x-ms-client-request-id": [ "ede39c66-677c-43c3-8907-44c0887b0b9e" ],
        "CommandName": [ "Remove-AzKustoDatabase" ],
        "FullCommandName": [ "Remove-AzKustoDatabase_Delete" ],
        "ParameterSetName": [ "__AllParameterSets" ],
        "User-Agent": [ "AzurePowershell/v0.0.0", "PSVersion/v7.3.2", "Az.Kusto/0.1.4" ]
      },
      "ContentHeaders": {
      }
    },
    "Response": {
      "StatusCode": 200,
      "Headers": {
        "Cache-Control": [ "no-cache" ],
        "Pragma": [ "no-cache" ],
        "x-ms-request-id": [ "4829f067-ad61-496c-aec4-eac447e89c25" ],
        "x-ms-operation-root-activity-id": [ "b2081b20-f8fe-4db9-9f77-70fab8a745ff" ],
        "Server": [ "Microsoft-HTTPAPI/2.0" ],
        "x-ms-ratelimit-remaining-subscription-resource-requests": [ "282" ],
        "x-ms-correlation-request-id": [ "07503513-4cb8-44d9-b8aa-1fc15be13185" ],
        "x-ms-routing-request-id": [ "FRANCESOUTH:20230315T192318Z:07503513-4cb8-44d9-b8aa-1fc15be13185" ],
        "Strict-Transport-Security": [ "max-age=31536000; includeSubDomains" ],
        "X-Content-Type-Options": [ "nosniff" ],
        "Date": [ "Wed, 15 Mar 2023 19:23:17 GMT" ]
      },
      "ContentHeaders": {
        "Content-Length": [ "440" ],
        "Content-Type": [ "application/json; charset=utf-8" ],
        "Expires": [ "-1" ]
      },
      "Content": "{\"id\":\"/subscriptions/e8257c73-24c5-4791-94dc-8b7901c90dbf/providers/Microsoft.Kusto/locations/East US/operationresults/14727f82-1803-4d88-8cc6-52d07182bdb3\",\"name\":\"14727f82-1803-4d88-8cc6-52d07182bdb3\",\"status\":\"Succeeded\",\"startTime\":\"2023-03-15T19:22:47.7150992Z\",\"endTime\":\"2023-03-15T19:22:54.1373193Z\",\"percentComplete\":1.0,\"properties\":{\"operationKind\":\"DatabaseDelete\",\"provisioningState\":\"Succeeded\",\"operationState\":\"Completed\"}}",
      "isContentBase64": false
    }
  },
  "[NoDescription]+[NoContext]+Delete+$GET+https://management.azure.com/subscriptions/e8257c73-24c5-4791-94dc-8b7901c90dbf/providers/Microsoft.Kusto/locations/East US/operationResults/14727f82-1803-4d88-8cc6-52d07182bdb3?api-version=2022-12-29\u0026operationResultResponseType=Location+12": {
    "Request": {
      "Method": "GET",
      "RequestUri": "https://management.azure.com/subscriptions/e8257c73-24c5-4791-94dc-8b7901c90dbf/providers/Microsoft.Kusto/locations/East%20US/operationResults/14727f82-1803-4d88-8cc6-52d07182bdb3?api-version=2022-12-29\u0026operationResultResponseType=Location",
      "Content": null,
      "isContentBase64": false,
      "Headers": {
        "Authorization": [ "[Filtered]" ],
        "x-ms-unique-id": [ "387" ],
        "x-ms-client-request-id": [ "ede39c66-677c-43c3-8907-44c0887b0b9e" ],
        "CommandName": [ "Remove-AzKustoDatabase" ],
        "FullCommandName": [ "Remove-AzKustoDatabase_Delete" ],
        "ParameterSetName": [ "__AllParameterSets" ],
        "User-Agent": [ "AzurePowershell/v0.0.0", "PSVersion/v7.3.2", "Az.Kusto/0.1.4" ]
      },
      "ContentHeaders": {
      }
    },
    "Response": {
      "StatusCode": 200,
      "Headers": {
        "Cache-Control": [ "no-cache" ],
        "Pragma": [ "no-cache" ],
        "x-ms-request-id": [ "e5c2f7b1-130a-4180-8570-f29bb7a25868" ],
        "Server": [ "Microsoft-HTTPAPI/2.0" ],
        "x-ms-ratelimit-remaining-subscription-resource-requests": [ "281" ],
        "x-ms-correlation-request-id": [ "1059b7bd-e05b-44b4-a11c-30385f0dc6d1" ],
        "x-ms-routing-request-id": [ "FRANCESOUTH:20230315T192318Z:1059b7bd-e05b-44b4-a11c-30385f0dc6d1" ],
        "Strict-Transport-Security": [ "max-age=31536000; includeSubDomains" ],
        "X-Content-Type-Options": [ "nosniff" ],
        "Date": [ "Wed, 15 Mar 2023 19:23:17 GMT" ]
      },
      "ContentHeaders": {
        "Expires": [ "-1" ],
        "Content-Length": [ "0" ]
      },
      "Content": null,
      "isContentBase64": false
    }
  }
}