{
  "[NoDescription]+[NoContext]+UpdateExpandedEventHub+$PATCH+https://management.azure.com/subscriptions/e8257c73-24c5-4791-94dc-8b7901c90dbf/resourceGroups/test-clients-rg/providers/Microsoft.Kusto/Clusters/eventgridclienttest2/Databases/databasetest/DataConnections/testdataconnectionl3rxfo?api-version=2022-02-01+1": {
    "Request": {
      "Method": "PATCH",
      "RequestUri": "https://management.azure.com/subscriptions/e8257c73-24c5-4791-94dc-8b7901c90dbf/resourceGroups/test-clients-rg/providers/Microsoft.Kusto/Clusters/eventgridclienttest2/Databases/databasetest/DataConnections/testdataconnectionl3rxfo?api-version=2022-02-01",
      "Content": "{\r\n  \"location\": \"East US\",\r\n  \"kind\": \"EventHub\",\r\n  \"properties\": {\r\n    \"eventHubResourceId\": \"/subscriptions/e8257c73-24c5-4791-94dc-8b7901c90dbf/resourcegroups/test-clients-rg/providers/Microsoft.EventHub/namespaces/testclientsns22/eventhubs/testclientseh\",\r\n    \"consumerGroup\": \"Default\",\r\n    \"compression\": \"None\"\r\n  }\r\n}",
      "isContentBase64": false,
      "Headers": {
      },
      "ContentHeaders": {
        "Content-Type": [ "application/json" ],
        "Content-Length": [ "330" ]
      }
    },
    "Response": {
      "StatusCode": 202,
      "Headers": {
        "Cache-Control": [ "no-cache" ],
        "Pragma": [ "no-cache" ],
        "Location": [ "https://management.azure.com/subscriptions/e8257c73-24c5-4791-94dc-8b7901c90dbf/providers/Microsoft.Kusto/locations/East%20US/operationResults/b8724ea2-0531-4238-a23f-d0d5de031a68?api-version=2022-02-01\u0026operationResultResponseType=Location" ],
        "x-ms-request-id": [ "630b94f8-65a2-4544-87bb-738edc22802b" ],
        "Azure-AsyncOperation": [ "https://management.azure.com/subscriptions/e8257c73-24c5-4791-94dc-8b7901c90dbf/providers/Microsoft.Kusto/locations/East US/operationResults/b8724ea2-0531-4238-a23f-d0d5de031a68?api-version=2022-02-01" ],
        "Server": [ "Microsoft-HTTPAPI/2.0" ],
        "x-ms-ratelimit-remaining-subscription-resource-requests": [ "199" ],
        "x-ms-correlation-request-id": [ "0ae1df14-08d8-402f-8cf8-bbbbbe34e397" ],
        "x-ms-routing-request-id": [ "UAECENTRAL:20220323T100836Z:0ae1df14-08d8-402f-8cf8-bbbbbe34e397" ],
        "Strict-Transport-Security": [ "max-age=31536000; includeSubDomains" ],
        "X-Content-Type-Options": [ "nosniff" ],
        "Date": [ "Wed, 23 Mar 2022 10:08:36 GMT" ]
      },
      "ContentHeaders": {
        "Content-Length": [ "833" ],
        "Content-Type": [ "application/json; charset=utf-8" ],
        "Expires": [ "-1" ]
      },
      "Content": "{\"id\":\"/subscriptions/e8257c73-24c5-4791-94dc-8b7901c90dbf/resourceGroups/test-clients-rg/providers/Microsoft.Kusto/Clusters/eventgridclienttest2/Databases/databasetest/DataConnections/testdataconnectionl3rxfo\",\"name\":\"eventgridclienttest2/databasetest/testdataconnectionl3rxfo\",\"type\":\"Microsoft.Kusto/Clusters/Databases/DataConnections\",\"location\":\"East US\",\"kind\":\"EventHub\",\"properties\":{\"eventHubResourceId\":\"/subscriptions/e8257c73-24c5-4791-94dc-8b7901c90dbf/resourcegroups/test-clients-rg/providers/Microsoft.EventHub/namespaces/testclientsns22/eventhubs/testclientseh\",\"consumerGroup\":\"Default\",\"tableName\":null,\"mappingRuleName\":null,\"dataFormat\":null,\"eventSystemProperties\":[],\"compression\":\"None\",\"managedIdentityResourceId\":null,\"managedIdentityObjectId\":null,\"databaseRouting\":\"Single\",\"provisioningState\":\"Accepted\"}}",
      "isContentBase64": false
    }
  },
  "[NoDescription]+[NoContext]+UpdateExpandedEventHub+$GET+https://management.azure.com/subscriptions/e8257c73-24c5-4791-94dc-8b7901c90dbf/providers/Microsoft.Kusto/locations/East US/operationResults/b8724ea2-0531-4238-a23f-d0d5de031a68?api-version=2022-02-01+2": {
    "Request": {
      "Method": "GET",
      "RequestUri": "https://management.azure.com/subscriptions/e8257c73-24c5-4791-94dc-8b7901c90dbf/providers/Microsoft.Kusto/locations/East%20US/operationResults/b8724ea2-0531-4238-a23f-d0d5de031a68?api-version=2022-02-01",
      "Content": null,
      "isContentBase64": false,
      "Headers": {
        "Authorization": [ "[Filtered]" ],
        "x-ms-unique-id": [ "482", "483", "484", "485" ],
        "x-ms-client-request-id": [ "0b48cc4c-f3e5-4eef-8b6b-419becfe20af" ],
        "CommandName": [ "Az.Kusto.internal\\Update-AzKustoDataConnection" ],
        "FullCommandName": [ "Update-AzKustoDataConnection_Update" ],
        "ParameterSetName": [ "__AllParameterSets" ],
        "User-Agent": [ "AzurePowershell/v0.0.0", "PSVersion/v7.2.2", "Az.Kusto/0.1.4" ]
      },
      "ContentHeaders": {
      }
    },
    "Response": {
      "StatusCode": 200,
      "Headers": {
        "Cache-Control": [ "no-cache" ],
        "Pragma": [ "no-cache" ],
        "x-ms-request-id": [ "837aa815-acf3-4162-a14b-aa1186c59ca0" ],
        "x-ms-operation-root-activity-id": [ "0948a622-2b34-4874-ba08-fc19512e6528" ],
        "Server": [ "Microsoft-HTTPAPI/2.0" ],
        "x-ms-ratelimit-remaining-subscription-resource-requests": [ "299" ],
        "x-ms-correlation-request-id": [ "3dd44d52-0c7a-4857-acc7-45ebce5718f6" ],
        "x-ms-routing-request-id": [ "UAECENTRAL:20220323T100906Z:3dd44d52-0c7a-4857-acc7-45ebce5718f6" ],
        "Strict-Transport-Security": [ "max-age=31536000; includeSubDomains" ],
        "X-Content-Type-Options": [ "nosniff" ],
        "Date": [ "Wed, 23 Mar 2022 10:09:06 GMT" ]
      },
      "ContentHeaders": {
        "Content-Length": [ "347" ],
        "Content-Type": [ "application/json; charset=utf-8" ],
        "Expires": [ "-1" ]
      },
      "Content": "{\"id\":\"/subscriptions/e8257c73-24c5-4791-94dc-8b7901c90dbf/providers/Microsoft.Kusto/locations/East US/operationresults/b8724ea2-0531-4238-a23f-d0d5de031a68\",\"name\":\"b8724ea2-0531-4238-a23f-d0d5de031a68\",\"status\":\"Succeeded\",\"startTime\":\"2022-03-23T10:08:36.2936844Z\",\"endTime\":\"2022-03-23T10:08:38.5906241Z\",\"percentComplete\":1.0,\"properties\":{}}",
      "isContentBase64": false
    }
  },
  "[NoDescription]+[NoContext]+UpdateExpandedEventHub+$GET+https://management.azure.com/subscriptions/e8257c73-24c5-4791-94dc-8b7901c90dbf/resourceGroups/test-clients-rg/providers/Microsoft.Kusto/Clusters/eventgridclienttest2/Databases/databasetest/DataConnections/testdataconnectionl3rxfo?api-version=2022-02-01+3": {
    "Request": {
      "Method": "GET",
      "RequestUri": "https://management.azure.com/subscriptions/e8257c73-24c5-4791-94dc-8b7901c90dbf/resourceGroups/test-clients-rg/providers/Microsoft.Kusto/Clusters/eventgridclienttest2/Databases/databasetest/DataConnections/testdataconnectionl3rxfo?api-version=2022-02-01",
      "Content": null,
      "isContentBase64": false,
      "Headers": {
        "Authorization": [ "[Filtered]" ],
        "x-ms-unique-id": [ "486", "487", "488", "489" ],
        "x-ms-client-request-id": [ "0b48cc4c-f3e5-4eef-8b6b-419becfe20af" ],
        "CommandName": [ "Az.Kusto.internal\\Update-AzKustoDataConnection" ],
        "FullCommandName": [ "Update-AzKustoDataConnection_Update" ],
        "ParameterSetName": [ "__AllParameterSets" ],
        "User-Agent": [ "AzurePowershell/v0.0.0", "PSVersion/v7.2.2", "Az.Kusto/0.1.4" ]
      },
      "ContentHeaders": {
      }
    },
    "Response": {
      "StatusCode": 200,
      "Headers": {
        "Cache-Control": [ "no-cache" ],
        "Pragma": [ "no-cache" ],
        "x-ms-request-id": [ "02c00536-5d19-4a2e-b589-48a68adc929e" ],
        "Server": [ "Microsoft-HTTPAPI/2.0" ],
        "x-ms-ratelimit-remaining-subscription-resource-requests": [ "299" ],
        "x-ms-correlation-request-id": [ "eebc03f4-2fb9-423c-94ea-b6ea2b6088aa" ],
        "x-ms-routing-request-id": [ "UAECENTRAL:20220323T100907Z:eebc03f4-2fb9-423c-94ea-b6ea2b6088aa" ],
        "Strict-Transport-Security": [ "max-age=31536000; includeSubDomains" ],
        "X-Content-Type-Options": [ "nosniff" ],
        "Date": [ "Wed, 23 Mar 2022 10:09:07 GMT" ]
      },
      "ContentHeaders": {
        "Content-Length": [ "834" ],
        "Content-Type": [ "application/json; charset=utf-8" ],
        "Expires": [ "-1" ]
      },
      "Content": "{\"id\":\"/subscriptions/e8257c73-24c5-4791-94dc-8b7901c90dbf/resourceGroups/test-clients-rg/providers/Microsoft.Kusto/Clusters/eventgridclienttest2/Databases/databasetest/DataConnections/testdataconnectionl3rxfo\",\"name\":\"eventgridclienttest2/databasetest/testdataconnectionl3rxfo\",\"type\":\"Microsoft.Kusto/Clusters/Databases/DataConnections\",\"location\":\"East US\",\"kind\":\"EventHub\",\"properties\":{\"eventHubResourceId\":\"/subscriptions/e8257c73-24c5-4791-94dc-8b7901c90dbf/resourcegroups/test-clients-rg/providers/Microsoft.EventHub/namespaces/testclientsns22/eventhubs/testclientseh\",\"consumerGroup\":\"Default\",\"tableName\":null,\"mappingRuleName\":null,\"dataFormat\":null,\"eventSystemProperties\":[],\"compression\":\"None\",\"managedIdentityResourceId\":null,\"managedIdentityObjectId\":null,\"databaseRouting\":\"Single\",\"provisioningState\":\"Succeeded\"}}",
      "isContentBase64": false
    }
  },
  "[NoDescription]+[NoContext]+UpdateExpandedEventGrid+$PATCH+https://management.azure.com/subscriptions/e8257c73-24c5-4791-94dc-8b7901c90dbf/resourceGroups/test-clients-rg/providers/Microsoft.Kusto/Clusters/eventgridclienttest2/Databases/databasetest/DataConnections/testdataconnectionl3rxfog?api-version=2022-02-01+1": {
    "Request": {
      "Method": "PATCH",
      "RequestUri": "https://management.azure.com/subscriptions/e8257c73-24c5-4791-94dc-8b7901c90dbf/resourceGroups/test-clients-rg/providers/Microsoft.Kusto/Clusters/eventgridclienttest2/Databases/databasetest/DataConnections/testdataconnectionl3rxfog?api-version=2022-02-01",
      "Content": "{\r\n  \"location\": \"East US\",\r\n  \"kind\": \"EventGrid\",\r\n  \"properties\": {\r\n    \"storageAccountResourceId\": \"/subscriptions/e8257c73-24c5-4791-94dc-8b7901c90dbf/resourcegroups/test-clients-rg/providers/Microsoft.Storage/storageAccounts/testclients\",\r\n    \"eventHubResourceId\": \"/subscriptions/e8257c73-24c5-4791-94dc-8b7901c90dbf/resourcegroups/test-clients-rg/providers/Microsoft.EventHub/namespaces/testclientsns22/eventhubs/testclientseg\",\r\n    \"consumerGroup\": \"Default\"\r\n  }\r\n}",
      "isContentBase64": false,
      "Headers": {
      },
      "ContentHeaders": {
        "Content-Type": [ "application/json" ],
        "Content-Length": [ "478" ]
      }
    },
    "Response": {
      "StatusCode": 202,
      "Headers": {
        "Cache-Control": [ "no-cache" ],
        "Pragma": [ "no-cache" ],
        "Location": [ "https://management.azure.com/subscriptions/e8257c73-24c5-4791-94dc-8b7901c90dbf/providers/Microsoft.Kusto/locations/East%20US/operationResults/edcbf4a5-5c06-4a77-8eba-36cdec1692a6?api-version=2022-02-01\u0026operationResultResponseType=Location" ],
        "x-ms-request-id": [ "91c9e760-3362-4a30-86f2-18b4f5e543ac" ],
        "Azure-AsyncOperation": [ "https://management.azure.com/subscriptions/e8257c73-24c5-4791-94dc-8b7901c90dbf/providers/Microsoft.Kusto/locations/East US/operationResults/edcbf4a5-5c06-4a77-8eba-36cdec1692a6?api-version=2022-02-01" ],
        "Server": [ "Microsoft-HTTPAPI/2.0" ],
        "x-ms-ratelimit-remaining-subscription-resource-requests": [ "198" ],
        "x-ms-correlation-request-id": [ "81661516-54a4-4aae-8a63-efb2594bf97f" ],
        "x-ms-routing-request-id": [ "UAECENTRAL:20220323T100909Z:81661516-54a4-4aae-8a63-efb2594bf97f" ],
        "Strict-Transport-Security": [ "max-age=31536000; includeSubDomains" ],
        "X-Content-Type-Options": [ "nosniff" ],
        "Date": [ "Wed, 23 Mar 2022 10:09:09 GMT" ]
      },
      "ContentHeaders": {
        "Content-Length": [ "1064" ],
        "Content-Type": [ "application/json; charset=utf-8" ],
        "Expires": [ "-1" ]
      },
      "Content": "{\"id\":\"/subscriptions/e8257c73-24c5-4791-94dc-8b7901c90dbf/resourceGroups/test-clients-rg/providers/Microsoft.Kusto/Clusters/eventgridclienttest2/Databases/databasetest/DataConnections/testdataconnectionl3rxfog\",\"name\":\"eventgridclienttest2/databasetest/testdataconnectionl3rxfog\",\"type\":\"Microsoft.Kusto/Clusters/Databases/DataConnections\",\"location\":\"East US\",\"kind\":\"EventGrid\",\"properties\":{\"ignoreFirstRecord\":false,\"storageAccountResourceId\":\"/subscriptions/e8257c73-24c5-4791-94dc-8b7901c90dbf/resourcegroups/test-clients-rg/providers/Microsoft.Storage/storageAccounts/testclients\",\"eventGridResourceId\":null,\"eventHubResourceId\":\"/subscriptions/e8257c73-24c5-4791-94dc-8b7901c90dbf/resourcegroups/test-clients-rg/providers/Microsoft.EventHub/namespaces/testclientsns22/eventhubs/testclientseg\",\"consumerGroup\":\"Default\",\"tableName\":null,\"mappingRuleName\":null,\"dataFormat\":null,\"blobStorageEventType\":\"Microsoft.Storage.BlobCreated\",\"managedIdentityResourceId\":null,\"managedIdentityObjectId\":null,\"databaseRouting\":\"Single\",\"provisioningState\":\"Accepted\"}}",
      "isContentBase64": false
    }
  },
  "[NoDescription]+[NoContext]+UpdateExpandedEventGrid+$GET+https://management.azure.com/subscriptions/e8257c73-24c5-4791-94dc-8b7901c90dbf/providers/Microsoft.Kusto/locations/East US/operationResults/edcbf4a5-5c06-4a77-8eba-36cdec1692a6?api-version=2022-02-01+2": {
    "Request": {
      "Method": "GET",
      "RequestUri": "https://management.azure.com/subscriptions/e8257c73-24c5-4791-94dc-8b7901c90dbf/providers/Microsoft.Kusto/locations/East%20US/operationResults/edcbf4a5-5c06-4a77-8eba-36cdec1692a6?api-version=2022-02-01",
      "Content": null,
      "isContentBase64": false,
      "Headers": {
        "Authorization": [ "[Filtered]" ],
        "x-ms-unique-id": [ "494", "495", "496", "497" ],
        "x-ms-client-request-id": [ "f405a9f5-3aec-4c83-82b0-d592004318d0" ],
        "CommandName": [ "Az.Kusto.internal\\Update-AzKustoDataConnection" ],
        "FullCommandName": [ "Update-AzKustoDataConnection_Update" ],
        "ParameterSetName": [ "__AllParameterSets" ],
        "User-Agent": [ "AzurePowershell/v0.0.0", "PSVersion/v7.2.2", "Az.Kusto/0.1.4" ]
      },
      "ContentHeaders": {
      }
    },
    "Response": {
      "StatusCode": 200,
      "Headers": {
        "Cache-Control": [ "no-cache" ],
        "Pragma": [ "no-cache" ],
        "x-ms-request-id": [ "a3bec548-43ae-492b-b3c5-0273678569dc" ],
        "x-ms-operation-root-activity-id": [ "f608706f-4199-40af-a1d7-9a1d1a0fec35" ],
        "Server": [ "Microsoft-HTTPAPI/2.0" ],
        "x-ms-ratelimit-remaining-subscription-resource-requests": [ "298" ],
        "x-ms-correlation-request-id": [ "fe1b066b-9d52-4f6e-894d-8bf17f1eb234" ],
        "x-ms-routing-request-id": [ "UAECENTRAL:20220323T100940Z:fe1b066b-9d52-4f6e-894d-8bf17f1eb234" ],
        "Strict-Transport-Security": [ "max-age=31536000; includeSubDomains" ],
        "X-Content-Type-Options": [ "nosniff" ],
        "Date": [ "Wed, 23 Mar 2022 10:09:39 GMT" ]
      },
      "ContentHeaders": {
        "Content-Length": [ "346" ],
        "Content-Type": [ "application/json; charset=utf-8" ],
        "Expires": [ "-1" ]
      },
      "Content": "{\"id\":\"/subscriptions/e8257c73-24c5-4791-94dc-8b7901c90dbf/providers/Microsoft.Kusto/locations/East US/operationresults/edcbf4a5-5c06-4a77-8eba-36cdec1692a6\",\"name\":\"edcbf4a5-5c06-4a77-8eba-36cdec1692a6\",\"status\":\"Succeeded\",\"startTime\":\"2022-03-23T10:09:09.771736Z\",\"endTime\":\"2022-03-23T10:09:13.6000235Z\",\"percentComplete\":1.0,\"properties\":{}}",
      "isContentBase64": false
    }
  },
  "[NoDescription]+[NoContext]+UpdateExpandedEventGrid+$GET+https://management.azure.com/subscriptions/e8257c73-24c5-4791-94dc-8b7901c90dbf/resourceGroups/test-clients-rg/providers/Microsoft.Kusto/Clusters/eventgridclienttest2/Databases/databasetest/DataConnections/testdataconnectionl3rxfog?api-version=2022-02-01+3": {
    "Request": {
      "Method": "GET",
      "RequestUri": "https://management.azure.com/subscriptions/e8257c73-24c5-4791-94dc-8b7901c90dbf/resourceGroups/test-clients-rg/providers/Microsoft.Kusto/Clusters/eventgridclienttest2/Databases/databasetest/DataConnections/testdataconnectionl3rxfog?api-version=2022-02-01",
      "Content": null,
      "isContentBase64": false,
      "Headers": {
        "Authorization": [ "[Filtered]" ],
        "x-ms-unique-id": [ "498", "499", "500", "501" ],
        "x-ms-client-request-id": [ "f405a9f5-3aec-4c83-82b0-d592004318d0" ],
        "CommandName": [ "Az.Kusto.internal\\Update-AzKustoDataConnection" ],
        "FullCommandName": [ "Update-AzKustoDataConnection_Update" ],
        "ParameterSetName": [ "__AllParameterSets" ],
        "User-Agent": [ "AzurePowershell/v0.0.0", "PSVersion/v7.2.2", "Az.Kusto/0.1.4" ]
      },
      "ContentHeaders": {
      }
    },
    "Response": {
      "StatusCode": 200,
      "Headers": {
        "Cache-Control": [ "no-cache" ],
        "Pragma": [ "no-cache" ],
        "x-ms-request-id": [ "cdfbbb9a-aebb-41ba-8fec-1102ccb94d89" ],
        "Server": [ "Microsoft-HTTPAPI/2.0" ],
        "x-ms-ratelimit-remaining-subscription-resource-requests": [ "298" ],
        "x-ms-correlation-request-id": [ "e9794227-ce26-42ff-984d-2de8d68ed025" ],
        "x-ms-routing-request-id": [ "UAECENTRAL:20220323T100941Z:e9794227-ce26-42ff-984d-2de8d68ed025" ],
        "Strict-Transport-Security": [ "max-age=31536000; includeSubDomains" ],
        "X-Content-Type-Options": [ "nosniff" ],
        "Date": [ "Wed, 23 Mar 2022 10:09:40 GMT" ]
      },
      "ContentHeaders": {
        "Content-Length": [ "1065" ],
        "Content-Type": [ "application/json; charset=utf-8" ],
        "Expires": [ "-1" ]
      },
      "Content": "{\"id\":\"/subscriptions/e8257c73-24c5-4791-94dc-8b7901c90dbf/resourceGroups/test-clients-rg/providers/Microsoft.Kusto/Clusters/eventgridclienttest2/Databases/databasetest/DataConnections/testdataconnectionl3rxfog\",\"name\":\"eventgridclienttest2/databasetest/testdataconnectionl3rxfog\",\"type\":\"Microsoft.Kusto/Clusters/Databases/DataConnections\",\"location\":\"East US\",\"kind\":\"EventGrid\",\"properties\":{\"ignoreFirstRecord\":false,\"storageAccountResourceId\":\"/subscriptions/e8257c73-24c5-4791-94dc-8b7901c90dbf/resourcegroups/test-clients-rg/providers/Microsoft.Storage/storageAccounts/testclients\",\"eventGridResourceId\":null,\"eventHubResourceId\":\"/subscriptions/e8257c73-24c5-4791-94dc-8b7901c90dbf/resourcegroups/test-clients-rg/providers/Microsoft.EventHub/namespaces/testclientsns22/eventhubs/testclientseg\",\"consumerGroup\":\"Default\",\"tableName\":null,\"mappingRuleName\":null,\"dataFormat\":null,\"blobStorageEventType\":\"Microsoft.Storage.BlobCreated\",\"managedIdentityResourceId\":null,\"managedIdentityObjectId\":null,\"databaseRouting\":\"Single\",\"provisioningState\":\"Succeeded\"}}",
      "isContentBase64": false
    }
  },
  "[NoDescription]+[NoContext]+UpdateExpandedIotHub+$PATCH+https://management.azure.com/subscriptions/e8257c73-24c5-4791-94dc-8b7901c90dbf/resourceGroups/test-clients-rg/providers/Microsoft.Kusto/Clusters/eventgridclienttest2/Databases/databasetest/DataConnections/testdataconnectionl3rxfoh?api-version=2022-02-01+1": {
    "Request": {
      "Method": "PATCH",
      "RequestUri": "https://management.azure.com/subscriptions/e8257c73-24c5-4791-94dc-8b7901c90dbf/resourceGroups/test-clients-rg/providers/Microsoft.Kusto/Clusters/eventgridclienttest2/Databases/databasetest/DataConnections/testdataconnectionl3rxfoh?api-version=2022-02-01",
      "Content": "{\r\n  \"location\": \"East US\",\r\n  \"kind\": \"IotHub\",\r\n  \"properties\": {\r\n    \"iotHubResourceId\": \"/subscriptions/e8257c73-24c5-4791-94dc-8b7901c90dbf/resourcegroups/test-clients-rg/providers/Microsoft.Devices/IotHubs/test-clients-iot\",\r\n    \"consumerGroup\": \"Default\",\r\n    \"sharedAccessPolicyName\": \"registryRead\"\r\n  }\r\n}",
      "isContentBase64": false,
      "Headers": {
      },
      "ContentHeaders": {
        "Content-Type": [ "application/json" ],
        "Content-Length": [ "318" ]
      }
    },
    "Response": {
      "StatusCode": 202,
      "Headers": {
        "Cache-Control": [ "no-cache" ],
        "Pragma": [ "no-cache" ],
        "Location": [ "https://management.azure.com/subscriptions/e8257c73-24c5-4791-94dc-8b7901c90dbf/providers/Microsoft.Kusto/locations/East%20US/operationResults/4a570953-8b83-4c69-aabc-bb8277422b45?api-version=2022-02-01\u0026operationResultResponseType=Location" ],
        "x-ms-request-id": [ "c6f619da-c353-4c6c-8be9-80cda5a52de8" ],
        "Azure-AsyncOperation": [ "https://management.azure.com/subscriptions/e8257c73-24c5-4791-94dc-8b7901c90dbf/providers/Microsoft.Kusto/locations/East US/operationResults/4a570953-8b83-4c69-aabc-bb8277422b45?api-version=2022-02-01" ],
        "Server": [ "Microsoft-HTTPAPI/2.0" ],
        "x-ms-ratelimit-remaining-subscription-resource-requests": [ "197" ],
        "x-ms-correlation-request-id": [ "944accff-f597-4bf1-bc82-e1e8e372ae1d" ],
        "x-ms-routing-request-id": [ "UAECENTRAL:20220323T100943Z:944accff-f597-4bf1-bc82-e1e8e372ae1d" ],
        "Strict-Transport-Security": [ "max-age=31536000; includeSubDomains" ],
        "X-Content-Type-Options": [ "nosniff" ],
        "Date": [ "Wed, 23 Mar 2022 10:09:42 GMT" ]
      },
      "ContentHeaders": {
        "Content-Length": [ "753" ],
        "Content-Type": [ "application/json; charset=utf-8" ],
        "Expires": [ "-1" ]
      },
      "Content": "{\"id\":\"/subscriptions/e8257c73-24c5-4791-94dc-8b7901c90dbf/resourceGroups/test-clients-rg/providers/Microsoft.Kusto/Clusters/eventgridclienttest2/Databases/databasetest/DataConnections/testdataconnectionl3rxfoh\",\"name\":\"eventgridclienttest2/databasetest/testdataconnectionl3rxfoh\",\"type\":\"Microsoft.Kusto/Clusters/Databases/DataConnections\",\"location\":\"East US\",\"kind\":\"IotHub\",\"properties\":{\"iotHubResourceId\":\"/subscriptions/e8257c73-24c5-4791-94dc-8b7901c90dbf/resourcegroups/test-clients-rg/providers/Microsoft.Devices/IotHubs/test-clients-iot\",\"consumerGroup\":\"Default\",\"tableName\":\"\",\"mappingRuleName\":\"\",\"dataFormat\":\"\",\"eventSystemProperties\":[],\"sharedAccessPolicyName\":\"registryRead\",\"databaseRouting\":\"Single\",\"provisioningState\":\"Accepted\"}}",
      "isContentBase64": false
    }
  },
  "[NoDescription]+[NoContext]+UpdateExpandedIotHub+$GET+https://management.azure.com/subscriptions/e8257c73-24c5-4791-94dc-8b7901c90dbf/providers/Microsoft.Kusto/locations/East US/operationResults/4a570953-8b83-4c69-aabc-bb8277422b45?api-version=2022-02-01+2": {
    "Request": {
      "Method": "GET",
      "RequestUri": "https://management.azure.com/subscriptions/e8257c73-24c5-4791-94dc-8b7901c90dbf/providers/Microsoft.Kusto/locations/East%20US/operationResults/4a570953-8b83-4c69-aabc-bb8277422b45?api-version=2022-02-01",
      "Content": null,
      "isContentBase64": false,
      "Headers": {
        "Authorization": [ "[Filtered]" ],
        "x-ms-unique-id": [ "506", "507", "508", "509" ],
        "x-ms-client-request-id": [ "bc152408-afc9-4315-8ea8-324650b7ee08" ],
        "CommandName": [ "Az.Kusto.internal\\Update-AzKustoDataConnection" ],
        "FullCommandName": [ "Update-AzKustoDataConnection_Update" ],
        "ParameterSetName": [ "__AllParameterSets" ],
        "User-Agent": [ "AzurePowershell/v0.0.0", "PSVersion/v7.2.2", "Az.Kusto/0.1.4" ]
      },
      "ContentHeaders": {
      }
    },
    "Response": {
      "StatusCode": 200,
      "Headers": {
        "Cache-Control": [ "no-cache" ],
        "Pragma": [ "no-cache" ],
        "x-ms-request-id": [ "b2259523-5bb3-4aba-a1e9-cf8b4691d750" ],
        "x-ms-operation-root-activity-id": [ "1af8ba2a-7c2c-412e-a2db-3507c392a222" ],
        "Server": [ "Microsoft-HTTPAPI/2.0" ],
        "x-ms-ratelimit-remaining-subscription-resource-requests": [ "297" ],
        "x-ms-correlation-request-id": [ "fe6f48d0-8eeb-4739-8c04-247db1e51338" ],
        "x-ms-routing-request-id": [ "UAECENTRAL:20220323T101014Z:fe6f48d0-8eeb-4739-8c04-247db1e51338" ],
        "Strict-Transport-Security": [ "max-age=31536000; includeSubDomains" ],
        "X-Content-Type-Options": [ "nosniff" ],
        "Date": [ "Wed, 23 Mar 2022 10:10:13 GMT" ]
      },
      "ContentHeaders": {
        "Content-Length": [ "347" ],
        "Content-Type": [ "application/json; charset=utf-8" ],
        "Expires": [ "-1" ]
      },
      "Content": "{\"id\":\"/subscriptions/e8257c73-24c5-4791-94dc-8b7901c90dbf/providers/Microsoft.Kusto/locations/East US/operationresults/4a570953-8b83-4c69-aabc-bb8277422b45\",\"name\":\"4a570953-8b83-4c69-aabc-bb8277422b45\",\"status\":\"Succeeded\",\"startTime\":\"2022-03-23T10:09:42.8991248Z\",\"endTime\":\"2022-03-23T10:09:46.6961045Z\",\"percentComplete\":1.0,\"properties\":{}}",
      "isContentBase64": false
    }
  },
  "[NoDescription]+[NoContext]+UpdateExpandedIotHub+$GET+https://management.azure.com/subscriptions/e8257c73-24c5-4791-94dc-8b7901c90dbf/resourceGroups/test-clients-rg/providers/Microsoft.Kusto/Clusters/eventgridclienttest2/Databases/databasetest/DataConnections/testdataconnectionl3rxfoh?api-version=2022-02-01+3": {
    "Request": {
      "Method": "GET",
      "RequestUri": "https://management.azure.com/subscriptions/e8257c73-24c5-4791-94dc-8b7901c90dbf/resourceGroups/test-clients-rg/providers/Microsoft.Kusto/Clusters/eventgridclienttest2/Databases/databasetest/DataConnections/testdataconnectionl3rxfoh?api-version=2022-02-01",
      "Content": null,
      "isContentBase64": false,
      "Headers": {
        "Authorization": [ "[Filtered]" ],
        "x-ms-unique-id": [ "510", "511", "512", "513" ],
        "x-ms-client-request-id": [ "bc152408-afc9-4315-8ea8-324650b7ee08" ],
        "CommandName": [ "Az.Kusto.internal\\Update-AzKustoDataConnection" ],
        "FullCommandName": [ "Update-AzKustoDataConnection_Update" ],
        "ParameterSetName": [ "__AllParameterSets" ],
        "User-Agent": [ "AzurePowershell/v0.0.0", "PSVersion/v7.2.2", "Az.Kusto/0.1.4" ]
      },
      "ContentHeaders": {
      }
    },
    "Response": {
      "StatusCode": 200,
      "Headers": {
        "Cache-Control": [ "no-cache" ],
        "Pragma": [ "no-cache" ],
        "x-ms-request-id": [ "a760b440-7028-46c7-a2b8-492842f54825" ],
        "Server": [ "Microsoft-HTTPAPI/2.0" ],
        "x-ms-ratelimit-remaining-subscription-resource-requests": [ "297" ],
        "x-ms-correlation-request-id": [ "7f43762f-3ad3-4001-acdc-882675a13012" ],
        "x-ms-routing-request-id": [ "UAECENTRAL:20220323T101015Z:7f43762f-3ad3-4001-acdc-882675a13012" ],
        "Strict-Transport-Security": [ "max-age=31536000; includeSubDomains" ],
        "X-Content-Type-Options": [ "nosniff" ],
        "Date": [ "Wed, 23 Mar 2022 10:10:14 GMT" ]
      },
      "ContentHeaders": {
        "Content-Length": [ "760" ],
        "Content-Type": [ "application/json; charset=utf-8" ],
        "Expires": [ "-1" ]
      },
      "Content": "{\"id\":\"/subscriptions/e8257c73-24c5-4791-94dc-8b7901c90dbf/resourceGroups/test-clients-rg/providers/Microsoft.Kusto/Clusters/eventgridclienttest2/Databases/databasetest/DataConnections/testdataconnectionl3rxfoh\",\"name\":\"eventgridclienttest2/databasetest/testdataconnectionl3rxfoh\",\"type\":\"Microsoft.Kusto/Clusters/Databases/DataConnections\",\"location\":\"East US\",\"kind\":\"IotHub\",\"properties\":{\"iotHubResourceId\":\"/subscriptions/e8257c73-24c5-4791-94dc-8b7901c90dbf/resourcegroups/test-clients-rg/providers/Microsoft.Devices/IotHubs/test-clients-iot\",\"consumerGroup\":\"Default\",\"tableName\":null,\"mappingRuleName\":null,\"dataFormat\":null,\"eventSystemProperties\":[],\"sharedAccessPolicyName\":\"registryRead\",\"databaseRouting\":\"Single\",\"provisioningState\":\"Succeeded\"}}",
      "isContentBase64": false
    }
  },
  "[NoDescription]+[NoContext]+UpdateViaIdentityExpandedEventHub+$GET+https://management.azure.com/subscriptions/e8257c73-24c5-4791-94dc-8b7901c90dbf/resourceGroups/test-clients-rg/providers/Microsoft.Kusto/Clusters/eventgridclienttest2/Databases/databasetest/DataConnections/testdataconnectionl3rxfo?api-version=2022-02-01+1": {
    "Request": {
      "Method": "GET",
      "RequestUri": "https://management.azure.com/subscriptions/e8257c73-24c5-4791-94dc-8b7901c90dbf/resourceGroups/test-clients-rg/providers/Microsoft.Kusto/Clusters/eventgridclienttest2/Databases/databasetest/DataConnections/testdataconnectionl3rxfo?api-version=2022-02-01",
      "Content": null,
      "isContentBase64": false,
      "Headers": {
        "x-ms-unique-id": [ "514", "515", "516", "517" ],
        "x-ms-client-request-id": [ "999c5d3f-fd41-4122-adfb-225d5bf748b8" ],
        "CommandName": [ "Get-AzKustoDataConnection" ],
        "FullCommandName": [ "Get-AzKustoDataConnection_Get" ],
        "ParameterSetName": [ "__AllParameterSets" ],
        "User-Agent": [ "AzurePowershell/v0.0.0", "PSVersion/v7.2.2", "Az.Kusto/0.1.4" ],
        "Authorization": [ "[Filtered]" ]
      },
      "ContentHeaders": {
      }
    },
    "Response": {
      "StatusCode": 200,
      "Headers": {
        "Cache-Control": [ "no-cache" ],
        "Pragma": [ "no-cache" ],
        "x-ms-request-id": [ "5f228196-e52e-4972-a10f-814468c87f46" ],
        "Server": [ "Microsoft-HTTPAPI/2.0" ],
        "x-ms-ratelimit-remaining-subscription-resource-requests": [ "296" ],
        "x-ms-correlation-request-id": [ "654ad26f-45b8-4935-8da7-c20d33093ed6" ],
        "x-ms-routing-request-id": [ "UAECENTRAL:20220323T101016Z:654ad26f-45b8-4935-8da7-c20d33093ed6" ],
        "Strict-Transport-Security": [ "max-age=31536000; includeSubDomains" ],
        "X-Content-Type-Options": [ "nosniff" ],
        "Date": [ "Wed, 23 Mar 2022 10:10:16 GMT" ]
      },
      "ContentHeaders": {
        "Content-Length": [ "834" ],
        "Content-Type": [ "application/json; charset=utf-8" ],
        "Expires": [ "-1" ]
      },
      "Content": "{\"id\":\"/subscriptions/e8257c73-24c5-4791-94dc-8b7901c90dbf/resourceGroups/test-clients-rg/providers/Microsoft.Kusto/Clusters/eventgridclienttest2/Databases/databasetest/DataConnections/testdataconnectionl3rxfo\",\"name\":\"eventgridclienttest2/databasetest/testdataconnectionl3rxfo\",\"type\":\"Microsoft.Kusto/Clusters/Databases/DataConnections\",\"location\":\"East US\",\"kind\":\"EventHub\",\"properties\":{\"eventHubResourceId\":\"/subscriptions/e8257c73-24c5-4791-94dc-8b7901c90dbf/resourcegroups/test-clients-rg/providers/Microsoft.EventHub/namespaces/testclientsns22/eventhubs/testclientseh\",\"consumerGroup\":\"Default\",\"tableName\":null,\"mappingRuleName\":null,\"dataFormat\":null,\"eventSystemProperties\":[],\"compression\":\"None\",\"managedIdentityResourceId\":null,\"managedIdentityObjectId\":null,\"databaseRouting\":\"Single\",\"provisioningState\":\"Succeeded\"}}",
      "isContentBase64": false
    }
  },
  "[NoDescription]+[NoContext]+UpdateViaIdentityExpandedEventHub+$PATCH+https://management.azure.com/subscriptions/e8257c73-24c5-4791-94dc-8b7901c90dbf/resourceGroups/test-clients-rg/providers/Microsoft.Kusto/Clusters/eventgridclienttest2/Databases/databasetest/DataConnections/testdataconnectionl3rxfo?api-version=2022-02-01+2": {
    "Request": {
      "Method": "PATCH",
      "RequestUri": "https://management.azure.com/subscriptions/e8257c73-24c5-4791-94dc-8b7901c90dbf/resourceGroups/test-clients-rg/providers/Microsoft.Kusto/Clusters/eventgridclienttest2/Databases/databasetest/DataConnections/testdataconnectionl3rxfo?api-version=2022-02-01",
      "Content": "{\r\n  \"location\": \"East US\",\r\n  \"kind\": \"EventHub\",\r\n  \"properties\": {\r\n    \"eventHubResourceId\": \"/subscriptions/e8257c73-24c5-4791-94dc-8b7901c90dbf/resourcegroups/test-clients-rg/providers/Microsoft.EventHub/namespaces/testclientsns22/eventhubs/testclientseh\",\r\n    \"consumerGroup\": \"Default\",\r\n    \"compression\": \"None\"\r\n  }\r\n}",
      "isContentBase64": false,
      "Headers": {
      },
      "ContentHeaders": {
        "Content-Type": [ "application/json" ],
        "Content-Length": [ "330" ]
      }
    },
    "Response": {
      "StatusCode": 202,
      "Headers": {
        "Cache-Control": [ "no-cache" ],
        "Pragma": [ "no-cache" ],
        "Location": [ "https://management.azure.com/subscriptions/e8257c73-24c5-4791-94dc-8b7901c90dbf/providers/Microsoft.Kusto/locations/East%20US/operationResults/7ec98547-5495-4158-a620-0d78c379c1a2?api-version=2022-02-01\u0026operationResultResponseType=Location" ],
        "x-ms-request-id": [ "0bf7a69f-b6c6-4b5f-a123-42ffbd8c7f48" ],
        "Azure-AsyncOperation": [ "https://management.azure.com/subscriptions/e8257c73-24c5-4791-94dc-8b7901c90dbf/providers/Microsoft.Kusto/locations/East US/operationResults/7ec98547-5495-4158-a620-0d78c379c1a2?api-version=2022-02-01" ],
        "Server": [ "Microsoft-HTTPAPI/2.0" ],
        "x-ms-ratelimit-remaining-subscription-resource-requests": [ "196" ],
        "x-ms-correlation-request-id": [ "2173f68c-a34b-416d-a4c6-ec1cb8e9e982" ],
        "x-ms-routing-request-id": [ "UAECENTRAL:20220323T101018Z:2173f68c-a34b-416d-a4c6-ec1cb8e9e982" ],
        "Strict-Transport-Security": [ "max-age=31536000; includeSubDomains" ],
        "X-Content-Type-Options": [ "nosniff" ],
        "Date": [ "Wed, 23 Mar 2022 10:10:17 GMT" ]
      },
      "ContentHeaders": {
        "Content-Length": [ "833" ],
        "Content-Type": [ "application/json; charset=utf-8" ],
        "Expires": [ "-1" ]
      },
      "Content": "{\"id\":\"/subscriptions/e8257c73-24c5-4791-94dc-8b7901c90dbf/resourceGroups/test-clients-rg/providers/Microsoft.Kusto/Clusters/eventgridclienttest2/Databases/databasetest/DataConnections/testdataconnectionl3rxfo\",\"name\":\"eventgridclienttest2/databasetest/testdataconnectionl3rxfo\",\"type\":\"Microsoft.Kusto/Clusters/Databases/DataConnections\",\"location\":\"East US\",\"kind\":\"EventHub\",\"properties\":{\"eventHubResourceId\":\"/subscriptions/e8257c73-24c5-4791-94dc-8b7901c90dbf/resourcegroups/test-clients-rg/providers/Microsoft.EventHub/namespaces/testclientsns22/eventhubs/testclientseh\",\"consumerGroup\":\"Default\",\"tableName\":null,\"mappingRuleName\":null,\"dataFormat\":null,\"eventSystemProperties\":[],\"compression\":\"None\",\"managedIdentityResourceId\":null,\"managedIdentityObjectId\":null,\"databaseRouting\":\"Single\",\"provisioningState\":\"Accepted\"}}",
      "isContentBase64": false
    }
  },
  "[NoDescription]+[NoContext]+UpdateViaIdentityExpandedEventHub+$GET+https://management.azure.com/subscriptions/e8257c73-24c5-4791-94dc-8b7901c90dbf/providers/Microsoft.Kusto/locations/East US/operationResults/7ec98547-5495-4158-a620-0d78c379c1a2?api-version=2022-02-01+3": {
    "Request": {
      "Method": "GET",
      "RequestUri": "https://management.azure.com/subscriptions/e8257c73-24c5-4791-94dc-8b7901c90dbf/providers/Microsoft.Kusto/locations/East%20US/operationResults/7ec98547-5495-4158-a620-0d78c379c1a2?api-version=2022-02-01",
      "Content": null,
      "isContentBase64": false,
      "Headers": {
        "Authorization": [ "[Filtered]" ],
        "x-ms-unique-id": [ "522", "523", "524", "525" ],
        "x-ms-client-request-id": [ "cce5cb24-9d8c-436c-bdd9-ea6e4b00c523" ],
        "CommandName": [ "Az.Kusto.internal\\Update-AzKustoDataConnection" ],
        "FullCommandName": [ "Update-AzKustoDataConnection_UpdateViaIdentity" ],
        "ParameterSetName": [ "__AllParameterSets" ],
        "User-Agent": [ "AzurePowershell/v0.0.0", "PSVersion/v7.2.2", "Az.Kusto/0.1.4" ]
      },
      "ContentHeaders": {
      }
    },
    "Response": {
      "StatusCode": 200,
      "Headers": {
        "Cache-Control": [ "no-cache" ],
        "Pragma": [ "no-cache" ],
        "x-ms-request-id": [ "a79006d5-c2d8-4557-b5f7-c0ea7e1a779c" ],
        "x-ms-operation-root-activity-id": [ "4d1143b7-1486-48cb-baf9-280dee449252" ],
        "Server": [ "Microsoft-HTTPAPI/2.0" ],
        "x-ms-ratelimit-remaining-subscription-resource-requests": [ "296" ],
        "x-ms-correlation-request-id": [ "00e0f862-203a-4da4-bdb2-74b9c6827faa" ],
        "x-ms-routing-request-id": [ "UAECENTRAL:20220323T101048Z:00e0f862-203a-4da4-bdb2-74b9c6827faa" ],
        "Strict-Transport-Security": [ "max-age=31536000; includeSubDomains" ],
        "X-Content-Type-Options": [ "nosniff" ],
        "Date": [ "Wed, 23 Mar 2022 10:10:48 GMT" ]
      },
      "ContentHeaders": {
        "Content-Length": [ "347" ],
        "Content-Type": [ "application/json; charset=utf-8" ],
        "Expires": [ "-1" ]
      },
      "Content": "{\"id\":\"/subscriptions/e8257c73-24c5-4791-94dc-8b7901c90dbf/providers/Microsoft.Kusto/locations/East US/operationresults/7ec98547-5495-4158-a620-0d78c379c1a2\",\"name\":\"7ec98547-5495-4158-a620-0d78c379c1a2\",\"status\":\"Succeeded\",\"startTime\":\"2022-03-23T10:10:18.1083378Z\",\"endTime\":\"2022-03-23T10:10:19.7177465Z\",\"percentComplete\":1.0,\"properties\":{}}",
      "isContentBase64": false
    }
  },
  "[NoDescription]+[NoContext]+UpdateViaIdentityExpandedEventHub+$GET+https://management.azure.com/subscriptions/e8257c73-24c5-4791-94dc-8b7901c90dbf/resourceGroups/test-clients-rg/providers/Microsoft.Kusto/Clusters/eventgridclienttest2/Databases/databasetest/DataConnections/testdataconnectionl3rxfo?api-version=2022-02-01+4": {
    "Request": {
      "Method": "GET",
      "RequestUri": "https://management.azure.com/subscriptions/e8257c73-24c5-4791-94dc-8b7901c90dbf/resourceGroups/test-clients-rg/providers/Microsoft.Kusto/Clusters/eventgridclienttest2/Databases/databasetest/DataConnections/testdataconnectionl3rxfo?api-version=2022-02-01",
      "Content": null,
      "isContentBase64": false,
      "Headers": {
        "Authorization": [ "[Filtered]" ],
        "x-ms-unique-id": [ "526", "527", "528", "529" ],
        "x-ms-client-request-id": [ "cce5cb24-9d8c-436c-bdd9-ea6e4b00c523" ],
        "CommandName": [ "Az.Kusto.internal\\Update-AzKustoDataConnection" ],
        "FullCommandName": [ "Update-AzKustoDataConnection_UpdateViaIdentity" ],
        "ParameterSetName": [ "__AllParameterSets" ],
        "User-Agent": [ "AzurePowershell/v0.0.0", "PSVersion/v7.2.2", "Az.Kusto/0.1.4" ]
      },
      "ContentHeaders": {
      }
    },
    "Response": {
      "StatusCode": 200,
      "Headers": {
        "Cache-Control": [ "no-cache" ],
        "Pragma": [ "no-cache" ],
        "x-ms-request-id": [ "84fab1e4-58c5-4bb3-9e94-369afc488073" ],
        "Server": [ "Microsoft-HTTPAPI/2.0" ],
        "x-ms-ratelimit-remaining-subscription-resource-requests": [ "295" ],
        "x-ms-correlation-request-id": [ "eef9e589-a308-4f00-ac9b-044c06729de1" ],
        "x-ms-routing-request-id": [ "UAECENTRAL:20220323T101049Z:eef9e589-a308-4f00-ac9b-044c06729de1" ],
        "Strict-Transport-Security": [ "max-age=31536000; includeSubDomains" ],
        "X-Content-Type-Options": [ "nosniff" ],
        "Date": [ "Wed, 23 Mar 2022 10:10:49 GMT" ]
      },
      "ContentHeaders": {
        "Content-Length": [ "834" ],
        "Content-Type": [ "application/json; charset=utf-8" ],
        "Expires": [ "-1" ]
      },
      "Content": "{\"id\":\"/subscriptions/e8257c73-24c5-4791-94dc-8b7901c90dbf/resourceGroups/test-clients-rg/providers/Microsoft.Kusto/Clusters/eventgridclienttest2/Databases/databasetest/DataConnections/testdataconnectionl3rxfo\",\"name\":\"eventgridclienttest2/databasetest/testdataconnectionl3rxfo\",\"type\":\"Microsoft.Kusto/Clusters/Databases/DataConnections\",\"location\":\"East US\",\"kind\":\"EventHub\",\"properties\":{\"eventHubResourceId\":\"/subscriptions/e8257c73-24c5-4791-94dc-8b7901c90dbf/resourcegroups/test-clients-rg/providers/Microsoft.EventHub/namespaces/testclientsns22/eventhubs/testclientseh\",\"consumerGroup\":\"Default\",\"tableName\":null,\"mappingRuleName\":null,\"dataFormat\":null,\"eventSystemProperties\":[],\"compression\":\"None\",\"managedIdentityResourceId\":null,\"managedIdentityObjectId\":null,\"databaseRouting\":\"Single\",\"provisioningState\":\"Succeeded\"}}",
      "isContentBase64": false
    }
  },
  "[NoDescription]+[NoContext]+UpdateViaIdentityExpandedEventGrid+$GET+https://management.azure.com/subscriptions/e8257c73-24c5-4791-94dc-8b7901c90dbf/resourceGroups/test-clients-rg/providers/Microsoft.Kusto/Clusters/eventgridclienttest2/Databases/databasetest/DataConnections/testdataconnectionl3rxfog?api-version=2022-02-01+1": {
    "Request": {
      "Method": "GET",
      "RequestUri": "https://management.azure.com/subscriptions/e8257c73-24c5-4791-94dc-8b7901c90dbf/resourceGroups/test-clients-rg/providers/Microsoft.Kusto/Clusters/eventgridclienttest2/Databases/databasetest/DataConnections/testdataconnectionl3rxfog?api-version=2022-02-01",
      "Content": null,
      "isContentBase64": false,
      "Headers": {
        "x-ms-unique-id": [ "530", "531", "532", "533" ],
        "x-ms-client-request-id": [ "c64055ef-f478-4eb5-9774-afa86a6be285" ],
        "CommandName": [ "Get-AzKustoDataConnection" ],
        "FullCommandName": [ "Get-AzKustoDataConnection_Get" ],
        "ParameterSetName": [ "__AllParameterSets" ],
        "User-Agent": [ "AzurePowershell/v0.0.0", "PSVersion/v7.2.2", "Az.Kusto/0.1.4" ],
        "Authorization": [ "[Filtered]" ]
      },
      "ContentHeaders": {
      }
    },
    "Response": {
      "StatusCode": 200,
      "Headers": {
        "Cache-Control": [ "no-cache" ],
        "Pragma": [ "no-cache" ],
        "x-ms-request-id": [ "71da2419-3ff9-44a2-8b26-d8aca9329613" ],
        "Server": [ "Microsoft-HTTPAPI/2.0" ],
        "x-ms-ratelimit-remaining-subscription-resource-requests": [ "294" ],
        "x-ms-correlation-request-id": [ "b6d4e411-7288-4df1-b649-f7af8ea75124" ],
        "x-ms-routing-request-id": [ "UAECENTRAL:20220323T101051Z:b6d4e411-7288-4df1-b649-f7af8ea75124" ],
        "Strict-Transport-Security": [ "max-age=31536000; includeSubDomains" ],
        "X-Content-Type-Options": [ "nosniff" ],
        "Date": [ "Wed, 23 Mar 2022 10:10:50 GMT" ]
      },
      "ContentHeaders": {
        "Content-Length": [ "1065" ],
        "Content-Type": [ "application/json; charset=utf-8" ],
        "Expires": [ "-1" ]
      },
      "Content": "{\"id\":\"/subscriptions/e8257c73-24c5-4791-94dc-8b7901c90dbf/resourceGroups/test-clients-rg/providers/Microsoft.Kusto/Clusters/eventgridclienttest2/Databases/databasetest/DataConnections/testdataconnectionl3rxfog\",\"name\":\"eventgridclienttest2/databasetest/testdataconnectionl3rxfog\",\"type\":\"Microsoft.Kusto/Clusters/Databases/DataConnections\",\"location\":\"East US\",\"kind\":\"EventGrid\",\"properties\":{\"ignoreFirstRecord\":false,\"storageAccountResourceId\":\"/subscriptions/e8257c73-24c5-4791-94dc-8b7901c90dbf/resourcegroups/test-clients-rg/providers/Microsoft.Storage/storageAccounts/testclients\",\"eventGridResourceId\":null,\"eventHubResourceId\":\"/subscriptions/e8257c73-24c5-4791-94dc-8b7901c90dbf/resourcegroups/test-clients-rg/providers/Microsoft.EventHub/namespaces/testclientsns22/eventhubs/testclientseg\",\"consumerGroup\":\"Default\",\"tableName\":null,\"mappingRuleName\":null,\"dataFormat\":null,\"blobStorageEventType\":\"Microsoft.Storage.BlobCreated\",\"managedIdentityResourceId\":null,\"managedIdentityObjectId\":null,\"databaseRouting\":\"Single\",\"provisioningState\":\"Succeeded\"}}",
      "isContentBase64": false
    }
  },
  "[NoDescription]+[NoContext]+UpdateViaIdentityExpandedEventGrid+$PATCH+https://management.azure.com/subscriptions/e8257c73-24c5-4791-94dc-8b7901c90dbf/resourceGroups/test-clients-rg/providers/Microsoft.Kusto/Clusters/eventgridclienttest2/Databases/databasetest/DataConnections/testdataconnectionl3rxfog?api-version=2022-02-01+2": {
    "Request": {
      "Method": "PATCH",
      "RequestUri": "https://management.azure.com/subscriptions/e8257c73-24c5-4791-94dc-8b7901c90dbf/resourceGroups/test-clients-rg/providers/Microsoft.Kusto/Clusters/eventgridclienttest2/Databases/databasetest/DataConnections/testdataconnectionl3rxfog?api-version=2022-02-01",
      "Content": "{\r\n  \"location\": \"East US\",\r\n  \"kind\": \"EventGrid\",\r\n  \"properties\": {\r\n    \"storageAccountResourceId\": \"/subscriptions/e8257c73-24c5-4791-94dc-8b7901c90dbf/resourcegroups/test-clients-rg/providers/Microsoft.Storage/storageAccounts/testclients\",\r\n    \"eventHubResourceId\": \"/subscriptions/e8257c73-24c5-4791-94dc-8b7901c90dbf/resourcegroups/test-clients-rg/providers/Microsoft.EventHub/namespaces/testclientsns22/eventhubs/testclientseg\",\r\n    \"consumerGroup\": \"Default\"\r\n  }\r\n}",
      "isContentBase64": false,
      "Headers": {
      },
      "ContentHeaders": {
        "Content-Type": [ "application/json" ],
        "Content-Length": [ "478" ]
      }
    },
    "Response": {
      "StatusCode": 202,
      "Headers": {
        "Cache-Control": [ "no-cache" ],
        "Pragma": [ "no-cache" ],
        "Location": [ "https://management.azure.com/subscriptions/e8257c73-24c5-4791-94dc-8b7901c90dbf/providers/Microsoft.Kusto/locations/East%20US/operationResults/07921d1d-8131-4db2-8de1-b3092fd8bdcb?api-version=2022-02-01\u0026operationResultResponseType=Location" ],
        "x-ms-request-id": [ "2c48940c-5f5a-431c-be71-aa31724fe933" ],
        "Azure-AsyncOperation": [ "https://management.azure.com/subscriptions/e8257c73-24c5-4791-94dc-8b7901c90dbf/providers/Microsoft.Kusto/locations/East US/operationResults/07921d1d-8131-4db2-8de1-b3092fd8bdcb?api-version=2022-02-01" ],
        "Server": [ "Microsoft-HTTPAPI/2.0" ],
        "x-ms-ratelimit-remaining-subscription-resource-requests": [ "195" ],
        "x-ms-correlation-request-id": [ "ac00f042-6f16-44ea-9475-4cbb8756afdd" ],
        "x-ms-routing-request-id": [ "UAECENTRAL:20220323T101053Z:ac00f042-6f16-44ea-9475-4cbb8756afdd" ],
        "Strict-Transport-Security": [ "max-age=31536000; includeSubDomains" ],
        "X-Content-Type-Options": [ "nosniff" ],
        "Date": [ "Wed, 23 Mar 2022 10:10:52 GMT" ]
      },
      "ContentHeaders": {
        "Content-Length": [ "1064" ],
        "Content-Type": [ "application/json; charset=utf-8" ],
        "Expires": [ "-1" ]
      },
      "Content": "{\"id\":\"/subscriptions/e8257c73-24c5-4791-94dc-8b7901c90dbf/resourceGroups/test-clients-rg/providers/Microsoft.Kusto/Clusters/eventgridclienttest2/Databases/databasetest/DataConnections/testdataconnectionl3rxfog\",\"name\":\"eventgridclienttest2/databasetest/testdataconnectionl3rxfog\",\"type\":\"Microsoft.Kusto/Clusters/Databases/DataConnections\",\"location\":\"East US\",\"kind\":\"EventGrid\",\"properties\":{\"ignoreFirstRecord\":false,\"storageAccountResourceId\":\"/subscriptions/e8257c73-24c5-4791-94dc-8b7901c90dbf/resourcegroups/test-clients-rg/providers/Microsoft.Storage/storageAccounts/testclients\",\"eventGridResourceId\":null,\"eventHubResourceId\":\"/subscriptions/e8257c73-24c5-4791-94dc-8b7901c90dbf/resourcegroups/test-clients-rg/providers/Microsoft.EventHub/namespaces/testclientsns22/eventhubs/testclientseg\",\"consumerGroup\":\"Default\",\"tableName\":null,\"mappingRuleName\":null,\"dataFormat\":null,\"blobStorageEventType\":\"Microsoft.Storage.BlobCreated\",\"managedIdentityResourceId\":null,\"managedIdentityObjectId\":null,\"databaseRouting\":\"Single\",\"provisioningState\":\"Accepted\"}}",
      "isContentBase64": false
    }
  },
  "[NoDescription]+[NoContext]+UpdateViaIdentityExpandedEventGrid+$GET+https://management.azure.com/subscriptions/e8257c73-24c5-4791-94dc-8b7901c90dbf/providers/Microsoft.Kusto/locations/East US/operationResults/07921d1d-8131-4db2-8de1-b3092fd8bdcb?api-version=2022-02-01+3": {
    "Request": {
      "Method": "GET",
      "RequestUri": "https://management.azure.com/subscriptions/e8257c73-24c5-4791-94dc-8b7901c90dbf/providers/Microsoft.Kusto/locations/East%20US/operationResults/07921d1d-8131-4db2-8de1-b3092fd8bdcb?api-version=2022-02-01",
      "Content": null,
      "isContentBase64": false,
      "Headers": {
        "Authorization": [ "[Filtered]" ],
        "x-ms-unique-id": [ "538", "539", "540", "541" ],
        "x-ms-client-request-id": [ "9a16fdf2-e50f-4b63-bcab-3e23059739a4" ],
        "CommandName": [ "Az.Kusto.internal\\Update-AzKustoDataConnection" ],
        "FullCommandName": [ "Update-AzKustoDataConnection_UpdateViaIdentity" ],
        "ParameterSetName": [ "__AllParameterSets" ],
        "User-Agent": [ "AzurePowershell/v0.0.0", "PSVersion/v7.2.2", "Az.Kusto/0.1.4" ]
      },
      "ContentHeaders": {
      }
    },
    "Response": {
      "StatusCode": 200,
      "Headers": {
        "Cache-Control": [ "no-cache" ],
        "Pragma": [ "no-cache" ],
        "x-ms-request-id": [ "8589f873-e40e-4fcc-83ea-17b7d7816ae0" ],
        "x-ms-operation-root-activity-id": [ "a540f3e5-a4a9-4c36-aa45-7fac2df8c197" ],
        "Server": [ "Microsoft-HTTPAPI/2.0" ],
        "x-ms-ratelimit-remaining-subscription-resource-requests": [ "295" ],
        "x-ms-correlation-request-id": [ "a1867c53-177b-4abe-975c-a03e5b655434" ],
        "x-ms-routing-request-id": [ "UAECENTRAL:20220323T101123Z:a1867c53-177b-4abe-975c-a03e5b655434" ],
        "Strict-Transport-Security": [ "max-age=31536000; includeSubDomains" ],
        "X-Content-Type-Options": [ "nosniff" ],
        "Date": [ "Wed, 23 Mar 2022 10:11:23 GMT" ]
      },
      "ContentHeaders": {
        "Content-Length": [ "347" ],
        "Content-Type": [ "application/json; charset=utf-8" ],
        "Expires": [ "-1" ]
      },
      "Content": "{\"id\":\"/subscriptions/e8257c73-24c5-4791-94dc-8b7901c90dbf/providers/Microsoft.Kusto/locations/East US/operationresults/07921d1d-8131-4db2-8de1-b3092fd8bdcb\",\"name\":\"07921d1d-8131-4db2-8de1-b3092fd8bdcb\",\"status\":\"Succeeded\",\"startTime\":\"2022-03-23T10:10:53.2888267Z\",\"endTime\":\"2022-03-23T10:10:56.8826373Z\",\"percentComplete\":1.0,\"properties\":{}}",
      "isContentBase64": false
    }
  },
  "[NoDescription]+[NoContext]+UpdateViaIdentityExpandedEventGrid+$GET+https://management.azure.com/subscriptions/e8257c73-24c5-4791-94dc-8b7901c90dbf/resourceGroups/test-clients-rg/providers/Microsoft.Kusto/Clusters/eventgridclienttest2/Databases/databasetest/DataConnections/testdataconnectionl3rxfog?api-version=2022-02-01+4": {
    "Request": {
      "Method": "GET",
      "RequestUri": "https://management.azure.com/subscriptions/e8257c73-24c5-4791-94dc-8b7901c90dbf/resourceGroups/test-clients-rg/providers/Microsoft.Kusto/Clusters/eventgridclienttest2/Databases/databasetest/DataConnections/testdataconnectionl3rxfog?api-version=2022-02-01",
      "Content": null,
      "isContentBase64": false,
      "Headers": {
        "Authorization": [ "[Filtered]" ],
        "x-ms-unique-id": [ "542", "543", "544", "545" ],
        "x-ms-client-request-id": [ "9a16fdf2-e50f-4b63-bcab-3e23059739a4" ],
        "CommandName": [ "Az.Kusto.internal\\Update-AzKustoDataConnection" ],
        "FullCommandName": [ "Update-AzKustoDataConnection_UpdateViaIdentity" ],
        "ParameterSetName": [ "__AllParameterSets" ],
        "User-Agent": [ "AzurePowershell/v0.0.0", "PSVersion/v7.2.2", "Az.Kusto/0.1.4" ]
      },
      "ContentHeaders": {
      }
    },
    "Response": {
      "StatusCode": 200,
      "Headers": {
        "Cache-Control": [ "no-cache" ],
        "Pragma": [ "no-cache" ],
        "x-ms-request-id": [ "0753d66d-dba6-42f0-aee4-17feaf5de192" ],
        "Server": [ "Microsoft-HTTPAPI/2.0" ],
        "x-ms-ratelimit-remaining-subscription-resource-requests": [ "293" ],
        "x-ms-correlation-request-id": [ "0763d918-3d66-4504-aac8-e5e85c121eb8" ],
        "x-ms-routing-request-id": [ "UAECENTRAL:20220323T101124Z:0763d918-3d66-4504-aac8-e5e85c121eb8" ],
        "Strict-Transport-Security": [ "max-age=31536000; includeSubDomains" ],
        "X-Content-Type-Options": [ "nosniff" ],
        "Date": [ "Wed, 23 Mar 2022 10:11:24 GMT" ]
      },
      "ContentHeaders": {
        "Content-Length": [ "1065" ],
        "Content-Type": [ "application/json; charset=utf-8" ],
        "Expires": [ "-1" ]
      },
      "Content": "{\"id\":\"/subscriptions/e8257c73-24c5-4791-94dc-8b7901c90dbf/resourceGroups/test-clients-rg/providers/Microsoft.Kusto/Clusters/eventgridclienttest2/Databases/databasetest/DataConnections/testdataconnectionl3rxfog\",\"name\":\"eventgridclienttest2/databasetest/testdataconnectionl3rxfog\",\"type\":\"Microsoft.Kusto/Clusters/Databases/DataConnections\",\"location\":\"East US\",\"kind\":\"EventGrid\",\"properties\":{\"ignoreFirstRecord\":false,\"storageAccountResourceId\":\"/subscriptions/e8257c73-24c5-4791-94dc-8b7901c90dbf/resourcegroups/test-clients-rg/providers/Microsoft.Storage/storageAccounts/testclients\",\"eventGridResourceId\":null,\"eventHubResourceId\":\"/subscriptions/e8257c73-24c5-4791-94dc-8b7901c90dbf/resourcegroups/test-clients-rg/providers/Microsoft.EventHub/namespaces/testclientsns22/eventhubs/testclientseg\",\"consumerGroup\":\"Default\",\"tableName\":null,\"mappingRuleName\":null,\"dataFormat\":null,\"blobStorageEventType\":\"Microsoft.Storage.BlobCreated\",\"managedIdentityResourceId\":null,\"managedIdentityObjectId\":null,\"databaseRouting\":\"Single\",\"provisioningState\":\"Succeeded\"}}",
      "isContentBase64": false
    }
  },
  "[NoDescription]+[NoContext]+UpdateViaIdentityExpandedIotHub+$GET+https://management.azure.com/subscriptions/e8257c73-24c5-4791-94dc-8b7901c90dbf/resourceGroups/test-clients-rg/providers/Microsoft.Kusto/Clusters/eventgridclienttest2/Databases/databasetest/DataConnections/testdataconnectionl3rxfoh?api-version=2022-02-01+1": {
    "Request": {
      "Method": "GET",
      "RequestUri": "https://management.azure.com/subscriptions/e8257c73-24c5-4791-94dc-8b7901c90dbf/resourceGroups/test-clients-rg/providers/Microsoft.Kusto/Clusters/eventgridclienttest2/Databases/databasetest/DataConnections/testdataconnectionl3rxfoh?api-version=2022-02-01",
      "Content": null,
      "isContentBase64": false,
      "Headers": {
        "x-ms-unique-id": [ "546", "547", "548", "549" ],
        "x-ms-client-request-id": [ "c8b29842-2d19-40b1-952f-0cd169b8ab6d" ],
        "CommandName": [ "Get-AzKustoDataConnection" ],
        "FullCommandName": [ "Get-AzKustoDataConnection_Get" ],
        "ParameterSetName": [ "__AllParameterSets" ],
        "User-Agent": [ "AzurePowershell/v0.0.0", "PSVersion/v7.2.2", "Az.Kusto/0.1.4" ],
        "Authorization": [ "[Filtered]" ]
      },
      "ContentHeaders": {
      }
    },
    "Response": {
      "StatusCode": 200,
      "Headers": {
        "Cache-Control": [ "no-cache" ],
        "Pragma": [ "no-cache" ],
        "x-ms-request-id": [ "e823b787-41a8-4cdc-93e0-50a6d2f748c6" ],
        "Server": [ "Microsoft-HTTPAPI/2.0" ],
        "x-ms-ratelimit-remaining-subscription-resource-requests": [ "292" ],
        "x-ms-correlation-request-id": [ "6ae6a4ab-727a-4e3b-8976-0a1f54c9215c" ],
        "x-ms-routing-request-id": [ "UAECENTRAL:20220323T101126Z:6ae6a4ab-727a-4e3b-8976-0a1f54c9215c" ],
        "Strict-Transport-Security": [ "max-age=31536000; includeSubDomains" ],
        "X-Content-Type-Options": [ "nosniff" ],
        "Date": [ "Wed, 23 Mar 2022 10:11:26 GMT" ]
      },
      "ContentHeaders": {
        "Content-Length": [ "760" ],
        "Content-Type": [ "application/json; charset=utf-8" ],
        "Expires": [ "-1" ]
      },
      "Content": "{\"id\":\"/subscriptions/e8257c73-24c5-4791-94dc-8b7901c90dbf/resourceGroups/test-clients-rg/providers/Microsoft.Kusto/Clusters/eventgridclienttest2/Databases/databasetest/DataConnections/testdataconnectionl3rxfoh\",\"name\":\"eventgridclienttest2/databasetest/testdataconnectionl3rxfoh\",\"type\":\"Microsoft.Kusto/Clusters/Databases/DataConnections\",\"location\":\"East US\",\"kind\":\"IotHub\",\"properties\":{\"iotHubResourceId\":\"/subscriptions/e8257c73-24c5-4791-94dc-8b7901c90dbf/resourcegroups/test-clients-rg/providers/Microsoft.Devices/IotHubs/test-clients-iot\",\"consumerGroup\":\"Default\",\"tableName\":null,\"mappingRuleName\":null,\"dataFormat\":null,\"eventSystemProperties\":[],\"sharedAccessPolicyName\":\"registryRead\",\"databaseRouting\":\"Single\",\"provisioningState\":\"Succeeded\"}}",
      "isContentBase64": false
    }
  },
  "[NoDescription]+[NoContext]+UpdateViaIdentityExpandedIotHub+$PATCH+https://management.azure.com/subscriptions/e8257c73-24c5-4791-94dc-8b7901c90dbf/resourceGroups/test-clients-rg/providers/Microsoft.Kusto/Clusters/eventgridclienttest2/Databases/databasetest/DataConnections/testdataconnectionl3rxfoh?api-version=2022-02-01+2": {
    "Request": {
      "Method": "PATCH",
      "RequestUri": "https://management.azure.com/subscriptions/e8257c73-24c5-4791-94dc-8b7901c90dbf/resourceGroups/test-clients-rg/providers/Microsoft.Kusto/Clusters/eventgridclienttest2/Databases/databasetest/DataConnections/testdataconnectionl3rxfoh?api-version=2022-02-01",
      "Content": "{\r\n  \"location\": \"East US\",\r\n  \"kind\": \"IotHub\",\r\n  \"properties\": {\r\n    \"iotHubResourceId\": \"/subscriptions/e8257c73-24c5-4791-94dc-8b7901c90dbf/resourcegroups/test-clients-rg/providers/Microsoft.Devices/IotHubs/test-clients-iot\",\r\n    \"consumerGroup\": \"Default\",\r\n    \"sharedAccessPolicyName\": \"registryRead\"\r\n  }\r\n}",
      "isContentBase64": false,
      "Headers": {
      },
      "ContentHeaders": {
        "Content-Type": [ "application/json" ],
        "Content-Length": [ "318" ]
      }
    },
    "Response": {
      "StatusCode": 202,
      "Headers": {
        "Cache-Control": [ "no-cache" ],
        "Pragma": [ "no-cache" ],
        "Location": [ "https://management.azure.com/subscriptions/e8257c73-24c5-4791-94dc-8b7901c90dbf/providers/Microsoft.Kusto/locations/East%20US/operationResults/f6f9192f-cb28-462c-be59-bce0ebc0352c?api-version=2022-02-01\u0026operationResultResponseType=Location" ],
        "x-ms-request-id": [ "b207735a-439b-452d-b9db-cb700355b433" ],
        "Azure-AsyncOperation": [ "https://management.azure.com/subscriptions/e8257c73-24c5-4791-94dc-8b7901c90dbf/providers/Microsoft.Kusto/locations/East US/operationResults/f6f9192f-cb28-462c-be59-bce0ebc0352c?api-version=2022-02-01" ],
        "Server": [ "Microsoft-HTTPAPI/2.0" ],
        "x-ms-ratelimit-remaining-subscription-resource-requests": [ "194" ],
        "x-ms-correlation-request-id": [ "0da6adfc-159d-4468-b691-256e4256e600" ],
        "x-ms-routing-request-id": [ "UAECENTRAL:20220323T101128Z:0da6adfc-159d-4468-b691-256e4256e600" ],
        "Strict-Transport-Security": [ "max-age=31536000; includeSubDomains" ],
        "X-Content-Type-Options": [ "nosniff" ],
        "Date": [ "Wed, 23 Mar 2022 10:11:28 GMT" ]
      },
      "ContentHeaders": {
        "Content-Length": [ "759" ],
        "Content-Type": [ "application/json; charset=utf-8" ],
        "Expires": [ "-1" ]
      },
      "Content": "{\"id\":\"/subscriptions/e8257c73-24c5-4791-94dc-8b7901c90dbf/resourceGroups/test-clients-rg/providers/Microsoft.Kusto/Clusters/eventgridclienttest2/Databases/databasetest/DataConnections/testdataconnectionl3rxfoh\",\"name\":\"eventgridclienttest2/databasetest/testdataconnectionl3rxfoh\",\"type\":\"Microsoft.Kusto/Clusters/Databases/DataConnections\",\"location\":\"East US\",\"kind\":\"IotHub\",\"properties\":{\"iotHubResourceId\":\"/subscriptions/e8257c73-24c5-4791-94dc-8b7901c90dbf/resourcegroups/test-clients-rg/providers/Microsoft.Devices/IotHubs/test-clients-iot\",\"consumerGroup\":\"Default\",\"tableName\":null,\"mappingRuleName\":null,\"dataFormat\":null,\"eventSystemProperties\":[],\"sharedAccessPolicyName\":\"registryRead\",\"databaseRouting\":\"Single\",\"provisioningState\":\"Accepted\"}}",
      "isContentBase64": false
    }
  },
  "[NoDescription]+[NoContext]+UpdateViaIdentityExpandedIotHub+$GET+https://management.azure.com/subscriptions/e8257c73-24c5-4791-94dc-8b7901c90dbf/providers/Microsoft.Kusto/locations/East US/operationResults/f6f9192f-cb28-462c-be59-bce0ebc0352c?api-version=2022-02-01+3": {
    "Request": {
      "Method": "GET",
      "RequestUri": "https://management.azure.com/subscriptions/e8257c73-24c5-4791-94dc-8b7901c90dbf/providers/Microsoft.Kusto/locations/East%20US/operationResults/f6f9192f-cb28-462c-be59-bce0ebc0352c?api-version=2022-02-01",
      "Content": null,
      "isContentBase64": false,
      "Headers": {
        "Authorization": [ "[Filtered]" ],
        "x-ms-unique-id": [ "554", "555", "556", "557" ],
        "x-ms-client-request-id": [ "3c81ece7-ff22-4825-a2ef-c121b1214f65" ],
        "CommandName": [ "Az.Kusto.internal\\Update-AzKustoDataConnection" ],
        "FullCommandName": [ "Update-AzKustoDataConnection_UpdateViaIdentity" ],
        "ParameterSetName": [ "__AllParameterSets" ],
        "User-Agent": [ "AzurePowershell/v0.0.0", "PSVersion/v7.2.2", "Az.Kusto/0.1.4" ]
      },
      "ContentHeaders": {
      }
    },
    "Response": {
      "StatusCode": 200,
      "Headers": {
        "Cache-Control": [ "no-cache" ],
        "Pragma": [ "no-cache" ],
        "x-ms-request-id": [ "f1a48c0c-288c-4483-9019-1524a7065ab7" ],
        "x-ms-operation-root-activity-id": [ "28650e6a-99ef-4434-8ac5-105665f7c400" ],
        "Server": [ "Microsoft-HTTPAPI/2.0" ],
        "x-ms-ratelimit-remaining-subscription-resource-requests": [ "294" ],
        "x-ms-correlation-request-id": [ "b6205ba8-37c4-4e69-8feb-212b8ee9a7a1" ],
        "x-ms-routing-request-id": [ "UAECENTRAL:20220323T101159Z:b6205ba8-37c4-4e69-8feb-212b8ee9a7a1" ],
        "Strict-Transport-Security": [ "max-age=31536000; includeSubDomains" ],
        "X-Content-Type-Options": [ "nosniff" ],
        "Date": [ "Wed, 23 Mar 2022 10:11:59 GMT" ]
      },
      "ContentHeaders": {
        "Content-Length": [ "347" ],
        "Content-Type": [ "application/json; charset=utf-8" ],
        "Expires": [ "-1" ]
      },
      "Content": "{\"id\":\"/subscriptions/e8257c73-24c5-4791-94dc-8b7901c90dbf/providers/Microsoft.Kusto/locations/East US/operationresults/f6f9192f-cb28-462c-be59-bce0ebc0352c\",\"name\":\"f6f9192f-cb28-462c-be59-bce0ebc0352c\",\"status\":\"Succeeded\",\"startTime\":\"2022-03-23T10:11:28.6702293Z\",\"endTime\":\"2022-03-23T10:11:32.4046786Z\",\"percentComplete\":1.0,\"properties\":{}}",
      "isContentBase64": false
    }
  },
  "[NoDescription]+[NoContext]+UpdateViaIdentityExpandedIotHub+$GET+https://management.azure.com/subscriptions/e8257c73-24c5-4791-94dc-8b7901c90dbf/resourceGroups/test-clients-rg/providers/Microsoft.Kusto/Clusters/eventgridclienttest2/Databases/databasetest/DataConnections/testdataconnectionl3rxfoh?api-version=2022-02-01+4": {
    "Request": {
      "Method": "GET",
      "RequestUri": "https://management.azure.com/subscriptions/e8257c73-24c5-4791-94dc-8b7901c90dbf/resourceGroups/test-clients-rg/providers/Microsoft.Kusto/Clusters/eventgridclienttest2/Databases/databasetest/DataConnections/testdataconnectionl3rxfoh?api-version=2022-02-01",
      "Content": null,
      "isContentBase64": false,
      "Headers": {
        "Authorization": [ "[Filtered]" ],
        "x-ms-unique-id": [ "558", "559", "560", "561" ],
        "x-ms-client-request-id": [ "3c81ece7-ff22-4825-a2ef-c121b1214f65" ],
        "CommandName": [ "Az.Kusto.internal\\Update-AzKustoDataConnection" ],
        "FullCommandName": [ "Update-AzKustoDataConnection_UpdateViaIdentity" ],
        "ParameterSetName": [ "__AllParameterSets" ],
        "User-Agent": [ "AzurePowershell/v0.0.0", "PSVersion/v7.2.2", "Az.Kusto/0.1.4" ]
      },
      "ContentHeaders": {
      }
    },
    "Response": {
      "StatusCode": 200,
      "Headers": {
        "Cache-Control": [ "no-cache" ],
        "Pragma": [ "no-cache" ],
        "x-ms-request-id": [ "27157206-dc51-4d9d-821f-b2eae7dd3341" ],
        "Server": [ "Microsoft-HTTPAPI/2.0" ],
        "x-ms-ratelimit-remaining-subscription-resource-requests": [ "291" ],
        "x-ms-correlation-request-id": [ "70e3db2e-a5a4-464c-8ec1-25ed291a73dc" ],
        "x-ms-routing-request-id": [ "UAECENTRAL:20220323T101200Z:70e3db2e-a5a4-464c-8ec1-25ed291a73dc" ],
        "Strict-Transport-Security": [ "max-age=31536000; includeSubDomains" ],
        "X-Content-Type-Options": [ "nosniff" ],
        "Date": [ "Wed, 23 Mar 2022 10:12:00 GMT" ]
      },
      "ContentHeaders": {
        "Content-Length": [ "760" ],
        "Content-Type": [ "application/json; charset=utf-8" ],
        "Expires": [ "-1" ]
      },
      "Content": "{\"id\":\"/subscriptions/e8257c73-24c5-4791-94dc-8b7901c90dbf/resourceGroups/test-clients-rg/providers/Microsoft.Kusto/Clusters/eventgridclienttest2/Databases/databasetest/DataConnections/testdataconnectionl3rxfoh\",\"name\":\"eventgridclienttest2/databasetest/testdataconnectionl3rxfoh\",\"type\":\"Microsoft.Kusto/Clusters/Databases/DataConnections\",\"location\":\"East US\",\"kind\":\"IotHub\",\"properties\":{\"iotHubResourceId\":\"/subscriptions/e8257c73-24c5-4791-94dc-8b7901c90dbf/resourcegroups/test-clients-rg/providers/Microsoft.Devices/IotHubs/test-clients-iot\",\"consumerGroup\":\"Default\",\"tableName\":null,\"mappingRuleName\":null,\"dataFormat\":null,\"eventSystemProperties\":[],\"sharedAccessPolicyName\":\"registryRead\",\"databaseRouting\":\"Single\",\"provisioningState\":\"Succeeded\"}}",
      "isContentBase64": false
    }
  }
}