{
  "[NoDescription]+[NoContext]+UpdateExpanded+$PATCH+https://management.azure.com/subscriptions/fbccad30-f0ed-4ac4-9497-93bf6141062f/resourceGroups/PWSH-SDK-ich4jy/providers/Microsoft.Kusto/Clusters/pssdkich4jy?api-version=2023-08-15+1": {
    "Request": {
      "Method": "PATCH",
      "RequestUri": "https://management.azure.com/subscriptions/fbccad30-f0ed-4ac4-9497-93bf6141062f/resourceGroups/PWSH-SDK-ich4jy/providers/Microsoft.Kusto/Clusters/pssdkich4jy?api-version=2023-08-15",
      "Content": "{\r\n  \"properties\": {\r\n    \"publicIPType\": \"IPv4\"\r\n  }\r\n}",
      "isContentBase64": false,
      "Headers": {
      },
      "ContentHeaders": {
        "Content-Type": [ "application/json" ],
        "Content-Length": [ "56" ]
      }
    },
    "Response": {
      "StatusCode": 200,
      "Headers": {
        "Cache-Control": [ "no-cache" ],
        "Pragma": [ "no-cache" ],
        "ETag": [ "\"2023-10-23T10:34:09.8321991Z\"" ],
        "x-ms-request-id": [ "2bebc9c8-07cb-4bb0-ab7a-cc85c88865fa" ],
        "Server": [ "Microsoft-HTTPAPI/2.0" ],
        "x-ms-ratelimit-remaining-subscription-resource-requests": [ "199" ],
        "x-ms-correlation-request-id": [ "96de6630-47ec-4422-a2d5-ff0ebad8d806" ],
        "x-ms-routing-request-id": [ "QATARCENTRAL:20231023T104524Z:96de6630-47ec-4422-a2d5-ff0ebad8d806" ],
        "Strict-Transport-Security": [ "max-age=31536000; includeSubDomains" ],
        "X-Content-Type-Options": [ "nosniff" ],
        "Date": [ "Mon, 23 Oct 2023 10:45:23 GMT" ]
      },
      "ContentHeaders": {
        "Content-Length": [ "2217" ],
        "Content-Type": [ "application/json; charset=utf-8" ],
        "Expires": [ "-1" ]
      },
      "Content": "{\"id\":\"/subscriptions/fbccad30-f0ed-4ac4-9497-93bf6141062f/resourceGroups/PWSH-SDK-ich4jy/providers/Microsoft.Kusto/Clusters/pssdkich4jy\",\"name\":\"pssdkich4jy\",\"type\":\"Microsoft.Kusto/Clusters\",\"etag\":\"\\\"2023-10-23T10:34:09.8321991Z\\\"\",\"location\":\"UK South\",\"sku\":{\"name\":\"Dev(No SLA)_Standard_E2a_v4\",\"tier\":\"Basic\",\"capacity\":1},\"tags\":{},\"properties\":{\"state\":\"Running\",\"stateReason\":\"\",\"uri\":\"https://pssdkich4jy.uksouth.dev.kusto.windows.net\",\"dataIngestionUri\":\"https://ingest-pssdkich4jy.uksouth.dev.kusto.windows.net\",\"trustedExternalTenants\":[],\"virtualNetworkConfiguration\":null,\"optimizedAutoscale\":null,\"enableDiskEncryption\":false,\"enableStreamingIngest\":false,\"keyVaultProperties\":null,\"languageExtensions\":{\"value\":[]},\"enablePurge\":false,\"enableDoubleEncryption\":false,\"engineType\":\"V3\",\"acceptedAudiences\":[],\"restrictOutboundNetworkAccess\":\"Disabled\",\"allowedFqdnList\":[],\"publicNetworkAccess\":\"Enabled\",\"allowedIpRangeList\":[],\"enableAutoStop\":false,\"publicIPType\":\"IPv4\",\"virtualClusterGraduationProperties\":null,\"privateEndpointConnections\":[{\"name\":\"peich4jy-7fd5ad26-d0d2-4a81-a0d8-437a546af520\",\"type\":\"Microsoft.Kusto/Clusters/privateEndpointConnections\",\"id\":\"/subscriptions/fbccad30-f0ed-4ac4-9497-93bf6141062f/resourceGroups/PWSH-SDK-ich4jy/providers/Microsoft.Kusto/Clusters/pssdkich4jy/privateEndpointConnections/peich4jy-7fd5ad26-d0d2-4a81-a0d8-437a546af520\",\"properties\":{\"provisioningState\":\"Failed\",\"groupId\":\"cluster\",\"privateEndpoint\":{\"id\":\"/subscriptions/fbccad30-f0ed-4ac4-9497-93bf6141062f/resourceGroups/PWSH-SDK-ich4jy/providers/Microsoft.Network/privateEndpoints/peich4jy\"},\"privateLinkServiceConnectionState\":{\"status\":\"Approved\",\"description\":\"\",\"actionsRequired\":\"None\"}}}],\"migrationCluster\":null,\"provisioningState\":\"Succeeded\"},\"identity\":{\"principalId\":\"fef6832a-b5eb-4db9-928c-29297982a663\",\"tenantId\":\"72f988bf-86f1-41af-91ab-2d7cd011db47\",\"type\":\"SystemAssigned, UserAssigned\",\"userAssignedIdentities\":{\"/subscriptions/fbccad30-f0ed-4ac4-9497-93bf6141062f/resourcegroups/PWSH-SDK-ich4jy/providers/Microsoft.ManagedIdentity/userAssignedIdentities/uaMiich4jy\":{\"principalId\":\"e87694c7-07d7-4855-82dd-acac9c515e3c\",\"clientId\":\"63ae64f1-8ff1-4749-a602-065946d46eb8\"}}}}",
      "isContentBase64": false
    }
  },
  "[NoDescription]+[NoContext]+UpdateViaIdentityExpanded+$GET+https://management.azure.com/subscriptions/fbccad30-f0ed-4ac4-9497-93bf6141062f/resourceGroups/PWSH-SDK-ich4jy/providers/Microsoft.Kusto/Clusters/pssdkich4jy?api-version=2023-08-15+1": {
    "Request": {
      "Method": "GET",
      "RequestUri": "https://management.azure.com/subscriptions/fbccad30-f0ed-4ac4-9497-93bf6141062f/resourceGroups/PWSH-SDK-ich4jy/providers/Microsoft.Kusto/Clusters/pssdkich4jy?api-version=2023-08-15",
      "Content": null,
      "isContentBase64": false,
      "Headers": {
        "x-ms-unique-id": [ "2" ],
        "x-ms-client-request-id": [ "8da101a3-9c6b-489e-994a-ac8f3be4f8d2" ],
        "CommandName": [ "Get-AzKustoCluster" ],
        "FullCommandName": [ "Get-AzKustoCluster_Get" ],
        "ParameterSetName": [ "__AllParameterSets" ],
        "User-Agent": [ "AzurePowershell/v0.0.0", "PSVersion/v7.3.8", "Az.Kusto/0.1.4" ],
        "Authorization": [ "[Filtered]" ]
      },
      "ContentHeaders": {
      }
    },
    "Response": {
      "StatusCode": 200,
      "Headers": {
        "Cache-Control": [ "no-cache" ],
        "Pragma": [ "no-cache" ],
        "ETag": [ "\"2023-10-23T10:34:09.8321991Z\"" ],
        "x-ms-request-id": [ "328fd4a1-14eb-46c3-aa21-4538db36b7d8" ],
        "Server": [ "Microsoft-HTTPAPI/2.0" ],
        "x-ms-ratelimit-remaining-subscription-resource-requests": [ "299" ],
        "x-ms-correlation-request-id": [ "ac0b93ef-4bf4-4ece-909c-84001bbc4116" ],
        "x-ms-routing-request-id": [ "QATARCENTRAL:20231023T104524Z:ac0b93ef-4bf4-4ece-909c-84001bbc4116" ],
        "Strict-Transport-Security": [ "max-age=31536000; includeSubDomains" ],
        "X-Content-Type-Options": [ "nosniff" ],
        "Date": [ "Mon, 23 Oct 2023 10:45:23 GMT" ]
      },
      "ContentHeaders": {
        "Content-Length": [ "2217" ],
        "Content-Type": [ "application/json; charset=utf-8" ],
        "Expires": [ "-1" ]
      },
      "Content": "{\"id\":\"/subscriptions/fbccad30-f0ed-4ac4-9497-93bf6141062f/resourceGroups/PWSH-SDK-ich4jy/providers/Microsoft.Kusto/Clusters/pssdkich4jy\",\"name\":\"pssdkich4jy\",\"type\":\"Microsoft.Kusto/Clusters\",\"etag\":\"\\\"2023-10-23T10:34:09.8321991Z\\\"\",\"location\":\"UK South\",\"sku\":{\"name\":\"Dev(No SLA)_Standard_E2a_v4\",\"tier\":\"Basic\",\"capacity\":1},\"tags\":{},\"properties\":{\"state\":\"Running\",\"stateReason\":\"\",\"uri\":\"https://pssdkich4jy.uksouth.dev.kusto.windows.net\",\"dataIngestionUri\":\"https://ingest-pssdkich4jy.uksouth.dev.kusto.windows.net\",\"trustedExternalTenants\":[],\"virtualNetworkConfiguration\":null,\"optimizedAutoscale\":null,\"enableDiskEncryption\":false,\"enableStreamingIngest\":false,\"keyVaultProperties\":null,\"languageExtensions\":{\"value\":[]},\"enablePurge\":false,\"enableDoubleEncryption\":false,\"engineType\":\"V3\",\"acceptedAudiences\":[],\"restrictOutboundNetworkAccess\":\"Disabled\",\"allowedFqdnList\":[],\"publicNetworkAccess\":\"Enabled\",\"allowedIpRangeList\":[],\"enableAutoStop\":false,\"publicIPType\":\"IPv4\",\"virtualClusterGraduationProperties\":null,\"privateEndpointConnections\":[{\"name\":\"peich4jy-7fd5ad26-d0d2-4a81-a0d8-437a546af520\",\"type\":\"Microsoft.Kusto/Clusters/privateEndpointConnections\",\"id\":\"/subscriptions/fbccad30-f0ed-4ac4-9497-93bf6141062f/resourceGroups/PWSH-SDK-ich4jy/providers/Microsoft.Kusto/Clusters/pssdkich4jy/privateEndpointConnections/peich4jy-7fd5ad26-d0d2-4a81-a0d8-437a546af520\",\"properties\":{\"provisioningState\":\"Failed\",\"groupId\":\"cluster\",\"privateEndpoint\":{\"id\":\"/subscriptions/fbccad30-f0ed-4ac4-9497-93bf6141062f/resourceGroups/PWSH-SDK-ich4jy/providers/Microsoft.Network/privateEndpoints/peich4jy\"},\"privateLinkServiceConnectionState\":{\"status\":\"Approved\",\"description\":\"\",\"actionsRequired\":\"None\"}}}],\"migrationCluster\":null,\"provisioningState\":\"Succeeded\"},\"identity\":{\"principalId\":\"fef6832a-b5eb-4db9-928c-29297982a663\",\"tenantId\":\"72f988bf-86f1-41af-91ab-2d7cd011db47\",\"type\":\"SystemAssigned, UserAssigned\",\"userAssignedIdentities\":{\"/subscriptions/fbccad30-f0ed-4ac4-9497-93bf6141062f/resourcegroups/PWSH-SDK-ich4jy/providers/Microsoft.ManagedIdentity/userAssignedIdentities/uaMiich4jy\":{\"principalId\":\"e87694c7-07d7-4855-82dd-acac9c515e3c\",\"clientId\":\"63ae64f1-8ff1-4749-a602-065946d46eb8\"}}}}",
      "isContentBase64": false
    }
  },
  "[NoDescription]+[NoContext]+UpdateViaIdentityExpanded+$PATCH+https://management.azure.com/subscriptions/fbccad30-f0ed-4ac4-9497-93bf6141062f/resourceGroups/PWSH-SDK-ich4jy/providers/Microsoft.Kusto/Clusters/pssdkich4jy?api-version=2023-08-15+2": {
    "Request": {
      "Method": "PATCH",
      "RequestUri": "https://management.azure.com/subscriptions/fbccad30-f0ed-4ac4-9497-93bf6141062f/resourceGroups/PWSH-SDK-ich4jy/providers/Microsoft.Kusto/Clusters/pssdkich4jy?api-version=2023-08-15",
      "Content": "{\r\n  \"sku\": {\r\n    \"name\": \"Dev(No SLA)_Standard_E2a_v4\",\r\n    \"tier\": \"Basic\"\r\n  }\r\n}",
      "isContentBase64": false,
      "Headers": {
      },
      "ContentHeaders": {
        "Content-Type": [ "application/json" ],
        "Content-Length": [ "86" ]
      }
    },
    "Response": {
      "StatusCode": 200,
      "Headers": {
        "Cache-Control": [ "no-cache" ],
        "Pragma": [ "no-cache" ],
        "ETag": [ "\"2023-10-23T10:34:09.8321991Z\"" ],
        "x-ms-request-id": [ "3f53da05-4d48-43ba-8651-537c2cd339ee" ],
        "Server": [ "Microsoft-HTTPAPI/2.0" ],
        "x-ms-ratelimit-remaining-subscription-resource-requests": [ "198" ],
        "x-ms-correlation-request-id": [ "a51e3cff-8578-409a-b756-d455a1413fed" ],
        "x-ms-routing-request-id": [ "QATARCENTRAL:20231023T104526Z:a51e3cff-8578-409a-b756-d455a1413fed" ],
        "Strict-Transport-Security": [ "max-age=31536000; includeSubDomains" ],
        "X-Content-Type-Options": [ "nosniff" ],
        "Date": [ "Mon, 23 Oct 2023 10:45:25 GMT" ]
      },
      "ContentHeaders": {
        "Content-Length": [ "2217" ],
        "Content-Type": [ "application/json; charset=utf-8" ],
        "Expires": [ "-1" ]
      },
      "Content": "{\"id\":\"/subscriptions/fbccad30-f0ed-4ac4-9497-93bf6141062f/resourceGroups/PWSH-SDK-ich4jy/providers/Microsoft.Kusto/Clusters/pssdkich4jy\",\"name\":\"pssdkich4jy\",\"type\":\"Microsoft.Kusto/Clusters\",\"etag\":\"\\\"2023-10-23T10:34:09.8321991Z\\\"\",\"location\":\"UK South\",\"sku\":{\"name\":\"Dev(No SLA)_Standard_E2a_v4\",\"tier\":\"Basic\",\"capacity\":1},\"tags\":{},\"properties\":{\"state\":\"Running\",\"stateReason\":\"\",\"uri\":\"https://pssdkich4jy.uksouth.dev.kusto.windows.net\",\"dataIngestionUri\":\"https://ingest-pssdkich4jy.uksouth.dev.kusto.windows.net\",\"trustedExternalTenants\":[],\"virtualNetworkConfiguration\":null,\"optimizedAutoscale\":null,\"enableDiskEncryption\":false,\"enableStreamingIngest\":false,\"keyVaultProperties\":null,\"languageExtensions\":{\"value\":[]},\"enablePurge\":false,\"enableDoubleEncryption\":false,\"engineType\":\"V3\",\"acceptedAudiences\":[],\"restrictOutboundNetworkAccess\":\"Disabled\",\"allowedFqdnList\":[],\"publicNetworkAccess\":\"Enabled\",\"allowedIpRangeList\":[],\"enableAutoStop\":false,\"publicIPType\":\"IPv4\",\"virtualClusterGraduationProperties\":null,\"privateEndpointConnections\":[{\"name\":\"peich4jy-7fd5ad26-d0d2-4a81-a0d8-437a546af520\",\"type\":\"Microsoft.Kusto/Clusters/privateEndpointConnections\",\"id\":\"/subscriptions/fbccad30-f0ed-4ac4-9497-93bf6141062f/resourceGroups/PWSH-SDK-ich4jy/providers/Microsoft.Kusto/Clusters/pssdkich4jy/privateEndpointConnections/peich4jy-7fd5ad26-d0d2-4a81-a0d8-437a546af520\",\"properties\":{\"provisioningState\":\"Failed\",\"groupId\":\"cluster\",\"privateEndpoint\":{\"id\":\"/subscriptions/fbccad30-f0ed-4ac4-9497-93bf6141062f/resourceGroups/PWSH-SDK-ich4jy/providers/Microsoft.Network/privateEndpoints/peich4jy\"},\"privateLinkServiceConnectionState\":{\"status\":\"Approved\",\"description\":\"\",\"actionsRequired\":\"None\"}}}],\"migrationCluster\":null,\"provisioningState\":\"Succeeded\"},\"identity\":{\"principalId\":\"fef6832a-b5eb-4db9-928c-29297982a663\",\"tenantId\":\"72f988bf-86f1-41af-91ab-2d7cd011db47\",\"type\":\"SystemAssigned, UserAssigned\",\"userAssignedIdentities\":{\"/subscriptions/fbccad30-f0ed-4ac4-9497-93bf6141062f/resourcegroups/PWSH-SDK-ich4jy/providers/Microsoft.ManagedIdentity/userAssignedIdentities/uaMiich4jy\":{\"principalId\":\"e87694c7-07d7-4855-82dd-acac9c515e3c\",\"clientId\":\"63ae64f1-8ff1-4749-a602-065946d46eb8\"}}}}",
      "isContentBase64": false
    }
  }
}