{
  "Entries": [
    {
      "RequestUri": "/subscriptions/38b598fc-e57a-423f-b2e7-dc0ddb631f1f/resourcegroups/onesdk9647?api-version=2016-07-01",
      "EncodedRequestUri": "L3N1YnNjcmlwdGlvbnMvMzhiNTk4ZmMtZTU3YS00MjNmLWIyZTctZGMwZGRiNjMxZjFmL3Jlc291cmNlZ3JvdXBzL29uZXNkazk2NDc/YXBpLXZlcnNpb249MjAxNi0wNy0wMQ==",
      "RequestMethod": "HEAD",
      "RequestBody": "",
      "RequestHeaders": {
        "x-ms-client-request-id": [
          "e5198c26-0519-4e2c-a866-e166ec0347da"
        ],
        "accept-language": [
          "en-US"
        ],
        "User-Agent": [
          "Microsoft.Azure.Management.ResourceManager.ResourceManagementClient/1.2.0-preview"
        ]
      },
      "ResponseBody": "",
      "ResponseHeaders": {
        "Content-Length": [
          "102"
        ],
        "Content-Type": [
          "application/json; charset=utf-8"
        ],
        "Expires": [
          "-1"
        ],
        "Pragma": [
          "no-cache"
        ],
        "x-ms-failure-cause": [
          "gateway"
        ],
        "x-ms-ratelimit-remaining-subscription-reads": [
          "14999"
        ],
        "x-ms-request-id": [
          "22925d7e-33f9-4df7-9112-2eb86c4435f7"
        ],
        "x-ms-correlation-request-id": [
          "22925d7e-33f9-4df7-9112-2eb86c4435f7"
        ],
        "x-ms-routing-request-id": [
          "CENTRALUS:20161117T001042Z:22925d7e-33f9-4df7-9112-2eb86c4435f7"
        ],
        "Strict-Transport-Security": [
          "max-age=31536000; includeSubDomains"
        ],
        "Cache-Control": [
          "no-cache"
        ],
        "Date": [
          "Thu, 17 Nov 2016 00:10:42 GMT"
        ]
      },
      "StatusCode": 404
    },
    {
      "RequestUri": "/subscriptions/38b598fc-e57a-423f-b2e7-dc0ddb631f1f/resourcegroups/onesdk9647?api-version=2016-07-01",
      "EncodedRequestUri": "L3N1YnNjcmlwdGlvbnMvMzhiNTk4ZmMtZTU3YS00MjNmLWIyZTctZGMwZGRiNjMxZjFmL3Jlc291cmNlZ3JvdXBzL29uZXNkazk2NDc/YXBpLXZlcnNpb249MjAxNi0wNy0wMQ==",
      "RequestMethod": "PUT",
      "RequestBody": "{\r\n  \"location\": \"West US\"\r\n}",
      "RequestHeaders": {
        "Content-Type": [
          "application/json; charset=utf-8"
        ],
        "Content-Length": [
          "29"
        ],
        "x-ms-client-request-id": [
          "641e2a87-0e7a-4d18-a66f-124365027422"
        ],
        "accept-language": [
          "en-US"
        ],
        "User-Agent": [
          "Microsoft.Azure.Management.ResourceManager.ResourceManagementClient/1.2.0-preview"
        ]
      },
      "ResponseBody": "{\r\n  \"id\": \"/subscriptions/38b598fc-e57a-423f-b2e7-dc0ddb631f1f/resourceGroups/onesdk9647\",\r\n  \"name\": \"onesdk9647\",\r\n  \"location\": \"westus\",\r\n  \"properties\": {\r\n    \"provisioningState\": \"Succeeded\"\r\n  }\r\n}",
      "ResponseHeaders": {
        "Content-Length": [
          "173"
        ],
        "Content-Type": [
          "application/json; charset=utf-8"
        ],
        "Expires": [
          "-1"
        ],
        "Pragma": [
          "no-cache"
        ],
        "x-ms-ratelimit-remaining-subscription-writes": [
          "1199"
        ],
        "x-ms-request-id": [
          "ed6fd9d4-8579-4c54-926a-0ddb4218af6e"
        ],
        "x-ms-correlation-request-id": [
          "ed6fd9d4-8579-4c54-926a-0ddb4218af6e"
        ],
        "x-ms-routing-request-id": [
          "CENTRALUS:20161117T001043Z:ed6fd9d4-8579-4c54-926a-0ddb4218af6e"
        ],
        "Strict-Transport-Security": [
          "max-age=31536000; includeSubDomains"
        ],
        "Cache-Control": [
          "no-cache"
        ],
        "Date": [
          "Thu, 17 Nov 2016 00:10:43 GMT"
        ]
      },
      "StatusCode": 201
    },
    {
      "RequestUri": "/subscriptions/38b598fc-e57a-423f-b2e7-dc0ddb631f1f/resourceGroups/onesdk9647/providers/Providers.Test/statefulResources/testname?api-version=2014-04-01",
      "EncodedRequestUri": "L3N1YnNjcmlwdGlvbnMvMzhiNTk4ZmMtZTU3YS00MjNmLWIyZTctZGMwZGRiNjMxZjFmL3Jlc291cmNlR3JvdXBzL29uZXNkazk2NDcvcHJvdmlkZXJzL1Byb3ZpZGVycy5UZXN0L3N0YXRlZnVsUmVzb3VyY2VzL3Rlc3RuYW1lP2FwaS12ZXJzaW9uPTIwMTQtMDQtMDE=",
      "RequestMethod": "PUT",
      "RequestBody": "{\r\n  \"properties\": {\r\n    \"key\": \"value\"\r\n  },\r\n  \"sku\": {\r\n    \"name\": \"A0\"\r\n  },\r\n  \"location\": \"West US\",\r\n  \"tags\": {\r\n    \"ScenarioTestTag\": \"ScenarioTestVal\"\r\n  }\r\n}",
      "RequestHeaders": {
        "Content-Type": [
          "application/json; charset=utf-8"
        ],
        "Content-Length": [
          "171"
        ],
        "User-Agent": [
          "AzurePowershell/v3.1.0.0",
          "PSVersion/v5.1.14393.206"
        ],
        "ParameterSetName": [
          "Resource that resides at the subscription level."
        ],
        "CommandName": [
          "New-AzureRmResource"
        ]
      },
      "ResponseBody": "{\r\n  \"id\": \"/subscriptions/38b598fc-e57a-423f-b2e7-dc0ddb631f1f/resourceGroups/onesdk9647/providers/Providers.Test/statefulResources/testname\",\r\n  \"name\": \"testname\",\r\n  \"type\": \"Providers.Test/statefulResources\",\r\n  \"sku\": {\r\n    \"name\": \"A0\"\r\n  },\r\n  \"location\": \"West US\",\r\n  \"tags\": {\r\n    \"scenarioTestTag\": \"ScenarioTestVal\"\r\n  },\r\n  \"properties\": {\r\n    \"key\": \"value\"\r\n  }\r\n}",
      "ResponseHeaders": {
        "Content-Length": [
          "313"
        ],
        "Content-Type": [
          "application/json; charset=utf-8"
        ],
        "Expires": [
          "-1"
        ],
        "Pragma": [
          "no-cache"
        ],
        "x-ms-request-id": [
          "westus:c6d46887-ab41-4eca-a218-85ce132ac79c"
        ],
        "x-ms-ratelimit-remaining-subscription-writes": [
          "1199"
        ],
        "x-ms-correlation-request-id": [
          "ab41ae7b-f8e0-422e-8634-afd2b120375b"
        ],
        "x-ms-routing-request-id": [
          "CENTRALUS:20161117T001046Z:ab41ae7b-f8e0-422e-8634-afd2b120375b"
        ],
        "Strict-Transport-Security": [
          "max-age=31536000; includeSubDomains"
        ],
        "Cache-Control": [
          "no-cache"
        ],
        "Date": [
          "Thu, 17 Nov 2016 00:10:45 GMT"
        ]
      },
      "StatusCode": 201
    },
    {
      "RequestUri": "/subscriptions/38b598fc-e57a-423f-b2e7-dc0ddb631f1f/resources?$filter=tagName%20EQ%20'ScenarioTestTag'%20AND%20tagValue%20EQ%20'ScenarioTestVal'&api-version=2016-09-01",
      "EncodedRequestUri": "L3N1YnNjcmlwdGlvbnMvMzhiNTk4ZmMtZTU3YS00MjNmLWIyZTctZGMwZGRiNjMxZjFmL3Jlc291cmNlcz8kZmlsdGVyPXRhZ05hbWUlMjBFUSUyMCdTY2VuYXJpb1Rlc3RUYWcnJTIwQU5EJTIwdGFnVmFsdWUlMjBFUSUyMCdTY2VuYXJpb1Rlc3RWYWwnJmFwaS12ZXJzaW9uPTIwMTYtMDktMDE=",
      "RequestMethod": "GET",
      "RequestBody": "",
      "RequestHeaders": {
        "User-Agent": [
          "AzurePowershell/v3.1.0.0",
          "PSVersion/v5.1.14393.206"
        ],
        "ParameterSetName": [
          "Lists resources by a tag object specified as a hashset."
        ],
        "CommandName": [
          "Find-AzureRmResource"
        ]
      },
      "ResponseBody": "{\r\n  \"value\": [\r\n    {\r\n      \"id\": \"/subscriptions/38b598fc-e57a-423f-b2e7-dc0ddb631f1f/resourceGroups/onesdk9647/providers/Providers.Test/statefulResources/testname\",\r\n      \"name\": \"testname\",\r\n      \"type\": \"Providers.Test/statefulResources\",\r\n      \"sku\": {\r\n        \"name\": \"A0\"\r\n      },\r\n      \"location\": \"westus\"\r\n    }\r\n  ]\r\n}",
      "ResponseHeaders": {
        "Content-Length": [
          "250"
        ],
        "Content-Type": [
          "application/json; charset=utf-8"
        ],
        "Expires": [
          "-1"
        ],
        "Pragma": [
          "no-cache"
        ],
        "x-ms-ratelimit-remaining-subscription-reads": [
          "14999"
        ],
        "x-ms-request-id": [
          "5b3c2d4d-948b-4e25-9a90-882936e03d15"
        ],
        "x-ms-correlation-request-id": [
          "5b3c2d4d-948b-4e25-9a90-882936e03d15"
        ],
        "x-ms-routing-request-id": [
          "CENTRALUS:20161117T001047Z:5b3c2d4d-948b-4e25-9a90-882936e03d15"
        ],
        "Strict-Transport-Security": [
          "max-age=31536000; includeSubDomains"
        ],
        "Cache-Control": [
          "no-cache"
        ],
        "Date": [
          "Thu, 17 Nov 2016 00:10:46 GMT"
        ]
      },
      "StatusCode": 200
    },
    {
      "RequestUri": "/subscriptions/38b598fc-e57a-423f-b2e7-dc0ddb631f1f/resources?$filter=tagName%20EQ%20'ScenarioTestTag'%20AND%20tagValue%20EQ%20'ScenarioTestVal'&api-version=2016-09-01",
      "EncodedRequestUri": "L3N1YnNjcmlwdGlvbnMvMzhiNTk4ZmMtZTU3YS00MjNmLWIyZTctZGMwZGRiNjMxZjFmL3Jlc291cmNlcz8kZmlsdGVyPXRhZ05hbWUlMjBFUSUyMCdTY2VuYXJpb1Rlc3RUYWcnJTIwQU5EJTIwdGFnVmFsdWUlMjBFUSUyMCdTY2VuYXJpb1Rlc3RWYWwnJmFwaS12ZXJzaW9uPTIwMTYtMDktMDE=",
      "RequestMethod": "GET",
      "RequestBody": "",
      "RequestHeaders": {
        "User-Agent": [
          "AzurePowershell/v3.1.0.0",
          "PSVersion/v5.1.14393.206"
        ],
        "ParameterSetName": [
          "Lists resources by a tag specified as a individual name and value parameters."
        ],
        "CommandName": [
          "Find-AzureRmResource"
        ]
      },
      "ResponseBody": "{\r\n  \"value\": [\r\n    {\r\n      \"id\": \"/subscriptions/38b598fc-e57a-423f-b2e7-dc0ddb631f1f/resourceGroups/onesdk9647/providers/Providers.Test/statefulResources/testname\",\r\n      \"name\": \"testname\",\r\n      \"type\": \"Providers.Test/statefulResources\",\r\n      \"sku\": {\r\n        \"name\": \"A0\"\r\n      },\r\n      \"location\": \"westus\"\r\n    }\r\n  ]\r\n}",
      "ResponseHeaders": {
        "Content-Length": [
          "250"
        ],
        "Content-Type": [
          "application/json; charset=utf-8"
        ],
        "Expires": [
          "-1"
        ],
        "Pragma": [
          "no-cache"
        ],
        "x-ms-ratelimit-remaining-subscription-reads": [
          "14998"
        ],
        "x-ms-request-id": [
          "d7b17ef0-975f-415d-999e-acc19316d221"
        ],
        "x-ms-correlation-request-id": [
          "d7b17ef0-975f-415d-999e-acc19316d221"
        ],
        "x-ms-routing-request-id": [
          "CENTRALUS:20161117T001048Z:d7b17ef0-975f-415d-999e-acc19316d221"
        ],
        "Strict-Transport-Security": [
          "max-age=31536000; includeSubDomains"
        ],
        "Cache-Control": [
          "no-cache"
        ],
        "Date": [
          "Thu, 17 Nov 2016 00:10:47 GMT"
        ]
      },
      "StatusCode": 200
    },
    {
      "RequestUri": "/subscriptions/38b598fc-e57a-423f-b2e7-dc0ddb631f1f/resources?$filter=tagName%20EQ%20'ScenarioTestTag'&api-version=2016-09-01",
      "EncodedRequestUri": "L3N1YnNjcmlwdGlvbnMvMzhiNTk4ZmMtZTU3YS00MjNmLWIyZTctZGMwZGRiNjMxZjFmL3Jlc291cmNlcz8kZmlsdGVyPXRhZ05hbWUlMjBFUSUyMCdTY2VuYXJpb1Rlc3RUYWcnJmFwaS12ZXJzaW9uPTIwMTYtMDktMDE=",
      "RequestMethod": "GET",
      "RequestBody": "",
      "RequestHeaders": {
        "User-Agent": [
          "AzurePowershell/v3.1.0.0",
          "PSVersion/v5.1.14393.206"
        ],
        "ParameterSetName": [
          "Lists resources by a tag object specified as a hashset."
        ],
        "CommandName": [
          "Find-AzureRmResource"
        ]
      },
      "ResponseBody": "{\r\n  \"value\": [\r\n    {\r\n      \"id\": \"/subscriptions/38b598fc-e57a-423f-b2e7-dc0ddb631f1f/resourceGroups/onesdk9647/providers/Providers.Test/statefulResources/testname\",\r\n      \"name\": \"testname\",\r\n      \"type\": \"Providers.Test/statefulResources\",\r\n      \"sku\": {\r\n        \"name\": \"A0\"\r\n      },\r\n      \"location\": \"westus\"\r\n    }\r\n  ]\r\n}",
      "ResponseHeaders": {
        "Content-Length": [
          "250"
        ],
        "Content-Type": [
          "application/json; charset=utf-8"
        ],
        "Expires": [
          "-1"
        ],
        "Pragma": [
          "no-cache"
        ],
        "x-ms-ratelimit-remaining-subscription-reads": [
          "14999"
        ],
        "x-ms-request-id": [
          "cba65572-ae96-4066-9d1b-5999994ab8ef"
        ],
        "x-ms-correlation-request-id": [
          "cba65572-ae96-4066-9d1b-5999994ab8ef"
        ],
        "x-ms-routing-request-id": [
          "CENTRALUS:20161117T001047Z:cba65572-ae96-4066-9d1b-5999994ab8ef"
        ],
        "Strict-Transport-Security": [
          "max-age=31536000; includeSubDomains"
        ],
        "Cache-Control": [
          "no-cache"
        ],
        "Date": [
          "Thu, 17 Nov 2016 00:10:47 GMT"
        ]
      },
      "StatusCode": 200
    },
    {
      "RequestUri": "/subscriptions/38b598fc-e57a-423f-b2e7-dc0ddb631f1f/resources?$filter=tagName%20EQ%20'ScenarioTestTag'&api-version=2016-09-01",
      "EncodedRequestUri": "L3N1YnNjcmlwdGlvbnMvMzhiNTk4ZmMtZTU3YS00MjNmLWIyZTctZGMwZGRiNjMxZjFmL3Jlc291cmNlcz8kZmlsdGVyPXRhZ05hbWUlMjBFUSUyMCdTY2VuYXJpb1Rlc3RUYWcnJmFwaS12ZXJzaW9uPTIwMTYtMDktMDE=",
      "RequestMethod": "GET",
      "RequestBody": "",
      "RequestHeaders": {
        "User-Agent": [
          "AzurePowershell/v3.1.0.0",
          "PSVersion/v5.1.14393.206"
        ],
        "ParameterSetName": [
          "Lists resources by a tag specified as a individual name and value parameters."
        ],
        "CommandName": [
          "Find-AzureRmResource"
        ]
      },
      "ResponseBody": "{\r\n  \"value\": [\r\n    {\r\n      \"id\": \"/subscriptions/38b598fc-e57a-423f-b2e7-dc0ddb631f1f/resourceGroups/onesdk9647/providers/Providers.Test/statefulResources/testname\",\r\n      \"name\": \"testname\",\r\n      \"type\": \"Providers.Test/statefulResources\",\r\n      \"sku\": {\r\n        \"name\": \"A0\"\r\n      },\r\n      \"location\": \"westus\"\r\n    }\r\n  ]\r\n}",
      "ResponseHeaders": {
        "Content-Length": [
          "250"
        ],
        "Content-Type": [
          "application/json; charset=utf-8"
        ],
        "Expires": [
          "-1"
        ],
        "Pragma": [
          "no-cache"
        ],
        "x-ms-ratelimit-remaining-subscription-reads": [
          "14999"
        ],
        "x-ms-request-id": [
          "b733a91d-c00e-4818-8ccd-5761ea5106cb"
        ],
        "x-ms-correlation-request-id": [
          "b733a91d-c00e-4818-8ccd-5761ea5106cb"
        ],
        "x-ms-routing-request-id": [
          "CENTRALUS:20161117T001047Z:b733a91d-c00e-4818-8ccd-5761ea5106cb"
        ],
        "Strict-Transport-Security": [
          "max-age=31536000; includeSubDomains"
        ],
        "Cache-Control": [
          "no-cache"
        ],
        "Date": [
          "Thu, 17 Nov 2016 00:10:47 GMT"
        ]
      },
      "StatusCode": 200
    }
  ],
  "Names": {
    "Test-FindAResource-ByTag": [
      "onesdk9647"
    ]
  },
  "Variables": {
    "SubscriptionId": "38b598fc-e57a-423f-b2e7-dc0ddb631f1f",
    "TenantId": "72f988bf-86f1-41af-91ab-2d7cd011db47",
    "Domain": "microsoft.com"
  }
}