{
  "Entries": [
    {
      "RequestUri": "/subscriptions/38b598fc-e57a-423f-b2e7-dc0ddb631f1f/resourcegroups/onesdk3281?api-version=2016-07-01",
      "EncodedRequestUri": "L3N1YnNjcmlwdGlvbnMvMzhiNTk4ZmMtZTU3YS00MjNmLWIyZTctZGMwZGRiNjMxZjFmL3Jlc291cmNlZ3JvdXBzL29uZXNkazMyODE/YXBpLXZlcnNpb249MjAxNi0wNy0wMQ==",
      "RequestMethod": "HEAD",
      "RequestBody": "",
      "RequestHeaders": {
        "x-ms-client-request-id": [
          "7279bc10-a17d-4849-a0af-b45671324f08"
        ],
        "accept-language": [
          "en-US"
        ],
        "User-Agent": [
          "Microsoft.Azure.Management.ResourceManager.ResourceManagementClient/1.2.0-preview"
        ]
      },
      "ResponseBody": "",
      "ResponseHeaders": {
        "Content-Length": [
          "102"
        ],
        "Content-Type": [
          "application/json; charset=utf-8"
        ],
        "Expires": [
          "-1"
        ],
        "Pragma": [
          "no-cache"
        ],
        "x-ms-failure-cause": [
          "gateway"
        ],
        "x-ms-ratelimit-remaining-subscription-reads": [
          "14999"
        ],
        "x-ms-request-id": [
          "9d1521ad-0ae0-4795-991e-bb4f93f82102"
        ],
        "x-ms-correlation-request-id": [
          "9d1521ad-0ae0-4795-991e-bb4f93f82102"
        ],
        "x-ms-routing-request-id": [
          "CENTRALUS:20160916T010644Z:9d1521ad-0ae0-4795-991e-bb4f93f82102"
        ],
        "Strict-Transport-Security": [
          "max-age=31536000; includeSubDomains"
        ],
        "Cache-Control": [
          "no-cache"
        ],
        "Date": [
          "Fri, 16 Sep 2016 01:06:44 GMT"
        ]
      },
      "StatusCode": 404
    },
    {
      "RequestUri": "/subscriptions/38b598fc-e57a-423f-b2e7-dc0ddb631f1f/resourcegroups/onesdk3281?api-version=2016-07-01",
      "EncodedRequestUri": "L3N1YnNjcmlwdGlvbnMvMzhiNTk4ZmMtZTU3YS00MjNmLWIyZTctZGMwZGRiNjMxZjFmL3Jlc291cmNlZ3JvdXBzL29uZXNkazMyODE/YXBpLXZlcnNpb249MjAxNi0wNy0wMQ==",
      "RequestMethod": "PUT",
      "RequestBody": "{\r\n  \"location\": \"West US\"\r\n}",
      "RequestHeaders": {
        "Content-Type": [
          "application/json; charset=utf-8"
        ],
        "Content-Length": [
          "29"
        ],
        "x-ms-client-request-id": [
          "5bbdc363-bf17-4faf-9605-961b2f110e1a"
        ],
        "accept-language": [
          "en-US"
        ],
        "User-Agent": [
          "Microsoft.Azure.Management.ResourceManager.ResourceManagementClient/1.2.0-preview"
        ]
      },
      "ResponseBody": "{\r\n  \"id\": \"/subscriptions/38b598fc-e57a-423f-b2e7-dc0ddb631f1f/resourceGroups/onesdk3281\",\r\n  \"name\": \"onesdk3281\",\r\n  \"location\": \"westus\",\r\n  \"properties\": {\r\n    \"provisioningState\": \"Succeeded\"\r\n  }\r\n}",
      "ResponseHeaders": {
        "Content-Length": [
          "173"
        ],
        "Content-Type": [
          "application/json; charset=utf-8"
        ],
        "Expires": [
          "-1"
        ],
        "Pragma": [
          "no-cache"
        ],
        "x-ms-ratelimit-remaining-subscription-writes": [
          "1199"
        ],
        "x-ms-request-id": [
          "de52506a-f401-4535-ab6c-a9861e268673"
        ],
        "x-ms-correlation-request-id": [
          "de52506a-f401-4535-ab6c-a9861e268673"
        ],
        "x-ms-routing-request-id": [
          "CENTRALUS:20160916T010645Z:de52506a-f401-4535-ab6c-a9861e268673"
        ],
        "Strict-Transport-Security": [
          "max-age=31536000; includeSubDomains"
        ],
        "Cache-Control": [
          "no-cache"
        ],
        "Date": [
          "Fri, 16 Sep 2016 01:06:45 GMT"
        ]
      },
      "StatusCode": 201
    },
    {
      "RequestUri": "/subscriptions/38b598fc-e57a-423f-b2e7-dc0ddb631f1f/resourceGroups/onesdk3281/providers/Providers.Test/statefulResources/testname?api-version=2014-04-01",
      "EncodedRequestUri": "L3N1YnNjcmlwdGlvbnMvMzhiNTk4ZmMtZTU3YS00MjNmLWIyZTctZGMwZGRiNjMxZjFmL3Jlc291cmNlR3JvdXBzL29uZXNkazMyODEvcHJvdmlkZXJzL1Byb3ZpZGVycy5UZXN0L3N0YXRlZnVsUmVzb3VyY2VzL3Rlc3RuYW1lP2FwaS12ZXJzaW9uPTIwMTQtMDQtMDE=",
      "RequestMethod": "PUT",
      "RequestBody": "{\r\n  \"properties\": {\r\n    \"key\": \"value\"\r\n  },\r\n  \"sku\": {\r\n    \"name\": \"A0\"\r\n  },\r\n  \"location\": \"West US\",\r\n  \"tags\": {\r\n    \"testtag\": \"testval\"\r\n  }\r\n}",
      "RequestHeaders": {
        "Content-Type": [
          "application/json; charset=utf-8"
        ],
        "Content-Length": [
          "155"
        ],
        "User-Agent": [
          "AzurePowershell/v2.1.0.0"
        ],
        "ParameterSetName": [
          "Resource that resides at the subscription level."
        ],
        "CommandName": [
          "New-AzureRmResource"
        ]
      },
      "ResponseBody": "{\r\n  \"id\": \"/subscriptions/38b598fc-e57a-423f-b2e7-dc0ddb631f1f/resourceGroups/onesdk3281/providers/Providers.Test/statefulResources/testname\",\r\n  \"name\": \"testname\",\r\n  \"type\": \"Providers.Test/statefulResources\",\r\n  \"sku\": {\r\n    \"name\": \"A0\"\r\n  },\r\n  \"location\": \"West US\",\r\n  \"tags\": {\r\n    \"testtag\": \"testval\"\r\n  },\r\n  \"properties\": {\r\n    \"key\": \"value\"\r\n  }\r\n}",
      "ResponseHeaders": {
        "Content-Length": [
          "297"
        ],
        "Content-Type": [
          "application/json; charset=utf-8"
        ],
        "Expires": [
          "-1"
        ],
        "Pragma": [
          "no-cache"
        ],
        "x-ms-request-id": [
          "westus:f8450da9-c63b-4738-8cb1-36a845240240"
        ],
        "x-ms-ratelimit-remaining-subscription-writes": [
          "1199"
        ],
        "x-ms-correlation-request-id": [
          "934a31e0-d2d1-4d57-9ed7-8973a5250ac5"
        ],
        "x-ms-routing-request-id": [
          "CENTRALUS:20160916T010647Z:934a31e0-d2d1-4d57-9ed7-8973a5250ac5"
        ],
        "Strict-Transport-Security": [
          "max-age=31536000; includeSubDomains"
        ],
        "Cache-Control": [
          "no-cache"
        ],
        "Date": [
          "Fri, 16 Sep 2016 01:06:47 GMT"
        ]
      },
      "StatusCode": 201
    },
    {
      "RequestUri": "/resources?$filter=subscriptionId%20EQ%20'38b598fc-e57a-423f-b2e7-dc0ddb631f1f'%20AND%20substringof('test',%20name)%20AND%20substringof('onesdk3281',%20resourceGroup)&api-version=2016-09-01",
      "EncodedRequestUri": "L3Jlc291cmNlcz8kZmlsdGVyPXN1YnNjcmlwdGlvbklkJTIwRVElMjAnMzhiNTk4ZmMtZTU3YS00MjNmLWIyZTctZGMwZGRiNjMxZjFmJyUyMEFORCUyMHN1YnN0cmluZ29mKCd0ZXN0JywlMjBuYW1lKSUyMEFORCUyMHN1YnN0cmluZ29mKCdvbmVzZGszMjgxJywlMjByZXNvdXJjZUdyb3VwKSZhcGktdmVyc2lvbj0yMDE2LTA5LTAx",
      "RequestMethod": "GET",
      "RequestBody": "",
      "RequestHeaders": {
        "User-Agent": [
          "AzurePowershell/v2.1.0.0"
        ],
        "ParameterSetName": [
          "Lists the resources based on the specified scope."
        ],
        "CommandName": [
          "Find-AzureRmResource"
        ]
      },
      "ResponseBody": "{\r\n  \"value\": [\r\n    {\r\n      \"id\": \"/subscriptions/38b598fc-e57a-423f-b2e7-dc0ddb631f1f/resourceGroups/onesdk3281/providers/Providers.Test/statefulResources/testname\",\r\n      \"name\": \"testname\",\r\n      \"type\": \"Providers.Test/statefulResources\",\r\n      \"sku\": {\r\n        \"name\": \"A0\"\r\n      },\r\n      \"location\": \"westus\",\r\n      \"tags\": {\r\n        \"testtag\": \"testval\"\r\n      }\r\n    }\r\n  ]\r\n}",
      "ResponseHeaders": {
        "Content-Length": [
          "279"
        ],
        "Content-Type": [
          "application/json; charset=utf-8"
        ],
        "Expires": [
          "-1"
        ],
        "Pragma": [
          "no-cache"
        ],
        "x-ms-ratelimit-remaining-tenant-reads": [
          "14997"
        ],
        "x-ms-request-id": [
          "aee00664-9332-462e-b06d-3ca67ca3c662"
        ],
        "x-ms-correlation-request-id": [
          "aee00664-9332-462e-b06d-3ca67ca3c662"
        ],
        "x-ms-routing-request-id": [
          "CENTRALUS:20160916T010648Z:aee00664-9332-462e-b06d-3ca67ca3c662"
        ],
        "Strict-Transport-Security": [
          "max-age=31536000; includeSubDomains"
        ],
        "Cache-Control": [
          "no-cache"
        ],
        "Date": [
          "Fri, 16 Sep 2016 01:06:48 GMT"
        ]
      },
      "StatusCode": 200
    },
    {
      "RequestUri": "/resources?$filter=subscriptionId%20EQ%20'38b598fc-e57a-423f-b2e7-dc0ddb631f1f'%20AND%20substringof('test',%20name)%20AND%20substringof('onesdk3281',%20resourceGroup)&api-version=2016-09-01",
      "EncodedRequestUri": "L3Jlc291cmNlcz8kZmlsdGVyPXN1YnNjcmlwdGlvbklkJTIwRVElMjAnMzhiNTk4ZmMtZTU3YS00MjNmLWIyZTctZGMwZGRiNjMxZjFmJyUyMEFORCUyMHN1YnN0cmluZ29mKCd0ZXN0JywlMjBuYW1lKSUyMEFORCUyMHN1YnN0cmluZ29mKCdvbmVzZGszMjgxJywlMjByZXNvdXJjZUdyb3VwKSZhcGktdmVyc2lvbj0yMDE2LTA5LTAx",
      "RequestMethod": "GET",
      "RequestBody": "",
      "RequestHeaders": {
        "User-Agent": [
          "AzurePowershell/v2.1.0.0"
        ],
        "ParameterSetName": [
          "Lists the resources based on the specified scope."
        ],
        "CommandName": [
          "Find-AzureRmResource"
        ]
      },
      "ResponseBody": "{\r\n  \"value\": [\r\n    {\r\n      \"id\": \"/subscriptions/38b598fc-e57a-423f-b2e7-dc0ddb631f1f/resourceGroups/onesdk3281/providers/Providers.Test/statefulResources/test2name\",\r\n      \"name\": \"test2name\",\r\n      \"type\": \"Providers.Test/statefulResources\",\r\n      \"sku\": {\r\n        \"name\": \"A0\"\r\n      },\r\n      \"location\": \"westus\",\r\n      \"tags\": {\r\n        \"testtag\": \"testval\"\r\n      }\r\n    },\r\n    {\r\n      \"id\": \"/subscriptions/38b598fc-e57a-423f-b2e7-dc0ddb631f1f/resourceGroups/onesdk3281/providers/Providers.Test/statefulResources/testname\",\r\n      \"name\": \"testname\",\r\n      \"type\": \"Providers.Test/statefulResources\",\r\n      \"sku\": {\r\n        \"name\": \"A0\"\r\n      },\r\n      \"location\": \"westus\",\r\n      \"tags\": {\r\n        \"testtag\": \"testval\"\r\n      }\r\n    }\r\n  ]\r\n}",
      "ResponseHeaders": {
        "Content-Length": [
          "549"
        ],
        "Content-Type": [
          "application/json; charset=utf-8"
        ],
        "Expires": [
          "-1"
        ],
        "Pragma": [
          "no-cache"
        ],
        "x-ms-ratelimit-remaining-tenant-reads": [
          "14996"
        ],
        "x-ms-request-id": [
          "a8588a94-64d8-4516-a3e7-a62a18e540c9"
        ],
        "x-ms-correlation-request-id": [
          "a8588a94-64d8-4516-a3e7-a62a18e540c9"
        ],
        "x-ms-routing-request-id": [
          "CENTRALUS:20160916T010652Z:a8588a94-64d8-4516-a3e7-a62a18e540c9"
        ],
        "Strict-Transport-Security": [
          "max-age=31536000; includeSubDomains"
        ],
        "Cache-Control": [
          "no-cache"
        ],
        "Date": [
          "Fri, 16 Sep 2016 01:06:51 GMT"
        ]
      },
      "StatusCode": 200
    },
    {
      "RequestUri": "/subscriptions/38b598fc-e57a-423f-b2e7-dc0ddb631f1f/resources?$filter=resourceType%20EQ%20'Providers.Test/statefulResources'%20AND%20substringof('onesdk3281',%20resourceGroup)&api-version=2016-09-01",
      "EncodedRequestUri": "L3N1YnNjcmlwdGlvbnMvMzhiNTk4ZmMtZTU3YS00MjNmLWIyZTctZGMwZGRiNjMxZjFmL3Jlc291cmNlcz8kZmlsdGVyPXJlc291cmNlVHlwZSUyMEVRJTIwJ1Byb3ZpZGVycy5UZXN0L3N0YXRlZnVsUmVzb3VyY2VzJyUyMEFORCUyMHN1YnN0cmluZ29mKCdvbmVzZGszMjgxJywlMjByZXNvdXJjZUdyb3VwKSZhcGktdmVyc2lvbj0yMDE2LTA5LTAx",
      "RequestMethod": "GET",
      "RequestBody": "",
      "RequestHeaders": {
        "User-Agent": [
          "AzurePowershell/v2.1.0.0"
        ],
        "ParameterSetName": [
          "Lists the resources based on the specified scope."
        ],
        "CommandName": [
          "Find-AzureRmResource"
        ]
      },
      "ResponseBody": "{\r\n  \"value\": [\r\n    {\r\n      \"id\": \"/subscriptions/38b598fc-e57a-423f-b2e7-dc0ddb631f1f/resourceGroups/onesdk3281/providers/Providers.Test/statefulResources/testname\",\r\n      \"name\": \"testname\",\r\n      \"type\": \"Providers.Test/statefulResources\",\r\n      \"sku\": {\r\n        \"name\": \"A0\"\r\n      },\r\n      \"location\": \"westus\",\r\n      \"tags\": {\r\n        \"testtag\": \"testval\"\r\n      }\r\n    }\r\n  ]\r\n}",
      "ResponseHeaders": {
        "Content-Length": [
          "279"
        ],
        "Content-Type": [
          "application/json; charset=utf-8"
        ],
        "Expires": [
          "-1"
        ],
        "Pragma": [
          "no-cache"
        ],
        "x-ms-ratelimit-remaining-subscription-reads": [
          "14998"
        ],
        "x-ms-request-id": [
          "d036e5b3-96eb-4955-be35-c027f8efbbc6"
        ],
        "x-ms-correlation-request-id": [
          "d036e5b3-96eb-4955-be35-c027f8efbbc6"
        ],
        "x-ms-routing-request-id": [
          "CENTRALUS:20160916T010649Z:d036e5b3-96eb-4955-be35-c027f8efbbc6"
        ],
        "Strict-Transport-Security": [
          "max-age=31536000; includeSubDomains"
        ],
        "Cache-Control": [
          "no-cache"
        ],
        "Date": [
          "Fri, 16 Sep 2016 01:06:49 GMT"
        ]
      },
      "StatusCode": 200
    },
    {
      "RequestUri": "/subscriptions/38b598fc-e57a-423f-b2e7-dc0ddb631f1f/resourceGroups/onesdk3281/providers/Providers.Test/statefulResources/test2name?api-version=2014-04-01",
      "EncodedRequestUri": "L3N1YnNjcmlwdGlvbnMvMzhiNTk4ZmMtZTU3YS00MjNmLWIyZTctZGMwZGRiNjMxZjFmL3Jlc291cmNlR3JvdXBzL29uZXNkazMyODEvcHJvdmlkZXJzL1Byb3ZpZGVycy5UZXN0L3N0YXRlZnVsUmVzb3VyY2VzL3Rlc3QybmFtZT9hcGktdmVyc2lvbj0yMDE0LTA0LTAx",
      "RequestMethod": "PUT",
      "RequestBody": "{\r\n  \"properties\": {\r\n    \"key\": \"value\"\r\n  },\r\n  \"sku\": {\r\n    \"name\": \"A0\"\r\n  },\r\n  \"location\": \"West US\",\r\n  \"tags\": {\r\n    \"testtag\": \"testval\"\r\n  }\r\n}",
      "RequestHeaders": {
        "Content-Type": [
          "application/json; charset=utf-8"
        ],
        "Content-Length": [
          "155"
        ],
        "User-Agent": [
          "AzurePowershell/v2.1.0.0"
        ],
        "ParameterSetName": [
          "Resource that resides at the subscription level."
        ],
        "CommandName": [
          "New-AzureRmResource"
        ]
      },
      "ResponseBody": "{\r\n  \"id\": \"/subscriptions/38b598fc-e57a-423f-b2e7-dc0ddb631f1f/resourceGroups/onesdk3281/providers/Providers.Test/statefulResources/test2name\",\r\n  \"name\": \"test2name\",\r\n  \"type\": \"Providers.Test/statefulResources\",\r\n  \"sku\": {\r\n    \"name\": \"A0\"\r\n  },\r\n  \"location\": \"West US\",\r\n  \"tags\": {\r\n    \"testtag\": \"testval\"\r\n  },\r\n  \"properties\": {\r\n    \"key\": \"value\"\r\n  }\r\n}",
      "ResponseHeaders": {
        "Content-Length": [
          "299"
        ],
        "Content-Type": [
          "application/json; charset=utf-8"
        ],
        "Expires": [
          "-1"
        ],
        "Pragma": [
          "no-cache"
        ],
        "x-ms-request-id": [
          "westus:0076414a-d588-404c-a812-69551a7e2235"
        ],
        "x-ms-ratelimit-remaining-subscription-writes": [
          "1199"
        ],
        "x-ms-correlation-request-id": [
          "ed3f15e6-aa26-46d3-a8da-2cbb70161bdb"
        ],
        "x-ms-routing-request-id": [
          "CENTRALUS:20160916T010651Z:ed3f15e6-aa26-46d3-a8da-2cbb70161bdb"
        ],
        "Strict-Transport-Security": [
          "max-age=31536000; includeSubDomains"
        ],
        "Cache-Control": [
          "no-cache"
        ],
        "Date": [
          "Fri, 16 Sep 2016 01:06:50 GMT"
        ]
      },
      "StatusCode": 201
    }
  ],
  "Names": {
    "Test-FindAResource": [
      "onesdk3281"
    ]
  },
  "Variables": {
    "SubscriptionId": "38b598fc-e57a-423f-b2e7-dc0ddb631f1f",
    "TenantId": "72f988bf-86f1-41af-91ab-2d7cd011db47",
    "Domain": "microsoft.com"
  }
}