{
  "Entries": [
    {
      "RequestUri": "/subscriptions/38b598fc-e57a-423f-b2e7-dc0ddb631f1f/resourcegroups/onesdk3157?api-version=2016-02-01",
      "EncodedRequestUri": "L3N1YnNjcmlwdGlvbnMvMzhiNTk4ZmMtZTU3YS00MjNmLWIyZTctZGMwZGRiNjMxZjFmL3Jlc291cmNlZ3JvdXBzL29uZXNkazMxNTc/YXBpLXZlcnNpb249MjAxNi0wMi0wMQ==",
      "RequestMethod": "HEAD",
      "RequestBody": "",
      "RequestHeaders": {
        "User-Agent": [
          "Microsoft.Azure.Management.Resources.ResourceManagementClient/2.0.0.0"
        ]
      },
      "ResponseBody": "",
      "ResponseHeaders": {
        "Content-Length": [
          "102"
        ],
        "Content-Type": [
          "application/json; charset=utf-8"
        ],
        "Expires": [
          "-1"
        ],
        "Pragma": [
          "no-cache"
        ],
        "x-ms-failure-cause": [
          "gateway"
        ],
        "x-ms-ratelimit-remaining-subscription-reads": [
          "14999"
        ],
        "x-ms-request-id": [
          "f937eee9-c916-4845-acb1-cc38355651b8"
        ],
        "x-ms-correlation-request-id": [
          "f937eee9-c916-4845-acb1-cc38355651b8"
        ],
        "x-ms-routing-request-id": [
          "NORTHCENTRALUS:20160325T040826Z:f937eee9-c916-4845-acb1-cc38355651b8"
        ],
        "Strict-Transport-Security": [
          "max-age=31536000; includeSubDomains"
        ],
        "Cache-Control": [
          "no-cache"
        ],
        "Date": [
          "Fri, 25 Mar 2016 04:08:26 GMT"
        ]
      },
      "StatusCode": 404
    },
    {
      "RequestUri": "/subscriptions/38b598fc-e57a-423f-b2e7-dc0ddb631f1f/resourcegroups/onesdk3157?api-version=2016-02-01",
      "EncodedRequestUri": "L3N1YnNjcmlwdGlvbnMvMzhiNTk4ZmMtZTU3YS00MjNmLWIyZTctZGMwZGRiNjMxZjFmL3Jlc291cmNlZ3JvdXBzL29uZXNkazMxNTc/YXBpLXZlcnNpb249MjAxNi0wMi0wMQ==",
      "RequestMethod": "PUT",
      "RequestBody": "{\r\n  \"location\": \"East US\"\r\n}",
      "RequestHeaders": {
        "Content-Type": [
          "application/json; charset=utf-8"
        ],
        "Content-Length": [
          "29"
        ],
        "User-Agent": [
          "Microsoft.Azure.Management.Resources.ResourceManagementClient/2.0.0.0"
        ]
      },
      "ResponseBody": "{\r\n  \"id\": \"/subscriptions/38b598fc-e57a-423f-b2e7-dc0ddb631f1f/resourceGroups/onesdk3157\",\r\n  \"name\": \"onesdk3157\",\r\n  \"location\": \"eastus\",\r\n  \"properties\": {\r\n    \"provisioningState\": \"Succeeded\"\r\n  }\r\n}",
      "ResponseHeaders": {
        "Content-Length": [
          "173"
        ],
        "Content-Type": [
          "application/json; charset=utf-8"
        ],
        "Expires": [
          "-1"
        ],
        "Pragma": [
          "no-cache"
        ],
        "x-ms-ratelimit-remaining-subscription-writes": [
          "1199"
        ],
        "x-ms-request-id": [
          "8b7654d6-dd71-40e2-8398-2e55f6956934"
        ],
        "x-ms-correlation-request-id": [
          "8b7654d6-dd71-40e2-8398-2e55f6956934"
        ],
        "x-ms-routing-request-id": [
          "NORTHCENTRALUS:20160325T040828Z:8b7654d6-dd71-40e2-8398-2e55f6956934"
        ],
        "Strict-Transport-Security": [
          "max-age=31536000; includeSubDomains"
        ],
        "Cache-Control": [
          "no-cache"
        ],
        "Date": [
          "Fri, 25 Mar 2016 04:08:28 GMT"
        ]
      },
      "StatusCode": 201
    },
    {
      "RequestUri": "/subscriptions/38b598fc-e57a-423f-b2e7-dc0ddb631f1f/resourceGroups/onesdk3157/resources?api-version=2016-02-01",
      "EncodedRequestUri": "L3N1YnNjcmlwdGlvbnMvMzhiNTk4ZmMtZTU3YS00MjNmLWIyZTctZGMwZGRiNjMxZjFmL3Jlc291cmNlR3JvdXBzL29uZXNkazMxNTcvcmVzb3VyY2VzP2FwaS12ZXJzaW9uPTIwMTYtMDItMDE=",
      "RequestMethod": "GET",
      "RequestBody": "",
      "RequestHeaders": {
        "User-Agent": [
          "Microsoft.Azure.Management.Resources.ResourceManagementClient/2.0.0.0"
        ]
      },
      "ResponseBody": "{\r\n  \"value\": []\r\n}",
      "ResponseHeaders": {
        "Content-Length": [
          "12"
        ],
        "Content-Type": [
          "application/json; charset=utf-8"
        ],
        "Expires": [
          "-1"
        ],
        "Pragma": [
          "no-cache"
        ],
        "x-ms-ratelimit-remaining-subscription-reads": [
          "14998"
        ],
        "x-ms-request-id": [
          "25fdfafa-b21d-426e-82bf-dcf78c75ce69"
        ],
        "x-ms-correlation-request-id": [
          "25fdfafa-b21d-426e-82bf-dcf78c75ce69"
        ],
        "x-ms-routing-request-id": [
          "NORTHCENTRALUS:20160325T040828Z:25fdfafa-b21d-426e-82bf-dcf78c75ce69"
        ],
        "Strict-Transport-Security": [
          "max-age=31536000; includeSubDomains"
        ],
        "Cache-Control": [
          "no-cache"
        ],
        "Date": [
          "Fri, 25 Mar 2016 04:08:28 GMT"
        ]
      },
      "StatusCode": 200
    },
    {
      "RequestUri": "/subscriptions/38b598fc-e57a-423f-b2e7-dc0ddb631f1f/resourcegroups/onesdk3157/providers/microsoft.resources/deployments/onesdk3069/validate?api-version=2016-02-01",
      "EncodedRequestUri": "L3N1YnNjcmlwdGlvbnMvMzhiNTk4ZmMtZTU3YS00MjNmLWIyZTctZGMwZGRiNjMxZjFmL3Jlc291cmNlZ3JvdXBzL29uZXNkazMxNTcvcHJvdmlkZXJzL21pY3Jvc29mdC5yZXNvdXJjZXMvZGVwbG95bWVudHMvb25lc2RrMzA2OS92YWxpZGF0ZT9hcGktdmVyc2lvbj0yMDE2LTAyLTAx",
      "RequestMethod": "POST",
      "RequestBody": "{\r\n  \"properties\": {\r\n    \"template\": {\r\n      \"$schema\": \"http://schema.management.azure.com/schemas/2014-04-01-preview/deploymentTemplate.json#\",\r\n      \"contentVersion\": \"1.0.0.0\",\r\n      \"parameters\": {\r\n        \"hostingPlanName\": {\r\n          \"type\": \"string\"\r\n        },\r\n        \"siteLocation\": {\r\n          \"type\": \"string\"\r\n        },\r\n        \"sku\": {\r\n          \"type\": \"string\",\r\n          \"allowedValues\": [\r\n            \"Free\",\r\n            \"Shared\",\r\n            \"Basic\",\r\n            \"Standard\"\r\n          ],\r\n          \"defaultValue\": \"Free\"\r\n        },\r\n        \"workerSize\": {\r\n          \"type\": \"int\",\r\n          \"allowedValues\": [\r\n            0,\r\n            1,\r\n            2\r\n          ],\r\n          \"defaultValue\": 0\r\n        }\r\n      },\r\n      \"resources\": [\r\n        {\r\n          \"apiVersion\": \"2014-04-01\",\r\n          \"name\": \"[parameters('hostingPlanName')]\",\r\n          \"type\": \"Microsoft.Web/serverfarms\",\r\n          \"location\": \"[parameters('siteLocation')]\",\r\n          \"properties\": {\r\n            \"name\": \"[parameters('hostingPlanName')]\",\r\n            \"sku\": \"[parameters('sku')]\",\r\n            \"workerSize\": \"[parameters('workerSize')]\",\r\n            \"numberOfWorkers\": 1\r\n          }\r\n        }\r\n      ]\r\n    },\r\n    \"parameters\": {\r\n      \"hostingPlanName\": {\r\n        \"value\": \"xDeploymentTestHost26668\"\r\n      },\r\n      \"sku\": {\r\n        \"value\": \"Basic\"\r\n      },\r\n      \"workerSize\": {\r\n        \"value\": 0\r\n      },\r\n      \"siteLocation\": {\r\n        \"value\": \"East US\"\r\n      }\r\n    },\r\n    \"mode\": \"Incremental\"\r\n  }\r\n}",
      "RequestHeaders": {
        "Content-Type": [
          "application/json; charset=utf-8"
        ],
        "Content-Length": [
          "1563"
        ],
        "User-Agent": [
          "Microsoft.Azure.Management.Resources.ResourceManagementClient/2.0.0.0"
        ]
      },
      "ResponseBody": "{\r\n  \"id\": \"/subscriptions/38b598fc-e57a-423f-b2e7-dc0ddb631f1f/resourceGroups/onesdk3157/providers/Microsoft.Resources/deployments/onesdk3069\",\r\n  \"name\": \"onesdk3069\",\r\n  \"properties\": {\r\n    \"parameters\": {\r\n      \"hostingPlanName\": {\r\n        \"type\": \"String\",\r\n        \"value\": \"xDeploymentTestHost26668\"\r\n      },\r\n      \"siteLocation\": {\r\n        \"type\": \"String\",\r\n        \"value\": \"East US\"\r\n      },\r\n      \"sku\": {\r\n        \"type\": \"String\",\r\n        \"value\": \"Basic\"\r\n      },\r\n      \"workerSize\": {\r\n        \"type\": \"Int\",\r\n        \"value\": 0\r\n      }\r\n    },\r\n    \"mode\": \"Incremental\",\r\n    \"provisioningState\": \"Accepted\",\r\n    \"timestamp\": \"2016-03-25T04:08:29.5849064Z\",\r\n    \"duration\": \"PT0S\",\r\n    \"correlationId\": \"910850b4-3b21-4a9d-b160-c2157124cf03\",\r\n    \"providers\": [\r\n      {\r\n        \"namespace\": \"Microsoft.Web\",\r\n        \"resourceTypes\": [\r\n          {\r\n            \"resourceType\": \"serverfarms\",\r\n            \"locations\": [\r\n              \"eastus\"\r\n            ]\r\n          }\r\n        ]\r\n      }\r\n    ],\r\n    \"dependencies\": [],\r\n    \"validatedResources\": [\r\n      {\r\n        \"apiVersion\": \"2014-04-01\",\r\n        \"id\": \"/subscriptions/38b598fc-e57a-423f-b2e7-dc0ddb631f1f/resourceGroups/onesdk3157/providers/Microsoft.Web/serverfarms/xDeploymentTestHost26668\",\r\n        \"name\": \"xDeploymentTestHost26668\",\r\n        \"type\": \"Microsoft.Web/serverfarms\",\r\n        \"location\": \"East US\",\r\n        \"properties\": {\r\n          \"name\": \"xDeploymentTestHost26668\",\r\n          \"sku\": \"Basic\",\r\n          \"workerSize\": 0,\r\n          \"numberOfWorkers\": 1\r\n        }\r\n      }\r\n    ]\r\n  }\r\n}",
      "ResponseHeaders": {
        "Content-Length": [
          "1076"
        ],
        "Content-Type": [
          "application/json; charset=utf-8"
        ],
        "Expires": [
          "-1"
        ],
        "Pragma": [
          "no-cache"
        ],
        "x-ms-ratelimit-remaining-subscription-writes": [
          "1198"
        ],
        "x-ms-request-id": [
          "910850b4-3b21-4a9d-b160-c2157124cf03"
        ],
        "x-ms-correlation-request-id": [
          "910850b4-3b21-4a9d-b160-c2157124cf03"
        ],
        "x-ms-routing-request-id": [
          "NORTHCENTRALUS:20160325T040829Z:910850b4-3b21-4a9d-b160-c2157124cf03"
        ],
        "Strict-Transport-Security": [
          "max-age=31536000; includeSubDomains"
        ],
        "Cache-Control": [
          "no-cache"
        ],
        "Date": [
          "Fri, 25 Mar 2016 04:08:29 GMT"
        ]
      },
      "StatusCode": 200
    },
    {
      "RequestUri": "/subscriptions/38b598fc-e57a-423f-b2e7-dc0ddb631f1f/resourcegroups/onesdk3157/deployments/onesdk3069?api-version=2016-02-01",
      "EncodedRequestUri": "L3N1YnNjcmlwdGlvbnMvMzhiNTk4ZmMtZTU3YS00MjNmLWIyZTctZGMwZGRiNjMxZjFmL3Jlc291cmNlZ3JvdXBzL29uZXNkazMxNTcvZGVwbG95bWVudHMvb25lc2RrMzA2OT9hcGktdmVyc2lvbj0yMDE2LTAyLTAx",
      "RequestMethod": "PUT",
      "RequestBody": "{\r\n  \"properties\": {\r\n    \"template\": {\r\n      \"$schema\": \"http://schema.management.azure.com/schemas/2014-04-01-preview/deploymentTemplate.json#\",\r\n      \"contentVersion\": \"1.0.0.0\",\r\n      \"parameters\": {\r\n        \"hostingPlanName\": {\r\n          \"type\": \"string\"\r\n        },\r\n        \"siteLocation\": {\r\n          \"type\": \"string\"\r\n        },\r\n        \"sku\": {\r\n          \"type\": \"string\",\r\n          \"allowedValues\": [\r\n            \"Free\",\r\n            \"Shared\",\r\n            \"Basic\",\r\n            \"Standard\"\r\n          ],\r\n          \"defaultValue\": \"Free\"\r\n        },\r\n        \"workerSize\": {\r\n          \"type\": \"int\",\r\n          \"allowedValues\": [\r\n            0,\r\n            1,\r\n            2\r\n          ],\r\n          \"defaultValue\": 0\r\n        }\r\n      },\r\n      \"resources\": [\r\n        {\r\n          \"apiVersion\": \"2014-04-01\",\r\n          \"name\": \"[parameters('hostingPlanName')]\",\r\n          \"type\": \"Microsoft.Web/serverfarms\",\r\n          \"location\": \"[parameters('siteLocation')]\",\r\n          \"properties\": {\r\n            \"name\": \"[parameters('hostingPlanName')]\",\r\n            \"sku\": \"[parameters('sku')]\",\r\n            \"workerSize\": \"[parameters('workerSize')]\",\r\n            \"numberOfWorkers\": 1\r\n          }\r\n        }\r\n      ]\r\n    },\r\n    \"parameters\": {\r\n      \"hostingPlanName\": {\r\n        \"value\": \"xDeploymentTestHost26668\"\r\n      },\r\n      \"sku\": {\r\n        \"value\": \"Basic\"\r\n      },\r\n      \"workerSize\": {\r\n        \"value\": 0\r\n      },\r\n      \"siteLocation\": {\r\n        \"value\": \"East US\"\r\n      }\r\n    },\r\n    \"mode\": \"Incremental\"\r\n  }\r\n}",
      "RequestHeaders": {
        "Content-Type": [
          "application/json; charset=utf-8"
        ],
        "Content-Length": [
          "1563"
        ],
        "User-Agent": [
          "Microsoft.Azure.Management.Resources.ResourceManagementClient/2.0.0.0"
        ]
      },
      "ResponseBody": "{\r\n  \"id\": \"/subscriptions/38b598fc-e57a-423f-b2e7-dc0ddb631f1f/resourceGroups/onesdk3157/providers/Microsoft.Resources/deployments/onesdk3069\",\r\n  \"name\": \"onesdk3069\",\r\n  \"properties\": {\r\n    \"parameters\": {\r\n      \"hostingPlanName\": {\r\n        \"type\": \"String\",\r\n        \"value\": \"xDeploymentTestHost26668\"\r\n      },\r\n      \"siteLocation\": {\r\n        \"type\": \"String\",\r\n        \"value\": \"East US\"\r\n      },\r\n      \"sku\": {\r\n        \"type\": \"String\",\r\n        \"value\": \"Basic\"\r\n      },\r\n      \"workerSize\": {\r\n        \"type\": \"Int\",\r\n        \"value\": 0\r\n      }\r\n    },\r\n    \"mode\": \"Incremental\",\r\n    \"provisioningState\": \"Accepted\",\r\n    \"timestamp\": \"2016-03-25T04:08:31.5669804Z\",\r\n    \"duration\": \"PT0.9883175S\",\r\n    \"correlationId\": \"507100e0-1939-4832-bb59-2a3728d3ab83\",\r\n    \"providers\": [\r\n      {\r\n        \"namespace\": \"Microsoft.Web\",\r\n        \"resourceTypes\": [\r\n          {\r\n            \"resourceType\": \"serverfarms\",\r\n            \"locations\": [\r\n              \"eastus\"\r\n            ]\r\n          }\r\n        ]\r\n      }\r\n    ],\r\n    \"dependencies\": []\r\n  }\r\n}",
      "ResponseHeaders": {
        "Content-Length": [
          "699"
        ],
        "Content-Type": [
          "application/json; charset=utf-8"
        ],
        "Expires": [
          "-1"
        ],
        "Pragma": [
          "no-cache"
        ],
        "Azure-AsyncOperation": [
          "https://management.azure.com/subscriptions/38b598fc-e57a-423f-b2e7-dc0ddb631f1f/resourcegroups/onesdk3157/providers/Microsoft.Resources/deployments/onesdk3069/operationStatuses/08587427279748989594?api-version=2016-02-01"
        ],
        "x-ms-ratelimit-remaining-subscription-writes": [
          "1197"
        ],
        "x-ms-request-id": [
          "507100e0-1939-4832-bb59-2a3728d3ab83"
        ],
        "x-ms-correlation-request-id": [
          "507100e0-1939-4832-bb59-2a3728d3ab83"
        ],
        "x-ms-routing-request-id": [
          "NORTHCENTRALUS:20160325T040831Z:507100e0-1939-4832-bb59-2a3728d3ab83"
        ],
        "Strict-Transport-Security": [
          "max-age=31536000; includeSubDomains"
        ],
        "Cache-Control": [
          "no-cache"
        ],
        "Date": [
          "Fri, 25 Mar 2016 04:08:31 GMT"
        ]
      },
      "StatusCode": 201
    },
    {
      "RequestUri": "/subscriptions/38b598fc-e57a-423f-b2e7-dc0ddb631f1f/resourcegroups/onesdk3157/deployments/onesdk3069/operations?api-version=2016-02-01",
      "EncodedRequestUri": "L3N1YnNjcmlwdGlvbnMvMzhiNTk4ZmMtZTU3YS00MjNmLWIyZTctZGMwZGRiNjMxZjFmL3Jlc291cmNlZ3JvdXBzL29uZXNkazMxNTcvZGVwbG95bWVudHMvb25lc2RrMzA2OS9vcGVyYXRpb25zP2FwaS12ZXJzaW9uPTIwMTYtMDItMDE=",
      "RequestMethod": "GET",
      "RequestBody": "",
      "RequestHeaders": {
        "User-Agent": [
          "Microsoft.Azure.Management.Resources.ResourceManagementClient/2.0.0.0"
        ]
      },
      "ResponseBody": "{\r\n  \"value\": []\r\n}",
      "ResponseHeaders": {
        "Content-Length": [
          "12"
        ],
        "Content-Type": [
          "application/json; charset=utf-8"
        ],
        "Expires": [
          "-1"
        ],
        "Pragma": [
          "no-cache"
        ],
        "x-ms-ratelimit-remaining-subscription-reads": [
          "14997"
        ],
        "x-ms-request-id": [
          "35d86fea-a3b2-422a-802e-b55dc309a192"
        ],
        "x-ms-correlation-request-id": [
          "35d86fea-a3b2-422a-802e-b55dc309a192"
        ],
        "x-ms-routing-request-id": [
          "NORTHCENTRALUS:20160325T040832Z:35d86fea-a3b2-422a-802e-b55dc309a192"
        ],
        "Strict-Transport-Security": [
          "max-age=31536000; includeSubDomains"
        ],
        "Cache-Control": [
          "no-cache"
        ],
        "Date": [
          "Fri, 25 Mar 2016 04:08:31 GMT"
        ]
      },
      "StatusCode": 200
    },
    {
      "RequestUri": "/subscriptions/38b598fc-e57a-423f-b2e7-dc0ddb631f1f/resourcegroups/onesdk3157/deployments/onesdk3069/operations?api-version=2016-02-01",
      "EncodedRequestUri": "L3N1YnNjcmlwdGlvbnMvMzhiNTk4ZmMtZTU3YS00MjNmLWIyZTctZGMwZGRiNjMxZjFmL3Jlc291cmNlZ3JvdXBzL29uZXNkazMxNTcvZGVwbG95bWVudHMvb25lc2RrMzA2OS9vcGVyYXRpb25zP2FwaS12ZXJzaW9uPTIwMTYtMDItMDE=",
      "RequestMethod": "GET",
      "RequestBody": "",
      "RequestHeaders": {
        "User-Agent": [
          "Microsoft.Azure.Management.Resources.ResourceManagementClient/2.0.0.0"
        ]
      },
      "ResponseBody": "{\r\n  \"value\": []\r\n}",
      "ResponseHeaders": {
        "Content-Length": [
          "12"
        ],
        "Content-Type": [
          "application/json; charset=utf-8"
        ],
        "Expires": [
          "-1"
        ],
        "Pragma": [
          "no-cache"
        ],
        "x-ms-ratelimit-remaining-subscription-reads": [
          "14995"
        ],
        "x-ms-request-id": [
          "94933a51-a2b3-4286-83ed-6a71f27aa347"
        ],
        "x-ms-correlation-request-id": [
          "94933a51-a2b3-4286-83ed-6a71f27aa347"
        ],
        "x-ms-routing-request-id": [
          "NORTHCENTRALUS:20160325T040842Z:94933a51-a2b3-4286-83ed-6a71f27aa347"
        ],
        "Strict-Transport-Security": [
          "max-age=31536000; includeSubDomains"
        ],
        "Cache-Control": [
          "no-cache"
        ],
        "Date": [
          "Fri, 25 Mar 2016 04:08:41 GMT"
        ]
      },
      "StatusCode": 200
    },
    {
      "RequestUri": "/subscriptions/38b598fc-e57a-423f-b2e7-dc0ddb631f1f/resourcegroups/onesdk3157/deployments/onesdk3069/operations?api-version=2016-02-01",
      "EncodedRequestUri": "L3N1YnNjcmlwdGlvbnMvMzhiNTk4ZmMtZTU3YS00MjNmLWIyZTctZGMwZGRiNjMxZjFmL3Jlc291cmNlZ3JvdXBzL29uZXNkazMxNTcvZGVwbG95bWVudHMvb25lc2RrMzA2OS9vcGVyYXRpb25zP2FwaS12ZXJzaW9uPTIwMTYtMDItMDE=",
      "RequestMethod": "GET",
      "RequestBody": "",
      "RequestHeaders": {
        "User-Agent": [
          "Microsoft.Azure.Management.Resources.ResourceManagementClient/2.0.0.0"
        ]
      },
      "ResponseBody": "{\r\n  \"value\": []\r\n}",
      "ResponseHeaders": {
        "Content-Length": [
          "12"
        ],
        "Content-Type": [
          "application/json; charset=utf-8"
        ],
        "Expires": [
          "-1"
        ],
        "Pragma": [
          "no-cache"
        ],
        "x-ms-ratelimit-remaining-subscription-reads": [
          "14993"
        ],
        "x-ms-request-id": [
          "017aa66d-3768-4944-8a84-d5728ce934e3"
        ],
        "x-ms-correlation-request-id": [
          "017aa66d-3768-4944-8a84-d5728ce934e3"
        ],
        "x-ms-routing-request-id": [
          "NORTHCENTRALUS:20160325T040852Z:017aa66d-3768-4944-8a84-d5728ce934e3"
        ],
        "Strict-Transport-Security": [
          "max-age=31536000; includeSubDomains"
        ],
        "Cache-Control": [
          "no-cache"
        ],
        "Date": [
          "Fri, 25 Mar 2016 04:08:52 GMT"
        ]
      },
      "StatusCode": 200
    },
    {
      "RequestUri": "/subscriptions/38b598fc-e57a-423f-b2e7-dc0ddb631f1f/resourcegroups/onesdk3157/deployments/onesdk3069/operations?api-version=2016-02-01",
      "EncodedRequestUri": "L3N1YnNjcmlwdGlvbnMvMzhiNTk4ZmMtZTU3YS00MjNmLWIyZTctZGMwZGRiNjMxZjFmL3Jlc291cmNlZ3JvdXBzL29uZXNkazMxNTcvZGVwbG95bWVudHMvb25lc2RrMzA2OS9vcGVyYXRpb25zP2FwaS12ZXJzaW9uPTIwMTYtMDItMDE=",
      "RequestMethod": "GET",
      "RequestBody": "",
      "RequestHeaders": {
        "User-Agent": [
          "Microsoft.Azure.Management.Resources.ResourceManagementClient/2.0.0.0"
        ]
      },
      "ResponseBody": "{\r\n  \"value\": []\r\n}",
      "ResponseHeaders": {
        "Content-Length": [
          "12"
        ],
        "Content-Type": [
          "application/json; charset=utf-8"
        ],
        "Expires": [
          "-1"
        ],
        "Pragma": [
          "no-cache"
        ],
        "x-ms-ratelimit-remaining-subscription-reads": [
          "14991"
        ],
        "x-ms-request-id": [
          "ab82041e-426b-43bb-bcac-575104491e59"
        ],
        "x-ms-correlation-request-id": [
          "ab82041e-426b-43bb-bcac-575104491e59"
        ],
        "x-ms-routing-request-id": [
          "NORTHCENTRALUS:20160325T040903Z:ab82041e-426b-43bb-bcac-575104491e59"
        ],
        "Strict-Transport-Security": [
          "max-age=31536000; includeSubDomains"
        ],
        "Cache-Control": [
          "no-cache"
        ],
        "Date": [
          "Fri, 25 Mar 2016 04:09:03 GMT"
        ]
      },
      "StatusCode": 200
    },
    {
      "RequestUri": "/subscriptions/38b598fc-e57a-423f-b2e7-dc0ddb631f1f/resourcegroups/onesdk3157/deployments/onesdk3069/operations?api-version=2016-02-01",
      "EncodedRequestUri": "L3N1YnNjcmlwdGlvbnMvMzhiNTk4ZmMtZTU3YS00MjNmLWIyZTctZGMwZGRiNjMxZjFmL3Jlc291cmNlZ3JvdXBzL29uZXNkazMxNTcvZGVwbG95bWVudHMvb25lc2RrMzA2OS9vcGVyYXRpb25zP2FwaS12ZXJzaW9uPTIwMTYtMDItMDE=",
      "RequestMethod": "GET",
      "RequestBody": "",
      "RequestHeaders": {
        "User-Agent": [
          "Microsoft.Azure.Management.Resources.ResourceManagementClient/2.0.0.0"
        ]
      },
      "ResponseBody": "{\r\n  \"value\": []\r\n}",
      "ResponseHeaders": {
        "Content-Length": [
          "12"
        ],
        "Content-Type": [
          "application/json; charset=utf-8"
        ],
        "Expires": [
          "-1"
        ],
        "Pragma": [
          "no-cache"
        ],
        "x-ms-ratelimit-remaining-subscription-reads": [
          "14989"
        ],
        "x-ms-request-id": [
          "d46a9e81-8626-4f77-9f08-3f4382290bdd"
        ],
        "x-ms-correlation-request-id": [
          "d46a9e81-8626-4f77-9f08-3f4382290bdd"
        ],
        "x-ms-routing-request-id": [
          "NORTHCENTRALUS:20160325T040913Z:d46a9e81-8626-4f77-9f08-3f4382290bdd"
        ],
        "Strict-Transport-Security": [
          "max-age=31536000; includeSubDomains"
        ],
        "Cache-Control": [
          "no-cache"
        ],
        "Date": [
          "Fri, 25 Mar 2016 04:09:13 GMT"
        ]
      },
      "StatusCode": 200
    },
    {
      "RequestUri": "/subscriptions/38b598fc-e57a-423f-b2e7-dc0ddb631f1f/resourcegroups/onesdk3157/deployments/onesdk3069/operations?api-version=2016-02-01",
      "EncodedRequestUri": "L3N1YnNjcmlwdGlvbnMvMzhiNTk4ZmMtZTU3YS00MjNmLWIyZTctZGMwZGRiNjMxZjFmL3Jlc291cmNlZ3JvdXBzL29uZXNkazMxNTcvZGVwbG95bWVudHMvb25lc2RrMzA2OS9vcGVyYXRpb25zP2FwaS12ZXJzaW9uPTIwMTYtMDItMDE=",
      "RequestMethod": "GET",
      "RequestBody": "",
      "RequestHeaders": {
        "User-Agent": [
          "Microsoft.Azure.Management.Resources.ResourceManagementClient/2.0.0.0"
        ]
      },
      "ResponseBody": "{\r\n  \"value\": []\r\n}",
      "ResponseHeaders": {
        "Content-Length": [
          "12"
        ],
        "Content-Type": [
          "application/json; charset=utf-8"
        ],
        "Expires": [
          "-1"
        ],
        "Pragma": [
          "no-cache"
        ],
        "x-ms-ratelimit-remaining-subscription-reads": [
          "14987"
        ],
        "x-ms-request-id": [
          "7691280e-2a34-46dd-9b51-b2fe84df8059"
        ],
        "x-ms-correlation-request-id": [
          "7691280e-2a34-46dd-9b51-b2fe84df8059"
        ],
        "x-ms-routing-request-id": [
          "NORTHCENTRALUS:20160325T040924Z:7691280e-2a34-46dd-9b51-b2fe84df8059"
        ],
        "Strict-Transport-Security": [
          "max-age=31536000; includeSubDomains"
        ],
        "Cache-Control": [
          "no-cache"
        ],
        "Date": [
          "Fri, 25 Mar 2016 04:09:23 GMT"
        ]
      },
      "StatusCode": 200
    },
    {
      "RequestUri": "/subscriptions/38b598fc-e57a-423f-b2e7-dc0ddb631f1f/resourcegroups/onesdk3157/deployments/onesdk3069/operations?api-version=2016-02-01",
      "EncodedRequestUri": "L3N1YnNjcmlwdGlvbnMvMzhiNTk4ZmMtZTU3YS00MjNmLWIyZTctZGMwZGRiNjMxZjFmL3Jlc291cmNlZ3JvdXBzL29uZXNkazMxNTcvZGVwbG95bWVudHMvb25lc2RrMzA2OS9vcGVyYXRpb25zP2FwaS12ZXJzaW9uPTIwMTYtMDItMDE=",
      "RequestMethod": "GET",
      "RequestBody": "",
      "RequestHeaders": {
        "User-Agent": [
          "Microsoft.Azure.Management.Resources.ResourceManagementClient/2.0.0.0"
        ]
      },
      "ResponseBody": "{\r\n  \"value\": []\r\n}",
      "ResponseHeaders": {
        "Content-Length": [
          "12"
        ],
        "Content-Type": [
          "application/json; charset=utf-8"
        ],
        "Expires": [
          "-1"
        ],
        "Pragma": [
          "no-cache"
        ],
        "x-ms-ratelimit-remaining-subscription-reads": [
          "14985"
        ],
        "x-ms-request-id": [
          "11412a8b-e1aa-412c-9a7a-05cb92e8602f"
        ],
        "x-ms-correlation-request-id": [
          "11412a8b-e1aa-412c-9a7a-05cb92e8602f"
        ],
        "x-ms-routing-request-id": [
          "NORTHCENTRALUS:20160325T040934Z:11412a8b-e1aa-412c-9a7a-05cb92e8602f"
        ],
        "Strict-Transport-Security": [
          "max-age=31536000; includeSubDomains"
        ],
        "Cache-Control": [
          "no-cache"
        ],
        "Date": [
          "Fri, 25 Mar 2016 04:09:34 GMT"
        ]
      },
      "StatusCode": 200
    },
    {
      "RequestUri": "/subscriptions/38b598fc-e57a-423f-b2e7-dc0ddb631f1f/resourcegroups/onesdk3157/deployments/onesdk3069/operations?api-version=2016-02-01",
      "EncodedRequestUri": "L3N1YnNjcmlwdGlvbnMvMzhiNTk4ZmMtZTU3YS00MjNmLWIyZTctZGMwZGRiNjMxZjFmL3Jlc291cmNlZ3JvdXBzL29uZXNkazMxNTcvZGVwbG95bWVudHMvb25lc2RrMzA2OS9vcGVyYXRpb25zP2FwaS12ZXJzaW9uPTIwMTYtMDItMDE=",
      "RequestMethod": "GET",
      "RequestBody": "",
      "RequestHeaders": {
        "User-Agent": [
          "Microsoft.Azure.Management.Resources.ResourceManagementClient/2.0.0.0"
        ]
      },
      "ResponseBody": "{\r\n  \"value\": []\r\n}",
      "ResponseHeaders": {
        "Content-Length": [
          "12"
        ],
        "Content-Type": [
          "application/json; charset=utf-8"
        ],
        "Expires": [
          "-1"
        ],
        "Pragma": [
          "no-cache"
        ],
        "x-ms-ratelimit-remaining-subscription-reads": [
          "14983"
        ],
        "x-ms-request-id": [
          "6602e2c8-4ea3-44e6-ac38-b6f58ecaa9c2"
        ],
        "x-ms-correlation-request-id": [
          "6602e2c8-4ea3-44e6-ac38-b6f58ecaa9c2"
        ],
        "x-ms-routing-request-id": [
          "NORTHCENTRALUS:20160325T040944Z:6602e2c8-4ea3-44e6-ac38-b6f58ecaa9c2"
        ],
        "Strict-Transport-Security": [
          "max-age=31536000; includeSubDomains"
        ],
        "Cache-Control": [
          "no-cache"
        ],
        "Date": [
          "Fri, 25 Mar 2016 04:09:44 GMT"
        ]
      },
      "StatusCode": 200
    },
    {
      "RequestUri": "/subscriptions/38b598fc-e57a-423f-b2e7-dc0ddb631f1f/resourcegroups/onesdk3157/deployments/onesdk3069/operations?api-version=2016-02-01",
      "EncodedRequestUri": "L3N1YnNjcmlwdGlvbnMvMzhiNTk4ZmMtZTU3YS00MjNmLWIyZTctZGMwZGRiNjMxZjFmL3Jlc291cmNlZ3JvdXBzL29uZXNkazMxNTcvZGVwbG95bWVudHMvb25lc2RrMzA2OS9vcGVyYXRpb25zP2FwaS12ZXJzaW9uPTIwMTYtMDItMDE=",
      "RequestMethod": "GET",
      "RequestBody": "",
      "RequestHeaders": {
        "User-Agent": [
          "Microsoft.Azure.Management.Resources.ResourceManagementClient/2.0.0.0"
        ]
      },
      "ResponseBody": "{\r\n  \"value\": []\r\n}",
      "ResponseHeaders": {
        "Content-Length": [
          "12"
        ],
        "Content-Type": [
          "application/json; charset=utf-8"
        ],
        "Expires": [
          "-1"
        ],
        "Pragma": [
          "no-cache"
        ],
        "x-ms-ratelimit-remaining-subscription-reads": [
          "14981"
        ],
        "x-ms-request-id": [
          "795ab0f1-7810-432d-8dbd-22f70ee5da8d"
        ],
        "x-ms-correlation-request-id": [
          "795ab0f1-7810-432d-8dbd-22f70ee5da8d"
        ],
        "x-ms-routing-request-id": [
          "NORTHCENTRALUS:20160325T040955Z:795ab0f1-7810-432d-8dbd-22f70ee5da8d"
        ],
        "Strict-Transport-Security": [
          "max-age=31536000; includeSubDomains"
        ],
        "Cache-Control": [
          "no-cache"
        ],
        "Date": [
          "Fri, 25 Mar 2016 04:09:54 GMT"
        ]
      },
      "StatusCode": 200
    },
    {
      "RequestUri": "/subscriptions/38b598fc-e57a-423f-b2e7-dc0ddb631f1f/resourcegroups/onesdk3157/deployments/onesdk3069/operations?api-version=2016-02-01",
      "EncodedRequestUri": "L3N1YnNjcmlwdGlvbnMvMzhiNTk4ZmMtZTU3YS00MjNmLWIyZTctZGMwZGRiNjMxZjFmL3Jlc291cmNlZ3JvdXBzL29uZXNkazMxNTcvZGVwbG95bWVudHMvb25lc2RrMzA2OS9vcGVyYXRpb25zP2FwaS12ZXJzaW9uPTIwMTYtMDItMDE=",
      "RequestMethod": "GET",
      "RequestBody": "",
      "RequestHeaders": {
        "User-Agent": [
          "Microsoft.Azure.Management.Resources.ResourceManagementClient/2.0.0.0"
        ]
      },
      "ResponseBody": "{\r\n  \"value\": []\r\n}",
      "ResponseHeaders": {
        "Content-Length": [
          "12"
        ],
        "Content-Type": [
          "application/json; charset=utf-8"
        ],
        "Expires": [
          "-1"
        ],
        "Pragma": [
          "no-cache"
        ],
        "x-ms-ratelimit-remaining-subscription-reads": [
          "14979"
        ],
        "x-ms-request-id": [
          "cd228055-c0b7-452f-88f7-a958e4032679"
        ],
        "x-ms-correlation-request-id": [
          "cd228055-c0b7-452f-88f7-a958e4032679"
        ],
        "x-ms-routing-request-id": [
          "NORTHCENTRALUS:20160325T041005Z:cd228055-c0b7-452f-88f7-a958e4032679"
        ],
        "Strict-Transport-Security": [
          "max-age=31536000; includeSubDomains"
        ],
        "Cache-Control": [
          "no-cache"
        ],
        "Date": [
          "Fri, 25 Mar 2016 04:10:05 GMT"
        ]
      },
      "StatusCode": 200
    },
    {
      "RequestUri": "/subscriptions/38b598fc-e57a-423f-b2e7-dc0ddb631f1f/resourcegroups/onesdk3157/deployments/onesdk3069/operations?api-version=2016-02-01",
      "EncodedRequestUri": "L3N1YnNjcmlwdGlvbnMvMzhiNTk4ZmMtZTU3YS00MjNmLWIyZTctZGMwZGRiNjMxZjFmL3Jlc291cmNlZ3JvdXBzL29uZXNkazMxNTcvZGVwbG95bWVudHMvb25lc2RrMzA2OS9vcGVyYXRpb25zP2FwaS12ZXJzaW9uPTIwMTYtMDItMDE=",
      "RequestMethod": "GET",
      "RequestBody": "",
      "RequestHeaders": {
        "User-Agent": [
          "Microsoft.Azure.Management.Resources.ResourceManagementClient/2.0.0.0"
        ]
      },
      "ResponseBody": "{\r\n  \"value\": []\r\n}",
      "ResponseHeaders": {
        "Content-Length": [
          "12"
        ],
        "Content-Type": [
          "application/json; charset=utf-8"
        ],
        "Expires": [
          "-1"
        ],
        "Pragma": [
          "no-cache"
        ],
        "x-ms-ratelimit-remaining-subscription-reads": [
          "14977"
        ],
        "x-ms-request-id": [
          "d7e074e9-be74-4d27-8718-f149d6926b51"
        ],
        "x-ms-correlation-request-id": [
          "d7e074e9-be74-4d27-8718-f149d6926b51"
        ],
        "x-ms-routing-request-id": [
          "NORTHCENTRALUS:20160325T041016Z:d7e074e9-be74-4d27-8718-f149d6926b51"
        ],
        "Strict-Transport-Security": [
          "max-age=31536000; includeSubDomains"
        ],
        "Cache-Control": [
          "no-cache"
        ],
        "Date": [
          "Fri, 25 Mar 2016 04:10:15 GMT"
        ]
      },
      "StatusCode": 200
    },
    {
      "RequestUri": "/subscriptions/38b598fc-e57a-423f-b2e7-dc0ddb631f1f/resourcegroups/onesdk3157/deployments/onesdk3069/operations?api-version=2016-02-01",
      "EncodedRequestUri": "L3N1YnNjcmlwdGlvbnMvMzhiNTk4ZmMtZTU3YS00MjNmLWIyZTctZGMwZGRiNjMxZjFmL3Jlc291cmNlZ3JvdXBzL29uZXNkazMxNTcvZGVwbG95bWVudHMvb25lc2RrMzA2OS9vcGVyYXRpb25zP2FwaS12ZXJzaW9uPTIwMTYtMDItMDE=",
      "RequestMethod": "GET",
      "RequestBody": "",
      "RequestHeaders": {
        "User-Agent": [
          "Microsoft.Azure.Management.Resources.ResourceManagementClient/2.0.0.0"
        ]
      },
      "ResponseBody": "{\r\n  \"value\": []\r\n}",
      "ResponseHeaders": {
        "Content-Length": [
          "12"
        ],
        "Content-Type": [
          "application/json; charset=utf-8"
        ],
        "Expires": [
          "-1"
        ],
        "Pragma": [
          "no-cache"
        ],
        "x-ms-ratelimit-remaining-subscription-reads": [
          "14975"
        ],
        "x-ms-request-id": [
          "4ff8b44c-6daa-4da1-b04c-0fcf910ae757"
        ],
        "x-ms-correlation-request-id": [
          "4ff8b44c-6daa-4da1-b04c-0fcf910ae757"
        ],
        "x-ms-routing-request-id": [
          "NORTHCENTRALUS:20160325T041026Z:4ff8b44c-6daa-4da1-b04c-0fcf910ae757"
        ],
        "Strict-Transport-Security": [
          "max-age=31536000; includeSubDomains"
        ],
        "Cache-Control": [
          "no-cache"
        ],
        "Date": [
          "Fri, 25 Mar 2016 04:10:25 GMT"
        ]
      },
      "StatusCode": 200
    },
    {
      "RequestUri": "/subscriptions/38b598fc-e57a-423f-b2e7-dc0ddb631f1f/resourcegroups/onesdk3157/deployments/onesdk3069/operations?api-version=2016-02-01",
      "EncodedRequestUri": "L3N1YnNjcmlwdGlvbnMvMzhiNTk4ZmMtZTU3YS00MjNmLWIyZTctZGMwZGRiNjMxZjFmL3Jlc291cmNlZ3JvdXBzL29uZXNkazMxNTcvZGVwbG95bWVudHMvb25lc2RrMzA2OS9vcGVyYXRpb25zP2FwaS12ZXJzaW9uPTIwMTYtMDItMDE=",
      "RequestMethod": "GET",
      "RequestBody": "",
      "RequestHeaders": {
        "User-Agent": [
          "Microsoft.Azure.Management.Resources.ResourceManagementClient/2.0.0.0"
        ]
      },
      "ResponseBody": "{\r\n  \"value\": []\r\n}",
      "ResponseHeaders": {
        "Content-Length": [
          "12"
        ],
        "Content-Type": [
          "application/json; charset=utf-8"
        ],
        "Expires": [
          "-1"
        ],
        "Pragma": [
          "no-cache"
        ],
        "x-ms-ratelimit-remaining-subscription-reads": [
          "14973"
        ],
        "x-ms-request-id": [
          "28c4c07b-6840-4444-80db-a796b6eaee3d"
        ],
        "x-ms-correlation-request-id": [
          "28c4c07b-6840-4444-80db-a796b6eaee3d"
        ],
        "x-ms-routing-request-id": [
          "NORTHCENTRALUS:20160325T041037Z:28c4c07b-6840-4444-80db-a796b6eaee3d"
        ],
        "Strict-Transport-Security": [
          "max-age=31536000; includeSubDomains"
        ],
        "Cache-Control": [
          "no-cache"
        ],
        "Date": [
          "Fri, 25 Mar 2016 04:10:37 GMT"
        ]
      },
      "StatusCode": 200
    },
    {
      "RequestUri": "/subscriptions/38b598fc-e57a-423f-b2e7-dc0ddb631f1f/resourcegroups/onesdk3157/deployments/onesdk3069/operations?api-version=2016-02-01",
      "EncodedRequestUri": "L3N1YnNjcmlwdGlvbnMvMzhiNTk4ZmMtZTU3YS00MjNmLWIyZTctZGMwZGRiNjMxZjFmL3Jlc291cmNlZ3JvdXBzL29uZXNkazMxNTcvZGVwbG95bWVudHMvb25lc2RrMzA2OS9vcGVyYXRpb25zP2FwaS12ZXJzaW9uPTIwMTYtMDItMDE=",
      "RequestMethod": "GET",
      "RequestBody": "",
      "RequestHeaders": {
        "User-Agent": [
          "Microsoft.Azure.Management.Resources.ResourceManagementClient/2.0.0.0"
        ]
      },
      "ResponseBody": "{\r\n  \"value\": []\r\n}",
      "ResponseHeaders": {
        "Content-Length": [
          "12"
        ],
        "Content-Type": [
          "application/json; charset=utf-8"
        ],
        "Expires": [
          "-1"
        ],
        "Pragma": [
          "no-cache"
        ],
        "x-ms-ratelimit-remaining-subscription-reads": [
          "14971"
        ],
        "x-ms-request-id": [
          "a0faf1b7-50b1-4e3e-89f0-565cb3b0d97b"
        ],
        "x-ms-correlation-request-id": [
          "a0faf1b7-50b1-4e3e-89f0-565cb3b0d97b"
        ],
        "x-ms-routing-request-id": [
          "NORTHCENTRALUS:20160325T041047Z:a0faf1b7-50b1-4e3e-89f0-565cb3b0d97b"
        ],
        "Strict-Transport-Security": [
          "max-age=31536000; includeSubDomains"
        ],
        "Cache-Control": [
          "no-cache"
        ],
        "Date": [
          "Fri, 25 Mar 2016 04:10:47 GMT"
        ]
      },
      "StatusCode": 200
    },
    {
      "RequestUri": "/subscriptions/38b598fc-e57a-423f-b2e7-dc0ddb631f1f/resourcegroups/onesdk3157/deployments/onesdk3069/operations?api-version=2016-02-01",
      "EncodedRequestUri": "L3N1YnNjcmlwdGlvbnMvMzhiNTk4ZmMtZTU3YS00MjNmLWIyZTctZGMwZGRiNjMxZjFmL3Jlc291cmNlZ3JvdXBzL29uZXNkazMxNTcvZGVwbG95bWVudHMvb25lc2RrMzA2OS9vcGVyYXRpb25zP2FwaS12ZXJzaW9uPTIwMTYtMDItMDE=",
      "RequestMethod": "GET",
      "RequestBody": "",
      "RequestHeaders": {
        "User-Agent": [
          "Microsoft.Azure.Management.Resources.ResourceManagementClient/2.0.0.0"
        ]
      },
      "ResponseBody": "{\r\n  \"value\": []\r\n}",
      "ResponseHeaders": {
        "Content-Length": [
          "12"
        ],
        "Content-Type": [
          "application/json; charset=utf-8"
        ],
        "Expires": [
          "-1"
        ],
        "Pragma": [
          "no-cache"
        ],
        "x-ms-ratelimit-remaining-subscription-reads": [
          "14969"
        ],
        "x-ms-request-id": [
          "c5f3d4bc-66e0-4870-97f0-6a5a78846159"
        ],
        "x-ms-correlation-request-id": [
          "c5f3d4bc-66e0-4870-97f0-6a5a78846159"
        ],
        "x-ms-routing-request-id": [
          "NORTHCENTRALUS:20160325T041057Z:c5f3d4bc-66e0-4870-97f0-6a5a78846159"
        ],
        "Strict-Transport-Security": [
          "max-age=31536000; includeSubDomains"
        ],
        "Cache-Control": [
          "no-cache"
        ],
        "Date": [
          "Fri, 25 Mar 2016 04:10:57 GMT"
        ]
      },
      "StatusCode": 200
    },
    {
      "RequestUri": "/subscriptions/38b598fc-e57a-423f-b2e7-dc0ddb631f1f/resourcegroups/onesdk3157/deployments/onesdk3069/operations?api-version=2016-02-01",
      "EncodedRequestUri": "L3N1YnNjcmlwdGlvbnMvMzhiNTk4ZmMtZTU3YS00MjNmLWIyZTctZGMwZGRiNjMxZjFmL3Jlc291cmNlZ3JvdXBzL29uZXNkazMxNTcvZGVwbG95bWVudHMvb25lc2RrMzA2OS9vcGVyYXRpb25zP2FwaS12ZXJzaW9uPTIwMTYtMDItMDE=",
      "RequestMethod": "GET",
      "RequestBody": "",
      "RequestHeaders": {
        "User-Agent": [
          "Microsoft.Azure.Management.Resources.ResourceManagementClient/2.0.0.0"
        ]
      },
      "ResponseBody": "{\r\n  \"value\": []\r\n}",
      "ResponseHeaders": {
        "Content-Length": [
          "12"
        ],
        "Content-Type": [
          "application/json; charset=utf-8"
        ],
        "Expires": [
          "-1"
        ],
        "Pragma": [
          "no-cache"
        ],
        "x-ms-ratelimit-remaining-subscription-reads": [
          "14967"
        ],
        "x-ms-request-id": [
          "8e044f89-a1fc-48bf-afaa-f49ef6209e23"
        ],
        "x-ms-correlation-request-id": [
          "8e044f89-a1fc-48bf-afaa-f49ef6209e23"
        ],
        "x-ms-routing-request-id": [
          "NORTHCENTRALUS:20160325T041108Z:8e044f89-a1fc-48bf-afaa-f49ef6209e23"
        ],
        "Strict-Transport-Security": [
          "max-age=31536000; includeSubDomains"
        ],
        "Cache-Control": [
          "no-cache"
        ],
        "Date": [
          "Fri, 25 Mar 2016 04:11:08 GMT"
        ]
      },
      "StatusCode": 200
    },
    {
      "RequestUri": "/subscriptions/38b598fc-e57a-423f-b2e7-dc0ddb631f1f/resourcegroups/onesdk3157/deployments/onesdk3069/operations?api-version=2016-02-01",
      "EncodedRequestUri": "L3N1YnNjcmlwdGlvbnMvMzhiNTk4ZmMtZTU3YS00MjNmLWIyZTctZGMwZGRiNjMxZjFmL3Jlc291cmNlZ3JvdXBzL29uZXNkazMxNTcvZGVwbG95bWVudHMvb25lc2RrMzA2OS9vcGVyYXRpb25zP2FwaS12ZXJzaW9uPTIwMTYtMDItMDE=",
      "RequestMethod": "GET",
      "RequestBody": "",
      "RequestHeaders": {
        "User-Agent": [
          "Microsoft.Azure.Management.Resources.ResourceManagementClient/2.0.0.0"
        ]
      },
      "ResponseBody": "{\r\n  \"value\": []\r\n}",
      "ResponseHeaders": {
        "Content-Length": [
          "12"
        ],
        "Content-Type": [
          "application/json; charset=utf-8"
        ],
        "Expires": [
          "-1"
        ],
        "Pragma": [
          "no-cache"
        ],
        "x-ms-ratelimit-remaining-subscription-reads": [
          "14965"
        ],
        "x-ms-request-id": [
          "2438928c-7dd8-47ce-a829-d66e3234c72d"
        ],
        "x-ms-correlation-request-id": [
          "2438928c-7dd8-47ce-a829-d66e3234c72d"
        ],
        "x-ms-routing-request-id": [
          "NORTHCENTRALUS:20160325T041118Z:2438928c-7dd8-47ce-a829-d66e3234c72d"
        ],
        "Strict-Transport-Security": [
          "max-age=31536000; includeSubDomains"
        ],
        "Cache-Control": [
          "no-cache"
        ],
        "Date": [
          "Fri, 25 Mar 2016 04:11:17 GMT"
        ]
      },
      "StatusCode": 200
    },
    {
      "RequestUri": "/subscriptions/38b598fc-e57a-423f-b2e7-dc0ddb631f1f/resourcegroups/onesdk3157/deployments/onesdk3069/operations?api-version=2016-02-01",
      "EncodedRequestUri": "L3N1YnNjcmlwdGlvbnMvMzhiNTk4ZmMtZTU3YS00MjNmLWIyZTctZGMwZGRiNjMxZjFmL3Jlc291cmNlZ3JvdXBzL29uZXNkazMxNTcvZGVwbG95bWVudHMvb25lc2RrMzA2OS9vcGVyYXRpb25zP2FwaS12ZXJzaW9uPTIwMTYtMDItMDE=",
      "RequestMethod": "GET",
      "RequestBody": "",
      "RequestHeaders": {
        "User-Agent": [
          "Microsoft.Azure.Management.Resources.ResourceManagementClient/2.0.0.0"
        ]
      },
      "ResponseBody": "{\r\n  \"value\": []\r\n}",
      "ResponseHeaders": {
        "Content-Length": [
          "12"
        ],
        "Content-Type": [
          "application/json; charset=utf-8"
        ],
        "Expires": [
          "-1"
        ],
        "Pragma": [
          "no-cache"
        ],
        "x-ms-ratelimit-remaining-subscription-reads": [
          "14963"
        ],
        "x-ms-request-id": [
          "4b9d9d55-ba5d-400e-8a21-c72eecdc5e4e"
        ],
        "x-ms-correlation-request-id": [
          "4b9d9d55-ba5d-400e-8a21-c72eecdc5e4e"
        ],
        "x-ms-routing-request-id": [
          "NORTHCENTRALUS:20160325T041129Z:4b9d9d55-ba5d-400e-8a21-c72eecdc5e4e"
        ],
        "Strict-Transport-Security": [
          "max-age=31536000; includeSubDomains"
        ],
        "Cache-Control": [
          "no-cache"
        ],
        "Date": [
          "Fri, 25 Mar 2016 04:11:28 GMT"
        ]
      },
      "StatusCode": 200
    },
    {
      "RequestUri": "/subscriptions/38b598fc-e57a-423f-b2e7-dc0ddb631f1f/resourcegroups/onesdk3157/deployments/onesdk3069/operations?api-version=2016-02-01",
      "EncodedRequestUri": "L3N1YnNjcmlwdGlvbnMvMzhiNTk4ZmMtZTU3YS00MjNmLWIyZTctZGMwZGRiNjMxZjFmL3Jlc291cmNlZ3JvdXBzL29uZXNkazMxNTcvZGVwbG95bWVudHMvb25lc2RrMzA2OS9vcGVyYXRpb25zP2FwaS12ZXJzaW9uPTIwMTYtMDItMDE=",
      "RequestMethod": "GET",
      "RequestBody": "",
      "RequestHeaders": {
        "User-Agent": [
          "Microsoft.Azure.Management.Resources.ResourceManagementClient/2.0.0.0"
        ]
      },
      "ResponseBody": "{\r\n  \"value\": [\r\n    {\r\n      \"id\": \"/subscriptions/38b598fc-e57a-423f-b2e7-dc0ddb631f1f/resourceGroups/onesdk3157/providers/Microsoft.Resources/deployments/onesdk3069/operations/9053AD60FFB6DB17\",\r\n      \"operationId\": \"9053AD60FFB6DB17\",\r\n      \"properties\": {\r\n        \"provisioningOperation\": \"Create\",\r\n        \"provisioningState\": \"Succeeded\",\r\n        \"timestamp\": \"2016-03-25T04:11:35.027415Z\",\r\n        \"duration\": \"PT17.6884096S\",\r\n        \"trackingId\": \"62024012-a8f6-4f8a-b6b5-698c339966e5\",\r\n        \"serviceRequestId\": \"82afcb8a-2c85-4d25-875d-106621ad7125\",\r\n        \"statusCode\": \"OK\",\r\n        \"targetResource\": {\r\n          \"id\": \"/subscriptions/38b598fc-e57a-423f-b2e7-dc0ddb631f1f/resourceGroups/onesdk3157/providers/Microsoft.Web/serverfarms/xDeploymentTestHost26668\",\r\n          \"resourceType\": \"Microsoft.Web/serverfarms\",\r\n          \"resourceName\": \"xDeploymentTestHost26668\"\r\n        }\r\n      }\r\n    },\r\n    {\r\n      \"id\": \"/subscriptions/38b598fc-e57a-423f-b2e7-dc0ddb631f1f/resourceGroups/onesdk3157/providers/Microsoft.Resources/deployments/onesdk3069/operations/08587427279748989594\",\r\n      \"operationId\": \"08587427279748989594\",\r\n      \"properties\": {\r\n        \"provisioningOperation\": \"EvaluateDeploymentOutput\",\r\n        \"provisioningState\": \"Succeeded\",\r\n        \"timestamp\": \"2016-03-25T04:11:35.4824599Z\",\r\n        \"duration\": \"PT0.3184367S\",\r\n        \"trackingId\": \"6ad1a212-d984-4b95-9bef-d185abf8a344\",\r\n        \"statusCode\": \"OK\",\r\n        \"statusMessage\": null\r\n      }\r\n    }\r\n  ]\r\n}",
      "ResponseHeaders": {
        "Content-Length": [
          "1206"
        ],
        "Content-Type": [
          "application/json; charset=utf-8"
        ],
        "Expires": [
          "-1"
        ],
        "Pragma": [
          "no-cache"
        ],
        "x-ms-ratelimit-remaining-subscription-reads": [
          "14961"
        ],
        "x-ms-request-id": [
          "a5567a9f-5478-44f9-85ec-ce291607204f"
        ],
        "x-ms-correlation-request-id": [
          "a5567a9f-5478-44f9-85ec-ce291607204f"
        ],
        "x-ms-routing-request-id": [
          "NORTHCENTRALUS:20160325T041139Z:a5567a9f-5478-44f9-85ec-ce291607204f"
        ],
        "Strict-Transport-Security": [
          "max-age=31536000; includeSubDomains"
        ],
        "Cache-Control": [
          "no-cache"
        ],
        "Date": [
          "Fri, 25 Mar 2016 04:11:38 GMT"
        ]
      },
      "StatusCode": 200
    },
    {
      "RequestUri": "/subscriptions/38b598fc-e57a-423f-b2e7-dc0ddb631f1f/resourcegroups/onesdk3157/deployments/onesdk3069?api-version=2016-02-01",
      "EncodedRequestUri": "L3N1YnNjcmlwdGlvbnMvMzhiNTk4ZmMtZTU3YS00MjNmLWIyZTctZGMwZGRiNjMxZjFmL3Jlc291cmNlZ3JvdXBzL29uZXNkazMxNTcvZGVwbG95bWVudHMvb25lc2RrMzA2OT9hcGktdmVyc2lvbj0yMDE2LTAyLTAx",
      "RequestMethod": "GET",
      "RequestBody": "",
      "RequestHeaders": {
        "User-Agent": [
          "Microsoft.Azure.Management.Resources.ResourceManagementClient/2.0.0.0"
        ]
      },
      "ResponseBody": "{\r\n  \"id\": \"/subscriptions/38b598fc-e57a-423f-b2e7-dc0ddb631f1f/resourceGroups/onesdk3157/providers/Microsoft.Resources/deployments/onesdk3069\",\r\n  \"name\": \"onesdk3069\",\r\n  \"properties\": {\r\n    \"parameters\": {\r\n      \"hostingPlanName\": {\r\n        \"type\": \"String\",\r\n        \"value\": \"xDeploymentTestHost26668\"\r\n      },\r\n      \"siteLocation\": {\r\n        \"type\": \"String\",\r\n        \"value\": \"East US\"\r\n      },\r\n      \"sku\": {\r\n        \"type\": \"String\",\r\n        \"value\": \"Basic\"\r\n      },\r\n      \"workerSize\": {\r\n        \"type\": \"Int\",\r\n        \"value\": 0\r\n      }\r\n    },\r\n    \"mode\": \"Incremental\",\r\n    \"provisioningState\": \"Accepted\",\r\n    \"timestamp\": \"2016-03-25T04:08:31.5669804Z\",\r\n    \"duration\": \"PT0.9883175S\",\r\n    \"correlationId\": \"507100e0-1939-4832-bb59-2a3728d3ab83\",\r\n    \"providers\": [\r\n      {\r\n        \"namespace\": \"Microsoft.Web\",\r\n        \"resourceTypes\": [\r\n          {\r\n            \"resourceType\": \"serverfarms\",\r\n            \"locations\": [\r\n              \"eastus\"\r\n            ]\r\n          }\r\n        ]\r\n      }\r\n    ],\r\n    \"dependencies\": []\r\n  }\r\n}",
      "ResponseHeaders": {
        "Content-Length": [
          "699"
        ],
        "Content-Type": [
          "application/json; charset=utf-8"
        ],
        "Expires": [
          "-1"
        ],
        "Pragma": [
          "no-cache"
        ],
        "x-ms-ratelimit-remaining-subscription-reads": [
          "14996"
        ],
        "x-ms-request-id": [
          "7635c3d6-22e7-4d83-86e7-f556f427195a"
        ],
        "x-ms-correlation-request-id": [
          "7635c3d6-22e7-4d83-86e7-f556f427195a"
        ],
        "x-ms-routing-request-id": [
          "NORTHCENTRALUS:20160325T040832Z:7635c3d6-22e7-4d83-86e7-f556f427195a"
        ],
        "Strict-Transport-Security": [
          "max-age=31536000; includeSubDomains"
        ],
        "Cache-Control": [
          "no-cache"
        ],
        "Date": [
          "Fri, 25 Mar 2016 04:08:32 GMT"
        ]
      },
      "StatusCode": 200
    },
    {
      "RequestUri": "/subscriptions/38b598fc-e57a-423f-b2e7-dc0ddb631f1f/resourcegroups/onesdk3157/deployments/onesdk3069?api-version=2016-02-01",
      "EncodedRequestUri": "L3N1YnNjcmlwdGlvbnMvMzhiNTk4ZmMtZTU3YS00MjNmLWIyZTctZGMwZGRiNjMxZjFmL3Jlc291cmNlZ3JvdXBzL29uZXNkazMxNTcvZGVwbG95bWVudHMvb25lc2RrMzA2OT9hcGktdmVyc2lvbj0yMDE2LTAyLTAx",
      "RequestMethod": "GET",
      "RequestBody": "",
      "RequestHeaders": {
        "User-Agent": [
          "Microsoft.Azure.Management.Resources.ResourceManagementClient/2.0.0.0"
        ]
      },
      "ResponseBody": "{\r\n  \"id\": \"/subscriptions/38b598fc-e57a-423f-b2e7-dc0ddb631f1f/resourceGroups/onesdk3157/providers/Microsoft.Resources/deployments/onesdk3069\",\r\n  \"name\": \"onesdk3069\",\r\n  \"properties\": {\r\n    \"parameters\": {\r\n      \"hostingPlanName\": {\r\n        \"type\": \"String\",\r\n        \"value\": \"xDeploymentTestHost26668\"\r\n      },\r\n      \"siteLocation\": {\r\n        \"type\": \"String\",\r\n        \"value\": \"East US\"\r\n      },\r\n      \"sku\": {\r\n        \"type\": \"String\",\r\n        \"value\": \"Basic\"\r\n      },\r\n      \"workerSize\": {\r\n        \"type\": \"Int\",\r\n        \"value\": 0\r\n      }\r\n    },\r\n    \"mode\": \"Incremental\",\r\n    \"provisioningState\": \"Accepted\",\r\n    \"timestamp\": \"2016-03-25T04:08:31.5669804Z\",\r\n    \"duration\": \"PT0.9883175S\",\r\n    \"correlationId\": \"507100e0-1939-4832-bb59-2a3728d3ab83\",\r\n    \"providers\": [\r\n      {\r\n        \"namespace\": \"Microsoft.Web\",\r\n        \"resourceTypes\": [\r\n          {\r\n            \"resourceType\": \"serverfarms\",\r\n            \"locations\": [\r\n              \"eastus\"\r\n            ]\r\n          }\r\n        ]\r\n      }\r\n    ],\r\n    \"dependencies\": []\r\n  }\r\n}",
      "ResponseHeaders": {
        "Content-Length": [
          "699"
        ],
        "Content-Type": [
          "application/json; charset=utf-8"
        ],
        "Expires": [
          "-1"
        ],
        "Pragma": [
          "no-cache"
        ],
        "x-ms-ratelimit-remaining-subscription-reads": [
          "14994"
        ],
        "x-ms-request-id": [
          "73e3a43f-ff58-4614-9499-6c8f976bf832"
        ],
        "x-ms-correlation-request-id": [
          "73e3a43f-ff58-4614-9499-6c8f976bf832"
        ],
        "x-ms-routing-request-id": [
          "NORTHCENTRALUS:20160325T040842Z:73e3a43f-ff58-4614-9499-6c8f976bf832"
        ],
        "Strict-Transport-Security": [
          "max-age=31536000; includeSubDomains"
        ],
        "Cache-Control": [
          "no-cache"
        ],
        "Date": [
          "Fri, 25 Mar 2016 04:08:41 GMT"
        ]
      },
      "StatusCode": 200
    },
    {
      "RequestUri": "/subscriptions/38b598fc-e57a-423f-b2e7-dc0ddb631f1f/resourcegroups/onesdk3157/deployments/onesdk3069?api-version=2016-02-01",
      "EncodedRequestUri": "L3N1YnNjcmlwdGlvbnMvMzhiNTk4ZmMtZTU3YS00MjNmLWIyZTctZGMwZGRiNjMxZjFmL3Jlc291cmNlZ3JvdXBzL29uZXNkazMxNTcvZGVwbG95bWVudHMvb25lc2RrMzA2OT9hcGktdmVyc2lvbj0yMDE2LTAyLTAx",
      "RequestMethod": "GET",
      "RequestBody": "",
      "RequestHeaders": {
        "User-Agent": [
          "Microsoft.Azure.Management.Resources.ResourceManagementClient/2.0.0.0"
        ]
      },
      "ResponseBody": "{\r\n  \"id\": \"/subscriptions/38b598fc-e57a-423f-b2e7-dc0ddb631f1f/resourceGroups/onesdk3157/providers/Microsoft.Resources/deployments/onesdk3069\",\r\n  \"name\": \"onesdk3069\",\r\n  \"properties\": {\r\n    \"parameters\": {\r\n      \"hostingPlanName\": {\r\n        \"type\": \"String\",\r\n        \"value\": \"xDeploymentTestHost26668\"\r\n      },\r\n      \"siteLocation\": {\r\n        \"type\": \"String\",\r\n        \"value\": \"East US\"\r\n      },\r\n      \"sku\": {\r\n        \"type\": \"String\",\r\n        \"value\": \"Basic\"\r\n      },\r\n      \"workerSize\": {\r\n        \"type\": \"Int\",\r\n        \"value\": 0\r\n      }\r\n    },\r\n    \"mode\": \"Incremental\",\r\n    \"provisioningState\": \"Accepted\",\r\n    \"timestamp\": \"2016-03-25T04:08:31.5669804Z\",\r\n    \"duration\": \"PT0.9883175S\",\r\n    \"correlationId\": \"507100e0-1939-4832-bb59-2a3728d3ab83\",\r\n    \"providers\": [\r\n      {\r\n        \"namespace\": \"Microsoft.Web\",\r\n        \"resourceTypes\": [\r\n          {\r\n            \"resourceType\": \"serverfarms\",\r\n            \"locations\": [\r\n              \"eastus\"\r\n            ]\r\n          }\r\n        ]\r\n      }\r\n    ],\r\n    \"dependencies\": []\r\n  }\r\n}",
      "ResponseHeaders": {
        "Content-Length": [
          "699"
        ],
        "Content-Type": [
          "application/json; charset=utf-8"
        ],
        "Expires": [
          "-1"
        ],
        "Pragma": [
          "no-cache"
        ],
        "x-ms-ratelimit-remaining-subscription-reads": [
          "14992"
        ],
        "x-ms-request-id": [
          "59a7e4ca-8ebe-4f42-8bde-e35e245f9f5b"
        ],
        "x-ms-correlation-request-id": [
          "59a7e4ca-8ebe-4f42-8bde-e35e245f9f5b"
        ],
        "x-ms-routing-request-id": [
          "NORTHCENTRALUS:20160325T040853Z:59a7e4ca-8ebe-4f42-8bde-e35e245f9f5b"
        ],
        "Strict-Transport-Security": [
          "max-age=31536000; includeSubDomains"
        ],
        "Cache-Control": [
          "no-cache"
        ],
        "Date": [
          "Fri, 25 Mar 2016 04:08:52 GMT"
        ]
      },
      "StatusCode": 200
    },
    {
      "RequestUri": "/subscriptions/38b598fc-e57a-423f-b2e7-dc0ddb631f1f/resourcegroups/onesdk3157/deployments/onesdk3069?api-version=2016-02-01",
      "EncodedRequestUri": "L3N1YnNjcmlwdGlvbnMvMzhiNTk4ZmMtZTU3YS00MjNmLWIyZTctZGMwZGRiNjMxZjFmL3Jlc291cmNlZ3JvdXBzL29uZXNkazMxNTcvZGVwbG95bWVudHMvb25lc2RrMzA2OT9hcGktdmVyc2lvbj0yMDE2LTAyLTAx",
      "RequestMethod": "GET",
      "RequestBody": "",
      "RequestHeaders": {
        "User-Agent": [
          "Microsoft.Azure.Management.Resources.ResourceManagementClient/2.0.0.0"
        ]
      },
      "ResponseBody": "{\r\n  \"id\": \"/subscriptions/38b598fc-e57a-423f-b2e7-dc0ddb631f1f/resourceGroups/onesdk3157/providers/Microsoft.Resources/deployments/onesdk3069\",\r\n  \"name\": \"onesdk3069\",\r\n  \"properties\": {\r\n    \"parameters\": {\r\n      \"hostingPlanName\": {\r\n        \"type\": \"String\",\r\n        \"value\": \"xDeploymentTestHost26668\"\r\n      },\r\n      \"siteLocation\": {\r\n        \"type\": \"String\",\r\n        \"value\": \"East US\"\r\n      },\r\n      \"sku\": {\r\n        \"type\": \"String\",\r\n        \"value\": \"Basic\"\r\n      },\r\n      \"workerSize\": {\r\n        \"type\": \"Int\",\r\n        \"value\": 0\r\n      }\r\n    },\r\n    \"mode\": \"Incremental\",\r\n    \"provisioningState\": \"Accepted\",\r\n    \"timestamp\": \"2016-03-25T04:08:31.5669804Z\",\r\n    \"duration\": \"PT0.9883175S\",\r\n    \"correlationId\": \"507100e0-1939-4832-bb59-2a3728d3ab83\",\r\n    \"providers\": [\r\n      {\r\n        \"namespace\": \"Microsoft.Web\",\r\n        \"resourceTypes\": [\r\n          {\r\n            \"resourceType\": \"serverfarms\",\r\n            \"locations\": [\r\n              \"eastus\"\r\n            ]\r\n          }\r\n        ]\r\n      }\r\n    ],\r\n    \"dependencies\": []\r\n  }\r\n}",
      "ResponseHeaders": {
        "Content-Length": [
          "699"
        ],
        "Content-Type": [
          "application/json; charset=utf-8"
        ],
        "Expires": [
          "-1"
        ],
        "Pragma": [
          "no-cache"
        ],
        "x-ms-ratelimit-remaining-subscription-reads": [
          "14990"
        ],
        "x-ms-request-id": [
          "4ff0a5e2-b7c5-4104-ab4c-6329ab245483"
        ],
        "x-ms-correlation-request-id": [
          "4ff0a5e2-b7c5-4104-ab4c-6329ab245483"
        ],
        "x-ms-routing-request-id": [
          "NORTHCENTRALUS:20160325T040903Z:4ff0a5e2-b7c5-4104-ab4c-6329ab245483"
        ],
        "Strict-Transport-Security": [
          "max-age=31536000; includeSubDomains"
        ],
        "Cache-Control": [
          "no-cache"
        ],
        "Date": [
          "Fri, 25 Mar 2016 04:09:03 GMT"
        ]
      },
      "StatusCode": 200
    },
    {
      "RequestUri": "/subscriptions/38b598fc-e57a-423f-b2e7-dc0ddb631f1f/resourcegroups/onesdk3157/deployments/onesdk3069?api-version=2016-02-01",
      "EncodedRequestUri": "L3N1YnNjcmlwdGlvbnMvMzhiNTk4ZmMtZTU3YS00MjNmLWIyZTctZGMwZGRiNjMxZjFmL3Jlc291cmNlZ3JvdXBzL29uZXNkazMxNTcvZGVwbG95bWVudHMvb25lc2RrMzA2OT9hcGktdmVyc2lvbj0yMDE2LTAyLTAx",
      "RequestMethod": "GET",
      "RequestBody": "",
      "RequestHeaders": {
        "User-Agent": [
          "Microsoft.Azure.Management.Resources.ResourceManagementClient/2.0.0.0"
        ]
      },
      "ResponseBody": "{\r\n  \"id\": \"/subscriptions/38b598fc-e57a-423f-b2e7-dc0ddb631f1f/resourceGroups/onesdk3157/providers/Microsoft.Resources/deployments/onesdk3069\",\r\n  \"name\": \"onesdk3069\",\r\n  \"properties\": {\r\n    \"parameters\": {\r\n      \"hostingPlanName\": {\r\n        \"type\": \"String\",\r\n        \"value\": \"xDeploymentTestHost26668\"\r\n      },\r\n      \"siteLocation\": {\r\n        \"type\": \"String\",\r\n        \"value\": \"East US\"\r\n      },\r\n      \"sku\": {\r\n        \"type\": \"String\",\r\n        \"value\": \"Basic\"\r\n      },\r\n      \"workerSize\": {\r\n        \"type\": \"Int\",\r\n        \"value\": 0\r\n      }\r\n    },\r\n    \"mode\": \"Incremental\",\r\n    \"provisioningState\": \"Accepted\",\r\n    \"timestamp\": \"2016-03-25T04:08:31.5669804Z\",\r\n    \"duration\": \"PT0.9883175S\",\r\n    \"correlationId\": \"507100e0-1939-4832-bb59-2a3728d3ab83\",\r\n    \"providers\": [\r\n      {\r\n        \"namespace\": \"Microsoft.Web\",\r\n        \"resourceTypes\": [\r\n          {\r\n            \"resourceType\": \"serverfarms\",\r\n            \"locations\": [\r\n              \"eastus\"\r\n            ]\r\n          }\r\n        ]\r\n      }\r\n    ],\r\n    \"dependencies\": []\r\n  }\r\n}",
      "ResponseHeaders": {
        "Content-Length": [
          "699"
        ],
        "Content-Type": [
          "application/json; charset=utf-8"
        ],
        "Expires": [
          "-1"
        ],
        "Pragma": [
          "no-cache"
        ],
        "x-ms-ratelimit-remaining-subscription-reads": [
          "14988"
        ],
        "x-ms-request-id": [
          "37cf03ae-bedc-4722-9ff4-eb28af61f8c1"
        ],
        "x-ms-correlation-request-id": [
          "37cf03ae-bedc-4722-9ff4-eb28af61f8c1"
        ],
        "x-ms-routing-request-id": [
          "NORTHCENTRALUS:20160325T040913Z:37cf03ae-bedc-4722-9ff4-eb28af61f8c1"
        ],
        "Strict-Transport-Security": [
          "max-age=31536000; includeSubDomains"
        ],
        "Cache-Control": [
          "no-cache"
        ],
        "Date": [
          "Fri, 25 Mar 2016 04:09:13 GMT"
        ]
      },
      "StatusCode": 200
    },
    {
      "RequestUri": "/subscriptions/38b598fc-e57a-423f-b2e7-dc0ddb631f1f/resourcegroups/onesdk3157/deployments/onesdk3069?api-version=2016-02-01",
      "EncodedRequestUri": "L3N1YnNjcmlwdGlvbnMvMzhiNTk4ZmMtZTU3YS00MjNmLWIyZTctZGMwZGRiNjMxZjFmL3Jlc291cmNlZ3JvdXBzL29uZXNkazMxNTcvZGVwbG95bWVudHMvb25lc2RrMzA2OT9hcGktdmVyc2lvbj0yMDE2LTAyLTAx",
      "RequestMethod": "GET",
      "RequestBody": "",
      "RequestHeaders": {
        "User-Agent": [
          "Microsoft.Azure.Management.Resources.ResourceManagementClient/2.0.0.0"
        ]
      },
      "ResponseBody": "{\r\n  \"id\": \"/subscriptions/38b598fc-e57a-423f-b2e7-dc0ddb631f1f/resourceGroups/onesdk3157/providers/Microsoft.Resources/deployments/onesdk3069\",\r\n  \"name\": \"onesdk3069\",\r\n  \"properties\": {\r\n    \"parameters\": {\r\n      \"hostingPlanName\": {\r\n        \"type\": \"String\",\r\n        \"value\": \"xDeploymentTestHost26668\"\r\n      },\r\n      \"siteLocation\": {\r\n        \"type\": \"String\",\r\n        \"value\": \"East US\"\r\n      },\r\n      \"sku\": {\r\n        \"type\": \"String\",\r\n        \"value\": \"Basic\"\r\n      },\r\n      \"workerSize\": {\r\n        \"type\": \"Int\",\r\n        \"value\": 0\r\n      }\r\n    },\r\n    \"mode\": \"Incremental\",\r\n    \"provisioningState\": \"Accepted\",\r\n    \"timestamp\": \"2016-03-25T04:08:31.5669804Z\",\r\n    \"duration\": \"PT0.9883175S\",\r\n    \"correlationId\": \"507100e0-1939-4832-bb59-2a3728d3ab83\",\r\n    \"providers\": [\r\n      {\r\n        \"namespace\": \"Microsoft.Web\",\r\n        \"resourceTypes\": [\r\n          {\r\n            \"resourceType\": \"serverfarms\",\r\n            \"locations\": [\r\n              \"eastus\"\r\n            ]\r\n          }\r\n        ]\r\n      }\r\n    ],\r\n    \"dependencies\": []\r\n  }\r\n}",
      "ResponseHeaders": {
        "Content-Length": [
          "699"
        ],
        "Content-Type": [
          "application/json; charset=utf-8"
        ],
        "Expires": [
          "-1"
        ],
        "Pragma": [
          "no-cache"
        ],
        "x-ms-ratelimit-remaining-subscription-reads": [
          "14986"
        ],
        "x-ms-request-id": [
          "9a1a8975-85ba-4a97-86a5-f0420a7de6a1"
        ],
        "x-ms-correlation-request-id": [
          "9a1a8975-85ba-4a97-86a5-f0420a7de6a1"
        ],
        "x-ms-routing-request-id": [
          "NORTHCENTRALUS:20160325T040924Z:9a1a8975-85ba-4a97-86a5-f0420a7de6a1"
        ],
        "Strict-Transport-Security": [
          "max-age=31536000; includeSubDomains"
        ],
        "Cache-Control": [
          "no-cache"
        ],
        "Date": [
          "Fri, 25 Mar 2016 04:09:23 GMT"
        ]
      },
      "StatusCode": 200
    },
    {
      "RequestUri": "/subscriptions/38b598fc-e57a-423f-b2e7-dc0ddb631f1f/resourcegroups/onesdk3157/deployments/onesdk3069?api-version=2016-02-01",
      "EncodedRequestUri": "L3N1YnNjcmlwdGlvbnMvMzhiNTk4ZmMtZTU3YS00MjNmLWIyZTctZGMwZGRiNjMxZjFmL3Jlc291cmNlZ3JvdXBzL29uZXNkazMxNTcvZGVwbG95bWVudHMvb25lc2RrMzA2OT9hcGktdmVyc2lvbj0yMDE2LTAyLTAx",
      "RequestMethod": "GET",
      "RequestBody": "",
      "RequestHeaders": {
        "User-Agent": [
          "Microsoft.Azure.Management.Resources.ResourceManagementClient/2.0.0.0"
        ]
      },
      "ResponseBody": "{\r\n  \"id\": \"/subscriptions/38b598fc-e57a-423f-b2e7-dc0ddb631f1f/resourceGroups/onesdk3157/providers/Microsoft.Resources/deployments/onesdk3069\",\r\n  \"name\": \"onesdk3069\",\r\n  \"properties\": {\r\n    \"parameters\": {\r\n      \"hostingPlanName\": {\r\n        \"type\": \"String\",\r\n        \"value\": \"xDeploymentTestHost26668\"\r\n      },\r\n      \"siteLocation\": {\r\n        \"type\": \"String\",\r\n        \"value\": \"East US\"\r\n      },\r\n      \"sku\": {\r\n        \"type\": \"String\",\r\n        \"value\": \"Basic\"\r\n      },\r\n      \"workerSize\": {\r\n        \"type\": \"Int\",\r\n        \"value\": 0\r\n      }\r\n    },\r\n    \"mode\": \"Incremental\",\r\n    \"provisioningState\": \"Accepted\",\r\n    \"timestamp\": \"2016-03-25T04:08:31.5669804Z\",\r\n    \"duration\": \"PT0.9883175S\",\r\n    \"correlationId\": \"507100e0-1939-4832-bb59-2a3728d3ab83\",\r\n    \"providers\": [\r\n      {\r\n        \"namespace\": \"Microsoft.Web\",\r\n        \"resourceTypes\": [\r\n          {\r\n            \"resourceType\": \"serverfarms\",\r\n            \"locations\": [\r\n              \"eastus\"\r\n            ]\r\n          }\r\n        ]\r\n      }\r\n    ],\r\n    \"dependencies\": []\r\n  }\r\n}",
      "ResponseHeaders": {
        "Content-Length": [
          "699"
        ],
        "Content-Type": [
          "application/json; charset=utf-8"
        ],
        "Expires": [
          "-1"
        ],
        "Pragma": [
          "no-cache"
        ],
        "x-ms-ratelimit-remaining-subscription-reads": [
          "14984"
        ],
        "x-ms-request-id": [
          "bc4b24fc-ba22-41d2-9bf6-b02b91ac2466"
        ],
        "x-ms-correlation-request-id": [
          "bc4b24fc-ba22-41d2-9bf6-b02b91ac2466"
        ],
        "x-ms-routing-request-id": [
          "NORTHCENTRALUS:20160325T040934Z:bc4b24fc-ba22-41d2-9bf6-b02b91ac2466"
        ],
        "Strict-Transport-Security": [
          "max-age=31536000; includeSubDomains"
        ],
        "Cache-Control": [
          "no-cache"
        ],
        "Date": [
          "Fri, 25 Mar 2016 04:09:34 GMT"
        ]
      },
      "StatusCode": 200
    },
    {
      "RequestUri": "/subscriptions/38b598fc-e57a-423f-b2e7-dc0ddb631f1f/resourcegroups/onesdk3157/deployments/onesdk3069?api-version=2016-02-01",
      "EncodedRequestUri": "L3N1YnNjcmlwdGlvbnMvMzhiNTk4ZmMtZTU3YS00MjNmLWIyZTctZGMwZGRiNjMxZjFmL3Jlc291cmNlZ3JvdXBzL29uZXNkazMxNTcvZGVwbG95bWVudHMvb25lc2RrMzA2OT9hcGktdmVyc2lvbj0yMDE2LTAyLTAx",
      "RequestMethod": "GET",
      "RequestBody": "",
      "RequestHeaders": {
        "User-Agent": [
          "Microsoft.Azure.Management.Resources.ResourceManagementClient/2.0.0.0"
        ]
      },
      "ResponseBody": "{\r\n  \"id\": \"/subscriptions/38b598fc-e57a-423f-b2e7-dc0ddb631f1f/resourceGroups/onesdk3157/providers/Microsoft.Resources/deployments/onesdk3069\",\r\n  \"name\": \"onesdk3069\",\r\n  \"properties\": {\r\n    \"parameters\": {\r\n      \"hostingPlanName\": {\r\n        \"type\": \"String\",\r\n        \"value\": \"xDeploymentTestHost26668\"\r\n      },\r\n      \"siteLocation\": {\r\n        \"type\": \"String\",\r\n        \"value\": \"East US\"\r\n      },\r\n      \"sku\": {\r\n        \"type\": \"String\",\r\n        \"value\": \"Basic\"\r\n      },\r\n      \"workerSize\": {\r\n        \"type\": \"Int\",\r\n        \"value\": 0\r\n      }\r\n    },\r\n    \"mode\": \"Incremental\",\r\n    \"provisioningState\": \"Accepted\",\r\n    \"timestamp\": \"2016-03-25T04:08:31.5669804Z\",\r\n    \"duration\": \"PT0.9883175S\",\r\n    \"correlationId\": \"507100e0-1939-4832-bb59-2a3728d3ab83\",\r\n    \"providers\": [\r\n      {\r\n        \"namespace\": \"Microsoft.Web\",\r\n        \"resourceTypes\": [\r\n          {\r\n            \"resourceType\": \"serverfarms\",\r\n            \"locations\": [\r\n              \"eastus\"\r\n            ]\r\n          }\r\n        ]\r\n      }\r\n    ],\r\n    \"dependencies\": []\r\n  }\r\n}",
      "ResponseHeaders": {
        "Content-Length": [
          "699"
        ],
        "Content-Type": [
          "application/json; charset=utf-8"
        ],
        "Expires": [
          "-1"
        ],
        "Pragma": [
          "no-cache"
        ],
        "x-ms-ratelimit-remaining-subscription-reads": [
          "14982"
        ],
        "x-ms-request-id": [
          "34d90440-217b-4e61-8fad-3d7563460b24"
        ],
        "x-ms-correlation-request-id": [
          "34d90440-217b-4e61-8fad-3d7563460b24"
        ],
        "x-ms-routing-request-id": [
          "NORTHCENTRALUS:20160325T040944Z:34d90440-217b-4e61-8fad-3d7563460b24"
        ],
        "Strict-Transport-Security": [
          "max-age=31536000; includeSubDomains"
        ],
        "Cache-Control": [
          "no-cache"
        ],
        "Date": [
          "Fri, 25 Mar 2016 04:09:44 GMT"
        ]
      },
      "StatusCode": 200
    },
    {
      "RequestUri": "/subscriptions/38b598fc-e57a-423f-b2e7-dc0ddb631f1f/resourcegroups/onesdk3157/deployments/onesdk3069?api-version=2016-02-01",
      "EncodedRequestUri": "L3N1YnNjcmlwdGlvbnMvMzhiNTk4ZmMtZTU3YS00MjNmLWIyZTctZGMwZGRiNjMxZjFmL3Jlc291cmNlZ3JvdXBzL29uZXNkazMxNTcvZGVwbG95bWVudHMvb25lc2RrMzA2OT9hcGktdmVyc2lvbj0yMDE2LTAyLTAx",
      "RequestMethod": "GET",
      "RequestBody": "",
      "RequestHeaders": {
        "User-Agent": [
          "Microsoft.Azure.Management.Resources.ResourceManagementClient/2.0.0.0"
        ]
      },
      "ResponseBody": "{\r\n  \"id\": \"/subscriptions/38b598fc-e57a-423f-b2e7-dc0ddb631f1f/resourceGroups/onesdk3157/providers/Microsoft.Resources/deployments/onesdk3069\",\r\n  \"name\": \"onesdk3069\",\r\n  \"properties\": {\r\n    \"parameters\": {\r\n      \"hostingPlanName\": {\r\n        \"type\": \"String\",\r\n        \"value\": \"xDeploymentTestHost26668\"\r\n      },\r\n      \"siteLocation\": {\r\n        \"type\": \"String\",\r\n        \"value\": \"East US\"\r\n      },\r\n      \"sku\": {\r\n        \"type\": \"String\",\r\n        \"value\": \"Basic\"\r\n      },\r\n      \"workerSize\": {\r\n        \"type\": \"Int\",\r\n        \"value\": 0\r\n      }\r\n    },\r\n    \"mode\": \"Incremental\",\r\n    \"provisioningState\": \"Accepted\",\r\n    \"timestamp\": \"2016-03-25T04:08:31.5669804Z\",\r\n    \"duration\": \"PT0.9883175S\",\r\n    \"correlationId\": \"507100e0-1939-4832-bb59-2a3728d3ab83\",\r\n    \"providers\": [\r\n      {\r\n        \"namespace\": \"Microsoft.Web\",\r\n        \"resourceTypes\": [\r\n          {\r\n            \"resourceType\": \"serverfarms\",\r\n            \"locations\": [\r\n              \"eastus\"\r\n            ]\r\n          }\r\n        ]\r\n      }\r\n    ],\r\n    \"dependencies\": []\r\n  }\r\n}",
      "ResponseHeaders": {
        "Content-Length": [
          "699"
        ],
        "Content-Type": [
          "application/json; charset=utf-8"
        ],
        "Expires": [
          "-1"
        ],
        "Pragma": [
          "no-cache"
        ],
        "x-ms-ratelimit-remaining-subscription-reads": [
          "14980"
        ],
        "x-ms-request-id": [
          "37819d89-1923-4b82-aab7-fc4408711041"
        ],
        "x-ms-correlation-request-id": [
          "37819d89-1923-4b82-aab7-fc4408711041"
        ],
        "x-ms-routing-request-id": [
          "NORTHCENTRALUS:20160325T040955Z:37819d89-1923-4b82-aab7-fc4408711041"
        ],
        "Strict-Transport-Security": [
          "max-age=31536000; includeSubDomains"
        ],
        "Cache-Control": [
          "no-cache"
        ],
        "Date": [
          "Fri, 25 Mar 2016 04:09:54 GMT"
        ]
      },
      "StatusCode": 200
    },
    {
      "RequestUri": "/subscriptions/38b598fc-e57a-423f-b2e7-dc0ddb631f1f/resourcegroups/onesdk3157/deployments/onesdk3069?api-version=2016-02-01",
      "EncodedRequestUri": "L3N1YnNjcmlwdGlvbnMvMzhiNTk4ZmMtZTU3YS00MjNmLWIyZTctZGMwZGRiNjMxZjFmL3Jlc291cmNlZ3JvdXBzL29uZXNkazMxNTcvZGVwbG95bWVudHMvb25lc2RrMzA2OT9hcGktdmVyc2lvbj0yMDE2LTAyLTAx",
      "RequestMethod": "GET",
      "RequestBody": "",
      "RequestHeaders": {
        "User-Agent": [
          "Microsoft.Azure.Management.Resources.ResourceManagementClient/2.0.0.0"
        ]
      },
      "ResponseBody": "{\r\n  \"id\": \"/subscriptions/38b598fc-e57a-423f-b2e7-dc0ddb631f1f/resourceGroups/onesdk3157/providers/Microsoft.Resources/deployments/onesdk3069\",\r\n  \"name\": \"onesdk3069\",\r\n  \"properties\": {\r\n    \"parameters\": {\r\n      \"hostingPlanName\": {\r\n        \"type\": \"String\",\r\n        \"value\": \"xDeploymentTestHost26668\"\r\n      },\r\n      \"siteLocation\": {\r\n        \"type\": \"String\",\r\n        \"value\": \"East US\"\r\n      },\r\n      \"sku\": {\r\n        \"type\": \"String\",\r\n        \"value\": \"Basic\"\r\n      },\r\n      \"workerSize\": {\r\n        \"type\": \"Int\",\r\n        \"value\": 0\r\n      }\r\n    },\r\n    \"mode\": \"Incremental\",\r\n    \"provisioningState\": \"Accepted\",\r\n    \"timestamp\": \"2016-03-25T04:08:31.5669804Z\",\r\n    \"duration\": \"PT0.9883175S\",\r\n    \"correlationId\": \"507100e0-1939-4832-bb59-2a3728d3ab83\",\r\n    \"providers\": [\r\n      {\r\n        \"namespace\": \"Microsoft.Web\",\r\n        \"resourceTypes\": [\r\n          {\r\n            \"resourceType\": \"serverfarms\",\r\n            \"locations\": [\r\n              \"eastus\"\r\n            ]\r\n          }\r\n        ]\r\n      }\r\n    ],\r\n    \"dependencies\": []\r\n  }\r\n}",
      "ResponseHeaders": {
        "Content-Length": [
          "699"
        ],
        "Content-Type": [
          "application/json; charset=utf-8"
        ],
        "Expires": [
          "-1"
        ],
        "Pragma": [
          "no-cache"
        ],
        "x-ms-ratelimit-remaining-subscription-reads": [
          "14978"
        ],
        "x-ms-request-id": [
          "e8367420-bccc-437d-9692-f50c2b2a2acc"
        ],
        "x-ms-correlation-request-id": [
          "e8367420-bccc-437d-9692-f50c2b2a2acc"
        ],
        "x-ms-routing-request-id": [
          "NORTHCENTRALUS:20160325T041005Z:e8367420-bccc-437d-9692-f50c2b2a2acc"
        ],
        "Strict-Transport-Security": [
          "max-age=31536000; includeSubDomains"
        ],
        "Cache-Control": [
          "no-cache"
        ],
        "Date": [
          "Fri, 25 Mar 2016 04:10:05 GMT"
        ]
      },
      "StatusCode": 200
    },
    {
      "RequestUri": "/subscriptions/38b598fc-e57a-423f-b2e7-dc0ddb631f1f/resourcegroups/onesdk3157/deployments/onesdk3069?api-version=2016-02-01",
      "EncodedRequestUri": "L3N1YnNjcmlwdGlvbnMvMzhiNTk4ZmMtZTU3YS00MjNmLWIyZTctZGMwZGRiNjMxZjFmL3Jlc291cmNlZ3JvdXBzL29uZXNkazMxNTcvZGVwbG95bWVudHMvb25lc2RrMzA2OT9hcGktdmVyc2lvbj0yMDE2LTAyLTAx",
      "RequestMethod": "GET",
      "RequestBody": "",
      "RequestHeaders": {
        "User-Agent": [
          "Microsoft.Azure.Management.Resources.ResourceManagementClient/2.0.0.0"
        ]
      },
      "ResponseBody": "{\r\n  \"id\": \"/subscriptions/38b598fc-e57a-423f-b2e7-dc0ddb631f1f/resourceGroups/onesdk3157/providers/Microsoft.Resources/deployments/onesdk3069\",\r\n  \"name\": \"onesdk3069\",\r\n  \"properties\": {\r\n    \"parameters\": {\r\n      \"hostingPlanName\": {\r\n        \"type\": \"String\",\r\n        \"value\": \"xDeploymentTestHost26668\"\r\n      },\r\n      \"siteLocation\": {\r\n        \"type\": \"String\",\r\n        \"value\": \"East US\"\r\n      },\r\n      \"sku\": {\r\n        \"type\": \"String\",\r\n        \"value\": \"Basic\"\r\n      },\r\n      \"workerSize\": {\r\n        \"type\": \"Int\",\r\n        \"value\": 0\r\n      }\r\n    },\r\n    \"mode\": \"Incremental\",\r\n    \"provisioningState\": \"Accepted\",\r\n    \"timestamp\": \"2016-03-25T04:08:31.5669804Z\",\r\n    \"duration\": \"PT0.9883175S\",\r\n    \"correlationId\": \"507100e0-1939-4832-bb59-2a3728d3ab83\",\r\n    \"providers\": [\r\n      {\r\n        \"namespace\": \"Microsoft.Web\",\r\n        \"resourceTypes\": [\r\n          {\r\n            \"resourceType\": \"serverfarms\",\r\n            \"locations\": [\r\n              \"eastus\"\r\n            ]\r\n          }\r\n        ]\r\n      }\r\n    ],\r\n    \"dependencies\": []\r\n  }\r\n}",
      "ResponseHeaders": {
        "Content-Length": [
          "699"
        ],
        "Content-Type": [
          "application/json; charset=utf-8"
        ],
        "Expires": [
          "-1"
        ],
        "Pragma": [
          "no-cache"
        ],
        "x-ms-ratelimit-remaining-subscription-reads": [
          "14976"
        ],
        "x-ms-request-id": [
          "2d3a1669-5612-4d45-8225-0fe7ac9d1d49"
        ],
        "x-ms-correlation-request-id": [
          "2d3a1669-5612-4d45-8225-0fe7ac9d1d49"
        ],
        "x-ms-routing-request-id": [
          "NORTHCENTRALUS:20160325T041016Z:2d3a1669-5612-4d45-8225-0fe7ac9d1d49"
        ],
        "Strict-Transport-Security": [
          "max-age=31536000; includeSubDomains"
        ],
        "Cache-Control": [
          "no-cache"
        ],
        "Date": [
          "Fri, 25 Mar 2016 04:10:15 GMT"
        ]
      },
      "StatusCode": 200
    },
    {
      "RequestUri": "/subscriptions/38b598fc-e57a-423f-b2e7-dc0ddb631f1f/resourcegroups/onesdk3157/deployments/onesdk3069?api-version=2016-02-01",
      "EncodedRequestUri": "L3N1YnNjcmlwdGlvbnMvMzhiNTk4ZmMtZTU3YS00MjNmLWIyZTctZGMwZGRiNjMxZjFmL3Jlc291cmNlZ3JvdXBzL29uZXNkazMxNTcvZGVwbG95bWVudHMvb25lc2RrMzA2OT9hcGktdmVyc2lvbj0yMDE2LTAyLTAx",
      "RequestMethod": "GET",
      "RequestBody": "",
      "RequestHeaders": {
        "User-Agent": [
          "Microsoft.Azure.Management.Resources.ResourceManagementClient/2.0.0.0"
        ]
      },
      "ResponseBody": "{\r\n  \"id\": \"/subscriptions/38b598fc-e57a-423f-b2e7-dc0ddb631f1f/resourceGroups/onesdk3157/providers/Microsoft.Resources/deployments/onesdk3069\",\r\n  \"name\": \"onesdk3069\",\r\n  \"properties\": {\r\n    \"parameters\": {\r\n      \"hostingPlanName\": {\r\n        \"type\": \"String\",\r\n        \"value\": \"xDeploymentTestHost26668\"\r\n      },\r\n      \"siteLocation\": {\r\n        \"type\": \"String\",\r\n        \"value\": \"East US\"\r\n      },\r\n      \"sku\": {\r\n        \"type\": \"String\",\r\n        \"value\": \"Basic\"\r\n      },\r\n      \"workerSize\": {\r\n        \"type\": \"Int\",\r\n        \"value\": 0\r\n      }\r\n    },\r\n    \"mode\": \"Incremental\",\r\n    \"provisioningState\": \"Accepted\",\r\n    \"timestamp\": \"2016-03-25T04:08:31.5669804Z\",\r\n    \"duration\": \"PT0.9883175S\",\r\n    \"correlationId\": \"507100e0-1939-4832-bb59-2a3728d3ab83\",\r\n    \"providers\": [\r\n      {\r\n        \"namespace\": \"Microsoft.Web\",\r\n        \"resourceTypes\": [\r\n          {\r\n            \"resourceType\": \"serverfarms\",\r\n            \"locations\": [\r\n              \"eastus\"\r\n            ]\r\n          }\r\n        ]\r\n      }\r\n    ],\r\n    \"dependencies\": []\r\n  }\r\n}",
      "ResponseHeaders": {
        "Content-Length": [
          "699"
        ],
        "Content-Type": [
          "application/json; charset=utf-8"
        ],
        "Expires": [
          "-1"
        ],
        "Pragma": [
          "no-cache"
        ],
        "x-ms-ratelimit-remaining-subscription-reads": [
          "14974"
        ],
        "x-ms-request-id": [
          "b1face72-4ad7-4324-839a-b15af6093dba"
        ],
        "x-ms-correlation-request-id": [
          "b1face72-4ad7-4324-839a-b15af6093dba"
        ],
        "x-ms-routing-request-id": [
          "NORTHCENTRALUS:20160325T041026Z:b1face72-4ad7-4324-839a-b15af6093dba"
        ],
        "Strict-Transport-Security": [
          "max-age=31536000; includeSubDomains"
        ],
        "Cache-Control": [
          "no-cache"
        ],
        "Date": [
          "Fri, 25 Mar 2016 04:10:25 GMT"
        ]
      },
      "StatusCode": 200
    },
    {
      "RequestUri": "/subscriptions/38b598fc-e57a-423f-b2e7-dc0ddb631f1f/resourcegroups/onesdk3157/deployments/onesdk3069?api-version=2016-02-01",
      "EncodedRequestUri": "L3N1YnNjcmlwdGlvbnMvMzhiNTk4ZmMtZTU3YS00MjNmLWIyZTctZGMwZGRiNjMxZjFmL3Jlc291cmNlZ3JvdXBzL29uZXNkazMxNTcvZGVwbG95bWVudHMvb25lc2RrMzA2OT9hcGktdmVyc2lvbj0yMDE2LTAyLTAx",
      "RequestMethod": "GET",
      "RequestBody": "",
      "RequestHeaders": {
        "User-Agent": [
          "Microsoft.Azure.Management.Resources.ResourceManagementClient/2.0.0.0"
        ]
      },
      "ResponseBody": "{\r\n  \"id\": \"/subscriptions/38b598fc-e57a-423f-b2e7-dc0ddb631f1f/resourceGroups/onesdk3157/providers/Microsoft.Resources/deployments/onesdk3069\",\r\n  \"name\": \"onesdk3069\",\r\n  \"properties\": {\r\n    \"parameters\": {\r\n      \"hostingPlanName\": {\r\n        \"type\": \"String\",\r\n        \"value\": \"xDeploymentTestHost26668\"\r\n      },\r\n      \"siteLocation\": {\r\n        \"type\": \"String\",\r\n        \"value\": \"East US\"\r\n      },\r\n      \"sku\": {\r\n        \"type\": \"String\",\r\n        \"value\": \"Basic\"\r\n      },\r\n      \"workerSize\": {\r\n        \"type\": \"Int\",\r\n        \"value\": 0\r\n      }\r\n    },\r\n    \"mode\": \"Incremental\",\r\n    \"provisioningState\": \"Accepted\",\r\n    \"timestamp\": \"2016-03-25T04:08:31.5669804Z\",\r\n    \"duration\": \"PT0.9883175S\",\r\n    \"correlationId\": \"507100e0-1939-4832-bb59-2a3728d3ab83\",\r\n    \"providers\": [\r\n      {\r\n        \"namespace\": \"Microsoft.Web\",\r\n        \"resourceTypes\": [\r\n          {\r\n            \"resourceType\": \"serverfarms\",\r\n            \"locations\": [\r\n              \"eastus\"\r\n            ]\r\n          }\r\n        ]\r\n      }\r\n    ],\r\n    \"dependencies\": []\r\n  }\r\n}",
      "ResponseHeaders": {
        "Content-Length": [
          "699"
        ],
        "Content-Type": [
          "application/json; charset=utf-8"
        ],
        "Expires": [
          "-1"
        ],
        "Pragma": [
          "no-cache"
        ],
        "x-ms-ratelimit-remaining-subscription-reads": [
          "14972"
        ],
        "x-ms-request-id": [
          "1c714507-f847-4b41-a6b0-c5b2d56fbbb2"
        ],
        "x-ms-correlation-request-id": [
          "1c714507-f847-4b41-a6b0-c5b2d56fbbb2"
        ],
        "x-ms-routing-request-id": [
          "NORTHCENTRALUS:20160325T041037Z:1c714507-f847-4b41-a6b0-c5b2d56fbbb2"
        ],
        "Strict-Transport-Security": [
          "max-age=31536000; includeSubDomains"
        ],
        "Cache-Control": [
          "no-cache"
        ],
        "Date": [
          "Fri, 25 Mar 2016 04:10:37 GMT"
        ]
      },
      "StatusCode": 200
    },
    {
      "RequestUri": "/subscriptions/38b598fc-e57a-423f-b2e7-dc0ddb631f1f/resourcegroups/onesdk3157/deployments/onesdk3069?api-version=2016-02-01",
      "EncodedRequestUri": "L3N1YnNjcmlwdGlvbnMvMzhiNTk4ZmMtZTU3YS00MjNmLWIyZTctZGMwZGRiNjMxZjFmL3Jlc291cmNlZ3JvdXBzL29uZXNkazMxNTcvZGVwbG95bWVudHMvb25lc2RrMzA2OT9hcGktdmVyc2lvbj0yMDE2LTAyLTAx",
      "RequestMethod": "GET",
      "RequestBody": "",
      "RequestHeaders": {
        "User-Agent": [
          "Microsoft.Azure.Management.Resources.ResourceManagementClient/2.0.0.0"
        ]
      },
      "ResponseBody": "{\r\n  \"id\": \"/subscriptions/38b598fc-e57a-423f-b2e7-dc0ddb631f1f/resourceGroups/onesdk3157/providers/Microsoft.Resources/deployments/onesdk3069\",\r\n  \"name\": \"onesdk3069\",\r\n  \"properties\": {\r\n    \"parameters\": {\r\n      \"hostingPlanName\": {\r\n        \"type\": \"String\",\r\n        \"value\": \"xDeploymentTestHost26668\"\r\n      },\r\n      \"siteLocation\": {\r\n        \"type\": \"String\",\r\n        \"value\": \"East US\"\r\n      },\r\n      \"sku\": {\r\n        \"type\": \"String\",\r\n        \"value\": \"Basic\"\r\n      },\r\n      \"workerSize\": {\r\n        \"type\": \"Int\",\r\n        \"value\": 0\r\n      }\r\n    },\r\n    \"mode\": \"Incremental\",\r\n    \"provisioningState\": \"Accepted\",\r\n    \"timestamp\": \"2016-03-25T04:08:31.5669804Z\",\r\n    \"duration\": \"PT0.9883175S\",\r\n    \"correlationId\": \"507100e0-1939-4832-bb59-2a3728d3ab83\",\r\n    \"providers\": [\r\n      {\r\n        \"namespace\": \"Microsoft.Web\",\r\n        \"resourceTypes\": [\r\n          {\r\n            \"resourceType\": \"serverfarms\",\r\n            \"locations\": [\r\n              \"eastus\"\r\n            ]\r\n          }\r\n        ]\r\n      }\r\n    ],\r\n    \"dependencies\": []\r\n  }\r\n}",
      "ResponseHeaders": {
        "Content-Length": [
          "699"
        ],
        "Content-Type": [
          "application/json; charset=utf-8"
        ],
        "Expires": [
          "-1"
        ],
        "Pragma": [
          "no-cache"
        ],
        "x-ms-ratelimit-remaining-subscription-reads": [
          "14970"
        ],
        "x-ms-request-id": [
          "15ff5e68-3059-4fc6-b652-5383d53f07cb"
        ],
        "x-ms-correlation-request-id": [
          "15ff5e68-3059-4fc6-b652-5383d53f07cb"
        ],
        "x-ms-routing-request-id": [
          "NORTHCENTRALUS:20160325T041047Z:15ff5e68-3059-4fc6-b652-5383d53f07cb"
        ],
        "Strict-Transport-Security": [
          "max-age=31536000; includeSubDomains"
        ],
        "Cache-Control": [
          "no-cache"
        ],
        "Date": [
          "Fri, 25 Mar 2016 04:10:47 GMT"
        ]
      },
      "StatusCode": 200
    },
    {
      "RequestUri": "/subscriptions/38b598fc-e57a-423f-b2e7-dc0ddb631f1f/resourcegroups/onesdk3157/deployments/onesdk3069?api-version=2016-02-01",
      "EncodedRequestUri": "L3N1YnNjcmlwdGlvbnMvMzhiNTk4ZmMtZTU3YS00MjNmLWIyZTctZGMwZGRiNjMxZjFmL3Jlc291cmNlZ3JvdXBzL29uZXNkazMxNTcvZGVwbG95bWVudHMvb25lc2RrMzA2OT9hcGktdmVyc2lvbj0yMDE2LTAyLTAx",
      "RequestMethod": "GET",
      "RequestBody": "",
      "RequestHeaders": {
        "User-Agent": [
          "Microsoft.Azure.Management.Resources.ResourceManagementClient/2.0.0.0"
        ]
      },
      "ResponseBody": "{\r\n  \"id\": \"/subscriptions/38b598fc-e57a-423f-b2e7-dc0ddb631f1f/resourceGroups/onesdk3157/providers/Microsoft.Resources/deployments/onesdk3069\",\r\n  \"name\": \"onesdk3069\",\r\n  \"properties\": {\r\n    \"parameters\": {\r\n      \"hostingPlanName\": {\r\n        \"type\": \"String\",\r\n        \"value\": \"xDeploymentTestHost26668\"\r\n      },\r\n      \"siteLocation\": {\r\n        \"type\": \"String\",\r\n        \"value\": \"East US\"\r\n      },\r\n      \"sku\": {\r\n        \"type\": \"String\",\r\n        \"value\": \"Basic\"\r\n      },\r\n      \"workerSize\": {\r\n        \"type\": \"Int\",\r\n        \"value\": 0\r\n      }\r\n    },\r\n    \"mode\": \"Incremental\",\r\n    \"provisioningState\": \"Accepted\",\r\n    \"timestamp\": \"2016-03-25T04:08:31.5669804Z\",\r\n    \"duration\": \"PT0.9883175S\",\r\n    \"correlationId\": \"507100e0-1939-4832-bb59-2a3728d3ab83\",\r\n    \"providers\": [\r\n      {\r\n        \"namespace\": \"Microsoft.Web\",\r\n        \"resourceTypes\": [\r\n          {\r\n            \"resourceType\": \"serverfarms\",\r\n            \"locations\": [\r\n              \"eastus\"\r\n            ]\r\n          }\r\n        ]\r\n      }\r\n    ],\r\n    \"dependencies\": []\r\n  }\r\n}",
      "ResponseHeaders": {
        "Content-Length": [
          "699"
        ],
        "Content-Type": [
          "application/json; charset=utf-8"
        ],
        "Expires": [
          "-1"
        ],
        "Pragma": [
          "no-cache"
        ],
        "x-ms-ratelimit-remaining-subscription-reads": [
          "14968"
        ],
        "x-ms-request-id": [
          "36f468e2-fa64-426c-a016-6a43d3479dde"
        ],
        "x-ms-correlation-request-id": [
          "36f468e2-fa64-426c-a016-6a43d3479dde"
        ],
        "x-ms-routing-request-id": [
          "NORTHCENTRALUS:20160325T041058Z:36f468e2-fa64-426c-a016-6a43d3479dde"
        ],
        "Strict-Transport-Security": [
          "max-age=31536000; includeSubDomains"
        ],
        "Cache-Control": [
          "no-cache"
        ],
        "Date": [
          "Fri, 25 Mar 2016 04:10:58 GMT"
        ]
      },
      "StatusCode": 200
    },
    {
      "RequestUri": "/subscriptions/38b598fc-e57a-423f-b2e7-dc0ddb631f1f/resourcegroups/onesdk3157/deployments/onesdk3069?api-version=2016-02-01",
      "EncodedRequestUri": "L3N1YnNjcmlwdGlvbnMvMzhiNTk4ZmMtZTU3YS00MjNmLWIyZTctZGMwZGRiNjMxZjFmL3Jlc291cmNlZ3JvdXBzL29uZXNkazMxNTcvZGVwbG95bWVudHMvb25lc2RrMzA2OT9hcGktdmVyc2lvbj0yMDE2LTAyLTAx",
      "RequestMethod": "GET",
      "RequestBody": "",
      "RequestHeaders": {
        "User-Agent": [
          "Microsoft.Azure.Management.Resources.ResourceManagementClient/2.0.0.0"
        ]
      },
      "ResponseBody": "{\r\n  \"id\": \"/subscriptions/38b598fc-e57a-423f-b2e7-dc0ddb631f1f/resourceGroups/onesdk3157/providers/Microsoft.Resources/deployments/onesdk3069\",\r\n  \"name\": \"onesdk3069\",\r\n  \"properties\": {\r\n    \"parameters\": {\r\n      \"hostingPlanName\": {\r\n        \"type\": \"String\",\r\n        \"value\": \"xDeploymentTestHost26668\"\r\n      },\r\n      \"siteLocation\": {\r\n        \"type\": \"String\",\r\n        \"value\": \"East US\"\r\n      },\r\n      \"sku\": {\r\n        \"type\": \"String\",\r\n        \"value\": \"Basic\"\r\n      },\r\n      \"workerSize\": {\r\n        \"type\": \"Int\",\r\n        \"value\": 0\r\n      }\r\n    },\r\n    \"mode\": \"Incremental\",\r\n    \"provisioningState\": \"Accepted\",\r\n    \"timestamp\": \"2016-03-25T04:08:31.5669804Z\",\r\n    \"duration\": \"PT0.9883175S\",\r\n    \"correlationId\": \"507100e0-1939-4832-bb59-2a3728d3ab83\",\r\n    \"providers\": [\r\n      {\r\n        \"namespace\": \"Microsoft.Web\",\r\n        \"resourceTypes\": [\r\n          {\r\n            \"resourceType\": \"serverfarms\",\r\n            \"locations\": [\r\n              \"eastus\"\r\n            ]\r\n          }\r\n        ]\r\n      }\r\n    ],\r\n    \"dependencies\": []\r\n  }\r\n}",
      "ResponseHeaders": {
        "Content-Length": [
          "699"
        ],
        "Content-Type": [
          "application/json; charset=utf-8"
        ],
        "Expires": [
          "-1"
        ],
        "Pragma": [
          "no-cache"
        ],
        "x-ms-ratelimit-remaining-subscription-reads": [
          "14966"
        ],
        "x-ms-request-id": [
          "ee2a0760-f261-4882-951e-acab1e008e9a"
        ],
        "x-ms-correlation-request-id": [
          "ee2a0760-f261-4882-951e-acab1e008e9a"
        ],
        "x-ms-routing-request-id": [
          "NORTHCENTRALUS:20160325T041108Z:ee2a0760-f261-4882-951e-acab1e008e9a"
        ],
        "Strict-Transport-Security": [
          "max-age=31536000; includeSubDomains"
        ],
        "Cache-Control": [
          "no-cache"
        ],
        "Date": [
          "Fri, 25 Mar 2016 04:11:08 GMT"
        ]
      },
      "StatusCode": 200
    },
    {
      "RequestUri": "/subscriptions/38b598fc-e57a-423f-b2e7-dc0ddb631f1f/resourcegroups/onesdk3157/deployments/onesdk3069?api-version=2016-02-01",
      "EncodedRequestUri": "L3N1YnNjcmlwdGlvbnMvMzhiNTk4ZmMtZTU3YS00MjNmLWIyZTctZGMwZGRiNjMxZjFmL3Jlc291cmNlZ3JvdXBzL29uZXNkazMxNTcvZGVwbG95bWVudHMvb25lc2RrMzA2OT9hcGktdmVyc2lvbj0yMDE2LTAyLTAx",
      "RequestMethod": "GET",
      "RequestBody": "",
      "RequestHeaders": {
        "User-Agent": [
          "Microsoft.Azure.Management.Resources.ResourceManagementClient/2.0.0.0"
        ]
      },
      "ResponseBody": "{\r\n  \"id\": \"/subscriptions/38b598fc-e57a-423f-b2e7-dc0ddb631f1f/resourceGroups/onesdk3157/providers/Microsoft.Resources/deployments/onesdk3069\",\r\n  \"name\": \"onesdk3069\",\r\n  \"properties\": {\r\n    \"parameters\": {\r\n      \"hostingPlanName\": {\r\n        \"type\": \"String\",\r\n        \"value\": \"xDeploymentTestHost26668\"\r\n      },\r\n      \"siteLocation\": {\r\n        \"type\": \"String\",\r\n        \"value\": \"East US\"\r\n      },\r\n      \"sku\": {\r\n        \"type\": \"String\",\r\n        \"value\": \"Basic\"\r\n      },\r\n      \"workerSize\": {\r\n        \"type\": \"Int\",\r\n        \"value\": 0\r\n      }\r\n    },\r\n    \"mode\": \"Incremental\",\r\n    \"provisioningState\": \"Running\",\r\n    \"timestamp\": \"2016-03-25T04:11:17.2392015Z\",\r\n    \"duration\": \"PT2M46.6605386S\",\r\n    \"correlationId\": \"507100e0-1939-4832-bb59-2a3728d3ab83\",\r\n    \"providers\": [\r\n      {\r\n        \"namespace\": \"Microsoft.Web\",\r\n        \"resourceTypes\": [\r\n          {\r\n            \"resourceType\": \"serverfarms\",\r\n            \"locations\": [\r\n              \"eastus\"\r\n            ]\r\n          }\r\n        ]\r\n      }\r\n    ],\r\n    \"dependencies\": []\r\n  }\r\n}",
      "ResponseHeaders": {
        "Content-Length": [
          "701"
        ],
        "Content-Type": [
          "application/json; charset=utf-8"
        ],
        "Expires": [
          "-1"
        ],
        "Pragma": [
          "no-cache"
        ],
        "x-ms-ratelimit-remaining-subscription-reads": [
          "14964"
        ],
        "x-ms-request-id": [
          "83330146-f90c-43fd-a4bb-70a001dbcd7c"
        ],
        "x-ms-correlation-request-id": [
          "83330146-f90c-43fd-a4bb-70a001dbcd7c"
        ],
        "x-ms-routing-request-id": [
          "NORTHCENTRALUS:20160325T041118Z:83330146-f90c-43fd-a4bb-70a001dbcd7c"
        ],
        "Strict-Transport-Security": [
          "max-age=31536000; includeSubDomains"
        ],
        "Cache-Control": [
          "no-cache"
        ],
        "Date": [
          "Fri, 25 Mar 2016 04:11:17 GMT"
        ]
      },
      "StatusCode": 200
    },
    {
      "RequestUri": "/subscriptions/38b598fc-e57a-423f-b2e7-dc0ddb631f1f/resourcegroups/onesdk3157/deployments/onesdk3069?api-version=2016-02-01",
      "EncodedRequestUri": "L3N1YnNjcmlwdGlvbnMvMzhiNTk4ZmMtZTU3YS00MjNmLWIyZTctZGMwZGRiNjMxZjFmL3Jlc291cmNlZ3JvdXBzL29uZXNkazMxNTcvZGVwbG95bWVudHMvb25lc2RrMzA2OT9hcGktdmVyc2lvbj0yMDE2LTAyLTAx",
      "RequestMethod": "GET",
      "RequestBody": "",
      "RequestHeaders": {
        "User-Agent": [
          "Microsoft.Azure.Management.Resources.ResourceManagementClient/2.0.0.0"
        ]
      },
      "ResponseBody": "{\r\n  \"id\": \"/subscriptions/38b598fc-e57a-423f-b2e7-dc0ddb631f1f/resourceGroups/onesdk3157/providers/Microsoft.Resources/deployments/onesdk3069\",\r\n  \"name\": \"onesdk3069\",\r\n  \"properties\": {\r\n    \"parameters\": {\r\n      \"hostingPlanName\": {\r\n        \"type\": \"String\",\r\n        \"value\": \"xDeploymentTestHost26668\"\r\n      },\r\n      \"siteLocation\": {\r\n        \"type\": \"String\",\r\n        \"value\": \"East US\"\r\n      },\r\n      \"sku\": {\r\n        \"type\": \"String\",\r\n        \"value\": \"Basic\"\r\n      },\r\n      \"workerSize\": {\r\n        \"type\": \"Int\",\r\n        \"value\": 0\r\n      }\r\n    },\r\n    \"mode\": \"Incremental\",\r\n    \"provisioningState\": \"Running\",\r\n    \"timestamp\": \"2016-03-25T04:11:17.2392015Z\",\r\n    \"duration\": \"PT2M46.6605386S\",\r\n    \"correlationId\": \"507100e0-1939-4832-bb59-2a3728d3ab83\",\r\n    \"providers\": [\r\n      {\r\n        \"namespace\": \"Microsoft.Web\",\r\n        \"resourceTypes\": [\r\n          {\r\n            \"resourceType\": \"serverfarms\",\r\n            \"locations\": [\r\n              \"eastus\"\r\n            ]\r\n          }\r\n        ]\r\n      }\r\n    ],\r\n    \"dependencies\": []\r\n  }\r\n}",
      "ResponseHeaders": {
        "Content-Length": [
          "701"
        ],
        "Content-Type": [
          "application/json; charset=utf-8"
        ],
        "Expires": [
          "-1"
        ],
        "Pragma": [
          "no-cache"
        ],
        "x-ms-ratelimit-remaining-subscription-reads": [
          "14962"
        ],
        "x-ms-request-id": [
          "1f1aa1e7-91f1-4697-8216-8ff3ae88e424"
        ],
        "x-ms-correlation-request-id": [
          "1f1aa1e7-91f1-4697-8216-8ff3ae88e424"
        ],
        "x-ms-routing-request-id": [
          "NORTHCENTRALUS:20160325T041129Z:1f1aa1e7-91f1-4697-8216-8ff3ae88e424"
        ],
        "Strict-Transport-Security": [
          "max-age=31536000; includeSubDomains"
        ],
        "Cache-Control": [
          "no-cache"
        ],
        "Date": [
          "Fri, 25 Mar 2016 04:11:28 GMT"
        ]
      },
      "StatusCode": 200
    },
    {
      "RequestUri": "/subscriptions/38b598fc-e57a-423f-b2e7-dc0ddb631f1f/resourcegroups/onesdk3157/deployments/onesdk3069?api-version=2016-02-01",
      "EncodedRequestUri": "L3N1YnNjcmlwdGlvbnMvMzhiNTk4ZmMtZTU3YS00MjNmLWIyZTctZGMwZGRiNjMxZjFmL3Jlc291cmNlZ3JvdXBzL29uZXNkazMxNTcvZGVwbG95bWVudHMvb25lc2RrMzA2OT9hcGktdmVyc2lvbj0yMDE2LTAyLTAx",
      "RequestMethod": "GET",
      "RequestBody": "",
      "RequestHeaders": {
        "User-Agent": [
          "Microsoft.Azure.Management.Resources.ResourceManagementClient/2.0.0.0"
        ]
      },
      "ResponseBody": "{\r\n  \"id\": \"/subscriptions/38b598fc-e57a-423f-b2e7-dc0ddb631f1f/resourceGroups/onesdk3157/providers/Microsoft.Resources/deployments/onesdk3069\",\r\n  \"name\": \"onesdk3069\",\r\n  \"properties\": {\r\n    \"parameters\": {\r\n      \"hostingPlanName\": {\r\n        \"type\": \"String\",\r\n        \"value\": \"xDeploymentTestHost26668\"\r\n      },\r\n      \"siteLocation\": {\r\n        \"type\": \"String\",\r\n        \"value\": \"East US\"\r\n      },\r\n      \"sku\": {\r\n        \"type\": \"String\",\r\n        \"value\": \"Basic\"\r\n      },\r\n      \"workerSize\": {\r\n        \"type\": \"Int\",\r\n        \"value\": 0\r\n      }\r\n    },\r\n    \"mode\": \"Incremental\",\r\n    \"provisioningState\": \"Succeeded\",\r\n    \"timestamp\": \"2016-03-25T04:11:35.5336788Z\",\r\n    \"duration\": \"PT3M4.9550159S\",\r\n    \"correlationId\": \"507100e0-1939-4832-bb59-2a3728d3ab83\",\r\n    \"providers\": [\r\n      {\r\n        \"namespace\": \"Microsoft.Web\",\r\n        \"resourceTypes\": [\r\n          {\r\n            \"resourceType\": \"serverfarms\",\r\n            \"locations\": [\r\n              \"eastus\"\r\n            ]\r\n          }\r\n        ]\r\n      }\r\n    ],\r\n    \"dependencies\": [],\r\n    \"outputResources\": [\r\n      {\r\n        \"id\": \"Microsoft.Web/serverfarms/xDeploymentTestHost26668\"\r\n      }\r\n    ]\r\n  }\r\n}",
      "ResponseHeaders": {
        "Content-Length": [
          "782"
        ],
        "Content-Type": [
          "application/json; charset=utf-8"
        ],
        "Expires": [
          "-1"
        ],
        "Pragma": [
          "no-cache"
        ],
        "x-ms-ratelimit-remaining-subscription-reads": [
          "14960"
        ],
        "x-ms-request-id": [
          "451565cb-2dd9-455e-9db4-db6c5d74523c"
        ],
        "x-ms-correlation-request-id": [
          "451565cb-2dd9-455e-9db4-db6c5d74523c"
        ],
        "x-ms-routing-request-id": [
          "NORTHCENTRALUS:20160325T041139Z:451565cb-2dd9-455e-9db4-db6c5d74523c"
        ],
        "Strict-Transport-Security": [
          "max-age=31536000; includeSubDomains"
        ],
        "Cache-Control": [
          "no-cache"
        ],
        "Date": [
          "Fri, 25 Mar 2016 04:11:38 GMT"
        ]
      },
      "StatusCode": 200
    },
    {
      "RequestUri": "/subscriptions/38b598fc-e57a-423f-b2e7-dc0ddb631f1f/resourceGroups/onesdk3157/providers/Microsoft.Web/serverFarms?api-version=2015-08-01",
      "EncodedRequestUri": "L3N1YnNjcmlwdGlvbnMvMzhiNTk4ZmMtZTU3YS00MjNmLWIyZTctZGMwZGRiNjMxZjFmL3Jlc291cmNlR3JvdXBzL29uZXNkazMxNTcvcHJvdmlkZXJzL01pY3Jvc29mdC5XZWIvc2VydmVyRmFybXM/YXBpLXZlcnNpb249MjAxNS0wOC0wMQ==",
      "RequestMethod": "GET",
      "RequestBody": "",
      "RequestHeaders": {
        "User-Agent": [
          "AzurePowershell/v1.3.0.0"
        ],
        "ParameterSetName": [
          "Get resource collection"
        ],
        "CommandName": [
          "Get-AzureRmResource"
        ]
      },
      "ResponseBody": "{\r\n  \"value\": [\r\n    {\r\n      \"id\": \"/subscriptions/38b598fc-e57a-423f-b2e7-dc0ddb631f1f/resourceGroups/onesdk3157/providers/Microsoft.Web/serverfarms/xDeploymentTestHost26668\",\r\n      \"name\": \"xDeploymentTestHost26668\",\r\n      \"type\": \"Microsoft.Web/serverfarms\",\r\n      \"location\": \"East US\",\r\n      \"tags\": null,\r\n      \"properties\": {\r\n        \"serverFarmId\": 0,\r\n        \"name\": \"xDeploymentTestHost26668\",\r\n        \"workerSize\": 0,\r\n        \"workerSizeId\": 0,\r\n        \"workerTierName\": null,\r\n        \"numberOfWorkers\": 1,\r\n        \"currentWorkerSize\": 0,\r\n        \"currentWorkerSizeId\": 0,\r\n        \"currentNumberOfWorkers\": 1,\r\n        \"status\": 0,\r\n        \"webSpace\": \"onesdk3157-EastUSwebspace\",\r\n        \"subscription\": \"38b598fc-e57a-423f-b2e7-dc0ddb631f1f\",\r\n        \"adminSiteName\": null,\r\n        \"hostingEnvironment\": null,\r\n        \"hostingEnvironmentProfile\": null,\r\n        \"maximumNumberOfWorkers\": 3,\r\n        \"planName\": \"VirtualDedicatedPlan\",\r\n        \"adminRuntimeSiteName\": null,\r\n        \"computeMode\": 0,\r\n        \"siteMode\": null,\r\n        \"geoRegion\": \"East US\",\r\n        \"perSiteScaling\": false,\r\n        \"numberOfSites\": 0,\r\n        \"hostingEnvironmentId\": null,\r\n        \"tags\": null,\r\n        \"kind\": null,\r\n        \"resourceGroup\": \"onesdk3157\"\r\n      },\r\n      \"sku\": {\r\n        \"name\": \"B1\",\r\n        \"tier\": \"Basic\",\r\n        \"size\": \"B1\",\r\n        \"family\": \"B\",\r\n        \"capacity\": 1\r\n      }\r\n    }\r\n  ],\r\n  \"nextLink\": null\r\n}",
      "ResponseHeaders": {
        "Content-Length": [
          "1012"
        ],
        "Content-Type": [
          "application/json"
        ],
        "Expires": [
          "-1"
        ],
        "Pragma": [
          "no-cache"
        ],
        "Strict-Transport-Security": [
          "max-age=31536000; includeSubDomains"
        ],
        "x-ms-request-id": [
          "fe54ecdd-9c9a-4640-b54a-c825c9452097"
        ],
        "x-ms-ratelimit-remaining-subscription-reads": [
          "14999"
        ],
        "x-ms-correlation-request-id": [
          "e377973a-96a6-476f-b8df-7ba44e8e8e54"
        ],
        "x-ms-routing-request-id": [
          "NORTHCENTRALUS:20160325T041151Z:e377973a-96a6-476f-b8df-7ba44e8e8e54"
        ],
        "Cache-Control": [
          "no-cache"
        ],
        "Date": [
          "Fri, 25 Mar 2016 04:11:51 GMT"
        ],
        "Server": [
          "Microsoft-IIS/8.0"
        ],
        "X-AspNet-Version": [
          "4.0.30319"
        ],
        "X-Powered-By": [
          "ASP.NET"
        ]
      },
      "StatusCode": 200
    }
  ],
  "Names": {
    "Test-GetResourceWithCollection": [
      "onesdk3157",
      "onesdk3069"
    ]
  },
  "Variables": {
    "SubscriptionId": "38b598fc-e57a-423f-b2e7-dc0ddb631f1f",
    "TenantId": "72f988bf-86f1-41af-91ab-2d7cd011db47",
    "Domain": "microsoft.com"
  }
}