{
  "Entries": [
    {
      "RequestUri": "/subscriptions/23587e98-b6ac-4328-a753-03bcd3c8e744/resourcegroups/cdbrg-service-sqld?api-version=2016-09-01",
      "EncodedRequestUri": "L3N1YnNjcmlwdGlvbnMvMjM1ODdlOTgtYjZhYy00MzI4LWE3NTMtMDNiY2QzYzhlNzQ0L3Jlc291cmNlZ3JvdXBzL2NkYnJnLXNlcnZpY2Utc3FsZD9hcGktdmVyc2lvbj0yMDE2LTA5LTAx",
      "RequestMethod": "PUT",
      "RequestHeaders": {
        "x-ms-client-request-id": [
          "e40c0a57-33ef-4069-8305-e3fc5d964d7e"
        ],
        "Accept-Language": [
          "en-US"
        ],
        "User-Agent": [
          "FxVersion/4.700.22.55902",
          "OSName/Windows",
          "OSVersion/Microsoft.Windows.10.0.22621",
          "Microsoft.Azure.Management.Internal.Resources.ResourceManagementClient/1.3.73"
        ],
        "Content-Type": [
          "application/json; charset=utf-8"
        ],
        "Content-Length": [
          "31"
        ]
      },
      "RequestBody": "{\r\n  \"location\": \"East US 2\"\r\n}",
      "ResponseHeaders": {
        "Cache-Control": [
          "no-cache"
        ],
        "Pragma": [
          "no-cache"
        ],
        "x-ms-ratelimit-remaining-subscription-writes": [
          "1199"
        ],
        "x-ms-request-id": [
          "42d4729f-9835-42e6-a44a-b5d95fdae621"
        ],
        "x-ms-correlation-request-id": [
          "42d4729f-9835-42e6-a44a-b5d95fdae621"
        ],
        "x-ms-routing-request-id": [
          "WESTUS2:20230311T082814Z:42d4729f-9835-42e6-a44a-b5d95fdae621"
        ],
        "Strict-Transport-Security": [
          "max-age=31536000; includeSubDomains"
        ],
        "X-Content-Type-Options": [
          "nosniff"
        ],
        "Date": [
          "Sat, 11 Mar 2023 08:28:14 GMT"
        ],
        "Content-Length": [
          "190"
        ],
        "Content-Type": [
          "application/json; charset=utf-8"
        ],
        "Expires": [
          "-1"
        ]
      },
      "ResponseBody": "{\r\n  \"id\": \"/subscriptions/23587e98-b6ac-4328-a753-03bcd3c8e744/resourceGroups/cdbrg-service-sqld\",\r\n  \"name\": \"cdbrg-service-sqld\",\r\n  \"location\": \"eastus2\",\r\n  \"properties\": {\r\n    \"provisioningState\": \"Succeeded\"\r\n  }\r\n}",
      "StatusCode": 201
    },
    {
      "RequestUri": "/subscriptions/23587e98-b6ac-4328-a753-03bcd3c8e744/resourceGroups/cdbrg-service-sqld/providers/Microsoft.DocumentDB/databaseAccounts/cdbacct-service-sqld?api-version=2022-08-15-preview",
      "EncodedRequestUri": "L3N1YnNjcmlwdGlvbnMvMjM1ODdlOTgtYjZhYy00MzI4LWE3NTMtMDNiY2QzYzhlNzQ0L3Jlc291cmNlR3JvdXBzL2NkYnJnLXNlcnZpY2Utc3FsZC9wcm92aWRlcnMvTWljcm9zb2Z0LkRvY3VtZW50REIvZGF0YWJhc2VBY2NvdW50cy9jZGJhY2N0LXNlcnZpY2Utc3FsZD9hcGktdmVyc2lvbj0yMDIyLTA4LTE1LXByZXZpZXc=",
      "RequestMethod": "GET",
      "RequestHeaders": {
        "x-ms-client-request-id": [
          "88fb3b2d-9462-4a1e-8186-b6d818fe7bbb"
        ],
        "Accept-Language": [
          "en-US"
        ],
        "User-Agent": [
          "FxVersion/4.700.22.55902",
          "OSName/Windows",
          "OSVersion/Microsoft.Windows.10.0.22621",
          "Microsoft.Azure.Management.CosmosDB.CosmosDBManagementClient/3.9.1.0"
        ]
      },
      "RequestBody": "",
      "ResponseHeaders": {
        "Cache-Control": [
          "no-cache"
        ],
        "Pragma": [
          "no-cache"
        ],
        "x-ms-failure-cause": [
          "gateway"
        ],
        "x-ms-request-id": [
          "31a7c2fc-6a1c-4680-a669-d8ea3f917d67"
        ],
        "x-ms-correlation-request-id": [
          "31a7c2fc-6a1c-4680-a669-d8ea3f917d67"
        ],
        "x-ms-routing-request-id": [
          "WESTUS2:20230311T082815Z:31a7c2fc-6a1c-4680-a669-d8ea3f917d67"
        ],
        "Strict-Transport-Security": [
          "max-age=31536000; includeSubDomains"
        ],
        "X-Content-Type-Options": [
          "nosniff"
        ],
        "Date": [
          "Sat, 11 Mar 2023 08:28:14 GMT"
        ],
        "Content-Type": [
          "application/json; charset=utf-8"
        ],
        "Expires": [
          "-1"
        ],
        "Content-Length": [
          "248"
        ]
      },
      "ResponseBody": "{\r\n  \"error\": {\r\n    \"code\": \"ResourceNotFound\",\r\n    \"message\": \"The Resource 'Microsoft.DocumentDB/databaseAccounts/cdbacct-service-sqld' under resource group 'cdbrg-service-sqld' was not found. For more details please go to https://aka.ms/ARMResourceNotFoundFix\"\r\n  }\r\n}",
      "StatusCode": 404
    },
    {
      "RequestUri": "/subscriptions/23587e98-b6ac-4328-a753-03bcd3c8e744/resourceGroups/cdbrg-service-sqld/providers/Microsoft.DocumentDB/databaseAccounts/cdbacct-service-sqld?api-version=2022-08-15-preview",
      "EncodedRequestUri": "L3N1YnNjcmlwdGlvbnMvMjM1ODdlOTgtYjZhYy00MzI4LWE3NTMtMDNiY2QzYzhlNzQ0L3Jlc291cmNlR3JvdXBzL2NkYnJnLXNlcnZpY2Utc3FsZC9wcm92aWRlcnMvTWljcm9zb2Z0LkRvY3VtZW50REIvZGF0YWJhc2VBY2NvdW50cy9jZGJhY2N0LXNlcnZpY2Utc3FsZD9hcGktdmVyc2lvbj0yMDIyLTA4LTE1LXByZXZpZXc=",
      "RequestMethod": "GET",
      "RequestHeaders": {
        "x-ms-client-request-id": [
          "88fb3b2d-9462-4a1e-8186-b6d818fe7bbb"
        ],
        "User-Agent": [
          "FxVersion/4.700.22.55902",
          "OSName/Windows",
          "OSVersion/Microsoft.Windows.10.0.22621",
          "Microsoft.Azure.Management.CosmosDB.CosmosDBManagementClient/3.9.1.0"
        ]
      },
      "RequestBody": "",
      "ResponseHeaders": {
        "Cache-Control": [
          "no-store, no-cache"
        ],
        "Pragma": [
          "no-cache"
        ],
        "Strict-Transport-Security": [
          "max-age=31536000; includeSubDomains"
        ],
        "x-ms-gatewayversion": [
          "version=2.14.0"
        ],
        "Server": [
          "Microsoft-HTTPAPI/2.0"
        ],
        "x-ms-ratelimit-remaining-subscription-reads": [
          "11994"
        ],
        "x-ms-request-id": [
          "b3e24fc4-f505-4994-ab15-a42d8e457ab4"
        ],
        "x-ms-correlation-request-id": [
          "b3e24fc4-f505-4994-ab15-a42d8e457ab4"
        ],
        "x-ms-routing-request-id": [
          "WESTUS2:20230311T083020Z:b3e24fc4-f505-4994-ab15-a42d8e457ab4"
        ],
        "X-Content-Type-Options": [
          "nosniff"
        ],
        "Date": [
          "Sat, 11 Mar 2023 08:30:20 GMT"
        ],
        "Content-Length": [
          "2769"
        ],
        "Content-Type": [
          "application/json"
        ]
      },
      "ResponseBody": "{\r\n  \"id\": \"/subscriptions/23587e98-b6ac-4328-a753-03bcd3c8e744/resourceGroups/cdbrg-service-sqld/providers/Microsoft.DocumentDB/databaseAccounts/cdbacct-service-sqld\",\r\n  \"name\": \"cdbacct-service-sqld\",\r\n  \"location\": \"East US 2\",\r\n  \"type\": \"Microsoft.DocumentDB/databaseAccounts\",\r\n  \"kind\": \"GlobalDocumentDB\",\r\n  \"tags\": {},\r\n  \"systemData\": {\r\n    \"createdAt\": \"2023-03-11T08:29:40.3660355Z\"\r\n  },\r\n  \"properties\": {\r\n    \"provisioningState\": \"Succeeded\",\r\n    \"documentEndpoint\": \"https://cdbacct-service-sqld.documents.azure.com:443/\",\r\n    \"sqlEndpoint\": \"https://cdbacct-service-sqld.documents.azure.com:443/\",\r\n    \"publicNetworkAccess\": \"Enabled\",\r\n    \"enableAutomaticFailover\": false,\r\n    \"enableMultipleWriteLocations\": false,\r\n    \"enablePartitionKeyMonitor\": false,\r\n    \"isVirtualNetworkFilterEnabled\": false,\r\n    \"virtualNetworkRules\": [],\r\n    \"EnabledApiTypes\": \"Sql\",\r\n    \"disableKeyBasedMetadataWriteAccess\": false,\r\n    \"enableFreeTier\": false,\r\n    \"enableAnalyticalStorage\": false,\r\n    \"analyticalStorageConfiguration\": {\r\n      \"schemaType\": \"WellDefined\"\r\n    },\r\n    \"instanceId\": \"24283dde-a967-44ee-96f1-67abdb4ec6db\",\r\n    \"databaseAccountOfferType\": \"Standard\",\r\n    \"enableMaterializedViews\": false,\r\n    \"defaultIdentity\": \"FirstPartyIdentity\",\r\n    \"networkAclBypass\": \"None\",\r\n    \"disableLocalAuth\": false,\r\n    \"enablePartitionMerge\": false,\r\n    \"consistencyPolicy\": {\r\n      \"defaultConsistencyLevel\": \"Session\",\r\n      \"maxIntervalInSeconds\": 5,\r\n      \"maxStalenessPrefix\": 100\r\n    },\r\n    \"configurationOverrides\": {},\r\n    \"writeLocations\": [\r\n      {\r\n        \"id\": \"cdbacct-service-sqld-eastus2\",\r\n        \"locationName\": \"East US 2\",\r\n        \"documentEndpoint\": \"https://cdbacct-service-sqld-eastus2.documents.azure.com:443/\",\r\n        \"provisioningState\": \"Succeeded\",\r\n        \"failoverPriority\": 0,\r\n        \"isZoneRedundant\": false\r\n      }\r\n    ],\r\n    \"readLocations\": [\r\n      {\r\n        \"id\": \"cdbacct-service-sqld-eastus2\",\r\n        \"locationName\": \"East US 2\",\r\n        \"documentEndpoint\": \"https://cdbacct-service-sqld-eastus2.documents.azure.com:443/\",\r\n        \"provisioningState\": \"Succeeded\",\r\n        \"failoverPriority\": 0,\r\n        \"isZoneRedundant\": false\r\n      }\r\n    ],\r\n    \"locations\": [\r\n      {\r\n        \"id\": \"cdbacct-service-sqld-eastus2\",\r\n        \"locationName\": \"East US 2\",\r\n        \"documentEndpoint\": \"https://cdbacct-service-sqld-eastus2.documents.azure.com:443/\",\r\n        \"provisioningState\": \"Succeeded\",\r\n        \"failoverPriority\": 0,\r\n        \"isZoneRedundant\": false\r\n      }\r\n    ],\r\n    \"failoverPolicies\": [\r\n      {\r\n        \"id\": \"cdbacct-service-sqld-eastus2\",\r\n        \"locationName\": \"East US 2\",\r\n        \"failoverPriority\": 0\r\n      }\r\n    ],\r\n    \"cors\": [],\r\n    \"capabilities\": [],\r\n    \"ipRules\": [],\r\n    \"backupPolicy\": {\r\n      \"type\": \"Periodic\",\r\n      \"periodicModeProperties\": {\r\n        \"backupIntervalInMinutes\": 240,\r\n        \"backupRetentionIntervalInHours\": 8,\r\n        \"backupStorageRedundancy\": \"Geo\"\r\n      }\r\n    },\r\n    \"networkAclBypassResourceIds\": [],\r\n    \"diagnosticLogSettings\": {\r\n      \"enableFullTextQuery\": \"None\"\r\n    },\r\n    \"keysMetadata\": {\r\n      \"primaryMasterKey\": {\r\n        \"generationTime\": \"2023-03-11T08:29:40.3660355Z\"\r\n      },\r\n      \"secondaryMasterKey\": {\r\n        \"generationTime\": \"2023-03-11T08:29:40.3660355Z\"\r\n      },\r\n      \"primaryReadonlyMasterKey\": {\r\n        \"generationTime\": \"2023-03-11T08:29:40.3660355Z\"\r\n      },\r\n      \"secondaryReadonlyMasterKey\": {\r\n        \"generationTime\": \"2023-03-11T08:29:40.3660355Z\"\r\n      }\r\n    }\r\n  },\r\n  \"identity\": {\r\n    \"type\": \"None\"\r\n  }\r\n}",
      "StatusCode": 200
    },
    {
      "RequestUri": "/subscriptions/23587e98-b6ac-4328-a753-03bcd3c8e744/resourceGroups/cdbrg-service-sqld/providers/Microsoft.DocumentDB/databaseAccounts/cdbacct-service-sqld?api-version=2022-08-15-preview",
      "EncodedRequestUri": "L3N1YnNjcmlwdGlvbnMvMjM1ODdlOTgtYjZhYy00MzI4LWE3NTMtMDNiY2QzYzhlNzQ0L3Jlc291cmNlR3JvdXBzL2NkYnJnLXNlcnZpY2Utc3FsZC9wcm92aWRlcnMvTWljcm9zb2Z0LkRvY3VtZW50REIvZGF0YWJhc2VBY2NvdW50cy9jZGJhY2N0LXNlcnZpY2Utc3FsZD9hcGktdmVyc2lvbj0yMDIyLTA4LTE1LXByZXZpZXc=",
      "RequestMethod": "PUT",
      "RequestHeaders": {
        "x-ms-client-request-id": [
          "88fb3b2d-9462-4a1e-8186-b6d818fe7bbb"
        ],
        "Accept-Language": [
          "en-US"
        ],
        "User-Agent": [
          "FxVersion/4.700.22.55902",
          "OSName/Windows",
          "OSVersion/Microsoft.Windows.10.0.22621",
          "Microsoft.Azure.Management.CosmosDB.CosmosDBManagementClient/3.9.1.0"
        ],
        "Content-Type": [
          "application/json; charset=utf-8"
        ],
        "Content-Length": [
          "591"
        ]
      },
      "RequestBody": "{\r\n  \"kind\": \"GlobalDocumentDB\",\r\n  \"properties\": {\r\n    \"consistencyPolicy\": {\r\n      \"defaultConsistencyLevel\": \"Session\"\r\n    },\r\n    \"locations\": [\r\n      {\r\n        \"locationName\": \"East US 2\",\r\n        \"failoverPriority\": 0\r\n      }\r\n    ],\r\n    \"isVirtualNetworkFilterEnabled\": false,\r\n    \"enableAutomaticFailover\": false,\r\n    \"virtualNetworkRules\": [],\r\n    \"enableMultipleWriteLocations\": false,\r\n    \"disableKeyBasedMetadataWriteAccess\": false,\r\n    \"networkAclBypassResourceIds\": [],\r\n    \"databaseAccountOfferType\": \"Standard\"\r\n  },\r\n  \"location\": \"East US 2\",\r\n  \"tags\": {}\r\n}",
      "ResponseHeaders": {
        "Cache-Control": [
          "no-store, no-cache"
        ],
        "Pragma": [
          "no-cache"
        ],
        "Location": [
          "https://management.azure.com/subscriptions/23587e98-b6ac-4328-a753-03bcd3c8e744/resourceGroups/cdbrg-service-sqld/providers/Microsoft.DocumentDB/databaseAccounts/cdbacct-service-sqld/operationResults/e38a69d3-aa47-4f92-a1fd-83544c429f07?api-version=2022-08-15-preview"
        ],
        "x-ms-request-id": [
          "e38a69d3-aa47-4f92-a1fd-83544c429f07"
        ],
        "Azure-AsyncOperation": [
          "https://management.azure.com/subscriptions/23587e98-b6ac-4328-a753-03bcd3c8e744/providers/Microsoft.DocumentDB/locations/eastus2/operationsStatus/e38a69d3-aa47-4f92-a1fd-83544c429f07?api-version=2022-08-15-preview"
        ],
        "Strict-Transport-Security": [
          "max-age=31536000; includeSubDomains"
        ],
        "x-ms-gatewayversion": [
          "version=2.14.0"
        ],
        "Server": [
          "Microsoft-HTTPAPI/2.0"
        ],
        "x-ms-ratelimit-remaining-subscription-writes": [
          "1199"
        ],
        "x-ms-correlation-request-id": [
          "e295edc2-199e-4e11-836f-a7b1012a74bf"
        ],
        "x-ms-routing-request-id": [
          "WESTUS2:20230311T082820Z:e295edc2-199e-4e11-836f-a7b1012a74bf"
        ],
        "X-Content-Type-Options": [
          "nosniff"
        ],
        "Date": [
          "Sat, 11 Mar 2023 08:28:19 GMT"
        ],
        "Content-Length": [
          "2357"
        ],
        "Content-Type": [
          "application/json"
        ]
      },
      "ResponseBody": "{\r\n  \"id\": \"/subscriptions/23587e98-b6ac-4328-a753-03bcd3c8e744/resourceGroups/cdbrg-service-sqld/providers/Microsoft.DocumentDB/databaseAccounts/cdbacct-service-sqld\",\r\n  \"name\": \"cdbacct-service-sqld\",\r\n  \"location\": \"East US 2\",\r\n  \"type\": \"Microsoft.DocumentDB/databaseAccounts\",\r\n  \"kind\": \"GlobalDocumentDB\",\r\n  \"tags\": {},\r\n  \"systemData\": {\r\n    \"createdAt\": \"2023-03-11T08:28:18.1511946Z\"\r\n  },\r\n  \"properties\": {\r\n    \"provisioningState\": \"Creating\",\r\n    \"publicNetworkAccess\": \"Enabled\",\r\n    \"enableAutomaticFailover\": false,\r\n    \"enableMultipleWriteLocations\": false,\r\n    \"enablePartitionKeyMonitor\": false,\r\n    \"isVirtualNetworkFilterEnabled\": false,\r\n    \"virtualNetworkRules\": [],\r\n    \"EnabledApiTypes\": \"Sql\",\r\n    \"disableKeyBasedMetadataWriteAccess\": false,\r\n    \"enableFreeTier\": false,\r\n    \"enableAnalyticalStorage\": false,\r\n    \"analyticalStorageConfiguration\": {\r\n      \"schemaType\": \"WellDefined\"\r\n    },\r\n    \"instanceId\": \"24283dde-a967-44ee-96f1-67abdb4ec6db\",\r\n    \"databaseAccountOfferType\": \"Standard\",\r\n    \"enableMaterializedViews\": false,\r\n    \"defaultIdentity\": \"\",\r\n    \"networkAclBypass\": \"None\",\r\n    \"disableLocalAuth\": false,\r\n    \"enablePartitionMerge\": false,\r\n    \"consistencyPolicy\": {\r\n      \"defaultConsistencyLevel\": \"Session\",\r\n      \"maxIntervalInSeconds\": 5,\r\n      \"maxStalenessPrefix\": 100\r\n    },\r\n    \"configurationOverrides\": {},\r\n    \"writeLocations\": [\r\n      {\r\n        \"id\": \"cdbacct-service-sqld-eastus2\",\r\n        \"locationName\": \"East US 2\",\r\n        \"provisioningState\": \"Creating\",\r\n        \"failoverPriority\": 0,\r\n        \"isZoneRedundant\": false\r\n      }\r\n    ],\r\n    \"readLocations\": [\r\n      {\r\n        \"id\": \"cdbacct-service-sqld-eastus2\",\r\n        \"locationName\": \"East US 2\",\r\n        \"provisioningState\": \"Creating\",\r\n        \"failoverPriority\": 0,\r\n        \"isZoneRedundant\": false\r\n      }\r\n    ],\r\n    \"locations\": [\r\n      {\r\n        \"id\": \"cdbacct-service-sqld-eastus2\",\r\n        \"locationName\": \"East US 2\",\r\n        \"provisioningState\": \"Creating\",\r\n        \"failoverPriority\": 0,\r\n        \"isZoneRedundant\": false\r\n      }\r\n    ],\r\n    \"failoverPolicies\": [\r\n      {\r\n        \"id\": \"cdbacct-service-sqld-eastus2\",\r\n        \"locationName\": \"East US 2\",\r\n        \"failoverPriority\": 0\r\n      }\r\n    ],\r\n    \"cors\": [],\r\n    \"capabilities\": [],\r\n    \"ipRules\": [],\r\n    \"backupPolicy\": {\r\n      \"type\": \"Periodic\",\r\n      \"periodicModeProperties\": {\r\n        \"backupIntervalInMinutes\": 240,\r\n        \"backupRetentionIntervalInHours\": 8,\r\n        \"backupStorageRedundancy\": \"Invalid\"\r\n      }\r\n    },\r\n    \"networkAclBypassResourceIds\": [],\r\n    \"diagnosticLogSettings\": {\r\n      \"enableFullTextQuery\": \"None\"\r\n    },\r\n    \"keysMetadata\": {\r\n      \"primaryMasterKey\": {\r\n        \"generationTime\": \"2023-03-11T08:28:18.1511946Z\"\r\n      },\r\n      \"secondaryMasterKey\": {\r\n        \"generationTime\": \"2023-03-11T08:28:18.1511946Z\"\r\n      },\r\n      \"primaryReadonlyMasterKey\": {\r\n        \"generationTime\": \"2023-03-11T08:28:18.1511946Z\"\r\n      },\r\n      \"secondaryReadonlyMasterKey\": {\r\n        \"generationTime\": \"2023-03-11T08:28:18.1511946Z\"\r\n      }\r\n    }\r\n  },\r\n  \"identity\": {\r\n    \"type\": \"None\"\r\n  }\r\n}",
      "StatusCode": 200
    },
    {
      "RequestUri": "/subscriptions/23587e98-b6ac-4328-a753-03bcd3c8e744/providers/Microsoft.DocumentDB/locations/eastus2/operationsStatus/e38a69d3-aa47-4f92-a1fd-83544c429f07?api-version=2022-08-15-preview",
      "EncodedRequestUri": "L3N1YnNjcmlwdGlvbnMvMjM1ODdlOTgtYjZhYy00MzI4LWE3NTMtMDNiY2QzYzhlNzQ0L3Byb3ZpZGVycy9NaWNyb3NvZnQuRG9jdW1lbnREQi9sb2NhdGlvbnMvZWFzdHVzMi9vcGVyYXRpb25zU3RhdHVzL2UzOGE2OWQzLWFhNDctNGY5Mi1hMWZkLTgzNTQ0YzQyOWYwNz9hcGktdmVyc2lvbj0yMDIyLTA4LTE1LXByZXZpZXc=",
      "RequestMethod": "GET",
      "RequestHeaders": {
        "x-ms-client-request-id": [
          "88fb3b2d-9462-4a1e-8186-b6d818fe7bbb"
        ],
        "User-Agent": [
          "FxVersion/4.700.22.55902",
          "OSName/Windows",
          "OSVersion/Microsoft.Windows.10.0.22621",
          "Microsoft.Azure.Management.CosmosDB.CosmosDBManagementClient/3.9.1.0"
        ]
      },
      "RequestBody": "",
      "ResponseHeaders": {
        "Cache-Control": [
          "no-store, no-cache"
        ],
        "Pragma": [
          "no-cache"
        ],
        "Strict-Transport-Security": [
          "max-age=31536000; includeSubDomains"
        ],
        "x-ms-gatewayversion": [
          "version=2.14.0"
        ],
        "Server": [
          "Microsoft-HTTPAPI/2.0"
        ],
        "x-ms-ratelimit-remaining-subscription-reads": [
          "11998"
        ],
        "x-ms-request-id": [
          "90be9326-690c-4c1a-bbd5-5f5023d3846d"
        ],
        "x-ms-correlation-request-id": [
          "90be9326-690c-4c1a-bbd5-5f5023d3846d"
        ],
        "x-ms-routing-request-id": [
          "WESTUS2:20230311T082850Z:90be9326-690c-4c1a-bbd5-5f5023d3846d"
        ],
        "X-Content-Type-Options": [
          "nosniff"
        ],
        "Date": [
          "Sat, 11 Mar 2023 08:28:49 GMT"
        ],
        "Content-Length": [
          "21"
        ],
        "Content-Type": [
          "application/json"
        ]
      },
      "ResponseBody": "{\r\n  \"status\": \"Dequeued\"\r\n}",
      "StatusCode": 200
    },
    {
      "RequestUri": "/subscriptions/23587e98-b6ac-4328-a753-03bcd3c8e744/providers/Microsoft.DocumentDB/locations/eastus2/operationsStatus/e38a69d3-aa47-4f92-a1fd-83544c429f07?api-version=2022-08-15-preview",
      "EncodedRequestUri": "L3N1YnNjcmlwdGlvbnMvMjM1ODdlOTgtYjZhYy00MzI4LWE3NTMtMDNiY2QzYzhlNzQ0L3Byb3ZpZGVycy9NaWNyb3NvZnQuRG9jdW1lbnREQi9sb2NhdGlvbnMvZWFzdHVzMi9vcGVyYXRpb25zU3RhdHVzL2UzOGE2OWQzLWFhNDctNGY5Mi1hMWZkLTgzNTQ0YzQyOWYwNz9hcGktdmVyc2lvbj0yMDIyLTA4LTE1LXByZXZpZXc=",
      "RequestMethod": "GET",
      "RequestHeaders": {
        "x-ms-client-request-id": [
          "88fb3b2d-9462-4a1e-8186-b6d818fe7bbb"
        ],
        "User-Agent": [
          "FxVersion/4.700.22.55902",
          "OSName/Windows",
          "OSVersion/Microsoft.Windows.10.0.22621",
          "Microsoft.Azure.Management.CosmosDB.CosmosDBManagementClient/3.9.1.0"
        ]
      },
      "RequestBody": "",
      "ResponseHeaders": {
        "Cache-Control": [
          "no-store, no-cache"
        ],
        "Pragma": [
          "no-cache"
        ],
        "Strict-Transport-Security": [
          "max-age=31536000; includeSubDomains"
        ],
        "x-ms-gatewayversion": [
          "version=2.14.0"
        ],
        "Server": [
          "Microsoft-HTTPAPI/2.0"
        ],
        "x-ms-ratelimit-remaining-subscription-reads": [
          "11997"
        ],
        "x-ms-request-id": [
          "9801af82-2a5f-4a2c-b312-46277c21f8d6"
        ],
        "x-ms-correlation-request-id": [
          "9801af82-2a5f-4a2c-b312-46277c21f8d6"
        ],
        "x-ms-routing-request-id": [
          "WESTUS2:20230311T082920Z:9801af82-2a5f-4a2c-b312-46277c21f8d6"
        ],
        "X-Content-Type-Options": [
          "nosniff"
        ],
        "Date": [
          "Sat, 11 Mar 2023 08:29:19 GMT"
        ],
        "Content-Length": [
          "21"
        ],
        "Content-Type": [
          "application/json"
        ]
      },
      "ResponseBody": "{\r\n  \"status\": \"Dequeued\"\r\n}",
      "StatusCode": 200
    },
    {
      "RequestUri": "/subscriptions/23587e98-b6ac-4328-a753-03bcd3c8e744/providers/Microsoft.DocumentDB/locations/eastus2/operationsStatus/e38a69d3-aa47-4f92-a1fd-83544c429f07?api-version=2022-08-15-preview",
      "EncodedRequestUri": "L3N1YnNjcmlwdGlvbnMvMjM1ODdlOTgtYjZhYy00MzI4LWE3NTMtMDNiY2QzYzhlNzQ0L3Byb3ZpZGVycy9NaWNyb3NvZnQuRG9jdW1lbnREQi9sb2NhdGlvbnMvZWFzdHVzMi9vcGVyYXRpb25zU3RhdHVzL2UzOGE2OWQzLWFhNDctNGY5Mi1hMWZkLTgzNTQ0YzQyOWYwNz9hcGktdmVyc2lvbj0yMDIyLTA4LTE1LXByZXZpZXc=",
      "RequestMethod": "GET",
      "RequestHeaders": {
        "x-ms-client-request-id": [
          "88fb3b2d-9462-4a1e-8186-b6d818fe7bbb"
        ],
        "User-Agent": [
          "FxVersion/4.700.22.55902",
          "OSName/Windows",
          "OSVersion/Microsoft.Windows.10.0.22621",
          "Microsoft.Azure.Management.CosmosDB.CosmosDBManagementClient/3.9.1.0"
        ]
      },
      "RequestBody": "",
      "ResponseHeaders": {
        "Cache-Control": [
          "no-store, no-cache"
        ],
        "Pragma": [
          "no-cache"
        ],
        "Strict-Transport-Security": [
          "max-age=31536000; includeSubDomains"
        ],
        "x-ms-gatewayversion": [
          "version=2.14.0"
        ],
        "Server": [
          "Microsoft-HTTPAPI/2.0"
        ],
        "x-ms-ratelimit-remaining-subscription-reads": [
          "11996"
        ],
        "x-ms-request-id": [
          "26e71f94-1bd6-44fa-816d-d88d29c6bd78"
        ],
        "x-ms-correlation-request-id": [
          "26e71f94-1bd6-44fa-816d-d88d29c6bd78"
        ],
        "x-ms-routing-request-id": [
          "WESTUS2:20230311T082950Z:26e71f94-1bd6-44fa-816d-d88d29c6bd78"
        ],
        "X-Content-Type-Options": [
          "nosniff"
        ],
        "Date": [
          "Sat, 11 Mar 2023 08:29:50 GMT"
        ],
        "Content-Length": [
          "21"
        ],
        "Content-Type": [
          "application/json"
        ]
      },
      "ResponseBody": "{\r\n  \"status\": \"Dequeued\"\r\n}",
      "StatusCode": 200
    },
    {
      "RequestUri": "/subscriptions/23587e98-b6ac-4328-a753-03bcd3c8e744/providers/Microsoft.DocumentDB/locations/eastus2/operationsStatus/e38a69d3-aa47-4f92-a1fd-83544c429f07?api-version=2022-08-15-preview",
      "EncodedRequestUri": "L3N1YnNjcmlwdGlvbnMvMjM1ODdlOTgtYjZhYy00MzI4LWE3NTMtMDNiY2QzYzhlNzQ0L3Byb3ZpZGVycy9NaWNyb3NvZnQuRG9jdW1lbnREQi9sb2NhdGlvbnMvZWFzdHVzMi9vcGVyYXRpb25zU3RhdHVzL2UzOGE2OWQzLWFhNDctNGY5Mi1hMWZkLTgzNTQ0YzQyOWYwNz9hcGktdmVyc2lvbj0yMDIyLTA4LTE1LXByZXZpZXc=",
      "RequestMethod": "GET",
      "RequestHeaders": {
        "x-ms-client-request-id": [
          "88fb3b2d-9462-4a1e-8186-b6d818fe7bbb"
        ],
        "User-Agent": [
          "FxVersion/4.700.22.55902",
          "OSName/Windows",
          "OSVersion/Microsoft.Windows.10.0.22621",
          "Microsoft.Azure.Management.CosmosDB.CosmosDBManagementClient/3.9.1.0"
        ]
      },
      "RequestBody": "",
      "ResponseHeaders": {
        "Cache-Control": [
          "no-store, no-cache"
        ],
        "Pragma": [
          "no-cache"
        ],
        "Strict-Transport-Security": [
          "max-age=31536000; includeSubDomains"
        ],
        "x-ms-gatewayversion": [
          "version=2.14.0"
        ],
        "Server": [
          "Microsoft-HTTPAPI/2.0"
        ],
        "x-ms-ratelimit-remaining-subscription-reads": [
          "11995"
        ],
        "x-ms-request-id": [
          "6f92c2dc-c1b6-4809-b1e9-e64198b22f6c"
        ],
        "x-ms-correlation-request-id": [
          "6f92c2dc-c1b6-4809-b1e9-e64198b22f6c"
        ],
        "x-ms-routing-request-id": [
          "WESTUS2:20230311T083020Z:6f92c2dc-c1b6-4809-b1e9-e64198b22f6c"
        ],
        "X-Content-Type-Options": [
          "nosniff"
        ],
        "Date": [
          "Sat, 11 Mar 2023 08:30:20 GMT"
        ],
        "Content-Length": [
          "22"
        ],
        "Content-Type": [
          "application/json"
        ]
      },
      "ResponseBody": "{\r\n  \"status\": \"Succeeded\"\r\n}",
      "StatusCode": 200
    },
    {
      "RequestUri": "/subscriptions/23587e98-b6ac-4328-a753-03bcd3c8e744/resourceGroups/cdbrg-service-sqld/providers/Microsoft.DocumentDB/databaseAccounts/cdbacct-service-sqld/services/sqlDedicatedGateway?api-version=2022-08-15-preview",
      "EncodedRequestUri": "L3N1YnNjcmlwdGlvbnMvMjM1ODdlOTgtYjZhYy00MzI4LWE3NTMtMDNiY2QzYzhlNzQ0L3Jlc291cmNlR3JvdXBzL2NkYnJnLXNlcnZpY2Utc3FsZC9wcm92aWRlcnMvTWljcm9zb2Z0LkRvY3VtZW50REIvZGF0YWJhc2VBY2NvdW50cy9jZGJhY2N0LXNlcnZpY2Utc3FsZC9zZXJ2aWNlcy9zcWxEZWRpY2F0ZWRHYXRld2F5P2FwaS12ZXJzaW9uPTIwMjItMDgtMTUtcHJldmlldw==",
      "RequestMethod": "PUT",
      "RequestHeaders": {
        "x-ms-client-request-id": [
          "392db01e-0048-4b96-9405-f873f85f81b4"
        ],
        "Accept-Language": [
          "en-US"
        ],
        "User-Agent": [
          "FxVersion/4.700.22.55902",
          "OSName/Windows",
          "OSVersion/Microsoft.Windows.10.0.22621",
          "Microsoft.Azure.Management.CosmosDB.CosmosDBManagementClient/3.9.1.0"
        ],
        "Content-Type": [
          "application/json; charset=utf-8"
        ],
        "Content-Length": [
          "130"
        ]
      },
      "RequestBody": "{\r\n  \"properties\": {\r\n    \"instanceSize\": \"Cosmos.D4s\",\r\n    \"instanceCount\": 1,\r\n    \"serviceType\": \"SqlDedicatedGateway\"\r\n  }\r\n}",
      "ResponseHeaders": {
        "Cache-Control": [
          "no-store, no-cache"
        ],
        "Pragma": [
          "no-cache"
        ],
        "Location": [
          "https://management.azure.com/subscriptions/23587e98-b6ac-4328-a753-03bcd3c8e744/resourceGroups/cdbrg-service-sqld/providers/Microsoft.DocumentDB/databaseAccounts/cdbacct-service-sqld/services/sqlDedicatedGateway/operationResults/36978c72-095c-4592-9d7d-9a5cc1e547c6?api-version=2022-08-15-preview"
        ],
        "Azure-AsyncOperation": [
          "https://management.azure.com/subscriptions/23587e98-b6ac-4328-a753-03bcd3c8e744/providers/Microsoft.DocumentDB/locations/eastus2/operationsStatus/36978c72-095c-4592-9d7d-9a5cc1e547c6?api-version=2022-08-15-preview"
        ],
        "x-ms-request-id": [
          "36978c72-095c-4592-9d7d-9a5cc1e547c6"
        ],
        "Strict-Transport-Security": [
          "max-age=31536000; includeSubDomains"
        ],
        "x-ms-gatewayversion": [
          "version=2.14.0"
        ],
        "Server": [
          "Microsoft-HTTPAPI/2.0"
        ],
        "x-ms-ratelimit-remaining-subscription-writes": [
          "1199"
        ],
        "x-ms-correlation-request-id": [
          "73d300c8-ece2-4736-9220-e3610752450b"
        ],
        "x-ms-routing-request-id": [
          "WESTUS2:20230311T083022Z:73d300c8-ece2-4736-9220-e3610752450b"
        ],
        "X-Content-Type-Options": [
          "nosniff"
        ],
        "Date": [
          "Sat, 11 Mar 2023 08:30:21 GMT"
        ],
        "Content-Length": [
          "21"
        ],
        "Content-Type": [
          "application/json"
        ]
      },
      "ResponseBody": "{\r\n  \"status\": \"Enqueued\"\r\n}",
      "StatusCode": 202
    },
    {
      "RequestUri": "/subscriptions/23587e98-b6ac-4328-a753-03bcd3c8e744/providers/Microsoft.DocumentDB/locations/eastus2/operationsStatus/36978c72-095c-4592-9d7d-9a5cc1e547c6?api-version=2022-08-15-preview",
      "EncodedRequestUri": "L3N1YnNjcmlwdGlvbnMvMjM1ODdlOTgtYjZhYy00MzI4LWE3NTMtMDNiY2QzYzhlNzQ0L3Byb3ZpZGVycy9NaWNyb3NvZnQuRG9jdW1lbnREQi9sb2NhdGlvbnMvZWFzdHVzMi9vcGVyYXRpb25zU3RhdHVzLzM2OTc4YzcyLTA5NWMtNDU5Mi05ZDdkLTlhNWNjMWU1NDdjNj9hcGktdmVyc2lvbj0yMDIyLTA4LTE1LXByZXZpZXc=",
      "RequestMethod": "GET",
      "RequestHeaders": {
        "x-ms-client-request-id": [
          "392db01e-0048-4b96-9405-f873f85f81b4"
        ],
        "User-Agent": [
          "FxVersion/4.700.22.55902",
          "OSName/Windows",
          "OSVersion/Microsoft.Windows.10.0.22621",
          "Microsoft.Azure.Management.CosmosDB.CosmosDBManagementClient/3.9.1.0"
        ]
      },
      "RequestBody": "",
      "ResponseHeaders": {
        "Cache-Control": [
          "no-store, no-cache"
        ],
        "Pragma": [
          "no-cache"
        ],
        "Strict-Transport-Security": [
          "max-age=31536000; includeSubDomains"
        ],
        "x-ms-gatewayversion": [
          "version=2.14.0"
        ],
        "Server": [
          "Microsoft-HTTPAPI/2.0"
        ],
        "x-ms-ratelimit-remaining-subscription-reads": [
          "11999"
        ],
        "x-ms-request-id": [
          "47df57f5-b201-44fe-a590-1927ee1c9b2b"
        ],
        "x-ms-correlation-request-id": [
          "47df57f5-b201-44fe-a590-1927ee1c9b2b"
        ],
        "x-ms-routing-request-id": [
          "WESTUS2:20230311T083052Z:47df57f5-b201-44fe-a590-1927ee1c9b2b"
        ],
        "X-Content-Type-Options": [
          "nosniff"
        ],
        "Date": [
          "Sat, 11 Mar 2023 08:30:52 GMT"
        ],
        "Content-Length": [
          "21"
        ],
        "Content-Type": [
          "application/json"
        ]
      },
      "ResponseBody": "{\r\n  \"status\": \"Dequeued\"\r\n}",
      "StatusCode": 200
    },
    {
      "RequestUri": "/subscriptions/23587e98-b6ac-4328-a753-03bcd3c8e744/providers/Microsoft.DocumentDB/locations/eastus2/operationsStatus/36978c72-095c-4592-9d7d-9a5cc1e547c6?api-version=2022-08-15-preview",
      "EncodedRequestUri": "L3N1YnNjcmlwdGlvbnMvMjM1ODdlOTgtYjZhYy00MzI4LWE3NTMtMDNiY2QzYzhlNzQ0L3Byb3ZpZGVycy9NaWNyb3NvZnQuRG9jdW1lbnREQi9sb2NhdGlvbnMvZWFzdHVzMi9vcGVyYXRpb25zU3RhdHVzLzM2OTc4YzcyLTA5NWMtNDU5Mi05ZDdkLTlhNWNjMWU1NDdjNj9hcGktdmVyc2lvbj0yMDIyLTA4LTE1LXByZXZpZXc=",
      "RequestMethod": "GET",
      "RequestHeaders": {
        "x-ms-client-request-id": [
          "392db01e-0048-4b96-9405-f873f85f81b4"
        ],
        "User-Agent": [
          "FxVersion/4.700.22.55902",
          "OSName/Windows",
          "OSVersion/Microsoft.Windows.10.0.22621",
          "Microsoft.Azure.Management.CosmosDB.CosmosDBManagementClient/3.9.1.0"
        ]
      },
      "RequestBody": "",
      "ResponseHeaders": {
        "Cache-Control": [
          "no-store, no-cache"
        ],
        "Pragma": [
          "no-cache"
        ],
        "Strict-Transport-Security": [
          "max-age=31536000; includeSubDomains"
        ],
        "x-ms-gatewayversion": [
          "version=2.14.0"
        ],
        "Server": [
          "Microsoft-HTTPAPI/2.0"
        ],
        "x-ms-ratelimit-remaining-subscription-reads": [
          "11998"
        ],
        "x-ms-request-id": [
          "ee4c9319-71b8-4643-a6e2-d9d49a62edf2"
        ],
        "x-ms-correlation-request-id": [
          "ee4c9319-71b8-4643-a6e2-d9d49a62edf2"
        ],
        "x-ms-routing-request-id": [
          "WESTUS2:20230311T083122Z:ee4c9319-71b8-4643-a6e2-d9d49a62edf2"
        ],
        "X-Content-Type-Options": [
          "nosniff"
        ],
        "Date": [
          "Sat, 11 Mar 2023 08:31:21 GMT"
        ],
        "Content-Length": [
          "21"
        ],
        "Content-Type": [
          "application/json"
        ]
      },
      "ResponseBody": "{\r\n  \"status\": \"Dequeued\"\r\n}",
      "StatusCode": 200
    },
    {
      "RequestUri": "/subscriptions/23587e98-b6ac-4328-a753-03bcd3c8e744/providers/Microsoft.DocumentDB/locations/eastus2/operationsStatus/36978c72-095c-4592-9d7d-9a5cc1e547c6?api-version=2022-08-15-preview",
      "EncodedRequestUri": "L3N1YnNjcmlwdGlvbnMvMjM1ODdlOTgtYjZhYy00MzI4LWE3NTMtMDNiY2QzYzhlNzQ0L3Byb3ZpZGVycy9NaWNyb3NvZnQuRG9jdW1lbnREQi9sb2NhdGlvbnMvZWFzdHVzMi9vcGVyYXRpb25zU3RhdHVzLzM2OTc4YzcyLTA5NWMtNDU5Mi05ZDdkLTlhNWNjMWU1NDdjNj9hcGktdmVyc2lvbj0yMDIyLTA4LTE1LXByZXZpZXc=",
      "RequestMethod": "GET",
      "RequestHeaders": {
        "x-ms-client-request-id": [
          "392db01e-0048-4b96-9405-f873f85f81b4"
        ],
        "User-Agent": [
          "FxVersion/4.700.22.55902",
          "OSName/Windows",
          "OSVersion/Microsoft.Windows.10.0.22621",
          "Microsoft.Azure.Management.CosmosDB.CosmosDBManagementClient/3.9.1.0"
        ]
      },
      "RequestBody": "",
      "ResponseHeaders": {
        "Cache-Control": [
          "no-store, no-cache"
        ],
        "Pragma": [
          "no-cache"
        ],
        "Strict-Transport-Security": [
          "max-age=31536000; includeSubDomains"
        ],
        "x-ms-gatewayversion": [
          "version=2.14.0"
        ],
        "Server": [
          "Microsoft-HTTPAPI/2.0"
        ],
        "x-ms-ratelimit-remaining-subscription-reads": [
          "11997"
        ],
        "x-ms-request-id": [
          "91d3cc56-0045-4e0b-8636-56428a27d238"
        ],
        "x-ms-correlation-request-id": [
          "91d3cc56-0045-4e0b-8636-56428a27d238"
        ],
        "x-ms-routing-request-id": [
          "WESTUS2:20230311T083152Z:91d3cc56-0045-4e0b-8636-56428a27d238"
        ],
        "X-Content-Type-Options": [
          "nosniff"
        ],
        "Date": [
          "Sat, 11 Mar 2023 08:31:52 GMT"
        ],
        "Content-Length": [
          "21"
        ],
        "Content-Type": [
          "application/json"
        ]
      },
      "ResponseBody": "{\r\n  \"status\": \"Dequeued\"\r\n}",
      "StatusCode": 200
    },
    {
      "RequestUri": "/subscriptions/23587e98-b6ac-4328-a753-03bcd3c8e744/providers/Microsoft.DocumentDB/locations/eastus2/operationsStatus/36978c72-095c-4592-9d7d-9a5cc1e547c6?api-version=2022-08-15-preview",
      "EncodedRequestUri": "L3N1YnNjcmlwdGlvbnMvMjM1ODdlOTgtYjZhYy00MzI4LWE3NTMtMDNiY2QzYzhlNzQ0L3Byb3ZpZGVycy9NaWNyb3NvZnQuRG9jdW1lbnREQi9sb2NhdGlvbnMvZWFzdHVzMi9vcGVyYXRpb25zU3RhdHVzLzM2OTc4YzcyLTA5NWMtNDU5Mi05ZDdkLTlhNWNjMWU1NDdjNj9hcGktdmVyc2lvbj0yMDIyLTA4LTE1LXByZXZpZXc=",
      "RequestMethod": "GET",
      "RequestHeaders": {
        "x-ms-client-request-id": [
          "392db01e-0048-4b96-9405-f873f85f81b4"
        ],
        "User-Agent": [
          "FxVersion/4.700.22.55902",
          "OSName/Windows",
          "OSVersion/Microsoft.Windows.10.0.22621",
          "Microsoft.Azure.Management.CosmosDB.CosmosDBManagementClient/3.9.1.0"
        ]
      },
      "RequestBody": "",
      "ResponseHeaders": {
        "Cache-Control": [
          "no-store, no-cache"
        ],
        "Pragma": [
          "no-cache"
        ],
        "Strict-Transport-Security": [
          "max-age=31536000; includeSubDomains"
        ],
        "x-ms-gatewayversion": [
          "version=2.14.0"
        ],
        "Server": [
          "Microsoft-HTTPAPI/2.0"
        ],
        "x-ms-ratelimit-remaining-subscription-reads": [
          "11996"
        ],
        "x-ms-request-id": [
          "0564e2a7-b336-4371-923c-76c212d60323"
        ],
        "x-ms-correlation-request-id": [
          "0564e2a7-b336-4371-923c-76c212d60323"
        ],
        "x-ms-routing-request-id": [
          "WESTUS2:20230311T083223Z:0564e2a7-b336-4371-923c-76c212d60323"
        ],
        "X-Content-Type-Options": [
          "nosniff"
        ],
        "Date": [
          "Sat, 11 Mar 2023 08:32:22 GMT"
        ],
        "Content-Length": [
          "21"
        ],
        "Content-Type": [
          "application/json"
        ]
      },
      "ResponseBody": "{\r\n  \"status\": \"Dequeued\"\r\n}",
      "StatusCode": 200
    },
    {
      "RequestUri": "/subscriptions/23587e98-b6ac-4328-a753-03bcd3c8e744/providers/Microsoft.DocumentDB/locations/eastus2/operationsStatus/36978c72-095c-4592-9d7d-9a5cc1e547c6?api-version=2022-08-15-preview",
      "EncodedRequestUri": "L3N1YnNjcmlwdGlvbnMvMjM1ODdlOTgtYjZhYy00MzI4LWE3NTMtMDNiY2QzYzhlNzQ0L3Byb3ZpZGVycy9NaWNyb3NvZnQuRG9jdW1lbnREQi9sb2NhdGlvbnMvZWFzdHVzMi9vcGVyYXRpb25zU3RhdHVzLzM2OTc4YzcyLTA5NWMtNDU5Mi05ZDdkLTlhNWNjMWU1NDdjNj9hcGktdmVyc2lvbj0yMDIyLTA4LTE1LXByZXZpZXc=",
      "RequestMethod": "GET",
      "RequestHeaders": {
        "x-ms-client-request-id": [
          "392db01e-0048-4b96-9405-f873f85f81b4"
        ],
        "User-Agent": [
          "FxVersion/4.700.22.55902",
          "OSName/Windows",
          "OSVersion/Microsoft.Windows.10.0.22621",
          "Microsoft.Azure.Management.CosmosDB.CosmosDBManagementClient/3.9.1.0"
        ]
      },
      "RequestBody": "",
      "ResponseHeaders": {
        "Cache-Control": [
          "no-store, no-cache"
        ],
        "Pragma": [
          "no-cache"
        ],
        "Strict-Transport-Security": [
          "max-age=31536000; includeSubDomains"
        ],
        "x-ms-gatewayversion": [
          "version=2.14.0"
        ],
        "Server": [
          "Microsoft-HTTPAPI/2.0"
        ],
        "x-ms-ratelimit-remaining-subscription-reads": [
          "11995"
        ],
        "x-ms-request-id": [
          "a48188cd-d0c5-4109-b628-451256b76884"
        ],
        "x-ms-correlation-request-id": [
          "a48188cd-d0c5-4109-b628-451256b76884"
        ],
        "x-ms-routing-request-id": [
          "WESTUS2:20230311T083253Z:a48188cd-d0c5-4109-b628-451256b76884"
        ],
        "X-Content-Type-Options": [
          "nosniff"
        ],
        "Date": [
          "Sat, 11 Mar 2023 08:32:53 GMT"
        ],
        "Content-Length": [
          "21"
        ],
        "Content-Type": [
          "application/json"
        ]
      },
      "ResponseBody": "{\r\n  \"status\": \"Dequeued\"\r\n}",
      "StatusCode": 200
    },
    {
      "RequestUri": "/subscriptions/23587e98-b6ac-4328-a753-03bcd3c8e744/providers/Microsoft.DocumentDB/locations/eastus2/operationsStatus/36978c72-095c-4592-9d7d-9a5cc1e547c6?api-version=2022-08-15-preview",
      "EncodedRequestUri": "L3N1YnNjcmlwdGlvbnMvMjM1ODdlOTgtYjZhYy00MzI4LWE3NTMtMDNiY2QzYzhlNzQ0L3Byb3ZpZGVycy9NaWNyb3NvZnQuRG9jdW1lbnREQi9sb2NhdGlvbnMvZWFzdHVzMi9vcGVyYXRpb25zU3RhdHVzLzM2OTc4YzcyLTA5NWMtNDU5Mi05ZDdkLTlhNWNjMWU1NDdjNj9hcGktdmVyc2lvbj0yMDIyLTA4LTE1LXByZXZpZXc=",
      "RequestMethod": "GET",
      "RequestHeaders": {
        "x-ms-client-request-id": [
          "392db01e-0048-4b96-9405-f873f85f81b4"
        ],
        "User-Agent": [
          "FxVersion/4.700.22.55902",
          "OSName/Windows",
          "OSVersion/Microsoft.Windows.10.0.22621",
          "Microsoft.Azure.Management.CosmosDB.CosmosDBManagementClient/3.9.1.0"
        ]
      },
      "RequestBody": "",
      "ResponseHeaders": {
        "Cache-Control": [
          "no-store, no-cache"
        ],
        "Pragma": [
          "no-cache"
        ],
        "Strict-Transport-Security": [
          "max-age=31536000; includeSubDomains"
        ],
        "x-ms-gatewayversion": [
          "version=2.14.0"
        ],
        "Server": [
          "Microsoft-HTTPAPI/2.0"
        ],
        "x-ms-ratelimit-remaining-subscription-reads": [
          "11994"
        ],
        "x-ms-request-id": [
          "917e9746-ee10-474e-a06a-e0bce5d634d9"
        ],
        "x-ms-correlation-request-id": [
          "917e9746-ee10-474e-a06a-e0bce5d634d9"
        ],
        "x-ms-routing-request-id": [
          "WESTUS2:20230311T083323Z:917e9746-ee10-474e-a06a-e0bce5d634d9"
        ],
        "X-Content-Type-Options": [
          "nosniff"
        ],
        "Date": [
          "Sat, 11 Mar 2023 08:33:22 GMT"
        ],
        "Content-Length": [
          "21"
        ],
        "Content-Type": [
          "application/json"
        ]
      },
      "ResponseBody": "{\r\n  \"status\": \"Dequeued\"\r\n}",
      "StatusCode": 200
    },
    {
      "RequestUri": "/subscriptions/23587e98-b6ac-4328-a753-03bcd3c8e744/providers/Microsoft.DocumentDB/locations/eastus2/operationsStatus/36978c72-095c-4592-9d7d-9a5cc1e547c6?api-version=2022-08-15-preview",
      "EncodedRequestUri": "L3N1YnNjcmlwdGlvbnMvMjM1ODdlOTgtYjZhYy00MzI4LWE3NTMtMDNiY2QzYzhlNzQ0L3Byb3ZpZGVycy9NaWNyb3NvZnQuRG9jdW1lbnREQi9sb2NhdGlvbnMvZWFzdHVzMi9vcGVyYXRpb25zU3RhdHVzLzM2OTc4YzcyLTA5NWMtNDU5Mi05ZDdkLTlhNWNjMWU1NDdjNj9hcGktdmVyc2lvbj0yMDIyLTA4LTE1LXByZXZpZXc=",
      "RequestMethod": "GET",
      "RequestHeaders": {
        "x-ms-client-request-id": [
          "392db01e-0048-4b96-9405-f873f85f81b4"
        ],
        "User-Agent": [
          "FxVersion/4.700.22.55902",
          "OSName/Windows",
          "OSVersion/Microsoft.Windows.10.0.22621",
          "Microsoft.Azure.Management.CosmosDB.CosmosDBManagementClient/3.9.1.0"
        ]
      },
      "RequestBody": "",
      "ResponseHeaders": {
        "Cache-Control": [
          "no-store, no-cache"
        ],
        "Pragma": [
          "no-cache"
        ],
        "Strict-Transport-Security": [
          "max-age=31536000; includeSubDomains"
        ],
        "x-ms-gatewayversion": [
          "version=2.14.0"
        ],
        "Server": [
          "Microsoft-HTTPAPI/2.0"
        ],
        "x-ms-ratelimit-remaining-subscription-reads": [
          "11993"
        ],
        "x-ms-request-id": [
          "d60cfe2e-1c08-4e64-9b17-3c902da0b788"
        ],
        "x-ms-correlation-request-id": [
          "d60cfe2e-1c08-4e64-9b17-3c902da0b788"
        ],
        "x-ms-routing-request-id": [
          "WESTUS2:20230311T083353Z:d60cfe2e-1c08-4e64-9b17-3c902da0b788"
        ],
        "X-Content-Type-Options": [
          "nosniff"
        ],
        "Date": [
          "Sat, 11 Mar 2023 08:33:52 GMT"
        ],
        "Content-Length": [
          "21"
        ],
        "Content-Type": [
          "application/json"
        ]
      },
      "ResponseBody": "{\r\n  \"status\": \"Dequeued\"\r\n}",
      "StatusCode": 200
    },
    {
      "RequestUri": "/subscriptions/23587e98-b6ac-4328-a753-03bcd3c8e744/providers/Microsoft.DocumentDB/locations/eastus2/operationsStatus/36978c72-095c-4592-9d7d-9a5cc1e547c6?api-version=2022-08-15-preview",
      "EncodedRequestUri": "L3N1YnNjcmlwdGlvbnMvMjM1ODdlOTgtYjZhYy00MzI4LWE3NTMtMDNiY2QzYzhlNzQ0L3Byb3ZpZGVycy9NaWNyb3NvZnQuRG9jdW1lbnREQi9sb2NhdGlvbnMvZWFzdHVzMi9vcGVyYXRpb25zU3RhdHVzLzM2OTc4YzcyLTA5NWMtNDU5Mi05ZDdkLTlhNWNjMWU1NDdjNj9hcGktdmVyc2lvbj0yMDIyLTA4LTE1LXByZXZpZXc=",
      "RequestMethod": "GET",
      "RequestHeaders": {
        "x-ms-client-request-id": [
          "392db01e-0048-4b96-9405-f873f85f81b4"
        ],
        "User-Agent": [
          "FxVersion/4.700.22.55902",
          "OSName/Windows",
          "OSVersion/Microsoft.Windows.10.0.22621",
          "Microsoft.Azure.Management.CosmosDB.CosmosDBManagementClient/3.9.1.0"
        ]
      },
      "RequestBody": "",
      "ResponseHeaders": {
        "Cache-Control": [
          "no-store, no-cache"
        ],
        "Pragma": [
          "no-cache"
        ],
        "Strict-Transport-Security": [
          "max-age=31536000; includeSubDomains"
        ],
        "x-ms-gatewayversion": [
          "version=2.14.0"
        ],
        "Server": [
          "Microsoft-HTTPAPI/2.0"
        ],
        "x-ms-ratelimit-remaining-subscription-reads": [
          "11992"
        ],
        "x-ms-request-id": [
          "4712a16b-35ec-4496-a5f2-91e3f897b325"
        ],
        "x-ms-correlation-request-id": [
          "4712a16b-35ec-4496-a5f2-91e3f897b325"
        ],
        "x-ms-routing-request-id": [
          "WESTUS2:20230311T083423Z:4712a16b-35ec-4496-a5f2-91e3f897b325"
        ],
        "X-Content-Type-Options": [
          "nosniff"
        ],
        "Date": [
          "Sat, 11 Mar 2023 08:34:22 GMT"
        ],
        "Content-Length": [
          "21"
        ],
        "Content-Type": [
          "application/json"
        ]
      },
      "ResponseBody": "{\r\n  \"status\": \"Dequeued\"\r\n}",
      "StatusCode": 200
    },
    {
      "RequestUri": "/subscriptions/23587e98-b6ac-4328-a753-03bcd3c8e744/providers/Microsoft.DocumentDB/locations/eastus2/operationsStatus/36978c72-095c-4592-9d7d-9a5cc1e547c6?api-version=2022-08-15-preview",
      "EncodedRequestUri": "L3N1YnNjcmlwdGlvbnMvMjM1ODdlOTgtYjZhYy00MzI4LWE3NTMtMDNiY2QzYzhlNzQ0L3Byb3ZpZGVycy9NaWNyb3NvZnQuRG9jdW1lbnREQi9sb2NhdGlvbnMvZWFzdHVzMi9vcGVyYXRpb25zU3RhdHVzLzM2OTc4YzcyLTA5NWMtNDU5Mi05ZDdkLTlhNWNjMWU1NDdjNj9hcGktdmVyc2lvbj0yMDIyLTA4LTE1LXByZXZpZXc=",
      "RequestMethod": "GET",
      "RequestHeaders": {
        "x-ms-client-request-id": [
          "392db01e-0048-4b96-9405-f873f85f81b4"
        ],
        "User-Agent": [
          "FxVersion/4.700.22.55902",
          "OSName/Windows",
          "OSVersion/Microsoft.Windows.10.0.22621",
          "Microsoft.Azure.Management.CosmosDB.CosmosDBManagementClient/3.9.1.0"
        ]
      },
      "RequestBody": "",
      "ResponseHeaders": {
        "Cache-Control": [
          "no-store, no-cache"
        ],
        "Pragma": [
          "no-cache"
        ],
        "Strict-Transport-Security": [
          "max-age=31536000; includeSubDomains"
        ],
        "x-ms-gatewayversion": [
          "version=2.14.0"
        ],
        "Server": [
          "Microsoft-HTTPAPI/2.0"
        ],
        "x-ms-ratelimit-remaining-subscription-reads": [
          "11991"
        ],
        "x-ms-request-id": [
          "a95137e8-93f3-45d4-9900-de276303da83"
        ],
        "x-ms-correlation-request-id": [
          "a95137e8-93f3-45d4-9900-de276303da83"
        ],
        "x-ms-routing-request-id": [
          "WESTUS2:20230311T083453Z:a95137e8-93f3-45d4-9900-de276303da83"
        ],
        "X-Content-Type-Options": [
          "nosniff"
        ],
        "Date": [
          "Sat, 11 Mar 2023 08:34:53 GMT"
        ],
        "Content-Length": [
          "21"
        ],
        "Content-Type": [
          "application/json"
        ]
      },
      "ResponseBody": "{\r\n  \"status\": \"Dequeued\"\r\n}",
      "StatusCode": 200
    },
    {
      "RequestUri": "/subscriptions/23587e98-b6ac-4328-a753-03bcd3c8e744/providers/Microsoft.DocumentDB/locations/eastus2/operationsStatus/36978c72-095c-4592-9d7d-9a5cc1e547c6?api-version=2022-08-15-preview",
      "EncodedRequestUri": "L3N1YnNjcmlwdGlvbnMvMjM1ODdlOTgtYjZhYy00MzI4LWE3NTMtMDNiY2QzYzhlNzQ0L3Byb3ZpZGVycy9NaWNyb3NvZnQuRG9jdW1lbnREQi9sb2NhdGlvbnMvZWFzdHVzMi9vcGVyYXRpb25zU3RhdHVzLzM2OTc4YzcyLTA5NWMtNDU5Mi05ZDdkLTlhNWNjMWU1NDdjNj9hcGktdmVyc2lvbj0yMDIyLTA4LTE1LXByZXZpZXc=",
      "RequestMethod": "GET",
      "RequestHeaders": {
        "x-ms-client-request-id": [
          "392db01e-0048-4b96-9405-f873f85f81b4"
        ],
        "User-Agent": [
          "FxVersion/4.700.22.55902",
          "OSName/Windows",
          "OSVersion/Microsoft.Windows.10.0.22621",
          "Microsoft.Azure.Management.CosmosDB.CosmosDBManagementClient/3.9.1.0"
        ]
      },
      "RequestBody": "",
      "ResponseHeaders": {
        "Cache-Control": [
          "no-store, no-cache"
        ],
        "Pragma": [
          "no-cache"
        ],
        "Strict-Transport-Security": [
          "max-age=31536000; includeSubDomains"
        ],
        "x-ms-gatewayversion": [
          "version=2.14.0"
        ],
        "Server": [
          "Microsoft-HTTPAPI/2.0"
        ],
        "x-ms-ratelimit-remaining-subscription-reads": [
          "11990"
        ],
        "x-ms-request-id": [
          "4ccc90ea-6a6b-47ff-b292-26306f0a59ec"
        ],
        "x-ms-correlation-request-id": [
          "4ccc90ea-6a6b-47ff-b292-26306f0a59ec"
        ],
        "x-ms-routing-request-id": [
          "WESTUS2:20230311T083524Z:4ccc90ea-6a6b-47ff-b292-26306f0a59ec"
        ],
        "X-Content-Type-Options": [
          "nosniff"
        ],
        "Date": [
          "Sat, 11 Mar 2023 08:35:23 GMT"
        ],
        "Content-Length": [
          "21"
        ],
        "Content-Type": [
          "application/json"
        ]
      },
      "ResponseBody": "{\r\n  \"status\": \"Dequeued\"\r\n}",
      "StatusCode": 200
    },
    {
      "RequestUri": "/subscriptions/23587e98-b6ac-4328-a753-03bcd3c8e744/providers/Microsoft.DocumentDB/locations/eastus2/operationsStatus/36978c72-095c-4592-9d7d-9a5cc1e547c6?api-version=2022-08-15-preview",
      "EncodedRequestUri": "L3N1YnNjcmlwdGlvbnMvMjM1ODdlOTgtYjZhYy00MzI4LWE3NTMtMDNiY2QzYzhlNzQ0L3Byb3ZpZGVycy9NaWNyb3NvZnQuRG9jdW1lbnREQi9sb2NhdGlvbnMvZWFzdHVzMi9vcGVyYXRpb25zU3RhdHVzLzM2OTc4YzcyLTA5NWMtNDU5Mi05ZDdkLTlhNWNjMWU1NDdjNj9hcGktdmVyc2lvbj0yMDIyLTA4LTE1LXByZXZpZXc=",
      "RequestMethod": "GET",
      "RequestHeaders": {
        "x-ms-client-request-id": [
          "392db01e-0048-4b96-9405-f873f85f81b4"
        ],
        "User-Agent": [
          "FxVersion/4.700.22.55902",
          "OSName/Windows",
          "OSVersion/Microsoft.Windows.10.0.22621",
          "Microsoft.Azure.Management.CosmosDB.CosmosDBManagementClient/3.9.1.0"
        ]
      },
      "RequestBody": "",
      "ResponseHeaders": {
        "Cache-Control": [
          "no-store, no-cache"
        ],
        "Pragma": [
          "no-cache"
        ],
        "Strict-Transport-Security": [
          "max-age=31536000; includeSubDomains"
        ],
        "x-ms-gatewayversion": [
          "version=2.14.0"
        ],
        "Server": [
          "Microsoft-HTTPAPI/2.0"
        ],
        "x-ms-ratelimit-remaining-subscription-reads": [
          "11989"
        ],
        "x-ms-request-id": [
          "a76f8dc7-71d2-4614-840d-e4a8854786e5"
        ],
        "x-ms-correlation-request-id": [
          "a76f8dc7-71d2-4614-840d-e4a8854786e5"
        ],
        "x-ms-routing-request-id": [
          "WESTUS2:20230311T083554Z:a76f8dc7-71d2-4614-840d-e4a8854786e5"
        ],
        "X-Content-Type-Options": [
          "nosniff"
        ],
        "Date": [
          "Sat, 11 Mar 2023 08:35:54 GMT"
        ],
        "Content-Length": [
          "21"
        ],
        "Content-Type": [
          "application/json"
        ]
      },
      "ResponseBody": "{\r\n  \"status\": \"Dequeued\"\r\n}",
      "StatusCode": 200
    },
    {
      "RequestUri": "/subscriptions/23587e98-b6ac-4328-a753-03bcd3c8e744/providers/Microsoft.DocumentDB/locations/eastus2/operationsStatus/36978c72-095c-4592-9d7d-9a5cc1e547c6?api-version=2022-08-15-preview",
      "EncodedRequestUri": "L3N1YnNjcmlwdGlvbnMvMjM1ODdlOTgtYjZhYy00MzI4LWE3NTMtMDNiY2QzYzhlNzQ0L3Byb3ZpZGVycy9NaWNyb3NvZnQuRG9jdW1lbnREQi9sb2NhdGlvbnMvZWFzdHVzMi9vcGVyYXRpb25zU3RhdHVzLzM2OTc4YzcyLTA5NWMtNDU5Mi05ZDdkLTlhNWNjMWU1NDdjNj9hcGktdmVyc2lvbj0yMDIyLTA4LTE1LXByZXZpZXc=",
      "RequestMethod": "GET",
      "RequestHeaders": {
        "x-ms-client-request-id": [
          "392db01e-0048-4b96-9405-f873f85f81b4"
        ],
        "User-Agent": [
          "FxVersion/4.700.22.55902",
          "OSName/Windows",
          "OSVersion/Microsoft.Windows.10.0.22621",
          "Microsoft.Azure.Management.CosmosDB.CosmosDBManagementClient/3.9.1.0"
        ]
      },
      "RequestBody": "",
      "ResponseHeaders": {
        "Cache-Control": [
          "no-store, no-cache"
        ],
        "Pragma": [
          "no-cache"
        ],
        "Strict-Transport-Security": [
          "max-age=31536000; includeSubDomains"
        ],
        "x-ms-gatewayversion": [
          "version=2.14.0"
        ],
        "Server": [
          "Microsoft-HTTPAPI/2.0"
        ],
        "x-ms-ratelimit-remaining-subscription-reads": [
          "11988"
        ],
        "x-ms-request-id": [
          "e86e8b5f-879d-481b-bfa3-43587c544124"
        ],
        "x-ms-correlation-request-id": [
          "e86e8b5f-879d-481b-bfa3-43587c544124"
        ],
        "x-ms-routing-request-id": [
          "WESTUS2:20230311T083624Z:e86e8b5f-879d-481b-bfa3-43587c544124"
        ],
        "X-Content-Type-Options": [
          "nosniff"
        ],
        "Date": [
          "Sat, 11 Mar 2023 08:36:23 GMT"
        ],
        "Content-Length": [
          "21"
        ],
        "Content-Type": [
          "application/json"
        ]
      },
      "ResponseBody": "{\r\n  \"status\": \"Dequeued\"\r\n}",
      "StatusCode": 200
    },
    {
      "RequestUri": "/subscriptions/23587e98-b6ac-4328-a753-03bcd3c8e744/providers/Microsoft.DocumentDB/locations/eastus2/operationsStatus/36978c72-095c-4592-9d7d-9a5cc1e547c6?api-version=2022-08-15-preview",
      "EncodedRequestUri": "L3N1YnNjcmlwdGlvbnMvMjM1ODdlOTgtYjZhYy00MzI4LWE3NTMtMDNiY2QzYzhlNzQ0L3Byb3ZpZGVycy9NaWNyb3NvZnQuRG9jdW1lbnREQi9sb2NhdGlvbnMvZWFzdHVzMi9vcGVyYXRpb25zU3RhdHVzLzM2OTc4YzcyLTA5NWMtNDU5Mi05ZDdkLTlhNWNjMWU1NDdjNj9hcGktdmVyc2lvbj0yMDIyLTA4LTE1LXByZXZpZXc=",
      "RequestMethod": "GET",
      "RequestHeaders": {
        "x-ms-client-request-id": [
          "392db01e-0048-4b96-9405-f873f85f81b4"
        ],
        "User-Agent": [
          "FxVersion/4.700.22.55902",
          "OSName/Windows",
          "OSVersion/Microsoft.Windows.10.0.22621",
          "Microsoft.Azure.Management.CosmosDB.CosmosDBManagementClient/3.9.1.0"
        ]
      },
      "RequestBody": "",
      "ResponseHeaders": {
        "Cache-Control": [
          "no-store, no-cache"
        ],
        "Pragma": [
          "no-cache"
        ],
        "Strict-Transport-Security": [
          "max-age=31536000; includeSubDomains"
        ],
        "x-ms-gatewayversion": [
          "version=2.14.0"
        ],
        "Server": [
          "Microsoft-HTTPAPI/2.0"
        ],
        "x-ms-ratelimit-remaining-subscription-reads": [
          "11987"
        ],
        "x-ms-request-id": [
          "62f86bb2-77d6-4a89-9c5d-f67a8e9dbb71"
        ],
        "x-ms-correlation-request-id": [
          "62f86bb2-77d6-4a89-9c5d-f67a8e9dbb71"
        ],
        "x-ms-routing-request-id": [
          "WESTUS2:20230311T083654Z:62f86bb2-77d6-4a89-9c5d-f67a8e9dbb71"
        ],
        "X-Content-Type-Options": [
          "nosniff"
        ],
        "Date": [
          "Sat, 11 Mar 2023 08:36:53 GMT"
        ],
        "Content-Length": [
          "21"
        ],
        "Content-Type": [
          "application/json"
        ]
      },
      "ResponseBody": "{\r\n  \"status\": \"Dequeued\"\r\n}",
      "StatusCode": 200
    },
    {
      "RequestUri": "/subscriptions/23587e98-b6ac-4328-a753-03bcd3c8e744/providers/Microsoft.DocumentDB/locations/eastus2/operationsStatus/36978c72-095c-4592-9d7d-9a5cc1e547c6?api-version=2022-08-15-preview",
      "EncodedRequestUri": "L3N1YnNjcmlwdGlvbnMvMjM1ODdlOTgtYjZhYy00MzI4LWE3NTMtMDNiY2QzYzhlNzQ0L3Byb3ZpZGVycy9NaWNyb3NvZnQuRG9jdW1lbnREQi9sb2NhdGlvbnMvZWFzdHVzMi9vcGVyYXRpb25zU3RhdHVzLzM2OTc4YzcyLTA5NWMtNDU5Mi05ZDdkLTlhNWNjMWU1NDdjNj9hcGktdmVyc2lvbj0yMDIyLTA4LTE1LXByZXZpZXc=",
      "RequestMethod": "GET",
      "RequestHeaders": {
        "x-ms-client-request-id": [
          "392db01e-0048-4b96-9405-f873f85f81b4"
        ],
        "User-Agent": [
          "FxVersion/4.700.22.55902",
          "OSName/Windows",
          "OSVersion/Microsoft.Windows.10.0.22621",
          "Microsoft.Azure.Management.CosmosDB.CosmosDBManagementClient/3.9.1.0"
        ]
      },
      "RequestBody": "",
      "ResponseHeaders": {
        "Cache-Control": [
          "no-store, no-cache"
        ],
        "Pragma": [
          "no-cache"
        ],
        "Strict-Transport-Security": [
          "max-age=31536000; includeSubDomains"
        ],
        "x-ms-gatewayversion": [
          "version=2.14.0"
        ],
        "Server": [
          "Microsoft-HTTPAPI/2.0"
        ],
        "x-ms-ratelimit-remaining-subscription-reads": [
          "11986"
        ],
        "x-ms-request-id": [
          "7e71de8d-f947-4f7a-8353-1d17feb037c3"
        ],
        "x-ms-correlation-request-id": [
          "7e71de8d-f947-4f7a-8353-1d17feb037c3"
        ],
        "x-ms-routing-request-id": [
          "WESTUS2:20230311T083724Z:7e71de8d-f947-4f7a-8353-1d17feb037c3"
        ],
        "X-Content-Type-Options": [
          "nosniff"
        ],
        "Date": [
          "Sat, 11 Mar 2023 08:37:24 GMT"
        ],
        "Content-Length": [
          "21"
        ],
        "Content-Type": [
          "application/json"
        ]
      },
      "ResponseBody": "{\r\n  \"status\": \"Dequeued\"\r\n}",
      "StatusCode": 200
    },
    {
      "RequestUri": "/subscriptions/23587e98-b6ac-4328-a753-03bcd3c8e744/providers/Microsoft.DocumentDB/locations/eastus2/operationsStatus/36978c72-095c-4592-9d7d-9a5cc1e547c6?api-version=2022-08-15-preview",
      "EncodedRequestUri": "L3N1YnNjcmlwdGlvbnMvMjM1ODdlOTgtYjZhYy00MzI4LWE3NTMtMDNiY2QzYzhlNzQ0L3Byb3ZpZGVycy9NaWNyb3NvZnQuRG9jdW1lbnREQi9sb2NhdGlvbnMvZWFzdHVzMi9vcGVyYXRpb25zU3RhdHVzLzM2OTc4YzcyLTA5NWMtNDU5Mi05ZDdkLTlhNWNjMWU1NDdjNj9hcGktdmVyc2lvbj0yMDIyLTA4LTE1LXByZXZpZXc=",
      "RequestMethod": "GET",
      "RequestHeaders": {
        "x-ms-client-request-id": [
          "392db01e-0048-4b96-9405-f873f85f81b4"
        ],
        "User-Agent": [
          "FxVersion/4.700.22.55902",
          "OSName/Windows",
          "OSVersion/Microsoft.Windows.10.0.22621",
          "Microsoft.Azure.Management.CosmosDB.CosmosDBManagementClient/3.9.1.0"
        ]
      },
      "RequestBody": "",
      "ResponseHeaders": {
        "Cache-Control": [
          "no-store, no-cache"
        ],
        "Pragma": [
          "no-cache"
        ],
        "Strict-Transport-Security": [
          "max-age=31536000; includeSubDomains"
        ],
        "x-ms-gatewayversion": [
          "version=2.14.0"
        ],
        "Server": [
          "Microsoft-HTTPAPI/2.0"
        ],
        "x-ms-ratelimit-remaining-subscription-reads": [
          "11985"
        ],
        "x-ms-request-id": [
          "41925e07-4474-4098-b8ee-3cdc3579c63f"
        ],
        "x-ms-correlation-request-id": [
          "41925e07-4474-4098-b8ee-3cdc3579c63f"
        ],
        "x-ms-routing-request-id": [
          "WESTUS2:20230311T083754Z:41925e07-4474-4098-b8ee-3cdc3579c63f"
        ],
        "X-Content-Type-Options": [
          "nosniff"
        ],
        "Date": [
          "Sat, 11 Mar 2023 08:37:54 GMT"
        ],
        "Content-Length": [
          "21"
        ],
        "Content-Type": [
          "application/json"
        ]
      },
      "ResponseBody": "{\r\n  \"status\": \"Dequeued\"\r\n}",
      "StatusCode": 200
    },
    {
      "RequestUri": "/subscriptions/23587e98-b6ac-4328-a753-03bcd3c8e744/providers/Microsoft.DocumentDB/locations/eastus2/operationsStatus/36978c72-095c-4592-9d7d-9a5cc1e547c6?api-version=2022-08-15-preview",
      "EncodedRequestUri": "L3N1YnNjcmlwdGlvbnMvMjM1ODdlOTgtYjZhYy00MzI4LWE3NTMtMDNiY2QzYzhlNzQ0L3Byb3ZpZGVycy9NaWNyb3NvZnQuRG9jdW1lbnREQi9sb2NhdGlvbnMvZWFzdHVzMi9vcGVyYXRpb25zU3RhdHVzLzM2OTc4YzcyLTA5NWMtNDU5Mi05ZDdkLTlhNWNjMWU1NDdjNj9hcGktdmVyc2lvbj0yMDIyLTA4LTE1LXByZXZpZXc=",
      "RequestMethod": "GET",
      "RequestHeaders": {
        "x-ms-client-request-id": [
          "392db01e-0048-4b96-9405-f873f85f81b4"
        ],
        "User-Agent": [
          "FxVersion/4.700.22.55902",
          "OSName/Windows",
          "OSVersion/Microsoft.Windows.10.0.22621",
          "Microsoft.Azure.Management.CosmosDB.CosmosDBManagementClient/3.9.1.0"
        ]
      },
      "RequestBody": "",
      "ResponseHeaders": {
        "Cache-Control": [
          "no-store, no-cache"
        ],
        "Pragma": [
          "no-cache"
        ],
        "Strict-Transport-Security": [
          "max-age=31536000; includeSubDomains"
        ],
        "x-ms-gatewayversion": [
          "version=2.14.0"
        ],
        "Server": [
          "Microsoft-HTTPAPI/2.0"
        ],
        "x-ms-ratelimit-remaining-subscription-reads": [
          "11984"
        ],
        "x-ms-request-id": [
          "b86d746d-5907-4b7d-bcb2-e3026cdfcd73"
        ],
        "x-ms-correlation-request-id": [
          "b86d746d-5907-4b7d-bcb2-e3026cdfcd73"
        ],
        "x-ms-routing-request-id": [
          "WESTUS2:20230311T083824Z:b86d746d-5907-4b7d-bcb2-e3026cdfcd73"
        ],
        "X-Content-Type-Options": [
          "nosniff"
        ],
        "Date": [
          "Sat, 11 Mar 2023 08:38:24 GMT"
        ],
        "Content-Length": [
          "22"
        ],
        "Content-Type": [
          "application/json"
        ]
      },
      "ResponseBody": "{\r\n  \"status\": \"Succeeded\"\r\n}",
      "StatusCode": 200
    },
    {
      "RequestUri": "/subscriptions/23587e98-b6ac-4328-a753-03bcd3c8e744/resourceGroups/cdbrg-service-sqld/providers/Microsoft.DocumentDB/databaseAccounts/cdbacct-service-sqld/services/sqlDedicatedGateway?api-version=2022-08-15-preview",
      "EncodedRequestUri": "L3N1YnNjcmlwdGlvbnMvMjM1ODdlOTgtYjZhYy00MzI4LWE3NTMtMDNiY2QzYzhlNzQ0L3Jlc291cmNlR3JvdXBzL2NkYnJnLXNlcnZpY2Utc3FsZC9wcm92aWRlcnMvTWljcm9zb2Z0LkRvY3VtZW50REIvZGF0YWJhc2VBY2NvdW50cy9jZGJhY2N0LXNlcnZpY2Utc3FsZC9zZXJ2aWNlcy9zcWxEZWRpY2F0ZWRHYXRld2F5P2FwaS12ZXJzaW9uPTIwMjItMDgtMTUtcHJldmlldw==",
      "RequestMethod": "GET",
      "RequestHeaders": {
        "x-ms-client-request-id": [
          "392db01e-0048-4b96-9405-f873f85f81b4"
        ],
        "User-Agent": [
          "FxVersion/4.700.22.55902",
          "OSName/Windows",
          "OSVersion/Microsoft.Windows.10.0.22621",
          "Microsoft.Azure.Management.CosmosDB.CosmosDBManagementClient/3.9.1.0"
        ]
      },
      "RequestBody": "",
      "ResponseHeaders": {
        "Cache-Control": [
          "no-store, no-cache"
        ],
        "Pragma": [
          "no-cache"
        ],
        "Strict-Transport-Security": [
          "max-age=31536000; includeSubDomains"
        ],
        "x-ms-gatewayversion": [
          "version=2.14.0"
        ],
        "Server": [
          "Microsoft-HTTPAPI/2.0"
        ],
        "x-ms-ratelimit-remaining-subscription-reads": [
          "11983"
        ],
        "x-ms-request-id": [
          "18a11c2c-41bd-433e-b199-a02754144547"
        ],
        "x-ms-correlation-request-id": [
          "18a11c2c-41bd-433e-b199-a02754144547"
        ],
        "x-ms-routing-request-id": [
          "WESTUS2:20230311T083825Z:18a11c2c-41bd-433e-b199-a02754144547"
        ],
        "X-Content-Type-Options": [
          "nosniff"
        ],
        "Date": [
          "Sat, 11 Mar 2023 08:38:24 GMT"
        ],
        "Content-Length": [
          "710"
        ],
        "Content-Type": [
          "application/json"
        ]
      },
      "ResponseBody": "{\r\n  \"id\": \"/subscriptions/23587e98-b6ac-4328-a753-03bcd3c8e744/resourceGroups/cdbrg-service-sqld/providers/Microsoft.DocumentDB/databaseAccounts/cdbacct-service-sqld/services/sqlDedicatedGateway\",\r\n  \"type\": \"Microsoft.DocumentDB/databaseAccounts/services\",\r\n  \"name\": \"sqlDedicatedGateway\",\r\n  \"properties\": {\r\n    \"status\": \"Running\",\r\n    \"creationTime\": \"2023-03-11T08:30:22.1099332Z\",\r\n    \"instanceSize\": \"Cosmos.D4s\",\r\n    \"instanceCount\": 1,\r\n    \"sqlDedicatedGatewayEndpoint\": \"https://cdbacct-service-sqld.sqlx.cosmos.azure.com/\",\r\n    \"serviceType\": \"SqlDedicatedGateway\",\r\n    \"locations\": [\r\n      {\r\n        \"name\": \"sqlDedicatedGateway-eastus2\",\r\n        \"location\": \"East US 2\",\r\n        \"status\": \"Running\",\r\n        \"sqlDedicatedGatewayEndpoint\": \"https://cdbacct-service-sqld-eastus2.sqlx.cosmos.azure.com/\"\r\n      }\r\n    ]\r\n  }\r\n}",
      "StatusCode": 200
    },
    {
      "RequestUri": "/subscriptions/23587e98-b6ac-4328-a753-03bcd3c8e744/resourceGroups/cdbrg-service-sqld/providers/Microsoft.DocumentDB/databaseAccounts/cdbacct-service-sqld/services/sqlDedicatedGateway?api-version=2022-08-15-preview",
      "EncodedRequestUri": "L3N1YnNjcmlwdGlvbnMvMjM1ODdlOTgtYjZhYy00MzI4LWE3NTMtMDNiY2QzYzhlNzQ0L3Jlc291cmNlR3JvdXBzL2NkYnJnLXNlcnZpY2Utc3FsZC9wcm92aWRlcnMvTWljcm9zb2Z0LkRvY3VtZW50REIvZGF0YWJhc2VBY2NvdW50cy9jZGJhY2N0LXNlcnZpY2Utc3FsZC9zZXJ2aWNlcy9zcWxEZWRpY2F0ZWRHYXRld2F5P2FwaS12ZXJzaW9uPTIwMjItMDgtMTUtcHJldmlldw==",
      "RequestMethod": "GET",
      "RequestHeaders": {
        "x-ms-client-request-id": [
          "d5923111-e989-4321-a5a0-fe1eb9c1f707"
        ],
        "Accept-Language": [
          "en-US"
        ],
        "User-Agent": [
          "FxVersion/4.700.22.55902",
          "OSName/Windows",
          "OSVersion/Microsoft.Windows.10.0.22621",
          "Microsoft.Azure.Management.CosmosDB.CosmosDBManagementClient/3.9.1.0"
        ]
      },
      "RequestBody": "",
      "ResponseHeaders": {
        "Cache-Control": [
          "no-store, no-cache"
        ],
        "Pragma": [
          "no-cache"
        ],
        "Strict-Transport-Security": [
          "max-age=31536000; includeSubDomains"
        ],
        "x-ms-gatewayversion": [
          "version=2.14.0"
        ],
        "Server": [
          "Microsoft-HTTPAPI/2.0"
        ],
        "x-ms-ratelimit-remaining-subscription-reads": [
          "11999"
        ],
        "x-ms-request-id": [
          "c9260647-774f-4560-ba92-99aa329f2518"
        ],
        "x-ms-correlation-request-id": [
          "c9260647-774f-4560-ba92-99aa329f2518"
        ],
        "x-ms-routing-request-id": [
          "WESTUS2:20230311T083825Z:c9260647-774f-4560-ba92-99aa329f2518"
        ],
        "X-Content-Type-Options": [
          "nosniff"
        ],
        "Date": [
          "Sat, 11 Mar 2023 08:38:25 GMT"
        ],
        "Content-Length": [
          "710"
        ],
        "Content-Type": [
          "application/json"
        ]
      },
      "ResponseBody": "{\r\n  \"id\": \"/subscriptions/23587e98-b6ac-4328-a753-03bcd3c8e744/resourceGroups/cdbrg-service-sqld/providers/Microsoft.DocumentDB/databaseAccounts/cdbacct-service-sqld/services/sqlDedicatedGateway\",\r\n  \"type\": \"Microsoft.DocumentDB/databaseAccounts/services\",\r\n  \"name\": \"sqlDedicatedGateway\",\r\n  \"properties\": {\r\n    \"status\": \"Running\",\r\n    \"creationTime\": \"2023-03-11T08:30:22.1099332Z\",\r\n    \"instanceSize\": \"Cosmos.D4s\",\r\n    \"instanceCount\": 1,\r\n    \"sqlDedicatedGatewayEndpoint\": \"https://cdbacct-service-sqld.sqlx.cosmos.azure.com/\",\r\n    \"serviceType\": \"SqlDedicatedGateway\",\r\n    \"locations\": [\r\n      {\r\n        \"name\": \"sqlDedicatedGateway-eastus2\",\r\n        \"location\": \"East US 2\",\r\n        \"status\": \"Running\",\r\n        \"sqlDedicatedGatewayEndpoint\": \"https://cdbacct-service-sqld-eastus2.sqlx.cosmos.azure.com/\"\r\n      }\r\n    ]\r\n  }\r\n}",
      "StatusCode": 200
    },
    {
      "RequestUri": "/subscriptions/23587e98-b6ac-4328-a753-03bcd3c8e744/resourceGroups/cdbrg-service-sqld/providers/Microsoft.DocumentDB/databaseAccounts/cdbacct-service-sqld/services/sqlDedicatedGateway?api-version=2022-08-15-preview",
      "EncodedRequestUri": "L3N1YnNjcmlwdGlvbnMvMjM1ODdlOTgtYjZhYy00MzI4LWE3NTMtMDNiY2QzYzhlNzQ0L3Jlc291cmNlR3JvdXBzL2NkYnJnLXNlcnZpY2Utc3FsZC9wcm92aWRlcnMvTWljcm9zb2Z0LkRvY3VtZW50REIvZGF0YWJhc2VBY2NvdW50cy9jZGJhY2N0LXNlcnZpY2Utc3FsZC9zZXJ2aWNlcy9zcWxEZWRpY2F0ZWRHYXRld2F5P2FwaS12ZXJzaW9uPTIwMjItMDgtMTUtcHJldmlldw==",
      "RequestMethod": "DELETE",
      "RequestHeaders": {
        "x-ms-client-request-id": [
          "5f8a51fa-9fd6-4434-b991-f31b6adbc7b8"
        ],
        "Accept-Language": [
          "en-US"
        ],
        "User-Agent": [
          "FxVersion/4.700.22.55902",
          "OSName/Windows",
          "OSVersion/Microsoft.Windows.10.0.22621",
          "Microsoft.Azure.Management.CosmosDB.CosmosDBManagementClient/3.9.1.0"
        ]
      },
      "RequestBody": "",
      "ResponseHeaders": {
        "Cache-Control": [
          "no-store, no-cache"
        ],
        "Pragma": [
          "no-cache"
        ],
        "Location": [
          "https://management.azure.com/subscriptions/23587e98-b6ac-4328-a753-03bcd3c8e744/resourceGroups/cdbrg-service-sqld/providers/Microsoft.DocumentDB/databaseAccounts/cdbacct-service-sqld/services/sqlDedicatedGateway/operationResults/f8fe099e-2b43-4c1b-875c-50007133c8c7?api-version=2022-08-15-preview"
        ],
        "Azure-AsyncOperation": [
          "https://management.azure.com/subscriptions/23587e98-b6ac-4328-a753-03bcd3c8e744/providers/Microsoft.DocumentDB/locations/eastus2/operationsStatus/f8fe099e-2b43-4c1b-875c-50007133c8c7?api-version=2022-08-15-preview"
        ],
        "x-ms-request-id": [
          "f8fe099e-2b43-4c1b-875c-50007133c8c7"
        ],
        "Strict-Transport-Security": [
          "max-age=31536000; includeSubDomains"
        ],
        "x-ms-gatewayversion": [
          "version=2.14.0"
        ],
        "Server": [
          "Microsoft-HTTPAPI/2.0"
        ],
        "x-ms-ratelimit-remaining-subscription-deletes": [
          "14999"
        ],
        "x-ms-correlation-request-id": [
          "52e7160d-6014-4023-b5c1-ac13025e2e92"
        ],
        "x-ms-routing-request-id": [
          "WESTUS2:20230311T083827Z:52e7160d-6014-4023-b5c1-ac13025e2e92"
        ],
        "X-Content-Type-Options": [
          "nosniff"
        ],
        "Date": [
          "Sat, 11 Mar 2023 08:38:27 GMT"
        ],
        "Content-Length": [
          "21"
        ],
        "Content-Type": [
          "application/json"
        ]
      },
      "ResponseBody": "{\r\n  \"status\": \"Enqueued\"\r\n}",
      "StatusCode": 202
    },
    {
      "RequestUri": "/subscriptions/23587e98-b6ac-4328-a753-03bcd3c8e744/providers/Microsoft.DocumentDB/locations/eastus2/operationsStatus/f8fe099e-2b43-4c1b-875c-50007133c8c7?api-version=2022-08-15-preview",
      "EncodedRequestUri": "L3N1YnNjcmlwdGlvbnMvMjM1ODdlOTgtYjZhYy00MzI4LWE3NTMtMDNiY2QzYzhlNzQ0L3Byb3ZpZGVycy9NaWNyb3NvZnQuRG9jdW1lbnREQi9sb2NhdGlvbnMvZWFzdHVzMi9vcGVyYXRpb25zU3RhdHVzL2Y4ZmUwOTllLTJiNDMtNGMxYi04NzVjLTUwMDA3MTMzYzhjNz9hcGktdmVyc2lvbj0yMDIyLTA4LTE1LXByZXZpZXc=",
      "RequestMethod": "GET",
      "RequestHeaders": {
        "x-ms-client-request-id": [
          "5f8a51fa-9fd6-4434-b991-f31b6adbc7b8"
        ],
        "User-Agent": [
          "FxVersion/4.700.22.55902",
          "OSName/Windows",
          "OSVersion/Microsoft.Windows.10.0.22621",
          "Microsoft.Azure.Management.CosmosDB.CosmosDBManagementClient/3.9.1.0"
        ]
      },
      "RequestBody": "",
      "ResponseHeaders": {
        "Cache-Control": [
          "no-store, no-cache"
        ],
        "Pragma": [
          "no-cache"
        ],
        "Strict-Transport-Security": [
          "max-age=31536000; includeSubDomains"
        ],
        "x-ms-gatewayversion": [
          "version=2.14.0"
        ],
        "Server": [
          "Microsoft-HTTPAPI/2.0"
        ],
        "x-ms-ratelimit-remaining-subscription-reads": [
          "11999"
        ],
        "x-ms-request-id": [
          "6d5163a4-72fd-4b16-8933-01a2fd3f32c0"
        ],
        "x-ms-correlation-request-id": [
          "6d5163a4-72fd-4b16-8933-01a2fd3f32c0"
        ],
        "x-ms-routing-request-id": [
          "WESTUS2:20230311T083857Z:6d5163a4-72fd-4b16-8933-01a2fd3f32c0"
        ],
        "X-Content-Type-Options": [
          "nosniff"
        ],
        "Date": [
          "Sat, 11 Mar 2023 08:38:56 GMT"
        ],
        "Content-Length": [
          "21"
        ],
        "Content-Type": [
          "application/json"
        ]
      },
      "ResponseBody": "{\r\n  \"status\": \"Dequeued\"\r\n}",
      "StatusCode": 200
    },
    {
      "RequestUri": "/subscriptions/23587e98-b6ac-4328-a753-03bcd3c8e744/providers/Microsoft.DocumentDB/locations/eastus2/operationsStatus/f8fe099e-2b43-4c1b-875c-50007133c8c7?api-version=2022-08-15-preview",
      "EncodedRequestUri": "L3N1YnNjcmlwdGlvbnMvMjM1ODdlOTgtYjZhYy00MzI4LWE3NTMtMDNiY2QzYzhlNzQ0L3Byb3ZpZGVycy9NaWNyb3NvZnQuRG9jdW1lbnREQi9sb2NhdGlvbnMvZWFzdHVzMi9vcGVyYXRpb25zU3RhdHVzL2Y4ZmUwOTllLTJiNDMtNGMxYi04NzVjLTUwMDA3MTMzYzhjNz9hcGktdmVyc2lvbj0yMDIyLTA4LTE1LXByZXZpZXc=",
      "RequestMethod": "GET",
      "RequestHeaders": {
        "x-ms-client-request-id": [
          "5f8a51fa-9fd6-4434-b991-f31b6adbc7b8"
        ],
        "User-Agent": [
          "FxVersion/4.700.22.55902",
          "OSName/Windows",
          "OSVersion/Microsoft.Windows.10.0.22621",
          "Microsoft.Azure.Management.CosmosDB.CosmosDBManagementClient/3.9.1.0"
        ]
      },
      "RequestBody": "",
      "ResponseHeaders": {
        "Cache-Control": [
          "no-store, no-cache"
        ],
        "Pragma": [
          "no-cache"
        ],
        "Strict-Transport-Security": [
          "max-age=31536000; includeSubDomains"
        ],
        "x-ms-gatewayversion": [
          "version=2.14.0"
        ],
        "Server": [
          "Microsoft-HTTPAPI/2.0"
        ],
        "x-ms-ratelimit-remaining-subscription-reads": [
          "11998"
        ],
        "x-ms-request-id": [
          "3b7f684c-bdf9-4ef1-bb84-80d4b167306f"
        ],
        "x-ms-correlation-request-id": [
          "3b7f684c-bdf9-4ef1-bb84-80d4b167306f"
        ],
        "x-ms-routing-request-id": [
          "WESTUS2:20230311T083927Z:3b7f684c-bdf9-4ef1-bb84-80d4b167306f"
        ],
        "X-Content-Type-Options": [
          "nosniff"
        ],
        "Date": [
          "Sat, 11 Mar 2023 08:39:27 GMT"
        ],
        "Content-Length": [
          "21"
        ],
        "Content-Type": [
          "application/json"
        ]
      },
      "ResponseBody": "{\r\n  \"status\": \"Dequeued\"\r\n}",
      "StatusCode": 200
    },
    {
      "RequestUri": "/subscriptions/23587e98-b6ac-4328-a753-03bcd3c8e744/providers/Microsoft.DocumentDB/locations/eastus2/operationsStatus/f8fe099e-2b43-4c1b-875c-50007133c8c7?api-version=2022-08-15-preview",
      "EncodedRequestUri": "L3N1YnNjcmlwdGlvbnMvMjM1ODdlOTgtYjZhYy00MzI4LWE3NTMtMDNiY2QzYzhlNzQ0L3Byb3ZpZGVycy9NaWNyb3NvZnQuRG9jdW1lbnREQi9sb2NhdGlvbnMvZWFzdHVzMi9vcGVyYXRpb25zU3RhdHVzL2Y4ZmUwOTllLTJiNDMtNGMxYi04NzVjLTUwMDA3MTMzYzhjNz9hcGktdmVyc2lvbj0yMDIyLTA4LTE1LXByZXZpZXc=",
      "RequestMethod": "GET",
      "RequestHeaders": {
        "x-ms-client-request-id": [
          "5f8a51fa-9fd6-4434-b991-f31b6adbc7b8"
        ],
        "User-Agent": [
          "FxVersion/4.700.22.55902",
          "OSName/Windows",
          "OSVersion/Microsoft.Windows.10.0.22621",
          "Microsoft.Azure.Management.CosmosDB.CosmosDBManagementClient/3.9.1.0"
        ]
      },
      "RequestBody": "",
      "ResponseHeaders": {
        "Cache-Control": [
          "no-store, no-cache"
        ],
        "Pragma": [
          "no-cache"
        ],
        "Strict-Transport-Security": [
          "max-age=31536000; includeSubDomains"
        ],
        "x-ms-gatewayversion": [
          "version=2.14.0"
        ],
        "Server": [
          "Microsoft-HTTPAPI/2.0"
        ],
        "x-ms-ratelimit-remaining-subscription-reads": [
          "11997"
        ],
        "x-ms-request-id": [
          "b6fc0d4f-2117-4d62-b8f5-486b8f7d658b"
        ],
        "x-ms-correlation-request-id": [
          "b6fc0d4f-2117-4d62-b8f5-486b8f7d658b"
        ],
        "x-ms-routing-request-id": [
          "WESTUS2:20230311T083957Z:b6fc0d4f-2117-4d62-b8f5-486b8f7d658b"
        ],
        "X-Content-Type-Options": [
          "nosniff"
        ],
        "Date": [
          "Sat, 11 Mar 2023 08:39:57 GMT"
        ],
        "Content-Length": [
          "21"
        ],
        "Content-Type": [
          "application/json"
        ]
      },
      "ResponseBody": "{\r\n  \"status\": \"Dequeued\"\r\n}",
      "StatusCode": 200
    },
    {
      "RequestUri": "/subscriptions/23587e98-b6ac-4328-a753-03bcd3c8e744/providers/Microsoft.DocumentDB/locations/eastus2/operationsStatus/f8fe099e-2b43-4c1b-875c-50007133c8c7?api-version=2022-08-15-preview",
      "EncodedRequestUri": "L3N1YnNjcmlwdGlvbnMvMjM1ODdlOTgtYjZhYy00MzI4LWE3NTMtMDNiY2QzYzhlNzQ0L3Byb3ZpZGVycy9NaWNyb3NvZnQuRG9jdW1lbnREQi9sb2NhdGlvbnMvZWFzdHVzMi9vcGVyYXRpb25zU3RhdHVzL2Y4ZmUwOTllLTJiNDMtNGMxYi04NzVjLTUwMDA3MTMzYzhjNz9hcGktdmVyc2lvbj0yMDIyLTA4LTE1LXByZXZpZXc=",
      "RequestMethod": "GET",
      "RequestHeaders": {
        "x-ms-client-request-id": [
          "5f8a51fa-9fd6-4434-b991-f31b6adbc7b8"
        ],
        "User-Agent": [
          "FxVersion/4.700.22.55902",
          "OSName/Windows",
          "OSVersion/Microsoft.Windows.10.0.22621",
          "Microsoft.Azure.Management.CosmosDB.CosmosDBManagementClient/3.9.1.0"
        ]
      },
      "RequestBody": "",
      "ResponseHeaders": {
        "Cache-Control": [
          "no-store, no-cache"
        ],
        "Pragma": [
          "no-cache"
        ],
        "Strict-Transport-Security": [
          "max-age=31536000; includeSubDomains"
        ],
        "x-ms-gatewayversion": [
          "version=2.14.0"
        ],
        "Server": [
          "Microsoft-HTTPAPI/2.0"
        ],
        "x-ms-ratelimit-remaining-subscription-reads": [
          "11996"
        ],
        "x-ms-request-id": [
          "568e8161-c4fa-4f90-84fc-db879ec7fcd3"
        ],
        "x-ms-correlation-request-id": [
          "568e8161-c4fa-4f90-84fc-db879ec7fcd3"
        ],
        "x-ms-routing-request-id": [
          "WESTUS2:20230311T084028Z:568e8161-c4fa-4f90-84fc-db879ec7fcd3"
        ],
        "X-Content-Type-Options": [
          "nosniff"
        ],
        "Date": [
          "Sat, 11 Mar 2023 08:40:27 GMT"
        ],
        "Content-Length": [
          "21"
        ],
        "Content-Type": [
          "application/json"
        ]
      },
      "ResponseBody": "{\r\n  \"status\": \"Dequeued\"\r\n}",
      "StatusCode": 200
    },
    {
      "RequestUri": "/subscriptions/23587e98-b6ac-4328-a753-03bcd3c8e744/providers/Microsoft.DocumentDB/locations/eastus2/operationsStatus/f8fe099e-2b43-4c1b-875c-50007133c8c7?api-version=2022-08-15-preview",
      "EncodedRequestUri": "L3N1YnNjcmlwdGlvbnMvMjM1ODdlOTgtYjZhYy00MzI4LWE3NTMtMDNiY2QzYzhlNzQ0L3Byb3ZpZGVycy9NaWNyb3NvZnQuRG9jdW1lbnREQi9sb2NhdGlvbnMvZWFzdHVzMi9vcGVyYXRpb25zU3RhdHVzL2Y4ZmUwOTllLTJiNDMtNGMxYi04NzVjLTUwMDA3MTMzYzhjNz9hcGktdmVyc2lvbj0yMDIyLTA4LTE1LXByZXZpZXc=",
      "RequestMethod": "GET",
      "RequestHeaders": {
        "x-ms-client-request-id": [
          "5f8a51fa-9fd6-4434-b991-f31b6adbc7b8"
        ],
        "User-Agent": [
          "FxVersion/4.700.22.55902",
          "OSName/Windows",
          "OSVersion/Microsoft.Windows.10.0.22621",
          "Microsoft.Azure.Management.CosmosDB.CosmosDBManagementClient/3.9.1.0"
        ]
      },
      "RequestBody": "",
      "ResponseHeaders": {
        "Cache-Control": [
          "no-store, no-cache"
        ],
        "Pragma": [
          "no-cache"
        ],
        "Strict-Transport-Security": [
          "max-age=31536000; includeSubDomains"
        ],
        "x-ms-gatewayversion": [
          "version=2.14.0"
        ],
        "Server": [
          "Microsoft-HTTPAPI/2.0"
        ],
        "x-ms-ratelimit-remaining-subscription-reads": [
          "11995"
        ],
        "x-ms-request-id": [
          "c634d3cc-2696-45e8-b608-ee0379675f02"
        ],
        "x-ms-correlation-request-id": [
          "c634d3cc-2696-45e8-b608-ee0379675f02"
        ],
        "x-ms-routing-request-id": [
          "WESTUS2:20230311T084058Z:c634d3cc-2696-45e8-b608-ee0379675f02"
        ],
        "X-Content-Type-Options": [
          "nosniff"
        ],
        "Date": [
          "Sat, 11 Mar 2023 08:40:57 GMT"
        ],
        "Content-Length": [
          "21"
        ],
        "Content-Type": [
          "application/json"
        ]
      },
      "ResponseBody": "{\r\n  \"status\": \"Dequeued\"\r\n}",
      "StatusCode": 200
    },
    {
      "RequestUri": "/subscriptions/23587e98-b6ac-4328-a753-03bcd3c8e744/providers/Microsoft.DocumentDB/locations/eastus2/operationsStatus/f8fe099e-2b43-4c1b-875c-50007133c8c7?api-version=2022-08-15-preview",
      "EncodedRequestUri": "L3N1YnNjcmlwdGlvbnMvMjM1ODdlOTgtYjZhYy00MzI4LWE3NTMtMDNiY2QzYzhlNzQ0L3Byb3ZpZGVycy9NaWNyb3NvZnQuRG9jdW1lbnREQi9sb2NhdGlvbnMvZWFzdHVzMi9vcGVyYXRpb25zU3RhdHVzL2Y4ZmUwOTllLTJiNDMtNGMxYi04NzVjLTUwMDA3MTMzYzhjNz9hcGktdmVyc2lvbj0yMDIyLTA4LTE1LXByZXZpZXc=",
      "RequestMethod": "GET",
      "RequestHeaders": {
        "x-ms-client-request-id": [
          "5f8a51fa-9fd6-4434-b991-f31b6adbc7b8"
        ],
        "User-Agent": [
          "FxVersion/4.700.22.55902",
          "OSName/Windows",
          "OSVersion/Microsoft.Windows.10.0.22621",
          "Microsoft.Azure.Management.CosmosDB.CosmosDBManagementClient/3.9.1.0"
        ]
      },
      "RequestBody": "",
      "ResponseHeaders": {
        "Cache-Control": [
          "no-store, no-cache"
        ],
        "Pragma": [
          "no-cache"
        ],
        "Strict-Transport-Security": [
          "max-age=31536000; includeSubDomains"
        ],
        "x-ms-gatewayversion": [
          "version=2.14.0"
        ],
        "Server": [
          "Microsoft-HTTPAPI/2.0"
        ],
        "x-ms-ratelimit-remaining-subscription-reads": [
          "11994"
        ],
        "x-ms-request-id": [
          "f51ef8cc-8a8a-4f1d-a587-29ee3c10b75b"
        ],
        "x-ms-correlation-request-id": [
          "f51ef8cc-8a8a-4f1d-a587-29ee3c10b75b"
        ],
        "x-ms-routing-request-id": [
          "WESTUS2:20230311T084128Z:f51ef8cc-8a8a-4f1d-a587-29ee3c10b75b"
        ],
        "X-Content-Type-Options": [
          "nosniff"
        ],
        "Date": [
          "Sat, 11 Mar 2023 08:41:27 GMT"
        ],
        "Content-Length": [
          "22"
        ],
        "Content-Type": [
          "application/json"
        ]
      },
      "ResponseBody": "{\r\n  \"status\": \"Succeeded\"\r\n}",
      "StatusCode": 200
    },
    {
      "RequestUri": "/subscriptions/23587e98-b6ac-4328-a753-03bcd3c8e744/resourceGroups/cdbrg-service-sqld/providers/Microsoft.DocumentDB/databaseAccounts/cdbacct-service-sqld/services/sqlDedicatedGateway/operationResults/f8fe099e-2b43-4c1b-875c-50007133c8c7?api-version=2022-08-15-preview",
      "EncodedRequestUri": "L3N1YnNjcmlwdGlvbnMvMjM1ODdlOTgtYjZhYy00MzI4LWE3NTMtMDNiY2QzYzhlNzQ0L3Jlc291cmNlR3JvdXBzL2NkYnJnLXNlcnZpY2Utc3FsZC9wcm92aWRlcnMvTWljcm9zb2Z0LkRvY3VtZW50REIvZGF0YWJhc2VBY2NvdW50cy9jZGJhY2N0LXNlcnZpY2Utc3FsZC9zZXJ2aWNlcy9zcWxEZWRpY2F0ZWRHYXRld2F5L29wZXJhdGlvblJlc3VsdHMvZjhmZTA5OWUtMmI0My00YzFiLTg3NWMtNTAwMDcxMzNjOGM3P2FwaS12ZXJzaW9uPTIwMjItMDgtMTUtcHJldmlldw==",
      "RequestMethod": "GET",
      "RequestHeaders": {
        "x-ms-client-request-id": [
          "5f8a51fa-9fd6-4434-b991-f31b6adbc7b8"
        ],
        "User-Agent": [
          "FxVersion/4.700.22.55902",
          "OSName/Windows",
          "OSVersion/Microsoft.Windows.10.0.22621",
          "Microsoft.Azure.Management.CosmosDB.CosmosDBManagementClient/3.9.1.0"
        ]
      },
      "RequestBody": "",
      "ResponseHeaders": {
        "Cache-Control": [
          "no-store, no-cache"
        ],
        "Pragma": [
          "no-cache"
        ],
        "Strict-Transport-Security": [
          "max-age=31536000; includeSubDomains"
        ],
        "x-ms-gatewayversion": [
          "version=2.14.0"
        ],
        "Server": [
          "Microsoft-HTTPAPI/2.0"
        ],
        "x-ms-ratelimit-remaining-subscription-reads": [
          "11993"
        ],
        "x-ms-request-id": [
          "957eec59-1c1f-4b88-a4d8-94f26199399b"
        ],
        "x-ms-correlation-request-id": [
          "957eec59-1c1f-4b88-a4d8-94f26199399b"
        ],
        "x-ms-routing-request-id": [
          "WESTUS2:20230311T084128Z:957eec59-1c1f-4b88-a4d8-94f26199399b"
        ],
        "X-Content-Type-Options": [
          "nosniff"
        ],
        "Date": [
          "Sat, 11 Mar 2023 08:41:27 GMT"
        ],
        "Content-Length": [
          "22"
        ],
        "Content-Type": [
          "application/json"
        ]
      },
      "ResponseBody": "{\r\n  \"status\": \"Succeeded\"\r\n}",
      "StatusCode": 200
    },
    {
      "RequestUri": "/subscriptions/23587e98-b6ac-4328-a753-03bcd3c8e744/resourceGroups/cdbrg-service-sqld/providers/Microsoft.DocumentDB/databaseAccounts/cdbacct-service-sqld?api-version=2022-08-15-preview",
      "EncodedRequestUri": "L3N1YnNjcmlwdGlvbnMvMjM1ODdlOTgtYjZhYy00MzI4LWE3NTMtMDNiY2QzYzhlNzQ0L3Jlc291cmNlR3JvdXBzL2NkYnJnLXNlcnZpY2Utc3FsZC9wcm92aWRlcnMvTWljcm9zb2Z0LkRvY3VtZW50REIvZGF0YWJhc2VBY2NvdW50cy9jZGJhY2N0LXNlcnZpY2Utc3FsZD9hcGktdmVyc2lvbj0yMDIyLTA4LTE1LXByZXZpZXc=",
      "RequestMethod": "DELETE",
      "RequestHeaders": {
        "x-ms-client-request-id": [
          "9fe44eec-17fc-4adb-a634-79782fb088ee"
        ],
        "Accept-Language": [
          "en-US"
        ],
        "User-Agent": [
          "FxVersion/4.700.22.55902",
          "OSName/Windows",
          "OSVersion/Microsoft.Windows.10.0.22621",
          "Microsoft.Azure.Management.CosmosDB.CosmosDBManagementClient/3.9.1.0"
        ]
      },
      "RequestBody": "",
      "ResponseHeaders": {
        "Cache-Control": [
          "no-store, no-cache"
        ],
        "Pragma": [
          "no-cache"
        ],
        "Location": [
          "https://management.azure.com/subscriptions/23587e98-b6ac-4328-a753-03bcd3c8e744/providers/Microsoft.DocumentDB/locations/eastus2/operationResults/02f2a2b2-ac1f-4a07-ad84-e98ffb8bdad4?api-version=2022-08-15-preview"
        ],
        "Azure-AsyncOperation": [
          "https://management.azure.com/subscriptions/23587e98-b6ac-4328-a753-03bcd3c8e744/providers/Microsoft.DocumentDB/locations/eastus2/operationsStatus/02f2a2b2-ac1f-4a07-ad84-e98ffb8bdad4?api-version=2022-08-15-preview"
        ],
        "x-ms-request-id": [
          "02f2a2b2-ac1f-4a07-ad84-e98ffb8bdad4"
        ],
        "Strict-Transport-Security": [
          "max-age=31536000; includeSubDomains"
        ],
        "x-ms-gatewayversion": [
          "version=2.14.0"
        ],
        "Server": [
          "Microsoft-HTTPAPI/2.0"
        ],
        "x-ms-ratelimit-remaining-subscription-deletes": [
          "14999"
        ],
        "x-ms-correlation-request-id": [
          "f7e5677d-75eb-45ff-88f4-0b10446e0c18"
        ],
        "x-ms-routing-request-id": [
          "WESTUS2:20230311T084129Z:f7e5677d-75eb-45ff-88f4-0b10446e0c18"
        ],
        "X-Content-Type-Options": [
          "nosniff"
        ],
        "Date": [
          "Sat, 11 Mar 2023 08:41:29 GMT"
        ],
        "Content-Length": [
          "21"
        ],
        "Content-Type": [
          "application/json"
        ]
      },
      "ResponseBody": "{\r\n  \"status\": \"Enqueued\"\r\n}",
      "StatusCode": 202
    },
    {
      "RequestUri": "/subscriptions/23587e98-b6ac-4328-a753-03bcd3c8e744/providers/Microsoft.DocumentDB/locations/eastus2/operationsStatus/02f2a2b2-ac1f-4a07-ad84-e98ffb8bdad4?api-version=2022-08-15-preview",
      "EncodedRequestUri": "L3N1YnNjcmlwdGlvbnMvMjM1ODdlOTgtYjZhYy00MzI4LWE3NTMtMDNiY2QzYzhlNzQ0L3Byb3ZpZGVycy9NaWNyb3NvZnQuRG9jdW1lbnREQi9sb2NhdGlvbnMvZWFzdHVzMi9vcGVyYXRpb25zU3RhdHVzLzAyZjJhMmIyLWFjMWYtNGEwNy1hZDg0LWU5OGZmYjhiZGFkND9hcGktdmVyc2lvbj0yMDIyLTA4LTE1LXByZXZpZXc=",
      "RequestMethod": "GET",
      "RequestHeaders": {
        "x-ms-client-request-id": [
          "9fe44eec-17fc-4adb-a634-79782fb088ee"
        ],
        "User-Agent": [
          "FxVersion/4.700.22.55902",
          "OSName/Windows",
          "OSVersion/Microsoft.Windows.10.0.22621",
          "Microsoft.Azure.Management.CosmosDB.CosmosDBManagementClient/3.9.1.0"
        ]
      },
      "RequestBody": "",
      "ResponseHeaders": {
        "Cache-Control": [
          "no-store, no-cache"
        ],
        "Pragma": [
          "no-cache"
        ],
        "Strict-Transport-Security": [
          "max-age=31536000; includeSubDomains"
        ],
        "x-ms-gatewayversion": [
          "version=2.14.0"
        ],
        "Server": [
          "Microsoft-HTTPAPI/2.0"
        ],
        "x-ms-ratelimit-remaining-subscription-reads": [
          "11999"
        ],
        "x-ms-request-id": [
          "8af69c86-c241-43a8-87c3-25b6e4f1a023"
        ],
        "x-ms-correlation-request-id": [
          "8af69c86-c241-43a8-87c3-25b6e4f1a023"
        ],
        "x-ms-routing-request-id": [
          "WESTUS2:20230311T084200Z:8af69c86-c241-43a8-87c3-25b6e4f1a023"
        ],
        "X-Content-Type-Options": [
          "nosniff"
        ],
        "Date": [
          "Sat, 11 Mar 2023 08:41:59 GMT"
        ],
        "Content-Length": [
          "21"
        ],
        "Content-Type": [
          "application/json"
        ]
      },
      "ResponseBody": "{\r\n  \"status\": \"Dequeued\"\r\n}",
      "StatusCode": 200
    },
    {
      "RequestUri": "/subscriptions/23587e98-b6ac-4328-a753-03bcd3c8e744/providers/Microsoft.DocumentDB/locations/eastus2/operationsStatus/02f2a2b2-ac1f-4a07-ad84-e98ffb8bdad4?api-version=2022-08-15-preview",
      "EncodedRequestUri": "L3N1YnNjcmlwdGlvbnMvMjM1ODdlOTgtYjZhYy00MzI4LWE3NTMtMDNiY2QzYzhlNzQ0L3Byb3ZpZGVycy9NaWNyb3NvZnQuRG9jdW1lbnREQi9sb2NhdGlvbnMvZWFzdHVzMi9vcGVyYXRpb25zU3RhdHVzLzAyZjJhMmIyLWFjMWYtNGEwNy1hZDg0LWU5OGZmYjhiZGFkND9hcGktdmVyc2lvbj0yMDIyLTA4LTE1LXByZXZpZXc=",
      "RequestMethod": "GET",
      "RequestHeaders": {
        "x-ms-client-request-id": [
          "9fe44eec-17fc-4adb-a634-79782fb088ee"
        ],
        "User-Agent": [
          "FxVersion/4.700.22.55902",
          "OSName/Windows",
          "OSVersion/Microsoft.Windows.10.0.22621",
          "Microsoft.Azure.Management.CosmosDB.CosmosDBManagementClient/3.9.1.0"
        ]
      },
      "RequestBody": "",
      "ResponseHeaders": {
        "Cache-Control": [
          "no-store, no-cache"
        ],
        "Pragma": [
          "no-cache"
        ],
        "Strict-Transport-Security": [
          "max-age=31536000; includeSubDomains"
        ],
        "x-ms-gatewayversion": [
          "version=2.14.0"
        ],
        "Server": [
          "Microsoft-HTTPAPI/2.0"
        ],
        "x-ms-ratelimit-remaining-subscription-reads": [
          "11998"
        ],
        "x-ms-request-id": [
          "99d90414-5383-4096-b142-b5372aa6a80e"
        ],
        "x-ms-correlation-request-id": [
          "99d90414-5383-4096-b142-b5372aa6a80e"
        ],
        "x-ms-routing-request-id": [
          "WESTUS2:20230311T084230Z:99d90414-5383-4096-b142-b5372aa6a80e"
        ],
        "X-Content-Type-Options": [
          "nosniff"
        ],
        "Date": [
          "Sat, 11 Mar 2023 08:42:29 GMT"
        ],
        "Content-Length": [
          "21"
        ],
        "Content-Type": [
          "application/json"
        ]
      },
      "ResponseBody": "{\r\n  \"status\": \"Dequeued\"\r\n}",
      "StatusCode": 200
    },
    {
      "RequestUri": "/subscriptions/23587e98-b6ac-4328-a753-03bcd3c8e744/providers/Microsoft.DocumentDB/locations/eastus2/operationsStatus/02f2a2b2-ac1f-4a07-ad84-e98ffb8bdad4?api-version=2022-08-15-preview",
      "EncodedRequestUri": "L3N1YnNjcmlwdGlvbnMvMjM1ODdlOTgtYjZhYy00MzI4LWE3NTMtMDNiY2QzYzhlNzQ0L3Byb3ZpZGVycy9NaWNyb3NvZnQuRG9jdW1lbnREQi9sb2NhdGlvbnMvZWFzdHVzMi9vcGVyYXRpb25zU3RhdHVzLzAyZjJhMmIyLWFjMWYtNGEwNy1hZDg0LWU5OGZmYjhiZGFkND9hcGktdmVyc2lvbj0yMDIyLTA4LTE1LXByZXZpZXc=",
      "RequestMethod": "GET",
      "RequestHeaders": {
        "x-ms-client-request-id": [
          "9fe44eec-17fc-4adb-a634-79782fb088ee"
        ],
        "User-Agent": [
          "FxVersion/4.700.22.55902",
          "OSName/Windows",
          "OSVersion/Microsoft.Windows.10.0.22621",
          "Microsoft.Azure.Management.CosmosDB.CosmosDBManagementClient/3.9.1.0"
        ]
      },
      "RequestBody": "",
      "ResponseHeaders": {
        "Cache-Control": [
          "no-store, no-cache"
        ],
        "Pragma": [
          "no-cache"
        ],
        "Strict-Transport-Security": [
          "max-age=31536000; includeSubDomains"
        ],
        "x-ms-gatewayversion": [
          "version=2.14.0"
        ],
        "Server": [
          "Microsoft-HTTPAPI/2.0"
        ],
        "x-ms-ratelimit-remaining-subscription-reads": [
          "11997"
        ],
        "x-ms-request-id": [
          "8f92f126-ded8-4041-9c81-4908096c0af4"
        ],
        "x-ms-correlation-request-id": [
          "8f92f126-ded8-4041-9c81-4908096c0af4"
        ],
        "x-ms-routing-request-id": [
          "WESTUS2:20230311T084300Z:8f92f126-ded8-4041-9c81-4908096c0af4"
        ],
        "X-Content-Type-Options": [
          "nosniff"
        ],
        "Date": [
          "Sat, 11 Mar 2023 08:42:59 GMT"
        ],
        "Content-Length": [
          "21"
        ],
        "Content-Type": [
          "application/json"
        ]
      },
      "ResponseBody": "{\r\n  \"status\": \"Dequeued\"\r\n}",
      "StatusCode": 200
    },
    {
      "RequestUri": "/subscriptions/23587e98-b6ac-4328-a753-03bcd3c8e744/providers/Microsoft.DocumentDB/locations/eastus2/operationsStatus/02f2a2b2-ac1f-4a07-ad84-e98ffb8bdad4?api-version=2022-08-15-preview",
      "EncodedRequestUri": "L3N1YnNjcmlwdGlvbnMvMjM1ODdlOTgtYjZhYy00MzI4LWE3NTMtMDNiY2QzYzhlNzQ0L3Byb3ZpZGVycy9NaWNyb3NvZnQuRG9jdW1lbnREQi9sb2NhdGlvbnMvZWFzdHVzMi9vcGVyYXRpb25zU3RhdHVzLzAyZjJhMmIyLWFjMWYtNGEwNy1hZDg0LWU5OGZmYjhiZGFkND9hcGktdmVyc2lvbj0yMDIyLTA4LTE1LXByZXZpZXc=",
      "RequestMethod": "GET",
      "RequestHeaders": {
        "x-ms-client-request-id": [
          "9fe44eec-17fc-4adb-a634-79782fb088ee"
        ],
        "User-Agent": [
          "FxVersion/4.700.22.55902",
          "OSName/Windows",
          "OSVersion/Microsoft.Windows.10.0.22621",
          "Microsoft.Azure.Management.CosmosDB.CosmosDBManagementClient/3.9.1.0"
        ]
      },
      "RequestBody": "",
      "ResponseHeaders": {
        "Cache-Control": [
          "no-store, no-cache"
        ],
        "Pragma": [
          "no-cache"
        ],
        "Strict-Transport-Security": [
          "max-age=31536000; includeSubDomains"
        ],
        "x-ms-gatewayversion": [
          "version=2.14.0"
        ],
        "Server": [
          "Microsoft-HTTPAPI/2.0"
        ],
        "x-ms-ratelimit-remaining-subscription-reads": [
          "11996"
        ],
        "x-ms-request-id": [
          "bdc7ed70-2651-4830-ad03-6dfc8498fb48"
        ],
        "x-ms-correlation-request-id": [
          "bdc7ed70-2651-4830-ad03-6dfc8498fb48"
        ],
        "x-ms-routing-request-id": [
          "WESTUS2:20230311T084330Z:bdc7ed70-2651-4830-ad03-6dfc8498fb48"
        ],
        "X-Content-Type-Options": [
          "nosniff"
        ],
        "Date": [
          "Sat, 11 Mar 2023 08:43:29 GMT"
        ],
        "Content-Length": [
          "21"
        ],
        "Content-Type": [
          "application/json"
        ]
      },
      "ResponseBody": "{\r\n  \"status\": \"Dequeued\"\r\n}",
      "StatusCode": 200
    },
    {
      "RequestUri": "/subscriptions/23587e98-b6ac-4328-a753-03bcd3c8e744/providers/Microsoft.DocumentDB/locations/eastus2/operationsStatus/02f2a2b2-ac1f-4a07-ad84-e98ffb8bdad4?api-version=2022-08-15-preview",
      "EncodedRequestUri": "L3N1YnNjcmlwdGlvbnMvMjM1ODdlOTgtYjZhYy00MzI4LWE3NTMtMDNiY2QzYzhlNzQ0L3Byb3ZpZGVycy9NaWNyb3NvZnQuRG9jdW1lbnREQi9sb2NhdGlvbnMvZWFzdHVzMi9vcGVyYXRpb25zU3RhdHVzLzAyZjJhMmIyLWFjMWYtNGEwNy1hZDg0LWU5OGZmYjhiZGFkND9hcGktdmVyc2lvbj0yMDIyLTA4LTE1LXByZXZpZXc=",
      "RequestMethod": "GET",
      "RequestHeaders": {
        "x-ms-client-request-id": [
          "9fe44eec-17fc-4adb-a634-79782fb088ee"
        ],
        "User-Agent": [
          "FxVersion/4.700.22.55902",
          "OSName/Windows",
          "OSVersion/Microsoft.Windows.10.0.22621",
          "Microsoft.Azure.Management.CosmosDB.CosmosDBManagementClient/3.9.1.0"
        ]
      },
      "RequestBody": "",
      "ResponseHeaders": {
        "Cache-Control": [
          "no-store, no-cache"
        ],
        "Pragma": [
          "no-cache"
        ],
        "Strict-Transport-Security": [
          "max-age=31536000; includeSubDomains"
        ],
        "x-ms-gatewayversion": [
          "version=2.14.0"
        ],
        "Server": [
          "Microsoft-HTTPAPI/2.0"
        ],
        "x-ms-ratelimit-remaining-subscription-reads": [
          "11995"
        ],
        "x-ms-request-id": [
          "41b40806-0495-49da-a0bf-ea7fa6c3af31"
        ],
        "x-ms-correlation-request-id": [
          "41b40806-0495-49da-a0bf-ea7fa6c3af31"
        ],
        "x-ms-routing-request-id": [
          "WESTUS2:20230311T084400Z:41b40806-0495-49da-a0bf-ea7fa6c3af31"
        ],
        "X-Content-Type-Options": [
          "nosniff"
        ],
        "Date": [
          "Sat, 11 Mar 2023 08:43:59 GMT"
        ],
        "Content-Length": [
          "21"
        ],
        "Content-Type": [
          "application/json"
        ]
      },
      "ResponseBody": "{\r\n  \"status\": \"Dequeued\"\r\n}",
      "StatusCode": 200
    },
    {
      "RequestUri": "/subscriptions/23587e98-b6ac-4328-a753-03bcd3c8e744/providers/Microsoft.DocumentDB/locations/eastus2/operationsStatus/02f2a2b2-ac1f-4a07-ad84-e98ffb8bdad4?api-version=2022-08-15-preview",
      "EncodedRequestUri": "L3N1YnNjcmlwdGlvbnMvMjM1ODdlOTgtYjZhYy00MzI4LWE3NTMtMDNiY2QzYzhlNzQ0L3Byb3ZpZGVycy9NaWNyb3NvZnQuRG9jdW1lbnREQi9sb2NhdGlvbnMvZWFzdHVzMi9vcGVyYXRpb25zU3RhdHVzLzAyZjJhMmIyLWFjMWYtNGEwNy1hZDg0LWU5OGZmYjhiZGFkND9hcGktdmVyc2lvbj0yMDIyLTA4LTE1LXByZXZpZXc=",
      "RequestMethod": "GET",
      "RequestHeaders": {
        "x-ms-client-request-id": [
          "9fe44eec-17fc-4adb-a634-79782fb088ee"
        ],
        "User-Agent": [
          "FxVersion/4.700.22.55902",
          "OSName/Windows",
          "OSVersion/Microsoft.Windows.10.0.22621",
          "Microsoft.Azure.Management.CosmosDB.CosmosDBManagementClient/3.9.1.0"
        ]
      },
      "RequestBody": "",
      "ResponseHeaders": {
        "Cache-Control": [
          "no-store, no-cache"
        ],
        "Pragma": [
          "no-cache"
        ],
        "Strict-Transport-Security": [
          "max-age=31536000; includeSubDomains"
        ],
        "x-ms-gatewayversion": [
          "version=2.14.0"
        ],
        "Server": [
          "Microsoft-HTTPAPI/2.0"
        ],
        "x-ms-ratelimit-remaining-subscription-reads": [
          "11994"
        ],
        "x-ms-request-id": [
          "a5c8bd13-485b-43be-8662-56e5038e9c39"
        ],
        "x-ms-correlation-request-id": [
          "a5c8bd13-485b-43be-8662-56e5038e9c39"
        ],
        "x-ms-routing-request-id": [
          "WESTUS2:20230311T084430Z:a5c8bd13-485b-43be-8662-56e5038e9c39"
        ],
        "X-Content-Type-Options": [
          "nosniff"
        ],
        "Date": [
          "Sat, 11 Mar 2023 08:44:30 GMT"
        ],
        "Content-Length": [
          "21"
        ],
        "Content-Type": [
          "application/json"
        ]
      },
      "ResponseBody": "{\r\n  \"status\": \"Dequeued\"\r\n}",
      "StatusCode": 200
    },
    {
      "RequestUri": "/subscriptions/23587e98-b6ac-4328-a753-03bcd3c8e744/providers/Microsoft.DocumentDB/locations/eastus2/operationsStatus/02f2a2b2-ac1f-4a07-ad84-e98ffb8bdad4?api-version=2022-08-15-preview",
      "EncodedRequestUri": "L3N1YnNjcmlwdGlvbnMvMjM1ODdlOTgtYjZhYy00MzI4LWE3NTMtMDNiY2QzYzhlNzQ0L3Byb3ZpZGVycy9NaWNyb3NvZnQuRG9jdW1lbnREQi9sb2NhdGlvbnMvZWFzdHVzMi9vcGVyYXRpb25zU3RhdHVzLzAyZjJhMmIyLWFjMWYtNGEwNy1hZDg0LWU5OGZmYjhiZGFkND9hcGktdmVyc2lvbj0yMDIyLTA4LTE1LXByZXZpZXc=",
      "RequestMethod": "GET",
      "RequestHeaders": {
        "x-ms-client-request-id": [
          "9fe44eec-17fc-4adb-a634-79782fb088ee"
        ],
        "User-Agent": [
          "FxVersion/4.700.22.55902",
          "OSName/Windows",
          "OSVersion/Microsoft.Windows.10.0.22621",
          "Microsoft.Azure.Management.CosmosDB.CosmosDBManagementClient/3.9.1.0"
        ]
      },
      "RequestBody": "",
      "ResponseHeaders": {
        "Cache-Control": [
          "no-store, no-cache"
        ],
        "Pragma": [
          "no-cache"
        ],
        "Strict-Transport-Security": [
          "max-age=31536000; includeSubDomains"
        ],
        "x-ms-gatewayversion": [
          "version=2.14.0"
        ],
        "Server": [
          "Microsoft-HTTPAPI/2.0"
        ],
        "x-ms-ratelimit-remaining-subscription-reads": [
          "11993"
        ],
        "x-ms-request-id": [
          "e34c6250-c8d4-4a5e-9e1d-ebe49116e8c3"
        ],
        "x-ms-correlation-request-id": [
          "e34c6250-c8d4-4a5e-9e1d-ebe49116e8c3"
        ],
        "x-ms-routing-request-id": [
          "WESTUS2:20230311T084500Z:e34c6250-c8d4-4a5e-9e1d-ebe49116e8c3"
        ],
        "X-Content-Type-Options": [
          "nosniff"
        ],
        "Date": [
          "Sat, 11 Mar 2023 08:45:00 GMT"
        ],
        "Content-Length": [
          "21"
        ],
        "Content-Type": [
          "application/json"
        ]
      },
      "ResponseBody": "{\r\n  \"status\": \"Dequeued\"\r\n}",
      "StatusCode": 200
    },
    {
      "RequestUri": "/subscriptions/23587e98-b6ac-4328-a753-03bcd3c8e744/providers/Microsoft.DocumentDB/locations/eastus2/operationsStatus/02f2a2b2-ac1f-4a07-ad84-e98ffb8bdad4?api-version=2022-08-15-preview",
      "EncodedRequestUri": "L3N1YnNjcmlwdGlvbnMvMjM1ODdlOTgtYjZhYy00MzI4LWE3NTMtMDNiY2QzYzhlNzQ0L3Byb3ZpZGVycy9NaWNyb3NvZnQuRG9jdW1lbnREQi9sb2NhdGlvbnMvZWFzdHVzMi9vcGVyYXRpb25zU3RhdHVzLzAyZjJhMmIyLWFjMWYtNGEwNy1hZDg0LWU5OGZmYjhiZGFkND9hcGktdmVyc2lvbj0yMDIyLTA4LTE1LXByZXZpZXc=",
      "RequestMethod": "GET",
      "RequestHeaders": {
        "x-ms-client-request-id": [
          "9fe44eec-17fc-4adb-a634-79782fb088ee"
        ],
        "User-Agent": [
          "FxVersion/4.700.22.55902",
          "OSName/Windows",
          "OSVersion/Microsoft.Windows.10.0.22621",
          "Microsoft.Azure.Management.CosmosDB.CosmosDBManagementClient/3.9.1.0"
        ]
      },
      "RequestBody": "",
      "ResponseHeaders": {
        "Cache-Control": [
          "no-store, no-cache"
        ],
        "Pragma": [
          "no-cache"
        ],
        "Strict-Transport-Security": [
          "max-age=31536000; includeSubDomains"
        ],
        "x-ms-gatewayversion": [
          "version=2.14.0"
        ],
        "Server": [
          "Microsoft-HTTPAPI/2.0"
        ],
        "x-ms-ratelimit-remaining-subscription-reads": [
          "11992"
        ],
        "x-ms-request-id": [
          "e8289eb8-3b53-4a0a-b210-fad0844aa367"
        ],
        "x-ms-correlation-request-id": [
          "e8289eb8-3b53-4a0a-b210-fad0844aa367"
        ],
        "x-ms-routing-request-id": [
          "WESTUS2:20230311T084531Z:e8289eb8-3b53-4a0a-b210-fad0844aa367"
        ],
        "X-Content-Type-Options": [
          "nosniff"
        ],
        "Date": [
          "Sat, 11 Mar 2023 08:45:30 GMT"
        ],
        "Content-Length": [
          "21"
        ],
        "Content-Type": [
          "application/json"
        ]
      },
      "ResponseBody": "{\r\n  \"status\": \"Dequeued\"\r\n}",
      "StatusCode": 200
    },
    {
      "RequestUri": "/subscriptions/23587e98-b6ac-4328-a753-03bcd3c8e744/providers/Microsoft.DocumentDB/locations/eastus2/operationsStatus/02f2a2b2-ac1f-4a07-ad84-e98ffb8bdad4?api-version=2022-08-15-preview",
      "EncodedRequestUri": "L3N1YnNjcmlwdGlvbnMvMjM1ODdlOTgtYjZhYy00MzI4LWE3NTMtMDNiY2QzYzhlNzQ0L3Byb3ZpZGVycy9NaWNyb3NvZnQuRG9jdW1lbnREQi9sb2NhdGlvbnMvZWFzdHVzMi9vcGVyYXRpb25zU3RhdHVzLzAyZjJhMmIyLWFjMWYtNGEwNy1hZDg0LWU5OGZmYjhiZGFkND9hcGktdmVyc2lvbj0yMDIyLTA4LTE1LXByZXZpZXc=",
      "RequestMethod": "GET",
      "RequestHeaders": {
        "x-ms-client-request-id": [
          "9fe44eec-17fc-4adb-a634-79782fb088ee"
        ],
        "User-Agent": [
          "FxVersion/4.700.22.55902",
          "OSName/Windows",
          "OSVersion/Microsoft.Windows.10.0.22621",
          "Microsoft.Azure.Management.CosmosDB.CosmosDBManagementClient/3.9.1.0"
        ]
      },
      "RequestBody": "",
      "ResponseHeaders": {
        "Cache-Control": [
          "no-store, no-cache"
        ],
        "Pragma": [
          "no-cache"
        ],
        "Strict-Transport-Security": [
          "max-age=31536000; includeSubDomains"
        ],
        "x-ms-gatewayversion": [
          "version=2.14.0"
        ],
        "Server": [
          "Microsoft-HTTPAPI/2.0"
        ],
        "x-ms-ratelimit-remaining-subscription-reads": [
          "11991"
        ],
        "x-ms-request-id": [
          "5231f3b9-2c06-4c12-b37c-0483db663f22"
        ],
        "x-ms-correlation-request-id": [
          "5231f3b9-2c06-4c12-b37c-0483db663f22"
        ],
        "x-ms-routing-request-id": [
          "WESTUS2:20230311T084601Z:5231f3b9-2c06-4c12-b37c-0483db663f22"
        ],
        "X-Content-Type-Options": [
          "nosniff"
        ],
        "Date": [
          "Sat, 11 Mar 2023 08:46:00 GMT"
        ],
        "Content-Length": [
          "21"
        ],
        "Content-Type": [
          "application/json"
        ]
      },
      "ResponseBody": "{\r\n  \"status\": \"Dequeued\"\r\n}",
      "StatusCode": 200
    },
    {
      "RequestUri": "/subscriptions/23587e98-b6ac-4328-a753-03bcd3c8e744/providers/Microsoft.DocumentDB/locations/eastus2/operationsStatus/02f2a2b2-ac1f-4a07-ad84-e98ffb8bdad4?api-version=2022-08-15-preview",
      "EncodedRequestUri": "L3N1YnNjcmlwdGlvbnMvMjM1ODdlOTgtYjZhYy00MzI4LWE3NTMtMDNiY2QzYzhlNzQ0L3Byb3ZpZGVycy9NaWNyb3NvZnQuRG9jdW1lbnREQi9sb2NhdGlvbnMvZWFzdHVzMi9vcGVyYXRpb25zU3RhdHVzLzAyZjJhMmIyLWFjMWYtNGEwNy1hZDg0LWU5OGZmYjhiZGFkND9hcGktdmVyc2lvbj0yMDIyLTA4LTE1LXByZXZpZXc=",
      "RequestMethod": "GET",
      "RequestHeaders": {
        "x-ms-client-request-id": [
          "9fe44eec-17fc-4adb-a634-79782fb088ee"
        ],
        "User-Agent": [
          "FxVersion/4.700.22.55902",
          "OSName/Windows",
          "OSVersion/Microsoft.Windows.10.0.22621",
          "Microsoft.Azure.Management.CosmosDB.CosmosDBManagementClient/3.9.1.0"
        ]
      },
      "RequestBody": "",
      "ResponseHeaders": {
        "Cache-Control": [
          "no-store, no-cache"
        ],
        "Pragma": [
          "no-cache"
        ],
        "Strict-Transport-Security": [
          "max-age=31536000; includeSubDomains"
        ],
        "x-ms-gatewayversion": [
          "version=2.14.0"
        ],
        "Server": [
          "Microsoft-HTTPAPI/2.0"
        ],
        "x-ms-ratelimit-remaining-subscription-reads": [
          "11990"
        ],
        "x-ms-request-id": [
          "64bfc82f-4fc5-45de-8ba2-e1d05368dc38"
        ],
        "x-ms-correlation-request-id": [
          "64bfc82f-4fc5-45de-8ba2-e1d05368dc38"
        ],
        "x-ms-routing-request-id": [
          "WESTUS2:20230311T084631Z:64bfc82f-4fc5-45de-8ba2-e1d05368dc38"
        ],
        "X-Content-Type-Options": [
          "nosniff"
        ],
        "Date": [
          "Sat, 11 Mar 2023 08:46:30 GMT"
        ],
        "Content-Length": [
          "21"
        ],
        "Content-Type": [
          "application/json"
        ]
      },
      "ResponseBody": "{\r\n  \"status\": \"Dequeued\"\r\n}",
      "StatusCode": 200
    },
    {
      "RequestUri": "/subscriptions/23587e98-b6ac-4328-a753-03bcd3c8e744/providers/Microsoft.DocumentDB/locations/eastus2/operationsStatus/02f2a2b2-ac1f-4a07-ad84-e98ffb8bdad4?api-version=2022-08-15-preview",
      "EncodedRequestUri": "L3N1YnNjcmlwdGlvbnMvMjM1ODdlOTgtYjZhYy00MzI4LWE3NTMtMDNiY2QzYzhlNzQ0L3Byb3ZpZGVycy9NaWNyb3NvZnQuRG9jdW1lbnREQi9sb2NhdGlvbnMvZWFzdHVzMi9vcGVyYXRpb25zU3RhdHVzLzAyZjJhMmIyLWFjMWYtNGEwNy1hZDg0LWU5OGZmYjhiZGFkND9hcGktdmVyc2lvbj0yMDIyLTA4LTE1LXByZXZpZXc=",
      "RequestMethod": "GET",
      "RequestHeaders": {
        "x-ms-client-request-id": [
          "9fe44eec-17fc-4adb-a634-79782fb088ee"
        ],
        "User-Agent": [
          "FxVersion/4.700.22.55902",
          "OSName/Windows",
          "OSVersion/Microsoft.Windows.10.0.22621",
          "Microsoft.Azure.Management.CosmosDB.CosmosDBManagementClient/3.9.1.0"
        ]
      },
      "RequestBody": "",
      "ResponseHeaders": {
        "Cache-Control": [
          "no-store, no-cache"
        ],
        "Pragma": [
          "no-cache"
        ],
        "Strict-Transport-Security": [
          "max-age=31536000; includeSubDomains"
        ],
        "x-ms-gatewayversion": [
          "version=2.14.0"
        ],
        "Server": [
          "Microsoft-HTTPAPI/2.0"
        ],
        "x-ms-ratelimit-remaining-subscription-reads": [
          "11989"
        ],
        "x-ms-request-id": [
          "591cdaf4-1ccd-4c84-8ed4-0c1779a37f57"
        ],
        "x-ms-correlation-request-id": [
          "591cdaf4-1ccd-4c84-8ed4-0c1779a37f57"
        ],
        "x-ms-routing-request-id": [
          "WESTUS2:20230311T084701Z:591cdaf4-1ccd-4c84-8ed4-0c1779a37f57"
        ],
        "X-Content-Type-Options": [
          "nosniff"
        ],
        "Date": [
          "Sat, 11 Mar 2023 08:47:01 GMT"
        ],
        "Content-Length": [
          "21"
        ],
        "Content-Type": [
          "application/json"
        ]
      },
      "ResponseBody": "{\r\n  \"status\": \"Dequeued\"\r\n}",
      "StatusCode": 200
    },
    {
      "RequestUri": "/subscriptions/23587e98-b6ac-4328-a753-03bcd3c8e744/providers/Microsoft.DocumentDB/locations/eastus2/operationsStatus/02f2a2b2-ac1f-4a07-ad84-e98ffb8bdad4?api-version=2022-08-15-preview",
      "EncodedRequestUri": "L3N1YnNjcmlwdGlvbnMvMjM1ODdlOTgtYjZhYy00MzI4LWE3NTMtMDNiY2QzYzhlNzQ0L3Byb3ZpZGVycy9NaWNyb3NvZnQuRG9jdW1lbnREQi9sb2NhdGlvbnMvZWFzdHVzMi9vcGVyYXRpb25zU3RhdHVzLzAyZjJhMmIyLWFjMWYtNGEwNy1hZDg0LWU5OGZmYjhiZGFkND9hcGktdmVyc2lvbj0yMDIyLTA4LTE1LXByZXZpZXc=",
      "RequestMethod": "GET",
      "RequestHeaders": {
        "x-ms-client-request-id": [
          "9fe44eec-17fc-4adb-a634-79782fb088ee"
        ],
        "User-Agent": [
          "FxVersion/4.700.22.55902",
          "OSName/Windows",
          "OSVersion/Microsoft.Windows.10.0.22621",
          "Microsoft.Azure.Management.CosmosDB.CosmosDBManagementClient/3.9.1.0"
        ]
      },
      "RequestBody": "",
      "ResponseHeaders": {
        "Cache-Control": [
          "no-store, no-cache"
        ],
        "Pragma": [
          "no-cache"
        ],
        "Strict-Transport-Security": [
          "max-age=31536000; includeSubDomains"
        ],
        "x-ms-gatewayversion": [
          "version=2.14.0"
        ],
        "Server": [
          "Microsoft-HTTPAPI/2.0"
        ],
        "x-ms-ratelimit-remaining-subscription-reads": [
          "11988"
        ],
        "x-ms-request-id": [
          "accb918d-70e8-4fb6-91c4-17166aaea17a"
        ],
        "x-ms-correlation-request-id": [
          "accb918d-70e8-4fb6-91c4-17166aaea17a"
        ],
        "x-ms-routing-request-id": [
          "WESTUS2:20230311T084731Z:accb918d-70e8-4fb6-91c4-17166aaea17a"
        ],
        "X-Content-Type-Options": [
          "nosniff"
        ],
        "Date": [
          "Sat, 11 Mar 2023 08:47:31 GMT"
        ],
        "Content-Length": [
          "21"
        ],
        "Content-Type": [
          "application/json"
        ]
      },
      "ResponseBody": "{\r\n  \"status\": \"Dequeued\"\r\n}",
      "StatusCode": 200
    },
    {
      "RequestUri": "/subscriptions/23587e98-b6ac-4328-a753-03bcd3c8e744/providers/Microsoft.DocumentDB/locations/eastus2/operationsStatus/02f2a2b2-ac1f-4a07-ad84-e98ffb8bdad4?api-version=2022-08-15-preview",
      "EncodedRequestUri": "L3N1YnNjcmlwdGlvbnMvMjM1ODdlOTgtYjZhYy00MzI4LWE3NTMtMDNiY2QzYzhlNzQ0L3Byb3ZpZGVycy9NaWNyb3NvZnQuRG9jdW1lbnREQi9sb2NhdGlvbnMvZWFzdHVzMi9vcGVyYXRpb25zU3RhdHVzLzAyZjJhMmIyLWFjMWYtNGEwNy1hZDg0LWU5OGZmYjhiZGFkND9hcGktdmVyc2lvbj0yMDIyLTA4LTE1LXByZXZpZXc=",
      "RequestMethod": "GET",
      "RequestHeaders": {
        "x-ms-client-request-id": [
          "9fe44eec-17fc-4adb-a634-79782fb088ee"
        ],
        "User-Agent": [
          "FxVersion/4.700.22.55902",
          "OSName/Windows",
          "OSVersion/Microsoft.Windows.10.0.22621",
          "Microsoft.Azure.Management.CosmosDB.CosmosDBManagementClient/3.9.1.0"
        ]
      },
      "RequestBody": "",
      "ResponseHeaders": {
        "Cache-Control": [
          "no-store, no-cache"
        ],
        "Pragma": [
          "no-cache"
        ],
        "Strict-Transport-Security": [
          "max-age=31536000; includeSubDomains"
        ],
        "x-ms-gatewayversion": [
          "version=2.14.0"
        ],
        "Server": [
          "Microsoft-HTTPAPI/2.0"
        ],
        "x-ms-ratelimit-remaining-subscription-reads": [
          "11987"
        ],
        "x-ms-request-id": [
          "006c870b-a130-4018-a9bb-19d34af4a64c"
        ],
        "x-ms-correlation-request-id": [
          "006c870b-a130-4018-a9bb-19d34af4a64c"
        ],
        "x-ms-routing-request-id": [
          "WESTUS2:20230311T084801Z:006c870b-a130-4018-a9bb-19d34af4a64c"
        ],
        "X-Content-Type-Options": [
          "nosniff"
        ],
        "Date": [
          "Sat, 11 Mar 2023 08:48:01 GMT"
        ],
        "Content-Length": [
          "21"
        ],
        "Content-Type": [
          "application/json"
        ]
      },
      "ResponseBody": "{\r\n  \"status\": \"Dequeued\"\r\n}",
      "StatusCode": 200
    },
    {
      "RequestUri": "/subscriptions/23587e98-b6ac-4328-a753-03bcd3c8e744/providers/Microsoft.DocumentDB/locations/eastus2/operationsStatus/02f2a2b2-ac1f-4a07-ad84-e98ffb8bdad4?api-version=2022-08-15-preview",
      "EncodedRequestUri": "L3N1YnNjcmlwdGlvbnMvMjM1ODdlOTgtYjZhYy00MzI4LWE3NTMtMDNiY2QzYzhlNzQ0L3Byb3ZpZGVycy9NaWNyb3NvZnQuRG9jdW1lbnREQi9sb2NhdGlvbnMvZWFzdHVzMi9vcGVyYXRpb25zU3RhdHVzLzAyZjJhMmIyLWFjMWYtNGEwNy1hZDg0LWU5OGZmYjhiZGFkND9hcGktdmVyc2lvbj0yMDIyLTA4LTE1LXByZXZpZXc=",
      "RequestMethod": "GET",
      "RequestHeaders": {
        "x-ms-client-request-id": [
          "9fe44eec-17fc-4adb-a634-79782fb088ee"
        ],
        "User-Agent": [
          "FxVersion/4.700.22.55902",
          "OSName/Windows",
          "OSVersion/Microsoft.Windows.10.0.22621",
          "Microsoft.Azure.Management.CosmosDB.CosmosDBManagementClient/3.9.1.0"
        ]
      },
      "RequestBody": "",
      "ResponseHeaders": {
        "Cache-Control": [
          "no-store, no-cache"
        ],
        "Pragma": [
          "no-cache"
        ],
        "Strict-Transport-Security": [
          "max-age=31536000; includeSubDomains"
        ],
        "x-ms-gatewayversion": [
          "version=2.14.0"
        ],
        "Server": [
          "Microsoft-HTTPAPI/2.0"
        ],
        "x-ms-ratelimit-remaining-subscription-reads": [
          "11986"
        ],
        "x-ms-request-id": [
          "96f4f568-f2cb-4925-9cc9-5666f219ef5b"
        ],
        "x-ms-correlation-request-id": [
          "96f4f568-f2cb-4925-9cc9-5666f219ef5b"
        ],
        "x-ms-routing-request-id": [
          "WESTUS2:20230311T084831Z:96f4f568-f2cb-4925-9cc9-5666f219ef5b"
        ],
        "X-Content-Type-Options": [
          "nosniff"
        ],
        "Date": [
          "Sat, 11 Mar 2023 08:48:31 GMT"
        ],
        "Content-Length": [
          "22"
        ],
        "Content-Type": [
          "application/json"
        ]
      },
      "ResponseBody": "{\r\n  \"status\": \"Succeeded\"\r\n}",
      "StatusCode": 200
    },
    {
      "RequestUri": "/subscriptions/23587e98-b6ac-4328-a753-03bcd3c8e744/providers/Microsoft.DocumentDB/locations/eastus2/operationResults/02f2a2b2-ac1f-4a07-ad84-e98ffb8bdad4?api-version=2022-08-15-preview",
      "EncodedRequestUri": "L3N1YnNjcmlwdGlvbnMvMjM1ODdlOTgtYjZhYy00MzI4LWE3NTMtMDNiY2QzYzhlNzQ0L3Byb3ZpZGVycy9NaWNyb3NvZnQuRG9jdW1lbnREQi9sb2NhdGlvbnMvZWFzdHVzMi9vcGVyYXRpb25SZXN1bHRzLzAyZjJhMmIyLWFjMWYtNGEwNy1hZDg0LWU5OGZmYjhiZGFkND9hcGktdmVyc2lvbj0yMDIyLTA4LTE1LXByZXZpZXc=",
      "RequestMethod": "GET",
      "RequestHeaders": {
        "x-ms-client-request-id": [
          "9fe44eec-17fc-4adb-a634-79782fb088ee"
        ],
        "User-Agent": [
          "FxVersion/4.700.22.55902",
          "OSName/Windows",
          "OSVersion/Microsoft.Windows.10.0.22621",
          "Microsoft.Azure.Management.CosmosDB.CosmosDBManagementClient/3.9.1.0"
        ]
      },
      "RequestBody": "",
      "ResponseHeaders": {
        "Cache-Control": [
          "no-store, no-cache"
        ],
        "Pragma": [
          "no-cache"
        ],
        "Strict-Transport-Security": [
          "max-age=31536000; includeSubDomains"
        ],
        "x-ms-activity-id": [
          "9fe44eec-17fc-4adb-a634-79782fb088ee"
        ],
        "Server": [
          "Microsoft-HTTPAPI/2.0"
        ],
        "x-ms-ratelimit-remaining-subscription-reads": [
          "11985"
        ],
        "x-ms-request-id": [
          "8dcc787b-68e6-418a-bbdd-87112cfc0779"
        ],
        "x-ms-correlation-request-id": [
          "8dcc787b-68e6-418a-bbdd-87112cfc0779"
        ],
        "x-ms-routing-request-id": [
          "WESTUS2:20230311T084832Z:8dcc787b-68e6-418a-bbdd-87112cfc0779"
        ],
        "X-Content-Type-Options": [
          "nosniff"
        ],
        "Date": [
          "Sat, 11 Mar 2023 08:48:31 GMT"
        ],
        "Content-Length": [
          "0"
        ]
      },
      "ResponseBody": "",
      "StatusCode": 200
    },
    {
      "RequestUri": "/subscriptions/23587e98-b6ac-4328-a753-03bcd3c8e744/resourcegroups/cdbrg-service-sqld?api-version=2016-09-01",
      "EncodedRequestUri": "L3N1YnNjcmlwdGlvbnMvMjM1ODdlOTgtYjZhYy00MzI4LWE3NTMtMDNiY2QzYzhlNzQ0L3Jlc291cmNlZ3JvdXBzL2NkYnJnLXNlcnZpY2Utc3FsZD9hcGktdmVyc2lvbj0yMDE2LTA5LTAx",
      "RequestMethod": "DELETE",
      "RequestHeaders": {
        "x-ms-client-request-id": [
          "33438f8c-7958-4601-b350-e168eb6f4020"
        ],
        "Accept-Language": [
          "en-US"
        ],
        "User-Agent": [
          "FxVersion/4.700.22.55902",
          "OSName/Windows",
          "OSVersion/Microsoft.Windows.10.0.22621",
          "Microsoft.Azure.Management.Internal.Resources.ResourceManagementClient/1.3.73"
        ]
      },
      "RequestBody": "",
      "ResponseHeaders": {
        "Cache-Control": [
          "no-cache"
        ],
        "Pragma": [
          "no-cache"
        ],
        "Location": [
          "https://management.azure.com/subscriptions/23587e98-b6ac-4328-a753-03bcd3c8e744/operationresults/eyJqb2JJZCI6IlJFU09VUkNFR1JPVVBERUxFVElPTkpPQi1DREJSRzoyRFNFUlZJQ0U6MkRTUUxELUVBU1RVUzIiLCJqb2JMb2NhdGlvbiI6ImVhc3R1czIifQ?api-version=2016-09-01"
        ],
        "Retry-After": [
          "15"
        ],
        "x-ms-ratelimit-remaining-subscription-deletes": [
          "14999"
        ],
        "x-ms-request-id": [
          "7fb76c40-e5b9-4a55-a789-a2b8a6c0754e"
        ],
        "x-ms-correlation-request-id": [
          "7fb76c40-e5b9-4a55-a789-a2b8a6c0754e"
        ],
        "x-ms-routing-request-id": [
          "WESTUS:20230311T084833Z:7fb76c40-e5b9-4a55-a789-a2b8a6c0754e"
        ],
        "Strict-Transport-Security": [
          "max-age=31536000; includeSubDomains"
        ],
        "X-Content-Type-Options": [
          "nosniff"
        ],
        "Date": [
          "Sat, 11 Mar 2023 08:48:33 GMT"
        ],
        "Expires": [
          "-1"
        ],
        "Content-Length": [
          "0"
        ]
      },
      "ResponseBody": "",
      "StatusCode": 202
    },
    {
      "RequestUri": "/subscriptions/23587e98-b6ac-4328-a753-03bcd3c8e744/operationresults/eyJqb2JJZCI6IlJFU09VUkNFR1JPVVBERUxFVElPTkpPQi1DREJSRzoyRFNFUlZJQ0U6MkRTUUxELUVBU1RVUzIiLCJqb2JMb2NhdGlvbiI6ImVhc3R1czIifQ?api-version=2016-09-01",
      "EncodedRequestUri": "L3N1YnNjcmlwdGlvbnMvMjM1ODdlOTgtYjZhYy00MzI4LWE3NTMtMDNiY2QzYzhlNzQ0L29wZXJhdGlvbnJlc3VsdHMvZXlKcWIySkpaQ0k2SWxKRlUwOVZVa05GUjFKUFZWQkVSVXhGVkVsUFRrcFBRaTFEUkVKU1J6b3lSRk5GVWxaSlEwVTZNa1JUVVV4RUxVVkJVMVJWVXpJaUxDSnFiMkpNYjJOaGRHbHZiaUk2SW1WaGMzUjFjeklpZlE/YXBpLXZlcnNpb249MjAxNi0wOS0wMQ==",
      "RequestMethod": "GET",
      "RequestHeaders": {
        "User-Agent": [
          "FxVersion/4.700.22.55902",
          "OSName/Windows",
          "OSVersion/Microsoft.Windows.10.0.22621",
          "Microsoft.Azure.Management.Internal.Resources.ResourceManagementClient/1.3.73"
        ]
      },
      "RequestBody": "",
      "ResponseHeaders": {
        "Cache-Control": [
          "no-cache"
        ],
        "Pragma": [
          "no-cache"
        ],
        "Location": [
          "https://management.azure.com/subscriptions/23587e98-b6ac-4328-a753-03bcd3c8e744/operationresults/eyJqb2JJZCI6IlJFU09VUkNFR1JPVVBERUxFVElPTkpPQi1DREJSRzoyRFNFUlZJQ0U6MkRTUUxELUVBU1RVUzIiLCJqb2JMb2NhdGlvbiI6ImVhc3R1czIifQ?api-version=2016-09-01"
        ],
        "Retry-After": [
          "15"
        ],
        "x-ms-ratelimit-remaining-subscription-reads": [
          "11999"
        ],
        "x-ms-request-id": [
          "95203e5d-835f-45e3-9bc1-21303aa6e1a1"
        ],
        "x-ms-correlation-request-id": [
          "95203e5d-835f-45e3-9bc1-21303aa6e1a1"
        ],
        "x-ms-routing-request-id": [
          "WESTUS:20230311T084848Z:95203e5d-835f-45e3-9bc1-21303aa6e1a1"
        ],
        "Strict-Transport-Security": [
          "max-age=31536000; includeSubDomains"
        ],
        "X-Content-Type-Options": [
          "nosniff"
        ],
        "Date": [
          "Sat, 11 Mar 2023 08:48:48 GMT"
        ],
        "Expires": [
          "-1"
        ],
        "Content-Length": [
          "0"
        ]
      },
      "ResponseBody": "",
      "StatusCode": 202
    },
    {
      "RequestUri": "/subscriptions/23587e98-b6ac-4328-a753-03bcd3c8e744/operationresults/eyJqb2JJZCI6IlJFU09VUkNFR1JPVVBERUxFVElPTkpPQi1DREJSRzoyRFNFUlZJQ0U6MkRTUUxELUVBU1RVUzIiLCJqb2JMb2NhdGlvbiI6ImVhc3R1czIifQ?api-version=2016-09-01",
      "EncodedRequestUri": "L3N1YnNjcmlwdGlvbnMvMjM1ODdlOTgtYjZhYy00MzI4LWE3NTMtMDNiY2QzYzhlNzQ0L29wZXJhdGlvbnJlc3VsdHMvZXlKcWIySkpaQ0k2SWxKRlUwOVZVa05GUjFKUFZWQkVSVXhGVkVsUFRrcFBRaTFEUkVKU1J6b3lSRk5GVWxaSlEwVTZNa1JUVVV4RUxVVkJVMVJWVXpJaUxDSnFiMkpNYjJOaGRHbHZiaUk2SW1WaGMzUjFjeklpZlE/YXBpLXZlcnNpb249MjAxNi0wOS0wMQ==",
      "RequestMethod": "GET",
      "RequestHeaders": {
        "User-Agent": [
          "FxVersion/4.700.22.55902",
          "OSName/Windows",
          "OSVersion/Microsoft.Windows.10.0.22621",
          "Microsoft.Azure.Management.Internal.Resources.ResourceManagementClient/1.3.73"
        ]
      },
      "RequestBody": "",
      "ResponseHeaders": {
        "Cache-Control": [
          "no-cache"
        ],
        "Pragma": [
          "no-cache"
        ],
        "Location": [
          "https://management.azure.com/subscriptions/23587e98-b6ac-4328-a753-03bcd3c8e744/operationresults/eyJqb2JJZCI6IlJFU09VUkNFR1JPVVBERUxFVElPTkpPQi1DREJSRzoyRFNFUlZJQ0U6MkRTUUxELUVBU1RVUzIiLCJqb2JMb2NhdGlvbiI6ImVhc3R1czIifQ?api-version=2016-09-01"
        ],
        "Retry-After": [
          "15"
        ],
        "x-ms-ratelimit-remaining-subscription-reads": [
          "11998"
        ],
        "x-ms-request-id": [
          "8c547c36-205b-4f30-a52b-ea8dc2fd1068"
        ],
        "x-ms-correlation-request-id": [
          "8c547c36-205b-4f30-a52b-ea8dc2fd1068"
        ],
        "x-ms-routing-request-id": [
          "WESTUS:20230311T084904Z:8c547c36-205b-4f30-a52b-ea8dc2fd1068"
        ],
        "Strict-Transport-Security": [
          "max-age=31536000; includeSubDomains"
        ],
        "X-Content-Type-Options": [
          "nosniff"
        ],
        "Date": [
          "Sat, 11 Mar 2023 08:49:03 GMT"
        ],
        "Expires": [
          "-1"
        ],
        "Content-Length": [
          "0"
        ]
      },
      "ResponseBody": "",
      "StatusCode": 202
    },
    {
      "RequestUri": "/subscriptions/23587e98-b6ac-4328-a753-03bcd3c8e744/operationresults/eyJqb2JJZCI6IlJFU09VUkNFR1JPVVBERUxFVElPTkpPQi1DREJSRzoyRFNFUlZJQ0U6MkRTUUxELUVBU1RVUzIiLCJqb2JMb2NhdGlvbiI6ImVhc3R1czIifQ?api-version=2016-09-01",
      "EncodedRequestUri": "L3N1YnNjcmlwdGlvbnMvMjM1ODdlOTgtYjZhYy00MzI4LWE3NTMtMDNiY2QzYzhlNzQ0L29wZXJhdGlvbnJlc3VsdHMvZXlKcWIySkpaQ0k2SWxKRlUwOVZVa05GUjFKUFZWQkVSVXhGVkVsUFRrcFBRaTFEUkVKU1J6b3lSRk5GVWxaSlEwVTZNa1JUVVV4RUxVVkJVMVJWVXpJaUxDSnFiMkpNYjJOaGRHbHZiaUk2SW1WaGMzUjFjeklpZlE/YXBpLXZlcnNpb249MjAxNi0wOS0wMQ==",
      "RequestMethod": "GET",
      "RequestHeaders": {
        "User-Agent": [
          "FxVersion/4.700.22.55902",
          "OSName/Windows",
          "OSVersion/Microsoft.Windows.10.0.22621",
          "Microsoft.Azure.Management.Internal.Resources.ResourceManagementClient/1.3.73"
        ]
      },
      "RequestBody": "",
      "ResponseHeaders": {
        "Cache-Control": [
          "no-cache"
        ],
        "Pragma": [
          "no-cache"
        ],
        "Location": [
          "https://management.azure.com/subscriptions/23587e98-b6ac-4328-a753-03bcd3c8e744/operationresults/eyJqb2JJZCI6IlJFU09VUkNFR1JPVVBERUxFVElPTkpPQi1DREJSRzoyRFNFUlZJQ0U6MkRTUUxELUVBU1RVUzIiLCJqb2JMb2NhdGlvbiI6ImVhc3R1czIifQ?api-version=2016-09-01"
        ],
        "Retry-After": [
          "15"
        ],
        "x-ms-ratelimit-remaining-subscription-reads": [
          "11997"
        ],
        "x-ms-request-id": [
          "1b6ebe3e-1ce7-4446-8018-54def125e8ba"
        ],
        "x-ms-correlation-request-id": [
          "1b6ebe3e-1ce7-4446-8018-54def125e8ba"
        ],
        "x-ms-routing-request-id": [
          "WESTUS:20230311T084919Z:1b6ebe3e-1ce7-4446-8018-54def125e8ba"
        ],
        "Strict-Transport-Security": [
          "max-age=31536000; includeSubDomains"
        ],
        "X-Content-Type-Options": [
          "nosniff"
        ],
        "Date": [
          "Sat, 11 Mar 2023 08:49:18 GMT"
        ],
        "Expires": [
          "-1"
        ],
        "Content-Length": [
          "0"
        ]
      },
      "ResponseBody": "",
      "StatusCode": 202
    },
    {
      "RequestUri": "/subscriptions/23587e98-b6ac-4328-a753-03bcd3c8e744/operationresults/eyJqb2JJZCI6IlJFU09VUkNFR1JPVVBERUxFVElPTkpPQi1DREJSRzoyRFNFUlZJQ0U6MkRTUUxELUVBU1RVUzIiLCJqb2JMb2NhdGlvbiI6ImVhc3R1czIifQ?api-version=2016-09-01",
      "EncodedRequestUri": "L3N1YnNjcmlwdGlvbnMvMjM1ODdlOTgtYjZhYy00MzI4LWE3NTMtMDNiY2QzYzhlNzQ0L29wZXJhdGlvbnJlc3VsdHMvZXlKcWIySkpaQ0k2SWxKRlUwOVZVa05GUjFKUFZWQkVSVXhGVkVsUFRrcFBRaTFEUkVKU1J6b3lSRk5GVWxaSlEwVTZNa1JUVVV4RUxVVkJVMVJWVXpJaUxDSnFiMkpNYjJOaGRHbHZiaUk2SW1WaGMzUjFjeklpZlE/YXBpLXZlcnNpb249MjAxNi0wOS0wMQ==",
      "RequestMethod": "GET",
      "RequestHeaders": {
        "User-Agent": [
          "FxVersion/4.700.22.55902",
          "OSName/Windows",
          "OSVersion/Microsoft.Windows.10.0.22621",
          "Microsoft.Azure.Management.Internal.Resources.ResourceManagementClient/1.3.73"
        ]
      },
      "RequestBody": "",
      "ResponseHeaders": {
        "Cache-Control": [
          "no-cache"
        ],
        "Pragma": [
          "no-cache"
        ],
        "Location": [
          "https://management.azure.com/subscriptions/23587e98-b6ac-4328-a753-03bcd3c8e744/operationresults/eyJqb2JJZCI6IlJFU09VUkNFR1JPVVBERUxFVElPTkpPQi1DREJSRzoyRFNFUlZJQ0U6MkRTUUxELUVBU1RVUzIiLCJqb2JMb2NhdGlvbiI6ImVhc3R1czIifQ?api-version=2016-09-01"
        ],
        "Retry-After": [
          "15"
        ],
        "x-ms-ratelimit-remaining-subscription-reads": [
          "11996"
        ],
        "x-ms-request-id": [
          "ea1e0595-75ee-4acb-92b9-5b95223d1b5d"
        ],
        "x-ms-correlation-request-id": [
          "ea1e0595-75ee-4acb-92b9-5b95223d1b5d"
        ],
        "x-ms-routing-request-id": [
          "WESTUS:20230311T084934Z:ea1e0595-75ee-4acb-92b9-5b95223d1b5d"
        ],
        "Strict-Transport-Security": [
          "max-age=31536000; includeSubDomains"
        ],
        "X-Content-Type-Options": [
          "nosniff"
        ],
        "Date": [
          "Sat, 11 Mar 2023 08:49:33 GMT"
        ],
        "Expires": [
          "-1"
        ],
        "Content-Length": [
          "0"
        ]
      },
      "ResponseBody": "",
      "StatusCode": 202
    },
    {
      "RequestUri": "/subscriptions/23587e98-b6ac-4328-a753-03bcd3c8e744/operationresults/eyJqb2JJZCI6IlJFU09VUkNFR1JPVVBERUxFVElPTkpPQi1DREJSRzoyRFNFUlZJQ0U6MkRTUUxELUVBU1RVUzIiLCJqb2JMb2NhdGlvbiI6ImVhc3R1czIifQ?api-version=2016-09-01",
      "EncodedRequestUri": "L3N1YnNjcmlwdGlvbnMvMjM1ODdlOTgtYjZhYy00MzI4LWE3NTMtMDNiY2QzYzhlNzQ0L29wZXJhdGlvbnJlc3VsdHMvZXlKcWIySkpaQ0k2SWxKRlUwOVZVa05GUjFKUFZWQkVSVXhGVkVsUFRrcFBRaTFEUkVKU1J6b3lSRk5GVWxaSlEwVTZNa1JUVVV4RUxVVkJVMVJWVXpJaUxDSnFiMkpNYjJOaGRHbHZiaUk2SW1WaGMzUjFjeklpZlE/YXBpLXZlcnNpb249MjAxNi0wOS0wMQ==",
      "RequestMethod": "GET",
      "RequestHeaders": {
        "User-Agent": [
          "FxVersion/4.700.22.55902",
          "OSName/Windows",
          "OSVersion/Microsoft.Windows.10.0.22621",
          "Microsoft.Azure.Management.Internal.Resources.ResourceManagementClient/1.3.73"
        ]
      },
      "RequestBody": "",
      "ResponseHeaders": {
        "Cache-Control": [
          "no-cache"
        ],
        "Pragma": [
          "no-cache"
        ],
        "x-ms-ratelimit-remaining-subscription-reads": [
          "11995"
        ],
        "x-ms-request-id": [
          "718faf01-30fa-490a-b2c2-0a7def8c17fe"
        ],
        "x-ms-correlation-request-id": [
          "718faf01-30fa-490a-b2c2-0a7def8c17fe"
        ],
        "x-ms-routing-request-id": [
          "WESTUS:20230311T084949Z:718faf01-30fa-490a-b2c2-0a7def8c17fe"
        ],
        "Strict-Transport-Security": [
          "max-age=31536000; includeSubDomains"
        ],
        "X-Content-Type-Options": [
          "nosniff"
        ],
        "Date": [
          "Sat, 11 Mar 2023 08:49:49 GMT"
        ],
        "Expires": [
          "-1"
        ],
        "Content-Length": [
          "0"
        ]
      },
      "ResponseBody": "",
      "StatusCode": 200
    },
    {
      "RequestUri": "/subscriptions/23587e98-b6ac-4328-a753-03bcd3c8e744/operationresults/eyJqb2JJZCI6IlJFU09VUkNFR1JPVVBERUxFVElPTkpPQi1DREJSRzoyRFNFUlZJQ0U6MkRTUUxELUVBU1RVUzIiLCJqb2JMb2NhdGlvbiI6ImVhc3R1czIifQ?api-version=2016-09-01",
      "EncodedRequestUri": "L3N1YnNjcmlwdGlvbnMvMjM1ODdlOTgtYjZhYy00MzI4LWE3NTMtMDNiY2QzYzhlNzQ0L29wZXJhdGlvbnJlc3VsdHMvZXlKcWIySkpaQ0k2SWxKRlUwOVZVa05GUjFKUFZWQkVSVXhGVkVsUFRrcFBRaTFEUkVKU1J6b3lSRk5GVWxaSlEwVTZNa1JUVVV4RUxVVkJVMVJWVXpJaUxDSnFiMkpNYjJOaGRHbHZiaUk2SW1WaGMzUjFjeklpZlE/YXBpLXZlcnNpb249MjAxNi0wOS0wMQ==",
      "RequestMethod": "GET",
      "RequestHeaders": {
        "User-Agent": [
          "FxVersion/4.700.22.55902",
          "OSName/Windows",
          "OSVersion/Microsoft.Windows.10.0.22621",
          "Microsoft.Azure.Management.Internal.Resources.ResourceManagementClient/1.3.73"
        ]
      },
      "RequestBody": "",
      "ResponseHeaders": {
        "Cache-Control": [
          "no-cache"
        ],
        "Pragma": [
          "no-cache"
        ],
        "x-ms-ratelimit-remaining-subscription-reads": [
          "11994"
        ],
        "x-ms-request-id": [
          "de51970e-4c18-4c3c-9122-ca0f65754770"
        ],
        "x-ms-correlation-request-id": [
          "de51970e-4c18-4c3c-9122-ca0f65754770"
        ],
        "x-ms-routing-request-id": [
          "WESTUS:20230311T084949Z:de51970e-4c18-4c3c-9122-ca0f65754770"
        ],
        "Strict-Transport-Security": [
          "max-age=31536000; includeSubDomains"
        ],
        "X-Content-Type-Options": [
          "nosniff"
        ],
        "Date": [
          "Sat, 11 Mar 2023 08:49:49 GMT"
        ],
        "Expires": [
          "-1"
        ],
        "Content-Length": [
          "0"
        ]
      },
      "ResponseBody": "",
      "StatusCode": 200
    }
  ],
  "Names": {},
  "Variables": {
    "SubscriptionId": "23587e98-b6ac-4328-a753-03bcd3c8e744"
  }
}