{
  "Entries": [
    {
      "RequestUri": "/subscriptions/3e919f9a-4e26-4736-aa8d-d596d9a49239/providers/Microsoft.Peering/peerAsns/33043-Global4375?api-version=2020-01-01-preview",
      "EncodedRequestUri": "L3N1YnNjcmlwdGlvbnMvM2U5MTlmOWEtNGUyNi00NzM2LWFhOGQtZDU5NmQ5YTQ5MjM5L3Byb3ZpZGVycy9NaWNyb3NvZnQuUGVlcmluZy9wZWVyQXNucy8zMzA0My1HbG9iYWw0Mzc1P2FwaS12ZXJzaW9uPTIwMjAtMDEtMDEtcHJldmlldw==",
      "RequestMethod": "PUT",
      "RequestBody": "{\r\n  \"properties\": {\r\n    \"peerAsn\": 33043,\r\n    \"peerContactDetail\": [\r\n      {\r\n        \"role\": \"Noc\",\r\n        \"email\": \"Noc@AS33043-Global7219.com\",\r\n        \"phone\": \"+1(888)-889-8088\"\r\n      },\r\n      {\r\n        \"role\": \"Policy\",\r\n        \"email\": \"Policy@AS33043-Global7219.com\",\r\n        \"phone\": \"+1(888)-889-8088\"\r\n      }\r\n    ],\r\n    \"peerName\": \"AS33043-Global7219\"\r\n  }\r\n}",
      "RequestHeaders": {
        "x-ms-client-request-id": [
          "73410eba-11cb-4231-b5d1-bdb141b57c1a"
        ],
        "Accept-Language": [
          "en-US"
        ],
        "User-Agent": [
          "FxVersion/4.6.28619.01",
          "OSName/Windows",
          "OSVersion/Microsoft.Windows.10.0.18363.",
          "Microsoft.Azure.Management.Peering.PeeringManagementClient/2.0.0.1"
        ],
        "Content-Type": [
          "application/json; charset=utf-8"
        ],
        "Content-Length": [
          "386"
        ]
      },
      "ResponseHeaders": {
        "Cache-Control": [
          "no-cache"
        ],
        "Pragma": [
          "no-cache"
        ],
        "x-ms-request-id": [
          "1643d674-9cca-45bd-83c3-0de4bfcb80ad"
        ],
        "x-ms-ratelimit-remaining-subscription-resource-requests": [
          "59"
        ],
        "x-ms-correlation-request-id": [
          "d4049b24-a4d2-4936-b551-ad8504accb2d"
        ],
        "x-ms-routing-request-id": [
          "NORTHEUROPE:20200421T015450Z:d4049b24-a4d2-4936-b551-ad8504accb2d"
        ],
        "Strict-Transport-Security": [
          "max-age=31536000; includeSubDomains"
        ],
        "X-Content-Type-Options": [
          "nosniff"
        ],
        "Date": [
          "Tue, 21 Apr 2020 01:54:50 GMT"
        ],
        "Content-Length": [
          "611"
        ],
        "Content-Type": [
          "application/json; charset=utf-8"
        ],
        "Expires": [
          "-1"
        ]
      },
      "ResponseBody": "{\r\n  \"properties\": {\r\n    \"peerAsn\": 33043,\r\n    \"peerContactDetail\": [\r\n      {\r\n        \"role\": \"Noc\",\r\n        \"email\": \"Noc@AS33043-Global7219.com\",\r\n        \"phone\": \"+1(888)-889-8088\"\r\n      },\r\n      {\r\n        \"role\": \"Policy\",\r\n        \"email\": \"Policy@AS33043-Global7219.com\",\r\n        \"phone\": \"+1(888)-889-8088\"\r\n      }\r\n    ],\r\n    \"peerName\": \"AS33043-Global7219\",\r\n    \"validationState\": \"Pending\"\r\n  },\r\n  \"name\": \"33043-Global4375\",\r\n  \"id\": \"/subscriptions/3e919f9a-4e26-4736-aa8d-d596d9a49239/providers/Microsoft.Peering/peerAsns/33043-Global4375\",\r\n  \"type\": \"Microsoft.Peering/peerAsns\"\r\n}",
      "StatusCode": 201
    },
    {
      "RequestUri": "/subscriptions/3e919f9a-4e26-4736-aa8d-d596d9a49239/providers/Microsoft.Peering/peerAsns/33043-Global4375?api-version=2020-01-01-preview",
      "EncodedRequestUri": "L3N1YnNjcmlwdGlvbnMvM2U5MTlmOWEtNGUyNi00NzM2LWFhOGQtZDU5NmQ5YTQ5MjM5L3Byb3ZpZGVycy9NaWNyb3NvZnQuUGVlcmluZy9wZWVyQXNucy8zMzA0My1HbG9iYWw0Mzc1P2FwaS12ZXJzaW9uPTIwMjAtMDEtMDEtcHJldmlldw==",
      "RequestMethod": "PUT",
      "RequestBody": "{\r\n  \"properties\": {\r\n    \"peerAsn\": 33043,\r\n    \"peerContactDetail\": [\r\n      {\r\n        \"role\": \"Noc\",\r\n        \"email\": \"Noc@AS33043-Global7219.com\",\r\n        \"phone\": \"+1(888)-889-8088\"\r\n      },\r\n      {\r\n        \"role\": \"Policy\",\r\n        \"email\": \"Policy@AS33043-Global7219.com\",\r\n        \"phone\": \"+1(888)-889-8088\"\r\n      }\r\n    ],\r\n    \"peerName\": \"AS33043-Global7219\",\r\n    \"validationState\": \"Approved\"\r\n  }\r\n}",
      "RequestHeaders": {
        "x-ms-client-request-id": [
          "97418168-a66a-4c36-b879-e1a08edddad9"
        ],
        "Accept-Language": [
          "en-US"
        ],
        "User-Agent": [
          "FxVersion/4.6.28619.01",
          "OSName/Windows",
          "OSVersion/Microsoft.Windows.10.0.18363.",
          "Microsoft.Azure.Management.Peering.PeeringManagementClient/2.0.0.1"
        ],
        "Content-Type": [
          "application/json; charset=utf-8"
        ],
        "Content-Length": [
          "422"
        ]
      },
      "ResponseHeaders": {
        "Cache-Control": [
          "no-cache"
        ],
        "Pragma": [
          "no-cache"
        ],
        "x-ms-request-id": [
          "f696a29e-e893-47be-80c3-d63ca5a65b66"
        ],
        "x-ms-ratelimit-remaining-subscription-resource-requests": [
          "58"
        ],
        "x-ms-correlation-request-id": [
          "cf2ac120-68b3-4050-8151-fed6be6c13d7"
        ],
        "x-ms-routing-request-id": [
          "NORTHEUROPE:20200421T015452Z:cf2ac120-68b3-4050-8151-fed6be6c13d7"
        ],
        "Strict-Transport-Security": [
          "max-age=31536000; includeSubDomains"
        ],
        "X-Content-Type-Options": [
          "nosniff"
        ],
        "Date": [
          "Tue, 21 Apr 2020 01:54:51 GMT"
        ],
        "Content-Length": [
          "612"
        ],
        "Content-Type": [
          "application/json; charset=utf-8"
        ],
        "Expires": [
          "-1"
        ]
      },
      "ResponseBody": "{\r\n  \"properties\": {\r\n    \"peerAsn\": 33043,\r\n    \"peerContactDetail\": [\r\n      {\r\n        \"role\": \"Noc\",\r\n        \"email\": \"Noc@AS33043-Global7219.com\",\r\n        \"phone\": \"+1(888)-889-8088\"\r\n      },\r\n      {\r\n        \"role\": \"Policy\",\r\n        \"email\": \"Policy@AS33043-Global7219.com\",\r\n        \"phone\": \"+1(888)-889-8088\"\r\n      }\r\n    ],\r\n    \"peerName\": \"AS33043-Global7219\",\r\n    \"validationState\": \"Approved\"\r\n  },\r\n  \"name\": \"33043-Global4375\",\r\n  \"id\": \"/subscriptions/3e919f9a-4e26-4736-aa8d-d596d9a49239/providers/Microsoft.Peering/peerAsns/33043-Global4375\",\r\n  \"type\": \"Microsoft.Peering/peerAsns\"\r\n}",
      "StatusCode": 200
    },
    {
      "RequestUri": "/subscriptions/3e919f9a-4e26-4736-aa8d-d596d9a49239/providers/Microsoft.Peering/peerAsns/59690-Global2639?api-version=2020-01-01-preview",
      "EncodedRequestUri": "L3N1YnNjcmlwdGlvbnMvM2U5MTlmOWEtNGUyNi00NzM2LWFhOGQtZDU5NmQ5YTQ5MjM5L3Byb3ZpZGVycy9NaWNyb3NvZnQuUGVlcmluZy9wZWVyQXNucy81OTY5MC1HbG9iYWwyNjM5P2FwaS12ZXJzaW9uPTIwMjAtMDEtMDEtcHJldmlldw==",
      "RequestMethod": "PUT",
      "RequestBody": "{\r\n  \"properties\": {\r\n    \"peerAsn\": 59690,\r\n    \"peerContactDetail\": [\r\n      {\r\n        \"role\": \"Noc\",\r\n        \"email\": \"Noc@AS59690-Global4394.com\",\r\n        \"phone\": \"+1(888)-889-8088\"\r\n      },\r\n      {\r\n        \"role\": \"Policy\",\r\n        \"email\": \"Policy@AS59690-Global4394.com\",\r\n        \"phone\": \"+1(888)-889-8088\"\r\n      }\r\n    ],\r\n    \"peerName\": \"AS59690-Global4394\"\r\n  }\r\n}",
      "RequestHeaders": {
        "x-ms-client-request-id": [
          "fcd25504-3b47-4a64-98cd-cb0cb7ba308c"
        ],
        "Accept-Language": [
          "en-US"
        ],
        "User-Agent": [
          "FxVersion/4.6.28619.01",
          "OSName/Windows",
          "OSVersion/Microsoft.Windows.10.0.18363.",
          "Microsoft.Azure.Management.Peering.PeeringManagementClient/2.0.0.1"
        ],
        "Content-Type": [
          "application/json; charset=utf-8"
        ],
        "Content-Length": [
          "386"
        ]
      },
      "ResponseHeaders": {
        "Cache-Control": [
          "no-cache"
        ],
        "Pragma": [
          "no-cache"
        ],
        "x-ms-request-id": [
          "3d724515-1647-4c76-a85d-729bc1797bfc"
        ],
        "x-ms-ratelimit-remaining-subscription-resource-requests": [
          "57"
        ],
        "x-ms-correlation-request-id": [
          "3255c98d-1179-4b42-a1b6-ba9c1bb66b9a"
        ],
        "x-ms-routing-request-id": [
          "NORTHEUROPE:20200421T015454Z:3255c98d-1179-4b42-a1b6-ba9c1bb66b9a"
        ],
        "Strict-Transport-Security": [
          "max-age=31536000; includeSubDomains"
        ],
        "X-Content-Type-Options": [
          "nosniff"
        ],
        "Date": [
          "Tue, 21 Apr 2020 01:54:54 GMT"
        ],
        "Content-Length": [
          "611"
        ],
        "Content-Type": [
          "application/json; charset=utf-8"
        ],
        "Expires": [
          "-1"
        ]
      },
      "ResponseBody": "{\r\n  \"properties\": {\r\n    \"peerAsn\": 59690,\r\n    \"peerContactDetail\": [\r\n      {\r\n        \"role\": \"Noc\",\r\n        \"email\": \"Noc@AS59690-Global4394.com\",\r\n        \"phone\": \"+1(888)-889-8088\"\r\n      },\r\n      {\r\n        \"role\": \"Policy\",\r\n        \"email\": \"Policy@AS59690-Global4394.com\",\r\n        \"phone\": \"+1(888)-889-8088\"\r\n      }\r\n    ],\r\n    \"peerName\": \"AS59690-Global4394\",\r\n    \"validationState\": \"Pending\"\r\n  },\r\n  \"name\": \"59690-Global2639\",\r\n  \"id\": \"/subscriptions/3e919f9a-4e26-4736-aa8d-d596d9a49239/providers/Microsoft.Peering/peerAsns/59690-Global2639\",\r\n  \"type\": \"Microsoft.Peering/peerAsns\"\r\n}",
      "StatusCode": 201
    },
    {
      "RequestUri": "/subscriptions/3e919f9a-4e26-4736-aa8d-d596d9a49239/providers/Microsoft.Peering/peerAsns/59690-Global2639?api-version=2020-01-01-preview",
      "EncodedRequestUri": "L3N1YnNjcmlwdGlvbnMvM2U5MTlmOWEtNGUyNi00NzM2LWFhOGQtZDU5NmQ5YTQ5MjM5L3Byb3ZpZGVycy9NaWNyb3NvZnQuUGVlcmluZy9wZWVyQXNucy81OTY5MC1HbG9iYWwyNjM5P2FwaS12ZXJzaW9uPTIwMjAtMDEtMDEtcHJldmlldw==",
      "RequestMethod": "PUT",
      "RequestBody": "{\r\n  \"properties\": {\r\n    \"peerAsn\": 59690,\r\n    \"peerContactDetail\": [\r\n      {\r\n        \"role\": \"Noc\",\r\n        \"email\": \"Noc@AS59690-Global4394.com\",\r\n        \"phone\": \"+1(888)-889-8088\"\r\n      },\r\n      {\r\n        \"role\": \"Policy\",\r\n        \"email\": \"Policy@AS59690-Global4394.com\",\r\n        \"phone\": \"+1(888)-889-8088\"\r\n      }\r\n    ],\r\n    \"peerName\": \"AS59690-Global4394\",\r\n    \"validationState\": \"Approved\"\r\n  }\r\n}",
      "RequestHeaders": {
        "x-ms-client-request-id": [
          "1e0203d8-562a-4024-922f-338eb411be26"
        ],
        "Accept-Language": [
          "en-US"
        ],
        "User-Agent": [
          "FxVersion/4.6.28619.01",
          "OSName/Windows",
          "OSVersion/Microsoft.Windows.10.0.18363.",
          "Microsoft.Azure.Management.Peering.PeeringManagementClient/2.0.0.1"
        ],
        "Content-Type": [
          "application/json; charset=utf-8"
        ],
        "Content-Length": [
          "422"
        ]
      },
      "ResponseHeaders": {
        "Cache-Control": [
          "no-cache"
        ],
        "Pragma": [
          "no-cache"
        ],
        "x-ms-request-id": [
          "e71848ff-f95e-45ec-8d24-bb01f9582abc"
        ],
        "x-ms-ratelimit-remaining-subscription-resource-requests": [
          "56"
        ],
        "x-ms-correlation-request-id": [
          "9537553f-9578-4e8a-9927-0a81e33b804f"
        ],
        "x-ms-routing-request-id": [
          "NORTHEUROPE:20200421T015455Z:9537553f-9578-4e8a-9927-0a81e33b804f"
        ],
        "Strict-Transport-Security": [
          "max-age=31536000; includeSubDomains"
        ],
        "X-Content-Type-Options": [
          "nosniff"
        ],
        "Date": [
          "Tue, 21 Apr 2020 01:54:55 GMT"
        ],
        "Content-Length": [
          "612"
        ],
        "Content-Type": [
          "application/json; charset=utf-8"
        ],
        "Expires": [
          "-1"
        ]
      },
      "ResponseBody": "{\r\n  \"properties\": {\r\n    \"peerAsn\": 59690,\r\n    \"peerContactDetail\": [\r\n      {\r\n        \"role\": \"Noc\",\r\n        \"email\": \"Noc@AS59690-Global4394.com\",\r\n        \"phone\": \"+1(888)-889-8088\"\r\n      },\r\n      {\r\n        \"role\": \"Policy\",\r\n        \"email\": \"Policy@AS59690-Global4394.com\",\r\n        \"phone\": \"+1(888)-889-8088\"\r\n      }\r\n    ],\r\n    \"peerName\": \"AS59690-Global4394\",\r\n    \"validationState\": \"Approved\"\r\n  },\r\n  \"name\": \"59690-Global2639\",\r\n  \"id\": \"/subscriptions/3e919f9a-4e26-4736-aa8d-d596d9a49239/providers/Microsoft.Peering/peerAsns/59690-Global2639\",\r\n  \"type\": \"Microsoft.Peering/peerAsns\"\r\n}",
      "StatusCode": 200
    },
    {
      "RequestUri": "/subscriptions/3e919f9a-4e26-4736-aa8d-d596d9a49239/providers/Microsoft.Peering/peerAsns/19260-Global7408?api-version=2020-01-01-preview",
      "EncodedRequestUri": "L3N1YnNjcmlwdGlvbnMvM2U5MTlmOWEtNGUyNi00NzM2LWFhOGQtZDU5NmQ5YTQ5MjM5L3Byb3ZpZGVycy9NaWNyb3NvZnQuUGVlcmluZy9wZWVyQXNucy8xOTI2MC1HbG9iYWw3NDA4P2FwaS12ZXJzaW9uPTIwMjAtMDEtMDEtcHJldmlldw==",
      "RequestMethod": "PUT",
      "RequestBody": "{\r\n  \"properties\": {\r\n    \"peerAsn\": 19260,\r\n    \"peerContactDetail\": [\r\n      {\r\n        \"role\": \"Noc\",\r\n        \"email\": \"Noc@AS19260-Global9601.com\",\r\n        \"phone\": \"+1(888)-889-8088\"\r\n      },\r\n      {\r\n        \"role\": \"Policy\",\r\n        \"email\": \"Policy@AS19260-Global9601.com\",\r\n        \"phone\": \"+1(888)-889-8088\"\r\n      }\r\n    ],\r\n    \"peerName\": \"AS19260-Global9601\"\r\n  }\r\n}",
      "RequestHeaders": {
        "x-ms-client-request-id": [
          "3e7566fd-4101-4422-a795-b93f4655fbcf"
        ],
        "Accept-Language": [
          "en-US"
        ],
        "User-Agent": [
          "FxVersion/4.6.28619.01",
          "OSName/Windows",
          "OSVersion/Microsoft.Windows.10.0.18363.",
          "Microsoft.Azure.Management.Peering.PeeringManagementClient/2.0.0.1"
        ],
        "Content-Type": [
          "application/json; charset=utf-8"
        ],
        "Content-Length": [
          "386"
        ]
      },
      "ResponseHeaders": {
        "Cache-Control": [
          "no-cache"
        ],
        "Pragma": [
          "no-cache"
        ],
        "x-ms-request-id": [
          "6930c877-b3d6-498c-8275-eaba0c45d2f2"
        ],
        "x-ms-ratelimit-remaining-subscription-resource-requests": [
          "55"
        ],
        "x-ms-correlation-request-id": [
          "ec8f182a-9c38-4e81-b3d2-bc37c0e79416"
        ],
        "x-ms-routing-request-id": [
          "NORTHEUROPE:20200421T015458Z:ec8f182a-9c38-4e81-b3d2-bc37c0e79416"
        ],
        "Strict-Transport-Security": [
          "max-age=31536000; includeSubDomains"
        ],
        "X-Content-Type-Options": [
          "nosniff"
        ],
        "Date": [
          "Tue, 21 Apr 2020 01:54:57 GMT"
        ],
        "Content-Length": [
          "611"
        ],
        "Content-Type": [
          "application/json; charset=utf-8"
        ],
        "Expires": [
          "-1"
        ]
      },
      "ResponseBody": "{\r\n  \"properties\": {\r\n    \"peerAsn\": 19260,\r\n    \"peerContactDetail\": [\r\n      {\r\n        \"role\": \"Noc\",\r\n        \"email\": \"Noc@AS19260-Global9601.com\",\r\n        \"phone\": \"+1(888)-889-8088\"\r\n      },\r\n      {\r\n        \"role\": \"Policy\",\r\n        \"email\": \"Policy@AS19260-Global9601.com\",\r\n        \"phone\": \"+1(888)-889-8088\"\r\n      }\r\n    ],\r\n    \"peerName\": \"AS19260-Global9601\",\r\n    \"validationState\": \"Pending\"\r\n  },\r\n  \"name\": \"19260-Global7408\",\r\n  \"id\": \"/subscriptions/3e919f9a-4e26-4736-aa8d-d596d9a49239/providers/Microsoft.Peering/peerAsns/19260-Global7408\",\r\n  \"type\": \"Microsoft.Peering/peerAsns\"\r\n}",
      "StatusCode": 201
    },
    {
      "RequestUri": "/subscriptions/3e919f9a-4e26-4736-aa8d-d596d9a49239/providers/Microsoft.Peering/peerAsns/19260-Global7408?api-version=2020-01-01-preview",
      "EncodedRequestUri": "L3N1YnNjcmlwdGlvbnMvM2U5MTlmOWEtNGUyNi00NzM2LWFhOGQtZDU5NmQ5YTQ5MjM5L3Byb3ZpZGVycy9NaWNyb3NvZnQuUGVlcmluZy9wZWVyQXNucy8xOTI2MC1HbG9iYWw3NDA4P2FwaS12ZXJzaW9uPTIwMjAtMDEtMDEtcHJldmlldw==",
      "RequestMethod": "PUT",
      "RequestBody": "{\r\n  \"properties\": {\r\n    \"peerAsn\": 19260,\r\n    \"peerContactDetail\": [\r\n      {\r\n        \"role\": \"Noc\",\r\n        \"email\": \"Noc@AS19260-Global9601.com\",\r\n        \"phone\": \"+1(888)-889-8088\"\r\n      },\r\n      {\r\n        \"role\": \"Policy\",\r\n        \"email\": \"Policy@AS19260-Global9601.com\",\r\n        \"phone\": \"+1(888)-889-8088\"\r\n      }\r\n    ],\r\n    \"peerName\": \"AS19260-Global9601\",\r\n    \"validationState\": \"Approved\"\r\n  }\r\n}",
      "RequestHeaders": {
        "x-ms-client-request-id": [
          "24b61522-6f96-4cde-80bb-6d1a1bc1c966"
        ],
        "Accept-Language": [
          "en-US"
        ],
        "User-Agent": [
          "FxVersion/4.6.28619.01",
          "OSName/Windows",
          "OSVersion/Microsoft.Windows.10.0.18363.",
          "Microsoft.Azure.Management.Peering.PeeringManagementClient/2.0.0.1"
        ],
        "Content-Type": [
          "application/json; charset=utf-8"
        ],
        "Content-Length": [
          "422"
        ]
      },
      "ResponseHeaders": {
        "Cache-Control": [
          "no-cache"
        ],
        "Pragma": [
          "no-cache"
        ],
        "x-ms-request-id": [
          "867e8989-6043-47ea-ae5e-ea26cedcf3b4"
        ],
        "x-ms-ratelimit-remaining-subscription-resource-requests": [
          "54"
        ],
        "x-ms-correlation-request-id": [
          "60424926-4cf9-430a-8435-b1230a09a7aa"
        ],
        "x-ms-routing-request-id": [
          "NORTHEUROPE:20200421T015459Z:60424926-4cf9-430a-8435-b1230a09a7aa"
        ],
        "Strict-Transport-Security": [
          "max-age=31536000; includeSubDomains"
        ],
        "X-Content-Type-Options": [
          "nosniff"
        ],
        "Date": [
          "Tue, 21 Apr 2020 01:54:59 GMT"
        ],
        "Content-Length": [
          "612"
        ],
        "Content-Type": [
          "application/json; charset=utf-8"
        ],
        "Expires": [
          "-1"
        ]
      },
      "ResponseBody": "{\r\n  \"properties\": {\r\n    \"peerAsn\": 19260,\r\n    \"peerContactDetail\": [\r\n      {\r\n        \"role\": \"Noc\",\r\n        \"email\": \"Noc@AS19260-Global9601.com\",\r\n        \"phone\": \"+1(888)-889-8088\"\r\n      },\r\n      {\r\n        \"role\": \"Policy\",\r\n        \"email\": \"Policy@AS19260-Global9601.com\",\r\n        \"phone\": \"+1(888)-889-8088\"\r\n      }\r\n    ],\r\n    \"peerName\": \"AS19260-Global9601\",\r\n    \"validationState\": \"Approved\"\r\n  },\r\n  \"name\": \"19260-Global7408\",\r\n  \"id\": \"/subscriptions/3e919f9a-4e26-4736-aa8d-d596d9a49239/providers/Microsoft.Peering/peerAsns/19260-Global7408\",\r\n  \"type\": \"Microsoft.Peering/peerAsns\"\r\n}",
      "StatusCode": 200
    },
    {
      "RequestUri": "/subscriptions/3e919f9a-4e26-4736-aa8d-d596d9a49239/providers/Microsoft.Peering/peerAsns?api-version=2020-01-01-preview",
      "EncodedRequestUri": "L3N1YnNjcmlwdGlvbnMvM2U5MTlmOWEtNGUyNi00NzM2LWFhOGQtZDU5NmQ5YTQ5MjM5L3Byb3ZpZGVycy9NaWNyb3NvZnQuUGVlcmluZy9wZWVyQXNucz9hcGktdmVyc2lvbj0yMDIwLTAxLTAxLXByZXZpZXc=",
      "RequestMethod": "GET",
      "RequestBody": "",
      "RequestHeaders": {
        "x-ms-client-request-id": [
          "ce1d7825-0a2e-48a6-ab5f-462e439dd9df"
        ],
        "Accept-Language": [
          "en-US"
        ],
        "User-Agent": [
          "FxVersion/4.6.28619.01",
          "OSName/Windows",
          "OSVersion/Microsoft.Windows.10.0.18363.",
          "Microsoft.Azure.Management.Peering.PeeringManagementClient/2.0.0.1"
        ]
      },
      "ResponseHeaders": {
        "Cache-Control": [
          "no-cache"
        ],
        "Pragma": [
          "no-cache"
        ],
        "x-ms-request-id": [
          "ec1ea98f-d1e7-4304-b636-3083fb54c3d6"
        ],
        "x-ms-ratelimit-remaining-subscription-resource-requests": [
          "59"
        ],
        "x-ms-correlation-request-id": [
          "f4a0467a-9809-48b7-844d-42e198e8a6b5"
        ],
        "x-ms-routing-request-id": [
          "NORTHEUROPE:20200421T015502Z:f4a0467a-9809-48b7-844d-42e198e8a6b5"
        ],
        "Strict-Transport-Security": [
          "max-age=31536000; includeSubDomains"
        ],
        "X-Content-Type-Options": [
          "nosniff"
        ],
        "Date": [
          "Tue, 21 Apr 2020 01:55:02 GMT"
        ],
        "Content-Length": [
          "18900"
        ],
        "Content-Type": [
          "application/json; charset=utf-8"
        ],
        "Expires": [
          "-1"
        ]
      },
      "ResponseBody": "{\r\n  \"value\": [\r\n    {\r\n      \"properties\": {\r\n        \"peerAsn\": 2545,\r\n        \"peerContactDetail\": [\r\n          {\r\n            \"role\": \"Noc\",\r\n            \"email\": \"Noc@AS2545-Global1529.com\",\r\n            \"phone\": \"+1(888)-889-8088\"\r\n          },\r\n          {\r\n            \"role\": \"Policy\",\r\n            \"email\": \"Policy@AS2545-Global1529.com\",\r\n            \"phone\": \"+1(888)-889-8088\"\r\n          }\r\n        ],\r\n        \"peerName\": \"AS2545-Global1529\",\r\n        \"validationState\": \"Approved\"\r\n      },\r\n      \"name\": \"2545-Global5415\",\r\n      \"id\": \"/subscriptions/3e919f9a-4e26-4736-aa8d-d596d9a49239/providers/Microsoft.Peering/peerAsns/2545-Global5415\",\r\n      \"type\": \"Microsoft.Peering/peerAsns\"\r\n    },\r\n    {\r\n      \"properties\": {\r\n        \"peerAsn\": 33937,\r\n        \"peerContactDetail\": [\r\n          {\r\n            \"role\": \"Noc\",\r\n            \"email\": \"Noc@AS33937-Global4154.com\",\r\n            \"phone\": \"+1(888)-889-8088\"\r\n          },\r\n          {\r\n            \"role\": \"Policy\",\r\n            \"email\": \"Policy@AS33937-Global4154.com\",\r\n            \"phone\": \"+1(888)-889-8088\"\r\n          }\r\n        ],\r\n        \"peerName\": \"AS33937-Global4154\",\r\n        \"validationState\": \"Approved\"\r\n      },\r\n      \"name\": \"33937-Global2313\",\r\n      \"id\": \"/subscriptions/3e919f9a-4e26-4736-aa8d-d596d9a49239/providers/Microsoft.Peering/peerAsns/33937-Global2313\",\r\n      \"type\": \"Microsoft.Peering/peerAsns\"\r\n    },\r\n    {\r\n      \"properties\": {\r\n        \"peerAsn\": 7054,\r\n        \"peerContactDetail\": [\r\n          {\r\n            \"role\": \"Noc\",\r\n            \"email\": \"Noc@AS7054-Global6021.com\",\r\n            \"phone\": \"+1(888)-889-8088\"\r\n          },\r\n          {\r\n            \"role\": \"Policy\",\r\n            \"email\": \"Policy@AS7054-Global6021.com\",\r\n            \"phone\": \"+1(888)-889-8088\"\r\n          }\r\n        ],\r\n        \"peerName\": \"AS7054-Global6021\",\r\n        \"validationState\": \"Approved\"\r\n      },\r\n      \"name\": \"7054-Global2472\",\r\n      \"id\": \"/subscriptions/3e919f9a-4e26-4736-aa8d-d596d9a49239/providers/Microsoft.Peering/peerAsns/7054-Global2472\",\r\n      \"type\": \"Microsoft.Peering/peerAsns\"\r\n    },\r\n    {\r\n      \"properties\": {\r\n        \"peerAsn\": 47131,\r\n        \"peerContactDetail\": [\r\n          {\r\n            \"role\": \"Noc\",\r\n            \"email\": \"Noc@AS47131-Global4082.com\",\r\n            \"phone\": \"+1(888)-889-8088\"\r\n          },\r\n          {\r\n            \"role\": \"Policy\",\r\n            \"email\": \"Policy@AS47131-Global4082.com\",\r\n            \"phone\": \"+1(888)-889-8088\"\r\n          }\r\n        ],\r\n        \"peerName\": \"AS47131-Global4082\",\r\n        \"validationState\": \"Approved\"\r\n      },\r\n      \"name\": \"47131-Global8068\",\r\n      \"id\": \"/subscriptions/3e919f9a-4e26-4736-aa8d-d596d9a49239/providers/Microsoft.Peering/peerAsns/47131-Global8068\",\r\n      \"type\": \"Microsoft.Peering/peerAsns\"\r\n    },\r\n    {\r\n      \"properties\": {\r\n        \"peerAsn\": 12240,\r\n        \"peerContactDetail\": [\r\n          {\r\n            \"role\": \"Noc\",\r\n            \"email\": \"Noc@AS12240-Global7638.com\",\r\n            \"phone\": \"+1(888)-889-8088\"\r\n          },\r\n          {\r\n            \"role\": \"Policy\",\r\n            \"email\": \"Policy@AS12240-Global7638.com\",\r\n            \"phone\": \"+1(888)-889-8088\"\r\n          }\r\n        ],\r\n        \"peerName\": \"AS12240-Global7638\",\r\n        \"validationState\": \"Approved\"\r\n      },\r\n      \"name\": \"12240-Global3475\",\r\n      \"id\": \"/subscriptions/3e919f9a-4e26-4736-aa8d-d596d9a49239/providers/Microsoft.Peering/peerAsns/12240-Global3475\",\r\n      \"type\": \"Microsoft.Peering/peerAsns\"\r\n    },\r\n    {\r\n      \"properties\": {\r\n        \"peerAsn\": 8064,\r\n        \"peerContactDetail\": [\r\n          {\r\n            \"role\": \"Noc\",\r\n            \"email\": \"Noc@AS8064-Global8051.com\",\r\n            \"phone\": \"+1(888)-889-8088\"\r\n          },\r\n          {\r\n            \"role\": \"Policy\",\r\n            \"email\": \"Policy@AS8064-Global8051.com\",\r\n            \"phone\": \"+1(888)-889-8088\"\r\n          }\r\n        ],\r\n        \"peerName\": \"AS8064-Global8051\",\r\n        \"validationState\": \"Approved\"\r\n      },\r\n      \"name\": \"8064-Global8706\",\r\n      \"id\": \"/subscriptions/3e919f9a-4e26-4736-aa8d-d596d9a49239/providers/Microsoft.Peering/peerAsns/8064-Global8706\",\r\n      \"type\": \"Microsoft.Peering/peerAsns\"\r\n    },\r\n    {\r\n      \"properties\": {\r\n        \"peerAsn\": 48050,\r\n        \"peerContactDetail\": [\r\n          {\r\n            \"role\": \"Noc\",\r\n            \"email\": \"Noc@AS48050-Global457.com\",\r\n            \"phone\": \"+1(888)-889-8088\"\r\n          },\r\n          {\r\n            \"role\": \"Policy\",\r\n            \"email\": \"Policy@AS48050-Global457.com\",\r\n            \"phone\": \"+1(888)-889-8088\"\r\n          }\r\n        ],\r\n        \"peerName\": \"AS48050-Global457\",\r\n        \"validationState\": \"Approved\"\r\n      },\r\n      \"name\": \"48050-Global5691\",\r\n      \"id\": \"/subscriptions/3e919f9a-4e26-4736-aa8d-d596d9a49239/providers/Microsoft.Peering/peerAsns/48050-Global5691\",\r\n      \"type\": \"Microsoft.Peering/peerAsns\"\r\n    },\r\n    {\r\n      \"properties\": {\r\n        \"peerAsn\": 26074,\r\n        \"peerContactDetail\": [\r\n          {\r\n            \"role\": \"Noc\",\r\n            \"email\": \"Noc@AS26074-Global3409.com\",\r\n            \"phone\": \"+1(888)-889-8088\"\r\n          },\r\n          {\r\n            \"role\": \"Policy\",\r\n            \"email\": \"Policy@AS26074-Global3409.com\",\r\n            \"phone\": \"+1(888)-889-8088\"\r\n          }\r\n        ],\r\n        \"peerName\": \"AS26074-Global3409\",\r\n        \"validationState\": \"Approved\"\r\n      },\r\n      \"name\": \"26074-Global4551\",\r\n      \"id\": \"/subscriptions/3e919f9a-4e26-4736-aa8d-d596d9a49239/providers/Microsoft.Peering/peerAsns/26074-Global4551\",\r\n      \"type\": \"Microsoft.Peering/peerAsns\"\r\n    },\r\n    {\r\n      \"properties\": {\r\n        \"peerAsn\": 44842,\r\n        \"peerContactDetail\": [\r\n          {\r\n            \"role\": \"Noc\",\r\n            \"email\": \"Noc@AS44842-Global5093.com\",\r\n            \"phone\": \"+1(888)-889-8088\"\r\n          },\r\n          {\r\n            \"role\": \"Policy\",\r\n            \"email\": \"Policy@AS44842-Global5093.com\",\r\n            \"phone\": \"+1(888)-889-8088\"\r\n          }\r\n        ],\r\n        \"peerName\": \"AS44842-Global5093\",\r\n        \"validationState\": \"Approved\"\r\n      },\r\n      \"name\": \"44842-Global4105\",\r\n      \"id\": \"/subscriptions/3e919f9a-4e26-4736-aa8d-d596d9a49239/providers/Microsoft.Peering/peerAsns/44842-Global4105\",\r\n      \"type\": \"Microsoft.Peering/peerAsns\"\r\n    },\r\n    {\r\n      \"properties\": {\r\n        \"peerAsn\": 35837,\r\n        \"peerContactDetail\": [\r\n          {\r\n            \"role\": \"Noc\",\r\n            \"email\": \"Noc@AS35837-Global4743.com\",\r\n            \"phone\": \"+1(888)-889-8088\"\r\n          },\r\n          {\r\n            \"role\": \"Policy\",\r\n            \"email\": \"Policy@AS35837-Global4743.com\",\r\n            \"phone\": \"+1(888)-889-8088\"\r\n          }\r\n        ],\r\n        \"peerName\": \"AS35837-Global4743\",\r\n        \"validationState\": \"Approved\"\r\n      },\r\n      \"name\": \"35837-Global702\",\r\n      \"id\": \"/subscriptions/3e919f9a-4e26-4736-aa8d-d596d9a49239/providers/Microsoft.Peering/peerAsns/35837-Global702\",\r\n      \"type\": \"Microsoft.Peering/peerAsns\"\r\n    },\r\n    {\r\n      \"properties\": {\r\n        \"peerAsn\": 63090,\r\n        \"peerContactDetail\": [\r\n          {\r\n            \"role\": \"Noc\",\r\n            \"email\": \"Noc@AS63090-Global1117.com\",\r\n            \"phone\": \"+1(888)-889-8088\"\r\n          },\r\n          {\r\n            \"role\": \"Policy\",\r\n            \"email\": \"Policy@AS63090-Global1117.com\",\r\n            \"phone\": \"+1(888)-889-8088\"\r\n          }\r\n        ],\r\n        \"peerName\": \"AS63090-Global1117\",\r\n        \"validationState\": \"Approved\"\r\n      },\r\n      \"name\": \"63090-Global672\",\r\n      \"id\": \"/subscriptions/3e919f9a-4e26-4736-aa8d-d596d9a49239/providers/Microsoft.Peering/peerAsns/63090-Global672\",\r\n      \"type\": \"Microsoft.Peering/peerAsns\"\r\n    },\r\n    {\r\n      \"properties\": {\r\n        \"peerAsn\": 55274,\r\n        \"peerContactDetail\": [\r\n          {\r\n            \"role\": \"Noc\",\r\n            \"email\": \"Noc@AS55274-Global3325.com\",\r\n            \"phone\": \"+1(888)-889-8088\"\r\n          },\r\n          {\r\n            \"role\": \"Policy\",\r\n            \"email\": \"Policy@AS55274-Global3325.com\",\r\n            \"phone\": \"+1(888)-889-8088\"\r\n          }\r\n        ],\r\n        \"peerName\": \"AS55274-Global3325\",\r\n        \"validationState\": \"Approved\"\r\n      },\r\n      \"name\": \"55274-Global4177\",\r\n      \"id\": \"/subscriptions/3e919f9a-4e26-4736-aa8d-d596d9a49239/providers/Microsoft.Peering/peerAsns/55274-Global4177\",\r\n      \"type\": \"Microsoft.Peering/peerAsns\"\r\n    },\r\n    {\r\n      \"properties\": {\r\n        \"peerAsn\": 823,\r\n        \"peerContactDetail\": [\r\n          {\r\n            \"role\": \"Noc\",\r\n            \"email\": \"Noc@AS823-Global4816.com\",\r\n            \"phone\": \"+1(888)-889-8088\"\r\n          },\r\n          {\r\n            \"role\": \"Policy\",\r\n            \"email\": \"Policy@AS823-Global4816.com\",\r\n            \"phone\": \"+1(888)-889-8088\"\r\n          }\r\n        ],\r\n        \"peerName\": \"AS823-Global4816\",\r\n        \"validationState\": \"Approved\"\r\n      },\r\n      \"name\": \"823-Global6001\",\r\n      \"id\": \"/subscriptions/3e919f9a-4e26-4736-aa8d-d596d9a49239/providers/Microsoft.Peering/peerAsns/823-Global6001\",\r\n      \"type\": \"Microsoft.Peering/peerAsns\"\r\n    },\r\n    {\r\n      \"properties\": {\r\n        \"peerAsn\": 34611,\r\n        \"peerContactDetail\": [\r\n          {\r\n            \"role\": \"Noc\",\r\n            \"email\": \"Noc@AS34611-Global5779.com\",\r\n            \"phone\": \"+1(888)-889-8088\"\r\n          },\r\n          {\r\n            \"role\": \"Policy\",\r\n            \"email\": \"Policy@AS34611-Global5779.com\",\r\n            \"phone\": \"+1(888)-889-8088\"\r\n          }\r\n        ],\r\n        \"peerName\": \"AS34611-Global5779\",\r\n        \"validationState\": \"Approved\"\r\n      },\r\n      \"name\": \"34611-Global3375\",\r\n      \"id\": \"/subscriptions/3e919f9a-4e26-4736-aa8d-d596d9a49239/providers/Microsoft.Peering/peerAsns/34611-Global3375\",\r\n      \"type\": \"Microsoft.Peering/peerAsns\"\r\n    },\r\n    {\r\n      \"properties\": {\r\n        \"peerAsn\": 25089,\r\n        \"peerContactDetail\": [\r\n          {\r\n            \"role\": \"Noc\",\r\n            \"email\": \"Noc@AS25089-Global5477.com\",\r\n            \"phone\": \"+1(888)-889-8088\"\r\n          },\r\n          {\r\n            \"role\": \"Policy\",\r\n            \"email\": \"Policy@AS25089-Global5477.com\",\r\n            \"phone\": \"+1(888)-889-8088\"\r\n          }\r\n        ],\r\n        \"peerName\": \"AS25089-Global5477\",\r\n        \"validationState\": \"Approved\"\r\n      },\r\n      \"name\": \"25089-Global9332\",\r\n      \"id\": \"/subscriptions/3e919f9a-4e26-4736-aa8d-d596d9a49239/providers/Microsoft.Peering/peerAsns/25089-Global9332\",\r\n      \"type\": \"Microsoft.Peering/peerAsns\"\r\n    },\r\n    {\r\n      \"properties\": {\r\n        \"peerAsn\": 8086,\r\n        \"peerContactDetail\": [\r\n          {\r\n            \"role\": \"Noc\",\r\n            \"email\": \"Noc@AS8086-Global642.com\",\r\n            \"phone\": \"+1(888)-889-8088\"\r\n          },\r\n          {\r\n            \"role\": \"Policy\",\r\n            \"email\": \"Policy@AS8086-Global642.com\",\r\n            \"phone\": \"+1(888)-889-8088\"\r\n          }\r\n        ],\r\n        \"peerName\": \"AS8086-Global642\",\r\n        \"validationState\": \"Approved\"\r\n      },\r\n      \"name\": \"8086-Global2987\",\r\n      \"id\": \"/subscriptions/3e919f9a-4e26-4736-aa8d-d596d9a49239/providers/Microsoft.Peering/peerAsns/8086-Global2987\",\r\n      \"type\": \"Microsoft.Peering/peerAsns\"\r\n    },\r\n    {\r\n      \"properties\": {\r\n        \"peerAsn\": 19404,\r\n        \"peerContactDetail\": [\r\n          {\r\n            \"role\": \"Noc\",\r\n            \"email\": \"Noc@AS19404-Global1048.com\",\r\n            \"phone\": \"+1(888)-889-8088\"\r\n          },\r\n          {\r\n            \"role\": \"Policy\",\r\n            \"email\": \"Policy@AS19404-Global1048.com\",\r\n            \"phone\": \"+1(888)-889-8088\"\r\n          }\r\n        ],\r\n        \"peerName\": \"AS19404-Global1048\",\r\n        \"validationState\": \"Approved\"\r\n      },\r\n      \"name\": \"19404-Global9288\",\r\n      \"id\": \"/subscriptions/3e919f9a-4e26-4736-aa8d-d596d9a49239/providers/Microsoft.Peering/peerAsns/19404-Global9288\",\r\n      \"type\": \"Microsoft.Peering/peerAsns\"\r\n    },\r\n    {\r\n      \"properties\": {\r\n        \"peerAsn\": 63359,\r\n        \"peerContactDetail\": [\r\n          {\r\n            \"role\": \"Noc\",\r\n            \"email\": \"Noc@AS63359-Global4410.com\",\r\n            \"phone\": \"+1(888)-889-8088\"\r\n          },\r\n          {\r\n            \"role\": \"Policy\",\r\n            \"email\": \"Policy@AS63359-Global4410.com\",\r\n            \"phone\": \"+1(888)-889-8088\"\r\n          }\r\n        ],\r\n        \"peerName\": \"AS63359-Global4410\",\r\n        \"validationState\": \"Approved\"\r\n      },\r\n      \"name\": \"63359-Global386\",\r\n      \"id\": \"/subscriptions/3e919f9a-4e26-4736-aa8d-d596d9a49239/providers/Microsoft.Peering/peerAsns/63359-Global386\",\r\n      \"type\": \"Microsoft.Peering/peerAsns\"\r\n    },\r\n    {\r\n      \"properties\": {\r\n        \"peerAsn\": 16392,\r\n        \"peerContactDetail\": [\r\n          {\r\n            \"role\": \"Noc\",\r\n            \"email\": \"Noc@AS16392-Global8924.com\",\r\n            \"phone\": \"+1(888)-889-8088\"\r\n          },\r\n          {\r\n            \"role\": \"Policy\",\r\n            \"email\": \"Policy@AS16392-Global8924.com\",\r\n            \"phone\": \"+1(888)-889-8088\"\r\n          }\r\n        ],\r\n        \"peerName\": \"AS16392-Global8924\",\r\n        \"validationState\": \"Approved\"\r\n      },\r\n      \"name\": \"16392-Global6365\",\r\n      \"id\": \"/subscriptions/3e919f9a-4e26-4736-aa8d-d596d9a49239/providers/Microsoft.Peering/peerAsns/16392-Global6365\",\r\n      \"type\": \"Microsoft.Peering/peerAsns\"\r\n    },\r\n    {\r\n      \"properties\": {\r\n        \"peerAsn\": 52899,\r\n        \"peerContactDetail\": [\r\n          {\r\n            \"role\": \"Noc\",\r\n            \"email\": \"Noc@AS52899-Global9585.com\",\r\n            \"phone\": \"+1(888)-889-8088\"\r\n          },\r\n          {\r\n            \"role\": \"Policy\",\r\n            \"email\": \"Policy@AS52899-Global9585.com\",\r\n            \"phone\": \"+1(888)-889-8088\"\r\n          }\r\n        ],\r\n        \"peerName\": \"AS52899-Global9585\",\r\n        \"validationState\": \"Approved\"\r\n      },\r\n      \"name\": \"52899-Global2553\",\r\n      \"id\": \"/subscriptions/3e919f9a-4e26-4736-aa8d-d596d9a49239/providers/Microsoft.Peering/peerAsns/52899-Global2553\",\r\n      \"type\": \"Microsoft.Peering/peerAsns\"\r\n    },\r\n    {\r\n      \"properties\": {\r\n        \"peerAsn\": 9585,\r\n        \"peerContactDetail\": [\r\n          {\r\n            \"role\": \"Noc\",\r\n            \"email\": \"Noc@AS9585-Global6527.com\",\r\n            \"phone\": \"+1(888)-889-8088\"\r\n          },\r\n          {\r\n            \"role\": \"Policy\",\r\n            \"email\": \"Policy@AS9585-Global6527.com\",\r\n            \"phone\": \"+1(888)-889-8088\"\r\n          }\r\n        ],\r\n        \"peerName\": \"AS9585-Global6527\",\r\n        \"validationState\": \"Approved\"\r\n      },\r\n      \"name\": \"9585-Global4841\",\r\n      \"id\": \"/subscriptions/3e919f9a-4e26-4736-aa8d-d596d9a49239/providers/Microsoft.Peering/peerAsns/9585-Global4841\",\r\n      \"type\": \"Microsoft.Peering/peerAsns\"\r\n    },\r\n    {\r\n      \"properties\": {\r\n        \"peerAsn\": 49072,\r\n        \"peerContactDetail\": [\r\n          {\r\n            \"role\": \"Noc\",\r\n            \"email\": \"Noc@AS49072-Global5546.com\",\r\n            \"phone\": \"+1(888)-889-8088\"\r\n          },\r\n          {\r\n            \"role\": \"Policy\",\r\n            \"email\": \"Policy@AS49072-Global5546.com\",\r\n            \"phone\": \"+1(888)-889-8088\"\r\n          }\r\n        ],\r\n        \"peerName\": \"AS49072-Global5546\",\r\n        \"validationState\": \"Approved\"\r\n      },\r\n      \"name\": \"49072-Global9297\",\r\n      \"id\": \"/subscriptions/3e919f9a-4e26-4736-aa8d-d596d9a49239/providers/Microsoft.Peering/peerAsns/49072-Global9297\",\r\n      \"type\": \"Microsoft.Peering/peerAsns\"\r\n    },\r\n    {\r\n      \"properties\": {\r\n        \"peerAsn\": 50955,\r\n        \"peerContactDetail\": [\r\n          {\r\n            \"role\": \"Noc\",\r\n            \"email\": \"Noc@AS50955-Global4348.com\",\r\n            \"phone\": \"+1(888)-889-8088\"\r\n          },\r\n          {\r\n            \"role\": \"Policy\",\r\n            \"email\": \"Policy@AS50955-Global4348.com\",\r\n            \"phone\": \"+1(888)-889-8088\"\r\n          }\r\n        ],\r\n        \"peerName\": \"AS50955-Global4348\",\r\n        \"validationState\": \"Approved\"\r\n      },\r\n      \"name\": \"50955-Global7133\",\r\n      \"id\": \"/subscriptions/3e919f9a-4e26-4736-aa8d-d596d9a49239/providers/Microsoft.Peering/peerAsns/50955-Global7133\",\r\n      \"type\": \"Microsoft.Peering/peerAsns\"\r\n    },\r\n    {\r\n      \"properties\": {\r\n        \"peerAsn\": 41806,\r\n        \"peerContactDetail\": [\r\n          {\r\n            \"role\": \"Noc\",\r\n            \"email\": \"Noc@ps7129.com\",\r\n            \"phone\": \"+1(888)-889-8088\"\r\n          },\r\n          {\r\n            \"role\": \"Policy\",\r\n            \"email\": \"Policy@ps7129.com\",\r\n            \"phone\": \"+1(888)-889-8088\"\r\n          }\r\n        ],\r\n        \"peerName\": \"ps7129\",\r\n        \"validationState\": \"Pending\"\r\n      },\r\n      \"name\": \"Global1549\",\r\n      \"id\": \"/subscriptions/3e919f9a-4e26-4736-aa8d-d596d9a49239/providers/Microsoft.Peering/peerAsns/Global1549\",\r\n      \"type\": \"Microsoft.Peering/peerAsns\"\r\n    },\r\n    {\r\n      \"properties\": {\r\n        \"peerAsn\": 33043,\r\n        \"peerContactDetail\": [\r\n          {\r\n            \"role\": \"Noc\",\r\n            \"email\": \"Noc@AS33043-Global7219.com\",\r\n            \"phone\": \"+1(888)-889-8088\"\r\n          },\r\n          {\r\n            \"role\": \"Policy\",\r\n            \"email\": \"Policy@AS33043-Global7219.com\",\r\n            \"phone\": \"+1(888)-889-8088\"\r\n          }\r\n        ],\r\n        \"peerName\": \"AS33043-Global7219\",\r\n        \"validationState\": \"Approved\"\r\n      },\r\n      \"name\": \"33043-Global4375\",\r\n      \"id\": \"/subscriptions/3e919f9a-4e26-4736-aa8d-d596d9a49239/providers/Microsoft.Peering/peerAsns/33043-Global4375\",\r\n      \"type\": \"Microsoft.Peering/peerAsns\"\r\n    },\r\n    {\r\n      \"properties\": {\r\n        \"peerAsn\": 59690,\r\n        \"peerContactDetail\": [\r\n          {\r\n            \"role\": \"Noc\",\r\n            \"email\": \"Noc@AS59690-Global4394.com\",\r\n            \"phone\": \"+1(888)-889-8088\"\r\n          },\r\n          {\r\n            \"role\": \"Policy\",\r\n            \"email\": \"Policy@AS59690-Global4394.com\",\r\n            \"phone\": \"+1(888)-889-8088\"\r\n          }\r\n        ],\r\n        \"peerName\": \"AS59690-Global4394\",\r\n        \"validationState\": \"Approved\"\r\n      },\r\n      \"name\": \"59690-Global2639\",\r\n      \"id\": \"/subscriptions/3e919f9a-4e26-4736-aa8d-d596d9a49239/providers/Microsoft.Peering/peerAsns/59690-Global2639\",\r\n      \"type\": \"Microsoft.Peering/peerAsns\"\r\n    },\r\n    {\r\n      \"properties\": {\r\n        \"peerAsn\": 19260,\r\n        \"peerContactDetail\": [\r\n          {\r\n            \"role\": \"Noc\",\r\n            \"email\": \"Noc@AS19260-Global9601.com\",\r\n            \"phone\": \"+1(888)-889-8088\"\r\n          },\r\n          {\r\n            \"role\": \"Policy\",\r\n            \"email\": \"Policy@AS19260-Global9601.com\",\r\n            \"phone\": \"+1(888)-889-8088\"\r\n          }\r\n        ],\r\n        \"peerName\": \"AS19260-Global9601\",\r\n        \"validationState\": \"Approved\"\r\n      },\r\n      \"name\": \"19260-Global7408\",\r\n      \"id\": \"/subscriptions/3e919f9a-4e26-4736-aa8d-d596d9a49239/providers/Microsoft.Peering/peerAsns/19260-Global7408\",\r\n      \"type\": \"Microsoft.Peering/peerAsns\"\r\n    }\r\n  ]\r\n}",
      "StatusCode": 200
    },
    {
      "RequestUri": "/subscriptions/3e919f9a-4e26-4736-aa8d-d596d9a49239/providers/Microsoft.Peering/peerAsns?api-version=2020-01-01-preview",
      "EncodedRequestUri": "L3N1YnNjcmlwdGlvbnMvM2U5MTlmOWEtNGUyNi00NzM2LWFhOGQtZDU5NmQ5YTQ5MjM5L3Byb3ZpZGVycy9NaWNyb3NvZnQuUGVlcmluZy9wZWVyQXNucz9hcGktdmVyc2lvbj0yMDIwLTAxLTAxLXByZXZpZXc=",
      "RequestMethod": "GET",
      "RequestBody": "",
      "RequestHeaders": {
        "x-ms-client-request-id": [
          "778b5e1a-bcfa-4f34-b16e-263807037370"
        ],
        "Accept-Language": [
          "en-US"
        ],
        "User-Agent": [
          "FxVersion/4.6.28619.01",
          "OSName/Windows",
          "OSVersion/Microsoft.Windows.10.0.18363.",
          "Microsoft.Azure.Management.Peering.PeeringManagementClient/2.0.0.1"
        ]
      },
      "ResponseHeaders": {
        "Cache-Control": [
          "no-cache"
        ],
        "Pragma": [
          "no-cache"
        ],
        "x-ms-request-id": [
          "53a7adb9-e2d6-4e2c-8df7-334c4c8ab420"
        ],
        "x-ms-ratelimit-remaining-subscription-resource-requests": [
          "58"
        ],
        "x-ms-correlation-request-id": [
          "1ec7afe6-2992-4f42-a866-6252580fab4d"
        ],
        "x-ms-routing-request-id": [
          "NORTHEUROPE:20200421T015502Z:1ec7afe6-2992-4f42-a866-6252580fab4d"
        ],
        "Strict-Transport-Security": [
          "max-age=31536000; includeSubDomains"
        ],
        "X-Content-Type-Options": [
          "nosniff"
        ],
        "Date": [
          "Tue, 21 Apr 2020 01:55:02 GMT"
        ],
        "Content-Length": [
          "18900"
        ],
        "Content-Type": [
          "application/json; charset=utf-8"
        ],
        "Expires": [
          "-1"
        ]
      },
      "ResponseBody": "{\r\n  \"value\": [\r\n    {\r\n      \"properties\": {\r\n        \"peerAsn\": 2545,\r\n        \"peerContactDetail\": [\r\n          {\r\n            \"role\": \"Noc\",\r\n            \"email\": \"Noc@AS2545-Global1529.com\",\r\n            \"phone\": \"+1(888)-889-8088\"\r\n          },\r\n          {\r\n            \"role\": \"Policy\",\r\n            \"email\": \"Policy@AS2545-Global1529.com\",\r\n            \"phone\": \"+1(888)-889-8088\"\r\n          }\r\n        ],\r\n        \"peerName\": \"AS2545-Global1529\",\r\n        \"validationState\": \"Approved\"\r\n      },\r\n      \"name\": \"2545-Global5415\",\r\n      \"id\": \"/subscriptions/3e919f9a-4e26-4736-aa8d-d596d9a49239/providers/Microsoft.Peering/peerAsns/2545-Global5415\",\r\n      \"type\": \"Microsoft.Peering/peerAsns\"\r\n    },\r\n    {\r\n      \"properties\": {\r\n        \"peerAsn\": 33937,\r\n        \"peerContactDetail\": [\r\n          {\r\n            \"role\": \"Noc\",\r\n            \"email\": \"Noc@AS33937-Global4154.com\",\r\n            \"phone\": \"+1(888)-889-8088\"\r\n          },\r\n          {\r\n            \"role\": \"Policy\",\r\n            \"email\": \"Policy@AS33937-Global4154.com\",\r\n            \"phone\": \"+1(888)-889-8088\"\r\n          }\r\n        ],\r\n        \"peerName\": \"AS33937-Global4154\",\r\n        \"validationState\": \"Approved\"\r\n      },\r\n      \"name\": \"33937-Global2313\",\r\n      \"id\": \"/subscriptions/3e919f9a-4e26-4736-aa8d-d596d9a49239/providers/Microsoft.Peering/peerAsns/33937-Global2313\",\r\n      \"type\": \"Microsoft.Peering/peerAsns\"\r\n    },\r\n    {\r\n      \"properties\": {\r\n        \"peerAsn\": 7054,\r\n        \"peerContactDetail\": [\r\n          {\r\n            \"role\": \"Noc\",\r\n            \"email\": \"Noc@AS7054-Global6021.com\",\r\n            \"phone\": \"+1(888)-889-8088\"\r\n          },\r\n          {\r\n            \"role\": \"Policy\",\r\n            \"email\": \"Policy@AS7054-Global6021.com\",\r\n            \"phone\": \"+1(888)-889-8088\"\r\n          }\r\n        ],\r\n        \"peerName\": \"AS7054-Global6021\",\r\n        \"validationState\": \"Approved\"\r\n      },\r\n      \"name\": \"7054-Global2472\",\r\n      \"id\": \"/subscriptions/3e919f9a-4e26-4736-aa8d-d596d9a49239/providers/Microsoft.Peering/peerAsns/7054-Global2472\",\r\n      \"type\": \"Microsoft.Peering/peerAsns\"\r\n    },\r\n    {\r\n      \"properties\": {\r\n        \"peerAsn\": 47131,\r\n        \"peerContactDetail\": [\r\n          {\r\n            \"role\": \"Noc\",\r\n            \"email\": \"Noc@AS47131-Global4082.com\",\r\n            \"phone\": \"+1(888)-889-8088\"\r\n          },\r\n          {\r\n            \"role\": \"Policy\",\r\n            \"email\": \"Policy@AS47131-Global4082.com\",\r\n            \"phone\": \"+1(888)-889-8088\"\r\n          }\r\n        ],\r\n        \"peerName\": \"AS47131-Global4082\",\r\n        \"validationState\": \"Approved\"\r\n      },\r\n      \"name\": \"47131-Global8068\",\r\n      \"id\": \"/subscriptions/3e919f9a-4e26-4736-aa8d-d596d9a49239/providers/Microsoft.Peering/peerAsns/47131-Global8068\",\r\n      \"type\": \"Microsoft.Peering/peerAsns\"\r\n    },\r\n    {\r\n      \"properties\": {\r\n        \"peerAsn\": 12240,\r\n        \"peerContactDetail\": [\r\n          {\r\n            \"role\": \"Noc\",\r\n            \"email\": \"Noc@AS12240-Global7638.com\",\r\n            \"phone\": \"+1(888)-889-8088\"\r\n          },\r\n          {\r\n            \"role\": \"Policy\",\r\n            \"email\": \"Policy@AS12240-Global7638.com\",\r\n            \"phone\": \"+1(888)-889-8088\"\r\n          }\r\n        ],\r\n        \"peerName\": \"AS12240-Global7638\",\r\n        \"validationState\": \"Approved\"\r\n      },\r\n      \"name\": \"12240-Global3475\",\r\n      \"id\": \"/subscriptions/3e919f9a-4e26-4736-aa8d-d596d9a49239/providers/Microsoft.Peering/peerAsns/12240-Global3475\",\r\n      \"type\": \"Microsoft.Peering/peerAsns\"\r\n    },\r\n    {\r\n      \"properties\": {\r\n        \"peerAsn\": 8064,\r\n        \"peerContactDetail\": [\r\n          {\r\n            \"role\": \"Noc\",\r\n            \"email\": \"Noc@AS8064-Global8051.com\",\r\n            \"phone\": \"+1(888)-889-8088\"\r\n          },\r\n          {\r\n            \"role\": \"Policy\",\r\n            \"email\": \"Policy@AS8064-Global8051.com\",\r\n            \"phone\": \"+1(888)-889-8088\"\r\n          }\r\n        ],\r\n        \"peerName\": \"AS8064-Global8051\",\r\n        \"validationState\": \"Approved\"\r\n      },\r\n      \"name\": \"8064-Global8706\",\r\n      \"id\": \"/subscriptions/3e919f9a-4e26-4736-aa8d-d596d9a49239/providers/Microsoft.Peering/peerAsns/8064-Global8706\",\r\n      \"type\": \"Microsoft.Peering/peerAsns\"\r\n    },\r\n    {\r\n      \"properties\": {\r\n        \"peerAsn\": 48050,\r\n        \"peerContactDetail\": [\r\n          {\r\n            \"role\": \"Noc\",\r\n            \"email\": \"Noc@AS48050-Global457.com\",\r\n            \"phone\": \"+1(888)-889-8088\"\r\n          },\r\n          {\r\n            \"role\": \"Policy\",\r\n            \"email\": \"Policy@AS48050-Global457.com\",\r\n            \"phone\": \"+1(888)-889-8088\"\r\n          }\r\n        ],\r\n        \"peerName\": \"AS48050-Global457\",\r\n        \"validationState\": \"Approved\"\r\n      },\r\n      \"name\": \"48050-Global5691\",\r\n      \"id\": \"/subscriptions/3e919f9a-4e26-4736-aa8d-d596d9a49239/providers/Microsoft.Peering/peerAsns/48050-Global5691\",\r\n      \"type\": \"Microsoft.Peering/peerAsns\"\r\n    },\r\n    {\r\n      \"properties\": {\r\n        \"peerAsn\": 26074,\r\n        \"peerContactDetail\": [\r\n          {\r\n            \"role\": \"Noc\",\r\n            \"email\": \"Noc@AS26074-Global3409.com\",\r\n            \"phone\": \"+1(888)-889-8088\"\r\n          },\r\n          {\r\n            \"role\": \"Policy\",\r\n            \"email\": \"Policy@AS26074-Global3409.com\",\r\n            \"phone\": \"+1(888)-889-8088\"\r\n          }\r\n        ],\r\n        \"peerName\": \"AS26074-Global3409\",\r\n        \"validationState\": \"Approved\"\r\n      },\r\n      \"name\": \"26074-Global4551\",\r\n      \"id\": \"/subscriptions/3e919f9a-4e26-4736-aa8d-d596d9a49239/providers/Microsoft.Peering/peerAsns/26074-Global4551\",\r\n      \"type\": \"Microsoft.Peering/peerAsns\"\r\n    },\r\n    {\r\n      \"properties\": {\r\n        \"peerAsn\": 44842,\r\n        \"peerContactDetail\": [\r\n          {\r\n            \"role\": \"Noc\",\r\n            \"email\": \"Noc@AS44842-Global5093.com\",\r\n            \"phone\": \"+1(888)-889-8088\"\r\n          },\r\n          {\r\n            \"role\": \"Policy\",\r\n            \"email\": \"Policy@AS44842-Global5093.com\",\r\n            \"phone\": \"+1(888)-889-8088\"\r\n          }\r\n        ],\r\n        \"peerName\": \"AS44842-Global5093\",\r\n        \"validationState\": \"Approved\"\r\n      },\r\n      \"name\": \"44842-Global4105\",\r\n      \"id\": \"/subscriptions/3e919f9a-4e26-4736-aa8d-d596d9a49239/providers/Microsoft.Peering/peerAsns/44842-Global4105\",\r\n      \"type\": \"Microsoft.Peering/peerAsns\"\r\n    },\r\n    {\r\n      \"properties\": {\r\n        \"peerAsn\": 35837,\r\n        \"peerContactDetail\": [\r\n          {\r\n            \"role\": \"Noc\",\r\n            \"email\": \"Noc@AS35837-Global4743.com\",\r\n            \"phone\": \"+1(888)-889-8088\"\r\n          },\r\n          {\r\n            \"role\": \"Policy\",\r\n            \"email\": \"Policy@AS35837-Global4743.com\",\r\n            \"phone\": \"+1(888)-889-8088\"\r\n          }\r\n        ],\r\n        \"peerName\": \"AS35837-Global4743\",\r\n        \"validationState\": \"Approved\"\r\n      },\r\n      \"name\": \"35837-Global702\",\r\n      \"id\": \"/subscriptions/3e919f9a-4e26-4736-aa8d-d596d9a49239/providers/Microsoft.Peering/peerAsns/35837-Global702\",\r\n      \"type\": \"Microsoft.Peering/peerAsns\"\r\n    },\r\n    {\r\n      \"properties\": {\r\n        \"peerAsn\": 63090,\r\n        \"peerContactDetail\": [\r\n          {\r\n            \"role\": \"Noc\",\r\n            \"email\": \"Noc@AS63090-Global1117.com\",\r\n            \"phone\": \"+1(888)-889-8088\"\r\n          },\r\n          {\r\n            \"role\": \"Policy\",\r\n            \"email\": \"Policy@AS63090-Global1117.com\",\r\n            \"phone\": \"+1(888)-889-8088\"\r\n          }\r\n        ],\r\n        \"peerName\": \"AS63090-Global1117\",\r\n        \"validationState\": \"Approved\"\r\n      },\r\n      \"name\": \"63090-Global672\",\r\n      \"id\": \"/subscriptions/3e919f9a-4e26-4736-aa8d-d596d9a49239/providers/Microsoft.Peering/peerAsns/63090-Global672\",\r\n      \"type\": \"Microsoft.Peering/peerAsns\"\r\n    },\r\n    {\r\n      \"properties\": {\r\n        \"peerAsn\": 55274,\r\n        \"peerContactDetail\": [\r\n          {\r\n            \"role\": \"Noc\",\r\n            \"email\": \"Noc@AS55274-Global3325.com\",\r\n            \"phone\": \"+1(888)-889-8088\"\r\n          },\r\n          {\r\n            \"role\": \"Policy\",\r\n            \"email\": \"Policy@AS55274-Global3325.com\",\r\n            \"phone\": \"+1(888)-889-8088\"\r\n          }\r\n        ],\r\n        \"peerName\": \"AS55274-Global3325\",\r\n        \"validationState\": \"Approved\"\r\n      },\r\n      \"name\": \"55274-Global4177\",\r\n      \"id\": \"/subscriptions/3e919f9a-4e26-4736-aa8d-d596d9a49239/providers/Microsoft.Peering/peerAsns/55274-Global4177\",\r\n      \"type\": \"Microsoft.Peering/peerAsns\"\r\n    },\r\n    {\r\n      \"properties\": {\r\n        \"peerAsn\": 823,\r\n        \"peerContactDetail\": [\r\n          {\r\n            \"role\": \"Noc\",\r\n            \"email\": \"Noc@AS823-Global4816.com\",\r\n            \"phone\": \"+1(888)-889-8088\"\r\n          },\r\n          {\r\n            \"role\": \"Policy\",\r\n            \"email\": \"Policy@AS823-Global4816.com\",\r\n            \"phone\": \"+1(888)-889-8088\"\r\n          }\r\n        ],\r\n        \"peerName\": \"AS823-Global4816\",\r\n        \"validationState\": \"Approved\"\r\n      },\r\n      \"name\": \"823-Global6001\",\r\n      \"id\": \"/subscriptions/3e919f9a-4e26-4736-aa8d-d596d9a49239/providers/Microsoft.Peering/peerAsns/823-Global6001\",\r\n      \"type\": \"Microsoft.Peering/peerAsns\"\r\n    },\r\n    {\r\n      \"properties\": {\r\n        \"peerAsn\": 34611,\r\n        \"peerContactDetail\": [\r\n          {\r\n            \"role\": \"Noc\",\r\n            \"email\": \"Noc@AS34611-Global5779.com\",\r\n            \"phone\": \"+1(888)-889-8088\"\r\n          },\r\n          {\r\n            \"role\": \"Policy\",\r\n            \"email\": \"Policy@AS34611-Global5779.com\",\r\n            \"phone\": \"+1(888)-889-8088\"\r\n          }\r\n        ],\r\n        \"peerName\": \"AS34611-Global5779\",\r\n        \"validationState\": \"Approved\"\r\n      },\r\n      \"name\": \"34611-Global3375\",\r\n      \"id\": \"/subscriptions/3e919f9a-4e26-4736-aa8d-d596d9a49239/providers/Microsoft.Peering/peerAsns/34611-Global3375\",\r\n      \"type\": \"Microsoft.Peering/peerAsns\"\r\n    },\r\n    {\r\n      \"properties\": {\r\n        \"peerAsn\": 25089,\r\n        \"peerContactDetail\": [\r\n          {\r\n            \"role\": \"Noc\",\r\n            \"email\": \"Noc@AS25089-Global5477.com\",\r\n            \"phone\": \"+1(888)-889-8088\"\r\n          },\r\n          {\r\n            \"role\": \"Policy\",\r\n            \"email\": \"Policy@AS25089-Global5477.com\",\r\n            \"phone\": \"+1(888)-889-8088\"\r\n          }\r\n        ],\r\n        \"peerName\": \"AS25089-Global5477\",\r\n        \"validationState\": \"Approved\"\r\n      },\r\n      \"name\": \"25089-Global9332\",\r\n      \"id\": \"/subscriptions/3e919f9a-4e26-4736-aa8d-d596d9a49239/providers/Microsoft.Peering/peerAsns/25089-Global9332\",\r\n      \"type\": \"Microsoft.Peering/peerAsns\"\r\n    },\r\n    {\r\n      \"properties\": {\r\n        \"peerAsn\": 8086,\r\n        \"peerContactDetail\": [\r\n          {\r\n            \"role\": \"Noc\",\r\n            \"email\": \"Noc@AS8086-Global642.com\",\r\n            \"phone\": \"+1(888)-889-8088\"\r\n          },\r\n          {\r\n            \"role\": \"Policy\",\r\n            \"email\": \"Policy@AS8086-Global642.com\",\r\n            \"phone\": \"+1(888)-889-8088\"\r\n          }\r\n        ],\r\n        \"peerName\": \"AS8086-Global642\",\r\n        \"validationState\": \"Approved\"\r\n      },\r\n      \"name\": \"8086-Global2987\",\r\n      \"id\": \"/subscriptions/3e919f9a-4e26-4736-aa8d-d596d9a49239/providers/Microsoft.Peering/peerAsns/8086-Global2987\",\r\n      \"type\": \"Microsoft.Peering/peerAsns\"\r\n    },\r\n    {\r\n      \"properties\": {\r\n        \"peerAsn\": 19404,\r\n        \"peerContactDetail\": [\r\n          {\r\n            \"role\": \"Noc\",\r\n            \"email\": \"Noc@AS19404-Global1048.com\",\r\n            \"phone\": \"+1(888)-889-8088\"\r\n          },\r\n          {\r\n            \"role\": \"Policy\",\r\n            \"email\": \"Policy@AS19404-Global1048.com\",\r\n            \"phone\": \"+1(888)-889-8088\"\r\n          }\r\n        ],\r\n        \"peerName\": \"AS19404-Global1048\",\r\n        \"validationState\": \"Approved\"\r\n      },\r\n      \"name\": \"19404-Global9288\",\r\n      \"id\": \"/subscriptions/3e919f9a-4e26-4736-aa8d-d596d9a49239/providers/Microsoft.Peering/peerAsns/19404-Global9288\",\r\n      \"type\": \"Microsoft.Peering/peerAsns\"\r\n    },\r\n    {\r\n      \"properties\": {\r\n        \"peerAsn\": 63359,\r\n        \"peerContactDetail\": [\r\n          {\r\n            \"role\": \"Noc\",\r\n            \"email\": \"Noc@AS63359-Global4410.com\",\r\n            \"phone\": \"+1(888)-889-8088\"\r\n          },\r\n          {\r\n            \"role\": \"Policy\",\r\n            \"email\": \"Policy@AS63359-Global4410.com\",\r\n            \"phone\": \"+1(888)-889-8088\"\r\n          }\r\n        ],\r\n        \"peerName\": \"AS63359-Global4410\",\r\n        \"validationState\": \"Approved\"\r\n      },\r\n      \"name\": \"63359-Global386\",\r\n      \"id\": \"/subscriptions/3e919f9a-4e26-4736-aa8d-d596d9a49239/providers/Microsoft.Peering/peerAsns/63359-Global386\",\r\n      \"type\": \"Microsoft.Peering/peerAsns\"\r\n    },\r\n    {\r\n      \"properties\": {\r\n        \"peerAsn\": 16392,\r\n        \"peerContactDetail\": [\r\n          {\r\n            \"role\": \"Noc\",\r\n            \"email\": \"Noc@AS16392-Global8924.com\",\r\n            \"phone\": \"+1(888)-889-8088\"\r\n          },\r\n          {\r\n            \"role\": \"Policy\",\r\n            \"email\": \"Policy@AS16392-Global8924.com\",\r\n            \"phone\": \"+1(888)-889-8088\"\r\n          }\r\n        ],\r\n        \"peerName\": \"AS16392-Global8924\",\r\n        \"validationState\": \"Approved\"\r\n      },\r\n      \"name\": \"16392-Global6365\",\r\n      \"id\": \"/subscriptions/3e919f9a-4e26-4736-aa8d-d596d9a49239/providers/Microsoft.Peering/peerAsns/16392-Global6365\",\r\n      \"type\": \"Microsoft.Peering/peerAsns\"\r\n    },\r\n    {\r\n      \"properties\": {\r\n        \"peerAsn\": 52899,\r\n        \"peerContactDetail\": [\r\n          {\r\n            \"role\": \"Noc\",\r\n            \"email\": \"Noc@AS52899-Global9585.com\",\r\n            \"phone\": \"+1(888)-889-8088\"\r\n          },\r\n          {\r\n            \"role\": \"Policy\",\r\n            \"email\": \"Policy@AS52899-Global9585.com\",\r\n            \"phone\": \"+1(888)-889-8088\"\r\n          }\r\n        ],\r\n        \"peerName\": \"AS52899-Global9585\",\r\n        \"validationState\": \"Approved\"\r\n      },\r\n      \"name\": \"52899-Global2553\",\r\n      \"id\": \"/subscriptions/3e919f9a-4e26-4736-aa8d-d596d9a49239/providers/Microsoft.Peering/peerAsns/52899-Global2553\",\r\n      \"type\": \"Microsoft.Peering/peerAsns\"\r\n    },\r\n    {\r\n      \"properties\": {\r\n        \"peerAsn\": 9585,\r\n        \"peerContactDetail\": [\r\n          {\r\n            \"role\": \"Noc\",\r\n            \"email\": \"Noc@AS9585-Global6527.com\",\r\n            \"phone\": \"+1(888)-889-8088\"\r\n          },\r\n          {\r\n            \"role\": \"Policy\",\r\n            \"email\": \"Policy@AS9585-Global6527.com\",\r\n            \"phone\": \"+1(888)-889-8088\"\r\n          }\r\n        ],\r\n        \"peerName\": \"AS9585-Global6527\",\r\n        \"validationState\": \"Approved\"\r\n      },\r\n      \"name\": \"9585-Global4841\",\r\n      \"id\": \"/subscriptions/3e919f9a-4e26-4736-aa8d-d596d9a49239/providers/Microsoft.Peering/peerAsns/9585-Global4841\",\r\n      \"type\": \"Microsoft.Peering/peerAsns\"\r\n    },\r\n    {\r\n      \"properties\": {\r\n        \"peerAsn\": 49072,\r\n        \"peerContactDetail\": [\r\n          {\r\n            \"role\": \"Noc\",\r\n            \"email\": \"Noc@AS49072-Global5546.com\",\r\n            \"phone\": \"+1(888)-889-8088\"\r\n          },\r\n          {\r\n            \"role\": \"Policy\",\r\n            \"email\": \"Policy@AS49072-Global5546.com\",\r\n            \"phone\": \"+1(888)-889-8088\"\r\n          }\r\n        ],\r\n        \"peerName\": \"AS49072-Global5546\",\r\n        \"validationState\": \"Approved\"\r\n      },\r\n      \"name\": \"49072-Global9297\",\r\n      \"id\": \"/subscriptions/3e919f9a-4e26-4736-aa8d-d596d9a49239/providers/Microsoft.Peering/peerAsns/49072-Global9297\",\r\n      \"type\": \"Microsoft.Peering/peerAsns\"\r\n    },\r\n    {\r\n      \"properties\": {\r\n        \"peerAsn\": 50955,\r\n        \"peerContactDetail\": [\r\n          {\r\n            \"role\": \"Noc\",\r\n            \"email\": \"Noc@AS50955-Global4348.com\",\r\n            \"phone\": \"+1(888)-889-8088\"\r\n          },\r\n          {\r\n            \"role\": \"Policy\",\r\n            \"email\": \"Policy@AS50955-Global4348.com\",\r\n            \"phone\": \"+1(888)-889-8088\"\r\n          }\r\n        ],\r\n        \"peerName\": \"AS50955-Global4348\",\r\n        \"validationState\": \"Approved\"\r\n      },\r\n      \"name\": \"50955-Global7133\",\r\n      \"id\": \"/subscriptions/3e919f9a-4e26-4736-aa8d-d596d9a49239/providers/Microsoft.Peering/peerAsns/50955-Global7133\",\r\n      \"type\": \"Microsoft.Peering/peerAsns\"\r\n    },\r\n    {\r\n      \"properties\": {\r\n        \"peerAsn\": 41806,\r\n        \"peerContactDetail\": [\r\n          {\r\n            \"role\": \"Noc\",\r\n            \"email\": \"Noc@ps7129.com\",\r\n            \"phone\": \"+1(888)-889-8088\"\r\n          },\r\n          {\r\n            \"role\": \"Policy\",\r\n            \"email\": \"Policy@ps7129.com\",\r\n            \"phone\": \"+1(888)-889-8088\"\r\n          }\r\n        ],\r\n        \"peerName\": \"ps7129\",\r\n        \"validationState\": \"Pending\"\r\n      },\r\n      \"name\": \"Global1549\",\r\n      \"id\": \"/subscriptions/3e919f9a-4e26-4736-aa8d-d596d9a49239/providers/Microsoft.Peering/peerAsns/Global1549\",\r\n      \"type\": \"Microsoft.Peering/peerAsns\"\r\n    },\r\n    {\r\n      \"properties\": {\r\n        \"peerAsn\": 33043,\r\n        \"peerContactDetail\": [\r\n          {\r\n            \"role\": \"Noc\",\r\n            \"email\": \"Noc@AS33043-Global7219.com\",\r\n            \"phone\": \"+1(888)-889-8088\"\r\n          },\r\n          {\r\n            \"role\": \"Policy\",\r\n            \"email\": \"Policy@AS33043-Global7219.com\",\r\n            \"phone\": \"+1(888)-889-8088\"\r\n          }\r\n        ],\r\n        \"peerName\": \"AS33043-Global7219\",\r\n        \"validationState\": \"Approved\"\r\n      },\r\n      \"name\": \"33043-Global4375\",\r\n      \"id\": \"/subscriptions/3e919f9a-4e26-4736-aa8d-d596d9a49239/providers/Microsoft.Peering/peerAsns/33043-Global4375\",\r\n      \"type\": \"Microsoft.Peering/peerAsns\"\r\n    },\r\n    {\r\n      \"properties\": {\r\n        \"peerAsn\": 59690,\r\n        \"peerContactDetail\": [\r\n          {\r\n            \"role\": \"Noc\",\r\n            \"email\": \"Noc@AS59690-Global4394.com\",\r\n            \"phone\": \"+1(888)-889-8088\"\r\n          },\r\n          {\r\n            \"role\": \"Policy\",\r\n            \"email\": \"Policy@AS59690-Global4394.com\",\r\n            \"phone\": \"+1(888)-889-8088\"\r\n          }\r\n        ],\r\n        \"peerName\": \"AS59690-Global4394\",\r\n        \"validationState\": \"Approved\"\r\n      },\r\n      \"name\": \"59690-Global2639\",\r\n      \"id\": \"/subscriptions/3e919f9a-4e26-4736-aa8d-d596d9a49239/providers/Microsoft.Peering/peerAsns/59690-Global2639\",\r\n      \"type\": \"Microsoft.Peering/peerAsns\"\r\n    },\r\n    {\r\n      \"properties\": {\r\n        \"peerAsn\": 19260,\r\n        \"peerContactDetail\": [\r\n          {\r\n            \"role\": \"Noc\",\r\n            \"email\": \"Noc@AS19260-Global9601.com\",\r\n            \"phone\": \"+1(888)-889-8088\"\r\n          },\r\n          {\r\n            \"role\": \"Policy\",\r\n            \"email\": \"Policy@AS19260-Global9601.com\",\r\n            \"phone\": \"+1(888)-889-8088\"\r\n          }\r\n        ],\r\n        \"peerName\": \"AS19260-Global9601\",\r\n        \"validationState\": \"Approved\"\r\n      },\r\n      \"name\": \"19260-Global7408\",\r\n      \"id\": \"/subscriptions/3e919f9a-4e26-4736-aa8d-d596d9a49239/providers/Microsoft.Peering/peerAsns/19260-Global7408\",\r\n      \"type\": \"Microsoft.Peering/peerAsns\"\r\n    }\r\n  ]\r\n}",
      "StatusCode": 200
    },
    {
      "RequestUri": "/subscriptions/3e919f9a-4e26-4736-aa8d-d596d9a49239/providers/Microsoft.Peering/peerAsns?api-version=2020-01-01-preview",
      "EncodedRequestUri": "L3N1YnNjcmlwdGlvbnMvM2U5MTlmOWEtNGUyNi00NzM2LWFhOGQtZDU5NmQ5YTQ5MjM5L3Byb3ZpZGVycy9NaWNyb3NvZnQuUGVlcmluZy9wZWVyQXNucz9hcGktdmVyc2lvbj0yMDIwLTAxLTAxLXByZXZpZXc=",
      "RequestMethod": "GET",
      "RequestBody": "",
      "RequestHeaders": {
        "x-ms-client-request-id": [
          "24fb7a2e-79c5-4021-b9a1-617798c9519c"
        ],
        "Accept-Language": [
          "en-US"
        ],
        "User-Agent": [
          "FxVersion/4.6.28619.01",
          "OSName/Windows",
          "OSVersion/Microsoft.Windows.10.0.18363.",
          "Microsoft.Azure.Management.Peering.PeeringManagementClient/2.0.0.1"
        ]
      },
      "ResponseHeaders": {
        "Cache-Control": [
          "no-cache"
        ],
        "Pragma": [
          "no-cache"
        ],
        "x-ms-request-id": [
          "70b54883-e1c1-4c81-b00e-0c84ad3d504c"
        ],
        "x-ms-ratelimit-remaining-subscription-resource-requests": [
          "57"
        ],
        "x-ms-correlation-request-id": [
          "fada7350-1be6-4ed1-b450-5a88dfe027fd"
        ],
        "x-ms-routing-request-id": [
          "NORTHEUROPE:20200421T015514Z:fada7350-1be6-4ed1-b450-5a88dfe027fd"
        ],
        "Strict-Transport-Security": [
          "max-age=31536000; includeSubDomains"
        ],
        "X-Content-Type-Options": [
          "nosniff"
        ],
        "Date": [
          "Tue, 21 Apr 2020 01:55:14 GMT"
        ],
        "Content-Length": [
          "19"
        ],
        "Content-Type": [
          "application/json; charset=utf-8"
        ],
        "Expires": [
          "-1"
        ]
      },
      "ResponseBody": "{\r\n  \"value\": []\r\n}",
      "StatusCode": 200
    },
    {
      "RequestUri": "/subscriptions/3e919f9a-4e26-4736-aa8d-d596d9a49239/providers/Microsoft.Peering/peerAsns/2545-Global5415?api-version=2020-01-01-preview",
      "EncodedRequestUri": "L3N1YnNjcmlwdGlvbnMvM2U5MTlmOWEtNGUyNi00NzM2LWFhOGQtZDU5NmQ5YTQ5MjM5L3Byb3ZpZGVycy9NaWNyb3NvZnQuUGVlcmluZy9wZWVyQXNucy8yNTQ1LUdsb2JhbDU0MTU/YXBpLXZlcnNpb249MjAyMC0wMS0wMS1wcmV2aWV3",
      "RequestMethod": "DELETE",
      "RequestBody": "",
      "RequestHeaders": {
        "x-ms-client-request-id": [
          "d12768dc-7f97-41c6-ac14-1f3353407491"
        ],
        "Accept-Language": [
          "en-US"
        ],
        "User-Agent": [
          "FxVersion/4.6.28619.01",
          "OSName/Windows",
          "OSVersion/Microsoft.Windows.10.0.18363.",
          "Microsoft.Azure.Management.Peering.PeeringManagementClient/2.0.0.1"
        ]
      },
      "ResponseHeaders": {
        "Cache-Control": [
          "no-cache"
        ],
        "Pragma": [
          "no-cache"
        ],
        "x-ms-request-id": [
          "1a3eac01-265f-4e64-a86c-6e5bcfb6c44c"
        ],
        "x-ms-ratelimit-remaining-subscription-deletes": [
          "14999"
        ],
        "x-ms-correlation-request-id": [
          "158de1c7-588d-441b-aff4-ffea618e269d"
        ],
        "x-ms-routing-request-id": [
          "NORTHEUROPE:20200421T015503Z:158de1c7-588d-441b-aff4-ffea618e269d"
        ],
        "Strict-Transport-Security": [
          "max-age=31536000; includeSubDomains"
        ],
        "X-Content-Type-Options": [
          "nosniff"
        ],
        "Date": [
          "Tue, 21 Apr 2020 01:55:02 GMT"
        ],
        "Expires": [
          "-1"
        ],
        "Content-Length": [
          "0"
        ]
      },
      "ResponseBody": "",
      "StatusCode": 200
    },
    {
      "RequestUri": "/subscriptions/3e919f9a-4e26-4736-aa8d-d596d9a49239/providers/Microsoft.Peering/peerAsns/33937-Global2313?api-version=2020-01-01-preview",
      "EncodedRequestUri": "L3N1YnNjcmlwdGlvbnMvM2U5MTlmOWEtNGUyNi00NzM2LWFhOGQtZDU5NmQ5YTQ5MjM5L3Byb3ZpZGVycy9NaWNyb3NvZnQuUGVlcmluZy9wZWVyQXNucy8zMzkzNy1HbG9iYWwyMzEzP2FwaS12ZXJzaW9uPTIwMjAtMDEtMDEtcHJldmlldw==",
      "RequestMethod": "DELETE",
      "RequestBody": "",
      "RequestHeaders": {
        "x-ms-client-request-id": [
          "eece8e27-d4fc-46b4-b56d-efa76444e11c"
        ],
        "Accept-Language": [
          "en-US"
        ],
        "User-Agent": [
          "FxVersion/4.6.28619.01",
          "OSName/Windows",
          "OSVersion/Microsoft.Windows.10.0.18363.",
          "Microsoft.Azure.Management.Peering.PeeringManagementClient/2.0.0.1"
        ]
      },
      "ResponseHeaders": {
        "Cache-Control": [
          "no-cache"
        ],
        "Pragma": [
          "no-cache"
        ],
        "x-ms-request-id": [
          "806d98b4-0395-4f88-9105-efc1892a910d"
        ],
        "x-ms-ratelimit-remaining-subscription-deletes": [
          "14998"
        ],
        "x-ms-correlation-request-id": [
          "aa73b024-752c-4483-bb48-cb3f7ecf1c0c"
        ],
        "x-ms-routing-request-id": [
          "NORTHEUROPE:20200421T015503Z:aa73b024-752c-4483-bb48-cb3f7ecf1c0c"
        ],
        "Strict-Transport-Security": [
          "max-age=31536000; includeSubDomains"
        ],
        "X-Content-Type-Options": [
          "nosniff"
        ],
        "Date": [
          "Tue, 21 Apr 2020 01:55:03 GMT"
        ],
        "Expires": [
          "-1"
        ],
        "Content-Length": [
          "0"
        ]
      },
      "ResponseBody": "",
      "StatusCode": 200
    },
    {
      "RequestUri": "/subscriptions/3e919f9a-4e26-4736-aa8d-d596d9a49239/providers/Microsoft.Peering/peerAsns/7054-Global2472?api-version=2020-01-01-preview",
      "EncodedRequestUri": "L3N1YnNjcmlwdGlvbnMvM2U5MTlmOWEtNGUyNi00NzM2LWFhOGQtZDU5NmQ5YTQ5MjM5L3Byb3ZpZGVycy9NaWNyb3NvZnQuUGVlcmluZy9wZWVyQXNucy83MDU0LUdsb2JhbDI0NzI/YXBpLXZlcnNpb249MjAyMC0wMS0wMS1wcmV2aWV3",
      "RequestMethod": "DELETE",
      "RequestBody": "",
      "RequestHeaders": {
        "x-ms-client-request-id": [
          "66c8138f-75c2-421b-accd-2dca29203525"
        ],
        "Accept-Language": [
          "en-US"
        ],
        "User-Agent": [
          "FxVersion/4.6.28619.01",
          "OSName/Windows",
          "OSVersion/Microsoft.Windows.10.0.18363.",
          "Microsoft.Azure.Management.Peering.PeeringManagementClient/2.0.0.1"
        ]
      },
      "ResponseHeaders": {
        "Cache-Control": [
          "no-cache"
        ],
        "Pragma": [
          "no-cache"
        ],
        "x-ms-request-id": [
          "7450643f-4074-4e7b-8000-cfe88399ecc1"
        ],
        "x-ms-ratelimit-remaining-subscription-deletes": [
          "14997"
        ],
        "x-ms-correlation-request-id": [
          "ba8d6db9-c3fa-4c7c-8afb-62261bb9e59a"
        ],
        "x-ms-routing-request-id": [
          "NORTHEUROPE:20200421T015503Z:ba8d6db9-c3fa-4c7c-8afb-62261bb9e59a"
        ],
        "Strict-Transport-Security": [
          "max-age=31536000; includeSubDomains"
        ],
        "X-Content-Type-Options": [
          "nosniff"
        ],
        "Date": [
          "Tue, 21 Apr 2020 01:55:03 GMT"
        ],
        "Expires": [
          "-1"
        ],
        "Content-Length": [
          "0"
        ]
      },
      "ResponseBody": "",
      "StatusCode": 200
    },
    {
      "RequestUri": "/subscriptions/3e919f9a-4e26-4736-aa8d-d596d9a49239/providers/Microsoft.Peering/peerAsns/47131-Global8068?api-version=2020-01-01-preview",
      "EncodedRequestUri": "L3N1YnNjcmlwdGlvbnMvM2U5MTlmOWEtNGUyNi00NzM2LWFhOGQtZDU5NmQ5YTQ5MjM5L3Byb3ZpZGVycy9NaWNyb3NvZnQuUGVlcmluZy9wZWVyQXNucy80NzEzMS1HbG9iYWw4MDY4P2FwaS12ZXJzaW9uPTIwMjAtMDEtMDEtcHJldmlldw==",
      "RequestMethod": "DELETE",
      "RequestBody": "",
      "RequestHeaders": {
        "x-ms-client-request-id": [
          "dc488e5c-de49-4f0b-a72d-d07850c088ce"
        ],
        "Accept-Language": [
          "en-US"
        ],
        "User-Agent": [
          "FxVersion/4.6.28619.01",
          "OSName/Windows",
          "OSVersion/Microsoft.Windows.10.0.18363.",
          "Microsoft.Azure.Management.Peering.PeeringManagementClient/2.0.0.1"
        ]
      },
      "ResponseHeaders": {
        "Cache-Control": [
          "no-cache"
        ],
        "Pragma": [
          "no-cache"
        ],
        "x-ms-request-id": [
          "7b48495e-e6c7-4639-9861-3e1b818badad"
        ],
        "x-ms-ratelimit-remaining-subscription-deletes": [
          "14996"
        ],
        "x-ms-correlation-request-id": [
          "db03e7c8-c870-473f-ba5c-b981182ba32c"
        ],
        "x-ms-routing-request-id": [
          "NORTHEUROPE:20200421T015504Z:db03e7c8-c870-473f-ba5c-b981182ba32c"
        ],
        "Strict-Transport-Security": [
          "max-age=31536000; includeSubDomains"
        ],
        "X-Content-Type-Options": [
          "nosniff"
        ],
        "Date": [
          "Tue, 21 Apr 2020 01:55:04 GMT"
        ],
        "Expires": [
          "-1"
        ],
        "Content-Length": [
          "0"
        ]
      },
      "ResponseBody": "",
      "StatusCode": 200
    },
    {
      "RequestUri": "/subscriptions/3e919f9a-4e26-4736-aa8d-d596d9a49239/providers/Microsoft.Peering/peerAsns/12240-Global3475?api-version=2020-01-01-preview",
      "EncodedRequestUri": "L3N1YnNjcmlwdGlvbnMvM2U5MTlmOWEtNGUyNi00NzM2LWFhOGQtZDU5NmQ5YTQ5MjM5L3Byb3ZpZGVycy9NaWNyb3NvZnQuUGVlcmluZy9wZWVyQXNucy8xMjI0MC1HbG9iYWwzNDc1P2FwaS12ZXJzaW9uPTIwMjAtMDEtMDEtcHJldmlldw==",
      "RequestMethod": "DELETE",
      "RequestBody": "",
      "RequestHeaders": {
        "x-ms-client-request-id": [
          "f6f33bda-5628-4e9c-9b88-89e940b8d40f"
        ],
        "Accept-Language": [
          "en-US"
        ],
        "User-Agent": [
          "FxVersion/4.6.28619.01",
          "OSName/Windows",
          "OSVersion/Microsoft.Windows.10.0.18363.",
          "Microsoft.Azure.Management.Peering.PeeringManagementClient/2.0.0.1"
        ]
      },
      "ResponseHeaders": {
        "Cache-Control": [
          "no-cache"
        ],
        "Pragma": [
          "no-cache"
        ],
        "x-ms-request-id": [
          "8ea5894d-c899-40c3-b347-02f8012735b3"
        ],
        "x-ms-ratelimit-remaining-subscription-deletes": [
          "14995"
        ],
        "x-ms-correlation-request-id": [
          "40d8aba5-dc4f-4b9a-bdd2-31a931488596"
        ],
        "x-ms-routing-request-id": [
          "NORTHEUROPE:20200421T015504Z:40d8aba5-dc4f-4b9a-bdd2-31a931488596"
        ],
        "Strict-Transport-Security": [
          "max-age=31536000; includeSubDomains"
        ],
        "X-Content-Type-Options": [
          "nosniff"
        ],
        "Date": [
          "Tue, 21 Apr 2020 01:55:04 GMT"
        ],
        "Expires": [
          "-1"
        ],
        "Content-Length": [
          "0"
        ]
      },
      "ResponseBody": "",
      "StatusCode": 200
    },
    {
      "RequestUri": "/subscriptions/3e919f9a-4e26-4736-aa8d-d596d9a49239/providers/Microsoft.Peering/peerAsns/8064-Global8706?api-version=2020-01-01-preview",
      "EncodedRequestUri": "L3N1YnNjcmlwdGlvbnMvM2U5MTlmOWEtNGUyNi00NzM2LWFhOGQtZDU5NmQ5YTQ5MjM5L3Byb3ZpZGVycy9NaWNyb3NvZnQuUGVlcmluZy9wZWVyQXNucy84MDY0LUdsb2JhbDg3MDY/YXBpLXZlcnNpb249MjAyMC0wMS0wMS1wcmV2aWV3",
      "RequestMethod": "DELETE",
      "RequestBody": "",
      "RequestHeaders": {
        "x-ms-client-request-id": [
          "47a8d8ea-b5b2-42b3-82a7-dc6df0296a83"
        ],
        "Accept-Language": [
          "en-US"
        ],
        "User-Agent": [
          "FxVersion/4.6.28619.01",
          "OSName/Windows",
          "OSVersion/Microsoft.Windows.10.0.18363.",
          "Microsoft.Azure.Management.Peering.PeeringManagementClient/2.0.0.1"
        ]
      },
      "ResponseHeaders": {
        "Cache-Control": [
          "no-cache"
        ],
        "Pragma": [
          "no-cache"
        ],
        "x-ms-request-id": [
          "6c5e349e-47e7-487f-9ffe-a52a655b3425"
        ],
        "x-ms-ratelimit-remaining-subscription-deletes": [
          "14994"
        ],
        "x-ms-correlation-request-id": [
          "5beb934a-9df4-4ec1-a0e3-6e8edcb0becc"
        ],
        "x-ms-routing-request-id": [
          "NORTHEUROPE:20200421T015505Z:5beb934a-9df4-4ec1-a0e3-6e8edcb0becc"
        ],
        "Strict-Transport-Security": [
          "max-age=31536000; includeSubDomains"
        ],
        "X-Content-Type-Options": [
          "nosniff"
        ],
        "Date": [
          "Tue, 21 Apr 2020 01:55:04 GMT"
        ],
        "Expires": [
          "-1"
        ],
        "Content-Length": [
          "0"
        ]
      },
      "ResponseBody": "",
      "StatusCode": 200
    },
    {
      "RequestUri": "/subscriptions/3e919f9a-4e26-4736-aa8d-d596d9a49239/providers/Microsoft.Peering/peerAsns/48050-Global5691?api-version=2020-01-01-preview",
      "EncodedRequestUri": "L3N1YnNjcmlwdGlvbnMvM2U5MTlmOWEtNGUyNi00NzM2LWFhOGQtZDU5NmQ5YTQ5MjM5L3Byb3ZpZGVycy9NaWNyb3NvZnQuUGVlcmluZy9wZWVyQXNucy80ODA1MC1HbG9iYWw1NjkxP2FwaS12ZXJzaW9uPTIwMjAtMDEtMDEtcHJldmlldw==",
      "RequestMethod": "DELETE",
      "RequestBody": "",
      "RequestHeaders": {
        "x-ms-client-request-id": [
          "80c30e6b-aba7-40f9-9131-6fe8e0774aab"
        ],
        "Accept-Language": [
          "en-US"
        ],
        "User-Agent": [
          "FxVersion/4.6.28619.01",
          "OSName/Windows",
          "OSVersion/Microsoft.Windows.10.0.18363.",
          "Microsoft.Azure.Management.Peering.PeeringManagementClient/2.0.0.1"
        ]
      },
      "ResponseHeaders": {
        "Cache-Control": [
          "no-cache"
        ],
        "Pragma": [
          "no-cache"
        ],
        "x-ms-request-id": [
          "0e86f033-614b-4489-ad5c-3b30e06c5ddc"
        ],
        "x-ms-ratelimit-remaining-subscription-deletes": [
          "14993"
        ],
        "x-ms-correlation-request-id": [
          "59280b68-1bc0-4683-bbbe-f189ac8f65f5"
        ],
        "x-ms-routing-request-id": [
          "NORTHEUROPE:20200421T015505Z:59280b68-1bc0-4683-bbbe-f189ac8f65f5"
        ],
        "Strict-Transport-Security": [
          "max-age=31536000; includeSubDomains"
        ],
        "X-Content-Type-Options": [
          "nosniff"
        ],
        "Date": [
          "Tue, 21 Apr 2020 01:55:05 GMT"
        ],
        "Expires": [
          "-1"
        ],
        "Content-Length": [
          "0"
        ]
      },
      "ResponseBody": "",
      "StatusCode": 200
    },
    {
      "RequestUri": "/subscriptions/3e919f9a-4e26-4736-aa8d-d596d9a49239/providers/Microsoft.Peering/peerAsns/26074-Global4551?api-version=2020-01-01-preview",
      "EncodedRequestUri": "L3N1YnNjcmlwdGlvbnMvM2U5MTlmOWEtNGUyNi00NzM2LWFhOGQtZDU5NmQ5YTQ5MjM5L3Byb3ZpZGVycy9NaWNyb3NvZnQuUGVlcmluZy9wZWVyQXNucy8yNjA3NC1HbG9iYWw0NTUxP2FwaS12ZXJzaW9uPTIwMjAtMDEtMDEtcHJldmlldw==",
      "RequestMethod": "DELETE",
      "RequestBody": "",
      "RequestHeaders": {
        "x-ms-client-request-id": [
          "a5548afb-81c1-418e-b528-15c7c9fdd00f"
        ],
        "Accept-Language": [
          "en-US"
        ],
        "User-Agent": [
          "FxVersion/4.6.28619.01",
          "OSName/Windows",
          "OSVersion/Microsoft.Windows.10.0.18363.",
          "Microsoft.Azure.Management.Peering.PeeringManagementClient/2.0.0.1"
        ]
      },
      "ResponseHeaders": {
        "Cache-Control": [
          "no-cache"
        ],
        "Pragma": [
          "no-cache"
        ],
        "x-ms-request-id": [
          "9cf63c10-74be-44ae-bd08-d551fa1a13d0"
        ],
        "x-ms-ratelimit-remaining-subscription-deletes": [
          "14992"
        ],
        "x-ms-correlation-request-id": [
          "428edadc-2fcd-409b-8874-1ff405aa4744"
        ],
        "x-ms-routing-request-id": [
          "NORTHEUROPE:20200421T015506Z:428edadc-2fcd-409b-8874-1ff405aa4744"
        ],
        "Strict-Transport-Security": [
          "max-age=31536000; includeSubDomains"
        ],
        "X-Content-Type-Options": [
          "nosniff"
        ],
        "Date": [
          "Tue, 21 Apr 2020 01:55:05 GMT"
        ],
        "Expires": [
          "-1"
        ],
        "Content-Length": [
          "0"
        ]
      },
      "ResponseBody": "",
      "StatusCode": 200
    },
    {
      "RequestUri": "/subscriptions/3e919f9a-4e26-4736-aa8d-d596d9a49239/providers/Microsoft.Peering/peerAsns/44842-Global4105?api-version=2020-01-01-preview",
      "EncodedRequestUri": "L3N1YnNjcmlwdGlvbnMvM2U5MTlmOWEtNGUyNi00NzM2LWFhOGQtZDU5NmQ5YTQ5MjM5L3Byb3ZpZGVycy9NaWNyb3NvZnQuUGVlcmluZy9wZWVyQXNucy80NDg0Mi1HbG9iYWw0MTA1P2FwaS12ZXJzaW9uPTIwMjAtMDEtMDEtcHJldmlldw==",
      "RequestMethod": "DELETE",
      "RequestBody": "",
      "RequestHeaders": {
        "x-ms-client-request-id": [
          "45b7e8d2-ac9e-4666-bb6b-88514ff92545"
        ],
        "Accept-Language": [
          "en-US"
        ],
        "User-Agent": [
          "FxVersion/4.6.28619.01",
          "OSName/Windows",
          "OSVersion/Microsoft.Windows.10.0.18363.",
          "Microsoft.Azure.Management.Peering.PeeringManagementClient/2.0.0.1"
        ]
      },
      "ResponseHeaders": {
        "Cache-Control": [
          "no-cache"
        ],
        "Pragma": [
          "no-cache"
        ],
        "x-ms-request-id": [
          "51ea68c6-3149-4bb3-9af5-6eca3f09648d"
        ],
        "x-ms-ratelimit-remaining-subscription-deletes": [
          "14991"
        ],
        "x-ms-correlation-request-id": [
          "820a2f8c-9ef5-4d0e-9aa8-a50c1eb9881d"
        ],
        "x-ms-routing-request-id": [
          "NORTHEUROPE:20200421T015506Z:820a2f8c-9ef5-4d0e-9aa8-a50c1eb9881d"
        ],
        "Strict-Transport-Security": [
          "max-age=31536000; includeSubDomains"
        ],
        "X-Content-Type-Options": [
          "nosniff"
        ],
        "Date": [
          "Tue, 21 Apr 2020 01:55:06 GMT"
        ],
        "Expires": [
          "-1"
        ],
        "Content-Length": [
          "0"
        ]
      },
      "ResponseBody": "",
      "StatusCode": 200
    },
    {
      "RequestUri": "/subscriptions/3e919f9a-4e26-4736-aa8d-d596d9a49239/providers/Microsoft.Peering/peerAsns/35837-Global702?api-version=2020-01-01-preview",
      "EncodedRequestUri": "L3N1YnNjcmlwdGlvbnMvM2U5MTlmOWEtNGUyNi00NzM2LWFhOGQtZDU5NmQ5YTQ5MjM5L3Byb3ZpZGVycy9NaWNyb3NvZnQuUGVlcmluZy9wZWVyQXNucy8zNTgzNy1HbG9iYWw3MDI/YXBpLXZlcnNpb249MjAyMC0wMS0wMS1wcmV2aWV3",
      "RequestMethod": "DELETE",
      "RequestBody": "",
      "RequestHeaders": {
        "x-ms-client-request-id": [
          "bc7515a3-9253-410f-a376-7fa6b0e45e15"
        ],
        "Accept-Language": [
          "en-US"
        ],
        "User-Agent": [
          "FxVersion/4.6.28619.01",
          "OSName/Windows",
          "OSVersion/Microsoft.Windows.10.0.18363.",
          "Microsoft.Azure.Management.Peering.PeeringManagementClient/2.0.0.1"
        ]
      },
      "ResponseHeaders": {
        "Cache-Control": [
          "no-cache"
        ],
        "Pragma": [
          "no-cache"
        ],
        "x-ms-request-id": [
          "6a81e5fe-a2f8-4c05-931d-efcd90235ca9"
        ],
        "x-ms-ratelimit-remaining-subscription-deletes": [
          "14990"
        ],
        "x-ms-correlation-request-id": [
          "27eba007-11b1-40c4-87d3-d72315d2aac7"
        ],
        "x-ms-routing-request-id": [
          "NORTHEUROPE:20200421T015506Z:27eba007-11b1-40c4-87d3-d72315d2aac7"
        ],
        "Strict-Transport-Security": [
          "max-age=31536000; includeSubDomains"
        ],
        "X-Content-Type-Options": [
          "nosniff"
        ],
        "Date": [
          "Tue, 21 Apr 2020 01:55:06 GMT"
        ],
        "Expires": [
          "-1"
        ],
        "Content-Length": [
          "0"
        ]
      },
      "ResponseBody": "",
      "StatusCode": 200
    },
    {
      "RequestUri": "/subscriptions/3e919f9a-4e26-4736-aa8d-d596d9a49239/providers/Microsoft.Peering/peerAsns/63090-Global672?api-version=2020-01-01-preview",
      "EncodedRequestUri": "L3N1YnNjcmlwdGlvbnMvM2U5MTlmOWEtNGUyNi00NzM2LWFhOGQtZDU5NmQ5YTQ5MjM5L3Byb3ZpZGVycy9NaWNyb3NvZnQuUGVlcmluZy9wZWVyQXNucy82MzA5MC1HbG9iYWw2NzI/YXBpLXZlcnNpb249MjAyMC0wMS0wMS1wcmV2aWV3",
      "RequestMethod": "DELETE",
      "RequestBody": "",
      "RequestHeaders": {
        "x-ms-client-request-id": [
          "a410d3df-7e2f-4069-87f5-a5f60c004c8d"
        ],
        "Accept-Language": [
          "en-US"
        ],
        "User-Agent": [
          "FxVersion/4.6.28619.01",
          "OSName/Windows",
          "OSVersion/Microsoft.Windows.10.0.18363.",
          "Microsoft.Azure.Management.Peering.PeeringManagementClient/2.0.0.1"
        ]
      },
      "ResponseHeaders": {
        "Cache-Control": [
          "no-cache"
        ],
        "Pragma": [
          "no-cache"
        ],
        "x-ms-request-id": [
          "71ac3fe2-2a76-4fcb-8c73-07327d65153e"
        ],
        "x-ms-ratelimit-remaining-subscription-deletes": [
          "14989"
        ],
        "x-ms-correlation-request-id": [
          "396d871d-73d4-4e67-b2f8-94bc711ceb6e"
        ],
        "x-ms-routing-request-id": [
          "NORTHEUROPE:20200421T015507Z:396d871d-73d4-4e67-b2f8-94bc711ceb6e"
        ],
        "Strict-Transport-Security": [
          "max-age=31536000; includeSubDomains"
        ],
        "X-Content-Type-Options": [
          "nosniff"
        ],
        "Date": [
          "Tue, 21 Apr 2020 01:55:06 GMT"
        ],
        "Expires": [
          "-1"
        ],
        "Content-Length": [
          "0"
        ]
      },
      "ResponseBody": "",
      "StatusCode": 200
    },
    {
      "RequestUri": "/subscriptions/3e919f9a-4e26-4736-aa8d-d596d9a49239/providers/Microsoft.Peering/peerAsns/55274-Global4177?api-version=2020-01-01-preview",
      "EncodedRequestUri": "L3N1YnNjcmlwdGlvbnMvM2U5MTlmOWEtNGUyNi00NzM2LWFhOGQtZDU5NmQ5YTQ5MjM5L3Byb3ZpZGVycy9NaWNyb3NvZnQuUGVlcmluZy9wZWVyQXNucy81NTI3NC1HbG9iYWw0MTc3P2FwaS12ZXJzaW9uPTIwMjAtMDEtMDEtcHJldmlldw==",
      "RequestMethod": "DELETE",
      "RequestBody": "",
      "RequestHeaders": {
        "x-ms-client-request-id": [
          "1c539453-33fb-4406-b53e-65eb53a8adb9"
        ],
        "Accept-Language": [
          "en-US"
        ],
        "User-Agent": [
          "FxVersion/4.6.28619.01",
          "OSName/Windows",
          "OSVersion/Microsoft.Windows.10.0.18363.",
          "Microsoft.Azure.Management.Peering.PeeringManagementClient/2.0.0.1"
        ]
      },
      "ResponseHeaders": {
        "Cache-Control": [
          "no-cache"
        ],
        "Pragma": [
          "no-cache"
        ],
        "x-ms-request-id": [
          "9a74545a-4701-4c40-8509-e5e581149a03"
        ],
        "x-ms-ratelimit-remaining-subscription-deletes": [
          "14988"
        ],
        "x-ms-correlation-request-id": [
          "0ac49fd8-7352-42a9-8f54-43baf70ef246"
        ],
        "x-ms-routing-request-id": [
          "NORTHEUROPE:20200421T015507Z:0ac49fd8-7352-42a9-8f54-43baf70ef246"
        ],
        "Strict-Transport-Security": [
          "max-age=31536000; includeSubDomains"
        ],
        "X-Content-Type-Options": [
          "nosniff"
        ],
        "Date": [
          "Tue, 21 Apr 2020 01:55:07 GMT"
        ],
        "Expires": [
          "-1"
        ],
        "Content-Length": [
          "0"
        ]
      },
      "ResponseBody": "",
      "StatusCode": 200
    },
    {
      "RequestUri": "/subscriptions/3e919f9a-4e26-4736-aa8d-d596d9a49239/providers/Microsoft.Peering/peerAsns/823-Global6001?api-version=2020-01-01-preview",
      "EncodedRequestUri": "L3N1YnNjcmlwdGlvbnMvM2U5MTlmOWEtNGUyNi00NzM2LWFhOGQtZDU5NmQ5YTQ5MjM5L3Byb3ZpZGVycy9NaWNyb3NvZnQuUGVlcmluZy9wZWVyQXNucy84MjMtR2xvYmFsNjAwMT9hcGktdmVyc2lvbj0yMDIwLTAxLTAxLXByZXZpZXc=",
      "RequestMethod": "DELETE",
      "RequestBody": "",
      "RequestHeaders": {
        "x-ms-client-request-id": [
          "196c1574-dc2b-4f29-a85a-d2448c773d0d"
        ],
        "Accept-Language": [
          "en-US"
        ],
        "User-Agent": [
          "FxVersion/4.6.28619.01",
          "OSName/Windows",
          "OSVersion/Microsoft.Windows.10.0.18363.",
          "Microsoft.Azure.Management.Peering.PeeringManagementClient/2.0.0.1"
        ]
      },
      "ResponseHeaders": {
        "Cache-Control": [
          "no-cache"
        ],
        "Pragma": [
          "no-cache"
        ],
        "x-ms-request-id": [
          "775f0498-f681-4ad8-a133-2e7c2f4e1990"
        ],
        "x-ms-ratelimit-remaining-subscription-deletes": [
          "14987"
        ],
        "x-ms-correlation-request-id": [
          "61a1ed5c-9964-4eac-963a-2420ef488680"
        ],
        "x-ms-routing-request-id": [
          "NORTHEUROPE:20200421T015508Z:61a1ed5c-9964-4eac-963a-2420ef488680"
        ],
        "Strict-Transport-Security": [
          "max-age=31536000; includeSubDomains"
        ],
        "X-Content-Type-Options": [
          "nosniff"
        ],
        "Date": [
          "Tue, 21 Apr 2020 01:55:07 GMT"
        ],
        "Expires": [
          "-1"
        ],
        "Content-Length": [
          "0"
        ]
      },
      "ResponseBody": "",
      "StatusCode": 200
    },
    {
      "RequestUri": "/subscriptions/3e919f9a-4e26-4736-aa8d-d596d9a49239/providers/Microsoft.Peering/peerAsns/34611-Global3375?api-version=2020-01-01-preview",
      "EncodedRequestUri": "L3N1YnNjcmlwdGlvbnMvM2U5MTlmOWEtNGUyNi00NzM2LWFhOGQtZDU5NmQ5YTQ5MjM5L3Byb3ZpZGVycy9NaWNyb3NvZnQuUGVlcmluZy9wZWVyQXNucy8zNDYxMS1HbG9iYWwzMzc1P2FwaS12ZXJzaW9uPTIwMjAtMDEtMDEtcHJldmlldw==",
      "RequestMethod": "DELETE",
      "RequestBody": "",
      "RequestHeaders": {
        "x-ms-client-request-id": [
          "8ececf8e-107d-4662-ac57-11e3c098a06c"
        ],
        "Accept-Language": [
          "en-US"
        ],
        "User-Agent": [
          "FxVersion/4.6.28619.01",
          "OSName/Windows",
          "OSVersion/Microsoft.Windows.10.0.18363.",
          "Microsoft.Azure.Management.Peering.PeeringManagementClient/2.0.0.1"
        ]
      },
      "ResponseHeaders": {
        "Cache-Control": [
          "no-cache"
        ],
        "Pragma": [
          "no-cache"
        ],
        "x-ms-request-id": [
          "6e93bb38-c35f-4d8b-ae50-c8cde0c52a41"
        ],
        "x-ms-ratelimit-remaining-subscription-deletes": [
          "14986"
        ],
        "x-ms-correlation-request-id": [
          "a2e4e419-0e3c-4ca6-a028-c10ed6d4ff68"
        ],
        "x-ms-routing-request-id": [
          "NORTHEUROPE:20200421T015508Z:a2e4e419-0e3c-4ca6-a028-c10ed6d4ff68"
        ],
        "Strict-Transport-Security": [
          "max-age=31536000; includeSubDomains"
        ],
        "X-Content-Type-Options": [
          "nosniff"
        ],
        "Date": [
          "Tue, 21 Apr 2020 01:55:07 GMT"
        ],
        "Expires": [
          "-1"
        ],
        "Content-Length": [
          "0"
        ]
      },
      "ResponseBody": "",
      "StatusCode": 200
    },
    {
      "RequestUri": "/subscriptions/3e919f9a-4e26-4736-aa8d-d596d9a49239/providers/Microsoft.Peering/peerAsns/25089-Global9332?api-version=2020-01-01-preview",
      "EncodedRequestUri": "L3N1YnNjcmlwdGlvbnMvM2U5MTlmOWEtNGUyNi00NzM2LWFhOGQtZDU5NmQ5YTQ5MjM5L3Byb3ZpZGVycy9NaWNyb3NvZnQuUGVlcmluZy9wZWVyQXNucy8yNTA4OS1HbG9iYWw5MzMyP2FwaS12ZXJzaW9uPTIwMjAtMDEtMDEtcHJldmlldw==",
      "RequestMethod": "DELETE",
      "RequestBody": "",
      "RequestHeaders": {
        "x-ms-client-request-id": [
          "1c47a0d3-09e6-4982-a4cf-3e09757491cd"
        ],
        "Accept-Language": [
          "en-US"
        ],
        "User-Agent": [
          "FxVersion/4.6.28619.01",
          "OSName/Windows",
          "OSVersion/Microsoft.Windows.10.0.18363.",
          "Microsoft.Azure.Management.Peering.PeeringManagementClient/2.0.0.1"
        ]
      },
      "ResponseHeaders": {
        "Cache-Control": [
          "no-cache"
        ],
        "Pragma": [
          "no-cache"
        ],
        "x-ms-request-id": [
          "f347d1ad-5ad8-41e5-98c6-dafbab7d7e03"
        ],
        "x-ms-ratelimit-remaining-subscription-deletes": [
          "14985"
        ],
        "x-ms-correlation-request-id": [
          "267c4e17-70de-48e7-9f4f-4f848fc5a32b"
        ],
        "x-ms-routing-request-id": [
          "NORTHEUROPE:20200421T015509Z:267c4e17-70de-48e7-9f4f-4f848fc5a32b"
        ],
        "Strict-Transport-Security": [
          "max-age=31536000; includeSubDomains"
        ],
        "X-Content-Type-Options": [
          "nosniff"
        ],
        "Date": [
          "Tue, 21 Apr 2020 01:55:08 GMT"
        ],
        "Expires": [
          "-1"
        ],
        "Content-Length": [
          "0"
        ]
      },
      "ResponseBody": "",
      "StatusCode": 200
    },
    {
      "RequestUri": "/subscriptions/3e919f9a-4e26-4736-aa8d-d596d9a49239/providers/Microsoft.Peering/peerAsns/8086-Global2987?api-version=2020-01-01-preview",
      "EncodedRequestUri": "L3N1YnNjcmlwdGlvbnMvM2U5MTlmOWEtNGUyNi00NzM2LWFhOGQtZDU5NmQ5YTQ5MjM5L3Byb3ZpZGVycy9NaWNyb3NvZnQuUGVlcmluZy9wZWVyQXNucy84MDg2LUdsb2JhbDI5ODc/YXBpLXZlcnNpb249MjAyMC0wMS0wMS1wcmV2aWV3",
      "RequestMethod": "DELETE",
      "RequestBody": "",
      "RequestHeaders": {
        "x-ms-client-request-id": [
          "f85cae09-6926-4e29-85cc-26f399f8ae5f"
        ],
        "Accept-Language": [
          "en-US"
        ],
        "User-Agent": [
          "FxVersion/4.6.28619.01",
          "OSName/Windows",
          "OSVersion/Microsoft.Windows.10.0.18363.",
          "Microsoft.Azure.Management.Peering.PeeringManagementClient/2.0.0.1"
        ]
      },
      "ResponseHeaders": {
        "Cache-Control": [
          "no-cache"
        ],
        "Pragma": [
          "no-cache"
        ],
        "x-ms-request-id": [
          "b58bf9ab-de1a-418b-b12c-a6efda8e1c0a"
        ],
        "x-ms-ratelimit-remaining-subscription-deletes": [
          "14984"
        ],
        "x-ms-correlation-request-id": [
          "6a966683-3c9f-4240-8dd3-c39ead0614c9"
        ],
        "x-ms-routing-request-id": [
          "NORTHEUROPE:20200421T015509Z:6a966683-3c9f-4240-8dd3-c39ead0614c9"
        ],
        "Strict-Transport-Security": [
          "max-age=31536000; includeSubDomains"
        ],
        "X-Content-Type-Options": [
          "nosniff"
        ],
        "Date": [
          "Tue, 21 Apr 2020 01:55:08 GMT"
        ],
        "Expires": [
          "-1"
        ],
        "Content-Length": [
          "0"
        ]
      },
      "ResponseBody": "",
      "StatusCode": 200
    },
    {
      "RequestUri": "/subscriptions/3e919f9a-4e26-4736-aa8d-d596d9a49239/providers/Microsoft.Peering/peerAsns/19404-Global9288?api-version=2020-01-01-preview",
      "EncodedRequestUri": "L3N1YnNjcmlwdGlvbnMvM2U5MTlmOWEtNGUyNi00NzM2LWFhOGQtZDU5NmQ5YTQ5MjM5L3Byb3ZpZGVycy9NaWNyb3NvZnQuUGVlcmluZy9wZWVyQXNucy8xOTQwNC1HbG9iYWw5Mjg4P2FwaS12ZXJzaW9uPTIwMjAtMDEtMDEtcHJldmlldw==",
      "RequestMethod": "DELETE",
      "RequestBody": "",
      "RequestHeaders": {
        "x-ms-client-request-id": [
          "0befe47a-7848-422d-b33a-db9878c67652"
        ],
        "Accept-Language": [
          "en-US"
        ],
        "User-Agent": [
          "FxVersion/4.6.28619.01",
          "OSName/Windows",
          "OSVersion/Microsoft.Windows.10.0.18363.",
          "Microsoft.Azure.Management.Peering.PeeringManagementClient/2.0.0.1"
        ]
      },
      "ResponseHeaders": {
        "Cache-Control": [
          "no-cache"
        ],
        "Pragma": [
          "no-cache"
        ],
        "x-ms-request-id": [
          "8d088df8-ee84-4e10-a27f-b021570cdfd2"
        ],
        "x-ms-ratelimit-remaining-subscription-deletes": [
          "14983"
        ],
        "x-ms-correlation-request-id": [
          "79febf41-1fd3-47b8-b6bd-2058a7975bbe"
        ],
        "x-ms-routing-request-id": [
          "NORTHEUROPE:20200421T015509Z:79febf41-1fd3-47b8-b6bd-2058a7975bbe"
        ],
        "Strict-Transport-Security": [
          "max-age=31536000; includeSubDomains"
        ],
        "X-Content-Type-Options": [
          "nosniff"
        ],
        "Date": [
          "Tue, 21 Apr 2020 01:55:09 GMT"
        ],
        "Expires": [
          "-1"
        ],
        "Content-Length": [
          "0"
        ]
      },
      "ResponseBody": "",
      "StatusCode": 200
    },
    {
      "RequestUri": "/subscriptions/3e919f9a-4e26-4736-aa8d-d596d9a49239/providers/Microsoft.Peering/peerAsns/63359-Global386?api-version=2020-01-01-preview",
      "EncodedRequestUri": "L3N1YnNjcmlwdGlvbnMvM2U5MTlmOWEtNGUyNi00NzM2LWFhOGQtZDU5NmQ5YTQ5MjM5L3Byb3ZpZGVycy9NaWNyb3NvZnQuUGVlcmluZy9wZWVyQXNucy82MzM1OS1HbG9iYWwzODY/YXBpLXZlcnNpb249MjAyMC0wMS0wMS1wcmV2aWV3",
      "RequestMethod": "DELETE",
      "RequestBody": "",
      "RequestHeaders": {
        "x-ms-client-request-id": [
          "cd872d21-7f16-404d-88aa-037c45462576"
        ],
        "Accept-Language": [
          "en-US"
        ],
        "User-Agent": [
          "FxVersion/4.6.28619.01",
          "OSName/Windows",
          "OSVersion/Microsoft.Windows.10.0.18363.",
          "Microsoft.Azure.Management.Peering.PeeringManagementClient/2.0.0.1"
        ]
      },
      "ResponseHeaders": {
        "Cache-Control": [
          "no-cache"
        ],
        "Pragma": [
          "no-cache"
        ],
        "x-ms-request-id": [
          "0c8e9390-6ed7-4189-a00f-ea2e5199a925"
        ],
        "x-ms-ratelimit-remaining-subscription-deletes": [
          "14982"
        ],
        "x-ms-correlation-request-id": [
          "9a61ecbc-ee85-4893-acc9-2a3b425eb5e0"
        ],
        "x-ms-routing-request-id": [
          "NORTHEUROPE:20200421T015510Z:9a61ecbc-ee85-4893-acc9-2a3b425eb5e0"
        ],
        "Strict-Transport-Security": [
          "max-age=31536000; includeSubDomains"
        ],
        "X-Content-Type-Options": [
          "nosniff"
        ],
        "Date": [
          "Tue, 21 Apr 2020 01:55:09 GMT"
        ],
        "Expires": [
          "-1"
        ],
        "Content-Length": [
          "0"
        ]
      },
      "ResponseBody": "",
      "StatusCode": 200
    },
    {
      "RequestUri": "/subscriptions/3e919f9a-4e26-4736-aa8d-d596d9a49239/providers/Microsoft.Peering/peerAsns/16392-Global6365?api-version=2020-01-01-preview",
      "EncodedRequestUri": "L3N1YnNjcmlwdGlvbnMvM2U5MTlmOWEtNGUyNi00NzM2LWFhOGQtZDU5NmQ5YTQ5MjM5L3Byb3ZpZGVycy9NaWNyb3NvZnQuUGVlcmluZy9wZWVyQXNucy8xNjM5Mi1HbG9iYWw2MzY1P2FwaS12ZXJzaW9uPTIwMjAtMDEtMDEtcHJldmlldw==",
      "RequestMethod": "DELETE",
      "RequestBody": "",
      "RequestHeaders": {
        "x-ms-client-request-id": [
          "9e75b03f-2618-4424-b87b-509692a89fa1"
        ],
        "Accept-Language": [
          "en-US"
        ],
        "User-Agent": [
          "FxVersion/4.6.28619.01",
          "OSName/Windows",
          "OSVersion/Microsoft.Windows.10.0.18363.",
          "Microsoft.Azure.Management.Peering.PeeringManagementClient/2.0.0.1"
        ]
      },
      "ResponseHeaders": {
        "Cache-Control": [
          "no-cache"
        ],
        "Pragma": [
          "no-cache"
        ],
        "x-ms-request-id": [
          "ab8beb18-1ec6-4d7e-a972-5aeb31280195"
        ],
        "x-ms-ratelimit-remaining-subscription-deletes": [
          "14981"
        ],
        "x-ms-correlation-request-id": [
          "5cacbf1f-8b96-4acd-b99c-aa72e2a44cbf"
        ],
        "x-ms-routing-request-id": [
          "NORTHEUROPE:20200421T015510Z:5cacbf1f-8b96-4acd-b99c-aa72e2a44cbf"
        ],
        "Strict-Transport-Security": [
          "max-age=31536000; includeSubDomains"
        ],
        "X-Content-Type-Options": [
          "nosniff"
        ],
        "Date": [
          "Tue, 21 Apr 2020 01:55:09 GMT"
        ],
        "Expires": [
          "-1"
        ],
        "Content-Length": [
          "0"
        ]
      },
      "ResponseBody": "",
      "StatusCode": 200
    },
    {
      "RequestUri": "/subscriptions/3e919f9a-4e26-4736-aa8d-d596d9a49239/providers/Microsoft.Peering/peerAsns/52899-Global2553?api-version=2020-01-01-preview",
      "EncodedRequestUri": "L3N1YnNjcmlwdGlvbnMvM2U5MTlmOWEtNGUyNi00NzM2LWFhOGQtZDU5NmQ5YTQ5MjM5L3Byb3ZpZGVycy9NaWNyb3NvZnQuUGVlcmluZy9wZWVyQXNucy81Mjg5OS1HbG9iYWwyNTUzP2FwaS12ZXJzaW9uPTIwMjAtMDEtMDEtcHJldmlldw==",
      "RequestMethod": "DELETE",
      "RequestBody": "",
      "RequestHeaders": {
        "x-ms-client-request-id": [
          "c6c66b6d-3b24-465a-92ae-4fe427cbb7f5"
        ],
        "Accept-Language": [
          "en-US"
        ],
        "User-Agent": [
          "FxVersion/4.6.28619.01",
          "OSName/Windows",
          "OSVersion/Microsoft.Windows.10.0.18363.",
          "Microsoft.Azure.Management.Peering.PeeringManagementClient/2.0.0.1"
        ]
      },
      "ResponseHeaders": {
        "Cache-Control": [
          "no-cache"
        ],
        "Pragma": [
          "no-cache"
        ],
        "x-ms-request-id": [
          "53f50c2d-06af-46f4-ac4f-b27a64dac441"
        ],
        "x-ms-ratelimit-remaining-subscription-deletes": [
          "14980"
        ],
        "x-ms-correlation-request-id": [
          "38f65300-392b-410b-bd00-ba2e0cf843c2"
        ],
        "x-ms-routing-request-id": [
          "NORTHEUROPE:20200421T015511Z:38f65300-392b-410b-bd00-ba2e0cf843c2"
        ],
        "Strict-Transport-Security": [
          "max-age=31536000; includeSubDomains"
        ],
        "X-Content-Type-Options": [
          "nosniff"
        ],
        "Date": [
          "Tue, 21 Apr 2020 01:55:10 GMT"
        ],
        "Expires": [
          "-1"
        ],
        "Content-Length": [
          "0"
        ]
      },
      "ResponseBody": "",
      "StatusCode": 200
    },
    {
      "RequestUri": "/subscriptions/3e919f9a-4e26-4736-aa8d-d596d9a49239/providers/Microsoft.Peering/peerAsns/9585-Global4841?api-version=2020-01-01-preview",
      "EncodedRequestUri": "L3N1YnNjcmlwdGlvbnMvM2U5MTlmOWEtNGUyNi00NzM2LWFhOGQtZDU5NmQ5YTQ5MjM5L3Byb3ZpZGVycy9NaWNyb3NvZnQuUGVlcmluZy9wZWVyQXNucy85NTg1LUdsb2JhbDQ4NDE/YXBpLXZlcnNpb249MjAyMC0wMS0wMS1wcmV2aWV3",
      "RequestMethod": "DELETE",
      "RequestBody": "",
      "RequestHeaders": {
        "x-ms-client-request-id": [
          "494f63b7-aa11-41f8-8e2d-3674152d8921"
        ],
        "Accept-Language": [
          "en-US"
        ],
        "User-Agent": [
          "FxVersion/4.6.28619.01",
          "OSName/Windows",
          "OSVersion/Microsoft.Windows.10.0.18363.",
          "Microsoft.Azure.Management.Peering.PeeringManagementClient/2.0.0.1"
        ]
      },
      "ResponseHeaders": {
        "Cache-Control": [
          "no-cache"
        ],
        "Pragma": [
          "no-cache"
        ],
        "x-ms-request-id": [
          "005fd208-fc04-4d9d-9e15-6e07eca5e869"
        ],
        "x-ms-ratelimit-remaining-subscription-deletes": [
          "14979"
        ],
        "x-ms-correlation-request-id": [
          "07effd8e-604b-4502-8f14-2b9e7524459b"
        ],
        "x-ms-routing-request-id": [
          "NORTHEUROPE:20200421T015511Z:07effd8e-604b-4502-8f14-2b9e7524459b"
        ],
        "Strict-Transport-Security": [
          "max-age=31536000; includeSubDomains"
        ],
        "X-Content-Type-Options": [
          "nosniff"
        ],
        "Date": [
          "Tue, 21 Apr 2020 01:55:10 GMT"
        ],
        "Expires": [
          "-1"
        ],
        "Content-Length": [
          "0"
        ]
      },
      "ResponseBody": "",
      "StatusCode": 200
    },
    {
      "RequestUri": "/subscriptions/3e919f9a-4e26-4736-aa8d-d596d9a49239/providers/Microsoft.Peering/peerAsns/49072-Global9297?api-version=2020-01-01-preview",
      "EncodedRequestUri": "L3N1YnNjcmlwdGlvbnMvM2U5MTlmOWEtNGUyNi00NzM2LWFhOGQtZDU5NmQ5YTQ5MjM5L3Byb3ZpZGVycy9NaWNyb3NvZnQuUGVlcmluZy9wZWVyQXNucy80OTA3Mi1HbG9iYWw5Mjk3P2FwaS12ZXJzaW9uPTIwMjAtMDEtMDEtcHJldmlldw==",
      "RequestMethod": "DELETE",
      "RequestBody": "",
      "RequestHeaders": {
        "x-ms-client-request-id": [
          "2cd1b08d-04ff-4d58-ba69-ff9e1dc097a1"
        ],
        "Accept-Language": [
          "en-US"
        ],
        "User-Agent": [
          "FxVersion/4.6.28619.01",
          "OSName/Windows",
          "OSVersion/Microsoft.Windows.10.0.18363.",
          "Microsoft.Azure.Management.Peering.PeeringManagementClient/2.0.0.1"
        ]
      },
      "ResponseHeaders": {
        "Cache-Control": [
          "no-cache"
        ],
        "Pragma": [
          "no-cache"
        ],
        "x-ms-request-id": [
          "8a1802e1-8bd5-49da-ac8a-099820fd7e19"
        ],
        "x-ms-ratelimit-remaining-subscription-deletes": [
          "14978"
        ],
        "x-ms-correlation-request-id": [
          "6e11120e-0f73-4643-b6a2-340794f8544c"
        ],
        "x-ms-routing-request-id": [
          "NORTHEUROPE:20200421T015512Z:6e11120e-0f73-4643-b6a2-340794f8544c"
        ],
        "Strict-Transport-Security": [
          "max-age=31536000; includeSubDomains"
        ],
        "X-Content-Type-Options": [
          "nosniff"
        ],
        "Date": [
          "Tue, 21 Apr 2020 01:55:12 GMT"
        ],
        "Expires": [
          "-1"
        ],
        "Content-Length": [
          "0"
        ]
      },
      "ResponseBody": "",
      "StatusCode": 200
    },
    {
      "RequestUri": "/subscriptions/3e919f9a-4e26-4736-aa8d-d596d9a49239/providers/Microsoft.Peering/peerAsns/50955-Global7133?api-version=2020-01-01-preview",
      "EncodedRequestUri": "L3N1YnNjcmlwdGlvbnMvM2U5MTlmOWEtNGUyNi00NzM2LWFhOGQtZDU5NmQ5YTQ5MjM5L3Byb3ZpZGVycy9NaWNyb3NvZnQuUGVlcmluZy9wZWVyQXNucy81MDk1NS1HbG9iYWw3MTMzP2FwaS12ZXJzaW9uPTIwMjAtMDEtMDEtcHJldmlldw==",
      "RequestMethod": "DELETE",
      "RequestBody": "",
      "RequestHeaders": {
        "x-ms-client-request-id": [
          "a4983adc-8ed9-4d2b-a6ec-5e590229f9e9"
        ],
        "Accept-Language": [
          "en-US"
        ],
        "User-Agent": [
          "FxVersion/4.6.28619.01",
          "OSName/Windows",
          "OSVersion/Microsoft.Windows.10.0.18363.",
          "Microsoft.Azure.Management.Peering.PeeringManagementClient/2.0.0.1"
        ]
      },
      "ResponseHeaders": {
        "Cache-Control": [
          "no-cache"
        ],
        "Pragma": [
          "no-cache"
        ],
        "x-ms-request-id": [
          "0841451f-08a4-4518-be76-a618e9527915"
        ],
        "x-ms-ratelimit-remaining-subscription-deletes": [
          "14977"
        ],
        "x-ms-correlation-request-id": [
          "2a667897-3962-437a-b7e1-0f598fb6214d"
        ],
        "x-ms-routing-request-id": [
          "NORTHEUROPE:20200421T015512Z:2a667897-3962-437a-b7e1-0f598fb6214d"
        ],
        "Strict-Transport-Security": [
          "max-age=31536000; includeSubDomains"
        ],
        "X-Content-Type-Options": [
          "nosniff"
        ],
        "Date": [
          "Tue, 21 Apr 2020 01:55:12 GMT"
        ],
        "Expires": [
          "-1"
        ],
        "Content-Length": [
          "0"
        ]
      },
      "ResponseBody": "",
      "StatusCode": 200
    },
    {
      "RequestUri": "/subscriptions/3e919f9a-4e26-4736-aa8d-d596d9a49239/providers/Microsoft.Peering/peerAsns/Global1549?api-version=2020-01-01-preview",
      "EncodedRequestUri": "L3N1YnNjcmlwdGlvbnMvM2U5MTlmOWEtNGUyNi00NzM2LWFhOGQtZDU5NmQ5YTQ5MjM5L3Byb3ZpZGVycy9NaWNyb3NvZnQuUGVlcmluZy9wZWVyQXNucy9HbG9iYWwxNTQ5P2FwaS12ZXJzaW9uPTIwMjAtMDEtMDEtcHJldmlldw==",
      "RequestMethod": "DELETE",
      "RequestBody": "",
      "RequestHeaders": {
        "x-ms-client-request-id": [
          "25be2d4a-8414-49b1-8b60-c26f219ff305"
        ],
        "Accept-Language": [
          "en-US"
        ],
        "User-Agent": [
          "FxVersion/4.6.28619.01",
          "OSName/Windows",
          "OSVersion/Microsoft.Windows.10.0.18363.",
          "Microsoft.Azure.Management.Peering.PeeringManagementClient/2.0.0.1"
        ]
      },
      "ResponseHeaders": {
        "Cache-Control": [
          "no-cache"
        ],
        "Pragma": [
          "no-cache"
        ],
        "x-ms-request-id": [
          "d9424323-0169-4d89-8536-80830ab74c93"
        ],
        "x-ms-ratelimit-remaining-subscription-deletes": [
          "14976"
        ],
        "x-ms-correlation-request-id": [
          "a61504b1-b370-48d7-94dc-a64f61ca94fb"
        ],
        "x-ms-routing-request-id": [
          "NORTHEUROPE:20200421T015512Z:a61504b1-b370-48d7-94dc-a64f61ca94fb"
        ],
        "Strict-Transport-Security": [
          "max-age=31536000; includeSubDomains"
        ],
        "X-Content-Type-Options": [
          "nosniff"
        ],
        "Date": [
          "Tue, 21 Apr 2020 01:55:12 GMT"
        ],
        "Expires": [
          "-1"
        ],
        "Content-Length": [
          "0"
        ]
      },
      "ResponseBody": "",
      "StatusCode": 200
    },
    {
      "RequestUri": "/subscriptions/3e919f9a-4e26-4736-aa8d-d596d9a49239/providers/Microsoft.Peering/peerAsns/33043-Global4375?api-version=2020-01-01-preview",
      "EncodedRequestUri": "L3N1YnNjcmlwdGlvbnMvM2U5MTlmOWEtNGUyNi00NzM2LWFhOGQtZDU5NmQ5YTQ5MjM5L3Byb3ZpZGVycy9NaWNyb3NvZnQuUGVlcmluZy9wZWVyQXNucy8zMzA0My1HbG9iYWw0Mzc1P2FwaS12ZXJzaW9uPTIwMjAtMDEtMDEtcHJldmlldw==",
      "RequestMethod": "DELETE",
      "RequestBody": "",
      "RequestHeaders": {
        "x-ms-client-request-id": [
          "0611f900-aa89-4b3c-ab25-46a09d0af113"
        ],
        "Accept-Language": [
          "en-US"
        ],
        "User-Agent": [
          "FxVersion/4.6.28619.01",
          "OSName/Windows",
          "OSVersion/Microsoft.Windows.10.0.18363.",
          "Microsoft.Azure.Management.Peering.PeeringManagementClient/2.0.0.1"
        ]
      },
      "ResponseHeaders": {
        "Cache-Control": [
          "no-cache"
        ],
        "Pragma": [
          "no-cache"
        ],
        "x-ms-request-id": [
          "abc37111-1249-4ce3-ba16-07bde2c468c9"
        ],
        "x-ms-ratelimit-remaining-subscription-deletes": [
          "14975"
        ],
        "x-ms-correlation-request-id": [
          "0cac2100-92e2-4116-b969-6580c33bb3ad"
        ],
        "x-ms-routing-request-id": [
          "NORTHEUROPE:20200421T015513Z:0cac2100-92e2-4116-b969-6580c33bb3ad"
        ],
        "Strict-Transport-Security": [
          "max-age=31536000; includeSubDomains"
        ],
        "X-Content-Type-Options": [
          "nosniff"
        ],
        "Date": [
          "Tue, 21 Apr 2020 01:55:13 GMT"
        ],
        "Expires": [
          "-1"
        ],
        "Content-Length": [
          "0"
        ]
      },
      "ResponseBody": "",
      "StatusCode": 200
    },
    {
      "RequestUri": "/subscriptions/3e919f9a-4e26-4736-aa8d-d596d9a49239/providers/Microsoft.Peering/peerAsns/59690-Global2639?api-version=2020-01-01-preview",
      "EncodedRequestUri": "L3N1YnNjcmlwdGlvbnMvM2U5MTlmOWEtNGUyNi00NzM2LWFhOGQtZDU5NmQ5YTQ5MjM5L3Byb3ZpZGVycy9NaWNyb3NvZnQuUGVlcmluZy9wZWVyQXNucy81OTY5MC1HbG9iYWwyNjM5P2FwaS12ZXJzaW9uPTIwMjAtMDEtMDEtcHJldmlldw==",
      "RequestMethod": "DELETE",
      "RequestBody": "",
      "RequestHeaders": {
        "x-ms-client-request-id": [
          "b7d7a8da-5b5f-41ff-8a7d-b694841ca49b"
        ],
        "Accept-Language": [
          "en-US"
        ],
        "User-Agent": [
          "FxVersion/4.6.28619.01",
          "OSName/Windows",
          "OSVersion/Microsoft.Windows.10.0.18363.",
          "Microsoft.Azure.Management.Peering.PeeringManagementClient/2.0.0.1"
        ]
      },
      "ResponseHeaders": {
        "Cache-Control": [
          "no-cache"
        ],
        "Pragma": [
          "no-cache"
        ],
        "x-ms-request-id": [
          "e901596f-54ff-481c-a7a3-0c1e79c6b728"
        ],
        "x-ms-ratelimit-remaining-subscription-deletes": [
          "14974"
        ],
        "x-ms-correlation-request-id": [
          "479711eb-fc96-4683-b700-ec3510a1f3ed"
        ],
        "x-ms-routing-request-id": [
          "NORTHEUROPE:20200421T015513Z:479711eb-fc96-4683-b700-ec3510a1f3ed"
        ],
        "Strict-Transport-Security": [
          "max-age=31536000; includeSubDomains"
        ],
        "X-Content-Type-Options": [
          "nosniff"
        ],
        "Date": [
          "Tue, 21 Apr 2020 01:55:13 GMT"
        ],
        "Expires": [
          "-1"
        ],
        "Content-Length": [
          "0"
        ]
      },
      "ResponseBody": "",
      "StatusCode": 200
    },
    {
      "RequestUri": "/subscriptions/3e919f9a-4e26-4736-aa8d-d596d9a49239/providers/Microsoft.Peering/peerAsns/19260-Global7408?api-version=2020-01-01-preview",
      "EncodedRequestUri": "L3N1YnNjcmlwdGlvbnMvM2U5MTlmOWEtNGUyNi00NzM2LWFhOGQtZDU5NmQ5YTQ5MjM5L3Byb3ZpZGVycy9NaWNyb3NvZnQuUGVlcmluZy9wZWVyQXNucy8xOTI2MC1HbG9iYWw3NDA4P2FwaS12ZXJzaW9uPTIwMjAtMDEtMDEtcHJldmlldw==",
      "RequestMethod": "DELETE",
      "RequestBody": "",
      "RequestHeaders": {
        "x-ms-client-request-id": [
          "cd6e347a-5d92-4930-b9a5-bf63916aec89"
        ],
        "Accept-Language": [
          "en-US"
        ],
        "User-Agent": [
          "FxVersion/4.6.28619.01",
          "OSName/Windows",
          "OSVersion/Microsoft.Windows.10.0.18363.",
          "Microsoft.Azure.Management.Peering.PeeringManagementClient/2.0.0.1"
        ]
      },
      "ResponseHeaders": {
        "Cache-Control": [
          "no-cache"
        ],
        "Pragma": [
          "no-cache"
        ],
        "x-ms-request-id": [
          "c82b752c-dd83-4f61-9d6c-17587e282182"
        ],
        "x-ms-ratelimit-remaining-subscription-deletes": [
          "14973"
        ],
        "x-ms-correlation-request-id": [
          "6d5fd91c-f2f4-4d01-ac81-c5ae75a79d57"
        ],
        "x-ms-routing-request-id": [
          "NORTHEUROPE:20200421T015514Z:6d5fd91c-f2f4-4d01-ac81-c5ae75a79d57"
        ],
        "Strict-Transport-Security": [
          "max-age=31536000; includeSubDomains"
        ],
        "X-Content-Type-Options": [
          "nosniff"
        ],
        "Date": [
          "Tue, 21 Apr 2020 01:55:13 GMT"
        ],
        "Expires": [
          "-1"
        ],
        "Content-Length": [
          "0"
        ]
      },
      "ResponseBody": "",
      "StatusCode": 200
    }
  ],
  "Names": {
    "Test-ListPeerAsn": [
      "33043-Global4375",
      "AS33043-Global7219",
      "59690-Global2639",
      "AS59690-Global4394",
      "19260-Global7408",
      "AS19260-Global9601"
    ]
  },
  "Variables": {
    "SubscriptionId": "3e919f9a-4e26-4736-aa8d-d596d9a49239"
  }
}