{
  "Entries": [
    {
      "RequestUri": "/subscriptions/3e919f9a-4e26-4736-aa8d-d596d9a49239/providers/Microsoft.Peering/peerAsns/64025-Global7387?api-version=2020-04-01",
      "EncodedRequestUri": "L3N1YnNjcmlwdGlvbnMvM2U5MTlmOWEtNGUyNi00NzM2LWFhOGQtZDU5NmQ5YTQ5MjM5L3Byb3ZpZGVycy9NaWNyb3NvZnQuUGVlcmluZy9wZWVyQXNucy82NDAyNS1HbG9iYWw3Mzg3P2FwaS12ZXJzaW9uPTIwMjAtMDQtMDE=",
      "RequestMethod": "PUT",
      "RequestBody": "{\r\n  \"properties\": {\r\n    \"peerAsn\": 64025,\r\n    \"peerContactDetail\": [\r\n      {\r\n        \"role\": \"Noc\",\r\n        \"email\": \"Noc@AS64025-Global1751.com\",\r\n        \"phone\": \"+1(888)-889-8088\"\r\n      },\r\n      {\r\n        \"role\": \"Policy\",\r\n        \"email\": \"Policy@AS64025-Global1751.com\",\r\n        \"phone\": \"+1(888)-889-8088\"\r\n      }\r\n    ],\r\n    \"peerName\": \"AS64025-Global1751\"\r\n  }\r\n}",
      "RequestHeaders": {
        "x-ms-client-request-id": [
          "e49b4fac-76eb-4fdc-8d4e-ab9b077220ec"
        ],
        "Accept-Language": [
          "en-US"
        ],
        "User-Agent": [
          "FxVersion/4.6.28207.03",
          "OSName/Windows",
          "OSVersion/Microsoft.Windows.10.0.18363.",
          "Microsoft.Azure.Management.Peering.PeeringManagementClient/2.1.0.0"
        ],
        "Content-Type": [
          "application/json; charset=utf-8"
        ],
        "Content-Length": [
          "386"
        ]
      },
      "ResponseHeaders": {
        "Cache-Control": [
          "no-cache"
        ],
        "Pragma": [
          "no-cache"
        ],
        "x-ms-request-id": [
          "6cabb2ba-1edc-4655-abb1-2726451705a2"
        ],
        "x-ms-ratelimit-remaining-subscription-resource-requests": [
          "59"
        ],
        "x-ms-correlation-request-id": [
          "c020e826-7aa5-42ed-9106-e6a740378525"
        ],
        "x-ms-routing-request-id": [
          "NORTHEUROPE:20200514T212314Z:c020e826-7aa5-42ed-9106-e6a740378525"
        ],
        "Strict-Transport-Security": [
          "max-age=31536000; includeSubDomains"
        ],
        "X-Content-Type-Options": [
          "nosniff"
        ],
        "Date": [
          "Thu, 14 May 2020 21:23:14 GMT"
        ],
        "Content-Length": [
          "611"
        ],
        "Content-Type": [
          "application/json; charset=utf-8"
        ],
        "Expires": [
          "-1"
        ]
      },
      "ResponseBody": "{\r\n  \"properties\": {\r\n    \"peerAsn\": 64025,\r\n    \"peerContactDetail\": [\r\n      {\r\n        \"role\": \"Noc\",\r\n        \"email\": \"Noc@AS64025-Global1751.com\",\r\n        \"phone\": \"+1(888)-889-8088\"\r\n      },\r\n      {\r\n        \"role\": \"Policy\",\r\n        \"email\": \"Policy@AS64025-Global1751.com\",\r\n        \"phone\": \"+1(888)-889-8088\"\r\n      }\r\n    ],\r\n    \"peerName\": \"AS64025-Global1751\",\r\n    \"validationState\": \"Pending\"\r\n  },\r\n  \"name\": \"64025-Global7387\",\r\n  \"id\": \"/subscriptions/3e919f9a-4e26-4736-aa8d-d596d9a49239/providers/Microsoft.Peering/peerAsns/64025-Global7387\",\r\n  \"type\": \"Microsoft.Peering/peerAsns\"\r\n}",
      "StatusCode": 201
    },
    {
      "RequestUri": "/subscriptions/3e919f9a-4e26-4736-aa8d-d596d9a49239/providers/Microsoft.Peering/peerAsns/64025-Global7387?api-version=2020-04-01",
      "EncodedRequestUri": "L3N1YnNjcmlwdGlvbnMvM2U5MTlmOWEtNGUyNi00NzM2LWFhOGQtZDU5NmQ5YTQ5MjM5L3Byb3ZpZGVycy9NaWNyb3NvZnQuUGVlcmluZy9wZWVyQXNucy82NDAyNS1HbG9iYWw3Mzg3P2FwaS12ZXJzaW9uPTIwMjAtMDQtMDE=",
      "RequestMethod": "PUT",
      "RequestBody": "{\r\n  \"properties\": {\r\n    \"peerAsn\": 64025,\r\n    \"peerContactDetail\": [\r\n      {\r\n        \"role\": \"Noc\",\r\n        \"email\": \"Noc@AS64025-Global1751.com\",\r\n        \"phone\": \"+1(888)-889-8088\"\r\n      },\r\n      {\r\n        \"role\": \"Policy\",\r\n        \"email\": \"Policy@AS64025-Global1751.com\",\r\n        \"phone\": \"+1(888)-889-8088\"\r\n      }\r\n    ],\r\n    \"peerName\": \"AS64025-Global1751\",\r\n    \"validationState\": \"Approved\"\r\n  }\r\n}",
      "RequestHeaders": {
        "x-ms-client-request-id": [
          "624ccb17-4f80-4df6-a869-996583f49053"
        ],
        "Accept-Language": [
          "en-US"
        ],
        "User-Agent": [
          "FxVersion/4.6.28207.03",
          "OSName/Windows",
          "OSVersion/Microsoft.Windows.10.0.18363.",
          "Microsoft.Azure.Management.Peering.PeeringManagementClient/2.1.0.0"
        ],
        "Content-Type": [
          "application/json; charset=utf-8"
        ],
        "Content-Length": [
          "422"
        ]
      },
      "ResponseHeaders": {
        "Cache-Control": [
          "no-cache"
        ],
        "Pragma": [
          "no-cache"
        ],
        "x-ms-request-id": [
          "198fd3a3-7f88-4264-9f4c-aaeeb74f31b3"
        ],
        "x-ms-ratelimit-remaining-subscription-resource-requests": [
          "58"
        ],
        "x-ms-correlation-request-id": [
          "8d04178e-e5cf-44b3-9d1a-a2235253558c"
        ],
        "x-ms-routing-request-id": [
          "NORTHEUROPE:20200514T212316Z:8d04178e-e5cf-44b3-9d1a-a2235253558c"
        ],
        "Strict-Transport-Security": [
          "max-age=31536000; includeSubDomains"
        ],
        "X-Content-Type-Options": [
          "nosniff"
        ],
        "Date": [
          "Thu, 14 May 2020 21:23:16 GMT"
        ],
        "Content-Length": [
          "612"
        ],
        "Content-Type": [
          "application/json; charset=utf-8"
        ],
        "Expires": [
          "-1"
        ]
      },
      "ResponseBody": "{\r\n  \"properties\": {\r\n    \"peerAsn\": 64025,\r\n    \"peerContactDetail\": [\r\n      {\r\n        \"role\": \"Noc\",\r\n        \"email\": \"Noc@AS64025-Global1751.com\",\r\n        \"phone\": \"+1(888)-889-8088\"\r\n      },\r\n      {\r\n        \"role\": \"Policy\",\r\n        \"email\": \"Policy@AS64025-Global1751.com\",\r\n        \"phone\": \"+1(888)-889-8088\"\r\n      }\r\n    ],\r\n    \"peerName\": \"AS64025-Global1751\",\r\n    \"validationState\": \"Approved\"\r\n  },\r\n  \"name\": \"64025-Global7387\",\r\n  \"id\": \"/subscriptions/3e919f9a-4e26-4736-aa8d-d596d9a49239/providers/Microsoft.Peering/peerAsns/64025-Global7387\",\r\n  \"type\": \"Microsoft.Peering/peerAsns\"\r\n}",
      "StatusCode": 200
    },
    {
      "RequestUri": "/subscriptions/3e919f9a-4e26-4736-aa8d-d596d9a49239/providers/Microsoft.Peering/peerAsns/64025-Global7387?api-version=2020-04-01",
      "EncodedRequestUri": "L3N1YnNjcmlwdGlvbnMvM2U5MTlmOWEtNGUyNi00NzM2LWFhOGQtZDU5NmQ5YTQ5MjM5L3Byb3ZpZGVycy9NaWNyb3NvZnQuUGVlcmluZy9wZWVyQXNucy82NDAyNS1HbG9iYWw3Mzg3P2FwaS12ZXJzaW9uPTIwMjAtMDQtMDE=",
      "RequestMethod": "PUT",
      "RequestBody": "{\r\n  \"properties\": {\r\n    \"peerAsn\": 64025,\r\n    \"peerContactDetail\": [\r\n      {\r\n        \"role\": \"Noc\",\r\n        \"email\": \"ps5572@64025-Global7387.com\",\r\n        \"phone\": \"+1(888)-889-8088\"\r\n      },\r\n      {\r\n        \"role\": \"Policy\",\r\n        \"email\": \"Policy@AS64025-Global1751.com\",\r\n        \"phone\": \"+1(888)-889-8088\"\r\n      }\r\n    ],\r\n    \"peerName\": \"AS64025-Global1751\",\r\n    \"validationState\": \"Approved\"\r\n  }\r\n}",
      "RequestHeaders": {
        "x-ms-client-request-id": [
          "3be56840-7a46-4992-b55a-29df658e577d"
        ],
        "Accept-Language": [
          "en-US"
        ],
        "User-Agent": [
          "FxVersion/4.6.28207.03",
          "OSName/Windows",
          "OSVersion/Microsoft.Windows.10.0.18363.",
          "Microsoft.Azure.Management.Peering.PeeringManagementClient/2.1.0.0"
        ],
        "Content-Type": [
          "application/json; charset=utf-8"
        ],
        "Content-Length": [
          "423"
        ]
      },
      "ResponseHeaders": {
        "Cache-Control": [
          "no-cache"
        ],
        "Pragma": [
          "no-cache"
        ],
        "x-ms-request-id": [
          "cfcddbff-575f-46ad-b330-b5fa8f29f867"
        ],
        "x-ms-ratelimit-remaining-subscription-resource-requests": [
          "57"
        ],
        "x-ms-correlation-request-id": [
          "3b97508b-4298-4c2d-94cd-ceb31ed18c15"
        ],
        "x-ms-routing-request-id": [
          "NORTHEUROPE:20200514T212319Z:3b97508b-4298-4c2d-94cd-ceb31ed18c15"
        ],
        "Strict-Transport-Security": [
          "max-age=31536000; includeSubDomains"
        ],
        "X-Content-Type-Options": [
          "nosniff"
        ],
        "Date": [
          "Thu, 14 May 2020 21:23:18 GMT"
        ],
        "Content-Length": [
          "613"
        ],
        "Content-Type": [
          "application/json; charset=utf-8"
        ],
        "Expires": [
          "-1"
        ]
      },
      "ResponseBody": "{\r\n  \"properties\": {\r\n    \"peerAsn\": 64025,\r\n    \"peerContactDetail\": [\r\n      {\r\n        \"role\": \"Noc\",\r\n        \"email\": \"ps5572@64025-Global7387.com\",\r\n        \"phone\": \"+1(888)-889-8088\"\r\n      },\r\n      {\r\n        \"role\": \"Policy\",\r\n        \"email\": \"Policy@AS64025-Global1751.com\",\r\n        \"phone\": \"+1(888)-889-8088\"\r\n      }\r\n    ],\r\n    \"peerName\": \"AS64025-Global1751\",\r\n    \"validationState\": \"Approved\"\r\n  },\r\n  \"name\": \"64025-Global7387\",\r\n  \"id\": \"/subscriptions/3e919f9a-4e26-4736-aa8d-d596d9a49239/providers/Microsoft.Peering/peerAsns/64025-Global7387\",\r\n  \"type\": \"Microsoft.Peering/peerAsns\"\r\n}",
      "StatusCode": 200
    },
    {
      "RequestUri": "/subscriptions/3e919f9a-4e26-4736-aa8d-d596d9a49239/providers/Microsoft.Peering/peerAsns/64025-Global7387?api-version=2020-04-01",
      "EncodedRequestUri": "L3N1YnNjcmlwdGlvbnMvM2U5MTlmOWEtNGUyNi00NzM2LWFhOGQtZDU5NmQ5YTQ5MjM5L3Byb3ZpZGVycy9NaWNyb3NvZnQuUGVlcmluZy9wZWVyQXNucy82NDAyNS1HbG9iYWw3Mzg3P2FwaS12ZXJzaW9uPTIwMjAtMDQtMDE=",
      "RequestMethod": "GET",
      "RequestBody": "",
      "RequestHeaders": {
        "x-ms-client-request-id": [
          "ee3e125f-43c5-4f36-a19d-05eb1225ba04"
        ],
        "Accept-Language": [
          "en-US"
        ],
        "User-Agent": [
          "FxVersion/4.6.28207.03",
          "OSName/Windows",
          "OSVersion/Microsoft.Windows.10.0.18363.",
          "Microsoft.Azure.Management.Peering.PeeringManagementClient/2.1.0.0"
        ]
      },
      "ResponseHeaders": {
        "Cache-Control": [
          "no-cache"
        ],
        "Pragma": [
          "no-cache"
        ],
        "x-ms-request-id": [
          "bc2a7810-8cc0-465b-87c1-fac0a107b751"
        ],
        "x-ms-ratelimit-remaining-subscription-resource-requests": [
          "59"
        ],
        "x-ms-correlation-request-id": [
          "8e06d4e9-92b0-4f8d-8e8a-72b38674c7e4"
        ],
        "x-ms-routing-request-id": [
          "NORTHEUROPE:20200514T212318Z:8e06d4e9-92b0-4f8d-8e8a-72b38674c7e4"
        ],
        "Strict-Transport-Security": [
          "max-age=31536000; includeSubDomains"
        ],
        "X-Content-Type-Options": [
          "nosniff"
        ],
        "Date": [
          "Thu, 14 May 2020 21:23:18 GMT"
        ],
        "Content-Length": [
          "612"
        ],
        "Content-Type": [
          "application/json; charset=utf-8"
        ],
        "Expires": [
          "-1"
        ]
      },
      "ResponseBody": "{\r\n  \"properties\": {\r\n    \"peerAsn\": 64025,\r\n    \"peerContactDetail\": [\r\n      {\r\n        \"role\": \"Noc\",\r\n        \"email\": \"Noc@AS64025-Global1751.com\",\r\n        \"phone\": \"+1(888)-889-8088\"\r\n      },\r\n      {\r\n        \"role\": \"Policy\",\r\n        \"email\": \"Policy@AS64025-Global1751.com\",\r\n        \"phone\": \"+1(888)-889-8088\"\r\n      }\r\n    ],\r\n    \"peerName\": \"AS64025-Global1751\",\r\n    \"validationState\": \"Approved\"\r\n  },\r\n  \"name\": \"64025-Global7387\",\r\n  \"id\": \"/subscriptions/3e919f9a-4e26-4736-aa8d-d596d9a49239/providers/Microsoft.Peering/peerAsns/64025-Global7387\",\r\n  \"type\": \"Microsoft.Peering/peerAsns\"\r\n}",
      "StatusCode": 200
    },
    {
      "RequestUri": "/subscriptions/3e919f9a-4e26-4736-aa8d-d596d9a49239/providers/Microsoft.Peering/peerAsns?api-version=2020-04-01",
      "EncodedRequestUri": "L3N1YnNjcmlwdGlvbnMvM2U5MTlmOWEtNGUyNi00NzM2LWFhOGQtZDU5NmQ5YTQ5MjM5L3Byb3ZpZGVycy9NaWNyb3NvZnQuUGVlcmluZy9wZWVyQXNucz9hcGktdmVyc2lvbj0yMDIwLTA0LTAx",
      "RequestMethod": "GET",
      "RequestBody": "",
      "RequestHeaders": {
        "x-ms-client-request-id": [
          "fc1a7587-5923-453d-bf7e-7b0c53475ed0"
        ],
        "Accept-Language": [
          "en-US"
        ],
        "User-Agent": [
          "FxVersion/4.6.28207.03",
          "OSName/Windows",
          "OSVersion/Microsoft.Windows.10.0.18363.",
          "Microsoft.Azure.Management.Peering.PeeringManagementClient/2.1.0.0"
        ]
      },
      "ResponseHeaders": {
        "Cache-Control": [
          "no-cache"
        ],
        "Pragma": [
          "no-cache"
        ],
        "x-ms-request-id": [
          "6cefb7c0-2eb2-4973-bdba-3e88ac9bac14"
        ],
        "x-ms-ratelimit-remaining-subscription-resource-requests": [
          "58"
        ],
        "x-ms-correlation-request-id": [
          "5fbb1193-f8d1-4526-bcc9-35f3e372652b"
        ],
        "x-ms-routing-request-id": [
          "NORTHEUROPE:20200514T212319Z:5fbb1193-f8d1-4526-bcc9-35f3e372652b"
        ],
        "Strict-Transport-Security": [
          "max-age=31536000; includeSubDomains"
        ],
        "X-Content-Type-Options": [
          "nosniff"
        ],
        "Date": [
          "Thu, 14 May 2020 21:23:18 GMT"
        ],
        "Content-Length": [
          "3781"
        ],
        "Content-Type": [
          "application/json; charset=utf-8"
        ],
        "Expires": [
          "-1"
        ]
      },
      "ResponseBody": "{\r\n  \"value\": [\r\n    {\r\n      \"properties\": {\r\n        \"peerAsn\": 12302,\r\n        \"peerContactDetail\": [\r\n          {\r\n            \"role\": \"Default\",\r\n            \"email\": \"noc@contoso.com\",\r\n            \"phone\": \"888-888-8889\"\r\n          }\r\n        ],\r\n        \"peerName\": \"Contoso\",\r\n        \"validationState\": \"Approved\"\r\n      },\r\n      \"name\": \"AS12302\",\r\n      \"id\": \"/subscriptions/3e919f9a-4e26-4736-aa8d-d596d9a49239/providers/Microsoft.Peering/peerAsns/AS12302\",\r\n      \"type\": \"Microsoft.Peering/peerAsns\"\r\n    },\r\n    {\r\n      \"properties\": {\r\n        \"peerAsn\": 64537,\r\n        \"peerContactDetail\": [\r\n          {\r\n            \"role\": \"Default\",\r\n            \"email\": \"noc@contoso.com\",\r\n            \"phone\": \"888-888-8889\"\r\n          }\r\n        ],\r\n        \"peerName\": \"Contoso\",\r\n        \"validationState\": \"Approved\"\r\n      },\r\n      \"name\": \"AS64537\",\r\n      \"id\": \"/subscriptions/3e919f9a-4e26-4736-aa8d-d596d9a49239/providers/Microsoft.Peering/peerAsns/AS64537\",\r\n      \"type\": \"Microsoft.Peering/peerAsns\"\r\n    },\r\n    {\r\n      \"properties\": {\r\n        \"peerAsn\": 15169,\r\n        \"peerContactDetail\": [\r\n          {\r\n            \"role\": \"Default\",\r\n            \"email\": \"noc@contoso.com\",\r\n            \"phone\": \"888-888-8889\"\r\n          }\r\n        ],\r\n        \"peerName\": \"Google\",\r\n        \"validationState\": \"Approved\"\r\n      },\r\n      \"name\": \"AS15169\",\r\n      \"id\": \"/subscriptions/3e919f9a-4e26-4736-aa8d-d596d9a49239/providers/Microsoft.Peering/peerAsns/AS15169\",\r\n      \"type\": \"Microsoft.Peering/peerAsns\"\r\n    },\r\n    {\r\n      \"properties\": {\r\n        \"peerAsn\": 8075,\r\n        \"peerContactDetail\": [\r\n          {\r\n            \"role\": \"Default\",\r\n            \"email\": \"noc@contoso.com\",\r\n            \"phone\": \"888-888-8889\"\r\n          }\r\n        ],\r\n        \"peerName\": \"Microsoft\",\r\n        \"validationState\": \"Pending\"\r\n      },\r\n      \"name\": \"AS8075\",\r\n      \"id\": \"/subscriptions/3e919f9a-4e26-4736-aa8d-d596d9a49239/providers/Microsoft.Peering/peerAsns/AS8075\",\r\n      \"type\": \"Microsoft.Peering/peerAsns\"\r\n    },\r\n    {\r\n      \"properties\": {\r\n        \"peerAsn\": 3356,\r\n        \"peerContactDetail\": [\r\n          {\r\n            \"role\": \"Noc\",\r\n            \"email\": \"rimckenn@microsoft.com\",\r\n            \"phone\": \"2134234243\"\r\n          }\r\n        ],\r\n        \"peerName\": \"L3 LLC\",\r\n        \"validationState\": \"Approved\"\r\n      },\r\n      \"name\": \"TestCenturyLink\",\r\n      \"id\": \"/subscriptions/3e919f9a-4e26-4736-aa8d-d596d9a49239/providers/Microsoft.Peering/peerAsns/TestCenturyLink\",\r\n      \"type\": \"Microsoft.Peering/peerAsns\"\r\n    },\r\n    {\r\n      \"properties\": {\r\n        \"peerAsn\": 701,\r\n        \"peerContactDetail\": [\r\n          {\r\n            \"role\": \"Noc\",\r\n            \"email\": \"f@d.c\",\r\n            \"phone\": \"123123123\"\r\n          }\r\n        ],\r\n        \"peerName\": \"701 Network\",\r\n        \"validationState\": \"Approved\"\r\n      },\r\n      \"name\": \"legacy701\",\r\n      \"id\": \"/subscriptions/3e919f9a-4e26-4736-aa8d-d596d9a49239/providers/Microsoft.Peering/peerAsns/legacy701\",\r\n      \"type\": \"Microsoft.Peering/peerAsns\"\r\n    },\r\n    {\r\n      \"properties\": {\r\n        \"peerAsn\": 64025,\r\n        \"peerContactDetail\": [\r\n          {\r\n            \"role\": \"Noc\",\r\n            \"email\": \"ps5572@64025-Global7387.com\",\r\n            \"phone\": \"+1(888)-889-8088\"\r\n          },\r\n          {\r\n            \"role\": \"Policy\",\r\n            \"email\": \"Policy@AS64025-Global1751.com\",\r\n            \"phone\": \"+1(888)-889-8088\"\r\n          }\r\n        ],\r\n        \"peerName\": \"AS64025-Global1751\",\r\n        \"validationState\": \"Approved\"\r\n      },\r\n      \"name\": \"64025-Global7387\",\r\n      \"id\": \"/subscriptions/3e919f9a-4e26-4736-aa8d-d596d9a49239/providers/Microsoft.Peering/peerAsns/64025-Global7387\",\r\n      \"type\": \"Microsoft.Peering/peerAsns\"\r\n    }\r\n  ]\r\n}",
      "StatusCode": 200
    }
  ],
  "Names": {
    "Test-SetPeerAsn": [
      "64025-Global7387",
      "AS64025-Global1751",
      "ps5572"
    ]
  },
  "Variables": {
    "SubscriptionId": "3e919f9a-4e26-4736-aa8d-d596d9a49239"
  }
}