{
  "Entries": [
    {
      "RequestUri": "/subscriptions/3e919f9a-4e26-4736-aa8d-d596d9a49239/providers/Microsoft.Peering/peerAsns/9982-Global8634?api-version=2020-01-01-preview",
      "EncodedRequestUri": "L3N1YnNjcmlwdGlvbnMvM2U5MTlmOWEtNGUyNi00NzM2LWFhOGQtZDU5NmQ5YTQ5MjM5L3Byb3ZpZGVycy9NaWNyb3NvZnQuUGVlcmluZy9wZWVyQXNucy85OTgyLUdsb2JhbDg2MzQ/YXBpLXZlcnNpb249MjAyMC0wMS0wMS1wcmV2aWV3",
      "RequestMethod": "PUT",
      "RequestBody": "{\r\n  \"properties\": {\r\n    \"peerAsn\": 9982,\r\n    \"peerContactDetail\": [\r\n      {\r\n        \"role\": \"Noc\",\r\n        \"email\": \"Noc@AS9982-Global3101.com\",\r\n        \"phone\": \"+1(888)-889-8088\"\r\n      },\r\n      {\r\n        \"role\": \"Policy\",\r\n        \"email\": \"Policy@AS9982-Global3101.com\",\r\n        \"phone\": \"+1(888)-889-8088\"\r\n      }\r\n    ],\r\n    \"peerName\": \"AS9982-Global3101\"\r\n  }\r\n}",
      "RequestHeaders": {
        "x-ms-client-request-id": [
          "c92800ac-06c3-4c86-af2e-bd1d49ec53a5"
        ],
        "Accept-Language": [
          "en-US"
        ],
        "User-Agent": [
          "FxVersion/4.6.28619.01",
          "OSName/Windows",
          "OSVersion/Microsoft.Windows.10.0.18363.",
          "Microsoft.Azure.Management.Peering.PeeringManagementClient/2.0.0.1"
        ],
        "Content-Type": [
          "application/json; charset=utf-8"
        ],
        "Content-Length": [
          "382"
        ]
      },
      "ResponseHeaders": {
        "Cache-Control": [
          "no-cache"
        ],
        "Pragma": [
          "no-cache"
        ],
        "x-ms-request-id": [
          "bb4884cf-46ef-48ae-9b59-4caa2dd0ea86"
        ],
        "x-ms-ratelimit-remaining-subscription-resource-requests": [
          "57"
        ],
        "x-ms-correlation-request-id": [
          "9d695af6-61f7-485e-b925-ef620b9f2845"
        ],
        "x-ms-routing-request-id": [
          "NORTHEUROPE:20200421T015439Z:9d695af6-61f7-485e-b925-ef620b9f2845"
        ],
        "Strict-Transport-Security": [
          "max-age=31536000; includeSubDomains"
        ],
        "X-Content-Type-Options": [
          "nosniff"
        ],
        "Date": [
          "Tue, 21 Apr 2020 01:54:38 GMT"
        ],
        "Content-Length": [
          "605"
        ],
        "Content-Type": [
          "application/json; charset=utf-8"
        ],
        "Expires": [
          "-1"
        ]
      },
      "ResponseBody": "{\r\n  \"properties\": {\r\n    \"peerAsn\": 9982,\r\n    \"peerContactDetail\": [\r\n      {\r\n        \"role\": \"Noc\",\r\n        \"email\": \"Noc@AS9982-Global3101.com\",\r\n        \"phone\": \"+1(888)-889-8088\"\r\n      },\r\n      {\r\n        \"role\": \"Policy\",\r\n        \"email\": \"Policy@AS9982-Global3101.com\",\r\n        \"phone\": \"+1(888)-889-8088\"\r\n      }\r\n    ],\r\n    \"peerName\": \"AS9982-Global3101\",\r\n    \"validationState\": \"Pending\"\r\n  },\r\n  \"name\": \"9982-Global8634\",\r\n  \"id\": \"/subscriptions/3e919f9a-4e26-4736-aa8d-d596d9a49239/providers/Microsoft.Peering/peerAsns/9982-Global8634\",\r\n  \"type\": \"Microsoft.Peering/peerAsns\"\r\n}",
      "StatusCode": 201
    },
    {
      "RequestUri": "/subscriptions/3e919f9a-4e26-4736-aa8d-d596d9a49239/providers/Microsoft.Peering/peerAsns/9982-Global8634?api-version=2020-01-01-preview",
      "EncodedRequestUri": "L3N1YnNjcmlwdGlvbnMvM2U5MTlmOWEtNGUyNi00NzM2LWFhOGQtZDU5NmQ5YTQ5MjM5L3Byb3ZpZGVycy9NaWNyb3NvZnQuUGVlcmluZy9wZWVyQXNucy85OTgyLUdsb2JhbDg2MzQ/YXBpLXZlcnNpb249MjAyMC0wMS0wMS1wcmV2aWV3",
      "RequestMethod": "PUT",
      "RequestBody": "{\r\n  \"properties\": {\r\n    \"peerAsn\": 9982,\r\n    \"peerContactDetail\": [\r\n      {\r\n        \"role\": \"Noc\",\r\n        \"email\": \"Noc@AS9982-Global3101.com\",\r\n        \"phone\": \"+1(888)-889-8088\"\r\n      },\r\n      {\r\n        \"role\": \"Policy\",\r\n        \"email\": \"Policy@AS9982-Global3101.com\",\r\n        \"phone\": \"+1(888)-889-8088\"\r\n      }\r\n    ],\r\n    \"peerName\": \"AS9982-Global3101\",\r\n    \"validationState\": \"Approved\"\r\n  }\r\n}",
      "RequestHeaders": {
        "x-ms-client-request-id": [
          "70b45812-b44d-46f1-bd64-52072ef97f79"
        ],
        "Accept-Language": [
          "en-US"
        ],
        "User-Agent": [
          "FxVersion/4.6.28619.01",
          "OSName/Windows",
          "OSVersion/Microsoft.Windows.10.0.18363.",
          "Microsoft.Azure.Management.Peering.PeeringManagementClient/2.0.0.1"
        ],
        "Content-Type": [
          "application/json; charset=utf-8"
        ],
        "Content-Length": [
          "418"
        ]
      },
      "ResponseHeaders": {
        "Cache-Control": [
          "no-cache"
        ],
        "Pragma": [
          "no-cache"
        ],
        "x-ms-request-id": [
          "7cad1228-997b-45f0-b384-f757ff5826dd"
        ],
        "x-ms-ratelimit-remaining-subscription-resource-requests": [
          "56"
        ],
        "x-ms-correlation-request-id": [
          "7c1fcd42-65db-4664-8a36-97e40ba77ce7"
        ],
        "x-ms-routing-request-id": [
          "NORTHEUROPE:20200421T015440Z:7c1fcd42-65db-4664-8a36-97e40ba77ce7"
        ],
        "Strict-Transport-Security": [
          "max-age=31536000; includeSubDomains"
        ],
        "X-Content-Type-Options": [
          "nosniff"
        ],
        "Date": [
          "Tue, 21 Apr 2020 01:54:40 GMT"
        ],
        "Content-Length": [
          "606"
        ],
        "Content-Type": [
          "application/json; charset=utf-8"
        ],
        "Expires": [
          "-1"
        ]
      },
      "ResponseBody": "{\r\n  \"properties\": {\r\n    \"peerAsn\": 9982,\r\n    \"peerContactDetail\": [\r\n      {\r\n        \"role\": \"Noc\",\r\n        \"email\": \"Noc@AS9982-Global3101.com\",\r\n        \"phone\": \"+1(888)-889-8088\"\r\n      },\r\n      {\r\n        \"role\": \"Policy\",\r\n        \"email\": \"Policy@AS9982-Global3101.com\",\r\n        \"phone\": \"+1(888)-889-8088\"\r\n      }\r\n    ],\r\n    \"peerName\": \"AS9982-Global3101\",\r\n    \"validationState\": \"Approved\"\r\n  },\r\n  \"name\": \"9982-Global8634\",\r\n  \"id\": \"/subscriptions/3e919f9a-4e26-4736-aa8d-d596d9a49239/providers/Microsoft.Peering/peerAsns/9982-Global8634\",\r\n  \"type\": \"Microsoft.Peering/peerAsns\"\r\n}",
      "StatusCode": 200
    },
    {
      "RequestUri": "/subscriptions/3e919f9a-4e26-4736-aa8d-d596d9a49239/providers/Microsoft.Peering/peerAsns/9982-Global8634?api-version=2020-01-01-preview",
      "EncodedRequestUri": "L3N1YnNjcmlwdGlvbnMvM2U5MTlmOWEtNGUyNi00NzM2LWFhOGQtZDU5NmQ5YTQ5MjM5L3Byb3ZpZGVycy9NaWNyb3NvZnQuUGVlcmluZy9wZWVyQXNucy85OTgyLUdsb2JhbDg2MzQ/YXBpLXZlcnNpb249MjAyMC0wMS0wMS1wcmV2aWV3",
      "RequestMethod": "GET",
      "RequestBody": "",
      "RequestHeaders": {
        "x-ms-client-request-id": [
          "882abf6e-ee31-4160-8a8c-7770268ca93a"
        ],
        "Accept-Language": [
          "en-US"
        ],
        "User-Agent": [
          "FxVersion/4.6.28619.01",
          "OSName/Windows",
          "OSVersion/Microsoft.Windows.10.0.18363.",
          "Microsoft.Azure.Management.Peering.PeeringManagementClient/2.0.0.1"
        ]
      },
      "ResponseHeaders": {
        "Cache-Control": [
          "no-cache"
        ],
        "Pragma": [
          "no-cache"
        ],
        "x-ms-request-id": [
          "8048396d-87d3-4aa4-b655-0ed801e66f24"
        ],
        "x-ms-ratelimit-remaining-subscription-resource-requests": [
          "59"
        ],
        "x-ms-correlation-request-id": [
          "e382765f-f920-4039-a930-3fe3847ea3d9"
        ],
        "x-ms-routing-request-id": [
          "NORTHEUROPE:20200421T015443Z:e382765f-f920-4039-a930-3fe3847ea3d9"
        ],
        "Strict-Transport-Security": [
          "max-age=31536000; includeSubDomains"
        ],
        "X-Content-Type-Options": [
          "nosniff"
        ],
        "Date": [
          "Tue, 21 Apr 2020 01:54:43 GMT"
        ],
        "Content-Length": [
          "606"
        ],
        "Content-Type": [
          "application/json; charset=utf-8"
        ],
        "Expires": [
          "-1"
        ]
      },
      "ResponseBody": "{\r\n  \"properties\": {\r\n    \"peerAsn\": 9982,\r\n    \"peerContactDetail\": [\r\n      {\r\n        \"role\": \"Noc\",\r\n        \"email\": \"Noc@AS9982-Global3101.com\",\r\n        \"phone\": \"+1(888)-889-8088\"\r\n      },\r\n      {\r\n        \"role\": \"Policy\",\r\n        \"email\": \"Policy@AS9982-Global3101.com\",\r\n        \"phone\": \"+1(888)-889-8088\"\r\n      }\r\n    ],\r\n    \"peerName\": \"AS9982-Global3101\",\r\n    \"validationState\": \"Approved\"\r\n  },\r\n  \"name\": \"9982-Global8634\",\r\n  \"id\": \"/subscriptions/3e919f9a-4e26-4736-aa8d-d596d9a49239/providers/Microsoft.Peering/peerAsns/9982-Global8634\",\r\n  \"type\": \"Microsoft.Peering/peerAsns\"\r\n}",
      "StatusCode": 200
    },
    {
      "RequestUri": "/subscriptions/3e919f9a-4e26-4736-aa8d-d596d9a49239/providers/Microsoft.Peering/peerAsns/9982-Global8634?api-version=2020-01-01-preview",
      "EncodedRequestUri": "L3N1YnNjcmlwdGlvbnMvM2U5MTlmOWEtNGUyNi00NzM2LWFhOGQtZDU5NmQ5YTQ5MjM5L3Byb3ZpZGVycy9NaWNyb3NvZnQuUGVlcmluZy9wZWVyQXNucy85OTgyLUdsb2JhbDg2MzQ/YXBpLXZlcnNpb249MjAyMC0wMS0wMS1wcmV2aWV3",
      "RequestMethod": "GET",
      "RequestBody": "",
      "RequestHeaders": {
        "x-ms-client-request-id": [
          "c221c3c0-aca8-469d-8bd9-e9c3ae7051e3"
        ],
        "Accept-Language": [
          "en-US"
        ],
        "User-Agent": [
          "FxVersion/4.6.28619.01",
          "OSName/Windows",
          "OSVersion/Microsoft.Windows.10.0.18363.",
          "Microsoft.Azure.Management.Peering.PeeringManagementClient/2.0.0.1"
        ]
      },
      "ResponseHeaders": {
        "Cache-Control": [
          "no-cache"
        ],
        "Pragma": [
          "no-cache"
        ],
        "x-ms-request-id": [
          "baa1be91-aa3a-454a-84cb-5e17c8c6698b"
        ],
        "x-ms-ratelimit-remaining-subscription-resource-requests": [
          "58"
        ],
        "x-ms-correlation-request-id": [
          "22010b99-965e-445a-aa54-e52f08b8cd9c"
        ],
        "x-ms-routing-request-id": [
          "NORTHEUROPE:20200421T015443Z:22010b99-965e-445a-aa54-e52f08b8cd9c"
        ],
        "Strict-Transport-Security": [
          "max-age=31536000; includeSubDomains"
        ],
        "X-Content-Type-Options": [
          "nosniff"
        ],
        "Date": [
          "Tue, 21 Apr 2020 01:54:43 GMT"
        ],
        "Content-Length": [
          "68"
        ],
        "Content-Type": [
          "application/json; charset=utf-8"
        ],
        "Expires": [
          "-1"
        ]
      },
      "ResponseBody": "{\r\n  \"code\": \"NotFound\",\r\n  \"message\": \"Resource does not exist.\"\r\n}",
      "StatusCode": 404
    },
    {
      "RequestUri": "/subscriptions/3e919f9a-4e26-4736-aa8d-d596d9a49239/providers/Microsoft.Peering/peerAsns/9982-Global8634?api-version=2020-01-01-preview",
      "EncodedRequestUri": "L3N1YnNjcmlwdGlvbnMvM2U5MTlmOWEtNGUyNi00NzM2LWFhOGQtZDU5NmQ5YTQ5MjM5L3Byb3ZpZGVycy9NaWNyb3NvZnQuUGVlcmluZy9wZWVyQXNucy85OTgyLUdsb2JhbDg2MzQ/YXBpLXZlcnNpb249MjAyMC0wMS0wMS1wcmV2aWV3",
      "RequestMethod": "DELETE",
      "RequestBody": "",
      "RequestHeaders": {
        "x-ms-client-request-id": [
          "f00598a6-e035-4bbf-bf21-26da075706ba"
        ],
        "Accept-Language": [
          "en-US"
        ],
        "User-Agent": [
          "FxVersion/4.6.28619.01",
          "OSName/Windows",
          "OSVersion/Microsoft.Windows.10.0.18363.",
          "Microsoft.Azure.Management.Peering.PeeringManagementClient/2.0.0.1"
        ]
      },
      "ResponseHeaders": {
        "Cache-Control": [
          "no-cache"
        ],
        "Pragma": [
          "no-cache"
        ],
        "x-ms-request-id": [
          "19412279-a92d-46f9-bacf-532cf51328d3"
        ],
        "x-ms-ratelimit-remaining-subscription-deletes": [
          "14997"
        ],
        "x-ms-correlation-request-id": [
          "35b73892-ea2c-45f1-9ad6-0217272ca5a1"
        ],
        "x-ms-routing-request-id": [
          "NORTHEUROPE:20200421T015443Z:35b73892-ea2c-45f1-9ad6-0217272ca5a1"
        ],
        "Strict-Transport-Security": [
          "max-age=31536000; includeSubDomains"
        ],
        "X-Content-Type-Options": [
          "nosniff"
        ],
        "Date": [
          "Tue, 21 Apr 2020 01:54:43 GMT"
        ],
        "Expires": [
          "-1"
        ],
        "Content-Length": [
          "0"
        ]
      },
      "ResponseBody": "",
      "StatusCode": 200
    }
  ],
  "Names": {
    "Test-RemovePeerAsn": [
      "9982-Global8634",
      "AS9982-Global3101"
    ]
  },
  "Variables": {
    "SubscriptionId": "3e919f9a-4e26-4736-aa8d-d596d9a49239"
  }
}