{
  "Entries": [
    {
      "RequestUri": "/subscriptions/3e919f9a-4e26-4736-aa8d-d596d9a49239/providers/Microsoft.Peering/peerAsns/60944-Global2933?api-version=2020-10-01",
      "EncodedRequestUri": "L3N1YnNjcmlwdGlvbnMvM2U5MTlmOWEtNGUyNi00NzM2LWFhOGQtZDU5NmQ5YTQ5MjM5L3Byb3ZpZGVycy9NaWNyb3NvZnQuUGVlcmluZy9wZWVyQXNucy82MDk0NC1HbG9iYWwyOTMzP2FwaS12ZXJzaW9uPTIwMjAtMTAtMDE=",
      "RequestMethod": "PUT",
      "RequestBody": "{\r\n  \"properties\": {\r\n    \"peerAsn\": 60944,\r\n    \"peerContactDetail\": [\r\n      {\r\n        \"role\": \"Noc\",\r\n        \"email\": \"Noc@AS60944-Global1316.com\",\r\n        \"phone\": \"+1(888)-889-8088\"\r\n      },\r\n      {\r\n        \"role\": \"Policy\",\r\n        \"email\": \"Policy@AS60944-Global1316.com\",\r\n        \"phone\": \"+1(888)-889-8088\"\r\n      }\r\n    ],\r\n    \"peerName\": \"AS60944-Global1316\"\r\n  }\r\n}",
      "RequestHeaders": {
        "x-ms-client-request-id": [
          "018eb721-1eaf-4efc-ab94-d26a4df00279"
        ],
        "Accept-Language": [
          "en-US"
        ],
        "User-Agent": [
          "FxVersion/4.6.29812.02",
          "OSName/Windows",
          "OSVersion/Microsoft.Windows.10.0.19042.",
          "Microsoft.Azure.Management.Peering.PeeringManagementClient/2.1.1.0"
        ],
        "Content-Type": [
          "application/json; charset=utf-8"
        ],
        "Content-Length": [
          "386"
        ]
      },
      "ResponseHeaders": {
        "Cache-Control": [
          "no-cache"
        ],
        "Pragma": [
          "no-cache"
        ],
        "x-ms-request-id": [
          "0b432399-e5b1-444b-b31f-050b802d0020"
        ],
        "x-ms-ratelimit-remaining-subscription-resource-requests": [
          "57"
        ],
        "x-ms-correlation-request-id": [
          "2f7d6a26-87b7-4fcd-9f37-212e4697c9b5"
        ],
        "x-ms-routing-request-id": [
          "NORTHEUROPE:20210409T081658Z:2f7d6a26-87b7-4fcd-9f37-212e4697c9b5"
        ],
        "Strict-Transport-Security": [
          "max-age=31536000; includeSubDomains"
        ],
        "X-Content-Type-Options": [
          "nosniff"
        ],
        "Date": [
          "Fri, 09 Apr 2021 08:16:58 GMT"
        ],
        "Content-Length": [
          "612"
        ],
        "Content-Type": [
          "application/json; charset=utf-8"
        ],
        "Expires": [
          "-1"
        ]
      },
      "ResponseBody": "{\r\n  \"properties\": {\r\n    \"peerAsn\": 60944,\r\n    \"peerContactDetail\": [\r\n      {\r\n        \"role\": \"Noc\",\r\n        \"email\": \"Noc@AS60944-Global1316.com\",\r\n        \"phone\": \"+1(888)-889-8088\"\r\n      },\r\n      {\r\n        \"role\": \"Policy\",\r\n        \"email\": \"Policy@AS60944-Global1316.com\",\r\n        \"phone\": \"+1(888)-889-8088\"\r\n      }\r\n    ],\r\n    \"peerName\": \"AS60944-Global1316\",\r\n    \"validationState\": \"Approved\"\r\n  },\r\n  \"name\": \"60944-Global2933\",\r\n  \"id\": \"/subscriptions/3e919f9a-4e26-4736-aa8d-d596d9a49239/providers/Microsoft.Peering/peerAsns/60944-Global2933\",\r\n  \"type\": \"Microsoft.Peering/peerAsns\"\r\n}",
      "StatusCode": 201
    },
    {
      "RequestUri": "/subscriptions/3e919f9a-4e26-4736-aa8d-d596d9a49239/providers/Microsoft.Peering/peerAsns/60944-Global2933?api-version=2020-10-01",
      "EncodedRequestUri": "L3N1YnNjcmlwdGlvbnMvM2U5MTlmOWEtNGUyNi00NzM2LWFhOGQtZDU5NmQ5YTQ5MjM5L3Byb3ZpZGVycy9NaWNyb3NvZnQuUGVlcmluZy9wZWVyQXNucy82MDk0NC1HbG9iYWwyOTMzP2FwaS12ZXJzaW9uPTIwMjAtMTAtMDE=",
      "RequestMethod": "PUT",
      "RequestBody": "{\r\n  \"properties\": {\r\n    \"peerAsn\": 60944,\r\n    \"peerContactDetail\": [\r\n      {\r\n        \"role\": \"Noc\",\r\n        \"email\": \"Noc@AS60944-Global1316.com\",\r\n        \"phone\": \"+1(888)-889-8088\"\r\n      },\r\n      {\r\n        \"role\": \"Policy\",\r\n        \"email\": \"Policy@AS60944-Global1316.com\",\r\n        \"phone\": \"+1(888)-889-8088\"\r\n      }\r\n    ],\r\n    \"peerName\": \"AS60944-Global1316\",\r\n    \"validationState\": \"Approved\"\r\n  }\r\n}",
      "RequestHeaders": {
        "x-ms-client-request-id": [
          "eb965986-b34f-4ae5-b57d-3e6e1fd2f3d6"
        ],
        "Accept-Language": [
          "en-US"
        ],
        "User-Agent": [
          "FxVersion/4.6.29812.02",
          "OSName/Windows",
          "OSVersion/Microsoft.Windows.10.0.19042.",
          "Microsoft.Azure.Management.Peering.PeeringManagementClient/2.1.1.0"
        ],
        "Content-Type": [
          "application/json; charset=utf-8"
        ],
        "Content-Length": [
          "422"
        ]
      },
      "ResponseHeaders": {
        "Cache-Control": [
          "no-cache"
        ],
        "Pragma": [
          "no-cache"
        ],
        "x-ms-request-id": [
          "0f14858c-6a7a-4e1c-a664-438adbc975f3"
        ],
        "x-ms-ratelimit-remaining-subscription-resource-requests": [
          "56"
        ],
        "x-ms-correlation-request-id": [
          "27b25c52-7a34-4748-b574-5990db697a7c"
        ],
        "x-ms-routing-request-id": [
          "NORTHEUROPE:20210409T081659Z:27b25c52-7a34-4748-b574-5990db697a7c"
        ],
        "Strict-Transport-Security": [
          "max-age=31536000; includeSubDomains"
        ],
        "X-Content-Type-Options": [
          "nosniff"
        ],
        "Date": [
          "Fri, 09 Apr 2021 08:16:59 GMT"
        ],
        "Content-Length": [
          "612"
        ],
        "Content-Type": [
          "application/json; charset=utf-8"
        ],
        "Expires": [
          "-1"
        ]
      },
      "ResponseBody": "{\r\n  \"properties\": {\r\n    \"peerAsn\": 60944,\r\n    \"peerContactDetail\": [\r\n      {\r\n        \"role\": \"Noc\",\r\n        \"email\": \"Noc@AS60944-Global1316.com\",\r\n        \"phone\": \"+1(888)-889-8088\"\r\n      },\r\n      {\r\n        \"role\": \"Policy\",\r\n        \"email\": \"Policy@AS60944-Global1316.com\",\r\n        \"phone\": \"+1(888)-889-8088\"\r\n      }\r\n    ],\r\n    \"peerName\": \"AS60944-Global1316\",\r\n    \"validationState\": \"Approved\"\r\n  },\r\n  \"name\": \"60944-Global2933\",\r\n  \"id\": \"/subscriptions/3e919f9a-4e26-4736-aa8d-d596d9a49239/providers/Microsoft.Peering/peerAsns/60944-Global2933\",\r\n  \"type\": \"Microsoft.Peering/peerAsns\"\r\n}",
      "StatusCode": 200
    },
    {
      "RequestUri": "/subscriptions/3e919f9a-4e26-4736-aa8d-d596d9a49239/providers/Microsoft.Peering/peerAsns/60944-Global2933?api-version=2020-10-01",
      "EncodedRequestUri": "L3N1YnNjcmlwdGlvbnMvM2U5MTlmOWEtNGUyNi00NzM2LWFhOGQtZDU5NmQ5YTQ5MjM5L3Byb3ZpZGVycy9NaWNyb3NvZnQuUGVlcmluZy9wZWVyQXNucy82MDk0NC1HbG9iYWwyOTMzP2FwaS12ZXJzaW9uPTIwMjAtMTAtMDE=",
      "RequestMethod": "PUT",
      "RequestBody": "{\r\n  \"properties\": {\r\n    \"peerAsn\": 60944,\r\n    \"peerContactDetail\": [\r\n      {\r\n        \"role\": \"Noc\",\r\n        \"email\": \"ps1934@60944-Global2933.com\",\r\n        \"phone\": \"+1(888)-889-8088\"\r\n      },\r\n      {\r\n        \"role\": \"Policy\",\r\n        \"email\": \"Policy@AS60944-Global1316.com\",\r\n        \"phone\": \"+1(888)-889-8088\"\r\n      }\r\n    ],\r\n    \"peerName\": \"AS60944-Global1316\",\r\n    \"validationState\": \"Approved\"\r\n  }\r\n}",
      "RequestHeaders": {
        "x-ms-client-request-id": [
          "ae9837ae-1ce0-4cf3-8f11-9a882cb9a88c"
        ],
        "Accept-Language": [
          "en-US"
        ],
        "User-Agent": [
          "FxVersion/4.6.29812.02",
          "OSName/Windows",
          "OSVersion/Microsoft.Windows.10.0.19042.",
          "Microsoft.Azure.Management.Peering.PeeringManagementClient/2.1.1.0"
        ],
        "Content-Type": [
          "application/json; charset=utf-8"
        ],
        "Content-Length": [
          "423"
        ]
      },
      "ResponseHeaders": {
        "Cache-Control": [
          "no-cache"
        ],
        "Pragma": [
          "no-cache"
        ],
        "x-ms-request-id": [
          "be251661-e8f4-4d98-a4fd-a2b2ce78e78c"
        ],
        "x-ms-ratelimit-remaining-subscription-resource-requests": [
          "55"
        ],
        "x-ms-correlation-request-id": [
          "1c9704fc-57bf-4601-a633-aefe53fe4340"
        ],
        "x-ms-routing-request-id": [
          "NORTHEUROPE:20210409T081702Z:1c9704fc-57bf-4601-a633-aefe53fe4340"
        ],
        "Strict-Transport-Security": [
          "max-age=31536000; includeSubDomains"
        ],
        "X-Content-Type-Options": [
          "nosniff"
        ],
        "Date": [
          "Fri, 09 Apr 2021 08:17:02 GMT"
        ],
        "Content-Length": [
          "613"
        ],
        "Content-Type": [
          "application/json; charset=utf-8"
        ],
        "Expires": [
          "-1"
        ]
      },
      "ResponseBody": "{\r\n  \"properties\": {\r\n    \"peerAsn\": 60944,\r\n    \"peerContactDetail\": [\r\n      {\r\n        \"role\": \"Noc\",\r\n        \"email\": \"ps1934@60944-Global2933.com\",\r\n        \"phone\": \"+1(888)-889-8088\"\r\n      },\r\n      {\r\n        \"role\": \"Policy\",\r\n        \"email\": \"Policy@AS60944-Global1316.com\",\r\n        \"phone\": \"+1(888)-889-8088\"\r\n      }\r\n    ],\r\n    \"peerName\": \"AS60944-Global1316\",\r\n    \"validationState\": \"Approved\"\r\n  },\r\n  \"name\": \"60944-Global2933\",\r\n  \"id\": \"/subscriptions/3e919f9a-4e26-4736-aa8d-d596d9a49239/providers/Microsoft.Peering/peerAsns/60944-Global2933\",\r\n  \"type\": \"Microsoft.Peering/peerAsns\"\r\n}",
      "StatusCode": 200
    },
    {
      "RequestUri": "/subscriptions/3e919f9a-4e26-4736-aa8d-d596d9a49239/providers/Microsoft.Peering/peerAsns/60944-Global2933?api-version=2020-10-01",
      "EncodedRequestUri": "L3N1YnNjcmlwdGlvbnMvM2U5MTlmOWEtNGUyNi00NzM2LWFhOGQtZDU5NmQ5YTQ5MjM5L3Byb3ZpZGVycy9NaWNyb3NvZnQuUGVlcmluZy9wZWVyQXNucy82MDk0NC1HbG9iYWwyOTMzP2FwaS12ZXJzaW9uPTIwMjAtMTAtMDE=",
      "RequestMethod": "GET",
      "RequestBody": "",
      "RequestHeaders": {
        "x-ms-client-request-id": [
          "f3064671-dbc0-41af-8739-7828076e57a5"
        ],
        "Accept-Language": [
          "en-US"
        ],
        "User-Agent": [
          "FxVersion/4.6.29812.02",
          "OSName/Windows",
          "OSVersion/Microsoft.Windows.10.0.19042.",
          "Microsoft.Azure.Management.Peering.PeeringManagementClient/2.1.1.0"
        ]
      },
      "ResponseHeaders": {
        "Cache-Control": [
          "no-cache"
        ],
        "Pragma": [
          "no-cache"
        ],
        "x-ms-request-id": [
          "cb7addfa-ec06-4d5e-8d8b-c95e9072706c"
        ],
        "x-ms-ratelimit-remaining-subscription-resource-requests": [
          "58"
        ],
        "x-ms-correlation-request-id": [
          "8d01ebf5-ce3a-4009-90a5-6994a75907b9"
        ],
        "x-ms-routing-request-id": [
          "NORTHEUROPE:20210409T081702Z:8d01ebf5-ce3a-4009-90a5-6994a75907b9"
        ],
        "Strict-Transport-Security": [
          "max-age=31536000; includeSubDomains"
        ],
        "X-Content-Type-Options": [
          "nosniff"
        ],
        "Date": [
          "Fri, 09 Apr 2021 08:17:02 GMT"
        ],
        "Content-Length": [
          "612"
        ],
        "Content-Type": [
          "application/json; charset=utf-8"
        ],
        "Expires": [
          "-1"
        ]
      },
      "ResponseBody": "{\r\n  \"properties\": {\r\n    \"peerAsn\": 60944,\r\n    \"peerContactDetail\": [\r\n      {\r\n        \"role\": \"Noc\",\r\n        \"email\": \"Noc@AS60944-Global1316.com\",\r\n        \"phone\": \"+1(888)-889-8088\"\r\n      },\r\n      {\r\n        \"role\": \"Policy\",\r\n        \"email\": \"Policy@AS60944-Global1316.com\",\r\n        \"phone\": \"+1(888)-889-8088\"\r\n      }\r\n    ],\r\n    \"peerName\": \"AS60944-Global1316\",\r\n    \"validationState\": \"Approved\"\r\n  },\r\n  \"name\": \"60944-Global2933\",\r\n  \"id\": \"/subscriptions/3e919f9a-4e26-4736-aa8d-d596d9a49239/providers/Microsoft.Peering/peerAsns/60944-Global2933\",\r\n  \"type\": \"Microsoft.Peering/peerAsns\"\r\n}",
      "StatusCode": 200
    },
    {
      "RequestUri": "/subscriptions/3e919f9a-4e26-4736-aa8d-d596d9a49239/providers/Microsoft.Peering/peerAsns?api-version=2020-10-01",
      "EncodedRequestUri": "L3N1YnNjcmlwdGlvbnMvM2U5MTlmOWEtNGUyNi00NzM2LWFhOGQtZDU5NmQ5YTQ5MjM5L3Byb3ZpZGVycy9NaWNyb3NvZnQuUGVlcmluZy9wZWVyQXNucz9hcGktdmVyc2lvbj0yMDIwLTEwLTAx",
      "RequestMethod": "GET",
      "RequestBody": "",
      "RequestHeaders": {
        "x-ms-client-request-id": [
          "afd9cb92-0d98-47c2-8604-3c2b9fbb967a"
        ],
        "Accept-Language": [
          "en-US"
        ],
        "User-Agent": [
          "FxVersion/4.6.29812.02",
          "OSName/Windows",
          "OSVersion/Microsoft.Windows.10.0.19042.",
          "Microsoft.Azure.Management.Peering.PeeringManagementClient/2.1.1.0"
        ]
      },
      "ResponseHeaders": {
        "Cache-Control": [
          "no-cache"
        ],
        "Pragma": [
          "no-cache"
        ],
        "x-ms-request-id": [
          "cab92cee-adca-4a27-a41b-f6934656f57f"
        ],
        "x-ms-ratelimit-remaining-subscription-resource-requests": [
          "57"
        ],
        "x-ms-correlation-request-id": [
          "03ce45ba-e0e8-445f-9f05-e3f0a7a982d0"
        ],
        "x-ms-routing-request-id": [
          "NORTHEUROPE:20210409T081703Z:03ce45ba-e0e8-445f-9f05-e3f0a7a982d0"
        ],
        "Strict-Transport-Security": [
          "max-age=31536000; includeSubDomains"
        ],
        "X-Content-Type-Options": [
          "nosniff"
        ],
        "Date": [
          "Fri, 09 Apr 2021 08:17:02 GMT"
        ],
        "Content-Length": [
          "6829"
        ],
        "Content-Type": [
          "application/json; charset=utf-8"
        ],
        "Expires": [
          "-1"
        ]
      },
      "ResponseBody": "{\r\n  \"value\": [\r\n    {\r\n      \"properties\": {\r\n        \"peerAsn\": 12302,\r\n        \"peerContactDetail\": [\r\n          {\r\n            \"role\": \"Default\",\r\n            \"email\": \"noc@contoso.com\",\r\n            \"phone\": \"888-888-8889\"\r\n          }\r\n        ],\r\n        \"peerName\": \"Contoso\",\r\n        \"validationState\": \"Approved\"\r\n      },\r\n      \"name\": \"AS12302\",\r\n      \"id\": \"/subscriptions/3e919f9a-4e26-4736-aa8d-d596d9a49239/providers/Microsoft.Peering/peerAsns/AS12302\",\r\n      \"type\": \"Microsoft.Peering/peerAsns\"\r\n    },\r\n    {\r\n      \"properties\": {\r\n        \"peerAsn\": 64537,\r\n        \"peerContactDetail\": [\r\n          {\r\n            \"role\": \"Default\",\r\n            \"email\": \"noc@contoso.com\",\r\n            \"phone\": \"888-888-8889\"\r\n          }\r\n        ],\r\n        \"peerName\": \"Contoso\",\r\n        \"validationState\": \"Approved\"\r\n      },\r\n      \"name\": \"AS64537\",\r\n      \"id\": \"/subscriptions/3e919f9a-4e26-4736-aa8d-d596d9a49239/providers/Microsoft.Peering/peerAsns/AS64537\",\r\n      \"type\": \"Microsoft.Peering/peerAsns\"\r\n    },\r\n    {\r\n      \"properties\": {\r\n        \"peerAsn\": 15169,\r\n        \"peerContactDetail\": [\r\n          {\r\n            \"role\": \"Default\",\r\n            \"email\": \"noc@contoso.com\",\r\n            \"phone\": \"888-888-8889\"\r\n          }\r\n        ],\r\n        \"peerName\": \"Google\",\r\n        \"validationState\": \"Approved\"\r\n      },\r\n      \"name\": \"AS15169\",\r\n      \"id\": \"/subscriptions/3e919f9a-4e26-4736-aa8d-d596d9a49239/providers/Microsoft.Peering/peerAsns/AS15169\",\r\n      \"type\": \"Microsoft.Peering/peerAsns\"\r\n    },\r\n    {\r\n      \"properties\": {\r\n        \"peerAsn\": 8075,\r\n        \"peerContactDetail\": [\r\n          {\r\n            \"role\": \"Default\",\r\n            \"email\": \"noc@contoso.com\",\r\n            \"phone\": \"888-888-8889\"\r\n          }\r\n        ],\r\n        \"peerName\": \"Microsoft\",\r\n        \"validationState\": \"Pending\"\r\n      },\r\n      \"name\": \"AS8075\",\r\n      \"id\": \"/subscriptions/3e919f9a-4e26-4736-aa8d-d596d9a49239/providers/Microsoft.Peering/peerAsns/AS8075\",\r\n      \"type\": \"Microsoft.Peering/peerAsns\"\r\n    },\r\n    {\r\n      \"properties\": {\r\n        \"peerAsn\": 3356,\r\n        \"peerContactDetail\": [\r\n          {\r\n            \"role\": \"Noc\",\r\n            \"email\": \"f@d.c\",\r\n            \"phone\": \"123123123\"\r\n          }\r\n        ],\r\n        \"peerName\": \"CenturyLink\",\r\n        \"validationState\": \"Approved\"\r\n      },\r\n      \"name\": \"AS3356\",\r\n      \"id\": \"/subscriptions/3e919f9a-4e26-4736-aa8d-d596d9a49239/providers/Microsoft.Peering/peerAsns/AS3356\",\r\n      \"type\": \"Microsoft.Peering/peerAsns\"\r\n    },\r\n    {\r\n      \"properties\": {\r\n        \"peerAsn\": 701,\r\n        \"peerContactDetail\": [\r\n          {\r\n            \"role\": \"Noc\",\r\n            \"email\": \"f@d.c\",\r\n            \"phone\": \"123123123\"\r\n          }\r\n        ],\r\n        \"peerName\": \"Verizon\",\r\n        \"validationState\": \"Approved\"\r\n      },\r\n      \"name\": \"AS701\",\r\n      \"id\": \"/subscriptions/3e919f9a-4e26-4736-aa8d-d596d9a49239/providers/Microsoft.Peering/peerAsns/AS701\",\r\n      \"type\": \"Microsoft.Peering/peerAsns\"\r\n    },\r\n    {\r\n      \"properties\": {\r\n        \"peerAsn\": 58969,\r\n        \"peerContactDetail\": [\r\n          {\r\n            \"role\": \"Noc\",\r\n            \"email\": \"nocadmin@keralavisionisp.com\",\r\n            \"phone\": \"8086897055\"\r\n          }\r\n        ],\r\n        \"peerName\": \"Kerala Vision Broadband\",\r\n        \"validationState\": \"Approved\"\r\n      },\r\n      \"name\": \"AS58969\",\r\n      \"id\": \"/subscriptions/3e919f9a-4e26-4736-aa8d-d596d9a49239/providers/Microsoft.Peering/peerAsns/AS58969\",\r\n      \"type\": \"Microsoft.Peering/peerAsns\"\r\n    },\r\n    {\r\n      \"properties\": {\r\n        \"peerAsn\": 15133,\r\n        \"peerContactDetail\": [\r\n          {\r\n            \"role\": \"Noc\",\r\n            \"email\": \"prsanapa@microsoft.com\",\r\n            \"phone\": \"1234567890\"\r\n          }\r\n        ],\r\n        \"peerName\": \"Verizon\",\r\n        \"validationState\": \"Approved\"\r\n      },\r\n      \"name\": \"TestVerizon\",\r\n      \"id\": \"/subscriptions/3e919f9a-4e26-4736-aa8d-d596d9a49239/providers/Microsoft.Peering/peerAsns/TestVerizon\",\r\n      \"type\": \"Microsoft.Peering/peerAsns\"\r\n    },\r\n    {\r\n      \"properties\": {\r\n        \"peerAsn\": 3,\r\n        \"peerContactDetail\": [\r\n          {\r\n            \"role\": \"Noc\",\r\n            \"email\": \"network@mit.edu\",\r\n            \"phone\": \"\"\r\n          }\r\n        ],\r\n        \"peerName\": \"Microsoft\",\r\n        \"validationState\": \"Approved\"\r\n      },\r\n      \"name\": \"AS3\",\r\n      \"id\": \"/subscriptions/3e919f9a-4e26-4736-aa8d-d596d9a49239/providers/Microsoft.Peering/peerAsns/AS3\",\r\n      \"type\": \"Microsoft.Peering/peerAsns\"\r\n    },\r\n    {\r\n      \"properties\": {\r\n        \"peerAsn\": 101,\r\n        \"peerContactDetail\": [\r\n          {\r\n            \"role\": \"Noc\",\r\n            \"email\": \"noc@pnw-gigapop.net\",\r\n            \"phone\": \"+18889345580\"\r\n          }\r\n        ],\r\n        \"peerName\": \"Pacific Northwest Gigapop\",\r\n        \"validationState\": \"Approved\"\r\n      },\r\n      \"name\": \"AS101\",\r\n      \"id\": \"/subscriptions/3e919f9a-4e26-4736-aa8d-d596d9a49239/providers/Microsoft.Peering/peerAsns/AS101\",\r\n      \"type\": \"Microsoft.Peering/peerAsns\"\r\n    },\r\n    {\r\n      \"properties\": {\r\n        \"peerAsn\": 6762,\r\n        \"peerContactDetail\": [\r\n          {\r\n            \"role\": \"Noc\",\r\n            \"email\": \"network.noc@tisparkle.com\",\r\n            \"phone\": \"+390652744444\"\r\n          }\r\n        ],\r\n        \"peerName\": \"Telecom Italia Sparkle\",\r\n        \"validationState\": \"Approved\"\r\n      },\r\n      \"name\": \"AS6762\",\r\n      \"id\": \"/subscriptions/3e919f9a-4e26-4736-aa8d-d596d9a49239/providers/Microsoft.Peering/peerAsns/AS6762\",\r\n      \"type\": \"Microsoft.Peering/peerAsns\"\r\n    },\r\n    {\r\n      \"properties\": {\r\n        \"peerAsn\": 9116,\r\n        \"peerContactDetail\": [\r\n          {\r\n            \"role\": \"Noc\",\r\n            \"email\": \"noc@012.net\",\r\n            \"phone\": \"+972722003890\"\r\n          }\r\n        ],\r\n        \"peerName\": \"012 Smile Telecom\",\r\n        \"validationState\": \"Approved\"\r\n      },\r\n      \"name\": \"AS9116\",\r\n      \"id\": \"/subscriptions/3e919f9a-4e26-4736-aa8d-d596d9a49239/providers/Microsoft.Peering/peerAsns/AS9116\",\r\n      \"type\": \"Microsoft.Peering/peerAsns\"\r\n    },\r\n    {\r\n      \"properties\": {\r\n        \"peerAsn\": 60944,\r\n        \"peerContactDetail\": [\r\n          {\r\n            \"role\": \"Noc\",\r\n            \"email\": \"ps1934@60944-Global2933.com\",\r\n            \"phone\": \"+1(888)-889-8088\"\r\n          },\r\n          {\r\n            \"role\": \"Policy\",\r\n            \"email\": \"Policy@AS60944-Global1316.com\",\r\n            \"phone\": \"+1(888)-889-8088\"\r\n          }\r\n        ],\r\n        \"peerName\": \"AS60944-Global1316\",\r\n        \"validationState\": \"Approved\"\r\n      },\r\n      \"name\": \"60944-Global2933\",\r\n      \"id\": \"/subscriptions/3e919f9a-4e26-4736-aa8d-d596d9a49239/providers/Microsoft.Peering/peerAsns/60944-Global2933\",\r\n      \"type\": \"Microsoft.Peering/peerAsns\"\r\n    }\r\n  ]\r\n}",
      "StatusCode": 200
    }
  ],
  "Names": {
    "Test-SetPeerAsn": [
      "60944-Global2933",
      "AS60944-Global1316",
      "ps1934"
    ]
  },
  "Variables": {
    "SubscriptionId": "3e919f9a-4e26-4736-aa8d-d596d9a49239"
  }
}