{
  "Entries": [
    {
      "RequestUri": "/providers/Microsoft.Management/managementGroups/ps1810?api-version=2018-03-01-preview",
      "EncodedRequestUri": "L3Byb3ZpZGVycy9NaWNyb3NvZnQuTWFuYWdlbWVudC9tYW5hZ2VtZW50R3JvdXBzL3BzMTgxMD9hcGktdmVyc2lvbj0yMDE4LTAzLTAxLXByZXZpZXc=",
      "RequestMethod": "PUT",
      "RequestBody": "{\r\n  \"name\": \"ps1810\",\r\n  \"properties\": {\r\n    \"details\": {\r\n      \"parent\": {\r\n        \"id\": \"/providers/Microsoft.Management/managementGroups/AzDeploymentsPSTest\"\r\n      }\r\n    }\r\n  }\r\n}",
      "RequestHeaders": {
        "x-ms-client-request-id": [
          "a276f02a-fe90-4b25-ae51-44c7033671d3"
        ],
        "Cache-Control": [
          "no-cache"
        ],
        "Accept-Language": [
          "en-US"
        ],
        "User-Agent": [
          "FxVersion/4.6.29719.03",
          "OSName/Windows",
          "OSVersion/Microsoft.Windows.10.0.19042.",
          "Microsoft.Azure.Management.ManagementGroups.ManagementGroupsAPIClient/1.1.1.0"
        ],
        "Content-Type": [
          "application/json; charset=utf-8"
        ],
        "Content-Length": [
          "188"
        ]
      },
      "ResponseHeaders": {
        "Cache-Control": [
          "no-cache"
        ],
        "Pragma": [
          "no-cache"
        ],
        "Location": [
          "https://management.azure.com/providers/Microsoft.Management/operationResults/create/managementGroups/ps1810?api-version=2018-03-01-preview"
        ],
        "Retry-After": [
          "0"
        ],
        "x-ms-request-id": [
          "westcentralus:0ede50f1-bd71-44c8-beb0-d0a2b04132c5"
        ],
        "x-ba-restapi": [
          "1.0.3.1594"
        ],
        "client-request-id": [
          "0ede50f1-bd71-44c8-beb0-d0a2b04132c5"
        ],
        "request-id": [
          "0ede50f1-bd71-44c8-beb0-d0a2b04132c5"
        ],
        "x-ms-ratelimit-remaining-tenant-writes": [
          "1199"
        ],
        "x-ms-correlation-request-id": [
          "0ede50f1-bd71-44c8-beb0-d0a2b04132c5"
        ],
        "x-ms-routing-request-id": [
          "WESTCENTRALUS:20210212T172930Z:0ede50f1-bd71-44c8-beb0-d0a2b04132c5"
        ],
        "Strict-Transport-Security": [
          "max-age=31536000; includeSubDomains"
        ],
        "X-Content-Type-Options": [
          "nosniff"
        ],
        "Date": [
          "Fri, 12 Feb 2021 17:29:30 GMT"
        ],
        "Content-Length": [
          "160"
        ],
        "Content-Type": [
          "application/json; charset=utf-8"
        ],
        "Expires": [
          "-1"
        ]
      },
      "ResponseBody": "{\r\n  \"id\": \"/providers/Microsoft.Management/managementGroups/ps1810\",\r\n  \"type\": \"/providers/Microsoft.Management/managementGroups\",\r\n  \"name\": \"ps1810\",\r\n  \"status\": \"NotStarted\"\r\n}",
      "StatusCode": 202
    },
    {
      "RequestUri": "/providers/Microsoft.Management/operationResults/create/managementGroups/ps1810?api-version=2018-03-01-preview",
      "EncodedRequestUri": "L3Byb3ZpZGVycy9NaWNyb3NvZnQuTWFuYWdlbWVudC9vcGVyYXRpb25SZXN1bHRzL2NyZWF0ZS9tYW5hZ2VtZW50R3JvdXBzL3BzMTgxMD9hcGktdmVyc2lvbj0yMDE4LTAzLTAxLXByZXZpZXc=",
      "RequestMethod": "GET",
      "RequestBody": "",
      "RequestHeaders": {
        "x-ms-client-request-id": [
          "a276f02a-fe90-4b25-ae51-44c7033671d3"
        ],
        "User-Agent": [
          "FxVersion/4.6.29719.03",
          "OSName/Windows",
          "OSVersion/Microsoft.Windows.10.0.19042.",
          "Microsoft.Azure.Management.ManagementGroups.ManagementGroupsAPIClient/1.1.1.0"
        ]
      },
      "ResponseHeaders": {
        "Cache-Control": [
          "no-cache"
        ],
        "Pragma": [
          "no-cache"
        ],
        "Location": [
          "https://management.azure.com/providers/Microsoft.Management/operationResults/create/managementGroups/ps1810?api-version=2018-03-01-preview"
        ],
        "Retry-After": [
          "0"
        ],
        "x-ms-request-id": [
          "westcentralus:ae8d1915-6816-49ce-8c65-8091183878ec"
        ],
        "x-ba-restapi": [
          "1.0.3.1594"
        ],
        "client-request-id": [
          "ae8d1915-6816-49ce-8c65-8091183878ec"
        ],
        "request-id": [
          "ae8d1915-6816-49ce-8c65-8091183878ec"
        ],
        "x-ms-ratelimit-remaining-tenant-reads": [
          "11998"
        ],
        "x-ms-correlation-request-id": [
          "ae8d1915-6816-49ce-8c65-8091183878ec"
        ],
        "x-ms-routing-request-id": [
          "WESTCENTRALUS:20210212T172941Z:ae8d1915-6816-49ce-8c65-8091183878ec"
        ],
        "Strict-Transport-Security": [
          "max-age=31536000; includeSubDomains"
        ],
        "X-Content-Type-Options": [
          "nosniff"
        ],
        "Date": [
          "Fri, 12 Feb 2021 17:29:40 GMT"
        ],
        "Content-Length": [
          "157"
        ],
        "Content-Type": [
          "application/json; charset=utf-8"
        ],
        "Expires": [
          "-1"
        ]
      },
      "ResponseBody": "{\r\n  \"id\": \"/providers/Microsoft.Management/managementGroups/ps1810\",\r\n  \"type\": \"/providers/Microsoft.Management/managementGroups\",\r\n  \"name\": \"ps1810\",\r\n  \"status\": \"Running\"\r\n}",
      "StatusCode": 202
    },
    {
      "RequestUri": "/providers/Microsoft.Management/operationResults/create/managementGroups/ps1810?api-version=2018-03-01-preview",
      "EncodedRequestUri": "L3Byb3ZpZGVycy9NaWNyb3NvZnQuTWFuYWdlbWVudC9vcGVyYXRpb25SZXN1bHRzL2NyZWF0ZS9tYW5hZ2VtZW50R3JvdXBzL3BzMTgxMD9hcGktdmVyc2lvbj0yMDE4LTAzLTAxLXByZXZpZXc=",
      "RequestMethod": "GET",
      "RequestBody": "",
      "RequestHeaders": {
        "x-ms-client-request-id": [
          "a276f02a-fe90-4b25-ae51-44c7033671d3"
        ],
        "User-Agent": [
          "FxVersion/4.6.29719.03",
          "OSName/Windows",
          "OSVersion/Microsoft.Windows.10.0.19042.",
          "Microsoft.Azure.Management.ManagementGroups.ManagementGroupsAPIClient/1.1.1.0"
        ]
      },
      "ResponseHeaders": {
        "Cache-Control": [
          "no-cache"
        ],
        "Pragma": [
          "no-cache"
        ],
        "Location": [
          "https://management.azure.com/providers/Microsoft.Management/operationResults/create/managementGroups/ps1810?api-version=2018-03-01-preview"
        ],
        "Retry-After": [
          "0"
        ],
        "x-ms-request-id": [
          "westcentralus:b796331f-a80a-4ff6-ac69-74415a645a63"
        ],
        "x-ba-restapi": [
          "1.0.3.1594"
        ],
        "client-request-id": [
          "b796331f-a80a-4ff6-ac69-74415a645a63"
        ],
        "request-id": [
          "b796331f-a80a-4ff6-ac69-74415a645a63"
        ],
        "x-ms-ratelimit-remaining-tenant-reads": [
          "11997"
        ],
        "x-ms-correlation-request-id": [
          "b796331f-a80a-4ff6-ac69-74415a645a63"
        ],
        "x-ms-routing-request-id": [
          "WESTCENTRALUS:20210212T172951Z:b796331f-a80a-4ff6-ac69-74415a645a63"
        ],
        "Strict-Transport-Security": [
          "max-age=31536000; includeSubDomains"
        ],
        "X-Content-Type-Options": [
          "nosniff"
        ],
        "Date": [
          "Fri, 12 Feb 2021 17:29:50 GMT"
        ],
        "Content-Length": [
          "157"
        ],
        "Content-Type": [
          "application/json; charset=utf-8"
        ],
        "Expires": [
          "-1"
        ]
      },
      "ResponseBody": "{\r\n  \"id\": \"/providers/Microsoft.Management/managementGroups/ps1810\",\r\n  \"type\": \"/providers/Microsoft.Management/managementGroups\",\r\n  \"name\": \"ps1810\",\r\n  \"status\": \"Running\"\r\n}",
      "StatusCode": 202
    },
    {
      "RequestUri": "/providers/Microsoft.Management/operationResults/create/managementGroups/ps1810?api-version=2018-03-01-preview",
      "EncodedRequestUri": "L3Byb3ZpZGVycy9NaWNyb3NvZnQuTWFuYWdlbWVudC9vcGVyYXRpb25SZXN1bHRzL2NyZWF0ZS9tYW5hZ2VtZW50R3JvdXBzL3BzMTgxMD9hcGktdmVyc2lvbj0yMDE4LTAzLTAxLXByZXZpZXc=",
      "RequestMethod": "GET",
      "RequestBody": "",
      "RequestHeaders": {
        "x-ms-client-request-id": [
          "a276f02a-fe90-4b25-ae51-44c7033671d3"
        ],
        "User-Agent": [
          "FxVersion/4.6.29719.03",
          "OSName/Windows",
          "OSVersion/Microsoft.Windows.10.0.19042.",
          "Microsoft.Azure.Management.ManagementGroups.ManagementGroupsAPIClient/1.1.1.0"
        ]
      },
      "ResponseHeaders": {
        "Cache-Control": [
          "no-cache"
        ],
        "Pragma": [
          "no-cache"
        ],
        "Vary": [
          "Accept-Encoding"
        ],
        "x-ms-ratelimit-remaining-tenant-reads": [
          "11996"
        ],
        "x-ms-request-id": [
          "westcentralus:0898b4e9-d2c0-4c51-931f-c18f66f5cfc2"
        ],
        "x-ba-restapi": [
          "1.0.3.1594"
        ],
        "client-request-id": [
          "0898b4e9-d2c0-4c51-931f-c18f66f5cfc2"
        ],
        "request-id": [
          "0898b4e9-d2c0-4c51-931f-c18f66f5cfc2"
        ],
        "x-ms-correlation-request-id": [
          "0898b4e9-d2c0-4c51-931f-c18f66f5cfc2"
        ],
        "x-ms-routing-request-id": [
          "WESTCENTRALUS:20210212T173001Z:0898b4e9-d2c0-4c51-931f-c18f66f5cfc2"
        ],
        "Strict-Transport-Security": [
          "max-age=31536000; includeSubDomains"
        ],
        "X-Content-Type-Options": [
          "nosniff"
        ],
        "Date": [
          "Fri, 12 Feb 2021 17:30:01 GMT"
        ],
        "Content-Length": [
          "533"
        ],
        "Content-Type": [
          "application/json; charset=utf-8"
        ],
        "Expires": [
          "-1"
        ],
        "Retry-After": [
          "0"
        ]
      },
      "ResponseBody": "{\r\n  \"id\": \"/providers/Microsoft.Management/managementGroups/ps1810\",\r\n  \"type\": \"/providers/Microsoft.Management/managementGroups\",\r\n  \"name\": \"ps1810\",\r\n  \"status\": \"Succeeded\",\r\n  \"properties\": {\r\n    \"tenantId\": \"72f988bf-86f1-41af-91ab-2d7cd011db47\",\r\n    \"displayName\": \"ps1810\",\r\n    \"details\": {\r\n      \"version\": 1,\r\n      \"updatedTime\": \"2021-02-12T17:29:37.5815757Z\",\r\n      \"updatedBy\": \"1552e634-7535-403f-b28d-1de5d2e9b076\",\r\n      \"parent\": {\r\n        \"id\": \"/providers/Microsoft.Management/managementGroups/AzDeploymentsPSTest\",\r\n        \"name\": \"AzDeploymentsPSTest\",\r\n        \"displayName\": \"Azure Deployments PowerShell Test\"\r\n      }\r\n    }\r\n  }\r\n}",
      "StatusCode": 200
    },
    {
      "RequestUri": "/subscriptions/a1bfa635-f2bf-42f1-86b5-848c674fc321/resourcegroups/ps3410?api-version=2020-10-01",
      "EncodedRequestUri": "L3N1YnNjcmlwdGlvbnMvYTFiZmE2MzUtZjJiZi00MmYxLTg2YjUtODQ4YzY3NGZjMzIxL3Jlc291cmNlZ3JvdXBzL3BzMzQxMD9hcGktdmVyc2lvbj0yMDIwLTEwLTAx",
      "RequestMethod": "HEAD",
      "RequestBody": "",
      "RequestHeaders": {
        "x-ms-client-request-id": [
          "2d3e7694-3d72-4bfb-84f9-5cc5fc7e7745"
        ],
        "Accept-Language": [
          "en-US"
        ],
        "User-Agent": [
          "FxVersion/4.6.29719.03",
          "OSName/Windows",
          "OSVersion/Microsoft.Windows.10.0.19042.",
          "Microsoft.Azure.Management.ResourceManager.ResourceManagementClient/3.11.0.0"
        ]
      },
      "ResponseHeaders": {
        "Cache-Control": [
          "no-cache"
        ],
        "Pragma": [
          "no-cache"
        ],
        "x-ms-failure-cause": [
          "gateway"
        ],
        "x-ms-ratelimit-remaining-subscription-reads": [
          "11998"
        ],
        "x-ms-request-id": [
          "a0061589-5b2c-40cc-9e58-236e9f620a5a"
        ],
        "x-ms-correlation-request-id": [
          "a0061589-5b2c-40cc-9e58-236e9f620a5a"
        ],
        "x-ms-routing-request-id": [
          "WESTCENTRALUS:20210212T173002Z:a0061589-5b2c-40cc-9e58-236e9f620a5a"
        ],
        "Strict-Transport-Security": [
          "max-age=31536000; includeSubDomains"
        ],
        "X-Content-Type-Options": [
          "nosniff"
        ],
        "Date": [
          "Fri, 12 Feb 2021 17:30:01 GMT"
        ],
        "Content-Length": [
          "98"
        ],
        "Content-Type": [
          "application/json; charset=utf-8"
        ],
        "Expires": [
          "-1"
        ],
        "Retry-After": [
          "0"
        ]
      },
      "ResponseBody": "",
      "StatusCode": 404
    },
    {
      "RequestUri": "/subscriptions/a1bfa635-f2bf-42f1-86b5-848c674fc321/resourcegroups/ps3410?api-version=2020-10-01",
      "EncodedRequestUri": "L3N1YnNjcmlwdGlvbnMvYTFiZmE2MzUtZjJiZi00MmYxLTg2YjUtODQ4YzY3NGZjMzIxL3Jlc291cmNlZ3JvdXBzL3BzMzQxMD9hcGktdmVyc2lvbj0yMDIwLTEwLTAx",
      "RequestMethod": "HEAD",
      "RequestBody": "",
      "RequestHeaders": {
        "x-ms-client-request-id": [
          "b87701e2-56e6-4886-8d83-45d3da944e57"
        ],
        "Accept-Language": [
          "en-US"
        ],
        "User-Agent": [
          "FxVersion/4.6.29719.03",
          "OSName/Windows",
          "OSVersion/Microsoft.Windows.10.0.19042.",
          "Microsoft.Azure.Management.ResourceManager.ResourceManagementClient/3.11.0.0"
        ]
      },
      "ResponseHeaders": {
        "Cache-Control": [
          "no-cache"
        ],
        "Pragma": [
          "no-cache"
        ],
        "x-ms-ratelimit-remaining-subscription-reads": [
          "11999"
        ],
        "x-ms-request-id": [
          "304054d5-a1fa-4189-84e2-79a9a0800848"
        ],
        "x-ms-correlation-request-id": [
          "304054d5-a1fa-4189-84e2-79a9a0800848"
        ],
        "x-ms-routing-request-id": [
          "WESTCENTRALUS:20210212T173025Z:304054d5-a1fa-4189-84e2-79a9a0800848"
        ],
        "Strict-Transport-Security": [
          "max-age=31536000; includeSubDomains"
        ],
        "X-Content-Type-Options": [
          "nosniff"
        ],
        "Date": [
          "Fri, 12 Feb 2021 17:30:25 GMT"
        ],
        "Content-Length": [
          "0"
        ],
        "Expires": [
          "-1"
        ],
        "Retry-After": [
          "0"
        ]
      },
      "ResponseBody": "",
      "StatusCode": 204
    },
    {
      "RequestUri": "/subscriptions/a1bfa635-f2bf-42f1-86b5-848c674fc321/resourcegroups/ps3410?api-version=2020-10-01",
      "EncodedRequestUri": "L3N1YnNjcmlwdGlvbnMvYTFiZmE2MzUtZjJiZi00MmYxLTg2YjUtODQ4YzY3NGZjMzIxL3Jlc291cmNlZ3JvdXBzL3BzMzQxMD9hcGktdmVyc2lvbj0yMDIwLTEwLTAx",
      "RequestMethod": "PUT",
      "RequestBody": "{\r\n  \"location\": \"West US 2\"\r\n}",
      "RequestHeaders": {
        "x-ms-client-request-id": [
          "2d3e7694-3d72-4bfb-84f9-5cc5fc7e7745"
        ],
        "Accept-Language": [
          "en-US"
        ],
        "User-Agent": [
          "FxVersion/4.6.29719.03",
          "OSName/Windows",
          "OSVersion/Microsoft.Windows.10.0.19042.",
          "Microsoft.Azure.Management.ResourceManager.ResourceManagementClient/3.11.0.0"
        ],
        "Content-Type": [
          "application/json; charset=utf-8"
        ],
        "Content-Length": [
          "31"
        ]
      },
      "ResponseHeaders": {
        "Cache-Control": [
          "no-cache"
        ],
        "Pragma": [
          "no-cache"
        ],
        "x-ms-ratelimit-remaining-subscription-writes": [
          "1199"
        ],
        "x-ms-request-id": [
          "df02aa74-da0f-4beb-8f73-329e5700f382"
        ],
        "x-ms-correlation-request-id": [
          "df02aa74-da0f-4beb-8f73-329e5700f382"
        ],
        "x-ms-routing-request-id": [
          "WESTCENTRALUS:20210212T173002Z:df02aa74-da0f-4beb-8f73-329e5700f382"
        ],
        "Strict-Transport-Security": [
          "max-age=31536000; includeSubDomains"
        ],
        "X-Content-Type-Options": [
          "nosniff"
        ],
        "Date": [
          "Fri, 12 Feb 2021 17:30:02 GMT"
        ],
        "Content-Length": [
          "281"
        ],
        "Content-Type": [
          "application/json; charset=utf-8"
        ],
        "Expires": [
          "-1"
        ],
        "Retry-After": [
          "0"
        ]
      },
      "ResponseBody": "{\r\n  \"id\": \"/subscriptions/a1bfa635-f2bf-42f1-86b5-848c674fc321/resourceGroups/ps3410\",\r\n  \"name\": \"ps3410\",\r\n  \"type\": \"Microsoft.Resources/resourceGroups\",\r\n  \"location\": \"westus2\",\r\n  \"tags\": {\r\n    \"ic3\": \"ic3\",\r\n    \"NameTag\": \"ValueTag\",\r\n    \"StorageType\": \"Standard_LRS\"\r\n  },\r\n  \"properties\": {\r\n    \"provisioningState\": \"Succeeded\"\r\n  }\r\n}",
      "StatusCode": 201
    },
    {
      "RequestUri": "/subscriptions/a1bfa635-f2bf-42f1-86b5-848c674fc321/resourceGroups/ps3410/providers/Microsoft.Resources/templateSpecs/ps3157/versions/v1?api-version=2019-06-01-preview",
      "EncodedRequestUri": "L3N1YnNjcmlwdGlvbnMvYTFiZmE2MzUtZjJiZi00MmYxLTg2YjUtODQ4YzY3NGZjMzIxL3Jlc291cmNlR3JvdXBzL3BzMzQxMC9wcm92aWRlcnMvTWljcm9zb2Z0LlJlc291cmNlcy90ZW1wbGF0ZVNwZWNzL3BzMzE1Ny92ZXJzaW9ucy92MT9hcGktdmVyc2lvbj0yMDE5LTA2LTAxLXByZXZpZXc=",
      "RequestMethod": "GET",
      "RequestBody": "",
      "RequestHeaders": {
        "x-ms-client-request-id": [
          "5993e6b4-78c5-485e-a38e-f49ee33a3f1e"
        ],
        "Accept-Language": [
          "en-US"
        ],
        "User-Agent": [
          "FxVersion/4.6.29719.03",
          "OSName/Windows",
          "OSVersion/Microsoft.Windows.10.0.19042.",
          "Microsoft.Azure.Management.ResourceManager.TemplateSpecsClient/3.11.0.0"
        ]
      },
      "ResponseHeaders": {
        "Cache-Control": [
          "no-cache"
        ],
        "Pragma": [
          "no-cache"
        ],
        "x-ms-failure-cause": [
          "gateway"
        ],
        "x-ms-request-id": [
          "38459cd8-de07-43d6-abe0-b5a0a5dadaf6"
        ],
        "x-ms-correlation-request-id": [
          "38459cd8-de07-43d6-abe0-b5a0a5dadaf6"
        ],
        "x-ms-routing-request-id": [
          "WESTCENTRALUS:20210212T173003Z:38459cd8-de07-43d6-abe0-b5a0a5dadaf6"
        ],
        "Strict-Transport-Security": [
          "max-age=31536000; includeSubDomains"
        ],
        "X-Content-Type-Options": [
          "nosniff"
        ],
        "Date": [
          "Fri, 12 Feb 2021 17:30:02 GMT"
        ],
        "Content-Type": [
          "application/json; charset=utf-8"
        ],
        "Expires": [
          "-1"
        ],
        "Content-Length": [
          "230"
        ],
        "Retry-After": [
          "0"
        ]
      },
      "ResponseBody": "{\r\n  \"error\": {\r\n    \"code\": \"ResourceNotFound\",\r\n    \"message\": \"The Resource 'Microsoft.Resources/templateSpecs/ps3157/versions/v1' under resource group 'ps3410' was not found. For more details please go to https://aka.ms/ARMResourceNotFoundFix\"\r\n  }\r\n}",
      "StatusCode": 404
    },
    {
      "RequestUri": "/subscriptions/a1bfa635-f2bf-42f1-86b5-848c674fc321/resourceGroups/ps3410/providers/Microsoft.Resources/templateSpecs/ps3157/versions/v1?api-version=2019-06-01-preview",
      "EncodedRequestUri": "L3N1YnNjcmlwdGlvbnMvYTFiZmE2MzUtZjJiZi00MmYxLTg2YjUtODQ4YzY3NGZjMzIxL3Jlc291cmNlR3JvdXBzL3BzMzQxMC9wcm92aWRlcnMvTWljcm9zb2Z0LlJlc291cmNlcy90ZW1wbGF0ZVNwZWNzL3BzMzE1Ny92ZXJzaW9ucy92MT9hcGktdmVyc2lvbj0yMDE5LTA2LTAxLXByZXZpZXc=",
      "RequestMethod": "GET",
      "RequestBody": "",
      "RequestHeaders": {
        "x-ms-client-request-id": [
          "5993e6b4-78c5-485e-a38e-f49ee33a3f1e"
        ],
        "Accept-Language": [
          "en-US"
        ],
        "User-Agent": [
          "FxVersion/4.6.29719.03",
          "OSName/Windows",
          "OSVersion/Microsoft.Windows.10.0.19042.",
          "Microsoft.Azure.Management.ResourceManager.TemplateSpecsClient/3.11.0.0"
        ]
      },
      "ResponseHeaders": {
        "Cache-Control": [
          "no-cache"
        ],
        "Pragma": [
          "no-cache"
        ],
        "x-ms-failure-cause": [
          "gateway"
        ],
        "x-ms-request-id": [
          "e9557f05-b1f7-4a8e-8318-c00f0c7ded14"
        ],
        "x-ms-correlation-request-id": [
          "e9557f05-b1f7-4a8e-8318-c00f0c7ded14"
        ],
        "x-ms-routing-request-id": [
          "WESTCENTRALUS:20210212T173005Z:e9557f05-b1f7-4a8e-8318-c00f0c7ded14"
        ],
        "Strict-Transport-Security": [
          "max-age=31536000; includeSubDomains"
        ],
        "X-Content-Type-Options": [
          "nosniff"
        ],
        "Date": [
          "Fri, 12 Feb 2021 17:30:04 GMT"
        ],
        "Content-Type": [
          "application/json; charset=utf-8"
        ],
        "Expires": [
          "-1"
        ],
        "Content-Length": [
          "230"
        ],
        "Retry-After": [
          "0"
        ]
      },
      "ResponseBody": "{\r\n  \"error\": {\r\n    \"code\": \"ResourceNotFound\",\r\n    \"message\": \"The Resource 'Microsoft.Resources/templateSpecs/ps3157/versions/v1' under resource group 'ps3410' was not found. For more details please go to https://aka.ms/ARMResourceNotFoundFix\"\r\n  }\r\n}",
      "StatusCode": 404
    },
    {
      "RequestUri": "/subscriptions/a1bfa635-f2bf-42f1-86b5-848c674fc321/resourceGroups/ps3410/providers/Microsoft.Resources/templateSpecs/ps3157/versions/v1?api-version=2019-06-01-preview",
      "EncodedRequestUri": "L3N1YnNjcmlwdGlvbnMvYTFiZmE2MzUtZjJiZi00MmYxLTg2YjUtODQ4YzY3NGZjMzIxL3Jlc291cmNlR3JvdXBzL3BzMzQxMC9wcm92aWRlcnMvTWljcm9zb2Z0LlJlc291cmNlcy90ZW1wbGF0ZVNwZWNzL3BzMzE1Ny92ZXJzaW9ucy92MT9hcGktdmVyc2lvbj0yMDE5LTA2LTAxLXByZXZpZXc=",
      "RequestMethod": "GET",
      "RequestBody": "",
      "RequestHeaders": {
        "x-ms-client-request-id": [
          "db01d6a4-9fcb-4ad1-96d0-acab41cacdec"
        ],
        "Accept-Language": [
          "en-US"
        ],
        "User-Agent": [
          "FxVersion/4.6.29719.03",
          "OSName/Windows",
          "OSVersion/Microsoft.Windows.10.0.19042.",
          "Microsoft.Azure.Management.ResourceManager.TemplateSpecsClient/3.11.0.0"
        ]
      },
      "ResponseHeaders": {
        "Cache-Control": [
          "no-cache"
        ],
        "Pragma": [
          "no-cache"
        ],
        "x-ms-request-id": [
          "95d051ec-ef91-40df-81ba-09893831a827"
        ],
        "Server": [
          "Microsoft-HTTPAPI/2.0"
        ],
        "x-ms-ratelimit-remaining-subscription-reads": [
          "11998"
        ],
        "x-ms-correlation-request-id": [
          "8d3387ff-4198-416e-bc41-00708d662e45"
        ],
        "x-ms-routing-request-id": [
          "WESTCENTRALUS:20210212T173006Z:8d3387ff-4198-416e-bc41-00708d662e45"
        ],
        "Strict-Transport-Security": [
          "max-age=31536000; includeSubDomains"
        ],
        "X-Content-Type-Options": [
          "nosniff"
        ],
        "Date": [
          "Fri, 12 Feb 2021 17:30:05 GMT"
        ],
        "Content-Length": [
          "1405"
        ],
        "Content-Type": [
          "application/json; charset=utf-8"
        ],
        "Expires": [
          "-1"
        ],
        "Retry-After": [
          "0"
        ]
      },
      "ResponseBody": "{\r\n  \"location\": \"West US 2\",\r\n  \"systemData\": {\r\n    \"createdBy\": \"546094f3-32fa-493c-824c-bd9575b0d2fe\",\r\n    \"createdByType\": \"Application\",\r\n    \"createdAt\": \"2021-02-12T17:30:05.6652188Z\",\r\n    \"lastModifiedBy\": \"546094f3-32fa-493c-824c-bd9575b0d2fe\",\r\n    \"lastModifiedByType\": \"Application\",\r\n    \"lastModifiedAt\": \"2021-02-12T17:30:05.6652188Z\"\r\n  },\r\n  \"properties\": {\r\n    \"artifacts\": [],\r\n    \"template\": {\r\n      \"$schema\": \"https://schema.management.azure.com/schemas/2019-04-01/deploymentTemplate.json#\",\r\n      \"contentVersion\": \"1.0.0.0\",\r\n      \"parameters\": {\r\n        \"foo\": {\r\n          \"type\": \"string\",\r\n          \"metadata\": {\r\n            \"description\": \"description\"\r\n          }\r\n        },\r\n        \"bar\": {\r\n          \"type\": \"string\",\r\n          \"metadata\": {\r\n            \"description\": \"description\"\r\n          }\r\n        }\r\n      },\r\n      \"functions\": [],\r\n      \"variables\": {},\r\n      \"resources\": [],\r\n      \"outputs\": {\r\n        \"foo\": {\r\n          \"type\": \"string\",\r\n          \"value\": \"[parameters('foo')]\"\r\n        },\r\n        \"bar\": {\r\n          \"type\": \"string\",\r\n          \"value\": \"[parameters('bar')]\"\r\n        }\r\n      }\r\n    }\r\n  },\r\n  \"id\": \"/subscriptions/a1bfa635-f2bf-42f1-86b5-848c674fc321/resourceGroups/ps3410/providers/Microsoft.Resources/templateSpecs/ps3157/versions/v1\",\r\n  \"type\": \"Microsoft.Resources/templateSpecs/versions\",\r\n  \"name\": \"v1\"\r\n}",
      "StatusCode": 200
    },
    {
      "RequestUri": "/subscriptions/a1bfa635-f2bf-42f1-86b5-848c674fc321/resourceGroups/ps3410/providers/Microsoft.Resources/templateSpecs/ps3157?api-version=2019-06-01-preview",
      "EncodedRequestUri": "L3N1YnNjcmlwdGlvbnMvYTFiZmE2MzUtZjJiZi00MmYxLTg2YjUtODQ4YzY3NGZjMzIxL3Jlc291cmNlR3JvdXBzL3BzMzQxMC9wcm92aWRlcnMvTWljcm9zb2Z0LlJlc291cmNlcy90ZW1wbGF0ZVNwZWNzL3BzMzE1Nz9hcGktdmVyc2lvbj0yMDE5LTA2LTAxLXByZXZpZXc=",
      "RequestMethod": "GET",
      "RequestBody": "",
      "RequestHeaders": {
        "x-ms-client-request-id": [
          "5993e6b4-78c5-485e-a38e-f49ee33a3f1e"
        ],
        "Accept-Language": [
          "en-US"
        ],
        "User-Agent": [
          "FxVersion/4.6.29719.03",
          "OSName/Windows",
          "OSVersion/Microsoft.Windows.10.0.19042.",
          "Microsoft.Azure.Management.ResourceManager.TemplateSpecsClient/3.11.0.0"
        ]
      },
      "ResponseHeaders": {
        "Cache-Control": [
          "no-cache"
        ],
        "Pragma": [
          "no-cache"
        ],
        "x-ms-failure-cause": [
          "gateway"
        ],
        "x-ms-request-id": [
          "7ca0dfca-2ed3-4a55-b177-6a425e80d6b3"
        ],
        "x-ms-correlation-request-id": [
          "7ca0dfca-2ed3-4a55-b177-6a425e80d6b3"
        ],
        "x-ms-routing-request-id": [
          "WESTCENTRALUS:20210212T173003Z:7ca0dfca-2ed3-4a55-b177-6a425e80d6b3"
        ],
        "Strict-Transport-Security": [
          "max-age=31536000; includeSubDomains"
        ],
        "X-Content-Type-Options": [
          "nosniff"
        ],
        "Date": [
          "Fri, 12 Feb 2021 17:30:02 GMT"
        ],
        "Content-Type": [
          "application/json; charset=utf-8"
        ],
        "Expires": [
          "-1"
        ],
        "Content-Length": [
          "218"
        ],
        "Retry-After": [
          "0"
        ]
      },
      "ResponseBody": "{\r\n  \"error\": {\r\n    \"code\": \"ResourceNotFound\",\r\n    \"message\": \"The Resource 'Microsoft.Resources/templateSpecs/ps3157' under resource group 'ps3410' was not found. For more details please go to https://aka.ms/ARMResourceNotFoundFix\"\r\n  }\r\n}",
      "StatusCode": 404
    },
    {
      "RequestUri": "/subscriptions/a1bfa635-f2bf-42f1-86b5-848c674fc321/resourceGroups/ps3410/providers/Microsoft.Resources/templateSpecs/ps3157?api-version=2019-06-01-preview",
      "EncodedRequestUri": "L3N1YnNjcmlwdGlvbnMvYTFiZmE2MzUtZjJiZi00MmYxLTg2YjUtODQ4YzY3NGZjMzIxL3Jlc291cmNlR3JvdXBzL3BzMzQxMC9wcm92aWRlcnMvTWljcm9zb2Z0LlJlc291cmNlcy90ZW1wbGF0ZVNwZWNzL3BzMzE1Nz9hcGktdmVyc2lvbj0yMDE5LTA2LTAxLXByZXZpZXc=",
      "RequestMethod": "PUT",
      "RequestBody": "{\r\n  \"location\": \"West US 2\"\r\n}",
      "RequestHeaders": {
        "x-ms-client-request-id": [
          "5993e6b4-78c5-485e-a38e-f49ee33a3f1e"
        ],
        "Accept-Language": [
          "en-US"
        ],
        "User-Agent": [
          "FxVersion/4.6.29719.03",
          "OSName/Windows",
          "OSVersion/Microsoft.Windows.10.0.19042.",
          "Microsoft.Azure.Management.ResourceManager.TemplateSpecsClient/3.11.0.0"
        ],
        "Content-Type": [
          "application/json; charset=utf-8"
        ],
        "Content-Length": [
          "31"
        ]
      },
      "ResponseHeaders": {
        "Cache-Control": [
          "no-cache"
        ],
        "Pragma": [
          "no-cache"
        ],
        "x-ms-request-id": [
          "3a23af54-fcc7-43c8-87bd-2f7852436549"
        ],
        "Server": [
          "Microsoft-HTTPAPI/2.0"
        ],
        "x-ms-ratelimit-remaining-subscription-writes": [
          "1199"
        ],
        "x-ms-correlation-request-id": [
          "83120bf6-101d-42f6-b765-7880f0bef775"
        ],
        "x-ms-routing-request-id": [
          "WESTCENTRALUS:20210212T173005Z:83120bf6-101d-42f6-b765-7880f0bef775"
        ],
        "Strict-Transport-Security": [
          "max-age=31536000; includeSubDomains"
        ],
        "X-Content-Type-Options": [
          "nosniff"
        ],
        "Date": [
          "Fri, 12 Feb 2021 17:30:04 GMT"
        ],
        "Content-Length": [
          "585"
        ],
        "Content-Type": [
          "application/json; charset=utf-8"
        ],
        "Expires": [
          "-1"
        ],
        "Retry-After": [
          "0"
        ]
      },
      "ResponseBody": "{\r\n  \"location\": \"West US 2\",\r\n  \"systemData\": {\r\n    \"createdBy\": \"546094f3-32fa-493c-824c-bd9575b0d2fe\",\r\n    \"createdByType\": \"Application\",\r\n    \"createdAt\": \"2021-02-12T17:30:04.555182Z\",\r\n    \"lastModifiedBy\": \"546094f3-32fa-493c-824c-bd9575b0d2fe\",\r\n    \"lastModifiedByType\": \"Application\",\r\n    \"lastModifiedAt\": \"2021-02-12T17:30:04.555182Z\"\r\n  },\r\n  \"properties\": {},\r\n  \"id\": \"/subscriptions/a1bfa635-f2bf-42f1-86b5-848c674fc321/resourceGroups/ps3410/providers/Microsoft.Resources/templateSpecs/ps3157\",\r\n  \"type\": \"Microsoft.Resources/templateSpecs\",\r\n  \"name\": \"ps3157\"\r\n}",
      "StatusCode": 201
    },
    {
      "RequestUri": "/subscriptions/a1bfa635-f2bf-42f1-86b5-848c674fc321/resourceGroups/ps3410/providers/Microsoft.Resources/templateSpecs/ps3157/versions/v1?api-version=2019-06-01-preview",
      "EncodedRequestUri": "L3N1YnNjcmlwdGlvbnMvYTFiZmE2MzUtZjJiZi00MmYxLTg2YjUtODQ4YzY3NGZjMzIxL3Jlc291cmNlR3JvdXBzL3BzMzQxMC9wcm92aWRlcnMvTWljcm9zb2Z0LlJlc291cmNlcy90ZW1wbGF0ZVNwZWNzL3BzMzE1Ny92ZXJzaW9ucy92MT9hcGktdmVyc2lvbj0yMDE5LTA2LTAxLXByZXZpZXc=",
      "RequestMethod": "PUT",
      "RequestBody": "{\r\n  \"location\": \"West US 2\",\r\n  \"properties\": {\r\n    \"artifacts\": [],\r\n    \"template\": {\r\n      \"$schema\": \"https://schema.management.azure.com/schemas/2019-04-01/deploymentTemplate.json#\",\r\n      \"contentVersion\": \"1.0.0.0\",\r\n      \"parameters\": {\r\n        \"foo\": {\r\n          \"type\": \"string\",\r\n          \"metadata\": {\r\n            \"description\": \"description\"\r\n          }\r\n        },\r\n        \"bar\": {\r\n          \"type\": \"string\",\r\n          \"metadata\": {\r\n            \"description\": \"description\"\r\n          }\r\n        }\r\n      },\r\n      \"functions\": [],\r\n      \"variables\": {},\r\n      \"resources\": [],\r\n      \"outputs\": {\r\n        \"foo\": {\r\n          \"type\": \"string\",\r\n          \"value\": \"[parameters('foo')]\"\r\n        },\r\n        \"bar\": {\r\n          \"type\": \"string\",\r\n          \"value\": \"[parameters('bar')]\"\r\n        }\r\n      }\r\n    }\r\n  }\r\n}",
      "RequestHeaders": {
        "x-ms-client-request-id": [
          "5993e6b4-78c5-485e-a38e-f49ee33a3f1e"
        ],
        "Accept-Language": [
          "en-US"
        ],
        "User-Agent": [
          "FxVersion/4.6.29719.03",
          "OSName/Windows",
          "OSVersion/Microsoft.Windows.10.0.19042.",
          "Microsoft.Azure.Management.ResourceManager.TemplateSpecsClient/3.11.0.0"
        ],
        "Content-Type": [
          "application/json; charset=utf-8"
        ],
        "Content-Length": [
          "853"
        ]
      },
      "ResponseHeaders": {
        "Cache-Control": [
          "no-cache"
        ],
        "Pragma": [
          "no-cache"
        ],
        "x-ms-request-id": [
          "70568df0-9e58-4945-a2b8-02887d1f9fe6"
        ],
        "Server": [
          "Microsoft-HTTPAPI/2.0"
        ],
        "x-ms-ratelimit-remaining-subscription-writes": [
          "1198"
        ],
        "x-ms-correlation-request-id": [
          "47e81984-3c80-4537-aad5-e3c0a10db74d"
        ],
        "x-ms-routing-request-id": [
          "WESTCENTRALUS:20210212T173005Z:47e81984-3c80-4537-aad5-e3c0a10db74d"
        ],
        "Strict-Transport-Security": [
          "max-age=31536000; includeSubDomains"
        ],
        "X-Content-Type-Options": [
          "nosniff"
        ],
        "Date": [
          "Fri, 12 Feb 2021 17:30:05 GMT"
        ],
        "Content-Length": [
          "1405"
        ],
        "Content-Type": [
          "application/json; charset=utf-8"
        ],
        "Expires": [
          "-1"
        ],
        "Retry-After": [
          "0"
        ]
      },
      "ResponseBody": "{\r\n  \"location\": \"West US 2\",\r\n  \"systemData\": {\r\n    \"createdBy\": \"546094f3-32fa-493c-824c-bd9575b0d2fe\",\r\n    \"createdByType\": \"Application\",\r\n    \"createdAt\": \"2021-02-12T17:30:05.6652188Z\",\r\n    \"lastModifiedBy\": \"546094f3-32fa-493c-824c-bd9575b0d2fe\",\r\n    \"lastModifiedByType\": \"Application\",\r\n    \"lastModifiedAt\": \"2021-02-12T17:30:05.6652188Z\"\r\n  },\r\n  \"properties\": {\r\n    \"artifacts\": [],\r\n    \"template\": {\r\n      \"$schema\": \"https://schema.management.azure.com/schemas/2019-04-01/deploymentTemplate.json#\",\r\n      \"contentVersion\": \"1.0.0.0\",\r\n      \"parameters\": {\r\n        \"foo\": {\r\n          \"type\": \"string\",\r\n          \"metadata\": {\r\n            \"description\": \"description\"\r\n          }\r\n        },\r\n        \"bar\": {\r\n          \"type\": \"string\",\r\n          \"metadata\": {\r\n            \"description\": \"description\"\r\n          }\r\n        }\r\n      },\r\n      \"functions\": [],\r\n      \"variables\": {},\r\n      \"resources\": [],\r\n      \"outputs\": {\r\n        \"foo\": {\r\n          \"type\": \"string\",\r\n          \"value\": \"[parameters('foo')]\"\r\n        },\r\n        \"bar\": {\r\n          \"type\": \"string\",\r\n          \"value\": \"[parameters('bar')]\"\r\n        }\r\n      }\r\n    }\r\n  },\r\n  \"id\": \"/subscriptions/a1bfa635-f2bf-42f1-86b5-848c674fc321/resourceGroups/ps3410/providers/Microsoft.Resources/templateSpecs/ps3157/versions/v1\",\r\n  \"type\": \"Microsoft.Resources/templateSpecs/versions\",\r\n  \"name\": \"v1\"\r\n}",
      "StatusCode": 201
    },
    {
      "RequestUri": "/providers/Microsoft.Management/managementGroups/ps1810/providers/Microsoft.Resources/deployments/ps3157/validate?api-version=2020-10-01",
      "EncodedRequestUri": "L3Byb3ZpZGVycy9NaWNyb3NvZnQuTWFuYWdlbWVudC9tYW5hZ2VtZW50R3JvdXBzL3BzMTgxMC9wcm92aWRlcnMvTWljcm9zb2Z0LlJlc291cmNlcy9kZXBsb3ltZW50cy9wczMxNTcvdmFsaWRhdGU/YXBpLXZlcnNpb249MjAyMC0xMC0wMQ==",
      "RequestMethod": "POST",
      "RequestBody": "{\r\n  \"location\": \"West US 2\",\r\n  \"properties\": {\r\n    \"templateLink\": {\r\n      \"id\": \"/subscriptions/a1bfa635-f2bf-42f1-86b5-848c674fc321/resourceGroups/ps3410/providers/Microsoft.Resources/templateSpecs/ps3157/versions/v1\"\r\n    },\r\n    \"parameters\": {\r\n      \"bar\": {\r\n        \"value\": \"xyz\"\r\n      },\r\n      \"foo\": {\r\n        \"value\": \"abc\"\r\n      }\r\n    },\r\n    \"mode\": \"Incremental\"\r\n  }\r\n}",
      "RequestHeaders": {
        "x-ms-client-request-id": [
          "e7a23c68-8386-4143-8bfd-64e697f25e7e"
        ],
        "Accept-Language": [
          "en-US"
        ],
        "User-Agent": [
          "FxVersion/4.6.29719.03",
          "OSName/Windows",
          "OSVersion/Microsoft.Windows.10.0.19042.",
          "Microsoft.Azure.Management.ResourceManager.ResourceManagementClient/3.11.0.0"
        ],
        "Content-Type": [
          "application/json; charset=utf-8"
        ],
        "Content-Length": [
          "394"
        ]
      },
      "ResponseHeaders": {
        "Cache-Control": [
          "no-cache"
        ],
        "Pragma": [
          "no-cache"
        ],
        "x-ms-ratelimit-remaining-tenant-writes": [
          "1199"
        ],
        "x-ms-request-id": [
          "596cacd0-1dc9-46bf-8d15-233468a36c3f"
        ],
        "x-ms-correlation-request-id": [
          "596cacd0-1dc9-46bf-8d15-233468a36c3f"
        ],
        "x-ms-routing-request-id": [
          "WESTCENTRALUS:20210212T173006Z:596cacd0-1dc9-46bf-8d15-233468a36c3f"
        ],
        "Strict-Transport-Security": [
          "max-age=31536000; includeSubDomains"
        ],
        "X-Content-Type-Options": [
          "nosniff"
        ],
        "Date": [
          "Fri, 12 Feb 2021 17:30:06 GMT"
        ],
        "Content-Length": [
          "749"
        ],
        "Content-Type": [
          "application/json; charset=utf-8"
        ],
        "Expires": [
          "-1"
        ],
        "Retry-After": [
          "0"
        ]
      },
      "ResponseBody": "{\r\n  \"id\": \"/providers/Microsoft.Management/managementGroups/ps1810/providers/Microsoft.Resources/deployments/ps3157\",\r\n  \"name\": \"ps3157\",\r\n  \"type\": \"Microsoft.Resources/deployments\",\r\n  \"location\": \"westus2\",\r\n  \"properties\": {\r\n    \"templateLink\": {\r\n      \"id\": \"/subscriptions/a1bfa635-f2bf-42f1-86b5-848c674fc321/resourceGroups/ps3410/providers/Microsoft.Resources/templateSpecs/ps3157/versions/v1\",\r\n      \"contentVersion\": \"1.0.0.0\"\r\n    },\r\n    \"templateHash\": \"17257823359974361546\",\r\n    \"parameters\": {\r\n      \"foo\": {\r\n        \"type\": \"String\",\r\n        \"value\": \"abc\"\r\n      },\r\n      \"bar\": {\r\n        \"type\": \"String\",\r\n        \"value\": \"xyz\"\r\n      }\r\n    },\r\n    \"mode\": \"Incremental\",\r\n    \"provisioningState\": \"Succeeded\",\r\n    \"timestamp\": \"2021-02-12T17:30:06.8845473Z\",\r\n    \"duration\": \"PT0S\",\r\n    \"correlationId\": \"596cacd0-1dc9-46bf-8d15-233468a36c3f\",\r\n    \"providers\": [],\r\n    \"dependencies\": [],\r\n    \"validatedResources\": []\r\n  }\r\n}",
      "StatusCode": 200
    },
    {
      "RequestUri": "/providers/Microsoft.Management/managementGroups/ps1810/providers/Microsoft.Resources/deployments/ps3157?api-version=2020-10-01",
      "EncodedRequestUri": "L3Byb3ZpZGVycy9NaWNyb3NvZnQuTWFuYWdlbWVudC9tYW5hZ2VtZW50R3JvdXBzL3BzMTgxMC9wcm92aWRlcnMvTWljcm9zb2Z0LlJlc291cmNlcy9kZXBsb3ltZW50cy9wczMxNTc/YXBpLXZlcnNpb249MjAyMC0xMC0wMQ==",
      "RequestMethod": "PUT",
      "RequestBody": "{\r\n  \"location\": \"West US 2\",\r\n  \"properties\": {\r\n    \"templateLink\": {\r\n      \"id\": \"/subscriptions/a1bfa635-f2bf-42f1-86b5-848c674fc321/resourceGroups/ps3410/providers/Microsoft.Resources/templateSpecs/ps3157/versions/v1\"\r\n    },\r\n    \"parameters\": {\r\n      \"bar\": {\r\n        \"value\": \"xyz\"\r\n      },\r\n      \"foo\": {\r\n        \"value\": \"abc\"\r\n      }\r\n    },\r\n    \"mode\": \"Incremental\"\r\n  }\r\n}",
      "RequestHeaders": {
        "x-ms-client-request-id": [
          "e7a23c68-8386-4143-8bfd-64e697f25e7e"
        ],
        "Accept-Language": [
          "en-US"
        ],
        "User-Agent": [
          "FxVersion/4.6.29719.03",
          "OSName/Windows",
          "OSVersion/Microsoft.Windows.10.0.19042.",
          "Microsoft.Azure.Management.ResourceManager.ResourceManagementClient/3.11.0.0"
        ],
        "Content-Type": [
          "application/json; charset=utf-8"
        ],
        "Content-Length": [
          "394"
        ]
      },
      "ResponseHeaders": {
        "Cache-Control": [
          "no-cache"
        ],
        "Pragma": [
          "no-cache"
        ],
        "Azure-AsyncOperation": [
          "https://management.azure.com/providers/Microsoft.Management/managementGroups/ps1810/providers/Microsoft.Resources/deployments/ps3157/operationStatuses/08585884558783762810?api-version=2020-10-01"
        ],
        "x-ms-ratelimit-remaining-tenant-writes": [
          "1199"
        ],
        "x-ms-request-id": [
          "2466d4af-ece4-471e-bb3b-688e22ec5ed4"
        ],
        "x-ms-correlation-request-id": [
          "2466d4af-ece4-471e-bb3b-688e22ec5ed4"
        ],
        "x-ms-routing-request-id": [
          "WESTCENTRALUS:20210212T173007Z:2466d4af-ece4-471e-bb3b-688e22ec5ed4"
        ],
        "Strict-Transport-Security": [
          "max-age=31536000; includeSubDomains"
        ],
        "X-Content-Type-Options": [
          "nosniff"
        ],
        "Date": [
          "Fri, 12 Feb 2021 17:30:07 GMT"
        ],
        "Content-Length": [
          "732"
        ],
        "Content-Type": [
          "application/json; charset=utf-8"
        ],
        "Expires": [
          "-1"
        ],
        "Retry-After": [
          "0"
        ]
      },
      "ResponseBody": "{\r\n  \"id\": \"/providers/Microsoft.Management/managementGroups/ps1810/providers/Microsoft.Resources/deployments/ps3157\",\r\n  \"name\": \"ps3157\",\r\n  \"type\": \"Microsoft.Resources/deployments\",\r\n  \"location\": \"westus2\",\r\n  \"properties\": {\r\n    \"templateLink\": {\r\n      \"id\": \"/subscriptions/a1bfa635-f2bf-42f1-86b5-848c674fc321/resourceGroups/ps3410/providers/Microsoft.Resources/templateSpecs/ps3157/versions/v1\",\r\n      \"contentVersion\": \"1.0.0.0\"\r\n    },\r\n    \"templateHash\": \"17257823359974361546\",\r\n    \"parameters\": {\r\n      \"foo\": {\r\n        \"type\": \"String\",\r\n        \"value\": \"abc\"\r\n      },\r\n      \"bar\": {\r\n        \"type\": \"String\",\r\n        \"value\": \"xyz\"\r\n      }\r\n    },\r\n    \"mode\": \"Incremental\",\r\n    \"provisioningState\": \"Accepted\",\r\n    \"timestamp\": \"2021-02-12T17:30:07.7193391Z\",\r\n    \"duration\": \"PT0.6180147S\",\r\n    \"correlationId\": \"2466d4af-ece4-471e-bb3b-688e22ec5ed4\",\r\n    \"providers\": [],\r\n    \"dependencies\": []\r\n  }\r\n}",
      "StatusCode": 201
    },
    {
      "RequestUri": "/providers/Microsoft.Management/managementGroups/ps1810/providers/Microsoft.Resources/deployments/ps3157/operations?api-version=2020-10-01",
      "EncodedRequestUri": "L3Byb3ZpZGVycy9NaWNyb3NvZnQuTWFuYWdlbWVudC9tYW5hZ2VtZW50R3JvdXBzL3BzMTgxMC9wcm92aWRlcnMvTWljcm9zb2Z0LlJlc291cmNlcy9kZXBsb3ltZW50cy9wczMxNTcvb3BlcmF0aW9ucz9hcGktdmVyc2lvbj0yMDIwLTEwLTAx",
      "RequestMethod": "GET",
      "RequestBody": "",
      "RequestHeaders": {
        "x-ms-client-request-id": [
          "e7a23c68-8386-4143-8bfd-64e697f25e7e"
        ],
        "Accept-Language": [
          "en-US"
        ],
        "User-Agent": [
          "FxVersion/4.6.29719.03",
          "OSName/Windows",
          "OSVersion/Microsoft.Windows.10.0.19042.",
          "Microsoft.Azure.Management.ResourceManager.ResourceManagementClient/3.11.0.0"
        ]
      },
      "ResponseHeaders": {
        "Cache-Control": [
          "no-cache"
        ],
        "Pragma": [
          "no-cache"
        ],
        "x-ms-ratelimit-remaining-tenant-reads": [
          "11999"
        ],
        "x-ms-request-id": [
          "2c500311-974f-43d6-b077-f9fbd9427241"
        ],
        "x-ms-correlation-request-id": [
          "2c500311-974f-43d6-b077-f9fbd9427241"
        ],
        "x-ms-routing-request-id": [
          "WESTCENTRALUS:20210212T173008Z:2c500311-974f-43d6-b077-f9fbd9427241"
        ],
        "Strict-Transport-Security": [
          "max-age=31536000; includeSubDomains"
        ],
        "X-Content-Type-Options": [
          "nosniff"
        ],
        "Date": [
          "Fri, 12 Feb 2021 17:30:07 GMT"
        ],
        "Content-Type": [
          "application/json; charset=utf-8"
        ],
        "Expires": [
          "-1"
        ],
        "Content-Length": [
          "12"
        ],
        "Retry-After": [
          "0"
        ]
      },
      "ResponseBody": "{\r\n  \"value\": []\r\n}",
      "StatusCode": 200
    },
    {
      "RequestUri": "/providers/Microsoft.Management/managementGroups/ps1810/providers/Microsoft.Resources/deployments/ps3157/operations?api-version=2020-10-01",
      "EncodedRequestUri": "L3Byb3ZpZGVycy9NaWNyb3NvZnQuTWFuYWdlbWVudC9tYW5hZ2VtZW50R3JvdXBzL3BzMTgxMC9wcm92aWRlcnMvTWljcm9zb2Z0LlJlc291cmNlcy9kZXBsb3ltZW50cy9wczMxNTcvb3BlcmF0aW9ucz9hcGktdmVyc2lvbj0yMDIwLTEwLTAx",
      "RequestMethod": "GET",
      "RequestBody": "",
      "RequestHeaders": {
        "x-ms-client-request-id": [
          "e7a23c68-8386-4143-8bfd-64e697f25e7e"
        ],
        "Accept-Language": [
          "en-US"
        ],
        "User-Agent": [
          "FxVersion/4.6.29719.03",
          "OSName/Windows",
          "OSVersion/Microsoft.Windows.10.0.19042.",
          "Microsoft.Azure.Management.ResourceManager.ResourceManagementClient/3.11.0.0"
        ]
      },
      "ResponseHeaders": {
        "Cache-Control": [
          "no-cache"
        ],
        "Pragma": [
          "no-cache"
        ],
        "x-ms-ratelimit-remaining-tenant-reads": [
          "11997"
        ],
        "x-ms-request-id": [
          "429480d8-9bc4-42f2-8d82-2a3b52ef31aa"
        ],
        "x-ms-correlation-request-id": [
          "429480d8-9bc4-42f2-8d82-2a3b52ef31aa"
        ],
        "x-ms-routing-request-id": [
          "WESTCENTRALUS:20210212T173008Z:429480d8-9bc4-42f2-8d82-2a3b52ef31aa"
        ],
        "Strict-Transport-Security": [
          "max-age=31536000; includeSubDomains"
        ],
        "X-Content-Type-Options": [
          "nosniff"
        ],
        "Date": [
          "Fri, 12 Feb 2021 17:30:07 GMT"
        ],
        "Content-Type": [
          "application/json; charset=utf-8"
        ],
        "Expires": [
          "-1"
        ],
        "Content-Length": [
          "12"
        ],
        "Retry-After": [
          "0"
        ]
      },
      "ResponseBody": "{\r\n  \"value\": []\r\n}",
      "StatusCode": 200
    },
    {
      "RequestUri": "/providers/Microsoft.Management/managementGroups/ps1810/providers/Microsoft.Resources/deployments/ps3157/operations?api-version=2020-10-01",
      "EncodedRequestUri": "L3Byb3ZpZGVycy9NaWNyb3NvZnQuTWFuYWdlbWVudC9tYW5hZ2VtZW50R3JvdXBzL3BzMTgxMC9wcm92aWRlcnMvTWljcm9zb2Z0LlJlc291cmNlcy9kZXBsb3ltZW50cy9wczMxNTcvb3BlcmF0aW9ucz9hcGktdmVyc2lvbj0yMDIwLTEwLTAx",
      "RequestMethod": "GET",
      "RequestBody": "",
      "RequestHeaders": {
        "x-ms-client-request-id": [
          "e7a23c68-8386-4143-8bfd-64e697f25e7e"
        ],
        "Accept-Language": [
          "en-US"
        ],
        "User-Agent": [
          "FxVersion/4.6.29719.03",
          "OSName/Windows",
          "OSVersion/Microsoft.Windows.10.0.19042.",
          "Microsoft.Azure.Management.ResourceManager.ResourceManagementClient/3.11.0.0"
        ]
      },
      "ResponseHeaders": {
        "Cache-Control": [
          "no-cache"
        ],
        "Pragma": [
          "no-cache"
        ],
        "x-ms-ratelimit-remaining-tenant-reads": [
          "11995"
        ],
        "x-ms-request-id": [
          "37b2a180-e360-4a09-b035-b2d42279cc1b"
        ],
        "x-ms-correlation-request-id": [
          "37b2a180-e360-4a09-b035-b2d42279cc1b"
        ],
        "x-ms-routing-request-id": [
          "WESTCENTRALUS:20210212T173008Z:37b2a180-e360-4a09-b035-b2d42279cc1b"
        ],
        "Strict-Transport-Security": [
          "max-age=31536000; includeSubDomains"
        ],
        "X-Content-Type-Options": [
          "nosniff"
        ],
        "Date": [
          "Fri, 12 Feb 2021 17:30:08 GMT"
        ],
        "Content-Type": [
          "application/json; charset=utf-8"
        ],
        "Expires": [
          "-1"
        ],
        "Content-Length": [
          "12"
        ],
        "Retry-After": [
          "0"
        ]
      },
      "ResponseBody": "{\r\n  \"value\": []\r\n}",
      "StatusCode": 200
    },
    {
      "RequestUri": "/providers/Microsoft.Management/managementGroups/ps1810/providers/Microsoft.Resources/deployments/ps3157/operations?api-version=2020-10-01",
      "EncodedRequestUri": "L3Byb3ZpZGVycy9NaWNyb3NvZnQuTWFuYWdlbWVudC9tYW5hZ2VtZW50R3JvdXBzL3BzMTgxMC9wcm92aWRlcnMvTWljcm9zb2Z0LlJlc291cmNlcy9kZXBsb3ltZW50cy9wczMxNTcvb3BlcmF0aW9ucz9hcGktdmVyc2lvbj0yMDIwLTEwLTAx",
      "RequestMethod": "GET",
      "RequestBody": "",
      "RequestHeaders": {
        "x-ms-client-request-id": [
          "e7a23c68-8386-4143-8bfd-64e697f25e7e"
        ],
        "Accept-Language": [
          "en-US"
        ],
        "User-Agent": [
          "FxVersion/4.6.29719.03",
          "OSName/Windows",
          "OSVersion/Microsoft.Windows.10.0.19042.",
          "Microsoft.Azure.Management.ResourceManager.ResourceManagementClient/3.11.0.0"
        ]
      },
      "ResponseHeaders": {
        "Cache-Control": [
          "no-cache"
        ],
        "Pragma": [
          "no-cache"
        ],
        "x-ms-ratelimit-remaining-tenant-reads": [
          "11993"
        ],
        "x-ms-request-id": [
          "cbc02dfa-ee3e-4dad-bc12-e2b543d3c0e1"
        ],
        "x-ms-correlation-request-id": [
          "cbc02dfa-ee3e-4dad-bc12-e2b543d3c0e1"
        ],
        "x-ms-routing-request-id": [
          "WESTCENTRALUS:20210212T173008Z:cbc02dfa-ee3e-4dad-bc12-e2b543d3c0e1"
        ],
        "Strict-Transport-Security": [
          "max-age=31536000; includeSubDomains"
        ],
        "X-Content-Type-Options": [
          "nosniff"
        ],
        "Date": [
          "Fri, 12 Feb 2021 17:30:08 GMT"
        ],
        "Content-Type": [
          "application/json; charset=utf-8"
        ],
        "Expires": [
          "-1"
        ],
        "Content-Length": [
          "12"
        ],
        "Retry-After": [
          "0"
        ]
      },
      "ResponseBody": "{\r\n  \"value\": []\r\n}",
      "StatusCode": 200
    },
    {
      "RequestUri": "/providers/Microsoft.Management/managementGroups/ps1810/providers/Microsoft.Resources/deployments/ps3157?api-version=2020-10-01",
      "EncodedRequestUri": "L3Byb3ZpZGVycy9NaWNyb3NvZnQuTWFuYWdlbWVudC9tYW5hZ2VtZW50R3JvdXBzL3BzMTgxMC9wcm92aWRlcnMvTWljcm9zb2Z0LlJlc291cmNlcy9kZXBsb3ltZW50cy9wczMxNTc/YXBpLXZlcnNpb249MjAyMC0xMC0wMQ==",
      "RequestMethod": "GET",
      "RequestBody": "",
      "RequestHeaders": {
        "x-ms-client-request-id": [
          "e7a23c68-8386-4143-8bfd-64e697f25e7e"
        ],
        "Accept-Language": [
          "en-US"
        ],
        "User-Agent": [
          "FxVersion/4.6.29719.03",
          "OSName/Windows",
          "OSVersion/Microsoft.Windows.10.0.19042.",
          "Microsoft.Azure.Management.ResourceManager.ResourceManagementClient/3.11.0.0"
        ]
      },
      "ResponseHeaders": {
        "Cache-Control": [
          "no-cache"
        ],
        "Pragma": [
          "no-cache"
        ],
        "Retry-After": [
          "0"
        ],
        "x-ms-ratelimit-remaining-tenant-reads": [
          "11998"
        ],
        "x-ms-request-id": [
          "8e42f53e-9146-4077-aa5e-c1f186b71853"
        ],
        "x-ms-correlation-request-id": [
          "8e42f53e-9146-4077-aa5e-c1f186b71853"
        ],
        "x-ms-routing-request-id": [
          "WESTCENTRALUS:20210212T173008Z:8e42f53e-9146-4077-aa5e-c1f186b71853"
        ],
        "Strict-Transport-Security": [
          "max-age=31536000; includeSubDomains"
        ],
        "X-Content-Type-Options": [
          "nosniff"
        ],
        "Date": [
          "Fri, 12 Feb 2021 17:30:07 GMT"
        ],
        "Content-Type": [
          "application/json; charset=utf-8"
        ],
        "Expires": [
          "-1"
        ],
        "Content-Length": [
          "731"
        ]
      },
      "ResponseBody": "{\r\n  \"id\": \"/providers/Microsoft.Management/managementGroups/ps1810/providers/Microsoft.Resources/deployments/ps3157\",\r\n  \"name\": \"ps3157\",\r\n  \"type\": \"Microsoft.Resources/deployments\",\r\n  \"location\": \"westus2\",\r\n  \"properties\": {\r\n    \"templateLink\": {\r\n      \"id\": \"/subscriptions/a1bfa635-f2bf-42f1-86b5-848c674fc321/resourceGroups/ps3410/providers/Microsoft.Resources/templateSpecs/ps3157/versions/v1\",\r\n      \"contentVersion\": \"1.0.0.0\"\r\n    },\r\n    \"templateHash\": \"17257823359974361546\",\r\n    \"parameters\": {\r\n      \"foo\": {\r\n        \"type\": \"String\",\r\n        \"value\": \"abc\"\r\n      },\r\n      \"bar\": {\r\n        \"type\": \"String\",\r\n        \"value\": \"xyz\"\r\n      }\r\n    },\r\n    \"mode\": \"Incremental\",\r\n    \"provisioningState\": \"Running\",\r\n    \"timestamp\": \"2021-02-12T17:30:08.1136411Z\",\r\n    \"duration\": \"PT1.0123167S\",\r\n    \"correlationId\": \"2466d4af-ece4-471e-bb3b-688e22ec5ed4\",\r\n    \"providers\": [],\r\n    \"dependencies\": []\r\n  }\r\n}",
      "StatusCode": 200
    },
    {
      "RequestUri": "/providers/Microsoft.Management/managementGroups/ps1810/providers/Microsoft.Resources/deployments/ps3157?api-version=2020-10-01",
      "EncodedRequestUri": "L3Byb3ZpZGVycy9NaWNyb3NvZnQuTWFuYWdlbWVudC9tYW5hZ2VtZW50R3JvdXBzL3BzMTgxMC9wcm92aWRlcnMvTWljcm9zb2Z0LlJlc291cmNlcy9kZXBsb3ltZW50cy9wczMxNTc/YXBpLXZlcnNpb249MjAyMC0xMC0wMQ==",
      "RequestMethod": "GET",
      "RequestBody": "",
      "RequestHeaders": {
        "x-ms-client-request-id": [
          "e7a23c68-8386-4143-8bfd-64e697f25e7e"
        ],
        "Accept-Language": [
          "en-US"
        ],
        "User-Agent": [
          "FxVersion/4.6.29719.03",
          "OSName/Windows",
          "OSVersion/Microsoft.Windows.10.0.19042.",
          "Microsoft.Azure.Management.ResourceManager.ResourceManagementClient/3.11.0.0"
        ]
      },
      "ResponseHeaders": {
        "Cache-Control": [
          "no-cache"
        ],
        "Pragma": [
          "no-cache"
        ],
        "Retry-After": [
          "0"
        ],
        "x-ms-ratelimit-remaining-tenant-reads": [
          "11996"
        ],
        "x-ms-request-id": [
          "77221e4f-be65-4858-a8db-59bb3848d51d"
        ],
        "x-ms-correlation-request-id": [
          "77221e4f-be65-4858-a8db-59bb3848d51d"
        ],
        "x-ms-routing-request-id": [
          "WESTCENTRALUS:20210212T173008Z:77221e4f-be65-4858-a8db-59bb3848d51d"
        ],
        "Strict-Transport-Security": [
          "max-age=31536000; includeSubDomains"
        ],
        "X-Content-Type-Options": [
          "nosniff"
        ],
        "Date": [
          "Fri, 12 Feb 2021 17:30:08 GMT"
        ],
        "Content-Type": [
          "application/json; charset=utf-8"
        ],
        "Expires": [
          "-1"
        ],
        "Content-Length": [
          "731"
        ]
      },
      "ResponseBody": "{\r\n  \"id\": \"/providers/Microsoft.Management/managementGroups/ps1810/providers/Microsoft.Resources/deployments/ps3157\",\r\n  \"name\": \"ps3157\",\r\n  \"type\": \"Microsoft.Resources/deployments\",\r\n  \"location\": \"westus2\",\r\n  \"properties\": {\r\n    \"templateLink\": {\r\n      \"id\": \"/subscriptions/a1bfa635-f2bf-42f1-86b5-848c674fc321/resourceGroups/ps3410/providers/Microsoft.Resources/templateSpecs/ps3157/versions/v1\",\r\n      \"contentVersion\": \"1.0.0.0\"\r\n    },\r\n    \"templateHash\": \"17257823359974361546\",\r\n    \"parameters\": {\r\n      \"foo\": {\r\n        \"type\": \"String\",\r\n        \"value\": \"abc\"\r\n      },\r\n      \"bar\": {\r\n        \"type\": \"String\",\r\n        \"value\": \"xyz\"\r\n      }\r\n    },\r\n    \"mode\": \"Incremental\",\r\n    \"provisioningState\": \"Running\",\r\n    \"timestamp\": \"2021-02-12T17:30:08.1136411Z\",\r\n    \"duration\": \"PT1.0123167S\",\r\n    \"correlationId\": \"2466d4af-ece4-471e-bb3b-688e22ec5ed4\",\r\n    \"providers\": [],\r\n    \"dependencies\": []\r\n  }\r\n}",
      "StatusCode": 200
    },
    {
      "RequestUri": "/providers/Microsoft.Management/managementGroups/ps1810/providers/Microsoft.Resources/deployments/ps3157?api-version=2020-10-01",
      "EncodedRequestUri": "L3Byb3ZpZGVycy9NaWNyb3NvZnQuTWFuYWdlbWVudC9tYW5hZ2VtZW50R3JvdXBzL3BzMTgxMC9wcm92aWRlcnMvTWljcm9zb2Z0LlJlc291cmNlcy9kZXBsb3ltZW50cy9wczMxNTc/YXBpLXZlcnNpb249MjAyMC0xMC0wMQ==",
      "RequestMethod": "GET",
      "RequestBody": "",
      "RequestHeaders": {
        "x-ms-client-request-id": [
          "e7a23c68-8386-4143-8bfd-64e697f25e7e"
        ],
        "Accept-Language": [
          "en-US"
        ],
        "User-Agent": [
          "FxVersion/4.6.29719.03",
          "OSName/Windows",
          "OSVersion/Microsoft.Windows.10.0.19042.",
          "Microsoft.Azure.Management.ResourceManager.ResourceManagementClient/3.11.0.0"
        ]
      },
      "ResponseHeaders": {
        "Cache-Control": [
          "no-cache"
        ],
        "Pragma": [
          "no-cache"
        ],
        "Retry-After": [
          "0"
        ],
        "x-ms-ratelimit-remaining-tenant-reads": [
          "11994"
        ],
        "x-ms-request-id": [
          "4c2d2a13-78c7-4c04-b42d-1f52083ca6cb"
        ],
        "x-ms-correlation-request-id": [
          "4c2d2a13-78c7-4c04-b42d-1f52083ca6cb"
        ],
        "x-ms-routing-request-id": [
          "WESTCENTRALUS:20210212T173008Z:4c2d2a13-78c7-4c04-b42d-1f52083ca6cb"
        ],
        "Strict-Transport-Security": [
          "max-age=31536000; includeSubDomains"
        ],
        "X-Content-Type-Options": [
          "nosniff"
        ],
        "Date": [
          "Fri, 12 Feb 2021 17:30:08 GMT"
        ],
        "Content-Type": [
          "application/json; charset=utf-8"
        ],
        "Expires": [
          "-1"
        ],
        "Content-Length": [
          "731"
        ]
      },
      "ResponseBody": "{\r\n  \"id\": \"/providers/Microsoft.Management/managementGroups/ps1810/providers/Microsoft.Resources/deployments/ps3157\",\r\n  \"name\": \"ps3157\",\r\n  \"type\": \"Microsoft.Resources/deployments\",\r\n  \"location\": \"westus2\",\r\n  \"properties\": {\r\n    \"templateLink\": {\r\n      \"id\": \"/subscriptions/a1bfa635-f2bf-42f1-86b5-848c674fc321/resourceGroups/ps3410/providers/Microsoft.Resources/templateSpecs/ps3157/versions/v1\",\r\n      \"contentVersion\": \"1.0.0.0\"\r\n    },\r\n    \"templateHash\": \"17257823359974361546\",\r\n    \"parameters\": {\r\n      \"foo\": {\r\n        \"type\": \"String\",\r\n        \"value\": \"abc\"\r\n      },\r\n      \"bar\": {\r\n        \"type\": \"String\",\r\n        \"value\": \"xyz\"\r\n      }\r\n    },\r\n    \"mode\": \"Incremental\",\r\n    \"provisioningState\": \"Running\",\r\n    \"timestamp\": \"2021-02-12T17:30:08.1136411Z\",\r\n    \"duration\": \"PT1.0123167S\",\r\n    \"correlationId\": \"2466d4af-ece4-471e-bb3b-688e22ec5ed4\",\r\n    \"providers\": [],\r\n    \"dependencies\": []\r\n  }\r\n}",
      "StatusCode": 200
    },
    {
      "RequestUri": "/providers/Microsoft.Management/managementGroups/ps1810/providers/Microsoft.Resources/deployments/ps3157?api-version=2020-10-01",
      "EncodedRequestUri": "L3Byb3ZpZGVycy9NaWNyb3NvZnQuTWFuYWdlbWVudC9tYW5hZ2VtZW50R3JvdXBzL3BzMTgxMC9wcm92aWRlcnMvTWljcm9zb2Z0LlJlc291cmNlcy9kZXBsb3ltZW50cy9wczMxNTc/YXBpLXZlcnNpb249MjAyMC0xMC0wMQ==",
      "RequestMethod": "GET",
      "RequestBody": "",
      "RequestHeaders": {
        "x-ms-client-request-id": [
          "e7a23c68-8386-4143-8bfd-64e697f25e7e"
        ],
        "Accept-Language": [
          "en-US"
        ],
        "User-Agent": [
          "FxVersion/4.6.29719.03",
          "OSName/Windows",
          "OSVersion/Microsoft.Windows.10.0.19042.",
          "Microsoft.Azure.Management.ResourceManager.ResourceManagementClient/3.11.0.0"
        ]
      },
      "ResponseHeaders": {
        "Cache-Control": [
          "no-cache"
        ],
        "Pragma": [
          "no-cache"
        ],
        "x-ms-ratelimit-remaining-tenant-reads": [
          "11992"
        ],
        "x-ms-request-id": [
          "3f1530d5-d12c-46fa-8f70-03483efb8302"
        ],
        "x-ms-correlation-request-id": [
          "3f1530d5-d12c-46fa-8f70-03483efb8302"
        ],
        "x-ms-routing-request-id": [
          "WESTCENTRALUS:20210212T173009Z:3f1530d5-d12c-46fa-8f70-03483efb8302"
        ],
        "Strict-Transport-Security": [
          "max-age=31536000; includeSubDomains"
        ],
        "X-Content-Type-Options": [
          "nosniff"
        ],
        "Date": [
          "Fri, 12 Feb 2021 17:30:08 GMT"
        ],
        "Content-Type": [
          "application/json; charset=utf-8"
        ],
        "Expires": [
          "-1"
        ],
        "Content-Length": [
          "842"
        ],
        "Retry-After": [
          "0"
        ]
      },
      "ResponseBody": "{\r\n  \"id\": \"/providers/Microsoft.Management/managementGroups/ps1810/providers/Microsoft.Resources/deployments/ps3157\",\r\n  \"name\": \"ps3157\",\r\n  \"type\": \"Microsoft.Resources/deployments\",\r\n  \"location\": \"westus2\",\r\n  \"properties\": {\r\n    \"templateLink\": {\r\n      \"id\": \"/subscriptions/a1bfa635-f2bf-42f1-86b5-848c674fc321/resourceGroups/ps3410/providers/Microsoft.Resources/templateSpecs/ps3157/versions/v1\",\r\n      \"contentVersion\": \"1.0.0.0\"\r\n    },\r\n    \"templateHash\": \"17257823359974361546\",\r\n    \"parameters\": {\r\n      \"foo\": {\r\n        \"type\": \"String\",\r\n        \"value\": \"abc\"\r\n      },\r\n      \"bar\": {\r\n        \"type\": \"String\",\r\n        \"value\": \"xyz\"\r\n      }\r\n    },\r\n    \"mode\": \"Incremental\",\r\n    \"provisioningState\": \"Succeeded\",\r\n    \"timestamp\": \"2021-02-12T17:30:08.8737277Z\",\r\n    \"duration\": \"PT1.7724033S\",\r\n    \"correlationId\": \"2466d4af-ece4-471e-bb3b-688e22ec5ed4\",\r\n    \"providers\": [],\r\n    \"dependencies\": [],\r\n    \"outputs\": {\r\n      \"foo\": {\r\n        \"type\": \"String\",\r\n        \"value\": \"abc\"\r\n      },\r\n      \"bar\": {\r\n        \"type\": \"String\",\r\n        \"value\": \"xyz\"\r\n      }\r\n    },\r\n    \"outputResources\": []\r\n  }\r\n}",
      "StatusCode": 200
    },
    {
      "RequestUri": "/providers/Microsoft.Management/managementGroups/ps1810/providers/Microsoft.Resources/deployments/ps3157?api-version=2020-10-01",
      "EncodedRequestUri": "L3Byb3ZpZGVycy9NaWNyb3NvZnQuTWFuYWdlbWVudC9tYW5hZ2VtZW50R3JvdXBzL3BzMTgxMC9wcm92aWRlcnMvTWljcm9zb2Z0LlJlc291cmNlcy9kZXBsb3ltZW50cy9wczMxNTc/YXBpLXZlcnNpb249MjAyMC0xMC0wMQ==",
      "RequestMethod": "HEAD",
      "RequestBody": "",
      "RequestHeaders": {
        "x-ms-client-request-id": [
          "2a31290c-0fa7-4b20-80c5-0ff3e6ea5885"
        ],
        "Accept-Language": [
          "en-US"
        ],
        "User-Agent": [
          "FxVersion/4.6.29719.03",
          "OSName/Windows",
          "OSVersion/Microsoft.Windows.10.0.19042.",
          "Microsoft.Azure.Management.ResourceManager.ResourceManagementClient/3.11.0.0"
        ]
      },
      "ResponseHeaders": {
        "Cache-Control": [
          "no-cache"
        ],
        "Pragma": [
          "no-cache"
        ],
        "x-ms-ratelimit-remaining-tenant-reads": [
          "11998"
        ],
        "x-ms-request-id": [
          "996c9a78-80bf-4c98-80e3-a57005571ea8"
        ],
        "x-ms-correlation-request-id": [
          "996c9a78-80bf-4c98-80e3-a57005571ea8"
        ],
        "x-ms-routing-request-id": [
          "WESTCENTRALUS:20210212T173009Z:996c9a78-80bf-4c98-80e3-a57005571ea8"
        ],
        "Strict-Transport-Security": [
          "max-age=31536000; includeSubDomains"
        ],
        "X-Content-Type-Options": [
          "nosniff"
        ],
        "Date": [
          "Fri, 12 Feb 2021 17:30:08 GMT"
        ],
        "Content-Length": [
          "0"
        ],
        "Expires": [
          "-1"
        ],
        "Retry-After": [
          "0"
        ]
      },
      "ResponseBody": "",
      "StatusCode": 204
    },
    {
      "RequestUri": "/providers/Microsoft.Management/managementGroups/ps1810/providers/Microsoft.Resources/deployments/ps3157?api-version=2020-10-01",
      "EncodedRequestUri": "L3Byb3ZpZGVycy9NaWNyb3NvZnQuTWFuYWdlbWVudC9tYW5hZ2VtZW50R3JvdXBzL3BzMTgxMC9wcm92aWRlcnMvTWljcm9zb2Z0LlJlc291cmNlcy9kZXBsb3ltZW50cy9wczMxNTc/YXBpLXZlcnNpb249MjAyMC0xMC0wMQ==",
      "RequestMethod": "DELETE",
      "RequestBody": "",
      "RequestHeaders": {
        "x-ms-client-request-id": [
          "2a31290c-0fa7-4b20-80c5-0ff3e6ea5885"
        ],
        "Accept-Language": [
          "en-US"
        ],
        "User-Agent": [
          "FxVersion/4.6.29719.03",
          "OSName/Windows",
          "OSVersion/Microsoft.Windows.10.0.19042.",
          "Microsoft.Azure.Management.ResourceManager.ResourceManagementClient/3.11.0.0"
        ]
      },
      "ResponseHeaders": {
        "Cache-Control": [
          "no-cache"
        ],
        "Pragma": [
          "no-cache"
        ],
        "Location": [
          "https://management.azure.com/providers/Microsoft.Resources/operationResults/eyJqb2JJZCI6IkRlcGxveW1lbnREZWxldGlvbkpvYi1NR05TLVBTMTgxMC1QUzMxNTctIiwiam9iTG9jYXRpb24iOiJ3ZXN0dXMyIn0?api-version=2020-10-01"
        ],
        "Retry-After": [
          "0"
        ],
        "x-ms-ratelimit-remaining-tenant-deletes": [
          "14999"
        ],
        "x-ms-request-id": [
          "710c45cb-b40b-49d3-bda8-c22a0c96eb49"
        ],
        "x-ms-correlation-request-id": [
          "710c45cb-b40b-49d3-bda8-c22a0c96eb49"
        ],
        "x-ms-routing-request-id": [
          "WESTCENTRALUS:20210212T173010Z:710c45cb-b40b-49d3-bda8-c22a0c96eb49"
        ],
        "Strict-Transport-Security": [
          "max-age=31536000; includeSubDomains"
        ],
        "X-Content-Type-Options": [
          "nosniff"
        ],
        "Date": [
          "Fri, 12 Feb 2021 17:30:09 GMT"
        ],
        "Expires": [
          "-1"
        ],
        "Content-Length": [
          "0"
        ]
      },
      "ResponseBody": "",
      "StatusCode": 202
    },
    {
      "RequestUri": "/providers/Microsoft.Resources/operationResults/eyJqb2JJZCI6IkRlcGxveW1lbnREZWxldGlvbkpvYi1NR05TLVBTMTgxMC1QUzMxNTctIiwiam9iTG9jYXRpb24iOiJ3ZXN0dXMyIn0?api-version=2020-10-01",
      "EncodedRequestUri": "L3Byb3ZpZGVycy9NaWNyb3NvZnQuUmVzb3VyY2VzL29wZXJhdGlvblJlc3VsdHMvZXlKcWIySkpaQ0k2SWtSbGNHeHZlVzFsYm5SRVpXeGxkR2x2YmtwdllpMU5SMDVUTFZCVE1UZ3hNQzFRVXpNeE5UY3RJaXdpYW05aVRHOWpZWFJwYjI0aU9pSjNaWE4wZFhNeUluMD9hcGktdmVyc2lvbj0yMDIwLTEwLTAx",
      "RequestMethod": "GET",
      "RequestBody": "",
      "RequestHeaders": {
        "x-ms-client-request-id": [
          "2a31290c-0fa7-4b20-80c5-0ff3e6ea5885"
        ],
        "User-Agent": [
          "FxVersion/4.6.29719.03",
          "OSName/Windows",
          "OSVersion/Microsoft.Windows.10.0.19042.",
          "Microsoft.Azure.Management.ResourceManager.ResourceManagementClient/3.11.0.0"
        ]
      },
      "ResponseHeaders": {
        "Cache-Control": [
          "no-cache"
        ],
        "Pragma": [
          "no-cache"
        ],
        "x-ms-ratelimit-remaining-tenant-reads": [
          "11997"
        ],
        "x-ms-request-id": [
          "92c89700-a6fe-44d1-8c84-fcd2936648a1"
        ],
        "x-ms-correlation-request-id": [
          "92c89700-a6fe-44d1-8c84-fcd2936648a1"
        ],
        "x-ms-routing-request-id": [
          "WESTCENTRALUS:20210212T173025Z:92c89700-a6fe-44d1-8c84-fcd2936648a1"
        ],
        "Strict-Transport-Security": [
          "max-age=31536000; includeSubDomains"
        ],
        "X-Content-Type-Options": [
          "nosniff"
        ],
        "Date": [
          "Fri, 12 Feb 2021 17:30:24 GMT"
        ],
        "Expires": [
          "-1"
        ],
        "Retry-After": [
          "0"
        ]
      },
      "ResponseBody": "",
      "StatusCode": 204
    },
    {
      "RequestUri": "/providers/Microsoft.Resources/operationResults/eyJqb2JJZCI6IkRlcGxveW1lbnREZWxldGlvbkpvYi1NR05TLVBTMTgxMC1QUzMxNTctIiwiam9iTG9jYXRpb24iOiJ3ZXN0dXMyIn0?api-version=2020-10-01",
      "EncodedRequestUri": "L3Byb3ZpZGVycy9NaWNyb3NvZnQuUmVzb3VyY2VzL29wZXJhdGlvblJlc3VsdHMvZXlKcWIySkpaQ0k2SWtSbGNHeHZlVzFsYm5SRVpXeGxkR2x2YmtwdllpMU5SMDVUTFZCVE1UZ3hNQzFRVXpNeE5UY3RJaXdpYW05aVRHOWpZWFJwYjI0aU9pSjNaWE4wZFhNeUluMD9hcGktdmVyc2lvbj0yMDIwLTEwLTAx",
      "RequestMethod": "GET",
      "RequestBody": "",
      "RequestHeaders": {
        "x-ms-client-request-id": [
          "2a31290c-0fa7-4b20-80c5-0ff3e6ea5885"
        ],
        "User-Agent": [
          "FxVersion/4.6.29719.03",
          "OSName/Windows",
          "OSVersion/Microsoft.Windows.10.0.19042.",
          "Microsoft.Azure.Management.ResourceManager.ResourceManagementClient/3.11.0.0"
        ]
      },
      "ResponseHeaders": {
        "Cache-Control": [
          "no-cache"
        ],
        "Pragma": [
          "no-cache"
        ],
        "x-ms-ratelimit-remaining-tenant-reads": [
          "11996"
        ],
        "x-ms-request-id": [
          "14413c7f-4609-40b2-ba28-147a505f5eb9"
        ],
        "x-ms-correlation-request-id": [
          "14413c7f-4609-40b2-ba28-147a505f5eb9"
        ],
        "x-ms-routing-request-id": [
          "WESTCENTRALUS:20210212T173025Z:14413c7f-4609-40b2-ba28-147a505f5eb9"
        ],
        "Strict-Transport-Security": [
          "max-age=31536000; includeSubDomains"
        ],
        "X-Content-Type-Options": [
          "nosniff"
        ],
        "Date": [
          "Fri, 12 Feb 2021 17:30:24 GMT"
        ],
        "Expires": [
          "-1"
        ],
        "Retry-After": [
          "0"
        ]
      },
      "ResponseBody": "",
      "StatusCode": 204
    },
    {
      "RequestUri": "/subscriptions/a1bfa635-f2bf-42f1-86b5-848c674fc321/resourcegroups/ps3410?api-version=2020-10-01",
      "EncodedRequestUri": "L3N1YnNjcmlwdGlvbnMvYTFiZmE2MzUtZjJiZi00MmYxLTg2YjUtODQ4YzY3NGZjMzIxL3Jlc291cmNlZ3JvdXBzL3BzMzQxMD9hcGktdmVyc2lvbj0yMDIwLTEwLTAx",
      "RequestMethod": "DELETE",
      "RequestBody": "",
      "RequestHeaders": {
        "x-ms-client-request-id": [
          "b87701e2-56e6-4886-8d83-45d3da944e57"
        ],
        "Accept-Language": [
          "en-US"
        ],
        "User-Agent": [
          "FxVersion/4.6.29719.03",
          "OSName/Windows",
          "OSVersion/Microsoft.Windows.10.0.19042.",
          "Microsoft.Azure.Management.ResourceManager.ResourceManagementClient/3.11.0.0"
        ]
      },
      "ResponseHeaders": {
        "Cache-Control": [
          "no-cache"
        ],
        "Pragma": [
          "no-cache"
        ],
        "Location": [
          "https://management.azure.com/subscriptions/a1bfa635-f2bf-42f1-86b5-848c674fc321/operationresults/eyJqb2JJZCI6IlJFU09VUkNFR1JPVVBERUxFVElPTkpPQi1QUzM0MTAtV0VTVFVTMiIsImpvYkxvY2F0aW9uIjoid2VzdHVzMiJ9?api-version=2020-10-01"
        ],
        "Retry-After": [
          "0"
        ],
        "x-ms-ratelimit-remaining-subscription-deletes": [
          "14999"
        ],
        "x-ms-request-id": [
          "e5276d93-5ed8-4d6c-a1f7-53520b65a3bb"
        ],
        "x-ms-correlation-request-id": [
          "e5276d93-5ed8-4d6c-a1f7-53520b65a3bb"
        ],
        "x-ms-routing-request-id": [
          "WESTCENTRALUS:20210212T173026Z:e5276d93-5ed8-4d6c-a1f7-53520b65a3bb"
        ],
        "Strict-Transport-Security": [
          "max-age=31536000; includeSubDomains"
        ],
        "X-Content-Type-Options": [
          "nosniff"
        ],
        "Date": [
          "Fri, 12 Feb 2021 17:30:26 GMT"
        ],
        "Expires": [
          "-1"
        ],
        "Content-Length": [
          "0"
        ]
      },
      "ResponseBody": "",
      "StatusCode": 202
    },
    {
      "RequestUri": "/subscriptions/a1bfa635-f2bf-42f1-86b5-848c674fc321/operationresults/eyJqb2JJZCI6IlJFU09VUkNFR1JPVVBERUxFVElPTkpPQi1QUzM0MTAtV0VTVFVTMiIsImpvYkxvY2F0aW9uIjoid2VzdHVzMiJ9?api-version=2020-10-01",
      "EncodedRequestUri": "L3N1YnNjcmlwdGlvbnMvYTFiZmE2MzUtZjJiZi00MmYxLTg2YjUtODQ4YzY3NGZjMzIxL29wZXJhdGlvbnJlc3VsdHMvZXlKcWIySkpaQ0k2SWxKRlUwOVZVa05GUjFKUFZWQkVSVXhGVkVsUFRrcFBRaTFRVXpNME1UQXRWMFZUVkZWVE1pSXNJbXB2WWt4dlkyRjBhVzl1SWpvaWQyVnpkSFZ6TWlKOT9hcGktdmVyc2lvbj0yMDIwLTEwLTAx",
      "RequestMethod": "GET",
      "RequestBody": "",
      "RequestHeaders": {
        "x-ms-client-request-id": [
          "b87701e2-56e6-4886-8d83-45d3da944e57"
        ],
        "User-Agent": [
          "FxVersion/4.6.29719.03",
          "OSName/Windows",
          "OSVersion/Microsoft.Windows.10.0.19042.",
          "Microsoft.Azure.Management.ResourceManager.ResourceManagementClient/3.11.0.0"
        ]
      },
      "ResponseHeaders": {
        "Cache-Control": [
          "no-cache"
        ],
        "Pragma": [
          "no-cache"
        ],
        "Location": [
          "https://management.azure.com/subscriptions/a1bfa635-f2bf-42f1-86b5-848c674fc321/operationresults/eyJqb2JJZCI6IlJFU09VUkNFR1JPVVBERUxFVElPTkpPQi1QUzM0MTAtV0VTVFVTMiIsImpvYkxvY2F0aW9uIjoid2VzdHVzMiJ9?api-version=2020-10-01"
        ],
        "Retry-After": [
          "0"
        ],
        "x-ms-ratelimit-remaining-subscription-reads": [
          "11998"
        ],
        "x-ms-request-id": [
          "3f451eab-e023-49c0-9dd9-6602181dfc89"
        ],
        "x-ms-correlation-request-id": [
          "3f451eab-e023-49c0-9dd9-6602181dfc89"
        ],
        "x-ms-routing-request-id": [
          "WESTCENTRALUS:20210212T173041Z:3f451eab-e023-49c0-9dd9-6602181dfc89"
        ],
        "Strict-Transport-Security": [
          "max-age=31536000; includeSubDomains"
        ],
        "X-Content-Type-Options": [
          "nosniff"
        ],
        "Date": [
          "Fri, 12 Feb 2021 17:30:41 GMT"
        ],
        "Expires": [
          "-1"
        ],
        "Content-Length": [
          "0"
        ]
      },
      "ResponseBody": "",
      "StatusCode": 202
    },
    {
      "RequestUri": "/subscriptions/a1bfa635-f2bf-42f1-86b5-848c674fc321/operationresults/eyJqb2JJZCI6IlJFU09VUkNFR1JPVVBERUxFVElPTkpPQi1QUzM0MTAtV0VTVFVTMiIsImpvYkxvY2F0aW9uIjoid2VzdHVzMiJ9?api-version=2020-10-01",
      "EncodedRequestUri": "L3N1YnNjcmlwdGlvbnMvYTFiZmE2MzUtZjJiZi00MmYxLTg2YjUtODQ4YzY3NGZjMzIxL29wZXJhdGlvbnJlc3VsdHMvZXlKcWIySkpaQ0k2SWxKRlUwOVZVa05GUjFKUFZWQkVSVXhGVkVsUFRrcFBRaTFRVXpNME1UQXRWMFZUVkZWVE1pSXNJbXB2WWt4dlkyRjBhVzl1SWpvaWQyVnpkSFZ6TWlKOT9hcGktdmVyc2lvbj0yMDIwLTEwLTAx",
      "RequestMethod": "GET",
      "RequestBody": "",
      "RequestHeaders": {
        "x-ms-client-request-id": [
          "b87701e2-56e6-4886-8d83-45d3da944e57"
        ],
        "User-Agent": [
          "FxVersion/4.6.29719.03",
          "OSName/Windows",
          "OSVersion/Microsoft.Windows.10.0.19042.",
          "Microsoft.Azure.Management.ResourceManager.ResourceManagementClient/3.11.0.0"
        ]
      },
      "ResponseHeaders": {
        "Cache-Control": [
          "no-cache"
        ],
        "Pragma": [
          "no-cache"
        ],
        "Location": [
          "https://management.azure.com/subscriptions/a1bfa635-f2bf-42f1-86b5-848c674fc321/operationresults/eyJqb2JJZCI6IlJFU09VUkNFR1JPVVBERUxFVElPTkpPQi1QUzM0MTAtV0VTVFVTMiIsImpvYkxvY2F0aW9uIjoid2VzdHVzMiJ9?api-version=2020-10-01"
        ],
        "Retry-After": [
          "0"
        ],
        "x-ms-ratelimit-remaining-subscription-reads": [
          "11997"
        ],
        "x-ms-request-id": [
          "9a83fe4d-d1bc-4118-8d69-bad0a8ae8342"
        ],
        "x-ms-correlation-request-id": [
          "9a83fe4d-d1bc-4118-8d69-bad0a8ae8342"
        ],
        "x-ms-routing-request-id": [
          "WESTCENTRALUS:20210212T173056Z:9a83fe4d-d1bc-4118-8d69-bad0a8ae8342"
        ],
        "Strict-Transport-Security": [
          "max-age=31536000; includeSubDomains"
        ],
        "X-Content-Type-Options": [
          "nosniff"
        ],
        "Date": [
          "Fri, 12 Feb 2021 17:30:56 GMT"
        ],
        "Expires": [
          "-1"
        ],
        "Content-Length": [
          "0"
        ]
      },
      "ResponseBody": "",
      "StatusCode": 202
    },
    {
      "RequestUri": "/subscriptions/a1bfa635-f2bf-42f1-86b5-848c674fc321/operationresults/eyJqb2JJZCI6IlJFU09VUkNFR1JPVVBERUxFVElPTkpPQi1QUzM0MTAtV0VTVFVTMiIsImpvYkxvY2F0aW9uIjoid2VzdHVzMiJ9?api-version=2020-10-01",
      "EncodedRequestUri": "L3N1YnNjcmlwdGlvbnMvYTFiZmE2MzUtZjJiZi00MmYxLTg2YjUtODQ4YzY3NGZjMzIxL29wZXJhdGlvbnJlc3VsdHMvZXlKcWIySkpaQ0k2SWxKRlUwOVZVa05GUjFKUFZWQkVSVXhGVkVsUFRrcFBRaTFRVXpNME1UQXRWMFZUVkZWVE1pSXNJbXB2WWt4dlkyRjBhVzl1SWpvaWQyVnpkSFZ6TWlKOT9hcGktdmVyc2lvbj0yMDIwLTEwLTAx",
      "RequestMethod": "GET",
      "RequestBody": "",
      "RequestHeaders": {
        "x-ms-client-request-id": [
          "b87701e2-56e6-4886-8d83-45d3da944e57"
        ],
        "User-Agent": [
          "FxVersion/4.6.29719.03",
          "OSName/Windows",
          "OSVersion/Microsoft.Windows.10.0.19042.",
          "Microsoft.Azure.Management.ResourceManager.ResourceManagementClient/3.11.0.0"
        ]
      },
      "ResponseHeaders": {
        "Cache-Control": [
          "no-cache"
        ],
        "Pragma": [
          "no-cache"
        ],
        "Location": [
          "https://management.azure.com/subscriptions/a1bfa635-f2bf-42f1-86b5-848c674fc321/operationresults/eyJqb2JJZCI6IlJFU09VUkNFR1JPVVBERUxFVElPTkpPQi1QUzM0MTAtV0VTVFVTMiIsImpvYkxvY2F0aW9uIjoid2VzdHVzMiJ9?api-version=2020-10-01"
        ],
        "Retry-After": [
          "0"
        ],
        "x-ms-ratelimit-remaining-subscription-reads": [
          "11996"
        ],
        "x-ms-request-id": [
          "937baaa6-99ed-4f73-8353-555ba3fd74c7"
        ],
        "x-ms-correlation-request-id": [
          "937baaa6-99ed-4f73-8353-555ba3fd74c7"
        ],
        "x-ms-routing-request-id": [
          "WESTCENTRALUS:20210212T173111Z:937baaa6-99ed-4f73-8353-555ba3fd74c7"
        ],
        "Strict-Transport-Security": [
          "max-age=31536000; includeSubDomains"
        ],
        "X-Content-Type-Options": [
          "nosniff"
        ],
        "Date": [
          "Fri, 12 Feb 2021 17:31:11 GMT"
        ],
        "Expires": [
          "-1"
        ],
        "Content-Length": [
          "0"
        ]
      },
      "ResponseBody": "",
      "StatusCode": 202
    },
    {
      "RequestUri": "/subscriptions/a1bfa635-f2bf-42f1-86b5-848c674fc321/operationresults/eyJqb2JJZCI6IlJFU09VUkNFR1JPVVBERUxFVElPTkpPQi1QUzM0MTAtV0VTVFVTMiIsImpvYkxvY2F0aW9uIjoid2VzdHVzMiJ9?api-version=2020-10-01",
      "EncodedRequestUri": "L3N1YnNjcmlwdGlvbnMvYTFiZmE2MzUtZjJiZi00MmYxLTg2YjUtODQ4YzY3NGZjMzIxL29wZXJhdGlvbnJlc3VsdHMvZXlKcWIySkpaQ0k2SWxKRlUwOVZVa05GUjFKUFZWQkVSVXhGVkVsUFRrcFBRaTFRVXpNME1UQXRWMFZUVkZWVE1pSXNJbXB2WWt4dlkyRjBhVzl1SWpvaWQyVnpkSFZ6TWlKOT9hcGktdmVyc2lvbj0yMDIwLTEwLTAx",
      "RequestMethod": "GET",
      "RequestBody": "",
      "RequestHeaders": {
        "x-ms-client-request-id": [
          "b87701e2-56e6-4886-8d83-45d3da944e57"
        ],
        "User-Agent": [
          "FxVersion/4.6.29719.03",
          "OSName/Windows",
          "OSVersion/Microsoft.Windows.10.0.19042.",
          "Microsoft.Azure.Management.ResourceManager.ResourceManagementClient/3.11.0.0"
        ]
      },
      "ResponseHeaders": {
        "Cache-Control": [
          "no-cache"
        ],
        "Pragma": [
          "no-cache"
        ],
        "Location": [
          "https://management.azure.com/subscriptions/a1bfa635-f2bf-42f1-86b5-848c674fc321/operationresults/eyJqb2JJZCI6IlJFU09VUkNFR1JPVVBERUxFVElPTkpPQi1QUzM0MTAtV0VTVFVTMiIsImpvYkxvY2F0aW9uIjoid2VzdHVzMiJ9?api-version=2020-10-01"
        ],
        "Retry-After": [
          "0"
        ],
        "x-ms-ratelimit-remaining-subscription-reads": [
          "11995"
        ],
        "x-ms-request-id": [
          "f027b353-a4b6-4706-baca-a3a8a9a669fc"
        ],
        "x-ms-correlation-request-id": [
          "f027b353-a4b6-4706-baca-a3a8a9a669fc"
        ],
        "x-ms-routing-request-id": [
          "WESTCENTRALUS:20210212T173126Z:f027b353-a4b6-4706-baca-a3a8a9a669fc"
        ],
        "Strict-Transport-Security": [
          "max-age=31536000; includeSubDomains"
        ],
        "X-Content-Type-Options": [
          "nosniff"
        ],
        "Date": [
          "Fri, 12 Feb 2021 17:31:26 GMT"
        ],
        "Expires": [
          "-1"
        ],
        "Content-Length": [
          "0"
        ]
      },
      "ResponseBody": "",
      "StatusCode": 202
    },
    {
      "RequestUri": "/subscriptions/a1bfa635-f2bf-42f1-86b5-848c674fc321/operationresults/eyJqb2JJZCI6IlJFU09VUkNFR1JPVVBERUxFVElPTkpPQi1QUzM0MTAtV0VTVFVTMiIsImpvYkxvY2F0aW9uIjoid2VzdHVzMiJ9?api-version=2020-10-01",
      "EncodedRequestUri": "L3N1YnNjcmlwdGlvbnMvYTFiZmE2MzUtZjJiZi00MmYxLTg2YjUtODQ4YzY3NGZjMzIxL29wZXJhdGlvbnJlc3VsdHMvZXlKcWIySkpaQ0k2SWxKRlUwOVZVa05GUjFKUFZWQkVSVXhGVkVsUFRrcFBRaTFRVXpNME1UQXRWMFZUVkZWVE1pSXNJbXB2WWt4dlkyRjBhVzl1SWpvaWQyVnpkSFZ6TWlKOT9hcGktdmVyc2lvbj0yMDIwLTEwLTAx",
      "RequestMethod": "GET",
      "RequestBody": "",
      "RequestHeaders": {
        "x-ms-client-request-id": [
          "b87701e2-56e6-4886-8d83-45d3da944e57"
        ],
        "User-Agent": [
          "FxVersion/4.6.29719.03",
          "OSName/Windows",
          "OSVersion/Microsoft.Windows.10.0.19042.",
          "Microsoft.Azure.Management.ResourceManager.ResourceManagementClient/3.11.0.0"
        ]
      },
      "ResponseHeaders": {
        "Cache-Control": [
          "no-cache"
        ],
        "Pragma": [
          "no-cache"
        ],
        "Location": [
          "https://management.azure.com/subscriptions/a1bfa635-f2bf-42f1-86b5-848c674fc321/operationresults/eyJqb2JJZCI6IlJFU09VUkNFR1JPVVBERUxFVElPTkpPQi1QUzM0MTAtV0VTVFVTMiIsImpvYkxvY2F0aW9uIjoid2VzdHVzMiJ9?api-version=2020-10-01"
        ],
        "Retry-After": [
          "0"
        ],
        "x-ms-ratelimit-remaining-subscription-reads": [
          "11994"
        ],
        "x-ms-request-id": [
          "1d3218d2-dab3-42ef-a74e-34d65361709a"
        ],
        "x-ms-correlation-request-id": [
          "1d3218d2-dab3-42ef-a74e-34d65361709a"
        ],
        "x-ms-routing-request-id": [
          "WESTCENTRALUS:20210212T173142Z:1d3218d2-dab3-42ef-a74e-34d65361709a"
        ],
        "Strict-Transport-Security": [
          "max-age=31536000; includeSubDomains"
        ],
        "X-Content-Type-Options": [
          "nosniff"
        ],
        "Date": [
          "Fri, 12 Feb 2021 17:31:41 GMT"
        ],
        "Expires": [
          "-1"
        ],
        "Content-Length": [
          "0"
        ]
      },
      "ResponseBody": "",
      "StatusCode": 202
    },
    {
      "RequestUri": "/subscriptions/a1bfa635-f2bf-42f1-86b5-848c674fc321/operationresults/eyJqb2JJZCI6IlJFU09VUkNFR1JPVVBERUxFVElPTkpPQi1QUzM0MTAtV0VTVFVTMiIsImpvYkxvY2F0aW9uIjoid2VzdHVzMiJ9?api-version=2020-10-01",
      "EncodedRequestUri": "L3N1YnNjcmlwdGlvbnMvYTFiZmE2MzUtZjJiZi00MmYxLTg2YjUtODQ4YzY3NGZjMzIxL29wZXJhdGlvbnJlc3VsdHMvZXlKcWIySkpaQ0k2SWxKRlUwOVZVa05GUjFKUFZWQkVSVXhGVkVsUFRrcFBRaTFRVXpNME1UQXRWMFZUVkZWVE1pSXNJbXB2WWt4dlkyRjBhVzl1SWpvaWQyVnpkSFZ6TWlKOT9hcGktdmVyc2lvbj0yMDIwLTEwLTAx",
      "RequestMethod": "GET",
      "RequestBody": "",
      "RequestHeaders": {
        "x-ms-client-request-id": [
          "b87701e2-56e6-4886-8d83-45d3da944e57"
        ],
        "User-Agent": [
          "FxVersion/4.6.29719.03",
          "OSName/Windows",
          "OSVersion/Microsoft.Windows.10.0.19042.",
          "Microsoft.Azure.Management.ResourceManager.ResourceManagementClient/3.11.0.0"
        ]
      },
      "ResponseHeaders": {
        "Cache-Control": [
          "no-cache"
        ],
        "Pragma": [
          "no-cache"
        ],
        "Location": [
          "https://management.azure.com/subscriptions/a1bfa635-f2bf-42f1-86b5-848c674fc321/operationresults/eyJqb2JJZCI6IlJFU09VUkNFR1JPVVBERUxFVElPTkpPQi1QUzM0MTAtV0VTVFVTMiIsImpvYkxvY2F0aW9uIjoid2VzdHVzMiJ9?api-version=2020-10-01"
        ],
        "Retry-After": [
          "0"
        ],
        "x-ms-ratelimit-remaining-subscription-reads": [
          "11993"
        ],
        "x-ms-request-id": [
          "d64f0109-14e3-46f9-a223-ef9b93b20374"
        ],
        "x-ms-correlation-request-id": [
          "d64f0109-14e3-46f9-a223-ef9b93b20374"
        ],
        "x-ms-routing-request-id": [
          "WESTCENTRALUS:20210212T173157Z:d64f0109-14e3-46f9-a223-ef9b93b20374"
        ],
        "Strict-Transport-Security": [
          "max-age=31536000; includeSubDomains"
        ],
        "X-Content-Type-Options": [
          "nosniff"
        ],
        "Date": [
          "Fri, 12 Feb 2021 17:31:56 GMT"
        ],
        "Expires": [
          "-1"
        ],
        "Content-Length": [
          "0"
        ]
      },
      "ResponseBody": "",
      "StatusCode": 202
    },
    {
      "RequestUri": "/subscriptions/a1bfa635-f2bf-42f1-86b5-848c674fc321/operationresults/eyJqb2JJZCI6IlJFU09VUkNFR1JPVVBERUxFVElPTkpPQi1QUzM0MTAtV0VTVFVTMiIsImpvYkxvY2F0aW9uIjoid2VzdHVzMiJ9?api-version=2020-10-01",
      "EncodedRequestUri": "L3N1YnNjcmlwdGlvbnMvYTFiZmE2MzUtZjJiZi00MmYxLTg2YjUtODQ4YzY3NGZjMzIxL29wZXJhdGlvbnJlc3VsdHMvZXlKcWIySkpaQ0k2SWxKRlUwOVZVa05GUjFKUFZWQkVSVXhGVkVsUFRrcFBRaTFRVXpNME1UQXRWMFZUVkZWVE1pSXNJbXB2WWt4dlkyRjBhVzl1SWpvaWQyVnpkSFZ6TWlKOT9hcGktdmVyc2lvbj0yMDIwLTEwLTAx",
      "RequestMethod": "GET",
      "RequestBody": "",
      "RequestHeaders": {
        "x-ms-client-request-id": [
          "b87701e2-56e6-4886-8d83-45d3da944e57"
        ],
        "User-Agent": [
          "FxVersion/4.6.29719.03",
          "OSName/Windows",
          "OSVersion/Microsoft.Windows.10.0.19042.",
          "Microsoft.Azure.Management.ResourceManager.ResourceManagementClient/3.11.0.0"
        ]
      },
      "ResponseHeaders": {
        "Cache-Control": [
          "no-cache"
        ],
        "Pragma": [
          "no-cache"
        ],
        "x-ms-ratelimit-remaining-subscription-reads": [
          "11992"
        ],
        "x-ms-request-id": [
          "f46d4ffa-2228-45ea-a2eb-9895633ca201"
        ],
        "x-ms-correlation-request-id": [
          "f46d4ffa-2228-45ea-a2eb-9895633ca201"
        ],
        "x-ms-routing-request-id": [
          "WESTCENTRALUS:20210212T173212Z:f46d4ffa-2228-45ea-a2eb-9895633ca201"
        ],
        "Strict-Transport-Security": [
          "max-age=31536000; includeSubDomains"
        ],
        "X-Content-Type-Options": [
          "nosniff"
        ],
        "Date": [
          "Fri, 12 Feb 2021 17:32:11 GMT"
        ],
        "Expires": [
          "-1"
        ],
        "Content-Length": [
          "0"
        ],
        "Retry-After": [
          "0"
        ]
      },
      "ResponseBody": "",
      "StatusCode": 200
    },
    {
      "RequestUri": "/subscriptions/a1bfa635-f2bf-42f1-86b5-848c674fc321/operationresults/eyJqb2JJZCI6IlJFU09VUkNFR1JPVVBERUxFVElPTkpPQi1QUzM0MTAtV0VTVFVTMiIsImpvYkxvY2F0aW9uIjoid2VzdHVzMiJ9?api-version=2020-10-01",
      "EncodedRequestUri": "L3N1YnNjcmlwdGlvbnMvYTFiZmE2MzUtZjJiZi00MmYxLTg2YjUtODQ4YzY3NGZjMzIxL29wZXJhdGlvbnJlc3VsdHMvZXlKcWIySkpaQ0k2SWxKRlUwOVZVa05GUjFKUFZWQkVSVXhGVkVsUFRrcFBRaTFRVXpNME1UQXRWMFZUVkZWVE1pSXNJbXB2WWt4dlkyRjBhVzl1SWpvaWQyVnpkSFZ6TWlKOT9hcGktdmVyc2lvbj0yMDIwLTEwLTAx",
      "RequestMethod": "GET",
      "RequestBody": "",
      "RequestHeaders": {
        "x-ms-client-request-id": [
          "b87701e2-56e6-4886-8d83-45d3da944e57"
        ],
        "User-Agent": [
          "FxVersion/4.6.29719.03",
          "OSName/Windows",
          "OSVersion/Microsoft.Windows.10.0.19042.",
          "Microsoft.Azure.Management.ResourceManager.ResourceManagementClient/3.11.0.0"
        ]
      },
      "ResponseHeaders": {
        "Cache-Control": [
          "no-cache"
        ],
        "Pragma": [
          "no-cache"
        ],
        "x-ms-ratelimit-remaining-subscription-reads": [
          "11991"
        ],
        "x-ms-request-id": [
          "567b99b1-044f-45a7-a9b8-d6cb110cb1ed"
        ],
        "x-ms-correlation-request-id": [
          "567b99b1-044f-45a7-a9b8-d6cb110cb1ed"
        ],
        "x-ms-routing-request-id": [
          "WESTCENTRALUS:20210212T173212Z:567b99b1-044f-45a7-a9b8-d6cb110cb1ed"
        ],
        "Strict-Transport-Security": [
          "max-age=31536000; includeSubDomains"
        ],
        "X-Content-Type-Options": [
          "nosniff"
        ],
        "Date": [
          "Fri, 12 Feb 2021 17:32:11 GMT"
        ],
        "Expires": [
          "-1"
        ],
        "Content-Length": [
          "0"
        ],
        "Retry-After": [
          "0"
        ]
      },
      "ResponseBody": "",
      "StatusCode": 200
    },
    {
      "RequestUri": "/providers/Microsoft.Management/managementGroups/ps1810?api-version=2018-03-01-preview",
      "EncodedRequestUri": "L3Byb3ZpZGVycy9NaWNyb3NvZnQuTWFuYWdlbWVudC9tYW5hZ2VtZW50R3JvdXBzL3BzMTgxMD9hcGktdmVyc2lvbj0yMDE4LTAzLTAxLXByZXZpZXc=",
      "RequestMethod": "DELETE",
      "RequestBody": "",
      "RequestHeaders": {
        "x-ms-client-request-id": [
          "d6b1b286-7cc6-4a46-949e-8880340957a4"
        ],
        "Cache-Control": [
          "no-cache"
        ],
        "Accept-Language": [
          "en-US"
        ],
        "User-Agent": [
          "FxVersion/4.6.29719.03",
          "OSName/Windows",
          "OSVersion/Microsoft.Windows.10.0.19042.",
          "Microsoft.Azure.Management.ManagementGroups.ManagementGroupsAPIClient/1.1.1.0"
        ]
      },
      "ResponseHeaders": {
        "Cache-Control": [
          "no-cache"
        ],
        "Pragma": [
          "no-cache"
        ],
        "Location": [
          "https://management.azure.com/providers/Microsoft.Management/operationResults/delete/managementGroups/ps1810?api-version=2018-03-01-preview"
        ],
        "Retry-After": [
          "0"
        ],
        "x-ms-request-id": [
          "westcentralus:c327451b-98e1-437f-b083-5925a787f581"
        ],
        "x-ba-restapi": [
          "1.0.3.1594"
        ],
        "client-request-id": [
          "c327451b-98e1-437f-b083-5925a787f581"
        ],
        "request-id": [
          "c327451b-98e1-437f-b083-5925a787f581"
        ],
        "x-ms-ratelimit-remaining-tenant-deletes": [
          "14999"
        ],
        "x-ms-correlation-request-id": [
          "c327451b-98e1-437f-b083-5925a787f581"
        ],
        "x-ms-routing-request-id": [
          "WESTCENTRALUS:20210212T173213Z:c327451b-98e1-437f-b083-5925a787f581"
        ],
        "Strict-Transport-Security": [
          "max-age=31536000; includeSubDomains"
        ],
        "X-Content-Type-Options": [
          "nosniff"
        ],
        "Date": [
          "Fri, 12 Feb 2021 17:32:13 GMT"
        ],
        "Content-Length": [
          "160"
        ],
        "Content-Type": [
          "application/json; charset=utf-8"
        ],
        "Expires": [
          "-1"
        ]
      },
      "ResponseBody": "{\r\n  \"id\": \"/providers/Microsoft.Management/managementGroups/ps1810\",\r\n  \"type\": \"/providers/Microsoft.Management/managementGroups\",\r\n  \"name\": \"ps1810\",\r\n  \"status\": \"NotStarted\"\r\n}",
      "StatusCode": 202
    },
    {
      "RequestUri": "/providers/Microsoft.Management/operationResults/delete/managementGroups/ps1810?api-version=2018-03-01-preview",
      "EncodedRequestUri": "L3Byb3ZpZGVycy9NaWNyb3NvZnQuTWFuYWdlbWVudC9vcGVyYXRpb25SZXN1bHRzL2RlbGV0ZS9tYW5hZ2VtZW50R3JvdXBzL3BzMTgxMD9hcGktdmVyc2lvbj0yMDE4LTAzLTAxLXByZXZpZXc=",
      "RequestMethod": "GET",
      "RequestBody": "",
      "RequestHeaders": {
        "x-ms-client-request-id": [
          "d6b1b286-7cc6-4a46-949e-8880340957a4"
        ],
        "User-Agent": [
          "FxVersion/4.6.29719.03",
          "OSName/Windows",
          "OSVersion/Microsoft.Windows.10.0.19042.",
          "Microsoft.Azure.Management.ManagementGroups.ManagementGroupsAPIClient/1.1.1.0"
        ]
      },
      "ResponseHeaders": {
        "Cache-Control": [
          "no-cache"
        ],
        "Pragma": [
          "no-cache"
        ],
        "Vary": [
          "Accept-Encoding"
        ],
        "x-ms-ratelimit-remaining-tenant-reads": [
          "11997"
        ],
        "x-ms-request-id": [
          "westcentralus:6a12ac9d-8b06-40c5-a3db-176cb340a790"
        ],
        "x-ba-restapi": [
          "1.0.3.1594"
        ],
        "client-request-id": [
          "6a12ac9d-8b06-40c5-a3db-176cb340a790"
        ],
        "request-id": [
          "6a12ac9d-8b06-40c5-a3db-176cb340a790"
        ],
        "x-ms-correlation-request-id": [
          "6a12ac9d-8b06-40c5-a3db-176cb340a790"
        ],
        "x-ms-routing-request-id": [
          "WESTCENTRALUS:20210212T173223Z:6a12ac9d-8b06-40c5-a3db-176cb340a790"
        ],
        "Strict-Transport-Security": [
          "max-age=31536000; includeSubDomains"
        ],
        "X-Content-Type-Options": [
          "nosniff"
        ],
        "Date": [
          "Fri, 12 Feb 2021 17:32:23 GMT"
        ],
        "Content-Length": [
          "159"
        ],
        "Content-Type": [
          "application/json; charset=utf-8"
        ],
        "Expires": [
          "-1"
        ],
        "Retry-After": [
          "0"
        ]
      },
      "ResponseBody": "{\r\n  \"id\": \"/providers/Microsoft.Management/managementGroups/ps1810\",\r\n  \"type\": \"/providers/Microsoft.Management/managementGroups\",\r\n  \"name\": \"ps1810\",\r\n  \"status\": \"Succeeded\"\r\n}",
      "StatusCode": 200
    },
    {
      "RequestUri": "/providers/Microsoft.Management/operationResults/delete/managementGroups/ps1810?api-version=2018-03-01-preview",
      "EncodedRequestUri": "L3Byb3ZpZGVycy9NaWNyb3NvZnQuTWFuYWdlbWVudC9vcGVyYXRpb25SZXN1bHRzL2RlbGV0ZS9tYW5hZ2VtZW50R3JvdXBzL3BzMTgxMD9hcGktdmVyc2lvbj0yMDE4LTAzLTAxLXByZXZpZXc=",
      "RequestMethod": "GET",
      "RequestBody": "",
      "RequestHeaders": {
        "x-ms-client-request-id": [
          "d6b1b286-7cc6-4a46-949e-8880340957a4"
        ],
        "User-Agent": [
          "FxVersion/4.6.29719.03",
          "OSName/Windows",
          "OSVersion/Microsoft.Windows.10.0.19042.",
          "Microsoft.Azure.Management.ManagementGroups.ManagementGroupsAPIClient/1.1.1.0"
        ]
      },
      "ResponseHeaders": {
        "Cache-Control": [
          "no-cache"
        ],
        "Pragma": [
          "no-cache"
        ],
        "Vary": [
          "Accept-Encoding"
        ],
        "x-ms-ratelimit-remaining-tenant-reads": [
          "11996"
        ],
        "x-ms-request-id": [
          "westcentralus:b5fc0cc4-4e91-4756-9e1e-105ce67ad257"
        ],
        "x-ba-restapi": [
          "1.0.3.1594"
        ],
        "client-request-id": [
          "b5fc0cc4-4e91-4756-9e1e-105ce67ad257"
        ],
        "request-id": [
          "b5fc0cc4-4e91-4756-9e1e-105ce67ad257"
        ],
        "x-ms-correlation-request-id": [
          "b5fc0cc4-4e91-4756-9e1e-105ce67ad257"
        ],
        "x-ms-routing-request-id": [
          "WESTCENTRALUS:20210212T173223Z:b5fc0cc4-4e91-4756-9e1e-105ce67ad257"
        ],
        "Strict-Transport-Security": [
          "max-age=31536000; includeSubDomains"
        ],
        "X-Content-Type-Options": [
          "nosniff"
        ],
        "Date": [
          "Fri, 12 Feb 2021 17:32:23 GMT"
        ],
        "Content-Length": [
          "159"
        ],
        "Content-Type": [
          "application/json; charset=utf-8"
        ],
        "Expires": [
          "-1"
        ],
        "Retry-After": [
          "0"
        ]
      },
      "ResponseBody": "{\r\n  \"id\": \"/providers/Microsoft.Management/managementGroups/ps1810\",\r\n  \"type\": \"/providers/Microsoft.Management/managementGroups\",\r\n  \"name\": \"ps1810\",\r\n  \"status\": \"Succeeded\"\r\n}",
      "StatusCode": 200
    }
  ],
  "Names": {
    "Test-NewMGDeploymentFromTemplateSpec": [
      "ps3410",
      "ps3157",
      "ps1810"
    ]
  },
  "Variables": {
    "SubscriptionId": "a1bfa635-f2bf-42f1-86b5-848c674fc321"
  }
}