{
  "Entries": [
    {
<<<<<<< HEAD
      "RequestUri": "/subscriptions/c9cbd920-c00c-427c-852b-8aaf38badaeb/resourcegroups/unknownresourcegroup/providers/Microsoft.Resources/deployments/ps1693/validate?api-version=2018-05-01",
      "EncodedRequestUri": "L3N1YnNjcmlwdGlvbnMvYzljYmQ5MjAtYzAwYy00MjdjLTg1MmItOGFhZjM4YmFkYWViL3Jlc291cmNlZ3JvdXBzL3Vua25vd25yZXNvdXJjZWdyb3VwL3Byb3ZpZGVycy9NaWNyb3NvZnQuUmVzb3VyY2VzL2RlcGxveW1lbnRzL3BzMTY5My92YWxpZGF0ZT9hcGktdmVyc2lvbj0yMDE4LTA1LTAx",
      "RequestMethod": "POST",
      "RequestBody": "{\r\n  \"properties\": {\r\n    \"template\": {\r\n      \"$schema\": \"https://schema.management.azure.com/schemas/2015-01-01/deploymentTemplate.json#\",\r\n      \"contentVersion\": \"1.0.0.0\",\r\n      \"parameters\": {\r\n        \"storageAccountName\": {\r\n          \"type\": \"String\"\r\n        },\r\n        \"storageAccountType\": {\r\n          \"type\": \"string\",\r\n          \"defaultValue\": \"Standard_LRS\",\r\n          \"allowedValues\": [\r\n            \"Standard_LRS\",\r\n            \"Standard_GRS\",\r\n            \"Standard_ZRS\"\r\n          ]\r\n        },\r\n        \"location\": {\r\n          \"type\": \"String\",\r\n          \"defaultValue\": \"East US\",\r\n          \"allowedValues\": [\r\n            \"West US\",\r\n            \"East US\"\r\n          ]\r\n        }\r\n      },\r\n      \"resources\": [\r\n        {\r\n          \"type\": \"Microsoft.Storage/storageAccounts\",\r\n          \"name\": \"[parameters('StorageAccountName')]\",\r\n          \"apiVersion\": \"2015-06-15\",\r\n          \"location\": \"[parameters('location')]\",\r\n          \"properties\": {\r\n            \"accountType\": \"[parameters('storageAccountType')]\"\r\n          }\r\n        }\r\n      ],\r\n      \"outputs\": {\r\n        \"storageAccountInfo\": {\r\n          \"value\": \"[reference(concat('Microsoft.Storage/storageAccounts/', parameters('StorageAccountName')),providers('Microsoft.Storage', 'storageAccounts').apiVersions[0])]\",\r\n          \"type\": \"object\"\r\n        }\r\n      }\r\n    },\r\n    \"parameters\": {\r\n      \"StorageAccountName\": {\r\n        \"value\": \"testvivek52f323kdd255556\"\r\n      }\r\n    },\r\n    \"mode\": \"Incremental\"\r\n  }\r\n}",
      "RequestHeaders": {
        "x-ms-client-request-id": [
          "0d7b03a7-9406-450b-9294-86d09cfd0ad5"
=======
      "RequestUri": "/subscriptions/a1bfa635-f2bf-42f1-86b5-848c674fc321/resourcegroups/unknownresourcegroup/providers/Microsoft.Resources/deployments/ps8875/validate?api-version=2020-06-01",
      "EncodedRequestUri": "L3N1YnNjcmlwdGlvbnMvYTFiZmE2MzUtZjJiZi00MmYxLTg2YjUtODQ4YzY3NGZjMzIxL3Jlc291cmNlZ3JvdXBzL3Vua25vd25yZXNvdXJjZWdyb3VwL3Byb3ZpZGVycy9NaWNyb3NvZnQuUmVzb3VyY2VzL2RlcGxveW1lbnRzL3BzODg3NS92YWxpZGF0ZT9hcGktdmVyc2lvbj0yMDIwLTA2LTAx",
      "RequestMethod": "POST",
      "RequestBody": "{\r\n  \"properties\": {\r\n    \"template\": {\r\n      \"$schema\": \"https://schema.management.azure.com/schemas/2015-01-01/deploymentTemplate.json#\",\r\n      \"contentVersion\": \"1.0.0.0\",\r\n      \"parameters\": {\r\n        \"storageAccountName\": {\r\n          \"type\": \"String\"\r\n        },\r\n        \"storageAccountType\": {\r\n          \"type\": \"string\",\r\n          \"defaultValue\": \"Standard_LRS\",\r\n          \"allowedValues\": [\r\n            \"Standard_LRS\",\r\n            \"Standard_GRS\",\r\n            \"Standard_ZRS\"\r\n          ]\r\n        },\r\n        \"location\": {\r\n          \"type\": \"String\",\r\n          \"defaultValue\": \"East US\",\r\n          \"allowedValues\": [\r\n            \"West US\",\r\n            \"East US\"\r\n          ]\r\n        }\r\n      },\r\n      \"resources\": [\r\n        {\r\n          \"type\": \"Microsoft.Storage/storageAccounts\",\r\n          \"name\": \"[parameters('StorageAccountName')]\",\r\n          \"apiVersion\": \"2015-06-15\",\r\n          \"location\": \"[parameters('location')]\",\r\n          \"properties\": {\r\n            \"accountType\": \"[parameters('storageAccountType')]\"\r\n          }\r\n        }\r\n      ],\r\n      \"outputs\": {\r\n        \"storageAccountInfo\": {\r\n          \"value\": \"[reference(concat('Microsoft.Storage/storageAccounts/', parameters('StorageAccountName')),providers('Microsoft.Storage', 'storageAccounts').apiVersions[0])]\",\r\n          \"type\": \"object\"\r\n        }\r\n      }\r\n    },\r\n    \"parameters\": {\r\n      \"storageAccountName\": {\r\n        \"value\": \"testvivek52f323kdd255556\"\r\n      }\r\n    },\r\n    \"mode\": \"Incremental\"\r\n  }\r\n}",
      "RequestHeaders": {
        "x-ms-client-request-id": [
          "07efb3eb-9033-4dd0-8135-ec48acff8506"
>>>>>>> d78b04a5306127f583235b13752c48d4f7d1289a
        ],
        "Accept-Language": [
          "en-US"
        ],
        "User-Agent": [
<<<<<<< HEAD
          "FxVersion/4.6.27129.04",
          "OSName/Windows",
          "OSVersion/Microsoft.Windows.10.0.17763.",
          "Microsoft.Azure.Management.ResourceManager.ResourceManagementClient/1.9.1.0"
=======
          "FxVersion/4.6.28207.03",
          "OSName/Windows",
          "OSVersion/Microsoft.Windows.10.0.18363.",
          "Microsoft.Azure.Management.ResourceManager.ResourceManagementClient/3.8.0.0"
>>>>>>> d78b04a5306127f583235b13752c48d4f7d1289a
        ],
        "Content-Type": [
          "application/json; charset=utf-8"
        ],
        "Content-Length": [
          "1519"
        ]
      },
      "ResponseHeaders": {
        "Cache-Control": [
          "no-cache"
        ],
        "Pragma": [
          "no-cache"
        ],
        "x-ms-failure-cause": [
          "gateway"
        ],
        "x-ms-ratelimit-remaining-subscription-writes": [
          "1199"
        ],
        "x-ms-request-id": [
<<<<<<< HEAD
          "74968414-7d23-4e85-8eda-e84c521f32af"
        ],
        "x-ms-correlation-request-id": [
          "74968414-7d23-4e85-8eda-e84c521f32af"
        ],
        "x-ms-routing-request-id": [
          "WESTUS2:20190325T224829Z:74968414-7d23-4e85-8eda-e84c521f32af"
=======
          "e016f48b-e8b2-4635-be65-835d31e35658"
        ],
        "x-ms-correlation-request-id": [
          "e016f48b-e8b2-4635-be65-835d31e35658"
        ],
        "x-ms-routing-request-id": [
          "NORTHCENTRALUS:20200714T204804Z:e016f48b-e8b2-4635-be65-835d31e35658"
>>>>>>> d78b04a5306127f583235b13752c48d4f7d1289a
        ],
        "Strict-Transport-Security": [
          "max-age=31536000; includeSubDomains"
        ],
        "X-Content-Type-Options": [
          "nosniff"
        ],
        "Date": [
<<<<<<< HEAD
          "Mon, 25 Mar 2019 22:48:29 GMT"
=======
          "Tue, 14 Jul 2020 20:48:04 GMT"
>>>>>>> d78b04a5306127f583235b13752c48d4f7d1289a
        ],
        "Content-Type": [
          "application/json; charset=utf-8"
        ],
        "Expires": [
          "-1"
        ],
        "Content-Length": [
          "112"
        ],
        "Retry-After": [
          "0"
        ]
      },
      "ResponseBody": "{\r\n  \"error\": {\r\n    \"code\": \"ResourceGroupNotFound\",\r\n    \"message\": \"Resource group 'unknownresourcegroup' could not be found.\"\r\n  }\r\n}",
      "StatusCode": 404
    },
    {
<<<<<<< HEAD
      "RequestUri": "/subscriptions/c9cbd920-c00c-427c-852b-8aaf38badaeb/resourcegroups/ps8149?api-version=2018-05-01",
      "EncodedRequestUri": "L3N1YnNjcmlwdGlvbnMvYzljYmQ5MjAtYzAwYy00MjdjLTg1MmItOGFhZjM4YmFkYWViL3Jlc291cmNlZ3JvdXBzL3BzODE0OT9hcGktdmVyc2lvbj0yMDE4LTA1LTAx",
=======
      "RequestUri": "/subscriptions/a1bfa635-f2bf-42f1-86b5-848c674fc321/resourcegroups/ps3335?api-version=2020-06-01",
      "EncodedRequestUri": "L3N1YnNjcmlwdGlvbnMvYTFiZmE2MzUtZjJiZi00MmYxLTg2YjUtODQ4YzY3NGZjMzIxL3Jlc291cmNlZ3JvdXBzL3BzMzMzNT9hcGktdmVyc2lvbj0yMDIwLTA2LTAx",
>>>>>>> d78b04a5306127f583235b13752c48d4f7d1289a
      "RequestMethod": "HEAD",
      "RequestBody": "",
      "RequestHeaders": {
        "x-ms-client-request-id": [
<<<<<<< HEAD
          "4086ed19-7de9-4b3e-9b62-49bdfc1ccff0"
=======
          "22d0a91a-9d61-4de7-b8b7-3aad4561aaf8"
>>>>>>> d78b04a5306127f583235b13752c48d4f7d1289a
        ],
        "Accept-Language": [
          "en-US"
        ],
        "User-Agent": [
<<<<<<< HEAD
          "FxVersion/4.6.27129.04",
          "OSName/Windows",
          "OSVersion/Microsoft.Windows.10.0.17763.",
          "Microsoft.Azure.Management.ResourceManager.ResourceManagementClient/1.9.1.0"
=======
          "FxVersion/4.6.28207.03",
          "OSName/Windows",
          "OSVersion/Microsoft.Windows.10.0.18363.",
          "Microsoft.Azure.Management.ResourceManager.ResourceManagementClient/3.8.0.0"
>>>>>>> d78b04a5306127f583235b13752c48d4f7d1289a
        ]
      },
      "ResponseHeaders": {
        "Cache-Control": [
          "no-cache"
        ],
        "Pragma": [
          "no-cache"
        ],
        "x-ms-failure-cause": [
          "gateway"
        ],
        "x-ms-ratelimit-remaining-subscription-reads": [
          "11999"
        ],
        "x-ms-request-id": [
<<<<<<< HEAD
          "d4c1dca7-a2ec-400b-9482-cbce99581f42"
        ],
        "x-ms-correlation-request-id": [
          "d4c1dca7-a2ec-400b-9482-cbce99581f42"
        ],
        "x-ms-routing-request-id": [
          "WESTUS2:20190325T224829Z:d4c1dca7-a2ec-400b-9482-cbce99581f42"
=======
          "0bd53b3c-fa07-4868-ba99-a9aa52894c67"
        ],
        "x-ms-correlation-request-id": [
          "0bd53b3c-fa07-4868-ba99-a9aa52894c67"
        ],
        "x-ms-routing-request-id": [
          "NORTHCENTRALUS:20200714T204804Z:0bd53b3c-fa07-4868-ba99-a9aa52894c67"
>>>>>>> d78b04a5306127f583235b13752c48d4f7d1289a
        ],
        "Strict-Transport-Security": [
          "max-age=31536000; includeSubDomains"
        ],
        "X-Content-Type-Options": [
          "nosniff"
        ],
        "Date": [
<<<<<<< HEAD
          "Mon, 25 Mar 2019 22:48:29 GMT"
=======
          "Tue, 14 Jul 2020 20:48:04 GMT"
>>>>>>> d78b04a5306127f583235b13752c48d4f7d1289a
        ],
        "Content-Length": [
          "98"
        ],
        "Content-Type": [
          "application/json; charset=utf-8"
        ],
        "Expires": [
          "-1"
        ],
        "Retry-After": [
          "0"
        ]
      },
      "ResponseBody": "",
      "StatusCode": 404
    },
    {
<<<<<<< HEAD
      "RequestUri": "/subscriptions/c9cbd920-c00c-427c-852b-8aaf38badaeb/resourcegroups/ps8149?api-version=2018-05-01",
      "EncodedRequestUri": "L3N1YnNjcmlwdGlvbnMvYzljYmQ5MjAtYzAwYy00MjdjLTg1MmItOGFhZjM4YmFkYWViL3Jlc291cmNlZ3JvdXBzL3BzODE0OT9hcGktdmVyc2lvbj0yMDE4LTA1LTAx",
=======
      "RequestUri": "/subscriptions/a1bfa635-f2bf-42f1-86b5-848c674fc321/resourcegroups/ps3335?api-version=2020-06-01",
      "EncodedRequestUri": "L3N1YnNjcmlwdGlvbnMvYTFiZmE2MzUtZjJiZi00MmYxLTg2YjUtODQ4YzY3NGZjMzIxL3Jlc291cmNlZ3JvdXBzL3BzMzMzNT9hcGktdmVyc2lvbj0yMDIwLTA2LTAx",
>>>>>>> d78b04a5306127f583235b13752c48d4f7d1289a
      "RequestMethod": "HEAD",
      "RequestBody": "",
      "RequestHeaders": {
        "x-ms-client-request-id": [
<<<<<<< HEAD
          "0640ffcb-1b3b-4b4f-bdab-a08fb6a52db5"
=======
          "a79cd538-1ee4-49e3-bc24-1fcdd77a1bf9"
>>>>>>> d78b04a5306127f583235b13752c48d4f7d1289a
        ],
        "Accept-Language": [
          "en-US"
        ],
        "User-Agent": [
<<<<<<< HEAD
          "FxVersion/4.6.27129.04",
          "OSName/Windows",
          "OSVersion/Microsoft.Windows.10.0.17763.",
          "Microsoft.Azure.Management.ResourceManager.ResourceManagementClient/1.9.1.0"
=======
          "FxVersion/4.6.28207.03",
          "OSName/Windows",
          "OSVersion/Microsoft.Windows.10.0.18363.",
          "Microsoft.Azure.Management.ResourceManager.ResourceManagementClient/3.8.0.0"
>>>>>>> d78b04a5306127f583235b13752c48d4f7d1289a
        ]
      },
      "ResponseHeaders": {
        "Cache-Control": [
          "no-cache"
        ],
        "Pragma": [
          "no-cache"
        ],
        "x-ms-ratelimit-remaining-subscription-reads": [
          "11999"
        ],
        "x-ms-request-id": [
<<<<<<< HEAD
          "9e8dc4dd-3d52-4c7b-877b-a71422e87bfa"
        ],
        "x-ms-correlation-request-id": [
          "9e8dc4dd-3d52-4c7b-877b-a71422e87bfa"
        ],
        "x-ms-routing-request-id": [
          "WESTUS2:20190325T224832Z:9e8dc4dd-3d52-4c7b-877b-a71422e87bfa"
=======
          "3c338207-ab43-4fdc-981e-098ae08f896c"
        ],
        "x-ms-correlation-request-id": [
          "3c338207-ab43-4fdc-981e-098ae08f896c"
        ],
        "x-ms-routing-request-id": [
          "NORTHCENTRALUS:20200714T204807Z:3c338207-ab43-4fdc-981e-098ae08f896c"
>>>>>>> d78b04a5306127f583235b13752c48d4f7d1289a
        ],
        "Strict-Transport-Security": [
          "max-age=31536000; includeSubDomains"
        ],
        "X-Content-Type-Options": [
          "nosniff"
        ],
        "Date": [
<<<<<<< HEAD
          "Mon, 25 Mar 2019 22:48:31 GMT"
=======
          "Tue, 14 Jul 2020 20:48:07 GMT"
>>>>>>> d78b04a5306127f583235b13752c48d4f7d1289a
        ],
        "Content-Length": [
          "0"
        ],
        "Expires": [
          "-1"
        ],
        "Retry-After": [
          "0"
        ]
      },
      "ResponseBody": "",
      "StatusCode": 204
    },
    {
<<<<<<< HEAD
      "RequestUri": "/subscriptions/c9cbd920-c00c-427c-852b-8aaf38badaeb/resourcegroups/ps8149?api-version=2018-05-01",
      "EncodedRequestUri": "L3N1YnNjcmlwdGlvbnMvYzljYmQ5MjAtYzAwYy00MjdjLTg1MmItOGFhZjM4YmFkYWViL3Jlc291cmNlZ3JvdXBzL3BzODE0OT9hcGktdmVyc2lvbj0yMDE4LTA1LTAx",
=======
      "RequestUri": "/subscriptions/a1bfa635-f2bf-42f1-86b5-848c674fc321/resourcegroups/ps3335?api-version=2020-06-01",
      "EncodedRequestUri": "L3N1YnNjcmlwdGlvbnMvYTFiZmE2MzUtZjJiZi00MmYxLTg2YjUtODQ4YzY3NGZjMzIxL3Jlc291cmNlZ3JvdXBzL3BzMzMzNT9hcGktdmVyc2lvbj0yMDIwLTA2LTAx",
>>>>>>> d78b04a5306127f583235b13752c48d4f7d1289a
      "RequestMethod": "PUT",
      "RequestBody": "{\r\n  \"location\": \"West US 2\"\r\n}",
      "RequestHeaders": {
        "x-ms-client-request-id": [
<<<<<<< HEAD
          "0e1362df-60a4-4c0d-b273-b8080abe0e85"
=======
          "ba3bb57c-6ae8-4e80-b1c2-8ab6bbeb8ea0"
>>>>>>> d78b04a5306127f583235b13752c48d4f7d1289a
        ],
        "Accept-Language": [
          "en-US"
        ],
        "User-Agent": [
<<<<<<< HEAD
          "FxVersion/4.6.27129.04",
          "OSName/Windows",
          "OSVersion/Microsoft.Windows.10.0.17763.",
          "Microsoft.Azure.Management.ResourceManager.ResourceManagementClient/1.9.1.0"
=======
          "FxVersion/4.6.28207.03",
          "OSName/Windows",
          "OSVersion/Microsoft.Windows.10.0.18363.",
          "Microsoft.Azure.Management.ResourceManager.ResourceManagementClient/3.8.0.0"
>>>>>>> d78b04a5306127f583235b13752c48d4f7d1289a
        ],
        "Content-Type": [
          "application/json; charset=utf-8"
        ],
        "Content-Length": [
          "31"
        ]
      },
      "ResponseHeaders": {
        "Cache-Control": [
          "no-cache"
        ],
        "Pragma": [
          "no-cache"
        ],
        "x-ms-ratelimit-remaining-subscription-writes": [
          "1199"
        ],
        "x-ms-request-id": [
<<<<<<< HEAD
          "7ce81e96-1efd-4e64-989b-79232919b6d4"
        ],
        "x-ms-correlation-request-id": [
          "7ce81e96-1efd-4e64-989b-79232919b6d4"
        ],
        "x-ms-routing-request-id": [
          "WESTUS2:20190325T224830Z:7ce81e96-1efd-4e64-989b-79232919b6d4"
=======
          "b97edbe3-5c1c-4e78-840b-237d72266091"
        ],
        "x-ms-correlation-request-id": [
          "b97edbe3-5c1c-4e78-840b-237d72266091"
        ],
        "x-ms-routing-request-id": [
          "NORTHCENTRALUS:20200714T204805Z:b97edbe3-5c1c-4e78-840b-237d72266091"
>>>>>>> d78b04a5306127f583235b13752c48d4f7d1289a
        ],
        "Strict-Transport-Security": [
          "max-age=31536000; includeSubDomains"
        ],
        "X-Content-Type-Options": [
          "nosniff"
        ],
        "Date": [
<<<<<<< HEAD
          "Mon, 25 Mar 2019 22:48:29 GMT"
        ],
        "Content-Length": [
          "166"
=======
          "Tue, 14 Jul 2020 20:48:05 GMT"
        ],
        "Content-Length": [
          "210"
>>>>>>> d78b04a5306127f583235b13752c48d4f7d1289a
        ],
        "Content-Type": [
          "application/json; charset=utf-8"
        ],
        "Expires": [
          "-1"
        ],
        "Retry-After": [
          "0"
        ]
      },
<<<<<<< HEAD
      "ResponseBody": "{\r\n  \"id\": \"/subscriptions/c9cbd920-c00c-427c-852b-8aaf38badaeb/resourceGroups/ps8149\",\r\n  \"name\": \"ps8149\",\r\n  \"location\": \"westus2\",\r\n  \"properties\": {\r\n    \"provisioningState\": \"Succeeded\"\r\n  }\r\n}",
      "StatusCode": 201
    },
    {
      "RequestUri": "/subscriptions/c9cbd920-c00c-427c-852b-8aaf38badaeb/resourcegroups/ps8149/providers/Microsoft.Resources/deployments/ps1693/validate?api-version=2018-05-01",
      "EncodedRequestUri": "L3N1YnNjcmlwdGlvbnMvYzljYmQ5MjAtYzAwYy00MjdjLTg1MmItOGFhZjM4YmFkYWViL3Jlc291cmNlZ3JvdXBzL3BzODE0OS9wcm92aWRlcnMvTWljcm9zb2Z0LlJlc291cmNlcy9kZXBsb3ltZW50cy9wczE2OTMvdmFsaWRhdGU/YXBpLXZlcnNpb249MjAxOC0wNS0wMQ==",
=======
      "ResponseBody": "{\r\n  \"id\": \"/subscriptions/a1bfa635-f2bf-42f1-86b5-848c674fc321/resourceGroups/ps3335\",\r\n  \"name\": \"ps3335\",\r\n  \"type\": \"Microsoft.Resources/resourceGroups\",\r\n  \"location\": \"westus2\",\r\n  \"properties\": {\r\n    \"provisioningState\": \"Succeeded\"\r\n  }\r\n}",
      "StatusCode": 201
    },
    {
      "RequestUri": "/subscriptions/a1bfa635-f2bf-42f1-86b5-848c674fc321/resourcegroups/ps3335/providers/Microsoft.Resources/deployments/ps8875/validate?api-version=2020-06-01",
      "EncodedRequestUri": "L3N1YnNjcmlwdGlvbnMvYTFiZmE2MzUtZjJiZi00MmYxLTg2YjUtODQ4YzY3NGZjMzIxL3Jlc291cmNlZ3JvdXBzL3BzMzMzNS9wcm92aWRlcnMvTWljcm9zb2Z0LlJlc291cmNlcy9kZXBsb3ltZW50cy9wczg4NzUvdmFsaWRhdGU/YXBpLXZlcnNpb249MjAyMC0wNi0wMQ==",
>>>>>>> d78b04a5306127f583235b13752c48d4f7d1289a
      "RequestMethod": "POST",
      "RequestBody": "{\r\n  \"properties\": {\r\n    \"template\": {\r\n      \"$schema\": \"https://schema.management.azure.com/schemas/2015-01-01/deploymentTemplate.json#\",\r\n      \"contentVersion\": \"1.0.0.0\",\r\n      \"parameters\": {\r\n        \"storageAccountName\": {\r\n          \"type\": \"String\"\r\n        },\r\n        \"storageAccountType\": {\r\n          \"type\": \"string\",\r\n          \"defaultValue\": \"Standard_LRS\",\r\n          \"allowedValues\": [\r\n            \"Standard_LRS\",\r\n            \"Standard_GRS\",\r\n            \"Standard_ZRS\"\r\n          ]\r\n        },\r\n        \"location\": {\r\n          \"type\": \"String\",\r\n          \"defaultValue\": \"East US\",\r\n          \"allowedValues\": [\r\n            \"West US\",\r\n            \"East US\"\r\n          ]\r\n        }\r\n      },\r\n      \"resources\": [\r\n        {\r\n          \"type\": \"Microsoft.Storage/storageAccounts\",\r\n          \"name\": \"[parameters('StorageAccountName')]\",\r\n          \"apiVersion\": \"2015-06-15\",\r\n          \"location\": \"[parameters('location')]\",\r\n          \"properties\": {\r\n            \"accountType\": \"[parameters('storageAccountType')]\"\r\n          }\r\n        }\r\n      ],\r\n      \"outputs\": {\r\n        \"storageAccountInfo\": {\r\n          \"value\": \"[reference(concat('Microsoft.Storage/storageAccounts/', parameters('StorageAccountName')),providers('Microsoft.Storage', 'storageAccounts').apiVersions[0])]\",\r\n          \"type\": \"object\"\r\n        }\r\n      }\r\n    },\r\n    \"parameters\": {},\r\n    \"mode\": \"Incremental\"\r\n  }\r\n}",
      "RequestHeaders": {
        "x-ms-client-request-id": [
<<<<<<< HEAD
          "e4a8c74e-51aa-4f91-ace1-b982eb2500c9"
=======
          "213e5ccb-956c-4406-80ec-5a5dc453a183"
>>>>>>> d78b04a5306127f583235b13752c48d4f7d1289a
        ],
        "Accept-Language": [
          "en-US"
        ],
        "User-Agent": [
<<<<<<< HEAD
          "FxVersion/4.6.27129.04",
          "OSName/Windows",
          "OSVersion/Microsoft.Windows.10.0.17763.",
          "Microsoft.Azure.Management.ResourceManager.ResourceManagementClient/1.9.1.0"
=======
          "FxVersion/4.6.28207.03",
          "OSName/Windows",
          "OSVersion/Microsoft.Windows.10.0.18363.",
          "Microsoft.Azure.Management.ResourceManager.ResourceManagementClient/3.8.0.0"
>>>>>>> d78b04a5306127f583235b13752c48d4f7d1289a
        ],
        "Content-Type": [
          "application/json; charset=utf-8"
        ],
        "Content-Length": [
          "1428"
        ]
      },
      "ResponseHeaders": {
        "Cache-Control": [
          "no-cache"
        ],
        "Pragma": [
          "no-cache"
        ],
        "x-ms-failure-cause": [
          "gateway"
        ],
        "x-ms-ratelimit-remaining-subscription-writes": [
          "1199"
        ],
        "x-ms-request-id": [
<<<<<<< HEAD
          "c9a4e259-a196-41aa-a5a3-e200ce4d8b6f"
        ],
        "x-ms-correlation-request-id": [
          "c9a4e259-a196-41aa-a5a3-e200ce4d8b6f"
        ],
        "x-ms-routing-request-id": [
          "WESTUS2:20190325T224832Z:c9a4e259-a196-41aa-a5a3-e200ce4d8b6f"
=======
          "c4aa9c28-8bff-45a0-9684-e1185e8a0998"
        ],
        "x-ms-correlation-request-id": [
          "c4aa9c28-8bff-45a0-9684-e1185e8a0998"
        ],
        "x-ms-routing-request-id": [
          "NORTHCENTRALUS:20200714T204807Z:c4aa9c28-8bff-45a0-9684-e1185e8a0998"
>>>>>>> d78b04a5306127f583235b13752c48d4f7d1289a
        ],
        "Strict-Transport-Security": [
          "max-age=31536000; includeSubDomains"
        ],
        "X-Content-Type-Options": [
          "nosniff"
        ],
        "Date": [
<<<<<<< HEAD
          "Mon, 25 Mar 2019 22:48:32 GMT"
=======
          "Tue, 14 Jul 2020 20:48:06 GMT"
>>>>>>> d78b04a5306127f583235b13752c48d4f7d1289a
        ],
        "Content-Type": [
          "application/json; charset=utf-8"
        ],
        "Expires": [
          "-1"
        ],
        "Content-Length": [
<<<<<<< HEAD
          "265"
=======
          "420"
>>>>>>> d78b04a5306127f583235b13752c48d4f7d1289a
        ],
        "Retry-After": [
          "0"
        ]
      },
<<<<<<< HEAD
      "ResponseBody": "{\r\n  \"error\": {\r\n    \"code\": \"InvalidTemplate\",\r\n    \"message\": \"Deployment template validation failed: 'The value for the template parameter 'storageAccountName' at line '7' and column '31' is not provided. Please see https://aka.ms/arm-deploy/#parameter-file for usage details.'.\"\r\n  }\r\n}",
      "StatusCode": 400
    },
    {
      "RequestUri": "/subscriptions/c9cbd920-c00c-427c-852b-8aaf38badaeb/resourcegroups/ps8149?api-version=2018-05-01",
      "EncodedRequestUri": "L3N1YnNjcmlwdGlvbnMvYzljYmQ5MjAtYzAwYy00MjdjLTg1MmItOGFhZjM4YmFkYWViL3Jlc291cmNlZ3JvdXBzL3BzODE0OT9hcGktdmVyc2lvbj0yMDE4LTA1LTAx",
=======
      "ResponseBody": "{\r\n  \"error\": {\r\n    \"code\": \"InvalidTemplate\",\r\n    \"message\": \"Deployment template validation failed: 'The value for the template parameter 'storageAccountName' at line '7' and column '31' is not provided. Please see https://aka.ms/resource-manager-parameter-files for usage details.'.\",\r\n    \"additionalInfo\": [\r\n      {\r\n        \"type\": \"TemplateViolation\",\r\n        \"info\": {\r\n          \"lineNumber\": 7,\r\n          \"linePosition\": 31,\r\n          \"path\": \"properties.template.parameters.storageAccountName\"\r\n        }\r\n      }\r\n    ]\r\n  }\r\n}",
      "StatusCode": 400
    },
    {
      "RequestUri": "/subscriptions/a1bfa635-f2bf-42f1-86b5-848c674fc321/resourcegroups/ps3335?api-version=2020-06-01",
      "EncodedRequestUri": "L3N1YnNjcmlwdGlvbnMvYTFiZmE2MzUtZjJiZi00MmYxLTg2YjUtODQ4YzY3NGZjMzIxL3Jlc291cmNlZ3JvdXBzL3BzMzMzNT9hcGktdmVyc2lvbj0yMDIwLTA2LTAx",
>>>>>>> d78b04a5306127f583235b13752c48d4f7d1289a
      "RequestMethod": "DELETE",
      "RequestBody": "",
      "RequestHeaders": {
        "x-ms-client-request-id": [
<<<<<<< HEAD
          "27527f7b-d552-4e75-9320-860ee64c8b7b"
=======
          "74150ad2-f409-4821-bb50-0083daefcee2"
>>>>>>> d78b04a5306127f583235b13752c48d4f7d1289a
        ],
        "Accept-Language": [
          "en-US"
        ],
        "User-Agent": [
<<<<<<< HEAD
          "FxVersion/4.6.27129.04",
          "OSName/Windows",
          "OSVersion/Microsoft.Windows.10.0.17763.",
          "Microsoft.Azure.Management.ResourceManager.ResourceManagementClient/1.9.1.0"
=======
          "FxVersion/4.6.28207.03",
          "OSName/Windows",
          "OSVersion/Microsoft.Windows.10.0.18363.",
          "Microsoft.Azure.Management.ResourceManager.ResourceManagementClient/3.8.0.0"
>>>>>>> d78b04a5306127f583235b13752c48d4f7d1289a
        ]
      },
      "ResponseHeaders": {
        "Cache-Control": [
          "no-cache"
        ],
        "Pragma": [
          "no-cache"
        ],
        "Location": [
<<<<<<< HEAD
          "https://management.azure.com/subscriptions/c9cbd920-c00c-427c-852b-8aaf38badaeb/operationresults/eyJqb2JJZCI6IlJFU09VUkNFR1JPVVBERUxFVElPTkpPQi1QUzgxNDktV0VTVFVTMiIsImpvYkxvY2F0aW9uIjoid2VzdHVzMiJ9?api-version=2018-05-01"
=======
          "https://management.azure.com/subscriptions/a1bfa635-f2bf-42f1-86b5-848c674fc321/operationresults/eyJqb2JJZCI6IlJFU09VUkNFR1JPVVBERUxFVElPTkpPQi1QUzMzMzUtV0VTVFVTMiIsImpvYkxvY2F0aW9uIjoid2VzdHVzMiJ9?api-version=2020-06-01"
>>>>>>> d78b04a5306127f583235b13752c48d4f7d1289a
        ],
        "Retry-After": [
          "0"
        ],
        "x-ms-ratelimit-remaining-subscription-deletes": [
          "14999"
        ],
        "x-ms-request-id": [
<<<<<<< HEAD
          "27e34148-304d-434d-9e15-8a317f4bf87a"
        ],
        "x-ms-correlation-request-id": [
          "27e34148-304d-434d-9e15-8a317f4bf87a"
        ],
        "x-ms-routing-request-id": [
          "WESTUS2:20190325T224832Z:27e34148-304d-434d-9e15-8a317f4bf87a"
=======
          "d190f31c-d666-4449-8cab-e4fa81d000c7"
        ],
        "x-ms-correlation-request-id": [
          "d190f31c-d666-4449-8cab-e4fa81d000c7"
        ],
        "x-ms-routing-request-id": [
          "NORTHCENTRALUS:20200714T204808Z:d190f31c-d666-4449-8cab-e4fa81d000c7"
>>>>>>> d78b04a5306127f583235b13752c48d4f7d1289a
        ],
        "Strict-Transport-Security": [
          "max-age=31536000; includeSubDomains"
        ],
        "X-Content-Type-Options": [
          "nosniff"
        ],
        "Date": [
<<<<<<< HEAD
          "Mon, 25 Mar 2019 22:48:31 GMT"
=======
          "Tue, 14 Jul 2020 20:48:08 GMT"
>>>>>>> d78b04a5306127f583235b13752c48d4f7d1289a
        ],
        "Expires": [
          "-1"
        ],
        "Content-Length": [
          "0"
        ]
      },
      "ResponseBody": "",
      "StatusCode": 202
    },
    {
<<<<<<< HEAD
      "RequestUri": "/subscriptions/c9cbd920-c00c-427c-852b-8aaf38badaeb/operationresults/eyJqb2JJZCI6IlJFU09VUkNFR1JPVVBERUxFVElPTkpPQi1QUzgxNDktV0VTVFVTMiIsImpvYkxvY2F0aW9uIjoid2VzdHVzMiJ9?api-version=2018-05-01",
      "EncodedRequestUri": "L3N1YnNjcmlwdGlvbnMvYzljYmQ5MjAtYzAwYy00MjdjLTg1MmItOGFhZjM4YmFkYWViL29wZXJhdGlvbnJlc3VsdHMvZXlKcWIySkpaQ0k2SWxKRlUwOVZVa05GUjFKUFZWQkVSVXhGVkVsUFRrcFBRaTFRVXpneE5Ea3RWMFZUVkZWVE1pSXNJbXB2WWt4dlkyRjBhVzl1SWpvaWQyVnpkSFZ6TWlKOT9hcGktdmVyc2lvbj0yMDE4LTA1LTAx",
=======
      "RequestUri": "/subscriptions/a1bfa635-f2bf-42f1-86b5-848c674fc321/operationresults/eyJqb2JJZCI6IlJFU09VUkNFR1JPVVBERUxFVElPTkpPQi1QUzMzMzUtV0VTVFVTMiIsImpvYkxvY2F0aW9uIjoid2VzdHVzMiJ9?api-version=2020-06-01",
      "EncodedRequestUri": "L3N1YnNjcmlwdGlvbnMvYTFiZmE2MzUtZjJiZi00MmYxLTg2YjUtODQ4YzY3NGZjMzIxL29wZXJhdGlvbnJlc3VsdHMvZXlKcWIySkpaQ0k2SWxKRlUwOVZVa05GUjFKUFZWQkVSVXhGVkVsUFRrcFBRaTFRVXpNek16VXRWMFZUVkZWVE1pSXNJbXB2WWt4dlkyRjBhVzl1SWpvaWQyVnpkSFZ6TWlKOT9hcGktdmVyc2lvbj0yMDIwLTA2LTAx",
>>>>>>> d78b04a5306127f583235b13752c48d4f7d1289a
      "RequestMethod": "GET",
      "RequestBody": "",
      "RequestHeaders": {
        "User-Agent": [
<<<<<<< HEAD
          "FxVersion/4.6.27129.04",
          "OSName/Windows",
          "OSVersion/Microsoft.Windows.10.0.17763.",
          "Microsoft.Azure.Management.ResourceManager.ResourceManagementClient/1.9.1.0"
=======
          "FxVersion/4.6.28207.03",
          "OSName/Windows",
          "OSVersion/Microsoft.Windows.10.0.18363.",
          "Microsoft.Azure.Management.ResourceManager.ResourceManagementClient/3.8.0.0"
>>>>>>> d78b04a5306127f583235b13752c48d4f7d1289a
        ]
      },
      "ResponseHeaders": {
        "Cache-Control": [
          "no-cache"
        ],
        "Pragma": [
          "no-cache"
        ],
        "Location": [
<<<<<<< HEAD
          "https://management.azure.com/subscriptions/c9cbd920-c00c-427c-852b-8aaf38badaeb/operationresults/eyJqb2JJZCI6IlJFU09VUkNFR1JPVVBERUxFVElPTkpPQi1QUzgxNDktV0VTVFVTMiIsImpvYkxvY2F0aW9uIjoid2VzdHVzMiJ9?api-version=2018-05-01"
=======
          "https://management.azure.com/subscriptions/a1bfa635-f2bf-42f1-86b5-848c674fc321/operationresults/eyJqb2JJZCI6IlJFU09VUkNFR1JPVVBERUxFVElPTkpPQi1QUzMzMzUtV0VTVFVTMiIsImpvYkxvY2F0aW9uIjoid2VzdHVzMiJ9?api-version=2020-06-01"
>>>>>>> d78b04a5306127f583235b13752c48d4f7d1289a
        ],
        "Retry-After": [
          "0"
        ],
        "x-ms-ratelimit-remaining-subscription-reads": [
          "11998"
        ],
        "x-ms-request-id": [
<<<<<<< HEAD
          "f600c9c4-76f2-44ba-a019-50b315f84d02"
        ],
        "x-ms-correlation-request-id": [
          "f600c9c4-76f2-44ba-a019-50b315f84d02"
        ],
        "x-ms-routing-request-id": [
          "WESTUS2:20190325T224847Z:f600c9c4-76f2-44ba-a019-50b315f84d02"
=======
          "2d0a8ee4-832b-4ab7-9ced-6fee38f649b7"
        ],
        "x-ms-correlation-request-id": [
          "2d0a8ee4-832b-4ab7-9ced-6fee38f649b7"
        ],
        "x-ms-routing-request-id": [
          "NORTHCENTRALUS:20200714T204824Z:2d0a8ee4-832b-4ab7-9ced-6fee38f649b7"
>>>>>>> d78b04a5306127f583235b13752c48d4f7d1289a
        ],
        "Strict-Transport-Security": [
          "max-age=31536000; includeSubDomains"
        ],
        "X-Content-Type-Options": [
          "nosniff"
        ],
        "Date": [
<<<<<<< HEAD
          "Mon, 25 Mar 2019 22:48:47 GMT"
=======
          "Tue, 14 Jul 2020 20:48:23 GMT"
>>>>>>> d78b04a5306127f583235b13752c48d4f7d1289a
        ],
        "Expires": [
          "-1"
        ],
        "Content-Length": [
          "0"
        ]
      },
      "ResponseBody": "",
      "StatusCode": 202
    },
    {
<<<<<<< HEAD
      "RequestUri": "/subscriptions/c9cbd920-c00c-427c-852b-8aaf38badaeb/operationresults/eyJqb2JJZCI6IlJFU09VUkNFR1JPVVBERUxFVElPTkpPQi1QUzgxNDktV0VTVFVTMiIsImpvYkxvY2F0aW9uIjoid2VzdHVzMiJ9?api-version=2018-05-01",
      "EncodedRequestUri": "L3N1YnNjcmlwdGlvbnMvYzljYmQ5MjAtYzAwYy00MjdjLTg1MmItOGFhZjM4YmFkYWViL29wZXJhdGlvbnJlc3VsdHMvZXlKcWIySkpaQ0k2SWxKRlUwOVZVa05GUjFKUFZWQkVSVXhGVkVsUFRrcFBRaTFRVXpneE5Ea3RWMFZUVkZWVE1pSXNJbXB2WWt4dlkyRjBhVzl1SWpvaWQyVnpkSFZ6TWlKOT9hcGktdmVyc2lvbj0yMDE4LTA1LTAx",
=======
      "RequestUri": "/subscriptions/a1bfa635-f2bf-42f1-86b5-848c674fc321/operationresults/eyJqb2JJZCI6IlJFU09VUkNFR1JPVVBERUxFVElPTkpPQi1QUzMzMzUtV0VTVFVTMiIsImpvYkxvY2F0aW9uIjoid2VzdHVzMiJ9?api-version=2020-06-01",
      "EncodedRequestUri": "L3N1YnNjcmlwdGlvbnMvYTFiZmE2MzUtZjJiZi00MmYxLTg2YjUtODQ4YzY3NGZjMzIxL29wZXJhdGlvbnJlc3VsdHMvZXlKcWIySkpaQ0k2SWxKRlUwOVZVa05GUjFKUFZWQkVSVXhGVkVsUFRrcFBRaTFRVXpNek16VXRWMFZUVkZWVE1pSXNJbXB2WWt4dlkyRjBhVzl1SWpvaWQyVnpkSFZ6TWlKOT9hcGktdmVyc2lvbj0yMDIwLTA2LTAx",
>>>>>>> d78b04a5306127f583235b13752c48d4f7d1289a
      "RequestMethod": "GET",
      "RequestBody": "",
      "RequestHeaders": {
        "User-Agent": [
<<<<<<< HEAD
          "FxVersion/4.6.27129.04",
          "OSName/Windows",
          "OSVersion/Microsoft.Windows.10.0.17763.",
          "Microsoft.Azure.Management.ResourceManager.ResourceManagementClient/1.9.1.0"
=======
          "FxVersion/4.6.28207.03",
          "OSName/Windows",
          "OSVersion/Microsoft.Windows.10.0.18363.",
          "Microsoft.Azure.Management.ResourceManager.ResourceManagementClient/3.8.0.0"
>>>>>>> d78b04a5306127f583235b13752c48d4f7d1289a
        ]
      },
      "ResponseHeaders": {
        "Cache-Control": [
          "no-cache"
        ],
        "Pragma": [
          "no-cache"
        ],
        "Location": [
<<<<<<< HEAD
          "https://management.azure.com/subscriptions/c9cbd920-c00c-427c-852b-8aaf38badaeb/operationresults/eyJqb2JJZCI6IlJFU09VUkNFR1JPVVBERUxFVElPTkpPQi1QUzgxNDktV0VTVFVTMiIsImpvYkxvY2F0aW9uIjoid2VzdHVzMiJ9?api-version=2018-05-01"
=======
          "https://management.azure.com/subscriptions/a1bfa635-f2bf-42f1-86b5-848c674fc321/operationresults/eyJqb2JJZCI6IlJFU09VUkNFR1JPVVBERUxFVElPTkpPQi1QUzMzMzUtV0VTVFVTMiIsImpvYkxvY2F0aW9uIjoid2VzdHVzMiJ9?api-version=2020-06-01"
>>>>>>> d78b04a5306127f583235b13752c48d4f7d1289a
        ],
        "Retry-After": [
          "0"
        ],
        "x-ms-ratelimit-remaining-subscription-reads": [
          "11997"
        ],
        "x-ms-request-id": [
<<<<<<< HEAD
          "ac8e5b3e-de9a-466a-bb30-b863a9937a20"
        ],
        "x-ms-correlation-request-id": [
          "ac8e5b3e-de9a-466a-bb30-b863a9937a20"
        ],
        "x-ms-routing-request-id": [
          "WESTUS2:20190325T224902Z:ac8e5b3e-de9a-466a-bb30-b863a9937a20"
=======
          "5392545a-ebce-44a6-a88c-0c19c4b1ad7d"
        ],
        "x-ms-correlation-request-id": [
          "5392545a-ebce-44a6-a88c-0c19c4b1ad7d"
        ],
        "x-ms-routing-request-id": [
          "NORTHCENTRALUS:20200714T204839Z:5392545a-ebce-44a6-a88c-0c19c4b1ad7d"
>>>>>>> d78b04a5306127f583235b13752c48d4f7d1289a
        ],
        "Strict-Transport-Security": [
          "max-age=31536000; includeSubDomains"
        ],
        "X-Content-Type-Options": [
          "nosniff"
        ],
        "Date": [
<<<<<<< HEAD
          "Mon, 25 Mar 2019 22:49:02 GMT"
=======
          "Tue, 14 Jul 2020 20:48:38 GMT"
>>>>>>> d78b04a5306127f583235b13752c48d4f7d1289a
        ],
        "Expires": [
          "-1"
        ],
        "Content-Length": [
          "0"
        ]
      },
      "ResponseBody": "",
      "StatusCode": 202
    },
    {
<<<<<<< HEAD
      "RequestUri": "/subscriptions/c9cbd920-c00c-427c-852b-8aaf38badaeb/operationresults/eyJqb2JJZCI6IlJFU09VUkNFR1JPVVBERUxFVElPTkpPQi1QUzgxNDktV0VTVFVTMiIsImpvYkxvY2F0aW9uIjoid2VzdHVzMiJ9?api-version=2018-05-01",
      "EncodedRequestUri": "L3N1YnNjcmlwdGlvbnMvYzljYmQ5MjAtYzAwYy00MjdjLTg1MmItOGFhZjM4YmFkYWViL29wZXJhdGlvbnJlc3VsdHMvZXlKcWIySkpaQ0k2SWxKRlUwOVZVa05GUjFKUFZWQkVSVXhGVkVsUFRrcFBRaTFRVXpneE5Ea3RWMFZUVkZWVE1pSXNJbXB2WWt4dlkyRjBhVzl1SWpvaWQyVnpkSFZ6TWlKOT9hcGktdmVyc2lvbj0yMDE4LTA1LTAx",
=======
      "RequestUri": "/subscriptions/a1bfa635-f2bf-42f1-86b5-848c674fc321/operationresults/eyJqb2JJZCI6IlJFU09VUkNFR1JPVVBERUxFVElPTkpPQi1QUzMzMzUtV0VTVFVTMiIsImpvYkxvY2F0aW9uIjoid2VzdHVzMiJ9?api-version=2020-06-01",
      "EncodedRequestUri": "L3N1YnNjcmlwdGlvbnMvYTFiZmE2MzUtZjJiZi00MmYxLTg2YjUtODQ4YzY3NGZjMzIxL29wZXJhdGlvbnJlc3VsdHMvZXlKcWIySkpaQ0k2SWxKRlUwOVZVa05GUjFKUFZWQkVSVXhGVkVsUFRrcFBRaTFRVXpNek16VXRWMFZUVkZWVE1pSXNJbXB2WWt4dlkyRjBhVzl1SWpvaWQyVnpkSFZ6TWlKOT9hcGktdmVyc2lvbj0yMDIwLTA2LTAx",
>>>>>>> d78b04a5306127f583235b13752c48d4f7d1289a
      "RequestMethod": "GET",
      "RequestBody": "",
      "RequestHeaders": {
        "User-Agent": [
<<<<<<< HEAD
          "FxVersion/4.6.27129.04",
          "OSName/Windows",
          "OSVersion/Microsoft.Windows.10.0.17763.",
          "Microsoft.Azure.Management.ResourceManager.ResourceManagementClient/1.9.1.0"
=======
          "FxVersion/4.6.28207.03",
          "OSName/Windows",
          "OSVersion/Microsoft.Windows.10.0.18363.",
          "Microsoft.Azure.Management.ResourceManager.ResourceManagementClient/3.8.0.0"
>>>>>>> d78b04a5306127f583235b13752c48d4f7d1289a
        ]
      },
      "ResponseHeaders": {
        "Cache-Control": [
          "no-cache"
        ],
        "Pragma": [
          "no-cache"
        ],
        "x-ms-ratelimit-remaining-subscription-reads": [
          "11996"
        ],
        "x-ms-request-id": [
<<<<<<< HEAD
          "4db2137a-1afd-408f-872f-4ae04c20806c"
        ],
        "x-ms-correlation-request-id": [
          "4db2137a-1afd-408f-872f-4ae04c20806c"
        ],
        "x-ms-routing-request-id": [
          "WESTUS2:20190325T224917Z:4db2137a-1afd-408f-872f-4ae04c20806c"
=======
          "d403651e-e5e5-476d-8193-9289f82b712f"
        ],
        "x-ms-correlation-request-id": [
          "d403651e-e5e5-476d-8193-9289f82b712f"
        ],
        "x-ms-routing-request-id": [
          "NORTHCENTRALUS:20200714T204854Z:d403651e-e5e5-476d-8193-9289f82b712f"
>>>>>>> d78b04a5306127f583235b13752c48d4f7d1289a
        ],
        "Strict-Transport-Security": [
          "max-age=31536000; includeSubDomains"
        ],
        "X-Content-Type-Options": [
          "nosniff"
        ],
        "Date": [
<<<<<<< HEAD
          "Mon, 25 Mar 2019 22:49:17 GMT"
=======
          "Tue, 14 Jul 2020 20:48:53 GMT"
>>>>>>> d78b04a5306127f583235b13752c48d4f7d1289a
        ],
        "Expires": [
          "-1"
        ],
        "Content-Length": [
          "0"
        ],
        "Retry-After": [
          "0"
        ]
      },
      "ResponseBody": "",
      "StatusCode": 200
    },
    {
<<<<<<< HEAD
      "RequestUri": "/subscriptions/c9cbd920-c00c-427c-852b-8aaf38badaeb/operationresults/eyJqb2JJZCI6IlJFU09VUkNFR1JPVVBERUxFVElPTkpPQi1QUzgxNDktV0VTVFVTMiIsImpvYkxvY2F0aW9uIjoid2VzdHVzMiJ9?api-version=2018-05-01",
      "EncodedRequestUri": "L3N1YnNjcmlwdGlvbnMvYzljYmQ5MjAtYzAwYy00MjdjLTg1MmItOGFhZjM4YmFkYWViL29wZXJhdGlvbnJlc3VsdHMvZXlKcWIySkpaQ0k2SWxKRlUwOVZVa05GUjFKUFZWQkVSVXhGVkVsUFRrcFBRaTFRVXpneE5Ea3RWMFZUVkZWVE1pSXNJbXB2WWt4dlkyRjBhVzl1SWpvaWQyVnpkSFZ6TWlKOT9hcGktdmVyc2lvbj0yMDE4LTA1LTAx",
=======
      "RequestUri": "/subscriptions/a1bfa635-f2bf-42f1-86b5-848c674fc321/operationresults/eyJqb2JJZCI6IlJFU09VUkNFR1JPVVBERUxFVElPTkpPQi1QUzMzMzUtV0VTVFVTMiIsImpvYkxvY2F0aW9uIjoid2VzdHVzMiJ9?api-version=2020-06-01",
      "EncodedRequestUri": "L3N1YnNjcmlwdGlvbnMvYTFiZmE2MzUtZjJiZi00MmYxLTg2YjUtODQ4YzY3NGZjMzIxL29wZXJhdGlvbnJlc3VsdHMvZXlKcWIySkpaQ0k2SWxKRlUwOVZVa05GUjFKUFZWQkVSVXhGVkVsUFRrcFBRaTFRVXpNek16VXRWMFZUVkZWVE1pSXNJbXB2WWt4dlkyRjBhVzl1SWpvaWQyVnpkSFZ6TWlKOT9hcGktdmVyc2lvbj0yMDIwLTA2LTAx",
>>>>>>> d78b04a5306127f583235b13752c48d4f7d1289a
      "RequestMethod": "GET",
      "RequestBody": "",
      "RequestHeaders": {
        "User-Agent": [
<<<<<<< HEAD
          "FxVersion/4.6.27129.04",
          "OSName/Windows",
          "OSVersion/Microsoft.Windows.10.0.17763.",
          "Microsoft.Azure.Management.ResourceManager.ResourceManagementClient/1.9.1.0"
=======
          "FxVersion/4.6.28207.03",
          "OSName/Windows",
          "OSVersion/Microsoft.Windows.10.0.18363.",
          "Microsoft.Azure.Management.ResourceManager.ResourceManagementClient/3.8.0.0"
>>>>>>> d78b04a5306127f583235b13752c48d4f7d1289a
        ]
      },
      "ResponseHeaders": {
        "Cache-Control": [
          "no-cache"
        ],
        "Pragma": [
          "no-cache"
        ],
        "x-ms-ratelimit-remaining-subscription-reads": [
          "11995"
        ],
        "x-ms-request-id": [
<<<<<<< HEAD
          "22231c58-4602-4026-b24b-ff24f580a7bc"
        ],
        "x-ms-correlation-request-id": [
          "22231c58-4602-4026-b24b-ff24f580a7bc"
        ],
        "x-ms-routing-request-id": [
          "WESTUS2:20190325T224917Z:22231c58-4602-4026-b24b-ff24f580a7bc"
=======
          "d7f68de3-c570-41e1-989a-05230efd5f88"
        ],
        "x-ms-correlation-request-id": [
          "d7f68de3-c570-41e1-989a-05230efd5f88"
        ],
        "x-ms-routing-request-id": [
          "NORTHCENTRALUS:20200714T204854Z:d7f68de3-c570-41e1-989a-05230efd5f88"
>>>>>>> d78b04a5306127f583235b13752c48d4f7d1289a
        ],
        "Strict-Transport-Security": [
          "max-age=31536000; includeSubDomains"
        ],
        "X-Content-Type-Options": [
          "nosniff"
        ],
        "Date": [
<<<<<<< HEAD
          "Mon, 25 Mar 2019 22:49:17 GMT"
=======
          "Tue, 14 Jul 2020 20:48:53 GMT"
>>>>>>> d78b04a5306127f583235b13752c48d4f7d1289a
        ],
        "Expires": [
          "-1"
        ],
        "Content-Length": [
          "0"
        ],
        "Retry-After": [
          "0"
        ]
      },
      "ResponseBody": "",
      "StatusCode": 200
    }
  ],
  "Names": {
    "Test-TestResourceGroupDeploymentErrors": [
<<<<<<< HEAD
      "ps1693",
      "ps8149",
      "ps743"
    ]
  },
  "Variables": {
    "SubscriptionId": "c9cbd920-c00c-427c-852b-8aaf38badaeb"
=======
      "ps8875",
      "ps3335",
      "ps26"
    ]
  },
  "Variables": {
    "SubscriptionId": "a1bfa635-f2bf-42f1-86b5-848c674fc321"
>>>>>>> d78b04a5306127f583235b13752c48d4f7d1289a
  }
}