{
  "Entries": [
    {
      "RequestUri": "/subscriptions/38304e13-357e-405e-9e9a-220351dcce8c/resourceGroups/hiagarg/providers/Microsoft.RecoveryServices/vaults/hiagaVault?api-version=2022-10-01",
      "EncodedRequestUri": "L3N1YnNjcmlwdGlvbnMvMzgzMDRlMTMtMzU3ZS00MDVlLTllOWEtMjIwMzUxZGNjZThjL3Jlc291cmNlR3JvdXBzL2hpYWdhcmcvcHJvdmlkZXJzL01pY3Jvc29mdC5SZWNvdmVyeVNlcnZpY2VzL3ZhdWx0cy9oaWFnYVZhdWx0P2FwaS12ZXJzaW9uPTIwMjItMTAtMDE=",
      "RequestMethod": "GET",
      "RequestHeaders": {
        "x-ms-client-request-id": [
          "7b81f3c7-0c02-4e61-bcd9-00b3de900b3c"
        ],
        "Accept-Language": [
          "en-US"
        ],
        "User-Agent": [
          "FxVersion/4.700.22.55902",
          "OSName/Windows",
          "OSVersion/Microsoft.Windows.10.0.22000",
          "Microsoft.Azure.Management.RecoveryServices.RecoveryServicesClient/6.1.3"
        ]
      },
      "RequestBody": "",
      "ResponseHeaders": {
        "Cache-Control": [
          "no-cache"
        ],
        "Pragma": [
          "no-cache"
        ],
        "x-ms-ratelimit-remaining-subscription-reads": [
          "11999"
        ],
        "X-Content-Type-Options": [
          "nosniff"
        ],
        "x-ms-request-id": [
          "abb63b8d-8e9b-4fb1-b58b-2951c7e43431"
        ],
        "x-ms-client-request-id": [
          "7b81f3c7-0c02-4e61-bcd9-00b3de900b3c"
        ],
        "Server": [
          "Kestrel"
        ],
        "x-ms-correlation-request-id": [
          "abb63b8d-8e9b-4fb1-b58b-2951c7e43431"
        ],
        "x-ms-routing-request-id": [
          "WESTINDIA:20230131T091130Z:abb63b8d-8e9b-4fb1-b58b-2951c7e43431"
        ],
        "Strict-Transport-Security": [
          "max-age=31536000; includeSubDomains"
        ],
        "Date": [
          "Tue, 31 Jan 2023 09:11:30 GMT"
        ],
        "Content-Length": [
          "1303"
        ],
        "Content-Type": [
          "application/json; charset=utf-8"
        ],
        "Expires": [
          "-1"
        ]
      },
      "ResponseBody": "{\r\n  \"location\": \"centraluseuap\",\r\n  \"name\": \"hiagaVault\",\r\n  \"etag\": \"W/\\\"datetime'2023-01-31T09%3A06%3A53.9697209Z'\\\"\",\r\n  \"tags\": {\r\n    \"MABUsed\": \"Yes\",\r\n    \"Owner\": \"hiaga\",\r\n    \"Purpose\": \"Testing\",\r\n    \"DeleteBy\": \"01-2099\"\r\n  },\r\n  \"identity\": {\r\n    \"tenantId\": \"72f988bf-86f1-41af-91ab-2d7cd011db47\",\r\n    \"principalId\": \"608ca1e9-e854-46c6-984f-d812d0e657e6\",\r\n    \"type\": \"SystemAssigned, UserAssigned\",\r\n    \"userAssignedIdentities\": {\r\n      \"/subscriptions/38304e13-357e-405e-9e9a-220351dcce8c/resourcegroups/hiagaczr-rg/providers/microsoft.managedidentity/userassignedidentities/hiagauseridentity\": {\r\n        \"clientId\": \"05a1da4a-ee20-42b9-94de-72175caa42bb\",\r\n        \"principalId\": \"af96ebe9-5ed3-4753-9849-c314ddc1150c\"\r\n      }\r\n    }\r\n  },\r\n  \"properties\": {\r\n    \"provisioningState\": \"Succeeded\",\r\n    \"privateEndpointStateForBackup\": \"None\",\r\n    \"privateEndpointStateForSiteRecovery\": \"None\",\r\n    \"backupStorageVersion\": \"Unassigned\",\r\n    \"monitoringSettings\": {\r\n      \"azureMonitorAlertSettings\": {\r\n        \"alertsForAllJobFailures\": \"Enabled\"\r\n      },\r\n      \"classicAlertSettings\": {\r\n        \"alertsForCriticalOperations\": \"Enabled\"\r\n      }\r\n    },\r\n    \"publicNetworkAccess\": \"Enabled\",\r\n    \"restoreSettings\": {\r\n      \"crossSubscriptionRestoreSettings\": {\r\n        \"crossSubscriptionRestoreState\": \"Enabled\"\r\n      }\r\n    }\r\n  },\r\n  \"id\": \"/subscriptions/38304e13-357e-405e-9e9a-220351dcce8c/resourceGroups/hiagarg/providers/Microsoft.RecoveryServices/vaults/hiagaVault\",\r\n  \"type\": \"Microsoft.RecoveryServices/vaults\",\r\n  \"sku\": {\r\n    \"name\": \"RS0\",\r\n    \"tier\": \"Standard\"\r\n  }\r\n}",
      "StatusCode": 200
    },
    {
      "RequestUri": "/subscriptions/38304e13-357e-405e-9e9a-220351dcce8c/resourceGroups/hiagarg/providers/Microsoft.RecoveryServices/vaults/hiagaVault/backupPolicies/hiagaVMArchiveTierRecomm?api-version=2023-01-01",
      "EncodedRequestUri": "L3N1YnNjcmlwdGlvbnMvMzgzMDRlMTMtMzU3ZS00MDVlLTllOWEtMjIwMzUxZGNjZThjL3Jlc291cmNlR3JvdXBzL2hpYWdhcmcvcHJvdmlkZXJzL01pY3Jvc29mdC5SZWNvdmVyeVNlcnZpY2VzL3ZhdWx0cy9oaWFnYVZhdWx0L2JhY2t1cFBvbGljaWVzL2hpYWdhVk1BcmNoaXZlVGllclJlY29tbT9hcGktdmVyc2lvbj0yMDIzLTAxLTAx",
      "RequestMethod": "GET",
      "RequestHeaders": {
        "x-ms-client-request-id": [
          "0505172f-44b0-430f-8fbd-3a6c249b9731"
        ],
        "Accept-Language": [
          "en-US"
        ],
        "User-Agent": [
          "FxVersion/4.700.22.55902",
          "OSName/Windows",
          "OSVersion/Microsoft.Windows.10.0.22000",
          "Microsoft.Azure.Management.RecoveryServices.Backup.RecoveryServicesBackupClient/6.1.3"
        ]
      },
      "RequestBody": "",
      "ResponseHeaders": {
        "Cache-Control": [
          "no-cache"
        ],
        "Pragma": [
          "no-cache"
        ],
        "X-Content-Type-Options": [
          "nosniff"
        ],
        "x-ms-request-id": [
          "a2e25d9a-c539-435f-a2c8-455dc04b248c"
        ],
        "x-ms-client-request-id": [
          "0505172f-44b0-430f-8fbd-3a6c249b9731"
        ],
        "Strict-Transport-Security": [
          "max-age=31536000; includeSubDomains"
        ],
        "Server": [
          "Kestrel"
        ],
        "X-Powered-By": [
          "ASP.NET"
        ],
        "x-ms-ratelimit-remaining-subscription-resource-requests": [
          "297"
        ],
        "x-ms-correlation-request-id": [
          "a2e25d9a-c539-435f-a2c8-455dc04b248c"
        ],
        "x-ms-routing-request-id": [
          "JIOINDIAWEST:20230131T091131Z:a2e25d9a-c539-435f-a2c8-455dc04b248c"
        ],
        "Date": [
          "Tue, 31 Jan 2023 09:11:31 GMT"
        ],
        "Content-Length": [
          "2"
        ],
        "Content-Type": [
          "application/json"
        ],
        "Expires": [
          "-1"
        ]
      },
      "ResponseBody": "{}",
      "StatusCode": 404
    },
    {
      "RequestUri": "/subscriptions/38304e13-357e-405e-9e9a-220351dcce8c/resourceGroups/hiagarg/providers/Microsoft.RecoveryServices/vaults/hiagaVault/backupPolicies/hiagaVMArchiveTierRecomm?api-version=2023-01-01",
      "EncodedRequestUri": "L3N1YnNjcmlwdGlvbnMvMzgzMDRlMTMtMzU3ZS00MDVlLTllOWEtMjIwMzUxZGNjZThjL3Jlc291cmNlR3JvdXBzL2hpYWdhcmcvcHJvdmlkZXJzL01pY3Jvc29mdC5SZWNvdmVyeVNlcnZpY2VzL3ZhdWx0cy9oaWFnYVZhdWx0L2JhY2t1cFBvbGljaWVzL2hpYWdhVk1BcmNoaXZlVGllclJlY29tbT9hcGktdmVyc2lvbj0yMDIzLTAxLTAx",
      "RequestMethod": "GET",
      "RequestHeaders": {
        "x-ms-client-request-id": [
          "0505172f-44b0-430f-8fbd-3a6c249b9731"
        ],
        "Accept-Language": [
          "en-US"
        ],
        "User-Agent": [
          "FxVersion/4.700.22.55902",
          "OSName/Windows",
          "OSVersion/Microsoft.Windows.10.0.22000",
          "Microsoft.Azure.Management.RecoveryServices.Backup.RecoveryServicesBackupClient/6.1.3"
        ]
      },
      "RequestBody": "",
      "ResponseHeaders": {
        "Cache-Control": [
          "no-cache"
        ],
        "Pragma": [
          "no-cache"
        ],
        "X-Content-Type-Options": [
          "nosniff"
        ],
        "x-ms-request-id": [
          "cce0de88-a38c-464f-9236-1eae73bde5b3"
        ],
        "x-ms-client-request-id": [
          "0505172f-44b0-430f-8fbd-3a6c249b9731"
        ],
        "Strict-Transport-Security": [
          "max-age=31536000; includeSubDomains"
        ],
        "Server": [
          "Kestrel"
        ],
        "X-Powered-By": [
          "ASP.NET"
        ],
        "x-ms-ratelimit-remaining-subscription-resource-requests": [
          "296"
        ],
        "x-ms-correlation-request-id": [
          "cce0de88-a38c-464f-9236-1eae73bde5b3"
        ],
        "x-ms-routing-request-id": [
          "JIOINDIAWEST:20230131T091133Z:cce0de88-a38c-464f-9236-1eae73bde5b3"
        ],
        "Date": [
          "Tue, 31 Jan 2023 09:11:33 GMT"
        ],
        "Content-Length": [
          "1449"
        ],
        "Content-Type": [
          "application/json; charset=utf-8"
        ],
        "Expires": [
          "-1"
        ]
      },
      "ResponseBody": "{\r\n  \"id\": \"/subscriptions/38304e13-357e-405e-9e9a-220351dcce8c/resourceGroups/hiagarg/providers/Microsoft.RecoveryServices/vaults/hiagaVault/backupPolicies/hiagaVMArchiveTierRecomm\",\r\n  \"name\": \"hiagaVMArchiveTierRecomm\",\r\n  \"type\": \"Microsoft.RecoveryServices/vaults/backupPolicies\",\r\n  \"properties\": {\r\n    \"backupManagementType\": \"AzureIaasVM\",\r\n    \"policyType\": \"V2\",\r\n    \"instantRPDetails\": {},\r\n    \"schedulePolicy\": {\r\n      \"schedulePolicyType\": \"SimpleSchedulePolicyV2\",\r\n      \"scheduleRunFrequency\": \"Weekly\",\r\n      \"weeklySchedule\": {\r\n        \"scheduleRunDays\": [\r\n          \"Sunday\"\r\n        ],\r\n        \"scheduleRunTimes\": [\r\n          \"2023-01-31T19:00:00Z\"\r\n        ]\r\n      }\r\n    },\r\n    \"retentionPolicy\": {\r\n      \"retentionPolicyType\": \"LongTermRetentionPolicy\",\r\n      \"weeklySchedule\": {\r\n        \"daysOfTheWeek\": [\r\n          \"Sunday\"\r\n        ],\r\n        \"retentionTimes\": [\r\n          \"2023-01-31T19:00:00Z\"\r\n        ],\r\n        \"retentionDuration\": {\r\n          \"count\": 104,\r\n          \"durationType\": \"Weeks\"\r\n        }\r\n      },\r\n      \"monthlySchedule\": {\r\n        \"retentionScheduleFormatType\": \"Weekly\",\r\n        \"retentionScheduleWeekly\": {\r\n          \"daysOfTheWeek\": [\r\n            \"Sunday\"\r\n          ],\r\n          \"weeksOfTheMonth\": [\r\n            \"First\"\r\n          ]\r\n        },\r\n        \"retentionTimes\": [\r\n          \"2023-01-31T19:00:00Z\"\r\n        ],\r\n        \"retentionDuration\": {\r\n          \"count\": 60,\r\n          \"durationType\": \"Months\"\r\n        }\r\n      },\r\n      \"yearlySchedule\": {\r\n        \"retentionScheduleFormatType\": \"Weekly\",\r\n        \"monthsOfYear\": [\r\n          \"January\"\r\n        ],\r\n        \"retentionScheduleWeekly\": {\r\n          \"daysOfTheWeek\": [\r\n            \"Sunday\"\r\n          ],\r\n          \"weeksOfTheMonth\": [\r\n            \"First\"\r\n          ]\r\n        },\r\n        \"retentionTimes\": [\r\n          \"2023-01-31T19:00:00Z\"\r\n        ],\r\n        \"retentionDuration\": {\r\n          \"count\": 10,\r\n          \"durationType\": \"Years\"\r\n        }\r\n      }\r\n    },\r\n    \"tieringPolicy\": {\r\n      \"ArchivedRP\": {\r\n        \"tieringMode\": \"TierRecommended\",\r\n        \"duration\": 0,\r\n        \"durationType\": \"Invalid\"\r\n      }\r\n    },\r\n    \"instantRpRetentionRangeInDays\": 7,\r\n    \"timeZone\": \"UTC\",\r\n    \"protectedItemsCount\": 0\r\n  }\r\n}",
      "StatusCode": 200
    },
    {
      "RequestUri": "/subscriptions/38304e13-357e-405e-9e9a-220351dcce8c/resourceGroups/hiagarg/providers/Microsoft.RecoveryServices/vaults/hiagaVault/backupPolicies/hiagaVMArchiveTierRecomm?api-version=2023-01-01",
      "EncodedRequestUri": "L3N1YnNjcmlwdGlvbnMvMzgzMDRlMTMtMzU3ZS00MDVlLTllOWEtMjIwMzUxZGNjZThjL3Jlc291cmNlR3JvdXBzL2hpYWdhcmcvcHJvdmlkZXJzL01pY3Jvc29mdC5SZWNvdmVyeVNlcnZpY2VzL3ZhdWx0cy9oaWFnYVZhdWx0L2JhY2t1cFBvbGljaWVzL2hpYWdhVk1BcmNoaXZlVGllclJlY29tbT9hcGktdmVyc2lvbj0yMDIzLTAxLTAx",
      "RequestMethod": "GET",
      "RequestHeaders": {
        "x-ms-client-request-id": [
          "5e8954ad-a935-4421-acfb-2dd31cacaf3d"
        ],
        "Accept-Language": [
          "en-US"
        ],
        "User-Agent": [
          "FxVersion/4.700.22.55902",
          "OSName/Windows",
          "OSVersion/Microsoft.Windows.10.0.22000",
          "Microsoft.Azure.Management.RecoveryServices.Backup.RecoveryServicesBackupClient/6.1.3"
        ]
      },
      "RequestBody": "",
      "ResponseHeaders": {
        "Cache-Control": [
          "no-cache"
        ],
        "Pragma": [
          "no-cache"
        ],
        "X-Content-Type-Options": [
          "nosniff"
        ],
        "x-ms-request-id": [
          "c6e598ea-40f4-45d8-b288-351f4af9cc2c"
        ],
        "x-ms-client-request-id": [
          "5e8954ad-a935-4421-acfb-2dd31cacaf3d"
        ],
        "Strict-Transport-Security": [
          "max-age=31536000; includeSubDomains"
        ],
        "Server": [
          "Kestrel"
        ],
        "X-Powered-By": [
          "ASP.NET"
        ],
        "x-ms-ratelimit-remaining-subscription-resource-requests": [
          "299"
        ],
        "x-ms-correlation-request-id": [
          "c6e598ea-40f4-45d8-b288-351f4af9cc2c"
        ],
        "x-ms-routing-request-id": [
          "JIOINDIAWEST:20230131T091145Z:c6e598ea-40f4-45d8-b288-351f4af9cc2c"
        ],
        "Date": [
          "Tue, 31 Jan 2023 09:11:44 GMT"
        ],
        "Content-Length": [
          "1449"
        ],
        "Content-Type": [
          "application/json; charset=utf-8"
        ],
        "Expires": [
          "-1"
        ]
      },
      "ResponseBody": "{\r\n  \"id\": \"/subscriptions/38304e13-357e-405e-9e9a-220351dcce8c/resourceGroups/hiagarg/providers/Microsoft.RecoveryServices/vaults/hiagaVault/backupPolicies/hiagaVMArchiveTierRecomm\",\r\n  \"name\": \"hiagaVMArchiveTierRecomm\",\r\n  \"type\": \"Microsoft.RecoveryServices/vaults/backupPolicies\",\r\n  \"properties\": {\r\n    \"backupManagementType\": \"AzureIaasVM\",\r\n    \"policyType\": \"V2\",\r\n    \"instantRPDetails\": {},\r\n    \"schedulePolicy\": {\r\n      \"schedulePolicyType\": \"SimpleSchedulePolicyV2\",\r\n      \"scheduleRunFrequency\": \"Weekly\",\r\n      \"weeklySchedule\": {\r\n        \"scheduleRunDays\": [\r\n          \"Sunday\"\r\n        ],\r\n        \"scheduleRunTimes\": [\r\n          \"2023-01-31T19:00:00Z\"\r\n        ]\r\n      }\r\n    },\r\n    \"retentionPolicy\": {\r\n      \"retentionPolicyType\": \"LongTermRetentionPolicy\",\r\n      \"weeklySchedule\": {\r\n        \"daysOfTheWeek\": [\r\n          \"Sunday\"\r\n        ],\r\n        \"retentionTimes\": [\r\n          \"2023-01-31T19:00:00Z\"\r\n        ],\r\n        \"retentionDuration\": {\r\n          \"count\": 104,\r\n          \"durationType\": \"Weeks\"\r\n        }\r\n      },\r\n      \"monthlySchedule\": {\r\n        \"retentionScheduleFormatType\": \"Weekly\",\r\n        \"retentionScheduleWeekly\": {\r\n          \"daysOfTheWeek\": [\r\n            \"Sunday\"\r\n          ],\r\n          \"weeksOfTheMonth\": [\r\n            \"First\"\r\n          ]\r\n        },\r\n        \"retentionTimes\": [\r\n          \"2023-01-31T19:00:00Z\"\r\n        ],\r\n        \"retentionDuration\": {\r\n          \"count\": 60,\r\n          \"durationType\": \"Months\"\r\n        }\r\n      },\r\n      \"yearlySchedule\": {\r\n        \"retentionScheduleFormatType\": \"Weekly\",\r\n        \"monthsOfYear\": [\r\n          \"January\"\r\n        ],\r\n        \"retentionScheduleWeekly\": {\r\n          \"daysOfTheWeek\": [\r\n            \"Sunday\"\r\n          ],\r\n          \"weeksOfTheMonth\": [\r\n            \"First\"\r\n          ]\r\n        },\r\n        \"retentionTimes\": [\r\n          \"2023-01-31T19:00:00Z\"\r\n        ],\r\n        \"retentionDuration\": {\r\n          \"count\": 10,\r\n          \"durationType\": \"Years\"\r\n        }\r\n      }\r\n    },\r\n    \"tieringPolicy\": {\r\n      \"ArchivedRP\": {\r\n        \"tieringMode\": \"TierRecommended\",\r\n        \"duration\": 0,\r\n        \"durationType\": \"Invalid\"\r\n      }\r\n    },\r\n    \"instantRpRetentionRangeInDays\": 7,\r\n    \"timeZone\": \"UTC\",\r\n    \"protectedItemsCount\": 0\r\n  }\r\n}",
      "StatusCode": 200
    },
    {
      "RequestUri": "/subscriptions/38304e13-357e-405e-9e9a-220351dcce8c/resourceGroups/hiagarg/providers/Microsoft.RecoveryServices/vaults/hiagaVault/backupPolicies/hiagaVMArchiveTierRecomm?api-version=2023-01-01",
      "EncodedRequestUri": "L3N1YnNjcmlwdGlvbnMvMzgzMDRlMTMtMzU3ZS00MDVlLTllOWEtMjIwMzUxZGNjZThjL3Jlc291cmNlR3JvdXBzL2hpYWdhcmcvcHJvdmlkZXJzL01pY3Jvc29mdC5SZWNvdmVyeVNlcnZpY2VzL3ZhdWx0cy9oaWFnYVZhdWx0L2JhY2t1cFBvbGljaWVzL2hpYWdhVk1BcmNoaXZlVGllclJlY29tbT9hcGktdmVyc2lvbj0yMDIzLTAxLTAx",
      "RequestMethod": "GET",
      "RequestHeaders": {
        "x-ms-client-request-id": [
          "8955012f-2c51-41a7-b672-ee5acf425762"
        ],
        "Accept-Language": [
          "en-US"
        ],
        "User-Agent": [
          "FxVersion/4.700.22.55902",
          "OSName/Windows",
          "OSVersion/Microsoft.Windows.10.0.22000",
          "Microsoft.Azure.Management.RecoveryServices.Backup.RecoveryServicesBackupClient/6.1.3"
        ]
      },
      "RequestBody": "",
      "ResponseHeaders": {
        "Cache-Control": [
          "no-cache"
        ],
        "Pragma": [
          "no-cache"
        ],
        "X-Content-Type-Options": [
          "nosniff"
        ],
        "x-ms-request-id": [
          "d09b1d04-0d0e-4077-864e-a307ba27b1a5"
        ],
        "x-ms-client-request-id": [
          "8955012f-2c51-41a7-b672-ee5acf425762"
        ],
        "Strict-Transport-Security": [
          "max-age=31536000; includeSubDomains"
        ],
        "Server": [
          "Kestrel"
        ],
        "X-Powered-By": [
          "ASP.NET"
        ],
        "x-ms-ratelimit-remaining-subscription-resource-requests": [
          "299"
        ],
        "x-ms-correlation-request-id": [
          "d09b1d04-0d0e-4077-864e-a307ba27b1a5"
        ],
        "x-ms-routing-request-id": [
          "WESTINDIA:20230131T091148Z:d09b1d04-0d0e-4077-864e-a307ba27b1a5"
        ],
        "Date": [
          "Tue, 31 Jan 2023 09:11:48 GMT"
        ],
        "Content-Length": [
          "1443"
        ],
        "Content-Type": [
          "application/json; charset=utf-8"
        ],
        "Expires": [
          "-1"
        ]
      },
      "ResponseBody": "{\r\n  \"id\": \"/subscriptions/38304e13-357e-405e-9e9a-220351dcce8c/resourceGroups/hiagarg/providers/Microsoft.RecoveryServices/vaults/hiagaVault/backupPolicies/hiagaVMArchiveTierRecomm\",\r\n  \"name\": \"hiagaVMArchiveTierRecomm\",\r\n  \"type\": \"Microsoft.RecoveryServices/vaults/backupPolicies\",\r\n  \"properties\": {\r\n    \"backupManagementType\": \"AzureIaasVM\",\r\n    \"policyType\": \"V2\",\r\n    \"instantRPDetails\": {},\r\n    \"schedulePolicy\": {\r\n      \"schedulePolicyType\": \"SimpleSchedulePolicyV2\",\r\n      \"scheduleRunFrequency\": \"Weekly\",\r\n      \"weeklySchedule\": {\r\n        \"scheduleRunDays\": [\r\n          \"Sunday\"\r\n        ],\r\n        \"scheduleRunTimes\": [\r\n          \"2023-01-31T19:00:00Z\"\r\n        ]\r\n      }\r\n    },\r\n    \"retentionPolicy\": {\r\n      \"retentionPolicyType\": \"LongTermRetentionPolicy\",\r\n      \"weeklySchedule\": {\r\n        \"daysOfTheWeek\": [\r\n          \"Sunday\"\r\n        ],\r\n        \"retentionTimes\": [\r\n          \"2023-01-31T19:00:00Z\"\r\n        ],\r\n        \"retentionDuration\": {\r\n          \"count\": 104,\r\n          \"durationType\": \"Weeks\"\r\n        }\r\n      },\r\n      \"monthlySchedule\": {\r\n        \"retentionScheduleFormatType\": \"Weekly\",\r\n        \"retentionScheduleWeekly\": {\r\n          \"daysOfTheWeek\": [\r\n            \"Sunday\"\r\n          ],\r\n          \"weeksOfTheMonth\": [\r\n            \"First\"\r\n          ]\r\n        },\r\n        \"retentionTimes\": [\r\n          \"2023-01-31T19:00:00Z\"\r\n        ],\r\n        \"retentionDuration\": {\r\n          \"count\": 60,\r\n          \"durationType\": \"Months\"\r\n        }\r\n      },\r\n      \"yearlySchedule\": {\r\n        \"retentionScheduleFormatType\": \"Weekly\",\r\n        \"monthsOfYear\": [\r\n          \"January\"\r\n        ],\r\n        \"retentionScheduleWeekly\": {\r\n          \"daysOfTheWeek\": [\r\n            \"Sunday\"\r\n          ],\r\n          \"weeksOfTheMonth\": [\r\n            \"First\"\r\n          ]\r\n        },\r\n        \"retentionTimes\": [\r\n          \"2023-01-31T19:00:00Z\"\r\n        ],\r\n        \"retentionDuration\": {\r\n          \"count\": 10,\r\n          \"durationType\": \"Years\"\r\n        }\r\n      }\r\n    },\r\n    \"tieringPolicy\": {\r\n      \"ArchivedRP\": {\r\n        \"tieringMode\": \"DoNotTier\",\r\n        \"duration\": 0,\r\n        \"durationType\": \"Invalid\"\r\n      }\r\n    },\r\n    \"instantRpRetentionRangeInDays\": 7,\r\n    \"timeZone\": \"UTC\",\r\n    \"protectedItemsCount\": 0\r\n  }\r\n}",
      "StatusCode": 200
    },
    {
      "RequestUri": "/subscriptions/38304e13-357e-405e-9e9a-220351dcce8c/resourceGroups/hiagarg/providers/Microsoft.RecoveryServices/vaults/hiagaVault/backupPolicies/hiagaVMArchiveTierRecomm?api-version=2023-01-01",
      "EncodedRequestUri": "L3N1YnNjcmlwdGlvbnMvMzgzMDRlMTMtMzU3ZS00MDVlLTllOWEtMjIwMzUxZGNjZThjL3Jlc291cmNlR3JvdXBzL2hpYWdhcmcvcHJvdmlkZXJzL01pY3Jvc29mdC5SZWNvdmVyeVNlcnZpY2VzL3ZhdWx0cy9oaWFnYVZhdWx0L2JhY2t1cFBvbGljaWVzL2hpYWdhVk1BcmNoaXZlVGllclJlY29tbT9hcGktdmVyc2lvbj0yMDIzLTAxLTAx",
      "RequestMethod": "GET",
      "RequestHeaders": {
        "x-ms-client-request-id": [
          "f4ebcc3f-7c35-4afa-b2d2-c748e402a4cd"
        ],
        "Accept-Language": [
          "en-US"
        ],
        "User-Agent": [
          "FxVersion/4.700.22.55902",
          "OSName/Windows",
          "OSVersion/Microsoft.Windows.10.0.22000",
          "Microsoft.Azure.Management.RecoveryServices.Backup.RecoveryServicesBackupClient/6.1.3"
        ]
      },
      "RequestBody": "",
      "ResponseHeaders": {
        "Cache-Control": [
          "no-cache"
        ],
        "Pragma": [
          "no-cache"
        ],
        "X-Content-Type-Options": [
          "nosniff"
        ],
        "x-ms-request-id": [
          "6d0f2163-55e8-41f6-b189-e56e7e28e070"
        ],
        "x-ms-client-request-id": [
          "f4ebcc3f-7c35-4afa-b2d2-c748e402a4cd"
        ],
        "Strict-Transport-Security": [
          "max-age=31536000; includeSubDomains"
        ],
        "Server": [
          "Kestrel"
        ],
        "X-Powered-By": [
          "ASP.NET"
        ],
        "x-ms-ratelimit-remaining-subscription-resource-requests": [
          "298"
        ],
        "x-ms-correlation-request-id": [
          "6d0f2163-55e8-41f6-b189-e56e7e28e070"
        ],
        "x-ms-routing-request-id": [
          "WESTINDIA:20230131T091153Z:6d0f2163-55e8-41f6-b189-e56e7e28e070"
        ],
        "Date": [
          "Tue, 31 Jan 2023 09:11:52 GMT"
        ],
        "Content-Length": [
          "1449"
        ],
        "Content-Type": [
          "application/json; charset=utf-8"
        ],
        "Expires": [
          "-1"
        ]
      },
      "ResponseBody": "{\r\n  \"id\": \"/subscriptions/38304e13-357e-405e-9e9a-220351dcce8c/resourceGroups/hiagarg/providers/Microsoft.RecoveryServices/vaults/hiagaVault/backupPolicies/hiagaVMArchiveTierRecomm\",\r\n  \"name\": \"hiagaVMArchiveTierRecomm\",\r\n  \"type\": \"Microsoft.RecoveryServices/vaults/backupPolicies\",\r\n  \"properties\": {\r\n    \"backupManagementType\": \"AzureIaasVM\",\r\n    \"policyType\": \"V2\",\r\n    \"instantRPDetails\": {},\r\n    \"schedulePolicy\": {\r\n      \"schedulePolicyType\": \"SimpleSchedulePolicyV2\",\r\n      \"scheduleRunFrequency\": \"Weekly\",\r\n      \"weeklySchedule\": {\r\n        \"scheduleRunDays\": [\r\n          \"Sunday\"\r\n        ],\r\n        \"scheduleRunTimes\": [\r\n          \"2023-01-31T19:00:00Z\"\r\n        ]\r\n      }\r\n    },\r\n    \"retentionPolicy\": {\r\n      \"retentionPolicyType\": \"LongTermRetentionPolicy\",\r\n      \"weeklySchedule\": {\r\n        \"daysOfTheWeek\": [\r\n          \"Sunday\"\r\n        ],\r\n        \"retentionTimes\": [\r\n          \"2023-01-31T19:00:00Z\"\r\n        ],\r\n        \"retentionDuration\": {\r\n          \"count\": 104,\r\n          \"durationType\": \"Weeks\"\r\n        }\r\n      },\r\n      \"monthlySchedule\": {\r\n        \"retentionScheduleFormatType\": \"Weekly\",\r\n        \"retentionScheduleWeekly\": {\r\n          \"daysOfTheWeek\": [\r\n            \"Sunday\"\r\n          ],\r\n          \"weeksOfTheMonth\": [\r\n            \"First\"\r\n          ]\r\n        },\r\n        \"retentionTimes\": [\r\n          \"2023-01-31T19:00:00Z\"\r\n        ],\r\n        \"retentionDuration\": {\r\n          \"count\": 60,\r\n          \"durationType\": \"Months\"\r\n        }\r\n      },\r\n      \"yearlySchedule\": {\r\n        \"retentionScheduleFormatType\": \"Weekly\",\r\n        \"monthsOfYear\": [\r\n          \"January\"\r\n        ],\r\n        \"retentionScheduleWeekly\": {\r\n          \"daysOfTheWeek\": [\r\n            \"Sunday\"\r\n          ],\r\n          \"weeksOfTheMonth\": [\r\n            \"First\"\r\n          ]\r\n        },\r\n        \"retentionTimes\": [\r\n          \"2023-01-31T19:00:00Z\"\r\n        ],\r\n        \"retentionDuration\": {\r\n          \"count\": 10,\r\n          \"durationType\": \"Years\"\r\n        }\r\n      }\r\n    },\r\n    \"tieringPolicy\": {\r\n      \"ArchivedRP\": {\r\n        \"tieringMode\": \"TierRecommended\",\r\n        \"duration\": 0,\r\n        \"durationType\": \"Invalid\"\r\n      }\r\n    },\r\n    \"instantRpRetentionRangeInDays\": 7,\r\n    \"timeZone\": \"UTC\",\r\n    \"protectedItemsCount\": 0\r\n  }\r\n}",
      "StatusCode": 200
    },
    {
      "RequestUri": "/subscriptions/38304e13-357e-405e-9e9a-220351dcce8c/resourceGroups/hiagarg/providers/Microsoft.RecoveryServices/vaults/hiagaVault/backupPolicies/hiagaVMArchiveTierRecomm?api-version=2023-01-01",
      "EncodedRequestUri": "L3N1YnNjcmlwdGlvbnMvMzgzMDRlMTMtMzU3ZS00MDVlLTllOWEtMjIwMzUxZGNjZThjL3Jlc291cmNlR3JvdXBzL2hpYWdhcmcvcHJvdmlkZXJzL01pY3Jvc29mdC5SZWNvdmVyeVNlcnZpY2VzL3ZhdWx0cy9oaWFnYVZhdWx0L2JhY2t1cFBvbGljaWVzL2hpYWdhVk1BcmNoaXZlVGllclJlY29tbT9hcGktdmVyc2lvbj0yMDIzLTAxLTAx",
      "RequestMethod": "PUT",
      "RequestHeaders": {
        "x-ms-client-request-id": [
          "0505172f-44b0-430f-8fbd-3a6c249b9731"
        ],
        "Accept-Language": [
          "en-US"
        ],
        "User-Agent": [
          "FxVersion/4.700.22.55902",
          "OSName/Windows",
          "OSVersion/Microsoft.Windows.10.0.22000",
          "Microsoft.Azure.Management.RecoveryServices.Backup.RecoveryServicesBackupClient/6.1.3"
        ],
        "Content-Type": [
          "application/json; charset=utf-8"
        ],
        "Content-Length": [
          "1889"
        ]
      },
      "RequestBody": "{\r\n  \"properties\": {\r\n    \"backupManagementType\": \"AzureIaasVM\",\r\n    \"schedulePolicy\": {\r\n      \"schedulePolicyType\": \"SimpleSchedulePolicyV2\",\r\n      \"scheduleRunFrequency\": \"Weekly\",\r\n      \"weeklySchedule\": {\r\n        \"scheduleRunDays\": [\r\n          \"Sunday\"\r\n        ],\r\n        \"scheduleRunTimes\": [\r\n          \"2023-01-31T19:00:00Z\"\r\n        ]\r\n      }\r\n    },\r\n    \"retentionPolicy\": {\r\n      \"retentionPolicyType\": \"LongTermRetentionPolicy\",\r\n      \"weeklySchedule\": {\r\n        \"daysOfTheWeek\": [\r\n          \"Sunday\"\r\n        ],\r\n        \"retentionTimes\": [\r\n          \"2023-01-31T19:00:00Z\"\r\n        ],\r\n        \"retentionDuration\": {\r\n          \"count\": 104,\r\n          \"durationType\": \"Weeks\"\r\n        }\r\n      },\r\n      \"monthlySchedule\": {\r\n        \"retentionScheduleFormatType\": \"Weekly\",\r\n        \"retentionScheduleWeekly\": {\r\n          \"daysOfTheWeek\": [\r\n            \"Sunday\"\r\n          ],\r\n          \"weeksOfTheMonth\": [\r\n            \"First\"\r\n          ]\r\n        },\r\n        \"retentionTimes\": [\r\n          \"2023-01-31T19:00:00Z\"\r\n        ],\r\n        \"retentionDuration\": {\r\n          \"count\": 60,\r\n          \"durationType\": \"Months\"\r\n        }\r\n      },\r\n      \"yearlySchedule\": {\r\n        \"retentionScheduleFormatType\": \"Weekly\",\r\n        \"monthsOfYear\": [\r\n          \"January\"\r\n        ],\r\n        \"retentionScheduleWeekly\": {\r\n          \"daysOfTheWeek\": [\r\n            \"Sunday\"\r\n          ],\r\n          \"weeksOfTheMonth\": [\r\n            \"First\"\r\n          ]\r\n        },\r\n        \"retentionTimes\": [\r\n          \"2023-01-31T19:00:00Z\"\r\n        ],\r\n        \"retentionDuration\": {\r\n          \"count\": 10,\r\n          \"durationType\": \"Years\"\r\n        }\r\n      }\r\n    },\r\n    \"tieringPolicy\": {\r\n      \"ArchivedRP\": {\r\n        \"tieringMode\": \"TierRecommended\"\r\n      }\r\n    },\r\n    \"instantRpRetentionRangeInDays\": 7,\r\n    \"timeZone\": \"UTC\",\r\n    \"policyType\": \"V2\"\r\n  }\r\n}",
      "ResponseHeaders": {
        "Cache-Control": [
          "no-cache"
        ],
        "Pragma": [
          "no-cache"
        ],
        "X-Content-Type-Options": [
          "nosniff"
        ],
        "x-ms-request-id": [
          "825754e3-5fcc-496d-aa83-d2b96c6b2c63"
        ],
        "x-ms-client-request-id": [
          "0505172f-44b0-430f-8fbd-3a6c249b9731"
        ],
        "Strict-Transport-Security": [
          "max-age=31536000; includeSubDomains"
        ],
        "Server": [
          "Kestrel"
        ],
        "X-Powered-By": [
          "ASP.NET"
        ],
        "x-ms-ratelimit-remaining-subscription-writes": [
          "1198"
        ],
        "x-ms-correlation-request-id": [
          "825754e3-5fcc-496d-aa83-d2b96c6b2c63"
        ],
        "x-ms-routing-request-id": [
          "JIOINDIAWEST:20230131T091133Z:825754e3-5fcc-496d-aa83-d2b96c6b2c63"
        ],
        "Date": [
          "Tue, 31 Jan 2023 09:11:32 GMT"
        ],
        "Content-Length": [
          "1449"
        ],
        "Content-Type": [
          "application/json; charset=utf-8"
        ],
        "Expires": [
          "-1"
        ]
      },
      "ResponseBody": "{\r\n  \"id\": \"/subscriptions/38304e13-357e-405e-9e9a-220351dcce8c/resourceGroups/hiagarg/providers/Microsoft.RecoveryServices/vaults/hiagaVault/backupPolicies/hiagaVMArchiveTierRecomm\",\r\n  \"name\": \"hiagaVMArchiveTierRecomm\",\r\n  \"type\": \"Microsoft.RecoveryServices/vaults/backupPolicies\",\r\n  \"properties\": {\r\n    \"backupManagementType\": \"AzureIaasVM\",\r\n    \"policyType\": \"V2\",\r\n    \"instantRPDetails\": {},\r\n    \"schedulePolicy\": {\r\n      \"schedulePolicyType\": \"SimpleSchedulePolicyV2\",\r\n      \"scheduleRunFrequency\": \"Weekly\",\r\n      \"weeklySchedule\": {\r\n        \"scheduleRunDays\": [\r\n          \"Sunday\"\r\n        ],\r\n        \"scheduleRunTimes\": [\r\n          \"2023-01-31T19:00:00Z\"\r\n        ]\r\n      }\r\n    },\r\n    \"retentionPolicy\": {\r\n      \"retentionPolicyType\": \"LongTermRetentionPolicy\",\r\n      \"weeklySchedule\": {\r\n        \"daysOfTheWeek\": [\r\n          \"Sunday\"\r\n        ],\r\n        \"retentionTimes\": [\r\n          \"2023-01-31T19:00:00Z\"\r\n        ],\r\n        \"retentionDuration\": {\r\n          \"count\": 104,\r\n          \"durationType\": \"Weeks\"\r\n        }\r\n      },\r\n      \"monthlySchedule\": {\r\n        \"retentionScheduleFormatType\": \"Weekly\",\r\n        \"retentionScheduleWeekly\": {\r\n          \"daysOfTheWeek\": [\r\n            \"Sunday\"\r\n          ],\r\n          \"weeksOfTheMonth\": [\r\n            \"First\"\r\n          ]\r\n        },\r\n        \"retentionTimes\": [\r\n          \"2023-01-31T19:00:00Z\"\r\n        ],\r\n        \"retentionDuration\": {\r\n          \"count\": 60,\r\n          \"durationType\": \"Months\"\r\n        }\r\n      },\r\n      \"yearlySchedule\": {\r\n        \"retentionScheduleFormatType\": \"Weekly\",\r\n        \"monthsOfYear\": [\r\n          \"January\"\r\n        ],\r\n        \"retentionScheduleWeekly\": {\r\n          \"daysOfTheWeek\": [\r\n            \"Sunday\"\r\n          ],\r\n          \"weeksOfTheMonth\": [\r\n            \"First\"\r\n          ]\r\n        },\r\n        \"retentionTimes\": [\r\n          \"2023-01-31T19:00:00Z\"\r\n        ],\r\n        \"retentionDuration\": {\r\n          \"count\": 10,\r\n          \"durationType\": \"Years\"\r\n        }\r\n      }\r\n    },\r\n    \"tieringPolicy\": {\r\n      \"ArchivedRP\": {\r\n        \"tieringMode\": \"TierRecommended\",\r\n        \"duration\": 0,\r\n        \"durationType\": \"Invalid\"\r\n      }\r\n    },\r\n    \"instantRpRetentionRangeInDays\": 7,\r\n    \"timeZone\": \"UTC\",\r\n    \"protectedItemsCount\": 0\r\n  }\r\n}",
      "StatusCode": 200
    },
    {
      "RequestUri": "/subscriptions/38304e13-357e-405e-9e9a-220351dcce8c/resourceGroups/hiagarg/providers/Microsoft.RecoveryServices/vaults/hiagaVault/backupPolicies/hiagaVMArchiveTierRecomm?api-version=2023-01-01",
      "EncodedRequestUri": "L3N1YnNjcmlwdGlvbnMvMzgzMDRlMTMtMzU3ZS00MDVlLTllOWEtMjIwMzUxZGNjZThjL3Jlc291cmNlR3JvdXBzL2hpYWdhcmcvcHJvdmlkZXJzL01pY3Jvc29mdC5SZWNvdmVyeVNlcnZpY2VzL3ZhdWx0cy9oaWFnYVZhdWx0L2JhY2t1cFBvbGljaWVzL2hpYWdhVk1BcmNoaXZlVGllclJlY29tbT9hcGktdmVyc2lvbj0yMDIzLTAxLTAx",
      "RequestMethod": "PUT",
      "RequestHeaders": {
        "x-ms-client-request-id": [
          "5e8954ad-a935-4421-acfb-2dd31cacaf3d"
        ],
        "Accept-Language": [
          "en-US"
        ],
        "User-Agent": [
          "FxVersion/4.700.22.55902",
          "OSName/Windows",
          "OSVersion/Microsoft.Windows.10.0.22000",
          "Microsoft.Azure.Management.RecoveryServices.Backup.RecoveryServicesBackupClient/6.1.3"
        ],
        "Content-Type": [
          "application/json; charset=utf-8"
        ],
        "Content-Length": [
          "1912"
        ]
      },
      "RequestBody": "{\r\n  \"properties\": {\r\n    \"backupManagementType\": \"AzureIaasVM\",\r\n    \"instantRPDetails\": {},\r\n    \"schedulePolicy\": {\r\n      \"schedulePolicyType\": \"SimpleSchedulePolicyV2\",\r\n      \"scheduleRunFrequency\": \"Weekly\",\r\n      \"weeklySchedule\": {\r\n        \"scheduleRunDays\": [\r\n          \"Sunday\"\r\n        ],\r\n        \"scheduleRunTimes\": [\r\n          \"2023-01-31T19:00:00Z\"\r\n        ]\r\n      }\r\n    },\r\n    \"retentionPolicy\": {\r\n      \"retentionPolicyType\": \"LongTermRetentionPolicy\",\r\n      \"weeklySchedule\": {\r\n        \"daysOfTheWeek\": [\r\n          \"Sunday\"\r\n        ],\r\n        \"retentionTimes\": [\r\n          \"2023-01-31T19:00:00Z\"\r\n        ],\r\n        \"retentionDuration\": {\r\n          \"count\": 104,\r\n          \"durationType\": \"Weeks\"\r\n        }\r\n      },\r\n      \"monthlySchedule\": {\r\n        \"retentionScheduleFormatType\": \"Weekly\",\r\n        \"retentionScheduleWeekly\": {\r\n          \"daysOfTheWeek\": [\r\n            \"Sunday\"\r\n          ],\r\n          \"weeksOfTheMonth\": [\r\n            \"First\"\r\n          ]\r\n        },\r\n        \"retentionTimes\": [\r\n          \"2023-01-31T19:00:00Z\"\r\n        ],\r\n        \"retentionDuration\": {\r\n          \"count\": 60,\r\n          \"durationType\": \"Months\"\r\n        }\r\n      },\r\n      \"yearlySchedule\": {\r\n        \"retentionScheduleFormatType\": \"Weekly\",\r\n        \"monthsOfYear\": [\r\n          \"January\"\r\n        ],\r\n        \"retentionScheduleWeekly\": {\r\n          \"daysOfTheWeek\": [\r\n            \"Sunday\"\r\n          ],\r\n          \"weeksOfTheMonth\": [\r\n            \"First\"\r\n          ]\r\n        },\r\n        \"retentionTimes\": [\r\n          \"2023-01-31T19:00:00Z\"\r\n        ],\r\n        \"retentionDuration\": {\r\n          \"count\": 10,\r\n          \"durationType\": \"Years\"\r\n        }\r\n      }\r\n    },\r\n    \"tieringPolicy\": {\r\n      \"ArchivedRP\": {\r\n        \"tieringMode\": \"DoNotTier\"\r\n      }\r\n    },\r\n    \"instantRpRetentionRangeInDays\": 7,\r\n    \"timeZone\": \"UTC\",\r\n    \"policyType\": \"V2\"\r\n  }\r\n}",
      "ResponseHeaders": {
        "Cache-Control": [
          "no-cache"
        ],
        "Pragma": [
          "no-cache"
        ],
        "X-Content-Type-Options": [
          "nosniff"
        ],
        "x-ms-request-id": [
          "b790d486-80a2-4d23-a77e-10156e7ce830"
        ],
        "x-ms-client-request-id": [
          "5e8954ad-a935-4421-acfb-2dd31cacaf3d"
        ],
        "Strict-Transport-Security": [
          "max-age=31536000; includeSubDomains"
        ],
        "Server": [
          "Kestrel"
        ],
        "X-Powered-By": [
          "ASP.NET"
        ],
        "x-ms-ratelimit-remaining-subscription-writes": [
          "1199"
        ],
        "x-ms-correlation-request-id": [
          "b790d486-80a2-4d23-a77e-10156e7ce830"
        ],
        "x-ms-routing-request-id": [
          "JIOINDIAWEST:20230131T091147Z:b790d486-80a2-4d23-a77e-10156e7ce830"
        ],
        "Date": [
          "Tue, 31 Jan 2023 09:11:46 GMT"
        ],
        "Content-Length": [
          "1443"
        ],
        "Content-Type": [
          "application/json; charset=utf-8"
        ],
        "Expires": [
          "-1"
        ]
      },
      "ResponseBody": "{\r\n  \"id\": \"/subscriptions/38304e13-357e-405e-9e9a-220351dcce8c/resourceGroups/hiagarg/providers/Microsoft.RecoveryServices/vaults/hiagaVault/backupPolicies/hiagaVMArchiveTierRecomm\",\r\n  \"name\": \"hiagaVMArchiveTierRecomm\",\r\n  \"type\": \"Microsoft.RecoveryServices/vaults/backupPolicies\",\r\n  \"properties\": {\r\n    \"backupManagementType\": \"AzureIaasVM\",\r\n    \"policyType\": \"V2\",\r\n    \"instantRPDetails\": {},\r\n    \"schedulePolicy\": {\r\n      \"schedulePolicyType\": \"SimpleSchedulePolicyV2\",\r\n      \"scheduleRunFrequency\": \"Weekly\",\r\n      \"weeklySchedule\": {\r\n        \"scheduleRunDays\": [\r\n          \"Sunday\"\r\n        ],\r\n        \"scheduleRunTimes\": [\r\n          \"2023-01-31T19:00:00Z\"\r\n        ]\r\n      }\r\n    },\r\n    \"retentionPolicy\": {\r\n      \"retentionPolicyType\": \"LongTermRetentionPolicy\",\r\n      \"weeklySchedule\": {\r\n        \"daysOfTheWeek\": [\r\n          \"Sunday\"\r\n        ],\r\n        \"retentionTimes\": [\r\n          \"2023-01-31T19:00:00Z\"\r\n        ],\r\n        \"retentionDuration\": {\r\n          \"count\": 104,\r\n          \"durationType\": \"Weeks\"\r\n        }\r\n      },\r\n      \"monthlySchedule\": {\r\n        \"retentionScheduleFormatType\": \"Weekly\",\r\n        \"retentionScheduleWeekly\": {\r\n          \"daysOfTheWeek\": [\r\n            \"Sunday\"\r\n          ],\r\n          \"weeksOfTheMonth\": [\r\n            \"First\"\r\n          ]\r\n        },\r\n        \"retentionTimes\": [\r\n          \"2023-01-31T19:00:00Z\"\r\n        ],\r\n        \"retentionDuration\": {\r\n          \"count\": 60,\r\n          \"durationType\": \"Months\"\r\n        }\r\n      },\r\n      \"yearlySchedule\": {\r\n        \"retentionScheduleFormatType\": \"Weekly\",\r\n        \"monthsOfYear\": [\r\n          \"January\"\r\n        ],\r\n        \"retentionScheduleWeekly\": {\r\n          \"daysOfTheWeek\": [\r\n            \"Sunday\"\r\n          ],\r\n          \"weeksOfTheMonth\": [\r\n            \"First\"\r\n          ]\r\n        },\r\n        \"retentionTimes\": [\r\n          \"2023-01-31T19:00:00Z\"\r\n        ],\r\n        \"retentionDuration\": {\r\n          \"count\": 10,\r\n          \"durationType\": \"Years\"\r\n        }\r\n      }\r\n    },\r\n    \"tieringPolicy\": {\r\n      \"ArchivedRP\": {\r\n        \"tieringMode\": \"DoNotTier\",\r\n        \"duration\": 0,\r\n        \"durationType\": \"Invalid\"\r\n      }\r\n    },\r\n    \"instantRpRetentionRangeInDays\": 7,\r\n    \"timeZone\": \"UTC\",\r\n    \"protectedItemsCount\": 0\r\n  }\r\n}",
      "StatusCode": 200
    },
    {
      "RequestUri": "/subscriptions/38304e13-357e-405e-9e9a-220351dcce8c/resourceGroups/hiagarg/providers/Microsoft.RecoveryServices/vaults/hiagaVault/backupPolicies/hiagaVMArchiveTierRecomm?api-version=2023-01-01",
      "EncodedRequestUri": "L3N1YnNjcmlwdGlvbnMvMzgzMDRlMTMtMzU3ZS00MDVlLTllOWEtMjIwMzUxZGNjZThjL3Jlc291cmNlR3JvdXBzL2hpYWdhcmcvcHJvdmlkZXJzL01pY3Jvc29mdC5SZWNvdmVyeVNlcnZpY2VzL3ZhdWx0cy9oaWFnYVZhdWx0L2JhY2t1cFBvbGljaWVzL2hpYWdhVk1BcmNoaXZlVGllclJlY29tbT9hcGktdmVyc2lvbj0yMDIzLTAxLTAx",
      "RequestMethod": "PUT",
      "RequestHeaders": {
        "x-ms-client-request-id": [
          "8955012f-2c51-41a7-b672-ee5acf425762"
        ],
        "Accept-Language": [
          "en-US"
        ],
        "User-Agent": [
          "FxVersion/4.700.22.55902",
          "OSName/Windows",
          "OSVersion/Microsoft.Windows.10.0.22000",
          "Microsoft.Azure.Management.RecoveryServices.Backup.RecoveryServicesBackupClient/6.1.3"
        ],
        "Content-Type": [
          "application/json; charset=utf-8"
        ],
        "Content-Length": [
          "1918"
        ]
      },
      "RequestBody": "{\r\n  \"properties\": {\r\n    \"backupManagementType\": \"AzureIaasVM\",\r\n    \"instantRPDetails\": {},\r\n    \"schedulePolicy\": {\r\n      \"schedulePolicyType\": \"SimpleSchedulePolicyV2\",\r\n      \"scheduleRunFrequency\": \"Weekly\",\r\n      \"weeklySchedule\": {\r\n        \"scheduleRunDays\": [\r\n          \"Sunday\"\r\n        ],\r\n        \"scheduleRunTimes\": [\r\n          \"2023-01-31T19:00:00Z\"\r\n        ]\r\n      }\r\n    },\r\n    \"retentionPolicy\": {\r\n      \"retentionPolicyType\": \"LongTermRetentionPolicy\",\r\n      \"weeklySchedule\": {\r\n        \"daysOfTheWeek\": [\r\n          \"Sunday\"\r\n        ],\r\n        \"retentionTimes\": [\r\n          \"2023-01-31T19:00:00Z\"\r\n        ],\r\n        \"retentionDuration\": {\r\n          \"count\": 104,\r\n          \"durationType\": \"Weeks\"\r\n        }\r\n      },\r\n      \"monthlySchedule\": {\r\n        \"retentionScheduleFormatType\": \"Weekly\",\r\n        \"retentionScheduleWeekly\": {\r\n          \"daysOfTheWeek\": [\r\n            \"Sunday\"\r\n          ],\r\n          \"weeksOfTheMonth\": [\r\n            \"First\"\r\n          ]\r\n        },\r\n        \"retentionTimes\": [\r\n          \"2023-01-31T19:00:00Z\"\r\n        ],\r\n        \"retentionDuration\": {\r\n          \"count\": 60,\r\n          \"durationType\": \"Months\"\r\n        }\r\n      },\r\n      \"yearlySchedule\": {\r\n        \"retentionScheduleFormatType\": \"Weekly\",\r\n        \"monthsOfYear\": [\r\n          \"January\"\r\n        ],\r\n        \"retentionScheduleWeekly\": {\r\n          \"daysOfTheWeek\": [\r\n            \"Sunday\"\r\n          ],\r\n          \"weeksOfTheMonth\": [\r\n            \"First\"\r\n          ]\r\n        },\r\n        \"retentionTimes\": [\r\n          \"2023-01-31T19:00:00Z\"\r\n        ],\r\n        \"retentionDuration\": {\r\n          \"count\": 10,\r\n          \"durationType\": \"Years\"\r\n        }\r\n      }\r\n    },\r\n    \"tieringPolicy\": {\r\n      \"ArchivedRP\": {\r\n        \"tieringMode\": \"TierRecommended\"\r\n      }\r\n    },\r\n    \"instantRpRetentionRangeInDays\": 7,\r\n    \"timeZone\": \"UTC\",\r\n    \"policyType\": \"V2\"\r\n  }\r\n}",
      "ResponseHeaders": {
        "Cache-Control": [
          "no-cache"
        ],
        "Pragma": [
          "no-cache"
        ],
        "X-Content-Type-Options": [
          "nosniff"
        ],
        "x-ms-request-id": [
          "3b124036-1460-4e4a-adf7-e4d420e2ff92"
        ],
        "x-ms-client-request-id": [
          "8955012f-2c51-41a7-b672-ee5acf425762"
        ],
        "Strict-Transport-Security": [
          "max-age=31536000; includeSubDomains"
        ],
        "Server": [
          "Kestrel"
        ],
        "X-Powered-By": [
          "ASP.NET"
        ],
        "x-ms-ratelimit-remaining-subscription-writes": [
          "1199"
        ],
        "x-ms-correlation-request-id": [
          "3b124036-1460-4e4a-adf7-e4d420e2ff92"
        ],
        "x-ms-routing-request-id": [
          "WESTINDIA:20230131T091149Z:3b124036-1460-4e4a-adf7-e4d420e2ff92"
        ],
        "Date": [
          "Tue, 31 Jan 2023 09:11:49 GMT"
        ],
        "Content-Length": [
          "1449"
        ],
        "Content-Type": [
          "application/json; charset=utf-8"
        ],
        "Expires": [
          "-1"
        ]
      },
      "ResponseBody": "{\r\n  \"id\": \"/subscriptions/38304e13-357e-405e-9e9a-220351dcce8c/resourceGroups/hiagarg/providers/Microsoft.RecoveryServices/vaults/hiagaVault/backupPolicies/hiagaVMArchiveTierRecomm\",\r\n  \"name\": \"hiagaVMArchiveTierRecomm\",\r\n  \"type\": \"Microsoft.RecoveryServices/vaults/backupPolicies\",\r\n  \"properties\": {\r\n    \"backupManagementType\": \"AzureIaasVM\",\r\n    \"policyType\": \"V2\",\r\n    \"instantRPDetails\": {},\r\n    \"schedulePolicy\": {\r\n      \"schedulePolicyType\": \"SimpleSchedulePolicyV2\",\r\n      \"scheduleRunFrequency\": \"Weekly\",\r\n      \"weeklySchedule\": {\r\n        \"scheduleRunDays\": [\r\n          \"Sunday\"\r\n        ],\r\n        \"scheduleRunTimes\": [\r\n          \"2023-01-31T19:00:00Z\"\r\n        ]\r\n      }\r\n    },\r\n    \"retentionPolicy\": {\r\n      \"retentionPolicyType\": \"LongTermRetentionPolicy\",\r\n      \"weeklySchedule\": {\r\n        \"daysOfTheWeek\": [\r\n          \"Sunday\"\r\n        ],\r\n        \"retentionTimes\": [\r\n          \"2023-01-31T19:00:00Z\"\r\n        ],\r\n        \"retentionDuration\": {\r\n          \"count\": 104,\r\n          \"durationType\": \"Weeks\"\r\n        }\r\n      },\r\n      \"monthlySchedule\": {\r\n        \"retentionScheduleFormatType\": \"Weekly\",\r\n        \"retentionScheduleWeekly\": {\r\n          \"daysOfTheWeek\": [\r\n            \"Sunday\"\r\n          ],\r\n          \"weeksOfTheMonth\": [\r\n            \"First\"\r\n          ]\r\n        },\r\n        \"retentionTimes\": [\r\n          \"2023-01-31T19:00:00Z\"\r\n        ],\r\n        \"retentionDuration\": {\r\n          \"count\": 60,\r\n          \"durationType\": \"Months\"\r\n        }\r\n      },\r\n      \"yearlySchedule\": {\r\n        \"retentionScheduleFormatType\": \"Weekly\",\r\n        \"monthsOfYear\": [\r\n          \"January\"\r\n        ],\r\n        \"retentionScheduleWeekly\": {\r\n          \"daysOfTheWeek\": [\r\n            \"Sunday\"\r\n          ],\r\n          \"weeksOfTheMonth\": [\r\n            \"First\"\r\n          ]\r\n        },\r\n        \"retentionTimes\": [\r\n          \"2023-01-31T19:00:00Z\"\r\n        ],\r\n        \"retentionDuration\": {\r\n          \"count\": 10,\r\n          \"durationType\": \"Years\"\r\n        }\r\n      }\r\n    },\r\n    \"tieringPolicy\": {\r\n      \"ArchivedRP\": {\r\n        \"tieringMode\": \"TierRecommended\",\r\n        \"duration\": 0,\r\n        \"durationType\": \"Invalid\"\r\n      }\r\n    },\r\n    \"instantRpRetentionRangeInDays\": 7,\r\n    \"timeZone\": \"UTC\",\r\n    \"protectedItemsCount\": 0\r\n  }\r\n}",
      "StatusCode": 200
    },
    {
      "RequestUri": "/subscriptions/38304e13-357e-405e-9e9a-220351dcce8c/resourceGroups/hiagarg/providers/Microsoft.RecoveryServices/vaults/hiagaVault/backupPolicies/hiagaVMArchiveTierAfter?api-version=2023-01-01",
      "EncodedRequestUri": "L3N1YnNjcmlwdGlvbnMvMzgzMDRlMTMtMzU3ZS00MDVlLTllOWEtMjIwMzUxZGNjZThjL3Jlc291cmNlR3JvdXBzL2hpYWdhcmcvcHJvdmlkZXJzL01pY3Jvc29mdC5SZWNvdmVyeVNlcnZpY2VzL3ZhdWx0cy9oaWFnYVZhdWx0L2JhY2t1cFBvbGljaWVzL2hpYWdhVk1BcmNoaXZlVGllckFmdGVyP2FwaS12ZXJzaW9uPTIwMjMtMDEtMDE=",
      "RequestMethod": "GET",
      "RequestHeaders": {
        "x-ms-client-request-id": [
          "5d7e9967-5f4f-44ca-8ca8-b7e5994621cf"
        ],
        "Accept-Language": [
          "en-US"
        ],
        "User-Agent": [
          "FxVersion/4.700.22.55902",
          "OSName/Windows",
          "OSVersion/Microsoft.Windows.10.0.22000",
          "Microsoft.Azure.Management.RecoveryServices.Backup.RecoveryServicesBackupClient/6.1.3"
        ]
      },
      "RequestBody": "",
      "ResponseHeaders": {
        "Cache-Control": [
          "no-cache"
        ],
        "Pragma": [
          "no-cache"
        ],
        "X-Content-Type-Options": [
          "nosniff"
        ],
        "x-ms-request-id": [
          "8a3e487b-3b07-4a33-bf61-6c0dda267fce"
        ],
        "x-ms-client-request-id": [
          "5d7e9967-5f4f-44ca-8ca8-b7e5994621cf"
        ],
        "Strict-Transport-Security": [
          "max-age=31536000; includeSubDomains"
        ],
        "Server": [
          "Kestrel"
        ],
        "X-Powered-By": [
          "ASP.NET"
        ],
        "x-ms-ratelimit-remaining-subscription-resource-requests": [
          "299"
        ],
        "x-ms-correlation-request-id": [
          "8a3e487b-3b07-4a33-bf61-6c0dda267fce"
        ],
        "x-ms-routing-request-id": [
          "JIOINDIAWEST:20230131T091136Z:8a3e487b-3b07-4a33-bf61-6c0dda267fce"
        ],
        "Date": [
          "Tue, 31 Jan 2023 09:11:36 GMT"
        ],
        "Content-Length": [
          "2"
        ],
        "Content-Type": [
          "application/json"
        ],
        "Expires": [
          "-1"
        ]
      },
      "ResponseBody": "{}",
      "StatusCode": 404
    },
    {
      "RequestUri": "/subscriptions/38304e13-357e-405e-9e9a-220351dcce8c/resourceGroups/hiagarg/providers/Microsoft.RecoveryServices/vaults/hiagaVault/backupPolicies/hiagaVMArchiveTierAfter?api-version=2023-01-01",
      "EncodedRequestUri": "L3N1YnNjcmlwdGlvbnMvMzgzMDRlMTMtMzU3ZS00MDVlLTllOWEtMjIwMzUxZGNjZThjL3Jlc291cmNlR3JvdXBzL2hpYWdhcmcvcHJvdmlkZXJzL01pY3Jvc29mdC5SZWNvdmVyeVNlcnZpY2VzL3ZhdWx0cy9oaWFnYVZhdWx0L2JhY2t1cFBvbGljaWVzL2hpYWdhVk1BcmNoaXZlVGllckFmdGVyP2FwaS12ZXJzaW9uPTIwMjMtMDEtMDE=",
      "RequestMethod": "GET",
      "RequestHeaders": {
        "x-ms-client-request-id": [
          "9bf85e76-442e-4d90-b4a4-2bf956a4309c"
        ],
        "Accept-Language": [
          "en-US"
        ],
        "User-Agent": [
          "FxVersion/4.700.22.55902",
          "OSName/Windows",
          "OSVersion/Microsoft.Windows.10.0.22000",
          "Microsoft.Azure.Management.RecoveryServices.Backup.RecoveryServicesBackupClient/6.1.3"
        ]
      },
      "RequestBody": "",
      "ResponseHeaders": {
        "Cache-Control": [
          "no-cache"
        ],
        "Pragma": [
          "no-cache"
        ],
        "X-Content-Type-Options": [
          "nosniff"
        ],
        "x-ms-request-id": [
          "99e7faa5-4b73-42ce-b0e1-761fe9b41eb6"
        ],
        "x-ms-client-request-id": [
          "9bf85e76-442e-4d90-b4a4-2bf956a4309c"
        ],
        "Strict-Transport-Security": [
          "max-age=31536000; includeSubDomains"
        ],
        "Server": [
          "Kestrel"
        ],
        "X-Powered-By": [
          "ASP.NET"
        ],
        "x-ms-ratelimit-remaining-subscription-resource-requests": [
          "298"
        ],
        "x-ms-correlation-request-id": [
          "99e7faa5-4b73-42ce-b0e1-761fe9b41eb6"
        ],
        "x-ms-routing-request-id": [
          "JIOINDIAWEST:20230131T091138Z:99e7faa5-4b73-42ce-b0e1-761fe9b41eb6"
        ],
        "Date": [
          "Tue, 31 Jan 2023 09:11:37 GMT"
        ],
        "Content-Length": [
          "2"
        ],
        "Content-Type": [
          "application/json"
        ],
        "Expires": [
          "-1"
        ]
      },
      "ResponseBody": "{}",
      "StatusCode": 404
    },
    {
      "RequestUri": "/subscriptions/38304e13-357e-405e-9e9a-220351dcce8c/resourceGroups/hiagarg/providers/Microsoft.RecoveryServices/vaults/hiagaVault/backupPolicies/hiagaVMArchiveTierAfter?api-version=2023-01-01",
      "EncodedRequestUri": "L3N1YnNjcmlwdGlvbnMvMzgzMDRlMTMtMzU3ZS00MDVlLTllOWEtMjIwMzUxZGNjZThjL3Jlc291cmNlR3JvdXBzL2hpYWdhcmcvcHJvdmlkZXJzL01pY3Jvc29mdC5SZWNvdmVyeVNlcnZpY2VzL3ZhdWx0cy9oaWFnYVZhdWx0L2JhY2t1cFBvbGljaWVzL2hpYWdhVk1BcmNoaXZlVGllckFmdGVyP2FwaS12ZXJzaW9uPTIwMjMtMDEtMDE=",
      "RequestMethod": "GET",
      "RequestHeaders": {
        "x-ms-client-request-id": [
          "9bf85e76-442e-4d90-b4a4-2bf956a4309c"
        ],
        "Accept-Language": [
          "en-US"
        ],
        "User-Agent": [
          "FxVersion/4.700.22.55902",
          "OSName/Windows",
          "OSVersion/Microsoft.Windows.10.0.22000",
          "Microsoft.Azure.Management.RecoveryServices.Backup.RecoveryServicesBackupClient/6.1.3"
        ]
      },
      "RequestBody": "",
      "ResponseHeaders": {
        "Cache-Control": [
          "no-cache"
        ],
        "Pragma": [
          "no-cache"
        ],
        "X-Content-Type-Options": [
          "nosniff"
        ],
        "x-ms-request-id": [
          "46260d23-fb0d-4021-bf71-ed706db1b6d7"
        ],
        "x-ms-client-request-id": [
          "9bf85e76-442e-4d90-b4a4-2bf956a4309c"
        ],
        "Strict-Transport-Security": [
          "max-age=31536000; includeSubDomains"
        ],
        "Server": [
          "Kestrel"
        ],
        "X-Powered-By": [
          "ASP.NET"
        ],
        "x-ms-ratelimit-remaining-subscription-resource-requests": [
          "297"
        ],
        "x-ms-correlation-request-id": [
          "46260d23-fb0d-4021-bf71-ed706db1b6d7"
        ],
        "x-ms-routing-request-id": [
          "JIOINDIAWEST:20230131T091140Z:46260d23-fb0d-4021-bf71-ed706db1b6d7"
        ],
        "Date": [
          "Tue, 31 Jan 2023 09:11:39 GMT"
        ],
        "Content-Length": [
          "1440"
        ],
        "Content-Type": [
          "application/json; charset=utf-8"
        ],
        "Expires": [
          "-1"
        ]
      },
      "ResponseBody": "{\r\n  \"id\": \"/subscriptions/38304e13-357e-405e-9e9a-220351dcce8c/resourceGroups/hiagarg/providers/Microsoft.RecoveryServices/vaults/hiagaVault/backupPolicies/hiagaVMArchiveTierAfter\",\r\n  \"name\": \"hiagaVMArchiveTierAfter\",\r\n  \"type\": \"Microsoft.RecoveryServices/vaults/backupPolicies\",\r\n  \"properties\": {\r\n    \"backupManagementType\": \"AzureIaasVM\",\r\n    \"policyType\": \"V2\",\r\n    \"instantRPDetails\": {},\r\n    \"schedulePolicy\": {\r\n      \"schedulePolicyType\": \"SimpleSchedulePolicyV2\",\r\n      \"scheduleRunFrequency\": \"Weekly\",\r\n      \"weeklySchedule\": {\r\n        \"scheduleRunDays\": [\r\n          \"Sunday\"\r\n        ],\r\n        \"scheduleRunTimes\": [\r\n          \"2023-01-31T19:00:00Z\"\r\n        ]\r\n      }\r\n    },\r\n    \"retentionPolicy\": {\r\n      \"retentionPolicyType\": \"LongTermRetentionPolicy\",\r\n      \"weeklySchedule\": {\r\n        \"daysOfTheWeek\": [\r\n          \"Sunday\"\r\n        ],\r\n        \"retentionTimes\": [\r\n          \"2023-01-31T19:00:00Z\"\r\n        ],\r\n        \"retentionDuration\": {\r\n          \"count\": 104,\r\n          \"durationType\": \"Weeks\"\r\n        }\r\n      },\r\n      \"monthlySchedule\": {\r\n        \"retentionScheduleFormatType\": \"Weekly\",\r\n        \"retentionScheduleWeekly\": {\r\n          \"daysOfTheWeek\": [\r\n            \"Sunday\"\r\n          ],\r\n          \"weeksOfTheMonth\": [\r\n            \"First\"\r\n          ]\r\n        },\r\n        \"retentionTimes\": [\r\n          \"2023-01-31T19:00:00Z\"\r\n        ],\r\n        \"retentionDuration\": {\r\n          \"count\": 60,\r\n          \"durationType\": \"Months\"\r\n        }\r\n      },\r\n      \"yearlySchedule\": {\r\n        \"retentionScheduleFormatType\": \"Weekly\",\r\n        \"monthsOfYear\": [\r\n          \"January\"\r\n        ],\r\n        \"retentionScheduleWeekly\": {\r\n          \"daysOfTheWeek\": [\r\n            \"Sunday\"\r\n          ],\r\n          \"weeksOfTheMonth\": [\r\n            \"First\"\r\n          ]\r\n        },\r\n        \"retentionTimes\": [\r\n          \"2023-01-31T19:00:00Z\"\r\n        ],\r\n        \"retentionDuration\": {\r\n          \"count\": 10,\r\n          \"durationType\": \"Years\"\r\n        }\r\n      }\r\n    },\r\n    \"tieringPolicy\": {\r\n      \"ArchivedRP\": {\r\n        \"tieringMode\": \"TierAfter\",\r\n        \"duration\": 3,\r\n        \"durationType\": \"Months\"\r\n      }\r\n    },\r\n    \"instantRpRetentionRangeInDays\": 7,\r\n    \"timeZone\": \"UTC\",\r\n    \"protectedItemsCount\": 0\r\n  }\r\n}",
      "StatusCode": 200
    },
    {
      "RequestUri": "/subscriptions/38304e13-357e-405e-9e9a-220351dcce8c/resourceGroups/hiagarg/providers/Microsoft.RecoveryServices/vaults/hiagaVault/backupPolicies/hiagaVMArchiveTierAfter?api-version=2023-01-01",
      "EncodedRequestUri": "L3N1YnNjcmlwdGlvbnMvMzgzMDRlMTMtMzU3ZS00MDVlLTllOWEtMjIwMzUxZGNjZThjL3Jlc291cmNlR3JvdXBzL2hpYWdhcmcvcHJvdmlkZXJzL01pY3Jvc29mdC5SZWNvdmVyeVNlcnZpY2VzL3ZhdWx0cy9oaWFnYVZhdWx0L2JhY2t1cFBvbGljaWVzL2hpYWdhVk1BcmNoaXZlVGllckFmdGVyP2FwaS12ZXJzaW9uPTIwMjMtMDEtMDE=",
      "RequestMethod": "PUT",
      "RequestHeaders": {
        "x-ms-client-request-id": [
          "9bf85e76-442e-4d90-b4a4-2bf956a4309c"
        ],
        "Accept-Language": [
          "en-US"
        ],
        "User-Agent": [
          "FxVersion/4.700.22.55902",
          "OSName/Windows",
          "OSVersion/Microsoft.Windows.10.0.22000",
          "Microsoft.Azure.Management.RecoveryServices.Backup.RecoveryServicesBackupClient/6.1.3"
        ],
        "Content-Type": [
          "application/json; charset=utf-8"
        ],
        "Content-Length": [
          "1942"
        ]
      },
      "RequestBody": "{\r\n  \"properties\": {\r\n    \"backupManagementType\": \"AzureIaasVM\",\r\n    \"schedulePolicy\": {\r\n      \"schedulePolicyType\": \"SimpleSchedulePolicyV2\",\r\n      \"scheduleRunFrequency\": \"Weekly\",\r\n      \"weeklySchedule\": {\r\n        \"scheduleRunDays\": [\r\n          \"Sunday\"\r\n        ],\r\n        \"scheduleRunTimes\": [\r\n          \"2023-01-31T19:00:00Z\"\r\n        ]\r\n      }\r\n    },\r\n    \"retentionPolicy\": {\r\n      \"retentionPolicyType\": \"LongTermRetentionPolicy\",\r\n      \"weeklySchedule\": {\r\n        \"daysOfTheWeek\": [\r\n          \"Sunday\"\r\n        ],\r\n        \"retentionTimes\": [\r\n          \"2023-01-31T19:00:00Z\"\r\n        ],\r\n        \"retentionDuration\": {\r\n          \"count\": 104,\r\n          \"durationType\": \"Weeks\"\r\n        }\r\n      },\r\n      \"monthlySchedule\": {\r\n        \"retentionScheduleFormatType\": \"Weekly\",\r\n        \"retentionScheduleWeekly\": {\r\n          \"daysOfTheWeek\": [\r\n            \"Sunday\"\r\n          ],\r\n          \"weeksOfTheMonth\": [\r\n            \"First\"\r\n          ]\r\n        },\r\n        \"retentionTimes\": [\r\n          \"2023-01-31T19:00:00Z\"\r\n        ],\r\n        \"retentionDuration\": {\r\n          \"count\": 60,\r\n          \"durationType\": \"Months\"\r\n        }\r\n      },\r\n      \"yearlySchedule\": {\r\n        \"retentionScheduleFormatType\": \"Weekly\",\r\n        \"monthsOfYear\": [\r\n          \"January\"\r\n        ],\r\n        \"retentionScheduleWeekly\": {\r\n          \"daysOfTheWeek\": [\r\n            \"Sunday\"\r\n          ],\r\n          \"weeksOfTheMonth\": [\r\n            \"First\"\r\n          ]\r\n        },\r\n        \"retentionTimes\": [\r\n          \"2023-01-31T19:00:00Z\"\r\n        ],\r\n        \"retentionDuration\": {\r\n          \"count\": 10,\r\n          \"durationType\": \"Years\"\r\n        }\r\n      }\r\n    },\r\n    \"tieringPolicy\": {\r\n      \"ArchivedRP\": {\r\n        \"tieringMode\": \"TierAfter\",\r\n        \"duration\": 3,\r\n        \"durationType\": \"Months\"\r\n      }\r\n    },\r\n    \"instantRpRetentionRangeInDays\": 7,\r\n    \"timeZone\": \"UTC\",\r\n    \"policyType\": \"V2\"\r\n  }\r\n}",
      "ResponseHeaders": {
        "Cache-Control": [
          "no-cache"
        ],
        "Pragma": [
          "no-cache"
        ],
        "X-Content-Type-Options": [
          "nosniff"
        ],
        "x-ms-request-id": [
          "f42da325-0fde-4ef7-bcce-0eefbbe21a8b"
        ],
        "x-ms-client-request-id": [
          "9bf85e76-442e-4d90-b4a4-2bf956a4309c"
        ],
        "Strict-Transport-Security": [
          "max-age=31536000; includeSubDomains"
        ],
        "Server": [
          "Kestrel"
        ],
        "X-Powered-By": [
          "ASP.NET"
        ],
        "x-ms-ratelimit-remaining-subscription-writes": [
          "1198"
        ],
        "x-ms-correlation-request-id": [
          "f42da325-0fde-4ef7-bcce-0eefbbe21a8b"
        ],
        "x-ms-routing-request-id": [
          "JIOINDIAWEST:20230131T091139Z:f42da325-0fde-4ef7-bcce-0eefbbe21a8b"
        ],
        "Date": [
          "Tue, 31 Jan 2023 09:11:38 GMT"
        ],
        "Content-Length": [
          "1440"
        ],
        "Content-Type": [
          "application/json; charset=utf-8"
        ],
        "Expires": [
          "-1"
        ]
      },
      "ResponseBody": "{\r\n  \"id\": \"/subscriptions/38304e13-357e-405e-9e9a-220351dcce8c/resourceGroups/hiagarg/providers/Microsoft.RecoveryServices/vaults/hiagaVault/backupPolicies/hiagaVMArchiveTierAfter\",\r\n  \"name\": \"hiagaVMArchiveTierAfter\",\r\n  \"type\": \"Microsoft.RecoveryServices/vaults/backupPolicies\",\r\n  \"properties\": {\r\n    \"backupManagementType\": \"AzureIaasVM\",\r\n    \"policyType\": \"V2\",\r\n    \"instantRPDetails\": {},\r\n    \"schedulePolicy\": {\r\n      \"schedulePolicyType\": \"SimpleSchedulePolicyV2\",\r\n      \"scheduleRunFrequency\": \"Weekly\",\r\n      \"weeklySchedule\": {\r\n        \"scheduleRunDays\": [\r\n          \"Sunday\"\r\n        ],\r\n        \"scheduleRunTimes\": [\r\n          \"2023-01-31T19:00:00Z\"\r\n        ]\r\n      }\r\n    },\r\n    \"retentionPolicy\": {\r\n      \"retentionPolicyType\": \"LongTermRetentionPolicy\",\r\n      \"weeklySchedule\": {\r\n        \"daysOfTheWeek\": [\r\n          \"Sunday\"\r\n        ],\r\n        \"retentionTimes\": [\r\n          \"2023-01-31T19:00:00Z\"\r\n        ],\r\n        \"retentionDuration\": {\r\n          \"count\": 104,\r\n          \"durationType\": \"Weeks\"\r\n        }\r\n      },\r\n      \"monthlySchedule\": {\r\n        \"retentionScheduleFormatType\": \"Weekly\",\r\n        \"retentionScheduleWeekly\": {\r\n          \"daysOfTheWeek\": [\r\n            \"Sunday\"\r\n          ],\r\n          \"weeksOfTheMonth\": [\r\n            \"First\"\r\n          ]\r\n        },\r\n        \"retentionTimes\": [\r\n          \"2023-01-31T19:00:00Z\"\r\n        ],\r\n        \"retentionDuration\": {\r\n          \"count\": 60,\r\n          \"durationType\": \"Months\"\r\n        }\r\n      },\r\n      \"yearlySchedule\": {\r\n        \"retentionScheduleFormatType\": \"Weekly\",\r\n        \"monthsOfYear\": [\r\n          \"January\"\r\n        ],\r\n        \"retentionScheduleWeekly\": {\r\n          \"daysOfTheWeek\": [\r\n            \"Sunday\"\r\n          ],\r\n          \"weeksOfTheMonth\": [\r\n            \"First\"\r\n          ]\r\n        },\r\n        \"retentionTimes\": [\r\n          \"2023-01-31T19:00:00Z\"\r\n        ],\r\n        \"retentionDuration\": {\r\n          \"count\": 10,\r\n          \"durationType\": \"Years\"\r\n        }\r\n      }\r\n    },\r\n    \"tieringPolicy\": {\r\n      \"ArchivedRP\": {\r\n        \"tieringMode\": \"TierAfter\",\r\n        \"duration\": 3,\r\n        \"durationType\": \"Months\"\r\n      }\r\n    },\r\n    \"instantRpRetentionRangeInDays\": 7,\r\n    \"timeZone\": \"UTC\",\r\n    \"protectedItemsCount\": 0\r\n  }\r\n}",
      "StatusCode": 200
    },
    {
      "RequestUri": "/subscriptions/38304e13-357e-405e-9e9a-220351dcce8c/resourceGroups/hiagarg/providers/Microsoft.RecoveryServices/vaults/hiagaVault/backupPolicies?api-version=2023-01-01",
      "EncodedRequestUri": "L3N1YnNjcmlwdGlvbnMvMzgzMDRlMTMtMzU3ZS00MDVlLTllOWEtMjIwMzUxZGNjZThjL3Jlc291cmNlR3JvdXBzL2hpYWdhcmcvcHJvdmlkZXJzL01pY3Jvc29mdC5SZWNvdmVyeVNlcnZpY2VzL3ZhdWx0cy9oaWFnYVZhdWx0L2JhY2t1cFBvbGljaWVzP2FwaS12ZXJzaW9uPTIwMjMtMDEtMDE=",
      "RequestMethod": "GET",
      "RequestHeaders": {
        "x-ms-client-request-id": [
          "55adbaf0-b6d3-4d43-b303-4920e1f4e568"
        ],
        "Accept-Language": [
          "en-US"
        ],
        "User-Agent": [
          "FxVersion/4.700.22.55902",
          "OSName/Windows",
          "OSVersion/Microsoft.Windows.10.0.22000",
          "Microsoft.Azure.Management.RecoveryServices.Backup.RecoveryServicesBackupClient/6.1.3"
        ]
      },
      "RequestBody": "",
      "ResponseHeaders": {
        "Cache-Control": [
          "no-cache"
        ],
        "Pragma": [
          "no-cache"
        ],
        "X-Content-Type-Options": [
          "nosniff"
        ],
        "x-ms-request-id": [
          "bc39504c-d66b-4451-a2e5-257b2f6a672b"
        ],
        "x-ms-client-request-id": [
          "55adbaf0-b6d3-4d43-b303-4920e1f4e568"
        ],
        "Strict-Transport-Security": [
          "max-age=31536000; includeSubDomains"
        ],
        "Server": [
          "Kestrel"
        ],
        "X-Powered-By": [
          "ASP.NET"
        ],
        "x-ms-ratelimit-remaining-subscription-resource-requests": [
          "296"
        ],
        "x-ms-correlation-request-id": [
          "bc39504c-d66b-4451-a2e5-257b2f6a672b"
        ],
        "x-ms-routing-request-id": [
          "JIOINDIAWEST:20230131T091141Z:bc39504c-d66b-4451-a2e5-257b2f6a672b"
        ],
        "Date": [
          "Tue, 31 Jan 2023 09:11:40 GMT"
        ],
        "Content-Length": [
          "10421"
        ],
        "Content-Type": [
          "application/json; charset=utf-8"
        ],
        "Expires": [
          "-1"
        ]
      },
      "ResponseBody": "{\r\n  \"value\": [\r\n    {\r\n      \"id\": \"/subscriptions/38304e13-357e-405e-9e9a-220351dcce8c/resourceGroups/hiagarg/providers/Microsoft.RecoveryServices/vaults/hiagaVault/backupPolicies/HourlyLogBackup\",\r\n      \"name\": \"HourlyLogBackup\",\r\n      \"type\": \"Microsoft.RecoveryServices/vaults/backupPolicies\",\r\n      \"properties\": {\r\n        \"backupManagementType\": \"AzureWorkload\",\r\n        \"workLoadType\": \"SQLDataBase\",\r\n        \"settings\": {\r\n          \"timeZone\": \"UTC\",\r\n          \"issqlcompression\": false,\r\n          \"isCompression\": false\r\n        },\r\n        \"subProtectionPolicy\": [\r\n          {\r\n            \"policyType\": \"Full\",\r\n            \"schedulePolicy\": {\r\n              \"schedulePolicyType\": \"SimpleSchedulePolicy\",\r\n              \"scheduleRunFrequency\": \"Daily\",\r\n              \"scheduleRunTimes\": [\r\n                \"2021-07-20T23:00:00Z\"\r\n              ],\r\n              \"scheduleWeeklyFrequency\": 0\r\n            },\r\n            \"retentionPolicy\": {\r\n              \"retentionPolicyType\": \"LongTermRetentionPolicy\",\r\n              \"dailySchedule\": {\r\n                \"retentionTimes\": [\r\n                  \"2021-07-20T23:00:00Z\"\r\n                ],\r\n                \"retentionDuration\": {\r\n                  \"count\": 30,\r\n                  \"durationType\": \"Days\"\r\n                }\r\n              }\r\n            }\r\n          },\r\n          {\r\n            \"policyType\": \"Log\",\r\n            \"schedulePolicy\": {\r\n              \"schedulePolicyType\": \"LogSchedulePolicy\",\r\n              \"scheduleFrequencyInMins\": 60\r\n            },\r\n            \"retentionPolicy\": {\r\n              \"retentionPolicyType\": \"SimpleRetentionPolicy\",\r\n              \"retentionDuration\": {\r\n                \"count\": 30,\r\n                \"durationType\": \"Days\"\r\n              }\r\n            }\r\n          }\r\n        ],\r\n        \"protectedItemsCount\": 0\r\n      }\r\n    },\r\n    {\r\n      \"id\": \"/subscriptions/38304e13-357e-405e-9e9a-220351dcce8c/resourceGroups/hiagarg/providers/Microsoft.RecoveryServices/vaults/hiagaVault/backupPolicies/hiagaVMArchiveTierRecomm\",\r\n      \"name\": \"hiagaVMArchiveTierRecomm\",\r\n      \"type\": \"Microsoft.RecoveryServices/vaults/backupPolicies\",\r\n      \"properties\": {\r\n        \"backupManagementType\": \"AzureIaasVM\",\r\n        \"policyType\": \"V2\",\r\n        \"instantRPDetails\": {},\r\n        \"schedulePolicy\": {\r\n          \"schedulePolicyType\": \"SimpleSchedulePolicyV2\",\r\n          \"scheduleRunFrequency\": \"Weekly\",\r\n          \"weeklySchedule\": {\r\n            \"scheduleRunDays\": [\r\n              \"Sunday\"\r\n            ],\r\n            \"scheduleRunTimes\": [\r\n              \"2023-01-31T19:00:00Z\"\r\n            ]\r\n          }\r\n        },\r\n        \"retentionPolicy\": {\r\n          \"retentionPolicyType\": \"LongTermRetentionPolicy\",\r\n          \"weeklySchedule\": {\r\n            \"daysOfTheWeek\": [\r\n              \"Sunday\"\r\n            ],\r\n            \"retentionTimes\": [\r\n              \"2023-01-31T19:00:00Z\"\r\n            ],\r\n            \"retentionDuration\": {\r\n              \"count\": 104,\r\n              \"durationType\": \"Weeks\"\r\n            }\r\n          },\r\n          \"monthlySchedule\": {\r\n            \"retentionScheduleFormatType\": \"Weekly\",\r\n            \"retentionScheduleWeekly\": {\r\n              \"daysOfTheWeek\": [\r\n                \"Sunday\"\r\n              ],\r\n              \"weeksOfTheMonth\": [\r\n                \"First\"\r\n              ]\r\n            },\r\n            \"retentionTimes\": [\r\n              \"2023-01-31T19:00:00Z\"\r\n            ],\r\n            \"retentionDuration\": {\r\n              \"count\": 60,\r\n              \"durationType\": \"Months\"\r\n            }\r\n          },\r\n          \"yearlySchedule\": {\r\n            \"retentionScheduleFormatType\": \"Weekly\",\r\n            \"monthsOfYear\": [\r\n              \"January\"\r\n            ],\r\n            \"retentionScheduleWeekly\": {\r\n              \"daysOfTheWeek\": [\r\n                \"Sunday\"\r\n              ],\r\n              \"weeksOfTheMonth\": [\r\n                \"First\"\r\n              ]\r\n            },\r\n            \"retentionTimes\": [\r\n              \"2023-01-31T19:00:00Z\"\r\n            ],\r\n            \"retentionDuration\": {\r\n              \"count\": 10,\r\n              \"durationType\": \"Years\"\r\n            }\r\n          }\r\n        },\r\n        \"tieringPolicy\": {\r\n          \"ArchivedRP\": {\r\n            \"tieringMode\": \"TierRecommended\",\r\n            \"duration\": 0,\r\n            \"durationType\": \"Invalid\"\r\n          }\r\n        },\r\n        \"instantRpRetentionRangeInDays\": 7,\r\n        \"timeZone\": \"UTC\",\r\n        \"protectedItemsCount\": 0\r\n      }\r\n    },\r\n    {\r\n      \"id\": \"/subscriptions/38304e13-357e-405e-9e9a-220351dcce8c/resourceGroups/hiagarg/providers/Microsoft.RecoveryServices/vaults/hiagaVault/backupPolicies/DefaultPolicy\",\r\n      \"name\": \"DefaultPolicy\",\r\n      \"type\": \"Microsoft.RecoveryServices/vaults/backupPolicies\",\r\n      \"properties\": {\r\n        \"backupManagementType\": \"AzureIaasVM\",\r\n        \"instantRPDetails\": {},\r\n        \"schedulePolicy\": {\r\n          \"schedulePolicyType\": \"SimpleSchedulePolicy\",\r\n          \"scheduleRunFrequency\": \"Daily\",\r\n          \"scheduleRunTimes\": [\r\n            \"2021-07-20T23:00:00Z\"\r\n          ],\r\n          \"scheduleWeeklyFrequency\": 0\r\n        },\r\n        \"retentionPolicy\": {\r\n          \"retentionPolicyType\": \"LongTermRetentionPolicy\",\r\n          \"dailySchedule\": {\r\n            \"retentionTimes\": [\r\n              \"2021-07-20T23:00:00Z\"\r\n            ],\r\n            \"retentionDuration\": {\r\n              \"count\": 30,\r\n              \"durationType\": \"Days\"\r\n            }\r\n          }\r\n        },\r\n        \"instantRpRetentionRangeInDays\": 2,\r\n        \"timeZone\": \"UTC\",\r\n        \"protectedItemsCount\": 0\r\n      }\r\n    },\r\n    {\r\n      \"id\": \"/subscriptions/38304e13-357e-405e-9e9a-220351dcce8c/resourceGroups/hiagarg/providers/Microsoft.RecoveryServices/vaults/hiagaVault/backupPolicies/SAPFullPortal\",\r\n      \"name\": \"SAPFullPortal\",\r\n      \"type\": \"Microsoft.RecoveryServices/vaults/backupPolicies\",\r\n      \"properties\": {\r\n        \"backupManagementType\": \"AzureWorkload\",\r\n        \"workLoadType\": \"SAPHanaDatabase\",\r\n        \"settings\": {\r\n          \"timeZone\": \"UTC\",\r\n          \"issqlcompression\": false,\r\n          \"isCompression\": false\r\n        },\r\n        \"subProtectionPolicy\": [\r\n          {\r\n            \"policyType\": \"Full\",\r\n            \"schedulePolicy\": {\r\n              \"schedulePolicyType\": \"SimpleSchedulePolicy\",\r\n              \"scheduleRunFrequency\": \"Weekly\",\r\n              \"scheduleRunDays\": [\r\n                \"Sunday\"\r\n              ],\r\n              \"scheduleRunTimes\": [\r\n                \"2022-07-09T16:00:00Z\"\r\n              ],\r\n              \"scheduleWeeklyFrequency\": 0\r\n            },\r\n            \"retentionPolicy\": {\r\n              \"retentionPolicyType\": \"LongTermRetentionPolicy\",\r\n              \"weeklySchedule\": {\r\n                \"daysOfTheWeek\": [\r\n                  \"Sunday\"\r\n                ],\r\n                \"retentionTimes\": [\r\n                  \"2022-07-09T16:00:00Z\"\r\n                ],\r\n                \"retentionDuration\": {\r\n                  \"count\": 104,\r\n                  \"durationType\": \"Weeks\"\r\n                }\r\n              }\r\n            }\r\n          },\r\n          {\r\n            \"policyType\": \"Log\",\r\n            \"schedulePolicy\": {\r\n              \"schedulePolicyType\": \"LogSchedulePolicy\",\r\n              \"scheduleFrequencyInMins\": 120\r\n            },\r\n            \"retentionPolicy\": {\r\n              \"retentionPolicyType\": \"SimpleRetentionPolicy\",\r\n              \"retentionDuration\": {\r\n                \"count\": 15,\r\n                \"durationType\": \"Days\"\r\n              }\r\n            }\r\n          }\r\n        ],\r\n        \"protectedItemsCount\": 0\r\n      }\r\n    },\r\n    {\r\n      \"id\": \"/subscriptions/38304e13-357e-405e-9e9a-220351dcce8c/resourceGroups/hiagarg/providers/Microsoft.RecoveryServices/vaults/hiagaVault/backupPolicies/hiagaVMArchiveTierAfter\",\r\n      \"name\": \"hiagaVMArchiveTierAfter\",\r\n      \"type\": \"Microsoft.RecoveryServices/vaults/backupPolicies\",\r\n      \"properties\": {\r\n        \"backupManagementType\": \"AzureIaasVM\",\r\n        \"policyType\": \"V2\",\r\n        \"instantRPDetails\": {},\r\n        \"schedulePolicy\": {\r\n          \"schedulePolicyType\": \"SimpleSchedulePolicyV2\",\r\n          \"scheduleRunFrequency\": \"Weekly\",\r\n          \"weeklySchedule\": {\r\n            \"scheduleRunDays\": [\r\n              \"Sunday\"\r\n            ],\r\n            \"scheduleRunTimes\": [\r\n              \"2023-01-31T19:00:00Z\"\r\n            ]\r\n          }\r\n        },\r\n        \"retentionPolicy\": {\r\n          \"retentionPolicyType\": \"LongTermRetentionPolicy\",\r\n          \"weeklySchedule\": {\r\n            \"daysOfTheWeek\": [\r\n              \"Sunday\"\r\n            ],\r\n            \"retentionTimes\": [\r\n              \"2023-01-31T19:00:00Z\"\r\n            ],\r\n            \"retentionDuration\": {\r\n              \"count\": 104,\r\n              \"durationType\": \"Weeks\"\r\n            }\r\n          },\r\n          \"monthlySchedule\": {\r\n            \"retentionScheduleFormatType\": \"Weekly\",\r\n            \"retentionScheduleWeekly\": {\r\n              \"daysOfTheWeek\": [\r\n                \"Sunday\"\r\n              ],\r\n              \"weeksOfTheMonth\": [\r\n                \"First\"\r\n              ]\r\n            },\r\n            \"retentionTimes\": [\r\n              \"2023-01-31T19:00:00Z\"\r\n            ],\r\n            \"retentionDuration\": {\r\n              \"count\": 60,\r\n              \"durationType\": \"Months\"\r\n            }\r\n          },\r\n          \"yearlySchedule\": {\r\n            \"retentionScheduleFormatType\": \"Weekly\",\r\n            \"monthsOfYear\": [\r\n              \"January\"\r\n            ],\r\n            \"retentionScheduleWeekly\": {\r\n              \"daysOfTheWeek\": [\r\n                \"Sunday\"\r\n              ],\r\n              \"weeksOfTheMonth\": [\r\n                \"First\"\r\n              ]\r\n            },\r\n            \"retentionTimes\": [\r\n              \"2023-01-31T19:00:00Z\"\r\n            ],\r\n            \"retentionDuration\": {\r\n              \"count\": 10,\r\n              \"durationType\": \"Years\"\r\n            }\r\n          }\r\n        },\r\n        \"tieringPolicy\": {\r\n          \"ArchivedRP\": {\r\n            \"tieringMode\": \"TierAfter\",\r\n            \"duration\": 3,\r\n            \"durationType\": \"Months\"\r\n          }\r\n        },\r\n        \"instantRpRetentionRangeInDays\": 7,\r\n        \"timeZone\": \"UTC\",\r\n        \"protectedItemsCount\": 0\r\n      }\r\n    },\r\n    {\r\n      \"id\": \"/subscriptions/38304e13-357e-405e-9e9a-220351dcce8c/resourceGroups/hiagarg/providers/Microsoft.RecoveryServices/vaults/hiagaVault/backupPolicies/NewSQLPolicy\",\r\n      \"name\": \"NewSQLPolicy\",\r\n      \"type\": \"Microsoft.RecoveryServices/vaults/backupPolicies\",\r\n      \"properties\": {\r\n        \"backupManagementType\": \"AzureWorkload\",\r\n        \"workLoadType\": \"SQLDataBase\",\r\n        \"settings\": {\r\n          \"timeZone\": \"UTC\",\r\n          \"issqlcompression\": true,\r\n          \"isCompression\": true\r\n        },\r\n        \"subProtectionPolicy\": [\r\n          {\r\n            \"policyType\": \"Full\",\r\n            \"schedulePolicy\": {\r\n              \"schedulePolicyType\": \"SimpleSchedulePolicy\",\r\n              \"scheduleRunFrequency\": \"Weekly\",\r\n              \"scheduleRunDays\": [\r\n                \"Sunday\"\r\n              ],\r\n              \"scheduleRunTimes\": [\r\n                \"2019-03-20T01:30:00Z\"\r\n              ],\r\n              \"scheduleWeeklyFrequency\": 0\r\n            },\r\n            \"retentionPolicy\": {\r\n              \"retentionPolicyType\": \"LongTermRetentionPolicy\",\r\n              \"weeklySchedule\": {\r\n                \"daysOfTheWeek\": [\r\n                  \"Sunday\"\r\n                ],\r\n                \"retentionTimes\": [\r\n                  \"2019-03-20T01:30:00Z\"\r\n                ],\r\n                \"retentionDuration\": {\r\n                  \"count\": 104,\r\n                  \"durationType\": \"Weeks\"\r\n                }\r\n              },\r\n              \"monthlySchedule\": {\r\n                \"retentionScheduleFormatType\": \"Weekly\",\r\n                \"retentionScheduleWeekly\": {\r\n                  \"daysOfTheWeek\": [\r\n                    \"Sunday\"\r\n                  ],\r\n                  \"weeksOfTheMonth\": [\r\n                    \"First\"\r\n                  ]\r\n                },\r\n                \"retentionTimes\": [\r\n                  \"2019-03-20T01:30:00Z\"\r\n                ],\r\n                \"retentionDuration\": {\r\n                  \"count\": 60,\r\n                  \"durationType\": \"Months\"\r\n                }\r\n              },\r\n              \"yearlySchedule\": {\r\n                \"retentionScheduleFormatType\": \"Weekly\",\r\n                \"monthsOfYear\": [\r\n                  \"January\"\r\n                ],\r\n                \"retentionScheduleWeekly\": {\r\n                  \"daysOfTheWeek\": [\r\n                    \"Sunday\"\r\n                  ],\r\n                  \"weeksOfTheMonth\": [\r\n                    \"First\"\r\n                  ]\r\n                },\r\n                \"retentionTimes\": [\r\n                  \"2019-03-20T01:30:00Z\"\r\n                ],\r\n                \"retentionDuration\": {\r\n                  \"count\": 10,\r\n                  \"durationType\": \"Years\"\r\n                }\r\n              }\r\n            }\r\n          },\r\n          {\r\n            \"policyType\": \"Differential\",\r\n            \"schedulePolicy\": {\r\n              \"schedulePolicyType\": \"SimpleSchedulePolicy\",\r\n              \"scheduleRunFrequency\": \"Weekly\",\r\n              \"scheduleRunDays\": [\r\n                \"Monday\",\r\n                \"Tuesday\",\r\n                \"Wednesday\",\r\n                \"Thursday\",\r\n                \"Friday\"\r\n              ],\r\n              \"scheduleRunTimes\": [\r\n                \"2022-06-22T08:00:00Z\"\r\n              ],\r\n              \"scheduleWeeklyFrequency\": 0\r\n            },\r\n            \"retentionPolicy\": {\r\n              \"retentionPolicyType\": \"SimpleRetentionPolicy\",\r\n              \"retentionDuration\": {\r\n                \"count\": 70,\r\n                \"durationType\": \"Days\"\r\n              }\r\n            }\r\n          },\r\n          {\r\n            \"policyType\": \"Log\",\r\n            \"schedulePolicy\": {\r\n              \"schedulePolicyType\": \"LogSchedulePolicy\",\r\n              \"scheduleFrequencyInMins\": 15\r\n            },\r\n            \"retentionPolicy\": {\r\n              \"retentionPolicyType\": \"SimpleRetentionPolicy\",\r\n              \"retentionDuration\": {\r\n                \"count\": 30,\r\n                \"durationType\": \"Days\"\r\n              }\r\n            }\r\n          }\r\n        ],\r\n        \"protectedItemsCount\": 0\r\n      }\r\n    },\r\n    {\r\n      \"id\": \"/subscriptions/38304e13-357e-405e-9e9a-220351dcce8c/resourceGroups/hiagarg/providers/Microsoft.RecoveryServices/vaults/hiagaVault/backupPolicies/hiagaSQLPolicy\",\r\n      \"name\": \"hiagaSQLPolicy\",\r\n      \"type\": \"Microsoft.RecoveryServices/vaults/backupPolicies\",\r\n      \"properties\": {\r\n        \"backupManagementType\": \"AzureWorkload\",\r\n        \"workLoadType\": \"SQLDataBase\",\r\n        \"settings\": {\r\n          \"timeZone\": \"UTC\",\r\n          \"issqlcompression\": false,\r\n          \"isCompression\": false\r\n        },\r\n        \"subProtectionPolicy\": [\r\n          {\r\n            \"policyType\": \"Full\",\r\n            \"schedulePolicy\": {\r\n              \"schedulePolicyType\": \"SimpleSchedulePolicy\",\r\n              \"scheduleRunFrequency\": \"Daily\",\r\n              \"scheduleRunTimes\": [\r\n                \"2021-07-20T23:00:00Z\"\r\n              ],\r\n              \"scheduleWeeklyFrequency\": 0\r\n            },\r\n            \"retentionPolicy\": {\r\n              \"retentionPolicyType\": \"LongTermRetentionPolicy\",\r\n              \"dailySchedule\": {\r\n                \"retentionTimes\": [\r\n                  \"2021-07-20T23:00:00Z\"\r\n                ],\r\n                \"retentionDuration\": {\r\n                  \"count\": 30,\r\n                  \"durationType\": \"Days\"\r\n                }\r\n              }\r\n            }\r\n          },\r\n          {\r\n            \"policyType\": \"Log\",\r\n            \"schedulePolicy\": {\r\n              \"schedulePolicyType\": \"LogSchedulePolicy\",\r\n              \"scheduleFrequencyInMins\": 60\r\n            },\r\n            \"retentionPolicy\": {\r\n              \"retentionPolicyType\": \"SimpleRetentionPolicy\",\r\n              \"retentionDuration\": {\r\n                \"count\": 30,\r\n                \"durationType\": \"Days\"\r\n              }\r\n            }\r\n          }\r\n        ],\r\n        \"protectedItemsCount\": 0\r\n      }\r\n    },\r\n    {\r\n      \"id\": \"/subscriptions/38304e13-357e-405e-9e9a-220351dcce8c/resourceGroups/hiagarg/providers/Microsoft.RecoveryServices/vaults/hiagaVault/backupPolicies/DailyPolicy-l6dtamab\",\r\n      \"name\": \"DailyPolicy-l6dtamab\",\r\n      \"type\": \"Microsoft.RecoveryServices/vaults/backupPolicies\",\r\n      \"properties\": {\r\n        \"backupManagementType\": \"AzureStorage\",\r\n        \"schedulePolicy\": {\r\n          \"schedulePolicyType\": \"SimpleSchedulePolicy\",\r\n          \"scheduleRunFrequency\": \"Daily\",\r\n          \"scheduleRunTimes\": [\r\n            \"2020-09-30T19:30:00Z\"\r\n          ],\r\n          \"scheduleWeeklyFrequency\": 0\r\n        },\r\n        \"retentionPolicy\": {\r\n          \"retentionPolicyType\": \"LongTermRetentionPolicy\",\r\n          \"dailySchedule\": {\r\n            \"retentionTimes\": [\r\n              \"2020-09-30T19:30:00Z\"\r\n            ],\r\n            \"retentionDuration\": {\r\n              \"count\": 30,\r\n              \"durationType\": \"Days\"\r\n            }\r\n          }\r\n        },\r\n        \"timeZone\": \"UTC\",\r\n        \"protectedItemsCount\": 0\r\n      }\r\n    },\r\n    {\r\n      \"id\": \"/subscriptions/38304e13-357e-405e-9e9a-220351dcce8c/resourceGroups/hiagarg/providers/Microsoft.RecoveryServices/vaults/hiagaVault/backupPolicies/EnhancedPolicy\",\r\n      \"name\": \"EnhancedPolicy\",\r\n      \"type\": \"Microsoft.RecoveryServices/vaults/backupPolicies\",\r\n      \"properties\": {\r\n        \"backupManagementType\": \"AzureIaasVM\",\r\n        \"policyType\": \"V2\",\r\n        \"instantRPDetails\": {},\r\n        \"schedulePolicy\": {\r\n          \"schedulePolicyType\": \"SimpleSchedulePolicyV2\",\r\n          \"scheduleRunFrequency\": \"Hourly\",\r\n          \"hourlySchedule\": {\r\n            \"interval\": 4,\r\n            \"scheduleWindowStartTime\": \"2022-07-11T08:00:00Z\",\r\n            \"scheduleWindowDuration\": 12\r\n          }\r\n        },\r\n        \"retentionPolicy\": {\r\n          \"retentionPolicyType\": \"LongTermRetentionPolicy\",\r\n          \"dailySchedule\": {\r\n            \"retentionTimes\": [\r\n              \"2022-07-11T08:00:00Z\"\r\n            ],\r\n            \"retentionDuration\": {\r\n              \"count\": 30,\r\n              \"durationType\": \"Days\"\r\n            }\r\n          }\r\n        },\r\n        \"instantRpRetentionRangeInDays\": 2,\r\n        \"timeZone\": \"UTC\",\r\n        \"protectedItemsCount\": 0\r\n      }\r\n    }\r\n  ]\r\n}",
      "StatusCode": 200
    },
    {
      "RequestUri": "/subscriptions/38304e13-357e-405e-9e9a-220351dcce8c/resourceGroups/hiagarg/providers/Microsoft.RecoveryServices/vaults/hiagaVault/backupPolicies?api-version=2023-01-01",
      "EncodedRequestUri": "L3N1YnNjcmlwdGlvbnMvMzgzMDRlMTMtMzU3ZS00MDVlLTllOWEtMjIwMzUxZGNjZThjL3Jlc291cmNlR3JvdXBzL2hpYWdhcmcvcHJvdmlkZXJzL01pY3Jvc29mdC5SZWNvdmVyeVNlcnZpY2VzL3ZhdWx0cy9oaWFnYVZhdWx0L2JhY2t1cFBvbGljaWVzP2FwaS12ZXJzaW9uPTIwMjMtMDEtMDE=",
      "RequestMethod": "GET",
      "RequestHeaders": {
        "x-ms-client-request-id": [
          "4a8d0b7b-cc06-4af9-b2a6-cc3e1b7e438d"
        ],
        "Accept-Language": [
          "en-US"
        ],
        "User-Agent": [
          "FxVersion/4.700.22.55902",
          "OSName/Windows",
          "OSVersion/Microsoft.Windows.10.0.22000",
          "Microsoft.Azure.Management.RecoveryServices.Backup.RecoveryServicesBackupClient/6.1.3"
        ]
      },
      "RequestBody": "",
      "ResponseHeaders": {
        "Cache-Control": [
          "no-cache"
        ],
        "Pragma": [
          "no-cache"
        ],
        "X-Content-Type-Options": [
          "nosniff"
        ],
        "x-ms-request-id": [
          "f4561f18-f30b-4aa7-91ef-00f8d52c0167"
        ],
        "x-ms-client-request-id": [
          "4a8d0b7b-cc06-4af9-b2a6-cc3e1b7e438d"
        ],
        "Strict-Transport-Security": [
          "max-age=31536000; includeSubDomains"
        ],
        "Server": [
          "Kestrel"
        ],
        "X-Powered-By": [
          "ASP.NET"
        ],
        "x-ms-ratelimit-remaining-subscription-resource-requests": [
          "298"
        ],
        "x-ms-correlation-request-id": [
          "f4561f18-f30b-4aa7-91ef-00f8d52c0167"
        ],
        "x-ms-routing-request-id": [
          "WESTINDIA:20230131T091151Z:f4561f18-f30b-4aa7-91ef-00f8d52c0167"
        ],
        "Date": [
          "Tue, 31 Jan 2023 09:11:50 GMT"
        ],
        "Content-Length": [
          "10421"
        ],
        "Content-Type": [
          "application/json; charset=utf-8"
        ],
        "Expires": [
          "-1"
        ]
      },
      "ResponseBody": "{\r\n  \"value\": [\r\n    {\r\n      \"id\": \"/subscriptions/38304e13-357e-405e-9e9a-220351dcce8c/resourceGroups/hiagarg/providers/Microsoft.RecoveryServices/vaults/hiagaVault/backupPolicies/HourlyLogBackup\",\r\n      \"name\": \"HourlyLogBackup\",\r\n      \"type\": \"Microsoft.RecoveryServices/vaults/backupPolicies\",\r\n      \"properties\": {\r\n        \"backupManagementType\": \"AzureWorkload\",\r\n        \"workLoadType\": \"SQLDataBase\",\r\n        \"settings\": {\r\n          \"timeZone\": \"UTC\",\r\n          \"issqlcompression\": false,\r\n          \"isCompression\": false\r\n        },\r\n        \"subProtectionPolicy\": [\r\n          {\r\n            \"policyType\": \"Full\",\r\n            \"schedulePolicy\": {\r\n              \"schedulePolicyType\": \"SimpleSchedulePolicy\",\r\n              \"scheduleRunFrequency\": \"Daily\",\r\n              \"scheduleRunTimes\": [\r\n                \"2021-07-20T23:00:00Z\"\r\n              ],\r\n              \"scheduleWeeklyFrequency\": 0\r\n            },\r\n            \"retentionPolicy\": {\r\n              \"retentionPolicyType\": \"LongTermRetentionPolicy\",\r\n              \"dailySchedule\": {\r\n                \"retentionTimes\": [\r\n                  \"2021-07-20T23:00:00Z\"\r\n                ],\r\n                \"retentionDuration\": {\r\n                  \"count\": 30,\r\n                  \"durationType\": \"Days\"\r\n                }\r\n              }\r\n            }\r\n          },\r\n          {\r\n            \"policyType\": \"Log\",\r\n            \"schedulePolicy\": {\r\n              \"schedulePolicyType\": \"LogSchedulePolicy\",\r\n              \"scheduleFrequencyInMins\": 60\r\n            },\r\n            \"retentionPolicy\": {\r\n              \"retentionPolicyType\": \"SimpleRetentionPolicy\",\r\n              \"retentionDuration\": {\r\n                \"count\": 30,\r\n                \"durationType\": \"Days\"\r\n              }\r\n            }\r\n          }\r\n        ],\r\n        \"protectedItemsCount\": 0\r\n      }\r\n    },\r\n    {\r\n      \"id\": \"/subscriptions/38304e13-357e-405e-9e9a-220351dcce8c/resourceGroups/hiagarg/providers/Microsoft.RecoveryServices/vaults/hiagaVault/backupPolicies/hiagaVMArchiveTierRecomm\",\r\n      \"name\": \"hiagaVMArchiveTierRecomm\",\r\n      \"type\": \"Microsoft.RecoveryServices/vaults/backupPolicies\",\r\n      \"properties\": {\r\n        \"backupManagementType\": \"AzureIaasVM\",\r\n        \"policyType\": \"V2\",\r\n        \"instantRPDetails\": {},\r\n        \"schedulePolicy\": {\r\n          \"schedulePolicyType\": \"SimpleSchedulePolicyV2\",\r\n          \"scheduleRunFrequency\": \"Weekly\",\r\n          \"weeklySchedule\": {\r\n            \"scheduleRunDays\": [\r\n              \"Sunday\"\r\n            ],\r\n            \"scheduleRunTimes\": [\r\n              \"2023-01-31T19:00:00Z\"\r\n            ]\r\n          }\r\n        },\r\n        \"retentionPolicy\": {\r\n          \"retentionPolicyType\": \"LongTermRetentionPolicy\",\r\n          \"weeklySchedule\": {\r\n            \"daysOfTheWeek\": [\r\n              \"Sunday\"\r\n            ],\r\n            \"retentionTimes\": [\r\n              \"2023-01-31T19:00:00Z\"\r\n            ],\r\n            \"retentionDuration\": {\r\n              \"count\": 104,\r\n              \"durationType\": \"Weeks\"\r\n            }\r\n          },\r\n          \"monthlySchedule\": {\r\n            \"retentionScheduleFormatType\": \"Weekly\",\r\n            \"retentionScheduleWeekly\": {\r\n              \"daysOfTheWeek\": [\r\n                \"Sunday\"\r\n              ],\r\n              \"weeksOfTheMonth\": [\r\n                \"First\"\r\n              ]\r\n            },\r\n            \"retentionTimes\": [\r\n              \"2023-01-31T19:00:00Z\"\r\n            ],\r\n            \"retentionDuration\": {\r\n              \"count\": 60,\r\n              \"durationType\": \"Months\"\r\n            }\r\n          },\r\n          \"yearlySchedule\": {\r\n            \"retentionScheduleFormatType\": \"Weekly\",\r\n            \"monthsOfYear\": [\r\n              \"January\"\r\n            ],\r\n            \"retentionScheduleWeekly\": {\r\n              \"daysOfTheWeek\": [\r\n                \"Sunday\"\r\n              ],\r\n              \"weeksOfTheMonth\": [\r\n                \"First\"\r\n              ]\r\n            },\r\n            \"retentionTimes\": [\r\n              \"2023-01-31T19:00:00Z\"\r\n            ],\r\n            \"retentionDuration\": {\r\n              \"count\": 10,\r\n              \"durationType\": \"Years\"\r\n            }\r\n          }\r\n        },\r\n        \"tieringPolicy\": {\r\n          \"ArchivedRP\": {\r\n            \"tieringMode\": \"TierRecommended\",\r\n            \"duration\": 0,\r\n            \"durationType\": \"Invalid\"\r\n          }\r\n        },\r\n        \"instantRpRetentionRangeInDays\": 7,\r\n        \"timeZone\": \"UTC\",\r\n        \"protectedItemsCount\": 0\r\n      }\r\n    },\r\n    {\r\n      \"id\": \"/subscriptions/38304e13-357e-405e-9e9a-220351dcce8c/resourceGroups/hiagarg/providers/Microsoft.RecoveryServices/vaults/hiagaVault/backupPolicies/DefaultPolicy\",\r\n      \"name\": \"DefaultPolicy\",\r\n      \"type\": \"Microsoft.RecoveryServices/vaults/backupPolicies\",\r\n      \"properties\": {\r\n        \"backupManagementType\": \"AzureIaasVM\",\r\n        \"instantRPDetails\": {},\r\n        \"schedulePolicy\": {\r\n          \"schedulePolicyType\": \"SimpleSchedulePolicy\",\r\n          \"scheduleRunFrequency\": \"Daily\",\r\n          \"scheduleRunTimes\": [\r\n            \"2021-07-20T23:00:00Z\"\r\n          ],\r\n          \"scheduleWeeklyFrequency\": 0\r\n        },\r\n        \"retentionPolicy\": {\r\n          \"retentionPolicyType\": \"LongTermRetentionPolicy\",\r\n          \"dailySchedule\": {\r\n            \"retentionTimes\": [\r\n              \"2021-07-20T23:00:00Z\"\r\n            ],\r\n            \"retentionDuration\": {\r\n              \"count\": 30,\r\n              \"durationType\": \"Days\"\r\n            }\r\n          }\r\n        },\r\n        \"instantRpRetentionRangeInDays\": 2,\r\n        \"timeZone\": \"UTC\",\r\n        \"protectedItemsCount\": 0\r\n      }\r\n    },\r\n    {\r\n      \"id\": \"/subscriptions/38304e13-357e-405e-9e9a-220351dcce8c/resourceGroups/hiagarg/providers/Microsoft.RecoveryServices/vaults/hiagaVault/backupPolicies/SAPFullPortal\",\r\n      \"name\": \"SAPFullPortal\",\r\n      \"type\": \"Microsoft.RecoveryServices/vaults/backupPolicies\",\r\n      \"properties\": {\r\n        \"backupManagementType\": \"AzureWorkload\",\r\n        \"workLoadType\": \"SAPHanaDatabase\",\r\n        \"settings\": {\r\n          \"timeZone\": \"UTC\",\r\n          \"issqlcompression\": false,\r\n          \"isCompression\": false\r\n        },\r\n        \"subProtectionPolicy\": [\r\n          {\r\n            \"policyType\": \"Full\",\r\n            \"schedulePolicy\": {\r\n              \"schedulePolicyType\": \"SimpleSchedulePolicy\",\r\n              \"scheduleRunFrequency\": \"Weekly\",\r\n              \"scheduleRunDays\": [\r\n                \"Sunday\"\r\n              ],\r\n              \"scheduleRunTimes\": [\r\n                \"2022-07-09T16:00:00Z\"\r\n              ],\r\n              \"scheduleWeeklyFrequency\": 0\r\n            },\r\n            \"retentionPolicy\": {\r\n              \"retentionPolicyType\": \"LongTermRetentionPolicy\",\r\n              \"weeklySchedule\": {\r\n                \"daysOfTheWeek\": [\r\n                  \"Sunday\"\r\n                ],\r\n                \"retentionTimes\": [\r\n                  \"2022-07-09T16:00:00Z\"\r\n                ],\r\n                \"retentionDuration\": {\r\n                  \"count\": 104,\r\n                  \"durationType\": \"Weeks\"\r\n                }\r\n              }\r\n            }\r\n          },\r\n          {\r\n            \"policyType\": \"Log\",\r\n            \"schedulePolicy\": {\r\n              \"schedulePolicyType\": \"LogSchedulePolicy\",\r\n              \"scheduleFrequencyInMins\": 120\r\n            },\r\n            \"retentionPolicy\": {\r\n              \"retentionPolicyType\": \"SimpleRetentionPolicy\",\r\n              \"retentionDuration\": {\r\n                \"count\": 15,\r\n                \"durationType\": \"Days\"\r\n              }\r\n            }\r\n          }\r\n        ],\r\n        \"protectedItemsCount\": 0\r\n      }\r\n    },\r\n    {\r\n      \"id\": \"/subscriptions/38304e13-357e-405e-9e9a-220351dcce8c/resourceGroups/hiagarg/providers/Microsoft.RecoveryServices/vaults/hiagaVault/backupPolicies/hiagaVMArchiveTierAfter\",\r\n      \"name\": \"hiagaVMArchiveTierAfter\",\r\n      \"type\": \"Microsoft.RecoveryServices/vaults/backupPolicies\",\r\n      \"properties\": {\r\n        \"backupManagementType\": \"AzureIaasVM\",\r\n        \"policyType\": \"V2\",\r\n        \"instantRPDetails\": {},\r\n        \"schedulePolicy\": {\r\n          \"schedulePolicyType\": \"SimpleSchedulePolicyV2\",\r\n          \"scheduleRunFrequency\": \"Weekly\",\r\n          \"weeklySchedule\": {\r\n            \"scheduleRunDays\": [\r\n              \"Sunday\"\r\n            ],\r\n            \"scheduleRunTimes\": [\r\n              \"2023-01-31T19:00:00Z\"\r\n            ]\r\n          }\r\n        },\r\n        \"retentionPolicy\": {\r\n          \"retentionPolicyType\": \"LongTermRetentionPolicy\",\r\n          \"weeklySchedule\": {\r\n            \"daysOfTheWeek\": [\r\n              \"Sunday\"\r\n            ],\r\n            \"retentionTimes\": [\r\n              \"2023-01-31T19:00:00Z\"\r\n            ],\r\n            \"retentionDuration\": {\r\n              \"count\": 104,\r\n              \"durationType\": \"Weeks\"\r\n            }\r\n          },\r\n          \"monthlySchedule\": {\r\n            \"retentionScheduleFormatType\": \"Weekly\",\r\n            \"retentionScheduleWeekly\": {\r\n              \"daysOfTheWeek\": [\r\n                \"Sunday\"\r\n              ],\r\n              \"weeksOfTheMonth\": [\r\n                \"First\"\r\n              ]\r\n            },\r\n            \"retentionTimes\": [\r\n              \"2023-01-31T19:00:00Z\"\r\n            ],\r\n            \"retentionDuration\": {\r\n              \"count\": 60,\r\n              \"durationType\": \"Months\"\r\n            }\r\n          },\r\n          \"yearlySchedule\": {\r\n            \"retentionScheduleFormatType\": \"Weekly\",\r\n            \"monthsOfYear\": [\r\n              \"January\"\r\n            ],\r\n            \"retentionScheduleWeekly\": {\r\n              \"daysOfTheWeek\": [\r\n                \"Sunday\"\r\n              ],\r\n              \"weeksOfTheMonth\": [\r\n                \"First\"\r\n              ]\r\n            },\r\n            \"retentionTimes\": [\r\n              \"2023-01-31T19:00:00Z\"\r\n            ],\r\n            \"retentionDuration\": {\r\n              \"count\": 10,\r\n              \"durationType\": \"Years\"\r\n            }\r\n          }\r\n        },\r\n        \"tieringPolicy\": {\r\n          \"ArchivedRP\": {\r\n            \"tieringMode\": \"TierAfter\",\r\n            \"duration\": 3,\r\n            \"durationType\": \"Months\"\r\n          }\r\n        },\r\n        \"instantRpRetentionRangeInDays\": 7,\r\n        \"timeZone\": \"UTC\",\r\n        \"protectedItemsCount\": 0\r\n      }\r\n    },\r\n    {\r\n      \"id\": \"/subscriptions/38304e13-357e-405e-9e9a-220351dcce8c/resourceGroups/hiagarg/providers/Microsoft.RecoveryServices/vaults/hiagaVault/backupPolicies/NewSQLPolicy\",\r\n      \"name\": \"NewSQLPolicy\",\r\n      \"type\": \"Microsoft.RecoveryServices/vaults/backupPolicies\",\r\n      \"properties\": {\r\n        \"backupManagementType\": \"AzureWorkload\",\r\n        \"workLoadType\": \"SQLDataBase\",\r\n        \"settings\": {\r\n          \"timeZone\": \"UTC\",\r\n          \"issqlcompression\": true,\r\n          \"isCompression\": true\r\n        },\r\n        \"subProtectionPolicy\": [\r\n          {\r\n            \"policyType\": \"Full\",\r\n            \"schedulePolicy\": {\r\n              \"schedulePolicyType\": \"SimpleSchedulePolicy\",\r\n              \"scheduleRunFrequency\": \"Weekly\",\r\n              \"scheduleRunDays\": [\r\n                \"Sunday\"\r\n              ],\r\n              \"scheduleRunTimes\": [\r\n                \"2019-03-20T01:30:00Z\"\r\n              ],\r\n              \"scheduleWeeklyFrequency\": 0\r\n            },\r\n            \"retentionPolicy\": {\r\n              \"retentionPolicyType\": \"LongTermRetentionPolicy\",\r\n              \"weeklySchedule\": {\r\n                \"daysOfTheWeek\": [\r\n                  \"Sunday\"\r\n                ],\r\n                \"retentionTimes\": [\r\n                  \"2019-03-20T01:30:00Z\"\r\n                ],\r\n                \"retentionDuration\": {\r\n                  \"count\": 104,\r\n                  \"durationType\": \"Weeks\"\r\n                }\r\n              },\r\n              \"monthlySchedule\": {\r\n                \"retentionScheduleFormatType\": \"Weekly\",\r\n                \"retentionScheduleWeekly\": {\r\n                  \"daysOfTheWeek\": [\r\n                    \"Sunday\"\r\n                  ],\r\n                  \"weeksOfTheMonth\": [\r\n                    \"First\"\r\n                  ]\r\n                },\r\n                \"retentionTimes\": [\r\n                  \"2019-03-20T01:30:00Z\"\r\n                ],\r\n                \"retentionDuration\": {\r\n                  \"count\": 60,\r\n                  \"durationType\": \"Months\"\r\n                }\r\n              },\r\n              \"yearlySchedule\": {\r\n                \"retentionScheduleFormatType\": \"Weekly\",\r\n                \"monthsOfYear\": [\r\n                  \"January\"\r\n                ],\r\n                \"retentionScheduleWeekly\": {\r\n                  \"daysOfTheWeek\": [\r\n                    \"Sunday\"\r\n                  ],\r\n                  \"weeksOfTheMonth\": [\r\n                    \"First\"\r\n                  ]\r\n                },\r\n                \"retentionTimes\": [\r\n                  \"2019-03-20T01:30:00Z\"\r\n                ],\r\n                \"retentionDuration\": {\r\n                  \"count\": 10,\r\n                  \"durationType\": \"Years\"\r\n                }\r\n              }\r\n            }\r\n          },\r\n          {\r\n            \"policyType\": \"Differential\",\r\n            \"schedulePolicy\": {\r\n              \"schedulePolicyType\": \"SimpleSchedulePolicy\",\r\n              \"scheduleRunFrequency\": \"Weekly\",\r\n              \"scheduleRunDays\": [\r\n                \"Monday\",\r\n                \"Tuesday\",\r\n                \"Wednesday\",\r\n                \"Thursday\",\r\n                \"Friday\"\r\n              ],\r\n              \"scheduleRunTimes\": [\r\n                \"2022-06-22T08:00:00Z\"\r\n              ],\r\n              \"scheduleWeeklyFrequency\": 0\r\n            },\r\n            \"retentionPolicy\": {\r\n              \"retentionPolicyType\": \"SimpleRetentionPolicy\",\r\n              \"retentionDuration\": {\r\n                \"count\": 70,\r\n                \"durationType\": \"Days\"\r\n              }\r\n            }\r\n          },\r\n          {\r\n            \"policyType\": \"Log\",\r\n            \"schedulePolicy\": {\r\n              \"schedulePolicyType\": \"LogSchedulePolicy\",\r\n              \"scheduleFrequencyInMins\": 15\r\n            },\r\n            \"retentionPolicy\": {\r\n              \"retentionPolicyType\": \"SimpleRetentionPolicy\",\r\n              \"retentionDuration\": {\r\n                \"count\": 30,\r\n                \"durationType\": \"Days\"\r\n              }\r\n            }\r\n          }\r\n        ],\r\n        \"protectedItemsCount\": 0\r\n      }\r\n    },\r\n    {\r\n      \"id\": \"/subscriptions/38304e13-357e-405e-9e9a-220351dcce8c/resourceGroups/hiagarg/providers/Microsoft.RecoveryServices/vaults/hiagaVault/backupPolicies/hiagaSQLPolicy\",\r\n      \"name\": \"hiagaSQLPolicy\",\r\n      \"type\": \"Microsoft.RecoveryServices/vaults/backupPolicies\",\r\n      \"properties\": {\r\n        \"backupManagementType\": \"AzureWorkload\",\r\n        \"workLoadType\": \"SQLDataBase\",\r\n        \"settings\": {\r\n          \"timeZone\": \"UTC\",\r\n          \"issqlcompression\": false,\r\n          \"isCompression\": false\r\n        },\r\n        \"subProtectionPolicy\": [\r\n          {\r\n            \"policyType\": \"Full\",\r\n            \"schedulePolicy\": {\r\n              \"schedulePolicyType\": \"SimpleSchedulePolicy\",\r\n              \"scheduleRunFrequency\": \"Daily\",\r\n              \"scheduleRunTimes\": [\r\n                \"2021-07-20T23:00:00Z\"\r\n              ],\r\n              \"scheduleWeeklyFrequency\": 0\r\n            },\r\n            \"retentionPolicy\": {\r\n              \"retentionPolicyType\": \"LongTermRetentionPolicy\",\r\n              \"dailySchedule\": {\r\n                \"retentionTimes\": [\r\n                  \"2021-07-20T23:00:00Z\"\r\n                ],\r\n                \"retentionDuration\": {\r\n                  \"count\": 30,\r\n                  \"durationType\": \"Days\"\r\n                }\r\n              }\r\n            }\r\n          },\r\n          {\r\n            \"policyType\": \"Log\",\r\n            \"schedulePolicy\": {\r\n              \"schedulePolicyType\": \"LogSchedulePolicy\",\r\n              \"scheduleFrequencyInMins\": 60\r\n            },\r\n            \"retentionPolicy\": {\r\n              \"retentionPolicyType\": \"SimpleRetentionPolicy\",\r\n              \"retentionDuration\": {\r\n                \"count\": 30,\r\n                \"durationType\": \"Days\"\r\n              }\r\n            }\r\n          }\r\n        ],\r\n        \"protectedItemsCount\": 0\r\n      }\r\n    },\r\n    {\r\n      \"id\": \"/subscriptions/38304e13-357e-405e-9e9a-220351dcce8c/resourceGroups/hiagarg/providers/Microsoft.RecoveryServices/vaults/hiagaVault/backupPolicies/DailyPolicy-l6dtamab\",\r\n      \"name\": \"DailyPolicy-l6dtamab\",\r\n      \"type\": \"Microsoft.RecoveryServices/vaults/backupPolicies\",\r\n      \"properties\": {\r\n        \"backupManagementType\": \"AzureStorage\",\r\n        \"schedulePolicy\": {\r\n          \"schedulePolicyType\": \"SimpleSchedulePolicy\",\r\n          \"scheduleRunFrequency\": \"Daily\",\r\n          \"scheduleRunTimes\": [\r\n            \"2020-09-30T19:30:00Z\"\r\n          ],\r\n          \"scheduleWeeklyFrequency\": 0\r\n        },\r\n        \"retentionPolicy\": {\r\n          \"retentionPolicyType\": \"LongTermRetentionPolicy\",\r\n          \"dailySchedule\": {\r\n            \"retentionTimes\": [\r\n              \"2020-09-30T19:30:00Z\"\r\n            ],\r\n            \"retentionDuration\": {\r\n              \"count\": 30,\r\n              \"durationType\": \"Days\"\r\n            }\r\n          }\r\n        },\r\n        \"timeZone\": \"UTC\",\r\n        \"protectedItemsCount\": 0\r\n      }\r\n    },\r\n    {\r\n      \"id\": \"/subscriptions/38304e13-357e-405e-9e9a-220351dcce8c/resourceGroups/hiagarg/providers/Microsoft.RecoveryServices/vaults/hiagaVault/backupPolicies/EnhancedPolicy\",\r\n      \"name\": \"EnhancedPolicy\",\r\n      \"type\": \"Microsoft.RecoveryServices/vaults/backupPolicies\",\r\n      \"properties\": {\r\n        \"backupManagementType\": \"AzureIaasVM\",\r\n        \"policyType\": \"V2\",\r\n        \"instantRPDetails\": {},\r\n        \"schedulePolicy\": {\r\n          \"schedulePolicyType\": \"SimpleSchedulePolicyV2\",\r\n          \"scheduleRunFrequency\": \"Hourly\",\r\n          \"hourlySchedule\": {\r\n            \"interval\": 4,\r\n            \"scheduleWindowStartTime\": \"2022-07-11T08:00:00Z\",\r\n            \"scheduleWindowDuration\": 12\r\n          }\r\n        },\r\n        \"retentionPolicy\": {\r\n          \"retentionPolicyType\": \"LongTermRetentionPolicy\",\r\n          \"dailySchedule\": {\r\n            \"retentionTimes\": [\r\n              \"2022-07-11T08:00:00Z\"\r\n            ],\r\n            \"retentionDuration\": {\r\n              \"count\": 30,\r\n              \"durationType\": \"Days\"\r\n            }\r\n          }\r\n        },\r\n        \"instantRpRetentionRangeInDays\": 2,\r\n        \"timeZone\": \"UTC\",\r\n        \"protectedItemsCount\": 0\r\n      }\r\n    }\r\n  ]\r\n}",
      "StatusCode": 200
    },
    {
      "RequestUri": "/subscriptions/38304e13-357e-405e-9e9a-220351dcce8c/resourceGroups/hiagarg/providers/Microsoft.RecoveryServices/vaults/hiagaVault/backupPolicies?api-version=2023-01-01",
      "EncodedRequestUri": "L3N1YnNjcmlwdGlvbnMvMzgzMDRlMTMtMzU3ZS00MDVlLTllOWEtMjIwMzUxZGNjZThjL3Jlc291cmNlR3JvdXBzL2hpYWdhcmcvcHJvdmlkZXJzL01pY3Jvc29mdC5SZWNvdmVyeVNlcnZpY2VzL3ZhdWx0cy9oaWFnYVZhdWx0L2JhY2t1cFBvbGljaWVzP2FwaS12ZXJzaW9uPTIwMjMtMDEtMDE=",
      "RequestMethod": "GET",
      "RequestHeaders": {
        "x-ms-client-request-id": [
          "1992227b-4a25-462d-b017-e4a18b5ba8b4"
        ],
        "Accept-Language": [
          "en-US"
        ],
        "User-Agent": [
          "FxVersion/4.700.22.55902",
          "OSName/Windows",
          "OSVersion/Microsoft.Windows.10.0.22000",
          "Microsoft.Azure.Management.RecoveryServices.Backup.RecoveryServicesBackupClient/6.1.3"
        ]
      },
      "RequestBody": "",
      "ResponseHeaders": {
        "Cache-Control": [
          "no-cache"
        ],
        "Pragma": [
          "no-cache"
        ],
        "X-Content-Type-Options": [
          "nosniff"
        ],
        "x-ms-request-id": [
          "1cbbafd9-ab2f-45a9-b906-11c7fb6adb27"
        ],
        "x-ms-client-request-id": [
          "1992227b-4a25-462d-b017-e4a18b5ba8b4"
        ],
        "Strict-Transport-Security": [
          "max-age=31536000; includeSubDomains"
        ],
        "Server": [
          "Kestrel"
        ],
        "X-Powered-By": [
          "ASP.NET"
        ],
        "x-ms-ratelimit-remaining-subscription-resource-requests": [
          "299"
        ],
        "x-ms-correlation-request-id": [
          "1cbbafd9-ab2f-45a9-b906-11c7fb6adb27"
        ],
        "x-ms-routing-request-id": [
          "WESTINDIA:20230131T091154Z:1cbbafd9-ab2f-45a9-b906-11c7fb6adb27"
        ],
        "Date": [
          "Tue, 31 Jan 2023 09:11:53 GMT"
        ],
        "Content-Length": [
          "10421"
        ],
        "Content-Type": [
          "application/json; charset=utf-8"
        ],
        "Expires": [
          "-1"
        ]
      },
      "ResponseBody": "{\r\n  \"value\": [\r\n    {\r\n      \"id\": \"/subscriptions/38304e13-357e-405e-9e9a-220351dcce8c/resourceGroups/hiagarg/providers/Microsoft.RecoveryServices/vaults/hiagaVault/backupPolicies/HourlyLogBackup\",\r\n      \"name\": \"HourlyLogBackup\",\r\n      \"type\": \"Microsoft.RecoveryServices/vaults/backupPolicies\",\r\n      \"properties\": {\r\n        \"backupManagementType\": \"AzureWorkload\",\r\n        \"workLoadType\": \"SQLDataBase\",\r\n        \"settings\": {\r\n          \"timeZone\": \"UTC\",\r\n          \"issqlcompression\": false,\r\n          \"isCompression\": false\r\n        },\r\n        \"subProtectionPolicy\": [\r\n          {\r\n            \"policyType\": \"Full\",\r\n            \"schedulePolicy\": {\r\n              \"schedulePolicyType\": \"SimpleSchedulePolicy\",\r\n              \"scheduleRunFrequency\": \"Daily\",\r\n              \"scheduleRunTimes\": [\r\n                \"2021-07-20T23:00:00Z\"\r\n              ],\r\n              \"scheduleWeeklyFrequency\": 0\r\n            },\r\n            \"retentionPolicy\": {\r\n              \"retentionPolicyType\": \"LongTermRetentionPolicy\",\r\n              \"dailySchedule\": {\r\n                \"retentionTimes\": [\r\n                  \"2021-07-20T23:00:00Z\"\r\n                ],\r\n                \"retentionDuration\": {\r\n                  \"count\": 30,\r\n                  \"durationType\": \"Days\"\r\n                }\r\n              }\r\n            }\r\n          },\r\n          {\r\n            \"policyType\": \"Log\",\r\n            \"schedulePolicy\": {\r\n              \"schedulePolicyType\": \"LogSchedulePolicy\",\r\n              \"scheduleFrequencyInMins\": 60\r\n            },\r\n            \"retentionPolicy\": {\r\n              \"retentionPolicyType\": \"SimpleRetentionPolicy\",\r\n              \"retentionDuration\": {\r\n                \"count\": 30,\r\n                \"durationType\": \"Days\"\r\n              }\r\n            }\r\n          }\r\n        ],\r\n        \"protectedItemsCount\": 0\r\n      }\r\n    },\r\n    {\r\n      \"id\": \"/subscriptions/38304e13-357e-405e-9e9a-220351dcce8c/resourceGroups/hiagarg/providers/Microsoft.RecoveryServices/vaults/hiagaVault/backupPolicies/hiagaVMArchiveTierRecomm\",\r\n      \"name\": \"hiagaVMArchiveTierRecomm\",\r\n      \"type\": \"Microsoft.RecoveryServices/vaults/backupPolicies\",\r\n      \"properties\": {\r\n        \"backupManagementType\": \"AzureIaasVM\",\r\n        \"policyType\": \"V2\",\r\n        \"instantRPDetails\": {},\r\n        \"schedulePolicy\": {\r\n          \"schedulePolicyType\": \"SimpleSchedulePolicyV2\",\r\n          \"scheduleRunFrequency\": \"Weekly\",\r\n          \"weeklySchedule\": {\r\n            \"scheduleRunDays\": [\r\n              \"Sunday\"\r\n            ],\r\n            \"scheduleRunTimes\": [\r\n              \"2023-01-31T19:00:00Z\"\r\n            ]\r\n          }\r\n        },\r\n        \"retentionPolicy\": {\r\n          \"retentionPolicyType\": \"LongTermRetentionPolicy\",\r\n          \"weeklySchedule\": {\r\n            \"daysOfTheWeek\": [\r\n              \"Sunday\"\r\n            ],\r\n            \"retentionTimes\": [\r\n              \"2023-01-31T19:00:00Z\"\r\n            ],\r\n            \"retentionDuration\": {\r\n              \"count\": 104,\r\n              \"durationType\": \"Weeks\"\r\n            }\r\n          },\r\n          \"monthlySchedule\": {\r\n            \"retentionScheduleFormatType\": \"Weekly\",\r\n            \"retentionScheduleWeekly\": {\r\n              \"daysOfTheWeek\": [\r\n                \"Sunday\"\r\n              ],\r\n              \"weeksOfTheMonth\": [\r\n                \"First\"\r\n              ]\r\n            },\r\n            \"retentionTimes\": [\r\n              \"2023-01-31T19:00:00Z\"\r\n            ],\r\n            \"retentionDuration\": {\r\n              \"count\": 60,\r\n              \"durationType\": \"Months\"\r\n            }\r\n          },\r\n          \"yearlySchedule\": {\r\n            \"retentionScheduleFormatType\": \"Weekly\",\r\n            \"monthsOfYear\": [\r\n              \"January\"\r\n            ],\r\n            \"retentionScheduleWeekly\": {\r\n              \"daysOfTheWeek\": [\r\n                \"Sunday\"\r\n              ],\r\n              \"weeksOfTheMonth\": [\r\n                \"First\"\r\n              ]\r\n            },\r\n            \"retentionTimes\": [\r\n              \"2023-01-31T19:00:00Z\"\r\n            ],\r\n            \"retentionDuration\": {\r\n              \"count\": 10,\r\n              \"durationType\": \"Years\"\r\n            }\r\n          }\r\n        },\r\n        \"tieringPolicy\": {\r\n          \"ArchivedRP\": {\r\n            \"tieringMode\": \"TierRecommended\",\r\n            \"duration\": 0,\r\n            \"durationType\": \"Invalid\"\r\n          }\r\n        },\r\n        \"instantRpRetentionRangeInDays\": 7,\r\n        \"timeZone\": \"UTC\",\r\n        \"protectedItemsCount\": 0\r\n      }\r\n    },\r\n    {\r\n      \"id\": \"/subscriptions/38304e13-357e-405e-9e9a-220351dcce8c/resourceGroups/hiagarg/providers/Microsoft.RecoveryServices/vaults/hiagaVault/backupPolicies/DefaultPolicy\",\r\n      \"name\": \"DefaultPolicy\",\r\n      \"type\": \"Microsoft.RecoveryServices/vaults/backupPolicies\",\r\n      \"properties\": {\r\n        \"backupManagementType\": \"AzureIaasVM\",\r\n        \"instantRPDetails\": {},\r\n        \"schedulePolicy\": {\r\n          \"schedulePolicyType\": \"SimpleSchedulePolicy\",\r\n          \"scheduleRunFrequency\": \"Daily\",\r\n          \"scheduleRunTimes\": [\r\n            \"2021-07-20T23:00:00Z\"\r\n          ],\r\n          \"scheduleWeeklyFrequency\": 0\r\n        },\r\n        \"retentionPolicy\": {\r\n          \"retentionPolicyType\": \"LongTermRetentionPolicy\",\r\n          \"dailySchedule\": {\r\n            \"retentionTimes\": [\r\n              \"2021-07-20T23:00:00Z\"\r\n            ],\r\n            \"retentionDuration\": {\r\n              \"count\": 30,\r\n              \"durationType\": \"Days\"\r\n            }\r\n          }\r\n        },\r\n        \"instantRpRetentionRangeInDays\": 2,\r\n        \"timeZone\": \"UTC\",\r\n        \"protectedItemsCount\": 0\r\n      }\r\n    },\r\n    {\r\n      \"id\": \"/subscriptions/38304e13-357e-405e-9e9a-220351dcce8c/resourceGroups/hiagarg/providers/Microsoft.RecoveryServices/vaults/hiagaVault/backupPolicies/SAPFullPortal\",\r\n      \"name\": \"SAPFullPortal\",\r\n      \"type\": \"Microsoft.RecoveryServices/vaults/backupPolicies\",\r\n      \"properties\": {\r\n        \"backupManagementType\": \"AzureWorkload\",\r\n        \"workLoadType\": \"SAPHanaDatabase\",\r\n        \"settings\": {\r\n          \"timeZone\": \"UTC\",\r\n          \"issqlcompression\": false,\r\n          \"isCompression\": false\r\n        },\r\n        \"subProtectionPolicy\": [\r\n          {\r\n            \"policyType\": \"Full\",\r\n            \"schedulePolicy\": {\r\n              \"schedulePolicyType\": \"SimpleSchedulePolicy\",\r\n              \"scheduleRunFrequency\": \"Weekly\",\r\n              \"scheduleRunDays\": [\r\n                \"Sunday\"\r\n              ],\r\n              \"scheduleRunTimes\": [\r\n                \"2022-07-09T16:00:00Z\"\r\n              ],\r\n              \"scheduleWeeklyFrequency\": 0\r\n            },\r\n            \"retentionPolicy\": {\r\n              \"retentionPolicyType\": \"LongTermRetentionPolicy\",\r\n              \"weeklySchedule\": {\r\n                \"daysOfTheWeek\": [\r\n                  \"Sunday\"\r\n                ],\r\n                \"retentionTimes\": [\r\n                  \"2022-07-09T16:00:00Z\"\r\n                ],\r\n                \"retentionDuration\": {\r\n                  \"count\": 104,\r\n                  \"durationType\": \"Weeks\"\r\n                }\r\n              }\r\n            }\r\n          },\r\n          {\r\n            \"policyType\": \"Log\",\r\n            \"schedulePolicy\": {\r\n              \"schedulePolicyType\": \"LogSchedulePolicy\",\r\n              \"scheduleFrequencyInMins\": 120\r\n            },\r\n            \"retentionPolicy\": {\r\n              \"retentionPolicyType\": \"SimpleRetentionPolicy\",\r\n              \"retentionDuration\": {\r\n                \"count\": 15,\r\n                \"durationType\": \"Days\"\r\n              }\r\n            }\r\n          }\r\n        ],\r\n        \"protectedItemsCount\": 0\r\n      }\r\n    },\r\n    {\r\n      \"id\": \"/subscriptions/38304e13-357e-405e-9e9a-220351dcce8c/resourceGroups/hiagarg/providers/Microsoft.RecoveryServices/vaults/hiagaVault/backupPolicies/hiagaVMArchiveTierAfter\",\r\n      \"name\": \"hiagaVMArchiveTierAfter\",\r\n      \"type\": \"Microsoft.RecoveryServices/vaults/backupPolicies\",\r\n      \"properties\": {\r\n        \"backupManagementType\": \"AzureIaasVM\",\r\n        \"policyType\": \"V2\",\r\n        \"instantRPDetails\": {},\r\n        \"schedulePolicy\": {\r\n          \"schedulePolicyType\": \"SimpleSchedulePolicyV2\",\r\n          \"scheduleRunFrequency\": \"Weekly\",\r\n          \"weeklySchedule\": {\r\n            \"scheduleRunDays\": [\r\n              \"Sunday\"\r\n            ],\r\n            \"scheduleRunTimes\": [\r\n              \"2023-01-31T19:00:00Z\"\r\n            ]\r\n          }\r\n        },\r\n        \"retentionPolicy\": {\r\n          \"retentionPolicyType\": \"LongTermRetentionPolicy\",\r\n          \"weeklySchedule\": {\r\n            \"daysOfTheWeek\": [\r\n              \"Sunday\"\r\n            ],\r\n            \"retentionTimes\": [\r\n              \"2023-01-31T19:00:00Z\"\r\n            ],\r\n            \"retentionDuration\": {\r\n              \"count\": 104,\r\n              \"durationType\": \"Weeks\"\r\n            }\r\n          },\r\n          \"monthlySchedule\": {\r\n            \"retentionScheduleFormatType\": \"Weekly\",\r\n            \"retentionScheduleWeekly\": {\r\n              \"daysOfTheWeek\": [\r\n                \"Sunday\"\r\n              ],\r\n              \"weeksOfTheMonth\": [\r\n                \"First\"\r\n              ]\r\n            },\r\n            \"retentionTimes\": [\r\n              \"2023-01-31T19:00:00Z\"\r\n            ],\r\n            \"retentionDuration\": {\r\n              \"count\": 60,\r\n              \"durationType\": \"Months\"\r\n            }\r\n          },\r\n          \"yearlySchedule\": {\r\n            \"retentionScheduleFormatType\": \"Weekly\",\r\n            \"monthsOfYear\": [\r\n              \"January\"\r\n            ],\r\n            \"retentionScheduleWeekly\": {\r\n              \"daysOfTheWeek\": [\r\n                \"Sunday\"\r\n              ],\r\n              \"weeksOfTheMonth\": [\r\n                \"First\"\r\n              ]\r\n            },\r\n            \"retentionTimes\": [\r\n              \"2023-01-31T19:00:00Z\"\r\n            ],\r\n            \"retentionDuration\": {\r\n              \"count\": 10,\r\n              \"durationType\": \"Years\"\r\n            }\r\n          }\r\n        },\r\n        \"tieringPolicy\": {\r\n          \"ArchivedRP\": {\r\n            \"tieringMode\": \"TierAfter\",\r\n            \"duration\": 3,\r\n            \"durationType\": \"Months\"\r\n          }\r\n        },\r\n        \"instantRpRetentionRangeInDays\": 7,\r\n        \"timeZone\": \"UTC\",\r\n        \"protectedItemsCount\": 0\r\n      }\r\n    },\r\n    {\r\n      \"id\": \"/subscriptions/38304e13-357e-405e-9e9a-220351dcce8c/resourceGroups/hiagarg/providers/Microsoft.RecoveryServices/vaults/hiagaVault/backupPolicies/NewSQLPolicy\",\r\n      \"name\": \"NewSQLPolicy\",\r\n      \"type\": \"Microsoft.RecoveryServices/vaults/backupPolicies\",\r\n      \"properties\": {\r\n        \"backupManagementType\": \"AzureWorkload\",\r\n        \"workLoadType\": \"SQLDataBase\",\r\n        \"settings\": {\r\n          \"timeZone\": \"UTC\",\r\n          \"issqlcompression\": true,\r\n          \"isCompression\": true\r\n        },\r\n        \"subProtectionPolicy\": [\r\n          {\r\n            \"policyType\": \"Full\",\r\n            \"schedulePolicy\": {\r\n              \"schedulePolicyType\": \"SimpleSchedulePolicy\",\r\n              \"scheduleRunFrequency\": \"Weekly\",\r\n              \"scheduleRunDays\": [\r\n                \"Sunday\"\r\n              ],\r\n              \"scheduleRunTimes\": [\r\n                \"2019-03-20T01:30:00Z\"\r\n              ],\r\n              \"scheduleWeeklyFrequency\": 0\r\n            },\r\n            \"retentionPolicy\": {\r\n              \"retentionPolicyType\": \"LongTermRetentionPolicy\",\r\n              \"weeklySchedule\": {\r\n                \"daysOfTheWeek\": [\r\n                  \"Sunday\"\r\n                ],\r\n                \"retentionTimes\": [\r\n                  \"2019-03-20T01:30:00Z\"\r\n                ],\r\n                \"retentionDuration\": {\r\n                  \"count\": 104,\r\n                  \"durationType\": \"Weeks\"\r\n                }\r\n              },\r\n              \"monthlySchedule\": {\r\n                \"retentionScheduleFormatType\": \"Weekly\",\r\n                \"retentionScheduleWeekly\": {\r\n                  \"daysOfTheWeek\": [\r\n                    \"Sunday\"\r\n                  ],\r\n                  \"weeksOfTheMonth\": [\r\n                    \"First\"\r\n                  ]\r\n                },\r\n                \"retentionTimes\": [\r\n                  \"2019-03-20T01:30:00Z\"\r\n                ],\r\n                \"retentionDuration\": {\r\n                  \"count\": 60,\r\n                  \"durationType\": \"Months\"\r\n                }\r\n              },\r\n              \"yearlySchedule\": {\r\n                \"retentionScheduleFormatType\": \"Weekly\",\r\n                \"monthsOfYear\": [\r\n                  \"January\"\r\n                ],\r\n                \"retentionScheduleWeekly\": {\r\n                  \"daysOfTheWeek\": [\r\n                    \"Sunday\"\r\n                  ],\r\n                  \"weeksOfTheMonth\": [\r\n                    \"First\"\r\n                  ]\r\n                },\r\n                \"retentionTimes\": [\r\n                  \"2019-03-20T01:30:00Z\"\r\n                ],\r\n                \"retentionDuration\": {\r\n                  \"count\": 10,\r\n                  \"durationType\": \"Years\"\r\n                }\r\n              }\r\n            }\r\n          },\r\n          {\r\n            \"policyType\": \"Differential\",\r\n            \"schedulePolicy\": {\r\n              \"schedulePolicyType\": \"SimpleSchedulePolicy\",\r\n              \"scheduleRunFrequency\": \"Weekly\",\r\n              \"scheduleRunDays\": [\r\n                \"Monday\",\r\n                \"Tuesday\",\r\n                \"Wednesday\",\r\n                \"Thursday\",\r\n                \"Friday\"\r\n              ],\r\n              \"scheduleRunTimes\": [\r\n                \"2022-06-22T08:00:00Z\"\r\n              ],\r\n              \"scheduleWeeklyFrequency\": 0\r\n            },\r\n            \"retentionPolicy\": {\r\n              \"retentionPolicyType\": \"SimpleRetentionPolicy\",\r\n              \"retentionDuration\": {\r\n                \"count\": 70,\r\n                \"durationType\": \"Days\"\r\n              }\r\n            }\r\n          },\r\n          {\r\n            \"policyType\": \"Log\",\r\n            \"schedulePolicy\": {\r\n              \"schedulePolicyType\": \"LogSchedulePolicy\",\r\n              \"scheduleFrequencyInMins\": 15\r\n            },\r\n            \"retentionPolicy\": {\r\n              \"retentionPolicyType\": \"SimpleRetentionPolicy\",\r\n              \"retentionDuration\": {\r\n                \"count\": 30,\r\n                \"durationType\": \"Days\"\r\n              }\r\n            }\r\n          }\r\n        ],\r\n        \"protectedItemsCount\": 0\r\n      }\r\n    },\r\n    {\r\n      \"id\": \"/subscriptions/38304e13-357e-405e-9e9a-220351dcce8c/resourceGroups/hiagarg/providers/Microsoft.RecoveryServices/vaults/hiagaVault/backupPolicies/hiagaSQLPolicy\",\r\n      \"name\": \"hiagaSQLPolicy\",\r\n      \"type\": \"Microsoft.RecoveryServices/vaults/backupPolicies\",\r\n      \"properties\": {\r\n        \"backupManagementType\": \"AzureWorkload\",\r\n        \"workLoadType\": \"SQLDataBase\",\r\n        \"settings\": {\r\n          \"timeZone\": \"UTC\",\r\n          \"issqlcompression\": false,\r\n          \"isCompression\": false\r\n        },\r\n        \"subProtectionPolicy\": [\r\n          {\r\n            \"policyType\": \"Full\",\r\n            \"schedulePolicy\": {\r\n              \"schedulePolicyType\": \"SimpleSchedulePolicy\",\r\n              \"scheduleRunFrequency\": \"Daily\",\r\n              \"scheduleRunTimes\": [\r\n                \"2021-07-20T23:00:00Z\"\r\n              ],\r\n              \"scheduleWeeklyFrequency\": 0\r\n            },\r\n            \"retentionPolicy\": {\r\n              \"retentionPolicyType\": \"LongTermRetentionPolicy\",\r\n              \"dailySchedule\": {\r\n                \"retentionTimes\": [\r\n                  \"2021-07-20T23:00:00Z\"\r\n                ],\r\n                \"retentionDuration\": {\r\n                  \"count\": 30,\r\n                  \"durationType\": \"Days\"\r\n                }\r\n              }\r\n            }\r\n          },\r\n          {\r\n            \"policyType\": \"Log\",\r\n            \"schedulePolicy\": {\r\n              \"schedulePolicyType\": \"LogSchedulePolicy\",\r\n              \"scheduleFrequencyInMins\": 60\r\n            },\r\n            \"retentionPolicy\": {\r\n              \"retentionPolicyType\": \"SimpleRetentionPolicy\",\r\n              \"retentionDuration\": {\r\n                \"count\": 30,\r\n                \"durationType\": \"Days\"\r\n              }\r\n            }\r\n          }\r\n        ],\r\n        \"protectedItemsCount\": 0\r\n      }\r\n    },\r\n    {\r\n      \"id\": \"/subscriptions/38304e13-357e-405e-9e9a-220351dcce8c/resourceGroups/hiagarg/providers/Microsoft.RecoveryServices/vaults/hiagaVault/backupPolicies/DailyPolicy-l6dtamab\",\r\n      \"name\": \"DailyPolicy-l6dtamab\",\r\n      \"type\": \"Microsoft.RecoveryServices/vaults/backupPolicies\",\r\n      \"properties\": {\r\n        \"backupManagementType\": \"AzureStorage\",\r\n        \"schedulePolicy\": {\r\n          \"schedulePolicyType\": \"SimpleSchedulePolicy\",\r\n          \"scheduleRunFrequency\": \"Daily\",\r\n          \"scheduleRunTimes\": [\r\n            \"2020-09-30T19:30:00Z\"\r\n          ],\r\n          \"scheduleWeeklyFrequency\": 0\r\n        },\r\n        \"retentionPolicy\": {\r\n          \"retentionPolicyType\": \"LongTermRetentionPolicy\",\r\n          \"dailySchedule\": {\r\n            \"retentionTimes\": [\r\n              \"2020-09-30T19:30:00Z\"\r\n            ],\r\n            \"retentionDuration\": {\r\n              \"count\": 30,\r\n              \"durationType\": \"Days\"\r\n            }\r\n          }\r\n        },\r\n        \"timeZone\": \"UTC\",\r\n        \"protectedItemsCount\": 0\r\n      }\r\n    },\r\n    {\r\n      \"id\": \"/subscriptions/38304e13-357e-405e-9e9a-220351dcce8c/resourceGroups/hiagarg/providers/Microsoft.RecoveryServices/vaults/hiagaVault/backupPolicies/EnhancedPolicy\",\r\n      \"name\": \"EnhancedPolicy\",\r\n      \"type\": \"Microsoft.RecoveryServices/vaults/backupPolicies\",\r\n      \"properties\": {\r\n        \"backupManagementType\": \"AzureIaasVM\",\r\n        \"policyType\": \"V2\",\r\n        \"instantRPDetails\": {},\r\n        \"schedulePolicy\": {\r\n          \"schedulePolicyType\": \"SimpleSchedulePolicyV2\",\r\n          \"scheduleRunFrequency\": \"Hourly\",\r\n          \"hourlySchedule\": {\r\n            \"interval\": 4,\r\n            \"scheduleWindowStartTime\": \"2022-07-11T08:00:00Z\",\r\n            \"scheduleWindowDuration\": 12\r\n          }\r\n        },\r\n        \"retentionPolicy\": {\r\n          \"retentionPolicyType\": \"LongTermRetentionPolicy\",\r\n          \"dailySchedule\": {\r\n            \"retentionTimes\": [\r\n              \"2022-07-11T08:00:00Z\"\r\n            ],\r\n            \"retentionDuration\": {\r\n              \"count\": 30,\r\n              \"durationType\": \"Days\"\r\n            }\r\n          }\r\n        },\r\n        \"instantRpRetentionRangeInDays\": 2,\r\n        \"timeZone\": \"UTC\",\r\n        \"protectedItemsCount\": 0\r\n      }\r\n    }\r\n  ]\r\n}",
      "StatusCode": 200
    },
    {
      "RequestUri": "/subscriptions/38304e13-357e-405e-9e9a-220351dcce8c/resourceGroups/hiagarg/providers/Microsoft.RecoveryServices/vaults/hiagaVault/backupPolicies/hiagaVMArchiveTierRecomm?api-version=2023-01-01",
      "EncodedRequestUri": "L3N1YnNjcmlwdGlvbnMvMzgzMDRlMTMtMzU3ZS00MDVlLTllOWEtMjIwMzUxZGNjZThjL3Jlc291cmNlR3JvdXBzL2hpYWdhcmcvcHJvdmlkZXJzL01pY3Jvc29mdC5SZWNvdmVyeVNlcnZpY2VzL3ZhdWx0cy9oaWFnYVZhdWx0L2JhY2t1cFBvbGljaWVzL2hpYWdhVk1BcmNoaXZlVGllclJlY29tbT9hcGktdmVyc2lvbj0yMDIzLTAxLTAx",
      "RequestMethod": "DELETE",
      "RequestHeaders": {
        "x-ms-client-request-id": [
          "4c3e59f6-cafc-4d58-9dfc-db71e06cbd38"
        ],
        "Accept-Language": [
          "en-US"
        ],
        "User-Agent": [
          "FxVersion/4.700.22.55902",
          "OSName/Windows",
          "OSVersion/Microsoft.Windows.10.0.22000",
          "Microsoft.Azure.Management.RecoveryServices.Backup.RecoveryServicesBackupClient/6.1.3"
        ]
      },
      "RequestBody": "",
      "ResponseHeaders": {
        "Cache-Control": [
          "no-cache"
        ],
        "Pragma": [
          "no-cache"
        ],
        "X-Content-Type-Options": [
          "nosniff"
        ],
        "x-ms-request-id": [
          "d967edeb-e45c-4b0e-a6d1-a0fed6a38495"
        ],
        "x-ms-client-request-id": [
          "4c3e59f6-cafc-4d58-9dfc-db71e06cbd38"
        ],
        "Strict-Transport-Security": [
          "max-age=31536000; includeSubDomains"
        ],
        "Server": [
          "Kestrel"
        ],
        "X-Powered-By": [
          "ASP.NET"
        ],
        "x-ms-ratelimit-remaining-subscription-deletes": [
          "14999"
        ],
        "x-ms-correlation-request-id": [
          "d967edeb-e45c-4b0e-a6d1-a0fed6a38495"
        ],
        "x-ms-routing-request-id": [
          "WESTINDIA:20230131T091155Z:d967edeb-e45c-4b0e-a6d1-a0fed6a38495"
        ],
        "Date": [
          "Tue, 31 Jan 2023 09:11:54 GMT"
        ],
        "Expires": [
          "-1"
        ],
        "Content-Length": [
          "0"
        ]
      },
      "ResponseBody": "",
      "StatusCode": 200
    },
    {
      "RequestUri": "/subscriptions/38304e13-357e-405e-9e9a-220351dcce8c/resourceGroups/hiagarg/providers/Microsoft.RecoveryServices/vaults/hiagaVault/backupPolicies/hiagaVMArchiveTierAfter?api-version=2023-01-01",
      "EncodedRequestUri": "L3N1YnNjcmlwdGlvbnMvMzgzMDRlMTMtMzU3ZS00MDVlLTllOWEtMjIwMzUxZGNjZThjL3Jlc291cmNlR3JvdXBzL2hpYWdhcmcvcHJvdmlkZXJzL01pY3Jvc29mdC5SZWNvdmVyeVNlcnZpY2VzL3ZhdWx0cy9oaWFnYVZhdWx0L2JhY2t1cFBvbGljaWVzL2hpYWdhVk1BcmNoaXZlVGllckFmdGVyP2FwaS12ZXJzaW9uPTIwMjMtMDEtMDE=",
      "RequestMethod": "DELETE",
      "RequestHeaders": {
        "x-ms-client-request-id": [
          "bf31d663-028a-4529-aa9a-558ac149f66f"
        ],
        "Accept-Language": [
          "en-US"
        ],
        "User-Agent": [
          "FxVersion/4.700.22.55902",
          "OSName/Windows",
          "OSVersion/Microsoft.Windows.10.0.22000",
          "Microsoft.Azure.Management.RecoveryServices.Backup.RecoveryServicesBackupClient/6.1.3"
        ]
      },
      "RequestBody": "",
      "ResponseHeaders": {
        "Cache-Control": [
          "no-cache"
        ],
        "Pragma": [
          "no-cache"
        ],
        "X-Content-Type-Options": [
          "nosniff"
        ],
        "x-ms-request-id": [
          "d0b8d2b3-292b-484e-8c3e-077610ca3b82"
        ],
        "x-ms-client-request-id": [
          "bf31d663-028a-4529-aa9a-558ac149f66f"
        ],
        "Strict-Transport-Security": [
          "max-age=31536000; includeSubDomains"
        ],
        "Server": [
          "Kestrel"
        ],
        "X-Powered-By": [
          "ASP.NET"
        ],
        "x-ms-ratelimit-remaining-subscription-deletes": [
          "14998"
        ],
        "x-ms-correlation-request-id": [
          "d0b8d2b3-292b-484e-8c3e-077610ca3b82"
        ],
        "x-ms-routing-request-id": [
          "WESTINDIA:20230131T091156Z:d0b8d2b3-292b-484e-8c3e-077610ca3b82"
        ],
        "Date": [
          "Tue, 31 Jan 2023 09:11:56 GMT"
        ],
        "Expires": [
          "-1"
        ],
        "Content-Length": [
          "0"
        ]
      },
      "ResponseBody": "",
      "StatusCode": 200
    }
  ],
  "Names": {},
  "Variables": {
    "SubscriptionId": "38304e13-357e-405e-9e9a-220351dcce8c"
  }
}