{
  "Entries": [
    {
      "RequestUri": "/subscriptions/38304e13-357e-405e-9e9a-220351dcce8c/resourceGroups/hiagarg/providers/Microsoft.RecoveryServices/vaults/hiaga-zrs-vault?api-version=2022-04-01",
      "EncodedRequestUri": "L3N1YnNjcmlwdGlvbnMvMzgzMDRlMTMtMzU3ZS00MDVlLTllOWEtMjIwMzUxZGNjZThjL3Jlc291cmNlR3JvdXBzL2hpYWdhcmcvcHJvdmlkZXJzL01pY3Jvc29mdC5SZWNvdmVyeVNlcnZpY2VzL3ZhdWx0cy9oaWFnYS16cnMtdmF1bHQ/YXBpLXZlcnNpb249MjAyMi0wNC0wMQ==",
      "RequestMethod": "GET",
      "RequestHeaders": {
        "x-ms-client-request-id": [
          "36c06e5c-3196-42e2-b000-0779c38b4d64"
        ],
        "Accept-Language": [
          "en-US"
        ],
        "User-Agent": [
          "FxVersion/4.700.22.55902",
          "OSName/Windows",
          "OSVersion/Microsoft.Windows.10.0.22000",
          "Microsoft.Azure.Management.RecoveryServices.RecoveryServicesClient/4.3.3.0"
        ]
      },
      "RequestBody": "",
      "ResponseHeaders": {
        "Cache-Control": [
          "no-cache"
        ],
        "Pragma": [
          "no-cache"
        ],
        "X-Content-Type-Options": [
          "nosniff"
        ],
        "x-ms-request-id": [
          "5b553f15-c2a3-4834-b677-856d7a845da5"
        ],
        "x-ms-client-request-id": [
          "36c06e5c-3196-42e2-b000-0779c38b4d64"
        ],
        "Strict-Transport-Security": [
          "max-age=31536000; includeSubDomains"
        ],
        "Server": [
          "Microsoft-IIS/10.0"
        ],
        "x-ms-ratelimit-remaining-subscription-reads": [
          "11998"
        ],
        "x-ms-correlation-request-id": [
          "5b553f15-c2a3-4834-b677-856d7a845da5"
        ],
        "x-ms-routing-request-id": [
          "JIOINDIAWEST:20221227T052642Z:5b553f15-c2a3-4834-b677-856d7a845da5"
        ],
        "Date": [
          "Tue, 27 Dec 2022 05:26:42 GMT"
        ],
        "Content-Length": [
          "672"
        ],
        "Content-Type": [
          "application/json"
        ],
        "Expires": [
          "-1"
        ]
      },
      "ResponseBody": "{\r\n  \"location\": \"eastus\",\r\n  \"name\": \"hiaga-zrs-vault\",\r\n  \"etag\": \"W/\\\"datetime'2022-12-20T14%3A59%3A47.1354605Z'\\\"\",\r\n  \"tags\": {\r\n    \"MABUsed\": \"yes\",\r\n    \"Purpose\": \"testing\",\r\n    \"Owner\": \"hiaga\",\r\n    \"DeleteBy\": \"01-2099\"\r\n  },\r\n  \"properties\": {\r\n    \"provisioningState\": \"Succeeded\",\r\n    \"privateEndpointStateForBackup\": \"None\",\r\n    \"privateEndpointStateForSiteRecovery\": \"None\",\r\n    \"backupStorageVersion\": \"V2\",\r\n    \"redundancySettings\": {\r\n      \"standardTierStorageRedundancy\": \"ZoneRedundant\",\r\n      \"crossRegionRestore\": \"Disabled\"\r\n    }\r\n  },\r\n  \"id\": \"/subscriptions/38304e13-357e-405e-9e9a-220351dcce8c/resourceGroups/hiagarg/providers/Microsoft.RecoveryServices/vaults/hiaga-zrs-vault\",\r\n  \"type\": \"Microsoft.RecoveryServices/vaults\",\r\n  \"sku\": {\r\n    \"name\": \"RS0\",\r\n    \"tier\": \"Standard\"\r\n  }\r\n}",
      "StatusCode": 200
    },
    {
      "RequestUri": "/subscriptions/38304e13-357e-405e-9e9a-220351dcce8c/resourceGroups/hiagarg/providers/Microsoft.RecoveryServices/vaults/hiaga-zrs-vault/backupPolicies/sql-pstest-local-policy?api-version=2022-02-01",
      "EncodedRequestUri": "L3N1YnNjcmlwdGlvbnMvMzgzMDRlMTMtMzU3ZS00MDVlLTllOWEtMjIwMzUxZGNjZThjL3Jlc291cmNlR3JvdXBzL2hpYWdhcmcvcHJvdmlkZXJzL01pY3Jvc29mdC5SZWNvdmVyeVNlcnZpY2VzL3ZhdWx0cy9oaWFnYS16cnMtdmF1bHQvYmFja3VwUG9saWNpZXMvc3FsLXBzdGVzdC1sb2NhbC1wb2xpY3k/YXBpLXZlcnNpb249MjAyMi0wMi0wMQ==",
      "RequestMethod": "GET",
      "RequestHeaders": {
        "x-ms-client-request-id": [
          "1c808426-42ed-40d5-b5e5-5f8012b2ae16"
        ],
        "Accept-Language": [
          "en-US"
        ],
        "User-Agent": [
          "FxVersion/4.700.22.55902",
          "OSName/Windows",
          "OSVersion/Microsoft.Windows.10.0.22000",
          "Microsoft.Azure.Management.RecoveryServices.Backup.RecoveryServicesBackupClient/5.0.0.0"
        ]
      },
      "RequestBody": "",
      "ResponseHeaders": {
        "Cache-Control": [
          "no-cache"
        ],
        "Pragma": [
          "no-cache"
        ],
        "x-ms-ratelimit-remaining-subscription-resource-requests": [
          "299"
        ],
        "Server": [
          "Microsoft-IIS/10.0",
          "Kestrel"
        ],
        "X-Content-Type-Options": [
          "nosniff"
        ],
        "x-ms-request-id": [
          "2662048d-093c-4154-a287-6db44d6045f1"
        ],
        "x-ms-client-request-id": [
          "1c808426-42ed-40d5-b5e5-5f8012b2ae16"
        ],
        "Strict-Transport-Security": [
          "max-age=31536000; includeSubDomains"
        ],
        "x-ms-correlation-request-id": [
          "2662048d-093c-4154-a287-6db44d6045f1"
        ],
        "x-ms-routing-request-id": [
          "JIOINDIAWEST:20221227T052647Z:2662048d-093c-4154-a287-6db44d6045f1"
        ],
        "Date": [
          "Tue, 27 Dec 2022 05:26:47 GMT"
        ],
        "Content-Length": [
          "2"
        ],
        "Content-Type": [
          "application/json"
        ],
        "Expires": [
          "-1"
        ]
      },
      "ResponseBody": "{}",
      "StatusCode": 404
    },
    {
      "RequestUri": "/subscriptions/38304e13-357e-405e-9e9a-220351dcce8c/resourceGroups/hiagarg/providers/Microsoft.RecoveryServices/vaults/hiaga-zrs-vault/backupPolicies/sql-pstest-local-policy?api-version=2022-02-01",
      "EncodedRequestUri": "L3N1YnNjcmlwdGlvbnMvMzgzMDRlMTMtMzU3ZS00MDVlLTllOWEtMjIwMzUxZGNjZThjL3Jlc291cmNlR3JvdXBzL2hpYWdhcmcvcHJvdmlkZXJzL01pY3Jvc29mdC5SZWNvdmVyeVNlcnZpY2VzL3ZhdWx0cy9oaWFnYS16cnMtdmF1bHQvYmFja3VwUG9saWNpZXMvc3FsLXBzdGVzdC1sb2NhbC1wb2xpY3k/YXBpLXZlcnNpb249MjAyMi0wMi0wMQ==",
      "RequestMethod": "GET",
      "RequestHeaders": {
        "x-ms-client-request-id": [
          "1c808426-42ed-40d5-b5e5-5f8012b2ae16"
        ],
        "Accept-Language": [
          "en-US"
        ],
        "User-Agent": [
          "FxVersion/4.700.22.55902",
          "OSName/Windows",
          "OSVersion/Microsoft.Windows.10.0.22000",
          "Microsoft.Azure.Management.RecoveryServices.Backup.RecoveryServicesBackupClient/5.0.0.0"
        ]
      },
      "RequestBody": "",
      "ResponseHeaders": {
        "Cache-Control": [
          "no-cache"
        ],
        "Pragma": [
          "no-cache"
        ],
        "x-ms-ratelimit-remaining-subscription-resource-requests": [
          "298"
        ],
        "Server": [
          "Microsoft-IIS/10.0",
          "Kestrel"
        ],
        "X-Content-Type-Options": [
          "nosniff"
        ],
        "x-ms-request-id": [
          "a63522b3-e4d2-4b49-bfda-d76fb16ee19a"
        ],
        "x-ms-client-request-id": [
          "1c808426-42ed-40d5-b5e5-5f8012b2ae16"
        ],
        "Strict-Transport-Security": [
          "max-age=31536000; includeSubDomains"
        ],
        "x-ms-correlation-request-id": [
          "a63522b3-e4d2-4b49-bfda-d76fb16ee19a"
        ],
        "x-ms-routing-request-id": [
          "JIOINDIAWEST:20221227T052650Z:a63522b3-e4d2-4b49-bfda-d76fb16ee19a"
        ],
        "Date": [
          "Tue, 27 Dec 2022 05:26:50 GMT"
        ],
        "Content-Length": [
          "1871"
        ],
        "Content-Type": [
          "application/json"
        ],
        "Expires": [
          "-1"
        ]
      },
      "ResponseBody": "{\r\n  \"id\": \"/subscriptions/38304e13-357e-405e-9e9a-220351dcce8c/resourceGroups/hiagarg/providers/Microsoft.RecoveryServices/vaults/hiaga-zrs-vault/backupPolicies/sql-pstest-local-policy\",\r\n  \"name\": \"sql-pstest-local-policy\",\r\n  \"type\": \"Microsoft.RecoveryServices/vaults/backupPolicies\",\r\n  \"properties\": {\r\n    \"backupManagementType\": \"AzureWorkload\",\r\n    \"workLoadType\": \"SQLDataBase\",\r\n    \"settings\": {\r\n      \"timeZone\": \"Tokyo Standard Time\",\r\n      \"issqlcompression\": false,\r\n      \"isCompression\": false\r\n    },\r\n    \"subProtectionPolicy\": [\r\n      {\r\n        \"policyType\": \"Full\",\r\n        \"schedulePolicy\": {\r\n          \"schedulePolicyType\": \"SimpleSchedulePolicy\",\r\n          \"scheduleRunFrequency\": \"Weekly\",\r\n          \"scheduleRunDays\": [\r\n            \"Sunday\"\r\n          ],\r\n          \"scheduleRunTimes\": [\r\n            \"2022-12-26T09:00:00Z\"\r\n          ],\r\n          \"scheduleWeeklyFrequency\": 0\r\n        },\r\n        \"retentionPolicy\": {\r\n          \"retentionPolicyType\": \"LongTermRetentionPolicy\",\r\n          \"weeklySchedule\": {\r\n            \"daysOfTheWeek\": [\r\n              \"Sunday\"\r\n            ],\r\n            \"retentionTimes\": [\r\n              \"2022-12-26T09:00:00Z\"\r\n            ],\r\n            \"retentionDuration\": {\r\n              \"count\": 35,\r\n              \"durationType\": \"Weeks\"\r\n            }\r\n          },\r\n          \"yearlySchedule\": {\r\n            \"retentionScheduleFormatType\": \"Weekly\",\r\n            \"monthsOfYear\": [\r\n              \"January\"\r\n            ],\r\n            \"retentionScheduleWeekly\": {\r\n              \"daysOfTheWeek\": [\r\n                \"Sunday\"\r\n              ],\r\n              \"weeksOfTheMonth\": [\r\n                \"First\"\r\n              ]\r\n            },\r\n            \"retentionTimes\": [\r\n              \"2022-12-26T09:00:00Z\"\r\n            ],\r\n            \"retentionDuration\": {\r\n              \"count\": 2,\r\n              \"durationType\": \"Years\"\r\n            }\r\n          }\r\n        },\r\n        \"tieringPolicy\": {\r\n          \"ArchivedRP\": {\r\n            \"tieringMode\": \"DoNotTier\",\r\n            \"duration\": 0,\r\n            \"durationType\": \"Invalid\"\r\n          }\r\n        }\r\n      },\r\n      {\r\n        \"policyType\": \"Differential\",\r\n        \"schedulePolicy\": {\r\n          \"schedulePolicyType\": \"SimpleSchedulePolicy\",\r\n          \"scheduleRunFrequency\": \"Weekly\",\r\n          \"scheduleRunDays\": [\r\n            \"Wednesday\"\r\n          ],\r\n          \"scheduleRunTimes\": [\r\n            \"2022-12-26T10:00:00Z\"\r\n          ],\r\n          \"scheduleWeeklyFrequency\": 0\r\n        },\r\n        \"retentionPolicy\": {\r\n          \"retentionPolicyType\": \"SimpleRetentionPolicy\",\r\n          \"retentionDuration\": {\r\n            \"count\": 15,\r\n            \"durationType\": \"Days\"\r\n          }\r\n        }\r\n      },\r\n      {\r\n        \"policyType\": \"Log\",\r\n        \"schedulePolicy\": {\r\n          \"schedulePolicyType\": \"LogSchedulePolicy\",\r\n          \"scheduleFrequencyInMins\": 120\r\n        },\r\n        \"retentionPolicy\": {\r\n          \"retentionPolicyType\": \"SimpleRetentionPolicy\",\r\n          \"retentionDuration\": {\r\n            \"count\": 15,\r\n            \"durationType\": \"Days\"\r\n          }\r\n        }\r\n      }\r\n    ],\r\n    \"protectedItemsCount\": 0\r\n  }\r\n}",
      "StatusCode": 200
    },
    {
      "RequestUri": "/subscriptions/38304e13-357e-405e-9e9a-220351dcce8c/resourceGroups/hiagarg/providers/Microsoft.RecoveryServices/vaults/hiaga-zrs-vault/backupPolicies/sql-pstest-local-policy?api-version=2022-02-01",
      "EncodedRequestUri": "L3N1YnNjcmlwdGlvbnMvMzgzMDRlMTMtMzU3ZS00MDVlLTllOWEtMjIwMzUxZGNjZThjL3Jlc291cmNlR3JvdXBzL2hpYWdhcmcvcHJvdmlkZXJzL01pY3Jvc29mdC5SZWNvdmVyeVNlcnZpY2VzL3ZhdWx0cy9oaWFnYS16cnMtdmF1bHQvYmFja3VwUG9saWNpZXMvc3FsLXBzdGVzdC1sb2NhbC1wb2xpY3k/YXBpLXZlcnNpb249MjAyMi0wMi0wMQ==",
      "RequestMethod": "GET",
      "RequestHeaders": {
        "x-ms-client-request-id": [
          "cb324437-2f5c-422d-a0a1-51e8d3651479"
        ],
        "Accept-Language": [
          "en-US"
        ],
        "User-Agent": [
          "FxVersion/4.700.22.55902",
          "OSName/Windows",
          "OSVersion/Microsoft.Windows.10.0.22000",
          "Microsoft.Azure.Management.RecoveryServices.Backup.RecoveryServicesBackupClient/5.0.0.0"
        ]
      },
      "RequestBody": "",
      "ResponseHeaders": {
        "Cache-Control": [
          "no-cache"
        ],
        "Pragma": [
          "no-cache"
        ],
        "x-ms-ratelimit-remaining-subscription-resource-requests": [
          "299"
        ],
        "Server": [
          "Microsoft-IIS/10.0",
          "Kestrel"
        ],
        "X-Content-Type-Options": [
          "nosniff"
        ],
        "x-ms-request-id": [
          "4a43b375-a781-470e-bcf3-e5a536c30a5e"
        ],
        "x-ms-client-request-id": [
          "cb324437-2f5c-422d-a0a1-51e8d3651479"
        ],
        "Strict-Transport-Security": [
          "max-age=31536000; includeSubDomains"
        ],
        "x-ms-correlation-request-id": [
          "4a43b375-a781-470e-bcf3-e5a536c30a5e"
        ],
        "x-ms-routing-request-id": [
          "WESTINDIA:20221227T052654Z:4a43b375-a781-470e-bcf3-e5a536c30a5e"
        ],
        "Date": [
          "Tue, 27 Dec 2022 05:26:53 GMT"
        ],
        "Content-Length": [
          "1871"
        ],
        "Content-Type": [
          "application/json"
        ],
        "Expires": [
          "-1"
        ]
      },
      "ResponseBody": "{\r\n  \"id\": \"/subscriptions/38304e13-357e-405e-9e9a-220351dcce8c/resourceGroups/hiagarg/providers/Microsoft.RecoveryServices/vaults/hiaga-zrs-vault/backupPolicies/sql-pstest-local-policy\",\r\n  \"name\": \"sql-pstest-local-policy\",\r\n  \"type\": \"Microsoft.RecoveryServices/vaults/backupPolicies\",\r\n  \"properties\": {\r\n    \"backupManagementType\": \"AzureWorkload\",\r\n    \"workLoadType\": \"SQLDataBase\",\r\n    \"settings\": {\r\n      \"timeZone\": \"Tokyo Standard Time\",\r\n      \"issqlcompression\": false,\r\n      \"isCompression\": false\r\n    },\r\n    \"subProtectionPolicy\": [\r\n      {\r\n        \"policyType\": \"Full\",\r\n        \"schedulePolicy\": {\r\n          \"schedulePolicyType\": \"SimpleSchedulePolicy\",\r\n          \"scheduleRunFrequency\": \"Weekly\",\r\n          \"scheduleRunDays\": [\r\n            \"Sunday\"\r\n          ],\r\n          \"scheduleRunTimes\": [\r\n            \"2022-12-26T09:00:00Z\"\r\n          ],\r\n          \"scheduleWeeklyFrequency\": 0\r\n        },\r\n        \"retentionPolicy\": {\r\n          \"retentionPolicyType\": \"LongTermRetentionPolicy\",\r\n          \"weeklySchedule\": {\r\n            \"daysOfTheWeek\": [\r\n              \"Sunday\"\r\n            ],\r\n            \"retentionTimes\": [\r\n              \"2022-12-26T09:00:00Z\"\r\n            ],\r\n            \"retentionDuration\": {\r\n              \"count\": 35,\r\n              \"durationType\": \"Weeks\"\r\n            }\r\n          },\r\n          \"yearlySchedule\": {\r\n            \"retentionScheduleFormatType\": \"Weekly\",\r\n            \"monthsOfYear\": [\r\n              \"January\"\r\n            ],\r\n            \"retentionScheduleWeekly\": {\r\n              \"daysOfTheWeek\": [\r\n                \"Sunday\"\r\n              ],\r\n              \"weeksOfTheMonth\": [\r\n                \"First\"\r\n              ]\r\n            },\r\n            \"retentionTimes\": [\r\n              \"2022-12-26T09:00:00Z\"\r\n            ],\r\n            \"retentionDuration\": {\r\n              \"count\": 2,\r\n              \"durationType\": \"Years\"\r\n            }\r\n          }\r\n        },\r\n        \"tieringPolicy\": {\r\n          \"ArchivedRP\": {\r\n            \"tieringMode\": \"DoNotTier\",\r\n            \"duration\": 0,\r\n            \"durationType\": \"Invalid\"\r\n          }\r\n        }\r\n      },\r\n      {\r\n        \"policyType\": \"Differential\",\r\n        \"schedulePolicy\": {\r\n          \"schedulePolicyType\": \"SimpleSchedulePolicy\",\r\n          \"scheduleRunFrequency\": \"Weekly\",\r\n          \"scheduleRunDays\": [\r\n            \"Wednesday\"\r\n          ],\r\n          \"scheduleRunTimes\": [\r\n            \"2022-12-26T10:00:00Z\"\r\n          ],\r\n          \"scheduleWeeklyFrequency\": 0\r\n        },\r\n        \"retentionPolicy\": {\r\n          \"retentionPolicyType\": \"SimpleRetentionPolicy\",\r\n          \"retentionDuration\": {\r\n            \"count\": 15,\r\n            \"durationType\": \"Days\"\r\n          }\r\n        }\r\n      },\r\n      {\r\n        \"policyType\": \"Log\",\r\n        \"schedulePolicy\": {\r\n          \"schedulePolicyType\": \"LogSchedulePolicy\",\r\n          \"scheduleFrequencyInMins\": 120\r\n        },\r\n        \"retentionPolicy\": {\r\n          \"retentionPolicyType\": \"SimpleRetentionPolicy\",\r\n          \"retentionDuration\": {\r\n            \"count\": 15,\r\n            \"durationType\": \"Days\"\r\n          }\r\n        }\r\n      }\r\n    ],\r\n    \"protectedItemsCount\": 0\r\n  }\r\n}",
      "StatusCode": 200
    },
    {
      "RequestUri": "/subscriptions/38304e13-357e-405e-9e9a-220351dcce8c/resourceGroups/hiagarg/providers/Microsoft.RecoveryServices/vaults/hiaga-zrs-vault/backupPolicies/sql-pstest-local-policy?api-version=2022-02-01",
      "EncodedRequestUri": "L3N1YnNjcmlwdGlvbnMvMzgzMDRlMTMtMzU3ZS00MDVlLTllOWEtMjIwMzUxZGNjZThjL3Jlc291cmNlR3JvdXBzL2hpYWdhcmcvcHJvdmlkZXJzL01pY3Jvc29mdC5SZWNvdmVyeVNlcnZpY2VzL3ZhdWx0cy9oaWFnYS16cnMtdmF1bHQvYmFja3VwUG9saWNpZXMvc3FsLXBzdGVzdC1sb2NhbC1wb2xpY3k/YXBpLXZlcnNpb249MjAyMi0wMi0wMQ==",
      "RequestMethod": "GET",
      "RequestHeaders": {
        "x-ms-client-request-id": [
          "4882966d-3acc-4849-8236-a83bc93c26bc"
        ],
        "Accept-Language": [
          "en-US"
        ],
        "User-Agent": [
          "FxVersion/4.700.22.55902",
          "OSName/Windows",
          "OSVersion/Microsoft.Windows.10.0.22000",
          "Microsoft.Azure.Management.RecoveryServices.Backup.RecoveryServicesBackupClient/5.0.0.0"
        ]
      },
      "RequestBody": "",
      "ResponseHeaders": {
        "Cache-Control": [
          "no-cache"
        ],
        "Pragma": [
          "no-cache"
        ],
        "x-ms-ratelimit-remaining-subscription-resource-requests": [
          "299"
        ],
        "Server": [
          "Microsoft-IIS/10.0",
          "Kestrel"
        ],
        "X-Content-Type-Options": [
          "nosniff"
        ],
        "x-ms-request-id": [
          "999719d7-3ae2-40f9-a7e4-c27f1dea05c0"
        ],
        "x-ms-client-request-id": [
          "4882966d-3acc-4849-8236-a83bc93c26bc"
        ],
        "Strict-Transport-Security": [
          "max-age=31536000; includeSubDomains"
        ],
        "x-ms-correlation-request-id": [
          "999719d7-3ae2-40f9-a7e4-c27f1dea05c0"
        ],
        "x-ms-routing-request-id": [
          "WESTINDIA:20221227T052658Z:999719d7-3ae2-40f9-a7e4-c27f1dea05c0"
        ],
        "Date": [
          "Tue, 27 Dec 2022 05:26:57 GMT"
        ],
        "Content-Length": [
          "1855"
        ],
        "Content-Type": [
          "application/json"
        ],
        "Expires": [
          "-1"
        ]
      },
      "ResponseBody": "{\r\n  \"id\": \"/subscriptions/38304e13-357e-405e-9e9a-220351dcce8c/resourceGroups/hiagarg/providers/Microsoft.RecoveryServices/vaults/hiaga-zrs-vault/backupPolicies/sql-pstest-local-policy\",\r\n  \"name\": \"sql-pstest-local-policy\",\r\n  \"type\": \"Microsoft.RecoveryServices/vaults/backupPolicies\",\r\n  \"properties\": {\r\n    \"backupManagementType\": \"AzureWorkload\",\r\n    \"workLoadType\": \"SQLDataBase\",\r\n    \"settings\": {\r\n      \"timeZone\": \"UTC\",\r\n      \"issqlcompression\": false,\r\n      \"isCompression\": false\r\n    },\r\n    \"subProtectionPolicy\": [\r\n      {\r\n        \"policyType\": \"Full\",\r\n        \"schedulePolicy\": {\r\n          \"schedulePolicyType\": \"SimpleSchedulePolicy\",\r\n          \"scheduleRunFrequency\": \"Weekly\",\r\n          \"scheduleRunDays\": [\r\n            \"Sunday\"\r\n          ],\r\n          \"scheduleRunTimes\": [\r\n            \"2022-12-26T09:00:00Z\"\r\n          ],\r\n          \"scheduleWeeklyFrequency\": 0\r\n        },\r\n        \"retentionPolicy\": {\r\n          \"retentionPolicyType\": \"LongTermRetentionPolicy\",\r\n          \"weeklySchedule\": {\r\n            \"daysOfTheWeek\": [\r\n              \"Sunday\"\r\n            ],\r\n            \"retentionTimes\": [\r\n              \"2022-12-26T09:00:00Z\"\r\n            ],\r\n            \"retentionDuration\": {\r\n              \"count\": 35,\r\n              \"durationType\": \"Weeks\"\r\n            }\r\n          },\r\n          \"yearlySchedule\": {\r\n            \"retentionScheduleFormatType\": \"Weekly\",\r\n            \"monthsOfYear\": [\r\n              \"January\"\r\n            ],\r\n            \"retentionScheduleWeekly\": {\r\n              \"daysOfTheWeek\": [\r\n                \"Sunday\"\r\n              ],\r\n              \"weeksOfTheMonth\": [\r\n                \"First\"\r\n              ]\r\n            },\r\n            \"retentionTimes\": [\r\n              \"2022-12-26T09:00:00Z\"\r\n            ],\r\n            \"retentionDuration\": {\r\n              \"count\": 2,\r\n              \"durationType\": \"Years\"\r\n            }\r\n          }\r\n        },\r\n        \"tieringPolicy\": {\r\n          \"ArchivedRP\": {\r\n            \"tieringMode\": \"DoNotTier\",\r\n            \"duration\": 0,\r\n            \"durationType\": \"Invalid\"\r\n          }\r\n        }\r\n      },\r\n      {\r\n        \"policyType\": \"Differential\",\r\n        \"schedulePolicy\": {\r\n          \"schedulePolicyType\": \"SimpleSchedulePolicy\",\r\n          \"scheduleRunFrequency\": \"Weekly\",\r\n          \"scheduleRunDays\": [\r\n            \"Wednesday\"\r\n          ],\r\n          \"scheduleRunTimes\": [\r\n            \"2022-12-26T10:00:00Z\"\r\n          ],\r\n          \"scheduleWeeklyFrequency\": 0\r\n        },\r\n        \"retentionPolicy\": {\r\n          \"retentionPolicyType\": \"SimpleRetentionPolicy\",\r\n          \"retentionDuration\": {\r\n            \"count\": 15,\r\n            \"durationType\": \"Days\"\r\n          }\r\n        }\r\n      },\r\n      {\r\n        \"policyType\": \"Log\",\r\n        \"schedulePolicy\": {\r\n          \"schedulePolicyType\": \"LogSchedulePolicy\",\r\n          \"scheduleFrequencyInMins\": 120\r\n        },\r\n        \"retentionPolicy\": {\r\n          \"retentionPolicyType\": \"SimpleRetentionPolicy\",\r\n          \"retentionDuration\": {\r\n            \"count\": 15,\r\n            \"durationType\": \"Days\"\r\n          }\r\n        }\r\n      }\r\n    ],\r\n    \"protectedItemsCount\": 0\r\n  }\r\n}",
      "StatusCode": 200
    },
    {
      "RequestUri": "/subscriptions/38304e13-357e-405e-9e9a-220351dcce8c/resourceGroups/hiagarg/providers/Microsoft.RecoveryServices/vaults/hiaga-zrs-vault/backupPolicies/sql-pstest-local-policy?api-version=2022-02-01",
      "EncodedRequestUri": "L3N1YnNjcmlwdGlvbnMvMzgzMDRlMTMtMzU3ZS00MDVlLTllOWEtMjIwMzUxZGNjZThjL3Jlc291cmNlR3JvdXBzL2hpYWdhcmcvcHJvdmlkZXJzL01pY3Jvc29mdC5SZWNvdmVyeVNlcnZpY2VzL3ZhdWx0cy9oaWFnYS16cnMtdmF1bHQvYmFja3VwUG9saWNpZXMvc3FsLXBzdGVzdC1sb2NhbC1wb2xpY3k/YXBpLXZlcnNpb249MjAyMi0wMi0wMQ==",
      "RequestMethod": "PUT",
      "RequestHeaders": {
        "x-ms-client-request-id": [
          "1c808426-42ed-40d5-b5e5-5f8012b2ae16"
        ],
        "Accept-Language": [
          "en-US"
        ],
        "User-Agent": [
          "FxVersion/4.700.22.55902",
          "OSName/Windows",
          "OSVersion/Microsoft.Windows.10.0.22000",
          "Microsoft.Azure.Management.RecoveryServices.Backup.RecoveryServicesBackupClient/5.0.0.0"
        ],
        "Content-Type": [
          "application/json; charset=utf-8"
        ],
        "Content-Length": [
          "2712"
        ]
      },
      "RequestBody": "{\r\n  \"properties\": {\r\n    \"backupManagementType\": \"AzureWorkload\",\r\n    \"workLoadType\": \"SQLDataBase\",\r\n    \"settings\": {\r\n      \"timeZone\": \"Tokyo Standard Time\",\r\n      \"issqlcompression\": false,\r\n      \"isCompression\": false\r\n    },\r\n    \"subProtectionPolicy\": [\r\n      {\r\n        \"policyType\": \"Full\",\r\n        \"schedulePolicy\": {\r\n          \"schedulePolicyType\": \"SimpleSchedulePolicy\",\r\n          \"scheduleRunFrequency\": \"Weekly\",\r\n          \"scheduleRunDays\": [\r\n            \"Sunday\"\r\n          ],\r\n          \"scheduleRunTimes\": [\r\n            \"2022-12-26T09:00:00Z\"\r\n          ]\r\n        },\r\n        \"retentionPolicy\": {\r\n          \"retentionPolicyType\": \"LongTermRetentionPolicy\",\r\n          \"weeklySchedule\": {\r\n            \"daysOfTheWeek\": [\r\n              \"Sunday\"\r\n            ],\r\n            \"retentionTimes\": [\r\n              \"2022-12-26T09:00:00Z\"\r\n            ],\r\n            \"retentionDuration\": {\r\n              \"count\": 35,\r\n              \"durationType\": \"Weeks\"\r\n            }\r\n          },\r\n          \"yearlySchedule\": {\r\n            \"retentionScheduleFormatType\": \"Weekly\",\r\n            \"monthsOfYear\": [\r\n              \"January\"\r\n            ],\r\n            \"retentionScheduleWeekly\": {\r\n              \"daysOfTheWeek\": [\r\n                \"Sunday\"\r\n              ],\r\n              \"weeksOfTheMonth\": [\r\n                \"First\"\r\n              ]\r\n            },\r\n            \"retentionTimes\": [\r\n              \"2022-12-26T09:00:00Z\"\r\n            ],\r\n            \"retentionDuration\": {\r\n              \"count\": 2,\r\n              \"durationType\": \"Years\"\r\n            }\r\n          }\r\n        },\r\n        \"tieringPolicy\": {\r\n          \"ArchivedRP\": {\r\n            \"tieringMode\": \"DoNotTier\"\r\n          }\r\n        }\r\n      },\r\n      {\r\n        \"policyType\": \"Differential\",\r\n        \"schedulePolicy\": {\r\n          \"schedulePolicyType\": \"SimpleSchedulePolicy\",\r\n          \"scheduleRunFrequency\": \"Weekly\",\r\n          \"scheduleRunDays\": [\r\n            \"Wednesday\"\r\n          ],\r\n          \"scheduleRunTimes\": [\r\n            \"2022-12-26T10:00:00Z\"\r\n          ]\r\n        },\r\n        \"retentionPolicy\": {\r\n          \"retentionPolicyType\": \"SimpleRetentionPolicy\",\r\n          \"retentionDuration\": {\r\n            \"count\": 15,\r\n            \"durationType\": \"Days\"\r\n          }\r\n        }\r\n      },\r\n      {\r\n        \"policyType\": \"Log\",\r\n        \"schedulePolicy\": {\r\n          \"schedulePolicyType\": \"LogSchedulePolicy\",\r\n          \"scheduleFrequencyInMins\": 120\r\n        },\r\n        \"retentionPolicy\": {\r\n          \"retentionPolicyType\": \"SimpleRetentionPolicy\",\r\n          \"retentionDuration\": {\r\n            \"count\": 15,\r\n            \"durationType\": \"Days\"\r\n          }\r\n        }\r\n      }\r\n    ]\r\n  }\r\n}",
      "ResponseHeaders": {
        "Cache-Control": [
          "no-cache"
        ],
        "Pragma": [
          "no-cache"
        ],
        "x-ms-ratelimit-remaining-subscription-writes": [
          "1199"
        ],
        "Server": [
          "Microsoft-IIS/10.0",
          "Kestrel"
        ],
        "X-Content-Type-Options": [
          "nosniff"
        ],
        "x-ms-request-id": [
          "3320f179-554a-4db8-86fd-ef665b83b8c7"
        ],
        "x-ms-client-request-id": [
          "1c808426-42ed-40d5-b5e5-5f8012b2ae16"
        ],
        "Strict-Transport-Security": [
          "max-age=31536000; includeSubDomains"
        ],
        "x-ms-correlation-request-id": [
          "3320f179-554a-4db8-86fd-ef665b83b8c7"
        ],
        "x-ms-routing-request-id": [
          "JIOINDIAWEST:20221227T052649Z:3320f179-554a-4db8-86fd-ef665b83b8c7"
        ],
        "Date": [
          "Tue, 27 Dec 2022 05:26:49 GMT"
        ],
        "Content-Length": [
          "1871"
        ],
        "Content-Type": [
          "application/json"
        ],
        "Expires": [
          "-1"
        ]
      },
      "ResponseBody": "{\r\n  \"id\": \"/subscriptions/38304e13-357e-405e-9e9a-220351dcce8c/resourceGroups/hiagarg/providers/Microsoft.RecoveryServices/vaults/hiaga-zrs-vault/backupPolicies/sql-pstest-local-policy\",\r\n  \"name\": \"sql-pstest-local-policy\",\r\n  \"type\": \"Microsoft.RecoveryServices/vaults/backupPolicies\",\r\n  \"properties\": {\r\n    \"backupManagementType\": \"AzureWorkload\",\r\n    \"workLoadType\": \"SQLDataBase\",\r\n    \"settings\": {\r\n      \"timeZone\": \"Tokyo Standard Time\",\r\n      \"issqlcompression\": false,\r\n      \"isCompression\": false\r\n    },\r\n    \"subProtectionPolicy\": [\r\n      {\r\n        \"policyType\": \"Full\",\r\n        \"schedulePolicy\": {\r\n          \"schedulePolicyType\": \"SimpleSchedulePolicy\",\r\n          \"scheduleRunFrequency\": \"Weekly\",\r\n          \"scheduleRunDays\": [\r\n            \"Sunday\"\r\n          ],\r\n          \"scheduleRunTimes\": [\r\n            \"2022-12-26T09:00:00Z\"\r\n          ],\r\n          \"scheduleWeeklyFrequency\": 0\r\n        },\r\n        \"retentionPolicy\": {\r\n          \"retentionPolicyType\": \"LongTermRetentionPolicy\",\r\n          \"weeklySchedule\": {\r\n            \"daysOfTheWeek\": [\r\n              \"Sunday\"\r\n            ],\r\n            \"retentionTimes\": [\r\n              \"2022-12-26T09:00:00Z\"\r\n            ],\r\n            \"retentionDuration\": {\r\n              \"count\": 35,\r\n              \"durationType\": \"Weeks\"\r\n            }\r\n          },\r\n          \"yearlySchedule\": {\r\n            \"retentionScheduleFormatType\": \"Weekly\",\r\n            \"monthsOfYear\": [\r\n              \"January\"\r\n            ],\r\n            \"retentionScheduleWeekly\": {\r\n              \"daysOfTheWeek\": [\r\n                \"Sunday\"\r\n              ],\r\n              \"weeksOfTheMonth\": [\r\n                \"First\"\r\n              ]\r\n            },\r\n            \"retentionTimes\": [\r\n              \"2022-12-26T09:00:00Z\"\r\n            ],\r\n            \"retentionDuration\": {\r\n              \"count\": 2,\r\n              \"durationType\": \"Years\"\r\n            }\r\n          }\r\n        },\r\n        \"tieringPolicy\": {\r\n          \"ArchivedRP\": {\r\n            \"tieringMode\": \"DoNotTier\",\r\n            \"duration\": 0,\r\n            \"durationType\": \"Invalid\"\r\n          }\r\n        }\r\n      },\r\n      {\r\n        \"policyType\": \"Differential\",\r\n        \"schedulePolicy\": {\r\n          \"schedulePolicyType\": \"SimpleSchedulePolicy\",\r\n          \"scheduleRunFrequency\": \"Weekly\",\r\n          \"scheduleRunDays\": [\r\n            \"Wednesday\"\r\n          ],\r\n          \"scheduleRunTimes\": [\r\n            \"2022-12-26T10:00:00Z\"\r\n          ],\r\n          \"scheduleWeeklyFrequency\": 0\r\n        },\r\n        \"retentionPolicy\": {\r\n          \"retentionPolicyType\": \"SimpleRetentionPolicy\",\r\n          \"retentionDuration\": {\r\n            \"count\": 15,\r\n            \"durationType\": \"Days\"\r\n          }\r\n        }\r\n      },\r\n      {\r\n        \"policyType\": \"Log\",\r\n        \"schedulePolicy\": {\r\n          \"schedulePolicyType\": \"LogSchedulePolicy\",\r\n          \"scheduleFrequencyInMins\": 120\r\n        },\r\n        \"retentionPolicy\": {\r\n          \"retentionPolicyType\": \"SimpleRetentionPolicy\",\r\n          \"retentionDuration\": {\r\n            \"count\": 15,\r\n            \"durationType\": \"Days\"\r\n          }\r\n        }\r\n      }\r\n    ],\r\n    \"protectedItemsCount\": 0\r\n  }\r\n}",
      "StatusCode": 200
    },
    {
      "RequestUri": "/subscriptions/38304e13-357e-405e-9e9a-220351dcce8c/resourceGroups/hiagarg/providers/Microsoft.RecoveryServices/vaults/hiaga-zrs-vault/backupPolicies/sql-pstest-local-policy?api-version=2022-02-01",
      "EncodedRequestUri": "L3N1YnNjcmlwdGlvbnMvMzgzMDRlMTMtMzU3ZS00MDVlLTllOWEtMjIwMzUxZGNjZThjL3Jlc291cmNlR3JvdXBzL2hpYWdhcmcvcHJvdmlkZXJzL01pY3Jvc29mdC5SZWNvdmVyeVNlcnZpY2VzL3ZhdWx0cy9oaWFnYS16cnMtdmF1bHQvYmFja3VwUG9saWNpZXMvc3FsLXBzdGVzdC1sb2NhbC1wb2xpY3k/YXBpLXZlcnNpb249MjAyMi0wMi0wMQ==",
      "RequestMethod": "PUT",
      "RequestHeaders": {
        "x-ms-client-request-id": [
          "cb324437-2f5c-422d-a0a1-51e8d3651479"
        ],
        "Accept-Language": [
          "en-US"
        ],
        "User-Agent": [
          "FxVersion/4.700.22.55902",
          "OSName/Windows",
          "OSVersion/Microsoft.Windows.10.0.22000",
          "Microsoft.Azure.Management.RecoveryServices.Backup.RecoveryServicesBackupClient/5.0.0.0"
        ],
        "Content-Type": [
          "application/json; charset=utf-8"
        ],
        "Content-Length": [
          "2764"
        ]
      },
      "RequestBody": "{\r\n  \"properties\": {\r\n    \"backupManagementType\": \"AzureWorkload\",\r\n    \"workLoadType\": \"SQLDataBase\",\r\n    \"settings\": {\r\n      \"timeZone\": \"UTC\",\r\n      \"issqlcompression\": false,\r\n      \"isCompression\": false\r\n    },\r\n    \"subProtectionPolicy\": [\r\n      {\r\n        \"policyType\": \"Full\",\r\n        \"schedulePolicy\": {\r\n          \"schedulePolicyType\": \"SimpleSchedulePolicy\",\r\n          \"scheduleRunFrequency\": \"Weekly\",\r\n          \"scheduleRunDays\": [\r\n            \"Sunday\"\r\n          ],\r\n          \"scheduleRunTimes\": [\r\n            \"2022-12-26T09:00:00Z\"\r\n          ]\r\n        },\r\n        \"retentionPolicy\": {\r\n          \"retentionPolicyType\": \"LongTermRetentionPolicy\",\r\n          \"weeklySchedule\": {\r\n            \"daysOfTheWeek\": [\r\n              \"Sunday\"\r\n            ],\r\n            \"retentionTimes\": [\r\n              \"2022-12-26T09:00:00Z\"\r\n            ],\r\n            \"retentionDuration\": {\r\n              \"count\": 35,\r\n              \"durationType\": \"Weeks\"\r\n            }\r\n          },\r\n          \"yearlySchedule\": {\r\n            \"retentionScheduleFormatType\": \"Weekly\",\r\n            \"monthsOfYear\": [\r\n              \"January\"\r\n            ],\r\n            \"retentionScheduleWeekly\": {\r\n              \"daysOfTheWeek\": [\r\n                \"Sunday\"\r\n              ],\r\n              \"weeksOfTheMonth\": [\r\n                \"First\"\r\n              ]\r\n            },\r\n            \"retentionTimes\": [\r\n              \"2022-12-26T09:00:00Z\"\r\n            ],\r\n            \"retentionDuration\": {\r\n              \"count\": 2,\r\n              \"durationType\": \"Years\"\r\n            }\r\n          }\r\n        },\r\n        \"tieringPolicy\": {\r\n          \"ArchivedRP\": {\r\n            \"tieringMode\": \"DoNotTier\",\r\n            \"duration\": 0,\r\n            \"durationType\": \"Invalid\"\r\n          }\r\n        }\r\n      },\r\n      {\r\n        \"policyType\": \"Differential\",\r\n        \"schedulePolicy\": {\r\n          \"schedulePolicyType\": \"SimpleSchedulePolicy\",\r\n          \"scheduleRunFrequency\": \"Weekly\",\r\n          \"scheduleRunDays\": [\r\n            \"Wednesday\"\r\n          ],\r\n          \"scheduleRunTimes\": [\r\n            \"2022-12-26T10:00:00Z\"\r\n          ]\r\n        },\r\n        \"retentionPolicy\": {\r\n          \"retentionPolicyType\": \"SimpleRetentionPolicy\",\r\n          \"retentionDuration\": {\r\n            \"count\": 15,\r\n            \"durationType\": \"Days\"\r\n          }\r\n        }\r\n      },\r\n      {\r\n        \"policyType\": \"Log\",\r\n        \"schedulePolicy\": {\r\n          \"schedulePolicyType\": \"LogSchedulePolicy\",\r\n          \"scheduleFrequencyInMins\": 120\r\n        },\r\n        \"retentionPolicy\": {\r\n          \"retentionPolicyType\": \"SimpleRetentionPolicy\",\r\n          \"retentionDuration\": {\r\n            \"count\": 15,\r\n            \"durationType\": \"Days\"\r\n          }\r\n        }\r\n      }\r\n    ]\r\n  }\r\n}",
      "ResponseHeaders": {
        "Cache-Control": [
          "no-cache"
        ],
        "Pragma": [
          "no-cache"
        ],
        "x-ms-ratelimit-remaining-subscription-writes": [
          "1199"
        ],
        "Server": [
          "Microsoft-IIS/10.0",
          "Kestrel"
        ],
        "X-Content-Type-Options": [
          "nosniff"
        ],
        "x-ms-request-id": [
          "4e635b95-78bc-47b1-80e8-0b9bfb430ba5"
        ],
        "x-ms-client-request-id": [
          "cb324437-2f5c-422d-a0a1-51e8d3651479"
        ],
        "Strict-Transport-Security": [
          "max-age=31536000; includeSubDomains"
        ],
        "x-ms-correlation-request-id": [
          "4e635b95-78bc-47b1-80e8-0b9bfb430ba5"
        ],
        "x-ms-routing-request-id": [
          "WESTINDIA:20221227T052655Z:4e635b95-78bc-47b1-80e8-0b9bfb430ba5"
        ],
        "Date": [
          "Tue, 27 Dec 2022 05:26:55 GMT"
        ],
        "Content-Length": [
          "1855"
        ],
        "Content-Type": [
          "application/json"
        ],
        "Expires": [
          "-1"
        ]
      },
      "ResponseBody": "{\r\n  \"id\": \"/subscriptions/38304e13-357e-405e-9e9a-220351dcce8c/resourceGroups/hiagarg/providers/Microsoft.RecoveryServices/vaults/hiaga-zrs-vault/backupPolicies/sql-pstest-local-policy\",\r\n  \"name\": \"sql-pstest-local-policy\",\r\n  \"type\": \"Microsoft.RecoveryServices/vaults/backupPolicies\",\r\n  \"properties\": {\r\n    \"backupManagementType\": \"AzureWorkload\",\r\n    \"workLoadType\": \"SQLDataBase\",\r\n    \"settings\": {\r\n      \"timeZone\": \"UTC\",\r\n      \"issqlcompression\": false,\r\n      \"isCompression\": false\r\n    },\r\n    \"subProtectionPolicy\": [\r\n      {\r\n        \"policyType\": \"Full\",\r\n        \"schedulePolicy\": {\r\n          \"schedulePolicyType\": \"SimpleSchedulePolicy\",\r\n          \"scheduleRunFrequency\": \"Weekly\",\r\n          \"scheduleRunDays\": [\r\n            \"Sunday\"\r\n          ],\r\n          \"scheduleRunTimes\": [\r\n            \"2022-12-26T09:00:00Z\"\r\n          ],\r\n          \"scheduleWeeklyFrequency\": 0\r\n        },\r\n        \"retentionPolicy\": {\r\n          \"retentionPolicyType\": \"LongTermRetentionPolicy\",\r\n          \"weeklySchedule\": {\r\n            \"daysOfTheWeek\": [\r\n              \"Sunday\"\r\n            ],\r\n            \"retentionTimes\": [\r\n              \"2022-12-26T09:00:00Z\"\r\n            ],\r\n            \"retentionDuration\": {\r\n              \"count\": 35,\r\n              \"durationType\": \"Weeks\"\r\n            }\r\n          },\r\n          \"yearlySchedule\": {\r\n            \"retentionScheduleFormatType\": \"Weekly\",\r\n            \"monthsOfYear\": [\r\n              \"January\"\r\n            ],\r\n            \"retentionScheduleWeekly\": {\r\n              \"daysOfTheWeek\": [\r\n                \"Sunday\"\r\n              ],\r\n              \"weeksOfTheMonth\": [\r\n                \"First\"\r\n              ]\r\n            },\r\n            \"retentionTimes\": [\r\n              \"2022-12-26T09:00:00Z\"\r\n            ],\r\n            \"retentionDuration\": {\r\n              \"count\": 2,\r\n              \"durationType\": \"Years\"\r\n            }\r\n          }\r\n        },\r\n        \"tieringPolicy\": {\r\n          \"ArchivedRP\": {\r\n            \"tieringMode\": \"DoNotTier\",\r\n            \"duration\": 0,\r\n            \"durationType\": \"Invalid\"\r\n          }\r\n        }\r\n      },\r\n      {\r\n        \"policyType\": \"Differential\",\r\n        \"schedulePolicy\": {\r\n          \"schedulePolicyType\": \"SimpleSchedulePolicy\",\r\n          \"scheduleRunFrequency\": \"Weekly\",\r\n          \"scheduleRunDays\": [\r\n            \"Wednesday\"\r\n          ],\r\n          \"scheduleRunTimes\": [\r\n            \"2022-12-26T10:00:00Z\"\r\n          ],\r\n          \"scheduleWeeklyFrequency\": 0\r\n        },\r\n        \"retentionPolicy\": {\r\n          \"retentionPolicyType\": \"SimpleRetentionPolicy\",\r\n          \"retentionDuration\": {\r\n            \"count\": 15,\r\n            \"durationType\": \"Days\"\r\n          }\r\n        }\r\n      },\r\n      {\r\n        \"policyType\": \"Log\",\r\n        \"schedulePolicy\": {\r\n          \"schedulePolicyType\": \"LogSchedulePolicy\",\r\n          \"scheduleFrequencyInMins\": 120\r\n        },\r\n        \"retentionPolicy\": {\r\n          \"retentionPolicyType\": \"SimpleRetentionPolicy\",\r\n          \"retentionDuration\": {\r\n            \"count\": 15,\r\n            \"durationType\": \"Days\"\r\n          }\r\n        }\r\n      }\r\n    ],\r\n    \"protectedItemsCount\": 0\r\n  }\r\n}",
      "StatusCode": 200
    },
    {
      "RequestUri": "/subscriptions/38304e13-357e-405e-9e9a-220351dcce8c/resourceGroups/hiagarg/providers/Microsoft.RecoveryServices/vaults/hiaga-zrs-vault/backupPolicies/sql-pstest-local-policy?api-version=2022-02-01",
      "EncodedRequestUri": "L3N1YnNjcmlwdGlvbnMvMzgzMDRlMTMtMzU3ZS00MDVlLTllOWEtMjIwMzUxZGNjZThjL3Jlc291cmNlR3JvdXBzL2hpYWdhcmcvcHJvdmlkZXJzL01pY3Jvc29mdC5SZWNvdmVyeVNlcnZpY2VzL3ZhdWx0cy9oaWFnYS16cnMtdmF1bHQvYmFja3VwUG9saWNpZXMvc3FsLXBzdGVzdC1sb2NhbC1wb2xpY3k/YXBpLXZlcnNpb249MjAyMi0wMi0wMQ==",
      "RequestMethod": "DELETE",
      "RequestHeaders": {
        "x-ms-client-request-id": [
          "f20658c8-c1c7-46a4-ad86-1ba76268cc1e"
        ],
        "Accept-Language": [
          "en-US"
        ],
        "User-Agent": [
          "FxVersion/4.700.22.55902",
          "OSName/Windows",
          "OSVersion/Microsoft.Windows.10.0.22000",
          "Microsoft.Azure.Management.RecoveryServices.Backup.RecoveryServicesBackupClient/5.0.0.0"
        ]
      },
      "RequestBody": "",
      "ResponseHeaders": {
        "Cache-Control": [
          "no-cache"
        ],
        "Pragma": [
          "no-cache"
        ],
        "X-Content-Type-Options": [
          "nosniff"
        ],
        "x-ms-request-id": [
          "b87b41a1-3b1f-4dda-8fbd-9f6afe23c373"
        ],
        "x-ms-client-request-id": [
          "f20658c8-c1c7-46a4-ad86-1ba76268cc1e"
        ],
        "Strict-Transport-Security": [
          "max-age=31536000; includeSubDomains"
        ],
        "x-ms-ratelimit-remaining-subscription-deletes": [
          "14999"
        ],
        "x-ms-correlation-request-id": [
          "b87b41a1-3b1f-4dda-8fbd-9f6afe23c373"
        ],
        "x-ms-routing-request-id": [
          "WESTINDIA:20221227T052700Z:b87b41a1-3b1f-4dda-8fbd-9f6afe23c373"
        ],
        "Date": [
          "Tue, 27 Dec 2022 05:27:00 GMT"
        ],
        "Expires": [
          "-1"
        ],
        "Content-Length": [
          "0"
        ]
      },
      "ResponseBody": "",
      "StatusCode": 200
    }
  ],
  "Names": {},
  "Variables": {
    "SubscriptionId": "38304e13-357e-405e-9e9a-220351dcce8c"
  }
}