{
  "Entries": [
    {
      "RequestUri": "/subscriptions/38304e13-357e-405e-9e9a-220351dcce8c/resourceGroups/iaasvm-pstest-rg/providers/Microsoft.RecoveryServices/vaults/iaasvm-pstest-vault?api-version=2024-04-01",
      "EncodedRequestUri": "L3N1YnNjcmlwdGlvbnMvMzgzMDRlMTMtMzU3ZS00MDVlLTllOWEtMjIwMzUxZGNjZThjL3Jlc291cmNlR3JvdXBzL2lhYXN2bS1wc3Rlc3QtcmcvcHJvdmlkZXJzL01pY3Jvc29mdC5SZWNvdmVyeVNlcnZpY2VzL3ZhdWx0cy9pYWFzdm0tcHN0ZXN0LXZhdWx0P2FwaS12ZXJzaW9uPTIwMjQtMDQtMDE=",
      "RequestMethod": "GET",
      "RequestHeaders": {
        "x-ms-client-request-id": [
          "ea670a93-848b-42ae-af4a-32cb34987ac6"
        ],
        "Accept-Language": [
          "en-US"
        ],
        "User-Agent": [
          "FxVersion/6.0.2924.17105",
          "OSName/Windows",
          "OSVersion/Microsoft.Windows.10.0.22631",
          "Microsoft.Azure.Management.RecoveryServices.RecoveryServicesClient/6.8.0"
        ]
      },
      "RequestBody": "",
      "ResponseHeaders": {
        "Cache-Control": [
          "no-cache"
        ],
        "Pragma": [
          "no-cache"
        ],
        "x-ms-ratelimit-remaining-subscription-reads": [
          "11999"
        ],
        "X-Content-Type-Options": [
          "nosniff"
        ],
        "x-ms-request-id": [
          "2c4c3ab6-7acf-4295-8c96-f0e6e0e9a05b"
        ],
        "x-ms-client-request-id": [
          "ea670a93-848b-42ae-af4a-32cb34987ac6"
        ],
        "x-ms-correlation-request-id": [
          "2c4c3ab6-7acf-4295-8c96-f0e6e0e9a05b"
        ],
        "x-ms-routing-request-id": [
          "SOUTHEASTASIA:20240422T051528Z:2c4c3ab6-7acf-4295-8c96-f0e6e0e9a05b"
        ],
        "Strict-Transport-Security": [
          "max-age=31536000; includeSubDomains"
        ],
        "X-Cache": [
          "CONFIG_NOCACHE"
        ],
        "X-MSEdge-Ref": [
          "Ref A: 7FC44D4A877A4DE89151149010C994F8 Ref B: MAA201060516045 Ref C: 2024-04-22T05:15:27Z"
        ],
        "Date": [
          "Mon, 22 Apr 2024 05:15:27 GMT"
        ],
        "Content-Length": [
          "1101"
        ],
        "Content-Type": [
          "application/json; charset=utf-8"
        ],
        "Expires": [
          "-1"
        ]
      },
      "ResponseBody": "{\r\n  \"location\": \"centraluseuap\",\r\n  \"name\": \"iaasvm-pstest-vault\",\r\n  \"etag\": \"W/\\\"datetime'2022-12-16T15%3A10%3A54.8818019Z'\\\"\",\r\n  \"tags\": {\r\n    \"MABUsed\": \"yes\",\r\n    \"Owner\": \"hiaga\",\r\n    \"DeleteBy\": \"01-3000\",\r\n    \"Purpose\": \"testing\",\r\n    \"AutoShutdown\": \"no\"\r\n  },\r\n  \"properties\": {\r\n    \"provisioningState\": \"Succeeded\",\r\n    \"privateEndpointStateForBackup\": \"None\",\r\n    \"privateEndpointStateForSiteRecovery\": \"None\",\r\n    \"backupStorageVersion\": \"V1\",\r\n    \"securitySettings\": {\r\n      \"immutabilitySettings\": null,\r\n      \"softDeleteSettings\": {\r\n        \"softDeleteRetentionPeriodInDays\": 14,\r\n        \"softDeleteState\": \"Enabled\",\r\n        \"enhancedSecurityState\": \"Enabled\"\r\n      },\r\n      \"multiUserAuthorization\": \"Disabled\"\r\n    },\r\n    \"redundancySettings\": {\r\n      \"standardTierStorageRedundancy\": \"GeoRedundant\",\r\n      \"crossRegionRestore\": \"Disabled\"\r\n    },\r\n    \"secureScore\": \"None\",\r\n    \"bcdrSecurityLevel\": \"Poor\",\r\n    \"publicNetworkAccess\": \"Enabled\",\r\n    \"restoreSettings\": {\r\n      \"crossSubscriptionRestoreSettings\": {\r\n        \"crossSubscriptionRestoreState\": \"Enabled\"\r\n      }\r\n    }\r\n  },\r\n  \"id\": \"/subscriptions/38304e13-357e-405e-9e9a-220351dcce8c/resourceGroups/iaasvm-pstest-rg/providers/Microsoft.RecoveryServices/vaults/iaasvm-pstest-vault\",\r\n  \"type\": \"Microsoft.RecoveryServices/vaults\",\r\n  \"sku\": {\r\n    \"name\": \"RS0\",\r\n    \"tier\": \"Standard\"\r\n  }\r\n}",
      "StatusCode": 200
    },
    {
      "RequestUri": "/subscriptions/38304e13-357e-405e-9e9a-220351dcce8c/resourceGroups/iaasvm-pstest-rg/providers/Microsoft.RecoveryServices/vaults/iaasvm-pstest-vault/backupPolicies/testSqlPolicy?api-version=2024-04-01",
      "EncodedRequestUri": "L3N1YnNjcmlwdGlvbnMvMzgzMDRlMTMtMzU3ZS00MDVlLTllOWEtMjIwMzUxZGNjZThjL3Jlc291cmNlR3JvdXBzL2lhYXN2bS1wc3Rlc3QtcmcvcHJvdmlkZXJzL01pY3Jvc29mdC5SZWNvdmVyeVNlcnZpY2VzL3ZhdWx0cy9pYWFzdm0tcHN0ZXN0LXZhdWx0L2JhY2t1cFBvbGljaWVzL3Rlc3RTcWxQb2xpY3k/YXBpLXZlcnNpb249MjAyNC0wNC0wMQ==",
      "RequestMethod": "GET",
      "RequestHeaders": {
        "x-ms-client-request-id": [
          "7fbd91e3-c563-4dc6-91b3-2ca600c02326"
        ],
        "Accept-Language": [
          "en-US"
        ],
        "User-Agent": [
          "FxVersion/6.0.2924.17105",
          "OSName/Windows",
          "OSVersion/Microsoft.Windows.10.0.22631",
          "Microsoft.Azure.Management.RecoveryServices.Backup.RecoveryServicesBackupClient/6.8.0"
        ]
      },
      "RequestBody": "",
      "ResponseHeaders": {
        "Cache-Control": [
          "no-cache"
        ],
        "Pragma": [
          "no-cache"
        ],
        "x-ms-ratelimit-remaining-subscription-resource-requests": [
          "299"
        ],
        "X-Content-Type-Options": [
          "nosniff"
        ],
        "x-ms-request-id": [
          "539ea069-fb4c-47ac-b9ff-4cf8c7e45dbc"
        ],
        "x-ms-client-request-id": [
          "7fbd91e3-c563-4dc6-91b3-2ca600c02326"
        ],
        "x-ms-correlation-request-id": [
          "539ea069-fb4c-47ac-b9ff-4cf8c7e45dbc"
        ],
        "x-ms-routing-request-id": [
          "SOUTHEASTASIA:20240422T051529Z:539ea069-fb4c-47ac-b9ff-4cf8c7e45dbc"
        ],
        "Strict-Transport-Security": [
          "max-age=31536000; includeSubDomains"
        ],
        "X-Cache": [
          "CONFIG_NOCACHE"
        ],
        "X-MSEdge-Ref": [
          "Ref A: 4F0AD23357FC422A8CA8459EAB10E3EF Ref B: MAA201060516033 Ref C: 2024-04-22T05:15:28Z"
        ],
        "Date": [
          "Mon, 22 Apr 2024 05:15:29 GMT"
        ],
        "Content-Length": [
          "2"
        ],
        "Content-Type": [
          "application/json"
        ],
        "Expires": [
          "-1"
        ]
      },
      "ResponseBody": "{}",
      "StatusCode": 404
    },
    {
      "RequestUri": "/subscriptions/38304e13-357e-405e-9e9a-220351dcce8c/resourceGroups/iaasvm-pstest-rg/providers/Microsoft.RecoveryServices/vaults/iaasvm-pstest-vault/backupPolicies/testSqlPolicy?api-version=2024-04-01",
      "EncodedRequestUri": "L3N1YnNjcmlwdGlvbnMvMzgzMDRlMTMtMzU3ZS00MDVlLTllOWEtMjIwMzUxZGNjZThjL3Jlc291cmNlR3JvdXBzL2lhYXN2bS1wc3Rlc3QtcmcvcHJvdmlkZXJzL01pY3Jvc29mdC5SZWNvdmVyeVNlcnZpY2VzL3ZhdWx0cy9pYWFzdm0tcHN0ZXN0LXZhdWx0L2JhY2t1cFBvbGljaWVzL3Rlc3RTcWxQb2xpY3k/YXBpLXZlcnNpb249MjAyNC0wNC0wMQ==",
      "RequestMethod": "GET",
      "RequestHeaders": {
        "x-ms-client-request-id": [
          "7fbd91e3-c563-4dc6-91b3-2ca600c02326"
        ],
        "Accept-Language": [
          "en-US"
        ],
        "User-Agent": [
          "FxVersion/6.0.2924.17105",
          "OSName/Windows",
          "OSVersion/Microsoft.Windows.10.0.22631",
          "Microsoft.Azure.Management.RecoveryServices.Backup.RecoveryServicesBackupClient/6.8.0"
        ]
      },
      "RequestBody": "",
      "ResponseHeaders": {
        "Cache-Control": [
          "no-cache"
        ],
        "Pragma": [
          "no-cache"
        ],
        "X-Content-Type-Options": [
          "nosniff"
        ],
        "x-ms-request-id": [
          "b8e94914-6483-4eb0-894a-cd9ab1f736e2"
        ],
        "x-ms-client-request-id": [
          "7fbd91e3-c563-4dc6-91b3-2ca600c02326"
        ],
        "x-ms-ratelimit-remaining-subscription-resource-requests": [
          "299"
        ],
        "x-ms-correlation-request-id": [
          "b8e94914-6483-4eb0-894a-cd9ab1f736e2"
        ],
        "x-ms-routing-request-id": [
          "SOUTHEASTASIA:20240422T051533Z:b8e94914-6483-4eb0-894a-cd9ab1f736e2"
        ],
        "Strict-Transport-Security": [
          "max-age=31536000; includeSubDomains"
        ],
        "X-Cache": [
          "CONFIG_NOCACHE"
        ],
        "X-MSEdge-Ref": [
          "Ref A: 9E4AAD6D4BBB408ABF329DC31311161D Ref B: MAA201060516033 Ref C: 2024-04-22T05:15:32Z"
        ],
        "Date": [
          "Mon, 22 Apr 2024 05:15:33 GMT"
        ],
        "Content-Length": [
          "1827"
        ],
        "Content-Type": [
          "application/json; charset=utf-8"
        ],
        "Expires": [
          "-1"
        ]
      },
      "ResponseBody": "{\r\n  \"id\": \"/subscriptions/38304e13-357e-405e-9e9a-220351dcce8c/resourceGroups/iaasvm-pstest-rg/providers/Microsoft.RecoveryServices/vaults/iaasvm-pstest-vault/backupPolicies/testSqlPolicy\",\r\n  \"name\": \"testSqlPolicy\",\r\n  \"type\": \"Microsoft.RecoveryServices/vaults/backupPolicies\",\r\n  \"properties\": {\r\n    \"backupManagementType\": \"AzureWorkload\",\r\n    \"workLoadType\": \"SQLDataBase\",\r\n    \"settings\": {\r\n      \"timeZone\": \"UTC\",\r\n      \"issqlcompression\": false,\r\n      \"isCompression\": false\r\n    },\r\n    \"subProtectionPolicy\": [\r\n      {\r\n        \"policyType\": \"Full\",\r\n        \"schedulePolicy\": {\r\n          \"schedulePolicyType\": \"SimpleSchedulePolicy\",\r\n          \"scheduleRunFrequency\": \"Daily\",\r\n          \"scheduleRunTimes\": [\r\n            \"2024-04-22T12:00:00Z\"\r\n          ],\r\n          \"scheduleWeeklyFrequency\": 0\r\n        },\r\n        \"retentionPolicy\": {\r\n          \"retentionPolicyType\": \"LongTermRetentionPolicy\",\r\n          \"dailySchedule\": {\r\n            \"retentionTimes\": [\r\n              \"2024-04-22T12:00:00Z\"\r\n            ],\r\n            \"retentionDuration\": {\r\n              \"count\": 180,\r\n              \"durationType\": \"Days\"\r\n            }\r\n          },\r\n          \"weeklySchedule\": {\r\n            \"daysOfTheWeek\": [\r\n              \"Sunday\"\r\n            ],\r\n            \"retentionTimes\": [\r\n              \"2024-04-22T12:00:00Z\"\r\n            ],\r\n            \"retentionDuration\": {\r\n              \"count\": 104,\r\n              \"durationType\": \"Weeks\"\r\n            }\r\n          },\r\n          \"monthlySchedule\": {\r\n            \"retentionScheduleFormatType\": \"Weekly\",\r\n            \"retentionScheduleWeekly\": {\r\n              \"daysOfTheWeek\": [\r\n                \"Sunday\"\r\n              ],\r\n              \"weeksOfTheMonth\": [\r\n                \"First\"\r\n              ]\r\n            },\r\n            \"retentionTimes\": [\r\n              \"2024-04-22T12:00:00Z\"\r\n            ],\r\n            \"retentionDuration\": {\r\n              \"count\": 60,\r\n              \"durationType\": \"Months\"\r\n            }\r\n          },\r\n          \"yearlySchedule\": {\r\n            \"retentionScheduleFormatType\": \"Weekly\",\r\n            \"monthsOfYear\": [\r\n              \"January\"\r\n            ],\r\n            \"retentionScheduleWeekly\": {\r\n              \"daysOfTheWeek\": [\r\n                \"Sunday\"\r\n              ],\r\n              \"weeksOfTheMonth\": [\r\n                \"First\"\r\n              ]\r\n            },\r\n            \"retentionTimes\": [\r\n              \"2024-04-22T12:00:00Z\"\r\n            ],\r\n            \"retentionDuration\": {\r\n              \"count\": 10,\r\n              \"durationType\": \"Years\"\r\n            }\r\n          }\r\n        },\r\n        \"tieringPolicy\": {\r\n          \"ArchivedRP\": {\r\n            \"tieringMode\": \"DoNotTier\",\r\n            \"duration\": 0,\r\n            \"durationType\": \"Invalid\"\r\n          }\r\n        }\r\n      },\r\n      {\r\n        \"policyType\": \"Log\",\r\n        \"schedulePolicy\": {\r\n          \"schedulePolicyType\": \"LogSchedulePolicy\",\r\n          \"scheduleFrequencyInMins\": 120\r\n        },\r\n        \"retentionPolicy\": {\r\n          \"retentionPolicyType\": \"SimpleRetentionPolicy\",\r\n          \"retentionDuration\": {\r\n            \"count\": 15,\r\n            \"durationType\": \"Days\"\r\n          }\r\n        }\r\n      }\r\n    ],\r\n    \"protectedItemsCount\": 0\r\n  }\r\n}",
      "StatusCode": 200
    },
    {
      "RequestUri": "/subscriptions/38304e13-357e-405e-9e9a-220351dcce8c/resourceGroups/iaasvm-pstest-rg/providers/Microsoft.RecoveryServices/vaults/iaasvm-pstest-vault/backupPolicies/testSqlPolicy?api-version=2024-04-01",
      "EncodedRequestUri": "L3N1YnNjcmlwdGlvbnMvMzgzMDRlMTMtMzU3ZS00MDVlLTllOWEtMjIwMzUxZGNjZThjL3Jlc291cmNlR3JvdXBzL2lhYXN2bS1wc3Rlc3QtcmcvcHJvdmlkZXJzL01pY3Jvc29mdC5SZWNvdmVyeVNlcnZpY2VzL3ZhdWx0cy9pYWFzdm0tcHN0ZXN0LXZhdWx0L2JhY2t1cFBvbGljaWVzL3Rlc3RTcWxQb2xpY3k/YXBpLXZlcnNpb249MjAyNC0wNC0wMQ==",
      "RequestMethod": "GET",
      "RequestHeaders": {
        "x-ms-client-request-id": [
          "7f80f58f-010a-4859-8505-dba376bba13f"
        ],
        "Accept-Language": [
          "en-US"
        ],
        "User-Agent": [
          "FxVersion/6.0.2924.17105",
          "OSName/Windows",
          "OSVersion/Microsoft.Windows.10.0.22631",
          "Microsoft.Azure.Management.RecoveryServices.Backup.RecoveryServicesBackupClient/6.8.0"
        ]
      },
      "RequestBody": "",
      "ResponseHeaders": {
        "Cache-Control": [
          "no-cache"
        ],
        "Pragma": [
          "no-cache"
        ],
        "X-Content-Type-Options": [
          "nosniff"
        ],
        "x-ms-request-id": [
          "f15b54d2-3765-4964-8a2f-258beab6520d"
        ],
        "x-ms-client-request-id": [
          "7f80f58f-010a-4859-8505-dba376bba13f"
        ],
        "x-ms-ratelimit-remaining-subscription-resource-requests": [
          "299"
        ],
        "x-ms-correlation-request-id": [
          "f15b54d2-3765-4964-8a2f-258beab6520d"
        ],
        "x-ms-routing-request-id": [
          "SOUTHEASTASIA:20240422T051535Z:f15b54d2-3765-4964-8a2f-258beab6520d"
        ],
        "Strict-Transport-Security": [
          "max-age=31536000; includeSubDomains"
        ],
        "X-Cache": [
          "CONFIG_NOCACHE"
        ],
        "X-MSEdge-Ref": [
          "Ref A: 0B6CD0ED6D3C4A7F9DF6324B49BF54B6 Ref B: MAA201060515049 Ref C: 2024-04-22T05:15:34Z"
        ],
        "Date": [
          "Mon, 22 Apr 2024 05:15:34 GMT"
        ],
        "Content-Length": [
          "1827"
        ],
        "Content-Type": [
          "application/json; charset=utf-8"
        ],
        "Expires": [
          "-1"
        ]
      },
      "ResponseBody": "{\r\n  \"id\": \"/subscriptions/38304e13-357e-405e-9e9a-220351dcce8c/resourceGroups/iaasvm-pstest-rg/providers/Microsoft.RecoveryServices/vaults/iaasvm-pstest-vault/backupPolicies/testSqlPolicy\",\r\n  \"name\": \"testSqlPolicy\",\r\n  \"type\": \"Microsoft.RecoveryServices/vaults/backupPolicies\",\r\n  \"properties\": {\r\n    \"backupManagementType\": \"AzureWorkload\",\r\n    \"workLoadType\": \"SQLDataBase\",\r\n    \"settings\": {\r\n      \"timeZone\": \"UTC\",\r\n      \"issqlcompression\": false,\r\n      \"isCompression\": false\r\n    },\r\n    \"subProtectionPolicy\": [\r\n      {\r\n        \"policyType\": \"Full\",\r\n        \"schedulePolicy\": {\r\n          \"schedulePolicyType\": \"SimpleSchedulePolicy\",\r\n          \"scheduleRunFrequency\": \"Daily\",\r\n          \"scheduleRunTimes\": [\r\n            \"2024-04-22T12:00:00Z\"\r\n          ],\r\n          \"scheduleWeeklyFrequency\": 0\r\n        },\r\n        \"retentionPolicy\": {\r\n          \"retentionPolicyType\": \"LongTermRetentionPolicy\",\r\n          \"dailySchedule\": {\r\n            \"retentionTimes\": [\r\n              \"2024-04-22T12:00:00Z\"\r\n            ],\r\n            \"retentionDuration\": {\r\n              \"count\": 180,\r\n              \"durationType\": \"Days\"\r\n            }\r\n          },\r\n          \"weeklySchedule\": {\r\n            \"daysOfTheWeek\": [\r\n              \"Sunday\"\r\n            ],\r\n            \"retentionTimes\": [\r\n              \"2024-04-22T12:00:00Z\"\r\n            ],\r\n            \"retentionDuration\": {\r\n              \"count\": 104,\r\n              \"durationType\": \"Weeks\"\r\n            }\r\n          },\r\n          \"monthlySchedule\": {\r\n            \"retentionScheduleFormatType\": \"Weekly\",\r\n            \"retentionScheduleWeekly\": {\r\n              \"daysOfTheWeek\": [\r\n                \"Sunday\"\r\n              ],\r\n              \"weeksOfTheMonth\": [\r\n                \"First\"\r\n              ]\r\n            },\r\n            \"retentionTimes\": [\r\n              \"2024-04-22T12:00:00Z\"\r\n            ],\r\n            \"retentionDuration\": {\r\n              \"count\": 60,\r\n              \"durationType\": \"Months\"\r\n            }\r\n          },\r\n          \"yearlySchedule\": {\r\n            \"retentionScheduleFormatType\": \"Weekly\",\r\n            \"monthsOfYear\": [\r\n              \"January\"\r\n            ],\r\n            \"retentionScheduleWeekly\": {\r\n              \"daysOfTheWeek\": [\r\n                \"Sunday\"\r\n              ],\r\n              \"weeksOfTheMonth\": [\r\n                \"First\"\r\n              ]\r\n            },\r\n            \"retentionTimes\": [\r\n              \"2024-04-22T12:00:00Z\"\r\n            ],\r\n            \"retentionDuration\": {\r\n              \"count\": 10,\r\n              \"durationType\": \"Years\"\r\n            }\r\n          }\r\n        },\r\n        \"tieringPolicy\": {\r\n          \"ArchivedRP\": {\r\n            \"tieringMode\": \"DoNotTier\",\r\n            \"duration\": 0,\r\n            \"durationType\": \"Invalid\"\r\n          }\r\n        }\r\n      },\r\n      {\r\n        \"policyType\": \"Log\",\r\n        \"schedulePolicy\": {\r\n          \"schedulePolicyType\": \"LogSchedulePolicy\",\r\n          \"scheduleFrequencyInMins\": 120\r\n        },\r\n        \"retentionPolicy\": {\r\n          \"retentionPolicyType\": \"SimpleRetentionPolicy\",\r\n          \"retentionDuration\": {\r\n            \"count\": 15,\r\n            \"durationType\": \"Days\"\r\n          }\r\n        }\r\n      }\r\n    ],\r\n    \"protectedItemsCount\": 0\r\n  }\r\n}",
      "StatusCode": 200
    },
    {
      "RequestUri": "/subscriptions/38304e13-357e-405e-9e9a-220351dcce8c/resourceGroups/iaasvm-pstest-rg/providers/Microsoft.RecoveryServices/vaults/iaasvm-pstest-vault/backupPolicies/testSqlPolicy?api-version=2024-04-01",
      "EncodedRequestUri": "L3N1YnNjcmlwdGlvbnMvMzgzMDRlMTMtMzU3ZS00MDVlLTllOWEtMjIwMzUxZGNjZThjL3Jlc291cmNlR3JvdXBzL2lhYXN2bS1wc3Rlc3QtcmcvcHJvdmlkZXJzL01pY3Jvc29mdC5SZWNvdmVyeVNlcnZpY2VzL3ZhdWx0cy9pYWFzdm0tcHN0ZXN0LXZhdWx0L2JhY2t1cFBvbGljaWVzL3Rlc3RTcWxQb2xpY3k/YXBpLXZlcnNpb249MjAyNC0wNC0wMQ==",
      "RequestMethod": "GET",
      "RequestHeaders": {
        "x-ms-client-request-id": [
          "b601782c-6cb1-405c-8c63-9e01ad07b620"
        ],
        "Accept-Language": [
          "en-US"
        ],
        "User-Agent": [
          "FxVersion/6.0.2924.17105",
          "OSName/Windows",
          "OSVersion/Microsoft.Windows.10.0.22631",
          "Microsoft.Azure.Management.RecoveryServices.Backup.RecoveryServicesBackupClient/6.8.0"
        ]
      },
      "RequestBody": "",
      "ResponseHeaders": {
        "Cache-Control": [
          "no-cache"
        ],
        "Pragma": [
          "no-cache"
        ],
        "X-Content-Type-Options": [
          "nosniff"
        ],
        "x-ms-request-id": [
          "14dbc3ba-fd3f-4535-abd7-274eb00f297d"
        ],
        "x-ms-client-request-id": [
          "b601782c-6cb1-405c-8c63-9e01ad07b620"
        ],
        "x-ms-ratelimit-remaining-subscription-resource-requests": [
          "299"
        ],
        "x-ms-correlation-request-id": [
          "14dbc3ba-fd3f-4535-abd7-274eb00f297d"
        ],
        "x-ms-routing-request-id": [
          "SOUTHEASTASIA:20240422T051536Z:14dbc3ba-fd3f-4535-abd7-274eb00f297d"
        ],
        "Strict-Transport-Security": [
          "max-age=31536000; includeSubDomains"
        ],
        "X-Cache": [
          "CONFIG_NOCACHE"
        ],
        "X-MSEdge-Ref": [
          "Ref A: 77D23DCED743432A80BEC99B9A0831E0 Ref B: MAA201060516037 Ref C: 2024-04-22T05:15:35Z"
        ],
        "Date": [
          "Mon, 22 Apr 2024 05:15:36 GMT"
        ],
        "Content-Length": [
          "1827"
        ],
        "Content-Type": [
          "application/json; charset=utf-8"
        ],
        "Expires": [
          "-1"
        ]
      },
      "ResponseBody": "{\r\n  \"id\": \"/subscriptions/38304e13-357e-405e-9e9a-220351dcce8c/resourceGroups/iaasvm-pstest-rg/providers/Microsoft.RecoveryServices/vaults/iaasvm-pstest-vault/backupPolicies/testSqlPolicy\",\r\n  \"name\": \"testSqlPolicy\",\r\n  \"type\": \"Microsoft.RecoveryServices/vaults/backupPolicies\",\r\n  \"properties\": {\r\n    \"backupManagementType\": \"AzureWorkload\",\r\n    \"workLoadType\": \"SQLDataBase\",\r\n    \"settings\": {\r\n      \"timeZone\": \"UTC\",\r\n      \"issqlcompression\": false,\r\n      \"isCompression\": false\r\n    },\r\n    \"subProtectionPolicy\": [\r\n      {\r\n        \"policyType\": \"Full\",\r\n        \"schedulePolicy\": {\r\n          \"schedulePolicyType\": \"SimpleSchedulePolicy\",\r\n          \"scheduleRunFrequency\": \"Daily\",\r\n          \"scheduleRunTimes\": [\r\n            \"2024-04-22T12:00:00Z\"\r\n          ],\r\n          \"scheduleWeeklyFrequency\": 0\r\n        },\r\n        \"retentionPolicy\": {\r\n          \"retentionPolicyType\": \"LongTermRetentionPolicy\",\r\n          \"dailySchedule\": {\r\n            \"retentionTimes\": [\r\n              \"2024-04-22T12:00:00Z\"\r\n            ],\r\n            \"retentionDuration\": {\r\n              \"count\": 180,\r\n              \"durationType\": \"Days\"\r\n            }\r\n          },\r\n          \"weeklySchedule\": {\r\n            \"daysOfTheWeek\": [\r\n              \"Sunday\"\r\n            ],\r\n            \"retentionTimes\": [\r\n              \"2024-04-22T12:00:00Z\"\r\n            ],\r\n            \"retentionDuration\": {\r\n              \"count\": 104,\r\n              \"durationType\": \"Weeks\"\r\n            }\r\n          },\r\n          \"monthlySchedule\": {\r\n            \"retentionScheduleFormatType\": \"Weekly\",\r\n            \"retentionScheduleWeekly\": {\r\n              \"daysOfTheWeek\": [\r\n                \"Sunday\"\r\n              ],\r\n              \"weeksOfTheMonth\": [\r\n                \"First\"\r\n              ]\r\n            },\r\n            \"retentionTimes\": [\r\n              \"2024-04-22T12:00:00Z\"\r\n            ],\r\n            \"retentionDuration\": {\r\n              \"count\": 60,\r\n              \"durationType\": \"Months\"\r\n            }\r\n          },\r\n          \"yearlySchedule\": {\r\n            \"retentionScheduleFormatType\": \"Weekly\",\r\n            \"monthsOfYear\": [\r\n              \"January\"\r\n            ],\r\n            \"retentionScheduleWeekly\": {\r\n              \"daysOfTheWeek\": [\r\n                \"Sunday\"\r\n              ],\r\n              \"weeksOfTheMonth\": [\r\n                \"First\"\r\n              ]\r\n            },\r\n            \"retentionTimes\": [\r\n              \"2024-04-22T12:00:00Z\"\r\n            ],\r\n            \"retentionDuration\": {\r\n              \"count\": 10,\r\n              \"durationType\": \"Years\"\r\n            }\r\n          }\r\n        },\r\n        \"tieringPolicy\": {\r\n          \"ArchivedRP\": {\r\n            \"tieringMode\": \"DoNotTier\",\r\n            \"duration\": 0,\r\n            \"durationType\": \"Invalid\"\r\n          }\r\n        }\r\n      },\r\n      {\r\n        \"policyType\": \"Log\",\r\n        \"schedulePolicy\": {\r\n          \"schedulePolicyType\": \"LogSchedulePolicy\",\r\n          \"scheduleFrequencyInMins\": 120\r\n        },\r\n        \"retentionPolicy\": {\r\n          \"retentionPolicyType\": \"SimpleRetentionPolicy\",\r\n          \"retentionDuration\": {\r\n            \"count\": 15,\r\n            \"durationType\": \"Days\"\r\n          }\r\n        }\r\n      }\r\n    ],\r\n    \"protectedItemsCount\": 0\r\n  }\r\n}",
      "StatusCode": 200
    },
    {
      "RequestUri": "/subscriptions/38304e13-357e-405e-9e9a-220351dcce8c/resourceGroups/iaasvm-pstest-rg/providers/Microsoft.RecoveryServices/vaults/iaasvm-pstest-vault/backupPolicies/testSqlPolicy?api-version=2024-04-01",
      "EncodedRequestUri": "L3N1YnNjcmlwdGlvbnMvMzgzMDRlMTMtMzU3ZS00MDVlLTllOWEtMjIwMzUxZGNjZThjL3Jlc291cmNlR3JvdXBzL2lhYXN2bS1wc3Rlc3QtcmcvcHJvdmlkZXJzL01pY3Jvc29mdC5SZWNvdmVyeVNlcnZpY2VzL3ZhdWx0cy9pYWFzdm0tcHN0ZXN0LXZhdWx0L2JhY2t1cFBvbGljaWVzL3Rlc3RTcWxQb2xpY3k/YXBpLXZlcnNpb249MjAyNC0wNC0wMQ==",
      "RequestMethod": "GET",
      "RequestHeaders": {
        "x-ms-client-request-id": [
          "28f0ba61-6f47-4b8f-b0d3-a78c361e5b6b"
        ],
        "Accept-Language": [
          "en-US"
        ],
        "User-Agent": [
          "FxVersion/6.0.2924.17105",
          "OSName/Windows",
          "OSVersion/Microsoft.Windows.10.0.22631",
          "Microsoft.Azure.Management.RecoveryServices.Backup.RecoveryServicesBackupClient/6.8.0"
        ]
      },
      "RequestBody": "",
      "ResponseHeaders": {
        "Cache-Control": [
          "no-cache"
        ],
        "Pragma": [
          "no-cache"
        ],
        "X-Content-Type-Options": [
          "nosniff"
        ],
        "x-ms-request-id": [
          "ae18612e-0f3c-4f2e-885b-97baae027d99"
        ],
        "x-ms-client-request-id": [
          "28f0ba61-6f47-4b8f-b0d3-a78c361e5b6b"
        ],
        "x-ms-ratelimit-remaining-subscription-resource-requests": [
          "299"
        ],
        "x-ms-correlation-request-id": [
          "ae18612e-0f3c-4f2e-885b-97baae027d99"
        ],
        "x-ms-routing-request-id": [
          "SOUTHEASTASIA:20240422T051541Z:ae18612e-0f3c-4f2e-885b-97baae027d99"
        ],
        "Strict-Transport-Security": [
          "max-age=31536000; includeSubDomains"
        ],
        "X-Cache": [
          "CONFIG_NOCACHE"
        ],
        "X-MSEdge-Ref": [
          "Ref A: C79F122F9D9E4261B21F59AF1068E289 Ref B: MAA201060513029 Ref C: 2024-04-22T05:15:40Z"
        ],
        "Date": [
          "Mon, 22 Apr 2024 05:15:41 GMT"
        ],
        "Content-Length": [
          "2086"
        ],
        "Content-Type": [
          "application/json; charset=utf-8"
        ],
        "Expires": [
          "-1"
        ]
      },
      "ResponseBody": "{\r\n  \"id\": \"/subscriptions/38304e13-357e-405e-9e9a-220351dcce8c/resourceGroups/iaasvm-pstest-rg/providers/Microsoft.RecoveryServices/vaults/iaasvm-pstest-vault/backupPolicies/testSqlPolicy\",\r\n  \"name\": \"testSqlPolicy\",\r\n  \"type\": \"Microsoft.RecoveryServices/vaults/backupPolicies\",\r\n  \"properties\": {\r\n    \"backupManagementType\": \"AzureWorkload\",\r\n    \"workLoadType\": \"SQLDataBase\",\r\n    \"settings\": {\r\n      \"timeZone\": \"UTC\",\r\n      \"issqlcompression\": true,\r\n      \"isCompression\": true\r\n    },\r\n    \"subProtectionPolicy\": [\r\n      {\r\n        \"policyType\": \"Full\",\r\n        \"schedulePolicy\": {\r\n          \"schedulePolicyType\": \"SimpleSchedulePolicy\",\r\n          \"scheduleRunFrequency\": \"Weekly\",\r\n          \"scheduleRunDays\": [\r\n            \"Sunday\"\r\n          ],\r\n          \"scheduleRunTimes\": [\r\n            \"2024-04-22T21:30:00Z\"\r\n          ],\r\n          \"scheduleWeeklyFrequency\": 0\r\n        },\r\n        \"retentionPolicy\": {\r\n          \"retentionPolicyType\": \"LongTermRetentionPolicy\",\r\n          \"weeklySchedule\": {\r\n            \"daysOfTheWeek\": [\r\n              \"Sunday\"\r\n            ],\r\n            \"retentionTimes\": [\r\n              \"2024-04-22T21:30:00Z\"\r\n            ],\r\n            \"retentionDuration\": {\r\n              \"count\": 104,\r\n              \"durationType\": \"Weeks\"\r\n            }\r\n          },\r\n          \"monthlySchedule\": {\r\n            \"retentionScheduleFormatType\": \"Weekly\",\r\n            \"retentionScheduleWeekly\": {\r\n              \"daysOfTheWeek\": [\r\n                \"Sunday\"\r\n              ],\r\n              \"weeksOfTheMonth\": [\r\n                \"First\"\r\n              ]\r\n            },\r\n            \"retentionTimes\": [\r\n              \"2024-04-22T21:30:00Z\"\r\n            ],\r\n            \"retentionDuration\": {\r\n              \"count\": 60,\r\n              \"durationType\": \"Months\"\r\n            }\r\n          },\r\n          \"yearlySchedule\": {\r\n            \"retentionScheduleFormatType\": \"Weekly\",\r\n            \"monthsOfYear\": [\r\n              \"January\"\r\n            ],\r\n            \"retentionScheduleWeekly\": {\r\n              \"daysOfTheWeek\": [\r\n                \"Sunday\"\r\n              ],\r\n              \"weeksOfTheMonth\": [\r\n                \"First\"\r\n              ]\r\n            },\r\n            \"retentionTimes\": [\r\n              \"2024-04-22T21:30:00Z\"\r\n            ],\r\n            \"retentionDuration\": {\r\n              \"count\": 10,\r\n              \"durationType\": \"Years\"\r\n            }\r\n          }\r\n        },\r\n        \"tieringPolicy\": {\r\n          \"ArchivedRP\": {\r\n            \"tieringMode\": \"DoNotTier\",\r\n            \"duration\": 0,\r\n            \"durationType\": \"Invalid\"\r\n          }\r\n        }\r\n      },\r\n      {\r\n        \"policyType\": \"Differential\",\r\n        \"schedulePolicy\": {\r\n          \"schedulePolicyType\": \"SimpleSchedulePolicy\",\r\n          \"scheduleRunFrequency\": \"Weekly\",\r\n          \"scheduleRunDays\": [\r\n            \"Monday\"\r\n          ],\r\n          \"scheduleRunTimes\": [\r\n            \"2024-04-22T21:30:00Z\"\r\n          ],\r\n          \"scheduleWeeklyFrequency\": 0\r\n        },\r\n        \"retentionPolicy\": {\r\n          \"retentionPolicyType\": \"SimpleRetentionPolicy\",\r\n          \"retentionDuration\": {\r\n            \"count\": 31,\r\n            \"durationType\": \"Days\"\r\n          }\r\n        }\r\n      },\r\n      {\r\n        \"policyType\": \"Log\",\r\n        \"schedulePolicy\": {\r\n          \"schedulePolicyType\": \"LogSchedulePolicy\",\r\n          \"scheduleFrequencyInMins\": 120\r\n        },\r\n        \"retentionPolicy\": {\r\n          \"retentionPolicyType\": \"SimpleRetentionPolicy\",\r\n          \"retentionDuration\": {\r\n            \"count\": 15,\r\n            \"durationType\": \"Days\"\r\n          }\r\n        }\r\n      }\r\n    ],\r\n    \"protectedItemsCount\": 0\r\n  }\r\n}",
      "StatusCode": 200
    },
    {
      "RequestUri": "/subscriptions/38304e13-357e-405e-9e9a-220351dcce8c/resourceGroups/iaasvm-pstest-rg/providers/Microsoft.RecoveryServices/vaults/iaasvm-pstest-vault/backupPolicies/testSqlPolicy?api-version=2024-04-01",
      "EncodedRequestUri": "L3N1YnNjcmlwdGlvbnMvMzgzMDRlMTMtMzU3ZS00MDVlLTllOWEtMjIwMzUxZGNjZThjL3Jlc291cmNlR3JvdXBzL2lhYXN2bS1wc3Rlc3QtcmcvcHJvdmlkZXJzL01pY3Jvc29mdC5SZWNvdmVyeVNlcnZpY2VzL3ZhdWx0cy9pYWFzdm0tcHN0ZXN0LXZhdWx0L2JhY2t1cFBvbGljaWVzL3Rlc3RTcWxQb2xpY3k/YXBpLXZlcnNpb249MjAyNC0wNC0wMQ==",
      "RequestMethod": "GET",
      "RequestHeaders": {
        "x-ms-client-request-id": [
          "401f630d-9145-48ab-9037-221b364de6df"
        ],
        "Accept-Language": [
          "en-US"
        ],
        "User-Agent": [
          "FxVersion/6.0.2924.17105",
          "OSName/Windows",
          "OSVersion/Microsoft.Windows.10.0.22631",
          "Microsoft.Azure.Management.RecoveryServices.Backup.RecoveryServicesBackupClient/6.8.0"
        ]
      },
      "RequestBody": "",
      "ResponseHeaders": {
        "Cache-Control": [
          "no-cache"
        ],
        "Pragma": [
          "no-cache"
        ],
        "X-Content-Type-Options": [
          "nosniff"
        ],
        "x-ms-request-id": [
          "74ea8aea-33c7-4d6d-8a48-d3aadffffec8"
        ],
        "x-ms-client-request-id": [
          "401f630d-9145-48ab-9037-221b364de6df"
        ],
        "x-ms-ratelimit-remaining-subscription-resource-requests": [
          "299"
        ],
        "x-ms-correlation-request-id": [
          "74ea8aea-33c7-4d6d-8a48-d3aadffffec8"
        ],
        "x-ms-routing-request-id": [
          "SOUTHEASTASIA:20240422T051543Z:74ea8aea-33c7-4d6d-8a48-d3aadffffec8"
        ],
        "Strict-Transport-Security": [
          "max-age=31536000; includeSubDomains"
        ],
        "X-Cache": [
          "CONFIG_NOCACHE"
        ],
        "X-MSEdge-Ref": [
          "Ref A: 4BA224A86FCF440DB78E0BF3D03437A2 Ref B: MAA201060516011 Ref C: 2024-04-22T05:15:42Z"
        ],
        "Date": [
          "Mon, 22 Apr 2024 05:15:42 GMT"
        ],
        "Content-Length": [
          "2086"
        ],
        "Content-Type": [
          "application/json; charset=utf-8"
        ],
        "Expires": [
          "-1"
        ]
      },
      "ResponseBody": "{\r\n  \"id\": \"/subscriptions/38304e13-357e-405e-9e9a-220351dcce8c/resourceGroups/iaasvm-pstest-rg/providers/Microsoft.RecoveryServices/vaults/iaasvm-pstest-vault/backupPolicies/testSqlPolicy\",\r\n  \"name\": \"testSqlPolicy\",\r\n  \"type\": \"Microsoft.RecoveryServices/vaults/backupPolicies\",\r\n  \"properties\": {\r\n    \"backupManagementType\": \"AzureWorkload\",\r\n    \"workLoadType\": \"SQLDataBase\",\r\n    \"settings\": {\r\n      \"timeZone\": \"UTC\",\r\n      \"issqlcompression\": true,\r\n      \"isCompression\": true\r\n    },\r\n    \"subProtectionPolicy\": [\r\n      {\r\n        \"policyType\": \"Full\",\r\n        \"schedulePolicy\": {\r\n          \"schedulePolicyType\": \"SimpleSchedulePolicy\",\r\n          \"scheduleRunFrequency\": \"Weekly\",\r\n          \"scheduleRunDays\": [\r\n            \"Sunday\"\r\n          ],\r\n          \"scheduleRunTimes\": [\r\n            \"2024-04-22T21:30:00Z\"\r\n          ],\r\n          \"scheduleWeeklyFrequency\": 0\r\n        },\r\n        \"retentionPolicy\": {\r\n          \"retentionPolicyType\": \"LongTermRetentionPolicy\",\r\n          \"weeklySchedule\": {\r\n            \"daysOfTheWeek\": [\r\n              \"Sunday\"\r\n            ],\r\n            \"retentionTimes\": [\r\n              \"2024-04-22T21:30:00Z\"\r\n            ],\r\n            \"retentionDuration\": {\r\n              \"count\": 104,\r\n              \"durationType\": \"Weeks\"\r\n            }\r\n          },\r\n          \"monthlySchedule\": {\r\n            \"retentionScheduleFormatType\": \"Weekly\",\r\n            \"retentionScheduleWeekly\": {\r\n              \"daysOfTheWeek\": [\r\n                \"Sunday\"\r\n              ],\r\n              \"weeksOfTheMonth\": [\r\n                \"First\"\r\n              ]\r\n            },\r\n            \"retentionTimes\": [\r\n              \"2024-04-22T21:30:00Z\"\r\n            ],\r\n            \"retentionDuration\": {\r\n              \"count\": 60,\r\n              \"durationType\": \"Months\"\r\n            }\r\n          },\r\n          \"yearlySchedule\": {\r\n            \"retentionScheduleFormatType\": \"Weekly\",\r\n            \"monthsOfYear\": [\r\n              \"January\"\r\n            ],\r\n            \"retentionScheduleWeekly\": {\r\n              \"daysOfTheWeek\": [\r\n                \"Sunday\"\r\n              ],\r\n              \"weeksOfTheMonth\": [\r\n                \"First\"\r\n              ]\r\n            },\r\n            \"retentionTimes\": [\r\n              \"2024-04-22T21:30:00Z\"\r\n            ],\r\n            \"retentionDuration\": {\r\n              \"count\": 10,\r\n              \"durationType\": \"Years\"\r\n            }\r\n          }\r\n        },\r\n        \"tieringPolicy\": {\r\n          \"ArchivedRP\": {\r\n            \"tieringMode\": \"DoNotTier\",\r\n            \"duration\": 0,\r\n            \"durationType\": \"Invalid\"\r\n          }\r\n        }\r\n      },\r\n      {\r\n        \"policyType\": \"Differential\",\r\n        \"schedulePolicy\": {\r\n          \"schedulePolicyType\": \"SimpleSchedulePolicy\",\r\n          \"scheduleRunFrequency\": \"Weekly\",\r\n          \"scheduleRunDays\": [\r\n            \"Monday\"\r\n          ],\r\n          \"scheduleRunTimes\": [\r\n            \"2024-04-22T21:30:00Z\"\r\n          ],\r\n          \"scheduleWeeklyFrequency\": 0\r\n        },\r\n        \"retentionPolicy\": {\r\n          \"retentionPolicyType\": \"SimpleRetentionPolicy\",\r\n          \"retentionDuration\": {\r\n            \"count\": 31,\r\n            \"durationType\": \"Days\"\r\n          }\r\n        }\r\n      },\r\n      {\r\n        \"policyType\": \"Log\",\r\n        \"schedulePolicy\": {\r\n          \"schedulePolicyType\": \"LogSchedulePolicy\",\r\n          \"scheduleFrequencyInMins\": 120\r\n        },\r\n        \"retentionPolicy\": {\r\n          \"retentionPolicyType\": \"SimpleRetentionPolicy\",\r\n          \"retentionDuration\": {\r\n            \"count\": 15,\r\n            \"durationType\": \"Days\"\r\n          }\r\n        }\r\n      }\r\n    ],\r\n    \"protectedItemsCount\": 0\r\n  }\r\n}",
      "StatusCode": 200
    },
    {
      "RequestUri": "/subscriptions/38304e13-357e-405e-9e9a-220351dcce8c/resourceGroups/iaasvm-pstest-rg/providers/Microsoft.RecoveryServices/vaults/iaasvm-pstest-vault/backupPolicies/testSqlPolicy?api-version=2024-04-01",
      "EncodedRequestUri": "L3N1YnNjcmlwdGlvbnMvMzgzMDRlMTMtMzU3ZS00MDVlLTllOWEtMjIwMzUxZGNjZThjL3Jlc291cmNlR3JvdXBzL2lhYXN2bS1wc3Rlc3QtcmcvcHJvdmlkZXJzL01pY3Jvc29mdC5SZWNvdmVyeVNlcnZpY2VzL3ZhdWx0cy9pYWFzdm0tcHN0ZXN0LXZhdWx0L2JhY2t1cFBvbGljaWVzL3Rlc3RTcWxQb2xpY3k/YXBpLXZlcnNpb249MjAyNC0wNC0wMQ==",
      "RequestMethod": "PUT",
      "RequestHeaders": {
        "x-ms-client-request-id": [
          "7fbd91e3-c563-4dc6-91b3-2ca600c02326"
        ],
        "Accept-Language": [
          "en-US"
        ],
        "User-Agent": [
          "FxVersion/6.0.2924.17105",
          "OSName/Windows",
          "OSVersion/Microsoft.Windows.10.0.22631",
          "Microsoft.Azure.Management.RecoveryServices.Backup.RecoveryServicesBackupClient/6.8.0"
        ],
        "Content-Type": [
          "application/json; charset=utf-8"
        ],
        "Content-Length": [
          "2835"
        ]
      },
      "RequestBody": "{\r\n  \"properties\": {\r\n    \"backupManagementType\": \"AzureWorkload\",\r\n    \"workLoadType\": \"SQLDataBase\",\r\n    \"settings\": {\r\n      \"timeZone\": \"UTC\",\r\n      \"issqlcompression\": false,\r\n      \"isCompression\": false\r\n    },\r\n    \"subProtectionPolicy\": [\r\n      {\r\n        \"policyType\": \"Full\",\r\n        \"schedulePolicy\": {\r\n          \"schedulePolicyType\": \"SimpleSchedulePolicy\",\r\n          \"scheduleRunFrequency\": \"Daily\",\r\n          \"scheduleRunTimes\": [\r\n            \"2024-04-22T12:00:00Z\"\r\n          ]\r\n        },\r\n        \"retentionPolicy\": {\r\n          \"retentionPolicyType\": \"LongTermRetentionPolicy\",\r\n          \"dailySchedule\": {\r\n            \"retentionTimes\": [\r\n              \"2024-04-22T12:00:00Z\"\r\n            ],\r\n            \"retentionDuration\": {\r\n              \"count\": 180,\r\n              \"durationType\": \"Days\"\r\n            }\r\n          },\r\n          \"weeklySchedule\": {\r\n            \"daysOfTheWeek\": [\r\n              \"Sunday\"\r\n            ],\r\n            \"retentionTimes\": [\r\n              \"2024-04-22T12:00:00Z\"\r\n            ],\r\n            \"retentionDuration\": {\r\n              \"count\": 104,\r\n              \"durationType\": \"Weeks\"\r\n            }\r\n          },\r\n          \"monthlySchedule\": {\r\n            \"retentionScheduleFormatType\": \"Weekly\",\r\n            \"retentionScheduleWeekly\": {\r\n              \"daysOfTheWeek\": [\r\n                \"Sunday\"\r\n              ],\r\n              \"weeksOfTheMonth\": [\r\n                \"First\"\r\n              ]\r\n            },\r\n            \"retentionTimes\": [\r\n              \"2024-04-22T12:00:00Z\"\r\n            ],\r\n            \"retentionDuration\": {\r\n              \"count\": 60,\r\n              \"durationType\": \"Months\"\r\n            }\r\n          },\r\n          \"yearlySchedule\": {\r\n            \"retentionScheduleFormatType\": \"Weekly\",\r\n            \"monthsOfYear\": [\r\n              \"January\"\r\n            ],\r\n            \"retentionScheduleWeekly\": {\r\n              \"daysOfTheWeek\": [\r\n                \"Sunday\"\r\n              ],\r\n              \"weeksOfTheMonth\": [\r\n                \"First\"\r\n              ]\r\n            },\r\n            \"retentionTimes\": [\r\n              \"2024-04-22T12:00:00Z\"\r\n            ],\r\n            \"retentionDuration\": {\r\n              \"count\": 10,\r\n              \"durationType\": \"Years\"\r\n            }\r\n          }\r\n        },\r\n        \"tieringPolicy\": {\r\n          \"ArchivedRP\": {\r\n            \"tieringMode\": \"DoNotTier\"\r\n          }\r\n        }\r\n      },\r\n      {\r\n        \"policyType\": \"Log\",\r\n        \"schedulePolicy\": {\r\n          \"schedulePolicyType\": \"LogSchedulePolicy\",\r\n          \"scheduleFrequencyInMins\": 120\r\n        },\r\n        \"retentionPolicy\": {\r\n          \"retentionPolicyType\": \"SimpleRetentionPolicy\",\r\n          \"retentionDuration\": {\r\n            \"count\": 15,\r\n            \"durationType\": \"Days\"\r\n          }\r\n        }\r\n      }\r\n    ]\r\n  }\r\n}",
      "ResponseHeaders": {
        "Cache-Control": [
          "no-cache"
        ],
        "Pragma": [
          "no-cache"
        ],
        "X-Content-Type-Options": [
          "nosniff"
        ],
        "x-ms-request-id": [
          "62a46af9-75da-4af8-aa1b-21ba7dd4edb9"
        ],
        "x-ms-client-request-id": [
          "7fbd91e3-c563-4dc6-91b3-2ca600c02326"
        ],
        "x-ms-ratelimit-remaining-subscription-writes": [
          "1199"
        ],
        "x-ms-correlation-request-id": [
          "62a46af9-75da-4af8-aa1b-21ba7dd4edb9"
        ],
        "x-ms-routing-request-id": [
          "SOUTHEASTASIA:20240422T051531Z:62a46af9-75da-4af8-aa1b-21ba7dd4edb9"
        ],
        "Strict-Transport-Security": [
          "max-age=31536000; includeSubDomains"
        ],
        "X-Cache": [
          "CONFIG_NOCACHE"
        ],
        "X-MSEdge-Ref": [
          "Ref A: 9BB93FDC65624F62B85D24B501C5A613 Ref B: MAA201060516033 Ref C: 2024-04-22T05:15:30Z"
        ],
        "Date": [
          "Mon, 22 Apr 2024 05:15:31 GMT"
        ],
        "Content-Length": [
          "1827"
        ],
        "Content-Type": [
          "application/json; charset=utf-8"
        ],
        "Expires": [
          "-1"
        ]
      },
      "ResponseBody": "{\r\n  \"id\": \"/subscriptions/38304e13-357e-405e-9e9a-220351dcce8c/resourceGroups/iaasvm-pstest-rg/providers/Microsoft.RecoveryServices/vaults/iaasvm-pstest-vault/backupPolicies/testSqlPolicy\",\r\n  \"name\": \"testSqlPolicy\",\r\n  \"type\": \"Microsoft.RecoveryServices/vaults/backupPolicies\",\r\n  \"properties\": {\r\n    \"backupManagementType\": \"AzureWorkload\",\r\n    \"workLoadType\": \"SQLDataBase\",\r\n    \"settings\": {\r\n      \"timeZone\": \"UTC\",\r\n      \"issqlcompression\": false,\r\n      \"isCompression\": false\r\n    },\r\n    \"subProtectionPolicy\": [\r\n      {\r\n        \"policyType\": \"Full\",\r\n        \"schedulePolicy\": {\r\n          \"schedulePolicyType\": \"SimpleSchedulePolicy\",\r\n          \"scheduleRunFrequency\": \"Daily\",\r\n          \"scheduleRunTimes\": [\r\n            \"2024-04-22T12:00:00Z\"\r\n          ],\r\n          \"scheduleWeeklyFrequency\": 0\r\n        },\r\n        \"retentionPolicy\": {\r\n          \"retentionPolicyType\": \"LongTermRetentionPolicy\",\r\n          \"dailySchedule\": {\r\n            \"retentionTimes\": [\r\n              \"2024-04-22T12:00:00Z\"\r\n            ],\r\n            \"retentionDuration\": {\r\n              \"count\": 180,\r\n              \"durationType\": \"Days\"\r\n            }\r\n          },\r\n          \"weeklySchedule\": {\r\n            \"daysOfTheWeek\": [\r\n              \"Sunday\"\r\n            ],\r\n            \"retentionTimes\": [\r\n              \"2024-04-22T12:00:00Z\"\r\n            ],\r\n            \"retentionDuration\": {\r\n              \"count\": 104,\r\n              \"durationType\": \"Weeks\"\r\n            }\r\n          },\r\n          \"monthlySchedule\": {\r\n            \"retentionScheduleFormatType\": \"Weekly\",\r\n            \"retentionScheduleWeekly\": {\r\n              \"daysOfTheWeek\": [\r\n                \"Sunday\"\r\n              ],\r\n              \"weeksOfTheMonth\": [\r\n                \"First\"\r\n              ]\r\n            },\r\n            \"retentionTimes\": [\r\n              \"2024-04-22T12:00:00Z\"\r\n            ],\r\n            \"retentionDuration\": {\r\n              \"count\": 60,\r\n              \"durationType\": \"Months\"\r\n            }\r\n          },\r\n          \"yearlySchedule\": {\r\n            \"retentionScheduleFormatType\": \"Weekly\",\r\n            \"monthsOfYear\": [\r\n              \"January\"\r\n            ],\r\n            \"retentionScheduleWeekly\": {\r\n              \"daysOfTheWeek\": [\r\n                \"Sunday\"\r\n              ],\r\n              \"weeksOfTheMonth\": [\r\n                \"First\"\r\n              ]\r\n            },\r\n            \"retentionTimes\": [\r\n              \"2024-04-22T12:00:00Z\"\r\n            ],\r\n            \"retentionDuration\": {\r\n              \"count\": 10,\r\n              \"durationType\": \"Years\"\r\n            }\r\n          }\r\n        },\r\n        \"tieringPolicy\": {\r\n          \"ArchivedRP\": {\r\n            \"tieringMode\": \"DoNotTier\",\r\n            \"duration\": 0,\r\n            \"durationType\": \"Invalid\"\r\n          }\r\n        }\r\n      },\r\n      {\r\n        \"policyType\": \"Log\",\r\n        \"schedulePolicy\": {\r\n          \"schedulePolicyType\": \"LogSchedulePolicy\",\r\n          \"scheduleFrequencyInMins\": 120\r\n        },\r\n        \"retentionPolicy\": {\r\n          \"retentionPolicyType\": \"SimpleRetentionPolicy\",\r\n          \"retentionDuration\": {\r\n            \"count\": 15,\r\n            \"durationType\": \"Days\"\r\n          }\r\n        }\r\n      }\r\n    ],\r\n    \"protectedItemsCount\": 0\r\n  }\r\n}",
      "StatusCode": 200
    },
    {
      "RequestUri": "/subscriptions/38304e13-357e-405e-9e9a-220351dcce8c/resourceGroups/iaasvm-pstest-rg/providers/Microsoft.RecoveryServices/vaults/iaasvm-pstest-vault/backupPolicies/testSqlPolicy?api-version=2024-04-01",
      "EncodedRequestUri": "L3N1YnNjcmlwdGlvbnMvMzgzMDRlMTMtMzU3ZS00MDVlLTllOWEtMjIwMzUxZGNjZThjL3Jlc291cmNlR3JvdXBzL2lhYXN2bS1wc3Rlc3QtcmcvcHJvdmlkZXJzL01pY3Jvc29mdC5SZWNvdmVyeVNlcnZpY2VzL3ZhdWx0cy9pYWFzdm0tcHN0ZXN0LXZhdWx0L2JhY2t1cFBvbGljaWVzL3Rlc3RTcWxQb2xpY3k/YXBpLXZlcnNpb249MjAyNC0wNC0wMQ==",
      "RequestMethod": "PUT",
      "RequestHeaders": {
        "x-ms-client-request-id": [
          "b601782c-6cb1-405c-8c63-9e01ad07b620"
        ],
        "Accept-Language": [
          "en-US"
        ],
        "User-Agent": [
          "FxVersion/6.0.2924.17105",
          "OSName/Windows",
          "OSVersion/Microsoft.Windows.10.0.22631",
          "Microsoft.Azure.Management.RecoveryServices.Backup.RecoveryServicesBackupClient/6.8.0"
        ],
        "Content-Type": [
          "application/json; charset=utf-8"
        ],
        "Content-Length": [
          "3281"
        ]
      },
      "RequestBody": "{\r\n  \"properties\": {\r\n    \"backupManagementType\": \"AzureWorkload\",\r\n    \"workLoadType\": \"SQLDataBase\",\r\n    \"settings\": {\r\n      \"timeZone\": \"UTC\",\r\n      \"issqlcompression\": true,\r\n      \"isCompression\": true\r\n    },\r\n    \"subProtectionPolicy\": [\r\n      {\r\n        \"policyType\": \"Full\",\r\n        \"schedulePolicy\": {\r\n          \"schedulePolicyType\": \"SimpleSchedulePolicy\",\r\n          \"scheduleRunFrequency\": \"Weekly\",\r\n          \"scheduleRunDays\": [\r\n            \"Sunday\"\r\n          ],\r\n          \"scheduleRunTimes\": [\r\n            \"2024-04-22T21:30:00Z\"\r\n          ]\r\n        },\r\n        \"retentionPolicy\": {\r\n          \"retentionPolicyType\": \"LongTermRetentionPolicy\",\r\n          \"weeklySchedule\": {\r\n            \"daysOfTheWeek\": [\r\n              \"Sunday\"\r\n            ],\r\n            \"retentionTimes\": [\r\n              \"2024-04-22T21:30:00Z\"\r\n            ],\r\n            \"retentionDuration\": {\r\n              \"count\": 104,\r\n              \"durationType\": \"Weeks\"\r\n            }\r\n          },\r\n          \"monthlySchedule\": {\r\n            \"retentionScheduleFormatType\": \"Weekly\",\r\n            \"retentionScheduleWeekly\": {\r\n              \"daysOfTheWeek\": [\r\n                \"Sunday\"\r\n              ],\r\n              \"weeksOfTheMonth\": [\r\n                \"First\"\r\n              ]\r\n            },\r\n            \"retentionTimes\": [\r\n              \"2024-04-22T21:30:00Z\"\r\n            ],\r\n            \"retentionDuration\": {\r\n              \"count\": 60,\r\n              \"durationType\": \"Months\"\r\n            }\r\n          },\r\n          \"yearlySchedule\": {\r\n            \"retentionScheduleFormatType\": \"Weekly\",\r\n            \"monthsOfYear\": [\r\n              \"January\"\r\n            ],\r\n            \"retentionScheduleWeekly\": {\r\n              \"daysOfTheWeek\": [\r\n                \"Sunday\"\r\n              ],\r\n              \"weeksOfTheMonth\": [\r\n                \"First\"\r\n              ]\r\n            },\r\n            \"retentionTimes\": [\r\n              \"2024-04-22T21:30:00Z\"\r\n            ],\r\n            \"retentionDuration\": {\r\n              \"count\": 10,\r\n              \"durationType\": \"Years\"\r\n            }\r\n          }\r\n        },\r\n        \"tieringPolicy\": {\r\n          \"ArchivedRP\": {\r\n            \"tieringMode\": \"DoNotTier\",\r\n            \"duration\": 0,\r\n            \"durationType\": \"Invalid\"\r\n          }\r\n        }\r\n      },\r\n      {\r\n        \"policyType\": \"Differential\",\r\n        \"schedulePolicy\": {\r\n          \"schedulePolicyType\": \"SimpleSchedulePolicy\",\r\n          \"scheduleRunFrequency\": \"Weekly\",\r\n          \"scheduleRunDays\": [\r\n            \"Monday\"\r\n          ],\r\n          \"scheduleRunTimes\": [\r\n            \"2024-04-22T21:30:00Z\"\r\n          ]\r\n        },\r\n        \"retentionPolicy\": {\r\n          \"retentionPolicyType\": \"SimpleRetentionPolicy\",\r\n          \"retentionDuration\": {\r\n            \"count\": 31,\r\n            \"durationType\": \"Days\"\r\n          }\r\n        }\r\n      },\r\n      {\r\n        \"policyType\": \"Log\",\r\n        \"schedulePolicy\": {\r\n          \"schedulePolicyType\": \"LogSchedulePolicy\",\r\n          \"scheduleFrequencyInMins\": 120\r\n        },\r\n        \"retentionPolicy\": {\r\n          \"retentionPolicyType\": \"SimpleRetentionPolicy\",\r\n          \"retentionDuration\": {\r\n            \"count\": 15,\r\n            \"durationType\": \"Days\"\r\n          }\r\n        }\r\n      }\r\n    ]\r\n  }\r\n}",
      "ResponseHeaders": {
        "Cache-Control": [
          "no-cache"
        ],
        "Pragma": [
          "no-cache"
        ],
        "X-Content-Type-Options": [
          "nosniff"
        ],
        "x-ms-request-id": [
          "d20723eb-449e-4456-977a-7df1d273d66a"
        ],
        "x-ms-client-request-id": [
          "b601782c-6cb1-405c-8c63-9e01ad07b620"
        ],
        "x-ms-ratelimit-remaining-subscription-writes": [
          "1199"
        ],
        "x-ms-correlation-request-id": [
          "d20723eb-449e-4456-977a-7df1d273d66a"
        ],
        "x-ms-routing-request-id": [
          "SOUTHEASTASIA:20240422T051540Z:d20723eb-449e-4456-977a-7df1d273d66a"
        ],
        "Strict-Transport-Security": [
          "max-age=31536000; includeSubDomains"
        ],
        "X-Cache": [
          "CONFIG_NOCACHE"
        ],
        "X-MSEdge-Ref": [
          "Ref A: 22A7D5F0DCD948B89622C605282B4C48 Ref B: MAA201060516037 Ref C: 2024-04-22T05:15:38Z"
        ],
        "Date": [
          "Mon, 22 Apr 2024 05:15:40 GMT"
        ],
        "Content-Length": [
          "2086"
        ],
        "Content-Type": [
          "application/json; charset=utf-8"
        ],
        "Expires": [
          "-1"
        ]
      },
      "ResponseBody": "{\r\n  \"id\": \"/subscriptions/38304e13-357e-405e-9e9a-220351dcce8c/resourceGroups/iaasvm-pstest-rg/providers/Microsoft.RecoveryServices/vaults/iaasvm-pstest-vault/backupPolicies/testSqlPolicy\",\r\n  \"name\": \"testSqlPolicy\",\r\n  \"type\": \"Microsoft.RecoveryServices/vaults/backupPolicies\",\r\n  \"properties\": {\r\n    \"backupManagementType\": \"AzureWorkload\",\r\n    \"workLoadType\": \"SQLDataBase\",\r\n    \"settings\": {\r\n      \"timeZone\": \"UTC\",\r\n      \"issqlcompression\": true,\r\n      \"isCompression\": true\r\n    },\r\n    \"subProtectionPolicy\": [\r\n      {\r\n        \"policyType\": \"Full\",\r\n        \"schedulePolicy\": {\r\n          \"schedulePolicyType\": \"SimpleSchedulePolicy\",\r\n          \"scheduleRunFrequency\": \"Weekly\",\r\n          \"scheduleRunDays\": [\r\n            \"Sunday\"\r\n          ],\r\n          \"scheduleRunTimes\": [\r\n            \"2024-04-22T21:30:00Z\"\r\n          ],\r\n          \"scheduleWeeklyFrequency\": 0\r\n        },\r\n        \"retentionPolicy\": {\r\n          \"retentionPolicyType\": \"LongTermRetentionPolicy\",\r\n          \"weeklySchedule\": {\r\n            \"daysOfTheWeek\": [\r\n              \"Sunday\"\r\n            ],\r\n            \"retentionTimes\": [\r\n              \"2024-04-22T21:30:00Z\"\r\n            ],\r\n            \"retentionDuration\": {\r\n              \"count\": 104,\r\n              \"durationType\": \"Weeks\"\r\n            }\r\n          },\r\n          \"monthlySchedule\": {\r\n            \"retentionScheduleFormatType\": \"Weekly\",\r\n            \"retentionScheduleWeekly\": {\r\n              \"daysOfTheWeek\": [\r\n                \"Sunday\"\r\n              ],\r\n              \"weeksOfTheMonth\": [\r\n                \"First\"\r\n              ]\r\n            },\r\n            \"retentionTimes\": [\r\n              \"2024-04-22T21:30:00Z\"\r\n            ],\r\n            \"retentionDuration\": {\r\n              \"count\": 60,\r\n              \"durationType\": \"Months\"\r\n            }\r\n          },\r\n          \"yearlySchedule\": {\r\n            \"retentionScheduleFormatType\": \"Weekly\",\r\n            \"monthsOfYear\": [\r\n              \"January\"\r\n            ],\r\n            \"retentionScheduleWeekly\": {\r\n              \"daysOfTheWeek\": [\r\n                \"Sunday\"\r\n              ],\r\n              \"weeksOfTheMonth\": [\r\n                \"First\"\r\n              ]\r\n            },\r\n            \"retentionTimes\": [\r\n              \"2024-04-22T21:30:00Z\"\r\n            ],\r\n            \"retentionDuration\": {\r\n              \"count\": 10,\r\n              \"durationType\": \"Years\"\r\n            }\r\n          }\r\n        },\r\n        \"tieringPolicy\": {\r\n          \"ArchivedRP\": {\r\n            \"tieringMode\": \"DoNotTier\",\r\n            \"duration\": 0,\r\n            \"durationType\": \"Invalid\"\r\n          }\r\n        }\r\n      },\r\n      {\r\n        \"policyType\": \"Differential\",\r\n        \"schedulePolicy\": {\r\n          \"schedulePolicyType\": \"SimpleSchedulePolicy\",\r\n          \"scheduleRunFrequency\": \"Weekly\",\r\n          \"scheduleRunDays\": [\r\n            \"Monday\"\r\n          ],\r\n          \"scheduleRunTimes\": [\r\n            \"2024-04-22T21:30:00Z\"\r\n          ],\r\n          \"scheduleWeeklyFrequency\": 0\r\n        },\r\n        \"retentionPolicy\": {\r\n          \"retentionPolicyType\": \"SimpleRetentionPolicy\",\r\n          \"retentionDuration\": {\r\n            \"count\": 31,\r\n            \"durationType\": \"Days\"\r\n          }\r\n        }\r\n      },\r\n      {\r\n        \"policyType\": \"Log\",\r\n        \"schedulePolicy\": {\r\n          \"schedulePolicyType\": \"LogSchedulePolicy\",\r\n          \"scheduleFrequencyInMins\": 120\r\n        },\r\n        \"retentionPolicy\": {\r\n          \"retentionPolicyType\": \"SimpleRetentionPolicy\",\r\n          \"retentionDuration\": {\r\n            \"count\": 15,\r\n            \"durationType\": \"Days\"\r\n          }\r\n        }\r\n      }\r\n    ],\r\n    \"protectedItemsCount\": 0\r\n  }\r\n}",
      "StatusCode": 200
    },
    {
      "RequestUri": "/subscriptions/38304e13-357e-405e-9e9a-220351dcce8c/resourceGroups/iaasvm-pstest-rg/providers/Microsoft.RecoveryServices/vaults/iaasvm-pstest-vault/backupPolicies/testSqlPolicy?api-version=2024-04-01",
      "EncodedRequestUri": "L3N1YnNjcmlwdGlvbnMvMzgzMDRlMTMtMzU3ZS00MDVlLTllOWEtMjIwMzUxZGNjZThjL3Jlc291cmNlR3JvdXBzL2lhYXN2bS1wc3Rlc3QtcmcvcHJvdmlkZXJzL01pY3Jvc29mdC5SZWNvdmVyeVNlcnZpY2VzL3ZhdWx0cy9pYWFzdm0tcHN0ZXN0LXZhdWx0L2JhY2t1cFBvbGljaWVzL3Rlc3RTcWxQb2xpY3k/YXBpLXZlcnNpb249MjAyNC0wNC0wMQ==",
      "RequestMethod": "PUT",
      "RequestHeaders": {
        "x-ms-client-request-id": [
          "401f630d-9145-48ab-9037-221b364de6df"
        ],
        "Accept-Language": [
          "en-US"
        ],
        "User-Agent": [
          "FxVersion/6.0.2924.17105",
          "OSName/Windows",
          "OSVersion/Microsoft.Windows.10.0.22631",
          "Microsoft.Azure.Management.RecoveryServices.Backup.RecoveryServicesBackupClient/6.8.0"
        ],
        "Content-Type": [
          "application/json; charset=utf-8"
        ],
        "Content-Length": [
          "3316"
        ]
      },
      "RequestBody": "{\r\n  \"properties\": {\r\n    \"backupManagementType\": \"AzureWorkload\",\r\n    \"workLoadType\": \"SQLDataBase\",\r\n    \"settings\": {\r\n      \"timeZone\": \"UTC\",\r\n      \"issqlcompression\": true,\r\n      \"isCompression\": true\r\n    },\r\n    \"subProtectionPolicy\": [\r\n      {\r\n        \"policyType\": \"Full\",\r\n        \"schedulePolicy\": {\r\n          \"schedulePolicyType\": \"SimpleSchedulePolicy\",\r\n          \"scheduleRunFrequency\": \"Weekly\",\r\n          \"scheduleRunDays\": [\r\n            \"Sunday\"\r\n          ],\r\n          \"scheduleRunTimes\": [\r\n            \"2024-04-22T21:30:00Z\"\r\n          ]\r\n        },\r\n        \"retentionPolicy\": {\r\n          \"retentionPolicyType\": \"LongTermRetentionPolicy\",\r\n          \"weeklySchedule\": {\r\n            \"daysOfTheWeek\": [\r\n              \"Sunday\"\r\n            ],\r\n            \"retentionTimes\": [\r\n              \"2024-04-22T21:30:00Z\"\r\n            ],\r\n            \"retentionDuration\": {\r\n              \"count\": 104,\r\n              \"durationType\": \"Weeks\"\r\n            }\r\n          },\r\n          \"monthlySchedule\": {\r\n            \"retentionScheduleFormatType\": \"Weekly\",\r\n            \"retentionScheduleWeekly\": {\r\n              \"daysOfTheWeek\": [\r\n                \"Sunday\"\r\n              ],\r\n              \"weeksOfTheMonth\": [\r\n                \"First\"\r\n              ]\r\n            },\r\n            \"retentionTimes\": [\r\n              \"2024-04-22T21:30:00Z\"\r\n            ],\r\n            \"retentionDuration\": {\r\n              \"count\": 60,\r\n              \"durationType\": \"Months\"\r\n            }\r\n          },\r\n          \"yearlySchedule\": {\r\n            \"retentionScheduleFormatType\": \"Weekly\",\r\n            \"monthsOfYear\": [\r\n              \"January\"\r\n            ],\r\n            \"retentionScheduleWeekly\": {\r\n              \"daysOfTheWeek\": [\r\n                \"Sunday\"\r\n              ],\r\n              \"weeksOfTheMonth\": [\r\n                \"First\"\r\n              ]\r\n            },\r\n            \"retentionTimes\": [\r\n              \"2024-04-22T21:30:00Z\"\r\n            ],\r\n            \"retentionDuration\": {\r\n              \"count\": 10,\r\n              \"durationType\": \"Years\"\r\n            }\r\n          }\r\n        },\r\n        \"tieringPolicy\": {\r\n          \"ArchivedRP\": {\r\n            \"tieringMode\": \"DoNotTier\",\r\n            \"duration\": 0,\r\n            \"durationType\": \"Invalid\"\r\n          }\r\n        }\r\n      },\r\n      {\r\n        \"policyType\": \"Differential\",\r\n        \"schedulePolicy\": {\r\n          \"schedulePolicyType\": \"SimpleSchedulePolicy\",\r\n          \"scheduleRunFrequency\": \"Weekly\",\r\n          \"scheduleRunDays\": [\r\n            \"Monday\"\r\n          ],\r\n          \"scheduleRunTimes\": [\r\n            \"2024-04-22T21:30:00Z\"\r\n          ]\r\n        },\r\n        \"retentionPolicy\": {\r\n          \"retentionPolicyType\": \"SimpleRetentionPolicy\",\r\n          \"retentionDuration\": {\r\n            \"count\": 31,\r\n            \"durationType\": \"Days\"\r\n          }\r\n        }\r\n      },\r\n      {\r\n        \"policyType\": \"Log\",\r\n        \"schedulePolicy\": {\r\n          \"schedulePolicyType\": \"LogSchedulePolicy\",\r\n          \"scheduleFrequencyInMins\": 120\r\n        },\r\n        \"retentionPolicy\": {\r\n          \"retentionPolicyType\": \"SimpleRetentionPolicy\",\r\n          \"retentionDuration\": {\r\n            \"count\": 15,\r\n            \"durationType\": \"Days\"\r\n          }\r\n        }\r\n      }\r\n    ],\r\n    \"makePolicyConsistent\": true\r\n  }\r\n}",
      "ResponseHeaders": {
        "Cache-Control": [
          "no-cache"
        ],
        "Pragma": [
          "no-cache"
        ],
        "X-Content-Type-Options": [
          "nosniff"
        ],
        "x-ms-request-id": [
          "ad4d3c73-9813-473e-9404-21139cf86b88"
        ],
        "x-ms-client-request-id": [
          "401f630d-9145-48ab-9037-221b364de6df"
        ],
        "x-ms-ratelimit-remaining-subscription-writes": [
          "1199"
        ],
        "x-ms-correlation-request-id": [
          "ad4d3c73-9813-473e-9404-21139cf86b88"
        ],
        "x-ms-routing-request-id": [
          "MALAYSIASOUTH:20240422T051547Z:ad4d3c73-9813-473e-9404-21139cf86b88"
        ],
        "Strict-Transport-Security": [
          "max-age=31536000; includeSubDomains"
        ],
        "X-Cache": [
          "CONFIG_NOCACHE"
        ],
        "X-MSEdge-Ref": [
          "Ref A: A340A58DD9F44E30A78A3362E0B125D9 Ref B: MAA201060516011 Ref C: 2024-04-22T05:15:43Z"
        ],
        "Date": [
          "Mon, 22 Apr 2024 05:15:46 GMT"
        ],
        "Content-Length": [
          "2086"
        ],
        "Content-Type": [
          "application/json; charset=utf-8"
        ],
        "Expires": [
          "-1"
        ]
      },
      "ResponseBody": "{\r\n  \"id\": \"/subscriptions/38304e13-357e-405e-9e9a-220351dcce8c/resourceGroups/iaasvm-pstest-rg/providers/Microsoft.RecoveryServices/vaults/iaasvm-pstest-vault/backupPolicies/testSqlPolicy\",\r\n  \"name\": \"testSqlPolicy\",\r\n  \"type\": \"Microsoft.RecoveryServices/vaults/backupPolicies\",\r\n  \"properties\": {\r\n    \"backupManagementType\": \"AzureWorkload\",\r\n    \"workLoadType\": \"SQLDataBase\",\r\n    \"settings\": {\r\n      \"timeZone\": \"UTC\",\r\n      \"issqlcompression\": true,\r\n      \"isCompression\": true\r\n    },\r\n    \"subProtectionPolicy\": [\r\n      {\r\n        \"policyType\": \"Full\",\r\n        \"schedulePolicy\": {\r\n          \"schedulePolicyType\": \"SimpleSchedulePolicy\",\r\n          \"scheduleRunFrequency\": \"Weekly\",\r\n          \"scheduleRunDays\": [\r\n            \"Sunday\"\r\n          ],\r\n          \"scheduleRunTimes\": [\r\n            \"2024-04-22T21:30:00Z\"\r\n          ],\r\n          \"scheduleWeeklyFrequency\": 0\r\n        },\r\n        \"retentionPolicy\": {\r\n          \"retentionPolicyType\": \"LongTermRetentionPolicy\",\r\n          \"weeklySchedule\": {\r\n            \"daysOfTheWeek\": [\r\n              \"Sunday\"\r\n            ],\r\n            \"retentionTimes\": [\r\n              \"2024-04-22T21:30:00Z\"\r\n            ],\r\n            \"retentionDuration\": {\r\n              \"count\": 104,\r\n              \"durationType\": \"Weeks\"\r\n            }\r\n          },\r\n          \"monthlySchedule\": {\r\n            \"retentionScheduleFormatType\": \"Weekly\",\r\n            \"retentionScheduleWeekly\": {\r\n              \"daysOfTheWeek\": [\r\n                \"Sunday\"\r\n              ],\r\n              \"weeksOfTheMonth\": [\r\n                \"First\"\r\n              ]\r\n            },\r\n            \"retentionTimes\": [\r\n              \"2024-04-22T21:30:00Z\"\r\n            ],\r\n            \"retentionDuration\": {\r\n              \"count\": 60,\r\n              \"durationType\": \"Months\"\r\n            }\r\n          },\r\n          \"yearlySchedule\": {\r\n            \"retentionScheduleFormatType\": \"Weekly\",\r\n            \"monthsOfYear\": [\r\n              \"January\"\r\n            ],\r\n            \"retentionScheduleWeekly\": {\r\n              \"daysOfTheWeek\": [\r\n                \"Sunday\"\r\n              ],\r\n              \"weeksOfTheMonth\": [\r\n                \"First\"\r\n              ]\r\n            },\r\n            \"retentionTimes\": [\r\n              \"2024-04-22T21:30:00Z\"\r\n            ],\r\n            \"retentionDuration\": {\r\n              \"count\": 10,\r\n              \"durationType\": \"Years\"\r\n            }\r\n          }\r\n        },\r\n        \"tieringPolicy\": {\r\n          \"ArchivedRP\": {\r\n            \"tieringMode\": \"DoNotTier\",\r\n            \"duration\": 0,\r\n            \"durationType\": \"Invalid\"\r\n          }\r\n        }\r\n      },\r\n      {\r\n        \"policyType\": \"Differential\",\r\n        \"schedulePolicy\": {\r\n          \"schedulePolicyType\": \"SimpleSchedulePolicy\",\r\n          \"scheduleRunFrequency\": \"Weekly\",\r\n          \"scheduleRunDays\": [\r\n            \"Monday\"\r\n          ],\r\n          \"scheduleRunTimes\": [\r\n            \"2024-04-22T21:30:00Z\"\r\n          ],\r\n          \"scheduleWeeklyFrequency\": 0\r\n        },\r\n        \"retentionPolicy\": {\r\n          \"retentionPolicyType\": \"SimpleRetentionPolicy\",\r\n          \"retentionDuration\": {\r\n            \"count\": 31,\r\n            \"durationType\": \"Days\"\r\n          }\r\n        }\r\n      },\r\n      {\r\n        \"policyType\": \"Log\",\r\n        \"schedulePolicy\": {\r\n          \"schedulePolicyType\": \"LogSchedulePolicy\",\r\n          \"scheduleFrequencyInMins\": 120\r\n        },\r\n        \"retentionPolicy\": {\r\n          \"retentionPolicyType\": \"SimpleRetentionPolicy\",\r\n          \"retentionDuration\": {\r\n            \"count\": 15,\r\n            \"durationType\": \"Days\"\r\n          }\r\n        }\r\n      }\r\n    ],\r\n    \"protectedItemsCount\": 0\r\n  }\r\n}",
      "StatusCode": 200
    },
    {
      "RequestUri": "/subscriptions/38304e13-357e-405e-9e9a-220351dcce8c/resourceGroups/iaasvm-pstest-rg/providers/Microsoft.RecoveryServices/vaults/iaasvm-pstest-vault/backupResourceGuardProxies?api-version=2024-04-01",
      "EncodedRequestUri": "L3N1YnNjcmlwdGlvbnMvMzgzMDRlMTMtMzU3ZS00MDVlLTllOWEtMjIwMzUxZGNjZThjL3Jlc291cmNlR3JvdXBzL2lhYXN2bS1wc3Rlc3QtcmcvcHJvdmlkZXJzL01pY3Jvc29mdC5SZWNvdmVyeVNlcnZpY2VzL3ZhdWx0cy9pYWFzdm0tcHN0ZXN0LXZhdWx0L2JhY2t1cFJlc291cmNlR3VhcmRQcm94aWVzP2FwaS12ZXJzaW9uPTIwMjQtMDQtMDE=",
      "RequestMethod": "GET",
      "RequestHeaders": {
        "x-ms-client-request-id": [
          "b601782c-6cb1-405c-8c63-9e01ad07b620"
        ],
        "Accept-Language": [
          "en-US"
        ],
        "User-Agent": [
          "FxVersion/6.0.2924.17105",
          "OSName/Windows",
          "OSVersion/Microsoft.Windows.10.0.22631",
          "Microsoft.Azure.Management.RecoveryServices.Backup.RecoveryServicesBackupClient/6.8.0"
        ]
      },
      "RequestBody": "",
      "ResponseHeaders": {
        "Cache-Control": [
          "no-cache"
        ],
        "Pragma": [
          "no-cache"
        ],
        "X-Content-Type-Options": [
          "nosniff"
        ],
        "x-ms-request-id": [
          "be543365-43e8-48dd-b2c0-cebdda85924e"
        ],
        "x-ms-client-request-id": [
          "b601782c-6cb1-405c-8c63-9e01ad07b620"
        ],
        "x-ms-ratelimit-remaining-subscription-reads": [
          "11999"
        ],
        "x-ms-correlation-request-id": [
          "be543365-43e8-48dd-b2c0-cebdda85924e"
        ],
        "x-ms-routing-request-id": [
          "SOUTHEASTASIA:20240422T051538Z:be543365-43e8-48dd-b2c0-cebdda85924e"
        ],
        "Strict-Transport-Security": [
          "max-age=31536000; includeSubDomains"
        ],
        "X-Cache": [
          "CONFIG_NOCACHE"
        ],
        "X-MSEdge-Ref": [
          "Ref A: AE14F99E61924512B1FA0C7CB4BABE47 Ref B: MAA201060516037 Ref C: 2024-04-22T05:15:37Z"
        ],
        "Date": [
          "Mon, 22 Apr 2024 05:15:38 GMT"
        ],
        "Content-Length": [
          "12"
        ],
        "Content-Type": [
          "application/json; charset=utf-8"
        ],
        "Expires": [
          "-1"
        ]
      },
      "ResponseBody": "{\r\n  \"value\": []\r\n}",
      "StatusCode": 200
    },
    {
      "RequestUri": "/subscriptions/38304e13-357e-405e-9e9a-220351dcce8c/resourceGroups/iaasvm-pstest-rg/providers/Microsoft.RecoveryServices/vaults/iaasvm-pstest-vault/backupPolicies/testSqlPolicy?api-version=2024-04-01",
      "EncodedRequestUri": "L3N1YnNjcmlwdGlvbnMvMzgzMDRlMTMtMzU3ZS00MDVlLTllOWEtMjIwMzUxZGNjZThjL3Jlc291cmNlR3JvdXBzL2lhYXN2bS1wc3Rlc3QtcmcvcHJvdmlkZXJzL01pY3Jvc29mdC5SZWNvdmVyeVNlcnZpY2VzL3ZhdWx0cy9pYWFzdm0tcHN0ZXN0LXZhdWx0L2JhY2t1cFBvbGljaWVzL3Rlc3RTcWxQb2xpY3k/YXBpLXZlcnNpb249MjAyNC0wNC0wMQ==",
      "RequestMethod": "DELETE",
      "RequestHeaders": {
        "x-ms-client-request-id": [
          "951febf1-784b-482d-95bb-2da9286571ae"
        ],
        "Accept-Language": [
          "en-US"
        ],
        "User-Agent": [
          "FxVersion/6.0.2924.17105",
          "OSName/Windows",
          "OSVersion/Microsoft.Windows.10.0.22631",
          "Microsoft.Azure.Management.RecoveryServices.Backup.RecoveryServicesBackupClient/6.8.0"
        ]
      },
      "RequestBody": "",
      "ResponseHeaders": {
        "Cache-Control": [
          "no-cache"
        ],
        "Pragma": [
          "no-cache"
        ],
        "X-Content-Type-Options": [
          "nosniff"
        ],
        "x-ms-request-id": [
          "f36470f2-a822-45b2-ade4-634025d34586"
        ],
        "x-ms-client-request-id": [
          "951febf1-784b-482d-95bb-2da9286571ae"
        ],
        "x-ms-ratelimit-remaining-subscription-deletes": [
          "14999"
        ],
        "x-ms-correlation-request-id": [
          "f36470f2-a822-45b2-ade4-634025d34586"
        ],
        "x-ms-routing-request-id": [
          "SOUTHEASTASIA:20240422T051549Z:f36470f2-a822-45b2-ade4-634025d34586"
        ],
        "Strict-Transport-Security": [
          "max-age=31536000; includeSubDomains"
        ],
        "X-Cache": [
          "CONFIG_NOCACHE"
        ],
        "X-MSEdge-Ref": [
          "Ref A: 07D763D24E8347EBAF95185CFA6D3B66 Ref B: MAA201060513033 Ref C: 2024-04-22T05:15:48Z"
        ],
        "Date": [
          "Mon, 22 Apr 2024 05:15:49 GMT"
        ],
        "Expires": [
          "-1"
        ],
        "Content-Length": [
          "0"
        ]
      },
      "ResponseBody": "",
      "StatusCode": 200
    },
    {
      "RequestUri": "/subscriptions/38304e13-357e-405e-9e9a-220351dcce8c/resourceGroups/iaasvm-pstest-rg/providers/Microsoft.RecoveryServices/vaults/iaasvm-pstest-vault/backupPolicies?$filter=backupManagementType%20eq%20'AzureWorkload'&api-version=2024-04-01",
      "EncodedRequestUri": "L3N1YnNjcmlwdGlvbnMvMzgzMDRlMTMtMzU3ZS00MDVlLTllOWEtMjIwMzUxZGNjZThjL3Jlc291cmNlR3JvdXBzL2lhYXN2bS1wc3Rlc3QtcmcvcHJvdmlkZXJzL01pY3Jvc29mdC5SZWNvdmVyeVNlcnZpY2VzL3ZhdWx0cy9pYWFzdm0tcHN0ZXN0LXZhdWx0L2JhY2t1cFBvbGljaWVzPyRmaWx0ZXI9YmFja3VwTWFuYWdlbWVudFR5cGUlMjBlcSUyMCdBenVyZVdvcmtsb2FkJyZhcGktdmVyc2lvbj0yMDI0LTA0LTAx",
      "RequestMethod": "GET",
      "RequestHeaders": {
        "x-ms-client-request-id": [
          "d21c7150-bf10-45f0-94fc-b815dadec088"
        ],
        "Accept-Language": [
          "en-US"
        ],
        "User-Agent": [
          "FxVersion/6.0.2924.17105",
          "OSName/Windows",
          "OSVersion/Microsoft.Windows.10.0.22631",
          "Microsoft.Azure.Management.RecoveryServices.Backup.RecoveryServicesBackupClient/6.8.0"
        ]
      },
      "RequestBody": "",
      "ResponseHeaders": {
        "Cache-Control": [
          "no-cache"
        ],
        "Pragma": [
          "no-cache"
        ],
        "X-Content-Type-Options": [
          "nosniff"
        ],
        "x-ms-request-id": [
          "b9b7b082-e03c-4b27-8213-63e5dc57b227"
        ],
        "x-ms-client-request-id": [
          "d21c7150-bf10-45f0-94fc-b815dadec088"
        ],
        "x-ms-ratelimit-remaining-subscription-resource-requests": [
          "299"
        ],
        "x-ms-correlation-request-id": [
          "b9b7b082-e03c-4b27-8213-63e5dc57b227"
        ],
        "x-ms-routing-request-id": [
          "SOUTHEASTASIA:20240422T051551Z:b9b7b082-e03c-4b27-8213-63e5dc57b227"
        ],
        "Strict-Transport-Security": [
          "max-age=31536000; includeSubDomains"
        ],
        "X-Cache": [
          "CONFIG_NOCACHE"
        ],
        "X-MSEdge-Ref": [
          "Ref A: 24E1924C71DE4DFCAF492F5A7B8F0D6F Ref B: MAA201060513045 Ref C: 2024-04-22T05:15:49Z"
        ],
        "Date": [
          "Mon, 22 Apr 2024 05:15:50 GMT"
        ],
        "Content-Length": [
          "1092"
        ],
        "Content-Type": [
          "application/json; charset=utf-8"
        ],
        "Expires": [
          "-1"
        ]
      },
      "ResponseBody": "{\r\n  \"value\": [\r\n    {\r\n      \"id\": \"/subscriptions/38304e13-357e-405e-9e9a-220351dcce8c/resourceGroups/iaasvm-pstest-rg/providers/Microsoft.RecoveryServices/vaults/iaasvm-pstest-vault/backupPolicies/HourlyLogBackup\",\r\n      \"name\": \"HourlyLogBackup\",\r\n      \"type\": \"Microsoft.RecoveryServices/vaults/backupPolicies\",\r\n      \"properties\": {\r\n        \"backupManagementType\": \"AzureWorkload\",\r\n        \"workLoadType\": \"SQLDataBase\",\r\n        \"settings\": {\r\n          \"timeZone\": \"UTC\",\r\n          \"issqlcompression\": false,\r\n          \"isCompression\": false\r\n        },\r\n        \"subProtectionPolicy\": [\r\n          {\r\n            \"policyType\": \"Full\",\r\n            \"schedulePolicy\": {\r\n              \"schedulePolicyType\": \"SimpleSchedulePolicy\",\r\n              \"scheduleRunFrequency\": \"Daily\",\r\n              \"scheduleRunTimes\": [\r\n                \"2022-08-11T21:00:00Z\"\r\n              ],\r\n              \"scheduleWeeklyFrequency\": 0\r\n            },\r\n            \"retentionPolicy\": {\r\n              \"retentionPolicyType\": \"LongTermRetentionPolicy\",\r\n              \"dailySchedule\": {\r\n                \"retentionTimes\": [\r\n                  \"2022-08-11T21:00:00Z\"\r\n                ],\r\n                \"retentionDuration\": {\r\n                  \"count\": 30,\r\n                  \"durationType\": \"Days\"\r\n                }\r\n              }\r\n            }\r\n          },\r\n          {\r\n            \"policyType\": \"Log\",\r\n            \"schedulePolicy\": {\r\n              \"schedulePolicyType\": \"LogSchedulePolicy\",\r\n              \"scheduleFrequencyInMins\": 60\r\n            },\r\n            \"retentionPolicy\": {\r\n              \"retentionPolicyType\": \"SimpleRetentionPolicy\",\r\n              \"retentionDuration\": {\r\n                \"count\": 30,\r\n                \"durationType\": \"Days\"\r\n              }\r\n            }\r\n          }\r\n        ],\r\n        \"protectedItemsCount\": 0\r\n      }\r\n    }\r\n  ]\r\n}",
      "StatusCode": 200
    }
  ],
  "Names": {},
  "Variables": {
    "SubscriptionId": "38304e13-357e-405e-9e9a-220351dcce8c"
  }
}