{
  "Entries": [
    {
      "RequestUri": "/subscriptions/38304e13-357e-405e-9e9a-220351dcce8c/resourceGroups/hiagarg/providers/Microsoft.RecoveryServices/vaults/hiaga-zrs-vault?api-version=2024-04-01",
      "EncodedRequestUri": "L3N1YnNjcmlwdGlvbnMvMzgzMDRlMTMtMzU3ZS00MDVlLTllOWEtMjIwMzUxZGNjZThjL3Jlc291cmNlR3JvdXBzL2hpYWdhcmcvcHJvdmlkZXJzL01pY3Jvc29mdC5SZWNvdmVyeVNlcnZpY2VzL3ZhdWx0cy9oaWFnYS16cnMtdmF1bHQ/YXBpLXZlcnNpb249MjAyNC0wNC0wMQ==",
      "RequestMethod": "GET",
      "RequestHeaders": {
        "Accept-Language": [
          "en-US"
        ],
        "x-ms-client-request-id": [
          "2dc4aedc-7c44-4f36-8c23-e68d3152e2d7"
        ],
        "User-Agent": [
          "FxVersion/8.0.1525.16413",
          "OSName/Windows",
          "OSVersion/Microsoft.Windows.10.0.26100",
          "Microsoft.Azure.Management.RecoveryServices.RecoveryServicesClient/7.7.0"
        ]
      },
      "RequestBody": "",
      "ResponseHeaders": {
        "Cache-Control": [
          "no-cache"
        ],
        "Pragma": [
          "no-cache"
        ],
        "x-ms-ratelimit-remaining-subscription-reads": [
          "1099"
        ],
        "X-Content-Type-Options": [
          "nosniff"
        ],
        "x-ms-request-id": [
          "c5a2bd84-472c-4d06-aa8d-fe3af35b798c"
        ],
        "x-ms-client-request-id": [
          "2dc4aedc-7c44-4f36-8c23-e68d3152e2d7"
        ],
        "x-ms-ratelimit-remaining-subscription-global-reads": [
          "16499"
        ],
        "x-ms-correlation-request-id": [
          "c5a2bd84-472c-4d06-aa8d-fe3af35b798c"
        ],
        "x-ms-routing-request-id": [
          "WESTINDIA:20250506T173522Z:c5a2bd84-472c-4d06-aa8d-fe3af35b798c"
        ],
        "Strict-Transport-Security": [
          "max-age=31536000; includeSubDomains"
        ],
        "X-Cache": [
          "CONFIG_NOCACHE"
        ],
        "X-MSEdge-Ref": [
          "Ref A: 58162FA69E1D40CCBAF2CDED486CFC77 Ref B: MAA201060515023 Ref C: 2025-05-06T17:35:22Z"
        ],
        "Date": [
          "Tue, 06 May 2025 17:35:22 GMT"
        ],
        "Content-Length": [
          "1030"
        ],
        "Content-Type": [
          "application/json; charset=utf-8"
        ],
        "Expires": [
          "-1"
        ]
      },
      "ResponseBody": "{\r\n  \"location\": \"eastus\",\r\n  \"name\": \"hiaga-zrs-vault\",\r\n  \"etag\": \"W/\\\"datetime'2025-05-01T12%3A47%3A59.8645489Z'\\\"\",\r\n  \"tags\": {\r\n    \"MABUsed\": \"yes\",\r\n    \"Purpose\": \"testing\",\r\n    \"Owner\": \"hiaga\",\r\n    \"DeleteBy\": \"01-2099\"\r\n  },\r\n  \"properties\": {\r\n    \"provisioningState\": \"Succeeded\",\r\n    \"privateEndpointStateForBackup\": \"None\",\r\n    \"privateEndpointStateForSiteRecovery\": \"None\",\r\n    \"backupStorageVersion\": \"V1\",\r\n    \"securitySettings\": {\r\n      \"softDeleteSettings\": {\r\n        \"softDeleteRetentionPeriodInDays\": 14,\r\n        \"softDeleteState\": \"Enabled\",\r\n        \"enhancedSecurityState\": \"Enabled\"\r\n      },\r\n      \"multiUserAuthorization\": \"Disabled\"\r\n    },\r\n    \"redundancySettings\": {\r\n      \"standardTierStorageRedundancy\": \"ZoneRedundant\",\r\n      \"crossRegionRestore\": \"Disabled\"\r\n    },\r\n    \"secureScore\": \"None\",\r\n    \"bcdrSecurityLevel\": \"Poor\",\r\n    \"publicNetworkAccess\": \"Enabled\",\r\n    \"restoreSettings\": {\r\n      \"crossSubscriptionRestoreSettings\": {\r\n        \"crossSubscriptionRestoreState\": \"Enabled\"\r\n      }\r\n    }\r\n  },\r\n  \"id\": \"/subscriptions/38304e13-357e-405e-9e9a-220351dcce8c/resourceGroups/hiagarg/providers/Microsoft.RecoveryServices/vaults/hiaga-zrs-vault\",\r\n  \"type\": \"Microsoft.RecoveryServices/vaults\",\r\n  \"sku\": {\r\n    \"name\": \"RS0\",\r\n    \"tier\": \"Standard\"\r\n  }\r\n}",
      "StatusCode": 200
    },
    {
      "RequestUri": "/subscriptions/38304e13-357e-405e-9e9a-220351dcce8c/resourceGroups/hiagarg/providers/Microsoft.RecoveryServices/vaults/hiaga-zrs-vault/backupPolicies/vm-pstest-utc-policy?api-version=2025-02-01",
      "EncodedRequestUri": "L3N1YnNjcmlwdGlvbnMvMzgzMDRlMTMtMzU3ZS00MDVlLTllOWEtMjIwMzUxZGNjZThjL3Jlc291cmNlR3JvdXBzL2hpYWdhcmcvcHJvdmlkZXJzL01pY3Jvc29mdC5SZWNvdmVyeVNlcnZpY2VzL3ZhdWx0cy9oaWFnYS16cnMtdmF1bHQvYmFja3VwUG9saWNpZXMvdm0tcHN0ZXN0LXV0Yy1wb2xpY3k/YXBpLXZlcnNpb249MjAyNS0wMi0wMQ==",
      "RequestMethod": "GET",
      "RequestHeaders": {
        "Accept-Language": [
          "en-US"
        ],
        "x-ms-client-request-id": [
          "b8e61b4c-ce57-4e04-8479-6e92e8b0f9da"
        ],
        "User-Agent": [
          "FxVersion/8.0.1525.16413",
          "OSName/Windows",
          "OSVersion/Microsoft.Windows.10.0.26100",
          "Microsoft.Azure.Management.RecoveryServices.Backup.RecoveryServicesBackupClient/7.7.0"
        ]
      },
      "RequestBody": "",
      "ResponseHeaders": {
        "Cache-Control": [
          "no-cache"
        ],
        "Pragma": [
          "no-cache"
        ],
        "x-ms-operation-identifier": [
          "tenantId=72f988bf-86f1-41af-91ab-2d7cd011db47,objectId=72102622-0586-43fb-93d9-ab5dd29cabcc/westindia/fc20bb22-7b2d-4ce5-ac5f-060daae1a210"
        ],
        "X-Content-Type-Options": [
          "nosniff"
        ],
        "x-ms-request-id": [
          "69ea484b-a941-4911-bae4-a77af2a094fc"
        ],
        "x-ms-client-request-id": [
          "b8e61b4c-ce57-4e04-8479-6e92e8b0f9da"
        ],
        "x-ms-ratelimit-remaining-subscription-resource-requests": [
          "299"
        ],
        "x-ms-correlation-request-id": [
          "69ea484b-a941-4911-bae4-a77af2a094fc"
        ],
        "x-ms-routing-request-id": [
          "WESTINDIA:20250506T173523Z:69ea484b-a941-4911-bae4-a77af2a094fc"
        ],
        "Strict-Transport-Security": [
          "max-age=31536000; includeSubDomains"
        ],
        "X-Cache": [
          "CONFIG_NOCACHE"
        ],
        "X-MSEdge-Ref": [
          "Ref A: C113CD1020A8457DB736738C1AE39038 Ref B: MAA201060516029 Ref C: 2025-05-06T17:35:22Z"
        ],
        "Date": [
          "Tue, 06 May 2025 17:35:23 GMT"
        ],
        "Content-Length": [
          "2"
        ],
        "Content-Type": [
          "application/json"
        ],
        "Expires": [
          "-1"
        ]
      },
      "ResponseBody": "{}",
      "StatusCode": 404
    },
    {
      "RequestUri": "/subscriptions/38304e13-357e-405e-9e9a-220351dcce8c/resourceGroups/hiagarg/providers/Microsoft.RecoveryServices/vaults/hiaga-zrs-vault/backupPolicies/vm-pstest-utc-policy?api-version=2025-02-01",
      "EncodedRequestUri": "L3N1YnNjcmlwdGlvbnMvMzgzMDRlMTMtMzU3ZS00MDVlLTllOWEtMjIwMzUxZGNjZThjL3Jlc291cmNlR3JvdXBzL2hpYWdhcmcvcHJvdmlkZXJzL01pY3Jvc29mdC5SZWNvdmVyeVNlcnZpY2VzL3ZhdWx0cy9oaWFnYS16cnMtdmF1bHQvYmFja3VwUG9saWNpZXMvdm0tcHN0ZXN0LXV0Yy1wb2xpY3k/YXBpLXZlcnNpb249MjAyNS0wMi0wMQ==",
      "RequestMethod": "GET",
      "RequestHeaders": {
        "Accept-Language": [
          "en-US"
        ],
        "x-ms-client-request-id": [
          "b8e61b4c-ce57-4e04-8479-6e92e8b0f9da"
        ],
        "User-Agent": [
          "FxVersion/8.0.1525.16413",
          "OSName/Windows",
          "OSVersion/Microsoft.Windows.10.0.26100",
          "Microsoft.Azure.Management.RecoveryServices.Backup.RecoveryServicesBackupClient/7.7.0"
        ]
      },
      "RequestBody": "",
      "ResponseHeaders": {
        "Cache-Control": [
          "no-cache"
        ],
        "Pragma": [
          "no-cache"
        ],
        "X-Content-Type-Options": [
          "nosniff"
        ],
        "x-ms-request-id": [
          "56e49339-f42d-463a-833b-c6c8b21d985b"
        ],
        "x-ms-client-request-id": [
          "b8e61b4c-ce57-4e04-8479-6e92e8b0f9da"
        ],
        "x-ms-operation-identifier": [
          "tenantId=72f988bf-86f1-41af-91ab-2d7cd011db47,objectId=72102622-0586-43fb-93d9-ab5dd29cabcc/westindia/a0b600c9-5d8e-426a-bfa8-e51061dfeda7"
        ],
        "x-ms-ratelimit-remaining-subscription-resource-requests": [
          "298"
        ],
        "x-ms-correlation-request-id": [
          "56e49339-f42d-463a-833b-c6c8b21d985b"
        ],
        "x-ms-routing-request-id": [
          "WESTINDIA:20250506T173527Z:56e49339-f42d-463a-833b-c6c8b21d985b"
        ],
        "Strict-Transport-Security": [
          "max-age=31536000; includeSubDomains"
        ],
        "X-Cache": [
          "CONFIG_NOCACHE"
        ],
        "X-MSEdge-Ref": [
          "Ref A: A38FD6EC152F48F08B466526FBA2D069 Ref B: MAA201060516029 Ref C: 2025-05-06T17:35:26Z"
        ],
        "Date": [
          "Tue, 06 May 2025 17:35:26 GMT"
        ],
        "Content-Length": [
          "1254"
        ],
        "Content-Type": [
          "application/json; charset=utf-8"
        ],
        "Expires": [
          "-1"
        ]
      },
      "ResponseBody": "{\r\n  \"id\": \"/subscriptions/38304e13-357e-405e-9e9a-220351dcce8c/resourceGroups/hiagarg/providers/Microsoft.RecoveryServices/vaults/hiaga-zrs-vault/backupPolicies/vm-pstest-utc-policy\",\r\n  \"name\": \"vm-pstest-utc-policy\",\r\n  \"type\": \"Microsoft.RecoveryServices/vaults/backupPolicies\",\r\n  \"properties\": {\r\n    \"backupManagementType\": \"AzureIaasVM\",\r\n    \"instantRPDetails\": {},\r\n    \"schedulePolicy\": {\r\n      \"schedulePolicyType\": \"SimpleSchedulePolicy\",\r\n      \"scheduleRunFrequency\": \"Daily\",\r\n      \"scheduleRunTimes\": [\r\n        \"2022-12-26T09:00:00Z\"\r\n      ],\r\n      \"scheduleWeeklyFrequency\": 0\r\n    },\r\n    \"retentionPolicy\": {\r\n      \"retentionPolicyType\": \"LongTermRetentionPolicy\",\r\n      \"dailySchedule\": {\r\n        \"retentionTimes\": [\r\n          \"2022-12-26T09:00:00Z\"\r\n        ],\r\n        \"retentionDuration\": {\r\n          \"count\": 180,\r\n          \"durationType\": \"Days\"\r\n        }\r\n      },\r\n      \"weeklySchedule\": {\r\n        \"daysOfTheWeek\": [\r\n          \"Sunday\"\r\n        ],\r\n        \"retentionTimes\": [\r\n          \"2022-12-26T09:00:00Z\"\r\n        ],\r\n        \"retentionDuration\": {\r\n          \"count\": 10,\r\n          \"durationType\": \"Weeks\"\r\n        }\r\n      },\r\n      \"monthlySchedule\": {\r\n        \"retentionScheduleFormatType\": \"Weekly\",\r\n        \"retentionScheduleWeekly\": {\r\n          \"daysOfTheWeek\": [\r\n            \"Sunday\"\r\n          ],\r\n          \"weeksOfTheMonth\": [\r\n            \"First\"\r\n          ]\r\n        },\r\n        \"retentionTimes\": [\r\n          \"2022-12-26T09:00:00Z\"\r\n        ],\r\n        \"retentionDuration\": {\r\n          \"count\": 60,\r\n          \"durationType\": \"Months\"\r\n        }\r\n      }\r\n    },\r\n    \"tieringPolicy\": {\r\n      \"ArchivedRP\": {\r\n        \"tieringMode\": \"TierRecommended\",\r\n        \"duration\": 0,\r\n        \"durationType\": \"Invalid\"\r\n      }\r\n    },\r\n    \"instantRpRetentionRangeInDays\": 2,\r\n    \"timeZone\": \"UTC\",\r\n    \"protectedItemsCount\": 0\r\n  }\r\n}",
      "StatusCode": 200
    },
    {
      "RequestUri": "/subscriptions/38304e13-357e-405e-9e9a-220351dcce8c/resourceGroups/hiagarg/providers/Microsoft.RecoveryServices/vaults/hiaga-zrs-vault/backupPolicies/vm-pstest-utc-policy?api-version=2025-02-01",
      "EncodedRequestUri": "L3N1YnNjcmlwdGlvbnMvMzgzMDRlMTMtMzU3ZS00MDVlLTllOWEtMjIwMzUxZGNjZThjL3Jlc291cmNlR3JvdXBzL2hpYWdhcmcvcHJvdmlkZXJzL01pY3Jvc29mdC5SZWNvdmVyeVNlcnZpY2VzL3ZhdWx0cy9oaWFnYS16cnMtdmF1bHQvYmFja3VwUG9saWNpZXMvdm0tcHN0ZXN0LXV0Yy1wb2xpY3k/YXBpLXZlcnNpb249MjAyNS0wMi0wMQ==",
      "RequestMethod": "PUT",
      "RequestHeaders": {
        "Accept-Language": [
          "en-US"
        ],
        "x-ms-client-request-id": [
          "b8e61b4c-ce57-4e04-8479-6e92e8b0f9da"
        ],
        "User-Agent": [
          "FxVersion/8.0.1525.16413",
          "OSName/Windows",
          "OSVersion/Microsoft.Windows.10.0.26100",
          "Microsoft.Azure.Management.RecoveryServices.Backup.RecoveryServicesBackupClient/7.7.0"
        ],
        "Content-Type": [
          "application/json; charset=utf-8"
        ],
        "Content-Length": [
          "1463"
        ]
      },
      "RequestBody": "{\r\n  \"properties\": {\r\n    \"backupManagementType\": \"AzureIaasVM\",\r\n    \"schedulePolicy\": {\r\n      \"schedulePolicyType\": \"SimpleSchedulePolicy\",\r\n      \"scheduleRunFrequency\": \"Daily\",\r\n      \"scheduleRunTimes\": [\r\n        \"2022-12-26T09:00:00Z\"\r\n      ]\r\n    },\r\n    \"retentionPolicy\": {\r\n      \"retentionPolicyType\": \"LongTermRetentionPolicy\",\r\n      \"dailySchedule\": {\r\n        \"retentionTimes\": [\r\n          \"2022-12-26T09:00:00Z\"\r\n        ],\r\n        \"retentionDuration\": {\r\n          \"count\": 180,\r\n          \"durationType\": \"Days\"\r\n        }\r\n      },\r\n      \"weeklySchedule\": {\r\n        \"daysOfTheWeek\": [\r\n          \"Sunday\"\r\n        ],\r\n        \"retentionTimes\": [\r\n          \"2022-12-26T09:00:00Z\"\r\n        ],\r\n        \"retentionDuration\": {\r\n          \"count\": 10,\r\n          \"durationType\": \"Weeks\"\r\n        }\r\n      },\r\n      \"monthlySchedule\": {\r\n        \"retentionScheduleFormatType\": \"Weekly\",\r\n        \"retentionScheduleWeekly\": {\r\n          \"daysOfTheWeek\": [\r\n            \"Sunday\"\r\n          ],\r\n          \"weeksOfTheMonth\": [\r\n            \"First\"\r\n          ]\r\n        },\r\n        \"retentionTimes\": [\r\n          \"2022-12-26T09:00:00Z\"\r\n        ],\r\n        \"retentionDuration\": {\r\n          \"count\": 60,\r\n          \"durationType\": \"Months\"\r\n        }\r\n      }\r\n    },\r\n    \"tieringPolicy\": {\r\n      \"ArchivedRP\": {\r\n        \"tieringMode\": \"TierRecommended\"\r\n      }\r\n    },\r\n    \"instantRpRetentionRangeInDays\": 2,\r\n    \"timeZone\": \"UTC\"\r\n  }\r\n}",
      "ResponseHeaders": {
        "Cache-Control": [
          "no-cache"
        ],
        "Pragma": [
          "no-cache"
        ],
        "X-Content-Type-Options": [
          "nosniff"
        ],
        "x-ms-request-id": [
          "561ca6e1-5e9d-4723-a093-89a4753ee674"
        ],
        "x-ms-client-request-id": [
          "b8e61b4c-ce57-4e04-8479-6e92e8b0f9da"
        ],
        "x-ms-operation-identifier": [
          "tenantId=72f988bf-86f1-41af-91ab-2d7cd011db47,objectId=72102622-0586-43fb-93d9-ab5dd29cabcc/westindia/96140cd8-cbe6-4fa9-a59c-0354b487654b"
        ],
        "x-ms-ratelimit-remaining-subscription-writes": [
          "799"
        ],
        "x-ms-ratelimit-remaining-subscription-global-writes": [
          "11999"
        ],
        "x-ms-correlation-request-id": [
          "561ca6e1-5e9d-4723-a093-89a4753ee674"
        ],
        "x-ms-routing-request-id": [
          "WESTINDIA:20250506T173526Z:561ca6e1-5e9d-4723-a093-89a4753ee674"
        ],
        "Strict-Transport-Security": [
          "max-age=31536000; includeSubDomains"
        ],
        "X-Cache": [
          "CONFIG_NOCACHE"
        ],
        "X-MSEdge-Ref": [
          "Ref A: E97D1155C65544F88F73BC25D59F0827 Ref B: MAA201060516029 Ref C: 2025-05-06T17:35:23Z"
        ],
        "Date": [
          "Tue, 06 May 2025 17:35:25 GMT"
        ],
        "Content-Length": [
          "1254"
        ],
        "Content-Type": [
          "application/json; charset=utf-8"
        ],
        "Expires": [
          "-1"
        ]
      },
      "ResponseBody": "{\r\n  \"id\": \"/subscriptions/38304e13-357e-405e-9e9a-220351dcce8c/resourceGroups/hiagarg/providers/Microsoft.RecoveryServices/vaults/hiaga-zrs-vault/backupPolicies/vm-pstest-utc-policy\",\r\n  \"name\": \"vm-pstest-utc-policy\",\r\n  \"type\": \"Microsoft.RecoveryServices/vaults/backupPolicies\",\r\n  \"properties\": {\r\n    \"backupManagementType\": \"AzureIaasVM\",\r\n    \"instantRPDetails\": {},\r\n    \"schedulePolicy\": {\r\n      \"schedulePolicyType\": \"SimpleSchedulePolicy\",\r\n      \"scheduleRunFrequency\": \"Daily\",\r\n      \"scheduleRunTimes\": [\r\n        \"2022-12-26T09:00:00Z\"\r\n      ],\r\n      \"scheduleWeeklyFrequency\": 0\r\n    },\r\n    \"retentionPolicy\": {\r\n      \"retentionPolicyType\": \"LongTermRetentionPolicy\",\r\n      \"dailySchedule\": {\r\n        \"retentionTimes\": [\r\n          \"2022-12-26T09:00:00Z\"\r\n        ],\r\n        \"retentionDuration\": {\r\n          \"count\": 180,\r\n          \"durationType\": \"Days\"\r\n        }\r\n      },\r\n      \"weeklySchedule\": {\r\n        \"daysOfTheWeek\": [\r\n          \"Sunday\"\r\n        ],\r\n        \"retentionTimes\": [\r\n          \"2022-12-26T09:00:00Z\"\r\n        ],\r\n        \"retentionDuration\": {\r\n          \"count\": 10,\r\n          \"durationType\": \"Weeks\"\r\n        }\r\n      },\r\n      \"monthlySchedule\": {\r\n        \"retentionScheduleFormatType\": \"Weekly\",\r\n        \"retentionScheduleWeekly\": {\r\n          \"daysOfTheWeek\": [\r\n            \"Sunday\"\r\n          ],\r\n          \"weeksOfTheMonth\": [\r\n            \"First\"\r\n          ]\r\n        },\r\n        \"retentionTimes\": [\r\n          \"2022-12-26T09:00:00Z\"\r\n        ],\r\n        \"retentionDuration\": {\r\n          \"count\": 60,\r\n          \"durationType\": \"Months\"\r\n        }\r\n      }\r\n    },\r\n    \"tieringPolicy\": {\r\n      \"ArchivedRP\": {\r\n        \"tieringMode\": \"TierRecommended\",\r\n        \"duration\": 0,\r\n        \"durationType\": \"Invalid\"\r\n      }\r\n    },\r\n    \"instantRpRetentionRangeInDays\": 2,\r\n    \"timeZone\": \"UTC\",\r\n    \"protectedItemsCount\": 0\r\n  }\r\n}",
      "StatusCode": 200
    },
    {
      "RequestUri": "/subscriptions/38304e13-357e-405e-9e9a-220351dcce8c/resourceGroups/hiagarg/providers/Microsoft.RecoveryServices/vaults/hiaga-zrs-vault/backupPolicies/vm-pstest-local-policy?api-version=2025-02-01",
      "EncodedRequestUri": "L3N1YnNjcmlwdGlvbnMvMzgzMDRlMTMtMzU3ZS00MDVlLTllOWEtMjIwMzUxZGNjZThjL3Jlc291cmNlR3JvdXBzL2hpYWdhcmcvcHJvdmlkZXJzL01pY3Jvc29mdC5SZWNvdmVyeVNlcnZpY2VzL3ZhdWx0cy9oaWFnYS16cnMtdmF1bHQvYmFja3VwUG9saWNpZXMvdm0tcHN0ZXN0LWxvY2FsLXBvbGljeT9hcGktdmVyc2lvbj0yMDI1LTAyLTAx",
      "RequestMethod": "GET",
      "RequestHeaders": {
        "Accept-Language": [
          "en-US"
        ],
        "x-ms-client-request-id": [
          "dc1ce967-0413-4db9-a6c0-344157653252"
        ],
        "User-Agent": [
          "FxVersion/8.0.1525.16413",
          "OSName/Windows",
          "OSVersion/Microsoft.Windows.10.0.26100",
          "Microsoft.Azure.Management.RecoveryServices.Backup.RecoveryServicesBackupClient/7.7.0"
        ]
      },
      "RequestBody": "",
      "ResponseHeaders": {
        "Cache-Control": [
          "no-cache"
        ],
        "Pragma": [
          "no-cache"
        ],
        "x-ms-operation-identifier": [
          "tenantId=72f988bf-86f1-41af-91ab-2d7cd011db47,objectId=72102622-0586-43fb-93d9-ab5dd29cabcc/westindia/3db439d6-99da-4df7-9bac-8b50cf77d5db"
        ],
        "X-Content-Type-Options": [
          "nosniff"
        ],
        "x-ms-request-id": [
          "63b60603-34c4-409e-9a51-16c8ebf89036"
        ],
        "x-ms-client-request-id": [
          "dc1ce967-0413-4db9-a6c0-344157653252"
        ],
        "x-ms-ratelimit-remaining-subscription-resource-requests": [
          "299"
        ],
        "x-ms-correlation-request-id": [
          "63b60603-34c4-409e-9a51-16c8ebf89036"
        ],
        "x-ms-routing-request-id": [
          "WESTINDIA:20250506T173528Z:63b60603-34c4-409e-9a51-16c8ebf89036"
        ],
        "Strict-Transport-Security": [
          "max-age=31536000; includeSubDomains"
        ],
        "X-Cache": [
          "CONFIG_NOCACHE"
        ],
        "X-MSEdge-Ref": [
          "Ref A: A891015B6CA74F60B037AB4091AB05B4 Ref B: MAA201060515037 Ref C: 2025-05-06T17:35:27Z"
        ],
        "Date": [
          "Tue, 06 May 2025 17:35:27 GMT"
        ],
        "Content-Length": [
          "2"
        ],
        "Content-Type": [
          "application/json"
        ],
        "Expires": [
          "-1"
        ]
      },
      "ResponseBody": "{}",
      "StatusCode": 404
    },
    {
      "RequestUri": "/subscriptions/38304e13-357e-405e-9e9a-220351dcce8c/resourceGroups/hiagarg/providers/Microsoft.RecoveryServices/vaults/hiaga-zrs-vault/backupPolicies/vm-pstest-local-policy?api-version=2025-02-01",
      "EncodedRequestUri": "L3N1YnNjcmlwdGlvbnMvMzgzMDRlMTMtMzU3ZS00MDVlLTllOWEtMjIwMzUxZGNjZThjL3Jlc291cmNlR3JvdXBzL2hpYWdhcmcvcHJvdmlkZXJzL01pY3Jvc29mdC5SZWNvdmVyeVNlcnZpY2VzL3ZhdWx0cy9oaWFnYS16cnMtdmF1bHQvYmFja3VwUG9saWNpZXMvdm0tcHN0ZXN0LWxvY2FsLXBvbGljeT9hcGktdmVyc2lvbj0yMDI1LTAyLTAx",
      "RequestMethod": "GET",
      "RequestHeaders": {
        "Accept-Language": [
          "en-US"
        ],
        "x-ms-client-request-id": [
          "dc1ce967-0413-4db9-a6c0-344157653252"
        ],
        "User-Agent": [
          "FxVersion/8.0.1525.16413",
          "OSName/Windows",
          "OSVersion/Microsoft.Windows.10.0.26100",
          "Microsoft.Azure.Management.RecoveryServices.Backup.RecoveryServicesBackupClient/7.7.0"
        ]
      },
      "RequestBody": "",
      "ResponseHeaders": {
        "Cache-Control": [
          "no-cache"
        ],
        "Pragma": [
          "no-cache"
        ],
        "X-Content-Type-Options": [
          "nosniff"
        ],
        "x-ms-request-id": [
          "deb044e8-303f-4b52-9721-dd62eaaedd7d"
        ],
        "x-ms-client-request-id": [
          "dc1ce967-0413-4db9-a6c0-344157653252"
        ],
        "x-ms-operation-identifier": [
          "tenantId=72f988bf-86f1-41af-91ab-2d7cd011db47,objectId=72102622-0586-43fb-93d9-ab5dd29cabcc/westindia/e0ece441-c28c-4e34-bef1-bbd10aadb0c3"
        ],
        "x-ms-ratelimit-remaining-subscription-resource-requests": [
          "298"
        ],
        "x-ms-correlation-request-id": [
          "deb044e8-303f-4b52-9721-dd62eaaedd7d"
        ],
        "x-ms-routing-request-id": [
          "WESTINDIA:20250506T173531Z:deb044e8-303f-4b52-9721-dd62eaaedd7d"
        ],
        "Strict-Transport-Security": [
          "max-age=31536000; includeSubDomains"
        ],
        "X-Cache": [
          "CONFIG_NOCACHE"
        ],
        "X-MSEdge-Ref": [
          "Ref A: EB93BBC1B52A46DEAB57ADB01A2F935E Ref B: MAA201060515037 Ref C: 2025-05-06T17:35:30Z"
        ],
        "Date": [
          "Tue, 06 May 2025 17:35:31 GMT"
        ],
        "Content-Length": [
          "1267"
        ],
        "Content-Type": [
          "application/json; charset=utf-8"
        ],
        "Expires": [
          "-1"
        ]
      },
      "ResponseBody": "{\r\n  \"id\": \"/subscriptions/38304e13-357e-405e-9e9a-220351dcce8c/resourceGroups/hiagarg/providers/Microsoft.RecoveryServices/vaults/hiaga-zrs-vault/backupPolicies/vm-pstest-local-policy\",\r\n  \"name\": \"vm-pstest-local-policy\",\r\n  \"type\": \"Microsoft.RecoveryServices/vaults/backupPolicies\",\r\n  \"properties\": {\r\n    \"backupManagementType\": \"AzureIaasVM\",\r\n    \"instantRPDetails\": {},\r\n    \"schedulePolicy\": {\r\n      \"schedulePolicyType\": \"SimpleSchedulePolicy\",\r\n      \"scheduleRunFrequency\": \"Daily\",\r\n      \"scheduleRunTimes\": [\r\n        \"2022-12-26T09:00:00Z\"\r\n      ],\r\n      \"scheduleWeeklyFrequency\": 0\r\n    },\r\n    \"retentionPolicy\": {\r\n      \"retentionPolicyType\": \"LongTermRetentionPolicy\",\r\n      \"dailySchedule\": {\r\n        \"retentionTimes\": [\r\n          \"2022-12-26T09:00:00Z\"\r\n        ],\r\n        \"retentionDuration\": {\r\n          \"count\": 180,\r\n          \"durationType\": \"Days\"\r\n        }\r\n      },\r\n      \"weeklySchedule\": {\r\n        \"daysOfTheWeek\": [\r\n          \"Sunday\"\r\n        ],\r\n        \"retentionTimes\": [\r\n          \"2022-12-26T09:00:00Z\"\r\n        ],\r\n        \"retentionDuration\": {\r\n          \"count\": 10,\r\n          \"durationType\": \"Weeks\"\r\n        }\r\n      },\r\n      \"monthlySchedule\": {\r\n        \"retentionScheduleFormatType\": \"Weekly\",\r\n        \"retentionScheduleWeekly\": {\r\n          \"daysOfTheWeek\": [\r\n            \"Sunday\"\r\n          ],\r\n          \"weeksOfTheMonth\": [\r\n            \"First\"\r\n          ]\r\n        },\r\n        \"retentionTimes\": [\r\n          \"2022-12-26T09:00:00Z\"\r\n        ],\r\n        \"retentionDuration\": {\r\n          \"count\": 60,\r\n          \"durationType\": \"Months\"\r\n        }\r\n      }\r\n    },\r\n    \"tieringPolicy\": {\r\n      \"ArchivedRP\": {\r\n        \"tieringMode\": \"TierAfter\",\r\n        \"duration\": 3,\r\n        \"durationType\": \"Months\"\r\n      }\r\n    },\r\n    \"instantRpRetentionRangeInDays\": 2,\r\n    \"timeZone\": \"Tokyo Standard Time\",\r\n    \"protectedItemsCount\": 0\r\n  }\r\n}",
      "StatusCode": 200
    },
    {
      "RequestUri": "/subscriptions/38304e13-357e-405e-9e9a-220351dcce8c/resourceGroups/hiagarg/providers/Microsoft.RecoveryServices/vaults/hiaga-zrs-vault/backupPolicies/vm-pstest-local-policy?api-version=2025-02-01",
      "EncodedRequestUri": "L3N1YnNjcmlwdGlvbnMvMzgzMDRlMTMtMzU3ZS00MDVlLTllOWEtMjIwMzUxZGNjZThjL3Jlc291cmNlR3JvdXBzL2hpYWdhcmcvcHJvdmlkZXJzL01pY3Jvc29mdC5SZWNvdmVyeVNlcnZpY2VzL3ZhdWx0cy9oaWFnYS16cnMtdmF1bHQvYmFja3VwUG9saWNpZXMvdm0tcHN0ZXN0LWxvY2FsLXBvbGljeT9hcGktdmVyc2lvbj0yMDI1LTAyLTAx",
      "RequestMethod": "PUT",
      "RequestHeaders": {
        "Accept-Language": [
          "en-US"
        ],
        "x-ms-client-request-id": [
          "dc1ce967-0413-4db9-a6c0-344157653252"
        ],
        "User-Agent": [
          "FxVersion/8.0.1525.16413",
          "OSName/Windows",
          "OSVersion/Microsoft.Windows.10.0.26100",
          "Microsoft.Azure.Management.RecoveryServices.Backup.RecoveryServicesBackupClient/7.7.0"
        ],
        "Content-Type": [
          "application/json; charset=utf-8"
        ],
        "Content-Length": [
          "1532"
        ]
      },
      "RequestBody": "{\r\n  \"properties\": {\r\n    \"backupManagementType\": \"AzureIaasVM\",\r\n    \"schedulePolicy\": {\r\n      \"schedulePolicyType\": \"SimpleSchedulePolicy\",\r\n      \"scheduleRunFrequency\": \"Daily\",\r\n      \"scheduleRunTimes\": [\r\n        \"2022-12-26T09:00:00Z\"\r\n      ]\r\n    },\r\n    \"retentionPolicy\": {\r\n      \"retentionPolicyType\": \"LongTermRetentionPolicy\",\r\n      \"dailySchedule\": {\r\n        \"retentionTimes\": [\r\n          \"2022-12-26T09:00:00Z\"\r\n        ],\r\n        \"retentionDuration\": {\r\n          \"count\": 180,\r\n          \"durationType\": \"Days\"\r\n        }\r\n      },\r\n      \"weeklySchedule\": {\r\n        \"daysOfTheWeek\": [\r\n          \"Sunday\"\r\n        ],\r\n        \"retentionTimes\": [\r\n          \"2022-12-26T09:00:00Z\"\r\n        ],\r\n        \"retentionDuration\": {\r\n          \"count\": 10,\r\n          \"durationType\": \"Weeks\"\r\n        }\r\n      },\r\n      \"monthlySchedule\": {\r\n        \"retentionScheduleFormatType\": \"Weekly\",\r\n        \"retentionScheduleWeekly\": {\r\n          \"daysOfTheWeek\": [\r\n            \"Sunday\"\r\n          ],\r\n          \"weeksOfTheMonth\": [\r\n            \"First\"\r\n          ]\r\n        },\r\n        \"retentionTimes\": [\r\n          \"2022-12-26T09:00:00Z\"\r\n        ],\r\n        \"retentionDuration\": {\r\n          \"count\": 60,\r\n          \"durationType\": \"Months\"\r\n        }\r\n      }\r\n    },\r\n    \"tieringPolicy\": {\r\n      \"ArchivedRP\": {\r\n        \"tieringMode\": \"TierAfter\",\r\n        \"duration\": 3,\r\n        \"durationType\": \"Months\"\r\n      }\r\n    },\r\n    \"instantRpRetentionRangeInDays\": 2,\r\n    \"timeZone\": \"Tokyo Standard Time\"\r\n  }\r\n}",
      "ResponseHeaders": {
        "Cache-Control": [
          "no-cache"
        ],
        "Pragma": [
          "no-cache"
        ],
        "X-Content-Type-Options": [
          "nosniff"
        ],
        "x-ms-request-id": [
          "562a5457-a6e4-46bb-9763-fbed195e2bc9"
        ],
        "x-ms-client-request-id": [
          "dc1ce967-0413-4db9-a6c0-344157653252"
        ],
        "x-ms-operation-identifier": [
          "tenantId=72f988bf-86f1-41af-91ab-2d7cd011db47,objectId=72102622-0586-43fb-93d9-ab5dd29cabcc/westindia/d9d33a75-dced-4b02-a8e6-f948fb6ef478"
        ],
        "x-ms-ratelimit-remaining-subscription-writes": [
          "799"
        ],
        "x-ms-ratelimit-remaining-subscription-global-writes": [
          "11999"
        ],
        "x-ms-correlation-request-id": [
          "562a5457-a6e4-46bb-9763-fbed195e2bc9"
        ],
        "x-ms-routing-request-id": [
          "WESTINDIA:20250506T173530Z:562a5457-a6e4-46bb-9763-fbed195e2bc9"
        ],
        "Strict-Transport-Security": [
          "max-age=31536000; includeSubDomains"
        ],
        "X-Cache": [
          "CONFIG_NOCACHE"
        ],
        "X-MSEdge-Ref": [
          "Ref A: C65D50D7D19C46D882C59DB6CC51F966 Ref B: MAA201060515037 Ref C: 2025-05-06T17:35:28Z"
        ],
        "Date": [
          "Tue, 06 May 2025 17:35:30 GMT"
        ],
        "Content-Length": [
          "1267"
        ],
        "Content-Type": [
          "application/json; charset=utf-8"
        ],
        "Expires": [
          "-1"
        ]
      },
      "ResponseBody": "{\r\n  \"id\": \"/subscriptions/38304e13-357e-405e-9e9a-220351dcce8c/resourceGroups/hiagarg/providers/Microsoft.RecoveryServices/vaults/hiaga-zrs-vault/backupPolicies/vm-pstest-local-policy\",\r\n  \"name\": \"vm-pstest-local-policy\",\r\n  \"type\": \"Microsoft.RecoveryServices/vaults/backupPolicies\",\r\n  \"properties\": {\r\n    \"backupManagementType\": \"AzureIaasVM\",\r\n    \"instantRPDetails\": {},\r\n    \"schedulePolicy\": {\r\n      \"schedulePolicyType\": \"SimpleSchedulePolicy\",\r\n      \"scheduleRunFrequency\": \"Daily\",\r\n      \"scheduleRunTimes\": [\r\n        \"2022-12-26T09:00:00Z\"\r\n      ],\r\n      \"scheduleWeeklyFrequency\": 0\r\n    },\r\n    \"retentionPolicy\": {\r\n      \"retentionPolicyType\": \"LongTermRetentionPolicy\",\r\n      \"dailySchedule\": {\r\n        \"retentionTimes\": [\r\n          \"2022-12-26T09:00:00Z\"\r\n        ],\r\n        \"retentionDuration\": {\r\n          \"count\": 180,\r\n          \"durationType\": \"Days\"\r\n        }\r\n      },\r\n      \"weeklySchedule\": {\r\n        \"daysOfTheWeek\": [\r\n          \"Sunday\"\r\n        ],\r\n        \"retentionTimes\": [\r\n          \"2022-12-26T09:00:00Z\"\r\n        ],\r\n        \"retentionDuration\": {\r\n          \"count\": 10,\r\n          \"durationType\": \"Weeks\"\r\n        }\r\n      },\r\n      \"monthlySchedule\": {\r\n        \"retentionScheduleFormatType\": \"Weekly\",\r\n        \"retentionScheduleWeekly\": {\r\n          \"daysOfTheWeek\": [\r\n            \"Sunday\"\r\n          ],\r\n          \"weeksOfTheMonth\": [\r\n            \"First\"\r\n          ]\r\n        },\r\n        \"retentionTimes\": [\r\n          \"2022-12-26T09:00:00Z\"\r\n        ],\r\n        \"retentionDuration\": {\r\n          \"count\": 60,\r\n          \"durationType\": \"Months\"\r\n        }\r\n      }\r\n    },\r\n    \"tieringPolicy\": {\r\n      \"ArchivedRP\": {\r\n        \"tieringMode\": \"TierAfter\",\r\n        \"duration\": 3,\r\n        \"durationType\": \"Months\"\r\n      }\r\n    },\r\n    \"instantRpRetentionRangeInDays\": 2,\r\n    \"timeZone\": \"Tokyo Standard Time\",\r\n    \"protectedItemsCount\": 0\r\n  }\r\n}",
      "StatusCode": 200
    },
    {
      "RequestUri": "/subscriptions/38304e13-357e-405e-9e9a-220351dcce8c/resourceGroups/hiagarg/providers/Microsoft.RecoveryServices/vaults/hiaga-zrs-vault/backupPolicies/vm-pstest-utc-policy?api-version=2025-02-01",
      "EncodedRequestUri": "L3N1YnNjcmlwdGlvbnMvMzgzMDRlMTMtMzU3ZS00MDVlLTllOWEtMjIwMzUxZGNjZThjL3Jlc291cmNlR3JvdXBzL2hpYWdhcmcvcHJvdmlkZXJzL01pY3Jvc29mdC5SZWNvdmVyeVNlcnZpY2VzL3ZhdWx0cy9oaWFnYS16cnMtdmF1bHQvYmFja3VwUG9saWNpZXMvdm0tcHN0ZXN0LXV0Yy1wb2xpY3k/YXBpLXZlcnNpb249MjAyNS0wMi0wMQ==",
      "RequestMethod": "DELETE",
      "RequestHeaders": {
        "Accept-Language": [
          "en-US"
        ],
        "x-ms-client-request-id": [
          "526e0d41-10eb-4758-b1e2-9bb5e819bccd"
        ],
        "User-Agent": [
          "FxVersion/8.0.1525.16413",
          "OSName/Windows",
          "OSVersion/Microsoft.Windows.10.0.26100",
          "Microsoft.Azure.Management.RecoveryServices.Backup.RecoveryServicesBackupClient/7.7.0"
        ]
      },
      "RequestBody": "",
      "ResponseHeaders": {
        "Cache-Control": [
          "no-cache"
        ],
        "Pragma": [
          "no-cache"
        ],
        "X-Content-Type-Options": [
          "nosniff"
        ],
        "x-ms-request-id": [
          "7ee3f060-ee57-4642-b91f-18f498edb96c"
        ],
        "x-ms-client-request-id": [
          "526e0d41-10eb-4758-b1e2-9bb5e819bccd"
        ],
        "x-ms-operation-identifier": [
          "tenantId=72f988bf-86f1-41af-91ab-2d7cd011db47,objectId=72102622-0586-43fb-93d9-ab5dd29cabcc/westindia/efc9a6c3-b1c7-4d62-ac39-714c5c1302b6"
        ],
        "x-ms-ratelimit-remaining-subscription-deletes": [
          "799"
        ],
        "x-ms-ratelimit-remaining-subscription-global-deletes": [
          "11999"
        ],
        "x-ms-correlation-request-id": [
          "7ee3f060-ee57-4642-b91f-18f498edb96c"
        ],
        "x-ms-routing-request-id": [
          "WESTINDIA:20250506T173532Z:7ee3f060-ee57-4642-b91f-18f498edb96c"
        ],
        "Strict-Transport-Security": [
          "max-age=31536000; includeSubDomains"
        ],
        "X-Cache": [
          "CONFIG_NOCACHE"
        ],
        "X-MSEdge-Ref": [
          "Ref A: 4018CAA4DE814312BC7F801E8060401D Ref B: MAA201060516033 Ref C: 2025-05-06T17:35:31Z"
        ],
        "Date": [
          "Tue, 06 May 2025 17:35:32 GMT"
        ],
        "Expires": [
          "-1"
        ],
        "Content-Length": [
          "0"
        ]
      },
      "ResponseBody": "",
      "StatusCode": 200
    },
    {
      "RequestUri": "/subscriptions/38304e13-357e-405e-9e9a-220351dcce8c/resourceGroups/hiagarg/providers/Microsoft.RecoveryServices/vaults/hiaga-zrs-vault/backupPolicies/vm-pstest-local-policy?api-version=2025-02-01",
      "EncodedRequestUri": "L3N1YnNjcmlwdGlvbnMvMzgzMDRlMTMtMzU3ZS00MDVlLTllOWEtMjIwMzUxZGNjZThjL3Jlc291cmNlR3JvdXBzL2hpYWdhcmcvcHJvdmlkZXJzL01pY3Jvc29mdC5SZWNvdmVyeVNlcnZpY2VzL3ZhdWx0cy9oaWFnYS16cnMtdmF1bHQvYmFja3VwUG9saWNpZXMvdm0tcHN0ZXN0LWxvY2FsLXBvbGljeT9hcGktdmVyc2lvbj0yMDI1LTAyLTAx",
      "RequestMethod": "DELETE",
      "RequestHeaders": {
        "Accept-Language": [
          "en-US"
        ],
        "x-ms-client-request-id": [
          "30b00744-0832-420f-a645-10015e685d6d"
        ],
        "User-Agent": [
          "FxVersion/8.0.1525.16413",
          "OSName/Windows",
          "OSVersion/Microsoft.Windows.10.0.26100",
          "Microsoft.Azure.Management.RecoveryServices.Backup.RecoveryServicesBackupClient/7.7.0"
        ]
      },
      "RequestBody": "",
      "ResponseHeaders": {
        "Cache-Control": [
          "no-cache"
        ],
        "Pragma": [
          "no-cache"
        ],
        "X-Content-Type-Options": [
          "nosniff"
        ],
        "x-ms-request-id": [
          "3020de8e-eb47-41e1-9359-34e8f03afa1b"
        ],
        "x-ms-client-request-id": [
          "30b00744-0832-420f-a645-10015e685d6d"
        ],
        "x-ms-operation-identifier": [
          "tenantId=72f988bf-86f1-41af-91ab-2d7cd011db47,objectId=72102622-0586-43fb-93d9-ab5dd29cabcc/westindia/4eca5720-9fbf-4fff-8990-168c2275c2c4"
        ],
        "x-ms-ratelimit-remaining-subscription-deletes": [
          "799"
        ],
        "x-ms-ratelimit-remaining-subscription-global-deletes": [
          "11999"
        ],
        "x-ms-correlation-request-id": [
          "3020de8e-eb47-41e1-9359-34e8f03afa1b"
        ],
        "x-ms-routing-request-id": [
          "WESTINDIA:20250506T173534Z:3020de8e-eb47-41e1-9359-34e8f03afa1b"
        ],
        "Strict-Transport-Security": [
          "max-age=31536000; includeSubDomains"
        ],
        "X-Cache": [
          "CONFIG_NOCACHE"
        ],
        "X-MSEdge-Ref": [
          "Ref A: 9C3CF02E68114B74B7200E3419AA0515 Ref B: MAA201060515037 Ref C: 2025-05-06T17:35:33Z"
        ],
        "Date": [
          "Tue, 06 May 2025 17:35:34 GMT"
        ],
        "Expires": [
          "-1"
        ],
        "Content-Length": [
          "0"
        ]
      },
      "ResponseBody": "",
      "StatusCode": 200
    }
  ],
  "Names": {},
  "Variables": {
    "SubscriptionId": "38304e13-357e-405e-9e9a-220351dcce8c"
  }
}