{
  "Entries": [
    {
      "RequestUri": "/subscriptions/38304e13-357e-405e-9e9a-220351dcce8c/resourcegroups/PSTestRG5fbd4c62?api-version=2016-09-01",
      "EncodedRequestUri": "L3N1YnNjcmlwdGlvbnMvMzgzMDRlMTMtMzU3ZS00MDVlLTllOWEtMjIwMzUxZGNjZThjL3Jlc291cmNlZ3JvdXBzL1BTVGVzdFJHNWZiZDRjNjI/YXBpLXZlcnNpb249MjAxNi0wOS0wMQ==",
      "RequestMethod": "GET",
      "RequestBody": "",
      "RequestHeaders": {
        "x-ms-client-request-id": [
          "12536511-9cf4-4e0f-a4a8-fbfb3d02f3ce"
        ],
        "Accept-Language": [
          "en-US"
        ],
        "User-Agent": [
          "FxVersion/4.6.30015.01",
          "OSName/Windows",
          "OSVersion/Microsoft.Windows.10.0.19043.",
          "Microsoft.Azure.Management.Internal.Resources.ResourceManagementClient/1.3.34"
        ]
      },
      "ResponseHeaders": {
        "Cache-Control": [
          "no-cache"
        ],
        "Pragma": [
          "no-cache"
        ],
        "x-ms-failure-cause": [
          "gateway"
        ],
        "x-ms-ratelimit-remaining-subscription-reads": [
          "11999"
        ],
        "x-ms-request-id": [
          "fd6c8e9f-d24a-4fc4-86c0-f183c7454b8e"
        ],
        "x-ms-correlation-request-id": [
          "fd6c8e9f-d24a-4fc4-86c0-f183c7454b8e"
        ],
        "x-ms-routing-request-id": [
          "SOUTHINDIA:20210518T110126Z:fd6c8e9f-d24a-4fc4-86c0-f183c7454b8e"
        ],
        "Strict-Transport-Security": [
          "max-age=31536000; includeSubDomains"
        ],
        "X-Content-Type-Options": [
          "nosniff"
        ],
        "Date": [
          "Tue, 18 May 2021 11:01:25 GMT"
        ],
        "Content-Type": [
          "application/json; charset=utf-8"
        ],
        "Expires": [
          "-1"
        ],
        "Content-Length": [
          "108"
        ]
      },
      "ResponseBody": "{\r\n  \"error\": {\r\n    \"code\": \"ResourceGroupNotFound\",\r\n    \"message\": \"Resource group 'PSTestRG5fbd4c62' could not be found.\"\r\n  }\r\n}",
      "StatusCode": 404
    },
    {
      "RequestUri": "/subscriptions/38304e13-357e-405e-9e9a-220351dcce8c/resourcegroups/PSTestRG5fbd4c62?api-version=2016-09-01",
      "EncodedRequestUri": "L3N1YnNjcmlwdGlvbnMvMzgzMDRlMTMtMzU3ZS00MDVlLTllOWEtMjIwMzUxZGNjZThjL3Jlc291cmNlZ3JvdXBzL1BTVGVzdFJHNWZiZDRjNjI/YXBpLXZlcnNpb249MjAxNi0wOS0wMQ==",
      "RequestMethod": "GET",
      "RequestBody": "",
      "RequestHeaders": {
        "x-ms-client-request-id": [
          "db3b61af-fb85-48af-9a53-65604d9d57b3"
        ],
        "Accept-Language": [
          "en-US"
        ],
        "User-Agent": [
          "FxVersion/4.6.30015.01",
          "OSName/Windows",
          "OSVersion/Microsoft.Windows.10.0.19043.",
          "Microsoft.Azure.Management.Internal.Resources.ResourceManagementClient/1.3.34"
        ]
      },
      "ResponseHeaders": {
        "Cache-Control": [
          "no-cache"
        ],
        "Pragma": [
          "no-cache"
        ],
        "x-ms-ratelimit-remaining-subscription-reads": [
          "11998"
        ],
        "x-ms-request-id": [
          "20d1ee1b-c592-47e8-ac91-488e3f1af937"
        ],
        "x-ms-correlation-request-id": [
          "20d1ee1b-c592-47e8-ac91-488e3f1af937"
        ],
        "x-ms-routing-request-id": [
          "SOUTHINDIA:20210518T110136Z:20d1ee1b-c592-47e8-ac91-488e3f1af937"
        ],
        "Strict-Transport-Security": [
          "max-age=31536000; includeSubDomains"
        ],
        "X-Content-Type-Options": [
          "nosniff"
        ],
        "Date": [
          "Tue, 18 May 2021 11:01:35 GMT"
        ],
        "Content-Type": [
          "application/json; charset=utf-8"
        ],
        "Expires": [
          "-1"
        ],
        "Content-Length": [
          "192"
        ]
      },
      "ResponseBody": "{\r\n  \"id\": \"/subscriptions/38304e13-357e-405e-9e9a-220351dcce8c/resourceGroups/PSTestRG5fbd4c62\",\r\n  \"name\": \"PSTestRG5fbd4c62\",\r\n  \"location\": \"southeastasia\",\r\n  \"properties\": {\r\n    \"provisioningState\": \"Succeeded\"\r\n  }\r\n}",
      "StatusCode": 200
    },
    {
      "RequestUri": "/subscriptions/38304e13-357e-405e-9e9a-220351dcce8c/resourcegroups/PSTestRG5fbd4c62?api-version=2016-09-01",
      "EncodedRequestUri": "L3N1YnNjcmlwdGlvbnMvMzgzMDRlMTMtMzU3ZS00MDVlLTllOWEtMjIwMzUxZGNjZThjL3Jlc291cmNlZ3JvdXBzL1BTVGVzdFJHNWZiZDRjNjI/YXBpLXZlcnNpb249MjAxNi0wOS0wMQ==",
      "RequestMethod": "PUT",
      "RequestBody": "{\r\n  \"location\": \"southeastasia\"\r\n}",
      "RequestHeaders": {
        "x-ms-client-request-id": [
          "18318efe-f0a0-4024-b91b-6d918743af4a"
        ],
        "Accept-Language": [
          "en-US"
        ],
        "User-Agent": [
          "FxVersion/4.6.30015.01",
          "OSName/Windows",
          "OSVersion/Microsoft.Windows.10.0.19043.",
          "Microsoft.Azure.Management.Internal.Resources.ResourceManagementClient/1.3.34"
        ],
        "Content-Type": [
          "application/json; charset=utf-8"
        ],
        "Content-Length": [
          "35"
        ]
      },
      "ResponseHeaders": {
        "Cache-Control": [
          "no-cache"
        ],
        "Pragma": [
          "no-cache"
        ],
        "x-ms-ratelimit-remaining-subscription-writes": [
          "1199"
        ],
        "x-ms-request-id": [
          "93bece38-42b3-4a06-8b4e-fdcdfd46871b"
        ],
        "x-ms-correlation-request-id": [
          "93bece38-42b3-4a06-8b4e-fdcdfd46871b"
        ],
        "x-ms-routing-request-id": [
          "SOUTHINDIA:20210518T110127Z:93bece38-42b3-4a06-8b4e-fdcdfd46871b"
        ],
        "Strict-Transport-Security": [
          "max-age=31536000; includeSubDomains"
        ],
        "X-Content-Type-Options": [
          "nosniff"
        ],
        "Date": [
          "Tue, 18 May 2021 11:01:26 GMT"
        ],
        "Content-Length": [
          "192"
        ],
        "Content-Type": [
          "application/json; charset=utf-8"
        ],
        "Expires": [
          "-1"
        ]
      },
      "ResponseBody": "{\r\n  \"id\": \"/subscriptions/38304e13-357e-405e-9e9a-220351dcce8c/resourceGroups/PSTestRG5fbd4c62\",\r\n  \"name\": \"PSTestRG5fbd4c62\",\r\n  \"location\": \"southeastasia\",\r\n  \"properties\": {\r\n    \"provisioningState\": \"Succeeded\"\r\n  }\r\n}",
      "StatusCode": 201
    },
    {
      "RequestUri": "/subscriptions/38304e13-357e-405e-9e9a-220351dcce8c/resourceGroups/PSTestRG5fbd4c62/providers/Microsoft.RecoveryServices/vaults/PSTestRSV5fbd4c62?api-version=2016-06-01",
      "EncodedRequestUri": "L3N1YnNjcmlwdGlvbnMvMzgzMDRlMTMtMzU3ZS00MDVlLTllOWEtMjIwMzUxZGNjZThjL3Jlc291cmNlR3JvdXBzL1BTVGVzdFJHNWZiZDRjNjIvcHJvdmlkZXJzL01pY3Jvc29mdC5SZWNvdmVyeVNlcnZpY2VzL3ZhdWx0cy9QU1Rlc3RSU1Y1ZmJkNGM2Mj9hcGktdmVyc2lvbj0yMDE2LTA2LTAx",
      "RequestMethod": "GET",
      "RequestBody": "",
      "RequestHeaders": {
        "x-ms-client-request-id": [
          "b709bcdf-aedc-4ce4-a373-3ad86bbe807b"
        ],
        "Accept-Language": [
          "en-US"
        ],
        "User-Agent": [
          "FxVersion/4.6.30015.01",
          "OSName/Windows",
          "OSVersion/Microsoft.Windows.10.0.19043.",
          "Microsoft.Azure.Management.RecoveryServices.RecoveryServicesClient/4.3.1.0"
        ]
      },
      "ResponseHeaders": {
        "Cache-Control": [
          "no-cache"
        ],
        "Pragma": [
          "no-cache"
        ],
        "x-ms-failure-cause": [
          "gateway"
        ],
        "x-ms-request-id": [
          "c861e2fe-dea8-4d4c-ae09-4d9999d7437f"
        ],
        "x-ms-correlation-request-id": [
          "c861e2fe-dea8-4d4c-ae09-4d9999d7437f"
        ],
        "x-ms-routing-request-id": [
          "SOUTHINDIA:20210518T110127Z:c861e2fe-dea8-4d4c-ae09-4d9999d7437f"
        ],
        "Strict-Transport-Security": [
          "max-age=31536000; includeSubDomains"
        ],
        "X-Content-Type-Options": [
          "nosniff"
        ],
        "Date": [
          "Tue, 18 May 2021 11:01:27 GMT"
        ],
        "Content-Type": [
          "application/json; charset=utf-8"
        ],
        "Expires": [
          "-1"
        ],
        "Content-Length": [
          "239"
        ]
      },
      "ResponseBody": "{\r\n  \"error\": {\r\n    \"code\": \"ResourceNotFound\",\r\n    \"message\": \"The Resource 'Microsoft.RecoveryServices/vaults/PSTestRSV5fbd4c62' under resource group 'PSTestRG5fbd4c62' was not found. For more details please go to https://aka.ms/ARMResourceNotFoundFix\"\r\n  }\r\n}",
      "StatusCode": 404
    },
    {
      "RequestUri": "/subscriptions/38304e13-357e-405e-9e9a-220351dcce8c/resourceGroups/PSTestRG5fbd4c62/providers/Microsoft.RecoveryServices/vaults/PSTestRSV5fbd4c62?api-version=2016-06-01",
      "EncodedRequestUri": "L3N1YnNjcmlwdGlvbnMvMzgzMDRlMTMtMzU3ZS00MDVlLTllOWEtMjIwMzUxZGNjZThjL3Jlc291cmNlR3JvdXBzL1BTVGVzdFJHNWZiZDRjNjIvcHJvdmlkZXJzL01pY3Jvc29mdC5SZWNvdmVyeVNlcnZpY2VzL3ZhdWx0cy9QU1Rlc3RSU1Y1ZmJkNGM2Mj9hcGktdmVyc2lvbj0yMDE2LTA2LTAx",
      "RequestMethod": "PUT",
      "RequestBody": "{\r\n  \"properties\": {},\r\n  \"sku\": {\r\n    \"name\": \"Standard\"\r\n  },\r\n  \"location\": \"southeastasia\"\r\n}",
      "RequestHeaders": {
        "x-ms-client-request-id": [
          "9d5365da-4c47-4240-8173-b9d9a1837519"
        ],
        "Accept-Language": [
          "en-US"
        ],
        "User-Agent": [
          "FxVersion/4.6.30015.01",
          "OSName/Windows",
          "OSVersion/Microsoft.Windows.10.0.19043.",
          "Microsoft.Azure.Management.RecoveryServices.RecoveryServicesClient/4.3.1.0"
        ],
        "Content-Type": [
          "application/json; charset=utf-8"
        ],
        "Content-Length": [
          "98"
        ]
      },
      "ResponseHeaders": {
        "Cache-Control": [
          "no-cache"
        ],
        "Pragma": [
          "no-cache"
        ],
        "X-Content-Type-Options": [
          "nosniff"
        ],
        "x-ms-request-id": [
          "d66e0987-262b-485c-aa68-7e57351a04e3"
        ],
        "x-ms-client-request-id": [
          "9d5365da-4c47-4240-8173-b9d9a1837519"
        ],
        "Strict-Transport-Security": [
          "max-age=31536000; includeSubDomains"
        ],
        "Server": [
          "Microsoft-IIS/10.0"
        ],
        "x-ms-ratelimit-remaining-subscription-resource-requests": [
          "209"
        ],
        "x-ms-correlation-request-id": [
          "d66e0987-262b-485c-aa68-7e57351a04e3"
        ],
        "x-ms-routing-request-id": [
          "SOUTHINDIA:20210518T110131Z:d66e0987-262b-485c-aa68-7e57351a04e3"
        ],
        "Date": [
          "Tue, 18 May 2021 11:01:31 GMT"
        ],
        "Content-Length": [
          "466"
        ],
        "Content-Type": [
          "application/json"
        ],
        "Expires": [
          "-1"
        ]
      },
      "ResponseBody": "{\r\n  \"location\": \"southeastasia\",\r\n  \"name\": \"PSTestRSV5fbd4c62\",\r\n  \"etag\": \"W/\\\"datetime'2021-05-18T11%3A01%3A31.3954858Z'\\\"\",\r\n  \"properties\": {\r\n    \"provisioningState\": \"Succeeded\",\r\n    \"privateEndpointStateForBackup\": \"None\",\r\n    \"privateEndpointStateForSiteRecovery\": \"None\"\r\n  },\r\n  \"id\": \"/subscriptions/38304e13-357e-405e-9e9a-220351dcce8c/resourceGroups/PSTestRG5fbd4c62/providers/Microsoft.RecoveryServices/vaults/PSTestRSV5fbd4c62\",\r\n  \"type\": \"Microsoft.RecoveryServices/vaults\",\r\n  \"sku\": {\r\n    \"name\": \"Standard\"\r\n  }\r\n}",
      "StatusCode": 201
    },
    {
      "RequestUri": "/subscriptions/38304e13-357e-405e-9e9a-220351dcce8c/resourceGroups/PSTestRG5fbd4c62/providers/Microsoft.RecoveryServices/vaults/PSTestRSV5fbd4c62/backupPolicies/newPolicy?api-version=2021-03-01",
      "EncodedRequestUri": "L3N1YnNjcmlwdGlvbnMvMzgzMDRlMTMtMzU3ZS00MDVlLTllOWEtMjIwMzUxZGNjZThjL3Jlc291cmNlR3JvdXBzL1BTVGVzdFJHNWZiZDRjNjIvcHJvdmlkZXJzL01pY3Jvc29mdC5SZWNvdmVyeVNlcnZpY2VzL3ZhdWx0cy9QU1Rlc3RSU1Y1ZmJkNGM2Mi9iYWNrdXBQb2xpY2llcy9uZXdQb2xpY3k/YXBpLXZlcnNpb249MjAyMS0wMy0wMQ==",
      "RequestMethod": "GET",
      "RequestBody": "",
      "RequestHeaders": {
        "x-ms-client-request-id": [
          "e5570517-4f73-4845-9867-10e5c66a06e3"
        ],
        "Accept-Language": [
          "en-US"
        ],
        "User-Agent": [
          "FxVersion/4.6.30015.01",
          "OSName/Windows",
          "OSVersion/Microsoft.Windows.10.0.19043.",
          "Microsoft.Azure.Management.RecoveryServices.Backup.RecoveryServicesBackupClient/4.1.6.0"
        ]
      },
      "ResponseHeaders": {
        "Cache-Control": [
          "no-cache"
        ],
        "Pragma": [
          "no-cache"
        ],
        "X-Content-Type-Options": [
          "nosniff"
        ],
        "x-ms-request-id": [
          "386a8df1-c5ba-4770-8bbf-52103843ee7b"
        ],
        "x-ms-client-request-id": [
          "e5570517-4f73-4845-9867-10e5c66a06e3",
          "e5570517-4f73-4845-9867-10e5c66a06e3"
        ],
        "Strict-Transport-Security": [
          "max-age=31536000; includeSubDomains"
        ],
        "Server": [
          "Microsoft-IIS/10.0"
        ],
        "X-Powered-By": [
          "ASP.NET"
        ],
        "x-ms-ratelimit-remaining-subscription-resource-requests": [
          "149"
        ],
        "x-ms-correlation-request-id": [
          "386a8df1-c5ba-4770-8bbf-52103843ee7b"
        ],
        "x-ms-routing-request-id": [
          "SOUTHINDIA:20210518T110132Z:386a8df1-c5ba-4770-8bbf-52103843ee7b"
        ],
        "Date": [
          "Tue, 18 May 2021 11:01:31 GMT"
        ],
        "Content-Length": [
          "2"
        ],
        "Content-Type": [
          "application/json"
        ],
        "Expires": [
          "-1"
        ]
      },
      "ResponseBody": "{}",
      "StatusCode": 404
    },
    {
      "RequestUri": "/subscriptions/38304e13-357e-405e-9e9a-220351dcce8c/resourceGroups/PSTestRG5fbd4c62/providers/Microsoft.RecoveryServices/vaults/PSTestRSV5fbd4c62/backupPolicies/newPolicy?api-version=2021-03-01",
      "EncodedRequestUri": "L3N1YnNjcmlwdGlvbnMvMzgzMDRlMTMtMzU3ZS00MDVlLTllOWEtMjIwMzUxZGNjZThjL3Jlc291cmNlR3JvdXBzL1BTVGVzdFJHNWZiZDRjNjIvcHJvdmlkZXJzL01pY3Jvc29mdC5SZWNvdmVyeVNlcnZpY2VzL3ZhdWx0cy9QU1Rlc3RSU1Y1ZmJkNGM2Mi9iYWNrdXBQb2xpY2llcy9uZXdQb2xpY3k/YXBpLXZlcnNpb249MjAyMS0wMy0wMQ==",
      "RequestMethod": "GET",
      "RequestBody": "",
      "RequestHeaders": {
        "x-ms-client-request-id": [
          "e5570517-4f73-4845-9867-10e5c66a06e3"
        ],
        "Accept-Language": [
          "en-US"
        ],
        "User-Agent": [
          "FxVersion/4.6.30015.01",
          "OSName/Windows",
          "OSVersion/Microsoft.Windows.10.0.19043.",
          "Microsoft.Azure.Management.RecoveryServices.Backup.RecoveryServicesBackupClient/4.1.6.0"
        ]
      },
      "ResponseHeaders": {
        "Cache-Control": [
          "no-cache"
        ],
        "Pragma": [
          "no-cache"
        ],
        "X-Content-Type-Options": [
          "nosniff"
        ],
        "x-ms-request-id": [
          "f8be3b4d-4a76-43c5-8c39-3eb0925d66c3"
        ],
        "x-ms-client-request-id": [
          "e5570517-4f73-4845-9867-10e5c66a06e3",
          "e5570517-4f73-4845-9867-10e5c66a06e3"
        ],
        "Strict-Transport-Security": [
          "max-age=31536000; includeSubDomains"
        ],
        "Server": [
          "Microsoft-IIS/10.0"
        ],
        "X-Powered-By": [
          "ASP.NET"
        ],
        "x-ms-ratelimit-remaining-subscription-resource-requests": [
          "148"
        ],
        "x-ms-correlation-request-id": [
          "f8be3b4d-4a76-43c5-8c39-3eb0925d66c3"
        ],
        "x-ms-routing-request-id": [
          "SOUTHINDIA:20210518T110133Z:f8be3b4d-4a76-43c5-8c39-3eb0925d66c3"
        ],
        "Date": [
          "Tue, 18 May 2021 11:01:32 GMT"
        ],
        "Content-Length": [
          "1407"
        ],
        "Content-Type": [
          "application/json"
        ],
        "Expires": [
          "-1"
        ]
      },
      "ResponseBody": "{\r\n  \"id\": \"/subscriptions/38304e13-357e-405e-9e9a-220351dcce8c/resourceGroups/PSTestRG5fbd4c62/providers/Microsoft.RecoveryServices/vaults/PSTestRSV5fbd4c62/backupPolicies/newPolicy\",\r\n  \"name\": \"newPolicy\",\r\n  \"type\": \"Microsoft.RecoveryServices/vaults/backupPolicies\",\r\n  \"properties\": {\r\n    \"backupManagementType\": \"AzureIaasVM\",\r\n    \"instantRPDetails\": {},\r\n    \"schedulePolicy\": {\r\n      \"schedulePolicyType\": \"SimpleSchedulePolicy\",\r\n      \"scheduleRunFrequency\": \"Daily\",\r\n      \"scheduleRunTimes\": [\r\n        \"2021-05-18T10:00:00Z\"\r\n      ],\r\n      \"scheduleWeeklyFrequency\": 0\r\n    },\r\n    \"retentionPolicy\": {\r\n      \"retentionPolicyType\": \"LongTermRetentionPolicy\",\r\n      \"dailySchedule\": {\r\n        \"retentionTimes\": [\r\n          \"2021-05-18T10:00:00Z\"\r\n        ],\r\n        \"retentionDuration\": {\r\n          \"count\": 180,\r\n          \"durationType\": \"Days\"\r\n        }\r\n      },\r\n      \"weeklySchedule\": {\r\n        \"daysOfTheWeek\": [\r\n          \"Sunday\"\r\n        ],\r\n        \"retentionTimes\": [\r\n          \"2021-05-18T10:00:00Z\"\r\n        ],\r\n        \"retentionDuration\": {\r\n          \"count\": 104,\r\n          \"durationType\": \"Weeks\"\r\n        }\r\n      },\r\n      \"monthlySchedule\": {\r\n        \"retentionScheduleFormatType\": \"Weekly\",\r\n        \"retentionScheduleWeekly\": {\r\n          \"daysOfTheWeek\": [\r\n            \"Sunday\"\r\n          ],\r\n          \"weeksOfTheMonth\": [\r\n            \"First\"\r\n          ]\r\n        },\r\n        \"retentionTimes\": [\r\n          \"2021-05-18T10:00:00Z\"\r\n        ],\r\n        \"retentionDuration\": {\r\n          \"count\": 60,\r\n          \"durationType\": \"Months\"\r\n        }\r\n      },\r\n      \"yearlySchedule\": {\r\n        \"retentionScheduleFormatType\": \"Weekly\",\r\n        \"monthsOfYear\": [\r\n          \"January\"\r\n        ],\r\n        \"retentionScheduleWeekly\": {\r\n          \"daysOfTheWeek\": [\r\n            \"Sunday\"\r\n          ],\r\n          \"weeksOfTheMonth\": [\r\n            \"First\"\r\n          ]\r\n        },\r\n        \"retentionTimes\": [\r\n          \"2021-05-18T10:00:00Z\"\r\n        ],\r\n        \"retentionDuration\": {\r\n          \"count\": 10,\r\n          \"durationType\": \"Years\"\r\n        }\r\n      }\r\n    },\r\n    \"instantRpRetentionRangeInDays\": 2,\r\n    \"timeZone\": \"UTC\",\r\n    \"protectedItemsCount\": 0\r\n  }\r\n}",
      "StatusCode": 200
    },
    {
      "RequestUri": "/subscriptions/38304e13-357e-405e-9e9a-220351dcce8c/resourceGroups/PSTestRG5fbd4c62/providers/Microsoft.RecoveryServices/vaults/PSTestRSV5fbd4c62/backupPolicies/newPolicy?api-version=2021-03-01",
      "EncodedRequestUri": "L3N1YnNjcmlwdGlvbnMvMzgzMDRlMTMtMzU3ZS00MDVlLTllOWEtMjIwMzUxZGNjZThjL3Jlc291cmNlR3JvdXBzL1BTVGVzdFJHNWZiZDRjNjIvcHJvdmlkZXJzL01pY3Jvc29mdC5SZWNvdmVyeVNlcnZpY2VzL3ZhdWx0cy9QU1Rlc3RSU1Y1ZmJkNGM2Mi9iYWNrdXBQb2xpY2llcy9uZXdQb2xpY3k/YXBpLXZlcnNpb249MjAyMS0wMy0wMQ==",
      "RequestMethod": "GET",
      "RequestBody": "",
      "RequestHeaders": {
        "x-ms-client-request-id": [
          "c1ca260d-2b01-452d-abe2-3e500a2c8f52"
        ],
        "Accept-Language": [
          "en-US"
        ],
        "User-Agent": [
          "FxVersion/4.6.30015.01",
          "OSName/Windows",
          "OSVersion/Microsoft.Windows.10.0.19043.",
          "Microsoft.Azure.Management.RecoveryServices.Backup.RecoveryServicesBackupClient/4.1.6.0"
        ]
      },
      "ResponseHeaders": {
        "Cache-Control": [
          "no-cache"
        ],
        "Pragma": [
          "no-cache"
        ],
        "X-Content-Type-Options": [
          "nosniff"
        ],
        "x-ms-request-id": [
          "828e0da2-9a24-4814-af33-4be6f2fe0159"
        ],
        "x-ms-client-request-id": [
          "c1ca260d-2b01-452d-abe2-3e500a2c8f52",
          "c1ca260d-2b01-452d-abe2-3e500a2c8f52"
        ],
        "Strict-Transport-Security": [
          "max-age=31536000; includeSubDomains"
        ],
        "Server": [
          "Microsoft-IIS/10.0"
        ],
        "X-Powered-By": [
          "ASP.NET"
        ],
        "x-ms-ratelimit-remaining-subscription-resource-requests": [
          "146"
        ],
        "x-ms-correlation-request-id": [
          "828e0da2-9a24-4814-af33-4be6f2fe0159"
        ],
        "x-ms-routing-request-id": [
          "SOUTHINDIA:20210518T110134Z:828e0da2-9a24-4814-af33-4be6f2fe0159"
        ],
        "Date": [
          "Tue, 18 May 2021 11:01:33 GMT"
        ],
        "Content-Length": [
          "1407"
        ],
        "Content-Type": [
          "application/json"
        ],
        "Expires": [
          "-1"
        ]
      },
      "ResponseBody": "{\r\n  \"id\": \"/subscriptions/38304e13-357e-405e-9e9a-220351dcce8c/resourceGroups/PSTestRG5fbd4c62/providers/Microsoft.RecoveryServices/vaults/PSTestRSV5fbd4c62/backupPolicies/newPolicy\",\r\n  \"name\": \"newPolicy\",\r\n  \"type\": \"Microsoft.RecoveryServices/vaults/backupPolicies\",\r\n  \"properties\": {\r\n    \"backupManagementType\": \"AzureIaasVM\",\r\n    \"instantRPDetails\": {},\r\n    \"schedulePolicy\": {\r\n      \"schedulePolicyType\": \"SimpleSchedulePolicy\",\r\n      \"scheduleRunFrequency\": \"Daily\",\r\n      \"scheduleRunTimes\": [\r\n        \"2021-05-18T10:00:00Z\"\r\n      ],\r\n      \"scheduleWeeklyFrequency\": 0\r\n    },\r\n    \"retentionPolicy\": {\r\n      \"retentionPolicyType\": \"LongTermRetentionPolicy\",\r\n      \"dailySchedule\": {\r\n        \"retentionTimes\": [\r\n          \"2021-05-18T10:00:00Z\"\r\n        ],\r\n        \"retentionDuration\": {\r\n          \"count\": 180,\r\n          \"durationType\": \"Days\"\r\n        }\r\n      },\r\n      \"weeklySchedule\": {\r\n        \"daysOfTheWeek\": [\r\n          \"Sunday\"\r\n        ],\r\n        \"retentionTimes\": [\r\n          \"2021-05-18T10:00:00Z\"\r\n        ],\r\n        \"retentionDuration\": {\r\n          \"count\": 104,\r\n          \"durationType\": \"Weeks\"\r\n        }\r\n      },\r\n      \"monthlySchedule\": {\r\n        \"retentionScheduleFormatType\": \"Weekly\",\r\n        \"retentionScheduleWeekly\": {\r\n          \"daysOfTheWeek\": [\r\n            \"Sunday\"\r\n          ],\r\n          \"weeksOfTheMonth\": [\r\n            \"First\"\r\n          ]\r\n        },\r\n        \"retentionTimes\": [\r\n          \"2021-05-18T10:00:00Z\"\r\n        ],\r\n        \"retentionDuration\": {\r\n          \"count\": 60,\r\n          \"durationType\": \"Months\"\r\n        }\r\n      },\r\n      \"yearlySchedule\": {\r\n        \"retentionScheduleFormatType\": \"Weekly\",\r\n        \"monthsOfYear\": [\r\n          \"January\"\r\n        ],\r\n        \"retentionScheduleWeekly\": {\r\n          \"daysOfTheWeek\": [\r\n            \"Sunday\"\r\n          ],\r\n          \"weeksOfTheMonth\": [\r\n            \"First\"\r\n          ]\r\n        },\r\n        \"retentionTimes\": [\r\n          \"2021-05-18T10:00:00Z\"\r\n        ],\r\n        \"retentionDuration\": {\r\n          \"count\": 10,\r\n          \"durationType\": \"Years\"\r\n        }\r\n      }\r\n    },\r\n    \"instantRpRetentionRangeInDays\": 2,\r\n    \"timeZone\": \"UTC\",\r\n    \"protectedItemsCount\": 0\r\n  }\r\n}",
      "StatusCode": 200
    },
    {
      "RequestUri": "/subscriptions/38304e13-357e-405e-9e9a-220351dcce8c/resourceGroups/PSTestRG5fbd4c62/providers/Microsoft.RecoveryServices/vaults/PSTestRSV5fbd4c62/backupPolicies/newPolicy?api-version=2021-03-01",
      "EncodedRequestUri": "L3N1YnNjcmlwdGlvbnMvMzgzMDRlMTMtMzU3ZS00MDVlLTllOWEtMjIwMzUxZGNjZThjL3Jlc291cmNlR3JvdXBzL1BTVGVzdFJHNWZiZDRjNjIvcHJvdmlkZXJzL01pY3Jvc29mdC5SZWNvdmVyeVNlcnZpY2VzL3ZhdWx0cy9QU1Rlc3RSU1Y1ZmJkNGM2Mi9iYWNrdXBQb2xpY2llcy9uZXdQb2xpY3k/YXBpLXZlcnNpb249MjAyMS0wMy0wMQ==",
      "RequestMethod": "GET",
      "RequestBody": "",
      "RequestHeaders": {
        "x-ms-client-request-id": [
          "6b8d7cd9-2f73-42b5-a449-5d3f639e9a12"
        ],
        "Accept-Language": [
          "en-US"
        ],
        "User-Agent": [
          "FxVersion/4.6.30015.01",
          "OSName/Windows",
          "OSVersion/Microsoft.Windows.10.0.19043.",
          "Microsoft.Azure.Management.RecoveryServices.Backup.RecoveryServicesBackupClient/4.1.6.0"
        ]
      },
      "ResponseHeaders": {
        "Cache-Control": [
          "no-cache"
        ],
        "Pragma": [
          "no-cache"
        ],
        "X-Content-Type-Options": [
          "nosniff"
        ],
        "x-ms-request-id": [
          "40c168c9-a8f2-491f-ad8e-dcf3afa11f9e"
        ],
        "x-ms-client-request-id": [
          "6b8d7cd9-2f73-42b5-a449-5d3f639e9a12",
          "6b8d7cd9-2f73-42b5-a449-5d3f639e9a12"
        ],
        "Strict-Transport-Security": [
          "max-age=31536000; includeSubDomains"
        ],
        "Server": [
          "Microsoft-IIS/10.0"
        ],
        "X-Powered-By": [
          "ASP.NET"
        ],
        "x-ms-ratelimit-remaining-subscription-resource-requests": [
          "144"
        ],
        "x-ms-correlation-request-id": [
          "40c168c9-a8f2-491f-ad8e-dcf3afa11f9e"
        ],
        "x-ms-routing-request-id": [
          "SOUTHINDIA:20210518T110134Z:40c168c9-a8f2-491f-ad8e-dcf3afa11f9e"
        ],
        "Date": [
          "Tue, 18 May 2021 11:01:34 GMT"
        ],
        "Content-Length": [
          "1407"
        ],
        "Content-Type": [
          "application/json"
        ],
        "Expires": [
          "-1"
        ]
      },
      "ResponseBody": "{\r\n  \"id\": \"/subscriptions/38304e13-357e-405e-9e9a-220351dcce8c/resourceGroups/PSTestRG5fbd4c62/providers/Microsoft.RecoveryServices/vaults/PSTestRSV5fbd4c62/backupPolicies/newPolicy\",\r\n  \"name\": \"newPolicy\",\r\n  \"type\": \"Microsoft.RecoveryServices/vaults/backupPolicies\",\r\n  \"properties\": {\r\n    \"backupManagementType\": \"AzureIaasVM\",\r\n    \"instantRPDetails\": {},\r\n    \"schedulePolicy\": {\r\n      \"schedulePolicyType\": \"SimpleSchedulePolicy\",\r\n      \"scheduleRunFrequency\": \"Daily\",\r\n      \"scheduleRunTimes\": [\r\n        \"2021-05-18T10:00:00Z\"\r\n      ],\r\n      \"scheduleWeeklyFrequency\": 0\r\n    },\r\n    \"retentionPolicy\": {\r\n      \"retentionPolicyType\": \"LongTermRetentionPolicy\",\r\n      \"dailySchedule\": {\r\n        \"retentionTimes\": [\r\n          \"2021-05-18T10:00:00Z\"\r\n        ],\r\n        \"retentionDuration\": {\r\n          \"count\": 180,\r\n          \"durationType\": \"Days\"\r\n        }\r\n      },\r\n      \"weeklySchedule\": {\r\n        \"daysOfTheWeek\": [\r\n          \"Sunday\"\r\n        ],\r\n        \"retentionTimes\": [\r\n          \"2021-05-18T10:00:00Z\"\r\n        ],\r\n        \"retentionDuration\": {\r\n          \"count\": 104,\r\n          \"durationType\": \"Weeks\"\r\n        }\r\n      },\r\n      \"monthlySchedule\": {\r\n        \"retentionScheduleFormatType\": \"Weekly\",\r\n        \"retentionScheduleWeekly\": {\r\n          \"daysOfTheWeek\": [\r\n            \"Sunday\"\r\n          ],\r\n          \"weeksOfTheMonth\": [\r\n            \"First\"\r\n          ]\r\n        },\r\n        \"retentionTimes\": [\r\n          \"2021-05-18T10:00:00Z\"\r\n        ],\r\n        \"retentionDuration\": {\r\n          \"count\": 60,\r\n          \"durationType\": \"Months\"\r\n        }\r\n      },\r\n      \"yearlySchedule\": {\r\n        \"retentionScheduleFormatType\": \"Weekly\",\r\n        \"monthsOfYear\": [\r\n          \"January\"\r\n        ],\r\n        \"retentionScheduleWeekly\": {\r\n          \"daysOfTheWeek\": [\r\n            \"Sunday\"\r\n          ],\r\n          \"weeksOfTheMonth\": [\r\n            \"First\"\r\n          ]\r\n        },\r\n        \"retentionTimes\": [\r\n          \"2021-05-18T10:00:00Z\"\r\n        ],\r\n        \"retentionDuration\": {\r\n          \"count\": 10,\r\n          \"durationType\": \"Years\"\r\n        }\r\n      }\r\n    },\r\n    \"instantRpRetentionRangeInDays\": 2,\r\n    \"timeZone\": \"UTC\",\r\n    \"protectedItemsCount\": 0\r\n  }\r\n}",
      "StatusCode": 200
    },
    {
      "RequestUri": "/subscriptions/38304e13-357e-405e-9e9a-220351dcce8c/resourceGroups/PSTestRG5fbd4c62/providers/Microsoft.RecoveryServices/vaults/PSTestRSV5fbd4c62/backupPolicies/newPolicy?api-version=2021-03-01",
      "EncodedRequestUri": "L3N1YnNjcmlwdGlvbnMvMzgzMDRlMTMtMzU3ZS00MDVlLTllOWEtMjIwMzUxZGNjZThjL3Jlc291cmNlR3JvdXBzL1BTVGVzdFJHNWZiZDRjNjIvcHJvdmlkZXJzL01pY3Jvc29mdC5SZWNvdmVyeVNlcnZpY2VzL3ZhdWx0cy9QU1Rlc3RSU1Y1ZmJkNGM2Mi9iYWNrdXBQb2xpY2llcy9uZXdQb2xpY3k/YXBpLXZlcnNpb249MjAyMS0wMy0wMQ==",
      "RequestMethod": "GET",
      "RequestBody": "",
      "RequestHeaders": {
        "x-ms-client-request-id": [
          "fc4d64ee-8cfc-4303-84eb-911b4f0c3d79"
        ],
        "Accept-Language": [
          "en-US"
        ],
        "User-Agent": [
          "FxVersion/4.6.30015.01",
          "OSName/Windows",
          "OSVersion/Microsoft.Windows.10.0.19043.",
          "Microsoft.Azure.Management.RecoveryServices.Backup.RecoveryServicesBackupClient/4.1.6.0"
        ]
      },
      "ResponseHeaders": {
        "Cache-Control": [
          "no-cache"
        ],
        "Pragma": [
          "no-cache"
        ],
        "X-Content-Type-Options": [
          "nosniff"
        ],
        "x-ms-request-id": [
          "2b9814af-e2ea-4415-849b-f99770716e1c"
        ],
        "x-ms-client-request-id": [
          "fc4d64ee-8cfc-4303-84eb-911b4f0c3d79",
          "fc4d64ee-8cfc-4303-84eb-911b4f0c3d79"
        ],
        "Strict-Transport-Security": [
          "max-age=31536000; includeSubDomains"
        ],
        "Server": [
          "Microsoft-IIS/10.0"
        ],
        "X-Powered-By": [
          "ASP.NET"
        ],
        "x-ms-ratelimit-remaining-subscription-resource-requests": [
          "143"
        ],
        "x-ms-correlation-request-id": [
          "2b9814af-e2ea-4415-849b-f99770716e1c"
        ],
        "x-ms-routing-request-id": [
          "SOUTHINDIA:20210518T110135Z:2b9814af-e2ea-4415-849b-f99770716e1c"
        ],
        "Date": [
          "Tue, 18 May 2021 11:01:34 GMT"
        ],
        "Content-Length": [
          "1486"
        ],
        "Content-Type": [
          "application/json"
        ],
        "Expires": [
          "-1"
        ]
      },
      "ResponseBody": "{\r\n  \"id\": \"/subscriptions/38304e13-357e-405e-9e9a-220351dcce8c/resourceGroups/PSTestRG5fbd4c62/providers/Microsoft.RecoveryServices/vaults/PSTestRSV5fbd4c62/backupPolicies/newPolicy\",\r\n  \"name\": \"newPolicy\",\r\n  \"type\": \"Microsoft.RecoveryServices/vaults/backupPolicies\",\r\n  \"properties\": {\r\n    \"backupManagementType\": \"AzureIaasVM\",\r\n    \"instantRPDetails\": {\r\n      \"azureBackupRGNamePrefix\": \"RecoveryServices\",\r\n      \"azureBackupRGNameSuffix\": \"Policy\"\r\n    },\r\n    \"schedulePolicy\": {\r\n      \"schedulePolicyType\": \"SimpleSchedulePolicy\",\r\n      \"scheduleRunFrequency\": \"Daily\",\r\n      \"scheduleRunTimes\": [\r\n        \"2021-05-18T16:30:00Z\"\r\n      ],\r\n      \"scheduleWeeklyFrequency\": 0\r\n    },\r\n    \"retentionPolicy\": {\r\n      \"retentionPolicyType\": \"LongTermRetentionPolicy\",\r\n      \"dailySchedule\": {\r\n        \"retentionTimes\": [\r\n          \"2021-05-18T16:30:00Z\"\r\n        ],\r\n        \"retentionDuration\": {\r\n          \"count\": 180,\r\n          \"durationType\": \"Days\"\r\n        }\r\n      },\r\n      \"weeklySchedule\": {\r\n        \"daysOfTheWeek\": [\r\n          \"Sunday\"\r\n        ],\r\n        \"retentionTimes\": [\r\n          \"2021-05-18T16:30:00Z\"\r\n        ],\r\n        \"retentionDuration\": {\r\n          \"count\": 104,\r\n          \"durationType\": \"Weeks\"\r\n        }\r\n      },\r\n      \"monthlySchedule\": {\r\n        \"retentionScheduleFormatType\": \"Weekly\",\r\n        \"retentionScheduleWeekly\": {\r\n          \"daysOfTheWeek\": [\r\n            \"Sunday\"\r\n          ],\r\n          \"weeksOfTheMonth\": [\r\n            \"First\"\r\n          ]\r\n        },\r\n        \"retentionTimes\": [\r\n          \"2021-05-18T16:30:00Z\"\r\n        ],\r\n        \"retentionDuration\": {\r\n          \"count\": 60,\r\n          \"durationType\": \"Months\"\r\n        }\r\n      },\r\n      \"yearlySchedule\": {\r\n        \"retentionScheduleFormatType\": \"Weekly\",\r\n        \"monthsOfYear\": [\r\n          \"January\"\r\n        ],\r\n        \"retentionScheduleWeekly\": {\r\n          \"daysOfTheWeek\": [\r\n            \"Sunday\"\r\n          ],\r\n          \"weeksOfTheMonth\": [\r\n            \"First\"\r\n          ]\r\n        },\r\n        \"retentionTimes\": [\r\n          \"2021-05-18T16:30:00Z\"\r\n        ],\r\n        \"retentionDuration\": {\r\n          \"count\": 10,\r\n          \"durationType\": \"Years\"\r\n        }\r\n      }\r\n    },\r\n    \"instantRpRetentionRangeInDays\": 5,\r\n    \"timeZone\": \"UTC\",\r\n    \"protectedItemsCount\": 0\r\n  }\r\n}",
      "StatusCode": 200
    },
    {
      "RequestUri": "/subscriptions/38304e13-357e-405e-9e9a-220351dcce8c/resourceGroups/PSTestRG5fbd4c62/providers/Microsoft.RecoveryServices/vaults/PSTestRSV5fbd4c62/backupPolicies/newPolicy?api-version=2021-03-01",
      "EncodedRequestUri": "L3N1YnNjcmlwdGlvbnMvMzgzMDRlMTMtMzU3ZS00MDVlLTllOWEtMjIwMzUxZGNjZThjL3Jlc291cmNlR3JvdXBzL1BTVGVzdFJHNWZiZDRjNjIvcHJvdmlkZXJzL01pY3Jvc29mdC5SZWNvdmVyeVNlcnZpY2VzL3ZhdWx0cy9QU1Rlc3RSU1Y1ZmJkNGM2Mi9iYWNrdXBQb2xpY2llcy9uZXdQb2xpY3k/YXBpLXZlcnNpb249MjAyMS0wMy0wMQ==",
      "RequestMethod": "PUT",
      "RequestBody": "{\r\n  \"properties\": {\r\n    \"backupManagementType\": \"AzureIaasVM\",\r\n    \"schedulePolicy\": {\r\n      \"schedulePolicyType\": \"SimpleSchedulePolicy\",\r\n      \"scheduleRunFrequency\": \"Daily\",\r\n      \"scheduleRunTimes\": [\r\n        \"2021-05-18T10:00:00Z\"\r\n      ]\r\n    },\r\n    \"retentionPolicy\": {\r\n      \"retentionPolicyType\": \"LongTermRetentionPolicy\",\r\n      \"dailySchedule\": {\r\n        \"retentionTimes\": [\r\n          \"2021-05-18T10:00:00Z\"\r\n        ],\r\n        \"retentionDuration\": {\r\n          \"count\": 180,\r\n          \"durationType\": \"Days\"\r\n        }\r\n      },\r\n      \"weeklySchedule\": {\r\n        \"daysOfTheWeek\": [\r\n          \"Sunday\"\r\n        ],\r\n        \"retentionTimes\": [\r\n          \"2021-05-18T10:00:00Z\"\r\n        ],\r\n        \"retentionDuration\": {\r\n          \"count\": 104,\r\n          \"durationType\": \"Weeks\"\r\n        }\r\n      },\r\n      \"monthlySchedule\": {\r\n        \"retentionScheduleFormatType\": \"Weekly\",\r\n        \"retentionScheduleWeekly\": {\r\n          \"daysOfTheWeek\": [\r\n            \"Sunday\"\r\n          ],\r\n          \"weeksOfTheMonth\": [\r\n            \"First\"\r\n          ]\r\n        },\r\n        \"retentionTimes\": [\r\n          \"2021-05-18T10:00:00Z\"\r\n        ],\r\n        \"retentionDuration\": {\r\n          \"count\": 60,\r\n          \"durationType\": \"Months\"\r\n        }\r\n      },\r\n      \"yearlySchedule\": {\r\n        \"retentionScheduleFormatType\": \"Weekly\",\r\n        \"monthsOfYear\": [\r\n          \"January\"\r\n        ],\r\n        \"retentionScheduleWeekly\": {\r\n          \"daysOfTheWeek\": [\r\n            \"Sunday\"\r\n          ],\r\n          \"weeksOfTheMonth\": [\r\n            \"First\"\r\n          ]\r\n        },\r\n        \"retentionTimes\": [\r\n          \"2021-05-18T10:00:00Z\"\r\n        ],\r\n        \"retentionDuration\": {\r\n          \"count\": 10,\r\n          \"durationType\": \"Years\"\r\n        }\r\n      }\r\n    },\r\n    \"instantRpRetentionRangeInDays\": 2,\r\n    \"timeZone\": \"UTC\"\r\n  }\r\n}",
      "RequestHeaders": {
        "x-ms-client-request-id": [
          "e5570517-4f73-4845-9867-10e5c66a06e3"
        ],
        "Accept-Language": [
          "en-US"
        ],
        "User-Agent": [
          "FxVersion/4.6.30015.01",
          "OSName/Windows",
          "OSVersion/Microsoft.Windows.10.0.19043.",
          "Microsoft.Azure.Management.RecoveryServices.Backup.RecoveryServicesBackupClient/4.1.6.0"
        ],
        "Content-Type": [
          "application/json; charset=utf-8"
        ],
        "Content-Length": [
          "1864"
        ]
      },
      "ResponseHeaders": {
        "Cache-Control": [
          "no-cache"
        ],
        "Pragma": [
          "no-cache"
        ],
        "X-Content-Type-Options": [
          "nosniff"
        ],
        "x-ms-request-id": [
          "a2e89655-9955-4013-b3e0-0c6dc5848bc4"
        ],
        "x-ms-client-request-id": [
          "e5570517-4f73-4845-9867-10e5c66a06e3",
          "e5570517-4f73-4845-9867-10e5c66a06e3"
        ],
        "Strict-Transport-Security": [
          "max-age=31536000; includeSubDomains"
        ],
        "Server": [
          "Microsoft-IIS/10.0"
        ],
        "X-Powered-By": [
          "ASP.NET"
        ],
        "x-ms-ratelimit-remaining-subscription-writes": [
          "1199"
        ],
        "x-ms-correlation-request-id": [
          "a2e89655-9955-4013-b3e0-0c6dc5848bc4"
        ],
        "x-ms-routing-request-id": [
          "SOUTHINDIA:20210518T110133Z:a2e89655-9955-4013-b3e0-0c6dc5848bc4"
        ],
        "Date": [
          "Tue, 18 May 2021 11:01:32 GMT"
        ],
        "Content-Length": [
          "1407"
        ],
        "Content-Type": [
          "application/json"
        ],
        "Expires": [
          "-1"
        ]
      },
      "ResponseBody": "{\r\n  \"id\": \"/subscriptions/38304e13-357e-405e-9e9a-220351dcce8c/resourceGroups/PSTestRG5fbd4c62/providers/Microsoft.RecoveryServices/vaults/PSTestRSV5fbd4c62/backupPolicies/newPolicy\",\r\n  \"name\": \"newPolicy\",\r\n  \"type\": \"Microsoft.RecoveryServices/vaults/backupPolicies\",\r\n  \"properties\": {\r\n    \"backupManagementType\": \"AzureIaasVM\",\r\n    \"instantRPDetails\": {},\r\n    \"schedulePolicy\": {\r\n      \"schedulePolicyType\": \"SimpleSchedulePolicy\",\r\n      \"scheduleRunFrequency\": \"Daily\",\r\n      \"scheduleRunTimes\": [\r\n        \"2021-05-18T10:00:00Z\"\r\n      ],\r\n      \"scheduleWeeklyFrequency\": 0\r\n    },\r\n    \"retentionPolicy\": {\r\n      \"retentionPolicyType\": \"LongTermRetentionPolicy\",\r\n      \"dailySchedule\": {\r\n        \"retentionTimes\": [\r\n          \"2021-05-18T10:00:00Z\"\r\n        ],\r\n        \"retentionDuration\": {\r\n          \"count\": 180,\r\n          \"durationType\": \"Days\"\r\n        }\r\n      },\r\n      \"weeklySchedule\": {\r\n        \"daysOfTheWeek\": [\r\n          \"Sunday\"\r\n        ],\r\n        \"retentionTimes\": [\r\n          \"2021-05-18T10:00:00Z\"\r\n        ],\r\n        \"retentionDuration\": {\r\n          \"count\": 104,\r\n          \"durationType\": \"Weeks\"\r\n        }\r\n      },\r\n      \"monthlySchedule\": {\r\n        \"retentionScheduleFormatType\": \"Weekly\",\r\n        \"retentionScheduleWeekly\": {\r\n          \"daysOfTheWeek\": [\r\n            \"Sunday\"\r\n          ],\r\n          \"weeksOfTheMonth\": [\r\n            \"First\"\r\n          ]\r\n        },\r\n        \"retentionTimes\": [\r\n          \"2021-05-18T10:00:00Z\"\r\n        ],\r\n        \"retentionDuration\": {\r\n          \"count\": 60,\r\n          \"durationType\": \"Months\"\r\n        }\r\n      },\r\n      \"yearlySchedule\": {\r\n        \"retentionScheduleFormatType\": \"Weekly\",\r\n        \"monthsOfYear\": [\r\n          \"January\"\r\n        ],\r\n        \"retentionScheduleWeekly\": {\r\n          \"daysOfTheWeek\": [\r\n            \"Sunday\"\r\n          ],\r\n          \"weeksOfTheMonth\": [\r\n            \"First\"\r\n          ]\r\n        },\r\n        \"retentionTimes\": [\r\n          \"2021-05-18T10:00:00Z\"\r\n        ],\r\n        \"retentionDuration\": {\r\n          \"count\": 10,\r\n          \"durationType\": \"Years\"\r\n        }\r\n      }\r\n    },\r\n    \"instantRpRetentionRangeInDays\": 2,\r\n    \"timeZone\": \"UTC\",\r\n    \"protectedItemsCount\": 0\r\n  }\r\n}",
      "StatusCode": 200
    },
    {
      "RequestUri": "/subscriptions/38304e13-357e-405e-9e9a-220351dcce8c/resourceGroups/PSTestRG5fbd4c62/providers/Microsoft.RecoveryServices/vaults/PSTestRSV5fbd4c62/backupPolicies/newPolicy?api-version=2021-03-01",
      "EncodedRequestUri": "L3N1YnNjcmlwdGlvbnMvMzgzMDRlMTMtMzU3ZS00MDVlLTllOWEtMjIwMzUxZGNjZThjL3Jlc291cmNlR3JvdXBzL1BTVGVzdFJHNWZiZDRjNjIvcHJvdmlkZXJzL01pY3Jvc29mdC5SZWNvdmVyeVNlcnZpY2VzL3ZhdWx0cy9QU1Rlc3RSU1Y1ZmJkNGM2Mi9iYWNrdXBQb2xpY2llcy9uZXdQb2xpY3k/YXBpLXZlcnNpb249MjAyMS0wMy0wMQ==",
      "RequestMethod": "PUT",
      "RequestBody": "{\r\n  \"properties\": {\r\n    \"backupManagementType\": \"AzureIaasVM\",\r\n    \"instantRPDetails\": {\r\n      \"azureBackupRGNamePrefix\": \"RecoveryServices\",\r\n      \"azureBackupRGNameSuffix\": \"Policy\"\r\n    },\r\n    \"schedulePolicy\": {\r\n      \"schedulePolicyType\": \"SimpleSchedulePolicy\",\r\n      \"scheduleRunFrequency\": \"Daily\",\r\n      \"scheduleRunTimes\": [\r\n        \"2021-05-18T16:30:00Z\"\r\n      ]\r\n    },\r\n    \"retentionPolicy\": {\r\n      \"retentionPolicyType\": \"LongTermRetentionPolicy\",\r\n      \"dailySchedule\": {\r\n        \"retentionTimes\": [\r\n          \"2021-05-18T16:30:00Z\"\r\n        ],\r\n        \"retentionDuration\": {\r\n          \"count\": 180,\r\n          \"durationType\": \"Days\"\r\n        }\r\n      },\r\n      \"weeklySchedule\": {\r\n        \"daysOfTheWeek\": [\r\n          \"Sunday\"\r\n        ],\r\n        \"retentionTimes\": [\r\n          \"2021-05-18T16:30:00Z\"\r\n        ],\r\n        \"retentionDuration\": {\r\n          \"count\": 104,\r\n          \"durationType\": \"Weeks\"\r\n        }\r\n      },\r\n      \"monthlySchedule\": {\r\n        \"retentionScheduleFormatType\": \"Weekly\",\r\n        \"retentionScheduleWeekly\": {\r\n          \"daysOfTheWeek\": [\r\n            \"Sunday\"\r\n          ],\r\n          \"weeksOfTheMonth\": [\r\n            \"First\"\r\n          ]\r\n        },\r\n        \"retentionTimes\": [\r\n          \"2021-05-18T16:30:00Z\"\r\n        ],\r\n        \"retentionDuration\": {\r\n          \"count\": 60,\r\n          \"durationType\": \"Months\"\r\n        }\r\n      },\r\n      \"yearlySchedule\": {\r\n        \"retentionScheduleFormatType\": \"Weekly\",\r\n        \"monthsOfYear\": [\r\n          \"January\"\r\n        ],\r\n        \"retentionScheduleWeekly\": {\r\n          \"daysOfTheWeek\": [\r\n            \"Sunday\"\r\n          ],\r\n          \"weeksOfTheMonth\": [\r\n            \"First\"\r\n          ]\r\n        },\r\n        \"retentionTimes\": [\r\n          \"2021-05-18T16:30:00Z\"\r\n        ],\r\n        \"retentionDuration\": {\r\n          \"count\": 10,\r\n          \"durationType\": \"Years\"\r\n        }\r\n      }\r\n    },\r\n    \"instantRpRetentionRangeInDays\": 5,\r\n    \"timeZone\": \"UTC\"\r\n  }\r\n}",
      "RequestHeaders": {
        "x-ms-client-request-id": [
          "6b8d7cd9-2f73-42b5-a449-5d3f639e9a12"
        ],
        "Accept-Language": [
          "en-US"
        ],
        "User-Agent": [
          "FxVersion/4.6.30015.01",
          "OSName/Windows",
          "OSVersion/Microsoft.Windows.10.0.19043.",
          "Microsoft.Azure.Management.RecoveryServices.Backup.RecoveryServicesBackupClient/4.1.6.0"
        ],
        "Content-Type": [
          "application/json; charset=utf-8"
        ],
        "Content-Length": [
          "1996"
        ]
      },
      "ResponseHeaders": {
        "Cache-Control": [
          "no-cache"
        ],
        "Pragma": [
          "no-cache"
        ],
        "X-Content-Type-Options": [
          "nosniff"
        ],
        "x-ms-request-id": [
          "51574df4-4f72-4d7a-8fd7-3fb3b3e02000"
        ],
        "x-ms-client-request-id": [
          "6b8d7cd9-2f73-42b5-a449-5d3f639e9a12",
          "6b8d7cd9-2f73-42b5-a449-5d3f639e9a12"
        ],
        "Strict-Transport-Security": [
          "max-age=31536000; includeSubDomains"
        ],
        "Server": [
          "Microsoft-IIS/10.0"
        ],
        "X-Powered-By": [
          "ASP.NET"
        ],
        "x-ms-ratelimit-remaining-subscription-writes": [
          "1198"
        ],
        "x-ms-correlation-request-id": [
          "51574df4-4f72-4d7a-8fd7-3fb3b3e02000"
        ],
        "x-ms-routing-request-id": [
          "SOUTHINDIA:20210518T110135Z:51574df4-4f72-4d7a-8fd7-3fb3b3e02000"
        ],
        "Date": [
          "Tue, 18 May 2021 11:01:34 GMT"
        ],
        "Content-Length": [
          "1486"
        ],
        "Content-Type": [
          "application/json"
        ],
        "Expires": [
          "-1"
        ]
      },
      "ResponseBody": "{\r\n  \"id\": \"/subscriptions/38304e13-357e-405e-9e9a-220351dcce8c/resourceGroups/PSTestRG5fbd4c62/providers/Microsoft.RecoveryServices/vaults/PSTestRSV5fbd4c62/backupPolicies/newPolicy\",\r\n  \"name\": \"newPolicy\",\r\n  \"type\": \"Microsoft.RecoveryServices/vaults/backupPolicies\",\r\n  \"properties\": {\r\n    \"backupManagementType\": \"AzureIaasVM\",\r\n    \"instantRPDetails\": {\r\n      \"azureBackupRGNamePrefix\": \"RecoveryServices\",\r\n      \"azureBackupRGNameSuffix\": \"Policy\"\r\n    },\r\n    \"schedulePolicy\": {\r\n      \"schedulePolicyType\": \"SimpleSchedulePolicy\",\r\n      \"scheduleRunFrequency\": \"Daily\",\r\n      \"scheduleRunTimes\": [\r\n        \"2021-05-18T16:30:00Z\"\r\n      ],\r\n      \"scheduleWeeklyFrequency\": 0\r\n    },\r\n    \"retentionPolicy\": {\r\n      \"retentionPolicyType\": \"LongTermRetentionPolicy\",\r\n      \"dailySchedule\": {\r\n        \"retentionTimes\": [\r\n          \"2021-05-18T16:30:00Z\"\r\n        ],\r\n        \"retentionDuration\": {\r\n          \"count\": 180,\r\n          \"durationType\": \"Days\"\r\n        }\r\n      },\r\n      \"weeklySchedule\": {\r\n        \"daysOfTheWeek\": [\r\n          \"Sunday\"\r\n        ],\r\n        \"retentionTimes\": [\r\n          \"2021-05-18T16:30:00Z\"\r\n        ],\r\n        \"retentionDuration\": {\r\n          \"count\": 104,\r\n          \"durationType\": \"Weeks\"\r\n        }\r\n      },\r\n      \"monthlySchedule\": {\r\n        \"retentionScheduleFormatType\": \"Weekly\",\r\n        \"retentionScheduleWeekly\": {\r\n          \"daysOfTheWeek\": [\r\n            \"Sunday\"\r\n          ],\r\n          \"weeksOfTheMonth\": [\r\n            \"First\"\r\n          ]\r\n        },\r\n        \"retentionTimes\": [\r\n          \"2021-05-18T16:30:00Z\"\r\n        ],\r\n        \"retentionDuration\": {\r\n          \"count\": 60,\r\n          \"durationType\": \"Months\"\r\n        }\r\n      },\r\n      \"yearlySchedule\": {\r\n        \"retentionScheduleFormatType\": \"Weekly\",\r\n        \"monthsOfYear\": [\r\n          \"January\"\r\n        ],\r\n        \"retentionScheduleWeekly\": {\r\n          \"daysOfTheWeek\": [\r\n            \"Sunday\"\r\n          ],\r\n          \"weeksOfTheMonth\": [\r\n            \"First\"\r\n          ]\r\n        },\r\n        \"retentionTimes\": [\r\n          \"2021-05-18T16:30:00Z\"\r\n        ],\r\n        \"retentionDuration\": {\r\n          \"count\": 10,\r\n          \"durationType\": \"Years\"\r\n        }\r\n      }\r\n    },\r\n    \"instantRpRetentionRangeInDays\": 5,\r\n    \"timeZone\": \"UTC\",\r\n    \"protectedItemsCount\": 0\r\n  }\r\n}",
      "StatusCode": 200
    },
    {
      "RequestUri": "/subscriptions/38304e13-357e-405e-9e9a-220351dcce8c/resourceGroups/sambit_rg/providers/Microsoft.RecoveryServices/vaults/sambit?api-version=2016-06-01",
      "EncodedRequestUri": "L3N1YnNjcmlwdGlvbnMvMzgzMDRlMTMtMzU3ZS00MDVlLTllOWEtMjIwMzUxZGNjZThjL3Jlc291cmNlR3JvdXBzL3NhbWJpdF9yZy9wcm92aWRlcnMvTWljcm9zb2Z0LlJlY292ZXJ5U2VydmljZXMvdmF1bHRzL3NhbWJpdD9hcGktdmVyc2lvbj0yMDE2LTA2LTAx",
      "RequestMethod": "GET",
      "RequestBody": "",
      "RequestHeaders": {
        "x-ms-client-request-id": [
          "13e746bf-70fc-431c-81d8-047471ed7034"
        ],
        "Accept-Language": [
          "en-US"
        ],
        "User-Agent": [
          "FxVersion/4.6.30015.01",
          "OSName/Windows",
          "OSVersion/Microsoft.Windows.10.0.19043.",
          "Microsoft.Azure.Management.RecoveryServices.RecoveryServicesClient/4.3.1.0"
        ]
      },
      "ResponseHeaders": {
        "Cache-Control": [
          "no-cache"
        ],
        "Pragma": [
          "no-cache"
        ],
        "X-Content-Type-Options": [
          "nosniff"
        ],
        "x-ms-request-id": [
          "2b7cc4e0-fe6a-498e-98db-d6ab992bf7c9"
        ],
        "x-ms-client-request-id": [
          "13e746bf-70fc-431c-81d8-047471ed7034"
        ],
        "Strict-Transport-Security": [
          "max-age=31536000; includeSubDomains"
        ],
        "Server": [
          "Microsoft-IIS/10.0"
        ],
        "x-ms-ratelimit-remaining-subscription-reads": [
          "11997"
        ],
        "x-ms-correlation-request-id": [
          "2b7cc4e0-fe6a-498e-98db-d6ab992bf7c9"
        ],
        "x-ms-routing-request-id": [
          "SOUTHINDIA:20210518T110134Z:2b7cc4e0-fe6a-498e-98db-d6ab992bf7c9"
        ],
        "Date": [
          "Tue, 18 May 2021 11:01:33 GMT"
        ],
        "Content-Length": [
          "450"
        ],
        "Content-Type": [
          "application/json"
        ],
        "Expires": [
          "-1"
        ]
      },
      "ResponseBody": "{\r\n  \"location\": \"southeastasia\",\r\n  \"name\": \"sambit\",\r\n  \"etag\": \"W/\\\"datetime'2019-07-19T10%3A05%3A53.2667115Z'\\\"\",\r\n  \"properties\": {\r\n    \"provisioningState\": \"Succeeded\",\r\n    \"privateEndpointStateForBackup\": \"None\",\r\n    \"privateEndpointStateForSiteRecovery\": \"None\"\r\n  },\r\n  \"id\": \"/subscriptions/38304e13-357e-405e-9e9a-220351dcce8c/resourceGroups/sambit_rg/providers/Microsoft.RecoveryServices/vaults/sambit\",\r\n  \"type\": \"Microsoft.RecoveryServices/vaults\",\r\n  \"sku\": {\r\n    \"name\": \"RS0\",\r\n    \"tier\": \"Standard\"\r\n  }\r\n}",
      "StatusCode": 200
    },
    {
      "RequestUri": "/subscriptions/38304e13-357e-405e-9e9a-220351dcce8c/resourceGroups/sambit_rg/providers/Microsoft.RecoveryServices/vaults/sambit/backupPolicies/iaasvmretentioncheck?api-version=2021-03-01",
      "EncodedRequestUri": "L3N1YnNjcmlwdGlvbnMvMzgzMDRlMTMtMzU3ZS00MDVlLTllOWEtMjIwMzUxZGNjZThjL3Jlc291cmNlR3JvdXBzL3NhbWJpdF9yZy9wcm92aWRlcnMvTWljcm9zb2Z0LlJlY292ZXJ5U2VydmljZXMvdmF1bHRzL3NhbWJpdC9iYWNrdXBQb2xpY2llcy9pYWFzdm1yZXRlbnRpb25jaGVjaz9hcGktdmVyc2lvbj0yMDIxLTAzLTAx",
      "RequestMethod": "GET",
      "RequestBody": "",
      "RequestHeaders": {
        "x-ms-client-request-id": [
          "31779137-88f0-46d4-b984-b010ea14e515"
        ],
        "Accept-Language": [
          "en-US"
        ],
        "User-Agent": [
          "FxVersion/4.6.30015.01",
          "OSName/Windows",
          "OSVersion/Microsoft.Windows.10.0.19043.",
          "Microsoft.Azure.Management.RecoveryServices.Backup.RecoveryServicesBackupClient/4.1.6.0"
        ]
      },
      "ResponseHeaders": {
        "Cache-Control": [
          "no-cache"
        ],
        "Pragma": [
          "no-cache"
        ],
        "X-Content-Type-Options": [
          "nosniff"
        ],
        "x-ms-request-id": [
          "f9b3d722-a39f-4c97-9548-cd79d3898801"
        ],
        "x-ms-client-request-id": [
          "31779137-88f0-46d4-b984-b010ea14e515",
          "31779137-88f0-46d4-b984-b010ea14e515"
        ],
        "Strict-Transport-Security": [
          "max-age=31536000; includeSubDomains"
        ],
        "Server": [
          "Microsoft-IIS/10.0"
        ],
        "X-Powered-By": [
          "ASP.NET"
        ],
        "x-ms-ratelimit-remaining-subscription-resource-requests": [
          "147"
        ],
        "x-ms-correlation-request-id": [
          "f9b3d722-a39f-4c97-9548-cd79d3898801"
        ],
        "x-ms-routing-request-id": [
          "SOUTHINDIA:20210518T110134Z:f9b3d722-a39f-4c97-9548-cd79d3898801"
        ],
        "Date": [
          "Tue, 18 May 2021 11:01:33 GMT"
        ],
        "Content-Length": [
          "1461"
        ],
        "Content-Type": [
          "application/json"
        ],
        "Expires": [
          "-1"
        ]
      },
      "ResponseBody": "{\r\n  \"id\": \"/subscriptions/38304e13-357e-405e-9e9a-220351dcce8c/resourceGroups/sambit_rg/providers/Microsoft.RecoveryServices/vaults/sambit/backupPolicies/iaasvmretentioncheck\",\r\n  \"name\": \"iaasvmretentioncheck\",\r\n  \"type\": \"Microsoft.RecoveryServices/vaults/backupPolicies\",\r\n  \"properties\": {\r\n    \"backupManagementType\": \"AzureIaasVM\",\r\n    \"instantRPDetails\": {},\r\n    \"schedulePolicy\": {\r\n      \"schedulePolicyType\": \"SimpleSchedulePolicy\",\r\n      \"scheduleRunFrequency\": \"Daily\",\r\n      \"scheduleRunTimes\": [\r\n        \"2019-11-09T15:00:00Z\"\r\n      ],\r\n      \"scheduleWeeklyFrequency\": 0\r\n    },\r\n    \"retentionPolicy\": {\r\n      \"retentionPolicyType\": \"LongTermRetentionPolicy\",\r\n      \"dailySchedule\": {\r\n        \"retentionTimes\": [\r\n          \"2019-11-09T15:00:00Z\"\r\n        ],\r\n        \"retentionDuration\": {\r\n          \"count\": 180,\r\n          \"durationType\": \"Days\"\r\n        }\r\n      },\r\n      \"weeklySchedule\": {\r\n        \"daysOfTheWeek\": [\r\n          \"Sunday\",\r\n          \"Tuesday\",\r\n          \"Monday\",\r\n          \"Wednesday\",\r\n          \"Thursday\",\r\n          \"Friday\"\r\n        ],\r\n        \"retentionTimes\": [\r\n          \"2019-11-09T15:00:00Z\"\r\n        ],\r\n        \"retentionDuration\": {\r\n          \"count\": 12,\r\n          \"durationType\": \"Weeks\"\r\n        }\r\n      },\r\n      \"monthlySchedule\": {\r\n        \"retentionScheduleFormatType\": \"Weekly\",\r\n        \"retentionScheduleWeekly\": {\r\n          \"daysOfTheWeek\": [\r\n            \"Sunday\"\r\n          ],\r\n          \"weeksOfTheMonth\": [\r\n            \"First\"\r\n          ]\r\n        },\r\n        \"retentionTimes\": [\r\n          \"2019-11-09T15:00:00Z\"\r\n        ],\r\n        \"retentionDuration\": {\r\n          \"count\": 60,\r\n          \"durationType\": \"Months\"\r\n        }\r\n      },\r\n      \"yearlySchedule\": {\r\n        \"retentionScheduleFormatType\": \"Weekly\",\r\n        \"monthsOfYear\": [\r\n          \"January\"\r\n        ],\r\n        \"retentionScheduleWeekly\": {\r\n          \"daysOfTheWeek\": [\r\n            \"Sunday\"\r\n          ],\r\n          \"weeksOfTheMonth\": [\r\n            \"First\"\r\n          ]\r\n        },\r\n        \"retentionTimes\": [\r\n          \"2019-11-09T15:00:00Z\"\r\n        ],\r\n        \"retentionDuration\": {\r\n          \"count\": 10,\r\n          \"durationType\": \"Years\"\r\n        }\r\n      }\r\n    },\r\n    \"instantRpRetentionRangeInDays\": 1,\r\n    \"timeZone\": \"UTC\",\r\n    \"protectedItemsCount\": 0\r\n  }\r\n}",
      "StatusCode": 200
    },
    {
      "RequestUri": "/subscriptions/38304e13-357e-405e-9e9a-220351dcce8c/resourceGroups/PSTestRG5fbd4c62/providers/Microsoft.RecoveryServices/vaults/PSTestRSV5fbd4c62/backupPolicies/DefaultPolicy?api-version=2021-03-01",
      "EncodedRequestUri": "L3N1YnNjcmlwdGlvbnMvMzgzMDRlMTMtMzU3ZS00MDVlLTllOWEtMjIwMzUxZGNjZThjL3Jlc291cmNlR3JvdXBzL1BTVGVzdFJHNWZiZDRjNjIvcHJvdmlkZXJzL01pY3Jvc29mdC5SZWNvdmVyeVNlcnZpY2VzL3ZhdWx0cy9QU1Rlc3RSU1Y1ZmJkNGM2Mi9iYWNrdXBQb2xpY2llcy9EZWZhdWx0UG9saWN5P2FwaS12ZXJzaW9uPTIwMjEtMDMtMDE=",
      "RequestMethod": "GET",
      "RequestBody": "",
      "RequestHeaders": {
        "x-ms-client-request-id": [
          "63d0a4ed-5133-4b6c-849a-6b3961ba730c"
        ],
        "Accept-Language": [
          "en-US"
        ],
        "User-Agent": [
          "FxVersion/4.6.30015.01",
          "OSName/Windows",
          "OSVersion/Microsoft.Windows.10.0.19043.",
          "Microsoft.Azure.Management.RecoveryServices.Backup.RecoveryServicesBackupClient/4.1.6.0"
        ]
      },
      "ResponseHeaders": {
        "Cache-Control": [
          "no-cache"
        ],
        "Pragma": [
          "no-cache"
        ],
        "X-Content-Type-Options": [
          "nosniff"
        ],
        "x-ms-request-id": [
          "e70371e7-60c2-4edd-bd06-70996c07dc65"
        ],
        "x-ms-client-request-id": [
          "63d0a4ed-5133-4b6c-849a-6b3961ba730c",
          "63d0a4ed-5133-4b6c-849a-6b3961ba730c"
        ],
        "Strict-Transport-Security": [
          "max-age=31536000; includeSubDomains"
        ],
        "Server": [
          "Microsoft-IIS/10.0"
        ],
        "X-Powered-By": [
          "ASP.NET"
        ],
        "x-ms-ratelimit-remaining-subscription-resource-requests": [
          "145"
        ],
        "x-ms-correlation-request-id": [
          "e70371e7-60c2-4edd-bd06-70996c07dc65"
        ],
        "x-ms-routing-request-id": [
          "SOUTHINDIA:20210518T110134Z:e70371e7-60c2-4edd-bd06-70996c07dc65"
        ],
        "Date": [
          "Tue, 18 May 2021 11:01:33 GMT"
        ],
        "Content-Length": [
          "762"
        ],
        "Content-Type": [
          "application/json"
        ],
        "Expires": [
          "-1"
        ]
      },
      "ResponseBody": "{\r\n  \"id\": \"/subscriptions/38304e13-357e-405e-9e9a-220351dcce8c/resourceGroups/PSTestRG5fbd4c62/providers/Microsoft.RecoveryServices/vaults/PSTestRSV5fbd4c62/backupPolicies/DefaultPolicy\",\r\n  \"name\": \"DefaultPolicy\",\r\n  \"type\": \"Microsoft.RecoveryServices/vaults/backupPolicies\",\r\n  \"properties\": {\r\n    \"backupManagementType\": \"AzureIaasVM\",\r\n    \"instantRPDetails\": {},\r\n    \"schedulePolicy\": {\r\n      \"schedulePolicyType\": \"SimpleSchedulePolicy\",\r\n      \"scheduleRunFrequency\": \"Daily\",\r\n      \"scheduleRunTimes\": [\r\n        \"2021-05-18T21:00:00Z\"\r\n      ],\r\n      \"scheduleWeeklyFrequency\": 0\r\n    },\r\n    \"retentionPolicy\": {\r\n      \"retentionPolicyType\": \"LongTermRetentionPolicy\",\r\n      \"dailySchedule\": {\r\n        \"retentionTimes\": [\r\n          \"2021-05-18T21:00:00Z\"\r\n        ],\r\n        \"retentionDuration\": {\r\n          \"count\": 30,\r\n          \"durationType\": \"Days\"\r\n        }\r\n      }\r\n    },\r\n    \"instantRpRetentionRangeInDays\": 2,\r\n    \"timeZone\": \"UTC\",\r\n    \"protectedItemsCount\": 0\r\n  }\r\n}",
      "StatusCode": 200
    },
    {
      "RequestUri": "/subscriptions/38304e13-357e-405e-9e9a-220351dcce8c/resourceGroups/PSTestRG5fbd4c62/providers/Microsoft.RecoveryServices/vaults/PSTestRSV5fbd4c62/backupPolicies/newPolicy?api-version=2021-03-01",
      "EncodedRequestUri": "L3N1YnNjcmlwdGlvbnMvMzgzMDRlMTMtMzU3ZS00MDVlLTllOWEtMjIwMzUxZGNjZThjL3Jlc291cmNlR3JvdXBzL1BTVGVzdFJHNWZiZDRjNjIvcHJvdmlkZXJzL01pY3Jvc29mdC5SZWNvdmVyeVNlcnZpY2VzL3ZhdWx0cy9QU1Rlc3RSU1Y1ZmJkNGM2Mi9iYWNrdXBQb2xpY2llcy9uZXdQb2xpY3k/YXBpLXZlcnNpb249MjAyMS0wMy0wMQ==",
      "RequestMethod": "DELETE",
      "RequestBody": "",
      "RequestHeaders": {
        "x-ms-client-request-id": [
          "efe5a9e4-0299-41c5-8f1a-be95edc96503"
        ],
        "Accept-Language": [
          "en-US"
        ],
        "User-Agent": [
          "FxVersion/4.6.30015.01",
          "OSName/Windows",
          "OSVersion/Microsoft.Windows.10.0.19043.",
          "Microsoft.Azure.Management.RecoveryServices.Backup.RecoveryServicesBackupClient/4.1.6.0"
        ]
      },
      "ResponseHeaders": {
        "Cache-Control": [
          "no-cache"
        ],
        "Pragma": [
          "no-cache"
        ],
        "X-Content-Type-Options": [
          "nosniff"
        ],
        "x-ms-request-id": [
          "95b19727-6576-4eb2-86e7-15eb5d558d34"
        ],
        "x-ms-client-request-id": [
          "efe5a9e4-0299-41c5-8f1a-be95edc96503",
          "efe5a9e4-0299-41c5-8f1a-be95edc96503"
        ],
        "Strict-Transport-Security": [
          "max-age=31536000; includeSubDomains"
        ],
        "X-Powered-By": [
          "ASP.NET"
        ],
        "x-ms-ratelimit-remaining-subscription-deletes": [
          "14999"
        ],
        "x-ms-correlation-request-id": [
          "95b19727-6576-4eb2-86e7-15eb5d558d34"
        ],
        "x-ms-routing-request-id": [
          "SOUTHINDIA:20210518T110136Z:95b19727-6576-4eb2-86e7-15eb5d558d34"
        ],
        "Date": [
          "Tue, 18 May 2021 11:01:35 GMT"
        ],
        "Expires": [
          "-1"
        ],
        "Content-Length": [
          "0"
        ]
      },
      "ResponseBody": "",
      "StatusCode": 200
    },
    {
      "RequestUri": "/subscriptions/38304e13-357e-405e-9e9a-220351dcce8c/resourceGroups/PSTestRG5fbd4c62/providers/Microsoft.RecoveryServices/vaults?api-version=2016-06-01",
      "EncodedRequestUri": "L3N1YnNjcmlwdGlvbnMvMzgzMDRlMTMtMzU3ZS00MDVlLTllOWEtMjIwMzUxZGNjZThjL3Jlc291cmNlR3JvdXBzL1BTVGVzdFJHNWZiZDRjNjIvcHJvdmlkZXJzL01pY3Jvc29mdC5SZWNvdmVyeVNlcnZpY2VzL3ZhdWx0cz9hcGktdmVyc2lvbj0yMDE2LTA2LTAx",
      "RequestMethod": "GET",
      "RequestBody": "",
      "RequestHeaders": {
        "x-ms-client-request-id": [
          "71322d0a-d8cf-4bc0-b4d6-414ed26386f8"
        ],
        "Accept-Language": [
          "en-US"
        ],
        "User-Agent": [
          "FxVersion/4.6.30015.01",
          "OSName/Windows",
          "OSVersion/Microsoft.Windows.10.0.19043.",
          "Microsoft.Azure.Management.RecoveryServices.RecoveryServicesClient/4.3.1.0"
        ]
      },
      "ResponseHeaders": {
        "Cache-Control": [
          "no-cache"
        ],
        "Pragma": [
          "no-cache"
        ],
        "X-Content-Type-Options": [
          "nosniff"
        ],
        "x-ms-request-id": [
          "77a5945c-58b5-4910-b59e-8f7aa57200b5"
        ],
        "x-ms-client-request-id": [
          "71322d0a-d8cf-4bc0-b4d6-414ed26386f8"
        ],
        "Strict-Transport-Security": [
          "max-age=31536000; includeSubDomains"
        ],
        "Server": [
          "Microsoft-IIS/10.0"
        ],
        "x-ms-ratelimit-remaining-subscription-reads": [
          "11996"
        ],
        "x-ms-correlation-request-id": [
          "77a5945c-58b5-4910-b59e-8f7aa57200b5"
        ],
        "x-ms-routing-request-id": [
          "SOUTHINDIA:20210518T110136Z:77a5945c-58b5-4910-b59e-8f7aa57200b5"
        ],
        "Date": [
          "Tue, 18 May 2021 11:01:35 GMT"
        ],
        "Content-Length": [
          "478"
        ],
        "Content-Type": [
          "application/json"
        ],
        "Expires": [
          "-1"
        ]
      },
      "ResponseBody": "{\r\n  \"value\": [\r\n    {\r\n      \"location\": \"southeastasia\",\r\n      \"name\": \"PSTestRSV5fbd4c62\",\r\n      \"etag\": \"W/\\\"datetime'2021-05-18T11%3A01%3A31.3954858Z'\\\"\",\r\n      \"properties\": {\r\n        \"provisioningState\": \"Succeeded\",\r\n        \"privateEndpointStateForBackup\": \"None\",\r\n        \"privateEndpointStateForSiteRecovery\": \"None\"\r\n      },\r\n      \"id\": \"/subscriptions/38304e13-357e-405e-9e9a-220351dcce8c/resourceGroups/PSTestRG5fbd4c62/providers/Microsoft.RecoveryServices/vaults/PSTestRSV5fbd4c62\",\r\n      \"type\": \"Microsoft.RecoveryServices/vaults\",\r\n      \"sku\": {\r\n        \"name\": \"Standard\"\r\n      }\r\n    }\r\n  ]\r\n}",
      "StatusCode": 200
    },
    {
      "RequestUri": "/subscriptions/38304e13-357e-405e-9e9a-220351dcce8c/resourceGroups/PSTestRG5fbd4c62/providers/Microsoft.RecoveryServices/vaults/PSTestRSV5fbd4c62/backupProtectionContainers?$filter=backupManagementType%20eq%20'AzureIaasVM'%20and%20status%20eq%20'Registered'&api-version=2021-03-01",
      "EncodedRequestUri": "L3N1YnNjcmlwdGlvbnMvMzgzMDRlMTMtMzU3ZS00MDVlLTllOWEtMjIwMzUxZGNjZThjL3Jlc291cmNlR3JvdXBzL1BTVGVzdFJHNWZiZDRjNjIvcHJvdmlkZXJzL01pY3Jvc29mdC5SZWNvdmVyeVNlcnZpY2VzL3ZhdWx0cy9QU1Rlc3RSU1Y1ZmJkNGM2Mi9iYWNrdXBQcm90ZWN0aW9uQ29udGFpbmVycz8kZmlsdGVyPWJhY2t1cE1hbmFnZW1lbnRUeXBlJTIwZXElMjAnQXp1cmVJYWFzVk0nJTIwYW5kJTIwc3RhdHVzJTIwZXElMjAnUmVnaXN0ZXJlZCcmYXBpLXZlcnNpb249MjAyMS0wMy0wMQ==",
      "RequestMethod": "GET",
      "RequestBody": "",
      "RequestHeaders": {
        "x-ms-client-request-id": [
          "453e26fe-f123-451c-8595-f4f6a955d3c7"
        ],
        "Accept-Language": [
          "en-US"
        ],
        "User-Agent": [
          "FxVersion/4.6.30015.01",
          "OSName/Windows",
          "OSVersion/Microsoft.Windows.10.0.19043.",
          "Microsoft.Azure.Management.RecoveryServices.Backup.RecoveryServicesBackupClient/4.1.6.0"
        ]
      },
      "ResponseHeaders": {
        "Cache-Control": [
          "no-cache"
        ],
        "Pragma": [
          "no-cache"
        ],
        "X-Content-Type-Options": [
          "nosniff"
        ],
        "x-ms-request-id": [
          "71b8bd68-d508-4cc4-94d5-4241c63556eb"
        ],
        "x-ms-client-request-id": [
          "453e26fe-f123-451c-8595-f4f6a955d3c7",
          "453e26fe-f123-451c-8595-f4f6a955d3c7"
        ],
        "Strict-Transport-Security": [
          "max-age=31536000; includeSubDomains"
        ],
        "Server": [
          "Microsoft-IIS/10.0"
        ],
        "X-Powered-By": [
          "ASP.NET"
        ],
        "x-ms-ratelimit-remaining-subscription-resource-requests": [
          "149"
        ],
        "x-ms-correlation-request-id": [
          "71b8bd68-d508-4cc4-94d5-4241c63556eb"
        ],
        "x-ms-routing-request-id": [
          "SOUTHINDIA:20210518T110136Z:71b8bd68-d508-4cc4-94d5-4241c63556eb"
        ],
        "Date": [
          "Tue, 18 May 2021 11:01:35 GMT"
        ],
        "Content-Length": [
          "12"
        ],
        "Content-Type": [
          "application/json"
        ],
        "Expires": [
          "-1"
        ]
      },
      "ResponseBody": "{\r\n  \"value\": []\r\n}",
      "StatusCode": 200
    },
    {
      "RequestUri": "/subscriptions/38304e13-357e-405e-9e9a-220351dcce8c/resourceGroups/PSTestRG5fbd4c62/providers/Microsoft.RecoveryServices/vaults/PSTestRSV5fbd4c62?api-version=2016-06-01",
      "EncodedRequestUri": "L3N1YnNjcmlwdGlvbnMvMzgzMDRlMTMtMzU3ZS00MDVlLTllOWEtMjIwMzUxZGNjZThjL3Jlc291cmNlR3JvdXBzL1BTVGVzdFJHNWZiZDRjNjIvcHJvdmlkZXJzL01pY3Jvc29mdC5SZWNvdmVyeVNlcnZpY2VzL3ZhdWx0cy9QU1Rlc3RSU1Y1ZmJkNGM2Mj9hcGktdmVyc2lvbj0yMDE2LTA2LTAx",
      "RequestMethod": "DELETE",
      "RequestBody": "",
      "RequestHeaders": {
        "x-ms-client-request-id": [
          "b4d19f2a-2359-4978-8113-686961e295fb"
        ],
        "Accept-Language": [
          "en-US"
        ],
        "User-Agent": [
          "FxVersion/4.6.30015.01",
          "OSName/Windows",
          "OSVersion/Microsoft.Windows.10.0.19043.",
          "Microsoft.Azure.Management.RecoveryServices.RecoveryServicesClient/4.3.1.0"
        ]
      },
      "ResponseHeaders": {
        "Cache-Control": [
          "no-cache"
        ],
        "Pragma": [
          "no-cache"
        ],
        "X-Content-Type-Options": [
          "nosniff"
        ],
        "x-ms-request-id": [
          "16d89253-ab1e-4eaa-b6c3-4f6fefa6bcec"
        ],
        "x-ms-client-request-id": [
          "b4d19f2a-2359-4978-8113-686961e295fb"
        ],
        "Strict-Transport-Security": [
          "max-age=31536000; includeSubDomains"
        ],
        "x-ms-ratelimit-remaining-subscription-resource-requests": [
          "9"
        ],
        "x-ms-correlation-request-id": [
          "16d89253-ab1e-4eaa-b6c3-4f6fefa6bcec"
        ],
        "x-ms-routing-request-id": [
          "SOUTHINDIA:20210518T110138Z:16d89253-ab1e-4eaa-b6c3-4f6fefa6bcec"
        ],
        "Date": [
          "Tue, 18 May 2021 11:01:37 GMT"
        ],
        "Expires": [
          "-1"
        ],
        "Content-Length": [
          "0"
        ]
      },
      "ResponseBody": "",
      "StatusCode": 200
    },
    {
      "RequestUri": "/subscriptions/38304e13-357e-405e-9e9a-220351dcce8c/resourcegroups/PSTestRG5fbd4c62?api-version=2016-09-01",
      "EncodedRequestUri": "L3N1YnNjcmlwdGlvbnMvMzgzMDRlMTMtMzU3ZS00MDVlLTllOWEtMjIwMzUxZGNjZThjL3Jlc291cmNlZ3JvdXBzL1BTVGVzdFJHNWZiZDRjNjI/YXBpLXZlcnNpb249MjAxNi0wOS0wMQ==",
      "RequestMethod": "DELETE",
      "RequestBody": "",
      "RequestHeaders": {
        "x-ms-client-request-id": [
          "bf30e1fa-954a-49c5-8559-5bc7b7d44d2b"
        ],
        "Accept-Language": [
          "en-US"
        ],
        "User-Agent": [
          "FxVersion/4.6.30015.01",
          "OSName/Windows",
          "OSVersion/Microsoft.Windows.10.0.19043.",
          "Microsoft.Azure.Management.Internal.Resources.ResourceManagementClient/1.3.34"
        ]
      },
      "ResponseHeaders": {
        "Cache-Control": [
          "no-cache"
        ],
        "Pragma": [
          "no-cache"
        ],
        "Location": [
          "https://management.azure.com/subscriptions/38304e13-357e-405e-9e9a-220351dcce8c/operationresults/eyJqb2JJZCI6IlJFU09VUkNFR1JPVVBERUxFVElPTkpPQi1QU1RFU1RSRzVGQkQ0QzYyLVNPVVRIRUFTVEFTSUEiLCJqb2JMb2NhdGlvbiI6InNvdXRoZWFzdGFzaWEifQ?api-version=2016-09-01"
        ],
        "Retry-After": [
          "15"
        ],
        "x-ms-ratelimit-remaining-subscription-deletes": [
          "14998"
        ],
        "x-ms-request-id": [
          "4935accd-5dc9-4e9f-a9c6-8b8aa7a73e25"
        ],
        "x-ms-correlation-request-id": [
          "4935accd-5dc9-4e9f-a9c6-8b8aa7a73e25"
        ],
        "x-ms-routing-request-id": [
          "SOUTHINDIA:20210518T110139Z:4935accd-5dc9-4e9f-a9c6-8b8aa7a73e25"
        ],
        "Strict-Transport-Security": [
          "max-age=31536000; includeSubDomains"
        ],
        "X-Content-Type-Options": [
          "nosniff"
        ],
        "Date": [
          "Tue, 18 May 2021 11:01:39 GMT"
        ],
        "Expires": [
          "-1"
        ],
        "Content-Length": [
          "0"
        ]
      },
      "ResponseBody": "",
      "StatusCode": 202
    },
    {
      "RequestUri": "/subscriptions/38304e13-357e-405e-9e9a-220351dcce8c/operationresults/eyJqb2JJZCI6IlJFU09VUkNFR1JPVVBERUxFVElPTkpPQi1QU1RFU1RSRzVGQkQ0QzYyLVNPVVRIRUFTVEFTSUEiLCJqb2JMb2NhdGlvbiI6InNvdXRoZWFzdGFzaWEifQ?api-version=2016-09-01",
      "EncodedRequestUri": "L3N1YnNjcmlwdGlvbnMvMzgzMDRlMTMtMzU3ZS00MDVlLTllOWEtMjIwMzUxZGNjZThjL29wZXJhdGlvbnJlc3VsdHMvZXlKcWIySkpaQ0k2SWxKRlUwOVZVa05GUjFKUFZWQkVSVXhGVkVsUFRrcFBRaTFRVTFSRlUxUlNSelZHUWtRMFF6WXlMVk5QVlZSSVJVRlRWRUZUU1VFaUxDSnFiMkpNYjJOaGRHbHZiaUk2SW5OdmRYUm9aV0Z6ZEdGemFXRWlmUT9hcGktdmVyc2lvbj0yMDE2LTA5LTAx",
      "RequestMethod": "GET",
      "RequestBody": "",
      "RequestHeaders": {
        "User-Agent": [
          "FxVersion/4.6.30015.01",
          "OSName/Windows",
          "OSVersion/Microsoft.Windows.10.0.19043.",
          "Microsoft.Azure.Management.Internal.Resources.ResourceManagementClient/1.3.34"
        ]
      },
      "ResponseHeaders": {
        "Cache-Control": [
          "no-cache"
        ],
        "Pragma": [
          "no-cache"
        ],
        "Location": [
          "https://management.azure.com/subscriptions/38304e13-357e-405e-9e9a-220351dcce8c/operationresults/eyJqb2JJZCI6IlJFU09VUkNFR1JPVVBERUxFVElPTkpPQi1QU1RFU1RSRzVGQkQ0QzYyLVNPVVRIRUFTVEFTSUEiLCJqb2JMb2NhdGlvbiI6InNvdXRoZWFzdGFzaWEifQ?api-version=2016-09-01"
        ],
        "Retry-After": [
          "15"
        ],
        "x-ms-ratelimit-remaining-subscription-reads": [
          "11997"
        ],
        "x-ms-request-id": [
          "36d35c22-27d2-4ea3-bc54-e6c648325815"
        ],
        "x-ms-correlation-request-id": [
          "36d35c22-27d2-4ea3-bc54-e6c648325815"
        ],
        "x-ms-routing-request-id": [
          "SOUTHINDIA:20210518T110154Z:36d35c22-27d2-4ea3-bc54-e6c648325815"
        ],
        "Strict-Transport-Security": [
          "max-age=31536000; includeSubDomains"
        ],
        "X-Content-Type-Options": [
          "nosniff"
        ],
        "Date": [
          "Tue, 18 May 2021 11:01:54 GMT"
        ],
        "Expires": [
          "-1"
        ],
        "Content-Length": [
          "0"
        ]
      },
      "ResponseBody": "",
      "StatusCode": 202
    },
    {
      "RequestUri": "/subscriptions/38304e13-357e-405e-9e9a-220351dcce8c/operationresults/eyJqb2JJZCI6IlJFU09VUkNFR1JPVVBERUxFVElPTkpPQi1QU1RFU1RSRzVGQkQ0QzYyLVNPVVRIRUFTVEFTSUEiLCJqb2JMb2NhdGlvbiI6InNvdXRoZWFzdGFzaWEifQ?api-version=2016-09-01",
      "EncodedRequestUri": "L3N1YnNjcmlwdGlvbnMvMzgzMDRlMTMtMzU3ZS00MDVlLTllOWEtMjIwMzUxZGNjZThjL29wZXJhdGlvbnJlc3VsdHMvZXlKcWIySkpaQ0k2SWxKRlUwOVZVa05GUjFKUFZWQkVSVXhGVkVsUFRrcFBRaTFRVTFSRlUxUlNSelZHUWtRMFF6WXlMVk5QVlZSSVJVRlRWRUZUU1VFaUxDSnFiMkpNYjJOaGRHbHZiaUk2SW5OdmRYUm9aV0Z6ZEdGemFXRWlmUT9hcGktdmVyc2lvbj0yMDE2LTA5LTAx",
      "RequestMethod": "GET",
      "RequestBody": "",
      "RequestHeaders": {
        "User-Agent": [
          "FxVersion/4.6.30015.01",
          "OSName/Windows",
          "OSVersion/Microsoft.Windows.10.0.19043.",
          "Microsoft.Azure.Management.Internal.Resources.ResourceManagementClient/1.3.34"
        ]
      },
      "ResponseHeaders": {
        "Cache-Control": [
          "no-cache"
        ],
        "Pragma": [
          "no-cache"
        ],
        "Location": [
          "https://management.azure.com/subscriptions/38304e13-357e-405e-9e9a-220351dcce8c/operationresults/eyJqb2JJZCI6IlJFU09VUkNFR1JPVVBERUxFVElPTkpPQi1QU1RFU1RSRzVGQkQ0QzYyLVNPVVRIRUFTVEFTSUEiLCJqb2JMb2NhdGlvbiI6InNvdXRoZWFzdGFzaWEifQ?api-version=2016-09-01"
        ],
        "Retry-After": [
          "15"
        ],
        "x-ms-ratelimit-remaining-subscription-reads": [
          "11996"
        ],
        "x-ms-request-id": [
          "79f02007-bdc7-42e3-b8fe-9d2393f366bc"
        ],
        "x-ms-correlation-request-id": [
          "79f02007-bdc7-42e3-b8fe-9d2393f366bc"
        ],
        "x-ms-routing-request-id": [
          "SOUTHINDIA:20210518T110209Z:79f02007-bdc7-42e3-b8fe-9d2393f366bc"
        ],
        "Strict-Transport-Security": [
          "max-age=31536000; includeSubDomains"
        ],
        "X-Content-Type-Options": [
          "nosniff"
        ],
        "Date": [
          "Tue, 18 May 2021 11:02:09 GMT"
        ],
        "Expires": [
          "-1"
        ],
        "Content-Length": [
          "0"
        ]
      },
      "ResponseBody": "",
      "StatusCode": 202
    },
    {
      "RequestUri": "/subscriptions/38304e13-357e-405e-9e9a-220351dcce8c/operationresults/eyJqb2JJZCI6IlJFU09VUkNFR1JPVVBERUxFVElPTkpPQi1QU1RFU1RSRzVGQkQ0QzYyLVNPVVRIRUFTVEFTSUEiLCJqb2JMb2NhdGlvbiI6InNvdXRoZWFzdGFzaWEifQ?api-version=2016-09-01",
      "EncodedRequestUri": "L3N1YnNjcmlwdGlvbnMvMzgzMDRlMTMtMzU3ZS00MDVlLTllOWEtMjIwMzUxZGNjZThjL29wZXJhdGlvbnJlc3VsdHMvZXlKcWIySkpaQ0k2SWxKRlUwOVZVa05GUjFKUFZWQkVSVXhGVkVsUFRrcFBRaTFRVTFSRlUxUlNSelZHUWtRMFF6WXlMVk5QVlZSSVJVRlRWRUZUU1VFaUxDSnFiMkpNYjJOaGRHbHZiaUk2SW5OdmRYUm9aV0Z6ZEdGemFXRWlmUT9hcGktdmVyc2lvbj0yMDE2LTA5LTAx",
      "RequestMethod": "GET",
      "RequestBody": "",
      "RequestHeaders": {
        "User-Agent": [
          "FxVersion/4.6.30015.01",
          "OSName/Windows",
          "OSVersion/Microsoft.Windows.10.0.19043.",
          "Microsoft.Azure.Management.Internal.Resources.ResourceManagementClient/1.3.34"
        ]
      },
      "ResponseHeaders": {
        "Cache-Control": [
          "no-cache"
        ],
        "Pragma": [
          "no-cache"
        ],
        "x-ms-ratelimit-remaining-subscription-reads": [
          "11995"
        ],
        "x-ms-request-id": [
          "71bf8754-fa31-479b-ada2-159ab8025cab"
        ],
        "x-ms-correlation-request-id": [
          "71bf8754-fa31-479b-ada2-159ab8025cab"
        ],
        "x-ms-routing-request-id": [
          "SOUTHINDIA:20210518T110224Z:71bf8754-fa31-479b-ada2-159ab8025cab"
        ],
        "Strict-Transport-Security": [
          "max-age=31536000; includeSubDomains"
        ],
        "X-Content-Type-Options": [
          "nosniff"
        ],
        "Date": [
          "Tue, 18 May 2021 11:02:24 GMT"
        ],
        "Expires": [
          "-1"
        ],
        "Content-Length": [
          "0"
        ]
      },
      "ResponseBody": "",
      "StatusCode": 200
    },
    {
      "RequestUri": "/subscriptions/38304e13-357e-405e-9e9a-220351dcce8c/operationresults/eyJqb2JJZCI6IlJFU09VUkNFR1JPVVBERUxFVElPTkpPQi1QU1RFU1RSRzVGQkQ0QzYyLVNPVVRIRUFTVEFTSUEiLCJqb2JMb2NhdGlvbiI6InNvdXRoZWFzdGFzaWEifQ?api-version=2016-09-01",
      "EncodedRequestUri": "L3N1YnNjcmlwdGlvbnMvMzgzMDRlMTMtMzU3ZS00MDVlLTllOWEtMjIwMzUxZGNjZThjL29wZXJhdGlvbnJlc3VsdHMvZXlKcWIySkpaQ0k2SWxKRlUwOVZVa05GUjFKUFZWQkVSVXhGVkVsUFRrcFBRaTFRVTFSRlUxUlNSelZHUWtRMFF6WXlMVk5QVlZSSVJVRlRWRUZUU1VFaUxDSnFiMkpNYjJOaGRHbHZiaUk2SW5OdmRYUm9aV0Z6ZEdGemFXRWlmUT9hcGktdmVyc2lvbj0yMDE2LTA5LTAx",
      "RequestMethod": "GET",
      "RequestBody": "",
      "RequestHeaders": {
        "User-Agent": [
          "FxVersion/4.6.30015.01",
          "OSName/Windows",
          "OSVersion/Microsoft.Windows.10.0.19043.",
          "Microsoft.Azure.Management.Internal.Resources.ResourceManagementClient/1.3.34"
        ]
      },
      "ResponseHeaders": {
        "Cache-Control": [
          "no-cache"
        ],
        "Pragma": [
          "no-cache"
        ],
        "x-ms-ratelimit-remaining-subscription-reads": [
          "11994"
        ],
        "x-ms-request-id": [
          "ebcf93b0-f4c1-4312-844e-7435caebaec6"
        ],
        "x-ms-correlation-request-id": [
          "ebcf93b0-f4c1-4312-844e-7435caebaec6"
        ],
        "x-ms-routing-request-id": [
          "SOUTHINDIA:20210518T110224Z:ebcf93b0-f4c1-4312-844e-7435caebaec6"
        ],
        "Strict-Transport-Security": [
          "max-age=31536000; includeSubDomains"
        ],
        "X-Content-Type-Options": [
          "nosniff"
        ],
        "Date": [
          "Tue, 18 May 2021 11:02:24 GMT"
        ],
        "Expires": [
          "-1"
        ],
        "Content-Length": [
          "0"
        ]
      },
      "ResponseBody": "",
      "StatusCode": 200
    }
  ],
  "Names": {},
  "Variables": {
    "SubscriptionId": "38304e13-357e-405e-9e9a-220351dcce8c",
    "NamingSuffix": "5fbd4c62-d354-4063-aea3-095224b6d5db"
  }
}