{
  "Entries": [
    {
      "RequestUri": "/subscriptions/38304e13-357e-405e-9e9a-220351dcce8c/resourcegroups/PSTestRG0bd8fa03?api-version=2016-09-01",
      "EncodedRequestUri": "L3N1YnNjcmlwdGlvbnMvMzgzMDRlMTMtMzU3ZS00MDVlLTllOWEtMjIwMzUxZGNjZThjL3Jlc291cmNlZ3JvdXBzL1BTVGVzdFJHMGJkOGZhMDM/YXBpLXZlcnNpb249MjAxNi0wOS0wMQ==",
      "RequestMethod": "GET",
      "RequestHeaders": {
        "x-ms-client-request-id": [
          "31dceb07-18b8-4c3f-bb9c-b7a513405ab4"
        ],
        "Accept-Language": [
          "en-US"
        ],
        "User-Agent": [
          "FxVersion/4.700.22.30802",
          "OSName/Windows",
          "OSVersion/Microsoft.Windows.10.0.22000",
          "Microsoft.Azure.Management.Internal.Resources.ResourceManagementClient/1.3.59"
        ]
      },
      "RequestBody": "",
      "ResponseHeaders": {
        "Cache-Control": [
          "no-cache"
        ],
        "Pragma": [
          "no-cache"
        ],
        "x-ms-failure-cause": [
          "gateway"
        ],
        "x-ms-ratelimit-remaining-subscription-reads": [
          "11999"
        ],
        "x-ms-request-id": [
          "a82dc7a2-30ea-4d4f-b13f-f1e8304711c1"
        ],
        "x-ms-correlation-request-id": [
          "a82dc7a2-30ea-4d4f-b13f-f1e8304711c1"
        ],
        "x-ms-routing-request-id": [
          "WESTINDIA:20220810T061832Z:a82dc7a2-30ea-4d4f-b13f-f1e8304711c1"
        ],
        "Strict-Transport-Security": [
          "max-age=31536000; includeSubDomains"
        ],
        "X-Content-Type-Options": [
          "nosniff"
        ],
        "Date": [
          "Wed, 10 Aug 2022 06:18:32 GMT"
        ],
        "Content-Type": [
          "application/json; charset=utf-8"
        ],
        "Expires": [
          "-1"
        ],
        "Content-Length": [
          "108"
        ]
      },
      "ResponseBody": "{\r\n  \"error\": {\r\n    \"code\": \"ResourceGroupNotFound\",\r\n    \"message\": \"Resource group 'PSTestRG0bd8fa03' could not be found.\"\r\n  }\r\n}",
      "StatusCode": 404
    },
    {
      "RequestUri": "/subscriptions/38304e13-357e-405e-9e9a-220351dcce8c/resourcegroups/PSTestRG0bd8fa03?api-version=2016-09-01",
      "EncodedRequestUri": "L3N1YnNjcmlwdGlvbnMvMzgzMDRlMTMtMzU3ZS00MDVlLTllOWEtMjIwMzUxZGNjZThjL3Jlc291cmNlZ3JvdXBzL1BTVGVzdFJHMGJkOGZhMDM/YXBpLXZlcnNpb249MjAxNi0wOS0wMQ==",
      "RequestMethod": "GET",
      "RequestHeaders": {
        "x-ms-client-request-id": [
          "f84e7e13-558f-482e-8ab3-dec150cef867"
        ],
        "Accept-Language": [
          "en-US"
        ],
        "User-Agent": [
          "FxVersion/4.700.22.30802",
          "OSName/Windows",
          "OSVersion/Microsoft.Windows.10.0.22000",
          "Microsoft.Azure.Management.Internal.Resources.ResourceManagementClient/1.3.59"
        ]
      },
      "RequestBody": "",
      "ResponseHeaders": {
        "Cache-Control": [
          "no-cache"
        ],
        "Pragma": [
          "no-cache"
        ],
        "x-ms-ratelimit-remaining-subscription-reads": [
          "11999"
        ],
        "x-ms-request-id": [
          "9512405c-ad47-475d-9d3f-5e6ce8c185b9"
        ],
        "x-ms-correlation-request-id": [
          "9512405c-ad47-475d-9d3f-5e6ce8c185b9"
        ],
        "x-ms-routing-request-id": [
          "WESTINDIA:20220810T061911Z:9512405c-ad47-475d-9d3f-5e6ce8c185b9"
        ],
        "Strict-Transport-Security": [
          "max-age=31536000; includeSubDomains"
        ],
        "X-Content-Type-Options": [
          "nosniff"
        ],
        "Date": [
          "Wed, 10 Aug 2022 06:19:11 GMT"
        ],
        "Content-Type": [
          "application/json; charset=utf-8"
        ],
        "Expires": [
          "-1"
        ],
        "Content-Length": [
          "187"
        ]
      },
      "ResponseBody": "{\r\n  \"id\": \"/subscriptions/38304e13-357e-405e-9e9a-220351dcce8c/resourceGroups/PSTestRG0bd8fa03\",\r\n  \"name\": \"PSTestRG0bd8fa03\",\r\n  \"location\": \"eastasia\",\r\n  \"properties\": {\r\n    \"provisioningState\": \"Succeeded\"\r\n  }\r\n}",
      "StatusCode": 200
    },
    {
      "RequestUri": "/subscriptions/38304e13-357e-405e-9e9a-220351dcce8c/resourcegroups/PSTestRG0bd8fa03?api-version=2016-09-01",
      "EncodedRequestUri": "L3N1YnNjcmlwdGlvbnMvMzgzMDRlMTMtMzU3ZS00MDVlLTllOWEtMjIwMzUxZGNjZThjL3Jlc291cmNlZ3JvdXBzL1BTVGVzdFJHMGJkOGZhMDM/YXBpLXZlcnNpb249MjAxNi0wOS0wMQ==",
      "RequestMethod": "PUT",
      "RequestHeaders": {
        "x-ms-client-request-id": [
          "5a8526f7-f186-4d6c-808b-daec757298ad"
        ],
        "Accept-Language": [
          "en-US"
        ],
        "User-Agent": [
          "FxVersion/4.700.22.30802",
          "OSName/Windows",
          "OSVersion/Microsoft.Windows.10.0.22000",
          "Microsoft.Azure.Management.Internal.Resources.ResourceManagementClient/1.3.59"
        ],
        "Content-Type": [
          "application/json; charset=utf-8"
        ],
        "Content-Length": [
          "30"
        ]
      },
      "RequestBody": "{\r\n  \"location\": \"eastasia\"\r\n}",
      "ResponseHeaders": {
        "Cache-Control": [
          "no-cache"
        ],
        "Pragma": [
          "no-cache"
        ],
        "x-ms-ratelimit-remaining-subscription-writes": [
          "1199"
        ],
        "x-ms-request-id": [
          "31923cec-47e2-47ff-b274-41bdbbfd9d93"
        ],
        "x-ms-correlation-request-id": [
          "31923cec-47e2-47ff-b274-41bdbbfd9d93"
        ],
        "x-ms-routing-request-id": [
          "WESTINDIA:20220810T061836Z:31923cec-47e2-47ff-b274-41bdbbfd9d93"
        ],
        "Strict-Transport-Security": [
          "max-age=31536000; includeSubDomains"
        ],
        "X-Content-Type-Options": [
          "nosniff"
        ],
        "Date": [
          "Wed, 10 Aug 2022 06:18:35 GMT"
        ],
        "Content-Length": [
          "187"
        ],
        "Content-Type": [
          "application/json; charset=utf-8"
        ],
        "Expires": [
          "-1"
        ]
      },
      "ResponseBody": "{\r\n  \"id\": \"/subscriptions/38304e13-357e-405e-9e9a-220351dcce8c/resourceGroups/PSTestRG0bd8fa03\",\r\n  \"name\": \"PSTestRG0bd8fa03\",\r\n  \"location\": \"eastasia\",\r\n  \"properties\": {\r\n    \"provisioningState\": \"Succeeded\"\r\n  }\r\n}",
      "StatusCode": 201
    },
    {
      "RequestUri": "/subscriptions/38304e13-357e-405e-9e9a-220351dcce8c/resourceGroups/PSTestRG0bd8fa03/providers/Microsoft.RecoveryServices/vaults/PSTestRSV0bd8fa03?api-version=2022-04-01",
      "EncodedRequestUri": "L3N1YnNjcmlwdGlvbnMvMzgzMDRlMTMtMzU3ZS00MDVlLTllOWEtMjIwMzUxZGNjZThjL3Jlc291cmNlR3JvdXBzL1BTVGVzdFJHMGJkOGZhMDMvcHJvdmlkZXJzL01pY3Jvc29mdC5SZWNvdmVyeVNlcnZpY2VzL3ZhdWx0cy9QU1Rlc3RSU1YwYmQ4ZmEwMz9hcGktdmVyc2lvbj0yMDIyLTA0LTAx",
      "RequestMethod": "GET",
      "RequestHeaders": {
        "x-ms-client-request-id": [
          "bfd8c0b1-7470-4e5d-9dcc-434dcfc39067"
        ],
        "Accept-Language": [
          "en-US"
        ],
        "User-Agent": [
          "FxVersion/4.700.22.30802",
          "OSName/Windows",
          "OSVersion/Microsoft.Windows.10.0.22000",
          "Microsoft.Azure.Management.RecoveryServices.RecoveryServicesClient/4.3.3.0"
        ]
      },
      "RequestBody": "",
      "ResponseHeaders": {
        "Cache-Control": [
          "no-cache"
        ],
        "Pragma": [
          "no-cache"
        ],
        "x-ms-failure-cause": [
          "gateway"
        ],
        "x-ms-request-id": [
          "16763bc8-992b-46b2-bc73-4c01f42308c6"
        ],
        "x-ms-correlation-request-id": [
          "16763bc8-992b-46b2-bc73-4c01f42308c6"
        ],
        "x-ms-routing-request-id": [
          "WESTINDIA:20220810T061838Z:16763bc8-992b-46b2-bc73-4c01f42308c6"
        ],
        "Strict-Transport-Security": [
          "max-age=31536000; includeSubDomains"
        ],
        "X-Content-Type-Options": [
          "nosniff"
        ],
        "Date": [
          "Wed, 10 Aug 2022 06:18:38 GMT"
        ],
        "Content-Type": [
          "application/json; charset=utf-8"
        ],
        "Expires": [
          "-1"
        ],
        "Content-Length": [
          "239"
        ]
      },
      "ResponseBody": "{\r\n  \"error\": {\r\n    \"code\": \"ResourceNotFound\",\r\n    \"message\": \"The Resource 'Microsoft.RecoveryServices/vaults/PSTestRSV0bd8fa03' under resource group 'PSTestRG0bd8fa03' was not found. For more details please go to https://aka.ms/ARMResourceNotFoundFix\"\r\n  }\r\n}",
      "StatusCode": 404
    },
    {
      "RequestUri": "/subscriptions/38304e13-357e-405e-9e9a-220351dcce8c/resourceGroups/PSTestRG0bd8fa03/providers/Microsoft.RecoveryServices/vaults/PSTestRSV0bd8fa03?api-version=2022-04-01",
      "EncodedRequestUri": "L3N1YnNjcmlwdGlvbnMvMzgzMDRlMTMtMzU3ZS00MDVlLTllOWEtMjIwMzUxZGNjZThjL3Jlc291cmNlR3JvdXBzL1BTVGVzdFJHMGJkOGZhMDMvcHJvdmlkZXJzL01pY3Jvc29mdC5SZWNvdmVyeVNlcnZpY2VzL3ZhdWx0cy9QU1Rlc3RSU1YwYmQ4ZmEwMz9hcGktdmVyc2lvbj0yMDIyLTA0LTAx",
      "RequestMethod": "PUT",
      "RequestHeaders": {
        "x-ms-client-request-id": [
          "e6db27ea-00fe-4afd-a646-280f69f426e3"
        ],
        "Accept-Language": [
          "en-US"
        ],
        "User-Agent": [
          "FxVersion/4.700.22.30802",
          "OSName/Windows",
          "OSVersion/Microsoft.Windows.10.0.22000",
          "Microsoft.Azure.Management.RecoveryServices.RecoveryServicesClient/4.3.3.0"
        ],
        "Content-Type": [
          "application/json; charset=utf-8"
        ],
        "Content-Length": [
          "93"
        ]
      },
      "RequestBody": "{\r\n  \"properties\": {},\r\n  \"sku\": {\r\n    \"name\": \"Standard\"\r\n  },\r\n  \"location\": \"eastasia\"\r\n}",
      "ResponseHeaders": {
        "Cache-Control": [
          "no-cache"
        ],
        "Pragma": [
          "no-cache"
        ],
        "x-ms-ratelimit-remaining-subscription-resource-requests": [
          "299"
        ],
        "X-Content-Type-Options": [
          "nosniff"
        ],
        "x-ms-request-id": [
          "c9c0c0a9-c614-435b-a94e-22aea6ec3acf"
        ],
        "x-ms-client-request-id": [
          "e6db27ea-00fe-4afd-a646-280f69f426e3"
        ],
        "Server": [
          "Kestrel"
        ],
        "x-ms-correlation-request-id": [
          "c9c0c0a9-c614-435b-a94e-22aea6ec3acf"
        ],
        "x-ms-routing-request-id": [
          "WESTINDIA:20220810T061846Z:c9c0c0a9-c614-435b-a94e-22aea6ec3acf"
        ],
        "Strict-Transport-Security": [
          "max-age=31536000; includeSubDomains"
        ],
        "Date": [
          "Wed, 10 Aug 2022 06:18:46 GMT"
        ],
        "Content-Length": [
          "513"
        ],
        "Content-Type": [
          "application/json; charset=utf-8"
        ],
        "Expires": [
          "-1"
        ]
      },
      "ResponseBody": "{\r\n  \"location\": \"eastasia\",\r\n  \"name\": \"PSTestRSV0bd8fa03\",\r\n  \"etag\": \"W/\\\"datetime'2022-08-10T06%3A18%3A45.9829039Z'\\\"\",\r\n  \"properties\": {\r\n    \"provisioningState\": \"Succeeded\",\r\n    \"privateEndpointStateForBackup\": \"None\",\r\n    \"privateEndpointStateForSiteRecovery\": \"None\",\r\n    \"networkSettings\": {\r\n      \"publicNetworkAccess\": \"Enabled\"\r\n    }\r\n  },\r\n  \"id\": \"/subscriptions/38304e13-357e-405e-9e9a-220351dcce8c/resourceGroups/PSTestRG0bd8fa03/providers/Microsoft.RecoveryServices/vaults/PSTestRSV0bd8fa03\",\r\n  \"type\": \"Microsoft.RecoveryServices/vaults\",\r\n  \"sku\": {\r\n    \"name\": \"Standard\"\r\n  }\r\n}",
      "StatusCode": 201
    },
    {
      "RequestUri": "/subscriptions/38304e13-357e-405e-9e9a-220351dcce8c/resourceGroups/PSTestRG0bd8fa03/providers/Microsoft.RecoveryServices/vaults/PSTestRSV0bd8fa03/backupPolicies/newPolicy?api-version=2022-02-01",
      "EncodedRequestUri": "L3N1YnNjcmlwdGlvbnMvMzgzMDRlMTMtMzU3ZS00MDVlLTllOWEtMjIwMzUxZGNjZThjL3Jlc291cmNlR3JvdXBzL1BTVGVzdFJHMGJkOGZhMDMvcHJvdmlkZXJzL01pY3Jvc29mdC5SZWNvdmVyeVNlcnZpY2VzL3ZhdWx0cy9QU1Rlc3RSU1YwYmQ4ZmEwMy9iYWNrdXBQb2xpY2llcy9uZXdQb2xpY3k/YXBpLXZlcnNpb249MjAyMi0wMi0wMQ==",
      "RequestMethod": "GET",
      "RequestHeaders": {
        "x-ms-client-request-id": [
          "f026a4b5-6684-4632-abcc-70a5e1461416"
        ],
        "Accept-Language": [
          "en-US"
        ],
        "User-Agent": [
          "FxVersion/4.700.22.30802",
          "OSName/Windows",
          "OSVersion/Microsoft.Windows.10.0.22000",
          "Microsoft.Azure.Management.RecoveryServices.Backup.RecoveryServicesBackupClient/5.0.0.0"
        ]
      },
      "RequestBody": "",
      "ResponseHeaders": {
        "Cache-Control": [
          "no-cache"
        ],
        "Pragma": [
          "no-cache"
        ],
        "X-Content-Type-Options": [
          "nosniff"
        ],
        "x-ms-request-id": [
          "779fba19-fa46-4dc1-a664-749b3c2fbcd7"
        ],
        "x-ms-client-request-id": [
          "f026a4b5-6684-4632-abcc-70a5e1461416"
        ],
        "Server": [
          "Kestrel"
        ],
        "x-ms-ratelimit-remaining-subscription-resource-requests": [
          "299"
        ],
        "x-ms-correlation-request-id": [
          "779fba19-fa46-4dc1-a664-749b3c2fbcd7"
        ],
        "x-ms-routing-request-id": [
          "WESTINDIA:20220810T061850Z:779fba19-fa46-4dc1-a664-749b3c2fbcd7"
        ],
        "Strict-Transport-Security": [
          "max-age=31536000; includeSubDomains"
        ],
        "Date": [
          "Wed, 10 Aug 2022 06:18:50 GMT"
        ],
        "Content-Length": [
          "2"
        ],
        "Content-Type": [
          "application/json"
        ],
        "Expires": [
          "-1"
        ]
      },
      "ResponseBody": "{}",
      "StatusCode": 404
    },
    {
      "RequestUri": "/subscriptions/38304e13-357e-405e-9e9a-220351dcce8c/resourceGroups/PSTestRG0bd8fa03/providers/Microsoft.RecoveryServices/vaults/PSTestRSV0bd8fa03/backupPolicies/newPolicy?api-version=2022-02-01",
      "EncodedRequestUri": "L3N1YnNjcmlwdGlvbnMvMzgzMDRlMTMtMzU3ZS00MDVlLTllOWEtMjIwMzUxZGNjZThjL3Jlc291cmNlR3JvdXBzL1BTVGVzdFJHMGJkOGZhMDMvcHJvdmlkZXJzL01pY3Jvc29mdC5SZWNvdmVyeVNlcnZpY2VzL3ZhdWx0cy9QU1Rlc3RSU1YwYmQ4ZmEwMy9iYWNrdXBQb2xpY2llcy9uZXdQb2xpY3k/YXBpLXZlcnNpb249MjAyMi0wMi0wMQ==",
      "RequestMethod": "GET",
      "RequestHeaders": {
        "x-ms-client-request-id": [
          "f026a4b5-6684-4632-abcc-70a5e1461416"
        ],
        "Accept-Language": [
          "en-US"
        ],
        "User-Agent": [
          "FxVersion/4.700.22.30802",
          "OSName/Windows",
          "OSVersion/Microsoft.Windows.10.0.22000",
          "Microsoft.Azure.Management.RecoveryServices.Backup.RecoveryServicesBackupClient/5.0.0.0"
        ]
      },
      "RequestBody": "",
      "ResponseHeaders": {
        "Cache-Control": [
          "no-cache"
        ],
        "Pragma": [
          "no-cache"
        ],
        "X-Content-Type-Options": [
          "nosniff"
        ],
        "x-ms-request-id": [
          "f04d81db-4a0e-4c3a-8424-f0ddd9613624"
        ],
        "x-ms-client-request-id": [
          "f026a4b5-6684-4632-abcc-70a5e1461416"
        ],
        "Server": [
          "Kestrel"
        ],
        "x-ms-ratelimit-remaining-subscription-resource-requests": [
          "298"
        ],
        "x-ms-correlation-request-id": [
          "f04d81db-4a0e-4c3a-8424-f0ddd9613624"
        ],
        "x-ms-routing-request-id": [
          "WESTINDIA:20220810T061852Z:f04d81db-4a0e-4c3a-8424-f0ddd9613624"
        ],
        "Strict-Transport-Security": [
          "max-age=31536000; includeSubDomains"
        ],
        "Date": [
          "Wed, 10 Aug 2022 06:18:51 GMT"
        ],
        "Content-Length": [
          "1407"
        ],
        "Content-Type": [
          "application/json; charset=utf-8"
        ],
        "Expires": [
          "-1"
        ]
      },
      "ResponseBody": "{\r\n  \"id\": \"/subscriptions/38304e13-357e-405e-9e9a-220351dcce8c/resourceGroups/PSTestRG0bd8fa03/providers/Microsoft.RecoveryServices/vaults/PSTestRSV0bd8fa03/backupPolicies/newPolicy\",\r\n  \"name\": \"newPolicy\",\r\n  \"type\": \"Microsoft.RecoveryServices/vaults/backupPolicies\",\r\n  \"properties\": {\r\n    \"backupManagementType\": \"AzureIaasVM\",\r\n    \"instantRPDetails\": {},\r\n    \"schedulePolicy\": {\r\n      \"schedulePolicyType\": \"SimpleSchedulePolicy\",\r\n      \"scheduleRunFrequency\": \"Daily\",\r\n      \"scheduleRunTimes\": [\r\n        \"2022-08-10T13:00:00Z\"\r\n      ],\r\n      \"scheduleWeeklyFrequency\": 0\r\n    },\r\n    \"retentionPolicy\": {\r\n      \"retentionPolicyType\": \"LongTermRetentionPolicy\",\r\n      \"dailySchedule\": {\r\n        \"retentionTimes\": [\r\n          \"2022-08-10T13:00:00Z\"\r\n        ],\r\n        \"retentionDuration\": {\r\n          \"count\": 180,\r\n          \"durationType\": \"Days\"\r\n        }\r\n      },\r\n      \"weeklySchedule\": {\r\n        \"daysOfTheWeek\": [\r\n          \"Sunday\"\r\n        ],\r\n        \"retentionTimes\": [\r\n          \"2022-08-10T13:00:00Z\"\r\n        ],\r\n        \"retentionDuration\": {\r\n          \"count\": 104,\r\n          \"durationType\": \"Weeks\"\r\n        }\r\n      },\r\n      \"monthlySchedule\": {\r\n        \"retentionScheduleFormatType\": \"Weekly\",\r\n        \"retentionScheduleWeekly\": {\r\n          \"daysOfTheWeek\": [\r\n            \"Sunday\"\r\n          ],\r\n          \"weeksOfTheMonth\": [\r\n            \"First\"\r\n          ]\r\n        },\r\n        \"retentionTimes\": [\r\n          \"2022-08-10T13:00:00Z\"\r\n        ],\r\n        \"retentionDuration\": {\r\n          \"count\": 60,\r\n          \"durationType\": \"Months\"\r\n        }\r\n      },\r\n      \"yearlySchedule\": {\r\n        \"retentionScheduleFormatType\": \"Weekly\",\r\n        \"monthsOfYear\": [\r\n          \"January\"\r\n        ],\r\n        \"retentionScheduleWeekly\": {\r\n          \"daysOfTheWeek\": [\r\n            \"Sunday\"\r\n          ],\r\n          \"weeksOfTheMonth\": [\r\n            \"First\"\r\n          ]\r\n        },\r\n        \"retentionTimes\": [\r\n          \"2022-08-10T13:00:00Z\"\r\n        ],\r\n        \"retentionDuration\": {\r\n          \"count\": 10,\r\n          \"durationType\": \"Years\"\r\n        }\r\n      }\r\n    },\r\n    \"instantRpRetentionRangeInDays\": 2,\r\n    \"timeZone\": \"UTC\",\r\n    \"protectedItemsCount\": 0\r\n  }\r\n}",
      "StatusCode": 200
    },
    {
      "RequestUri": "/subscriptions/38304e13-357e-405e-9e9a-220351dcce8c/resourceGroups/PSTestRG0bd8fa03/providers/Microsoft.RecoveryServices/vaults/PSTestRSV0bd8fa03/backupPolicies/newPolicy?api-version=2022-02-01",
      "EncodedRequestUri": "L3N1YnNjcmlwdGlvbnMvMzgzMDRlMTMtMzU3ZS00MDVlLTllOWEtMjIwMzUxZGNjZThjL3Jlc291cmNlR3JvdXBzL1BTVGVzdFJHMGJkOGZhMDMvcHJvdmlkZXJzL01pY3Jvc29mdC5SZWNvdmVyeVNlcnZpY2VzL3ZhdWx0cy9QU1Rlc3RSU1YwYmQ4ZmEwMy9iYWNrdXBQb2xpY2llcy9uZXdQb2xpY3k/YXBpLXZlcnNpb249MjAyMi0wMi0wMQ==",
      "RequestMethod": "GET",
      "RequestHeaders": {
        "x-ms-client-request-id": [
          "0e877e69-ec9e-4b4f-9f58-3fdf1b95282f"
        ],
        "Accept-Language": [
          "en-US"
        ],
        "User-Agent": [
          "FxVersion/4.700.22.30802",
          "OSName/Windows",
          "OSVersion/Microsoft.Windows.10.0.22000",
          "Microsoft.Azure.Management.RecoveryServices.Backup.RecoveryServicesBackupClient/5.0.0.0"
        ]
      },
      "RequestBody": "",
      "ResponseHeaders": {
        "Cache-Control": [
          "no-cache"
        ],
        "Pragma": [
          "no-cache"
        ],
        "X-Content-Type-Options": [
          "nosniff"
        ],
        "x-ms-request-id": [
          "6fa4a162-b793-4a3f-8ae7-432802fe7cdd"
        ],
        "x-ms-client-request-id": [
          "0e877e69-ec9e-4b4f-9f58-3fdf1b95282f"
        ],
        "Server": [
          "Kestrel"
        ],
        "x-ms-ratelimit-remaining-subscription-resource-requests": [
          "299"
        ],
        "x-ms-correlation-request-id": [
          "6fa4a162-b793-4a3f-8ae7-432802fe7cdd"
        ],
        "x-ms-routing-request-id": [
          "WESTINDIA:20220810T061859Z:6fa4a162-b793-4a3f-8ae7-432802fe7cdd"
        ],
        "Strict-Transport-Security": [
          "max-age=31536000; includeSubDomains"
        ],
        "Date": [
          "Wed, 10 Aug 2022 06:18:58 GMT"
        ],
        "Content-Length": [
          "1407"
        ],
        "Content-Type": [
          "application/json; charset=utf-8"
        ],
        "Expires": [
          "-1"
        ]
      },
      "ResponseBody": "{\r\n  \"id\": \"/subscriptions/38304e13-357e-405e-9e9a-220351dcce8c/resourceGroups/PSTestRG0bd8fa03/providers/Microsoft.RecoveryServices/vaults/PSTestRSV0bd8fa03/backupPolicies/newPolicy\",\r\n  \"name\": \"newPolicy\",\r\n  \"type\": \"Microsoft.RecoveryServices/vaults/backupPolicies\",\r\n  \"properties\": {\r\n    \"backupManagementType\": \"AzureIaasVM\",\r\n    \"instantRPDetails\": {},\r\n    \"schedulePolicy\": {\r\n      \"schedulePolicyType\": \"SimpleSchedulePolicy\",\r\n      \"scheduleRunFrequency\": \"Daily\",\r\n      \"scheduleRunTimes\": [\r\n        \"2022-08-10T13:00:00Z\"\r\n      ],\r\n      \"scheduleWeeklyFrequency\": 0\r\n    },\r\n    \"retentionPolicy\": {\r\n      \"retentionPolicyType\": \"LongTermRetentionPolicy\",\r\n      \"dailySchedule\": {\r\n        \"retentionTimes\": [\r\n          \"2022-08-10T13:00:00Z\"\r\n        ],\r\n        \"retentionDuration\": {\r\n          \"count\": 180,\r\n          \"durationType\": \"Days\"\r\n        }\r\n      },\r\n      \"weeklySchedule\": {\r\n        \"daysOfTheWeek\": [\r\n          \"Sunday\"\r\n        ],\r\n        \"retentionTimes\": [\r\n          \"2022-08-10T13:00:00Z\"\r\n        ],\r\n        \"retentionDuration\": {\r\n          \"count\": 104,\r\n          \"durationType\": \"Weeks\"\r\n        }\r\n      },\r\n      \"monthlySchedule\": {\r\n        \"retentionScheduleFormatType\": \"Weekly\",\r\n        \"retentionScheduleWeekly\": {\r\n          \"daysOfTheWeek\": [\r\n            \"Sunday\"\r\n          ],\r\n          \"weeksOfTheMonth\": [\r\n            \"First\"\r\n          ]\r\n        },\r\n        \"retentionTimes\": [\r\n          \"2022-08-10T13:00:00Z\"\r\n        ],\r\n        \"retentionDuration\": {\r\n          \"count\": 60,\r\n          \"durationType\": \"Months\"\r\n        }\r\n      },\r\n      \"yearlySchedule\": {\r\n        \"retentionScheduleFormatType\": \"Weekly\",\r\n        \"monthsOfYear\": [\r\n          \"January\"\r\n        ],\r\n        \"retentionScheduleWeekly\": {\r\n          \"daysOfTheWeek\": [\r\n            \"Sunday\"\r\n          ],\r\n          \"weeksOfTheMonth\": [\r\n            \"First\"\r\n          ]\r\n        },\r\n        \"retentionTimes\": [\r\n          \"2022-08-10T13:00:00Z\"\r\n        ],\r\n        \"retentionDuration\": {\r\n          \"count\": 10,\r\n          \"durationType\": \"Years\"\r\n        }\r\n      }\r\n    },\r\n    \"instantRpRetentionRangeInDays\": 2,\r\n    \"timeZone\": \"UTC\",\r\n    \"protectedItemsCount\": 0\r\n  }\r\n}",
      "StatusCode": 200
    },
    {
      "RequestUri": "/subscriptions/38304e13-357e-405e-9e9a-220351dcce8c/resourceGroups/PSTestRG0bd8fa03/providers/Microsoft.RecoveryServices/vaults/PSTestRSV0bd8fa03/backupPolicies/newPolicy?api-version=2022-02-01",
      "EncodedRequestUri": "L3N1YnNjcmlwdGlvbnMvMzgzMDRlMTMtMzU3ZS00MDVlLTllOWEtMjIwMzUxZGNjZThjL3Jlc291cmNlR3JvdXBzL1BTVGVzdFJHMGJkOGZhMDMvcHJvdmlkZXJzL01pY3Jvc29mdC5SZWNvdmVyeVNlcnZpY2VzL3ZhdWx0cy9QU1Rlc3RSU1YwYmQ4ZmEwMy9iYWNrdXBQb2xpY2llcy9uZXdQb2xpY3k/YXBpLXZlcnNpb249MjAyMi0wMi0wMQ==",
      "RequestMethod": "GET",
      "RequestHeaders": {
        "x-ms-client-request-id": [
          "84f62efa-7b12-4845-b87c-e4a67ada0fa6"
        ],
        "Accept-Language": [
          "en-US"
        ],
        "User-Agent": [
          "FxVersion/4.700.22.30802",
          "OSName/Windows",
          "OSVersion/Microsoft.Windows.10.0.22000",
          "Microsoft.Azure.Management.RecoveryServices.Backup.RecoveryServicesBackupClient/5.0.0.0"
        ]
      },
      "RequestBody": "",
      "ResponseHeaders": {
        "Cache-Control": [
          "no-cache"
        ],
        "Pragma": [
          "no-cache"
        ],
        "X-Content-Type-Options": [
          "nosniff"
        ],
        "x-ms-request-id": [
          "969e7cef-1fc9-48a3-8a2b-d8fdcc0954c3"
        ],
        "x-ms-client-request-id": [
          "84f62efa-7b12-4845-b87c-e4a67ada0fa6"
        ],
        "Server": [
          "Kestrel"
        ],
        "x-ms-ratelimit-remaining-subscription-resource-requests": [
          "299"
        ],
        "x-ms-correlation-request-id": [
          "969e7cef-1fc9-48a3-8a2b-d8fdcc0954c3"
        ],
        "x-ms-routing-request-id": [
          "WESTINDIA:20220810T061904Z:969e7cef-1fc9-48a3-8a2b-d8fdcc0954c3"
        ],
        "Strict-Transport-Security": [
          "max-age=31536000; includeSubDomains"
        ],
        "Date": [
          "Wed, 10 Aug 2022 06:19:04 GMT"
        ],
        "Content-Length": [
          "1407"
        ],
        "Content-Type": [
          "application/json; charset=utf-8"
        ],
        "Expires": [
          "-1"
        ]
      },
      "ResponseBody": "{\r\n  \"id\": \"/subscriptions/38304e13-357e-405e-9e9a-220351dcce8c/resourceGroups/PSTestRG0bd8fa03/providers/Microsoft.RecoveryServices/vaults/PSTestRSV0bd8fa03/backupPolicies/newPolicy\",\r\n  \"name\": \"newPolicy\",\r\n  \"type\": \"Microsoft.RecoveryServices/vaults/backupPolicies\",\r\n  \"properties\": {\r\n    \"backupManagementType\": \"AzureIaasVM\",\r\n    \"instantRPDetails\": {},\r\n    \"schedulePolicy\": {\r\n      \"schedulePolicyType\": \"SimpleSchedulePolicy\",\r\n      \"scheduleRunFrequency\": \"Daily\",\r\n      \"scheduleRunTimes\": [\r\n        \"2022-08-10T13:00:00Z\"\r\n      ],\r\n      \"scheduleWeeklyFrequency\": 0\r\n    },\r\n    \"retentionPolicy\": {\r\n      \"retentionPolicyType\": \"LongTermRetentionPolicy\",\r\n      \"dailySchedule\": {\r\n        \"retentionTimes\": [\r\n          \"2022-08-10T13:00:00Z\"\r\n        ],\r\n        \"retentionDuration\": {\r\n          \"count\": 180,\r\n          \"durationType\": \"Days\"\r\n        }\r\n      },\r\n      \"weeklySchedule\": {\r\n        \"daysOfTheWeek\": [\r\n          \"Sunday\"\r\n        ],\r\n        \"retentionTimes\": [\r\n          \"2022-08-10T13:00:00Z\"\r\n        ],\r\n        \"retentionDuration\": {\r\n          \"count\": 104,\r\n          \"durationType\": \"Weeks\"\r\n        }\r\n      },\r\n      \"monthlySchedule\": {\r\n        \"retentionScheduleFormatType\": \"Weekly\",\r\n        \"retentionScheduleWeekly\": {\r\n          \"daysOfTheWeek\": [\r\n            \"Sunday\"\r\n          ],\r\n          \"weeksOfTheMonth\": [\r\n            \"First\"\r\n          ]\r\n        },\r\n        \"retentionTimes\": [\r\n          \"2022-08-10T13:00:00Z\"\r\n        ],\r\n        \"retentionDuration\": {\r\n          \"count\": 60,\r\n          \"durationType\": \"Months\"\r\n        }\r\n      },\r\n      \"yearlySchedule\": {\r\n        \"retentionScheduleFormatType\": \"Weekly\",\r\n        \"monthsOfYear\": [\r\n          \"January\"\r\n        ],\r\n        \"retentionScheduleWeekly\": {\r\n          \"daysOfTheWeek\": [\r\n            \"Sunday\"\r\n          ],\r\n          \"weeksOfTheMonth\": [\r\n            \"First\"\r\n          ]\r\n        },\r\n        \"retentionTimes\": [\r\n          \"2022-08-10T13:00:00Z\"\r\n        ],\r\n        \"retentionDuration\": {\r\n          \"count\": 10,\r\n          \"durationType\": \"Years\"\r\n        }\r\n      }\r\n    },\r\n    \"instantRpRetentionRangeInDays\": 2,\r\n    \"timeZone\": \"UTC\",\r\n    \"protectedItemsCount\": 0\r\n  }\r\n}",
      "StatusCode": 200
    },
    {
      "RequestUri": "/subscriptions/38304e13-357e-405e-9e9a-220351dcce8c/resourceGroups/PSTestRG0bd8fa03/providers/Microsoft.RecoveryServices/vaults/PSTestRSV0bd8fa03/backupPolicies/newPolicy?api-version=2022-02-01",
      "EncodedRequestUri": "L3N1YnNjcmlwdGlvbnMvMzgzMDRlMTMtMzU3ZS00MDVlLTllOWEtMjIwMzUxZGNjZThjL3Jlc291cmNlR3JvdXBzL1BTVGVzdFJHMGJkOGZhMDMvcHJvdmlkZXJzL01pY3Jvc29mdC5SZWNvdmVyeVNlcnZpY2VzL3ZhdWx0cy9QU1Rlc3RSU1YwYmQ4ZmEwMy9iYWNrdXBQb2xpY2llcy9uZXdQb2xpY3k/YXBpLXZlcnNpb249MjAyMi0wMi0wMQ==",
      "RequestMethod": "GET",
      "RequestHeaders": {
        "x-ms-client-request-id": [
          "c3d37543-22ff-407d-958f-963e4e720a33"
        ],
        "Accept-Language": [
          "en-US"
        ],
        "User-Agent": [
          "FxVersion/4.700.22.30802",
          "OSName/Windows",
          "OSVersion/Microsoft.Windows.10.0.22000",
          "Microsoft.Azure.Management.RecoveryServices.Backup.RecoveryServicesBackupClient/5.0.0.0"
        ]
      },
      "RequestBody": "",
      "ResponseHeaders": {
        "Cache-Control": [
          "no-cache"
        ],
        "Pragma": [
          "no-cache"
        ],
        "X-Content-Type-Options": [
          "nosniff"
        ],
        "x-ms-request-id": [
          "ad65b97b-6469-4b89-9cbe-be877c993d75"
        ],
        "x-ms-client-request-id": [
          "c3d37543-22ff-407d-958f-963e4e720a33"
        ],
        "Server": [
          "Kestrel"
        ],
        "x-ms-ratelimit-remaining-subscription-resource-requests": [
          "299"
        ],
        "x-ms-correlation-request-id": [
          "ad65b97b-6469-4b89-9cbe-be877c993d75"
        ],
        "x-ms-routing-request-id": [
          "WESTINDIA:20220810T061908Z:ad65b97b-6469-4b89-9cbe-be877c993d75"
        ],
        "Strict-Transport-Security": [
          "max-age=31536000; includeSubDomains"
        ],
        "Date": [
          "Wed, 10 Aug 2022 06:19:08 GMT"
        ],
        "Content-Length": [
          "1486"
        ],
        "Content-Type": [
          "application/json; charset=utf-8"
        ],
        "Expires": [
          "-1"
        ]
      },
      "ResponseBody": "{\r\n  \"id\": \"/subscriptions/38304e13-357e-405e-9e9a-220351dcce8c/resourceGroups/PSTestRG0bd8fa03/providers/Microsoft.RecoveryServices/vaults/PSTestRSV0bd8fa03/backupPolicies/newPolicy\",\r\n  \"name\": \"newPolicy\",\r\n  \"type\": \"Microsoft.RecoveryServices/vaults/backupPolicies\",\r\n  \"properties\": {\r\n    \"backupManagementType\": \"AzureIaasVM\",\r\n    \"instantRPDetails\": {\r\n      \"azureBackupRGNamePrefix\": \"RecoveryServices\",\r\n      \"azureBackupRGNameSuffix\": \"Policy\"\r\n    },\r\n    \"schedulePolicy\": {\r\n      \"schedulePolicyType\": \"SimpleSchedulePolicy\",\r\n      \"scheduleRunFrequency\": \"Daily\",\r\n      \"scheduleRunTimes\": [\r\n        \"2022-08-10T05:30:00Z\"\r\n      ],\r\n      \"scheduleWeeklyFrequency\": 0\r\n    },\r\n    \"retentionPolicy\": {\r\n      \"retentionPolicyType\": \"LongTermRetentionPolicy\",\r\n      \"dailySchedule\": {\r\n        \"retentionTimes\": [\r\n          \"2022-08-10T05:30:00Z\"\r\n        ],\r\n        \"retentionDuration\": {\r\n          \"count\": 180,\r\n          \"durationType\": \"Days\"\r\n        }\r\n      },\r\n      \"weeklySchedule\": {\r\n        \"daysOfTheWeek\": [\r\n          \"Sunday\"\r\n        ],\r\n        \"retentionTimes\": [\r\n          \"2022-08-10T05:30:00Z\"\r\n        ],\r\n        \"retentionDuration\": {\r\n          \"count\": 104,\r\n          \"durationType\": \"Weeks\"\r\n        }\r\n      },\r\n      \"monthlySchedule\": {\r\n        \"retentionScheduleFormatType\": \"Weekly\",\r\n        \"retentionScheduleWeekly\": {\r\n          \"daysOfTheWeek\": [\r\n            \"Sunday\"\r\n          ],\r\n          \"weeksOfTheMonth\": [\r\n            \"First\"\r\n          ]\r\n        },\r\n        \"retentionTimes\": [\r\n          \"2022-08-10T05:30:00Z\"\r\n        ],\r\n        \"retentionDuration\": {\r\n          \"count\": 60,\r\n          \"durationType\": \"Months\"\r\n        }\r\n      },\r\n      \"yearlySchedule\": {\r\n        \"retentionScheduleFormatType\": \"Weekly\",\r\n        \"monthsOfYear\": [\r\n          \"January\"\r\n        ],\r\n        \"retentionScheduleWeekly\": {\r\n          \"daysOfTheWeek\": [\r\n            \"Sunday\"\r\n          ],\r\n          \"weeksOfTheMonth\": [\r\n            \"First\"\r\n          ]\r\n        },\r\n        \"retentionTimes\": [\r\n          \"2022-08-10T05:30:00Z\"\r\n        ],\r\n        \"retentionDuration\": {\r\n          \"count\": 10,\r\n          \"durationType\": \"Years\"\r\n        }\r\n      }\r\n    },\r\n    \"instantRpRetentionRangeInDays\": 5,\r\n    \"timeZone\": \"UTC\",\r\n    \"protectedItemsCount\": 0\r\n  }\r\n}",
      "StatusCode": 200
    },
    {
      "RequestUri": "/subscriptions/38304e13-357e-405e-9e9a-220351dcce8c/resourceGroups/PSTestRG0bd8fa03/providers/Microsoft.RecoveryServices/vaults/PSTestRSV0bd8fa03/backupPolicies/newPolicy?api-version=2022-02-01",
      "EncodedRequestUri": "L3N1YnNjcmlwdGlvbnMvMzgzMDRlMTMtMzU3ZS00MDVlLTllOWEtMjIwMzUxZGNjZThjL3Jlc291cmNlR3JvdXBzL1BTVGVzdFJHMGJkOGZhMDMvcHJvdmlkZXJzL01pY3Jvc29mdC5SZWNvdmVyeVNlcnZpY2VzL3ZhdWx0cy9QU1Rlc3RSU1YwYmQ4ZmEwMy9iYWNrdXBQb2xpY2llcy9uZXdQb2xpY3k/YXBpLXZlcnNpb249MjAyMi0wMi0wMQ==",
      "RequestMethod": "PUT",
      "RequestHeaders": {
        "x-ms-client-request-id": [
          "f026a4b5-6684-4632-abcc-70a5e1461416"
        ],
        "Accept-Language": [
          "en-US"
        ],
        "User-Agent": [
          "FxVersion/4.700.22.30802",
          "OSName/Windows",
          "OSVersion/Microsoft.Windows.10.0.22000",
          "Microsoft.Azure.Management.RecoveryServices.Backup.RecoveryServicesBackupClient/5.0.0.0"
        ],
        "Content-Type": [
          "application/json; charset=utf-8"
        ],
        "Content-Length": [
          "1864"
        ]
      },
      "RequestBody": "{\r\n  \"properties\": {\r\n    \"backupManagementType\": \"AzureIaasVM\",\r\n    \"schedulePolicy\": {\r\n      \"schedulePolicyType\": \"SimpleSchedulePolicy\",\r\n      \"scheduleRunFrequency\": \"Daily\",\r\n      \"scheduleRunTimes\": [\r\n        \"2022-08-10T13:00:00Z\"\r\n      ]\r\n    },\r\n    \"retentionPolicy\": {\r\n      \"retentionPolicyType\": \"LongTermRetentionPolicy\",\r\n      \"dailySchedule\": {\r\n        \"retentionTimes\": [\r\n          \"2022-08-10T13:00:00Z\"\r\n        ],\r\n        \"retentionDuration\": {\r\n          \"count\": 180,\r\n          \"durationType\": \"Days\"\r\n        }\r\n      },\r\n      \"weeklySchedule\": {\r\n        \"daysOfTheWeek\": [\r\n          \"Sunday\"\r\n        ],\r\n        \"retentionTimes\": [\r\n          \"2022-08-10T13:00:00Z\"\r\n        ],\r\n        \"retentionDuration\": {\r\n          \"count\": 104,\r\n          \"durationType\": \"Weeks\"\r\n        }\r\n      },\r\n      \"monthlySchedule\": {\r\n        \"retentionScheduleFormatType\": \"Weekly\",\r\n        \"retentionScheduleWeekly\": {\r\n          \"daysOfTheWeek\": [\r\n            \"Sunday\"\r\n          ],\r\n          \"weeksOfTheMonth\": [\r\n            \"First\"\r\n          ]\r\n        },\r\n        \"retentionTimes\": [\r\n          \"2022-08-10T13:00:00Z\"\r\n        ],\r\n        \"retentionDuration\": {\r\n          \"count\": 60,\r\n          \"durationType\": \"Months\"\r\n        }\r\n      },\r\n      \"yearlySchedule\": {\r\n        \"retentionScheduleFormatType\": \"Weekly\",\r\n        \"monthsOfYear\": [\r\n          \"January\"\r\n        ],\r\n        \"retentionScheduleWeekly\": {\r\n          \"daysOfTheWeek\": [\r\n            \"Sunday\"\r\n          ],\r\n          \"weeksOfTheMonth\": [\r\n            \"First\"\r\n          ]\r\n        },\r\n        \"retentionTimes\": [\r\n          \"2022-08-10T13:00:00Z\"\r\n        ],\r\n        \"retentionDuration\": {\r\n          \"count\": 10,\r\n          \"durationType\": \"Years\"\r\n        }\r\n      }\r\n    },\r\n    \"instantRpRetentionRangeInDays\": 2,\r\n    \"timeZone\": \"UTC\"\r\n  }\r\n}",
      "ResponseHeaders": {
        "Cache-Control": [
          "no-cache"
        ],
        "Pragma": [
          "no-cache"
        ],
        "X-Content-Type-Options": [
          "nosniff"
        ],
        "x-ms-request-id": [
          "0a86e64d-6b5a-439e-bf38-9adbef6496b7"
        ],
        "x-ms-client-request-id": [
          "f026a4b5-6684-4632-abcc-70a5e1461416"
        ],
        "Server": [
          "Kestrel"
        ],
        "x-ms-ratelimit-remaining-subscription-writes": [
          "1199"
        ],
        "x-ms-correlation-request-id": [
          "0a86e64d-6b5a-439e-bf38-9adbef6496b7"
        ],
        "x-ms-routing-request-id": [
          "WESTINDIA:20220810T061851Z:0a86e64d-6b5a-439e-bf38-9adbef6496b7"
        ],
        "Strict-Transport-Security": [
          "max-age=31536000; includeSubDomains"
        ],
        "Date": [
          "Wed, 10 Aug 2022 06:18:51 GMT"
        ],
        "Content-Length": [
          "1407"
        ],
        "Content-Type": [
          "application/json; charset=utf-8"
        ],
        "Expires": [
          "-1"
        ]
      },
      "ResponseBody": "{\r\n  \"id\": \"/subscriptions/38304e13-357e-405e-9e9a-220351dcce8c/resourceGroups/PSTestRG0bd8fa03/providers/Microsoft.RecoveryServices/vaults/PSTestRSV0bd8fa03/backupPolicies/newPolicy\",\r\n  \"name\": \"newPolicy\",\r\n  \"type\": \"Microsoft.RecoveryServices/vaults/backupPolicies\",\r\n  \"properties\": {\r\n    \"backupManagementType\": \"AzureIaasVM\",\r\n    \"instantRPDetails\": {},\r\n    \"schedulePolicy\": {\r\n      \"schedulePolicyType\": \"SimpleSchedulePolicy\",\r\n      \"scheduleRunFrequency\": \"Daily\",\r\n      \"scheduleRunTimes\": [\r\n        \"2022-08-10T13:00:00Z\"\r\n      ],\r\n      \"scheduleWeeklyFrequency\": 0\r\n    },\r\n    \"retentionPolicy\": {\r\n      \"retentionPolicyType\": \"LongTermRetentionPolicy\",\r\n      \"dailySchedule\": {\r\n        \"retentionTimes\": [\r\n          \"2022-08-10T13:00:00Z\"\r\n        ],\r\n        \"retentionDuration\": {\r\n          \"count\": 180,\r\n          \"durationType\": \"Days\"\r\n        }\r\n      },\r\n      \"weeklySchedule\": {\r\n        \"daysOfTheWeek\": [\r\n          \"Sunday\"\r\n        ],\r\n        \"retentionTimes\": [\r\n          \"2022-08-10T13:00:00Z\"\r\n        ],\r\n        \"retentionDuration\": {\r\n          \"count\": 104,\r\n          \"durationType\": \"Weeks\"\r\n        }\r\n      },\r\n      \"monthlySchedule\": {\r\n        \"retentionScheduleFormatType\": \"Weekly\",\r\n        \"retentionScheduleWeekly\": {\r\n          \"daysOfTheWeek\": [\r\n            \"Sunday\"\r\n          ],\r\n          \"weeksOfTheMonth\": [\r\n            \"First\"\r\n          ]\r\n        },\r\n        \"retentionTimes\": [\r\n          \"2022-08-10T13:00:00Z\"\r\n        ],\r\n        \"retentionDuration\": {\r\n          \"count\": 60,\r\n          \"durationType\": \"Months\"\r\n        }\r\n      },\r\n      \"yearlySchedule\": {\r\n        \"retentionScheduleFormatType\": \"Weekly\",\r\n        \"monthsOfYear\": [\r\n          \"January\"\r\n        ],\r\n        \"retentionScheduleWeekly\": {\r\n          \"daysOfTheWeek\": [\r\n            \"Sunday\"\r\n          ],\r\n          \"weeksOfTheMonth\": [\r\n            \"First\"\r\n          ]\r\n        },\r\n        \"retentionTimes\": [\r\n          \"2022-08-10T13:00:00Z\"\r\n        ],\r\n        \"retentionDuration\": {\r\n          \"count\": 10,\r\n          \"durationType\": \"Years\"\r\n        }\r\n      }\r\n    },\r\n    \"instantRpRetentionRangeInDays\": 2,\r\n    \"timeZone\": \"UTC\",\r\n    \"protectedItemsCount\": 0\r\n  }\r\n}",
      "StatusCode": 200
    },
    {
      "RequestUri": "/subscriptions/38304e13-357e-405e-9e9a-220351dcce8c/resourceGroups/PSTestRG0bd8fa03/providers/Microsoft.RecoveryServices/vaults/PSTestRSV0bd8fa03/backupPolicies/newPolicy?api-version=2022-02-01",
      "EncodedRequestUri": "L3N1YnNjcmlwdGlvbnMvMzgzMDRlMTMtMzU3ZS00MDVlLTllOWEtMjIwMzUxZGNjZThjL3Jlc291cmNlR3JvdXBzL1BTVGVzdFJHMGJkOGZhMDMvcHJvdmlkZXJzL01pY3Jvc29mdC5SZWNvdmVyeVNlcnZpY2VzL3ZhdWx0cy9QU1Rlc3RSU1YwYmQ4ZmEwMy9iYWNrdXBQb2xpY2llcy9uZXdQb2xpY3k/YXBpLXZlcnNpb249MjAyMi0wMi0wMQ==",
      "RequestMethod": "PUT",
      "RequestHeaders": {
        "x-ms-client-request-id": [
          "84f62efa-7b12-4845-b87c-e4a67ada0fa6"
        ],
        "Accept-Language": [
          "en-US"
        ],
        "User-Agent": [
          "FxVersion/4.700.22.30802",
          "OSName/Windows",
          "OSVersion/Microsoft.Windows.10.0.22000",
          "Microsoft.Azure.Management.RecoveryServices.Backup.RecoveryServicesBackupClient/5.0.0.0"
        ],
        "Content-Type": [
          "application/json; charset=utf-8"
        ],
        "Content-Length": [
          "1996"
        ]
      },
      "RequestBody": "{\r\n  \"properties\": {\r\n    \"backupManagementType\": \"AzureIaasVM\",\r\n    \"instantRPDetails\": {\r\n      \"azureBackupRGNamePrefix\": \"RecoveryServices\",\r\n      \"azureBackupRGNameSuffix\": \"Policy\"\r\n    },\r\n    \"schedulePolicy\": {\r\n      \"schedulePolicyType\": \"SimpleSchedulePolicy\",\r\n      \"scheduleRunFrequency\": \"Daily\",\r\n      \"scheduleRunTimes\": [\r\n        \"2022-08-10T05:30:00Z\"\r\n      ]\r\n    },\r\n    \"retentionPolicy\": {\r\n      \"retentionPolicyType\": \"LongTermRetentionPolicy\",\r\n      \"dailySchedule\": {\r\n        \"retentionTimes\": [\r\n          \"2022-08-10T05:30:00Z\"\r\n        ],\r\n        \"retentionDuration\": {\r\n          \"count\": 180,\r\n          \"durationType\": \"Days\"\r\n        }\r\n      },\r\n      \"weeklySchedule\": {\r\n        \"daysOfTheWeek\": [\r\n          \"Sunday\"\r\n        ],\r\n        \"retentionTimes\": [\r\n          \"2022-08-10T05:30:00Z\"\r\n        ],\r\n        \"retentionDuration\": {\r\n          \"count\": 104,\r\n          \"durationType\": \"Weeks\"\r\n        }\r\n      },\r\n      \"monthlySchedule\": {\r\n        \"retentionScheduleFormatType\": \"Weekly\",\r\n        \"retentionScheduleWeekly\": {\r\n          \"daysOfTheWeek\": [\r\n            \"Sunday\"\r\n          ],\r\n          \"weeksOfTheMonth\": [\r\n            \"First\"\r\n          ]\r\n        },\r\n        \"retentionTimes\": [\r\n          \"2022-08-10T05:30:00Z\"\r\n        ],\r\n        \"retentionDuration\": {\r\n          \"count\": 60,\r\n          \"durationType\": \"Months\"\r\n        }\r\n      },\r\n      \"yearlySchedule\": {\r\n        \"retentionScheduleFormatType\": \"Weekly\",\r\n        \"monthsOfYear\": [\r\n          \"January\"\r\n        ],\r\n        \"retentionScheduleWeekly\": {\r\n          \"daysOfTheWeek\": [\r\n            \"Sunday\"\r\n          ],\r\n          \"weeksOfTheMonth\": [\r\n            \"First\"\r\n          ]\r\n        },\r\n        \"retentionTimes\": [\r\n          \"2022-08-10T05:30:00Z\"\r\n        ],\r\n        \"retentionDuration\": {\r\n          \"count\": 10,\r\n          \"durationType\": \"Years\"\r\n        }\r\n      }\r\n    },\r\n    \"instantRpRetentionRangeInDays\": 5,\r\n    \"timeZone\": \"UTC\"\r\n  }\r\n}",
      "ResponseHeaders": {
        "Cache-Control": [
          "no-cache"
        ],
        "Pragma": [
          "no-cache"
        ],
        "X-Content-Type-Options": [
          "nosniff"
        ],
        "x-ms-request-id": [
          "b1cd8352-841f-4c5d-9eb3-3a460262ee9b"
        ],
        "x-ms-client-request-id": [
          "84f62efa-7b12-4845-b87c-e4a67ada0fa6"
        ],
        "Server": [
          "Kestrel"
        ],
        "x-ms-ratelimit-remaining-subscription-writes": [
          "1199"
        ],
        "x-ms-correlation-request-id": [
          "b1cd8352-841f-4c5d-9eb3-3a460262ee9b"
        ],
        "x-ms-routing-request-id": [
          "WESTINDIA:20220810T061905Z:b1cd8352-841f-4c5d-9eb3-3a460262ee9b"
        ],
        "Strict-Transport-Security": [
          "max-age=31536000; includeSubDomains"
        ],
        "Date": [
          "Wed, 10 Aug 2022 06:19:05 GMT"
        ],
        "Content-Length": [
          "1486"
        ],
        "Content-Type": [
          "application/json; charset=utf-8"
        ],
        "Expires": [
          "-1"
        ]
      },
      "ResponseBody": "{\r\n  \"id\": \"/subscriptions/38304e13-357e-405e-9e9a-220351dcce8c/resourceGroups/PSTestRG0bd8fa03/providers/Microsoft.RecoveryServices/vaults/PSTestRSV0bd8fa03/backupPolicies/newPolicy\",\r\n  \"name\": \"newPolicy\",\r\n  \"type\": \"Microsoft.RecoveryServices/vaults/backupPolicies\",\r\n  \"properties\": {\r\n    \"backupManagementType\": \"AzureIaasVM\",\r\n    \"instantRPDetails\": {\r\n      \"azureBackupRGNamePrefix\": \"RecoveryServices\",\r\n      \"azureBackupRGNameSuffix\": \"Policy\"\r\n    },\r\n    \"schedulePolicy\": {\r\n      \"schedulePolicyType\": \"SimpleSchedulePolicy\",\r\n      \"scheduleRunFrequency\": \"Daily\",\r\n      \"scheduleRunTimes\": [\r\n        \"2022-08-10T05:30:00Z\"\r\n      ],\r\n      \"scheduleWeeklyFrequency\": 0\r\n    },\r\n    \"retentionPolicy\": {\r\n      \"retentionPolicyType\": \"LongTermRetentionPolicy\",\r\n      \"dailySchedule\": {\r\n        \"retentionTimes\": [\r\n          \"2022-08-10T05:30:00Z\"\r\n        ],\r\n        \"retentionDuration\": {\r\n          \"count\": 180,\r\n          \"durationType\": \"Days\"\r\n        }\r\n      },\r\n      \"weeklySchedule\": {\r\n        \"daysOfTheWeek\": [\r\n          \"Sunday\"\r\n        ],\r\n        \"retentionTimes\": [\r\n          \"2022-08-10T05:30:00Z\"\r\n        ],\r\n        \"retentionDuration\": {\r\n          \"count\": 104,\r\n          \"durationType\": \"Weeks\"\r\n        }\r\n      },\r\n      \"monthlySchedule\": {\r\n        \"retentionScheduleFormatType\": \"Weekly\",\r\n        \"retentionScheduleWeekly\": {\r\n          \"daysOfTheWeek\": [\r\n            \"Sunday\"\r\n          ],\r\n          \"weeksOfTheMonth\": [\r\n            \"First\"\r\n          ]\r\n        },\r\n        \"retentionTimes\": [\r\n          \"2022-08-10T05:30:00Z\"\r\n        ],\r\n        \"retentionDuration\": {\r\n          \"count\": 60,\r\n          \"durationType\": \"Months\"\r\n        }\r\n      },\r\n      \"yearlySchedule\": {\r\n        \"retentionScheduleFormatType\": \"Weekly\",\r\n        \"monthsOfYear\": [\r\n          \"January\"\r\n        ],\r\n        \"retentionScheduleWeekly\": {\r\n          \"daysOfTheWeek\": [\r\n            \"Sunday\"\r\n          ],\r\n          \"weeksOfTheMonth\": [\r\n            \"First\"\r\n          ]\r\n        },\r\n        \"retentionTimes\": [\r\n          \"2022-08-10T05:30:00Z\"\r\n        ],\r\n        \"retentionDuration\": {\r\n          \"count\": 10,\r\n          \"durationType\": \"Years\"\r\n        }\r\n      }\r\n    },\r\n    \"instantRpRetentionRangeInDays\": 5,\r\n    \"timeZone\": \"UTC\",\r\n    \"protectedItemsCount\": 0\r\n  }\r\n}",
      "StatusCode": 200
    },
    {
      "RequestUri": "/subscriptions/38304e13-357e-405e-9e9a-220351dcce8c/resourceGroups/sambit_rg/providers/Microsoft.RecoveryServices/vaults/sambit?api-version=2022-04-01",
      "EncodedRequestUri": "L3N1YnNjcmlwdGlvbnMvMzgzMDRlMTMtMzU3ZS00MDVlLTllOWEtMjIwMzUxZGNjZThjL3Jlc291cmNlR3JvdXBzL3NhbWJpdF9yZy9wcm92aWRlcnMvTWljcm9zb2Z0LlJlY292ZXJ5U2VydmljZXMvdmF1bHRzL3NhbWJpdD9hcGktdmVyc2lvbj0yMDIyLTA0LTAx",
      "RequestMethod": "GET",
      "RequestHeaders": {
        "x-ms-client-request-id": [
          "aafee9c5-37c4-447a-8020-8264c7c5a700"
        ],
        "Accept-Language": [
          "en-US"
        ],
        "User-Agent": [
          "FxVersion/4.700.22.30802",
          "OSName/Windows",
          "OSVersion/Microsoft.Windows.10.0.22000",
          "Microsoft.Azure.Management.RecoveryServices.RecoveryServicesClient/4.3.3.0"
        ]
      },
      "RequestBody": "",
      "ResponseHeaders": {
        "Cache-Control": [
          "no-cache"
        ],
        "Pragma": [
          "no-cache"
        ],
        "x-ms-ratelimit-remaining-subscription-reads": [
          "11999"
        ],
        "X-Content-Type-Options": [
          "nosniff"
        ],
        "x-ms-request-id": [
          "a1759e52-116c-4ca7-b5d7-3a545b890ddf"
        ],
        "x-ms-client-request-id": [
          "aafee9c5-37c4-447a-8020-8264c7c5a700"
        ],
        "Server": [
          "Kestrel"
        ],
        "x-ms-correlation-request-id": [
          "a1759e52-116c-4ca7-b5d7-3a545b890ddf"
        ],
        "x-ms-routing-request-id": [
          "WESTINDIA:20220810T061854Z:a1759e52-116c-4ca7-b5d7-3a545b890ddf"
        ],
        "Strict-Transport-Security": [
          "max-age=31536000; includeSubDomains"
        ],
        "Date": [
          "Wed, 10 Aug 2022 06:18:54 GMT"
        ],
        "Content-Length": [
          "538"
        ],
        "Content-Type": [
          "application/json; charset=utf-8"
        ],
        "Expires": [
          "-1"
        ]
      },
      "ResponseBody": "{\r\n  \"location\": \"southeastasia\",\r\n  \"name\": \"sambit\",\r\n  \"etag\": \"W/\\\"datetime'2022-02-18T07%3A20%3A25.6898595Z'\\\"\",\r\n  \"properties\": {\r\n    \"provisioningState\": \"Succeeded\",\r\n    \"privateEndpointStateForBackup\": \"None\",\r\n    \"privateEndpointStateForSiteRecovery\": \"None\",\r\n    \"networkSettings\": {\r\n      \"publicNetworkAccess\": \"Enabled\"\r\n    },\r\n    \"backupStorageVersion\": \"Unassigned\"\r\n  },\r\n  \"id\": \"/subscriptions/38304e13-357e-405e-9e9a-220351dcce8c/resourceGroups/sambit_rg/providers/Microsoft.RecoveryServices/vaults/sambit\",\r\n  \"type\": \"Microsoft.RecoveryServices/vaults\",\r\n  \"sku\": {\r\n    \"name\": \"RS0\",\r\n    \"tier\": \"Standard\"\r\n  }\r\n}",
      "StatusCode": 200
    },
    {
      "RequestUri": "/subscriptions/38304e13-357e-405e-9e9a-220351dcce8c/resourceGroups/sambit_rg/providers/Microsoft.RecoveryServices/vaults/sambit/backupPolicies/iaasvmretentioncheck?api-version=2022-02-01",
      "EncodedRequestUri": "L3N1YnNjcmlwdGlvbnMvMzgzMDRlMTMtMzU3ZS00MDVlLTllOWEtMjIwMzUxZGNjZThjL3Jlc291cmNlR3JvdXBzL3NhbWJpdF9yZy9wcm92aWRlcnMvTWljcm9zb2Z0LlJlY292ZXJ5U2VydmljZXMvdmF1bHRzL3NhbWJpdC9iYWNrdXBQb2xpY2llcy9pYWFzdm1yZXRlbnRpb25jaGVjaz9hcGktdmVyc2lvbj0yMDIyLTAyLTAx",
      "RequestMethod": "GET",
      "RequestHeaders": {
        "x-ms-client-request-id": [
          "10769b99-e8f1-4edb-84ba-1c605185b6d9"
        ],
        "Accept-Language": [
          "en-US"
        ],
        "User-Agent": [
          "FxVersion/4.700.22.30802",
          "OSName/Windows",
          "OSVersion/Microsoft.Windows.10.0.22000",
          "Microsoft.Azure.Management.RecoveryServices.Backup.RecoveryServicesBackupClient/5.0.0.0"
        ]
      },
      "RequestBody": "",
      "ResponseHeaders": {
        "Cache-Control": [
          "no-cache"
        ],
        "Pragma": [
          "no-cache"
        ],
        "X-Content-Type-Options": [
          "nosniff"
        ],
        "x-ms-request-id": [
          "b148f098-1840-4e11-a8ad-cb776db0c09c"
        ],
        "x-ms-client-request-id": [
          "10769b99-e8f1-4edb-84ba-1c605185b6d9"
        ],
        "Server": [
          "Kestrel"
        ],
        "x-ms-ratelimit-remaining-subscription-resource-requests": [
          "299"
        ],
        "x-ms-correlation-request-id": [
          "b148f098-1840-4e11-a8ad-cb776db0c09c"
        ],
        "x-ms-routing-request-id": [
          "WESTINDIA:20220810T061856Z:b148f098-1840-4e11-a8ad-cb776db0c09c"
        ],
        "Strict-Transport-Security": [
          "max-age=31536000; includeSubDomains"
        ],
        "Date": [
          "Wed, 10 Aug 2022 06:18:56 GMT"
        ],
        "Content-Length": [
          "1461"
        ],
        "Content-Type": [
          "application/json; charset=utf-8"
        ],
        "Expires": [
          "-1"
        ]
      },
      "ResponseBody": "{\r\n  \"id\": \"/subscriptions/38304e13-357e-405e-9e9a-220351dcce8c/resourceGroups/sambit_rg/providers/Microsoft.RecoveryServices/vaults/sambit/backupPolicies/iaasvmretentioncheck\",\r\n  \"name\": \"iaasvmretentioncheck\",\r\n  \"type\": \"Microsoft.RecoveryServices/vaults/backupPolicies\",\r\n  \"properties\": {\r\n    \"backupManagementType\": \"AzureIaasVM\",\r\n    \"instantRPDetails\": {},\r\n    \"schedulePolicy\": {\r\n      \"schedulePolicyType\": \"SimpleSchedulePolicy\",\r\n      \"scheduleRunFrequency\": \"Daily\",\r\n      \"scheduleRunTimes\": [\r\n        \"2019-11-09T15:00:00Z\"\r\n      ],\r\n      \"scheduleWeeklyFrequency\": 0\r\n    },\r\n    \"retentionPolicy\": {\r\n      \"retentionPolicyType\": \"LongTermRetentionPolicy\",\r\n      \"dailySchedule\": {\r\n        \"retentionTimes\": [\r\n          \"2019-11-09T15:00:00Z\"\r\n        ],\r\n        \"retentionDuration\": {\r\n          \"count\": 180,\r\n          \"durationType\": \"Days\"\r\n        }\r\n      },\r\n      \"weeklySchedule\": {\r\n        \"daysOfTheWeek\": [\r\n          \"Sunday\",\r\n          \"Tuesday\",\r\n          \"Monday\",\r\n          \"Wednesday\",\r\n          \"Thursday\",\r\n          \"Friday\"\r\n        ],\r\n        \"retentionTimes\": [\r\n          \"2019-11-09T15:00:00Z\"\r\n        ],\r\n        \"retentionDuration\": {\r\n          \"count\": 12,\r\n          \"durationType\": \"Weeks\"\r\n        }\r\n      },\r\n      \"monthlySchedule\": {\r\n        \"retentionScheduleFormatType\": \"Weekly\",\r\n        \"retentionScheduleWeekly\": {\r\n          \"daysOfTheWeek\": [\r\n            \"Sunday\"\r\n          ],\r\n          \"weeksOfTheMonth\": [\r\n            \"First\"\r\n          ]\r\n        },\r\n        \"retentionTimes\": [\r\n          \"2019-11-09T15:00:00Z\"\r\n        ],\r\n        \"retentionDuration\": {\r\n          \"count\": 60,\r\n          \"durationType\": \"Months\"\r\n        }\r\n      },\r\n      \"yearlySchedule\": {\r\n        \"retentionScheduleFormatType\": \"Weekly\",\r\n        \"monthsOfYear\": [\r\n          \"January\"\r\n        ],\r\n        \"retentionScheduleWeekly\": {\r\n          \"daysOfTheWeek\": [\r\n            \"Sunday\"\r\n          ],\r\n          \"weeksOfTheMonth\": [\r\n            \"First\"\r\n          ]\r\n        },\r\n        \"retentionTimes\": [\r\n          \"2019-11-09T15:00:00Z\"\r\n        ],\r\n        \"retentionDuration\": {\r\n          \"count\": 10,\r\n          \"durationType\": \"Years\"\r\n        }\r\n      }\r\n    },\r\n    \"instantRpRetentionRangeInDays\": 1,\r\n    \"timeZone\": \"UTC\",\r\n    \"protectedItemsCount\": 0\r\n  }\r\n}",
      "StatusCode": 200
    },
    {
      "RequestUri": "/subscriptions/38304e13-357e-405e-9e9a-220351dcce8c/resourceGroups/PSTestRG0bd8fa03/providers/Microsoft.RecoveryServices/vaults/PSTestRSV0bd8fa03/backupPolicies/DefaultPolicy?api-version=2022-02-01",
      "EncodedRequestUri": "L3N1YnNjcmlwdGlvbnMvMzgzMDRlMTMtMzU3ZS00MDVlLTllOWEtMjIwMzUxZGNjZThjL3Jlc291cmNlR3JvdXBzL1BTVGVzdFJHMGJkOGZhMDMvcHJvdmlkZXJzL01pY3Jvc29mdC5SZWNvdmVyeVNlcnZpY2VzL3ZhdWx0cy9QU1Rlc3RSU1YwYmQ4ZmEwMy9iYWNrdXBQb2xpY2llcy9EZWZhdWx0UG9saWN5P2FwaS12ZXJzaW9uPTIwMjItMDItMDE=",
      "RequestMethod": "GET",
      "RequestHeaders": {
        "x-ms-client-request-id": [
          "6a8292b7-9ebb-4647-81b6-bebbad61d4bc"
        ],
        "Accept-Language": [
          "en-US"
        ],
        "User-Agent": [
          "FxVersion/4.700.22.30802",
          "OSName/Windows",
          "OSVersion/Microsoft.Windows.10.0.22000",
          "Microsoft.Azure.Management.RecoveryServices.Backup.RecoveryServicesBackupClient/5.0.0.0"
        ]
      },
      "RequestBody": "",
      "ResponseHeaders": {
        "Cache-Control": [
          "no-cache"
        ],
        "Pragma": [
          "no-cache"
        ],
        "X-Content-Type-Options": [
          "nosniff"
        ],
        "x-ms-request-id": [
          "42f12b54-d4a8-40c8-ba87-8274b6697327"
        ],
        "x-ms-client-request-id": [
          "6a8292b7-9ebb-4647-81b6-bebbad61d4bc"
        ],
        "Server": [
          "Kestrel"
        ],
        "x-ms-ratelimit-remaining-subscription-resource-requests": [
          "299"
        ],
        "x-ms-correlation-request-id": [
          "42f12b54-d4a8-40c8-ba87-8274b6697327"
        ],
        "x-ms-routing-request-id": [
          "WESTINDIA:20220810T061901Z:42f12b54-d4a8-40c8-ba87-8274b6697327"
        ],
        "Strict-Transport-Security": [
          "max-age=31536000; includeSubDomains"
        ],
        "Date": [
          "Wed, 10 Aug 2022 06:19:00 GMT"
        ],
        "Content-Length": [
          "762"
        ],
        "Content-Type": [
          "application/json; charset=utf-8"
        ],
        "Expires": [
          "-1"
        ]
      },
      "ResponseBody": "{\r\n  \"id\": \"/subscriptions/38304e13-357e-405e-9e9a-220351dcce8c/resourceGroups/PSTestRG0bd8fa03/providers/Microsoft.RecoveryServices/vaults/PSTestRSV0bd8fa03/backupPolicies/DefaultPolicy\",\r\n  \"name\": \"DefaultPolicy\",\r\n  \"type\": \"Microsoft.RecoveryServices/vaults/backupPolicies\",\r\n  \"properties\": {\r\n    \"backupManagementType\": \"AzureIaasVM\",\r\n    \"instantRPDetails\": {},\r\n    \"schedulePolicy\": {\r\n      \"schedulePolicyType\": \"SimpleSchedulePolicy\",\r\n      \"scheduleRunFrequency\": \"Daily\",\r\n      \"scheduleRunTimes\": [\r\n        \"2022-08-10T16:00:00Z\"\r\n      ],\r\n      \"scheduleWeeklyFrequency\": 0\r\n    },\r\n    \"retentionPolicy\": {\r\n      \"retentionPolicyType\": \"LongTermRetentionPolicy\",\r\n      \"dailySchedule\": {\r\n        \"retentionTimes\": [\r\n          \"2022-08-10T16:00:00Z\"\r\n        ],\r\n        \"retentionDuration\": {\r\n          \"count\": 30,\r\n          \"durationType\": \"Days\"\r\n        }\r\n      }\r\n    },\r\n    \"instantRpRetentionRangeInDays\": 2,\r\n    \"timeZone\": \"UTC\",\r\n    \"protectedItemsCount\": 0\r\n  }\r\n}",
      "StatusCode": 200
    },
    {
      "RequestUri": "/subscriptions/38304e13-357e-405e-9e9a-220351dcce8c/resourceGroups/PSTestRG0bd8fa03/providers/Microsoft.RecoveryServices/vaults/PSTestRSV0bd8fa03/backupPolicies/newPolicy?api-version=2022-02-01",
      "EncodedRequestUri": "L3N1YnNjcmlwdGlvbnMvMzgzMDRlMTMtMzU3ZS00MDVlLTllOWEtMjIwMzUxZGNjZThjL3Jlc291cmNlR3JvdXBzL1BTVGVzdFJHMGJkOGZhMDMvcHJvdmlkZXJzL01pY3Jvc29mdC5SZWNvdmVyeVNlcnZpY2VzL3ZhdWx0cy9QU1Rlc3RSU1YwYmQ4ZmEwMy9iYWNrdXBQb2xpY2llcy9uZXdQb2xpY3k/YXBpLXZlcnNpb249MjAyMi0wMi0wMQ==",
      "RequestMethod": "DELETE",
      "RequestHeaders": {
        "x-ms-client-request-id": [
          "75f124ea-1336-49bb-b653-e309a253df0e"
        ],
        "Accept-Language": [
          "en-US"
        ],
        "User-Agent": [
          "FxVersion/4.700.22.30802",
          "OSName/Windows",
          "OSVersion/Microsoft.Windows.10.0.22000",
          "Microsoft.Azure.Management.RecoveryServices.Backup.RecoveryServicesBackupClient/5.0.0.0"
        ]
      },
      "RequestBody": "",
      "ResponseHeaders": {
        "Cache-Control": [
          "no-cache"
        ],
        "Pragma": [
          "no-cache"
        ],
        "X-Content-Type-Options": [
          "nosniff"
        ],
        "x-ms-request-id": [
          "763474a0-27a6-4a98-a92d-b05df7ebb676"
        ],
        "x-ms-client-request-id": [
          "75f124ea-1336-49bb-b653-e309a253df0e"
        ],
        "Server": [
          "Kestrel"
        ],
        "x-ms-ratelimit-remaining-subscription-deletes": [
          "14999"
        ],
        "x-ms-correlation-request-id": [
          "763474a0-27a6-4a98-a92d-b05df7ebb676"
        ],
        "x-ms-routing-request-id": [
          "WESTINDIA:20220810T061910Z:763474a0-27a6-4a98-a92d-b05df7ebb676"
        ],
        "Strict-Transport-Security": [
          "max-age=31536000; includeSubDomains"
        ],
        "Date": [
          "Wed, 10 Aug 2022 06:19:10 GMT"
        ],
        "Expires": [
          "-1"
        ],
        "Content-Length": [
          "0"
        ]
      },
      "ResponseBody": "",
      "StatusCode": 200
    },
    {
      "RequestUri": "/subscriptions/38304e13-357e-405e-9e9a-220351dcce8c/resourceGroups/PSTestRG0bd8fa03/providers/Microsoft.RecoveryServices/vaults?api-version=2022-04-01",
      "EncodedRequestUri": "L3N1YnNjcmlwdGlvbnMvMzgzMDRlMTMtMzU3ZS00MDVlLTllOWEtMjIwMzUxZGNjZThjL3Jlc291cmNlR3JvdXBzL1BTVGVzdFJHMGJkOGZhMDMvcHJvdmlkZXJzL01pY3Jvc29mdC5SZWNvdmVyeVNlcnZpY2VzL3ZhdWx0cz9hcGktdmVyc2lvbj0yMDIyLTA0LTAx",
      "RequestMethod": "GET",
      "RequestHeaders": {
        "x-ms-client-request-id": [
          "74be9451-3ba6-4e6d-be2e-06e40a33c155"
        ],
        "Accept-Language": [
          "en-US"
        ],
        "User-Agent": [
          "FxVersion/4.700.22.30802",
          "OSName/Windows",
          "OSVersion/Microsoft.Windows.10.0.22000",
          "Microsoft.Azure.Management.RecoveryServices.RecoveryServicesClient/4.3.3.0"
        ]
      },
      "RequestBody": "",
      "ResponseHeaders": {
        "Cache-Control": [
          "no-cache"
        ],
        "Pragma": [
          "no-cache"
        ],
        "x-ms-ratelimit-remaining-subscription-reads": [
          "11999"
        ],
        "X-Content-Type-Options": [
          "nosniff"
        ],
        "x-ms-request-id": [
          "ceb4874d-1b82-4bca-b95e-d6ae2a0efb22"
        ],
        "x-ms-client-request-id": [
          "74be9451-3ba6-4e6d-be2e-06e40a33c155"
        ],
        "Server": [
          "Kestrel"
        ],
        "x-ms-correlation-request-id": [
          "ceb4874d-1b82-4bca-b95e-d6ae2a0efb22"
        ],
        "x-ms-routing-request-id": [
          "WESTINDIA:20220810T061913Z:ceb4874d-1b82-4bca-b95e-d6ae2a0efb22"
        ],
        "Strict-Transport-Security": [
          "max-age=31536000; includeSubDomains"
        ],
        "Date": [
          "Wed, 10 Aug 2022 06:19:13 GMT"
        ],
        "Content-Length": [
          "487"
        ],
        "Content-Type": [
          "application/json; charset=utf-8"
        ],
        "Expires": [
          "-1"
        ]
      },
      "ResponseBody": "{\r\n  \"value\": [\r\n    {\r\n      \"location\": \"eastasia\",\r\n      \"name\": \"PSTestRSV0bd8fa03\",\r\n      \"etag\": \"W/\\\"datetime'2022-08-10T06%3A18%3A46.0078893Z'\\\"\",\r\n      \"tags\": null,\r\n      \"identity\": null,\r\n      \"properties\": {\r\n        \"provisioningState\": \"Succeeded\"\r\n      },\r\n      \"id\": \"/subscriptions/38304e13-357e-405e-9e9a-220351dcce8c/resourceGroups/PSTestRG0bd8fa03/providers/Microsoft.RecoveryServices/vaults/PSTestRSV0bd8fa03\",\r\n      \"type\": \"Microsoft.RecoveryServices/vaults\",\r\n      \"sku\": {\r\n        \"name\": \"Standard\",\r\n        \"tier\": null,\r\n        \"size\": null,\r\n        \"family\": null,\r\n        \"capacity\": null\r\n      }\r\n    }\r\n  ],\r\n  \"nextLink\": null\r\n}",
      "StatusCode": 200
    },
    {
      "RequestUri": "/subscriptions/38304e13-357e-405e-9e9a-220351dcce8c/resourceGroups/PSTestRG0bd8fa03/providers/Microsoft.RecoveryServices/vaults/PSTestRSV0bd8fa03/backupProtectionContainers?$filter=backupManagementType%20eq%20'AzureIaasVM'%20and%20status%20eq%20'Registered'&api-version=2022-02-01",
      "EncodedRequestUri": "L3N1YnNjcmlwdGlvbnMvMzgzMDRlMTMtMzU3ZS00MDVlLTllOWEtMjIwMzUxZGNjZThjL3Jlc291cmNlR3JvdXBzL1BTVGVzdFJHMGJkOGZhMDMvcHJvdmlkZXJzL01pY3Jvc29mdC5SZWNvdmVyeVNlcnZpY2VzL3ZhdWx0cy9QU1Rlc3RSU1YwYmQ4ZmEwMy9iYWNrdXBQcm90ZWN0aW9uQ29udGFpbmVycz8kZmlsdGVyPWJhY2t1cE1hbmFnZW1lbnRUeXBlJTIwZXElMjAnQXp1cmVJYWFzVk0nJTIwYW5kJTIwc3RhdHVzJTIwZXElMjAnUmVnaXN0ZXJlZCcmYXBpLXZlcnNpb249MjAyMi0wMi0wMQ==",
      "RequestMethod": "GET",
      "RequestHeaders": {
        "x-ms-client-request-id": [
          "89ae528f-019c-4a8a-8c19-7b5accd27e4a"
        ],
        "Accept-Language": [
          "en-US"
        ],
        "User-Agent": [
          "FxVersion/4.700.22.30802",
          "OSName/Windows",
          "OSVersion/Microsoft.Windows.10.0.22000",
          "Microsoft.Azure.Management.RecoveryServices.Backup.RecoveryServicesBackupClient/5.0.0.0"
        ]
      },
      "RequestBody": "",
      "ResponseHeaders": {
        "Cache-Control": [
          "no-cache"
        ],
        "Pragma": [
          "no-cache"
        ],
        "X-Content-Type-Options": [
          "nosniff"
        ],
        "x-ms-request-id": [
          "a0b503d2-1565-4677-89fe-aad5c2cde438"
        ],
        "x-ms-client-request-id": [
          "89ae528f-019c-4a8a-8c19-7b5accd27e4a"
        ],
        "Server": [
          "Kestrel"
        ],
        "x-ms-ratelimit-remaining-subscription-resource-requests": [
          "299"
        ],
        "x-ms-correlation-request-id": [
          "a0b503d2-1565-4677-89fe-aad5c2cde438"
        ],
        "x-ms-routing-request-id": [
          "WESTINDIA:20220810T061916Z:a0b503d2-1565-4677-89fe-aad5c2cde438"
        ],
        "Strict-Transport-Security": [
          "max-age=31536000; includeSubDomains"
        ],
        "Date": [
          "Wed, 10 Aug 2022 06:19:16 GMT"
        ],
        "Content-Length": [
          "12"
        ],
        "Content-Type": [
          "application/json; charset=utf-8"
        ],
        "Expires": [
          "-1"
        ]
      },
      "ResponseBody": "{\r\n  \"value\": []\r\n}",
      "StatusCode": 200
    },
    {
      "RequestUri": "/subscriptions/38304e13-357e-405e-9e9a-220351dcce8c/resourceGroups/PSTestRG0bd8fa03/providers/Microsoft.RecoveryServices/vaults/PSTestRSV0bd8fa03?api-version=2022-04-01",
      "EncodedRequestUri": "L3N1YnNjcmlwdGlvbnMvMzgzMDRlMTMtMzU3ZS00MDVlLTllOWEtMjIwMzUxZGNjZThjL3Jlc291cmNlR3JvdXBzL1BTVGVzdFJHMGJkOGZhMDMvcHJvdmlkZXJzL01pY3Jvc29mdC5SZWNvdmVyeVNlcnZpY2VzL3ZhdWx0cy9QU1Rlc3RSU1YwYmQ4ZmEwMz9hcGktdmVyc2lvbj0yMDIyLTA0LTAx",
      "RequestMethod": "DELETE",
      "RequestHeaders": {
        "x-ms-client-request-id": [
          "78bd3a98-60bf-4d28-9837-dc9e7cad16b8"
        ],
        "Accept-Language": [
          "en-US"
        ],
        "User-Agent": [
          "FxVersion/4.700.22.30802",
          "OSName/Windows",
          "OSVersion/Microsoft.Windows.10.0.22000",
          "Microsoft.Azure.Management.RecoveryServices.RecoveryServicesClient/4.3.3.0"
        ]
      },
      "RequestBody": "",
      "ResponseHeaders": {
        "Cache-Control": [
          "no-cache"
        ],
        "Pragma": [
          "no-cache"
        ],
        "X-Content-Type-Options": [
          "nosniff"
        ],
        "x-ms-request-id": [
          "00000000-0000-0000-0000-000000000000"
        ],
        "x-ms-client-request-id": [
          "00000000-0000-0000-0000-000000000000"
        ],
        "Server": [
          "Kestrel"
        ],
        "x-ms-ratelimit-remaining-subscription-resource-requests": [
          "49"
        ],
        "x-ms-correlation-request-id": [
          "2233672b-a3eb-45f7-88a7-a97ec4d51c35"
        ],
        "x-ms-routing-request-id": [
          "WESTINDIA:20220810T061926Z:2233672b-a3eb-45f7-88a7-a97ec4d51c35"
        ],
        "Strict-Transport-Security": [
          "max-age=31536000; includeSubDomains"
        ],
        "Date": [
          "Wed, 10 Aug 2022 06:19:25 GMT"
        ],
        "Expires": [
          "-1"
        ],
        "Content-Length": [
          "0"
        ]
      },
      "ResponseBody": "",
      "StatusCode": 200
    },
    {
      "RequestUri": "/subscriptions/38304e13-357e-405e-9e9a-220351dcce8c/resourcegroups/PSTestRG0bd8fa03?api-version=2016-09-01",
      "EncodedRequestUri": "L3N1YnNjcmlwdGlvbnMvMzgzMDRlMTMtMzU3ZS00MDVlLTllOWEtMjIwMzUxZGNjZThjL3Jlc291cmNlZ3JvdXBzL1BTVGVzdFJHMGJkOGZhMDM/YXBpLXZlcnNpb249MjAxNi0wOS0wMQ==",
      "RequestMethod": "DELETE",
      "RequestHeaders": {
        "x-ms-client-request-id": [
          "f1fab32c-2f35-41ee-bf9d-43c40839e83f"
        ],
        "Accept-Language": [
          "en-US"
        ],
        "User-Agent": [
          "FxVersion/4.700.22.30802",
          "OSName/Windows",
          "OSVersion/Microsoft.Windows.10.0.22000",
          "Microsoft.Azure.Management.Internal.Resources.ResourceManagementClient/1.3.59"
        ]
      },
      "RequestBody": "",
      "ResponseHeaders": {
        "Cache-Control": [
          "no-cache"
        ],
        "Pragma": [
          "no-cache"
        ],
        "Location": [
          "https://management.azure.com/subscriptions/38304e13-357e-405e-9e9a-220351dcce8c/operationresults/eyJqb2JJZCI6IlJFU09VUkNFR1JPVVBERUxFVElPTkpPQi1QU1RFU1RSRzBCRDhGQTAzLUVBU1RBU0lBIiwiam9iTG9jYXRpb24iOiJlYXN0YXNpYSJ9?api-version=2016-09-01"
        ],
        "Retry-After": [
          "15"
        ],
        "x-ms-ratelimit-remaining-subscription-deletes": [
          "14999"
        ],
        "x-ms-request-id": [
          "9a505c5e-81c6-40e2-999f-b99e6727b41c"
        ],
        "x-ms-correlation-request-id": [
          "9a505c5e-81c6-40e2-999f-b99e6727b41c"
        ],
        "x-ms-routing-request-id": [
          "WESTINDIA:20220810T061930Z:9a505c5e-81c6-40e2-999f-b99e6727b41c"
        ],
        "Strict-Transport-Security": [
          "max-age=31536000; includeSubDomains"
        ],
        "X-Content-Type-Options": [
          "nosniff"
        ],
        "Date": [
          "Wed, 10 Aug 2022 06:19:30 GMT"
        ],
        "Expires": [
          "-1"
        ],
        "Content-Length": [
          "0"
        ]
      },
      "ResponseBody": "",
      "StatusCode": 202
    },
    {
      "RequestUri": "/subscriptions/38304e13-357e-405e-9e9a-220351dcce8c/operationresults/eyJqb2JJZCI6IlJFU09VUkNFR1JPVVBERUxFVElPTkpPQi1QU1RFU1RSRzBCRDhGQTAzLUVBU1RBU0lBIiwiam9iTG9jYXRpb24iOiJlYXN0YXNpYSJ9?api-version=2016-09-01",
      "EncodedRequestUri": "L3N1YnNjcmlwdGlvbnMvMzgzMDRlMTMtMzU3ZS00MDVlLTllOWEtMjIwMzUxZGNjZThjL29wZXJhdGlvbnJlc3VsdHMvZXlKcWIySkpaQ0k2SWxKRlUwOVZVa05GUjFKUFZWQkVSVXhGVkVsUFRrcFBRaTFRVTFSRlUxUlNSekJDUkRoR1FUQXpMVVZCVTFSQlUwbEJJaXdpYW05aVRHOWpZWFJwYjI0aU9pSmxZWE4wWVhOcFlTSjk/YXBpLXZlcnNpb249MjAxNi0wOS0wMQ==",
      "RequestMethod": "GET",
      "RequestHeaders": {
        "User-Agent": [
          "FxVersion/4.700.22.30802",
          "OSName/Windows",
          "OSVersion/Microsoft.Windows.10.0.22000",
          "Microsoft.Azure.Management.Internal.Resources.ResourceManagementClient/1.3.59"
        ]
      },
      "RequestBody": "",
      "ResponseHeaders": {
        "Cache-Control": [
          "no-cache"
        ],
        "Pragma": [
          "no-cache"
        ],
        "Location": [
          "https://management.azure.com/subscriptions/38304e13-357e-405e-9e9a-220351dcce8c/operationresults/eyJqb2JJZCI6IlJFU09VUkNFR1JPVVBERUxFVElPTkpPQi1QU1RFU1RSRzBCRDhGQTAzLUVBU1RBU0lBIiwiam9iTG9jYXRpb24iOiJlYXN0YXNpYSJ9?api-version=2016-09-01"
        ],
        "Retry-After": [
          "15"
        ],
        "x-ms-ratelimit-remaining-subscription-reads": [
          "11999"
        ],
        "x-ms-request-id": [
          "c2c2d35f-3f27-4766-bd48-ba487f008d8f"
        ],
        "x-ms-correlation-request-id": [
          "c2c2d35f-3f27-4766-bd48-ba487f008d8f"
        ],
        "x-ms-routing-request-id": [
          "WESTINDIA:20220810T061946Z:c2c2d35f-3f27-4766-bd48-ba487f008d8f"
        ],
        "Strict-Transport-Security": [
          "max-age=31536000; includeSubDomains"
        ],
        "X-Content-Type-Options": [
          "nosniff"
        ],
        "Date": [
          "Wed, 10 Aug 2022 06:19:45 GMT"
        ],
        "Expires": [
          "-1"
        ],
        "Content-Length": [
          "0"
        ]
      },
      "ResponseBody": "",
      "StatusCode": 202
    },
    {
      "RequestUri": "/subscriptions/38304e13-357e-405e-9e9a-220351dcce8c/operationresults/eyJqb2JJZCI6IlJFU09VUkNFR1JPVVBERUxFVElPTkpPQi1QU1RFU1RSRzBCRDhGQTAzLUVBU1RBU0lBIiwiam9iTG9jYXRpb24iOiJlYXN0YXNpYSJ9?api-version=2016-09-01",
      "EncodedRequestUri": "L3N1YnNjcmlwdGlvbnMvMzgzMDRlMTMtMzU3ZS00MDVlLTllOWEtMjIwMzUxZGNjZThjL29wZXJhdGlvbnJlc3VsdHMvZXlKcWIySkpaQ0k2SWxKRlUwOVZVa05GUjFKUFZWQkVSVXhGVkVsUFRrcFBRaTFRVTFSRlUxUlNSekJDUkRoR1FUQXpMVVZCVTFSQlUwbEJJaXdpYW05aVRHOWpZWFJwYjI0aU9pSmxZWE4wWVhOcFlTSjk/YXBpLXZlcnNpb249MjAxNi0wOS0wMQ==",
      "RequestMethod": "GET",
      "RequestHeaders": {
        "User-Agent": [
          "FxVersion/4.700.22.30802",
          "OSName/Windows",
          "OSVersion/Microsoft.Windows.10.0.22000",
          "Microsoft.Azure.Management.Internal.Resources.ResourceManagementClient/1.3.59"
        ]
      },
      "RequestBody": "",
      "ResponseHeaders": {
        "Cache-Control": [
          "no-cache"
        ],
        "Pragma": [
          "no-cache"
        ],
        "Location": [
          "https://management.azure.com/subscriptions/38304e13-357e-405e-9e9a-220351dcce8c/operationresults/eyJqb2JJZCI6IlJFU09VUkNFR1JPVVBERUxFVElPTkpPQi1QU1RFU1RSRzBCRDhGQTAzLUVBU1RBU0lBIiwiam9iTG9jYXRpb24iOiJlYXN0YXNpYSJ9?api-version=2016-09-01"
        ],
        "Retry-After": [
          "15"
        ],
        "x-ms-ratelimit-remaining-subscription-reads": [
          "11998"
        ],
        "x-ms-request-id": [
          "b33534f1-4e96-426e-a4ba-3f0d965984b0"
        ],
        "x-ms-correlation-request-id": [
          "b33534f1-4e96-426e-a4ba-3f0d965984b0"
        ],
        "x-ms-routing-request-id": [
          "WESTINDIA:20220810T062001Z:b33534f1-4e96-426e-a4ba-3f0d965984b0"
        ],
        "Strict-Transport-Security": [
          "max-age=31536000; includeSubDomains"
        ],
        "X-Content-Type-Options": [
          "nosniff"
        ],
        "Date": [
          "Wed, 10 Aug 2022 06:20:01 GMT"
        ],
        "Expires": [
          "-1"
        ],
        "Content-Length": [
          "0"
        ]
      },
      "ResponseBody": "",
      "StatusCode": 202
    },
    {
      "RequestUri": "/subscriptions/38304e13-357e-405e-9e9a-220351dcce8c/operationresults/eyJqb2JJZCI6IlJFU09VUkNFR1JPVVBERUxFVElPTkpPQi1QU1RFU1RSRzBCRDhGQTAzLUVBU1RBU0lBIiwiam9iTG9jYXRpb24iOiJlYXN0YXNpYSJ9?api-version=2016-09-01",
      "EncodedRequestUri": "L3N1YnNjcmlwdGlvbnMvMzgzMDRlMTMtMzU3ZS00MDVlLTllOWEtMjIwMzUxZGNjZThjL29wZXJhdGlvbnJlc3VsdHMvZXlKcWIySkpaQ0k2SWxKRlUwOVZVa05GUjFKUFZWQkVSVXhGVkVsUFRrcFBRaTFRVTFSRlUxUlNSekJDUkRoR1FUQXpMVVZCVTFSQlUwbEJJaXdpYW05aVRHOWpZWFJwYjI0aU9pSmxZWE4wWVhOcFlTSjk/YXBpLXZlcnNpb249MjAxNi0wOS0wMQ==",
      "RequestMethod": "GET",
      "RequestHeaders": {
        "User-Agent": [
          "FxVersion/4.700.22.30802",
          "OSName/Windows",
          "OSVersion/Microsoft.Windows.10.0.22000",
          "Microsoft.Azure.Management.Internal.Resources.ResourceManagementClient/1.3.59"
        ]
      },
      "RequestBody": "",
      "ResponseHeaders": {
        "Cache-Control": [
          "no-cache"
        ],
        "Pragma": [
          "no-cache"
        ],
        "Location": [
          "https://management.azure.com/subscriptions/38304e13-357e-405e-9e9a-220351dcce8c/operationresults/eyJqb2JJZCI6IlJFU09VUkNFR1JPVVBERUxFVElPTkpPQi1QU1RFU1RSRzBCRDhGQTAzLUVBU1RBU0lBIiwiam9iTG9jYXRpb24iOiJlYXN0YXNpYSJ9?api-version=2016-09-01"
        ],
        "Retry-After": [
          "15"
        ],
        "x-ms-ratelimit-remaining-subscription-reads": [
          "11997"
        ],
        "x-ms-request-id": [
          "f9db08bf-c330-4c96-a2b5-b7de04c38b34"
        ],
        "x-ms-correlation-request-id": [
          "f9db08bf-c330-4c96-a2b5-b7de04c38b34"
        ],
        "x-ms-routing-request-id": [
          "WESTINDIA:20220810T062017Z:f9db08bf-c330-4c96-a2b5-b7de04c38b34"
        ],
        "Strict-Transport-Security": [
          "max-age=31536000; includeSubDomains"
        ],
        "X-Content-Type-Options": [
          "nosniff"
        ],
        "Date": [
          "Wed, 10 Aug 2022 06:20:16 GMT"
        ],
        "Expires": [
          "-1"
        ],
        "Content-Length": [
          "0"
        ]
      },
      "ResponseBody": "",
      "StatusCode": 202
    },
    {
      "RequestUri": "/subscriptions/38304e13-357e-405e-9e9a-220351dcce8c/operationresults/eyJqb2JJZCI6IlJFU09VUkNFR1JPVVBERUxFVElPTkpPQi1QU1RFU1RSRzBCRDhGQTAzLUVBU1RBU0lBIiwiam9iTG9jYXRpb24iOiJlYXN0YXNpYSJ9?api-version=2016-09-01",
      "EncodedRequestUri": "L3N1YnNjcmlwdGlvbnMvMzgzMDRlMTMtMzU3ZS00MDVlLTllOWEtMjIwMzUxZGNjZThjL29wZXJhdGlvbnJlc3VsdHMvZXlKcWIySkpaQ0k2SWxKRlUwOVZVa05GUjFKUFZWQkVSVXhGVkVsUFRrcFBRaTFRVTFSRlUxUlNSekJDUkRoR1FUQXpMVVZCVTFSQlUwbEJJaXdpYW05aVRHOWpZWFJwYjI0aU9pSmxZWE4wWVhOcFlTSjk/YXBpLXZlcnNpb249MjAxNi0wOS0wMQ==",
      "RequestMethod": "GET",
      "RequestHeaders": {
        "User-Agent": [
          "FxVersion/4.700.22.30802",
          "OSName/Windows",
          "OSVersion/Microsoft.Windows.10.0.22000",
          "Microsoft.Azure.Management.Internal.Resources.ResourceManagementClient/1.3.59"
        ]
      },
      "RequestBody": "",
      "ResponseHeaders": {
        "Cache-Control": [
          "no-cache"
        ],
        "Pragma": [
          "no-cache"
        ],
        "Location": [
          "https://management.azure.com/subscriptions/38304e13-357e-405e-9e9a-220351dcce8c/operationresults/eyJqb2JJZCI6IlJFU09VUkNFR1JPVVBERUxFVElPTkpPQi1QU1RFU1RSRzBCRDhGQTAzLUVBU1RBU0lBIiwiam9iTG9jYXRpb24iOiJlYXN0YXNpYSJ9?api-version=2016-09-01"
        ],
        "Retry-After": [
          "15"
        ],
        "x-ms-ratelimit-remaining-subscription-reads": [
          "11996"
        ],
        "x-ms-request-id": [
          "b2687107-1646-4b45-bb36-3ecf9d5445aa"
        ],
        "x-ms-correlation-request-id": [
          "b2687107-1646-4b45-bb36-3ecf9d5445aa"
        ],
        "x-ms-routing-request-id": [
          "WESTINDIA:20220810T062032Z:b2687107-1646-4b45-bb36-3ecf9d5445aa"
        ],
        "Strict-Transport-Security": [
          "max-age=31536000; includeSubDomains"
        ],
        "X-Content-Type-Options": [
          "nosniff"
        ],
        "Date": [
          "Wed, 10 Aug 2022 06:20:31 GMT"
        ],
        "Expires": [
          "-1"
        ],
        "Content-Length": [
          "0"
        ]
      },
      "ResponseBody": "",
      "StatusCode": 202
    },
    {
      "RequestUri": "/subscriptions/38304e13-357e-405e-9e9a-220351dcce8c/operationresults/eyJqb2JJZCI6IlJFU09VUkNFR1JPVVBERUxFVElPTkpPQi1QU1RFU1RSRzBCRDhGQTAzLUVBU1RBU0lBIiwiam9iTG9jYXRpb24iOiJlYXN0YXNpYSJ9?api-version=2016-09-01",
      "EncodedRequestUri": "L3N1YnNjcmlwdGlvbnMvMzgzMDRlMTMtMzU3ZS00MDVlLTllOWEtMjIwMzUxZGNjZThjL29wZXJhdGlvbnJlc3VsdHMvZXlKcWIySkpaQ0k2SWxKRlUwOVZVa05GUjFKUFZWQkVSVXhGVkVsUFRrcFBRaTFRVTFSRlUxUlNSekJDUkRoR1FUQXpMVVZCVTFSQlUwbEJJaXdpYW05aVRHOWpZWFJwYjI0aU9pSmxZWE4wWVhOcFlTSjk/YXBpLXZlcnNpb249MjAxNi0wOS0wMQ==",
      "RequestMethod": "GET",
      "RequestHeaders": {
        "User-Agent": [
          "FxVersion/4.700.22.30802",
          "OSName/Windows",
          "OSVersion/Microsoft.Windows.10.0.22000",
          "Microsoft.Azure.Management.Internal.Resources.ResourceManagementClient/1.3.59"
        ]
      },
      "RequestBody": "",
      "ResponseHeaders": {
        "Cache-Control": [
          "no-cache"
        ],
        "Pragma": [
          "no-cache"
        ],
        "x-ms-ratelimit-remaining-subscription-reads": [
          "11995"
        ],
        "x-ms-request-id": [
          "ab5e8c4d-dd2f-41b8-a25b-5d1efffc1e37"
        ],
        "x-ms-correlation-request-id": [
          "ab5e8c4d-dd2f-41b8-a25b-5d1efffc1e37"
        ],
        "x-ms-routing-request-id": [
          "WESTINDIA:20220810T062047Z:ab5e8c4d-dd2f-41b8-a25b-5d1efffc1e37"
        ],
        "Strict-Transport-Security": [
          "max-age=31536000; includeSubDomains"
        ],
        "X-Content-Type-Options": [
          "nosniff"
        ],
        "Date": [
          "Wed, 10 Aug 2022 06:20:46 GMT"
        ],
        "Expires": [
          "-1"
        ],
        "Content-Length": [
          "0"
        ]
      },
      "ResponseBody": "",
      "StatusCode": 200
    },
    {
      "RequestUri": "/subscriptions/38304e13-357e-405e-9e9a-220351dcce8c/operationresults/eyJqb2JJZCI6IlJFU09VUkNFR1JPVVBERUxFVElPTkpPQi1QU1RFU1RSRzBCRDhGQTAzLUVBU1RBU0lBIiwiam9iTG9jYXRpb24iOiJlYXN0YXNpYSJ9?api-version=2016-09-01",
      "EncodedRequestUri": "L3N1YnNjcmlwdGlvbnMvMzgzMDRlMTMtMzU3ZS00MDVlLTllOWEtMjIwMzUxZGNjZThjL29wZXJhdGlvbnJlc3VsdHMvZXlKcWIySkpaQ0k2SWxKRlUwOVZVa05GUjFKUFZWQkVSVXhGVkVsUFRrcFBRaTFRVTFSRlUxUlNSekJDUkRoR1FUQXpMVVZCVTFSQlUwbEJJaXdpYW05aVRHOWpZWFJwYjI0aU9pSmxZWE4wWVhOcFlTSjk/YXBpLXZlcnNpb249MjAxNi0wOS0wMQ==",
      "RequestMethod": "GET",
      "RequestHeaders": {
        "User-Agent": [
          "FxVersion/4.700.22.30802",
          "OSName/Windows",
          "OSVersion/Microsoft.Windows.10.0.22000",
          "Microsoft.Azure.Management.Internal.Resources.ResourceManagementClient/1.3.59"
        ]
      },
      "RequestBody": "",
      "ResponseHeaders": {
        "Cache-Control": [
          "no-cache"
        ],
        "Pragma": [
          "no-cache"
        ],
        "x-ms-ratelimit-remaining-subscription-reads": [
          "11994"
        ],
        "x-ms-request-id": [
          "5d227704-a104-4614-a960-90290852a86c"
        ],
        "x-ms-correlation-request-id": [
          "5d227704-a104-4614-a960-90290852a86c"
        ],
        "x-ms-routing-request-id": [
          "WESTINDIA:20220810T062048Z:5d227704-a104-4614-a960-90290852a86c"
        ],
        "Strict-Transport-Security": [
          "max-age=31536000; includeSubDomains"
        ],
        "X-Content-Type-Options": [
          "nosniff"
        ],
        "Date": [
          "Wed, 10 Aug 2022 06:20:47 GMT"
        ],
        "Expires": [
          "-1"
        ],
        "Content-Length": [
          "0"
        ]
      },
      "ResponseBody": "",
      "StatusCode": 200
    }
  ],
  "Names": {},
  "Variables": {
    "SubscriptionId": "38304e13-357e-405e-9e9a-220351dcce8c",
    "NamingSuffix": "0bd8fa03-00c1-4050-bf2a-57e35b89e69e"
  }
}