{
  "Get-AzLogzMonitorSSOConfiguration+[NoContext]+Get+$GET+https://management.azure.com/subscriptions/ce37d538-dfa3-49c3-b3cd-149b4b7db48a/resourceGroups/logz-rg-el53t6/providers/Microsoft.Logz/monitors/monitor-kcion4/singleSignOnConfigurations/default?api-version=2020-10-01-preview+1": {
    "Request": {
      "Method": "GET",
      "RequestUri": "https://management.azure.com/subscriptions/ce37d538-dfa3-49c3-b3cd-149b4b7db48a/resourceGroups/logz-rg-el53t6/providers/Microsoft.Logz/monitors/monitor-kcion4/singleSignOnConfigurations/default?api-version=2020-10-01-preview",
      "Content": null,
      "isContentBase64": false,
      "Headers": {
        "x-ms-unique-id": [ "1" ],
        "x-ms-client-request-id": [ "2ad16a8c-934c-484b-b1d3-7fbf4d7df6e1" ],
        "CommandName": [ "Get-AzLogzMonitorSSOConfiguration" ],
        "FullCommandName": [ "Get-AzLogzMonitorSSOConfiguration_Get" ],
        "ParameterSetName": [ "__AllParameterSets" ],
        "User-Agent": [ "AzurePowershell/Az4.0.0-preview" ],
        "Authorization": [ "[Filtered]" ]
      },
      "ContentHeaders": {
      }
    },
    "Response": {
      "StatusCode": 200,
      "Headers": {
        "Cache-Control": [ "no-cache" ],
        "Pragma": [ "no-cache" ],
        "ETag": [ "\"00000e81-0000-0800-0000-61442e8c0000\"" ],
        "x-ms-ratelimit-remaining-subscription-reads": [ "11999" ],
        "x-ms-providerhub-traffic": [ "True" ],
        "x-ms-request-id": [ "15334df9-3b89-4dbb-8d12-3294ffe3700f" ],
        "x-ms-correlation-request-id": [ "99517d73-1a21-4db5-a005-d20a17661f2f" ],
        "x-ms-routing-request-id": [ "SOUTHEASTASIA:20210917T061634Z:99517d73-1a21-4db5-a005-d20a17661f2f" ],
        "Strict-Transport-Security": [ "max-age=31536000; includeSubDomains" ],
        "X-Content-Type-Options": [ "nosniff" ],
        "Date": [ "Fri, 17 Sep 2021 06:16:33 GMT" ]
      },
      "ContentHeaders": {
        "Content-Length": [ "631" ],
        "Content-Type": [ "application/json; charset=utf-8" ],
        "Expires": [ "-1" ]
      },
      "Content": "{\"id\":\"/subscriptions/ce37d538-dfa3-49c3-b3cd-149b4b7db48a/resourceGroups/logz-rg-el53t6/providers/Microsoft.Logz/monitors/monitor-kcion4/singleSignOnConfigurations/default\",\"name\":\"default\",\"type\":\"microsoft.logz/monitors/singlesignonconfigurations\",\"systemData\":{\"createdBy\":\"v-diya@microsoft.com\",\"createdByType\":\"User\",\"createdAt\":\"2021-09-17T05:58:35.9625384Z\",\"lastModifiedBy\":\"v-diya@microsoft.com\",\"lastModifiedByType\":\"User\",\"lastModifiedAt\":\"2021-09-17T05:58:35.9625384Z\"},\"properties\":{\"singleSignOnState\":\"Disable\",\"enterpriseAppId\":null,\"singleSignOnUrl\":\"https://app.logz.io/#/login\",\"provisioningState\":\"Succeeded\"}}",
      "isContentBase64": false
    }
  },
  "Get-AzLogzMonitorSSOConfiguration+[NoContext]+GetViaIdentity+$GET+https://management.azure.com/subscriptions/ce37d538-dfa3-49c3-b3cd-149b4b7db48a/resourceGroups/logz-rg-el53t6/providers/Microsoft.Logz/monitors/monitor-kcion4/singleSignOnConfigurations/default?api-version=2020-10-01-preview+1": {
    "Request": {
      "Method": "GET",
      "RequestUri": "https://management.azure.com/subscriptions/ce37d538-dfa3-49c3-b3cd-149b4b7db48a/resourceGroups/logz-rg-el53t6/providers/Microsoft.Logz/monitors/monitor-kcion4/singleSignOnConfigurations/default?api-version=2020-10-01-preview",
      "Content": null,
      "isContentBase64": false,
      "Headers": {
        "x-ms-unique-id": [ "2" ],
        "x-ms-client-request-id": [ "cc82ca6f-5985-40cf-85db-36917c54b674" ],
        "CommandName": [ "Get-AzLogzMonitorSSOConfiguration" ],
        "FullCommandName": [ "Get-AzLogzMonitorSSOConfiguration_Get" ],
        "ParameterSetName": [ "__AllParameterSets" ],
        "User-Agent": [ "AzurePowershell/Az4.0.0-preview" ],
        "Authorization": [ "[Filtered]" ]
      },
      "ContentHeaders": {
      }
    },
    "Response": {
      "StatusCode": 200,
      "Headers": {
        "Cache-Control": [ "no-cache" ],
        "Pragma": [ "no-cache" ],
        "ETag": [ "\"00000e81-0000-0800-0000-61442e8c0000\"" ],
        "x-ms-ratelimit-remaining-subscription-reads": [ "11998" ],
        "x-ms-providerhub-traffic": [ "True" ],
        "x-ms-request-id": [ "8ce7caa2-c471-48e6-b31e-2507435d76e2" ],
        "x-ms-correlation-request-id": [ "6ba0f796-8c48-44b1-84d0-2b3a8491f9ab" ],
        "x-ms-routing-request-id": [ "SOUTHEASTASIA:20210917T061634Z:6ba0f796-8c48-44b1-84d0-2b3a8491f9ab" ],
        "Strict-Transport-Security": [ "max-age=31536000; includeSubDomains" ],
        "X-Content-Type-Options": [ "nosniff" ],
        "Date": [ "Fri, 17 Sep 2021 06:16:34 GMT" ]
      },
      "ContentHeaders": {
        "Content-Length": [ "631" ],
        "Content-Type": [ "application/json; charset=utf-8" ],
        "Expires": [ "-1" ]
      },
      "Content": "{\"id\":\"/subscriptions/ce37d538-dfa3-49c3-b3cd-149b4b7db48a/resourceGroups/logz-rg-el53t6/providers/Microsoft.Logz/monitors/monitor-kcion4/singleSignOnConfigurations/default\",\"name\":\"default\",\"type\":\"microsoft.logz/monitors/singlesignonconfigurations\",\"systemData\":{\"createdBy\":\"v-diya@microsoft.com\",\"createdByType\":\"User\",\"createdAt\":\"2021-09-17T05:58:35.9625384Z\",\"lastModifiedBy\":\"v-diya@microsoft.com\",\"lastModifiedByType\":\"User\",\"lastModifiedAt\":\"2021-09-17T05:58:35.9625384Z\"},\"properties\":{\"singleSignOnState\":\"Disable\",\"enterpriseAppId\":null,\"singleSignOnUrl\":\"https://app.logz.io/#/login\",\"provisioningState\":\"Succeeded\"}}",
      "isContentBase64": false
    }
  },
  "Get-AzLogzMonitorSSOConfiguration+[NoContext]+GetViaIdentity+$GET+https://management.azure.com/subscriptions/ce37d538-dfa3-49c3-b3cd-149b4b7db48a/resourceGroups/logz-rg-el53t6/providers/Microsoft.Logz/monitors/monitor-kcion4/singleSignOnConfigurations/default?api-version=2020-10-01-preview+2": {
    "Request": {
      "Method": "GET",
      "RequestUri": "https://management.azure.com/subscriptions/ce37d538-dfa3-49c3-b3cd-149b4b7db48a/resourceGroups/logz-rg-el53t6/providers/Microsoft.Logz/monitors/monitor-kcion4/singleSignOnConfigurations/default?api-version=2020-10-01-preview",
      "Content": null,
      "isContentBase64": false,
      "Headers": {
        "x-ms-unique-id": [ "3" ],
        "x-ms-client-request-id": [ "c997cd71-0fa4-48e0-bbbf-b54bcc10655c" ],
        "CommandName": [ "Get-AzLogzMonitorSSOConfiguration" ],
        "FullCommandName": [ "Get-AzLogzMonitorSSOConfiguration_GetViaIdentity" ],
        "ParameterSetName": [ "__AllParameterSets" ],
        "User-Agent": [ "AzurePowershell/Az4.0.0-preview" ],
        "Authorization": [ "[Filtered]" ]
      },
      "ContentHeaders": {
      }
    },
    "Response": {
      "StatusCode": 200,
      "Headers": {
        "Cache-Control": [ "no-cache" ],
        "Pragma": [ "no-cache" ],
        "ETag": [ "\"00000e81-0000-0800-0000-61442e8c0000\"" ],
        "x-ms-ratelimit-remaining-subscription-reads": [ "11997" ],
        "x-ms-providerhub-traffic": [ "True" ],
        "x-ms-request-id": [ "b6838656-ecfc-4b7b-a657-07a25c0e271b" ],
        "x-ms-correlation-request-id": [ "d5cdff55-fa9e-46ac-992b-88d164edb608" ],
        "x-ms-routing-request-id": [ "SOUTHEASTASIA:20210917T061635Z:d5cdff55-fa9e-46ac-992b-88d164edb608" ],
        "Strict-Transport-Security": [ "max-age=31536000; includeSubDomains" ],
        "X-Content-Type-Options": [ "nosniff" ],
        "Date": [ "Fri, 17 Sep 2021 06:16:34 GMT" ]
      },
      "ContentHeaders": {
        "Content-Length": [ "631" ],
        "Content-Type": [ "application/json; charset=utf-8" ],
        "Expires": [ "-1" ]
      },
      "Content": "{\"id\":\"/subscriptions/ce37d538-dfa3-49c3-b3cd-149b4b7db48a/resourceGroups/logz-rg-el53t6/providers/Microsoft.Logz/monitors/monitor-kcion4/singleSignOnConfigurations/default\",\"name\":\"default\",\"type\":\"microsoft.logz/monitors/singlesignonconfigurations\",\"systemData\":{\"createdBy\":\"v-diya@microsoft.com\",\"createdByType\":\"User\",\"createdAt\":\"2021-09-17T05:58:35.9625384Z\",\"lastModifiedBy\":\"v-diya@microsoft.com\",\"lastModifiedByType\":\"User\",\"lastModifiedAt\":\"2021-09-17T05:58:35.9625384Z\"},\"properties\":{\"singleSignOnState\":\"Disable\",\"enterpriseAppId\":null,\"singleSignOnUrl\":\"https://app.logz.io/#/login\",\"provisioningState\":\"Succeeded\"}}",
      "isContentBase64": false
    }
  }
}