{
  "Entries": [
    {
      "RequestUri": "/subscriptions/2c647056-bab2-4175-b172-493ff049eb29/resourcegroups/ps6278?api-version=2016-09-01",
      "EncodedRequestUri": "L3N1YnNjcmlwdGlvbnMvMmM2NDcwNTYtYmFiMi00MTc1LWIxNzItNDkzZmYwNDllYjI5L3Jlc291cmNlZ3JvdXBzL3BzNjI3OD9hcGktdmVyc2lvbj0yMDE2LTA5LTAx",
      "RequestMethod": "PUT",
      "RequestHeaders": {
        "x-ms-client-request-id": [
          "89b79202-c37d-46d3-a947-ba47f0ebe619"
        ],
        "Accept-Language": [
          "en-US"
        ],
        "User-Agent": [
          "FxVersion/4.700.22.55902",
          "OSName/Windows",
          "OSVersion/Microsoft.Windows.10.0.17763",
          "Microsoft.Azure.Management.Internal.Resources.ResourceManagementClient/1.3.80"
        ],
        "Content-Type": [
          "application/json; charset=utf-8"
        ],
        "Content-Length": [
          "33"
        ]
      },
      "RequestBody": "{\r\n  \"location\": \"eastus2euap\"\r\n}",
      "ResponseHeaders": {
        "Cache-Control": [
          "no-cache"
        ],
        "Pragma": [
          "no-cache"
        ],
        "x-ms-ratelimit-remaining-subscription-writes": [
          "1199"
        ],
        "x-ms-request-id": [
          "199b8455-8fe4-4443-91fd-cd9fd0808211"
        ],
        "x-ms-correlation-request-id": [
          "199b8455-8fe4-4443-91fd-cd9fd0808211"
        ],
        "x-ms-routing-request-id": [
          "WESTUS:20230825T081425Z:199b8455-8fe4-4443-91fd-cd9fd0808211"
        ],
        "Strict-Transport-Security": [
          "max-age=31536000; includeSubDomains"
        ],
        "X-Content-Type-Options": [
          "nosniff"
        ],
        "X-Cache": [
          "CONFIG_NOCACHE"
        ],
        "X-MSEdge-Ref": [
          "Ref A: B1999C8ADBDA4B72B6D189530648A4B4 Ref B: CO6AA3150220039 Ref C: 2023-08-25T08:14:25Z"
        ],
        "Date": [
          "Fri, 25 Aug 2023 08:14:25 GMT"
        ],
        "Content-Length": [
          "170"
        ],
        "Content-Type": [
          "application/json; charset=utf-8"
        ],
        "Expires": [
          "-1"
        ]
      },
      "ResponseBody": "{\r\n  \"id\": \"/subscriptions/2c647056-bab2-4175-b172-493ff049eb29/resourceGroups/ps6278\",\r\n  \"name\": \"ps6278\",\r\n  \"location\": \"eastus2euap\",\r\n  \"properties\": {\r\n    \"provisioningState\": \"Succeeded\"\r\n  }\r\n}",
      "StatusCode": 201
    },
    {
      "RequestUri": "/subscriptions/2c647056-bab2-4175-b172-493ff049eb29/resourceGroups/ps6278/providers/Microsoft.Sql/servers/ps9047?api-version=2023-02-01-preview",
      "EncodedRequestUri": "L3N1YnNjcmlwdGlvbnMvMmM2NDcwNTYtYmFiMi00MTc1LWIxNzItNDkzZmYwNDllYjI5L3Jlc291cmNlR3JvdXBzL3BzNjI3OC9wcm92aWRlcnMvTWljcm9zb2Z0LlNxbC9zZXJ2ZXJzL3BzOTA0Nz9hcGktdmVyc2lvbj0yMDIzLTAyLTAxLXByZXZpZXc=",
      "RequestMethod": "GET",
      "RequestHeaders": {
        "x-ms-client-request-id": [
          "6e1b285e-2c83-44ce-adfa-937aab70d8d7"
        ],
        "Accept-Language": [
          "en-US"
        ],
        "User-Agent": [
          "FxVersion/4.700.22.55902",
          "OSName/Windows",
          "OSVersion/Microsoft.Windows.10.0.17763",
          "Microsoft.Azure.Management.Sql.SqlManagementClient/4.8.0"
        ]
      },
      "RequestBody": "",
      "ResponseHeaders": {
        "Cache-Control": [
          "no-cache"
        ],
        "Pragma": [
          "no-cache"
        ],
        "x-ms-failure-cause": [
          "gateway"
        ],
        "x-ms-request-id": [
          "442ded67-7ad7-4a44-938c-06f1ed58821d"
        ],
        "x-ms-correlation-request-id": [
          "442ded67-7ad7-4a44-938c-06f1ed58821d"
        ],
        "x-ms-routing-request-id": [
          "EASTUS:20230825T081426Z:442ded67-7ad7-4a44-938c-06f1ed58821d"
        ],
        "Strict-Transport-Security": [
          "max-age=31536000; includeSubDomains"
        ],
        "X-Content-Type-Options": [
          "nosniff"
        ],
        "X-Cache": [
          "CONFIG_NOCACHE"
        ],
        "X-MSEdge-Ref": [
          "Ref A: 0C1C99BF311C479FA8BAE3B004219BD6 Ref B: CO6AA3150218029 Ref C: 2023-08-25T08:14:25Z"
        ],
        "Date": [
          "Fri, 25 Aug 2023 08:14:25 GMT"
        ],
        "Content-Length": [
          "206"
        ],
        "Content-Type": [
          "application/json; charset=utf-8"
        ],
        "Expires": [
          "-1"
        ]
      },
      "ResponseBody": "{\r\n  \"error\": {\r\n    \"code\": \"ResourceNotFound\",\r\n    \"message\": \"The Resource 'Microsoft.Sql/servers/ps9047' under resource group 'ps6278' was not found. For more details please go to https://aka.ms/ARMResourceNotFoundFix\"\r\n  }\r\n}",
      "StatusCode": 404
    },
    {
      "RequestUri": "/subscriptions/2c647056-bab2-4175-b172-493ff049eb29/resourceGroups/ps6278/providers/Microsoft.Sql/servers/ps9047?api-version=2023-02-01-preview",
      "EncodedRequestUri": "L3N1YnNjcmlwdGlvbnMvMmM2NDcwNTYtYmFiMi00MTc1LWIxNzItNDkzZmYwNDllYjI5L3Jlc291cmNlR3JvdXBzL3BzNjI3OC9wcm92aWRlcnMvTWljcm9zb2Z0LlNxbC9zZXJ2ZXJzL3BzOTA0Nz9hcGktdmVyc2lvbj0yMDIzLTAyLTAxLXByZXZpZXc=",
      "RequestMethod": "GET",
      "RequestHeaders": {
        "x-ms-client-request-id": [
          "6e1b285e-2c83-44ce-adfa-937aab70d8d7"
        ],
        "User-Agent": [
          "FxVersion/4.700.22.55902",
          "OSName/Windows",
          "OSVersion/Microsoft.Windows.10.0.17763",
          "Microsoft.Azure.Management.Sql.SqlManagementClient/4.8.0"
        ]
      },
      "RequestBody": "",
      "ResponseHeaders": {
        "Cache-Control": [
          "no-cache"
        ],
        "Pragma": [
          "no-cache"
        ],
        "x-ms-request-id": [
          "6911c66e-883e-4f57-933c-b3854da89ed5"
        ],
        "x-ms-ratelimit-remaining-subscription-reads": [
          "11999"
        ],
        "x-ms-correlation-request-id": [
          "79f67334-ae1b-4dd3-b924-cfb3cdbf77cf"
        ],
        "x-ms-routing-request-id": [
          "CANADAEAST:20230825T081513Z:79f67334-ae1b-4dd3-b924-cfb3cdbf77cf"
        ],
        "Strict-Transport-Security": [
          "max-age=31536000; includeSubDomains"
        ],
        "X-Content-Type-Options": [
          "nosniff"
        ],
        "X-Cache": [
          "CONFIG_NOCACHE"
        ],
        "X-MSEdge-Ref": [
          "Ref A: AD6575F627BE470A8BD04AAA8F4AEA00 Ref B: CO6AA3150218029 Ref C: 2023-08-25T08:15:12Z"
        ],
        "Date": [
          "Fri, 25 Aug 2023 08:15:12 GMT"
        ],
        "Content-Length": [
          "521"
        ],
        "Content-Type": [
          "application/json; charset=utf-8"
        ],
        "Expires": [
          "-1"
        ]
      },
      "ResponseBody": "{\r\n  \"kind\": \"v12.0\",\r\n  \"properties\": {\r\n    \"administratorLogin\": \"testusername\",\r\n    \"version\": \"12.0\",\r\n    \"state\": \"Ready\",\r\n    \"fullyQualifiedDomainName\": \"ps9047.database.windows.net\",\r\n    \"privateEndpointConnections\": [],\r\n    \"minimalTlsVersion\": \"None\",\r\n    \"publicNetworkAccess\": \"Enabled\",\r\n    \"restrictOutboundNetworkAccess\": \"Disabled\",\r\n    \"externalGovernanceStatus\": \"Disabled\"\r\n  },\r\n  \"location\": \"eastus2euap\",\r\n  \"id\": \"/subscriptions/2c647056-bab2-4175-b172-493ff049eb29/resourceGroups/ps6278/providers/Microsoft.Sql/servers/ps9047\",\r\n  \"name\": \"ps9047\",\r\n  \"type\": \"Microsoft.Sql/servers\"\r\n}",
      "StatusCode": 200
    },
    {
      "RequestUri": "/subscriptions/2c647056-bab2-4175-b172-493ff049eb29/resourceGroups/ps6278/providers/Microsoft.Sql/servers/ps9047?api-version=2023-02-01-preview",
      "EncodedRequestUri": "L3N1YnNjcmlwdGlvbnMvMmM2NDcwNTYtYmFiMi00MTc1LWIxNzItNDkzZmYwNDllYjI5L3Jlc291cmNlR3JvdXBzL3BzNjI3OC9wcm92aWRlcnMvTWljcm9zb2Z0LlNxbC9zZXJ2ZXJzL3BzOTA0Nz9hcGktdmVyc2lvbj0yMDIzLTAyLTAxLXByZXZpZXc=",
      "RequestMethod": "GET",
      "RequestHeaders": {
        "x-ms-client-request-id": [
          "d9fa5ab9-677b-4790-bdc5-95167e8755a9"
        ],
        "Accept-Language": [
          "en-US"
        ],
        "User-Agent": [
          "FxVersion/4.700.22.55902",
          "OSName/Windows",
          "OSVersion/Microsoft.Windows.10.0.17763",
          "Microsoft.Azure.Management.Sql.SqlManagementClient/4.8.0"
        ]
      },
      "RequestBody": "",
      "ResponseHeaders": {
        "Cache-Control": [
          "no-cache"
        ],
        "Pragma": [
          "no-cache"
        ],
        "x-ms-request-id": [
          "4f4246b1-d93a-4a2a-a7ec-aa9c25704309"
        ],
        "x-ms-ratelimit-remaining-subscription-reads": [
          "11998"
        ],
        "x-ms-correlation-request-id": [
          "16fb482f-69f5-4acf-b660-85048519568d"
        ],
        "x-ms-routing-request-id": [
          "CANADAEAST:20230825T081513Z:16fb482f-69f5-4acf-b660-85048519568d"
        ],
        "Strict-Transport-Security": [
          "max-age=31536000; includeSubDomains"
        ],
        "X-Content-Type-Options": [
          "nosniff"
        ],
        "X-Cache": [
          "CONFIG_NOCACHE"
        ],
        "X-MSEdge-Ref": [
          "Ref A: 2A1EF16BB0254818BFCA7860BD05448C Ref B: CO6AA3150218029 Ref C: 2023-08-25T08:15:13Z"
        ],
        "Date": [
          "Fri, 25 Aug 2023 08:15:13 GMT"
        ],
        "Content-Length": [
          "521"
        ],
        "Content-Type": [
          "application/json; charset=utf-8"
        ],
        "Expires": [
          "-1"
        ]
      },
      "ResponseBody": "{\r\n  \"kind\": \"v12.0\",\r\n  \"properties\": {\r\n    \"administratorLogin\": \"testusername\",\r\n    \"version\": \"12.0\",\r\n    \"state\": \"Ready\",\r\n    \"fullyQualifiedDomainName\": \"ps9047.database.windows.net\",\r\n    \"privateEndpointConnections\": [],\r\n    \"minimalTlsVersion\": \"None\",\r\n    \"publicNetworkAccess\": \"Enabled\",\r\n    \"restrictOutboundNetworkAccess\": \"Disabled\",\r\n    \"externalGovernanceStatus\": \"Disabled\"\r\n  },\r\n  \"location\": \"eastus2euap\",\r\n  \"id\": \"/subscriptions/2c647056-bab2-4175-b172-493ff049eb29/resourceGroups/ps6278/providers/Microsoft.Sql/servers/ps9047\",\r\n  \"name\": \"ps9047\",\r\n  \"type\": \"Microsoft.Sql/servers\"\r\n}",
      "StatusCode": 200
    },
    {
      "RequestUri": "/subscriptions/2c647056-bab2-4175-b172-493ff049eb29/resourceGroups/ps6278/providers/Microsoft.Sql/servers/ps9047?api-version=2023-02-01-preview",
      "EncodedRequestUri": "L3N1YnNjcmlwdGlvbnMvMmM2NDcwNTYtYmFiMi00MTc1LWIxNzItNDkzZmYwNDllYjI5L3Jlc291cmNlR3JvdXBzL3BzNjI3OC9wcm92aWRlcnMvTWljcm9zb2Z0LlNxbC9zZXJ2ZXJzL3BzOTA0Nz9hcGktdmVyc2lvbj0yMDIzLTAyLTAxLXByZXZpZXc=",
      "RequestMethod": "GET",
      "RequestHeaders": {
        "x-ms-client-request-id": [
          "d9fa5ab9-677b-4790-bdc5-95167e8755a9"
        ],
        "Accept-Language": [
          "en-US"
        ],
        "User-Agent": [
          "FxVersion/4.700.22.55902",
          "OSName/Windows",
          "OSVersion/Microsoft.Windows.10.0.17763",
          "Microsoft.Azure.Management.Sql.SqlManagementClient/4.8.0"
        ]
      },
      "RequestBody": "",
      "ResponseHeaders": {
        "Cache-Control": [
          "no-cache"
        ],
        "Pragma": [
          "no-cache"
        ],
        "x-ms-request-id": [
          "d349cbea-78c9-4587-a5b6-1ceff43e6237"
        ],
        "x-ms-ratelimit-remaining-subscription-reads": [
          "11996"
        ],
        "x-ms-correlation-request-id": [
          "6580256d-053a-4d98-aedd-fa5ec744e3a0"
        ],
        "x-ms-routing-request-id": [
          "CANADAEAST:20230825T081513Z:6580256d-053a-4d98-aedd-fa5ec744e3a0"
        ],
        "Strict-Transport-Security": [
          "max-age=31536000; includeSubDomains"
        ],
        "X-Content-Type-Options": [
          "nosniff"
        ],
        "X-Cache": [
          "CONFIG_NOCACHE"
        ],
        "X-MSEdge-Ref": [
          "Ref A: 41A215FA259C4FBFA65D2A65780678A2 Ref B: CO6AA3150218029 Ref C: 2023-08-25T08:15:13Z"
        ],
        "Date": [
          "Fri, 25 Aug 2023 08:15:13 GMT"
        ],
        "Content-Length": [
          "521"
        ],
        "Content-Type": [
          "application/json; charset=utf-8"
        ],
        "Expires": [
          "-1"
        ]
      },
      "ResponseBody": "{\r\n  \"kind\": \"v12.0\",\r\n  \"properties\": {\r\n    \"administratorLogin\": \"testusername\",\r\n    \"version\": \"12.0\",\r\n    \"state\": \"Ready\",\r\n    \"fullyQualifiedDomainName\": \"ps9047.database.windows.net\",\r\n    \"privateEndpointConnections\": [],\r\n    \"minimalTlsVersion\": \"None\",\r\n    \"publicNetworkAccess\": \"Enabled\",\r\n    \"restrictOutboundNetworkAccess\": \"Disabled\",\r\n    \"externalGovernanceStatus\": \"Disabled\"\r\n  },\r\n  \"location\": \"eastus2euap\",\r\n  \"id\": \"/subscriptions/2c647056-bab2-4175-b172-493ff049eb29/resourceGroups/ps6278/providers/Microsoft.Sql/servers/ps9047\",\r\n  \"name\": \"ps9047\",\r\n  \"type\": \"Microsoft.Sql/servers\"\r\n}",
      "StatusCode": 200
    },
    {
      "RequestUri": "/subscriptions/2c647056-bab2-4175-b172-493ff049eb29/resourceGroups/ps6278/providers/Microsoft.Sql/servers/ps9047?api-version=2023-02-01-preview",
      "EncodedRequestUri": "L3N1YnNjcmlwdGlvbnMvMmM2NDcwNTYtYmFiMi00MTc1LWIxNzItNDkzZmYwNDllYjI5L3Jlc291cmNlR3JvdXBzL3BzNjI3OC9wcm92aWRlcnMvTWljcm9zb2Z0LlNxbC9zZXJ2ZXJzL3BzOTA0Nz9hcGktdmVyc2lvbj0yMDIzLTAyLTAxLXByZXZpZXc=",
      "RequestMethod": "GET",
      "RequestHeaders": {
        "x-ms-client-request-id": [
          "e401a734-43e2-464f-b179-09625f371c97"
        ],
        "Accept-Language": [
          "en-US"
        ],
        "User-Agent": [
          "FxVersion/4.700.22.55902",
          "OSName/Windows",
          "OSVersion/Microsoft.Windows.10.0.17763",
          "Microsoft.Azure.Management.Sql.SqlManagementClient/4.8.0"
        ]
      },
      "RequestBody": "",
      "ResponseHeaders": {
        "Cache-Control": [
          "no-cache"
        ],
        "Pragma": [
          "no-cache"
        ],
        "x-ms-request-id": [
          "40def696-cd64-4867-8eb5-8b2a81fe59cb"
        ],
        "x-ms-ratelimit-remaining-subscription-reads": [
          "11994"
        ],
        "x-ms-correlation-request-id": [
          "ed675fd6-d398-4fa4-867b-6daca7952e18"
        ],
        "x-ms-routing-request-id": [
          "CANADAEAST:20230825T081724Z:ed675fd6-d398-4fa4-867b-6daca7952e18"
        ],
        "Strict-Transport-Security": [
          "max-age=31536000; includeSubDomains"
        ],
        "X-Content-Type-Options": [
          "nosniff"
        ],
        "X-Cache": [
          "CONFIG_NOCACHE"
        ],
        "X-MSEdge-Ref": [
          "Ref A: FEEDB53B6E9049429C3DEDA165CC62E0 Ref B: CO6AA3150218029 Ref C: 2023-08-25T08:17:24Z"
        ],
        "Date": [
          "Fri, 25 Aug 2023 08:17:24 GMT"
        ],
        "Content-Length": [
          "521"
        ],
        "Content-Type": [
          "application/json; charset=utf-8"
        ],
        "Expires": [
          "-1"
        ]
      },
      "ResponseBody": "{\r\n  \"kind\": \"v12.0\",\r\n  \"properties\": {\r\n    \"administratorLogin\": \"testusername\",\r\n    \"version\": \"12.0\",\r\n    \"state\": \"Ready\",\r\n    \"fullyQualifiedDomainName\": \"ps9047.database.windows.net\",\r\n    \"privateEndpointConnections\": [],\r\n    \"minimalTlsVersion\": \"None\",\r\n    \"publicNetworkAccess\": \"Enabled\",\r\n    \"restrictOutboundNetworkAccess\": \"Disabled\",\r\n    \"externalGovernanceStatus\": \"Disabled\"\r\n  },\r\n  \"location\": \"eastus2euap\",\r\n  \"id\": \"/subscriptions/2c647056-bab2-4175-b172-493ff049eb29/resourceGroups/ps6278/providers/Microsoft.Sql/servers/ps9047\",\r\n  \"name\": \"ps9047\",\r\n  \"type\": \"Microsoft.Sql/servers\"\r\n}",
      "StatusCode": 200
    },
    {
      "RequestUri": "/subscriptions/2c647056-bab2-4175-b172-493ff049eb29/resourceGroups/ps6278/providers/Microsoft.Sql/servers/ps9047?api-version=2023-02-01-preview",
      "EncodedRequestUri": "L3N1YnNjcmlwdGlvbnMvMmM2NDcwNTYtYmFiMi00MTc1LWIxNzItNDkzZmYwNDllYjI5L3Jlc291cmNlR3JvdXBzL3BzNjI3OC9wcm92aWRlcnMvTWljcm9zb2Z0LlNxbC9zZXJ2ZXJzL3BzOTA0Nz9hcGktdmVyc2lvbj0yMDIzLTAyLTAxLXByZXZpZXc=",
      "RequestMethod": "GET",
      "RequestHeaders": {
        "x-ms-client-request-id": [
          "e401a734-43e2-464f-b179-09625f371c97"
        ],
        "Accept-Language": [
          "en-US"
        ],
        "User-Agent": [
          "FxVersion/4.700.22.55902",
          "OSName/Windows",
          "OSVersion/Microsoft.Windows.10.0.17763",
          "Microsoft.Azure.Management.Sql.SqlManagementClient/4.8.0"
        ]
      },
      "RequestBody": "",
      "ResponseHeaders": {
        "Cache-Control": [
          "no-cache"
        ],
        "Pragma": [
          "no-cache"
        ],
        "x-ms-request-id": [
          "52387312-a042-4846-be98-80c92d1b7d9d"
        ],
        "x-ms-ratelimit-remaining-subscription-reads": [
          "11993"
        ],
        "x-ms-correlation-request-id": [
          "0fbc3f71-48be-48d6-8976-3109c7b24e4b"
        ],
        "x-ms-routing-request-id": [
          "CANADAEAST:20230825T081725Z:0fbc3f71-48be-48d6-8976-3109c7b24e4b"
        ],
        "Strict-Transport-Security": [
          "max-age=31536000; includeSubDomains"
        ],
        "X-Content-Type-Options": [
          "nosniff"
        ],
        "X-Cache": [
          "CONFIG_NOCACHE"
        ],
        "X-MSEdge-Ref": [
          "Ref A: 0D2FBFAAD14543B9967E121424D7A897 Ref B: CO6AA3150218029 Ref C: 2023-08-25T08:17:25Z"
        ],
        "Date": [
          "Fri, 25 Aug 2023 08:17:24 GMT"
        ],
        "Content-Length": [
          "521"
        ],
        "Content-Type": [
          "application/json; charset=utf-8"
        ],
        "Expires": [
          "-1"
        ]
      },
      "ResponseBody": "{\r\n  \"kind\": \"v12.0\",\r\n  \"properties\": {\r\n    \"administratorLogin\": \"testusername\",\r\n    \"version\": \"12.0\",\r\n    \"state\": \"Ready\",\r\n    \"fullyQualifiedDomainName\": \"ps9047.database.windows.net\",\r\n    \"privateEndpointConnections\": [],\r\n    \"minimalTlsVersion\": \"None\",\r\n    \"publicNetworkAccess\": \"Enabled\",\r\n    \"restrictOutboundNetworkAccess\": \"Disabled\",\r\n    \"externalGovernanceStatus\": \"Disabled\"\r\n  },\r\n  \"location\": \"eastus2euap\",\r\n  \"id\": \"/subscriptions/2c647056-bab2-4175-b172-493ff049eb29/resourceGroups/ps6278/providers/Microsoft.Sql/servers/ps9047\",\r\n  \"name\": \"ps9047\",\r\n  \"type\": \"Microsoft.Sql/servers\"\r\n}",
      "StatusCode": 200
    },
    {
      "RequestUri": "/subscriptions/2c647056-bab2-4175-b172-493ff049eb29/resourceGroups/ps6278/providers/Microsoft.Sql/servers/ps9047?api-version=2023-02-01-preview",
      "EncodedRequestUri": "L3N1YnNjcmlwdGlvbnMvMmM2NDcwNTYtYmFiMi00MTc1LWIxNzItNDkzZmYwNDllYjI5L3Jlc291cmNlR3JvdXBzL3BzNjI3OC9wcm92aWRlcnMvTWljcm9zb2Z0LlNxbC9zZXJ2ZXJzL3BzOTA0Nz9hcGktdmVyc2lvbj0yMDIzLTAyLTAxLXByZXZpZXc=",
      "RequestMethod": "GET",
      "RequestHeaders": {
        "x-ms-client-request-id": [
          "e401a734-43e2-464f-b179-09625f371c97"
        ],
        "Accept-Language": [
          "en-US"
        ],
        "User-Agent": [
          "FxVersion/4.700.22.55902",
          "OSName/Windows",
          "OSVersion/Microsoft.Windows.10.0.17763",
          "Microsoft.Azure.Management.Sql.SqlManagementClient/4.8.0"
        ]
      },
      "RequestBody": "",
      "ResponseHeaders": {
        "Cache-Control": [
          "no-cache"
        ],
        "Pragma": [
          "no-cache"
        ],
        "x-ms-request-id": [
          "d95051b1-b0b5-4d15-a4de-854fa4ae484e"
        ],
        "x-ms-ratelimit-remaining-subscription-reads": [
          "11997"
        ],
        "x-ms-correlation-request-id": [
          "30afba5b-0803-46d3-bdd7-c47fca096901"
        ],
        "x-ms-routing-request-id": [
          "CANADAEAST:20230825T081915Z:30afba5b-0803-46d3-bdd7-c47fca096901"
        ],
        "Strict-Transport-Security": [
          "max-age=31536000; includeSubDomains"
        ],
        "X-Content-Type-Options": [
          "nosniff"
        ],
        "X-Cache": [
          "CONFIG_NOCACHE"
        ],
        "X-MSEdge-Ref": [
          "Ref A: 5C0CAA5C6913469182D81A0633ABA40B Ref B: CO6AA3150217035 Ref C: 2023-08-25T08:19:15Z"
        ],
        "Date": [
          "Fri, 25 Aug 2023 08:19:15 GMT"
        ],
        "Content-Length": [
          "521"
        ],
        "Content-Type": [
          "application/json; charset=utf-8"
        ],
        "Expires": [
          "-1"
        ]
      },
      "ResponseBody": "{\r\n  \"kind\": \"v12.0\",\r\n  \"properties\": {\r\n    \"administratorLogin\": \"testusername\",\r\n    \"version\": \"12.0\",\r\n    \"state\": \"Ready\",\r\n    \"fullyQualifiedDomainName\": \"ps9047.database.windows.net\",\r\n    \"privateEndpointConnections\": [],\r\n    \"minimalTlsVersion\": \"None\",\r\n    \"publicNetworkAccess\": \"Enabled\",\r\n    \"restrictOutboundNetworkAccess\": \"Disabled\",\r\n    \"externalGovernanceStatus\": \"Disabled\"\r\n  },\r\n  \"location\": \"eastus2euap\",\r\n  \"id\": \"/subscriptions/2c647056-bab2-4175-b172-493ff049eb29/resourceGroups/ps6278/providers/Microsoft.Sql/servers/ps9047\",\r\n  \"name\": \"ps9047\",\r\n  \"type\": \"Microsoft.Sql/servers\"\r\n}",
      "StatusCode": 200
    },
    {
      "RequestUri": "/subscriptions/2c647056-bab2-4175-b172-493ff049eb29/resourceGroups/ps6278/providers/Microsoft.Sql/servers/ps9047?api-version=2023-02-01-preview",
      "EncodedRequestUri": "L3N1YnNjcmlwdGlvbnMvMmM2NDcwNTYtYmFiMi00MTc1LWIxNzItNDkzZmYwNDllYjI5L3Jlc291cmNlR3JvdXBzL3BzNjI3OC9wcm92aWRlcnMvTWljcm9zb2Z0LlNxbC9zZXJ2ZXJzL3BzOTA0Nz9hcGktdmVyc2lvbj0yMDIzLTAyLTAxLXByZXZpZXc=",
      "RequestMethod": "PUT",
      "RequestHeaders": {
        "x-ms-client-request-id": [
          "6e1b285e-2c83-44ce-adfa-937aab70d8d7"
        ],
        "Accept-Language": [
          "en-US"
        ],
        "User-Agent": [
          "FxVersion/4.700.22.55902",
          "OSName/Windows",
          "OSVersion/Microsoft.Windows.10.0.17763",
          "Microsoft.Azure.Management.Sql.SqlManagementClient/4.8.0"
        ],
        "Content-Type": [
          "application/json; charset=utf-8"
        ],
        "Content-Length": [
          "155"
        ]
      },
      "RequestBody": "{\r\n  \"properties\": {\r\n    \"administratorLogin\": \"testusername\",\r\n    \"administratorLoginPassword\": \"t357ingP@s5w0rd!\"\r\n  },\r\n  \"location\": \"eastus2euap\"\r\n}",
      "ResponseHeaders": {
        "Cache-Control": [
          "no-cache"
        ],
        "Pragma": [
          "no-cache"
        ],
        "Location": [
          "https://management.azure.com/subscriptions/2c647056-bab2-4175-b172-493ff049eb29/resourceGroups/ps6278/providers/Microsoft.Sql/locations/eastus2euap/serverOperationResults/e6b6cb82-1513-4dd2-966f-78193f3ab8c5?api-version=2023-02-01-preview"
        ],
        "Retry-After": [
          "1"
        ],
        "Azure-AsyncOperation": [
          "https://management.azure.com/subscriptions/2c647056-bab2-4175-b172-493ff049eb29/resourceGroups/ps6278/providers/Microsoft.Sql/locations/eastus2euap/serverAzureAsyncOperation/e6b6cb82-1513-4dd2-966f-78193f3ab8c5?api-version=2023-02-01-preview"
        ],
        "x-ms-request-id": [
          "e6b6cb82-1513-4dd2-966f-78193f3ab8c5"
        ],
        "x-ms-ratelimit-remaining-subscription-writes": [
          "1198"
        ],
        "x-ms-correlation-request-id": [
          "cecfd6a2-fef6-4b41-8b08-244bc06b123a"
        ],
        "x-ms-routing-request-id": [
          "CANADAEAST:20230825T081427Z:cecfd6a2-fef6-4b41-8b08-244bc06b123a"
        ],
        "Strict-Transport-Security": [
          "max-age=31536000; includeSubDomains"
        ],
        "X-Content-Type-Options": [
          "nosniff"
        ],
        "X-Cache": [
          "CONFIG_NOCACHE"
        ],
        "X-MSEdge-Ref": [
          "Ref A: E66670C7FA2D430E92193863A3EF8F09 Ref B: CO6AA3150218029 Ref C: 2023-08-25T08:14:26Z"
        ],
        "Date": [
          "Fri, 25 Aug 2023 08:14:26 GMT"
        ],
        "Content-Length": [
          "70"
        ],
        "Content-Type": [
          "application/json; charset=utf-8"
        ],
        "Expires": [
          "-1"
        ]
      },
      "ResponseBody": "{\r\n  \"operation\": \"UpsertLogicalServer\",\r\n  \"startTime\": \"2023-08-25T08:14:27Z\"\r\n}",
      "StatusCode": 202
    },
    {
      "RequestUri": "/subscriptions/2c647056-bab2-4175-b172-493ff049eb29/resourceGroups/ps6278/providers/Microsoft.Sql/locations/eastus2euap/serverAzureAsyncOperation/e6b6cb82-1513-4dd2-966f-78193f3ab8c5?api-version=2023-02-01-preview",
      "EncodedRequestUri": "L3N1YnNjcmlwdGlvbnMvMmM2NDcwNTYtYmFiMi00MTc1LWIxNzItNDkzZmYwNDllYjI5L3Jlc291cmNlR3JvdXBzL3BzNjI3OC9wcm92aWRlcnMvTWljcm9zb2Z0LlNxbC9sb2NhdGlvbnMvZWFzdHVzMmV1YXAvc2VydmVyQXp1cmVBc3luY09wZXJhdGlvbi9lNmI2Y2I4Mi0xNTEzLTRkZDItOTY2Zi03ODE5M2YzYWI4YzU/YXBpLXZlcnNpb249MjAyMy0wMi0wMS1wcmV2aWV3",
      "RequestMethod": "GET",
      "RequestHeaders": {
        "x-ms-client-request-id": [
          "6e1b285e-2c83-44ce-adfa-937aab70d8d7"
        ],
        "User-Agent": [
          "FxVersion/4.700.22.55902",
          "OSName/Windows",
          "OSVersion/Microsoft.Windows.10.0.17763",
          "Microsoft.Azure.Management.Sql.SqlManagementClient/4.8.0"
        ]
      },
      "RequestBody": "",
      "ResponseHeaders": {
        "Cache-Control": [
          "no-cache"
        ],
        "Pragma": [
          "no-cache"
        ],
        "Retry-After": [
          "1"
        ],
        "x-ms-request-id": [
          "0dff407f-b9da-44ef-8652-7c5a4c60ae10"
        ],
        "x-ms-ratelimit-remaining-subscription-reads": [
          "11998"
        ],
        "x-ms-correlation-request-id": [
          "664a0356-36a1-4a4d-a6e6-f01a2b7d987c"
        ],
        "x-ms-routing-request-id": [
          "CANADAEAST:20230825T081428Z:664a0356-36a1-4a4d-a6e6-f01a2b7d987c"
        ],
        "Strict-Transport-Security": [
          "max-age=31536000; includeSubDomains"
        ],
        "X-Content-Type-Options": [
          "nosniff"
        ],
        "X-Cache": [
          "CONFIG_NOCACHE"
        ],
        "X-MSEdge-Ref": [
          "Ref A: 551B7209C69F4B3A9D67EF03D79FEFAA Ref B: CO6AA3150218029 Ref C: 2023-08-25T08:14:28Z"
        ],
        "Date": [
          "Fri, 25 Aug 2023 08:14:28 GMT"
        ],
        "Content-Length": [
          "104"
        ],
        "Content-Type": [
          "application/json; charset=utf-8"
        ],
        "Expires": [
          "-1"
        ]
      },
      "ResponseBody": "{\r\n  \"name\": \"e6b6cb82-1513-4dd2-966f-78193f3ab8c5\",\r\n  \"status\": \"InProgress\",\r\n  \"startTime\": \"2023-08-25T08:14:27Z\"\r\n}",
      "StatusCode": 200
    },
    {
      "RequestUri": "/subscriptions/2c647056-bab2-4175-b172-493ff049eb29/resourceGroups/ps6278/providers/Microsoft.Sql/locations/eastus2euap/serverAzureAsyncOperation/e6b6cb82-1513-4dd2-966f-78193f3ab8c5?api-version=2023-02-01-preview",
      "EncodedRequestUri": "L3N1YnNjcmlwdGlvbnMvMmM2NDcwNTYtYmFiMi00MTc1LWIxNzItNDkzZmYwNDllYjI5L3Jlc291cmNlR3JvdXBzL3BzNjI3OC9wcm92aWRlcnMvTWljcm9zb2Z0LlNxbC9sb2NhdGlvbnMvZWFzdHVzMmV1YXAvc2VydmVyQXp1cmVBc3luY09wZXJhdGlvbi9lNmI2Y2I4Mi0xNTEzLTRkZDItOTY2Zi03ODE5M2YzYWI4YzU/YXBpLXZlcnNpb249MjAyMy0wMi0wMS1wcmV2aWV3",
      "RequestMethod": "GET",
      "RequestHeaders": {
        "x-ms-client-request-id": [
          "6e1b285e-2c83-44ce-adfa-937aab70d8d7"
        ],
        "User-Agent": [
          "FxVersion/4.700.22.55902",
          "OSName/Windows",
          "OSVersion/Microsoft.Windows.10.0.17763",
          "Microsoft.Azure.Management.Sql.SqlManagementClient/4.8.0"
        ]
      },
      "RequestBody": "",
      "ResponseHeaders": {
        "Cache-Control": [
          "no-cache"
        ],
        "Pragma": [
          "no-cache"
        ],
        "Retry-After": [
          "1"
        ],
        "x-ms-request-id": [
          "50e0cfca-ffd2-41c9-8239-0b328d4fb166"
        ],
        "x-ms-ratelimit-remaining-subscription-reads": [
          "11999"
        ],
        "x-ms-correlation-request-id": [
          "bb100c1a-b45c-4894-814f-fff699f0c067"
        ],
        "x-ms-routing-request-id": [
          "CANADAEAST:20230825T081429Z:bb100c1a-b45c-4894-814f-fff699f0c067"
        ],
        "Strict-Transport-Security": [
          "max-age=31536000; includeSubDomains"
        ],
        "X-Content-Type-Options": [
          "nosniff"
        ],
        "X-Cache": [
          "CONFIG_NOCACHE"
        ],
        "X-MSEdge-Ref": [
          "Ref A: F19519EF510746C5B09B2B50811CE482 Ref B: CO6AA3150218029 Ref C: 2023-08-25T08:14:29Z"
        ],
        "Date": [
          "Fri, 25 Aug 2023 08:14:29 GMT"
        ],
        "Content-Length": [
          "104"
        ],
        "Content-Type": [
          "application/json; charset=utf-8"
        ],
        "Expires": [
          "-1"
        ]
      },
      "ResponseBody": "{\r\n  \"name\": \"e6b6cb82-1513-4dd2-966f-78193f3ab8c5\",\r\n  \"status\": \"InProgress\",\r\n  \"startTime\": \"2023-08-25T08:14:27Z\"\r\n}",
      "StatusCode": 200
    },
    {
      "RequestUri": "/subscriptions/2c647056-bab2-4175-b172-493ff049eb29/resourceGroups/ps6278/providers/Microsoft.Sql/locations/eastus2euap/serverAzureAsyncOperation/e6b6cb82-1513-4dd2-966f-78193f3ab8c5?api-version=2023-02-01-preview",
      "EncodedRequestUri": "L3N1YnNjcmlwdGlvbnMvMmM2NDcwNTYtYmFiMi00MTc1LWIxNzItNDkzZmYwNDllYjI5L3Jlc291cmNlR3JvdXBzL3BzNjI3OC9wcm92aWRlcnMvTWljcm9zb2Z0LlNxbC9sb2NhdGlvbnMvZWFzdHVzMmV1YXAvc2VydmVyQXp1cmVBc3luY09wZXJhdGlvbi9lNmI2Y2I4Mi0xNTEzLTRkZDItOTY2Zi03ODE5M2YzYWI4YzU/YXBpLXZlcnNpb249MjAyMy0wMi0wMS1wcmV2aWV3",
      "RequestMethod": "GET",
      "RequestHeaders": {
        "x-ms-client-request-id": [
          "6e1b285e-2c83-44ce-adfa-937aab70d8d7"
        ],
        "User-Agent": [
          "FxVersion/4.700.22.55902",
          "OSName/Windows",
          "OSVersion/Microsoft.Windows.10.0.17763",
          "Microsoft.Azure.Management.Sql.SqlManagementClient/4.8.0"
        ]
      },
      "RequestBody": "",
      "ResponseHeaders": {
        "Cache-Control": [
          "no-cache"
        ],
        "Pragma": [
          "no-cache"
        ],
        "Retry-After": [
          "1"
        ],
        "x-ms-request-id": [
          "3fa3736e-4318-4f10-b5eb-993fa0132784"
        ],
        "x-ms-ratelimit-remaining-subscription-reads": [
          "11997"
        ],
        "x-ms-correlation-request-id": [
          "19abf768-fb16-42fa-8e3d-e96e72341fc6"
        ],
        "x-ms-routing-request-id": [
          "CANADAEAST:20230825T081431Z:19abf768-fb16-42fa-8e3d-e96e72341fc6"
        ],
        "Strict-Transport-Security": [
          "max-age=31536000; includeSubDomains"
        ],
        "X-Content-Type-Options": [
          "nosniff"
        ],
        "X-Cache": [
          "CONFIG_NOCACHE"
        ],
        "X-MSEdge-Ref": [
          "Ref A: 51DA0C50D298402980F35807B21DF4B4 Ref B: CO6AA3150218029 Ref C: 2023-08-25T08:14:30Z"
        ],
        "Date": [
          "Fri, 25 Aug 2023 08:14:30 GMT"
        ],
        "Content-Length": [
          "104"
        ],
        "Content-Type": [
          "application/json; charset=utf-8"
        ],
        "Expires": [
          "-1"
        ]
      },
      "ResponseBody": "{\r\n  \"name\": \"e6b6cb82-1513-4dd2-966f-78193f3ab8c5\",\r\n  \"status\": \"InProgress\",\r\n  \"startTime\": \"2023-08-25T08:14:27Z\"\r\n}",
      "StatusCode": 200
    },
    {
      "RequestUri": "/subscriptions/2c647056-bab2-4175-b172-493ff049eb29/resourceGroups/ps6278/providers/Microsoft.Sql/locations/eastus2euap/serverAzureAsyncOperation/e6b6cb82-1513-4dd2-966f-78193f3ab8c5?api-version=2023-02-01-preview",
      "EncodedRequestUri": "L3N1YnNjcmlwdGlvbnMvMmM2NDcwNTYtYmFiMi00MTc1LWIxNzItNDkzZmYwNDllYjI5L3Jlc291cmNlR3JvdXBzL3BzNjI3OC9wcm92aWRlcnMvTWljcm9zb2Z0LlNxbC9sb2NhdGlvbnMvZWFzdHVzMmV1YXAvc2VydmVyQXp1cmVBc3luY09wZXJhdGlvbi9lNmI2Y2I4Mi0xNTEzLTRkZDItOTY2Zi03ODE5M2YzYWI4YzU/YXBpLXZlcnNpb249MjAyMy0wMi0wMS1wcmV2aWV3",
      "RequestMethod": "GET",
      "RequestHeaders": {
        "x-ms-client-request-id": [
          "6e1b285e-2c83-44ce-adfa-937aab70d8d7"
        ],
        "User-Agent": [
          "FxVersion/4.700.22.55902",
          "OSName/Windows",
          "OSVersion/Microsoft.Windows.10.0.17763",
          "Microsoft.Azure.Management.Sql.SqlManagementClient/4.8.0"
        ]
      },
      "RequestBody": "",
      "ResponseHeaders": {
        "Cache-Control": [
          "no-cache"
        ],
        "Pragma": [
          "no-cache"
        ],
        "Retry-After": [
          "20"
        ],
        "x-ms-request-id": [
          "66e16590-2c46-4903-b8f1-beebd0a794d1"
        ],
        "x-ms-ratelimit-remaining-subscription-reads": [
          "11999"
        ],
        "x-ms-correlation-request-id": [
          "bc5c05cd-f98e-4c73-a771-597c2429c3da"
        ],
        "x-ms-routing-request-id": [
          "CANADAEAST:20230825T081432Z:bc5c05cd-f98e-4c73-a771-597c2429c3da"
        ],
        "Strict-Transport-Security": [
          "max-age=31536000; includeSubDomains"
        ],
        "X-Content-Type-Options": [
          "nosniff"
        ],
        "X-Cache": [
          "CONFIG_NOCACHE"
        ],
        "X-MSEdge-Ref": [
          "Ref A: 445624E9F4BC40D5A4E8898134D46634 Ref B: CO6AA3150218029 Ref C: 2023-08-25T08:14:32Z"
        ],
        "Date": [
          "Fri, 25 Aug 2023 08:14:32 GMT"
        ],
        "Content-Length": [
          "104"
        ],
        "Content-Type": [
          "application/json; charset=utf-8"
        ],
        "Expires": [
          "-1"
        ]
      },
      "ResponseBody": "{\r\n  \"name\": \"e6b6cb82-1513-4dd2-966f-78193f3ab8c5\",\r\n  \"status\": \"InProgress\",\r\n  \"startTime\": \"2023-08-25T08:14:27Z\"\r\n}",
      "StatusCode": 200
    },
    {
      "RequestUri": "/subscriptions/2c647056-bab2-4175-b172-493ff049eb29/resourceGroups/ps6278/providers/Microsoft.Sql/locations/eastus2euap/serverAzureAsyncOperation/e6b6cb82-1513-4dd2-966f-78193f3ab8c5?api-version=2023-02-01-preview",
      "EncodedRequestUri": "L3N1YnNjcmlwdGlvbnMvMmM2NDcwNTYtYmFiMi00MTc1LWIxNzItNDkzZmYwNDllYjI5L3Jlc291cmNlR3JvdXBzL3BzNjI3OC9wcm92aWRlcnMvTWljcm9zb2Z0LlNxbC9sb2NhdGlvbnMvZWFzdHVzMmV1YXAvc2VydmVyQXp1cmVBc3luY09wZXJhdGlvbi9lNmI2Y2I4Mi0xNTEzLTRkZDItOTY2Zi03ODE5M2YzYWI4YzU/YXBpLXZlcnNpb249MjAyMy0wMi0wMS1wcmV2aWV3",
      "RequestMethod": "GET",
      "RequestHeaders": {
        "x-ms-client-request-id": [
          "6e1b285e-2c83-44ce-adfa-937aab70d8d7"
        ],
        "User-Agent": [
          "FxVersion/4.700.22.55902",
          "OSName/Windows",
          "OSVersion/Microsoft.Windows.10.0.17763",
          "Microsoft.Azure.Management.Sql.SqlManagementClient/4.8.0"
        ]
      },
      "RequestBody": "",
      "ResponseHeaders": {
        "Cache-Control": [
          "no-cache"
        ],
        "Pragma": [
          "no-cache"
        ],
        "Retry-After": [
          "20"
        ],
        "x-ms-request-id": [
          "dc15bb67-631d-4aed-82b1-ba4bb681f7d8"
        ],
        "x-ms-ratelimit-remaining-subscription-reads": [
          "11999"
        ],
        "x-ms-correlation-request-id": [
          "a4c5068b-b3c3-42cb-8c59-6ca17dfd8b4c"
        ],
        "x-ms-routing-request-id": [
          "CANADAEAST:20230825T081452Z:a4c5068b-b3c3-42cb-8c59-6ca17dfd8b4c"
        ],
        "Strict-Transport-Security": [
          "max-age=31536000; includeSubDomains"
        ],
        "X-Content-Type-Options": [
          "nosniff"
        ],
        "X-Cache": [
          "CONFIG_NOCACHE"
        ],
        "X-MSEdge-Ref": [
          "Ref A: 52881B0619C2406BB46CF72332ABD1C9 Ref B: CO6AA3150218029 Ref C: 2023-08-25T08:14:52Z"
        ],
        "Date": [
          "Fri, 25 Aug 2023 08:14:52 GMT"
        ],
        "Content-Length": [
          "104"
        ],
        "Content-Type": [
          "application/json; charset=utf-8"
        ],
        "Expires": [
          "-1"
        ]
      },
      "ResponseBody": "{\r\n  \"name\": \"e6b6cb82-1513-4dd2-966f-78193f3ab8c5\",\r\n  \"status\": \"InProgress\",\r\n  \"startTime\": \"2023-08-25T08:14:27Z\"\r\n}",
      "StatusCode": 200
    },
    {
      "RequestUri": "/subscriptions/2c647056-bab2-4175-b172-493ff049eb29/resourceGroups/ps6278/providers/Microsoft.Sql/locations/eastus2euap/serverAzureAsyncOperation/e6b6cb82-1513-4dd2-966f-78193f3ab8c5?api-version=2023-02-01-preview",
      "EncodedRequestUri": "L3N1YnNjcmlwdGlvbnMvMmM2NDcwNTYtYmFiMi00MTc1LWIxNzItNDkzZmYwNDllYjI5L3Jlc291cmNlR3JvdXBzL3BzNjI3OC9wcm92aWRlcnMvTWljcm9zb2Z0LlNxbC9sb2NhdGlvbnMvZWFzdHVzMmV1YXAvc2VydmVyQXp1cmVBc3luY09wZXJhdGlvbi9lNmI2Y2I4Mi0xNTEzLTRkZDItOTY2Zi03ODE5M2YzYWI4YzU/YXBpLXZlcnNpb249MjAyMy0wMi0wMS1wcmV2aWV3",
      "RequestMethod": "GET",
      "RequestHeaders": {
        "x-ms-client-request-id": [
          "6e1b285e-2c83-44ce-adfa-937aab70d8d7"
        ],
        "User-Agent": [
          "FxVersion/4.700.22.55902",
          "OSName/Windows",
          "OSVersion/Microsoft.Windows.10.0.17763",
          "Microsoft.Azure.Management.Sql.SqlManagementClient/4.8.0"
        ]
      },
      "RequestBody": "",
      "ResponseHeaders": {
        "Cache-Control": [
          "no-cache"
        ],
        "Pragma": [
          "no-cache"
        ],
        "Retry-After": [
          "15"
        ],
        "x-ms-request-id": [
          "0ec2ff2d-ef14-4ef7-84c9-3131a02dd15f"
        ],
        "x-ms-ratelimit-remaining-subscription-reads": [
          "11998"
        ],
        "x-ms-correlation-request-id": [
          "48fe2498-728b-45b5-acab-0404ec6a0f1c"
        ],
        "x-ms-routing-request-id": [
          "CANADAEAST:20230825T081512Z:48fe2498-728b-45b5-acab-0404ec6a0f1c"
        ],
        "Strict-Transport-Security": [
          "max-age=31536000; includeSubDomains"
        ],
        "X-Content-Type-Options": [
          "nosniff"
        ],
        "X-Cache": [
          "CONFIG_NOCACHE"
        ],
        "X-MSEdge-Ref": [
          "Ref A: F036782A86654331833E81E97E87D37C Ref B: CO6AA3150218029 Ref C: 2023-08-25T08:15:12Z"
        ],
        "Date": [
          "Fri, 25 Aug 2023 08:15:12 GMT"
        ],
        "Content-Length": [
          "103"
        ],
        "Content-Type": [
          "application/json; charset=utf-8"
        ],
        "Expires": [
          "-1"
        ]
      },
      "ResponseBody": "{\r\n  \"name\": \"e6b6cb82-1513-4dd2-966f-78193f3ab8c5\",\r\n  \"status\": \"Succeeded\",\r\n  \"startTime\": \"2023-08-25T08:14:27Z\"\r\n}",
      "StatusCode": 200
    },
    {
      "RequestUri": "/subscriptions/2c647056-bab2-4175-b172-493ff049eb29/resourceGroups/ps6278/providers/Microsoft.Sql/servers/ps9047/databases/ps4914?api-version=2023-02-01-preview",
      "EncodedRequestUri": "L3N1YnNjcmlwdGlvbnMvMmM2NDcwNTYtYmFiMi00MTc1LWIxNzItNDkzZmYwNDllYjI5L3Jlc291cmNlR3JvdXBzL3BzNjI3OC9wcm92aWRlcnMvTWljcm9zb2Z0LlNxbC9zZXJ2ZXJzL3BzOTA0Ny9kYXRhYmFzZXMvcHM0OTE0P2FwaS12ZXJzaW9uPTIwMjMtMDItMDEtcHJldmlldw==",
      "RequestMethod": "GET",
      "RequestHeaders": {
        "x-ms-client-request-id": [
          "d9fa5ab9-677b-4790-bdc5-95167e8755a9"
        ],
        "Accept-Language": [
          "en-US"
        ],
        "User-Agent": [
          "FxVersion/4.700.22.55902",
          "OSName/Windows",
          "OSVersion/Microsoft.Windows.10.0.17763",
          "Microsoft.Azure.Management.Sql.SqlManagementClient/4.8.0"
        ]
      },
      "RequestBody": "",
      "ResponseHeaders": {
        "Cache-Control": [
          "no-cache"
        ],
        "Pragma": [
          "no-cache"
        ],
        "x-ms-failure-cause": [
          "gateway"
        ],
        "x-ms-request-id": [
          "14293fd7-f0a8-40f3-b5e8-5f0c96af549f"
        ],
        "x-ms-correlation-request-id": [
          "14293fd7-f0a8-40f3-b5e8-5f0c96af549f"
        ],
        "x-ms-routing-request-id": [
          "WESTUS:20230825T081513Z:14293fd7-f0a8-40f3-b5e8-5f0c96af549f"
        ],
        "Strict-Transport-Security": [
          "max-age=31536000; includeSubDomains"
        ],
        "X-Content-Type-Options": [
          "nosniff"
        ],
        "X-Cache": [
          "CONFIG_NOCACHE"
        ],
        "X-MSEdge-Ref": [
          "Ref A: 1D00BF760DA444F78D5487289A8F9C67 Ref B: CO6AA3150219049 Ref C: 2023-08-25T08:15:13Z"
        ],
        "Date": [
          "Fri, 25 Aug 2023 08:15:13 GMT"
        ],
        "Content-Length": [
          "223"
        ],
        "Content-Type": [
          "application/json; charset=utf-8"
        ],
        "Expires": [
          "-1"
        ]
      },
      "ResponseBody": "{\r\n  \"error\": {\r\n    \"code\": \"ResourceNotFound\",\r\n    \"message\": \"The Resource 'Microsoft.Sql/servers/ps9047/databases/ps4914' under resource group 'ps6278' was not found. For more details please go to https://aka.ms/ARMResourceNotFoundFix\"\r\n  }\r\n}",
      "StatusCode": 404
    },
    {
      "RequestUri": "/subscriptions/2c647056-bab2-4175-b172-493ff049eb29/resourceGroups/ps6278/providers/Microsoft.Sql/servers/ps9047/databases/ps4914?api-version=2023-02-01-preview",
      "EncodedRequestUri": "L3N1YnNjcmlwdGlvbnMvMmM2NDcwNTYtYmFiMi00MTc1LWIxNzItNDkzZmYwNDllYjI5L3Jlc291cmNlR3JvdXBzL3BzNjI3OC9wcm92aWRlcnMvTWljcm9zb2Z0LlNxbC9zZXJ2ZXJzL3BzOTA0Ny9kYXRhYmFzZXMvcHM0OTE0P2FwaS12ZXJzaW9uPTIwMjMtMDItMDEtcHJldmlldw==",
      "RequestMethod": "GET",
      "RequestHeaders": {
        "x-ms-client-request-id": [
          "d9fa5ab9-677b-4790-bdc5-95167e8755a9"
        ],
        "User-Agent": [
          "FxVersion/4.700.22.55902",
          "OSName/Windows",
          "OSVersion/Microsoft.Windows.10.0.17763",
          "Microsoft.Azure.Management.Sql.SqlManagementClient/4.8.0"
        ]
      },
      "RequestBody": "",
      "ResponseHeaders": {
        "Cache-Control": [
          "no-cache"
        ],
        "Pragma": [
          "no-cache"
        ],
        "x-ms-request-id": [
          "a95d00a8-1d3d-45b3-8414-1b8ccac6435a"
        ],
        "x-ms-ratelimit-remaining-subscription-reads": [
          "11999"
        ],
        "x-ms-correlation-request-id": [
          "a543fe99-8f4f-4c4a-87ba-61699953c12b"
        ],
        "x-ms-routing-request-id": [
          "WESTUS:20230825T081616Z:a543fe99-8f4f-4c4a-87ba-61699953c12b"
        ],
        "Strict-Transport-Security": [
          "max-age=31536000; includeSubDomains"
        ],
        "X-Content-Type-Options": [
          "nosniff"
        ],
        "X-Cache": [
          "CONFIG_NOCACHE"
        ],
        "X-MSEdge-Ref": [
          "Ref A: DA0234D9B9C14DB8A2B196B1568D7410 Ref B: CO6AA3150219035 Ref C: 2023-08-25T08:16:16Z"
        ],
        "Date": [
          "Fri, 25 Aug 2023 08:16:16 GMT"
        ],
        "Content-Length": [
          "1096"
        ],
        "Content-Type": [
          "application/json; charset=utf-8"
        ],
        "Expires": [
          "-1"
        ]
      },
      "ResponseBody": "{\r\n  \"sku\": {\r\n    \"name\": \"Standard\",\r\n    \"tier\": \"Standard\",\r\n    \"capacity\": 10\r\n  },\r\n  \"kind\": \"v12.0,user\",\r\n  \"properties\": {\r\n    \"collation\": \"SQL_Latin1_General_CP1_CI_AS\",\r\n    \"maxSizeBytes\": 268435456000,\r\n    \"status\": \"Online\",\r\n    \"databaseId\": \"411e746d-97df-4e6a-be03-f9dec820597b\",\r\n    \"creationDate\": \"2023-08-25T08:16:02.913Z\",\r\n    \"currentServiceObjectiveName\": \"S0\",\r\n    \"requestedServiceObjectiveName\": \"S0\",\r\n    \"defaultSecondaryLocation\": \"centraluseuap\",\r\n    \"catalogCollation\": \"SQL_Latin1_General_CP1_CI_AS\",\r\n    \"zoneRedundant\": false,\r\n    \"readScale\": \"Disabled\",\r\n    \"currentSku\": {\r\n      \"name\": \"Standard\",\r\n      \"tier\": \"Standard\",\r\n      \"capacity\": 10\r\n    },\r\n    \"currentBackupStorageRedundancy\": \"Geo\",\r\n    \"requestedBackupStorageRedundancy\": \"Geo\",\r\n    \"maintenanceConfigurationId\": \"/subscriptions/2c647056-bab2-4175-b172-493ff049eb29/providers/Microsoft.Maintenance/publicMaintenanceConfigurations/SQL_Default\",\r\n    \"isLedgerOn\": false,\r\n    \"isInfraEncryptionEnabled\": false,\r\n    \"availabilityZone\": \"NoPreference\"\r\n  },\r\n  \"location\": \"eastus2euap\",\r\n  \"id\": \"/subscriptions/2c647056-bab2-4175-b172-493ff049eb29/resourceGroups/ps6278/providers/Microsoft.Sql/servers/ps9047/databases/ps4914\",\r\n  \"name\": \"ps4914\",\r\n  \"type\": \"Microsoft.Sql/servers/databases\"\r\n}",
      "StatusCode": 200
    },
    {
      "RequestUri": "/subscriptions/2c647056-bab2-4175-b172-493ff049eb29/resourceGroups/ps6278/providers/Microsoft.Sql/servers/ps9047/databases/ps4914?api-version=2023-02-01-preview",
      "EncodedRequestUri": "L3N1YnNjcmlwdGlvbnMvMmM2NDcwNTYtYmFiMi00MTc1LWIxNzItNDkzZmYwNDllYjI5L3Jlc291cmNlR3JvdXBzL3BzNjI3OC9wcm92aWRlcnMvTWljcm9zb2Z0LlNxbC9zZXJ2ZXJzL3BzOTA0Ny9kYXRhYmFzZXMvcHM0OTE0P2FwaS12ZXJzaW9uPTIwMjMtMDItMDEtcHJldmlldw==",
      "RequestMethod": "GET",
      "RequestHeaders": {
        "x-ms-client-request-id": [
          "e401a734-43e2-464f-b179-09625f371c97"
        ],
        "Accept-Language": [
          "en-US"
        ],
        "User-Agent": [
          "FxVersion/4.700.22.55902",
          "OSName/Windows",
          "OSVersion/Microsoft.Windows.10.0.17763",
          "Microsoft.Azure.Management.Sql.SqlManagementClient/4.8.0"
        ]
      },
      "RequestBody": "",
      "ResponseHeaders": {
        "Cache-Control": [
          "no-cache"
        ],
        "Pragma": [
          "no-cache"
        ],
        "x-ms-request-id": [
          "023cb08b-f868-4d0b-820c-2ce4cb5b38e9"
        ],
        "x-ms-ratelimit-remaining-subscription-reads": [
          "11999"
        ],
        "x-ms-correlation-request-id": [
          "1357a04d-75b3-4a89-bf58-4bc42934414a"
        ],
        "x-ms-routing-request-id": [
          "WESTUS:20230825T081726Z:1357a04d-75b3-4a89-bf58-4bc42934414a"
        ],
        "Strict-Transport-Security": [
          "max-age=31536000; includeSubDomains"
        ],
        "X-Content-Type-Options": [
          "nosniff"
        ],
        "X-Cache": [
          "CONFIG_NOCACHE"
        ],
        "X-MSEdge-Ref": [
          "Ref A: 723465F9BF29453A97E49D8498AB2D79 Ref B: CO6AA3150220025 Ref C: 2023-08-25T08:17:25Z"
        ],
        "Date": [
          "Fri, 25 Aug 2023 08:17:25 GMT"
        ],
        "Content-Length": [
          "1096"
        ],
        "Content-Type": [
          "application/json; charset=utf-8"
        ],
        "Expires": [
          "-1"
        ]
      },
      "ResponseBody": "{\r\n  \"sku\": {\r\n    \"name\": \"Standard\",\r\n    \"tier\": \"Standard\",\r\n    \"capacity\": 10\r\n  },\r\n  \"kind\": \"v12.0,user\",\r\n  \"properties\": {\r\n    \"collation\": \"SQL_Latin1_General_CP1_CI_AS\",\r\n    \"maxSizeBytes\": 268435456000,\r\n    \"status\": \"Online\",\r\n    \"databaseId\": \"411e746d-97df-4e6a-be03-f9dec820597b\",\r\n    \"creationDate\": \"2023-08-25T08:16:02.913Z\",\r\n    \"currentServiceObjectiveName\": \"S0\",\r\n    \"requestedServiceObjectiveName\": \"S0\",\r\n    \"defaultSecondaryLocation\": \"centraluseuap\",\r\n    \"catalogCollation\": \"SQL_Latin1_General_CP1_CI_AS\",\r\n    \"zoneRedundant\": false,\r\n    \"readScale\": \"Disabled\",\r\n    \"currentSku\": {\r\n      \"name\": \"Standard\",\r\n      \"tier\": \"Standard\",\r\n      \"capacity\": 10\r\n    },\r\n    \"currentBackupStorageRedundancy\": \"Geo\",\r\n    \"requestedBackupStorageRedundancy\": \"Geo\",\r\n    \"maintenanceConfigurationId\": \"/subscriptions/2c647056-bab2-4175-b172-493ff049eb29/providers/Microsoft.Maintenance/publicMaintenanceConfigurations/SQL_Default\",\r\n    \"isLedgerOn\": false,\r\n    \"isInfraEncryptionEnabled\": false,\r\n    \"availabilityZone\": \"NoPreference\"\r\n  },\r\n  \"location\": \"eastus2euap\",\r\n  \"id\": \"/subscriptions/2c647056-bab2-4175-b172-493ff049eb29/resourceGroups/ps6278/providers/Microsoft.Sql/servers/ps9047/databases/ps4914\",\r\n  \"name\": \"ps4914\",\r\n  \"type\": \"Microsoft.Sql/servers/databases\"\r\n}",
      "StatusCode": 200
    },
    {
      "RequestUri": "/subscriptions/2c647056-bab2-4175-b172-493ff049eb29/resourceGroups/ps6278/providers/Microsoft.Sql/servers/ps9047/databases/ps4914?api-version=2023-02-01-preview",
      "EncodedRequestUri": "L3N1YnNjcmlwdGlvbnMvMmM2NDcwNTYtYmFiMi00MTc1LWIxNzItNDkzZmYwNDllYjI5L3Jlc291cmNlR3JvdXBzL3BzNjI3OC9wcm92aWRlcnMvTWljcm9zb2Z0LlNxbC9zZXJ2ZXJzL3BzOTA0Ny9kYXRhYmFzZXMvcHM0OTE0P2FwaS12ZXJzaW9uPTIwMjMtMDItMDEtcHJldmlldw==",
      "RequestMethod": "PUT",
      "RequestHeaders": {
        "x-ms-client-request-id": [
          "d9fa5ab9-677b-4790-bdc5-95167e8755a9"
        ],
        "Accept-Language": [
          "en-US"
        ],
        "User-Agent": [
          "FxVersion/4.700.22.55902",
          "OSName/Windows",
          "OSVersion/Microsoft.Windows.10.0.17763",
          "Microsoft.Azure.Management.Sql.SqlManagementClient/4.8.0"
        ],
        "Content-Type": [
          "application/json; charset=utf-8"
        ],
        "Content-Length": [
          "187"
        ]
      },
      "RequestBody": "{\r\n  \"sku\": {\r\n    \"name\": \"Standard\",\r\n    \"tier\": \"Standard\"\r\n  },\r\n  \"properties\": {\r\n    \"maxSizeBytes\": 0,\r\n    \"readScale\": \"\",\r\n    \"keys\": {}\r\n  },\r\n  \"location\": \"eastus2euap\"\r\n}",
      "ResponseHeaders": {
        "Cache-Control": [
          "no-cache"
        ],
        "Pragma": [
          "no-cache"
        ],
        "Location": [
          "https://management.azure.com/subscriptions/2c647056-bab2-4175-b172-493ff049eb29/resourceGroups/ps6278/providers/Microsoft.Sql/locations/eastus2euap/databaseOperationResults/658c5270-59c1-4973-bb8b-b166b4a60544?api-version=2023-02-01-preview"
        ],
        "Retry-After": [
          "15"
        ],
        "Azure-AsyncOperation": [
          "https://management.azure.com/subscriptions/2c647056-bab2-4175-b172-493ff049eb29/resourceGroups/ps6278/providers/Microsoft.Sql/locations/eastus2euap/databaseAzureAsyncOperation/658c5270-59c1-4973-bb8b-b166b4a60544?api-version=2023-02-01-preview"
        ],
        "x-ms-request-id": [
          "658c5270-59c1-4973-bb8b-b166b4a60544"
        ],
        "x-ms-ratelimit-remaining-subscription-writes": [
          "1199"
        ],
        "x-ms-correlation-request-id": [
          "a9939b42-eb64-40ab-a1c5-3689596a191b"
        ],
        "x-ms-routing-request-id": [
          "WESTUS:20230825T081515Z:a9939b42-eb64-40ab-a1c5-3689596a191b"
        ],
        "Strict-Transport-Security": [
          "max-age=31536000; includeSubDomains"
        ],
        "X-Content-Type-Options": [
          "nosniff"
        ],
        "X-Cache": [
          "CONFIG_NOCACHE"
        ],
        "X-MSEdge-Ref": [
          "Ref A: 29C415B5033D4487B3C5C873C649CFF4 Ref B: CO6AA3150219035 Ref C: 2023-08-25T08:15:14Z"
        ],
        "Date": [
          "Fri, 25 Aug 2023 08:15:15 GMT"
        ],
        "Content-Length": [
          "75"
        ],
        "Content-Type": [
          "application/json; charset=utf-8"
        ],
        "Expires": [
          "-1"
        ]
      },
      "ResponseBody": "{\r\n  \"operation\": \"CreateLogicalDatabase\",\r\n  \"startTime\": \"2023-08-25T08:15:14.99Z\"\r\n}",
      "StatusCode": 202
    },
    {
      "RequestUri": "/subscriptions/2c647056-bab2-4175-b172-493ff049eb29/resourceGroups/ps6278/providers/Microsoft.Sql/locations/eastus2euap/databaseAzureAsyncOperation/658c5270-59c1-4973-bb8b-b166b4a60544?api-version=2023-02-01-preview",
      "EncodedRequestUri": "L3N1YnNjcmlwdGlvbnMvMmM2NDcwNTYtYmFiMi00MTc1LWIxNzItNDkzZmYwNDllYjI5L3Jlc291cmNlR3JvdXBzL3BzNjI3OC9wcm92aWRlcnMvTWljcm9zb2Z0LlNxbC9sb2NhdGlvbnMvZWFzdHVzMmV1YXAvZGF0YWJhc2VBenVyZUFzeW5jT3BlcmF0aW9uLzY1OGM1MjcwLTU5YzEtNDk3My1iYjhiLWIxNjZiNGE2MDU0ND9hcGktdmVyc2lvbj0yMDIzLTAyLTAxLXByZXZpZXc=",
      "RequestMethod": "GET",
      "RequestHeaders": {
        "x-ms-client-request-id": [
          "d9fa5ab9-677b-4790-bdc5-95167e8755a9"
        ],
        "User-Agent": [
          "FxVersion/4.700.22.55902",
          "OSName/Windows",
          "OSVersion/Microsoft.Windows.10.0.17763",
          "Microsoft.Azure.Management.Sql.SqlManagementClient/4.8.0"
        ]
      },
      "RequestBody": "",
      "ResponseHeaders": {
        "Cache-Control": [
          "no-cache"
        ],
        "Pragma": [
          "no-cache"
        ],
        "Retry-After": [
          "15"
        ],
        "x-ms-request-id": [
          "b1f16aa5-8401-4228-b6f8-8459869ffc0e"
        ],
        "x-ms-ratelimit-remaining-subscription-reads": [
          "11999"
        ],
        "x-ms-correlation-request-id": [
          "3425448e-a2ee-4b93-9e8e-75ceef81b77b"
        ],
        "x-ms-routing-request-id": [
          "WESTUS:20230825T081530Z:3425448e-a2ee-4b93-9e8e-75ceef81b77b"
        ],
        "Strict-Transport-Security": [
          "max-age=31536000; includeSubDomains"
        ],
        "X-Content-Type-Options": [
          "nosniff"
        ],
        "X-Cache": [
          "CONFIG_NOCACHE"
        ],
        "X-MSEdge-Ref": [
          "Ref A: 2B02CC5E0FD54BB794B459D9822BFE45 Ref B: CO6AA3150219035 Ref C: 2023-08-25T08:15:30Z"
        ],
        "Date": [
          "Fri, 25 Aug 2023 08:15:30 GMT"
        ],
        "Content-Length": [
          "107"
        ],
        "Content-Type": [
          "application/json; charset=utf-8"
        ],
        "Expires": [
          "-1"
        ]
      },
      "ResponseBody": "{\r\n  \"name\": \"658c5270-59c1-4973-bb8b-b166b4a60544\",\r\n  \"status\": \"InProgress\",\r\n  \"startTime\": \"2023-08-25T08:15:14.99Z\"\r\n}",
      "StatusCode": 200
    },
    {
      "RequestUri": "/subscriptions/2c647056-bab2-4175-b172-493ff049eb29/resourceGroups/ps6278/providers/Microsoft.Sql/locations/eastus2euap/databaseAzureAsyncOperation/658c5270-59c1-4973-bb8b-b166b4a60544?api-version=2023-02-01-preview",
      "EncodedRequestUri": "L3N1YnNjcmlwdGlvbnMvMmM2NDcwNTYtYmFiMi00MTc1LWIxNzItNDkzZmYwNDllYjI5L3Jlc291cmNlR3JvdXBzL3BzNjI3OC9wcm92aWRlcnMvTWljcm9zb2Z0LlNxbC9sb2NhdGlvbnMvZWFzdHVzMmV1YXAvZGF0YWJhc2VBenVyZUFzeW5jT3BlcmF0aW9uLzY1OGM1MjcwLTU5YzEtNDk3My1iYjhiLWIxNjZiNGE2MDU0ND9hcGktdmVyc2lvbj0yMDIzLTAyLTAxLXByZXZpZXc=",
      "RequestMethod": "GET",
      "RequestHeaders": {
        "x-ms-client-request-id": [
          "d9fa5ab9-677b-4790-bdc5-95167e8755a9"
        ],
        "User-Agent": [
          "FxVersion/4.700.22.55902",
          "OSName/Windows",
          "OSVersion/Microsoft.Windows.10.0.17763",
          "Microsoft.Azure.Management.Sql.SqlManagementClient/4.8.0"
        ]
      },
      "RequestBody": "",
      "ResponseHeaders": {
        "Cache-Control": [
          "no-cache"
        ],
        "Pragma": [
          "no-cache"
        ],
        "Retry-After": [
          "15"
        ],
        "x-ms-request-id": [
          "767f30f0-73a4-406f-b59e-d3438402850b"
        ],
        "x-ms-ratelimit-remaining-subscription-reads": [
          "11999"
        ],
        "x-ms-correlation-request-id": [
          "0e9a748e-08c2-4cca-bfad-0ed44f552571"
        ],
        "x-ms-routing-request-id": [
          "WESTUS:20230825T081545Z:0e9a748e-08c2-4cca-bfad-0ed44f552571"
        ],
        "Strict-Transport-Security": [
          "max-age=31536000; includeSubDomains"
        ],
        "X-Content-Type-Options": [
          "nosniff"
        ],
        "X-Cache": [
          "CONFIG_NOCACHE"
        ],
        "X-MSEdge-Ref": [
          "Ref A: AD4E140C4D844CAEA00D91CEFE1E7AA6 Ref B: CO6AA3150219035 Ref C: 2023-08-25T08:15:45Z"
        ],
        "Date": [
          "Fri, 25 Aug 2023 08:15:45 GMT"
        ],
        "Content-Length": [
          "107"
        ],
        "Content-Type": [
          "application/json; charset=utf-8"
        ],
        "Expires": [
          "-1"
        ]
      },
      "ResponseBody": "{\r\n  \"name\": \"658c5270-59c1-4973-bb8b-b166b4a60544\",\r\n  \"status\": \"InProgress\",\r\n  \"startTime\": \"2023-08-25T08:15:14.99Z\"\r\n}",
      "StatusCode": 200
    },
    {
      "RequestUri": "/subscriptions/2c647056-bab2-4175-b172-493ff049eb29/resourceGroups/ps6278/providers/Microsoft.Sql/locations/eastus2euap/databaseAzureAsyncOperation/658c5270-59c1-4973-bb8b-b166b4a60544?api-version=2023-02-01-preview",
      "EncodedRequestUri": "L3N1YnNjcmlwdGlvbnMvMmM2NDcwNTYtYmFiMi00MTc1LWIxNzItNDkzZmYwNDllYjI5L3Jlc291cmNlR3JvdXBzL3BzNjI3OC9wcm92aWRlcnMvTWljcm9zb2Z0LlNxbC9sb2NhdGlvbnMvZWFzdHVzMmV1YXAvZGF0YWJhc2VBenVyZUFzeW5jT3BlcmF0aW9uLzY1OGM1MjcwLTU5YzEtNDk3My1iYjhiLWIxNjZiNGE2MDU0ND9hcGktdmVyc2lvbj0yMDIzLTAyLTAxLXByZXZpZXc=",
      "RequestMethod": "GET",
      "RequestHeaders": {
        "x-ms-client-request-id": [
          "d9fa5ab9-677b-4790-bdc5-95167e8755a9"
        ],
        "User-Agent": [
          "FxVersion/4.700.22.55902",
          "OSName/Windows",
          "OSVersion/Microsoft.Windows.10.0.17763",
          "Microsoft.Azure.Management.Sql.SqlManagementClient/4.8.0"
        ]
      },
      "RequestBody": "",
      "ResponseHeaders": {
        "Cache-Control": [
          "no-cache"
        ],
        "Pragma": [
          "no-cache"
        ],
        "Retry-After": [
          "15"
        ],
        "x-ms-request-id": [
          "44b4ddf2-a42b-4fe1-b6ea-5316d22201fc"
        ],
        "x-ms-ratelimit-remaining-subscription-reads": [
          "11999"
        ],
        "x-ms-correlation-request-id": [
          "85f27e8f-a057-4432-8f1a-e28a7663d685"
        ],
        "x-ms-routing-request-id": [
          "WESTUS:20230825T081601Z:85f27e8f-a057-4432-8f1a-e28a7663d685"
        ],
        "Strict-Transport-Security": [
          "max-age=31536000; includeSubDomains"
        ],
        "X-Content-Type-Options": [
          "nosniff"
        ],
        "X-Cache": [
          "CONFIG_NOCACHE"
        ],
        "X-MSEdge-Ref": [
          "Ref A: D17033A5779541A3A7BFAB4F6CFE92AF Ref B: CO6AA3150219035 Ref C: 2023-08-25T08:16:00Z"
        ],
        "Date": [
          "Fri, 25 Aug 2023 08:16:01 GMT"
        ],
        "Content-Length": [
          "107"
        ],
        "Content-Type": [
          "application/json; charset=utf-8"
        ],
        "Expires": [
          "-1"
        ]
      },
      "ResponseBody": "{\r\n  \"name\": \"658c5270-59c1-4973-bb8b-b166b4a60544\",\r\n  \"status\": \"InProgress\",\r\n  \"startTime\": \"2023-08-25T08:15:14.99Z\"\r\n}",
      "StatusCode": 200
    },
    {
      "RequestUri": "/subscriptions/2c647056-bab2-4175-b172-493ff049eb29/resourceGroups/ps6278/providers/Microsoft.Sql/locations/eastus2euap/databaseAzureAsyncOperation/658c5270-59c1-4973-bb8b-b166b4a60544?api-version=2023-02-01-preview",
      "EncodedRequestUri": "L3N1YnNjcmlwdGlvbnMvMmM2NDcwNTYtYmFiMi00MTc1LWIxNzItNDkzZmYwNDllYjI5L3Jlc291cmNlR3JvdXBzL3BzNjI3OC9wcm92aWRlcnMvTWljcm9zb2Z0LlNxbC9sb2NhdGlvbnMvZWFzdHVzMmV1YXAvZGF0YWJhc2VBenVyZUFzeW5jT3BlcmF0aW9uLzY1OGM1MjcwLTU5YzEtNDk3My1iYjhiLWIxNjZiNGE2MDU0ND9hcGktdmVyc2lvbj0yMDIzLTAyLTAxLXByZXZpZXc=",
      "RequestMethod": "GET",
      "RequestHeaders": {
        "x-ms-client-request-id": [
          "d9fa5ab9-677b-4790-bdc5-95167e8755a9"
        ],
        "User-Agent": [
          "FxVersion/4.700.22.55902",
          "OSName/Windows",
          "OSVersion/Microsoft.Windows.10.0.17763",
          "Microsoft.Azure.Management.Sql.SqlManagementClient/4.8.0"
        ]
      },
      "RequestBody": "",
      "ResponseHeaders": {
        "Cache-Control": [
          "no-cache"
        ],
        "Pragma": [
          "no-cache"
        ],
        "Retry-After": [
          "15"
        ],
        "x-ms-request-id": [
          "38119130-c07b-4cf0-948e-28a4610dcf3a"
        ],
        "x-ms-ratelimit-remaining-subscription-reads": [
          "11999"
        ],
        "x-ms-correlation-request-id": [
          "92b30b47-707d-4403-a3d9-694c4ec59e09"
        ],
        "x-ms-routing-request-id": [
          "WESTUS:20230825T081616Z:92b30b47-707d-4403-a3d9-694c4ec59e09"
        ],
        "Strict-Transport-Security": [
          "max-age=31536000; includeSubDomains"
        ],
        "X-Content-Type-Options": [
          "nosniff"
        ],
        "X-Cache": [
          "CONFIG_NOCACHE"
        ],
        "X-MSEdge-Ref": [
          "Ref A: 8CF0464B13DC43929453C40AD7408B03 Ref B: CO6AA3150219035 Ref C: 2023-08-25T08:16:16Z"
        ],
        "Date": [
          "Fri, 25 Aug 2023 08:16:16 GMT"
        ],
        "Content-Length": [
          "106"
        ],
        "Content-Type": [
          "application/json; charset=utf-8"
        ],
        "Expires": [
          "-1"
        ]
      },
      "ResponseBody": "{\r\n  \"name\": \"658c5270-59c1-4973-bb8b-b166b4a60544\",\r\n  \"status\": \"Succeeded\",\r\n  \"startTime\": \"2023-08-25T08:15:14.99Z\"\r\n}",
      "StatusCode": 200
    },
    {
      "RequestUri": "/subscriptions/2c647056-bab2-4175-b172-493ff049eb29/resourcegroups/ps9413?api-version=2016-09-01",
      "EncodedRequestUri": "L3N1YnNjcmlwdGlvbnMvMmM2NDcwNTYtYmFiMi00MTc1LWIxNzItNDkzZmYwNDllYjI5L3Jlc291cmNlZ3JvdXBzL3BzOTQxMz9hcGktdmVyc2lvbj0yMDE2LTA5LTAx",
      "RequestMethod": "PUT",
      "RequestHeaders": {
        "x-ms-client-request-id": [
          "ccaa5fc6-fb55-4e9a-be71-8c1ab29e3b04"
        ],
        "Accept-Language": [
          "en-US"
        ],
        "User-Agent": [
          "FxVersion/4.700.22.55902",
          "OSName/Windows",
          "OSVersion/Microsoft.Windows.10.0.17763",
          "Microsoft.Azure.Management.Internal.Resources.ResourceManagementClient/1.3.80"
        ],
        "Content-Type": [
          "application/json; charset=utf-8"
        ],
        "Content-Length": [
          "33"
        ]
      },
      "RequestBody": "{\r\n  \"location\": \"eastus2euap\"\r\n}",
      "ResponseHeaders": {
        "Cache-Control": [
          "no-cache"
        ],
        "Pragma": [
          "no-cache"
        ],
        "x-ms-ratelimit-remaining-subscription-writes": [
          "1199"
        ],
        "x-ms-request-id": [
          "38c18a90-1052-46ad-9832-406b621609fa"
        ],
        "x-ms-correlation-request-id": [
          "38c18a90-1052-46ad-9832-406b621609fa"
        ],
        "x-ms-routing-request-id": [
          "WESTUS:20230825T081617Z:38c18a90-1052-46ad-9832-406b621609fa"
        ],
        "Strict-Transport-Security": [
          "max-age=31536000; includeSubDomains"
        ],
        "X-Content-Type-Options": [
          "nosniff"
        ],
        "X-Cache": [
          "CONFIG_NOCACHE"
        ],
        "X-MSEdge-Ref": [
          "Ref A: A091753BE1E84C068A199CBB31EC8D44 Ref B: CO6AA3150219045 Ref C: 2023-08-25T08:16:16Z"
        ],
        "Date": [
          "Fri, 25 Aug 2023 08:16:17 GMT"
        ],
        "Content-Length": [
          "170"
        ],
        "Content-Type": [
          "application/json; charset=utf-8"
        ],
        "Expires": [
          "-1"
        ]
      },
      "ResponseBody": "{\r\n  \"id\": \"/subscriptions/2c647056-bab2-4175-b172-493ff049eb29/resourceGroups/ps9413\",\r\n  \"name\": \"ps9413\",\r\n  \"location\": \"eastus2euap\",\r\n  \"properties\": {\r\n    \"provisioningState\": \"Succeeded\"\r\n  }\r\n}",
      "StatusCode": 201
    },
    {
      "RequestUri": "/subscriptions/2c647056-bab2-4175-b172-493ff049eb29/resourceGroups/ps9413/providers/Microsoft.Sql/servers/ps299?api-version=2023-02-01-preview",
      "EncodedRequestUri": "L3N1YnNjcmlwdGlvbnMvMmM2NDcwNTYtYmFiMi00MTc1LWIxNzItNDkzZmYwNDllYjI5L3Jlc291cmNlR3JvdXBzL3BzOTQxMy9wcm92aWRlcnMvTWljcm9zb2Z0LlNxbC9zZXJ2ZXJzL3BzMjk5P2FwaS12ZXJzaW9uPTIwMjMtMDItMDEtcHJldmlldw==",
      "RequestMethod": "GET",
      "RequestHeaders": {
        "x-ms-client-request-id": [
          "7fe13601-43ad-4ef1-a7d7-845675da8abf"
        ],
        "Accept-Language": [
          "en-US"
        ],
        "User-Agent": [
          "FxVersion/4.700.22.55902",
          "OSName/Windows",
          "OSVersion/Microsoft.Windows.10.0.17763",
          "Microsoft.Azure.Management.Sql.SqlManagementClient/4.8.0"
        ]
      },
      "RequestBody": "",
      "ResponseHeaders": {
        "Cache-Control": [
          "no-cache"
        ],
        "Pragma": [
          "no-cache"
        ],
        "x-ms-failure-cause": [
          "gateway"
        ],
        "x-ms-request-id": [
          "6217897f-932b-4f8a-969b-12c49d5eb688"
        ],
        "x-ms-correlation-request-id": [
          "6217897f-932b-4f8a-969b-12c49d5eb688"
        ],
        "x-ms-routing-request-id": [
          "CANADAEAST:20230825T081617Z:6217897f-932b-4f8a-969b-12c49d5eb688"
        ],
        "Strict-Transport-Security": [
          "max-age=31536000; includeSubDomains"
        ],
        "X-Content-Type-Options": [
          "nosniff"
        ],
        "X-Cache": [
          "CONFIG_NOCACHE"
        ],
        "X-MSEdge-Ref": [
          "Ref A: 6FD66C14140740A28D90DA3E6502F799 Ref B: CO6AA3150218029 Ref C: 2023-08-25T08:16:17Z"
        ],
        "Date": [
          "Fri, 25 Aug 2023 08:16:17 GMT"
        ],
        "Content-Length": [
          "205"
        ],
        "Content-Type": [
          "application/json; charset=utf-8"
        ],
        "Expires": [
          "-1"
        ]
      },
      "ResponseBody": "{\r\n  \"error\": {\r\n    \"code\": \"ResourceNotFound\",\r\n    \"message\": \"The Resource 'Microsoft.Sql/servers/ps299' under resource group 'ps9413' was not found. For more details please go to https://aka.ms/ARMResourceNotFoundFix\"\r\n  }\r\n}",
      "StatusCode": 404
    },
    {
      "RequestUri": "/subscriptions/2c647056-bab2-4175-b172-493ff049eb29/resourceGroups/ps9413/providers/Microsoft.Sql/servers/ps299?api-version=2023-02-01-preview",
      "EncodedRequestUri": "L3N1YnNjcmlwdGlvbnMvMmM2NDcwNTYtYmFiMi00MTc1LWIxNzItNDkzZmYwNDllYjI5L3Jlc291cmNlR3JvdXBzL3BzOTQxMy9wcm92aWRlcnMvTWljcm9zb2Z0LlNxbC9zZXJ2ZXJzL3BzMjk5P2FwaS12ZXJzaW9uPTIwMjMtMDItMDEtcHJldmlldw==",
      "RequestMethod": "GET",
      "RequestHeaders": {
        "x-ms-client-request-id": [
          "7fe13601-43ad-4ef1-a7d7-845675da8abf"
        ],
        "User-Agent": [
          "FxVersion/4.700.22.55902",
          "OSName/Windows",
          "OSVersion/Microsoft.Windows.10.0.17763",
          "Microsoft.Azure.Management.Sql.SqlManagementClient/4.8.0"
        ]
      },
      "RequestBody": "",
      "ResponseHeaders": {
        "Cache-Control": [
          "no-cache"
        ],
        "Pragma": [
          "no-cache"
        ],
        "x-ms-request-id": [
          "341b19a1-90b1-4e47-aeb0-e223aa7927b6"
        ],
        "x-ms-ratelimit-remaining-subscription-reads": [
          "11996"
        ],
        "x-ms-correlation-request-id": [
          "2d194fac-78e1-41e4-88c8-09c25004b6f7"
        ],
        "x-ms-routing-request-id": [
          "CANADAEAST:20230825T081724Z:2d194fac-78e1-41e4-88c8-09c25004b6f7"
        ],
        "Strict-Transport-Security": [
          "max-age=31536000; includeSubDomains"
        ],
        "X-Content-Type-Options": [
          "nosniff"
        ],
        "X-Cache": [
          "CONFIG_NOCACHE"
        ],
        "X-MSEdge-Ref": [
          "Ref A: 83256BB75B8E449E9CE281856EAE21F3 Ref B: CO6AA3150218029 Ref C: 2023-08-25T08:17:24Z"
        ],
        "Date": [
          "Fri, 25 Aug 2023 08:17:24 GMT"
        ],
        "Content-Length": [
          "518"
        ],
        "Content-Type": [
          "application/json; charset=utf-8"
        ],
        "Expires": [
          "-1"
        ]
      },
      "ResponseBody": "{\r\n  \"kind\": \"v12.0\",\r\n  \"properties\": {\r\n    \"administratorLogin\": \"testusername\",\r\n    \"version\": \"12.0\",\r\n    \"state\": \"Ready\",\r\n    \"fullyQualifiedDomainName\": \"ps299.database.windows.net\",\r\n    \"privateEndpointConnections\": [],\r\n    \"minimalTlsVersion\": \"None\",\r\n    \"publicNetworkAccess\": \"Enabled\",\r\n    \"restrictOutboundNetworkAccess\": \"Disabled\",\r\n    \"externalGovernanceStatus\": \"Disabled\"\r\n  },\r\n  \"location\": \"eastus2euap\",\r\n  \"id\": \"/subscriptions/2c647056-bab2-4175-b172-493ff049eb29/resourceGroups/ps9413/providers/Microsoft.Sql/servers/ps299\",\r\n  \"name\": \"ps299\",\r\n  \"type\": \"Microsoft.Sql/servers\"\r\n}",
      "StatusCode": 200
    },
    {
      "RequestUri": "/subscriptions/2c647056-bab2-4175-b172-493ff049eb29/resourceGroups/ps9413/providers/Microsoft.Sql/servers/ps299?api-version=2023-02-01-preview",
      "EncodedRequestUri": "L3N1YnNjcmlwdGlvbnMvMmM2NDcwNTYtYmFiMi00MTc1LWIxNzItNDkzZmYwNDllYjI5L3Jlc291cmNlR3JvdXBzL3BzOTQxMy9wcm92aWRlcnMvTWljcm9zb2Z0LlNxbC9zZXJ2ZXJzL3BzMjk5P2FwaS12ZXJzaW9uPTIwMjMtMDItMDEtcHJldmlldw==",
      "RequestMethod": "GET",
      "RequestHeaders": {
        "x-ms-client-request-id": [
          "e401a734-43e2-464f-b179-09625f371c97"
        ],
        "Accept-Language": [
          "en-US"
        ],
        "User-Agent": [
          "FxVersion/4.700.22.55902",
          "OSName/Windows",
          "OSVersion/Microsoft.Windows.10.0.17763",
          "Microsoft.Azure.Management.Sql.SqlManagementClient/4.8.0"
        ]
      },
      "RequestBody": "",
      "ResponseHeaders": {
        "Cache-Control": [
          "no-cache"
        ],
        "Pragma": [
          "no-cache"
        ],
        "x-ms-request-id": [
          "dbf9eea9-d4ee-4273-b919-a33cd2386f36"
        ],
        "x-ms-ratelimit-remaining-subscription-reads": [
          "11999"
        ],
        "x-ms-correlation-request-id": [
          "844ed9c3-414c-4af2-b703-7567cd861719"
        ],
        "x-ms-routing-request-id": [
          "CANADAEAST:20230825T081725Z:844ed9c3-414c-4af2-b703-7567cd861719"
        ],
        "Strict-Transport-Security": [
          "max-age=31536000; includeSubDomains"
        ],
        "X-Content-Type-Options": [
          "nosniff"
        ],
        "X-Cache": [
          "CONFIG_NOCACHE"
        ],
        "X-MSEdge-Ref": [
          "Ref A: 5F1E8C626952411BBA63A4CBB485D198 Ref B: CO6AA3150218029 Ref C: 2023-08-25T08:17:25Z"
        ],
        "Date": [
          "Fri, 25 Aug 2023 08:17:25 GMT"
        ],
        "Content-Length": [
          "518"
        ],
        "Content-Type": [
          "application/json; charset=utf-8"
        ],
        "Expires": [
          "-1"
        ]
      },
      "ResponseBody": "{\r\n  \"kind\": \"v12.0\",\r\n  \"properties\": {\r\n    \"administratorLogin\": \"testusername\",\r\n    \"version\": \"12.0\",\r\n    \"state\": \"Ready\",\r\n    \"fullyQualifiedDomainName\": \"ps299.database.windows.net\",\r\n    \"privateEndpointConnections\": [],\r\n    \"minimalTlsVersion\": \"None\",\r\n    \"publicNetworkAccess\": \"Enabled\",\r\n    \"restrictOutboundNetworkAccess\": \"Disabled\",\r\n    \"externalGovernanceStatus\": \"Disabled\"\r\n  },\r\n  \"location\": \"eastus2euap\",\r\n  \"id\": \"/subscriptions/2c647056-bab2-4175-b172-493ff049eb29/resourceGroups/ps9413/providers/Microsoft.Sql/servers/ps299\",\r\n  \"name\": \"ps299\",\r\n  \"type\": \"Microsoft.Sql/servers\"\r\n}",
      "StatusCode": 200
    },
    {
      "RequestUri": "/subscriptions/2c647056-bab2-4175-b172-493ff049eb29/resourceGroups/ps9413/providers/Microsoft.Sql/servers/ps299?api-version=2023-02-01-preview",
      "EncodedRequestUri": "L3N1YnNjcmlwdGlvbnMvMmM2NDcwNTYtYmFiMi00MTc1LWIxNzItNDkzZmYwNDllYjI5L3Jlc291cmNlR3JvdXBzL3BzOTQxMy9wcm92aWRlcnMvTWljcm9zb2Z0LlNxbC9zZXJ2ZXJzL3BzMjk5P2FwaS12ZXJzaW9uPTIwMjMtMDItMDEtcHJldmlldw==",
      "RequestMethod": "PUT",
      "RequestHeaders": {
        "x-ms-client-request-id": [
          "7fe13601-43ad-4ef1-a7d7-845675da8abf"
        ],
        "Accept-Language": [
          "en-US"
        ],
        "User-Agent": [
          "FxVersion/4.700.22.55902",
          "OSName/Windows",
          "OSVersion/Microsoft.Windows.10.0.17763",
          "Microsoft.Azure.Management.Sql.SqlManagementClient/4.8.0"
        ],
        "Content-Type": [
          "application/json; charset=utf-8"
        ],
        "Content-Length": [
          "155"
        ]
      },
      "RequestBody": "{\r\n  \"properties\": {\r\n    \"administratorLogin\": \"testusername\",\r\n    \"administratorLoginPassword\": \"t357ingP@s5w0rd!\"\r\n  },\r\n  \"location\": \"eastus2euap\"\r\n}",
      "ResponseHeaders": {
        "Cache-Control": [
          "no-cache"
        ],
        "Pragma": [
          "no-cache"
        ],
        "Location": [
          "https://management.azure.com/subscriptions/2c647056-bab2-4175-b172-493ff049eb29/resourceGroups/ps9413/providers/Microsoft.Sql/locations/eastus2euap/serverOperationResults/37548c8f-371e-499b-ac93-63add8be7dd7?api-version=2023-02-01-preview"
        ],
        "Retry-After": [
          "1"
        ],
        "Azure-AsyncOperation": [
          "https://management.azure.com/subscriptions/2c647056-bab2-4175-b172-493ff049eb29/resourceGroups/ps9413/providers/Microsoft.Sql/locations/eastus2euap/serverAzureAsyncOperation/37548c8f-371e-499b-ac93-63add8be7dd7?api-version=2023-02-01-preview"
        ],
        "x-ms-request-id": [
          "37548c8f-371e-499b-ac93-63add8be7dd7"
        ],
        "x-ms-ratelimit-remaining-subscription-writes": [
          "1199"
        ],
        "x-ms-correlation-request-id": [
          "29afef17-c097-4da6-8d1e-41aa62a84b38"
        ],
        "x-ms-routing-request-id": [
          "CANADAEAST:20230825T081618Z:29afef17-c097-4da6-8d1e-41aa62a84b38"
        ],
        "Strict-Transport-Security": [
          "max-age=31536000; includeSubDomains"
        ],
        "X-Content-Type-Options": [
          "nosniff"
        ],
        "X-Cache": [
          "CONFIG_NOCACHE"
        ],
        "X-MSEdge-Ref": [
          "Ref A: 72F63C0C13424343A62704ED9AEF07E5 Ref B: CO6AA3150218029 Ref C: 2023-08-25T08:16:17Z"
        ],
        "Date": [
          "Fri, 25 Aug 2023 08:16:18 GMT"
        ],
        "Content-Length": [
          "74"
        ],
        "Content-Type": [
          "application/json; charset=utf-8"
        ],
        "Expires": [
          "-1"
        ]
      },
      "ResponseBody": "{\r\n  \"operation\": \"UpsertLogicalServer\",\r\n  \"startTime\": \"2023-08-25T08:16:18.393Z\"\r\n}",
      "StatusCode": 202
    },
    {
      "RequestUri": "/subscriptions/2c647056-bab2-4175-b172-493ff049eb29/resourceGroups/ps9413/providers/Microsoft.Sql/locations/eastus2euap/serverAzureAsyncOperation/37548c8f-371e-499b-ac93-63add8be7dd7?api-version=2023-02-01-preview",
      "EncodedRequestUri": "L3N1YnNjcmlwdGlvbnMvMmM2NDcwNTYtYmFiMi00MTc1LWIxNzItNDkzZmYwNDllYjI5L3Jlc291cmNlR3JvdXBzL3BzOTQxMy9wcm92aWRlcnMvTWljcm9zb2Z0LlNxbC9sb2NhdGlvbnMvZWFzdHVzMmV1YXAvc2VydmVyQXp1cmVBc3luY09wZXJhdGlvbi8zNzU0OGM4Zi0zNzFlLTQ5OWItYWM5My02M2FkZDhiZTdkZDc/YXBpLXZlcnNpb249MjAyMy0wMi0wMS1wcmV2aWV3",
      "RequestMethod": "GET",
      "RequestHeaders": {
        "x-ms-client-request-id": [
          "7fe13601-43ad-4ef1-a7d7-845675da8abf"
        ],
        "User-Agent": [
          "FxVersion/4.700.22.55902",
          "OSName/Windows",
          "OSVersion/Microsoft.Windows.10.0.17763",
          "Microsoft.Azure.Management.Sql.SqlManagementClient/4.8.0"
        ]
      },
      "RequestBody": "",
      "ResponseHeaders": {
        "Cache-Control": [
          "no-cache"
        ],
        "Pragma": [
          "no-cache"
        ],
        "Retry-After": [
          "1"
        ],
        "x-ms-request-id": [
          "2f29b418-63af-4fbc-9a63-a01e582bcb6f"
        ],
        "x-ms-ratelimit-remaining-subscription-reads": [
          "11997"
        ],
        "x-ms-correlation-request-id": [
          "d30cba21-287c-424a-b809-5d333dcc2132"
        ],
        "x-ms-routing-request-id": [
          "CANADAEAST:20230825T081619Z:d30cba21-287c-424a-b809-5d333dcc2132"
        ],
        "Strict-Transport-Security": [
          "max-age=31536000; includeSubDomains"
        ],
        "X-Content-Type-Options": [
          "nosniff"
        ],
        "X-Cache": [
          "CONFIG_NOCACHE"
        ],
        "X-MSEdge-Ref": [
          "Ref A: 74C2CE5CFCA24558A37F3D6D9C2BE06A Ref B: CO6AA3150218029 Ref C: 2023-08-25T08:16:19Z"
        ],
        "Date": [
          "Fri, 25 Aug 2023 08:16:19 GMT"
        ],
        "Content-Length": [
          "108"
        ],
        "Content-Type": [
          "application/json; charset=utf-8"
        ],
        "Expires": [
          "-1"
        ]
      },
      "ResponseBody": "{\r\n  \"name\": \"37548c8f-371e-499b-ac93-63add8be7dd7\",\r\n  \"status\": \"InProgress\",\r\n  \"startTime\": \"2023-08-25T08:16:18.393Z\"\r\n}",
      "StatusCode": 200
    },
    {
      "RequestUri": "/subscriptions/2c647056-bab2-4175-b172-493ff049eb29/resourceGroups/ps9413/providers/Microsoft.Sql/locations/eastus2euap/serverAzureAsyncOperation/37548c8f-371e-499b-ac93-63add8be7dd7?api-version=2023-02-01-preview",
      "EncodedRequestUri": "L3N1YnNjcmlwdGlvbnMvMmM2NDcwNTYtYmFiMi00MTc1LWIxNzItNDkzZmYwNDllYjI5L3Jlc291cmNlR3JvdXBzL3BzOTQxMy9wcm92aWRlcnMvTWljcm9zb2Z0LlNxbC9sb2NhdGlvbnMvZWFzdHVzMmV1YXAvc2VydmVyQXp1cmVBc3luY09wZXJhdGlvbi8zNzU0OGM4Zi0zNzFlLTQ5OWItYWM5My02M2FkZDhiZTdkZDc/YXBpLXZlcnNpb249MjAyMy0wMi0wMS1wcmV2aWV3",
      "RequestMethod": "GET",
      "RequestHeaders": {
        "x-ms-client-request-id": [
          "7fe13601-43ad-4ef1-a7d7-845675da8abf"
        ],
        "User-Agent": [
          "FxVersion/4.700.22.55902",
          "OSName/Windows",
          "OSVersion/Microsoft.Windows.10.0.17763",
          "Microsoft.Azure.Management.Sql.SqlManagementClient/4.8.0"
        ]
      },
      "RequestBody": "",
      "ResponseHeaders": {
        "Cache-Control": [
          "no-cache"
        ],
        "Pragma": [
          "no-cache"
        ],
        "Retry-After": [
          "1"
        ],
        "x-ms-request-id": [
          "4e28e576-2596-442d-ae80-2247b83675d0"
        ],
        "x-ms-ratelimit-remaining-subscription-reads": [
          "11995"
        ],
        "x-ms-correlation-request-id": [
          "33f52db4-863d-4dfd-b48e-f67b1e0dbf11"
        ],
        "x-ms-routing-request-id": [
          "CANADAEAST:20230825T081620Z:33f52db4-863d-4dfd-b48e-f67b1e0dbf11"
        ],
        "Strict-Transport-Security": [
          "max-age=31536000; includeSubDomains"
        ],
        "X-Content-Type-Options": [
          "nosniff"
        ],
        "X-Cache": [
          "CONFIG_NOCACHE"
        ],
        "X-MSEdge-Ref": [
          "Ref A: 0C51E41A30A04FF387C9EF9107771874 Ref B: CO6AA3150218029 Ref C: 2023-08-25T08:16:20Z"
        ],
        "Date": [
          "Fri, 25 Aug 2023 08:16:20 GMT"
        ],
        "Content-Length": [
          "108"
        ],
        "Content-Type": [
          "application/json; charset=utf-8"
        ],
        "Expires": [
          "-1"
        ]
      },
      "ResponseBody": "{\r\n  \"name\": \"37548c8f-371e-499b-ac93-63add8be7dd7\",\r\n  \"status\": \"InProgress\",\r\n  \"startTime\": \"2023-08-25T08:16:18.393Z\"\r\n}",
      "StatusCode": 200
    },
    {
      "RequestUri": "/subscriptions/2c647056-bab2-4175-b172-493ff049eb29/resourceGroups/ps9413/providers/Microsoft.Sql/locations/eastus2euap/serverAzureAsyncOperation/37548c8f-371e-499b-ac93-63add8be7dd7?api-version=2023-02-01-preview",
      "EncodedRequestUri": "L3N1YnNjcmlwdGlvbnMvMmM2NDcwNTYtYmFiMi00MTc1LWIxNzItNDkzZmYwNDllYjI5L3Jlc291cmNlR3JvdXBzL3BzOTQxMy9wcm92aWRlcnMvTWljcm9zb2Z0LlNxbC9sb2NhdGlvbnMvZWFzdHVzMmV1YXAvc2VydmVyQXp1cmVBc3luY09wZXJhdGlvbi8zNzU0OGM4Zi0zNzFlLTQ5OWItYWM5My02M2FkZDhiZTdkZDc/YXBpLXZlcnNpb249MjAyMy0wMi0wMS1wcmV2aWV3",
      "RequestMethod": "GET",
      "RequestHeaders": {
        "x-ms-client-request-id": [
          "7fe13601-43ad-4ef1-a7d7-845675da8abf"
        ],
        "User-Agent": [
          "FxVersion/4.700.22.55902",
          "OSName/Windows",
          "OSVersion/Microsoft.Windows.10.0.17763",
          "Microsoft.Azure.Management.Sql.SqlManagementClient/4.8.0"
        ]
      },
      "RequestBody": "",
      "ResponseHeaders": {
        "Cache-Control": [
          "no-cache"
        ],
        "Pragma": [
          "no-cache"
        ],
        "Retry-After": [
          "1"
        ],
        "x-ms-request-id": [
          "705b863e-ec63-4b6c-9ead-7e9fc4cb38a4"
        ],
        "x-ms-ratelimit-remaining-subscription-reads": [
          "11997"
        ],
        "x-ms-correlation-request-id": [
          "bbbb4a99-88ec-4762-b9b8-0017effeb06e"
        ],
        "x-ms-routing-request-id": [
          "CANADAEAST:20230825T081622Z:bbbb4a99-88ec-4762-b9b8-0017effeb06e"
        ],
        "Strict-Transport-Security": [
          "max-age=31536000; includeSubDomains"
        ],
        "X-Content-Type-Options": [
          "nosniff"
        ],
        "X-Cache": [
          "CONFIG_NOCACHE"
        ],
        "X-MSEdge-Ref": [
          "Ref A: 521CE29264A241D38DB91AE3451A9909 Ref B: CO6AA3150218029 Ref C: 2023-08-25T08:16:21Z"
        ],
        "Date": [
          "Fri, 25 Aug 2023 08:16:21 GMT"
        ],
        "Content-Length": [
          "108"
        ],
        "Content-Type": [
          "application/json; charset=utf-8"
        ],
        "Expires": [
          "-1"
        ]
      },
      "ResponseBody": "{\r\n  \"name\": \"37548c8f-371e-499b-ac93-63add8be7dd7\",\r\n  \"status\": \"InProgress\",\r\n  \"startTime\": \"2023-08-25T08:16:18.393Z\"\r\n}",
      "StatusCode": 200
    },
    {
      "RequestUri": "/subscriptions/2c647056-bab2-4175-b172-493ff049eb29/resourceGroups/ps9413/providers/Microsoft.Sql/locations/eastus2euap/serverAzureAsyncOperation/37548c8f-371e-499b-ac93-63add8be7dd7?api-version=2023-02-01-preview",
      "EncodedRequestUri": "L3N1YnNjcmlwdGlvbnMvMmM2NDcwNTYtYmFiMi00MTc1LWIxNzItNDkzZmYwNDllYjI5L3Jlc291cmNlR3JvdXBzL3BzOTQxMy9wcm92aWRlcnMvTWljcm9zb2Z0LlNxbC9sb2NhdGlvbnMvZWFzdHVzMmV1YXAvc2VydmVyQXp1cmVBc3luY09wZXJhdGlvbi8zNzU0OGM4Zi0zNzFlLTQ5OWItYWM5My02M2FkZDhiZTdkZDc/YXBpLXZlcnNpb249MjAyMy0wMi0wMS1wcmV2aWV3",
      "RequestMethod": "GET",
      "RequestHeaders": {
        "x-ms-client-request-id": [
          "7fe13601-43ad-4ef1-a7d7-845675da8abf"
        ],
        "User-Agent": [
          "FxVersion/4.700.22.55902",
          "OSName/Windows",
          "OSVersion/Microsoft.Windows.10.0.17763",
          "Microsoft.Azure.Management.Sql.SqlManagementClient/4.8.0"
        ]
      },
      "RequestBody": "",
      "ResponseHeaders": {
        "Cache-Control": [
          "no-cache"
        ],
        "Pragma": [
          "no-cache"
        ],
        "Retry-After": [
          "20"
        ],
        "x-ms-request-id": [
          "a94e5192-3280-46fb-8e88-19d6917cdca4"
        ],
        "x-ms-ratelimit-remaining-subscription-reads": [
          "11997"
        ],
        "x-ms-correlation-request-id": [
          "efc351a4-0015-4fb1-b7c2-d4eb458233d9"
        ],
        "x-ms-routing-request-id": [
          "CANADAEAST:20230825T081623Z:efc351a4-0015-4fb1-b7c2-d4eb458233d9"
        ],
        "Strict-Transport-Security": [
          "max-age=31536000; includeSubDomains"
        ],
        "X-Content-Type-Options": [
          "nosniff"
        ],
        "X-Cache": [
          "CONFIG_NOCACHE"
        ],
        "X-MSEdge-Ref": [
          "Ref A: 4C858D320DF9488BBD820AB318A67892 Ref B: CO6AA3150218029 Ref C: 2023-08-25T08:16:23Z"
        ],
        "Date": [
          "Fri, 25 Aug 2023 08:16:23 GMT"
        ],
        "Content-Length": [
          "108"
        ],
        "Content-Type": [
          "application/json; charset=utf-8"
        ],
        "Expires": [
          "-1"
        ]
      },
      "ResponseBody": "{\r\n  \"name\": \"37548c8f-371e-499b-ac93-63add8be7dd7\",\r\n  \"status\": \"InProgress\",\r\n  \"startTime\": \"2023-08-25T08:16:18.393Z\"\r\n}",
      "StatusCode": 200
    },
    {
      "RequestUri": "/subscriptions/2c647056-bab2-4175-b172-493ff049eb29/resourceGroups/ps9413/providers/Microsoft.Sql/locations/eastus2euap/serverAzureAsyncOperation/37548c8f-371e-499b-ac93-63add8be7dd7?api-version=2023-02-01-preview",
      "EncodedRequestUri": "L3N1YnNjcmlwdGlvbnMvMmM2NDcwNTYtYmFiMi00MTc1LWIxNzItNDkzZmYwNDllYjI5L3Jlc291cmNlR3JvdXBzL3BzOTQxMy9wcm92aWRlcnMvTWljcm9zb2Z0LlNxbC9sb2NhdGlvbnMvZWFzdHVzMmV1YXAvc2VydmVyQXp1cmVBc3luY09wZXJhdGlvbi8zNzU0OGM4Zi0zNzFlLTQ5OWItYWM5My02M2FkZDhiZTdkZDc/YXBpLXZlcnNpb249MjAyMy0wMi0wMS1wcmV2aWV3",
      "RequestMethod": "GET",
      "RequestHeaders": {
        "x-ms-client-request-id": [
          "7fe13601-43ad-4ef1-a7d7-845675da8abf"
        ],
        "User-Agent": [
          "FxVersion/4.700.22.55902",
          "OSName/Windows",
          "OSVersion/Microsoft.Windows.10.0.17763",
          "Microsoft.Azure.Management.Sql.SqlManagementClient/4.8.0"
        ]
      },
      "RequestBody": "",
      "ResponseHeaders": {
        "Cache-Control": [
          "no-cache"
        ],
        "Pragma": [
          "no-cache"
        ],
        "Retry-After": [
          "20"
        ],
        "x-ms-request-id": [
          "32b0b344-b144-47f1-b6c5-a81aa15bf407"
        ],
        "x-ms-ratelimit-remaining-subscription-reads": [
          "11997"
        ],
        "x-ms-correlation-request-id": [
          "cce27044-a582-4516-b496-e67d8c238ace"
        ],
        "x-ms-routing-request-id": [
          "CANADAEAST:20230825T081643Z:cce27044-a582-4516-b496-e67d8c238ace"
        ],
        "Strict-Transport-Security": [
          "max-age=31536000; includeSubDomains"
        ],
        "X-Content-Type-Options": [
          "nosniff"
        ],
        "X-Cache": [
          "CONFIG_NOCACHE"
        ],
        "X-MSEdge-Ref": [
          "Ref A: C028A454DB4143E18212E4943F00A13A Ref B: CO6AA3150218029 Ref C: 2023-08-25T08:16:43Z"
        ],
        "Date": [
          "Fri, 25 Aug 2023 08:16:43 GMT"
        ],
        "Content-Length": [
          "108"
        ],
        "Content-Type": [
          "application/json; charset=utf-8"
        ],
        "Expires": [
          "-1"
        ]
      },
      "ResponseBody": "{\r\n  \"name\": \"37548c8f-371e-499b-ac93-63add8be7dd7\",\r\n  \"status\": \"InProgress\",\r\n  \"startTime\": \"2023-08-25T08:16:18.393Z\"\r\n}",
      "StatusCode": 200
    },
    {
      "RequestUri": "/subscriptions/2c647056-bab2-4175-b172-493ff049eb29/resourceGroups/ps9413/providers/Microsoft.Sql/locations/eastus2euap/serverAzureAsyncOperation/37548c8f-371e-499b-ac93-63add8be7dd7?api-version=2023-02-01-preview",
      "EncodedRequestUri": "L3N1YnNjcmlwdGlvbnMvMmM2NDcwNTYtYmFiMi00MTc1LWIxNzItNDkzZmYwNDllYjI5L3Jlc291cmNlR3JvdXBzL3BzOTQxMy9wcm92aWRlcnMvTWljcm9zb2Z0LlNxbC9sb2NhdGlvbnMvZWFzdHVzMmV1YXAvc2VydmVyQXp1cmVBc3luY09wZXJhdGlvbi8zNzU0OGM4Zi0zNzFlLTQ5OWItYWM5My02M2FkZDhiZTdkZDc/YXBpLXZlcnNpb249MjAyMy0wMi0wMS1wcmV2aWV3",
      "RequestMethod": "GET",
      "RequestHeaders": {
        "x-ms-client-request-id": [
          "7fe13601-43ad-4ef1-a7d7-845675da8abf"
        ],
        "User-Agent": [
          "FxVersion/4.700.22.55902",
          "OSName/Windows",
          "OSVersion/Microsoft.Windows.10.0.17763",
          "Microsoft.Azure.Management.Sql.SqlManagementClient/4.8.0"
        ]
      },
      "RequestBody": "",
      "ResponseHeaders": {
        "Cache-Control": [
          "no-cache"
        ],
        "Pragma": [
          "no-cache"
        ],
        "Retry-After": [
          "20"
        ],
        "x-ms-request-id": [
          "5522e1f8-d710-4889-b933-dcd824d05b7a"
        ],
        "x-ms-ratelimit-remaining-subscription-reads": [
          "11999"
        ],
        "x-ms-correlation-request-id": [
          "48fc00d3-90cb-4e76-bf6a-3116755b3c56"
        ],
        "x-ms-routing-request-id": [
          "CANADAEAST:20230825T081704Z:48fc00d3-90cb-4e76-bf6a-3116755b3c56"
        ],
        "Strict-Transport-Security": [
          "max-age=31536000; includeSubDomains"
        ],
        "X-Content-Type-Options": [
          "nosniff"
        ],
        "X-Cache": [
          "CONFIG_NOCACHE"
        ],
        "X-MSEdge-Ref": [
          "Ref A: 7A9E2B75A83D49B58844C815CB6E3185 Ref B: CO6AA3150218029 Ref C: 2023-08-25T08:17:03Z"
        ],
        "Date": [
          "Fri, 25 Aug 2023 08:17:03 GMT"
        ],
        "Content-Length": [
          "108"
        ],
        "Content-Type": [
          "application/json; charset=utf-8"
        ],
        "Expires": [
          "-1"
        ]
      },
      "ResponseBody": "{\r\n  \"name\": \"37548c8f-371e-499b-ac93-63add8be7dd7\",\r\n  \"status\": \"InProgress\",\r\n  \"startTime\": \"2023-08-25T08:16:18.393Z\"\r\n}",
      "StatusCode": 200
    },
    {
      "RequestUri": "/subscriptions/2c647056-bab2-4175-b172-493ff049eb29/resourceGroups/ps9413/providers/Microsoft.Sql/locations/eastus2euap/serverAzureAsyncOperation/37548c8f-371e-499b-ac93-63add8be7dd7?api-version=2023-02-01-preview",
      "EncodedRequestUri": "L3N1YnNjcmlwdGlvbnMvMmM2NDcwNTYtYmFiMi00MTc1LWIxNzItNDkzZmYwNDllYjI5L3Jlc291cmNlR3JvdXBzL3BzOTQxMy9wcm92aWRlcnMvTWljcm9zb2Z0LlNxbC9sb2NhdGlvbnMvZWFzdHVzMmV1YXAvc2VydmVyQXp1cmVBc3luY09wZXJhdGlvbi8zNzU0OGM4Zi0zNzFlLTQ5OWItYWM5My02M2FkZDhiZTdkZDc/YXBpLXZlcnNpb249MjAyMy0wMi0wMS1wcmV2aWV3",
      "RequestMethod": "GET",
      "RequestHeaders": {
        "x-ms-client-request-id": [
          "7fe13601-43ad-4ef1-a7d7-845675da8abf"
        ],
        "User-Agent": [
          "FxVersion/4.700.22.55902",
          "OSName/Windows",
          "OSVersion/Microsoft.Windows.10.0.17763",
          "Microsoft.Azure.Management.Sql.SqlManagementClient/4.8.0"
        ]
      },
      "RequestBody": "",
      "ResponseHeaders": {
        "Cache-Control": [
          "no-cache"
        ],
        "Pragma": [
          "no-cache"
        ],
        "Retry-After": [
          "15"
        ],
        "x-ms-request-id": [
          "3c721982-e55b-4500-b28d-933c95d5de1c"
        ],
        "x-ms-ratelimit-remaining-subscription-reads": [
          "11995"
        ],
        "x-ms-correlation-request-id": [
          "986ffcbf-efa0-44db-bcfb-6a16394083cb"
        ],
        "x-ms-routing-request-id": [
          "CANADAEAST:20230825T081724Z:986ffcbf-efa0-44db-bcfb-6a16394083cb"
        ],
        "Strict-Transport-Security": [
          "max-age=31536000; includeSubDomains"
        ],
        "X-Content-Type-Options": [
          "nosniff"
        ],
        "X-Cache": [
          "CONFIG_NOCACHE"
        ],
        "X-MSEdge-Ref": [
          "Ref A: FCD6C2A15BD04AFBA0B4CC93F9107E52 Ref B: CO6AA3150218029 Ref C: 2023-08-25T08:17:24Z"
        ],
        "Date": [
          "Fri, 25 Aug 2023 08:17:23 GMT"
        ],
        "Content-Length": [
          "107"
        ],
        "Content-Type": [
          "application/json; charset=utf-8"
        ],
        "Expires": [
          "-1"
        ]
      },
      "ResponseBody": "{\r\n  \"name\": \"37548c8f-371e-499b-ac93-63add8be7dd7\",\r\n  \"status\": \"Succeeded\",\r\n  \"startTime\": \"2023-08-25T08:16:18.393Z\"\r\n}",
      "StatusCode": 200
    },
    {
      "RequestUri": "/subscriptions/2c647056-bab2-4175-b172-493ff049eb29/resourceGroups/ps9413/providers/Microsoft.Sql/servers/ps299/databases/ps2870?api-version=2023-02-01-preview",
      "EncodedRequestUri": "L3N1YnNjcmlwdGlvbnMvMmM2NDcwNTYtYmFiMi00MTc1LWIxNzItNDkzZmYwNDllYjI5L3Jlc291cmNlR3JvdXBzL3BzOTQxMy9wcm92aWRlcnMvTWljcm9zb2Z0LlNxbC9zZXJ2ZXJzL3BzMjk5L2RhdGFiYXNlcy9wczI4NzA/YXBpLXZlcnNpb249MjAyMy0wMi0wMS1wcmV2aWV3",
      "RequestMethod": "GET",
      "RequestHeaders": {
        "x-ms-client-request-id": [
          "e401a734-43e2-464f-b179-09625f371c97"
        ],
        "Accept-Language": [
          "en-US"
        ],
        "User-Agent": [
          "FxVersion/4.700.22.55902",
          "OSName/Windows",
          "OSVersion/Microsoft.Windows.10.0.17763",
          "Microsoft.Azure.Management.Sql.SqlManagementClient/4.8.0"
        ]
      },
      "RequestBody": "",
      "ResponseHeaders": {
        "Cache-Control": [
          "no-cache"
        ],
        "Pragma": [
          "no-cache"
        ],
        "x-ms-failure-cause": [
          "gateway"
        ],
        "x-ms-request-id": [
          "156f411b-1f82-444b-9b68-546f3958b268"
        ],
        "x-ms-correlation-request-id": [
          "156f411b-1f82-444b-9b68-546f3958b268"
        ],
        "x-ms-routing-request-id": [
          "CANADAEAST:20230825T081725Z:156f411b-1f82-444b-9b68-546f3958b268"
        ],
        "Strict-Transport-Security": [
          "max-age=31536000; includeSubDomains"
        ],
        "X-Content-Type-Options": [
          "nosniff"
        ],
        "X-Cache": [
          "CONFIG_NOCACHE"
        ],
        "X-MSEdge-Ref": [
          "Ref A: 91840473144840D3810FCA52A791A3B6 Ref B: CO6AA3150218053 Ref C: 2023-08-25T08:17:25Z"
        ],
        "Date": [
          "Fri, 25 Aug 2023 08:17:24 GMT"
        ],
        "Content-Length": [
          "222"
        ],
        "Content-Type": [
          "application/json; charset=utf-8"
        ],
        "Expires": [
          "-1"
        ]
      },
      "ResponseBody": "{\r\n  \"error\": {\r\n    \"code\": \"ResourceNotFound\",\r\n    \"message\": \"The Resource 'Microsoft.Sql/servers/ps299/databases/ps2870' under resource group 'ps9413' was not found. For more details please go to https://aka.ms/ARMResourceNotFoundFix\"\r\n  }\r\n}",
      "StatusCode": 404
    },
    {
      "RequestUri": "/subscriptions/2c647056-bab2-4175-b172-493ff049eb29/resourceGroups/ps9413/providers/Microsoft.Sql/servers/ps299/databases/ps2870?api-version=2023-02-01-preview",
      "EncodedRequestUri": "L3N1YnNjcmlwdGlvbnMvMmM2NDcwNTYtYmFiMi00MTc1LWIxNzItNDkzZmYwNDllYjI5L3Jlc291cmNlR3JvdXBzL3BzOTQxMy9wcm92aWRlcnMvTWljcm9zb2Z0LlNxbC9zZXJ2ZXJzL3BzMjk5L2RhdGFiYXNlcy9wczI4NzA/YXBpLXZlcnNpb249MjAyMy0wMi0wMS1wcmV2aWV3",
      "RequestMethod": "GET",
      "RequestHeaders": {
        "x-ms-client-request-id": [
          "e401a734-43e2-464f-b179-09625f371c97"
        ],
        "User-Agent": [
          "FxVersion/4.700.22.55902",
          "OSName/Windows",
          "OSVersion/Microsoft.Windows.10.0.17763",
          "Microsoft.Azure.Management.Sql.SqlManagementClient/4.8.0"
        ]
      },
      "RequestBody": "",
      "ResponseHeaders": {
        "Cache-Control": [
          "no-cache"
        ],
        "Pragma": [
          "no-cache"
        ],
        "x-ms-request-id": [
          "c3d77d9a-3ea1-41ee-85a2-a18280035a75"
        ],
        "x-ms-ratelimit-remaining-subscription-reads": [
          "11999"
        ],
        "x-ms-correlation-request-id": [
          "cd0d4677-b684-48f9-9263-e3cb369c92a5"
        ],
        "x-ms-routing-request-id": [
          "WESTUS:20230825T081915Z:cd0d4677-b684-48f9-9263-e3cb369c92a5"
        ],
        "Strict-Transport-Security": [
          "max-age=31536000; includeSubDomains"
        ],
        "X-Content-Type-Options": [
          "nosniff"
        ],
        "X-Cache": [
          "CONFIG_NOCACHE"
        ],
        "X-MSEdge-Ref": [
          "Ref A: 2533B0860AAC4346873BFB87BE371723 Ref B: CO6AA3150220035 Ref C: 2023-08-25T08:19:15Z"
        ],
        "Date": [
          "Fri, 25 Aug 2023 08:19:15 GMT"
        ],
        "Content-Length": [
          "1549"
        ],
        "Content-Type": [
          "application/json; charset=utf-8"
        ],
        "Expires": [
          "-1"
        ]
      },
      "ResponseBody": "{\r\n  \"sku\": {\r\n    \"name\": \"Standard\",\r\n    \"tier\": \"Standard\",\r\n    \"capacity\": 10\r\n  },\r\n  \"kind\": \"v12.0,user\",\r\n  \"identity\": {\r\n    \"type\": \"UserAssigned\",\r\n    \"userAssignedIdentities\": {\r\n      \"/subscriptions/2c647056-bab2-4175-b172-493ff049eb29/resourcegroups/pstest/providers/Microsoft.ManagedIdentity/userAssignedIdentities/pstestumi\": {\r\n        \"principalId\": \"781be676-54b8-46e5-ba30-4d9a18b13bf6\",\r\n        \"clientId\": \"6c97fcb9-7792-4aa9-b1e3-69d6d3857e68\"\r\n      }\r\n    }\r\n  },\r\n  \"properties\": {\r\n    \"collation\": \"SQL_Latin1_General_CP1_CI_AS\",\r\n    \"maxSizeBytes\": 268435456000,\r\n    \"status\": \"Online\",\r\n    \"databaseId\": \"9b8c512e-38cb-46ad-af0c-f60bcc91b2e2\",\r\n    \"creationDate\": \"2023-08-25T08:18:57.083Z\",\r\n    \"currentServiceObjectiveName\": \"S0\",\r\n    \"requestedServiceObjectiveName\": \"S0\",\r\n    \"defaultSecondaryLocation\": \"centraluseuap\",\r\n    \"catalogCollation\": \"SQL_Latin1_General_CP1_CI_AS\",\r\n    \"zoneRedundant\": false,\r\n    \"readScale\": \"Disabled\",\r\n    \"currentSku\": {\r\n      \"name\": \"Standard\",\r\n      \"tier\": \"Standard\",\r\n      \"capacity\": 10\r\n    },\r\n    \"currentBackupStorageRedundancy\": \"Geo\",\r\n    \"requestedBackupStorageRedundancy\": \"Geo\",\r\n    \"maintenanceConfigurationId\": \"/subscriptions/2c647056-bab2-4175-b172-493ff049eb29/providers/Microsoft.Maintenance/publicMaintenanceConfigurations/SQL_Default\",\r\n    \"isLedgerOn\": false,\r\n    \"isInfraEncryptionEnabled\": false,\r\n    \"encryptionProtector\": \"https://pstestkv.vault.azure.net/keys/testkey/f62d937858464f329ab4a8c2dc7e0fa4\",\r\n    \"availabilityZone\": \"NoPreference\",\r\n    \"encryptionProtectorAutoRotation\": true\r\n  },\r\n  \"location\": \"eastus2euap\",\r\n  \"id\": \"/subscriptions/2c647056-bab2-4175-b172-493ff049eb29/resourceGroups/ps9413/providers/Microsoft.Sql/servers/ps299/databases/ps2870\",\r\n  \"name\": \"ps2870\",\r\n  \"type\": \"Microsoft.Sql/servers/databases\"\r\n}",
      "StatusCode": 200
    },
    {
      "RequestUri": "/subscriptions/2c647056-bab2-4175-b172-493ff049eb29/resourceGroups/ps9413/providers/Microsoft.Sql/servers/ps299/databases/ps2870?api-version=2023-02-01-preview",
      "EncodedRequestUri": "L3N1YnNjcmlwdGlvbnMvMmM2NDcwNTYtYmFiMi00MTc1LWIxNzItNDkzZmYwNDllYjI5L3Jlc291cmNlR3JvdXBzL3BzOTQxMy9wcm92aWRlcnMvTWljcm9zb2Z0LlNxbC9zZXJ2ZXJzL3BzMjk5L2RhdGFiYXNlcy9wczI4NzA/YXBpLXZlcnNpb249MjAyMy0wMi0wMS1wcmV2aWV3",
      "RequestMethod": "PUT",
      "RequestHeaders": {
        "x-ms-client-request-id": [
          "e401a734-43e2-464f-b179-09625f371c97"
        ],
        "Accept-Language": [
          "en-US"
        ],
        "User-Agent": [
          "FxVersion/4.700.22.55902",
          "OSName/Windows",
          "OSVersion/Microsoft.Windows.10.0.17763",
          "Microsoft.Azure.Management.Sql.SqlManagementClient/4.8.0"
        ],
        "Content-Type": [
          "application/json; charset=utf-8"
        ],
        "Content-Length": [
          "745"
        ]
      },
      "RequestBody": "{\r\n  \"sku\": {\r\n    \"name\": \"S0\",\r\n    \"tier\": \"Standard\",\r\n    \"capacity\": 10\r\n  },\r\n  \"identity\": {\r\n    \"type\": \"UserAssigned\",\r\n    \"userAssignedIdentities\": {\r\n      \"/subscriptions/2c647056-bab2-4175-b172-493ff049eb29/resourceGroups/pstest/providers/Microsoft.ManagedIdentity/userAssignedIdentities/pstestumi\": {}\r\n    }\r\n  },\r\n  \"properties\": {\r\n    \"createMode\": \"Copy\",\r\n    \"sourceDatabaseId\": \"/subscriptions/2c647056-bab2-4175-b172-493ff049eb29/resourceGroups/ps6278/providers/Microsoft.Sql/Servers/ps9047/databases/ps4914\",\r\n    \"keys\": {},\r\n    \"encryptionProtector\": \"https://pstestkv.vault.azure.net/keys/testkey/f62d937858464f329ab4a8c2dc7e0fa4\",\r\n    \"encryptionProtectorAutoRotation\": true\r\n  },\r\n  \"location\": \"eastus2euap\"\r\n}",
      "ResponseHeaders": {
        "Cache-Control": [
          "no-cache"
        ],
        "Pragma": [
          "no-cache"
        ],
        "Location": [
          "https://management.azure.com/subscriptions/2c647056-bab2-4175-b172-493ff049eb29/resourceGroups/ps9413/providers/Microsoft.Sql/locations/eastus2euap/databaseOperationResults/d4955521-6e61-44a2-8a56-bcb98178aefd?api-version=2023-02-01-preview"
        ],
        "Retry-After": [
          "15"
        ],
        "Azure-AsyncOperation": [
          "https://management.azure.com/subscriptions/2c647056-bab2-4175-b172-493ff049eb29/resourceGroups/ps9413/providers/Microsoft.Sql/locations/eastus2euap/databaseAzureAsyncOperation/d4955521-6e61-44a2-8a56-bcb98178aefd?api-version=2023-02-01-preview"
        ],
        "x-ms-request-id": [
          "cb270b3a-a758-4343-8f83-c9fa84fa39d8"
        ],
        "x-ms-ratelimit-remaining-subscription-writes": [
          "1199"
        ],
        "x-ms-correlation-request-id": [
          "fb17207f-f573-4297-b55b-bd55faf4bb07"
        ],
        "x-ms-routing-request-id": [
          "WESTUS:20230825T081727Z:fb17207f-f573-4297-b55b-bd55faf4bb07"
        ],
        "Strict-Transport-Security": [
          "max-age=31536000; includeSubDomains"
        ],
        "X-Content-Type-Options": [
          "nosniff"
        ],
        "X-Cache": [
          "CONFIG_NOCACHE"
        ],
        "X-MSEdge-Ref": [
          "Ref A: 8C87BA64692140BFAB3BBA58DF857AEF Ref B: CO6AA3150220035 Ref C: 2023-08-25T08:17:26Z"
        ],
        "Date": [
          "Fri, 25 Aug 2023 08:17:27 GMT"
        ],
        "Content-Length": [
          "75"
        ],
        "Content-Type": [
          "application/json; charset=utf-8"
        ],
        "Expires": [
          "-1"
        ]
      },
      "ResponseBody": "{\r\n  \"operation\": \"CreateDatabaseAsCopy\",\r\n  \"startTime\": \"2023-08-25T08:17:27.453Z\"\r\n}",
      "StatusCode": 202
    },
    {
      "RequestUri": "/subscriptions/2c647056-bab2-4175-b172-493ff049eb29/resourceGroups/ps9413/providers/Microsoft.Sql/locations/eastus2euap/databaseAzureAsyncOperation/d4955521-6e61-44a2-8a56-bcb98178aefd?api-version=2023-02-01-preview",
      "EncodedRequestUri": "L3N1YnNjcmlwdGlvbnMvMmM2NDcwNTYtYmFiMi00MTc1LWIxNzItNDkzZmYwNDllYjI5L3Jlc291cmNlR3JvdXBzL3BzOTQxMy9wcm92aWRlcnMvTWljcm9zb2Z0LlNxbC9sb2NhdGlvbnMvZWFzdHVzMmV1YXAvZGF0YWJhc2VBenVyZUFzeW5jT3BlcmF0aW9uL2Q0OTU1NTIxLTZlNjEtNDRhMi04YTU2LWJjYjk4MTc4YWVmZD9hcGktdmVyc2lvbj0yMDIzLTAyLTAxLXByZXZpZXc=",
      "RequestMethod": "GET",
      "RequestHeaders": {
        "x-ms-client-request-id": [
          "e401a734-43e2-464f-b179-09625f371c97"
        ],
        "User-Agent": [
          "FxVersion/4.700.22.55902",
          "OSName/Windows",
          "OSVersion/Microsoft.Windows.10.0.17763",
          "Microsoft.Azure.Management.Sql.SqlManagementClient/4.8.0"
        ]
      },
      "RequestBody": "",
      "ResponseHeaders": {
        "Cache-Control": [
          "no-cache"
        ],
        "Pragma": [
          "no-cache"
        ],
        "Retry-After": [
          "15"
        ],
        "x-ms-request-id": [
          "ace2ef6c-6980-442f-8ac0-7fe28cb25fb9"
        ],
        "x-ms-ratelimit-remaining-subscription-reads": [
          "11999"
        ],
        "x-ms-correlation-request-id": [
          "f5159605-2f2c-424b-b2d4-5ddf75f639de"
        ],
        "x-ms-routing-request-id": [
          "WESTUS:20230825T081742Z:f5159605-2f2c-424b-b2d4-5ddf75f639de"
        ],
        "Strict-Transport-Security": [
          "max-age=31536000; includeSubDomains"
        ],
        "X-Content-Type-Options": [
          "nosniff"
        ],
        "X-Cache": [
          "CONFIG_NOCACHE"
        ],
        "X-MSEdge-Ref": [
          "Ref A: 2CBF3BC3FD13450694521FF1F706BDA4 Ref B: CO6AA3150220035 Ref C: 2023-08-25T08:17:42Z"
        ],
        "Date": [
          "Fri, 25 Aug 2023 08:17:42 GMT"
        ],
        "Content-Length": [
          "108"
        ],
        "Content-Type": [
          "application/json; charset=utf-8"
        ],
        "Expires": [
          "-1"
        ]
      },
      "ResponseBody": "{\r\n  \"name\": \"d4955521-6e61-44a2-8a56-bcb98178aefd\",\r\n  \"status\": \"InProgress\",\r\n  \"startTime\": \"2023-08-25T08:17:27.657Z\"\r\n}",
      "StatusCode": 200
    },
    {
      "RequestUri": "/subscriptions/2c647056-bab2-4175-b172-493ff049eb29/resourceGroups/ps9413/providers/Microsoft.Sql/locations/eastus2euap/databaseAzureAsyncOperation/d4955521-6e61-44a2-8a56-bcb98178aefd?api-version=2023-02-01-preview",
      "EncodedRequestUri": "L3N1YnNjcmlwdGlvbnMvMmM2NDcwNTYtYmFiMi00MTc1LWIxNzItNDkzZmYwNDllYjI5L3Jlc291cmNlR3JvdXBzL3BzOTQxMy9wcm92aWRlcnMvTWljcm9zb2Z0LlNxbC9sb2NhdGlvbnMvZWFzdHVzMmV1YXAvZGF0YWJhc2VBenVyZUFzeW5jT3BlcmF0aW9uL2Q0OTU1NTIxLTZlNjEtNDRhMi04YTU2LWJjYjk4MTc4YWVmZD9hcGktdmVyc2lvbj0yMDIzLTAyLTAxLXByZXZpZXc=",
      "RequestMethod": "GET",
      "RequestHeaders": {
        "x-ms-client-request-id": [
          "e401a734-43e2-464f-b179-09625f371c97"
        ],
        "User-Agent": [
          "FxVersion/4.700.22.55902",
          "OSName/Windows",
          "OSVersion/Microsoft.Windows.10.0.17763",
          "Microsoft.Azure.Management.Sql.SqlManagementClient/4.8.0"
        ]
      },
      "RequestBody": "",
      "ResponseHeaders": {
        "Cache-Control": [
          "no-cache"
        ],
        "Pragma": [
          "no-cache"
        ],
        "Retry-After": [
          "15"
        ],
        "x-ms-request-id": [
          "690abd2a-7a7c-45f2-88f8-712879973df7"
        ],
        "x-ms-ratelimit-remaining-subscription-reads": [
          "11999"
        ],
        "x-ms-correlation-request-id": [
          "fa9b804c-37db-460d-aa7b-3a5a0b46ef2e"
        ],
        "x-ms-routing-request-id": [
          "WESTUS:20230825T081758Z:fa9b804c-37db-460d-aa7b-3a5a0b46ef2e"
        ],
        "Strict-Transport-Security": [
          "max-age=31536000; includeSubDomains"
        ],
        "X-Content-Type-Options": [
          "nosniff"
        ],
        "X-Cache": [
          "CONFIG_NOCACHE"
        ],
        "X-MSEdge-Ref": [
          "Ref A: 2E3EE20C32D6448FAA6C1BC361221C8C Ref B: CO6AA3150220035 Ref C: 2023-08-25T08:17:57Z"
        ],
        "Date": [
          "Fri, 25 Aug 2023 08:17:58 GMT"
        ],
        "Content-Length": [
          "108"
        ],
        "Content-Type": [
          "application/json; charset=utf-8"
        ],
        "Expires": [
          "-1"
        ]
      },
      "ResponseBody": "{\r\n  \"name\": \"d4955521-6e61-44a2-8a56-bcb98178aefd\",\r\n  \"status\": \"InProgress\",\r\n  \"startTime\": \"2023-08-25T08:17:27.657Z\"\r\n}",
      "StatusCode": 200
    },
    {
      "RequestUri": "/subscriptions/2c647056-bab2-4175-b172-493ff049eb29/resourceGroups/ps9413/providers/Microsoft.Sql/locations/eastus2euap/databaseAzureAsyncOperation/d4955521-6e61-44a2-8a56-bcb98178aefd?api-version=2023-02-01-preview",
      "EncodedRequestUri": "L3N1YnNjcmlwdGlvbnMvMmM2NDcwNTYtYmFiMi00MTc1LWIxNzItNDkzZmYwNDllYjI5L3Jlc291cmNlR3JvdXBzL3BzOTQxMy9wcm92aWRlcnMvTWljcm9zb2Z0LlNxbC9sb2NhdGlvbnMvZWFzdHVzMmV1YXAvZGF0YWJhc2VBenVyZUFzeW5jT3BlcmF0aW9uL2Q0OTU1NTIxLTZlNjEtNDRhMi04YTU2LWJjYjk4MTc4YWVmZD9hcGktdmVyc2lvbj0yMDIzLTAyLTAxLXByZXZpZXc=",
      "RequestMethod": "GET",
      "RequestHeaders": {
        "x-ms-client-request-id": [
          "e401a734-43e2-464f-b179-09625f371c97"
        ],
        "User-Agent": [
          "FxVersion/4.700.22.55902",
          "OSName/Windows",
          "OSVersion/Microsoft.Windows.10.0.17763",
          "Microsoft.Azure.Management.Sql.SqlManagementClient/4.8.0"
        ]
      },
      "RequestBody": "",
      "ResponseHeaders": {
        "Cache-Control": [
          "no-cache"
        ],
        "Pragma": [
          "no-cache"
        ],
        "Retry-After": [
          "15"
        ],
        "x-ms-request-id": [
          "9dcbb6e8-6d95-4ef4-88c1-65bfbd36d7fb"
        ],
        "x-ms-ratelimit-remaining-subscription-reads": [
          "11999"
        ],
        "x-ms-correlation-request-id": [
          "f062381d-21f7-40fc-8a82-1bcd0bee2d44"
        ],
        "x-ms-routing-request-id": [
          "WESTUS:20230825T081813Z:f062381d-21f7-40fc-8a82-1bcd0bee2d44"
        ],
        "Strict-Transport-Security": [
          "max-age=31536000; includeSubDomains"
        ],
        "X-Content-Type-Options": [
          "nosniff"
        ],
        "X-Cache": [
          "CONFIG_NOCACHE"
        ],
        "X-MSEdge-Ref": [
          "Ref A: 7A7CE0D6AA4F4CE7A7E691C129706AFC Ref B: CO6AA3150220035 Ref C: 2023-08-25T08:18:13Z"
        ],
        "Date": [
          "Fri, 25 Aug 2023 08:18:13 GMT"
        ],
        "Content-Length": [
          "108"
        ],
        "Content-Type": [
          "application/json; charset=utf-8"
        ],
        "Expires": [
          "-1"
        ]
      },
      "ResponseBody": "{\r\n  \"name\": \"d4955521-6e61-44a2-8a56-bcb98178aefd\",\r\n  \"status\": \"InProgress\",\r\n  \"startTime\": \"2023-08-25T08:17:27.657Z\"\r\n}",
      "StatusCode": 200
    },
    {
      "RequestUri": "/subscriptions/2c647056-bab2-4175-b172-493ff049eb29/resourceGroups/ps9413/providers/Microsoft.Sql/locations/eastus2euap/databaseAzureAsyncOperation/d4955521-6e61-44a2-8a56-bcb98178aefd?api-version=2023-02-01-preview",
      "EncodedRequestUri": "L3N1YnNjcmlwdGlvbnMvMmM2NDcwNTYtYmFiMi00MTc1LWIxNzItNDkzZmYwNDllYjI5L3Jlc291cmNlR3JvdXBzL3BzOTQxMy9wcm92aWRlcnMvTWljcm9zb2Z0LlNxbC9sb2NhdGlvbnMvZWFzdHVzMmV1YXAvZGF0YWJhc2VBenVyZUFzeW5jT3BlcmF0aW9uL2Q0OTU1NTIxLTZlNjEtNDRhMi04YTU2LWJjYjk4MTc4YWVmZD9hcGktdmVyc2lvbj0yMDIzLTAyLTAxLXByZXZpZXc=",
      "RequestMethod": "GET",
      "RequestHeaders": {
        "x-ms-client-request-id": [
          "e401a734-43e2-464f-b179-09625f371c97"
        ],
        "User-Agent": [
          "FxVersion/4.700.22.55902",
          "OSName/Windows",
          "OSVersion/Microsoft.Windows.10.0.17763",
          "Microsoft.Azure.Management.Sql.SqlManagementClient/4.8.0"
        ]
      },
      "RequestBody": "",
      "ResponseHeaders": {
        "Cache-Control": [
          "no-cache"
        ],
        "Pragma": [
          "no-cache"
        ],
        "Retry-After": [
          "15"
        ],
        "x-ms-request-id": [
          "86423567-5a37-4294-aa55-86a6455cca07"
        ],
        "x-ms-ratelimit-remaining-subscription-reads": [
          "11999"
        ],
        "x-ms-correlation-request-id": [
          "2c50d3d2-323b-4bcd-be9b-9e72c053da52"
        ],
        "x-ms-routing-request-id": [
          "WESTUS:20230825T081828Z:2c50d3d2-323b-4bcd-be9b-9e72c053da52"
        ],
        "Strict-Transport-Security": [
          "max-age=31536000; includeSubDomains"
        ],
        "X-Content-Type-Options": [
          "nosniff"
        ],
        "X-Cache": [
          "CONFIG_NOCACHE"
        ],
        "X-MSEdge-Ref": [
          "Ref A: 9D7765F0B01F4085960043378AEF9A8A Ref B: CO6AA3150220035 Ref C: 2023-08-25T08:18:28Z"
        ],
        "Date": [
          "Fri, 25 Aug 2023 08:18:28 GMT"
        ],
        "Content-Length": [
          "108"
        ],
        "Content-Type": [
          "application/json; charset=utf-8"
        ],
        "Expires": [
          "-1"
        ]
      },
      "ResponseBody": "{\r\n  \"name\": \"d4955521-6e61-44a2-8a56-bcb98178aefd\",\r\n  \"status\": \"InProgress\",\r\n  \"startTime\": \"2023-08-25T08:17:27.657Z\"\r\n}",
      "StatusCode": 200
    },
    {
      "RequestUri": "/subscriptions/2c647056-bab2-4175-b172-493ff049eb29/resourceGroups/ps9413/providers/Microsoft.Sql/locations/eastus2euap/databaseAzureAsyncOperation/d4955521-6e61-44a2-8a56-bcb98178aefd?api-version=2023-02-01-preview",
      "EncodedRequestUri": "L3N1YnNjcmlwdGlvbnMvMmM2NDcwNTYtYmFiMi00MTc1LWIxNzItNDkzZmYwNDllYjI5L3Jlc291cmNlR3JvdXBzL3BzOTQxMy9wcm92aWRlcnMvTWljcm9zb2Z0LlNxbC9sb2NhdGlvbnMvZWFzdHVzMmV1YXAvZGF0YWJhc2VBenVyZUFzeW5jT3BlcmF0aW9uL2Q0OTU1NTIxLTZlNjEtNDRhMi04YTU2LWJjYjk4MTc4YWVmZD9hcGktdmVyc2lvbj0yMDIzLTAyLTAxLXByZXZpZXc=",
      "RequestMethod": "GET",
      "RequestHeaders": {
        "x-ms-client-request-id": [
          "e401a734-43e2-464f-b179-09625f371c97"
        ],
        "User-Agent": [
          "FxVersion/4.700.22.55902",
          "OSName/Windows",
          "OSVersion/Microsoft.Windows.10.0.17763",
          "Microsoft.Azure.Management.Sql.SqlManagementClient/4.8.0"
        ]
      },
      "RequestBody": "",
      "ResponseHeaders": {
        "Cache-Control": [
          "no-cache"
        ],
        "Pragma": [
          "no-cache"
        ],
        "Retry-After": [
          "15"
        ],
        "x-ms-request-id": [
          "a6d1bff7-5c89-432f-ab71-485da54b5bab"
        ],
        "x-ms-ratelimit-remaining-subscription-reads": [
          "11999"
        ],
        "x-ms-correlation-request-id": [
          "35abc758-f14d-458b-aed2-86f3426f36d9"
        ],
        "x-ms-routing-request-id": [
          "WESTUS:20230825T081844Z:35abc758-f14d-458b-aed2-86f3426f36d9"
        ],
        "Strict-Transport-Security": [
          "max-age=31536000; includeSubDomains"
        ],
        "X-Content-Type-Options": [
          "nosniff"
        ],
        "X-Cache": [
          "CONFIG_NOCACHE"
        ],
        "X-MSEdge-Ref": [
          "Ref A: 854CE96972EC477DB98FEC0884AA42C0 Ref B: CO6AA3150220035 Ref C: 2023-08-25T08:18:44Z"
        ],
        "Date": [
          "Fri, 25 Aug 2023 08:18:44 GMT"
        ],
        "Content-Length": [
          "108"
        ],
        "Content-Type": [
          "application/json; charset=utf-8"
        ],
        "Expires": [
          "-1"
        ]
      },
      "ResponseBody": "{\r\n  \"name\": \"d4955521-6e61-44a2-8a56-bcb98178aefd\",\r\n  \"status\": \"InProgress\",\r\n  \"startTime\": \"2023-08-25T08:17:27.657Z\"\r\n}",
      "StatusCode": 200
    },
    {
      "RequestUri": "/subscriptions/2c647056-bab2-4175-b172-493ff049eb29/resourceGroups/ps9413/providers/Microsoft.Sql/locations/eastus2euap/databaseAzureAsyncOperation/d4955521-6e61-44a2-8a56-bcb98178aefd?api-version=2023-02-01-preview",
      "EncodedRequestUri": "L3N1YnNjcmlwdGlvbnMvMmM2NDcwNTYtYmFiMi00MTc1LWIxNzItNDkzZmYwNDllYjI5L3Jlc291cmNlR3JvdXBzL3BzOTQxMy9wcm92aWRlcnMvTWljcm9zb2Z0LlNxbC9sb2NhdGlvbnMvZWFzdHVzMmV1YXAvZGF0YWJhc2VBenVyZUFzeW5jT3BlcmF0aW9uL2Q0OTU1NTIxLTZlNjEtNDRhMi04YTU2LWJjYjk4MTc4YWVmZD9hcGktdmVyc2lvbj0yMDIzLTAyLTAxLXByZXZpZXc=",
      "RequestMethod": "GET",
      "RequestHeaders": {
        "x-ms-client-request-id": [
          "e401a734-43e2-464f-b179-09625f371c97"
        ],
        "User-Agent": [
          "FxVersion/4.700.22.55902",
          "OSName/Windows",
          "OSVersion/Microsoft.Windows.10.0.17763",
          "Microsoft.Azure.Management.Sql.SqlManagementClient/4.8.0"
        ]
      },
      "RequestBody": "",
      "ResponseHeaders": {
        "Cache-Control": [
          "no-cache"
        ],
        "Pragma": [
          "no-cache"
        ],
        "Retry-After": [
          "15"
        ],
        "x-ms-request-id": [
          "20f4e0ed-ffed-4796-85cf-a10f201b6653"
        ],
        "x-ms-ratelimit-remaining-subscription-reads": [
          "11999"
        ],
        "x-ms-correlation-request-id": [
          "84e71ed3-c809-48c0-8b1c-eb2c1a0217d0"
        ],
        "x-ms-routing-request-id": [
          "WESTUS:20230825T081859Z:84e71ed3-c809-48c0-8b1c-eb2c1a0217d0"
        ],
        "Strict-Transport-Security": [
          "max-age=31536000; includeSubDomains"
        ],
        "X-Content-Type-Options": [
          "nosniff"
        ],
        "X-Cache": [
          "CONFIG_NOCACHE"
        ],
        "X-MSEdge-Ref": [
          "Ref A: 136BE5391A114706A685622E84C04774 Ref B: CO6AA3150220035 Ref C: 2023-08-25T08:18:59Z"
        ],
        "Date": [
          "Fri, 25 Aug 2023 08:18:59 GMT"
        ],
        "Content-Length": [
          "108"
        ],
        "Content-Type": [
          "application/json; charset=utf-8"
        ],
        "Expires": [
          "-1"
        ]
      },
      "ResponseBody": "{\r\n  \"name\": \"d4955521-6e61-44a2-8a56-bcb98178aefd\",\r\n  \"status\": \"InProgress\",\r\n  \"startTime\": \"2023-08-25T08:17:27.657Z\"\r\n}",
      "StatusCode": 200
    },
    {
      "RequestUri": "/subscriptions/2c647056-bab2-4175-b172-493ff049eb29/resourceGroups/ps9413/providers/Microsoft.Sql/locations/eastus2euap/databaseAzureAsyncOperation/d4955521-6e61-44a2-8a56-bcb98178aefd?api-version=2023-02-01-preview",
      "EncodedRequestUri": "L3N1YnNjcmlwdGlvbnMvMmM2NDcwNTYtYmFiMi00MTc1LWIxNzItNDkzZmYwNDllYjI5L3Jlc291cmNlR3JvdXBzL3BzOTQxMy9wcm92aWRlcnMvTWljcm9zb2Z0LlNxbC9sb2NhdGlvbnMvZWFzdHVzMmV1YXAvZGF0YWJhc2VBenVyZUFzeW5jT3BlcmF0aW9uL2Q0OTU1NTIxLTZlNjEtNDRhMi04YTU2LWJjYjk4MTc4YWVmZD9hcGktdmVyc2lvbj0yMDIzLTAyLTAxLXByZXZpZXc=",
      "RequestMethod": "GET",
      "RequestHeaders": {
        "x-ms-client-request-id": [
          "e401a734-43e2-464f-b179-09625f371c97"
        ],
        "User-Agent": [
          "FxVersion/4.700.22.55902",
          "OSName/Windows",
          "OSVersion/Microsoft.Windows.10.0.17763",
          "Microsoft.Azure.Management.Sql.SqlManagementClient/4.8.0"
        ]
      },
      "RequestBody": "",
      "ResponseHeaders": {
        "Cache-Control": [
          "no-cache"
        ],
        "Pragma": [
          "no-cache"
        ],
        "Retry-After": [
          "15"
        ],
        "x-ms-request-id": [
          "bece7a41-ba67-4fba-a2c9-e4b372b977c9"
        ],
        "x-ms-ratelimit-remaining-subscription-reads": [
          "11999"
        ],
        "x-ms-correlation-request-id": [
          "29fc32e2-66c6-4138-af2e-77b8e4417533"
        ],
        "x-ms-routing-request-id": [
          "WESTUS:20230825T081915Z:29fc32e2-66c6-4138-af2e-77b8e4417533"
        ],
        "Strict-Transport-Security": [
          "max-age=31536000; includeSubDomains"
        ],
        "X-Content-Type-Options": [
          "nosniff"
        ],
        "X-Cache": [
          "CONFIG_NOCACHE"
        ],
        "X-MSEdge-Ref": [
          "Ref A: 247197F579B14826A7AB1464A464CDF6 Ref B: CO6AA3150220035 Ref C: 2023-08-25T08:19:14Z"
        ],
        "Date": [
          "Fri, 25 Aug 2023 08:19:14 GMT"
        ],
        "Content-Length": [
          "107"
        ],
        "Content-Type": [
          "application/json; charset=utf-8"
        ],
        "Expires": [
          "-1"
        ]
      },
      "ResponseBody": "{\r\n  \"name\": \"d4955521-6e61-44a2-8a56-bcb98178aefd\",\r\n  \"status\": \"Succeeded\",\r\n  \"startTime\": \"2023-08-25T08:17:27.657Z\"\r\n}",
      "StatusCode": 200
    },
    {
      "RequestUri": "/subscriptions/2c647056-bab2-4175-b172-493ff049eb29/resourcegroups/ps6278?api-version=2016-09-01",
      "EncodedRequestUri": "L3N1YnNjcmlwdGlvbnMvMmM2NDcwNTYtYmFiMi00MTc1LWIxNzItNDkzZmYwNDllYjI5L3Jlc291cmNlZ3JvdXBzL3BzNjI3OD9hcGktdmVyc2lvbj0yMDE2LTA5LTAx",
      "RequestMethod": "DELETE",
      "RequestHeaders": {
        "x-ms-client-request-id": [
          "2abdbeca-ba54-4f7e-ad13-089f9597e0e1"
        ],
        "Accept-Language": [
          "en-US"
        ],
        "User-Agent": [
          "FxVersion/4.700.22.55902",
          "OSName/Windows",
          "OSVersion/Microsoft.Windows.10.0.17763",
          "Microsoft.Azure.Management.Internal.Resources.ResourceManagementClient/1.3.80"
        ]
      },
      "RequestBody": "",
      "ResponseHeaders": {
        "Cache-Control": [
          "no-cache"
        ],
        "Pragma": [
          "no-cache"
        ],
        "Location": [
          "https://management.azure.com/subscriptions/2c647056-bab2-4175-b172-493ff049eb29/operationresults/eyJqb2JJZCI6IlJFU09VUkNFR1JPVVBERUxFVElPTkpPQi1QUzYyNzgtRUFTVFVTMkVVQVAiLCJqb2JMb2NhdGlvbiI6ImVhc3R1czJldWFwIn0?api-version=2016-09-01"
        ],
        "Retry-After": [
          "15"
        ],
        "x-ms-ratelimit-remaining-subscription-deletes": [
          "14999"
        ],
        "x-ms-request-id": [
          "6db8aa1a-0eec-4e25-85cc-8ed76308affc"
        ],
        "x-ms-correlation-request-id": [
          "6db8aa1a-0eec-4e25-85cc-8ed76308affc"
        ],
        "x-ms-routing-request-id": [
          "CANADAEAST:20230825T081916Z:6db8aa1a-0eec-4e25-85cc-8ed76308affc"
        ],
        "Strict-Transport-Security": [
          "max-age=31536000; includeSubDomains"
        ],
        "X-Content-Type-Options": [
          "nosniff"
        ],
        "X-Cache": [
          "CONFIG_NOCACHE"
        ],
        "X-MSEdge-Ref": [
          "Ref A: 7E8D9C82B5314F47B480D44C2AABA220 Ref B: CO6AA3150217027 Ref C: 2023-08-25T08:19:15Z"
        ],
        "Date": [
          "Fri, 25 Aug 2023 08:19:16 GMT"
        ],
        "Expires": [
          "-1"
        ],
        "Content-Length": [
          "0"
        ]
      },
      "ResponseBody": "",
      "StatusCode": 202
    },
    {
      "RequestUri": "/subscriptions/2c647056-bab2-4175-b172-493ff049eb29/operationresults/eyJqb2JJZCI6IlJFU09VUkNFR1JPVVBERUxFVElPTkpPQi1QUzYyNzgtRUFTVFVTMkVVQVAiLCJqb2JMb2NhdGlvbiI6ImVhc3R1czJldWFwIn0?api-version=2016-09-01",
      "EncodedRequestUri": "L3N1YnNjcmlwdGlvbnMvMmM2NDcwNTYtYmFiMi00MTc1LWIxNzItNDkzZmYwNDllYjI5L29wZXJhdGlvbnJlc3VsdHMvZXlKcWIySkpaQ0k2SWxKRlUwOVZVa05GUjFKUFZWQkVSVXhGVkVsUFRrcFBRaTFRVXpZeU56Z3RSVUZUVkZWVE1rVlZRVkFpTENKcWIySk1iMk5oZEdsdmJpSTZJbVZoYzNSMWN6SmxkV0Z3SW4wP2FwaS12ZXJzaW9uPTIwMTYtMDktMDE=",
      "RequestMethod": "GET",
      "RequestHeaders": {
        "User-Agent": [
          "FxVersion/4.700.22.55902",
          "OSName/Windows",
          "OSVersion/Microsoft.Windows.10.0.17763",
          "Microsoft.Azure.Management.Internal.Resources.ResourceManagementClient/1.3.80"
        ]
      },
      "RequestBody": "",
      "ResponseHeaders": {
        "Cache-Control": [
          "no-cache"
        ],
        "Pragma": [
          "no-cache"
        ],
        "Location": [
          "https://management.azure.com/subscriptions/2c647056-bab2-4175-b172-493ff049eb29/operationresults/eyJqb2JJZCI6IlJFU09VUkNFR1JPVVBERUxFVElPTkpPQi1QUzYyNzgtRUFTVFVTMkVVQVAiLCJqb2JMb2NhdGlvbiI6ImVhc3R1czJldWFwIn0?api-version=2016-09-01"
        ],
        "Retry-After": [
          "15"
        ],
        "x-ms-ratelimit-remaining-subscription-reads": [
          "11998"
        ],
        "x-ms-request-id": [
          "db889257-11d5-47c2-b12f-827cd99363bd"
        ],
        "x-ms-correlation-request-id": [
          "db889257-11d5-47c2-b12f-827cd99363bd"
        ],
        "x-ms-routing-request-id": [
          "CANADAEAST:20230825T081931Z:db889257-11d5-47c2-b12f-827cd99363bd"
        ],
        "Strict-Transport-Security": [
          "max-age=31536000; includeSubDomains"
        ],
        "X-Content-Type-Options": [
          "nosniff"
        ],
        "X-Cache": [
          "CONFIG_NOCACHE"
        ],
        "X-MSEdge-Ref": [
          "Ref A: 412EFC7BB9BF479998FF8E137AFBC6DB Ref B: CO6AA3150217027 Ref C: 2023-08-25T08:19:31Z"
        ],
        "Date": [
          "Fri, 25 Aug 2023 08:19:31 GMT"
        ],
        "Expires": [
          "-1"
        ],
        "Content-Length": [
          "0"
        ]
      },
      "ResponseBody": "",
      "StatusCode": 202
    },
    {
      "RequestUri": "/subscriptions/2c647056-bab2-4175-b172-493ff049eb29/operationresults/eyJqb2JJZCI6IlJFU09VUkNFR1JPVVBERUxFVElPTkpPQi1QUzYyNzgtRUFTVFVTMkVVQVAiLCJqb2JMb2NhdGlvbiI6ImVhc3R1czJldWFwIn0?api-version=2016-09-01",
      "EncodedRequestUri": "L3N1YnNjcmlwdGlvbnMvMmM2NDcwNTYtYmFiMi00MTc1LWIxNzItNDkzZmYwNDllYjI5L29wZXJhdGlvbnJlc3VsdHMvZXlKcWIySkpaQ0k2SWxKRlUwOVZVa05GUjFKUFZWQkVSVXhGVkVsUFRrcFBRaTFRVXpZeU56Z3RSVUZUVkZWVE1rVlZRVkFpTENKcWIySk1iMk5oZEdsdmJpSTZJbVZoYzNSMWN6SmxkV0Z3SW4wP2FwaS12ZXJzaW9uPTIwMTYtMDktMDE=",
      "RequestMethod": "GET",
      "RequestHeaders": {
        "User-Agent": [
          "FxVersion/4.700.22.55902",
          "OSName/Windows",
          "OSVersion/Microsoft.Windows.10.0.17763",
          "Microsoft.Azure.Management.Internal.Resources.ResourceManagementClient/1.3.80"
        ]
      },
      "RequestBody": "",
      "ResponseHeaders": {
        "Cache-Control": [
          "no-cache"
        ],
        "Pragma": [
          "no-cache"
        ],
        "Location": [
          "https://management.azure.com/subscriptions/2c647056-bab2-4175-b172-493ff049eb29/operationresults/eyJqb2JJZCI6IlJFU09VUkNFR1JPVVBERUxFVElPTkpPQi1QUzYyNzgtRUFTVFVTMkVVQVAiLCJqb2JMb2NhdGlvbiI6ImVhc3R1czJldWFwIn0?api-version=2016-09-01"
        ],
        "Retry-After": [
          "15"
        ],
        "x-ms-ratelimit-remaining-subscription-reads": [
          "11998"
        ],
        "x-ms-request-id": [
          "5fb03a2e-325a-4983-b345-858357a386f1"
        ],
        "x-ms-correlation-request-id": [
          "5fb03a2e-325a-4983-b345-858357a386f1"
        ],
        "x-ms-routing-request-id": [
          "CANADAEAST:20230825T081947Z:5fb03a2e-325a-4983-b345-858357a386f1"
        ],
        "Strict-Transport-Security": [
          "max-age=31536000; includeSubDomains"
        ],
        "X-Content-Type-Options": [
          "nosniff"
        ],
        "X-Cache": [
          "CONFIG_NOCACHE"
        ],
        "X-MSEdge-Ref": [
          "Ref A: 0EC8872518F94CD8B8536336C942E839 Ref B: CO6AA3150217027 Ref C: 2023-08-25T08:19:46Z"
        ],
        "Date": [
          "Fri, 25 Aug 2023 08:19:46 GMT"
        ],
        "Expires": [
          "-1"
        ],
        "Content-Length": [
          "0"
        ]
      },
      "ResponseBody": "",
      "StatusCode": 202
    },
    {
      "RequestUri": "/subscriptions/2c647056-bab2-4175-b172-493ff049eb29/operationresults/eyJqb2JJZCI6IlJFU09VUkNFR1JPVVBERUxFVElPTkpPQi1QUzYyNzgtRUFTVFVTMkVVQVAiLCJqb2JMb2NhdGlvbiI6ImVhc3R1czJldWFwIn0?api-version=2016-09-01",
      "EncodedRequestUri": "L3N1YnNjcmlwdGlvbnMvMmM2NDcwNTYtYmFiMi00MTc1LWIxNzItNDkzZmYwNDllYjI5L29wZXJhdGlvbnJlc3VsdHMvZXlKcWIySkpaQ0k2SWxKRlUwOVZVa05GUjFKUFZWQkVSVXhGVkVsUFRrcFBRaTFRVXpZeU56Z3RSVUZUVkZWVE1rVlZRVkFpTENKcWIySk1iMk5oZEdsdmJpSTZJbVZoYzNSMWN6SmxkV0Z3SW4wP2FwaS12ZXJzaW9uPTIwMTYtMDktMDE=",
      "RequestMethod": "GET",
      "RequestHeaders": {
        "User-Agent": [
          "FxVersion/4.700.22.55902",
          "OSName/Windows",
          "OSVersion/Microsoft.Windows.10.0.17763",
          "Microsoft.Azure.Management.Internal.Resources.ResourceManagementClient/1.3.80"
        ]
      },
      "RequestBody": "",
      "ResponseHeaders": {
        "Cache-Control": [
          "no-cache"
        ],
        "Pragma": [
          "no-cache"
        ],
        "Location": [
          "https://management.azure.com/subscriptions/2c647056-bab2-4175-b172-493ff049eb29/operationresults/eyJqb2JJZCI6IlJFU09VUkNFR1JPVVBERUxFVElPTkpPQi1QUzYyNzgtRUFTVFVTMkVVQVAiLCJqb2JMb2NhdGlvbiI6ImVhc3R1czJldWFwIn0?api-version=2016-09-01"
        ],
        "Retry-After": [
          "15"
        ],
        "x-ms-ratelimit-remaining-subscription-reads": [
          "11999"
        ],
        "x-ms-request-id": [
          "f0ec9c04-bc3c-475a-b1ce-055c3e411e75"
        ],
        "x-ms-correlation-request-id": [
          "f0ec9c04-bc3c-475a-b1ce-055c3e411e75"
        ],
        "x-ms-routing-request-id": [
          "CANADAEAST:20230825T082002Z:f0ec9c04-bc3c-475a-b1ce-055c3e411e75"
        ],
        "Strict-Transport-Security": [
          "max-age=31536000; includeSubDomains"
        ],
        "X-Content-Type-Options": [
          "nosniff"
        ],
        "X-Cache": [
          "CONFIG_NOCACHE"
        ],
        "X-MSEdge-Ref": [
          "Ref A: 95F345C1EDA94B53BC78B1189EEE681E Ref B: CO6AA3150217027 Ref C: 2023-08-25T08:20:02Z"
        ],
        "Date": [
          "Fri, 25 Aug 2023 08:20:02 GMT"
        ],
        "Expires": [
          "-1"
        ],
        "Content-Length": [
          "0"
        ]
      },
      "ResponseBody": "",
      "StatusCode": 202
    },
    {
      "RequestUri": "/subscriptions/2c647056-bab2-4175-b172-493ff049eb29/operationresults/eyJqb2JJZCI6IlJFU09VUkNFR1JPVVBERUxFVElPTkpPQi1QUzYyNzgtRUFTVFVTMkVVQVAiLCJqb2JMb2NhdGlvbiI6ImVhc3R1czJldWFwIn0?api-version=2016-09-01",
      "EncodedRequestUri": "L3N1YnNjcmlwdGlvbnMvMmM2NDcwNTYtYmFiMi00MTc1LWIxNzItNDkzZmYwNDllYjI5L29wZXJhdGlvbnJlc3VsdHMvZXlKcWIySkpaQ0k2SWxKRlUwOVZVa05GUjFKUFZWQkVSVXhGVkVsUFRrcFBRaTFRVXpZeU56Z3RSVUZUVkZWVE1rVlZRVkFpTENKcWIySk1iMk5oZEdsdmJpSTZJbVZoYzNSMWN6SmxkV0Z3SW4wP2FwaS12ZXJzaW9uPTIwMTYtMDktMDE=",
      "RequestMethod": "GET",
      "RequestHeaders": {
        "User-Agent": [
          "FxVersion/4.700.22.55902",
          "OSName/Windows",
          "OSVersion/Microsoft.Windows.10.0.17763",
          "Microsoft.Azure.Management.Internal.Resources.ResourceManagementClient/1.3.80"
        ]
      },
      "RequestBody": "",
      "ResponseHeaders": {
        "Cache-Control": [
          "no-cache"
        ],
        "Pragma": [
          "no-cache"
        ],
        "Location": [
          "https://management.azure.com/subscriptions/2c647056-bab2-4175-b172-493ff049eb29/operationresults/eyJqb2JJZCI6IlJFU09VUkNFR1JPVVBERUxFVElPTkpPQi1QUzYyNzgtRUFTVFVTMkVVQVAiLCJqb2JMb2NhdGlvbiI6ImVhc3R1czJldWFwIn0?api-version=2016-09-01"
        ],
        "Retry-After": [
          "15"
        ],
        "x-ms-ratelimit-remaining-subscription-reads": [
          "11999"
        ],
        "x-ms-request-id": [
          "fbda881f-d0a9-45ae-9655-c2c247f3ec3f"
        ],
        "x-ms-correlation-request-id": [
          "fbda881f-d0a9-45ae-9655-c2c247f3ec3f"
        ],
        "x-ms-routing-request-id": [
          "CANADAEAST:20230825T082017Z:fbda881f-d0a9-45ae-9655-c2c247f3ec3f"
        ],
        "Strict-Transport-Security": [
          "max-age=31536000; includeSubDomains"
        ],
        "X-Content-Type-Options": [
          "nosniff"
        ],
        "X-Cache": [
          "CONFIG_NOCACHE"
        ],
        "X-MSEdge-Ref": [
          "Ref A: DB3C93D5364046BA94F7A7CE6113B265 Ref B: CO6AA3150217027 Ref C: 2023-08-25T08:20:17Z"
        ],
        "Date": [
          "Fri, 25 Aug 2023 08:20:17 GMT"
        ],
        "Expires": [
          "-1"
        ],
        "Content-Length": [
          "0"
        ]
      },
      "ResponseBody": "",
      "StatusCode": 202
    },
    {
      "RequestUri": "/subscriptions/2c647056-bab2-4175-b172-493ff049eb29/operationresults/eyJqb2JJZCI6IlJFU09VUkNFR1JPVVBERUxFVElPTkpPQi1QUzYyNzgtRUFTVFVTMkVVQVAiLCJqb2JMb2NhdGlvbiI6ImVhc3R1czJldWFwIn0?api-version=2016-09-01",
      "EncodedRequestUri": "L3N1YnNjcmlwdGlvbnMvMmM2NDcwNTYtYmFiMi00MTc1LWIxNzItNDkzZmYwNDllYjI5L29wZXJhdGlvbnJlc3VsdHMvZXlKcWIySkpaQ0k2SWxKRlUwOVZVa05GUjFKUFZWQkVSVXhGVkVsUFRrcFBRaTFRVXpZeU56Z3RSVUZUVkZWVE1rVlZRVkFpTENKcWIySk1iMk5oZEdsdmJpSTZJbVZoYzNSMWN6SmxkV0Z3SW4wP2FwaS12ZXJzaW9uPTIwMTYtMDktMDE=",
      "RequestMethod": "GET",
      "RequestHeaders": {
        "User-Agent": [
          "FxVersion/4.700.22.55902",
          "OSName/Windows",
          "OSVersion/Microsoft.Windows.10.0.17763",
          "Microsoft.Azure.Management.Internal.Resources.ResourceManagementClient/1.3.80"
        ]
      },
      "RequestBody": "",
      "ResponseHeaders": {
        "Cache-Control": [
          "no-cache"
        ],
        "Pragma": [
          "no-cache"
        ],
        "x-ms-ratelimit-remaining-subscription-reads": [
          "11998"
        ],
        "x-ms-request-id": [
          "dd6a98b2-e219-4852-b24b-d978eb0f1e97"
        ],
        "x-ms-correlation-request-id": [
          "dd6a98b2-e219-4852-b24b-d978eb0f1e97"
        ],
        "x-ms-routing-request-id": [
          "CANADAEAST:20230825T082033Z:dd6a98b2-e219-4852-b24b-d978eb0f1e97"
        ],
        "Strict-Transport-Security": [
          "max-age=31536000; includeSubDomains"
        ],
        "X-Content-Type-Options": [
          "nosniff"
        ],
        "X-Cache": [
          "CONFIG_NOCACHE"
        ],
        "X-MSEdge-Ref": [
          "Ref A: 0DC7C126A7334D6897E88990B23378EC Ref B: CO6AA3150217027 Ref C: 2023-08-25T08:20:32Z"
        ],
        "Date": [
          "Fri, 25 Aug 2023 08:20:32 GMT"
        ],
        "Expires": [
          "-1"
        ],
        "Content-Length": [
          "0"
        ]
      },
      "ResponseBody": "",
      "StatusCode": 200
    },
    {
      "RequestUri": "/subscriptions/2c647056-bab2-4175-b172-493ff049eb29/operationresults/eyJqb2JJZCI6IlJFU09VUkNFR1JPVVBERUxFVElPTkpPQi1QUzYyNzgtRUFTVFVTMkVVQVAiLCJqb2JMb2NhdGlvbiI6ImVhc3R1czJldWFwIn0?api-version=2016-09-01",
      "EncodedRequestUri": "L3N1YnNjcmlwdGlvbnMvMmM2NDcwNTYtYmFiMi00MTc1LWIxNzItNDkzZmYwNDllYjI5L29wZXJhdGlvbnJlc3VsdHMvZXlKcWIySkpaQ0k2SWxKRlUwOVZVa05GUjFKUFZWQkVSVXhGVkVsUFRrcFBRaTFRVXpZeU56Z3RSVUZUVkZWVE1rVlZRVkFpTENKcWIySk1iMk5oZEdsdmJpSTZJbVZoYzNSMWN6SmxkV0Z3SW4wP2FwaS12ZXJzaW9uPTIwMTYtMDktMDE=",
      "RequestMethod": "GET",
      "RequestHeaders": {
        "User-Agent": [
          "FxVersion/4.700.22.55902",
          "OSName/Windows",
          "OSVersion/Microsoft.Windows.10.0.17763",
          "Microsoft.Azure.Management.Internal.Resources.ResourceManagementClient/1.3.80"
        ]
      },
      "RequestBody": "",
      "ResponseHeaders": {
        "Cache-Control": [
          "no-cache"
        ],
        "Pragma": [
          "no-cache"
        ],
        "x-ms-ratelimit-remaining-subscription-reads": [
          "11999"
        ],
        "x-ms-request-id": [
          "d6ea301f-61e0-43ee-ab2f-0b6845c2276a"
        ],
        "x-ms-correlation-request-id": [
          "d6ea301f-61e0-43ee-ab2f-0b6845c2276a"
        ],
        "x-ms-routing-request-id": [
          "CANADAEAST:20230825T082033Z:d6ea301f-61e0-43ee-ab2f-0b6845c2276a"
        ],
        "Strict-Transport-Security": [
          "max-age=31536000; includeSubDomains"
        ],
        "X-Content-Type-Options": [
          "nosniff"
        ],
        "X-Cache": [
          "CONFIG_NOCACHE"
        ],
        "X-MSEdge-Ref": [
          "Ref A: C27EB224EC814696A3499A43CD268E79 Ref B: CO6AA3150217027 Ref C: 2023-08-25T08:20:33Z"
        ],
        "Date": [
          "Fri, 25 Aug 2023 08:20:33 GMT"
        ],
        "Expires": [
          "-1"
        ],
        "Content-Length": [
          "0"
        ]
      },
      "ResponseBody": "",
      "StatusCode": 200
    },
    {
      "RequestUri": "/subscriptions/2c647056-bab2-4175-b172-493ff049eb29/resourcegroups/ps9413?api-version=2016-09-01",
      "EncodedRequestUri": "L3N1YnNjcmlwdGlvbnMvMmM2NDcwNTYtYmFiMi00MTc1LWIxNzItNDkzZmYwNDllYjI5L3Jlc291cmNlZ3JvdXBzL3BzOTQxMz9hcGktdmVyc2lvbj0yMDE2LTA5LTAx",
      "RequestMethod": "DELETE",
      "RequestHeaders": {
        "x-ms-client-request-id": [
          "fd7c4bea-80c2-4dbb-bbc7-76fa42f3e46e"
        ],
        "Accept-Language": [
          "en-US"
        ],
        "User-Agent": [
          "FxVersion/4.700.22.55902",
          "OSName/Windows",
          "OSVersion/Microsoft.Windows.10.0.17763",
          "Microsoft.Azure.Management.Internal.Resources.ResourceManagementClient/1.3.80"
        ]
      },
      "RequestBody": "",
      "ResponseHeaders": {
        "Cache-Control": [
          "no-cache"
        ],
        "Pragma": [
          "no-cache"
        ],
        "Location": [
          "https://management.azure.com/subscriptions/2c647056-bab2-4175-b172-493ff049eb29/operationresults/eyJqb2JJZCI6IlJFU09VUkNFR1JPVVBERUxFVElPTkpPQi1QUzk0MTMtRUFTVFVTMkVVQVAiLCJqb2JMb2NhdGlvbiI6ImVhc3R1czJldWFwIn0?api-version=2016-09-01"
        ],
        "Retry-After": [
          "15"
        ],
        "x-ms-ratelimit-remaining-subscription-deletes": [
          "14999"
        ],
        "x-ms-request-id": [
          "1bb0c805-0697-46e6-981c-fcbe041db56a"
        ],
        "x-ms-correlation-request-id": [
          "1bb0c805-0697-46e6-981c-fcbe041db56a"
        ],
        "x-ms-routing-request-id": [
          "CANADAEAST:20230825T082034Z:1bb0c805-0697-46e6-981c-fcbe041db56a"
        ],
        "Strict-Transport-Security": [
          "max-age=31536000; includeSubDomains"
        ],
        "X-Content-Type-Options": [
          "nosniff"
        ],
        "X-Cache": [
          "CONFIG_NOCACHE"
        ],
        "X-MSEdge-Ref": [
          "Ref A: 9871B99F886B44E497BBF11B1E28F9F7 Ref B: CO6AA3150218045 Ref C: 2023-08-25T08:20:33Z"
        ],
        "Date": [
          "Fri, 25 Aug 2023 08:20:33 GMT"
        ],
        "Expires": [
          "-1"
        ],
        "Content-Length": [
          "0"
        ]
      },
      "ResponseBody": "",
      "StatusCode": 202
    },
    {
      "RequestUri": "/subscriptions/2c647056-bab2-4175-b172-493ff049eb29/operationresults/eyJqb2JJZCI6IlJFU09VUkNFR1JPVVBERUxFVElPTkpPQi1QUzk0MTMtRUFTVFVTMkVVQVAiLCJqb2JMb2NhdGlvbiI6ImVhc3R1czJldWFwIn0?api-version=2016-09-01",
      "EncodedRequestUri": "L3N1YnNjcmlwdGlvbnMvMmM2NDcwNTYtYmFiMi00MTc1LWIxNzItNDkzZmYwNDllYjI5L29wZXJhdGlvbnJlc3VsdHMvZXlKcWIySkpaQ0k2SWxKRlUwOVZVa05GUjFKUFZWQkVSVXhGVkVsUFRrcFBRaTFRVXprME1UTXRSVUZUVkZWVE1rVlZRVkFpTENKcWIySk1iMk5oZEdsdmJpSTZJbVZoYzNSMWN6SmxkV0Z3SW4wP2FwaS12ZXJzaW9uPTIwMTYtMDktMDE=",
      "RequestMethod": "GET",
      "RequestHeaders": {
        "User-Agent": [
          "FxVersion/4.700.22.55902",
          "OSName/Windows",
          "OSVersion/Microsoft.Windows.10.0.17763",
          "Microsoft.Azure.Management.Internal.Resources.ResourceManagementClient/1.3.80"
        ]
      },
      "RequestBody": "",
      "ResponseHeaders": {
        "Cache-Control": [
          "no-cache"
        ],
        "Pragma": [
          "no-cache"
        ],
        "Location": [
          "https://management.azure.com/subscriptions/2c647056-bab2-4175-b172-493ff049eb29/operationresults/eyJqb2JJZCI6IlJFU09VUkNFR1JPVVBERUxFVElPTkpPQi1QUzk0MTMtRUFTVFVTMkVVQVAiLCJqb2JMb2NhdGlvbiI6ImVhc3R1czJldWFwIn0?api-version=2016-09-01"
        ],
        "Retry-After": [
          "15"
        ],
        "x-ms-ratelimit-remaining-subscription-reads": [
          "11998"
        ],
        "x-ms-request-id": [
          "a864c748-b855-4c33-a29b-5a2bfc3c227d"
        ],
        "x-ms-correlation-request-id": [
          "a864c748-b855-4c33-a29b-5a2bfc3c227d"
        ],
        "x-ms-routing-request-id": [
          "CANADAEAST:20230825T082049Z:a864c748-b855-4c33-a29b-5a2bfc3c227d"
        ],
        "Strict-Transport-Security": [
          "max-age=31536000; includeSubDomains"
        ],
        "X-Content-Type-Options": [
          "nosniff"
        ],
        "X-Cache": [
          "CONFIG_NOCACHE"
        ],
        "X-MSEdge-Ref": [
          "Ref A: D6E27C6BD91A43B39ECE3DA39A9B0E6D Ref B: CO6AA3150218045 Ref C: 2023-08-25T08:20:49Z"
        ],
        "Date": [
          "Fri, 25 Aug 2023 08:20:49 GMT"
        ],
        "Expires": [
          "-1"
        ],
        "Content-Length": [
          "0"
        ]
      },
      "ResponseBody": "",
      "StatusCode": 202
    },
    {
      "RequestUri": "/subscriptions/2c647056-bab2-4175-b172-493ff049eb29/operationresults/eyJqb2JJZCI6IlJFU09VUkNFR1JPVVBERUxFVElPTkpPQi1QUzk0MTMtRUFTVFVTMkVVQVAiLCJqb2JMb2NhdGlvbiI6ImVhc3R1czJldWFwIn0?api-version=2016-09-01",
      "EncodedRequestUri": "L3N1YnNjcmlwdGlvbnMvMmM2NDcwNTYtYmFiMi00MTc1LWIxNzItNDkzZmYwNDllYjI5L29wZXJhdGlvbnJlc3VsdHMvZXlKcWIySkpaQ0k2SWxKRlUwOVZVa05GUjFKUFZWQkVSVXhGVkVsUFRrcFBRaTFRVXprME1UTXRSVUZUVkZWVE1rVlZRVkFpTENKcWIySk1iMk5oZEdsdmJpSTZJbVZoYzNSMWN6SmxkV0Z3SW4wP2FwaS12ZXJzaW9uPTIwMTYtMDktMDE=",
      "RequestMethod": "GET",
      "RequestHeaders": {
        "User-Agent": [
          "FxVersion/4.700.22.55902",
          "OSName/Windows",
          "OSVersion/Microsoft.Windows.10.0.17763",
          "Microsoft.Azure.Management.Internal.Resources.ResourceManagementClient/1.3.80"
        ]
      },
      "RequestBody": "",
      "ResponseHeaders": {
        "Cache-Control": [
          "no-cache"
        ],
        "Pragma": [
          "no-cache"
        ],
        "Location": [
          "https://management.azure.com/subscriptions/2c647056-bab2-4175-b172-493ff049eb29/operationresults/eyJqb2JJZCI6IlJFU09VUkNFR1JPVVBERUxFVElPTkpPQi1QUzk0MTMtRUFTVFVTMkVVQVAiLCJqb2JMb2NhdGlvbiI6ImVhc3R1czJldWFwIn0?api-version=2016-09-01"
        ],
        "Retry-After": [
          "15"
        ],
        "x-ms-ratelimit-remaining-subscription-reads": [
          "11998"
        ],
        "x-ms-request-id": [
          "6b1cbaa7-387a-461e-83a8-3e534a5f1852"
        ],
        "x-ms-correlation-request-id": [
          "6b1cbaa7-387a-461e-83a8-3e534a5f1852"
        ],
        "x-ms-routing-request-id": [
          "CANADAEAST:20230825T082104Z:6b1cbaa7-387a-461e-83a8-3e534a5f1852"
        ],
        "Strict-Transport-Security": [
          "max-age=31536000; includeSubDomains"
        ],
        "X-Content-Type-Options": [
          "nosniff"
        ],
        "X-Cache": [
          "CONFIG_NOCACHE"
        ],
        "X-MSEdge-Ref": [
          "Ref A: 8808CBC38A964550B5FD63988929AFE7 Ref B: CO6AA3150218045 Ref C: 2023-08-25T08:21:04Z"
        ],
        "Date": [
          "Fri, 25 Aug 2023 08:21:04 GMT"
        ],
        "Expires": [
          "-1"
        ],
        "Content-Length": [
          "0"
        ]
      },
      "ResponseBody": "",
      "StatusCode": 202
    },
    {
      "RequestUri": "/subscriptions/2c647056-bab2-4175-b172-493ff049eb29/operationresults/eyJqb2JJZCI6IlJFU09VUkNFR1JPVVBERUxFVElPTkpPQi1QUzk0MTMtRUFTVFVTMkVVQVAiLCJqb2JMb2NhdGlvbiI6ImVhc3R1czJldWFwIn0?api-version=2016-09-01",
      "EncodedRequestUri": "L3N1YnNjcmlwdGlvbnMvMmM2NDcwNTYtYmFiMi00MTc1LWIxNzItNDkzZmYwNDllYjI5L29wZXJhdGlvbnJlc3VsdHMvZXlKcWIySkpaQ0k2SWxKRlUwOVZVa05GUjFKUFZWQkVSVXhGVkVsUFRrcFBRaTFRVXprME1UTXRSVUZUVkZWVE1rVlZRVkFpTENKcWIySk1iMk5oZEdsdmJpSTZJbVZoYzNSMWN6SmxkV0Z3SW4wP2FwaS12ZXJzaW9uPTIwMTYtMDktMDE=",
      "RequestMethod": "GET",
      "RequestHeaders": {
        "User-Agent": [
          "FxVersion/4.700.22.55902",
          "OSName/Windows",
          "OSVersion/Microsoft.Windows.10.0.17763",
          "Microsoft.Azure.Management.Internal.Resources.ResourceManagementClient/1.3.80"
        ]
      },
      "RequestBody": "",
      "ResponseHeaders": {
        "Cache-Control": [
          "no-cache"
        ],
        "Pragma": [
          "no-cache"
        ],
        "Location": [
          "https://management.azure.com/subscriptions/2c647056-bab2-4175-b172-493ff049eb29/operationresults/eyJqb2JJZCI6IlJFU09VUkNFR1JPVVBERUxFVElPTkpPQi1QUzk0MTMtRUFTVFVTMkVVQVAiLCJqb2JMb2NhdGlvbiI6ImVhc3R1czJldWFwIn0?api-version=2016-09-01"
        ],
        "Retry-After": [
          "15"
        ],
        "x-ms-ratelimit-remaining-subscription-reads": [
          "11998"
        ],
        "x-ms-request-id": [
          "545bb7bd-b382-4f41-bb74-f0167b680d1c"
        ],
        "x-ms-correlation-request-id": [
          "545bb7bd-b382-4f41-bb74-f0167b680d1c"
        ],
        "x-ms-routing-request-id": [
          "CANADAEAST:20230825T082120Z:545bb7bd-b382-4f41-bb74-f0167b680d1c"
        ],
        "Strict-Transport-Security": [
          "max-age=31536000; includeSubDomains"
        ],
        "X-Content-Type-Options": [
          "nosniff"
        ],
        "X-Cache": [
          "CONFIG_NOCACHE"
        ],
        "X-MSEdge-Ref": [
          "Ref A: 7142B0398AEC421E960A6C6F250E0048 Ref B: CO6AA3150218045 Ref C: 2023-08-25T08:21:20Z"
        ],
        "Date": [
          "Fri, 25 Aug 2023 08:21:19 GMT"
        ],
        "Expires": [
          "-1"
        ],
        "Content-Length": [
          "0"
        ]
      },
      "ResponseBody": "",
      "StatusCode": 202
    },
    {
      "RequestUri": "/subscriptions/2c647056-bab2-4175-b172-493ff049eb29/operationresults/eyJqb2JJZCI6IlJFU09VUkNFR1JPVVBERUxFVElPTkpPQi1QUzk0MTMtRUFTVFVTMkVVQVAiLCJqb2JMb2NhdGlvbiI6ImVhc3R1czJldWFwIn0?api-version=2016-09-01",
      "EncodedRequestUri": "L3N1YnNjcmlwdGlvbnMvMmM2NDcwNTYtYmFiMi00MTc1LWIxNzItNDkzZmYwNDllYjI5L29wZXJhdGlvbnJlc3VsdHMvZXlKcWIySkpaQ0k2SWxKRlUwOVZVa05GUjFKUFZWQkVSVXhGVkVsUFRrcFBRaTFRVXprME1UTXRSVUZUVkZWVE1rVlZRVkFpTENKcWIySk1iMk5oZEdsdmJpSTZJbVZoYzNSMWN6SmxkV0Z3SW4wP2FwaS12ZXJzaW9uPTIwMTYtMDktMDE=",
      "RequestMethod": "GET",
      "RequestHeaders": {
        "User-Agent": [
          "FxVersion/4.700.22.55902",
          "OSName/Windows",
          "OSVersion/Microsoft.Windows.10.0.17763",
          "Microsoft.Azure.Management.Internal.Resources.ResourceManagementClient/1.3.80"
        ]
      },
      "RequestBody": "",
      "ResponseHeaders": {
        "Cache-Control": [
          "no-cache"
        ],
        "Pragma": [
          "no-cache"
        ],
        "Location": [
          "https://management.azure.com/subscriptions/2c647056-bab2-4175-b172-493ff049eb29/operationresults/eyJqb2JJZCI6IlJFU09VUkNFR1JPVVBERUxFVElPTkpPQi1QUzk0MTMtRUFTVFVTMkVVQVAiLCJqb2JMb2NhdGlvbiI6ImVhc3R1czJldWFwIn0?api-version=2016-09-01"
        ],
        "Retry-After": [
          "15"
        ],
        "x-ms-ratelimit-remaining-subscription-reads": [
          "11999"
        ],
        "x-ms-request-id": [
          "08e92bc0-848e-4b65-8fb1-fb270cfd526e"
        ],
        "x-ms-correlation-request-id": [
          "08e92bc0-848e-4b65-8fb1-fb270cfd526e"
        ],
        "x-ms-routing-request-id": [
          "CANADAEAST:20230825T082135Z:08e92bc0-848e-4b65-8fb1-fb270cfd526e"
        ],
        "Strict-Transport-Security": [
          "max-age=31536000; includeSubDomains"
        ],
        "X-Content-Type-Options": [
          "nosniff"
        ],
        "X-Cache": [
          "CONFIG_NOCACHE"
        ],
        "X-MSEdge-Ref": [
          "Ref A: 0A6FF1131B3B4455B73F83F0904F7CAD Ref B: CO6AA3150218045 Ref C: 2023-08-25T08:21:35Z"
        ],
        "Date": [
          "Fri, 25 Aug 2023 08:21:34 GMT"
        ],
        "Expires": [
          "-1"
        ],
        "Content-Length": [
          "0"
        ]
      },
      "ResponseBody": "",
      "StatusCode": 202
    },
    {
      "RequestUri": "/subscriptions/2c647056-bab2-4175-b172-493ff049eb29/operationresults/eyJqb2JJZCI6IlJFU09VUkNFR1JPVVBERUxFVElPTkpPQi1QUzk0MTMtRUFTVFVTMkVVQVAiLCJqb2JMb2NhdGlvbiI6ImVhc3R1czJldWFwIn0?api-version=2016-09-01",
      "EncodedRequestUri": "L3N1YnNjcmlwdGlvbnMvMmM2NDcwNTYtYmFiMi00MTc1LWIxNzItNDkzZmYwNDllYjI5L29wZXJhdGlvbnJlc3VsdHMvZXlKcWIySkpaQ0k2SWxKRlUwOVZVa05GUjFKUFZWQkVSVXhGVkVsUFRrcFBRaTFRVXprME1UTXRSVUZUVkZWVE1rVlZRVkFpTENKcWIySk1iMk5oZEdsdmJpSTZJbVZoYzNSMWN6SmxkV0Z3SW4wP2FwaS12ZXJzaW9uPTIwMTYtMDktMDE=",
      "RequestMethod": "GET",
      "RequestHeaders": {
        "User-Agent": [
          "FxVersion/4.700.22.55902",
          "OSName/Windows",
          "OSVersion/Microsoft.Windows.10.0.17763",
          "Microsoft.Azure.Management.Internal.Resources.ResourceManagementClient/1.3.80"
        ]
      },
      "RequestBody": "",
      "ResponseHeaders": {
        "Cache-Control": [
          "no-cache"
        ],
        "Pragma": [
          "no-cache"
        ],
        "x-ms-ratelimit-remaining-subscription-reads": [
          "11998"
        ],
        "x-ms-request-id": [
          "2f626d26-c927-45f0-9de9-aaa7a9617344"
        ],
        "x-ms-correlation-request-id": [
          "2f626d26-c927-45f0-9de9-aaa7a9617344"
        ],
        "x-ms-routing-request-id": [
          "CANADAEAST:20230825T082150Z:2f626d26-c927-45f0-9de9-aaa7a9617344"
        ],
        "Strict-Transport-Security": [
          "max-age=31536000; includeSubDomains"
        ],
        "X-Content-Type-Options": [
          "nosniff"
        ],
        "X-Cache": [
          "CONFIG_NOCACHE"
        ],
        "X-MSEdge-Ref": [
          "Ref A: E56E509A337D461EB6B07E9038D2378A Ref B: CO6AA3150218045 Ref C: 2023-08-25T08:21:50Z"
        ],
        "Date": [
          "Fri, 25 Aug 2023 08:21:50 GMT"
        ],
        "Expires": [
          "-1"
        ],
        "Content-Length": [
          "0"
        ]
      },
      "ResponseBody": "",
      "StatusCode": 200
    },
    {
      "RequestUri": "/subscriptions/2c647056-bab2-4175-b172-493ff049eb29/operationresults/eyJqb2JJZCI6IlJFU09VUkNFR1JPVVBERUxFVElPTkpPQi1QUzk0MTMtRUFTVFVTMkVVQVAiLCJqb2JMb2NhdGlvbiI6ImVhc3R1czJldWFwIn0?api-version=2016-09-01",
      "EncodedRequestUri": "L3N1YnNjcmlwdGlvbnMvMmM2NDcwNTYtYmFiMi00MTc1LWIxNzItNDkzZmYwNDllYjI5L29wZXJhdGlvbnJlc3VsdHMvZXlKcWIySkpaQ0k2SWxKRlUwOVZVa05GUjFKUFZWQkVSVXhGVkVsUFRrcFBRaTFRVXprME1UTXRSVUZUVkZWVE1rVlZRVkFpTENKcWIySk1iMk5oZEdsdmJpSTZJbVZoYzNSMWN6SmxkV0Z3SW4wP2FwaS12ZXJzaW9uPTIwMTYtMDktMDE=",
      "RequestMethod": "GET",
      "RequestHeaders": {
        "User-Agent": [
          "FxVersion/4.700.22.55902",
          "OSName/Windows",
          "OSVersion/Microsoft.Windows.10.0.17763",
          "Microsoft.Azure.Management.Internal.Resources.ResourceManagementClient/1.3.80"
        ]
      },
      "RequestBody": "",
      "ResponseHeaders": {
        "Cache-Control": [
          "no-cache"
        ],
        "Pragma": [
          "no-cache"
        ],
        "x-ms-ratelimit-remaining-subscription-reads": [
          "11992"
        ],
        "x-ms-request-id": [
          "cc7a7823-b4c0-47c0-85df-84da4e39de51"
        ],
        "x-ms-correlation-request-id": [
          "cc7a7823-b4c0-47c0-85df-84da4e39de51"
        ],
        "x-ms-routing-request-id": [
          "CANADAEAST:20230825T082151Z:cc7a7823-b4c0-47c0-85df-84da4e39de51"
        ],
        "Strict-Transport-Security": [
          "max-age=31536000; includeSubDomains"
        ],
        "X-Content-Type-Options": [
          "nosniff"
        ],
        "X-Cache": [
          "CONFIG_NOCACHE"
        ],
        "X-MSEdge-Ref": [
          "Ref A: 9992A90B372741F38F06484E02EA157F Ref B: CO6AA3150218045 Ref C: 2023-08-25T08:21:50Z"
        ],
        "Date": [
          "Fri, 25 Aug 2023 08:21:50 GMT"
        ],
        "Expires": [
          "-1"
        ],
        "Content-Length": [
          "0"
        ]
      },
      "ResponseBody": "",
      "StatusCode": 200
    }
  ],
  "Names": {
    "Test-CreateDatabaseCopyWithPerDBCMK": [
      "ps6278",
      "ps9047",
      "ps4914",
      "ps9413",
      "ps299",
      "ps2870"
    ]
  },
  "Variables": {
    "SubscriptionId": "2c647056-bab2-4175-b172-493ff049eb29"
  }
}