{
  "Entries": [
    {
      "RequestUri": "/subscriptions/52bae96a-3806-426c-a5dc-1ae6016b5f15/resourcegroups/ps9996?api-version=2016-09-01",
      "EncodedRequestUri": "L3N1YnNjcmlwdGlvbnMvNTJiYWU5NmEtMzgwNi00MjZjLWE1ZGMtMWFlNjAxNmI1ZjE1L3Jlc291cmNlZ3JvdXBzL3BzOTk5Nj9hcGktdmVyc2lvbj0yMDE2LTA5LTAx",
      "RequestMethod": "PUT",
      "RequestBody": "{\r\n  \"location\": \"West US\"\r\n}",
      "RequestHeaders": {
        "x-ms-client-request-id": [
          "b5ba006c-83ed-46f1-9c2c-10d89959a4a3"
        ],
        "Accept-Language": [
          "en-US"
        ],
        "User-Agent": [
          "FxVersion/4.700.21.56803",
          "OSName/Windows",
          "OSVersion/Microsoft.Windows.10.0.22000",
          "Microsoft.Azure.Management.Internal.Resources.ResourceManagementClient/1.3.54"
        ],
        "Content-Type": [
          "application/json; charset=utf-8"
        ],
        "Content-Length": [
          "29"
        ]
      },
      "ResponseHeaders": {
        "Cache-Control": [
          "no-cache"
        ],
        "Pragma": [
          "no-cache"
        ],
        "x-ms-ratelimit-remaining-subscription-writes": [
          "1198"
        ],
        "x-ms-request-id": [
          "2378520b-84f7-4bf7-b36b-1a64f6b92566"
        ],
        "x-ms-correlation-request-id": [
          "2378520b-84f7-4bf7-b36b-1a64f6b92566"
        ],
        "x-ms-routing-request-id": [
          "SOUTHINDIA:20220120T091647Z:2378520b-84f7-4bf7-b36b-1a64f6b92566"
        ],
        "Strict-Transport-Security": [
          "max-age=31536000; includeSubDomains"
        ],
        "X-Content-Type-Options": [
          "nosniff"
        ],
        "Date": [
          "Thu, 20 Jan 2022 09:16:47 GMT"
        ],
        "Content-Length": [
          "165"
        ],
        "Content-Type": [
          "application/json; charset=utf-8"
        ],
        "Expires": [
          "-1"
        ]
      },
      "ResponseBody": "{\r\n  \"id\": \"/subscriptions/52bae96a-3806-426c-a5dc-1ae6016b5f15/resourceGroups/ps9996\",\r\n  \"name\": \"ps9996\",\r\n  \"location\": \"westus\",\r\n  \"properties\": {\r\n    \"provisioningState\": \"Succeeded\"\r\n  }\r\n}",
      "StatusCode": 201
    },
    {
      "RequestUri": "/subscriptions/52bae96a-3806-426c-a5dc-1ae6016b5f15/resourceGroups/ps9996/providers/Microsoft.Network/trafficmanagerprofiles/ps9701?api-version=2018-08-01",
      "EncodedRequestUri": "L3N1YnNjcmlwdGlvbnMvNTJiYWU5NmEtMzgwNi00MjZjLWE1ZGMtMWFlNjAxNmI1ZjE1L3Jlc291cmNlR3JvdXBzL3BzOTk5Ni9wcm92aWRlcnMvTWljcm9zb2Z0Lk5ldHdvcmsvdHJhZmZpY21hbmFnZXJwcm9maWxlcy9wczk3MDE/YXBpLXZlcnNpb249MjAxOC0wOC0wMQ==",
      "RequestMethod": "GET",
      "RequestBody": "",
      "RequestHeaders": {
        "x-ms-client-request-id": [
          "108c453e-3909-42c9-9744-2e6853dd049b"
        ],
        "Accept-Language": [
          "en-US"
        ],
        "User-Agent": [
          "FxVersion/4.700.21.56803",
          "OSName/Windows",
          "OSVersion/Microsoft.Windows.10.0.22000",
          "Microsoft.Azure.Management.TrafficManager.TrafficManagerManagementClient/2.5.4.0"
        ]
      },
      "ResponseHeaders": {
        "Cache-Control": [
          "no-cache"
        ],
        "Pragma": [
          "no-cache"
        ],
        "x-ms-failure-cause": [
          "gateway"
        ],
        "x-ms-request-id": [
          "352a94ff-ac69-43b6-a12f-bdacd56daa65"
        ],
        "x-ms-correlation-request-id": [
          "352a94ff-ac69-43b6-a12f-bdacd56daa65"
        ],
        "x-ms-routing-request-id": [
          "SOUTHINDIA:20220120T091650Z:352a94ff-ac69-43b6-a12f-bdacd56daa65"
        ],
        "Strict-Transport-Security": [
          "max-age=31536000; includeSubDomains"
        ],
        "X-Content-Type-Options": [
          "nosniff"
        ],
        "Date": [
          "Thu, 20 Jan 2022 09:16:49 GMT"
        ],
        "Content-Type": [
          "application/json; charset=utf-8"
        ],
        "Expires": [
          "-1"
        ],
        "Content-Length": [
          "225"
        ]
      },
      "ResponseBody": "{\r\n  \"error\": {\r\n    \"code\": \"ResourceNotFound\",\r\n    \"message\": \"The Resource 'Microsoft.Network/trafficmanagerprofiles/ps9701' under resource group 'ps9996' was not found. For more details please go to https://aka.ms/ARMResourceNotFoundFix\"\r\n  }\r\n}",
      "StatusCode": 404
    },
    {
      "RequestUri": "/subscriptions/52bae96a-3806-426c-a5dc-1ae6016b5f15/resourceGroups/ps9996/providers/Microsoft.Network/trafficmanagerprofiles/ps9701?api-version=2018-08-01",
      "EncodedRequestUri": "L3N1YnNjcmlwdGlvbnMvNTJiYWU5NmEtMzgwNi00MjZjLWE1ZGMtMWFlNjAxNmI1ZjE1L3Jlc291cmNlR3JvdXBzL3BzOTk5Ni9wcm92aWRlcnMvTWljcm9zb2Z0Lk5ldHdvcmsvdHJhZmZpY21hbmFnZXJwcm9maWxlcy9wczk3MDE/YXBpLXZlcnNpb249MjAxOC0wOC0wMQ==",
      "RequestMethod": "PUT",
      "RequestBody": "{\r\n  \"properties\": {\r\n    \"profileStatus\": \"Enabled\",\r\n    \"trafficRoutingMethod\": \"Priority\",\r\n    \"dnsConfig\": {\r\n      \"relativeName\": \"ps1926\",\r\n      \"ttl\": 50\r\n    },\r\n    \"monitorConfig\": {\r\n      \"protocol\": \"HTTP\",\r\n      \"port\": 80,\r\n      \"path\": \"/testpath.asp\"\r\n    }\r\n  },\r\n  \"location\": \"global\",\r\n  \"name\": \"ps9701\"\r\n}",
      "RequestHeaders": {
        "x-ms-client-request-id": [
          "108c453e-3909-42c9-9744-2e6853dd049b"
        ],
        "Accept-Language": [
          "en-US"
        ],
        "User-Agent": [
          "FxVersion/4.700.21.56803",
          "OSName/Windows",
          "OSVersion/Microsoft.Windows.10.0.22000",
          "Microsoft.Azure.Management.TrafficManager.TrafficManagerManagementClient/2.5.4.0"
        ],
        "Content-Type": [
          "application/json; charset=utf-8"
        ],
        "Content-Length": [
          "334"
        ]
      },
      "ResponseHeaders": {
        "Cache-Control": [
          "private"
        ],
        "X-Content-Type-Options": [
          "nosniff"
        ],
        "Strict-Transport-Security": [
          "max-age=31536000; includeSubDomains"
        ],
        "x-ms-request-id": [
          "108c453e-3909-42c9-9744-2e6853dd049b"
        ],
        "Server": [
          "Microsoft-IIS/10.0"
        ],
        "X-AspNet-Version": [
          "4.0.30319"
        ],
        "X-Powered-By": [
          "ASP.NET"
        ],
        "x-ms-ratelimit-remaining-subscription-resource-requests": [
          "10799"
        ],
        "x-ms-correlation-request-id": [
          "95c69a91-7d3a-430b-91bf-0f9429c875d4"
        ],
        "x-ms-routing-request-id": [
          "SOUTHINDIA:20220120T091659Z:95c69a91-7d3a-430b-91bf-0f9429c875d4"
        ],
        "Date": [
          "Thu, 20 Jan 2022 09:16:58 GMT"
        ],
        "Content-Length": [
          "644"
        ],
        "Content-Type": [
          "application/json; charset=utf-8"
        ]
      },
      "ResponseBody": "{\r\n  \"id\": \"/subscriptions/52bae96a-3806-426c-a5dc-1ae6016b5f15/resourceGroups/ps9996/providers/Microsoft.Network/trafficManagerProfiles/ps9701\",\r\n  \"name\": \"ps9701\",\r\n  \"type\": \"Microsoft.Network/trafficManagerProfiles\",\r\n  \"location\": \"global\",\r\n  \"properties\": {\r\n    \"profileStatus\": \"Enabled\",\r\n    \"trafficRoutingMethod\": \"Priority\",\r\n    \"dnsConfig\": {\r\n      \"relativeName\": \"ps1926\",\r\n      \"fqdn\": \"ps1926.trafficmanager.net\",\r\n      \"ttl\": 50\r\n    },\r\n    \"monitorConfig\": {\r\n      \"profileMonitorStatus\": \"Inactive\",\r\n      \"protocol\": \"HTTP\",\r\n      \"port\": 80,\r\n      \"path\": \"/testpath.asp\",\r\n      \"intervalInSeconds\": 30,\r\n      \"toleratedNumberOfFailures\": 3,\r\n      \"timeoutInSeconds\": 10\r\n    },\r\n    \"endpoints\": [],\r\n    \"trafficViewEnrollmentStatus\": \"Disabled\",\r\n    \"maxReturn\": null\r\n  }\r\n}",
      "StatusCode": 201
    },
    {
      "RequestUri": "/subscriptions/52bae96a-3806-426c-a5dc-1ae6016b5f15/resourceGroups/ps9996/providers/Microsoft.Network/trafficmanagerprofiles/ps9701/exTernalendpoInTS/ps2655?api-version=2018-08-01",
      "EncodedRequestUri": "L3N1YnNjcmlwdGlvbnMvNTJiYWU5NmEtMzgwNi00MjZjLWE1ZGMtMWFlNjAxNmI1ZjE1L3Jlc291cmNlR3JvdXBzL3BzOTk5Ni9wcm92aWRlcnMvTWljcm9zb2Z0Lk5ldHdvcmsvdHJhZmZpY21hbmFnZXJwcm9maWxlcy9wczk3MDEvZXhUZXJuYWxlbmRwb0luVFMvcHMyNjU1P2FwaS12ZXJzaW9uPTIwMTgtMDgtMDE=",
      "RequestMethod": "GET",
      "RequestBody": "",
      "RequestHeaders": {
        "x-ms-client-request-id": [
          "558ed655-5411-4767-b5d7-878b1327063a"
        ],
        "Accept-Language": [
          "en-US"
        ],
        "User-Agent": [
          "FxVersion/4.700.21.56803",
          "OSName/Windows",
          "OSVersion/Microsoft.Windows.10.0.22000",
          "Microsoft.Azure.Management.TrafficManager.TrafficManagerManagementClient/2.5.4.0"
        ]
      },
      "ResponseHeaders": {
        "Cache-Control": [
          "private"
        ],
        "X-Content-Type-Options": [
          "nosniff"
        ],
        "Strict-Transport-Security": [
          "max-age=31536000; includeSubDomains"
        ],
        "x-ms-request-id": [
          "558ed655-5411-4767-b5d7-878b1327063a"
        ],
        "Server": [
          "Microsoft-IIS/10.0"
        ],
        "X-AspNet-Version": [
          "4.0.30319"
        ],
        "X-Powered-By": [
          "ASP.NET"
        ],
        "x-ms-ratelimit-remaining-subscription-reads": [
          "11993"
        ],
        "x-ms-correlation-request-id": [
          "a2900b99-e0b6-4d1c-9d97-ae0bf5c8d45b"
        ],
        "x-ms-routing-request-id": [
          "SOUTHINDIA:20220120T091659Z:a2900b99-e0b6-4d1c-9d97-ae0bf5c8d45b"
        ],
        "Date": [
          "Thu, 20 Jan 2022 09:16:59 GMT"
        ],
        "Content-Length": [
          "121"
        ],
        "Content-Type": [
          "application/json; charset=utf-8"
        ]
      },
      "ResponseBody": "{\r\n  \"code\": \"NotFound\",\r\n  \"message\": \"The endpoint 'ps2655' of type 'externalendpoints' does not exist in the profile 'ps9701'.\"\r\n}",
      "StatusCode": 404
    },
    {
      "RequestUri": "/subscriptions/52bae96a-3806-426c-a5dc-1ae6016b5f15/resourceGroups/ps9996/providers/Microsoft.Network/trafficmanagerprofiles/ps9701/exTernalendpoInTS/ps2655?api-version=2018-08-01",
      "EncodedRequestUri": "L3N1YnNjcmlwdGlvbnMvNTJiYWU5NmEtMzgwNi00MjZjLWE1ZGMtMWFlNjAxNmI1ZjE1L3Jlc291cmNlR3JvdXBzL3BzOTk5Ni9wcm92aWRlcnMvTWljcm9zb2Z0Lk5ldHdvcmsvdHJhZmZpY21hbmFnZXJwcm9maWxlcy9wczk3MDEvZXhUZXJuYWxlbmRwb0luVFMvcHMyNjU1P2FwaS12ZXJzaW9uPTIwMTgtMDgtMDE=",
      "RequestMethod": "PUT",
      "RequestBody": "{\r\n  \"properties\": {\r\n    \"target\": \"www.contoso.com\",\r\n    \"endpointStatus\": \"Enabled\",\r\n    \"endpointLocation\": \"North Europe\"\r\n  },\r\n  \"name\": \"ps2655\",\r\n  \"type\": \"Microsoft.Network/trafficManagerProfiles/exTernalendpoInTS\"\r\n}",
      "RequestHeaders": {
        "x-ms-client-request-id": [
          "558ed655-5411-4767-b5d7-878b1327063a"
        ],
        "Accept-Language": [
          "en-US"
        ],
        "User-Agent": [
          "FxVersion/4.700.21.56803",
          "OSName/Windows",
          "OSVersion/Microsoft.Windows.10.0.22000",
          "Microsoft.Azure.Management.TrafficManager.TrafficManagerManagementClient/2.5.4.0"
        ],
        "Content-Type": [
          "application/json; charset=utf-8"
        ],
        "Content-Length": [
          "230"
        ]
      },
      "ResponseHeaders": {
        "Cache-Control": [
          "private"
        ],
        "X-Content-Type-Options": [
          "nosniff"
        ],
        "Strict-Transport-Security": [
          "max-age=31536000; includeSubDomains"
        ],
        "x-ms-request-id": [
          "558ed655-5411-4767-b5d7-878b1327063a"
        ],
        "Server": [
          "Microsoft-IIS/10.0"
        ],
        "X-AspNet-Version": [
          "4.0.30319"
        ],
        "X-Powered-By": [
          "ASP.NET"
        ],
        "x-ms-ratelimit-remaining-subscription-writes": [
          "1198"
        ],
        "x-ms-correlation-request-id": [
          "bb68e08c-fe43-4ebf-9afc-deed3283eb31"
        ],
        "x-ms-routing-request-id": [
          "SOUTHINDIA:20220120T091700Z:bb68e08c-fe43-4ebf-9afc-deed3283eb31"
        ],
        "Date": [
          "Thu, 20 Jan 2022 09:16:59 GMT"
        ],
        "Content-Length": [
          "538"
        ],
        "Content-Type": [
          "application/json; charset=utf-8"
        ]
      },
      "ResponseBody": "{\r\n  \"id\": \"/subscriptions/52bae96a-3806-426c-a5dc-1ae6016b5f15/resourceGroups/ps9996/providers/Microsoft.Network/trafficManagerProfiles/ps9701/externalEndpoints/ps2655\",\r\n  \"name\": \"ps2655\",\r\n  \"type\": \"Microsoft.Network/trafficManagerProfiles/externalEndpoints\",\r\n  \"properties\": {\r\n    \"endpointStatus\": \"Enabled\",\r\n    \"endpointMonitorStatus\": \"CheckingEndpoint\",\r\n    \"targetResourceId\": null,\r\n    \"target\": \"www.contoso.com\",\r\n    \"weight\": 1,\r\n    \"priority\": 1,\r\n    \"endpointLocation\": \"North Europe\",\r\n    \"minChildEndpoints\": null,\r\n    \"minChildEndpointsIPv4\": null,\r\n    \"minChildEndpointsIPv6\": null\r\n  }\r\n}",
      "StatusCode": 201
    },
    {
      "RequestUri": "/subscriptions/52bae96a-3806-426c-a5dc-1ae6016b5f15/resourceGroups/ps9996/providers/Microsoft.Network/trafficmanagerprofiles/ps9701/ExTernalendpoInTS/ps2655?api-version=2018-08-01",
      "EncodedRequestUri": "L3N1YnNjcmlwdGlvbnMvNTJiYWU5NmEtMzgwNi00MjZjLWE1ZGMtMWFlNjAxNmI1ZjE1L3Jlc291cmNlR3JvdXBzL3BzOTk5Ni9wcm92aWRlcnMvTWljcm9zb2Z0Lk5ldHdvcmsvdHJhZmZpY21hbmFnZXJwcm9maWxlcy9wczk3MDEvRXhUZXJuYWxlbmRwb0luVFMvcHMyNjU1P2FwaS12ZXJzaW9uPTIwMTgtMDgtMDE=",
      "RequestMethod": "PATCH",
      "RequestBody": "{\r\n  \"properties\": {\r\n    \"endpointStatus\": \"Disabled\"\r\n  },\r\n  \"name\": \"ps2655\",\r\n  \"type\": \"Microsoft.Network/trafficManagerProfiles/ExTernalendpoInTS\"\r\n}",
      "RequestHeaders": {
        "x-ms-client-request-id": [
          "7b0c0a3c-c062-4a21-828b-629fa9475d00"
        ],
        "Accept-Language": [
          "en-US"
        ],
        "User-Agent": [
          "FxVersion/4.700.21.56803",
          "OSName/Windows",
          "OSVersion/Microsoft.Windows.10.0.22000",
          "Microsoft.Azure.Management.TrafficManager.TrafficManagerManagementClient/2.5.4.0"
        ],
        "Content-Type": [
          "application/json; charset=utf-8"
        ],
        "Content-Length": [
          "156"
        ]
      },
      "ResponseHeaders": {
        "Cache-Control": [
          "private"
        ],
        "X-Content-Type-Options": [
          "nosniff"
        ],
        "Strict-Transport-Security": [
          "max-age=31536000; includeSubDomains"
        ],
        "x-ms-request-id": [
          "7b0c0a3c-c062-4a21-828b-629fa9475d00"
        ],
        "Server": [
          "Microsoft-IIS/10.0"
        ],
        "X-AspNet-Version": [
          "4.0.30319"
        ],
        "X-Powered-By": [
          "ASP.NET"
        ],
        "x-ms-ratelimit-remaining-subscription-writes": [
          "1197"
        ],
        "x-ms-correlation-request-id": [
          "825bffb3-40e9-4754-a8da-62104dba4c7d"
        ],
        "x-ms-routing-request-id": [
          "SOUTHINDIA:20220120T091700Z:825bffb3-40e9-4754-a8da-62104dba4c7d"
        ],
        "Date": [
          "Thu, 20 Jan 2022 09:17:00 GMT"
        ],
        "Content-Length": [
          "531"
        ],
        "Content-Type": [
          "application/json; charset=utf-8"
        ]
      },
      "ResponseBody": "{\r\n  \"id\": \"/subscriptions/52bae96a-3806-426c-a5dc-1ae6016b5f15/resourceGroups/ps9996/providers/Microsoft.Network/trafficManagerProfiles/ps9701/externalEndpoints/ps2655\",\r\n  \"name\": \"ps2655\",\r\n  \"type\": \"Microsoft.Network/trafficManagerProfiles/externalEndpoints\",\r\n  \"properties\": {\r\n    \"endpointStatus\": \"Disabled\",\r\n    \"endpointMonitorStatus\": \"Disabled\",\r\n    \"targetResourceId\": null,\r\n    \"target\": \"www.contoso.com\",\r\n    \"weight\": 1,\r\n    \"priority\": 1,\r\n    \"endpointLocation\": \"North Europe\",\r\n    \"minChildEndpoints\": null,\r\n    \"minChildEndpointsIPv4\": null,\r\n    \"minChildEndpointsIPv6\": null\r\n  }\r\n}",
      "StatusCode": 200
    },
    {
      "RequestUri": "/subscriptions/52bae96a-3806-426c-a5dc-1ae6016b5f15/resourceGroups/ps9996/providers/Microsoft.Network/trafficmanagerprofiles/ps9701/EXTernalendpoInTS/ps2655?api-version=2018-08-01",
      "EncodedRequestUri": "L3N1YnNjcmlwdGlvbnMvNTJiYWU5NmEtMzgwNi00MjZjLWE1ZGMtMWFlNjAxNmI1ZjE1L3Jlc291cmNlR3JvdXBzL3BzOTk5Ni9wcm92aWRlcnMvTWljcm9zb2Z0Lk5ldHdvcmsvdHJhZmZpY21hbmFnZXJwcm9maWxlcy9wczk3MDEvRVhUZXJuYWxlbmRwb0luVFMvcHMyNjU1P2FwaS12ZXJzaW9uPTIwMTgtMDgtMDE=",
      "RequestMethod": "PATCH",
      "RequestBody": "{\r\n  \"properties\": {\r\n    \"endpointStatus\": \"Enabled\"\r\n  },\r\n  \"name\": \"ps2655\",\r\n  \"type\": \"Microsoft.Network/trafficManagerProfiles/EXTernalendpoInTS\"\r\n}",
      "RequestHeaders": {
        "x-ms-client-request-id": [
          "61365084-fb25-4348-b30d-51cf2056ee56"
        ],
        "Accept-Language": [
          "en-US"
        ],
        "User-Agent": [
          "FxVersion/4.700.21.56803",
          "OSName/Windows",
          "OSVersion/Microsoft.Windows.10.0.22000",
          "Microsoft.Azure.Management.TrafficManager.TrafficManagerManagementClient/2.5.4.0"
        ],
        "Content-Type": [
          "application/json; charset=utf-8"
        ],
        "Content-Length": [
          "155"
        ]
      },
      "ResponseHeaders": {
        "Cache-Control": [
          "private"
        ],
        "X-Content-Type-Options": [
          "nosniff"
        ],
        "Strict-Transport-Security": [
          "max-age=31536000; includeSubDomains"
        ],
        "x-ms-request-id": [
          "61365084-fb25-4348-b30d-51cf2056ee56"
        ],
        "Server": [
          "Microsoft-IIS/10.0"
        ],
        "X-AspNet-Version": [
          "4.0.30319"
        ],
        "X-Powered-By": [
          "ASP.NET"
        ],
        "x-ms-ratelimit-remaining-subscription-writes": [
          "1196"
        ],
        "x-ms-correlation-request-id": [
          "b1477ace-ebcc-405f-83af-a8d6d3ec084a"
        ],
        "x-ms-routing-request-id": [
          "SOUTHINDIA:20220120T091704Z:b1477ace-ebcc-405f-83af-a8d6d3ec084a"
        ],
        "Date": [
          "Thu, 20 Jan 2022 09:17:04 GMT"
        ],
        "Content-Length": [
          "538"
        ],
        "Content-Type": [
          "application/json; charset=utf-8"
        ]
      },
      "ResponseBody": "{\r\n  \"id\": \"/subscriptions/52bae96a-3806-426c-a5dc-1ae6016b5f15/resourceGroups/ps9996/providers/Microsoft.Network/trafficManagerProfiles/ps9701/externalEndpoints/ps2655\",\r\n  \"name\": \"ps2655\",\r\n  \"type\": \"Microsoft.Network/trafficManagerProfiles/externalEndpoints\",\r\n  \"properties\": {\r\n    \"endpointStatus\": \"Enabled\",\r\n    \"endpointMonitorStatus\": \"CheckingEndpoint\",\r\n    \"targetResourceId\": null,\r\n    \"target\": \"www.contoso.com\",\r\n    \"weight\": 1,\r\n    \"priority\": 1,\r\n    \"endpointLocation\": \"North Europe\",\r\n    \"minChildEndpoints\": null,\r\n    \"minChildEndpointsIPv4\": null,\r\n    \"minChildEndpointsIPv6\": null\r\n  }\r\n}",
      "StatusCode": 200
    },
    {
      "RequestUri": "/subscriptions/52bae96a-3806-426c-a5dc-1ae6016b5f15/resourceGroups/ps9996/providers/Microsoft.Network/trafficmanagerprofiles/ps9701/EXTErnalendpoInTS/ps2655?api-version=2018-08-01",
      "EncodedRequestUri": "L3N1YnNjcmlwdGlvbnMvNTJiYWU5NmEtMzgwNi00MjZjLWE1ZGMtMWFlNjAxNmI1ZjE1L3Jlc291cmNlR3JvdXBzL3BzOTk5Ni9wcm92aWRlcnMvTWljcm9zb2Z0Lk5ldHdvcmsvdHJhZmZpY21hbmFnZXJwcm9maWxlcy9wczk3MDEvRVhURXJuYWxlbmRwb0luVFMvcHMyNjU1P2FwaS12ZXJzaW9uPTIwMTgtMDgtMDE=",
      "RequestMethod": "GET",
      "RequestBody": "",
      "RequestHeaders": {
        "x-ms-client-request-id": [
          "56e6ed93-bb85-4e24-a373-ef3e157ab236"
        ],
        "Accept-Language": [
          "en-US"
        ],
        "User-Agent": [
          "FxVersion/4.700.21.56803",
          "OSName/Windows",
          "OSVersion/Microsoft.Windows.10.0.22000",
          "Microsoft.Azure.Management.TrafficManager.TrafficManagerManagementClient/2.5.4.0"
        ]
      },
      "ResponseHeaders": {
        "Cache-Control": [
          "private"
        ],
        "X-Content-Type-Options": [
          "nosniff"
        ],
        "Strict-Transport-Security": [
          "max-age=31536000; includeSubDomains"
        ],
        "x-ms-request-id": [
          "56e6ed93-bb85-4e24-a373-ef3e157ab236"
        ],
        "Server": [
          "Microsoft-IIS/10.0"
        ],
        "X-AspNet-Version": [
          "4.0.30319"
        ],
        "X-Powered-By": [
          "ASP.NET"
        ],
        "x-ms-ratelimit-remaining-subscription-reads": [
          "11992"
        ],
        "x-ms-correlation-request-id": [
          "7076e9b5-ac6c-4aa6-bb4b-5adca0d84257"
        ],
        "x-ms-routing-request-id": [
          "SOUTHINDIA:20220120T091705Z:7076e9b5-ac6c-4aa6-bb4b-5adca0d84257"
        ],
        "Date": [
          "Thu, 20 Jan 2022 09:17:04 GMT"
        ],
        "Content-Length": [
          "538"
        ],
        "Content-Type": [
          "application/json; charset=utf-8"
        ]
      },
      "ResponseBody": "{\r\n  \"id\": \"/subscriptions/52bae96a-3806-426c-a5dc-1ae6016b5f15/resourceGroups/ps9996/providers/Microsoft.Network/trafficManagerProfiles/ps9701/externalEndpoints/ps2655\",\r\n  \"name\": \"ps2655\",\r\n  \"type\": \"Microsoft.Network/trafficManagerProfiles/externalEndpoints\",\r\n  \"properties\": {\r\n    \"endpointStatus\": \"Enabled\",\r\n    \"endpointMonitorStatus\": \"CheckingEndpoint\",\r\n    \"targetResourceId\": null,\r\n    \"target\": \"www.contoso.com\",\r\n    \"weight\": 1,\r\n    \"priority\": 1,\r\n    \"endpointLocation\": \"North Europe\",\r\n    \"minChildEndpoints\": null,\r\n    \"minChildEndpointsIPv4\": null,\r\n    \"minChildEndpointsIPv6\": null\r\n  }\r\n}",
      "StatusCode": 200
    },
    {
      "RequestUri": "/subscriptions/52bae96a-3806-426c-a5dc-1ae6016b5f15/resourceGroups/ps9996/providers/Microsoft.Network/trafficmanagerprofiles/ps9701/EXTErnalendpoInTS/ps2655?api-version=2018-08-01",
      "EncodedRequestUri": "L3N1YnNjcmlwdGlvbnMvNTJiYWU5NmEtMzgwNi00MjZjLWE1ZGMtMWFlNjAxNmI1ZjE1L3Jlc291cmNlR3JvdXBzL3BzOTk5Ni9wcm92aWRlcnMvTWljcm9zb2Z0Lk5ldHdvcmsvdHJhZmZpY21hbmFnZXJwcm9maWxlcy9wczk3MDEvRVhURXJuYWxlbmRwb0luVFMvcHMyNjU1P2FwaS12ZXJzaW9uPTIwMTgtMDgtMDE=",
      "RequestMethod": "PUT",
      "RequestBody": "{\r\n  \"properties\": {\r\n    \"target\": \"www.contoso.com\",\r\n    \"endpointStatus\": \"Enabled\",\r\n    \"weight\": 1,\r\n    \"priority\": 1,\r\n    \"endpointLocation\": \"North Europe\"\r\n  },\r\n  \"id\": \"/subscriptions/52bae96a-3806-426c-a5dc-1ae6016b5f15/resourceGroups/ps9996/providers/Microsoft.Network/trafficManagerProfiles/ps9701/externalEndpoints/ps2655\",\r\n  \"name\": \"ps2655\",\r\n  \"type\": \"Microsoft.Network/trafficManagerProfiles/EXTErnalendpoInTS\"\r\n}",
      "RequestHeaders": {
        "x-ms-client-request-id": [
          "01bf4658-a493-4259-a953-3995efb28d9a"
        ],
        "Accept-Language": [
          "en-US"
        ],
        "User-Agent": [
          "FxVersion/4.700.21.56803",
          "OSName/Windows",
          "OSVersion/Microsoft.Windows.10.0.22000",
          "Microsoft.Azure.Management.TrafficManager.TrafficManagerManagementClient/2.5.4.0"
        ],
        "Content-Type": [
          "application/json; charset=utf-8"
        ],
        "Content-Length": [
          "437"
        ]
      },
      "ResponseHeaders": {
        "Cache-Control": [
          "private"
        ],
        "X-Content-Type-Options": [
          "nosniff"
        ],
        "Strict-Transport-Security": [
          "max-age=31536000; includeSubDomains"
        ],
        "x-ms-request-id": [
          "01bf4658-a493-4259-a953-3995efb28d9a"
        ],
        "Server": [
          "Microsoft-IIS/10.0"
        ],
        "X-AspNet-Version": [
          "4.0.30319"
        ],
        "X-Powered-By": [
          "ASP.NET"
        ],
        "x-ms-ratelimit-remaining-subscription-writes": [
          "1195"
        ],
        "x-ms-correlation-request-id": [
          "4b3ccf07-dd92-42fc-bdf8-482e22b75dc0"
        ],
        "x-ms-routing-request-id": [
          "SOUTHINDIA:20220120T091705Z:4b3ccf07-dd92-42fc-bdf8-482e22b75dc0"
        ],
        "Date": [
          "Thu, 20 Jan 2022 09:17:05 GMT"
        ],
        "Content-Length": [
          "538"
        ],
        "Content-Type": [
          "application/json; charset=utf-8"
        ]
      },
      "ResponseBody": "{\r\n  \"id\": \"/subscriptions/52bae96a-3806-426c-a5dc-1ae6016b5f15/resourceGroups/ps9996/providers/Microsoft.Network/trafficManagerProfiles/ps9701/externalEndpoints/ps2655\",\r\n  \"name\": \"ps2655\",\r\n  \"type\": \"Microsoft.Network/trafficManagerProfiles/externalEndpoints\",\r\n  \"properties\": {\r\n    \"endpointStatus\": \"Enabled\",\r\n    \"endpointMonitorStatus\": \"CheckingEndpoint\",\r\n    \"targetResourceId\": null,\r\n    \"target\": \"www.contoso.com\",\r\n    \"weight\": 1,\r\n    \"priority\": 1,\r\n    \"endpointLocation\": \"North Europe\",\r\n    \"minChildEndpoints\": null,\r\n    \"minChildEndpointsIPv4\": null,\r\n    \"minChildEndpointsIPv6\": null\r\n  }\r\n}",
      "StatusCode": 201
    },
    {
      "RequestUri": "/subscriptions/52bae96a-3806-426c-a5dc-1ae6016b5f15/resourceGroups/ps9996/providers/Microsoft.Network/trafficmanagerprofiles/ps9701/EXTERNalendpoInTS/ps2655?api-version=2018-08-01",
      "EncodedRequestUri": "L3N1YnNjcmlwdGlvbnMvNTJiYWU5NmEtMzgwNi00MjZjLWE1ZGMtMWFlNjAxNmI1ZjE1L3Jlc291cmNlR3JvdXBzL3BzOTk5Ni9wcm92aWRlcnMvTWljcm9zb2Z0Lk5ldHdvcmsvdHJhZmZpY21hbmFnZXJwcm9maWxlcy9wczk3MDEvRVhURVJOYWxlbmRwb0luVFMvcHMyNjU1P2FwaS12ZXJzaW9uPTIwMTgtMDgtMDE=",
      "RequestMethod": "DELETE",
      "RequestBody": "",
      "RequestHeaders": {
        "x-ms-client-request-id": [
          "f90353f2-4cde-4fcc-9a96-813ba7b8908c"
        ],
        "Accept-Language": [
          "en-US"
        ],
        "User-Agent": [
          "FxVersion/4.700.21.56803",
          "OSName/Windows",
          "OSVersion/Microsoft.Windows.10.0.22000",
          "Microsoft.Azure.Management.TrafficManager.TrafficManagerManagementClient/2.5.4.0"
        ]
      },
      "ResponseHeaders": {
        "Cache-Control": [
          "private"
        ],
        "X-Content-Type-Options": [
          "nosniff"
        ],
        "Strict-Transport-Security": [
          "max-age=31536000; includeSubDomains"
        ],
        "x-ms-request-id": [
          "f90353f2-4cde-4fcc-9a96-813ba7b8908c"
        ],
        "Server": [
          "Microsoft-IIS/10.0"
        ],
        "X-AspNet-Version": [
          "4.0.30319"
        ],
        "X-Powered-By": [
          "ASP.NET"
        ],
        "x-ms-ratelimit-remaining-subscription-deletes": [
          "14998"
        ],
        "x-ms-correlation-request-id": [
          "cd8781d9-25dc-4000-917b-cab4663a3399"
        ],
        "x-ms-routing-request-id": [
          "SOUTHINDIA:20220120T091706Z:cd8781d9-25dc-4000-917b-cab4663a3399"
        ],
        "Date": [
          "Thu, 20 Jan 2022 09:17:05 GMT"
        ],
        "Content-Length": [
          "0"
        ]
      },
      "ResponseBody": "",
      "StatusCode": 200
    },
    {
      "RequestUri": "/subscriptions/52bae96a-3806-426c-a5dc-1ae6016b5f15/resourcegroups/ps9996?api-version=2016-09-01",
      "EncodedRequestUri": "L3N1YnNjcmlwdGlvbnMvNTJiYWU5NmEtMzgwNi00MjZjLWE1ZGMtMWFlNjAxNmI1ZjE1L3Jlc291cmNlZ3JvdXBzL3BzOTk5Nj9hcGktdmVyc2lvbj0yMDE2LTA5LTAx",
      "RequestMethod": "DELETE",
      "RequestBody": "",
      "RequestHeaders": {
        "x-ms-client-request-id": [
          "f54b64d2-71c4-4d85-95aa-9042144c89fd"
        ],
        "Accept-Language": [
          "en-US"
        ],
        "User-Agent": [
          "FxVersion/4.700.21.56803",
          "OSName/Windows",
          "OSVersion/Microsoft.Windows.10.0.22000",
          "Microsoft.Azure.Management.Internal.Resources.ResourceManagementClient/1.3.54"
        ]
      },
      "ResponseHeaders": {
        "Cache-Control": [
          "no-cache"
        ],
        "Pragma": [
          "no-cache"
        ],
        "Location": [
          "https://management.azure.com/subscriptions/52bae96a-3806-426c-a5dc-1ae6016b5f15/operationresults/eyJqb2JJZCI6IlJFU09VUkNFR1JPVVBERUxFVElPTkpPQi1QUzk5OTYtV0VTVFVTIiwiam9iTG9jYXRpb24iOiJ3ZXN0dXMifQ?api-version=2016-09-01"
        ],
        "Retry-After": [
          "15"
        ],
        "x-ms-ratelimit-remaining-subscription-deletes": [
          "14998"
        ],
        "x-ms-request-id": [
          "06c96176-6649-40c1-aaa7-d1e3d90935e3"
        ],
        "x-ms-correlation-request-id": [
          "06c96176-6649-40c1-aaa7-d1e3d90935e3"
        ],
        "x-ms-routing-request-id": [
          "SOUTHINDIA:20220120T091709Z:06c96176-6649-40c1-aaa7-d1e3d90935e3"
        ],
        "Strict-Transport-Security": [
          "max-age=31536000; includeSubDomains"
        ],
        "X-Content-Type-Options": [
          "nosniff"
        ],
        "Date": [
          "Thu, 20 Jan 2022 09:17:08 GMT"
        ],
        "Expires": [
          "-1"
        ],
        "Content-Length": [
          "0"
        ]
      },
      "ResponseBody": "",
      "StatusCode": 202
    },
    {
      "RequestUri": "/subscriptions/52bae96a-3806-426c-a5dc-1ae6016b5f15/operationresults/eyJqb2JJZCI6IlJFU09VUkNFR1JPVVBERUxFVElPTkpPQi1QUzk5OTYtV0VTVFVTIiwiam9iTG9jYXRpb24iOiJ3ZXN0dXMifQ?api-version=2016-09-01",
      "EncodedRequestUri": "L3N1YnNjcmlwdGlvbnMvNTJiYWU5NmEtMzgwNi00MjZjLWE1ZGMtMWFlNjAxNmI1ZjE1L29wZXJhdGlvbnJlc3VsdHMvZXlKcWIySkpaQ0k2SWxKRlUwOVZVa05GUjFKUFZWQkVSVXhGVkVsUFRrcFBRaTFRVXprNU9UWXRWMFZUVkZWVElpd2lhbTlpVEc5allYUnBiMjRpT2lKM1pYTjBkWE1pZlE/YXBpLXZlcnNpb249MjAxNi0wOS0wMQ==",
      "RequestMethod": "GET",
      "RequestBody": "",
      "RequestHeaders": {
        "User-Agent": [
          "FxVersion/4.700.21.56803",
          "OSName/Windows",
          "OSVersion/Microsoft.Windows.10.0.22000",
          "Microsoft.Azure.Management.Internal.Resources.ResourceManagementClient/1.3.54"
        ]
      },
      "ResponseHeaders": {
        "Cache-Control": [
          "no-cache"
        ],
        "Pragma": [
          "no-cache"
        ],
        "Location": [
          "https://management.azure.com/subscriptions/52bae96a-3806-426c-a5dc-1ae6016b5f15/operationresults/eyJqb2JJZCI6IlJFU09VUkNFR1JPVVBERUxFVElPTkpPQi1QUzk5OTYtV0VTVFVTIiwiam9iTG9jYXRpb24iOiJ3ZXN0dXMifQ?api-version=2016-09-01"
        ],
        "Retry-After": [
          "15"
        ],
        "x-ms-ratelimit-remaining-subscription-reads": [
          "11984"
        ],
        "x-ms-request-id": [
          "d0b3ec48-4954-4092-8fe1-8af749e78388"
        ],
        "x-ms-correlation-request-id": [
          "d0b3ec48-4954-4092-8fe1-8af749e78388"
        ],
        "x-ms-routing-request-id": [
          "SOUTHINDIA:20220120T091724Z:d0b3ec48-4954-4092-8fe1-8af749e78388"
        ],
        "Strict-Transport-Security": [
          "max-age=31536000; includeSubDomains"
        ],
        "X-Content-Type-Options": [
          "nosniff"
        ],
        "Date": [
          "Thu, 20 Jan 2022 09:17:23 GMT"
        ],
        "Expires": [
          "-1"
        ],
        "Content-Length": [
          "0"
        ]
      },
      "ResponseBody": "",
      "StatusCode": 202
    },
    {
      "RequestUri": "/subscriptions/52bae96a-3806-426c-a5dc-1ae6016b5f15/operationresults/eyJqb2JJZCI6IlJFU09VUkNFR1JPVVBERUxFVElPTkpPQi1QUzk5OTYtV0VTVFVTIiwiam9iTG9jYXRpb24iOiJ3ZXN0dXMifQ?api-version=2016-09-01",
      "EncodedRequestUri": "L3N1YnNjcmlwdGlvbnMvNTJiYWU5NmEtMzgwNi00MjZjLWE1ZGMtMWFlNjAxNmI1ZjE1L29wZXJhdGlvbnJlc3VsdHMvZXlKcWIySkpaQ0k2SWxKRlUwOVZVa05GUjFKUFZWQkVSVXhGVkVsUFRrcFBRaTFRVXprNU9UWXRWMFZUVkZWVElpd2lhbTlpVEc5allYUnBiMjRpT2lKM1pYTjBkWE1pZlE/YXBpLXZlcnNpb249MjAxNi0wOS0wMQ==",
      "RequestMethod": "GET",
      "RequestBody": "",
      "RequestHeaders": {
        "User-Agent": [
          "FxVersion/4.700.21.56803",
          "OSName/Windows",
          "OSVersion/Microsoft.Windows.10.0.22000",
          "Microsoft.Azure.Management.Internal.Resources.ResourceManagementClient/1.3.54"
        ]
      },
      "ResponseHeaders": {
        "Cache-Control": [
          "no-cache"
        ],
        "Pragma": [
          "no-cache"
        ],
        "Location": [
          "https://management.azure.com/subscriptions/52bae96a-3806-426c-a5dc-1ae6016b5f15/operationresults/eyJqb2JJZCI6IlJFU09VUkNFR1JPVVBERUxFVElPTkpPQi1QUzk5OTYtV0VTVFVTIiwiam9iTG9jYXRpb24iOiJ3ZXN0dXMifQ?api-version=2016-09-01"
        ],
        "Retry-After": [
          "15"
        ],
        "x-ms-ratelimit-remaining-subscription-reads": [
          "11983"
        ],
        "x-ms-request-id": [
          "8d5f0f04-00d7-4395-ad66-3f21c9d5eb71"
        ],
        "x-ms-correlation-request-id": [
          "8d5f0f04-00d7-4395-ad66-3f21c9d5eb71"
        ],
        "x-ms-routing-request-id": [
          "SOUTHINDIA:20220120T091740Z:8d5f0f04-00d7-4395-ad66-3f21c9d5eb71"
        ],
        "Strict-Transport-Security": [
          "max-age=31536000; includeSubDomains"
        ],
        "X-Content-Type-Options": [
          "nosniff"
        ],
        "Date": [
          "Thu, 20 Jan 2022 09:17:40 GMT"
        ],
        "Expires": [
          "-1"
        ],
        "Content-Length": [
          "0"
        ]
      },
      "ResponseBody": "",
      "StatusCode": 202
    },
    {
      "RequestUri": "/subscriptions/52bae96a-3806-426c-a5dc-1ae6016b5f15/operationresults/eyJqb2JJZCI6IlJFU09VUkNFR1JPVVBERUxFVElPTkpPQi1QUzk5OTYtV0VTVFVTIiwiam9iTG9jYXRpb24iOiJ3ZXN0dXMifQ?api-version=2016-09-01",
      "EncodedRequestUri": "L3N1YnNjcmlwdGlvbnMvNTJiYWU5NmEtMzgwNi00MjZjLWE1ZGMtMWFlNjAxNmI1ZjE1L29wZXJhdGlvbnJlc3VsdHMvZXlKcWIySkpaQ0k2SWxKRlUwOVZVa05GUjFKUFZWQkVSVXhGVkVsUFRrcFBRaTFRVXprNU9UWXRWMFZUVkZWVElpd2lhbTlpVEc5allYUnBiMjRpT2lKM1pYTjBkWE1pZlE/YXBpLXZlcnNpb249MjAxNi0wOS0wMQ==",
      "RequestMethod": "GET",
      "RequestBody": "",
      "RequestHeaders": {
        "User-Agent": [
          "FxVersion/4.700.21.56803",
          "OSName/Windows",
          "OSVersion/Microsoft.Windows.10.0.22000",
          "Microsoft.Azure.Management.Internal.Resources.ResourceManagementClient/1.3.54"
        ]
      },
      "ResponseHeaders": {
        "Cache-Control": [
          "no-cache"
        ],
        "Pragma": [
          "no-cache"
        ],
        "Location": [
          "https://management.azure.com/subscriptions/52bae96a-3806-426c-a5dc-1ae6016b5f15/operationresults/eyJqb2JJZCI6IlJFU09VUkNFR1JPVVBERUxFVElPTkpPQi1QUzk5OTYtV0VTVFVTIiwiam9iTG9jYXRpb24iOiJ3ZXN0dXMifQ?api-version=2016-09-01"
        ],
        "Retry-After": [
          "15"
        ],
        "x-ms-ratelimit-remaining-subscription-reads": [
          "11982"
        ],
        "x-ms-request-id": [
          "9390b894-bca7-457f-ac41-5e0a1c658f0e"
        ],
        "x-ms-correlation-request-id": [
          "9390b894-bca7-457f-ac41-5e0a1c658f0e"
        ],
        "x-ms-routing-request-id": [
          "SOUTHINDIA:20220120T091755Z:9390b894-bca7-457f-ac41-5e0a1c658f0e"
        ],
        "Strict-Transport-Security": [
          "max-age=31536000; includeSubDomains"
        ],
        "X-Content-Type-Options": [
          "nosniff"
        ],
        "Date": [
          "Thu, 20 Jan 2022 09:17:55 GMT"
        ],
        "Expires": [
          "-1"
        ],
        "Content-Length": [
          "0"
        ]
      },
      "ResponseBody": "",
      "StatusCode": 202
    },
    {
      "RequestUri": "/subscriptions/52bae96a-3806-426c-a5dc-1ae6016b5f15/operationresults/eyJqb2JJZCI6IlJFU09VUkNFR1JPVVBERUxFVElPTkpPQi1QUzk5OTYtV0VTVFVTIiwiam9iTG9jYXRpb24iOiJ3ZXN0dXMifQ?api-version=2016-09-01",
      "EncodedRequestUri": "L3N1YnNjcmlwdGlvbnMvNTJiYWU5NmEtMzgwNi00MjZjLWE1ZGMtMWFlNjAxNmI1ZjE1L29wZXJhdGlvbnJlc3VsdHMvZXlKcWIySkpaQ0k2SWxKRlUwOVZVa05GUjFKUFZWQkVSVXhGVkVsUFRrcFBRaTFRVXprNU9UWXRWMFZUVkZWVElpd2lhbTlpVEc5allYUnBiMjRpT2lKM1pYTjBkWE1pZlE/YXBpLXZlcnNpb249MjAxNi0wOS0wMQ==",
      "RequestMethod": "GET",
      "RequestBody": "",
      "RequestHeaders": {
        "User-Agent": [
          "FxVersion/4.700.21.56803",
          "OSName/Windows",
          "OSVersion/Microsoft.Windows.10.0.22000",
          "Microsoft.Azure.Management.Internal.Resources.ResourceManagementClient/1.3.54"
        ]
      },
      "ResponseHeaders": {
        "Cache-Control": [
          "no-cache"
        ],
        "Pragma": [
          "no-cache"
        ],
        "Location": [
          "https://management.azure.com/subscriptions/52bae96a-3806-426c-a5dc-1ae6016b5f15/operationresults/eyJqb2JJZCI6IlJFU09VUkNFR1JPVVBERUxFVElPTkpPQi1QUzk5OTYtV0VTVFVTIiwiam9iTG9jYXRpb24iOiJ3ZXN0dXMifQ?api-version=2016-09-01"
        ],
        "Retry-After": [
          "15"
        ],
        "x-ms-ratelimit-remaining-subscription-reads": [
          "11981"
        ],
        "x-ms-request-id": [
          "4c1be757-5209-4f1e-aa0e-2f0876ff6ccc"
        ],
        "x-ms-correlation-request-id": [
          "4c1be757-5209-4f1e-aa0e-2f0876ff6ccc"
        ],
        "x-ms-routing-request-id": [
          "SOUTHINDIA:20220120T091811Z:4c1be757-5209-4f1e-aa0e-2f0876ff6ccc"
        ],
        "Strict-Transport-Security": [
          "max-age=31536000; includeSubDomains"
        ],
        "X-Content-Type-Options": [
          "nosniff"
        ],
        "Date": [
          "Thu, 20 Jan 2022 09:18:10 GMT"
        ],
        "Expires": [
          "-1"
        ],
        "Content-Length": [
          "0"
        ]
      },
      "ResponseBody": "",
      "StatusCode": 202
    },
    {
      "RequestUri": "/subscriptions/52bae96a-3806-426c-a5dc-1ae6016b5f15/operationresults/eyJqb2JJZCI6IlJFU09VUkNFR1JPVVBERUxFVElPTkpPQi1QUzk5OTYtV0VTVFVTIiwiam9iTG9jYXRpb24iOiJ3ZXN0dXMifQ?api-version=2016-09-01",
      "EncodedRequestUri": "L3N1YnNjcmlwdGlvbnMvNTJiYWU5NmEtMzgwNi00MjZjLWE1ZGMtMWFlNjAxNmI1ZjE1L29wZXJhdGlvbnJlc3VsdHMvZXlKcWIySkpaQ0k2SWxKRlUwOVZVa05GUjFKUFZWQkVSVXhGVkVsUFRrcFBRaTFRVXprNU9UWXRWMFZUVkZWVElpd2lhbTlpVEc5allYUnBiMjRpT2lKM1pYTjBkWE1pZlE/YXBpLXZlcnNpb249MjAxNi0wOS0wMQ==",
      "RequestMethod": "GET",
      "RequestBody": "",
      "RequestHeaders": {
        "User-Agent": [
          "FxVersion/4.700.21.56803",
          "OSName/Windows",
          "OSVersion/Microsoft.Windows.10.0.22000",
          "Microsoft.Azure.Management.Internal.Resources.ResourceManagementClient/1.3.54"
        ]
      },
      "ResponseHeaders": {
        "Cache-Control": [
          "no-cache"
        ],
        "Pragma": [
          "no-cache"
        ],
        "Location": [
          "https://management.azure.com/subscriptions/52bae96a-3806-426c-a5dc-1ae6016b5f15/operationresults/eyJqb2JJZCI6IlJFU09VUkNFR1JPVVBERUxFVElPTkpPQi1QUzk5OTYtV0VTVFVTIiwiam9iTG9jYXRpb24iOiJ3ZXN0dXMifQ?api-version=2016-09-01"
        ],
        "Retry-After": [
          "15"
        ],
        "x-ms-ratelimit-remaining-subscription-reads": [
          "11980"
        ],
        "x-ms-request-id": [
          "01e2ca5e-3819-430c-92af-4822da07dd65"
        ],
        "x-ms-correlation-request-id": [
          "01e2ca5e-3819-430c-92af-4822da07dd65"
        ],
        "x-ms-routing-request-id": [
          "SOUTHINDIA:20220120T091827Z:01e2ca5e-3819-430c-92af-4822da07dd65"
        ],
        "Strict-Transport-Security": [
          "max-age=31536000; includeSubDomains"
        ],
        "X-Content-Type-Options": [
          "nosniff"
        ],
        "Date": [
          "Thu, 20 Jan 2022 09:18:26 GMT"
        ],
        "Expires": [
          "-1"
        ],
        "Content-Length": [
          "0"
        ]
      },
      "ResponseBody": "",
      "StatusCode": 202
    },
    {
      "RequestUri": "/subscriptions/52bae96a-3806-426c-a5dc-1ae6016b5f15/operationresults/eyJqb2JJZCI6IlJFU09VUkNFR1JPVVBERUxFVElPTkpPQi1QUzk5OTYtV0VTVFVTIiwiam9iTG9jYXRpb24iOiJ3ZXN0dXMifQ?api-version=2016-09-01",
      "EncodedRequestUri": "L3N1YnNjcmlwdGlvbnMvNTJiYWU5NmEtMzgwNi00MjZjLWE1ZGMtMWFlNjAxNmI1ZjE1L29wZXJhdGlvbnJlc3VsdHMvZXlKcWIySkpaQ0k2SWxKRlUwOVZVa05GUjFKUFZWQkVSVXhGVkVsUFRrcFBRaTFRVXprNU9UWXRWMFZUVkZWVElpd2lhbTlpVEc5allYUnBiMjRpT2lKM1pYTjBkWE1pZlE/YXBpLXZlcnNpb249MjAxNi0wOS0wMQ==",
      "RequestMethod": "GET",
      "RequestBody": "",
      "RequestHeaders": {
        "User-Agent": [
          "FxVersion/4.700.21.56803",
          "OSName/Windows",
          "OSVersion/Microsoft.Windows.10.0.22000",
          "Microsoft.Azure.Management.Internal.Resources.ResourceManagementClient/1.3.54"
        ]
      },
      "ResponseHeaders": {
        "Cache-Control": [
          "no-cache"
        ],
        "Pragma": [
          "no-cache"
        ],
        "Location": [
          "https://management.azure.com/subscriptions/52bae96a-3806-426c-a5dc-1ae6016b5f15/operationresults/eyJqb2JJZCI6IlJFU09VUkNFR1JPVVBERUxFVElPTkpPQi1QUzk5OTYtV0VTVFVTIiwiam9iTG9jYXRpb24iOiJ3ZXN0dXMifQ?api-version=2016-09-01"
        ],
        "Retry-After": [
          "15"
        ],
        "x-ms-ratelimit-remaining-subscription-reads": [
          "11979"
        ],
        "x-ms-request-id": [
          "7bc4c438-8b99-4b01-8c6e-5b5d113d59b0"
        ],
        "x-ms-correlation-request-id": [
          "7bc4c438-8b99-4b01-8c6e-5b5d113d59b0"
        ],
        "x-ms-routing-request-id": [
          "SOUTHINDIA:20220120T091842Z:7bc4c438-8b99-4b01-8c6e-5b5d113d59b0"
        ],
        "Strict-Transport-Security": [
          "max-age=31536000; includeSubDomains"
        ],
        "X-Content-Type-Options": [
          "nosniff"
        ],
        "Date": [
          "Thu, 20 Jan 2022 09:18:42 GMT"
        ],
        "Expires": [
          "-1"
        ],
        "Content-Length": [
          "0"
        ]
      },
      "ResponseBody": "",
      "StatusCode": 202
    },
    {
      "RequestUri": "/subscriptions/52bae96a-3806-426c-a5dc-1ae6016b5f15/operationresults/eyJqb2JJZCI6IlJFU09VUkNFR1JPVVBERUxFVElPTkpPQi1QUzk5OTYtV0VTVFVTIiwiam9iTG9jYXRpb24iOiJ3ZXN0dXMifQ?api-version=2016-09-01",
      "EncodedRequestUri": "L3N1YnNjcmlwdGlvbnMvNTJiYWU5NmEtMzgwNi00MjZjLWE1ZGMtMWFlNjAxNmI1ZjE1L29wZXJhdGlvbnJlc3VsdHMvZXlKcWIySkpaQ0k2SWxKRlUwOVZVa05GUjFKUFZWQkVSVXhGVkVsUFRrcFBRaTFRVXprNU9UWXRWMFZUVkZWVElpd2lhbTlpVEc5allYUnBiMjRpT2lKM1pYTjBkWE1pZlE/YXBpLXZlcnNpb249MjAxNi0wOS0wMQ==",
      "RequestMethod": "GET",
      "RequestBody": "",
      "RequestHeaders": {
        "User-Agent": [
          "FxVersion/4.700.21.56803",
          "OSName/Windows",
          "OSVersion/Microsoft.Windows.10.0.22000",
          "Microsoft.Azure.Management.Internal.Resources.ResourceManagementClient/1.3.54"
        ]
      },
      "ResponseHeaders": {
        "Cache-Control": [
          "no-cache"
        ],
        "Pragma": [
          "no-cache"
        ],
        "Location": [
          "https://management.azure.com/subscriptions/52bae96a-3806-426c-a5dc-1ae6016b5f15/operationresults/eyJqb2JJZCI6IlJFU09VUkNFR1JPVVBERUxFVElPTkpPQi1QUzk5OTYtV0VTVFVTIiwiam9iTG9jYXRpb24iOiJ3ZXN0dXMifQ?api-version=2016-09-01"
        ],
        "Retry-After": [
          "15"
        ],
        "x-ms-ratelimit-remaining-subscription-reads": [
          "11978"
        ],
        "x-ms-request-id": [
          "fcc0e2b0-f085-49d3-be59-bed4e1339ce1"
        ],
        "x-ms-correlation-request-id": [
          "fcc0e2b0-f085-49d3-be59-bed4e1339ce1"
        ],
        "x-ms-routing-request-id": [
          "SOUTHINDIA:20220120T091858Z:fcc0e2b0-f085-49d3-be59-bed4e1339ce1"
        ],
        "Strict-Transport-Security": [
          "max-age=31536000; includeSubDomains"
        ],
        "X-Content-Type-Options": [
          "nosniff"
        ],
        "Date": [
          "Thu, 20 Jan 2022 09:18:58 GMT"
        ],
        "Expires": [
          "-1"
        ],
        "Content-Length": [
          "0"
        ]
      },
      "ResponseBody": "",
      "StatusCode": 202
    },
    {
      "RequestUri": "/subscriptions/52bae96a-3806-426c-a5dc-1ae6016b5f15/operationresults/eyJqb2JJZCI6IlJFU09VUkNFR1JPVVBERUxFVElPTkpPQi1QUzk5OTYtV0VTVFVTIiwiam9iTG9jYXRpb24iOiJ3ZXN0dXMifQ?api-version=2016-09-01",
      "EncodedRequestUri": "L3N1YnNjcmlwdGlvbnMvNTJiYWU5NmEtMzgwNi00MjZjLWE1ZGMtMWFlNjAxNmI1ZjE1L29wZXJhdGlvbnJlc3VsdHMvZXlKcWIySkpaQ0k2SWxKRlUwOVZVa05GUjFKUFZWQkVSVXhGVkVsUFRrcFBRaTFRVXprNU9UWXRWMFZUVkZWVElpd2lhbTlpVEc5allYUnBiMjRpT2lKM1pYTjBkWE1pZlE/YXBpLXZlcnNpb249MjAxNi0wOS0wMQ==",
      "RequestMethod": "GET",
      "RequestBody": "",
      "RequestHeaders": {
        "User-Agent": [
          "FxVersion/4.700.21.56803",
          "OSName/Windows",
          "OSVersion/Microsoft.Windows.10.0.22000",
          "Microsoft.Azure.Management.Internal.Resources.ResourceManagementClient/1.3.54"
        ]
      },
      "ResponseHeaders": {
        "Cache-Control": [
          "no-cache"
        ],
        "Pragma": [
          "no-cache"
        ],
        "Location": [
          "https://management.azure.com/subscriptions/52bae96a-3806-426c-a5dc-1ae6016b5f15/operationresults/eyJqb2JJZCI6IlJFU09VUkNFR1JPVVBERUxFVElPTkpPQi1QUzk5OTYtV0VTVFVTIiwiam9iTG9jYXRpb24iOiJ3ZXN0dXMifQ?api-version=2016-09-01"
        ],
        "Retry-After": [
          "15"
        ],
        "x-ms-ratelimit-remaining-subscription-reads": [
          "11977"
        ],
        "x-ms-request-id": [
          "2ec77fe9-ab58-4a61-8df9-e513b2069be6"
        ],
        "x-ms-correlation-request-id": [
          "2ec77fe9-ab58-4a61-8df9-e513b2069be6"
        ],
        "x-ms-routing-request-id": [
          "SOUTHINDIA:20220120T091914Z:2ec77fe9-ab58-4a61-8df9-e513b2069be6"
        ],
        "Strict-Transport-Security": [
          "max-age=31536000; includeSubDomains"
        ],
        "X-Content-Type-Options": [
          "nosniff"
        ],
        "Date": [
          "Thu, 20 Jan 2022 09:19:14 GMT"
        ],
        "Expires": [
          "-1"
        ],
        "Content-Length": [
          "0"
        ]
      },
      "ResponseBody": "",
      "StatusCode": 202
    },
    {
      "RequestUri": "/subscriptions/52bae96a-3806-426c-a5dc-1ae6016b5f15/operationresults/eyJqb2JJZCI6IlJFU09VUkNFR1JPVVBERUxFVElPTkpPQi1QUzk5OTYtV0VTVFVTIiwiam9iTG9jYXRpb24iOiJ3ZXN0dXMifQ?api-version=2016-09-01",
      "EncodedRequestUri": "L3N1YnNjcmlwdGlvbnMvNTJiYWU5NmEtMzgwNi00MjZjLWE1ZGMtMWFlNjAxNmI1ZjE1L29wZXJhdGlvbnJlc3VsdHMvZXlKcWIySkpaQ0k2SWxKRlUwOVZVa05GUjFKUFZWQkVSVXhGVkVsUFRrcFBRaTFRVXprNU9UWXRWMFZUVkZWVElpd2lhbTlpVEc5allYUnBiMjRpT2lKM1pYTjBkWE1pZlE/YXBpLXZlcnNpb249MjAxNi0wOS0wMQ==",
      "RequestMethod": "GET",
      "RequestBody": "",
      "RequestHeaders": {
        "User-Agent": [
          "FxVersion/4.700.21.56803",
          "OSName/Windows",
          "OSVersion/Microsoft.Windows.10.0.22000",
          "Microsoft.Azure.Management.Internal.Resources.ResourceManagementClient/1.3.54"
        ]
      },
      "ResponseHeaders": {
        "Cache-Control": [
          "no-cache"
        ],
        "Pragma": [
          "no-cache"
        ],
        "Location": [
          "https://management.azure.com/subscriptions/52bae96a-3806-426c-a5dc-1ae6016b5f15/operationresults/eyJqb2JJZCI6IlJFU09VUkNFR1JPVVBERUxFVElPTkpPQi1QUzk5OTYtV0VTVFVTIiwiam9iTG9jYXRpb24iOiJ3ZXN0dXMifQ?api-version=2016-09-01"
        ],
        "Retry-After": [
          "15"
        ],
        "x-ms-ratelimit-remaining-subscription-reads": [
          "11976"
        ],
        "x-ms-request-id": [
          "05ff4706-b322-4259-b5fb-d4fecb1f69a1"
        ],
        "x-ms-correlation-request-id": [
          "05ff4706-b322-4259-b5fb-d4fecb1f69a1"
        ],
        "x-ms-routing-request-id": [
          "SOUTHINDIA:20220120T091930Z:05ff4706-b322-4259-b5fb-d4fecb1f69a1"
        ],
        "Strict-Transport-Security": [
          "max-age=31536000; includeSubDomains"
        ],
        "X-Content-Type-Options": [
          "nosniff"
        ],
        "Date": [
          "Thu, 20 Jan 2022 09:19:30 GMT"
        ],
        "Expires": [
          "-1"
        ],
        "Content-Length": [
          "0"
        ]
      },
      "ResponseBody": "",
      "StatusCode": 202
    },
    {
      "RequestUri": "/subscriptions/52bae96a-3806-426c-a5dc-1ae6016b5f15/operationresults/eyJqb2JJZCI6IlJFU09VUkNFR1JPVVBERUxFVElPTkpPQi1QUzk5OTYtV0VTVFVTIiwiam9iTG9jYXRpb24iOiJ3ZXN0dXMifQ?api-version=2016-09-01",
      "EncodedRequestUri": "L3N1YnNjcmlwdGlvbnMvNTJiYWU5NmEtMzgwNi00MjZjLWE1ZGMtMWFlNjAxNmI1ZjE1L29wZXJhdGlvbnJlc3VsdHMvZXlKcWIySkpaQ0k2SWxKRlUwOVZVa05GUjFKUFZWQkVSVXhGVkVsUFRrcFBRaTFRVXprNU9UWXRWMFZUVkZWVElpd2lhbTlpVEc5allYUnBiMjRpT2lKM1pYTjBkWE1pZlE/YXBpLXZlcnNpb249MjAxNi0wOS0wMQ==",
      "RequestMethod": "GET",
      "RequestBody": "",
      "RequestHeaders": {
        "User-Agent": [
          "FxVersion/4.700.21.56803",
          "OSName/Windows",
          "OSVersion/Microsoft.Windows.10.0.22000",
          "Microsoft.Azure.Management.Internal.Resources.ResourceManagementClient/1.3.54"
        ]
      },
      "ResponseHeaders": {
        "Cache-Control": [
          "no-cache"
        ],
        "Pragma": [
          "no-cache"
        ],
        "Location": [
          "https://management.azure.com/subscriptions/52bae96a-3806-426c-a5dc-1ae6016b5f15/operationresults/eyJqb2JJZCI6IlJFU09VUkNFR1JPVVBERUxFVElPTkpPQi1QUzk5OTYtV0VTVFVTIiwiam9iTG9jYXRpb24iOiJ3ZXN0dXMifQ?api-version=2016-09-01"
        ],
        "Retry-After": [
          "15"
        ],
        "x-ms-ratelimit-remaining-subscription-reads": [
          "11975"
        ],
        "x-ms-request-id": [
          "3888e827-5b17-4a1b-b7b9-cfec98ba7063"
        ],
        "x-ms-correlation-request-id": [
          "3888e827-5b17-4a1b-b7b9-cfec98ba7063"
        ],
        "x-ms-routing-request-id": [
          "SOUTHINDIA:20220120T091946Z:3888e827-5b17-4a1b-b7b9-cfec98ba7063"
        ],
        "Strict-Transport-Security": [
          "max-age=31536000; includeSubDomains"
        ],
        "X-Content-Type-Options": [
          "nosniff"
        ],
        "Date": [
          "Thu, 20 Jan 2022 09:19:45 GMT"
        ],
        "Expires": [
          "-1"
        ],
        "Content-Length": [
          "0"
        ]
      },
      "ResponseBody": "",
      "StatusCode": 202
    },
    {
      "RequestUri": "/subscriptions/52bae96a-3806-426c-a5dc-1ae6016b5f15/operationresults/eyJqb2JJZCI6IlJFU09VUkNFR1JPVVBERUxFVElPTkpPQi1QUzk5OTYtV0VTVFVTIiwiam9iTG9jYXRpb24iOiJ3ZXN0dXMifQ?api-version=2016-09-01",
      "EncodedRequestUri": "L3N1YnNjcmlwdGlvbnMvNTJiYWU5NmEtMzgwNi00MjZjLWE1ZGMtMWFlNjAxNmI1ZjE1L29wZXJhdGlvbnJlc3VsdHMvZXlKcWIySkpaQ0k2SWxKRlUwOVZVa05GUjFKUFZWQkVSVXhGVkVsUFRrcFBRaTFRVXprNU9UWXRWMFZUVkZWVElpd2lhbTlpVEc5allYUnBiMjRpT2lKM1pYTjBkWE1pZlE/YXBpLXZlcnNpb249MjAxNi0wOS0wMQ==",
      "RequestMethod": "GET",
      "RequestBody": "",
      "RequestHeaders": {
        "User-Agent": [
          "FxVersion/4.700.21.56803",
          "OSName/Windows",
          "OSVersion/Microsoft.Windows.10.0.22000",
          "Microsoft.Azure.Management.Internal.Resources.ResourceManagementClient/1.3.54"
        ]
      },
      "ResponseHeaders": {
        "Cache-Control": [
          "no-cache"
        ],
        "Pragma": [
          "no-cache"
        ],
        "Location": [
          "https://management.azure.com/subscriptions/52bae96a-3806-426c-a5dc-1ae6016b5f15/operationresults/eyJqb2JJZCI6IlJFU09VUkNFR1JPVVBERUxFVElPTkpPQi1QUzk5OTYtV0VTVFVTIiwiam9iTG9jYXRpb24iOiJ3ZXN0dXMifQ?api-version=2016-09-01"
        ],
        "Retry-After": [
          "15"
        ],
        "x-ms-ratelimit-remaining-subscription-reads": [
          "11975"
        ],
        "x-ms-request-id": [
          "6e7bfc51-a9ab-4913-b9d7-dfc6ca8fb338"
        ],
        "x-ms-correlation-request-id": [
          "6e7bfc51-a9ab-4913-b9d7-dfc6ca8fb338"
        ],
        "x-ms-routing-request-id": [
          "SOUTHINDIA:20220120T092002Z:6e7bfc51-a9ab-4913-b9d7-dfc6ca8fb338"
        ],
        "Strict-Transport-Security": [
          "max-age=31536000; includeSubDomains"
        ],
        "X-Content-Type-Options": [
          "nosniff"
        ],
        "Date": [
          "Thu, 20 Jan 2022 09:20:02 GMT"
        ],
        "Expires": [
          "-1"
        ],
        "Content-Length": [
          "0"
        ]
      },
      "ResponseBody": "",
      "StatusCode": 202
    },
    {
      "RequestUri": "/subscriptions/52bae96a-3806-426c-a5dc-1ae6016b5f15/operationresults/eyJqb2JJZCI6IlJFU09VUkNFR1JPVVBERUxFVElPTkpPQi1QUzk5OTYtV0VTVFVTIiwiam9iTG9jYXRpb24iOiJ3ZXN0dXMifQ?api-version=2016-09-01",
      "EncodedRequestUri": "L3N1YnNjcmlwdGlvbnMvNTJiYWU5NmEtMzgwNi00MjZjLWE1ZGMtMWFlNjAxNmI1ZjE1L29wZXJhdGlvbnJlc3VsdHMvZXlKcWIySkpaQ0k2SWxKRlUwOVZVa05GUjFKUFZWQkVSVXhGVkVsUFRrcFBRaTFRVXprNU9UWXRWMFZUVkZWVElpd2lhbTlpVEc5allYUnBiMjRpT2lKM1pYTjBkWE1pZlE/YXBpLXZlcnNpb249MjAxNi0wOS0wMQ==",
      "RequestMethod": "GET",
      "RequestBody": "",
      "RequestHeaders": {
        "User-Agent": [
          "FxVersion/4.700.21.56803",
          "OSName/Windows",
          "OSVersion/Microsoft.Windows.10.0.22000",
          "Microsoft.Azure.Management.Internal.Resources.ResourceManagementClient/1.3.54"
        ]
      },
      "ResponseHeaders": {
        "Cache-Control": [
          "no-cache"
        ],
        "Pragma": [
          "no-cache"
        ],
        "x-ms-ratelimit-remaining-subscription-reads": [
          "11973"
        ],
        "x-ms-request-id": [
          "cdd4f342-38f0-4133-8766-bfa0d032d6e8"
        ],
        "x-ms-correlation-request-id": [
          "cdd4f342-38f0-4133-8766-bfa0d032d6e8"
        ],
        "x-ms-routing-request-id": [
          "SOUTHINDIA:20220120T092019Z:cdd4f342-38f0-4133-8766-bfa0d032d6e8"
        ],
        "Strict-Transport-Security": [
          "max-age=31536000; includeSubDomains"
        ],
        "X-Content-Type-Options": [
          "nosniff"
        ],
        "Date": [
          "Thu, 20 Jan 2022 09:20:19 GMT"
        ],
        "Expires": [
          "-1"
        ],
        "Content-Length": [
          "0"
        ]
      },
      "ResponseBody": "",
      "StatusCode": 200
    },
    {
      "RequestUri": "/subscriptions/52bae96a-3806-426c-a5dc-1ae6016b5f15/operationresults/eyJqb2JJZCI6IlJFU09VUkNFR1JPVVBERUxFVElPTkpPQi1QUzk5OTYtV0VTVFVTIiwiam9iTG9jYXRpb24iOiJ3ZXN0dXMifQ?api-version=2016-09-01",
      "EncodedRequestUri": "L3N1YnNjcmlwdGlvbnMvNTJiYWU5NmEtMzgwNi00MjZjLWE1ZGMtMWFlNjAxNmI1ZjE1L29wZXJhdGlvbnJlc3VsdHMvZXlKcWIySkpaQ0k2SWxKRlUwOVZVa05GUjFKUFZWQkVSVXhGVkVsUFRrcFBRaTFRVXprNU9UWXRWMFZUVkZWVElpd2lhbTlpVEc5allYUnBiMjRpT2lKM1pYTjBkWE1pZlE/YXBpLXZlcnNpb249MjAxNi0wOS0wMQ==",
      "RequestMethod": "GET",
      "RequestBody": "",
      "RequestHeaders": {
        "User-Agent": [
          "FxVersion/4.700.21.56803",
          "OSName/Windows",
          "OSVersion/Microsoft.Windows.10.0.22000",
          "Microsoft.Azure.Management.Internal.Resources.ResourceManagementClient/1.3.54"
        ]
      },
      "ResponseHeaders": {
        "Cache-Control": [
          "no-cache"
        ],
        "Pragma": [
          "no-cache"
        ],
        "x-ms-ratelimit-remaining-subscription-reads": [
          "11972"
        ],
        "x-ms-request-id": [
          "e6360eec-d7a9-467a-a4c4-444a4e688d72"
        ],
        "x-ms-correlation-request-id": [
          "e6360eec-d7a9-467a-a4c4-444a4e688d72"
        ],
        "x-ms-routing-request-id": [
          "SOUTHINDIA:20220120T092020Z:e6360eec-d7a9-467a-a4c4-444a4e688d72"
        ],
        "Strict-Transport-Security": [
          "max-age=31536000; includeSubDomains"
        ],
        "X-Content-Type-Options": [
          "nosniff"
        ],
        "Date": [
          "Thu, 20 Jan 2022 09:20:20 GMT"
        ],
        "Expires": [
          "-1"
        ],
        "Content-Length": [
          "0"
        ]
      },
      "ResponseBody": "",
      "StatusCode": 200
    }
  ],
  "Names": {
    "Test-EndpointTypeCaseInsensitive": [
      "ps2655",
      "ps9701",
      "ps9996",
      "ps1926"
    ]
  },
  "Variables": {
    "SubscriptionId": "52bae96a-3806-426c-a5dc-1ae6016b5f15"
  }
}