{
  "Entries": [
    {
      "RequestUri": "/subscriptions/6bb9d374-1f0d-437e-8bbe-4bc892850065/resourcegroups/ps5764?api-version=2016-09-01",
      "EncodedRequestUri": "L3N1YnNjcmlwdGlvbnMvNmJiOWQzNzQtMWYwZC00MzdlLThiYmUtNGJjODkyODUwMDY1L3Jlc291cmNlZ3JvdXBzL3BzNTc2ND9hcGktdmVyc2lvbj0yMDE2LTA5LTAx",
      "RequestMethod": "PUT",
      "RequestHeaders": {
        "x-ms-client-request-id": [
          "bcfc3562-4dc7-4487-a58b-2f0019adf328"
        ],
        "Accept-Language": [
          "en-US"
        ],
        "User-Agent": [
          "FxVersion/4.700.22.51102",
          "OSName/Windows",
          "OSVersion/Microsoft.Windows.10.0.19045",
          "Microsoft.Azure.Management.Internal.Resources.ResourceManagementClient/1.3.67"
        ],
        "Content-Type": [
          "application/json; charset=utf-8"
        ],
        "Content-Length": [
          "29"
        ]
      },
      "RequestBody": "{\r\n  \"location\": \"West US\"\r\n}",
      "ResponseHeaders": {
        "Cache-Control": [
          "no-cache"
        ],
        "Pragma": [
          "no-cache"
        ],
        "x-ms-ratelimit-remaining-subscription-writes": [
          "1199"
        ],
        "x-ms-request-id": [
          "7790b1dd-19c2-417e-8488-84d5f4bbe85b"
        ],
        "x-ms-correlation-request-id": [
          "7790b1dd-19c2-417e-8488-84d5f4bbe85b"
        ],
        "x-ms-routing-request-id": [
          "CENTRALINDIA:20221212T085149Z:7790b1dd-19c2-417e-8488-84d5f4bbe85b"
        ],
        "Strict-Transport-Security": [
          "max-age=31536000; includeSubDomains"
        ],
        "X-Content-Type-Options": [
          "nosniff"
        ],
        "Date": [
          "Mon, 12 Dec 2022 08:51:49 GMT"
        ],
        "Content-Length": [
          "165"
        ],
        "Content-Type": [
          "application/json; charset=utf-8"
        ],
        "Expires": [
          "-1"
        ]
      },
      "ResponseBody": "{\r\n  \"id\": \"/subscriptions/6bb9d374-1f0d-437e-8bbe-4bc892850065/resourceGroups/ps5764\",\r\n  \"name\": \"ps5764\",\r\n  \"location\": \"westus\",\r\n  \"properties\": {\r\n    \"provisioningState\": \"Succeeded\"\r\n  }\r\n}",
      "StatusCode": 201
    },
    {
      "RequestUri": "/subscriptions/6bb9d374-1f0d-437e-8bbe-4bc892850065/resourceGroups/ps5764/providers/Microsoft.Network/trafficmanagerprofiles/ps6282?api-version=2022-04-01-preview",
      "EncodedRequestUri": "L3N1YnNjcmlwdGlvbnMvNmJiOWQzNzQtMWYwZC00MzdlLThiYmUtNGJjODkyODUwMDY1L3Jlc291cmNlR3JvdXBzL3BzNTc2NC9wcm92aWRlcnMvTWljcm9zb2Z0Lk5ldHdvcmsvdHJhZmZpY21hbmFnZXJwcm9maWxlcy9wczYyODI/YXBpLXZlcnNpb249MjAyMi0wNC0wMS1wcmV2aWV3",
      "RequestMethod": "GET",
      "RequestHeaders": {
        "x-ms-client-request-id": [
          "d2a27f8e-1d3c-4b54-be35-373d7bb9e57f"
        ],
        "Accept-Language": [
          "en-US"
        ],
        "User-Agent": [
          "FxVersion/4.700.22.51102",
          "OSName/Windows",
          "OSVersion/Microsoft.Windows.10.0.19045",
          "Microsoft.Azure.Management.TrafficManager.TrafficManagerManagementClient/1.1.0"
        ]
      },
      "RequestBody": "",
      "ResponseHeaders": {
        "Cache-Control": [
          "no-cache"
        ],
        "Pragma": [
          "no-cache"
        ],
        "x-ms-failure-cause": [
          "gateway"
        ],
        "x-ms-request-id": [
          "0d1c4c1a-cc1a-406b-8053-ca005665e4f6"
        ],
        "x-ms-correlation-request-id": [
          "0d1c4c1a-cc1a-406b-8053-ca005665e4f6"
        ],
        "x-ms-routing-request-id": [
          "CENTRALINDIA:20221212T085150Z:0d1c4c1a-cc1a-406b-8053-ca005665e4f6"
        ],
        "Strict-Transport-Security": [
          "max-age=31536000; includeSubDomains"
        ],
        "X-Content-Type-Options": [
          "nosniff"
        ],
        "Date": [
          "Mon, 12 Dec 2022 08:51:50 GMT"
        ],
        "Content-Type": [
          "application/json; charset=utf-8"
        ],
        "Expires": [
          "-1"
        ],
        "Content-Length": [
          "225"
        ]
      },
      "ResponseBody": "{\r\n  \"error\": {\r\n    \"code\": \"ResourceNotFound\",\r\n    \"message\": \"The Resource 'Microsoft.Network/trafficmanagerprofiles/ps6282' under resource group 'ps5764' was not found. For more details please go to https://aka.ms/ARMResourceNotFoundFix\"\r\n  }\r\n}",
      "StatusCode": 404
    },
    {
      "RequestUri": "/subscriptions/6bb9d374-1f0d-437e-8bbe-4bc892850065/resourceGroups/ps5764/providers/Microsoft.Network/trafficmanagerprofiles/ps6282?api-version=2022-04-01-preview",
      "EncodedRequestUri": "L3N1YnNjcmlwdGlvbnMvNmJiOWQzNzQtMWYwZC00MzdlLThiYmUtNGJjODkyODUwMDY1L3Jlc291cmNlR3JvdXBzL3BzNTc2NC9wcm92aWRlcnMvTWljcm9zb2Z0Lk5ldHdvcmsvdHJhZmZpY21hbmFnZXJwcm9maWxlcy9wczYyODI/YXBpLXZlcnNpb249MjAyMi0wNC0wMS1wcmV2aWV3",
      "RequestMethod": "PUT",
      "RequestHeaders": {
        "x-ms-client-request-id": [
          "d2a27f8e-1d3c-4b54-be35-373d7bb9e57f"
        ],
        "Accept-Language": [
          "en-US"
        ],
        "User-Agent": [
          "FxVersion/4.700.22.51102",
          "OSName/Windows",
          "OSVersion/Microsoft.Windows.10.0.19045",
          "Microsoft.Azure.Management.TrafficManager.TrafficManagerManagementClient/1.1.0"
        ],
        "Content-Type": [
          "application/json; charset=utf-8"
        ],
        "Content-Length": [
          "334"
        ]
      },
      "RequestBody": "{\r\n  \"properties\": {\r\n    \"profileStatus\": \"Enabled\",\r\n    \"trafficRoutingMethod\": \"Weighted\",\r\n    \"dnsConfig\": {\r\n      \"relativeName\": \"ps9368\",\r\n      \"ttl\": 50\r\n    },\r\n    \"monitorConfig\": {\r\n      \"protocol\": \"HTTP\",\r\n      \"port\": 80,\r\n      \"path\": \"/testpath.asp\"\r\n    }\r\n  },\r\n  \"location\": \"global\",\r\n  \"name\": \"ps6282\"\r\n}",
      "ResponseHeaders": {
        "Cache-Control": [
          "private"
        ],
        "X-Content-Type-Options": [
          "nosniff"
        ],
        "Strict-Transport-Security": [
          "max-age=31536000; includeSubDomains"
        ],
        "x-ms-request-id": [
          "d2a27f8e-1d3c-4b54-be35-373d7bb9e57f"
        ],
        "Server": [
          "Microsoft-IIS/10.0"
        ],
        "X-AspNet-Version": [
          "4.0.30319"
        ],
        "X-Powered-By": [
          "ASP.NET"
        ],
        "x-ms-ratelimit-remaining-subscription-resource-requests": [
          "4499"
        ],
        "x-ms-correlation-request-id": [
          "107b6124-f4d0-47af-ae3f-002cfc042a38"
        ],
        "x-ms-routing-request-id": [
          "CENTRALINDIA:20221212T085158Z:107b6124-f4d0-47af-ae3f-002cfc042a38"
        ],
        "Date": [
          "Mon, 12 Dec 2022 08:51:58 GMT"
        ],
        "Content-Length": [
          "644"
        ],
        "Content-Type": [
          "application/json; charset=utf-8"
        ]
      },
      "ResponseBody": "{\r\n  \"id\": \"/subscriptions/6bb9d374-1f0d-437e-8bbe-4bc892850065/resourceGroups/ps5764/providers/Microsoft.Network/trafficManagerProfiles/ps6282\",\r\n  \"name\": \"ps6282\",\r\n  \"type\": \"Microsoft.Network/trafficManagerProfiles\",\r\n  \"location\": \"global\",\r\n  \"properties\": {\r\n    \"profileStatus\": \"Enabled\",\r\n    \"trafficRoutingMethod\": \"Weighted\",\r\n    \"dnsConfig\": {\r\n      \"relativeName\": \"ps9368\",\r\n      \"fqdn\": \"ps9368.trafficmanager.net\",\r\n      \"ttl\": 50\r\n    },\r\n    \"monitorConfig\": {\r\n      \"profileMonitorStatus\": \"Inactive\",\r\n      \"protocol\": \"HTTP\",\r\n      \"port\": 80,\r\n      \"path\": \"/testpath.asp\",\r\n      \"intervalInSeconds\": 30,\r\n      \"toleratedNumberOfFailures\": 3,\r\n      \"timeoutInSeconds\": 10\r\n    },\r\n    \"endpoints\": [],\r\n    \"trafficViewEnrollmentStatus\": \"Disabled\",\r\n    \"maxReturn\": null\r\n  }\r\n}",
      "StatusCode": 201
    },
    {
      "RequestUri": "/subscriptions/6bb9d374-1f0d-437e-8bbe-4bc892850065/resourceGroups/ps5764/providers/Microsoft.Network/trafficmanagerprofiles/ps6282/ExternalEndpoints/ps2181?api-version=2022-04-01-preview",
      "EncodedRequestUri": "L3N1YnNjcmlwdGlvbnMvNmJiOWQzNzQtMWYwZC00MzdlLThiYmUtNGJjODkyODUwMDY1L3Jlc291cmNlR3JvdXBzL3BzNTc2NC9wcm92aWRlcnMvTWljcm9zb2Z0Lk5ldHdvcmsvdHJhZmZpY21hbmFnZXJwcm9maWxlcy9wczYyODIvRXh0ZXJuYWxFbmRwb2ludHMvcHMyMTgxP2FwaS12ZXJzaW9uPTIwMjItMDQtMDEtcHJldmlldw==",
      "RequestMethod": "GET",
      "RequestHeaders": {
        "x-ms-client-request-id": [
          "b6eb24d4-2144-462f-8201-4215f5980d69"
        ],
        "Accept-Language": [
          "en-US"
        ],
        "User-Agent": [
          "FxVersion/4.700.22.51102",
          "OSName/Windows",
          "OSVersion/Microsoft.Windows.10.0.19045",
          "Microsoft.Azure.Management.TrafficManager.TrafficManagerManagementClient/1.1.0"
        ]
      },
      "RequestBody": "",
      "ResponseHeaders": {
        "Cache-Control": [
          "private"
        ],
        "X-Content-Type-Options": [
          "nosniff"
        ],
        "Strict-Transport-Security": [
          "max-age=31536000; includeSubDomains"
        ],
        "x-ms-request-id": [
          "b6eb24d4-2144-462f-8201-4215f5980d69"
        ],
        "Server": [
          "Microsoft-IIS/10.0"
        ],
        "X-AspNet-Version": [
          "4.0.30319"
        ],
        "X-Powered-By": [
          "ASP.NET"
        ],
        "x-ms-ratelimit-remaining-subscription-resource-requests": [
          "249"
        ],
        "x-ms-correlation-request-id": [
          "a6525378-7aba-4eff-bd70-d340c30c4fed"
        ],
        "x-ms-routing-request-id": [
          "CENTRALINDIA:20221212T085201Z:a6525378-7aba-4eff-bd70-d340c30c4fed"
        ],
        "Date": [
          "Mon, 12 Dec 2022 08:52:00 GMT"
        ],
        "Content-Length": [
          "121"
        ],
        "Content-Type": [
          "application/json; charset=utf-8"
        ]
      },
      "ResponseBody": "{\r\n  \"code\": \"NotFound\",\r\n  \"message\": \"The endpoint 'ps2181' of type 'externalendpoints' does not exist in the profile 'ps6282'.\"\r\n}",
      "StatusCode": 404
    },
    {
      "RequestUri": "/subscriptions/6bb9d374-1f0d-437e-8bbe-4bc892850065/resourceGroups/ps5764/providers/Microsoft.Network/trafficmanagerprofiles/ps6282/ExternalEndpoints/ps2181?api-version=2022-04-01-preview",
      "EncodedRequestUri": "L3N1YnNjcmlwdGlvbnMvNmJiOWQzNzQtMWYwZC00MzdlLThiYmUtNGJjODkyODUwMDY1L3Jlc291cmNlR3JvdXBzL3BzNTc2NC9wcm92aWRlcnMvTWljcm9zb2Z0Lk5ldHdvcmsvdHJhZmZpY21hbmFnZXJwcm9maWxlcy9wczYyODIvRXh0ZXJuYWxFbmRwb2ludHMvcHMyMTgxP2FwaS12ZXJzaW9uPTIwMjItMDQtMDEtcHJldmlldw==",
      "RequestMethod": "GET",
      "RequestHeaders": {
        "x-ms-client-request-id": [
          "04d17cc4-8324-4575-b735-63f9c2bd0ec1"
        ],
        "Accept-Language": [
          "en-US"
        ],
        "User-Agent": [
          "FxVersion/4.700.22.51102",
          "OSName/Windows",
          "OSVersion/Microsoft.Windows.10.0.19045",
          "Microsoft.Azure.Management.TrafficManager.TrafficManagerManagementClient/1.1.0"
        ]
      },
      "RequestBody": "",
      "ResponseHeaders": {
        "Cache-Control": [
          "private"
        ],
        "X-Content-Type-Options": [
          "nosniff"
        ],
        "Strict-Transport-Security": [
          "max-age=31536000; includeSubDomains"
        ],
        "x-ms-request-id": [
          "04d17cc4-8324-4575-b735-63f9c2bd0ec1"
        ],
        "Server": [
          "Microsoft-IIS/10.0"
        ],
        "X-AspNet-Version": [
          "4.0.30319"
        ],
        "X-Powered-By": [
          "ASP.NET"
        ],
        "x-ms-ratelimit-remaining-subscription-resource-requests": [
          "248"
        ],
        "x-ms-correlation-request-id": [
          "d9b85c0d-a610-4408-a456-24c4453397aa"
        ],
        "x-ms-routing-request-id": [
          "CENTRALINDIA:20221212T085204Z:d9b85c0d-a610-4408-a456-24c4453397aa"
        ],
        "Date": [
          "Mon, 12 Dec 2022 08:52:03 GMT"
        ],
        "Content-Length": [
          "563"
        ],
        "Content-Type": [
          "application/json; charset=utf-8"
        ]
      },
      "ResponseBody": "{\r\n  \"id\": \"/subscriptions/6bb9d374-1f0d-437e-8bbe-4bc892850065/resourceGroups/ps5764/providers/Microsoft.Network/trafficManagerProfiles/ps6282/externalEndpoints/ps2181\",\r\n  \"name\": \"ps2181\",\r\n  \"type\": \"Microsoft.Network/trafficManagerProfiles/externalEndpoints\",\r\n  \"properties\": {\r\n    \"endpointStatus\": \"Enabled\",\r\n    \"endpointMonitorStatus\": \"CheckingEndpoint\",\r\n    \"targetResourceId\": null,\r\n    \"target\": \"www.contoso.com\",\r\n    \"weight\": 1,\r\n    \"priority\": 1,\r\n    \"endpointLocation\": \"North Europe\",\r\n    \"minChildEndpoints\": null,\r\n    \"minChildEndpointsIPv4\": null,\r\n    \"minChildEndpointsIPv6\": null,\r\n    \"alwaysServe\": \"Disabled\"\r\n  }\r\n}",
      "StatusCode": 200
    },
    {
      "RequestUri": "/subscriptions/6bb9d374-1f0d-437e-8bbe-4bc892850065/resourceGroups/ps5764/providers/Microsoft.Network/trafficmanagerprofiles/ps6282/ExternalEndpoints/ps2181?api-version=2022-04-01-preview",
      "EncodedRequestUri": "L3N1YnNjcmlwdGlvbnMvNmJiOWQzNzQtMWYwZC00MzdlLThiYmUtNGJjODkyODUwMDY1L3Jlc291cmNlR3JvdXBzL3BzNTc2NC9wcm92aWRlcnMvTWljcm9zb2Z0Lk5ldHdvcmsvdHJhZmZpY21hbmFnZXJwcm9maWxlcy9wczYyODIvRXh0ZXJuYWxFbmRwb2ludHMvcHMyMTgxP2FwaS12ZXJzaW9uPTIwMjItMDQtMDEtcHJldmlldw==",
      "RequestMethod": "GET",
      "RequestHeaders": {
        "x-ms-client-request-id": [
          "4f27378f-29a3-44bb-8142-be6f7186a857"
        ],
        "Accept-Language": [
          "en-US"
        ],
        "User-Agent": [
          "FxVersion/4.700.22.51102",
          "OSName/Windows",
          "OSVersion/Microsoft.Windows.10.0.19045",
          "Microsoft.Azure.Management.TrafficManager.TrafficManagerManagementClient/1.1.0"
        ]
      },
      "RequestBody": "",
      "ResponseHeaders": {
        "Cache-Control": [
          "private"
        ],
        "X-Content-Type-Options": [
          "nosniff"
        ],
        "Strict-Transport-Security": [
          "max-age=31536000; includeSubDomains"
        ],
        "x-ms-request-id": [
          "4f27378f-29a3-44bb-8142-be6f7186a857"
        ],
        "Server": [
          "Microsoft-IIS/10.0"
        ],
        "X-AspNet-Version": [
          "4.0.30319"
        ],
        "X-Powered-By": [
          "ASP.NET"
        ],
        "x-ms-ratelimit-remaining-subscription-resource-requests": [
          "249"
        ],
        "x-ms-correlation-request-id": [
          "e5556191-8370-4b99-a0d5-e774ade850a6"
        ],
        "x-ms-routing-request-id": [
          "JIOINDIACENTRAL:20221212T085211Z:e5556191-8370-4b99-a0d5-e774ade850a6"
        ],
        "Date": [
          "Mon, 12 Dec 2022 08:52:10 GMT"
        ],
        "Content-Length": [
          "556"
        ],
        "Content-Type": [
          "application/json; charset=utf-8"
        ]
      },
      "ResponseBody": "{\r\n  \"id\": \"/subscriptions/6bb9d374-1f0d-437e-8bbe-4bc892850065/resourceGroups/ps5764/providers/Microsoft.Network/trafficManagerProfiles/ps6282/externalEndpoints/ps2181\",\r\n  \"name\": \"ps2181\",\r\n  \"type\": \"Microsoft.Network/trafficManagerProfiles/externalEndpoints\",\r\n  \"properties\": {\r\n    \"endpointStatus\": \"Disabled\",\r\n    \"endpointMonitorStatus\": \"Disabled\",\r\n    \"targetResourceId\": null,\r\n    \"target\": \"www.contoso.com\",\r\n    \"weight\": 1,\r\n    \"priority\": 1,\r\n    \"endpointLocation\": \"North Europe\",\r\n    \"minChildEndpoints\": null,\r\n    \"minChildEndpointsIPv4\": null,\r\n    \"minChildEndpointsIPv6\": null,\r\n    \"alwaysServe\": \"Disabled\"\r\n  }\r\n}",
      "StatusCode": 200
    },
    {
      "RequestUri": "/subscriptions/6bb9d374-1f0d-437e-8bbe-4bc892850065/resourceGroups/ps5764/providers/Microsoft.Network/trafficmanagerprofiles/ps6282/ExternalEndpoints/ps2181?api-version=2022-04-01-preview",
      "EncodedRequestUri": "L3N1YnNjcmlwdGlvbnMvNmJiOWQzNzQtMWYwZC00MzdlLThiYmUtNGJjODkyODUwMDY1L3Jlc291cmNlR3JvdXBzL3BzNTc2NC9wcm92aWRlcnMvTWljcm9zb2Z0Lk5ldHdvcmsvdHJhZmZpY21hbmFnZXJwcm9maWxlcy9wczYyODIvRXh0ZXJuYWxFbmRwb2ludHMvcHMyMTgxP2FwaS12ZXJzaW9uPTIwMjItMDQtMDEtcHJldmlldw==",
      "RequestMethod": "PUT",
      "RequestHeaders": {
        "x-ms-client-request-id": [
          "b6eb24d4-2144-462f-8201-4215f5980d69"
        ],
        "Accept-Language": [
          "en-US"
        ],
        "User-Agent": [
          "FxVersion/4.700.22.51102",
          "OSName/Windows",
          "OSVersion/Microsoft.Windows.10.0.19045",
          "Microsoft.Azure.Management.TrafficManager.TrafficManagerManagementClient/1.1.0"
        ],
        "Content-Type": [
          "application/json; charset=utf-8"
        ],
        "Content-Length": [
          "230"
        ]
      },
      "RequestBody": "{\r\n  \"properties\": {\r\n    \"target\": \"www.contoso.com\",\r\n    \"endpointStatus\": \"Enabled\",\r\n    \"endpointLocation\": \"North Europe\"\r\n  },\r\n  \"name\": \"ps2181\",\r\n  \"type\": \"Microsoft.Network/trafficManagerProfiles/ExternalEndpoints\"\r\n}",
      "ResponseHeaders": {
        "Cache-Control": [
          "private"
        ],
        "X-Content-Type-Options": [
          "nosniff"
        ],
        "Strict-Transport-Security": [
          "max-age=31536000; includeSubDomains"
        ],
        "x-ms-request-id": [
          "b6eb24d4-2144-462f-8201-4215f5980d69"
        ],
        "Server": [
          "Microsoft-IIS/10.0"
        ],
        "X-AspNet-Version": [
          "4.0.30319"
        ],
        "X-Powered-By": [
          "ASP.NET"
        ],
        "x-ms-ratelimit-remaining-subscription-resource-requests": [
          "249"
        ],
        "x-ms-correlation-request-id": [
          "6e092520-6ca0-4ed8-bcd8-cae22121b752"
        ],
        "x-ms-routing-request-id": [
          "CENTRALINDIA:20221212T085202Z:6e092520-6ca0-4ed8-bcd8-cae22121b752"
        ],
        "Date": [
          "Mon, 12 Dec 2022 08:52:01 GMT"
        ],
        "Content-Length": [
          "563"
        ],
        "Content-Type": [
          "application/json; charset=utf-8"
        ]
      },
      "ResponseBody": "{\r\n  \"id\": \"/subscriptions/6bb9d374-1f0d-437e-8bbe-4bc892850065/resourceGroups/ps5764/providers/Microsoft.Network/trafficManagerProfiles/ps6282/externalEndpoints/ps2181\",\r\n  \"name\": \"ps2181\",\r\n  \"type\": \"Microsoft.Network/trafficManagerProfiles/externalEndpoints\",\r\n  \"properties\": {\r\n    \"endpointStatus\": \"Enabled\",\r\n    \"endpointMonitorStatus\": \"CheckingEndpoint\",\r\n    \"targetResourceId\": null,\r\n    \"target\": \"www.contoso.com\",\r\n    \"weight\": 1,\r\n    \"priority\": 1,\r\n    \"endpointLocation\": \"North Europe\",\r\n    \"minChildEndpoints\": null,\r\n    \"minChildEndpointsIPv4\": null,\r\n    \"minChildEndpointsIPv6\": null,\r\n    \"alwaysServe\": \"Disabled\"\r\n  }\r\n}",
      "StatusCode": 201
    },
    {
      "RequestUri": "/subscriptions/6bb9d374-1f0d-437e-8bbe-4bc892850065/resourceGroups/ps5764/providers/Microsoft.Network/trafficmanagerprofiles/ps6282/ExternalEndpoints/ps2181?api-version=2022-04-01-preview",
      "EncodedRequestUri": "L3N1YnNjcmlwdGlvbnMvNmJiOWQzNzQtMWYwZC00MzdlLThiYmUtNGJjODkyODUwMDY1L3Jlc291cmNlR3JvdXBzL3BzNTc2NC9wcm92aWRlcnMvTWljcm9zb2Z0Lk5ldHdvcmsvdHJhZmZpY21hbmFnZXJwcm9maWxlcy9wczYyODIvRXh0ZXJuYWxFbmRwb2ludHMvcHMyMTgxP2FwaS12ZXJzaW9uPTIwMjItMDQtMDEtcHJldmlldw==",
      "RequestMethod": "PATCH",
      "RequestHeaders": {
        "x-ms-client-request-id": [
          "587d3f51-76cf-4888-9e0d-225c2c84bd76"
        ],
        "Accept-Language": [
          "en-US"
        ],
        "User-Agent": [
          "FxVersion/4.700.22.51102",
          "OSName/Windows",
          "OSVersion/Microsoft.Windows.10.0.19045",
          "Microsoft.Azure.Management.TrafficManager.TrafficManagerManagementClient/1.1.0"
        ],
        "Content-Type": [
          "application/json; charset=utf-8"
        ],
        "Content-Length": [
          "156"
        ]
      },
      "RequestBody": "{\r\n  \"properties\": {\r\n    \"endpointStatus\": \"Disabled\"\r\n  },\r\n  \"name\": \"ps2181\",\r\n  \"type\": \"Microsoft.Network/trafficManagerProfiles/ExternalEndpoints\"\r\n}",
      "ResponseHeaders": {
        "Cache-Control": [
          "private"
        ],
        "X-Content-Type-Options": [
          "nosniff"
        ],
        "Strict-Transport-Security": [
          "max-age=31536000; includeSubDomains"
        ],
        "x-ms-request-id": [
          "587d3f51-76cf-4888-9e0d-225c2c84bd76"
        ],
        "Server": [
          "Microsoft-IIS/10.0"
        ],
        "X-AspNet-Version": [
          "4.0.30319"
        ],
        "X-Powered-By": [
          "ASP.NET"
        ],
        "x-ms-ratelimit-remaining-subscription-resource-requests": [
          "249"
        ],
        "x-ms-correlation-request-id": [
          "550afe8a-1285-48df-adad-5c29fa7bba6a"
        ],
        "x-ms-routing-request-id": [
          "CENTRALINDIA:20221212T085209Z:550afe8a-1285-48df-adad-5c29fa7bba6a"
        ],
        "Date": [
          "Mon, 12 Dec 2022 08:52:09 GMT"
        ],
        "Content-Length": [
          "556"
        ],
        "Content-Type": [
          "application/json; charset=utf-8"
        ]
      },
      "ResponseBody": "{\r\n  \"id\": \"/subscriptions/6bb9d374-1f0d-437e-8bbe-4bc892850065/resourceGroups/ps5764/providers/Microsoft.Network/trafficManagerProfiles/ps6282/externalEndpoints/ps2181\",\r\n  \"name\": \"ps2181\",\r\n  \"type\": \"Microsoft.Network/trafficManagerProfiles/externalEndpoints\",\r\n  \"properties\": {\r\n    \"endpointStatus\": \"Disabled\",\r\n    \"endpointMonitorStatus\": \"Disabled\",\r\n    \"targetResourceId\": null,\r\n    \"target\": \"www.contoso.com\",\r\n    \"weight\": 1,\r\n    \"priority\": 1,\r\n    \"endpointLocation\": \"North Europe\",\r\n    \"minChildEndpoints\": null,\r\n    \"minChildEndpointsIPv4\": null,\r\n    \"minChildEndpointsIPv6\": null,\r\n    \"alwaysServe\": \"Disabled\"\r\n  }\r\n}",
      "StatusCode": 200
    },
    {
      "RequestUri": "/subscriptions/6bb9d374-1f0d-437e-8bbe-4bc892850065/resourcegroups/ps5764?api-version=2016-09-01",
      "EncodedRequestUri": "L3N1YnNjcmlwdGlvbnMvNmJiOWQzNzQtMWYwZC00MzdlLThiYmUtNGJjODkyODUwMDY1L3Jlc291cmNlZ3JvdXBzL3BzNTc2ND9hcGktdmVyc2lvbj0yMDE2LTA5LTAx",
      "RequestMethod": "DELETE",
      "RequestHeaders": {
        "x-ms-client-request-id": [
          "177cc8fb-c27f-4309-adb9-07071390ae71"
        ],
        "Accept-Language": [
          "en-US"
        ],
        "User-Agent": [
          "FxVersion/4.700.22.51102",
          "OSName/Windows",
          "OSVersion/Microsoft.Windows.10.0.19045",
          "Microsoft.Azure.Management.Internal.Resources.ResourceManagementClient/1.3.67"
        ]
      },
      "RequestBody": "",
      "ResponseHeaders": {
        "Cache-Control": [
          "no-cache"
        ],
        "Pragma": [
          "no-cache"
        ],
        "Location": [
          "https://management.azure.com/subscriptions/6bb9d374-1f0d-437e-8bbe-4bc892850065/operationresults/eyJqb2JJZCI6IlJFU09VUkNFR1JPVVBERUxFVElPTkpPQi1QUzU3NjQtV0VTVFVTIiwiam9iTG9jYXRpb24iOiJ3ZXN0dXMifQ?api-version=2016-09-01"
        ],
        "Retry-After": [
          "15"
        ],
        "x-ms-ratelimit-remaining-subscription-deletes": [
          "14992"
        ],
        "x-ms-request-id": [
          "630f74f4-e7af-44ec-8000-dbe92a1e44cf"
        ],
        "x-ms-correlation-request-id": [
          "630f74f4-e7af-44ec-8000-dbe92a1e44cf"
        ],
        "x-ms-routing-request-id": [
          "JIOINDIACENTRAL:20221212T085215Z:630f74f4-e7af-44ec-8000-dbe92a1e44cf"
        ],
        "Strict-Transport-Security": [
          "max-age=31536000; includeSubDomains"
        ],
        "X-Content-Type-Options": [
          "nosniff"
        ],
        "Date": [
          "Mon, 12 Dec 2022 08:52:14 GMT"
        ],
        "Expires": [
          "-1"
        ],
        "Content-Length": [
          "0"
        ]
      },
      "ResponseBody": "",
      "StatusCode": 202
    },
    {
      "RequestUri": "/subscriptions/6bb9d374-1f0d-437e-8bbe-4bc892850065/operationresults/eyJqb2JJZCI6IlJFU09VUkNFR1JPVVBERUxFVElPTkpPQi1QUzU3NjQtV0VTVFVTIiwiam9iTG9jYXRpb24iOiJ3ZXN0dXMifQ?api-version=2016-09-01",
      "EncodedRequestUri": "L3N1YnNjcmlwdGlvbnMvNmJiOWQzNzQtMWYwZC00MzdlLThiYmUtNGJjODkyODUwMDY1L29wZXJhdGlvbnJlc3VsdHMvZXlKcWIySkpaQ0k2SWxKRlUwOVZVa05GUjFKUFZWQkVSVXhGVkVsUFRrcFBRaTFRVXpVM05qUXRWMFZUVkZWVElpd2lhbTlpVEc5allYUnBiMjRpT2lKM1pYTjBkWE1pZlE/YXBpLXZlcnNpb249MjAxNi0wOS0wMQ==",
      "RequestMethod": "GET",
      "RequestHeaders": {
        "User-Agent": [
          "FxVersion/4.700.22.51102",
          "OSName/Windows",
          "OSVersion/Microsoft.Windows.10.0.19045",
          "Microsoft.Azure.Management.Internal.Resources.ResourceManagementClient/1.3.67"
        ]
      },
      "RequestBody": "",
      "ResponseHeaders": {
        "Cache-Control": [
          "no-cache"
        ],
        "Pragma": [
          "no-cache"
        ],
        "Location": [
          "https://management.azure.com/subscriptions/6bb9d374-1f0d-437e-8bbe-4bc892850065/operationresults/eyJqb2JJZCI6IlJFU09VUkNFR1JPVVBERUxFVElPTkpPQi1QUzU3NjQtV0VTVFVTIiwiam9iTG9jYXRpb24iOiJ3ZXN0dXMifQ?api-version=2016-09-01"
        ],
        "Retry-After": [
          "15"
        ],
        "x-ms-ratelimit-remaining-subscription-reads": [
          "11967"
        ],
        "x-ms-request-id": [
          "d58c2532-33ff-4f8b-bcfe-ac877b4de1fa"
        ],
        "x-ms-correlation-request-id": [
          "d58c2532-33ff-4f8b-bcfe-ac877b4de1fa"
        ],
        "x-ms-routing-request-id": [
          "JIOINDIACENTRAL:20221212T085230Z:d58c2532-33ff-4f8b-bcfe-ac877b4de1fa"
        ],
        "Strict-Transport-Security": [
          "max-age=31536000; includeSubDomains"
        ],
        "X-Content-Type-Options": [
          "nosniff"
        ],
        "Date": [
          "Mon, 12 Dec 2022 08:52:29 GMT"
        ],
        "Expires": [
          "-1"
        ],
        "Content-Length": [
          "0"
        ]
      },
      "ResponseBody": "",
      "StatusCode": 202
    },
    {
      "RequestUri": "/subscriptions/6bb9d374-1f0d-437e-8bbe-4bc892850065/operationresults/eyJqb2JJZCI6IlJFU09VUkNFR1JPVVBERUxFVElPTkpPQi1QUzU3NjQtV0VTVFVTIiwiam9iTG9jYXRpb24iOiJ3ZXN0dXMifQ?api-version=2016-09-01",
      "EncodedRequestUri": "L3N1YnNjcmlwdGlvbnMvNmJiOWQzNzQtMWYwZC00MzdlLThiYmUtNGJjODkyODUwMDY1L29wZXJhdGlvbnJlc3VsdHMvZXlKcWIySkpaQ0k2SWxKRlUwOVZVa05GUjFKUFZWQkVSVXhGVkVsUFRrcFBRaTFRVXpVM05qUXRWMFZUVkZWVElpd2lhbTlpVEc5allYUnBiMjRpT2lKM1pYTjBkWE1pZlE/YXBpLXZlcnNpb249MjAxNi0wOS0wMQ==",
      "RequestMethod": "GET",
      "RequestHeaders": {
        "User-Agent": [
          "FxVersion/4.700.22.51102",
          "OSName/Windows",
          "OSVersion/Microsoft.Windows.10.0.19045",
          "Microsoft.Azure.Management.Internal.Resources.ResourceManagementClient/1.3.67"
        ]
      },
      "RequestBody": "",
      "ResponseHeaders": {
        "Cache-Control": [
          "no-cache"
        ],
        "Pragma": [
          "no-cache"
        ],
        "Location": [
          "https://management.azure.com/subscriptions/6bb9d374-1f0d-437e-8bbe-4bc892850065/operationresults/eyJqb2JJZCI6IlJFU09VUkNFR1JPVVBERUxFVElPTkpPQi1QUzU3NjQtV0VTVFVTIiwiam9iTG9jYXRpb24iOiJ3ZXN0dXMifQ?api-version=2016-09-01"
        ],
        "Retry-After": [
          "15"
        ],
        "x-ms-ratelimit-remaining-subscription-reads": [
          "11966"
        ],
        "x-ms-request-id": [
          "d0449543-84df-4c8f-bd32-b730ba26cfde"
        ],
        "x-ms-correlation-request-id": [
          "d0449543-84df-4c8f-bd32-b730ba26cfde"
        ],
        "x-ms-routing-request-id": [
          "JIOINDIACENTRAL:20221212T085246Z:d0449543-84df-4c8f-bd32-b730ba26cfde"
        ],
        "Strict-Transport-Security": [
          "max-age=31536000; includeSubDomains"
        ],
        "X-Content-Type-Options": [
          "nosniff"
        ],
        "Date": [
          "Mon, 12 Dec 2022 08:52:46 GMT"
        ],
        "Expires": [
          "-1"
        ],
        "Content-Length": [
          "0"
        ]
      },
      "ResponseBody": "",
      "StatusCode": 202
    },
    {
      "RequestUri": "/subscriptions/6bb9d374-1f0d-437e-8bbe-4bc892850065/operationresults/eyJqb2JJZCI6IlJFU09VUkNFR1JPVVBERUxFVElPTkpPQi1QUzU3NjQtV0VTVFVTIiwiam9iTG9jYXRpb24iOiJ3ZXN0dXMifQ?api-version=2016-09-01",
      "EncodedRequestUri": "L3N1YnNjcmlwdGlvbnMvNmJiOWQzNzQtMWYwZC00MzdlLThiYmUtNGJjODkyODUwMDY1L29wZXJhdGlvbnJlc3VsdHMvZXlKcWIySkpaQ0k2SWxKRlUwOVZVa05GUjFKUFZWQkVSVXhGVkVsUFRrcFBRaTFRVXpVM05qUXRWMFZUVkZWVElpd2lhbTlpVEc5allYUnBiMjRpT2lKM1pYTjBkWE1pZlE/YXBpLXZlcnNpb249MjAxNi0wOS0wMQ==",
      "RequestMethod": "GET",
      "RequestHeaders": {
        "User-Agent": [
          "FxVersion/4.700.22.51102",
          "OSName/Windows",
          "OSVersion/Microsoft.Windows.10.0.19045",
          "Microsoft.Azure.Management.Internal.Resources.ResourceManagementClient/1.3.67"
        ]
      },
      "RequestBody": "",
      "ResponseHeaders": {
        "Cache-Control": [
          "no-cache"
        ],
        "Pragma": [
          "no-cache"
        ],
        "Location": [
          "https://management.azure.com/subscriptions/6bb9d374-1f0d-437e-8bbe-4bc892850065/operationresults/eyJqb2JJZCI6IlJFU09VUkNFR1JPVVBERUxFVElPTkpPQi1QUzU3NjQtV0VTVFVTIiwiam9iTG9jYXRpb24iOiJ3ZXN0dXMifQ?api-version=2016-09-01"
        ],
        "Retry-After": [
          "15"
        ],
        "x-ms-ratelimit-remaining-subscription-reads": [
          "11965"
        ],
        "x-ms-request-id": [
          "e3e1f044-ab01-4c06-8eb3-f6136515df04"
        ],
        "x-ms-correlation-request-id": [
          "e3e1f044-ab01-4c06-8eb3-f6136515df04"
        ],
        "x-ms-routing-request-id": [
          "JIOINDIACENTRAL:20221212T085301Z:e3e1f044-ab01-4c06-8eb3-f6136515df04"
        ],
        "Strict-Transport-Security": [
          "max-age=31536000; includeSubDomains"
        ],
        "X-Content-Type-Options": [
          "nosniff"
        ],
        "Date": [
          "Mon, 12 Dec 2022 08:53:01 GMT"
        ],
        "Expires": [
          "-1"
        ],
        "Content-Length": [
          "0"
        ]
      },
      "ResponseBody": "",
      "StatusCode": 202
    },
    {
      "RequestUri": "/subscriptions/6bb9d374-1f0d-437e-8bbe-4bc892850065/operationresults/eyJqb2JJZCI6IlJFU09VUkNFR1JPVVBERUxFVElPTkpPQi1QUzU3NjQtV0VTVFVTIiwiam9iTG9jYXRpb24iOiJ3ZXN0dXMifQ?api-version=2016-09-01",
      "EncodedRequestUri": "L3N1YnNjcmlwdGlvbnMvNmJiOWQzNzQtMWYwZC00MzdlLThiYmUtNGJjODkyODUwMDY1L29wZXJhdGlvbnJlc3VsdHMvZXlKcWIySkpaQ0k2SWxKRlUwOVZVa05GUjFKUFZWQkVSVXhGVkVsUFRrcFBRaTFRVXpVM05qUXRWMFZUVkZWVElpd2lhbTlpVEc5allYUnBiMjRpT2lKM1pYTjBkWE1pZlE/YXBpLXZlcnNpb249MjAxNi0wOS0wMQ==",
      "RequestMethod": "GET",
      "RequestHeaders": {
        "User-Agent": [
          "FxVersion/4.700.22.51102",
          "OSName/Windows",
          "OSVersion/Microsoft.Windows.10.0.19045",
          "Microsoft.Azure.Management.Internal.Resources.ResourceManagementClient/1.3.67"
        ]
      },
      "RequestBody": "",
      "ResponseHeaders": {
        "Cache-Control": [
          "no-cache"
        ],
        "Pragma": [
          "no-cache"
        ],
        "Location": [
          "https://management.azure.com/subscriptions/6bb9d374-1f0d-437e-8bbe-4bc892850065/operationresults/eyJqb2JJZCI6IlJFU09VUkNFR1JPVVBERUxFVElPTkpPQi1QUzU3NjQtV0VTVFVTIiwiam9iTG9jYXRpb24iOiJ3ZXN0dXMifQ?api-version=2016-09-01"
        ],
        "Retry-After": [
          "15"
        ],
        "x-ms-ratelimit-remaining-subscription-reads": [
          "11964"
        ],
        "x-ms-request-id": [
          "2efd692a-858d-42f4-bade-dbf4577c5662"
        ],
        "x-ms-correlation-request-id": [
          "2efd692a-858d-42f4-bade-dbf4577c5662"
        ],
        "x-ms-routing-request-id": [
          "JIOINDIACENTRAL:20221212T085317Z:2efd692a-858d-42f4-bade-dbf4577c5662"
        ],
        "Strict-Transport-Security": [
          "max-age=31536000; includeSubDomains"
        ],
        "X-Content-Type-Options": [
          "nosniff"
        ],
        "Date": [
          "Mon, 12 Dec 2022 08:53:16 GMT"
        ],
        "Expires": [
          "-1"
        ],
        "Content-Length": [
          "0"
        ]
      },
      "ResponseBody": "",
      "StatusCode": 202
    },
    {
      "RequestUri": "/subscriptions/6bb9d374-1f0d-437e-8bbe-4bc892850065/operationresults/eyJqb2JJZCI6IlJFU09VUkNFR1JPVVBERUxFVElPTkpPQi1QUzU3NjQtV0VTVFVTIiwiam9iTG9jYXRpb24iOiJ3ZXN0dXMifQ?api-version=2016-09-01",
      "EncodedRequestUri": "L3N1YnNjcmlwdGlvbnMvNmJiOWQzNzQtMWYwZC00MzdlLThiYmUtNGJjODkyODUwMDY1L29wZXJhdGlvbnJlc3VsdHMvZXlKcWIySkpaQ0k2SWxKRlUwOVZVa05GUjFKUFZWQkVSVXhGVkVsUFRrcFBRaTFRVXpVM05qUXRWMFZUVkZWVElpd2lhbTlpVEc5allYUnBiMjRpT2lKM1pYTjBkWE1pZlE/YXBpLXZlcnNpb249MjAxNi0wOS0wMQ==",
      "RequestMethod": "GET",
      "RequestHeaders": {
        "User-Agent": [
          "FxVersion/4.700.22.51102",
          "OSName/Windows",
          "OSVersion/Microsoft.Windows.10.0.19045",
          "Microsoft.Azure.Management.Internal.Resources.ResourceManagementClient/1.3.67"
        ]
      },
      "RequestBody": "",
      "ResponseHeaders": {
        "Cache-Control": [
          "no-cache"
        ],
        "Pragma": [
          "no-cache"
        ],
        "x-ms-ratelimit-remaining-subscription-reads": [
          "11963"
        ],
        "x-ms-request-id": [
          "98d9ea4a-0505-4a56-854c-3df10264a1a0"
        ],
        "x-ms-correlation-request-id": [
          "98d9ea4a-0505-4a56-854c-3df10264a1a0"
        ],
        "x-ms-routing-request-id": [
          "JIOINDIACENTRAL:20221212T085332Z:98d9ea4a-0505-4a56-854c-3df10264a1a0"
        ],
        "Strict-Transport-Security": [
          "max-age=31536000; includeSubDomains"
        ],
        "X-Content-Type-Options": [
          "nosniff"
        ],
        "Date": [
          "Mon, 12 Dec 2022 08:53:32 GMT"
        ],
        "Expires": [
          "-1"
        ],
        "Content-Length": [
          "0"
        ]
      },
      "ResponseBody": "",
      "StatusCode": 200
    },
    {
      "RequestUri": "/subscriptions/6bb9d374-1f0d-437e-8bbe-4bc892850065/operationresults/eyJqb2JJZCI6IlJFU09VUkNFR1JPVVBERUxFVElPTkpPQi1QUzU3NjQtV0VTVFVTIiwiam9iTG9jYXRpb24iOiJ3ZXN0dXMifQ?api-version=2016-09-01",
      "EncodedRequestUri": "L3N1YnNjcmlwdGlvbnMvNmJiOWQzNzQtMWYwZC00MzdlLThiYmUtNGJjODkyODUwMDY1L29wZXJhdGlvbnJlc3VsdHMvZXlKcWIySkpaQ0k2SWxKRlUwOVZVa05GUjFKUFZWQkVSVXhGVkVsUFRrcFBRaTFRVXpVM05qUXRWMFZUVkZWVElpd2lhbTlpVEc5allYUnBiMjRpT2lKM1pYTjBkWE1pZlE/YXBpLXZlcnNpb249MjAxNi0wOS0wMQ==",
      "RequestMethod": "GET",
      "RequestHeaders": {
        "User-Agent": [
          "FxVersion/4.700.22.51102",
          "OSName/Windows",
          "OSVersion/Microsoft.Windows.10.0.19045",
          "Microsoft.Azure.Management.Internal.Resources.ResourceManagementClient/1.3.67"
        ]
      },
      "RequestBody": "",
      "ResponseHeaders": {
        "Cache-Control": [
          "no-cache"
        ],
        "Pragma": [
          "no-cache"
        ],
        "x-ms-ratelimit-remaining-subscription-reads": [
          "11962"
        ],
        "x-ms-request-id": [
          "c7444987-001a-4a41-b743-14fd290b5ffe"
        ],
        "x-ms-correlation-request-id": [
          "c7444987-001a-4a41-b743-14fd290b5ffe"
        ],
        "x-ms-routing-request-id": [
          "JIOINDIACENTRAL:20221212T085333Z:c7444987-001a-4a41-b743-14fd290b5ffe"
        ],
        "Strict-Transport-Security": [
          "max-age=31536000; includeSubDomains"
        ],
        "X-Content-Type-Options": [
          "nosniff"
        ],
        "Date": [
          "Mon, 12 Dec 2022 08:53:33 GMT"
        ],
        "Expires": [
          "-1"
        ],
        "Content-Length": [
          "0"
        ]
      },
      "ResponseBody": "",
      "StatusCode": 200
    }
  ],
  "Names": {
    "Test-DisableEndpoint": [
      "ps2181",
      "ps6282",
      "ps5764",
      "ps9368"
    ]
  },
  "Variables": {
    "SubscriptionId": "6bb9d374-1f0d-437e-8bbe-4bc892850065"
  }
}