{
  "Entries": [
    {
      "RequestUri": "/subscriptions/6bb9d374-1f0d-437e-8bbe-4bc892850065/resourcegroups/ps4066?api-version=2016-09-01",
      "EncodedRequestUri": "L3N1YnNjcmlwdGlvbnMvNmJiOWQzNzQtMWYwZC00MzdlLThiYmUtNGJjODkyODUwMDY1L3Jlc291cmNlZ3JvdXBzL3BzNDA2Nj9hcGktdmVyc2lvbj0yMDE2LTA5LTAx",
      "RequestMethod": "PUT",
      "RequestHeaders": {
        "x-ms-client-request-id": [
          "4ea335d5-0cac-4e3e-9e46-a65118e1caf2"
        ],
        "Accept-Language": [
          "en-US"
        ],
        "User-Agent": [
          "FxVersion/4.700.22.51102",
          "OSName/Windows",
          "OSVersion/Microsoft.Windows.10.0.19045",
          "Microsoft.Azure.Management.Internal.Resources.ResourceManagementClient/1.3.67"
        ],
        "Content-Type": [
          "application/json; charset=utf-8"
        ],
        "Content-Length": [
          "29"
        ]
      },
      "RequestBody": "{\r\n  \"location\": \"West US\"\r\n}",
      "ResponseHeaders": {
        "Cache-Control": [
          "no-cache"
        ],
        "Pragma": [
          "no-cache"
        ],
        "x-ms-ratelimit-remaining-subscription-writes": [
          "1198"
        ],
        "x-ms-request-id": [
          "d9c7a4e6-657b-4f0c-a98c-4d01f771726f"
        ],
        "x-ms-correlation-request-id": [
          "d9c7a4e6-657b-4f0c-a98c-4d01f771726f"
        ],
        "x-ms-routing-request-id": [
          "JIOINDIACENTRAL:20221212T081539Z:d9c7a4e6-657b-4f0c-a98c-4d01f771726f"
        ],
        "Strict-Transport-Security": [
          "max-age=31536000; includeSubDomains"
        ],
        "X-Content-Type-Options": [
          "nosniff"
        ],
        "Date": [
          "Mon, 12 Dec 2022 08:15:39 GMT"
        ],
        "Content-Length": [
          "165"
        ],
        "Content-Type": [
          "application/json; charset=utf-8"
        ],
        "Expires": [
          "-1"
        ]
      },
      "ResponseBody": "{\r\n  \"id\": \"/subscriptions/6bb9d374-1f0d-437e-8bbe-4bc892850065/resourceGroups/ps4066\",\r\n  \"name\": \"ps4066\",\r\n  \"location\": \"westus\",\r\n  \"properties\": {\r\n    \"provisioningState\": \"Succeeded\"\r\n  }\r\n}",
      "StatusCode": 201
    },
    {
      "RequestUri": "/subscriptions/6bb9d374-1f0d-437e-8bbe-4bc892850065/resourceGroups/ps4066/providers/Microsoft.Network/trafficmanagerprofiles/ps6136?api-version=2022-04-01-preview",
      "EncodedRequestUri": "L3N1YnNjcmlwdGlvbnMvNmJiOWQzNzQtMWYwZC00MzdlLThiYmUtNGJjODkyODUwMDY1L3Jlc291cmNlR3JvdXBzL3BzNDA2Ni9wcm92aWRlcnMvTWljcm9zb2Z0Lk5ldHdvcmsvdHJhZmZpY21hbmFnZXJwcm9maWxlcy9wczYxMzY/YXBpLXZlcnNpb249MjAyMi0wNC0wMS1wcmV2aWV3",
      "RequestMethod": "GET",
      "RequestHeaders": {
        "x-ms-client-request-id": [
          "dfc0bc3c-a11b-4ba9-afed-bced3214f253"
        ],
        "Accept-Language": [
          "en-US"
        ],
        "User-Agent": [
          "FxVersion/4.700.22.51102",
          "OSName/Windows",
          "OSVersion/Microsoft.Windows.10.0.19045",
          "Microsoft.Azure.Management.TrafficManager.TrafficManagerManagementClient/1.1.0"
        ]
      },
      "RequestBody": "",
      "ResponseHeaders": {
        "Cache-Control": [
          "no-cache"
        ],
        "Pragma": [
          "no-cache"
        ],
        "x-ms-failure-cause": [
          "gateway"
        ],
        "x-ms-request-id": [
          "fe0fc41c-c60f-4d62-baf5-ae71f1ab58d9"
        ],
        "x-ms-correlation-request-id": [
          "fe0fc41c-c60f-4d62-baf5-ae71f1ab58d9"
        ],
        "x-ms-routing-request-id": [
          "JIOINDIACENTRAL:20221212T081540Z:fe0fc41c-c60f-4d62-baf5-ae71f1ab58d9"
        ],
        "Strict-Transport-Security": [
          "max-age=31536000; includeSubDomains"
        ],
        "X-Content-Type-Options": [
          "nosniff"
        ],
        "Date": [
          "Mon, 12 Dec 2022 08:15:40 GMT"
        ],
        "Content-Type": [
          "application/json; charset=utf-8"
        ],
        "Expires": [
          "-1"
        ],
        "Content-Length": [
          "225"
        ]
      },
      "ResponseBody": "{\r\n  \"error\": {\r\n    \"code\": \"ResourceNotFound\",\r\n    \"message\": \"The Resource 'Microsoft.Network/trafficmanagerprofiles/ps6136' under resource group 'ps4066' was not found. For more details please go to https://aka.ms/ARMResourceNotFoundFix\"\r\n  }\r\n}",
      "StatusCode": 404
    },
    {
      "RequestUri": "/subscriptions/6bb9d374-1f0d-437e-8bbe-4bc892850065/resourceGroups/ps4066/providers/Microsoft.Network/trafficmanagerprofiles/ps6136?api-version=2022-04-01-preview",
      "EncodedRequestUri": "L3N1YnNjcmlwdGlvbnMvNmJiOWQzNzQtMWYwZC00MzdlLThiYmUtNGJjODkyODUwMDY1L3Jlc291cmNlR3JvdXBzL3BzNDA2Ni9wcm92aWRlcnMvTWljcm9zb2Z0Lk5ldHdvcmsvdHJhZmZpY21hbmFnZXJwcm9maWxlcy9wczYxMzY/YXBpLXZlcnNpb249MjAyMi0wNC0wMS1wcmV2aWV3",
      "RequestMethod": "PUT",
      "RequestHeaders": {
        "x-ms-client-request-id": [
          "dfc0bc3c-a11b-4ba9-afed-bced3214f253"
        ],
        "Accept-Language": [
          "en-US"
        ],
        "User-Agent": [
          "FxVersion/4.700.22.51102",
          "OSName/Windows",
          "OSVersion/Microsoft.Windows.10.0.19045",
          "Microsoft.Azure.Management.TrafficManager.TrafficManagerManagementClient/1.1.0"
        ],
        "Content-Type": [
          "application/json; charset=utf-8"
        ],
        "Content-Length": [
          "334"
        ]
      },
      "RequestBody": "{\r\n  \"properties\": {\r\n    \"profileStatus\": \"Enabled\",\r\n    \"trafficRoutingMethod\": \"Priority\",\r\n    \"dnsConfig\": {\r\n      \"relativeName\": \"ps3545\",\r\n      \"ttl\": 50\r\n    },\r\n    \"monitorConfig\": {\r\n      \"protocol\": \"HTTP\",\r\n      \"port\": 80,\r\n      \"path\": \"/testpath.asp\"\r\n    }\r\n  },\r\n  \"location\": \"global\",\r\n  \"name\": \"ps6136\"\r\n}",
      "ResponseHeaders": {
        "Cache-Control": [
          "private"
        ],
        "X-Content-Type-Options": [
          "nosniff"
        ],
        "Strict-Transport-Security": [
          "max-age=31536000; includeSubDomains"
        ],
        "x-ms-request-id": [
          "dfc0bc3c-a11b-4ba9-afed-bced3214f253"
        ],
        "Server": [
          "Microsoft-IIS/10.0"
        ],
        "X-AspNet-Version": [
          "4.0.30319"
        ],
        "X-Powered-By": [
          "ASP.NET"
        ],
        "x-ms-ratelimit-remaining-subscription-resource-requests": [
          "4499"
        ],
        "x-ms-correlation-request-id": [
          "6595a683-cd7e-4f19-aeb2-2f1cd03ceae7"
        ],
        "x-ms-routing-request-id": [
          "JIOINDIACENTRAL:20221212T081548Z:6595a683-cd7e-4f19-aeb2-2f1cd03ceae7"
        ],
        "Date": [
          "Mon, 12 Dec 2022 08:15:47 GMT"
        ],
        "Content-Length": [
          "644"
        ],
        "Content-Type": [
          "application/json; charset=utf-8"
        ]
      },
      "ResponseBody": "{\r\n  \"id\": \"/subscriptions/6bb9d374-1f0d-437e-8bbe-4bc892850065/resourceGroups/ps4066/providers/Microsoft.Network/trafficManagerProfiles/ps6136\",\r\n  \"name\": \"ps6136\",\r\n  \"type\": \"Microsoft.Network/trafficManagerProfiles\",\r\n  \"location\": \"global\",\r\n  \"properties\": {\r\n    \"profileStatus\": \"Enabled\",\r\n    \"trafficRoutingMethod\": \"Priority\",\r\n    \"dnsConfig\": {\r\n      \"relativeName\": \"ps3545\",\r\n      \"fqdn\": \"ps3545.trafficmanager.net\",\r\n      \"ttl\": 50\r\n    },\r\n    \"monitorConfig\": {\r\n      \"profileMonitorStatus\": \"Inactive\",\r\n      \"protocol\": \"HTTP\",\r\n      \"port\": 80,\r\n      \"path\": \"/testpath.asp\",\r\n      \"intervalInSeconds\": 30,\r\n      \"toleratedNumberOfFailures\": 3,\r\n      \"timeoutInSeconds\": 10\r\n    },\r\n    \"endpoints\": [],\r\n    \"trafficViewEnrollmentStatus\": \"Disabled\",\r\n    \"maxReturn\": null\r\n  }\r\n}",
      "StatusCode": 201
    },
    {
      "RequestUri": "/subscriptions/6bb9d374-1f0d-437e-8bbe-4bc892850065/resourceGroups/ps4066/providers/Microsoft.Network/trafficmanagerprofiles/ps6136/EXternalendpointS/ps6204?api-version=2022-04-01-preview",
      "EncodedRequestUri": "L3N1YnNjcmlwdGlvbnMvNmJiOWQzNzQtMWYwZC00MzdlLThiYmUtNGJjODkyODUwMDY1L3Jlc291cmNlR3JvdXBzL3BzNDA2Ni9wcm92aWRlcnMvTWljcm9zb2Z0Lk5ldHdvcmsvdHJhZmZpY21hbmFnZXJwcm9maWxlcy9wczYxMzYvRVh0ZXJuYWxlbmRwb2ludFMvcHM2MjA0P2FwaS12ZXJzaW9uPTIwMjItMDQtMDEtcHJldmlldw==",
      "RequestMethod": "GET",
      "RequestHeaders": {
        "x-ms-client-request-id": [
          "c643f1cf-1302-4664-8d81-a3ed6734bda4"
        ],
        "Accept-Language": [
          "en-US"
        ],
        "User-Agent": [
          "FxVersion/4.700.22.51102",
          "OSName/Windows",
          "OSVersion/Microsoft.Windows.10.0.19045",
          "Microsoft.Azure.Management.TrafficManager.TrafficManagerManagementClient/1.1.0"
        ]
      },
      "RequestBody": "",
      "ResponseHeaders": {
        "Cache-Control": [
          "private"
        ],
        "X-Content-Type-Options": [
          "nosniff"
        ],
        "Strict-Transport-Security": [
          "max-age=31536000; includeSubDomains"
        ],
        "x-ms-request-id": [
          "c643f1cf-1302-4664-8d81-a3ed6734bda4"
        ],
        "Server": [
          "Microsoft-IIS/10.0"
        ],
        "X-AspNet-Version": [
          "4.0.30319"
        ],
        "X-Powered-By": [
          "ASP.NET"
        ],
        "x-ms-ratelimit-remaining-subscription-resource-requests": [
          "249"
        ],
        "x-ms-correlation-request-id": [
          "ee9d3308-001c-4b2e-8fbb-8c0c071778af"
        ],
        "x-ms-routing-request-id": [
          "JIOINDIACENTRAL:20221212T081551Z:ee9d3308-001c-4b2e-8fbb-8c0c071778af"
        ],
        "Date": [
          "Mon, 12 Dec 2022 08:15:50 GMT"
        ],
        "Content-Length": [
          "121"
        ],
        "Content-Type": [
          "application/json; charset=utf-8"
        ]
      },
      "ResponseBody": "{\r\n  \"code\": \"NotFound\",\r\n  \"message\": \"The endpoint 'ps6204' of type 'externalendpoints' does not exist in the profile 'ps6136'.\"\r\n}",
      "StatusCode": 404
    },
    {
      "RequestUri": "/subscriptions/6bb9d374-1f0d-437e-8bbe-4bc892850065/resourceGroups/ps4066/providers/Microsoft.Network/trafficmanagerprofiles/ps6136/EXternalendpointS/ps6204?api-version=2022-04-01-preview",
      "EncodedRequestUri": "L3N1YnNjcmlwdGlvbnMvNmJiOWQzNzQtMWYwZC00MzdlLThiYmUtNGJjODkyODUwMDY1L3Jlc291cmNlR3JvdXBzL3BzNDA2Ni9wcm92aWRlcnMvTWljcm9zb2Z0Lk5ldHdvcmsvdHJhZmZpY21hbmFnZXJwcm9maWxlcy9wczYxMzYvRVh0ZXJuYWxlbmRwb2ludFMvcHM2MjA0P2FwaS12ZXJzaW9uPTIwMjItMDQtMDEtcHJldmlldw==",
      "RequestMethod": "GET",
      "RequestHeaders": {
        "x-ms-client-request-id": [
          "edc6c261-09f5-4f54-bb6a-48166440a99e"
        ],
        "Accept-Language": [
          "en-US"
        ],
        "User-Agent": [
          "FxVersion/4.700.22.51102",
          "OSName/Windows",
          "OSVersion/Microsoft.Windows.10.0.19045",
          "Microsoft.Azure.Management.TrafficManager.TrafficManagerManagementClient/1.1.0"
        ]
      },
      "RequestBody": "",
      "ResponseHeaders": {
        "Cache-Control": [
          "private"
        ],
        "X-Content-Type-Options": [
          "nosniff"
        ],
        "Strict-Transport-Security": [
          "max-age=31536000; includeSubDomains"
        ],
        "x-ms-request-id": [
          "edc6c261-09f5-4f54-bb6a-48166440a99e"
        ],
        "Server": [
          "Microsoft-IIS/10.0"
        ],
        "X-AspNet-Version": [
          "4.0.30319"
        ],
        "X-Powered-By": [
          "ASP.NET"
        ],
        "x-ms-ratelimit-remaining-subscription-resource-requests": [
          "249"
        ],
        "x-ms-correlation-request-id": [
          "a4e06b43-874e-4726-a437-f87fe1aed53d"
        ],
        "x-ms-routing-request-id": [
          "CENTRALINDIA:20221212T081554Z:a4e06b43-874e-4726-a437-f87fe1aed53d"
        ],
        "Date": [
          "Mon, 12 Dec 2022 08:15:53 GMT"
        ],
        "Content-Length": [
          "563"
        ],
        "Content-Type": [
          "application/json; charset=utf-8"
        ]
      },
      "ResponseBody": "{\r\n  \"id\": \"/subscriptions/6bb9d374-1f0d-437e-8bbe-4bc892850065/resourceGroups/ps4066/providers/Microsoft.Network/trafficManagerProfiles/ps6136/externalEndpoints/ps6204\",\r\n  \"name\": \"ps6204\",\r\n  \"type\": \"Microsoft.Network/trafficManagerProfiles/externalEndpoints\",\r\n  \"properties\": {\r\n    \"endpointStatus\": \"Enabled\",\r\n    \"endpointMonitorStatus\": \"CheckingEndpoint\",\r\n    \"targetResourceId\": null,\r\n    \"target\": \"www.contoso.com\",\r\n    \"weight\": 1,\r\n    \"priority\": 1,\r\n    \"endpointLocation\": \"North Europe\",\r\n    \"minChildEndpoints\": null,\r\n    \"minChildEndpointsIPv4\": null,\r\n    \"minChildEndpointsIPv6\": null,\r\n    \"alwaysServe\": \"Disabled\"\r\n  }\r\n}",
      "StatusCode": 200
    },
    {
      "RequestUri": "/subscriptions/6bb9d374-1f0d-437e-8bbe-4bc892850065/resourceGroups/ps4066/providers/Microsoft.Network/trafficmanagerprofiles/ps6136/EXternalendpointS/ps6204?api-version=2022-04-01-preview",
      "EncodedRequestUri": "L3N1YnNjcmlwdGlvbnMvNmJiOWQzNzQtMWYwZC00MzdlLThiYmUtNGJjODkyODUwMDY1L3Jlc291cmNlR3JvdXBzL3BzNDA2Ni9wcm92aWRlcnMvTWljcm9zb2Z0Lk5ldHdvcmsvdHJhZmZpY21hbmFnZXJwcm9maWxlcy9wczYxMzYvRVh0ZXJuYWxlbmRwb2ludFMvcHM2MjA0P2FwaS12ZXJzaW9uPTIwMjItMDQtMDEtcHJldmlldw==",
      "RequestMethod": "PUT",
      "RequestHeaders": {
        "x-ms-client-request-id": [
          "c643f1cf-1302-4664-8d81-a3ed6734bda4"
        ],
        "Accept-Language": [
          "en-US"
        ],
        "User-Agent": [
          "FxVersion/4.700.22.51102",
          "OSName/Windows",
          "OSVersion/Microsoft.Windows.10.0.19045",
          "Microsoft.Azure.Management.TrafficManager.TrafficManagerManagementClient/1.1.0"
        ],
        "Content-Type": [
          "application/json; charset=utf-8"
        ],
        "Content-Length": [
          "230"
        ]
      },
      "RequestBody": "{\r\n  \"properties\": {\r\n    \"target\": \"www.contoso.com\",\r\n    \"endpointStatus\": \"Enabled\",\r\n    \"endpointLocation\": \"North Europe\"\r\n  },\r\n  \"name\": \"ps6204\",\r\n  \"type\": \"Microsoft.Network/trafficManagerProfiles/EXternalendpointS\"\r\n}",
      "ResponseHeaders": {
        "Cache-Control": [
          "private"
        ],
        "X-Content-Type-Options": [
          "nosniff"
        ],
        "Strict-Transport-Security": [
          "max-age=31536000; includeSubDomains"
        ],
        "x-ms-request-id": [
          "c643f1cf-1302-4664-8d81-a3ed6734bda4"
        ],
        "Server": [
          "Microsoft-IIS/10.0"
        ],
        "X-AspNet-Version": [
          "4.0.30319"
        ],
        "X-Powered-By": [
          "ASP.NET"
        ],
        "x-ms-ratelimit-remaining-subscription-resource-requests": [
          "248"
        ],
        "x-ms-correlation-request-id": [
          "eafc0ae3-fc0c-44d8-8fb9-7c784624d7ad"
        ],
        "x-ms-routing-request-id": [
          "JIOINDIACENTRAL:20221212T081551Z:eafc0ae3-fc0c-44d8-8fb9-7c784624d7ad"
        ],
        "Date": [
          "Mon, 12 Dec 2022 08:15:51 GMT"
        ],
        "Content-Length": [
          "563"
        ],
        "Content-Type": [
          "application/json; charset=utf-8"
        ]
      },
      "ResponseBody": "{\r\n  \"id\": \"/subscriptions/6bb9d374-1f0d-437e-8bbe-4bc892850065/resourceGroups/ps4066/providers/Microsoft.Network/trafficManagerProfiles/ps6136/externalEndpoints/ps6204\",\r\n  \"name\": \"ps6204\",\r\n  \"type\": \"Microsoft.Network/trafficManagerProfiles/externalEndpoints\",\r\n  \"properties\": {\r\n    \"endpointStatus\": \"Enabled\",\r\n    \"endpointMonitorStatus\": \"CheckingEndpoint\",\r\n    \"targetResourceId\": null,\r\n    \"target\": \"www.contoso.com\",\r\n    \"weight\": 1,\r\n    \"priority\": 1,\r\n    \"endpointLocation\": \"North Europe\",\r\n    \"minChildEndpoints\": null,\r\n    \"minChildEndpointsIPv4\": null,\r\n    \"minChildEndpointsIPv6\": null,\r\n    \"alwaysServe\": \"Disabled\"\r\n  }\r\n}",
      "StatusCode": 201
    },
    {
      "RequestUri": "/subscriptions/6bb9d374-1f0d-437e-8bbe-4bc892850065/resourceGroups/ps4066/providers/Microsoft.Network/trafficmanagerprofiles/ps6136/EXternalendpointS/ps6204?api-version=2022-04-01-preview",
      "EncodedRequestUri": "L3N1YnNjcmlwdGlvbnMvNmJiOWQzNzQtMWYwZC00MzdlLThiYmUtNGJjODkyODUwMDY1L3Jlc291cmNlR3JvdXBzL3BzNDA2Ni9wcm92aWRlcnMvTWljcm9zb2Z0Lk5ldHdvcmsvdHJhZmZpY21hbmFnZXJwcm9maWxlcy9wczYxMzYvRVh0ZXJuYWxlbmRwb2ludFMvcHM2MjA0P2FwaS12ZXJzaW9uPTIwMjItMDQtMDEtcHJldmlldw==",
      "RequestMethod": "PUT",
      "RequestHeaders": {
        "x-ms-client-request-id": [
          "babf9b1d-a310-48be-bc02-0d01575a34b7"
        ],
        "Accept-Language": [
          "en-US"
        ],
        "User-Agent": [
          "FxVersion/4.700.22.51102",
          "OSName/Windows",
          "OSVersion/Microsoft.Windows.10.0.19045",
          "Microsoft.Azure.Management.TrafficManager.TrafficManagerManagementClient/1.1.0"
        ],
        "Content-Type": [
          "application/json; charset=utf-8"
        ],
        "Content-Length": [
          "469"
        ]
      },
      "RequestBody": "{\r\n  \"properties\": {\r\n    \"target\": \"www.contoso.com\",\r\n    \"endpointStatus\": \"Enabled\",\r\n    \"weight\": 1,\r\n    \"priority\": 1,\r\n    \"endpointLocation\": \"North Europe\",\r\n    \"alwaysServe\": \"Disabled\"\r\n  },\r\n  \"id\": \"/subscriptions/6bb9d374-1f0d-437e-8bbe-4bc892850065/resourceGroups/ps4066/providers/Microsoft.Network/trafficManagerProfiles/ps6136/externalEndpoints/ps6204\",\r\n  \"name\": \"ps6204\",\r\n  \"type\": \"Microsoft.Network/trafficManagerProfiles/EXternalendpointS\"\r\n}",
      "ResponseHeaders": {
        "Cache-Control": [
          "private"
        ],
        "X-Content-Type-Options": [
          "nosniff"
        ],
        "Strict-Transport-Security": [
          "max-age=31536000; includeSubDomains"
        ],
        "x-ms-request-id": [
          "babf9b1d-a310-48be-bc02-0d01575a34b7"
        ],
        "Server": [
          "Microsoft-IIS/10.0"
        ],
        "X-AspNet-Version": [
          "4.0.30319"
        ],
        "X-Powered-By": [
          "ASP.NET"
        ],
        "x-ms-ratelimit-remaining-subscription-resource-requests": [
          "249"
        ],
        "x-ms-correlation-request-id": [
          "41c454a9-55db-4497-ad17-f18ce36766f0"
        ],
        "x-ms-routing-request-id": [
          "CENTRALINDIA:20221212T081603Z:41c454a9-55db-4497-ad17-f18ce36766f0"
        ],
        "Date": [
          "Mon, 12 Dec 2022 08:16:03 GMT"
        ],
        "Content-Length": [
          "563"
        ],
        "Content-Type": [
          "application/json; charset=utf-8"
        ]
      },
      "ResponseBody": "{\r\n  \"id\": \"/subscriptions/6bb9d374-1f0d-437e-8bbe-4bc892850065/resourceGroups/ps4066/providers/Microsoft.Network/trafficManagerProfiles/ps6136/externalEndpoints/ps6204\",\r\n  \"name\": \"ps6204\",\r\n  \"type\": \"Microsoft.Network/trafficManagerProfiles/externalEndpoints\",\r\n  \"properties\": {\r\n    \"endpointStatus\": \"Enabled\",\r\n    \"endpointMonitorStatus\": \"CheckingEndpoint\",\r\n    \"targetResourceId\": null,\r\n    \"target\": \"www.contoso.com\",\r\n    \"weight\": 1,\r\n    \"priority\": 1,\r\n    \"endpointLocation\": \"North Europe\",\r\n    \"minChildEndpoints\": null,\r\n    \"minChildEndpointsIPv4\": null,\r\n    \"minChildEndpointsIPv6\": null,\r\n    \"alwaysServe\": \"Disabled\"\r\n  }\r\n}",
      "StatusCode": 201
    },
    {
      "RequestUri": "/subscriptions/6bb9d374-1f0d-437e-8bbe-4bc892850065/resourceGroups/ps4066/providers/Microsoft.Network/trafficmanagerprofiles/ps6136/EXternalendpointS/ps6204?api-version=2022-04-01-preview",
      "EncodedRequestUri": "L3N1YnNjcmlwdGlvbnMvNmJiOWQzNzQtMWYwZC00MzdlLThiYmUtNGJjODkyODUwMDY1L3Jlc291cmNlR3JvdXBzL3BzNDA2Ni9wcm92aWRlcnMvTWljcm9zb2Z0Lk5ldHdvcmsvdHJhZmZpY21hbmFnZXJwcm9maWxlcy9wczYxMzYvRVh0ZXJuYWxlbmRwb2ludFMvcHM2MjA0P2FwaS12ZXJzaW9uPTIwMjItMDQtMDEtcHJldmlldw==",
      "RequestMethod": "PATCH",
      "RequestHeaders": {
        "x-ms-client-request-id": [
          "2118c1b0-60f3-453d-9855-2d091bafeba2"
        ],
        "Accept-Language": [
          "en-US"
        ],
        "User-Agent": [
          "FxVersion/4.700.22.51102",
          "OSName/Windows",
          "OSVersion/Microsoft.Windows.10.0.19045",
          "Microsoft.Azure.Management.TrafficManager.TrafficManagerManagementClient/1.1.0"
        ],
        "Content-Type": [
          "application/json; charset=utf-8"
        ],
        "Content-Length": [
          "325"
        ]
      },
      "RequestBody": "{\r\n  \"properties\": {\r\n    \"endpointStatus\": \"Disabled\"\r\n  },\r\n  \"id\": \"/subscriptions/6bb9d374-1f0d-437e-8bbe-4bc892850065/resourceGroups/ps4066/providers/Microsoft.Network/trafficManagerProfiles/ps6136/externalEndpoints/ps6204\",\r\n  \"name\": \"ps6204\",\r\n  \"type\": \"Microsoft.Network/trafficManagerProfiles/EXternalendpointS\"\r\n}",
      "ResponseHeaders": {
        "Cache-Control": [
          "private"
        ],
        "X-Content-Type-Options": [
          "nosniff"
        ],
        "Strict-Transport-Security": [
          "max-age=31536000; includeSubDomains"
        ],
        "x-ms-request-id": [
          "2118c1b0-60f3-453d-9855-2d091bafeba2"
        ],
        "Server": [
          "Microsoft-IIS/10.0"
        ],
        "X-AspNet-Version": [
          "4.0.30319"
        ],
        "X-Powered-By": [
          "ASP.NET"
        ],
        "x-ms-ratelimit-remaining-subscription-resource-requests": [
          "249"
        ],
        "x-ms-correlation-request-id": [
          "9611a40a-8d96-4d39-8ec9-83994edaa773"
        ],
        "x-ms-routing-request-id": [
          "CENTRALINDIA:20221212T081555Z:9611a40a-8d96-4d39-8ec9-83994edaa773"
        ],
        "Date": [
          "Mon, 12 Dec 2022 08:15:55 GMT"
        ],
        "Content-Length": [
          "556"
        ],
        "Content-Type": [
          "application/json; charset=utf-8"
        ]
      },
      "ResponseBody": "{\r\n  \"id\": \"/subscriptions/6bb9d374-1f0d-437e-8bbe-4bc892850065/resourceGroups/ps4066/providers/Microsoft.Network/trafficManagerProfiles/ps6136/externalEndpoints/ps6204\",\r\n  \"name\": \"ps6204\",\r\n  \"type\": \"Microsoft.Network/trafficManagerProfiles/externalEndpoints\",\r\n  \"properties\": {\r\n    \"endpointStatus\": \"Disabled\",\r\n    \"endpointMonitorStatus\": \"Disabled\",\r\n    \"targetResourceId\": null,\r\n    \"target\": \"www.contoso.com\",\r\n    \"weight\": 1,\r\n    \"priority\": 1,\r\n    \"endpointLocation\": \"North Europe\",\r\n    \"minChildEndpoints\": null,\r\n    \"minChildEndpointsIPv4\": null,\r\n    \"minChildEndpointsIPv6\": null,\r\n    \"alwaysServe\": \"Disabled\"\r\n  }\r\n}",
      "StatusCode": 200
    },
    {
      "RequestUri": "/subscriptions/6bb9d374-1f0d-437e-8bbe-4bc892850065/resourceGroups/ps4066/providers/Microsoft.Network/trafficmanagerprofiles/ps6136/EXternalendpointS/ps6204?api-version=2022-04-01-preview",
      "EncodedRequestUri": "L3N1YnNjcmlwdGlvbnMvNmJiOWQzNzQtMWYwZC00MzdlLThiYmUtNGJjODkyODUwMDY1L3Jlc291cmNlR3JvdXBzL3BzNDA2Ni9wcm92aWRlcnMvTWljcm9zb2Z0Lk5ldHdvcmsvdHJhZmZpY21hbmFnZXJwcm9maWxlcy9wczYxMzYvRVh0ZXJuYWxlbmRwb2ludFMvcHM2MjA0P2FwaS12ZXJzaW9uPTIwMjItMDQtMDEtcHJldmlldw==",
      "RequestMethod": "PATCH",
      "RequestHeaders": {
        "x-ms-client-request-id": [
          "27b4d767-fa67-472d-8462-c153fceefed7"
        ],
        "Accept-Language": [
          "en-US"
        ],
        "User-Agent": [
          "FxVersion/4.700.22.51102",
          "OSName/Windows",
          "OSVersion/Microsoft.Windows.10.0.19045",
          "Microsoft.Azure.Management.TrafficManager.TrafficManagerManagementClient/1.1.0"
        ],
        "Content-Type": [
          "application/json; charset=utf-8"
        ],
        "Content-Length": [
          "324"
        ]
      },
      "RequestBody": "{\r\n  \"properties\": {\r\n    \"endpointStatus\": \"Enabled\"\r\n  },\r\n  \"id\": \"/subscriptions/6bb9d374-1f0d-437e-8bbe-4bc892850065/resourceGroups/ps4066/providers/Microsoft.Network/trafficManagerProfiles/ps6136/externalEndpoints/ps6204\",\r\n  \"name\": \"ps6204\",\r\n  \"type\": \"Microsoft.Network/trafficManagerProfiles/EXternalendpointS\"\r\n}",
      "ResponseHeaders": {
        "Cache-Control": [
          "private"
        ],
        "X-Content-Type-Options": [
          "nosniff"
        ],
        "Strict-Transport-Security": [
          "max-age=31536000; includeSubDomains"
        ],
        "x-ms-request-id": [
          "27b4d767-fa67-472d-8462-c153fceefed7"
        ],
        "Server": [
          "Microsoft-IIS/10.0"
        ],
        "X-AspNet-Version": [
          "4.0.30319"
        ],
        "X-Powered-By": [
          "ASP.NET"
        ],
        "x-ms-ratelimit-remaining-subscription-resource-requests": [
          "249"
        ],
        "x-ms-correlation-request-id": [
          "dfd9a07c-17bc-427f-af4b-81ca93dda3cd"
        ],
        "x-ms-routing-request-id": [
          "CENTRALINDIA:20221212T081600Z:dfd9a07c-17bc-427f-af4b-81ca93dda3cd"
        ],
        "Date": [
          "Mon, 12 Dec 2022 08:15:59 GMT"
        ],
        "Content-Length": [
          "563"
        ],
        "Content-Type": [
          "application/json; charset=utf-8"
        ]
      },
      "ResponseBody": "{\r\n  \"id\": \"/subscriptions/6bb9d374-1f0d-437e-8bbe-4bc892850065/resourceGroups/ps4066/providers/Microsoft.Network/trafficManagerProfiles/ps6136/externalEndpoints/ps6204\",\r\n  \"name\": \"ps6204\",\r\n  \"type\": \"Microsoft.Network/trafficManagerProfiles/externalEndpoints\",\r\n  \"properties\": {\r\n    \"endpointStatus\": \"Enabled\",\r\n    \"endpointMonitorStatus\": \"CheckingEndpoint\",\r\n    \"targetResourceId\": null,\r\n    \"target\": \"www.contoso.com\",\r\n    \"weight\": 1,\r\n    \"priority\": 1,\r\n    \"endpointLocation\": \"North Europe\",\r\n    \"minChildEndpoints\": null,\r\n    \"minChildEndpointsIPv4\": null,\r\n    \"minChildEndpointsIPv6\": null,\r\n    \"alwaysServe\": \"Disabled\"\r\n  }\r\n}",
      "StatusCode": 200
    },
    {
      "RequestUri": "/subscriptions/6bb9d374-1f0d-437e-8bbe-4bc892850065/resourceGroups/ps4066/providers/Microsoft.Network/trafficmanagerprofiles/ps6136/EXternalendpointS/ps6204?api-version=2022-04-01-preview",
      "EncodedRequestUri": "L3N1YnNjcmlwdGlvbnMvNmJiOWQzNzQtMWYwZC00MzdlLThiYmUtNGJjODkyODUwMDY1L3Jlc291cmNlR3JvdXBzL3BzNDA2Ni9wcm92aWRlcnMvTWljcm9zb2Z0Lk5ldHdvcmsvdHJhZmZpY21hbmFnZXJwcm9maWxlcy9wczYxMzYvRVh0ZXJuYWxlbmRwb2ludFMvcHM2MjA0P2FwaS12ZXJzaW9uPTIwMjItMDQtMDEtcHJldmlldw==",
      "RequestMethod": "DELETE",
      "RequestHeaders": {
        "x-ms-client-request-id": [
          "7c516990-413b-4e61-b6a0-1f3d31d071a3"
        ],
        "Accept-Language": [
          "en-US"
        ],
        "User-Agent": [
          "FxVersion/4.700.22.51102",
          "OSName/Windows",
          "OSVersion/Microsoft.Windows.10.0.19045",
          "Microsoft.Azure.Management.TrafficManager.TrafficManagerManagementClient/1.1.0"
        ]
      },
      "RequestBody": "",
      "ResponseHeaders": {
        "Cache-Control": [
          "private"
        ],
        "X-Content-Type-Options": [
          "nosniff"
        ],
        "Strict-Transport-Security": [
          "max-age=31536000; includeSubDomains"
        ],
        "x-ms-request-id": [
          "7c516990-413b-4e61-b6a0-1f3d31d071a3"
        ],
        "Server": [
          "Microsoft-IIS/10.0"
        ],
        "X-AspNet-Version": [
          "4.0.30319"
        ],
        "X-Powered-By": [
          "ASP.NET"
        ],
        "x-ms-ratelimit-remaining-subscription-deletes": [
          "14999"
        ],
        "x-ms-correlation-request-id": [
          "6bbbf503-b104-434a-8dc9-72bd1061ae25"
        ],
        "x-ms-routing-request-id": [
          "JIOINDIACENTRAL:20221212T081605Z:6bbbf503-b104-434a-8dc9-72bd1061ae25"
        ],
        "Date": [
          "Mon, 12 Dec 2022 08:16:05 GMT"
        ],
        "Content-Length": [
          "0"
        ]
      },
      "ResponseBody": "",
      "StatusCode": 200
    },
    {
      "RequestUri": "/subscriptions/6bb9d374-1f0d-437e-8bbe-4bc892850065/resourcegroups/ps4066?api-version=2016-09-01",
      "EncodedRequestUri": "L3N1YnNjcmlwdGlvbnMvNmJiOWQzNzQtMWYwZC00MzdlLThiYmUtNGJjODkyODUwMDY1L3Jlc291cmNlZ3JvdXBzL3BzNDA2Nj9hcGktdmVyc2lvbj0yMDE2LTA5LTAx",
      "RequestMethod": "DELETE",
      "RequestHeaders": {
        "x-ms-client-request-id": [
          "8066e2e2-4948-4d16-b3bf-2a097aa64294"
        ],
        "Accept-Language": [
          "en-US"
        ],
        "User-Agent": [
          "FxVersion/4.700.22.51102",
          "OSName/Windows",
          "OSVersion/Microsoft.Windows.10.0.19045",
          "Microsoft.Azure.Management.Internal.Resources.ResourceManagementClient/1.3.67"
        ]
      },
      "RequestBody": "",
      "ResponseHeaders": {
        "Cache-Control": [
          "no-cache"
        ],
        "Pragma": [
          "no-cache"
        ],
        "Location": [
          "https://management.azure.com/subscriptions/6bb9d374-1f0d-437e-8bbe-4bc892850065/operationresults/eyJqb2JJZCI6IlJFU09VUkNFR1JPVVBERUxFVElPTkpPQi1QUzQwNjYtV0VTVFVTIiwiam9iTG9jYXRpb24iOiJ3ZXN0dXMifQ?api-version=2016-09-01"
        ],
        "Retry-After": [
          "15"
        ],
        "x-ms-ratelimit-remaining-subscription-deletes": [
          "14997"
        ],
        "x-ms-request-id": [
          "3f98f213-f646-44e6-b853-8fc71677894b"
        ],
        "x-ms-correlation-request-id": [
          "3f98f213-f646-44e6-b853-8fc71677894b"
        ],
        "x-ms-routing-request-id": [
          "JIOINDIACENTRAL:20221212T081609Z:3f98f213-f646-44e6-b853-8fc71677894b"
        ],
        "Strict-Transport-Security": [
          "max-age=31536000; includeSubDomains"
        ],
        "X-Content-Type-Options": [
          "nosniff"
        ],
        "Date": [
          "Mon, 12 Dec 2022 08:16:09 GMT"
        ],
        "Expires": [
          "-1"
        ],
        "Content-Length": [
          "0"
        ]
      },
      "ResponseBody": "",
      "StatusCode": 202
    },
    {
      "RequestUri": "/subscriptions/6bb9d374-1f0d-437e-8bbe-4bc892850065/operationresults/eyJqb2JJZCI6IlJFU09VUkNFR1JPVVBERUxFVElPTkpPQi1QUzQwNjYtV0VTVFVTIiwiam9iTG9jYXRpb24iOiJ3ZXN0dXMifQ?api-version=2016-09-01",
      "EncodedRequestUri": "L3N1YnNjcmlwdGlvbnMvNmJiOWQzNzQtMWYwZC00MzdlLThiYmUtNGJjODkyODUwMDY1L29wZXJhdGlvbnJlc3VsdHMvZXlKcWIySkpaQ0k2SWxKRlUwOVZVa05GUjFKUFZWQkVSVXhGVkVsUFRrcFBRaTFRVXpRd05qWXRWMFZUVkZWVElpd2lhbTlpVEc5allYUnBiMjRpT2lKM1pYTjBkWE1pZlE/YXBpLXZlcnNpb249MjAxNi0wOS0wMQ==",
      "RequestMethod": "GET",
      "RequestHeaders": {
        "User-Agent": [
          "FxVersion/4.700.22.51102",
          "OSName/Windows",
          "OSVersion/Microsoft.Windows.10.0.19045",
          "Microsoft.Azure.Management.Internal.Resources.ResourceManagementClient/1.3.67"
        ]
      },
      "RequestBody": "",
      "ResponseHeaders": {
        "Cache-Control": [
          "no-cache"
        ],
        "Pragma": [
          "no-cache"
        ],
        "Location": [
          "https://management.azure.com/subscriptions/6bb9d374-1f0d-437e-8bbe-4bc892850065/operationresults/eyJqb2JJZCI6IlJFU09VUkNFR1JPVVBERUxFVElPTkpPQi1QUzQwNjYtV0VTVFVTIiwiam9iTG9jYXRpb24iOiJ3ZXN0dXMifQ?api-version=2016-09-01"
        ],
        "Retry-After": [
          "15"
        ],
        "x-ms-ratelimit-remaining-subscription-reads": [
          "11990"
        ],
        "x-ms-request-id": [
          "f5e804cd-8b92-4685-9394-10cb5faf3c82"
        ],
        "x-ms-correlation-request-id": [
          "f5e804cd-8b92-4685-9394-10cb5faf3c82"
        ],
        "x-ms-routing-request-id": [
          "JIOINDIACENTRAL:20221212T081625Z:f5e804cd-8b92-4685-9394-10cb5faf3c82"
        ],
        "Strict-Transport-Security": [
          "max-age=31536000; includeSubDomains"
        ],
        "X-Content-Type-Options": [
          "nosniff"
        ],
        "Date": [
          "Mon, 12 Dec 2022 08:16:24 GMT"
        ],
        "Expires": [
          "-1"
        ],
        "Content-Length": [
          "0"
        ]
      },
      "ResponseBody": "",
      "StatusCode": 202
    },
    {
      "RequestUri": "/subscriptions/6bb9d374-1f0d-437e-8bbe-4bc892850065/operationresults/eyJqb2JJZCI6IlJFU09VUkNFR1JPVVBERUxFVElPTkpPQi1QUzQwNjYtV0VTVFVTIiwiam9iTG9jYXRpb24iOiJ3ZXN0dXMifQ?api-version=2016-09-01",
      "EncodedRequestUri": "L3N1YnNjcmlwdGlvbnMvNmJiOWQzNzQtMWYwZC00MzdlLThiYmUtNGJjODkyODUwMDY1L29wZXJhdGlvbnJlc3VsdHMvZXlKcWIySkpaQ0k2SWxKRlUwOVZVa05GUjFKUFZWQkVSVXhGVkVsUFRrcFBRaTFRVXpRd05qWXRWMFZUVkZWVElpd2lhbTlpVEc5allYUnBiMjRpT2lKM1pYTjBkWE1pZlE/YXBpLXZlcnNpb249MjAxNi0wOS0wMQ==",
      "RequestMethod": "GET",
      "RequestHeaders": {
        "User-Agent": [
          "FxVersion/4.700.22.51102",
          "OSName/Windows",
          "OSVersion/Microsoft.Windows.10.0.19045",
          "Microsoft.Azure.Management.Internal.Resources.ResourceManagementClient/1.3.67"
        ]
      },
      "RequestBody": "",
      "ResponseHeaders": {
        "Cache-Control": [
          "no-cache"
        ],
        "Pragma": [
          "no-cache"
        ],
        "Location": [
          "https://management.azure.com/subscriptions/6bb9d374-1f0d-437e-8bbe-4bc892850065/operationresults/eyJqb2JJZCI6IlJFU09VUkNFR1JPVVBERUxFVElPTkpPQi1QUzQwNjYtV0VTVFVTIiwiam9iTG9jYXRpb24iOiJ3ZXN0dXMifQ?api-version=2016-09-01"
        ],
        "Retry-After": [
          "15"
        ],
        "x-ms-ratelimit-remaining-subscription-reads": [
          "11989"
        ],
        "x-ms-request-id": [
          "28ff3351-bbe6-484d-abf5-50b185aa2e6b"
        ],
        "x-ms-correlation-request-id": [
          "28ff3351-bbe6-484d-abf5-50b185aa2e6b"
        ],
        "x-ms-routing-request-id": [
          "JIOINDIACENTRAL:20221212T081640Z:28ff3351-bbe6-484d-abf5-50b185aa2e6b"
        ],
        "Strict-Transport-Security": [
          "max-age=31536000; includeSubDomains"
        ],
        "X-Content-Type-Options": [
          "nosniff"
        ],
        "Date": [
          "Mon, 12 Dec 2022 08:16:39 GMT"
        ],
        "Expires": [
          "-1"
        ],
        "Content-Length": [
          "0"
        ]
      },
      "ResponseBody": "",
      "StatusCode": 202
    },
    {
      "RequestUri": "/subscriptions/6bb9d374-1f0d-437e-8bbe-4bc892850065/operationresults/eyJqb2JJZCI6IlJFU09VUkNFR1JPVVBERUxFVElPTkpPQi1QUzQwNjYtV0VTVFVTIiwiam9iTG9jYXRpb24iOiJ3ZXN0dXMifQ?api-version=2016-09-01",
      "EncodedRequestUri": "L3N1YnNjcmlwdGlvbnMvNmJiOWQzNzQtMWYwZC00MzdlLThiYmUtNGJjODkyODUwMDY1L29wZXJhdGlvbnJlc3VsdHMvZXlKcWIySkpaQ0k2SWxKRlUwOVZVa05GUjFKUFZWQkVSVXhGVkVsUFRrcFBRaTFRVXpRd05qWXRWMFZUVkZWVElpd2lhbTlpVEc5allYUnBiMjRpT2lKM1pYTjBkWE1pZlE/YXBpLXZlcnNpb249MjAxNi0wOS0wMQ==",
      "RequestMethod": "GET",
      "RequestHeaders": {
        "User-Agent": [
          "FxVersion/4.700.22.51102",
          "OSName/Windows",
          "OSVersion/Microsoft.Windows.10.0.19045",
          "Microsoft.Azure.Management.Internal.Resources.ResourceManagementClient/1.3.67"
        ]
      },
      "RequestBody": "",
      "ResponseHeaders": {
        "Cache-Control": [
          "no-cache"
        ],
        "Pragma": [
          "no-cache"
        ],
        "Location": [
          "https://management.azure.com/subscriptions/6bb9d374-1f0d-437e-8bbe-4bc892850065/operationresults/eyJqb2JJZCI6IlJFU09VUkNFR1JPVVBERUxFVElPTkpPQi1QUzQwNjYtV0VTVFVTIiwiam9iTG9jYXRpb24iOiJ3ZXN0dXMifQ?api-version=2016-09-01"
        ],
        "Retry-After": [
          "15"
        ],
        "x-ms-ratelimit-remaining-subscription-reads": [
          "11988"
        ],
        "x-ms-request-id": [
          "3c36a5f2-da18-4612-8cfc-3a7aa2ed947c"
        ],
        "x-ms-correlation-request-id": [
          "3c36a5f2-da18-4612-8cfc-3a7aa2ed947c"
        ],
        "x-ms-routing-request-id": [
          "JIOINDIACENTRAL:20221212T081656Z:3c36a5f2-da18-4612-8cfc-3a7aa2ed947c"
        ],
        "Strict-Transport-Security": [
          "max-age=31536000; includeSubDomains"
        ],
        "X-Content-Type-Options": [
          "nosniff"
        ],
        "Date": [
          "Mon, 12 Dec 2022 08:16:56 GMT"
        ],
        "Expires": [
          "-1"
        ],
        "Content-Length": [
          "0"
        ]
      },
      "ResponseBody": "",
      "StatusCode": 202
    },
    {
      "RequestUri": "/subscriptions/6bb9d374-1f0d-437e-8bbe-4bc892850065/operationresults/eyJqb2JJZCI6IlJFU09VUkNFR1JPVVBERUxFVElPTkpPQi1QUzQwNjYtV0VTVFVTIiwiam9iTG9jYXRpb24iOiJ3ZXN0dXMifQ?api-version=2016-09-01",
      "EncodedRequestUri": "L3N1YnNjcmlwdGlvbnMvNmJiOWQzNzQtMWYwZC00MzdlLThiYmUtNGJjODkyODUwMDY1L29wZXJhdGlvbnJlc3VsdHMvZXlKcWIySkpaQ0k2SWxKRlUwOVZVa05GUjFKUFZWQkVSVXhGVkVsUFRrcFBRaTFRVXpRd05qWXRWMFZUVkZWVElpd2lhbTlpVEc5allYUnBiMjRpT2lKM1pYTjBkWE1pZlE/YXBpLXZlcnNpb249MjAxNi0wOS0wMQ==",
      "RequestMethod": "GET",
      "RequestHeaders": {
        "User-Agent": [
          "FxVersion/4.700.22.51102",
          "OSName/Windows",
          "OSVersion/Microsoft.Windows.10.0.19045",
          "Microsoft.Azure.Management.Internal.Resources.ResourceManagementClient/1.3.67"
        ]
      },
      "RequestBody": "",
      "ResponseHeaders": {
        "Cache-Control": [
          "no-cache"
        ],
        "Pragma": [
          "no-cache"
        ],
        "Location": [
          "https://management.azure.com/subscriptions/6bb9d374-1f0d-437e-8bbe-4bc892850065/operationresults/eyJqb2JJZCI6IlJFU09VUkNFR1JPVVBERUxFVElPTkpPQi1QUzQwNjYtV0VTVFVTIiwiam9iTG9jYXRpb24iOiJ3ZXN0dXMifQ?api-version=2016-09-01"
        ],
        "Retry-After": [
          "15"
        ],
        "x-ms-ratelimit-remaining-subscription-reads": [
          "11987"
        ],
        "x-ms-request-id": [
          "6c745b7e-8e60-42a6-8e71-d47666f2baf7"
        ],
        "x-ms-correlation-request-id": [
          "6c745b7e-8e60-42a6-8e71-d47666f2baf7"
        ],
        "x-ms-routing-request-id": [
          "JIOINDIACENTRAL:20221212T081711Z:6c745b7e-8e60-42a6-8e71-d47666f2baf7"
        ],
        "Strict-Transport-Security": [
          "max-age=31536000; includeSubDomains"
        ],
        "X-Content-Type-Options": [
          "nosniff"
        ],
        "Date": [
          "Mon, 12 Dec 2022 08:17:11 GMT"
        ],
        "Expires": [
          "-1"
        ],
        "Content-Length": [
          "0"
        ]
      },
      "ResponseBody": "",
      "StatusCode": 202
    },
    {
      "RequestUri": "/subscriptions/6bb9d374-1f0d-437e-8bbe-4bc892850065/operationresults/eyJqb2JJZCI6IlJFU09VUkNFR1JPVVBERUxFVElPTkpPQi1QUzQwNjYtV0VTVFVTIiwiam9iTG9jYXRpb24iOiJ3ZXN0dXMifQ?api-version=2016-09-01",
      "EncodedRequestUri": "L3N1YnNjcmlwdGlvbnMvNmJiOWQzNzQtMWYwZC00MzdlLThiYmUtNGJjODkyODUwMDY1L29wZXJhdGlvbnJlc3VsdHMvZXlKcWIySkpaQ0k2SWxKRlUwOVZVa05GUjFKUFZWQkVSVXhGVkVsUFRrcFBRaTFRVXpRd05qWXRWMFZUVkZWVElpd2lhbTlpVEc5allYUnBiMjRpT2lKM1pYTjBkWE1pZlE/YXBpLXZlcnNpb249MjAxNi0wOS0wMQ==",
      "RequestMethod": "GET",
      "RequestHeaders": {
        "User-Agent": [
          "FxVersion/4.700.22.51102",
          "OSName/Windows",
          "OSVersion/Microsoft.Windows.10.0.19045",
          "Microsoft.Azure.Management.Internal.Resources.ResourceManagementClient/1.3.67"
        ]
      },
      "RequestBody": "",
      "ResponseHeaders": {
        "Cache-Control": [
          "no-cache"
        ],
        "Pragma": [
          "no-cache"
        ],
        "Location": [
          "https://management.azure.com/subscriptions/6bb9d374-1f0d-437e-8bbe-4bc892850065/operationresults/eyJqb2JJZCI6IlJFU09VUkNFR1JPVVBERUxFVElPTkpPQi1QUzQwNjYtV0VTVFVTIiwiam9iTG9jYXRpb24iOiJ3ZXN0dXMifQ?api-version=2016-09-01"
        ],
        "Retry-After": [
          "15"
        ],
        "x-ms-ratelimit-remaining-subscription-reads": [
          "11986"
        ],
        "x-ms-request-id": [
          "5a8f4a78-9cb7-49d0-be49-95e0752566c5"
        ],
        "x-ms-correlation-request-id": [
          "5a8f4a78-9cb7-49d0-be49-95e0752566c5"
        ],
        "x-ms-routing-request-id": [
          "JIOINDIACENTRAL:20221212T081727Z:5a8f4a78-9cb7-49d0-be49-95e0752566c5"
        ],
        "Strict-Transport-Security": [
          "max-age=31536000; includeSubDomains"
        ],
        "X-Content-Type-Options": [
          "nosniff"
        ],
        "Date": [
          "Mon, 12 Dec 2022 08:17:27 GMT"
        ],
        "Expires": [
          "-1"
        ],
        "Content-Length": [
          "0"
        ]
      },
      "ResponseBody": "",
      "StatusCode": 202
    },
    {
      "RequestUri": "/subscriptions/6bb9d374-1f0d-437e-8bbe-4bc892850065/operationresults/eyJqb2JJZCI6IlJFU09VUkNFR1JPVVBERUxFVElPTkpPQi1QUzQwNjYtV0VTVFVTIiwiam9iTG9jYXRpb24iOiJ3ZXN0dXMifQ?api-version=2016-09-01",
      "EncodedRequestUri": "L3N1YnNjcmlwdGlvbnMvNmJiOWQzNzQtMWYwZC00MzdlLThiYmUtNGJjODkyODUwMDY1L29wZXJhdGlvbnJlc3VsdHMvZXlKcWIySkpaQ0k2SWxKRlUwOVZVa05GUjFKUFZWQkVSVXhGVkVsUFRrcFBRaTFRVXpRd05qWXRWMFZUVkZWVElpd2lhbTlpVEc5allYUnBiMjRpT2lKM1pYTjBkWE1pZlE/YXBpLXZlcnNpb249MjAxNi0wOS0wMQ==",
      "RequestMethod": "GET",
      "RequestHeaders": {
        "User-Agent": [
          "FxVersion/4.700.22.51102",
          "OSName/Windows",
          "OSVersion/Microsoft.Windows.10.0.19045",
          "Microsoft.Azure.Management.Internal.Resources.ResourceManagementClient/1.3.67"
        ]
      },
      "RequestBody": "",
      "ResponseHeaders": {
        "Cache-Control": [
          "no-cache"
        ],
        "Pragma": [
          "no-cache"
        ],
        "Location": [
          "https://management.azure.com/subscriptions/6bb9d374-1f0d-437e-8bbe-4bc892850065/operationresults/eyJqb2JJZCI6IlJFU09VUkNFR1JPVVBERUxFVElPTkpPQi1QUzQwNjYtV0VTVFVTIiwiam9iTG9jYXRpb24iOiJ3ZXN0dXMifQ?api-version=2016-09-01"
        ],
        "Retry-After": [
          "15"
        ],
        "x-ms-ratelimit-remaining-subscription-reads": [
          "11985"
        ],
        "x-ms-request-id": [
          "2679f125-ce49-4a19-922a-bc33c27e7fe7"
        ],
        "x-ms-correlation-request-id": [
          "2679f125-ce49-4a19-922a-bc33c27e7fe7"
        ],
        "x-ms-routing-request-id": [
          "JIOINDIACENTRAL:20221212T081742Z:2679f125-ce49-4a19-922a-bc33c27e7fe7"
        ],
        "Strict-Transport-Security": [
          "max-age=31536000; includeSubDomains"
        ],
        "X-Content-Type-Options": [
          "nosniff"
        ],
        "Date": [
          "Mon, 12 Dec 2022 08:17:42 GMT"
        ],
        "Expires": [
          "-1"
        ],
        "Content-Length": [
          "0"
        ]
      },
      "ResponseBody": "",
      "StatusCode": 202
    },
    {
      "RequestUri": "/subscriptions/6bb9d374-1f0d-437e-8bbe-4bc892850065/operationresults/eyJqb2JJZCI6IlJFU09VUkNFR1JPVVBERUxFVElPTkpPQi1QUzQwNjYtV0VTVFVTIiwiam9iTG9jYXRpb24iOiJ3ZXN0dXMifQ?api-version=2016-09-01",
      "EncodedRequestUri": "L3N1YnNjcmlwdGlvbnMvNmJiOWQzNzQtMWYwZC00MzdlLThiYmUtNGJjODkyODUwMDY1L29wZXJhdGlvbnJlc3VsdHMvZXlKcWIySkpaQ0k2SWxKRlUwOVZVa05GUjFKUFZWQkVSVXhGVkVsUFRrcFBRaTFRVXpRd05qWXRWMFZUVkZWVElpd2lhbTlpVEc5allYUnBiMjRpT2lKM1pYTjBkWE1pZlE/YXBpLXZlcnNpb249MjAxNi0wOS0wMQ==",
      "RequestMethod": "GET",
      "RequestHeaders": {
        "User-Agent": [
          "FxVersion/4.700.22.51102",
          "OSName/Windows",
          "OSVersion/Microsoft.Windows.10.0.19045",
          "Microsoft.Azure.Management.Internal.Resources.ResourceManagementClient/1.3.67"
        ]
      },
      "RequestBody": "",
      "ResponseHeaders": {
        "Cache-Control": [
          "no-cache"
        ],
        "Pragma": [
          "no-cache"
        ],
        "Location": [
          "https://management.azure.com/subscriptions/6bb9d374-1f0d-437e-8bbe-4bc892850065/operationresults/eyJqb2JJZCI6IlJFU09VUkNFR1JPVVBERUxFVElPTkpPQi1QUzQwNjYtV0VTVFVTIiwiam9iTG9jYXRpb24iOiJ3ZXN0dXMifQ?api-version=2016-09-01"
        ],
        "Retry-After": [
          "15"
        ],
        "x-ms-ratelimit-remaining-subscription-reads": [
          "11984"
        ],
        "x-ms-request-id": [
          "97c821d4-bb3d-4ba3-91d5-630108ea4994"
        ],
        "x-ms-correlation-request-id": [
          "97c821d4-bb3d-4ba3-91d5-630108ea4994"
        ],
        "x-ms-routing-request-id": [
          "JIOINDIACENTRAL:20221212T081758Z:97c821d4-bb3d-4ba3-91d5-630108ea4994"
        ],
        "Strict-Transport-Security": [
          "max-age=31536000; includeSubDomains"
        ],
        "X-Content-Type-Options": [
          "nosniff"
        ],
        "Date": [
          "Mon, 12 Dec 2022 08:17:57 GMT"
        ],
        "Expires": [
          "-1"
        ],
        "Content-Length": [
          "0"
        ]
      },
      "ResponseBody": "",
      "StatusCode": 202
    },
    {
      "RequestUri": "/subscriptions/6bb9d374-1f0d-437e-8bbe-4bc892850065/operationresults/eyJqb2JJZCI6IlJFU09VUkNFR1JPVVBERUxFVElPTkpPQi1QUzQwNjYtV0VTVFVTIiwiam9iTG9jYXRpb24iOiJ3ZXN0dXMifQ?api-version=2016-09-01",
      "EncodedRequestUri": "L3N1YnNjcmlwdGlvbnMvNmJiOWQzNzQtMWYwZC00MzdlLThiYmUtNGJjODkyODUwMDY1L29wZXJhdGlvbnJlc3VsdHMvZXlKcWIySkpaQ0k2SWxKRlUwOVZVa05GUjFKUFZWQkVSVXhGVkVsUFRrcFBRaTFRVXpRd05qWXRWMFZUVkZWVElpd2lhbTlpVEc5allYUnBiMjRpT2lKM1pYTjBkWE1pZlE/YXBpLXZlcnNpb249MjAxNi0wOS0wMQ==",
      "RequestMethod": "GET",
      "RequestHeaders": {
        "User-Agent": [
          "FxVersion/4.700.22.51102",
          "OSName/Windows",
          "OSVersion/Microsoft.Windows.10.0.19045",
          "Microsoft.Azure.Management.Internal.Resources.ResourceManagementClient/1.3.67"
        ]
      },
      "RequestBody": "",
      "ResponseHeaders": {
        "Cache-Control": [
          "no-cache"
        ],
        "Pragma": [
          "no-cache"
        ],
        "Location": [
          "https://management.azure.com/subscriptions/6bb9d374-1f0d-437e-8bbe-4bc892850065/operationresults/eyJqb2JJZCI6IlJFU09VUkNFR1JPVVBERUxFVElPTkpPQi1QUzQwNjYtV0VTVFVTIiwiam9iTG9jYXRpb24iOiJ3ZXN0dXMifQ?api-version=2016-09-01"
        ],
        "Retry-After": [
          "15"
        ],
        "x-ms-ratelimit-remaining-subscription-reads": [
          "11983"
        ],
        "x-ms-request-id": [
          "0b901eb8-ac8e-4985-bdfa-4b4ef52a269a"
        ],
        "x-ms-correlation-request-id": [
          "0b901eb8-ac8e-4985-bdfa-4b4ef52a269a"
        ],
        "x-ms-routing-request-id": [
          "JIOINDIACENTRAL:20221212T081813Z:0b901eb8-ac8e-4985-bdfa-4b4ef52a269a"
        ],
        "Strict-Transport-Security": [
          "max-age=31536000; includeSubDomains"
        ],
        "X-Content-Type-Options": [
          "nosniff"
        ],
        "Date": [
          "Mon, 12 Dec 2022 08:18:12 GMT"
        ],
        "Expires": [
          "-1"
        ],
        "Content-Length": [
          "0"
        ]
      },
      "ResponseBody": "",
      "StatusCode": 202
    },
    {
      "RequestUri": "/subscriptions/6bb9d374-1f0d-437e-8bbe-4bc892850065/operationresults/eyJqb2JJZCI6IlJFU09VUkNFR1JPVVBERUxFVElPTkpPQi1QUzQwNjYtV0VTVFVTIiwiam9iTG9jYXRpb24iOiJ3ZXN0dXMifQ?api-version=2016-09-01",
      "EncodedRequestUri": "L3N1YnNjcmlwdGlvbnMvNmJiOWQzNzQtMWYwZC00MzdlLThiYmUtNGJjODkyODUwMDY1L29wZXJhdGlvbnJlc3VsdHMvZXlKcWIySkpaQ0k2SWxKRlUwOVZVa05GUjFKUFZWQkVSVXhGVkVsUFRrcFBRaTFRVXpRd05qWXRWMFZUVkZWVElpd2lhbTlpVEc5allYUnBiMjRpT2lKM1pYTjBkWE1pZlE/YXBpLXZlcnNpb249MjAxNi0wOS0wMQ==",
      "RequestMethod": "GET",
      "RequestHeaders": {
        "User-Agent": [
          "FxVersion/4.700.22.51102",
          "OSName/Windows",
          "OSVersion/Microsoft.Windows.10.0.19045",
          "Microsoft.Azure.Management.Internal.Resources.ResourceManagementClient/1.3.67"
        ]
      },
      "RequestBody": "",
      "ResponseHeaders": {
        "Cache-Control": [
          "no-cache"
        ],
        "Pragma": [
          "no-cache"
        ],
        "x-ms-ratelimit-remaining-subscription-reads": [
          "11982"
        ],
        "x-ms-request-id": [
          "1ba82c5f-69ae-4d55-96bb-be878c17dac7"
        ],
        "x-ms-correlation-request-id": [
          "1ba82c5f-69ae-4d55-96bb-be878c17dac7"
        ],
        "x-ms-routing-request-id": [
          "JIOINDIACENTRAL:20221212T081830Z:1ba82c5f-69ae-4d55-96bb-be878c17dac7"
        ],
        "Strict-Transport-Security": [
          "max-age=31536000; includeSubDomains"
        ],
        "X-Content-Type-Options": [
          "nosniff"
        ],
        "Date": [
          "Mon, 12 Dec 2022 08:18:29 GMT"
        ],
        "Expires": [
          "-1"
        ],
        "Content-Length": [
          "0"
        ]
      },
      "ResponseBody": "",
      "StatusCode": 200
    },
    {
      "RequestUri": "/subscriptions/6bb9d374-1f0d-437e-8bbe-4bc892850065/operationresults/eyJqb2JJZCI6IlJFU09VUkNFR1JPVVBERUxFVElPTkpPQi1QUzQwNjYtV0VTVFVTIiwiam9iTG9jYXRpb24iOiJ3ZXN0dXMifQ?api-version=2016-09-01",
      "EncodedRequestUri": "L3N1YnNjcmlwdGlvbnMvNmJiOWQzNzQtMWYwZC00MzdlLThiYmUtNGJjODkyODUwMDY1L29wZXJhdGlvbnJlc3VsdHMvZXlKcWIySkpaQ0k2SWxKRlUwOVZVa05GUjFKUFZWQkVSVXhGVkVsUFRrcFBRaTFRVXpRd05qWXRWMFZUVkZWVElpd2lhbTlpVEc5allYUnBiMjRpT2lKM1pYTjBkWE1pZlE/YXBpLXZlcnNpb249MjAxNi0wOS0wMQ==",
      "RequestMethod": "GET",
      "RequestHeaders": {
        "User-Agent": [
          "FxVersion/4.700.22.51102",
          "OSName/Windows",
          "OSVersion/Microsoft.Windows.10.0.19045",
          "Microsoft.Azure.Management.Internal.Resources.ResourceManagementClient/1.3.67"
        ]
      },
      "RequestBody": "",
      "ResponseHeaders": {
        "Cache-Control": [
          "no-cache"
        ],
        "Pragma": [
          "no-cache"
        ],
        "x-ms-ratelimit-remaining-subscription-reads": [
          "11981"
        ],
        "x-ms-request-id": [
          "e598bbe1-70e8-4e78-8ad2-f31ba898718a"
        ],
        "x-ms-correlation-request-id": [
          "e598bbe1-70e8-4e78-8ad2-f31ba898718a"
        ],
        "x-ms-routing-request-id": [
          "JIOINDIACENTRAL:20221212T081830Z:e598bbe1-70e8-4e78-8ad2-f31ba898718a"
        ],
        "Strict-Transport-Security": [
          "max-age=31536000; includeSubDomains"
        ],
        "X-Content-Type-Options": [
          "nosniff"
        ],
        "Date": [
          "Mon, 12 Dec 2022 08:18:30 GMT"
        ],
        "Expires": [
          "-1"
        ],
        "Content-Length": [
          "0"
        ]
      },
      "ResponseBody": "",
      "StatusCode": 200
    }
  ],
  "Names": {
    "Test-PipeEndpointFromGetEndpoint": [
      "ps6204",
      "ps6136",
      "ps4066",
      "ps3545"
    ]
  },
  "Variables": {
    "SubscriptionId": "6bb9d374-1f0d-437e-8bbe-4bc892850065"
  }
}