{
  "Entries": [
    {
      "RequestUri": "/subscriptions/c39dce18-cead-4065-8fb1-3af7683a5038/resourcegroups/ps8584?api-version=2016-09-01",
      "EncodedRequestUri": "L3N1YnNjcmlwdGlvbnMvYzM5ZGNlMTgtY2VhZC00MDY1LThmYjEtM2FmNzY4M2E1MDM4L3Jlc291cmNlZ3JvdXBzL3BzODU4ND9hcGktdmVyc2lvbj0yMDE2LTA5LTAx",
      "RequestMethod": "PUT",
      "RequestBody": "{\r\n  \"location\": \"West US\"\r\n}",
      "RequestHeaders": {
        "Content-Type": [
          "application/json; charset=utf-8"
        ],
        "Content-Length": [
          "29"
        ],
        "x-ms-client-request-id": [
          "00169403-d788-44b9-8561-f925c412b66c"
        ],
        "accept-language": [
          "en-US"
        ],
        "User-Agent": [
          "FxVersion/4.7.2650.0",
          "OSName/Windows10Enterprise",
          "OSVersion/6.3.16299",
          "Microsoft.Azure.Management.Internal.Resources.ResourceManagementClient/4.1.0"
        ]
      },
      "ResponseBody": "{\r\n  \"id\": \"/subscriptions/c39dce18-cead-4065-8fb1-3af7683a5038/resourceGroups/ps8584\",\r\n  \"name\": \"ps8584\",\r\n  \"location\": \"westus\",\r\n  \"properties\": {\r\n    \"provisioningState\": \"Succeeded\"\r\n  }\r\n}",
      "ResponseHeaders": {
        "Content-Length": [
          "165"
        ],
        "Content-Type": [
          "application/json; charset=utf-8"
        ],
        "Expires": [
          "-1"
        ],
        "Pragma": [
          "no-cache"
        ],
        "x-ms-ratelimit-remaining-subscription-writes": [
          "1189"
        ],
        "x-ms-request-id": [
          "01f04a43-5e21-433a-899d-fdd5036bdb53"
        ],
        "x-ms-correlation-request-id": [
          "01f04a43-5e21-433a-899d-fdd5036bdb53"
        ],
        "x-ms-routing-request-id": [
          "NORTHEUROPE:20180713T195453Z:01f04a43-5e21-433a-899d-fdd5036bdb53"
        ],
        "Strict-Transport-Security": [
          "max-age=31536000; includeSubDomains"
        ],
        "X-Content-Type-Options": [
          "nosniff"
        ],
        "Cache-Control": [
          "no-cache"
        ],
        "Date": [
          "Fri, 13 Jul 2018 19:54:53 GMT"
        ]
      },
      "StatusCode": 201
    },
    {
      "RequestUri": "/subscriptions/c39dce18-cead-4065-8fb1-3af7683a5038/resourceGroups/ps8584/providers/Microsoft.DataFactory/factories/ps5756?api-version=2018-06-01",
      "EncodedRequestUri": "L3N1YnNjcmlwdGlvbnMvYzM5ZGNlMTgtY2VhZC00MDY1LThmYjEtM2FmNzY4M2E1MDM4L3Jlc291cmNlR3JvdXBzL3BzODU4NC9wcm92aWRlcnMvTWljcm9zb2Z0LkRhdGFGYWN0b3J5L2ZhY3Rvcmllcy9wczU3NTY/YXBpLXZlcnNpb249MjAxOC0wNi0wMQ==",
      "RequestMethod": "PUT",
      "RequestBody": "{\r\n  \"identity\": {\r\n    \"type\": \"SystemAssigned\"\r\n  },\r\n  \"location\": \"West US\"\r\n}",
      "RequestHeaders": {
        "Content-Type": [
          "application/json; charset=utf-8"
        ],
        "Content-Length": [
          "82"
        ],
        "x-ms-client-request-id": [
          "85197886-7450-4033-8f74-404631dbaf56"
        ],
        "accept-language": [
          "en-US"
        ],
        "User-Agent": [
          "FxVersion/4.7.2650.0",
          "OSName/Windows10Enterprise",
          "OSVersion/6.3.16299",
          "Microsoft.Azure.Management.DataFactory.DataFactoryManagementClient/1.0.0.0"
        ]
      },
      "ResponseBody": "{\r\n  \"name\": \"ps5756\",\r\n  \"identity\": {\r\n    \"type\": \"SystemAssigned\",\r\n    \"principalId\": \"97c3e672-01f6-4ec9-af14-78fc85df3d1c\",\r\n    \"tenantId\": \"f686d426-8d16-42db-81b7-ab578e110ccd\"\r\n  },\r\n  \"id\": \"/subscriptions/c39dce18-cead-4065-8fb1-3af7683a5038/resourceGroups/ps8584/providers/Microsoft.DataFactory/factories/ps5756\",\r\n  \"type\": \"Microsoft.DataFactory/factories\",\r\n  \"properties\": {\r\n    \"provisioningState\": \"Succeeded\",\r\n    \"createTime\": \"2018-07-13T19:55:01.0644206Z\",\r\n    \"version\": \"2018-06-01\"\r\n  },\r\n  \"eTag\": \"\\\"00007f05-0000-0000-0000-5b4903950000\\\"\",\r\n  \"location\": \"West US\",\r\n  \"tags\": {}\r\n}",
      "ResponseHeaders": {
        "Content-Length": [
          "523"
        ],
        "Content-Type": [
          "application/json; charset=utf-8"
        ],
        "Expires": [
          "-1"
        ],
        "Pragma": [
          "no-cache"
        ],
        "Strict-Transport-Security": [
          "max-age=31536000; includeSubDomains"
        ],
        "X-Content-Type-Options": [
          "nosniff"
        ],
        "x-ms-ratelimit-remaining-subscription-writes": [
          "1188"
        ],
        "x-ms-request-id": [
          "41006604-e823-4962-8996-adb4a6b1999c"
        ],
        "x-ms-correlation-request-id": [
          "41006604-e823-4962-8996-adb4a6b1999c"
        ],
        "x-ms-routing-request-id": [
          "NORTHEUROPE:20180713T195501Z:41006604-e823-4962-8996-adb4a6b1999c"
        ],
        "Cache-Control": [
          "no-cache"
        ],
        "Date": [
          "Fri, 13 Jul 2018 19:55:01 GMT"
        ],
        "Server": [
          "Microsoft-IIS/8.5"
        ],
        "X-Powered-By": [
          "ASP.NET"
        ]
      },
      "StatusCode": 200
    },
    {
      "RequestUri": "/subscriptions/c39dce18-cead-4065-8fb1-3af7683a5038/resourceGroups/ps8584/providers/Microsoft.DataFactory/factories/ps5756/linkedservices/foo?api-version=2018-06-01",
      "EncodedRequestUri": "L3N1YnNjcmlwdGlvbnMvYzM5ZGNlMTgtY2VhZC00MDY1LThmYjEtM2FmNzY4M2E1MDM4L3Jlc291cmNlR3JvdXBzL3BzODU4NC9wcm92aWRlcnMvTWljcm9zb2Z0LkRhdGFGYWN0b3J5L2ZhY3Rvcmllcy9wczU3NTYvbGlua2Vkc2VydmljZXMvZm9vP2FwaS12ZXJzaW9uPTIwMTgtMDYtMDE=",
      "RequestMethod": "PUT",
      "RequestBody": "{\r\n  \"properties\": {\r\n    \"type\": \"AzureStorage\",\r\n    \"typeProperties\": {\r\n      \"connectionString\": \"DefaultEndpointsProtocol=https;AccountName=myaccount;AccountKey=myfakekey;\"\r\n    }\r\n  }\r\n}",
      "RequestHeaders": {
        "Content-Type": [
          "application/json; charset=utf-8"
        ],
        "Content-Length": [
          "193"
        ],
        "x-ms-client-request-id": [
          "ef008ee6-e072-46e8-9f77-55aac24f3756"
        ],
        "accept-language": [
          "en-US"
        ],
        "User-Agent": [
          "FxVersion/4.7.2650.0",
          "OSName/Windows10Enterprise",
          "OSVersion/6.3.16299",
          "Microsoft.Azure.Management.DataFactory.DataFactoryManagementClient/1.0.0.0"
        ]
      },
      "ResponseBody": "{\r\n  \"id\": \"/subscriptions/c39dce18-cead-4065-8fb1-3af7683a5038/resourceGroups/ps8584/providers/Microsoft.DataFactory/factories/ps5756/linkedservices/foo\",\r\n  \"name\": \"foo\",\r\n  \"type\": \"Microsoft.DataFactory/factories/linkedservices\",\r\n  \"properties\": {\r\n    \"type\": \"AzureStorage\",\r\n    \"typeProperties\": {\r\n      \"connectionString\": \"DefaultEndpointsProtocol=https;AccountName=myaccount;\",\r\n      \"encryptedCredential\": \"ew0KICAiVmVyc2lvbiI6ICIyMDE3LTExLTMwIiwNCiAgIlByb3RlY3Rpb25Nb2RlIjogIktleSIsDQogICJTZWNyZXRDb250ZW50VHlwZSI6ICJQbGFpbnRleHQiLA0KICAiQ3JlZGVudGlhbElkIjogIlBTNTc1Nl82MDVjNmZmMS01NDBhLTRmMzctYjVhOC1jYzdmYWQ5YjAwYjQiDQp9\"\r\n    }\r\n  },\r\n  \"etag\": \"2900d652-0000-0000-0000-5b4903970000\"\r\n}",
      "ResponseHeaders": {
        "Content-Length": [
          "637"
        ],
        "Content-Type": [
          "application/json; charset=utf-8"
        ],
        "Expires": [
          "-1"
        ],
        "Pragma": [
          "no-cache"
        ],
        "Strict-Transport-Security": [
          "max-age=31536000; includeSubDomains"
        ],
        "X-Content-Type-Options": [
          "nosniff"
        ],
        "x-ms-ratelimit-remaining-subscription-writes": [
          "1187"
        ],
        "x-ms-request-id": [
          "f2dd44b2-78bb-4f62-811f-60595a2879ac"
        ],
        "x-ms-correlation-request-id": [
          "f2dd44b2-78bb-4f62-811f-60595a2879ac"
        ],
        "x-ms-routing-request-id": [
          "NORTHEUROPE:20180713T195503Z:f2dd44b2-78bb-4f62-811f-60595a2879ac"
        ],
        "Cache-Control": [
          "no-cache"
        ],
        "Date": [
          "Fri, 13 Jul 2018 19:55:03 GMT"
        ],
        "Server": [
          "Microsoft-IIS/8.5"
        ],
        "X-Powered-By": [
          "ASP.NET"
        ]
      },
      "StatusCode": 200
    },
    {
      "RequestUri": "/subscriptions/c39dce18-cead-4065-8fb1-3af7683a5038/resourceGroups/ps8584/providers/Microsoft.DataFactory/factories/ps5756/linkedservices/foo?api-version=2018-06-01",
      "EncodedRequestUri": "L3N1YnNjcmlwdGlvbnMvYzM5ZGNlMTgtY2VhZC00MDY1LThmYjEtM2FmNzY4M2E1MDM4L3Jlc291cmNlR3JvdXBzL3BzODU4NC9wcm92aWRlcnMvTWljcm9zb2Z0LkRhdGFGYWN0b3J5L2ZhY3Rvcmllcy9wczU3NTYvbGlua2Vkc2VydmljZXMvZm9vP2FwaS12ZXJzaW9uPTIwMTgtMDYtMDE=",
      "RequestMethod": "GET",
      "RequestBody": "",
      "RequestHeaders": {
        "x-ms-client-request-id": [
          "849304c4-e8a0-4409-bcbc-7218a3f6c6bb"
        ],
        "accept-language": [
          "en-US"
        ],
        "User-Agent": [
          "FxVersion/4.7.2650.0",
          "OSName/Windows10Enterprise",
          "OSVersion/6.3.16299",
          "Microsoft.Azure.Management.DataFactory.DataFactoryManagementClient/1.0.0.0"
        ]
      },
      "ResponseBody": "{\r\n  \"id\": \"/subscriptions/c39dce18-cead-4065-8fb1-3af7683a5038/resourceGroups/ps8584/providers/Microsoft.DataFactory/factories/ps5756/linkedservices/foo\",\r\n  \"name\": \"foo\",\r\n  \"type\": \"Microsoft.DataFactory/factories/linkedservices\",\r\n  \"properties\": {\r\n    \"type\": \"AzureStorage\",\r\n    \"typeProperties\": {\r\n      \"connectionString\": \"DefaultEndpointsProtocol=https;AccountName=myaccount;\",\r\n      \"encryptedCredential\": \"ew0KICAiVmVyc2lvbiI6ICIyMDE3LTExLTMwIiwNCiAgIlByb3RlY3Rpb25Nb2RlIjogIktleSIsDQogICJTZWNyZXRDb250ZW50VHlwZSI6ICJQbGFpbnRleHQiLA0KICAiQ3JlZGVudGlhbElkIjogIlBTNTc1Nl82MDVjNmZmMS01NDBhLTRmMzctYjVhOC1jYzdmYWQ5YjAwYjQiDQp9\"\r\n    }\r\n  },\r\n  \"etag\": \"2900d652-0000-0000-0000-5b4903970000\"\r\n}",
      "ResponseHeaders": {
        "Content-Length": [
          "637"
        ],
        "Content-Type": [
          "application/json; charset=utf-8"
        ],
        "Expires": [
          "-1"
        ],
        "Pragma": [
          "no-cache"
        ],
        "Strict-Transport-Security": [
          "max-age=31536000; includeSubDomains"
        ],
        "X-Content-Type-Options": [
          "nosniff"
        ],
        "x-ms-ratelimit-remaining-subscription-reads": [
          "14992"
        ],
        "x-ms-request-id": [
          "cc00cd16-1e35-4fa9-b238-7167b108f52b"
        ],
        "x-ms-correlation-request-id": [
          "cc00cd16-1e35-4fa9-b238-7167b108f52b"
        ],
        "x-ms-routing-request-id": [
          "NORTHEUROPE:20180713T195503Z:cc00cd16-1e35-4fa9-b238-7167b108f52b"
        ],
        "Cache-Control": [
          "no-cache"
        ],
        "Date": [
          "Fri, 13 Jul 2018 19:55:03 GMT"
        ],
        "Server": [
          "Microsoft-IIS/8.5"
        ],
        "X-Powered-By": [
          "ASP.NET"
        ]
      },
      "StatusCode": 200
    },
    {
      "RequestUri": "/subscriptions/c39dce18-cead-4065-8fb1-3af7683a5038/resourceGroups/ps8584/providers/Microsoft.DataFactory/factories/ps5756/linkedservices/foo?api-version=2018-06-01",
      "EncodedRequestUri": "L3N1YnNjcmlwdGlvbnMvYzM5ZGNlMTgtY2VhZC00MDY1LThmYjEtM2FmNzY4M2E1MDM4L3Jlc291cmNlR3JvdXBzL3BzODU4NC9wcm92aWRlcnMvTWljcm9zb2Z0LkRhdGFGYWN0b3J5L2ZhY3Rvcmllcy9wczU3NTYvbGlua2Vkc2VydmljZXMvZm9vP2FwaS12ZXJzaW9uPTIwMTgtMDYtMDE=",
      "RequestMethod": "DELETE",
      "RequestBody": "",
      "RequestHeaders": {
        "x-ms-client-request-id": [
          "9ca62254-1f15-4c37-97ec-185247809ede"
        ],
        "accept-language": [
          "en-US"
        ],
        "User-Agent": [
          "FxVersion/4.7.2650.0",
          "OSName/Windows10Enterprise",
          "OSVersion/6.3.16299",
          "Microsoft.Azure.Management.DataFactory.DataFactoryManagementClient/1.0.0.0"
        ]
      },
      "ResponseBody": "",
      "ResponseHeaders": {
        "Content-Length": [
          "0"
        ],
        "Expires": [
          "-1"
        ],
        "Pragma": [
          "no-cache"
        ],
        "Strict-Transport-Security": [
          "max-age=31536000; includeSubDomains"
        ],
        "X-Content-Type-Options": [
          "nosniff"
        ],
        "x-ms-ratelimit-remaining-subscription-deletes": [
          "14991"
        ],
        "x-ms-request-id": [
          "e3790fa5-f0e5-4f17-b112-8730bba57956"
        ],
        "x-ms-correlation-request-id": [
          "e3790fa5-f0e5-4f17-b112-8730bba57956"
        ],
        "x-ms-routing-request-id": [
          "NORTHEUROPE:20180713T195504Z:e3790fa5-f0e5-4f17-b112-8730bba57956"
        ],
        "Cache-Control": [
          "no-cache"
        ],
        "Date": [
          "Fri, 13 Jul 2018 19:55:04 GMT"
        ],
        "Server": [
          "Microsoft-IIS/8.5"
        ],
        "X-Powered-By": [
          "ASP.NET"
        ]
      },
      "StatusCode": 200
    },
    {
      "RequestUri": "/subscriptions/c39dce18-cead-4065-8fb1-3af7683a5038/resourceGroups/ps8584/providers/Microsoft.DataFactory/factories/ps5756?api-version=2018-06-01",
      "EncodedRequestUri": "L3N1YnNjcmlwdGlvbnMvYzM5ZGNlMTgtY2VhZC00MDY1LThmYjEtM2FmNzY4M2E1MDM4L3Jlc291cmNlR3JvdXBzL3BzODU4NC9wcm92aWRlcnMvTWljcm9zb2Z0LkRhdGFGYWN0b3J5L2ZhY3Rvcmllcy9wczU3NTY/YXBpLXZlcnNpb249MjAxOC0wNi0wMQ==",
      "RequestMethod": "DELETE",
      "RequestBody": "",
      "RequestHeaders": {
        "x-ms-client-request-id": [
          "80f8f23a-e0b3-4080-8c28-28354d5fcae9"
        ],
        "accept-language": [
          "en-US"
        ],
        "User-Agent": [
          "FxVersion/4.7.2650.0",
          "OSName/Windows10Enterprise",
          "OSVersion/6.3.16299",
          "Microsoft.Azure.Management.DataFactory.DataFactoryManagementClient/1.0.0.0"
        ]
      },
      "ResponseBody": "",
      "ResponseHeaders": {
        "Content-Length": [
          "0"
        ],
        "Expires": [
          "-1"
        ],
        "Pragma": [
          "no-cache"
        ],
        "Strict-Transport-Security": [
          "max-age=31536000; includeSubDomains"
        ],
        "X-Content-Type-Options": [
          "nosniff"
        ],
        "x-ms-ratelimit-remaining-subscription-deletes": [
          "14990"
        ],
        "x-ms-request-id": [
          "71aa25c4-4971-4089-a014-ffe36d797b04"
        ],
        "x-ms-correlation-request-id": [
          "71aa25c4-4971-4089-a014-ffe36d797b04"
        ],
        "x-ms-routing-request-id": [
          "NORTHEUROPE:20180713T195506Z:71aa25c4-4971-4089-a014-ffe36d797b04"
        ],
        "Cache-Control": [
          "no-cache"
        ],
        "Date": [
          "Fri, 13 Jul 2018 19:55:05 GMT"
        ],
        "Server": [
          "Microsoft-IIS/8.5"
        ],
        "X-Powered-By": [
          "ASP.NET"
        ]
      },
      "StatusCode": 200
    },
    {
      "RequestUri": "/subscriptions/c39dce18-cead-4065-8fb1-3af7683a5038/resourcegroups/ps8584?api-version=2016-09-01",
      "EncodedRequestUri": "L3N1YnNjcmlwdGlvbnMvYzM5ZGNlMTgtY2VhZC00MDY1LThmYjEtM2FmNzY4M2E1MDM4L3Jlc291cmNlZ3JvdXBzL3BzODU4ND9hcGktdmVyc2lvbj0yMDE2LTA5LTAx",
      "RequestMethod": "DELETE",
      "RequestBody": "",
      "RequestHeaders": {
        "x-ms-client-request-id": [
          "0c49d5ec-5701-494b-99a1-0a25639c5593"
        ],
        "accept-language": [
          "en-US"
        ],
        "User-Agent": [
          "FxVersion/4.7.2650.0",
          "OSName/Windows10Enterprise",
          "OSVersion/6.3.16299",
          "Microsoft.Azure.Management.Internal.Resources.ResourceManagementClient/4.1.0"
        ]
      },
      "ResponseBody": "",
      "ResponseHeaders": {
        "Content-Length": [
          "0"
        ],
        "Expires": [
          "-1"
        ],
        "Pragma": [
          "no-cache"
        ],
        "Retry-After": [
          "15"
        ],
        "x-ms-ratelimit-remaining-subscription-deletes": [
          "14989"
        ],
        "x-ms-request-id": [
          "4352860d-401c-49fa-bcbc-59cd7c218752"
        ],
        "x-ms-correlation-request-id": [
          "4352860d-401c-49fa-bcbc-59cd7c218752"
        ],
        "x-ms-routing-request-id": [
          "NORTHEUROPE:20180713T195507Z:4352860d-401c-49fa-bcbc-59cd7c218752"
        ],
        "Strict-Transport-Security": [
          "max-age=31536000; includeSubDomains"
        ],
        "X-Content-Type-Options": [
          "nosniff"
        ],
        "Cache-Control": [
          "no-cache"
        ],
        "Date": [
          "Fri, 13 Jul 2018 19:55:06 GMT"
        ],
        "Location": [
          "https://api-dogfood.resources.windows-int.net/subscriptions/c39dce18-cead-4065-8fb1-3af7683a5038/operationresults/eyJqb2JJZCI6IlJFU09VUkNFR1JPVVBERUxFVElPTkpPQi1QUzg1ODQtV0VTVFVTIiwiam9iTG9jYXRpb24iOiJ3ZXN0dXMifQ?api-version=2016-09-01"
        ]
      },
      "StatusCode": 202
    },
    {
      "RequestUri": "/subscriptions/c39dce18-cead-4065-8fb1-3af7683a5038/operationresults/eyJqb2JJZCI6IlJFU09VUkNFR1JPVVBERUxFVElPTkpPQi1QUzg1ODQtV0VTVFVTIiwiam9iTG9jYXRpb24iOiJ3ZXN0dXMifQ?api-version=2016-09-01",
      "EncodedRequestUri": "L3N1YnNjcmlwdGlvbnMvYzM5ZGNlMTgtY2VhZC00MDY1LThmYjEtM2FmNzY4M2E1MDM4L29wZXJhdGlvbnJlc3VsdHMvZXlKcWIySkpaQ0k2SWxKRlUwOVZVa05GUjFKUFZWQkVSVXhGVkVsUFRrcFBRaTFRVXpnMU9EUXRWMFZUVkZWVElpd2lhbTlpVEc5allYUnBiMjRpT2lKM1pYTjBkWE1pZlE/YXBpLXZlcnNpb249MjAxNi0wOS0wMQ==",
      "RequestMethod": "GET",
      "RequestBody": "",
      "RequestHeaders": {
        "User-Agent": [
          "FxVersion/4.7.2650.0",
          "OSName/Windows10Enterprise",
          "OSVersion/6.3.16299",
          "Microsoft.Azure.Management.Internal.Resources.ResourceManagementClient/4.1.0"
        ]
      },
      "ResponseBody": "",
      "ResponseHeaders": {
        "Content-Length": [
          "0"
        ],
        "Expires": [
          "-1"
        ],
        "Pragma": [
          "no-cache"
        ],
        "Retry-After": [
          "15"
        ],
        "x-ms-ratelimit-remaining-subscription-reads": [
          "14991"
        ],
        "x-ms-request-id": [
          "e075b764-da26-4c6f-b97e-3a60bb8acdcd"
        ],
        "x-ms-correlation-request-id": [
          "e075b764-da26-4c6f-b97e-3a60bb8acdcd"
        ],
        "x-ms-routing-request-id": [
          "NORTHEUROPE:20180713T195522Z:e075b764-da26-4c6f-b97e-3a60bb8acdcd"
        ],
        "Strict-Transport-Security": [
          "max-age=31536000; includeSubDomains"
        ],
        "X-Content-Type-Options": [
          "nosniff"
        ],
        "Cache-Control": [
          "no-cache"
        ],
        "Date": [
          "Fri, 13 Jul 2018 19:55:22 GMT"
        ],
        "Location": [
          "https://api-dogfood.resources.windows-int.net/subscriptions/c39dce18-cead-4065-8fb1-3af7683a5038/operationresults/eyJqb2JJZCI6IlJFU09VUkNFR1JPVVBERUxFVElPTkpPQi1QUzg1ODQtV0VTVFVTIiwiam9iTG9jYXRpb24iOiJ3ZXN0dXMifQ?api-version=2016-09-01"
        ]
      },
      "StatusCode": 202
    },
    {
      "RequestUri": "/subscriptions/c39dce18-cead-4065-8fb1-3af7683a5038/operationresults/eyJqb2JJZCI6IlJFU09VUkNFR1JPVVBERUxFVElPTkpPQi1QUzg1ODQtV0VTVFVTIiwiam9iTG9jYXRpb24iOiJ3ZXN0dXMifQ?api-version=2016-09-01",
      "EncodedRequestUri": "L3N1YnNjcmlwdGlvbnMvYzM5ZGNlMTgtY2VhZC00MDY1LThmYjEtM2FmNzY4M2E1MDM4L29wZXJhdGlvbnJlc3VsdHMvZXlKcWIySkpaQ0k2SWxKRlUwOVZVa05GUjFKUFZWQkVSVXhGVkVsUFRrcFBRaTFRVXpnMU9EUXRWMFZUVkZWVElpd2lhbTlpVEc5allYUnBiMjRpT2lKM1pYTjBkWE1pZlE/YXBpLXZlcnNpb249MjAxNi0wOS0wMQ==",
      "RequestMethod": "GET",
      "RequestBody": "",
      "RequestHeaders": {
        "User-Agent": [
          "FxVersion/4.7.2650.0",
          "OSName/Windows10Enterprise",
          "OSVersion/6.3.16299",
          "Microsoft.Azure.Management.Internal.Resources.ResourceManagementClient/4.1.0"
        ]
      },
      "ResponseBody": "",
      "ResponseHeaders": {
        "Content-Length": [
          "0"
        ],
        "Expires": [
          "-1"
        ],
        "Pragma": [
          "no-cache"
        ],
        "Retry-After": [
          "15"
        ],
        "x-ms-ratelimit-remaining-subscription-reads": [
          "14990"
        ],
        "x-ms-request-id": [
          "c4e10d4a-f8d8-472e-823a-266b38a68892"
        ],
        "x-ms-correlation-request-id": [
          "c4e10d4a-f8d8-472e-823a-266b38a68892"
        ],
        "x-ms-routing-request-id": [
          "NORTHEUROPE:20180713T195538Z:c4e10d4a-f8d8-472e-823a-266b38a68892"
        ],
        "Strict-Transport-Security": [
          "max-age=31536000; includeSubDomains"
        ],
        "X-Content-Type-Options": [
          "nosniff"
        ],
        "Cache-Control": [
          "no-cache"
        ],
        "Date": [
          "Fri, 13 Jul 2018 19:55:38 GMT"
        ],
        "Location": [
          "https://api-dogfood.resources.windows-int.net/subscriptions/c39dce18-cead-4065-8fb1-3af7683a5038/operationresults/eyJqb2JJZCI6IlJFU09VUkNFR1JPVVBERUxFVElPTkpPQi1QUzg1ODQtV0VTVFVTIiwiam9iTG9jYXRpb24iOiJ3ZXN0dXMifQ?api-version=2016-09-01"
        ]
      },
      "StatusCode": 202
    },
    {
      "RequestUri": "/subscriptions/c39dce18-cead-4065-8fb1-3af7683a5038/operationresults/eyJqb2JJZCI6IlJFU09VUkNFR1JPVVBERUxFVElPTkpPQi1QUzg1ODQtV0VTVFVTIiwiam9iTG9jYXRpb24iOiJ3ZXN0dXMifQ?api-version=2016-09-01",
      "EncodedRequestUri": "L3N1YnNjcmlwdGlvbnMvYzM5ZGNlMTgtY2VhZC00MDY1LThmYjEtM2FmNzY4M2E1MDM4L29wZXJhdGlvbnJlc3VsdHMvZXlKcWIySkpaQ0k2SWxKRlUwOVZVa05GUjFKUFZWQkVSVXhGVkVsUFRrcFBRaTFRVXpnMU9EUXRWMFZUVkZWVElpd2lhbTlpVEc5allYUnBiMjRpT2lKM1pYTjBkWE1pZlE/YXBpLXZlcnNpb249MjAxNi0wOS0wMQ==",
      "RequestMethod": "GET",
      "RequestBody": "",
      "RequestHeaders": {
        "User-Agent": [
          "FxVersion/4.7.2650.0",
          "OSName/Windows10Enterprise",
          "OSVersion/6.3.16299",
          "Microsoft.Azure.Management.Internal.Resources.ResourceManagementClient/4.1.0"
        ]
      },
      "ResponseBody": "",
      "ResponseHeaders": {
        "Content-Length": [
          "0"
        ],
        "Expires": [
          "-1"
        ],
        "Pragma": [
          "no-cache"
        ],
        "x-ms-ratelimit-remaining-subscription-reads": [
          "14989"
        ],
        "x-ms-request-id": [
          "ec31a451-107b-459e-970b-e76705b64753"
        ],
        "x-ms-correlation-request-id": [
          "ec31a451-107b-459e-970b-e76705b64753"
        ],
        "x-ms-routing-request-id": [
          "NORTHEUROPE:20180713T195553Z:ec31a451-107b-459e-970b-e76705b64753"
        ],
        "Strict-Transport-Security": [
          "max-age=31536000; includeSubDomains"
        ],
        "X-Content-Type-Options": [
          "nosniff"
        ],
        "Cache-Control": [
          "no-cache"
        ],
        "Date": [
          "Fri, 13 Jul 2018 19:55:53 GMT"
        ]
      },
      "StatusCode": 200
    },
    {
      "RequestUri": "/subscriptions/c39dce18-cead-4065-8fb1-3af7683a5038/operationresults/eyJqb2JJZCI6IlJFU09VUkNFR1JPVVBERUxFVElPTkpPQi1QUzg1ODQtV0VTVFVTIiwiam9iTG9jYXRpb24iOiJ3ZXN0dXMifQ?api-version=2016-09-01",
      "EncodedRequestUri": "L3N1YnNjcmlwdGlvbnMvYzM5ZGNlMTgtY2VhZC00MDY1LThmYjEtM2FmNzY4M2E1MDM4L29wZXJhdGlvbnJlc3VsdHMvZXlKcWIySkpaQ0k2SWxKRlUwOVZVa05GUjFKUFZWQkVSVXhGVkVsUFRrcFBRaTFRVXpnMU9EUXRWMFZUVkZWVElpd2lhbTlpVEc5allYUnBiMjRpT2lKM1pYTjBkWE1pZlE/YXBpLXZlcnNpb249MjAxNi0wOS0wMQ==",
      "RequestMethod": "GET",
      "RequestBody": "",
      "RequestHeaders": {
        "User-Agent": [
          "FxVersion/4.7.2650.0",
          "OSName/Windows10Enterprise",
          "OSVersion/6.3.16299",
          "Microsoft.Azure.Management.Internal.Resources.ResourceManagementClient/4.1.0"
        ]
      },
      "ResponseBody": "",
      "ResponseHeaders": {
        "Content-Length": [
          "0"
        ],
        "Expires": [
          "-1"
        ],
        "Pragma": [
          "no-cache"
        ],
        "x-ms-ratelimit-remaining-subscription-reads": [
          "14988"
        ],
        "x-ms-request-id": [
          "8c005ab5-74c0-4162-8789-d8d4d5a01668"
        ],
        "x-ms-correlation-request-id": [
          "8c005ab5-74c0-4162-8789-d8d4d5a01668"
        ],
        "x-ms-routing-request-id": [
          "NORTHEUROPE:20180713T195553Z:8c005ab5-74c0-4162-8789-d8d4d5a01668"
        ],
        "Strict-Transport-Security": [
          "max-age=31536000; includeSubDomains"
        ],
        "X-Content-Type-Options": [
          "nosniff"
        ],
        "Cache-Control": [
          "no-cache"
        ],
        "Date": [
          "Fri, 13 Jul 2018 19:55:53 GMT"
        ]
      },
      "StatusCode": 200
    }
  ],
  "Names": {
    "Test-LinkedServiceWithDataFactoryParameter": [
      "ps5756",
      "ps8584"
    ]
  },
  "Variables": {
    "SubscriptionId": "c39dce18-cead-4065-8fb1-3af7683a5038"
  }
}