{
  "Entries": [
    {
      "RequestUri": "/subscriptions/47f4bc68-6fe4-43a2-be8b-dfd0e290efa2/resourcegroups/ps9512?api-version=2016-09-01",
      "EncodedRequestUri": "L3N1YnNjcmlwdGlvbnMvNDdmNGJjNjgtNmZlNC00M2EyLWJlOGItZGZkMGUyOTBlZmEyL3Jlc291cmNlZ3JvdXBzL3BzOTUxMj9hcGktdmVyc2lvbj0yMDE2LTA5LTAx",
      "RequestMethod": "PUT",
      "RequestBody": "{\r\n  \"location\": \"West US\"\r\n}",
      "RequestHeaders": {
        "x-ms-client-request-id": [
          "cdc7d833-b593-4e51-9847-f17699dcb85d"
        ],
        "Accept-Language": [
          "en-US"
        ],
        "User-Agent": [
          "FxVersion/4.6.27129.04",
          "OSName/Windows",
          "OSVersion/Microsoft.Windows.10.0.17763.",
          "Microsoft.Azure.Management.Internal.Resources.ResourceManagementClient/1.2.0"
        ],
        "Content-Type": [
          "application/json; charset=utf-8"
        ],
        "Content-Length": [
          "29"
        ]
      },
      "ResponseHeaders": {
        "Cache-Control": [
          "no-cache"
        ],
        "Pragma": [
          "no-cache"
        ],
        "x-ms-ratelimit-remaining-subscription-writes": [
          "1198"
        ],
        "x-ms-request-id": [
          "d79557c2-c188-4fbf-8931-e18a80dab989"
        ],
        "x-ms-correlation-request-id": [
          "d79557c2-c188-4fbf-8931-e18a80dab989"
        ],
        "x-ms-routing-request-id": [
          "WESTUS2:20190510T235235Z:d79557c2-c188-4fbf-8931-e18a80dab989"
        ],
        "Strict-Transport-Security": [
          "max-age=31536000; includeSubDomains"
        ],
        "X-Content-Type-Options": [
          "nosniff"
        ],
        "Date": [
          "Fri, 10 May 2019 23:52:34 GMT"
        ],
        "Content-Length": [
          "165"
        ],
        "Content-Type": [
          "application/json; charset=utf-8"
        ],
        "Expires": [
          "-1"
        ]
      },
      "ResponseBody": "{\r\n  \"id\": \"/subscriptions/47f4bc68-6fe4-43a2-be8b-dfd0e290efa2/resourceGroups/ps9512\",\r\n  \"name\": \"ps9512\",\r\n  \"location\": \"westus\",\r\n  \"properties\": {\r\n    \"provisioningState\": \"Succeeded\"\r\n  }\r\n}",
      "StatusCode": 201
    },
    {
      "RequestUri": "/subscriptions/47f4bc68-6fe4-43a2-be8b-dfd0e290efa2/providers/Microsoft.Cdn/profiles?api-version=2019-04-15",
      "EncodedRequestUri": "L3N1YnNjcmlwdGlvbnMvNDdmNGJjNjgtNmZlNC00M2EyLWJlOGItZGZkMGUyOTBlZmEyL3Byb3ZpZGVycy9NaWNyb3NvZnQuQ2RuL3Byb2ZpbGVzP2FwaS12ZXJzaW9uPTIwMTktMDQtMTU=",
      "RequestMethod": "GET",
      "RequestBody": "",
      "RequestHeaders": {
        "x-ms-client-request-id": [
          "4902532c-5290-45d7-a7e8-fe128e4836d5"
        ],
        "Accept-Language": [
          "en-US"
        ],
        "User-Agent": [
          "FxVersion/4.6.27129.04",
          "OSName/Windows",
          "OSVersion/Microsoft.Windows.10.0.17763.",
          "Microsoft.Azure.Management.Cdn.CdnManagementClient/4.2.2.0"
        ]
      },
      "ResponseHeaders": {
        "Cache-Control": [
          "no-cache"
        ],
        "Pragma": [
          "no-cache"
        ],
        "x-ms-request-id": [
          "dd667e99-3f37-4781-b3a8-42be83ec667b"
        ],
        "x-ms-client-request-id": [
          "4902532c-5290-45d7-a7e8-fe128e4836d5"
        ],
        "OData-Version": [
          "4.0"
        ],
        "Strict-Transport-Security": [
          "max-age=31536000; includeSubDomains"
        ],
        "Server": [
          "Microsoft-IIS/8.5"
        ],
        "X-AspNet-Version": [
          "4.0.30319"
        ],
        "X-Powered-By": [
          "ASP.NET"
        ],
        "x-ms-ratelimit-remaining-subscription-reads": [
          "11991"
        ],
        "x-ms-correlation-request-id": [
          "a40075ae-f98e-49eb-8f6d-9af2fa4a9f26"
        ],
        "x-ms-routing-request-id": [
          "WESTUS2:20190510T235236Z:a40075ae-f98e-49eb-8f6d-9af2fa4a9f26"
        ],
        "X-Content-Type-Options": [
          "nosniff"
        ],
        "Date": [
          "Fri, 10 May 2019 23:52:35 GMT"
        ],
        "Content-Length": [
          "5756"
        ],
        "Content-Type": [
          "application/json; odata.metadata=minimal; odata.streaming=true"
        ],
        "Expires": [
          "-1"
        ]
      },
      "ResponseBody": "{\r\n  \"value\": [\r\n    {\r\n      \"name\": \"profile3470\",\r\n      \"id\": \"/subscriptions/47f4bc68-6fe4-43a2-be8b-dfd0e290efa2/resourcegroups/cdnResourceGroup7289/providers/Microsoft.Cdn/profiles/profile3470\",\r\n      \"type\": \"Microsoft.Cdn/profiles\",\r\n      \"tags\": {\r\n        \"key1\": \"value1\",\r\n        \"key2\": \"value2\"\r\n      },\r\n      \"location\": \"WestUs\",\r\n      \"sku\": {\r\n        \"name\": \"Standard_Microsoft\"\r\n      },\r\n      \"properties\": {\r\n        \"provisioningState\": \"Succeeded\",\r\n        \"resourceState\": \"Active\"\r\n      }\r\n    },\r\n    {\r\n      \"name\": \"Hata-AFD\",\r\n      \"id\": \"/subscriptions/47f4bc68-6fe4-43a2-be8b-dfd0e290efa2/resourcegroups/HataTest/providers/Microsoft.Cdn/profiles/Hata-AFD\",\r\n      \"type\": \"Microsoft.Cdn/profiles\",\r\n      \"tags\": {},\r\n      \"location\": \"CentralUs\",\r\n      \"sku\": {\r\n        \"name\": \"Standard_Microsoft\"\r\n      },\r\n      \"properties\": {\r\n        \"provisioningState\": \"Succeeded\",\r\n        \"resourceState\": \"Active\"\r\n      }\r\n    },\r\n    {\r\n      \"name\": \"test\",\r\n      \"id\": \"/subscriptions/47f4bc68-6fe4-43a2-be8b-dfd0e290efa2/resourcegroups/frontdoorpreview/providers/Microsoft.Cdn/profiles/test\",\r\n      \"type\": \"Microsoft.Cdn/profiles\",\r\n      \"tags\": {},\r\n      \"location\": \"WestUs\",\r\n      \"sku\": {\r\n        \"name\": \"Standard_Microsoft\"\r\n      },\r\n      \"properties\": {\r\n        \"provisioningState\": \"Succeeded\",\r\n        \"resourceState\": \"Active\"\r\n      }\r\n    },\r\n    {\r\n      \"name\": \"profile6554\",\r\n      \"id\": \"/subscriptions/47f4bc68-6fe4-43a2-be8b-dfd0e290efa2/resourcegroups/cdnResourceGroup7289/providers/Microsoft.Cdn/profiles/profile6554\",\r\n      \"type\": \"Microsoft.Cdn/profiles\",\r\n      \"tags\": {\r\n        \"key1\": \"value1\",\r\n        \"key2\": \"value2\"\r\n      },\r\n      \"location\": \"WestUs\",\r\n      \"sku\": {\r\n        \"name\": \"Standard_Microsoft\"\r\n      },\r\n      \"properties\": {\r\n        \"provisioningState\": \"Succeeded\",\r\n        \"resourceState\": \"Active\"\r\n      }\r\n    },\r\n    {\r\n      \"name\": \"hata-verizon\",\r\n      \"id\": \"/subscriptions/47f4bc68-6fe4-43a2-be8b-dfd0e290efa2/resourcegroups/azureedgedefault/providers/Microsoft.Cdn/profiles/hata-verizon\",\r\n      \"type\": \"Microsoft.Cdn/profiles\",\r\n      \"tags\": {},\r\n      \"location\": \"CentralUs\",\r\n      \"sku\": {\r\n        \"name\": \"Standard_Verizon\"\r\n      },\r\n      \"properties\": {\r\n        \"provisioningState\": \"Succeeded\",\r\n        \"resourceState\": \"Active\"\r\n      }\r\n    },\r\n    {\r\n      \"name\": \"profile4551\",\r\n      \"id\": \"/subscriptions/47f4bc68-6fe4-43a2-be8b-dfd0e290efa2/resourcegroups/cdnResourceGroup7011/providers/Microsoft.Cdn/profiles/profile4551\",\r\n      \"type\": \"Microsoft.Cdn/profiles\",\r\n      \"tags\": {\r\n        \"key1\": \"value1\",\r\n        \"key2\": \"value2\"\r\n      },\r\n      \"location\": \"WestUs\",\r\n      \"sku\": {\r\n        \"name\": \"Standard_Akamai\"\r\n      },\r\n      \"properties\": {\r\n        \"provisioningState\": \"Succeeded\",\r\n        \"resourceState\": \"Active\"\r\n      }\r\n    },\r\n    {\r\n      \"name\": \"testProfile\",\r\n      \"id\": \"/subscriptions/47f4bc68-6fe4-43a2-be8b-dfd0e290efa2/resourcegroups/frontdoorpreview/providers/Microsoft.Cdn/profiles/testProfile\",\r\n      \"type\": \"Microsoft.Cdn/profiles\",\r\n      \"tags\": {\r\n        \"tag2\": \"value2\",\r\n        \"tag1\": \"value1\"\r\n      },\r\n      \"location\": \"EastUs\",\r\n      \"sku\": {\r\n        \"name\": \"Standard_Microsoft\"\r\n      },\r\n      \"properties\": {\r\n        \"provisioningState\": \"Succeeded\",\r\n        \"resourceState\": \"Active\"\r\n      }\r\n    },\r\n    {\r\n      \"name\": \"ravindpAkamai\",\r\n      \"id\": \"/subscriptions/47f4bc68-6fe4-43a2-be8b-dfd0e290efa2/resourcegroups/ravindp/providers/Microsoft.Cdn/profiles/ravindpAkamai\",\r\n      \"type\": \"Microsoft.Cdn/profiles\",\r\n      \"tags\": {},\r\n      \"location\": \"CentralUs\",\r\n      \"sku\": {\r\n        \"name\": \"Standard_Akamai\"\r\n      },\r\n      \"properties\": {\r\n        \"provisioningState\": \"Succeeded\",\r\n        \"resourceState\": \"Active\"\r\n      }\r\n    },\r\n    {\r\n      \"name\": \"IStayTaiwanMSCDN\",\r\n      \"id\": \"/subscriptions/47f4bc68-6fe4-43a2-be8b-dfd0e290efa2/resourcegroups/istaytaiwanresgroup/providers/Microsoft.Cdn/profiles/IStayTaiwanMSCDN\",\r\n      \"type\": \"Microsoft.Cdn/profiles\",\r\n      \"tags\": {},\r\n      \"location\": \"EastAsia\",\r\n      \"sku\": {\r\n        \"name\": \"Standard_Microsoft\"\r\n      },\r\n      \"properties\": {\r\n        \"provisioningState\": \"Succeeded\",\r\n        \"resourceState\": \"Active\"\r\n      }\r\n    },\r\n    {\r\n      \"name\": \"profile5369\",\r\n      \"id\": \"/subscriptions/47f4bc68-6fe4-43a2-be8b-dfd0e290efa2/resourcegroups/cdnResourceGroup3295/providers/Microsoft.Cdn/profiles/profile5369\",\r\n      \"type\": \"Microsoft.Cdn/profiles\",\r\n      \"tags\": {\r\n        \"key1\": \"value1\",\r\n        \"key2\": \"value2\"\r\n      },\r\n      \"location\": \"WestUs\",\r\n      \"sku\": {\r\n        \"name\": \"Standard_Microsoft\"\r\n      },\r\n      \"properties\": {\r\n        \"provisioningState\": \"Succeeded\",\r\n        \"resourceState\": \"Active\"\r\n      }\r\n    },\r\n    {\r\n      \"name\": \"profile981\",\r\n      \"id\": \"/subscriptions/47f4bc68-6fe4-43a2-be8b-dfd0e290efa2/resourcegroups/cdnResourceGroup5308/providers/Microsoft.Cdn/profiles/profile981\",\r\n      \"type\": \"Microsoft.Cdn/profiles\",\r\n      \"tags\": {\r\n        \"key1\": \"value1\",\r\n        \"key2\": \"value2\"\r\n      },\r\n      \"location\": \"WestUs\",\r\n      \"sku\": {\r\n        \"name\": \"Standard_Akamai\"\r\n      },\r\n      \"properties\": {\r\n        \"provisioningState\": \"Succeeded\",\r\n        \"resourceState\": \"Active\"\r\n      }\r\n    },\r\n    {\r\n      \"name\": \"ps8126\",\r\n      \"id\": \"/subscriptions/47f4bc68-6fe4-43a2-be8b-dfd0e290efa2/resourcegroups/ps6218/providers/Microsoft.Cdn/profiles/ps8126\",\r\n      \"type\": \"Microsoft.Cdn/profiles\",\r\n      \"tags\": {\r\n        \"tag2\": \"value2\",\r\n        \"tag1\": \"value1\"\r\n      },\r\n      \"location\": \"EastUs\",\r\n      \"sku\": {\r\n        \"name\": \"Standard_Verizon\"\r\n      },\r\n      \"properties\": {\r\n        \"provisioningState\": \"Succeeded\",\r\n        \"resourceState\": \"Active\"\r\n      }\r\n    },\r\n    {\r\n      \"name\": \"ravindpBYoC\",\r\n      \"id\": \"/subscriptions/47f4bc68-6fe4-43a2-be8b-dfd0e290efa2/resourcegroups/ravindp/providers/Microsoft.Cdn/profiles/ravindpBYoC\",\r\n      \"type\": \"Microsoft.Cdn/profiles\",\r\n      \"tags\": {},\r\n      \"location\": \"CentralUs\",\r\n      \"sku\": {\r\n        \"name\": \"Standard_Verizon\"\r\n      },\r\n      \"properties\": {\r\n        \"provisioningState\": \"Succeeded\",\r\n        \"resourceState\": \"Active\"\r\n      }\r\n    },\r\n    {\r\n      \"name\": \"susi-test\",\r\n      \"id\": \"/subscriptions/47f4bc68-6fe4-43a2-be8b-dfd0e290efa2/resourcegroups/susi/providers/Microsoft.Cdn/profiles/susi-test\",\r\n      \"type\": \"Microsoft.Cdn/profiles\",\r\n      \"tags\": {},\r\n      \"location\": \"WestUs\",\r\n      \"sku\": {\r\n        \"name\": \"Standard_Microsoft\"\r\n      },\r\n      \"properties\": {\r\n        \"provisioningState\": \"Succeeded\",\r\n        \"resourceState\": \"Active\"\r\n      }\r\n    }\r\n  ]\r\n}",
      "StatusCode": 200
    },
    {
      "RequestUri": "/subscriptions/47f4bc68-6fe4-43a2-be8b-dfd0e290efa2/resourceGroups/ps9512/providers/Microsoft.Cdn/profiles/ps904?api-version=2019-04-15",
      "EncodedRequestUri": "L3N1YnNjcmlwdGlvbnMvNDdmNGJjNjgtNmZlNC00M2EyLWJlOGItZGZkMGUyOTBlZmEyL3Jlc291cmNlR3JvdXBzL3BzOTUxMi9wcm92aWRlcnMvTWljcm9zb2Z0LkNkbi9wcm9maWxlcy9wczkwND9hcGktdmVyc2lvbj0yMDE5LTA0LTE1",
      "RequestMethod": "PUT",
      "RequestBody": "{\r\n  \"sku\": {\r\n    \"name\": \"Standard_Akamai\"\r\n  },\r\n  \"location\": \"EastUS\",\r\n  \"tags\": {\r\n    \"tag2\": \"value2\",\r\n    \"tag1\": \"value1\"\r\n  }\r\n}",
      "RequestHeaders": {
        "x-ms-client-request-id": [
          "83e7b659-efc6-4a26-8f69-38e28e571c54"
        ],
        "Accept-Language": [
          "en-US"
        ],
        "User-Agent": [
          "FxVersion/4.6.27129.04",
          "OSName/Windows",
          "OSVersion/Microsoft.Windows.10.0.17763.",
          "Microsoft.Azure.Management.Cdn.CdnManagementClient/4.2.2.0"
        ],
        "Content-Type": [
          "application/json; charset=utf-8"
        ],
        "Content-Length": [
          "141"
        ]
      },
      "ResponseHeaders": {
        "Cache-Control": [
          "no-cache"
        ],
        "Pragma": [
          "no-cache"
        ],
        "Retry-After": [
          "10"
        ],
        "x-ms-request-id": [
          "962769d0-d1db-4f9d-afdc-08c70d156c79"
        ],
        "x-ms-client-request-id": [
          "83e7b659-efc6-4a26-8f69-38e28e571c54"
        ],
        "Azure-AsyncOperation": [
          "https://management.azure.com/subscriptions/47f4bc68-6fe4-43a2-be8b-dfd0e290efa2/resourcegroups/ps9512/providers/Microsoft.Cdn/operationresults/45c2a27d-7101-482a-a43e-ac573a2ad0b7?api-version=2019-04-15"
        ],
        "OData-Version": [
          "4.0"
        ],
        "Strict-Transport-Security": [
          "max-age=31536000; includeSubDomains"
        ],
        "Server": [
          "Microsoft-IIS/8.5"
        ],
        "X-AspNet-Version": [
          "4.0.30319"
        ],
        "X-Powered-By": [
          "ASP.NET"
        ],
        "x-ms-ratelimit-remaining-subscription-writes": [
          "1199"
        ],
        "x-ms-correlation-request-id": [
          "f991e09f-6ef6-4029-92fe-b836ecda1b98"
        ],
        "x-ms-routing-request-id": [
          "WESTUS2:20190510T235238Z:f991e09f-6ef6-4029-92fe-b836ecda1b98"
        ],
        "X-Content-Type-Options": [
          "nosniff"
        ],
        "Date": [
          "Fri, 10 May 2019 23:52:38 GMT"
        ],
        "Content-Length": [
          "371"
        ],
        "Content-Type": [
          "application/json; odata.metadata=minimal"
        ],
        "Expires": [
          "-1"
        ]
      },
      "ResponseBody": "{\r\n  \"name\": \"ps904\",\r\n  \"id\": \"/subscriptions/47f4bc68-6fe4-43a2-be8b-dfd0e290efa2/resourcegroups/ps9512/providers/Microsoft.Cdn/profiles/ps904\",\r\n  \"type\": \"Microsoft.Cdn/profiles\",\r\n  \"tags\": {\r\n    \"tag2\": \"value2\",\r\n    \"tag1\": \"value1\"\r\n  },\r\n  \"location\": \"EastUs\",\r\n  \"sku\": {\r\n    \"name\": \"Standard_Akamai\"\r\n  },\r\n  \"properties\": {\r\n    \"provisioningState\": \"Creating\",\r\n    \"resourceState\": \"Creating\"\r\n  }\r\n}",
      "StatusCode": 201
    },
    {
      "RequestUri": "/subscriptions/47f4bc68-6fe4-43a2-be8b-dfd0e290efa2/resourcegroups/ps9512/providers/Microsoft.Cdn/operationresults/45c2a27d-7101-482a-a43e-ac573a2ad0b7?api-version=2019-04-15",
      "EncodedRequestUri": "L3N1YnNjcmlwdGlvbnMvNDdmNGJjNjgtNmZlNC00M2EyLWJlOGItZGZkMGUyOTBlZmEyL3Jlc291cmNlZ3JvdXBzL3BzOTUxMi9wcm92aWRlcnMvTWljcm9zb2Z0LkNkbi9vcGVyYXRpb25yZXN1bHRzLzQ1YzJhMjdkLTcxMDEtNDgyYS1hNDNlLWFjNTczYTJhZDBiNz9hcGktdmVyc2lvbj0yMDE5LTA0LTE1",
      "RequestMethod": "GET",
      "RequestBody": "",
      "RequestHeaders": {
        "User-Agent": [
          "FxVersion/4.6.27129.04",
          "OSName/Windows",
          "OSVersion/Microsoft.Windows.10.0.17763.",
          "Microsoft.Azure.Management.Cdn.CdnManagementClient/4.2.2.0"
        ]
      },
      "ResponseHeaders": {
        "Cache-Control": [
          "no-cache"
        ],
        "Pragma": [
          "no-cache"
        ],
        "x-ms-request-id": [
          "d3cea017-b42c-4daa-a7ea-22f5f5ac6bde"
        ],
        "x-ms-client-request-id": [
          "8b76fce5-8a44-487b-a550-7dc7f35e3cde"
        ],
        "OData-Version": [
          "4.0"
        ],
        "Strict-Transport-Security": [
          "max-age=31536000; includeSubDomains"
        ],
        "Server": [
          "Microsoft-IIS/8.5"
        ],
        "X-AspNet-Version": [
          "4.0.30319"
        ],
        "X-Powered-By": [
          "ASP.NET"
        ],
        "x-ms-ratelimit-remaining-subscription-reads": [
          "11990"
        ],
        "x-ms-correlation-request-id": [
          "cccf776a-23ab-4c84-9320-e16aeb335503"
        ],
        "x-ms-routing-request-id": [
          "WESTUS2:20190510T235249Z:cccf776a-23ab-4c84-9320-e16aeb335503"
        ],
        "X-Content-Type-Options": [
          "nosniff"
        ],
        "Date": [
          "Fri, 10 May 2019 23:52:48 GMT"
        ],
        "Content-Length": [
          "77"
        ],
        "Content-Type": [
          "application/json; odata.metadata=minimal; odata.streaming=true"
        ],
        "Expires": [
          "-1"
        ]
      },
      "ResponseBody": "{\r\n  \"status\": \"Succeeded\",\r\n  \"error\": {\r\n    \"code\": \"None\",\r\n    \"message\": null\r\n  }\r\n}",
      "StatusCode": 200
    },
    {
      "RequestUri": "/subscriptions/47f4bc68-6fe4-43a2-be8b-dfd0e290efa2/resourceGroups/ps9512/providers/Microsoft.Cdn/profiles/ps904?api-version=2019-04-15",
      "EncodedRequestUri": "L3N1YnNjcmlwdGlvbnMvNDdmNGJjNjgtNmZlNC00M2EyLWJlOGItZGZkMGUyOTBlZmEyL3Jlc291cmNlR3JvdXBzL3BzOTUxMi9wcm92aWRlcnMvTWljcm9zb2Z0LkNkbi9wcm9maWxlcy9wczkwND9hcGktdmVyc2lvbj0yMDE5LTA0LTE1",
      "RequestMethod": "GET",
      "RequestBody": "",
      "RequestHeaders": {
        "User-Agent": [
          "FxVersion/4.6.27129.04",
          "OSName/Windows",
          "OSVersion/Microsoft.Windows.10.0.17763.",
          "Microsoft.Azure.Management.Cdn.CdnManagementClient/4.2.2.0"
        ]
      },
      "ResponseHeaders": {
        "Cache-Control": [
          "no-cache"
        ],
        "Pragma": [
          "no-cache"
        ],
        "x-ms-request-id": [
          "7da66506-0b2b-4201-a1f0-0be3ae821e38"
        ],
        "x-ms-client-request-id": [
          "d26b01d9-b743-4324-91e1-900f8a22a9e9"
        ],
        "OData-Version": [
          "4.0"
        ],
        "Strict-Transport-Security": [
          "max-age=31536000; includeSubDomains"
        ],
        "Server": [
          "Microsoft-IIS/8.5"
        ],
        "X-AspNet-Version": [
          "4.0.30319"
        ],
        "X-Powered-By": [
          "ASP.NET"
        ],
        "x-ms-ratelimit-remaining-subscription-reads": [
          "11989"
        ],
        "x-ms-correlation-request-id": [
          "27fa1aed-4426-4d78-8362-830b0eb915fa"
        ],
        "x-ms-routing-request-id": [
          "WESTUS2:20190510T235249Z:27fa1aed-4426-4d78-8362-830b0eb915fa"
        ],
        "X-Content-Type-Options": [
          "nosniff"
        ],
        "Date": [
          "Fri, 10 May 2019 23:52:48 GMT"
        ],
        "Content-Length": [
          "370"
        ],
        "Content-Type": [
          "application/json; odata.metadata=minimal; odata.streaming=true"
        ],
        "Expires": [
          "-1"
        ]
      },
      "ResponseBody": "{\r\n  \"name\": \"ps904\",\r\n  \"id\": \"/subscriptions/47f4bc68-6fe4-43a2-be8b-dfd0e290efa2/resourcegroups/ps9512/providers/Microsoft.Cdn/profiles/ps904\",\r\n  \"type\": \"Microsoft.Cdn/profiles\",\r\n  \"tags\": {\r\n    \"tag2\": \"value2\",\r\n    \"tag1\": \"value1\"\r\n  },\r\n  \"location\": \"EastUs\",\r\n  \"sku\": {\r\n    \"name\": \"Standard_Akamai\"\r\n  },\r\n  \"properties\": {\r\n    \"provisioningState\": \"Succeeded\",\r\n    \"resourceState\": \"Active\"\r\n  }\r\n}",
      "StatusCode": 200
    },
    {
      "RequestUri": "/providers/Microsoft.Cdn/checkNameAvailability?api-version=2019-04-15",
      "EncodedRequestUri": "L3Byb3ZpZGVycy9NaWNyb3NvZnQuQ2RuL2NoZWNrTmFtZUF2YWlsYWJpbGl0eT9hcGktdmVyc2lvbj0yMDE5LTA0LTE1",
      "RequestMethod": "POST",
      "RequestBody": "{\r\n  \"name\": \"testAkamaiEP\",\r\n  \"type\": \"Microsoft.Cdn/Profiles/Endpoints\"\r\n}",
      "RequestHeaders": {
        "x-ms-client-request-id": [
          "477935d7-cb04-4153-a286-3c6955924634"
        ],
        "Accept-Language": [
          "en-US"
        ],
        "User-Agent": [
          "FxVersion/4.6.27129.04",
          "OSName/Windows",
          "OSVersion/Microsoft.Windows.10.0.17763.",
          "Microsoft.Azure.Management.Cdn.CdnManagementClient/4.2.2.0"
        ],
        "Content-Type": [
          "application/json; charset=utf-8"
        ],
        "Content-Length": [
          "77"
        ]
      },
      "ResponseHeaders": {
        "Cache-Control": [
          "no-cache"
        ],
        "Pragma": [
          "no-cache"
        ],
        "x-ms-request-id": [
          "95dc24b9-7f48-4563-ad37-a03589b2d23d"
        ],
        "x-ms-client-request-id": [
          "477935d7-cb04-4153-a286-3c6955924634"
        ],
        "OData-Version": [
          "4.0"
        ],
        "Strict-Transport-Security": [
          "max-age=31536000; includeSubDomains"
        ],
        "Server": [
          "Microsoft-IIS/8.5"
        ],
        "X-AspNet-Version": [
          "4.0.30319"
        ],
        "X-Powered-By": [
          "ASP.NET"
        ],
        "x-ms-ratelimit-remaining-tenant-writes": [
          "1199"
        ],
        "x-ms-correlation-request-id": [
          "89ca37b1-9a0a-4120-98c5-02d20c851bce"
        ],
        "x-ms-routing-request-id": [
          "WESTUS2:20190510T235250Z:89ca37b1-9a0a-4120-98c5-02d20c851bce"
        ],
        "X-Content-Type-Options": [
          "nosniff"
        ],
        "Date": [
          "Fri, 10 May 2019 23:52:49 GMT"
        ],
        "Content-Length": [
          "57"
        ],
        "Content-Type": [
          "application/json; odata.metadata=minimal"
        ],
        "Expires": [
          "-1"
        ]
      },
      "ResponseBody": "{\r\n  \"nameAvailable\": true,\r\n  \"reason\": null,\r\n  \"message\": null\r\n}",
      "StatusCode": 200
    },
    {
      "RequestUri": "/subscriptions/47f4bc68-6fe4-43a2-be8b-dfd0e290efa2/resourceGroups/ps9512/providers/Microsoft.Cdn/profiles/ps904/endpoints/testAkamaiEP?api-version=2019-04-15",
      "EncodedRequestUri": "L3N1YnNjcmlwdGlvbnMvNDdmNGJjNjgtNmZlNC00M2EyLWJlOGItZGZkMGUyOTBlZmEyL3Jlc291cmNlR3JvdXBzL3BzOTUxMi9wcm92aWRlcnMvTWljcm9zb2Z0LkNkbi9wcm9maWxlcy9wczkwNC9lbmRwb2ludHMvdGVzdEFrYW1haUVQP2FwaS12ZXJzaW9uPTIwMTktMDQtMTU=",
      "RequestMethod": "PUT",
      "RequestBody": "{\r\n  \"properties\": {\r\n    \"origins\": [\r\n      {\r\n        \"name\": \"ps2721\",\r\n        \"properties\": {\r\n          \"hostName\": \"www.microsoft.com\"\r\n        }\r\n      }\r\n    ]\r\n  },\r\n  \"location\": \"EastUS\"\r\n}",
      "RequestHeaders": {
        "x-ms-client-request-id": [
          "6cd8908a-3fbe-48e6-8afa-376a66257bbb"
        ],
        "Accept-Language": [
          "en-US"
        ],
        "User-Agent": [
          "FxVersion/4.6.27129.04",
          "OSName/Windows",
          "OSVersion/Microsoft.Windows.10.0.17763.",
          "Microsoft.Azure.Management.Cdn.CdnManagementClient/4.2.2.0"
        ],
        "Content-Type": [
          "application/json; charset=utf-8"
        ],
        "Content-Length": [
          "202"
        ]
      },
      "ResponseHeaders": {
        "Cache-Control": [
          "no-cache"
        ],
        "Pragma": [
          "no-cache"
        ],
        "Retry-After": [
          "10"
        ],
        "x-ms-request-id": [
          "46ee1f15-3915-4c79-b3fc-5c6b5a317626"
        ],
        "x-ms-client-request-id": [
          "6cd8908a-3fbe-48e6-8afa-376a66257bbb"
        ],
        "Azure-AsyncOperation": [
          "https://management.azure.com/subscriptions/47f4bc68-6fe4-43a2-be8b-dfd0e290efa2/resourcegroups/ps9512/providers/Microsoft.Cdn/operationresults/5e1f7b20-5f33-4bd0-bf10-e560df4b58ff?api-version=2019-04-15"
        ],
        "OData-Version": [
          "4.0"
        ],
        "Strict-Transport-Security": [
          "max-age=31536000; includeSubDomains"
        ],
        "Server": [
          "Microsoft-IIS/8.5"
        ],
        "X-AspNet-Version": [
          "4.0.30319"
        ],
        "X-Powered-By": [
          "ASP.NET"
        ],
        "x-ms-ratelimit-remaining-subscription-writes": [
          "1198"
        ],
        "x-ms-correlation-request-id": [
          "f27d337b-7ddf-4045-a521-c7f903bef8a4"
        ],
        "x-ms-routing-request-id": [
          "WESTUS2:20190510T235251Z:f27d337b-7ddf-4045-a521-c7f903bef8a4"
        ],
        "X-Content-Type-Options": [
          "nosniff"
        ],
        "Date": [
          "Fri, 10 May 2019 23:52:51 GMT"
        ],
        "Content-Length": [
          "871"
        ],
        "Content-Type": [
          "application/json; odata.metadata=minimal"
        ],
        "Expires": [
          "-1"
        ]
      },
      "ResponseBody": "{\r\n  \"name\": \"testAkamaiEP\",\r\n  \"id\": \"/subscriptions/47f4bc68-6fe4-43a2-be8b-dfd0e290efa2/resourcegroups/ps9512/providers/Microsoft.Cdn/profiles/ps904/endpoints/testAkamaiEP\",\r\n  \"type\": \"Microsoft.Cdn/profiles/endpoints\",\r\n  \"tags\": {},\r\n  \"location\": \"EastUs\",\r\n  \"properties\": {\r\n    \"hostName\": \"testAkamaiEP.azureedge.net\",\r\n    \"originHostHeader\": null,\r\n    \"provisioningState\": \"Creating\",\r\n    \"resourceState\": \"Creating\",\r\n    \"isHttpAllowed\": true,\r\n    \"isHttpsAllowed\": true,\r\n    \"queryStringCachingBehavior\": \"IgnoreQueryString\",\r\n    \"originPath\": null,\r\n    \"origins\": [\r\n      {\r\n        \"name\": \"ps2721\",\r\n        \"properties\": {\r\n          \"hostName\": \"www.microsoft.com\",\r\n          \"httpPort\": null,\r\n          \"httpsPort\": null\r\n        }\r\n      }\r\n    ],\r\n    \"customDomains\": [],\r\n    \"contentTypesToCompress\": [],\r\n    \"isCompressionEnabled\": false,\r\n    \"optimizationType\": null,\r\n    \"probePath\": null,\r\n    \"geoFilters\": [],\r\n    \"deliveryPolicy\": null\r\n  }\r\n}",
      "StatusCode": 201
    },
    {
      "RequestUri": "/subscriptions/47f4bc68-6fe4-43a2-be8b-dfd0e290efa2/resourcegroups/ps9512/providers/Microsoft.Cdn/operationresults/5e1f7b20-5f33-4bd0-bf10-e560df4b58ff?api-version=2019-04-15",
      "EncodedRequestUri": "L3N1YnNjcmlwdGlvbnMvNDdmNGJjNjgtNmZlNC00M2EyLWJlOGItZGZkMGUyOTBlZmEyL3Jlc291cmNlZ3JvdXBzL3BzOTUxMi9wcm92aWRlcnMvTWljcm9zb2Z0LkNkbi9vcGVyYXRpb25yZXN1bHRzLzVlMWY3YjIwLTVmMzMtNGJkMC1iZjEwLWU1NjBkZjRiNThmZj9hcGktdmVyc2lvbj0yMDE5LTA0LTE1",
      "RequestMethod": "GET",
      "RequestBody": "",
      "RequestHeaders": {
        "User-Agent": [
          "FxVersion/4.6.27129.04",
          "OSName/Windows",
          "OSVersion/Microsoft.Windows.10.0.17763.",
          "Microsoft.Azure.Management.Cdn.CdnManagementClient/4.2.2.0"
        ]
      },
      "ResponseHeaders": {
        "Cache-Control": [
          "no-cache"
        ],
        "Pragma": [
          "no-cache"
        ],
        "x-ms-request-id": [
          "ae57c5b4-ed9a-405c-a137-0d32e29e8960"
        ],
        "x-ms-client-request-id": [
          "5457c8d5-ddd7-44bf-8478-da6e0b9f19cd"
        ],
        "OData-Version": [
          "4.0"
        ],
        "Strict-Transport-Security": [
          "max-age=31536000; includeSubDomains"
        ],
        "Server": [
          "Microsoft-IIS/8.5"
        ],
        "X-AspNet-Version": [
          "4.0.30319"
        ],
        "X-Powered-By": [
          "ASP.NET"
        ],
        "x-ms-ratelimit-remaining-subscription-reads": [
          "11988"
        ],
        "x-ms-correlation-request-id": [
          "2def7ab5-d1e1-492a-a637-bc243820832d"
        ],
        "x-ms-routing-request-id": [
          "WESTUS2:20190510T235302Z:2def7ab5-d1e1-492a-a637-bc243820832d"
        ],
        "X-Content-Type-Options": [
          "nosniff"
        ],
        "Date": [
          "Fri, 10 May 2019 23:53:01 GMT"
        ],
        "Content-Length": [
          "77"
        ],
        "Content-Type": [
          "application/json; odata.metadata=minimal; odata.streaming=true"
        ],
        "Expires": [
          "-1"
        ]
      },
      "ResponseBody": "{\r\n  \"status\": \"Succeeded\",\r\n  \"error\": {\r\n    \"code\": \"None\",\r\n    \"message\": null\r\n  }\r\n}",
      "StatusCode": 200
    },
    {
      "RequestUri": "/subscriptions/47f4bc68-6fe4-43a2-be8b-dfd0e290efa2/resourceGroups/ps9512/providers/Microsoft.Cdn/profiles/ps904/endpoints/testAkamaiEP?api-version=2019-04-15",
      "EncodedRequestUri": "L3N1YnNjcmlwdGlvbnMvNDdmNGJjNjgtNmZlNC00M2EyLWJlOGItZGZkMGUyOTBlZmEyL3Jlc291cmNlR3JvdXBzL3BzOTUxMi9wcm92aWRlcnMvTWljcm9zb2Z0LkNkbi9wcm9maWxlcy9wczkwNC9lbmRwb2ludHMvdGVzdEFrYW1haUVQP2FwaS12ZXJzaW9uPTIwMTktMDQtMTU=",
      "RequestMethod": "GET",
      "RequestBody": "",
      "RequestHeaders": {
        "User-Agent": [
          "FxVersion/4.6.27129.04",
          "OSName/Windows",
          "OSVersion/Microsoft.Windows.10.0.17763.",
          "Microsoft.Azure.Management.Cdn.CdnManagementClient/4.2.2.0"
        ]
      },
      "ResponseHeaders": {
        "Cache-Control": [
          "no-cache"
        ],
        "Pragma": [
          "no-cache"
        ],
        "x-ms-request-id": [
          "a84dae75-3ae2-47ff-85da-ed84acd0700b"
        ],
        "x-ms-client-request-id": [
          "d1bd4081-a144-4e96-a0c8-6bbf527fa159"
        ],
        "OData-Version": [
          "4.0"
        ],
        "Strict-Transport-Security": [
          "max-age=31536000; includeSubDomains"
        ],
        "Server": [
          "Microsoft-IIS/8.5"
        ],
        "X-AspNet-Version": [
          "4.0.30319"
        ],
        "X-Powered-By": [
          "ASP.NET"
        ],
        "x-ms-ratelimit-remaining-subscription-reads": [
          "11987"
        ],
        "x-ms-correlation-request-id": [
          "9a685456-5e0d-407d-8761-ad4e9b020171"
        ],
        "x-ms-routing-request-id": [
          "WESTUS2:20190510T235302Z:9a685456-5e0d-407d-8761-ad4e9b020171"
        ],
        "X-Content-Type-Options": [
          "nosniff"
        ],
        "Date": [
          "Fri, 10 May 2019 23:53:02 GMT"
        ],
        "Content-Length": [
          "871"
        ],
        "Content-Type": [
          "application/json; odata.metadata=minimal; odata.streaming=true"
        ],
        "Expires": [
          "-1"
        ]
      },
      "ResponseBody": "{\r\n  \"name\": \"testAkamaiEP\",\r\n  \"id\": \"/subscriptions/47f4bc68-6fe4-43a2-be8b-dfd0e290efa2/resourcegroups/ps9512/providers/Microsoft.Cdn/profiles/ps904/endpoints/testAkamaiEP\",\r\n  \"type\": \"Microsoft.Cdn/profiles/endpoints\",\r\n  \"tags\": {},\r\n  \"location\": \"EastUs\",\r\n  \"properties\": {\r\n    \"hostName\": \"testAkamaiEP.azureedge.net\",\r\n    \"originHostHeader\": null,\r\n    \"provisioningState\": \"Succeeded\",\r\n    \"resourceState\": \"Running\",\r\n    \"isHttpAllowed\": true,\r\n    \"isHttpsAllowed\": true,\r\n    \"queryStringCachingBehavior\": \"IgnoreQueryString\",\r\n    \"originPath\": null,\r\n    \"origins\": [\r\n      {\r\n        \"name\": \"ps2721\",\r\n        \"properties\": {\r\n          \"hostName\": \"www.microsoft.com\",\r\n          \"httpPort\": null,\r\n          \"httpsPort\": null\r\n        }\r\n      }\r\n    ],\r\n    \"customDomains\": [],\r\n    \"contentTypesToCompress\": [],\r\n    \"isCompressionEnabled\": false,\r\n    \"optimizationType\": null,\r\n    \"probePath\": null,\r\n    \"geoFilters\": [],\r\n    \"deliveryPolicy\": null\r\n  }\r\n}",
      "StatusCode": 200
    },
    {
      "RequestUri": "/subscriptions/47f4bc68-6fe4-43a2-be8b-dfd0e290efa2/resourceGroups/ps9512/providers/Microsoft.Cdn/profiles/ps904/endpoints/testAkamaiEP?api-version=2019-04-15",
      "EncodedRequestUri": "L3N1YnNjcmlwdGlvbnMvNDdmNGJjNjgtNmZlNC00M2EyLWJlOGItZGZkMGUyOTBlZmEyL3Jlc291cmNlR3JvdXBzL3BzOTUxMi9wcm92aWRlcnMvTWljcm9zb2Z0LkNkbi9wcm9maWxlcy9wczkwNC9lbmRwb2ludHMvdGVzdEFrYW1haUVQP2FwaS12ZXJzaW9uPTIwMTktMDQtMTU=",
      "RequestMethod": "GET",
      "RequestBody": "",
      "RequestHeaders": {
        "x-ms-client-request-id": [
          "442072ef-ba67-49f7-808e-fec37f3ae69f"
        ],
        "Accept-Language": [
          "en-US"
        ],
        "User-Agent": [
          "FxVersion/4.6.27129.04",
          "OSName/Windows",
          "OSVersion/Microsoft.Windows.10.0.17763.",
          "Microsoft.Azure.Management.Cdn.CdnManagementClient/4.2.2.0"
        ]
      },
      "ResponseHeaders": {
        "Cache-Control": [
          "no-cache"
        ],
        "Pragma": [
          "no-cache"
        ],
        "x-ms-request-id": [
          "f02b5df4-4a7d-4106-a74a-beb5149573c8"
        ],
        "x-ms-client-request-id": [
          "442072ef-ba67-49f7-808e-fec37f3ae69f"
        ],
        "OData-Version": [
          "4.0"
        ],
        "Strict-Transport-Security": [
          "max-age=31536000; includeSubDomains"
        ],
        "Server": [
          "Microsoft-IIS/8.5"
        ],
        "X-AspNet-Version": [
          "4.0.30319"
        ],
        "X-Powered-By": [
          "ASP.NET"
        ],
        "x-ms-ratelimit-remaining-subscription-reads": [
          "11986"
        ],
        "x-ms-correlation-request-id": [
          "9a7b51eb-561f-4efb-8c76-aec3b1055946"
        ],
        "x-ms-routing-request-id": [
          "WESTUS2:20190510T235302Z:9a7b51eb-561f-4efb-8c76-aec3b1055946"
        ],
        "X-Content-Type-Options": [
          "nosniff"
        ],
        "Date": [
          "Fri, 10 May 2019 23:53:02 GMT"
        ],
        "Content-Length": [
          "871"
        ],
        "Content-Type": [
          "application/json; odata.metadata=minimal; odata.streaming=true"
        ],
        "Expires": [
          "-1"
        ]
      },
      "ResponseBody": "{\r\n  \"name\": \"testAkamaiEP\",\r\n  \"id\": \"/subscriptions/47f4bc68-6fe4-43a2-be8b-dfd0e290efa2/resourcegroups/ps9512/providers/Microsoft.Cdn/profiles/ps904/endpoints/testAkamaiEP\",\r\n  \"type\": \"Microsoft.Cdn/profiles/endpoints\",\r\n  \"tags\": {},\r\n  \"location\": \"EastUs\",\r\n  \"properties\": {\r\n    \"hostName\": \"testAkamaiEP.azureedge.net\",\r\n    \"originHostHeader\": null,\r\n    \"provisioningState\": \"Succeeded\",\r\n    \"resourceState\": \"Running\",\r\n    \"isHttpAllowed\": true,\r\n    \"isHttpsAllowed\": true,\r\n    \"queryStringCachingBehavior\": \"IgnoreQueryString\",\r\n    \"originPath\": null,\r\n    \"origins\": [\r\n      {\r\n        \"name\": \"ps2721\",\r\n        \"properties\": {\r\n          \"hostName\": \"www.microsoft.com\",\r\n          \"httpPort\": null,\r\n          \"httpsPort\": null\r\n        }\r\n      }\r\n    ],\r\n    \"customDomains\": [],\r\n    \"contentTypesToCompress\": [],\r\n    \"isCompressionEnabled\": false,\r\n    \"optimizationType\": null,\r\n    \"probePath\": null,\r\n    \"geoFilters\": [],\r\n    \"deliveryPolicy\": null\r\n  }\r\n}",
      "StatusCode": 200
    },
    {
      "RequestUri": "/subscriptions/47f4bc68-6fe4-43a2-be8b-dfd0e290efa2/resourceGroups/ps9512/providers/Microsoft.Cdn/profiles/ps904/endpoints/testAkamaiEP/validateCustomDomain?api-version=2019-04-15",
      "EncodedRequestUri": "L3N1YnNjcmlwdGlvbnMvNDdmNGJjNjgtNmZlNC00M2EyLWJlOGItZGZkMGUyOTBlZmEyL3Jlc291cmNlR3JvdXBzL3BzOTUxMi9wcm92aWRlcnMvTWljcm9zb2Z0LkNkbi9wcm9maWxlcy9wczkwNC9lbmRwb2ludHMvdGVzdEFrYW1haUVQL3ZhbGlkYXRlQ3VzdG9tRG9tYWluP2FwaS12ZXJzaW9uPTIwMTktMDQtMTU=",
      "RequestMethod": "POST",
      "RequestBody": "{\r\n  \"hostName\": \"testAkamai.dustydog.us\"\r\n}",
      "RequestHeaders": {
        "x-ms-client-request-id": [
          "b474f303-5d76-4960-a976-31b1c930340f"
        ],
        "Accept-Language": [
          "en-US"
        ],
        "User-Agent": [
          "FxVersion/4.6.27129.04",
          "OSName/Windows",
          "OSVersion/Microsoft.Windows.10.0.17763.",
          "Microsoft.Azure.Management.Cdn.CdnManagementClient/4.2.2.0"
        ],
        "Content-Type": [
          "application/json; charset=utf-8"
        ],
        "Content-Length": [
          "44"
        ]
      },
      "ResponseHeaders": {
        "Cache-Control": [
          "no-cache"
        ],
        "Pragma": [
          "no-cache"
        ],
        "x-ms-request-id": [
          "97db32fd-273d-475a-ae5d-843d3ea03cfd"
        ],
        "x-ms-client-request-id": [
          "b474f303-5d76-4960-a976-31b1c930340f"
        ],
        "OData-Version": [
          "4.0"
        ],
        "Strict-Transport-Security": [
          "max-age=31536000; includeSubDomains"
        ],
        "Server": [
          "Microsoft-IIS/8.5"
        ],
        "X-AspNet-Version": [
          "4.0.30319"
        ],
        "X-Powered-By": [
          "ASP.NET"
        ],
        "x-ms-ratelimit-remaining-subscription-writes": [
          "1199"
        ],
        "x-ms-correlation-request-id": [
          "4bedf67d-5609-4d82-9741-37c33bc945cc"
        ],
        "x-ms-routing-request-id": [
          "WESTUS2:20190510T235303Z:4bedf67d-5609-4d82-9741-37c33bc945cc"
        ],
        "X-Content-Type-Options": [
          "nosniff"
        ],
        "Date": [
          "Fri, 10 May 2019 23:53:03 GMT"
        ],
        "Content-Length": [
          "65"
        ],
        "Content-Type": [
          "application/json; odata.metadata=minimal"
        ],
        "Expires": [
          "-1"
        ]
      },
      "ResponseBody": "{\r\n  \"customDomainValidated\": true,\r\n  \"message\": null,\r\n  \"reason\": null\r\n}",
      "StatusCode": 200
    },
    {
      "RequestUri": "/subscriptions/47f4bc68-6fe4-43a2-be8b-dfd0e290efa2/resourceGroups/ps9512/providers/Microsoft.Cdn/profiles/ps904/endpoints/testAkamaiEP/validateCustomDomain?api-version=2019-04-15",
      "EncodedRequestUri": "L3N1YnNjcmlwdGlvbnMvNDdmNGJjNjgtNmZlNC00M2EyLWJlOGItZGZkMGUyOTBlZmEyL3Jlc291cmNlR3JvdXBzL3BzOTUxMi9wcm92aWRlcnMvTWljcm9zb2Z0LkNkbi9wcm9maWxlcy9wczkwNC9lbmRwb2ludHMvdGVzdEFrYW1haUVQL3ZhbGlkYXRlQ3VzdG9tRG9tYWluP2FwaS12ZXJzaW9uPTIwMTktMDQtMTU=",
      "RequestMethod": "POST",
      "RequestBody": "{\r\n  \"hostName\": \"testAkamai.dustydog.us\"\r\n}",
      "RequestHeaders": {
        "x-ms-client-request-id": [
          "6499a7ea-9a8b-420b-afeb-4b9f32ff2600"
        ],
        "Accept-Language": [
          "en-US"
        ],
        "User-Agent": [
          "FxVersion/4.6.27129.04",
          "OSName/Windows",
          "OSVersion/Microsoft.Windows.10.0.17763.",
          "Microsoft.Azure.Management.Cdn.CdnManagementClient/4.2.2.0"
        ],
        "Content-Type": [
          "application/json; charset=utf-8"
        ],
        "Content-Length": [
          "44"
        ]
      },
      "ResponseHeaders": {
        "Cache-Control": [
          "no-cache"
        ],
        "Pragma": [
          "no-cache"
        ],
        "x-ms-request-id": [
          "5473c588-00c9-4e09-9d64-cf84e9d3ce75"
        ],
        "x-ms-client-request-id": [
          "6499a7ea-9a8b-420b-afeb-4b9f32ff2600"
        ],
        "OData-Version": [
          "4.0"
        ],
        "Strict-Transport-Security": [
          "max-age=31536000; includeSubDomains"
        ],
        "Server": [
          "Microsoft-IIS/8.5"
        ],
        "X-AspNet-Version": [
          "4.0.30319"
        ],
        "X-Powered-By": [
          "ASP.NET"
        ],
        "x-ms-ratelimit-remaining-subscription-writes": [
          "1198"
        ],
        "x-ms-correlation-request-id": [
          "a3766e58-592c-47a8-b775-4b85b639d7be"
        ],
        "x-ms-routing-request-id": [
          "WESTUS2:20190510T235303Z:a3766e58-592c-47a8-b775-4b85b639d7be"
        ],
        "X-Content-Type-Options": [
          "nosniff"
        ],
        "Date": [
          "Fri, 10 May 2019 23:53:03 GMT"
        ],
        "Content-Length": [
          "65"
        ],
        "Content-Type": [
          "application/json; odata.metadata=minimal"
        ],
        "Expires": [
          "-1"
        ]
      },
      "ResponseBody": "{\r\n  \"customDomainValidated\": true,\r\n  \"message\": null,\r\n  \"reason\": null\r\n}",
      "StatusCode": 200
    },
    {
      "RequestUri": "/subscriptions/47f4bc68-6fe4-43a2-be8b-dfd0e290efa2/resourceGroups/ps9512/providers/Microsoft.Cdn/profiles/ps904/endpoints/testAkamaiEP/customDomains?api-version=2019-04-15",
      "EncodedRequestUri": "L3N1YnNjcmlwdGlvbnMvNDdmNGJjNjgtNmZlNC00M2EyLWJlOGItZGZkMGUyOTBlZmEyL3Jlc291cmNlR3JvdXBzL3BzOTUxMi9wcm92aWRlcnMvTWljcm9zb2Z0LkNkbi9wcm9maWxlcy9wczkwNC9lbmRwb2ludHMvdGVzdEFrYW1haUVQL2N1c3RvbURvbWFpbnM/YXBpLXZlcnNpb249MjAxOS0wNC0xNQ==",
      "RequestMethod": "GET",
      "RequestBody": "",
      "RequestHeaders": {
        "x-ms-client-request-id": [
          "ae0b249c-542a-4330-a701-f723211e8f67"
        ],
        "Accept-Language": [
          "en-US"
        ],
        "User-Agent": [
          "FxVersion/4.6.27129.04",
          "OSName/Windows",
          "OSVersion/Microsoft.Windows.10.0.17763.",
          "Microsoft.Azure.Management.Cdn.CdnManagementClient/4.2.2.0"
        ]
      },
      "ResponseHeaders": {
        "Cache-Control": [
          "no-cache"
        ],
        "Pragma": [
          "no-cache"
        ],
        "x-ms-request-id": [
          "344c89d5-3ffd-40ce-9068-bed34be31bb9"
        ],
        "x-ms-client-request-id": [
          "ae0b249c-542a-4330-a701-f723211e8f67"
        ],
        "OData-Version": [
          "4.0"
        ],
        "Strict-Transport-Security": [
          "max-age=31536000; includeSubDomains"
        ],
        "Server": [
          "Microsoft-IIS/8.5"
        ],
        "X-AspNet-Version": [
          "4.0.30319"
        ],
        "X-Powered-By": [
          "ASP.NET"
        ],
        "x-ms-ratelimit-remaining-subscription-reads": [
          "11985"
        ],
        "x-ms-correlation-request-id": [
          "b75a4e81-5760-4651-a741-9c0bf8e0fe8f"
        ],
        "x-ms-routing-request-id": [
          "WESTUS2:20190510T235304Z:b75a4e81-5760-4651-a741-9c0bf8e0fe8f"
        ],
        "X-Content-Type-Options": [
          "nosniff"
        ],
        "Date": [
          "Fri, 10 May 2019 23:53:03 GMT"
        ],
        "Content-Length": [
          "28"
        ],
        "Content-Type": [
          "application/json; odata.metadata=minimal; odata.streaming=true"
        ],
        "Expires": [
          "-1"
        ]
      },
      "ResponseBody": "{\r\n  \"value\": []\r\n}",
      "StatusCode": 200
    },
    {
      "RequestUri": "/subscriptions/47f4bc68-6fe4-43a2-be8b-dfd0e290efa2/resourceGroups/ps9512/providers/Microsoft.Cdn/profiles/ps904/endpoints/testAkamaiEP/customDomains?api-version=2019-04-15",
      "EncodedRequestUri": "L3N1YnNjcmlwdGlvbnMvNDdmNGJjNjgtNmZlNC00M2EyLWJlOGItZGZkMGUyOTBlZmEyL3Jlc291cmNlR3JvdXBzL3BzOTUxMi9wcm92aWRlcnMvTWljcm9zb2Z0LkNkbi9wcm9maWxlcy9wczkwNC9lbmRwb2ludHMvdGVzdEFrYW1haUVQL2N1c3RvbURvbWFpbnM/YXBpLXZlcnNpb249MjAxOS0wNC0xNQ==",
      "RequestMethod": "GET",
      "RequestBody": "",
      "RequestHeaders": {
        "x-ms-client-request-id": [
          "26d00406-94a7-4422-86d3-cca908399d11"
        ],
        "Accept-Language": [
          "en-US"
        ],
        "User-Agent": [
          "FxVersion/4.6.27129.04",
          "OSName/Windows",
          "OSVersion/Microsoft.Windows.10.0.17763.",
          "Microsoft.Azure.Management.Cdn.CdnManagementClient/4.2.2.0"
        ]
      },
      "ResponseHeaders": {
        "Cache-Control": [
          "no-cache"
        ],
        "Pragma": [
          "no-cache"
        ],
        "x-ms-request-id": [
          "f62a0d39-04fc-4354-8812-5f050091cca7"
        ],
        "x-ms-client-request-id": [
          "26d00406-94a7-4422-86d3-cca908399d11"
        ],
        "OData-Version": [
          "4.0"
        ],
        "Strict-Transport-Security": [
          "max-age=31536000; includeSubDomains"
        ],
        "Server": [
          "Microsoft-IIS/8.5"
        ],
        "X-AspNet-Version": [
          "4.0.30319"
        ],
        "X-Powered-By": [
          "ASP.NET"
        ],
        "x-ms-ratelimit-remaining-subscription-reads": [
          "11981"
        ],
        "x-ms-correlation-request-id": [
          "3adc58df-bf4a-4e1a-bd3d-79c5b7f41f71"
        ],
        "x-ms-routing-request-id": [
          "WESTUS2:20190510T235325Z:3adc58df-bf4a-4e1a-bd3d-79c5b7f41f71"
        ],
        "X-Content-Type-Options": [
          "nosniff"
        ],
        "Date": [
          "Fri, 10 May 2019 23:53:24 GMT"
        ],
        "Content-Length": [
          "539"
        ],
        "Content-Type": [
          "application/json; odata.metadata=minimal; odata.streaming=true"
        ],
        "Expires": [
          "-1"
        ]
      },
      "ResponseBody": "{\r\n  \"value\": [\r\n    {\r\n      \"name\": \"ps2904\",\r\n      \"id\": \"/subscriptions/47f4bc68-6fe4-43a2-be8b-dfd0e290efa2/resourcegroups/ps9512/providers/Microsoft.Cdn/profiles/ps904/endpoints/testAkamaiEP/customdomains/ps2904\",\r\n      \"type\": \"Microsoft.Cdn/profiles/endpoints/customdomains\",\r\n      \"properties\": {\r\n        \"provisioningState\": \"Succeeded\",\r\n        \"resourceState\": \"Active\",\r\n        \"hostName\": \"testakamai.dustydog.us\",\r\n        \"validationData\": null,\r\n        \"customHttpsProvisioningState\": \"Disabled\",\r\n        \"customHttpsProvisioningSubstate\": \"None\",\r\n        \"customHttpsParameters\": null\r\n      }\r\n    }\r\n  ]\r\n}",
      "StatusCode": 200
    },
    {
      "RequestUri": "/subscriptions/47f4bc68-6fe4-43a2-be8b-dfd0e290efa2/resourceGroups/ps9512/providers/Microsoft.Cdn/profiles/ps904/endpoints/testAkamaiEP/customDomains?api-version=2019-04-15",
      "EncodedRequestUri": "L3N1YnNjcmlwdGlvbnMvNDdmNGJjNjgtNmZlNC00M2EyLWJlOGItZGZkMGUyOTBlZmEyL3Jlc291cmNlR3JvdXBzL3BzOTUxMi9wcm92aWRlcnMvTWljcm9zb2Z0LkNkbi9wcm9maWxlcy9wczkwNC9lbmRwb2ludHMvdGVzdEFrYW1haUVQL2N1c3RvbURvbWFpbnM/YXBpLXZlcnNpb249MjAxOS0wNC0xNQ==",
      "RequestMethod": "GET",
      "RequestBody": "",
      "RequestHeaders": {
        "x-ms-client-request-id": [
          "9638b112-10f6-4875-adef-0a3fc8ad8738"
        ],
        "Accept-Language": [
          "en-US"
        ],
        "User-Agent": [
          "FxVersion/4.6.27129.04",
          "OSName/Windows",
          "OSVersion/Microsoft.Windows.10.0.17763.",
          "Microsoft.Azure.Management.Cdn.CdnManagementClient/4.2.2.0"
        ]
      },
      "ResponseHeaders": {
        "Cache-Control": [
          "no-cache"
        ],
        "Pragma": [
          "no-cache"
        ],
        "x-ms-request-id": [
          "13f2c591-4bd4-461b-bce1-63ad422ae981"
        ],
        "x-ms-client-request-id": [
          "9638b112-10f6-4875-adef-0a3fc8ad8738"
        ],
        "OData-Version": [
          "4.0"
        ],
        "Strict-Transport-Security": [
          "max-age=31536000; includeSubDomains"
        ],
        "Server": [
          "Microsoft-IIS/8.5"
        ],
        "X-AspNet-Version": [
          "4.0.30319"
        ],
        "X-Powered-By": [
          "ASP.NET"
        ],
        "x-ms-ratelimit-remaining-subscription-reads": [
          "11979"
        ],
        "x-ms-correlation-request-id": [
          "b7f25e89-e6d0-49e9-93b5-b6dc1157ddc1"
        ],
        "x-ms-routing-request-id": [
          "WESTUS2:20190510T235325Z:b7f25e89-e6d0-49e9-93b5-b6dc1157ddc1"
        ],
        "X-Content-Type-Options": [
          "nosniff"
        ],
        "Date": [
          "Fri, 10 May 2019 23:53:25 GMT"
        ],
        "Content-Length": [
          "539"
        ],
        "Content-Type": [
          "application/json; odata.metadata=minimal; odata.streaming=true"
        ],
        "Expires": [
          "-1"
        ]
      },
      "ResponseBody": "{\r\n  \"value\": [\r\n    {\r\n      \"name\": \"ps2904\",\r\n      \"id\": \"/subscriptions/47f4bc68-6fe4-43a2-be8b-dfd0e290efa2/resourcegroups/ps9512/providers/Microsoft.Cdn/profiles/ps904/endpoints/testAkamaiEP/customdomains/ps2904\",\r\n      \"type\": \"Microsoft.Cdn/profiles/endpoints/customdomains\",\r\n      \"properties\": {\r\n        \"provisioningState\": \"Succeeded\",\r\n        \"resourceState\": \"Active\",\r\n        \"hostName\": \"testakamai.dustydog.us\",\r\n        \"validationData\": null,\r\n        \"customHttpsProvisioningState\": \"Disabled\",\r\n        \"customHttpsProvisioningSubstate\": \"None\",\r\n        \"customHttpsParameters\": null\r\n      }\r\n    }\r\n  ]\r\n}",
      "StatusCode": 200
    },
    {
      "RequestUri": "/subscriptions/47f4bc68-6fe4-43a2-be8b-dfd0e290efa2/resourceGroups/ps9512/providers/Microsoft.Cdn/profiles/ps904/endpoints/testAkamaiEP/customDomains?api-version=2019-04-15",
      "EncodedRequestUri": "L3N1YnNjcmlwdGlvbnMvNDdmNGJjNjgtNmZlNC00M2EyLWJlOGItZGZkMGUyOTBlZmEyL3Jlc291cmNlR3JvdXBzL3BzOTUxMi9wcm92aWRlcnMvTWljcm9zb2Z0LkNkbi9wcm9maWxlcy9wczkwNC9lbmRwb2ludHMvdGVzdEFrYW1haUVQL2N1c3RvbURvbWFpbnM/YXBpLXZlcnNpb249MjAxOS0wNC0xNQ==",
      "RequestMethod": "GET",
      "RequestBody": "",
      "RequestHeaders": {
        "x-ms-client-request-id": [
          "1dca93ea-9efe-43d3-823c-b52b66e9914e"
        ],
        "Accept-Language": [
          "en-US"
        ],
        "User-Agent": [
          "FxVersion/4.6.27129.04",
          "OSName/Windows",
          "OSVersion/Microsoft.Windows.10.0.17763.",
          "Microsoft.Azure.Management.Cdn.CdnManagementClient/4.2.2.0"
        ]
      },
      "ResponseHeaders": {
        "Cache-Control": [
          "no-cache"
        ],
        "Pragma": [
          "no-cache"
        ],
        "x-ms-request-id": [
          "f9bc46fe-b529-4f1e-87dd-f648127ccfc1"
        ],
        "x-ms-client-request-id": [
          "1dca93ea-9efe-43d3-823c-b52b66e9914e"
        ],
        "OData-Version": [
          "4.0"
        ],
        "Strict-Transport-Security": [
          "max-age=31536000; includeSubDomains"
        ],
        "x-ms-ratelimit-remaining-subscription-reads": [
          "11976"
        ],
        "Server": [
          "Microsoft-IIS/8.5"
        ],
        "X-AspNet-Version": [
          "4.0.30319"
        ],
        "X-Powered-By": [
          "ASP.NET"
        ],
        "x-ms-correlation-request-id": [
          "538c346b-2d2d-4ce3-9d4d-e9a8d4541b19"
        ],
        "x-ms-routing-request-id": [
          "WESTUS2:20190510T235337Z:538c346b-2d2d-4ce3-9d4d-e9a8d4541b19"
        ],
        "X-Content-Type-Options": [
          "nosniff"
        ],
        "Date": [
          "Fri, 10 May 2019 23:53:36 GMT"
        ],
        "Content-Length": [
          "28"
        ],
        "Content-Type": [
          "application/json; odata.metadata=minimal; odata.streaming=true"
        ],
        "Expires": [
          "-1"
        ]
      },
      "ResponseBody": "{\r\n  \"value\": []\r\n}",
      "StatusCode": 200
    },
    {
      "RequestUri": "/subscriptions/47f4bc68-6fe4-43a2-be8b-dfd0e290efa2/resourceGroups/ps9512/providers/Microsoft.Cdn/profiles/ps904/endpoints/testAkamaiEP/customDomains/ps2904?api-version=2019-04-15",
      "EncodedRequestUri": "L3N1YnNjcmlwdGlvbnMvNDdmNGJjNjgtNmZlNC00M2EyLWJlOGItZGZkMGUyOTBlZmEyL3Jlc291cmNlR3JvdXBzL3BzOTUxMi9wcm92aWRlcnMvTWljcm9zb2Z0LkNkbi9wcm9maWxlcy9wczkwNC9lbmRwb2ludHMvdGVzdEFrYW1haUVQL2N1c3RvbURvbWFpbnMvcHMyOTA0P2FwaS12ZXJzaW9uPTIwMTktMDQtMTU=",
      "RequestMethod": "PUT",
      "RequestBody": "{\r\n  \"properties\": {\r\n    \"hostName\": \"testAkamai.dustydog.us\"\r\n  }\r\n}",
      "RequestHeaders": {
        "x-ms-client-request-id": [
          "3bc8c81e-4e62-4a7c-aeef-82f3ff03ef9a"
        ],
        "Accept-Language": [
          "en-US"
        ],
        "User-Agent": [
          "FxVersion/4.6.27129.04",
          "OSName/Windows",
          "OSVersion/Microsoft.Windows.10.0.17763.",
          "Microsoft.Azure.Management.Cdn.CdnManagementClient/4.2.2.0"
        ],
        "Content-Type": [
          "application/json; charset=utf-8"
        ],
        "Content-Length": [
          "70"
        ]
      },
      "ResponseHeaders": {
        "Cache-Control": [
          "no-cache"
        ],
        "Pragma": [
          "no-cache"
        ],
        "Retry-After": [
          "10"
        ],
        "x-ms-request-id": [
          "956fe25e-b18e-465b-9267-9a7c54c7729d"
        ],
        "x-ms-client-request-id": [
          "3bc8c81e-4e62-4a7c-aeef-82f3ff03ef9a"
        ],
        "Azure-AsyncOperation": [
          "https://management.azure.com/subscriptions/47f4bc68-6fe4-43a2-be8b-dfd0e290efa2/resourcegroups/ps9512/providers/Microsoft.Cdn/operationresults/70435bf3-7074-4782-b9fa-d8dafd08ff87?api-version=2019-04-15"
        ],
        "OData-Version": [
          "4.0"
        ],
        "Strict-Transport-Security": [
          "max-age=31536000; includeSubDomains"
        ],
        "Server": [
          "Microsoft-IIS/8.5"
        ],
        "X-AspNet-Version": [
          "4.0.30319"
        ],
        "X-Powered-By": [
          "ASP.NET"
        ],
        "x-ms-ratelimit-remaining-subscription-writes": [
          "1197"
        ],
        "x-ms-correlation-request-id": [
          "8e76b65f-6884-4016-b567-f88dc5edb9f9"
        ],
        "x-ms-routing-request-id": [
          "WESTUS2:20190510T235304Z:8e76b65f-6884-4016-b567-f88dc5edb9f9"
        ],
        "X-Content-Type-Options": [
          "nosniff"
        ],
        "Date": [
          "Fri, 10 May 2019 23:53:04 GMT"
        ],
        "Content-Length": [
          "496"
        ],
        "Content-Type": [
          "application/json; odata.metadata=minimal"
        ],
        "Expires": [
          "-1"
        ]
      },
      "ResponseBody": "{\r\n  \"name\": \"ps2904\",\r\n  \"id\": \"/subscriptions/47f4bc68-6fe4-43a2-be8b-dfd0e290efa2/resourcegroups/ps9512/providers/Microsoft.Cdn/profiles/ps904/endpoints/testAkamaiEP/customdomains/ps2904\",\r\n  \"type\": \"Microsoft.Cdn/profiles/endpoints/customdomains\",\r\n  \"properties\": {\r\n    \"provisioningState\": \"Creating\",\r\n    \"resourceState\": \"Creating\",\r\n    \"hostName\": \"testakamai.dustydog.us\",\r\n    \"validationData\": null,\r\n    \"customHttpsProvisioningState\": \"Disabled\",\r\n    \"customHttpsProvisioningSubstate\": \"None\",\r\n    \"customHttpsParameters\": null\r\n  }\r\n}",
      "StatusCode": 201
    },
    {
      "RequestUri": "/subscriptions/47f4bc68-6fe4-43a2-be8b-dfd0e290efa2/resourcegroups/ps9512/providers/Microsoft.Cdn/operationresults/70435bf3-7074-4782-b9fa-d8dafd08ff87?api-version=2019-04-15",
      "EncodedRequestUri": "L3N1YnNjcmlwdGlvbnMvNDdmNGJjNjgtNmZlNC00M2EyLWJlOGItZGZkMGUyOTBlZmEyL3Jlc291cmNlZ3JvdXBzL3BzOTUxMi9wcm92aWRlcnMvTWljcm9zb2Z0LkNkbi9vcGVyYXRpb25yZXN1bHRzLzcwNDM1YmYzLTcwNzQtNDc4Mi1iOWZhLWQ4ZGFmZDA4ZmY4Nz9hcGktdmVyc2lvbj0yMDE5LTA0LTE1",
      "RequestMethod": "GET",
      "RequestBody": "",
      "RequestHeaders": {
        "User-Agent": [
          "FxVersion/4.6.27129.04",
          "OSName/Windows",
          "OSVersion/Microsoft.Windows.10.0.17763.",
          "Microsoft.Azure.Management.Cdn.CdnManagementClient/4.2.2.0"
        ]
      },
      "ResponseHeaders": {
        "Cache-Control": [
          "no-cache"
        ],
        "Pragma": [
          "no-cache"
        ],
        "x-ms-request-id": [
          "499685f3-4c38-40cc-a376-82a2c5521062"
        ],
        "x-ms-client-request-id": [
          "378ec6ff-1029-4dca-babd-c5178da89386"
        ],
        "OData-Version": [
          "4.0"
        ],
        "Strict-Transport-Security": [
          "max-age=31536000; includeSubDomains"
        ],
        "Server": [
          "Microsoft-IIS/8.5"
        ],
        "X-AspNet-Version": [
          "4.0.30319"
        ],
        "X-Powered-By": [
          "ASP.NET"
        ],
        "x-ms-ratelimit-remaining-subscription-reads": [
          "11984"
        ],
        "x-ms-correlation-request-id": [
          "c8404b6f-0115-4591-a5d1-5ea43b253696"
        ],
        "x-ms-routing-request-id": [
          "WESTUS2:20190510T235314Z:c8404b6f-0115-4591-a5d1-5ea43b253696"
        ],
        "X-Content-Type-Options": [
          "nosniff"
        ],
        "Date": [
          "Fri, 10 May 2019 23:53:14 GMT"
        ],
        "Content-Length": [
          "78"
        ],
        "Content-Type": [
          "application/json; odata.metadata=minimal; odata.streaming=true"
        ],
        "Expires": [
          "-1"
        ]
      },
      "ResponseBody": "{\r\n  \"status\": \"InProgress\",\r\n  \"error\": {\r\n    \"code\": \"None\",\r\n    \"message\": null\r\n  }\r\n}",
      "StatusCode": 200
    },
    {
      "RequestUri": "/subscriptions/47f4bc68-6fe4-43a2-be8b-dfd0e290efa2/resourcegroups/ps9512/providers/Microsoft.Cdn/operationresults/70435bf3-7074-4782-b9fa-d8dafd08ff87?api-version=2019-04-15",
      "EncodedRequestUri": "L3N1YnNjcmlwdGlvbnMvNDdmNGJjNjgtNmZlNC00M2EyLWJlOGItZGZkMGUyOTBlZmEyL3Jlc291cmNlZ3JvdXBzL3BzOTUxMi9wcm92aWRlcnMvTWljcm9zb2Z0LkNkbi9vcGVyYXRpb25yZXN1bHRzLzcwNDM1YmYzLTcwNzQtNDc4Mi1iOWZhLWQ4ZGFmZDA4ZmY4Nz9hcGktdmVyc2lvbj0yMDE5LTA0LTE1",
      "RequestMethod": "GET",
      "RequestBody": "",
      "RequestHeaders": {
        "User-Agent": [
          "FxVersion/4.6.27129.04",
          "OSName/Windows",
          "OSVersion/Microsoft.Windows.10.0.17763.",
          "Microsoft.Azure.Management.Cdn.CdnManagementClient/4.2.2.0"
        ]
      },
      "ResponseHeaders": {
        "Cache-Control": [
          "no-cache"
        ],
        "Pragma": [
          "no-cache"
        ],
        "x-ms-request-id": [
          "dc1a09ce-9161-43d1-be1d-005e5756e4f0"
        ],
        "x-ms-client-request-id": [
          "49510710-52c4-4038-b364-ebbfd346944f"
        ],
        "OData-Version": [
          "4.0"
        ],
        "Strict-Transport-Security": [
          "max-age=31536000; includeSubDomains"
        ],
        "Server": [
          "Microsoft-IIS/8.5"
        ],
        "X-AspNet-Version": [
          "4.0.30319"
        ],
        "X-Powered-By": [
          "ASP.NET"
        ],
        "x-ms-ratelimit-remaining-subscription-reads": [
          "11983"
        ],
        "x-ms-correlation-request-id": [
          "fc0d7beb-aa29-4f12-b3b6-c875e47d7890"
        ],
        "x-ms-routing-request-id": [
          "WESTUS2:20190510T235324Z:fc0d7beb-aa29-4f12-b3b6-c875e47d7890"
        ],
        "X-Content-Type-Options": [
          "nosniff"
        ],
        "Date": [
          "Fri, 10 May 2019 23:53:24 GMT"
        ],
        "Content-Length": [
          "77"
        ],
        "Content-Type": [
          "application/json; odata.metadata=minimal; odata.streaming=true"
        ],
        "Expires": [
          "-1"
        ]
      },
      "ResponseBody": "{\r\n  \"status\": \"Succeeded\",\r\n  \"error\": {\r\n    \"code\": \"None\",\r\n    \"message\": null\r\n  }\r\n}",
      "StatusCode": 200
    },
    {
      "RequestUri": "/subscriptions/47f4bc68-6fe4-43a2-be8b-dfd0e290efa2/resourceGroups/ps9512/providers/Microsoft.Cdn/profiles/ps904/endpoints/testAkamaiEP/customDomains/ps2904?api-version=2019-04-15",
      "EncodedRequestUri": "L3N1YnNjcmlwdGlvbnMvNDdmNGJjNjgtNmZlNC00M2EyLWJlOGItZGZkMGUyOTBlZmEyL3Jlc291cmNlR3JvdXBzL3BzOTUxMi9wcm92aWRlcnMvTWljcm9zb2Z0LkNkbi9wcm9maWxlcy9wczkwNC9lbmRwb2ludHMvdGVzdEFrYW1haUVQL2N1c3RvbURvbWFpbnMvcHMyOTA0P2FwaS12ZXJzaW9uPTIwMTktMDQtMTU=",
      "RequestMethod": "GET",
      "RequestBody": "",
      "RequestHeaders": {
        "User-Agent": [
          "FxVersion/4.6.27129.04",
          "OSName/Windows",
          "OSVersion/Microsoft.Windows.10.0.17763.",
          "Microsoft.Azure.Management.Cdn.CdnManagementClient/4.2.2.0"
        ]
      },
      "ResponseHeaders": {
        "Cache-Control": [
          "no-cache"
        ],
        "Pragma": [
          "no-cache"
        ],
        "x-ms-request-id": [
          "025baf44-2ab2-44b9-926e-57289e481c2b"
        ],
        "x-ms-client-request-id": [
          "6aad56e7-9da6-4f8d-87cc-880583ffaa55"
        ],
        "OData-Version": [
          "4.0"
        ],
        "Strict-Transport-Security": [
          "max-age=31536000; includeSubDomains"
        ],
        "Server": [
          "Microsoft-IIS/8.5"
        ],
        "X-AspNet-Version": [
          "4.0.30319"
        ],
        "X-Powered-By": [
          "ASP.NET"
        ],
        "x-ms-ratelimit-remaining-subscription-reads": [
          "11982"
        ],
        "x-ms-correlation-request-id": [
          "f7995c19-17d1-4aae-bda6-e1969b74d779"
        ],
        "x-ms-routing-request-id": [
          "WESTUS2:20190510T235325Z:f7995c19-17d1-4aae-bda6-e1969b74d779"
        ],
        "X-Content-Type-Options": [
          "nosniff"
        ],
        "Date": [
          "Fri, 10 May 2019 23:53:24 GMT"
        ],
        "Content-Length": [
          "495"
        ],
        "Content-Type": [
          "application/json; odata.metadata=minimal; odata.streaming=true"
        ],
        "Expires": [
          "-1"
        ]
      },
      "ResponseBody": "{\r\n  \"name\": \"ps2904\",\r\n  \"id\": \"/subscriptions/47f4bc68-6fe4-43a2-be8b-dfd0e290efa2/resourcegroups/ps9512/providers/Microsoft.Cdn/profiles/ps904/endpoints/testAkamaiEP/customdomains/ps2904\",\r\n  \"type\": \"Microsoft.Cdn/profiles/endpoints/customdomains\",\r\n  \"properties\": {\r\n    \"provisioningState\": \"Succeeded\",\r\n    \"resourceState\": \"Active\",\r\n    \"hostName\": \"testakamai.dustydog.us\",\r\n    \"validationData\": null,\r\n    \"customHttpsProvisioningState\": \"Disabled\",\r\n    \"customHttpsProvisioningSubstate\": \"None\",\r\n    \"customHttpsParameters\": null\r\n  }\r\n}",
      "StatusCode": 200
    },
    {
      "RequestUri": "/subscriptions/47f4bc68-6fe4-43a2-be8b-dfd0e290efa2/resourceGroups/ps9512/providers/Microsoft.Cdn/profiles/ps904/endpoints/testAkamaiEP/customDomains/ps2904?api-version=2019-04-15",
      "EncodedRequestUri": "L3N1YnNjcmlwdGlvbnMvNDdmNGJjNjgtNmZlNC00M2EyLWJlOGItZGZkMGUyOTBlZmEyL3Jlc291cmNlR3JvdXBzL3BzOTUxMi9wcm92aWRlcnMvTWljcm9zb2Z0LkNkbi9wcm9maWxlcy9wczkwNC9lbmRwb2ludHMvdGVzdEFrYW1haUVQL2N1c3RvbURvbWFpbnMvcHMyOTA0P2FwaS12ZXJzaW9uPTIwMTktMDQtMTU=",
      "RequestMethod": "GET",
      "RequestBody": "",
      "RequestHeaders": {
        "x-ms-client-request-id": [
          "c3f78cd2-db5d-4fc2-8c88-328923e4e012"
        ],
        "Accept-Language": [
          "en-US"
        ],
        "User-Agent": [
          "FxVersion/4.6.27129.04",
          "OSName/Windows",
          "OSVersion/Microsoft.Windows.10.0.17763.",
          "Microsoft.Azure.Management.Cdn.CdnManagementClient/4.2.2.0"
        ]
      },
      "ResponseHeaders": {
        "Cache-Control": [
          "no-cache"
        ],
        "Pragma": [
          "no-cache"
        ],
        "x-ms-request-id": [
          "3384901a-5777-41fa-b481-ac547026b2c9"
        ],
        "x-ms-client-request-id": [
          "c3f78cd2-db5d-4fc2-8c88-328923e4e012"
        ],
        "OData-Version": [
          "4.0"
        ],
        "Strict-Transport-Security": [
          "max-age=31536000; includeSubDomains"
        ],
        "Server": [
          "Microsoft-IIS/8.5"
        ],
        "X-AspNet-Version": [
          "4.0.30319"
        ],
        "X-Powered-By": [
          "ASP.NET"
        ],
        "x-ms-ratelimit-remaining-subscription-reads": [
          "11980"
        ],
        "x-ms-correlation-request-id": [
          "d56e2c13-521b-44da-a3b0-8050a8bdced2"
        ],
        "x-ms-routing-request-id": [
          "WESTUS2:20190510T235325Z:d56e2c13-521b-44da-a3b0-8050a8bdced2"
        ],
        "X-Content-Type-Options": [
          "nosniff"
        ],
        "Date": [
          "Fri, 10 May 2019 23:53:24 GMT"
        ],
        "Content-Length": [
          "495"
        ],
        "Content-Type": [
          "application/json; odata.metadata=minimal; odata.streaming=true"
        ],
        "Expires": [
          "-1"
        ]
      },
      "ResponseBody": "{\r\n  \"name\": \"ps2904\",\r\n  \"id\": \"/subscriptions/47f4bc68-6fe4-43a2-be8b-dfd0e290efa2/resourcegroups/ps9512/providers/Microsoft.Cdn/profiles/ps904/endpoints/testAkamaiEP/customdomains/ps2904\",\r\n  \"type\": \"Microsoft.Cdn/profiles/endpoints/customdomains\",\r\n  \"properties\": {\r\n    \"provisioningState\": \"Succeeded\",\r\n    \"resourceState\": \"Active\",\r\n    \"hostName\": \"testakamai.dustydog.us\",\r\n    \"validationData\": null,\r\n    \"customHttpsProvisioningState\": \"Disabled\",\r\n    \"customHttpsProvisioningSubstate\": \"None\",\r\n    \"customHttpsParameters\": null\r\n  }\r\n}",
      "StatusCode": 200
    },
    {
      "RequestUri": "/subscriptions/47f4bc68-6fe4-43a2-be8b-dfd0e290efa2/resourceGroups/ps9512/providers/Microsoft.Cdn/profiles/ps904/endpoints/testAkamaiEP/customDomains/ps2904?api-version=2019-04-15",
      "EncodedRequestUri": "L3N1YnNjcmlwdGlvbnMvNDdmNGJjNjgtNmZlNC00M2EyLWJlOGItZGZkMGUyOTBlZmEyL3Jlc291cmNlR3JvdXBzL3BzOTUxMi9wcm92aWRlcnMvTWljcm9zb2Z0LkNkbi9wcm9maWxlcy9wczkwNC9lbmRwb2ludHMvdGVzdEFrYW1haUVQL2N1c3RvbURvbWFpbnMvcHMyOTA0P2FwaS12ZXJzaW9uPTIwMTktMDQtMTU=",
      "RequestMethod": "GET",
      "RequestBody": "",
      "RequestHeaders": {
        "x-ms-client-request-id": [
          "96bc5dba-d147-4946-a7dd-c452373d0735"
        ],
        "Accept-Language": [
          "en-US"
        ],
        "User-Agent": [
          "FxVersion/4.6.27129.04",
          "OSName/Windows",
          "OSVersion/Microsoft.Windows.10.0.17763.",
          "Microsoft.Azure.Management.Cdn.CdnManagementClient/4.2.2.0"
        ]
      },
      "ResponseHeaders": {
        "Cache-Control": [
          "no-cache"
        ],
        "Pragma": [
          "no-cache"
        ],
        "x-ms-request-id": [
          "19e44fae-4850-4d00-b9b1-bd047b4ef5c4"
        ],
        "x-ms-client-request-id": [
          "96bc5dba-d147-4946-a7dd-c452373d0735"
        ],
        "Strict-Transport-Security": [
          "max-age=31536000; includeSubDomains"
        ],
        "Server": [
          "Microsoft-IIS/8.5"
        ],
        "X-AspNet-Version": [
          "4.0.30319"
        ],
        "X-Powered-By": [
          "ASP.NET"
        ],
        "x-ms-ratelimit-remaining-subscription-reads": [
          "11975"
        ],
        "x-ms-correlation-request-id": [
          "ace502d6-ee5b-44d9-b4c6-21b6604e7437"
        ],
        "x-ms-routing-request-id": [
          "WESTUS2:20190510T235337Z:ace502d6-ee5b-44d9-b4c6-21b6604e7437"
        ],
        "X-Content-Type-Options": [
          "nosniff"
        ],
        "Date": [
          "Fri, 10 May 2019 23:53:36 GMT"
        ],
        "Content-Length": [
          "104"
        ],
        "Content-Type": [
          "application/json; charset=utf-8"
        ],
        "Content-Language": [
          "en-US"
        ],
        "Expires": [
          "-1"
        ]
      },
      "ResponseBody": "{\r\n  \"error\": {\r\n    \"code\": \"NotFound\",\r\n    \"message\": \"The requested resource was not found.\"\r\n  }\r\n}",
      "StatusCode": 404
    },
    {
      "RequestUri": "/subscriptions/47f4bc68-6fe4-43a2-be8b-dfd0e290efa2/resourceGroups/ps9512/providers/Microsoft.Cdn/profiles/ps904/endpoints/testAkamaiEP/customDomains/ps2904?api-version=2019-04-15",
      "EncodedRequestUri": "L3N1YnNjcmlwdGlvbnMvNDdmNGJjNjgtNmZlNC00M2EyLWJlOGItZGZkMGUyOTBlZmEyL3Jlc291cmNlR3JvdXBzL3BzOTUxMi9wcm92aWRlcnMvTWljcm9zb2Z0LkNkbi9wcm9maWxlcy9wczkwNC9lbmRwb2ludHMvdGVzdEFrYW1haUVQL2N1c3RvbURvbWFpbnMvcHMyOTA0P2FwaS12ZXJzaW9uPTIwMTktMDQtMTU=",
      "RequestMethod": "DELETE",
      "RequestBody": "",
      "RequestHeaders": {
        "x-ms-client-request-id": [
          "2d2cfc6b-fb45-44e9-abdb-8439323e357e"
        ],
        "Accept-Language": [
          "en-US"
        ],
        "User-Agent": [
          "FxVersion/4.6.27129.04",
          "OSName/Windows",
          "OSVersion/Microsoft.Windows.10.0.17763.",
          "Microsoft.Azure.Management.Cdn.CdnManagementClient/4.2.2.0"
        ]
      },
      "ResponseHeaders": {
        "Cache-Control": [
          "no-cache"
        ],
        "Pragma": [
          "no-cache"
        ],
        "Location": [
          "https://management.azure.com/subscriptions/47f4bc68-6fe4-43a2-be8b-dfd0e290efa2/resourcegroups/ps9512/providers/Microsoft.Cdn/operationresults/e0c9d88c-2ef8-49fa-b46b-a2cd8be139e0/profileresults/ps904/endpointresults/testAkamaiEP/customdomainresults/ps2904?api-version=2019-04-15"
        ],
        "Retry-After": [
          "10"
        ],
        "x-ms-request-id": [
          "70cb9c80-ffca-4861-b913-9c73a866014e"
        ],
        "x-ms-client-request-id": [
          "2d2cfc6b-fb45-44e9-abdb-8439323e357e"
        ],
        "Azure-AsyncOperation": [
          "https://management.azure.com/subscriptions/47f4bc68-6fe4-43a2-be8b-dfd0e290efa2/resourcegroups/ps9512/providers/Microsoft.Cdn/operationresults/e0c9d88c-2ef8-49fa-b46b-a2cd8be139e0?api-version=2019-04-15"
        ],
        "Strict-Transport-Security": [
          "max-age=31536000; includeSubDomains"
        ],
        "Server": [
          "Microsoft-IIS/8.5"
        ],
        "X-AspNet-Version": [
          "4.0.30319"
        ],
        "X-Powered-By": [
          "ASP.NET"
        ],
        "x-ms-ratelimit-remaining-subscription-deletes": [
          "14998"
        ],
        "x-ms-correlation-request-id": [
          "0292ccf4-8dd0-4819-a9fd-86734a9ae1d2"
        ],
        "x-ms-routing-request-id": [
          "WESTUS2:20190510T235326Z:0292ccf4-8dd0-4819-a9fd-86734a9ae1d2"
        ],
        "X-Content-Type-Options": [
          "nosniff"
        ],
        "Date": [
          "Fri, 10 May 2019 23:53:25 GMT"
        ],
        "Expires": [
          "-1"
        ],
        "Content-Length": [
          "0"
        ]
      },
      "ResponseBody": "",
      "StatusCode": 202
    },
    {
      "RequestUri": "/subscriptions/47f4bc68-6fe4-43a2-be8b-dfd0e290efa2/resourcegroups/ps9512/providers/Microsoft.Cdn/operationresults/e0c9d88c-2ef8-49fa-b46b-a2cd8be139e0?api-version=2019-04-15",
      "EncodedRequestUri": "L3N1YnNjcmlwdGlvbnMvNDdmNGJjNjgtNmZlNC00M2EyLWJlOGItZGZkMGUyOTBlZmEyL3Jlc291cmNlZ3JvdXBzL3BzOTUxMi9wcm92aWRlcnMvTWljcm9zb2Z0LkNkbi9vcGVyYXRpb25yZXN1bHRzL2UwYzlkODhjLTJlZjgtNDlmYS1iNDZiLWEyY2Q4YmUxMzllMD9hcGktdmVyc2lvbj0yMDE5LTA0LTE1",
      "RequestMethod": "GET",
      "RequestBody": "",
      "RequestHeaders": {
        "User-Agent": [
          "FxVersion/4.6.27129.04",
          "OSName/Windows",
          "OSVersion/Microsoft.Windows.10.0.17763.",
          "Microsoft.Azure.Management.Cdn.CdnManagementClient/4.2.2.0"
        ]
      },
      "ResponseHeaders": {
        "Cache-Control": [
          "no-cache"
        ],
        "Pragma": [
          "no-cache"
        ],
        "x-ms-request-id": [
          "b4f285ff-0f97-48f9-912b-605f1fab46e3"
        ],
        "x-ms-client-request-id": [
          "59c5c8f4-a603-4462-b6f9-73e25829300c"
        ],
        "OData-Version": [
          "4.0"
        ],
        "Strict-Transport-Security": [
          "max-age=31536000; includeSubDomains"
        ],
        "Server": [
          "Microsoft-IIS/8.5"
        ],
        "X-AspNet-Version": [
          "4.0.30319"
        ],
        "X-Powered-By": [
          "ASP.NET"
        ],
        "x-ms-ratelimit-remaining-subscription-reads": [
          "11978"
        ],
        "x-ms-correlation-request-id": [
          "1723dac9-1c73-4e1d-8e32-ea9c068e6a56"
        ],
        "x-ms-routing-request-id": [
          "WESTUS2:20190510T235336Z:1723dac9-1c73-4e1d-8e32-ea9c068e6a56"
        ],
        "X-Content-Type-Options": [
          "nosniff"
        ],
        "Date": [
          "Fri, 10 May 2019 23:53:35 GMT"
        ],
        "Content-Length": [
          "77"
        ],
        "Content-Type": [
          "application/json; odata.metadata=minimal; odata.streaming=true"
        ],
        "Expires": [
          "-1"
        ]
      },
      "ResponseBody": "{\r\n  \"status\": \"Succeeded\",\r\n  \"error\": {\r\n    \"code\": \"None\",\r\n    \"message\": null\r\n  }\r\n}",
      "StatusCode": 200
    },
    {
      "RequestUri": "/subscriptions/47f4bc68-6fe4-43a2-be8b-dfd0e290efa2/resourcegroups/ps9512/providers/Microsoft.Cdn/operationresults/e0c9d88c-2ef8-49fa-b46b-a2cd8be139e0/profileresults/ps904/endpointresults/testAkamaiEP/customdomainresults/ps2904?api-version=2019-04-15",
      "EncodedRequestUri": "L3N1YnNjcmlwdGlvbnMvNDdmNGJjNjgtNmZlNC00M2EyLWJlOGItZGZkMGUyOTBlZmEyL3Jlc291cmNlZ3JvdXBzL3BzOTUxMi9wcm92aWRlcnMvTWljcm9zb2Z0LkNkbi9vcGVyYXRpb25yZXN1bHRzL2UwYzlkODhjLTJlZjgtNDlmYS1iNDZiLWEyY2Q4YmUxMzllMC9wcm9maWxlcmVzdWx0cy9wczkwNC9lbmRwb2ludHJlc3VsdHMvdGVzdEFrYW1haUVQL2N1c3RvbWRvbWFpbnJlc3VsdHMvcHMyOTA0P2FwaS12ZXJzaW9uPTIwMTktMDQtMTU=",
      "RequestMethod": "GET",
      "RequestBody": "",
      "RequestHeaders": {
        "User-Agent": [
          "FxVersion/4.6.27129.04",
          "OSName/Windows",
          "OSVersion/Microsoft.Windows.10.0.17763.",
          "Microsoft.Azure.Management.Cdn.CdnManagementClient/4.2.2.0"
        ]
      },
      "ResponseHeaders": {
        "Cache-Control": [
          "no-cache"
        ],
        "Pragma": [
          "no-cache"
        ],
        "x-ms-request-id": [
          "4eeeda60-58b4-4f72-8552-24ab05e51b4d"
        ],
        "x-ms-client-request-id": [
          "7d78d2df-2538-4afa-899e-1a4ebe8efe13"
        ],
        "Strict-Transport-Security": [
          "max-age=31536000; includeSubDomains"
        ],
        "Server": [
          "Microsoft-IIS/8.5"
        ],
        "X-AspNet-Version": [
          "4.0.30319"
        ],
        "X-Powered-By": [
          "ASP.NET"
        ],
        "x-ms-ratelimit-remaining-subscription-reads": [
          "11977"
        ],
        "x-ms-correlation-request-id": [
          "cf4a3a57-01b5-4371-9876-10f06ac137ad"
        ],
        "x-ms-routing-request-id": [
          "WESTUS2:20190510T235337Z:cf4a3a57-01b5-4371-9876-10f06ac137ad"
        ],
        "X-Content-Type-Options": [
          "nosniff"
        ],
        "Date": [
          "Fri, 10 May 2019 23:53:36 GMT"
        ],
        "Content-Length": [
          "104"
        ],
        "Content-Type": [
          "application/json; charset=utf-8"
        ],
        "Content-Language": [
          "en-US"
        ],
        "Expires": [
          "-1"
        ]
      },
      "ResponseBody": "{\r\n  \"error\": {\r\n    \"code\": \"NotFound\",\r\n    \"message\": \"The requested resource was not found.\"\r\n  }\r\n}",
      "StatusCode": 404
    },
    {
      "RequestUri": "/subscriptions/47f4bc68-6fe4-43a2-be8b-dfd0e290efa2/resourcegroups/ps9512?api-version=2016-09-01",
      "EncodedRequestUri": "L3N1YnNjcmlwdGlvbnMvNDdmNGJjNjgtNmZlNC00M2EyLWJlOGItZGZkMGUyOTBlZmEyL3Jlc291cmNlZ3JvdXBzL3BzOTUxMj9hcGktdmVyc2lvbj0yMDE2LTA5LTAx",
      "RequestMethod": "DELETE",
      "RequestBody": "",
      "RequestHeaders": {
        "x-ms-client-request-id": [
          "2ba5ff54-d299-4e0a-94d5-a7a6fb1ef0e1"
        ],
        "Accept-Language": [
          "en-US"
        ],
        "User-Agent": [
          "FxVersion/4.6.27129.04",
          "OSName/Windows",
          "OSVersion/Microsoft.Windows.10.0.17763.",
          "Microsoft.Azure.Management.Internal.Resources.ResourceManagementClient/1.2.0"
        ]
      },
      "ResponseHeaders": {
        "Cache-Control": [
          "no-cache"
        ],
        "Pragma": [
          "no-cache"
        ],
        "Location": [
          "https://management.azure.com/subscriptions/47f4bc68-6fe4-43a2-be8b-dfd0e290efa2/operationresults/eyJqb2JJZCI6IlJFU09VUkNFR1JPVVBERUxFVElPTkpPQi1QUzk1MTItV0VTVFVTIiwiam9iTG9jYXRpb24iOiJ3ZXN0dXMifQ?api-version=2016-09-01"
        ],
        "Retry-After": [
          "15"
        ],
        "x-ms-ratelimit-remaining-subscription-deletes": [
          "14997"
        ],
        "x-ms-request-id": [
          "a57d24df-5f90-471d-9d81-eded5200f767"
        ],
        "x-ms-correlation-request-id": [
          "a57d24df-5f90-471d-9d81-eded5200f767"
        ],
        "x-ms-routing-request-id": [
          "WESTUS2:20190510T235338Z:a57d24df-5f90-471d-9d81-eded5200f767"
        ],
        "Strict-Transport-Security": [
          "max-age=31536000; includeSubDomains"
        ],
        "X-Content-Type-Options": [
          "nosniff"
        ],
        "Date": [
          "Fri, 10 May 2019 23:53:37 GMT"
        ],
        "Expires": [
          "-1"
        ],
        "Content-Length": [
          "0"
        ]
      },
      "ResponseBody": "",
      "StatusCode": 202
    },
    {
      "RequestUri": "/subscriptions/47f4bc68-6fe4-43a2-be8b-dfd0e290efa2/operationresults/eyJqb2JJZCI6IlJFU09VUkNFR1JPVVBERUxFVElPTkpPQi1QUzk1MTItV0VTVFVTIiwiam9iTG9jYXRpb24iOiJ3ZXN0dXMifQ?api-version=2016-09-01",
      "EncodedRequestUri": "L3N1YnNjcmlwdGlvbnMvNDdmNGJjNjgtNmZlNC00M2EyLWJlOGItZGZkMGUyOTBlZmEyL29wZXJhdGlvbnJlc3VsdHMvZXlKcWIySkpaQ0k2SWxKRlUwOVZVa05GUjFKUFZWQkVSVXhGVkVsUFRrcFBRaTFRVXprMU1USXRWMFZUVkZWVElpd2lhbTlpVEc5allYUnBiMjRpT2lKM1pYTjBkWE1pZlE/YXBpLXZlcnNpb249MjAxNi0wOS0wMQ==",
      "RequestMethod": "GET",
      "RequestBody": "",
      "RequestHeaders": {
        "User-Agent": [
          "FxVersion/4.6.27129.04",
          "OSName/Windows",
          "OSVersion/Microsoft.Windows.10.0.17763.",
          "Microsoft.Azure.Management.Internal.Resources.ResourceManagementClient/1.2.0"
        ]
      },
      "ResponseHeaders": {
        "Cache-Control": [
          "no-cache"
        ],
        "Pragma": [
          "no-cache"
        ],
        "Location": [
          "https://management.azure.com/subscriptions/47f4bc68-6fe4-43a2-be8b-dfd0e290efa2/operationresults/eyJqb2JJZCI6IlJFU09VUkNFR1JPVVBERUxFVElPTkpPQi1QUzk1MTItV0VTVFVTIiwiam9iTG9jYXRpb24iOiJ3ZXN0dXMifQ?api-version=2016-09-01"
        ],
        "Retry-After": [
          "15"
        ],
        "x-ms-ratelimit-remaining-subscription-reads": [
          "11974"
        ],
        "x-ms-request-id": [
          "da0e2308-94f8-422c-a7ee-63721fac795e"
        ],
        "x-ms-correlation-request-id": [
          "da0e2308-94f8-422c-a7ee-63721fac795e"
        ],
        "x-ms-routing-request-id": [
          "WESTUS2:20190510T235353Z:da0e2308-94f8-422c-a7ee-63721fac795e"
        ],
        "Strict-Transport-Security": [
          "max-age=31536000; includeSubDomains"
        ],
        "X-Content-Type-Options": [
          "nosniff"
        ],
        "Date": [
          "Fri, 10 May 2019 23:53:53 GMT"
        ],
        "Expires": [
          "-1"
        ],
        "Content-Length": [
          "0"
        ]
      },
      "ResponseBody": "",
      "StatusCode": 202
    },
    {
      "RequestUri": "/subscriptions/47f4bc68-6fe4-43a2-be8b-dfd0e290efa2/operationresults/eyJqb2JJZCI6IlJFU09VUkNFR1JPVVBERUxFVElPTkpPQi1QUzk1MTItV0VTVFVTIiwiam9iTG9jYXRpb24iOiJ3ZXN0dXMifQ?api-version=2016-09-01",
      "EncodedRequestUri": "L3N1YnNjcmlwdGlvbnMvNDdmNGJjNjgtNmZlNC00M2EyLWJlOGItZGZkMGUyOTBlZmEyL29wZXJhdGlvbnJlc3VsdHMvZXlKcWIySkpaQ0k2SWxKRlUwOVZVa05GUjFKUFZWQkVSVXhGVkVsUFRrcFBRaTFRVXprMU1USXRWMFZUVkZWVElpd2lhbTlpVEc5allYUnBiMjRpT2lKM1pYTjBkWE1pZlE/YXBpLXZlcnNpb249MjAxNi0wOS0wMQ==",
      "RequestMethod": "GET",
      "RequestBody": "",
      "RequestHeaders": {
        "User-Agent": [
          "FxVersion/4.6.27129.04",
          "OSName/Windows",
          "OSVersion/Microsoft.Windows.10.0.17763.",
          "Microsoft.Azure.Management.Internal.Resources.ResourceManagementClient/1.2.0"
        ]
      },
      "ResponseHeaders": {
        "Cache-Control": [
          "no-cache"
        ],
        "Pragma": [
          "no-cache"
        ],
        "Location": [
          "https://management.azure.com/subscriptions/47f4bc68-6fe4-43a2-be8b-dfd0e290efa2/operationresults/eyJqb2JJZCI6IlJFU09VUkNFR1JPVVBERUxFVElPTkpPQi1QUzk1MTItV0VTVFVTIiwiam9iTG9jYXRpb24iOiJ3ZXN0dXMifQ?api-version=2016-09-01"
        ],
        "Retry-After": [
          "15"
        ],
        "x-ms-ratelimit-remaining-subscription-reads": [
          "11973"
        ],
        "x-ms-request-id": [
          "b32d1ecb-340b-4041-bf38-9466a426a206"
        ],
        "x-ms-correlation-request-id": [
          "b32d1ecb-340b-4041-bf38-9466a426a206"
        ],
        "x-ms-routing-request-id": [
          "WESTUS2:20190510T235408Z:b32d1ecb-340b-4041-bf38-9466a426a206"
        ],
        "Strict-Transport-Security": [
          "max-age=31536000; includeSubDomains"
        ],
        "X-Content-Type-Options": [
          "nosniff"
        ],
        "Date": [
          "Fri, 10 May 2019 23:54:08 GMT"
        ],
        "Expires": [
          "-1"
        ],
        "Content-Length": [
          "0"
        ]
      },
      "ResponseBody": "",
      "StatusCode": 202
    },
    {
      "RequestUri": "/subscriptions/47f4bc68-6fe4-43a2-be8b-dfd0e290efa2/operationresults/eyJqb2JJZCI6IlJFU09VUkNFR1JPVVBERUxFVElPTkpPQi1QUzk1MTItV0VTVFVTIiwiam9iTG9jYXRpb24iOiJ3ZXN0dXMifQ?api-version=2016-09-01",
      "EncodedRequestUri": "L3N1YnNjcmlwdGlvbnMvNDdmNGJjNjgtNmZlNC00M2EyLWJlOGItZGZkMGUyOTBlZmEyL29wZXJhdGlvbnJlc3VsdHMvZXlKcWIySkpaQ0k2SWxKRlUwOVZVa05GUjFKUFZWQkVSVXhGVkVsUFRrcFBRaTFRVXprMU1USXRWMFZUVkZWVElpd2lhbTlpVEc5allYUnBiMjRpT2lKM1pYTjBkWE1pZlE/YXBpLXZlcnNpb249MjAxNi0wOS0wMQ==",
      "RequestMethod": "GET",
      "RequestBody": "",
      "RequestHeaders": {
        "User-Agent": [
          "FxVersion/4.6.27129.04",
          "OSName/Windows",
          "OSVersion/Microsoft.Windows.10.0.17763.",
          "Microsoft.Azure.Management.Internal.Resources.ResourceManagementClient/1.2.0"
        ]
      },
      "ResponseHeaders": {
        "Cache-Control": [
          "no-cache"
        ],
        "Pragma": [
          "no-cache"
        ],
        "Location": [
          "https://management.azure.com/subscriptions/47f4bc68-6fe4-43a2-be8b-dfd0e290efa2/operationresults/eyJqb2JJZCI6IlJFU09VUkNFR1JPVVBERUxFVElPTkpPQi1QUzk1MTItV0VTVFVTIiwiam9iTG9jYXRpb24iOiJ3ZXN0dXMifQ?api-version=2016-09-01"
        ],
        "Retry-After": [
          "15"
        ],
        "x-ms-ratelimit-remaining-subscription-reads": [
          "11972"
        ],
        "x-ms-request-id": [
          "afdf9315-d5a6-41f4-93ca-3468c27d34de"
        ],
        "x-ms-correlation-request-id": [
          "afdf9315-d5a6-41f4-93ca-3468c27d34de"
        ],
        "x-ms-routing-request-id": [
          "WESTUS2:20190510T235423Z:afdf9315-d5a6-41f4-93ca-3468c27d34de"
        ],
        "Strict-Transport-Security": [
          "max-age=31536000; includeSubDomains"
        ],
        "X-Content-Type-Options": [
          "nosniff"
        ],
        "Date": [
          "Fri, 10 May 2019 23:54:22 GMT"
        ],
        "Expires": [
          "-1"
        ],
        "Content-Length": [
          "0"
        ]
      },
      "ResponseBody": "",
      "StatusCode": 202
    },
    {
      "RequestUri": "/subscriptions/47f4bc68-6fe4-43a2-be8b-dfd0e290efa2/operationresults/eyJqb2JJZCI6IlJFU09VUkNFR1JPVVBERUxFVElPTkpPQi1QUzk1MTItV0VTVFVTIiwiam9iTG9jYXRpb24iOiJ3ZXN0dXMifQ?api-version=2016-09-01",
      "EncodedRequestUri": "L3N1YnNjcmlwdGlvbnMvNDdmNGJjNjgtNmZlNC00M2EyLWJlOGItZGZkMGUyOTBlZmEyL29wZXJhdGlvbnJlc3VsdHMvZXlKcWIySkpaQ0k2SWxKRlUwOVZVa05GUjFKUFZWQkVSVXhGVkVsUFRrcFBRaTFRVXprMU1USXRWMFZUVkZWVElpd2lhbTlpVEc5allYUnBiMjRpT2lKM1pYTjBkWE1pZlE/YXBpLXZlcnNpb249MjAxNi0wOS0wMQ==",
      "RequestMethod": "GET",
      "RequestBody": "",
      "RequestHeaders": {
        "User-Agent": [
          "FxVersion/4.6.27129.04",
          "OSName/Windows",
          "OSVersion/Microsoft.Windows.10.0.17763.",
          "Microsoft.Azure.Management.Internal.Resources.ResourceManagementClient/1.2.0"
        ]
      },
      "ResponseHeaders": {
        "Cache-Control": [
          "no-cache"
        ],
        "Pragma": [
          "no-cache"
        ],
        "Location": [
          "https://management.azure.com/subscriptions/47f4bc68-6fe4-43a2-be8b-dfd0e290efa2/operationresults/eyJqb2JJZCI6IlJFU09VUkNFR1JPVVBERUxFVElPTkpPQi1QUzk1MTItV0VTVFVTIiwiam9iTG9jYXRpb24iOiJ3ZXN0dXMifQ?api-version=2016-09-01"
        ],
        "Retry-After": [
          "15"
        ],
        "x-ms-ratelimit-remaining-subscription-reads": [
          "11971"
        ],
        "x-ms-request-id": [
          "9c32c6e0-b471-461b-ab15-ded62be12d34"
        ],
        "x-ms-correlation-request-id": [
          "9c32c6e0-b471-461b-ab15-ded62be12d34"
        ],
        "x-ms-routing-request-id": [
          "WESTUS2:20190510T235438Z:9c32c6e0-b471-461b-ab15-ded62be12d34"
        ],
        "Strict-Transport-Security": [
          "max-age=31536000; includeSubDomains"
        ],
        "X-Content-Type-Options": [
          "nosniff"
        ],
        "Date": [
          "Fri, 10 May 2019 23:54:38 GMT"
        ],
        "Expires": [
          "-1"
        ],
        "Content-Length": [
          "0"
        ]
      },
      "ResponseBody": "",
      "StatusCode": 202
    },
    {
      "RequestUri": "/subscriptions/47f4bc68-6fe4-43a2-be8b-dfd0e290efa2/operationresults/eyJqb2JJZCI6IlJFU09VUkNFR1JPVVBERUxFVElPTkpPQi1QUzk1MTItV0VTVFVTIiwiam9iTG9jYXRpb24iOiJ3ZXN0dXMifQ?api-version=2016-09-01",
      "EncodedRequestUri": "L3N1YnNjcmlwdGlvbnMvNDdmNGJjNjgtNmZlNC00M2EyLWJlOGItZGZkMGUyOTBlZmEyL29wZXJhdGlvbnJlc3VsdHMvZXlKcWIySkpaQ0k2SWxKRlUwOVZVa05GUjFKUFZWQkVSVXhGVkVsUFRrcFBRaTFRVXprMU1USXRWMFZUVkZWVElpd2lhbTlpVEc5allYUnBiMjRpT2lKM1pYTjBkWE1pZlE/YXBpLXZlcnNpb249MjAxNi0wOS0wMQ==",
      "RequestMethod": "GET",
      "RequestBody": "",
      "RequestHeaders": {
        "User-Agent": [
          "FxVersion/4.6.27129.04",
          "OSName/Windows",
          "OSVersion/Microsoft.Windows.10.0.17763.",
          "Microsoft.Azure.Management.Internal.Resources.ResourceManagementClient/1.2.0"
        ]
      },
      "ResponseHeaders": {
        "Cache-Control": [
          "no-cache"
        ],
        "Pragma": [
          "no-cache"
        ],
        "Location": [
          "https://management.azure.com/subscriptions/47f4bc68-6fe4-43a2-be8b-dfd0e290efa2/operationresults/eyJqb2JJZCI6IlJFU09VUkNFR1JPVVBERUxFVElPTkpPQi1QUzk1MTItV0VTVFVTIiwiam9iTG9jYXRpb24iOiJ3ZXN0dXMifQ?api-version=2016-09-01"
        ],
        "Retry-After": [
          "15"
        ],
        "x-ms-ratelimit-remaining-subscription-reads": [
          "11970"
        ],
        "x-ms-request-id": [
          "c4780745-a83c-41e4-ac0a-e14c0263e183"
        ],
        "x-ms-correlation-request-id": [
          "c4780745-a83c-41e4-ac0a-e14c0263e183"
        ],
        "x-ms-routing-request-id": [
          "WESTUS2:20190510T235453Z:c4780745-a83c-41e4-ac0a-e14c0263e183"
        ],
        "Strict-Transport-Security": [
          "max-age=31536000; includeSubDomains"
        ],
        "X-Content-Type-Options": [
          "nosniff"
        ],
        "Date": [
          "Fri, 10 May 2019 23:54:53 GMT"
        ],
        "Expires": [
          "-1"
        ],
        "Content-Length": [
          "0"
        ]
      },
      "ResponseBody": "",
      "StatusCode": 202
    },
    {
      "RequestUri": "/subscriptions/47f4bc68-6fe4-43a2-be8b-dfd0e290efa2/operationresults/eyJqb2JJZCI6IlJFU09VUkNFR1JPVVBERUxFVElPTkpPQi1QUzk1MTItV0VTVFVTIiwiam9iTG9jYXRpb24iOiJ3ZXN0dXMifQ?api-version=2016-09-01",
      "EncodedRequestUri": "L3N1YnNjcmlwdGlvbnMvNDdmNGJjNjgtNmZlNC00M2EyLWJlOGItZGZkMGUyOTBlZmEyL29wZXJhdGlvbnJlc3VsdHMvZXlKcWIySkpaQ0k2SWxKRlUwOVZVa05GUjFKUFZWQkVSVXhGVkVsUFRrcFBRaTFRVXprMU1USXRWMFZUVkZWVElpd2lhbTlpVEc5allYUnBiMjRpT2lKM1pYTjBkWE1pZlE/YXBpLXZlcnNpb249MjAxNi0wOS0wMQ==",
      "RequestMethod": "GET",
      "RequestBody": "",
      "RequestHeaders": {
        "User-Agent": [
          "FxVersion/4.6.27129.04",
          "OSName/Windows",
          "OSVersion/Microsoft.Windows.10.0.17763.",
          "Microsoft.Azure.Management.Internal.Resources.ResourceManagementClient/1.2.0"
        ]
      },
      "ResponseHeaders": {
        "Cache-Control": [
          "no-cache"
        ],
        "Pragma": [
          "no-cache"
        ],
        "Location": [
          "https://management.azure.com/subscriptions/47f4bc68-6fe4-43a2-be8b-dfd0e290efa2/operationresults/eyJqb2JJZCI6IlJFU09VUkNFR1JPVVBERUxFVElPTkpPQi1QUzk1MTItV0VTVFVTIiwiam9iTG9jYXRpb24iOiJ3ZXN0dXMifQ?api-version=2016-09-01"
        ],
        "Retry-After": [
          "15"
        ],
        "x-ms-ratelimit-remaining-subscription-reads": [
          "11969"
        ],
        "x-ms-request-id": [
          "c046a12d-20e5-4bd2-9798-fd2e934bb1d1"
        ],
        "x-ms-correlation-request-id": [
          "c046a12d-20e5-4bd2-9798-fd2e934bb1d1"
        ],
        "x-ms-routing-request-id": [
          "WESTUS2:20190510T235508Z:c046a12d-20e5-4bd2-9798-fd2e934bb1d1"
        ],
        "Strict-Transport-Security": [
          "max-age=31536000; includeSubDomains"
        ],
        "X-Content-Type-Options": [
          "nosniff"
        ],
        "Date": [
          "Fri, 10 May 2019 23:55:08 GMT"
        ],
        "Expires": [
          "-1"
        ],
        "Content-Length": [
          "0"
        ]
      },
      "ResponseBody": "",
      "StatusCode": 202
    },
    {
      "RequestUri": "/subscriptions/47f4bc68-6fe4-43a2-be8b-dfd0e290efa2/operationresults/eyJqb2JJZCI6IlJFU09VUkNFR1JPVVBERUxFVElPTkpPQi1QUzk1MTItV0VTVFVTIiwiam9iTG9jYXRpb24iOiJ3ZXN0dXMifQ?api-version=2016-09-01",
      "EncodedRequestUri": "L3N1YnNjcmlwdGlvbnMvNDdmNGJjNjgtNmZlNC00M2EyLWJlOGItZGZkMGUyOTBlZmEyL29wZXJhdGlvbnJlc3VsdHMvZXlKcWIySkpaQ0k2SWxKRlUwOVZVa05GUjFKUFZWQkVSVXhGVkVsUFRrcFBRaTFRVXprMU1USXRWMFZUVkZWVElpd2lhbTlpVEc5allYUnBiMjRpT2lKM1pYTjBkWE1pZlE/YXBpLXZlcnNpb249MjAxNi0wOS0wMQ==",
      "RequestMethod": "GET",
      "RequestBody": "",
      "RequestHeaders": {
        "User-Agent": [
          "FxVersion/4.6.27129.04",
          "OSName/Windows",
          "OSVersion/Microsoft.Windows.10.0.17763.",
          "Microsoft.Azure.Management.Internal.Resources.ResourceManagementClient/1.2.0"
        ]
      },
      "ResponseHeaders": {
        "Cache-Control": [
          "no-cache"
        ],
        "Pragma": [
          "no-cache"
        ],
        "Location": [
          "https://management.azure.com/subscriptions/47f4bc68-6fe4-43a2-be8b-dfd0e290efa2/operationresults/eyJqb2JJZCI6IlJFU09VUkNFR1JPVVBERUxFVElPTkpPQi1QUzk1MTItV0VTVFVTIiwiam9iTG9jYXRpb24iOiJ3ZXN0dXMifQ?api-version=2016-09-01"
        ],
        "Retry-After": [
          "15"
        ],
        "x-ms-ratelimit-remaining-subscription-reads": [
          "11968"
        ],
        "x-ms-request-id": [
          "eb488a1b-90ed-4f5b-985d-d32bf3951a06"
        ],
        "x-ms-correlation-request-id": [
          "eb488a1b-90ed-4f5b-985d-d32bf3951a06"
        ],
        "x-ms-routing-request-id": [
          "WESTUS2:20190510T235523Z:eb488a1b-90ed-4f5b-985d-d32bf3951a06"
        ],
        "Strict-Transport-Security": [
          "max-age=31536000; includeSubDomains"
        ],
        "X-Content-Type-Options": [
          "nosniff"
        ],
        "Date": [
          "Fri, 10 May 2019 23:55:23 GMT"
        ],
        "Expires": [
          "-1"
        ],
        "Content-Length": [
          "0"
        ]
      },
      "ResponseBody": "",
      "StatusCode": 202
    },
    {
      "RequestUri": "/subscriptions/47f4bc68-6fe4-43a2-be8b-dfd0e290efa2/operationresults/eyJqb2JJZCI6IlJFU09VUkNFR1JPVVBERUxFVElPTkpPQi1QUzk1MTItV0VTVFVTIiwiam9iTG9jYXRpb24iOiJ3ZXN0dXMifQ?api-version=2016-09-01",
      "EncodedRequestUri": "L3N1YnNjcmlwdGlvbnMvNDdmNGJjNjgtNmZlNC00M2EyLWJlOGItZGZkMGUyOTBlZmEyL29wZXJhdGlvbnJlc3VsdHMvZXlKcWIySkpaQ0k2SWxKRlUwOVZVa05GUjFKUFZWQkVSVXhGVkVsUFRrcFBRaTFRVXprMU1USXRWMFZUVkZWVElpd2lhbTlpVEc5allYUnBiMjRpT2lKM1pYTjBkWE1pZlE/YXBpLXZlcnNpb249MjAxNi0wOS0wMQ==",
      "RequestMethod": "GET",
      "RequestBody": "",
      "RequestHeaders": {
        "User-Agent": [
          "FxVersion/4.6.27129.04",
          "OSName/Windows",
          "OSVersion/Microsoft.Windows.10.0.17763.",
          "Microsoft.Azure.Management.Internal.Resources.ResourceManagementClient/1.2.0"
        ]
      },
      "ResponseHeaders": {
        "Cache-Control": [
          "no-cache"
        ],
        "Pragma": [
          "no-cache"
        ],
        "Location": [
          "https://management.azure.com/subscriptions/47f4bc68-6fe4-43a2-be8b-dfd0e290efa2/operationresults/eyJqb2JJZCI6IlJFU09VUkNFR1JPVVBERUxFVElPTkpPQi1QUzk1MTItV0VTVFVTIiwiam9iTG9jYXRpb24iOiJ3ZXN0dXMifQ?api-version=2016-09-01"
        ],
        "Retry-After": [
          "15"
        ],
        "x-ms-ratelimit-remaining-subscription-reads": [
          "11967"
        ],
        "x-ms-request-id": [
          "4d2fb742-4818-4e3c-bc2d-12b28277cd04"
        ],
        "x-ms-correlation-request-id": [
          "4d2fb742-4818-4e3c-bc2d-12b28277cd04"
        ],
        "x-ms-routing-request-id": [
          "WESTUS2:20190510T235538Z:4d2fb742-4818-4e3c-bc2d-12b28277cd04"
        ],
        "Strict-Transport-Security": [
          "max-age=31536000; includeSubDomains"
        ],
        "X-Content-Type-Options": [
          "nosniff"
        ],
        "Date": [
          "Fri, 10 May 2019 23:55:38 GMT"
        ],
        "Expires": [
          "-1"
        ],
        "Content-Length": [
          "0"
        ]
      },
      "ResponseBody": "",
      "StatusCode": 202
    },
    {
      "RequestUri": "/subscriptions/47f4bc68-6fe4-43a2-be8b-dfd0e290efa2/operationresults/eyJqb2JJZCI6IlJFU09VUkNFR1JPVVBERUxFVElPTkpPQi1QUzk1MTItV0VTVFVTIiwiam9iTG9jYXRpb24iOiJ3ZXN0dXMifQ?api-version=2016-09-01",
      "EncodedRequestUri": "L3N1YnNjcmlwdGlvbnMvNDdmNGJjNjgtNmZlNC00M2EyLWJlOGItZGZkMGUyOTBlZmEyL29wZXJhdGlvbnJlc3VsdHMvZXlKcWIySkpaQ0k2SWxKRlUwOVZVa05GUjFKUFZWQkVSVXhGVkVsUFRrcFBRaTFRVXprMU1USXRWMFZUVkZWVElpd2lhbTlpVEc5allYUnBiMjRpT2lKM1pYTjBkWE1pZlE/YXBpLXZlcnNpb249MjAxNi0wOS0wMQ==",
      "RequestMethod": "GET",
      "RequestBody": "",
      "RequestHeaders": {
        "User-Agent": [
          "FxVersion/4.6.27129.04",
          "OSName/Windows",
          "OSVersion/Microsoft.Windows.10.0.17763.",
          "Microsoft.Azure.Management.Internal.Resources.ResourceManagementClient/1.2.0"
        ]
      },
      "ResponseHeaders": {
        "Cache-Control": [
          "no-cache"
        ],
        "Pragma": [
          "no-cache"
        ],
        "Location": [
          "https://management.azure.com/subscriptions/47f4bc68-6fe4-43a2-be8b-dfd0e290efa2/operationresults/eyJqb2JJZCI6IlJFU09VUkNFR1JPVVBERUxFVElPTkpPQi1QUzk1MTItV0VTVFVTIiwiam9iTG9jYXRpb24iOiJ3ZXN0dXMifQ?api-version=2016-09-01"
        ],
        "Retry-After": [
          "15"
        ],
        "x-ms-ratelimit-remaining-subscription-reads": [
          "11966"
        ],
        "x-ms-request-id": [
          "5e467a6d-4c76-4ac5-b9ea-d2d2cabf5e15"
        ],
        "x-ms-correlation-request-id": [
          "5e467a6d-4c76-4ac5-b9ea-d2d2cabf5e15"
        ],
        "x-ms-routing-request-id": [
          "WESTUS2:20190510T235553Z:5e467a6d-4c76-4ac5-b9ea-d2d2cabf5e15"
        ],
        "Strict-Transport-Security": [
          "max-age=31536000; includeSubDomains"
        ],
        "X-Content-Type-Options": [
          "nosniff"
        ],
        "Date": [
          "Fri, 10 May 2019 23:55:53 GMT"
        ],
        "Expires": [
          "-1"
        ],
        "Content-Length": [
          "0"
        ]
      },
      "ResponseBody": "",
      "StatusCode": 202
    },
    {
      "RequestUri": "/subscriptions/47f4bc68-6fe4-43a2-be8b-dfd0e290efa2/operationresults/eyJqb2JJZCI6IlJFU09VUkNFR1JPVVBERUxFVElPTkpPQi1QUzk1MTItV0VTVFVTIiwiam9iTG9jYXRpb24iOiJ3ZXN0dXMifQ?api-version=2016-09-01",
      "EncodedRequestUri": "L3N1YnNjcmlwdGlvbnMvNDdmNGJjNjgtNmZlNC00M2EyLWJlOGItZGZkMGUyOTBlZmEyL29wZXJhdGlvbnJlc3VsdHMvZXlKcWIySkpaQ0k2SWxKRlUwOVZVa05GUjFKUFZWQkVSVXhGVkVsUFRrcFBRaTFRVXprMU1USXRWMFZUVkZWVElpd2lhbTlpVEc5allYUnBiMjRpT2lKM1pYTjBkWE1pZlE/YXBpLXZlcnNpb249MjAxNi0wOS0wMQ==",
      "RequestMethod": "GET",
      "RequestBody": "",
      "RequestHeaders": {
        "User-Agent": [
          "FxVersion/4.6.27129.04",
          "OSName/Windows",
          "OSVersion/Microsoft.Windows.10.0.17763.",
          "Microsoft.Azure.Management.Internal.Resources.ResourceManagementClient/1.2.0"
        ]
      },
      "ResponseHeaders": {
        "Cache-Control": [
          "no-cache"
        ],
        "Pragma": [
          "no-cache"
        ],
        "Location": [
          "https://management.azure.com/subscriptions/47f4bc68-6fe4-43a2-be8b-dfd0e290efa2/operationresults/eyJqb2JJZCI6IlJFU09VUkNFR1JPVVBERUxFVElPTkpPQi1QUzk1MTItV0VTVFVTIiwiam9iTG9jYXRpb24iOiJ3ZXN0dXMifQ?api-version=2016-09-01"
        ],
        "Retry-After": [
          "15"
        ],
        "x-ms-ratelimit-remaining-subscription-reads": [
          "11965"
        ],
        "x-ms-request-id": [
          "fbdb9e51-42a6-47a9-b6d1-edfc55ba8bab"
        ],
        "x-ms-correlation-request-id": [
          "fbdb9e51-42a6-47a9-b6d1-edfc55ba8bab"
        ],
        "x-ms-routing-request-id": [
          "WESTUS2:20190510T235609Z:fbdb9e51-42a6-47a9-b6d1-edfc55ba8bab"
        ],
        "Strict-Transport-Security": [
          "max-age=31536000; includeSubDomains"
        ],
        "X-Content-Type-Options": [
          "nosniff"
        ],
        "Date": [
          "Fri, 10 May 2019 23:56:08 GMT"
        ],
        "Expires": [
          "-1"
        ],
        "Content-Length": [
          "0"
        ]
      },
      "ResponseBody": "",
      "StatusCode": 202
    },
    {
      "RequestUri": "/subscriptions/47f4bc68-6fe4-43a2-be8b-dfd0e290efa2/operationresults/eyJqb2JJZCI6IlJFU09VUkNFR1JPVVBERUxFVElPTkpPQi1QUzk1MTItV0VTVFVTIiwiam9iTG9jYXRpb24iOiJ3ZXN0dXMifQ?api-version=2016-09-01",
      "EncodedRequestUri": "L3N1YnNjcmlwdGlvbnMvNDdmNGJjNjgtNmZlNC00M2EyLWJlOGItZGZkMGUyOTBlZmEyL29wZXJhdGlvbnJlc3VsdHMvZXlKcWIySkpaQ0k2SWxKRlUwOVZVa05GUjFKUFZWQkVSVXhGVkVsUFRrcFBRaTFRVXprMU1USXRWMFZUVkZWVElpd2lhbTlpVEc5allYUnBiMjRpT2lKM1pYTjBkWE1pZlE/YXBpLXZlcnNpb249MjAxNi0wOS0wMQ==",
      "RequestMethod": "GET",
      "RequestBody": "",
      "RequestHeaders": {
        "User-Agent": [
          "FxVersion/4.6.27129.04",
          "OSName/Windows",
          "OSVersion/Microsoft.Windows.10.0.17763.",
          "Microsoft.Azure.Management.Internal.Resources.ResourceManagementClient/1.2.0"
        ]
      },
      "ResponseHeaders": {
        "Cache-Control": [
          "no-cache"
        ],
        "Pragma": [
          "no-cache"
        ],
        "x-ms-ratelimit-remaining-subscription-reads": [
          "11964"
        ],
        "x-ms-request-id": [
          "2acbc1f7-d989-49aa-a2f3-7ce1857c5ca3"
        ],
        "x-ms-correlation-request-id": [
          "2acbc1f7-d989-49aa-a2f3-7ce1857c5ca3"
        ],
        "x-ms-routing-request-id": [
          "WESTUS2:20190510T235624Z:2acbc1f7-d989-49aa-a2f3-7ce1857c5ca3"
        ],
        "Strict-Transport-Security": [
          "max-age=31536000; includeSubDomains"
        ],
        "X-Content-Type-Options": [
          "nosniff"
        ],
        "Date": [
          "Fri, 10 May 2019 23:56:23 GMT"
        ],
        "Expires": [
          "-1"
        ],
        "Content-Length": [
          "0"
        ]
      },
      "ResponseBody": "",
      "StatusCode": 200
    },
    {
      "RequestUri": "/subscriptions/47f4bc68-6fe4-43a2-be8b-dfd0e290efa2/operationresults/eyJqb2JJZCI6IlJFU09VUkNFR1JPVVBERUxFVElPTkpPQi1QUzk1MTItV0VTVFVTIiwiam9iTG9jYXRpb24iOiJ3ZXN0dXMifQ?api-version=2016-09-01",
      "EncodedRequestUri": "L3N1YnNjcmlwdGlvbnMvNDdmNGJjNjgtNmZlNC00M2EyLWJlOGItZGZkMGUyOTBlZmEyL29wZXJhdGlvbnJlc3VsdHMvZXlKcWIySkpaQ0k2SWxKRlUwOVZVa05GUjFKUFZWQkVSVXhGVkVsUFRrcFBRaTFRVXprMU1USXRWMFZUVkZWVElpd2lhbTlpVEc5allYUnBiMjRpT2lKM1pYTjBkWE1pZlE/YXBpLXZlcnNpb249MjAxNi0wOS0wMQ==",
      "RequestMethod": "GET",
      "RequestBody": "",
      "RequestHeaders": {
        "User-Agent": [
          "FxVersion/4.6.27129.04",
          "OSName/Windows",
          "OSVersion/Microsoft.Windows.10.0.17763.",
          "Microsoft.Azure.Management.Internal.Resources.ResourceManagementClient/1.2.0"
        ]
      },
      "ResponseHeaders": {
        "Cache-Control": [
          "no-cache"
        ],
        "Pragma": [
          "no-cache"
        ],
        "x-ms-ratelimit-remaining-subscription-reads": [
          "11963"
        ],
        "x-ms-request-id": [
          "771a2ebd-5f21-4af1-b816-976e976e1eb8"
        ],
        "x-ms-correlation-request-id": [
          "771a2ebd-5f21-4af1-b816-976e976e1eb8"
        ],
        "x-ms-routing-request-id": [
          "WESTUS2:20190510T235624Z:771a2ebd-5f21-4af1-b816-976e976e1eb8"
        ],
        "Strict-Transport-Security": [
          "max-age=31536000; includeSubDomains"
        ],
        "X-Content-Type-Options": [
          "nosniff"
        ],
        "Date": [
          "Fri, 10 May 2019 23:56:23 GMT"
        ],
        "Expires": [
          "-1"
        ],
        "Content-Length": [
          "0"
        ]
      },
      "ResponseBody": "",
      "StatusCode": 200
    }
  ],
  "Names": {
    "Test-CustomDomainGetRemoveWithRunningEndpoint": [
      "ps2904",
      "ps904",
      "ps9512",
      "ps2721"
    ]
  },
  "Variables": {
    "SubscriptionId": "47f4bc68-6fe4-43a2-be8b-dfd0e290efa2"
  }
}