{
  "Entries": [
    {
      "RequestUri": "/subscriptions/9532a63e-f2eb-4649-bb23-5ed01077ce80/providers/Microsoft.Network?api-version=2014-04-01-preview",
      "EncodedRequestUri": "L3N1YnNjcmlwdGlvbnMvOTUzMmE2M2UtZjJlYi00NjQ5LWJiMjMtNWVkMDEwNzdjZTgwL3Byb3ZpZGVycy9NaWNyb3NvZnQuTmV0d29yaz9hcGktdmVyc2lvbj0yMDE0LTA0LTAxLXByZXZpZXc=",
      "RequestMethod": "GET",
      "RequestBody": "",
      "RequestHeaders": {
        "User-Agent": [
          "Microsoft.Azure.Management.Resources.ResourceManagementClient/2.0.0.0"
        ]
      },
      "ResponseBody": "{\r\n  \"id\": \"/subscriptions/9532a63e-f2eb-4649-bb23-5ed01077ce80/providers/Microsoft.Network\",\r\n  \"namespace\": \"Microsoft.Network\",\r\n  \"authorization\": {\r\n    \"applicationId\": \"2cf9eb86-36b5-49dc-86ae-9a63135dfa8c\",\r\n    \"roleDefinitionId\": \"13ba9ab4-19f0-4804-adc4-14ece36cc7a1\"\r\n  },\r\n  \"resourceTypes\": [\r\n    {\r\n      \"resourceType\": \"virtualNetworks\",\r\n      \"locations\": [\r\n        \"West US\",\r\n        \"East US\",\r\n        \"North Europe\",\r\n        \"West Europe\",\r\n        \"East Asia\",\r\n        \"Southeast Asia\",\r\n        \"South Central US\",\r\n        \"Central US\",\r\n        \"East US 2\",\r\n        \"Japan East\",\r\n        \"Japan West\",\r\n        \"North Central US\",\r\n        \"Brazil South\",\r\n        \"Australia East\",\r\n        \"Australia Southeast\"\r\n      ],\r\n      \"apiVersions\": [\r\n        \"2015-06-15\",\r\n        \"2015-05-01-preview\",\r\n        \"2014-12-01-preview\"\r\n      ]\r\n    },\r\n    {\r\n      \"resourceType\": \"publicIPAddresses\",\r\n      \"locations\": [\r\n        \"West US\",\r\n        \"East US\",\r\n        \"North Europe\",\r\n        \"West Europe\",\r\n        \"East Asia\",\r\n        \"Southeast Asia\",\r\n        \"South Central US\",\r\n        \"Central US\",\r\n        \"East US 2\",\r\n        \"Japan East\",\r\n        \"Japan West\",\r\n        \"North Central US\",\r\n        \"Brazil South\",\r\n        \"Australia East\",\r\n        \"Australia Southeast\"\r\n      ],\r\n      \"apiVersions\": [\r\n        \"2015-06-15\",\r\n        \"2015-05-01-preview\",\r\n        \"2014-12-01-preview\"\r\n      ]\r\n    },\r\n    {\r\n      \"resourceType\": \"networkInterfaces\",\r\n      \"locations\": [\r\n        \"West US\",\r\n        \"East US\",\r\n        \"North Europe\",\r\n        \"West Europe\",\r\n        \"East Asia\",\r\n        \"Southeast Asia\",\r\n        \"South Central US\",\r\n        \"Central US\",\r\n        \"East US 2\",\r\n        \"Japan East\",\r\n        \"Japan West\",\r\n        \"North Central US\",\r\n        \"Brazil South\",\r\n        \"Australia East\",\r\n        \"Australia Southeast\"\r\n      ],\r\n      \"apiVersions\": [\r\n        \"2015-06-15\",\r\n        \"2015-05-01-preview\",\r\n        \"2014-12-01-preview\"\r\n      ]\r\n    },\r\n    {\r\n      \"resourceType\": \"loadBalancers\",\r\n      \"locations\": [\r\n        \"West US\",\r\n        \"East US\",\r\n        \"North Europe\",\r\n        \"West Europe\",\r\n        \"East Asia\",\r\n        \"Southeast Asia\",\r\n        \"South Central US\",\r\n        \"Central US\",\r\n        \"East US 2\",\r\n        \"Japan East\",\r\n        \"Japan West\",\r\n        \"North Central US\",\r\n        \"Brazil South\",\r\n        \"Australia East\",\r\n        \"Australia Southeast\"\r\n      ],\r\n      \"apiVersions\": [\r\n        \"2015-06-15\",\r\n        \"2015-05-01-preview\",\r\n        \"2014-12-01-preview\"\r\n      ]\r\n    },\r\n    {\r\n      \"resourceType\": \"networkSecurityGroups\",\r\n      \"locations\": [\r\n        \"West US\",\r\n        \"East US\",\r\n        \"North Europe\",\r\n        \"West Europe\",\r\n        \"East Asia\",\r\n        \"Southeast Asia\",\r\n        \"South Central US\",\r\n        \"Central US\",\r\n        \"East US 2\",\r\n        \"Japan East\",\r\n        \"Japan West\",\r\n        \"North Central US\",\r\n        \"Brazil South\",\r\n        \"Australia East\",\r\n        \"Australia Southeast\"\r\n      ],\r\n      \"apiVersions\": [\r\n        \"2015-06-15\",\r\n        \"2015-05-01-preview\",\r\n        \"2014-12-01-preview\"\r\n      ]\r\n    },\r\n    {\r\n      \"resourceType\": \"routeTables\",\r\n      \"locations\": [\r\n        \"West US\",\r\n        \"East US\",\r\n        \"North Europe\",\r\n        \"West Europe\",\r\n        \"East Asia\",\r\n        \"Southeast Asia\",\r\n        \"South Central US\",\r\n        \"Central US\",\r\n        \"East US 2\",\r\n        \"Japan East\",\r\n        \"Japan West\",\r\n        \"North Central US\",\r\n        \"Brazil South\",\r\n        \"Australia East\",\r\n        \"Australia Southeast\"\r\n      ],\r\n      \"apiVersions\": [\r\n        \"2015-06-15\",\r\n        \"2015-05-01-preview\",\r\n        \"2014-12-01-preview\"\r\n      ]\r\n    },\r\n    {\r\n      \"resourceType\": \"virtualNetworkGateways\",\r\n      \"locations\": [\r\n        \"West US\",\r\n        \"East US\",\r\n        \"North Europe\",\r\n        \"West Europe\",\r\n        \"East Asia\",\r\n        \"Southeast Asia\",\r\n        \"South Central US\",\r\n        \"Central US\",\r\n        \"East US 2\",\r\n        \"Japan East\",\r\n        \"Japan West\",\r\n        \"North Central US\",\r\n        \"Brazil South\",\r\n        \"Australia East\",\r\n        \"Australia Southeast\"\r\n      ],\r\n      \"apiVersions\": [\r\n        \"2015-06-15\",\r\n        \"2015-05-01-preview\",\r\n        \"2014-12-01-preview\"\r\n      ]\r\n    },\r\n    {\r\n      \"resourceType\": \"localNetworkGateways\",\r\n      \"locations\": [\r\n        \"West US\",\r\n        \"East US\",\r\n        \"North Europe\",\r\n        \"West Europe\",\r\n        \"East Asia\",\r\n        \"Southeast Asia\",\r\n        \"South Central US\",\r\n        \"Central US\",\r\n        \"East US 2\",\r\n        \"Japan East\",\r\n        \"Japan West\",\r\n        \"North Central US\",\r\n        \"Brazil South\",\r\n        \"Australia East\",\r\n        \"Australia Southeast\"\r\n      ],\r\n      \"apiVersions\": [\r\n        \"2015-06-15\",\r\n        \"2015-05-01-preview\",\r\n        \"2014-12-01-preview\"\r\n      ]\r\n    },\r\n    {\r\n      \"resourceType\": \"connections\",\r\n      \"locations\": [\r\n        \"West US\",\r\n        \"East US\",\r\n        \"North Europe\",\r\n        \"West Europe\",\r\n        \"East Asia\",\r\n        \"Southeast Asia\",\r\n        \"South Central US\",\r\n        \"Central US\",\r\n        \"East US 2\",\r\n        \"Japan East\",\r\n        \"Japan West\",\r\n        \"North Central US\",\r\n        \"Brazil South\",\r\n        \"Australia East\",\r\n        \"Australia Southeast\"\r\n      ],\r\n      \"apiVersions\": [\r\n        \"2015-06-15\",\r\n        \"2015-05-01-preview\",\r\n        \"2014-12-01-preview\"\r\n      ]\r\n    },\r\n    {\r\n      \"resourceType\": \"applicationGateways\",\r\n      \"locations\": [\r\n        \"West US\",\r\n        \"East US\",\r\n        \"North Europe\",\r\n        \"West Europe\",\r\n        \"East Asia\",\r\n        \"Southeast Asia\",\r\n        \"South Central US\",\r\n        \"Central US\",\r\n        \"East US 2\",\r\n        \"Japan East\",\r\n        \"Japan West\",\r\n        \"North Central US\",\r\n        \"Brazil South\",\r\n        \"Australia East\",\r\n        \"Australia Southeast\"\r\n      ],\r\n      \"apiVersions\": [\r\n        \"2015-06-15\",\r\n        \"2015-05-01-preview\",\r\n        \"2014-12-01-preview\"\r\n      ]\r\n    },\r\n    {\r\n      \"resourceType\": \"locations\",\r\n      \"locations\": [],\r\n      \"apiVersions\": [\r\n        \"2015-06-15\",\r\n        \"2015-05-01-preview\",\r\n        \"2014-12-01-preview\"\r\n      ]\r\n    },\r\n    {\r\n      \"resourceType\": \"locations/operations\",\r\n      \"locations\": [],\r\n      \"apiVersions\": [\r\n        \"2015-06-15\",\r\n        \"2015-05-01-preview\",\r\n        \"2014-12-01-preview\"\r\n      ]\r\n    },\r\n    {\r\n      \"resourceType\": \"locations/operationResults\",\r\n      \"locations\": [],\r\n      \"apiVersions\": [\r\n        \"2015-06-15\",\r\n        \"2015-05-01-preview\",\r\n        \"2014-12-01-preview\"\r\n      ]\r\n    },\r\n    {\r\n      \"resourceType\": \"locations/CheckDnsNameAvailability\",\r\n      \"locations\": [],\r\n      \"apiVersions\": [\r\n        \"2015-06-15\",\r\n        \"2015-05-01-preview\",\r\n        \"2014-12-01-preview\"\r\n      ]\r\n    },\r\n    {\r\n      \"resourceType\": \"locations/usages\",\r\n      \"locations\": [],\r\n      \"apiVersions\": [\r\n        \"2015-06-15\",\r\n        \"2015-05-01-preview\",\r\n        \"2014-12-01-preview\"\r\n      ]\r\n    },\r\n    {\r\n      \"resourceType\": \"operations\",\r\n      \"locations\": [],\r\n      \"apiVersions\": [\r\n        \"2015-06-15\",\r\n        \"2015-05-01-preview\",\r\n        \"2014-12-01-preview\"\r\n      ]\r\n    },\r\n    {\r\n      \"resourceType\": \"expressRouteCircuits\",\r\n      \"locations\": [\r\n        \"Brazil South\",\r\n        \"West US\",\r\n        \"East US\",\r\n        \"North Europe\",\r\n        \"West Europe\",\r\n        \"East Asia\",\r\n        \"Southeast Asia\",\r\n        \"North Central US\",\r\n        \"South Central US\",\r\n        \"Central US\",\r\n        \"East US 2\",\r\n        \"Japan East\",\r\n        \"Japan West\",\r\n        \"Australia East\",\r\n        \"Australia Southeast\"\r\n      ],\r\n      \"apiVersions\": [\r\n        \"2015-06-15\",\r\n        \"2015-05-01-preview\",\r\n        \"2014-12-01-preview\"\r\n      ]\r\n    },\r\n    {\r\n      \"resourceType\": \"expressRouteServiceProviders\",\r\n      \"locations\": [],\r\n      \"apiVersions\": [\r\n        \"2015-06-15\",\r\n        \"2015-05-01-preview\",\r\n        \"2014-12-01-preview\"\r\n      ]\r\n    },\r\n    {\r\n      \"resourceType\": \"dnszones\",\r\n      \"locations\": [\r\n        \"global\"\r\n      ],\r\n      \"apiVersions\": [\r\n        \"2015-05-04-preview\"\r\n      ]\r\n    },\r\n    {\r\n      \"resourceType\": \"dnszones/A\",\r\n      \"locations\": [\r\n        \"global\"\r\n      ],\r\n      \"apiVersions\": [\r\n        \"2015-05-04-preview\"\r\n      ]\r\n    },\r\n    {\r\n      \"resourceType\": \"dnszones/AAAA\",\r\n      \"locations\": [\r\n        \"global\"\r\n      ],\r\n      \"apiVersions\": [\r\n        \"2015-05-04-preview\"\r\n      ]\r\n    },\r\n    {\r\n      \"resourceType\": \"dnszones/CNAME\",\r\n      \"locations\": [\r\n        \"global\"\r\n      ],\r\n      \"apiVersions\": [\r\n        \"2015-05-04-preview\"\r\n      ]\r\n    },\r\n    {\r\n      \"resourceType\": \"dnszones/PTR\",\r\n      \"locations\": [\r\n        \"global\"\r\n      ],\r\n      \"apiVersions\": [\r\n        \"2015-05-04-preview\"\r\n      ]\r\n    },\r\n    {\r\n      \"resourceType\": \"dnszones/MX\",\r\n      \"locations\": [\r\n        \"global\"\r\n      ],\r\n      \"apiVersions\": [\r\n        \"2015-05-04-preview\"\r\n      ]\r\n    },\r\n    {\r\n      \"resourceType\": \"dnszones/TXT\",\r\n      \"locations\": [\r\n        \"global\"\r\n      ],\r\n      \"apiVersions\": [\r\n        \"2015-05-04-preview\"\r\n      ]\r\n    },\r\n    {\r\n      \"resourceType\": \"dnszones/SRV\",\r\n      \"locations\": [\r\n        \"global\"\r\n      ],\r\n      \"apiVersions\": [\r\n        \"2015-05-04-preview\"\r\n      ]\r\n    },\r\n    {\r\n      \"resourceType\": \"trafficmanagerprofiles\",\r\n      \"locations\": [\r\n        \"global\"\r\n      ],\r\n      \"apiVersions\": [\r\n        \"2015-04-28-preview\"\r\n      ]\r\n    },\r\n    {\r\n      \"resourceType\": \"checkTrafficManagerNameAvailability\",\r\n      \"locations\": [\r\n        \"global\"\r\n      ],\r\n      \"apiVersions\": [\r\n        \"2015-04-28-preview\"\r\n      ]\r\n    }\r\n  ],\r\n  \"registrationState\": \"Registered\"\r\n}",
      "ResponseHeaders": {
        "Content-Length": [
          "5908"
        ],
        "Content-Type": [
          "application/json; charset=utf-8"
        ],
        "Expires": [
          "-1"
        ],
        "Pragma": [
          "no-cache"
        ],
        "x-ms-ratelimit-remaining-subscription-reads": [
          "14945"
        ],
        "x-ms-request-id": [
          "653fcf7e-3233-4f29-b94a-b8e9db1f879d"
        ],
        "x-ms-correlation-request-id": [
          "653fcf7e-3233-4f29-b94a-b8e9db1f879d"
        ],
        "x-ms-routing-request-id": [
          "WESTUS:20151124T205952Z:653fcf7e-3233-4f29-b94a-b8e9db1f879d"
        ],
        "Strict-Transport-Security": [
          "max-age=31536000; includeSubDomains"
        ],
        "Cache-Control": [
          "no-cache"
        ],
        "Date": [
          "Tue, 24 Nov 2015 20:59:52 GMT"
        ]
      },
      "StatusCode": 200
    },
    {
      "RequestUri": "/subscriptions/9532a63e-f2eb-4649-bb23-5ed01077ce80/resourcegroups/onesdk1585?api-version=2014-04-01-preview",
      "EncodedRequestUri": "L3N1YnNjcmlwdGlvbnMvOTUzMmE2M2UtZjJlYi00NjQ5LWJiMjMtNWVkMDEwNzdjZTgwL3Jlc291cmNlZ3JvdXBzL29uZXNkazE1ODU/YXBpLXZlcnNpb249MjAxNC0wNC0wMS1wcmV2aWV3",
      "RequestMethod": "HEAD",
      "RequestBody": "",
      "RequestHeaders": {
        "User-Agent": [
          "Microsoft.Azure.Management.Resources.ResourceManagementClient/2.0.0.0"
        ]
      },
      "ResponseBody": "",
      "ResponseHeaders": {
        "Content-Length": [
          "102"
        ],
        "Content-Type": [
          "application/json; charset=utf-8"
        ],
        "Expires": [
          "-1"
        ],
        "Pragma": [
          "no-cache"
        ],
        "x-ms-failure-cause": [
          "gateway"
        ],
        "x-ms-ratelimit-remaining-subscription-reads": [
          "14944"
        ],
        "x-ms-request-id": [
          "945f21a6-8f61-4e13-b6b3-87d0446c6a29"
        ],
        "x-ms-correlation-request-id": [
          "945f21a6-8f61-4e13-b6b3-87d0446c6a29"
        ],
        "x-ms-routing-request-id": [
          "WESTUS:20151124T205953Z:945f21a6-8f61-4e13-b6b3-87d0446c6a29"
        ],
        "Strict-Transport-Security": [
          "max-age=31536000; includeSubDomains"
        ],
        "Cache-Control": [
          "no-cache"
        ],
        "Date": [
          "Tue, 24 Nov 2015 20:59:52 GMT"
        ]
      },
      "StatusCode": 404
    },
    {
      "RequestUri": "/subscriptions/9532a63e-f2eb-4649-bb23-5ed01077ce80/resourcegroups/onesdk1585?api-version=2014-04-01-preview",
      "EncodedRequestUri": "L3N1YnNjcmlwdGlvbnMvOTUzMmE2M2UtZjJlYi00NjQ5LWJiMjMtNWVkMDEwNzdjZTgwL3Jlc291cmNlZ3JvdXBzL29uZXNkazE1ODU/YXBpLXZlcnNpb249MjAxNC0wNC0wMS1wcmV2aWV3",
      "RequestMethod": "HEAD",
      "RequestBody": "",
      "RequestHeaders": {
        "User-Agent": [
          "Microsoft.Azure.Management.Resources.ResourceManagementClient/2.0.0.0"
        ]
      },
      "ResponseBody": "",
      "ResponseHeaders": {
        "Content-Length": [
          "0"
        ],
        "Expires": [
          "-1"
        ],
        "Pragma": [
          "no-cache"
        ],
        "x-ms-ratelimit-remaining-subscription-reads": [
          "14942"
        ],
        "x-ms-request-id": [
          "bb0d23fd-3ebd-4968-b0b4-047210da1fd0"
        ],
        "x-ms-correlation-request-id": [
          "bb0d23fd-3ebd-4968-b0b4-047210da1fd0"
        ],
        "x-ms-routing-request-id": [
          "WESTUS:20151124T210028Z:bb0d23fd-3ebd-4968-b0b4-047210da1fd0"
        ],
        "Strict-Transport-Security": [
          "max-age=31536000; includeSubDomains"
        ],
        "Cache-Control": [
          "no-cache"
        ],
        "Date": [
          "Tue, 24 Nov 2015 21:00:28 GMT"
        ]
      },
      "StatusCode": 204
    },
    {
      "RequestUri": "/subscriptions/9532a63e-f2eb-4649-bb23-5ed01077ce80/resourcegroups/onesdk1585?api-version=2014-04-01-preview",
      "EncodedRequestUri": "L3N1YnNjcmlwdGlvbnMvOTUzMmE2M2UtZjJlYi00NjQ5LWJiMjMtNWVkMDEwNzdjZTgwL3Jlc291cmNlZ3JvdXBzL29uZXNkazE1ODU/YXBpLXZlcnNpb249MjAxNC0wNC0wMS1wcmV2aWV3",
      "RequestMethod": "PUT",
      "RequestBody": "{\r\n  \"location\": \"West US\",\r\n  \"tags\": {\r\n    \"testtag\": \"testval\"\r\n  }\r\n}",
      "RequestHeaders": {
        "Content-Type": [
          "application/json; charset=utf-8"
        ],
        "Content-Length": [
          "74"
        ],
        "User-Agent": [
          "Microsoft.Azure.Management.Resources.ResourceManagementClient/2.0.0.0"
        ]
      },
      "ResponseBody": "{\r\n  \"id\": \"/subscriptions/9532a63e-f2eb-4649-bb23-5ed01077ce80/resourceGroups/onesdk1585\",\r\n  \"name\": \"onesdk1585\",\r\n  \"location\": \"westus\",\r\n  \"tags\": {\r\n    \"testtag\": \"testval\"\r\n  },\r\n  \"properties\": {\r\n    \"provisioningState\": \"Succeeded\"\r\n  }\r\n}",
      "ResponseHeaders": {
        "Content-Length": [
          "202"
        ],
        "Content-Type": [
          "application/json; charset=utf-8"
        ],
        "Expires": [
          "-1"
        ],
        "Pragma": [
          "no-cache"
        ],
        "x-ms-ratelimit-remaining-subscription-writes": [
          "1185"
        ],
        "x-ms-request-id": [
          "39b574db-5a12-460f-90ee-53fe6052dac0"
        ],
        "x-ms-correlation-request-id": [
          "39b574db-5a12-460f-90ee-53fe6052dac0"
        ],
        "x-ms-routing-request-id": [
          "WESTUS:20151124T205953Z:39b574db-5a12-460f-90ee-53fe6052dac0"
        ],
        "Strict-Transport-Security": [
          "max-age=31536000; includeSubDomains"
        ],
        "Cache-Control": [
          "no-cache"
        ],
        "Date": [
          "Tue, 24 Nov 2015 20:59:52 GMT"
        ]
      },
      "StatusCode": 201
    },
    {
      "RequestUri": "/subscriptions/9532a63e-f2eb-4649-bb23-5ed01077ce80/resourceGroups/onesdk1585/resources?api-version=2014-04-01-preview",
      "EncodedRequestUri": "L3N1YnNjcmlwdGlvbnMvOTUzMmE2M2UtZjJlYi00NjQ5LWJiMjMtNWVkMDEwNzdjZTgwL3Jlc291cmNlR3JvdXBzL29uZXNkazE1ODUvcmVzb3VyY2VzP2FwaS12ZXJzaW9uPTIwMTQtMDQtMDEtcHJldmlldw==",
      "RequestMethod": "GET",
      "RequestBody": "",
      "RequestHeaders": {
        "User-Agent": [
          "Microsoft.Azure.Management.Resources.ResourceManagementClient/2.0.0.0"
        ]
      },
      "ResponseBody": "{\r\n  \"value\": []\r\n}",
      "ResponseHeaders": {
        "Content-Length": [
          "12"
        ],
        "Content-Type": [
          "application/json; charset=utf-8"
        ],
        "Expires": [
          "-1"
        ],
        "Pragma": [
          "no-cache"
        ],
        "x-ms-ratelimit-remaining-subscription-reads": [
          "14943"
        ],
        "x-ms-request-id": [
          "510af209-a041-466d-abc8-7018a4ad2e8b"
        ],
        "x-ms-correlation-request-id": [
          "510af209-a041-466d-abc8-7018a4ad2e8b"
        ],
        "x-ms-routing-request-id": [
          "WESTUS:20151124T205953Z:510af209-a041-466d-abc8-7018a4ad2e8b"
        ],
        "Strict-Transport-Security": [
          "max-age=31536000; includeSubDomains"
        ],
        "Cache-Control": [
          "no-cache"
        ],
        "Date": [
          "Tue, 24 Nov 2015 20:59:52 GMT"
        ]
      },
      "StatusCode": 200
    },
    {
      "RequestUri": "/subscriptions/9532a63e-f2eb-4649-bb23-5ed01077ce80/resourceGroups/onesdk1585/providers/Microsoft.Network/virtualnetworks/onesdk2424?api-version=2015-06-15",
      "EncodedRequestUri": "L3N1YnNjcmlwdGlvbnMvOTUzMmE2M2UtZjJlYi00NjQ5LWJiMjMtNWVkMDEwNzdjZTgwL3Jlc291cmNlR3JvdXBzL29uZXNkazE1ODUvcHJvdmlkZXJzL01pY3Jvc29mdC5OZXR3b3JrL3ZpcnR1YWxuZXR3b3Jrcy9vbmVzZGsyNDI0P2FwaS12ZXJzaW9uPTIwMTUtMDYtMTU=",
      "RequestMethod": "GET",
      "RequestBody": "",
      "RequestHeaders": {
        "x-ms-client-request-id": [
          "59ed6bb7-cab5-4cc7-a455-d455eca3ee13"
        ],
        "accept-language": [
          "en-US"
        ],
        "User-Agent": [
          "Microsoft.Azure.Management.Network.NetworkManagementClient/3.0.0.0"
        ]
      },
      "ResponseBody": "{\r\n  \"error\": {\r\n    \"code\": \"ResourceNotFound\",\r\n    \"message\": \"The Resource 'Microsoft.Network/virtualNetworks/onesdk2424' under resource group 'onesdk1585' was not found.\"\r\n  }\r\n}",
      "ResponseHeaders": {
        "Content-Length": [
          "158"
        ],
        "Content-Type": [
          "application/json; charset=utf-8"
        ],
        "Expires": [
          "-1"
        ],
        "Pragma": [
          "no-cache"
        ],
        "x-ms-failure-cause": [
          "gateway"
        ],
        "x-ms-request-id": [
          "243884d6-967c-431d-b47a-dc7fa994fd13"
        ],
        "x-ms-correlation-request-id": [
          "243884d6-967c-431d-b47a-dc7fa994fd13"
        ],
        "x-ms-routing-request-id": [
          "WESTUS:20151124T205954Z:243884d6-967c-431d-b47a-dc7fa994fd13"
        ],
        "Strict-Transport-Security": [
          "max-age=31536000; includeSubDomains"
        ],
        "Cache-Control": [
          "no-cache"
        ],
        "Date": [
          "Tue, 24 Nov 2015 20:59:54 GMT"
        ]
      },
      "StatusCode": 404
    },
    {
      "RequestUri": "/subscriptions/9532a63e-f2eb-4649-bb23-5ed01077ce80/resourceGroups/onesdk1585/providers/Microsoft.Network/virtualnetworks/onesdk2424?api-version=2015-06-15",
      "EncodedRequestUri": "L3N1YnNjcmlwdGlvbnMvOTUzMmE2M2UtZjJlYi00NjQ5LWJiMjMtNWVkMDEwNzdjZTgwL3Jlc291cmNlR3JvdXBzL29uZXNkazE1ODUvcHJvdmlkZXJzL01pY3Jvc29mdC5OZXR3b3JrL3ZpcnR1YWxuZXR3b3Jrcy9vbmVzZGsyNDI0P2FwaS12ZXJzaW9uPTIwMTUtMDYtMTU=",
      "RequestMethod": "GET",
      "RequestBody": "",
      "RequestHeaders": {
        "User-Agent": [
          "Microsoft.Azure.Management.Network.NetworkManagementClient/3.0.0.0"
        ]
      },
      "ResponseBody": "{\r\n  \"name\": \"onesdk2424\",\r\n  \"id\": \"/subscriptions/9532a63e-f2eb-4649-bb23-5ed01077ce80/resourceGroups/onesdk1585/providers/Microsoft.Network/virtualNetworks/onesdk2424\",\r\n  \"etag\": \"W/\\\"9b98cda3-d832-4ad7-b27d-92c84c46b9fa\\\"\",\r\n  \"type\": \"Microsoft.Network/virtualNetworks\",\r\n  \"location\": \"westus\",\r\n  \"properties\": {\r\n    \"provisioningState\": \"Succeeded\",\r\n    \"resourceGuid\": \"ff2f1ace-96cf-42e7-a903-91d93eddd3ee\",\r\n    \"addressSpace\": {\r\n      \"addressPrefixes\": [\r\n        \"10.0.0.0/16\"\r\n      ]\r\n    },\r\n    \"subnets\": [\r\n      {\r\n        \"name\": \"onesdk1649\",\r\n        \"id\": \"/subscriptions/9532a63e-f2eb-4649-bb23-5ed01077ce80/resourceGroups/onesdk1585/providers/Microsoft.Network/virtualNetworks/onesdk2424/subnets/onesdk1649\",\r\n        \"etag\": \"W/\\\"9b98cda3-d832-4ad7-b27d-92c84c46b9fa\\\"\",\r\n        \"properties\": {\r\n          \"provisioningState\": \"Succeeded\",\r\n          \"addressPrefix\": \"10.0.1.0/24\"\r\n        }\r\n      }\r\n    ]\r\n  }\r\n}",
      "ResponseHeaders": {
        "Content-Length": [
          "949"
        ],
        "Content-Type": [
          "application/json; charset=utf-8"
        ],
        "Expires": [
          "-1"
        ],
        "Pragma": [
          "no-cache"
        ],
        "x-ms-request-id": [
          "f9e13462-868c-40fb-b49e-3b72e72c176a"
        ],
        "Strict-Transport-Security": [
          "max-age=31536000; includeSubDomains"
        ],
        "Cache-Control": [
          "no-cache"
        ],
        "ETag": [
          "W/\"9b98cda3-d832-4ad7-b27d-92c84c46b9fa\""
        ],
        "Server": [
          "Microsoft-HTTPAPI/2.0",
          "Microsoft-HTTPAPI/2.0"
        ],
        "x-ms-ratelimit-remaining-subscription-reads": [
          "14950"
        ],
        "x-ms-correlation-request-id": [
          "c739a75a-f7a1-43dd-ac51-6b988a047087"
        ],
        "x-ms-routing-request-id": [
          "WESTUS:20151124T210005Z:c739a75a-f7a1-43dd-ac51-6b988a047087"
        ],
        "Date": [
          "Tue, 24 Nov 2015 21:00:04 GMT"
        ]
      },
      "StatusCode": 200
    },
    {
      "RequestUri": "/subscriptions/9532a63e-f2eb-4649-bb23-5ed01077ce80/resourceGroups/onesdk1585/providers/Microsoft.Network/virtualnetworks/onesdk2424?api-version=2015-06-15",
      "EncodedRequestUri": "L3N1YnNjcmlwdGlvbnMvOTUzMmE2M2UtZjJlYi00NjQ5LWJiMjMtNWVkMDEwNzdjZTgwL3Jlc291cmNlR3JvdXBzL29uZXNkazE1ODUvcHJvdmlkZXJzL01pY3Jvc29mdC5OZXR3b3JrL3ZpcnR1YWxuZXR3b3Jrcy9vbmVzZGsyNDI0P2FwaS12ZXJzaW9uPTIwMTUtMDYtMTU=",
      "RequestMethod": "GET",
      "RequestBody": "",
      "RequestHeaders": {
        "x-ms-client-request-id": [
          "83e9525f-ede4-475a-ae6d-2018f225e055"
        ],
        "accept-language": [
          "en-US"
        ],
        "User-Agent": [
          "Microsoft.Azure.Management.Network.NetworkManagementClient/3.0.0.0"
        ]
      },
      "ResponseBody": "{\r\n  \"name\": \"onesdk2424\",\r\n  \"id\": \"/subscriptions/9532a63e-f2eb-4649-bb23-5ed01077ce80/resourceGroups/onesdk1585/providers/Microsoft.Network/virtualNetworks/onesdk2424\",\r\n  \"etag\": \"W/\\\"9b98cda3-d832-4ad7-b27d-92c84c46b9fa\\\"\",\r\n  \"type\": \"Microsoft.Network/virtualNetworks\",\r\n  \"location\": \"westus\",\r\n  \"properties\": {\r\n    \"provisioningState\": \"Succeeded\",\r\n    \"resourceGuid\": \"ff2f1ace-96cf-42e7-a903-91d93eddd3ee\",\r\n    \"addressSpace\": {\r\n      \"addressPrefixes\": [\r\n        \"10.0.0.0/16\"\r\n      ]\r\n    },\r\n    \"subnets\": [\r\n      {\r\n        \"name\": \"onesdk1649\",\r\n        \"id\": \"/subscriptions/9532a63e-f2eb-4649-bb23-5ed01077ce80/resourceGroups/onesdk1585/providers/Microsoft.Network/virtualNetworks/onesdk2424/subnets/onesdk1649\",\r\n        \"etag\": \"W/\\\"9b98cda3-d832-4ad7-b27d-92c84c46b9fa\\\"\",\r\n        \"properties\": {\r\n          \"provisioningState\": \"Succeeded\",\r\n          \"addressPrefix\": \"10.0.1.0/24\"\r\n        }\r\n      }\r\n    ]\r\n  }\r\n}",
      "ResponseHeaders": {
        "Content-Length": [
          "949"
        ],
        "Content-Type": [
          "application/json; charset=utf-8"
        ],
        "Expires": [
          "-1"
        ],
        "Pragma": [
          "no-cache"
        ],
        "x-ms-request-id": [
          "afb9e937-c800-4bf2-9f99-b337c7901854"
        ],
        "Strict-Transport-Security": [
          "max-age=31536000; includeSubDomains"
        ],
        "Cache-Control": [
          "no-cache"
        ],
        "ETag": [
          "W/\"9b98cda3-d832-4ad7-b27d-92c84c46b9fa\""
        ],
        "Server": [
          "Microsoft-HTTPAPI/2.0",
          "Microsoft-HTTPAPI/2.0"
        ],
        "x-ms-ratelimit-remaining-subscription-reads": [
          "14949"
        ],
        "x-ms-correlation-request-id": [
          "d2d706f8-22ed-40fc-89db-8dd4c7fd2603"
        ],
        "x-ms-routing-request-id": [
          "WESTUS:20151124T210005Z:d2d706f8-22ed-40fc-89db-8dd4c7fd2603"
        ],
        "Date": [
          "Tue, 24 Nov 2015 21:00:04 GMT"
        ]
      },
      "StatusCode": 200
    },
    {
      "RequestUri": "/subscriptions/9532a63e-f2eb-4649-bb23-5ed01077ce80/resourceGroups/onesdk1585/providers/Microsoft.Network/virtualnetworks/onesdk2424?api-version=2015-06-15",
      "EncodedRequestUri": "L3N1YnNjcmlwdGlvbnMvOTUzMmE2M2UtZjJlYi00NjQ5LWJiMjMtNWVkMDEwNzdjZTgwL3Jlc291cmNlR3JvdXBzL29uZXNkazE1ODUvcHJvdmlkZXJzL01pY3Jvc29mdC5OZXR3b3JrL3ZpcnR1YWxuZXR3b3Jrcy9vbmVzZGsyNDI0P2FwaS12ZXJzaW9uPTIwMTUtMDYtMTU=",
      "RequestMethod": "PUT",
      "RequestBody": "{\r\n  \"location\": \"West US\",\r\n  \"properties\": {\r\n    \"addressSpace\": {\r\n      \"addressPrefixes\": [\r\n        \"10.0.0.0/16\"\r\n      ]\r\n    },\r\n    \"subnets\": [\r\n      {\r\n        \"name\": \"onesdk1649\",\r\n        \"properties\": {\r\n          \"addressPrefix\": \"10.0.1.0/24\",\r\n          \"ipConfigurations\": []\r\n        }\r\n      }\r\n    ]\r\n  }\r\n}",
      "RequestHeaders": {
        "Content-Type": [
          "application/json; charset=utf-8"
        ],
        "Content-Length": [
          "332"
        ],
        "x-ms-client-request-id": [
          "34452fc6-234e-4b61-9d5f-bc3265179c20"
        ],
        "accept-language": [
          "en-US"
        ],
        "User-Agent": [
          "Microsoft.Azure.Management.Network.NetworkManagementClient/3.0.0.0"
        ]
      },
      "ResponseBody": "{\r\n  \"name\": \"onesdk2424\",\r\n  \"id\": \"/subscriptions/9532a63e-f2eb-4649-bb23-5ed01077ce80/resourceGroups/onesdk1585/providers/Microsoft.Network/virtualNetworks/onesdk2424\",\r\n  \"etag\": \"W/\\\"ae59144a-7857-4cfb-92ac-e80732d32fde\\\"\",\r\n  \"type\": \"Microsoft.Network/virtualNetworks\",\r\n  \"location\": \"westus\",\r\n  \"properties\": {\r\n    \"provisioningState\": \"Updating\",\r\n    \"resourceGuid\": \"ff2f1ace-96cf-42e7-a903-91d93eddd3ee\",\r\n    \"addressSpace\": {\r\n      \"addressPrefixes\": [\r\n        \"10.0.0.0/16\"\r\n      ]\r\n    },\r\n    \"subnets\": [\r\n      {\r\n        \"name\": \"onesdk1649\",\r\n        \"id\": \"/subscriptions/9532a63e-f2eb-4649-bb23-5ed01077ce80/resourceGroups/onesdk1585/providers/Microsoft.Network/virtualNetworks/onesdk2424/subnets/onesdk1649\",\r\n        \"etag\": \"W/\\\"ae59144a-7857-4cfb-92ac-e80732d32fde\\\"\",\r\n        \"properties\": {\r\n          \"provisioningState\": \"Updating\",\r\n          \"addressPrefix\": \"10.0.1.0/24\"\r\n        }\r\n      }\r\n    ]\r\n  }\r\n}",
      "ResponseHeaders": {
        "Content-Length": [
          "947"
        ],
        "Content-Type": [
          "application/json; charset=utf-8"
        ],
        "Expires": [
          "-1"
        ],
        "Pragma": [
          "no-cache"
        ],
        "Retry-After": [
          "10"
        ],
        "x-ms-request-id": [
          "95ebad21-cc67-4f46-b1df-e32ce738a356"
        ],
        "Azure-AsyncOperation": [
          "https://management.azure.com/subscriptions/9532a63e-f2eb-4649-bb23-5ed01077ce80/providers/Microsoft.Network/locations/westus/operations/95ebad21-cc67-4f46-b1df-e32ce738a356?api-version=2015-06-15"
        ],
        "Strict-Transport-Security": [
          "max-age=31536000; includeSubDomains"
        ],
        "Cache-Control": [
          "no-cache"
        ],
        "Server": [
          "Microsoft-HTTPAPI/2.0",
          "Microsoft-HTTPAPI/2.0"
        ],
        "x-ms-ratelimit-remaining-subscription-writes": [
          "1186"
        ],
        "x-ms-correlation-request-id": [
          "e998088a-22d1-4c6a-b9c6-897b59a2fedf"
        ],
        "x-ms-routing-request-id": [
          "WESTUS:20151124T205954Z:e998088a-22d1-4c6a-b9c6-897b59a2fedf"
        ],
        "Date": [
          "Tue, 24 Nov 2015 20:59:54 GMT"
        ]
      },
      "StatusCode": 201
    },
    {
      "RequestUri": "/subscriptions/9532a63e-f2eb-4649-bb23-5ed01077ce80/providers/Microsoft.Network/locations/westus/operations/95ebad21-cc67-4f46-b1df-e32ce738a356?api-version=2015-06-15",
      "EncodedRequestUri": "L3N1YnNjcmlwdGlvbnMvOTUzMmE2M2UtZjJlYi00NjQ5LWJiMjMtNWVkMDEwNzdjZTgwL3Byb3ZpZGVycy9NaWNyb3NvZnQuTmV0d29yay9sb2NhdGlvbnMvd2VzdHVzL29wZXJhdGlvbnMvOTVlYmFkMjEtY2M2Ny00ZjQ2LWIxZGYtZTMyY2U3MzhhMzU2P2FwaS12ZXJzaW9uPTIwMTUtMDYtMTU=",
      "RequestMethod": "GET",
      "RequestBody": "",
      "RequestHeaders": {
        "User-Agent": [
          "Microsoft.Azure.Management.Network.NetworkManagementClient/3.0.0.0"
        ]
      },
      "ResponseBody": "{\r\n  \"status\": \"Succeeded\"\r\n}",
      "ResponseHeaders": {
        "Content-Length": [
          "29"
        ],
        "Content-Type": [
          "application/json; charset=utf-8"
        ],
        "Expires": [
          "-1"
        ],
        "Pragma": [
          "no-cache"
        ],
        "x-ms-request-id": [
          "2363a53f-024e-4c8d-8f95-bd03979d942e"
        ],
        "Strict-Transport-Security": [
          "max-age=31536000; includeSubDomains"
        ],
        "Cache-Control": [
          "no-cache"
        ],
        "Server": [
          "Microsoft-HTTPAPI/2.0",
          "Microsoft-HTTPAPI/2.0"
        ],
        "x-ms-ratelimit-remaining-subscription-reads": [
          "14951"
        ],
        "x-ms-correlation-request-id": [
          "d81f314b-ae86-4153-a90e-8c35ed9bfbb9"
        ],
        "x-ms-routing-request-id": [
          "WESTUS:20151124T210005Z:d81f314b-ae86-4153-a90e-8c35ed9bfbb9"
        ],
        "Date": [
          "Tue, 24 Nov 2015 21:00:04 GMT"
        ]
      },
      "StatusCode": 200
    },
    {
      "RequestUri": "/subscriptions/9532a63e-f2eb-4649-bb23-5ed01077ce80/resourceGroups/onesdk1585/providers/Microsoft.Network/publicIPAddresses/onesdk1300?api-version=2015-06-15",
      "EncodedRequestUri": "L3N1YnNjcmlwdGlvbnMvOTUzMmE2M2UtZjJlYi00NjQ5LWJiMjMtNWVkMDEwNzdjZTgwL3Jlc291cmNlR3JvdXBzL29uZXNkazE1ODUvcHJvdmlkZXJzL01pY3Jvc29mdC5OZXR3b3JrL3B1YmxpY0lQQWRkcmVzc2VzL29uZXNkazEzMDA/YXBpLXZlcnNpb249MjAxNS0wNi0xNQ==",
      "RequestMethod": "GET",
      "RequestBody": "",
      "RequestHeaders": {
        "x-ms-client-request-id": [
          "07bf85e3-df7c-4226-a415-b6dfa7de6e81"
        ],
        "accept-language": [
          "en-US"
        ],
        "User-Agent": [
          "Microsoft.Azure.Management.Network.NetworkManagementClient/3.0.0.0"
        ]
      },
      "ResponseBody": "{\r\n  \"error\": {\r\n    \"code\": \"ResourceNotFound\",\r\n    \"message\": \"The Resource 'Microsoft.Network/publicIPAddresses/onesdk1300' under resource group 'onesdk1585' was not found.\"\r\n  }\r\n}",
      "ResponseHeaders": {
        "Content-Length": [
          "160"
        ],
        "Content-Type": [
          "application/json; charset=utf-8"
        ],
        "Expires": [
          "-1"
        ],
        "Pragma": [
          "no-cache"
        ],
        "x-ms-failure-cause": [
          "gateway"
        ],
        "x-ms-request-id": [
          "226a89c8-f5a6-4c39-9870-78eb77fec807"
        ],
        "x-ms-correlation-request-id": [
          "226a89c8-f5a6-4c39-9870-78eb77fec807"
        ],
        "x-ms-routing-request-id": [
          "WESTUS:20151124T210005Z:226a89c8-f5a6-4c39-9870-78eb77fec807"
        ],
        "Strict-Transport-Security": [
          "max-age=31536000; includeSubDomains"
        ],
        "Cache-Control": [
          "no-cache"
        ],
        "Date": [
          "Tue, 24 Nov 2015 21:00:04 GMT"
        ]
      },
      "StatusCode": 404
    },
    {
      "RequestUri": "/subscriptions/9532a63e-f2eb-4649-bb23-5ed01077ce80/resourceGroups/onesdk1585/providers/Microsoft.Network/publicIPAddresses/onesdk1300?api-version=2015-06-15",
      "EncodedRequestUri": "L3N1YnNjcmlwdGlvbnMvOTUzMmE2M2UtZjJlYi00NjQ5LWJiMjMtNWVkMDEwNzdjZTgwL3Jlc291cmNlR3JvdXBzL29uZXNkazE1ODUvcHJvdmlkZXJzL01pY3Jvc29mdC5OZXR3b3JrL3B1YmxpY0lQQWRkcmVzc2VzL29uZXNkazEzMDA/YXBpLXZlcnNpb249MjAxNS0wNi0xNQ==",
      "RequestMethod": "GET",
      "RequestBody": "",
      "RequestHeaders": {
        "User-Agent": [
          "Microsoft.Azure.Management.Network.NetworkManagementClient/3.0.0.0"
        ]
      },
      "ResponseBody": "{\r\n  \"name\": \"onesdk1300\",\r\n  \"id\": \"/subscriptions/9532a63e-f2eb-4649-bb23-5ed01077ce80/resourceGroups/onesdk1585/providers/Microsoft.Network/publicIPAddresses/onesdk1300\",\r\n  \"etag\": \"W/\\\"6b2d5062-b7cf-4a44-84a8-f04c25cc5a0a\\\"\",\r\n  \"type\": \"Microsoft.Network/publicIPAddresses\",\r\n  \"location\": \"westus\",\r\n  \"properties\": {\r\n    \"provisioningState\": \"Succeeded\",\r\n    \"resourceGuid\": \"e4bbe1d8-96ad-4d07-bb01-061b2ef7992d\",\r\n    \"publicIPAllocationMethod\": \"Dynamic\",\r\n    \"idleTimeoutInMinutes\": 4,\r\n    \"dnsSettings\": {\r\n      \"domainNameLabel\": \"onesdk147\",\r\n      \"fqdn\": \"onesdk147.westus.cloudapp.azure.com\"\r\n    }\r\n  }\r\n}",
      "ResponseHeaders": {
        "Content-Length": [
          "629"
        ],
        "Content-Type": [
          "application/json; charset=utf-8"
        ],
        "Expires": [
          "-1"
        ],
        "Pragma": [
          "no-cache"
        ],
        "x-ms-request-id": [
          "c0fff033-d68e-47b2-a11b-f06bb506efd3"
        ],
        "Strict-Transport-Security": [
          "max-age=31536000; includeSubDomains"
        ],
        "Cache-Control": [
          "no-cache"
        ],
        "ETag": [
          "W/\"6b2d5062-b7cf-4a44-84a8-f04c25cc5a0a\""
        ],
        "Server": [
          "Microsoft-HTTPAPI/2.0",
          "Microsoft-HTTPAPI/2.0"
        ],
        "x-ms-ratelimit-remaining-subscription-reads": [
          "14946"
        ],
        "x-ms-correlation-request-id": [
          "8ec00a70-3610-4935-aa92-223a2b52ed9f"
        ],
        "x-ms-routing-request-id": [
          "WESTUS:20151124T210016Z:8ec00a70-3610-4935-aa92-223a2b52ed9f"
        ],
        "Date": [
          "Tue, 24 Nov 2015 21:00:15 GMT"
        ]
      },
      "StatusCode": 200
    },
    {
      "RequestUri": "/subscriptions/9532a63e-f2eb-4649-bb23-5ed01077ce80/resourceGroups/onesdk1585/providers/Microsoft.Network/publicIPAddresses/onesdk1300?api-version=2015-06-15",
      "EncodedRequestUri": "L3N1YnNjcmlwdGlvbnMvOTUzMmE2M2UtZjJlYi00NjQ5LWJiMjMtNWVkMDEwNzdjZTgwL3Jlc291cmNlR3JvdXBzL29uZXNkazE1ODUvcHJvdmlkZXJzL01pY3Jvc29mdC5OZXR3b3JrL3B1YmxpY0lQQWRkcmVzc2VzL29uZXNkazEzMDA/YXBpLXZlcnNpb249MjAxNS0wNi0xNQ==",
      "RequestMethod": "GET",
      "RequestBody": "",
      "RequestHeaders": {
        "x-ms-client-request-id": [
          "4f476274-c080-4a26-9e9e-73ca59d57567"
        ],
        "accept-language": [
          "en-US"
        ],
        "User-Agent": [
          "Microsoft.Azure.Management.Network.NetworkManagementClient/3.0.0.0"
        ]
      },
      "ResponseBody": "{\r\n  \"name\": \"onesdk1300\",\r\n  \"id\": \"/subscriptions/9532a63e-f2eb-4649-bb23-5ed01077ce80/resourceGroups/onesdk1585/providers/Microsoft.Network/publicIPAddresses/onesdk1300\",\r\n  \"etag\": \"W/\\\"6b2d5062-b7cf-4a44-84a8-f04c25cc5a0a\\\"\",\r\n  \"type\": \"Microsoft.Network/publicIPAddresses\",\r\n  \"location\": \"westus\",\r\n  \"properties\": {\r\n    \"provisioningState\": \"Succeeded\",\r\n    \"resourceGuid\": \"e4bbe1d8-96ad-4d07-bb01-061b2ef7992d\",\r\n    \"publicIPAllocationMethod\": \"Dynamic\",\r\n    \"idleTimeoutInMinutes\": 4,\r\n    \"dnsSettings\": {\r\n      \"domainNameLabel\": \"onesdk147\",\r\n      \"fqdn\": \"onesdk147.westus.cloudapp.azure.com\"\r\n    }\r\n  }\r\n}",
      "ResponseHeaders": {
        "Content-Length": [
          "629"
        ],
        "Content-Type": [
          "application/json; charset=utf-8"
        ],
        "Expires": [
          "-1"
        ],
        "Pragma": [
          "no-cache"
        ],
        "x-ms-request-id": [
          "a30eb239-127b-43fe-9d40-95042d06e518"
        ],
        "Strict-Transport-Security": [
          "max-age=31536000; includeSubDomains"
        ],
        "Cache-Control": [
          "no-cache"
        ],
        "ETag": [
          "W/\"6b2d5062-b7cf-4a44-84a8-f04c25cc5a0a\""
        ],
        "Server": [
          "Microsoft-HTTPAPI/2.0",
          "Microsoft-HTTPAPI/2.0"
        ],
        "x-ms-ratelimit-remaining-subscription-reads": [
          "14945"
        ],
        "x-ms-correlation-request-id": [
          "9a8d5211-1338-45c5-8cf0-36310866f051"
        ],
        "x-ms-routing-request-id": [
          "WESTUS:20151124T210016Z:9a8d5211-1338-45c5-8cf0-36310866f051"
        ],
        "Date": [
          "Tue, 24 Nov 2015 21:00:15 GMT"
        ]
      },
      "StatusCode": 200
    },
    {
      "RequestUri": "/subscriptions/9532a63e-f2eb-4649-bb23-5ed01077ce80/resourceGroups/onesdk1585/providers/Microsoft.Network/publicIPAddresses/onesdk1300?api-version=2015-06-15",
      "EncodedRequestUri": "L3N1YnNjcmlwdGlvbnMvOTUzMmE2M2UtZjJlYi00NjQ5LWJiMjMtNWVkMDEwNzdjZTgwL3Jlc291cmNlR3JvdXBzL29uZXNkazE1ODUvcHJvdmlkZXJzL01pY3Jvc29mdC5OZXR3b3JrL3B1YmxpY0lQQWRkcmVzc2VzL29uZXNkazEzMDA/YXBpLXZlcnNpb249MjAxNS0wNi0xNQ==",
      "RequestMethod": "PUT",
      "RequestBody": "{\r\n  \"location\": \"West US\",\r\n  \"properties\": {\r\n    \"publicIPAllocationMethod\": \"Dynamic\",\r\n    \"dnsSettings\": {\r\n      \"domainNameLabel\": \"onesdk147\"\r\n    }\r\n  }\r\n}",
      "RequestHeaders": {
        "Content-Type": [
          "application/json; charset=utf-8"
        ],
        "Content-Length": [
          "165"
        ],
        "x-ms-client-request-id": [
          "1ed75493-774a-4766-a99e-2b9d60871a8c"
        ],
        "accept-language": [
          "en-US"
        ],
        "User-Agent": [
          "Microsoft.Azure.Management.Network.NetworkManagementClient/3.0.0.0"
        ]
      },
      "ResponseBody": "{\r\n  \"name\": \"onesdk1300\",\r\n  \"id\": \"/subscriptions/9532a63e-f2eb-4649-bb23-5ed01077ce80/resourceGroups/onesdk1585/providers/Microsoft.Network/publicIPAddresses/onesdk1300\",\r\n  \"etag\": \"W/\\\"81406d2d-a0fc-49d7-bbd9-b7c10a81c7bd\\\"\",\r\n  \"type\": \"Microsoft.Network/publicIPAddresses\",\r\n  \"location\": \"westus\",\r\n  \"properties\": {\r\n    \"provisioningState\": \"Updating\",\r\n    \"resourceGuid\": \"e4bbe1d8-96ad-4d07-bb01-061b2ef7992d\",\r\n    \"publicIPAllocationMethod\": \"Dynamic\",\r\n    \"idleTimeoutInMinutes\": 4,\r\n    \"dnsSettings\": {\r\n      \"domainNameLabel\": \"onesdk147\",\r\n      \"fqdn\": \"onesdk147.westus.cloudapp.azure.com\"\r\n    }\r\n  }\r\n}",
      "ResponseHeaders": {
        "Content-Length": [
          "628"
        ],
        "Content-Type": [
          "application/json; charset=utf-8"
        ],
        "Expires": [
          "-1"
        ],
        "Pragma": [
          "no-cache"
        ],
        "Retry-After": [
          "10"
        ],
        "x-ms-request-id": [
          "44c683e3-6716-41c4-8af9-0233f3fa1ed8"
        ],
        "Azure-AsyncOperation": [
          "https://management.azure.com/subscriptions/9532a63e-f2eb-4649-bb23-5ed01077ce80/providers/Microsoft.Network/locations/westus/operations/44c683e3-6716-41c4-8af9-0233f3fa1ed8?api-version=2015-06-15"
        ],
        "Strict-Transport-Security": [
          "max-age=31536000; includeSubDomains"
        ],
        "Cache-Control": [
          "no-cache"
        ],
        "Server": [
          "Microsoft-HTTPAPI/2.0",
          "Microsoft-HTTPAPI/2.0"
        ],
        "x-ms-ratelimit-remaining-subscription-writes": [
          "1185"
        ],
        "x-ms-correlation-request-id": [
          "b4027ed9-f612-4997-bfc2-cbb3071d02f1"
        ],
        "x-ms-routing-request-id": [
          "WESTUS:20151124T210006Z:b4027ed9-f612-4997-bfc2-cbb3071d02f1"
        ],
        "Date": [
          "Tue, 24 Nov 2015 21:00:05 GMT"
        ]
      },
      "StatusCode": 201
    },
    {
      "RequestUri": "/subscriptions/9532a63e-f2eb-4649-bb23-5ed01077ce80/providers/Microsoft.Network/locations/westus/operations/44c683e3-6716-41c4-8af9-0233f3fa1ed8?api-version=2015-06-15",
      "EncodedRequestUri": "L3N1YnNjcmlwdGlvbnMvOTUzMmE2M2UtZjJlYi00NjQ5LWJiMjMtNWVkMDEwNzdjZTgwL3Byb3ZpZGVycy9NaWNyb3NvZnQuTmV0d29yay9sb2NhdGlvbnMvd2VzdHVzL29wZXJhdGlvbnMvNDRjNjgzZTMtNjcxNi00MWM0LThhZjktMDIzM2YzZmExZWQ4P2FwaS12ZXJzaW9uPTIwMTUtMDYtMTU=",
      "RequestMethod": "GET",
      "RequestBody": "",
      "RequestHeaders": {
        "User-Agent": [
          "Microsoft.Azure.Management.Network.NetworkManagementClient/3.0.0.0"
        ]
      },
      "ResponseBody": "{\r\n  \"status\": \"Succeeded\"\r\n}",
      "ResponseHeaders": {
        "Content-Length": [
          "29"
        ],
        "Content-Type": [
          "application/json; charset=utf-8"
        ],
        "Expires": [
          "-1"
        ],
        "Pragma": [
          "no-cache"
        ],
        "x-ms-request-id": [
          "77b5508b-d0eb-49af-943f-04c1913296d7"
        ],
        "Strict-Transport-Security": [
          "max-age=31536000; includeSubDomains"
        ],
        "Cache-Control": [
          "no-cache"
        ],
        "Server": [
          "Microsoft-HTTPAPI/2.0",
          "Microsoft-HTTPAPI/2.0"
        ],
        "x-ms-ratelimit-remaining-subscription-reads": [
          "14947"
        ],
        "x-ms-correlation-request-id": [
          "96edbffb-bc91-4c21-a8bb-f01297416755"
        ],
        "x-ms-routing-request-id": [
          "WESTUS:20151124T210016Z:96edbffb-bc91-4c21-a8bb-f01297416755"
        ],
        "Date": [
          "Tue, 24 Nov 2015 21:00:15 GMT"
        ]
      },
      "StatusCode": 200
    },
    {
      "RequestUri": "/subscriptions/9532a63e-f2eb-4649-bb23-5ed01077ce80/resourceGroups/onesdk1585/providers/Microsoft.Network/loadBalancers/onesdk1363?api-version=2015-06-15",
      "EncodedRequestUri": "L3N1YnNjcmlwdGlvbnMvOTUzMmE2M2UtZjJlYi00NjQ5LWJiMjMtNWVkMDEwNzdjZTgwL3Jlc291cmNlR3JvdXBzL29uZXNkazE1ODUvcHJvdmlkZXJzL01pY3Jvc29mdC5OZXR3b3JrL2xvYWRCYWxhbmNlcnMvb25lc2RrMTM2Mz9hcGktdmVyc2lvbj0yMDE1LTA2LTE1",
      "RequestMethod": "GET",
      "RequestBody": "",
      "RequestHeaders": {
        "x-ms-client-request-id": [
          "ddce3ddb-1f90-4789-9600-95198313a962"
        ],
        "accept-language": [
          "en-US"
        ],
        "User-Agent": [
          "Microsoft.Azure.Management.Network.NetworkManagementClient/3.0.0.0"
        ]
      },
      "ResponseBody": "{\r\n  \"error\": {\r\n    \"code\": \"ResourceNotFound\",\r\n    \"message\": \"The Resource 'Microsoft.Network/loadBalancers/onesdk1363' under resource group 'onesdk1585' was not found.\"\r\n  }\r\n}",
      "ResponseHeaders": {
        "Content-Length": [
          "156"
        ],
        "Content-Type": [
          "application/json; charset=utf-8"
        ],
        "Expires": [
          "-1"
        ],
        "Pragma": [
          "no-cache"
        ],
        "x-ms-failure-cause": [
          "gateway"
        ],
        "x-ms-request-id": [
          "d4d22142-82eb-479c-ad87-6a1e98dd4875"
        ],
        "x-ms-correlation-request-id": [
          "d4d22142-82eb-479c-ad87-6a1e98dd4875"
        ],
        "x-ms-routing-request-id": [
          "WESTUS:20151124T210016Z:d4d22142-82eb-479c-ad87-6a1e98dd4875"
        ],
        "Strict-Transport-Security": [
          "max-age=31536000; includeSubDomains"
        ],
        "Cache-Control": [
          "no-cache"
        ],
        "Date": [
          "Tue, 24 Nov 2015 21:00:15 GMT"
        ]
      },
      "StatusCode": 404
    },
    {
      "RequestUri": "/subscriptions/9532a63e-f2eb-4649-bb23-5ed01077ce80/resourceGroups/onesdk1585/providers/Microsoft.Network/loadBalancers/onesdk1363?api-version=2015-06-15",
      "EncodedRequestUri": "L3N1YnNjcmlwdGlvbnMvOTUzMmE2M2UtZjJlYi00NjQ5LWJiMjMtNWVkMDEwNzdjZTgwL3Jlc291cmNlR3JvdXBzL29uZXNkazE1ODUvcHJvdmlkZXJzL01pY3Jvc29mdC5OZXR3b3JrL2xvYWRCYWxhbmNlcnMvb25lc2RrMTM2Mz9hcGktdmVyc2lvbj0yMDE1LTA2LTE1",
      "RequestMethod": "GET",
      "RequestBody": "",
      "RequestHeaders": {
        "x-ms-client-request-id": [
          "f7c75745-468d-4307-8661-0e7cbd433f20"
        ],
        "accept-language": [
          "en-US"
        ],
        "User-Agent": [
          "Microsoft.Azure.Management.Network.NetworkManagementClient/3.0.0.0"
        ]
      },
      "ResponseBody": "{\r\n  \"name\": \"onesdk1363\",\r\n  \"id\": \"/subscriptions/9532a63e-f2eb-4649-bb23-5ed01077ce80/resourceGroups/onesdk1585/providers/Microsoft.Network/loadBalancers/onesdk1363\",\r\n  \"etag\": \"W/\\\"b6537589-a203-4222-8820-0ef46d9b1ae4\\\"\",\r\n  \"type\": \"Microsoft.Network/loadBalancers\",\r\n  \"location\": \"westus\",\r\n  \"properties\": {\r\n    \"provisioningState\": \"Succeeded\",\r\n    \"resourceGuid\": \"2faa45e7-4690-4b8b-b09a-dd32c7e57c4e\",\r\n    \"frontendIPConfigurations\": [\r\n      {\r\n        \"name\": \"onesdk4001\",\r\n        \"id\": \"/subscriptions/9532a63e-f2eb-4649-bb23-5ed01077ce80/resourceGroups/onesdk1585/providers/Microsoft.Network/loadBalancers/onesdk1363/frontendIPConfigurations/onesdk4001\",\r\n        \"etag\": \"W/\\\"b6537589-a203-4222-8820-0ef46d9b1ae4\\\"\",\r\n        \"properties\": {\r\n          \"provisioningState\": \"Succeeded\",\r\n          \"privateIPAddress\": \"10.0.1.5\",\r\n          \"privateIPAllocationMethod\": \"Static\",\r\n          \"subnet\": {\r\n            \"id\": \"/subscriptions/9532a63e-f2eb-4649-bb23-5ed01077ce80/resourceGroups/onesdk1585/providers/Microsoft.Network/virtualNetworks/onesdk2424/subnets/onesdk1649\"\r\n          },\r\n          \"loadBalancingRules\": [\r\n            {\r\n              \"id\": \"/subscriptions/9532a63e-f2eb-4649-bb23-5ed01077ce80/resourceGroups/onesdk1585/providers/Microsoft.Network/loadBalancers/onesdk1363/loadBalancingRules/onesdk2563\"\r\n            }\r\n          ],\r\n          \"inboundNatRules\": [\r\n            {\r\n              \"id\": \"/subscriptions/9532a63e-f2eb-4649-bb23-5ed01077ce80/resourceGroups/onesdk1585/providers/Microsoft.Network/loadBalancers/onesdk1363/inboundNatRules/onesdk807\"\r\n            }\r\n          ]\r\n        }\r\n      }\r\n    ],\r\n    \"backendAddressPools\": [\r\n      {\r\n        \"name\": \"onesdk9530\",\r\n        \"id\": \"/subscriptions/9532a63e-f2eb-4649-bb23-5ed01077ce80/resourceGroups/onesdk1585/providers/Microsoft.Network/loadBalancers/onesdk1363/backendAddressPools/onesdk9530\",\r\n        \"etag\": \"W/\\\"b6537589-a203-4222-8820-0ef46d9b1ae4\\\"\",\r\n        \"properties\": {\r\n          \"provisioningState\": \"Succeeded\",\r\n          \"loadBalancingRules\": [\r\n            {\r\n              \"id\": \"/subscriptions/9532a63e-f2eb-4649-bb23-5ed01077ce80/resourceGroups/onesdk1585/providers/Microsoft.Network/loadBalancers/onesdk1363/loadBalancingRules/onesdk2563\"\r\n            }\r\n          ]\r\n        }\r\n      }\r\n    ],\r\n    \"loadBalancingRules\": [\r\n      {\r\n        \"name\": \"onesdk2563\",\r\n        \"id\": \"/subscriptions/9532a63e-f2eb-4649-bb23-5ed01077ce80/resourceGroups/onesdk1585/providers/Microsoft.Network/loadBalancers/onesdk1363/loadBalancingRules/onesdk2563\",\r\n        \"etag\": \"W/\\\"b6537589-a203-4222-8820-0ef46d9b1ae4\\\"\",\r\n        \"properties\": {\r\n          \"provisioningState\": \"Succeeded\",\r\n          \"frontendIPConfiguration\": {\r\n            \"id\": \"/subscriptions/9532a63e-f2eb-4649-bb23-5ed01077ce80/resourceGroups/onesdk1585/providers/Microsoft.Network/loadBalancers/onesdk1363/frontendIPConfigurations/onesdk4001\"\r\n          },\r\n          \"frontendPort\": 80,\r\n          \"backendPort\": 80,\r\n          \"enableFloatingIP\": true,\r\n          \"idleTimeoutInMinutes\": 15,\r\n          \"protocol\": \"Tcp\",\r\n          \"loadDistribution\": \"SourceIP\",\r\n          \"backendAddressPool\": {\r\n            \"id\": \"/subscriptions/9532a63e-f2eb-4649-bb23-5ed01077ce80/resourceGroups/onesdk1585/providers/Microsoft.Network/loadBalancers/onesdk1363/backendAddressPools/onesdk9530\"\r\n          },\r\n          \"probe\": {\r\n            \"id\": \"/subscriptions/9532a63e-f2eb-4649-bb23-5ed01077ce80/resourceGroups/onesdk1585/providers/Microsoft.Network/loadBalancers/onesdk1363/probes/onesdk2831\"\r\n          }\r\n        }\r\n      }\r\n    ],\r\n    \"probes\": [\r\n      {\r\n        \"name\": \"onesdk2831\",\r\n        \"id\": \"/subscriptions/9532a63e-f2eb-4649-bb23-5ed01077ce80/resourceGroups/onesdk1585/providers/Microsoft.Network/loadBalancers/onesdk1363/probes/onesdk2831\",\r\n        \"etag\": \"W/\\\"b6537589-a203-4222-8820-0ef46d9b1ae4\\\"\",\r\n        \"properties\": {\r\n          \"provisioningState\": \"Succeeded\",\r\n          \"protocol\": \"Http\",\r\n          \"port\": 80,\r\n          \"requestPath\": \"healthcheck.aspx\",\r\n          \"intervalInSeconds\": 15,\r\n          \"numberOfProbes\": 2,\r\n          \"loadBalancingRules\": [\r\n            {\r\n              \"id\": \"/subscriptions/9532a63e-f2eb-4649-bb23-5ed01077ce80/resourceGroups/onesdk1585/providers/Microsoft.Network/loadBalancers/onesdk1363/loadBalancingRules/onesdk2563\"\r\n            }\r\n          ]\r\n        }\r\n      }\r\n    ],\r\n    \"inboundNatRules\": [\r\n      {\r\n        \"name\": \"onesdk807\",\r\n        \"id\": \"/subscriptions/9532a63e-f2eb-4649-bb23-5ed01077ce80/resourceGroups/onesdk1585/providers/Microsoft.Network/loadBalancers/onesdk1363/inboundNatRules/onesdk807\",\r\n        \"etag\": \"W/\\\"b6537589-a203-4222-8820-0ef46d9b1ae4\\\"\",\r\n        \"properties\": {\r\n          \"provisioningState\": \"Succeeded\",\r\n          \"frontendIPConfiguration\": {\r\n            \"id\": \"/subscriptions/9532a63e-f2eb-4649-bb23-5ed01077ce80/resourceGroups/onesdk1585/providers/Microsoft.Network/loadBalancers/onesdk1363/frontendIPConfigurations/onesdk4001\"\r\n          },\r\n          \"frontendPort\": 3389,\r\n          \"backendPort\": 3389,\r\n          \"enableFloatingIP\": true,\r\n          \"idleTimeoutInMinutes\": 15,\r\n          \"protocol\": \"Tcp\"\r\n        }\r\n      }\r\n    ],\r\n    \"outboundNatRules\": [],\r\n    \"inboundNatPools\": []\r\n  }\r\n}",
      "ResponseHeaders": {
        "Content-Length": [
          "5321"
        ],
        "Content-Type": [
          "application/json; charset=utf-8"
        ],
        "Expires": [
          "-1"
        ],
        "Pragma": [
          "no-cache"
        ],
        "x-ms-request-id": [
          "f9590dbe-b479-4e5f-b04e-6d08afcc3cf2"
        ],
        "Strict-Transport-Security": [
          "max-age=31536000; includeSubDomains"
        ],
        "Cache-Control": [
          "no-cache"
        ],
        "ETag": [
          "W/\"b6537589-a203-4222-8820-0ef46d9b1ae4\""
        ],
        "Server": [
          "Microsoft-HTTPAPI/2.0",
          "Microsoft-HTTPAPI/2.0"
        ],
        "x-ms-ratelimit-remaining-subscription-reads": [
          "14943"
        ],
        "x-ms-correlation-request-id": [
          "2faebd8f-d800-43c3-81f7-e3fbc2a6df84"
        ],
        "x-ms-routing-request-id": [
          "WESTUS:20151124T210017Z:2faebd8f-d800-43c3-81f7-e3fbc2a6df84"
        ],
        "Date": [
          "Tue, 24 Nov 2015 21:00:16 GMT"
        ]
      },
      "StatusCode": 200
    },
    {
      "RequestUri": "/subscriptions/9532a63e-f2eb-4649-bb23-5ed01077ce80/resourceGroups/onesdk1585/providers/Microsoft.Network/loadBalancers/onesdk1363?api-version=2015-06-15",
      "EncodedRequestUri": "L3N1YnNjcmlwdGlvbnMvOTUzMmE2M2UtZjJlYi00NjQ5LWJiMjMtNWVkMDEwNzdjZTgwL3Jlc291cmNlR3JvdXBzL29uZXNkazE1ODUvcHJvdmlkZXJzL01pY3Jvc29mdC5OZXR3b3JrL2xvYWRCYWxhbmNlcnMvb25lc2RrMTM2Mz9hcGktdmVyc2lvbj0yMDE1LTA2LTE1",
      "RequestMethod": "GET",
      "RequestBody": "",
      "RequestHeaders": {
        "x-ms-client-request-id": [
          "44569d52-d1e1-4ce3-b212-7d2aebb3264d"
        ],
        "accept-language": [
          "en-US"
        ],
        "User-Agent": [
          "Microsoft.Azure.Management.Network.NetworkManagementClient/3.0.0.0"
        ]
      },
      "ResponseBody": "{\r\n  \"name\": \"onesdk1363\",\r\n  \"id\": \"/subscriptions/9532a63e-f2eb-4649-bb23-5ed01077ce80/resourceGroups/onesdk1585/providers/Microsoft.Network/loadBalancers/onesdk1363\",\r\n  \"etag\": \"W/\\\"b6537589-a203-4222-8820-0ef46d9b1ae4\\\"\",\r\n  \"type\": \"Microsoft.Network/loadBalancers\",\r\n  \"location\": \"westus\",\r\n  \"properties\": {\r\n    \"provisioningState\": \"Succeeded\",\r\n    \"resourceGuid\": \"2faa45e7-4690-4b8b-b09a-dd32c7e57c4e\",\r\n    \"frontendIPConfigurations\": [\r\n      {\r\n        \"name\": \"onesdk4001\",\r\n        \"id\": \"/subscriptions/9532a63e-f2eb-4649-bb23-5ed01077ce80/resourceGroups/onesdk1585/providers/Microsoft.Network/loadBalancers/onesdk1363/frontendIPConfigurations/onesdk4001\",\r\n        \"etag\": \"W/\\\"b6537589-a203-4222-8820-0ef46d9b1ae4\\\"\",\r\n        \"properties\": {\r\n          \"provisioningState\": \"Succeeded\",\r\n          \"privateIPAddress\": \"10.0.1.5\",\r\n          \"privateIPAllocationMethod\": \"Static\",\r\n          \"subnet\": {\r\n            \"id\": \"/subscriptions/9532a63e-f2eb-4649-bb23-5ed01077ce80/resourceGroups/onesdk1585/providers/Microsoft.Network/virtualNetworks/onesdk2424/subnets/onesdk1649\"\r\n          },\r\n          \"loadBalancingRules\": [\r\n            {\r\n              \"id\": \"/subscriptions/9532a63e-f2eb-4649-bb23-5ed01077ce80/resourceGroups/onesdk1585/providers/Microsoft.Network/loadBalancers/onesdk1363/loadBalancingRules/onesdk2563\"\r\n            }\r\n          ],\r\n          \"inboundNatRules\": [\r\n            {\r\n              \"id\": \"/subscriptions/9532a63e-f2eb-4649-bb23-5ed01077ce80/resourceGroups/onesdk1585/providers/Microsoft.Network/loadBalancers/onesdk1363/inboundNatRules/onesdk807\"\r\n            }\r\n          ]\r\n        }\r\n      }\r\n    ],\r\n    \"backendAddressPools\": [\r\n      {\r\n        \"name\": \"onesdk9530\",\r\n        \"id\": \"/subscriptions/9532a63e-f2eb-4649-bb23-5ed01077ce80/resourceGroups/onesdk1585/providers/Microsoft.Network/loadBalancers/onesdk1363/backendAddressPools/onesdk9530\",\r\n        \"etag\": \"W/\\\"b6537589-a203-4222-8820-0ef46d9b1ae4\\\"\",\r\n        \"properties\": {\r\n          \"provisioningState\": \"Succeeded\",\r\n          \"loadBalancingRules\": [\r\n            {\r\n              \"id\": \"/subscriptions/9532a63e-f2eb-4649-bb23-5ed01077ce80/resourceGroups/onesdk1585/providers/Microsoft.Network/loadBalancers/onesdk1363/loadBalancingRules/onesdk2563\"\r\n            }\r\n          ]\r\n        }\r\n      }\r\n    ],\r\n    \"loadBalancingRules\": [\r\n      {\r\n        \"name\": \"onesdk2563\",\r\n        \"id\": \"/subscriptions/9532a63e-f2eb-4649-bb23-5ed01077ce80/resourceGroups/onesdk1585/providers/Microsoft.Network/loadBalancers/onesdk1363/loadBalancingRules/onesdk2563\",\r\n        \"etag\": \"W/\\\"b6537589-a203-4222-8820-0ef46d9b1ae4\\\"\",\r\n        \"properties\": {\r\n          \"provisioningState\": \"Succeeded\",\r\n          \"frontendIPConfiguration\": {\r\n            \"id\": \"/subscriptions/9532a63e-f2eb-4649-bb23-5ed01077ce80/resourceGroups/onesdk1585/providers/Microsoft.Network/loadBalancers/onesdk1363/frontendIPConfigurations/onesdk4001\"\r\n          },\r\n          \"frontendPort\": 80,\r\n          \"backendPort\": 80,\r\n          \"enableFloatingIP\": true,\r\n          \"idleTimeoutInMinutes\": 15,\r\n          \"protocol\": \"Tcp\",\r\n          \"loadDistribution\": \"SourceIP\",\r\n          \"backendAddressPool\": {\r\n            \"id\": \"/subscriptions/9532a63e-f2eb-4649-bb23-5ed01077ce80/resourceGroups/onesdk1585/providers/Microsoft.Network/loadBalancers/onesdk1363/backendAddressPools/onesdk9530\"\r\n          },\r\n          \"probe\": {\r\n            \"id\": \"/subscriptions/9532a63e-f2eb-4649-bb23-5ed01077ce80/resourceGroups/onesdk1585/providers/Microsoft.Network/loadBalancers/onesdk1363/probes/onesdk2831\"\r\n          }\r\n        }\r\n      }\r\n    ],\r\n    \"probes\": [\r\n      {\r\n        \"name\": \"onesdk2831\",\r\n        \"id\": \"/subscriptions/9532a63e-f2eb-4649-bb23-5ed01077ce80/resourceGroups/onesdk1585/providers/Microsoft.Network/loadBalancers/onesdk1363/probes/onesdk2831\",\r\n        \"etag\": \"W/\\\"b6537589-a203-4222-8820-0ef46d9b1ae4\\\"\",\r\n        \"properties\": {\r\n          \"provisioningState\": \"Succeeded\",\r\n          \"protocol\": \"Http\",\r\n          \"port\": 80,\r\n          \"requestPath\": \"healthcheck.aspx\",\r\n          \"intervalInSeconds\": 15,\r\n          \"numberOfProbes\": 2,\r\n          \"loadBalancingRules\": [\r\n            {\r\n              \"id\": \"/subscriptions/9532a63e-f2eb-4649-bb23-5ed01077ce80/resourceGroups/onesdk1585/providers/Microsoft.Network/loadBalancers/onesdk1363/loadBalancingRules/onesdk2563\"\r\n            }\r\n          ]\r\n        }\r\n      }\r\n    ],\r\n    \"inboundNatRules\": [\r\n      {\r\n        \"name\": \"onesdk807\",\r\n        \"id\": \"/subscriptions/9532a63e-f2eb-4649-bb23-5ed01077ce80/resourceGroups/onesdk1585/providers/Microsoft.Network/loadBalancers/onesdk1363/inboundNatRules/onesdk807\",\r\n        \"etag\": \"W/\\\"b6537589-a203-4222-8820-0ef46d9b1ae4\\\"\",\r\n        \"properties\": {\r\n          \"provisioningState\": \"Succeeded\",\r\n          \"frontendIPConfiguration\": {\r\n            \"id\": \"/subscriptions/9532a63e-f2eb-4649-bb23-5ed01077ce80/resourceGroups/onesdk1585/providers/Microsoft.Network/loadBalancers/onesdk1363/frontendIPConfigurations/onesdk4001\"\r\n          },\r\n          \"frontendPort\": 3389,\r\n          \"backendPort\": 3389,\r\n          \"enableFloatingIP\": true,\r\n          \"idleTimeoutInMinutes\": 15,\r\n          \"protocol\": \"Tcp\"\r\n        }\r\n      }\r\n    ],\r\n    \"outboundNatRules\": [],\r\n    \"inboundNatPools\": []\r\n  }\r\n}",
      "ResponseHeaders": {
        "Content-Length": [
          "5321"
        ],
        "Content-Type": [
          "application/json; charset=utf-8"
        ],
        "Expires": [
          "-1"
        ],
        "Pragma": [
          "no-cache"
        ],
        "x-ms-request-id": [
          "fc9bf6fe-84d6-44c4-be6d-f74dcd63e151"
        ],
        "Strict-Transport-Security": [
          "max-age=31536000; includeSubDomains"
        ],
        "Cache-Control": [
          "no-cache"
        ],
        "ETag": [
          "W/\"b6537589-a203-4222-8820-0ef46d9b1ae4\""
        ],
        "Server": [
          "Microsoft-HTTPAPI/2.0",
          "Microsoft-HTTPAPI/2.0"
        ],
        "x-ms-ratelimit-remaining-subscription-reads": [
          "14942"
        ],
        "x-ms-correlation-request-id": [
          "54ccac4a-7e7e-4c7c-9152-69a7d64ce0de"
        ],
        "x-ms-routing-request-id": [
          "WESTUS:20151124T210017Z:54ccac4a-7e7e-4c7c-9152-69a7d64ce0de"
        ],
        "Date": [
          "Tue, 24 Nov 2015 21:00:16 GMT"
        ]
      },
      "StatusCode": 200
    },
    {
      "RequestUri": "/subscriptions/9532a63e-f2eb-4649-bb23-5ed01077ce80/resourceGroups/onesdk1585/providers/Microsoft.Network/loadBalancers/onesdk1363?api-version=2015-06-15",
      "EncodedRequestUri": "L3N1YnNjcmlwdGlvbnMvOTUzMmE2M2UtZjJlYi00NjQ5LWJiMjMtNWVkMDEwNzdjZTgwL3Jlc291cmNlR3JvdXBzL29uZXNkazE1ODUvcHJvdmlkZXJzL01pY3Jvc29mdC5OZXR3b3JrL2xvYWRCYWxhbmNlcnMvb25lc2RrMTM2Mz9hcGktdmVyc2lvbj0yMDE1LTA2LTE1",
      "RequestMethod": "PUT",
      "RequestBody": "{\r\n  \"location\": \"West US\",\r\n  \"properties\": {\r\n    \"frontendIPConfigurations\": [\r\n      {\r\n        \"name\": \"onesdk4001\",\r\n        \"id\": \"\",\r\n        \"properties\": {\r\n          \"inboundNatRules\": [],\r\n          \"inboundNatPools\": [],\r\n          \"loadBalancingRules\": [],\r\n          \"privateIPAddress\": \"10.0.1.5\",\r\n          \"privateIPAllocationMethod\": \"Static\",\r\n          \"subnet\": {\r\n            \"id\": \"/subscriptions/9532a63e-f2eb-4649-bb23-5ed01077ce80/resourceGroups/onesdk1585/providers/Microsoft.Network/virtualNetworks/onesdk2424/subnets/onesdk1649\",\r\n            \"properties\": {\r\n              \"ipConfigurations\": []\r\n            }\r\n          }\r\n        }\r\n      }\r\n    ],\r\n    \"backendAddressPools\": [\r\n      {\r\n        \"name\": \"onesdk9530\",\r\n        \"id\": \"\",\r\n        \"properties\": {\r\n          \"backendIPConfigurations\": [],\r\n          \"loadBalancingRules\": []\r\n        }\r\n      }\r\n    ],\r\n    \"loadBalancingRules\": [\r\n      {\r\n        \"name\": \"onesdk2563\",\r\n        \"id\": \"\",\r\n        \"properties\": {\r\n          \"frontendIPConfiguration\": {\r\n            \"id\": \"/subscriptions/9532a63e-f2eb-4649-bb23-5ed01077ce80/resourceGroups/onesdk1585/providers/Microsoft.Network/loadBalancers/onesdk1363/frontendIPConfigurations/onesdk4001\"\r\n          },\r\n          \"backendAddressPool\": {\r\n            \"id\": \"/subscriptions/9532a63e-f2eb-4649-bb23-5ed01077ce80/resourceGroups/onesdk1585/providers/Microsoft.Network/loadBalancers/onesdk1363/backendAddressPools/onesdk9530\"\r\n          },\r\n          \"probe\": {\r\n            \"id\": \"/subscriptions/9532a63e-f2eb-4649-bb23-5ed01077ce80/resourceGroups/onesdk1585/providers/Microsoft.Network/loadBalancers/onesdk1363/probes/onesdk2831\"\r\n          },\r\n          \"protocol\": \"Tcp\",\r\n          \"loadDistribution\": \"SourceIP\",\r\n          \"frontendPort\": 80,\r\n          \"backendPort\": 80,\r\n          \"idleTimeoutInMinutes\": 15,\r\n          \"enableFloatingIP\": true\r\n        }\r\n      }\r\n    ],\r\n    \"probes\": [\r\n      {\r\n        \"name\": \"onesdk2831\",\r\n        \"id\": \"\",\r\n        \"properties\": {\r\n          \"loadBalancingRules\": [],\r\n          \"protocol\": \"http\",\r\n          \"port\": 80,\r\n          \"intervalInSeconds\": 15,\r\n          \"numberOfProbes\": 2,\r\n          \"requestPath\": \"healthcheck.aspx\"\r\n        }\r\n      }\r\n    ],\r\n    \"inboundNatRules\": [\r\n      {\r\n        \"name\": \"onesdk807\",\r\n        \"id\": \"\",\r\n        \"properties\": {\r\n          \"frontendIPConfiguration\": {\r\n            \"id\": \"/subscriptions/9532a63e-f2eb-4649-bb23-5ed01077ce80/resourceGroups/onesdk1585/providers/Microsoft.Network/loadBalancers/onesdk1363/frontendIPConfigurations/onesdk4001\"\r\n          },\r\n          \"protocol\": \"Tcp\",\r\n          \"frontendPort\": 3389,\r\n          \"backendPort\": 3389,\r\n          \"idleTimeoutInMinutes\": 15,\r\n          \"enableFloatingIP\": true\r\n        }\r\n      }\r\n    ],\r\n    \"inboundNatPools\": []\r\n  }\r\n}",
      "RequestHeaders": {
        "Content-Type": [
          "application/json; charset=utf-8"
        ],
        "Content-Length": [
          "2850"
        ],
        "x-ms-client-request-id": [
          "d28b00b7-e352-47f0-8da5-fd7d85467d23"
        ],
        "accept-language": [
          "en-US"
        ],
        "User-Agent": [
          "Microsoft.Azure.Management.Network.NetworkManagementClient/3.0.0.0"
        ]
      },
      "ResponseBody": "{\r\n  \"name\": \"onesdk1363\",\r\n  \"id\": \"/subscriptions/9532a63e-f2eb-4649-bb23-5ed01077ce80/resourceGroups/onesdk1585/providers/Microsoft.Network/loadBalancers/onesdk1363\",\r\n  \"etag\": \"W/\\\"b6537589-a203-4222-8820-0ef46d9b1ae4\\\"\",\r\n  \"type\": \"Microsoft.Network/loadBalancers\",\r\n  \"location\": \"westus\",\r\n  \"properties\": {\r\n    \"provisioningState\": \"Succeeded\",\r\n    \"resourceGuid\": \"2faa45e7-4690-4b8b-b09a-dd32c7e57c4e\",\r\n    \"frontendIPConfigurations\": [\r\n      {\r\n        \"name\": \"onesdk4001\",\r\n        \"id\": \"/subscriptions/9532a63e-f2eb-4649-bb23-5ed01077ce80/resourceGroups/onesdk1585/providers/Microsoft.Network/loadBalancers/onesdk1363/frontendIPConfigurations/onesdk4001\",\r\n        \"etag\": \"W/\\\"b6537589-a203-4222-8820-0ef46d9b1ae4\\\"\",\r\n        \"properties\": {\r\n          \"provisioningState\": \"Succeeded\",\r\n          \"privateIPAddress\": \"10.0.1.5\",\r\n          \"privateIPAllocationMethod\": \"Static\",\r\n          \"subnet\": {\r\n            \"id\": \"/subscriptions/9532a63e-f2eb-4649-bb23-5ed01077ce80/resourceGroups/onesdk1585/providers/Microsoft.Network/virtualNetworks/onesdk2424/subnets/onesdk1649\"\r\n          },\r\n          \"loadBalancingRules\": [\r\n            {\r\n              \"id\": \"/subscriptions/9532a63e-f2eb-4649-bb23-5ed01077ce80/resourceGroups/onesdk1585/providers/Microsoft.Network/loadBalancers/onesdk1363/loadBalancingRules/onesdk2563\"\r\n            }\r\n          ],\r\n          \"inboundNatRules\": [\r\n            {\r\n              \"id\": \"/subscriptions/9532a63e-f2eb-4649-bb23-5ed01077ce80/resourceGroups/onesdk1585/providers/Microsoft.Network/loadBalancers/onesdk1363/inboundNatRules/onesdk807\"\r\n            }\r\n          ]\r\n        }\r\n      }\r\n    ],\r\n    \"backendAddressPools\": [\r\n      {\r\n        \"name\": \"onesdk9530\",\r\n        \"id\": \"/subscriptions/9532a63e-f2eb-4649-bb23-5ed01077ce80/resourceGroups/onesdk1585/providers/Microsoft.Network/loadBalancers/onesdk1363/backendAddressPools/onesdk9530\",\r\n        \"etag\": \"W/\\\"b6537589-a203-4222-8820-0ef46d9b1ae4\\\"\",\r\n        \"properties\": {\r\n          \"provisioningState\": \"Succeeded\",\r\n          \"loadBalancingRules\": [\r\n            {\r\n              \"id\": \"/subscriptions/9532a63e-f2eb-4649-bb23-5ed01077ce80/resourceGroups/onesdk1585/providers/Microsoft.Network/loadBalancers/onesdk1363/loadBalancingRules/onesdk2563\"\r\n            }\r\n          ]\r\n        }\r\n      }\r\n    ],\r\n    \"loadBalancingRules\": [\r\n      {\r\n        \"name\": \"onesdk2563\",\r\n        \"id\": \"/subscriptions/9532a63e-f2eb-4649-bb23-5ed01077ce80/resourceGroups/onesdk1585/providers/Microsoft.Network/loadBalancers/onesdk1363/loadBalancingRules/onesdk2563\",\r\n        \"etag\": \"W/\\\"b6537589-a203-4222-8820-0ef46d9b1ae4\\\"\",\r\n        \"properties\": {\r\n          \"provisioningState\": \"Succeeded\",\r\n          \"frontendIPConfiguration\": {\r\n            \"id\": \"/subscriptions/9532a63e-f2eb-4649-bb23-5ed01077ce80/resourceGroups/onesdk1585/providers/Microsoft.Network/loadBalancers/onesdk1363/frontendIPConfigurations/onesdk4001\"\r\n          },\r\n          \"frontendPort\": 80,\r\n          \"backendPort\": 80,\r\n          \"enableFloatingIP\": true,\r\n          \"idleTimeoutInMinutes\": 15,\r\n          \"protocol\": \"Tcp\",\r\n          \"loadDistribution\": \"SourceIP\",\r\n          \"backendAddressPool\": {\r\n            \"id\": \"/subscriptions/9532a63e-f2eb-4649-bb23-5ed01077ce80/resourceGroups/onesdk1585/providers/Microsoft.Network/loadBalancers/onesdk1363/backendAddressPools/onesdk9530\"\r\n          },\r\n          \"probe\": {\r\n            \"id\": \"/subscriptions/9532a63e-f2eb-4649-bb23-5ed01077ce80/resourceGroups/onesdk1585/providers/Microsoft.Network/loadBalancers/onesdk1363/probes/onesdk2831\"\r\n          }\r\n        }\r\n      }\r\n    ],\r\n    \"probes\": [\r\n      {\r\n        \"name\": \"onesdk2831\",\r\n        \"id\": \"/subscriptions/9532a63e-f2eb-4649-bb23-5ed01077ce80/resourceGroups/onesdk1585/providers/Microsoft.Network/loadBalancers/onesdk1363/probes/onesdk2831\",\r\n        \"etag\": \"W/\\\"b6537589-a203-4222-8820-0ef46d9b1ae4\\\"\",\r\n        \"properties\": {\r\n          \"provisioningState\": \"Succeeded\",\r\n          \"protocol\": \"Http\",\r\n          \"port\": 80,\r\n          \"requestPath\": \"healthcheck.aspx\",\r\n          \"intervalInSeconds\": 15,\r\n          \"numberOfProbes\": 2,\r\n          \"loadBalancingRules\": [\r\n            {\r\n              \"id\": \"/subscriptions/9532a63e-f2eb-4649-bb23-5ed01077ce80/resourceGroups/onesdk1585/providers/Microsoft.Network/loadBalancers/onesdk1363/loadBalancingRules/onesdk2563\"\r\n            }\r\n          ]\r\n        }\r\n      }\r\n    ],\r\n    \"inboundNatRules\": [\r\n      {\r\n        \"name\": \"onesdk807\",\r\n        \"id\": \"/subscriptions/9532a63e-f2eb-4649-bb23-5ed01077ce80/resourceGroups/onesdk1585/providers/Microsoft.Network/loadBalancers/onesdk1363/inboundNatRules/onesdk807\",\r\n        \"etag\": \"W/\\\"b6537589-a203-4222-8820-0ef46d9b1ae4\\\"\",\r\n        \"properties\": {\r\n          \"provisioningState\": \"Succeeded\",\r\n          \"frontendIPConfiguration\": {\r\n            \"id\": \"/subscriptions/9532a63e-f2eb-4649-bb23-5ed01077ce80/resourceGroups/onesdk1585/providers/Microsoft.Network/loadBalancers/onesdk1363/frontendIPConfigurations/onesdk4001\"\r\n          },\r\n          \"frontendPort\": 3389,\r\n          \"backendPort\": 3389,\r\n          \"enableFloatingIP\": true,\r\n          \"idleTimeoutInMinutes\": 15,\r\n          \"protocol\": \"Tcp\"\r\n        }\r\n      }\r\n    ],\r\n    \"outboundNatRules\": [],\r\n    \"inboundNatPools\": []\r\n  }\r\n}",
      "ResponseHeaders": {
        "Content-Length": [
          "5321"
        ],
        "Content-Type": [
          "application/json; charset=utf-8"
        ],
        "Expires": [
          "-1"
        ],
        "Pragma": [
          "no-cache"
        ],
        "x-ms-request-id": [
          "c9aebb29-0840-4ccf-9c1a-0d8120621c26"
        ],
        "Azure-AsyncOperation": [
          "https://management.azure.com/subscriptions/9532a63e-f2eb-4649-bb23-5ed01077ce80/providers/Microsoft.Network/locations/westus/operations/c9aebb29-0840-4ccf-9c1a-0d8120621c26?api-version=2015-06-15"
        ],
        "Strict-Transport-Security": [
          "max-age=31536000; includeSubDomains"
        ],
        "Cache-Control": [
          "no-cache"
        ],
        "Server": [
          "Microsoft-HTTPAPI/2.0",
          "Microsoft-HTTPAPI/2.0"
        ],
        "x-ms-ratelimit-remaining-subscription-writes": [
          "1184"
        ],
        "x-ms-correlation-request-id": [
          "dd41776d-966b-4024-9b97-e77c9be162ae"
        ],
        "x-ms-routing-request-id": [
          "WESTUS:20151124T210017Z:dd41776d-966b-4024-9b97-e77c9be162ae"
        ],
        "Date": [
          "Tue, 24 Nov 2015 21:00:16 GMT"
        ]
      },
      "StatusCode": 201
    },
    {
      "RequestUri": "/subscriptions/9532a63e-f2eb-4649-bb23-5ed01077ce80/resourceGroups/onesdk1585/providers/Microsoft.Network/loadBalancers?api-version=2015-06-15",
      "EncodedRequestUri": "L3N1YnNjcmlwdGlvbnMvOTUzMmE2M2UtZjJlYi00NjQ5LWJiMjMtNWVkMDEwNzdjZTgwL3Jlc291cmNlR3JvdXBzL29uZXNkazE1ODUvcHJvdmlkZXJzL01pY3Jvc29mdC5OZXR3b3JrL2xvYWRCYWxhbmNlcnM/YXBpLXZlcnNpb249MjAxNS0wNi0xNQ==",
      "RequestMethod": "GET",
      "RequestBody": "",
      "RequestHeaders": {
        "x-ms-client-request-id": [
          "08adaeb1-16c6-457a-8cc0-876795bf83b9"
        ],
        "accept-language": [
          "en-US"
        ],
        "User-Agent": [
          "Microsoft.Azure.Management.Network.NetworkManagementClient/3.0.0.0"
        ]
      },
      "ResponseBody": "{\r\n  \"value\": [\r\n    {\r\n      \"name\": \"onesdk1363\",\r\n      \"id\": \"/subscriptions/9532a63e-f2eb-4649-bb23-5ed01077ce80/resourceGroups/onesdk1585/providers/Microsoft.Network/loadBalancers/onesdk1363\",\r\n      \"etag\": \"W/\\\"b6537589-a203-4222-8820-0ef46d9b1ae4\\\"\",\r\n      \"type\": \"Microsoft.Network/loadBalancers\",\r\n      \"location\": \"westus\",\r\n      \"properties\": {\r\n        \"provisioningState\": \"Succeeded\",\r\n        \"resourceGuid\": \"2faa45e7-4690-4b8b-b09a-dd32c7e57c4e\",\r\n        \"frontendIPConfigurations\": [\r\n          {\r\n            \"name\": \"onesdk4001\",\r\n            \"id\": \"/subscriptions/9532a63e-f2eb-4649-bb23-5ed01077ce80/resourceGroups/onesdk1585/providers/Microsoft.Network/loadBalancers/onesdk1363/frontendIPConfigurations/onesdk4001\",\r\n            \"etag\": \"W/\\\"b6537589-a203-4222-8820-0ef46d9b1ae4\\\"\",\r\n            \"properties\": {\r\n              \"provisioningState\": \"Succeeded\",\r\n              \"privateIPAddress\": \"10.0.1.5\",\r\n              \"privateIPAllocationMethod\": \"Static\",\r\n              \"subnet\": {\r\n                \"id\": \"/subscriptions/9532a63e-f2eb-4649-bb23-5ed01077ce80/resourceGroups/onesdk1585/providers/Microsoft.Network/virtualNetworks/onesdk2424/subnets/onesdk1649\"\r\n              },\r\n              \"loadBalancingRules\": [\r\n                {\r\n                  \"id\": \"/subscriptions/9532a63e-f2eb-4649-bb23-5ed01077ce80/resourceGroups/onesdk1585/providers/Microsoft.Network/loadBalancers/onesdk1363/loadBalancingRules/onesdk2563\"\r\n                }\r\n              ],\r\n              \"inboundNatRules\": [\r\n                {\r\n                  \"id\": \"/subscriptions/9532a63e-f2eb-4649-bb23-5ed01077ce80/resourceGroups/onesdk1585/providers/Microsoft.Network/loadBalancers/onesdk1363/inboundNatRules/onesdk807\"\r\n                }\r\n              ]\r\n            }\r\n          }\r\n        ],\r\n        \"backendAddressPools\": [\r\n          {\r\n            \"name\": \"onesdk9530\",\r\n            \"id\": \"/subscriptions/9532a63e-f2eb-4649-bb23-5ed01077ce80/resourceGroups/onesdk1585/providers/Microsoft.Network/loadBalancers/onesdk1363/backendAddressPools/onesdk9530\",\r\n            \"etag\": \"W/\\\"b6537589-a203-4222-8820-0ef46d9b1ae4\\\"\",\r\n            \"properties\": {\r\n              \"provisioningState\": \"Succeeded\",\r\n              \"loadBalancingRules\": [\r\n                {\r\n                  \"id\": \"/subscriptions/9532a63e-f2eb-4649-bb23-5ed01077ce80/resourceGroups/onesdk1585/providers/Microsoft.Network/loadBalancers/onesdk1363/loadBalancingRules/onesdk2563\"\r\n                }\r\n              ]\r\n            }\r\n          }\r\n        ],\r\n        \"loadBalancingRules\": [\r\n          {\r\n            \"name\": \"onesdk2563\",\r\n            \"id\": \"/subscriptions/9532a63e-f2eb-4649-bb23-5ed01077ce80/resourceGroups/onesdk1585/providers/Microsoft.Network/loadBalancers/onesdk1363/loadBalancingRules/onesdk2563\",\r\n            \"etag\": \"W/\\\"b6537589-a203-4222-8820-0ef46d9b1ae4\\\"\",\r\n            \"properties\": {\r\n              \"provisioningState\": \"Succeeded\",\r\n              \"frontendIPConfiguration\": {\r\n                \"id\": \"/subscriptions/9532a63e-f2eb-4649-bb23-5ed01077ce80/resourceGroups/onesdk1585/providers/Microsoft.Network/loadBalancers/onesdk1363/frontendIPConfigurations/onesdk4001\"\r\n              },\r\n              \"frontendPort\": 80,\r\n              \"backendPort\": 80,\r\n              \"enableFloatingIP\": true,\r\n              \"idleTimeoutInMinutes\": 15,\r\n              \"protocol\": \"Tcp\",\r\n              \"loadDistribution\": \"SourceIP\",\r\n              \"backendAddressPool\": {\r\n                \"id\": \"/subscriptions/9532a63e-f2eb-4649-bb23-5ed01077ce80/resourceGroups/onesdk1585/providers/Microsoft.Network/loadBalancers/onesdk1363/backendAddressPools/onesdk9530\"\r\n              },\r\n              \"probe\": {\r\n                \"id\": \"/subscriptions/9532a63e-f2eb-4649-bb23-5ed01077ce80/resourceGroups/onesdk1585/providers/Microsoft.Network/loadBalancers/onesdk1363/probes/onesdk2831\"\r\n              }\r\n            }\r\n          }\r\n        ],\r\n        \"probes\": [\r\n          {\r\n            \"name\": \"onesdk2831\",\r\n            \"id\": \"/subscriptions/9532a63e-f2eb-4649-bb23-5ed01077ce80/resourceGroups/onesdk1585/providers/Microsoft.Network/loadBalancers/onesdk1363/probes/onesdk2831\",\r\n            \"etag\": \"W/\\\"b6537589-a203-4222-8820-0ef46d9b1ae4\\\"\",\r\n            \"properties\": {\r\n              \"provisioningState\": \"Succeeded\",\r\n              \"protocol\": \"Http\",\r\n              \"port\": 80,\r\n              \"requestPath\": \"healthcheck.aspx\",\r\n              \"intervalInSeconds\": 15,\r\n              \"numberOfProbes\": 2,\r\n              \"loadBalancingRules\": [\r\n                {\r\n                  \"id\": \"/subscriptions/9532a63e-f2eb-4649-bb23-5ed01077ce80/resourceGroups/onesdk1585/providers/Microsoft.Network/loadBalancers/onesdk1363/loadBalancingRules/onesdk2563\"\r\n                }\r\n              ]\r\n            }\r\n          }\r\n        ],\r\n        \"inboundNatRules\": [\r\n          {\r\n            \"name\": \"onesdk807\",\r\n            \"id\": \"/subscriptions/9532a63e-f2eb-4649-bb23-5ed01077ce80/resourceGroups/onesdk1585/providers/Microsoft.Network/loadBalancers/onesdk1363/inboundNatRules/onesdk807\",\r\n            \"etag\": \"W/\\\"b6537589-a203-4222-8820-0ef46d9b1ae4\\\"\",\r\n            \"properties\": {\r\n              \"provisioningState\": \"Succeeded\",\r\n              \"frontendIPConfiguration\": {\r\n                \"id\": \"/subscriptions/9532a63e-f2eb-4649-bb23-5ed01077ce80/resourceGroups/onesdk1585/providers/Microsoft.Network/loadBalancers/onesdk1363/frontendIPConfigurations/onesdk4001\"\r\n              },\r\n              \"frontendPort\": 3389,\r\n              \"backendPort\": 3389,\r\n              \"enableFloatingIP\": true,\r\n              \"idleTimeoutInMinutes\": 15,\r\n              \"protocol\": \"Tcp\"\r\n            }\r\n          }\r\n        ],\r\n        \"outboundNatRules\": [],\r\n        \"inboundNatPools\": []\r\n      }\r\n    }\r\n  ]\r\n}",
      "ResponseHeaders": {
        "Content-Length": [
          "5810"
        ],
        "Content-Type": [
          "application/json; charset=utf-8"
        ],
        "Expires": [
          "-1"
        ],
        "Pragma": [
          "no-cache"
        ],
        "x-ms-request-id": [
          "9236fc7c-6117-4793-bbfb-61875f870234"
        ],
        "Strict-Transport-Security": [
          "max-age=31536000; includeSubDomains"
        ],
        "Cache-Control": [
          "no-cache"
        ],
        "Server": [
          "Microsoft-HTTPAPI/2.0",
          "Microsoft-HTTPAPI/2.0"
        ],
        "x-ms-ratelimit-remaining-subscription-reads": [
          "14941"
        ],
        "x-ms-correlation-request-id": [
          "7f31bb7a-22cc-45f9-bdc6-3820137b0ab6"
        ],
        "x-ms-routing-request-id": [
          "WESTUS:20151124T210018Z:7f31bb7a-22cc-45f9-bdc6-3820137b0ab6"
        ],
        "Date": [
          "Tue, 24 Nov 2015 21:00:18 GMT"
        ]
      },
      "StatusCode": 200
    },
    {
      "RequestUri": "/subscriptions/9532a63e-f2eb-4649-bb23-5ed01077ce80/resourceGroups/onesdk1585/providers/Microsoft.Network/loadBalancers?api-version=2015-06-15",
      "EncodedRequestUri": "L3N1YnNjcmlwdGlvbnMvOTUzMmE2M2UtZjJlYi00NjQ5LWJiMjMtNWVkMDEwNzdjZTgwL3Jlc291cmNlR3JvdXBzL29uZXNkazE1ODUvcHJvdmlkZXJzL01pY3Jvc29mdC5OZXR3b3JrL2xvYWRCYWxhbmNlcnM/YXBpLXZlcnNpb249MjAxNS0wNi0xNQ==",
      "RequestMethod": "GET",
      "RequestBody": "",
      "RequestHeaders": {
        "x-ms-client-request-id": [
          "927c2719-13c2-44e2-bae5-32a28d75a346"
        ],
        "accept-language": [
          "en-US"
        ],
        "User-Agent": [
          "Microsoft.Azure.Management.Network.NetworkManagementClient/3.0.0.0"
        ]
      },
      "ResponseBody": "{\r\n  \"value\": []\r\n}",
      "ResponseHeaders": {
        "Content-Length": [
          "19"
        ],
        "Content-Type": [
          "application/json; charset=utf-8"
        ],
        "Expires": [
          "-1"
        ],
        "Pragma": [
          "no-cache"
        ],
        "x-ms-request-id": [
          "9b07b8d7-15d4-4814-a3db-2f0a3c0e81b9"
        ],
        "Strict-Transport-Security": [
          "max-age=31536000; includeSubDomains"
        ],
        "Cache-Control": [
          "no-cache"
        ],
        "Server": [
          "Microsoft-HTTPAPI/2.0",
          "Microsoft-HTTPAPI/2.0"
        ],
        "x-ms-ratelimit-remaining-subscription-reads": [
          "14939"
        ],
        "x-ms-correlation-request-id": [
          "c7adee9c-8217-4657-94de-f0b7335fe80f"
        ],
        "x-ms-routing-request-id": [
          "WESTUS:20151124T210028Z:c7adee9c-8217-4657-94de-f0b7335fe80f"
        ],
        "Date": [
          "Tue, 24 Nov 2015 21:00:28 GMT"
        ]
      },
      "StatusCode": 200
    },
    {
      "RequestUri": "/subscriptions/9532a63e-f2eb-4649-bb23-5ed01077ce80/resourceGroups/onesdk1585/providers/Microsoft.Network/loadBalancers/onesdk1363?api-version=2015-06-15",
      "EncodedRequestUri": "L3N1YnNjcmlwdGlvbnMvOTUzMmE2M2UtZjJlYi00NjQ5LWJiMjMtNWVkMDEwNzdjZTgwL3Jlc291cmNlR3JvdXBzL29uZXNkazE1ODUvcHJvdmlkZXJzL01pY3Jvc29mdC5OZXR3b3JrL2xvYWRCYWxhbmNlcnMvb25lc2RrMTM2Mz9hcGktdmVyc2lvbj0yMDE1LTA2LTE1",
      "RequestMethod": "DELETE",
      "RequestBody": "",
      "RequestHeaders": {
        "x-ms-client-request-id": [
          "7f06c3a4-3298-4c8f-bd8c-3ab25d82a7de"
        ],
        "accept-language": [
          "en-US"
        ],
        "User-Agent": [
          "Microsoft.Azure.Management.Network.NetworkManagementClient/3.0.0.0"
        ]
      },
      "ResponseBody": "",
      "ResponseHeaders": {
        "Content-Length": [
          "0"
        ],
        "Expires": [
          "-1"
        ],
        "Pragma": [
          "no-cache"
        ],
        "Retry-After": [
          "10"
        ],
        "x-ms-request-id": [
          "8dac1fdf-b9b6-4d5e-963b-52bb2612e3eb"
        ],
        "Azure-AsyncOperation": [
          "https://management.azure.com/subscriptions/9532a63e-f2eb-4649-bb23-5ed01077ce80/providers/Microsoft.Network/locations/westus/operations/8dac1fdf-b9b6-4d5e-963b-52bb2612e3eb?api-version=2015-06-15"
        ],
        "Strict-Transport-Security": [
          "max-age=31536000; includeSubDomains"
        ],
        "Cache-Control": [
          "no-cache"
        ],
        "Location": [
          "https://management.azure.com/subscriptions/9532a63e-f2eb-4649-bb23-5ed01077ce80/providers/Microsoft.Network/locations/westus/operationResults/8dac1fdf-b9b6-4d5e-963b-52bb2612e3eb?api-version=2015-06-15"
        ],
        "Server": [
          "Microsoft-HTTPAPI/2.0",
          "Microsoft-HTTPAPI/2.0"
        ],
        "x-ms-ratelimit-remaining-subscription-writes": [
          "1183"
        ],
        "x-ms-correlation-request-id": [
          "b775ae39-1c0e-4f9f-9a1e-2c99939cba44"
        ],
        "x-ms-routing-request-id": [
          "WESTUS:20151124T210018Z:b775ae39-1c0e-4f9f-9a1e-2c99939cba44"
        ],
        "Date": [
          "Tue, 24 Nov 2015 21:00:18 GMT"
        ]
      },
      "StatusCode": 202
    },
    {
      "RequestUri": "/subscriptions/9532a63e-f2eb-4649-bb23-5ed01077ce80/providers/Microsoft.Network/locations/westus/operations/8dac1fdf-b9b6-4d5e-963b-52bb2612e3eb?api-version=2015-06-15",
      "EncodedRequestUri": "L3N1YnNjcmlwdGlvbnMvOTUzMmE2M2UtZjJlYi00NjQ5LWJiMjMtNWVkMDEwNzdjZTgwL3Byb3ZpZGVycy9NaWNyb3NvZnQuTmV0d29yay9sb2NhdGlvbnMvd2VzdHVzL29wZXJhdGlvbnMvOGRhYzFmZGYtYjliNi00ZDVlLTk2M2ItNTJiYjI2MTJlM2ViP2FwaS12ZXJzaW9uPTIwMTUtMDYtMTU=",
      "RequestMethod": "GET",
      "RequestBody": "",
      "RequestHeaders": {
        "User-Agent": [
          "Microsoft.Azure.Management.Network.NetworkManagementClient/3.0.0.0"
        ]
      },
      "ResponseBody": "{\r\n  \"status\": \"Succeeded\"\r\n}",
      "ResponseHeaders": {
        "Content-Length": [
          "29"
        ],
        "Content-Type": [
          "application/json; charset=utf-8"
        ],
        "Expires": [
          "-1"
        ],
        "Pragma": [
          "no-cache"
        ],
        "x-ms-request-id": [
          "ab985645-01c4-42ee-b233-de131f559452"
        ],
        "Strict-Transport-Security": [
          "max-age=31536000; includeSubDomains"
        ],
        "Cache-Control": [
          "no-cache"
        ],
        "Server": [
          "Microsoft-HTTPAPI/2.0",
          "Microsoft-HTTPAPI/2.0"
        ],
        "x-ms-ratelimit-remaining-subscription-reads": [
          "14940"
        ],
        "x-ms-correlation-request-id": [
          "7090945e-805a-436f-b251-ae6c243ba14b"
        ],
        "x-ms-routing-request-id": [
          "WESTUS:20151124T210028Z:7090945e-805a-436f-b251-ae6c243ba14b"
        ],
        "Date": [
          "Tue, 24 Nov 2015 21:00:28 GMT"
        ]
      },
      "StatusCode": 200
    },
    {
      "RequestUri": "/subscriptions/9532a63e-f2eb-4649-bb23-5ed01077ce80/resourcegroups/onesdk1585?api-version=2014-04-01-preview",
      "EncodedRequestUri": "L3N1YnNjcmlwdGlvbnMvOTUzMmE2M2UtZjJlYi00NjQ5LWJiMjMtNWVkMDEwNzdjZTgwL3Jlc291cmNlZ3JvdXBzL29uZXNkazE1ODU/YXBpLXZlcnNpb249MjAxNC0wNC0wMS1wcmV2aWV3",
      "RequestMethod": "DELETE",
      "RequestBody": "",
      "RequestHeaders": {
        "User-Agent": [
          "Microsoft.Azure.Management.Resources.ResourceManagementClient/2.0.0.0"
        ]
      },
      "ResponseBody": "",
      "ResponseHeaders": {
        "Content-Length": [
          "0"
        ],
        "Expires": [
          "-1"
        ],
        "Pragma": [
          "no-cache"
        ],
        "Retry-After": [
          "15"
        ],
        "x-ms-ratelimit-remaining-subscription-writes": [
          "1184"
        ],
        "x-ms-request-id": [
          "28c50de5-66db-4764-b9d4-60b7a541cc20"
        ],
        "x-ms-correlation-request-id": [
          "28c50de5-66db-4764-b9d4-60b7a541cc20"
        ],
        "x-ms-routing-request-id": [
          "WESTUS:20151124T210029Z:28c50de5-66db-4764-b9d4-60b7a541cc20"
        ],
        "Strict-Transport-Security": [
          "max-age=31536000; includeSubDomains"
        ],
        "Cache-Control": [
          "no-cache"
        ],
        "Date": [
          "Tue, 24 Nov 2015 21:00:28 GMT"
        ],
        "Location": [
          "https://management.azure.com/subscriptions/9532a63e-f2eb-4649-bb23-5ed01077ce80/operationresults/eyJqb2JJZCI6IlJFU09VUkNFR1JPVVBERUxFVElPTkpPQi1PTkVTREsxNTg1LVdFU1RVUyIsImpvYkxvY2F0aW9uIjoid2VzdHVzIn0?api-version=2014-04-01-preview"
        ]
      },
      "StatusCode": 202
    },
    {
      "RequestUri": "/subscriptions/9532a63e-f2eb-4649-bb23-5ed01077ce80/operationresults/eyJqb2JJZCI6IlJFU09VUkNFR1JPVVBERUxFVElPTkpPQi1PTkVTREsxNTg1LVdFU1RVUyIsImpvYkxvY2F0aW9uIjoid2VzdHVzIn0?api-version=2014-04-01-preview",
      "EncodedRequestUri": "L3N1YnNjcmlwdGlvbnMvOTUzMmE2M2UtZjJlYi00NjQ5LWJiMjMtNWVkMDEwNzdjZTgwL29wZXJhdGlvbnJlc3VsdHMvZXlKcWIySkpaQ0k2SWxKRlUwOVZVa05GUjFKUFZWQkVSVXhGVkVsUFRrcFBRaTFQVGtWVFJFc3hOVGcxTFZkRlUxUlZVeUlzSW1wdllreHZZMkYwYVc5dUlqb2lkMlZ6ZEhWekluMD9hcGktdmVyc2lvbj0yMDE0LTA0LTAxLXByZXZpZXc=",
      "RequestMethod": "GET",
      "RequestBody": "",
      "RequestHeaders": {
        "x-ms-version": [
          "2014-04-01-preview"
        ],
        "User-Agent": [
          "Microsoft.Azure.Management.Resources.ResourceManagementClient/2.0.0.0"
        ]
      },
      "ResponseBody": "",
      "ResponseHeaders": {
        "Content-Length": [
          "0"
        ],
        "Expires": [
          "-1"
        ],
        "Pragma": [
          "no-cache"
        ],
        "Retry-After": [
          "15"
        ],
        "x-ms-ratelimit-remaining-subscription-reads": [
          "14941"
        ],
        "x-ms-request-id": [
          "0b5e4ccd-22d0-49a5-b4f7-72d72ecaef9e"
        ],
        "x-ms-correlation-request-id": [
          "0b5e4ccd-22d0-49a5-b4f7-72d72ecaef9e"
        ],
        "x-ms-routing-request-id": [
          "WESTUS:20151124T210029Z:0b5e4ccd-22d0-49a5-b4f7-72d72ecaef9e"
        ],
        "Strict-Transport-Security": [
          "max-age=31536000; includeSubDomains"
        ],
        "Cache-Control": [
          "no-cache"
        ],
        "Date": [
          "Tue, 24 Nov 2015 21:00:28 GMT"
        ],
        "Location": [
          "https://management.azure.com/subscriptions/9532a63e-f2eb-4649-bb23-5ed01077ce80/operationresults/eyJqb2JJZCI6IlJFU09VUkNFR1JPVVBERUxFVElPTkpPQi1PTkVTREsxNTg1LVdFU1RVUyIsImpvYkxvY2F0aW9uIjoid2VzdHVzIn0?api-version=2014-04-01-preview"
        ]
      },
      "StatusCode": 202
    },
    {
      "RequestUri": "/subscriptions/9532a63e-f2eb-4649-bb23-5ed01077ce80/operationresults/eyJqb2JJZCI6IlJFU09VUkNFR1JPVVBERUxFVElPTkpPQi1PTkVTREsxNTg1LVdFU1RVUyIsImpvYkxvY2F0aW9uIjoid2VzdHVzIn0?api-version=2014-04-01-preview",
      "EncodedRequestUri": "L3N1YnNjcmlwdGlvbnMvOTUzMmE2M2UtZjJlYi00NjQ5LWJiMjMtNWVkMDEwNzdjZTgwL29wZXJhdGlvbnJlc3VsdHMvZXlKcWIySkpaQ0k2SWxKRlUwOVZVa05GUjFKUFZWQkVSVXhGVkVsUFRrcFBRaTFQVGtWVFJFc3hOVGcxTFZkRlUxUlZVeUlzSW1wdllreHZZMkYwYVc5dUlqb2lkMlZ6ZEhWekluMD9hcGktdmVyc2lvbj0yMDE0LTA0LTAxLXByZXZpZXc=",
      "RequestMethod": "GET",
      "RequestBody": "",
      "RequestHeaders": {
        "x-ms-version": [
          "2014-04-01-preview"
        ],
        "User-Agent": [
          "Microsoft.Azure.Management.Resources.ResourceManagementClient/2.0.0.0"
        ]
      },
      "ResponseBody": "",
      "ResponseHeaders": {
        "Content-Length": [
          "0"
        ],
        "Expires": [
          "-1"
        ],
        "Pragma": [
          "no-cache"
        ],
        "Retry-After": [
          "15"
        ],
        "x-ms-ratelimit-remaining-subscription-reads": [
          "14940"
        ],
        "x-ms-request-id": [
          "2b1cc942-c82f-4375-bae7-ffcfa8262ac8"
        ],
        "x-ms-correlation-request-id": [
          "2b1cc942-c82f-4375-bae7-ffcfa8262ac8"
        ],
        "x-ms-routing-request-id": [
          "WESTUS:20151124T210044Z:2b1cc942-c82f-4375-bae7-ffcfa8262ac8"
        ],
        "Strict-Transport-Security": [
          "max-age=31536000; includeSubDomains"
        ],
        "Cache-Control": [
          "no-cache"
        ],
        "Date": [
          "Tue, 24 Nov 2015 21:00:43 GMT"
        ],
        "Location": [
          "https://management.azure.com/subscriptions/9532a63e-f2eb-4649-bb23-5ed01077ce80/operationresults/eyJqb2JJZCI6IlJFU09VUkNFR1JPVVBERUxFVElPTkpPQi1PTkVTREsxNTg1LVdFU1RVUyIsImpvYkxvY2F0aW9uIjoid2VzdHVzIn0?api-version=2014-04-01-preview"
        ]
      },
      "StatusCode": 202
    },
    {
      "RequestUri": "/subscriptions/9532a63e-f2eb-4649-bb23-5ed01077ce80/operationresults/eyJqb2JJZCI6IlJFU09VUkNFR1JPVVBERUxFVElPTkpPQi1PTkVTREsxNTg1LVdFU1RVUyIsImpvYkxvY2F0aW9uIjoid2VzdHVzIn0?api-version=2014-04-01-preview",
      "EncodedRequestUri": "L3N1YnNjcmlwdGlvbnMvOTUzMmE2M2UtZjJlYi00NjQ5LWJiMjMtNWVkMDEwNzdjZTgwL29wZXJhdGlvbnJlc3VsdHMvZXlKcWIySkpaQ0k2SWxKRlUwOVZVa05GUjFKUFZWQkVSVXhGVkVsUFRrcFBRaTFQVGtWVFJFc3hOVGcxTFZkRlUxUlZVeUlzSW1wdllreHZZMkYwYVc5dUlqb2lkMlZ6ZEhWekluMD9hcGktdmVyc2lvbj0yMDE0LTA0LTAxLXByZXZpZXc=",
      "RequestMethod": "GET",
      "RequestBody": "",
      "RequestHeaders": {
        "x-ms-version": [
          "2014-04-01-preview"
        ],
        "User-Agent": [
          "Microsoft.Azure.Management.Resources.ResourceManagementClient/2.0.0.0"
        ]
      },
      "ResponseBody": "",
      "ResponseHeaders": {
        "Content-Length": [
          "0"
        ],
        "Expires": [
          "-1"
        ],
        "Pragma": [
          "no-cache"
        ],
        "Retry-After": [
          "15"
        ],
        "x-ms-ratelimit-remaining-subscription-reads": [
          "14939"
        ],
        "x-ms-request-id": [
          "5494ca0a-93af-4e2b-baf7-a21ac6133313"
        ],
        "x-ms-correlation-request-id": [
          "5494ca0a-93af-4e2b-baf7-a21ac6133313"
        ],
        "x-ms-routing-request-id": [
          "WESTUS:20151124T210059Z:5494ca0a-93af-4e2b-baf7-a21ac6133313"
        ],
        "Strict-Transport-Security": [
          "max-age=31536000; includeSubDomains"
        ],
        "Cache-Control": [
          "no-cache"
        ],
        "Date": [
          "Tue, 24 Nov 2015 21:00:59 GMT"
        ],
        "Location": [
          "https://management.azure.com/subscriptions/9532a63e-f2eb-4649-bb23-5ed01077ce80/operationresults/eyJqb2JJZCI6IlJFU09VUkNFR1JPVVBERUxFVElPTkpPQi1PTkVTREsxNTg1LVdFU1RVUyIsImpvYkxvY2F0aW9uIjoid2VzdHVzIn0?api-version=2014-04-01-preview"
        ]
      },
      "StatusCode": 202
    },
    {
      "RequestUri": "/subscriptions/9532a63e-f2eb-4649-bb23-5ed01077ce80/operationresults/eyJqb2JJZCI6IlJFU09VUkNFR1JPVVBERUxFVElPTkpPQi1PTkVTREsxNTg1LVdFU1RVUyIsImpvYkxvY2F0aW9uIjoid2VzdHVzIn0?api-version=2014-04-01-preview",
      "EncodedRequestUri": "L3N1YnNjcmlwdGlvbnMvOTUzMmE2M2UtZjJlYi00NjQ5LWJiMjMtNWVkMDEwNzdjZTgwL29wZXJhdGlvbnJlc3VsdHMvZXlKcWIySkpaQ0k2SWxKRlUwOVZVa05GUjFKUFZWQkVSVXhGVkVsUFRrcFBRaTFQVGtWVFJFc3hOVGcxTFZkRlUxUlZVeUlzSW1wdllreHZZMkYwYVc5dUlqb2lkMlZ6ZEhWekluMD9hcGktdmVyc2lvbj0yMDE0LTA0LTAxLXByZXZpZXc=",
      "RequestMethod": "GET",
      "RequestBody": "",
      "RequestHeaders": {
        "x-ms-version": [
          "2014-04-01-preview"
        ],
        "User-Agent": [
          "Microsoft.Azure.Management.Resources.ResourceManagementClient/2.0.0.0"
        ]
      },
      "ResponseBody": "",
      "ResponseHeaders": {
        "Content-Length": [
          "0"
        ],
        "Expires": [
          "-1"
        ],
        "Pragma": [
          "no-cache"
        ],
        "Retry-After": [
          "15"
        ],
        "x-ms-ratelimit-remaining-subscription-reads": [
          "14938"
        ],
        "x-ms-request-id": [
          "28e9aa06-3b1b-4e69-9441-ea6709a1db76"
        ],
        "x-ms-correlation-request-id": [
          "28e9aa06-3b1b-4e69-9441-ea6709a1db76"
        ],
        "x-ms-routing-request-id": [
          "WESTUS:20151124T210114Z:28e9aa06-3b1b-4e69-9441-ea6709a1db76"
        ],
        "Strict-Transport-Security": [
          "max-age=31536000; includeSubDomains"
        ],
        "Cache-Control": [
          "no-cache"
        ],
        "Date": [
          "Tue, 24 Nov 2015 21:01:13 GMT"
        ],
        "Location": [
          "https://management.azure.com/subscriptions/9532a63e-f2eb-4649-bb23-5ed01077ce80/operationresults/eyJqb2JJZCI6IlJFU09VUkNFR1JPVVBERUxFVElPTkpPQi1PTkVTREsxNTg1LVdFU1RVUyIsImpvYkxvY2F0aW9uIjoid2VzdHVzIn0?api-version=2014-04-01-preview"
        ]
      },
      "StatusCode": 202
    },
    {
      "RequestUri": "/subscriptions/9532a63e-f2eb-4649-bb23-5ed01077ce80/operationresults/eyJqb2JJZCI6IlJFU09VUkNFR1JPVVBERUxFVElPTkpPQi1PTkVTREsxNTg1LVdFU1RVUyIsImpvYkxvY2F0aW9uIjoid2VzdHVzIn0?api-version=2014-04-01-preview",
      "EncodedRequestUri": "L3N1YnNjcmlwdGlvbnMvOTUzMmE2M2UtZjJlYi00NjQ5LWJiMjMtNWVkMDEwNzdjZTgwL29wZXJhdGlvbnJlc3VsdHMvZXlKcWIySkpaQ0k2SWxKRlUwOVZVa05GUjFKUFZWQkVSVXhGVkVsUFRrcFBRaTFQVGtWVFJFc3hOVGcxTFZkRlUxUlZVeUlzSW1wdllreHZZMkYwYVc5dUlqb2lkMlZ6ZEhWekluMD9hcGktdmVyc2lvbj0yMDE0LTA0LTAxLXByZXZpZXc=",
      "RequestMethod": "GET",
      "RequestBody": "",
      "RequestHeaders": {
        "x-ms-version": [
          "2014-04-01-preview"
        ],
        "User-Agent": [
          "Microsoft.Azure.Management.Resources.ResourceManagementClient/2.0.0.0"
        ]
      },
      "ResponseBody": "",
      "ResponseHeaders": {
        "Content-Length": [
          "0"
        ],
        "Expires": [
          "-1"
        ],
        "Pragma": [
          "no-cache"
        ],
        "Retry-After": [
          "15"
        ],
        "x-ms-ratelimit-remaining-subscription-reads": [
          "14937"
        ],
        "x-ms-request-id": [
          "1742feb8-e2dd-45e2-839d-b3e130c49adc"
        ],
        "x-ms-correlation-request-id": [
          "1742feb8-e2dd-45e2-839d-b3e130c49adc"
        ],
        "x-ms-routing-request-id": [
          "WESTUS:20151124T210129Z:1742feb8-e2dd-45e2-839d-b3e130c49adc"
        ],
        "Strict-Transport-Security": [
          "max-age=31536000; includeSubDomains"
        ],
        "Cache-Control": [
          "no-cache"
        ],
        "Date": [
          "Tue, 24 Nov 2015 21:01:29 GMT"
        ],
        "Location": [
          "https://management.azure.com/subscriptions/9532a63e-f2eb-4649-bb23-5ed01077ce80/operationresults/eyJqb2JJZCI6IlJFU09VUkNFR1JPVVBERUxFVElPTkpPQi1PTkVTREsxNTg1LVdFU1RVUyIsImpvYkxvY2F0aW9uIjoid2VzdHVzIn0?api-version=2014-04-01-preview"
        ]
      },
      "StatusCode": 202
    },
    {
      "RequestUri": "/subscriptions/9532a63e-f2eb-4649-bb23-5ed01077ce80/operationresults/eyJqb2JJZCI6IlJFU09VUkNFR1JPVVBERUxFVElPTkpPQi1PTkVTREsxNTg1LVdFU1RVUyIsImpvYkxvY2F0aW9uIjoid2VzdHVzIn0?api-version=2014-04-01-preview",
      "EncodedRequestUri": "L3N1YnNjcmlwdGlvbnMvOTUzMmE2M2UtZjJlYi00NjQ5LWJiMjMtNWVkMDEwNzdjZTgwL29wZXJhdGlvbnJlc3VsdHMvZXlKcWIySkpaQ0k2SWxKRlUwOVZVa05GUjFKUFZWQkVSVXhGVkVsUFRrcFBRaTFQVGtWVFJFc3hOVGcxTFZkRlUxUlZVeUlzSW1wdllreHZZMkYwYVc5dUlqb2lkMlZ6ZEhWekluMD9hcGktdmVyc2lvbj0yMDE0LTA0LTAxLXByZXZpZXc=",
      "RequestMethod": "GET",
      "RequestBody": "",
      "RequestHeaders": {
        "x-ms-version": [
          "2014-04-01-preview"
        ],
        "User-Agent": [
          "Microsoft.Azure.Management.Resources.ResourceManagementClient/2.0.0.0"
        ]
      },
      "ResponseBody": "",
      "ResponseHeaders": {
        "Content-Length": [
          "0"
        ],
        "Expires": [
          "-1"
        ],
        "Pragma": [
          "no-cache"
        ],
        "Retry-After": [
          "15"
        ],
        "x-ms-ratelimit-remaining-subscription-reads": [
          "14936"
        ],
        "x-ms-request-id": [
          "85504817-0fae-4c71-bc3c-85f80d3e2690"
        ],
        "x-ms-correlation-request-id": [
          "85504817-0fae-4c71-bc3c-85f80d3e2690"
        ],
        "x-ms-routing-request-id": [
          "WESTUS:20151124T210144Z:85504817-0fae-4c71-bc3c-85f80d3e2690"
        ],
        "Strict-Transport-Security": [
          "max-age=31536000; includeSubDomains"
        ],
        "Cache-Control": [
          "no-cache"
        ],
        "Date": [
          "Tue, 24 Nov 2015 21:01:43 GMT"
        ],
        "Location": [
          "https://management.azure.com/subscriptions/9532a63e-f2eb-4649-bb23-5ed01077ce80/operationresults/eyJqb2JJZCI6IlJFU09VUkNFR1JPVVBERUxFVElPTkpPQi1PTkVTREsxNTg1LVdFU1RVUyIsImpvYkxvY2F0aW9uIjoid2VzdHVzIn0?api-version=2014-04-01-preview"
        ]
      },
      "StatusCode": 202
    },
    {
      "RequestUri": "/subscriptions/9532a63e-f2eb-4649-bb23-5ed01077ce80/operationresults/eyJqb2JJZCI6IlJFU09VUkNFR1JPVVBERUxFVElPTkpPQi1PTkVTREsxNTg1LVdFU1RVUyIsImpvYkxvY2F0aW9uIjoid2VzdHVzIn0?api-version=2014-04-01-preview",
      "EncodedRequestUri": "L3N1YnNjcmlwdGlvbnMvOTUzMmE2M2UtZjJlYi00NjQ5LWJiMjMtNWVkMDEwNzdjZTgwL29wZXJhdGlvbnJlc3VsdHMvZXlKcWIySkpaQ0k2SWxKRlUwOVZVa05GUjFKUFZWQkVSVXhGVkVsUFRrcFBRaTFQVGtWVFJFc3hOVGcxTFZkRlUxUlZVeUlzSW1wdllreHZZMkYwYVc5dUlqb2lkMlZ6ZEhWekluMD9hcGktdmVyc2lvbj0yMDE0LTA0LTAxLXByZXZpZXc=",
      "RequestMethod": "GET",
      "RequestBody": "",
      "RequestHeaders": {
        "x-ms-version": [
          "2014-04-01-preview"
        ],
        "User-Agent": [
          "Microsoft.Azure.Management.Resources.ResourceManagementClient/2.0.0.0"
        ]
      },
      "ResponseBody": "",
      "ResponseHeaders": {
        "Content-Length": [
          "0"
        ],
        "Expires": [
          "-1"
        ],
        "Pragma": [
          "no-cache"
        ],
        "Retry-After": [
          "15"
        ],
        "x-ms-ratelimit-remaining-subscription-reads": [
          "14935"
        ],
        "x-ms-request-id": [
          "e1cf27c1-1a20-4a30-bb46-4a711c9b7d95"
        ],
        "x-ms-correlation-request-id": [
          "e1cf27c1-1a20-4a30-bb46-4a711c9b7d95"
        ],
        "x-ms-routing-request-id": [
          "WESTUS:20151124T210159Z:e1cf27c1-1a20-4a30-bb46-4a711c9b7d95"
        ],
        "Strict-Transport-Security": [
          "max-age=31536000; includeSubDomains"
        ],
        "Cache-Control": [
          "no-cache"
        ],
        "Date": [
          "Tue, 24 Nov 2015 21:01:59 GMT"
        ],
        "Location": [
          "https://management.azure.com/subscriptions/9532a63e-f2eb-4649-bb23-5ed01077ce80/operationresults/eyJqb2JJZCI6IlJFU09VUkNFR1JPVVBERUxFVElPTkpPQi1PTkVTREsxNTg1LVdFU1RVUyIsImpvYkxvY2F0aW9uIjoid2VzdHVzIn0?api-version=2014-04-01-preview"
        ]
      },
      "StatusCode": 202
    },
    {
      "RequestUri": "/subscriptions/9532a63e-f2eb-4649-bb23-5ed01077ce80/operationresults/eyJqb2JJZCI6IlJFU09VUkNFR1JPVVBERUxFVElPTkpPQi1PTkVTREsxNTg1LVdFU1RVUyIsImpvYkxvY2F0aW9uIjoid2VzdHVzIn0?api-version=2014-04-01-preview",
      "EncodedRequestUri": "L3N1YnNjcmlwdGlvbnMvOTUzMmE2M2UtZjJlYi00NjQ5LWJiMjMtNWVkMDEwNzdjZTgwL29wZXJhdGlvbnJlc3VsdHMvZXlKcWIySkpaQ0k2SWxKRlUwOVZVa05GUjFKUFZWQkVSVXhGVkVsUFRrcFBRaTFQVGtWVFJFc3hOVGcxTFZkRlUxUlZVeUlzSW1wdllreHZZMkYwYVc5dUlqb2lkMlZ6ZEhWekluMD9hcGktdmVyc2lvbj0yMDE0LTA0LTAxLXByZXZpZXc=",
      "RequestMethod": "GET",
      "RequestBody": "",
      "RequestHeaders": {
        "x-ms-version": [
          "2014-04-01-preview"
        ],
        "User-Agent": [
          "Microsoft.Azure.Management.Resources.ResourceManagementClient/2.0.0.0"
        ]
      },
      "ResponseBody": "",
      "ResponseHeaders": {
        "Content-Length": [
          "0"
        ],
        "Expires": [
          "-1"
        ],
        "Pragma": [
          "no-cache"
        ],
        "x-ms-ratelimit-remaining-subscription-reads": [
          "14934"
        ],
        "x-ms-request-id": [
          "351439c8-5d1f-44f7-b3be-4cca20fc9263"
        ],
        "x-ms-correlation-request-id": [
          "351439c8-5d1f-44f7-b3be-4cca20fc9263"
        ],
        "x-ms-routing-request-id": [
          "WESTUS:20151124T210214Z:351439c8-5d1f-44f7-b3be-4cca20fc9263"
        ],
        "Strict-Transport-Security": [
          "max-age=31536000; includeSubDomains"
        ],
        "Cache-Control": [
          "no-cache"
        ],
        "Date": [
          "Tue, 24 Nov 2015 21:02:13 GMT"
        ]
      },
      "StatusCode": 200
    }
  ],
  "Names": {
    "Test-LoadBalancerCRUD-InternalStatic": [
      "onesdk1585",
      "onesdk2424",
      "onesdk1649",
      "onesdk1300",
      "onesdk147",
      "onesdk1363",
      "onesdk4001",
      "onesdk9530",
      "onesdk2831",
      "onesdk807",
      "onesdk2563"
    ]
  },
  "Variables": {
    "SubscriptionId": "9532a63e-f2eb-4649-bb23-5ed01077ce80"
  }
}