{
  "Entries": [
    {
      "RequestUri": "/subscriptions/3dc13b6d-6896-40ac-98f7-f18cbce2a405/resourcegroups/ps8175?api-version=2016-09-01",
      "EncodedRequestUri": "L3N1YnNjcmlwdGlvbnMvM2RjMTNiNmQtNjg5Ni00MGFjLTk4ZjctZjE4Y2JjZTJhNDA1L3Jlc291cmNlZ3JvdXBzL3BzODE3NT9hcGktdmVyc2lvbj0yMDE2LTA5LTAx",
      "RequestMethod": "PUT",
      "RequestBody": "{\r\n  \"location\": \"westcentralus\"\r\n}",
      "RequestHeaders": {
        "Content-Type": [
          "application/json; charset=utf-8"
        ],
        "Content-Length": [
          "35"
        ],
        "x-ms-client-request-id": [
          "38a2e89f-e049-4458-ae22-73b5869cd7ca"
        ],
        "accept-language": [
          "en-US"
        ],
        "User-Agent": [
          "FxVersion/4.7.3132.0",
          "OSName/Windows10Enterprise",
          "OSVersion/6.3.17134",
          "Microsoft.Azure.Management.Internal.Resources.ResourceManagementClient/4.1.0"
        ]
      },
      "ResponseBody": "{\r\n  \"id\": \"/subscriptions/3dc13b6d-6896-40ac-98f7-f18cbce2a405/resourceGroups/ps8175\",\r\n  \"name\": \"ps8175\",\r\n  \"location\": \"westcentralus\",\r\n  \"properties\": {\r\n    \"provisioningState\": \"Succeeded\"\r\n  }\r\n}",
      "ResponseHeaders": {
        "Content-Length": [
          "172"
        ],
        "Content-Type": [
          "application/json; charset=utf-8"
        ],
        "Expires": [
          "-1"
        ],
        "Pragma": [
          "no-cache"
        ],
        "x-ms-ratelimit-remaining-subscription-writes": [
          "1196"
        ],
        "x-ms-request-id": [
          "fa3e6c56-ed03-495f-a8ef-c3623e153d05"
        ],
        "x-ms-correlation-request-id": [
          "fa3e6c56-ed03-495f-a8ef-c3623e153d05"
        ],
        "x-ms-routing-request-id": [
          "WESTUS2:20180911T012413Z:fa3e6c56-ed03-495f-a8ef-c3623e153d05"
        ],
        "Strict-Transport-Security": [
          "max-age=31536000; includeSubDomains"
        ],
        "X-Content-Type-Options": [
          "nosniff"
        ],
        "Cache-Control": [
          "no-cache"
        ],
        "Date": [
          "Tue, 11 Sep 2018 01:24:13 GMT"
        ]
      },
      "StatusCode": 201
    },
    {
      "RequestUri": "/subscriptions/3dc13b6d-6896-40ac-98f7-f18cbce2a405/resourceGroups/ps8175/providers/Microsoft.Network/virtualNetworks/ps6490?api-version=2018-08-01",
      "EncodedRequestUri": "L3N1YnNjcmlwdGlvbnMvM2RjMTNiNmQtNjg5Ni00MGFjLTk4ZjctZjE4Y2JjZTJhNDA1L3Jlc291cmNlR3JvdXBzL3BzODE3NS9wcm92aWRlcnMvTWljcm9zb2Z0Lk5ldHdvcmsvdmlydHVhbE5ldHdvcmtzL3BzNjQ5MD9hcGktdmVyc2lvbj0yMDE4LTA4LTAx",
      "RequestMethod": "GET",
      "RequestBody": "",
      "RequestHeaders": {
        "x-ms-client-request-id": [
          "5b5b7c96-2455-4e3b-87cc-a5837a517de8"
        ],
        "accept-language": [
          "en-US"
        ],
        "User-Agent": [
          "FxVersion/4.7.3132.0",
          "OSName/Windows10Enterprise",
          "OSVersion/6.3.17134",
          "Microsoft.Azure.Management.Network.NetworkManagementClient/20.0.0.0"
        ]
      },
      "ResponseBody": "{\r\n  \"error\": {\r\n    \"code\": \"ResourceNotFound\",\r\n    \"message\": \"The Resource 'Microsoft.Network/virtualNetworks/ps6490' under resource group 'ps8175' was not found.\"\r\n  }\r\n}",
      "ResponseHeaders": {
        "Content-Length": [
          "150"
        ],
        "Content-Type": [
          "application/json; charset=utf-8"
        ],
        "Expires": [
          "-1"
        ],
        "Pragma": [
          "no-cache"
        ],
        "x-ms-failure-cause": [
          "gateway"
        ],
        "x-ms-request-id": [
          "3289d536-ce19-466e-ad4b-0544589df122"
        ],
        "x-ms-correlation-request-id": [
          "3289d536-ce19-466e-ad4b-0544589df122"
        ],
        "x-ms-routing-request-id": [
          "WESTUS2:20180911T012413Z:3289d536-ce19-466e-ad4b-0544589df122"
        ],
        "Strict-Transport-Security": [
          "max-age=31536000; includeSubDomains"
        ],
        "X-Content-Type-Options": [
          "nosniff"
        ],
        "Cache-Control": [
          "no-cache"
        ],
        "Date": [
          "Tue, 11 Sep 2018 01:24:13 GMT"
        ]
      },
      "StatusCode": 404
    },
    {
      "RequestUri": "/subscriptions/3dc13b6d-6896-40ac-98f7-f18cbce2a405/resourceGroups/ps8175/providers/Microsoft.Network/virtualNetworks/ps6490?api-version=2018-08-01",
      "EncodedRequestUri": "L3N1YnNjcmlwdGlvbnMvM2RjMTNiNmQtNjg5Ni00MGFjLTk4ZjctZjE4Y2JjZTJhNDA1L3Jlc291cmNlR3JvdXBzL3BzODE3NS9wcm92aWRlcnMvTWljcm9zb2Z0Lk5ldHdvcmsvdmlydHVhbE5ldHdvcmtzL3BzNjQ5MD9hcGktdmVyc2lvbj0yMDE4LTA4LTAx",
      "RequestMethod": "GET",
      "RequestBody": "",
      "RequestHeaders": {
        "User-Agent": [
          "FxVersion/4.7.3132.0",
          "OSName/Windows10Enterprise",
          "OSVersion/6.3.17134",
          "Microsoft.Azure.Management.Network.NetworkManagementClient/20.0.0.0"
        ]
      },
      "ResponseBody": "{\r\n  \"name\": \"ps6490\",\r\n  \"id\": \"/subscriptions/3dc13b6d-6896-40ac-98f7-f18cbce2a405/resourceGroups/ps8175/providers/Microsoft.Network/virtualNetworks/ps6490\",\r\n  \"etag\": \"W/\\\"ce565592-cfd7-4d3f-a905-5c41f5384373\\\"\",\r\n  \"type\": \"Microsoft.Network/virtualNetworks\",\r\n  \"location\": \"centralus\",\r\n  \"properties\": {\r\n    \"provisioningState\": \"Succeeded\",\r\n    \"resourceGuid\": \"950f63b1-b23c-414c-8096-893ab325bf19\",\r\n    \"addressSpace\": {\r\n      \"addressPrefixes\": [\r\n        \"10.0.0.0/8\"\r\n      ]\r\n    },\r\n    \"subnets\": [\r\n      {\r\n        \"name\": \"ps5388\",\r\n        \"id\": \"/subscriptions/3dc13b6d-6896-40ac-98f7-f18cbce2a405/resourceGroups/ps8175/providers/Microsoft.Network/virtualNetworks/ps6490/subnets/ps5388\",\r\n        \"etag\": \"W/\\\"ce565592-cfd7-4d3f-a905-5c41f5384373\\\"\",\r\n        \"properties\": {\r\n          \"provisioningState\": \"Succeeded\",\r\n          \"addressPrefix\": \"10.0.1.0/24\",\r\n          \"serviceEndpoints\": [],\r\n          \"delegations\": []\r\n        },\r\n        \"type\": \"Microsoft.Network/virtualNetworks/subnets\"\r\n      }\r\n    ],\r\n    \"virtualNetworkPeerings\": [],\r\n    \"enableDdosProtection\": false,\r\n    \"enableVmProtection\": false\r\n  }\r\n}",
      "ResponseHeaders": {
        "Content-Length": [
          "1155"
        ],
        "Content-Type": [
          "application/json; charset=utf-8"
        ],
        "Expires": [
          "-1"
        ],
        "Pragma": [
          "no-cache"
        ],
        "x-ms-request-id": [
          "1689c0be-34ca-4ed4-83cc-fb93031024a5"
        ],
        "x-ms-correlation-request-id": [
          "fcce411c-734a-4868-85f6-7d40c8246f69"
        ],
        "Strict-Transport-Security": [
          "max-age=31536000; includeSubDomains"
        ],
        "Cache-Control": [
          "no-cache"
        ],
        "ETag": [
          "W/\"ce565592-cfd7-4d3f-a905-5c41f5384373\""
        ],
        "Server": [
          "Microsoft-HTTPAPI/2.0",
          "Microsoft-HTTPAPI/2.0"
        ],
        "x-ms-ratelimit-remaining-subscription-reads": [
          "11996"
        ],
        "x-ms-routing-request-id": [
          "WESTUS2:20180911T012434Z:fcce411c-734a-4868-85f6-7d40c8246f69"
        ],
        "X-Content-Type-Options": [
          "nosniff"
        ],
        "Date": [
          "Tue, 11 Sep 2018 01:24:34 GMT"
        ]
      },
      "StatusCode": 200
    },
    {
      "RequestUri": "/subscriptions/3dc13b6d-6896-40ac-98f7-f18cbce2a405/resourceGroups/ps8175/providers/Microsoft.Network/virtualNetworks/ps6490?api-version=2018-08-01",
      "EncodedRequestUri": "L3N1YnNjcmlwdGlvbnMvM2RjMTNiNmQtNjg5Ni00MGFjLTk4ZjctZjE4Y2JjZTJhNDA1L3Jlc291cmNlR3JvdXBzL3BzODE3NS9wcm92aWRlcnMvTWljcm9zb2Z0Lk5ldHdvcmsvdmlydHVhbE5ldHdvcmtzL3BzNjQ5MD9hcGktdmVyc2lvbj0yMDE4LTA4LTAx",
      "RequestMethod": "GET",
      "RequestBody": "",
      "RequestHeaders": {
        "x-ms-client-request-id": [
          "b7367d88-71c2-48e3-ae12-c2889481ad7f"
        ],
        "accept-language": [
          "en-US"
        ],
        "User-Agent": [
          "FxVersion/4.7.3132.0",
          "OSName/Windows10Enterprise",
          "OSVersion/6.3.17134",
          "Microsoft.Azure.Management.Network.NetworkManagementClient/20.0.0.0"
        ]
      },
      "ResponseBody": "{\r\n  \"name\": \"ps6490\",\r\n  \"id\": \"/subscriptions/3dc13b6d-6896-40ac-98f7-f18cbce2a405/resourceGroups/ps8175/providers/Microsoft.Network/virtualNetworks/ps6490\",\r\n  \"etag\": \"W/\\\"ce565592-cfd7-4d3f-a905-5c41f5384373\\\"\",\r\n  \"type\": \"Microsoft.Network/virtualNetworks\",\r\n  \"location\": \"centralus\",\r\n  \"properties\": {\r\n    \"provisioningState\": \"Succeeded\",\r\n    \"resourceGuid\": \"950f63b1-b23c-414c-8096-893ab325bf19\",\r\n    \"addressSpace\": {\r\n      \"addressPrefixes\": [\r\n        \"10.0.0.0/8\"\r\n      ]\r\n    },\r\n    \"subnets\": [\r\n      {\r\n        \"name\": \"ps5388\",\r\n        \"id\": \"/subscriptions/3dc13b6d-6896-40ac-98f7-f18cbce2a405/resourceGroups/ps8175/providers/Microsoft.Network/virtualNetworks/ps6490/subnets/ps5388\",\r\n        \"etag\": \"W/\\\"ce565592-cfd7-4d3f-a905-5c41f5384373\\\"\",\r\n        \"properties\": {\r\n          \"provisioningState\": \"Succeeded\",\r\n          \"addressPrefix\": \"10.0.1.0/24\",\r\n          \"serviceEndpoints\": [],\r\n          \"delegations\": []\r\n        },\r\n        \"type\": \"Microsoft.Network/virtualNetworks/subnets\"\r\n      }\r\n    ],\r\n    \"virtualNetworkPeerings\": [],\r\n    \"enableDdosProtection\": false,\r\n    \"enableVmProtection\": false\r\n  }\r\n}",
      "ResponseHeaders": {
        "Content-Length": [
          "1155"
        ],
        "Content-Type": [
          "application/json; charset=utf-8"
        ],
        "Expires": [
          "-1"
        ],
        "Pragma": [
          "no-cache"
        ],
        "x-ms-request-id": [
          "ebfd651e-3755-4144-8d72-6ac43135c86f"
        ],
        "x-ms-correlation-request-id": [
          "c717ad6b-e552-4380-8fad-3fa9a87f0e83"
        ],
        "Strict-Transport-Security": [
          "max-age=31536000; includeSubDomains"
        ],
        "Cache-Control": [
          "no-cache"
        ],
        "ETag": [
          "W/\"ce565592-cfd7-4d3f-a905-5c41f5384373\""
        ],
        "Server": [
          "Microsoft-HTTPAPI/2.0",
          "Microsoft-HTTPAPI/2.0"
        ],
        "x-ms-ratelimit-remaining-subscription-reads": [
          "11995"
        ],
        "x-ms-routing-request-id": [
          "WESTUS2:20180911T012434Z:c717ad6b-e552-4380-8fad-3fa9a87f0e83"
        ],
        "X-Content-Type-Options": [
          "nosniff"
        ],
        "Date": [
          "Tue, 11 Sep 2018 01:24:34 GMT"
        ]
      },
      "StatusCode": 200
    },
    {
      "RequestUri": "/subscriptions/3dc13b6d-6896-40ac-98f7-f18cbce2a405/resourceGroups/ps8175/providers/Microsoft.Network/virtualNetworks/ps6490?api-version=2018-08-01",
      "EncodedRequestUri": "L3N1YnNjcmlwdGlvbnMvM2RjMTNiNmQtNjg5Ni00MGFjLTk4ZjctZjE4Y2JjZTJhNDA1L3Jlc291cmNlR3JvdXBzL3BzODE3NS9wcm92aWRlcnMvTWljcm9zb2Z0Lk5ldHdvcmsvdmlydHVhbE5ldHdvcmtzL3BzNjQ5MD9hcGktdmVyc2lvbj0yMDE4LTA4LTAx",
      "RequestMethod": "PUT",
      "RequestBody": "{\r\n  \"properties\": {\r\n    \"addressSpace\": {\r\n      \"addressPrefixes\": [\r\n        \"10.0.0.0/8\"\r\n      ]\r\n    },\r\n    \"subnets\": [\r\n      {\r\n        \"properties\": {\r\n          \"addressPrefix\": \"10.0.1.0/24\",\r\n          \"addressPrefixes\": [],\r\n          \"serviceEndpoints\": [],\r\n          \"serviceEndpointPolicies\": [],\r\n          \"interfaceEndpoints\": [],\r\n          \"resourceNavigationLinks\": [],\r\n          \"delegations\": []\r\n        },\r\n        \"name\": \"ps5388\"\r\n      }\r\n    ],\r\n    \"virtualNetworkPeerings\": [],\r\n    \"enableDdosProtection\": false\r\n  },\r\n  \"location\": \"centralus\"\r\n}",
      "RequestHeaders": {
        "Content-Type": [
          "application/json; charset=utf-8"
        ],
        "Content-Length": [
          "585"
        ],
        "x-ms-client-request-id": [
          "157339b1-b003-4a1a-b45b-4cd463cf56d7"
        ],
        "accept-language": [
          "en-US"
        ],
        "User-Agent": [
          "FxVersion/4.7.3132.0",
          "OSName/Windows10Enterprise",
          "OSVersion/6.3.17134",
          "Microsoft.Azure.Management.Network.NetworkManagementClient/20.0.0.0"
        ]
      },
      "ResponseBody": "{\r\n  \"name\": \"ps6490\",\r\n  \"id\": \"/subscriptions/3dc13b6d-6896-40ac-98f7-f18cbce2a405/resourceGroups/ps8175/providers/Microsoft.Network/virtualNetworks/ps6490\",\r\n  \"etag\": \"W/\\\"edfd1994-fae1-4971-8cd8-a0b5266a621c\\\"\",\r\n  \"type\": \"Microsoft.Network/virtualNetworks\",\r\n  \"location\": \"centralus\",\r\n  \"properties\": {\r\n    \"provisioningState\": \"Updating\",\r\n    \"resourceGuid\": \"950f63b1-b23c-414c-8096-893ab325bf19\",\r\n    \"addressSpace\": {\r\n      \"addressPrefixes\": [\r\n        \"10.0.0.0/8\"\r\n      ]\r\n    },\r\n    \"subnets\": [\r\n      {\r\n        \"name\": \"ps5388\",\r\n        \"id\": \"/subscriptions/3dc13b6d-6896-40ac-98f7-f18cbce2a405/resourceGroups/ps8175/providers/Microsoft.Network/virtualNetworks/ps6490/subnets/ps5388\",\r\n        \"etag\": \"W/\\\"edfd1994-fae1-4971-8cd8-a0b5266a621c\\\"\",\r\n        \"properties\": {\r\n          \"provisioningState\": \"Updating\",\r\n          \"addressPrefix\": \"10.0.1.0/24\",\r\n          \"serviceEndpoints\": [],\r\n          \"delegations\": []\r\n        },\r\n        \"type\": \"Microsoft.Network/virtualNetworks/subnets\"\r\n      }\r\n    ],\r\n    \"virtualNetworkPeerings\": [],\r\n    \"enableDdosProtection\": false,\r\n    \"enableVmProtection\": false\r\n  }\r\n}",
      "ResponseHeaders": {
        "Content-Length": [
          "1153"
        ],
        "Content-Type": [
          "application/json; charset=utf-8"
        ],
        "Expires": [
          "-1"
        ],
        "Pragma": [
          "no-cache"
        ],
        "Retry-After": [
          "3"
        ],
        "x-ms-request-id": [
          "9b5891c0-2327-457c-95b7-53c93fa48a45"
        ],
        "Azure-AsyncOperation": [
          "https://management.azure.com/subscriptions/3dc13b6d-6896-40ac-98f7-f18cbce2a405/providers/Microsoft.Network/locations/centralus/operations/9b5891c0-2327-457c-95b7-53c93fa48a45?api-version=2018-08-01"
        ],
        "x-ms-correlation-request-id": [
          "43b32174-bf31-4f17-93f9-dfd1a233f3d6"
        ],
        "Strict-Transport-Security": [
          "max-age=31536000; includeSubDomains"
        ],
        "Cache-Control": [
          "no-cache"
        ],
        "Server": [
          "Microsoft-HTTPAPI/2.0",
          "Microsoft-HTTPAPI/2.0"
        ],
        "x-ms-ratelimit-remaining-subscription-writes": [
          "1199"
        ],
        "x-ms-routing-request-id": [
          "WESTUS2:20180911T012414Z:43b32174-bf31-4f17-93f9-dfd1a233f3d6"
        ],
        "X-Content-Type-Options": [
          "nosniff"
        ],
        "Date": [
          "Tue, 11 Sep 2018 01:24:14 GMT"
        ]
      },
      "StatusCode": 201
    },
    {
      "RequestUri": "/subscriptions/3dc13b6d-6896-40ac-98f7-f18cbce2a405/providers/Microsoft.Network/locations/centralus/operations/9b5891c0-2327-457c-95b7-53c93fa48a45?api-version=2018-08-01",
      "EncodedRequestUri": "L3N1YnNjcmlwdGlvbnMvM2RjMTNiNmQtNjg5Ni00MGFjLTk4ZjctZjE4Y2JjZTJhNDA1L3Byb3ZpZGVycy9NaWNyb3NvZnQuTmV0d29yay9sb2NhdGlvbnMvY2VudHJhbHVzL29wZXJhdGlvbnMvOWI1ODkxYzAtMjMyNy00NTdjLTk1YjctNTNjOTNmYTQ4YTQ1P2FwaS12ZXJzaW9uPTIwMTgtMDgtMDE=",
      "RequestMethod": "GET",
      "RequestBody": "",
      "RequestHeaders": {
        "User-Agent": [
          "FxVersion/4.7.3132.0",
          "OSName/Windows10Enterprise",
          "OSVersion/6.3.17134",
          "Microsoft.Azure.Management.Network.NetworkManagementClient/20.0.0.0"
        ]
      },
      "ResponseBody": "{\r\n  \"status\": \"InProgress\"\r\n}",
      "ResponseHeaders": {
        "Content-Length": [
          "30"
        ],
        "Content-Type": [
          "application/json; charset=utf-8"
        ],
        "Expires": [
          "-1"
        ],
        "Pragma": [
          "no-cache"
        ],
        "Retry-After": [
          "10"
        ],
        "x-ms-request-id": [
          "a0245311-5ab2-4cfe-be55-9e04a15062a2"
        ],
        "x-ms-correlation-request-id": [
          "b90f0ded-f83f-485d-bc1c-26641f2c5c86"
        ],
        "Strict-Transport-Security": [
          "max-age=31536000; includeSubDomains"
        ],
        "Cache-Control": [
          "no-cache"
        ],
        "Server": [
          "Microsoft-HTTPAPI/2.0",
          "Microsoft-HTTPAPI/2.0"
        ],
        "x-ms-ratelimit-remaining-subscription-reads": [
          "11998"
        ],
        "x-ms-routing-request-id": [
          "WESTUS2:20180911T012424Z:b90f0ded-f83f-485d-bc1c-26641f2c5c86"
        ],
        "X-Content-Type-Options": [
          "nosniff"
        ],
        "Date": [
          "Tue, 11 Sep 2018 01:24:24 GMT"
        ]
      },
      "StatusCode": 200
    },
    {
      "RequestUri": "/subscriptions/3dc13b6d-6896-40ac-98f7-f18cbce2a405/providers/Microsoft.Network/locations/centralus/operations/9b5891c0-2327-457c-95b7-53c93fa48a45?api-version=2018-08-01",
      "EncodedRequestUri": "L3N1YnNjcmlwdGlvbnMvM2RjMTNiNmQtNjg5Ni00MGFjLTk4ZjctZjE4Y2JjZTJhNDA1L3Byb3ZpZGVycy9NaWNyb3NvZnQuTmV0d29yay9sb2NhdGlvbnMvY2VudHJhbHVzL29wZXJhdGlvbnMvOWI1ODkxYzAtMjMyNy00NTdjLTk1YjctNTNjOTNmYTQ4YTQ1P2FwaS12ZXJzaW9uPTIwMTgtMDgtMDE=",
      "RequestMethod": "GET",
      "RequestBody": "",
      "RequestHeaders": {
        "User-Agent": [
          "FxVersion/4.7.3132.0",
          "OSName/Windows10Enterprise",
          "OSVersion/6.3.17134",
          "Microsoft.Azure.Management.Network.NetworkManagementClient/20.0.0.0"
        ]
      },
      "ResponseBody": "{\r\n  \"status\": \"Succeeded\"\r\n}",
      "ResponseHeaders": {
        "Content-Length": [
          "29"
        ],
        "Content-Type": [
          "application/json; charset=utf-8"
        ],
        "Expires": [
          "-1"
        ],
        "Pragma": [
          "no-cache"
        ],
        "x-ms-request-id": [
          "f15a0c45-59ba-4723-b855-8d891158f2e8"
        ],
        "x-ms-correlation-request-id": [
          "929c7a44-108f-4c71-94c3-2a7128bb5f48"
        ],
        "Strict-Transport-Security": [
          "max-age=31536000; includeSubDomains"
        ],
        "Cache-Control": [
          "no-cache"
        ],
        "Server": [
          "Microsoft-HTTPAPI/2.0",
          "Microsoft-HTTPAPI/2.0"
        ],
        "x-ms-ratelimit-remaining-subscription-reads": [
          "11997"
        ],
        "x-ms-routing-request-id": [
          "WESTUS2:20180911T012434Z:929c7a44-108f-4c71-94c3-2a7128bb5f48"
        ],
        "X-Content-Type-Options": [
          "nosniff"
        ],
        "Date": [
          "Tue, 11 Sep 2018 01:24:34 GMT"
        ]
      },
      "StatusCode": 200
    },
    {
      "RequestUri": "/subscriptions/3dc13b6d-6896-40ac-98f7-f18cbce2a405/resourceGroups/ps8175/providers/Microsoft.Network/loadBalancers/ps4128?api-version=2018-08-01",
      "EncodedRequestUri": "L3N1YnNjcmlwdGlvbnMvM2RjMTNiNmQtNjg5Ni00MGFjLTk4ZjctZjE4Y2JjZTJhNDA1L3Jlc291cmNlR3JvdXBzL3BzODE3NS9wcm92aWRlcnMvTWljcm9zb2Z0Lk5ldHdvcmsvbG9hZEJhbGFuY2Vycy9wczQxMjg/YXBpLXZlcnNpb249MjAxOC0wOC0wMQ==",
      "RequestMethod": "GET",
      "RequestBody": "",
      "RequestHeaders": {
        "x-ms-client-request-id": [
          "c0a9e12a-13a8-4936-9560-1681798ab4fa"
        ],
        "accept-language": [
          "en-US"
        ],
        "User-Agent": [
          "FxVersion/4.7.3132.0",
          "OSName/Windows10Enterprise",
          "OSVersion/6.3.17134",
          "Microsoft.Azure.Management.Network.NetworkManagementClient/20.0.0.0"
        ]
      },
      "ResponseBody": "{\r\n  \"error\": {\r\n    \"code\": \"ResourceNotFound\",\r\n    \"message\": \"The Resource 'Microsoft.Network/loadBalancers/ps4128' under resource group 'ps8175' was not found.\"\r\n  }\r\n}",
      "ResponseHeaders": {
        "Content-Length": [
          "148"
        ],
        "Content-Type": [
          "application/json; charset=utf-8"
        ],
        "Expires": [
          "-1"
        ],
        "Pragma": [
          "no-cache"
        ],
        "x-ms-failure-cause": [
          "gateway"
        ],
        "x-ms-request-id": [
          "db60ddd5-3d64-468c-bb3b-9954b902fb9a"
        ],
        "x-ms-correlation-request-id": [
          "db60ddd5-3d64-468c-bb3b-9954b902fb9a"
        ],
        "x-ms-routing-request-id": [
          "WESTUS2:20180911T012435Z:db60ddd5-3d64-468c-bb3b-9954b902fb9a"
        ],
        "Strict-Transport-Security": [
          "max-age=31536000; includeSubDomains"
        ],
        "X-Content-Type-Options": [
          "nosniff"
        ],
        "Cache-Control": [
          "no-cache"
        ],
        "Date": [
          "Tue, 11 Sep 2018 01:24:34 GMT"
        ]
      },
      "StatusCode": 404
    },
    {
      "RequestUri": "/subscriptions/3dc13b6d-6896-40ac-98f7-f18cbce2a405/resourceGroups/ps8175/providers/Microsoft.Network/loadBalancers/ps4128?api-version=2018-08-01",
      "EncodedRequestUri": "L3N1YnNjcmlwdGlvbnMvM2RjMTNiNmQtNjg5Ni00MGFjLTk4ZjctZjE4Y2JjZTJhNDA1L3Jlc291cmNlR3JvdXBzL3BzODE3NS9wcm92aWRlcnMvTWljcm9zb2Z0Lk5ldHdvcmsvbG9hZEJhbGFuY2Vycy9wczQxMjg/YXBpLXZlcnNpb249MjAxOC0wOC0wMQ==",
      "RequestMethod": "GET",
      "RequestBody": "",
      "RequestHeaders": {
        "User-Agent": [
          "FxVersion/4.7.3132.0",
          "OSName/Windows10Enterprise",
          "OSVersion/6.3.17134",
          "Microsoft.Azure.Management.Network.NetworkManagementClient/20.0.0.0"
        ]
      },
      "ResponseBody": "{\r\n  \"name\": \"ps4128\",\r\n  \"id\": \"/subscriptions/3dc13b6d-6896-40ac-98f7-f18cbce2a405/resourceGroups/ps8175/providers/Microsoft.Network/loadBalancers/ps4128\",\r\n  \"etag\": \"W/\\\"6b31e338-5480-43b7-9eea-7e63f3002bbb\\\"\",\r\n  \"type\": \"Microsoft.Network/loadBalancers\",\r\n  \"location\": \"centralus\",\r\n  \"properties\": {\r\n    \"provisioningState\": \"Succeeded\",\r\n    \"resourceGuid\": \"2ad25e58-4c20-4743-bc8c-39bb28f4ddd8\",\r\n    \"frontendIPConfigurations\": [\r\n      {\r\n        \"name\": \"ps9038\",\r\n        \"id\": \"/subscriptions/3dc13b6d-6896-40ac-98f7-f18cbce2a405/resourceGroups/ps8175/providers/Microsoft.Network/loadBalancers/ps4128/frontendIPConfigurations/ps9038\",\r\n        \"etag\": \"W/\\\"6b31e338-5480-43b7-9eea-7e63f3002bbb\\\"\",\r\n        \"type\": \"Microsoft.Network/loadBalancers/frontendIPConfigurations\",\r\n        \"properties\": {\r\n          \"provisioningState\": \"Succeeded\",\r\n          \"privateIPAddress\": \"10.0.1.4\",\r\n          \"privateIPAllocationMethod\": \"Dynamic\",\r\n          \"subnet\": {\r\n            \"id\": \"/subscriptions/3dc13b6d-6896-40ac-98f7-f18cbce2a405/resourceGroups/ps8175/providers/Microsoft.Network/virtualNetworks/ps6490/subnets/ps5388\"\r\n          }\r\n        },\r\n        \"zones\": [\r\n          \"1\"\r\n        ]\r\n      }\r\n    ],\r\n    \"backendAddressPools\": [],\r\n    \"loadBalancingRules\": [],\r\n    \"probes\": [],\r\n    \"inboundNatRules\": [],\r\n    \"outboundRules\": [],\r\n    \"inboundNatPools\": []\r\n  },\r\n  \"sku\": {\r\n    \"name\": \"Basic\",\r\n    \"tier\": \"Regional\"\r\n  }\r\n}",
      "ResponseHeaders": {
        "Content-Length": [
          "1462"
        ],
        "Content-Type": [
          "application/json; charset=utf-8"
        ],
        "Expires": [
          "-1"
        ],
        "Pragma": [
          "no-cache"
        ],
        "x-ms-request-id": [
          "114dd3d3-c119-4ed0-add1-fd0a9c60355f"
        ],
        "x-ms-correlation-request-id": [
          "9ba3b4ac-8ec5-4de0-9e90-e6c53f3255a0"
        ],
        "Strict-Transport-Security": [
          "max-age=31536000; includeSubDomains"
        ],
        "Cache-Control": [
          "no-cache"
        ],
        "ETag": [
          "W/\"6b31e338-5480-43b7-9eea-7e63f3002bbb\""
        ],
        "Server": [
          "Microsoft-HTTPAPI/2.0",
          "Microsoft-HTTPAPI/2.0"
        ],
        "x-ms-ratelimit-remaining-subscription-reads": [
          "11993"
        ],
        "x-ms-routing-request-id": [
          "WESTUS2:20180911T012435Z:9ba3b4ac-8ec5-4de0-9e90-e6c53f3255a0"
        ],
        "X-Content-Type-Options": [
          "nosniff"
        ],
        "Date": [
          "Tue, 11 Sep 2018 01:24:35 GMT"
        ]
      },
      "StatusCode": 200
    },
    {
      "RequestUri": "/subscriptions/3dc13b6d-6896-40ac-98f7-f18cbce2a405/resourceGroups/ps8175/providers/Microsoft.Network/loadBalancers/ps4128?api-version=2018-08-01",
      "EncodedRequestUri": "L3N1YnNjcmlwdGlvbnMvM2RjMTNiNmQtNjg5Ni00MGFjLTk4ZjctZjE4Y2JjZTJhNDA1L3Jlc291cmNlR3JvdXBzL3BzODE3NS9wcm92aWRlcnMvTWljcm9zb2Z0Lk5ldHdvcmsvbG9hZEJhbGFuY2Vycy9wczQxMjg/YXBpLXZlcnNpb249MjAxOC0wOC0wMQ==",
      "RequestMethod": "GET",
      "RequestBody": "",
      "RequestHeaders": {
        "x-ms-client-request-id": [
          "61c4f462-799b-4d97-bec6-df71c0d1860f"
        ],
        "accept-language": [
          "en-US"
        ],
        "User-Agent": [
          "FxVersion/4.7.3132.0",
          "OSName/Windows10Enterprise",
          "OSVersion/6.3.17134",
          "Microsoft.Azure.Management.Network.NetworkManagementClient/20.0.0.0"
        ]
      },
      "ResponseBody": "{\r\n  \"name\": \"ps4128\",\r\n  \"id\": \"/subscriptions/3dc13b6d-6896-40ac-98f7-f18cbce2a405/resourceGroups/ps8175/providers/Microsoft.Network/loadBalancers/ps4128\",\r\n  \"etag\": \"W/\\\"6b31e338-5480-43b7-9eea-7e63f3002bbb\\\"\",\r\n  \"type\": \"Microsoft.Network/loadBalancers\",\r\n  \"location\": \"centralus\",\r\n  \"properties\": {\r\n    \"provisioningState\": \"Succeeded\",\r\n    \"resourceGuid\": \"2ad25e58-4c20-4743-bc8c-39bb28f4ddd8\",\r\n    \"frontendIPConfigurations\": [\r\n      {\r\n        \"name\": \"ps9038\",\r\n        \"id\": \"/subscriptions/3dc13b6d-6896-40ac-98f7-f18cbce2a405/resourceGroups/ps8175/providers/Microsoft.Network/loadBalancers/ps4128/frontendIPConfigurations/ps9038\",\r\n        \"etag\": \"W/\\\"6b31e338-5480-43b7-9eea-7e63f3002bbb\\\"\",\r\n        \"type\": \"Microsoft.Network/loadBalancers/frontendIPConfigurations\",\r\n        \"properties\": {\r\n          \"provisioningState\": \"Succeeded\",\r\n          \"privateIPAddress\": \"10.0.1.4\",\r\n          \"privateIPAllocationMethod\": \"Dynamic\",\r\n          \"subnet\": {\r\n            \"id\": \"/subscriptions/3dc13b6d-6896-40ac-98f7-f18cbce2a405/resourceGroups/ps8175/providers/Microsoft.Network/virtualNetworks/ps6490/subnets/ps5388\"\r\n          }\r\n        },\r\n        \"zones\": [\r\n          \"1\"\r\n        ]\r\n      }\r\n    ],\r\n    \"backendAddressPools\": [],\r\n    \"loadBalancingRules\": [],\r\n    \"probes\": [],\r\n    \"inboundNatRules\": [],\r\n    \"outboundRules\": [],\r\n    \"inboundNatPools\": []\r\n  },\r\n  \"sku\": {\r\n    \"name\": \"Basic\",\r\n    \"tier\": \"Regional\"\r\n  }\r\n}",
      "ResponseHeaders": {
        "Content-Length": [
          "1462"
        ],
        "Content-Type": [
          "application/json; charset=utf-8"
        ],
        "Expires": [
          "-1"
        ],
        "Pragma": [
          "no-cache"
        ],
        "x-ms-request-id": [
          "a678eb3b-6fba-419e-89c5-b87fa817cefe"
        ],
        "x-ms-correlation-request-id": [
          "41dc7532-c27f-4e02-ab23-6b5dd861c9cc"
        ],
        "Strict-Transport-Security": [
          "max-age=31536000; includeSubDomains"
        ],
        "Cache-Control": [
          "no-cache"
        ],
        "ETag": [
          "W/\"6b31e338-5480-43b7-9eea-7e63f3002bbb\""
        ],
        "Server": [
          "Microsoft-HTTPAPI/2.0",
          "Microsoft-HTTPAPI/2.0"
        ],
        "x-ms-ratelimit-remaining-subscription-reads": [
          "11992"
        ],
        "x-ms-routing-request-id": [
          "WESTUS2:20180911T012435Z:41dc7532-c27f-4e02-ab23-6b5dd861c9cc"
        ],
        "X-Content-Type-Options": [
          "nosniff"
        ],
        "Date": [
          "Tue, 11 Sep 2018 01:24:35 GMT"
        ]
      },
      "StatusCode": 200
    },
    {
      "RequestUri": "/subscriptions/3dc13b6d-6896-40ac-98f7-f18cbce2a405/resourceGroups/ps8175/providers/Microsoft.Network/loadBalancers/ps4128?api-version=2018-08-01",
      "EncodedRequestUri": "L3N1YnNjcmlwdGlvbnMvM2RjMTNiNmQtNjg5Ni00MGFjLTk4ZjctZjE4Y2JjZTJhNDA1L3Jlc291cmNlR3JvdXBzL3BzODE3NS9wcm92aWRlcnMvTWljcm9zb2Z0Lk5ldHdvcmsvbG9hZEJhbGFuY2Vycy9wczQxMjg/YXBpLXZlcnNpb249MjAxOC0wOC0wMQ==",
      "RequestMethod": "GET",
      "RequestBody": "",
      "RequestHeaders": {
        "x-ms-client-request-id": [
          "2e00937f-c148-4502-811e-4aa3852ff87b"
        ],
        "accept-language": [
          "en-US"
        ],
        "User-Agent": [
          "FxVersion/4.7.3132.0",
          "OSName/Windows10Enterprise",
          "OSVersion/6.3.17134",
          "Microsoft.Azure.Management.Network.NetworkManagementClient/20.0.0.0"
        ]
      },
      "ResponseBody": "{\r\n  \"name\": \"ps4128\",\r\n  \"id\": \"/subscriptions/3dc13b6d-6896-40ac-98f7-f18cbce2a405/resourceGroups/ps8175/providers/Microsoft.Network/loadBalancers/ps4128\",\r\n  \"etag\": \"W/\\\"6b31e338-5480-43b7-9eea-7e63f3002bbb\\\"\",\r\n  \"type\": \"Microsoft.Network/loadBalancers\",\r\n  \"location\": \"centralus\",\r\n  \"properties\": {\r\n    \"provisioningState\": \"Succeeded\",\r\n    \"resourceGuid\": \"2ad25e58-4c20-4743-bc8c-39bb28f4ddd8\",\r\n    \"frontendIPConfigurations\": [\r\n      {\r\n        \"name\": \"ps9038\",\r\n        \"id\": \"/subscriptions/3dc13b6d-6896-40ac-98f7-f18cbce2a405/resourceGroups/ps8175/providers/Microsoft.Network/loadBalancers/ps4128/frontendIPConfigurations/ps9038\",\r\n        \"etag\": \"W/\\\"6b31e338-5480-43b7-9eea-7e63f3002bbb\\\"\",\r\n        \"type\": \"Microsoft.Network/loadBalancers/frontendIPConfigurations\",\r\n        \"properties\": {\r\n          \"provisioningState\": \"Succeeded\",\r\n          \"privateIPAddress\": \"10.0.1.4\",\r\n          \"privateIPAllocationMethod\": \"Dynamic\",\r\n          \"subnet\": {\r\n            \"id\": \"/subscriptions/3dc13b6d-6896-40ac-98f7-f18cbce2a405/resourceGroups/ps8175/providers/Microsoft.Network/virtualNetworks/ps6490/subnets/ps5388\"\r\n          }\r\n        },\r\n        \"zones\": [\r\n          \"1\"\r\n        ]\r\n      }\r\n    ],\r\n    \"backendAddressPools\": [],\r\n    \"loadBalancingRules\": [],\r\n    \"probes\": [],\r\n    \"inboundNatRules\": [],\r\n    \"outboundRules\": [],\r\n    \"inboundNatPools\": []\r\n  },\r\n  \"sku\": {\r\n    \"name\": \"Basic\",\r\n    \"tier\": \"Regional\"\r\n  }\r\n}",
      "ResponseHeaders": {
        "Content-Length": [
          "1462"
        ],
        "Content-Type": [
          "application/json; charset=utf-8"
        ],
        "Expires": [
          "-1"
        ],
        "Pragma": [
          "no-cache"
        ],
        "x-ms-request-id": [
          "e8e987a9-0043-4cc5-9c85-f6ab0b66d40d"
        ],
        "x-ms-correlation-request-id": [
          "6738c562-f06e-4ea8-91d0-564e4a8d1809"
        ],
        "Strict-Transport-Security": [
          "max-age=31536000; includeSubDomains"
        ],
        "Cache-Control": [
          "no-cache"
        ],
        "ETag": [
          "W/\"6b31e338-5480-43b7-9eea-7e63f3002bbb\""
        ],
        "Server": [
          "Microsoft-HTTPAPI/2.0",
          "Microsoft-HTTPAPI/2.0"
        ],
        "x-ms-ratelimit-remaining-subscription-reads": [
          "11991"
        ],
        "x-ms-routing-request-id": [
          "WESTUS2:20180911T012435Z:6738c562-f06e-4ea8-91d0-564e4a8d1809"
        ],
        "X-Content-Type-Options": [
          "nosniff"
        ],
        "Date": [
          "Tue, 11 Sep 2018 01:24:35 GMT"
        ]
      },
      "StatusCode": 200
    },
    {
      "RequestUri": "/subscriptions/3dc13b6d-6896-40ac-98f7-f18cbce2a405/resourceGroups/ps8175/providers/Microsoft.Network/loadBalancers/ps4128?api-version=2018-08-01",
      "EncodedRequestUri": "L3N1YnNjcmlwdGlvbnMvM2RjMTNiNmQtNjg5Ni00MGFjLTk4ZjctZjE4Y2JjZTJhNDA1L3Jlc291cmNlR3JvdXBzL3BzODE3NS9wcm92aWRlcnMvTWljcm9zb2Z0Lk5ldHdvcmsvbG9hZEJhbGFuY2Vycy9wczQxMjg/YXBpLXZlcnNpb249MjAxOC0wOC0wMQ==",
      "RequestMethod": "PUT",
      "RequestBody": "{\r\n  \"properties\": {\r\n    \"frontendIPConfigurations\": [\r\n      {\r\n        \"properties\": {\r\n          \"privateIPAllocationMethod\": \"Dynamic\",\r\n          \"subnet\": {\r\n            \"properties\": {\r\n              \"addressPrefixes\": [],\r\n              \"serviceEndpoints\": [],\r\n              \"serviceEndpointPolicies\": [],\r\n              \"interfaceEndpoints\": [],\r\n              \"resourceNavigationLinks\": [],\r\n              \"delegations\": []\r\n            },\r\n            \"id\": \"/subscriptions/3dc13b6d-6896-40ac-98f7-f18cbce2a405/resourceGroups/ps8175/providers/Microsoft.Network/virtualNetworks/ps6490/subnets/ps5388\"\r\n          }\r\n        },\r\n        \"name\": \"ps9038\",\r\n        \"zones\": [\r\n          \"1\"\r\n        ],\r\n        \"id\": \"/subscriptions/3dc13b6d-6896-40ac-98f7-f18cbce2a405/resourceGroups/ps8175/providers/Microsoft.Network/loadBalancers/ps4128/frontendIPConfigurations/ps9038\"\r\n      }\r\n    ],\r\n    \"backendAddressPools\": [],\r\n    \"loadBalancingRules\": [],\r\n    \"probes\": [],\r\n    \"inboundNatRules\": [],\r\n    \"inboundNatPools\": [],\r\n    \"outboundRules\": []\r\n  },\r\n  \"location\": \"centralus\"\r\n}",
      "RequestHeaders": {
        "Content-Type": [
          "application/json; charset=utf-8"
        ],
        "Content-Length": [
          "1099"
        ],
        "x-ms-client-request-id": [
          "079b67fe-3f54-4a20-875e-0b0b23fef175"
        ],
        "accept-language": [
          "en-US"
        ],
        "User-Agent": [
          "FxVersion/4.7.3132.0",
          "OSName/Windows10Enterprise",
          "OSVersion/6.3.17134",
          "Microsoft.Azure.Management.Network.NetworkManagementClient/20.0.0.0"
        ]
      },
      "ResponseBody": "{\r\n  \"name\": \"ps4128\",\r\n  \"id\": \"/subscriptions/3dc13b6d-6896-40ac-98f7-f18cbce2a405/resourceGroups/ps8175/providers/Microsoft.Network/loadBalancers/ps4128\",\r\n  \"etag\": \"W/\\\"6b31e338-5480-43b7-9eea-7e63f3002bbb\\\"\",\r\n  \"type\": \"Microsoft.Network/loadBalancers\",\r\n  \"location\": \"centralus\",\r\n  \"properties\": {\r\n    \"provisioningState\": \"Succeeded\",\r\n    \"resourceGuid\": \"2ad25e58-4c20-4743-bc8c-39bb28f4ddd8\",\r\n    \"frontendIPConfigurations\": [\r\n      {\r\n        \"name\": \"ps9038\",\r\n        \"id\": \"/subscriptions/3dc13b6d-6896-40ac-98f7-f18cbce2a405/resourceGroups/ps8175/providers/Microsoft.Network/loadBalancers/ps4128/frontendIPConfigurations/ps9038\",\r\n        \"etag\": \"W/\\\"6b31e338-5480-43b7-9eea-7e63f3002bbb\\\"\",\r\n        \"type\": \"Microsoft.Network/loadBalancers/frontendIPConfigurations\",\r\n        \"properties\": {\r\n          \"provisioningState\": \"Succeeded\",\r\n          \"privateIPAddress\": \"10.0.1.4\",\r\n          \"privateIPAllocationMethod\": \"Dynamic\",\r\n          \"subnet\": {\r\n            \"id\": \"/subscriptions/3dc13b6d-6896-40ac-98f7-f18cbce2a405/resourceGroups/ps8175/providers/Microsoft.Network/virtualNetworks/ps6490/subnets/ps5388\"\r\n          }\r\n        },\r\n        \"zones\": [\r\n          \"1\"\r\n        ]\r\n      }\r\n    ],\r\n    \"backendAddressPools\": [],\r\n    \"loadBalancingRules\": [],\r\n    \"probes\": [],\r\n    \"inboundNatRules\": [],\r\n    \"outboundRules\": [],\r\n    \"inboundNatPools\": []\r\n  },\r\n  \"sku\": {\r\n    \"name\": \"Basic\",\r\n    \"tier\": \"Regional\"\r\n  }\r\n}",
      "ResponseHeaders": {
        "Content-Length": [
          "1462"
        ],
        "Content-Type": [
          "application/json; charset=utf-8"
        ],
        "Expires": [
          "-1"
        ],
        "Pragma": [
          "no-cache"
        ],
        "x-ms-request-id": [
          "9f341bff-38e8-4239-8731-90c5aa2bd14a"
        ],
        "Azure-AsyncOperation": [
          "https://management.azure.com/subscriptions/3dc13b6d-6896-40ac-98f7-f18cbce2a405/providers/Microsoft.Network/locations/centralus/operations/9f341bff-38e8-4239-8731-90c5aa2bd14a?api-version=2018-08-01"
        ],
        "x-ms-correlation-request-id": [
          "e3379182-14ec-4e69-ae9c-79769de6e8fc"
        ],
        "Strict-Transport-Security": [
          "max-age=31536000; includeSubDomains"
        ],
        "Cache-Control": [
          "no-cache"
        ],
        "Server": [
          "Microsoft-HTTPAPI/2.0",
          "Microsoft-HTTPAPI/2.0"
        ],
        "x-ms-ratelimit-remaining-subscription-writes": [
          "1198"
        ],
        "x-ms-routing-request-id": [
          "WESTUS2:20180911T012435Z:e3379182-14ec-4e69-ae9c-79769de6e8fc"
        ],
        "X-Content-Type-Options": [
          "nosniff"
        ],
        "Date": [
          "Tue, 11 Sep 2018 01:24:35 GMT"
        ]
      },
      "StatusCode": 201
    },
    {
      "RequestUri": "/subscriptions/3dc13b6d-6896-40ac-98f7-f18cbce2a405/resourcegroups/ps8175?api-version=2016-09-01",
      "EncodedRequestUri": "L3N1YnNjcmlwdGlvbnMvM2RjMTNiNmQtNjg5Ni00MGFjLTk4ZjctZjE4Y2JjZTJhNDA1L3Jlc291cmNlZ3JvdXBzL3BzODE3NT9hcGktdmVyc2lvbj0yMDE2LTA5LTAx",
      "RequestMethod": "DELETE",
      "RequestBody": "",
      "RequestHeaders": {
        "x-ms-client-request-id": [
          "e75f8084-9d41-4574-b258-0ab6bfec50b0"
        ],
        "accept-language": [
          "en-US"
        ],
        "User-Agent": [
          "FxVersion/4.7.3132.0",
          "OSName/Windows10Enterprise",
          "OSVersion/6.3.17134",
          "Microsoft.Azure.Management.Internal.Resources.ResourceManagementClient/4.1.0"
        ]
      },
      "ResponseBody": "",
      "ResponseHeaders": {
        "Content-Length": [
          "0"
        ],
        "Expires": [
          "-1"
        ],
        "Pragma": [
          "no-cache"
        ],
        "Retry-After": [
          "15"
        ],
        "x-ms-ratelimit-remaining-subscription-deletes": [
          "14998"
        ],
        "x-ms-request-id": [
          "a9ce758c-4093-4397-a3ab-0fc08fb76a06"
        ],
        "x-ms-correlation-request-id": [
          "a9ce758c-4093-4397-a3ab-0fc08fb76a06"
        ],
        "x-ms-routing-request-id": [
          "WESTUS2:20180911T012436Z:a9ce758c-4093-4397-a3ab-0fc08fb76a06"
        ],
        "Strict-Transport-Security": [
          "max-age=31536000; includeSubDomains"
        ],
        "X-Content-Type-Options": [
          "nosniff"
        ],
        "Cache-Control": [
          "no-cache"
        ],
        "Date": [
          "Tue, 11 Sep 2018 01:24:35 GMT"
        ],
        "Location": [
          "https://management.azure.com/subscriptions/3dc13b6d-6896-40ac-98f7-f18cbce2a405/operationresults/eyJqb2JJZCI6IlJFU09VUkNFR1JPVVBERUxFVElPTkpPQi1QUzgxNzUtV0VTVENFTlRSQUxVUyIsImpvYkxvY2F0aW9uIjoid2VzdGNlbnRyYWx1cyJ9?api-version=2016-09-01"
        ]
      },
      "StatusCode": 202
    },
    {
      "RequestUri": "/subscriptions/3dc13b6d-6896-40ac-98f7-f18cbce2a405/operationresults/eyJqb2JJZCI6IlJFU09VUkNFR1JPVVBERUxFVElPTkpPQi1QUzgxNzUtV0VTVENFTlRSQUxVUyIsImpvYkxvY2F0aW9uIjoid2VzdGNlbnRyYWx1cyJ9?api-version=2016-09-01",
      "EncodedRequestUri": "L3N1YnNjcmlwdGlvbnMvM2RjMTNiNmQtNjg5Ni00MGFjLTk4ZjctZjE4Y2JjZTJhNDA1L29wZXJhdGlvbnJlc3VsdHMvZXlKcWIySkpaQ0k2SWxKRlUwOVZVa05GUjFKUFZWQkVSVXhGVkVsUFRrcFBRaTFRVXpneE56VXRWMFZUVkVORlRsUlNRVXhWVXlJc0ltcHZZa3h2WTJGMGFXOXVJam9pZDJWemRHTmxiblJ5WVd4MWN5Sjk/YXBpLXZlcnNpb249MjAxNi0wOS0wMQ==",
      "RequestMethod": "GET",
      "RequestBody": "",
      "RequestHeaders": {
        "User-Agent": [
          "FxVersion/4.7.3132.0",
          "OSName/Windows10Enterprise",
          "OSVersion/6.3.17134",
          "Microsoft.Azure.Management.Internal.Resources.ResourceManagementClient/4.1.0"
        ]
      },
      "ResponseBody": "",
      "ResponseHeaders": {
        "Content-Length": [
          "0"
        ],
        "Expires": [
          "-1"
        ],
        "Pragma": [
          "no-cache"
        ],
        "Retry-After": [
          "15"
        ],
        "x-ms-ratelimit-remaining-subscription-reads": [
          "11986"
        ],
        "x-ms-request-id": [
          "c4f34df7-066b-4729-ab5a-4f8a7867e8f0"
        ],
        "x-ms-correlation-request-id": [
          "c4f34df7-066b-4729-ab5a-4f8a7867e8f0"
        ],
        "x-ms-routing-request-id": [
          "WESTUS2:20180911T012451Z:c4f34df7-066b-4729-ab5a-4f8a7867e8f0"
        ],
        "Strict-Transport-Security": [
          "max-age=31536000; includeSubDomains"
        ],
        "X-Content-Type-Options": [
          "nosniff"
        ],
        "Cache-Control": [
          "no-cache"
        ],
        "Date": [
          "Tue, 11 Sep 2018 01:24:50 GMT"
        ],
        "Location": [
          "https://management.azure.com/subscriptions/3dc13b6d-6896-40ac-98f7-f18cbce2a405/operationresults/eyJqb2JJZCI6IlJFU09VUkNFR1JPVVBERUxFVElPTkpPQi1QUzgxNzUtV0VTVENFTlRSQUxVUyIsImpvYkxvY2F0aW9uIjoid2VzdGNlbnRyYWx1cyJ9?api-version=2016-09-01"
        ]
      },
      "StatusCode": 202
    },
    {
      "RequestUri": "/subscriptions/3dc13b6d-6896-40ac-98f7-f18cbce2a405/operationresults/eyJqb2JJZCI6IlJFU09VUkNFR1JPVVBERUxFVElPTkpPQi1QUzgxNzUtV0VTVENFTlRSQUxVUyIsImpvYkxvY2F0aW9uIjoid2VzdGNlbnRyYWx1cyJ9?api-version=2016-09-01",
      "EncodedRequestUri": "L3N1YnNjcmlwdGlvbnMvM2RjMTNiNmQtNjg5Ni00MGFjLTk4ZjctZjE4Y2JjZTJhNDA1L29wZXJhdGlvbnJlc3VsdHMvZXlKcWIySkpaQ0k2SWxKRlUwOVZVa05GUjFKUFZWQkVSVXhGVkVsUFRrcFBRaTFRVXpneE56VXRWMFZUVkVORlRsUlNRVXhWVXlJc0ltcHZZa3h2WTJGMGFXOXVJam9pZDJWemRHTmxiblJ5WVd4MWN5Sjk/YXBpLXZlcnNpb249MjAxNi0wOS0wMQ==",
      "RequestMethod": "GET",
      "RequestBody": "",
      "RequestHeaders": {
        "User-Agent": [
          "FxVersion/4.7.3132.0",
          "OSName/Windows10Enterprise",
          "OSVersion/6.3.17134",
          "Microsoft.Azure.Management.Internal.Resources.ResourceManagementClient/4.1.0"
        ]
      },
      "ResponseBody": "",
      "ResponseHeaders": {
        "Content-Length": [
          "0"
        ],
        "Expires": [
          "-1"
        ],
        "Pragma": [
          "no-cache"
        ],
        "Retry-After": [
          "15"
        ],
        "x-ms-ratelimit-remaining-subscription-reads": [
          "11985"
        ],
        "x-ms-request-id": [
          "963de7db-a6b8-4367-adde-1cd8b1f005ad"
        ],
        "x-ms-correlation-request-id": [
          "963de7db-a6b8-4367-adde-1cd8b1f005ad"
        ],
        "x-ms-routing-request-id": [
          "WESTUS2:20180911T012506Z:963de7db-a6b8-4367-adde-1cd8b1f005ad"
        ],
        "Strict-Transport-Security": [
          "max-age=31536000; includeSubDomains"
        ],
        "X-Content-Type-Options": [
          "nosniff"
        ],
        "Cache-Control": [
          "no-cache"
        ],
        "Date": [
          "Tue, 11 Sep 2018 01:25:05 GMT"
        ],
        "Location": [
          "https://management.azure.com/subscriptions/3dc13b6d-6896-40ac-98f7-f18cbce2a405/operationresults/eyJqb2JJZCI6IlJFU09VUkNFR1JPVVBERUxFVElPTkpPQi1QUzgxNzUtV0VTVENFTlRSQUxVUyIsImpvYkxvY2F0aW9uIjoid2VzdGNlbnRyYWx1cyJ9?api-version=2016-09-01"
        ]
      },
      "StatusCode": 202
    },
    {
      "RequestUri": "/subscriptions/3dc13b6d-6896-40ac-98f7-f18cbce2a405/operationresults/eyJqb2JJZCI6IlJFU09VUkNFR1JPVVBERUxFVElPTkpPQi1QUzgxNzUtV0VTVENFTlRSQUxVUyIsImpvYkxvY2F0aW9uIjoid2VzdGNlbnRyYWx1cyJ9?api-version=2016-09-01",
      "EncodedRequestUri": "L3N1YnNjcmlwdGlvbnMvM2RjMTNiNmQtNjg5Ni00MGFjLTk4ZjctZjE4Y2JjZTJhNDA1L29wZXJhdGlvbnJlc3VsdHMvZXlKcWIySkpaQ0k2SWxKRlUwOVZVa05GUjFKUFZWQkVSVXhGVkVsUFRrcFBRaTFRVXpneE56VXRWMFZUVkVORlRsUlNRVXhWVXlJc0ltcHZZa3h2WTJGMGFXOXVJam9pZDJWemRHTmxiblJ5WVd4MWN5Sjk/YXBpLXZlcnNpb249MjAxNi0wOS0wMQ==",
      "RequestMethod": "GET",
      "RequestBody": "",
      "RequestHeaders": {
        "User-Agent": [
          "FxVersion/4.7.3132.0",
          "OSName/Windows10Enterprise",
          "OSVersion/6.3.17134",
          "Microsoft.Azure.Management.Internal.Resources.ResourceManagementClient/4.1.0"
        ]
      },
      "ResponseBody": "",
      "ResponseHeaders": {
        "Content-Length": [
          "0"
        ],
        "Expires": [
          "-1"
        ],
        "Pragma": [
          "no-cache"
        ],
        "Retry-After": [
          "15"
        ],
        "x-ms-ratelimit-remaining-subscription-reads": [
          "11984"
        ],
        "x-ms-request-id": [
          "e8d9996a-06ca-4405-9c94-bbdcc44a6d31"
        ],
        "x-ms-correlation-request-id": [
          "e8d9996a-06ca-4405-9c94-bbdcc44a6d31"
        ],
        "x-ms-routing-request-id": [
          "WESTUS2:20180911T012521Z:e8d9996a-06ca-4405-9c94-bbdcc44a6d31"
        ],
        "Strict-Transport-Security": [
          "max-age=31536000; includeSubDomains"
        ],
        "X-Content-Type-Options": [
          "nosniff"
        ],
        "Cache-Control": [
          "no-cache"
        ],
        "Date": [
          "Tue, 11 Sep 2018 01:25:21 GMT"
        ],
        "Location": [
          "https://management.azure.com/subscriptions/3dc13b6d-6896-40ac-98f7-f18cbce2a405/operationresults/eyJqb2JJZCI6IlJFU09VUkNFR1JPVVBERUxFVElPTkpPQi1QUzgxNzUtV0VTVENFTlRSQUxVUyIsImpvYkxvY2F0aW9uIjoid2VzdGNlbnRyYWx1cyJ9?api-version=2016-09-01"
        ]
      },
      "StatusCode": 202
    },
    {
      "RequestUri": "/subscriptions/3dc13b6d-6896-40ac-98f7-f18cbce2a405/operationresults/eyJqb2JJZCI6IlJFU09VUkNFR1JPVVBERUxFVElPTkpPQi1QUzgxNzUtV0VTVENFTlRSQUxVUyIsImpvYkxvY2F0aW9uIjoid2VzdGNlbnRyYWx1cyJ9?api-version=2016-09-01",
      "EncodedRequestUri": "L3N1YnNjcmlwdGlvbnMvM2RjMTNiNmQtNjg5Ni00MGFjLTk4ZjctZjE4Y2JjZTJhNDA1L29wZXJhdGlvbnJlc3VsdHMvZXlKcWIySkpaQ0k2SWxKRlUwOVZVa05GUjFKUFZWQkVSVXhGVkVsUFRrcFBRaTFRVXpneE56VXRWMFZUVkVORlRsUlNRVXhWVXlJc0ltcHZZa3h2WTJGMGFXOXVJam9pZDJWemRHTmxiblJ5WVd4MWN5Sjk/YXBpLXZlcnNpb249MjAxNi0wOS0wMQ==",
      "RequestMethod": "GET",
      "RequestBody": "",
      "RequestHeaders": {
        "User-Agent": [
          "FxVersion/4.7.3132.0",
          "OSName/Windows10Enterprise",
          "OSVersion/6.3.17134",
          "Microsoft.Azure.Management.Internal.Resources.ResourceManagementClient/4.1.0"
        ]
      },
      "ResponseBody": "",
      "ResponseHeaders": {
        "Content-Length": [
          "0"
        ],
        "Expires": [
          "-1"
        ],
        "Pragma": [
          "no-cache"
        ],
        "Retry-After": [
          "15"
        ],
        "x-ms-ratelimit-remaining-subscription-reads": [
          "11983"
        ],
        "x-ms-request-id": [
          "1eb91df0-5dd9-4bd7-a6c4-6be303e81ca3"
        ],
        "x-ms-correlation-request-id": [
          "1eb91df0-5dd9-4bd7-a6c4-6be303e81ca3"
        ],
        "x-ms-routing-request-id": [
          "WESTUS2:20180911T012536Z:1eb91df0-5dd9-4bd7-a6c4-6be303e81ca3"
        ],
        "Strict-Transport-Security": [
          "max-age=31536000; includeSubDomains"
        ],
        "X-Content-Type-Options": [
          "nosniff"
        ],
        "Cache-Control": [
          "no-cache"
        ],
        "Date": [
          "Tue, 11 Sep 2018 01:25:36 GMT"
        ],
        "Location": [
          "https://management.azure.com/subscriptions/3dc13b6d-6896-40ac-98f7-f18cbce2a405/operationresults/eyJqb2JJZCI6IlJFU09VUkNFR1JPVVBERUxFVElPTkpPQi1QUzgxNzUtV0VTVENFTlRSQUxVUyIsImpvYkxvY2F0aW9uIjoid2VzdGNlbnRyYWx1cyJ9?api-version=2016-09-01"
        ]
      },
      "StatusCode": 202
    },
    {
      "RequestUri": "/subscriptions/3dc13b6d-6896-40ac-98f7-f18cbce2a405/operationresults/eyJqb2JJZCI6IlJFU09VUkNFR1JPVVBERUxFVElPTkpPQi1QUzgxNzUtV0VTVENFTlRSQUxVUyIsImpvYkxvY2F0aW9uIjoid2VzdGNlbnRyYWx1cyJ9?api-version=2016-09-01",
      "EncodedRequestUri": "L3N1YnNjcmlwdGlvbnMvM2RjMTNiNmQtNjg5Ni00MGFjLTk4ZjctZjE4Y2JjZTJhNDA1L29wZXJhdGlvbnJlc3VsdHMvZXlKcWIySkpaQ0k2SWxKRlUwOVZVa05GUjFKUFZWQkVSVXhGVkVsUFRrcFBRaTFRVXpneE56VXRWMFZUVkVORlRsUlNRVXhWVXlJc0ltcHZZa3h2WTJGMGFXOXVJam9pZDJWemRHTmxiblJ5WVd4MWN5Sjk/YXBpLXZlcnNpb249MjAxNi0wOS0wMQ==",
      "RequestMethod": "GET",
      "RequestBody": "",
      "RequestHeaders": {
        "User-Agent": [
          "FxVersion/4.7.3132.0",
          "OSName/Windows10Enterprise",
          "OSVersion/6.3.17134",
          "Microsoft.Azure.Management.Internal.Resources.ResourceManagementClient/4.1.0"
        ]
      },
      "ResponseBody": "",
      "ResponseHeaders": {
        "Content-Length": [
          "0"
        ],
        "Expires": [
          "-1"
        ],
        "Pragma": [
          "no-cache"
        ],
        "Retry-After": [
          "15"
        ],
        "x-ms-ratelimit-remaining-subscription-reads": [
          "11982"
        ],
        "x-ms-request-id": [
          "cd5b1261-42de-4287-bf48-79f8a6e07ed5"
        ],
        "x-ms-correlation-request-id": [
          "cd5b1261-42de-4287-bf48-79f8a6e07ed5"
        ],
        "x-ms-routing-request-id": [
          "WESTUS2:20180911T012551Z:cd5b1261-42de-4287-bf48-79f8a6e07ed5"
        ],
        "Strict-Transport-Security": [
          "max-age=31536000; includeSubDomains"
        ],
        "X-Content-Type-Options": [
          "nosniff"
        ],
        "Cache-Control": [
          "no-cache"
        ],
        "Date": [
          "Tue, 11 Sep 2018 01:25:51 GMT"
        ],
        "Location": [
          "https://management.azure.com/subscriptions/3dc13b6d-6896-40ac-98f7-f18cbce2a405/operationresults/eyJqb2JJZCI6IlJFU09VUkNFR1JPVVBERUxFVElPTkpPQi1QUzgxNzUtV0VTVENFTlRSQUxVUyIsImpvYkxvY2F0aW9uIjoid2VzdGNlbnRyYWx1cyJ9?api-version=2016-09-01"
        ]
      },
      "StatusCode": 202
    },
    {
      "RequestUri": "/subscriptions/3dc13b6d-6896-40ac-98f7-f18cbce2a405/operationresults/eyJqb2JJZCI6IlJFU09VUkNFR1JPVVBERUxFVElPTkpPQi1QUzgxNzUtV0VTVENFTlRSQUxVUyIsImpvYkxvY2F0aW9uIjoid2VzdGNlbnRyYWx1cyJ9?api-version=2016-09-01",
      "EncodedRequestUri": "L3N1YnNjcmlwdGlvbnMvM2RjMTNiNmQtNjg5Ni00MGFjLTk4ZjctZjE4Y2JjZTJhNDA1L29wZXJhdGlvbnJlc3VsdHMvZXlKcWIySkpaQ0k2SWxKRlUwOVZVa05GUjFKUFZWQkVSVXhGVkVsUFRrcFBRaTFRVXpneE56VXRWMFZUVkVORlRsUlNRVXhWVXlJc0ltcHZZa3h2WTJGMGFXOXVJam9pZDJWemRHTmxiblJ5WVd4MWN5Sjk/YXBpLXZlcnNpb249MjAxNi0wOS0wMQ==",
      "RequestMethod": "GET",
      "RequestBody": "",
      "RequestHeaders": {
        "User-Agent": [
          "FxVersion/4.7.3132.0",
          "OSName/Windows10Enterprise",
          "OSVersion/6.3.17134",
          "Microsoft.Azure.Management.Internal.Resources.ResourceManagementClient/4.1.0"
        ]
      },
      "ResponseBody": "",
      "ResponseHeaders": {
        "Content-Length": [
          "0"
        ],
        "Expires": [
          "-1"
        ],
        "Pragma": [
          "no-cache"
        ],
        "Retry-After": [
          "15"
        ],
        "x-ms-ratelimit-remaining-subscription-reads": [
          "11981"
        ],
        "x-ms-request-id": [
          "1c096bf4-5f4d-4dcb-b189-b837b55b6730"
        ],
        "x-ms-correlation-request-id": [
          "1c096bf4-5f4d-4dcb-b189-b837b55b6730"
        ],
        "x-ms-routing-request-id": [
          "WESTUS2:20180911T012606Z:1c096bf4-5f4d-4dcb-b189-b837b55b6730"
        ],
        "Strict-Transport-Security": [
          "max-age=31536000; includeSubDomains"
        ],
        "X-Content-Type-Options": [
          "nosniff"
        ],
        "Cache-Control": [
          "no-cache"
        ],
        "Date": [
          "Tue, 11 Sep 2018 01:26:06 GMT"
        ],
        "Location": [
          "https://management.azure.com/subscriptions/3dc13b6d-6896-40ac-98f7-f18cbce2a405/operationresults/eyJqb2JJZCI6IlJFU09VUkNFR1JPVVBERUxFVElPTkpPQi1QUzgxNzUtV0VTVENFTlRSQUxVUyIsImpvYkxvY2F0aW9uIjoid2VzdGNlbnRyYWx1cyJ9?api-version=2016-09-01"
        ]
      },
      "StatusCode": 202
    },
    {
      "RequestUri": "/subscriptions/3dc13b6d-6896-40ac-98f7-f18cbce2a405/operationresults/eyJqb2JJZCI6IlJFU09VUkNFR1JPVVBERUxFVElPTkpPQi1QUzgxNzUtV0VTVENFTlRSQUxVUyIsImpvYkxvY2F0aW9uIjoid2VzdGNlbnRyYWx1cyJ9?api-version=2016-09-01",
      "EncodedRequestUri": "L3N1YnNjcmlwdGlvbnMvM2RjMTNiNmQtNjg5Ni00MGFjLTk4ZjctZjE4Y2JjZTJhNDA1L29wZXJhdGlvbnJlc3VsdHMvZXlKcWIySkpaQ0k2SWxKRlUwOVZVa05GUjFKUFZWQkVSVXhGVkVsUFRrcFBRaTFRVXpneE56VXRWMFZUVkVORlRsUlNRVXhWVXlJc0ltcHZZa3h2WTJGMGFXOXVJam9pZDJWemRHTmxiblJ5WVd4MWN5Sjk/YXBpLXZlcnNpb249MjAxNi0wOS0wMQ==",
      "RequestMethod": "GET",
      "RequestBody": "",
      "RequestHeaders": {
        "User-Agent": [
          "FxVersion/4.7.3132.0",
          "OSName/Windows10Enterprise",
          "OSVersion/6.3.17134",
          "Microsoft.Azure.Management.Internal.Resources.ResourceManagementClient/4.1.0"
        ]
      },
      "ResponseBody": "",
      "ResponseHeaders": {
        "Content-Length": [
          "0"
        ],
        "Expires": [
          "-1"
        ],
        "Pragma": [
          "no-cache"
        ],
        "x-ms-ratelimit-remaining-subscription-reads": [
          "11980"
        ],
        "x-ms-request-id": [
          "513033ef-b3df-450c-abbd-5c9af6fe53bb"
        ],
        "x-ms-correlation-request-id": [
          "513033ef-b3df-450c-abbd-5c9af6fe53bb"
        ],
        "x-ms-routing-request-id": [
          "WESTUS2:20180911T012621Z:513033ef-b3df-450c-abbd-5c9af6fe53bb"
        ],
        "Strict-Transport-Security": [
          "max-age=31536000; includeSubDomains"
        ],
        "X-Content-Type-Options": [
          "nosniff"
        ],
        "Cache-Control": [
          "no-cache"
        ],
        "Date": [
          "Tue, 11 Sep 2018 01:26:20 GMT"
        ]
      },
      "StatusCode": 200
    },
    {
      "RequestUri": "/subscriptions/3dc13b6d-6896-40ac-98f7-f18cbce2a405/operationresults/eyJqb2JJZCI6IlJFU09VUkNFR1JPVVBERUxFVElPTkpPQi1QUzgxNzUtV0VTVENFTlRSQUxVUyIsImpvYkxvY2F0aW9uIjoid2VzdGNlbnRyYWx1cyJ9?api-version=2016-09-01",
      "EncodedRequestUri": "L3N1YnNjcmlwdGlvbnMvM2RjMTNiNmQtNjg5Ni00MGFjLTk4ZjctZjE4Y2JjZTJhNDA1L29wZXJhdGlvbnJlc3VsdHMvZXlKcWIySkpaQ0k2SWxKRlUwOVZVa05GUjFKUFZWQkVSVXhGVkVsUFRrcFBRaTFRVXpneE56VXRWMFZUVkVORlRsUlNRVXhWVXlJc0ltcHZZa3h2WTJGMGFXOXVJam9pZDJWemRHTmxiblJ5WVd4MWN5Sjk/YXBpLXZlcnNpb249MjAxNi0wOS0wMQ==",
      "RequestMethod": "GET",
      "RequestBody": "",
      "RequestHeaders": {
        "User-Agent": [
          "FxVersion/4.7.3132.0",
          "OSName/Windows10Enterprise",
          "OSVersion/6.3.17134",
          "Microsoft.Azure.Management.Internal.Resources.ResourceManagementClient/4.1.0"
        ]
      },
      "ResponseBody": "",
      "ResponseHeaders": {
        "Content-Length": [
          "0"
        ],
        "Expires": [
          "-1"
        ],
        "Pragma": [
          "no-cache"
        ],
        "x-ms-ratelimit-remaining-subscription-reads": [
          "11979"
        ],
        "x-ms-request-id": [
          "1ad4715e-3694-434f-b4a2-95df1b58d999"
        ],
        "x-ms-correlation-request-id": [
          "1ad4715e-3694-434f-b4a2-95df1b58d999"
        ],
        "x-ms-routing-request-id": [
          "WESTUS2:20180911T012621Z:1ad4715e-3694-434f-b4a2-95df1b58d999"
        ],
        "Strict-Transport-Security": [
          "max-age=31536000; includeSubDomains"
        ],
        "X-Content-Type-Options": [
          "nosniff"
        ],
        "Cache-Control": [
          "no-cache"
        ],
        "Date": [
          "Tue, 11 Sep 2018 01:26:20 GMT"
        ]
      },
      "StatusCode": 200
    }
  ],
  "Names": {
    "Test-LoadBalancerZones": [
      "ps8175",
      "ps4128",
      "ps5388",
      "ps6490",
      "ps9038"
    ]
  },
  "Variables": {
    "SubscriptionId": "3dc13b6d-6896-40ac-98f7-f18cbce2a405"
  }
}