{
  "Entries": [
    {
      "RequestUri": "/subscriptions/3dc13b6d-6896-40ac-98f7-f18cbce2a405/resourcegroups/ps3281?api-version=2016-09-01",
      "EncodedRequestUri": "L3N1YnNjcmlwdGlvbnMvM2RjMTNiNmQtNjg5Ni00MGFjLTk4ZjctZjE4Y2JjZTJhNDA1L3Jlc291cmNlZ3JvdXBzL3BzMzI4MT9hcGktdmVyc2lvbj0yMDE2LTA5LTAx",
      "RequestMethod": "PUT",
      "RequestBody": "{\r\n  \"location\": \"West US\"\r\n}",
      "RequestHeaders": {
        "Content-Type": [
          "application/json; charset=utf-8"
        ],
        "Content-Length": [
          "29"
        ],
        "x-ms-client-request-id": [
          "085530f4-0058-4787-a94c-a36ecfa4f703"
        ],
        "accept-language": [
          "en-US"
        ],
        "User-Agent": [
          "FxVersion/4.7.3132.0",
          "OSName/Windows10Enterprise",
          "OSVersion/6.3.16299",
          "Microsoft.Azure.Management.Internal.Resources.ResourceManagementClient/4.1.0"
        ]
      },
      "ResponseBody": "{\r\n  \"id\": \"/subscriptions/3dc13b6d-6896-40ac-98f7-f18cbce2a405/resourceGroups/ps3281\",\r\n  \"name\": \"ps3281\",\r\n  \"location\": \"westus\",\r\n  \"properties\": {\r\n    \"provisioningState\": \"Succeeded\"\r\n  }\r\n}",
      "ResponseHeaders": {
        "Content-Length": [
          "165"
        ],
        "Content-Type": [
          "application/json; charset=utf-8"
        ],
        "Expires": [
          "-1"
        ],
        "Pragma": [
          "no-cache"
        ],
        "x-ms-ratelimit-remaining-subscription-writes": [
          "1199"
        ],
        "x-ms-request-id": [
          "1af0280b-28e4-4a54-be25-813352081930"
        ],
        "x-ms-correlation-request-id": [
          "1af0280b-28e4-4a54-be25-813352081930"
        ],
        "x-ms-routing-request-id": [
          "WESTUS2:20180911T001215Z:1af0280b-28e4-4a54-be25-813352081930"
        ],
        "Strict-Transport-Security": [
          "max-age=31536000; includeSubDomains"
        ],
        "X-Content-Type-Options": [
          "nosniff"
        ],
        "Cache-Control": [
          "no-cache"
        ],
        "Date": [
          "Tue, 11 Sep 2018 00:12:14 GMT"
        ]
      },
      "StatusCode": 201
    },
    {
      "RequestUri": "/subscriptions/3dc13b6d-6896-40ac-98f7-f18cbce2a405/resourceGroups/ps3281/providers/Microsoft.Network/virtualNetworks/ps5408?api-version=2018-07-01",
      "EncodedRequestUri": "L3N1YnNjcmlwdGlvbnMvM2RjMTNiNmQtNjg5Ni00MGFjLTk4ZjctZjE4Y2JjZTJhNDA1L3Jlc291cmNlR3JvdXBzL3BzMzI4MS9wcm92aWRlcnMvTWljcm9zb2Z0Lk5ldHdvcmsvdmlydHVhbE5ldHdvcmtzL3BzNTQwOD9hcGktdmVyc2lvbj0yMDE4LTA3LTAx",
      "RequestMethod": "GET",
      "RequestBody": "",
      "RequestHeaders": {
        "x-ms-client-request-id": [
          "49ed0073-01fb-40a5-be86-0a3e0c44fb20"
        ],
        "accept-language": [
          "en-US"
        ],
        "User-Agent": [
          "FxVersion/4.7.3132.0",
          "OSName/Windows10Enterprise",
          "OSVersion/6.3.16299",
          "Microsoft.Azure.Management.Network.NetworkManagementClient/19.3.0.0"
        ]
      },
      "ResponseBody": "{\r\n  \"error\": {\r\n    \"code\": \"ResourceNotFound\",\r\n    \"message\": \"The Resource 'Microsoft.Network/virtualNetworks/ps5408' under resource group 'ps3281' was not found.\"\r\n  }\r\n}",
      "ResponseHeaders": {
        "Content-Length": [
          "150"
        ],
        "Content-Type": [
          "application/json; charset=utf-8"
        ],
        "Expires": [
          "-1"
        ],
        "Pragma": [
          "no-cache"
        ],
        "x-ms-failure-cause": [
          "gateway"
        ],
        "x-ms-request-id": [
          "efc88f74-a79c-441a-bc85-340d1a57c80a"
        ],
        "x-ms-correlation-request-id": [
          "efc88f74-a79c-441a-bc85-340d1a57c80a"
        ],
        "x-ms-routing-request-id": [
          "WESTUS2:20180911T001215Z:efc88f74-a79c-441a-bc85-340d1a57c80a"
        ],
        "Strict-Transport-Security": [
          "max-age=31536000; includeSubDomains"
        ],
        "X-Content-Type-Options": [
          "nosniff"
        ],
        "Cache-Control": [
          "no-cache"
        ],
        "Date": [
          "Tue, 11 Sep 2018 00:12:14 GMT"
        ]
      },
      "StatusCode": 404
    },
    {
      "RequestUri": "/subscriptions/3dc13b6d-6896-40ac-98f7-f18cbce2a405/resourceGroups/ps3281/providers/Microsoft.Network/virtualNetworks/ps5408?api-version=2018-07-01",
      "EncodedRequestUri": "L3N1YnNjcmlwdGlvbnMvM2RjMTNiNmQtNjg5Ni00MGFjLTk4ZjctZjE4Y2JjZTJhNDA1L3Jlc291cmNlR3JvdXBzL3BzMzI4MS9wcm92aWRlcnMvTWljcm9zb2Z0Lk5ldHdvcmsvdmlydHVhbE5ldHdvcmtzL3BzNTQwOD9hcGktdmVyc2lvbj0yMDE4LTA3LTAx",
      "RequestMethod": "GET",
      "RequestBody": "",
      "RequestHeaders": {
        "User-Agent": [
          "FxVersion/4.7.3132.0",
          "OSName/Windows10Enterprise",
          "OSVersion/6.3.16299",
          "Microsoft.Azure.Management.Network.NetworkManagementClient/19.3.0.0"
        ]
      },
      "ResponseBody": "{\r\n  \"name\": \"ps5408\",\r\n  \"id\": \"/subscriptions/3dc13b6d-6896-40ac-98f7-f18cbce2a405/resourceGroups/ps3281/providers/Microsoft.Network/virtualNetworks/ps5408\",\r\n  \"etag\": \"W/\\\"b30d022b-0afc-4e05-baa4-a1a7f53ec956\\\"\",\r\n  \"type\": \"Microsoft.Network/virtualNetworks\",\r\n  \"location\": \"centralus\",\r\n  \"properties\": {\r\n    \"provisioningState\": \"Succeeded\",\r\n    \"resourceGuid\": \"54e65733-e086-4952-87b8-6a4dd38f2486\",\r\n    \"addressSpace\": {\r\n      \"addressPrefixes\": [\r\n        \"10.0.0.0/8\"\r\n      ]\r\n    },\r\n    \"subnets\": [\r\n      {\r\n        \"name\": \"ps6205\",\r\n        \"id\": \"/subscriptions/3dc13b6d-6896-40ac-98f7-f18cbce2a405/resourceGroups/ps3281/providers/Microsoft.Network/virtualNetworks/ps5408/subnets/ps6205\",\r\n        \"etag\": \"W/\\\"b30d022b-0afc-4e05-baa4-a1a7f53ec956\\\"\",\r\n        \"properties\": {\r\n          \"provisioningState\": \"Succeeded\",\r\n          \"addressPrefix\": \"10.0.1.0/24\",\r\n          \"serviceEndpoints\": [],\r\n          \"delegations\": []\r\n        },\r\n        \"type\": \"Microsoft.Network/virtualNetworks/subnets\"\r\n      }\r\n    ],\r\n    \"virtualNetworkPeerings\": [],\r\n    \"enableDdosProtection\": false,\r\n    \"enableVmProtection\": false\r\n  }\r\n}",
      "ResponseHeaders": {
        "Content-Length": [
          "1155"
        ],
        "Content-Type": [
          "application/json; charset=utf-8"
        ],
        "Expires": [
          "-1"
        ],
        "Pragma": [
          "no-cache"
        ],
        "x-ms-request-id": [
          "87a25168-459d-4ca5-9c30-2f99e435735c"
        ],
        "x-ms-correlation-request-id": [
          "be3fb156-ff10-4f77-85a4-2433dad86512"
        ],
        "Strict-Transport-Security": [
          "max-age=31536000; includeSubDomains"
        ],
        "Cache-Control": [
          "no-cache"
        ],
        "ETag": [
          "W/\"b30d022b-0afc-4e05-baa4-a1a7f53ec956\""
        ],
        "Server": [
          "Microsoft-HTTPAPI/2.0",
          "Microsoft-HTTPAPI/2.0"
        ],
        "x-ms-ratelimit-remaining-subscription-reads": [
          "11964"
        ],
        "x-ms-routing-request-id": [
          "WESTUS2:20180911T001228Z:be3fb156-ff10-4f77-85a4-2433dad86512"
        ],
        "X-Content-Type-Options": [
          "nosniff"
        ],
        "Date": [
          "Tue, 11 Sep 2018 00:12:28 GMT"
        ]
      },
      "StatusCode": 200
    },
    {
      "RequestUri": "/subscriptions/3dc13b6d-6896-40ac-98f7-f18cbce2a405/resourceGroups/ps3281/providers/Microsoft.Network/virtualNetworks/ps5408?api-version=2018-07-01",
      "EncodedRequestUri": "L3N1YnNjcmlwdGlvbnMvM2RjMTNiNmQtNjg5Ni00MGFjLTk4ZjctZjE4Y2JjZTJhNDA1L3Jlc291cmNlR3JvdXBzL3BzMzI4MS9wcm92aWRlcnMvTWljcm9zb2Z0Lk5ldHdvcmsvdmlydHVhbE5ldHdvcmtzL3BzNTQwOD9hcGktdmVyc2lvbj0yMDE4LTA3LTAx",
      "RequestMethod": "GET",
      "RequestBody": "",
      "RequestHeaders": {
        "x-ms-client-request-id": [
          "db0a191a-ba31-45c9-ab58-cc1f797f9012"
        ],
        "accept-language": [
          "en-US"
        ],
        "User-Agent": [
          "FxVersion/4.7.3132.0",
          "OSName/Windows10Enterprise",
          "OSVersion/6.3.16299",
          "Microsoft.Azure.Management.Network.NetworkManagementClient/19.3.0.0"
        ]
      },
      "ResponseBody": "{\r\n  \"name\": \"ps5408\",\r\n  \"id\": \"/subscriptions/3dc13b6d-6896-40ac-98f7-f18cbce2a405/resourceGroups/ps3281/providers/Microsoft.Network/virtualNetworks/ps5408\",\r\n  \"etag\": \"W/\\\"b30d022b-0afc-4e05-baa4-a1a7f53ec956\\\"\",\r\n  \"type\": \"Microsoft.Network/virtualNetworks\",\r\n  \"location\": \"centralus\",\r\n  \"properties\": {\r\n    \"provisioningState\": \"Succeeded\",\r\n    \"resourceGuid\": \"54e65733-e086-4952-87b8-6a4dd38f2486\",\r\n    \"addressSpace\": {\r\n      \"addressPrefixes\": [\r\n        \"10.0.0.0/8\"\r\n      ]\r\n    },\r\n    \"subnets\": [\r\n      {\r\n        \"name\": \"ps6205\",\r\n        \"id\": \"/subscriptions/3dc13b6d-6896-40ac-98f7-f18cbce2a405/resourceGroups/ps3281/providers/Microsoft.Network/virtualNetworks/ps5408/subnets/ps6205\",\r\n        \"etag\": \"W/\\\"b30d022b-0afc-4e05-baa4-a1a7f53ec956\\\"\",\r\n        \"properties\": {\r\n          \"provisioningState\": \"Succeeded\",\r\n          \"addressPrefix\": \"10.0.1.0/24\",\r\n          \"serviceEndpoints\": [],\r\n          \"delegations\": []\r\n        },\r\n        \"type\": \"Microsoft.Network/virtualNetworks/subnets\"\r\n      }\r\n    ],\r\n    \"virtualNetworkPeerings\": [],\r\n    \"enableDdosProtection\": false,\r\n    \"enableVmProtection\": false\r\n  }\r\n}",
      "ResponseHeaders": {
        "Content-Length": [
          "1155"
        ],
        "Content-Type": [
          "application/json; charset=utf-8"
        ],
        "Expires": [
          "-1"
        ],
        "Pragma": [
          "no-cache"
        ],
        "x-ms-request-id": [
          "7bd06c5f-4707-4fd3-aba8-0f021b8bbfb5"
        ],
        "x-ms-correlation-request-id": [
          "b60e12e9-ca40-4f13-ade8-30eefd5947c9"
        ],
        "Strict-Transport-Security": [
          "max-age=31536000; includeSubDomains"
        ],
        "Cache-Control": [
          "no-cache"
        ],
        "ETag": [
          "W/\"b30d022b-0afc-4e05-baa4-a1a7f53ec956\""
        ],
        "Server": [
          "Microsoft-HTTPAPI/2.0",
          "Microsoft-HTTPAPI/2.0"
        ],
        "x-ms-ratelimit-remaining-subscription-reads": [
          "11963"
        ],
        "x-ms-routing-request-id": [
          "WESTUS2:20180911T001228Z:b60e12e9-ca40-4f13-ade8-30eefd5947c9"
        ],
        "X-Content-Type-Options": [
          "nosniff"
        ],
        "Date": [
          "Tue, 11 Sep 2018 00:12:28 GMT"
        ]
      },
      "StatusCode": 200
    },
    {
      "RequestUri": "/subscriptions/3dc13b6d-6896-40ac-98f7-f18cbce2a405/resourceGroups/ps3281/providers/Microsoft.Network/virtualNetworks/ps5408?api-version=2018-07-01",
      "EncodedRequestUri": "L3N1YnNjcmlwdGlvbnMvM2RjMTNiNmQtNjg5Ni00MGFjLTk4ZjctZjE4Y2JjZTJhNDA1L3Jlc291cmNlR3JvdXBzL3BzMzI4MS9wcm92aWRlcnMvTWljcm9zb2Z0Lk5ldHdvcmsvdmlydHVhbE5ldHdvcmtzL3BzNTQwOD9hcGktdmVyc2lvbj0yMDE4LTA3LTAx",
      "RequestMethod": "PUT",
      "RequestBody": "{\r\n  \"properties\": {\r\n    \"addressSpace\": {\r\n      \"addressPrefixes\": [\r\n        \"10.0.0.0/8\"\r\n      ]\r\n    },\r\n    \"subnets\": [\r\n      {\r\n        \"properties\": {\r\n          \"addressPrefix\": \"10.0.1.0/24\",\r\n          \"serviceEndpoints\": [],\r\n          \"serviceEndpointPolicies\": [],\r\n          \"resourceNavigationLinks\": []\r\n        },\r\n        \"name\": \"ps6205\"\r\n      }\r\n    ],\r\n    \"virtualNetworkPeerings\": [],\r\n    \"enableDdosProtection\": false\r\n  },\r\n  \"location\": \"centralus\"\r\n}",
      "RequestHeaders": {
        "Content-Type": [
          "application/json; charset=utf-8"
        ],
        "Content-Length": [
          "484"
        ],
        "x-ms-client-request-id": [
          "b18cb416-40a3-46b3-8dab-5c7e4114414c"
        ],
        "accept-language": [
          "en-US"
        ],
        "User-Agent": [
          "FxVersion/4.7.3132.0",
          "OSName/Windows10Enterprise",
          "OSVersion/6.3.16299",
          "Microsoft.Azure.Management.Network.NetworkManagementClient/19.3.0.0"
        ]
      },
      "ResponseBody": "{\r\n  \"name\": \"ps5408\",\r\n  \"id\": \"/subscriptions/3dc13b6d-6896-40ac-98f7-f18cbce2a405/resourceGroups/ps3281/providers/Microsoft.Network/virtualNetworks/ps5408\",\r\n  \"etag\": \"W/\\\"c9aa638b-6276-483c-b206-7b32a83b9fcf\\\"\",\r\n  \"type\": \"Microsoft.Network/virtualNetworks\",\r\n  \"location\": \"centralus\",\r\n  \"properties\": {\r\n    \"provisioningState\": \"Updating\",\r\n    \"resourceGuid\": \"54e65733-e086-4952-87b8-6a4dd38f2486\",\r\n    \"addressSpace\": {\r\n      \"addressPrefixes\": [\r\n        \"10.0.0.0/8\"\r\n      ]\r\n    },\r\n    \"subnets\": [\r\n      {\r\n        \"name\": \"ps6205\",\r\n        \"id\": \"/subscriptions/3dc13b6d-6896-40ac-98f7-f18cbce2a405/resourceGroups/ps3281/providers/Microsoft.Network/virtualNetworks/ps5408/subnets/ps6205\",\r\n        \"etag\": \"W/\\\"c9aa638b-6276-483c-b206-7b32a83b9fcf\\\"\",\r\n        \"properties\": {\r\n          \"provisioningState\": \"Updating\",\r\n          \"addressPrefix\": \"10.0.1.0/24\",\r\n          \"serviceEndpoints\": [],\r\n          \"delegations\": []\r\n        },\r\n        \"type\": \"Microsoft.Network/virtualNetworks/subnets\"\r\n      }\r\n    ],\r\n    \"virtualNetworkPeerings\": [],\r\n    \"enableDdosProtection\": false,\r\n    \"enableVmProtection\": false\r\n  }\r\n}",
      "ResponseHeaders": {
        "Content-Length": [
          "1153"
        ],
        "Content-Type": [
          "application/json; charset=utf-8"
        ],
        "Expires": [
          "-1"
        ],
        "Pragma": [
          "no-cache"
        ],
        "Retry-After": [
          "3"
        ],
        "x-ms-request-id": [
          "e50dead1-1a5c-4294-873c-92a86cb25c19"
        ],
        "Azure-AsyncOperation": [
          "https://management.azure.com/subscriptions/3dc13b6d-6896-40ac-98f7-f18cbce2a405/providers/Microsoft.Network/locations/centralus/operations/e50dead1-1a5c-4294-873c-92a86cb25c19?api-version=2018-07-01"
        ],
        "x-ms-correlation-request-id": [
          "710160f2-39fd-46e0-9783-60d61cebd137"
        ],
        "Strict-Transport-Security": [
          "max-age=31536000; includeSubDomains"
        ],
        "Cache-Control": [
          "no-cache"
        ],
        "Server": [
          "Microsoft-HTTPAPI/2.0",
          "Microsoft-HTTPAPI/2.0"
        ],
        "x-ms-ratelimit-remaining-subscription-writes": [
          "1199"
        ],
        "x-ms-routing-request-id": [
          "WESTUS2:20180911T001218Z:710160f2-39fd-46e0-9783-60d61cebd137"
        ],
        "X-Content-Type-Options": [
          "nosniff"
        ],
        "Date": [
          "Tue, 11 Sep 2018 00:12:17 GMT"
        ]
      },
      "StatusCode": 201
    },
    {
      "RequestUri": "/subscriptions/3dc13b6d-6896-40ac-98f7-f18cbce2a405/providers/Microsoft.Network/locations/centralus/operations/e50dead1-1a5c-4294-873c-92a86cb25c19?api-version=2018-07-01",
      "EncodedRequestUri": "L3N1YnNjcmlwdGlvbnMvM2RjMTNiNmQtNjg5Ni00MGFjLTk4ZjctZjE4Y2JjZTJhNDA1L3Byb3ZpZGVycy9NaWNyb3NvZnQuTmV0d29yay9sb2NhdGlvbnMvY2VudHJhbHVzL29wZXJhdGlvbnMvZTUwZGVhZDEtMWE1Yy00Mjk0LTg3M2MtOTJhODZjYjI1YzE5P2FwaS12ZXJzaW9uPTIwMTgtMDctMDE=",
      "RequestMethod": "GET",
      "RequestBody": "",
      "RequestHeaders": {
        "User-Agent": [
          "FxVersion/4.7.3132.0",
          "OSName/Windows10Enterprise",
          "OSVersion/6.3.16299",
          "Microsoft.Azure.Management.Network.NetworkManagementClient/19.3.0.0"
        ]
      },
      "ResponseBody": "{\r\n  \"status\": \"Succeeded\"\r\n}",
      "ResponseHeaders": {
        "Content-Length": [
          "29"
        ],
        "Content-Type": [
          "application/json; charset=utf-8"
        ],
        "Expires": [
          "-1"
        ],
        "Pragma": [
          "no-cache"
        ],
        "x-ms-request-id": [
          "890a8dcd-7950-4f23-bd89-04dce0261b2a"
        ],
        "x-ms-correlation-request-id": [
          "5c70ffd1-4550-4093-8b3e-dbace26f0fa8"
        ],
        "Strict-Transport-Security": [
          "max-age=31536000; includeSubDomains"
        ],
        "Cache-Control": [
          "no-cache"
        ],
        "Server": [
          "Microsoft-HTTPAPI/2.0",
          "Microsoft-HTTPAPI/2.0"
        ],
        "x-ms-ratelimit-remaining-subscription-reads": [
          "11965"
        ],
        "x-ms-routing-request-id": [
          "WESTUS2:20180911T001228Z:5c70ffd1-4550-4093-8b3e-dbace26f0fa8"
        ],
        "X-Content-Type-Options": [
          "nosniff"
        ],
        "Date": [
          "Tue, 11 Sep 2018 00:12:28 GMT"
        ]
      },
      "StatusCode": 200
    },
    {
      "RequestUri": "/subscriptions/3dc13b6d-6896-40ac-98f7-f18cbce2a405/resourceGroups/ps3281/providers/Microsoft.Network/loadBalancers/ps5862?api-version=2018-07-01",
      "EncodedRequestUri": "L3N1YnNjcmlwdGlvbnMvM2RjMTNiNmQtNjg5Ni00MGFjLTk4ZjctZjE4Y2JjZTJhNDA1L3Jlc291cmNlR3JvdXBzL3BzMzI4MS9wcm92aWRlcnMvTWljcm9zb2Z0Lk5ldHdvcmsvbG9hZEJhbGFuY2Vycy9wczU4NjI/YXBpLXZlcnNpb249MjAxOC0wNy0wMQ==",
      "RequestMethod": "GET",
      "RequestBody": "",
      "RequestHeaders": {
        "x-ms-client-request-id": [
          "f54e69ca-6fa3-4bb0-85dd-16b723605efb"
        ],
        "accept-language": [
          "en-US"
        ],
        "User-Agent": [
          "FxVersion/4.7.3132.0",
          "OSName/Windows10Enterprise",
          "OSVersion/6.3.16299",
          "Microsoft.Azure.Management.Network.NetworkManagementClient/19.3.0.0"
        ]
      },
      "ResponseBody": "{\r\n  \"error\": {\r\n    \"code\": \"ResourceNotFound\",\r\n    \"message\": \"The Resource 'Microsoft.Network/loadBalancers/ps5862' under resource group 'ps3281' was not found.\"\r\n  }\r\n}",
      "ResponseHeaders": {
        "Content-Length": [
          "148"
        ],
        "Content-Type": [
          "application/json; charset=utf-8"
        ],
        "Expires": [
          "-1"
        ],
        "Pragma": [
          "no-cache"
        ],
        "x-ms-failure-cause": [
          "gateway"
        ],
        "x-ms-request-id": [
          "34544a89-203e-417c-9700-f7a67f704d7d"
        ],
        "x-ms-correlation-request-id": [
          "34544a89-203e-417c-9700-f7a67f704d7d"
        ],
        "x-ms-routing-request-id": [
          "WESTUS2:20180911T001229Z:34544a89-203e-417c-9700-f7a67f704d7d"
        ],
        "Strict-Transport-Security": [
          "max-age=31536000; includeSubDomains"
        ],
        "X-Content-Type-Options": [
          "nosniff"
        ],
        "Cache-Control": [
          "no-cache"
        ],
        "Date": [
          "Tue, 11 Sep 2018 00:12:29 GMT"
        ]
      },
      "StatusCode": 404
    },
    {
      "RequestUri": "/subscriptions/3dc13b6d-6896-40ac-98f7-f18cbce2a405/resourceGroups/ps3281/providers/Microsoft.Network/loadBalancers/ps5862?api-version=2018-07-01",
      "EncodedRequestUri": "L3N1YnNjcmlwdGlvbnMvM2RjMTNiNmQtNjg5Ni00MGFjLTk4ZjctZjE4Y2JjZTJhNDA1L3Jlc291cmNlR3JvdXBzL3BzMzI4MS9wcm92aWRlcnMvTWljcm9zb2Z0Lk5ldHdvcmsvbG9hZEJhbGFuY2Vycy9wczU4NjI/YXBpLXZlcnNpb249MjAxOC0wNy0wMQ==",
      "RequestMethod": "GET",
      "RequestBody": "",
      "RequestHeaders": {
        "User-Agent": [
          "FxVersion/4.7.3132.0",
          "OSName/Windows10Enterprise",
          "OSVersion/6.3.16299",
          "Microsoft.Azure.Management.Network.NetworkManagementClient/19.3.0.0"
        ]
      },
      "ResponseBody": "{\r\n  \"name\": \"ps5862\",\r\n  \"id\": \"/subscriptions/3dc13b6d-6896-40ac-98f7-f18cbce2a405/resourceGroups/ps3281/providers/Microsoft.Network/loadBalancers/ps5862\",\r\n  \"etag\": \"W/\\\"06149f10-d274-4499-a282-98afc8da3531\\\"\",\r\n  \"type\": \"Microsoft.Network/loadBalancers\",\r\n  \"location\": \"centralus\",\r\n  \"properties\": {\r\n    \"provisioningState\": \"Succeeded\",\r\n    \"resourceGuid\": \"228ca325-c8ab-4a25-a036-5a7e2c3923f5\",\r\n    \"frontendIPConfigurations\": [\r\n      {\r\n        \"name\": \"ps7086\",\r\n        \"id\": \"/subscriptions/3dc13b6d-6896-40ac-98f7-f18cbce2a405/resourceGroups/ps3281/providers/Microsoft.Network/loadBalancers/ps5862/frontendIPConfigurations/ps7086\",\r\n        \"etag\": \"W/\\\"06149f10-d274-4499-a282-98afc8da3531\\\"\",\r\n        \"type\": \"Microsoft.Network/loadBalancers/frontendIPConfigurations\",\r\n        \"properties\": {\r\n          \"provisioningState\": \"Succeeded\",\r\n          \"privateIPAddress\": \"10.0.1.4\",\r\n          \"privateIPAllocationMethod\": \"Dynamic\",\r\n          \"subnet\": {\r\n            \"id\": \"/subscriptions/3dc13b6d-6896-40ac-98f7-f18cbce2a405/resourceGroups/ps3281/providers/Microsoft.Network/virtualNetworks/ps5408/subnets/ps6205\"\r\n          }\r\n        },\r\n        \"zones\": [\r\n          \"1\"\r\n        ]\r\n      }\r\n    ],\r\n    \"backendAddressPools\": [],\r\n    \"loadBalancingRules\": [],\r\n    \"probes\": [],\r\n    \"inboundNatRules\": [],\r\n    \"outboundRules\": [],\r\n    \"inboundNatPools\": []\r\n  },\r\n  \"sku\": {\r\n    \"name\": \"Basic\",\r\n    \"tier\": \"Regional\"\r\n  }\r\n}",
      "ResponseHeaders": {
        "Content-Length": [
          "1462"
        ],
        "Content-Type": [
          "application/json; charset=utf-8"
        ],
        "Expires": [
          "-1"
        ],
        "Pragma": [
          "no-cache"
        ],
        "x-ms-request-id": [
          "6782c6d3-5842-45e5-869f-81ffdc9a9061"
        ],
        "x-ms-correlation-request-id": [
          "50958c72-3023-40ba-8979-a22d4f8d9cd4"
        ],
        "Strict-Transport-Security": [
          "max-age=31536000; includeSubDomains"
        ],
        "Cache-Control": [
          "no-cache"
        ],
        "ETag": [
          "W/\"06149f10-d274-4499-a282-98afc8da3531\""
        ],
        "Server": [
          "Microsoft-HTTPAPI/2.0",
          "Microsoft-HTTPAPI/2.0"
        ],
        "x-ms-ratelimit-remaining-subscription-reads": [
          "11961"
        ],
        "x-ms-routing-request-id": [
          "WESTUS2:20180911T001230Z:50958c72-3023-40ba-8979-a22d4f8d9cd4"
        ],
        "X-Content-Type-Options": [
          "nosniff"
        ],
        "Date": [
          "Tue, 11 Sep 2018 00:12:30 GMT"
        ]
      },
      "StatusCode": 200
    },
    {
      "RequestUri": "/subscriptions/3dc13b6d-6896-40ac-98f7-f18cbce2a405/resourceGroups/ps3281/providers/Microsoft.Network/loadBalancers/ps5862?api-version=2018-07-01",
      "EncodedRequestUri": "L3N1YnNjcmlwdGlvbnMvM2RjMTNiNmQtNjg5Ni00MGFjLTk4ZjctZjE4Y2JjZTJhNDA1L3Jlc291cmNlR3JvdXBzL3BzMzI4MS9wcm92aWRlcnMvTWljcm9zb2Z0Lk5ldHdvcmsvbG9hZEJhbGFuY2Vycy9wczU4NjI/YXBpLXZlcnNpb249MjAxOC0wNy0wMQ==",
      "RequestMethod": "GET",
      "RequestBody": "",
      "RequestHeaders": {
        "x-ms-client-request-id": [
          "697d851e-77cb-44d3-afc8-87bb2f8cdefc"
        ],
        "accept-language": [
          "en-US"
        ],
        "User-Agent": [
          "FxVersion/4.7.3132.0",
          "OSName/Windows10Enterprise",
          "OSVersion/6.3.16299",
          "Microsoft.Azure.Management.Network.NetworkManagementClient/19.3.0.0"
        ]
      },
      "ResponseBody": "{\r\n  \"name\": \"ps5862\",\r\n  \"id\": \"/subscriptions/3dc13b6d-6896-40ac-98f7-f18cbce2a405/resourceGroups/ps3281/providers/Microsoft.Network/loadBalancers/ps5862\",\r\n  \"etag\": \"W/\\\"06149f10-d274-4499-a282-98afc8da3531\\\"\",\r\n  \"type\": \"Microsoft.Network/loadBalancers\",\r\n  \"location\": \"centralus\",\r\n  \"properties\": {\r\n    \"provisioningState\": \"Succeeded\",\r\n    \"resourceGuid\": \"228ca325-c8ab-4a25-a036-5a7e2c3923f5\",\r\n    \"frontendIPConfigurations\": [\r\n      {\r\n        \"name\": \"ps7086\",\r\n        \"id\": \"/subscriptions/3dc13b6d-6896-40ac-98f7-f18cbce2a405/resourceGroups/ps3281/providers/Microsoft.Network/loadBalancers/ps5862/frontendIPConfigurations/ps7086\",\r\n        \"etag\": \"W/\\\"06149f10-d274-4499-a282-98afc8da3531\\\"\",\r\n        \"type\": \"Microsoft.Network/loadBalancers/frontendIPConfigurations\",\r\n        \"properties\": {\r\n          \"provisioningState\": \"Succeeded\",\r\n          \"privateIPAddress\": \"10.0.1.4\",\r\n          \"privateIPAllocationMethod\": \"Dynamic\",\r\n          \"subnet\": {\r\n            \"id\": \"/subscriptions/3dc13b6d-6896-40ac-98f7-f18cbce2a405/resourceGroups/ps3281/providers/Microsoft.Network/virtualNetworks/ps5408/subnets/ps6205\"\r\n          }\r\n        },\r\n        \"zones\": [\r\n          \"1\"\r\n        ]\r\n      }\r\n    ],\r\n    \"backendAddressPools\": [],\r\n    \"loadBalancingRules\": [],\r\n    \"probes\": [],\r\n    \"inboundNatRules\": [],\r\n    \"outboundRules\": [],\r\n    \"inboundNatPools\": []\r\n  },\r\n  \"sku\": {\r\n    \"name\": \"Basic\",\r\n    \"tier\": \"Regional\"\r\n  }\r\n}",
      "ResponseHeaders": {
        "Content-Length": [
          "1462"
        ],
        "Content-Type": [
          "application/json; charset=utf-8"
        ],
        "Expires": [
          "-1"
        ],
        "Pragma": [
          "no-cache"
        ],
        "x-ms-request-id": [
          "24ef7b05-2ba9-4704-a4cc-a6b75e81307b"
        ],
        "x-ms-correlation-request-id": [
          "a99e7333-a9f0-4cf7-9fe3-46ba21383e89"
        ],
        "Strict-Transport-Security": [
          "max-age=31536000; includeSubDomains"
        ],
        "Cache-Control": [
          "no-cache"
        ],
        "ETag": [
          "W/\"06149f10-d274-4499-a282-98afc8da3531\""
        ],
        "Server": [
          "Microsoft-HTTPAPI/2.0",
          "Microsoft-HTTPAPI/2.0"
        ],
        "x-ms-ratelimit-remaining-subscription-reads": [
          "11960"
        ],
        "x-ms-routing-request-id": [
          "WESTUS2:20180911T001230Z:a99e7333-a9f0-4cf7-9fe3-46ba21383e89"
        ],
        "X-Content-Type-Options": [
          "nosniff"
        ],
        "Date": [
          "Tue, 11 Sep 2018 00:12:30 GMT"
        ]
      },
      "StatusCode": 200
    },
    {
      "RequestUri": "/subscriptions/3dc13b6d-6896-40ac-98f7-f18cbce2a405/resourceGroups/ps3281/providers/Microsoft.Network/loadBalancers/ps5862?api-version=2018-07-01",
      "EncodedRequestUri": "L3N1YnNjcmlwdGlvbnMvM2RjMTNiNmQtNjg5Ni00MGFjLTk4ZjctZjE4Y2JjZTJhNDA1L3Jlc291cmNlR3JvdXBzL3BzMzI4MS9wcm92aWRlcnMvTWljcm9zb2Z0Lk5ldHdvcmsvbG9hZEJhbGFuY2Vycy9wczU4NjI/YXBpLXZlcnNpb249MjAxOC0wNy0wMQ==",
      "RequestMethod": "GET",
      "RequestBody": "",
      "RequestHeaders": {
        "x-ms-client-request-id": [
          "41063a7d-6d37-4612-bb60-2076e237f54b"
        ],
        "accept-language": [
          "en-US"
        ],
        "User-Agent": [
          "FxVersion/4.7.3132.0",
          "OSName/Windows10Enterprise",
          "OSVersion/6.3.16299",
          "Microsoft.Azure.Management.Network.NetworkManagementClient/19.3.0.0"
        ]
      },
      "ResponseBody": "{\r\n  \"name\": \"ps5862\",\r\n  \"id\": \"/subscriptions/3dc13b6d-6896-40ac-98f7-f18cbce2a405/resourceGroups/ps3281/providers/Microsoft.Network/loadBalancers/ps5862\",\r\n  \"etag\": \"W/\\\"06149f10-d274-4499-a282-98afc8da3531\\\"\",\r\n  \"type\": \"Microsoft.Network/loadBalancers\",\r\n  \"location\": \"centralus\",\r\n  \"properties\": {\r\n    \"provisioningState\": \"Succeeded\",\r\n    \"resourceGuid\": \"228ca325-c8ab-4a25-a036-5a7e2c3923f5\",\r\n    \"frontendIPConfigurations\": [\r\n      {\r\n        \"name\": \"ps7086\",\r\n        \"id\": \"/subscriptions/3dc13b6d-6896-40ac-98f7-f18cbce2a405/resourceGroups/ps3281/providers/Microsoft.Network/loadBalancers/ps5862/frontendIPConfigurations/ps7086\",\r\n        \"etag\": \"W/\\\"06149f10-d274-4499-a282-98afc8da3531\\\"\",\r\n        \"type\": \"Microsoft.Network/loadBalancers/frontendIPConfigurations\",\r\n        \"properties\": {\r\n          \"provisioningState\": \"Succeeded\",\r\n          \"privateIPAddress\": \"10.0.1.4\",\r\n          \"privateIPAllocationMethod\": \"Dynamic\",\r\n          \"subnet\": {\r\n            \"id\": \"/subscriptions/3dc13b6d-6896-40ac-98f7-f18cbce2a405/resourceGroups/ps3281/providers/Microsoft.Network/virtualNetworks/ps5408/subnets/ps6205\"\r\n          }\r\n        },\r\n        \"zones\": [\r\n          \"1\"\r\n        ]\r\n      }\r\n    ],\r\n    \"backendAddressPools\": [],\r\n    \"loadBalancingRules\": [],\r\n    \"probes\": [],\r\n    \"inboundNatRules\": [],\r\n    \"outboundRules\": [],\r\n    \"inboundNatPools\": []\r\n  },\r\n  \"sku\": {\r\n    \"name\": \"Basic\",\r\n    \"tier\": \"Regional\"\r\n  }\r\n}",
      "ResponseHeaders": {
        "Content-Length": [
          "1462"
        ],
        "Content-Type": [
          "application/json; charset=utf-8"
        ],
        "Expires": [
          "-1"
        ],
        "Pragma": [
          "no-cache"
        ],
        "x-ms-request-id": [
          "6e7f336e-5f82-4369-955b-e8787b18410b"
        ],
        "x-ms-correlation-request-id": [
          "cdd4762a-7c12-4508-b9cc-d0513245cada"
        ],
        "Strict-Transport-Security": [
          "max-age=31536000; includeSubDomains"
        ],
        "Cache-Control": [
          "no-cache"
        ],
        "ETag": [
          "W/\"06149f10-d274-4499-a282-98afc8da3531\""
        ],
        "Server": [
          "Microsoft-HTTPAPI/2.0",
          "Microsoft-HTTPAPI/2.0"
        ],
        "x-ms-ratelimit-remaining-subscription-reads": [
          "11959"
        ],
        "x-ms-routing-request-id": [
          "WESTUS2:20180911T001231Z:cdd4762a-7c12-4508-b9cc-d0513245cada"
        ],
        "X-Content-Type-Options": [
          "nosniff"
        ],
        "Date": [
          "Tue, 11 Sep 2018 00:12:31 GMT"
        ]
      },
      "StatusCode": 200
    },
    {
      "RequestUri": "/subscriptions/3dc13b6d-6896-40ac-98f7-f18cbce2a405/resourceGroups/ps3281/providers/Microsoft.Network/loadBalancers/ps5862?api-version=2018-07-01",
      "EncodedRequestUri": "L3N1YnNjcmlwdGlvbnMvM2RjMTNiNmQtNjg5Ni00MGFjLTk4ZjctZjE4Y2JjZTJhNDA1L3Jlc291cmNlR3JvdXBzL3BzMzI4MS9wcm92aWRlcnMvTWljcm9zb2Z0Lk5ldHdvcmsvbG9hZEJhbGFuY2Vycy9wczU4NjI/YXBpLXZlcnNpb249MjAxOC0wNy0wMQ==",
      "RequestMethod": "PUT",
      "RequestBody": "{\r\n  \"properties\": {\r\n    \"frontendIPConfigurations\": [\r\n      {\r\n        \"properties\": {\r\n          \"privateIPAllocationMethod\": \"Dynamic\",\r\n          \"subnet\": {\r\n            \"properties\": {\r\n              \"serviceEndpoints\": [],\r\n              \"serviceEndpointPolicies\": [],\r\n              \"resourceNavigationLinks\": []\r\n            },\r\n            \"id\": \"/subscriptions/3dc13b6d-6896-40ac-98f7-f18cbce2a405/resourceGroups/ps3281/providers/Microsoft.Network/virtualNetworks/ps5408/subnets/ps6205\"\r\n          }\r\n        },\r\n        \"name\": \"ps7086\",\r\n        \"zones\": [\r\n          \"1\"\r\n        ],\r\n        \"id\": \"/subscriptions/3dc13b6d-6896-40ac-98f7-f18cbce2a405/resourceGroups/ps3281/providers/Microsoft.Network/loadBalancers/ps5862/frontendIPConfigurations/ps7086\"\r\n      }\r\n    ],\r\n    \"backendAddressPools\": [],\r\n    \"loadBalancingRules\": [],\r\n    \"probes\": [],\r\n    \"inboundNatRules\": [],\r\n    \"inboundNatPools\": [],\r\n    \"outboundRules\": []\r\n  },\r\n  \"location\": \"centralus\"\r\n}",
      "RequestHeaders": {
        "Content-Type": [
          "application/json; charset=utf-8"
        ],
        "Content-Length": [
          "986"
        ],
        "x-ms-client-request-id": [
          "6e71b3a1-7435-4f63-9a70-2941fb5e0421"
        ],
        "accept-language": [
          "en-US"
        ],
        "User-Agent": [
          "FxVersion/4.7.3132.0",
          "OSName/Windows10Enterprise",
          "OSVersion/6.3.16299",
          "Microsoft.Azure.Management.Network.NetworkManagementClient/19.3.0.0"
        ]
      },
      "ResponseBody": "{\r\n  \"name\": \"ps5862\",\r\n  \"id\": \"/subscriptions/3dc13b6d-6896-40ac-98f7-f18cbce2a405/resourceGroups/ps3281/providers/Microsoft.Network/loadBalancers/ps5862\",\r\n  \"etag\": \"W/\\\"06149f10-d274-4499-a282-98afc8da3531\\\"\",\r\n  \"type\": \"Microsoft.Network/loadBalancers\",\r\n  \"location\": \"centralus\",\r\n  \"properties\": {\r\n    \"provisioningState\": \"Succeeded\",\r\n    \"resourceGuid\": \"228ca325-c8ab-4a25-a036-5a7e2c3923f5\",\r\n    \"frontendIPConfigurations\": [\r\n      {\r\n        \"name\": \"ps7086\",\r\n        \"id\": \"/subscriptions/3dc13b6d-6896-40ac-98f7-f18cbce2a405/resourceGroups/ps3281/providers/Microsoft.Network/loadBalancers/ps5862/frontendIPConfigurations/ps7086\",\r\n        \"etag\": \"W/\\\"06149f10-d274-4499-a282-98afc8da3531\\\"\",\r\n        \"type\": \"Microsoft.Network/loadBalancers/frontendIPConfigurations\",\r\n        \"properties\": {\r\n          \"provisioningState\": \"Succeeded\",\r\n          \"privateIPAddress\": \"10.0.1.4\",\r\n          \"privateIPAllocationMethod\": \"Dynamic\",\r\n          \"subnet\": {\r\n            \"id\": \"/subscriptions/3dc13b6d-6896-40ac-98f7-f18cbce2a405/resourceGroups/ps3281/providers/Microsoft.Network/virtualNetworks/ps5408/subnets/ps6205\"\r\n          }\r\n        },\r\n        \"zones\": [\r\n          \"1\"\r\n        ]\r\n      }\r\n    ],\r\n    \"backendAddressPools\": [],\r\n    \"loadBalancingRules\": [],\r\n    \"probes\": [],\r\n    \"inboundNatRules\": [],\r\n    \"outboundRules\": [],\r\n    \"inboundNatPools\": []\r\n  },\r\n  \"sku\": {\r\n    \"name\": \"Basic\",\r\n    \"tier\": \"Regional\"\r\n  }\r\n}",
      "ResponseHeaders": {
        "Content-Length": [
          "1462"
        ],
        "Content-Type": [
          "application/json; charset=utf-8"
        ],
        "Expires": [
          "-1"
        ],
        "Pragma": [
          "no-cache"
        ],
        "x-ms-request-id": [
          "2fefe39c-4256-437c-a585-b04e430d7f79"
        ],
        "Azure-AsyncOperation": [
          "https://management.azure.com/subscriptions/3dc13b6d-6896-40ac-98f7-f18cbce2a405/providers/Microsoft.Network/locations/centralus/operations/2fefe39c-4256-437c-a585-b04e430d7f79?api-version=2018-07-01"
        ],
        "x-ms-correlation-request-id": [
          "318d541c-31c0-480c-92f0-bfe22f3d16cb"
        ],
        "Strict-Transport-Security": [
          "max-age=31536000; includeSubDomains"
        ],
        "Cache-Control": [
          "no-cache"
        ],
        "Server": [
          "Microsoft-HTTPAPI/2.0",
          "Microsoft-HTTPAPI/2.0"
        ],
        "x-ms-ratelimit-remaining-subscription-writes": [
          "1198"
        ],
        "x-ms-routing-request-id": [
          "WESTUS2:20180911T001230Z:318d541c-31c0-480c-92f0-bfe22f3d16cb"
        ],
        "X-Content-Type-Options": [
          "nosniff"
        ],
        "Date": [
          "Tue, 11 Sep 2018 00:12:30 GMT"
        ]
      },
      "StatusCode": 201
    },
    {
      "RequestUri": "/subscriptions/3dc13b6d-6896-40ac-98f7-f18cbce2a405/resourcegroups/ps3281?api-version=2016-09-01",
      "EncodedRequestUri": "L3N1YnNjcmlwdGlvbnMvM2RjMTNiNmQtNjg5Ni00MGFjLTk4ZjctZjE4Y2JjZTJhNDA1L3Jlc291cmNlZ3JvdXBzL3BzMzI4MT9hcGktdmVyc2lvbj0yMDE2LTA5LTAx",
      "RequestMethod": "DELETE",
      "RequestBody": "",
      "RequestHeaders": {
        "x-ms-client-request-id": [
          "a54f830a-826b-4e6d-b435-3554fd70fd07"
        ],
        "accept-language": [
          "en-US"
        ],
        "User-Agent": [
          "FxVersion/4.7.3132.0",
          "OSName/Windows10Enterprise",
          "OSVersion/6.3.16299",
          "Microsoft.Azure.Management.Internal.Resources.ResourceManagementClient/4.1.0"
        ]
      },
      "ResponseBody": "",
      "ResponseHeaders": {
        "Content-Length": [
          "0"
        ],
        "Expires": [
          "-1"
        ],
        "Pragma": [
          "no-cache"
        ],
        "Retry-After": [
          "15"
        ],
        "x-ms-ratelimit-remaining-subscription-deletes": [
          "14999"
        ],
        "x-ms-request-id": [
          "20e925fd-e96c-4dc3-8f22-a1fa1313c706"
        ],
        "x-ms-correlation-request-id": [
          "20e925fd-e96c-4dc3-8f22-a1fa1313c706"
        ],
        "x-ms-routing-request-id": [
          "WESTUS2:20180911T001231Z:20e925fd-e96c-4dc3-8f22-a1fa1313c706"
        ],
        "Strict-Transport-Security": [
          "max-age=31536000; includeSubDomains"
        ],
        "X-Content-Type-Options": [
          "nosniff"
        ],
        "Cache-Control": [
          "no-cache"
        ],
        "Date": [
          "Tue, 11 Sep 2018 00:12:31 GMT"
        ],
        "Location": [
          "https://management.azure.com/subscriptions/3dc13b6d-6896-40ac-98f7-f18cbce2a405/operationresults/eyJqb2JJZCI6IlJFU09VUkNFR1JPVVBERUxFVElPTkpPQi1QUzMyODEtV0VTVFVTIiwiam9iTG9jYXRpb24iOiJ3ZXN0dXMifQ?api-version=2016-09-01"
        ]
      },
      "StatusCode": 202
    },
    {
      "RequestUri": "/subscriptions/3dc13b6d-6896-40ac-98f7-f18cbce2a405/operationresults/eyJqb2JJZCI6IlJFU09VUkNFR1JPVVBERUxFVElPTkpPQi1QUzMyODEtV0VTVFVTIiwiam9iTG9jYXRpb24iOiJ3ZXN0dXMifQ?api-version=2016-09-01",
      "EncodedRequestUri": "L3N1YnNjcmlwdGlvbnMvM2RjMTNiNmQtNjg5Ni00MGFjLTk4ZjctZjE4Y2JjZTJhNDA1L29wZXJhdGlvbnJlc3VsdHMvZXlKcWIySkpaQ0k2SWxKRlUwOVZVa05GUjFKUFZWQkVSVXhGVkVsUFRrcFBRaTFRVXpNeU9ERXRWMFZUVkZWVElpd2lhbTlpVEc5allYUnBiMjRpT2lKM1pYTjBkWE1pZlE/YXBpLXZlcnNpb249MjAxNi0wOS0wMQ==",
      "RequestMethod": "GET",
      "RequestBody": "",
      "RequestHeaders": {
        "User-Agent": [
          "FxVersion/4.7.3132.0",
          "OSName/Windows10Enterprise",
          "OSVersion/6.3.16299",
          "Microsoft.Azure.Management.Internal.Resources.ResourceManagementClient/4.1.0"
        ]
      },
      "ResponseBody": "",
      "ResponseHeaders": {
        "Content-Length": [
          "0"
        ],
        "Expires": [
          "-1"
        ],
        "Pragma": [
          "no-cache"
        ],
        "Retry-After": [
          "15"
        ],
        "x-ms-ratelimit-remaining-subscription-reads": [
          "11999"
        ],
        "x-ms-request-id": [
          "b9ef3d0d-a939-4966-82d7-0d076acb0018"
        ],
        "x-ms-correlation-request-id": [
          "b9ef3d0d-a939-4966-82d7-0d076acb0018"
        ],
        "x-ms-routing-request-id": [
          "WESTUS2:20180911T001246Z:b9ef3d0d-a939-4966-82d7-0d076acb0018"
        ],
        "Strict-Transport-Security": [
          "max-age=31536000; includeSubDomains"
        ],
        "X-Content-Type-Options": [
          "nosniff"
        ],
        "Cache-Control": [
          "no-cache"
        ],
        "Date": [
          "Tue, 11 Sep 2018 00:12:46 GMT"
        ],
        "Location": [
          "https://management.azure.com/subscriptions/3dc13b6d-6896-40ac-98f7-f18cbce2a405/operationresults/eyJqb2JJZCI6IlJFU09VUkNFR1JPVVBERUxFVElPTkpPQi1QUzMyODEtV0VTVFVTIiwiam9iTG9jYXRpb24iOiJ3ZXN0dXMifQ?api-version=2016-09-01"
        ]
      },
      "StatusCode": 202
    },
    {
      "RequestUri": "/subscriptions/3dc13b6d-6896-40ac-98f7-f18cbce2a405/operationresults/eyJqb2JJZCI6IlJFU09VUkNFR1JPVVBERUxFVElPTkpPQi1QUzMyODEtV0VTVFVTIiwiam9iTG9jYXRpb24iOiJ3ZXN0dXMifQ?api-version=2016-09-01",
      "EncodedRequestUri": "L3N1YnNjcmlwdGlvbnMvM2RjMTNiNmQtNjg5Ni00MGFjLTk4ZjctZjE4Y2JjZTJhNDA1L29wZXJhdGlvbnJlc3VsdHMvZXlKcWIySkpaQ0k2SWxKRlUwOVZVa05GUjFKUFZWQkVSVXhGVkVsUFRrcFBRaTFRVXpNeU9ERXRWMFZUVkZWVElpd2lhbTlpVEc5allYUnBiMjRpT2lKM1pYTjBkWE1pZlE/YXBpLXZlcnNpb249MjAxNi0wOS0wMQ==",
      "RequestMethod": "GET",
      "RequestBody": "",
      "RequestHeaders": {
        "User-Agent": [
          "FxVersion/4.7.3132.0",
          "OSName/Windows10Enterprise",
          "OSVersion/6.3.16299",
          "Microsoft.Azure.Management.Internal.Resources.ResourceManagementClient/4.1.0"
        ]
      },
      "ResponseBody": "",
      "ResponseHeaders": {
        "Content-Length": [
          "0"
        ],
        "Expires": [
          "-1"
        ],
        "Pragma": [
          "no-cache"
        ],
        "Retry-After": [
          "15"
        ],
        "x-ms-ratelimit-remaining-subscription-reads": [
          "11998"
        ],
        "x-ms-request-id": [
          "d06418d9-18aa-4dbc-a903-6d05b950509b"
        ],
        "x-ms-correlation-request-id": [
          "d06418d9-18aa-4dbc-a903-6d05b950509b"
        ],
        "x-ms-routing-request-id": [
          "WESTUS2:20180911T001301Z:d06418d9-18aa-4dbc-a903-6d05b950509b"
        ],
        "Strict-Transport-Security": [
          "max-age=31536000; includeSubDomains"
        ],
        "X-Content-Type-Options": [
          "nosniff"
        ],
        "Cache-Control": [
          "no-cache"
        ],
        "Date": [
          "Tue, 11 Sep 2018 00:13:01 GMT"
        ],
        "Location": [
          "https://management.azure.com/subscriptions/3dc13b6d-6896-40ac-98f7-f18cbce2a405/operationresults/eyJqb2JJZCI6IlJFU09VUkNFR1JPVVBERUxFVElPTkpPQi1QUzMyODEtV0VTVFVTIiwiam9iTG9jYXRpb24iOiJ3ZXN0dXMifQ?api-version=2016-09-01"
        ]
      },
      "StatusCode": 202
    },
    {
      "RequestUri": "/subscriptions/3dc13b6d-6896-40ac-98f7-f18cbce2a405/operationresults/eyJqb2JJZCI6IlJFU09VUkNFR1JPVVBERUxFVElPTkpPQi1QUzMyODEtV0VTVFVTIiwiam9iTG9jYXRpb24iOiJ3ZXN0dXMifQ?api-version=2016-09-01",
      "EncodedRequestUri": "L3N1YnNjcmlwdGlvbnMvM2RjMTNiNmQtNjg5Ni00MGFjLTk4ZjctZjE4Y2JjZTJhNDA1L29wZXJhdGlvbnJlc3VsdHMvZXlKcWIySkpaQ0k2SWxKRlUwOVZVa05GUjFKUFZWQkVSVXhGVkVsUFRrcFBRaTFRVXpNeU9ERXRWMFZUVkZWVElpd2lhbTlpVEc5allYUnBiMjRpT2lKM1pYTjBkWE1pZlE/YXBpLXZlcnNpb249MjAxNi0wOS0wMQ==",
      "RequestMethod": "GET",
      "RequestBody": "",
      "RequestHeaders": {
        "User-Agent": [
          "FxVersion/4.7.3132.0",
          "OSName/Windows10Enterprise",
          "OSVersion/6.3.16299",
          "Microsoft.Azure.Management.Internal.Resources.ResourceManagementClient/4.1.0"
        ]
      },
      "ResponseBody": "",
      "ResponseHeaders": {
        "Content-Length": [
          "0"
        ],
        "Expires": [
          "-1"
        ],
        "Pragma": [
          "no-cache"
        ],
        "Retry-After": [
          "15"
        ],
        "x-ms-ratelimit-remaining-subscription-reads": [
          "11997"
        ],
        "x-ms-request-id": [
          "585296c4-6bd6-48df-96d2-5c4890232809"
        ],
        "x-ms-correlation-request-id": [
          "585296c4-6bd6-48df-96d2-5c4890232809"
        ],
        "x-ms-routing-request-id": [
          "WESTUS2:20180911T001316Z:585296c4-6bd6-48df-96d2-5c4890232809"
        ],
        "Strict-Transport-Security": [
          "max-age=31536000; includeSubDomains"
        ],
        "X-Content-Type-Options": [
          "nosniff"
        ],
        "Cache-Control": [
          "no-cache"
        ],
        "Date": [
          "Tue, 11 Sep 2018 00:13:16 GMT"
        ],
        "Location": [
          "https://management.azure.com/subscriptions/3dc13b6d-6896-40ac-98f7-f18cbce2a405/operationresults/eyJqb2JJZCI6IlJFU09VUkNFR1JPVVBERUxFVElPTkpPQi1QUzMyODEtV0VTVFVTIiwiam9iTG9jYXRpb24iOiJ3ZXN0dXMifQ?api-version=2016-09-01"
        ]
      },
      "StatusCode": 202
    },
    {
      "RequestUri": "/subscriptions/3dc13b6d-6896-40ac-98f7-f18cbce2a405/operationresults/eyJqb2JJZCI6IlJFU09VUkNFR1JPVVBERUxFVElPTkpPQi1QUzMyODEtV0VTVFVTIiwiam9iTG9jYXRpb24iOiJ3ZXN0dXMifQ?api-version=2016-09-01",
      "EncodedRequestUri": "L3N1YnNjcmlwdGlvbnMvM2RjMTNiNmQtNjg5Ni00MGFjLTk4ZjctZjE4Y2JjZTJhNDA1L29wZXJhdGlvbnJlc3VsdHMvZXlKcWIySkpaQ0k2SWxKRlUwOVZVa05GUjFKUFZWQkVSVXhGVkVsUFRrcFBRaTFRVXpNeU9ERXRWMFZUVkZWVElpd2lhbTlpVEc5allYUnBiMjRpT2lKM1pYTjBkWE1pZlE/YXBpLXZlcnNpb249MjAxNi0wOS0wMQ==",
      "RequestMethod": "GET",
      "RequestBody": "",
      "RequestHeaders": {
        "User-Agent": [
          "FxVersion/4.7.3132.0",
          "OSName/Windows10Enterprise",
          "OSVersion/6.3.16299",
          "Microsoft.Azure.Management.Internal.Resources.ResourceManagementClient/4.1.0"
        ]
      },
      "ResponseBody": "",
      "ResponseHeaders": {
        "Content-Length": [
          "0"
        ],
        "Expires": [
          "-1"
        ],
        "Pragma": [
          "no-cache"
        ],
        "Retry-After": [
          "15"
        ],
        "x-ms-ratelimit-remaining-subscription-reads": [
          "11996"
        ],
        "x-ms-request-id": [
          "ea5992cb-1108-4819-b41a-e1ca09490b3d"
        ],
        "x-ms-correlation-request-id": [
          "ea5992cb-1108-4819-b41a-e1ca09490b3d"
        ],
        "x-ms-routing-request-id": [
          "WESTUS2:20180911T001331Z:ea5992cb-1108-4819-b41a-e1ca09490b3d"
        ],
        "Strict-Transport-Security": [
          "max-age=31536000; includeSubDomains"
        ],
        "X-Content-Type-Options": [
          "nosniff"
        ],
        "Cache-Control": [
          "no-cache"
        ],
        "Date": [
          "Tue, 11 Sep 2018 00:13:31 GMT"
        ],
        "Location": [
          "https://management.azure.com/subscriptions/3dc13b6d-6896-40ac-98f7-f18cbce2a405/operationresults/eyJqb2JJZCI6IlJFU09VUkNFR1JPVVBERUxFVElPTkpPQi1QUzMyODEtV0VTVFVTIiwiam9iTG9jYXRpb24iOiJ3ZXN0dXMifQ?api-version=2016-09-01"
        ]
      },
      "StatusCode": 202
    },
    {
      "RequestUri": "/subscriptions/3dc13b6d-6896-40ac-98f7-f18cbce2a405/operationresults/eyJqb2JJZCI6IlJFU09VUkNFR1JPVVBERUxFVElPTkpPQi1QUzMyODEtV0VTVFVTIiwiam9iTG9jYXRpb24iOiJ3ZXN0dXMifQ?api-version=2016-09-01",
      "EncodedRequestUri": "L3N1YnNjcmlwdGlvbnMvM2RjMTNiNmQtNjg5Ni00MGFjLTk4ZjctZjE4Y2JjZTJhNDA1L29wZXJhdGlvbnJlc3VsdHMvZXlKcWIySkpaQ0k2SWxKRlUwOVZVa05GUjFKUFZWQkVSVXhGVkVsUFRrcFBRaTFRVXpNeU9ERXRWMFZUVkZWVElpd2lhbTlpVEc5allYUnBiMjRpT2lKM1pYTjBkWE1pZlE/YXBpLXZlcnNpb249MjAxNi0wOS0wMQ==",
      "RequestMethod": "GET",
      "RequestBody": "",
      "RequestHeaders": {
        "User-Agent": [
          "FxVersion/4.7.3132.0",
          "OSName/Windows10Enterprise",
          "OSVersion/6.3.16299",
          "Microsoft.Azure.Management.Internal.Resources.ResourceManagementClient/4.1.0"
        ]
      },
      "ResponseBody": "",
      "ResponseHeaders": {
        "Content-Length": [
          "0"
        ],
        "Expires": [
          "-1"
        ],
        "Pragma": [
          "no-cache"
        ],
        "Retry-After": [
          "15"
        ],
        "x-ms-ratelimit-remaining-subscription-reads": [
          "11995"
        ],
        "x-ms-request-id": [
          "e0278e39-1c88-4b75-b033-addd71ad3feb"
        ],
        "x-ms-correlation-request-id": [
          "e0278e39-1c88-4b75-b033-addd71ad3feb"
        ],
        "x-ms-routing-request-id": [
          "WESTUS2:20180911T001347Z:e0278e39-1c88-4b75-b033-addd71ad3feb"
        ],
        "Strict-Transport-Security": [
          "max-age=31536000; includeSubDomains"
        ],
        "X-Content-Type-Options": [
          "nosniff"
        ],
        "Cache-Control": [
          "no-cache"
        ],
        "Date": [
          "Tue, 11 Sep 2018 00:13:46 GMT"
        ],
        "Location": [
          "https://management.azure.com/subscriptions/3dc13b6d-6896-40ac-98f7-f18cbce2a405/operationresults/eyJqb2JJZCI6IlJFU09VUkNFR1JPVVBERUxFVElPTkpPQi1QUzMyODEtV0VTVFVTIiwiam9iTG9jYXRpb24iOiJ3ZXN0dXMifQ?api-version=2016-09-01"
        ]
      },
      "StatusCode": 202
    },
    {
      "RequestUri": "/subscriptions/3dc13b6d-6896-40ac-98f7-f18cbce2a405/operationresults/eyJqb2JJZCI6IlJFU09VUkNFR1JPVVBERUxFVElPTkpPQi1QUzMyODEtV0VTVFVTIiwiam9iTG9jYXRpb24iOiJ3ZXN0dXMifQ?api-version=2016-09-01",
      "EncodedRequestUri": "L3N1YnNjcmlwdGlvbnMvM2RjMTNiNmQtNjg5Ni00MGFjLTk4ZjctZjE4Y2JjZTJhNDA1L29wZXJhdGlvbnJlc3VsdHMvZXlKcWIySkpaQ0k2SWxKRlUwOVZVa05GUjFKUFZWQkVSVXhGVkVsUFRrcFBRaTFRVXpNeU9ERXRWMFZUVkZWVElpd2lhbTlpVEc5allYUnBiMjRpT2lKM1pYTjBkWE1pZlE/YXBpLXZlcnNpb249MjAxNi0wOS0wMQ==",
      "RequestMethod": "GET",
      "RequestBody": "",
      "RequestHeaders": {
        "User-Agent": [
          "FxVersion/4.7.3132.0",
          "OSName/Windows10Enterprise",
          "OSVersion/6.3.16299",
          "Microsoft.Azure.Management.Internal.Resources.ResourceManagementClient/4.1.0"
        ]
      },
      "ResponseBody": "",
      "ResponseHeaders": {
        "Content-Length": [
          "0"
        ],
        "Expires": [
          "-1"
        ],
        "Pragma": [
          "no-cache"
        ],
        "Retry-After": [
          "15"
        ],
        "x-ms-ratelimit-remaining-subscription-reads": [
          "11994"
        ],
        "x-ms-request-id": [
          "1ddeb71d-b48c-4cef-a881-1488889ca3b6"
        ],
        "x-ms-correlation-request-id": [
          "1ddeb71d-b48c-4cef-a881-1488889ca3b6"
        ],
        "x-ms-routing-request-id": [
          "WESTUS2:20180911T001402Z:1ddeb71d-b48c-4cef-a881-1488889ca3b6"
        ],
        "Strict-Transport-Security": [
          "max-age=31536000; includeSubDomains"
        ],
        "X-Content-Type-Options": [
          "nosniff"
        ],
        "Cache-Control": [
          "no-cache"
        ],
        "Date": [
          "Tue, 11 Sep 2018 00:14:01 GMT"
        ],
        "Location": [
          "https://management.azure.com/subscriptions/3dc13b6d-6896-40ac-98f7-f18cbce2a405/operationresults/eyJqb2JJZCI6IlJFU09VUkNFR1JPVVBERUxFVElPTkpPQi1QUzMyODEtV0VTVFVTIiwiam9iTG9jYXRpb24iOiJ3ZXN0dXMifQ?api-version=2016-09-01"
        ]
      },
      "StatusCode": 202
    },
    {
      "RequestUri": "/subscriptions/3dc13b6d-6896-40ac-98f7-f18cbce2a405/operationresults/eyJqb2JJZCI6IlJFU09VUkNFR1JPVVBERUxFVElPTkpPQi1QUzMyODEtV0VTVFVTIiwiam9iTG9jYXRpb24iOiJ3ZXN0dXMifQ?api-version=2016-09-01",
      "EncodedRequestUri": "L3N1YnNjcmlwdGlvbnMvM2RjMTNiNmQtNjg5Ni00MGFjLTk4ZjctZjE4Y2JjZTJhNDA1L29wZXJhdGlvbnJlc3VsdHMvZXlKcWIySkpaQ0k2SWxKRlUwOVZVa05GUjFKUFZWQkVSVXhGVkVsUFRrcFBRaTFRVXpNeU9ERXRWMFZUVkZWVElpd2lhbTlpVEc5allYUnBiMjRpT2lKM1pYTjBkWE1pZlE/YXBpLXZlcnNpb249MjAxNi0wOS0wMQ==",
      "RequestMethod": "GET",
      "RequestBody": "",
      "RequestHeaders": {
        "User-Agent": [
          "FxVersion/4.7.3132.0",
          "OSName/Windows10Enterprise",
          "OSVersion/6.3.16299",
          "Microsoft.Azure.Management.Internal.Resources.ResourceManagementClient/4.1.0"
        ]
      },
      "ResponseBody": "",
      "ResponseHeaders": {
        "Content-Length": [
          "0"
        ],
        "Expires": [
          "-1"
        ],
        "Pragma": [
          "no-cache"
        ],
        "Retry-After": [
          "15"
        ],
        "x-ms-ratelimit-remaining-subscription-reads": [
          "11993"
        ],
        "x-ms-request-id": [
          "328915b7-04a0-4741-94d7-72e6dc466178"
        ],
        "x-ms-correlation-request-id": [
          "328915b7-04a0-4741-94d7-72e6dc466178"
        ],
        "x-ms-routing-request-id": [
          "WESTUS2:20180911T001417Z:328915b7-04a0-4741-94d7-72e6dc466178"
        ],
        "Strict-Transport-Security": [
          "max-age=31536000; includeSubDomains"
        ],
        "X-Content-Type-Options": [
          "nosniff"
        ],
        "Cache-Control": [
          "no-cache"
        ],
        "Date": [
          "Tue, 11 Sep 2018 00:14:16 GMT"
        ],
        "Location": [
          "https://management.azure.com/subscriptions/3dc13b6d-6896-40ac-98f7-f18cbce2a405/operationresults/eyJqb2JJZCI6IlJFU09VUkNFR1JPVVBERUxFVElPTkpPQi1QUzMyODEtV0VTVFVTIiwiam9iTG9jYXRpb24iOiJ3ZXN0dXMifQ?api-version=2016-09-01"
        ]
      },
      "StatusCode": 202
    },
    {
      "RequestUri": "/subscriptions/3dc13b6d-6896-40ac-98f7-f18cbce2a405/operationresults/eyJqb2JJZCI6IlJFU09VUkNFR1JPVVBERUxFVElPTkpPQi1QUzMyODEtV0VTVFVTIiwiam9iTG9jYXRpb24iOiJ3ZXN0dXMifQ?api-version=2016-09-01",
      "EncodedRequestUri": "L3N1YnNjcmlwdGlvbnMvM2RjMTNiNmQtNjg5Ni00MGFjLTk4ZjctZjE4Y2JjZTJhNDA1L29wZXJhdGlvbnJlc3VsdHMvZXlKcWIySkpaQ0k2SWxKRlUwOVZVa05GUjFKUFZWQkVSVXhGVkVsUFRrcFBRaTFRVXpNeU9ERXRWMFZUVkZWVElpd2lhbTlpVEc5allYUnBiMjRpT2lKM1pYTjBkWE1pZlE/YXBpLXZlcnNpb249MjAxNi0wOS0wMQ==",
      "RequestMethod": "GET",
      "RequestBody": "",
      "RequestHeaders": {
        "User-Agent": [
          "FxVersion/4.7.3132.0",
          "OSName/Windows10Enterprise",
          "OSVersion/6.3.16299",
          "Microsoft.Azure.Management.Internal.Resources.ResourceManagementClient/4.1.0"
        ]
      },
      "ResponseBody": "",
      "ResponseHeaders": {
        "Content-Length": [
          "0"
        ],
        "Expires": [
          "-1"
        ],
        "Pragma": [
          "no-cache"
        ],
        "Retry-After": [
          "15"
        ],
        "x-ms-ratelimit-remaining-subscription-reads": [
          "11992"
        ],
        "x-ms-request-id": [
          "0fa27d98-a263-4784-9c32-e7d30e6897d0"
        ],
        "x-ms-correlation-request-id": [
          "0fa27d98-a263-4784-9c32-e7d30e6897d0"
        ],
        "x-ms-routing-request-id": [
          "WESTUS2:20180911T001432Z:0fa27d98-a263-4784-9c32-e7d30e6897d0"
        ],
        "Strict-Transport-Security": [
          "max-age=31536000; includeSubDomains"
        ],
        "X-Content-Type-Options": [
          "nosniff"
        ],
        "Cache-Control": [
          "no-cache"
        ],
        "Date": [
          "Tue, 11 Sep 2018 00:14:31 GMT"
        ],
        "Location": [
          "https://management.azure.com/subscriptions/3dc13b6d-6896-40ac-98f7-f18cbce2a405/operationresults/eyJqb2JJZCI6IlJFU09VUkNFR1JPVVBERUxFVElPTkpPQi1QUzMyODEtV0VTVFVTIiwiam9iTG9jYXRpb24iOiJ3ZXN0dXMifQ?api-version=2016-09-01"
        ]
      },
      "StatusCode": 202
    },
    {
      "RequestUri": "/subscriptions/3dc13b6d-6896-40ac-98f7-f18cbce2a405/operationresults/eyJqb2JJZCI6IlJFU09VUkNFR1JPVVBERUxFVElPTkpPQi1QUzMyODEtV0VTVFVTIiwiam9iTG9jYXRpb24iOiJ3ZXN0dXMifQ?api-version=2016-09-01",
      "EncodedRequestUri": "L3N1YnNjcmlwdGlvbnMvM2RjMTNiNmQtNjg5Ni00MGFjLTk4ZjctZjE4Y2JjZTJhNDA1L29wZXJhdGlvbnJlc3VsdHMvZXlKcWIySkpaQ0k2SWxKRlUwOVZVa05GUjFKUFZWQkVSVXhGVkVsUFRrcFBRaTFRVXpNeU9ERXRWMFZUVkZWVElpd2lhbTlpVEc5allYUnBiMjRpT2lKM1pYTjBkWE1pZlE/YXBpLXZlcnNpb249MjAxNi0wOS0wMQ==",
      "RequestMethod": "GET",
      "RequestBody": "",
      "RequestHeaders": {
        "User-Agent": [
          "FxVersion/4.7.3132.0",
          "OSName/Windows10Enterprise",
          "OSVersion/6.3.16299",
          "Microsoft.Azure.Management.Internal.Resources.ResourceManagementClient/4.1.0"
        ]
      },
      "ResponseBody": "",
      "ResponseHeaders": {
        "Content-Length": [
          "0"
        ],
        "Expires": [
          "-1"
        ],
        "Pragma": [
          "no-cache"
        ],
        "Retry-After": [
          "15"
        ],
        "x-ms-ratelimit-remaining-subscription-reads": [
          "11991"
        ],
        "x-ms-request-id": [
          "7e5724a6-b0cc-455b-b4a0-c23be1451a10"
        ],
        "x-ms-correlation-request-id": [
          "7e5724a6-b0cc-455b-b4a0-c23be1451a10"
        ],
        "x-ms-routing-request-id": [
          "WESTUS2:20180911T001447Z:7e5724a6-b0cc-455b-b4a0-c23be1451a10"
        ],
        "Strict-Transport-Security": [
          "max-age=31536000; includeSubDomains"
        ],
        "X-Content-Type-Options": [
          "nosniff"
        ],
        "Cache-Control": [
          "no-cache"
        ],
        "Date": [
          "Tue, 11 Sep 2018 00:14:46 GMT"
        ],
        "Location": [
          "https://management.azure.com/subscriptions/3dc13b6d-6896-40ac-98f7-f18cbce2a405/operationresults/eyJqb2JJZCI6IlJFU09VUkNFR1JPVVBERUxFVElPTkpPQi1QUzMyODEtV0VTVFVTIiwiam9iTG9jYXRpb24iOiJ3ZXN0dXMifQ?api-version=2016-09-01"
        ]
      },
      "StatusCode": 202
    },
    {
      "RequestUri": "/subscriptions/3dc13b6d-6896-40ac-98f7-f18cbce2a405/operationresults/eyJqb2JJZCI6IlJFU09VUkNFR1JPVVBERUxFVElPTkpPQi1QUzMyODEtV0VTVFVTIiwiam9iTG9jYXRpb24iOiJ3ZXN0dXMifQ?api-version=2016-09-01",
      "EncodedRequestUri": "L3N1YnNjcmlwdGlvbnMvM2RjMTNiNmQtNjg5Ni00MGFjLTk4ZjctZjE4Y2JjZTJhNDA1L29wZXJhdGlvbnJlc3VsdHMvZXlKcWIySkpaQ0k2SWxKRlUwOVZVa05GUjFKUFZWQkVSVXhGVkVsUFRrcFBRaTFRVXpNeU9ERXRWMFZUVkZWVElpd2lhbTlpVEc5allYUnBiMjRpT2lKM1pYTjBkWE1pZlE/YXBpLXZlcnNpb249MjAxNi0wOS0wMQ==",
      "RequestMethod": "GET",
      "RequestBody": "",
      "RequestHeaders": {
        "User-Agent": [
          "FxVersion/4.7.3132.0",
          "OSName/Windows10Enterprise",
          "OSVersion/6.3.16299",
          "Microsoft.Azure.Management.Internal.Resources.ResourceManagementClient/4.1.0"
        ]
      },
      "ResponseBody": "",
      "ResponseHeaders": {
        "Content-Length": [
          "0"
        ],
        "Expires": [
          "-1"
        ],
        "Pragma": [
          "no-cache"
        ],
        "Retry-After": [
          "15"
        ],
        "x-ms-ratelimit-remaining-subscription-reads": [
          "11990"
        ],
        "x-ms-request-id": [
          "b65df820-bb08-44fe-b191-925fbc159852"
        ],
        "x-ms-correlation-request-id": [
          "b65df820-bb08-44fe-b191-925fbc159852"
        ],
        "x-ms-routing-request-id": [
          "WESTUS2:20180911T001502Z:b65df820-bb08-44fe-b191-925fbc159852"
        ],
        "Strict-Transport-Security": [
          "max-age=31536000; includeSubDomains"
        ],
        "X-Content-Type-Options": [
          "nosniff"
        ],
        "Cache-Control": [
          "no-cache"
        ],
        "Date": [
          "Tue, 11 Sep 2018 00:15:02 GMT"
        ],
        "Location": [
          "https://management.azure.com/subscriptions/3dc13b6d-6896-40ac-98f7-f18cbce2a405/operationresults/eyJqb2JJZCI6IlJFU09VUkNFR1JPVVBERUxFVElPTkpPQi1QUzMyODEtV0VTVFVTIiwiam9iTG9jYXRpb24iOiJ3ZXN0dXMifQ?api-version=2016-09-01"
        ]
      },
      "StatusCode": 202
    },
    {
      "RequestUri": "/subscriptions/3dc13b6d-6896-40ac-98f7-f18cbce2a405/operationresults/eyJqb2JJZCI6IlJFU09VUkNFR1JPVVBERUxFVElPTkpPQi1QUzMyODEtV0VTVFVTIiwiam9iTG9jYXRpb24iOiJ3ZXN0dXMifQ?api-version=2016-09-01",
      "EncodedRequestUri": "L3N1YnNjcmlwdGlvbnMvM2RjMTNiNmQtNjg5Ni00MGFjLTk4ZjctZjE4Y2JjZTJhNDA1L29wZXJhdGlvbnJlc3VsdHMvZXlKcWIySkpaQ0k2SWxKRlUwOVZVa05GUjFKUFZWQkVSVXhGVkVsUFRrcFBRaTFRVXpNeU9ERXRWMFZUVkZWVElpd2lhbTlpVEc5allYUnBiMjRpT2lKM1pYTjBkWE1pZlE/YXBpLXZlcnNpb249MjAxNi0wOS0wMQ==",
      "RequestMethod": "GET",
      "RequestBody": "",
      "RequestHeaders": {
        "User-Agent": [
          "FxVersion/4.7.3132.0",
          "OSName/Windows10Enterprise",
          "OSVersion/6.3.16299",
          "Microsoft.Azure.Management.Internal.Resources.ResourceManagementClient/4.1.0"
        ]
      },
      "ResponseBody": "",
      "ResponseHeaders": {
        "Content-Length": [
          "0"
        ],
        "Expires": [
          "-1"
        ],
        "Pragma": [
          "no-cache"
        ],
        "x-ms-ratelimit-remaining-subscription-reads": [
          "11989"
        ],
        "x-ms-request-id": [
          "1a88b081-44c0-4969-9519-d7114c6d8ffb"
        ],
        "x-ms-correlation-request-id": [
          "1a88b081-44c0-4969-9519-d7114c6d8ffb"
        ],
        "x-ms-routing-request-id": [
          "WESTUS2:20180911T001517Z:1a88b081-44c0-4969-9519-d7114c6d8ffb"
        ],
        "Strict-Transport-Security": [
          "max-age=31536000; includeSubDomains"
        ],
        "X-Content-Type-Options": [
          "nosniff"
        ],
        "Cache-Control": [
          "no-cache"
        ],
        "Date": [
          "Tue, 11 Sep 2018 00:15:17 GMT"
        ]
      },
      "StatusCode": 200
    },
    {
      "RequestUri": "/subscriptions/3dc13b6d-6896-40ac-98f7-f18cbce2a405/operationresults/eyJqb2JJZCI6IlJFU09VUkNFR1JPVVBERUxFVElPTkpPQi1QUzMyODEtV0VTVFVTIiwiam9iTG9jYXRpb24iOiJ3ZXN0dXMifQ?api-version=2016-09-01",
      "EncodedRequestUri": "L3N1YnNjcmlwdGlvbnMvM2RjMTNiNmQtNjg5Ni00MGFjLTk4ZjctZjE4Y2JjZTJhNDA1L29wZXJhdGlvbnJlc3VsdHMvZXlKcWIySkpaQ0k2SWxKRlUwOVZVa05GUjFKUFZWQkVSVXhGVkVsUFRrcFBRaTFRVXpNeU9ERXRWMFZUVkZWVElpd2lhbTlpVEc5allYUnBiMjRpT2lKM1pYTjBkWE1pZlE/YXBpLXZlcnNpb249MjAxNi0wOS0wMQ==",
      "RequestMethod": "GET",
      "RequestBody": "",
      "RequestHeaders": {
        "User-Agent": [
          "FxVersion/4.7.3132.0",
          "OSName/Windows10Enterprise",
          "OSVersion/6.3.16299",
          "Microsoft.Azure.Management.Internal.Resources.ResourceManagementClient/4.1.0"
        ]
      },
      "ResponseBody": "",
      "ResponseHeaders": {
        "Content-Length": [
          "0"
        ],
        "Expires": [
          "-1"
        ],
        "Pragma": [
          "no-cache"
        ],
        "x-ms-ratelimit-remaining-subscription-reads": [
          "11988"
        ],
        "x-ms-request-id": [
          "220d5d89-8d88-4de9-a5db-e3cb0e6c79f8"
        ],
        "x-ms-correlation-request-id": [
          "220d5d89-8d88-4de9-a5db-e3cb0e6c79f8"
        ],
        "x-ms-routing-request-id": [
          "WESTUS2:20180911T001517Z:220d5d89-8d88-4de9-a5db-e3cb0e6c79f8"
        ],
        "Strict-Transport-Security": [
          "max-age=31536000; includeSubDomains"
        ],
        "X-Content-Type-Options": [
          "nosniff"
        ],
        "Cache-Control": [
          "no-cache"
        ],
        "Date": [
          "Tue, 11 Sep 2018 00:15:17 GMT"
        ]
      },
      "StatusCode": 200
    }
  ],
  "Names": {
    "Test-LoadBalancerZones": [
      "ps3281",
      "ps5862",
      "ps6205",
      "ps5408",
      "ps7086"
    ]
  },
  "Variables": {
    "SubscriptionId": "3dc13b6d-6896-40ac-98f7-f18cbce2a405"
  }
}