{
  "Entries": [
    {
      "RequestUri": "/subscriptions/0b1f6471-1bf0-4dda-aec3-cb9272f09590/providers/Microsoft.Network?api-version=2016-02-01",
      "EncodedRequestUri": "L3N1YnNjcmlwdGlvbnMvMGIxZjY0NzEtMWJmMC00ZGRhLWFlYzMtY2I5MjcyZjA5NTkwL3Byb3ZpZGVycy9NaWNyb3NvZnQuTmV0d29yaz9hcGktdmVyc2lvbj0yMDE2LTAyLTAx",
      "RequestMethod": "GET",
      "RequestBody": "",
      "RequestHeaders": {
        "User-Agent": [
          "Microsoft.Azure.Management.Resources.ResourceManagementClient/2.0.0.0"
        ]
      },
      "ResponseBody": "{\r\n  \"id\": \"/subscriptions/0b1f6471-1bf0-4dda-aec3-cb9272f09590/providers/Microsoft.Network\",\r\n  \"namespace\": \"Microsoft.Network\",\r\n  \"authorization\": {\r\n    \"applicationId\": \"2cf9eb86-36b5-49dc-86ae-9a63135dfa8c\",\r\n    \"roleDefinitionId\": \"13ba9ab4-19f0-4804-adc4-14ece36cc7a1\"\r\n  },\r\n  \"resourceTypes\": [\r\n    {\r\n      \"resourceType\": \"virtualNetworks\",\r\n      \"locations\": [\r\n        \"West US\",\r\n        \"East US\",\r\n        \"North Europe\",\r\n        \"West Europe\",\r\n        \"East Asia\",\r\n        \"Southeast Asia\",\r\n        \"North Central US\",\r\n        \"South Central US\",\r\n        \"Central US\",\r\n        \"East US 2\",\r\n        \"Japan East\",\r\n        \"Japan West\",\r\n        \"Brazil South\",\r\n        \"Australia East\",\r\n        \"Australia Southeast\",\r\n        \"Central India\",\r\n        \"South India\",\r\n        \"Canada Central\",\r\n        \"Canada East\",\r\n        \"West Central US\",\r\n        \"West US 2\"\r\n      ],\r\n      \"apiVersions\": [\r\n        \"2016-07-01\",\r\n        \"2016-09-01\",\r\n        \"2016-03-30\",\r\n        \"2015-06-15\",\r\n        \"2015-05-01-preview\",\r\n        \"2014-12-01-preview\"\r\n      ],\r\n      \"capabilities\": \"CrossResourceGroupResourceMove, CrossSubscriptionResourceMove\"\r\n    },\r\n    {\r\n      \"resourceType\": \"publicIPAddresses\",\r\n      \"locations\": [\r\n        \"West US\",\r\n        \"East US\",\r\n        \"North Europe\",\r\n        \"West Europe\",\r\n        \"East Asia\",\r\n        \"Southeast Asia\",\r\n        \"North Central US\",\r\n        \"South Central US\",\r\n        \"Central US\",\r\n        \"East US 2\",\r\n        \"Japan East\",\r\n        \"Japan West\",\r\n        \"Brazil South\",\r\n        \"Australia East\",\r\n        \"Australia Southeast\",\r\n        \"Central India\",\r\n        \"South India\",\r\n        \"Canada Central\",\r\n        \"Canada East\",\r\n        \"West Central US\",\r\n        \"West US 2\"\r\n      ],\r\n      \"apiVersions\": [\r\n        \"2016-07-01\",\r\n        \"2016-09-01\",\r\n        \"2016-03-30\",\r\n        \"2015-06-15\",\r\n        \"2015-05-01-preview\",\r\n        \"2014-12-01-preview\"\r\n      ],\r\n      \"capabilities\": \"CrossResourceGroupResourceMove, CrossSubscriptionResourceMove\"\r\n    },\r\n    {\r\n      \"resourceType\": \"networkInterfaces\",\r\n      \"locations\": [\r\n        \"West US\",\r\n        \"East US\",\r\n        \"North Europe\",\r\n        \"West Europe\",\r\n        \"East Asia\",\r\n        \"Southeast Asia\",\r\n        \"North Central US\",\r\n        \"South Central US\",\r\n        \"Central US\",\r\n        \"East US 2\",\r\n        \"Japan East\",\r\n        \"Japan West\",\r\n        \"Brazil South\",\r\n        \"Australia East\",\r\n        \"Australia Southeast\",\r\n        \"Central India\",\r\n        \"South India\",\r\n        \"Canada Central\",\r\n        \"Canada East\",\r\n        \"West Central US\",\r\n        \"West US 2\"\r\n      ],\r\n      \"apiVersions\": [\r\n        \"2016-07-01\",\r\n        \"2016-09-01\",\r\n        \"2016-03-30\",\r\n        \"2015-06-15\",\r\n        \"2015-05-01-preview\",\r\n        \"2014-12-01-preview\"\r\n      ],\r\n      \"capabilities\": \"CrossResourceGroupResourceMove, CrossSubscriptionResourceMove\"\r\n    },\r\n    {\r\n      \"resourceType\": \"loadBalancers\",\r\n      \"locations\": [\r\n        \"West US\",\r\n        \"East US\",\r\n        \"North Europe\",\r\n        \"West Europe\",\r\n        \"East Asia\",\r\n        \"Southeast Asia\",\r\n        \"North Central US\",\r\n        \"South Central US\",\r\n        \"Central US\",\r\n        \"East US 2\",\r\n        \"Japan East\",\r\n        \"Japan West\",\r\n        \"Brazil South\",\r\n        \"Australia East\",\r\n        \"Australia Southeast\",\r\n        \"Central India\",\r\n        \"South India\",\r\n        \"Canada Central\",\r\n        \"Canada East\",\r\n        \"West Central US\",\r\n        \"West US 2\"\r\n      ],\r\n      \"apiVersions\": [\r\n        \"2016-07-01\",\r\n        \"2016-09-01\",\r\n        \"2016-03-30\",\r\n        \"2015-06-15\",\r\n        \"2015-05-01-preview\",\r\n        \"2014-12-01-preview\"\r\n      ],\r\n      \"capabilities\": \"CrossResourceGroupResourceMove, CrossSubscriptionResourceMove\"\r\n    },\r\n    {\r\n      \"resourceType\": \"networkSecurityGroups\",\r\n      \"locations\": [\r\n        \"West US\",\r\n        \"East US\",\r\n        \"North Europe\",\r\n        \"West Europe\",\r\n        \"East Asia\",\r\n        \"Southeast Asia\",\r\n        \"North Central US\",\r\n        \"South Central US\",\r\n        \"Central US\",\r\n        \"East US 2\",\r\n        \"Japan East\",\r\n        \"Japan West\",\r\n        \"Brazil South\",\r\n        \"Australia East\",\r\n        \"Australia Southeast\",\r\n        \"Central India\",\r\n        \"South India\",\r\n        \"Canada Central\",\r\n        \"Canada East\",\r\n        \"West Central US\",\r\n        \"West US 2\"\r\n      ],\r\n      \"apiVersions\": [\r\n        \"2016-07-01\",\r\n        \"2016-09-01\",\r\n        \"2016-03-30\",\r\n        \"2015-06-15\",\r\n        \"2015-05-01-preview\",\r\n        \"2014-12-01-preview\"\r\n      ],\r\n      \"capabilities\": \"CrossResourceGroupResourceMove, CrossSubscriptionResourceMove\"\r\n    },\r\n    {\r\n      \"resourceType\": \"routeTables\",\r\n      \"locations\": [\r\n        \"West US\",\r\n        \"East US\",\r\n        \"North Europe\",\r\n        \"West Europe\",\r\n        \"East Asia\",\r\n        \"Southeast Asia\",\r\n        \"North Central US\",\r\n        \"South Central US\",\r\n        \"Central US\",\r\n        \"East US 2\",\r\n        \"Japan East\",\r\n        \"Japan West\",\r\n        \"Brazil South\",\r\n        \"Australia East\",\r\n        \"Australia Southeast\",\r\n        \"Central India\",\r\n        \"South India\",\r\n        \"Canada Central\",\r\n        \"Canada East\",\r\n        \"West Central US\",\r\n        \"West US 2\"\r\n      ],\r\n      \"apiVersions\": [\r\n        \"2016-07-01\",\r\n        \"2016-09-01\",\r\n        \"2016-03-30\",\r\n        \"2015-06-15\",\r\n        \"2015-05-01-preview\",\r\n        \"2014-12-01-preview\"\r\n      ],\r\n      \"capabilities\": \"CrossResourceGroupResourceMove, CrossSubscriptionResourceMove\"\r\n    },\r\n    {\r\n      \"resourceType\": \"virtualNetworkGateways\",\r\n      \"locations\": [\r\n        \"West US\",\r\n        \"East US\",\r\n        \"North Europe\",\r\n        \"West Europe\",\r\n        \"East Asia\",\r\n        \"Southeast Asia\",\r\n        \"North Central US\",\r\n        \"South Central US\",\r\n        \"Central US\",\r\n        \"East US 2\",\r\n        \"Japan East\",\r\n        \"Japan West\",\r\n        \"Brazil South\",\r\n        \"Australia East\",\r\n        \"Australia Southeast\",\r\n        \"Central India\",\r\n        \"South India\",\r\n        \"Canada Central\",\r\n        \"Canada East\",\r\n        \"West Central US\",\r\n        \"West US 2\"\r\n      ],\r\n      \"apiVersions\": [\r\n        \"2016-07-01\",\r\n        \"2016-09-01\",\r\n        \"2016-03-30\",\r\n        \"2015-06-15\",\r\n        \"2015-05-01-preview\",\r\n        \"2014-12-01-preview\"\r\n      ],\r\n      \"capabilities\": \"None\"\r\n    },\r\n    {\r\n      \"resourceType\": \"localNetworkGateways\",\r\n      \"locations\": [\r\n        \"West US\",\r\n        \"East US\",\r\n        \"North Europe\",\r\n        \"West Europe\",\r\n        \"East Asia\",\r\n        \"Southeast Asia\",\r\n        \"North Central US\",\r\n        \"South Central US\",\r\n        \"Central US\",\r\n        \"East US 2\",\r\n        \"Japan East\",\r\n        \"Japan West\",\r\n        \"Brazil South\",\r\n        \"Australia East\",\r\n        \"Australia Southeast\",\r\n        \"Central India\",\r\n        \"South India\",\r\n        \"Canada Central\",\r\n        \"Canada East\",\r\n        \"West Central US\",\r\n        \"West US 2\"\r\n      ],\r\n      \"apiVersions\": [\r\n        \"2016-07-01\",\r\n        \"2016-09-01\",\r\n        \"2016-03-30\",\r\n        \"2015-06-15\",\r\n        \"2015-05-01-preview\",\r\n        \"2014-12-01-preview\"\r\n      ],\r\n      \"capabilities\": \"None\"\r\n    },\r\n    {\r\n      \"resourceType\": \"connections\",\r\n      \"locations\": [\r\n        \"West US\",\r\n        \"East US\",\r\n        \"North Europe\",\r\n        \"West Europe\",\r\n        \"East Asia\",\r\n        \"Southeast Asia\",\r\n        \"North Central US\",\r\n        \"South Central US\",\r\n        \"Central US\",\r\n        \"East US 2\",\r\n        \"Japan East\",\r\n        \"Japan West\",\r\n        \"Brazil South\",\r\n        \"Australia East\",\r\n        \"Australia Southeast\",\r\n        \"Central India\",\r\n        \"South India\",\r\n        \"Canada Central\",\r\n        \"Canada East\",\r\n        \"West Central US\",\r\n        \"West US 2\"\r\n      ],\r\n      \"apiVersions\": [\r\n        \"2016-07-01\",\r\n        \"2016-09-01\",\r\n        \"2016-03-30\",\r\n        \"2015-06-15\",\r\n        \"2015-05-01-preview\",\r\n        \"2014-12-01-preview\"\r\n      ],\r\n      \"capabilities\": \"None\"\r\n    },\r\n    {\r\n      \"resourceType\": \"applicationGateways\",\r\n      \"locations\": [\r\n        \"West US\",\r\n        \"East US\",\r\n        \"North Europe\",\r\n        \"West Europe\",\r\n        \"East Asia\",\r\n        \"Southeast Asia\",\r\n        \"North Central US\",\r\n        \"South Central US\",\r\n        \"Central US\",\r\n        \"East US 2\",\r\n        \"Japan East\",\r\n        \"Japan West\",\r\n        \"Brazil South\",\r\n        \"Australia East\",\r\n        \"Australia Southeast\",\r\n        \"Central India\",\r\n        \"South India\",\r\n        \"Canada Central\",\r\n        \"Canada East\",\r\n        \"West Central US\",\r\n        \"West US 2\"\r\n      ],\r\n      \"apiVersions\": [\r\n        \"2016-07-01\",\r\n        \"2016-09-01\",\r\n        \"2016-03-30\",\r\n        \"2015-06-15\",\r\n        \"2015-05-01-preview\",\r\n        \"2014-12-01-preview\"\r\n      ],\r\n      \"capabilities\": \"None\"\r\n    },\r\n    {\r\n      \"resourceType\": \"locations\",\r\n      \"locations\": [],\r\n      \"apiVersions\": [\r\n        \"2016-07-01\",\r\n        \"2016-09-01\",\r\n        \"2016-03-30\",\r\n        \"2015-06-15\",\r\n        \"2015-05-01-preview\",\r\n        \"2014-12-01-preview\"\r\n      ]\r\n    },\r\n    {\r\n      \"resourceType\": \"locations/operations\",\r\n      \"locations\": [],\r\n      \"apiVersions\": [\r\n        \"2016-07-01\",\r\n        \"2016-09-01\",\r\n        \"2016-03-30\",\r\n        \"2015-06-15\",\r\n        \"2015-05-01-preview\",\r\n        \"2014-12-01-preview\"\r\n      ]\r\n    },\r\n    {\r\n      \"resourceType\": \"locations/operationResults\",\r\n      \"locations\": [],\r\n      \"apiVersions\": [\r\n        \"2016-07-01\",\r\n        \"2016-09-01\",\r\n        \"2016-03-30\",\r\n        \"2015-06-15\",\r\n        \"2015-05-01-preview\",\r\n        \"2014-12-01-preview\"\r\n      ]\r\n    },\r\n    {\r\n      \"resourceType\": \"locations/CheckDnsNameAvailability\",\r\n      \"locations\": [\r\n        \"West US\",\r\n        \"East US\",\r\n        \"North Europe\",\r\n        \"West Europe\",\r\n        \"East Asia\",\r\n        \"Southeast Asia\",\r\n        \"North Central US\",\r\n        \"South Central US\",\r\n        \"Central US\",\r\n        \"East US 2\",\r\n        \"Japan East\",\r\n        \"Japan West\",\r\n        \"Brazil South\",\r\n        \"Australia East\",\r\n        \"Australia Southeast\",\r\n        \"Central India\",\r\n        \"South India\",\r\n        \"Canada Central\",\r\n        \"Canada East\",\r\n        \"West Central US\",\r\n        \"West US 2\"\r\n      ],\r\n      \"apiVersions\": [\r\n        \"2016-07-01\",\r\n        \"2016-09-01\",\r\n        \"2016-03-30\",\r\n        \"2015-06-15\",\r\n        \"2015-05-01-preview\",\r\n        \"2014-12-01-preview\"\r\n      ]\r\n    },\r\n    {\r\n      \"resourceType\": \"locations/usages\",\r\n      \"locations\": [\r\n        \"West US\",\r\n        \"East US\",\r\n        \"North Europe\",\r\n        \"West Europe\",\r\n        \"East Asia\",\r\n        \"Southeast Asia\",\r\n        \"North Central US\",\r\n        \"South Central US\",\r\n        \"Central US\",\r\n        \"East US 2\",\r\n        \"Japan East\",\r\n        \"Japan West\",\r\n        \"Brazil South\",\r\n        \"Australia East\",\r\n        \"Australia Southeast\",\r\n        \"Central India\",\r\n        \"South India\",\r\n        \"Canada Central\",\r\n        \"Canada East\",\r\n        \"West Central US\",\r\n        \"West US 2\"\r\n      ],\r\n      \"apiVersions\": [\r\n        \"2016-07-01\",\r\n        \"2016-09-01\",\r\n        \"2016-03-30\",\r\n        \"2015-06-15\",\r\n        \"2015-05-01-preview\",\r\n        \"2014-12-01-preview\"\r\n      ]\r\n    },\r\n    {\r\n      \"resourceType\": \"operations\",\r\n      \"locations\": [],\r\n      \"apiVersions\": [\r\n        \"2016-07-01\",\r\n        \"2016-09-01\",\r\n        \"2016-03-30\",\r\n        \"2015-06-15\",\r\n        \"2015-05-01-preview\",\r\n        \"2014-12-01-preview\"\r\n      ]\r\n    },\r\n    {\r\n      \"resourceType\": \"dnszones\",\r\n      \"locations\": [\r\n        \"global\"\r\n      ],\r\n      \"apiVersions\": [\r\n        \"2016-04-01\",\r\n        \"2015-05-04-preview\"\r\n      ],\r\n      \"capabilities\": \"CrossResourceGroupResourceMove, CrossSubscriptionResourceMove\"\r\n    },\r\n    {\r\n      \"resourceType\": \"dnsOperationResults\",\r\n      \"locations\": [\r\n        \"global\"\r\n      ],\r\n      \"apiVersions\": [\r\n        \"2016-04-01\"\r\n      ]\r\n    },\r\n    {\r\n      \"resourceType\": \"dnsOperationStatuses\",\r\n      \"locations\": [\r\n        \"global\"\r\n      ],\r\n      \"apiVersions\": [\r\n        \"2016-04-01\"\r\n      ]\r\n    },\r\n    {\r\n      \"resourceType\": \"dnszones/A\",\r\n      \"locations\": [\r\n        \"global\"\r\n      ],\r\n      \"apiVersions\": [\r\n        \"2016-04-01\",\r\n        \"2015-05-04-preview\"\r\n      ]\r\n    },\r\n    {\r\n      \"resourceType\": \"dnszones/AAAA\",\r\n      \"locations\": [\r\n        \"global\"\r\n      ],\r\n      \"apiVersions\": [\r\n        \"2016-04-01\",\r\n        \"2015-05-04-preview\"\r\n      ]\r\n    },\r\n    {\r\n      \"resourceType\": \"dnszones/CNAME\",\r\n      \"locations\": [\r\n        \"global\"\r\n      ],\r\n      \"apiVersions\": [\r\n        \"2016-04-01\",\r\n        \"2015-05-04-preview\"\r\n      ]\r\n    },\r\n    {\r\n      \"resourceType\": \"dnszones/PTR\",\r\n      \"locations\": [\r\n        \"global\"\r\n      ],\r\n      \"apiVersions\": [\r\n        \"2016-04-01\",\r\n        \"2015-05-04-preview\"\r\n      ]\r\n    },\r\n    {\r\n      \"resourceType\": \"dnszones/MX\",\r\n      \"locations\": [\r\n        \"global\"\r\n      ],\r\n      \"apiVersions\": [\r\n        \"2016-04-01\",\r\n        \"2015-05-04-preview\"\r\n      ]\r\n    },\r\n    {\r\n      \"resourceType\": \"dnszones/TXT\",\r\n      \"locations\": [\r\n        \"global\"\r\n      ],\r\n      \"apiVersions\": [\r\n        \"2016-04-01\",\r\n        \"2015-05-04-preview\"\r\n      ]\r\n    },\r\n    {\r\n      \"resourceType\": \"dnszones/SRV\",\r\n      \"locations\": [\r\n        \"global\"\r\n      ],\r\n      \"apiVersions\": [\r\n        \"2016-04-01\",\r\n        \"2015-05-04-preview\"\r\n      ]\r\n    },\r\n    {\r\n      \"resourceType\": \"trafficmanagerprofiles\",\r\n      \"locations\": [\r\n        \"global\"\r\n      ],\r\n      \"apiVersions\": [\r\n        \"2015-11-01\",\r\n        \"2015-04-28-preview\"\r\n      ],\r\n      \"capabilities\": \"CrossResourceGroupResourceMove, CrossSubscriptionResourceMove\"\r\n    },\r\n    {\r\n      \"resourceType\": \"checkTrafficManagerNameAvailability\",\r\n      \"locations\": [\r\n        \"global\"\r\n      ],\r\n      \"apiVersions\": [\r\n        \"2015-11-01\",\r\n        \"2015-04-28-preview\"\r\n      ]\r\n    },\r\n    {\r\n      \"resourceType\": \"expressRouteCircuits\",\r\n      \"locations\": [\r\n        \"West US\",\r\n        \"East US\",\r\n        \"North Europe\",\r\n        \"West Europe\",\r\n        \"East Asia\",\r\n        \"Southeast Asia\",\r\n        \"North Central US\",\r\n        \"South Central US\",\r\n        \"Central US\",\r\n        \"East US 2\",\r\n        \"Japan East\",\r\n        \"Japan West\",\r\n        \"Brazil South\",\r\n        \"Australia East\",\r\n        \"Australia Southeast\",\r\n        \"Central India\",\r\n        \"South India\",\r\n        \"Canada Central\",\r\n        \"Canada East\",\r\n        \"West Central US\",\r\n        \"West US 2\"\r\n      ],\r\n      \"apiVersions\": [\r\n        \"2016-07-01\",\r\n        \"2016-09-01\",\r\n        \"2016-03-30\",\r\n        \"2015-06-15\",\r\n        \"2015-05-01-preview\",\r\n        \"2014-12-01-preview\"\r\n      ],\r\n      \"capabilities\": \"None\"\r\n    },\r\n    {\r\n      \"resourceType\": \"expressRouteServiceProviders\",\r\n      \"locations\": [],\r\n      \"apiVersions\": [\r\n        \"2016-07-01\",\r\n        \"2016-09-01\",\r\n        \"2016-03-30\",\r\n        \"2015-06-15\",\r\n        \"2015-05-01-preview\",\r\n        \"2014-12-01-preview\"\r\n      ]\r\n    }\r\n  ],\r\n  \"registrationState\": \"Registered\"\r\n}",
      "ResponseHeaders": {
        "Content-Length": [
          "9288"
        ],
        "Content-Type": [
          "application/json; charset=utf-8"
        ],
        "Expires": [
          "-1"
        ],
        "Pragma": [
          "no-cache"
        ],
        "x-ms-ratelimit-remaining-subscription-reads": [
          "14968"
        ],
        "x-ms-request-id": [
          "41a84cdd-d70b-4173-aea2-5e1183b0d4e1"
        ],
        "x-ms-correlation-request-id": [
          "41a84cdd-d70b-4173-aea2-5e1183b0d4e1"
        ],
        "x-ms-routing-request-id": [
          "WESTUS2:20160722T234005Z:41a84cdd-d70b-4173-aea2-5e1183b0d4e1"
        ],
        "Strict-Transport-Security": [
          "max-age=31536000; includeSubDomains"
        ],
        "Cache-Control": [
          "no-cache"
        ],
        "Date": [
          "Fri, 22 Jul 2016 23:40:04 GMT"
        ]
      },
      "StatusCode": 200
    },
    {
      "RequestUri": "/subscriptions/0b1f6471-1bf0-4dda-aec3-cb9272f09590/resourcegroups/onesdk4881?api-version=2016-02-01",
      "EncodedRequestUri": "L3N1YnNjcmlwdGlvbnMvMGIxZjY0NzEtMWJmMC00ZGRhLWFlYzMtY2I5MjcyZjA5NTkwL3Jlc291cmNlZ3JvdXBzL29uZXNkazQ4ODE/YXBpLXZlcnNpb249MjAxNi0wMi0wMQ==",
      "RequestMethod": "PUT",
      "RequestBody": "{\r\n  \"location\": \"West US\"\r\n}",
      "RequestHeaders": {
        "Content-Type": [
          "application/json; charset=utf-8"
        ],
        "Content-Length": [
          "29"
        ],
        "User-Agent": [
          "Microsoft.Azure.Management.Resources.ResourceManagementClient/2.0.0.0"
        ]
      },
      "ResponseBody": "{\r\n  \"id\": \"/subscriptions/0b1f6471-1bf0-4dda-aec3-cb9272f09590/resourceGroups/onesdk4881\",\r\n  \"name\": \"onesdk4881\",\r\n  \"location\": \"westus\",\r\n  \"properties\": {\r\n    \"provisioningState\": \"Succeeded\"\r\n  }\r\n}",
      "ResponseHeaders": {
        "Content-Length": [
          "173"
        ],
        "Content-Type": [
          "application/json; charset=utf-8"
        ],
        "Expires": [
          "-1"
        ],
        "Pragma": [
          "no-cache"
        ],
        "x-ms-ratelimit-remaining-subscription-writes": [
          "1191"
        ],
        "x-ms-request-id": [
          "1bafaace-12fa-4087-bb9a-2643a713c59c"
        ],
        "x-ms-correlation-request-id": [
          "1bafaace-12fa-4087-bb9a-2643a713c59c"
        ],
        "x-ms-routing-request-id": [
          "WESTUS2:20160722T234006Z:1bafaace-12fa-4087-bb9a-2643a713c59c"
        ],
        "Strict-Transport-Security": [
          "max-age=31536000; includeSubDomains"
        ],
        "Cache-Control": [
          "no-cache"
        ],
        "Date": [
          "Fri, 22 Jul 2016 23:40:05 GMT"
        ]
      },
      "StatusCode": 201
    },
    {
      "RequestUri": "/subscriptions/0b1f6471-1bf0-4dda-aec3-cb9272f09590/resourceGroups/onesdk4881/providers/Microsoft.Network/publicIPAddresses/onesdk1834?api-version=2016-09-01",
      "EncodedRequestUri": "L3N1YnNjcmlwdGlvbnMvMGIxZjY0NzEtMWJmMC00ZGRhLWFlYzMtY2I5MjcyZjA5NTkwL3Jlc291cmNlR3JvdXBzL29uZXNkazQ4ODEvcHJvdmlkZXJzL01pY3Jvc29mdC5OZXR3b3JrL3B1YmxpY0lQQWRkcmVzc2VzL29uZXNkazE4MzQ/YXBpLXZlcnNpb249MjAxNi0wOS0wMQ==",
      "RequestMethod": "GET",
      "RequestBody": "",
      "RequestHeaders": {
        "x-ms-client-request-id": [
          "4845dfe8-28d2-4089-a7f5-b2e88c8f2803"
        ],
        "accept-language": [
          "en-US"
        ],
        "User-Agent": [
          "Microsoft.Azure.Management.Network.NetworkManagementClient/5.0.1-preview"
        ]
      },
      "ResponseBody": "{\r\n  \"error\": {\r\n    \"code\": \"ResourceNotFound\",\r\n    \"message\": \"The Resource 'Microsoft.Network/publicIPAddresses/onesdk1834' under resource group 'onesdk4881' was not found.\"\r\n  }\r\n}",
      "ResponseHeaders": {
        "Content-Length": [
          "160"
        ],
        "Content-Type": [
          "application/json; charset=utf-8"
        ],
        "Expires": [
          "-1"
        ],
        "Pragma": [
          "no-cache"
        ],
        "x-ms-failure-cause": [
          "gateway"
        ],
        "x-ms-request-id": [
          "e9eb730f-961f-48f8-adf4-397418c12c55"
        ],
        "x-ms-correlation-request-id": [
          "e9eb730f-961f-48f8-adf4-397418c12c55"
        ],
        "x-ms-routing-request-id": [
          "WESTUS2:20160722T234007Z:e9eb730f-961f-48f8-adf4-397418c12c55"
        ],
        "Strict-Transport-Security": [
          "max-age=31536000; includeSubDomains"
        ],
        "Cache-Control": [
          "no-cache"
        ],
        "Date": [
          "Fri, 22 Jul 2016 23:40:07 GMT"
        ]
      },
      "StatusCode": 404
    },
    {
      "RequestUri": "/subscriptions/0b1f6471-1bf0-4dda-aec3-cb9272f09590/resourceGroups/onesdk4881/providers/Microsoft.Network/publicIPAddresses/onesdk1834?api-version=2016-09-01",
      "EncodedRequestUri": "L3N1YnNjcmlwdGlvbnMvMGIxZjY0NzEtMWJmMC00ZGRhLWFlYzMtY2I5MjcyZjA5NTkwL3Jlc291cmNlR3JvdXBzL29uZXNkazQ4ODEvcHJvdmlkZXJzL01pY3Jvc29mdC5OZXR3b3JrL3B1YmxpY0lQQWRkcmVzc2VzL29uZXNkazE4MzQ/YXBpLXZlcnNpb249MjAxNi0wOS0wMQ==",
      "RequestMethod": "GET",
      "RequestBody": "",
      "RequestHeaders": {
        "User-Agent": [
          "Microsoft.Azure.Management.Network.NetworkManagementClient/5.0.1-preview"
        ]
      },
      "ResponseBody": "{\r\n  \"name\": \"onesdk1834\",\r\n  \"id\": \"/subscriptions/0b1f6471-1bf0-4dda-aec3-cb9272f09590/resourceGroups/onesdk4881/providers/Microsoft.Network/publicIPAddresses/onesdk1834\",\r\n  \"etag\": \"W/\\\"c868ea6b-3279-4832-8026-d82e8a8dfc49\\\"\",\r\n  \"type\": \"Microsoft.Network/publicIPAddresses\",\r\n  \"location\": \"westus\",\r\n  \"properties\": {\r\n    \"provisioningState\": \"Succeeded\",\r\n    \"resourceGuid\": \"a0147d1f-bdb9-468c-9bca-c4742da5ac20\",\r\n    \"publicIPAddressVersion\": \"IPv4\",\r\n    \"publicIPAllocationMethod\": \"Dynamic\",\r\n    \"idleTimeoutInMinutes\": 4,\r\n    \"dnsSettings\": {\r\n      \"domainNameLabel\": \"onesdk8612\",\r\n      \"fqdn\": \"onesdk8612.westus.cloudapp.azure.com\"\r\n    }\r\n  }\r\n}",
      "ResponseHeaders": {
        "Content-Length": [
          "670"
        ],
        "Content-Type": [
          "application/json; charset=utf-8"
        ],
        "Expires": [
          "-1"
        ],
        "Pragma": [
          "no-cache"
        ],
        "x-ms-request-id": [
          "be151476-1a5b-440c-a0b6-2d0afc3cdf7d"
        ],
        "Strict-Transport-Security": [
          "max-age=31536000; includeSubDomains"
        ],
        "Cache-Control": [
          "no-cache"
        ],
        "ETag": [
          "W/\"c868ea6b-3279-4832-8026-d82e8a8dfc49\""
        ],
        "Server": [
          "Microsoft-HTTPAPI/2.0",
          "Microsoft-HTTPAPI/2.0"
        ],
        "x-ms-ratelimit-remaining-subscription-reads": [
          "14965"
        ],
        "x-ms-correlation-request-id": [
          "2caf83a4-5a0d-42d2-83e1-405a68880da0"
        ],
        "x-ms-routing-request-id": [
          "WESTUS2:20160722T234039Z:2caf83a4-5a0d-42d2-83e1-405a68880da0"
        ],
        "Date": [
          "Fri, 22 Jul 2016 23:40:38 GMT"
        ]
      },
      "StatusCode": 200
    },
    {
      "RequestUri": "/subscriptions/0b1f6471-1bf0-4dda-aec3-cb9272f09590/resourceGroups/onesdk4881/providers/Microsoft.Network/publicIPAddresses/onesdk1834?api-version=2016-09-01",
      "EncodedRequestUri": "L3N1YnNjcmlwdGlvbnMvMGIxZjY0NzEtMWJmMC00ZGRhLWFlYzMtY2I5MjcyZjA5NTkwL3Jlc291cmNlR3JvdXBzL29uZXNkazQ4ODEvcHJvdmlkZXJzL01pY3Jvc29mdC5OZXR3b3JrL3B1YmxpY0lQQWRkcmVzc2VzL29uZXNkazE4MzQ/YXBpLXZlcnNpb249MjAxNi0wOS0wMQ==",
      "RequestMethod": "GET",
      "RequestBody": "",
      "RequestHeaders": {
        "x-ms-client-request-id": [
          "566fe987-e73f-4231-8753-3777949be036"
        ],
        "accept-language": [
          "en-US"
        ],
        "User-Agent": [
          "Microsoft.Azure.Management.Network.NetworkManagementClient/5.0.1-preview"
        ]
      },
      "ResponseBody": "{\r\n  \"name\": \"onesdk1834\",\r\n  \"id\": \"/subscriptions/0b1f6471-1bf0-4dda-aec3-cb9272f09590/resourceGroups/onesdk4881/providers/Microsoft.Network/publicIPAddresses/onesdk1834\",\r\n  \"etag\": \"W/\\\"c868ea6b-3279-4832-8026-d82e8a8dfc49\\\"\",\r\n  \"type\": \"Microsoft.Network/publicIPAddresses\",\r\n  \"location\": \"westus\",\r\n  \"properties\": {\r\n    \"provisioningState\": \"Succeeded\",\r\n    \"resourceGuid\": \"a0147d1f-bdb9-468c-9bca-c4742da5ac20\",\r\n    \"publicIPAddressVersion\": \"IPv4\",\r\n    \"publicIPAllocationMethod\": \"Dynamic\",\r\n    \"idleTimeoutInMinutes\": 4,\r\n    \"dnsSettings\": {\r\n      \"domainNameLabel\": \"onesdk8612\",\r\n      \"fqdn\": \"onesdk8612.westus.cloudapp.azure.com\"\r\n    }\r\n  }\r\n}",
      "ResponseHeaders": {
        "Content-Length": [
          "670"
        ],
        "Content-Type": [
          "application/json; charset=utf-8"
        ],
        "Expires": [
          "-1"
        ],
        "Pragma": [
          "no-cache"
        ],
        "x-ms-request-id": [
          "1faeff78-2726-4229-8c89-23749180a997"
        ],
        "Strict-Transport-Security": [
          "max-age=31536000; includeSubDomains"
        ],
        "Cache-Control": [
          "no-cache"
        ],
        "ETag": [
          "W/\"c868ea6b-3279-4832-8026-d82e8a8dfc49\""
        ],
        "Server": [
          "Microsoft-HTTPAPI/2.0",
          "Microsoft-HTTPAPI/2.0"
        ],
        "x-ms-ratelimit-remaining-subscription-reads": [
          "14964"
        ],
        "x-ms-correlation-request-id": [
          "5131622e-a7cc-4264-8687-f1f676806b61"
        ],
        "x-ms-routing-request-id": [
          "WESTUS2:20160722T234039Z:5131622e-a7cc-4264-8687-f1f676806b61"
        ],
        "Date": [
          "Fri, 22 Jul 2016 23:40:38 GMT"
        ]
      },
      "StatusCode": 200
    },
    {
      "RequestUri": "/subscriptions/0b1f6471-1bf0-4dda-aec3-cb9272f09590/resourceGroups/onesdk4881/providers/Microsoft.Network/publicIPAddresses/onesdk1834?api-version=2016-09-01",
      "EncodedRequestUri": "L3N1YnNjcmlwdGlvbnMvMGIxZjY0NzEtMWJmMC00ZGRhLWFlYzMtY2I5MjcyZjA5NTkwL3Jlc291cmNlR3JvdXBzL29uZXNkazQ4ODEvcHJvdmlkZXJzL01pY3Jvc29mdC5OZXR3b3JrL3B1YmxpY0lQQWRkcmVzc2VzL29uZXNkazE4MzQ/YXBpLXZlcnNpb249MjAxNi0wOS0wMQ==",
      "RequestMethod": "PUT",
      "RequestBody": "{\r\n  \"properties\": {\r\n    \"publicIPAllocationMethod\": \"Dynamic\",\r\n    \"dnsSettings\": {\r\n      \"domainNameLabel\": \"onesdk8612\"\r\n    }\r\n  },\r\n  \"location\": \"West US\"\r\n}",
      "RequestHeaders": {
        "Content-Type": [
          "application/json; charset=utf-8"
        ],
        "Content-Length": [
          "166"
        ],
        "x-ms-client-request-id": [
          "8fcff0e8-f3a9-41a7-81ec-31cf2f27ba3e"
        ],
        "accept-language": [
          "en-US"
        ],
        "User-Agent": [
          "Microsoft.Azure.Management.Network.NetworkManagementClient/5.0.1-preview"
        ]
      },
      "ResponseBody": "{\r\n  \"name\": \"onesdk1834\",\r\n  \"id\": \"/subscriptions/0b1f6471-1bf0-4dda-aec3-cb9272f09590/resourceGroups/onesdk4881/providers/Microsoft.Network/publicIPAddresses/onesdk1834\",\r\n  \"etag\": \"W/\\\"e040343b-cce7-40f0-bfdc-f85817dc83ce\\\"\",\r\n  \"type\": \"Microsoft.Network/publicIPAddresses\",\r\n  \"location\": \"westus\",\r\n  \"properties\": {\r\n    \"provisioningState\": \"Updating\",\r\n    \"resourceGuid\": \"a0147d1f-bdb9-468c-9bca-c4742da5ac20\",\r\n    \"publicIPAddressVersion\": \"IPv4\",\r\n    \"publicIPAllocationMethod\": \"Dynamic\",\r\n    \"idleTimeoutInMinutes\": 4,\r\n    \"dnsSettings\": {\r\n      \"domainNameLabel\": \"onesdk8612\",\r\n      \"fqdn\": \"onesdk8612.westus.cloudapp.azure.com\"\r\n    }\r\n  }\r\n}",
      "ResponseHeaders": {
        "Content-Length": [
          "669"
        ],
        "Content-Type": [
          "application/json; charset=utf-8"
        ],
        "Expires": [
          "-1"
        ],
        "Pragma": [
          "no-cache"
        ],
        "Retry-After": [
          "10"
        ],
        "x-ms-request-id": [
          "3dca0e45-d2bb-43cb-815e-62b972031e85"
        ],
        "Azure-AsyncOperation": [
          "https://management.azure.com/subscriptions/0b1f6471-1bf0-4dda-aec3-cb9272f09590/providers/Microsoft.Network/locations/westus/operations/3dca0e45-d2bb-43cb-815e-62b972031e85?api-version=2016-09-01"
        ],
        "Strict-Transport-Security": [
          "max-age=31536000; includeSubDomains"
        ],
        "Cache-Control": [
          "no-cache"
        ],
        "Server": [
          "Microsoft-HTTPAPI/2.0",
          "Microsoft-HTTPAPI/2.0"
        ],
        "x-ms-ratelimit-remaining-subscription-writes": [
          "1196"
        ],
        "x-ms-correlation-request-id": [
          "c6d6cd8c-69a3-4882-ae49-0388ba055b71"
        ],
        "x-ms-routing-request-id": [
          "WESTUS2:20160722T234008Z:c6d6cd8c-69a3-4882-ae49-0388ba055b71"
        ],
        "Date": [
          "Fri, 22 Jul 2016 23:40:08 GMT"
        ]
      },
      "StatusCode": 201
    },
    {
      "RequestUri": "/subscriptions/0b1f6471-1bf0-4dda-aec3-cb9272f09590/providers/Microsoft.Network/locations/westus/operations/3dca0e45-d2bb-43cb-815e-62b972031e85?api-version=2016-09-01",
      "EncodedRequestUri": "L3N1YnNjcmlwdGlvbnMvMGIxZjY0NzEtMWJmMC00ZGRhLWFlYzMtY2I5MjcyZjA5NTkwL3Byb3ZpZGVycy9NaWNyb3NvZnQuTmV0d29yay9sb2NhdGlvbnMvd2VzdHVzL29wZXJhdGlvbnMvM2RjYTBlNDUtZDJiYi00M2NiLTgxNWUtNjJiOTcyMDMxZTg1P2FwaS12ZXJzaW9uPTIwMTYtMDktMDE=",
      "RequestMethod": "GET",
      "RequestBody": "",
      "RequestHeaders": {
        "User-Agent": [
          "Microsoft.Azure.Management.Network.NetworkManagementClient/5.0.1-preview"
        ]
      },
      "ResponseBody": "{\r\n  \"status\": \"Succeeded\"\r\n}",
      "ResponseHeaders": {
        "Content-Length": [
          "29"
        ],
        "Content-Type": [
          "application/json; charset=utf-8"
        ],
        "Expires": [
          "-1"
        ],
        "Pragma": [
          "no-cache"
        ],
        "x-ms-request-id": [
          "61ada680-ecda-41cd-86cc-99503836b2c2"
        ],
        "Strict-Transport-Security": [
          "max-age=31536000; includeSubDomains"
        ],
        "Cache-Control": [
          "no-cache"
        ],
        "Server": [
          "Microsoft-HTTPAPI/2.0",
          "Microsoft-HTTPAPI/2.0"
        ],
        "x-ms-ratelimit-remaining-subscription-reads": [
          "14966"
        ],
        "x-ms-correlation-request-id": [
          "1082d873-7ec4-44bc-a49d-ce4511ca6070"
        ],
        "x-ms-routing-request-id": [
          "WESTUS2:20160722T234039Z:1082d873-7ec4-44bc-a49d-ce4511ca6070"
        ],
        "Date": [
          "Fri, 22 Jul 2016 23:40:38 GMT"
        ]
      },
      "StatusCode": 200
    },
    {
      "RequestUri": "/subscriptions/0b1f6471-1bf0-4dda-aec3-cb9272f09590/resourceGroups/onesdk4881/providers/Microsoft.Network/loadBalancers/onesdk2756?api-version=2016-09-01",
      "EncodedRequestUri": "L3N1YnNjcmlwdGlvbnMvMGIxZjY0NzEtMWJmMC00ZGRhLWFlYzMtY2I5MjcyZjA5NTkwL3Jlc291cmNlR3JvdXBzL29uZXNkazQ4ODEvcHJvdmlkZXJzL01pY3Jvc29mdC5OZXR3b3JrL2xvYWRCYWxhbmNlcnMvb25lc2RrMjc1Nj9hcGktdmVyc2lvbj0yMDE2LTA5LTAx",
      "RequestMethod": "GET",
      "RequestBody": "",
      "RequestHeaders": {
        "x-ms-client-request-id": [
          "70c8dc9b-0231-42e8-a3fa-3b2f6c7ca078"
        ],
        "accept-language": [
          "en-US"
        ],
        "User-Agent": [
          "Microsoft.Azure.Management.Network.NetworkManagementClient/5.0.1-preview"
        ]
      },
      "ResponseBody": "{\r\n  \"error\": {\r\n    \"code\": \"ResourceNotFound\",\r\n    \"message\": \"The Resource 'Microsoft.Network/loadBalancers/onesdk2756' under resource group 'onesdk4881' was not found.\"\r\n  }\r\n}",
      "ResponseHeaders": {
        "Content-Length": [
          "156"
        ],
        "Content-Type": [
          "application/json; charset=utf-8"
        ],
        "Expires": [
          "-1"
        ],
        "Pragma": [
          "no-cache"
        ],
        "x-ms-failure-cause": [
          "gateway"
        ],
        "x-ms-request-id": [
          "d4fcef8e-291b-47b6-bc56-088cc4b81edb"
        ],
        "x-ms-correlation-request-id": [
          "d4fcef8e-291b-47b6-bc56-088cc4b81edb"
        ],
        "x-ms-routing-request-id": [
          "WESTUS2:20160722T234039Z:d4fcef8e-291b-47b6-bc56-088cc4b81edb"
        ],
        "Strict-Transport-Security": [
          "max-age=31536000; includeSubDomains"
        ],
        "Cache-Control": [
          "no-cache"
        ],
        "Date": [
          "Fri, 22 Jul 2016 23:40:38 GMT"
        ]
      },
      "StatusCode": 404
    },
    {
      "RequestUri": "/subscriptions/0b1f6471-1bf0-4dda-aec3-cb9272f09590/resourceGroups/onesdk4881/providers/Microsoft.Network/loadBalancers/onesdk2756?api-version=2016-09-01",
      "EncodedRequestUri": "L3N1YnNjcmlwdGlvbnMvMGIxZjY0NzEtMWJmMC00ZGRhLWFlYzMtY2I5MjcyZjA5NTkwL3Jlc291cmNlR3JvdXBzL29uZXNkazQ4ODEvcHJvdmlkZXJzL01pY3Jvc29mdC5OZXR3b3JrL2xvYWRCYWxhbmNlcnMvb25lc2RrMjc1Nj9hcGktdmVyc2lvbj0yMDE2LTA5LTAx",
      "RequestMethod": "GET",
      "RequestBody": "",
      "RequestHeaders": {
        "User-Agent": [
          "Microsoft.Azure.Management.Network.NetworkManagementClient/5.0.1-preview"
        ]
      },
      "ResponseBody": "{\r\n  \"name\": \"onesdk2756\",\r\n  \"id\": \"/subscriptions/0b1f6471-1bf0-4dda-aec3-cb9272f09590/resourceGroups/onesdk4881/providers/Microsoft.Network/loadBalancers/onesdk2756\",\r\n  \"etag\": \"W/\\\"f65f3309-7cd5-4846-b946-a97406579529\\\"\",\r\n  \"type\": \"Microsoft.Network/loadBalancers\",\r\n  \"location\": \"westus\",\r\n  \"properties\": {\r\n    \"provisioningState\": \"Succeeded\",\r\n    \"resourceGuid\": \"351936d3-cc07-4ef9-a83a-6f6312b7c890\",\r\n    \"frontendIPConfigurations\": [\r\n      {\r\n        \"name\": \"onesdk4488\",\r\n        \"id\": \"/subscriptions/0b1f6471-1bf0-4dda-aec3-cb9272f09590/resourceGroups/onesdk4881/providers/Microsoft.Network/loadBalancers/onesdk2756/frontendIPConfigurations/onesdk4488\",\r\n        \"etag\": \"W/\\\"f65f3309-7cd5-4846-b946-a97406579529\\\"\",\r\n        \"properties\": {\r\n          \"provisioningState\": \"Succeeded\",\r\n          \"privateIPAllocationMethod\": \"Dynamic\",\r\n          \"publicIPAddress\": {\r\n            \"id\": \"/subscriptions/0b1f6471-1bf0-4dda-aec3-cb9272f09590/resourceGroups/onesdk4881/providers/Microsoft.Network/publicIPAddresses/onesdk1834\"\r\n          },\r\n          \"loadBalancingRules\": [\r\n            {\r\n              \"id\": \"/subscriptions/0b1f6471-1bf0-4dda-aec3-cb9272f09590/resourceGroups/onesdk4881/providers/Microsoft.Network/loadBalancers/onesdk2756/loadBalancingRules/onesdk2084\"\r\n            }\r\n          ],\r\n          \"inboundNatRules\": [\r\n            {\r\n              \"id\": \"/subscriptions/0b1f6471-1bf0-4dda-aec3-cb9272f09590/resourceGroups/onesdk4881/providers/Microsoft.Network/loadBalancers/onesdk2756/inboundNatRules/onesdk1850\"\r\n            }\r\n          ]\r\n        }\r\n      }\r\n    ],\r\n    \"backendAddressPools\": [\r\n      {\r\n        \"name\": \"onesdk4593\",\r\n        \"id\": \"/subscriptions/0b1f6471-1bf0-4dda-aec3-cb9272f09590/resourceGroups/onesdk4881/providers/Microsoft.Network/loadBalancers/onesdk2756/backendAddressPools/onesdk4593\",\r\n        \"etag\": \"W/\\\"f65f3309-7cd5-4846-b946-a97406579529\\\"\",\r\n        \"properties\": {\r\n          \"provisioningState\": \"Succeeded\",\r\n          \"loadBalancingRules\": [\r\n            {\r\n              \"id\": \"/subscriptions/0b1f6471-1bf0-4dda-aec3-cb9272f09590/resourceGroups/onesdk4881/providers/Microsoft.Network/loadBalancers/onesdk2756/loadBalancingRules/onesdk2084\"\r\n            }\r\n          ]\r\n        }\r\n      }\r\n    ],\r\n    \"loadBalancingRules\": [\r\n      {\r\n        \"name\": \"onesdk2084\",\r\n        \"id\": \"/subscriptions/0b1f6471-1bf0-4dda-aec3-cb9272f09590/resourceGroups/onesdk4881/providers/Microsoft.Network/loadBalancers/onesdk2756/loadBalancingRules/onesdk2084\",\r\n        \"etag\": \"W/\\\"f65f3309-7cd5-4846-b946-a97406579529\\\"\",\r\n        \"properties\": {\r\n          \"provisioningState\": \"Succeeded\",\r\n          \"frontendIPConfiguration\": {\r\n            \"id\": \"/subscriptions/0b1f6471-1bf0-4dda-aec3-cb9272f09590/resourceGroups/onesdk4881/providers/Microsoft.Network/loadBalancers/onesdk2756/frontendIPConfigurations/onesdk4488\"\r\n          },\r\n          \"frontendPort\": 80,\r\n          \"backendPort\": 80,\r\n          \"enableFloatingIP\": true,\r\n          \"idleTimeoutInMinutes\": 15,\r\n          \"protocol\": \"Tcp\",\r\n          \"loadDistribution\": \"SourceIP\",\r\n          \"backendAddressPool\": {\r\n            \"id\": \"/subscriptions/0b1f6471-1bf0-4dda-aec3-cb9272f09590/resourceGroups/onesdk4881/providers/Microsoft.Network/loadBalancers/onesdk2756/backendAddressPools/onesdk4593\"\r\n          }\r\n        }\r\n      }\r\n    ],\r\n    \"probes\": [\r\n      {\r\n        \"name\": \"onesdk1919\",\r\n        \"id\": \"/subscriptions/0b1f6471-1bf0-4dda-aec3-cb9272f09590/resourceGroups/onesdk4881/providers/Microsoft.Network/loadBalancers/onesdk2756/probes/onesdk1919\",\r\n        \"etag\": \"W/\\\"f65f3309-7cd5-4846-b946-a97406579529\\\"\",\r\n        \"properties\": {\r\n          \"provisioningState\": \"Succeeded\",\r\n          \"protocol\": \"Http\",\r\n          \"port\": 80,\r\n          \"requestPath\": \"healthcheck.aspx\",\r\n          \"intervalInSeconds\": 15,\r\n          \"numberOfProbes\": 2\r\n        }\r\n      }\r\n    ],\r\n    \"inboundNatRules\": [\r\n      {\r\n        \"name\": \"onesdk1850\",\r\n        \"id\": \"/subscriptions/0b1f6471-1bf0-4dda-aec3-cb9272f09590/resourceGroups/onesdk4881/providers/Microsoft.Network/loadBalancers/onesdk2756/inboundNatRules/onesdk1850\",\r\n        \"etag\": \"W/\\\"f65f3309-7cd5-4846-b946-a97406579529\\\"\",\r\n        \"properties\": {\r\n          \"provisioningState\": \"Succeeded\",\r\n          \"frontendIPConfiguration\": {\r\n            \"id\": \"/subscriptions/0b1f6471-1bf0-4dda-aec3-cb9272f09590/resourceGroups/onesdk4881/providers/Microsoft.Network/loadBalancers/onesdk2756/frontendIPConfigurations/onesdk4488\"\r\n          },\r\n          \"frontendPort\": 3389,\r\n          \"backendPort\": 3389,\r\n          \"enableFloatingIP\": true,\r\n          \"idleTimeoutInMinutes\": 15,\r\n          \"protocol\": \"Tcp\"\r\n        }\r\n      }\r\n    ],\r\n    \"outboundNatRules\": [],\r\n    \"inboundNatPools\": []\r\n  }\r\n}",
      "ResponseHeaders": {
        "Content-Length": [
          "4805"
        ],
        "Content-Type": [
          "application/json; charset=utf-8"
        ],
        "Expires": [
          "-1"
        ],
        "Pragma": [
          "no-cache"
        ],
        "x-ms-request-id": [
          "bec1b74e-67e7-4af1-a52f-71acdc3fdde2"
        ],
        "Strict-Transport-Security": [
          "max-age=31536000; includeSubDomains"
        ],
        "Cache-Control": [
          "no-cache"
        ],
        "ETag": [
          "W/\"f65f3309-7cd5-4846-b946-a97406579529\""
        ],
        "Server": [
          "Microsoft-HTTPAPI/2.0",
          "Microsoft-HTTPAPI/2.0"
        ],
        "x-ms-ratelimit-remaining-subscription-reads": [
          "14962"
        ],
        "x-ms-correlation-request-id": [
          "4f726a92-7bf0-438e-b502-48643db533c6"
        ],
        "x-ms-routing-request-id": [
          "WESTUS2:20160722T234040Z:4f726a92-7bf0-438e-b502-48643db533c6"
        ],
        "Date": [
          "Fri, 22 Jul 2016 23:40:39 GMT"
        ]
      },
      "StatusCode": 200
    },
    {
      "RequestUri": "/subscriptions/0b1f6471-1bf0-4dda-aec3-cb9272f09590/resourceGroups/onesdk4881/providers/Microsoft.Network/loadBalancers/onesdk2756?api-version=2016-09-01",
      "EncodedRequestUri": "L3N1YnNjcmlwdGlvbnMvMGIxZjY0NzEtMWJmMC00ZGRhLWFlYzMtY2I5MjcyZjA5NTkwL3Jlc291cmNlR3JvdXBzL29uZXNkazQ4ODEvcHJvdmlkZXJzL01pY3Jvc29mdC5OZXR3b3JrL2xvYWRCYWxhbmNlcnMvb25lc2RrMjc1Nj9hcGktdmVyc2lvbj0yMDE2LTA5LTAx",
      "RequestMethod": "GET",
      "RequestBody": "",
      "RequestHeaders": {
        "x-ms-client-request-id": [
          "22ee1c48-174a-4672-89ea-c001bc4be6ad"
        ],
        "accept-language": [
          "en-US"
        ],
        "User-Agent": [
          "Microsoft.Azure.Management.Network.NetworkManagementClient/5.0.1-preview"
        ]
      },
      "ResponseBody": "{\r\n  \"name\": \"onesdk2756\",\r\n  \"id\": \"/subscriptions/0b1f6471-1bf0-4dda-aec3-cb9272f09590/resourceGroups/onesdk4881/providers/Microsoft.Network/loadBalancers/onesdk2756\",\r\n  \"etag\": \"W/\\\"f65f3309-7cd5-4846-b946-a97406579529\\\"\",\r\n  \"type\": \"Microsoft.Network/loadBalancers\",\r\n  \"location\": \"westus\",\r\n  \"properties\": {\r\n    \"provisioningState\": \"Succeeded\",\r\n    \"resourceGuid\": \"351936d3-cc07-4ef9-a83a-6f6312b7c890\",\r\n    \"frontendIPConfigurations\": [\r\n      {\r\n        \"name\": \"onesdk4488\",\r\n        \"id\": \"/subscriptions/0b1f6471-1bf0-4dda-aec3-cb9272f09590/resourceGroups/onesdk4881/providers/Microsoft.Network/loadBalancers/onesdk2756/frontendIPConfigurations/onesdk4488\",\r\n        \"etag\": \"W/\\\"f65f3309-7cd5-4846-b946-a97406579529\\\"\",\r\n        \"properties\": {\r\n          \"provisioningState\": \"Succeeded\",\r\n          \"privateIPAllocationMethod\": \"Dynamic\",\r\n          \"publicIPAddress\": {\r\n            \"id\": \"/subscriptions/0b1f6471-1bf0-4dda-aec3-cb9272f09590/resourceGroups/onesdk4881/providers/Microsoft.Network/publicIPAddresses/onesdk1834\"\r\n          },\r\n          \"loadBalancingRules\": [\r\n            {\r\n              \"id\": \"/subscriptions/0b1f6471-1bf0-4dda-aec3-cb9272f09590/resourceGroups/onesdk4881/providers/Microsoft.Network/loadBalancers/onesdk2756/loadBalancingRules/onesdk2084\"\r\n            }\r\n          ],\r\n          \"inboundNatRules\": [\r\n            {\r\n              \"id\": \"/subscriptions/0b1f6471-1bf0-4dda-aec3-cb9272f09590/resourceGroups/onesdk4881/providers/Microsoft.Network/loadBalancers/onesdk2756/inboundNatRules/onesdk1850\"\r\n            }\r\n          ]\r\n        }\r\n      }\r\n    ],\r\n    \"backendAddressPools\": [\r\n      {\r\n        \"name\": \"onesdk4593\",\r\n        \"id\": \"/subscriptions/0b1f6471-1bf0-4dda-aec3-cb9272f09590/resourceGroups/onesdk4881/providers/Microsoft.Network/loadBalancers/onesdk2756/backendAddressPools/onesdk4593\",\r\n        \"etag\": \"W/\\\"f65f3309-7cd5-4846-b946-a97406579529\\\"\",\r\n        \"properties\": {\r\n          \"provisioningState\": \"Succeeded\",\r\n          \"loadBalancingRules\": [\r\n            {\r\n              \"id\": \"/subscriptions/0b1f6471-1bf0-4dda-aec3-cb9272f09590/resourceGroups/onesdk4881/providers/Microsoft.Network/loadBalancers/onesdk2756/loadBalancingRules/onesdk2084\"\r\n            }\r\n          ]\r\n        }\r\n      }\r\n    ],\r\n    \"loadBalancingRules\": [\r\n      {\r\n        \"name\": \"onesdk2084\",\r\n        \"id\": \"/subscriptions/0b1f6471-1bf0-4dda-aec3-cb9272f09590/resourceGroups/onesdk4881/providers/Microsoft.Network/loadBalancers/onesdk2756/loadBalancingRules/onesdk2084\",\r\n        \"etag\": \"W/\\\"f65f3309-7cd5-4846-b946-a97406579529\\\"\",\r\n        \"properties\": {\r\n          \"provisioningState\": \"Succeeded\",\r\n          \"frontendIPConfiguration\": {\r\n            \"id\": \"/subscriptions/0b1f6471-1bf0-4dda-aec3-cb9272f09590/resourceGroups/onesdk4881/providers/Microsoft.Network/loadBalancers/onesdk2756/frontendIPConfigurations/onesdk4488\"\r\n          },\r\n          \"frontendPort\": 80,\r\n          \"backendPort\": 80,\r\n          \"enableFloatingIP\": true,\r\n          \"idleTimeoutInMinutes\": 15,\r\n          \"protocol\": \"Tcp\",\r\n          \"loadDistribution\": \"SourceIP\",\r\n          \"backendAddressPool\": {\r\n            \"id\": \"/subscriptions/0b1f6471-1bf0-4dda-aec3-cb9272f09590/resourceGroups/onesdk4881/providers/Microsoft.Network/loadBalancers/onesdk2756/backendAddressPools/onesdk4593\"\r\n          }\r\n        }\r\n      }\r\n    ],\r\n    \"probes\": [\r\n      {\r\n        \"name\": \"onesdk1919\",\r\n        \"id\": \"/subscriptions/0b1f6471-1bf0-4dda-aec3-cb9272f09590/resourceGroups/onesdk4881/providers/Microsoft.Network/loadBalancers/onesdk2756/probes/onesdk1919\",\r\n        \"etag\": \"W/\\\"f65f3309-7cd5-4846-b946-a97406579529\\\"\",\r\n        \"properties\": {\r\n          \"provisioningState\": \"Succeeded\",\r\n          \"protocol\": \"Http\",\r\n          \"port\": 80,\r\n          \"requestPath\": \"healthcheck.aspx\",\r\n          \"intervalInSeconds\": 15,\r\n          \"numberOfProbes\": 2\r\n        }\r\n      }\r\n    ],\r\n    \"inboundNatRules\": [\r\n      {\r\n        \"name\": \"onesdk1850\",\r\n        \"id\": \"/subscriptions/0b1f6471-1bf0-4dda-aec3-cb9272f09590/resourceGroups/onesdk4881/providers/Microsoft.Network/loadBalancers/onesdk2756/inboundNatRules/onesdk1850\",\r\n        \"etag\": \"W/\\\"f65f3309-7cd5-4846-b946-a97406579529\\\"\",\r\n        \"properties\": {\r\n          \"provisioningState\": \"Succeeded\",\r\n          \"frontendIPConfiguration\": {\r\n            \"id\": \"/subscriptions/0b1f6471-1bf0-4dda-aec3-cb9272f09590/resourceGroups/onesdk4881/providers/Microsoft.Network/loadBalancers/onesdk2756/frontendIPConfigurations/onesdk4488\"\r\n          },\r\n          \"frontendPort\": 3389,\r\n          \"backendPort\": 3389,\r\n          \"enableFloatingIP\": true,\r\n          \"idleTimeoutInMinutes\": 15,\r\n          \"protocol\": \"Tcp\"\r\n        }\r\n      }\r\n    ],\r\n    \"outboundNatRules\": [],\r\n    \"inboundNatPools\": []\r\n  }\r\n}",
      "ResponseHeaders": {
        "Content-Length": [
          "4805"
        ],
        "Content-Type": [
          "application/json; charset=utf-8"
        ],
        "Expires": [
          "-1"
        ],
        "Pragma": [
          "no-cache"
        ],
        "x-ms-request-id": [
          "94849782-2329-429b-97bb-8398a7cdd407"
        ],
        "Strict-Transport-Security": [
          "max-age=31536000; includeSubDomains"
        ],
        "Cache-Control": [
          "no-cache"
        ],
        "ETag": [
          "W/\"f65f3309-7cd5-4846-b946-a97406579529\""
        ],
        "Server": [
          "Microsoft-HTTPAPI/2.0",
          "Microsoft-HTTPAPI/2.0"
        ],
        "x-ms-ratelimit-remaining-subscription-reads": [
          "14961"
        ],
        "x-ms-correlation-request-id": [
          "afa55234-e823-4752-95ef-7e3f216b8a5d"
        ],
        "x-ms-routing-request-id": [
          "WESTUS2:20160722T234040Z:afa55234-e823-4752-95ef-7e3f216b8a5d"
        ],
        "Date": [
          "Fri, 22 Jul 2016 23:40:39 GMT"
        ]
      },
      "StatusCode": 200
    },
    {
      "RequestUri": "/subscriptions/0b1f6471-1bf0-4dda-aec3-cb9272f09590/resourceGroups/onesdk4881/providers/Microsoft.Network/loadBalancers/onesdk2756?api-version=2016-09-01",
      "EncodedRequestUri": "L3N1YnNjcmlwdGlvbnMvMGIxZjY0NzEtMWJmMC00ZGRhLWFlYzMtY2I5MjcyZjA5NTkwL3Jlc291cmNlR3JvdXBzL29uZXNkazQ4ODEvcHJvdmlkZXJzL01pY3Jvc29mdC5OZXR3b3JrL2xvYWRCYWxhbmNlcnMvb25lc2RrMjc1Nj9hcGktdmVyc2lvbj0yMDE2LTA5LTAx",
      "RequestMethod": "GET",
      "RequestBody": "",
      "RequestHeaders": {
        "x-ms-client-request-id": [
          "15933b37-d1c8-4160-a36a-877d29328f18"
        ],
        "accept-language": [
          "en-US"
        ],
        "User-Agent": [
          "Microsoft.Azure.Management.Network.NetworkManagementClient/5.0.1-preview"
        ]
      },
      "ResponseBody": "{\r\n  \"name\": \"onesdk2756\",\r\n  \"id\": \"/subscriptions/0b1f6471-1bf0-4dda-aec3-cb9272f09590/resourceGroups/onesdk4881/providers/Microsoft.Network/loadBalancers/onesdk2756\",\r\n  \"etag\": \"W/\\\"f65f3309-7cd5-4846-b946-a97406579529\\\"\",\r\n  \"type\": \"Microsoft.Network/loadBalancers\",\r\n  \"location\": \"westus\",\r\n  \"properties\": {\r\n    \"provisioningState\": \"Succeeded\",\r\n    \"resourceGuid\": \"351936d3-cc07-4ef9-a83a-6f6312b7c890\",\r\n    \"frontendIPConfigurations\": [\r\n      {\r\n        \"name\": \"onesdk4488\",\r\n        \"id\": \"/subscriptions/0b1f6471-1bf0-4dda-aec3-cb9272f09590/resourceGroups/onesdk4881/providers/Microsoft.Network/loadBalancers/onesdk2756/frontendIPConfigurations/onesdk4488\",\r\n        \"etag\": \"W/\\\"f65f3309-7cd5-4846-b946-a97406579529\\\"\",\r\n        \"properties\": {\r\n          \"provisioningState\": \"Succeeded\",\r\n          \"privateIPAllocationMethod\": \"Dynamic\",\r\n          \"publicIPAddress\": {\r\n            \"id\": \"/subscriptions/0b1f6471-1bf0-4dda-aec3-cb9272f09590/resourceGroups/onesdk4881/providers/Microsoft.Network/publicIPAddresses/onesdk1834\"\r\n          },\r\n          \"loadBalancingRules\": [\r\n            {\r\n              \"id\": \"/subscriptions/0b1f6471-1bf0-4dda-aec3-cb9272f09590/resourceGroups/onesdk4881/providers/Microsoft.Network/loadBalancers/onesdk2756/loadBalancingRules/onesdk2084\"\r\n            }\r\n          ],\r\n          \"inboundNatRules\": [\r\n            {\r\n              \"id\": \"/subscriptions/0b1f6471-1bf0-4dda-aec3-cb9272f09590/resourceGroups/onesdk4881/providers/Microsoft.Network/loadBalancers/onesdk2756/inboundNatRules/onesdk1850\"\r\n            }\r\n          ]\r\n        }\r\n      }\r\n    ],\r\n    \"backendAddressPools\": [\r\n      {\r\n        \"name\": \"onesdk4593\",\r\n        \"id\": \"/subscriptions/0b1f6471-1bf0-4dda-aec3-cb9272f09590/resourceGroups/onesdk4881/providers/Microsoft.Network/loadBalancers/onesdk2756/backendAddressPools/onesdk4593\",\r\n        \"etag\": \"W/\\\"f65f3309-7cd5-4846-b946-a97406579529\\\"\",\r\n        \"properties\": {\r\n          \"provisioningState\": \"Succeeded\",\r\n          \"loadBalancingRules\": [\r\n            {\r\n              \"id\": \"/subscriptions/0b1f6471-1bf0-4dda-aec3-cb9272f09590/resourceGroups/onesdk4881/providers/Microsoft.Network/loadBalancers/onesdk2756/loadBalancingRules/onesdk2084\"\r\n            }\r\n          ]\r\n        }\r\n      }\r\n    ],\r\n    \"loadBalancingRules\": [\r\n      {\r\n        \"name\": \"onesdk2084\",\r\n        \"id\": \"/subscriptions/0b1f6471-1bf0-4dda-aec3-cb9272f09590/resourceGroups/onesdk4881/providers/Microsoft.Network/loadBalancers/onesdk2756/loadBalancingRules/onesdk2084\",\r\n        \"etag\": \"W/\\\"f65f3309-7cd5-4846-b946-a97406579529\\\"\",\r\n        \"properties\": {\r\n          \"provisioningState\": \"Succeeded\",\r\n          \"frontendIPConfiguration\": {\r\n            \"id\": \"/subscriptions/0b1f6471-1bf0-4dda-aec3-cb9272f09590/resourceGroups/onesdk4881/providers/Microsoft.Network/loadBalancers/onesdk2756/frontendIPConfigurations/onesdk4488\"\r\n          },\r\n          \"frontendPort\": 80,\r\n          \"backendPort\": 80,\r\n          \"enableFloatingIP\": true,\r\n          \"idleTimeoutInMinutes\": 15,\r\n          \"protocol\": \"Tcp\",\r\n          \"loadDistribution\": \"SourceIP\",\r\n          \"backendAddressPool\": {\r\n            \"id\": \"/subscriptions/0b1f6471-1bf0-4dda-aec3-cb9272f09590/resourceGroups/onesdk4881/providers/Microsoft.Network/loadBalancers/onesdk2756/backendAddressPools/onesdk4593\"\r\n          }\r\n        }\r\n      }\r\n    ],\r\n    \"probes\": [\r\n      {\r\n        \"name\": \"onesdk1919\",\r\n        \"id\": \"/subscriptions/0b1f6471-1bf0-4dda-aec3-cb9272f09590/resourceGroups/onesdk4881/providers/Microsoft.Network/loadBalancers/onesdk2756/probes/onesdk1919\",\r\n        \"etag\": \"W/\\\"f65f3309-7cd5-4846-b946-a97406579529\\\"\",\r\n        \"properties\": {\r\n          \"provisioningState\": \"Succeeded\",\r\n          \"protocol\": \"Http\",\r\n          \"port\": 80,\r\n          \"requestPath\": \"healthcheck.aspx\",\r\n          \"intervalInSeconds\": 15,\r\n          \"numberOfProbes\": 2\r\n        }\r\n      }\r\n    ],\r\n    \"inboundNatRules\": [\r\n      {\r\n        \"name\": \"onesdk1850\",\r\n        \"id\": \"/subscriptions/0b1f6471-1bf0-4dda-aec3-cb9272f09590/resourceGroups/onesdk4881/providers/Microsoft.Network/loadBalancers/onesdk2756/inboundNatRules/onesdk1850\",\r\n        \"etag\": \"W/\\\"f65f3309-7cd5-4846-b946-a97406579529\\\"\",\r\n        \"properties\": {\r\n          \"provisioningState\": \"Succeeded\",\r\n          \"frontendIPConfiguration\": {\r\n            \"id\": \"/subscriptions/0b1f6471-1bf0-4dda-aec3-cb9272f09590/resourceGroups/onesdk4881/providers/Microsoft.Network/loadBalancers/onesdk2756/frontendIPConfigurations/onesdk4488\"\r\n          },\r\n          \"frontendPort\": 3389,\r\n          \"backendPort\": 3389,\r\n          \"enableFloatingIP\": true,\r\n          \"idleTimeoutInMinutes\": 15,\r\n          \"protocol\": \"Tcp\"\r\n        }\r\n      }\r\n    ],\r\n    \"outboundNatRules\": [],\r\n    \"inboundNatPools\": []\r\n  }\r\n}",
      "ResponseHeaders": {
        "Content-Length": [
          "4805"
        ],
        "Content-Type": [
          "application/json; charset=utf-8"
        ],
        "Expires": [
          "-1"
        ],
        "Pragma": [
          "no-cache"
        ],
        "x-ms-request-id": [
          "189fb6ed-4c80-4517-b5f4-90a90743c2fe"
        ],
        "Strict-Transport-Security": [
          "max-age=31536000; includeSubDomains"
        ],
        "Cache-Control": [
          "no-cache"
        ],
        "ETag": [
          "W/\"f65f3309-7cd5-4846-b946-a97406579529\""
        ],
        "Server": [
          "Microsoft-HTTPAPI/2.0",
          "Microsoft-HTTPAPI/2.0"
        ],
        "x-ms-ratelimit-remaining-subscription-reads": [
          "14960"
        ],
        "x-ms-correlation-request-id": [
          "57e815c1-62b9-4976-9fe9-f87f527f2b23"
        ],
        "x-ms-routing-request-id": [
          "WESTUS2:20160722T234040Z:57e815c1-62b9-4976-9fe9-f87f527f2b23"
        ],
        "Date": [
          "Fri, 22 Jul 2016 23:40:39 GMT"
        ]
      },
      "StatusCode": 200
    },
    {
      "RequestUri": "/subscriptions/0b1f6471-1bf0-4dda-aec3-cb9272f09590/resourceGroups/onesdk4881/providers/Microsoft.Network/loadBalancers/onesdk2756?api-version=2016-09-01",
      "EncodedRequestUri": "L3N1YnNjcmlwdGlvbnMvMGIxZjY0NzEtMWJmMC00ZGRhLWFlYzMtY2I5MjcyZjA5NTkwL3Jlc291cmNlR3JvdXBzL29uZXNkazQ4ODEvcHJvdmlkZXJzL01pY3Jvc29mdC5OZXR3b3JrL2xvYWRCYWxhbmNlcnMvb25lc2RrMjc1Nj9hcGktdmVyc2lvbj0yMDE2LTA5LTAx",
      "RequestMethod": "GET",
      "RequestBody": "",
      "RequestHeaders": {
        "User-Agent": [
          "Microsoft.Azure.Management.Network.NetworkManagementClient/5.0.1-preview"
        ]
      },
      "ResponseBody": "{\r\n  \"name\": \"onesdk2756\",\r\n  \"id\": \"/subscriptions/0b1f6471-1bf0-4dda-aec3-cb9272f09590/resourceGroups/onesdk4881/providers/Microsoft.Network/loadBalancers/onesdk2756\",\r\n  \"etag\": \"W/\\\"4eb3f5c7-3a23-4d5f-9137-c937667b4a98\\\"\",\r\n  \"type\": \"Microsoft.Network/loadBalancers\",\r\n  \"location\": \"westus\",\r\n  \"properties\": {\r\n    \"provisioningState\": \"Succeeded\",\r\n    \"resourceGuid\": \"351936d3-cc07-4ef9-a83a-6f6312b7c890\",\r\n    \"frontendIPConfigurations\": [\r\n      {\r\n        \"name\": \"onesdk4488\",\r\n        \"id\": \"/subscriptions/0b1f6471-1bf0-4dda-aec3-cb9272f09590/resourceGroups/onesdk4881/providers/Microsoft.Network/loadBalancers/onesdk2756/frontendIPConfigurations/onesdk4488\",\r\n        \"etag\": \"W/\\\"4eb3f5c7-3a23-4d5f-9137-c937667b4a98\\\"\",\r\n        \"properties\": {\r\n          \"provisioningState\": \"Succeeded\",\r\n          \"privateIPAllocationMethod\": \"Dynamic\",\r\n          \"publicIPAddress\": {\r\n            \"id\": \"/subscriptions/0b1f6471-1bf0-4dda-aec3-cb9272f09590/resourceGroups/onesdk4881/providers/Microsoft.Network/publicIPAddresses/onesdk1834\"\r\n          },\r\n          \"loadBalancingRules\": [\r\n            {\r\n              \"id\": \"/subscriptions/0b1f6471-1bf0-4dda-aec3-cb9272f09590/resourceGroups/onesdk4881/providers/Microsoft.Network/loadBalancers/onesdk2756/loadBalancingRules/onesdk2084\"\r\n            }\r\n          ],\r\n          \"inboundNatRules\": [\r\n            {\r\n              \"id\": \"/subscriptions/0b1f6471-1bf0-4dda-aec3-cb9272f09590/resourceGroups/onesdk4881/providers/Microsoft.Network/loadBalancers/onesdk2756/inboundNatRules/onesdk1850\"\r\n            }\r\n          ]\r\n        }\r\n      }\r\n    ],\r\n    \"backendAddressPools\": [\r\n      {\r\n        \"name\": \"onesdk4593\",\r\n        \"id\": \"/subscriptions/0b1f6471-1bf0-4dda-aec3-cb9272f09590/resourceGroups/onesdk4881/providers/Microsoft.Network/loadBalancers/onesdk2756/backendAddressPools/onesdk4593\",\r\n        \"etag\": \"W/\\\"4eb3f5c7-3a23-4d5f-9137-c937667b4a98\\\"\",\r\n        \"properties\": {\r\n          \"provisioningState\": \"Succeeded\",\r\n          \"loadBalancingRules\": [\r\n            {\r\n              \"id\": \"/subscriptions/0b1f6471-1bf0-4dda-aec3-cb9272f09590/resourceGroups/onesdk4881/providers/Microsoft.Network/loadBalancers/onesdk2756/loadBalancingRules/onesdk2084\"\r\n            }\r\n          ]\r\n        }\r\n      }\r\n    ],\r\n    \"loadBalancingRules\": [\r\n      {\r\n        \"name\": \"onesdk2084\",\r\n        \"id\": \"/subscriptions/0b1f6471-1bf0-4dda-aec3-cb9272f09590/resourceGroups/onesdk4881/providers/Microsoft.Network/loadBalancers/onesdk2756/loadBalancingRules/onesdk2084\",\r\n        \"etag\": \"W/\\\"4eb3f5c7-3a23-4d5f-9137-c937667b4a98\\\"\",\r\n        \"properties\": {\r\n          \"provisioningState\": \"Succeeded\",\r\n          \"frontendIPConfiguration\": {\r\n            \"id\": \"/subscriptions/0b1f6471-1bf0-4dda-aec3-cb9272f09590/resourceGroups/onesdk4881/providers/Microsoft.Network/loadBalancers/onesdk2756/frontendIPConfigurations/onesdk4488\"\r\n          },\r\n          \"frontendPort\": 80,\r\n          \"backendPort\": 80,\r\n          \"enableFloatingIP\": true,\r\n          \"idleTimeoutInMinutes\": 15,\r\n          \"protocol\": \"Tcp\",\r\n          \"loadDistribution\": \"SourceIP\",\r\n          \"backendAddressPool\": {\r\n            \"id\": \"/subscriptions/0b1f6471-1bf0-4dda-aec3-cb9272f09590/resourceGroups/onesdk4881/providers/Microsoft.Network/loadBalancers/onesdk2756/backendAddressPools/onesdk4593\"\r\n          },\r\n          \"probe\": {\r\n            \"id\": \"/subscriptions/0b1f6471-1bf0-4dda-aec3-cb9272f09590/resourceGroups/onesdk4881/providers/Microsoft.Network/loadBalancers/onesdk2756/probes/onesdk1919\"\r\n          }\r\n        }\r\n      }\r\n    ],\r\n    \"probes\": [\r\n      {\r\n        \"name\": \"onesdk1919\",\r\n        \"id\": \"/subscriptions/0b1f6471-1bf0-4dda-aec3-cb9272f09590/resourceGroups/onesdk4881/providers/Microsoft.Network/loadBalancers/onesdk2756/probes/onesdk1919\",\r\n        \"etag\": \"W/\\\"4eb3f5c7-3a23-4d5f-9137-c937667b4a98\\\"\",\r\n        \"properties\": {\r\n          \"provisioningState\": \"Succeeded\",\r\n          \"protocol\": \"Http\",\r\n          \"port\": 80,\r\n          \"requestPath\": \"healthcheck.aspx\",\r\n          \"intervalInSeconds\": 15,\r\n          \"numberOfProbes\": 2,\r\n          \"loadBalancingRules\": [\r\n            {\r\n              \"id\": \"/subscriptions/0b1f6471-1bf0-4dda-aec3-cb9272f09590/resourceGroups/onesdk4881/providers/Microsoft.Network/loadBalancers/onesdk2756/loadBalancingRules/onesdk2084\"\r\n            }\r\n          ]\r\n        }\r\n      }\r\n    ],\r\n    \"inboundNatRules\": [\r\n      {\r\n        \"name\": \"onesdk1850\",\r\n        \"id\": \"/subscriptions/0b1f6471-1bf0-4dda-aec3-cb9272f09590/resourceGroups/onesdk4881/providers/Microsoft.Network/loadBalancers/onesdk2756/inboundNatRules/onesdk1850\",\r\n        \"etag\": \"W/\\\"4eb3f5c7-3a23-4d5f-9137-c937667b4a98\\\"\",\r\n        \"properties\": {\r\n          \"provisioningState\": \"Succeeded\",\r\n          \"frontendIPConfiguration\": {\r\n            \"id\": \"/subscriptions/0b1f6471-1bf0-4dda-aec3-cb9272f09590/resourceGroups/onesdk4881/providers/Microsoft.Network/loadBalancers/onesdk2756/frontendIPConfigurations/onesdk4488\"\r\n          },\r\n          \"frontendPort\": 3389,\r\n          \"backendPort\": 3389,\r\n          \"enableFloatingIP\": true,\r\n          \"idleTimeoutInMinutes\": 15,\r\n          \"protocol\": \"Tcp\"\r\n        }\r\n      }\r\n    ],\r\n    \"outboundNatRules\": [],\r\n    \"inboundNatPools\": []\r\n  }\r\n}",
      "ResponseHeaders": {
        "Content-Length": [
          "5274"
        ],
        "Content-Type": [
          "application/json; charset=utf-8"
        ],
        "Expires": [
          "-1"
        ],
        "Pragma": [
          "no-cache"
        ],
        "x-ms-request-id": [
          "6c5921c3-1d28-49a0-b769-dc2251855cae"
        ],
        "Strict-Transport-Security": [
          "max-age=31536000; includeSubDomains"
        ],
        "Cache-Control": [
          "no-cache"
        ],
        "ETag": [
          "W/\"4eb3f5c7-3a23-4d5f-9137-c937667b4a98\""
        ],
        "Server": [
          "Microsoft-HTTPAPI/2.0",
          "Microsoft-HTTPAPI/2.0"
        ],
        "x-ms-ratelimit-remaining-subscription-reads": [
          "14959"
        ],
        "x-ms-correlation-request-id": [
          "1627b28d-cc02-4c92-8cbe-772ce0c5e0e7"
        ],
        "x-ms-routing-request-id": [
          "WESTUS2:20160722T234041Z:1627b28d-cc02-4c92-8cbe-772ce0c5e0e7"
        ],
        "Date": [
          "Fri, 22 Jul 2016 23:40:40 GMT"
        ]
      },
      "StatusCode": 200
    },
    {
      "RequestUri": "/subscriptions/0b1f6471-1bf0-4dda-aec3-cb9272f09590/resourceGroups/onesdk4881/providers/Microsoft.Network/loadBalancers/onesdk2756?api-version=2016-09-01",
      "EncodedRequestUri": "L3N1YnNjcmlwdGlvbnMvMGIxZjY0NzEtMWJmMC00ZGRhLWFlYzMtY2I5MjcyZjA5NTkwL3Jlc291cmNlR3JvdXBzL29uZXNkazQ4ODEvcHJvdmlkZXJzL01pY3Jvc29mdC5OZXR3b3JrL2xvYWRCYWxhbmNlcnMvb25lc2RrMjc1Nj9hcGktdmVyc2lvbj0yMDE2LTA5LTAx",
      "RequestMethod": "GET",
      "RequestBody": "",
      "RequestHeaders": {
        "x-ms-client-request-id": [
          "999320f8-bca7-4679-9e59-13ac51a5421b"
        ],
        "accept-language": [
          "en-US"
        ],
        "User-Agent": [
          "Microsoft.Azure.Management.Network.NetworkManagementClient/5.0.1-preview"
        ]
      },
      "ResponseBody": "{\r\n  \"name\": \"onesdk2756\",\r\n  \"id\": \"/subscriptions/0b1f6471-1bf0-4dda-aec3-cb9272f09590/resourceGroups/onesdk4881/providers/Microsoft.Network/loadBalancers/onesdk2756\",\r\n  \"etag\": \"W/\\\"4eb3f5c7-3a23-4d5f-9137-c937667b4a98\\\"\",\r\n  \"type\": \"Microsoft.Network/loadBalancers\",\r\n  \"location\": \"westus\",\r\n  \"properties\": {\r\n    \"provisioningState\": \"Succeeded\",\r\n    \"resourceGuid\": \"351936d3-cc07-4ef9-a83a-6f6312b7c890\",\r\n    \"frontendIPConfigurations\": [\r\n      {\r\n        \"name\": \"onesdk4488\",\r\n        \"id\": \"/subscriptions/0b1f6471-1bf0-4dda-aec3-cb9272f09590/resourceGroups/onesdk4881/providers/Microsoft.Network/loadBalancers/onesdk2756/frontendIPConfigurations/onesdk4488\",\r\n        \"etag\": \"W/\\\"4eb3f5c7-3a23-4d5f-9137-c937667b4a98\\\"\",\r\n        \"properties\": {\r\n          \"provisioningState\": \"Succeeded\",\r\n          \"privateIPAllocationMethod\": \"Dynamic\",\r\n          \"publicIPAddress\": {\r\n            \"id\": \"/subscriptions/0b1f6471-1bf0-4dda-aec3-cb9272f09590/resourceGroups/onesdk4881/providers/Microsoft.Network/publicIPAddresses/onesdk1834\"\r\n          },\r\n          \"loadBalancingRules\": [\r\n            {\r\n              \"id\": \"/subscriptions/0b1f6471-1bf0-4dda-aec3-cb9272f09590/resourceGroups/onesdk4881/providers/Microsoft.Network/loadBalancers/onesdk2756/loadBalancingRules/onesdk2084\"\r\n            }\r\n          ],\r\n          \"inboundNatRules\": [\r\n            {\r\n              \"id\": \"/subscriptions/0b1f6471-1bf0-4dda-aec3-cb9272f09590/resourceGroups/onesdk4881/providers/Microsoft.Network/loadBalancers/onesdk2756/inboundNatRules/onesdk1850\"\r\n            }\r\n          ]\r\n        }\r\n      }\r\n    ],\r\n    \"backendAddressPools\": [\r\n      {\r\n        \"name\": \"onesdk4593\",\r\n        \"id\": \"/subscriptions/0b1f6471-1bf0-4dda-aec3-cb9272f09590/resourceGroups/onesdk4881/providers/Microsoft.Network/loadBalancers/onesdk2756/backendAddressPools/onesdk4593\",\r\n        \"etag\": \"W/\\\"4eb3f5c7-3a23-4d5f-9137-c937667b4a98\\\"\",\r\n        \"properties\": {\r\n          \"provisioningState\": \"Succeeded\",\r\n          \"loadBalancingRules\": [\r\n            {\r\n              \"id\": \"/subscriptions/0b1f6471-1bf0-4dda-aec3-cb9272f09590/resourceGroups/onesdk4881/providers/Microsoft.Network/loadBalancers/onesdk2756/loadBalancingRules/onesdk2084\"\r\n            }\r\n          ]\r\n        }\r\n      }\r\n    ],\r\n    \"loadBalancingRules\": [\r\n      {\r\n        \"name\": \"onesdk2084\",\r\n        \"id\": \"/subscriptions/0b1f6471-1bf0-4dda-aec3-cb9272f09590/resourceGroups/onesdk4881/providers/Microsoft.Network/loadBalancers/onesdk2756/loadBalancingRules/onesdk2084\",\r\n        \"etag\": \"W/\\\"4eb3f5c7-3a23-4d5f-9137-c937667b4a98\\\"\",\r\n        \"properties\": {\r\n          \"provisioningState\": \"Succeeded\",\r\n          \"frontendIPConfiguration\": {\r\n            \"id\": \"/subscriptions/0b1f6471-1bf0-4dda-aec3-cb9272f09590/resourceGroups/onesdk4881/providers/Microsoft.Network/loadBalancers/onesdk2756/frontendIPConfigurations/onesdk4488\"\r\n          },\r\n          \"frontendPort\": 80,\r\n          \"backendPort\": 80,\r\n          \"enableFloatingIP\": true,\r\n          \"idleTimeoutInMinutes\": 15,\r\n          \"protocol\": \"Tcp\",\r\n          \"loadDistribution\": \"SourceIP\",\r\n          \"backendAddressPool\": {\r\n            \"id\": \"/subscriptions/0b1f6471-1bf0-4dda-aec3-cb9272f09590/resourceGroups/onesdk4881/providers/Microsoft.Network/loadBalancers/onesdk2756/backendAddressPools/onesdk4593\"\r\n          },\r\n          \"probe\": {\r\n            \"id\": \"/subscriptions/0b1f6471-1bf0-4dda-aec3-cb9272f09590/resourceGroups/onesdk4881/providers/Microsoft.Network/loadBalancers/onesdk2756/probes/onesdk1919\"\r\n          }\r\n        }\r\n      }\r\n    ],\r\n    \"probes\": [\r\n      {\r\n        \"name\": \"onesdk1919\",\r\n        \"id\": \"/subscriptions/0b1f6471-1bf0-4dda-aec3-cb9272f09590/resourceGroups/onesdk4881/providers/Microsoft.Network/loadBalancers/onesdk2756/probes/onesdk1919\",\r\n        \"etag\": \"W/\\\"4eb3f5c7-3a23-4d5f-9137-c937667b4a98\\\"\",\r\n        \"properties\": {\r\n          \"provisioningState\": \"Succeeded\",\r\n          \"protocol\": \"Http\",\r\n          \"port\": 80,\r\n          \"requestPath\": \"healthcheck.aspx\",\r\n          \"intervalInSeconds\": 15,\r\n          \"numberOfProbes\": 2,\r\n          \"loadBalancingRules\": [\r\n            {\r\n              \"id\": \"/subscriptions/0b1f6471-1bf0-4dda-aec3-cb9272f09590/resourceGroups/onesdk4881/providers/Microsoft.Network/loadBalancers/onesdk2756/loadBalancingRules/onesdk2084\"\r\n            }\r\n          ]\r\n        }\r\n      }\r\n    ],\r\n    \"inboundNatRules\": [\r\n      {\r\n        \"name\": \"onesdk1850\",\r\n        \"id\": \"/subscriptions/0b1f6471-1bf0-4dda-aec3-cb9272f09590/resourceGroups/onesdk4881/providers/Microsoft.Network/loadBalancers/onesdk2756/inboundNatRules/onesdk1850\",\r\n        \"etag\": \"W/\\\"4eb3f5c7-3a23-4d5f-9137-c937667b4a98\\\"\",\r\n        \"properties\": {\r\n          \"provisioningState\": \"Succeeded\",\r\n          \"frontendIPConfiguration\": {\r\n            \"id\": \"/subscriptions/0b1f6471-1bf0-4dda-aec3-cb9272f09590/resourceGroups/onesdk4881/providers/Microsoft.Network/loadBalancers/onesdk2756/frontendIPConfigurations/onesdk4488\"\r\n          },\r\n          \"frontendPort\": 3389,\r\n          \"backendPort\": 3389,\r\n          \"enableFloatingIP\": true,\r\n          \"idleTimeoutInMinutes\": 15,\r\n          \"protocol\": \"Tcp\"\r\n        }\r\n      }\r\n    ],\r\n    \"outboundNatRules\": [],\r\n    \"inboundNatPools\": []\r\n  }\r\n}",
      "ResponseHeaders": {
        "Content-Length": [
          "5274"
        ],
        "Content-Type": [
          "application/json; charset=utf-8"
        ],
        "Expires": [
          "-1"
        ],
        "Pragma": [
          "no-cache"
        ],
        "x-ms-request-id": [
          "7bf93e63-f8d4-43d3-b022-76abec7fec8a"
        ],
        "Strict-Transport-Security": [
          "max-age=31536000; includeSubDomains"
        ],
        "Cache-Control": [
          "no-cache"
        ],
        "ETag": [
          "W/\"4eb3f5c7-3a23-4d5f-9137-c937667b4a98\""
        ],
        "Server": [
          "Microsoft-HTTPAPI/2.0",
          "Microsoft-HTTPAPI/2.0"
        ],
        "x-ms-ratelimit-remaining-subscription-reads": [
          "14958"
        ],
        "x-ms-correlation-request-id": [
          "7a5431c3-3db6-4418-934b-774947998c06"
        ],
        "x-ms-routing-request-id": [
          "WESTUS2:20160722T234041Z:7a5431c3-3db6-4418-934b-774947998c06"
        ],
        "Date": [
          "Fri, 22 Jul 2016 23:40:40 GMT"
        ]
      },
      "StatusCode": 200
    },
    {
      "RequestUri": "/subscriptions/0b1f6471-1bf0-4dda-aec3-cb9272f09590/resourceGroups/onesdk4881/providers/Microsoft.Network/loadBalancers/onesdk2756?api-version=2016-09-01",
      "EncodedRequestUri": "L3N1YnNjcmlwdGlvbnMvMGIxZjY0NzEtMWJmMC00ZGRhLWFlYzMtY2I5MjcyZjA5NTkwL3Jlc291cmNlR3JvdXBzL29uZXNkazQ4ODEvcHJvdmlkZXJzL01pY3Jvc29mdC5OZXR3b3JrL2xvYWRCYWxhbmNlcnMvb25lc2RrMjc1Nj9hcGktdmVyc2lvbj0yMDE2LTA5LTAx",
      "RequestMethod": "PUT",
      "RequestBody": "{\r\n  \"properties\": {\r\n    \"frontendIPConfigurations\": [\r\n      {\r\n        \"properties\": {\r\n          \"inboundNatRules\": [],\r\n          \"inboundNatPools\": [],\r\n          \"loadBalancingRules\": [],\r\n          \"publicIPAddress\": {\r\n            \"id\": \"/subscriptions/0b1f6471-1bf0-4dda-aec3-cb9272f09590/resourceGroups/onesdk4881/providers/Microsoft.Network/publicIPAddresses/onesdk1834\"\r\n          }\r\n        },\r\n        \"name\": \"onesdk4488\",\r\n        \"id\": \"/subscriptions/0b1f6471-1bf0-4dda-aec3-cb9272f09590/resourceGroups/onesdk4881/providers/Microsoft.Network/loadBalancers/onesdk2756/frontendIPConfigurations/onesdk4488\"\r\n      }\r\n    ],\r\n    \"backendAddressPools\": [\r\n      {\r\n        \"properties\": {\r\n          \"backendIPConfigurations\": [],\r\n          \"loadBalancingRules\": []\r\n        },\r\n        \"name\": \"onesdk4593\",\r\n        \"id\": \"/subscriptions/0b1f6471-1bf0-4dda-aec3-cb9272f09590/resourceGroups/onesdk4881/providers/Microsoft.Network/loadBalancers/onesdk2756/backendAddressPools/onesdk4593\"\r\n      }\r\n    ],\r\n    \"loadBalancingRules\": [\r\n      {\r\n        \"properties\": {\r\n          \"frontendIPConfiguration\": {\r\n            \"id\": \"/subscriptions/0b1f6471-1bf0-4dda-aec3-cb9272f09590/resourceGroups/onesdk4881/providers/Microsoft.Network/loadBalancers/onesdk2756/frontendIPConfigurations/onesdk4488\"\r\n          },\r\n          \"backendAddressPool\": {\r\n            \"id\": \"/subscriptions/0b1f6471-1bf0-4dda-aec3-cb9272f09590/resourceGroups/onesdk4881/providers/Microsoft.Network/loadBalancers/onesdk2756/backendAddressPools/onesdk4593\"\r\n          },\r\n          \"protocol\": \"Tcp\",\r\n          \"loadDistribution\": \"SourceIP\",\r\n          \"frontendPort\": 80,\r\n          \"backendPort\": 80,\r\n          \"idleTimeoutInMinutes\": 15,\r\n          \"enableFloatingIP\": true\r\n        },\r\n        \"name\": \"onesdk2084\",\r\n        \"id\": \"/subscriptions/0b1f6471-1bf0-4dda-aec3-cb9272f09590/resourceGroups/onesdk4881/providers/Microsoft.Network/loadBalancers/onesdk2756/loadBalancingRules/onesdk2084\"\r\n      }\r\n    ],\r\n    \"probes\": [\r\n      {\r\n        \"properties\": {\r\n          \"loadBalancingRules\": [],\r\n          \"protocol\": \"http\",\r\n          \"port\": 80,\r\n          \"intervalInSeconds\": 15,\r\n          \"numberOfProbes\": 2,\r\n          \"requestPath\": \"healthcheck.aspx\"\r\n        },\r\n        \"name\": \"onesdk1919\",\r\n        \"id\": \"/subscriptions/0b1f6471-1bf0-4dda-aec3-cb9272f09590/resourceGroups/onesdk4881/providers/Microsoft.Network/loadBalancers/onesdk2756/probes/onesdk1919\"\r\n      }\r\n    ],\r\n    \"inboundNatRules\": [\r\n      {\r\n        \"properties\": {\r\n          \"frontendIPConfiguration\": {\r\n            \"id\": \"/subscriptions/0b1f6471-1bf0-4dda-aec3-cb9272f09590/resourceGroups/onesdk4881/providers/Microsoft.Network/loadBalancers/onesdk2756/frontendIPConfigurations/onesdk4488\"\r\n          },\r\n          \"protocol\": \"Tcp\",\r\n          \"frontendPort\": 3389,\r\n          \"backendPort\": 3389,\r\n          \"idleTimeoutInMinutes\": 15,\r\n          \"enableFloatingIP\": true\r\n        },\r\n        \"name\": \"onesdk1850\",\r\n        \"id\": \"/subscriptions/0b1f6471-1bf0-4dda-aec3-cb9272f09590/resourceGroups/onesdk4881/providers/Microsoft.Network/loadBalancers/onesdk2756/inboundNatRules/onesdk1850\"\r\n      }\r\n    ],\r\n    \"inboundNatPools\": []\r\n  },\r\n  \"location\": \"West US\"\r\n}",
      "RequestHeaders": {
        "Content-Type": [
          "application/json; charset=utf-8"
        ],
        "Content-Length": [
          "3253"
        ],
        "x-ms-client-request-id": [
          "0e5fe407-b32f-44dc-8dd7-88f3600c9ddf"
        ],
        "accept-language": [
          "en-US"
        ],
        "User-Agent": [
          "Microsoft.Azure.Management.Network.NetworkManagementClient/5.0.1-preview"
        ]
      },
      "ResponseBody": "{\r\n  \"name\": \"onesdk2756\",\r\n  \"id\": \"/subscriptions/0b1f6471-1bf0-4dda-aec3-cb9272f09590/resourceGroups/onesdk4881/providers/Microsoft.Network/loadBalancers/onesdk2756\",\r\n  \"etag\": \"W/\\\"f65f3309-7cd5-4846-b946-a97406579529\\\"\",\r\n  \"type\": \"Microsoft.Network/loadBalancers\",\r\n  \"location\": \"westus\",\r\n  \"properties\": {\r\n    \"provisioningState\": \"Succeeded\",\r\n    \"resourceGuid\": \"351936d3-cc07-4ef9-a83a-6f6312b7c890\",\r\n    \"frontendIPConfigurations\": [\r\n      {\r\n        \"name\": \"onesdk4488\",\r\n        \"id\": \"/subscriptions/0b1f6471-1bf0-4dda-aec3-cb9272f09590/resourceGroups/onesdk4881/providers/Microsoft.Network/loadBalancers/onesdk2756/frontendIPConfigurations/onesdk4488\",\r\n        \"etag\": \"W/\\\"f65f3309-7cd5-4846-b946-a97406579529\\\"\",\r\n        \"properties\": {\r\n          \"provisioningState\": \"Succeeded\",\r\n          \"privateIPAllocationMethod\": \"Dynamic\",\r\n          \"publicIPAddress\": {\r\n            \"id\": \"/subscriptions/0b1f6471-1bf0-4dda-aec3-cb9272f09590/resourceGroups/onesdk4881/providers/Microsoft.Network/publicIPAddresses/onesdk1834\"\r\n          },\r\n          \"loadBalancingRules\": [\r\n            {\r\n              \"id\": \"/subscriptions/0b1f6471-1bf0-4dda-aec3-cb9272f09590/resourceGroups/onesdk4881/providers/Microsoft.Network/loadBalancers/onesdk2756/loadBalancingRules/onesdk2084\"\r\n            }\r\n          ],\r\n          \"inboundNatRules\": [\r\n            {\r\n              \"id\": \"/subscriptions/0b1f6471-1bf0-4dda-aec3-cb9272f09590/resourceGroups/onesdk4881/providers/Microsoft.Network/loadBalancers/onesdk2756/inboundNatRules/onesdk1850\"\r\n            }\r\n          ]\r\n        }\r\n      }\r\n    ],\r\n    \"backendAddressPools\": [\r\n      {\r\n        \"name\": \"onesdk4593\",\r\n        \"id\": \"/subscriptions/0b1f6471-1bf0-4dda-aec3-cb9272f09590/resourceGroups/onesdk4881/providers/Microsoft.Network/loadBalancers/onesdk2756/backendAddressPools/onesdk4593\",\r\n        \"etag\": \"W/\\\"f65f3309-7cd5-4846-b946-a97406579529\\\"\",\r\n        \"properties\": {\r\n          \"provisioningState\": \"Succeeded\",\r\n          \"loadBalancingRules\": [\r\n            {\r\n              \"id\": \"/subscriptions/0b1f6471-1bf0-4dda-aec3-cb9272f09590/resourceGroups/onesdk4881/providers/Microsoft.Network/loadBalancers/onesdk2756/loadBalancingRules/onesdk2084\"\r\n            }\r\n          ]\r\n        }\r\n      }\r\n    ],\r\n    \"loadBalancingRules\": [\r\n      {\r\n        \"name\": \"onesdk2084\",\r\n        \"id\": \"/subscriptions/0b1f6471-1bf0-4dda-aec3-cb9272f09590/resourceGroups/onesdk4881/providers/Microsoft.Network/loadBalancers/onesdk2756/loadBalancingRules/onesdk2084\",\r\n        \"etag\": \"W/\\\"f65f3309-7cd5-4846-b946-a97406579529\\\"\",\r\n        \"properties\": {\r\n          \"provisioningState\": \"Succeeded\",\r\n          \"frontendIPConfiguration\": {\r\n            \"id\": \"/subscriptions/0b1f6471-1bf0-4dda-aec3-cb9272f09590/resourceGroups/onesdk4881/providers/Microsoft.Network/loadBalancers/onesdk2756/frontendIPConfigurations/onesdk4488\"\r\n          },\r\n          \"frontendPort\": 80,\r\n          \"backendPort\": 80,\r\n          \"enableFloatingIP\": true,\r\n          \"idleTimeoutInMinutes\": 15,\r\n          \"protocol\": \"Tcp\",\r\n          \"loadDistribution\": \"SourceIP\",\r\n          \"backendAddressPool\": {\r\n            \"id\": \"/subscriptions/0b1f6471-1bf0-4dda-aec3-cb9272f09590/resourceGroups/onesdk4881/providers/Microsoft.Network/loadBalancers/onesdk2756/backendAddressPools/onesdk4593\"\r\n          }\r\n        }\r\n      }\r\n    ],\r\n    \"probes\": [\r\n      {\r\n        \"name\": \"onesdk1919\",\r\n        \"id\": \"/subscriptions/0b1f6471-1bf0-4dda-aec3-cb9272f09590/resourceGroups/onesdk4881/providers/Microsoft.Network/loadBalancers/onesdk2756/probes/onesdk1919\",\r\n        \"etag\": \"W/\\\"f65f3309-7cd5-4846-b946-a97406579529\\\"\",\r\n        \"properties\": {\r\n          \"provisioningState\": \"Succeeded\",\r\n          \"protocol\": \"Http\",\r\n          \"port\": 80,\r\n          \"requestPath\": \"healthcheck.aspx\",\r\n          \"intervalInSeconds\": 15,\r\n          \"numberOfProbes\": 2\r\n        }\r\n      }\r\n    ],\r\n    \"inboundNatRules\": [\r\n      {\r\n        \"name\": \"onesdk1850\",\r\n        \"id\": \"/subscriptions/0b1f6471-1bf0-4dda-aec3-cb9272f09590/resourceGroups/onesdk4881/providers/Microsoft.Network/loadBalancers/onesdk2756/inboundNatRules/onesdk1850\",\r\n        \"etag\": \"W/\\\"f65f3309-7cd5-4846-b946-a97406579529\\\"\",\r\n        \"properties\": {\r\n          \"provisioningState\": \"Succeeded\",\r\n          \"frontendIPConfiguration\": {\r\n            \"id\": \"/subscriptions/0b1f6471-1bf0-4dda-aec3-cb9272f09590/resourceGroups/onesdk4881/providers/Microsoft.Network/loadBalancers/onesdk2756/frontendIPConfigurations/onesdk4488\"\r\n          },\r\n          \"frontendPort\": 3389,\r\n          \"backendPort\": 3389,\r\n          \"enableFloatingIP\": true,\r\n          \"idleTimeoutInMinutes\": 15,\r\n          \"protocol\": \"Tcp\"\r\n        }\r\n      }\r\n    ],\r\n    \"outboundNatRules\": [],\r\n    \"inboundNatPools\": []\r\n  }\r\n}",
      "ResponseHeaders": {
        "Content-Length": [
          "4805"
        ],
        "Content-Type": [
          "application/json; charset=utf-8"
        ],
        "Expires": [
          "-1"
        ],
        "Pragma": [
          "no-cache"
        ],
        "x-ms-request-id": [
          "b96f7678-ae4a-41b7-bfc3-895c2ab7bb6e"
        ],
        "Azure-AsyncOperation": [
          "https://management.azure.com/subscriptions/0b1f6471-1bf0-4dda-aec3-cb9272f09590/providers/Microsoft.Network/locations/westus/operations/b96f7678-ae4a-41b7-bfc3-895c2ab7bb6e?api-version=2016-09-01"
        ],
        "Strict-Transport-Security": [
          "max-age=31536000; includeSubDomains"
        ],
        "Cache-Control": [
          "no-cache"
        ],
        "Server": [
          "Microsoft-HTTPAPI/2.0",
          "Microsoft-HTTPAPI/2.0"
        ],
        "x-ms-ratelimit-remaining-subscription-writes": [
          "1195"
        ],
        "x-ms-correlation-request-id": [
          "8856d07f-ea54-45a0-83cb-b5db203fb3d4"
        ],
        "x-ms-routing-request-id": [
          "WESTUS2:20160722T234040Z:8856d07f-ea54-45a0-83cb-b5db203fb3d4"
        ],
        "Date": [
          "Fri, 22 Jul 2016 23:40:39 GMT"
        ]
      },
      "StatusCode": 201
    },
    {
      "RequestUri": "/subscriptions/0b1f6471-1bf0-4dda-aec3-cb9272f09590/resourceGroups/onesdk4881/providers/Microsoft.Network/loadBalancers/onesdk2756?api-version=2016-09-01",
      "EncodedRequestUri": "L3N1YnNjcmlwdGlvbnMvMGIxZjY0NzEtMWJmMC00ZGRhLWFlYzMtY2I5MjcyZjA5NTkwL3Jlc291cmNlR3JvdXBzL29uZXNkazQ4ODEvcHJvdmlkZXJzL01pY3Jvc29mdC5OZXR3b3JrL2xvYWRCYWxhbmNlcnMvb25lc2RrMjc1Nj9hcGktdmVyc2lvbj0yMDE2LTA5LTAx",
      "RequestMethod": "PUT",
      "RequestBody": "{\r\n  \"properties\": {\r\n    \"frontendIPConfigurations\": [\r\n      {\r\n        \"properties\": {\r\n          \"inboundNatRules\": [\r\n            {\r\n              \"id\": \"/subscriptions/0b1f6471-1bf0-4dda-aec3-cb9272f09590/resourceGroups/onesdk4881/providers/Microsoft.Network/loadBalancers/onesdk2756/inboundNatRules/onesdk1850\"\r\n            }\r\n          ],\r\n          \"inboundNatPools\": [],\r\n          \"loadBalancingRules\": [\r\n            {\r\n              \"id\": \"/subscriptions/0b1f6471-1bf0-4dda-aec3-cb9272f09590/resourceGroups/onesdk4881/providers/Microsoft.Network/loadBalancers/onesdk2756/loadBalancingRules/onesdk2084\"\r\n            }\r\n          ],\r\n          \"privateIPAllocationMethod\": \"Dynamic\",\r\n          \"publicIPAddress\": {\r\n            \"id\": \"/subscriptions/0b1f6471-1bf0-4dda-aec3-cb9272f09590/resourceGroups/onesdk4881/providers/Microsoft.Network/publicIPAddresses/onesdk1834\"\r\n          },\r\n          \"provisioningState\": \"Succeeded\"\r\n        },\r\n        \"name\": \"onesdk4488\",\r\n        \"etag\": \"W/\\\"f65f3309-7cd5-4846-b946-a97406579529\\\"\",\r\n        \"id\": \"/subscriptions/0b1f6471-1bf0-4dda-aec3-cb9272f09590/resourceGroups/onesdk4881/providers/Microsoft.Network/loadBalancers/onesdk2756/frontendIPConfigurations/onesdk4488\"\r\n      }\r\n    ],\r\n    \"backendAddressPools\": [\r\n      {\r\n        \"properties\": {\r\n          \"backendIPConfigurations\": [],\r\n          \"loadBalancingRules\": [\r\n            {\r\n              \"id\": \"/subscriptions/0b1f6471-1bf0-4dda-aec3-cb9272f09590/resourceGroups/onesdk4881/providers/Microsoft.Network/loadBalancers/onesdk2756/loadBalancingRules/onesdk2084\"\r\n            }\r\n          ],\r\n          \"provisioningState\": \"Succeeded\"\r\n        },\r\n        \"name\": \"onesdk4593\",\r\n        \"etag\": \"W/\\\"f65f3309-7cd5-4846-b946-a97406579529\\\"\",\r\n        \"id\": \"/subscriptions/0b1f6471-1bf0-4dda-aec3-cb9272f09590/resourceGroups/onesdk4881/providers/Microsoft.Network/loadBalancers/onesdk2756/backendAddressPools/onesdk4593\"\r\n      }\r\n    ],\r\n    \"loadBalancingRules\": [\r\n      {\r\n        \"properties\": {\r\n          \"frontendIPConfiguration\": {\r\n            \"id\": \"/subscriptions/0b1f6471-1bf0-4dda-aec3-cb9272f09590/resourceGroups/onesdk4881/providers/Microsoft.Network/loadBalancers/onesdk2756/frontendIPConfigurations/onesdk4488\"\r\n          },\r\n          \"backendAddressPool\": {\r\n            \"id\": \"/subscriptions/0b1f6471-1bf0-4dda-aec3-cb9272f09590/resourceGroups/onesdk4881/providers/Microsoft.Network/loadBalancers/onesdk2756/backendAddressPools/onesdk4593\"\r\n          },\r\n          \"probe\": {\r\n            \"id\": \"/subscriptions/0b1f6471-1bf0-4dda-aec3-cb9272f09590/resourceGroups/onesdk4881/providers/Microsoft.Network/loadBalancers/onesdk2756/probes/onesdk1919\"\r\n          },\r\n          \"protocol\": \"Tcp\",\r\n          \"loadDistribution\": \"SourceIP\",\r\n          \"frontendPort\": 80,\r\n          \"backendPort\": 80,\r\n          \"idleTimeoutInMinutes\": 15,\r\n          \"enableFloatingIP\": true,\r\n          \"provisioningState\": \"Succeeded\"\r\n        },\r\n        \"name\": \"onesdk2084\",\r\n        \"etag\": \"W/\\\"f65f3309-7cd5-4846-b946-a97406579529\\\"\",\r\n        \"id\": \"/subscriptions/0b1f6471-1bf0-4dda-aec3-cb9272f09590/resourceGroups/onesdk4881/providers/Microsoft.Network/loadBalancers/onesdk2756/loadBalancingRules/onesdk2084\"\r\n      }\r\n    ],\r\n    \"probes\": [\r\n      {\r\n        \"properties\": {\r\n          \"loadBalancingRules\": [],\r\n          \"protocol\": \"Http\",\r\n          \"port\": 80,\r\n          \"intervalInSeconds\": 15,\r\n          \"numberOfProbes\": 2,\r\n          \"requestPath\": \"healthcheck.aspx\",\r\n          \"provisioningState\": \"Succeeded\"\r\n        },\r\n        \"name\": \"onesdk1919\",\r\n        \"etag\": \"W/\\\"f65f3309-7cd5-4846-b946-a97406579529\\\"\",\r\n        \"id\": \"/subscriptions/0b1f6471-1bf0-4dda-aec3-cb9272f09590/resourceGroups/onesdk4881/providers/Microsoft.Network/loadBalancers/onesdk2756/probes/onesdk1919\"\r\n      }\r\n    ],\r\n    \"inboundNatRules\": [\r\n      {\r\n        \"properties\": {\r\n          \"frontendIPConfiguration\": {\r\n            \"id\": \"/subscriptions/0b1f6471-1bf0-4dda-aec3-cb9272f09590/resourceGroups/onesdk4881/providers/Microsoft.Network/loadBalancers/onesdk2756/frontendIPConfigurations/onesdk4488\"\r\n          },\r\n          \"protocol\": \"Tcp\",\r\n          \"frontendPort\": 3389,\r\n          \"backendPort\": 3389,\r\n          \"idleTimeoutInMinutes\": 15,\r\n          \"enableFloatingIP\": true,\r\n          \"provisioningState\": \"Succeeded\"\r\n        },\r\n        \"name\": \"onesdk1850\",\r\n        \"etag\": \"W/\\\"f65f3309-7cd5-4846-b946-a97406579529\\\"\",\r\n        \"id\": \"/subscriptions/0b1f6471-1bf0-4dda-aec3-cb9272f09590/resourceGroups/onesdk4881/providers/Microsoft.Network/loadBalancers/onesdk2756/inboundNatRules/onesdk1850\"\r\n      }\r\n    ],\r\n    \"inboundNatPools\": [],\r\n    \"resourceGuid\": \"351936d3-cc07-4ef9-a83a-6f6312b7c890\",\r\n    \"provisioningState\": \"Succeeded\"\r\n  },\r\n  \"etag\": \"W/\\\"f65f3309-7cd5-4846-b946-a97406579529\\\"\",\r\n  \"id\": \"/subscriptions/0b1f6471-1bf0-4dda-aec3-cb9272f09590/resourceGroups/onesdk4881/providers/Microsoft.Network/loadBalancers/onesdk2756\",\r\n  \"location\": \"westus\"\r\n}",
      "RequestHeaders": {
        "Content-Type": [
          "application/json; charset=utf-8"
        ],
        "Content-Length": [
          "5024"
        ],
        "x-ms-client-request-id": [
          "0ec40666-6fa1-4ce2-bf14-63058f291f91"
        ],
        "accept-language": [
          "en-US"
        ],
        "User-Agent": [
          "Microsoft.Azure.Management.Network.NetworkManagementClient/5.0.1-preview"
        ]
      },
      "ResponseBody": "{\r\n  \"name\": \"onesdk2756\",\r\n  \"id\": \"/subscriptions/0b1f6471-1bf0-4dda-aec3-cb9272f09590/resourceGroups/onesdk4881/providers/Microsoft.Network/loadBalancers/onesdk2756\",\r\n  \"etag\": \"W/\\\"4eb3f5c7-3a23-4d5f-9137-c937667b4a98\\\"\",\r\n  \"type\": \"Microsoft.Network/loadBalancers\",\r\n  \"location\": \"westus\",\r\n  \"properties\": {\r\n    \"provisioningState\": \"Succeeded\",\r\n    \"resourceGuid\": \"351936d3-cc07-4ef9-a83a-6f6312b7c890\",\r\n    \"frontendIPConfigurations\": [\r\n      {\r\n        \"name\": \"onesdk4488\",\r\n        \"id\": \"/subscriptions/0b1f6471-1bf0-4dda-aec3-cb9272f09590/resourceGroups/onesdk4881/providers/Microsoft.Network/loadBalancers/onesdk2756/frontendIPConfigurations/onesdk4488\",\r\n        \"etag\": \"W/\\\"4eb3f5c7-3a23-4d5f-9137-c937667b4a98\\\"\",\r\n        \"properties\": {\r\n          \"provisioningState\": \"Succeeded\",\r\n          \"privateIPAllocationMethod\": \"Dynamic\",\r\n          \"publicIPAddress\": {\r\n            \"id\": \"/subscriptions/0b1f6471-1bf0-4dda-aec3-cb9272f09590/resourceGroups/onesdk4881/providers/Microsoft.Network/publicIPAddresses/onesdk1834\"\r\n          },\r\n          \"loadBalancingRules\": [\r\n            {\r\n              \"id\": \"/subscriptions/0b1f6471-1bf0-4dda-aec3-cb9272f09590/resourceGroups/onesdk4881/providers/Microsoft.Network/loadBalancers/onesdk2756/loadBalancingRules/onesdk2084\"\r\n            }\r\n          ],\r\n          \"inboundNatRules\": [\r\n            {\r\n              \"id\": \"/subscriptions/0b1f6471-1bf0-4dda-aec3-cb9272f09590/resourceGroups/onesdk4881/providers/Microsoft.Network/loadBalancers/onesdk2756/inboundNatRules/onesdk1850\"\r\n            }\r\n          ]\r\n        }\r\n      }\r\n    ],\r\n    \"backendAddressPools\": [\r\n      {\r\n        \"name\": \"onesdk4593\",\r\n        \"id\": \"/subscriptions/0b1f6471-1bf0-4dda-aec3-cb9272f09590/resourceGroups/onesdk4881/providers/Microsoft.Network/loadBalancers/onesdk2756/backendAddressPools/onesdk4593\",\r\n        \"etag\": \"W/\\\"4eb3f5c7-3a23-4d5f-9137-c937667b4a98\\\"\",\r\n        \"properties\": {\r\n          \"provisioningState\": \"Succeeded\",\r\n          \"loadBalancingRules\": [\r\n            {\r\n              \"id\": \"/subscriptions/0b1f6471-1bf0-4dda-aec3-cb9272f09590/resourceGroups/onesdk4881/providers/Microsoft.Network/loadBalancers/onesdk2756/loadBalancingRules/onesdk2084\"\r\n            }\r\n          ]\r\n        }\r\n      }\r\n    ],\r\n    \"loadBalancingRules\": [\r\n      {\r\n        \"name\": \"onesdk2084\",\r\n        \"id\": \"/subscriptions/0b1f6471-1bf0-4dda-aec3-cb9272f09590/resourceGroups/onesdk4881/providers/Microsoft.Network/loadBalancers/onesdk2756/loadBalancingRules/onesdk2084\",\r\n        \"etag\": \"W/\\\"4eb3f5c7-3a23-4d5f-9137-c937667b4a98\\\"\",\r\n        \"properties\": {\r\n          \"provisioningState\": \"Succeeded\",\r\n          \"frontendIPConfiguration\": {\r\n            \"id\": \"/subscriptions/0b1f6471-1bf0-4dda-aec3-cb9272f09590/resourceGroups/onesdk4881/providers/Microsoft.Network/loadBalancers/onesdk2756/frontendIPConfigurations/onesdk4488\"\r\n          },\r\n          \"frontendPort\": 80,\r\n          \"backendPort\": 80,\r\n          \"enableFloatingIP\": true,\r\n          \"idleTimeoutInMinutes\": 15,\r\n          \"protocol\": \"Tcp\",\r\n          \"loadDistribution\": \"SourceIP\",\r\n          \"backendAddressPool\": {\r\n            \"id\": \"/subscriptions/0b1f6471-1bf0-4dda-aec3-cb9272f09590/resourceGroups/onesdk4881/providers/Microsoft.Network/loadBalancers/onesdk2756/backendAddressPools/onesdk4593\"\r\n          },\r\n          \"probe\": {\r\n            \"id\": \"/subscriptions/0b1f6471-1bf0-4dda-aec3-cb9272f09590/resourceGroups/onesdk4881/providers/Microsoft.Network/loadBalancers/onesdk2756/probes/onesdk1919\"\r\n          }\r\n        }\r\n      }\r\n    ],\r\n    \"probes\": [\r\n      {\r\n        \"name\": \"onesdk1919\",\r\n        \"id\": \"/subscriptions/0b1f6471-1bf0-4dda-aec3-cb9272f09590/resourceGroups/onesdk4881/providers/Microsoft.Network/loadBalancers/onesdk2756/probes/onesdk1919\",\r\n        \"etag\": \"W/\\\"4eb3f5c7-3a23-4d5f-9137-c937667b4a98\\\"\",\r\n        \"properties\": {\r\n          \"provisioningState\": \"Succeeded\",\r\n          \"protocol\": \"Http\",\r\n          \"port\": 80,\r\n          \"requestPath\": \"healthcheck.aspx\",\r\n          \"intervalInSeconds\": 15,\r\n          \"numberOfProbes\": 2,\r\n          \"loadBalancingRules\": [\r\n            {\r\n              \"id\": \"/subscriptions/0b1f6471-1bf0-4dda-aec3-cb9272f09590/resourceGroups/onesdk4881/providers/Microsoft.Network/loadBalancers/onesdk2756/loadBalancingRules/onesdk2084\"\r\n            }\r\n          ]\r\n        }\r\n      }\r\n    ],\r\n    \"inboundNatRules\": [\r\n      {\r\n        \"name\": \"onesdk1850\",\r\n        \"id\": \"/subscriptions/0b1f6471-1bf0-4dda-aec3-cb9272f09590/resourceGroups/onesdk4881/providers/Microsoft.Network/loadBalancers/onesdk2756/inboundNatRules/onesdk1850\",\r\n        \"etag\": \"W/\\\"4eb3f5c7-3a23-4d5f-9137-c937667b4a98\\\"\",\r\n        \"properties\": {\r\n          \"provisioningState\": \"Succeeded\",\r\n          \"frontendIPConfiguration\": {\r\n            \"id\": \"/subscriptions/0b1f6471-1bf0-4dda-aec3-cb9272f09590/resourceGroups/onesdk4881/providers/Microsoft.Network/loadBalancers/onesdk2756/frontendIPConfigurations/onesdk4488\"\r\n          },\r\n          \"frontendPort\": 3389,\r\n          \"backendPort\": 3389,\r\n          \"enableFloatingIP\": true,\r\n          \"idleTimeoutInMinutes\": 15,\r\n          \"protocol\": \"Tcp\"\r\n        }\r\n      }\r\n    ],\r\n    \"outboundNatRules\": [],\r\n    \"inboundNatPools\": []\r\n  }\r\n}",
      "ResponseHeaders": {
        "Content-Length": [
          "5274"
        ],
        "Content-Type": [
          "application/json; charset=utf-8"
        ],
        "Expires": [
          "-1"
        ],
        "Pragma": [
          "no-cache"
        ],
        "x-ms-request-id": [
          "6d9bd319-6f2f-4e41-99cd-a34f96e654f5"
        ],
        "Azure-AsyncOperation": [
          "https://management.azure.com/subscriptions/0b1f6471-1bf0-4dda-aec3-cb9272f09590/providers/Microsoft.Network/locations/westus/operations/6d9bd319-6f2f-4e41-99cd-a34f96e654f5?api-version=2016-09-01"
        ],
        "Strict-Transport-Security": [
          "max-age=31536000; includeSubDomains"
        ],
        "Cache-Control": [
          "no-cache"
        ],
        "Server": [
          "Microsoft-HTTPAPI/2.0",
          "Microsoft-HTTPAPI/2.0"
        ],
        "x-ms-ratelimit-remaining-subscription-writes": [
          "1194"
        ],
        "x-ms-correlation-request-id": [
          "63eca188-25c8-4e22-aeee-dd6a9dfea11f"
        ],
        "x-ms-routing-request-id": [
          "WESTUS2:20160722T234040Z:63eca188-25c8-4e22-aeee-dd6a9dfea11f"
        ],
        "Date": [
          "Fri, 22 Jul 2016 23:40:39 GMT"
        ]
      },
      "StatusCode": 200
    },
    {
      "RequestUri": "/subscriptions/0b1f6471-1bf0-4dda-aec3-cb9272f09590/resourceGroups/onesdk4881/providers/Microsoft.Network/loadBalancers/onesdk2756?api-version=2016-09-01",
      "EncodedRequestUri": "L3N1YnNjcmlwdGlvbnMvMGIxZjY0NzEtMWJmMC00ZGRhLWFlYzMtY2I5MjcyZjA5NTkwL3Jlc291cmNlR3JvdXBzL29uZXNkazQ4ODEvcHJvdmlkZXJzL01pY3Jvc29mdC5OZXR3b3JrL2xvYWRCYWxhbmNlcnMvb25lc2RrMjc1Nj9hcGktdmVyc2lvbj0yMDE2LTA5LTAx",
      "RequestMethod": "DELETE",
      "RequestBody": "",
      "RequestHeaders": {
        "x-ms-client-request-id": [
          "7f219eed-b820-4dad-8a80-ccccae6a6fbf"
        ],
        "accept-language": [
          "en-US"
        ],
        "User-Agent": [
          "Microsoft.Azure.Management.Network.NetworkManagementClient/5.0.1-preview"
        ]
      },
      "ResponseBody": "",
      "ResponseHeaders": {
        "Content-Length": [
          "0"
        ],
        "Expires": [
          "-1"
        ],
        "Pragma": [
          "no-cache"
        ],
        "Retry-After": [
          "10"
        ],
        "x-ms-request-id": [
          "66aadf8c-9e18-4479-8706-89d5781ddc65"
        ],
        "Azure-AsyncOperation": [
          "https://management.azure.com/subscriptions/0b1f6471-1bf0-4dda-aec3-cb9272f09590/providers/Microsoft.Network/locations/westus/operations/66aadf8c-9e18-4479-8706-89d5781ddc65?api-version=2016-09-01"
        ],
        "Strict-Transport-Security": [
          "max-age=31536000; includeSubDomains"
        ],
        "Cache-Control": [
          "no-cache"
        ],
        "Location": [
          "https://management.azure.com/subscriptions/0b1f6471-1bf0-4dda-aec3-cb9272f09590/providers/Microsoft.Network/locations/westus/operationResults/66aadf8c-9e18-4479-8706-89d5781ddc65?api-version=2016-09-01"
        ],
        "Server": [
          "Microsoft-HTTPAPI/2.0",
          "Microsoft-HTTPAPI/2.0"
        ],
        "x-ms-ratelimit-remaining-subscription-writes": [
          "1193"
        ],
        "x-ms-correlation-request-id": [
          "f1ba46cc-12d8-481b-8e89-a8b2ec554790"
        ],
        "x-ms-routing-request-id": [
          "WESTUS2:20160722T234041Z:f1ba46cc-12d8-481b-8e89-a8b2ec554790"
        ],
        "Date": [
          "Fri, 22 Jul 2016 23:40:40 GMT"
        ]
      },
      "StatusCode": 202
    },
    {
      "RequestUri": "/subscriptions/0b1f6471-1bf0-4dda-aec3-cb9272f09590/providers/Microsoft.Network/locations/westus/operations/66aadf8c-9e18-4479-8706-89d5781ddc65?api-version=2016-09-01",
      "EncodedRequestUri": "L3N1YnNjcmlwdGlvbnMvMGIxZjY0NzEtMWJmMC00ZGRhLWFlYzMtY2I5MjcyZjA5NTkwL3Byb3ZpZGVycy9NaWNyb3NvZnQuTmV0d29yay9sb2NhdGlvbnMvd2VzdHVzL29wZXJhdGlvbnMvNjZhYWRmOGMtOWUxOC00NDc5LTg3MDYtODlkNTc4MWRkYzY1P2FwaS12ZXJzaW9uPTIwMTYtMDktMDE=",
      "RequestMethod": "GET",
      "RequestBody": "",
      "RequestHeaders": {
        "User-Agent": [
          "Microsoft.Azure.Management.Network.NetworkManagementClient/5.0.1-preview"
        ]
      },
      "ResponseBody": "{\r\n  \"status\": \"Succeeded\"\r\n}",
      "ResponseHeaders": {
        "Content-Length": [
          "29"
        ],
        "Content-Type": [
          "application/json; charset=utf-8"
        ],
        "Expires": [
          "-1"
        ],
        "Pragma": [
          "no-cache"
        ],
        "x-ms-request-id": [
          "0d2ce4aa-292f-4b95-9b4b-168c8a6ab11d"
        ],
        "Strict-Transport-Security": [
          "max-age=31536000; includeSubDomains"
        ],
        "Cache-Control": [
          "no-cache"
        ],
        "Server": [
          "Microsoft-HTTPAPI/2.0",
          "Microsoft-HTTPAPI/2.0"
        ],
        "x-ms-ratelimit-remaining-subscription-reads": [
          "14957"
        ],
        "x-ms-correlation-request-id": [
          "087b5a7c-03b5-402c-b6ad-6b788386dae4"
        ],
        "x-ms-routing-request-id": [
          "WESTUS2:20160722T234111Z:087b5a7c-03b5-402c-b6ad-6b788386dae4"
        ],
        "Date": [
          "Fri, 22 Jul 2016 23:41:11 GMT"
        ]
      },
      "StatusCode": 200
    },
    {
      "RequestUri": "/subscriptions/0b1f6471-1bf0-4dda-aec3-cb9272f09590/resourceGroups/onesdk4881/providers/Microsoft.Network/loadBalancers?api-version=2016-09-01",
      "EncodedRequestUri": "L3N1YnNjcmlwdGlvbnMvMGIxZjY0NzEtMWJmMC00ZGRhLWFlYzMtY2I5MjcyZjA5NTkwL3Jlc291cmNlR3JvdXBzL29uZXNkazQ4ODEvcHJvdmlkZXJzL01pY3Jvc29mdC5OZXR3b3JrL2xvYWRCYWxhbmNlcnM/YXBpLXZlcnNpb249MjAxNi0wOS0wMQ==",
      "RequestMethod": "GET",
      "RequestBody": "",
      "RequestHeaders": {
        "x-ms-client-request-id": [
          "686554b5-6ba8-4bef-9d02-4a8162c04edd"
        ],
        "accept-language": [
          "en-US"
        ],
        "User-Agent": [
          "Microsoft.Azure.Management.Network.NetworkManagementClient/5.0.1-preview"
        ]
      },
      "ResponseBody": "{\r\n  \"value\": []\r\n}",
      "ResponseHeaders": {
        "Content-Length": [
          "12"
        ],
        "Content-Type": [
          "application/json; charset=utf-8"
        ],
        "Expires": [
          "-1"
        ],
        "Pragma": [
          "no-cache"
        ],
        "x-ms-ratelimit-remaining-subscription-reads": [
          "14956"
        ],
        "x-ms-request-id": [
          "d79e6fa9-9a58-45bd-a863-9eaa6bb461e9"
        ],
        "x-ms-correlation-request-id": [
          "d79e6fa9-9a58-45bd-a863-9eaa6bb461e9"
        ],
        "x-ms-routing-request-id": [
          "WESTUS2:20160722T234111Z:d79e6fa9-9a58-45bd-a863-9eaa6bb461e9"
        ],
        "Strict-Transport-Security": [
          "max-age=31536000; includeSubDomains"
        ],
        "Cache-Control": [
          "no-cache"
        ],
        "Date": [
          "Fri, 22 Jul 2016 23:41:11 GMT"
        ]
      },
      "StatusCode": 200
    },
    {
      "RequestUri": "/subscriptions/0b1f6471-1bf0-4dda-aec3-cb9272f09590/resourcegroups/onesdk4881?api-version=2016-02-01",
      "EncodedRequestUri": "L3N1YnNjcmlwdGlvbnMvMGIxZjY0NzEtMWJmMC00ZGRhLWFlYzMtY2I5MjcyZjA5NTkwL3Jlc291cmNlZ3JvdXBzL29uZXNkazQ4ODE/YXBpLXZlcnNpb249MjAxNi0wMi0wMQ==",
      "RequestMethod": "DELETE",
      "RequestBody": "",
      "RequestHeaders": {
        "User-Agent": [
          "Microsoft.Azure.Management.Resources.ResourceManagementClient/2.0.0.0"
        ]
      },
      "ResponseBody": "",
      "ResponseHeaders": {
        "Content-Length": [
          "0"
        ],
        "Expires": [
          "-1"
        ],
        "Pragma": [
          "no-cache"
        ],
        "Retry-After": [
          "15"
        ],
        "x-ms-ratelimit-remaining-subscription-writes": [
          "1190"
        ],
        "x-ms-request-id": [
          "bdec9403-a3a6-4bbd-845c-d5649348986d"
        ],
        "x-ms-correlation-request-id": [
          "bdec9403-a3a6-4bbd-845c-d5649348986d"
        ],
        "x-ms-routing-request-id": [
          "WESTUS2:20160722T234112Z:bdec9403-a3a6-4bbd-845c-d5649348986d"
        ],
        "Strict-Transport-Security": [
          "max-age=31536000; includeSubDomains"
        ],
        "Cache-Control": [
          "no-cache"
        ],
        "Date": [
          "Fri, 22 Jul 2016 23:41:11 GMT"
        ],
        "Location": [
          "https://management.azure.com/subscriptions/0b1f6471-1bf0-4dda-aec3-cb9272f09590/operationresults/eyJqb2JJZCI6IlJFU09VUkNFR1JPVVBERUxFVElPTkpPQi1PTkVTREs0ODgxLVdFU1RVUyIsImpvYkxvY2F0aW9uIjoid2VzdHVzIn0?api-version=2016-02-01"
        ]
      },
      "StatusCode": 202
    },
    {
      "RequestUri": "/subscriptions/0b1f6471-1bf0-4dda-aec3-cb9272f09590/operationresults/eyJqb2JJZCI6IlJFU09VUkNFR1JPVVBERUxFVElPTkpPQi1PTkVTREs0ODgxLVdFU1RVUyIsImpvYkxvY2F0aW9uIjoid2VzdHVzIn0?api-version=2016-02-01",
      "EncodedRequestUri": "L3N1YnNjcmlwdGlvbnMvMGIxZjY0NzEtMWJmMC00ZGRhLWFlYzMtY2I5MjcyZjA5NTkwL29wZXJhdGlvbnJlc3VsdHMvZXlKcWIySkpaQ0k2SWxKRlUwOVZVa05GUjFKUFZWQkVSVXhGVkVsUFRrcFBRaTFQVGtWVFJFczBPRGd4TFZkRlUxUlZVeUlzSW1wdllreHZZMkYwYVc5dUlqb2lkMlZ6ZEhWekluMD9hcGktdmVyc2lvbj0yMDE2LTAyLTAx",
      "RequestMethod": "GET",
      "RequestBody": "",
      "RequestHeaders": {
        "x-ms-version": [
          "2016-02-01"
        ],
        "User-Agent": [
          "Microsoft.Azure.Management.Resources.ResourceManagementClient/2.0.0.0"
        ]
      },
      "ResponseBody": "",
      "ResponseHeaders": {
        "Content-Length": [
          "0"
        ],
        "Expires": [
          "-1"
        ],
        "Pragma": [
          "no-cache"
        ],
        "Retry-After": [
          "15"
        ],
        "x-ms-ratelimit-remaining-subscription-reads": [
          "14967"
        ],
        "x-ms-request-id": [
          "55f1b1ad-1be0-447e-81d7-86e0ca8a53b3"
        ],
        "x-ms-correlation-request-id": [
          "55f1b1ad-1be0-447e-81d7-86e0ca8a53b3"
        ],
        "x-ms-routing-request-id": [
          "WESTUS2:20160722T234112Z:55f1b1ad-1be0-447e-81d7-86e0ca8a53b3"
        ],
        "Strict-Transport-Security": [
          "max-age=31536000; includeSubDomains"
        ],
        "Cache-Control": [
          "no-cache"
        ],
        "Date": [
          "Fri, 22 Jul 2016 23:41:11 GMT"
        ],
        "Location": [
          "https://management.azure.com/subscriptions/0b1f6471-1bf0-4dda-aec3-cb9272f09590/operationresults/eyJqb2JJZCI6IlJFU09VUkNFR1JPVVBERUxFVElPTkpPQi1PTkVTREs0ODgxLVdFU1RVUyIsImpvYkxvY2F0aW9uIjoid2VzdHVzIn0?api-version=2016-02-01"
        ]
      },
      "StatusCode": 202
    },
    {
      "RequestUri": "/subscriptions/0b1f6471-1bf0-4dda-aec3-cb9272f09590/operationresults/eyJqb2JJZCI6IlJFU09VUkNFR1JPVVBERUxFVElPTkpPQi1PTkVTREs0ODgxLVdFU1RVUyIsImpvYkxvY2F0aW9uIjoid2VzdHVzIn0?api-version=2016-02-01",
      "EncodedRequestUri": "L3N1YnNjcmlwdGlvbnMvMGIxZjY0NzEtMWJmMC00ZGRhLWFlYzMtY2I5MjcyZjA5NTkwL29wZXJhdGlvbnJlc3VsdHMvZXlKcWIySkpaQ0k2SWxKRlUwOVZVa05GUjFKUFZWQkVSVXhGVkVsUFRrcFBRaTFQVGtWVFJFczBPRGd4TFZkRlUxUlZVeUlzSW1wdllreHZZMkYwYVc5dUlqb2lkMlZ6ZEhWekluMD9hcGktdmVyc2lvbj0yMDE2LTAyLTAx",
      "RequestMethod": "GET",
      "RequestBody": "",
      "RequestHeaders": {
        "x-ms-version": [
          "2016-02-01"
        ],
        "User-Agent": [
          "Microsoft.Azure.Management.Resources.ResourceManagementClient/2.0.0.0"
        ]
      },
      "ResponseBody": "",
      "ResponseHeaders": {
        "Content-Length": [
          "0"
        ],
        "Expires": [
          "-1"
        ],
        "Pragma": [
          "no-cache"
        ],
        "Retry-After": [
          "15"
        ],
        "x-ms-ratelimit-remaining-subscription-reads": [
          "14966"
        ],
        "x-ms-request-id": [
          "5660add8-2722-40b4-93bb-352474edcfcd"
        ],
        "x-ms-correlation-request-id": [
          "5660add8-2722-40b4-93bb-352474edcfcd"
        ],
        "x-ms-routing-request-id": [
          "WESTUS2:20160722T234127Z:5660add8-2722-40b4-93bb-352474edcfcd"
        ],
        "Strict-Transport-Security": [
          "max-age=31536000; includeSubDomains"
        ],
        "Cache-Control": [
          "no-cache"
        ],
        "Date": [
          "Fri, 22 Jul 2016 23:41:26 GMT"
        ],
        "Location": [
          "https://management.azure.com/subscriptions/0b1f6471-1bf0-4dda-aec3-cb9272f09590/operationresults/eyJqb2JJZCI6IlJFU09VUkNFR1JPVVBERUxFVElPTkpPQi1PTkVTREs0ODgxLVdFU1RVUyIsImpvYkxvY2F0aW9uIjoid2VzdHVzIn0?api-version=2016-02-01"
        ]
      },
      "StatusCode": 202
    },
    {
      "RequestUri": "/subscriptions/0b1f6471-1bf0-4dda-aec3-cb9272f09590/operationresults/eyJqb2JJZCI6IlJFU09VUkNFR1JPVVBERUxFVElPTkpPQi1PTkVTREs0ODgxLVdFU1RVUyIsImpvYkxvY2F0aW9uIjoid2VzdHVzIn0?api-version=2016-02-01",
      "EncodedRequestUri": "L3N1YnNjcmlwdGlvbnMvMGIxZjY0NzEtMWJmMC00ZGRhLWFlYzMtY2I5MjcyZjA5NTkwL29wZXJhdGlvbnJlc3VsdHMvZXlKcWIySkpaQ0k2SWxKRlUwOVZVa05GUjFKUFZWQkVSVXhGVkVsUFRrcFBRaTFQVGtWVFJFczBPRGd4TFZkRlUxUlZVeUlzSW1wdllreHZZMkYwYVc5dUlqb2lkMlZ6ZEhWekluMD9hcGktdmVyc2lvbj0yMDE2LTAyLTAx",
      "RequestMethod": "GET",
      "RequestBody": "",
      "RequestHeaders": {
        "x-ms-version": [
          "2016-02-01"
        ],
        "User-Agent": [
          "Microsoft.Azure.Management.Resources.ResourceManagementClient/2.0.0.0"
        ]
      },
      "ResponseBody": "",
      "ResponseHeaders": {
        "Content-Length": [
          "0"
        ],
        "Expires": [
          "-1"
        ],
        "Pragma": [
          "no-cache"
        ],
        "Retry-After": [
          "15"
        ],
        "x-ms-ratelimit-remaining-subscription-reads": [
          "14965"
        ],
        "x-ms-request-id": [
          "ee693aed-7575-4544-ba38-143c380f59c9"
        ],
        "x-ms-correlation-request-id": [
          "ee693aed-7575-4544-ba38-143c380f59c9"
        ],
        "x-ms-routing-request-id": [
          "WESTUS2:20160722T234142Z:ee693aed-7575-4544-ba38-143c380f59c9"
        ],
        "Strict-Transport-Security": [
          "max-age=31536000; includeSubDomains"
        ],
        "Cache-Control": [
          "no-cache"
        ],
        "Date": [
          "Fri, 22 Jul 2016 23:41:42 GMT"
        ],
        "Location": [
          "https://management.azure.com/subscriptions/0b1f6471-1bf0-4dda-aec3-cb9272f09590/operationresults/eyJqb2JJZCI6IlJFU09VUkNFR1JPVVBERUxFVElPTkpPQi1PTkVTREs0ODgxLVdFU1RVUyIsImpvYkxvY2F0aW9uIjoid2VzdHVzIn0?api-version=2016-02-01"
        ]
      },
      "StatusCode": 202
    },
    {
      "RequestUri": "/subscriptions/0b1f6471-1bf0-4dda-aec3-cb9272f09590/operationresults/eyJqb2JJZCI6IlJFU09VUkNFR1JPVVBERUxFVElPTkpPQi1PTkVTREs0ODgxLVdFU1RVUyIsImpvYkxvY2F0aW9uIjoid2VzdHVzIn0?api-version=2016-02-01",
      "EncodedRequestUri": "L3N1YnNjcmlwdGlvbnMvMGIxZjY0NzEtMWJmMC00ZGRhLWFlYzMtY2I5MjcyZjA5NTkwL29wZXJhdGlvbnJlc3VsdHMvZXlKcWIySkpaQ0k2SWxKRlUwOVZVa05GUjFKUFZWQkVSVXhGVkVsUFRrcFBRaTFQVGtWVFJFczBPRGd4TFZkRlUxUlZVeUlzSW1wdllreHZZMkYwYVc5dUlqb2lkMlZ6ZEhWekluMD9hcGktdmVyc2lvbj0yMDE2LTAyLTAx",
      "RequestMethod": "GET",
      "RequestBody": "",
      "RequestHeaders": {
        "x-ms-version": [
          "2016-02-01"
        ],
        "User-Agent": [
          "Microsoft.Azure.Management.Resources.ResourceManagementClient/2.0.0.0"
        ]
      },
      "ResponseBody": "",
      "ResponseHeaders": {
        "Content-Length": [
          "0"
        ],
        "Expires": [
          "-1"
        ],
        "Pragma": [
          "no-cache"
        ],
        "Retry-After": [
          "15"
        ],
        "x-ms-ratelimit-remaining-subscription-reads": [
          "14964"
        ],
        "x-ms-request-id": [
          "daf516c4-f7ed-4628-a15f-da415ce3df0c"
        ],
        "x-ms-correlation-request-id": [
          "daf516c4-f7ed-4628-a15f-da415ce3df0c"
        ],
        "x-ms-routing-request-id": [
          "WESTUS2:20160722T234157Z:daf516c4-f7ed-4628-a15f-da415ce3df0c"
        ],
        "Strict-Transport-Security": [
          "max-age=31536000; includeSubDomains"
        ],
        "Cache-Control": [
          "no-cache"
        ],
        "Date": [
          "Fri, 22 Jul 2016 23:41:57 GMT"
        ],
        "Location": [
          "https://management.azure.com/subscriptions/0b1f6471-1bf0-4dda-aec3-cb9272f09590/operationresults/eyJqb2JJZCI6IlJFU09VUkNFR1JPVVBERUxFVElPTkpPQi1PTkVTREs0ODgxLVdFU1RVUyIsImpvYkxvY2F0aW9uIjoid2VzdHVzIn0?api-version=2016-02-01"
        ]
      },
      "StatusCode": 202
    },
    {
      "RequestUri": "/subscriptions/0b1f6471-1bf0-4dda-aec3-cb9272f09590/operationresults/eyJqb2JJZCI6IlJFU09VUkNFR1JPVVBERUxFVElPTkpPQi1PTkVTREs0ODgxLVdFU1RVUyIsImpvYkxvY2F0aW9uIjoid2VzdHVzIn0?api-version=2016-02-01",
      "EncodedRequestUri": "L3N1YnNjcmlwdGlvbnMvMGIxZjY0NzEtMWJmMC00ZGRhLWFlYzMtY2I5MjcyZjA5NTkwL29wZXJhdGlvbnJlc3VsdHMvZXlKcWIySkpaQ0k2SWxKRlUwOVZVa05GUjFKUFZWQkVSVXhGVkVsUFRrcFBRaTFQVGtWVFJFczBPRGd4TFZkRlUxUlZVeUlzSW1wdllreHZZMkYwYVc5dUlqb2lkMlZ6ZEhWekluMD9hcGktdmVyc2lvbj0yMDE2LTAyLTAx",
      "RequestMethod": "GET",
      "RequestBody": "",
      "RequestHeaders": {
        "x-ms-version": [
          "2016-02-01"
        ],
        "User-Agent": [
          "Microsoft.Azure.Management.Resources.ResourceManagementClient/2.0.0.0"
        ]
      },
      "ResponseBody": "",
      "ResponseHeaders": {
        "Content-Length": [
          "0"
        ],
        "Expires": [
          "-1"
        ],
        "Pragma": [
          "no-cache"
        ],
        "Retry-After": [
          "15"
        ],
        "x-ms-ratelimit-remaining-subscription-reads": [
          "14963"
        ],
        "x-ms-request-id": [
          "e9835e8a-614f-4099-a987-8d88f364ddb9"
        ],
        "x-ms-correlation-request-id": [
          "e9835e8a-614f-4099-a987-8d88f364ddb9"
        ],
        "x-ms-routing-request-id": [
          "WESTUS2:20160722T234212Z:e9835e8a-614f-4099-a987-8d88f364ddb9"
        ],
        "Strict-Transport-Security": [
          "max-age=31536000; includeSubDomains"
        ],
        "Cache-Control": [
          "no-cache"
        ],
        "Date": [
          "Fri, 22 Jul 2016 23:42:11 GMT"
        ],
        "Location": [
          "https://management.azure.com/subscriptions/0b1f6471-1bf0-4dda-aec3-cb9272f09590/operationresults/eyJqb2JJZCI6IlJFU09VUkNFR1JPVVBERUxFVElPTkpPQi1PTkVTREs0ODgxLVdFU1RVUyIsImpvYkxvY2F0aW9uIjoid2VzdHVzIn0?api-version=2016-02-01"
        ]
      },
      "StatusCode": 202
    },
    {
      "RequestUri": "/subscriptions/0b1f6471-1bf0-4dda-aec3-cb9272f09590/operationresults/eyJqb2JJZCI6IlJFU09VUkNFR1JPVVBERUxFVElPTkpPQi1PTkVTREs0ODgxLVdFU1RVUyIsImpvYkxvY2F0aW9uIjoid2VzdHVzIn0?api-version=2016-02-01",
      "EncodedRequestUri": "L3N1YnNjcmlwdGlvbnMvMGIxZjY0NzEtMWJmMC00ZGRhLWFlYzMtY2I5MjcyZjA5NTkwL29wZXJhdGlvbnJlc3VsdHMvZXlKcWIySkpaQ0k2SWxKRlUwOVZVa05GUjFKUFZWQkVSVXhGVkVsUFRrcFBRaTFQVGtWVFJFczBPRGd4TFZkRlUxUlZVeUlzSW1wdllreHZZMkYwYVc5dUlqb2lkMlZ6ZEhWekluMD9hcGktdmVyc2lvbj0yMDE2LTAyLTAx",
      "RequestMethod": "GET",
      "RequestBody": "",
      "RequestHeaders": {
        "x-ms-version": [
          "2016-02-01"
        ],
        "User-Agent": [
          "Microsoft.Azure.Management.Resources.ResourceManagementClient/2.0.0.0"
        ]
      },
      "ResponseBody": "",
      "ResponseHeaders": {
        "Content-Length": [
          "0"
        ],
        "Expires": [
          "-1"
        ],
        "Pragma": [
          "no-cache"
        ],
        "Retry-After": [
          "15"
        ],
        "x-ms-ratelimit-remaining-subscription-reads": [
          "14962"
        ],
        "x-ms-request-id": [
          "f24023ab-7bb2-4eee-89c1-62a7522d984c"
        ],
        "x-ms-correlation-request-id": [
          "f24023ab-7bb2-4eee-89c1-62a7522d984c"
        ],
        "x-ms-routing-request-id": [
          "WESTUS2:20160722T234227Z:f24023ab-7bb2-4eee-89c1-62a7522d984c"
        ],
        "Strict-Transport-Security": [
          "max-age=31536000; includeSubDomains"
        ],
        "Cache-Control": [
          "no-cache"
        ],
        "Date": [
          "Fri, 22 Jul 2016 23:42:27 GMT"
        ],
        "Location": [
          "https://management.azure.com/subscriptions/0b1f6471-1bf0-4dda-aec3-cb9272f09590/operationresults/eyJqb2JJZCI6IlJFU09VUkNFR1JPVVBERUxFVElPTkpPQi1PTkVTREs0ODgxLVdFU1RVUyIsImpvYkxvY2F0aW9uIjoid2VzdHVzIn0?api-version=2016-02-01"
        ]
      },
      "StatusCode": 202
    },
    {
      "RequestUri": "/subscriptions/0b1f6471-1bf0-4dda-aec3-cb9272f09590/operationresults/eyJqb2JJZCI6IlJFU09VUkNFR1JPVVBERUxFVElPTkpPQi1PTkVTREs0ODgxLVdFU1RVUyIsImpvYkxvY2F0aW9uIjoid2VzdHVzIn0?api-version=2016-02-01",
      "EncodedRequestUri": "L3N1YnNjcmlwdGlvbnMvMGIxZjY0NzEtMWJmMC00ZGRhLWFlYzMtY2I5MjcyZjA5NTkwL29wZXJhdGlvbnJlc3VsdHMvZXlKcWIySkpaQ0k2SWxKRlUwOVZVa05GUjFKUFZWQkVSVXhGVkVsUFRrcFBRaTFQVGtWVFJFczBPRGd4TFZkRlUxUlZVeUlzSW1wdllreHZZMkYwYVc5dUlqb2lkMlZ6ZEhWekluMD9hcGktdmVyc2lvbj0yMDE2LTAyLTAx",
      "RequestMethod": "GET",
      "RequestBody": "",
      "RequestHeaders": {
        "x-ms-version": [
          "2016-02-01"
        ],
        "User-Agent": [
          "Microsoft.Azure.Management.Resources.ResourceManagementClient/2.0.0.0"
        ]
      },
      "ResponseBody": "",
      "ResponseHeaders": {
        "Content-Length": [
          "0"
        ],
        "Expires": [
          "-1"
        ],
        "Pragma": [
          "no-cache"
        ],
        "Retry-After": [
          "15"
        ],
        "x-ms-ratelimit-remaining-subscription-reads": [
          "14961"
        ],
        "x-ms-request-id": [
          "b4d8298c-7bb3-4739-909c-1e4b9bf5856a"
        ],
        "x-ms-correlation-request-id": [
          "b4d8298c-7bb3-4739-909c-1e4b9bf5856a"
        ],
        "x-ms-routing-request-id": [
          "WESTUS2:20160722T234242Z:b4d8298c-7bb3-4739-909c-1e4b9bf5856a"
        ],
        "Strict-Transport-Security": [
          "max-age=31536000; includeSubDomains"
        ],
        "Cache-Control": [
          "no-cache"
        ],
        "Date": [
          "Fri, 22 Jul 2016 23:42:42 GMT"
        ],
        "Location": [
          "https://management.azure.com/subscriptions/0b1f6471-1bf0-4dda-aec3-cb9272f09590/operationresults/eyJqb2JJZCI6IlJFU09VUkNFR1JPVVBERUxFVElPTkpPQi1PTkVTREs0ODgxLVdFU1RVUyIsImpvYkxvY2F0aW9uIjoid2VzdHVzIn0?api-version=2016-02-01"
        ]
      },
      "StatusCode": 202
    },
    {
      "RequestUri": "/subscriptions/0b1f6471-1bf0-4dda-aec3-cb9272f09590/operationresults/eyJqb2JJZCI6IlJFU09VUkNFR1JPVVBERUxFVElPTkpPQi1PTkVTREs0ODgxLVdFU1RVUyIsImpvYkxvY2F0aW9uIjoid2VzdHVzIn0?api-version=2016-02-01",
      "EncodedRequestUri": "L3N1YnNjcmlwdGlvbnMvMGIxZjY0NzEtMWJmMC00ZGRhLWFlYzMtY2I5MjcyZjA5NTkwL29wZXJhdGlvbnJlc3VsdHMvZXlKcWIySkpaQ0k2SWxKRlUwOVZVa05GUjFKUFZWQkVSVXhGVkVsUFRrcFBRaTFQVGtWVFJFczBPRGd4TFZkRlUxUlZVeUlzSW1wdllreHZZMkYwYVc5dUlqb2lkMlZ6ZEhWekluMD9hcGktdmVyc2lvbj0yMDE2LTAyLTAx",
      "RequestMethod": "GET",
      "RequestBody": "",
      "RequestHeaders": {
        "x-ms-version": [
          "2016-02-01"
        ],
        "User-Agent": [
          "Microsoft.Azure.Management.Resources.ResourceManagementClient/2.0.0.0"
        ]
      },
      "ResponseBody": "",
      "ResponseHeaders": {
        "Content-Length": [
          "0"
        ],
        "Expires": [
          "-1"
        ],
        "Pragma": [
          "no-cache"
        ],
        "x-ms-ratelimit-remaining-subscription-reads": [
          "14960"
        ],
        "x-ms-request-id": [
          "64030f14-266e-435b-a949-7fe669ed0811"
        ],
        "x-ms-correlation-request-id": [
          "64030f14-266e-435b-a949-7fe669ed0811"
        ],
        "x-ms-routing-request-id": [
          "WESTUS2:20160722T234257Z:64030f14-266e-435b-a949-7fe669ed0811"
        ],
        "Strict-Transport-Security": [
          "max-age=31536000; includeSubDomains"
        ],
        "Cache-Control": [
          "no-cache"
        ],
        "Date": [
          "Fri, 22 Jul 2016 23:42:57 GMT"
        ]
      },
      "StatusCode": 200
    }
  ],
  "Names": {
    "Test-SetLoadBalancerObjectAssignment": [
      "onesdk4881",
      "onesdk1849",
      "onesdk1572",
      "onesdk1834",
      "onesdk8612",
      "onesdk2756",
      "onesdk4488",
      "onesdk4593",
      "onesdk1919",
      "onesdk1850",
      "onesdk2084"
    ]
  },
  "Variables": {
    "SubscriptionId": "0b1f6471-1bf0-4dda-aec3-cb9272f09590"
  }
}
