{
  "Get-AzCommunicationServiceSmtpUsername+[NoContext]+List+$GET+https://management.azure.com/subscriptions/50ad1522-5c2c-4d9a-a6c8-67c11ecb75b8/resourceGroups/testgroup0sbm37/providers/Microsoft.Communication/communicationServices/persistentACSResourceName0sbm37/smtpUsernames?api-version=2024-09-01-preview+1": {
    "Request": {
      "Method": "GET",
      "RequestUri": "https://management.azure.com/subscriptions/50ad1522-5c2c-4d9a-a6c8-67c11ecb75b8/resourceGroups/testgroup0sbm37/providers/Microsoft.Communication/communicationServices/persistentACSResourceName0sbm37/smtpUsernames?api-version=2024-09-01-preview",
      "Content": null,
      "isContentBase64": false,
      "Headers": {
        "x-ms-unique-id": [ "8" ],
        "x-ms-client-request-id": [ "2c17c421-da39-4d46-a0f3-41ce3176f027" ],
        "CommandName": [ "Get-AzCommunicationServiceSmtpUsername" ],
        "FullCommandName": [ "Get-AzCommunicationServiceSmtpUsername_List" ],
        "ParameterSetName": [ "__AllParameterSets" ],
        "User-Agent": [ "AzurePowershell/v0.0.0", "PSVersion/v7.5.0", "Az.CommunicationServiceSmtpUsername/0.4.2" ],
        "Authorization": [ "[Filtered]" ]
      },
      "ContentHeaders": {
      }
    },
    "Response": {
      "StatusCode": 200,
      "Headers": {
        "Cache-Control": [ "no-cache" ],
        "Pragma": [ "no-cache" ],
        "x-ms-ratelimit-remaining-subscription-reads": [ "1099" ],
        "x-ms-providerhub-traffic": [ "True" ],
        "Request-Context": [ "appId=" ],
        "X-Content-Type-Options": [ "nosniff" ],
        "Strict-Transport-Security": [ "max-age=31536000; includeSubDomains" ],
        "MS-CV": [ "7zEHmhvaYU2BhKNXTbfY9A.0" ],
        "mise-correlation-id": [ "94e97f92-36e5-453b-b617-bdcf5b3ce224" ],
        "x-ms-request-id": [ "289ca064-fdb1-4dfb-9774-ee64afb68362" ],
        "x-ms-correlation-request-id": [ "4a8a1663-f39d-47b5-9062-a4cb5a98d524" ],
        "x-ms-ratelimit-remaining-subscription-global-reads": [ "16499" ],
        "x-ms-routing-request-id": [ "WESTINDIA:20250312T103539Z:4a8a1663-f39d-47b5-9062-a4cb5a98d524" ],
        "X-Cache": [ "CONFIG_NOCACHE" ],
        "X-MSEdge-Ref": [ "Ref A: 9E396153F7B141D98E64FF5633B2925C Ref B: MAA201060514045 Ref C: 2025-03-12T10:35:38Z" ],
        "Date": [ "Wed, 12 Mar 2025 10:35:38 GMT" ]
      },
      "ContentHeaders": {
        "Content-Length": [ "478" ],
        "Content-Type": [ "application/json; charset=utf-8" ],
        "Expires": [ "-1" ]
      },
      "Content": "{\"value\":[{\"id\":\"/subscriptions/50ad1522-5c2c-4d9a-a6c8-67c11ecb75b8/resourcegroups/testgroup0sbm37/providers/microsoft.communication/communicationservices/persistentacsresourcename0sbm37/SmtpUsernames/testsmtpusernameresource0sbm37\",\"name\":\"testsmtpusernameresource0sbm37\",\"type\":\"communicationservices/smtpusernames\",\"properties\":{\"username\":\"testusername0sbm37\",\"entraApplicationId\":\"735ffca9-2020-4c43-a16d-128dd4221e90\",\"tenantId\":\"72f988bf-86f1-41af-91ab-2d7cd011db47\"}}]}",
      "isContentBase64": false
    }
  },
  "Get-AzCommunicationServiceSmtpUsername+[NoContext]+Get+$GET+https://management.azure.com/subscriptions/50ad1522-5c2c-4d9a-a6c8-67c11ecb75b8/resourceGroups/testgroup0sbm37/providers/Microsoft.Communication/communicationServices/persistentACSResourceName0sbm37/smtpUsernames/testSmtpUsernameResource0sbm37?api-version=2024-09-01-preview+1": {
    "Request": {
      "Method": "GET",
      "RequestUri": "https://management.azure.com/subscriptions/50ad1522-5c2c-4d9a-a6c8-67c11ecb75b8/resourceGroups/testgroup0sbm37/providers/Microsoft.Communication/communicationServices/persistentACSResourceName0sbm37/smtpUsernames/testSmtpUsernameResource0sbm37?api-version=2024-09-01-preview",
      "Content": null,
      "isContentBase64": false,
      "Headers": {
        "x-ms-unique-id": [ "9" ],
        "x-ms-client-request-id": [ "3c562a0b-740e-4ca8-86a5-eb2f2b13f71c" ],
        "CommandName": [ "Get-AzCommunicationServiceSmtpUsername" ],
        "FullCommandName": [ "Get-AzCommunicationServiceSmtpUsername_Get" ],
        "ParameterSetName": [ "__AllParameterSets" ],
        "User-Agent": [ "AzurePowershell/v0.0.0", "PSVersion/v7.5.0", "Az.CommunicationServiceSmtpUsername/0.4.2" ],
        "Authorization": [ "[Filtered]" ]
      },
      "ContentHeaders": {
      }
    },
    "Response": {
      "StatusCode": 200,
      "Headers": {
        "Cache-Control": [ "no-cache" ],
        "Pragma": [ "no-cache" ],
        "x-ms-ratelimit-remaining-subscription-reads": [ "1099" ],
        "x-ms-providerhub-traffic": [ "True" ],
        "Request-Context": [ "appId=" ],
        "X-Content-Type-Options": [ "nosniff" ],
        "Strict-Transport-Security": [ "max-age=31536000; includeSubDomains" ],
        "MS-CV": [ "K+uuAfI9CUe1jWqq4nZ48g.0" ],
        "mise-correlation-id": [ "c6f8d4b7-8cbd-4e52-81a9-aac794228b73" ],
        "x-ms-request-id": [ "c943693d-f3f4-4332-a21c-e6e3baf1afb5" ],
        "x-ms-correlation-request-id": [ "55982907-7ec3-4da2-8097-29981cc81c3c" ],
        "x-ms-ratelimit-remaining-subscription-global-reads": [ "16499" ],
        "x-ms-routing-request-id": [ "WESTINDIA:20250312T103540Z:55982907-7ec3-4da2-8097-29981cc81c3c" ],
        "X-Cache": [ "CONFIG_NOCACHE" ],
        "X-MSEdge-Ref": [ "Ref A: 841E5730544C4AF2B2172496F895FF6C Ref B: MAA201060514045 Ref C: 2025-03-12T10:35:39Z" ],
        "Date": [ "Wed, 12 Mar 2025 10:35:40 GMT" ]
      },
      "ContentHeaders": {
        "Content-Length": [ "466" ],
        "Content-Type": [ "application/json; charset=utf-8" ],
        "Expires": [ "-1" ]
      },
      "Content": "{\"id\":\"/subscriptions/50ad1522-5c2c-4d9a-a6c8-67c11ecb75b8/resourcegroups/testgroup0sbm37/providers/microsoft.communication/communicationservices/persistentacsresourcename0sbm37/SmtpUsernames/testsmtpusernameresource0sbm37\",\"name\":\"testsmtpusernameresource0sbm37\",\"type\":\"communicationservices/smtpusernames\",\"properties\":{\"username\":\"testusername0sbm37\",\"entraApplicationId\":\"735ffca9-2020-4c43-a16d-128dd4221e90\",\"tenantId\":\"72f988bf-86f1-41af-91ab-2d7cd011db47\"}}",
      "isContentBase64": false
    }
  },
  "Get-AzCommunicationServiceSmtpUsername+[NoContext]+GetViaIdentity+$GET+https://management.azure.com/subscriptions/50ad1522-5c2c-4d9a-a6c8-67c11ecb75b8/resourceGroups/testgroup0sbm37/providers/Microsoft.Communication/communicationServices/persistentACSResourceName0sbm37/smtpUsernames/testSmtpUsernameResource0sbm37?api-version=2024-09-01-preview+1": {
    "Request": {
      "Method": "GET",
      "RequestUri": "https://management.azure.com/subscriptions/50ad1522-5c2c-4d9a-a6c8-67c11ecb75b8/resourceGroups/testgroup0sbm37/providers/Microsoft.Communication/communicationServices/persistentACSResourceName0sbm37/smtpUsernames/testSmtpUsernameResource0sbm37?api-version=2024-09-01-preview",
      "Content": null,
      "isContentBase64": false,
      "Headers": {
        "x-ms-unique-id": [ "10" ],
        "x-ms-client-request-id": [ "7bc943ae-1453-4da6-9ef4-e46ccbb022b9" ],
        "CommandName": [ "Get-AzCommunicationServiceSmtpUsername" ],
        "FullCommandName": [ "Get-AzCommunicationServiceSmtpUsername_Get" ],
        "ParameterSetName": [ "__AllParameterSets" ],
        "User-Agent": [ "AzurePowershell/v0.0.0", "PSVersion/v7.5.0", "Az.CommunicationServiceSmtpUsername/0.4.2" ],
        "Authorization": [ "[Filtered]" ]
      },
      "ContentHeaders": {
      }
    },
    "Response": {
      "StatusCode": 200,
      "Headers": {
        "Cache-Control": [ "no-cache" ],
        "Pragma": [ "no-cache" ],
        "x-ms-ratelimit-remaining-subscription-reads": [ "1099" ],
        "x-ms-providerhub-traffic": [ "True" ],
        "Request-Context": [ "appId=" ],
        "X-Content-Type-Options": [ "nosniff" ],
        "Strict-Transport-Security": [ "max-age=31536000; includeSubDomains" ],
        "MS-CV": [ "WN339N59gkSGOCl1k6IuSw.0" ],
        "mise-correlation-id": [ "05f1cfc0-6f0a-4eca-8d84-982431ceeff4" ],
        "x-ms-request-id": [ "530b30b0-d106-4dfb-bac7-5c58118447c7" ],
        "x-ms-correlation-request-id": [ "19f56eca-b197-4bc2-9d7c-de4c8fb6d2eb" ],
        "x-ms-ratelimit-remaining-subscription-global-reads": [ "16499" ],
        "x-ms-routing-request-id": [ "WESTINDIA:20250312T103541Z:19f56eca-b197-4bc2-9d7c-de4c8fb6d2eb" ],
        "X-Cache": [ "CONFIG_NOCACHE" ],
        "X-MSEdge-Ref": [ "Ref A: 162900B782A1443F8F7371BFDB924655 Ref B: MAA201060514045 Ref C: 2025-03-12T10:35:40Z" ],
        "Date": [ "Wed, 12 Mar 2025 10:35:41 GMT" ]
      },
      "ContentHeaders": {
        "Content-Length": [ "466" ],
        "Content-Type": [ "application/json; charset=utf-8" ],
        "Expires": [ "-1" ]
      },
      "Content": "{\"id\":\"/subscriptions/50ad1522-5c2c-4d9a-a6c8-67c11ecb75b8/resourcegroups/testgroup0sbm37/providers/microsoft.communication/communicationservices/persistentacsresourcename0sbm37/SmtpUsernames/testsmtpusernameresource0sbm37\",\"name\":\"testsmtpusernameresource0sbm37\",\"type\":\"communicationservices/smtpusernames\",\"properties\":{\"username\":\"testusername0sbm37\",\"entraApplicationId\":\"735ffca9-2020-4c43-a16d-128dd4221e90\",\"tenantId\":\"72f988bf-86f1-41af-91ab-2d7cd011db47\"}}",
      "isContentBase64": false
    }
  },
  "Get-AzCommunicationServiceSmtpUsername+[NoContext]+GetViaIdentity+$GET+https://management.azure.com/subscriptions/50ad1522-5c2c-4d9a-a6c8-67c11ecb75b8/resourceGroups/testgroup0sbm37/providers/Microsoft.Communication/communicationServices/persistentacsresourcename0sbm37/smtpUsernames/testsmtpusernameresource0sbm37?api-version=2024-09-01-preview+2": {
    "Request": {
      "Method": "GET",
      "RequestUri": "https://management.azure.com/subscriptions/50ad1522-5c2c-4d9a-a6c8-67c11ecb75b8/resourceGroups/testgroup0sbm37/providers/Microsoft.Communication/communicationServices/persistentacsresourcename0sbm37/smtpUsernames/testsmtpusernameresource0sbm37?api-version=2024-09-01-preview",
      "Content": null,
      "isContentBase64": false,
      "Headers": {
        "x-ms-unique-id": [ "11" ],
        "x-ms-client-request-id": [ "6908d2e4-314f-4a26-9ac0-e8794098a4b1" ],
        "CommandName": [ "Get-AzCommunicationServiceSmtpUsername" ],
        "FullCommandName": [ "Get-AzCommunicationServiceSmtpUsername_GetViaIdentity" ],
        "ParameterSetName": [ "__AllParameterSets" ],
        "User-Agent": [ "AzurePowershell/v0.0.0", "PSVersion/v7.5.0", "Az.CommunicationServiceSmtpUsername/0.4.2" ],
        "Authorization": [ "[Filtered]" ]
      },
      "ContentHeaders": {
      }
    },
    "Response": {
      "StatusCode": 200,
      "Headers": {
        "Cache-Control": [ "no-cache" ],
        "Pragma": [ "no-cache" ],
        "x-ms-ratelimit-remaining-subscription-reads": [ "1099" ],
        "x-ms-providerhub-traffic": [ "True" ],
        "Request-Context": [ "appId=" ],
        "X-Content-Type-Options": [ "nosniff" ],
        "Strict-Transport-Security": [ "max-age=31536000; includeSubDomains" ],
        "MS-CV": [ "eJEP+MwPtkaSJRrL2nXU8w.0" ],
        "mise-correlation-id": [ "94662b22-6cab-42f5-b6c2-069f84877bab" ],
        "x-ms-request-id": [ "1e73b2b7-b1af-4693-8a98-8904dadd6793" ],
        "x-ms-correlation-request-id": [ "50b30efa-2615-4a12-a85a-22b27d3c08a4" ],
        "x-ms-ratelimit-remaining-subscription-global-reads": [ "16499" ],
        "x-ms-routing-request-id": [ "WESTINDIA:20250312T103542Z:50b30efa-2615-4a12-a85a-22b27d3c08a4" ],
        "X-Cache": [ "CONFIG_NOCACHE" ],
        "X-MSEdge-Ref": [ "Ref A: 6771B42DA1D4444697E6B09A1A2D597E Ref B: MAA201060514045 Ref C: 2025-03-12T10:35:41Z" ],
        "Date": [ "Wed, 12 Mar 2025 10:35:42 GMT" ]
      },
      "ContentHeaders": {
        "Content-Length": [ "466" ],
        "Content-Type": [ "application/json; charset=utf-8" ],
        "Expires": [ "-1" ]
      },
      "Content": "{\"id\":\"/subscriptions/50ad1522-5c2c-4d9a-a6c8-67c11ecb75b8/resourcegroups/testgroup0sbm37/providers/microsoft.communication/communicationservices/persistentacsresourcename0sbm37/SmtpUsernames/testsmtpusernameresource0sbm37\",\"name\":\"testsmtpusernameresource0sbm37\",\"type\":\"communicationservices/smtpusernames\",\"properties\":{\"username\":\"testusername0sbm37\",\"entraApplicationId\":\"735ffca9-2020-4c43-a16d-128dd4221e90\",\"tenantId\":\"72f988bf-86f1-41af-91ab-2d7cd011db47\"}}",
      "isContentBase64": false
    }
  }
}