{
  "Remove-AzCommunicationServiceSmtpUsername+[NoContext]+Delete+$PUT+https://management.azure.com/subscriptions/50ad1522-5c2c-4d9a-a6c8-67c11ecb75b8/resourceGroups/testgroupcpqhea/providers/Microsoft.Communication/communicationServices/persistentACSResourceNamecpqhea/smtpUsernames/smtpusername-testcpqhea?api-version=2024-09-01-preview+1": {
    "Request": {
      "Method": "PUT",
      "RequestUri": "https://management.azure.com/subscriptions/50ad1522-5c2c-4d9a-a6c8-67c11ecb75b8/resourceGroups/testgroupcpqhea/providers/Microsoft.Communication/communicationServices/persistentACSResourceNamecpqhea/smtpUsernames/smtpusername-testcpqhea?api-version=2024-09-01-preview",
      "Content": "{\r\n  \"properties\": {\r\n    \"username\": \"username-testcpqhea\",\r\n    \"entraApplicationId\": \"735ffca9-2020-4c43-a16d-128dd4221e90\",\r\n    \"tenantId\": \"72f988bf-86f1-41af-91ab-2d7cd011db47\"\r\n  }\r\n}",
      "isContentBase64": false,
      "Headers": {
      },
      "ContentHeaders": {
        "Content-Type": [ "application/json" ],
        "Content-Length": [ "191" ]
      }
    },
    "Response": {
      "StatusCode": 200,
      "Headers": {
        "Cache-Control": [ "no-cache" ],
        "Pragma": [ "no-cache" ],
        "x-ms-operation-identifier": [ "tenantId=72f988bf-86f1-41af-91ab-2d7cd011db47,objectId=bad0af61-74f2-4ee5-8af9-437b897404e9/westindia/92afe9bc-fec6-4679-b2e9-a2563ddc50a4" ],
        "x-ms-providerhub-traffic": [ "True" ],
        "Request-Context": [ "appId=" ],
        "X-Content-Type-Options": [ "nosniff" ],
        "Strict-Transport-Security": [ "max-age=31536000; includeSubDomains" ],
        "MS-CV": [ "Jke6+AOnP0eHp5Vg3iD1FQ.0" ],
        "mise-correlation-id": [ "3c117f50-21e0-40ed-b508-84efa861f83e" ],
        "x-ms-request-id": [ "6fe8050f-6b9c-4d14-afc4-f0266b34f617" ],
        "x-ms-correlation-request-id": [ "20271751-04f8-4e02-8f3e-d5d5940f97ec" ],
        "x-ms-ratelimit-remaining-subscription-writes": [ "799" ],
        "x-ms-ratelimit-remaining-subscription-global-writes": [ "11999" ],
        "x-ms-routing-request-id": [ "WESTINDIA:20250331T115209Z:20271751-04f8-4e02-8f3e-d5d5940f97ec" ],
        "X-Cache": [ "CONFIG_NOCACHE" ],
        "X-MSEdge-Ref": [ "Ref A: 965DB2DA4C854EE186061775E3F413BD Ref B: MAA201060514017 Ref C: 2025-03-31T11:52:06Z" ],
        "Date": [ "Mon, 31 Mar 2025 11:52:09 GMT" ]
      },
      "ContentHeaders": {
        "Content-Length": [ "717" ],
        "Content-Type": [ "application/json; charset=utf-8" ],
        "Expires": [ "-1" ]
      },
      "Content": "{\"id\":\"/subscriptions/50ad1522-5c2c-4d9a-a6c8-67c11ecb75b8/resourceGroups/testgroupcpqhea/providers/Microsoft.Communication/communicationServices/persistentACSResourceNamecpqhea/smtpUsernames/smtpusername-testcpqhea\",\"name\":\"smtpusername-testcpqhea\",\"type\":\"microsoft.communication/communicationservices/smtpusernames\",\"systemData\":{\"createdBy\":\"v-deepikal@microsoft.com\",\"createdByType\":\"User\",\"createdAt\":\"2025-03-31T11:52:07.4637503Z\",\"lastModifiedBy\":\"v-deepikal@microsoft.com\",\"lastModifiedByType\":\"User\",\"lastModifiedAt\":\"2025-03-31T11:52:07.4637503Z\"},\"properties\":{\"username\":\"username-testcpqhea\",\"entraApplicationId\":\"735ffca9-2020-4c43-a16d-128dd4221e90\",\"tenantId\":\"72f988bf-86f1-41af-91ab-2d7cd011db47\"}}",
      "isContentBase64": false
    }
  },
  "Remove-AzCommunicationServiceSmtpUsername+[NoContext]+Delete+$DELETE+https://management.azure.com/subscriptions/50ad1522-5c2c-4d9a-a6c8-67c11ecb75b8/resourceGroups/testgroupcpqhea/providers/Microsoft.Communication/communicationServices/persistentACSResourceNamecpqhea/smtpUsernames/smtpusername-testcpqhea?api-version=2024-09-01-preview+2": {
    "Request": {
      "Method": "DELETE",
      "RequestUri": "https://management.azure.com/subscriptions/50ad1522-5c2c-4d9a-a6c8-67c11ecb75b8/resourceGroups/testgroupcpqhea/providers/Microsoft.Communication/communicationServices/persistentACSResourceNamecpqhea/smtpUsernames/smtpusername-testcpqhea?api-version=2024-09-01-preview",
      "Content": null,
      "isContentBase64": false,
      "Headers": {
        "x-ms-unique-id": [ "14" ],
        "x-ms-client-request-id": [ "94196667-cb36-43f7-85b7-c23b8b202f38" ],
        "CommandName": [ "Remove-AzCommunicationServiceSmtpUsername" ],
        "FullCommandName": [ "Remove-AzCommunicationServiceSmtpUsername_Delete" ],
        "ParameterSetName": [ "__AllParameterSets" ],
        "User-Agent": [ "AzurePowershell/v0.0.0", "PSVersion/v7.5.0", "Az.CommunicationServiceSmtpUsername/0.4.2" ],
        "Authorization": [ "[Filtered]" ]
      },
      "ContentHeaders": {
      }
    },
    "Response": {
      "StatusCode": 204,
      "Headers": {
        "Cache-Control": [ "no-cache" ],
        "Pragma": [ "no-cache" ],
        "x-ms-providerhub-traffic": [ "True" ],
        "Request-Context": [ "appId=" ],
        "X-Content-Type-Options": [ "nosniff" ],
        "Strict-Transport-Security": [ "max-age=31536000; includeSubDomains" ],
        "MS-CV": [ "I2O0DUQUtEiayZfJzF2ZgQ.0" ],
        "mise-correlation-id": [ "0f80058d-dd08-44d4-a89b-cb35a478993b" ],
        "x-ms-request-id": [ "8e6b4c49-0398-461f-9c68-e5757856b5c3" ],
        "x-ms-correlation-request-id": [ "136d361c-837a-46ee-ba94-7508b043ca1c" ],
        "x-ms-operation-identifier": [ "tenantId=72f988bf-86f1-41af-91ab-2d7cd011db47,objectId=bad0af61-74f2-4ee5-8af9-437b897404e9/westindia/459b9dd9-0b04-4623-9f80-453e9d1a8689" ],
        "x-ms-ratelimit-remaining-subscription-deletes": [ "799" ],
        "x-ms-ratelimit-remaining-subscription-global-deletes": [ "11999" ],
        "x-ms-routing-request-id": [ "WESTINDIA:20250331T115211Z:136d361c-837a-46ee-ba94-7508b043ca1c" ],
        "X-Cache": [ "CONFIG_NOCACHE" ],
        "X-MSEdge-Ref": [ "Ref A: 5BC113B464554314B118E389F88CF905 Ref B: MAA201060514017 Ref C: 2025-03-31T11:52:10Z" ],
        "Date": [ "Mon, 31 Mar 2025 11:52:10 GMT" ]
      },
      "ContentHeaders": {
        "Content-Type": [ "application/json; charset=utf-8" ],
        "Expires": [ "-1" ]
      },
      "Content": null,
      "isContentBase64": false
    }
  },
  "Remove-AzCommunicationServiceSmtpUsername+[NoContext]+Delete+$GET+https://management.azure.com/subscriptions/50ad1522-5c2c-4d9a-a6c8-67c11ecb75b8/resourceGroups/testgroupcpqhea/providers/Microsoft.Communication/communicationServices/persistentACSResourceNamecpqhea/smtpUsernames?api-version=2024-09-01-preview+3": {
    "Request": {
      "Method": "GET",
      "RequestUri": "https://management.azure.com/subscriptions/50ad1522-5c2c-4d9a-a6c8-67c11ecb75b8/resourceGroups/testgroupcpqhea/providers/Microsoft.Communication/communicationServices/persistentACSResourceNamecpqhea/smtpUsernames?api-version=2024-09-01-preview",
      "Content": null,
      "isContentBase64": false,
      "Headers": {
        "x-ms-unique-id": [ "15" ],
        "x-ms-client-request-id": [ "44e60cdc-bff3-4b2e-885c-ad7367434c85" ],
        "CommandName": [ "Get-AzCommunicationServiceSmtpUsername" ],
        "FullCommandName": [ "Get-AzCommunicationServiceSmtpUsername_List" ],
        "ParameterSetName": [ "__AllParameterSets" ],
        "User-Agent": [ "AzurePowershell/v0.0.0", "PSVersion/v7.5.0", "Az.CommunicationServiceSmtpUsername/0.4.2" ],
        "Authorization": [ "[Filtered]" ]
      },
      "ContentHeaders": {
      }
    },
    "Response": {
      "StatusCode": 200,
      "Headers": {
        "Cache-Control": [ "no-cache" ],
        "Pragma": [ "no-cache" ],
        "x-ms-operation-identifier": [ "tenantId=72f988bf-86f1-41af-91ab-2d7cd011db47,objectId=bad0af61-74f2-4ee5-8af9-437b897404e9/westindia/65518fa4-1678-4461-a28e-bd62966baab7" ],
        "x-ms-providerhub-traffic": [ "True" ],
        "Request-Context": [ "appId=" ],
        "X-Content-Type-Options": [ "nosniff" ],
        "Strict-Transport-Security": [ "max-age=31536000; includeSubDomains" ],
        "MS-CV": [ "qNuqiTjzREOpMJuDTT1soA.0" ],
        "mise-correlation-id": [ "f6f1db1b-81d1-4b2d-8762-1a77551d7af9" ],
        "x-ms-request-id": [ "507a9427-8e63-438a-bb8e-b0c230ab330c" ],
        "x-ms-correlation-request-id": [ "f65ba8a6-ed86-4253-ba52-900668e92c60" ],
        "x-ms-ratelimit-remaining-subscription-reads": [ "1099" ],
        "x-ms-ratelimit-remaining-subscription-global-reads": [ "16499" ],
        "x-ms-routing-request-id": [ "WESTINDIA:20250331T115212Z:f65ba8a6-ed86-4253-ba52-900668e92c60" ],
        "X-Cache": [ "CONFIG_NOCACHE" ],
        "X-MSEdge-Ref": [ "Ref A: 1A9C356A697B469F919B26726FCF3446 Ref B: MAA201060514017 Ref C: 2025-03-31T11:52:11Z" ],
        "Date": [ "Mon, 31 Mar 2025 11:52:11 GMT" ]
      },
      "ContentHeaders": {
        "Content-Length": [ "478" ],
        "Content-Type": [ "application/json; charset=utf-8" ],
        "Expires": [ "-1" ]
      },
      "Content": "{\"value\":[{\"id\":\"/subscriptions/50ad1522-5c2c-4d9a-a6c8-67c11ecb75b8/resourcegroups/testgroupcpqhea/providers/microsoft.communication/communicationservices/persistentacsresourcenamecpqhea/SmtpUsernames/testsmtpusernameresourcecpqhea\",\"name\":\"testsmtpusernameresourcecpqhea\",\"type\":\"communicationservices/smtpusernames\",\"properties\":{\"username\":\"testusernamecpqhea\",\"entraApplicationId\":\"735ffca9-2020-4c43-a16d-128dd4221e90\",\"tenantId\":\"72f988bf-86f1-41af-91ab-2d7cd011db47\"}}]}",
      "isContentBase64": false
    }
  },
  "Remove-AzCommunicationServiceSmtpUsername+[NoContext]+DeleteViaIdentity+$PUT+https://management.azure.com/subscriptions/50ad1522-5c2c-4d9a-a6c8-67c11ecb75b8/resourceGroups/testgroupcpqhea/providers/Microsoft.Communication/communicationServices/persistentACSResourceNamecpqhea/smtpUsernames/smtpusername-testpk5waj?api-version=2024-09-01-preview+1": {
    "Request": {
      "Method": "PUT",
      "RequestUri": "https://management.azure.com/subscriptions/50ad1522-5c2c-4d9a-a6c8-67c11ecb75b8/resourceGroups/testgroupcpqhea/providers/Microsoft.Communication/communicationServices/persistentACSResourceNamecpqhea/smtpUsernames/smtpusername-testpk5waj?api-version=2024-09-01-preview",
      "Content": "{\r\n  \"properties\": {\r\n    \"username\": \"username-testpk5waj\",\r\n    \"entraApplicationId\": \"735ffca9-2020-4c43-a16d-128dd4221e90\",\r\n    \"tenantId\": \"72f988bf-86f1-41af-91ab-2d7cd011db47\"\r\n  }\r\n}",
      "isContentBase64": false,
      "Headers": {
      },
      "ContentHeaders": {
        "Content-Type": [ "application/json" ],
        "Content-Length": [ "191" ]
      }
    },
    "Response": {
      "StatusCode": 200,
      "Headers": {
        "Cache-Control": [ "no-cache" ],
        "Pragma": [ "no-cache" ],
        "x-ms-operation-identifier": [ "tenantId=72f988bf-86f1-41af-91ab-2d7cd011db47,objectId=bad0af61-74f2-4ee5-8af9-437b897404e9/westindia/b2b62bf9-f0c0-40bd-9789-cf3c9938ebe3" ],
        "x-ms-providerhub-traffic": [ "True" ],
        "Request-Context": [ "appId=" ],
        "X-Content-Type-Options": [ "nosniff" ],
        "Strict-Transport-Security": [ "max-age=31536000; includeSubDomains" ],
        "MS-CV": [ "yEvvaYV09kuJKmuhnZIeIw.0" ],
        "mise-correlation-id": [ "9732280a-205f-4c5e-b2f7-2a939d17c2cd" ],
        "x-ms-request-id": [ "913c70a6-a667-4224-a763-6befc147a051" ],
        "x-ms-correlation-request-id": [ "ac802cc7-261c-4362-9186-628afd0afb5b" ],
        "x-ms-ratelimit-remaining-subscription-writes": [ "799" ],
        "x-ms-ratelimit-remaining-subscription-global-writes": [ "11999" ],
        "x-ms-routing-request-id": [ "WESTINDIA:20250331T115216Z:ac802cc7-261c-4362-9186-628afd0afb5b" ],
        "X-Cache": [ "CONFIG_NOCACHE" ],
        "X-MSEdge-Ref": [ "Ref A: B4591796ED1F4E1AB34F97ADF7FAB1A2 Ref B: MAA201060514017 Ref C: 2025-03-31T11:52:12Z" ],
        "Date": [ "Mon, 31 Mar 2025 11:52:15 GMT" ]
      },
      "ContentHeaders": {
        "Content-Length": [ "717" ],
        "Content-Type": [ "application/json; charset=utf-8" ],
        "Expires": [ "-1" ]
      },
      "Content": "{\"id\":\"/subscriptions/50ad1522-5c2c-4d9a-a6c8-67c11ecb75b8/resourceGroups/testgroupcpqhea/providers/Microsoft.Communication/communicationServices/persistentACSResourceNamecpqhea/smtpUsernames/smtpusername-testpk5waj\",\"name\":\"smtpusername-testpk5waj\",\"type\":\"microsoft.communication/communicationservices/smtpusernames\",\"systemData\":{\"createdBy\":\"v-deepikal@microsoft.com\",\"createdByType\":\"User\",\"createdAt\":\"2025-03-31T11:52:13.3823914Z\",\"lastModifiedBy\":\"v-deepikal@microsoft.com\",\"lastModifiedByType\":\"User\",\"lastModifiedAt\":\"2025-03-31T11:52:13.3823914Z\"},\"properties\":{\"username\":\"username-testpk5waj\",\"entraApplicationId\":\"735ffca9-2020-4c43-a16d-128dd4221e90\",\"tenantId\":\"72f988bf-86f1-41af-91ab-2d7cd011db47\"}}",
      "isContentBase64": false
    }
  },
  "Remove-AzCommunicationServiceSmtpUsername+[NoContext]+DeleteViaIdentity+$DELETE+https://management.azure.com/subscriptions/50ad1522-5c2c-4d9a-a6c8-67c11ecb75b8/resourceGroups/testgroupcpqhea/providers/Microsoft.Communication/communicationServices/persistentACSResourceNamecpqhea/smtpUsernames/smtpusername-testpk5waj?api-version=2024-09-01-preview+2": {
    "Request": {
      "Method": "DELETE",
      "RequestUri": "https://management.azure.com/subscriptions/50ad1522-5c2c-4d9a-a6c8-67c11ecb75b8/resourceGroups/testgroupcpqhea/providers/Microsoft.Communication/communicationServices/persistentACSResourceNamecpqhea/smtpUsernames/smtpusername-testpk5waj?api-version=2024-09-01-preview",
      "Content": null,
      "isContentBase64": false,
      "Headers": {
        "x-ms-unique-id": [ "17" ],
        "x-ms-client-request-id": [ "fa0369f7-d09a-4654-8b24-1b61b6650872" ],
        "CommandName": [ "Remove-AzCommunicationServiceSmtpUsername" ],
        "FullCommandName": [ "Remove-AzCommunicationServiceSmtpUsername_DeleteViaIdentity" ],
        "ParameterSetName": [ "__AllParameterSets" ],
        "User-Agent": [ "AzurePowershell/v0.0.0", "PSVersion/v7.5.0", "Az.CommunicationServiceSmtpUsername/0.4.2" ],
        "Authorization": [ "[Filtered]" ]
      },
      "ContentHeaders": {
      }
    },
    "Response": {
      "StatusCode": 204,
      "Headers": {
        "Cache-Control": [ "no-cache" ],
        "Pragma": [ "no-cache" ],
        "x-ms-providerhub-traffic": [ "True" ],
        "Request-Context": [ "appId=" ],
        "X-Content-Type-Options": [ "nosniff" ],
        "Strict-Transport-Security": [ "max-age=31536000; includeSubDomains" ],
        "MS-CV": [ "MgoPWMF0/EmMa+XbaFzwaQ.0" ],
        "mise-correlation-id": [ "a4696cb2-3182-47c1-9afb-3d7c7700052c" ],
        "x-ms-request-id": [ "ec5d03ef-78be-4690-8c02-b64e48251997" ],
        "x-ms-correlation-request-id": [ "95ae6fc1-1f40-4066-9aa7-91a9651ce068" ],
        "x-ms-operation-identifier": [ "tenantId=72f988bf-86f1-41af-91ab-2d7cd011db47,objectId=bad0af61-74f2-4ee5-8af9-437b897404e9/westindia/2988f3a4-b96c-47db-ad04-9f4d39eabda8" ],
        "x-ms-ratelimit-remaining-subscription-deletes": [ "799" ],
        "x-ms-ratelimit-remaining-subscription-global-deletes": [ "11999" ],
        "x-ms-routing-request-id": [ "WESTINDIA:20250331T115218Z:95ae6fc1-1f40-4066-9aa7-91a9651ce068" ],
        "X-Cache": [ "CONFIG_NOCACHE" ],
        "X-MSEdge-Ref": [ "Ref A: 42D89EDA816B4E50B5CFD8DC947FD3FE Ref B: MAA201060514017 Ref C: 2025-03-31T11:52:16Z" ],
        "Date": [ "Mon, 31 Mar 2025 11:52:17 GMT" ]
      },
      "ContentHeaders": {
        "Content-Type": [ "application/json; charset=utf-8" ],
        "Expires": [ "-1" ]
      },
      "Content": null,
      "isContentBase64": false
    }
  },
  "Remove-AzCommunicationServiceSmtpUsername+[NoContext]+DeleteViaIdentity+$GET+https://management.azure.com/subscriptions/50ad1522-5c2c-4d9a-a6c8-67c11ecb75b8/resourceGroups/testgroupcpqhea/providers/Microsoft.Communication/communicationServices/persistentACSResourceNamecpqhea/smtpUsernames?api-version=2024-09-01-preview+3": {
    "Request": {
      "Method": "GET",
      "RequestUri": "https://management.azure.com/subscriptions/50ad1522-5c2c-4d9a-a6c8-67c11ecb75b8/resourceGroups/testgroupcpqhea/providers/Microsoft.Communication/communicationServices/persistentACSResourceNamecpqhea/smtpUsernames?api-version=2024-09-01-preview",
      "Content": null,
      "isContentBase64": false,
      "Headers": {
        "x-ms-unique-id": [ "18" ],
        "x-ms-client-request-id": [ "a28e18d6-745d-4d07-b677-37b6deca3717" ],
        "CommandName": [ "Get-AzCommunicationServiceSmtpUsername" ],
        "FullCommandName": [ "Get-AzCommunicationServiceSmtpUsername_List" ],
        "ParameterSetName": [ "__AllParameterSets" ],
        "User-Agent": [ "AzurePowershell/v0.0.0", "PSVersion/v7.5.0", "Az.CommunicationServiceSmtpUsername/0.4.2" ],
        "Authorization": [ "[Filtered]" ]
      },
      "ContentHeaders": {
      }
    },
    "Response": {
      "StatusCode": 200,
      "Headers": {
        "Cache-Control": [ "no-cache" ],
        "Pragma": [ "no-cache" ],
        "x-ms-operation-identifier": [ "tenantId=72f988bf-86f1-41af-91ab-2d7cd011db47,objectId=bad0af61-74f2-4ee5-8af9-437b897404e9/westindia/4fc55f65-3125-4521-9d0a-274a7ac4a182" ],
        "x-ms-providerhub-traffic": [ "True" ],
        "Request-Context": [ "appId=" ],
        "X-Content-Type-Options": [ "nosniff" ],
        "Strict-Transport-Security": [ "max-age=31536000; includeSubDomains" ],
        "MS-CV": [ "zZ9zgY2RIU+uhii9nFgq8A.0" ],
        "mise-correlation-id": [ "a406aacf-72db-4496-a854-aa9c01f5e3d7" ],
        "x-ms-request-id": [ "475ae52e-0004-4364-a1b5-4f987d074927" ],
        "x-ms-correlation-request-id": [ "c523ea4b-b93b-4f9f-98c3-b0cb7ee311ec" ],
        "x-ms-ratelimit-remaining-subscription-reads": [ "1099" ],
        "x-ms-ratelimit-remaining-subscription-global-reads": [ "16499" ],
        "x-ms-routing-request-id": [ "WESTINDIA:20250331T115218Z:c523ea4b-b93b-4f9f-98c3-b0cb7ee311ec" ],
        "X-Cache": [ "CONFIG_NOCACHE" ],
        "X-MSEdge-Ref": [ "Ref A: 5BA2CF244DEA47B782FA2BBD0E4EBF64 Ref B: MAA201060514017 Ref C: 2025-03-31T11:52:18Z" ],
        "Date": [ "Mon, 31 Mar 2025 11:52:17 GMT" ]
      },
      "ContentHeaders": {
        "Content-Length": [ "478" ],
        "Content-Type": [ "application/json; charset=utf-8" ],
        "Expires": [ "-1" ]
      },
      "Content": "{\"value\":[{\"id\":\"/subscriptions/50ad1522-5c2c-4d9a-a6c8-67c11ecb75b8/resourcegroups/testgroupcpqhea/providers/microsoft.communication/communicationservices/persistentacsresourcenamecpqhea/SmtpUsernames/testsmtpusernameresourcecpqhea\",\"name\":\"testsmtpusernameresourcecpqhea\",\"type\":\"communicationservices/smtpusernames\",\"properties\":{\"username\":\"testusernamecpqhea\",\"entraApplicationId\":\"735ffca9-2020-4c43-a16d-128dd4221e90\",\"tenantId\":\"72f988bf-86f1-41af-91ab-2d7cd011db47\"}}]}",
      "isContentBase64": false
    }
  }
}