{
  "Entries": [
    {
      "RequestUri": "/subscriptions/947d47b4-7883-4bb9-9d85-c5e8e2f572ce/resourcegroups/ps4273?api-version=2016-09-01",
      "EncodedRequestUri": "L3N1YnNjcmlwdGlvbnMvOTQ3ZDQ3YjQtNzg4My00YmI5LTlkODUtYzVlOGUyZjU3MmNlL3Jlc291cmNlZ3JvdXBzL3BzNDI3Mz9hcGktdmVyc2lvbj0yMDE2LTA5LTAx",
      "RequestMethod": "PUT",
      "RequestBody": "{\r\n  \"location\": \"EAST US 2 EUAP\"\r\n}",
      "RequestHeaders": {
        "x-ms-client-request-id": [
          "1744349a-2180-4d8c-8b6d-acebd6eb63e0"
        ],
        "Accept-Language": [
          "en-US"
        ],
        "User-Agent": [
          "FxVersion/4.6.27414.06",
          "OSName/Windows",
          "OSVersion/Microsoft.Windows.10.0.17763.",
          "Microsoft.Azure.Management.Internal.Resources.ResourceManagementClient/1.1.18"
        ],
        "Content-Type": [
          "application/json; charset=utf-8"
        ],
        "Content-Length": [
          "36"
        ]
      },
      "ResponseHeaders": {
        "Cache-Control": [
          "no-cache"
        ],
        "Pragma": [
          "no-cache"
        ],
        "x-ms-ratelimit-remaining-subscription-writes": [
          "1150"
        ],
        "x-ms-request-id": [
          "8eb3358d-83c9-444e-a7d8-333a94a3d371"
        ],
        "x-ms-correlation-request-id": [
          "8eb3358d-83c9-444e-a7d8-333a94a3d371"
        ],
        "x-ms-routing-request-id": [
          "BRAZILUS:20190408T110145Z:8eb3358d-83c9-444e-a7d8-333a94a3d371"
        ],
        "Strict-Transport-Security": [
          "max-age=31536000; includeSubDomains"
        ],
        "X-Content-Type-Options": [
          "nosniff"
        ],
        "Date": [
          "Mon, 08 Apr 2019 11:01:45 GMT"
        ],
        "Content-Length": [
          "170"
        ],
        "Content-Type": [
          "application/json; charset=utf-8"
        ],
        "Expires": [
          "-1"
        ]
      },
      "ResponseBody": "{\r\n  \"id\": \"/subscriptions/947d47b4-7883-4bb9-9d85-c5e8e2f572ce/resourceGroups/ps4273\",\r\n  \"name\": \"ps4273\",\r\n  \"location\": \"eastus2euap\",\r\n  \"properties\": {\r\n    \"provisioningState\": \"Succeeded\"\r\n  }\r\n}",
      "StatusCode": 201
    },
    {
      "RequestUri": "/subscriptions/947d47b4-7883-4bb9-9d85-c5e8e2f572ce/resourceGroups/ps4273/providers/Microsoft.Network/publicIPAddresses/PublicIPAddressName?api-version=2019-02-01",
      "EncodedRequestUri": "L3N1YnNjcmlwdGlvbnMvOTQ3ZDQ3YjQtNzg4My00YmI5LTlkODUtYzVlOGUyZjU3MmNlL3Jlc291cmNlR3JvdXBzL3BzNDI3My9wcm92aWRlcnMvTWljcm9zb2Z0Lk5ldHdvcmsvcHVibGljSVBBZGRyZXNzZXMvUHVibGljSVBBZGRyZXNzTmFtZT9hcGktdmVyc2lvbj0yMDE5LTAyLTAx",
      "RequestMethod": "GET",
      "RequestBody": "",
      "RequestHeaders": {
        "x-ms-client-request-id": [
          "86bf3026-eeaa-4196-a5ec-32602b110135"
        ],
        "Accept-Language": [
          "en-US"
        ],
        "User-Agent": [
          "FxVersion/4.6.27414.06",
          "OSName/Windows",
          "OSVersion/Microsoft.Windows.10.0.17763.",
          "Microsoft.Azure.Management.Network.NetworkManagementClient/20.0.0.0"
        ]
      },
      "ResponseHeaders": {
        "Cache-Control": [
          "no-cache"
        ],
        "Pragma": [
          "no-cache"
        ],
        "x-ms-failure-cause": [
          "gateway"
        ],
        "x-ms-request-id": [
          "b1a2145f-ddec-48c6-9053-d810d5fd8e49"
        ],
        "x-ms-correlation-request-id": [
          "b1a2145f-ddec-48c6-9053-d810d5fd8e49"
        ],
        "x-ms-routing-request-id": [
          "BRAZILUS:20190408T110146Z:b1a2145f-ddec-48c6-9053-d810d5fd8e49"
        ],
        "Strict-Transport-Security": [
          "max-age=31536000; includeSubDomains"
        ],
        "X-Content-Type-Options": [
          "nosniff"
        ],
        "Date": [
          "Mon, 08 Apr 2019 11:01:45 GMT"
        ],
        "Content-Type": [
          "application/json; charset=utf-8"
        ],
        "Expires": [
          "-1"
        ],
        "Content-Length": [
          "165"
        ]
      },
      "ResponseBody": "{\r\n  \"error\": {\r\n    \"code\": \"ResourceNotFound\",\r\n    \"message\": \"The Resource 'Microsoft.Network/publicIPAddresses/PublicIPAddressName' under resource group 'ps4273' was not found.\"\r\n  }\r\n}",
      "StatusCode": 404
    },
    {
      "RequestUri": "/subscriptions/947d47b4-7883-4bb9-9d85-c5e8e2f572ce/resourceGroups/ps4273/providers/Microsoft.Network/publicIPAddresses/PublicIPAddressName?api-version=2019-02-01",
      "EncodedRequestUri": "L3N1YnNjcmlwdGlvbnMvOTQ3ZDQ3YjQtNzg4My00YmI5LTlkODUtYzVlOGUyZjU3MmNlL3Jlc291cmNlR3JvdXBzL3BzNDI3My9wcm92aWRlcnMvTWljcm9zb2Z0Lk5ldHdvcmsvcHVibGljSVBBZGRyZXNzZXMvUHVibGljSVBBZGRyZXNzTmFtZT9hcGktdmVyc2lvbj0yMDE5LTAyLTAx",
      "RequestMethod": "GET",
      "RequestBody": "",
      "RequestHeaders": {
        "User-Agent": [
          "FxVersion/4.6.27414.06",
          "OSName/Windows",
          "OSVersion/Microsoft.Windows.10.0.17763.",
          "Microsoft.Azure.Management.Network.NetworkManagementClient/20.0.0.0"
        ]
      },
      "ResponseHeaders": {
        "Cache-Control": [
          "no-cache"
        ],
        "Pragma": [
          "no-cache"
        ],
        "ETag": [
          "W/\"68bbbd72-75d2-4202-ae2b-37d52a512c40\""
        ],
        "x-ms-request-id": [
          "4a6884e5-8609-4f94-a10a-433d7984abd3"
        ],
        "x-ms-correlation-request-id": [
          "67e49e26-b006-41c7-9ede-87bd731bbdce"
        ],
        "Strict-Transport-Security": [
          "max-age=31536000; includeSubDomains"
        ],
        "Server": [
          "Microsoft-HTTPAPI/2.0",
          "Microsoft-HTTPAPI/2.0"
        ],
        "x-ms-ratelimit-remaining-subscription-reads": [
          "11737"
        ],
        "x-ms-routing-request-id": [
          "BRAZILUS:20190408T110151Z:67e49e26-b006-41c7-9ede-87bd731bbdce"
        ],
        "X-Content-Type-Options": [
          "nosniff"
        ],
        "Date": [
          "Mon, 08 Apr 2019 11:01:51 GMT"
        ],
        "Content-Length": [
          "683"
        ],
        "Content-Type": [
          "application/json; charset=utf-8"
        ],
        "Expires": [
          "-1"
        ]
      },
      "ResponseBody": "{\r\n  \"name\": \"PublicIPAddressName\",\r\n  \"id\": \"/subscriptions/947d47b4-7883-4bb9-9d85-c5e8e2f572ce/resourceGroups/ps4273/providers/Microsoft.Network/publicIPAddresses/PublicIPAddressName\",\r\n  \"etag\": \"W/\\\"68bbbd72-75d2-4202-ae2b-37d52a512c40\\\"\",\r\n  \"location\": \"eastus2euap\",\r\n  \"properties\": {\r\n    \"provisioningState\": \"Succeeded\",\r\n    \"resourceGuid\": \"e8929c32-b018-4026-88f0-74ee0ce730d7\",\r\n    \"ipAddress\": \"52.225.190.217\",\r\n    \"publicIPAddressVersion\": \"IPv4\",\r\n    \"publicIPAllocationMethod\": \"Static\",\r\n    \"idleTimeoutInMinutes\": 4,\r\n    \"ipTags\": []\r\n  },\r\n  \"type\": \"Microsoft.Network/publicIPAddresses\",\r\n  \"sku\": {\r\n    \"name\": \"Basic\",\r\n    \"tier\": \"Regional\"\r\n  }\r\n}",
      "StatusCode": 200
    },
    {
      "RequestUri": "/subscriptions/947d47b4-7883-4bb9-9d85-c5e8e2f572ce/resourceGroups/ps4273/providers/Microsoft.Network/publicIPAddresses/PublicIPAddressName?api-version=2019-02-01",
      "EncodedRequestUri": "L3N1YnNjcmlwdGlvbnMvOTQ3ZDQ3YjQtNzg4My00YmI5LTlkODUtYzVlOGUyZjU3MmNlL3Jlc291cmNlR3JvdXBzL3BzNDI3My9wcm92aWRlcnMvTWljcm9zb2Z0Lk5ldHdvcmsvcHVibGljSVBBZGRyZXNzZXMvUHVibGljSVBBZGRyZXNzTmFtZT9hcGktdmVyc2lvbj0yMDE5LTAyLTAx",
      "RequestMethod": "GET",
      "RequestBody": "",
      "RequestHeaders": {
        "x-ms-client-request-id": [
          "d6d4674c-3d62-4584-93ac-32f5e94eb0bf"
        ],
        "Accept-Language": [
          "en-US"
        ],
        "User-Agent": [
          "FxVersion/4.6.27414.06",
          "OSName/Windows",
          "OSVersion/Microsoft.Windows.10.0.17763.",
          "Microsoft.Azure.Management.Network.NetworkManagementClient/20.0.0.0"
        ]
      },
      "ResponseHeaders": {
        "Cache-Control": [
          "no-cache"
        ],
        "Pragma": [
          "no-cache"
        ],
        "ETag": [
          "W/\"68bbbd72-75d2-4202-ae2b-37d52a512c40\""
        ],
        "x-ms-request-id": [
          "67a5ad4d-c26a-417f-8c85-a4d34652df1a"
        ],
        "x-ms-correlation-request-id": [
          "4889696c-c78d-4e22-95ff-def04c2fa2b4"
        ],
        "Strict-Transport-Security": [
          "max-age=31536000; includeSubDomains"
        ],
        "Server": [
          "Microsoft-HTTPAPI/2.0",
          "Microsoft-HTTPAPI/2.0"
        ],
        "x-ms-ratelimit-remaining-subscription-reads": [
          "11736"
        ],
        "x-ms-routing-request-id": [
          "BRAZILUS:20190408T110151Z:4889696c-c78d-4e22-95ff-def04c2fa2b4"
        ],
        "X-Content-Type-Options": [
          "nosniff"
        ],
        "Date": [
          "Mon, 08 Apr 2019 11:01:51 GMT"
        ],
        "Content-Length": [
          "683"
        ],
        "Content-Type": [
          "application/json; charset=utf-8"
        ],
        "Expires": [
          "-1"
        ]
      },
      "ResponseBody": "{\r\n  \"name\": \"PublicIPAddressName\",\r\n  \"id\": \"/subscriptions/947d47b4-7883-4bb9-9d85-c5e8e2f572ce/resourceGroups/ps4273/providers/Microsoft.Network/publicIPAddresses/PublicIPAddressName\",\r\n  \"etag\": \"W/\\\"68bbbd72-75d2-4202-ae2b-37d52a512c40\\\"\",\r\n  \"location\": \"eastus2euap\",\r\n  \"properties\": {\r\n    \"provisioningState\": \"Succeeded\",\r\n    \"resourceGuid\": \"e8929c32-b018-4026-88f0-74ee0ce730d7\",\r\n    \"ipAddress\": \"52.225.190.217\",\r\n    \"publicIPAddressVersion\": \"IPv4\",\r\n    \"publicIPAllocationMethod\": \"Static\",\r\n    \"idleTimeoutInMinutes\": 4,\r\n    \"ipTags\": []\r\n  },\r\n  \"type\": \"Microsoft.Network/publicIPAddresses\",\r\n  \"sku\": {\r\n    \"name\": \"Basic\",\r\n    \"tier\": \"Regional\"\r\n  }\r\n}",
      "StatusCode": 200
    },
    {
      "RequestUri": "/subscriptions/947d47b4-7883-4bb9-9d85-c5e8e2f572ce/resourceGroups/ps4273/providers/Microsoft.Network/publicIPAddresses/PublicIPAddressName?api-version=2019-02-01",
      "EncodedRequestUri": "L3N1YnNjcmlwdGlvbnMvOTQ3ZDQ3YjQtNzg4My00YmI5LTlkODUtYzVlOGUyZjU3MmNlL3Jlc291cmNlR3JvdXBzL3BzNDI3My9wcm92aWRlcnMvTWljcm9zb2Z0Lk5ldHdvcmsvcHVibGljSVBBZGRyZXNzZXMvUHVibGljSVBBZGRyZXNzTmFtZT9hcGktdmVyc2lvbj0yMDE5LTAyLTAx",
      "RequestMethod": "PUT",
      "RequestBody": "{\r\n  \"properties\": {\r\n    \"publicIPAllocationMethod\": \"Static\",\r\n    \"ipTags\": []\r\n  },\r\n  \"zones\": [],\r\n  \"location\": \"EAST US 2 EUAP\"\r\n}",
      "RequestHeaders": {
        "x-ms-client-request-id": [
          "5a466db5-e6a6-4601-8baa-fcfff48349fb"
        ],
        "Accept-Language": [
          "en-US"
        ],
        "User-Agent": [
          "FxVersion/4.6.27414.06",
          "OSName/Windows",
          "OSVersion/Microsoft.Windows.10.0.17763.",
          "Microsoft.Azure.Management.Network.NetworkManagementClient/20.0.0.0"
        ],
        "Content-Type": [
          "application/json; charset=utf-8"
        ],
        "Content-Length": [
          "138"
        ]
      },
      "ResponseHeaders": {
        "Cache-Control": [
          "no-cache"
        ],
        "Pragma": [
          "no-cache"
        ],
        "Retry-After": [
          "1"
        ],
        "x-ms-request-id": [
          "d85fcbc7-e89a-4143-b6cf-4a04aec9e6a1"
        ],
        "Azure-AsyncOperation": [
          "https://brazilus.management.azure.com/subscriptions/947d47b4-7883-4bb9-9d85-c5e8e2f572ce/providers/Microsoft.Network/locations/eastus2euap/operations/d85fcbc7-e89a-4143-b6cf-4a04aec9e6a1?api-version=2019-02-01"
        ],
        "x-ms-correlation-request-id": [
          "6449464e-8723-449f-b08a-00cf440c9b9d"
        ],
        "Strict-Transport-Security": [
          "max-age=31536000; includeSubDomains"
        ],
        "Server": [
          "Microsoft-HTTPAPI/2.0",
          "Microsoft-HTTPAPI/2.0"
        ],
        "x-ms-ratelimit-remaining-subscription-writes": [
          "1149"
        ],
        "x-ms-routing-request-id": [
          "BRAZILUS:20190408T110147Z:6449464e-8723-449f-b08a-00cf440c9b9d"
        ],
        "X-Content-Type-Options": [
          "nosniff"
        ],
        "Date": [
          "Mon, 08 Apr 2019 11:01:47 GMT"
        ],
        "Content-Length": [
          "646"
        ],
        "Content-Type": [
          "application/json; charset=utf-8"
        ],
        "Expires": [
          "-1"
        ]
      },
      "ResponseBody": "{\r\n  \"name\": \"PublicIPAddressName\",\r\n  \"id\": \"/subscriptions/947d47b4-7883-4bb9-9d85-c5e8e2f572ce/resourceGroups/ps4273/providers/Microsoft.Network/publicIPAddresses/PublicIPAddressName\",\r\n  \"etag\": \"W/\\\"49bb2341-cc16-4217-aae3-61b2599844c0\\\"\",\r\n  \"location\": \"eastus2euap\",\r\n  \"properties\": {\r\n    \"provisioningState\": \"Updating\",\r\n    \"resourceGuid\": \"e8929c32-b018-4026-88f0-74ee0ce730d7\",\r\n    \"publicIPAddressVersion\": \"IPv4\",\r\n    \"publicIPAllocationMethod\": \"Static\",\r\n    \"idleTimeoutInMinutes\": 4,\r\n    \"ipTags\": []\r\n  },\r\n  \"type\": \"Microsoft.Network/publicIPAddresses\",\r\n  \"sku\": {\r\n    \"name\": \"Basic\",\r\n    \"tier\": \"Regional\"\r\n  }\r\n}",
      "StatusCode": 201
    },
    {
      "RequestUri": "/subscriptions/947d47b4-7883-4bb9-9d85-c5e8e2f572ce/providers/Microsoft.Network/locations/eastus2euap/operations/d85fcbc7-e89a-4143-b6cf-4a04aec9e6a1?api-version=2019-02-01",
      "EncodedRequestUri": "L3N1YnNjcmlwdGlvbnMvOTQ3ZDQ3YjQtNzg4My00YmI5LTlkODUtYzVlOGUyZjU3MmNlL3Byb3ZpZGVycy9NaWNyb3NvZnQuTmV0d29yay9sb2NhdGlvbnMvZWFzdHVzMmV1YXAvb3BlcmF0aW9ucy9kODVmY2JjNy1lODlhLTQxNDMtYjZjZi00YTA0YWVjOWU2YTE/YXBpLXZlcnNpb249MjAxOS0wMi0wMQ==",
      "RequestMethod": "GET",
      "RequestBody": "",
      "RequestHeaders": {
        "User-Agent": [
          "FxVersion/4.6.27414.06",
          "OSName/Windows",
          "OSVersion/Microsoft.Windows.10.0.17763.",
          "Microsoft.Azure.Management.Network.NetworkManagementClient/20.0.0.0"
        ]
      },
      "ResponseHeaders": {
        "Cache-Control": [
          "no-cache"
        ],
        "Pragma": [
          "no-cache"
        ],
        "Retry-After": [
          "2"
        ],
        "x-ms-request-id": [
          "dce75e68-b180-41a4-9a04-0c705c939289"
        ],
        "x-ms-correlation-request-id": [
          "544b72b4-42d1-4799-af2c-5117c2b86277"
        ],
        "Strict-Transport-Security": [
          "max-age=31536000; includeSubDomains"
        ],
        "Server": [
          "Microsoft-HTTPAPI/2.0",
          "Microsoft-HTTPAPI/2.0"
        ],
        "x-ms-ratelimit-remaining-subscription-reads": [
          "11741"
        ],
        "x-ms-routing-request-id": [
          "BRAZILUS:20190408T110149Z:544b72b4-42d1-4799-af2c-5117c2b86277"
        ],
        "X-Content-Type-Options": [
          "nosniff"
        ],
        "Date": [
          "Mon, 08 Apr 2019 11:01:49 GMT"
        ],
        "Content-Length": [
          "30"
        ],
        "Content-Type": [
          "application/json; charset=utf-8"
        ],
        "Expires": [
          "-1"
        ]
      },
      "ResponseBody": "{\r\n  \"status\": \"InProgress\"\r\n}",
      "StatusCode": 200
    },
    {
      "RequestUri": "/subscriptions/947d47b4-7883-4bb9-9d85-c5e8e2f572ce/providers/Microsoft.Network/locations/eastus2euap/operations/d85fcbc7-e89a-4143-b6cf-4a04aec9e6a1?api-version=2019-02-01",
      "EncodedRequestUri": "L3N1YnNjcmlwdGlvbnMvOTQ3ZDQ3YjQtNzg4My00YmI5LTlkODUtYzVlOGUyZjU3MmNlL3Byb3ZpZGVycy9NaWNyb3NvZnQuTmV0d29yay9sb2NhdGlvbnMvZWFzdHVzMmV1YXAvb3BlcmF0aW9ucy9kODVmY2JjNy1lODlhLTQxNDMtYjZjZi00YTA0YWVjOWU2YTE/YXBpLXZlcnNpb249MjAxOS0wMi0wMQ==",
      "RequestMethod": "GET",
      "RequestBody": "",
      "RequestHeaders": {
        "User-Agent": [
          "FxVersion/4.6.27414.06",
          "OSName/Windows",
          "OSVersion/Microsoft.Windows.10.0.17763.",
          "Microsoft.Azure.Management.Network.NetworkManagementClient/20.0.0.0"
        ]
      },
      "ResponseHeaders": {
        "Cache-Control": [
          "no-cache"
        ],
        "Pragma": [
          "no-cache"
        ],
        "x-ms-request-id": [
          "92c85211-b751-49da-b6e0-c279c75049c2"
        ],
        "x-ms-correlation-request-id": [
          "3f6c5809-268f-4034-b60e-f7524d0e1752"
        ],
        "Strict-Transport-Security": [
          "max-age=31536000; includeSubDomains"
        ],
        "Server": [
          "Microsoft-HTTPAPI/2.0",
          "Microsoft-HTTPAPI/2.0"
        ],
        "x-ms-ratelimit-remaining-subscription-reads": [
          "11738"
        ],
        "x-ms-routing-request-id": [
          "BRAZILUS:20190408T110151Z:3f6c5809-268f-4034-b60e-f7524d0e1752"
        ],
        "X-Content-Type-Options": [
          "nosniff"
        ],
        "Date": [
          "Mon, 08 Apr 2019 11:01:50 GMT"
        ],
        "Content-Length": [
          "29"
        ],
        "Content-Type": [
          "application/json; charset=utf-8"
        ],
        "Expires": [
          "-1"
        ]
      },
      "ResponseBody": "{\r\n  \"status\": \"Succeeded\"\r\n}",
      "StatusCode": 200
    },
    {
      "RequestUri": "/subscriptions/947d47b4-7883-4bb9-9d85-c5e8e2f572ce/resourceGroups/ps4273/providers/Microsoft.Network/loadBalancers/ps7523?api-version=2019-02-01",
      "EncodedRequestUri": "L3N1YnNjcmlwdGlvbnMvOTQ3ZDQ3YjQtNzg4My00YmI5LTlkODUtYzVlOGUyZjU3MmNlL3Jlc291cmNlR3JvdXBzL3BzNDI3My9wcm92aWRlcnMvTWljcm9zb2Z0Lk5ldHdvcmsvbG9hZEJhbGFuY2Vycy9wczc1MjM/YXBpLXZlcnNpb249MjAxOS0wMi0wMQ==",
      "RequestMethod": "GET",
      "RequestBody": "",
      "RequestHeaders": {
        "x-ms-client-request-id": [
          "e5c8967d-1f15-44c3-9408-3888a29b9f72"
        ],
        "Accept-Language": [
          "en-US"
        ],
        "User-Agent": [
          "FxVersion/4.6.27414.06",
          "OSName/Windows",
          "OSVersion/Microsoft.Windows.10.0.17763.",
          "Microsoft.Azure.Management.Network.NetworkManagementClient/20.0.0.0"
        ]
      },
      "ResponseHeaders": {
        "Cache-Control": [
          "no-cache"
        ],
        "Pragma": [
          "no-cache"
        ],
        "x-ms-failure-cause": [
          "gateway"
        ],
        "x-ms-request-id": [
          "e4c9245e-1aa9-49e0-8bb1-7ea0503528f5"
        ],
        "x-ms-correlation-request-id": [
          "e4c9245e-1aa9-49e0-8bb1-7ea0503528f5"
        ],
        "x-ms-routing-request-id": [
          "BRAZILUS:20190408T110152Z:e4c9245e-1aa9-49e0-8bb1-7ea0503528f5"
        ],
        "Strict-Transport-Security": [
          "max-age=31536000; includeSubDomains"
        ],
        "X-Content-Type-Options": [
          "nosniff"
        ],
        "Date": [
          "Mon, 08 Apr 2019 11:01:51 GMT"
        ],
        "Content-Type": [
          "application/json; charset=utf-8"
        ],
        "Expires": [
          "-1"
        ],
        "Content-Length": [
          "148"
        ]
      },
      "ResponseBody": "{\r\n  \"error\": {\r\n    \"code\": \"ResourceNotFound\",\r\n    \"message\": \"The Resource 'Microsoft.Network/loadBalancers/ps7523' under resource group 'ps4273' was not found.\"\r\n  }\r\n}",
      "StatusCode": 404
    },
    {
      "RequestUri": "/subscriptions/947d47b4-7883-4bb9-9d85-c5e8e2f572ce/resourceGroups/ps4273/providers/Microsoft.Network/loadBalancers/ps7523?api-version=2019-02-01",
      "EncodedRequestUri": "L3N1YnNjcmlwdGlvbnMvOTQ3ZDQ3YjQtNzg4My00YmI5LTlkODUtYzVlOGUyZjU3MmNlL3Jlc291cmNlR3JvdXBzL3BzNDI3My9wcm92aWRlcnMvTWljcm9zb2Z0Lk5ldHdvcmsvbG9hZEJhbGFuY2Vycy9wczc1MjM/YXBpLXZlcnNpb249MjAxOS0wMi0wMQ==",
      "RequestMethod": "GET",
      "RequestBody": "",
      "RequestHeaders": {
        "User-Agent": [
          "FxVersion/4.6.27414.06",
          "OSName/Windows",
          "OSVersion/Microsoft.Windows.10.0.17763.",
          "Microsoft.Azure.Management.Network.NetworkManagementClient/20.0.0.0"
        ]
      },
      "ResponseHeaders": {
        "Cache-Control": [
          "no-cache"
        ],
        "Pragma": [
          "no-cache"
        ],
        "ETag": [
          "W/\"41e8803e-2757-4301-91de-5ea3421b371a\""
        ],
        "x-ms-request-id": [
          "4d3d1eff-6070-4996-a61a-9039b155d934"
        ],
        "x-ms-correlation-request-id": [
          "a1f96ed9-a748-4dfa-9374-b36c389aed57"
        ],
        "Strict-Transport-Security": [
          "max-age=31536000; includeSubDomains"
        ],
        "Server": [
          "Microsoft-HTTPAPI/2.0",
          "Microsoft-HTTPAPI/2.0"
        ],
        "x-ms-ratelimit-remaining-subscription-reads": [
          "11734"
        ],
        "x-ms-routing-request-id": [
          "BRAZILUS:20190408T110154Z:a1f96ed9-a748-4dfa-9374-b36c389aed57"
        ],
        "X-Content-Type-Options": [
          "nosniff"
        ],
        "Date": [
          "Mon, 08 Apr 2019 11:01:53 GMT"
        ],
        "Content-Length": [
          "2676"
        ],
        "Content-Type": [
          "application/json; charset=utf-8"
        ],
        "Expires": [
          "-1"
        ]
      },
      "ResponseBody": "{\r\n  \"name\": \"ps7523\",\r\n  \"id\": \"/subscriptions/947d47b4-7883-4bb9-9d85-c5e8e2f572ce/resourceGroups/ps4273/providers/Microsoft.Network/loadBalancers/ps7523\",\r\n  \"etag\": \"W/\\\"41e8803e-2757-4301-91de-5ea3421b371a\\\"\",\r\n  \"type\": \"Microsoft.Network/loadBalancers\",\r\n  \"location\": \"eastus2euap\",\r\n  \"properties\": {\r\n    \"provisioningState\": \"Succeeded\",\r\n    \"resourceGuid\": \"f7972ca6-1c5e-48d8-90cd-6236ddafe8e6\",\r\n    \"frontendIPConfigurations\": [\r\n      {\r\n        \"name\": \"FrontendIPConfigurationName\",\r\n        \"id\": \"/subscriptions/947d47b4-7883-4bb9-9d85-c5e8e2f572ce/resourceGroups/ps4273/providers/Microsoft.Network/loadBalancers/ps7523/frontendIPConfigurations/FrontendIPConfigurationName\",\r\n        \"etag\": \"W/\\\"41e8803e-2757-4301-91de-5ea3421b371a\\\"\",\r\n        \"type\": \"Microsoft.Network/loadBalancers/frontendIPConfigurations\",\r\n        \"properties\": {\r\n          \"provisioningState\": \"Succeeded\",\r\n          \"privateIPAllocationMethod\": \"Dynamic\",\r\n          \"publicIPAddress\": {\r\n            \"id\": \"/subscriptions/947d47b4-7883-4bb9-9d85-c5e8e2f572ce/resourceGroups/ps4273/providers/Microsoft.Network/publicIPAddresses/PublicIPAddressName\"\r\n          },\r\n          \"inboundNatPools\": [\r\n            {\r\n              \"id\": \"/subscriptions/947d47b4-7883-4bb9-9d85-c5e8e2f572ce/resourceGroups/ps4273/providers/Microsoft.Network/loadBalancers/ps7523/inboundNatPools/ps7523\"\r\n            }\r\n          ]\r\n        }\r\n      }\r\n    ],\r\n    \"backendAddressPools\": [],\r\n    \"loadBalancingRules\": [],\r\n    \"probes\": [],\r\n    \"inboundNatRules\": [],\r\n    \"inboundNatPools\": [\r\n      {\r\n        \"name\": \"ps7523\",\r\n        \"id\": \"/subscriptions/947d47b4-7883-4bb9-9d85-c5e8e2f572ce/resourceGroups/ps4273/providers/Microsoft.Network/loadBalancers/ps7523/inboundNatPools/ps7523\",\r\n        \"etag\": \"W/\\\"41e8803e-2757-4301-91de-5ea3421b371a\\\"\",\r\n        \"properties\": {\r\n          \"provisioningState\": \"Succeeded\",\r\n          \"frontendPortRangeStart\": 555,\r\n          \"frontendPortRangeEnd\": 999,\r\n          \"backendPort\": 987,\r\n          \"protocol\": \"Udp\",\r\n          \"idleTimeoutInMinutes\": 15,\r\n          \"enableFloatingIP\": true,\r\n          \"enableDestinationServiceEndpoint\": false,\r\n          \"enableTcpReset\": false,\r\n          \"allowBackendPortConflict\": false,\r\n          \"frontendIPConfiguration\": {\r\n            \"id\": \"/subscriptions/947d47b4-7883-4bb9-9d85-c5e8e2f572ce/resourceGroups/ps4273/providers/Microsoft.Network/loadBalancers/ps7523/frontendIPConfigurations/FrontendIPConfigurationName\"\r\n          }\r\n        },\r\n        \"type\": \"Microsoft.Network/loadBalancers/inboundNatPools\"\r\n      }\r\n    ]\r\n  },\r\n  \"sku\": {\r\n    \"name\": \"Basic\",\r\n    \"tier\": \"Regional\"\r\n  }\r\n}",
      "StatusCode": 200
    },
    {
      "RequestUri": "/subscriptions/947d47b4-7883-4bb9-9d85-c5e8e2f572ce/resourceGroups/ps4273/providers/Microsoft.Network/loadBalancers/ps7523?api-version=2019-02-01",
      "EncodedRequestUri": "L3N1YnNjcmlwdGlvbnMvOTQ3ZDQ3YjQtNzg4My00YmI5LTlkODUtYzVlOGUyZjU3MmNlL3Jlc291cmNlR3JvdXBzL3BzNDI3My9wcm92aWRlcnMvTWljcm9zb2Z0Lk5ldHdvcmsvbG9hZEJhbGFuY2Vycy9wczc1MjM/YXBpLXZlcnNpb249MjAxOS0wMi0wMQ==",
      "RequestMethod": "GET",
      "RequestBody": "",
      "RequestHeaders": {
        "x-ms-client-request-id": [
          "3bdca93c-b143-48c4-9051-18b32b720dd1"
        ],
        "Accept-Language": [
          "en-US"
        ],
        "User-Agent": [
          "FxVersion/4.6.27414.06",
          "OSName/Windows",
          "OSVersion/Microsoft.Windows.10.0.17763.",
          "Microsoft.Azure.Management.Network.NetworkManagementClient/20.0.0.0"
        ]
      },
      "ResponseHeaders": {
        "Cache-Control": [
          "no-cache"
        ],
        "Pragma": [
          "no-cache"
        ],
        "ETag": [
          "W/\"41e8803e-2757-4301-91de-5ea3421b371a\""
        ],
        "x-ms-request-id": [
          "c7e70999-7959-4655-aa03-b7eaf17c6119"
        ],
        "x-ms-correlation-request-id": [
          "9674b494-ae3d-40c0-a33e-4efda69ae3cb"
        ],
        "Strict-Transport-Security": [
          "max-age=31536000; includeSubDomains"
        ],
        "Server": [
          "Microsoft-HTTPAPI/2.0",
          "Microsoft-HTTPAPI/2.0"
        ],
        "x-ms-ratelimit-remaining-subscription-reads": [
          "11733"
        ],
        "x-ms-routing-request-id": [
          "BRAZILUS:20190408T110154Z:9674b494-ae3d-40c0-a33e-4efda69ae3cb"
        ],
        "X-Content-Type-Options": [
          "nosniff"
        ],
        "Date": [
          "Mon, 08 Apr 2019 11:01:54 GMT"
        ],
        "Content-Length": [
          "2676"
        ],
        "Content-Type": [
          "application/json; charset=utf-8"
        ],
        "Expires": [
          "-1"
        ]
      },
      "ResponseBody": "{\r\n  \"name\": \"ps7523\",\r\n  \"id\": \"/subscriptions/947d47b4-7883-4bb9-9d85-c5e8e2f572ce/resourceGroups/ps4273/providers/Microsoft.Network/loadBalancers/ps7523\",\r\n  \"etag\": \"W/\\\"41e8803e-2757-4301-91de-5ea3421b371a\\\"\",\r\n  \"type\": \"Microsoft.Network/loadBalancers\",\r\n  \"location\": \"eastus2euap\",\r\n  \"properties\": {\r\n    \"provisioningState\": \"Succeeded\",\r\n    \"resourceGuid\": \"f7972ca6-1c5e-48d8-90cd-6236ddafe8e6\",\r\n    \"frontendIPConfigurations\": [\r\n      {\r\n        \"name\": \"FrontendIPConfigurationName\",\r\n        \"id\": \"/subscriptions/947d47b4-7883-4bb9-9d85-c5e8e2f572ce/resourceGroups/ps4273/providers/Microsoft.Network/loadBalancers/ps7523/frontendIPConfigurations/FrontendIPConfigurationName\",\r\n        \"etag\": \"W/\\\"41e8803e-2757-4301-91de-5ea3421b371a\\\"\",\r\n        \"type\": \"Microsoft.Network/loadBalancers/frontendIPConfigurations\",\r\n        \"properties\": {\r\n          \"provisioningState\": \"Succeeded\",\r\n          \"privateIPAllocationMethod\": \"Dynamic\",\r\n          \"publicIPAddress\": {\r\n            \"id\": \"/subscriptions/947d47b4-7883-4bb9-9d85-c5e8e2f572ce/resourceGroups/ps4273/providers/Microsoft.Network/publicIPAddresses/PublicIPAddressName\"\r\n          },\r\n          \"inboundNatPools\": [\r\n            {\r\n              \"id\": \"/subscriptions/947d47b4-7883-4bb9-9d85-c5e8e2f572ce/resourceGroups/ps4273/providers/Microsoft.Network/loadBalancers/ps7523/inboundNatPools/ps7523\"\r\n            }\r\n          ]\r\n        }\r\n      }\r\n    ],\r\n    \"backendAddressPools\": [],\r\n    \"loadBalancingRules\": [],\r\n    \"probes\": [],\r\n    \"inboundNatRules\": [],\r\n    \"inboundNatPools\": [\r\n      {\r\n        \"name\": \"ps7523\",\r\n        \"id\": \"/subscriptions/947d47b4-7883-4bb9-9d85-c5e8e2f572ce/resourceGroups/ps4273/providers/Microsoft.Network/loadBalancers/ps7523/inboundNatPools/ps7523\",\r\n        \"etag\": \"W/\\\"41e8803e-2757-4301-91de-5ea3421b371a\\\"\",\r\n        \"properties\": {\r\n          \"provisioningState\": \"Succeeded\",\r\n          \"frontendPortRangeStart\": 555,\r\n          \"frontendPortRangeEnd\": 999,\r\n          \"backendPort\": 987,\r\n          \"protocol\": \"Udp\",\r\n          \"idleTimeoutInMinutes\": 15,\r\n          \"enableFloatingIP\": true,\r\n          \"enableDestinationServiceEndpoint\": false,\r\n          \"enableTcpReset\": false,\r\n          \"allowBackendPortConflict\": false,\r\n          \"frontendIPConfiguration\": {\r\n            \"id\": \"/subscriptions/947d47b4-7883-4bb9-9d85-c5e8e2f572ce/resourceGroups/ps4273/providers/Microsoft.Network/loadBalancers/ps7523/frontendIPConfigurations/FrontendIPConfigurationName\"\r\n          }\r\n        },\r\n        \"type\": \"Microsoft.Network/loadBalancers/inboundNatPools\"\r\n      }\r\n    ]\r\n  },\r\n  \"sku\": {\r\n    \"name\": \"Basic\",\r\n    \"tier\": \"Regional\"\r\n  }\r\n}",
      "StatusCode": 200
    },
    {
      "RequestUri": "/subscriptions/947d47b4-7883-4bb9-9d85-c5e8e2f572ce/resourceGroups/ps4273/providers/Microsoft.Network/loadBalancers/ps7523?api-version=2019-02-01",
      "EncodedRequestUri": "L3N1YnNjcmlwdGlvbnMvOTQ3ZDQ3YjQtNzg4My00YmI5LTlkODUtYzVlOGUyZjU3MmNlL3Jlc291cmNlR3JvdXBzL3BzNDI3My9wcm92aWRlcnMvTWljcm9zb2Z0Lk5ldHdvcmsvbG9hZEJhbGFuY2Vycy9wczc1MjM/YXBpLXZlcnNpb249MjAxOS0wMi0wMQ==",
      "RequestMethod": "GET",
      "RequestBody": "",
      "RequestHeaders": {
        "x-ms-client-request-id": [
          "c24d4b8a-58f8-442d-96c7-1102a6850c66"
        ],
        "Accept-Language": [
          "en-US"
        ],
        "User-Agent": [
          "FxVersion/4.6.27414.06",
          "OSName/Windows",
          "OSVersion/Microsoft.Windows.10.0.17763.",
          "Microsoft.Azure.Management.Network.NetworkManagementClient/20.0.0.0"
        ]
      },
      "ResponseHeaders": {
        "Cache-Control": [
          "no-cache"
        ],
        "Pragma": [
          "no-cache"
        ],
        "ETag": [
          "W/\"41e8803e-2757-4301-91de-5ea3421b371a\""
        ],
        "x-ms-request-id": [
          "0b6cd426-d398-452f-986a-25b0a2168dad"
        ],
        "x-ms-correlation-request-id": [
          "179cc0f5-7668-4252-9706-c72282c811e0"
        ],
        "Strict-Transport-Security": [
          "max-age=31536000; includeSubDomains"
        ],
        "Server": [
          "Microsoft-HTTPAPI/2.0",
          "Microsoft-HTTPAPI/2.0"
        ],
        "x-ms-ratelimit-remaining-subscription-reads": [
          "11651"
        ],
        "x-ms-routing-request-id": [
          "BRAZILUS:20190408T110155Z:179cc0f5-7668-4252-9706-c72282c811e0"
        ],
        "X-Content-Type-Options": [
          "nosniff"
        ],
        "Date": [
          "Mon, 08 Apr 2019 11:01:55 GMT"
        ],
        "Content-Length": [
          "2676"
        ],
        "Content-Type": [
          "application/json; charset=utf-8"
        ],
        "Expires": [
          "-1"
        ]
      },
      "ResponseBody": "{\r\n  \"name\": \"ps7523\",\r\n  \"id\": \"/subscriptions/947d47b4-7883-4bb9-9d85-c5e8e2f572ce/resourceGroups/ps4273/providers/Microsoft.Network/loadBalancers/ps7523\",\r\n  \"etag\": \"W/\\\"41e8803e-2757-4301-91de-5ea3421b371a\\\"\",\r\n  \"type\": \"Microsoft.Network/loadBalancers\",\r\n  \"location\": \"eastus2euap\",\r\n  \"properties\": {\r\n    \"provisioningState\": \"Succeeded\",\r\n    \"resourceGuid\": \"f7972ca6-1c5e-48d8-90cd-6236ddafe8e6\",\r\n    \"frontendIPConfigurations\": [\r\n      {\r\n        \"name\": \"FrontendIPConfigurationName\",\r\n        \"id\": \"/subscriptions/947d47b4-7883-4bb9-9d85-c5e8e2f572ce/resourceGroups/ps4273/providers/Microsoft.Network/loadBalancers/ps7523/frontendIPConfigurations/FrontendIPConfigurationName\",\r\n        \"etag\": \"W/\\\"41e8803e-2757-4301-91de-5ea3421b371a\\\"\",\r\n        \"type\": \"Microsoft.Network/loadBalancers/frontendIPConfigurations\",\r\n        \"properties\": {\r\n          \"provisioningState\": \"Succeeded\",\r\n          \"privateIPAllocationMethod\": \"Dynamic\",\r\n          \"publicIPAddress\": {\r\n            \"id\": \"/subscriptions/947d47b4-7883-4bb9-9d85-c5e8e2f572ce/resourceGroups/ps4273/providers/Microsoft.Network/publicIPAddresses/PublicIPAddressName\"\r\n          },\r\n          \"inboundNatPools\": [\r\n            {\r\n              \"id\": \"/subscriptions/947d47b4-7883-4bb9-9d85-c5e8e2f572ce/resourceGroups/ps4273/providers/Microsoft.Network/loadBalancers/ps7523/inboundNatPools/ps7523\"\r\n            }\r\n          ]\r\n        }\r\n      }\r\n    ],\r\n    \"backendAddressPools\": [],\r\n    \"loadBalancingRules\": [],\r\n    \"probes\": [],\r\n    \"inboundNatRules\": [],\r\n    \"inboundNatPools\": [\r\n      {\r\n        \"name\": \"ps7523\",\r\n        \"id\": \"/subscriptions/947d47b4-7883-4bb9-9d85-c5e8e2f572ce/resourceGroups/ps4273/providers/Microsoft.Network/loadBalancers/ps7523/inboundNatPools/ps7523\",\r\n        \"etag\": \"W/\\\"41e8803e-2757-4301-91de-5ea3421b371a\\\"\",\r\n        \"properties\": {\r\n          \"provisioningState\": \"Succeeded\",\r\n          \"frontendPortRangeStart\": 555,\r\n          \"frontendPortRangeEnd\": 999,\r\n          \"backendPort\": 987,\r\n          \"protocol\": \"Udp\",\r\n          \"idleTimeoutInMinutes\": 15,\r\n          \"enableFloatingIP\": true,\r\n          \"enableDestinationServiceEndpoint\": false,\r\n          \"enableTcpReset\": false,\r\n          \"allowBackendPortConflict\": false,\r\n          \"frontendIPConfiguration\": {\r\n            \"id\": \"/subscriptions/947d47b4-7883-4bb9-9d85-c5e8e2f572ce/resourceGroups/ps4273/providers/Microsoft.Network/loadBalancers/ps7523/frontendIPConfigurations/FrontendIPConfigurationName\"\r\n          }\r\n        },\r\n        \"type\": \"Microsoft.Network/loadBalancers/inboundNatPools\"\r\n      }\r\n    ]\r\n  },\r\n  \"sku\": {\r\n    \"name\": \"Basic\",\r\n    \"tier\": \"Regional\"\r\n  }\r\n}",
      "StatusCode": 200
    },
    {
      "RequestUri": "/subscriptions/947d47b4-7883-4bb9-9d85-c5e8e2f572ce/resourceGroups/ps4273/providers/Microsoft.Network/loadBalancers/ps7523?api-version=2019-02-01",
      "EncodedRequestUri": "L3N1YnNjcmlwdGlvbnMvOTQ3ZDQ3YjQtNzg4My00YmI5LTlkODUtYzVlOGUyZjU3MmNlL3Jlc291cmNlR3JvdXBzL3BzNDI3My9wcm92aWRlcnMvTWljcm9zb2Z0Lk5ldHdvcmsvbG9hZEJhbGFuY2Vycy9wczc1MjM/YXBpLXZlcnNpb249MjAxOS0wMi0wMQ==",
      "RequestMethod": "GET",
      "RequestBody": "",
      "RequestHeaders": {
        "User-Agent": [
          "FxVersion/4.6.27414.06",
          "OSName/Windows",
          "OSVersion/Microsoft.Windows.10.0.17763.",
          "Microsoft.Azure.Management.Network.NetworkManagementClient/20.0.0.0"
        ]
      },
      "ResponseHeaders": {
        "Cache-Control": [
          "no-cache"
        ],
        "Pragma": [
          "no-cache"
        ],
        "ETag": [
          "W/\"256a0e42-a230-4b08-99ce-1196e23c1897\""
        ],
        "x-ms-request-id": [
          "cb1704d6-4df7-4460-8af1-7678e86242a5"
        ],
        "x-ms-correlation-request-id": [
          "e6dbf7c3-7ba9-41e2-b75a-b3babfda26af"
        ],
        "Strict-Transport-Security": [
          "max-age=31536000; includeSubDomains"
        ],
        "Server": [
          "Microsoft-HTTPAPI/2.0",
          "Microsoft-HTTPAPI/2.0"
        ],
        "x-ms-ratelimit-remaining-subscription-reads": [
          "11650"
        ],
        "x-ms-routing-request-id": [
          "BRAZILUS:20190408T110156Z:e6dbf7c3-7ba9-41e2-b75a-b3babfda26af"
        ],
        "X-Content-Type-Options": [
          "nosniff"
        ],
        "Date": [
          "Mon, 08 Apr 2019 11:01:56 GMT"
        ],
        "Content-Length": [
          "2677"
        ],
        "Content-Type": [
          "application/json; charset=utf-8"
        ],
        "Expires": [
          "-1"
        ]
      },
      "ResponseBody": "{\r\n  \"name\": \"ps7523\",\r\n  \"id\": \"/subscriptions/947d47b4-7883-4bb9-9d85-c5e8e2f572ce/resourceGroups/ps4273/providers/Microsoft.Network/loadBalancers/ps7523\",\r\n  \"etag\": \"W/\\\"256a0e42-a230-4b08-99ce-1196e23c1897\\\"\",\r\n  \"type\": \"Microsoft.Network/loadBalancers\",\r\n  \"location\": \"eastus2euap\",\r\n  \"properties\": {\r\n    \"provisioningState\": \"Succeeded\",\r\n    \"resourceGuid\": \"f7972ca6-1c5e-48d8-90cd-6236ddafe8e6\",\r\n    \"frontendIPConfigurations\": [\r\n      {\r\n        \"name\": \"FrontendIPConfigurationName\",\r\n        \"id\": \"/subscriptions/947d47b4-7883-4bb9-9d85-c5e8e2f572ce/resourceGroups/ps4273/providers/Microsoft.Network/loadBalancers/ps7523/frontendIPConfigurations/FrontendIPConfigurationName\",\r\n        \"etag\": \"W/\\\"256a0e42-a230-4b08-99ce-1196e23c1897\\\"\",\r\n        \"type\": \"Microsoft.Network/loadBalancers/frontendIPConfigurations\",\r\n        \"properties\": {\r\n          \"provisioningState\": \"Succeeded\",\r\n          \"privateIPAllocationMethod\": \"Dynamic\",\r\n          \"publicIPAddress\": {\r\n            \"id\": \"/subscriptions/947d47b4-7883-4bb9-9d85-c5e8e2f572ce/resourceGroups/ps4273/providers/Microsoft.Network/publicIPAddresses/PublicIPAddressName\"\r\n          },\r\n          \"inboundNatPools\": [\r\n            {\r\n              \"id\": \"/subscriptions/947d47b4-7883-4bb9-9d85-c5e8e2f572ce/resourceGroups/ps4273/providers/Microsoft.Network/loadBalancers/ps7523/inboundNatPools/ps7523\"\r\n            }\r\n          ]\r\n        }\r\n      }\r\n    ],\r\n    \"backendAddressPools\": [],\r\n    \"loadBalancingRules\": [],\r\n    \"probes\": [],\r\n    \"inboundNatRules\": [],\r\n    \"inboundNatPools\": [\r\n      {\r\n        \"name\": \"ps7523\",\r\n        \"id\": \"/subscriptions/947d47b4-7883-4bb9-9d85-c5e8e2f572ce/resourceGroups/ps4273/providers/Microsoft.Network/loadBalancers/ps7523/inboundNatPools/ps7523\",\r\n        \"etag\": \"W/\\\"256a0e42-a230-4b08-99ce-1196e23c1897\\\"\",\r\n        \"properties\": {\r\n          \"provisioningState\": \"Succeeded\",\r\n          \"frontendPortRangeStart\": 777,\r\n          \"frontendPortRangeEnd\": 888,\r\n          \"backendPort\": 789,\r\n          \"protocol\": \"Tcp\",\r\n          \"idleTimeoutInMinutes\": 30,\r\n          \"enableFloatingIP\": false,\r\n          \"enableDestinationServiceEndpoint\": false,\r\n          \"enableTcpReset\": false,\r\n          \"allowBackendPortConflict\": false,\r\n          \"frontendIPConfiguration\": {\r\n            \"id\": \"/subscriptions/947d47b4-7883-4bb9-9d85-c5e8e2f572ce/resourceGroups/ps4273/providers/Microsoft.Network/loadBalancers/ps7523/frontendIPConfigurations/FrontendIPConfigurationName\"\r\n          }\r\n        },\r\n        \"type\": \"Microsoft.Network/loadBalancers/inboundNatPools\"\r\n      }\r\n    ]\r\n  },\r\n  \"sku\": {\r\n    \"name\": \"Basic\",\r\n    \"tier\": \"Regional\"\r\n  }\r\n}",
      "StatusCode": 200
    },
    {
      "RequestUri": "/subscriptions/947d47b4-7883-4bb9-9d85-c5e8e2f572ce/resourceGroups/ps4273/providers/Microsoft.Network/loadBalancers/ps7523?api-version=2019-02-01",
      "EncodedRequestUri": "L3N1YnNjcmlwdGlvbnMvOTQ3ZDQ3YjQtNzg4My00YmI5LTlkODUtYzVlOGUyZjU3MmNlL3Jlc291cmNlR3JvdXBzL3BzNDI3My9wcm92aWRlcnMvTWljcm9zb2Z0Lk5ldHdvcmsvbG9hZEJhbGFuY2Vycy9wczc1MjM/YXBpLXZlcnNpb249MjAxOS0wMi0wMQ==",
      "RequestMethod": "GET",
      "RequestBody": "",
      "RequestHeaders": {
        "x-ms-client-request-id": [
          "eb02aa58-8137-4649-9d59-cce8bc52ede6"
        ],
        "Accept-Language": [
          "en-US"
        ],
        "User-Agent": [
          "FxVersion/4.6.27414.06",
          "OSName/Windows",
          "OSVersion/Microsoft.Windows.10.0.17763.",
          "Microsoft.Azure.Management.Network.NetworkManagementClient/20.0.0.0"
        ]
      },
      "ResponseHeaders": {
        "Cache-Control": [
          "no-cache"
        ],
        "Pragma": [
          "no-cache"
        ],
        "ETag": [
          "W/\"256a0e42-a230-4b08-99ce-1196e23c1897\""
        ],
        "x-ms-request-id": [
          "ac33ebec-2c5d-4669-bcaf-9d28c0a06c74"
        ],
        "x-ms-correlation-request-id": [
          "78f57137-7714-4a04-a716-5dcef875150b"
        ],
        "Strict-Transport-Security": [
          "max-age=31536000; includeSubDomains"
        ],
        "Server": [
          "Microsoft-HTTPAPI/2.0",
          "Microsoft-HTTPAPI/2.0"
        ],
        "x-ms-ratelimit-remaining-subscription-reads": [
          "11649"
        ],
        "x-ms-routing-request-id": [
          "BRAZILUS:20190408T110156Z:78f57137-7714-4a04-a716-5dcef875150b"
        ],
        "X-Content-Type-Options": [
          "nosniff"
        ],
        "Date": [
          "Mon, 08 Apr 2019 11:01:56 GMT"
        ],
        "Content-Length": [
          "2677"
        ],
        "Content-Type": [
          "application/json; charset=utf-8"
        ],
        "Expires": [
          "-1"
        ]
      },
      "ResponseBody": "{\r\n  \"name\": \"ps7523\",\r\n  \"id\": \"/subscriptions/947d47b4-7883-4bb9-9d85-c5e8e2f572ce/resourceGroups/ps4273/providers/Microsoft.Network/loadBalancers/ps7523\",\r\n  \"etag\": \"W/\\\"256a0e42-a230-4b08-99ce-1196e23c1897\\\"\",\r\n  \"type\": \"Microsoft.Network/loadBalancers\",\r\n  \"location\": \"eastus2euap\",\r\n  \"properties\": {\r\n    \"provisioningState\": \"Succeeded\",\r\n    \"resourceGuid\": \"f7972ca6-1c5e-48d8-90cd-6236ddafe8e6\",\r\n    \"frontendIPConfigurations\": [\r\n      {\r\n        \"name\": \"FrontendIPConfigurationName\",\r\n        \"id\": \"/subscriptions/947d47b4-7883-4bb9-9d85-c5e8e2f572ce/resourceGroups/ps4273/providers/Microsoft.Network/loadBalancers/ps7523/frontendIPConfigurations/FrontendIPConfigurationName\",\r\n        \"etag\": \"W/\\\"256a0e42-a230-4b08-99ce-1196e23c1897\\\"\",\r\n        \"type\": \"Microsoft.Network/loadBalancers/frontendIPConfigurations\",\r\n        \"properties\": {\r\n          \"provisioningState\": \"Succeeded\",\r\n          \"privateIPAllocationMethod\": \"Dynamic\",\r\n          \"publicIPAddress\": {\r\n            \"id\": \"/subscriptions/947d47b4-7883-4bb9-9d85-c5e8e2f572ce/resourceGroups/ps4273/providers/Microsoft.Network/publicIPAddresses/PublicIPAddressName\"\r\n          },\r\n          \"inboundNatPools\": [\r\n            {\r\n              \"id\": \"/subscriptions/947d47b4-7883-4bb9-9d85-c5e8e2f572ce/resourceGroups/ps4273/providers/Microsoft.Network/loadBalancers/ps7523/inboundNatPools/ps7523\"\r\n            }\r\n          ]\r\n        }\r\n      }\r\n    ],\r\n    \"backendAddressPools\": [],\r\n    \"loadBalancingRules\": [],\r\n    \"probes\": [],\r\n    \"inboundNatRules\": [],\r\n    \"inboundNatPools\": [\r\n      {\r\n        \"name\": \"ps7523\",\r\n        \"id\": \"/subscriptions/947d47b4-7883-4bb9-9d85-c5e8e2f572ce/resourceGroups/ps4273/providers/Microsoft.Network/loadBalancers/ps7523/inboundNatPools/ps7523\",\r\n        \"etag\": \"W/\\\"256a0e42-a230-4b08-99ce-1196e23c1897\\\"\",\r\n        \"properties\": {\r\n          \"provisioningState\": \"Succeeded\",\r\n          \"frontendPortRangeStart\": 777,\r\n          \"frontendPortRangeEnd\": 888,\r\n          \"backendPort\": 789,\r\n          \"protocol\": \"Tcp\",\r\n          \"idleTimeoutInMinutes\": 30,\r\n          \"enableFloatingIP\": false,\r\n          \"enableDestinationServiceEndpoint\": false,\r\n          \"enableTcpReset\": false,\r\n          \"allowBackendPortConflict\": false,\r\n          \"frontendIPConfiguration\": {\r\n            \"id\": \"/subscriptions/947d47b4-7883-4bb9-9d85-c5e8e2f572ce/resourceGroups/ps4273/providers/Microsoft.Network/loadBalancers/ps7523/frontendIPConfigurations/FrontendIPConfigurationName\"\r\n          }\r\n        },\r\n        \"type\": \"Microsoft.Network/loadBalancers/inboundNatPools\"\r\n      }\r\n    ]\r\n  },\r\n  \"sku\": {\r\n    \"name\": \"Basic\",\r\n    \"tier\": \"Regional\"\r\n  }\r\n}",
      "StatusCode": 200
    },
    {
      "RequestUri": "/subscriptions/947d47b4-7883-4bb9-9d85-c5e8e2f572ce/resourceGroups/ps4273/providers/Microsoft.Network/loadBalancers/ps7523?api-version=2019-02-01",
      "EncodedRequestUri": "L3N1YnNjcmlwdGlvbnMvOTQ3ZDQ3YjQtNzg4My00YmI5LTlkODUtYzVlOGUyZjU3MmNlL3Jlc291cmNlR3JvdXBzL3BzNDI3My9wcm92aWRlcnMvTWljcm9zb2Z0Lk5ldHdvcmsvbG9hZEJhbGFuY2Vycy9wczc1MjM/YXBpLXZlcnNpb249MjAxOS0wMi0wMQ==",
      "RequestMethod": "GET",
      "RequestBody": "",
      "RequestHeaders": {
        "x-ms-client-request-id": [
          "a36892b2-ae1d-4917-82b8-5fa82c7dfc21"
        ],
        "Accept-Language": [
          "en-US"
        ],
        "User-Agent": [
          "FxVersion/4.6.27414.06",
          "OSName/Windows",
          "OSVersion/Microsoft.Windows.10.0.17763.",
          "Microsoft.Azure.Management.Network.NetworkManagementClient/20.0.0.0"
        ]
      },
      "ResponseHeaders": {
        "Cache-Control": [
          "no-cache"
        ],
        "Pragma": [
          "no-cache"
        ],
        "ETag": [
          "W/\"256a0e42-a230-4b08-99ce-1196e23c1897\""
        ],
        "x-ms-request-id": [
          "f5027c2d-56de-49de-a459-c29c854a125d"
        ],
        "x-ms-correlation-request-id": [
          "f65bc2c4-43d6-4fd8-93ba-3d6cb9aea6b9"
        ],
        "Strict-Transport-Security": [
          "max-age=31536000; includeSubDomains"
        ],
        "Server": [
          "Microsoft-HTTPAPI/2.0",
          "Microsoft-HTTPAPI/2.0"
        ],
        "x-ms-ratelimit-remaining-subscription-reads": [
          "11648"
        ],
        "x-ms-routing-request-id": [
          "BRAZILUS:20190408T110157Z:f65bc2c4-43d6-4fd8-93ba-3d6cb9aea6b9"
        ],
        "X-Content-Type-Options": [
          "nosniff"
        ],
        "Date": [
          "Mon, 08 Apr 2019 11:01:56 GMT"
        ],
        "Content-Length": [
          "2677"
        ],
        "Content-Type": [
          "application/json; charset=utf-8"
        ],
        "Expires": [
          "-1"
        ]
      },
      "ResponseBody": "{\r\n  \"name\": \"ps7523\",\r\n  \"id\": \"/subscriptions/947d47b4-7883-4bb9-9d85-c5e8e2f572ce/resourceGroups/ps4273/providers/Microsoft.Network/loadBalancers/ps7523\",\r\n  \"etag\": \"W/\\\"256a0e42-a230-4b08-99ce-1196e23c1897\\\"\",\r\n  \"type\": \"Microsoft.Network/loadBalancers\",\r\n  \"location\": \"eastus2euap\",\r\n  \"properties\": {\r\n    \"provisioningState\": \"Succeeded\",\r\n    \"resourceGuid\": \"f7972ca6-1c5e-48d8-90cd-6236ddafe8e6\",\r\n    \"frontendIPConfigurations\": [\r\n      {\r\n        \"name\": \"FrontendIPConfigurationName\",\r\n        \"id\": \"/subscriptions/947d47b4-7883-4bb9-9d85-c5e8e2f572ce/resourceGroups/ps4273/providers/Microsoft.Network/loadBalancers/ps7523/frontendIPConfigurations/FrontendIPConfigurationName\",\r\n        \"etag\": \"W/\\\"256a0e42-a230-4b08-99ce-1196e23c1897\\\"\",\r\n        \"type\": \"Microsoft.Network/loadBalancers/frontendIPConfigurations\",\r\n        \"properties\": {\r\n          \"provisioningState\": \"Succeeded\",\r\n          \"privateIPAllocationMethod\": \"Dynamic\",\r\n          \"publicIPAddress\": {\r\n            \"id\": \"/subscriptions/947d47b4-7883-4bb9-9d85-c5e8e2f572ce/resourceGroups/ps4273/providers/Microsoft.Network/publicIPAddresses/PublicIPAddressName\"\r\n          },\r\n          \"inboundNatPools\": [\r\n            {\r\n              \"id\": \"/subscriptions/947d47b4-7883-4bb9-9d85-c5e8e2f572ce/resourceGroups/ps4273/providers/Microsoft.Network/loadBalancers/ps7523/inboundNatPools/ps7523\"\r\n            }\r\n          ]\r\n        }\r\n      }\r\n    ],\r\n    \"backendAddressPools\": [],\r\n    \"loadBalancingRules\": [],\r\n    \"probes\": [],\r\n    \"inboundNatRules\": [],\r\n    \"inboundNatPools\": [\r\n      {\r\n        \"name\": \"ps7523\",\r\n        \"id\": \"/subscriptions/947d47b4-7883-4bb9-9d85-c5e8e2f572ce/resourceGroups/ps4273/providers/Microsoft.Network/loadBalancers/ps7523/inboundNatPools/ps7523\",\r\n        \"etag\": \"W/\\\"256a0e42-a230-4b08-99ce-1196e23c1897\\\"\",\r\n        \"properties\": {\r\n          \"provisioningState\": \"Succeeded\",\r\n          \"frontendPortRangeStart\": 777,\r\n          \"frontendPortRangeEnd\": 888,\r\n          \"backendPort\": 789,\r\n          \"protocol\": \"Tcp\",\r\n          \"idleTimeoutInMinutes\": 30,\r\n          \"enableFloatingIP\": false,\r\n          \"enableDestinationServiceEndpoint\": false,\r\n          \"enableTcpReset\": false,\r\n          \"allowBackendPortConflict\": false,\r\n          \"frontendIPConfiguration\": {\r\n            \"id\": \"/subscriptions/947d47b4-7883-4bb9-9d85-c5e8e2f572ce/resourceGroups/ps4273/providers/Microsoft.Network/loadBalancers/ps7523/frontendIPConfigurations/FrontendIPConfigurationName\"\r\n          }\r\n        },\r\n        \"type\": \"Microsoft.Network/loadBalancers/inboundNatPools\"\r\n      }\r\n    ]\r\n  },\r\n  \"sku\": {\r\n    \"name\": \"Basic\",\r\n    \"tier\": \"Regional\"\r\n  }\r\n}",
      "StatusCode": 200
    },
    {
      "RequestUri": "/subscriptions/947d47b4-7883-4bb9-9d85-c5e8e2f572ce/resourceGroups/ps4273/providers/Microsoft.Network/loadBalancers/ps7523?api-version=2019-02-01",
      "EncodedRequestUri": "L3N1YnNjcmlwdGlvbnMvOTQ3ZDQ3YjQtNzg4My00YmI5LTlkODUtYzVlOGUyZjU3MmNlL3Jlc291cmNlR3JvdXBzL3BzNDI3My9wcm92aWRlcnMvTWljcm9zb2Z0Lk5ldHdvcmsvbG9hZEJhbGFuY2Vycy9wczc1MjM/YXBpLXZlcnNpb249MjAxOS0wMi0wMQ==",
      "RequestMethod": "GET",
      "RequestBody": "",
      "RequestHeaders": {
        "User-Agent": [
          "FxVersion/4.6.27414.06",
          "OSName/Windows",
          "OSVersion/Microsoft.Windows.10.0.17763.",
          "Microsoft.Azure.Management.Network.NetworkManagementClient/20.0.0.0"
        ]
      },
      "ResponseHeaders": {
        "Cache-Control": [
          "no-cache"
        ],
        "Pragma": [
          "no-cache"
        ],
        "ETag": [
          "W/\"00a60276-e20a-4a4c-946c-901411ffd418\""
        ],
        "x-ms-request-id": [
          "4355ade2-87e9-426f-8cb4-627a6d16ef7f"
        ],
        "x-ms-correlation-request-id": [
          "d129c871-71dd-4a7c-84a6-0b45b4f972fc"
        ],
        "Strict-Transport-Security": [
          "max-age=31536000; includeSubDomains"
        ],
        "Server": [
          "Microsoft-HTTPAPI/2.0",
          "Microsoft-HTTPAPI/2.0"
        ],
        "x-ms-ratelimit-remaining-subscription-reads": [
          "11647"
        ],
        "x-ms-routing-request-id": [
          "BRAZILUS:20190408T110159Z:d129c871-71dd-4a7c-84a6-0b45b4f972fc"
        ],
        "X-Content-Type-Options": [
          "nosniff"
        ],
        "Date": [
          "Mon, 08 Apr 2019 11:01:58 GMT"
        ],
        "Content-Length": [
          "3914"
        ],
        "Content-Type": [
          "application/json; charset=utf-8"
        ],
        "Expires": [
          "-1"
        ]
      },
      "ResponseBody": "{\r\n  \"name\": \"ps7523\",\r\n  \"id\": \"/subscriptions/947d47b4-7883-4bb9-9d85-c5e8e2f572ce/resourceGroups/ps4273/providers/Microsoft.Network/loadBalancers/ps7523\",\r\n  \"etag\": \"W/\\\"00a60276-e20a-4a4c-946c-901411ffd418\\\"\",\r\n  \"type\": \"Microsoft.Network/loadBalancers\",\r\n  \"location\": \"eastus2euap\",\r\n  \"properties\": {\r\n    \"provisioningState\": \"Succeeded\",\r\n    \"resourceGuid\": \"f7972ca6-1c5e-48d8-90cd-6236ddafe8e6\",\r\n    \"frontendIPConfigurations\": [\r\n      {\r\n        \"name\": \"FrontendIPConfigurationName\",\r\n        \"id\": \"/subscriptions/947d47b4-7883-4bb9-9d85-c5e8e2f572ce/resourceGroups/ps4273/providers/Microsoft.Network/loadBalancers/ps7523/frontendIPConfigurations/FrontendIPConfigurationName\",\r\n        \"etag\": \"W/\\\"00a60276-e20a-4a4c-946c-901411ffd418\\\"\",\r\n        \"type\": \"Microsoft.Network/loadBalancers/frontendIPConfigurations\",\r\n        \"properties\": {\r\n          \"provisioningState\": \"Succeeded\",\r\n          \"privateIPAllocationMethod\": \"Dynamic\",\r\n          \"publicIPAddress\": {\r\n            \"id\": \"/subscriptions/947d47b4-7883-4bb9-9d85-c5e8e2f572ce/resourceGroups/ps4273/providers/Microsoft.Network/publicIPAddresses/PublicIPAddressName\"\r\n          },\r\n          \"inboundNatPools\": [\r\n            {\r\n              \"id\": \"/subscriptions/947d47b4-7883-4bb9-9d85-c5e8e2f572ce/resourceGroups/ps4273/providers/Microsoft.Network/loadBalancers/ps7523/inboundNatPools/ps7523\"\r\n            },\r\n            {\r\n              \"id\": \"/subscriptions/947d47b4-7883-4bb9-9d85-c5e8e2f572ce/resourceGroups/ps4273/providers/Microsoft.Network/loadBalancers/ps7523/inboundNatPools/ps7523Add\"\r\n            }\r\n          ]\r\n        }\r\n      }\r\n    ],\r\n    \"backendAddressPools\": [],\r\n    \"loadBalancingRules\": [],\r\n    \"probes\": [],\r\n    \"inboundNatRules\": [],\r\n    \"inboundNatPools\": [\r\n      {\r\n        \"name\": \"ps7523\",\r\n        \"id\": \"/subscriptions/947d47b4-7883-4bb9-9d85-c5e8e2f572ce/resourceGroups/ps4273/providers/Microsoft.Network/loadBalancers/ps7523/inboundNatPools/ps7523\",\r\n        \"etag\": \"W/\\\"00a60276-e20a-4a4c-946c-901411ffd418\\\"\",\r\n        \"properties\": {\r\n          \"provisioningState\": \"Succeeded\",\r\n          \"frontendPortRangeStart\": 777,\r\n          \"frontendPortRangeEnd\": 888,\r\n          \"backendPort\": 789,\r\n          \"protocol\": \"Tcp\",\r\n          \"idleTimeoutInMinutes\": 30,\r\n          \"enableFloatingIP\": false,\r\n          \"enableDestinationServiceEndpoint\": false,\r\n          \"enableTcpReset\": false,\r\n          \"allowBackendPortConflict\": false,\r\n          \"frontendIPConfiguration\": {\r\n            \"id\": \"/subscriptions/947d47b4-7883-4bb9-9d85-c5e8e2f572ce/resourceGroups/ps4273/providers/Microsoft.Network/loadBalancers/ps7523/frontendIPConfigurations/FrontendIPConfigurationName\"\r\n          }\r\n        },\r\n        \"type\": \"Microsoft.Network/loadBalancers/inboundNatPools\"\r\n      },\r\n      {\r\n        \"name\": \"ps7523Add\",\r\n        \"id\": \"/subscriptions/947d47b4-7883-4bb9-9d85-c5e8e2f572ce/resourceGroups/ps4273/providers/Microsoft.Network/loadBalancers/ps7523/inboundNatPools/ps7523Add\",\r\n        \"etag\": \"W/\\\"00a60276-e20a-4a4c-946c-901411ffd418\\\"\",\r\n        \"properties\": {\r\n          \"provisioningState\": \"Succeeded\",\r\n          \"frontendPortRangeStart\": 444,\r\n          \"frontendPortRangeEnd\": 445,\r\n          \"backendPort\": 8080,\r\n          \"protocol\": \"Tcp\",\r\n          \"idleTimeoutInMinutes\": 5,\r\n          \"enableFloatingIP\": false,\r\n          \"enableDestinationServiceEndpoint\": false,\r\n          \"enableTcpReset\": false,\r\n          \"allowBackendPortConflict\": false,\r\n          \"frontendIPConfiguration\": {\r\n            \"id\": \"/subscriptions/947d47b4-7883-4bb9-9d85-c5e8e2f572ce/resourceGroups/ps4273/providers/Microsoft.Network/loadBalancers/ps7523/frontendIPConfigurations/FrontendIPConfigurationName\"\r\n          }\r\n        },\r\n        \"type\": \"Microsoft.Network/loadBalancers/inboundNatPools\"\r\n      }\r\n    ]\r\n  },\r\n  \"sku\": {\r\n    \"name\": \"Basic\",\r\n    \"tier\": \"Regional\"\r\n  }\r\n}",
      "StatusCode": 200
    },
    {
      "RequestUri": "/subscriptions/947d47b4-7883-4bb9-9d85-c5e8e2f572ce/resourceGroups/ps4273/providers/Microsoft.Network/loadBalancers/ps7523?api-version=2019-02-01",
      "EncodedRequestUri": "L3N1YnNjcmlwdGlvbnMvOTQ3ZDQ3YjQtNzg4My00YmI5LTlkODUtYzVlOGUyZjU3MmNlL3Jlc291cmNlR3JvdXBzL3BzNDI3My9wcm92aWRlcnMvTWljcm9zb2Z0Lk5ldHdvcmsvbG9hZEJhbGFuY2Vycy9wczc1MjM/YXBpLXZlcnNpb249MjAxOS0wMi0wMQ==",
      "RequestMethod": "GET",
      "RequestBody": "",
      "RequestHeaders": {
        "x-ms-client-request-id": [
          "3bae62ae-8d95-4393-8d94-f4f3b1642bf1"
        ],
        "Accept-Language": [
          "en-US"
        ],
        "User-Agent": [
          "FxVersion/4.6.27414.06",
          "OSName/Windows",
          "OSVersion/Microsoft.Windows.10.0.17763.",
          "Microsoft.Azure.Management.Network.NetworkManagementClient/20.0.0.0"
        ]
      },
      "ResponseHeaders": {
        "Cache-Control": [
          "no-cache"
        ],
        "Pragma": [
          "no-cache"
        ],
        "ETag": [
          "W/\"00a60276-e20a-4a4c-946c-901411ffd418\""
        ],
        "x-ms-request-id": [
          "c63fc59d-b990-41d1-9e23-6c25dd747d30"
        ],
        "x-ms-correlation-request-id": [
          "a0fea6ce-be46-4530-8fef-9c2b0f683955"
        ],
        "Strict-Transport-Security": [
          "max-age=31536000; includeSubDomains"
        ],
        "Server": [
          "Microsoft-HTTPAPI/2.0",
          "Microsoft-HTTPAPI/2.0"
        ],
        "x-ms-ratelimit-remaining-subscription-reads": [
          "11646"
        ],
        "x-ms-routing-request-id": [
          "BRAZILUS:20190408T110159Z:a0fea6ce-be46-4530-8fef-9c2b0f683955"
        ],
        "X-Content-Type-Options": [
          "nosniff"
        ],
        "Date": [
          "Mon, 08 Apr 2019 11:01:58 GMT"
        ],
        "Content-Length": [
          "3914"
        ],
        "Content-Type": [
          "application/json; charset=utf-8"
        ],
        "Expires": [
          "-1"
        ]
      },
      "ResponseBody": "{\r\n  \"name\": \"ps7523\",\r\n  \"id\": \"/subscriptions/947d47b4-7883-4bb9-9d85-c5e8e2f572ce/resourceGroups/ps4273/providers/Microsoft.Network/loadBalancers/ps7523\",\r\n  \"etag\": \"W/\\\"00a60276-e20a-4a4c-946c-901411ffd418\\\"\",\r\n  \"type\": \"Microsoft.Network/loadBalancers\",\r\n  \"location\": \"eastus2euap\",\r\n  \"properties\": {\r\n    \"provisioningState\": \"Succeeded\",\r\n    \"resourceGuid\": \"f7972ca6-1c5e-48d8-90cd-6236ddafe8e6\",\r\n    \"frontendIPConfigurations\": [\r\n      {\r\n        \"name\": \"FrontendIPConfigurationName\",\r\n        \"id\": \"/subscriptions/947d47b4-7883-4bb9-9d85-c5e8e2f572ce/resourceGroups/ps4273/providers/Microsoft.Network/loadBalancers/ps7523/frontendIPConfigurations/FrontendIPConfigurationName\",\r\n        \"etag\": \"W/\\\"00a60276-e20a-4a4c-946c-901411ffd418\\\"\",\r\n        \"type\": \"Microsoft.Network/loadBalancers/frontendIPConfigurations\",\r\n        \"properties\": {\r\n          \"provisioningState\": \"Succeeded\",\r\n          \"privateIPAllocationMethod\": \"Dynamic\",\r\n          \"publicIPAddress\": {\r\n            \"id\": \"/subscriptions/947d47b4-7883-4bb9-9d85-c5e8e2f572ce/resourceGroups/ps4273/providers/Microsoft.Network/publicIPAddresses/PublicIPAddressName\"\r\n          },\r\n          \"inboundNatPools\": [\r\n            {\r\n              \"id\": \"/subscriptions/947d47b4-7883-4bb9-9d85-c5e8e2f572ce/resourceGroups/ps4273/providers/Microsoft.Network/loadBalancers/ps7523/inboundNatPools/ps7523\"\r\n            },\r\n            {\r\n              \"id\": \"/subscriptions/947d47b4-7883-4bb9-9d85-c5e8e2f572ce/resourceGroups/ps4273/providers/Microsoft.Network/loadBalancers/ps7523/inboundNatPools/ps7523Add\"\r\n            }\r\n          ]\r\n        }\r\n      }\r\n    ],\r\n    \"backendAddressPools\": [],\r\n    \"loadBalancingRules\": [],\r\n    \"probes\": [],\r\n    \"inboundNatRules\": [],\r\n    \"inboundNatPools\": [\r\n      {\r\n        \"name\": \"ps7523\",\r\n        \"id\": \"/subscriptions/947d47b4-7883-4bb9-9d85-c5e8e2f572ce/resourceGroups/ps4273/providers/Microsoft.Network/loadBalancers/ps7523/inboundNatPools/ps7523\",\r\n        \"etag\": \"W/\\\"00a60276-e20a-4a4c-946c-901411ffd418\\\"\",\r\n        \"properties\": {\r\n          \"provisioningState\": \"Succeeded\",\r\n          \"frontendPortRangeStart\": 777,\r\n          \"frontendPortRangeEnd\": 888,\r\n          \"backendPort\": 789,\r\n          \"protocol\": \"Tcp\",\r\n          \"idleTimeoutInMinutes\": 30,\r\n          \"enableFloatingIP\": false,\r\n          \"enableDestinationServiceEndpoint\": false,\r\n          \"enableTcpReset\": false,\r\n          \"allowBackendPortConflict\": false,\r\n          \"frontendIPConfiguration\": {\r\n            \"id\": \"/subscriptions/947d47b4-7883-4bb9-9d85-c5e8e2f572ce/resourceGroups/ps4273/providers/Microsoft.Network/loadBalancers/ps7523/frontendIPConfigurations/FrontendIPConfigurationName\"\r\n          }\r\n        },\r\n        \"type\": \"Microsoft.Network/loadBalancers/inboundNatPools\"\r\n      },\r\n      {\r\n        \"name\": \"ps7523Add\",\r\n        \"id\": \"/subscriptions/947d47b4-7883-4bb9-9d85-c5e8e2f572ce/resourceGroups/ps4273/providers/Microsoft.Network/loadBalancers/ps7523/inboundNatPools/ps7523Add\",\r\n        \"etag\": \"W/\\\"00a60276-e20a-4a4c-946c-901411ffd418\\\"\",\r\n        \"properties\": {\r\n          \"provisioningState\": \"Succeeded\",\r\n          \"frontendPortRangeStart\": 444,\r\n          \"frontendPortRangeEnd\": 445,\r\n          \"backendPort\": 8080,\r\n          \"protocol\": \"Tcp\",\r\n          \"idleTimeoutInMinutes\": 5,\r\n          \"enableFloatingIP\": false,\r\n          \"enableDestinationServiceEndpoint\": false,\r\n          \"enableTcpReset\": false,\r\n          \"allowBackendPortConflict\": false,\r\n          \"frontendIPConfiguration\": {\r\n            \"id\": \"/subscriptions/947d47b4-7883-4bb9-9d85-c5e8e2f572ce/resourceGroups/ps4273/providers/Microsoft.Network/loadBalancers/ps7523/frontendIPConfigurations/FrontendIPConfigurationName\"\r\n          }\r\n        },\r\n        \"type\": \"Microsoft.Network/loadBalancers/inboundNatPools\"\r\n      }\r\n    ]\r\n  },\r\n  \"sku\": {\r\n    \"name\": \"Basic\",\r\n    \"tier\": \"Regional\"\r\n  }\r\n}",
      "StatusCode": 200
    },
    {
      "RequestUri": "/subscriptions/947d47b4-7883-4bb9-9d85-c5e8e2f572ce/resourceGroups/ps4273/providers/Microsoft.Network/loadBalancers/ps7523?api-version=2019-02-01",
      "EncodedRequestUri": "L3N1YnNjcmlwdGlvbnMvOTQ3ZDQ3YjQtNzg4My00YmI5LTlkODUtYzVlOGUyZjU3MmNlL3Jlc291cmNlR3JvdXBzL3BzNDI3My9wcm92aWRlcnMvTWljcm9zb2Z0Lk5ldHdvcmsvbG9hZEJhbGFuY2Vycy9wczc1MjM/YXBpLXZlcnNpb249MjAxOS0wMi0wMQ==",
      "RequestMethod": "GET",
      "RequestBody": "",
      "RequestHeaders": {
        "x-ms-client-request-id": [
          "de453478-32b6-41c5-a961-bd41e5656c47"
        ],
        "Accept-Language": [
          "en-US"
        ],
        "User-Agent": [
          "FxVersion/4.6.27414.06",
          "OSName/Windows",
          "OSVersion/Microsoft.Windows.10.0.17763.",
          "Microsoft.Azure.Management.Network.NetworkManagementClient/20.0.0.0"
        ]
      },
      "ResponseHeaders": {
        "Cache-Control": [
          "no-cache"
        ],
        "Pragma": [
          "no-cache"
        ],
        "ETag": [
          "W/\"00a60276-e20a-4a4c-946c-901411ffd418\""
        ],
        "x-ms-request-id": [
          "70915779-b630-46d9-9a9b-e168dec70374"
        ],
        "x-ms-correlation-request-id": [
          "21cecbb6-1815-4ea6-bee4-d3cc1a522ca7"
        ],
        "Strict-Transport-Security": [
          "max-age=31536000; includeSubDomains"
        ],
        "Server": [
          "Microsoft-HTTPAPI/2.0",
          "Microsoft-HTTPAPI/2.0"
        ],
        "x-ms-ratelimit-remaining-subscription-reads": [
          "11724"
        ],
        "x-ms-routing-request-id": [
          "BRAZILUS:20190408T110200Z:21cecbb6-1815-4ea6-bee4-d3cc1a522ca7"
        ],
        "X-Content-Type-Options": [
          "nosniff"
        ],
        "Date": [
          "Mon, 08 Apr 2019 11:01:59 GMT"
        ],
        "Content-Length": [
          "3914"
        ],
        "Content-Type": [
          "application/json; charset=utf-8"
        ],
        "Expires": [
          "-1"
        ]
      },
      "ResponseBody": "{\r\n  \"name\": \"ps7523\",\r\n  \"id\": \"/subscriptions/947d47b4-7883-4bb9-9d85-c5e8e2f572ce/resourceGroups/ps4273/providers/Microsoft.Network/loadBalancers/ps7523\",\r\n  \"etag\": \"W/\\\"00a60276-e20a-4a4c-946c-901411ffd418\\\"\",\r\n  \"type\": \"Microsoft.Network/loadBalancers\",\r\n  \"location\": \"eastus2euap\",\r\n  \"properties\": {\r\n    \"provisioningState\": \"Succeeded\",\r\n    \"resourceGuid\": \"f7972ca6-1c5e-48d8-90cd-6236ddafe8e6\",\r\n    \"frontendIPConfigurations\": [\r\n      {\r\n        \"name\": \"FrontendIPConfigurationName\",\r\n        \"id\": \"/subscriptions/947d47b4-7883-4bb9-9d85-c5e8e2f572ce/resourceGroups/ps4273/providers/Microsoft.Network/loadBalancers/ps7523/frontendIPConfigurations/FrontendIPConfigurationName\",\r\n        \"etag\": \"W/\\\"00a60276-e20a-4a4c-946c-901411ffd418\\\"\",\r\n        \"type\": \"Microsoft.Network/loadBalancers/frontendIPConfigurations\",\r\n        \"properties\": {\r\n          \"provisioningState\": \"Succeeded\",\r\n          \"privateIPAllocationMethod\": \"Dynamic\",\r\n          \"publicIPAddress\": {\r\n            \"id\": \"/subscriptions/947d47b4-7883-4bb9-9d85-c5e8e2f572ce/resourceGroups/ps4273/providers/Microsoft.Network/publicIPAddresses/PublicIPAddressName\"\r\n          },\r\n          \"inboundNatPools\": [\r\n            {\r\n              \"id\": \"/subscriptions/947d47b4-7883-4bb9-9d85-c5e8e2f572ce/resourceGroups/ps4273/providers/Microsoft.Network/loadBalancers/ps7523/inboundNatPools/ps7523\"\r\n            },\r\n            {\r\n              \"id\": \"/subscriptions/947d47b4-7883-4bb9-9d85-c5e8e2f572ce/resourceGroups/ps4273/providers/Microsoft.Network/loadBalancers/ps7523/inboundNatPools/ps7523Add\"\r\n            }\r\n          ]\r\n        }\r\n      }\r\n    ],\r\n    \"backendAddressPools\": [],\r\n    \"loadBalancingRules\": [],\r\n    \"probes\": [],\r\n    \"inboundNatRules\": [],\r\n    \"inboundNatPools\": [\r\n      {\r\n        \"name\": \"ps7523\",\r\n        \"id\": \"/subscriptions/947d47b4-7883-4bb9-9d85-c5e8e2f572ce/resourceGroups/ps4273/providers/Microsoft.Network/loadBalancers/ps7523/inboundNatPools/ps7523\",\r\n        \"etag\": \"W/\\\"00a60276-e20a-4a4c-946c-901411ffd418\\\"\",\r\n        \"properties\": {\r\n          \"provisioningState\": \"Succeeded\",\r\n          \"frontendPortRangeStart\": 777,\r\n          \"frontendPortRangeEnd\": 888,\r\n          \"backendPort\": 789,\r\n          \"protocol\": \"Tcp\",\r\n          \"idleTimeoutInMinutes\": 30,\r\n          \"enableFloatingIP\": false,\r\n          \"enableDestinationServiceEndpoint\": false,\r\n          \"enableTcpReset\": false,\r\n          \"allowBackendPortConflict\": false,\r\n          \"frontendIPConfiguration\": {\r\n            \"id\": \"/subscriptions/947d47b4-7883-4bb9-9d85-c5e8e2f572ce/resourceGroups/ps4273/providers/Microsoft.Network/loadBalancers/ps7523/frontendIPConfigurations/FrontendIPConfigurationName\"\r\n          }\r\n        },\r\n        \"type\": \"Microsoft.Network/loadBalancers/inboundNatPools\"\r\n      },\r\n      {\r\n        \"name\": \"ps7523Add\",\r\n        \"id\": \"/subscriptions/947d47b4-7883-4bb9-9d85-c5e8e2f572ce/resourceGroups/ps4273/providers/Microsoft.Network/loadBalancers/ps7523/inboundNatPools/ps7523Add\",\r\n        \"etag\": \"W/\\\"00a60276-e20a-4a4c-946c-901411ffd418\\\"\",\r\n        \"properties\": {\r\n          \"provisioningState\": \"Succeeded\",\r\n          \"frontendPortRangeStart\": 444,\r\n          \"frontendPortRangeEnd\": 445,\r\n          \"backendPort\": 8080,\r\n          \"protocol\": \"Tcp\",\r\n          \"idleTimeoutInMinutes\": 5,\r\n          \"enableFloatingIP\": false,\r\n          \"enableDestinationServiceEndpoint\": false,\r\n          \"enableTcpReset\": false,\r\n          \"allowBackendPortConflict\": false,\r\n          \"frontendIPConfiguration\": {\r\n            \"id\": \"/subscriptions/947d47b4-7883-4bb9-9d85-c5e8e2f572ce/resourceGroups/ps4273/providers/Microsoft.Network/loadBalancers/ps7523/frontendIPConfigurations/FrontendIPConfigurationName\"\r\n          }\r\n        },\r\n        \"type\": \"Microsoft.Network/loadBalancers/inboundNatPools\"\r\n      }\r\n    ]\r\n  },\r\n  \"sku\": {\r\n    \"name\": \"Basic\",\r\n    \"tier\": \"Regional\"\r\n  }\r\n}",
      "StatusCode": 200
    },
    {
      "RequestUri": "/subscriptions/947d47b4-7883-4bb9-9d85-c5e8e2f572ce/resourceGroups/ps4273/providers/Microsoft.Network/loadBalancers/ps7523?api-version=2019-02-01",
      "EncodedRequestUri": "L3N1YnNjcmlwdGlvbnMvOTQ3ZDQ3YjQtNzg4My00YmI5LTlkODUtYzVlOGUyZjU3MmNlL3Jlc291cmNlR3JvdXBzL3BzNDI3My9wcm92aWRlcnMvTWljcm9zb2Z0Lk5ldHdvcmsvbG9hZEJhbGFuY2Vycy9wczc1MjM/YXBpLXZlcnNpb249MjAxOS0wMi0wMQ==",
      "RequestMethod": "GET",
      "RequestBody": "",
      "RequestHeaders": {
        "User-Agent": [
          "FxVersion/4.6.27414.06",
          "OSName/Windows",
          "OSVersion/Microsoft.Windows.10.0.17763.",
          "Microsoft.Azure.Management.Network.NetworkManagementClient/20.0.0.0"
        ]
      },
      "ResponseHeaders": {
        "Cache-Control": [
          "no-cache"
        ],
        "Pragma": [
          "no-cache"
        ],
        "ETag": [
          "W/\"f86396ee-f97f-4b85-b411-f11ca1934eb9\""
        ],
        "x-ms-request-id": [
          "a232749a-7bd8-4fd0-a6b3-61c5b5ac1b57"
        ],
        "x-ms-correlation-request-id": [
          "9f81cf1c-1b2d-409e-849c-f33dcdf86889"
        ],
        "Strict-Transport-Security": [
          "max-age=31536000; includeSubDomains"
        ],
        "Server": [
          "Microsoft-HTTPAPI/2.0",
          "Microsoft-HTTPAPI/2.0"
        ],
        "x-ms-ratelimit-remaining-subscription-reads": [
          "11723"
        ],
        "x-ms-routing-request-id": [
          "BRAZILUS:20190408T110201Z:9f81cf1c-1b2d-409e-849c-f33dcdf86889"
        ],
        "X-Content-Type-Options": [
          "nosniff"
        ],
        "Date": [
          "Mon, 08 Apr 2019 11:02:00 GMT"
        ],
        "Content-Length": [
          "1399"
        ],
        "Content-Type": [
          "application/json; charset=utf-8"
        ],
        "Expires": [
          "-1"
        ]
      },
      "ResponseBody": "{\r\n  \"name\": \"ps7523\",\r\n  \"id\": \"/subscriptions/947d47b4-7883-4bb9-9d85-c5e8e2f572ce/resourceGroups/ps4273/providers/Microsoft.Network/loadBalancers/ps7523\",\r\n  \"etag\": \"W/\\\"f86396ee-f97f-4b85-b411-f11ca1934eb9\\\"\",\r\n  \"type\": \"Microsoft.Network/loadBalancers\",\r\n  \"location\": \"eastus2euap\",\r\n  \"properties\": {\r\n    \"provisioningState\": \"Succeeded\",\r\n    \"resourceGuid\": \"f7972ca6-1c5e-48d8-90cd-6236ddafe8e6\",\r\n    \"frontendIPConfigurations\": [\r\n      {\r\n        \"name\": \"FrontendIPConfigurationName\",\r\n        \"id\": \"/subscriptions/947d47b4-7883-4bb9-9d85-c5e8e2f572ce/resourceGroups/ps4273/providers/Microsoft.Network/loadBalancers/ps7523/frontendIPConfigurations/FrontendIPConfigurationName\",\r\n        \"etag\": \"W/\\\"f86396ee-f97f-4b85-b411-f11ca1934eb9\\\"\",\r\n        \"type\": \"Microsoft.Network/loadBalancers/frontendIPConfigurations\",\r\n        \"properties\": {\r\n          \"provisioningState\": \"Succeeded\",\r\n          \"privateIPAllocationMethod\": \"Dynamic\",\r\n          \"publicIPAddress\": {\r\n            \"id\": \"/subscriptions/947d47b4-7883-4bb9-9d85-c5e8e2f572ce/resourceGroups/ps4273/providers/Microsoft.Network/publicIPAddresses/PublicIPAddressName\"\r\n          }\r\n        }\r\n      }\r\n    ],\r\n    \"backendAddressPools\": [],\r\n    \"loadBalancingRules\": [],\r\n    \"probes\": [],\r\n    \"inboundNatRules\": [],\r\n    \"inboundNatPools\": []\r\n  },\r\n  \"sku\": {\r\n    \"name\": \"Basic\",\r\n    \"tier\": \"Regional\"\r\n  }\r\n}",
      "StatusCode": 200
    },
    {
      "RequestUri": "/subscriptions/947d47b4-7883-4bb9-9d85-c5e8e2f572ce/resourceGroups/ps4273/providers/Microsoft.Network/loadBalancers/ps7523?api-version=2019-02-01",
      "EncodedRequestUri": "L3N1YnNjcmlwdGlvbnMvOTQ3ZDQ3YjQtNzg4My00YmI5LTlkODUtYzVlOGUyZjU3MmNlL3Jlc291cmNlR3JvdXBzL3BzNDI3My9wcm92aWRlcnMvTWljcm9zb2Z0Lk5ldHdvcmsvbG9hZEJhbGFuY2Vycy9wczc1MjM/YXBpLXZlcnNpb249MjAxOS0wMi0wMQ==",
      "RequestMethod": "GET",
      "RequestBody": "",
      "RequestHeaders": {
        "x-ms-client-request-id": [
          "28fc07cb-533e-47d5-99a6-33513dae91ce"
        ],
        "Accept-Language": [
          "en-US"
        ],
        "User-Agent": [
          "FxVersion/4.6.27414.06",
          "OSName/Windows",
          "OSVersion/Microsoft.Windows.10.0.17763.",
          "Microsoft.Azure.Management.Network.NetworkManagementClient/20.0.0.0"
        ]
      },
      "ResponseHeaders": {
        "Cache-Control": [
          "no-cache"
        ],
        "Pragma": [
          "no-cache"
        ],
        "ETag": [
          "W/\"f86396ee-f97f-4b85-b411-f11ca1934eb9\""
        ],
        "x-ms-request-id": [
          "7f309ff4-2eac-429c-abb5-322ec66716a8"
        ],
        "x-ms-correlation-request-id": [
          "d821ca40-8ecc-4e27-b268-5d5bb5b9764f"
        ],
        "Strict-Transport-Security": [
          "max-age=31536000; includeSubDomains"
        ],
        "Server": [
          "Microsoft-HTTPAPI/2.0",
          "Microsoft-HTTPAPI/2.0"
        ],
        "x-ms-ratelimit-remaining-subscription-reads": [
          "11722"
        ],
        "x-ms-routing-request-id": [
          "BRAZILUS:20190408T110201Z:d821ca40-8ecc-4e27-b268-5d5bb5b9764f"
        ],
        "X-Content-Type-Options": [
          "nosniff"
        ],
        "Date": [
          "Mon, 08 Apr 2019 11:02:01 GMT"
        ],
        "Content-Length": [
          "1399"
        ],
        "Content-Type": [
          "application/json; charset=utf-8"
        ],
        "Expires": [
          "-1"
        ]
      },
      "ResponseBody": "{\r\n  \"name\": \"ps7523\",\r\n  \"id\": \"/subscriptions/947d47b4-7883-4bb9-9d85-c5e8e2f572ce/resourceGroups/ps4273/providers/Microsoft.Network/loadBalancers/ps7523\",\r\n  \"etag\": \"W/\\\"f86396ee-f97f-4b85-b411-f11ca1934eb9\\\"\",\r\n  \"type\": \"Microsoft.Network/loadBalancers\",\r\n  \"location\": \"eastus2euap\",\r\n  \"properties\": {\r\n    \"provisioningState\": \"Succeeded\",\r\n    \"resourceGuid\": \"f7972ca6-1c5e-48d8-90cd-6236ddafe8e6\",\r\n    \"frontendIPConfigurations\": [\r\n      {\r\n        \"name\": \"FrontendIPConfigurationName\",\r\n        \"id\": \"/subscriptions/947d47b4-7883-4bb9-9d85-c5e8e2f572ce/resourceGroups/ps4273/providers/Microsoft.Network/loadBalancers/ps7523/frontendIPConfigurations/FrontendIPConfigurationName\",\r\n        \"etag\": \"W/\\\"f86396ee-f97f-4b85-b411-f11ca1934eb9\\\"\",\r\n        \"type\": \"Microsoft.Network/loadBalancers/frontendIPConfigurations\",\r\n        \"properties\": {\r\n          \"provisioningState\": \"Succeeded\",\r\n          \"privateIPAllocationMethod\": \"Dynamic\",\r\n          \"publicIPAddress\": {\r\n            \"id\": \"/subscriptions/947d47b4-7883-4bb9-9d85-c5e8e2f572ce/resourceGroups/ps4273/providers/Microsoft.Network/publicIPAddresses/PublicIPAddressName\"\r\n          }\r\n        }\r\n      }\r\n    ],\r\n    \"backendAddressPools\": [],\r\n    \"loadBalancingRules\": [],\r\n    \"probes\": [],\r\n    \"inboundNatRules\": [],\r\n    \"inboundNatPools\": []\r\n  },\r\n  \"sku\": {\r\n    \"name\": \"Basic\",\r\n    \"tier\": \"Regional\"\r\n  }\r\n}",
      "StatusCode": 200
    },
    {
      "RequestUri": "/subscriptions/947d47b4-7883-4bb9-9d85-c5e8e2f572ce/resourceGroups/ps4273/providers/Microsoft.Network/loadBalancers/ps7523?api-version=2019-02-01",
      "EncodedRequestUri": "L3N1YnNjcmlwdGlvbnMvOTQ3ZDQ3YjQtNzg4My00YmI5LTlkODUtYzVlOGUyZjU3MmNlL3Jlc291cmNlR3JvdXBzL3BzNDI3My9wcm92aWRlcnMvTWljcm9zb2Z0Lk5ldHdvcmsvbG9hZEJhbGFuY2Vycy9wczc1MjM/YXBpLXZlcnNpb249MjAxOS0wMi0wMQ==",
      "RequestMethod": "PUT",
      "RequestBody": "{\r\n  \"properties\": {\r\n    \"frontendIPConfigurations\": [\r\n      {\r\n        \"properties\": {\r\n          \"privateIPAllocationMethod\": \"Dynamic\",\r\n          \"publicIPAddress\": {\r\n            \"properties\": {\r\n              \"ipTags\": []\r\n            },\r\n            \"zones\": [],\r\n            \"id\": \"/subscriptions/947d47b4-7883-4bb9-9d85-c5e8e2f572ce/resourceGroups/ps4273/providers/Microsoft.Network/publicIPAddresses/PublicIPAddressName\",\r\n            \"tags\": {}\r\n          }\r\n        },\r\n        \"name\": \"FrontendIPConfigurationName\",\r\n        \"zones\": [],\r\n        \"id\": \"/subscriptions/947d47b4-7883-4bb9-9d85-c5e8e2f572ce/resourceGroups/ps4273/providers/Microsoft.Network/loadBalancers/ps7523/FrontendIpConfigurations/FrontendIPConfigurationName\"\r\n      }\r\n    ],\r\n    \"backendAddressPools\": [],\r\n    \"loadBalancingRules\": [],\r\n    \"probes\": [],\r\n    \"inboundNatRules\": [],\r\n    \"inboundNatPools\": [\r\n      {\r\n        \"properties\": {\r\n          \"frontendIPConfiguration\": {\r\n            \"id\": \"/subscriptions/947d47b4-7883-4bb9-9d85-c5e8e2f572ce/resourceGroups/ps4273/providers/Microsoft.Network/loadBalancers/ps7523/FrontendIpConfigurations/FrontendIPConfigurationName\"\r\n          },\r\n          \"protocol\": \"Udp\",\r\n          \"frontendPortRangeStart\": 555,\r\n          \"frontendPortRangeEnd\": 999,\r\n          \"backendPort\": 987,\r\n          \"idleTimeoutInMinutes\": 15,\r\n          \"enableFloatingIP\": true,\r\n          \"enableTcpReset\": false\r\n        },\r\n        \"name\": \"ps7523\",\r\n        \"id\": \"/subscriptions/947d47b4-7883-4bb9-9d85-c5e8e2f572ce/resourceGroups/ps4273/providers/Microsoft.Network/loadBalancers/ps7523/InboundNatPools/ps7523\"\r\n      }\r\n    ],\r\n    \"outboundRules\": []\r\n  },\r\n  \"location\": \"EAST US 2 EUAP\"\r\n}",
      "RequestHeaders": {
        "x-ms-client-request-id": [
          "aa35880c-4111-4487-a385-030287b5bbf2"
        ],
        "Accept-Language": [
          "en-US"
        ],
        "User-Agent": [
          "FxVersion/4.6.27414.06",
          "OSName/Windows",
          "OSVersion/Microsoft.Windows.10.0.17763.",
          "Microsoft.Azure.Management.Network.NetworkManagementClient/20.0.0.0"
        ],
        "Content-Type": [
          "application/json; charset=utf-8"
        ],
        "Content-Length": [
          "1722"
        ]
      },
      "ResponseHeaders": {
        "Cache-Control": [
          "no-cache"
        ],
        "Pragma": [
          "no-cache"
        ],
        "x-ms-request-id": [
          "7c7bf2c0-b66d-4e79-877b-f6a9b235c2dc"
        ],
        "Azure-AsyncOperation": [
          "https://brazilus.management.azure.com/subscriptions/947d47b4-7883-4bb9-9d85-c5e8e2f572ce/providers/Microsoft.Network/locations/eastus2euap/operations/7c7bf2c0-b66d-4e79-877b-f6a9b235c2dc?api-version=2019-02-01"
        ],
        "x-ms-correlation-request-id": [
          "e886442d-2dfd-4a5b-a0ed-68d2eb64dda3"
        ],
        "Strict-Transport-Security": [
          "max-age=31536000; includeSubDomains"
        ],
        "Server": [
          "Microsoft-HTTPAPI/2.0",
          "Microsoft-HTTPAPI/2.0"
        ],
        "x-ms-ratelimit-remaining-subscription-writes": [
          "1148"
        ],
        "x-ms-routing-request-id": [
          "BRAZILUS:20190408T110154Z:e886442d-2dfd-4a5b-a0ed-68d2eb64dda3"
        ],
        "X-Content-Type-Options": [
          "nosniff"
        ],
        "Date": [
          "Mon, 08 Apr 2019 11:01:53 GMT"
        ],
        "Content-Length": [
          "2676"
        ],
        "Content-Type": [
          "application/json; charset=utf-8"
        ],
        "Expires": [
          "-1"
        ]
      },
      "ResponseBody": "{\r\n  \"name\": \"ps7523\",\r\n  \"id\": \"/subscriptions/947d47b4-7883-4bb9-9d85-c5e8e2f572ce/resourceGroups/ps4273/providers/Microsoft.Network/loadBalancers/ps7523\",\r\n  \"etag\": \"W/\\\"41e8803e-2757-4301-91de-5ea3421b371a\\\"\",\r\n  \"type\": \"Microsoft.Network/loadBalancers\",\r\n  \"location\": \"eastus2euap\",\r\n  \"properties\": {\r\n    \"provisioningState\": \"Succeeded\",\r\n    \"resourceGuid\": \"f7972ca6-1c5e-48d8-90cd-6236ddafe8e6\",\r\n    \"frontendIPConfigurations\": [\r\n      {\r\n        \"name\": \"FrontendIPConfigurationName\",\r\n        \"id\": \"/subscriptions/947d47b4-7883-4bb9-9d85-c5e8e2f572ce/resourceGroups/ps4273/providers/Microsoft.Network/loadBalancers/ps7523/frontendIPConfigurations/FrontendIPConfigurationName\",\r\n        \"etag\": \"W/\\\"41e8803e-2757-4301-91de-5ea3421b371a\\\"\",\r\n        \"type\": \"Microsoft.Network/loadBalancers/frontendIPConfigurations\",\r\n        \"properties\": {\r\n          \"provisioningState\": \"Succeeded\",\r\n          \"privateIPAllocationMethod\": \"Dynamic\",\r\n          \"publicIPAddress\": {\r\n            \"id\": \"/subscriptions/947d47b4-7883-4bb9-9d85-c5e8e2f572ce/resourceGroups/ps4273/providers/Microsoft.Network/publicIPAddresses/PublicIPAddressName\"\r\n          },\r\n          \"inboundNatPools\": [\r\n            {\r\n              \"id\": \"/subscriptions/947d47b4-7883-4bb9-9d85-c5e8e2f572ce/resourceGroups/ps4273/providers/Microsoft.Network/loadBalancers/ps7523/inboundNatPools/ps7523\"\r\n            }\r\n          ]\r\n        }\r\n      }\r\n    ],\r\n    \"backendAddressPools\": [],\r\n    \"loadBalancingRules\": [],\r\n    \"probes\": [],\r\n    \"inboundNatRules\": [],\r\n    \"inboundNatPools\": [\r\n      {\r\n        \"name\": \"ps7523\",\r\n        \"id\": \"/subscriptions/947d47b4-7883-4bb9-9d85-c5e8e2f572ce/resourceGroups/ps4273/providers/Microsoft.Network/loadBalancers/ps7523/inboundNatPools/ps7523\",\r\n        \"etag\": \"W/\\\"41e8803e-2757-4301-91de-5ea3421b371a\\\"\",\r\n        \"properties\": {\r\n          \"provisioningState\": \"Succeeded\",\r\n          \"frontendPortRangeStart\": 555,\r\n          \"frontendPortRangeEnd\": 999,\r\n          \"backendPort\": 987,\r\n          \"protocol\": \"Udp\",\r\n          \"idleTimeoutInMinutes\": 15,\r\n          \"enableFloatingIP\": true,\r\n          \"enableDestinationServiceEndpoint\": false,\r\n          \"enableTcpReset\": false,\r\n          \"allowBackendPortConflict\": false,\r\n          \"frontendIPConfiguration\": {\r\n            \"id\": \"/subscriptions/947d47b4-7883-4bb9-9d85-c5e8e2f572ce/resourceGroups/ps4273/providers/Microsoft.Network/loadBalancers/ps7523/frontendIPConfigurations/FrontendIPConfigurationName\"\r\n          }\r\n        },\r\n        \"type\": \"Microsoft.Network/loadBalancers/inboundNatPools\"\r\n      }\r\n    ]\r\n  },\r\n  \"sku\": {\r\n    \"name\": \"Basic\",\r\n    \"tier\": \"Regional\"\r\n  }\r\n}",
      "StatusCode": 201
    },
    {
      "RequestUri": "/subscriptions/947d47b4-7883-4bb9-9d85-c5e8e2f572ce/resourceGroups/ps4273/providers/Microsoft.Network/loadBalancers/ps7523?api-version=2019-02-01",
      "EncodedRequestUri": "L3N1YnNjcmlwdGlvbnMvOTQ3ZDQ3YjQtNzg4My00YmI5LTlkODUtYzVlOGUyZjU3MmNlL3Jlc291cmNlR3JvdXBzL3BzNDI3My9wcm92aWRlcnMvTWljcm9zb2Z0Lk5ldHdvcmsvbG9hZEJhbGFuY2Vycy9wczc1MjM/YXBpLXZlcnNpb249MjAxOS0wMi0wMQ==",
      "RequestMethod": "PUT",
      "RequestBody": "{\r\n  \"sku\": {\r\n    \"name\": \"Basic\"\r\n  },\r\n  \"properties\": {\r\n    \"frontendIPConfigurations\": [\r\n      {\r\n        \"properties\": {\r\n          \"privateIPAllocationMethod\": \"Dynamic\",\r\n          \"publicIPAddress\": {\r\n            \"properties\": {\r\n              \"ipTags\": []\r\n            },\r\n            \"zones\": [],\r\n            \"id\": \"/subscriptions/947d47b4-7883-4bb9-9d85-c5e8e2f572ce/resourceGroups/ps4273/providers/Microsoft.Network/publicIPAddresses/PublicIPAddressName\",\r\n            \"tags\": {}\r\n          },\r\n          \"provisioningState\": \"Succeeded\"\r\n        },\r\n        \"name\": \"FrontendIPConfigurationName\",\r\n        \"etag\": \"W/\\\"41e8803e-2757-4301-91de-5ea3421b371a\\\"\",\r\n        \"zones\": [],\r\n        \"id\": \"/subscriptions/947d47b4-7883-4bb9-9d85-c5e8e2f572ce/resourceGroups/ps4273/providers/Microsoft.Network/loadBalancers/ps7523/frontendIPConfigurations/FrontendIPConfigurationName\"\r\n      }\r\n    ],\r\n    \"backendAddressPools\": [],\r\n    \"loadBalancingRules\": [],\r\n    \"probes\": [],\r\n    \"inboundNatRules\": [],\r\n    \"inboundNatPools\": [\r\n      {\r\n        \"properties\": {\r\n          \"frontendIPConfiguration\": {\r\n            \"id\": \"/subscriptions/947d47b4-7883-4bb9-9d85-c5e8e2f572ce/resourceGroups/ps4273/providers/Microsoft.Network/loadBalancers/ps7523/FrontendIpConfigurations/FrontendIPConfigurationName\"\r\n          },\r\n          \"protocol\": \"Tcp\",\r\n          \"frontendPortRangeStart\": 777,\r\n          \"frontendPortRangeEnd\": 888,\r\n          \"backendPort\": 789,\r\n          \"idleTimeoutInMinutes\": 30,\r\n          \"enableFloatingIP\": false,\r\n          \"enableTcpReset\": false\r\n        },\r\n        \"name\": \"ps7523\"\r\n      }\r\n    ],\r\n    \"outboundRules\": [],\r\n    \"resourceGuid\": \"f7972ca6-1c5e-48d8-90cd-6236ddafe8e6\",\r\n    \"provisioningState\": \"Succeeded\"\r\n  },\r\n  \"etag\": \"W/\\\"41e8803e-2757-4301-91de-5ea3421b371a\\\"\",\r\n  \"id\": \"/subscriptions/947d47b4-7883-4bb9-9d85-c5e8e2f572ce/resourceGroups/ps4273/providers/Microsoft.Network/loadBalancers/ps7523\",\r\n  \"location\": \"eastus2euap\"\r\n}",
      "RequestHeaders": {
        "x-ms-client-request-id": [
          "c30a9061-1467-4998-bbdb-5cd8d5e0d4fd"
        ],
        "Accept-Language": [
          "en-US"
        ],
        "User-Agent": [
          "FxVersion/4.6.27414.06",
          "OSName/Windows",
          "OSVersion/Microsoft.Windows.10.0.17763.",
          "Microsoft.Azure.Management.Network.NetworkManagementClient/20.0.0.0"
        ],
        "Content-Type": [
          "application/json; charset=utf-8"
        ],
        "Content-Length": [
          "1995"
        ]
      },
      "ResponseHeaders": {
        "Cache-Control": [
          "no-cache"
        ],
        "Pragma": [
          "no-cache"
        ],
        "x-ms-request-id": [
          "0cd45300-4576-4074-9ab8-37cd8c2d562b"
        ],
        "Azure-AsyncOperation": [
          "https://brazilus.management.azure.com/subscriptions/947d47b4-7883-4bb9-9d85-c5e8e2f572ce/providers/Microsoft.Network/locations/eastus2euap/operations/0cd45300-4576-4074-9ab8-37cd8c2d562b?api-version=2019-02-01"
        ],
        "x-ms-correlation-request-id": [
          "3eb1beec-6336-4c09-8501-82632865ce43"
        ],
        "Strict-Transport-Security": [
          "max-age=31536000; includeSubDomains"
        ],
        "Server": [
          "Microsoft-HTTPAPI/2.0",
          "Microsoft-HTTPAPI/2.0"
        ],
        "x-ms-ratelimit-remaining-subscription-writes": [
          "1139"
        ],
        "x-ms-routing-request-id": [
          "BRAZILUS:20190408T110156Z:3eb1beec-6336-4c09-8501-82632865ce43"
        ],
        "X-Content-Type-Options": [
          "nosniff"
        ],
        "Date": [
          "Mon, 08 Apr 2019 11:01:55 GMT"
        ],
        "Content-Length": [
          "2677"
        ],
        "Content-Type": [
          "application/json; charset=utf-8"
        ],
        "Expires": [
          "-1"
        ]
      },
      "ResponseBody": "{\r\n  \"name\": \"ps7523\",\r\n  \"id\": \"/subscriptions/947d47b4-7883-4bb9-9d85-c5e8e2f572ce/resourceGroups/ps4273/providers/Microsoft.Network/loadBalancers/ps7523\",\r\n  \"etag\": \"W/\\\"256a0e42-a230-4b08-99ce-1196e23c1897\\\"\",\r\n  \"type\": \"Microsoft.Network/loadBalancers\",\r\n  \"location\": \"eastus2euap\",\r\n  \"properties\": {\r\n    \"provisioningState\": \"Succeeded\",\r\n    \"resourceGuid\": \"f7972ca6-1c5e-48d8-90cd-6236ddafe8e6\",\r\n    \"frontendIPConfigurations\": [\r\n      {\r\n        \"name\": \"FrontendIPConfigurationName\",\r\n        \"id\": \"/subscriptions/947d47b4-7883-4bb9-9d85-c5e8e2f572ce/resourceGroups/ps4273/providers/Microsoft.Network/loadBalancers/ps7523/frontendIPConfigurations/FrontendIPConfigurationName\",\r\n        \"etag\": \"W/\\\"256a0e42-a230-4b08-99ce-1196e23c1897\\\"\",\r\n        \"type\": \"Microsoft.Network/loadBalancers/frontendIPConfigurations\",\r\n        \"properties\": {\r\n          \"provisioningState\": \"Succeeded\",\r\n          \"privateIPAllocationMethod\": \"Dynamic\",\r\n          \"publicIPAddress\": {\r\n            \"id\": \"/subscriptions/947d47b4-7883-4bb9-9d85-c5e8e2f572ce/resourceGroups/ps4273/providers/Microsoft.Network/publicIPAddresses/PublicIPAddressName\"\r\n          },\r\n          \"inboundNatPools\": [\r\n            {\r\n              \"id\": \"/subscriptions/947d47b4-7883-4bb9-9d85-c5e8e2f572ce/resourceGroups/ps4273/providers/Microsoft.Network/loadBalancers/ps7523/inboundNatPools/ps7523\"\r\n            }\r\n          ]\r\n        }\r\n      }\r\n    ],\r\n    \"backendAddressPools\": [],\r\n    \"loadBalancingRules\": [],\r\n    \"probes\": [],\r\n    \"inboundNatRules\": [],\r\n    \"inboundNatPools\": [\r\n      {\r\n        \"name\": \"ps7523\",\r\n        \"id\": \"/subscriptions/947d47b4-7883-4bb9-9d85-c5e8e2f572ce/resourceGroups/ps4273/providers/Microsoft.Network/loadBalancers/ps7523/inboundNatPools/ps7523\",\r\n        \"etag\": \"W/\\\"256a0e42-a230-4b08-99ce-1196e23c1897\\\"\",\r\n        \"properties\": {\r\n          \"provisioningState\": \"Succeeded\",\r\n          \"frontendPortRangeStart\": 777,\r\n          \"frontendPortRangeEnd\": 888,\r\n          \"backendPort\": 789,\r\n          \"protocol\": \"Tcp\",\r\n          \"idleTimeoutInMinutes\": 30,\r\n          \"enableFloatingIP\": false,\r\n          \"enableDestinationServiceEndpoint\": false,\r\n          \"enableTcpReset\": false,\r\n          \"allowBackendPortConflict\": false,\r\n          \"frontendIPConfiguration\": {\r\n            \"id\": \"/subscriptions/947d47b4-7883-4bb9-9d85-c5e8e2f572ce/resourceGroups/ps4273/providers/Microsoft.Network/loadBalancers/ps7523/frontendIPConfigurations/FrontendIPConfigurationName\"\r\n          }\r\n        },\r\n        \"type\": \"Microsoft.Network/loadBalancers/inboundNatPools\"\r\n      }\r\n    ]\r\n  },\r\n  \"sku\": {\r\n    \"name\": \"Basic\",\r\n    \"tier\": \"Regional\"\r\n  }\r\n}",
      "StatusCode": 200
    },
    {
      "RequestUri": "/subscriptions/947d47b4-7883-4bb9-9d85-c5e8e2f572ce/resourceGroups/ps4273/providers/Microsoft.Network/loadBalancers/ps7523?api-version=2019-02-01",
      "EncodedRequestUri": "L3N1YnNjcmlwdGlvbnMvOTQ3ZDQ3YjQtNzg4My00YmI5LTlkODUtYzVlOGUyZjU3MmNlL3Jlc291cmNlR3JvdXBzL3BzNDI3My9wcm92aWRlcnMvTWljcm9zb2Z0Lk5ldHdvcmsvbG9hZEJhbGFuY2Vycy9wczc1MjM/YXBpLXZlcnNpb249MjAxOS0wMi0wMQ==",
      "RequestMethod": "PUT",
      "RequestBody": "{\r\n  \"sku\": {\r\n    \"name\": \"Basic\"\r\n  },\r\n  \"properties\": {\r\n    \"frontendIPConfigurations\": [\r\n      {\r\n        \"properties\": {\r\n          \"privateIPAllocationMethod\": \"Dynamic\",\r\n          \"publicIPAddress\": {\r\n            \"properties\": {\r\n              \"ipTags\": []\r\n            },\r\n            \"zones\": [],\r\n            \"id\": \"/subscriptions/947d47b4-7883-4bb9-9d85-c5e8e2f572ce/resourceGroups/ps4273/providers/Microsoft.Network/publicIPAddresses/PublicIPAddressName\",\r\n            \"tags\": {}\r\n          },\r\n          \"provisioningState\": \"Succeeded\"\r\n        },\r\n        \"name\": \"FrontendIPConfigurationName\",\r\n        \"etag\": \"W/\\\"256a0e42-a230-4b08-99ce-1196e23c1897\\\"\",\r\n        \"zones\": [],\r\n        \"id\": \"/subscriptions/947d47b4-7883-4bb9-9d85-c5e8e2f572ce/resourceGroups/ps4273/providers/Microsoft.Network/loadBalancers/ps7523/frontendIPConfigurations/FrontendIPConfigurationName\"\r\n      }\r\n    ],\r\n    \"backendAddressPools\": [],\r\n    \"loadBalancingRules\": [],\r\n    \"probes\": [],\r\n    \"inboundNatRules\": [],\r\n    \"inboundNatPools\": [\r\n      {\r\n        \"properties\": {\r\n          \"frontendIPConfiguration\": {\r\n            \"id\": \"/subscriptions/947d47b4-7883-4bb9-9d85-c5e8e2f572ce/resourceGroups/ps4273/providers/Microsoft.Network/loadBalancers/ps7523/frontendIPConfigurations/FrontendIPConfigurationName\"\r\n          },\r\n          \"protocol\": \"Tcp\",\r\n          \"frontendPortRangeStart\": 777,\r\n          \"frontendPortRangeEnd\": 888,\r\n          \"backendPort\": 789,\r\n          \"idleTimeoutInMinutes\": 30,\r\n          \"enableFloatingIP\": false,\r\n          \"enableTcpReset\": false,\r\n          \"provisioningState\": \"Succeeded\"\r\n        },\r\n        \"name\": \"ps7523\",\r\n        \"etag\": \"W/\\\"256a0e42-a230-4b08-99ce-1196e23c1897\\\"\",\r\n        \"id\": \"/subscriptions/947d47b4-7883-4bb9-9d85-c5e8e2f572ce/resourceGroups/ps4273/providers/Microsoft.Network/loadBalancers/ps7523/inboundNatPools/ps7523\"\r\n      },\r\n      {\r\n        \"properties\": {\r\n          \"frontendIPConfiguration\": {\r\n            \"id\": \"/subscriptions/947d47b4-7883-4bb9-9d85-c5e8e2f572ce/resourceGroups/ps4273/providers/Microsoft.Network/loadBalancers/ps7523/FrontendIpConfigurations/FrontendIPConfigurationName\"\r\n          },\r\n          \"protocol\": \"Tcp\",\r\n          \"frontendPortRangeStart\": 444,\r\n          \"frontendPortRangeEnd\": 445,\r\n          \"backendPort\": 8080,\r\n          \"idleTimeoutInMinutes\": 5,\r\n          \"enableFloatingIP\": false,\r\n          \"enableTcpReset\": false\r\n        },\r\n        \"name\": \"ps7523Add\",\r\n        \"id\": \"/subscriptions/947d47b4-7883-4bb9-9d85-c5e8e2f572ce/resourceGroups/ps4273/providers/Microsoft.Network/loadBalancers/ps7523/InboundNatPools/ps7523Add\"\r\n      }\r\n    ],\r\n    \"outboundRules\": [],\r\n    \"resourceGuid\": \"f7972ca6-1c5e-48d8-90cd-6236ddafe8e6\",\r\n    \"provisioningState\": \"Succeeded\"\r\n  },\r\n  \"etag\": \"W/\\\"256a0e42-a230-4b08-99ce-1196e23c1897\\\"\",\r\n  \"id\": \"/subscriptions/947d47b4-7883-4bb9-9d85-c5e8e2f572ce/resourceGroups/ps4273/providers/Microsoft.Network/loadBalancers/ps7523\",\r\n  \"location\": \"eastus2euap\"\r\n}",
      "RequestHeaders": {
        "x-ms-client-request-id": [
          "b032ceaa-5d89-4dae-8b6b-39f75902f00b"
        ],
        "Accept-Language": [
          "en-US"
        ],
        "User-Agent": [
          "FxVersion/4.6.27414.06",
          "OSName/Windows",
          "OSVersion/Microsoft.Windows.10.0.17763.",
          "Microsoft.Azure.Management.Network.NetworkManagementClient/20.0.0.0"
        ],
        "Content-Type": [
          "application/json; charset=utf-8"
        ],
        "Content-Length": [
          "3025"
        ]
      },
      "ResponseHeaders": {
        "Cache-Control": [
          "no-cache"
        ],
        "Pragma": [
          "no-cache"
        ],
        "x-ms-request-id": [
          "77e46532-959e-4835-b1b4-4e5c2c5487bf"
        ],
        "Azure-AsyncOperation": [
          "https://brazilus.management.azure.com/subscriptions/947d47b4-7883-4bb9-9d85-c5e8e2f572ce/providers/Microsoft.Network/locations/eastus2euap/operations/77e46532-959e-4835-b1b4-4e5c2c5487bf?api-version=2019-02-01"
        ],
        "x-ms-correlation-request-id": [
          "6583c447-4e35-468d-ac1c-65d052341af2"
        ],
        "Strict-Transport-Security": [
          "max-age=31536000; includeSubDomains"
        ],
        "Server": [
          "Microsoft-HTTPAPI/2.0",
          "Microsoft-HTTPAPI/2.0"
        ],
        "x-ms-ratelimit-remaining-subscription-writes": [
          "1138"
        ],
        "x-ms-routing-request-id": [
          "BRAZILUS:20190408T110158Z:6583c447-4e35-468d-ac1c-65d052341af2"
        ],
        "X-Content-Type-Options": [
          "nosniff"
        ],
        "Date": [
          "Mon, 08 Apr 2019 11:01:58 GMT"
        ],
        "Content-Length": [
          "3914"
        ],
        "Content-Type": [
          "application/json; charset=utf-8"
        ],
        "Expires": [
          "-1"
        ]
      },
      "ResponseBody": "{\r\n  \"name\": \"ps7523\",\r\n  \"id\": \"/subscriptions/947d47b4-7883-4bb9-9d85-c5e8e2f572ce/resourceGroups/ps4273/providers/Microsoft.Network/loadBalancers/ps7523\",\r\n  \"etag\": \"W/\\\"00a60276-e20a-4a4c-946c-901411ffd418\\\"\",\r\n  \"type\": \"Microsoft.Network/loadBalancers\",\r\n  \"location\": \"eastus2euap\",\r\n  \"properties\": {\r\n    \"provisioningState\": \"Succeeded\",\r\n    \"resourceGuid\": \"f7972ca6-1c5e-48d8-90cd-6236ddafe8e6\",\r\n    \"frontendIPConfigurations\": [\r\n      {\r\n        \"name\": \"FrontendIPConfigurationName\",\r\n        \"id\": \"/subscriptions/947d47b4-7883-4bb9-9d85-c5e8e2f572ce/resourceGroups/ps4273/providers/Microsoft.Network/loadBalancers/ps7523/frontendIPConfigurations/FrontendIPConfigurationName\",\r\n        \"etag\": \"W/\\\"00a60276-e20a-4a4c-946c-901411ffd418\\\"\",\r\n        \"type\": \"Microsoft.Network/loadBalancers/frontendIPConfigurations\",\r\n        \"properties\": {\r\n          \"provisioningState\": \"Succeeded\",\r\n          \"privateIPAllocationMethod\": \"Dynamic\",\r\n          \"publicIPAddress\": {\r\n            \"id\": \"/subscriptions/947d47b4-7883-4bb9-9d85-c5e8e2f572ce/resourceGroups/ps4273/providers/Microsoft.Network/publicIPAddresses/PublicIPAddressName\"\r\n          },\r\n          \"inboundNatPools\": [\r\n            {\r\n              \"id\": \"/subscriptions/947d47b4-7883-4bb9-9d85-c5e8e2f572ce/resourceGroups/ps4273/providers/Microsoft.Network/loadBalancers/ps7523/inboundNatPools/ps7523\"\r\n            },\r\n            {\r\n              \"id\": \"/subscriptions/947d47b4-7883-4bb9-9d85-c5e8e2f572ce/resourceGroups/ps4273/providers/Microsoft.Network/loadBalancers/ps7523/inboundNatPools/ps7523Add\"\r\n            }\r\n          ]\r\n        }\r\n      }\r\n    ],\r\n    \"backendAddressPools\": [],\r\n    \"loadBalancingRules\": [],\r\n    \"probes\": [],\r\n    \"inboundNatRules\": [],\r\n    \"inboundNatPools\": [\r\n      {\r\n        \"name\": \"ps7523\",\r\n        \"id\": \"/subscriptions/947d47b4-7883-4bb9-9d85-c5e8e2f572ce/resourceGroups/ps4273/providers/Microsoft.Network/loadBalancers/ps7523/inboundNatPools/ps7523\",\r\n        \"etag\": \"W/\\\"00a60276-e20a-4a4c-946c-901411ffd418\\\"\",\r\n        \"properties\": {\r\n          \"provisioningState\": \"Succeeded\",\r\n          \"frontendPortRangeStart\": 777,\r\n          \"frontendPortRangeEnd\": 888,\r\n          \"backendPort\": 789,\r\n          \"protocol\": \"Tcp\",\r\n          \"idleTimeoutInMinutes\": 30,\r\n          \"enableFloatingIP\": false,\r\n          \"enableDestinationServiceEndpoint\": false,\r\n          \"enableTcpReset\": false,\r\n          \"allowBackendPortConflict\": false,\r\n          \"frontendIPConfiguration\": {\r\n            \"id\": \"/subscriptions/947d47b4-7883-4bb9-9d85-c5e8e2f572ce/resourceGroups/ps4273/providers/Microsoft.Network/loadBalancers/ps7523/frontendIPConfigurations/FrontendIPConfigurationName\"\r\n          }\r\n        },\r\n        \"type\": \"Microsoft.Network/loadBalancers/inboundNatPools\"\r\n      },\r\n      {\r\n        \"name\": \"ps7523Add\",\r\n        \"id\": \"/subscriptions/947d47b4-7883-4bb9-9d85-c5e8e2f572ce/resourceGroups/ps4273/providers/Microsoft.Network/loadBalancers/ps7523/inboundNatPools/ps7523Add\",\r\n        \"etag\": \"W/\\\"00a60276-e20a-4a4c-946c-901411ffd418\\\"\",\r\n        \"properties\": {\r\n          \"provisioningState\": \"Succeeded\",\r\n          \"frontendPortRangeStart\": 444,\r\n          \"frontendPortRangeEnd\": 445,\r\n          \"backendPort\": 8080,\r\n          \"protocol\": \"Tcp\",\r\n          \"idleTimeoutInMinutes\": 5,\r\n          \"enableFloatingIP\": false,\r\n          \"enableDestinationServiceEndpoint\": false,\r\n          \"enableTcpReset\": false,\r\n          \"allowBackendPortConflict\": false,\r\n          \"frontendIPConfiguration\": {\r\n            \"id\": \"/subscriptions/947d47b4-7883-4bb9-9d85-c5e8e2f572ce/resourceGroups/ps4273/providers/Microsoft.Network/loadBalancers/ps7523/frontendIPConfigurations/FrontendIPConfigurationName\"\r\n          }\r\n        },\r\n        \"type\": \"Microsoft.Network/loadBalancers/inboundNatPools\"\r\n      }\r\n    ]\r\n  },\r\n  \"sku\": {\r\n    \"name\": \"Basic\",\r\n    \"tier\": \"Regional\"\r\n  }\r\n}",
      "StatusCode": 200
    },
    {
      "RequestUri": "/subscriptions/947d47b4-7883-4bb9-9d85-c5e8e2f572ce/resourceGroups/ps4273/providers/Microsoft.Network/loadBalancers/ps7523?api-version=2019-02-01",
      "EncodedRequestUri": "L3N1YnNjcmlwdGlvbnMvOTQ3ZDQ3YjQtNzg4My00YmI5LTlkODUtYzVlOGUyZjU3MmNlL3Jlc291cmNlR3JvdXBzL3BzNDI3My9wcm92aWRlcnMvTWljcm9zb2Z0Lk5ldHdvcmsvbG9hZEJhbGFuY2Vycy9wczc1MjM/YXBpLXZlcnNpb249MjAxOS0wMi0wMQ==",
      "RequestMethod": "PUT",
      "RequestBody": "{\r\n  \"sku\": {\r\n    \"name\": \"Basic\"\r\n  },\r\n  \"properties\": {\r\n    \"frontendIPConfigurations\": [\r\n      {\r\n        \"properties\": {\r\n          \"privateIPAllocationMethod\": \"Dynamic\",\r\n          \"publicIPAddress\": {\r\n            \"properties\": {\r\n              \"ipTags\": []\r\n            },\r\n            \"zones\": [],\r\n            \"id\": \"/subscriptions/947d47b4-7883-4bb9-9d85-c5e8e2f572ce/resourceGroups/ps4273/providers/Microsoft.Network/publicIPAddresses/PublicIPAddressName\",\r\n            \"tags\": {}\r\n          },\r\n          \"provisioningState\": \"Succeeded\"\r\n        },\r\n        \"name\": \"FrontendIPConfigurationName\",\r\n        \"etag\": \"W/\\\"00a60276-e20a-4a4c-946c-901411ffd418\\\"\",\r\n        \"zones\": [],\r\n        \"id\": \"/subscriptions/947d47b4-7883-4bb9-9d85-c5e8e2f572ce/resourceGroups/ps4273/providers/Microsoft.Network/loadBalancers/ps7523/frontendIPConfigurations/FrontendIPConfigurationName\"\r\n      }\r\n    ],\r\n    \"backendAddressPools\": [],\r\n    \"loadBalancingRules\": [],\r\n    \"probes\": [],\r\n    \"inboundNatRules\": [],\r\n    \"inboundNatPools\": [],\r\n    \"outboundRules\": [],\r\n    \"resourceGuid\": \"f7972ca6-1c5e-48d8-90cd-6236ddafe8e6\",\r\n    \"provisioningState\": \"Succeeded\"\r\n  },\r\n  \"etag\": \"W/\\\"00a60276-e20a-4a4c-946c-901411ffd418\\\"\",\r\n  \"id\": \"/subscriptions/947d47b4-7883-4bb9-9d85-c5e8e2f572ce/resourceGroups/ps4273/providers/Microsoft.Network/loadBalancers/ps7523\",\r\n  \"location\": \"eastus2euap\"\r\n}",
      "RequestHeaders": {
        "x-ms-client-request-id": [
          "c068661d-92be-4247-994b-0e2bab811e32"
        ],
        "Accept-Language": [
          "en-US"
        ],
        "User-Agent": [
          "FxVersion/4.6.27414.06",
          "OSName/Windows",
          "OSVersion/Microsoft.Windows.10.0.17763.",
          "Microsoft.Azure.Management.Network.NetworkManagementClient/20.0.0.0"
        ],
        "Content-Type": [
          "application/json; charset=utf-8"
        ],
        "Content-Length": [
          "1402"
        ]
      },
      "ResponseHeaders": {
        "Cache-Control": [
          "no-cache"
        ],
        "Pragma": [
          "no-cache"
        ],
        "x-ms-request-id": [
          "3167c5eb-2fe3-4556-8bbd-8a34e6be0c6a"
        ],
        "Azure-AsyncOperation": [
          "https://brazilus.management.azure.com/subscriptions/947d47b4-7883-4bb9-9d85-c5e8e2f572ce/providers/Microsoft.Network/locations/eastus2euap/operations/3167c5eb-2fe3-4556-8bbd-8a34e6be0c6a?api-version=2019-02-01"
        ],
        "x-ms-correlation-request-id": [
          "9183ad4d-e58c-42a0-b3d4-1b43972a2257"
        ],
        "Strict-Transport-Security": [
          "max-age=31536000; includeSubDomains"
        ],
        "Server": [
          "Microsoft-HTTPAPI/2.0",
          "Microsoft-HTTPAPI/2.0"
        ],
        "x-ms-ratelimit-remaining-subscription-writes": [
          "1157"
        ],
        "x-ms-routing-request-id": [
          "BRAZILUS:20190408T110200Z:9183ad4d-e58c-42a0-b3d4-1b43972a2257"
        ],
        "X-Content-Type-Options": [
          "nosniff"
        ],
        "Date": [
          "Mon, 08 Apr 2019 11:02:00 GMT"
        ],
        "Content-Length": [
          "1399"
        ],
        "Content-Type": [
          "application/json; charset=utf-8"
        ],
        "Expires": [
          "-1"
        ]
      },
      "ResponseBody": "{\r\n  \"name\": \"ps7523\",\r\n  \"id\": \"/subscriptions/947d47b4-7883-4bb9-9d85-c5e8e2f572ce/resourceGroups/ps4273/providers/Microsoft.Network/loadBalancers/ps7523\",\r\n  \"etag\": \"W/\\\"f86396ee-f97f-4b85-b411-f11ca1934eb9\\\"\",\r\n  \"type\": \"Microsoft.Network/loadBalancers\",\r\n  \"location\": \"eastus2euap\",\r\n  \"properties\": {\r\n    \"provisioningState\": \"Succeeded\",\r\n    \"resourceGuid\": \"f7972ca6-1c5e-48d8-90cd-6236ddafe8e6\",\r\n    \"frontendIPConfigurations\": [\r\n      {\r\n        \"name\": \"FrontendIPConfigurationName\",\r\n        \"id\": \"/subscriptions/947d47b4-7883-4bb9-9d85-c5e8e2f572ce/resourceGroups/ps4273/providers/Microsoft.Network/loadBalancers/ps7523/frontendIPConfigurations/FrontendIPConfigurationName\",\r\n        \"etag\": \"W/\\\"f86396ee-f97f-4b85-b411-f11ca1934eb9\\\"\",\r\n        \"type\": \"Microsoft.Network/loadBalancers/frontendIPConfigurations\",\r\n        \"properties\": {\r\n          \"provisioningState\": \"Succeeded\",\r\n          \"privateIPAllocationMethod\": \"Dynamic\",\r\n          \"publicIPAddress\": {\r\n            \"id\": \"/subscriptions/947d47b4-7883-4bb9-9d85-c5e8e2f572ce/resourceGroups/ps4273/providers/Microsoft.Network/publicIPAddresses/PublicIPAddressName\"\r\n          }\r\n        }\r\n      }\r\n    ],\r\n    \"backendAddressPools\": [],\r\n    \"loadBalancingRules\": [],\r\n    \"probes\": [],\r\n    \"inboundNatRules\": [],\r\n    \"inboundNatPools\": []\r\n  },\r\n  \"sku\": {\r\n    \"name\": \"Basic\",\r\n    \"tier\": \"Regional\"\r\n  }\r\n}",
      "StatusCode": 200
    },
    {
      "RequestUri": "/subscriptions/947d47b4-7883-4bb9-9d85-c5e8e2f572ce/resourcegroups/ps4273?api-version=2016-09-01",
      "EncodedRequestUri": "L3N1YnNjcmlwdGlvbnMvOTQ3ZDQ3YjQtNzg4My00YmI5LTlkODUtYzVlOGUyZjU3MmNlL3Jlc291cmNlZ3JvdXBzL3BzNDI3Mz9hcGktdmVyc2lvbj0yMDE2LTA5LTAx",
      "RequestMethod": "DELETE",
      "RequestBody": "",
      "RequestHeaders": {
        "x-ms-client-request-id": [
          "e011eea0-7096-48d2-b3c7-837c0610b2e2"
        ],
        "Accept-Language": [
          "en-US"
        ],
        "User-Agent": [
          "FxVersion/4.6.27414.06",
          "OSName/Windows",
          "OSVersion/Microsoft.Windows.10.0.17763.",
          "Microsoft.Azure.Management.Internal.Resources.ResourceManagementClient/1.1.18"
        ]
      },
      "ResponseHeaders": {
        "Cache-Control": [
          "no-cache"
        ],
        "Pragma": [
          "no-cache"
        ],
        "Location": [
          "https://brazilus.management.azure.com/subscriptions/947d47b4-7883-4bb9-9d85-c5e8e2f572ce/operationresults/eyJqb2JJZCI6IlJFU09VUkNFR1JPVVBERUxFVElPTkpPQi1QUzQyNzMtRUFTVFVTMkVVQVAiLCJqb2JMb2NhdGlvbiI6ImVhc3R1czJldWFwIn0?api-version=2016-09-01"
        ],
        "Retry-After": [
          "15"
        ],
        "x-ms-ratelimit-remaining-subscription-deletes": [
          "14971"
        ],
        "x-ms-request-id": [
          "b7019820-0ad7-449d-84f4-8409ad3a7870"
        ],
        "x-ms-correlation-request-id": [
          "b7019820-0ad7-449d-84f4-8409ad3a7870"
        ],
        "x-ms-routing-request-id": [
          "BRAZILUS:20190408T110202Z:b7019820-0ad7-449d-84f4-8409ad3a7870"
        ],
        "Strict-Transport-Security": [
          "max-age=31536000; includeSubDomains"
        ],
        "X-Content-Type-Options": [
          "nosniff"
        ],
        "Date": [
          "Mon, 08 Apr 2019 11:02:02 GMT"
        ],
        "Expires": [
          "-1"
        ],
        "Content-Length": [
          "0"
        ]
      },
      "ResponseBody": "",
      "StatusCode": 202
    },
    {
      "RequestUri": "/subscriptions/947d47b4-7883-4bb9-9d85-c5e8e2f572ce/operationresults/eyJqb2JJZCI6IlJFU09VUkNFR1JPVVBERUxFVElPTkpPQi1QUzQyNzMtRUFTVFVTMkVVQVAiLCJqb2JMb2NhdGlvbiI6ImVhc3R1czJldWFwIn0?api-version=2016-09-01",
      "EncodedRequestUri": "L3N1YnNjcmlwdGlvbnMvOTQ3ZDQ3YjQtNzg4My00YmI5LTlkODUtYzVlOGUyZjU3MmNlL29wZXJhdGlvbnJlc3VsdHMvZXlKcWIySkpaQ0k2SWxKRlUwOVZVa05GUjFKUFZWQkVSVXhGVkVsUFRrcFBRaTFRVXpReU56TXRSVUZUVkZWVE1rVlZRVkFpTENKcWIySk1iMk5oZEdsdmJpSTZJbVZoYzNSMWN6SmxkV0Z3SW4wP2FwaS12ZXJzaW9uPTIwMTYtMDktMDE=",
      "RequestMethod": "GET",
      "RequestBody": "",
      "RequestHeaders": {
        "User-Agent": [
          "FxVersion/4.6.27414.06",
          "OSName/Windows",
          "OSVersion/Microsoft.Windows.10.0.17763.",
          "Microsoft.Azure.Management.Internal.Resources.ResourceManagementClient/1.1.18"
        ]
      },
      "ResponseHeaders": {
        "Cache-Control": [
          "no-cache"
        ],
        "Pragma": [
          "no-cache"
        ],
        "Location": [
          "https://brazilus.management.azure.com/subscriptions/947d47b4-7883-4bb9-9d85-c5e8e2f572ce/operationresults/eyJqb2JJZCI6IlJFU09VUkNFR1JPVVBERUxFVElPTkpPQi1QUzQyNzMtRUFTVFVTMkVVQVAiLCJqb2JMb2NhdGlvbiI6ImVhc3R1czJldWFwIn0?api-version=2016-09-01"
        ],
        "Retry-After": [
          "15"
        ],
        "x-ms-ratelimit-remaining-subscription-reads": [
          "11716"
        ],
        "x-ms-request-id": [
          "2ecc5a88-0b0e-4c92-bfc7-33223424a73d"
        ],
        "x-ms-correlation-request-id": [
          "2ecc5a88-0b0e-4c92-bfc7-33223424a73d"
        ],
        "x-ms-routing-request-id": [
          "BRAZILUS:20190408T110217Z:2ecc5a88-0b0e-4c92-bfc7-33223424a73d"
        ],
        "Strict-Transport-Security": [
          "max-age=31536000; includeSubDomains"
        ],
        "X-Content-Type-Options": [
          "nosniff"
        ],
        "Date": [
          "Mon, 08 Apr 2019 11:02:17 GMT"
        ],
        "Expires": [
          "-1"
        ],
        "Content-Length": [
          "0"
        ]
      },
      "ResponseBody": "",
      "StatusCode": 202
    },
    {
      "RequestUri": "/subscriptions/947d47b4-7883-4bb9-9d85-c5e8e2f572ce/operationresults/eyJqb2JJZCI6IlJFU09VUkNFR1JPVVBERUxFVElPTkpPQi1QUzQyNzMtRUFTVFVTMkVVQVAiLCJqb2JMb2NhdGlvbiI6ImVhc3R1czJldWFwIn0?api-version=2016-09-01",
      "EncodedRequestUri": "L3N1YnNjcmlwdGlvbnMvOTQ3ZDQ3YjQtNzg4My00YmI5LTlkODUtYzVlOGUyZjU3MmNlL29wZXJhdGlvbnJlc3VsdHMvZXlKcWIySkpaQ0k2SWxKRlUwOVZVa05GUjFKUFZWQkVSVXhGVkVsUFRrcFBRaTFRVXpReU56TXRSVUZUVkZWVE1rVlZRVkFpTENKcWIySk1iMk5oZEdsdmJpSTZJbVZoYzNSMWN6SmxkV0Z3SW4wP2FwaS12ZXJzaW9uPTIwMTYtMDktMDE=",
      "RequestMethod": "GET",
      "RequestBody": "",
      "RequestHeaders": {
        "User-Agent": [
          "FxVersion/4.6.27414.06",
          "OSName/Windows",
          "OSVersion/Microsoft.Windows.10.0.17763.",
          "Microsoft.Azure.Management.Internal.Resources.ResourceManagementClient/1.1.18"
        ]
      },
      "ResponseHeaders": {
        "Cache-Control": [
          "no-cache"
        ],
        "Pragma": [
          "no-cache"
        ],
        "Location": [
          "https://brazilus.management.azure.com/subscriptions/947d47b4-7883-4bb9-9d85-c5e8e2f572ce/operationresults/eyJqb2JJZCI6IlJFU09VUkNFR1JPVVBERUxFVElPTkpPQi1QUzQyNzMtRUFTVFVTMkVVQVAiLCJqb2JMb2NhdGlvbiI6ImVhc3R1czJldWFwIn0?api-version=2016-09-01"
        ],
        "Retry-After": [
          "15"
        ],
        "x-ms-ratelimit-remaining-subscription-reads": [
          "11713"
        ],
        "x-ms-request-id": [
          "735d3f94-5ec6-41d0-b4c9-5c92cce10784"
        ],
        "x-ms-correlation-request-id": [
          "735d3f94-5ec6-41d0-b4c9-5c92cce10784"
        ],
        "x-ms-routing-request-id": [
          "BRAZILUS:20190408T110232Z:735d3f94-5ec6-41d0-b4c9-5c92cce10784"
        ],
        "Strict-Transport-Security": [
          "max-age=31536000; includeSubDomains"
        ],
        "X-Content-Type-Options": [
          "nosniff"
        ],
        "Date": [
          "Mon, 08 Apr 2019 11:02:32 GMT"
        ],
        "Expires": [
          "-1"
        ],
        "Content-Length": [
          "0"
        ]
      },
      "ResponseBody": "",
      "StatusCode": 202
    },
    {
      "RequestUri": "/subscriptions/947d47b4-7883-4bb9-9d85-c5e8e2f572ce/operationresults/eyJqb2JJZCI6IlJFU09VUkNFR1JPVVBERUxFVElPTkpPQi1QUzQyNzMtRUFTVFVTMkVVQVAiLCJqb2JMb2NhdGlvbiI6ImVhc3R1czJldWFwIn0?api-version=2016-09-01",
      "EncodedRequestUri": "L3N1YnNjcmlwdGlvbnMvOTQ3ZDQ3YjQtNzg4My00YmI5LTlkODUtYzVlOGUyZjU3MmNlL29wZXJhdGlvbnJlc3VsdHMvZXlKcWIySkpaQ0k2SWxKRlUwOVZVa05GUjFKUFZWQkVSVXhGVkVsUFRrcFBRaTFRVXpReU56TXRSVUZUVkZWVE1rVlZRVkFpTENKcWIySk1iMk5oZEdsdmJpSTZJbVZoYzNSMWN6SmxkV0Z3SW4wP2FwaS12ZXJzaW9uPTIwMTYtMDktMDE=",
      "RequestMethod": "GET",
      "RequestBody": "",
      "RequestHeaders": {
        "User-Agent": [
          "FxVersion/4.6.27414.06",
          "OSName/Windows",
          "OSVersion/Microsoft.Windows.10.0.17763.",
          "Microsoft.Azure.Management.Internal.Resources.ResourceManagementClient/1.1.18"
        ]
      },
      "ResponseHeaders": {
        "Cache-Control": [
          "no-cache"
        ],
        "Pragma": [
          "no-cache"
        ],
        "Location": [
          "https://brazilus.management.azure.com/subscriptions/947d47b4-7883-4bb9-9d85-c5e8e2f572ce/operationresults/eyJqb2JJZCI6IlJFU09VUkNFR1JPVVBERUxFVElPTkpPQi1QUzQyNzMtRUFTVFVTMkVVQVAiLCJqb2JMb2NhdGlvbiI6ImVhc3R1czJldWFwIn0?api-version=2016-09-01"
        ],
        "Retry-After": [
          "15"
        ],
        "x-ms-ratelimit-remaining-subscription-reads": [
          "11711"
        ],
        "x-ms-request-id": [
          "4a789f75-bd33-4324-859d-ad5f906ebbf6"
        ],
        "x-ms-correlation-request-id": [
          "4a789f75-bd33-4324-859d-ad5f906ebbf6"
        ],
        "x-ms-routing-request-id": [
          "BRAZILUS:20190408T110248Z:4a789f75-bd33-4324-859d-ad5f906ebbf6"
        ],
        "Strict-Transport-Security": [
          "max-age=31536000; includeSubDomains"
        ],
        "X-Content-Type-Options": [
          "nosniff"
        ],
        "Date": [
          "Mon, 08 Apr 2019 11:02:48 GMT"
        ],
        "Expires": [
          "-1"
        ],
        "Content-Length": [
          "0"
        ]
      },
      "ResponseBody": "",
      "StatusCode": 202
    },
    {
      "RequestUri": "/subscriptions/947d47b4-7883-4bb9-9d85-c5e8e2f572ce/operationresults/eyJqb2JJZCI6IlJFU09VUkNFR1JPVVBERUxFVElPTkpPQi1QUzQyNzMtRUFTVFVTMkVVQVAiLCJqb2JMb2NhdGlvbiI6ImVhc3R1czJldWFwIn0?api-version=2016-09-01",
      "EncodedRequestUri": "L3N1YnNjcmlwdGlvbnMvOTQ3ZDQ3YjQtNzg4My00YmI5LTlkODUtYzVlOGUyZjU3MmNlL29wZXJhdGlvbnJlc3VsdHMvZXlKcWIySkpaQ0k2SWxKRlUwOVZVa05GUjFKUFZWQkVSVXhGVkVsUFRrcFBRaTFRVXpReU56TXRSVUZUVkZWVE1rVlZRVkFpTENKcWIySk1iMk5oZEdsdmJpSTZJbVZoYzNSMWN6SmxkV0Z3SW4wP2FwaS12ZXJzaW9uPTIwMTYtMDktMDE=",
      "RequestMethod": "GET",
      "RequestBody": "",
      "RequestHeaders": {
        "User-Agent": [
          "FxVersion/4.6.27414.06",
          "OSName/Windows",
          "OSVersion/Microsoft.Windows.10.0.17763.",
          "Microsoft.Azure.Management.Internal.Resources.ResourceManagementClient/1.1.18"
        ]
      },
      "ResponseHeaders": {
        "Cache-Control": [
          "no-cache"
        ],
        "Pragma": [
          "no-cache"
        ],
        "Location": [
          "https://brazilus.management.azure.com/subscriptions/947d47b4-7883-4bb9-9d85-c5e8e2f572ce/operationresults/eyJqb2JJZCI6IlJFU09VUkNFR1JPVVBERUxFVElPTkpPQi1QUzQyNzMtRUFTVFVTMkVVQVAiLCJqb2JMb2NhdGlvbiI6ImVhc3R1czJldWFwIn0?api-version=2016-09-01"
        ],
        "Retry-After": [
          "15"
        ],
        "x-ms-ratelimit-remaining-subscription-reads": [
          "11709"
        ],
        "x-ms-request-id": [
          "63c9e9d4-462b-43e4-8ba1-7bde55ec9184"
        ],
        "x-ms-correlation-request-id": [
          "63c9e9d4-462b-43e4-8ba1-7bde55ec9184"
        ],
        "x-ms-routing-request-id": [
          "BRAZILUS:20190408T110303Z:63c9e9d4-462b-43e4-8ba1-7bde55ec9184"
        ],
        "Strict-Transport-Security": [
          "max-age=31536000; includeSubDomains"
        ],
        "X-Content-Type-Options": [
          "nosniff"
        ],
        "Date": [
          "Mon, 08 Apr 2019 11:03:03 GMT"
        ],
        "Expires": [
          "-1"
        ],
        "Content-Length": [
          "0"
        ]
      },
      "ResponseBody": "",
      "StatusCode": 202
    },
    {
      "RequestUri": "/subscriptions/947d47b4-7883-4bb9-9d85-c5e8e2f572ce/operationresults/eyJqb2JJZCI6IlJFU09VUkNFR1JPVVBERUxFVElPTkpPQi1QUzQyNzMtRUFTVFVTMkVVQVAiLCJqb2JMb2NhdGlvbiI6ImVhc3R1czJldWFwIn0?api-version=2016-09-01",
      "EncodedRequestUri": "L3N1YnNjcmlwdGlvbnMvOTQ3ZDQ3YjQtNzg4My00YmI5LTlkODUtYzVlOGUyZjU3MmNlL29wZXJhdGlvbnJlc3VsdHMvZXlKcWIySkpaQ0k2SWxKRlUwOVZVa05GUjFKUFZWQkVSVXhGVkVsUFRrcFBRaTFRVXpReU56TXRSVUZUVkZWVE1rVlZRVkFpTENKcWIySk1iMk5oZEdsdmJpSTZJbVZoYzNSMWN6SmxkV0Z3SW4wP2FwaS12ZXJzaW9uPTIwMTYtMDktMDE=",
      "RequestMethod": "GET",
      "RequestBody": "",
      "RequestHeaders": {
        "User-Agent": [
          "FxVersion/4.6.27414.06",
          "OSName/Windows",
          "OSVersion/Microsoft.Windows.10.0.17763.",
          "Microsoft.Azure.Management.Internal.Resources.ResourceManagementClient/1.1.18"
        ]
      },
      "ResponseHeaders": {
        "Cache-Control": [
          "no-cache"
        ],
        "Pragma": [
          "no-cache"
        ],
        "Location": [
          "https://brazilus.management.azure.com/subscriptions/947d47b4-7883-4bb9-9d85-c5e8e2f572ce/operationresults/eyJqb2JJZCI6IlJFU09VUkNFR1JPVVBERUxFVElPTkpPQi1QUzQyNzMtRUFTVFVTMkVVQVAiLCJqb2JMb2NhdGlvbiI6ImVhc3R1czJldWFwIn0?api-version=2016-09-01"
        ],
        "Retry-After": [
          "15"
        ],
        "x-ms-ratelimit-remaining-subscription-reads": [
          "11707"
        ],
        "x-ms-request-id": [
          "49446e59-aba6-4c9e-86d9-807f9326dbc9"
        ],
        "x-ms-correlation-request-id": [
          "49446e59-aba6-4c9e-86d9-807f9326dbc9"
        ],
        "x-ms-routing-request-id": [
          "BRAZILUS:20190408T110318Z:49446e59-aba6-4c9e-86d9-807f9326dbc9"
        ],
        "Strict-Transport-Security": [
          "max-age=31536000; includeSubDomains"
        ],
        "X-Content-Type-Options": [
          "nosniff"
        ],
        "Date": [
          "Mon, 08 Apr 2019 11:03:18 GMT"
        ],
        "Expires": [
          "-1"
        ],
        "Content-Length": [
          "0"
        ]
      },
      "ResponseBody": "",
      "StatusCode": 202
    },
    {
      "RequestUri": "/subscriptions/947d47b4-7883-4bb9-9d85-c5e8e2f572ce/operationresults/eyJqb2JJZCI6IlJFU09VUkNFR1JPVVBERUxFVElPTkpPQi1QUzQyNzMtRUFTVFVTMkVVQVAiLCJqb2JMb2NhdGlvbiI6ImVhc3R1czJldWFwIn0?api-version=2016-09-01",
      "EncodedRequestUri": "L3N1YnNjcmlwdGlvbnMvOTQ3ZDQ3YjQtNzg4My00YmI5LTlkODUtYzVlOGUyZjU3MmNlL29wZXJhdGlvbnJlc3VsdHMvZXlKcWIySkpaQ0k2SWxKRlUwOVZVa05GUjFKUFZWQkVSVXhGVkVsUFRrcFBRaTFRVXpReU56TXRSVUZUVkZWVE1rVlZRVkFpTENKcWIySk1iMk5oZEdsdmJpSTZJbVZoYzNSMWN6SmxkV0Z3SW4wP2FwaS12ZXJzaW9uPTIwMTYtMDktMDE=",
      "RequestMethod": "GET",
      "RequestBody": "",
      "RequestHeaders": {
        "User-Agent": [
          "FxVersion/4.6.27414.06",
          "OSName/Windows",
          "OSVersion/Microsoft.Windows.10.0.17763.",
          "Microsoft.Azure.Management.Internal.Resources.ResourceManagementClient/1.1.18"
        ]
      },
      "ResponseHeaders": {
        "Cache-Control": [
          "no-cache"
        ],
        "Pragma": [
          "no-cache"
        ],
        "Location": [
          "https://brazilus.management.azure.com/subscriptions/947d47b4-7883-4bb9-9d85-c5e8e2f572ce/operationresults/eyJqb2JJZCI6IlJFU09VUkNFR1JPVVBERUxFVElPTkpPQi1QUzQyNzMtRUFTVFVTMkVVQVAiLCJqb2JMb2NhdGlvbiI6ImVhc3R1czJldWFwIn0?api-version=2016-09-01"
        ],
        "Retry-After": [
          "15"
        ],
        "x-ms-ratelimit-remaining-subscription-reads": [
          "11705"
        ],
        "x-ms-request-id": [
          "b1352749-21b0-4da3-9108-bf2a27b823c9"
        ],
        "x-ms-correlation-request-id": [
          "b1352749-21b0-4da3-9108-bf2a27b823c9"
        ],
        "x-ms-routing-request-id": [
          "BRAZILUS:20190408T110334Z:b1352749-21b0-4da3-9108-bf2a27b823c9"
        ],
        "Strict-Transport-Security": [
          "max-age=31536000; includeSubDomains"
        ],
        "X-Content-Type-Options": [
          "nosniff"
        ],
        "Date": [
          "Mon, 08 Apr 2019 11:03:34 GMT"
        ],
        "Expires": [
          "-1"
        ],
        "Content-Length": [
          "0"
        ]
      },
      "ResponseBody": "",
      "StatusCode": 202
    },
    {
      "RequestUri": "/subscriptions/947d47b4-7883-4bb9-9d85-c5e8e2f572ce/operationresults/eyJqb2JJZCI6IlJFU09VUkNFR1JPVVBERUxFVElPTkpPQi1QUzQyNzMtRUFTVFVTMkVVQVAiLCJqb2JMb2NhdGlvbiI6ImVhc3R1czJldWFwIn0?api-version=2016-09-01",
      "EncodedRequestUri": "L3N1YnNjcmlwdGlvbnMvOTQ3ZDQ3YjQtNzg4My00YmI5LTlkODUtYzVlOGUyZjU3MmNlL29wZXJhdGlvbnJlc3VsdHMvZXlKcWIySkpaQ0k2SWxKRlUwOVZVa05GUjFKUFZWQkVSVXhGVkVsUFRrcFBRaTFRVXpReU56TXRSVUZUVkZWVE1rVlZRVkFpTENKcWIySk1iMk5oZEdsdmJpSTZJbVZoYzNSMWN6SmxkV0Z3SW4wP2FwaS12ZXJzaW9uPTIwMTYtMDktMDE=",
      "RequestMethod": "GET",
      "RequestBody": "",
      "RequestHeaders": {
        "User-Agent": [
          "FxVersion/4.6.27414.06",
          "OSName/Windows",
          "OSVersion/Microsoft.Windows.10.0.17763.",
          "Microsoft.Azure.Management.Internal.Resources.ResourceManagementClient/1.1.18"
        ]
      },
      "ResponseHeaders": {
        "Cache-Control": [
          "no-cache"
        ],
        "Pragma": [
          "no-cache"
        ],
        "Location": [
          "https://brazilus.management.azure.com/subscriptions/947d47b4-7883-4bb9-9d85-c5e8e2f572ce/operationresults/eyJqb2JJZCI6IlJFU09VUkNFR1JPVVBERUxFVElPTkpPQi1QUzQyNzMtRUFTVFVTMkVVQVAiLCJqb2JMb2NhdGlvbiI6ImVhc3R1czJldWFwIn0?api-version=2016-09-01"
        ],
        "Retry-After": [
          "15"
        ],
        "x-ms-ratelimit-remaining-subscription-reads": [
          "11703"
        ],
        "x-ms-request-id": [
          "d7deaf04-5412-4b64-824c-5d10d5969ff0"
        ],
        "x-ms-correlation-request-id": [
          "d7deaf04-5412-4b64-824c-5d10d5969ff0"
        ],
        "x-ms-routing-request-id": [
          "BRAZILUS:20190408T110349Z:d7deaf04-5412-4b64-824c-5d10d5969ff0"
        ],
        "Strict-Transport-Security": [
          "max-age=31536000; includeSubDomains"
        ],
        "X-Content-Type-Options": [
          "nosniff"
        ],
        "Date": [
          "Mon, 08 Apr 2019 11:03:48 GMT"
        ],
        "Expires": [
          "-1"
        ],
        "Content-Length": [
          "0"
        ]
      },
      "ResponseBody": "",
      "StatusCode": 202
    },
    {
      "RequestUri": "/subscriptions/947d47b4-7883-4bb9-9d85-c5e8e2f572ce/operationresults/eyJqb2JJZCI6IlJFU09VUkNFR1JPVVBERUxFVElPTkpPQi1QUzQyNzMtRUFTVFVTMkVVQVAiLCJqb2JMb2NhdGlvbiI6ImVhc3R1czJldWFwIn0?api-version=2016-09-01",
      "EncodedRequestUri": "L3N1YnNjcmlwdGlvbnMvOTQ3ZDQ3YjQtNzg4My00YmI5LTlkODUtYzVlOGUyZjU3MmNlL29wZXJhdGlvbnJlc3VsdHMvZXlKcWIySkpaQ0k2SWxKRlUwOVZVa05GUjFKUFZWQkVSVXhGVkVsUFRrcFBRaTFRVXpReU56TXRSVUZUVkZWVE1rVlZRVkFpTENKcWIySk1iMk5oZEdsdmJpSTZJbVZoYzNSMWN6SmxkV0Z3SW4wP2FwaS12ZXJzaW9uPTIwMTYtMDktMDE=",
      "RequestMethod": "GET",
      "RequestBody": "",
      "RequestHeaders": {
        "User-Agent": [
          "FxVersion/4.6.27414.06",
          "OSName/Windows",
          "OSVersion/Microsoft.Windows.10.0.17763.",
          "Microsoft.Azure.Management.Internal.Resources.ResourceManagementClient/1.1.18"
        ]
      },
      "ResponseHeaders": {
        "Cache-Control": [
          "no-cache"
        ],
        "Pragma": [
          "no-cache"
        ],
        "Location": [
          "https://brazilus.management.azure.com/subscriptions/947d47b4-7883-4bb9-9d85-c5e8e2f572ce/operationresults/eyJqb2JJZCI6IlJFU09VUkNFR1JPVVBERUxFVElPTkpPQi1QUzQyNzMtRUFTVFVTMkVVQVAiLCJqb2JMb2NhdGlvbiI6ImVhc3R1czJldWFwIn0?api-version=2016-09-01"
        ],
        "Retry-After": [
          "15"
        ],
        "x-ms-ratelimit-remaining-subscription-reads": [
          "11700"
        ],
        "x-ms-request-id": [
          "1e38cbf5-37c7-4116-a1cd-f921c0561285"
        ],
        "x-ms-correlation-request-id": [
          "1e38cbf5-37c7-4116-a1cd-f921c0561285"
        ],
        "x-ms-routing-request-id": [
          "BRAZILUS:20190408T110404Z:1e38cbf5-37c7-4116-a1cd-f921c0561285"
        ],
        "Strict-Transport-Security": [
          "max-age=31536000; includeSubDomains"
        ],
        "X-Content-Type-Options": [
          "nosniff"
        ],
        "Date": [
          "Mon, 08 Apr 2019 11:04:04 GMT"
        ],
        "Expires": [
          "-1"
        ],
        "Content-Length": [
          "0"
        ]
      },
      "ResponseBody": "",
      "StatusCode": 202
    },
    {
      "RequestUri": "/subscriptions/947d47b4-7883-4bb9-9d85-c5e8e2f572ce/operationresults/eyJqb2JJZCI6IlJFU09VUkNFR1JPVVBERUxFVElPTkpPQi1QUzQyNzMtRUFTVFVTMkVVQVAiLCJqb2JMb2NhdGlvbiI6ImVhc3R1czJldWFwIn0?api-version=2016-09-01",
      "EncodedRequestUri": "L3N1YnNjcmlwdGlvbnMvOTQ3ZDQ3YjQtNzg4My00YmI5LTlkODUtYzVlOGUyZjU3MmNlL29wZXJhdGlvbnJlc3VsdHMvZXlKcWIySkpaQ0k2SWxKRlUwOVZVa05GUjFKUFZWQkVSVXhGVkVsUFRrcFBRaTFRVXpReU56TXRSVUZUVkZWVE1rVlZRVkFpTENKcWIySk1iMk5oZEdsdmJpSTZJbVZoYzNSMWN6SmxkV0Z3SW4wP2FwaS12ZXJzaW9uPTIwMTYtMDktMDE=",
      "RequestMethod": "GET",
      "RequestBody": "",
      "RequestHeaders": {
        "User-Agent": [
          "FxVersion/4.6.27414.06",
          "OSName/Windows",
          "OSVersion/Microsoft.Windows.10.0.17763.",
          "Microsoft.Azure.Management.Internal.Resources.ResourceManagementClient/1.1.18"
        ]
      },
      "ResponseHeaders": {
        "Cache-Control": [
          "no-cache"
        ],
        "Pragma": [
          "no-cache"
        ],
        "Location": [
          "https://brazilus.management.azure.com/subscriptions/947d47b4-7883-4bb9-9d85-c5e8e2f572ce/operationresults/eyJqb2JJZCI6IlJFU09VUkNFR1JPVVBERUxFVElPTkpPQi1QUzQyNzMtRUFTVFVTMkVVQVAiLCJqb2JMb2NhdGlvbiI6ImVhc3R1czJldWFwIn0?api-version=2016-09-01"
        ],
        "Retry-After": [
          "15"
        ],
        "x-ms-ratelimit-remaining-subscription-reads": [
          "11699"
        ],
        "x-ms-request-id": [
          "4d6a2a5b-4400-4052-bbac-6cdcf1a98b96"
        ],
        "x-ms-correlation-request-id": [
          "4d6a2a5b-4400-4052-bbac-6cdcf1a98b96"
        ],
        "x-ms-routing-request-id": [
          "BRAZILUS:20190408T110419Z:4d6a2a5b-4400-4052-bbac-6cdcf1a98b96"
        ],
        "Strict-Transport-Security": [
          "max-age=31536000; includeSubDomains"
        ],
        "X-Content-Type-Options": [
          "nosniff"
        ],
        "Date": [
          "Mon, 08 Apr 2019 11:04:18 GMT"
        ],
        "Expires": [
          "-1"
        ],
        "Content-Length": [
          "0"
        ]
      },
      "ResponseBody": "",
      "StatusCode": 202
    },
    {
      "RequestUri": "/subscriptions/947d47b4-7883-4bb9-9d85-c5e8e2f572ce/operationresults/eyJqb2JJZCI6IlJFU09VUkNFR1JPVVBERUxFVElPTkpPQi1QUzQyNzMtRUFTVFVTMkVVQVAiLCJqb2JMb2NhdGlvbiI6ImVhc3R1czJldWFwIn0?api-version=2016-09-01",
      "EncodedRequestUri": "L3N1YnNjcmlwdGlvbnMvOTQ3ZDQ3YjQtNzg4My00YmI5LTlkODUtYzVlOGUyZjU3MmNlL29wZXJhdGlvbnJlc3VsdHMvZXlKcWIySkpaQ0k2SWxKRlUwOVZVa05GUjFKUFZWQkVSVXhGVkVsUFRrcFBRaTFRVXpReU56TXRSVUZUVkZWVE1rVlZRVkFpTENKcWIySk1iMk5oZEdsdmJpSTZJbVZoYzNSMWN6SmxkV0Z3SW4wP2FwaS12ZXJzaW9uPTIwMTYtMDktMDE=",
      "RequestMethod": "GET",
      "RequestBody": "",
      "RequestHeaders": {
        "User-Agent": [
          "FxVersion/4.6.27414.06",
          "OSName/Windows",
          "OSVersion/Microsoft.Windows.10.0.17763.",
          "Microsoft.Azure.Management.Internal.Resources.ResourceManagementClient/1.1.18"
        ]
      },
      "ResponseHeaders": {
        "Cache-Control": [
          "no-cache"
        ],
        "Pragma": [
          "no-cache"
        ],
        "Location": [
          "https://brazilus.management.azure.com/subscriptions/947d47b4-7883-4bb9-9d85-c5e8e2f572ce/operationresults/eyJqb2JJZCI6IlJFU09VUkNFR1JPVVBERUxFVElPTkpPQi1QUzQyNzMtRUFTVFVTMkVVQVAiLCJqb2JMb2NhdGlvbiI6ImVhc3R1czJldWFwIn0?api-version=2016-09-01"
        ],
        "Retry-After": [
          "15"
        ],
        "x-ms-ratelimit-remaining-subscription-reads": [
          "11696"
        ],
        "x-ms-request-id": [
          "7797356b-4e12-4033-92ad-ffcfddced5c3"
        ],
        "x-ms-correlation-request-id": [
          "7797356b-4e12-4033-92ad-ffcfddced5c3"
        ],
        "x-ms-routing-request-id": [
          "BRAZILUS:20190408T110435Z:7797356b-4e12-4033-92ad-ffcfddced5c3"
        ],
        "Strict-Transport-Security": [
          "max-age=31536000; includeSubDomains"
        ],
        "X-Content-Type-Options": [
          "nosniff"
        ],
        "Date": [
          "Mon, 08 Apr 2019 11:04:34 GMT"
        ],
        "Expires": [
          "-1"
        ],
        "Content-Length": [
          "0"
        ]
      },
      "ResponseBody": "",
      "StatusCode": 202
    },
    {
      "RequestUri": "/subscriptions/947d47b4-7883-4bb9-9d85-c5e8e2f572ce/operationresults/eyJqb2JJZCI6IlJFU09VUkNFR1JPVVBERUxFVElPTkpPQi1QUzQyNzMtRUFTVFVTMkVVQVAiLCJqb2JMb2NhdGlvbiI6ImVhc3R1czJldWFwIn0?api-version=2016-09-01",
      "EncodedRequestUri": "L3N1YnNjcmlwdGlvbnMvOTQ3ZDQ3YjQtNzg4My00YmI5LTlkODUtYzVlOGUyZjU3MmNlL29wZXJhdGlvbnJlc3VsdHMvZXlKcWIySkpaQ0k2SWxKRlUwOVZVa05GUjFKUFZWQkVSVXhGVkVsUFRrcFBRaTFRVXpReU56TXRSVUZUVkZWVE1rVlZRVkFpTENKcWIySk1iMk5oZEdsdmJpSTZJbVZoYzNSMWN6SmxkV0Z3SW4wP2FwaS12ZXJzaW9uPTIwMTYtMDktMDE=",
      "RequestMethod": "GET",
      "RequestBody": "",
      "RequestHeaders": {
        "User-Agent": [
          "FxVersion/4.6.27414.06",
          "OSName/Windows",
          "OSVersion/Microsoft.Windows.10.0.17763.",
          "Microsoft.Azure.Management.Internal.Resources.ResourceManagementClient/1.1.18"
        ]
      },
      "ResponseHeaders": {
        "Cache-Control": [
          "no-cache"
        ],
        "Pragma": [
          "no-cache"
        ],
        "x-ms-ratelimit-remaining-subscription-reads": [
          "11695"
        ],
        "x-ms-request-id": [
          "3918d06c-4133-47a3-a3ed-5ba11466c423"
        ],
        "x-ms-correlation-request-id": [
          "3918d06c-4133-47a3-a3ed-5ba11466c423"
        ],
        "x-ms-routing-request-id": [
          "BRAZILUS:20190408T110450Z:3918d06c-4133-47a3-a3ed-5ba11466c423"
        ],
        "Strict-Transport-Security": [
          "max-age=31536000; includeSubDomains"
        ],
        "X-Content-Type-Options": [
          "nosniff"
        ],
        "Date": [
          "Mon, 08 Apr 2019 11:04:49 GMT"
        ],
        "Expires": [
          "-1"
        ],
        "Content-Length": [
          "0"
        ]
      },
      "ResponseBody": "",
      "StatusCode": 200
    },
    {
      "RequestUri": "/subscriptions/947d47b4-7883-4bb9-9d85-c5e8e2f572ce/operationresults/eyJqb2JJZCI6IlJFU09VUkNFR1JPVVBERUxFVElPTkpPQi1QUzQyNzMtRUFTVFVTMkVVQVAiLCJqb2JMb2NhdGlvbiI6ImVhc3R1czJldWFwIn0?api-version=2016-09-01",
      "EncodedRequestUri": "L3N1YnNjcmlwdGlvbnMvOTQ3ZDQ3YjQtNzg4My00YmI5LTlkODUtYzVlOGUyZjU3MmNlL29wZXJhdGlvbnJlc3VsdHMvZXlKcWIySkpaQ0k2SWxKRlUwOVZVa05GUjFKUFZWQkVSVXhGVkVsUFRrcFBRaTFRVXpReU56TXRSVUZUVkZWVE1rVlZRVkFpTENKcWIySk1iMk5oZEdsdmJpSTZJbVZoYzNSMWN6SmxkV0Z3SW4wP2FwaS12ZXJzaW9uPTIwMTYtMDktMDE=",
      "RequestMethod": "GET",
      "RequestBody": "",
      "RequestHeaders": {
        "User-Agent": [
          "FxVersion/4.6.27414.06",
          "OSName/Windows",
          "OSVersion/Microsoft.Windows.10.0.17763.",
          "Microsoft.Azure.Management.Internal.Resources.ResourceManagementClient/1.1.18"
        ]
      },
      "ResponseHeaders": {
        "Cache-Control": [
          "no-cache"
        ],
        "Pragma": [
          "no-cache"
        ],
        "x-ms-ratelimit-remaining-subscription-reads": [
          "11694"
        ],
        "x-ms-request-id": [
          "5efc7233-1e13-47fd-8b06-8dddedfb7ea6"
        ],
        "x-ms-correlation-request-id": [
          "5efc7233-1e13-47fd-8b06-8dddedfb7ea6"
        ],
        "x-ms-routing-request-id": [
          "BRAZILUS:20190408T110450Z:5efc7233-1e13-47fd-8b06-8dddedfb7ea6"
        ],
        "Strict-Transport-Security": [
          "max-age=31536000; includeSubDomains"
        ],
        "X-Content-Type-Options": [
          "nosniff"
        ],
        "Date": [
          "Mon, 08 Apr 2019 11:04:50 GMT"
        ],
        "Expires": [
          "-1"
        ],
        "Content-Length": [
          "0"
        ]
      },
      "ResponseBody": "",
      "StatusCode": 200
    }
  ],
  "Names": {
    "Test-InboundNatPoolCRUDAllParameters": [
      "ps4273",
      "ps7523"
    ]
  },
  "Variables": {
    "SubscriptionId": "947d47b4-7883-4bb9-9d85-c5e8e2f572ce"
  }
}