{
  "Entries": [
    {
      "RequestUri": "/subscriptions/6368ed38-3570-481f-b4fa-1d0a6e8d3f3b/resources?$filter=resourceType%20eq%20'Microsoft.Batch%2FbatchAccounts'&api-version=2014-04-01-preview",
      "EncodedRequestUri": "L3N1YnNjcmlwdGlvbnMvNjM2OGVkMzgtMzU3MC00ODFmLWI0ZmEtMWQwYTZlOGQzZjNiL3Jlc291cmNlcz8kZmlsdGVyPXJlc291cmNlVHlwZSUyMGVxJTIwJ01pY3Jvc29mdC5CYXRjaCUyRmJhdGNoQWNjb3VudHMnJmFwaS12ZXJzaW9uPTIwMTQtMDQtMDEtcHJldmlldw==",
      "RequestMethod": "GET",
      "RequestBody": "",
      "RequestHeaders": {
        "User-Agent": [
          "Microsoft.Azure.Management.Resources.ResourceManagementClient/2.0.0.0"
        ]
      },
      "ResponseBody": "{\r\n  \"value\": [\r\n    {\r\n      \"id\": \"/subscriptions/6368ed38-3570-481f-b4fa-1d0a6e8d3f3b/resourceGroups/default-azurebatch-eastus/providers/Microsoft.Batch/batchAccounts/pstests\",\r\n      \"name\": \"pstests\",\r\n      \"type\": \"Microsoft.Batch/batchAccounts\",\r\n      \"location\": \"eastus\"\r\n    }\r\n  ]\r\n}",
      "ResponseHeaders": {
        "Content-Length": [
          "237"
        ],
        "Content-Type": [
          "application/json; charset=utf-8"
        ],
        "Expires": [
          "-1"
        ],
        "Pragma": [
          "no-cache"
        ],
        "x-ms-ratelimit-remaining-subscription-reads": [
          "14999"
        ],
        "x-ms-request-id": [
          "5d9a203b-da3d-42c8-9713-a564eabe5232"
        ],
        "x-ms-correlation-request-id": [
          "5d9a203b-da3d-42c8-9713-a564eabe5232"
        ],
        "x-ms-routing-request-id": [
          "CENTRALUS:20151027T162556Z:5d9a203b-da3d-42c8-9713-a564eabe5232"
        ],
        "Strict-Transport-Security": [
          "max-age=31536000; includeSubDomains"
        ],
        "Cache-Control": [
          "no-cache"
        ],
        "Date": [
          "Tue, 27 Oct 2015 16:25:56 GMT"
        ]
      },
      "StatusCode": 200
    },
    {
      "RequestUri": "/subscriptions/6368ed38-3570-481f-b4fa-1d0a6e8d3f3b/resources?$filter=resourceType%20eq%20'Microsoft.Batch%2FbatchAccounts'&api-version=2014-04-01-preview",
      "EncodedRequestUri": "L3N1YnNjcmlwdGlvbnMvNjM2OGVkMzgtMzU3MC00ODFmLWI0ZmEtMWQwYTZlOGQzZjNiL3Jlc291cmNlcz8kZmlsdGVyPXJlc291cmNlVHlwZSUyMGVxJTIwJ01pY3Jvc29mdC5CYXRjaCUyRmJhdGNoQWNjb3VudHMnJmFwaS12ZXJzaW9uPTIwMTQtMDQtMDEtcHJldmlldw==",
      "RequestMethod": "GET",
      "RequestBody": "",
      "RequestHeaders": {
        "User-Agent": [
          "Microsoft.Azure.Management.Resources.ResourceManagementClient/2.0.0.0"
        ]
      },
      "ResponseBody": "{\r\n  \"value\": [\r\n    {\r\n      \"id\": \"/subscriptions/6368ed38-3570-481f-b4fa-1d0a6e8d3f3b/resourceGroups/default-azurebatch-eastus/providers/Microsoft.Batch/batchAccounts/pstests\",\r\n      \"name\": \"pstests\",\r\n      \"type\": \"Microsoft.Batch/batchAccounts\",\r\n      \"location\": \"eastus\"\r\n    }\r\n  ]\r\n}",
      "ResponseHeaders": {
        "Content-Length": [
          "237"
        ],
        "Content-Type": [
          "application/json; charset=utf-8"
        ],
        "Expires": [
          "-1"
        ],
        "Pragma": [
          "no-cache"
        ],
        "x-ms-ratelimit-remaining-subscription-reads": [
          "14998"
        ],
        "x-ms-request-id": [
          "a98844fc-f495-440a-8e08-7f4d440a3f6b"
        ],
        "x-ms-correlation-request-id": [
          "a98844fc-f495-440a-8e08-7f4d440a3f6b"
        ],
        "x-ms-routing-request-id": [
          "CENTRALUS:20151027T162602Z:a98844fc-f495-440a-8e08-7f4d440a3f6b"
        ],
        "Strict-Transport-Security": [
          "max-age=31536000; includeSubDomains"
        ],
        "Cache-Control": [
          "no-cache"
        ],
        "Date": [
          "Tue, 27 Oct 2015 16:26:02 GMT"
        ]
      },
      "StatusCode": 200
    },
    {
      "RequestUri": "/subscriptions/6368ed38-3570-481f-b4fa-1d0a6e8d3f3b/resourceGroups/default-azurebatch-eastus/providers/Microsoft.Batch/batchAccounts/pstests?api-version=2015-09-01",
      "EncodedRequestUri": "L3N1YnNjcmlwdGlvbnMvNjM2OGVkMzgtMzU3MC00ODFmLWI0ZmEtMWQwYTZlOGQzZjNiL3Jlc291cmNlR3JvdXBzL2RlZmF1bHQtYXp1cmViYXRjaC1lYXN0dXMvcHJvdmlkZXJzL01pY3Jvc29mdC5CYXRjaC9iYXRjaEFjY291bnRzL3BzdGVzdHM/YXBpLXZlcnNpb249MjAxNS0wOS0wMQ==",
      "RequestMethod": "GET",
      "RequestBody": "",
      "RequestHeaders": {
        "x-ms-version": [
          "2015-09-01"
        ],
        "User-Agent": [
          "Microsoft.Azure.Management.Batch.BatchManagementClient/1.0.0.0"
        ]
      },
      "ResponseBody": "{\r\n  \"name\": \"pstests\",\r\n  \"location\": \"eastus\",\r\n  \"properties\": {\r\n    \"accountEndpoint\": \"pstests.eastus.batch.azure.com\",\r\n    \"provisioningState\": \"Succeeded\",\r\n    \"coreQuota\": 20,\r\n    \"poolQuota\": 20,\r\n    \"activeJobAndJobScheduleQuota\": 20\r\n  },\r\n  \"id\": \"/subscriptions/6368ed38-3570-481f-b4fa-1d0a6e8d3f3b/resourceGroups/default-azurebatch-eastus/providers/Microsoft.Batch/batchAccounts/pstests\",\r\n  \"type\": \"Microsoft.Batch/batchAccounts\"\r\n}",
      "ResponseHeaders": {
        "Content-Length": [
          "387"
        ],
        "Content-Type": [
          "application/json; charset=utf-8"
        ],
        "Expires": [
          "-1"
        ],
        "Last-Modified": [
          "Tue, 27 Oct 2015 16:25:57 GMT"
        ],
        "Pragma": [
          "no-cache"
        ],
        "request-id": [
          "6b0aa760-50eb-4312-b7f5-be6d01a27d8d"
        ],
        "Strict-Transport-Security": [
          "max-age=31536000; includeSubDomains"
        ],
        "x-ms-ratelimit-remaining-subscription-reads": [
          "14999"
        ],
        "x-ms-request-id": [
          "12db4a05-3f05-4606-a4cc-7aea86269ee2"
        ],
        "x-ms-correlation-request-id": [
          "12db4a05-3f05-4606-a4cc-7aea86269ee2"
        ],
        "x-ms-routing-request-id": [
          "CENTRALUS:20151027T162557Z:12db4a05-3f05-4606-a4cc-7aea86269ee2"
        ],
        "Cache-Control": [
          "no-cache"
        ],
        "Date": [
          "Tue, 27 Oct 2015 16:25:57 GMT"
        ],
        "ETag": [
          "0x8D2DEEB4B7846AA"
        ],
        "Server": [
          "Microsoft-HTTPAPI/2.0"
        ]
      },
      "StatusCode": 200
    },
    {
      "RequestUri": "/subscriptions/6368ed38-3570-481f-b4fa-1d0a6e8d3f3b/resourceGroups/default-azurebatch-eastus/providers/Microsoft.Batch/batchAccounts/pstests?api-version=2015-09-01",
      "EncodedRequestUri": "L3N1YnNjcmlwdGlvbnMvNjM2OGVkMzgtMzU3MC00ODFmLWI0ZmEtMWQwYTZlOGQzZjNiL3Jlc291cmNlR3JvdXBzL2RlZmF1bHQtYXp1cmViYXRjaC1lYXN0dXMvcHJvdmlkZXJzL01pY3Jvc29mdC5CYXRjaC9iYXRjaEFjY291bnRzL3BzdGVzdHM/YXBpLXZlcnNpb249MjAxNS0wOS0wMQ==",
      "RequestMethod": "GET",
      "RequestBody": "",
      "RequestHeaders": {
        "x-ms-version": [
          "2015-09-01"
        ],
        "User-Agent": [
          "Microsoft.Azure.Management.Batch.BatchManagementClient/1.0.0.0"
        ]
      },
      "ResponseBody": "{\r\n  \"name\": \"pstests\",\r\n  \"location\": \"eastus\",\r\n  \"properties\": {\r\n    \"accountEndpoint\": \"pstests.eastus.batch.azure.com\",\r\n    \"provisioningState\": \"Succeeded\",\r\n    \"coreQuota\": 20,\r\n    \"poolQuota\": 20,\r\n    \"activeJobAndJobScheduleQuota\": 20\r\n  },\r\n  \"id\": \"/subscriptions/6368ed38-3570-481f-b4fa-1d0a6e8d3f3b/resourceGroups/default-azurebatch-eastus/providers/Microsoft.Batch/batchAccounts/pstests\",\r\n  \"type\": \"Microsoft.Batch/batchAccounts\"\r\n}",
      "ResponseHeaders": {
        "Content-Length": [
          "387"
        ],
        "Content-Type": [
          "application/json; charset=utf-8"
        ],
        "Expires": [
          "-1"
        ],
        "Last-Modified": [
          "Tue, 27 Oct 2015 16:26:02 GMT"
        ],
        "Pragma": [
          "no-cache"
        ],
        "request-id": [
          "0f0558a1-f86f-47fc-a83a-83a7936857e9"
        ],
        "Strict-Transport-Security": [
          "max-age=31536000; includeSubDomains"
        ],
        "x-ms-ratelimit-remaining-subscription-reads": [
          "14998"
        ],
        "x-ms-request-id": [
          "b20990dd-1185-4817-9fbd-9b267c5fe63c"
        ],
        "x-ms-correlation-request-id": [
          "b20990dd-1185-4817-9fbd-9b267c5fe63c"
        ],
        "x-ms-routing-request-id": [
          "CENTRALUS:20151027T162602Z:b20990dd-1185-4817-9fbd-9b267c5fe63c"
        ],
        "Cache-Control": [
          "no-cache"
        ],
        "Date": [
          "Tue, 27 Oct 2015 16:26:02 GMT"
        ],
        "ETag": [
          "0x8D2DEEB4E742904"
        ],
        "Server": [
          "Microsoft-HTTPAPI/2.0"
        ]
      },
      "StatusCode": 200
    },
    {
      "RequestUri": "/subscriptions/6368ed38-3570-481f-b4fa-1d0a6e8d3f3b/resourceGroups/default-azurebatch-eastus/providers/Microsoft.Batch/batchAccounts/pstests/listKeys?api-version=2015-09-01",
      "EncodedRequestUri": "L3N1YnNjcmlwdGlvbnMvNjM2OGVkMzgtMzU3MC00ODFmLWI0ZmEtMWQwYTZlOGQzZjNiL3Jlc291cmNlR3JvdXBzL2RlZmF1bHQtYXp1cmViYXRjaC1lYXN0dXMvcHJvdmlkZXJzL01pY3Jvc29mdC5CYXRjaC9iYXRjaEFjY291bnRzL3BzdGVzdHMvbGlzdEtleXM/YXBpLXZlcnNpb249MjAxNS0wOS0wMQ==",
      "RequestMethod": "POST",
      "RequestBody": "",
      "RequestHeaders": {
        "x-ms-version": [
          "2015-09-01"
        ],
        "User-Agent": [
          "Microsoft.Azure.Management.Batch.BatchManagementClient/1.0.0.0"
        ]
      },
      "ResponseBody": "{\r\n  \"accountName\": \"pstests\",\r\n  \"primary\": \"hIsQ4xSEK40UEhQPO1ixIV6kxX2Kd7WldCNgTOWFeYRU5EpnfeS5+ZuPNQZXuDalZYEFlgMZc2TkmF/PIBKhBg==\",\r\n  \"secondary\": \"zkP4SqUquW+Vc9Uwu6iAl/EfvrKiUzWznxunIdvDPGngakhTFrmysae7LEF0EI6BzqPrWHngaKzlsbKoQTcQdQ==\"\r\n}",
      "ResponseHeaders": {
        "Content-Length": [
          "229"
        ],
        "Content-Type": [
          "application/json; charset=utf-8"
        ],
        "Expires": [
          "-1"
        ],
        "Pragma": [
          "no-cache"
        ],
        "request-id": [
          "4035ffb7-9a71-4afa-9b63-48dfc0cfc5e9"
        ],
        "Strict-Transport-Security": [
          "max-age=31536000; includeSubDomains"
        ],
        "x-ms-ratelimit-remaining-subscription-writes": [
          "1199"
        ],
        "x-ms-request-id": [
          "d1dd0f6c-40af-4fc9-a58d-953dc03e7dce"
        ],
        "x-ms-correlation-request-id": [
          "d1dd0f6c-40af-4fc9-a58d-953dc03e7dce"
        ],
        "x-ms-routing-request-id": [
          "CENTRALUS:20151027T162557Z:d1dd0f6c-40af-4fc9-a58d-953dc03e7dce"
        ],
        "Cache-Control": [
          "no-cache"
        ],
        "Date": [
          "Tue, 27 Oct 2015 16:25:57 GMT"
        ],
        "Server": [
          "Microsoft-HTTPAPI/2.0"
        ]
      },
      "StatusCode": 200
    },
    {
      "RequestUri": "/subscriptions/6368ed38-3570-481f-b4fa-1d0a6e8d3f3b/resourceGroups/default-azurebatch-eastus/providers/Microsoft.Batch/batchAccounts/pstests/listKeys?api-version=2015-09-01",
      "EncodedRequestUri": "L3N1YnNjcmlwdGlvbnMvNjM2OGVkMzgtMzU3MC00ODFmLWI0ZmEtMWQwYTZlOGQzZjNiL3Jlc291cmNlR3JvdXBzL2RlZmF1bHQtYXp1cmViYXRjaC1lYXN0dXMvcHJvdmlkZXJzL01pY3Jvc29mdC5CYXRjaC9iYXRjaEFjY291bnRzL3BzdGVzdHMvbGlzdEtleXM/YXBpLXZlcnNpb249MjAxNS0wOS0wMQ==",
      "RequestMethod": "POST",
      "RequestBody": "",
      "RequestHeaders": {
        "x-ms-version": [
          "2015-09-01"
        ],
        "User-Agent": [
          "Microsoft.Azure.Management.Batch.BatchManagementClient/1.0.0.0"
        ]
      },
      "ResponseBody": "{\r\n  \"accountName\": \"pstests\",\r\n  \"primary\": \"hIsQ4xSEK40UEhQPO1ixIV6kxX2Kd7WldCNgTOWFeYRU5EpnfeS5+ZuPNQZXuDalZYEFlgMZc2TkmF/PIBKhBg==\",\r\n  \"secondary\": \"zkP4SqUquW+Vc9Uwu6iAl/EfvrKiUzWznxunIdvDPGngakhTFrmysae7LEF0EI6BzqPrWHngaKzlsbKoQTcQdQ==\"\r\n}",
      "ResponseHeaders": {
        "Content-Length": [
          "229"
        ],
        "Content-Type": [
          "application/json; charset=utf-8"
        ],
        "Expires": [
          "-1"
        ],
        "Pragma": [
          "no-cache"
        ],
        "request-id": [
          "bf9c797b-264e-4ca0-97e8-074be53bff07"
        ],
        "Strict-Transport-Security": [
          "max-age=31536000; includeSubDomains"
        ],
        "x-ms-ratelimit-remaining-subscription-writes": [
          "1198"
        ],
        "x-ms-request-id": [
          "dc947352-5edd-40ab-9a9f-7c46ae337a17"
        ],
        "x-ms-correlation-request-id": [
          "dc947352-5edd-40ab-9a9f-7c46ae337a17"
        ],
        "x-ms-routing-request-id": [
          "CENTRALUS:20151027T162603Z:dc947352-5edd-40ab-9a9f-7c46ae337a17"
        ],
        "Cache-Control": [
          "no-cache"
        ],
        "Date": [
          "Tue, 27 Oct 2015 16:26:02 GMT"
        ],
        "Server": [
          "Microsoft-HTTPAPI/2.0"
        ]
      },
      "StatusCode": 200
    },
    {
      "RequestUri": "/jobs?api-version=2015-06-01.2.0&timeout=30",
      "EncodedRequestUri": "L2pvYnM/YXBpLXZlcnNpb249MjAxNS0wNi0wMS4yLjAmdGltZW91dD0zMA==",
      "RequestMethod": "POST",
      "RequestBody": "{\r\n  \"id\": \"testId1\",\r\n  \"priority\": 0,\r\n  \"poolInfo\": {\r\n    \"poolId\": \"testPool\"\r\n  }\r\n}",
      "RequestHeaders": {
        "Content-Type": [
          "application/json; odata=minimalmetadata"
        ],
        "Content-Length": [
          "90"
        ],
        "client-request-id": [
          "b7a0ac83-8528-4357-852f-16e871891a75"
        ],
        "ocp-date": [
          "Tue, 27 Oct 2015 16:25:58 GMT"
        ],
        "return-client-request-id": [
          "true"
        ],
        "User-Agent": [
          "Microsoft.Azure.Batch.Protocol.BatchRestClient/2.0.2.0",
          "AzBatch/2.0.2.0"
        ]
      },
      "ResponseBody": "",
      "ResponseHeaders": {
        "Last-Modified": [
          "Tue, 27 Oct 2015 16:26:00 GMT"
        ],
        "Transfer-Encoding": [
          "chunked"
        ],
        "request-id": [
          "232247b5-de2c-406d-a849-33354b0b1ad2"
        ],
        "Strict-Transport-Security": [
          "max-age=31536000; includeSubDomains"
        ],
        "client-request-id": [
          "b7a0ac83-8528-4357-852f-16e871891a75"
        ],
        "DataServiceVersion": [
          "3.0"
        ],
        "DataServiceId": [
          "https://pstests.eastus.batch.azure.com/jobs/job-1"
        ],
        "Date": [
          "Tue, 27 Oct 2015 16:25:58 GMT"
        ],
        "ETag": [
          "0x8D2DEEB4CDABBBB"
        ],
        "Location": [
          "https://pstests.eastus.batch.azure.com/jobs/job-1"
        ],
        "Server": [
          "Microsoft-HTTPAPI/2.0"
        ]
      },
      "StatusCode": 201
    },
    {
      "RequestUri": "/jobs?api-version=2015-06-01.2.0&timeout=30",
      "EncodedRequestUri": "L2pvYnM/YXBpLXZlcnNpb249MjAxNS0wNi0wMS4yLjAmdGltZW91dD0zMA==",
      "RequestMethod": "POST",
      "RequestBody": "{\r\n  \"id\": \"testId2\",\r\n  \"priority\": 0,\r\n  \"poolInfo\": {\r\n    \"poolId\": \"testPool\"\r\n  }\r\n}",
      "RequestHeaders": {
        "Content-Type": [
          "application/json; odata=minimalmetadata"
        ],
        "Content-Length": [
          "90"
        ],
        "client-request-id": [
          "9404a103-5547-491c-a726-f72ae7da4f1c"
        ],
        "ocp-date": [
          "Tue, 27 Oct 2015 16:25:58 GMT"
        ],
        "return-client-request-id": [
          "true"
        ],
        "User-Agent": [
          "Microsoft.Azure.Batch.Protocol.BatchRestClient/2.0.2.0",
          "AzBatch/2.0.2.0"
        ]
      },
      "ResponseBody": "",
      "ResponseHeaders": {
        "Last-Modified": [
          "Tue, 27 Oct 2015 16:26:00 GMT"
        ],
        "Transfer-Encoding": [
          "chunked"
        ],
        "request-id": [
          "73a3435b-6181-4111-ab8b-0d41523a278a"
        ],
        "Strict-Transport-Security": [
          "max-age=31536000; includeSubDomains"
        ],
        "client-request-id": [
          "9404a103-5547-491c-a726-f72ae7da4f1c"
        ],
        "DataServiceVersion": [
          "3.0"
        ],
        "DataServiceId": [
          "https://pstests.eastus.batch.azure.com/jobs/job-1"
        ],
        "Date": [
          "Tue, 27 Oct 2015 16:25:58 GMT"
        ],
        "ETag": [
          "0x8D2DEEB4CFC0B99"
        ],
        "Location": [
          "https://pstests.eastus.batch.azure.com/jobs/job-1"
        ],
        "Server": [
          "Microsoft-HTTPAPI/2.0"
        ]
      },
      "StatusCode": 201
    },
    {
      "RequestUri": "/jobs?api-version=2015-06-01.2.0&timeout=30",
      "EncodedRequestUri": "L2pvYnM/YXBpLXZlcnNpb249MjAxNS0wNi0wMS4yLjAmdGltZW91dD0zMA==",
      "RequestMethod": "POST",
      "RequestBody": "{\r\n  \"id\": \"testId2\",\r\n  \"priority\": 0,\r\n  \"poolInfo\": {\r\n    \"poolId\": \"testPool\"\r\n  }\r\n}",
      "RequestHeaders": {
        "Content-Type": [
          "application/json; odata=minimalmetadata"
        ],
        "Content-Length": [
          "90"
        ],
        "client-request-id": [
          "9404a103-5547-491c-a726-f72ae7da4f1c"
        ],
        "ocp-date": [
          "Tue, 27 Oct 2015 16:25:58 GMT"
        ],
        "return-client-request-id": [
          "true"
        ],
        "User-Agent": [
          "Microsoft.Azure.Batch.Protocol.BatchRestClient/2.0.2.0",
          "AzBatch/2.0.2.0"
        ]
      },
      "ResponseBody": "",
      "ResponseHeaders": {
        "Last-Modified": [
          "Tue, 27 Oct 2015 16:26:00 GMT"
        ],
        "Transfer-Encoding": [
          "chunked"
        ],
        "request-id": [
          "73a3435b-6181-4111-ab8b-0d41523a278a"
        ],
        "Strict-Transport-Security": [
          "max-age=31536000; includeSubDomains"
        ],
        "client-request-id": [
          "9404a103-5547-491c-a726-f72ae7da4f1c"
        ],
        "DataServiceVersion": [
          "3.0"
        ],
        "DataServiceId": [
          "https://pstests.eastus.batch.azure.com/jobs/job-1"
        ],
        "Date": [
          "Tue, 27 Oct 2015 16:25:58 GMT"
        ],
        "ETag": [
          "0x8D2DEEB4CFC0B99"
        ],
        "Location": [
          "https://pstests.eastus.batch.azure.com/jobs/job-1"
        ],
        "Server": [
          "Microsoft-HTTPAPI/2.0"
        ]
      },
      "StatusCode": 201
    },
    {
      "RequestUri": "/jobs?api-version=2015-06-01.2.0&timeout=30",
      "EncodedRequestUri": "L2pvYnM/YXBpLXZlcnNpb249MjAxNS0wNi0wMS4yLjAmdGltZW91dD0zMA==",
      "RequestMethod": "POST",
      "RequestBody": "{\r\n  \"id\": \"thirdtestId\",\r\n  \"priority\": 0,\r\n  \"poolInfo\": {\r\n    \"poolId\": \"testPool\"\r\n  }\r\n}",
      "RequestHeaders": {
        "Content-Type": [
          "application/json; odata=minimalmetadata"
        ],
        "Content-Length": [
          "94"
        ],
        "client-request-id": [
          "b133e793-a05e-4b2a-a84c-aad0b59db693"
        ],
        "ocp-date": [
          "Tue, 27 Oct 2015 16:25:59 GMT"
        ],
        "return-client-request-id": [
          "true"
        ],
        "User-Agent": [
          "Microsoft.Azure.Batch.Protocol.BatchRestClient/2.0.2.0",
          "AzBatch/2.0.2.0"
        ]
      },
      "ResponseBody": "",
      "ResponseHeaders": {
        "Last-Modified": [
          "Tue, 27 Oct 2015 16:26:00 GMT"
        ],
        "Transfer-Encoding": [
          "chunked"
        ],
        "request-id": [
          "6d1c244c-273b-4d8f-bff4-c3802c438465"
        ],
        "Strict-Transport-Security": [
          "max-age=31536000; includeSubDomains"
        ],
        "client-request-id": [
          "b133e793-a05e-4b2a-a84c-aad0b59db693"
        ],
        "DataServiceVersion": [
          "3.0"
        ],
        "DataServiceId": [
          "https://pstests.eastus.batch.azure.com/jobs/job-1"
        ],
        "Date": [
          "Tue, 27 Oct 2015 16:25:58 GMT"
        ],
        "ETag": [
          "0x8D2DEEB4D204E2C"
        ],
        "Location": [
          "https://pstests.eastus.batch.azure.com/jobs/job-1"
        ],
        "Server": [
          "Microsoft-HTTPAPI/2.0"
        ]
      },
      "StatusCode": 201
    },
    {
      "RequestUri": "/jobs?api-version=2015-06-01.2.0&timeout=30",
      "EncodedRequestUri": "L2pvYnM/YXBpLXZlcnNpb249MjAxNS0wNi0wMS4yLjAmdGltZW91dD0zMA==",
      "RequestMethod": "POST",
      "RequestBody": "{\r\n  \"id\": \"thirdtestId\",\r\n  \"priority\": 0,\r\n  \"poolInfo\": {\r\n    \"poolId\": \"testPool\"\r\n  }\r\n}",
      "RequestHeaders": {
        "Content-Type": [
          "application/json; odata=minimalmetadata"
        ],
        "Content-Length": [
          "94"
        ],
        "client-request-id": [
          "b133e793-a05e-4b2a-a84c-aad0b59db693"
        ],
        "ocp-date": [
          "Tue, 27 Oct 2015 16:25:59 GMT"
        ],
        "return-client-request-id": [
          "true"
        ],
        "User-Agent": [
          "Microsoft.Azure.Batch.Protocol.BatchRestClient/2.0.2.0",
          "AzBatch/2.0.2.0"
        ]
      },
      "ResponseBody": "",
      "ResponseHeaders": {
        "Last-Modified": [
          "Tue, 27 Oct 2015 16:26:00 GMT"
        ],
        "Transfer-Encoding": [
          "chunked"
        ],
        "request-id": [
          "6d1c244c-273b-4d8f-bff4-c3802c438465"
        ],
        "Strict-Transport-Security": [
          "max-age=31536000; includeSubDomains"
        ],
        "client-request-id": [
          "b133e793-a05e-4b2a-a84c-aad0b59db693"
        ],
        "DataServiceVersion": [
          "3.0"
        ],
        "DataServiceId": [
          "https://pstests.eastus.batch.azure.com/jobs/job-1"
        ],
        "Date": [
          "Tue, 27 Oct 2015 16:25:58 GMT"
        ],
        "ETag": [
          "0x8D2DEEB4D204E2C"
        ],
        "Location": [
          "https://pstests.eastus.batch.azure.com/jobs/job-1"
        ],
        "Server": [
          "Microsoft-HTTPAPI/2.0"
        ]
      },
      "StatusCode": 201
    },
    {
      "RequestUri": "/jobs?api-version=2015-06-01.2.0&timeout=30",
      "EncodedRequestUri": "L2pvYnM/YXBpLXZlcnNpb249MjAxNS0wNi0wMS4yLjAmdGltZW91dD0zMA==",
      "RequestMethod": "POST",
      "RequestBody": "{\r\n  \"id\": \"thirdtestId\",\r\n  \"priority\": 0,\r\n  \"poolInfo\": {\r\n    \"poolId\": \"testPool\"\r\n  }\r\n}",
      "RequestHeaders": {
        "Content-Type": [
          "application/json; odata=minimalmetadata"
        ],
        "Content-Length": [
          "94"
        ],
        "client-request-id": [
          "b133e793-a05e-4b2a-a84c-aad0b59db693"
        ],
        "ocp-date": [
          "Tue, 27 Oct 2015 16:25:59 GMT"
        ],
        "return-client-request-id": [
          "true"
        ],
        "User-Agent": [
          "Microsoft.Azure.Batch.Protocol.BatchRestClient/2.0.2.0",
          "AzBatch/2.0.2.0"
        ]
      },
      "ResponseBody": "",
      "ResponseHeaders": {
        "Last-Modified": [
          "Tue, 27 Oct 2015 16:26:00 GMT"
        ],
        "Transfer-Encoding": [
          "chunked"
        ],
        "request-id": [
          "6d1c244c-273b-4d8f-bff4-c3802c438465"
        ],
        "Strict-Transport-Security": [
          "max-age=31536000; includeSubDomains"
        ],
        "client-request-id": [
          "b133e793-a05e-4b2a-a84c-aad0b59db693"
        ],
        "DataServiceVersion": [
          "3.0"
        ],
        "DataServiceId": [
          "https://pstests.eastus.batch.azure.com/jobs/job-1"
        ],
        "Date": [
          "Tue, 27 Oct 2015 16:25:58 GMT"
        ],
        "ETag": [
          "0x8D2DEEB4D204E2C"
        ],
        "Location": [
          "https://pstests.eastus.batch.azure.com/jobs/job-1"
        ],
        "Server": [
          "Microsoft-HTTPAPI/2.0"
        ]
      },
      "StatusCode": 201
    },
    {
      "RequestUri": "/jobs?api-version=2015-06-01.2.0&timeout=30",
      "EncodedRequestUri": "L2pvYnM/YXBpLXZlcnNpb249MjAxNS0wNi0wMS4yLjAmdGltZW91dD0zMA==",
      "RequestMethod": "GET",
      "RequestBody": "",
      "RequestHeaders": {
        "client-request-id": [
          "139b01cf-631e-4355-94ac-4f713ff9183c"
        ],
        "ocp-date": [
          "Tue, 27 Oct 2015 16:26:02 GMT"
        ],
        "return-client-request-id": [
          "true"
        ],
        "User-Agent": [
          "Microsoft.Azure.Batch.Protocol.BatchRestClient/2.0.2.0",
          "AzBatch/2.0.2.0"
        ]
      },
      "ResponseBody": "{\r\n  \"odata.metadata\": \"https://pstests.eastus.batch.azure.com/$metadata#jobs\",\r\n  \"value\": [\r\n    {\r\n      \"id\": \"testId1\",\r\n      \"url\": \"https://pstests.eastus.batch.azure.com/jobs/testId1\",\r\n      \"eTag\": \"0x8D2DEEB4CDABBBB\",\r\n      \"lastModified\": \"2015-10-27T16:26:00.0745403Z\",\r\n      \"creationTime\": \"2015-10-27T16:26:00.0545338Z\",\r\n      \"state\": \"active\",\r\n      \"stateTransitionTime\": \"2015-10-27T16:26:00.0745403Z\",\r\n      \"priority\": 0,\r\n      \"constraints\": {\r\n        \"maxWallClockTime\": \"P10675199DT2H48M5.4775807S\",\r\n        \"maxTaskRetryCount\": 0\r\n      },\r\n      \"poolInfo\": {\r\n        \"poolId\": \"testPool\"\r\n      },\r\n      \"executionInfo\": {\r\n        \"startTime\": \"2015-10-27T16:26:00.0745403Z\",\r\n        \"poolId\": \"testPool\"\r\n      }\r\n    },\r\n    {\r\n      \"id\": \"testId2\",\r\n      \"url\": \"https://pstests.eastus.batch.azure.com/jobs/testId2\",\r\n      \"eTag\": \"0x8D2DEEB4CFC0B99\",\r\n      \"lastModified\": \"2015-10-27T16:26:00.2928537Z\",\r\n      \"creationTime\": \"2015-10-27T16:26:00.2728546Z\",\r\n      \"state\": \"active\",\r\n      \"stateTransitionTime\": \"2015-10-27T16:26:00.2928537Z\",\r\n      \"priority\": 0,\r\n      \"constraints\": {\r\n        \"maxWallClockTime\": \"P10675199DT2H48M5.4775807S\",\r\n        \"maxTaskRetryCount\": 0\r\n      },\r\n      \"poolInfo\": {\r\n        \"poolId\": \"testPool\"\r\n      },\r\n      \"executionInfo\": {\r\n        \"startTime\": \"2015-10-27T16:26:00.2928537Z\",\r\n        \"poolId\": \"testPool\"\r\n      }\r\n    },\r\n    {\r\n      \"id\": \"thirdtestId\",\r\n      \"url\": \"https://pstests.eastus.batch.azure.com/jobs/thirdtestId\",\r\n      \"eTag\": \"0x8D2DEEB4D204E2C\",\r\n      \"lastModified\": \"2015-10-27T16:26:00.5304876Z\",\r\n      \"creationTime\": \"2015-10-27T16:26:00.5134783Z\",\r\n      \"state\": \"active\",\r\n      \"stateTransitionTime\": \"2015-10-27T16:26:00.5304876Z\",\r\n      \"priority\": 0,\r\n      \"constraints\": {\r\n        \"maxWallClockTime\": \"P10675199DT2H48M5.4775807S\",\r\n        \"maxTaskRetryCount\": 0\r\n      },\r\n      \"poolInfo\": {\r\n        \"poolId\": \"testPool\"\r\n      },\r\n      \"executionInfo\": {\r\n        \"startTime\": \"2015-10-27T16:26:00.5304876Z\",\r\n        \"poolId\": \"testPool\"\r\n      }\r\n    }\r\n  ]\r\n}",
      "ResponseHeaders": {
        "Content-Type": [
          "application/json; odata=minimalmetadata"
        ],
        "Transfer-Encoding": [
          "chunked"
        ],
        "request-id": [
          "298a3885-14d5-4995-95d5-2aa1aa14c7ee"
        ],
        "Strict-Transport-Security": [
          "max-age=31536000; includeSubDomains"
        ],
        "client-request-id": [
          "139b01cf-631e-4355-94ac-4f713ff9183c"
        ],
        "DataServiceVersion": [
          "3.0"
        ],
        "Date": [
          "Tue, 27 Oct 2015 16:26:03 GMT"
        ],
        "Server": [
          "Microsoft-HTTPAPI/2.0"
        ]
      },
      "StatusCode": 200
    },
    {
      "RequestUri": "/jobs/testId1?api-version=2015-06-01.2.0&timeout=30",
      "EncodedRequestUri": "L2pvYnMvdGVzdElkMT9hcGktdmVyc2lvbj0yMDE1LTA2LTAxLjIuMCZ0aW1lb3V0PTMw",
      "RequestMethod": "DELETE",
      "RequestBody": "",
      "RequestHeaders": {
        "client-request-id": [
          "381ae89c-88f0-42c3-ad73-a02cf845ee5c"
        ],
        "ocp-date": [
          "Tue, 27 Oct 2015 16:26:03 GMT"
        ],
        "return-client-request-id": [
          "true"
        ],
        "User-Agent": [
          "Microsoft.Azure.Batch.Protocol.BatchRestClient/2.0.2.0",
          "AzBatch/2.0.2.0"
        ]
      },
      "ResponseBody": "",
      "ResponseHeaders": {
        "Transfer-Encoding": [
          "chunked"
        ],
        "request-id": [
          "a447c674-9f6f-41da-9a79-863a9000f696"
        ],
        "Strict-Transport-Security": [
          "max-age=31536000; includeSubDomains"
        ],
        "client-request-id": [
          "381ae89c-88f0-42c3-ad73-a02cf845ee5c"
        ],
        "DataServiceVersion": [
          "3.0"
        ],
        "Date": [
          "Tue, 27 Oct 2015 16:26:02 GMT"
        ],
        "Server": [
          "Microsoft-HTTPAPI/2.0"
        ]
      },
      "StatusCode": 202
    },
    {
      "RequestUri": "/jobs/testId1?api-version=2015-06-01.2.0&timeout=30",
      "EncodedRequestUri": "L2pvYnMvdGVzdElkMT9hcGktdmVyc2lvbj0yMDE1LTA2LTAxLjIuMCZ0aW1lb3V0PTMw",
      "RequestMethod": "DELETE",
      "RequestBody": "",
      "RequestHeaders": {
        "client-request-id": [
          "381ae89c-88f0-42c3-ad73-a02cf845ee5c"
        ],
        "ocp-date": [
          "Tue, 27 Oct 2015 16:26:03 GMT"
        ],
        "return-client-request-id": [
          "true"
        ],
        "User-Agent": [
          "Microsoft.Azure.Batch.Protocol.BatchRestClient/2.0.2.0",
          "AzBatch/2.0.2.0"
        ]
      },
      "ResponseBody": "",
      "ResponseHeaders": {
        "Transfer-Encoding": [
          "chunked"
        ],
        "request-id": [
          "a447c674-9f6f-41da-9a79-863a9000f696"
        ],
        "Strict-Transport-Security": [
          "max-age=31536000; includeSubDomains"
        ],
        "client-request-id": [
          "381ae89c-88f0-42c3-ad73-a02cf845ee5c"
        ],
        "DataServiceVersion": [
          "3.0"
        ],
        "Date": [
          "Tue, 27 Oct 2015 16:26:02 GMT"
        ],
        "Server": [
          "Microsoft-HTTPAPI/2.0"
        ]
      },
      "StatusCode": 202
    },
    {
      "RequestUri": "/jobs/testId1?api-version=2015-06-01.2.0&timeout=30",
      "EncodedRequestUri": "L2pvYnMvdGVzdElkMT9hcGktdmVyc2lvbj0yMDE1LTA2LTAxLjIuMCZ0aW1lb3V0PTMw",
      "RequestMethod": "DELETE",
      "RequestBody": "",
      "RequestHeaders": {
        "client-request-id": [
          "381ae89c-88f0-42c3-ad73-a02cf845ee5c"
        ],
        "ocp-date": [
          "Tue, 27 Oct 2015 16:26:03 GMT"
        ],
        "return-client-request-id": [
          "true"
        ],
        "User-Agent": [
          "Microsoft.Azure.Batch.Protocol.BatchRestClient/2.0.2.0",
          "AzBatch/2.0.2.0"
        ]
      },
      "ResponseBody": "",
      "ResponseHeaders": {
        "Transfer-Encoding": [
          "chunked"
        ],
        "request-id": [
          "a447c674-9f6f-41da-9a79-863a9000f696"
        ],
        "Strict-Transport-Security": [
          "max-age=31536000; includeSubDomains"
        ],
        "client-request-id": [
          "381ae89c-88f0-42c3-ad73-a02cf845ee5c"
        ],
        "DataServiceVersion": [
          "3.0"
        ],
        "Date": [
          "Tue, 27 Oct 2015 16:26:02 GMT"
        ],
        "Server": [
          "Microsoft-HTTPAPI/2.0"
        ]
      },
      "StatusCode": 202
    },
    {
      "RequestUri": "/jobs/testId1?api-version=2015-06-01.2.0&timeout=30",
      "EncodedRequestUri": "L2pvYnMvdGVzdElkMT9hcGktdmVyc2lvbj0yMDE1LTA2LTAxLjIuMCZ0aW1lb3V0PTMw",
      "RequestMethod": "DELETE",
      "RequestBody": "",
      "RequestHeaders": {
        "client-request-id": [
          "381ae89c-88f0-42c3-ad73-a02cf845ee5c"
        ],
        "ocp-date": [
          "Tue, 27 Oct 2015 16:26:03 GMT"
        ],
        "return-client-request-id": [
          "true"
        ],
        "User-Agent": [
          "Microsoft.Azure.Batch.Protocol.BatchRestClient/2.0.2.0",
          "AzBatch/2.0.2.0"
        ]
      },
      "ResponseBody": "",
      "ResponseHeaders": {
        "Transfer-Encoding": [
          "chunked"
        ],
        "request-id": [
          "a447c674-9f6f-41da-9a79-863a9000f696"
        ],
        "Strict-Transport-Security": [
          "max-age=31536000; includeSubDomains"
        ],
        "client-request-id": [
          "381ae89c-88f0-42c3-ad73-a02cf845ee5c"
        ],
        "DataServiceVersion": [
          "3.0"
        ],
        "Date": [
          "Tue, 27 Oct 2015 16:26:02 GMT"
        ],
        "Server": [
          "Microsoft-HTTPAPI/2.0"
        ]
      },
      "StatusCode": 202
    },
    {
      "RequestUri": "/jobs/testId2?api-version=2015-06-01.2.0&timeout=30",
      "EncodedRequestUri": "L2pvYnMvdGVzdElkMj9hcGktdmVyc2lvbj0yMDE1LTA2LTAxLjIuMCZ0aW1lb3V0PTMw",
      "RequestMethod": "DELETE",
      "RequestBody": "",
      "RequestHeaders": {
        "client-request-id": [
          "4001fa19-f2e6-4aa3-a723-8425ab1f9b9f"
        ],
        "ocp-date": [
          "Tue, 27 Oct 2015 16:26:03 GMT"
        ],
        "return-client-request-id": [
          "true"
        ],
        "User-Agent": [
          "Microsoft.Azure.Batch.Protocol.BatchRestClient/2.0.2.0",
          "AzBatch/2.0.2.0"
        ]
      },
      "ResponseBody": "",
      "ResponseHeaders": {
        "Transfer-Encoding": [
          "chunked"
        ],
        "request-id": [
          "47cbc0c7-c5aa-4b33-8f14-ccf7547e8a5e"
        ],
        "Strict-Transport-Security": [
          "max-age=31536000; includeSubDomains"
        ],
        "client-request-id": [
          "4001fa19-f2e6-4aa3-a723-8425ab1f9b9f"
        ],
        "DataServiceVersion": [
          "3.0"
        ],
        "Date": [
          "Tue, 27 Oct 2015 16:26:02 GMT"
        ],
        "Server": [
          "Microsoft-HTTPAPI/2.0"
        ]
      },
      "StatusCode": 202
    },
    {
      "RequestUri": "/jobs/testId2?api-version=2015-06-01.2.0&timeout=30",
      "EncodedRequestUri": "L2pvYnMvdGVzdElkMj9hcGktdmVyc2lvbj0yMDE1LTA2LTAxLjIuMCZ0aW1lb3V0PTMw",
      "RequestMethod": "DELETE",
      "RequestBody": "",
      "RequestHeaders": {
        "client-request-id": [
          "4001fa19-f2e6-4aa3-a723-8425ab1f9b9f"
        ],
        "ocp-date": [
          "Tue, 27 Oct 2015 16:26:03 GMT"
        ],
        "return-client-request-id": [
          "true"
        ],
        "User-Agent": [
          "Microsoft.Azure.Batch.Protocol.BatchRestClient/2.0.2.0",
          "AzBatch/2.0.2.0"
        ]
      },
      "ResponseBody": "",
      "ResponseHeaders": {
        "Transfer-Encoding": [
          "chunked"
        ],
        "request-id": [
          "47cbc0c7-c5aa-4b33-8f14-ccf7547e8a5e"
        ],
        "Strict-Transport-Security": [
          "max-age=31536000; includeSubDomains"
        ],
        "client-request-id": [
          "4001fa19-f2e6-4aa3-a723-8425ab1f9b9f"
        ],
        "DataServiceVersion": [
          "3.0"
        ],
        "Date": [
          "Tue, 27 Oct 2015 16:26:02 GMT"
        ],
        "Server": [
          "Microsoft-HTTPAPI/2.0"
        ]
      },
      "StatusCode": 202
    },
    {
      "RequestUri": "/jobs/testId2?api-version=2015-06-01.2.0&timeout=30",
      "EncodedRequestUri": "L2pvYnMvdGVzdElkMj9hcGktdmVyc2lvbj0yMDE1LTA2LTAxLjIuMCZ0aW1lb3V0PTMw",
      "RequestMethod": "DELETE",
      "RequestBody": "",
      "RequestHeaders": {
        "client-request-id": [
          "4001fa19-f2e6-4aa3-a723-8425ab1f9b9f"
        ],
        "ocp-date": [
          "Tue, 27 Oct 2015 16:26:03 GMT"
        ],
        "return-client-request-id": [
          "true"
        ],
        "User-Agent": [
          "Microsoft.Azure.Batch.Protocol.BatchRestClient/2.0.2.0",
          "AzBatch/2.0.2.0"
        ]
      },
      "ResponseBody": "",
      "ResponseHeaders": {
        "Transfer-Encoding": [
          "chunked"
        ],
        "request-id": [
          "47cbc0c7-c5aa-4b33-8f14-ccf7547e8a5e"
        ],
        "Strict-Transport-Security": [
          "max-age=31536000; includeSubDomains"
        ],
        "client-request-id": [
          "4001fa19-f2e6-4aa3-a723-8425ab1f9b9f"
        ],
        "DataServiceVersion": [
          "3.0"
        ],
        "Date": [
          "Tue, 27 Oct 2015 16:26:02 GMT"
        ],
        "Server": [
          "Microsoft-HTTPAPI/2.0"
        ]
      },
      "StatusCode": 202
    },
    {
      "RequestUri": "/jobs/testId2?api-version=2015-06-01.2.0&timeout=30",
      "EncodedRequestUri": "L2pvYnMvdGVzdElkMj9hcGktdmVyc2lvbj0yMDE1LTA2LTAxLjIuMCZ0aW1lb3V0PTMw",
      "RequestMethod": "DELETE",
      "RequestBody": "",
      "RequestHeaders": {
        "client-request-id": [
          "4001fa19-f2e6-4aa3-a723-8425ab1f9b9f"
        ],
        "ocp-date": [
          "Tue, 27 Oct 2015 16:26:03 GMT"
        ],
        "return-client-request-id": [
          "true"
        ],
        "User-Agent": [
          "Microsoft.Azure.Batch.Protocol.BatchRestClient/2.0.2.0",
          "AzBatch/2.0.2.0"
        ]
      },
      "ResponseBody": "",
      "ResponseHeaders": {
        "Transfer-Encoding": [
          "chunked"
        ],
        "request-id": [
          "47cbc0c7-c5aa-4b33-8f14-ccf7547e8a5e"
        ],
        "Strict-Transport-Security": [
          "max-age=31536000; includeSubDomains"
        ],
        "client-request-id": [
          "4001fa19-f2e6-4aa3-a723-8425ab1f9b9f"
        ],
        "DataServiceVersion": [
          "3.0"
        ],
        "Date": [
          "Tue, 27 Oct 2015 16:26:02 GMT"
        ],
        "Server": [
          "Microsoft-HTTPAPI/2.0"
        ]
      },
      "StatusCode": 202
    },
    {
      "RequestUri": "/jobs/testId2?api-version=2015-06-01.2.0&timeout=30",
      "EncodedRequestUri": "L2pvYnMvdGVzdElkMj9hcGktdmVyc2lvbj0yMDE1LTA2LTAxLjIuMCZ0aW1lb3V0PTMw",
      "RequestMethod": "DELETE",
      "RequestBody": "",
      "RequestHeaders": {
        "client-request-id": [
          "4001fa19-f2e6-4aa3-a723-8425ab1f9b9f"
        ],
        "ocp-date": [
          "Tue, 27 Oct 2015 16:26:03 GMT"
        ],
        "return-client-request-id": [
          "true"
        ],
        "User-Agent": [
          "Microsoft.Azure.Batch.Protocol.BatchRestClient/2.0.2.0",
          "AzBatch/2.0.2.0"
        ]
      },
      "ResponseBody": "",
      "ResponseHeaders": {
        "Transfer-Encoding": [
          "chunked"
        ],
        "request-id": [
          "47cbc0c7-c5aa-4b33-8f14-ccf7547e8a5e"
        ],
        "Strict-Transport-Security": [
          "max-age=31536000; includeSubDomains"
        ],
        "client-request-id": [
          "4001fa19-f2e6-4aa3-a723-8425ab1f9b9f"
        ],
        "DataServiceVersion": [
          "3.0"
        ],
        "Date": [
          "Tue, 27 Oct 2015 16:26:02 GMT"
        ],
        "Server": [
          "Microsoft-HTTPAPI/2.0"
        ]
      },
      "StatusCode": 202
    },
    {
      "RequestUri": "/jobs/thirdtestId?api-version=2015-06-01.2.0&timeout=30",
      "EncodedRequestUri": "L2pvYnMvdGhpcmR0ZXN0SWQ/YXBpLXZlcnNpb249MjAxNS0wNi0wMS4yLjAmdGltZW91dD0zMA==",
      "RequestMethod": "DELETE",
      "RequestBody": "",
      "RequestHeaders": {
        "client-request-id": [
          "c2f20b55-78d5-4694-9ca9-30b64f35ec5d"
        ],
        "ocp-date": [
          "Tue, 27 Oct 2015 16:26:03 GMT"
        ],
        "return-client-request-id": [
          "true"
        ],
        "User-Agent": [
          "Microsoft.Azure.Batch.Protocol.BatchRestClient/2.0.2.0",
          "AzBatch/2.0.2.0"
        ]
      },
      "ResponseBody": "",
      "ResponseHeaders": {
        "Transfer-Encoding": [
          "chunked"
        ],
        "request-id": [
          "3fce779e-e4b4-4f72-8f1b-4bd64e1d8808"
        ],
        "Strict-Transport-Security": [
          "max-age=31536000; includeSubDomains"
        ],
        "client-request-id": [
          "c2f20b55-78d5-4694-9ca9-30b64f35ec5d"
        ],
        "DataServiceVersion": [
          "3.0"
        ],
        "Date": [
          "Tue, 27 Oct 2015 16:26:02 GMT"
        ],
        "Server": [
          "Microsoft-HTTPAPI/2.0"
        ]
      },
      "StatusCode": 202
    },
    {
      "RequestUri": "/jobs/thirdtestId?api-version=2015-06-01.2.0&timeout=30",
      "EncodedRequestUri": "L2pvYnMvdGhpcmR0ZXN0SWQ/YXBpLXZlcnNpb249MjAxNS0wNi0wMS4yLjAmdGltZW91dD0zMA==",
      "RequestMethod": "DELETE",
      "RequestBody": "",
      "RequestHeaders": {
        "client-request-id": [
          "c2f20b55-78d5-4694-9ca9-30b64f35ec5d"
        ],
        "ocp-date": [
          "Tue, 27 Oct 2015 16:26:03 GMT"
        ],
        "return-client-request-id": [
          "true"
        ],
        "User-Agent": [
          "Microsoft.Azure.Batch.Protocol.BatchRestClient/2.0.2.0",
          "AzBatch/2.0.2.0"
        ]
      },
      "ResponseBody": "",
      "ResponseHeaders": {
        "Transfer-Encoding": [
          "chunked"
        ],
        "request-id": [
          "3fce779e-e4b4-4f72-8f1b-4bd64e1d8808"
        ],
        "Strict-Transport-Security": [
          "max-age=31536000; includeSubDomains"
        ],
        "client-request-id": [
          "c2f20b55-78d5-4694-9ca9-30b64f35ec5d"
        ],
        "DataServiceVersion": [
          "3.0"
        ],
        "Date": [
          "Tue, 27 Oct 2015 16:26:02 GMT"
        ],
        "Server": [
          "Microsoft-HTTPAPI/2.0"
        ]
      },
      "StatusCode": 202
    },
    {
      "RequestUri": "/jobs/thirdtestId?api-version=2015-06-01.2.0&timeout=30",
      "EncodedRequestUri": "L2pvYnMvdGhpcmR0ZXN0SWQ/YXBpLXZlcnNpb249MjAxNS0wNi0wMS4yLjAmdGltZW91dD0zMA==",
      "RequestMethod": "DELETE",
      "RequestBody": "",
      "RequestHeaders": {
        "client-request-id": [
          "c2f20b55-78d5-4694-9ca9-30b64f35ec5d"
        ],
        "ocp-date": [
          "Tue, 27 Oct 2015 16:26:03 GMT"
        ],
        "return-client-request-id": [
          "true"
        ],
        "User-Agent": [
          "Microsoft.Azure.Batch.Protocol.BatchRestClient/2.0.2.0",
          "AzBatch/2.0.2.0"
        ]
      },
      "ResponseBody": "",
      "ResponseHeaders": {
        "Transfer-Encoding": [
          "chunked"
        ],
        "request-id": [
          "3fce779e-e4b4-4f72-8f1b-4bd64e1d8808"
        ],
        "Strict-Transport-Security": [
          "max-age=31536000; includeSubDomains"
        ],
        "client-request-id": [
          "c2f20b55-78d5-4694-9ca9-30b64f35ec5d"
        ],
        "DataServiceVersion": [
          "3.0"
        ],
        "Date": [
          "Tue, 27 Oct 2015 16:26:02 GMT"
        ],
        "Server": [
          "Microsoft-HTTPAPI/2.0"
        ]
      },
      "StatusCode": 202
    },
    {
      "RequestUri": "/jobs/thirdtestId?api-version=2015-06-01.2.0&timeout=30",
      "EncodedRequestUri": "L2pvYnMvdGhpcmR0ZXN0SWQ/YXBpLXZlcnNpb249MjAxNS0wNi0wMS4yLjAmdGltZW91dD0zMA==",
      "RequestMethod": "DELETE",
      "RequestBody": "",
      "RequestHeaders": {
        "client-request-id": [
          "c2f20b55-78d5-4694-9ca9-30b64f35ec5d"
        ],
        "ocp-date": [
          "Tue, 27 Oct 2015 16:26:03 GMT"
        ],
        "return-client-request-id": [
          "true"
        ],
        "User-Agent": [
          "Microsoft.Azure.Batch.Protocol.BatchRestClient/2.0.2.0",
          "AzBatch/2.0.2.0"
        ]
      },
      "ResponseBody": "",
      "ResponseHeaders": {
        "Transfer-Encoding": [
          "chunked"
        ],
        "request-id": [
          "3fce779e-e4b4-4f72-8f1b-4bd64e1d8808"
        ],
        "Strict-Transport-Security": [
          "max-age=31536000; includeSubDomains"
        ],
        "client-request-id": [
          "c2f20b55-78d5-4694-9ca9-30b64f35ec5d"
        ],
        "DataServiceVersion": [
          "3.0"
        ],
        "Date": [
          "Tue, 27 Oct 2015 16:26:02 GMT"
        ],
        "Server": [
          "Microsoft-HTTPAPI/2.0"
        ]
      },
      "StatusCode": 202
    },
    {
      "RequestUri": "/jobs/thirdtestId?api-version=2015-06-01.2.0&timeout=30",
      "EncodedRequestUri": "L2pvYnMvdGhpcmR0ZXN0SWQ/YXBpLXZlcnNpb249MjAxNS0wNi0wMS4yLjAmdGltZW91dD0zMA==",
      "RequestMethod": "DELETE",
      "RequestBody": "",
      "RequestHeaders": {
        "client-request-id": [
          "c2f20b55-78d5-4694-9ca9-30b64f35ec5d"
        ],
        "ocp-date": [
          "Tue, 27 Oct 2015 16:26:03 GMT"
        ],
        "return-client-request-id": [
          "true"
        ],
        "User-Agent": [
          "Microsoft.Azure.Batch.Protocol.BatchRestClient/2.0.2.0",
          "AzBatch/2.0.2.0"
        ]
      },
      "ResponseBody": "",
      "ResponseHeaders": {
        "Transfer-Encoding": [
          "chunked"
        ],
        "request-id": [
          "3fce779e-e4b4-4f72-8f1b-4bd64e1d8808"
        ],
        "Strict-Transport-Security": [
          "max-age=31536000; includeSubDomains"
        ],
        "client-request-id": [
          "c2f20b55-78d5-4694-9ca9-30b64f35ec5d"
        ],
        "DataServiceVersion": [
          "3.0"
        ],
        "Date": [
          "Tue, 27 Oct 2015 16:26:02 GMT"
        ],
        "Server": [
          "Microsoft-HTTPAPI/2.0"
        ]
      },
      "StatusCode": 202
    },
    {
      "RequestUri": "/jobs/thirdtestId?api-version=2015-06-01.2.0&timeout=30",
      "EncodedRequestUri": "L2pvYnMvdGhpcmR0ZXN0SWQ/YXBpLXZlcnNpb249MjAxNS0wNi0wMS4yLjAmdGltZW91dD0zMA==",
      "RequestMethod": "DELETE",
      "RequestBody": "",
      "RequestHeaders": {
        "client-request-id": [
          "c2f20b55-78d5-4694-9ca9-30b64f35ec5d"
        ],
        "ocp-date": [
          "Tue, 27 Oct 2015 16:26:03 GMT"
        ],
        "return-client-request-id": [
          "true"
        ],
        "User-Agent": [
          "Microsoft.Azure.Batch.Protocol.BatchRestClient/2.0.2.0",
          "AzBatch/2.0.2.0"
        ]
      },
      "ResponseBody": "",
      "ResponseHeaders": {
        "Transfer-Encoding": [
          "chunked"
        ],
        "request-id": [
          "3fce779e-e4b4-4f72-8f1b-4bd64e1d8808"
        ],
        "Strict-Transport-Security": [
          "max-age=31536000; includeSubDomains"
        ],
        "client-request-id": [
          "c2f20b55-78d5-4694-9ca9-30b64f35ec5d"
        ],
        "DataServiceVersion": [
          "3.0"
        ],
        "Date": [
          "Tue, 27 Oct 2015 16:26:02 GMT"
        ],
        "Server": [
          "Microsoft-HTTPAPI/2.0"
        ]
      },
      "StatusCode": 202
    }
  ],
  "Names": {},
  "Variables": {
    "SubscriptionId": "6368ed38-3570-481f-b4fa-1d0a6e8d3f3b"
  }
}