{
  "Entries": [
    {
      "RequestUri": "/jobs?api-version=2016-07-01.3.1",
      "EncodedRequestUri": "L2pvYnM/YXBpLXZlcnNpb249MjAxNi0wNy0wMS4zLjE=",
      "RequestMethod": "POST",
      "RequestBody": "{\r\n  \"id\": \"simple\",\r\n  \"priority\": 0,\r\n  \"poolInfo\": {\r\n    \"poolId\": \"testPool\"\r\n  },\r\n  \"usesTaskDependencies\": false\r\n}",
      "RequestHeaders": {
        "Content-Type": [
          "application/json; odata=minimalmetadata; charset=utf-8"
        ],
        "Content-Length": [
          "123"
        ],
        "client-request-id": [
          "dfbec7ed-969b-4f57-a362-5695dc72f0ed"
        ],
        "accept-language": [
          "en-US"
        ],
        "ocp-date": [
          "Tue, 06 Sep 2016 05:02:31 GMT"
        ],
        "User-Agent": [
          "Microsoft.Azure.Batch.Protocol.BatchServiceClient/5.1.0.0",
          "AzurePowershell/v1.6.0"
        ]
      },
      "ResponseBody": "",
      "ResponseHeaders": {
        "Last-Modified": [
          "Tue, 06 Sep 2016 05:02:32 GMT"
        ],
        "Transfer-Encoding": [
          "chunked"
        ],
        "request-id": [
          "3b8448af-f89f-463b-89b1-091cfc3f8992"
        ],
        "Strict-Transport-Security": [
          "max-age=31536000; includeSubDomains"
        ],
        "DataServiceVersion": [
          "3.0"
        ],
        "DataServiceId": [
          "https://pstestaccount.centralus.batch.azure.com/jobs/job-1"
        ],
        "Date": [
          "Tue, 06 Sep 2016 05:02:32 GMT"
        ],
        "ETag": [
          "0x8D3D61302AF596A"
        ],
        "Location": [
          "https://pstestaccount.centralus.batch.azure.com/jobs/job-1"
        ],
        "Server": [
          "Microsoft-HTTPAPI/2.0"
        ]
      },
      "StatusCode": 201
    },
    {
      "RequestUri": "/jobs?api-version=2016-07-01.3.1",
      "EncodedRequestUri": "L2pvYnM/YXBpLXZlcnNpb249MjAxNi0wNy0wMS4zLjE=",
      "RequestMethod": "POST",
      "RequestBody": "{\r\n  \"id\": \"complex\",\r\n  \"displayName\": \"displayName\",\r\n  \"priority\": 1,\r\n  \"constraints\": {\r\n    \"maxWallClockTime\": \"P1D\",\r\n    \"maxTaskRetryCount\": 5\r\n  },\r\n  \"jobManagerTask\": {\r\n    \"id\": \"jobManager\",\r\n    \"displayName\": \"jobManagerDisplay\",\r\n    \"commandLine\": \"cmd /c dir /s\",\r\n    \"resourceFiles\": [\r\n      {\r\n        \"blobSource\": \"https://testacct.blob.core.windows.net/\",\r\n        \"filePath\": \"filePath\"\r\n      }\r\n    ],\r\n    \"environmentSettings\": [\r\n      {\r\n        \"name\": \"name1\",\r\n        \"value\": \"value1\"\r\n      },\r\n      {\r\n        \"name\": \"name2\",\r\n        \"value\": \"value2\"\r\n      }\r\n    ],\r\n    \"constraints\": {\r\n      \"maxWallClockTime\": \"PT1H\"\r\n    },\r\n    \"killJobOnCompletion\": false,\r\n    \"runElevated\": false\r\n  },\r\n  \"jobPreparationTask\": {\r\n    \"id\": \"jobPrep\",\r\n    \"commandLine\": \"cmd /c dir /s\",\r\n    \"resourceFiles\": [\r\n      {\r\n        \"blobSource\": \"https://testacct.blob.core.windows.net/\",\r\n        \"filePath\": \"jobPrepFilePath\"\r\n      }\r\n    ],\r\n    \"environmentSettings\": [\r\n      {\r\n        \"name\": \"jobPrepName1\",\r\n        \"value\": \"jobPrepValue1\"\r\n      },\r\n      {\r\n        \"name\": \"jobPrepName2\",\r\n        \"value\": \"jobPrepValue2\"\r\n      }\r\n    ],\r\n    \"constraints\": {\r\n      \"maxTaskRetryCount\": 2\r\n    },\r\n    \"runElevated\": false\r\n  },\r\n  \"jobReleaseTask\": {\r\n    \"id\": \"jobRelease\",\r\n    \"commandLine\": \"cmd /c dir /s\",\r\n    \"resourceFiles\": [\r\n      {\r\n        \"blobSource\": \"https://testacct.blob.core.windows.net/\",\r\n        \"filePath\": \"jobReleaseFilePath\"\r\n      }\r\n    ],\r\n    \"environmentSettings\": [\r\n      {\r\n        \"name\": \"jobReleaseName1\",\r\n        \"value\": \"jobReleaseValue1\"\r\n      },\r\n      {\r\n        \"name\": \"jobReleaseName2\",\r\n        \"value\": \"jobReleaseValue2\"\r\n      }\r\n    ],\r\n    \"runElevated\": false\r\n  },\r\n  \"commonEnvironmentSettings\": [\r\n    {\r\n      \"name\": \"commonEnv1\",\r\n      \"value\": \"envValue1\"\r\n    },\r\n    {\r\n      \"name\": \"commonEnv2\",\r\n      \"value\": \"envValue2\"\r\n    }\r\n  ],\r\n  \"poolInfo\": {\r\n    \"autoPoolSpecification\": {\r\n      \"autoPoolIdPrefix\": \"TestSpecPrefix\",\r\n      \"poolLifetimeOption\": \"job\",\r\n      \"keepAlive\": false,\r\n      \"pool\": {\r\n        \"vmSize\": \"small\",\r\n        \"cloudServiceConfiguration\": {\r\n          \"osFamily\": \"4\",\r\n          \"targetOSVersion\": \"\"\r\n        },\r\n        \"targetDedicated\": 3,\r\n        \"startTask\": {\r\n          \"commandLine\": \"cmd /c dir /s\"\r\n        },\r\n        \"certificateReferences\": [\r\n          {\r\n            \"thumbprint\": \"0123456789ABCDEF\",\r\n            \"thumbprintAlgorithm\": \"sha1\",\r\n            \"storeLocation\": \"localmachine\",\r\n            \"storeName\": \"certStore\",\r\n            \"visibility\": [\r\n              \"starttask\"\r\n            ]\r\n          }\r\n        ]\r\n      }\r\n    }\r\n  },\r\n  \"metadata\": [\r\n    {\r\n      \"name\": \"meta2\",\r\n      \"value\": \"value2\"\r\n    },\r\n    {\r\n      \"name\": \"meta1\",\r\n      \"value\": \"value1\"\r\n    }\r\n  ],\r\n  \"usesTaskDependencies\": false\r\n}",
      "RequestHeaders": {
        "Content-Type": [
          "application/json; odata=minimalmetadata; charset=utf-8"
        ],
        "Content-Length": [
          "2917"
        ],
        "client-request-id": [
          "2c36b174-9f50-48ce-a604-c4543bde4bb1"
        ],
        "accept-language": [
          "en-US"
        ],
        "ocp-date": [
          "Tue, 06 Sep 2016 05:02:33 GMT"
        ],
        "User-Agent": [
          "Microsoft.Azure.Batch.Protocol.BatchServiceClient/5.1.0.0",
          "AzurePowershell/v1.6.0"
        ]
      },
      "ResponseBody": "",
      "ResponseHeaders": {
        "Last-Modified": [
          "Tue, 06 Sep 2016 05:02:33 GMT"
        ],
        "Transfer-Encoding": [
          "chunked"
        ],
        "request-id": [
          "62447119-6bbe-4b53-aaa3-c4d8adfe4b4c"
        ],
        "Strict-Transport-Security": [
          "max-age=31536000; includeSubDomains"
        ],
        "DataServiceVersion": [
          "3.0"
        ],
        "DataServiceId": [
          "https://pstestaccount.centralus.batch.azure.com/jobs/job-1"
        ],
        "Date": [
          "Tue, 06 Sep 2016 05:02:33 GMT"
        ],
        "ETag": [
          "0x8D3D613036B7F55"
        ],
        "Location": [
          "https://pstestaccount.centralus.batch.azure.com/jobs/job-1"
        ],
        "Server": [
          "Microsoft-HTTPAPI/2.0"
        ]
      },
      "StatusCode": 201
    },
    {
      "RequestUri": "/jobs/simple?api-version=2016-07-01.3.1",
      "EncodedRequestUri": "L2pvYnMvc2ltcGxlP2FwaS12ZXJzaW9uPTIwMTYtMDctMDEuMy4x",
      "RequestMethod": "GET",
      "RequestBody": "",
      "RequestHeaders": {
        "client-request-id": [
          "f2796249-64a5-48bd-a730-0f6649581c54"
        ],
        "accept-language": [
          "en-US"
        ],
        "ocp-date": [
          "Tue, 06 Sep 2016 05:02:32 GMT"
        ],
        "User-Agent": [
          "Microsoft.Azure.Batch.Protocol.BatchServiceClient/5.1.0.0",
          "AzurePowershell/v1.6.0"
        ]
      },
      "ResponseBody": "{\r\n  \"odata.metadata\": \"https://pstestaccount.centralus.batch.azure.com/$metadata#jobs/@Element\",\r\n  \"id\": \"simple\",\r\n  \"url\": \"https://pstestaccount.centralus.batch.azure.com/jobs/simple\",\r\n  \"eTag\": \"0x8D3D61302AF596A\",\r\n  \"lastModified\": \"2016-09-06T05:02:32.7140714Z\",\r\n  \"creationTime\": \"2016-09-06T05:02:32.6880641Z\",\r\n  \"state\": \"active\",\r\n  \"stateTransitionTime\": \"2016-09-06T05:02:32.7140714Z\",\r\n  \"priority\": 0,\r\n  \"usesTaskDependencies\": false,\r\n  \"constraints\": {\r\n    \"maxWallClockTime\": \"P10675199DT2H48M5.4775807S\",\r\n    \"maxTaskRetryCount\": 0\r\n  },\r\n  \"poolInfo\": {\r\n    \"poolId\": \"testPool\"\r\n  },\r\n  \"executionInfo\": {\r\n    \"startTime\": \"2016-09-06T05:02:32.7140714Z\",\r\n    \"poolId\": \"testPool\"\r\n  },\r\n  \"onAllTasksComplete\": \"noaction\",\r\n  \"onTaskFailure\": \"noaction\"\r\n}",
      "ResponseHeaders": {
        "Content-Type": [
          "application/json; odata=minimalmetadata"
        ],
        "Last-Modified": [
          "Tue, 06 Sep 2016 05:02:32 GMT"
        ],
        "Transfer-Encoding": [
          "chunked"
        ],
        "request-id": [
          "dd237e67-2a56-40ab-a344-63cfd47667bd"
        ],
        "Strict-Transport-Security": [
          "max-age=31536000; includeSubDomains"
        ],
        "DataServiceVersion": [
          "3.0"
        ],
        "Date": [
          "Tue, 06 Sep 2016 05:02:32 GMT"
        ],
        "ETag": [
          "0x8D3D61302AF596A"
        ],
        "Server": [
          "Microsoft-HTTPAPI/2.0"
        ]
      },
      "StatusCode": 200
    },
    {
      "RequestUri": "/jobs/complex?api-version=2016-07-01.3.1",
      "EncodedRequestUri": "L2pvYnMvY29tcGxleD9hcGktdmVyc2lvbj0yMDE2LTA3LTAxLjMuMQ==",
      "RequestMethod": "GET",
      "RequestBody": "",
      "RequestHeaders": {
        "client-request-id": [
          "67ae3a7f-e7bc-47d3-8170-808719ded8f4"
        ],
        "accept-language": [
          "en-US"
        ],
        "ocp-date": [
          "Tue, 06 Sep 2016 05:02:34 GMT"
        ],
        "User-Agent": [
          "Microsoft.Azure.Batch.Protocol.BatchServiceClient/5.1.0.0",
          "AzurePowershell/v1.6.0"
        ]
      },
      "ResponseBody": "{\r\n  \"odata.metadata\": \"https://pstestaccount.centralus.batch.azure.com/$metadata#jobs/@Element\",\r\n  \"id\": \"complex\",\r\n  \"displayName\": \"displayName\",\r\n  \"url\": \"https://pstestaccount.centralus.batch.azure.com/jobs/complex\",\r\n  \"eTag\": \"0x8D3D613036B7F55\",\r\n  \"lastModified\": \"2016-09-06T05:02:33.9471189Z\",\r\n  \"creationTime\": \"2016-09-06T05:02:33.8068342Z\",\r\n  \"state\": \"completed\",\r\n  \"stateTransitionTime\": \"2016-09-06T05:02:34.1713915Z\",\r\n  \"previousState\": \"active\",\r\n  \"previousStateTransitionTime\": \"2016-09-06T05:02:33.9471189Z\",\r\n  \"priority\": 1,\r\n  \"usesTaskDependencies\": false,\r\n  \"constraints\": {\r\n    \"maxWallClockTime\": \"P1D\",\r\n    \"maxTaskRetryCount\": 5\r\n  },\r\n  \"jobManagerTask\": {\r\n    \"id\": \"jobManager\",\r\n    \"displayName\": \"jobManagerDisplay\",\r\n    \"commandLine\": \"cmd /c dir /s\",\r\n    \"resourceFiles\": [\r\n      {\r\n        \"blobSource\": \"https://testacct.blob.core.windows.net/\",\r\n        \"filePath\": \"filePath\"\r\n      }\r\n    ],\r\n    \"environmentSettings\": [\r\n      {\r\n        \"name\": \"name1\",\r\n        \"value\": \"value1\"\r\n      },\r\n      {\r\n        \"name\": \"name2\",\r\n        \"value\": \"value2\"\r\n      }\r\n    ],\r\n    \"constraints\": {\r\n      \"maxWallClockTime\": \"PT1H\",\r\n      \"retentionTime\": \"P10675199DT2H48M5.4775807S\",\r\n      \"maxTaskRetryCount\": 5\r\n    },\r\n    \"runElevated\": false,\r\n    \"runExclusive\": true,\r\n    \"killJobOnCompletion\": false\r\n  },\r\n  \"jobPreparationTask\": {\r\n    \"id\": \"jobPrep\",\r\n    \"commandLine\": \"cmd /c dir /s\",\r\n    \"resourceFiles\": [\r\n      {\r\n        \"blobSource\": \"https://testacct.blob.core.windows.net/\",\r\n        \"filePath\": \"jobPrepFilePath\"\r\n      }\r\n    ],\r\n    \"environmentSettings\": [\r\n      {\r\n        \"name\": \"jobPrepName1\",\r\n        \"value\": \"jobPrepValue1\"\r\n      },\r\n      {\r\n        \"name\": \"jobPrepName2\",\r\n        \"value\": \"jobPrepValue2\"\r\n      }\r\n    ],\r\n    \"constraints\": {\r\n      \"maxWallClockTime\": \"P10675199DT2H48M5.4775807S\",\r\n      \"retentionTime\": \"P10675199DT2H48M5.4775807S\",\r\n      \"maxTaskRetryCount\": 2\r\n    },\r\n    \"runElevated\": false,\r\n    \"waitForSuccess\": true,\r\n    \"rerunOnNodeRebootAfterSuccess\": true\r\n  },\r\n  \"jobReleaseTask\": {\r\n    \"id\": \"jobRelease\",\r\n    \"commandLine\": \"cmd /c dir /s\",\r\n    \"resourceFiles\": [\r\n      {\r\n        \"blobSource\": \"https://testacct.blob.core.windows.net/\",\r\n        \"filePath\": \"jobReleaseFilePath\"\r\n      }\r\n    ],\r\n    \"environmentSettings\": [\r\n      {\r\n        \"name\": \"jobReleaseName1\",\r\n        \"value\": \"jobReleaseValue1\"\r\n      },\r\n      {\r\n        \"name\": \"jobReleaseName2\",\r\n        \"value\": \"jobReleaseValue2\"\r\n      }\r\n    ],\r\n    \"maxWallClockTime\": \"PT15M\",\r\n    \"retentionTime\": \"P10675199DT2H48M5.4775807S\",\r\n    \"runElevated\": false\r\n  },\r\n  \"commonEnvironmentSettings\": [\r\n    {\r\n      \"name\": \"commonEnv1\",\r\n      \"value\": \"envValue1\"\r\n    },\r\n    {\r\n      \"name\": \"commonEnv2\",\r\n      \"value\": \"envValue2\"\r\n    }\r\n  ],\r\n  \"poolInfo\": {\r\n    \"autoPoolSpecification\": {\r\n      \"autoPoolIdPrefix\": \"TestSpecPrefix\",\r\n      \"poolLifetimeOption\": \"job\",\r\n      \"keepAlive\": false,\r\n      \"pool\": {\r\n        \"vmSize\": \"small\",\r\n        \"maxTasksPerNode\": 1,\r\n        \"taskSchedulingPolicy\": {\r\n          \"nodeFillType\": \"Spread\"\r\n        },\r\n        \"resizeTimeout\": \"PT15M\",\r\n        \"targetDedicated\": 3,\r\n        \"enableAutoScale\": false,\r\n        \"enableInterNodeCommunication\": false,\r\n        \"startTask\": {\r\n          \"commandLine\": \"cmd /c dir /s\",\r\n          \"runElevated\": false,\r\n          \"maxTaskRetryCount\": 0,\r\n          \"waitForSuccess\": false\r\n        },\r\n        \"certificateReferences\": [\r\n          {\r\n            \"thumbprint\": \"0123456789abcdef\",\r\n            \"thumbprintAlgorithm\": \"sha1\",\r\n            \"storeLocation\": \"LocalMachine\",\r\n            \"storeName\": \"certStore\",\r\n            \"visibility\": [\r\n              \"starttask\"\r\n            ]\r\n          }\r\n        ],\r\n        \"cloudServiceConfiguration\": {\r\n          \"osFamily\": \"4\",\r\n          \"targetOSVersion\": \"*\"\r\n        }\r\n      }\r\n    }\r\n  },\r\n  \"metadata\": [\r\n    {\r\n      \"name\": \"meta2\",\r\n      \"value\": \"value2\"\r\n    },\r\n    {\r\n      \"name\": \"meta1\",\r\n      \"value\": \"value1\"\r\n    }\r\n  ],\r\n  \"executionInfo\": {\r\n    \"startTime\": \"2016-09-06T05:02:33.9471189Z\",\r\n    \"endTime\": \"2016-09-06T05:02:34.1713915Z\",\r\n    \"poolId\": \"TestSpecPrefix_9AAEEBC1-46DF-49C0-B6DE-AC16356C422A\",\r\n    \"schedulingError\": {\r\n      \"category\": \"UserError\",\r\n      \"code\": \"InvalidCertificatesInAutoPool\",\r\n      \"message\": \"One or more certificates specified for the pool are invalid\",\r\n      \"details\": [\r\n        {\r\n          \"name\": \"sha1-0123456789abcdef\",\r\n          \"value\": \"The specified certificate does not exist.\"\r\n        }\r\n      ]\r\n    }\r\n  },\r\n  \"onAllTasksComplete\": \"noaction\",\r\n  \"onTaskFailure\": \"noaction\"\r\n}",
      "ResponseHeaders": {
        "Content-Type": [
          "application/json; odata=minimalmetadata"
        ],
        "Last-Modified": [
          "Tue, 06 Sep 2016 05:02:33 GMT"
        ],
        "Transfer-Encoding": [
          "chunked"
        ],
        "request-id": [
          "db13db38-af98-4f75-aa6d-5b9b91d920ad"
        ],
        "Strict-Transport-Security": [
          "max-age=31536000; includeSubDomains"
        ],
        "DataServiceVersion": [
          "3.0"
        ],
        "Date": [
          "Tue, 06 Sep 2016 05:02:34 GMT"
        ],
        "ETag": [
          "0x8D3D613036B7F55"
        ],
        "Server": [
          "Microsoft-HTTPAPI/2.0"
        ]
      },
      "StatusCode": 200
    },
    {
      "RequestUri": "/jobs/simple?api-version=2016-07-01.3.1",
      "EncodedRequestUri": "L2pvYnMvc2ltcGxlP2FwaS12ZXJzaW9uPTIwMTYtMDctMDEuMy4x",
      "RequestMethod": "DELETE",
      "RequestBody": "",
      "RequestHeaders": {
        "client-request-id": [
          "e886aaeb-304a-46e7-9e88-d7c4fb3fefc9"
        ],
        "accept-language": [
          "en-US"
        ],
        "ocp-date": [
          "Tue, 06 Sep 2016 05:02:34 GMT"
        ],
        "User-Agent": [
          "Microsoft.Azure.Batch.Protocol.BatchServiceClient/5.1.0.0",
          "AzurePowershell/v1.6.0"
        ]
      },
      "ResponseBody": "",
      "ResponseHeaders": {
        "Transfer-Encoding": [
          "chunked"
        ],
        "request-id": [
          "c466cea6-ed28-49ab-9ae1-9748445f7fce"
        ],
        "Strict-Transport-Security": [
          "max-age=31536000; includeSubDomains"
        ],
        "DataServiceVersion": [
          "3.0"
        ],
        "Date": [
          "Tue, 06 Sep 2016 05:02:34 GMT"
        ],
        "Server": [
          "Microsoft-HTTPAPI/2.0"
        ]
      },
      "StatusCode": 202
    },
    {
      "RequestUri": "/jobs/complex?api-version=2016-07-01.3.1",
      "EncodedRequestUri": "L2pvYnMvY29tcGxleD9hcGktdmVyc2lvbj0yMDE2LTA3LTAxLjMuMQ==",
      "RequestMethod": "DELETE",
      "RequestBody": "",
      "RequestHeaders": {
        "client-request-id": [
          "9a238be7-192d-49db-b419-b03fb5f78184"
        ],
        "accept-language": [
          "en-US"
        ],
        "ocp-date": [
          "Tue, 06 Sep 2016 05:02:35 GMT"
        ],
        "User-Agent": [
          "Microsoft.Azure.Batch.Protocol.BatchServiceClient/5.1.0.0",
          "AzurePowershell/v1.6.0"
        ]
      },
      "ResponseBody": "",
      "ResponseHeaders": {
        "Transfer-Encoding": [
          "chunked"
        ],
        "request-id": [
          "1a3fee08-f7fe-4562-8c22-630f82287bd0"
        ],
        "Strict-Transport-Security": [
          "max-age=31536000; includeSubDomains"
        ],
        "DataServiceVersion": [
          "3.0"
        ],
        "Date": [
          "Tue, 06 Sep 2016 05:02:34 GMT"
        ],
        "Server": [
          "Microsoft-HTTPAPI/2.0"
        ]
      },
      "StatusCode": 202
    }
  ],
  "Names": {},
  "Variables": {
    "SubscriptionId": "46241355-bb95-46a9-ba6c-42b554d71925",
    "AZURE_BATCH_ACCOUNT": "pstestaccount",
    "AZURE_BATCH_ENDPOINT": "https://pstestaccount.centralus.batch.azure.com",
    "AZURE_BATCH_RESOURCE_GROUP": "accountmgmtsamplegroup"
  }
}