{
  "Entries": [
    {
      "RequestUri": "/jobs?api-version=2016-07-01.3.1",
      "EncodedRequestUri": "L2pvYnM/YXBpLXZlcnNpb249MjAxNi0wNy0wMS4zLjE=",
      "RequestMethod": "POST",
      "RequestBody": "{\r\n  \"id\": \"testDisableEnableJob\",\r\n  \"priority\": 0,\r\n  \"poolInfo\": {\r\n    \"poolId\": \"testPool\"\r\n  }\r\n}",
      "RequestHeaders": {
        "Content-Type": [
          "application/json; odata=minimalmetadata; charset=utf-8"
        ],
        "Content-Length": [
          "103"
        ],
        "client-request-id": [
          "21356953-7169-4959-b82e-0b3467f34faf"
        ],
        "accept-language": [
          "en-US"
        ],
        "ocp-date": [
          "Mon, 01 Aug 2016 20:14:34 GMT"
        ],
        "User-Agent": [
          "Microsoft.Azure.Batch.Protocol.BatchServiceClient/5.0.0.0",
          "AzurePowershell/v1.6.0"
        ]
      },
      "ResponseBody": "",
      "ResponseHeaders": {
        "Last-Modified": [
          "Mon, 01 Aug 2016 20:14:33 GMT"
        ],
        "Transfer-Encoding": [
          "chunked"
        ],
        "request-id": [
          "cfd01526-d191-42f3-a867-afb660593d87"
        ],
        "Strict-Transport-Security": [
          "max-age=31536000; includeSubDomains"
        ],
        "DataServiceVersion": [
          "3.0"
        ],
        "DataServiceId": [
          "https://pstestaccount.centralus.batch.azure.com/jobs/job-1"
        ],
        "Date": [
          "Mon, 01 Aug 2016 20:14:33 GMT"
        ],
        "ETag": [
          "0x8D3BA4873CE5E92"
        ],
        "Location": [
          "https://pstestaccount.centralus.batch.azure.com/jobs/job-1"
        ],
        "Server": [
          "Microsoft-HTTPAPI/2.0"
        ]
      },
      "StatusCode": 201
    },
    {
      "RequestUri": "/jobs/testDisableEnableJob?api-version=2016-07-01.3.1",
      "EncodedRequestUri": "L2pvYnMvdGVzdERpc2FibGVFbmFibGVKb2I/YXBpLXZlcnNpb249MjAxNi0wNy0wMS4zLjE=",
      "RequestMethod": "GET",
      "RequestBody": "",
      "RequestHeaders": {
        "client-request-id": [
          "6dd16fbd-7a3f-469a-9b93-fa2f3966da24"
        ],
        "accept-language": [
          "en-US"
        ],
        "ocp-date": [
          "Mon, 01 Aug 2016 20:14:35 GMT"
        ],
        "User-Agent": [
          "Microsoft.Azure.Batch.Protocol.BatchServiceClient/5.0.0.0",
          "AzurePowershell/v1.6.0"
        ]
      },
      "ResponseBody": "{\r\n  \"odata.metadata\": \"https://pstestaccount.centralus.batch.azure.com/$metadata#jobs/@Element\",\r\n  \"id\": \"testDisableEnableJob\",\r\n  \"url\": \"https://pstestaccount.centralus.batch.azure.com/jobs/testDisableEnableJob\",\r\n  \"eTag\": \"0x8D3BA4873CE5E92\",\r\n  \"lastModified\": \"2016-08-01T20:14:33.2688018Z\",\r\n  \"creationTime\": \"2016-08-01T20:14:33.2407599Z\",\r\n  \"state\": \"active\",\r\n  \"stateTransitionTime\": \"2016-08-01T20:14:33.2688018Z\",\r\n  \"priority\": 0,\r\n  \"usesTaskDependencies\": false,\r\n  \"constraints\": {\r\n    \"maxWallClockTime\": \"P10675199DT2H48M5.4775807S\",\r\n    \"maxTaskRetryCount\": 0\r\n  },\r\n  \"poolInfo\": {\r\n    \"poolId\": \"testPool\"\r\n  },\r\n  \"executionInfo\": {\r\n    \"startTime\": \"2016-08-01T20:14:33.2688018Z\",\r\n    \"poolId\": \"testPool\"\r\n  },\r\n  \"onAllTasksComplete\": \"noaction\",\r\n  \"onTaskFailure\": \"noaction\"\r\n}",
      "ResponseHeaders": {
        "Content-Type": [
          "application/json; odata=minimalmetadata"
        ],
        "Last-Modified": [
          "Mon, 01 Aug 2016 20:14:33 GMT"
        ],
        "Transfer-Encoding": [
          "chunked"
        ],
        "request-id": [
          "c607ee2c-0d59-4dca-bce9-bab2cfea4ad7"
        ],
        "Strict-Transport-Security": [
          "max-age=31536000; includeSubDomains"
        ],
        "DataServiceVersion": [
          "3.0"
        ],
        "Date": [
          "Mon, 01 Aug 2016 20:14:34 GMT"
        ],
        "ETag": [
          "0x8D3BA4873CE5E92"
        ],
        "Server": [
          "Microsoft-HTTPAPI/2.0"
        ]
      },
      "StatusCode": 200
    },
    {
      "RequestUri": "/jobs/testDisableEnableJob?api-version=2016-07-01.3.1",
      "EncodedRequestUri": "L2pvYnMvdGVzdERpc2FibGVFbmFibGVKb2I/YXBpLXZlcnNpb249MjAxNi0wNy0wMS4zLjE=",
      "RequestMethod": "GET",
      "RequestBody": "",
      "RequestHeaders": {
        "client-request-id": [
          "61eaa52c-3a20-4a50-92f6-5a68db2cd8e0"
        ],
        "accept-language": [
          "en-US"
        ],
        "ocp-date": [
          "Mon, 01 Aug 2016 20:14:35 GMT"
        ],
        "User-Agent": [
          "Microsoft.Azure.Batch.Protocol.BatchServiceClient/5.0.0.0",
          "AzurePowershell/v1.6.0"
        ]
      },
      "ResponseBody": "{\r\n  \"odata.metadata\": \"https://pstestaccount.centralus.batch.azure.com/$metadata#jobs/@Element\",\r\n  \"id\": \"testDisableEnableJob\",\r\n  \"url\": \"https://pstestaccount.centralus.batch.azure.com/jobs/testDisableEnableJob\",\r\n  \"eTag\": \"0x8D3BA4874444BDA\",\r\n  \"lastModified\": \"2016-08-01T20:14:34.0416474Z\",\r\n  \"creationTime\": \"2016-08-01T20:14:33.2407599Z\",\r\n  \"state\": \"disabled\",\r\n  \"stateTransitionTime\": \"2016-08-01T20:14:34.0982866Z\",\r\n  \"previousState\": \"active\",\r\n  \"previousStateTransitionTime\": \"2016-08-01T20:14:33.2688018Z\",\r\n  \"priority\": 0,\r\n  \"usesTaskDependencies\": false,\r\n  \"constraints\": {\r\n    \"maxWallClockTime\": \"P10675199DT2H48M5.4775807S\",\r\n    \"maxTaskRetryCount\": 0\r\n  },\r\n  \"poolInfo\": {\r\n    \"poolId\": \"testPool\"\r\n  },\r\n  \"executionInfo\": {\r\n    \"startTime\": \"2016-08-01T20:14:33.2688018Z\",\r\n    \"poolId\": \"testPool\"\r\n  },\r\n  \"onAllTasksComplete\": \"noaction\",\r\n  \"onTaskFailure\": \"noaction\"\r\n}",
      "ResponseHeaders": {
        "Content-Type": [
          "application/json; odata=minimalmetadata"
        ],
        "Last-Modified": [
          "Mon, 01 Aug 2016 20:14:34 GMT"
        ],
        "Transfer-Encoding": [
          "chunked"
        ],
        "request-id": [
          "1d491dc0-515d-4d98-8461-537b64d5d92f"
        ],
        "Strict-Transport-Security": [
          "max-age=31536000; includeSubDomains"
        ],
        "DataServiceVersion": [
          "3.0"
        ],
        "Date": [
          "Mon, 01 Aug 2016 20:14:34 GMT"
        ],
        "ETag": [
          "0x8D3BA4874444BDA"
        ],
        "Server": [
          "Microsoft-HTTPAPI/2.0"
        ]
      },
      "StatusCode": 200
    },
    {
      "RequestUri": "/jobs/testDisableEnableJob?api-version=2016-07-01.3.1",
      "EncodedRequestUri": "L2pvYnMvdGVzdERpc2FibGVFbmFibGVKb2I/YXBpLXZlcnNpb249MjAxNi0wNy0wMS4zLjE=",
      "RequestMethod": "GET",
      "RequestBody": "",
      "RequestHeaders": {
        "client-request-id": [
          "97553f49-7645-471b-b426-54cdc1b1e2eb"
        ],
        "accept-language": [
          "en-US"
        ],
        "ocp-date": [
          "Mon, 01 Aug 2016 20:14:35 GMT"
        ],
        "User-Agent": [
          "Microsoft.Azure.Batch.Protocol.BatchServiceClient/5.0.0.0",
          "AzurePowershell/v1.6.0"
        ]
      },
      "ResponseBody": "{\r\n  \"odata.metadata\": \"https://pstestaccount.centralus.batch.azure.com/$metadata#jobs/@Element\",\r\n  \"id\": \"testDisableEnableJob\",\r\n  \"url\": \"https://pstestaccount.centralus.batch.azure.com/jobs/testDisableEnableJob\",\r\n  \"eTag\": \"0x8D3BA487476BC68\",\r\n  \"lastModified\": \"2016-08-01T20:14:34.3722088Z\",\r\n  \"creationTime\": \"2016-08-01T20:14:33.2407599Z\",\r\n  \"state\": \"disabling\",\r\n  \"stateTransitionTime\": \"2016-08-01T20:14:34.3722088Z\",\r\n  \"previousState\": \"active\",\r\n  \"previousStateTransitionTime\": \"2016-08-01T20:14:34.1952847Z\",\r\n  \"priority\": 0,\r\n  \"usesTaskDependencies\": false,\r\n  \"constraints\": {\r\n    \"maxWallClockTime\": \"P10675199DT2H48M5.4775807S\",\r\n    \"maxTaskRetryCount\": 0\r\n  },\r\n  \"poolInfo\": {\r\n    \"poolId\": \"testPool\"\r\n  },\r\n  \"executionInfo\": {\r\n    \"startTime\": \"2016-08-01T20:14:33.2688018Z\",\r\n    \"poolId\": \"testPool\"\r\n  },\r\n  \"onAllTasksComplete\": \"noaction\",\r\n  \"onTaskFailure\": \"noaction\"\r\n}",
      "ResponseHeaders": {
        "Content-Type": [
          "application/json; odata=minimalmetadata"
        ],
        "Last-Modified": [
          "Mon, 01 Aug 2016 20:14:34 GMT"
        ],
        "Transfer-Encoding": [
          "chunked"
        ],
        "request-id": [
          "ca22ddfb-d49a-4d50-9a61-7188ea53c654"
        ],
        "Strict-Transport-Security": [
          "max-age=31536000; includeSubDomains"
        ],
        "DataServiceVersion": [
          "3.0"
        ],
        "Date": [
          "Mon, 01 Aug 2016 20:14:35 GMT"
        ],
        "ETag": [
          "0x8D3BA487476BC68"
        ],
        "Server": [
          "Microsoft-HTTPAPI/2.0"
        ]
      },
      "StatusCode": 200
    },
    {
      "RequestUri": "/jobs/testDisableEnableJob/disable?api-version=2016-07-01.3.1",
      "EncodedRequestUri": "L2pvYnMvdGVzdERpc2FibGVFbmFibGVKb2IvZGlzYWJsZT9hcGktdmVyc2lvbj0yMDE2LTA3LTAxLjMuMQ==",
      "RequestMethod": "POST",
      "RequestBody": "{\r\n  \"disableTasks\": \"terminate\"\r\n}",
      "RequestHeaders": {
        "Content-Type": [
          "application/json; odata=minimalmetadata; charset=utf-8"
        ],
        "Content-Length": [
          "35"
        ],
        "client-request-id": [
          "8339dca3-0448-4e1b-8d90-2fdfffb18547"
        ],
        "accept-language": [
          "en-US"
        ],
        "ocp-date": [
          "Mon, 01 Aug 2016 20:14:35 GMT"
        ],
        "User-Agent": [
          "Microsoft.Azure.Batch.Protocol.BatchServiceClient/5.0.0.0",
          "AzurePowershell/v1.6.0"
        ]
      },
      "ResponseBody": "",
      "ResponseHeaders": {
        "Last-Modified": [
          "Mon, 01 Aug 2016 20:14:34 GMT"
        ],
        "Transfer-Encoding": [
          "chunked"
        ],
        "request-id": [
          "b4b8ab14-58c9-4563-ab19-07b2310379cf"
        ],
        "Strict-Transport-Security": [
          "max-age=31536000; includeSubDomains"
        ],
        "DataServiceVersion": [
          "3.0"
        ],
        "DataServiceId": [
          "https://pstestaccount.centralus.batch.azure.com/jobs/testDisableEnableJob/disable"
        ],
        "Date": [
          "Mon, 01 Aug 2016 20:14:34 GMT"
        ],
        "ETag": [
          "0x8D3BA4874444BDA"
        ],
        "Server": [
          "Microsoft-HTTPAPI/2.0"
        ]
      },
      "StatusCode": 202
    },
    {
      "RequestUri": "/jobs/testDisableEnableJob/disable?api-version=2016-07-01.3.1",
      "EncodedRequestUri": "L2pvYnMvdGVzdERpc2FibGVFbmFibGVKb2IvZGlzYWJsZT9hcGktdmVyc2lvbj0yMDE2LTA3LTAxLjMuMQ==",
      "RequestMethod": "POST",
      "RequestBody": "{\r\n  \"disableTasks\": \"terminate\"\r\n}",
      "RequestHeaders": {
        "Content-Type": [
          "application/json; odata=minimalmetadata; charset=utf-8"
        ],
        "Content-Length": [
          "35"
        ],
        "client-request-id": [
          "dcdc65f2-3123-4878-be36-146cf6e378b4"
        ],
        "accept-language": [
          "en-US"
        ],
        "ocp-date": [
          "Mon, 01 Aug 2016 20:14:35 GMT"
        ],
        "User-Agent": [
          "Microsoft.Azure.Batch.Protocol.BatchServiceClient/5.0.0.0",
          "AzurePowershell/v1.6.0"
        ]
      },
      "ResponseBody": "",
      "ResponseHeaders": {
        "Last-Modified": [
          "Mon, 01 Aug 2016 20:14:34 GMT"
        ],
        "Transfer-Encoding": [
          "chunked"
        ],
        "request-id": [
          "754082e5-f0ff-4135-b6aa-c10eb10f7276"
        ],
        "Strict-Transport-Security": [
          "max-age=31536000; includeSubDomains"
        ],
        "DataServiceVersion": [
          "3.0"
        ],
        "DataServiceId": [
          "https://pstestaccount.centralus.batch.azure.com/jobs/testDisableEnableJob/disable"
        ],
        "Date": [
          "Mon, 01 Aug 2016 20:14:35 GMT"
        ],
        "ETag": [
          "0x8D3BA487476BC68"
        ],
        "Server": [
          "Microsoft-HTTPAPI/2.0"
        ]
      },
      "StatusCode": 202
    },
    {
      "RequestUri": "/jobs/testDisableEnableJob/enable?api-version=2016-07-01.3.1",
      "EncodedRequestUri": "L2pvYnMvdGVzdERpc2FibGVFbmFibGVKb2IvZW5hYmxlP2FwaS12ZXJzaW9uPTIwMTYtMDctMDEuMy4x",
      "RequestMethod": "POST",
      "RequestBody": "",
      "RequestHeaders": {
        "client-request-id": [
          "51969593-e420-460f-a5b7-c6f30714750f"
        ],
        "accept-language": [
          "en-US"
        ],
        "ocp-date": [
          "Mon, 01 Aug 2016 20:14:35 GMT"
        ],
        "User-Agent": [
          "Microsoft.Azure.Batch.Protocol.BatchServiceClient/5.0.0.0",
          "AzurePowershell/v1.6.0"
        ]
      },
      "ResponseBody": "",
      "ResponseHeaders": {
        "Last-Modified": [
          "Mon, 01 Aug 2016 20:14:34 GMT"
        ],
        "Transfer-Encoding": [
          "chunked"
        ],
        "request-id": [
          "a49f6604-d0c3-4030-84da-08aa61ddbdc1"
        ],
        "Strict-Transport-Security": [
          "max-age=31536000; includeSubDomains"
        ],
        "DataServiceVersion": [
          "3.0"
        ],
        "DataServiceId": [
          "https://pstestaccount.centralus.batch.azure.com/jobs/testDisableEnableJob/enable"
        ],
        "Date": [
          "Mon, 01 Aug 2016 20:14:35 GMT"
        ],
        "ETag": [
          "0x8D3BA48745BBD4F"
        ],
        "Server": [
          "Microsoft-HTTPAPI/2.0"
        ]
      },
      "StatusCode": 202
    },
    {
      "RequestUri": "/jobs/testDisableEnableJob/enable?api-version=2016-07-01.3.1",
      "EncodedRequestUri": "L2pvYnMvdGVzdERpc2FibGVFbmFibGVKb2IvZW5hYmxlP2FwaS12ZXJzaW9uPTIwMTYtMDctMDEuMy4x",
      "RequestMethod": "POST",
      "RequestBody": "",
      "RequestHeaders": {
        "client-request-id": [
          "847e8c34-60fa-446f-8f3c-8a893bea8401"
        ],
        "accept-language": [
          "en-US"
        ],
        "ocp-date": [
          "Mon, 01 Aug 2016 20:14:36 GMT"
        ],
        "User-Agent": [
          "Microsoft.Azure.Batch.Protocol.BatchServiceClient/5.0.0.0",
          "AzurePowershell/v1.6.0"
        ]
      },
      "ResponseBody": "",
      "ResponseHeaders": {
        "Last-Modified": [
          "Mon, 01 Aug 2016 20:14:34 GMT"
        ],
        "Transfer-Encoding": [
          "chunked"
        ],
        "request-id": [
          "18f7e4e3-7b4a-4773-bd64-18ff1ffa9a69"
        ],
        "Strict-Transport-Security": [
          "max-age=31536000; includeSubDomains"
        ],
        "DataServiceVersion": [
          "3.0"
        ],
        "DataServiceId": [
          "https://pstestaccount.centralus.batch.azure.com/jobs/testDisableEnableJob/enable"
        ],
        "Date": [
          "Mon, 01 Aug 2016 20:14:35 GMT"
        ],
        "ETag": [
          "0x8D3BA4874896055"
        ],
        "Server": [
          "Microsoft-HTTPAPI/2.0"
        ]
      },
      "StatusCode": 202
    },
    {
      "RequestUri": "/jobs?api-version=2016-07-01.3.1&$filter=id%20eq%20'testDisableEnableJob'",
      "EncodedRequestUri": "L2pvYnM/YXBpLXZlcnNpb249MjAxNi0wNy0wMS4zLjEmJGZpbHRlcj1pZCUyMGVxJTIwJTI3dGVzdERpc2FibGVFbmFibGVKb2IlMjc=",
      "RequestMethod": "GET",
      "RequestBody": "",
      "RequestHeaders": {
        "client-request-id": [
          "5d237d43-b84b-4d03-8327-8f6f4012cb95"
        ],
        "accept-language": [
          "en-US"
        ],
        "ocp-date": [
          "Mon, 01 Aug 2016 20:14:35 GMT"
        ],
        "User-Agent": [
          "Microsoft.Azure.Batch.Protocol.BatchServiceClient/5.0.0.0",
          "AzurePowershell/v1.6.0"
        ]
      },
      "ResponseBody": "{\r\n  \"odata.metadata\": \"https://pstestaccount.centralus.batch.azure.com/$metadata#jobs\",\r\n  \"value\": [\r\n    {\r\n      \"id\": \"testDisableEnableJob\",\r\n      \"url\": \"https://pstestaccount.centralus.batch.azure.com/jobs/testDisableEnableJob\",\r\n      \"eTag\": \"0x8D3BA48745BBD4F\",\r\n      \"lastModified\": \"2016-08-01T20:14:34.1952847Z\",\r\n      \"creationTime\": \"2016-08-01T20:14:33.2407599Z\",\r\n      \"state\": \"active\",\r\n      \"stateTransitionTime\": \"2016-08-01T20:14:34.1952847Z\",\r\n      \"previousState\": \"disabled\",\r\n      \"previousStateTransitionTime\": \"2016-08-01T20:14:34.0982866Z\",\r\n      \"priority\": 0,\r\n      \"usesTaskDependencies\": false,\r\n      \"constraints\": {\r\n        \"maxWallClockTime\": \"P10675199DT2H48M5.4775807S\",\r\n        \"maxTaskRetryCount\": 0\r\n      },\r\n      \"poolInfo\": {\r\n        \"poolId\": \"testPool\"\r\n      },\r\n      \"executionInfo\": {\r\n        \"startTime\": \"2016-08-01T20:14:33.2688018Z\",\r\n        \"poolId\": \"testPool\"\r\n      },\r\n      \"onAllTasksComplete\": \"noaction\",\r\n      \"onTaskFailure\": \"noaction\"\r\n    }\r\n  ]\r\n}",
      "ResponseHeaders": {
        "Content-Type": [
          "application/json; odata=minimalmetadata"
        ],
        "Transfer-Encoding": [
          "chunked"
        ],
        "request-id": [
          "ff4ef94c-cc45-419a-bb9b-5dffe9bdbbb6"
        ],
        "Strict-Transport-Security": [
          "max-age=31536000; includeSubDomains"
        ],
        "DataServiceVersion": [
          "3.0"
        ],
        "Date": [
          "Mon, 01 Aug 2016 20:14:35 GMT"
        ],
        "Server": [
          "Microsoft-HTTPAPI/2.0"
        ]
      },
      "StatusCode": 200
    },
    {
      "RequestUri": "/jobs?api-version=2016-07-01.3.1&$filter=id%20eq%20'testDisableEnableJob'",
      "EncodedRequestUri": "L2pvYnM/YXBpLXZlcnNpb249MjAxNi0wNy0wMS4zLjEmJGZpbHRlcj1pZCUyMGVxJTIwJTI3dGVzdERpc2FibGVFbmFibGVKb2IlMjc=",
      "RequestMethod": "GET",
      "RequestBody": "",
      "RequestHeaders": {
        "client-request-id": [
          "5a028ded-e29f-4c7f-8efa-5f2cf905f955"
        ],
        "accept-language": [
          "en-US"
        ],
        "ocp-date": [
          "Mon, 01 Aug 2016 20:14:36 GMT"
        ],
        "User-Agent": [
          "Microsoft.Azure.Batch.Protocol.BatchServiceClient/5.0.0.0",
          "AzurePowershell/v1.6.0"
        ]
      },
      "ResponseBody": "{\r\n  \"odata.metadata\": \"https://pstestaccount.centralus.batch.azure.com/$metadata#jobs\",\r\n  \"value\": [\r\n    {\r\n      \"id\": \"testDisableEnableJob\",\r\n      \"url\": \"https://pstestaccount.centralus.batch.azure.com/jobs/testDisableEnableJob\",\r\n      \"eTag\": \"0x8D3BA4874896055\",\r\n      \"lastModified\": \"2016-08-01T20:14:34.4943701Z\",\r\n      \"creationTime\": \"2016-08-01T20:14:33.2407599Z\",\r\n      \"state\": \"active\",\r\n      \"stateTransitionTime\": \"2016-08-01T20:14:34.4943701Z\",\r\n      \"previousState\": \"active\",\r\n      \"previousStateTransitionTime\": \"2016-08-01T20:14:34.1952847Z\",\r\n      \"priority\": 0,\r\n      \"usesTaskDependencies\": false,\r\n      \"constraints\": {\r\n        \"maxWallClockTime\": \"P10675199DT2H48M5.4775807S\",\r\n        \"maxTaskRetryCount\": 0\r\n      },\r\n      \"poolInfo\": {\r\n        \"poolId\": \"testPool\"\r\n      },\r\n      \"executionInfo\": {\r\n        \"startTime\": \"2016-08-01T20:14:33.2688018Z\",\r\n        \"poolId\": \"testPool\"\r\n      },\r\n      \"onAllTasksComplete\": \"noaction\",\r\n      \"onTaskFailure\": \"noaction\"\r\n    }\r\n  ]\r\n}",
      "ResponseHeaders": {
        "Content-Type": [
          "application/json; odata=minimalmetadata"
        ],
        "Transfer-Encoding": [
          "chunked"
        ],
        "request-id": [
          "238a1ae3-e2ec-46e8-9524-879722718e43"
        ],
        "Strict-Transport-Security": [
          "max-age=31536000; includeSubDomains"
        ],
        "DataServiceVersion": [
          "3.0"
        ],
        "Date": [
          "Mon, 01 Aug 2016 20:14:35 GMT"
        ],
        "Server": [
          "Microsoft-HTTPAPI/2.0"
        ]
      },
      "StatusCode": 200
    },
    {
      "RequestUri": "/jobs/testDisableEnableJob?api-version=2016-07-01.3.1",
      "EncodedRequestUri": "L2pvYnMvdGVzdERpc2FibGVFbmFibGVKb2I/YXBpLXZlcnNpb249MjAxNi0wNy0wMS4zLjE=",
      "RequestMethod": "DELETE",
      "RequestBody": "",
      "RequestHeaders": {
        "client-request-id": [
          "62bb4c37-b18c-4bb1-8914-e18257f8654a"
        ],
        "accept-language": [
          "en-US"
        ],
        "ocp-date": [
          "Mon, 01 Aug 2016 20:14:36 GMT"
        ],
        "User-Agent": [
          "Microsoft.Azure.Batch.Protocol.BatchServiceClient/5.0.0.0",
          "AzurePowershell/v1.6.0"
        ]
      },
      "ResponseBody": "",
      "ResponseHeaders": {
        "Transfer-Encoding": [
          "chunked"
        ],
        "request-id": [
          "304fd030-bbe5-4431-98ff-869e4f57a0f1"
        ],
        "Strict-Transport-Security": [
          "max-age=31536000; includeSubDomains"
        ],
        "DataServiceVersion": [
          "3.0"
        ],
        "Date": [
          "Mon, 01 Aug 2016 20:14:34 GMT"
        ],
        "Server": [
          "Microsoft-HTTPAPI/2.0"
        ]
      },
      "StatusCode": 202
    }
  ],
  "Names": {},
  "Variables": {
    "SubscriptionId": "46241355-bb95-46a9-ba6c-42b554d71925",
    "AZURE_BATCH_ACCOUNT": "pstestaccount",
    "AZURE_BATCH_ENDPOINT": "https://pstestaccount.centralus.batch.azure.com",
    "AZURE_BATCH_RESOURCE_GROUP": "AccountMgmtSampleGroup"
  }
}