{
  "Entries": [
    {
      "RequestUri": "/jobs?api-version=2016-07-01.3.1",
      "EncodedRequestUri": "L2pvYnM/YXBpLXZlcnNpb249MjAxNi0wNy0wMS4zLjE=",
      "RequestMethod": "POST",
      "RequestBody": "{\r\n  \"id\": \"testTerminateJobPipeline\",\r\n  \"priority\": 0,\r\n  \"poolInfo\": {\r\n    \"poolId\": \"testPool\"\r\n  }\r\n}",
      "RequestHeaders": {
        "Content-Type": [
          "application/json; odata=minimalmetadata; charset=utf-8"
        ],
        "Content-Length": [
          "107"
        ],
        "client-request-id": [
          "8bfd662f-9413-4d2d-9e27-4f62888bdbd7"
        ],
        "accept-language": [
          "en-US"
        ],
        "ocp-date": [
          "Tue, 06 Sep 2016 05:05:44 GMT"
        ],
        "User-Agent": [
          "Microsoft.Azure.Batch.Protocol.BatchServiceClient/5.1.0.0",
          "AzurePowershell/v1.6.0"
        ]
      },
      "ResponseBody": "",
      "ResponseHeaders": {
        "Last-Modified": [
          "Tue, 06 Sep 2016 05:05:45 GMT"
        ],
        "Transfer-Encoding": [
          "chunked"
        ],
        "request-id": [
          "9fa37212-e4a3-4db7-a998-b4ced2ab39bb"
        ],
        "Strict-Transport-Security": [
          "max-age=31536000; includeSubDomains"
        ],
        "DataServiceVersion": [
          "3.0"
        ],
        "DataServiceId": [
          "https://pstestaccount.centralus.batch.azure.com/jobs/job-1"
        ],
        "Date": [
          "Tue, 06 Sep 2016 05:05:45 GMT"
        ],
        "ETag": [
          "0x8D3D61375A1D6AA"
        ],
        "Location": [
          "https://pstestaccount.centralus.batch.azure.com/jobs/job-1"
        ],
        "Server": [
          "Microsoft-HTTPAPI/2.0"
        ]
      },
      "StatusCode": 201
    },
    {
      "RequestUri": "/jobs/testTerminateJobPipeline?api-version=2016-07-01.3.1",
      "EncodedRequestUri": "L2pvYnMvdGVzdFRlcm1pbmF0ZUpvYlBpcGVsaW5lP2FwaS12ZXJzaW9uPTIwMTYtMDctMDEuMy4x",
      "RequestMethod": "GET",
      "RequestBody": "",
      "RequestHeaders": {
        "client-request-id": [
          "d0cd0a83-368f-4085-b7ef-835b6a892fb8"
        ],
        "accept-language": [
          "en-US"
        ],
        "ocp-date": [
          "Tue, 06 Sep 2016 05:05:45 GMT"
        ],
        "User-Agent": [
          "Microsoft.Azure.Batch.Protocol.BatchServiceClient/5.1.0.0",
          "AzurePowershell/v1.6.0"
        ]
      },
      "ResponseBody": "{\r\n  \"odata.metadata\": \"https://pstestaccount.centralus.batch.azure.com/$metadata#jobs/@Element\",\r\n  \"id\": \"testTerminateJobPipeline\",\r\n  \"url\": \"https://pstestaccount.centralus.batch.azure.com/jobs/testTerminateJobPipeline\",\r\n  \"eTag\": \"0x8D3D61375A1D6AA\",\r\n  \"lastModified\": \"2016-09-06T05:05:45.5635114Z\",\r\n  \"creationTime\": \"2016-09-06T05:05:45.5303923Z\",\r\n  \"state\": \"active\",\r\n  \"stateTransitionTime\": \"2016-09-06T05:05:45.5635114Z\",\r\n  \"priority\": 0,\r\n  \"usesTaskDependencies\": false,\r\n  \"constraints\": {\r\n    \"maxWallClockTime\": \"P10675199DT2H48M5.4775807S\",\r\n    \"maxTaskRetryCount\": 0\r\n  },\r\n  \"poolInfo\": {\r\n    \"poolId\": \"testPool\"\r\n  },\r\n  \"executionInfo\": {\r\n    \"startTime\": \"2016-09-06T05:05:45.5635114Z\",\r\n    \"poolId\": \"testPool\"\r\n  },\r\n  \"onAllTasksComplete\": \"noaction\",\r\n  \"onTaskFailure\": \"noaction\"\r\n}",
      "ResponseHeaders": {
        "Content-Type": [
          "application/json; odata=minimalmetadata"
        ],
        "Last-Modified": [
          "Tue, 06 Sep 2016 05:05:45 GMT"
        ],
        "Transfer-Encoding": [
          "chunked"
        ],
        "request-id": [
          "5f0b8f08-9daa-442a-b133-a5cd5dec1be7"
        ],
        "Strict-Transport-Security": [
          "max-age=31536000; includeSubDomains"
        ],
        "DataServiceVersion": [
          "3.0"
        ],
        "Date": [
          "Tue, 06 Sep 2016 05:05:47 GMT"
        ],
        "ETag": [
          "0x8D3D61375A1D6AA"
        ],
        "Server": [
          "Microsoft-HTTPAPI/2.0"
        ]
      },
      "StatusCode": 200
    },
    {
      "RequestUri": "/jobs/testTerminateJobPipeline?api-version=2016-07-01.3.1",
      "EncodedRequestUri": "L2pvYnMvdGVzdFRlcm1pbmF0ZUpvYlBpcGVsaW5lP2FwaS12ZXJzaW9uPTIwMTYtMDctMDEuMy4x",
      "RequestMethod": "GET",
      "RequestBody": "",
      "RequestHeaders": {
        "client-request-id": [
          "dba5acca-85eb-438c-b7c7-da127c2552ed"
        ],
        "accept-language": [
          "en-US"
        ],
        "ocp-date": [
          "Tue, 06 Sep 2016 05:05:47 GMT"
        ],
        "User-Agent": [
          "Microsoft.Azure.Batch.Protocol.BatchServiceClient/5.1.0.0",
          "AzurePowershell/v1.6.0"
        ]
      },
      "ResponseBody": "{\r\n  \"odata.metadata\": \"https://pstestaccount.centralus.batch.azure.com/$metadata#jobs/@Element\",\r\n  \"id\": \"testTerminateJobPipeline\",\r\n  \"url\": \"https://pstestaccount.centralus.batch.azure.com/jobs/testTerminateJobPipeline\",\r\n  \"eTag\": \"0x8D3D61376951F85\",\r\n  \"lastModified\": \"2016-09-06T05:05:47.1579013Z\",\r\n  \"creationTime\": \"2016-09-06T05:05:45.5303923Z\",\r\n  \"state\": \"completed\",\r\n  \"stateTransitionTime\": \"2016-09-06T05:05:47.4223888Z\",\r\n  \"previousState\": \"active\",\r\n  \"previousStateTransitionTime\": \"2016-09-06T05:05:45.5635114Z\",\r\n  \"priority\": 0,\r\n  \"usesTaskDependencies\": false,\r\n  \"constraints\": {\r\n    \"maxWallClockTime\": \"P10675199DT2H48M5.4775807S\",\r\n    \"maxTaskRetryCount\": 0\r\n  },\r\n  \"poolInfo\": {\r\n    \"poolId\": \"testPool\"\r\n  },\r\n  \"executionInfo\": {\r\n    \"startTime\": \"2016-09-06T05:05:45.5635114Z\",\r\n    \"endTime\": \"2016-09-06T05:05:47.4223888Z\",\r\n    \"poolId\": \"testPool\",\r\n    \"terminateReason\": \"test\"\r\n  },\r\n  \"onAllTasksComplete\": \"noaction\",\r\n  \"onTaskFailure\": \"noaction\"\r\n}",
      "ResponseHeaders": {
        "Content-Type": [
          "application/json; odata=minimalmetadata"
        ],
        "Last-Modified": [
          "Tue, 06 Sep 2016 05:05:47 GMT"
        ],
        "Transfer-Encoding": [
          "chunked"
        ],
        "request-id": [
          "ba7149cf-e0b5-4e15-af41-375d7d871545"
        ],
        "Strict-Transport-Security": [
          "max-age=31536000; includeSubDomains"
        ],
        "DataServiceVersion": [
          "3.0"
        ],
        "Date": [
          "Tue, 06 Sep 2016 05:05:48 GMT"
        ],
        "ETag": [
          "0x8D3D61376951F85"
        ],
        "Server": [
          "Microsoft-HTTPAPI/2.0"
        ]
      },
      "StatusCode": 200
    },
    {
      "RequestUri": "/jobs/testTerminateJobPipeline/terminate?api-version=2016-07-01.3.1",
      "EncodedRequestUri": "L2pvYnMvdGVzdFRlcm1pbmF0ZUpvYlBpcGVsaW5lL3Rlcm1pbmF0ZT9hcGktdmVyc2lvbj0yMDE2LTA3LTAxLjMuMQ==",
      "RequestMethod": "POST",
      "RequestBody": "{\r\n  \"terminateReason\": \"test\"\r\n}",
      "RequestHeaders": {
        "Content-Type": [
          "application/json; odata=minimalmetadata; charset=utf-8"
        ],
        "Content-Length": [
          "33"
        ],
        "client-request-id": [
          "24318283-29bd-4c83-a87d-269bb7e38bc7"
        ],
        "accept-language": [
          "en-US"
        ],
        "ocp-date": [
          "Tue, 06 Sep 2016 05:05:46 GMT"
        ],
        "User-Agent": [
          "Microsoft.Azure.Batch.Protocol.BatchServiceClient/5.1.0.0",
          "AzurePowershell/v1.6.0"
        ]
      },
      "ResponseBody": "",
      "ResponseHeaders": {
        "Last-Modified": [
          "Tue, 06 Sep 2016 05:05:47 GMT"
        ],
        "Transfer-Encoding": [
          "chunked"
        ],
        "request-id": [
          "34c8c04f-aced-46e1-8366-bc2bca637130"
        ],
        "Strict-Transport-Security": [
          "max-age=31536000; includeSubDomains"
        ],
        "DataServiceVersion": [
          "3.0"
        ],
        "DataServiceId": [
          "https://pstestaccount.centralus.batch.azure.com/jobs/testTerminateJobPipeline/terminate"
        ],
        "Date": [
          "Tue, 06 Sep 2016 05:05:47 GMT"
        ],
        "ETag": [
          "0x8D3D61376951F85"
        ],
        "Server": [
          "Microsoft-HTTPAPI/2.0"
        ]
      },
      "StatusCode": 202
    },
    {
      "RequestUri": "/jobs/testTerminateJobPipeline?api-version=2016-07-01.3.1",
      "EncodedRequestUri": "L2pvYnMvdGVzdFRlcm1pbmF0ZUpvYlBpcGVsaW5lP2FwaS12ZXJzaW9uPTIwMTYtMDctMDEuMy4x",
      "RequestMethod": "DELETE",
      "RequestBody": "",
      "RequestHeaders": {
        "client-request-id": [
          "556d38d7-63b5-451f-aefc-72cf6556d69b"
        ],
        "accept-language": [
          "en-US"
        ],
        "ocp-date": [
          "Tue, 06 Sep 2016 05:05:47 GMT"
        ],
        "User-Agent": [
          "Microsoft.Azure.Batch.Protocol.BatchServiceClient/5.1.0.0",
          "AzurePowershell/v1.6.0"
        ]
      },
      "ResponseBody": "",
      "ResponseHeaders": {
        "Transfer-Encoding": [
          "chunked"
        ],
        "request-id": [
          "4decde27-ddbf-4054-85ba-f35f65362a01"
        ],
        "Strict-Transport-Security": [
          "max-age=31536000; includeSubDomains"
        ],
        "DataServiceVersion": [
          "3.0"
        ],
        "Date": [
          "Tue, 06 Sep 2016 05:05:47 GMT"
        ],
        "Server": [
          "Microsoft-HTTPAPI/2.0"
        ]
      },
      "StatusCode": 202
    }
  ],
  "Names": {},
  "Variables": {
    "SubscriptionId": "46241355-bb95-46a9-ba6c-42b554d71925",
    "AZURE_BATCH_ACCOUNT": "pstestaccount",
    "AZURE_BATCH_ENDPOINT": "https://pstestaccount.centralus.batch.azure.com",
    "AZURE_BATCH_RESOURCE_GROUP": "accountmgmtsamplegroup"
  }
}