{
  "Entries": [
    {
      "RequestUri": "/subscriptions/8313371e-0879-428e-b1da-6353575a9192/resourcegroups/ps6407?api-version=2016-09-01",
      "EncodedRequestUri": "L3N1YnNjcmlwdGlvbnMvODMxMzM3MWUtMDg3OS00MjhlLWIxZGEtNjM1MzU3NWE5MTkyL3Jlc291cmNlZ3JvdXBzL3BzNjQwNz9hcGktdmVyc2lvbj0yMDE2LTA5LTAx",
      "RequestMethod": "PUT",
      "RequestBody": "{\r\n  \"location\": \"westcentralus\"\r\n}",
      "RequestHeaders": {
        "x-ms-client-request-id": [
          "d8f77472-e756-434e-b029-2d101d334e7f"
        ],
        "Accept-Language": [
          "en-US"
        ],
        "User-Agent": [
          "FxVersion/4.6.30411.01",
          "OSName/Windows",
          "OSVersion/Microsoft.Windows.10.0.17763.",
          "Microsoft.Azure.Management.Internal.Resources.ResourceManagementClient/1.3.51"
        ],
        "Content-Type": [
          "application/json; charset=utf-8"
        ],
        "Content-Length": [
          "35"
        ]
      },
      "ResponseHeaders": {
        "Cache-Control": [
          "no-cache"
        ],
        "Pragma": [
          "no-cache"
        ],
        "x-ms-ratelimit-remaining-subscription-writes": [
          "1199"
        ],
        "x-ms-request-id": [
          "536d4bf7-bc1d-4bc1-89c8-f63723ef8c39"
        ],
        "x-ms-correlation-request-id": [
          "536d4bf7-bc1d-4bc1-89c8-f63723ef8c39"
        ],
        "x-ms-routing-request-id": [
          "UKSOUTH:20211101T183429Z:536d4bf7-bc1d-4bc1-89c8-f63723ef8c39"
        ],
        "Strict-Transport-Security": [
          "max-age=31536000; includeSubDomains"
        ],
        "X-Content-Type-Options": [
          "nosniff"
        ],
        "Date": [
          "Mon, 01 Nov 2021 18:34:28 GMT"
        ],
        "Content-Length": [
          "172"
        ],
        "Content-Type": [
          "application/json; charset=utf-8"
        ],
        "Expires": [
          "-1"
        ]
      },
      "ResponseBody": "{\r\n  \"id\": \"/subscriptions/8313371e-0879-428e-b1da-6353575a9192/resourceGroups/ps6407\",\r\n  \"name\": \"ps6407\",\r\n  \"location\": \"westcentralus\",\r\n  \"properties\": {\r\n    \"provisioningState\": \"Succeeded\"\r\n  }\r\n}",
      "StatusCode": 201
    },
    {
      "RequestUri": "/subscriptions/8313371e-0879-428e-b1da-6353575a9192/resourceGroups/ps6407/providers/Microsoft.Sql/managedInstances/ps98?api-version=2020-11-01-preview",
      "EncodedRequestUri": "L3N1YnNjcmlwdGlvbnMvODMxMzM3MWUtMDg3OS00MjhlLWIxZGEtNjM1MzU3NWE5MTkyL3Jlc291cmNlR3JvdXBzL3BzNjQwNy9wcm92aWRlcnMvTWljcm9zb2Z0LlNxbC9tYW5hZ2VkSW5zdGFuY2VzL3BzOTg/YXBpLXZlcnNpb249MjAyMC0xMS0wMS1wcmV2aWV3",
      "RequestMethod": "GET",
      "RequestBody": "",
      "RequestHeaders": {
        "x-ms-client-request-id": [
          "ff74c12d-e000-4f2c-a81e-f6cd8074d56d"
        ],
        "Accept-Language": [
          "en-US"
        ],
        "User-Agent": [
          "FxVersion/4.6.30411.01",
          "OSName/Windows",
          "OSVersion/Microsoft.Windows.10.0.17763.",
          "Microsoft.Azure.Management.Sql.SqlManagementClient/1.56.0.0"
        ]
      },
      "ResponseHeaders": {
        "Cache-Control": [
          "no-cache"
        ],
        "Pragma": [
          "no-cache"
        ],
        "x-ms-failure-cause": [
          "gateway"
        ],
        "x-ms-request-id": [
          "9c54c0ce-71e7-4f41-817a-2cb36bc33eec"
        ],
        "x-ms-correlation-request-id": [
          "9c54c0ce-71e7-4f41-817a-2cb36bc33eec"
        ],
        "x-ms-routing-request-id": [
          "UKSOUTH:20211101T183431Z:9c54c0ce-71e7-4f41-817a-2cb36bc33eec"
        ],
        "Strict-Transport-Security": [
          "max-age=31536000; includeSubDomains"
        ],
        "X-Content-Type-Options": [
          "nosniff"
        ],
        "Date": [
          "Mon, 01 Nov 2021 18:34:30 GMT"
        ],
        "Content-Type": [
          "application/json; charset=utf-8"
        ],
        "Expires": [
          "-1"
        ],
        "Content-Length": [
          "213"
        ]
      },
      "ResponseBody": "{\r\n  \"error\": {\r\n    \"code\": \"ResourceNotFound\",\r\n    \"message\": \"The Resource 'Microsoft.Sql/managedInstances/ps98' under resource group 'ps6407' was not found. For more details please go to https://aka.ms/ARMResourceNotFoundFix\"\r\n  }\r\n}",
      "StatusCode": 404
    },
    {
      "RequestUri": "/subscriptions/8313371e-0879-428e-b1da-6353575a9192/resourceGroups/ps6407/providers/Microsoft.Sql/managedInstances/ps98?api-version=2020-11-01-preview",
      "EncodedRequestUri": "L3N1YnNjcmlwdGlvbnMvODMxMzM3MWUtMDg3OS00MjhlLWIxZGEtNjM1MzU3NWE5MTkyL3Jlc291cmNlR3JvdXBzL3BzNjQwNy9wcm92aWRlcnMvTWljcm9zb2Z0LlNxbC9tYW5hZ2VkSW5zdGFuY2VzL3BzOTg/YXBpLXZlcnNpb249MjAyMC0xMS0wMS1wcmV2aWV3",
      "RequestMethod": "PUT",
      "RequestBody": "{\r\n  \"identity\": {\r\n    \"type\": \"SystemAssigned\"\r\n  },\r\n  \"sku\": {\r\n    \"name\": \"GP_Gen5\"\r\n  },\r\n  \"properties\": {\r\n    \"administratorLogin\": \"testusername\",\r\n    \"administratorLoginPassword\": \"t357ingP@s5w0rd!\",\r\n    \"subnetId\": \"/subscriptions/8313371e-0879-428e-b1da-6353575a9192/resourceGroups/CustomerExperienceTeam_RG/providers/Microsoft.Network/virtualNetworks/vnet-mi-tooling/subnets/ManagedInstance\",\r\n    \"vCores\": 4,\r\n    \"publicDataEndpointEnabled\": false,\r\n    \"zoneRedundant\": true\r\n  },\r\n  \"location\": \"westcentralus\"\r\n}",
      "RequestHeaders": {
        "x-ms-client-request-id": [
          "ff74c12d-e000-4f2c-a81e-f6cd8074d56d"
        ],
        "Accept-Language": [
          "en-US"
        ],
        "User-Agent": [
          "FxVersion/4.6.30411.01",
          "OSName/Windows",
          "OSVersion/Microsoft.Windows.10.0.17763.",
          "Microsoft.Azure.Management.Sql.SqlManagementClient/1.56.0.0"
        ],
        "Content-Type": [
          "application/json; charset=utf-8"
        ],
        "Content-Length": [
          "535"
        ]
      },
      "ResponseHeaders": {
        "Cache-Control": [
          "no-cache"
        ],
        "Pragma": [
          "no-cache"
        ],
        "x-ms-request-id": [
          "61e921ff-41f7-4a0b-bebd-1dfc608c89a9"
        ],
        "Server": [
          "Microsoft-HTTPAPI/2.0"
        ],
        "x-ms-ratelimit-remaining-subscription-writes": [
          "1199"
        ],
        "x-ms-correlation-request-id": [
          "c221f15c-bc5e-4ad1-aae5-128a30e66134"
        ],
        "x-ms-routing-request-id": [
          "UKSOUTH:20211101T183441Z:c221f15c-bc5e-4ad1-aae5-128a30e66134"
        ],
        "Strict-Transport-Security": [
          "max-age=31536000; includeSubDomains"
        ],
        "X-Content-Type-Options": [
          "nosniff"
        ],
        "Date": [
          "Mon, 01 Nov 2021 18:34:40 GMT"
        ],
        "Content-Length": [
          "215"
        ],
        "Content-Type": [
          "application/json; charset=utf-8"
        ],
        "Expires": [
          "-1"
        ]
      },
      "ResponseBody": "{\r\n  \"error\": {\r\n    \"code\": \"ManagedInstanceZoneRedudantFeatureNotSupported\",\r\n    \"message\": \"ZoneRedundant feature is not supported for the selected service tier. For more details visit aka.ms/sqlmi-service-tier-characteristics.\"\r\n  }\r\n}",
      "StatusCode": 400
    },
    {
      "RequestUri": "/subscriptions/8313371e-0879-428e-b1da-6353575a9192/resourcegroups/ps6407?api-version=2016-09-01",
      "EncodedRequestUri": "L3N1YnNjcmlwdGlvbnMvODMxMzM3MWUtMDg3OS00MjhlLWIxZGEtNjM1MzU3NWE5MTkyL3Jlc291cmNlZ3JvdXBzL3BzNjQwNz9hcGktdmVyc2lvbj0yMDE2LTA5LTAx",
      "RequestMethod": "DELETE",
      "RequestBody": "",
      "RequestHeaders": {
        "x-ms-client-request-id": [
          "a3df8f9f-647f-4f1f-b770-a889aa564497"
        ],
        "Accept-Language": [
          "en-US"
        ],
        "User-Agent": [
          "FxVersion/4.6.30411.01",
          "OSName/Windows",
          "OSVersion/Microsoft.Windows.10.0.17763.",
          "Microsoft.Azure.Management.Internal.Resources.ResourceManagementClient/1.3.51"
        ]
      },
      "ResponseHeaders": {
        "Cache-Control": [
          "no-cache"
        ],
        "Pragma": [
          "no-cache"
        ],
        "Location": [
          "https://management.azure.com/subscriptions/8313371e-0879-428e-b1da-6353575a9192/operationresults/eyJqb2JJZCI6IlJFU09VUkNFR1JPVVBERUxFVElPTkpPQi1QUzY0MDctV0VTVENFTlRSQUxVUyIsImpvYkxvY2F0aW9uIjoid2VzdGNlbnRyYWx1cyJ9?api-version=2016-09-01"
        ],
        "Retry-After": [
          "15"
        ],
        "x-ms-ratelimit-remaining-subscription-deletes": [
          "14999"
        ],
        "x-ms-request-id": [
          "88fbd369-6983-4adf-b882-488226642b7e"
        ],
        "x-ms-correlation-request-id": [
          "88fbd369-6983-4adf-b882-488226642b7e"
        ],
        "x-ms-routing-request-id": [
          "UKSOUTH:20211101T183444Z:88fbd369-6983-4adf-b882-488226642b7e"
        ],
        "Strict-Transport-Security": [
          "max-age=31536000; includeSubDomains"
        ],
        "X-Content-Type-Options": [
          "nosniff"
        ],
        "Date": [
          "Mon, 01 Nov 2021 18:34:44 GMT"
        ],
        "Expires": [
          "-1"
        ],
        "Content-Length": [
          "0"
        ]
      },
      "ResponseBody": "",
      "StatusCode": 202
    },
    {
      "RequestUri": "/subscriptions/8313371e-0879-428e-b1da-6353575a9192/operationresults/eyJqb2JJZCI6IlJFU09VUkNFR1JPVVBERUxFVElPTkpPQi1QUzY0MDctV0VTVENFTlRSQUxVUyIsImpvYkxvY2F0aW9uIjoid2VzdGNlbnRyYWx1cyJ9?api-version=2016-09-01",
      "EncodedRequestUri": "L3N1YnNjcmlwdGlvbnMvODMxMzM3MWUtMDg3OS00MjhlLWIxZGEtNjM1MzU3NWE5MTkyL29wZXJhdGlvbnJlc3VsdHMvZXlKcWIySkpaQ0k2SWxKRlUwOVZVa05GUjFKUFZWQkVSVXhGVkVsUFRrcFBRaTFRVXpZME1EY3RWMFZUVkVORlRsUlNRVXhWVXlJc0ltcHZZa3h2WTJGMGFXOXVJam9pZDJWemRHTmxiblJ5WVd4MWN5Sjk/YXBpLXZlcnNpb249MjAxNi0wOS0wMQ==",
      "RequestMethod": "GET",
      "RequestBody": "",
      "RequestHeaders": {
        "User-Agent": [
          "FxVersion/4.6.30411.01",
          "OSName/Windows",
          "OSVersion/Microsoft.Windows.10.0.17763.",
          "Microsoft.Azure.Management.Internal.Resources.ResourceManagementClient/1.3.51"
        ]
      },
      "ResponseHeaders": {
        "Cache-Control": [
          "no-cache"
        ],
        "Pragma": [
          "no-cache"
        ],
        "x-ms-ratelimit-remaining-subscription-reads": [
          "11999"
        ],
        "x-ms-request-id": [
          "c8e33ab7-dca0-41fc-940b-47049ed9eb5e"
        ],
        "x-ms-correlation-request-id": [
          "c8e33ab7-dca0-41fc-940b-47049ed9eb5e"
        ],
        "x-ms-routing-request-id": [
          "UKSOUTH:20211101T183459Z:c8e33ab7-dca0-41fc-940b-47049ed9eb5e"
        ],
        "Strict-Transport-Security": [
          "max-age=31536000; includeSubDomains"
        ],
        "X-Content-Type-Options": [
          "nosniff"
        ],
        "Date": [
          "Mon, 01 Nov 2021 18:34:59 GMT"
        ],
        "Expires": [
          "-1"
        ],
        "Content-Length": [
          "0"
        ]
      },
      "ResponseBody": "",
      "StatusCode": 200
    },
    {
      "RequestUri": "/subscriptions/8313371e-0879-428e-b1da-6353575a9192/operationresults/eyJqb2JJZCI6IlJFU09VUkNFR1JPVVBERUxFVElPTkpPQi1QUzY0MDctV0VTVENFTlRSQUxVUyIsImpvYkxvY2F0aW9uIjoid2VzdGNlbnRyYWx1cyJ9?api-version=2016-09-01",
      "EncodedRequestUri": "L3N1YnNjcmlwdGlvbnMvODMxMzM3MWUtMDg3OS00MjhlLWIxZGEtNjM1MzU3NWE5MTkyL29wZXJhdGlvbnJlc3VsdHMvZXlKcWIySkpaQ0k2SWxKRlUwOVZVa05GUjFKUFZWQkVSVXhGVkVsUFRrcFBRaTFRVXpZME1EY3RWMFZUVkVORlRsUlNRVXhWVXlJc0ltcHZZa3h2WTJGMGFXOXVJam9pZDJWemRHTmxiblJ5WVd4MWN5Sjk/YXBpLXZlcnNpb249MjAxNi0wOS0wMQ==",
      "RequestMethod": "GET",
      "RequestBody": "",
      "RequestHeaders": {
        "User-Agent": [
          "FxVersion/4.6.30411.01",
          "OSName/Windows",
          "OSVersion/Microsoft.Windows.10.0.17763.",
          "Microsoft.Azure.Management.Internal.Resources.ResourceManagementClient/1.3.51"
        ]
      },
      "ResponseHeaders": {
        "Cache-Control": [
          "no-cache"
        ],
        "Pragma": [
          "no-cache"
        ],
        "x-ms-ratelimit-remaining-subscription-reads": [
          "11998"
        ],
        "x-ms-request-id": [
          "e880e142-771a-4111-bb9f-6309bddb9ade"
        ],
        "x-ms-correlation-request-id": [
          "e880e142-771a-4111-bb9f-6309bddb9ade"
        ],
        "x-ms-routing-request-id": [
          "UKSOUTH:20211101T183459Z:e880e142-771a-4111-bb9f-6309bddb9ade"
        ],
        "Strict-Transport-Security": [
          "max-age=31536000; includeSubDomains"
        ],
        "X-Content-Type-Options": [
          "nosniff"
        ],
        "Date": [
          "Mon, 01 Nov 2021 18:34:59 GMT"
        ],
        "Expires": [
          "-1"
        ],
        "Content-Length": [
          "0"
        ]
      },
      "ResponseBody": "",
      "StatusCode": 200
    }
  ],
  "Names": {
    "Test-CreateManagedInstanceWithMultiAzEnabled": [
      "ps6407",
      "ps98"
    ]
  },
  "Variables": {
    "SubscriptionId": "8313371e-0879-428e-b1da-6353575a9192"
  }
}