{
  "Entries": [
    {
      "RequestUri": "/subscriptions/62e48210-5e43-423e-889b-c277f3e08c39/resourcegroups/ps3676?api-version=2016-09-01",
      "EncodedRequestUri": "L3N1YnNjcmlwdGlvbnMvNjJlNDgyMTAtNWU0My00MjNlLTg4OWItYzI3N2YzZTA4YzM5L3Jlc291cmNlZ3JvdXBzL3BzMzY3Nj9hcGktdmVyc2lvbj0yMDE2LTA5LTAx",
      "RequestMethod": "PUT",
      "RequestBody": "{\r\n  \"location\": \"westeurope\"\r\n}",
      "RequestHeaders": {
        "x-ms-client-request-id": [
          "f5ebb62d-1348-47ff-8d2a-635f91c9499b"
        ],
        "Accept-Language": [
          "en-US"
        ],
        "User-Agent": [
          "FxVersion/4.6.30321.06",
          "OSName/Windows",
          "OSVersion/Microsoft.Windows.10.0.17763.",
          "Microsoft.Azure.Management.Internal.Resources.ResourceManagementClient/1.3.43"
        ],
        "Content-Type": [
          "application/json; charset=utf-8"
        ],
        "Content-Length": [
          "32"
        ]
      },
      "ResponseHeaders": {
        "Cache-Control": [
          "no-cache"
        ],
        "Pragma": [
          "no-cache"
        ],
        "x-ms-ratelimit-remaining-subscription-writes": [
          "1199"
        ],
        "x-ms-request-id": [
          "4092b00c-201a-4321-ae88-403e8fe17937"
        ],
        "x-ms-correlation-request-id": [
          "4092b00c-201a-4321-ae88-403e8fe17937"
        ],
        "x-ms-routing-request-id": [
          "UKSOUTH:20210823T142749Z:4092b00c-201a-4321-ae88-403e8fe17937"
        ],
        "Strict-Transport-Security": [
          "max-age=31536000; includeSubDomains"
        ],
        "X-Content-Type-Options": [
          "nosniff"
        ],
        "Date": [
          "Mon, 23 Aug 2021 14:27:48 GMT"
        ],
        "Content-Length": [
          "169"
        ],
        "Content-Type": [
          "application/json; charset=utf-8"
        ],
        "Expires": [
          "-1"
        ]
      },
      "ResponseBody": "{\r\n  \"id\": \"/subscriptions/62e48210-5e43-423e-889b-c277f3e08c39/resourceGroups/ps3676\",\r\n  \"name\": \"ps3676\",\r\n  \"location\": \"westeurope\",\r\n  \"properties\": {\r\n    \"provisioningState\": \"Succeeded\"\r\n  }\r\n}",
      "StatusCode": 201
    },
    {
      "RequestUri": "/subscriptions/62e48210-5e43-423e-889b-c277f3e08c39/resourceGroups/portalrg/providers/Microsoft.Network/virtualNetworks/vnet-portal-testing?api-version=2021-02-01",
      "EncodedRequestUri": "L3N1YnNjcmlwdGlvbnMvNjJlNDgyMTAtNWU0My00MjNlLTg4OWItYzI3N2YzZTA4YzM5L3Jlc291cmNlR3JvdXBzL3BvcnRhbHJnL3Byb3ZpZGVycy9NaWNyb3NvZnQuTmV0d29yay92aXJ0dWFsTmV0d29ya3Mvdm5ldC1wb3J0YWwtdGVzdGluZz9hcGktdmVyc2lvbj0yMDIxLTAyLTAx",
      "RequestMethod": "GET",
      "RequestBody": "",
      "RequestHeaders": {
        "x-ms-client-request-id": [
          "7d1da15d-5d6c-491e-a59c-eb6a00380a1a"
        ],
        "Accept-Language": [
          "en-US"
        ],
        "User-Agent": [
          "FxVersion/4.6.30321.06",
          "OSName/Windows",
          "OSVersion/Microsoft.Windows.10.0.17763.",
          "Microsoft.Azure.Management.Network.NetworkManagementClient/20.5.0.0"
        ]
      },
      "ResponseHeaders": {
        "Cache-Control": [
          "no-cache"
        ],
        "Pragma": [
          "no-cache"
        ],
        "ETag": [
          "W/\"0d02926f-5c1f-401c-8b6e-d059ccbb63e2\""
        ],
        "x-ms-request-id": [
          "b433316a-1881-4698-a65f-66dc5cf3766e"
        ],
        "x-ms-correlation-request-id": [
          "60827566-1400-43a0-abe0-f748f0d7f9c2"
        ],
        "x-ms-arm-service-request-id": [
          "c94b4544-30a6-4aea-b4d7-422c1388c47c"
        ],
        "Strict-Transport-Security": [
          "max-age=31536000; includeSubDomains"
        ],
        "Server": [
          "Microsoft-HTTPAPI/2.0",
          "Microsoft-HTTPAPI/2.0"
        ],
        "x-ms-ratelimit-remaining-subscription-reads": [
          "11999"
        ],
        "x-ms-routing-request-id": [
          "UKSOUTH:20210823T142749Z:60827566-1400-43a0-abe0-f748f0d7f9c2"
        ],
        "X-Content-Type-Options": [
          "nosniff"
        ],
        "Date": [
          "Mon, 23 Aug 2021 14:27:48 GMT"
        ],
        "Content-Length": [
          "12839"
        ],
        "Content-Type": [
          "application/json; charset=utf-8"
        ],
        "Expires": [
          "-1"
        ]
      },
      "ResponseBody": "{\r\n  \"name\": \"vnet-portal-testing\",\r\n  \"id\": \"/subscriptions/62e48210-5e43-423e-889b-c277f3e08c39/resourceGroups/portalrg/providers/Microsoft.Network/virtualNetworks/vnet-portal-testing\",\r\n  \"etag\": \"W/\\\"0d02926f-5c1f-401c-8b6e-d059ccbb63e2\\\"\",\r\n  \"type\": \"Microsoft.Network/virtualNetworks\",\r\n  \"location\": \"westeurope\",\r\n  \"tags\": {},\r\n  \"properties\": {\r\n    \"provisioningState\": \"Succeeded\",\r\n    \"resourceGuid\": \"859a918b-4ae9-4165-bbcc-4ec8816e7608\",\r\n    \"addressSpace\": {\r\n      \"addressPrefixes\": [\r\n        \"10.0.0.0/16\"\r\n      ]\r\n    },\r\n    \"subnets\": [\r\n      {\r\n        \"name\": \"ManagedInstance\",\r\n        \"id\": \"/subscriptions/62e48210-5e43-423e-889b-c277f3e08c39/resourceGroups/portalrg/providers/Microsoft.Network/virtualNetworks/vnet-portal-testing/subnets/ManagedInstance\",\r\n        \"etag\": \"W/\\\"0d02926f-5c1f-401c-8b6e-d059ccbb63e2\\\"\",\r\n        \"properties\": {\r\n          \"provisioningState\": \"Succeeded\",\r\n          \"addressPrefix\": \"10.0.0.0/24\",\r\n          \"networkSecurityGroup\": {\r\n            \"id\": \"/subscriptions/62e48210-5e43-423e-889b-c277f3e08c39/resourceGroups/portalrg/providers/Microsoft.Network/networkSecurityGroups/nsg-portal-testing\"\r\n          },\r\n          \"routeTable\": {\r\n            \"id\": \"/subscriptions/62e48210-5e43-423e-889b-c277f3e08c39/resourceGroups/portalrg/providers/Microsoft.Network/routeTables/rt-portal-testing\"\r\n          },\r\n          \"networkIntentPolicies\": [\r\n            {\r\n              \"id\": \"/subscriptions/62e48210-5e43-423e-889b-c277f3e08c39/resourceGroups/portalrg/providers/Microsoft.Network/networkIntentPolicies/mi_default_859a918b-4ae9-4165-bbcc-4ec8816e7608_10-0-0-0-24\"\r\n            }\r\n          ],\r\n          \"resourceNavigationLinks\": [\r\n            {\r\n              \"name\": \"VirtualCluster6827e226-0656-4bd7-9fc4-4329839411fc\",\r\n              \"id\": \"/subscriptions/62e48210-5e43-423e-889b-c277f3e08c39/resourceGroups/portalrg/providers/Microsoft.Network/virtualNetworks/vnet-portal-testing/subnets/ManagedInstance/resourceNavigationLinks/VirtualCluster6827e226-0656-4bd7-9fc4-4329839411fc\",\r\n              \"etag\": \"W/\\\"0d02926f-5c1f-401c-8b6e-d059ccbb63e2\\\"\",\r\n              \"type\": \"Microsoft.Network/virtualNetworks/subnets/resourceNavigationLinks\",\r\n              \"properties\": {\r\n                \"provisioningState\": \"Succeeded\",\r\n                \"linkedResourceType\": \"Microsoft.Sql/virtualClusters\",\r\n                \"link\": \"/subscriptions/62e48210-5e43-423e-889b-c277f3e08c39/resourceGroups/portalrg/providers/Microsoft.Sql/virtualClusters/VirtualCluster6827e226-0656-4bd7-9fc4-4329839411fc?api-version=2015-05-01-preview\"\r\n              }\r\n            },\r\n            {\r\n              \"name\": \"VirtualCluster108f41a8-355e-4ffd-9dac-5c0dec044e3c\",\r\n              \"id\": \"/subscriptions/62e48210-5e43-423e-889b-c277f3e08c39/resourceGroups/portalrg/providers/Microsoft.Network/virtualNetworks/vnet-portal-testing/subnets/ManagedInstance/resourceNavigationLinks/VirtualCluster108f41a8-355e-4ffd-9dac-5c0dec044e3c\",\r\n              \"etag\": \"W/\\\"0d02926f-5c1f-401c-8b6e-d059ccbb63e2\\\"\",\r\n              \"type\": \"Microsoft.Network/virtualNetworks/subnets/resourceNavigationLinks\",\r\n              \"properties\": {\r\n                \"provisioningState\": \"Succeeded\",\r\n                \"linkedResourceType\": \"Microsoft.Sql/virtualClusters\",\r\n                \"link\": \"/subscriptions/62e48210-5e43-423e-889b-c277f3e08c39/resourceGroups/portalrg/providers/Microsoft.Sql/virtualClusters/VirtualCluster108f41a8-355e-4ffd-9dac-5c0dec044e3c?api-version=2015-05-01-preview\"\r\n              }\r\n            },\r\n            {\r\n              \"name\": \"VirtualClustera7a15505-c83c-47a4-b03e-2a1887cbf169\",\r\n              \"id\": \"/subscriptions/62e48210-5e43-423e-889b-c277f3e08c39/resourceGroups/portalrg/providers/Microsoft.Network/virtualNetworks/vnet-portal-testing/subnets/ManagedInstance/resourceNavigationLinks/VirtualClustera7a15505-c83c-47a4-b03e-2a1887cbf169\",\r\n              \"etag\": \"W/\\\"0d02926f-5c1f-401c-8b6e-d059ccbb63e2\\\"\",\r\n              \"type\": \"Microsoft.Network/virtualNetworks/subnets/resourceNavigationLinks\",\r\n              \"properties\": {\r\n                \"provisioningState\": \"Succeeded\",\r\n                \"linkedResourceType\": \"Microsoft.Sql/virtualClusters\",\r\n                \"link\": \"/subscriptions/62e48210-5e43-423e-889b-c277f3e08c39/resourceGroups/portalrg/providers/Microsoft.Sql/virtualClusters/VirtualClustera7a15505-c83c-47a4-b03e-2a1887cbf169?api-version=2015-05-01-preview\"\r\n              }\r\n            }\r\n          ],\r\n          \"delegations\": [\r\n            {\r\n              \"name\": \"dlg-portal-testing\",\r\n              \"id\": \"/subscriptions/62e48210-5e43-423e-889b-c277f3e08c39/resourceGroups/portalrg/providers/Microsoft.Network/virtualNetworks/vnet-portal-testing/subnets/ManagedInstance/delegations/dlg-portal-testing\",\r\n              \"etag\": \"W/\\\"0d02926f-5c1f-401c-8b6e-d059ccbb63e2\\\"\",\r\n              \"properties\": {\r\n                \"provisioningState\": \"Succeeded\",\r\n                \"serviceName\": \"Microsoft.Sql/managedInstances\",\r\n                \"actions\": [\r\n                  \"Microsoft.Network/virtualNetworks/subnets/join/action\",\r\n                  \"Microsoft.Network/virtualNetworks/subnets/prepareNetworkPolicies/action\",\r\n                  \"Microsoft.Network/virtualNetworks/subnets/unprepareNetworkPolicies/action\"\r\n                ]\r\n              },\r\n              \"type\": \"Microsoft.Network/virtualNetworks/subnets/delegations\"\r\n            }\r\n          ],\r\n          \"privateEndpointNetworkPolicies\": \"Enabled\",\r\n          \"privateLinkServiceNetworkPolicies\": \"Enabled\"\r\n        },\r\n        \"type\": \"Microsoft.Network/virtualNetworks/subnets\"\r\n      },\r\n      {\r\n        \"name\": \"tooling\",\r\n        \"id\": \"/subscriptions/62e48210-5e43-423e-889b-c277f3e08c39/resourceGroups/portalrg/providers/Microsoft.Network/virtualNetworks/vnet-portal-testing/subnets/tooling\",\r\n        \"etag\": \"W/\\\"0d02926f-5c1f-401c-8b6e-d059ccbb63e2\\\"\",\r\n        \"properties\": {\r\n          \"provisioningState\": \"Succeeded\",\r\n          \"addressPrefix\": \"10.0.1.0/24\",\r\n          \"networkSecurityGroup\": {\r\n            \"id\": \"/subscriptions/62e48210-5e43-423e-889b-c277f3e08c39/resourceGroups/portalrg/providers/Microsoft.Network/networkSecurityGroups/vnet-portal-testing-tooling-NRMS\"\r\n          },\r\n          \"ipConfigurations\": [\r\n            {\r\n              \"id\": \"/subscriptions/62e48210-5e43-423e-889b-c277f3e08c39/resourceGroups/portalrg/providers/Microsoft.Network/networkInterfaces/tooling717/ipConfigurations/ipconfig1\"\r\n            },\r\n            {\r\n              \"id\": \"/subscriptions/62e48210-5e43-423e-889b-c277f3e08c39/resourceGroups/portalrg/providers/Microsoft.Network/networkInterfaces/tooling-vm743/ipConfigurations/ipconfig1\"\r\n            }\r\n          ],\r\n          \"serviceEndpoints\": [],\r\n          \"delegations\": [],\r\n          \"privateEndpointNetworkPolicies\": \"Enabled\",\r\n          \"privateLinkServiceNetworkPolicies\": \"Enabled\"\r\n        },\r\n        \"type\": \"Microsoft.Network/virtualNetworks/subnets\"\r\n      },\r\n      {\r\n        \"name\": \"mdcs-tooling\",\r\n        \"id\": \"/subscriptions/62e48210-5e43-423e-889b-c277f3e08c39/resourceGroups/portalrg/providers/Microsoft.Network/virtualNetworks/vnet-portal-testing/subnets/mdcs-tooling\",\r\n        \"etag\": \"W/\\\"0d02926f-5c1f-401c-8b6e-d059ccbb63e2\\\"\",\r\n        \"properties\": {\r\n          \"provisioningState\": \"Succeeded\",\r\n          \"addressPrefix\": \"10.0.10.0/24\",\r\n          \"networkSecurityGroup\": {\r\n            \"id\": \"/subscriptions/62e48210-5e43-423e-889b-c277f3e08c39/resourceGroups/portalrg/providers/Microsoft.Network/networkSecurityGroups/vnet-portal-testing-mdcs-tooling-NRMS\"\r\n          },\r\n          \"ipConfigurations\": [\r\n            {\r\n              \"id\": \"/subscriptions/62e48210-5e43-423e-889b-c277f3e08c39/resourceGroups/portalrg/providers/Microsoft.Network/networkInterfaces/tooling420/ipConfigurations/ipconfig1\"\r\n            }\r\n          ],\r\n          \"serviceEndpoints\": [],\r\n          \"delegations\": [],\r\n          \"privateEndpointNetworkPolicies\": \"Enabled\",\r\n          \"privateLinkServiceNetworkPolicies\": \"Enabled\"\r\n        },\r\n        \"type\": \"Microsoft.Network/virtualNetworks/subnets\"\r\n      },\r\n      {\r\n        \"name\": \"testing\",\r\n        \"id\": \"/subscriptions/62e48210-5e43-423e-889b-c277f3e08c39/resourceGroups/portalrg/providers/Microsoft.Network/virtualNetworks/vnet-portal-testing/subnets/testing\",\r\n        \"etag\": \"W/\\\"0d02926f-5c1f-401c-8b6e-d059ccbb63e2\\\"\",\r\n        \"properties\": {\r\n          \"provisioningState\": \"Succeeded\",\r\n          \"addressPrefix\": \"10.0.2.0/24\",\r\n          \"networkSecurityGroup\": {\r\n            \"id\": \"/subscriptions/62e48210-5e43-423e-889b-c277f3e08c39/resourceGroups/portalrg/providers/Microsoft.Network/networkSecurityGroups/vnet-portal-testing-testing-NRMS\"\r\n          },\r\n          \"serviceEndpoints\": [],\r\n          \"delegations\": [\r\n            {\r\n              \"name\": \"Microsoft.Sql.managedInstances\",\r\n              \"id\": \"/subscriptions/62e48210-5e43-423e-889b-c277f3e08c39/resourceGroups/portalrg/providers/Microsoft.Network/virtualNetworks/vnet-portal-testing/subnets/testing/delegations/Microsoft.Sql.managedInstances\",\r\n              \"etag\": \"W/\\\"0d02926f-5c1f-401c-8b6e-d059ccbb63e2\\\"\",\r\n              \"properties\": {\r\n                \"provisioningState\": \"Succeeded\",\r\n                \"serviceName\": \"Microsoft.Sql/managedInstances\",\r\n                \"actions\": [\r\n                  \"Microsoft.Network/virtualNetworks/subnets/join/action\",\r\n                  \"Microsoft.Network/virtualNetworks/subnets/prepareNetworkPolicies/action\",\r\n                  \"Microsoft.Network/virtualNetworks/subnets/unprepareNetworkPolicies/action\"\r\n                ]\r\n              },\r\n              \"type\": \"Microsoft.Network/virtualNetworks/subnets/delegations\"\r\n            }\r\n          ],\r\n          \"privateEndpointNetworkPolicies\": \"Enabled\",\r\n          \"privateLinkServiceNetworkPolicies\": \"Enabled\"\r\n        },\r\n        \"type\": \"Microsoft.Network/virtualNetworks/subnets\"\r\n      },\r\n      {\r\n        \"name\": \"add-subnet-sdie\",\r\n        \"id\": \"/subscriptions/62e48210-5e43-423e-889b-c277f3e08c39/resourceGroups/portalrg/providers/Microsoft.Network/virtualNetworks/vnet-portal-testing/subnets/add-subnet-sdie\",\r\n        \"etag\": \"W/\\\"0d02926f-5c1f-401c-8b6e-d059ccbb63e2\\\"\",\r\n        \"properties\": {\r\n          \"provisioningState\": \"Succeeded\",\r\n          \"addressPrefix\": \"10.0.3.0/24\",\r\n          \"networkSecurityGroup\": {\r\n            \"id\": \"/subscriptions/62e48210-5e43-423e-889b-c277f3e08c39/resourceGroups/portalrg/providers/Microsoft.Network/networkSecurityGroups/vnet-portal-testing-add-subnet-sdie-NRMS\"\r\n          },\r\n          \"serviceEndpoints\": [],\r\n          \"delegations\": [],\r\n          \"privateEndpointNetworkPolicies\": \"Enabled\",\r\n          \"privateLinkServiceNetworkPolicies\": \"Enabled\"\r\n        },\r\n        \"type\": \"Microsoft.Network/virtualNetworks/subnets\"\r\n      },\r\n      {\r\n        \"name\": \"testing22\",\r\n        \"id\": \"/subscriptions/62e48210-5e43-423e-889b-c277f3e08c39/resourceGroups/portalrg/providers/Microsoft.Network/virtualNetworks/vnet-portal-testing/subnets/testing22\",\r\n        \"etag\": \"W/\\\"0d02926f-5c1f-401c-8b6e-d059ccbb63e2\\\"\",\r\n        \"properties\": {\r\n          \"provisioningState\": \"Succeeded\",\r\n          \"addressPrefix\": \"10.0.4.0/24\",\r\n          \"networkSecurityGroup\": {\r\n            \"id\": \"/subscriptions/62e48210-5e43-423e-889b-c277f3e08c39/resourceGroups/portalrg/providers/Microsoft.Network/networkSecurityGroups/vnet-portal-testing-testing22-NRMS\"\r\n          },\r\n          \"serviceEndpoints\": [],\r\n          \"delegations\": [\r\n            {\r\n              \"name\": \"Microsoft.Sql.managedInstances\",\r\n              \"id\": \"/subscriptions/62e48210-5e43-423e-889b-c277f3e08c39/resourceGroups/portalrg/providers/Microsoft.Network/virtualNetworks/vnet-portal-testing/subnets/testing22/delegations/Microsoft.Sql.managedInstances\",\r\n              \"etag\": \"W/\\\"0d02926f-5c1f-401c-8b6e-d059ccbb63e2\\\"\",\r\n              \"properties\": {\r\n                \"provisioningState\": \"Succeeded\",\r\n                \"serviceName\": \"Microsoft.Sql/managedInstances\",\r\n                \"actions\": [\r\n                  \"Microsoft.Network/virtualNetworks/subnets/join/action\",\r\n                  \"Microsoft.Network/virtualNetworks/subnets/prepareNetworkPolicies/action\",\r\n                  \"Microsoft.Network/virtualNetworks/subnets/unprepareNetworkPolicies/action\"\r\n                ]\r\n              },\r\n              \"type\": \"Microsoft.Network/virtualNetworks/subnets/delegations\"\r\n            }\r\n          ],\r\n          \"privateEndpointNetworkPolicies\": \"Enabled\",\r\n          \"privateLinkServiceNetworkPolicies\": \"Enabled\"\r\n        },\r\n        \"type\": \"Microsoft.Network/virtualNetworks/subnets\"\r\n      }\r\n    ],\r\n    \"virtualNetworkPeerings\": [],\r\n    \"enableDdosProtection\": false\r\n  }\r\n}",
      "StatusCode": 200
    },
    {
      "RequestUri": "/subscriptions/62e48210-5e43-423e-889b-c277f3e08c39/resourceGroups/ps3676/providers/Microsoft.Sql/managedInstances/ps9328?api-version=2020-11-01-preview",
      "EncodedRequestUri": "L3N1YnNjcmlwdGlvbnMvNjJlNDgyMTAtNWU0My00MjNlLTg4OWItYzI3N2YzZTA4YzM5L3Jlc291cmNlR3JvdXBzL3BzMzY3Ni9wcm92aWRlcnMvTWljcm9zb2Z0LlNxbC9tYW5hZ2VkSW5zdGFuY2VzL3BzOTMyOD9hcGktdmVyc2lvbj0yMDIwLTExLTAxLXByZXZpZXc=",
      "RequestMethod": "GET",
      "RequestBody": "",
      "RequestHeaders": {
        "x-ms-client-request-id": [
          "2049d6e8-0215-4553-9166-1ebfdebce8b7"
        ],
        "Accept-Language": [
          "en-US"
        ],
        "User-Agent": [
          "FxVersion/4.6.30321.06",
          "OSName/Windows",
          "OSVersion/Microsoft.Windows.10.0.17763.",
          "Microsoft.Azure.Management.Sql.SqlManagementClient/1.55.0.0"
        ]
      },
      "ResponseHeaders": {
        "Cache-Control": [
          "no-cache"
        ],
        "Pragma": [
          "no-cache"
        ],
        "x-ms-failure-cause": [
          "gateway"
        ],
        "x-ms-request-id": [
          "90f78568-1bc7-4029-9d15-e6a795dd4fdb"
        ],
        "x-ms-correlation-request-id": [
          "90f78568-1bc7-4029-9d15-e6a795dd4fdb"
        ],
        "x-ms-routing-request-id": [
          "UKSOUTH:20210823T142801Z:90f78568-1bc7-4029-9d15-e6a795dd4fdb"
        ],
        "Strict-Transport-Security": [
          "max-age=31536000; includeSubDomains"
        ],
        "X-Content-Type-Options": [
          "nosniff"
        ],
        "Date": [
          "Mon, 23 Aug 2021 14:28:01 GMT"
        ],
        "Content-Type": [
          "application/json; charset=utf-8"
        ],
        "Expires": [
          "-1"
        ],
        "Content-Length": [
          "215"
        ]
      },
      "ResponseBody": "{\r\n  \"error\": {\r\n    \"code\": \"ResourceNotFound\",\r\n    \"message\": \"The Resource 'Microsoft.Sql/managedInstances/ps9328' under resource group 'ps3676' was not found. For more details please go to https://aka.ms/ARMResourceNotFoundFix\"\r\n  }\r\n}",
      "StatusCode": 404
    },
    {
      "RequestUri": "/subscriptions/62e48210-5e43-423e-889b-c277f3e08c39/resourceGroups/ps3676/providers/Microsoft.Sql/managedInstances/ps9328?api-version=2020-11-01-preview",
      "EncodedRequestUri": "L3N1YnNjcmlwdGlvbnMvNjJlNDgyMTAtNWU0My00MjNlLTg4OWItYzI3N2YzZTA4YzM5L3Jlc291cmNlR3JvdXBzL3BzMzY3Ni9wcm92aWRlcnMvTWljcm9zb2Z0LlNxbC9tYW5hZ2VkSW5zdGFuY2VzL3BzOTMyOD9hcGktdmVyc2lvbj0yMDIwLTExLTAxLXByZXZpZXc=",
      "RequestMethod": "PUT",
      "RequestBody": "{\r\n  \"identity\": {\r\n    \"type\": \"SystemAssigned\"\r\n  },\r\n  \"sku\": {\r\n    \"name\": \"GP_Gen5\"\r\n  },\r\n  \"properties\": {\r\n    \"administratorLogin\": \"testusername\",\r\n    \"administratorLoginPassword\": \"t357ingP@s5w0rd!\",\r\n    \"subnetId\": \"/subscriptions/62e48210-5e43-423e-889b-c277f3e08c39/resourceGroups/portalrg/providers/Microsoft.Network/virtualNetworks/vnet-portal-testing/subnets/ManagedInstance\",\r\n    \"vCores\": 4,\r\n    \"publicDataEndpointEnabled\": false,\r\n    \"zoneRedundant\": true\r\n  },\r\n  \"location\": \"westeurope\"\r\n}",
      "RequestHeaders": {
        "x-ms-client-request-id": [
          "2049d6e8-0215-4553-9166-1ebfdebce8b7"
        ],
        "Accept-Language": [
          "en-US"
        ],
        "User-Agent": [
          "FxVersion/4.6.30321.06",
          "OSName/Windows",
          "OSVersion/Microsoft.Windows.10.0.17763.",
          "Microsoft.Azure.Management.Sql.SqlManagementClient/1.55.0.0"
        ],
        "Content-Type": [
          "application/json; charset=utf-8"
        ],
        "Content-Length": [
          "519"
        ]
      },
      "ResponseHeaders": {
        "Cache-Control": [
          "no-cache"
        ],
        "Pragma": [
          "no-cache"
        ],
        "x-ms-request-id": [
          "ea96890e-0d9a-4f27-a2e9-bb7cff3ae46f"
        ],
        "Server": [
          "Microsoft-HTTPAPI/2.0"
        ],
        "x-ms-ratelimit-remaining-subscription-writes": [
          "1198"
        ],
        "x-ms-correlation-request-id": [
          "c1299455-6e04-41d4-9e32-b75a0da0fc5a"
        ],
        "x-ms-routing-request-id": [
          "UKSOUTH:20210823T142810Z:c1299455-6e04-41d4-9e32-b75a0da0fc5a"
        ],
        "Strict-Transport-Security": [
          "max-age=31536000; includeSubDomains"
        ],
        "X-Content-Type-Options": [
          "nosniff"
        ],
        "Date": [
          "Mon, 23 Aug 2021 14:28:10 GMT"
        ],
        "Content-Length": [
          "215"
        ],
        "Content-Type": [
          "application/json; charset=utf-8"
        ],
        "Expires": [
          "-1"
        ]
      },
      "ResponseBody": "{\r\n  \"error\": {\r\n    \"code\": \"ManagedInstanceZoneRedudantFeatureNotSupported\",\r\n    \"message\": \"ZoneRedundant feature is not supported for the selected service tier. For more details visit aka.ms/sqlmi-service-tier-characteristics.\"\r\n  }\r\n}",
      "StatusCode": 400
    },
    {
      "RequestUri": "/subscriptions/62e48210-5e43-423e-889b-c277f3e08c39/resourcegroups/ps3676?api-version=2016-09-01",
      "EncodedRequestUri": "L3N1YnNjcmlwdGlvbnMvNjJlNDgyMTAtNWU0My00MjNlLTg4OWItYzI3N2YzZTA4YzM5L3Jlc291cmNlZ3JvdXBzL3BzMzY3Nj9hcGktdmVyc2lvbj0yMDE2LTA5LTAx",
      "RequestMethod": "DELETE",
      "RequestBody": "",
      "RequestHeaders": {
        "x-ms-client-request-id": [
          "fd0f42d0-e2e7-4c47-8414-3d74c519634d"
        ],
        "Accept-Language": [
          "en-US"
        ],
        "User-Agent": [
          "FxVersion/4.6.30321.06",
          "OSName/Windows",
          "OSVersion/Microsoft.Windows.10.0.17763.",
          "Microsoft.Azure.Management.Internal.Resources.ResourceManagementClient/1.3.43"
        ]
      },
      "ResponseHeaders": {
        "Cache-Control": [
          "no-cache"
        ],
        "Pragma": [
          "no-cache"
        ],
        "Location": [
          "https://management.azure.com/subscriptions/62e48210-5e43-423e-889b-c277f3e08c39/operationresults/eyJqb2JJZCI6IlJFU09VUkNFR1JPVVBERUxFVElPTkpPQi1QUzM2NzYtV0VTVEVVUk9QRSIsImpvYkxvY2F0aW9uIjoid2VzdGV1cm9wZSJ9?api-version=2016-09-01"
        ],
        "Retry-After": [
          "15"
        ],
        "x-ms-ratelimit-remaining-subscription-deletes": [
          "14999"
        ],
        "x-ms-request-id": [
          "4670b1c0-4eb2-491b-ba83-614d4de58706"
        ],
        "x-ms-correlation-request-id": [
          "4670b1c0-4eb2-491b-ba83-614d4de58706"
        ],
        "x-ms-routing-request-id": [
          "UKSOUTH:20210823T142833Z:4670b1c0-4eb2-491b-ba83-614d4de58706"
        ],
        "Strict-Transport-Security": [
          "max-age=31536000; includeSubDomains"
        ],
        "X-Content-Type-Options": [
          "nosniff"
        ],
        "Date": [
          "Mon, 23 Aug 2021 14:28:32 GMT"
        ],
        "Expires": [
          "-1"
        ],
        "Content-Length": [
          "0"
        ]
      },
      "ResponseBody": "",
      "StatusCode": 202
    },
    {
      "RequestUri": "/subscriptions/62e48210-5e43-423e-889b-c277f3e08c39/operationresults/eyJqb2JJZCI6IlJFU09VUkNFR1JPVVBERUxFVElPTkpPQi1QUzM2NzYtV0VTVEVVUk9QRSIsImpvYkxvY2F0aW9uIjoid2VzdGV1cm9wZSJ9?api-version=2016-09-01",
      "EncodedRequestUri": "L3N1YnNjcmlwdGlvbnMvNjJlNDgyMTAtNWU0My00MjNlLTg4OWItYzI3N2YzZTA4YzM5L29wZXJhdGlvbnJlc3VsdHMvZXlKcWIySkpaQ0k2SWxKRlUwOVZVa05GUjFKUFZWQkVSVXhGVkVsUFRrcFBRaTFRVXpNMk56WXRWMFZUVkVWVlVrOVFSU0lzSW1wdllreHZZMkYwYVc5dUlqb2lkMlZ6ZEdWMWNtOXdaU0o5P2FwaS12ZXJzaW9uPTIwMTYtMDktMDE=",
      "RequestMethod": "GET",
      "RequestBody": "",
      "RequestHeaders": {
        "User-Agent": [
          "FxVersion/4.6.30321.06",
          "OSName/Windows",
          "OSVersion/Microsoft.Windows.10.0.17763.",
          "Microsoft.Azure.Management.Internal.Resources.ResourceManagementClient/1.3.43"
        ]
      },
      "ResponseHeaders": {
        "Cache-Control": [
          "no-cache"
        ],
        "Pragma": [
          "no-cache"
        ],
        "x-ms-ratelimit-remaining-subscription-reads": [
          "11999"
        ],
        "x-ms-request-id": [
          "60542f31-ca95-4134-8e64-474c93bd6f94"
        ],
        "x-ms-correlation-request-id": [
          "60542f31-ca95-4134-8e64-474c93bd6f94"
        ],
        "x-ms-routing-request-id": [
          "UKSOUTH:20210823T142848Z:60542f31-ca95-4134-8e64-474c93bd6f94"
        ],
        "Strict-Transport-Security": [
          "max-age=31536000; includeSubDomains"
        ],
        "X-Content-Type-Options": [
          "nosniff"
        ],
        "Date": [
          "Mon, 23 Aug 2021 14:28:48 GMT"
        ],
        "Expires": [
          "-1"
        ],
        "Content-Length": [
          "0"
        ]
      },
      "ResponseBody": "",
      "StatusCode": 200
    },
    {
      "RequestUri": "/subscriptions/62e48210-5e43-423e-889b-c277f3e08c39/operationresults/eyJqb2JJZCI6IlJFU09VUkNFR1JPVVBERUxFVElPTkpPQi1QUzM2NzYtV0VTVEVVUk9QRSIsImpvYkxvY2F0aW9uIjoid2VzdGV1cm9wZSJ9?api-version=2016-09-01",
      "EncodedRequestUri": "L3N1YnNjcmlwdGlvbnMvNjJlNDgyMTAtNWU0My00MjNlLTg4OWItYzI3N2YzZTA4YzM5L29wZXJhdGlvbnJlc3VsdHMvZXlKcWIySkpaQ0k2SWxKRlUwOVZVa05GUjFKUFZWQkVSVXhGVkVsUFRrcFBRaTFRVXpNMk56WXRWMFZUVkVWVlVrOVFSU0lzSW1wdllreHZZMkYwYVc5dUlqb2lkMlZ6ZEdWMWNtOXdaU0o5P2FwaS12ZXJzaW9uPTIwMTYtMDktMDE=",
      "RequestMethod": "GET",
      "RequestBody": "",
      "RequestHeaders": {
        "User-Agent": [
          "FxVersion/4.6.30321.06",
          "OSName/Windows",
          "OSVersion/Microsoft.Windows.10.0.17763.",
          "Microsoft.Azure.Management.Internal.Resources.ResourceManagementClient/1.3.43"
        ]
      },
      "ResponseHeaders": {
        "Cache-Control": [
          "no-cache"
        ],
        "Pragma": [
          "no-cache"
        ],
        "x-ms-ratelimit-remaining-subscription-reads": [
          "11998"
        ],
        "x-ms-request-id": [
          "42f7f2c8-286f-432d-a28c-ea93041b16d7"
        ],
        "x-ms-correlation-request-id": [
          "42f7f2c8-286f-432d-a28c-ea93041b16d7"
        ],
        "x-ms-routing-request-id": [
          "UKSOUTH:20210823T142848Z:42f7f2c8-286f-432d-a28c-ea93041b16d7"
        ],
        "Strict-Transport-Security": [
          "max-age=31536000; includeSubDomains"
        ],
        "X-Content-Type-Options": [
          "nosniff"
        ],
        "Date": [
          "Mon, 23 Aug 2021 14:28:48 GMT"
        ],
        "Expires": [
          "-1"
        ],
        "Content-Length": [
          "0"
        ]
      },
      "ResponseBody": "",
      "StatusCode": 200
    }
  ],
  "Names": {
    "Test-CreateManagedInstanceWithMultiAzEnabled": [
      "ps3676",
      "ps9328"
    ]
  },
  "Variables": {
    "SubscriptionId": "62e48210-5e43-423e-889b-c277f3e08c39"
  }
}