{
  "Entries": [
    {
      "RequestUri": "/subscriptions/ee5ea899-0791-418f-9270-77cd8273794b/resourcegroups/ps3181?api-version=2016-09-01",
      "EncodedRequestUri": "L3N1YnNjcmlwdGlvbnMvZWU1ZWE4OTktMDc5MS00MThmLTkyNzAtNzdjZDgyNzM3OTRiL3Jlc291cmNlZ3JvdXBzL3BzMzE4MT9hcGktdmVyc2lvbj0yMDE2LTA5LTAx",
      "RequestMethod": "PUT",
      "RequestBody": "{\r\n  \"location\": \"westcentralus\"\r\n}",
      "RequestHeaders": {
        "x-ms-client-request-id": [
          "d9529907-c5f5-4c3c-b987-2a2a4b013ba9"
        ],
        "accept-language": [
          "en-US"
        ],
        "User-Agent": [
          "FxVersion/4.7.3163.0",
          "OSName/WindowsServer2012R2Datacenter",
          "OSVersion/6.3.9600",
          "Microsoft.Azure.Management.Internal.Resources.ResourceManagementClient/4.1.0"
        ],
        "Content-Type": [
          "application/json; charset=utf-8"
        ],
        "Content-Length": [
          "35"
        ]
      },
      "ResponseHeaders": {
        "Pragma": [
          "no-cache"
        ],
        "x-ms-ratelimit-remaining-subscription-writes": [
          "1199"
        ],
        "x-ms-request-id": [
          "fc88252c-260c-41a0-8369-14e7c5b094f3"
        ],
        "x-ms-correlation-request-id": [
          "fc88252c-260c-41a0-8369-14e7c5b094f3"
        ],
        "x-ms-routing-request-id": [
          "UKSOUTH2:20181107T145024Z:fc88252c-260c-41a0-8369-14e7c5b094f3"
        ],
        "Strict-Transport-Security": [
          "max-age=31536000; includeSubDomains"
        ],
        "X-Content-Type-Options": [
          "nosniff"
        ],
        "Cache-Control": [
          "no-cache"
        ],
        "Date": [
          "Wed, 07 Nov 2018 14:50:23 GMT"
        ],
        "Content-Length": [
          "172"
        ],
        "Content-Type": [
          "application/json; charset=utf-8"
        ],
        "Expires": [
          "-1"
        ]
      },
      "ResponseBody": "{\r\n  \"id\": \"/subscriptions/ee5ea899-0791-418f-9270-77cd8273794b/resourceGroups/ps3181\",\r\n  \"name\": \"ps3181\",\r\n  \"location\": \"westcentralus\",\r\n  \"properties\": {\r\n    \"provisioningState\": \"Succeeded\"\r\n  }\r\n}",
      "StatusCode": 201
    },
    {
      "RequestUri": "/subscriptions/ee5ea899-0791-418f-9270-77cd8273794b/resourceGroups/cl_one/providers/Microsoft.Network/virtualNetworks/cl_initial?api-version=2018-08-01",
      "EncodedRequestUri": "L3N1YnNjcmlwdGlvbnMvZWU1ZWE4OTktMDc5MS00MThmLTkyNzAtNzdjZDgyNzM3OTRiL3Jlc291cmNlR3JvdXBzL2NsX29uZS9wcm92aWRlcnMvTWljcm9zb2Z0Lk5ldHdvcmsvdmlydHVhbE5ldHdvcmtzL2NsX2luaXRpYWw/YXBpLXZlcnNpb249MjAxOC0wOC0wMQ==",
      "RequestMethod": "GET",
      "RequestBody": "",
      "RequestHeaders": {
        "x-ms-client-request-id": [
          "b1a99cf9-ffbd-473f-8ea1-bed72fed20ae"
        ],
        "accept-language": [
          "en-US"
        ],
        "User-Agent": [
          "FxVersion/4.7.3163.0",
          "OSName/WindowsServer2012R2Datacenter",
          "OSVersion/6.3.9600",
          "Microsoft.Azure.Management.Network.NetworkManagementClient/19.5.0.0"
        ]
      },
      "ResponseHeaders": {
        "Pragma": [
          "no-cache"
        ],
        "x-ms-request-id": [
          "2ce2fde0-7d1a-49c4-93a5-e1f4c3354538"
        ],
        "x-ms-correlation-request-id": [
          "fb1d6973-9601-40d8-b64f-21284c9157b1"
        ],
        "Strict-Transport-Security": [
          "max-age=31536000; includeSubDomains"
        ],
        "Cache-Control": [
          "no-cache"
        ],
        "ETag": [
          "W/\"716de069-ed9e-4c2e-98cf-e0b492bfc003\""
        ],
        "Server": [
          "Microsoft-HTTPAPI/2.0",
          "Microsoft-HTTPAPI/2.0"
        ],
        "x-ms-ratelimit-remaining-subscription-reads": [
          "11999"
        ],
        "x-ms-routing-request-id": [
          "UKSOUTH2:20181107T145025Z:fb1d6973-9601-40d8-b64f-21284c9157b1"
        ],
        "X-Content-Type-Options": [
          "nosniff"
        ],
        "Date": [
          "Wed, 07 Nov 2018 14:50:24 GMT"
        ],
        "Content-Length": [
          "5494"
        ],
        "Content-Type": [
          "application/json; charset=utf-8"
        ],
        "Expires": [
          "-1"
        ]
      },
      "ResponseBody": "{\r\n  \"name\": \"cl_initial\",\r\n  \"id\": \"/subscriptions/ee5ea899-0791-418f-9270-77cd8273794b/resourceGroups/cl_one/providers/Microsoft.Network/virtualNetworks/cl_initial\",\r\n  \"etag\": \"W/\\\"716de069-ed9e-4c2e-98cf-e0b492bfc003\\\"\",\r\n  \"type\": \"Microsoft.Network/virtualNetworks\",\r\n  \"location\": \"westcentralus\",\r\n  \"properties\": {\r\n    \"provisioningState\": \"Succeeded\",\r\n    \"resourceGuid\": \"965f5861-b84a-420a-9899-aabad7690902\",\r\n    \"addressSpace\": {\r\n      \"addressPrefixes\": [\r\n        \"10.0.0.0/16\"\r\n      ]\r\n    },\r\n    \"subnets\": [\r\n      {\r\n        \"name\": \"VM\",\r\n        \"id\": \"/subscriptions/ee5ea899-0791-418f-9270-77cd8273794b/resourceGroups/cl_one/providers/Microsoft.Network/virtualNetworks/cl_initial/subnets/VM\",\r\n        \"etag\": \"W/\\\"716de069-ed9e-4c2e-98cf-e0b492bfc003\\\"\",\r\n        \"properties\": {\r\n          \"provisioningState\": \"Succeeded\",\r\n          \"addressPrefix\": \"10.0.1.0/24\",\r\n          \"serviceEndpoints\": [],\r\n          \"delegations\": []\r\n        },\r\n        \"type\": \"Microsoft.Network/virtualNetworks/subnets\"\r\n      },\r\n      {\r\n        \"name\": \"vm1\",\r\n        \"id\": \"/subscriptions/ee5ea899-0791-418f-9270-77cd8273794b/resourceGroups/cl_one/providers/Microsoft.Network/virtualNetworks/cl_initial/subnets/vm1\",\r\n        \"etag\": \"W/\\\"716de069-ed9e-4c2e-98cf-e0b492bfc003\\\"\",\r\n        \"properties\": {\r\n          \"provisioningState\": \"Succeeded\",\r\n          \"addressPrefix\": \"10.0.2.0/24\",\r\n          \"serviceEndpoints\": [],\r\n          \"delegations\": []\r\n        },\r\n        \"type\": \"Microsoft.Network/virtualNetworks/subnets\"\r\n      },\r\n      {\r\n        \"name\": \"vm2\",\r\n        \"id\": \"/subscriptions/ee5ea899-0791-418f-9270-77cd8273794b/resourceGroups/cl_one/providers/Microsoft.Network/virtualNetworks/cl_initial/subnets/vm2\",\r\n        \"etag\": \"W/\\\"716de069-ed9e-4c2e-98cf-e0b492bfc003\\\"\",\r\n        \"properties\": {\r\n          \"provisioningState\": \"Succeeded\",\r\n          \"addressPrefix\": \"10.0.3.0/24\",\r\n          \"serviceEndpoints\": [],\r\n          \"delegations\": []\r\n        },\r\n        \"type\": \"Microsoft.Network/virtualNetworks/subnets\"\r\n      },\r\n      {\r\n        \"name\": \"CSSSubTest\",\r\n        \"id\": \"/subscriptions/ee5ea899-0791-418f-9270-77cd8273794b/resourceGroups/cl_one/providers/Microsoft.Network/virtualNetworks/cl_initial/subnets/CSSSubTest\",\r\n        \"etag\": \"W/\\\"716de069-ed9e-4c2e-98cf-e0b492bfc003\\\"\",\r\n        \"properties\": {\r\n          \"provisioningState\": \"Succeeded\",\r\n          \"addressPrefix\": \"10.0.4.0/24\",\r\n          \"serviceEndpoints\": [],\r\n          \"delegations\": []\r\n        },\r\n        \"type\": \"Microsoft.Network/virtualNetworks/subnets\"\r\n      },\r\n      {\r\n        \"name\": \"CooL\",\r\n        \"id\": \"/subscriptions/ee5ea899-0791-418f-9270-77cd8273794b/resourceGroups/cl_one/providers/Microsoft.Network/virtualNetworks/cl_initial/subnets/CooL\",\r\n        \"etag\": \"W/\\\"716de069-ed9e-4c2e-98cf-e0b492bfc003\\\"\",\r\n        \"properties\": {\r\n          \"provisioningState\": \"Succeeded\",\r\n          \"addressPrefix\": \"10.0.0.0/24\",\r\n          \"routeTable\": {\r\n            \"id\": \"/subscriptions/ee5ea899-0791-418f-9270-77cd8273794b/resourceGroups/cl-web-demo/providers/Microsoft.Network/routeTables/front-end-ase-Route-Table\"\r\n          },\r\n          \"networkIntentPolicies\": [\r\n            {\r\n              \"id\": \"/subscriptions/ee5ea899-0791-418f-9270-77cd8273794b/resourceGroups/cl_one/providers/Microsoft.Network/networkIntentPolicies/b788484e-fc91-4cc8-9600-e45c46a4a201\"\r\n            }\r\n          ],\r\n          \"resourceNavigationLinks\": [\r\n            {\r\n              \"name\": \"VirtualClusterCooL\",\r\n              \"id\": \"/subscriptions/ee5ea899-0791-418f-9270-77cd8273794b/resourceGroups/cl_one/providers/Microsoft.Network/virtualNetworks/cl_initial/subnets/CooL/resourceNavigationLinks/VirtualClusterCooL\",\r\n              \"etag\": \"W/\\\"716de069-ed9e-4c2e-98cf-e0b492bfc003\\\"\",\r\n              \"type\": \"Microsoft.Network/virtualNetworks/subnets/resourceNavigationLinks\",\r\n              \"properties\": {\r\n                \"provisioningState\": \"Succeeded\",\r\n                \"linkedResourceType\": \"Microsoft.Sql/virtualClusters\",\r\n                \"link\": \"//subscriptions/ee5ea899-0791-418f-9270-77cd8273794b/resourceGroups/cl_one/providers/Microsoft.Sql/virtualClusters/VirtualClusterAcquireTokenAppTest?api-version=2015-05-01-preview\"\r\n              }\r\n            },\r\n            {\r\n              \"name\": \"VirtualCluster26256af1-91a2-495e-8e77-ba4e24dd240e\",\r\n              \"id\": \"/subscriptions/ee5ea899-0791-418f-9270-77cd8273794b/resourceGroups/cl_one/providers/Microsoft.Network/virtualNetworks/cl_initial/subnets/CooL/resourceNavigationLinks/VirtualCluster26256af1-91a2-495e-8e77-ba4e24dd240e\",\r\n              \"etag\": \"W/\\\"716de069-ed9e-4c2e-98cf-e0b492bfc003\\\"\",\r\n              \"type\": \"Microsoft.Network/virtualNetworks/subnets/resourceNavigationLinks\",\r\n              \"properties\": {\r\n                \"provisioningState\": \"Succeeded\",\r\n                \"linkedResourceType\": \"Microsoft.Sql/virtualClusters\",\r\n                \"link\": \"/subscriptions/ee5ea899-0791-418f-9270-77cd8273794b/resourceGroups/cl_one/providers/Microsoft.Sql/virtualClusters/VirtualCluster26256af1-91a2-495e-8e77-ba4e24dd240e?api-version=2015-05-01-preview\"\r\n              }\r\n            }\r\n          ],\r\n          \"serviceEndpoints\": [],\r\n          \"delegations\": []\r\n        },\r\n        \"type\": \"Microsoft.Network/virtualNetworks/subnets\"\r\n      }\r\n    ],\r\n    \"virtualNetworkPeerings\": [],\r\n    \"enableDdosProtection\": false,\r\n    \"enableVmProtection\": false\r\n  }\r\n}",
      "StatusCode": 200
    },
    {
      "RequestUri": "/subscriptions/ee5ea899-0791-418f-9270-77cd8273794b/resourceGroups/ps3181/providers/Microsoft.Sql/managedInstances/ps1873?api-version=2015-05-01-preview",
      "EncodedRequestUri": "L3N1YnNjcmlwdGlvbnMvZWU1ZWE4OTktMDc5MS00MThmLTkyNzAtNzdjZDgyNzM3OTRiL3Jlc291cmNlR3JvdXBzL3BzMzE4MS9wcm92aWRlcnMvTWljcm9zb2Z0LlNxbC9tYW5hZ2VkSW5zdGFuY2VzL3BzMTg3Mz9hcGktdmVyc2lvbj0yMDE1LTA1LTAxLXByZXZpZXc=",
      "RequestMethod": "GET",
      "RequestBody": "",
      "RequestHeaders": {
        "x-ms-client-request-id": [
          "dd5bdac5-f4e0-47ff-83a5-ea3cc8e2a73b"
        ],
        "accept-language": [
          "en-US"
        ],
        "User-Agent": [
          "FxVersion/4.7.3163.0",
          "OSName/WindowsServer2012R2Datacenter",
          "OSVersion/6.3.9600",
          "Microsoft.Azure.Management.Sql.SqlManagementClient/1.18.0.0"
        ]
      },
      "ResponseHeaders": {
        "Pragma": [
          "no-cache"
        ],
        "x-ms-failure-cause": [
          "gateway"
        ],
        "x-ms-request-id": [
          "dbda146f-4cff-4761-8da2-f27a85180cc5"
        ],
        "x-ms-correlation-request-id": [
          "dbda146f-4cff-4761-8da2-f27a85180cc5"
        ],
        "x-ms-routing-request-id": [
          "UKSOUTH2:20181107T145028Z:dbda146f-4cff-4761-8da2-f27a85180cc5"
        ],
        "Strict-Transport-Security": [
          "max-age=31536000; includeSubDomains"
        ],
        "X-Content-Type-Options": [
          "nosniff"
        ],
        "Cache-Control": [
          "no-cache"
        ],
        "Date": [
          "Wed, 07 Nov 2018 14:50:27 GMT"
        ],
        "Content-Length": [
          "147"
        ],
        "Content-Type": [
          "application/json; charset=utf-8"
        ],
        "Expires": [
          "-1"
        ]
      },
      "ResponseBody": "{\r\n  \"error\": {\r\n    \"code\": \"ResourceNotFound\",\r\n    \"message\": \"The Resource 'Microsoft.Sql/managedInstances/ps1873' under resource group 'ps3181' was not found.\"\r\n  }\r\n}",
      "StatusCode": 404
    },
    {
      "RequestUri": "/subscriptions/ee5ea899-0791-418f-9270-77cd8273794b/resourceGroups/ps3181/providers/Microsoft.Sql/managedInstances/ps1873?api-version=2015-05-01-preview",
      "EncodedRequestUri": "L3N1YnNjcmlwdGlvbnMvZWU1ZWE4OTktMDc5MS00MThmLTkyNzAtNzdjZDgyNzM3OTRiL3Jlc291cmNlR3JvdXBzL3BzMzE4MS9wcm92aWRlcnMvTWljcm9zb2Z0LlNxbC9tYW5hZ2VkSW5zdGFuY2VzL3BzMTg3Mz9hcGktdmVyc2lvbj0yMDE1LTA1LTAxLXByZXZpZXc=",
      "RequestMethod": "GET",
      "RequestBody": "",
      "RequestHeaders": {
        "User-Agent": [
          "FxVersion/4.7.3163.0",
          "OSName/WindowsServer2012R2Datacenter",
          "OSVersion/6.3.9600",
          "Microsoft.Azure.Management.Sql.SqlManagementClient/1.18.0.0"
        ]
      },
      "ResponseHeaders": {
        "Pragma": [
          "no-cache"
        ],
        "x-ms-request-id": [
          "f1a7f96d-6852-4285-b47f-76c3a81b581a"
        ],
        "x-ms-ratelimit-remaining-subscription-reads": [
          "11996"
        ],
        "x-ms-correlation-request-id": [
          "e70b2107-7ddd-4a4d-a6d5-bb8c445b6aed"
        ],
        "x-ms-routing-request-id": [
          "UKSOUTH2:20181107T145235Z:e70b2107-7ddd-4a4d-a6d5-bb8c445b6aed"
        ],
        "Strict-Transport-Security": [
          "max-age=31536000; includeSubDomains"
        ],
        "X-Content-Type-Options": [
          "nosniff"
        ],
        "Cache-Control": [
          "no-cache"
        ],
        "Date": [
          "Wed, 07 Nov 2018 14:52:34 GMT"
        ],
        "Server": [
          "Microsoft-HTTPAPI/2.0"
        ],
        "Content-Length": [
          "861"
        ],
        "Content-Type": [
          "application/json; charset=utf-8"
        ],
        "Expires": [
          "-1"
        ]
      },
      "ResponseBody": "{\r\n  \"identity\": {\r\n    \"principalId\": \"69618e4e-282a-4bd1-aea7-b047111044ed\",\r\n    \"type\": \"SystemAssigned\",\r\n    \"tenantId\": \"0c1edf5d-e5c5-4aca-ab69-ef194134f44b\"\r\n  },\r\n  \"sku\": {\r\n    \"name\": \"GP_Gen4\",\r\n    \"tier\": \"GeneralPurpose\",\r\n    \"family\": \"Gen4\",\r\n    \"capacity\": 16\r\n  },\r\n  \"properties\": {\r\n    \"fullyQualifiedDomainName\": \"ps1873.wcus1620a4a77b113.database.windows.net\",\r\n    \"administratorLogin\": \"testusername\",\r\n    \"subnetId\": \"/subscriptions/ee5ea899-0791-418f-9270-77cd8273794b/resourceGroups/cl_one/providers/Microsoft.Network/virtualNetworks/cl_initial/subnets/CooL\",\r\n    \"state\": \"Ready\",\r\n    \"licenseType\": \"BasePrice\",\r\n    \"vCores\": 16,\r\n    \"storageSizeInGB\": 32,\r\n    \"collation\": \"SQL_Latin1_General_CP1_CI_AS\",\r\n    \"dnsZone\": \"wcus1620a4a77b113\"\r\n  },\r\n  \"location\": \"westcentralus\",\r\n  \"id\": \"/subscriptions/ee5ea899-0791-418f-9270-77cd8273794b/resourceGroups/ps3181/providers/Microsoft.Sql/managedInstances/ps1873\",\r\n  \"name\": \"ps1873\",\r\n  \"type\": \"Microsoft.Sql/managedInstances\"\r\n}",
      "StatusCode": 200
    },
    {
      "RequestUri": "/subscriptions/ee5ea899-0791-418f-9270-77cd8273794b/resourceGroups/ps3181/providers/Microsoft.Sql/managedInstances/ps1873?api-version=2015-05-01-preview",
      "EncodedRequestUri": "L3N1YnNjcmlwdGlvbnMvZWU1ZWE4OTktMDc5MS00MThmLTkyNzAtNzdjZDgyNzM3OTRiL3Jlc291cmNlR3JvdXBzL3BzMzE4MS9wcm92aWRlcnMvTWljcm9zb2Z0LlNxbC9tYW5hZ2VkSW5zdGFuY2VzL3BzMTg3Mz9hcGktdmVyc2lvbj0yMDE1LTA1LTAxLXByZXZpZXc=",
      "RequestMethod": "PUT",
      "RequestBody": "{\r\n  \"identity\": {\r\n    \"type\": \"SystemAssigned\"\r\n  },\r\n  \"sku\": {\r\n    \"name\": \"GP_Gen4\"\r\n  },\r\n  \"properties\": {\r\n    \"administratorLogin\": \"testusername\",\r\n    \"administratorLoginPassword\": \"t357ingP@s5w0rd!\",\r\n    \"subnetId\": \"/subscriptions/ee5ea899-0791-418f-9270-77cd8273794b/resourceGroups/cl_one/providers/Microsoft.Network/virtualNetworks/cl_initial/subnets/CooL\",\r\n    \"licenseType\": \"BasePrice\",\r\n    \"vCores\": 16,\r\n    \"storageSizeInGB\": 32\r\n  },\r\n  \"location\": \"westcentralus\"\r\n}",
      "RequestHeaders": {
        "x-ms-client-request-id": [
          "a87204ae-1468-4234-90a8-2d189d37903f"
        ],
        "accept-language": [
          "en-US"
        ],
        "User-Agent": [
          "FxVersion/4.7.3163.0",
          "OSName/WindowsServer2012R2Datacenter",
          "OSVersion/6.3.9600",
          "Microsoft.Azure.Management.Sql.SqlManagementClient/1.18.0.0"
        ],
        "Content-Type": [
          "application/json; charset=utf-8"
        ],
        "Content-Length": [
          "493"
        ]
      },
      "ResponseHeaders": {
        "Pragma": [
          "no-cache"
        ],
        "Retry-After": [
          "60"
        ],
        "Azure-AsyncOperation": [
          "https://management.azure.com/subscriptions/ee5ea899-0791-418f-9270-77cd8273794b/resourceGroups/ps3181/providers/Microsoft.Sql/locations/westcentralus/managedInstanceAzureAsyncOperation/7cb38e5e-761d-43bf-918a-fd135b04c623?api-version=2015-05-01-preview"
        ],
        "x-ms-request-id": [
          "7cb38e5e-761d-43bf-918a-fd135b04c623"
        ],
        "x-ms-ratelimit-remaining-subscription-writes": [
          "1199"
        ],
        "x-ms-correlation-request-id": [
          "32369daf-0802-4388-937f-311d8cce94eb"
        ],
        "x-ms-routing-request-id": [
          "UKSOUTH2:20181107T145033Z:32369daf-0802-4388-937f-311d8cce94eb"
        ],
        "Strict-Transport-Security": [
          "max-age=31536000; includeSubDomains"
        ],
        "X-Content-Type-Options": [
          "nosniff"
        ],
        "Cache-Control": [
          "no-cache"
        ],
        "Date": [
          "Wed, 07 Nov 2018 14:50:33 GMT"
        ],
        "Location": [
          "https://management.azure.com/subscriptions/ee5ea899-0791-418f-9270-77cd8273794b/resourceGroups/ps3181/providers/Microsoft.Sql/locations/westcentralus/managedInstanceOperationResults/7cb38e5e-761d-43bf-918a-fd135b04c623?api-version=2015-05-01-preview"
        ],
        "Server": [
          "Microsoft-HTTPAPI/2.0"
        ],
        "Content-Length": [
          "73"
        ],
        "Content-Type": [
          "application/json; charset=utf-8"
        ],
        "Expires": [
          "-1"
        ]
      },
      "ResponseBody": "{\r\n  \"operation\": \"UpsertManagedServer\",\r\n  \"startTime\": \"2018-11-07T14:50:33.49Z\"\r\n}",
      "StatusCode": 202
    },
    {
      "RequestUri": "/subscriptions/ee5ea899-0791-418f-9270-77cd8273794b/resourceGroups/ps3181/providers/Microsoft.Sql/locations/westcentralus/managedInstanceAzureAsyncOperation/7cb38e5e-761d-43bf-918a-fd135b04c623?api-version=2015-05-01-preview",
      "EncodedRequestUri": "L3N1YnNjcmlwdGlvbnMvZWU1ZWE4OTktMDc5MS00MThmLTkyNzAtNzdjZDgyNzM3OTRiL3Jlc291cmNlR3JvdXBzL3BzMzE4MS9wcm92aWRlcnMvTWljcm9zb2Z0LlNxbC9sb2NhdGlvbnMvd2VzdGNlbnRyYWx1cy9tYW5hZ2VkSW5zdGFuY2VBenVyZUFzeW5jT3BlcmF0aW9uLzdjYjM4ZTVlLTc2MWQtNDNiZi05MThhLWZkMTM1YjA0YzYyMz9hcGktdmVyc2lvbj0yMDE1LTA1LTAxLXByZXZpZXc=",
      "RequestMethod": "GET",
      "RequestBody": "",
      "RequestHeaders": {
        "User-Agent": [
          "FxVersion/4.7.3163.0",
          "OSName/WindowsServer2012R2Datacenter",
          "OSVersion/6.3.9600",
          "Microsoft.Azure.Management.Sql.SqlManagementClient/1.18.0.0"
        ]
      },
      "ResponseHeaders": {
        "Pragma": [
          "no-cache"
        ],
        "Retry-After": [
          "60"
        ],
        "x-ms-request-id": [
          "d44782b6-f552-4140-9e77-13fed28d89f5"
        ],
        "x-ms-ratelimit-remaining-subscription-reads": [
          "11998"
        ],
        "x-ms-correlation-request-id": [
          "c5e2aa69-6f36-45d0-9c9f-d8749743bcc9"
        ],
        "x-ms-routing-request-id": [
          "UKSOUTH2:20181107T145134Z:c5e2aa69-6f36-45d0-9c9f-d8749743bcc9"
        ],
        "Strict-Transport-Security": [
          "max-age=31536000; includeSubDomains"
        ],
        "X-Content-Type-Options": [
          "nosniff"
        ],
        "Cache-Control": [
          "no-cache"
        ],
        "Date": [
          "Wed, 07 Nov 2018 14:51:34 GMT"
        ],
        "Server": [
          "Microsoft-HTTPAPI/2.0"
        ],
        "Content-Length": [
          "107"
        ],
        "Content-Type": [
          "application/json; charset=utf-8"
        ],
        "Expires": [
          "-1"
        ]
      },
      "ResponseBody": "{\r\n  \"name\": \"7cb38e5e-761d-43bf-918a-fd135b04c623\",\r\n  \"status\": \"InProgress\",\r\n  \"startTime\": \"2018-11-07T14:50:33.49Z\"\r\n}",
      "StatusCode": 200
    },
    {
      "RequestUri": "/subscriptions/ee5ea899-0791-418f-9270-77cd8273794b/resourceGroups/ps3181/providers/Microsoft.Sql/locations/westcentralus/managedInstanceAzureAsyncOperation/7cb38e5e-761d-43bf-918a-fd135b04c623?api-version=2015-05-01-preview",
      "EncodedRequestUri": "L3N1YnNjcmlwdGlvbnMvZWU1ZWE4OTktMDc5MS00MThmLTkyNzAtNzdjZDgyNzM3OTRiL3Jlc291cmNlR3JvdXBzL3BzMzE4MS9wcm92aWRlcnMvTWljcm9zb2Z0LlNxbC9sb2NhdGlvbnMvd2VzdGNlbnRyYWx1cy9tYW5hZ2VkSW5zdGFuY2VBenVyZUFzeW5jT3BlcmF0aW9uLzdjYjM4ZTVlLTc2MWQtNDNiZi05MThhLWZkMTM1YjA0YzYyMz9hcGktdmVyc2lvbj0yMDE1LTA1LTAxLXByZXZpZXc=",
      "RequestMethod": "GET",
      "RequestBody": "",
      "RequestHeaders": {
        "User-Agent": [
          "FxVersion/4.7.3163.0",
          "OSName/WindowsServer2012R2Datacenter",
          "OSVersion/6.3.9600",
          "Microsoft.Azure.Management.Sql.SqlManagementClient/1.18.0.0"
        ]
      },
      "ResponseHeaders": {
        "Pragma": [
          "no-cache"
        ],
        "Retry-After": [
          "60"
        ],
        "x-ms-request-id": [
          "621ee57e-2caf-40b7-8aa1-75873faa9645"
        ],
        "x-ms-ratelimit-remaining-subscription-reads": [
          "11997"
        ],
        "x-ms-correlation-request-id": [
          "67349499-f351-47c3-8efc-9b6e6ca3af2e"
        ],
        "x-ms-routing-request-id": [
          "UKSOUTH2:20181107T145234Z:67349499-f351-47c3-8efc-9b6e6ca3af2e"
        ],
        "Strict-Transport-Security": [
          "max-age=31536000; includeSubDomains"
        ],
        "X-Content-Type-Options": [
          "nosniff"
        ],
        "Cache-Control": [
          "no-cache"
        ],
        "Date": [
          "Wed, 07 Nov 2018 14:52:34 GMT"
        ],
        "Server": [
          "Microsoft-HTTPAPI/2.0"
        ],
        "Content-Length": [
          "106"
        ],
        "Content-Type": [
          "application/json; charset=utf-8"
        ],
        "Expires": [
          "-1"
        ]
      },
      "ResponseBody": "{\r\n  \"name\": \"7cb38e5e-761d-43bf-918a-fd135b04c623\",\r\n  \"status\": \"Succeeded\",\r\n  \"startTime\": \"2018-11-07T14:50:33.49Z\"\r\n}",
      "StatusCode": 200
    },
    {
      "RequestUri": "/subscriptions/ee5ea899-0791-418f-9270-77cd8273794b/resourcegroups/ps3181?api-version=2016-09-01",
      "EncodedRequestUri": "L3N1YnNjcmlwdGlvbnMvZWU1ZWE4OTktMDc5MS00MThmLTkyNzAtNzdjZDgyNzM3OTRiL3Jlc291cmNlZ3JvdXBzL3BzMzE4MT9hcGktdmVyc2lvbj0yMDE2LTA5LTAx",
      "RequestMethod": "DELETE",
      "RequestBody": "",
      "RequestHeaders": {
        "x-ms-client-request-id": [
          "e1efb03b-fe35-42a8-a01c-375697a3e738"
        ],
        "accept-language": [
          "en-US"
        ],
        "User-Agent": [
          "FxVersion/4.7.3163.0",
          "OSName/WindowsServer2012R2Datacenter",
          "OSVersion/6.3.9600",
          "Microsoft.Azure.Management.Internal.Resources.ResourceManagementClient/4.1.0"
        ]
      },
      "ResponseHeaders": {
        "Pragma": [
          "no-cache"
        ],
        "Retry-After": [
          "15"
        ],
        "x-ms-ratelimit-remaining-subscription-deletes": [
          "14999"
        ],
        "x-ms-request-id": [
          "b753f6a2-354b-4d86-8a08-a927fd5999fb"
        ],
        "x-ms-correlation-request-id": [
          "b753f6a2-354b-4d86-8a08-a927fd5999fb"
        ],
        "x-ms-routing-request-id": [
          "UKSOUTH2:20181107T145238Z:b753f6a2-354b-4d86-8a08-a927fd5999fb"
        ],
        "Strict-Transport-Security": [
          "max-age=31536000; includeSubDomains"
        ],
        "X-Content-Type-Options": [
          "nosniff"
        ],
        "Cache-Control": [
          "no-cache"
        ],
        "Date": [
          "Wed, 07 Nov 2018 14:52:37 GMT"
        ],
        "Location": [
          "https://management.azure.com/subscriptions/ee5ea899-0791-418f-9270-77cd8273794b/operationresults/eyJqb2JJZCI6IlJFU09VUkNFR1JPVVBERUxFVElPTkpPQi1QUzMxODEtV0VTVENFTlRSQUxVUyIsImpvYkxvY2F0aW9uIjoid2VzdGNlbnRyYWx1cyJ9?api-version=2016-09-01"
        ],
        "Content-Length": [
          "0"
        ],
        "Expires": [
          "-1"
        ]
      },
      "ResponseBody": "",
      "StatusCode": 202
    },
    {
      "RequestUri": "/subscriptions/ee5ea899-0791-418f-9270-77cd8273794b/operationresults/eyJqb2JJZCI6IlJFU09VUkNFR1JPVVBERUxFVElPTkpPQi1QUzMxODEtV0VTVENFTlRSQUxVUyIsImpvYkxvY2F0aW9uIjoid2VzdGNlbnRyYWx1cyJ9?api-version=2016-09-01",
      "EncodedRequestUri": "L3N1YnNjcmlwdGlvbnMvZWU1ZWE4OTktMDc5MS00MThmLTkyNzAtNzdjZDgyNzM3OTRiL29wZXJhdGlvbnJlc3VsdHMvZXlKcWIySkpaQ0k2SWxKRlUwOVZVa05GUjFKUFZWQkVSVXhGVkVsUFRrcFBRaTFRVXpNeE9ERXRWMFZUVkVORlRsUlNRVXhWVXlJc0ltcHZZa3h2WTJGMGFXOXVJam9pZDJWemRHTmxiblJ5WVd4MWN5Sjk/YXBpLXZlcnNpb249MjAxNi0wOS0wMQ==",
      "RequestMethod": "GET",
      "RequestBody": "",
      "RequestHeaders": {
        "User-Agent": [
          "FxVersion/4.7.3163.0",
          "OSName/WindowsServer2012R2Datacenter",
          "OSVersion/6.3.9600",
          "Microsoft.Azure.Management.Internal.Resources.ResourceManagementClient/4.1.0"
        ]
      },
      "ResponseHeaders": {
        "Pragma": [
          "no-cache"
        ],
        "Retry-After": [
          "15"
        ],
        "x-ms-ratelimit-remaining-subscription-reads": [
          "11999"
        ],
        "x-ms-request-id": [
          "fd90cc5e-6b82-4b5d-b553-7770d6d4ad3f"
        ],
        "x-ms-correlation-request-id": [
          "fd90cc5e-6b82-4b5d-b553-7770d6d4ad3f"
        ],
        "x-ms-routing-request-id": [
          "UKSOUTH2:20181107T145253Z:fd90cc5e-6b82-4b5d-b553-7770d6d4ad3f"
        ],
        "Strict-Transport-Security": [
          "max-age=31536000; includeSubDomains"
        ],
        "X-Content-Type-Options": [
          "nosniff"
        ],
        "Cache-Control": [
          "no-cache"
        ],
        "Date": [
          "Wed, 07 Nov 2018 14:52:52 GMT"
        ],
        "Location": [
          "https://management.azure.com/subscriptions/ee5ea899-0791-418f-9270-77cd8273794b/operationresults/eyJqb2JJZCI6IlJFU09VUkNFR1JPVVBERUxFVElPTkpPQi1QUzMxODEtV0VTVENFTlRSQUxVUyIsImpvYkxvY2F0aW9uIjoid2VzdGNlbnRyYWx1cyJ9?api-version=2016-09-01"
        ],
        "Content-Length": [
          "0"
        ],
        "Expires": [
          "-1"
        ]
      },
      "ResponseBody": "",
      "StatusCode": 202
    },
    {
      "RequestUri": "/subscriptions/ee5ea899-0791-418f-9270-77cd8273794b/operationresults/eyJqb2JJZCI6IlJFU09VUkNFR1JPVVBERUxFVElPTkpPQi1QUzMxODEtV0VTVENFTlRSQUxVUyIsImpvYkxvY2F0aW9uIjoid2VzdGNlbnRyYWx1cyJ9?api-version=2016-09-01",
      "EncodedRequestUri": "L3N1YnNjcmlwdGlvbnMvZWU1ZWE4OTktMDc5MS00MThmLTkyNzAtNzdjZDgyNzM3OTRiL29wZXJhdGlvbnJlc3VsdHMvZXlKcWIySkpaQ0k2SWxKRlUwOVZVa05GUjFKUFZWQkVSVXhGVkVsUFRrcFBRaTFRVXpNeE9ERXRWMFZUVkVORlRsUlNRVXhWVXlJc0ltcHZZa3h2WTJGMGFXOXVJam9pZDJWemRHTmxiblJ5WVd4MWN5Sjk/YXBpLXZlcnNpb249MjAxNi0wOS0wMQ==",
      "RequestMethod": "GET",
      "RequestBody": "",
      "RequestHeaders": {
        "User-Agent": [
          "FxVersion/4.7.3163.0",
          "OSName/WindowsServer2012R2Datacenter",
          "OSVersion/6.3.9600",
          "Microsoft.Azure.Management.Internal.Resources.ResourceManagementClient/4.1.0"
        ]
      },
      "ResponseHeaders": {
        "Pragma": [
          "no-cache"
        ],
        "Retry-After": [
          "15"
        ],
        "x-ms-ratelimit-remaining-subscription-reads": [
          "11998"
        ],
        "x-ms-request-id": [
          "ff679158-7ea3-4231-b783-2fc846f31505"
        ],
        "x-ms-correlation-request-id": [
          "ff679158-7ea3-4231-b783-2fc846f31505"
        ],
        "x-ms-routing-request-id": [
          "UKSOUTH2:20181107T145308Z:ff679158-7ea3-4231-b783-2fc846f31505"
        ],
        "Strict-Transport-Security": [
          "max-age=31536000; includeSubDomains"
        ],
        "X-Content-Type-Options": [
          "nosniff"
        ],
        "Cache-Control": [
          "no-cache"
        ],
        "Date": [
          "Wed, 07 Nov 2018 14:53:07 GMT"
        ],
        "Location": [
          "https://management.azure.com/subscriptions/ee5ea899-0791-418f-9270-77cd8273794b/operationresults/eyJqb2JJZCI6IlJFU09VUkNFR1JPVVBERUxFVElPTkpPQi1QUzMxODEtV0VTVENFTlRSQUxVUyIsImpvYkxvY2F0aW9uIjoid2VzdGNlbnRyYWx1cyJ9?api-version=2016-09-01"
        ],
        "Content-Length": [
          "0"
        ],
        "Expires": [
          "-1"
        ]
      },
      "ResponseBody": "",
      "StatusCode": 202
    },
    {
      "RequestUri": "/subscriptions/ee5ea899-0791-418f-9270-77cd8273794b/operationresults/eyJqb2JJZCI6IlJFU09VUkNFR1JPVVBERUxFVElPTkpPQi1QUzMxODEtV0VTVENFTlRSQUxVUyIsImpvYkxvY2F0aW9uIjoid2VzdGNlbnRyYWx1cyJ9?api-version=2016-09-01",
      "EncodedRequestUri": "L3N1YnNjcmlwdGlvbnMvZWU1ZWE4OTktMDc5MS00MThmLTkyNzAtNzdjZDgyNzM3OTRiL29wZXJhdGlvbnJlc3VsdHMvZXlKcWIySkpaQ0k2SWxKRlUwOVZVa05GUjFKUFZWQkVSVXhGVkVsUFRrcFBRaTFRVXpNeE9ERXRWMFZUVkVORlRsUlNRVXhWVXlJc0ltcHZZa3h2WTJGMGFXOXVJam9pZDJWemRHTmxiblJ5WVd4MWN5Sjk/YXBpLXZlcnNpb249MjAxNi0wOS0wMQ==",
      "RequestMethod": "GET",
      "RequestBody": "",
      "RequestHeaders": {
        "User-Agent": [
          "FxVersion/4.7.3163.0",
          "OSName/WindowsServer2012R2Datacenter",
          "OSVersion/6.3.9600",
          "Microsoft.Azure.Management.Internal.Resources.ResourceManagementClient/4.1.0"
        ]
      },
      "ResponseHeaders": {
        "Pragma": [
          "no-cache"
        ],
        "Retry-After": [
          "15"
        ],
        "x-ms-ratelimit-remaining-subscription-reads": [
          "11997"
        ],
        "x-ms-request-id": [
          "b941378a-cc29-440f-8e37-7121fe54e2ce"
        ],
        "x-ms-correlation-request-id": [
          "b941378a-cc29-440f-8e37-7121fe54e2ce"
        ],
        "x-ms-routing-request-id": [
          "UKSOUTH2:20181107T145324Z:b941378a-cc29-440f-8e37-7121fe54e2ce"
        ],
        "Strict-Transport-Security": [
          "max-age=31536000; includeSubDomains"
        ],
        "X-Content-Type-Options": [
          "nosniff"
        ],
        "Cache-Control": [
          "no-cache"
        ],
        "Date": [
          "Wed, 07 Nov 2018 14:53:23 GMT"
        ],
        "Location": [
          "https://management.azure.com/subscriptions/ee5ea899-0791-418f-9270-77cd8273794b/operationresults/eyJqb2JJZCI6IlJFU09VUkNFR1JPVVBERUxFVElPTkpPQi1QUzMxODEtV0VTVENFTlRSQUxVUyIsImpvYkxvY2F0aW9uIjoid2VzdGNlbnRyYWx1cyJ9?api-version=2016-09-01"
        ],
        "Content-Length": [
          "0"
        ],
        "Expires": [
          "-1"
        ]
      },
      "ResponseBody": "",
      "StatusCode": 202
    },
    {
      "RequestUri": "/subscriptions/ee5ea899-0791-418f-9270-77cd8273794b/operationresults/eyJqb2JJZCI6IlJFU09VUkNFR1JPVVBERUxFVElPTkpPQi1QUzMxODEtV0VTVENFTlRSQUxVUyIsImpvYkxvY2F0aW9uIjoid2VzdGNlbnRyYWx1cyJ9?api-version=2016-09-01",
      "EncodedRequestUri": "L3N1YnNjcmlwdGlvbnMvZWU1ZWE4OTktMDc5MS00MThmLTkyNzAtNzdjZDgyNzM3OTRiL29wZXJhdGlvbnJlc3VsdHMvZXlKcWIySkpaQ0k2SWxKRlUwOVZVa05GUjFKUFZWQkVSVXhGVkVsUFRrcFBRaTFRVXpNeE9ERXRWMFZUVkVORlRsUlNRVXhWVXlJc0ltcHZZa3h2WTJGMGFXOXVJam9pZDJWemRHTmxiblJ5WVd4MWN5Sjk/YXBpLXZlcnNpb249MjAxNi0wOS0wMQ==",
      "RequestMethod": "GET",
      "RequestBody": "",
      "RequestHeaders": {
        "User-Agent": [
          "FxVersion/4.7.3163.0",
          "OSName/WindowsServer2012R2Datacenter",
          "OSVersion/6.3.9600",
          "Microsoft.Azure.Management.Internal.Resources.ResourceManagementClient/4.1.0"
        ]
      },
      "ResponseHeaders": {
        "Pragma": [
          "no-cache"
        ],
        "Retry-After": [
          "15"
        ],
        "x-ms-ratelimit-remaining-subscription-reads": [
          "11996"
        ],
        "x-ms-request-id": [
          "24414215-6119-4dcb-8907-ca3eacdc5dfb"
        ],
        "x-ms-correlation-request-id": [
          "24414215-6119-4dcb-8907-ca3eacdc5dfb"
        ],
        "x-ms-routing-request-id": [
          "UKSOUTH2:20181107T145339Z:24414215-6119-4dcb-8907-ca3eacdc5dfb"
        ],
        "Strict-Transport-Security": [
          "max-age=31536000; includeSubDomains"
        ],
        "X-Content-Type-Options": [
          "nosniff"
        ],
        "Cache-Control": [
          "no-cache"
        ],
        "Date": [
          "Wed, 07 Nov 2018 14:53:38 GMT"
        ],
        "Location": [
          "https://management.azure.com/subscriptions/ee5ea899-0791-418f-9270-77cd8273794b/operationresults/eyJqb2JJZCI6IlJFU09VUkNFR1JPVVBERUxFVElPTkpPQi1QUzMxODEtV0VTVENFTlRSQUxVUyIsImpvYkxvY2F0aW9uIjoid2VzdGNlbnRyYWx1cyJ9?api-version=2016-09-01"
        ],
        "Content-Length": [
          "0"
        ],
        "Expires": [
          "-1"
        ]
      },
      "ResponseBody": "",
      "StatusCode": 202
    },
    {
      "RequestUri": "/subscriptions/ee5ea899-0791-418f-9270-77cd8273794b/operationresults/eyJqb2JJZCI6IlJFU09VUkNFR1JPVVBERUxFVElPTkpPQi1QUzMxODEtV0VTVENFTlRSQUxVUyIsImpvYkxvY2F0aW9uIjoid2VzdGNlbnRyYWx1cyJ9?api-version=2016-09-01",
      "EncodedRequestUri": "L3N1YnNjcmlwdGlvbnMvZWU1ZWE4OTktMDc5MS00MThmLTkyNzAtNzdjZDgyNzM3OTRiL29wZXJhdGlvbnJlc3VsdHMvZXlKcWIySkpaQ0k2SWxKRlUwOVZVa05GUjFKUFZWQkVSVXhGVkVsUFRrcFBRaTFRVXpNeE9ERXRWMFZUVkVORlRsUlNRVXhWVXlJc0ltcHZZa3h2WTJGMGFXOXVJam9pZDJWemRHTmxiblJ5WVd4MWN5Sjk/YXBpLXZlcnNpb249MjAxNi0wOS0wMQ==",
      "RequestMethod": "GET",
      "RequestBody": "",
      "RequestHeaders": {
        "User-Agent": [
          "FxVersion/4.7.3163.0",
          "OSName/WindowsServer2012R2Datacenter",
          "OSVersion/6.3.9600",
          "Microsoft.Azure.Management.Internal.Resources.ResourceManagementClient/4.1.0"
        ]
      },
      "ResponseHeaders": {
        "Pragma": [
          "no-cache"
        ],
        "Retry-After": [
          "15"
        ],
        "x-ms-ratelimit-remaining-subscription-reads": [
          "11995"
        ],
        "x-ms-request-id": [
          "bf7478c8-bbf2-4f92-9368-f131fb09d070"
        ],
        "x-ms-correlation-request-id": [
          "bf7478c8-bbf2-4f92-9368-f131fb09d070"
        ],
        "x-ms-routing-request-id": [
          "UKSOUTH2:20181107T145354Z:bf7478c8-bbf2-4f92-9368-f131fb09d070"
        ],
        "Strict-Transport-Security": [
          "max-age=31536000; includeSubDomains"
        ],
        "X-Content-Type-Options": [
          "nosniff"
        ],
        "Cache-Control": [
          "no-cache"
        ],
        "Date": [
          "Wed, 07 Nov 2018 14:53:54 GMT"
        ],
        "Location": [
          "https://management.azure.com/subscriptions/ee5ea899-0791-418f-9270-77cd8273794b/operationresults/eyJqb2JJZCI6IlJFU09VUkNFR1JPVVBERUxFVElPTkpPQi1QUzMxODEtV0VTVENFTlRSQUxVUyIsImpvYkxvY2F0aW9uIjoid2VzdGNlbnRyYWx1cyJ9?api-version=2016-09-01"
        ],
        "Content-Length": [
          "0"
        ],
        "Expires": [
          "-1"
        ]
      },
      "ResponseBody": "",
      "StatusCode": 202
    },
    {
      "RequestUri": "/subscriptions/ee5ea899-0791-418f-9270-77cd8273794b/operationresults/eyJqb2JJZCI6IlJFU09VUkNFR1JPVVBERUxFVElPTkpPQi1QUzMxODEtV0VTVENFTlRSQUxVUyIsImpvYkxvY2F0aW9uIjoid2VzdGNlbnRyYWx1cyJ9?api-version=2016-09-01",
      "EncodedRequestUri": "L3N1YnNjcmlwdGlvbnMvZWU1ZWE4OTktMDc5MS00MThmLTkyNzAtNzdjZDgyNzM3OTRiL29wZXJhdGlvbnJlc3VsdHMvZXlKcWIySkpaQ0k2SWxKRlUwOVZVa05GUjFKUFZWQkVSVXhGVkVsUFRrcFBRaTFRVXpNeE9ERXRWMFZUVkVORlRsUlNRVXhWVXlJc0ltcHZZa3h2WTJGMGFXOXVJam9pZDJWemRHTmxiblJ5WVd4MWN5Sjk/YXBpLXZlcnNpb249MjAxNi0wOS0wMQ==",
      "RequestMethod": "GET",
      "RequestBody": "",
      "RequestHeaders": {
        "User-Agent": [
          "FxVersion/4.7.3163.0",
          "OSName/WindowsServer2012R2Datacenter",
          "OSVersion/6.3.9600",
          "Microsoft.Azure.Management.Internal.Resources.ResourceManagementClient/4.1.0"
        ]
      },
      "ResponseHeaders": {
        "Pragma": [
          "no-cache"
        ],
        "Retry-After": [
          "15"
        ],
        "x-ms-ratelimit-remaining-subscription-reads": [
          "11994"
        ],
        "x-ms-request-id": [
          "34f54318-cf97-4e7b-93d8-5c96d0ef6cf1"
        ],
        "x-ms-correlation-request-id": [
          "34f54318-cf97-4e7b-93d8-5c96d0ef6cf1"
        ],
        "x-ms-routing-request-id": [
          "UKSOUTH2:20181107T145410Z:34f54318-cf97-4e7b-93d8-5c96d0ef6cf1"
        ],
        "Strict-Transport-Security": [
          "max-age=31536000; includeSubDomains"
        ],
        "X-Content-Type-Options": [
          "nosniff"
        ],
        "Cache-Control": [
          "no-cache"
        ],
        "Date": [
          "Wed, 07 Nov 2018 14:54:10 GMT"
        ],
        "Location": [
          "https://management.azure.com/subscriptions/ee5ea899-0791-418f-9270-77cd8273794b/operationresults/eyJqb2JJZCI6IlJFU09VUkNFR1JPVVBERUxFVElPTkpPQi1QUzMxODEtV0VTVENFTlRSQUxVUyIsImpvYkxvY2F0aW9uIjoid2VzdGNlbnRyYWx1cyJ9?api-version=2016-09-01"
        ],
        "Content-Length": [
          "0"
        ],
        "Expires": [
          "-1"
        ]
      },
      "ResponseBody": "",
      "StatusCode": 202
    },
    {
      "RequestUri": "/subscriptions/ee5ea899-0791-418f-9270-77cd8273794b/operationresults/eyJqb2JJZCI6IlJFU09VUkNFR1JPVVBERUxFVElPTkpPQi1QUzMxODEtV0VTVENFTlRSQUxVUyIsImpvYkxvY2F0aW9uIjoid2VzdGNlbnRyYWx1cyJ9?api-version=2016-09-01",
      "EncodedRequestUri": "L3N1YnNjcmlwdGlvbnMvZWU1ZWE4OTktMDc5MS00MThmLTkyNzAtNzdjZDgyNzM3OTRiL29wZXJhdGlvbnJlc3VsdHMvZXlKcWIySkpaQ0k2SWxKRlUwOVZVa05GUjFKUFZWQkVSVXhGVkVsUFRrcFBRaTFRVXpNeE9ERXRWMFZUVkVORlRsUlNRVXhWVXlJc0ltcHZZa3h2WTJGMGFXOXVJam9pZDJWemRHTmxiblJ5WVd4MWN5Sjk/YXBpLXZlcnNpb249MjAxNi0wOS0wMQ==",
      "RequestMethod": "GET",
      "RequestBody": "",
      "RequestHeaders": {
        "User-Agent": [
          "FxVersion/4.7.3163.0",
          "OSName/WindowsServer2012R2Datacenter",
          "OSVersion/6.3.9600",
          "Microsoft.Azure.Management.Internal.Resources.ResourceManagementClient/4.1.0"
        ]
      },
      "ResponseHeaders": {
        "Pragma": [
          "no-cache"
        ],
        "x-ms-ratelimit-remaining-subscription-reads": [
          "11993"
        ],
        "x-ms-request-id": [
          "b3a920bb-d69f-4276-9eaa-8459a186362e"
        ],
        "x-ms-correlation-request-id": [
          "b3a920bb-d69f-4276-9eaa-8459a186362e"
        ],
        "x-ms-routing-request-id": [
          "UKSOUTH2:20181107T145425Z:b3a920bb-d69f-4276-9eaa-8459a186362e"
        ],
        "Strict-Transport-Security": [
          "max-age=31536000; includeSubDomains"
        ],
        "X-Content-Type-Options": [
          "nosniff"
        ],
        "Cache-Control": [
          "no-cache"
        ],
        "Date": [
          "Wed, 07 Nov 2018 14:54:25 GMT"
        ],
        "Content-Length": [
          "0"
        ],
        "Expires": [
          "-1"
        ]
      },
      "ResponseBody": "",
      "StatusCode": 200
    },
    {
      "RequestUri": "/subscriptions/ee5ea899-0791-418f-9270-77cd8273794b/operationresults/eyJqb2JJZCI6IlJFU09VUkNFR1JPVVBERUxFVElPTkpPQi1QUzMxODEtV0VTVENFTlRSQUxVUyIsImpvYkxvY2F0aW9uIjoid2VzdGNlbnRyYWx1cyJ9?api-version=2016-09-01",
      "EncodedRequestUri": "L3N1YnNjcmlwdGlvbnMvZWU1ZWE4OTktMDc5MS00MThmLTkyNzAtNzdjZDgyNzM3OTRiL29wZXJhdGlvbnJlc3VsdHMvZXlKcWIySkpaQ0k2SWxKRlUwOVZVa05GUjFKUFZWQkVSVXhGVkVsUFRrcFBRaTFRVXpNeE9ERXRWMFZUVkVORlRsUlNRVXhWVXlJc0ltcHZZa3h2WTJGMGFXOXVJam9pZDJWemRHTmxiblJ5WVd4MWN5Sjk/YXBpLXZlcnNpb249MjAxNi0wOS0wMQ==",
      "RequestMethod": "GET",
      "RequestBody": "",
      "RequestHeaders": {
        "User-Agent": [
          "FxVersion/4.7.3163.0",
          "OSName/WindowsServer2012R2Datacenter",
          "OSVersion/6.3.9600",
          "Microsoft.Azure.Management.Internal.Resources.ResourceManagementClient/4.1.0"
        ]
      },
      "ResponseHeaders": {
        "Pragma": [
          "no-cache"
        ],
        "x-ms-ratelimit-remaining-subscription-reads": [
          "11992"
        ],
        "x-ms-request-id": [
          "7abc5495-b5e1-49da-8743-e4d85dd23eb5"
        ],
        "x-ms-correlation-request-id": [
          "7abc5495-b5e1-49da-8743-e4d85dd23eb5"
        ],
        "x-ms-routing-request-id": [
          "UKSOUTH2:20181107T145425Z:7abc5495-b5e1-49da-8743-e4d85dd23eb5"
        ],
        "Strict-Transport-Security": [
          "max-age=31536000; includeSubDomains"
        ],
        "X-Content-Type-Options": [
          "nosniff"
        ],
        "Cache-Control": [
          "no-cache"
        ],
        "Date": [
          "Wed, 07 Nov 2018 14:54:25 GMT"
        ],
        "Content-Length": [
          "0"
        ],
        "Expires": [
          "-1"
        ]
      },
      "ResponseBody": "",
      "StatusCode": 200
    }
  ],
  "Names": {
    "Test-CreateManagedInstanceWithIdentity": [
      "ps3181",
      "ps1873"
    ]
  },
  "Variables": {
    "SubscriptionId": "ee5ea899-0791-418f-9270-77cd8273794b"
  }
}