{
  "Get-AzConnectedLicense+[NoContext]+List+$GET+https://management.azure.com/subscriptions/b24cc8ee-df4f-48ac-94cf-46edf36b0fae/resourceGroups/ytongtest/providers/Microsoft.HybridCompute/licenses?api-version=2024-03-31-preview+1": {
    "Request": {
      "Method": "GET",
      "RequestUri": "https://management.azure.com/subscriptions/b24cc8ee-df4f-48ac-94cf-46edf36b0fae/resourceGroups/ytongtest/providers/Microsoft.HybridCompute/licenses?api-version=2024-03-31-preview",
      "Content": null,
      "isContentBase64": false,
      "Headers": {
        "x-ms-unique-id": [ "2" ],
        "x-ms-client-request-id": [ "5fa1df7b-946b-45e7-bc41-8c0e79cca5d7" ],
        "CommandName": [ "Get-AzConnectedLicense" ],
        "FullCommandName": [ "Get-AzConnectedLicense_List" ],
        "ParameterSetName": [ "__AllParameterSets" ],
        "User-Agent": [ "AzurePowershell/v0.0.0", "PSVersion/v7.4.2", "Az.ConnectedMachine/0.5.0" ],
        "Authorization": [ "[Filtered]" ]
      },
      "ContentHeaders": {
      }
    },
    "Response": {
      "StatusCode": 200,
      "Headers": {
        "Cache-Control": [ "no-cache" ],
        "Pragma": [ "no-cache" ],
        "x-ms-throttling-version": [ "v1" ],
        "Strict-Transport-Security": [ "max-age=31536000; includeSubDomains" ],
        "x-ms-request-id": [ "ea429ce9-3369-49ee-9b2f-377e27d23eb8" ],
        "x-ms-ratelimit-remaining-subscription-reads": [ "11999" ],
        "x-ms-correlation-request-id": [ "046c1a9f-31ac-40b4-83e3-511a477ee90e" ],
        "x-ms-routing-request-id": [ "EASTUS2:20240515T165811Z:046c1a9f-31ac-40b4-83e3-511a477ee90e" ],
        "X-Content-Type-Options": [ "nosniff" ],
        "X-Cache": [ "CONFIG_NOCACHE" ],
        "X-MSEdge-Ref": [ "Ref A: E4FBA8A59EB545D39BAD5597E41473D2 Ref B: MNZ221060618051 Ref C: 2024-05-15T16:58:11Z" ],
        "Date": [ "Wed, 15 May 2024 16:58:11 GMT" ]
      },
      "ContentHeaders": {
        "Content-Length": [ "527" ],
        "Content-Type": [ "application/json; charset=utf-8" ],
        "Expires": [ "-1" ]
      },
      "Content": "{\"value\":[{\"id\":\"/subscriptions/b24cc8ee-df4f-48ac-94cf-46edf36b0fae/resourceGroups/ytongtest/providers/Microsoft.HybridCompute/licenses/myEsuLicense\",\"name\":\"myEsuLicense\",\"location\":\"centraluseuap\",\"type\":\"Microsoft.HybridCompute/licenses\",\"properties\":{\"tenantId\":\"72f988bf-86f1-41af-91ab-2d7cd011db47\",\"licenseType\":\"ESU\",\"licenseDetails\":{\"state\":\"Activated\",\"target\":\"Windows Server 2012\",\"edition\":\"Datacenter\",\"type\":\"pCore\",\"processors\":16,\"assignedLicenses\":8,\"immutableId\":\"bd61ef4e-2c20-41ab-9817-892b2917d3b6\"}}}]}",
      "isContentBase64": false
    }
  },
  "Get-AzConnectedLicense+[NoContext]+List2+$GET+https://management.azure.com/subscriptions/b24cc8ee-df4f-48ac-94cf-46edf36b0fae/providers/Microsoft.HybridCompute/licenses?api-version=2024-03-31-preview+1": {
    "Request": {
      "Method": "GET",
      "RequestUri": "https://management.azure.com/subscriptions/b24cc8ee-df4f-48ac-94cf-46edf36b0fae/providers/Microsoft.HybridCompute/licenses?api-version=2024-03-31-preview",
      "Content": null,
      "isContentBase64": false,
      "Headers": {
        "x-ms-unique-id": [ "3" ],
        "x-ms-client-request-id": [ "a700ba47-018b-4c45-8914-385ad4bedc6b" ],
        "CommandName": [ "Get-AzConnectedLicense" ],
        "FullCommandName": [ "Get-AzConnectedLicense_List1" ],
        "ParameterSetName": [ "__AllParameterSets" ],
        "User-Agent": [ "AzurePowershell/v0.0.0", "PSVersion/v7.4.2", "Az.ConnectedMachine/0.5.0" ],
        "Authorization": [ "[Filtered]" ]
      },
      "ContentHeaders": {
      }
    },
    "Response": {
      "StatusCode": 200,
      "Headers": {
        "Cache-Control": [ "no-cache" ],
        "Pragma": [ "no-cache" ],
        "x-ms-original-request-ids": [ "500a11cb-e9b6-4a2a-870c-bd3b4086c38e", "345d5f65-b92e-4c86-9514-8e72e0ed05c1" ],
        "x-ms-throttling-version": [ "v1" ],
        "x-ms-ratelimit-remaining-subscription-reads": [ "11999" ],
        "x-ms-request-id": [ "a76927d0-ef32-4d06-abf3-e7015d6ce696" ],
        "x-ms-correlation-request-id": [ "a76927d0-ef32-4d06-abf3-e7015d6ce696" ],
        "x-ms-routing-request-id": [ "EASTUS2:20240515T165812Z:a76927d0-ef32-4d06-abf3-e7015d6ce696" ],
        "Strict-Transport-Security": [ "max-age=31536000; includeSubDomains" ],
        "X-Content-Type-Options": [ "nosniff" ],
        "X-Cache": [ "CONFIG_NOCACHE" ],
        "X-MSEdge-Ref": [ "Ref A: 876D41A42B1C4AC88A15800341ED959D Ref B: MNZ221060618051 Ref C: 2024-05-15T16:58:12Z" ],
        "Date": [ "Wed, 15 May 2024 16:58:12 GMT" ]
      },
      "ContentHeaders": {
        "Content-Length": [ "3635" ],
        "Content-Type": [ "application/json; charset=utf-8" ],
        "Expires": [ "-1" ]
      },
      "Content": "{\"value\":[{\"id\":\"/subscriptions/b24cc8ee-df4f-48ac-94cf-46edf36b0fae/resourceGroups/dakirbytest/providers/Microsoft.HybridCompute/licenses/testLicense2\",\"name\":\"testLicense2\",\"location\":\"uksouth\",\"type\":\"Microsoft.HybridCompute/licenses\",\"properties\":{\"tenantId\":\"72f988bf-86f1-41af-91ab-2d7cd011db47\",\"licenseType\":\"ESU\",\"licenseDetails\":{\"state\":\"Deactivated\",\"target\":\"Windows Server 2012\",\"edition\":\"Datacenter\",\"type\":\"pCore\",\"processors\":16,\"assignedLicenses\":8,\"immutableId\":\"ab5b736c-bbbb-4ea2-ba48-abd14d87ddc0\"}}},{\"id\":\"/subscriptions/b24cc8ee-df4f-48ac-94cf-46edf36b0fae/resourceGroups/dakirbytest/providers/Microsoft.HybridCompute/licenses/testLicense\",\"name\":\"testLicense\",\"location\":\"centraluseuap\",\"type\":\"Microsoft.HybridCompute/licenses\",\"properties\":{\"tenantId\":\"72f988bf-86f1-41af-91ab-2d7cd011db47\",\"licenseType\":\"ESU\",\"licenseDetails\":{\"state\":\"Activated\",\"target\":\"Windows Server 2012\",\"edition\":\"Datacenter\",\"type\":\"pCore\",\"processors\":16,\"assignedLicenses\":8,\"immutableId\":\"d95eb0dd-282e-4d3e-9f55-9621f20e095c\"}}},{\"id\":\"/subscriptions/b24cc8ee-df4f-48ac-94cf-46edf36b0fae/resourceGroups/dakirbytest/providers/Microsoft.HybridCompute/licenses/testLicense\",\"name\":\"testLicense\",\"location\":\"centraluseuap\",\"type\":\"Microsoft.HybridCompute/licenses\",\"properties\":{\"tenantId\":\"72f988bf-86f1-41af-91ab-2d7cd011db47\",\"licenseType\":\"ESU\",\"licenseDetails\":{\"state\":\"Deactivated\",\"target\":\"Windows Server 2012\",\"edition\":\"Datacenter\",\"type\":\"pCore\",\"processors\":16,\"assignedLicenses\":8,\"immutableId\":\"2d5b6287-781c-4579-a7cb-6bd5368d166c\"}}},{\"id\":\"/subscriptions/b24cc8ee-df4f-48ac-94cf-46edf36b0fae/resourceGroups/dakirbytest/providers/Microsoft.HybridCompute/licenses/testLicense3\",\"name\":\"testLicense3\",\"location\":\"centraluseuap\",\"type\":\"Microsoft.HybridCompute/licenses\",\"properties\":{\"tenantId\":\"72f988bf-86f1-41af-91ab-2d7cd011db47\",\"licenseType\":\"ESU\",\"licenseDetails\":{\"state\":\"Deactivated\",\"target\":\"Windows Server 2012\",\"edition\":\"Datacenter\",\"type\":\"pCore\",\"processors\":16,\"assignedLicenses\":8,\"immutableId\":\"079c0d28-9fbb-44da-b5fc-a5400d17d28d\"}}},{\"id\":\"/subscriptions/b24cc8ee-df4f-48ac-94cf-46edf36b0fae/resourceGroups/dakirbytest/providers/Microsoft.HybridCompute/licenses/testLicense4\",\"name\":\"testLicense4\",\"location\":\"centraluseuap\",\"type\":\"Microsoft.HybridCompute/licenses\",\"properties\":{\"tenantId\":\"72f988bf-86f1-41af-91ab-2d7cd011db47\",\"licenseType\":\"ESU\",\"licenseDetails\":{\"state\":\"Deactivated\",\"target\":\"Windows Server 2012\",\"edition\":\"Datacenter\",\"type\":\"pCore\",\"processors\":16,\"assignedLicenses\":8,\"immutableId\":\"8ac55106-9e67-4ae5-9895-f8cea06746b5\"}}},{\"id\":\"/subscriptions/b24cc8ee-df4f-48ac-94cf-46edf36b0fae/resourceGroups/dakirbytest/providers/Microsoft.HybridCompute/licenses/testLicense5\",\"name\":\"testLicense5\",\"location\":\"centraluseuap\",\"type\":\"Microsoft.HybridCompute/licenses\",\"properties\":{\"tenantId\":\"72f988bf-86f1-41af-91ab-2d7cd011db47\",\"licenseType\":\"ESU\",\"licenseDetails\":{\"state\":\"Deactivated\",\"target\":\"Windows Server 2012\",\"edition\":\"Datacenter\",\"type\":\"pCore\",\"processors\":16,\"assignedLicenses\":8,\"immutableId\":\"9ed37cc3-227f-44bd-919c-3dfb73e84b2c\"}}},{\"id\":\"/subscriptions/b24cc8ee-df4f-48ac-94cf-46edf36b0fae/resourceGroups/ytongtest/providers/Microsoft.HybridCompute/licenses/myEsuLicense\",\"name\":\"myEsuLicense\",\"location\":\"centraluseuap\",\"type\":\"Microsoft.HybridCompute/licenses\",\"properties\":{\"tenantId\":\"72f988bf-86f1-41af-91ab-2d7cd011db47\",\"licenseType\":\"ESU\",\"licenseDetails\":{\"state\":\"Activated\",\"target\":\"Windows Server 2012\",\"edition\":\"Datacenter\",\"type\":\"pCore\",\"processors\":16,\"assignedLicenses\":8,\"immutableId\":\"bd61ef4e-2c20-41ab-9817-892b2917d3b6\"}}}]}",
      "isContentBase64": false
    }
  },
  "Get-AzConnectedLicense+[NoContext]+Get+$GET+https://management.azure.com/subscriptions/b24cc8ee-df4f-48ac-94cf-46edf36b0fae/resourceGroups/ytongtest/providers/Microsoft.HybridCompute/licenses/myEsuLicense?api-version=2024-03-31-preview+1": {
    "Request": {
      "Method": "GET",
      "RequestUri": "https://management.azure.com/subscriptions/b24cc8ee-df4f-48ac-94cf-46edf36b0fae/resourceGroups/ytongtest/providers/Microsoft.HybridCompute/licenses/myEsuLicense?api-version=2024-03-31-preview",
      "Content": null,
      "isContentBase64": false,
      "Headers": {
        "x-ms-unique-id": [ "4" ],
        "x-ms-client-request-id": [ "b75b303d-e79e-467a-b4ea-ecd95b3b2b9d" ],
        "CommandName": [ "Get-AzConnectedLicense" ],
        "FullCommandName": [ "Get-AzConnectedLicense_Get" ],
        "ParameterSetName": [ "__AllParameterSets" ],
        "User-Agent": [ "AzurePowershell/v0.0.0", "PSVersion/v7.4.2", "Az.ConnectedMachine/0.5.0" ],
        "Authorization": [ "[Filtered]" ]
      },
      "ContentHeaders": {
      }
    },
    "Response": {
      "StatusCode": 200,
      "Headers": {
        "Cache-Control": [ "no-cache" ],
        "Pragma": [ "no-cache" ],
        "x-ms-throttling-version": [ "v1" ],
        "Strict-Transport-Security": [ "max-age=31536000; includeSubDomains" ],
        "x-ms-request-id": [ "57376a2a-9b64-4663-80db-332311da5b90" ],
        "x-ms-ratelimit-remaining-subscription-reads": [ "11999" ],
        "x-ms-correlation-request-id": [ "6150b166-9397-4c56-9ed9-cccc6678f7c0" ],
        "x-ms-routing-request-id": [ "EASTUS2:20240515T165813Z:6150b166-9397-4c56-9ed9-cccc6678f7c0" ],
        "X-Content-Type-Options": [ "nosniff" ],
        "X-Cache": [ "CONFIG_NOCACHE" ],
        "X-MSEdge-Ref": [ "Ref A: B0370881D6A8462DAEBB0EE5649EE587 Ref B: MNZ221060618051 Ref C: 2024-05-15T16:58:12Z" ],
        "Date": [ "Wed, 15 May 2024 16:58:13 GMT" ]
      },
      "ContentHeaders": {
        "Content-Length": [ "515" ],
        "Content-Type": [ "application/json; charset=utf-8" ],
        "Expires": [ "-1" ]
      },
      "Content": "{\"id\":\"/subscriptions/b24cc8ee-df4f-48ac-94cf-46edf36b0fae/resourceGroups/ytongtest/providers/Microsoft.HybridCompute/licenses/myEsuLicense\",\"name\":\"myEsuLicense\",\"location\":\"centraluseuap\",\"type\":\"Microsoft.HybridCompute/licenses\",\"properties\":{\"tenantId\":\"72f988bf-86f1-41af-91ab-2d7cd011db47\",\"licenseType\":\"ESU\",\"licenseDetails\":{\"state\":\"Activated\",\"target\":\"Windows Server 2012\",\"edition\":\"Datacenter\",\"type\":\"pCore\",\"processors\":16,\"assignedLicenses\":8,\"immutableId\":\"bd61ef4e-2c20-41ab-9817-892b2917d3b6\"}}}",
      "isContentBase64": false
    }
  }
}