{
  "Deny-AzServiceBusPrivateEndpointConnection+[NoContext]+[NoScenario]+$GET+https://management.azure.com/subscriptions/326100e2-f69d-4268-8503-075374f62b6e/resourceGroups/resourceGroupAutorestpnv5dx/providers/Microsoft.ServiceBus/namespaces/namespaceNamerkhezt/privateEndpointConnections?api-version=2022-10-01-preview+1": {
    "Request": {
      "Method": "GET",
      "RequestUri": "https://management.azure.com/subscriptions/326100e2-f69d-4268-8503-075374f62b6e/resourceGroups/resourceGroupAutorestpnv5dx/providers/Microsoft.ServiceBus/namespaces/namespaceNamerkhezt/privateEndpointConnections?api-version=2022-10-01-preview",
      "Content": null,
      "isContentBase64": false,
      "Headers": {
        "x-ms-unique-id": [ "18" ],
        "x-ms-client-request-id": [ "d210cc8d-a470-4c2f-a1a3-e6c4903ae409" ],
        "CommandName": [ "Get-AzServiceBusPrivateEndpointConnection" ],
        "FullCommandName": [ "Get-AzServiceBusPrivateEndpointConnection_List" ],
        "ParameterSetName": [ "__AllParameterSets" ],
        "User-Agent": [ "AzurePowershell/v0.0.0", "PSVersion/v7.1.3", "Az.ServiceBus/0.1.0" ],
        "Authorization": [ "[Filtered]" ]
      },
      "ContentHeaders": {
      }
    },
    "Response": {
      "StatusCode": 200,
      "Headers": {
        "Cache-Control": [ "no-cache" ],
        "Pragma": [ "no-cache" ],
        "x-ms-request-id": [ "55658e50-1f40-4f24-932f-0ea2dcad7516_M8SN1_M8SN1" ],
        "Server-SB": [ "Service-Bus-Resource-Provider/SN1" ],
        "Server": [ "Service-Bus-Resource-Provider/SN1", "Microsoft-HTTPAPI/2.0" ],
        "x-ms-ratelimit-remaining-subscription-reads": [ "11958" ],
        "x-ms-correlation-request-id": [ "4af09389-d00b-45a7-8a23-125cd9970a72" ],
        "x-ms-routing-request-id": [ "SOUTHCENTRALUS:20230213T081353Z:4af09389-d00b-45a7-8a23-125cd9970a72" ],
        "Strict-Transport-Security": [ "max-age=31536000; includeSubDomains" ],
        "X-Content-Type-Options": [ "nosniff" ],
        "Date": [ "Mon, 13 Feb 2023 08:13:53 GMT" ]
      },
      "ContentHeaders": {
        "Content-Length": [ "1392" ],
        "Content-Type": [ "application/json; charset=utf-8" ],
        "Expires": [ "-1" ]
      },
      "Content": "{\"value\":[{\"id\":\"/subscriptions/326100e2-f69d-4268-8503-075374f62b6e/resourceGroups/resourceGroupAutorestpnv5dx/providers/Microsoft.ServiceBus/namespaces/namespaceNamerkhezt/privateEndpointConnections/f3885086-d768-4a9c-9cad-97c543204c40\",\"name\":\"f3885086-d768-4a9c-9cad-97c543204c40\",\"type\":\"Microsoft.ServiceBus/Namespaces/PrivateEndpointConnections\",\"location\":\"East US\",\"properties\":{\"provisioningState\":\"Succeeded\",\"privateEndpoint\":{\"id\":\"/subscriptions/326100e2-f69d-4268-8503-075374f62b6e/resourceGroups/resourceGroupAutorestpnv5dx/providers/Microsoft.Network/privateEndpoints/pe2jac6oz\"},\"privateLinkServiceConnectionState\":{\"status\":\"Approved\",\"description\":\"\"},\"groupIds\":[\"namespace\"]}},{\"id\":\"/subscriptions/326100e2-f69d-4268-8503-075374f62b6e/resourceGroups/resourceGroupAutorestpnv5dx/providers/Microsoft.ServiceBus/namespaces/namespaceNamerkhezt/privateEndpointConnections/980f8d87-5c9a-4a72-91e8-08feb271ff8f\",\"name\":\"980f8d87-5c9a-4a72-91e8-08feb271ff8f\",\"type\":\"Microsoft.ServiceBus/Namespaces/PrivateEndpointConnections\",\"location\":\"East US\",\"properties\":{\"provisioningState\":\"Succeeded\",\"privateEndpoint\":{\"id\":\"/subscriptions/326100e2-f69d-4268-8503-075374f62b6e/resourceGroups/resourceGroupAutorestpnv5dx/providers/Microsoft.Network/privateEndpoints/pe1dgxn5s\"},\"privateLinkServiceConnectionState\":{\"status\":\"Approved\",\"description\":\"Bye\"},\"groupIds\":[\"namespace\"]}}]}",
      "isContentBase64": false
    }
  },
  "Deny-AzServiceBusPrivateEndpointConnection+[NoContext]+SetExpanded+$GET+https://management.azure.com/subscriptions/326100e2-f69d-4268-8503-075374f62b6e/resourceGroups/resourceGroupAutorestpnv5dx/providers/Microsoft.ServiceBus/namespaces/namespaceNamerkhezt/privateEndpointConnections/f3885086-d768-4a9c-9cad-97c543204c40?api-version=2022-10-01-preview+1": {
    "Request": {
      "Method": "GET",
      "RequestUri": "https://management.azure.com/subscriptions/326100e2-f69d-4268-8503-075374f62b6e/resourceGroups/resourceGroupAutorestpnv5dx/providers/Microsoft.ServiceBus/namespaces/namespaceNamerkhezt/privateEndpointConnections/f3885086-d768-4a9c-9cad-97c543204c40?api-version=2022-10-01-preview",
      "Content": null,
      "isContentBase64": false,
      "Headers": {
        "x-ms-unique-id": [ "19" ],
        "x-ms-client-request-id": [ "459192a5-9771-4a4a-9af8-cd32bb51e190" ],
        "CommandName": [ "Get-AzServiceBusPrivateEndpointConnection" ],
        "FullCommandName": [ "Get-AzServiceBusPrivateEndpointConnection_Get" ],
        "ParameterSetName": [ "__AllParameterSets" ],
        "User-Agent": [ "AzurePowershell/v0.0.0", "PSVersion/v7.1.3", "Az.ServiceBus/0.1.0" ],
        "Authorization": [ "[Filtered]" ]
      },
      "ContentHeaders": {
      }
    },
    "Response": {
      "StatusCode": 200,
      "Headers": {
        "Cache-Control": [ "no-cache" ],
        "Pragma": [ "no-cache" ],
        "x-ms-request-id": [ "ec73e5e9-8532-429b-b413-3f4f156fcc77_M8SN1_M8SN1" ],
        "Server-SB": [ "Service-Bus-Resource-Provider/SN1" ],
        "Server": [ "Service-Bus-Resource-Provider/SN1", "Microsoft-HTTPAPI/2.0" ],
        "x-ms-ratelimit-remaining-subscription-reads": [ "11957" ],
        "x-ms-correlation-request-id": [ "9399918b-17ec-495d-b2d5-3026cf2d9596" ],
        "x-ms-routing-request-id": [ "SOUTHCENTRALUS:20230213T081354Z:9399918b-17ec-495d-b2d5-3026cf2d9596" ],
        "Strict-Transport-Security": [ "max-age=31536000; includeSubDomains" ],
        "X-Content-Type-Options": [ "nosniff" ],
        "Date": [ "Mon, 13 Feb 2023 08:13:53 GMT" ]
      },
      "ContentHeaders": {
        "Content-Length": [ "688" ],
        "Content-Type": [ "application/json; charset=utf-8" ],
        "Expires": [ "-1" ]
      },
      "Content": "{\"id\":\"/subscriptions/326100e2-f69d-4268-8503-075374f62b6e/resourceGroups/resourceGroupAutorestpnv5dx/providers/Microsoft.ServiceBus/namespaces/namespaceNamerkhezt/privateEndpointConnections/f3885086-d768-4a9c-9cad-97c543204c40\",\"name\":\"f3885086-d768-4a9c-9cad-97c543204c40\",\"type\":\"Microsoft.ServiceBus/Namespaces/PrivateEndpointConnections\",\"location\":\"East US\",\"properties\":{\"provisioningState\":\"Succeeded\",\"privateEndpoint\":{\"id\":\"/subscriptions/326100e2-f69d-4268-8503-075374f62b6e/resourceGroups/resourceGroupAutorestpnv5dx/providers/Microsoft.Network/privateEndpoints/pe2jac6oz\"},\"privateLinkServiceConnectionState\":{\"status\":\"Approved\",\"description\":\"\"},\"groupIds\":[\"namespace\"]}}",
      "isContentBase64": false
    }
  },
  "Deny-AzServiceBusPrivateEndpointConnection+[NoContext]+SetExpanded+$PUT+https://management.azure.com/subscriptions/326100e2-f69d-4268-8503-075374f62b6e/resourceGroups/resourceGroupAutorestpnv5dx/providers/Microsoft.ServiceBus/namespaces/namespaceNamerkhezt/privateEndpointConnections/f3885086-d768-4a9c-9cad-97c543204c40?api-version=2022-10-01-preview+2": {
    "Request": {
      "Method": "PUT",
      "RequestUri": "https://management.azure.com/subscriptions/326100e2-f69d-4268-8503-075374f62b6e/resourceGroups/resourceGroupAutorestpnv5dx/providers/Microsoft.ServiceBus/namespaces/namespaceNamerkhezt/privateEndpointConnections/f3885086-d768-4a9c-9cad-97c543204c40?api-version=2022-10-01-preview",
      "Content": "{\n  \"properties\": {\n    \"privateEndpoint\": {\n      \"id\": \"/subscriptions/326100e2-f69d-4268-8503-075374f62b6e/resourceGroups/resourceGroupAutorestpnv5dx/providers/Microsoft.Network/privateEndpoints/pe2jac6oz\"\n    },\n    \"privateLinkServiceConnectionState\": {\n      \"status\": \"Rejected\",\n      \"description\": \"\"\n    },\n    \"provisioningState\": \"Succeeded\"\n  }\n}",
      "isContentBase64": false,
      "Headers": {
      },
      "ContentHeaders": {
        "Content-Type": [ "application/json" ],
        "Content-Length": [ "360" ]
      }
    },
    "Response": {
      "StatusCode": 202,
      "Headers": {
        "Cache-Control": [ "no-cache" ],
        "Pragma": [ "no-cache" ],
        "x-ms-request-id": [ "fbd2e064-02cd-4a07-bf27-10c42e9b4ab1_M8SN1_M8SN1" ],
        "Azure-AsyncOperation": [ "https://management.azure.com:443/subscriptions/326100e2-f69d-4268-8503-075374f62b6e/resourceGroups/resourceGroupAutorestpnv5dx/providers/Microsoft.ServiceBus/namespaces/namespaceNamerkhezt/privateEndpointConnections/f3885086-d768-4a9c-9cad-97c543204c40/operationStatus/f3885086-d768-4a9c-9cad-97c543204c40?api-version=2022-10-01-preview\u0026operationType=Update" ],
        "Server-SB": [ "Service-Bus-Resource-Provider/SN1" ],
        "Server": [ "Service-Bus-Resource-Provider/SN1", "Microsoft-HTTPAPI/2.0" ],
        "x-ms-ratelimit-remaining-subscription-writes": [ "1195" ],
        "x-ms-correlation-request-id": [ "45e2d535-5f7a-40df-9a53-bff718e67739" ],
        "x-ms-routing-request-id": [ "SOUTHCENTRALUS:20230213T081354Z:45e2d535-5f7a-40df-9a53-bff718e67739" ],
        "Strict-Transport-Security": [ "max-age=31536000; includeSubDomains" ],
        "X-Content-Type-Options": [ "nosniff" ],
        "Date": [ "Mon, 13 Feb 2023 08:13:54 GMT" ]
      },
      "ContentHeaders": {
        "Content-Length": [ "687" ],
        "Content-Type": [ "application/json; charset=utf-8" ],
        "Expires": [ "-1" ]
      },
      "Content": "{\"id\":\"/subscriptions/326100e2-f69d-4268-8503-075374f62b6e/resourceGroups/resourceGroupAutorestpnv5dx/providers/Microsoft.ServiceBus/namespaces/namespaceNamerkhezt/privateEndpointConnections/f3885086-d768-4a9c-9cad-97c543204c40\",\"name\":\"f3885086-d768-4a9c-9cad-97c543204c40\",\"type\":\"Microsoft.ServiceBus/Namespaces/PrivateEndpointConnections\",\"location\":\"East US\",\"properties\":{\"provisioningState\":\"Updating\",\"privateEndpoint\":{\"id\":\"/subscriptions/326100e2-f69d-4268-8503-075374f62b6e/resourceGroups/resourceGroupAutorestpnv5dx/providers/Microsoft.Network/privateEndpoints/pe2jac6oz\"},\"privateLinkServiceConnectionState\":{\"status\":\"Rejected\",\"description\":\"\"},\"groupIds\":[\"namespace\"]}}",
      "isContentBase64": false
    }
  },
  "Deny-AzServiceBusPrivateEndpointConnection+[NoContext]+SetViaIdentityExpanded+$GET+https://management.azure.com/subscriptions/326100e2-f69d-4268-8503-075374f62b6e/resourceGroups/resourceGroupAutorestpnv5dx/providers/Microsoft.ServiceBus/namespaces/namespaceNamerkhezt/privateEndpointConnections/980f8d87-5c9a-4a72-91e8-08feb271ff8f?api-version=2022-10-01-preview+1": {
    "Request": {
      "Method": "GET",
      "RequestUri": "https://management.azure.com/subscriptions/326100e2-f69d-4268-8503-075374f62b6e/resourceGroups/resourceGroupAutorestpnv5dx/providers/Microsoft.ServiceBus/namespaces/namespaceNamerkhezt/privateEndpointConnections/980f8d87-5c9a-4a72-91e8-08feb271ff8f?api-version=2022-10-01-preview",
      "Content": null,
      "isContentBase64": false,
      "Headers": {
        "x-ms-unique-id": [ "21" ],
        "x-ms-client-request-id": [ "7f0be2fc-e82a-4265-bc73-ba289d5cbe88" ],
        "CommandName": [ "Get-AzServiceBusPrivateEndpointConnection" ],
        "FullCommandName": [ "Get-AzServiceBusPrivateEndpointConnection_Get" ],
        "ParameterSetName": [ "__AllParameterSets" ],
        "User-Agent": [ "AzurePowershell/v0.0.0", "PSVersion/v7.1.3", "Az.ServiceBus/0.1.0" ],
        "Authorization": [ "[Filtered]" ]
      },
      "ContentHeaders": {
      }
    },
    "Response": {
      "StatusCode": 200,
      "Headers": {
        "Cache-Control": [ "no-cache" ],
        "Pragma": [ "no-cache" ],
        "x-ms-request-id": [ "655a1f13-324d-4bce-951f-db6d899775a3_M8SN1_M8SN1" ],
        "Server-SB": [ "Service-Bus-Resource-Provider/SN1" ],
        "Server": [ "Service-Bus-Resource-Provider/SN1", "Microsoft-HTTPAPI/2.0" ],
        "x-ms-ratelimit-remaining-subscription-reads": [ "11956" ],
        "x-ms-correlation-request-id": [ "0a8da0c8-a859-4a51-a6e1-bc78da2da0e4" ],
        "x-ms-routing-request-id": [ "SOUTHCENTRALUS:20230213T081354Z:0a8da0c8-a859-4a51-a6e1-bc78da2da0e4" ],
        "Strict-Transport-Security": [ "max-age=31536000; includeSubDomains" ],
        "X-Content-Type-Options": [ "nosniff" ],
        "Date": [ "Mon, 13 Feb 2023 08:13:54 GMT" ]
      },
      "ContentHeaders": {
        "Content-Length": [ "691" ],
        "Content-Type": [ "application/json; charset=utf-8" ],
        "Expires": [ "-1" ]
      },
      "Content": "{\"id\":\"/subscriptions/326100e2-f69d-4268-8503-075374f62b6e/resourceGroups/resourceGroupAutorestpnv5dx/providers/Microsoft.ServiceBus/namespaces/namespaceNamerkhezt/privateEndpointConnections/980f8d87-5c9a-4a72-91e8-08feb271ff8f\",\"name\":\"980f8d87-5c9a-4a72-91e8-08feb271ff8f\",\"type\":\"Microsoft.ServiceBus/Namespaces/PrivateEndpointConnections\",\"location\":\"East US\",\"properties\":{\"provisioningState\":\"Succeeded\",\"privateEndpoint\":{\"id\":\"/subscriptions/326100e2-f69d-4268-8503-075374f62b6e/resourceGroups/resourceGroupAutorestpnv5dx/providers/Microsoft.Network/privateEndpoints/pe1dgxn5s\"},\"privateLinkServiceConnectionState\":{\"status\":\"Approved\",\"description\":\"Bye\"},\"groupIds\":[\"namespace\"]}}",
      "isContentBase64": false
    }
  },
  "Deny-AzServiceBusPrivateEndpointConnection+[NoContext]+SetViaIdentityExpanded+$GET+https://management.azure.com/subscriptions/326100e2-f69d-4268-8503-075374f62b6e/resourceGroups/resourceGroupAutorestpnv5dx/providers/Microsoft.ServiceBus/namespaces/namespaceNamerkhezt/privateEndpointConnections/980f8d87-5c9a-4a72-91e8-08feb271ff8f?api-version=2022-10-01-preview+2": {
    "Request": {
      "Method": "GET",
      "RequestUri": "https://management.azure.com/subscriptions/326100e2-f69d-4268-8503-075374f62b6e/resourceGroups/resourceGroupAutorestpnv5dx/providers/Microsoft.ServiceBus/namespaces/namespaceNamerkhezt/privateEndpointConnections/980f8d87-5c9a-4a72-91e8-08feb271ff8f?api-version=2022-10-01-preview",
      "Content": null,
      "isContentBase64": false,
      "Headers": {
        "x-ms-unique-id": [ "22" ],
        "x-ms-client-request-id": [ "8aaf9536-bb8a-48d4-b8d1-ab1510ecaf36" ],
        "CommandName": [ "Get-AzServiceBusPrivateEndpointConnection" ],
        "FullCommandName": [ "Get-AzServiceBusPrivateEndpointConnection_GetViaIdentity" ],
        "ParameterSetName": [ "__AllParameterSets" ],
        "User-Agent": [ "AzurePowershell/v0.0.0", "PSVersion/v7.1.3", "Az.ServiceBus/0.1.0" ],
        "Authorization": [ "[Filtered]" ]
      },
      "ContentHeaders": {
      }
    },
    "Response": {
      "StatusCode": 200,
      "Headers": {
        "Cache-Control": [ "no-cache" ],
        "Pragma": [ "no-cache" ],
        "x-ms-request-id": [ "64450112-dd4f-4de5-837c-b6c671926974_M8SN1_M8SN1" ],
        "Server-SB": [ "Service-Bus-Resource-Provider/SN1" ],
        "Server": [ "Service-Bus-Resource-Provider/SN1", "Microsoft-HTTPAPI/2.0" ],
        "x-ms-ratelimit-remaining-subscription-reads": [ "11955" ],
        "x-ms-correlation-request-id": [ "0d0a1635-b584-4a39-ade4-c1a87d68d580" ],
        "x-ms-routing-request-id": [ "SOUTHCENTRALUS:20230213T081355Z:0d0a1635-b584-4a39-ade4-c1a87d68d580" ],
        "Strict-Transport-Security": [ "max-age=31536000; includeSubDomains" ],
        "X-Content-Type-Options": [ "nosniff" ],
        "Date": [ "Mon, 13 Feb 2023 08:13:54 GMT" ]
      },
      "ContentHeaders": {
        "Content-Length": [ "691" ],
        "Content-Type": [ "application/json; charset=utf-8" ],
        "Expires": [ "-1" ]
      },
      "Content": "{\"id\":\"/subscriptions/326100e2-f69d-4268-8503-075374f62b6e/resourceGroups/resourceGroupAutorestpnv5dx/providers/Microsoft.ServiceBus/namespaces/namespaceNamerkhezt/privateEndpointConnections/980f8d87-5c9a-4a72-91e8-08feb271ff8f\",\"name\":\"980f8d87-5c9a-4a72-91e8-08feb271ff8f\",\"type\":\"Microsoft.ServiceBus/Namespaces/PrivateEndpointConnections\",\"location\":\"East US\",\"properties\":{\"provisioningState\":\"Succeeded\",\"privateEndpoint\":{\"id\":\"/subscriptions/326100e2-f69d-4268-8503-075374f62b6e/resourceGroups/resourceGroupAutorestpnv5dx/providers/Microsoft.Network/privateEndpoints/pe1dgxn5s\"},\"privateLinkServiceConnectionState\":{\"status\":\"Approved\",\"description\":\"Bye\"},\"groupIds\":[\"namespace\"]}}",
      "isContentBase64": false
    }
  },
  "Deny-AzServiceBusPrivateEndpointConnection+[NoContext]+SetViaIdentityExpanded+$PUT+https://management.azure.com/subscriptions/326100e2-f69d-4268-8503-075374f62b6e/resourceGroups/resourceGroupAutorestpnv5dx/providers/Microsoft.ServiceBus/namespaces/namespaceNamerkhezt/privateEndpointConnections/980f8d87-5c9a-4a72-91e8-08feb271ff8f?api-version=2022-10-01-preview+3": {
    "Request": {
      "Method": "PUT",
      "RequestUri": "https://management.azure.com/subscriptions/326100e2-f69d-4268-8503-075374f62b6e/resourceGroups/resourceGroupAutorestpnv5dx/providers/Microsoft.ServiceBus/namespaces/namespaceNamerkhezt/privateEndpointConnections/980f8d87-5c9a-4a72-91e8-08feb271ff8f?api-version=2022-10-01-preview",
      "Content": "{\n  \"properties\": {\n    \"privateEndpoint\": {\n      \"id\": \"/subscriptions/326100e2-f69d-4268-8503-075374f62b6e/resourceGroups/resourceGroupAutorestpnv5dx/providers/Microsoft.Network/privateEndpoints/pe1dgxn5s\"\n    },\n    \"privateLinkServiceConnectionState\": {\n      \"status\": \"Rejected\",\n      \"description\": \"Bye\"\n    },\n    \"provisioningState\": \"Succeeded\"\n  }\n}",
      "isContentBase64": false,
      "Headers": {
      },
      "ContentHeaders": {
        "Content-Type": [ "application/json" ],
        "Content-Length": [ "363" ]
      }
    },
    "Response": {
      "StatusCode": 202,
      "Headers": {
        "Cache-Control": [ "no-cache" ],
        "Pragma": [ "no-cache" ],
        "x-ms-request-id": [ "f59943ef-7662-48d3-b874-3da5a4d0db58_M8SN1_M8SN1" ],
        "Azure-AsyncOperation": [ "https://management.azure.com:443/subscriptions/326100e2-f69d-4268-8503-075374f62b6e/resourceGroups/resourceGroupAutorestpnv5dx/providers/Microsoft.ServiceBus/namespaces/namespaceNamerkhezt/privateEndpointConnections/980f8d87-5c9a-4a72-91e8-08feb271ff8f/operationStatus/980f8d87-5c9a-4a72-91e8-08feb271ff8f?api-version=2022-10-01-preview\u0026operationType=Update" ],
        "Server-SB": [ "Service-Bus-Resource-Provider/SN1" ],
        "Server": [ "Service-Bus-Resource-Provider/SN1", "Microsoft-HTTPAPI/2.0" ],
        "x-ms-ratelimit-remaining-subscription-writes": [ "1194" ],
        "x-ms-correlation-request-id": [ "81f335a9-7102-46a1-bcfe-36d06c9a8600" ],
        "x-ms-routing-request-id": [ "SOUTHCENTRALUS:20230213T081355Z:81f335a9-7102-46a1-bcfe-36d06c9a8600" ],
        "Strict-Transport-Security": [ "max-age=31536000; includeSubDomains" ],
        "X-Content-Type-Options": [ "nosniff" ],
        "Date": [ "Mon, 13 Feb 2023 08:13:55 GMT" ]
      },
      "ContentHeaders": {
        "Content-Length": [ "690" ],
        "Content-Type": [ "application/json; charset=utf-8" ],
        "Expires": [ "-1" ]
      },
      "Content": "{\"id\":\"/subscriptions/326100e2-f69d-4268-8503-075374f62b6e/resourceGroups/resourceGroupAutorestpnv5dx/providers/Microsoft.ServiceBus/namespaces/namespaceNamerkhezt/privateEndpointConnections/980f8d87-5c9a-4a72-91e8-08feb271ff8f\",\"name\":\"980f8d87-5c9a-4a72-91e8-08feb271ff8f\",\"type\":\"Microsoft.ServiceBus/Namespaces/PrivateEndpointConnections\",\"location\":\"East US\",\"properties\":{\"provisioningState\":\"Updating\",\"privateEndpoint\":{\"id\":\"/subscriptions/326100e2-f69d-4268-8503-075374f62b6e/resourceGroups/resourceGroupAutorestpnv5dx/providers/Microsoft.Network/privateEndpoints/pe1dgxn5s\"},\"privateLinkServiceConnectionState\":{\"status\":\"Rejected\",\"description\":\"Bye\"},\"groupIds\":[\"namespace\"]}}",
      "isContentBase64": false
    }
  }
}