{
  "Deny-AzServiceBusPrivateEndpointConnection+[NoContext]+[NoScenario]+$GET+https://management.azure.com/subscriptions/326100e2-f69d-4268-8503-075374f62b6e/resourceGroups/resourceGroupAutorestumakst/providers/Microsoft.ServiceBus/namespaces/namespaceNametrhm5e/privateEndpointConnections?api-version=2022-01-01-preview+1": {
    "Request": {
      "Method": "GET",
      "RequestUri": "https://management.azure.com/subscriptions/326100e2-f69d-4268-8503-075374f62b6e/resourceGroups/resourceGroupAutorestumakst/providers/Microsoft.ServiceBus/namespaces/namespaceNametrhm5e/privateEndpointConnections?api-version=2022-01-01-preview",
      "Content": null,
      "isContentBase64": false,
      "Headers": {
        "x-ms-unique-id": [ "14" ],
        "x-ms-client-request-id": [ "7bd112f9-ff2c-468a-811d-d7634c5ed742" ],
        "CommandName": [ "Get-AzServiceBusPrivateEndpointConnection" ],
        "FullCommandName": [ "Get-AzServiceBusPrivateEndpointConnection_List" ],
        "ParameterSetName": [ "__AllParameterSets" ],
        "User-Agent": [ "AzurePowershell/v0.0.0", "PSVersion/v7.1.3", "Az.ServiceBus/0.1.0" ],
        "Authorization": [ "[Filtered]" ]
      },
      "ContentHeaders": {
      }
    },
    "Response": {
      "StatusCode": 200,
      "Headers": {
        "Cache-Control": [ "no-cache" ],
        "Pragma": [ "no-cache" ],
        "x-ms-request-id": [ "a1ad034a-4ada-44e5-8ae7-bf7cccc056e7_M6CH3_M6CH3" ],
        "Server-SB": [ "Service-Bus-Resource-Provider/CH3" ],
        "Server": [ "Service-Bus-Resource-Provider/CH3", "Microsoft-HTTPAPI/2.0" ],
        "x-ms-ratelimit-remaining-subscription-reads": [ "11988" ],
        "x-ms-correlation-request-id": [ "6cf56e38-24af-49fe-a92e-e5052b8c4a23" ],
        "x-ms-routing-request-id": [ "KOREACENTRAL:20220915T075525Z:6cf56e38-24af-49fe-a92e-e5052b8c4a23" ],
        "Strict-Transport-Security": [ "max-age=31536000; includeSubDomains" ],
        "X-Content-Type-Options": [ "nosniff" ],
        "Date": [ "Thu, 15 Sep 2022 07:55:24 GMT" ]
      },
      "ContentHeaders": {
        "Content-Length": [ "1392" ],
        "Content-Type": [ "application/json; charset=utf-8" ],
        "Expires": [ "-1" ]
      },
      "Content": "{\"value\":[{\"id\":\"/subscriptions/326100e2-f69d-4268-8503-075374f62b6e/resourceGroups/resourceGroupAutorestumakst/providers/Microsoft.ServiceBus/namespaces/namespaceNametrhm5e/privateEndpointConnections/96f7b44e-d4f7-4297-9451-694d2725c2da\",\"name\":\"96f7b44e-d4f7-4297-9451-694d2725c2da\",\"type\":\"Microsoft.ServiceBus/Namespaces/PrivateEndpointConnections\",\"location\":\"East US\",\"properties\":{\"provisioningState\":\"Succeeded\",\"privateEndpoint\":{\"id\":\"/subscriptions/326100e2-f69d-4268-8503-075374f62b6e/resourceGroups/resourceGroupAutorestumakst/providers/Microsoft.Network/privateEndpoints/pe2v3jn14\"},\"privateLinkServiceConnectionState\":{\"status\":\"Approved\",\"description\":\"\"},\"groupIds\":[\"namespace\"]}},{\"id\":\"/subscriptions/326100e2-f69d-4268-8503-075374f62b6e/resourceGroups/resourceGroupAutorestumakst/providers/Microsoft.ServiceBus/namespaces/namespaceNametrhm5e/privateEndpointConnections/02707073-c256-4c9d-a890-aab828b93315\",\"name\":\"02707073-c256-4c9d-a890-aab828b93315\",\"type\":\"Microsoft.ServiceBus/Namespaces/PrivateEndpointConnections\",\"location\":\"East US\",\"properties\":{\"provisioningState\":\"Succeeded\",\"privateEndpoint\":{\"id\":\"/subscriptions/326100e2-f69d-4268-8503-075374f62b6e/resourceGroups/resourceGroupAutorestumakst/providers/Microsoft.Network/privateEndpoints/pe1b8l1s7\"},\"privateLinkServiceConnectionState\":{\"status\":\"Approved\",\"description\":\"Bye\"},\"groupIds\":[\"namespace\"]}}]}",
      "isContentBase64": false
    }
  },
  "Deny-AzServiceBusPrivateEndpointConnection+[NoContext]+SetExpanded+$GET+https://management.azure.com/subscriptions/326100e2-f69d-4268-8503-075374f62b6e/resourceGroups/resourceGroupAutorestumakst/providers/Microsoft.ServiceBus/namespaces/namespaceNametrhm5e/privateEndpointConnections/96f7b44e-d4f7-4297-9451-694d2725c2da?api-version=2022-01-01-preview+1": {
    "Request": {
      "Method": "GET",
      "RequestUri": "https://management.azure.com/subscriptions/326100e2-f69d-4268-8503-075374f62b6e/resourceGroups/resourceGroupAutorestumakst/providers/Microsoft.ServiceBus/namespaces/namespaceNametrhm5e/privateEndpointConnections/96f7b44e-d4f7-4297-9451-694d2725c2da?api-version=2022-01-01-preview",
      "Content": null,
      "isContentBase64": false,
      "Headers": {
        "x-ms-unique-id": [ "15" ],
        "x-ms-client-request-id": [ "910841c5-0a24-403f-9336-fdfe70d640e8" ],
        "CommandName": [ "Get-AzServiceBusPrivateEndpointConnection" ],
        "FullCommandName": [ "Get-AzServiceBusPrivateEndpointConnection_Get" ],
        "ParameterSetName": [ "__AllParameterSets" ],
        "User-Agent": [ "AzurePowershell/v0.0.0", "PSVersion/v7.1.3", "Az.ServiceBus/0.1.0" ],
        "Authorization": [ "[Filtered]" ]
      },
      "ContentHeaders": {
      }
    },
    "Response": {
      "StatusCode": 200,
      "Headers": {
        "Cache-Control": [ "no-cache" ],
        "Pragma": [ "no-cache" ],
        "x-ms-request-id": [ "e35dd550-f6dd-4e8b-9095-453fa026c336_M6CH3_M6CH3" ],
        "Server-SB": [ "Service-Bus-Resource-Provider/CH3" ],
        "Server": [ "Service-Bus-Resource-Provider/CH3", "Microsoft-HTTPAPI/2.0" ],
        "x-ms-ratelimit-remaining-subscription-reads": [ "11987" ],
        "x-ms-correlation-request-id": [ "af613fd8-d998-425d-b040-d58d9f4c9d0b" ],
        "x-ms-routing-request-id": [ "KOREACENTRAL:20220915T075525Z:af613fd8-d998-425d-b040-d58d9f4c9d0b" ],
        "Strict-Transport-Security": [ "max-age=31536000; includeSubDomains" ],
        "X-Content-Type-Options": [ "nosniff" ],
        "Date": [ "Thu, 15 Sep 2022 07:55:25 GMT" ]
      },
      "ContentHeaders": {
        "Content-Length": [ "688" ],
        "Content-Type": [ "application/json; charset=utf-8" ],
        "Expires": [ "-1" ]
      },
      "Content": "{\"id\":\"/subscriptions/326100e2-f69d-4268-8503-075374f62b6e/resourceGroups/resourceGroupAutorestumakst/providers/Microsoft.ServiceBus/namespaces/namespaceNametrhm5e/privateEndpointConnections/96f7b44e-d4f7-4297-9451-694d2725c2da\",\"name\":\"96f7b44e-d4f7-4297-9451-694d2725c2da\",\"type\":\"Microsoft.ServiceBus/Namespaces/PrivateEndpointConnections\",\"location\":\"East US\",\"properties\":{\"provisioningState\":\"Succeeded\",\"privateEndpoint\":{\"id\":\"/subscriptions/326100e2-f69d-4268-8503-075374f62b6e/resourceGroups/resourceGroupAutorestumakst/providers/Microsoft.Network/privateEndpoints/pe2v3jn14\"},\"privateLinkServiceConnectionState\":{\"status\":\"Approved\",\"description\":\"\"},\"groupIds\":[\"namespace\"]}}",
      "isContentBase64": false
    }
  },
  "Deny-AzServiceBusPrivateEndpointConnection+[NoContext]+SetExpanded+$PUT+https://management.azure.com/subscriptions/326100e2-f69d-4268-8503-075374f62b6e/resourceGroups/resourceGroupAutorestumakst/providers/Microsoft.ServiceBus/namespaces/namespaceNametrhm5e/privateEndpointConnections/96f7b44e-d4f7-4297-9451-694d2725c2da?api-version=2022-01-01-preview+2": {
    "Request": {
      "Method": "PUT",
      "RequestUri": "https://management.azure.com/subscriptions/326100e2-f69d-4268-8503-075374f62b6e/resourceGroups/resourceGroupAutorestumakst/providers/Microsoft.ServiceBus/namespaces/namespaceNametrhm5e/privateEndpointConnections/96f7b44e-d4f7-4297-9451-694d2725c2da?api-version=2022-01-01-preview",
      "Content": "{\n  \"properties\": {\n    \"privateEndpoint\": {\n      \"id\": \"/subscriptions/326100e2-f69d-4268-8503-075374f62b6e/resourceGroups/resourceGroupAutorestumakst/providers/Microsoft.Network/privateEndpoints/pe2v3jn14\"\n    },\n    \"privateLinkServiceConnectionState\": {\n      \"status\": \"Rejected\",\n      \"description\": \"\"\n    },\n    \"provisioningState\": \"Succeeded\"\n  }\n}",
      "isContentBase64": false,
      "Headers": {
      },
      "ContentHeaders": {
        "Content-Type": [ "application/json" ],
        "Content-Length": [ "360" ]
      }
    },
    "Response": {
      "StatusCode": 202,
      "Headers": {
        "Cache-Control": [ "no-cache" ],
        "Pragma": [ "no-cache" ],
        "x-ms-request-id": [ "69a39bf4-c89f-4959-a210-07f9ac008980_M6CH3_M6CH3" ],
        "Azure-AsyncOperation": [ "https://management.azure.com:443/subscriptions/326100e2-f69d-4268-8503-075374f62b6e/resourceGroups/resourceGroupAutorestumakst/providers/Microsoft.ServiceBus/namespaces/namespaceNametrhm5e/privateEndpointConnections/96f7b44e-d4f7-4297-9451-694d2725c2da/operationStatus/96f7b44e-d4f7-4297-9451-694d2725c2da?api-version=2022-01-01-preview\u0026operationType=Update" ],
        "Server-SB": [ "Service-Bus-Resource-Provider/CH3" ],
        "Server": [ "Service-Bus-Resource-Provider/CH3", "Microsoft-HTTPAPI/2.0" ],
        "x-ms-ratelimit-remaining-subscription-writes": [ "1197" ],
        "x-ms-correlation-request-id": [ "8f11d904-a0ba-408e-ba2a-07992e061c16" ],
        "x-ms-routing-request-id": [ "KOREACENTRAL:20220915T075526Z:8f11d904-a0ba-408e-ba2a-07992e061c16" ],
        "Strict-Transport-Security": [ "max-age=31536000; includeSubDomains" ],
        "X-Content-Type-Options": [ "nosniff" ],
        "Date": [ "Thu, 15 Sep 2022 07:55:25 GMT" ]
      },
      "ContentHeaders": {
        "Content-Length": [ "687" ],
        "Content-Type": [ "application/json; charset=utf-8" ],
        "Expires": [ "-1" ]
      },
      "Content": "{\"id\":\"/subscriptions/326100e2-f69d-4268-8503-075374f62b6e/resourceGroups/resourceGroupAutorestumakst/providers/Microsoft.ServiceBus/namespaces/namespaceNametrhm5e/privateEndpointConnections/96f7b44e-d4f7-4297-9451-694d2725c2da\",\"name\":\"96f7b44e-d4f7-4297-9451-694d2725c2da\",\"type\":\"Microsoft.ServiceBus/Namespaces/PrivateEndpointConnections\",\"location\":\"East US\",\"properties\":{\"provisioningState\":\"Updating\",\"privateEndpoint\":{\"id\":\"/subscriptions/326100e2-f69d-4268-8503-075374f62b6e/resourceGroups/resourceGroupAutorestumakst/providers/Microsoft.Network/privateEndpoints/pe2v3jn14\"},\"privateLinkServiceConnectionState\":{\"status\":\"Rejected\",\"description\":\"\"},\"groupIds\":[\"namespace\"]}}",
      "isContentBase64": false
    }
  },
  "Deny-AzServiceBusPrivateEndpointConnection+[NoContext]+SetViaIdentityExpanded+$GET+https://management.azure.com/subscriptions/326100e2-f69d-4268-8503-075374f62b6e/resourceGroups/resourceGroupAutorestumakst/providers/Microsoft.ServiceBus/namespaces/namespaceNametrhm5e/privateEndpointConnections/02707073-c256-4c9d-a890-aab828b93315?api-version=2022-01-01-preview+1": {
    "Request": {
      "Method": "GET",
      "RequestUri": "https://management.azure.com/subscriptions/326100e2-f69d-4268-8503-075374f62b6e/resourceGroups/resourceGroupAutorestumakst/providers/Microsoft.ServiceBus/namespaces/namespaceNametrhm5e/privateEndpointConnections/02707073-c256-4c9d-a890-aab828b93315?api-version=2022-01-01-preview",
      "Content": null,
      "isContentBase64": false,
      "Headers": {
        "x-ms-unique-id": [ "17" ],
        "x-ms-client-request-id": [ "0623562e-93d1-4685-8896-56d189bfb532" ],
        "CommandName": [ "Get-AzServiceBusPrivateEndpointConnection" ],
        "FullCommandName": [ "Get-AzServiceBusPrivateEndpointConnection_Get" ],
        "ParameterSetName": [ "__AllParameterSets" ],
        "User-Agent": [ "AzurePowershell/v0.0.0", "PSVersion/v7.1.3", "Az.ServiceBus/0.1.0" ],
        "Authorization": [ "[Filtered]" ]
      },
      "ContentHeaders": {
      }
    },
    "Response": {
      "StatusCode": 200,
      "Headers": {
        "Cache-Control": [ "no-cache" ],
        "Pragma": [ "no-cache" ],
        "x-ms-request-id": [ "60507744-b954-4993-8f1a-105a0329afe2_M6CH3_M6CH3" ],
        "Server-SB": [ "Service-Bus-Resource-Provider/CH3" ],
        "Server": [ "Service-Bus-Resource-Provider/CH3", "Microsoft-HTTPAPI/2.0" ],
        "x-ms-ratelimit-remaining-subscription-reads": [ "11986" ],
        "x-ms-correlation-request-id": [ "17e5091f-caac-4d7f-b8aa-2026e7d8067f" ],
        "x-ms-routing-request-id": [ "KOREACENTRAL:20220915T075527Z:17e5091f-caac-4d7f-b8aa-2026e7d8067f" ],
        "Strict-Transport-Security": [ "max-age=31536000; includeSubDomains" ],
        "X-Content-Type-Options": [ "nosniff" ],
        "Date": [ "Thu, 15 Sep 2022 07:55:26 GMT" ]
      },
      "ContentHeaders": {
        "Content-Length": [ "691" ],
        "Content-Type": [ "application/json; charset=utf-8" ],
        "Expires": [ "-1" ]
      },
      "Content": "{\"id\":\"/subscriptions/326100e2-f69d-4268-8503-075374f62b6e/resourceGroups/resourceGroupAutorestumakst/providers/Microsoft.ServiceBus/namespaces/namespaceNametrhm5e/privateEndpointConnections/02707073-c256-4c9d-a890-aab828b93315\",\"name\":\"02707073-c256-4c9d-a890-aab828b93315\",\"type\":\"Microsoft.ServiceBus/Namespaces/PrivateEndpointConnections\",\"location\":\"East US\",\"properties\":{\"provisioningState\":\"Succeeded\",\"privateEndpoint\":{\"id\":\"/subscriptions/326100e2-f69d-4268-8503-075374f62b6e/resourceGroups/resourceGroupAutorestumakst/providers/Microsoft.Network/privateEndpoints/pe1b8l1s7\"},\"privateLinkServiceConnectionState\":{\"status\":\"Approved\",\"description\":\"Bye\"},\"groupIds\":[\"namespace\"]}}",
      "isContentBase64": false
    }
  },
  "Deny-AzServiceBusPrivateEndpointConnection+[NoContext]+SetViaIdentityExpanded+$GET+https://management.azure.com/subscriptions/326100e2-f69d-4268-8503-075374f62b6e/resourceGroups/resourceGroupAutorestumakst/providers/Microsoft.ServiceBus/namespaces/namespaceNametrhm5e/privateEndpointConnections/02707073-c256-4c9d-a890-aab828b93315?api-version=2022-01-01-preview+2": {
    "Request": {
      "Method": "GET",
      "RequestUri": "https://management.azure.com/subscriptions/326100e2-f69d-4268-8503-075374f62b6e/resourceGroups/resourceGroupAutorestumakst/providers/Microsoft.ServiceBus/namespaces/namespaceNametrhm5e/privateEndpointConnections/02707073-c256-4c9d-a890-aab828b93315?api-version=2022-01-01-preview",
      "Content": null,
      "isContentBase64": false,
      "Headers": {
        "x-ms-unique-id": [ "18" ],
        "x-ms-client-request-id": [ "3fcb09b2-47dd-4b06-835e-ffeaa8a7c605" ],
        "CommandName": [ "Get-AzServiceBusPrivateEndpointConnection" ],
        "FullCommandName": [ "Get-AzServiceBusPrivateEndpointConnection_GetViaIdentity" ],
        "ParameterSetName": [ "__AllParameterSets" ],
        "User-Agent": [ "AzurePowershell/v0.0.0", "PSVersion/v7.1.3", "Az.ServiceBus/0.1.0" ],
        "Authorization": [ "[Filtered]" ]
      },
      "ContentHeaders": {
      }
    },
    "Response": {
      "StatusCode": 200,
      "Headers": {
        "Cache-Control": [ "no-cache" ],
        "Pragma": [ "no-cache" ],
        "x-ms-request-id": [ "9c211de2-3144-4a1b-8ea8-36773e08c25f_M6CH3_M6CH3" ],
        "Server-SB": [ "Service-Bus-Resource-Provider/CH3" ],
        "Server": [ "Service-Bus-Resource-Provider/CH3", "Microsoft-HTTPAPI/2.0" ],
        "x-ms-ratelimit-remaining-subscription-reads": [ "11985" ],
        "x-ms-correlation-request-id": [ "63f9fcfc-a66f-42e3-bcc3-7e612b1df1cd" ],
        "x-ms-routing-request-id": [ "KOREACENTRAL:20220915T075527Z:63f9fcfc-a66f-42e3-bcc3-7e612b1df1cd" ],
        "Strict-Transport-Security": [ "max-age=31536000; includeSubDomains" ],
        "X-Content-Type-Options": [ "nosniff" ],
        "Date": [ "Thu, 15 Sep 2022 07:55:27 GMT" ]
      },
      "ContentHeaders": {
        "Content-Length": [ "691" ],
        "Content-Type": [ "application/json; charset=utf-8" ],
        "Expires": [ "-1" ]
      },
      "Content": "{\"id\":\"/subscriptions/326100e2-f69d-4268-8503-075374f62b6e/resourceGroups/resourceGroupAutorestumakst/providers/Microsoft.ServiceBus/namespaces/namespaceNametrhm5e/privateEndpointConnections/02707073-c256-4c9d-a890-aab828b93315\",\"name\":\"02707073-c256-4c9d-a890-aab828b93315\",\"type\":\"Microsoft.ServiceBus/Namespaces/PrivateEndpointConnections\",\"location\":\"East US\",\"properties\":{\"provisioningState\":\"Succeeded\",\"privateEndpoint\":{\"id\":\"/subscriptions/326100e2-f69d-4268-8503-075374f62b6e/resourceGroups/resourceGroupAutorestumakst/providers/Microsoft.Network/privateEndpoints/pe1b8l1s7\"},\"privateLinkServiceConnectionState\":{\"status\":\"Approved\",\"description\":\"Bye\"},\"groupIds\":[\"namespace\"]}}",
      "isContentBase64": false
    }
  },
  "Deny-AzServiceBusPrivateEndpointConnection+[NoContext]+SetViaIdentityExpanded+$PUT+https://management.azure.com/subscriptions/326100e2-f69d-4268-8503-075374f62b6e/resourceGroups/resourceGroupAutorestumakst/providers/Microsoft.ServiceBus/namespaces/namespaceNametrhm5e/privateEndpointConnections/02707073-c256-4c9d-a890-aab828b93315?api-version=2022-01-01-preview+3": {
    "Request": {
      "Method": "PUT",
      "RequestUri": "https://management.azure.com/subscriptions/326100e2-f69d-4268-8503-075374f62b6e/resourceGroups/resourceGroupAutorestumakst/providers/Microsoft.ServiceBus/namespaces/namespaceNametrhm5e/privateEndpointConnections/02707073-c256-4c9d-a890-aab828b93315?api-version=2022-01-01-preview",
      "Content": "{\n  \"properties\": {\n    \"privateEndpoint\": {\n      \"id\": \"/subscriptions/326100e2-f69d-4268-8503-075374f62b6e/resourceGroups/resourceGroupAutorestumakst/providers/Microsoft.Network/privateEndpoints/pe1b8l1s7\"\n    },\n    \"privateLinkServiceConnectionState\": {\n      \"status\": \"Rejected\",\n      \"description\": \"Bye\"\n    },\n    \"provisioningState\": \"Succeeded\"\n  }\n}",
      "isContentBase64": false,
      "Headers": {
      },
      "ContentHeaders": {
        "Content-Type": [ "application/json" ],
        "Content-Length": [ "363" ]
      }
    },
    "Response": {
      "StatusCode": 202,
      "Headers": {
        "Cache-Control": [ "no-cache" ],
        "Pragma": [ "no-cache" ],
        "x-ms-request-id": [ "a384c609-7b34-4352-8dca-d2f29fbad931_M6CH3_M6CH3" ],
        "Azure-AsyncOperation": [ "https://management.azure.com:443/subscriptions/326100e2-f69d-4268-8503-075374f62b6e/resourceGroups/resourceGroupAutorestumakst/providers/Microsoft.ServiceBus/namespaces/namespaceNametrhm5e/privateEndpointConnections/02707073-c256-4c9d-a890-aab828b93315/operationStatus/02707073-c256-4c9d-a890-aab828b93315?api-version=2022-01-01-preview\u0026operationType=Update" ],
        "Server-SB": [ "Service-Bus-Resource-Provider/CH3" ],
        "Server": [ "Service-Bus-Resource-Provider/CH3", "Microsoft-HTTPAPI/2.0" ],
        "x-ms-ratelimit-remaining-subscription-writes": [ "1196" ],
        "x-ms-correlation-request-id": [ "eed4dd6f-0532-4761-a1ae-e182ea094272" ],
        "x-ms-routing-request-id": [ "KOREACENTRAL:20220915T075528Z:eed4dd6f-0532-4761-a1ae-e182ea094272" ],
        "Strict-Transport-Security": [ "max-age=31536000; includeSubDomains" ],
        "X-Content-Type-Options": [ "nosniff" ],
        "Date": [ "Thu, 15 Sep 2022 07:55:27 GMT" ]
      },
      "ContentHeaders": {
        "Content-Length": [ "690" ],
        "Content-Type": [ "application/json; charset=utf-8" ],
        "Expires": [ "-1" ]
      },
      "Content": "{\"id\":\"/subscriptions/326100e2-f69d-4268-8503-075374f62b6e/resourceGroups/resourceGroupAutorestumakst/providers/Microsoft.ServiceBus/namespaces/namespaceNametrhm5e/privateEndpointConnections/02707073-c256-4c9d-a890-aab828b93315\",\"name\":\"02707073-c256-4c9d-a890-aab828b93315\",\"type\":\"Microsoft.ServiceBus/Namespaces/PrivateEndpointConnections\",\"location\":\"East US\",\"properties\":{\"provisioningState\":\"Updating\",\"privateEndpoint\":{\"id\":\"/subscriptions/326100e2-f69d-4268-8503-075374f62b6e/resourceGroups/resourceGroupAutorestumakst/providers/Microsoft.Network/privateEndpoints/pe1b8l1s7\"},\"privateLinkServiceConnectionState\":{\"status\":\"Rejected\",\"description\":\"Bye\"},\"groupIds\":[\"namespace\"]}}",
      "isContentBase64": false
    }
  }
}