{
  "Get-AzServiceBusSubscription+[NoContext]+[NoScenario]+$GET+https://management.azure.com/subscriptions/326100e2-f69d-4268-8503-075374f62b6e/resourceGroups/resourceGroupAutorestukt81o/providers/Microsoft.ServiceBus/namespaces/namespaceName3oc4hv/topics/topic1/subscriptions/subscription1?api-version=2022-01-01-preview+1": {
    "Request": {
      "Method": "GET",
      "RequestUri": "https://management.azure.com/subscriptions/326100e2-f69d-4268-8503-075374f62b6e/resourceGroups/resourceGroupAutorestukt81o/providers/Microsoft.ServiceBus/namespaces/namespaceName3oc4hv/topics/topic1/subscriptions/subscription1?api-version=2022-01-01-preview",
      "Content": null,
      "isContentBase64": false,
      "Headers": {
        "x-ms-unique-id": [ "44" ],
        "x-ms-client-request-id": [ "b13681a8-e750-4b5c-8b17-86e4c23933a4" ],
        "CommandName": [ "Get-AzServiceBusSubscription" ],
        "FullCommandName": [ "Get-AzServiceBusSubscription_Get" ],
        "ParameterSetName": [ "__AllParameterSets" ],
        "User-Agent": [ "AzurePowershell/v0.0.0", "PSVersion/v7.1.3", "Az.ServiceBus/0.1.0" ],
        "Authorization": [ "[Filtered]" ]
      },
      "ContentHeaders": {
      }
    },
    "Response": {
      "StatusCode": 200,
      "Headers": {
        "Cache-Control": [ "no-cache" ],
        "Pragma": [ "no-cache" ],
        "x-ms-request-id": [ "66786fd2-d1bc-46e2-851e-e8c7f413225c_M3SN1_M3SN1" ],
        "Server-SB": [ "Service-Bus-Resource-Provider/SN1" ],
        "Server": [ "Service-Bus-Resource-Provider/SN1", "Microsoft-HTTPAPI/2.0" ],
        "x-ms-ratelimit-remaining-subscription-reads": [ "11964" ],
        "x-ms-correlation-request-id": [ "a94e85d5-ee5b-4b84-a022-b3b72c6b4974" ],
        "x-ms-routing-request-id": [ "KOREACENTRAL:20220926T165002Z:a94e85d5-ee5b-4b84-a022-b3b72c6b4974" ],
        "Strict-Transport-Security": [ "max-age=31536000; includeSubDomains" ],
        "X-Content-Type-Options": [ "nosniff" ],
        "Date": [ "Mon, 26 Sep 2022 16:50:01 GMT" ]
      },
      "ContentHeaders": {
        "Content-Length": [ "963" ],
        "Content-Type": [ "application/json; charset=utf-8" ],
        "Expires": [ "-1" ]
      },
      "Content": "{\"id\":\"/subscriptions/326100e2-f69d-4268-8503-075374f62b6e/resourceGroups/resourceGroupAutorestukt81o/providers/Microsoft.ServiceBus/namespaces/namespaceName3oc4hv/topics/topic1/subscriptions/subscription1\",\"name\":\"subscription1\",\"type\":\"Microsoft.ServiceBus/Namespaces/Topics/Subscriptions\",\"location\":\"North Europe\",\"properties\":{\"isClientAffine\":false,\"lockDuration\":\"PT1M\",\"requiresSession\":false,\"defaultMessageTimeToLive\":\"P10675199DT2H48M5.4775807S\",\"deadLetteringOnMessageExpiration\":false,\"deadLetteringOnFilterEvaluationExceptions\":true,\"messageCount\":0,\"maxDeliveryCount\":10,\"status\":\"Active\",\"enableBatchedOperations\":true,\"createdAt\":\"2022-09-26T16:39:00.3757967Z\",\"updatedAt\":\"2022-09-26T16:39:00.3757967Z\",\"accessedAt\":\"2022-09-26T16:39:00.375Z\",\"countDetails\":{\"activeMessageCount\":0,\"deadLetterMessageCount\":0,\"scheduledMessageCount\":0,\"transferMessageCount\":0,\"transferDeadLetterMessageCount\":0},\"autoDeleteOnIdle\":\"P10675199DT2H48M5.4775807S\"}}",
      "isContentBase64": false
    }
  },
  "Get-AzServiceBusSubscription+[NoContext]+List+$GET+https://management.azure.com/subscriptions/326100e2-f69d-4268-8503-075374f62b6e/resourceGroups/resourceGroupAutorestukt81o/providers/Microsoft.ServiceBus/namespaces/namespaceName3oc4hv/topics/topic1/subscriptions?api-version=2022-01-01-preview+1": {
    "Request": {
      "Method": "GET",
      "RequestUri": "https://management.azure.com/subscriptions/326100e2-f69d-4268-8503-075374f62b6e/resourceGroups/resourceGroupAutorestukt81o/providers/Microsoft.ServiceBus/namespaces/namespaceName3oc4hv/topics/topic1/subscriptions?api-version=2022-01-01-preview",
      "Content": null,
      "isContentBase64": false,
      "Headers": {
        "x-ms-unique-id": [ "45" ],
        "x-ms-client-request-id": [ "3a32ed48-ad31-4384-938e-1a6090703c6b" ],
        "CommandName": [ "Get-AzServiceBusSubscription" ],
        "FullCommandName": [ "Get-AzServiceBusSubscription_List" ],
        "ParameterSetName": [ "__AllParameterSets" ],
        "User-Agent": [ "AzurePowershell/v0.0.0", "PSVersion/v7.1.3", "Az.ServiceBus/0.1.0" ],
        "Authorization": [ "[Filtered]" ]
      },
      "ContentHeaders": {
      }
    },
    "Response": {
      "StatusCode": 200,
      "Headers": {
        "Cache-Control": [ "no-cache" ],
        "Pragma": [ "no-cache" ],
        "x-ms-inline-count": [ "" ],
        "x-ms-request-id": [ "64115f03-2362-4f1f-b8de-affcce51bea0_M3SN1_M3SN1" ],
        "Server-SB": [ "Service-Bus-Resource-Provider/SN1" ],
        "Server": [ "Service-Bus-Resource-Provider/SN1", "Microsoft-HTTPAPI/2.0" ],
        "x-ms-ratelimit-remaining-subscription-reads": [ "11963" ],
        "x-ms-correlation-request-id": [ "79bff4c0-7ab8-4fb1-8e86-9d981a27a17d" ],
        "x-ms-routing-request-id": [ "KOREACENTRAL:20220926T165003Z:79bff4c0-7ab8-4fb1-8e86-9d981a27a17d" ],
        "Strict-Transport-Security": [ "max-age=31536000; includeSubDomains" ],
        "X-Content-Type-Options": [ "nosniff" ],
        "Date": [ "Mon, 26 Sep 2022 16:50:02 GMT" ]
      },
      "ContentHeaders": {
        "Content-Length": [ "975" ],
        "Content-Type": [ "application/json; charset=utf-8" ],
        "Expires": [ "-1" ]
      },
      "Content": "{\"value\":[{\"id\":\"/subscriptions/326100e2-f69d-4268-8503-075374f62b6e/resourceGroups/resourceGroupAutorestukt81o/providers/Microsoft.ServiceBus/namespaces/namespaceName3oc4hv/topics/topic1/subscriptions/subscription1\",\"name\":\"subscription1\",\"type\":\"Microsoft.ServiceBus/Namespaces/Topics/Subscriptions\",\"location\":\"North Europe\",\"properties\":{\"isClientAffine\":false,\"lockDuration\":\"PT1M\",\"requiresSession\":false,\"defaultMessageTimeToLive\":\"P10675199DT2H48M5.4775807S\",\"deadLetteringOnMessageExpiration\":false,\"deadLetteringOnFilterEvaluationExceptions\":true,\"messageCount\":0,\"maxDeliveryCount\":10,\"status\":\"Active\",\"enableBatchedOperations\":true,\"createdAt\":\"2022-09-26T16:39:00.3757967Z\",\"updatedAt\":\"2022-09-26T16:39:00.3757967Z\",\"accessedAt\":\"2022-09-26T16:39:00.375Z\",\"countDetails\":{\"activeMessageCount\":0,\"deadLetterMessageCount\":0,\"scheduledMessageCount\":0,\"transferMessageCount\":0,\"transferDeadLetterMessageCount\":0},\"autoDeleteOnIdle\":\"P10675199DT2H48M5.4775807S\"}}]}",
      "isContentBase64": false
    }
  },
  "Get-AzServiceBusSubscription+[NoContext]+GetViaIdentity+$GET+https://management.azure.com/subscriptions/326100e2-f69d-4268-8503-075374f62b6e/resourceGroups/resourceGroupAutorestukt81o/providers/Microsoft.ServiceBus/namespaces/namespaceName3oc4hv/topics/topic1/subscriptions/subscription1?api-version=2022-01-01-preview+1": {
    "Request": {
      "Method": "GET",
      "RequestUri": "https://management.azure.com/subscriptions/326100e2-f69d-4268-8503-075374f62b6e/resourceGroups/resourceGroupAutorestukt81o/providers/Microsoft.ServiceBus/namespaces/namespaceName3oc4hv/topics/topic1/subscriptions/subscription1?api-version=2022-01-01-preview",
      "Content": null,
      "isContentBase64": false,
      "Headers": {
        "x-ms-unique-id": [ "46" ],
        "x-ms-client-request-id": [ "e581f70e-8c8c-4226-9961-2b5489456483" ],
        "CommandName": [ "Get-AzServiceBusSubscription" ],
        "FullCommandName": [ "Get-AzServiceBusSubscription_GetViaIdentity" ],
        "ParameterSetName": [ "__AllParameterSets" ],
        "User-Agent": [ "AzurePowershell/v0.0.0", "PSVersion/v7.1.3", "Az.ServiceBus/0.1.0" ],
        "Authorization": [ "[Filtered]" ]
      },
      "ContentHeaders": {
      }
    },
    "Response": {
      "StatusCode": 200,
      "Headers": {
        "Cache-Control": [ "no-cache" ],
        "Pragma": [ "no-cache" ],
        "x-ms-request-id": [ "239406ec-7bfc-484c-aa2f-0c97845137e5_M3SN1_M3SN1" ],
        "Server-SB": [ "Service-Bus-Resource-Provider/SN1" ],
        "Server": [ "Service-Bus-Resource-Provider/SN1", "Microsoft-HTTPAPI/2.0" ],
        "x-ms-ratelimit-remaining-subscription-reads": [ "11962" ],
        "x-ms-correlation-request-id": [ "b1d1832a-e106-4637-bcf4-48d459166945" ],
        "x-ms-routing-request-id": [ "KOREACENTRAL:20220926T165004Z:b1d1832a-e106-4637-bcf4-48d459166945" ],
        "Strict-Transport-Security": [ "max-age=31536000; includeSubDomains" ],
        "X-Content-Type-Options": [ "nosniff" ],
        "Date": [ "Mon, 26 Sep 2022 16:50:03 GMT" ]
      },
      "ContentHeaders": {
        "Content-Length": [ "963" ],
        "Content-Type": [ "application/json; charset=utf-8" ],
        "Expires": [ "-1" ]
      },
      "Content": "{\"id\":\"/subscriptions/326100e2-f69d-4268-8503-075374f62b6e/resourceGroups/resourceGroupAutorestukt81o/providers/Microsoft.ServiceBus/namespaces/namespaceName3oc4hv/topics/topic1/subscriptions/subscription1\",\"name\":\"subscription1\",\"type\":\"Microsoft.ServiceBus/Namespaces/Topics/Subscriptions\",\"location\":\"North Europe\",\"properties\":{\"isClientAffine\":false,\"lockDuration\":\"PT1M\",\"requiresSession\":false,\"defaultMessageTimeToLive\":\"P10675199DT2H48M5.4775807S\",\"deadLetteringOnMessageExpiration\":false,\"deadLetteringOnFilterEvaluationExceptions\":true,\"messageCount\":0,\"maxDeliveryCount\":10,\"status\":\"Active\",\"enableBatchedOperations\":true,\"createdAt\":\"2022-09-26T16:39:00.3757967Z\",\"updatedAt\":\"2022-09-26T16:39:00.3757967Z\",\"accessedAt\":\"2022-09-26T16:39:00.375Z\",\"countDetails\":{\"activeMessageCount\":0,\"deadLetterMessageCount\":0,\"scheduledMessageCount\":0,\"transferMessageCount\":0,\"transferDeadLetterMessageCount\":0},\"autoDeleteOnIdle\":\"P10675199DT2H48M5.4775807S\"}}",
      "isContentBase64": false
    }
  }
}