{
  "Get-AzServiceBusSubscription+[NoContext]+[NoScenario]+$GET+https://management.azure.com/subscriptions/326100e2-f69d-4268-8503-075374f62b6e/resourceGroups/resourceGroupAutorest8eovxm/providers/Microsoft.ServiceBus/namespaces/namespaceName5o2i6c/topics/topic1/subscriptions/subscription1?api-version=2022-01-01-preview+1": {
    "Request": {
      "Method": "GET",
      "RequestUri": "https://management.azure.com/subscriptions/326100e2-f69d-4268-8503-075374f62b6e/resourceGroups/resourceGroupAutorest8eovxm/providers/Microsoft.ServiceBus/namespaces/namespaceName5o2i6c/topics/topic1/subscriptions/subscription1?api-version=2022-01-01-preview",
      "Content": null,
      "isContentBase64": false,
      "Headers": {
        "x-ms-unique-id": [ "44" ],
        "x-ms-client-request-id": [ "90c4438c-454d-4032-9ed9-1791474bcf6a" ],
        "CommandName": [ "Get-AzServiceBusSubscription" ],
        "FullCommandName": [ "Get-AzServiceBusSubscription_Get" ],
        "ParameterSetName": [ "__AllParameterSets" ],
        "User-Agent": [ "AzurePowershell/v0.0.0", "PSVersion/v7.1.3", "Az.ServiceBus/0.1.0" ],
        "Authorization": [ "[Filtered]" ]
      },
      "ContentHeaders": {
      }
    },
    "Response": {
      "StatusCode": 200,
      "Headers": {
        "Cache-Control": [ "no-cache" ],
        "Pragma": [ "no-cache" ],
        "Server": [ "Microsoft-HTTPAPI/2.0" ],
        "x-ms-ratelimit-remaining-subscription-reads": [ "11956" ],
        "x-ms-request-id": [ "2da62936-f5fb-41dc-9d2e-412624b0314d" ],
        "x-ms-correlation-request-id": [ "2da62936-f5fb-41dc-9d2e-412624b0314d" ],
        "x-ms-routing-request-id": [ "KOREACENTRAL:20220921T171535Z:2da62936-f5fb-41dc-9d2e-412624b0314d" ],
        "Strict-Transport-Security": [ "max-age=31536000; includeSubDomains" ],
        "X-Content-Type-Options": [ "nosniff" ],
        "Date": [ "Wed, 21 Sep 2022 17:15:34 GMT" ]
      },
      "ContentHeaders": {
        "Content-Length": [ "955" ],
        "Content-Type": [ "application/json; charset=utf-8" ],
        "Expires": [ "-1" ]
      },
      "Content": "{\"id\":\"/subscriptions/326100e2-f69d-4268-8503-075374f62b6e/resourceGroups/resourceGroupAutorest8eovxm/providers/Microsoft.ServiceBus/namespaces/namespaceName5o2i6c/topics/topic1/subscriptions/subscription1\",\"name\":\"subscription1\",\"type\":\"Microsoft.ServiceBus/Namespaces/Topics/Subscriptions\",\"location\":\"eastus\",\"properties\":{\"isClientAffine\":false,\"lockDuration\":\"PT1M\",\"requiresSession\":false,\"defaultMessageTimeToLive\":\"P10675199DT2H48M5.4775807S\",\"deadLetteringOnMessageExpiration\":false,\"deadLetteringOnFilterEvaluationExceptions\":true,\"messageCount\":0,\"maxDeliveryCount\":10,\"status\":\"Active\",\"enableBatchedOperations\":true,\"createdAt\":\"2022-09-21T17:04:52.078589Z\",\"updatedAt\":\"2022-09-21T17:04:52.078589Z\",\"accessedAt\":\"2022-09-21T17:04:52.078Z\",\"countDetails\":{\"activeMessageCount\":0,\"deadLetterMessageCount\":0,\"scheduledMessageCount\":0,\"transferMessageCount\":0,\"transferDeadLetterMessageCount\":0},\"autoDeleteOnIdle\":\"P10675199DT2H48M5.4775807S\"}}",
      "isContentBase64": false
    }
  },
  "Get-AzServiceBusSubscription+[NoContext]+List+$GET+https://management.azure.com/subscriptions/326100e2-f69d-4268-8503-075374f62b6e/resourceGroups/resourceGroupAutorest8eovxm/providers/Microsoft.ServiceBus/namespaces/namespaceName5o2i6c/topics/topic1/subscriptions?api-version=2022-01-01-preview+1": {
    "Request": {
      "Method": "GET",
      "RequestUri": "https://management.azure.com/subscriptions/326100e2-f69d-4268-8503-075374f62b6e/resourceGroups/resourceGroupAutorest8eovxm/providers/Microsoft.ServiceBus/namespaces/namespaceName5o2i6c/topics/topic1/subscriptions?api-version=2022-01-01-preview",
      "Content": null,
      "isContentBase64": false,
      "Headers": {
        "x-ms-unique-id": [ "45" ],
        "x-ms-client-request-id": [ "31c8b530-608a-4b5e-b19c-b05219e88c34" ],
        "CommandName": [ "Get-AzServiceBusSubscription" ],
        "FullCommandName": [ "Get-AzServiceBusSubscription_List" ],
        "ParameterSetName": [ "__AllParameterSets" ],
        "User-Agent": [ "AzurePowershell/v0.0.0", "PSVersion/v7.1.3", "Az.ServiceBus/0.1.0" ],
        "Authorization": [ "[Filtered]" ]
      },
      "ContentHeaders": {
      }
    },
    "Response": {
      "StatusCode": 200,
      "Headers": {
        "Cache-Control": [ "no-cache" ],
        "Pragma": [ "no-cache" ],
        "x-ms-inline-count": [ "" ],
        "Server": [ "Microsoft-HTTPAPI/2.0" ],
        "x-ms-ratelimit-remaining-subscription-reads": [ "11955" ],
        "x-ms-request-id": [ "cb5c7697-8d01-42fb-96c0-c7f7b00febe1" ],
        "x-ms-correlation-request-id": [ "cb5c7697-8d01-42fb-96c0-c7f7b00febe1" ],
        "x-ms-routing-request-id": [ "KOREACENTRAL:20220921T171535Z:cb5c7697-8d01-42fb-96c0-c7f7b00febe1" ],
        "Strict-Transport-Security": [ "max-age=31536000; includeSubDomains" ],
        "X-Content-Type-Options": [ "nosniff" ],
        "Date": [ "Wed, 21 Sep 2022 17:15:35 GMT" ]
      },
      "ContentHeaders": {
        "Content-Length": [ "967" ],
        "Content-Type": [ "application/json; charset=utf-8" ],
        "Expires": [ "-1" ]
      },
      "Content": "{\"value\":[{\"id\":\"/subscriptions/326100e2-f69d-4268-8503-075374f62b6e/resourceGroups/resourceGroupAutorest8eovxm/providers/Microsoft.ServiceBus/namespaces/namespaceName5o2i6c/topics/topic1/subscriptions/subscription1\",\"name\":\"subscription1\",\"type\":\"Microsoft.ServiceBus/Namespaces/Topics/Subscriptions\",\"location\":\"eastus\",\"properties\":{\"isClientAffine\":false,\"lockDuration\":\"PT1M\",\"requiresSession\":false,\"defaultMessageTimeToLive\":\"P10675199DT2H48M5.4775807S\",\"deadLetteringOnMessageExpiration\":false,\"deadLetteringOnFilterEvaluationExceptions\":true,\"messageCount\":0,\"maxDeliveryCount\":10,\"status\":\"Active\",\"enableBatchedOperations\":true,\"createdAt\":\"2022-09-21T17:04:52.078589Z\",\"updatedAt\":\"2022-09-21T17:04:52.078589Z\",\"accessedAt\":\"2022-09-21T17:04:52.078Z\",\"countDetails\":{\"activeMessageCount\":0,\"deadLetterMessageCount\":0,\"scheduledMessageCount\":0,\"transferMessageCount\":0,\"transferDeadLetterMessageCount\":0},\"autoDeleteOnIdle\":\"P10675199DT2H48M5.4775807S\"}}]}",
      "isContentBase64": false
    }
  },
  "Get-AzServiceBusSubscription+[NoContext]+GetViaIdentity+$GET+https://management.azure.com/subscriptions/326100e2-f69d-4268-8503-075374f62b6e/resourceGroups/resourceGroupAutorest8eovxm/providers/Microsoft.ServiceBus/namespaces/namespaceName5o2i6c/topics/topic1/subscriptions/subscription1?api-version=2022-01-01-preview+1": {
    "Request": {
      "Method": "GET",
      "RequestUri": "https://management.azure.com/subscriptions/326100e2-f69d-4268-8503-075374f62b6e/resourceGroups/resourceGroupAutorest8eovxm/providers/Microsoft.ServiceBus/namespaces/namespaceName5o2i6c/topics/topic1/subscriptions/subscription1?api-version=2022-01-01-preview",
      "Content": null,
      "isContentBase64": false,
      "Headers": {
        "x-ms-unique-id": [ "46" ],
        "x-ms-client-request-id": [ "364988fe-041b-460a-b9e4-85a856403025" ],
        "CommandName": [ "Get-AzServiceBusSubscription" ],
        "FullCommandName": [ "Get-AzServiceBusSubscription_GetViaIdentity" ],
        "ParameterSetName": [ "__AllParameterSets" ],
        "User-Agent": [ "AzurePowershell/v0.0.0", "PSVersion/v7.1.3", "Az.ServiceBus/0.1.0" ],
        "Authorization": [ "[Filtered]" ]
      },
      "ContentHeaders": {
      }
    },
    "Response": {
      "StatusCode": 200,
      "Headers": {
        "Cache-Control": [ "no-cache" ],
        "Pragma": [ "no-cache" ],
        "Server": [ "Microsoft-HTTPAPI/2.0" ],
        "x-ms-ratelimit-remaining-subscription-reads": [ "11954" ],
        "x-ms-request-id": [ "5f0a00d3-3d8f-4ec1-ab51-396dc78bc734" ],
        "x-ms-correlation-request-id": [ "5f0a00d3-3d8f-4ec1-ab51-396dc78bc734" ],
        "x-ms-routing-request-id": [ "KOREACENTRAL:20220921T171536Z:5f0a00d3-3d8f-4ec1-ab51-396dc78bc734" ],
        "Strict-Transport-Security": [ "max-age=31536000; includeSubDomains" ],
        "X-Content-Type-Options": [ "nosniff" ],
        "Date": [ "Wed, 21 Sep 2022 17:15:36 GMT" ]
      },
      "ContentHeaders": {
        "Content-Length": [ "955" ],
        "Content-Type": [ "application/json; charset=utf-8" ],
        "Expires": [ "-1" ]
      },
      "Content": "{\"id\":\"/subscriptions/326100e2-f69d-4268-8503-075374f62b6e/resourceGroups/resourceGroupAutorest8eovxm/providers/Microsoft.ServiceBus/namespaces/namespaceName5o2i6c/topics/topic1/subscriptions/subscription1\",\"name\":\"subscription1\",\"type\":\"Microsoft.ServiceBus/Namespaces/Topics/Subscriptions\",\"location\":\"eastus\",\"properties\":{\"isClientAffine\":false,\"lockDuration\":\"PT1M\",\"requiresSession\":false,\"defaultMessageTimeToLive\":\"P10675199DT2H48M5.4775807S\",\"deadLetteringOnMessageExpiration\":false,\"deadLetteringOnFilterEvaluationExceptions\":true,\"messageCount\":0,\"maxDeliveryCount\":10,\"status\":\"Active\",\"enableBatchedOperations\":true,\"createdAt\":\"2022-09-21T17:04:52.078589Z\",\"updatedAt\":\"2022-09-21T17:04:52.078589Z\",\"accessedAt\":\"2022-09-21T17:04:52.078Z\",\"countDetails\":{\"activeMessageCount\":0,\"deadLetterMessageCount\":0,\"scheduledMessageCount\":0,\"transferMessageCount\":0,\"transferDeadLetterMessageCount\":0},\"autoDeleteOnIdle\":\"P10675199DT2H48M5.4775807S\"}}",
      "isContentBase64": false
    }
  }
}