{
  "Get-AzServiceBusAuthorizationRule+[NoContext]+[NoScenario]+$GET+https://management.azure.com/subscriptions/326100e2-f69d-4268-8503-075374f62b6e/resourceGroups/resourceGroupAutorest8eovxm/providers/Microsoft.ServiceBus/namespaces/namespaceName5o2i6c/AuthorizationRules/namespaceAuthRule1?api-version=2022-01-01-preview+1": {
    "Request": {
      "Method": "GET",
      "RequestUri": "https://management.azure.com/subscriptions/326100e2-f69d-4268-8503-075374f62b6e/resourceGroups/resourceGroupAutorest8eovxm/providers/Microsoft.ServiceBus/namespaces/namespaceName5o2i6c/AuthorizationRules/namespaceAuthRule1?api-version=2022-01-01-preview",
      "Content": null,
      "isContentBase64": false,
      "Headers": {
        "x-ms-unique-id": [ "20" ],
        "x-ms-client-request-id": [ "7a807832-ea2f-42e5-89e5-1f2039c54a5e" ],
        "CommandName": [ "Az.ServiceBus.private\\Get-AzServiceBusNamespaceAuthorizationRule_Get" ],
        "FullCommandName": [ "Get-AzServiceBusNamespaceAuthorizationRule_Get" ],
        "ParameterSetName": [ "__AllParameterSets" ],
        "User-Agent": [ "AzurePowershell/v0.0.0", "PSVersion/v7.1.3", "Az.ServiceBus/0.1.0" ],
        "Authorization": [ "[Filtered]" ]
      },
      "ContentHeaders": {
      }
    },
    "Response": {
      "StatusCode": 200,
      "Headers": {
        "Cache-Control": [ "no-cache" ],
        "Pragma": [ "no-cache" ],
        "x-ms-request-id": [ "c6f18283-114c-4008-bd13-1b19ce06113a_M8SN1_M8SN1" ],
        "Server-SB": [ "Service-Bus-Resource-Provider/SN1" ],
        "Server": [ "Service-Bus-Resource-Provider/SN1", "Microsoft-HTTPAPI/2.0" ],
        "x-ms-ratelimit-remaining-subscription-reads": [ "11964" ],
        "x-ms-correlation-request-id": [ "910c085e-080d-47dc-accf-dd34b34ee83e" ],
        "x-ms-routing-request-id": [ "KOREACENTRAL:20220921T171332Z:910c085e-080d-47dc-accf-dd34b34ee83e" ],
        "Strict-Transport-Security": [ "max-age=31536000; includeSubDomains" ],
        "X-Content-Type-Options": [ "nosniff" ],
        "Date": [ "Wed, 21 Sep 2022 17:13:32 GMT" ]
      },
      "ContentHeaders": {
        "Content-Length": [ "363" ],
        "Content-Type": [ "application/json; charset=utf-8" ],
        "Expires": [ "-1" ]
      },
      "Content": "{\"id\":\"/subscriptions/326100e2-f69d-4268-8503-075374f62b6e/resourceGroups/resourceGroupAutorest8eovxm/providers/Microsoft.ServiceBus/namespaces/namespaceName5o2i6c/AuthorizationRules/namespaceAuthRule1\",\"name\":\"namespaceAuthRule1\",\"type\":\"Microsoft.ServiceBus/Namespaces/AuthorizationRules\",\"location\":\"East US\",\"properties\":{\"rights\":[\"Manage\",\"Listen\",\"Send\"]}}",
      "isContentBase64": false
    }
  },
  "Get-AzServiceBusAuthorizationRule+[NoContext]+[NoScenario]+$GET+https://management.azure.com/subscriptions/326100e2-f69d-4268-8503-075374f62b6e/resourceGroups/resourceGroupAutorest8eovxm/providers/Microsoft.ServiceBus/namespaces/namespaceName5o2i6c/queues/queue1/authorizationRules/queueAuthRule1?api-version=2022-01-01-preview+2": {
    "Request": {
      "Method": "GET",
      "RequestUri": "https://management.azure.com/subscriptions/326100e2-f69d-4268-8503-075374f62b6e/resourceGroups/resourceGroupAutorest8eovxm/providers/Microsoft.ServiceBus/namespaces/namespaceName5o2i6c/queues/queue1/authorizationRules/queueAuthRule1?api-version=2022-01-01-preview",
      "Content": null,
      "isContentBase64": false,
      "Headers": {
        "x-ms-unique-id": [ "21" ],
        "x-ms-client-request-id": [ "b74a432b-f1e3-4b98-95f0-690d5dd5ea2d" ],
        "CommandName": [ "Az.ServiceBus.private\\Get-AzServiceBusQueueAuthorizationRule_Get" ],
        "FullCommandName": [ "Get-AzServiceBusQueueAuthorizationRule_Get" ],
        "ParameterSetName": [ "__AllParameterSets" ],
        "User-Agent": [ "AzurePowershell/v0.0.0", "PSVersion/v7.1.3", "Az.ServiceBus/0.1.0" ],
        "Authorization": [ "[Filtered]" ]
      },
      "ContentHeaders": {
      }
    },
    "Response": {
      "StatusCode": 200,
      "Headers": {
        "Cache-Control": [ "no-cache" ],
        "Pragma": [ "no-cache" ],
        "Server": [ "Microsoft-HTTPAPI/2.0" ],
        "x-ms-ratelimit-remaining-subscription-reads": [ "11963" ],
        "x-ms-request-id": [ "f2a172f3-8a16-49fb-888c-d91699f133b4" ],
        "x-ms-correlation-request-id": [ "f2a172f3-8a16-49fb-888c-d91699f133b4" ],
        "x-ms-routing-request-id": [ "KOREACENTRAL:20220921T171334Z:f2a172f3-8a16-49fb-888c-d91699f133b4" ],
        "Strict-Transport-Security": [ "max-age=31536000; includeSubDomains" ],
        "X-Content-Type-Options": [ "nosniff" ],
        "Date": [ "Wed, 21 Sep 2022 17:13:33 GMT" ]
      },
      "ContentHeaders": {
        "Content-Length": [ "375" ],
        "Content-Type": [ "application/json; charset=utf-8" ],
        "Expires": [ "-1" ]
      },
      "Content": "{\"id\":\"/subscriptions/326100e2-f69d-4268-8503-075374f62b6e/resourcegroups/resourceGroupAutorest8eovxm/providers/Microsoft.ServiceBus/namespaces/namespaceName5o2i6c/queues/queue1/authorizationrules/queueAuthRule1\",\"name\":\"queueAuthRule1\",\"type\":\"Microsoft.ServiceBus/Namespaces/Queues/AuthorizationRules\",\"location\":\"eastus\",\"properties\":{\"rights\":[\"Manage\",\"Listen\",\"Send\"]}}",
      "isContentBase64": false
    }
  },
  "Get-AzServiceBusAuthorizationRule+[NoContext]+[NoScenario]+$GET+https://management.azure.com/subscriptions/326100e2-f69d-4268-8503-075374f62b6e/resourceGroups/resourceGroupAutorest8eovxm/providers/Microsoft.ServiceBus/namespaces/namespaceName5o2i6c/topics/topic1/authorizationRules/topicAuthRule1?api-version=2022-01-01-preview+3": {
    "Request": {
      "Method": "GET",
      "RequestUri": "https://management.azure.com/subscriptions/326100e2-f69d-4268-8503-075374f62b6e/resourceGroups/resourceGroupAutorest8eovxm/providers/Microsoft.ServiceBus/namespaces/namespaceName5o2i6c/topics/topic1/authorizationRules/topicAuthRule1?api-version=2022-01-01-preview",
      "Content": null,
      "isContentBase64": false,
      "Headers": {
        "x-ms-unique-id": [ "22" ],
        "x-ms-client-request-id": [ "227fcea0-e21e-4497-8211-9343d52caee9" ],
        "CommandName": [ "Az.ServiceBus.private\\Get-AzServiceBusTopicAuthorizationRule_Get" ],
        "FullCommandName": [ "Get-AzServiceBusTopicAuthorizationRule_Get" ],
        "ParameterSetName": [ "__AllParameterSets" ],
        "User-Agent": [ "AzurePowershell/v0.0.0", "PSVersion/v7.1.3", "Az.ServiceBus/0.1.0" ],
        "Authorization": [ "[Filtered]" ]
      },
      "ContentHeaders": {
      }
    },
    "Response": {
      "StatusCode": 200,
      "Headers": {
        "Cache-Control": [ "no-cache" ],
        "Pragma": [ "no-cache" ],
        "Server": [ "Microsoft-HTTPAPI/2.0" ],
        "x-ms-ratelimit-remaining-subscription-reads": [ "11962" ],
        "x-ms-request-id": [ "c66cfff7-644a-4a5a-866e-30374364a86c" ],
        "x-ms-correlation-request-id": [ "c66cfff7-644a-4a5a-866e-30374364a86c" ],
        "x-ms-routing-request-id": [ "KOREACENTRAL:20220921T171334Z:c66cfff7-644a-4a5a-866e-30374364a86c" ],
        "Strict-Transport-Security": [ "max-age=31536000; includeSubDomains" ],
        "X-Content-Type-Options": [ "nosniff" ],
        "Date": [ "Wed, 21 Sep 2022 17:13:34 GMT" ]
      },
      "ContentHeaders": {
        "Content-Length": [ "375" ],
        "Content-Type": [ "application/json; charset=utf-8" ],
        "Expires": [ "-1" ]
      },
      "Content": "{\"id\":\"/subscriptions/326100e2-f69d-4268-8503-075374f62b6e/resourcegroups/resourceGroupAutorest8eovxm/providers/Microsoft.ServiceBus/namespaces/namespaceName5o2i6c/topics/topic1/authorizationrules/topicAuthRule1\",\"name\":\"topicAuthRule1\",\"type\":\"Microsoft.ServiceBus/Namespaces/Topics/AuthorizationRules\",\"location\":\"eastus\",\"properties\":{\"rights\":[\"Manage\",\"Listen\",\"Send\"]}}",
      "isContentBase64": false
    }
  },
  "Get-AzServiceBusAuthorizationRule+[NoContext]+GetExpandedNamespace+$GET+https://management.azure.com/subscriptions/326100e2-f69d-4268-8503-075374f62b6e/resourceGroups/resourceGroupAutorest8eovxm/providers/Microsoft.ServiceBus/namespaces/namespaceName5o2i6c/AuthorizationRules?api-version=2022-01-01-preview+1": {
    "Request": {
      "Method": "GET",
      "RequestUri": "https://management.azure.com/subscriptions/326100e2-f69d-4268-8503-075374f62b6e/resourceGroups/resourceGroupAutorest8eovxm/providers/Microsoft.ServiceBus/namespaces/namespaceName5o2i6c/AuthorizationRules?api-version=2022-01-01-preview",
      "Content": null,
      "isContentBase64": false,
      "Headers": {
        "x-ms-unique-id": [ "23" ],
        "x-ms-client-request-id": [ "86442a63-a06c-4761-9b4e-faf8cf0cd3fd" ],
        "CommandName": [ "Az.ServiceBus.private\\Get-AzServiceBusNamespaceAuthorizationRule_List" ],
        "FullCommandName": [ "Get-AzServiceBusNamespaceAuthorizationRule_List" ],
        "ParameterSetName": [ "__AllParameterSets" ],
        "User-Agent": [ "AzurePowershell/v0.0.0", "PSVersion/v7.1.3", "Az.ServiceBus/0.1.0" ],
        "Authorization": [ "[Filtered]" ]
      },
      "ContentHeaders": {
      }
    },
    "Response": {
      "StatusCode": 200,
      "Headers": {
        "Cache-Control": [ "no-cache" ],
        "Pragma": [ "no-cache" ],
        "x-ms-request-id": [ "248d68ce-3970-4768-bba3-89e797a025d7_M8SN1_M8SN1" ],
        "Server-SB": [ "Service-Bus-Resource-Provider/SN1" ],
        "Server": [ "Service-Bus-Resource-Provider/SN1", "Microsoft-HTTPAPI/2.0" ],
        "x-ms-ratelimit-remaining-subscription-reads": [ "11961" ],
        "x-ms-correlation-request-id": [ "16e35579-0ebd-45aa-95e3-fa0a18772395" ],
        "x-ms-routing-request-id": [ "KOREACENTRAL:20220921T171336Z:16e35579-0ebd-45aa-95e3-fa0a18772395" ],
        "Strict-Transport-Security": [ "max-age=31536000; includeSubDomains" ],
        "X-Content-Type-Options": [ "nosniff" ],
        "Date": [ "Wed, 21 Sep 2022 17:13:35 GMT" ]
      },
      "ContentHeaders": {
        "Content-Length": [ "1099" ],
        "Content-Type": [ "application/json; charset=utf-8" ],
        "Expires": [ "-1" ]
      },
      "Content": "{\"value\":[{\"id\":\"/subscriptions/326100e2-f69d-4268-8503-075374f62b6e/resourceGroups/resourceGroupAutorest8eovxm/providers/Microsoft.ServiceBus/namespaces/namespaceName5o2i6c/AuthorizationRules/RootManageSharedAccessKey\",\"name\":\"RootManageSharedAccessKey\",\"type\":\"Microsoft.ServiceBus/Namespaces/AuthorizationRules\",\"location\":\"East US\",\"properties\":{\"rights\":[\"Listen\",\"Manage\",\"Send\"]}},{\"id\":\"/subscriptions/326100e2-f69d-4268-8503-075374f62b6e/resourceGroups/resourceGroupAutorest8eovxm/providers/Microsoft.ServiceBus/namespaces/namespaceName5o2i6c/AuthorizationRules/namespaceAuthRule2\",\"name\":\"namespaceAuthRule2\",\"type\":\"Microsoft.ServiceBus/Namespaces/AuthorizationRules\",\"location\":\"East US\",\"properties\":{\"rights\":[\"Send\"]}},{\"id\":\"/subscriptions/326100e2-f69d-4268-8503-075374f62b6e/resourceGroups/resourceGroupAutorest8eovxm/providers/Microsoft.ServiceBus/namespaces/namespaceName5o2i6c/AuthorizationRules/namespaceAuthRule1\",\"name\":\"namespaceAuthRule1\",\"type\":\"Microsoft.ServiceBus/Namespaces/AuthorizationRules\",\"location\":\"East US\",\"properties\":{\"rights\":[\"Manage\",\"Listen\",\"Send\"]}}]}",
      "isContentBase64": false
    }
  },
  "Get-AzServiceBusAuthorizationRule+[NoContext]+GetExpandedQueue+$GET+https://management.azure.com/subscriptions/326100e2-f69d-4268-8503-075374f62b6e/resourceGroups/resourceGroupAutorest8eovxm/providers/Microsoft.ServiceBus/namespaces/namespaceName5o2i6c/queues/queue1/authorizationRules?api-version=2022-01-01-preview+1": {
    "Request": {
      "Method": "GET",
      "RequestUri": "https://management.azure.com/subscriptions/326100e2-f69d-4268-8503-075374f62b6e/resourceGroups/resourceGroupAutorest8eovxm/providers/Microsoft.ServiceBus/namespaces/namespaceName5o2i6c/queues/queue1/authorizationRules?api-version=2022-01-01-preview",
      "Content": null,
      "isContentBase64": false,
      "Headers": {
        "x-ms-unique-id": [ "24" ],
        "x-ms-client-request-id": [ "668b6191-c0d2-4cff-b633-22c2acd0418d" ],
        "CommandName": [ "Az.ServiceBus.private\\Get-AzServiceBusQueueAuthorizationRule_List" ],
        "FullCommandName": [ "Get-AzServiceBusQueueAuthorizationRule_List" ],
        "ParameterSetName": [ "__AllParameterSets" ],
        "User-Agent": [ "AzurePowershell/v0.0.0", "PSVersion/v7.1.3", "Az.ServiceBus/0.1.0" ],
        "Authorization": [ "[Filtered]" ]
      },
      "ContentHeaders": {
      }
    },
    "Response": {
      "StatusCode": 200,
      "Headers": {
        "Cache-Control": [ "no-cache" ],
        "Pragma": [ "no-cache" ],
        "Server": [ "Microsoft-HTTPAPI/2.0" ],
        "x-ms-ratelimit-remaining-subscription-reads": [ "11960" ],
        "x-ms-request-id": [ "c1692d5a-76d5-46b7-a1e5-f28a7c5aae3d" ],
        "x-ms-correlation-request-id": [ "c1692d5a-76d5-46b7-a1e5-f28a7c5aae3d" ],
        "x-ms-routing-request-id": [ "KOREACENTRAL:20220921T171336Z:c1692d5a-76d5-46b7-a1e5-f28a7c5aae3d" ],
        "Strict-Transport-Security": [ "max-age=31536000; includeSubDomains" ],
        "X-Content-Type-Options": [ "nosniff" ],
        "Date": [ "Wed, 21 Sep 2022 17:13:36 GMT" ]
      },
      "ContentHeaders": {
        "Content-Length": [ "763" ],
        "Content-Type": [ "application/json; charset=utf-8" ],
        "Expires": [ "-1" ]
      },
      "Content": "{\"value\":[{\"id\":\"/subscriptions/326100e2-f69d-4268-8503-075374f62b6e/resourcegroups/resourceGroupAutorest8eovxm/providers/Microsoft.ServiceBus/namespaces/namespaceName5o2i6c/queues/queue1/authorizationrules/queueAuthRule1\",\"name\":\"queueAuthRule1\",\"type\":\"Microsoft.ServiceBus/Namespaces/Queues/AuthorizationRules\",\"location\":\"eastus\",\"properties\":{\"rights\":[\"Manage\",\"Listen\",\"Send\"]}},{\"id\":\"/subscriptions/326100e2-f69d-4268-8503-075374f62b6e/resourcegroups/resourceGroupAutorest8eovxm/providers/Microsoft.ServiceBus/namespaces/namespaceName5o2i6c/queues/queue1/authorizationrules/queueAuthRule2\",\"name\":\"queueAuthRule2\",\"type\":\"Microsoft.ServiceBus/Namespaces/Queues/AuthorizationRules\",\"location\":\"eastus\",\"properties\":{\"rights\":[\"Manage\",\"Listen\",\"Send\"]}}]}",
      "isContentBase64": false
    }
  },
  "Get-AzServiceBusAuthorizationRule+[NoContext]+GetExpandedTopic+$GET+https://management.azure.com/subscriptions/326100e2-f69d-4268-8503-075374f62b6e/resourceGroups/resourceGroupAutorest8eovxm/providers/Microsoft.ServiceBus/namespaces/namespaceName5o2i6c/topics/topic1/authorizationRules?api-version=2022-01-01-preview+1": {
    "Request": {
      "Method": "GET",
      "RequestUri": "https://management.azure.com/subscriptions/326100e2-f69d-4268-8503-075374f62b6e/resourceGroups/resourceGroupAutorest8eovxm/providers/Microsoft.ServiceBus/namespaces/namespaceName5o2i6c/topics/topic1/authorizationRules?api-version=2022-01-01-preview",
      "Content": null,
      "isContentBase64": false,
      "Headers": {
        "x-ms-unique-id": [ "25" ],
        "x-ms-client-request-id": [ "4f27b7ff-3708-413d-9f19-29cb14fcb341" ],
        "CommandName": [ "Az.ServiceBus.private\\Get-AzServiceBusTopicAuthorizationRule_List" ],
        "FullCommandName": [ "Get-AzServiceBusTopicAuthorizationRule_List" ],
        "ParameterSetName": [ "__AllParameterSets" ],
        "User-Agent": [ "AzurePowershell/v0.0.0", "PSVersion/v7.1.3", "Az.ServiceBus/0.1.0" ],
        "Authorization": [ "[Filtered]" ]
      },
      "ContentHeaders": {
      }
    },
    "Response": {
      "StatusCode": 200,
      "Headers": {
        "Cache-Control": [ "no-cache" ],
        "Pragma": [ "no-cache" ],
        "Server": [ "Microsoft-HTTPAPI/2.0" ],
        "x-ms-ratelimit-remaining-subscription-reads": [ "11959" ],
        "x-ms-request-id": [ "9b6353d0-f07a-4477-8449-1746f4526387" ],
        "x-ms-correlation-request-id": [ "9b6353d0-f07a-4477-8449-1746f4526387" ],
        "x-ms-routing-request-id": [ "KOREACENTRAL:20220921T171337Z:9b6353d0-f07a-4477-8449-1746f4526387" ],
        "Strict-Transport-Security": [ "max-age=31536000; includeSubDomains" ],
        "X-Content-Type-Options": [ "nosniff" ],
        "Date": [ "Wed, 21 Sep 2022 17:13:36 GMT" ]
      },
      "ContentHeaders": {
        "Content-Length": [ "747" ],
        "Content-Type": [ "application/json; charset=utf-8" ],
        "Expires": [ "-1" ]
      },
      "Content": "{\"value\":[{\"id\":\"/subscriptions/326100e2-f69d-4268-8503-075374f62b6e/resourcegroups/resourceGroupAutorest8eovxm/providers/Microsoft.ServiceBus/namespaces/namespaceName5o2i6c/topics/topic1/authorizationrules/topicAuthRule2\",\"name\":\"topicAuthRule2\",\"type\":\"Microsoft.ServiceBus/Namespaces/Topics/AuthorizationRules\",\"location\":\"eastus\",\"properties\":{\"rights\":[\"Listen\"]}},{\"id\":\"/subscriptions/326100e2-f69d-4268-8503-075374f62b6e/resourcegroups/resourceGroupAutorest8eovxm/providers/Microsoft.ServiceBus/namespaces/namespaceName5o2i6c/topics/topic1/authorizationrules/topicAuthRule1\",\"name\":\"topicAuthRule1\",\"type\":\"Microsoft.ServiceBus/Namespaces/Topics/AuthorizationRules\",\"location\":\"eastus\",\"properties\":{\"rights\":[\"Manage\",\"Listen\",\"Send\"]}}]}",
      "isContentBase64": false
    }
  },
  "Get-AzServiceBusAuthorizationRule+[NoContext]+GetViaIdentityExpanded+$GET+https://management.azure.com/subscriptions/326100e2-f69d-4268-8503-075374f62b6e/resourceGroups/resourceGroupAutorest8eovxm/providers/Microsoft.ServiceBus/namespaces/namespaceName5o2i6c/AuthorizationRules/namespaceAuthRule1?api-version=2022-01-01-preview+1": {
    "Request": {
      "Method": "GET",
      "RequestUri": "https://management.azure.com/subscriptions/326100e2-f69d-4268-8503-075374f62b6e/resourceGroups/resourceGroupAutorest8eovxm/providers/Microsoft.ServiceBus/namespaces/namespaceName5o2i6c/AuthorizationRules/namespaceAuthRule1?api-version=2022-01-01-preview",
      "Content": null,
      "isContentBase64": false,
      "Headers": {
        "x-ms-unique-id": [ "26" ],
        "x-ms-client-request-id": [ "64f9eccc-28ea-49de-9c5b-bcb1eab7179e" ],
        "CommandName": [ "Az.ServiceBus.private\\Get-AzServiceBusNamespaceAuthorizationRule_GetViaIdentity" ],
        "FullCommandName": [ "Get-AzServiceBusNamespaceAuthorizationRule_GetViaIdentity" ],
        "ParameterSetName": [ "__AllParameterSets" ],
        "User-Agent": [ "AzurePowershell/v0.0.0", "PSVersion/v7.1.3", "Az.ServiceBus/0.1.0" ],
        "Authorization": [ "[Filtered]" ]
      },
      "ContentHeaders": {
      }
    },
    "Response": {
      "StatusCode": 200,
      "Headers": {
        "Cache-Control": [ "no-cache" ],
        "Pragma": [ "no-cache" ],
        "x-ms-request-id": [ "d077475b-a5a2-49ac-bfb5-170fd6e4fc25_M8SN1_M8SN1" ],
        "Server-SB": [ "Service-Bus-Resource-Provider/SN1" ],
        "Server": [ "Service-Bus-Resource-Provider/SN1", "Microsoft-HTTPAPI/2.0" ],
        "x-ms-ratelimit-remaining-subscription-reads": [ "11958" ],
        "x-ms-correlation-request-id": [ "62c8d05a-37df-4d25-ac59-5a806941106f" ],
        "x-ms-routing-request-id": [ "KOREACENTRAL:20220921T171338Z:62c8d05a-37df-4d25-ac59-5a806941106f" ],
        "Strict-Transport-Security": [ "max-age=31536000; includeSubDomains" ],
        "X-Content-Type-Options": [ "nosniff" ],
        "Date": [ "Wed, 21 Sep 2022 17:13:37 GMT" ]
      },
      "ContentHeaders": {
        "Content-Length": [ "363" ],
        "Content-Type": [ "application/json; charset=utf-8" ],
        "Expires": [ "-1" ]
      },
      "Content": "{\"id\":\"/subscriptions/326100e2-f69d-4268-8503-075374f62b6e/resourceGroups/resourceGroupAutorest8eovxm/providers/Microsoft.ServiceBus/namespaces/namespaceName5o2i6c/AuthorizationRules/namespaceAuthRule1\",\"name\":\"namespaceAuthRule1\",\"type\":\"Microsoft.ServiceBus/Namespaces/AuthorizationRules\",\"location\":\"East US\",\"properties\":{\"rights\":[\"Manage\",\"Listen\",\"Send\"]}}",
      "isContentBase64": false
    }
  },
  "Get-AzServiceBusAuthorizationRule+[NoContext]+GetViaIdentityExpanded+$GET+https://management.azure.com/subscriptions/326100e2-f69d-4268-8503-075374f62b6e/resourceGroups/resourceGroupAutorest8eovxm/providers/Microsoft.ServiceBus/namespaces/namespaceName5o2i6c/queues/queue1/authorizationRules/queueAuthRule1?api-version=2022-01-01-preview+2": {
    "Request": {
      "Method": "GET",
      "RequestUri": "https://management.azure.com/subscriptions/326100e2-f69d-4268-8503-075374f62b6e/resourceGroups/resourceGroupAutorest8eovxm/providers/Microsoft.ServiceBus/namespaces/namespaceName5o2i6c/queues/queue1/authorizationRules/queueAuthRule1?api-version=2022-01-01-preview",
      "Content": null,
      "isContentBase64": false,
      "Headers": {
        "x-ms-unique-id": [ "27" ],
        "x-ms-client-request-id": [ "1ce09e51-a476-4ea1-915c-f4676a437915" ],
        "CommandName": [ "Az.ServiceBus.private\\Get-AzServiceBusQueueAuthorizationRule_GetViaIdentity" ],
        "FullCommandName": [ "Get-AzServiceBusQueueAuthorizationRule_GetViaIdentity" ],
        "ParameterSetName": [ "__AllParameterSets" ],
        "User-Agent": [ "AzurePowershell/v0.0.0", "PSVersion/v7.1.3", "Az.ServiceBus/0.1.0" ],
        "Authorization": [ "[Filtered]" ]
      },
      "ContentHeaders": {
      }
    },
    "Response": {
      "StatusCode": 200,
      "Headers": {
        "Cache-Control": [ "no-cache" ],
        "Pragma": [ "no-cache" ],
        "Server": [ "Microsoft-HTTPAPI/2.0" ],
        "x-ms-ratelimit-remaining-subscription-reads": [ "11957" ],
        "x-ms-request-id": [ "6586fc35-cda2-4f81-aa80-b471edd5ca31" ],
        "x-ms-correlation-request-id": [ "6586fc35-cda2-4f81-aa80-b471edd5ca31" ],
        "x-ms-routing-request-id": [ "KOREACENTRAL:20220921T171339Z:6586fc35-cda2-4f81-aa80-b471edd5ca31" ],
        "Strict-Transport-Security": [ "max-age=31536000; includeSubDomains" ],
        "X-Content-Type-Options": [ "nosniff" ],
        "Date": [ "Wed, 21 Sep 2022 17:13:38 GMT" ]
      },
      "ContentHeaders": {
        "Content-Length": [ "375" ],
        "Content-Type": [ "application/json; charset=utf-8" ],
        "Expires": [ "-1" ]
      },
      "Content": "{\"id\":\"/subscriptions/326100e2-f69d-4268-8503-075374f62b6e/resourcegroups/resourceGroupAutorest8eovxm/providers/Microsoft.ServiceBus/namespaces/namespaceName5o2i6c/queues/queue1/authorizationrules/queueAuthRule1\",\"name\":\"queueAuthRule1\",\"type\":\"Microsoft.ServiceBus/Namespaces/Queues/AuthorizationRules\",\"location\":\"eastus\",\"properties\":{\"rights\":[\"Manage\",\"Listen\",\"Send\"]}}",
      "isContentBase64": false
    }
  },
  "Get-AzServiceBusAuthorizationRule+[NoContext]+GetViaIdentityExpanded+$GET+https://management.azure.com/subscriptions/326100e2-f69d-4268-8503-075374f62b6e/resourceGroups/resourceGroupAutorest8eovxm/providers/Microsoft.ServiceBus/namespaces/namespaceName5o2i6c/topics/topic1/authorizationRules/topicAuthRule1?api-version=2022-01-01-preview+3": {
    "Request": {
      "Method": "GET",
      "RequestUri": "https://management.azure.com/subscriptions/326100e2-f69d-4268-8503-075374f62b6e/resourceGroups/resourceGroupAutorest8eovxm/providers/Microsoft.ServiceBus/namespaces/namespaceName5o2i6c/topics/topic1/authorizationRules/topicAuthRule1?api-version=2022-01-01-preview",
      "Content": null,
      "isContentBase64": false,
      "Headers": {
        "x-ms-unique-id": [ "28" ],
        "x-ms-client-request-id": [ "cab6e69f-7067-41e6-82fd-13725bc4a842" ],
        "CommandName": [ "Az.ServiceBus.private\\Get-AzServiceBusTopicAuthorizationRule_GetViaIdentity" ],
        "FullCommandName": [ "Get-AzServiceBusTopicAuthorizationRule_GetViaIdentity" ],
        "ParameterSetName": [ "__AllParameterSets" ],
        "User-Agent": [ "AzurePowershell/v0.0.0", "PSVersion/v7.1.3", "Az.ServiceBus/0.1.0" ],
        "Authorization": [ "[Filtered]" ]
      },
      "ContentHeaders": {
      }
    },
    "Response": {
      "StatusCode": 200,
      "Headers": {
        "Cache-Control": [ "no-cache" ],
        "Pragma": [ "no-cache" ],
        "Server": [ "Microsoft-HTTPAPI/2.0" ],
        "x-ms-ratelimit-remaining-subscription-reads": [ "11956" ],
        "x-ms-request-id": [ "eb747956-5ed5-4f18-bb5b-58ee0619057c" ],
        "x-ms-correlation-request-id": [ "eb747956-5ed5-4f18-bb5b-58ee0619057c" ],
        "x-ms-routing-request-id": [ "KOREACENTRAL:20220921T171339Z:eb747956-5ed5-4f18-bb5b-58ee0619057c" ],
        "Strict-Transport-Security": [ "max-age=31536000; includeSubDomains" ],
        "X-Content-Type-Options": [ "nosniff" ],
        "Date": [ "Wed, 21 Sep 2022 17:13:39 GMT" ]
      },
      "ContentHeaders": {
        "Content-Length": [ "375" ],
        "Content-Type": [ "application/json; charset=utf-8" ],
        "Expires": [ "-1" ]
      },
      "Content": "{\"id\":\"/subscriptions/326100e2-f69d-4268-8503-075374f62b6e/resourcegroups/resourceGroupAutorest8eovxm/providers/Microsoft.ServiceBus/namespaces/namespaceName5o2i6c/topics/topic1/authorizationrules/topicAuthRule1\",\"name\":\"topicAuthRule1\",\"type\":\"Microsoft.ServiceBus/Namespaces/Topics/AuthorizationRules\",\"location\":\"eastus\",\"properties\":{\"rights\":[\"Manage\",\"Listen\",\"Send\"]}}",
      "isContentBase64": false
    }
  }
}