{
  "New-AzServiceBusSubscription+[NoContext]+CreateExpanded+$PUT+https://management.azure.com/subscriptions/326100e2-f69d-4268-8503-075374f62b6e/resourceGroups/resourceGroupAutorestukt81o/providers/Microsoft.ServiceBus/namespaces/namespaceName3oc4hv/topics/topic1/subscriptions/subscription2?api-version=2022-01-01-preview+1": {
    "Request": {
      "Method": "PUT",
      "RequestUri": "https://management.azure.com/subscriptions/326100e2-f69d-4268-8503-075374f62b6e/resourceGroups/resourceGroupAutorestukt81o/providers/Microsoft.ServiceBus/namespaces/namespaceName3oc4hv/topics/topic1/subscriptions/subscription2?api-version=2022-01-01-preview",
      "Content": "{\n  \"properties\": {\n    \"lockDuration\": \"PT3M\",\n    \"defaultMessageTimeToLive\": \"P428DT3H11M10S\",\n    \"deadLetteringOnMessageExpiration\": true,\n    \"maxDeliveryCount\": 12,\n    \"status\": \"Active\",\n    \"enableBatchedOperations\": true,\n    \"forwardTo\": \"queue1\",\n    \"forwardDeadLetteredMessagesTo\": \"queue1\"\n  }\n}",
      "isContentBase64": false,
      "Headers": {
      },
      "ContentHeaders": {
        "Content-Type": [ "application/json" ],
        "Content-Length": [ "311" ]
      }
    },
    "Response": {
      "StatusCode": 200,
      "Headers": {
        "Cache-Control": [ "no-cache" ],
        "Pragma": [ "no-cache" ],
        "x-ms-request-id": [ "deb1e08f-3e2e-44f2-aa98-26a761fde7a6_M10SN1_M10SN1" ],
        "Server-SB": [ "Service-Bus-Resource-Provider/SN1" ],
        "Server": [ "Service-Bus-Resource-Provider/SN1", "Microsoft-HTTPAPI/2.0" ],
        "x-ms-ratelimit-remaining-subscription-writes": [ "1186" ],
        "x-ms-correlation-request-id": [ "f193d21b-9199-4689-a442-666ff99f52ac" ],
        "x-ms-routing-request-id": [ "KOREACENTRAL:20220926T165522Z:f193d21b-9199-4689-a442-666ff99f52ac" ],
        "Strict-Transport-Security": [ "max-age=31536000; includeSubDomains" ],
        "X-Content-Type-Options": [ "nosniff" ],
        "Date": [ "Mon, 26 Sep 2022 16:55:22 GMT" ]
      },
      "ContentHeaders": {
        "Content-Length": [ "1008" ],
        "Content-Type": [ "application/json; charset=utf-8" ],
        "Expires": [ "-1" ]
      },
      "Content": "{\"id\":\"/subscriptions/326100e2-f69d-4268-8503-075374f62b6e/resourceGroups/resourceGroupAutorestukt81o/providers/Microsoft.ServiceBus/namespaces/namespaceName3oc4hv/topics/topic1/subscriptions/subscription2\",\"name\":\"subscription2\",\"type\":\"Microsoft.ServiceBus/Namespaces/Topics/Subscriptions\",\"location\":\"North Europe\",\"properties\":{\"isClientAffine\":false,\"lockDuration\":\"PT3M\",\"requiresSession\":false,\"defaultMessageTimeToLive\":\"P428DT3H11M10S\",\"deadLetteringOnMessageExpiration\":true,\"deadLetteringOnFilterEvaluationExceptions\":true,\"messageCount\":0,\"maxDeliveryCount\":12,\"status\":\"Active\",\"enableBatchedOperations\":true,\"createdAt\":\"2022-09-26T16:55:22.3213041Z\",\"updatedAt\":\"2022-09-26T16:55:22.3213041Z\",\"accessedAt\":\"0001-01-01T00:00:00Z\",\"countDetails\":{\"activeMessageCount\":0,\"deadLetterMessageCount\":0,\"scheduledMessageCount\":0,\"transferMessageCount\":0,\"transferDeadLetterMessageCount\":0},\"autoDeleteOnIdle\":\"P10675199DT2H48M5.4775807S\",\"forwardTo\":\"queue1\",\"forwardDeadLetteredMessagesTo\":\"queue1\"}}",
      "isContentBase64": false
    }
  },
  "New-AzServiceBusSubscription+[NoContext]+CreateExpanded+$PUT+https://management.azure.com/subscriptions/326100e2-f69d-4268-8503-075374f62b6e/resourceGroups/resourceGroupAutorestukt81o/providers/Microsoft.ServiceBus/namespaces/namespaceName3oc4hv/topics/topic1/subscriptions/subscription3%24%24D?api-version=2022-01-01-preview+2": {
    "Request": {
      "Method": "PUT",
      "RequestUri": "https://management.azure.com/subscriptions/326100e2-f69d-4268-8503-075374f62b6e/resourceGroups/resourceGroupAutorestukt81o/providers/Microsoft.ServiceBus/namespaces/namespaceName3oc4hv/topics/topic1/subscriptions/subscription3%24%24D?api-version=2022-01-01-preview",
      "Content": "{\n  \"properties\": {\n    \"clientAffineProperties\": {\n      \"clientId\": \"clientid\",\n      \"isDurable\": true,\n      \"isShared\": true\n    },\n    \"requiresSession\": true,\n    \"deadLetteringOnFilterEvaluationExceptions\": true,\n    \"autoDeleteOnIdle\": \"P7D\",\n    \"isClientAffine\": true\n  }\n}",
      "isContentBase64": false,
      "Headers": {
      },
      "ContentHeaders": {
        "Content-Type": [ "application/json" ],
        "Content-Length": [ "284" ]
      }
    },
    "Response": {
      "StatusCode": 200,
      "Headers": {
        "Cache-Control": [ "no-cache" ],
        "Pragma": [ "no-cache" ],
        "x-ms-request-id": [ "c5e8861a-6e01-430e-ab3c-95d23d3ab72c_M10SN1_M10SN1" ],
        "Server-SB": [ "Service-Bus-Resource-Provider/SN1" ],
        "Server": [ "Service-Bus-Resource-Provider/SN1", "Microsoft-HTTPAPI/2.0" ],
        "x-ms-ratelimit-remaining-subscription-writes": [ "1185" ],
        "x-ms-correlation-request-id": [ "4e131481-5818-4fa6-9058-cbf25c1c8b65" ],
        "x-ms-routing-request-id": [ "KOREACENTRAL:20220926T165524Z:4e131481-5818-4fa6-9058-cbf25c1c8b65" ],
        "Strict-Transport-Security": [ "max-age=31536000; includeSubDomains" ],
        "X-Content-Type-Options": [ "nosniff" ],
        "Date": [ "Mon, 26 Sep 2022 16:55:23 GMT" ]
      },
      "ContentHeaders": {
        "Content-Length": [ "1022" ],
        "Content-Type": [ "application/json; charset=utf-8" ],
        "Expires": [ "-1" ]
      },
      "Content": "{\"id\":\"/subscriptions/326100e2-f69d-4268-8503-075374f62b6e/resourceGroups/resourceGroupAutorestukt81o/providers/Microsoft.ServiceBus/namespaces/namespaceName3oc4hv/topics/topic1/subscriptions/subscription3$$D\",\"name\":\"subscription3$$D\",\"type\":\"Microsoft.ServiceBus/Namespaces/Topics/Subscriptions\",\"location\":\"North Europe\",\"properties\":{\"isClientAffine\":true,\"clientAffineProperties\":{\"clientId\":\"clientid\",\"isDurable\":true,\"isShared\":true},\"lockDuration\":\"PT1M\",\"requiresSession\":true,\"defaultMessageTimeToLive\":\"P10675199DT2H48M5.4775807S\",\"deadLetteringOnMessageExpiration\":false,\"deadLetteringOnFilterEvaluationExceptions\":true,\"messageCount\":0,\"maxDeliveryCount\":10,\"status\":\"Active\",\"enableBatchedOperations\":true,\"createdAt\":\"2022-09-26T16:55:24.2118921Z\",\"updatedAt\":\"2022-09-26T16:55:24.2118921Z\",\"accessedAt\":\"0001-01-01T00:00:00Z\",\"countDetails\":{\"activeMessageCount\":0,\"deadLetterMessageCount\":0,\"scheduledMessageCount\":0,\"transferMessageCount\":0,\"transferDeadLetterMessageCount\":0},\"autoDeleteOnIdle\":\"P7D\"}}",
      "isContentBase64": false
    }
  },
  "New-AzServiceBusSubscription+[NoContext]+CreateExpanded+$GET+https://management.azure.com/subscriptions/326100e2-f69d-4268-8503-075374f62b6e/resourceGroups/resourceGroupAutorestukt81o/providers/Microsoft.ServiceBus/namespaces/namespaceName3oc4hv/topics/topic1/subscriptions?api-version=2022-01-01-preview+3": {
    "Request": {
      "Method": "GET",
      "RequestUri": "https://management.azure.com/subscriptions/326100e2-f69d-4268-8503-075374f62b6e/resourceGroups/resourceGroupAutorestukt81o/providers/Microsoft.ServiceBus/namespaces/namespaceName3oc4hv/topics/topic1/subscriptions?api-version=2022-01-01-preview",
      "Content": null,
      "isContentBase64": false,
      "Headers": {
        "x-ms-unique-id": [ "96" ],
        "x-ms-client-request-id": [ "d2ef7f9d-3496-4c31-97c3-a1691dc2a606" ],
        "CommandName": [ "Get-AzServiceBusSubscription" ],
        "FullCommandName": [ "Get-AzServiceBusSubscription_List" ],
        "ParameterSetName": [ "__AllParameterSets" ],
        "User-Agent": [ "AzurePowershell/v0.0.0", "PSVersion/v7.1.3", "Az.ServiceBus/0.1.0" ],
        "Authorization": [ "[Filtered]" ]
      },
      "ContentHeaders": {
      }
    },
    "Response": {
      "StatusCode": 200,
      "Headers": {
        "Cache-Control": [ "no-cache" ],
        "Pragma": [ "no-cache" ],
        "x-ms-inline-count": [ "" ],
        "x-ms-request-id": [ "d82c1157-93d0-469b-9119-ad8313721bfa_M10SN1_M10SN1" ],
        "Server-SB": [ "Service-Bus-Resource-Provider/SN1" ],
        "Server": [ "Service-Bus-Resource-Provider/SN1", "Microsoft-HTTPAPI/2.0" ],
        "x-ms-ratelimit-remaining-subscription-reads": [ "11940" ],
        "x-ms-correlation-request-id": [ "99411577-2c75-495e-b4ef-3817a736128b" ],
        "x-ms-routing-request-id": [ "KOREACENTRAL:20220926T165525Z:99411577-2c75-495e-b4ef-3817a736128b" ],
        "Strict-Transport-Security": [ "max-age=31536000; includeSubDomains" ],
        "X-Content-Type-Options": [ "nosniff" ],
        "Date": [ "Mon, 26 Sep 2022 16:55:24 GMT" ]
      },
      "ContentHeaders": {
        "Content-Length": [ "3023" ],
        "Content-Type": [ "application/json; charset=utf-8" ],
        "Expires": [ "-1" ]
      },
      "Content": "{\"value\":[{\"id\":\"/subscriptions/326100e2-f69d-4268-8503-075374f62b6e/resourceGroups/resourceGroupAutorestukt81o/providers/Microsoft.ServiceBus/namespaces/namespaceName3oc4hv/topics/topic1/subscriptions/subscription1\",\"name\":\"subscription1\",\"type\":\"Microsoft.ServiceBus/Namespaces/Topics/Subscriptions\",\"location\":\"North Europe\",\"properties\":{\"isClientAffine\":false,\"lockDuration\":\"PT1M\",\"requiresSession\":false,\"defaultMessageTimeToLive\":\"P10675199DT2H48M5.4775807S\",\"deadLetteringOnMessageExpiration\":false,\"deadLetteringOnFilterEvaluationExceptions\":true,\"messageCount\":0,\"maxDeliveryCount\":10,\"status\":\"Active\",\"enableBatchedOperations\":true,\"createdAt\":\"2022-09-26T16:39:00.3757967Z\",\"updatedAt\":\"2022-09-26T16:39:00.3757967Z\",\"accessedAt\":\"2022-09-26T16:39:00.375Z\",\"countDetails\":{\"activeMessageCount\":0,\"deadLetterMessageCount\":0,\"scheduledMessageCount\":0,\"transferMessageCount\":0,\"transferDeadLetterMessageCount\":0},\"autoDeleteOnIdle\":\"P10675199DT2H48M5.4775807S\"}},{\"id\":\"/subscriptions/326100e2-f69d-4268-8503-075374f62b6e/resourceGroups/resourceGroupAutorestukt81o/providers/Microsoft.ServiceBus/namespaces/namespaceName3oc4hv/topics/topic1/subscriptions/subscription2\",\"name\":\"subscription2\",\"type\":\"Microsoft.ServiceBus/Namespaces/Topics/Subscriptions\",\"location\":\"North Europe\",\"properties\":{\"isClientAffine\":false,\"lockDuration\":\"PT3M\",\"requiresSession\":false,\"defaultMessageTimeToLive\":\"P428DT3H11M10S\",\"deadLetteringOnMessageExpiration\":true,\"deadLetteringOnFilterEvaluationExceptions\":true,\"messageCount\":0,\"maxDeliveryCount\":12,\"status\":\"Active\",\"enableBatchedOperations\":true,\"createdAt\":\"2022-09-26T16:55:22.3359835Z\",\"updatedAt\":\"2022-09-26T16:55:22.3359835Z\",\"accessedAt\":\"2022-09-26T16:55:22.3359835Z\",\"countDetails\":{\"activeMessageCount\":0,\"deadLetterMessageCount\":0,\"scheduledMessageCount\":0,\"transferMessageCount\":0,\"transferDeadLetterMessageCount\":0},\"autoDeleteOnIdle\":\"P10675199DT2H48M5.4775807S\",\"forwardTo\":\"queue1\",\"forwardDeadLetteredMessagesTo\":\"queue1\"}},{\"id\":\"/subscriptions/326100e2-f69d-4268-8503-075374f62b6e/resourceGroups/resourceGroupAutorestukt81o/providers/Microsoft.ServiceBus/namespaces/namespaceName3oc4hv/topics/topic1/subscriptions/subscription3$$D\",\"name\":\"subscription3$$D\",\"type\":\"Microsoft.ServiceBus/Namespaces/Topics/Subscriptions\",\"location\":\"North Europe\",\"properties\":{\"isClientAffine\":true,\"clientAffineProperties\":{\"clientId\":\"clientid\",\"isDurable\":true,\"isShared\":true},\"lockDuration\":\"PT1M\",\"requiresSession\":true,\"defaultMessageTimeToLive\":\"P10675199DT2H48M5.4775807S\",\"deadLetteringOnMessageExpiration\":false,\"deadLetteringOnFilterEvaluationExceptions\":true,\"messageCount\":0,\"maxDeliveryCount\":10,\"status\":\"Active\",\"enableBatchedOperations\":true,\"createdAt\":\"2022-09-26T16:55:24.2267044Z\",\"updatedAt\":\"2022-09-26T16:55:24.2267044Z\",\"accessedAt\":\"2022-09-26T16:55:24.2267044Z\",\"countDetails\":{\"activeMessageCount\":0,\"deadLetterMessageCount\":0,\"scheduledMessageCount\":0,\"transferMessageCount\":0,\"transferDeadLetterMessageCount\":0},\"autoDeleteOnIdle\":\"P7D\"}}]}",
      "isContentBase64": false
    }
  }
}