{
  "New-AzServiceBusAuthorizationRule+[NoContext]+NewExpandedNamespace+$PUT+https://management.azure.com/subscriptions/326100e2-f69d-4268-8503-075374f62b6e/resourceGroups/resourceGroupAutorestgpheoq/providers/Microsoft.ServiceBus/namespaces/namespaceNamepfxymc/AuthorizationRules/namespaceAuthRule3?api-version=2022-01-01-preview+1": {
    "Request": {
      "Method": "PUT",
      "RequestUri": "https://management.azure.com/subscriptions/326100e2-f69d-4268-8503-075374f62b6e/resourceGroups/resourceGroupAutorestgpheoq/providers/Microsoft.ServiceBus/namespaces/namespaceNamepfxymc/AuthorizationRules/namespaceAuthRule3?api-version=2022-01-01-preview",
      "Content": "{\n  \"properties\": {\n    \"rights\": [ \"Send\", \"Manage\", \"Listen\" ]\n  }\n}",
      "isContentBase64": false,
      "Headers": {
      },
      "ContentHeaders": {
        "Content-Type": [ "application/json" ],
        "Content-Length": [ "70" ]
      }
    },
    "Response": {
      "StatusCode": 200,
      "Headers": {
        "Cache-Control": [ "no-cache" ],
        "Pragma": [ "no-cache" ],
        "Server": [ "Microsoft-HTTPAPI/2.0" ],
        "x-ms-ratelimit-remaining-subscription-writes": [ "1195" ],
        "x-ms-request-id": [ "dc864bf3-b952-4aa1-8070-5374aa080ae8" ],
        "x-ms-correlation-request-id": [ "dc864bf3-b952-4aa1-8070-5374aa080ae8" ],
        "x-ms-routing-request-id": [ "SOUTHCENTRALUS:20221124T095834Z:dc864bf3-b952-4aa1-8070-5374aa080ae8" ],
        "Strict-Transport-Security": [ "max-age=31536000; includeSubDomains" ],
        "X-Content-Type-Options": [ "nosniff" ],
        "Date": [ "Thu, 24 Nov 2022 09:58:33 GMT" ]
      },
      "ContentHeaders": {
        "Content-Length": [ "362" ],
        "Content-Type": [ "application/json; charset=utf-8" ],
        "Expires": [ "-1" ]
      },
      "Content": "{\"id\":\"/subscriptions/326100e2-f69d-4268-8503-075374f62b6e/resourceGroups/resourceGroupAutorestgpheoq/providers/Microsoft.ServiceBus/namespaces/namespaceNamepfxymc/AuthorizationRules/namespaceAuthRule3\",\"name\":\"namespaceAuthRule3\",\"type\":\"Microsoft.ServiceBus/Namespaces/AuthorizationRules\",\"location\":\"eastus\",\"properties\":{\"rights\":[\"Send\",\"Manage\",\"Listen\"]}}",
      "isContentBase64": false
    }
  },
  "New-AzServiceBusAuthorizationRule+[NoContext]+NewExpandedNamespace+$GET+https://management.azure.com/subscriptions/326100e2-f69d-4268-8503-075374f62b6e/resourceGroups/resourceGroupAutorestgpheoq/providers/Microsoft.ServiceBus/namespaces/namespaceNamepfxymc/AuthorizationRules?api-version=2022-01-01-preview+2": {
    "Request": {
      "Method": "GET",
      "RequestUri": "https://management.azure.com/subscriptions/326100e2-f69d-4268-8503-075374f62b6e/resourceGroups/resourceGroupAutorestgpheoq/providers/Microsoft.ServiceBus/namespaces/namespaceNamepfxymc/AuthorizationRules?api-version=2022-01-01-preview",
      "Content": null,
      "isContentBase64": false,
      "Headers": {
        "x-ms-unique-id": [ "63" ],
        "x-ms-client-request-id": [ "445627be-9c30-4f98-9c75-2a6ffa33e3c7" ],
        "CommandName": [ "Az.ServiceBus.private\\Get-AzServiceBusNamespaceAuthorizationRule_List" ],
        "FullCommandName": [ "Get-AzServiceBusNamespaceAuthorizationRule_List" ],
        "ParameterSetName": [ "__AllParameterSets" ],
        "User-Agent": [ "AzurePowershell/v0.0.0", "PSVersion/v7.1.3", "Az.ServiceBus/0.1.0" ],
        "Authorization": [ "[Filtered]" ]
      },
      "ContentHeaders": {
      }
    },
    "Response": {
      "StatusCode": 200,
      "Headers": {
        "Cache-Control": [ "no-cache" ],
        "Pragma": [ "no-cache" ],
        "Server": [ "Microsoft-HTTPAPI/2.0" ],
        "x-ms-ratelimit-remaining-subscription-reads": [ "11946" ],
        "x-ms-request-id": [ "dbe62b08-ee18-461d-907c-2225fac15b7f" ],
        "x-ms-correlation-request-id": [ "dbe62b08-ee18-461d-907c-2225fac15b7f" ],
        "x-ms-routing-request-id": [ "SOUTHCENTRALUS:20221124T095834Z:dbe62b08-ee18-461d-907c-2225fac15b7f" ],
        "Strict-Transport-Security": [ "max-age=31536000; includeSubDomains" ],
        "X-Content-Type-Options": [ "nosniff" ],
        "Date": [ "Thu, 24 Nov 2022 09:58:34 GMT" ]
      },
      "ContentHeaders": {
        "Content-Length": [ "1459" ],
        "Content-Type": [ "application/json; charset=utf-8" ],
        "Expires": [ "-1" ]
      },
      "Content": "{\"value\":[{\"id\":\"/subscriptions/326100e2-f69d-4268-8503-075374f62b6e/resourcegroups/resourceGroupAutorestgpheoq/providers/Microsoft.ServiceBus/namespaces/namespaceNamepfxymc/authorizationrules/RootManageSharedAccessKey\",\"name\":\"RootManageSharedAccessKey\",\"type\":\"Microsoft.ServiceBus/Namespaces/AuthorizationRules\",\"location\":\"eastus\",\"properties\":{\"rights\":[\"Listen\",\"Manage\",\"Send\"]}},{\"id\":\"/subscriptions/326100e2-f69d-4268-8503-075374f62b6e/resourcegroups/resourceGroupAutorestgpheoq/providers/Microsoft.ServiceBus/namespaces/namespaceNamepfxymc/authorizationrules/namespaceAuthRule2\",\"name\":\"namespaceAuthRule2\",\"type\":\"Microsoft.ServiceBus/Namespaces/AuthorizationRules\",\"location\":\"eastus\",\"properties\":{\"rights\":[\"Send\"]}},{\"id\":\"/subscriptions/326100e2-f69d-4268-8503-075374f62b6e/resourcegroups/resourceGroupAutorestgpheoq/providers/Microsoft.ServiceBus/namespaces/namespaceNamepfxymc/authorizationrules/namespaceAuthRule1\",\"name\":\"namespaceAuthRule1\",\"type\":\"Microsoft.ServiceBus/Namespaces/AuthorizationRules\",\"location\":\"eastus\",\"properties\":{\"rights\":[\"Manage\",\"Listen\",\"Send\"]}},{\"id\":\"/subscriptions/326100e2-f69d-4268-8503-075374f62b6e/resourcegroups/resourceGroupAutorestgpheoq/providers/Microsoft.ServiceBus/namespaces/namespaceNamepfxymc/authorizationrules/namespaceAuthRule3\",\"name\":\"namespaceAuthRule3\",\"type\":\"Microsoft.ServiceBus/Namespaces/AuthorizationRules\",\"location\":\"eastus\",\"properties\":{\"rights\":[\"Send\",\"Manage\",\"Listen\"]}}]}",
      "isContentBase64": false
    }
  },
  "New-AzServiceBusAuthorizationRule+[NoContext]+NewExpandedQueue+$PUT+https://management.azure.com/subscriptions/326100e2-f69d-4268-8503-075374f62b6e/resourceGroups/resourceGroupAutorestgpheoq/providers/Microsoft.ServiceBus/namespaces/namespaceNamepfxymc/queues/queue1/authorizationRules/queueAuthRule3?api-version=2022-01-01-preview+1": {
    "Request": {
      "Method": "PUT",
      "RequestUri": "https://management.azure.com/subscriptions/326100e2-f69d-4268-8503-075374f62b6e/resourceGroups/resourceGroupAutorestgpheoq/providers/Microsoft.ServiceBus/namespaces/namespaceNamepfxymc/queues/queue1/authorizationRules/queueAuthRule3?api-version=2022-01-01-preview",
      "Content": "{\n  \"properties\": {\n    \"rights\": [ \"Listen\" ]\n  }\n}",
      "isContentBase64": false,
      "Headers": {
      },
      "ContentHeaders": {
        "Content-Type": [ "application/json" ],
        "Content-Length": [ "52" ]
      }
    },
    "Response": {
      "StatusCode": 200,
      "Headers": {
        "Cache-Control": [ "no-cache" ],
        "Pragma": [ "no-cache" ],
        "Server": [ "Microsoft-HTTPAPI/2.0" ],
        "x-ms-ratelimit-remaining-subscription-writes": [ "1194" ],
        "x-ms-request-id": [ "bf0c93b6-f7b0-4217-acd0-b16a43209a95" ],
        "x-ms-correlation-request-id": [ "bf0c93b6-f7b0-4217-acd0-b16a43209a95" ],
        "x-ms-routing-request-id": [ "SOUTHCENTRALUS:20221124T095835Z:bf0c93b6-f7b0-4217-acd0-b16a43209a95" ],
        "Strict-Transport-Security": [ "max-age=31536000; includeSubDomains" ],
        "X-Content-Type-Options": [ "nosniff" ],
        "Date": [ "Thu, 24 Nov 2022 09:58:34 GMT" ]
      },
      "ContentHeaders": {
        "Content-Length": [ "339" ],
        "Content-Type": [ "application/json; charset=utf-8" ],
        "Expires": [ "-1" ]
      },
      "Content": "{\"id\":\"/subscriptions/326100e2-f69d-4268-8503-075374f62b6e/resourceGroups/resourceGroupAutorestgpheoq/providers/Microsoft.ServiceBus/namespaces/namespaceNamepfxymc/queues/queue1/authorizationRules/queueAuthRule3\",\"name\":\"queueAuthRule3\",\"type\":\"Microsoft.ServiceBus/namespaces/queues/authorizationrules\",\"properties\":{\"rights\":[\"Listen\"]}}",
      "isContentBase64": false
    }
  },
  "New-AzServiceBusAuthorizationRule+[NoContext]+NewExpandedQueue+$GET+https://management.azure.com/subscriptions/326100e2-f69d-4268-8503-075374f62b6e/resourceGroups/resourceGroupAutorestgpheoq/providers/Microsoft.ServiceBus/namespaces/namespaceNamepfxymc/queues/queue1/authorizationRules?api-version=2022-01-01-preview+2": {
    "Request": {
      "Method": "GET",
      "RequestUri": "https://management.azure.com/subscriptions/326100e2-f69d-4268-8503-075374f62b6e/resourceGroups/resourceGroupAutorestgpheoq/providers/Microsoft.ServiceBus/namespaces/namespaceNamepfxymc/queues/queue1/authorizationRules?api-version=2022-01-01-preview",
      "Content": null,
      "isContentBase64": false,
      "Headers": {
        "x-ms-unique-id": [ "65" ],
        "x-ms-client-request-id": [ "27d7a4ef-6ad8-4b7e-9ed9-9590078121ed" ],
        "CommandName": [ "Az.ServiceBus.private\\Get-AzServiceBusQueueAuthorizationRule_List" ],
        "FullCommandName": [ "Get-AzServiceBusQueueAuthorizationRule_List" ],
        "ParameterSetName": [ "__AllParameterSets" ],
        "User-Agent": [ "AzurePowershell/v0.0.0", "PSVersion/v7.1.3", "Az.ServiceBus/0.1.0" ],
        "Authorization": [ "[Filtered]" ]
      },
      "ContentHeaders": {
      }
    },
    "Response": {
      "StatusCode": 200,
      "Headers": {
        "Cache-Control": [ "no-cache" ],
        "Pragma": [ "no-cache" ],
        "Server": [ "Microsoft-HTTPAPI/2.0" ],
        "x-ms-ratelimit-remaining-subscription-reads": [ "11945" ],
        "x-ms-request-id": [ "46d29c57-fff5-4fa2-8828-83caebd8b891" ],
        "x-ms-correlation-request-id": [ "46d29c57-fff5-4fa2-8828-83caebd8b891" ],
        "x-ms-routing-request-id": [ "SOUTHCENTRALUS:20221124T095836Z:46d29c57-fff5-4fa2-8828-83caebd8b891" ],
        "Strict-Transport-Security": [ "max-age=31536000; includeSubDomains" ],
        "X-Content-Type-Options": [ "nosniff" ],
        "Date": [ "Thu, 24 Nov 2022 09:58:35 GMT" ]
      },
      "ContentHeaders": {
        "Content-Length": [ "1123" ],
        "Content-Type": [ "application/json; charset=utf-8" ],
        "Expires": [ "-1" ]
      },
      "Content": "{\"value\":[{\"id\":\"/subscriptions/326100e2-f69d-4268-8503-075374f62b6e/resourcegroups/resourceGroupAutorestgpheoq/providers/Microsoft.ServiceBus/namespaces/namespaceNamepfxymc/queues/queue1/authorizationrules/queueAuthRule2\",\"name\":\"queueAuthRule2\",\"type\":\"Microsoft.ServiceBus/namespaces/queues/authorizationrules\",\"location\":\"eastus\",\"properties\":{\"rights\":[\"Manage\",\"Listen\",\"Send\"]}},{\"id\":\"/subscriptions/326100e2-f69d-4268-8503-075374f62b6e/resourcegroups/resourceGroupAutorestgpheoq/providers/Microsoft.ServiceBus/namespaces/namespaceNamepfxymc/queues/queue1/authorizationrules/queueAuthRule1\",\"name\":\"queueAuthRule1\",\"type\":\"Microsoft.ServiceBus/namespaces/queues/authorizationrules\",\"location\":\"eastus\",\"properties\":{\"rights\":[\"Manage\",\"Listen\",\"Send\"]}},{\"id\":\"/subscriptions/326100e2-f69d-4268-8503-075374f62b6e/resourcegroups/resourceGroupAutorestgpheoq/providers/Microsoft.ServiceBus/namespaces/namespaceNamepfxymc/queues/queue1/authorizationrules/queueAuthRule3\",\"name\":\"queueAuthRule3\",\"type\":\"Microsoft.ServiceBus/namespaces/queues/authorizationrules\",\"location\":\"eastus\",\"properties\":{\"rights\":[\"Listen\"]}}]}",
      "isContentBase64": false
    }
  },
  "New-AzServiceBusAuthorizationRule+[NoContext]+NewExpandedTopic+$PUT+https://management.azure.com/subscriptions/326100e2-f69d-4268-8503-075374f62b6e/resourceGroups/resourceGroupAutorestgpheoq/providers/Microsoft.ServiceBus/namespaces/namespaceNamepfxymc/topics/topic1/authorizationRules/topicAuthRule3?api-version=2022-01-01-preview+1": {
    "Request": {
      "Method": "PUT",
      "RequestUri": "https://management.azure.com/subscriptions/326100e2-f69d-4268-8503-075374f62b6e/resourceGroups/resourceGroupAutorestgpheoq/providers/Microsoft.ServiceBus/namespaces/namespaceNamepfxymc/topics/topic1/authorizationRules/topicAuthRule3?api-version=2022-01-01-preview",
      "Content": "{\n  \"properties\": {\n    \"rights\": [ \"Send\" ]\n  }\n}",
      "isContentBase64": false,
      "Headers": {
      },
      "ContentHeaders": {
        "Content-Type": [ "application/json" ],
        "Content-Length": [ "50" ]
      }
    },
    "Response": {
      "StatusCode": 200,
      "Headers": {
        "Cache-Control": [ "no-cache" ],
        "Pragma": [ "no-cache" ],
        "Server": [ "Microsoft-HTTPAPI/2.0" ],
        "x-ms-ratelimit-remaining-subscription-writes": [ "1193" ],
        "x-ms-request-id": [ "2cf43b38-e50e-4528-a696-1d416576aa4a" ],
        "x-ms-correlation-request-id": [ "2cf43b38-e50e-4528-a696-1d416576aa4a" ],
        "x-ms-routing-request-id": [ "SOUTHCENTRALUS:20221124T095836Z:2cf43b38-e50e-4528-a696-1d416576aa4a" ],
        "Strict-Transport-Security": [ "max-age=31536000; includeSubDomains" ],
        "X-Content-Type-Options": [ "nosniff" ],
        "Date": [ "Thu, 24 Nov 2022 09:58:35 GMT" ]
      },
      "ContentHeaders": {
        "Content-Length": [ "337" ],
        "Content-Type": [ "application/json; charset=utf-8" ],
        "Expires": [ "-1" ]
      },
      "Content": "{\"id\":\"/subscriptions/326100e2-f69d-4268-8503-075374f62b6e/resourceGroups/resourceGroupAutorestgpheoq/providers/Microsoft.ServiceBus/namespaces/namespaceNamepfxymc/topics/topic1/authorizationRules/topicAuthRule3\",\"name\":\"topicAuthRule3\",\"type\":\"Microsoft.ServiceBus/namespaces/topics/authorizationrules\",\"properties\":{\"rights\":[\"Send\"]}}",
      "isContentBase64": false
    }
  },
  "New-AzServiceBusAuthorizationRule+[NoContext]+NewExpandedTopic+$GET+https://management.azure.com/subscriptions/326100e2-f69d-4268-8503-075374f62b6e/resourceGroups/resourceGroupAutorestgpheoq/providers/Microsoft.ServiceBus/namespaces/namespaceNamepfxymc/topics/topic1/authorizationRules?api-version=2022-01-01-preview+2": {
    "Request": {
      "Method": "GET",
      "RequestUri": "https://management.azure.com/subscriptions/326100e2-f69d-4268-8503-075374f62b6e/resourceGroups/resourceGroupAutorestgpheoq/providers/Microsoft.ServiceBus/namespaces/namespaceNamepfxymc/topics/topic1/authorizationRules?api-version=2022-01-01-preview",
      "Content": null,
      "isContentBase64": false,
      "Headers": {
        "x-ms-unique-id": [ "67" ],
        "x-ms-client-request-id": [ "19be341e-1735-4f3b-a758-3835c75745a3" ],
        "CommandName": [ "Az.ServiceBus.private\\Get-AzServiceBusTopicAuthorizationRule_List" ],
        "FullCommandName": [ "Get-AzServiceBusTopicAuthorizationRule_List" ],
        "ParameterSetName": [ "__AllParameterSets" ],
        "User-Agent": [ "AzurePowershell/v0.0.0", "PSVersion/v7.1.3", "Az.ServiceBus/0.1.0" ],
        "Authorization": [ "[Filtered]" ]
      },
      "ContentHeaders": {
      }
    },
    "Response": {
      "StatusCode": 200,
      "Headers": {
        "Cache-Control": [ "no-cache" ],
        "Pragma": [ "no-cache" ],
        "Server": [ "Microsoft-HTTPAPI/2.0" ],
        "x-ms-ratelimit-remaining-subscription-reads": [ "11944" ],
        "x-ms-request-id": [ "f58c81d5-a90d-4bbb-b09f-55459f47eb43" ],
        "x-ms-correlation-request-id": [ "f58c81d5-a90d-4bbb-b09f-55459f47eb43" ],
        "x-ms-routing-request-id": [ "SOUTHCENTRALUS:20221124T095837Z:f58c81d5-a90d-4bbb-b09f-55459f47eb43" ],
        "Strict-Transport-Security": [ "max-age=31536000; includeSubDomains" ],
        "X-Content-Type-Options": [ "nosniff" ],
        "Date": [ "Thu, 24 Nov 2022 09:58:36 GMT" ]
      },
      "ContentHeaders": {
        "Content-Length": [ "1105" ],
        "Content-Type": [ "application/json; charset=utf-8" ],
        "Expires": [ "-1" ]
      },
      "Content": "{\"value\":[{\"id\":\"/subscriptions/326100e2-f69d-4268-8503-075374f62b6e/resourcegroups/resourceGroupAutorestgpheoq/providers/Microsoft.ServiceBus/namespaces/namespaceNamepfxymc/topics/topic1/authorizationrules/topicAuthRule2\",\"name\":\"topicAuthRule2\",\"type\":\"Microsoft.ServiceBus/namespaces/topics/authorizationrules\",\"location\":\"eastus\",\"properties\":{\"rights\":[\"Listen\"]}},{\"id\":\"/subscriptions/326100e2-f69d-4268-8503-075374f62b6e/resourcegroups/resourceGroupAutorestgpheoq/providers/Microsoft.ServiceBus/namespaces/namespaceNamepfxymc/topics/topic1/authorizationrules/topicAuthRule1\",\"name\":\"topicAuthRule1\",\"type\":\"Microsoft.ServiceBus/namespaces/topics/authorizationrules\",\"location\":\"eastus\",\"properties\":{\"rights\":[\"Manage\",\"Listen\",\"Send\"]}},{\"id\":\"/subscriptions/326100e2-f69d-4268-8503-075374f62b6e/resourcegroups/resourceGroupAutorestgpheoq/providers/Microsoft.ServiceBus/namespaces/namespaceNamepfxymc/topics/topic1/authorizationrules/topicAuthRule3\",\"name\":\"topicAuthRule3\",\"type\":\"Microsoft.ServiceBus/namespaces/topics/authorizationrules\",\"location\":\"eastus\",\"properties\":{\"rights\":[\"Send\"]}}]}",
      "isContentBase64": false
    }
  }
}