{
  "Remove-AzServiceBusQueue+[NoContext]+Delete+$PUT+https://management.azure.com/subscriptions/326100e2-f69d-4268-8503-075374f62b6e/resourceGroups/resourceGroupAutorestgpheoq/providers/Microsoft.ServiceBus/namespaces/namespaceNamepfxymc/queues/queueToRemove?api-version=2022-01-01-preview+1": {
    "Request": {
      "Method": "PUT",
      "RequestUri": "https://management.azure.com/subscriptions/326100e2-f69d-4268-8503-075374f62b6e/resourceGroups/resourceGroupAutorestgpheoq/providers/Microsoft.ServiceBus/namespaces/namespaceNamepfxymc/queues/queueToRemove?api-version=2022-01-01-preview",
      "Content": "{\n}",
      "isContentBase64": false,
      "Headers": {
      },
      "ContentHeaders": {
        "Content-Type": [ "application/json" ],
        "Content-Length": [ "3" ]
      }
    },
    "Response": {
      "StatusCode": 200,
      "Headers": {
        "Cache-Control": [ "no-cache" ],
        "Pragma": [ "no-cache" ],
        "Server": [ "Microsoft-HTTPAPI/2.0" ],
        "x-ms-ratelimit-remaining-subscription-writes": [ "1174" ],
        "x-ms-request-id": [ "d1f916e7-9409-4331-8628-04b1f8664983" ],
        "x-ms-correlation-request-id": [ "d1f916e7-9409-4331-8628-04b1f8664983" ],
        "x-ms-routing-request-id": [ "SOUTHCENTRALUS:20221124T103707Z:d1f916e7-9409-4331-8628-04b1f8664983" ],
        "Strict-Transport-Security": [ "max-age=31536000; includeSubDomains" ],
        "X-Content-Type-Options": [ "nosniff" ],
        "Date": [ "Thu, 24 Nov 2022 10:37:06 GMT" ]
      },
      "ContentHeaders": {
        "Content-Length": [ "1042" ],
        "Content-Type": [ "application/json; charset=utf-8" ],
        "Expires": [ "-1" ]
      },
      "Content": "{\"id\":\"/subscriptions/326100e2-f69d-4268-8503-075374f62b6e/resourceGroups/resourceGroupAutorestgpheoq/providers/Microsoft.ServiceBus/namespaces/namespaceNamepfxymc/queues/queueToRemove\",\"name\":\"queueToRemove\",\"type\":\"Microsoft.ServiceBus/namespaces/queues\",\"location\":\"eastus\",\"properties\":{\"maxMessageSizeInKilobytes\":1024,\"lockDuration\":\"PT1M\",\"maxSizeInMegabytes\":1024,\"requiresDuplicateDetection\":false,\"requiresSession\":false,\"defaultMessageTimeToLive\":\"P10675199DT2H48M5.4775807S\",\"deadLetteringOnMessageExpiration\":false,\"enableBatchedOperations\":true,\"duplicateDetectionHistoryTimeWindow\":\"PT10M\",\"maxDeliveryCount\":10,\"sizeInBytes\":0,\"messageCount\":0,\"status\":\"Active\",\"autoDeleteOnIdle\":\"P10675199DT2H48M5.4775807S\",\"enablePartitioning\":false,\"enableExpress\":false,\"countDetails\":{\"activeMessageCount\":0,\"deadLetterMessageCount\":0,\"scheduledMessageCount\":0,\"transferMessageCount\":0,\"transferDeadLetterMessageCount\":0},\"createdAt\":\"2022-11-24T10:37:06.403Z\",\"updatedAt\":\"2022-11-24T10:37:06.613Z\",\"accessedAt\":\"0001-01-01T00:00:00\"}}",
      "isContentBase64": false
    }
  },
  "Remove-AzServiceBusQueue+[NoContext]+Delete+$DELETE+https://management.azure.com/subscriptions/326100e2-f69d-4268-8503-075374f62b6e/resourceGroups/resourceGroupAutorestgpheoq/providers/Microsoft.ServiceBus/namespaces/namespaceNamepfxymc/queues/queueToRemove?api-version=2022-01-01-preview+2": {
    "Request": {
      "Method": "DELETE",
      "RequestUri": "https://management.azure.com/subscriptions/326100e2-f69d-4268-8503-075374f62b6e/resourceGroups/resourceGroupAutorestgpheoq/providers/Microsoft.ServiceBus/namespaces/namespaceNamepfxymc/queues/queueToRemove?api-version=2022-01-01-preview",
      "Content": null,
      "isContentBase64": false,
      "Headers": {
        "x-ms-unique-id": [ "221" ],
        "x-ms-client-request-id": [ "bdb7ebf6-78a1-4bbd-914f-e05c47b8f4fe" ],
        "CommandName": [ "Remove-AzServiceBusQueue" ],
        "FullCommandName": [ "Remove-AzServiceBusQueue_Delete" ],
        "ParameterSetName": [ "__AllParameterSets" ],
        "User-Agent": [ "AzurePowershell/v0.0.0", "PSVersion/v7.1.3", "Az.ServiceBus/0.1.0" ],
        "Authorization": [ "[Filtered]" ]
      },
      "ContentHeaders": {
      }
    },
    "Response": {
      "StatusCode": 200,
      "Headers": {
        "Cache-Control": [ "no-cache" ],
        "Pragma": [ "no-cache" ],
        "Server": [ "Microsoft-HTTPAPI/2.0" ],
        "x-ms-ratelimit-remaining-subscription-deletes": [ "14989" ],
        "x-ms-request-id": [ "4d3fd4f6-9951-48e4-ab4d-0691b3487632" ],
        "x-ms-correlation-request-id": [ "4d3fd4f6-9951-48e4-ab4d-0691b3487632" ],
        "x-ms-routing-request-id": [ "SOUTHCENTRALUS:20221124T103708Z:4d3fd4f6-9951-48e4-ab4d-0691b3487632" ],
        "Strict-Transport-Security": [ "max-age=31536000; includeSubDomains" ],
        "X-Content-Type-Options": [ "nosniff" ],
        "Date": [ "Thu, 24 Nov 2022 10:37:07 GMT" ]
      },
      "ContentHeaders": {
        "Expires": [ "-1" ],
        "Content-Length": [ "0" ]
      },
      "Content": null,
      "isContentBase64": false
    }
  },
  "Remove-AzServiceBusQueue+[NoContext]+Delete+$GET+https://management.azure.com/subscriptions/326100e2-f69d-4268-8503-075374f62b6e/resourceGroups/resourceGroupAutorestgpheoq/providers/Microsoft.ServiceBus/namespaces/namespaceNamepfxymc/queues/queueToRemove?api-version=2022-01-01-preview+3": {
    "Request": {
      "Method": "GET",
      "RequestUri": "https://management.azure.com/subscriptions/326100e2-f69d-4268-8503-075374f62b6e/resourceGroups/resourceGroupAutorestgpheoq/providers/Microsoft.ServiceBus/namespaces/namespaceNamepfxymc/queues/queueToRemove?api-version=2022-01-01-preview",
      "Content": null,
      "isContentBase64": false,
      "Headers": {
        "x-ms-unique-id": [ "222" ],
        "x-ms-client-request-id": [ "f49620ad-aa48-42a8-8dc8-797e4de24b05" ],
        "CommandName": [ "Get-AzServiceBusQueue" ],
        "FullCommandName": [ "Get-AzServiceBusQueue_Get" ],
        "ParameterSetName": [ "__AllParameterSets" ],
        "User-Agent": [ "AzurePowershell/v0.0.0", "PSVersion/v7.1.3", "Az.ServiceBus/0.1.0" ],
        "Authorization": [ "[Filtered]" ]
      },
      "ContentHeaders": {
      }
    },
    "Response": {
      "StatusCode": 404,
      "Headers": {
        "Cache-Control": [ "no-cache" ],
        "Pragma": [ "no-cache" ],
        "Server": [ "Microsoft-HTTPAPI/2.0" ],
        "x-ms-ratelimit-remaining-subscription-reads": [ "11836" ],
        "x-ms-request-id": [ "aadb9893-49aa-4d84-9d7b-243899b4072f" ],
        "x-ms-correlation-request-id": [ "aadb9893-49aa-4d84-9d7b-243899b4072f" ],
        "x-ms-routing-request-id": [ "SOUTHCENTRALUS:20221124T103709Z:aadb9893-49aa-4d84-9d7b-243899b4072f" ],
        "Strict-Transport-Security": [ "max-age=31536000; includeSubDomains" ],
        "X-Content-Type-Options": [ "nosniff" ],
        "Date": [ "Thu, 24 Nov 2022 10:37:08 GMT" ]
      },
      "ContentHeaders": {
        "Content-Length": [ "68" ],
        "Content-Type": [ "application/json" ],
        "Expires": [ "-1" ]
      },
      "Content": "{\"error\":{\"code\":\"EntityNotFound\",\"message\":\"Queue does not exist\"}}",
      "isContentBase64": false
    }
  },
  "Remove-AzServiceBusQueue+[NoContext]+DeleteViaIdentity+$PUT+https://management.azure.com/subscriptions/326100e2-f69d-4268-8503-075374f62b6e/resourceGroups/resourceGroupAutorestgpheoq/providers/Microsoft.ServiceBus/namespaces/namespaceNamepfxymc/queues/queueToRemove?api-version=2022-01-01-preview+1": {
    "Request": {
      "Method": "PUT",
      "RequestUri": "https://management.azure.com/subscriptions/326100e2-f69d-4268-8503-075374f62b6e/resourceGroups/resourceGroupAutorestgpheoq/providers/Microsoft.ServiceBus/namespaces/namespaceNamepfxymc/queues/queueToRemove?api-version=2022-01-01-preview",
      "Content": "{\n}",
      "isContentBase64": false,
      "Headers": {
      },
      "ContentHeaders": {
        "Content-Type": [ "application/json" ],
        "Content-Length": [ "3" ]
      }
    },
    "Response": {
      "StatusCode": 200,
      "Headers": {
        "Cache-Control": [ "no-cache" ],
        "Pragma": [ "no-cache" ],
        "Server": [ "Microsoft-HTTPAPI/2.0" ],
        "x-ms-ratelimit-remaining-subscription-writes": [ "1173" ],
        "x-ms-request-id": [ "fce81ac7-ee01-4f22-9b4e-de18083aafab" ],
        "x-ms-correlation-request-id": [ "fce81ac7-ee01-4f22-9b4e-de18083aafab" ],
        "x-ms-routing-request-id": [ "SOUTHCENTRALUS:20221124T103711Z:fce81ac7-ee01-4f22-9b4e-de18083aafab" ],
        "Strict-Transport-Security": [ "max-age=31536000; includeSubDomains" ],
        "X-Content-Type-Options": [ "nosniff" ],
        "Date": [ "Thu, 24 Nov 2022 10:37:10 GMT" ]
      },
      "ContentHeaders": {
        "Content-Length": [ "1040" ],
        "Content-Type": [ "application/json; charset=utf-8" ],
        "Expires": [ "-1" ]
      },
      "Content": "{\"id\":\"/subscriptions/326100e2-f69d-4268-8503-075374f62b6e/resourceGroups/resourceGroupAutorestgpheoq/providers/Microsoft.ServiceBus/namespaces/namespaceNamepfxymc/queues/queueToRemove\",\"name\":\"queueToRemove\",\"type\":\"Microsoft.ServiceBus/namespaces/queues\",\"location\":\"eastus\",\"properties\":{\"maxMessageSizeInKilobytes\":1024,\"lockDuration\":\"PT1M\",\"maxSizeInMegabytes\":1024,\"requiresDuplicateDetection\":false,\"requiresSession\":false,\"defaultMessageTimeToLive\":\"P10675199DT2H48M5.4775807S\",\"deadLetteringOnMessageExpiration\":false,\"enableBatchedOperations\":true,\"duplicateDetectionHistoryTimeWindow\":\"PT10M\",\"maxDeliveryCount\":10,\"sizeInBytes\":0,\"messageCount\":0,\"status\":\"Active\",\"autoDeleteOnIdle\":\"P10675199DT2H48M5.4775807S\",\"enablePartitioning\":false,\"enableExpress\":false,\"countDetails\":{\"activeMessageCount\":0,\"deadLetterMessageCount\":0,\"scheduledMessageCount\":0,\"transferMessageCount\":0,\"transferDeadLetterMessageCount\":0},\"createdAt\":\"2022-11-24T10:37:10.64Z\",\"updatedAt\":\"2022-11-24T10:37:10.72Z\",\"accessedAt\":\"0001-01-01T00:00:00\"}}",
      "isContentBase64": false
    }
  },
  "Remove-AzServiceBusQueue+[NoContext]+DeleteViaIdentity+$DELETE+https://management.azure.com/subscriptions/326100e2-f69d-4268-8503-075374f62b6e/resourceGroups/resourceGroupAutorestgpheoq/providers/Microsoft.ServiceBus/namespaces/namespaceNamepfxymc/queues/queueToRemove?api-version=2022-01-01-preview+2": {
    "Request": {
      "Method": "DELETE",
      "RequestUri": "https://management.azure.com/subscriptions/326100e2-f69d-4268-8503-075374f62b6e/resourceGroups/resourceGroupAutorestgpheoq/providers/Microsoft.ServiceBus/namespaces/namespaceNamepfxymc/queues/queueToRemove?api-version=2022-01-01-preview",
      "Content": null,
      "isContentBase64": false,
      "Headers": {
        "x-ms-unique-id": [ "224" ],
        "x-ms-client-request-id": [ "05e00647-6d91-4348-93fb-e903e10f30a4" ],
        "CommandName": [ "Remove-AzServiceBusQueue" ],
        "FullCommandName": [ "Remove-AzServiceBusQueue_DeleteViaIdentity" ],
        "ParameterSetName": [ "__AllParameterSets" ],
        "User-Agent": [ "AzurePowershell/v0.0.0", "PSVersion/v7.1.3", "Az.ServiceBus/0.1.0" ],
        "Authorization": [ "[Filtered]" ]
      },
      "ContentHeaders": {
      }
    },
    "Response": {
      "StatusCode": 200,
      "Headers": {
        "Cache-Control": [ "no-cache" ],
        "Pragma": [ "no-cache" ],
        "Server": [ "Microsoft-HTTPAPI/2.0" ],
        "x-ms-ratelimit-remaining-subscription-deletes": [ "14988" ],
        "x-ms-request-id": [ "050dc295-17cb-4d60-bd79-7f7183cf37c9" ],
        "x-ms-correlation-request-id": [ "050dc295-17cb-4d60-bd79-7f7183cf37c9" ],
        "x-ms-routing-request-id": [ "SOUTHCENTRALUS:20221124T103712Z:050dc295-17cb-4d60-bd79-7f7183cf37c9" ],
        "Strict-Transport-Security": [ "max-age=31536000; includeSubDomains" ],
        "X-Content-Type-Options": [ "nosniff" ],
        "Date": [ "Thu, 24 Nov 2022 10:37:11 GMT" ]
      },
      "ContentHeaders": {
        "Expires": [ "-1" ],
        "Content-Length": [ "0" ]
      },
      "Content": null,
      "isContentBase64": false
    }
  },
  "Remove-AzServiceBusQueue+[NoContext]+DeleteViaIdentity+$GET+https://management.azure.com/subscriptions/326100e2-f69d-4268-8503-075374f62b6e/resourceGroups/resourceGroupAutorestgpheoq/providers/Microsoft.ServiceBus/namespaces/namespaceNamepfxymc/queues/queueToRemove?api-version=2022-01-01-preview+3": {
    "Request": {
      "Method": "GET",
      "RequestUri": "https://management.azure.com/subscriptions/326100e2-f69d-4268-8503-075374f62b6e/resourceGroups/resourceGroupAutorestgpheoq/providers/Microsoft.ServiceBus/namespaces/namespaceNamepfxymc/queues/queueToRemove?api-version=2022-01-01-preview",
      "Content": null,
      "isContentBase64": false,
      "Headers": {
        "x-ms-unique-id": [ "225" ],
        "x-ms-client-request-id": [ "c75d98e3-2182-4708-9ac5-536d5c722e91" ],
        "CommandName": [ "Get-AzServiceBusQueue" ],
        "FullCommandName": [ "Get-AzServiceBusQueue_GetViaIdentity" ],
        "ParameterSetName": [ "__AllParameterSets" ],
        "User-Agent": [ "AzurePowershell/v0.0.0", "PSVersion/v7.1.3", "Az.ServiceBus/0.1.0" ],
        "Authorization": [ "[Filtered]" ]
      },
      "ContentHeaders": {
      }
    },
    "Response": {
      "StatusCode": 404,
      "Headers": {
        "Cache-Control": [ "no-cache" ],
        "Pragma": [ "no-cache" ],
        "Server": [ "Microsoft-HTTPAPI/2.0" ],
        "x-ms-ratelimit-remaining-subscription-reads": [ "11835" ],
        "x-ms-request-id": [ "e47d169d-223e-42c7-9588-d7d5259410c1" ],
        "x-ms-correlation-request-id": [ "e47d169d-223e-42c7-9588-d7d5259410c1" ],
        "x-ms-routing-request-id": [ "SOUTHCENTRALUS:20221124T103713Z:e47d169d-223e-42c7-9588-d7d5259410c1" ],
        "Strict-Transport-Security": [ "max-age=31536000; includeSubDomains" ],
        "X-Content-Type-Options": [ "nosniff" ],
        "Date": [ "Thu, 24 Nov 2022 10:37:12 GMT" ]
      },
      "ContentHeaders": {
        "Content-Length": [ "68" ],
        "Content-Type": [ "application/json" ],
        "Expires": [ "-1" ]
      },
      "Content": "{\"error\":{\"code\":\"EntityNotFound\",\"message\":\"Queue does not exist\"}}",
      "isContentBase64": false
    }
  }
}