{
  "Remove-AzServiceBusAuthorizationRule+[NoContext]+[NoScenario]+$GET+https://management.azure.com/subscriptions/326100e2-f69d-4268-8503-075374f62b6e/resourceGroups/resourceGroupAutorestzxu1k4/providers/Microsoft.ServiceBus/namespaces/namespaceNameu4sf79/AuthorizationRules?api-version=2022-01-01-preview+1": {
    "Request": {
      "Method": "GET",
      "RequestUri": "https://management.azure.com/subscriptions/326100e2-f69d-4268-8503-075374f62b6e/resourceGroups/resourceGroupAutorestzxu1k4/providers/Microsoft.ServiceBus/namespaces/namespaceNameu4sf79/AuthorizationRules?api-version=2022-01-01-preview",
      "Content": null,
      "isContentBase64": false,
      "Headers": {
        "x-ms-unique-id": [ "170" ],
        "x-ms-client-request-id": [ "02c8adb6-fa04-45d3-a53d-20ada343d2fd" ],
        "CommandName": [ "Az.ServiceBus.private\\Get-AzServiceBusNamespaceAuthorizationRule_List" ],
        "FullCommandName": [ "Get-AzServiceBusNamespaceAuthorizationRule_List" ],
        "ParameterSetName": [ "__AllParameterSets" ],
        "User-Agent": [ "AzurePowershell/v0.0.0", "PSVersion/v7.1.3", "Az.ServiceBus/0.1.0" ],
        "Authorization": [ "[Filtered]" ]
      },
      "ContentHeaders": {
      }
    },
    "Response": {
      "StatusCode": 200,
      "Headers": {
        "Cache-Control": [ "no-cache" ],
        "Pragma": [ "no-cache" ],
        "Server": [ "Microsoft-HTTPAPI/2.0" ],
        "x-ms-ratelimit-remaining-subscription-reads": [ "11874" ],
        "x-ms-request-id": [ "cf29e8a0-da6d-40b2-a896-9e2a989f2ac6" ],
        "x-ms-correlation-request-id": [ "cf29e8a0-da6d-40b2-a896-9e2a989f2ac6" ],
        "x-ms-routing-request-id": [ "SOUTHCENTRALUS:20221124T063858Z:cf29e8a0-da6d-40b2-a896-9e2a989f2ac6" ],
        "Strict-Transport-Security": [ "max-age=31536000; includeSubDomains" ],
        "X-Content-Type-Options": [ "nosniff" ],
        "Date": [ "Thu, 24 Nov 2022 06:38:58 GMT" ]
      },
      "ContentHeaders": {
        "Content-Length": [ "1459" ],
        "Content-Type": [ "application/json; charset=utf-8" ],
        "Expires": [ "-1" ]
      },
      "Content": "{\"value\":[{\"id\":\"/subscriptions/326100e2-f69d-4268-8503-075374f62b6e/resourcegroups/resourceGroupAutorestzxu1k4/providers/Microsoft.ServiceBus/namespaces/namespaceNameu4sf79/authorizationrules/RootManageSharedAccessKey\",\"name\":\"RootManageSharedAccessKey\",\"type\":\"Microsoft.ServiceBus/Namespaces/AuthorizationRules\",\"location\":\"eastus\",\"properties\":{\"rights\":[\"Listen\",\"Manage\",\"Send\"]}},{\"id\":\"/subscriptions/326100e2-f69d-4268-8503-075374f62b6e/resourcegroups/resourceGroupAutorestzxu1k4/providers/Microsoft.ServiceBus/namespaces/namespaceNameu4sf79/authorizationrules/namespaceAuthRule2\",\"name\":\"namespaceAuthRule2\",\"type\":\"Microsoft.ServiceBus/Namespaces/AuthorizationRules\",\"location\":\"eastus\",\"properties\":{\"rights\":[\"Send\"]}},{\"id\":\"/subscriptions/326100e2-f69d-4268-8503-075374f62b6e/resourcegroups/resourceGroupAutorestzxu1k4/providers/Microsoft.ServiceBus/namespaces/namespaceNameu4sf79/authorizationrules/namespaceAuthRule1\",\"name\":\"namespaceAuthRule1\",\"type\":\"Microsoft.ServiceBus/Namespaces/AuthorizationRules\",\"location\":\"eastus\",\"properties\":{\"rights\":[\"Manage\",\"Listen\",\"Send\"]}},{\"id\":\"/subscriptions/326100e2-f69d-4268-8503-075374f62b6e/resourcegroups/resourceGroupAutorestzxu1k4/providers/Microsoft.ServiceBus/namespaces/namespaceNameu4sf79/authorizationrules/namespaceAuthRule3\",\"name\":\"namespaceAuthRule3\",\"type\":\"Microsoft.ServiceBus/Namespaces/AuthorizationRules\",\"location\":\"eastus\",\"properties\":{\"rights\":[\"Send\",\"Manage\",\"Listen\"]}}]}",
      "isContentBase64": false
    }
  },
  "Remove-AzServiceBusAuthorizationRule+[NoContext]+[NoScenario]+$GET+https://management.azure.com/subscriptions/326100e2-f69d-4268-8503-075374f62b6e/resourceGroups/resourceGroupAutorestzxu1k4/providers/Microsoft.ServiceBus/namespaces/namespaceNameu4sf79/queues/queue1/authorizationRules?api-version=2022-01-01-preview+2": {
    "Request": {
      "Method": "GET",
      "RequestUri": "https://management.azure.com/subscriptions/326100e2-f69d-4268-8503-075374f62b6e/resourceGroups/resourceGroupAutorestzxu1k4/providers/Microsoft.ServiceBus/namespaces/namespaceNameu4sf79/queues/queue1/authorizationRules?api-version=2022-01-01-preview",
      "Content": null,
      "isContentBase64": false,
      "Headers": {
        "x-ms-unique-id": [ "171" ],
        "x-ms-client-request-id": [ "55645556-18b9-4431-847e-555cc4432472" ],
        "CommandName": [ "Az.ServiceBus.private\\Get-AzServiceBusQueueAuthorizationRule_List" ],
        "FullCommandName": [ "Get-AzServiceBusQueueAuthorizationRule_List" ],
        "ParameterSetName": [ "__AllParameterSets" ],
        "User-Agent": [ "AzurePowershell/v0.0.0", "PSVersion/v7.1.3", "Az.ServiceBus/0.1.0" ],
        "Authorization": [ "[Filtered]" ]
      },
      "ContentHeaders": {
      }
    },
    "Response": {
      "StatusCode": 200,
      "Headers": {
        "Cache-Control": [ "no-cache" ],
        "Pragma": [ "no-cache" ],
        "Server": [ "Microsoft-HTTPAPI/2.0" ],
        "x-ms-ratelimit-remaining-subscription-reads": [ "11873" ],
        "x-ms-request-id": [ "d011da26-c63f-42f4-9026-871861c3134d" ],
        "x-ms-correlation-request-id": [ "d011da26-c63f-42f4-9026-871861c3134d" ],
        "x-ms-routing-request-id": [ "SOUTHCENTRALUS:20221124T063859Z:d011da26-c63f-42f4-9026-871861c3134d" ],
        "Strict-Transport-Security": [ "max-age=31536000; includeSubDomains" ],
        "X-Content-Type-Options": [ "nosniff" ],
        "Date": [ "Thu, 24 Nov 2022 06:38:58 GMT" ]
      },
      "ContentHeaders": {
        "Content-Length": [ "1123" ],
        "Content-Type": [ "application/json; charset=utf-8" ],
        "Expires": [ "-1" ]
      },
      "Content": "{\"value\":[{\"id\":\"/subscriptions/326100e2-f69d-4268-8503-075374f62b6e/resourcegroups/resourceGroupAutorestzxu1k4/providers/Microsoft.ServiceBus/namespaces/namespaceNameu4sf79/queues/queue1/authorizationrules/queueAuthRule2\",\"name\":\"queueAuthRule2\",\"type\":\"Microsoft.ServiceBus/namespaces/queues/authorizationrules\",\"location\":\"eastus\",\"properties\":{\"rights\":[\"Manage\",\"Listen\",\"Send\"]}},{\"id\":\"/subscriptions/326100e2-f69d-4268-8503-075374f62b6e/resourcegroups/resourceGroupAutorestzxu1k4/providers/Microsoft.ServiceBus/namespaces/namespaceNameu4sf79/queues/queue1/authorizationrules/queueAuthRule3\",\"name\":\"queueAuthRule3\",\"type\":\"Microsoft.ServiceBus/namespaces/queues/authorizationrules\",\"location\":\"eastus\",\"properties\":{\"rights\":[\"Listen\"]}},{\"id\":\"/subscriptions/326100e2-f69d-4268-8503-075374f62b6e/resourcegroups/resourceGroupAutorestzxu1k4/providers/Microsoft.ServiceBus/namespaces/namespaceNameu4sf79/queues/queue1/authorizationrules/queueAuthRule1\",\"name\":\"queueAuthRule1\",\"type\":\"Microsoft.ServiceBus/namespaces/queues/authorizationrules\",\"location\":\"eastus\",\"properties\":{\"rights\":[\"Manage\",\"Listen\",\"Send\"]}}]}",
      "isContentBase64": false
    }
  },
  "Remove-AzServiceBusAuthorizationRule+[NoContext]+[NoScenario]+$GET+https://management.azure.com/subscriptions/326100e2-f69d-4268-8503-075374f62b6e/resourceGroups/resourceGroupAutorestzxu1k4/providers/Microsoft.ServiceBus/namespaces/namespaceNameu4sf79/topics/topic1/authorizationRules?api-version=2022-01-01-preview+3": {
    "Request": {
      "Method": "GET",
      "RequestUri": "https://management.azure.com/subscriptions/326100e2-f69d-4268-8503-075374f62b6e/resourceGroups/resourceGroupAutorestzxu1k4/providers/Microsoft.ServiceBus/namespaces/namespaceNameu4sf79/topics/topic1/authorizationRules?api-version=2022-01-01-preview",
      "Content": null,
      "isContentBase64": false,
      "Headers": {
        "x-ms-unique-id": [ "172" ],
        "x-ms-client-request-id": [ "4946d56a-ddda-45cf-a8b3-50ab066271f9" ],
        "CommandName": [ "Az.ServiceBus.private\\Get-AzServiceBusTopicAuthorizationRule_List" ],
        "FullCommandName": [ "Get-AzServiceBusTopicAuthorizationRule_List" ],
        "ParameterSetName": [ "__AllParameterSets" ],
        "User-Agent": [ "AzurePowershell/v0.0.0", "PSVersion/v7.1.3", "Az.ServiceBus/0.1.0" ],
        "Authorization": [ "[Filtered]" ]
      },
      "ContentHeaders": {
      }
    },
    "Response": {
      "StatusCode": 200,
      "Headers": {
        "Cache-Control": [ "no-cache" ],
        "Pragma": [ "no-cache" ],
        "Server": [ "Microsoft-HTTPAPI/2.0" ],
        "x-ms-ratelimit-remaining-subscription-reads": [ "11872" ],
        "x-ms-request-id": [ "1ffc6be2-a247-4528-a4b0-7ea7517e0e04" ],
        "x-ms-correlation-request-id": [ "1ffc6be2-a247-4528-a4b0-7ea7517e0e04" ],
        "x-ms-routing-request-id": [ "SOUTHCENTRALUS:20221124T063859Z:1ffc6be2-a247-4528-a4b0-7ea7517e0e04" ],
        "Strict-Transport-Security": [ "max-age=31536000; includeSubDomains" ],
        "X-Content-Type-Options": [ "nosniff" ],
        "Date": [ "Thu, 24 Nov 2022 06:38:59 GMT" ]
      },
      "ContentHeaders": {
        "Content-Length": [ "1105" ],
        "Content-Type": [ "application/json; charset=utf-8" ],
        "Expires": [ "-1" ]
      },
      "Content": "{\"value\":[{\"id\":\"/subscriptions/326100e2-f69d-4268-8503-075374f62b6e/resourcegroups/resourceGroupAutorestzxu1k4/providers/Microsoft.ServiceBus/namespaces/namespaceNameu4sf79/topics/topic1/authorizationrules/topicAuthRule2\",\"name\":\"topicAuthRule2\",\"type\":\"Microsoft.ServiceBus/namespaces/topics/authorizationrules\",\"location\":\"eastus\",\"properties\":{\"rights\":[\"Listen\"]}},{\"id\":\"/subscriptions/326100e2-f69d-4268-8503-075374f62b6e/resourcegroups/resourceGroupAutorestzxu1k4/providers/Microsoft.ServiceBus/namespaces/namespaceNameu4sf79/topics/topic1/authorizationrules/topicAuthRule3\",\"name\":\"topicAuthRule3\",\"type\":\"Microsoft.ServiceBus/namespaces/topics/authorizationrules\",\"location\":\"eastus\",\"properties\":{\"rights\":[\"Send\"]}},{\"id\":\"/subscriptions/326100e2-f69d-4268-8503-075374f62b6e/resourcegroups/resourceGroupAutorestzxu1k4/providers/Microsoft.ServiceBus/namespaces/namespaceNameu4sf79/topics/topic1/authorizationrules/topicAuthRule1\",\"name\":\"topicAuthRule1\",\"type\":\"Microsoft.ServiceBus/namespaces/topics/authorizationrules\",\"location\":\"eastus\",\"properties\":{\"rights\":[\"Manage\",\"Listen\",\"Send\"]}}]}",
      "isContentBase64": false
    }
  },
  "Remove-AzServiceBusAuthorizationRule+[NoContext]+RemoveExpandedNamespace+$DELETE+https://management.azure.com/subscriptions/326100e2-f69d-4268-8503-075374f62b6e/resourceGroups/resourceGroupAutorestzxu1k4/providers/Microsoft.ServiceBus/namespaces/namespaceNameu4sf79/AuthorizationRules/namespaceAuthRule3?api-version=2022-01-01-preview+1": {
    "Request": {
      "Method": "DELETE",
      "RequestUri": "https://management.azure.com/subscriptions/326100e2-f69d-4268-8503-075374f62b6e/resourceGroups/resourceGroupAutorestzxu1k4/providers/Microsoft.ServiceBus/namespaces/namespaceNameu4sf79/AuthorizationRules/namespaceAuthRule3?api-version=2022-01-01-preview",
      "Content": null,
      "isContentBase64": false,
      "Headers": {
        "x-ms-unique-id": [ "173" ],
        "x-ms-client-request-id": [ "4e588ee8-cfee-4deb-a4be-d553da9fbf38" ],
        "CommandName": [ "Az.ServiceBus.private\\Remove-AzServiceBusNamespaceAuthorizationRule_Delete" ],
        "FullCommandName": [ "Remove-AzServiceBusNamespaceAuthorizationRule_Delete" ],
        "ParameterSetName": [ "__AllParameterSets" ],
        "User-Agent": [ "AzurePowershell/v0.0.0", "PSVersion/v7.1.3", "Az.ServiceBus/0.1.0" ],
        "Authorization": [ "[Filtered]" ]
      },
      "ContentHeaders": {
      }
    },
    "Response": {
      "StatusCode": 200,
      "Headers": {
        "Cache-Control": [ "no-cache" ],
        "Pragma": [ "no-cache" ],
        "Server": [ "Microsoft-HTTPAPI/2.0" ],
        "x-ms-ratelimit-remaining-subscription-deletes": [ "14999" ],
        "x-ms-request-id": [ "107bd5a9-f7b8-4d87-80ed-0f25661659c4" ],
        "x-ms-correlation-request-id": [ "107bd5a9-f7b8-4d87-80ed-0f25661659c4" ],
        "x-ms-routing-request-id": [ "SOUTHCENTRALUS:20221124T063908Z:107bd5a9-f7b8-4d87-80ed-0f25661659c4" ],
        "Strict-Transport-Security": [ "max-age=31536000; includeSubDomains" ],
        "X-Content-Type-Options": [ "nosniff" ],
        "Date": [ "Thu, 24 Nov 2022 06:39:07 GMT" ]
      },
      "ContentHeaders": {
        "Expires": [ "-1" ],
        "Content-Length": [ "0" ]
      },
      "Content": null,
      "isContentBase64": false
    }
  },
  "Remove-AzServiceBusAuthorizationRule+[NoContext]+RemoveExpandedNamespace+$GET+https://management.azure.com/subscriptions/326100e2-f69d-4268-8503-075374f62b6e/resourceGroups/resourceGroupAutorestzxu1k4/providers/Microsoft.ServiceBus/namespaces/namespaceNameu4sf79/AuthorizationRules/namespaceAuthRule3?api-version=2022-01-01-preview+2": {
    "Request": {
      "Method": "GET",
      "RequestUri": "https://management.azure.com/subscriptions/326100e2-f69d-4268-8503-075374f62b6e/resourceGroups/resourceGroupAutorestzxu1k4/providers/Microsoft.ServiceBus/namespaces/namespaceNameu4sf79/AuthorizationRules/namespaceAuthRule3?api-version=2022-01-01-preview",
      "Content": null,
      "isContentBase64": false,
      "Headers": {
        "x-ms-unique-id": [ "174" ],
        "x-ms-client-request-id": [ "d548c35c-acaf-4713-a0e6-be99f18cfea4" ],
        "CommandName": [ "Az.ServiceBus.private\\Get-AzServiceBusNamespaceAuthorizationRule_Get" ],
        "FullCommandName": [ "Get-AzServiceBusNamespaceAuthorizationRule_Get" ],
        "ParameterSetName": [ "__AllParameterSets" ],
        "User-Agent": [ "AzurePowershell/v0.0.0", "PSVersion/v7.1.3", "Az.ServiceBus/0.1.0" ],
        "Authorization": [ "[Filtered]" ]
      },
      "ContentHeaders": {
      }
    },
    "Response": {
      "StatusCode": 404,
      "Headers": {
        "Cache-Control": [ "no-cache" ],
        "Pragma": [ "no-cache" ],
        "Server": [ "Microsoft-HTTPAPI/2.0" ],
        "x-ms-ratelimit-remaining-subscription-reads": [ "11871" ],
        "x-ms-request-id": [ "62345172-ce10-4c29-9637-1cdc39f85987" ],
        "x-ms-correlation-request-id": [ "62345172-ce10-4c29-9637-1cdc39f85987" ],
        "x-ms-routing-request-id": [ "SOUTHCENTRALUS:20221124T063908Z:62345172-ce10-4c29-9637-1cdc39f85987" ],
        "Strict-Transport-Security": [ "max-age=31536000; includeSubDomains" ],
        "X-Content-Type-Options": [ "nosniff" ],
        "Date": [ "Thu, 24 Nov 2022 06:39:07 GMT" ]
      },
      "ContentHeaders": {
        "Content-Length": [ "87" ],
        "Content-Type": [ "application/json" ],
        "Expires": [ "-1" ]
      },
      "Content": "{\"error\":{\"code\":\"AuthorizationRuleNotFound\",\"message\":\"Authorization rule not found\"}}",
      "isContentBase64": false
    }
  },
  "Remove-AzServiceBusAuthorizationRule+[NoContext]+RemoveExpandedNamespace+$GET+https://management.azure.com/subscriptions/326100e2-f69d-4268-8503-075374f62b6e/resourceGroups/resourceGroupAutorestzxu1k4/providers/Microsoft.ServiceBus/namespaces/namespaceNameu4sf79/AuthorizationRules?api-version=2022-01-01-preview+3": {
    "Request": {
      "Method": "GET",
      "RequestUri": "https://management.azure.com/subscriptions/326100e2-f69d-4268-8503-075374f62b6e/resourceGroups/resourceGroupAutorestzxu1k4/providers/Microsoft.ServiceBus/namespaces/namespaceNameu4sf79/AuthorizationRules?api-version=2022-01-01-preview",
      "Content": null,
      "isContentBase64": false,
      "Headers": {
        "x-ms-unique-id": [ "175" ],
        "x-ms-client-request-id": [ "7a09dbc9-2902-4fd8-8a96-7c59187cdb61" ],
        "CommandName": [ "Az.ServiceBus.private\\Get-AzServiceBusNamespaceAuthorizationRule_List" ],
        "FullCommandName": [ "Get-AzServiceBusNamespaceAuthorizationRule_List" ],
        "ParameterSetName": [ "__AllParameterSets" ],
        "User-Agent": [ "AzurePowershell/v0.0.0", "PSVersion/v7.1.3", "Az.ServiceBus/0.1.0" ],
        "Authorization": [ "[Filtered]" ]
      },
      "ContentHeaders": {
      }
    },
    "Response": {
      "StatusCode": 200,
      "Headers": {
        "Cache-Control": [ "no-cache" ],
        "Pragma": [ "no-cache" ],
        "Server": [ "Microsoft-HTTPAPI/2.0" ],
        "x-ms-ratelimit-remaining-subscription-reads": [ "11870" ],
        "x-ms-request-id": [ "3f0741cf-483e-4f77-afbb-3c18a94b1e74" ],
        "x-ms-correlation-request-id": [ "3f0741cf-483e-4f77-afbb-3c18a94b1e74" ],
        "x-ms-routing-request-id": [ "SOUTHCENTRALUS:20221124T063909Z:3f0741cf-483e-4f77-afbb-3c18a94b1e74" ],
        "Strict-Transport-Security": [ "max-age=31536000; includeSubDomains" ],
        "X-Content-Type-Options": [ "nosniff" ],
        "Date": [ "Thu, 24 Nov 2022 06:39:08 GMT" ]
      },
      "ContentHeaders": {
        "Content-Length": [ "1096" ],
        "Content-Type": [ "application/json; charset=utf-8" ],
        "Expires": [ "-1" ]
      },
      "Content": "{\"value\":[{\"id\":\"/subscriptions/326100e2-f69d-4268-8503-075374f62b6e/resourcegroups/resourceGroupAutorestzxu1k4/providers/Microsoft.ServiceBus/namespaces/namespaceNameu4sf79/authorizationrules/RootManageSharedAccessKey\",\"name\":\"RootManageSharedAccessKey\",\"type\":\"Microsoft.ServiceBus/Namespaces/AuthorizationRules\",\"location\":\"eastus\",\"properties\":{\"rights\":[\"Listen\",\"Manage\",\"Send\"]}},{\"id\":\"/subscriptions/326100e2-f69d-4268-8503-075374f62b6e/resourcegroups/resourceGroupAutorestzxu1k4/providers/Microsoft.ServiceBus/namespaces/namespaceNameu4sf79/authorizationrules/namespaceAuthRule2\",\"name\":\"namespaceAuthRule2\",\"type\":\"Microsoft.ServiceBus/Namespaces/AuthorizationRules\",\"location\":\"eastus\",\"properties\":{\"rights\":[\"Send\"]}},{\"id\":\"/subscriptions/326100e2-f69d-4268-8503-075374f62b6e/resourcegroups/resourceGroupAutorestzxu1k4/providers/Microsoft.ServiceBus/namespaces/namespaceNameu4sf79/authorizationrules/namespaceAuthRule1\",\"name\":\"namespaceAuthRule1\",\"type\":\"Microsoft.ServiceBus/Namespaces/AuthorizationRules\",\"location\":\"eastus\",\"properties\":{\"rights\":[\"Manage\",\"Listen\",\"Send\"]}}]}",
      "isContentBase64": false
    }
  },
  "Remove-AzServiceBusAuthorizationRule+[NoContext]+RemoveExpandedTopic+$DELETE+https://management.azure.com/subscriptions/326100e2-f69d-4268-8503-075374f62b6e/resourceGroups/resourceGroupAutorestzxu1k4/providers/Microsoft.ServiceBus/namespaces/namespaceNameu4sf79/topics/topic1/authorizationRules/topicAuthRule3?api-version=2022-01-01-preview+1": {
    "Request": {
      "Method": "DELETE",
      "RequestUri": "https://management.azure.com/subscriptions/326100e2-f69d-4268-8503-075374f62b6e/resourceGroups/resourceGroupAutorestzxu1k4/providers/Microsoft.ServiceBus/namespaces/namespaceNameu4sf79/topics/topic1/authorizationRules/topicAuthRule3?api-version=2022-01-01-preview",
      "Content": null,
      "isContentBase64": false,
      "Headers": {
        "x-ms-unique-id": [ "176" ],
        "x-ms-client-request-id": [ "2aa31e9c-5ef4-49d4-b548-f659a44e3a15" ],
        "CommandName": [ "Az.ServiceBus.private\\Remove-AzServiceBusTopicAuthorizationRule_Delete" ],
        "FullCommandName": [ "Remove-AzServiceBusTopicAuthorizationRule_Delete" ],
        "ParameterSetName": [ "__AllParameterSets" ],
        "User-Agent": [ "AzurePowershell/v0.0.0", "PSVersion/v7.1.3", "Az.ServiceBus/0.1.0" ],
        "Authorization": [ "[Filtered]" ]
      },
      "ContentHeaders": {
      }
    },
    "Response": {
      "StatusCode": 200,
      "Headers": {
        "Cache-Control": [ "no-cache" ],
        "Pragma": [ "no-cache" ],
        "Server": [ "Microsoft-HTTPAPI/2.0" ],
        "x-ms-ratelimit-remaining-subscription-deletes": [ "14998" ],
        "x-ms-request-id": [ "b6fd70fe-3030-48ea-92f7-9cdf2d5a354d" ],
        "x-ms-correlation-request-id": [ "b6fd70fe-3030-48ea-92f7-9cdf2d5a354d" ],
        "x-ms-routing-request-id": [ "SOUTHCENTRALUS:20221124T063909Z:b6fd70fe-3030-48ea-92f7-9cdf2d5a354d" ],
        "Strict-Transport-Security": [ "max-age=31536000; includeSubDomains" ],
        "X-Content-Type-Options": [ "nosniff" ],
        "Date": [ "Thu, 24 Nov 2022 06:39:08 GMT" ]
      },
      "ContentHeaders": {
        "Expires": [ "-1" ],
        "Content-Length": [ "0" ]
      },
      "Content": null,
      "isContentBase64": false
    }
  },
  "Remove-AzServiceBusAuthorizationRule+[NoContext]+RemoveExpandedTopic+$GET+https://management.azure.com/subscriptions/326100e2-f69d-4268-8503-075374f62b6e/resourceGroups/resourceGroupAutorestzxu1k4/providers/Microsoft.ServiceBus/namespaces/namespaceNameu4sf79/topics/topic1/authorizationRules/topicAuthRule3?api-version=2022-01-01-preview+2": {
    "Request": {
      "Method": "GET",
      "RequestUri": "https://management.azure.com/subscriptions/326100e2-f69d-4268-8503-075374f62b6e/resourceGroups/resourceGroupAutorestzxu1k4/providers/Microsoft.ServiceBus/namespaces/namespaceNameu4sf79/topics/topic1/authorizationRules/topicAuthRule3?api-version=2022-01-01-preview",
      "Content": null,
      "isContentBase64": false,
      "Headers": {
        "x-ms-unique-id": [ "177" ],
        "x-ms-client-request-id": [ "cd062290-1feb-42d4-8608-892f636d1817" ],
        "CommandName": [ "Az.ServiceBus.private\\Get-AzServiceBusTopicAuthorizationRule_Get" ],
        "FullCommandName": [ "Get-AzServiceBusTopicAuthorizationRule_Get" ],
        "ParameterSetName": [ "__AllParameterSets" ],
        "User-Agent": [ "AzurePowershell/v0.0.0", "PSVersion/v7.1.3", "Az.ServiceBus/0.1.0" ],
        "Authorization": [ "[Filtered]" ]
      },
      "ContentHeaders": {
      }
    },
    "Response": {
      "StatusCode": 404,
      "Headers": {
        "Cache-Control": [ "no-cache" ],
        "Pragma": [ "no-cache" ],
        "Server": [ "Microsoft-HTTPAPI/2.0" ],
        "x-ms-ratelimit-remaining-subscription-reads": [ "11869" ],
        "x-ms-request-id": [ "1a702a73-d0f4-4e66-8fe3-5d7ef4074e54" ],
        "x-ms-correlation-request-id": [ "1a702a73-d0f4-4e66-8fe3-5d7ef4074e54" ],
        "x-ms-routing-request-id": [ "SOUTHCENTRALUS:20221124T063910Z:1a702a73-d0f4-4e66-8fe3-5d7ef4074e54" ],
        "Strict-Transport-Security": [ "max-age=31536000; includeSubDomains" ],
        "X-Content-Type-Options": [ "nosniff" ],
        "Date": [ "Thu, 24 Nov 2022 06:39:09 GMT" ]
      },
      "ContentHeaders": {
        "Content-Length": [ "87" ],
        "Content-Type": [ "application/json" ],
        "Expires": [ "-1" ]
      },
      "Content": "{\"error\":{\"code\":\"AuthorizationRuleNotFound\",\"message\":\"Authorization rule not found\"}}",
      "isContentBase64": false
    }
  },
  "Remove-AzServiceBusAuthorizationRule+[NoContext]+RemoveExpandedTopic+$GET+https://management.azure.com/subscriptions/326100e2-f69d-4268-8503-075374f62b6e/resourceGroups/resourceGroupAutorestzxu1k4/providers/Microsoft.ServiceBus/namespaces/namespaceNameu4sf79/topics/topic1/authorizationRules?api-version=2022-01-01-preview+3": {
    "Request": {
      "Method": "GET",
      "RequestUri": "https://management.azure.com/subscriptions/326100e2-f69d-4268-8503-075374f62b6e/resourceGroups/resourceGroupAutorestzxu1k4/providers/Microsoft.ServiceBus/namespaces/namespaceNameu4sf79/topics/topic1/authorizationRules?api-version=2022-01-01-preview",
      "Content": null,
      "isContentBase64": false,
      "Headers": {
        "x-ms-unique-id": [ "178" ],
        "x-ms-client-request-id": [ "2a2907b3-fafd-4db1-9dfa-da957a8f34d4" ],
        "CommandName": [ "Az.ServiceBus.private\\Get-AzServiceBusTopicAuthorizationRule_List" ],
        "FullCommandName": [ "Get-AzServiceBusTopicAuthorizationRule_List" ],
        "ParameterSetName": [ "__AllParameterSets" ],
        "User-Agent": [ "AzurePowershell/v0.0.0", "PSVersion/v7.1.3", "Az.ServiceBus/0.1.0" ],
        "Authorization": [ "[Filtered]" ]
      },
      "ContentHeaders": {
      }
    },
    "Response": {
      "StatusCode": 200,
      "Headers": {
        "Cache-Control": [ "no-cache" ],
        "Pragma": [ "no-cache" ],
        "Server": [ "Microsoft-HTTPAPI/2.0" ],
        "x-ms-ratelimit-remaining-subscription-reads": [ "11868" ],
        "x-ms-request-id": [ "da6e9544-7138-4355-9470-9e3037e7b9f5" ],
        "x-ms-correlation-request-id": [ "da6e9544-7138-4355-9470-9e3037e7b9f5" ],
        "x-ms-routing-request-id": [ "SOUTHCENTRALUS:20221124T063910Z:da6e9544-7138-4355-9470-9e3037e7b9f5" ],
        "Strict-Transport-Security": [ "max-age=31536000; includeSubDomains" ],
        "X-Content-Type-Options": [ "nosniff" ],
        "Date": [ "Thu, 24 Nov 2022 06:39:09 GMT" ]
      },
      "ContentHeaders": {
        "Content-Length": [ "747" ],
        "Content-Type": [ "application/json; charset=utf-8" ],
        "Expires": [ "-1" ]
      },
      "Content": "{\"value\":[{\"id\":\"/subscriptions/326100e2-f69d-4268-8503-075374f62b6e/resourcegroups/resourceGroupAutorestzxu1k4/providers/Microsoft.ServiceBus/namespaces/namespaceNameu4sf79/topics/topic1/authorizationrules/topicAuthRule2\",\"name\":\"topicAuthRule2\",\"type\":\"Microsoft.ServiceBus/namespaces/topics/authorizationrules\",\"location\":\"eastus\",\"properties\":{\"rights\":[\"Listen\"]}},{\"id\":\"/subscriptions/326100e2-f69d-4268-8503-075374f62b6e/resourcegroups/resourceGroupAutorestzxu1k4/providers/Microsoft.ServiceBus/namespaces/namespaceNameu4sf79/topics/topic1/authorizationrules/topicAuthRule1\",\"name\":\"topicAuthRule1\",\"type\":\"Microsoft.ServiceBus/namespaces/topics/authorizationrules\",\"location\":\"eastus\",\"properties\":{\"rights\":[\"Manage\",\"Listen\",\"Send\"]}}]}",
      "isContentBase64": false
    }
  },
  "Remove-AzServiceBusAuthorizationRule+[NoContext]+RemoveExpandedQueue+$DELETE+https://management.azure.com/subscriptions/326100e2-f69d-4268-8503-075374f62b6e/resourceGroups/resourceGroupAutorestzxu1k4/providers/Microsoft.ServiceBus/namespaces/namespaceNameu4sf79/queues/queue1/authorizationRules/queueAuthRule3?api-version=2022-01-01-preview+1": {
    "Request": {
      "Method": "DELETE",
      "RequestUri": "https://management.azure.com/subscriptions/326100e2-f69d-4268-8503-075374f62b6e/resourceGroups/resourceGroupAutorestzxu1k4/providers/Microsoft.ServiceBus/namespaces/namespaceNameu4sf79/queues/queue1/authorizationRules/queueAuthRule3?api-version=2022-01-01-preview",
      "Content": null,
      "isContentBase64": false,
      "Headers": {
        "x-ms-unique-id": [ "179" ],
        "x-ms-client-request-id": [ "3c8bb847-5e8d-4527-9aa8-22a8c21c3cdb" ],
        "CommandName": [ "Az.ServiceBus.private\\Remove-AzServiceBusQueueAuthorizationRule_Delete" ],
        "FullCommandName": [ "Remove-AzServiceBusQueueAuthorizationRule_Delete" ],
        "ParameterSetName": [ "__AllParameterSets" ],
        "User-Agent": [ "AzurePowershell/v0.0.0", "PSVersion/v7.1.3", "Az.ServiceBus/0.1.0" ],
        "Authorization": [ "[Filtered]" ]
      },
      "ContentHeaders": {
      }
    },
    "Response": {
      "StatusCode": 200,
      "Headers": {
        "Cache-Control": [ "no-cache" ],
        "Pragma": [ "no-cache" ],
        "Server": [ "Microsoft-HTTPAPI/2.0" ],
        "x-ms-ratelimit-remaining-subscription-deletes": [ "14997" ],
        "x-ms-request-id": [ "6babb1c8-b4ad-4196-a5f7-da871dfddcc1" ],
        "x-ms-correlation-request-id": [ "6babb1c8-b4ad-4196-a5f7-da871dfddcc1" ],
        "x-ms-routing-request-id": [ "SOUTHCENTRALUS:20221124T063910Z:6babb1c8-b4ad-4196-a5f7-da871dfddcc1" ],
        "Strict-Transport-Security": [ "max-age=31536000; includeSubDomains" ],
        "X-Content-Type-Options": [ "nosniff" ],
        "Date": [ "Thu, 24 Nov 2022 06:39:10 GMT" ]
      },
      "ContentHeaders": {
        "Expires": [ "-1" ],
        "Content-Length": [ "0" ]
      },
      "Content": null,
      "isContentBase64": false
    }
  },
  "Remove-AzServiceBusAuthorizationRule+[NoContext]+RemoveExpandedQueue+$GET+https://management.azure.com/subscriptions/326100e2-f69d-4268-8503-075374f62b6e/resourceGroups/resourceGroupAutorestzxu1k4/providers/Microsoft.ServiceBus/namespaces/namespaceNameu4sf79/queues/queue1/authorizationRules/queueAuthRule3?api-version=2022-01-01-preview+2": {
    "Request": {
      "Method": "GET",
      "RequestUri": "https://management.azure.com/subscriptions/326100e2-f69d-4268-8503-075374f62b6e/resourceGroups/resourceGroupAutorestzxu1k4/providers/Microsoft.ServiceBus/namespaces/namespaceNameu4sf79/queues/queue1/authorizationRules/queueAuthRule3?api-version=2022-01-01-preview",
      "Content": null,
      "isContentBase64": false,
      "Headers": {
        "x-ms-unique-id": [ "180" ],
        "x-ms-client-request-id": [ "7c40499f-fb19-46c3-a5a6-8965cb59c220" ],
        "CommandName": [ "Az.ServiceBus.private\\Get-AzServiceBusQueueAuthorizationRule_Get" ],
        "FullCommandName": [ "Get-AzServiceBusQueueAuthorizationRule_Get" ],
        "ParameterSetName": [ "__AllParameterSets" ],
        "User-Agent": [ "AzurePowershell/v0.0.0", "PSVersion/v7.1.3", "Az.ServiceBus/0.1.0" ],
        "Authorization": [ "[Filtered]" ]
      },
      "ContentHeaders": {
      }
    },
    "Response": {
      "StatusCode": 404,
      "Headers": {
        "Cache-Control": [ "no-cache" ],
        "Pragma": [ "no-cache" ],
        "Server": [ "Microsoft-HTTPAPI/2.0" ],
        "x-ms-ratelimit-remaining-subscription-reads": [ "11867" ],
        "x-ms-request-id": [ "ea771cbc-79d5-4b13-a8f9-2972e6d24ac2" ],
        "x-ms-correlation-request-id": [ "ea771cbc-79d5-4b13-a8f9-2972e6d24ac2" ],
        "x-ms-routing-request-id": [ "SOUTHCENTRALUS:20221124T063911Z:ea771cbc-79d5-4b13-a8f9-2972e6d24ac2" ],
        "Strict-Transport-Security": [ "max-age=31536000; includeSubDomains" ],
        "X-Content-Type-Options": [ "nosniff" ],
        "Date": [ "Thu, 24 Nov 2022 06:39:10 GMT" ]
      },
      "ContentHeaders": {
        "Content-Length": [ "87" ],
        "Content-Type": [ "application/json" ],
        "Expires": [ "-1" ]
      },
      "Content": "{\"error\":{\"code\":\"AuthorizationRuleNotFound\",\"message\":\"Authorization rule not found\"}}",
      "isContentBase64": false
    }
  },
  "Remove-AzServiceBusAuthorizationRule+[NoContext]+RemoveExpandedQueue+$GET+https://management.azure.com/subscriptions/326100e2-f69d-4268-8503-075374f62b6e/resourceGroups/resourceGroupAutorestzxu1k4/providers/Microsoft.ServiceBus/namespaces/namespaceNameu4sf79/queues/queue1/authorizationRules?api-version=2022-01-01-preview+3": {
    "Request": {
      "Method": "GET",
      "RequestUri": "https://management.azure.com/subscriptions/326100e2-f69d-4268-8503-075374f62b6e/resourceGroups/resourceGroupAutorestzxu1k4/providers/Microsoft.ServiceBus/namespaces/namespaceNameu4sf79/queues/queue1/authorizationRules?api-version=2022-01-01-preview",
      "Content": null,
      "isContentBase64": false,
      "Headers": {
        "x-ms-unique-id": [ "181" ],
        "x-ms-client-request-id": [ "74e7f7a1-2ca0-40dd-8bbb-7d1eb86b7654" ],
        "CommandName": [ "Az.ServiceBus.private\\Get-AzServiceBusQueueAuthorizationRule_List" ],
        "FullCommandName": [ "Get-AzServiceBusQueueAuthorizationRule_List" ],
        "ParameterSetName": [ "__AllParameterSets" ],
        "User-Agent": [ "AzurePowershell/v0.0.0", "PSVersion/v7.1.3", "Az.ServiceBus/0.1.0" ],
        "Authorization": [ "[Filtered]" ]
      },
      "ContentHeaders": {
      }
    },
    "Response": {
      "StatusCode": 200,
      "Headers": {
        "Cache-Control": [ "no-cache" ],
        "Pragma": [ "no-cache" ],
        "Server": [ "Microsoft-HTTPAPI/2.0" ],
        "x-ms-ratelimit-remaining-subscription-reads": [ "11866" ],
        "x-ms-request-id": [ "787be48d-a368-4fe4-8c65-413b7925c1ee" ],
        "x-ms-correlation-request-id": [ "787be48d-a368-4fe4-8c65-413b7925c1ee" ],
        "x-ms-routing-request-id": [ "SOUTHCENTRALUS:20221124T063911Z:787be48d-a368-4fe4-8c65-413b7925c1ee" ],
        "Strict-Transport-Security": [ "max-age=31536000; includeSubDomains" ],
        "X-Content-Type-Options": [ "nosniff" ],
        "Date": [ "Thu, 24 Nov 2022 06:39:11 GMT" ]
      },
      "ContentHeaders": {
        "Content-Length": [ "763" ],
        "Content-Type": [ "application/json; charset=utf-8" ],
        "Expires": [ "-1" ]
      },
      "Content": "{\"value\":[{\"id\":\"/subscriptions/326100e2-f69d-4268-8503-075374f62b6e/resourcegroups/resourceGroupAutorestzxu1k4/providers/Microsoft.ServiceBus/namespaces/namespaceNameu4sf79/queues/queue1/authorizationrules/queueAuthRule2\",\"name\":\"queueAuthRule2\",\"type\":\"Microsoft.ServiceBus/namespaces/queues/authorizationrules\",\"location\":\"eastus\",\"properties\":{\"rights\":[\"Manage\",\"Listen\",\"Send\"]}},{\"id\":\"/subscriptions/326100e2-f69d-4268-8503-075374f62b6e/resourcegroups/resourceGroupAutorestzxu1k4/providers/Microsoft.ServiceBus/namespaces/namespaceNameu4sf79/queues/queue1/authorizationrules/queueAuthRule1\",\"name\":\"queueAuthRule1\",\"type\":\"Microsoft.ServiceBus/namespaces/queues/authorizationrules\",\"location\":\"eastus\",\"properties\":{\"rights\":[\"Manage\",\"Listen\",\"Send\"]}}]}",
      "isContentBase64": false
    }
  },
  "Remove-AzServiceBusAuthorizationRule+[NoContext]+RemoveViaIdentityExpanded+$GET+https://management.azure.com/subscriptions/326100e2-f69d-4268-8503-075374f62b6e/resourceGroups/resourceGroupAutorestzxu1k4/providers/Microsoft.ServiceBus/namespaces/namespaceNameu4sf79/AuthorizationRules/namespaceAuthRule2?api-version=2022-01-01-preview+1": {
    "Request": {
      "Method": "GET",
      "RequestUri": "https://management.azure.com/subscriptions/326100e2-f69d-4268-8503-075374f62b6e/resourceGroups/resourceGroupAutorestzxu1k4/providers/Microsoft.ServiceBus/namespaces/namespaceNameu4sf79/AuthorizationRules/namespaceAuthRule2?api-version=2022-01-01-preview",
      "Content": null,
      "isContentBase64": false,
      "Headers": {
        "x-ms-unique-id": [ "182" ],
        "x-ms-client-request-id": [ "7a946b79-1d0d-4db8-9dea-b8144cb95591" ],
        "CommandName": [ "Az.ServiceBus.private\\Get-AzServiceBusNamespaceAuthorizationRule_Get" ],
        "FullCommandName": [ "Get-AzServiceBusNamespaceAuthorizationRule_Get" ],
        "ParameterSetName": [ "__AllParameterSets" ],
        "User-Agent": [ "AzurePowershell/v0.0.0", "PSVersion/v7.1.3", "Az.ServiceBus/0.1.0" ],
        "Authorization": [ "[Filtered]" ]
      },
      "ContentHeaders": {
      }
    },
    "Response": {
      "StatusCode": 200,
      "Headers": {
        "Cache-Control": [ "no-cache" ],
        "Pragma": [ "no-cache" ],
        "Server": [ "Microsoft-HTTPAPI/2.0" ],
        "x-ms-ratelimit-remaining-subscription-reads": [ "11865" ],
        "x-ms-request-id": [ "609e3203-3076-422a-9511-e3d92cf79cb4" ],
        "x-ms-correlation-request-id": [ "609e3203-3076-422a-9511-e3d92cf79cb4" ],
        "x-ms-routing-request-id": [ "SOUTHCENTRALUS:20221124T063912Z:609e3203-3076-422a-9511-e3d92cf79cb4" ],
        "Strict-Transport-Security": [ "max-age=31536000; includeSubDomains" ],
        "X-Content-Type-Options": [ "nosniff" ],
        "Date": [ "Thu, 24 Nov 2022 06:39:11 GMT" ]
      },
      "ContentHeaders": {
        "Content-Length": [ "344" ],
        "Content-Type": [ "application/json; charset=utf-8" ],
        "Expires": [ "-1" ]
      },
      "Content": "{\"id\":\"/subscriptions/326100e2-f69d-4268-8503-075374f62b6e/resourcegroups/resourceGroupAutorestzxu1k4/providers/Microsoft.ServiceBus/namespaces/namespaceNameu4sf79/authorizationrules/namespaceAuthRule2\",\"name\":\"namespaceAuthRule2\",\"type\":\"Microsoft.ServiceBus/Namespaces/AuthorizationRules\",\"location\":\"eastus\",\"properties\":{\"rights\":[\"Send\"]}}",
      "isContentBase64": false
    }
  },
  "Remove-AzServiceBusAuthorizationRule+[NoContext]+RemoveViaIdentityExpanded+$DELETE+https://management.azure.com/subscriptions/326100e2-f69d-4268-8503-075374f62b6e/resourceGroups/resourceGroupAutorestzxu1k4/providers/Microsoft.ServiceBus/namespaces/namespaceNameu4sf79/AuthorizationRules/namespaceAuthRule2?api-version=2022-01-01-preview+2": {
    "Request": {
      "Method": "DELETE",
      "RequestUri": "https://management.azure.com/subscriptions/326100e2-f69d-4268-8503-075374f62b6e/resourceGroups/resourceGroupAutorestzxu1k4/providers/Microsoft.ServiceBus/namespaces/namespaceNameu4sf79/AuthorizationRules/namespaceAuthRule2?api-version=2022-01-01-preview",
      "Content": null,
      "isContentBase64": false,
      "Headers": {
        "x-ms-unique-id": [ "183" ],
        "x-ms-client-request-id": [ "4610ce36-5276-4198-8c26-9afb1b726454" ],
        "CommandName": [ "Az.ServiceBus.private\\Remove-AzServiceBusNamespaceAuthorizationRule_DeleteViaIdentity" ],
        "FullCommandName": [ "Remove-AzServiceBusNamespaceAuthorizationRule_DeleteViaIdentity" ],
        "ParameterSetName": [ "__AllParameterSets" ],
        "User-Agent": [ "AzurePowershell/v0.0.0", "PSVersion/v7.1.3", "Az.ServiceBus/0.1.0" ],
        "Authorization": [ "[Filtered]" ]
      },
      "ContentHeaders": {
      }
    },
    "Response": {
      "StatusCode": 200,
      "Headers": {
        "Cache-Control": [ "no-cache" ],
        "Pragma": [ "no-cache" ],
        "Server": [ "Microsoft-HTTPAPI/2.0" ],
        "x-ms-ratelimit-remaining-subscription-deletes": [ "14996" ],
        "x-ms-request-id": [ "522dfb78-61fb-47b2-b086-fa1583a61792" ],
        "x-ms-correlation-request-id": [ "522dfb78-61fb-47b2-b086-fa1583a61792" ],
        "x-ms-routing-request-id": [ "SOUTHCENTRALUS:20221124T063918Z:522dfb78-61fb-47b2-b086-fa1583a61792" ],
        "Strict-Transport-Security": [ "max-age=31536000; includeSubDomains" ],
        "X-Content-Type-Options": [ "nosniff" ],
        "Date": [ "Thu, 24 Nov 2022 06:39:17 GMT" ]
      },
      "ContentHeaders": {
        "Expires": [ "-1" ],
        "Content-Length": [ "0" ]
      },
      "Content": null,
      "isContentBase64": false
    }
  },
  "Remove-AzServiceBusAuthorizationRule+[NoContext]+RemoveViaIdentityExpanded+$GET+https://management.azure.com/subscriptions/326100e2-f69d-4268-8503-075374f62b6e/resourceGroups/resourceGroupAutorestzxu1k4/providers/Microsoft.ServiceBus/namespaces/namespaceNameu4sf79/AuthorizationRules/namespaceAuthRule2?api-version=2022-01-01-preview+3": {
    "Request": {
      "Method": "GET",
      "RequestUri": "https://management.azure.com/subscriptions/326100e2-f69d-4268-8503-075374f62b6e/resourceGroups/resourceGroupAutorestzxu1k4/providers/Microsoft.ServiceBus/namespaces/namespaceNameu4sf79/AuthorizationRules/namespaceAuthRule2?api-version=2022-01-01-preview",
      "Content": null,
      "isContentBase64": false,
      "Headers": {
        "x-ms-unique-id": [ "184" ],
        "x-ms-client-request-id": [ "9bf40089-2dab-49d9-a94d-8d3e1b46c697" ],
        "CommandName": [ "Az.ServiceBus.private\\Get-AzServiceBusNamespaceAuthorizationRule_GetViaIdentity" ],
        "FullCommandName": [ "Get-AzServiceBusNamespaceAuthorizationRule_GetViaIdentity" ],
        "ParameterSetName": [ "__AllParameterSets" ],
        "User-Agent": [ "AzurePowershell/v0.0.0", "PSVersion/v7.1.3", "Az.ServiceBus/0.1.0" ],
        "Authorization": [ "[Filtered]" ]
      },
      "ContentHeaders": {
      }
    },
    "Response": {
      "StatusCode": 404,
      "Headers": {
        "Cache-Control": [ "no-cache" ],
        "Pragma": [ "no-cache" ],
        "Server": [ "Microsoft-HTTPAPI/2.0" ],
        "x-ms-ratelimit-remaining-subscription-reads": [ "11864" ],
        "x-ms-request-id": [ "5032cbb4-722b-430b-a491-8f6594187416" ],
        "x-ms-correlation-request-id": [ "5032cbb4-722b-430b-a491-8f6594187416" ],
        "x-ms-routing-request-id": [ "SOUTHCENTRALUS:20221124T063919Z:5032cbb4-722b-430b-a491-8f6594187416" ],
        "Strict-Transport-Security": [ "max-age=31536000; includeSubDomains" ],
        "X-Content-Type-Options": [ "nosniff" ],
        "Date": [ "Thu, 24 Nov 2022 06:39:18 GMT" ]
      },
      "ContentHeaders": {
        "Content-Length": [ "87" ],
        "Content-Type": [ "application/json" ],
        "Expires": [ "-1" ]
      },
      "Content": "{\"error\":{\"code\":\"AuthorizationRuleNotFound\",\"message\":\"Authorization rule not found\"}}",
      "isContentBase64": false
    }
  },
  "Remove-AzServiceBusAuthorizationRule+[NoContext]+RemoveViaIdentityExpanded+$GET+https://management.azure.com/subscriptions/326100e2-f69d-4268-8503-075374f62b6e/resourceGroups/resourceGroupAutorestzxu1k4/providers/Microsoft.ServiceBus/namespaces/namespaceNameu4sf79/AuthorizationRules?api-version=2022-01-01-preview+4": {
    "Request": {
      "Method": "GET",
      "RequestUri": "https://management.azure.com/subscriptions/326100e2-f69d-4268-8503-075374f62b6e/resourceGroups/resourceGroupAutorestzxu1k4/providers/Microsoft.ServiceBus/namespaces/namespaceNameu4sf79/AuthorizationRules?api-version=2022-01-01-preview",
      "Content": null,
      "isContentBase64": false,
      "Headers": {
        "x-ms-unique-id": [ "185" ],
        "x-ms-client-request-id": [ "bd213eb0-7218-4864-9802-6c664e92a7b9" ],
        "CommandName": [ "Az.ServiceBus.private\\Get-AzServiceBusNamespaceAuthorizationRule_List" ],
        "FullCommandName": [ "Get-AzServiceBusNamespaceAuthorizationRule_List" ],
        "ParameterSetName": [ "__AllParameterSets" ],
        "User-Agent": [ "AzurePowershell/v0.0.0", "PSVersion/v7.1.3", "Az.ServiceBus/0.1.0" ],
        "Authorization": [ "[Filtered]" ]
      },
      "ContentHeaders": {
      }
    },
    "Response": {
      "StatusCode": 200,
      "Headers": {
        "Cache-Control": [ "no-cache" ],
        "Pragma": [ "no-cache" ],
        "Server": [ "Microsoft-HTTPAPI/2.0" ],
        "x-ms-ratelimit-remaining-subscription-reads": [ "11863" ],
        "x-ms-request-id": [ "8cf3ffe4-7754-4932-82c1-e31b467c4cce" ],
        "x-ms-correlation-request-id": [ "8cf3ffe4-7754-4932-82c1-e31b467c4cce" ],
        "x-ms-routing-request-id": [ "SOUTHCENTRALUS:20221124T063919Z:8cf3ffe4-7754-4932-82c1-e31b467c4cce" ],
        "Strict-Transport-Security": [ "max-age=31536000; includeSubDomains" ],
        "X-Content-Type-Options": [ "nosniff" ],
        "Date": [ "Thu, 24 Nov 2022 06:39:18 GMT" ]
      },
      "ContentHeaders": {
        "Content-Length": [ "751" ],
        "Content-Type": [ "application/json; charset=utf-8" ],
        "Expires": [ "-1" ]
      },
      "Content": "{\"value\":[{\"id\":\"/subscriptions/326100e2-f69d-4268-8503-075374f62b6e/resourcegroups/resourceGroupAutorestzxu1k4/providers/Microsoft.ServiceBus/namespaces/namespaceNameu4sf79/authorizationrules/RootManageSharedAccessKey\",\"name\":\"RootManageSharedAccessKey\",\"type\":\"Microsoft.ServiceBus/Namespaces/AuthorizationRules\",\"location\":\"eastus\",\"properties\":{\"rights\":[\"Listen\",\"Manage\",\"Send\"]}},{\"id\":\"/subscriptions/326100e2-f69d-4268-8503-075374f62b6e/resourcegroups/resourceGroupAutorestzxu1k4/providers/Microsoft.ServiceBus/namespaces/namespaceNameu4sf79/authorizationrules/namespaceAuthRule1\",\"name\":\"namespaceAuthRule1\",\"type\":\"Microsoft.ServiceBus/Namespaces/AuthorizationRules\",\"location\":\"eastus\",\"properties\":{\"rights\":[\"Manage\",\"Listen\",\"Send\"]}}]}",
      "isContentBase64": false
    }
  },
  "Remove-AzServiceBusAuthorizationRule+[NoContext]+RemoveViaIdentityExpanded+$GET+https://management.azure.com/subscriptions/326100e2-f69d-4268-8503-075374f62b6e/resourceGroups/resourceGroupAutorestzxu1k4/providers/Microsoft.ServiceBus/namespaces/namespaceNameu4sf79/queues/queue1/authorizationRules/queueAuthRule2?api-version=2022-01-01-preview+5": {
    "Request": {
      "Method": "GET",
      "RequestUri": "https://management.azure.com/subscriptions/326100e2-f69d-4268-8503-075374f62b6e/resourceGroups/resourceGroupAutorestzxu1k4/providers/Microsoft.ServiceBus/namespaces/namespaceNameu4sf79/queues/queue1/authorizationRules/queueAuthRule2?api-version=2022-01-01-preview",
      "Content": null,
      "isContentBase64": false,
      "Headers": {
        "x-ms-unique-id": [ "186" ],
        "x-ms-client-request-id": [ "1e142bdb-7d1f-4e0f-8f4a-562ccd8cc71e" ],
        "CommandName": [ "Az.ServiceBus.private\\Get-AzServiceBusQueueAuthorizationRule_Get" ],
        "FullCommandName": [ "Get-AzServiceBusQueueAuthorizationRule_Get" ],
        "ParameterSetName": [ "__AllParameterSets" ],
        "User-Agent": [ "AzurePowershell/v0.0.0", "PSVersion/v7.1.3", "Az.ServiceBus/0.1.0" ],
        "Authorization": [ "[Filtered]" ]
      },
      "ContentHeaders": {
      }
    },
    "Response": {
      "StatusCode": 200,
      "Headers": {
        "Cache-Control": [ "no-cache" ],
        "Pragma": [ "no-cache" ],
        "Server": [ "Microsoft-HTTPAPI/2.0" ],
        "x-ms-ratelimit-remaining-subscription-reads": [ "11862" ],
        "x-ms-request-id": [ "ef3472ff-7dce-404e-8a42-e353f1c6595a" ],
        "x-ms-correlation-request-id": [ "ef3472ff-7dce-404e-8a42-e353f1c6595a" ],
        "x-ms-routing-request-id": [ "SOUTHCENTRALUS:20221124T063920Z:ef3472ff-7dce-404e-8a42-e353f1c6595a" ],
        "Strict-Transport-Security": [ "max-age=31536000; includeSubDomains" ],
        "X-Content-Type-Options": [ "nosniff" ],
        "Date": [ "Thu, 24 Nov 2022 06:39:19 GMT" ]
      },
      "ContentHeaders": {
        "Content-Length": [ "375" ],
        "Content-Type": [ "application/json; charset=utf-8" ],
        "Expires": [ "-1" ]
      },
      "Content": "{\"id\":\"/subscriptions/326100e2-f69d-4268-8503-075374f62b6e/resourcegroups/resourceGroupAutorestzxu1k4/providers/Microsoft.ServiceBus/namespaces/namespaceNameu4sf79/queues/queue1/authorizationrules/queueAuthRule2\",\"name\":\"queueAuthRule2\",\"type\":\"Microsoft.ServiceBus/namespaces/queues/authorizationrules\",\"location\":\"eastus\",\"properties\":{\"rights\":[\"Manage\",\"Listen\",\"Send\"]}}",
      "isContentBase64": false
    }
  },
  "Remove-AzServiceBusAuthorizationRule+[NoContext]+RemoveViaIdentityExpanded+$DELETE+https://management.azure.com/subscriptions/326100e2-f69d-4268-8503-075374f62b6e/resourceGroups/resourceGroupAutorestzxu1k4/providers/Microsoft.ServiceBus/namespaces/namespaceNameu4sf79/queues/queue1/authorizationRules/queueAuthRule2?api-version=2022-01-01-preview+6": {
    "Request": {
      "Method": "DELETE",
      "RequestUri": "https://management.azure.com/subscriptions/326100e2-f69d-4268-8503-075374f62b6e/resourceGroups/resourceGroupAutorestzxu1k4/providers/Microsoft.ServiceBus/namespaces/namespaceNameu4sf79/queues/queue1/authorizationRules/queueAuthRule2?api-version=2022-01-01-preview",
      "Content": null,
      "isContentBase64": false,
      "Headers": {
        "x-ms-unique-id": [ "187" ],
        "x-ms-client-request-id": [ "db1aed29-29d2-463a-88d8-750e895552d3" ],
        "CommandName": [ "Az.ServiceBus.private\\Remove-AzServiceBusQueueAuthorizationRule_DeleteViaIdentity" ],
        "FullCommandName": [ "Remove-AzServiceBusQueueAuthorizationRule_DeleteViaIdentity" ],
        "ParameterSetName": [ "__AllParameterSets" ],
        "User-Agent": [ "AzurePowershell/v0.0.0", "PSVersion/v7.1.3", "Az.ServiceBus/0.1.0" ],
        "Authorization": [ "[Filtered]" ]
      },
      "ContentHeaders": {
      }
    },
    "Response": {
      "StatusCode": 200,
      "Headers": {
        "Cache-Control": [ "no-cache" ],
        "Pragma": [ "no-cache" ],
        "Server": [ "Microsoft-HTTPAPI/2.0" ],
        "x-ms-ratelimit-remaining-subscription-deletes": [ "14995" ],
        "x-ms-request-id": [ "72a612d6-e6c9-44c6-a9bd-ff483c3c385c" ],
        "x-ms-correlation-request-id": [ "72a612d6-e6c9-44c6-a9bd-ff483c3c385c" ],
        "x-ms-routing-request-id": [ "SOUTHCENTRALUS:20221124T063920Z:72a612d6-e6c9-44c6-a9bd-ff483c3c385c" ],
        "Strict-Transport-Security": [ "max-age=31536000; includeSubDomains" ],
        "X-Content-Type-Options": [ "nosniff" ],
        "Date": [ "Thu, 24 Nov 2022 06:39:19 GMT" ]
      },
      "ContentHeaders": {
        "Expires": [ "-1" ],
        "Content-Length": [ "0" ]
      },
      "Content": null,
      "isContentBase64": false
    }
  },
  "Remove-AzServiceBusAuthorizationRule+[NoContext]+RemoveViaIdentityExpanded+$GET+https://management.azure.com/subscriptions/326100e2-f69d-4268-8503-075374f62b6e/resourceGroups/resourceGroupAutorestzxu1k4/providers/Microsoft.ServiceBus/namespaces/namespaceNameu4sf79/queues/queue1/authorizationRules/queueAuthRule2?api-version=2022-01-01-preview+7": {
    "Request": {
      "Method": "GET",
      "RequestUri": "https://management.azure.com/subscriptions/326100e2-f69d-4268-8503-075374f62b6e/resourceGroups/resourceGroupAutorestzxu1k4/providers/Microsoft.ServiceBus/namespaces/namespaceNameu4sf79/queues/queue1/authorizationRules/queueAuthRule2?api-version=2022-01-01-preview",
      "Content": null,
      "isContentBase64": false,
      "Headers": {
        "x-ms-unique-id": [ "188" ],
        "x-ms-client-request-id": [ "d5674727-5997-4663-9046-70d0e38e05b1" ],
        "CommandName": [ "Az.ServiceBus.private\\Get-AzServiceBusQueueAuthorizationRule_GetViaIdentity" ],
        "FullCommandName": [ "Get-AzServiceBusQueueAuthorizationRule_GetViaIdentity" ],
        "ParameterSetName": [ "__AllParameterSets" ],
        "User-Agent": [ "AzurePowershell/v0.0.0", "PSVersion/v7.1.3", "Az.ServiceBus/0.1.0" ],
        "Authorization": [ "[Filtered]" ]
      },
      "ContentHeaders": {
      }
    },
    "Response": {
      "StatusCode": 404,
      "Headers": {
        "Cache-Control": [ "no-cache" ],
        "Pragma": [ "no-cache" ],
        "Server": [ "Microsoft-HTTPAPI/2.0" ],
        "x-ms-ratelimit-remaining-subscription-reads": [ "11861" ],
        "x-ms-request-id": [ "5989e344-e8e3-4905-ac53-93f9a7fb0807" ],
        "x-ms-correlation-request-id": [ "5989e344-e8e3-4905-ac53-93f9a7fb0807" ],
        "x-ms-routing-request-id": [ "SOUTHCENTRALUS:20221124T063921Z:5989e344-e8e3-4905-ac53-93f9a7fb0807" ],
        "Strict-Transport-Security": [ "max-age=31536000; includeSubDomains" ],
        "X-Content-Type-Options": [ "nosniff" ],
        "Date": [ "Thu, 24 Nov 2022 06:39:20 GMT" ]
      },
      "ContentHeaders": {
        "Content-Length": [ "87" ],
        "Content-Type": [ "application/json" ],
        "Expires": [ "-1" ]
      },
      "Content": "{\"error\":{\"code\":\"AuthorizationRuleNotFound\",\"message\":\"Authorization rule not found\"}}",
      "isContentBase64": false
    }
  },
  "Remove-AzServiceBusAuthorizationRule+[NoContext]+RemoveViaIdentityExpanded+$GET+https://management.azure.com/subscriptions/326100e2-f69d-4268-8503-075374f62b6e/resourceGroups/resourceGroupAutorestzxu1k4/providers/Microsoft.ServiceBus/namespaces/namespaceNameu4sf79/queues/queue1/authorizationRules?api-version=2022-01-01-preview+8": {
    "Request": {
      "Method": "GET",
      "RequestUri": "https://management.azure.com/subscriptions/326100e2-f69d-4268-8503-075374f62b6e/resourceGroups/resourceGroupAutorestzxu1k4/providers/Microsoft.ServiceBus/namespaces/namespaceNameu4sf79/queues/queue1/authorizationRules?api-version=2022-01-01-preview",
      "Content": null,
      "isContentBase64": false,
      "Headers": {
        "x-ms-unique-id": [ "189" ],
        "x-ms-client-request-id": [ "399a0b9c-14c7-4c1b-8589-352d7f2d40c1" ],
        "CommandName": [ "Az.ServiceBus.private\\Get-AzServiceBusQueueAuthorizationRule_List" ],
        "FullCommandName": [ "Get-AzServiceBusQueueAuthorizationRule_List" ],
        "ParameterSetName": [ "__AllParameterSets" ],
        "User-Agent": [ "AzurePowershell/v0.0.0", "PSVersion/v7.1.3", "Az.ServiceBus/0.1.0" ],
        "Authorization": [ "[Filtered]" ]
      },
      "ContentHeaders": {
      }
    },
    "Response": {
      "StatusCode": 200,
      "Headers": {
        "Cache-Control": [ "no-cache" ],
        "Pragma": [ "no-cache" ],
        "Server": [ "Microsoft-HTTPAPI/2.0" ],
        "x-ms-ratelimit-remaining-subscription-reads": [ "11860" ],
        "x-ms-request-id": [ "edcaac91-7a09-49a1-9dc5-0284682e5f37" ],
        "x-ms-correlation-request-id": [ "edcaac91-7a09-49a1-9dc5-0284682e5f37" ],
        "x-ms-routing-request-id": [ "SOUTHCENTRALUS:20221124T063921Z:edcaac91-7a09-49a1-9dc5-0284682e5f37" ],
        "Strict-Transport-Security": [ "max-age=31536000; includeSubDomains" ],
        "X-Content-Type-Options": [ "nosniff" ],
        "Date": [ "Thu, 24 Nov 2022 06:39:20 GMT" ]
      },
      "ContentHeaders": {
        "Content-Length": [ "387" ],
        "Content-Type": [ "application/json; charset=utf-8" ],
        "Expires": [ "-1" ]
      },
      "Content": "{\"value\":[{\"id\":\"/subscriptions/326100e2-f69d-4268-8503-075374f62b6e/resourcegroups/resourceGroupAutorestzxu1k4/providers/Microsoft.ServiceBus/namespaces/namespaceNameu4sf79/queues/queue1/authorizationrules/queueAuthRule1\",\"name\":\"queueAuthRule1\",\"type\":\"Microsoft.ServiceBus/namespaces/queues/authorizationrules\",\"location\":\"eastus\",\"properties\":{\"rights\":[\"Manage\",\"Listen\",\"Send\"]}}]}",
      "isContentBase64": false
    }
  },
  "Remove-AzServiceBusAuthorizationRule+[NoContext]+RemoveViaIdentityExpanded+$GET+https://management.azure.com/subscriptions/326100e2-f69d-4268-8503-075374f62b6e/resourceGroups/resourceGroupAutorestzxu1k4/providers/Microsoft.ServiceBus/namespaces/namespaceNameu4sf79/topics/topic1/authorizationRules/topicAuthRule2?api-version=2022-01-01-preview+9": {
    "Request": {
      "Method": "GET",
      "RequestUri": "https://management.azure.com/subscriptions/326100e2-f69d-4268-8503-075374f62b6e/resourceGroups/resourceGroupAutorestzxu1k4/providers/Microsoft.ServiceBus/namespaces/namespaceNameu4sf79/topics/topic1/authorizationRules/topicAuthRule2?api-version=2022-01-01-preview",
      "Content": null,
      "isContentBase64": false,
      "Headers": {
        "x-ms-unique-id": [ "190" ],
        "x-ms-client-request-id": [ "f965d62e-d986-4e41-a119-190e25dd75aa" ],
        "CommandName": [ "Az.ServiceBus.private\\Get-AzServiceBusTopicAuthorizationRule_Get" ],
        "FullCommandName": [ "Get-AzServiceBusTopicAuthorizationRule_Get" ],
        "ParameterSetName": [ "__AllParameterSets" ],
        "User-Agent": [ "AzurePowershell/v0.0.0", "PSVersion/v7.1.3", "Az.ServiceBus/0.1.0" ],
        "Authorization": [ "[Filtered]" ]
      },
      "ContentHeaders": {
      }
    },
    "Response": {
      "StatusCode": 200,
      "Headers": {
        "Cache-Control": [ "no-cache" ],
        "Pragma": [ "no-cache" ],
        "Server": [ "Microsoft-HTTPAPI/2.0" ],
        "x-ms-ratelimit-remaining-subscription-reads": [ "11859" ],
        "x-ms-request-id": [ "bc6f58f6-ff82-4a37-8011-9b1b774ae5bc" ],
        "x-ms-correlation-request-id": [ "bc6f58f6-ff82-4a37-8011-9b1b774ae5bc" ],
        "x-ms-routing-request-id": [ "SOUTHCENTRALUS:20221124T063921Z:bc6f58f6-ff82-4a37-8011-9b1b774ae5bc" ],
        "Strict-Transport-Security": [ "max-age=31536000; includeSubDomains" ],
        "X-Content-Type-Options": [ "nosniff" ],
        "Date": [ "Thu, 24 Nov 2022 06:39:21 GMT" ]
      },
      "ContentHeaders": {
        "Content-Length": [ "359" ],
        "Content-Type": [ "application/json; charset=utf-8" ],
        "Expires": [ "-1" ]
      },
      "Content": "{\"id\":\"/subscriptions/326100e2-f69d-4268-8503-075374f62b6e/resourcegroups/resourceGroupAutorestzxu1k4/providers/Microsoft.ServiceBus/namespaces/namespaceNameu4sf79/topics/topic1/authorizationrules/topicAuthRule2\",\"name\":\"topicAuthRule2\",\"type\":\"Microsoft.ServiceBus/namespaces/topics/authorizationrules\",\"location\":\"eastus\",\"properties\":{\"rights\":[\"Listen\"]}}",
      "isContentBase64": false
    }
  },
  "Remove-AzServiceBusAuthorizationRule+[NoContext]+RemoveViaIdentityExpanded+$DELETE+https://management.azure.com/subscriptions/326100e2-f69d-4268-8503-075374f62b6e/resourceGroups/resourceGroupAutorestzxu1k4/providers/Microsoft.ServiceBus/namespaces/namespaceNameu4sf79/topics/topic1/authorizationRules/topicAuthRule2?api-version=2022-01-01-preview+10": {
    "Request": {
      "Method": "DELETE",
      "RequestUri": "https://management.azure.com/subscriptions/326100e2-f69d-4268-8503-075374f62b6e/resourceGroups/resourceGroupAutorestzxu1k4/providers/Microsoft.ServiceBus/namespaces/namespaceNameu4sf79/topics/topic1/authorizationRules/topicAuthRule2?api-version=2022-01-01-preview",
      "Content": null,
      "isContentBase64": false,
      "Headers": {
        "x-ms-unique-id": [ "191" ],
        "x-ms-client-request-id": [ "15720cd3-9d54-4bcf-b858-20fdd2e7d963" ],
        "CommandName": [ "Az.ServiceBus.private\\Remove-AzServiceBusTopicAuthorizationRule_DeleteViaIdentity" ],
        "FullCommandName": [ "Remove-AzServiceBusTopicAuthorizationRule_DeleteViaIdentity" ],
        "ParameterSetName": [ "__AllParameterSets" ],
        "User-Agent": [ "AzurePowershell/v0.0.0", "PSVersion/v7.1.3", "Az.ServiceBus/0.1.0" ],
        "Authorization": [ "[Filtered]" ]
      },
      "ContentHeaders": {
      }
    },
    "Response": {
      "StatusCode": 200,
      "Headers": {
        "Cache-Control": [ "no-cache" ],
        "Pragma": [ "no-cache" ],
        "Server": [ "Microsoft-HTTPAPI/2.0" ],
        "x-ms-ratelimit-remaining-subscription-deletes": [ "14994" ],
        "x-ms-request-id": [ "c1b910d6-c352-45fb-aef3-60949cbb9e36" ],
        "x-ms-correlation-request-id": [ "c1b910d6-c352-45fb-aef3-60949cbb9e36" ],
        "x-ms-routing-request-id": [ "SOUTHCENTRALUS:20221124T063922Z:c1b910d6-c352-45fb-aef3-60949cbb9e36" ],
        "Strict-Transport-Security": [ "max-age=31536000; includeSubDomains" ],
        "X-Content-Type-Options": [ "nosniff" ],
        "Date": [ "Thu, 24 Nov 2022 06:39:21 GMT" ]
      },
      "ContentHeaders": {
        "Expires": [ "-1" ],
        "Content-Length": [ "0" ]
      },
      "Content": null,
      "isContentBase64": false
    }
  },
  "Remove-AzServiceBusAuthorizationRule+[NoContext]+RemoveViaIdentityExpanded+$GET+https://management.azure.com/subscriptions/326100e2-f69d-4268-8503-075374f62b6e/resourceGroups/resourceGroupAutorestzxu1k4/providers/Microsoft.ServiceBus/namespaces/namespaceNameu4sf79/topics/topic1/authorizationRules/topicAuthRule2?api-version=2022-01-01-preview+11": {
    "Request": {
      "Method": "GET",
      "RequestUri": "https://management.azure.com/subscriptions/326100e2-f69d-4268-8503-075374f62b6e/resourceGroups/resourceGroupAutorestzxu1k4/providers/Microsoft.ServiceBus/namespaces/namespaceNameu4sf79/topics/topic1/authorizationRules/topicAuthRule2?api-version=2022-01-01-preview",
      "Content": null,
      "isContentBase64": false,
      "Headers": {
        "x-ms-unique-id": [ "192" ],
        "x-ms-client-request-id": [ "3b0029f9-6a44-4977-978e-0187e75dc9df" ],
        "CommandName": [ "Az.ServiceBus.private\\Get-AzServiceBusTopicAuthorizationRule_GetViaIdentity" ],
        "FullCommandName": [ "Get-AzServiceBusTopicAuthorizationRule_GetViaIdentity" ],
        "ParameterSetName": [ "__AllParameterSets" ],
        "User-Agent": [ "AzurePowershell/v0.0.0", "PSVersion/v7.1.3", "Az.ServiceBus/0.1.0" ],
        "Authorization": [ "[Filtered]" ]
      },
      "ContentHeaders": {
      }
    },
    "Response": {
      "StatusCode": 404,
      "Headers": {
        "Cache-Control": [ "no-cache" ],
        "Pragma": [ "no-cache" ],
        "Server": [ "Microsoft-HTTPAPI/2.0" ],
        "x-ms-ratelimit-remaining-subscription-reads": [ "11858" ],
        "x-ms-request-id": [ "9a212dc5-03f6-41e7-b3b4-a671b2f16bde" ],
        "x-ms-correlation-request-id": [ "9a212dc5-03f6-41e7-b3b4-a671b2f16bde" ],
        "x-ms-routing-request-id": [ "SOUTHCENTRALUS:20221124T063922Z:9a212dc5-03f6-41e7-b3b4-a671b2f16bde" ],
        "Strict-Transport-Security": [ "max-age=31536000; includeSubDomains" ],
        "X-Content-Type-Options": [ "nosniff" ],
        "Date": [ "Thu, 24 Nov 2022 06:39:22 GMT" ]
      },
      "ContentHeaders": {
        "Content-Length": [ "87" ],
        "Content-Type": [ "application/json" ],
        "Expires": [ "-1" ]
      },
      "Content": "{\"error\":{\"code\":\"AuthorizationRuleNotFound\",\"message\":\"Authorization rule not found\"}}",
      "isContentBase64": false
    }
  },
  "Remove-AzServiceBusAuthorizationRule+[NoContext]+RemoveViaIdentityExpanded+$GET+https://management.azure.com/subscriptions/326100e2-f69d-4268-8503-075374f62b6e/resourceGroups/resourceGroupAutorestzxu1k4/providers/Microsoft.ServiceBus/namespaces/namespaceNameu4sf79/topics/topic1/authorizationRules?api-version=2022-01-01-preview+12": {
    "Request": {
      "Method": "GET",
      "RequestUri": "https://management.azure.com/subscriptions/326100e2-f69d-4268-8503-075374f62b6e/resourceGroups/resourceGroupAutorestzxu1k4/providers/Microsoft.ServiceBus/namespaces/namespaceNameu4sf79/topics/topic1/authorizationRules?api-version=2022-01-01-preview",
      "Content": null,
      "isContentBase64": false,
      "Headers": {
        "x-ms-unique-id": [ "193" ],
        "x-ms-client-request-id": [ "ac7211b7-ecd2-4dec-ae89-f474cc0e0137" ],
        "CommandName": [ "Az.ServiceBus.private\\Get-AzServiceBusTopicAuthorizationRule_List" ],
        "FullCommandName": [ "Get-AzServiceBusTopicAuthorizationRule_List" ],
        "ParameterSetName": [ "__AllParameterSets" ],
        "User-Agent": [ "AzurePowershell/v0.0.0", "PSVersion/v7.1.3", "Az.ServiceBus/0.1.0" ],
        "Authorization": [ "[Filtered]" ]
      },
      "ContentHeaders": {
      }
    },
    "Response": {
      "StatusCode": 200,
      "Headers": {
        "Cache-Control": [ "no-cache" ],
        "Pragma": [ "no-cache" ],
        "Server": [ "Microsoft-HTTPAPI/2.0" ],
        "x-ms-ratelimit-remaining-subscription-reads": [ "11857" ],
        "x-ms-request-id": [ "7ef1092a-b598-4a66-98e8-c8f4b0d06bfe" ],
        "x-ms-correlation-request-id": [ "7ef1092a-b598-4a66-98e8-c8f4b0d06bfe" ],
        "x-ms-routing-request-id": [ "SOUTHCENTRALUS:20221124T063923Z:7ef1092a-b598-4a66-98e8-c8f4b0d06bfe" ],
        "Strict-Transport-Security": [ "max-age=31536000; includeSubDomains" ],
        "X-Content-Type-Options": [ "nosniff" ],
        "Date": [ "Thu, 24 Nov 2022 06:39:22 GMT" ]
      },
      "ContentHeaders": {
        "Content-Length": [ "387" ],
        "Content-Type": [ "application/json; charset=utf-8" ],
        "Expires": [ "-1" ]
      },
      "Content": "{\"value\":[{\"id\":\"/subscriptions/326100e2-f69d-4268-8503-075374f62b6e/resourcegroups/resourceGroupAutorestzxu1k4/providers/Microsoft.ServiceBus/namespaces/namespaceNameu4sf79/topics/topic1/authorizationrules/topicAuthRule1\",\"name\":\"topicAuthRule1\",\"type\":\"Microsoft.ServiceBus/namespaces/topics/authorizationrules\",\"location\":\"eastus\",\"properties\":{\"rights\":[\"Manage\",\"Listen\",\"Send\"]}}]}",
      "isContentBase64": false
    }
  }
}