{
  "Remove-AzServiceBusRule+[NoContext]+Delete+$PUT+https://management.azure.com/subscriptions/326100e2-f69d-4268-8503-075374f62b6e/resourceGroups/resourceGroupAutorestpnv5dx/providers/Microsoft.ServiceBus/namespaces/namespaceNamerkhezt/topics/topic1/subscriptions/subscription1/rules/sqlRuleToRemove?api-version=2022-10-01-preview+1": {
    "Request": {
      "Method": "PUT",
      "RequestUri": "https://management.azure.com/subscriptions/326100e2-f69d-4268-8503-075374f62b6e/resourceGroups/resourceGroupAutorestpnv5dx/providers/Microsoft.ServiceBus/namespaces/namespaceNamerkhezt/topics/topic1/subscriptions/subscription1/rules/sqlRuleToRemove?api-version=2022-10-01-preview",
      "Content": "{\n}",
      "isContentBase64": false,
      "Headers": {
      },
      "ContentHeaders": {
        "Content-Type": [ "application/json" ],
        "Content-Length": [ "3" ]
      }
    },
    "Response": {
      "StatusCode": 200,
      "Headers": {
        "Cache-Control": [ "no-cache" ],
        "Pragma": [ "no-cache" ],
        "Server": [ "Microsoft-HTTPAPI/2.0" ],
        "x-ms-ratelimit-remaining-subscription-writes": [ "1171" ],
        "x-ms-request-id": [ "b2be7ffe-d9e3-4e95-acab-4b720ee3a409" ],
        "x-ms-correlation-request-id": [ "b2be7ffe-d9e3-4e95-acab-4b720ee3a409" ],
        "x-ms-routing-request-id": [ "SOUTHCENTRALUS:20230213T085658Z:b2be7ffe-d9e3-4e95-acab-4b720ee3a409" ],
        "Strict-Transport-Security": [ "max-age=31536000; includeSubDomains" ],
        "X-Content-Type-Options": [ "nosniff" ],
        "Date": [ "Mon, 13 Feb 2023 08:56:58 GMT" ]
      },
      "ContentHeaders": {
        "Content-Length": [ "454" ],
        "Content-Type": [ "application/json; charset=utf-8" ],
        "Expires": [ "-1" ]
      },
      "Content": "{\"id\":\"/subscriptions/326100e2-f69d-4268-8503-075374f62b6e/resourceGroups/resourceGroupAutorestpnv5dx/providers/Microsoft.ServiceBus/namespaces/namespaceNamerkhezt/topics/topic1/subscriptions/subscription1/rules/sqlRuleToRemove\",\"name\":\"sqlRuleToRemove\",\"type\":\"Microsoft.ServiceBus/namespaces/topics/subscriptions/rules\",\"location\":\"eastus\",\"properties\":{\"action\":{},\"filterType\":\"SqlFilter\",\"sqlFilter\":{\"sqlExpression\":\"1=1\",\"compatibilityLevel\":20}}}",
      "isContentBase64": false
    }
  },
  "Remove-AzServiceBusRule+[NoContext]+Delete+$DELETE+https://management.azure.com/subscriptions/326100e2-f69d-4268-8503-075374f62b6e/resourceGroups/resourceGroupAutorestpnv5dx/providers/Microsoft.ServiceBus/namespaces/namespaceNamerkhezt/topics/topic1/subscriptions/subscription1/rules/sqlRuleToRemove?api-version=2022-10-01-preview+2": {
    "Request": {
      "Method": "DELETE",
      "RequestUri": "https://management.azure.com/subscriptions/326100e2-f69d-4268-8503-075374f62b6e/resourceGroups/resourceGroupAutorestpnv5dx/providers/Microsoft.ServiceBus/namespaces/namespaceNamerkhezt/topics/topic1/subscriptions/subscription1/rules/sqlRuleToRemove?api-version=2022-10-01-preview",
      "Content": null,
      "isContentBase64": false,
      "Headers": {
        "x-ms-unique-id": [ "226" ],
        "x-ms-client-request-id": [ "4667dbda-da36-4d07-8893-875548f8035e" ],
        "CommandName": [ "Remove-AzServiceBusRule" ],
        "FullCommandName": [ "Remove-AzServiceBusRule_Delete" ],
        "ParameterSetName": [ "__AllParameterSets" ],
        "User-Agent": [ "AzurePowershell/v0.0.0", "PSVersion/v7.1.3", "Az.ServiceBus/0.1.0" ],
        "Authorization": [ "[Filtered]" ]
      },
      "ContentHeaders": {
      }
    },
    "Response": {
      "StatusCode": 200,
      "Headers": {
        "Cache-Control": [ "no-cache" ],
        "Pragma": [ "no-cache" ],
        "Server": [ "Microsoft-HTTPAPI/2.0" ],
        "x-ms-ratelimit-remaining-subscription-deletes": [ "14987" ],
        "x-ms-request-id": [ "e080b75d-45b7-4e87-80b7-1f56d8dc9ded" ],
        "x-ms-correlation-request-id": [ "e080b75d-45b7-4e87-80b7-1f56d8dc9ded" ],
        "x-ms-routing-request-id": [ "SOUTHCENTRALUS:20230213T085658Z:e080b75d-45b7-4e87-80b7-1f56d8dc9ded" ],
        "Strict-Transport-Security": [ "max-age=31536000; includeSubDomains" ],
        "X-Content-Type-Options": [ "nosniff" ],
        "Date": [ "Mon, 13 Feb 2023 08:56:58 GMT" ]
      },
      "ContentHeaders": {
        "Expires": [ "-1" ],
        "Content-Length": [ "0" ]
      },
      "Content": null,
      "isContentBase64": false
    }
  },
  "Remove-AzServiceBusRule+[NoContext]+Delete+$GET+https://management.azure.com/subscriptions/326100e2-f69d-4268-8503-075374f62b6e/resourceGroups/resourceGroupAutorestpnv5dx/providers/Microsoft.ServiceBus/namespaces/namespaceNamerkhezt/topics/topic1/subscriptions/subscription1/rules/sqlRuleToRemove?api-version=2022-10-01-preview+3": {
    "Request": {
      "Method": "GET",
      "RequestUri": "https://management.azure.com/subscriptions/326100e2-f69d-4268-8503-075374f62b6e/resourceGroups/resourceGroupAutorestpnv5dx/providers/Microsoft.ServiceBus/namespaces/namespaceNamerkhezt/topics/topic1/subscriptions/subscription1/rules/sqlRuleToRemove?api-version=2022-10-01-preview",
      "Content": null,
      "isContentBase64": false,
      "Headers": {
        "x-ms-unique-id": [ "227" ],
        "x-ms-client-request-id": [ "a16704b6-a78f-460e-83d7-035e719085f8" ],
        "CommandName": [ "Get-AzServiceBusRule" ],
        "FullCommandName": [ "Get-AzServiceBusRule_Get" ],
        "ParameterSetName": [ "__AllParameterSets" ],
        "User-Agent": [ "AzurePowershell/v0.0.0", "PSVersion/v7.1.3", "Az.ServiceBus/0.1.0" ],
        "Authorization": [ "[Filtered]" ]
      },
      "ContentHeaders": {
      }
    },
    "Response": {
      "StatusCode": 404,
      "Headers": {
        "Cache-Control": [ "no-cache" ],
        "Pragma": [ "no-cache" ],
        "Server": [ "Microsoft-HTTPAPI/2.0" ],
        "x-ms-ratelimit-remaining-subscription-reads": [ "11835" ],
        "x-ms-request-id": [ "5aa73921-a467-4a8c-982c-a0793504ae49" ],
        "x-ms-correlation-request-id": [ "5aa73921-a467-4a8c-982c-a0793504ae49" ],
        "x-ms-routing-request-id": [ "SOUTHCENTRALUS:20230213T085700Z:5aa73921-a467-4a8c-982c-a0793504ae49" ],
        "Strict-Transport-Security": [ "max-age=31536000; includeSubDomains" ],
        "X-Content-Type-Options": [ "nosniff" ],
        "Date": [ "Mon, 13 Feb 2023 08:57:00 GMT" ]
      },
      "ContentHeaders": {
        "Content-Length": [ "73" ],
        "Content-Type": [ "application/json" ],
        "Expires": [ "-1" ]
      },
      "Content": "{\"error\":{\"code\":\"SubscriptionNotFound\",\"message\":\"Rule does not exist\"}}",
      "isContentBase64": false
    }
  },
  "Remove-AzServiceBusRule+[NoContext]+DeleteViaIdentity+$PUT+https://management.azure.com/subscriptions/326100e2-f69d-4268-8503-075374f62b6e/resourceGroups/resourceGroupAutorestpnv5dx/providers/Microsoft.ServiceBus/namespaces/namespaceNamerkhezt/topics/topic1/subscriptions/subscription1/rules/sqlRuleToRemove?api-version=2022-10-01-preview+1": {
    "Request": {
      "Method": "PUT",
      "RequestUri": "https://management.azure.com/subscriptions/326100e2-f69d-4268-8503-075374f62b6e/resourceGroups/resourceGroupAutorestpnv5dx/providers/Microsoft.ServiceBus/namespaces/namespaceNamerkhezt/topics/topic1/subscriptions/subscription1/rules/sqlRuleToRemove?api-version=2022-10-01-preview",
      "Content": "{\n}",
      "isContentBase64": false,
      "Headers": {
      },
      "ContentHeaders": {
        "Content-Type": [ "application/json" ],
        "Content-Length": [ "3" ]
      }
    },
    "Response": {
      "StatusCode": 200,
      "Headers": {
        "Cache-Control": [ "no-cache" ],
        "Pragma": [ "no-cache" ],
        "Server": [ "Microsoft-HTTPAPI/2.0" ],
        "x-ms-ratelimit-remaining-subscription-writes": [ "1170" ],
        "x-ms-request-id": [ "b957dec1-86a0-4ec6-8238-6b8810f50189" ],
        "x-ms-correlation-request-id": [ "b957dec1-86a0-4ec6-8238-6b8810f50189" ],
        "x-ms-routing-request-id": [ "SOUTHCENTRALUS:20230213T085702Z:b957dec1-86a0-4ec6-8238-6b8810f50189" ],
        "Strict-Transport-Security": [ "max-age=31536000; includeSubDomains" ],
        "X-Content-Type-Options": [ "nosniff" ],
        "Date": [ "Mon, 13 Feb 2023 08:57:02 GMT" ]
      },
      "ContentHeaders": {
        "Content-Length": [ "454" ],
        "Content-Type": [ "application/json; charset=utf-8" ],
        "Expires": [ "-1" ]
      },
      "Content": "{\"id\":\"/subscriptions/326100e2-f69d-4268-8503-075374f62b6e/resourceGroups/resourceGroupAutorestpnv5dx/providers/Microsoft.ServiceBus/namespaces/namespaceNamerkhezt/topics/topic1/subscriptions/subscription1/rules/sqlRuleToRemove\",\"name\":\"sqlRuleToRemove\",\"type\":\"Microsoft.ServiceBus/namespaces/topics/subscriptions/rules\",\"location\":\"eastus\",\"properties\":{\"action\":{},\"filterType\":\"SqlFilter\",\"sqlFilter\":{\"sqlExpression\":\"1=1\",\"compatibilityLevel\":20}}}",
      "isContentBase64": false
    }
  },
  "Remove-AzServiceBusRule+[NoContext]+DeleteViaIdentity+$DELETE+https://management.azure.com/subscriptions/326100e2-f69d-4268-8503-075374f62b6e/resourceGroups/resourceGroupAutorestpnv5dx/providers/Microsoft.ServiceBus/namespaces/namespaceNamerkhezt/topics/topic1/subscriptions/subscription1/rules/sqlRuleToRemove?api-version=2022-10-01-preview+2": {
    "Request": {
      "Method": "DELETE",
      "RequestUri": "https://management.azure.com/subscriptions/326100e2-f69d-4268-8503-075374f62b6e/resourceGroups/resourceGroupAutorestpnv5dx/providers/Microsoft.ServiceBus/namespaces/namespaceNamerkhezt/topics/topic1/subscriptions/subscription1/rules/sqlRuleToRemove?api-version=2022-10-01-preview",
      "Content": null,
      "isContentBase64": false,
      "Headers": {
        "x-ms-unique-id": [ "229" ],
        "x-ms-client-request-id": [ "a35e473f-7894-492b-a82a-a1b6619c99ae" ],
        "CommandName": [ "Remove-AzServiceBusRule" ],
        "FullCommandName": [ "Remove-AzServiceBusRule_DeleteViaIdentity" ],
        "ParameterSetName": [ "__AllParameterSets" ],
        "User-Agent": [ "AzurePowershell/v0.0.0", "PSVersion/v7.1.3", "Az.ServiceBus/0.1.0" ],
        "Authorization": [ "[Filtered]" ]
      },
      "ContentHeaders": {
      }
    },
    "Response": {
      "StatusCode": 200,
      "Headers": {
        "Cache-Control": [ "no-cache" ],
        "Pragma": [ "no-cache" ],
        "Server": [ "Microsoft-HTTPAPI/2.0" ],
        "x-ms-ratelimit-remaining-subscription-deletes": [ "14986" ],
        "x-ms-request-id": [ "032be375-24d1-4305-9fe2-abbbc0b2b3c3" ],
        "x-ms-correlation-request-id": [ "032be375-24d1-4305-9fe2-abbbc0b2b3c3" ],
        "x-ms-routing-request-id": [ "SOUTHCENTRALUS:20230213T085702Z:032be375-24d1-4305-9fe2-abbbc0b2b3c3" ],
        "Strict-Transport-Security": [ "max-age=31536000; includeSubDomains" ],
        "X-Content-Type-Options": [ "nosniff" ],
        "Date": [ "Mon, 13 Feb 2023 08:57:02 GMT" ]
      },
      "ContentHeaders": {
        "Expires": [ "-1" ],
        "Content-Length": [ "0" ]
      },
      "Content": null,
      "isContentBase64": false
    }
  },
  "Remove-AzServiceBusRule+[NoContext]+DeleteViaIdentity+$GET+https://management.azure.com/subscriptions/326100e2-f69d-4268-8503-075374f62b6e/resourceGroups/resourceGroupAutorestpnv5dx/providers/Microsoft.ServiceBus/namespaces/namespaceNamerkhezt/topics/topic1/subscriptions/subscription1/rules/sqlRuleToRemove?api-version=2022-10-01-preview+3": {
    "Request": {
      "Method": "GET",
      "RequestUri": "https://management.azure.com/subscriptions/326100e2-f69d-4268-8503-075374f62b6e/resourceGroups/resourceGroupAutorestpnv5dx/providers/Microsoft.ServiceBus/namespaces/namespaceNamerkhezt/topics/topic1/subscriptions/subscription1/rules/sqlRuleToRemove?api-version=2022-10-01-preview",
      "Content": null,
      "isContentBase64": false,
      "Headers": {
        "x-ms-unique-id": [ "230" ],
        "x-ms-client-request-id": [ "ab12a9a3-e193-42c6-99c1-6d23d416c429" ],
        "CommandName": [ "Get-AzServiceBusRule" ],
        "FullCommandName": [ "Get-AzServiceBusRule_GetViaIdentity" ],
        "ParameterSetName": [ "__AllParameterSets" ],
        "User-Agent": [ "AzurePowershell/v0.0.0", "PSVersion/v7.1.3", "Az.ServiceBus/0.1.0" ],
        "Authorization": [ "[Filtered]" ]
      },
      "ContentHeaders": {
      }
    },
    "Response": {
      "StatusCode": 404,
      "Headers": {
        "Cache-Control": [ "no-cache" ],
        "Pragma": [ "no-cache" ],
        "Server": [ "Microsoft-HTTPAPI/2.0" ],
        "x-ms-ratelimit-remaining-subscription-reads": [ "11834" ],
        "x-ms-request-id": [ "05557213-c3cb-48f0-8edb-c810c7f741bb" ],
        "x-ms-correlation-request-id": [ "05557213-c3cb-48f0-8edb-c810c7f741bb" ],
        "x-ms-routing-request-id": [ "SOUTHCENTRALUS:20230213T085704Z:05557213-c3cb-48f0-8edb-c810c7f741bb" ],
        "Strict-Transport-Security": [ "max-age=31536000; includeSubDomains" ],
        "X-Content-Type-Options": [ "nosniff" ],
        "Date": [ "Mon, 13 Feb 2023 08:57:03 GMT" ]
      },
      "ContentHeaders": {
        "Content-Length": [ "73" ],
        "Content-Type": [ "application/json" ],
        "Expires": [ "-1" ]
      },
      "Content": "{\"error\":{\"code\":\"SubscriptionNotFound\",\"message\":\"Rule does not exist\"}}",
      "isContentBase64": false
    }
  }
}