{
  "Remove-AzServiceBusRule+[NoContext]+Delete+$PUT+https://management.azure.com/subscriptions/326100e2-f69d-4268-8503-075374f62b6e/resourceGroups/resourceGroupAutorest5q9ygt/providers/Microsoft.ServiceBus/namespaces/namespaceNameeikfym/topics/topic1/subscriptions/subscription1/rules/sqlRuleToRemove?api-version=2022-01-01-preview+1": {
    "Request": {
      "Method": "PUT",
      "RequestUri": "https://management.azure.com/subscriptions/326100e2-f69d-4268-8503-075374f62b6e/resourceGroups/resourceGroupAutorest5q9ygt/providers/Microsoft.ServiceBus/namespaces/namespaceNameeikfym/topics/topic1/subscriptions/subscription1/rules/sqlRuleToRemove?api-version=2022-01-01-preview",
      "Content": "{\n}",
      "isContentBase64": false,
      "Headers": {
      },
      "ContentHeaders": {
        "Content-Type": [ "application/json" ],
        "Content-Length": [ "3" ]
      }
    },
    "Response": {
      "StatusCode": 200,
      "Headers": {
        "Cache-Control": [ "no-cache" ],
        "Pragma": [ "no-cache" ],
        "Server": [ "Microsoft-HTTPAPI/2.0" ],
        "x-ms-ratelimit-remaining-subscription-writes": [ "1181" ],
        "x-ms-request-id": [ "e0c5336f-9d68-437a-99b5-c58557be09ea" ],
        "x-ms-correlation-request-id": [ "e0c5336f-9d68-437a-99b5-c58557be09ea" ],
        "x-ms-routing-request-id": [ "KOREACENTRAL:20220921T155856Z:e0c5336f-9d68-437a-99b5-c58557be09ea" ],
        "Strict-Transport-Security": [ "max-age=31536000; includeSubDomains" ],
        "X-Content-Type-Options": [ "nosniff" ],
        "Date": [ "Wed, 21 Sep 2022 15:58:55 GMT" ]
      },
      "ContentHeaders": {
        "Content-Length": [ "454" ],
        "Content-Type": [ "application/json; charset=utf-8" ],
        "Expires": [ "-1" ]
      },
      "Content": "{\"id\":\"/subscriptions/326100e2-f69d-4268-8503-075374f62b6e/resourceGroups/resourceGroupAutorest5q9ygt/providers/Microsoft.ServiceBus/namespaces/namespaceNameeikfym/topics/topic1/subscriptions/subscription1/rules/sqlRuleToRemove\",\"name\":\"sqlRuleToRemove\",\"type\":\"Microsoft.ServiceBus/Namespaces/Topics/Subscriptions/Rules\",\"location\":\"eastus\",\"properties\":{\"action\":{},\"filterType\":\"SqlFilter\",\"sqlFilter\":{\"sqlExpression\":\"1=1\",\"compatibilityLevel\":20}}}",
      "isContentBase64": false
    }
  },
  "Remove-AzServiceBusRule+[NoContext]+Delete+$DELETE+https://management.azure.com/subscriptions/326100e2-f69d-4268-8503-075374f62b6e/resourceGroups/resourceGroupAutorest5q9ygt/providers/Microsoft.ServiceBus/namespaces/namespaceNameeikfym/topics/topic1/subscriptions/subscription1/rules/sqlRuleToRemove?api-version=2022-01-01-preview+2": {
    "Request": {
      "Method": "DELETE",
      "RequestUri": "https://management.azure.com/subscriptions/326100e2-f69d-4268-8503-075374f62b6e/resourceGroups/resourceGroupAutorest5q9ygt/providers/Microsoft.ServiceBus/namespaces/namespaceNameeikfym/topics/topic1/subscriptions/subscription1/rules/sqlRuleToRemove?api-version=2022-01-01-preview",
      "Content": null,
      "isContentBase64": false,
      "Headers": {
        "x-ms-unique-id": [ "141" ],
        "x-ms-client-request-id": [ "c535cbe1-bac0-49dc-9065-db65d3b5c54b" ],
        "CommandName": [ "Remove-AzServiceBusRule" ],
        "FullCommandName": [ "Remove-AzServiceBusRule_Delete" ],
        "ParameterSetName": [ "__AllParameterSets" ],
        "User-Agent": [ "AzurePowershell/v0.0.0", "PSVersion/v7.1.3", "Az.ServiceBus/0.1.0" ],
        "Authorization": [ "[Filtered]" ]
      },
      "ContentHeaders": {
      }
    },
    "Response": {
      "StatusCode": 200,
      "Headers": {
        "Cache-Control": [ "no-cache" ],
        "Pragma": [ "no-cache" ],
        "Server": [ "Microsoft-HTTPAPI/2.0" ],
        "x-ms-ratelimit-remaining-subscription-deletes": [ "14989" ],
        "x-ms-request-id": [ "d67657e1-b1a3-4f47-a181-b5de439c8ef2" ],
        "x-ms-correlation-request-id": [ "d67657e1-b1a3-4f47-a181-b5de439c8ef2" ],
        "x-ms-routing-request-id": [ "KOREACENTRAL:20220921T155857Z:d67657e1-b1a3-4f47-a181-b5de439c8ef2" ],
        "Strict-Transport-Security": [ "max-age=31536000; includeSubDomains" ],
        "X-Content-Type-Options": [ "nosniff" ],
        "Date": [ "Wed, 21 Sep 2022 15:58:56 GMT" ]
      },
      "ContentHeaders": {
        "Expires": [ "-1" ],
        "Content-Length": [ "0" ]
      },
      "Content": null,
      "isContentBase64": false
    }
  },
  "Remove-AzServiceBusRule+[NoContext]+Delete+$GET+https://management.azure.com/subscriptions/326100e2-f69d-4268-8503-075374f62b6e/resourceGroups/resourceGroupAutorest5q9ygt/providers/Microsoft.ServiceBus/namespaces/namespaceNameeikfym/topics/topic1/subscriptions/subscription1/rules/sqlRuleToRemove?api-version=2022-01-01-preview+3": {
    "Request": {
      "Method": "GET",
      "RequestUri": "https://management.azure.com/subscriptions/326100e2-f69d-4268-8503-075374f62b6e/resourceGroups/resourceGroupAutorest5q9ygt/providers/Microsoft.ServiceBus/namespaces/namespaceNameeikfym/topics/topic1/subscriptions/subscription1/rules/sqlRuleToRemove?api-version=2022-01-01-preview",
      "Content": null,
      "isContentBase64": false,
      "Headers": {
        "x-ms-unique-id": [ "142" ],
        "x-ms-client-request-id": [ "8b822cd4-b72e-43c9-b116-aef0435fc1fb" ],
        "CommandName": [ "Get-AzServiceBusRule" ],
        "FullCommandName": [ "Get-AzServiceBusRule_Get" ],
        "ParameterSetName": [ "__AllParameterSets" ],
        "User-Agent": [ "AzurePowershell/v0.0.0", "PSVersion/v7.1.3", "Az.ServiceBus/0.1.0" ],
        "Authorization": [ "[Filtered]" ]
      },
      "ContentHeaders": {
      }
    },
    "Response": {
      "StatusCode": 404,
      "Headers": {
        "Cache-Control": [ "no-cache" ],
        "Pragma": [ "no-cache" ],
        "Server": [ "Microsoft-HTTPAPI/2.0" ],
        "x-ms-ratelimit-remaining-subscription-reads": [ "11907" ],
        "x-ms-request-id": [ "30915d30-0df5-45ba-b08a-18859666ca9a" ],
        "x-ms-correlation-request-id": [ "30915d30-0df5-45ba-b08a-18859666ca9a" ],
        "x-ms-routing-request-id": [ "KOREACENTRAL:20220921T155858Z:30915d30-0df5-45ba-b08a-18859666ca9a" ],
        "Strict-Transport-Security": [ "max-age=31536000; includeSubDomains" ],
        "X-Content-Type-Options": [ "nosniff" ],
        "Date": [ "Wed, 21 Sep 2022 15:58:58 GMT" ]
      },
      "ContentHeaders": {
        "Content-Length": [ "73" ],
        "Content-Type": [ "application/json" ],
        "Expires": [ "-1" ]
      },
      "Content": "{\"error\":{\"code\":\"SubscriptionNotFound\",\"message\":\"Rule does not exist\"}}",
      "isContentBase64": false
    }
  },
  "Remove-AzServiceBusRule+[NoContext]+DeleteViaIdentity+$PUT+https://management.azure.com/subscriptions/326100e2-f69d-4268-8503-075374f62b6e/resourceGroups/resourceGroupAutorest5q9ygt/providers/Microsoft.ServiceBus/namespaces/namespaceNameeikfym/topics/topic1/subscriptions/subscription1/rules/sqlRuleToRemove?api-version=2022-01-01-preview+1": {
    "Request": {
      "Method": "PUT",
      "RequestUri": "https://management.azure.com/subscriptions/326100e2-f69d-4268-8503-075374f62b6e/resourceGroups/resourceGroupAutorest5q9ygt/providers/Microsoft.ServiceBus/namespaces/namespaceNameeikfym/topics/topic1/subscriptions/subscription1/rules/sqlRuleToRemove?api-version=2022-01-01-preview",
      "Content": "{\n}",
      "isContentBase64": false,
      "Headers": {
      },
      "ContentHeaders": {
        "Content-Type": [ "application/json" ],
        "Content-Length": [ "3" ]
      }
    },
    "Response": {
      "StatusCode": 200,
      "Headers": {
        "Cache-Control": [ "no-cache" ],
        "Pragma": [ "no-cache" ],
        "Server": [ "Microsoft-HTTPAPI/2.0" ],
        "x-ms-ratelimit-remaining-subscription-writes": [ "1180" ],
        "x-ms-request-id": [ "a96c62bd-7622-4c9a-8218-4e6963b1fdca" ],
        "x-ms-correlation-request-id": [ "a96c62bd-7622-4c9a-8218-4e6963b1fdca" ],
        "x-ms-routing-request-id": [ "KOREACENTRAL:20220921T155901Z:a96c62bd-7622-4c9a-8218-4e6963b1fdca" ],
        "Strict-Transport-Security": [ "max-age=31536000; includeSubDomains" ],
        "X-Content-Type-Options": [ "nosniff" ],
        "Date": [ "Wed, 21 Sep 2022 15:59:00 GMT" ]
      },
      "ContentHeaders": {
        "Content-Length": [ "454" ],
        "Content-Type": [ "application/json; charset=utf-8" ],
        "Expires": [ "-1" ]
      },
      "Content": "{\"id\":\"/subscriptions/326100e2-f69d-4268-8503-075374f62b6e/resourceGroups/resourceGroupAutorest5q9ygt/providers/Microsoft.ServiceBus/namespaces/namespaceNameeikfym/topics/topic1/subscriptions/subscription1/rules/sqlRuleToRemove\",\"name\":\"sqlRuleToRemove\",\"type\":\"Microsoft.ServiceBus/Namespaces/Topics/Subscriptions/Rules\",\"location\":\"eastus\",\"properties\":{\"action\":{},\"filterType\":\"SqlFilter\",\"sqlFilter\":{\"sqlExpression\":\"1=1\",\"compatibilityLevel\":20}}}",
      "isContentBase64": false
    }
  },
  "Remove-AzServiceBusRule+[NoContext]+DeleteViaIdentity+$DELETE+https://management.azure.com/subscriptions/326100e2-f69d-4268-8503-075374f62b6e/resourceGroups/resourceGroupAutorest5q9ygt/providers/Microsoft.ServiceBus/namespaces/namespaceNameeikfym/topics/topic1/subscriptions/subscription1/rules/sqlRuleToRemove?api-version=2022-01-01-preview+2": {
    "Request": {
      "Method": "DELETE",
      "RequestUri": "https://management.azure.com/subscriptions/326100e2-f69d-4268-8503-075374f62b6e/resourceGroups/resourceGroupAutorest5q9ygt/providers/Microsoft.ServiceBus/namespaces/namespaceNameeikfym/topics/topic1/subscriptions/subscription1/rules/sqlRuleToRemove?api-version=2022-01-01-preview",
      "Content": null,
      "isContentBase64": false,
      "Headers": {
        "x-ms-unique-id": [ "144" ],
        "x-ms-client-request-id": [ "fe8e20ba-2f02-4b04-b95d-41eb7c322fed" ],
        "CommandName": [ "Remove-AzServiceBusRule" ],
        "FullCommandName": [ "Remove-AzServiceBusRule_DeleteViaIdentity" ],
        "ParameterSetName": [ "__AllParameterSets" ],
        "User-Agent": [ "AzurePowershell/v0.0.0", "PSVersion/v7.1.3", "Az.ServiceBus/0.1.0" ],
        "Authorization": [ "[Filtered]" ]
      },
      "ContentHeaders": {
      }
    },
    "Response": {
      "StatusCode": 200,
      "Headers": {
        "Cache-Control": [ "no-cache" ],
        "Pragma": [ "no-cache" ],
        "Server": [ "Microsoft-HTTPAPI/2.0" ],
        "x-ms-ratelimit-remaining-subscription-deletes": [ "14988" ],
        "x-ms-request-id": [ "ceac45c7-8f2d-404e-a47e-282e33dd0097" ],
        "x-ms-correlation-request-id": [ "ceac45c7-8f2d-404e-a47e-282e33dd0097" ],
        "x-ms-routing-request-id": [ "KOREACENTRAL:20220921T155901Z:ceac45c7-8f2d-404e-a47e-282e33dd0097" ],
        "Strict-Transport-Security": [ "max-age=31536000; includeSubDomains" ],
        "X-Content-Type-Options": [ "nosniff" ],
        "Date": [ "Wed, 21 Sep 2022 15:59:01 GMT" ]
      },
      "ContentHeaders": {
        "Expires": [ "-1" ],
        "Content-Length": [ "0" ]
      },
      "Content": null,
      "isContentBase64": false
    }
  },
  "Remove-AzServiceBusRule+[NoContext]+DeleteViaIdentity+$GET+https://management.azure.com/subscriptions/326100e2-f69d-4268-8503-075374f62b6e/resourceGroups/resourceGroupAutorest5q9ygt/providers/Microsoft.ServiceBus/namespaces/namespaceNameeikfym/topics/topic1/subscriptions/subscription1/rules/sqlRuleToRemove?api-version=2022-01-01-preview+3": {
    "Request": {
      "Method": "GET",
      "RequestUri": "https://management.azure.com/subscriptions/326100e2-f69d-4268-8503-075374f62b6e/resourceGroups/resourceGroupAutorest5q9ygt/providers/Microsoft.ServiceBus/namespaces/namespaceNameeikfym/topics/topic1/subscriptions/subscription1/rules/sqlRuleToRemove?api-version=2022-01-01-preview",
      "Content": null,
      "isContentBase64": false,
      "Headers": {
        "x-ms-unique-id": [ "145" ],
        "x-ms-client-request-id": [ "84f29792-2d1d-4a07-86df-54c6edaaed42" ],
        "CommandName": [ "Get-AzServiceBusRule" ],
        "FullCommandName": [ "Get-AzServiceBusRule_GetViaIdentity" ],
        "ParameterSetName": [ "__AllParameterSets" ],
        "User-Agent": [ "AzurePowershell/v0.0.0", "PSVersion/v7.1.3", "Az.ServiceBus/0.1.0" ],
        "Authorization": [ "[Filtered]" ]
      },
      "ContentHeaders": {
      }
    },
    "Response": {
      "StatusCode": 404,
      "Headers": {
        "Cache-Control": [ "no-cache" ],
        "Pragma": [ "no-cache" ],
        "Server": [ "Microsoft-HTTPAPI/2.0" ],
        "x-ms-ratelimit-remaining-subscription-reads": [ "11906" ],
        "x-ms-request-id": [ "4d96b4a7-225e-49ac-b470-fa1352ec3a5b" ],
        "x-ms-correlation-request-id": [ "4d96b4a7-225e-49ac-b470-fa1352ec3a5b" ],
        "x-ms-routing-request-id": [ "KOREACENTRAL:20220921T155903Z:4d96b4a7-225e-49ac-b470-fa1352ec3a5b" ],
        "Strict-Transport-Security": [ "max-age=31536000; includeSubDomains" ],
        "X-Content-Type-Options": [ "nosniff" ],
        "Date": [ "Wed, 21 Sep 2022 15:59:02 GMT" ]
      },
      "ContentHeaders": {
        "Content-Length": [ "73" ],
        "Content-Type": [ "application/json" ],
        "Expires": [ "-1" ]
      },
      "Content": "{\"error\":{\"code\":\"SubscriptionNotFound\",\"message\":\"Rule does not exist\"}}",
      "isContentBase64": false
    }
  }
}