{
  "Set-AzServiceBusAuthorizationRule+[NoContext]+SetExpandedNamespace+$GET+https://management.azure.com/subscriptions/326100e2-f69d-4268-8503-075374f62b6e/resourceGroups/resourceGroupAutorest5q9ygt/providers/Microsoft.ServiceBus/namespaces/namespaceNameeikfym/AuthorizationRules/namespaceAuthRule1?api-version=2022-01-01-preview+1": {
    "Request": {
      "Method": "GET",
      "RequestUri": "https://management.azure.com/subscriptions/326100e2-f69d-4268-8503-075374f62b6e/resourceGroups/resourceGroupAutorest5q9ygt/providers/Microsoft.ServiceBus/namespaces/namespaceNameeikfym/AuthorizationRules/namespaceAuthRule1?api-version=2022-01-01-preview",
      "Content": null,
      "isContentBase64": false,
      "Headers": {
        "x-ms-unique-id": [ "158" ],
        "x-ms-client-request-id": [ "ff4baf97-da30-4b2e-b659-7c373b704c06" ],
        "CommandName": [ "Az.ServiceBus.private\\Get-AzServiceBusNamespaceAuthorizationRule_Get" ],
        "FullCommandName": [ "Get-AzServiceBusNamespaceAuthorizationRule_Get" ],
        "ParameterSetName": [ "__AllParameterSets" ],
        "User-Agent": [ "AzurePowershell/v0.0.0", "PSVersion/v7.1.3", "Az.ServiceBus/0.1.0" ],
        "Authorization": [ "[Filtered]" ]
      },
      "ContentHeaders": {
      }
    },
    "Response": {
      "StatusCode": 200,
      "Headers": {
        "Cache-Control": [ "no-cache" ],
        "Pragma": [ "no-cache" ],
        "x-ms-request-id": [ "9b556acf-7989-49a0-8d5e-f15b848ac816_M7CH3_M7CH3" ],
        "Server-SB": [ "Service-Bus-Resource-Provider/CH3" ],
        "Server": [ "Service-Bus-Resource-Provider/CH3", "Microsoft-HTTPAPI/2.0" ],
        "x-ms-ratelimit-remaining-subscription-reads": [ "11901" ],
        "x-ms-correlation-request-id": [ "7d3b1456-2326-437b-adcf-d3947a818065" ],
        "x-ms-routing-request-id": [ "KOREACENTRAL:20220921T155958Z:7d3b1456-2326-437b-adcf-d3947a818065" ],
        "Strict-Transport-Security": [ "max-age=31536000; includeSubDomains" ],
        "X-Content-Type-Options": [ "nosniff" ],
        "Date": [ "Wed, 21 Sep 2022 15:59:58 GMT" ]
      },
      "ContentHeaders": {
        "Content-Length": [ "363" ],
        "Content-Type": [ "application/json; charset=utf-8" ],
        "Expires": [ "-1" ]
      },
      "Content": "{\"id\":\"/subscriptions/326100e2-f69d-4268-8503-075374f62b6e/resourceGroups/resourceGroupAutorest5q9ygt/providers/Microsoft.ServiceBus/namespaces/namespaceNameeikfym/AuthorizationRules/namespaceAuthRule1\",\"name\":\"namespaceAuthRule1\",\"type\":\"Microsoft.ServiceBus/Namespaces/AuthorizationRules\",\"location\":\"East US\",\"properties\":{\"rights\":[\"Manage\",\"Listen\",\"Send\"]}}",
      "isContentBase64": false
    }
  },
  "Set-AzServiceBusAuthorizationRule+[NoContext]+SetExpandedNamespace+$PUT+https://management.azure.com/subscriptions/326100e2-f69d-4268-8503-075374f62b6e/resourceGroups/resourceGroupAutorest5q9ygt/providers/Microsoft.ServiceBus/namespaces/namespaceNameeikfym/AuthorizationRules/namespaceAuthRule1?api-version=2022-01-01-preview+2": {
    "Request": {
      "Method": "PUT",
      "RequestUri": "https://management.azure.com/subscriptions/326100e2-f69d-4268-8503-075374f62b6e/resourceGroups/resourceGroupAutorest5q9ygt/providers/Microsoft.ServiceBus/namespaces/namespaceNameeikfym/AuthorizationRules/namespaceAuthRule1?api-version=2022-01-01-preview",
      "Content": "{\n  \"properties\": {\n    \"rights\": [ \"Send\", \"Listen\", \"Manage\" ]\n  }\n}",
      "isContentBase64": false,
      "Headers": {
      },
      "ContentHeaders": {
        "Content-Type": [ "application/json" ],
        "Content-Length": [ "70" ]
      }
    },
    "Response": {
      "StatusCode": 200,
      "Headers": {
        "Cache-Control": [ "no-cache" ],
        "Pragma": [ "no-cache" ],
        "x-ms-request-id": [ "c3ea0b95-2a48-4c71-955a-5ae204bcb60d_M7CH3_M7CH3" ],
        "Server-SB": [ "Service-Bus-Resource-Provider/CH3" ],
        "Server": [ "Service-Bus-Resource-Provider/CH3", "Microsoft-HTTPAPI/2.0" ],
        "x-ms-ratelimit-remaining-subscription-writes": [ "1175" ],
        "x-ms-correlation-request-id": [ "c4c4d7d8-6e76-4d65-8d73-081fb689494c" ],
        "x-ms-routing-request-id": [ "KOREACENTRAL:20220921T160005Z:c4c4d7d8-6e76-4d65-8d73-081fb689494c" ],
        "Strict-Transport-Security": [ "max-age=31536000; includeSubDomains" ],
        "X-Content-Type-Options": [ "nosniff" ],
        "Date": [ "Wed, 21 Sep 2022 16:00:04 GMT" ]
      },
      "ContentHeaders": {
        "Content-Length": [ "363" ],
        "Content-Type": [ "application/json; charset=utf-8" ],
        "Expires": [ "-1" ]
      },
      "Content": "{\"id\":\"/subscriptions/326100e2-f69d-4268-8503-075374f62b6e/resourceGroups/resourceGroupAutorest5q9ygt/providers/Microsoft.ServiceBus/namespaces/namespaceNameeikfym/AuthorizationRules/namespaceAuthRule1\",\"name\":\"namespaceAuthRule1\",\"type\":\"Microsoft.ServiceBus/Namespaces/AuthorizationRules\",\"location\":\"East US\",\"properties\":{\"rights\":[\"Send\",\"Listen\",\"Manage\"]}}",
      "isContentBase64": false
    }
  },
  "Set-AzServiceBusAuthorizationRule+[NoContext]+SetExpandedQueue+$GET+https://management.azure.com/subscriptions/326100e2-f69d-4268-8503-075374f62b6e/resourceGroups/resourceGroupAutorest5q9ygt/providers/Microsoft.ServiceBus/namespaces/namespaceNameeikfym/queues/queue1/authorizationRules/queueAuthRule1?api-version=2022-01-01-preview+1": {
    "Request": {
      "Method": "GET",
      "RequestUri": "https://management.azure.com/subscriptions/326100e2-f69d-4268-8503-075374f62b6e/resourceGroups/resourceGroupAutorest5q9ygt/providers/Microsoft.ServiceBus/namespaces/namespaceNameeikfym/queues/queue1/authorizationRules/queueAuthRule1?api-version=2022-01-01-preview",
      "Content": null,
      "isContentBase64": false,
      "Headers": {
        "x-ms-unique-id": [ "160" ],
        "x-ms-client-request-id": [ "6276f4fe-e746-4d56-ba11-7575fd5d9b1a" ],
        "CommandName": [ "Az.ServiceBus.private\\Get-AzServiceBusQueueAuthorizationRule_Get" ],
        "FullCommandName": [ "Get-AzServiceBusQueueAuthorizationRule_Get" ],
        "ParameterSetName": [ "__AllParameterSets" ],
        "User-Agent": [ "AzurePowershell/v0.0.0", "PSVersion/v7.1.3", "Az.ServiceBus/0.1.0" ],
        "Authorization": [ "[Filtered]" ]
      },
      "ContentHeaders": {
      }
    },
    "Response": {
      "StatusCode": 200,
      "Headers": {
        "Cache-Control": [ "no-cache" ],
        "Pragma": [ "no-cache" ],
        "Server": [ "Microsoft-HTTPAPI/2.0" ],
        "x-ms-ratelimit-remaining-subscription-reads": [ "11900" ],
        "x-ms-request-id": [ "b6feba09-cad8-4e16-8de7-2c7c88c71089" ],
        "x-ms-correlation-request-id": [ "b6feba09-cad8-4e16-8de7-2c7c88c71089" ],
        "x-ms-routing-request-id": [ "KOREACENTRAL:20220921T160006Z:b6feba09-cad8-4e16-8de7-2c7c88c71089" ],
        "Strict-Transport-Security": [ "max-age=31536000; includeSubDomains" ],
        "X-Content-Type-Options": [ "nosniff" ],
        "Date": [ "Wed, 21 Sep 2022 16:00:05 GMT" ]
      },
      "ContentHeaders": {
        "Content-Length": [ "375" ],
        "Content-Type": [ "application/json; charset=utf-8" ],
        "Expires": [ "-1" ]
      },
      "Content": "{\"id\":\"/subscriptions/326100e2-f69d-4268-8503-075374f62b6e/resourcegroups/resourceGroupAutorest5q9ygt/providers/Microsoft.ServiceBus/namespaces/namespaceNameeikfym/queues/queue1/authorizationrules/queueAuthRule1\",\"name\":\"queueAuthRule1\",\"type\":\"Microsoft.ServiceBus/Namespaces/Queues/AuthorizationRules\",\"location\":\"eastus\",\"properties\":{\"rights\":[\"Manage\",\"Listen\",\"Send\"]}}",
      "isContentBase64": false
    }
  },
  "Set-AzServiceBusAuthorizationRule+[NoContext]+SetExpandedQueue+$PUT+https://management.azure.com/subscriptions/326100e2-f69d-4268-8503-075374f62b6e/resourceGroups/resourceGroupAutorest5q9ygt/providers/Microsoft.ServiceBus/namespaces/namespaceNameeikfym/queues/queue1/authorizationRules/queueAuthRule1?api-version=2022-01-01-preview+2": {
    "Request": {
      "Method": "PUT",
      "RequestUri": "https://management.azure.com/subscriptions/326100e2-f69d-4268-8503-075374f62b6e/resourceGroups/resourceGroupAutorest5q9ygt/providers/Microsoft.ServiceBus/namespaces/namespaceNameeikfym/queues/queue1/authorizationRules/queueAuthRule1?api-version=2022-01-01-preview",
      "Content": "{\n  \"properties\": {\n    \"rights\": [ \"Send\" ]\n  }\n}",
      "isContentBase64": false,
      "Headers": {
      },
      "ContentHeaders": {
        "Content-Type": [ "application/json" ],
        "Content-Length": [ "50" ]
      }
    },
    "Response": {
      "StatusCode": 200,
      "Headers": {
        "Cache-Control": [ "no-cache" ],
        "Pragma": [ "no-cache" ],
        "Server": [ "Microsoft-HTTPAPI/2.0" ],
        "x-ms-ratelimit-remaining-subscription-writes": [ "1174" ],
        "x-ms-request-id": [ "14d4331a-0b4d-49bb-8128-9eed13019996" ],
        "x-ms-correlation-request-id": [ "14d4331a-0b4d-49bb-8128-9eed13019996" ],
        "x-ms-routing-request-id": [ "KOREACENTRAL:20220921T160006Z:14d4331a-0b4d-49bb-8128-9eed13019996" ],
        "Strict-Transport-Security": [ "max-age=31536000; includeSubDomains" ],
        "X-Content-Type-Options": [ "nosniff" ],
        "Date": [ "Wed, 21 Sep 2022 16:00:06 GMT" ]
      },
      "ContentHeaders": {
        "Content-Length": [ "337" ],
        "Content-Type": [ "application/json; charset=utf-8" ],
        "Expires": [ "-1" ]
      },
      "Content": "{\"id\":\"/subscriptions/326100e2-f69d-4268-8503-075374f62b6e/resourceGroups/resourceGroupAutorest5q9ygt/providers/Microsoft.ServiceBus/namespaces/namespaceNameeikfym/queues/queue1/authorizationRules/queueAuthRule1\",\"name\":\"queueAuthRule1\",\"type\":\"Microsoft.ServiceBus/Namespaces/Queues/AuthorizationRules\",\"properties\":{\"rights\":[\"Send\"]}}",
      "isContentBase64": false
    }
  },
  "Set-AzServiceBusAuthorizationRule+[NoContext]+SetExpandedTopic+$GET+https://management.azure.com/subscriptions/326100e2-f69d-4268-8503-075374f62b6e/resourceGroups/resourceGroupAutorest5q9ygt/providers/Microsoft.ServiceBus/namespaces/namespaceNameeikfym/topics/topic1/authorizationRules/topicAuthRule1?api-version=2022-01-01-preview+1": {
    "Request": {
      "Method": "GET",
      "RequestUri": "https://management.azure.com/subscriptions/326100e2-f69d-4268-8503-075374f62b6e/resourceGroups/resourceGroupAutorest5q9ygt/providers/Microsoft.ServiceBus/namespaces/namespaceNameeikfym/topics/topic1/authorizationRules/topicAuthRule1?api-version=2022-01-01-preview",
      "Content": null,
      "isContentBase64": false,
      "Headers": {
        "x-ms-unique-id": [ "162" ],
        "x-ms-client-request-id": [ "20c0d6b5-770d-4b21-9ef3-277411b0508f" ],
        "CommandName": [ "Az.ServiceBus.private\\Get-AzServiceBusTopicAuthorizationRule_Get" ],
        "FullCommandName": [ "Get-AzServiceBusTopicAuthorizationRule_Get" ],
        "ParameterSetName": [ "__AllParameterSets" ],
        "User-Agent": [ "AzurePowershell/v0.0.0", "PSVersion/v7.1.3", "Az.ServiceBus/0.1.0" ],
        "Authorization": [ "[Filtered]" ]
      },
      "ContentHeaders": {
      }
    },
    "Response": {
      "StatusCode": 200,
      "Headers": {
        "Cache-Control": [ "no-cache" ],
        "Pragma": [ "no-cache" ],
        "Server": [ "Microsoft-HTTPAPI/2.0" ],
        "x-ms-ratelimit-remaining-subscription-reads": [ "11899" ],
        "x-ms-request-id": [ "80f1212f-c052-4e27-9d1f-44054c3614c1" ],
        "x-ms-correlation-request-id": [ "80f1212f-c052-4e27-9d1f-44054c3614c1" ],
        "x-ms-routing-request-id": [ "KOREACENTRAL:20220921T160007Z:80f1212f-c052-4e27-9d1f-44054c3614c1" ],
        "Strict-Transport-Security": [ "max-age=31536000; includeSubDomains" ],
        "X-Content-Type-Options": [ "nosniff" ],
        "Date": [ "Wed, 21 Sep 2022 16:00:06 GMT" ]
      },
      "ContentHeaders": {
        "Content-Length": [ "375" ],
        "Content-Type": [ "application/json; charset=utf-8" ],
        "Expires": [ "-1" ]
      },
      "Content": "{\"id\":\"/subscriptions/326100e2-f69d-4268-8503-075374f62b6e/resourcegroups/resourceGroupAutorest5q9ygt/providers/Microsoft.ServiceBus/namespaces/namespaceNameeikfym/topics/topic1/authorizationrules/topicAuthRule1\",\"name\":\"topicAuthRule1\",\"type\":\"Microsoft.ServiceBus/Namespaces/Topics/AuthorizationRules\",\"location\":\"eastus\",\"properties\":{\"rights\":[\"Manage\",\"Listen\",\"Send\"]}}",
      "isContentBase64": false
    }
  },
  "Set-AzServiceBusAuthorizationRule+[NoContext]+SetExpandedTopic+$PUT+https://management.azure.com/subscriptions/326100e2-f69d-4268-8503-075374f62b6e/resourceGroups/resourceGroupAutorest5q9ygt/providers/Microsoft.ServiceBus/namespaces/namespaceNameeikfym/topics/topic1/authorizationRules/topicAuthRule1?api-version=2022-01-01-preview+2": {
    "Request": {
      "Method": "PUT",
      "RequestUri": "https://management.azure.com/subscriptions/326100e2-f69d-4268-8503-075374f62b6e/resourceGroups/resourceGroupAutorest5q9ygt/providers/Microsoft.ServiceBus/namespaces/namespaceNameeikfym/topics/topic1/authorizationRules/topicAuthRule1?api-version=2022-01-01-preview",
      "Content": "{\n  \"properties\": {\n    \"rights\": [ \"Listen\" ]\n  }\n}",
      "isContentBase64": false,
      "Headers": {
      },
      "ContentHeaders": {
        "Content-Type": [ "application/json" ],
        "Content-Length": [ "52" ]
      }
    },
    "Response": {
      "StatusCode": 200,
      "Headers": {
        "Cache-Control": [ "no-cache" ],
        "Pragma": [ "no-cache" ],
        "Server": [ "Microsoft-HTTPAPI/2.0" ],
        "x-ms-ratelimit-remaining-subscription-writes": [ "1173" ],
        "x-ms-request-id": [ "c208793c-0b7c-4507-b13f-1ba7ed847732" ],
        "x-ms-correlation-request-id": [ "c208793c-0b7c-4507-b13f-1ba7ed847732" ],
        "x-ms-routing-request-id": [ "KOREACENTRAL:20220921T160008Z:c208793c-0b7c-4507-b13f-1ba7ed847732" ],
        "Strict-Transport-Security": [ "max-age=31536000; includeSubDomains" ],
        "X-Content-Type-Options": [ "nosniff" ],
        "Date": [ "Wed, 21 Sep 2022 16:00:07 GMT" ]
      },
      "ContentHeaders": {
        "Content-Length": [ "339" ],
        "Content-Type": [ "application/json; charset=utf-8" ],
        "Expires": [ "-1" ]
      },
      "Content": "{\"id\":\"/subscriptions/326100e2-f69d-4268-8503-075374f62b6e/resourceGroups/resourceGroupAutorest5q9ygt/providers/Microsoft.ServiceBus/namespaces/namespaceNameeikfym/topics/topic1/authorizationRules/topicAuthRule1\",\"name\":\"topicAuthRule1\",\"type\":\"Microsoft.ServiceBus/Namespaces/Topics/AuthorizationRules\",\"properties\":{\"rights\":[\"Listen\"]}}",
      "isContentBase64": false
    }
  },
  "Set-AzServiceBusAuthorizationRule+[NoContext]+SetViaIdentityExpanded+$GET+https://management.azure.com/subscriptions/326100e2-f69d-4268-8503-075374f62b6e/resourceGroups/resourceGroupAutorest5q9ygt/providers/Microsoft.ServiceBus/namespaces/namespaceNameeikfym/AuthorizationRules/namespaceAuthRule1?api-version=2022-01-01-preview+1": {
    "Request": {
      "Method": "GET",
      "RequestUri": "https://management.azure.com/subscriptions/326100e2-f69d-4268-8503-075374f62b6e/resourceGroups/resourceGroupAutorest5q9ygt/providers/Microsoft.ServiceBus/namespaces/namespaceNameeikfym/AuthorizationRules/namespaceAuthRule1?api-version=2022-01-01-preview",
      "Content": null,
      "isContentBase64": false,
      "Headers": {
        "x-ms-unique-id": [ "164" ],
        "x-ms-client-request-id": [ "3dfd78f5-d8a9-41af-a041-017c22c6203c" ],
        "CommandName": [ "Az.ServiceBus.private\\Get-AzServiceBusNamespaceAuthorizationRule_Get" ],
        "FullCommandName": [ "Get-AzServiceBusNamespaceAuthorizationRule_Get" ],
        "ParameterSetName": [ "__AllParameterSets" ],
        "User-Agent": [ "AzurePowershell/v0.0.0", "PSVersion/v7.1.3", "Az.ServiceBus/0.1.0" ],
        "Authorization": [ "[Filtered]" ]
      },
      "ContentHeaders": {
      }
    },
    "Response": {
      "StatusCode": 200,
      "Headers": {
        "Cache-Control": [ "no-cache" ],
        "Pragma": [ "no-cache" ],
        "x-ms-request-id": [ "08a9e313-c693-469b-a2f5-95643dfc4c0a_M7CH3_M7CH3" ],
        "Server-SB": [ "Service-Bus-Resource-Provider/CH3" ],
        "Server": [ "Service-Bus-Resource-Provider/CH3", "Microsoft-HTTPAPI/2.0" ],
        "x-ms-ratelimit-remaining-subscription-reads": [ "11898" ],
        "x-ms-correlation-request-id": [ "af101469-ed5d-47d9-88af-909c3d671147" ],
        "x-ms-routing-request-id": [ "KOREACENTRAL:20220921T160009Z:af101469-ed5d-47d9-88af-909c3d671147" ],
        "Strict-Transport-Security": [ "max-age=31536000; includeSubDomains" ],
        "X-Content-Type-Options": [ "nosniff" ],
        "Date": [ "Wed, 21 Sep 2022 16:00:08 GMT" ]
      },
      "ContentHeaders": {
        "Content-Length": [ "363" ],
        "Content-Type": [ "application/json; charset=utf-8" ],
        "Expires": [ "-1" ]
      },
      "Content": "{\"id\":\"/subscriptions/326100e2-f69d-4268-8503-075374f62b6e/resourceGroups/resourceGroupAutorest5q9ygt/providers/Microsoft.ServiceBus/namespaces/namespaceNameeikfym/AuthorizationRules/namespaceAuthRule1\",\"name\":\"namespaceAuthRule1\",\"type\":\"Microsoft.ServiceBus/Namespaces/AuthorizationRules\",\"location\":\"East US\",\"properties\":{\"rights\":[\"Send\",\"Listen\",\"Manage\"]}}",
      "isContentBase64": false
    }
  },
  "Set-AzServiceBusAuthorizationRule+[NoContext]+SetViaIdentityExpanded+$GET+https://management.azure.com/subscriptions/326100e2-f69d-4268-8503-075374f62b6e/resourceGroups/resourceGroupAutorest5q9ygt/providers/Microsoft.ServiceBus/namespaces/namespaceNameeikfym/AuthorizationRules/namespaceAuthRule1?api-version=2022-01-01-preview+2": {
    "Request": {
      "Method": "GET",
      "RequestUri": "https://management.azure.com/subscriptions/326100e2-f69d-4268-8503-075374f62b6e/resourceGroups/resourceGroupAutorest5q9ygt/providers/Microsoft.ServiceBus/namespaces/namespaceNameeikfym/AuthorizationRules/namespaceAuthRule1?api-version=2022-01-01-preview",
      "Content": null,
      "isContentBase64": false,
      "Headers": {
        "x-ms-unique-id": [ "165" ],
        "x-ms-client-request-id": [ "59f5ae5e-1557-4ac0-9f41-3ad49395117f" ],
        "CommandName": [ "Az.ServiceBus.private\\Get-AzServiceBusNamespaceAuthorizationRule_GetViaIdentity" ],
        "FullCommandName": [ "Get-AzServiceBusNamespaceAuthorizationRule_GetViaIdentity" ],
        "ParameterSetName": [ "__AllParameterSets" ],
        "User-Agent": [ "AzurePowershell/v0.0.0", "PSVersion/v7.1.3", "Az.ServiceBus/0.1.0" ],
        "Authorization": [ "[Filtered]" ]
      },
      "ContentHeaders": {
      }
    },
    "Response": {
      "StatusCode": 200,
      "Headers": {
        "Cache-Control": [ "no-cache" ],
        "Pragma": [ "no-cache" ],
        "x-ms-request-id": [ "efa82a89-bea7-474a-bf92-82a2348909f2_M7CH3_M7CH3" ],
        "Server-SB": [ "Service-Bus-Resource-Provider/CH3" ],
        "Server": [ "Service-Bus-Resource-Provider/CH3", "Microsoft-HTTPAPI/2.0" ],
        "x-ms-ratelimit-remaining-subscription-reads": [ "11897" ],
        "x-ms-correlation-request-id": [ "497b4655-0590-497f-8a00-072dc41a9b01" ],
        "x-ms-routing-request-id": [ "KOREACENTRAL:20220921T160010Z:497b4655-0590-497f-8a00-072dc41a9b01" ],
        "Strict-Transport-Security": [ "max-age=31536000; includeSubDomains" ],
        "X-Content-Type-Options": [ "nosniff" ],
        "Date": [ "Wed, 21 Sep 2022 16:00:09 GMT" ]
      },
      "ContentHeaders": {
        "Content-Length": [ "363" ],
        "Content-Type": [ "application/json; charset=utf-8" ],
        "Expires": [ "-1" ]
      },
      "Content": "{\"id\":\"/subscriptions/326100e2-f69d-4268-8503-075374f62b6e/resourceGroups/resourceGroupAutorest5q9ygt/providers/Microsoft.ServiceBus/namespaces/namespaceNameeikfym/AuthorizationRules/namespaceAuthRule1\",\"name\":\"namespaceAuthRule1\",\"type\":\"Microsoft.ServiceBus/Namespaces/AuthorizationRules\",\"location\":\"East US\",\"properties\":{\"rights\":[\"Send\",\"Listen\",\"Manage\"]}}",
      "isContentBase64": false
    }
  },
  "Set-AzServiceBusAuthorizationRule+[NoContext]+SetViaIdentityExpanded+$PUT+https://management.azure.com/subscriptions/326100e2-f69d-4268-8503-075374f62b6e/resourceGroups/resourceGroupAutorest5q9ygt/providers/Microsoft.ServiceBus/namespaces/namespaceNameeikfym/AuthorizationRules/namespaceAuthRule1?api-version=2022-01-01-preview+3": {
    "Request": {
      "Method": "PUT",
      "RequestUri": "https://management.azure.com/subscriptions/326100e2-f69d-4268-8503-075374f62b6e/resourceGroups/resourceGroupAutorest5q9ygt/providers/Microsoft.ServiceBus/namespaces/namespaceNameeikfym/AuthorizationRules/namespaceAuthRule1?api-version=2022-01-01-preview",
      "Content": "{\n  \"properties\": {\n    \"rights\": [ \"Send\" ]\n  }\n}",
      "isContentBase64": false,
      "Headers": {
      },
      "ContentHeaders": {
        "Content-Type": [ "application/json" ],
        "Content-Length": [ "50" ]
      }
    },
    "Response": {
      "StatusCode": 200,
      "Headers": {
        "Cache-Control": [ "no-cache" ],
        "Pragma": [ "no-cache" ],
        "x-ms-request-id": [ "614d7327-47f6-40d0-8ccb-6f0d15ecfdec_M7CH3_M7CH3" ],
        "Server-SB": [ "Service-Bus-Resource-Provider/CH3" ],
        "Server": [ "Service-Bus-Resource-Provider/CH3", "Microsoft-HTTPAPI/2.0" ],
        "x-ms-ratelimit-remaining-subscription-writes": [ "1172" ],
        "x-ms-correlation-request-id": [ "bf1c00ab-1813-48a4-9275-8289fefcfb97" ],
        "x-ms-routing-request-id": [ "KOREACENTRAL:20220921T160016Z:bf1c00ab-1813-48a4-9275-8289fefcfb97" ],
        "Strict-Transport-Security": [ "max-age=31536000; includeSubDomains" ],
        "X-Content-Type-Options": [ "nosniff" ],
        "Date": [ "Wed, 21 Sep 2022 16:00:15 GMT" ]
      },
      "ContentHeaders": {
        "Content-Length": [ "345" ],
        "Content-Type": [ "application/json; charset=utf-8" ],
        "Expires": [ "-1" ]
      },
      "Content": "{\"id\":\"/subscriptions/326100e2-f69d-4268-8503-075374f62b6e/resourceGroups/resourceGroupAutorest5q9ygt/providers/Microsoft.ServiceBus/namespaces/namespaceNameeikfym/AuthorizationRules/namespaceAuthRule1\",\"name\":\"namespaceAuthRule1\",\"type\":\"Microsoft.ServiceBus/Namespaces/AuthorizationRules\",\"location\":\"East US\",\"properties\":{\"rights\":[\"Send\"]}}",
      "isContentBase64": false
    }
  },
  "Set-AzServiceBusAuthorizationRule+[NoContext]+SetViaIdentityExpanded+$GET+https://management.azure.com/subscriptions/326100e2-f69d-4268-8503-075374f62b6e/resourceGroups/resourceGroupAutorest5q9ygt/providers/Microsoft.ServiceBus/namespaces/namespaceNameeikfym/queues/queue1/authorizationRules/queueAuthRule1?api-version=2022-01-01-preview+4": {
    "Request": {
      "Method": "GET",
      "RequestUri": "https://management.azure.com/subscriptions/326100e2-f69d-4268-8503-075374f62b6e/resourceGroups/resourceGroupAutorest5q9ygt/providers/Microsoft.ServiceBus/namespaces/namespaceNameeikfym/queues/queue1/authorizationRules/queueAuthRule1?api-version=2022-01-01-preview",
      "Content": null,
      "isContentBase64": false,
      "Headers": {
        "x-ms-unique-id": [ "167" ],
        "x-ms-client-request-id": [ "e469a42c-8259-4ba8-9700-e436e98a443f" ],
        "CommandName": [ "Az.ServiceBus.private\\Get-AzServiceBusQueueAuthorizationRule_Get" ],
        "FullCommandName": [ "Get-AzServiceBusQueueAuthorizationRule_Get" ],
        "ParameterSetName": [ "__AllParameterSets" ],
        "User-Agent": [ "AzurePowershell/v0.0.0", "PSVersion/v7.1.3", "Az.ServiceBus/0.1.0" ],
        "Authorization": [ "[Filtered]" ]
      },
      "ContentHeaders": {
      }
    },
    "Response": {
      "StatusCode": 200,
      "Headers": {
        "Cache-Control": [ "no-cache" ],
        "Pragma": [ "no-cache" ],
        "Server": [ "Microsoft-HTTPAPI/2.0" ],
        "x-ms-ratelimit-remaining-subscription-reads": [ "11896" ],
        "x-ms-request-id": [ "29fbaa49-b4eb-475d-93b7-4c9b6025700c" ],
        "x-ms-correlation-request-id": [ "29fbaa49-b4eb-475d-93b7-4c9b6025700c" ],
        "x-ms-routing-request-id": [ "KOREACENTRAL:20220921T160017Z:29fbaa49-b4eb-475d-93b7-4c9b6025700c" ],
        "Strict-Transport-Security": [ "max-age=31536000; includeSubDomains" ],
        "X-Content-Type-Options": [ "nosniff" ],
        "Date": [ "Wed, 21 Sep 2022 16:00:16 GMT" ]
      },
      "ContentHeaders": {
        "Content-Length": [ "357" ],
        "Content-Type": [ "application/json; charset=utf-8" ],
        "Expires": [ "-1" ]
      },
      "Content": "{\"id\":\"/subscriptions/326100e2-f69d-4268-8503-075374f62b6e/resourcegroups/resourceGroupAutorest5q9ygt/providers/Microsoft.ServiceBus/namespaces/namespaceNameeikfym/queues/queue1/authorizationrules/queueAuthRule1\",\"name\":\"queueAuthRule1\",\"type\":\"Microsoft.ServiceBus/Namespaces/Queues/AuthorizationRules\",\"location\":\"eastus\",\"properties\":{\"rights\":[\"Send\"]}}",
      "isContentBase64": false
    }
  },
  "Set-AzServiceBusAuthorizationRule+[NoContext]+SetViaIdentityExpanded+$GET+https://management.azure.com/subscriptions/326100e2-f69d-4268-8503-075374f62b6e/resourceGroups/resourceGroupAutorest5q9ygt/providers/Microsoft.ServiceBus/namespaces/namespaceNameeikfym/queues/queue1/authorizationRules/queueAuthRule1?api-version=2022-01-01-preview+5": {
    "Request": {
      "Method": "GET",
      "RequestUri": "https://management.azure.com/subscriptions/326100e2-f69d-4268-8503-075374f62b6e/resourceGroups/resourceGroupAutorest5q9ygt/providers/Microsoft.ServiceBus/namespaces/namespaceNameeikfym/queues/queue1/authorizationRules/queueAuthRule1?api-version=2022-01-01-preview",
      "Content": null,
      "isContentBase64": false,
      "Headers": {
        "x-ms-unique-id": [ "168" ],
        "x-ms-client-request-id": [ "76a7feb1-7fa4-4946-9048-8b0e5ce00a59" ],
        "CommandName": [ "Az.ServiceBus.private\\Get-AzServiceBusQueueAuthorizationRule_GetViaIdentity" ],
        "FullCommandName": [ "Get-AzServiceBusQueueAuthorizationRule_GetViaIdentity" ],
        "ParameterSetName": [ "__AllParameterSets" ],
        "User-Agent": [ "AzurePowershell/v0.0.0", "PSVersion/v7.1.3", "Az.ServiceBus/0.1.0" ],
        "Authorization": [ "[Filtered]" ]
      },
      "ContentHeaders": {
      }
    },
    "Response": {
      "StatusCode": 200,
      "Headers": {
        "Cache-Control": [ "no-cache" ],
        "Pragma": [ "no-cache" ],
        "Server": [ "Microsoft-HTTPAPI/2.0" ],
        "x-ms-ratelimit-remaining-subscription-reads": [ "11895" ],
        "x-ms-request-id": [ "5e48f396-73a4-4896-bfd7-ae00c542bb0b" ],
        "x-ms-correlation-request-id": [ "5e48f396-73a4-4896-bfd7-ae00c542bb0b" ],
        "x-ms-routing-request-id": [ "KOREACENTRAL:20220921T160018Z:5e48f396-73a4-4896-bfd7-ae00c542bb0b" ],
        "Strict-Transport-Security": [ "max-age=31536000; includeSubDomains" ],
        "X-Content-Type-Options": [ "nosniff" ],
        "Date": [ "Wed, 21 Sep 2022 16:00:17 GMT" ]
      },
      "ContentHeaders": {
        "Content-Length": [ "357" ],
        "Content-Type": [ "application/json; charset=utf-8" ],
        "Expires": [ "-1" ]
      },
      "Content": "{\"id\":\"/subscriptions/326100e2-f69d-4268-8503-075374f62b6e/resourcegroups/resourceGroupAutorest5q9ygt/providers/Microsoft.ServiceBus/namespaces/namespaceNameeikfym/queues/queue1/authorizationrules/queueAuthRule1\",\"name\":\"queueAuthRule1\",\"type\":\"Microsoft.ServiceBus/Namespaces/Queues/AuthorizationRules\",\"location\":\"eastus\",\"properties\":{\"rights\":[\"Send\"]}}",
      "isContentBase64": false
    }
  },
  "Set-AzServiceBusAuthorizationRule+[NoContext]+SetViaIdentityExpanded+$PUT+https://management.azure.com/subscriptions/326100e2-f69d-4268-8503-075374f62b6e/resourceGroups/resourceGroupAutorest5q9ygt/providers/Microsoft.ServiceBus/namespaces/namespaceNameeikfym/queues/queue1/authorizationRules/queueAuthRule1?api-version=2022-01-01-preview+6": {
    "Request": {
      "Method": "PUT",
      "RequestUri": "https://management.azure.com/subscriptions/326100e2-f69d-4268-8503-075374f62b6e/resourceGroups/resourceGroupAutorest5q9ygt/providers/Microsoft.ServiceBus/namespaces/namespaceNameeikfym/queues/queue1/authorizationRules/queueAuthRule1?api-version=2022-01-01-preview",
      "Content": "{\n  \"properties\": {\n    \"rights\": [ \"Listen\", \"Manage\", \"Send\" ]\n  }\n}",
      "isContentBase64": false,
      "Headers": {
      },
      "ContentHeaders": {
        "Content-Type": [ "application/json" ],
        "Content-Length": [ "70" ]
      }
    },
    "Response": {
      "StatusCode": 200,
      "Headers": {
        "Cache-Control": [ "no-cache" ],
        "Pragma": [ "no-cache" ],
        "Server": [ "Microsoft-HTTPAPI/2.0" ],
        "x-ms-ratelimit-remaining-subscription-writes": [ "1171" ],
        "x-ms-request-id": [ "7fe0df15-1f77-4d09-a7d7-f796ef4a339e" ],
        "x-ms-correlation-request-id": [ "7fe0df15-1f77-4d09-a7d7-f796ef4a339e" ],
        "x-ms-routing-request-id": [ "KOREACENTRAL:20220921T160018Z:7fe0df15-1f77-4d09-a7d7-f796ef4a339e" ],
        "Strict-Transport-Security": [ "max-age=31536000; includeSubDomains" ],
        "X-Content-Type-Options": [ "nosniff" ],
        "Date": [ "Wed, 21 Sep 2022 16:00:18 GMT" ]
      },
      "ContentHeaders": {
        "Content-Length": [ "355" ],
        "Content-Type": [ "application/json; charset=utf-8" ],
        "Expires": [ "-1" ]
      },
      "Content": "{\"id\":\"/subscriptions/326100e2-f69d-4268-8503-075374f62b6e/resourceGroups/resourceGroupAutorest5q9ygt/providers/Microsoft.ServiceBus/namespaces/namespaceNameeikfym/queues/queue1/authorizationRules/queueAuthRule1\",\"name\":\"queueAuthRule1\",\"type\":\"Microsoft.ServiceBus/Namespaces/Queues/AuthorizationRules\",\"properties\":{\"rights\":[\"Listen\",\"Manage\",\"Send\"]}}",
      "isContentBase64": false
    }
  },
  "Set-AzServiceBusAuthorizationRule+[NoContext]+SetViaIdentityExpanded+$PUT+https://management.azure.com/subscriptions/326100e2-f69d-4268-8503-075374f62b6e/resourceGroups/resourceGroupAutorest5q9ygt/providers/Microsoft.ServiceBus/namespaces/namespaceNameeikfym/topics/topic1/authorizationRules/topicAuthRule1?api-version=2022-01-01-preview+7": {
    "Request": {
      "Method": "PUT",
      "RequestUri": "https://management.azure.com/subscriptions/326100e2-f69d-4268-8503-075374f62b6e/resourceGroups/resourceGroupAutorest5q9ygt/providers/Microsoft.ServiceBus/namespaces/namespaceNameeikfym/topics/topic1/authorizationRules/topicAuthRule1?api-version=2022-01-01-preview",
      "Content": "{\n  \"properties\": {\n    \"rights\": [ \"Send\" ]\n  }\n}",
      "isContentBase64": false,
      "Headers": {
      },
      "ContentHeaders": {
        "Content-Type": [ "application/json" ],
        "Content-Length": [ "50" ]
      }
    },
    "Response": {
      "StatusCode": 200,
      "Headers": {
        "Cache-Control": [ "no-cache" ],
        "Pragma": [ "no-cache" ],
        "Server": [ "Microsoft-HTTPAPI/2.0" ],
        "x-ms-ratelimit-remaining-subscription-writes": [ "1170" ],
        "x-ms-request-id": [ "fccb683e-e5b8-47fb-949d-4f9c6e93cfa0" ],
        "x-ms-correlation-request-id": [ "fccb683e-e5b8-47fb-949d-4f9c6e93cfa0" ],
        "x-ms-routing-request-id": [ "KOREACENTRAL:20220921T160019Z:fccb683e-e5b8-47fb-949d-4f9c6e93cfa0" ],
        "Strict-Transport-Security": [ "max-age=31536000; includeSubDomains" ],
        "X-Content-Type-Options": [ "nosniff" ],
        "Date": [ "Wed, 21 Sep 2022 16:00:18 GMT" ]
      },
      "ContentHeaders": {
        "Content-Length": [ "337" ],
        "Content-Type": [ "application/json; charset=utf-8" ],
        "Expires": [ "-1" ]
      },
      "Content": "{\"id\":\"/subscriptions/326100e2-f69d-4268-8503-075374f62b6e/resourceGroups/resourceGroupAutorest5q9ygt/providers/Microsoft.ServiceBus/namespaces/namespaceNameeikfym/topics/topic1/authorizationRules/topicAuthRule1\",\"name\":\"topicAuthRule1\",\"type\":\"Microsoft.ServiceBus/Namespaces/Topics/AuthorizationRules\",\"properties\":{\"rights\":[\"Send\"]}}",
      "isContentBase64": false
    }
  },
  "Set-AzServiceBusAuthorizationRule+[NoContext]+SetViaIdentityExpanded+$GET+https://management.azure.com/subscriptions/326100e2-f69d-4268-8503-075374f62b6e/resourceGroups/resourceGroupAutorest5q9ygt/providers/Microsoft.ServiceBus/namespaces/namespaceNameeikfym/topics/topic1/authorizationRules/topicAuthRule1?api-version=2022-01-01-preview+8": {
    "Request": {
      "Method": "GET",
      "RequestUri": "https://management.azure.com/subscriptions/326100e2-f69d-4268-8503-075374f62b6e/resourceGroups/resourceGroupAutorest5q9ygt/providers/Microsoft.ServiceBus/namespaces/namespaceNameeikfym/topics/topic1/authorizationRules/topicAuthRule1?api-version=2022-01-01-preview",
      "Content": null,
      "isContentBase64": false,
      "Headers": {
        "x-ms-unique-id": [ "171" ],
        "x-ms-client-request-id": [ "39eb53bc-8412-428d-ac86-b701b0e521a8" ],
        "CommandName": [ "Az.ServiceBus.private\\Get-AzServiceBusTopicAuthorizationRule_Get" ],
        "FullCommandName": [ "Get-AzServiceBusTopicAuthorizationRule_Get" ],
        "ParameterSetName": [ "__AllParameterSets" ],
        "User-Agent": [ "AzurePowershell/v0.0.0", "PSVersion/v7.1.3", "Az.ServiceBus/0.1.0" ],
        "Authorization": [ "[Filtered]" ]
      },
      "ContentHeaders": {
      }
    },
    "Response": {
      "StatusCode": 200,
      "Headers": {
        "Cache-Control": [ "no-cache" ],
        "Pragma": [ "no-cache" ],
        "Server": [ "Microsoft-HTTPAPI/2.0" ],
        "x-ms-ratelimit-remaining-subscription-reads": [ "11894" ],
        "x-ms-request-id": [ "769de52e-8ff9-48cd-850f-0dada3260e65" ],
        "x-ms-correlation-request-id": [ "769de52e-8ff9-48cd-850f-0dada3260e65" ],
        "x-ms-routing-request-id": [ "KOREACENTRAL:20220921T160020Z:769de52e-8ff9-48cd-850f-0dada3260e65" ],
        "Strict-Transport-Security": [ "max-age=31536000; includeSubDomains" ],
        "X-Content-Type-Options": [ "nosniff" ],
        "Date": [ "Wed, 21 Sep 2022 16:00:19 GMT" ]
      },
      "ContentHeaders": {
        "Content-Length": [ "357" ],
        "Content-Type": [ "application/json; charset=utf-8" ],
        "Expires": [ "-1" ]
      },
      "Content": "{\"id\":\"/subscriptions/326100e2-f69d-4268-8503-075374f62b6e/resourcegroups/resourceGroupAutorest5q9ygt/providers/Microsoft.ServiceBus/namespaces/namespaceNameeikfym/topics/topic1/authorizationrules/topicAuthRule1\",\"name\":\"topicAuthRule1\",\"type\":\"Microsoft.ServiceBus/Namespaces/Topics/AuthorizationRules\",\"location\":\"eastus\",\"properties\":{\"rights\":[\"Send\"]}}",
      "isContentBase64": false
    }
  },
  "Set-AzServiceBusAuthorizationRule+[NoContext]+SetViaIdentityExpanded+$GET+https://management.azure.com/subscriptions/326100e2-f69d-4268-8503-075374f62b6e/resourceGroups/resourceGroupAutorest5q9ygt/providers/Microsoft.ServiceBus/namespaces/namespaceNameeikfym/topics/topic1/authorizationRules/topicAuthRule1?api-version=2022-01-01-preview+9": {
    "Request": {
      "Method": "GET",
      "RequestUri": "https://management.azure.com/subscriptions/326100e2-f69d-4268-8503-075374f62b6e/resourceGroups/resourceGroupAutorest5q9ygt/providers/Microsoft.ServiceBus/namespaces/namespaceNameeikfym/topics/topic1/authorizationRules/topicAuthRule1?api-version=2022-01-01-preview",
      "Content": null,
      "isContentBase64": false,
      "Headers": {
        "x-ms-unique-id": [ "172" ],
        "x-ms-client-request-id": [ "bf365250-9070-407c-92d5-2655379e1aec" ],
        "CommandName": [ "Az.ServiceBus.private\\Get-AzServiceBusTopicAuthorizationRule_GetViaIdentity" ],
        "FullCommandName": [ "Get-AzServiceBusTopicAuthorizationRule_GetViaIdentity" ],
        "ParameterSetName": [ "__AllParameterSets" ],
        "User-Agent": [ "AzurePowershell/v0.0.0", "PSVersion/v7.1.3", "Az.ServiceBus/0.1.0" ],
        "Authorization": [ "[Filtered]" ]
      },
      "ContentHeaders": {
      }
    },
    "Response": {
      "StatusCode": 200,
      "Headers": {
        "Cache-Control": [ "no-cache" ],
        "Pragma": [ "no-cache" ],
        "Server": [ "Microsoft-HTTPAPI/2.0" ],
        "x-ms-ratelimit-remaining-subscription-reads": [ "11893" ],
        "x-ms-request-id": [ "ad7b24df-17e5-4540-b5e0-0dff86402b2d" ],
        "x-ms-correlation-request-id": [ "ad7b24df-17e5-4540-b5e0-0dff86402b2d" ],
        "x-ms-routing-request-id": [ "KOREACENTRAL:20220921T160020Z:ad7b24df-17e5-4540-b5e0-0dff86402b2d" ],
        "Strict-Transport-Security": [ "max-age=31536000; includeSubDomains" ],
        "X-Content-Type-Options": [ "nosniff" ],
        "Date": [ "Wed, 21 Sep 2022 16:00:20 GMT" ]
      },
      "ContentHeaders": {
        "Content-Length": [ "357" ],
        "Content-Type": [ "application/json; charset=utf-8" ],
        "Expires": [ "-1" ]
      },
      "Content": "{\"id\":\"/subscriptions/326100e2-f69d-4268-8503-075374f62b6e/resourcegroups/resourceGroupAutorest5q9ygt/providers/Microsoft.ServiceBus/namespaces/namespaceNameeikfym/topics/topic1/authorizationrules/topicAuthRule1\",\"name\":\"topicAuthRule1\",\"type\":\"Microsoft.ServiceBus/Namespaces/Topics/AuthorizationRules\",\"location\":\"eastus\",\"properties\":{\"rights\":[\"Send\"]}}",
      "isContentBase64": false
    }
  },
  "Set-AzServiceBusAuthorizationRule+[NoContext]+SetViaIdentityExpanded+$PUT+https://management.azure.com/subscriptions/326100e2-f69d-4268-8503-075374f62b6e/resourceGroups/resourceGroupAutorest5q9ygt/providers/Microsoft.ServiceBus/namespaces/namespaceNameeikfym/topics/topic1/authorizationRules/topicAuthRule1?api-version=2022-01-01-preview+10": {
    "Request": {
      "Method": "PUT",
      "RequestUri": "https://management.azure.com/subscriptions/326100e2-f69d-4268-8503-075374f62b6e/resourceGroups/resourceGroupAutorest5q9ygt/providers/Microsoft.ServiceBus/namespaces/namespaceNameeikfym/topics/topic1/authorizationRules/topicAuthRule1?api-version=2022-01-01-preview",
      "Content": "{\n  \"properties\": {\n    \"rights\": [ \"Listen\", \"Manage\", \"Send\" ]\n  }\n}",
      "isContentBase64": false,
      "Headers": {
      },
      "ContentHeaders": {
        "Content-Type": [ "application/json" ],
        "Content-Length": [ "70" ]
      }
    },
    "Response": {
      "StatusCode": 200,
      "Headers": {
        "Cache-Control": [ "no-cache" ],
        "Pragma": [ "no-cache" ],
        "Server": [ "Microsoft-HTTPAPI/2.0" ],
        "x-ms-ratelimit-remaining-subscription-writes": [ "1169" ],
        "x-ms-request-id": [ "22fa18a0-31f5-4e30-8ec7-241b933b0186" ],
        "x-ms-correlation-request-id": [ "22fa18a0-31f5-4e30-8ec7-241b933b0186" ],
        "x-ms-routing-request-id": [ "KOREACENTRAL:20220921T160021Z:22fa18a0-31f5-4e30-8ec7-241b933b0186" ],
        "Strict-Transport-Security": [ "max-age=31536000; includeSubDomains" ],
        "X-Content-Type-Options": [ "nosniff" ],
        "Date": [ "Wed, 21 Sep 2022 16:00:20 GMT" ]
      },
      "ContentHeaders": {
        "Content-Length": [ "355" ],
        "Content-Type": [ "application/json; charset=utf-8" ],
        "Expires": [ "-1" ]
      },
      "Content": "{\"id\":\"/subscriptions/326100e2-f69d-4268-8503-075374f62b6e/resourceGroups/resourceGroupAutorest5q9ygt/providers/Microsoft.ServiceBus/namespaces/namespaceNameeikfym/topics/topic1/authorizationRules/topicAuthRule1\",\"name\":\"topicAuthRule1\",\"type\":\"Microsoft.ServiceBus/Namespaces/Topics/AuthorizationRules\",\"properties\":{\"rights\":[\"Listen\",\"Manage\",\"Send\"]}}",
      "isContentBase64": false
    }
  }
}