{
  "Entries": [
    {
      "RequestUri": "/subscriptions/cca24ec8-99b5-4aa7-9ff6-486e886f304c/resourcegroups/sql-dm-cmdlet-test-rg30379?api-version=2016-02-01",
      "EncodedRequestUri": "L3N1YnNjcmlwdGlvbnMvY2NhMjRlYzgtOTliNS00YWE3LTlmZjYtNDg2ZTg4NmYzMDRjL3Jlc291cmNlZ3JvdXBzL3NxbC1kbS1jbWRsZXQtdGVzdC1yZzMwMzc5P2FwaS12ZXJzaW9uPTIwMTYtMDItMDE=",
      "RequestMethod": "PUT",
      "RequestBody": "{\r\n  \"location\": \"West Central US\"\r\n}",
      "RequestHeaders": {
        "Content-Type": [
          "application/json; charset=utf-8"
        ],
        "Content-Length": [
          "37"
        ],
        "User-Agent": [
          "Microsoft.Azure.Management.Resources.ResourceManagementClient/2.0.0.0"
        ]
      },
      "ResponseBody": "{\r\n  \"id\": \"/subscriptions/cca24ec8-99b5-4aa7-9ff6-486e886f304c/resourceGroups/sql-dm-cmdlet-test-rg30379\",\r\n  \"name\": \"sql-dm-cmdlet-test-rg30379\",\r\n  \"location\": \"westcentralus\",\r\n  \"properties\": {\r\n    \"provisioningState\": \"Succeeded\"\r\n  }\r\n}",
      "ResponseHeaders": {
        "Content-Length": [
          "212"
        ],
        "Content-Type": [
          "application/json; charset=utf-8"
        ],
        "Expires": [
          "-1"
        ],
        "Pragma": [
          "no-cache"
        ],
        "x-ms-ratelimit-remaining-subscription-writes": [
          "1199"
        ],
        "x-ms-request-id": [
          "b6b26bf9-f796-4578-9c5b-137ae359f5fc"
        ],
        "x-ms-correlation-request-id": [
          "b6b26bf9-f796-4578-9c5b-137ae359f5fc"
        ],
        "x-ms-routing-request-id": [
          "WESTEUROPE:20161220T083808Z:b6b26bf9-f796-4578-9c5b-137ae359f5fc"
        ],
        "Strict-Transport-Security": [
          "max-age=31536000; includeSubDomains"
        ],
        "Cache-Control": [
          "no-cache"
        ],
        "Date": [
          "Tue, 20 Dec 2016 08:38:08 GMT"
        ]
      },
      "StatusCode": 201
    },
    {
      "RequestUri": "/subscriptions/cca24ec8-99b5-4aa7-9ff6-486e886f304c/resourceGroups/sql-dm-cmdlet-test-rg30379/providers/Microsoft.Sql/servers/sql-dm-cmdlet-server30379?api-version=2014-04-01",
      "EncodedRequestUri": "L3N1YnNjcmlwdGlvbnMvY2NhMjRlYzgtOTliNS00YWE3LTlmZjYtNDg2ZTg4NmYzMDRjL3Jlc291cmNlR3JvdXBzL3NxbC1kbS1jbWRsZXQtdGVzdC1yZzMwMzc5L3Byb3ZpZGVycy9NaWNyb3NvZnQuU3FsL3NlcnZlcnMvc3FsLWRtLWNtZGxldC1zZXJ2ZXIzMDM3OT9hcGktdmVyc2lvbj0yMDE0LTA0LTAx",
      "RequestMethod": "GET",
      "RequestBody": "",
      "RequestHeaders": {
        "User-Agent": [
          "Microsoft.Azure.Management.Sql.SqlManagementClient/0.51.0.0"
        ],
        "x-ms-client-request-id": [
          "52a3deea-06e9-4835-b16e-8d4e83ccb1ca"
        ]
      },
      "ResponseBody": "{\r\n  \"error\": {\r\n    \"code\": \"ResourceNotFound\",\r\n    \"message\": \"The Resource 'Microsoft.Sql/servers/sql-dm-cmdlet-server30379' under resource group 'sql-dm-cmdlet-test-rg30379' was not found.\"\r\n  }\r\n}",
      "ResponseHeaders": {
        "Content-Length": [
          "177"
        ],
        "Content-Type": [
          "application/json; charset=utf-8"
        ],
        "Expires": [
          "-1"
        ],
        "Pragma": [
          "no-cache"
        ],
        "x-ms-failure-cause": [
          "gateway"
        ],
        "x-ms-request-id": [
          "da3b9742-f51c-458d-8288-193028e91a6c"
        ],
        "x-ms-correlation-request-id": [
          "da3b9742-f51c-458d-8288-193028e91a6c"
        ],
        "x-ms-routing-request-id": [
          "WESTEUROPE:20161220T083810Z:da3b9742-f51c-458d-8288-193028e91a6c"
        ],
        "Strict-Transport-Security": [
          "max-age=31536000; includeSubDomains"
        ],
        "Cache-Control": [
          "no-cache"
        ],
        "Date": [
          "Tue, 20 Dec 2016 08:38:10 GMT"
        ]
      },
      "StatusCode": 404
    },
    {
      "RequestUri": "/subscriptions/cca24ec8-99b5-4aa7-9ff6-486e886f304c/resourceGroups/sql-dm-cmdlet-test-rg30379/providers/Microsoft.Sql/servers/sql-dm-cmdlet-server30379?api-version=2014-04-01",
      "EncodedRequestUri": "L3N1YnNjcmlwdGlvbnMvY2NhMjRlYzgtOTliNS00YWE3LTlmZjYtNDg2ZTg4NmYzMDRjL3Jlc291cmNlR3JvdXBzL3NxbC1kbS1jbWRsZXQtdGVzdC1yZzMwMzc5L3Byb3ZpZGVycy9NaWNyb3NvZnQuU3FsL3NlcnZlcnMvc3FsLWRtLWNtZGxldC1zZXJ2ZXIzMDM3OT9hcGktdmVyc2lvbj0yMDE0LTA0LTAx",
      "RequestMethod": "GET",
      "RequestBody": "",
      "RequestHeaders": {
        "User-Agent": [
          "Microsoft.Azure.Management.Sql.SqlManagementClient/0.51.0.0"
        ],
        "x-ms-client-request-id": [
          "430426de-e629-4d1b-bda6-580d2cb4d4da"
        ]
      },
      "ResponseBody": "{\r\n  \"id\": \"/subscriptions/cca24ec8-99b5-4aa7-9ff6-486e886f304c/resourceGroups/sql-dm-cmdlet-test-rg30379/providers/Microsoft.Sql/servers/sql-dm-cmdlet-server30379\",\r\n  \"name\": \"sql-dm-cmdlet-server30379\",\r\n  \"type\": \"Microsoft.Sql/servers\",\r\n  \"location\": \"West Central US\",\r\n  \"kind\": \"v12.0\",\r\n  \"properties\": {\r\n    \"fullyQualifiedDomainName\": \"sql-dm-cmdlet-server30379.database.windows.net\",\r\n    \"administratorLogin\": \"testlogin\",\r\n    \"administratorLoginPassword\": null,\r\n    \"externalAdministratorLogin\": null,\r\n    \"externalAdministratorSid\": null,\r\n    \"version\": \"12.0\",\r\n    \"state\": \"Ready\"\r\n  }\r\n}",
      "ResponseHeaders": {
        "Content-Length": [
          "527"
        ],
        "Content-Type": [
          "application/json; odata=minimalmetadata; streaming=true; charset=utf-8"
        ],
        "x-ms-request-id": [
          "22ffcc2e-65b3-4cf9-94b8-972beb5e6c11"
        ],
        "X-Content-Type-Options": [
          "nosniff"
        ],
        "DataServiceVersion": [
          "3.0;"
        ],
        "x-ms-ratelimit-remaining-subscription-reads": [
          "14856"
        ],
        "x-ms-correlation-request-id": [
          "fe907d52-0cbc-43e4-9948-1f90ef4a64c6"
        ],
        "x-ms-routing-request-id": [
          "WESTEUROPE:20161220T083856Z:fe907d52-0cbc-43e4-9948-1f90ef4a64c6"
        ],
        "Strict-Transport-Security": [
          "max-age=31536000; includeSubDomains"
        ],
        "Cache-Control": [
          "no-store, no-cache"
        ],
        "Date": [
          "Tue, 20 Dec 2016 08:38:55 GMT"
        ],
        "Server": [
          "Microsoft-HTTPAPI/2.0"
        ]
      },
      "StatusCode": 200
    },
    {
      "RequestUri": "/subscriptions/cca24ec8-99b5-4aa7-9ff6-486e886f304c/resourceGroups/sql-dm-cmdlet-test-rg30379/providers/Microsoft.Sql/servers/sql-dm-cmdlet-server30379?api-version=2014-04-01",
      "EncodedRequestUri": "L3N1YnNjcmlwdGlvbnMvY2NhMjRlYzgtOTliNS00YWE3LTlmZjYtNDg2ZTg4NmYzMDRjL3Jlc291cmNlR3JvdXBzL3NxbC1kbS1jbWRsZXQtdGVzdC1yZzMwMzc5L3Byb3ZpZGVycy9NaWNyb3NvZnQuU3FsL3NlcnZlcnMvc3FsLWRtLWNtZGxldC1zZXJ2ZXIzMDM3OT9hcGktdmVyc2lvbj0yMDE0LTA0LTAx",
      "RequestMethod": "GET",
      "RequestBody": "",
      "RequestHeaders": {
        "User-Agent": [
          "Microsoft.Azure.Management.Sql.SqlManagementClient/0.51.0.0"
        ],
        "x-ms-client-request-id": [
          "1e706fb5-241b-4ed3-a0b3-1c46e5a00765"
        ]
      },
      "ResponseBody": "{\r\n  \"id\": \"/subscriptions/cca24ec8-99b5-4aa7-9ff6-486e886f304c/resourceGroups/sql-dm-cmdlet-test-rg30379/providers/Microsoft.Sql/servers/sql-dm-cmdlet-server30379\",\r\n  \"name\": \"sql-dm-cmdlet-server30379\",\r\n  \"type\": \"Microsoft.Sql/servers\",\r\n  \"location\": \"West Central US\",\r\n  \"kind\": \"v12.0\",\r\n  \"properties\": {\r\n    \"fullyQualifiedDomainName\": \"sql-dm-cmdlet-server30379.database.windows.net\",\r\n    \"administratorLogin\": \"testlogin\",\r\n    \"administratorLoginPassword\": null,\r\n    \"externalAdministratorLogin\": null,\r\n    \"externalAdministratorSid\": null,\r\n    \"version\": \"12.0\",\r\n    \"state\": \"Ready\"\r\n  }\r\n}",
      "ResponseHeaders": {
        "Content-Length": [
          "527"
        ],
        "Content-Type": [
          "application/json; odata=minimalmetadata; streaming=true; charset=utf-8"
        ],
        "x-ms-request-id": [
          "f0dc8564-f78f-491a-b091-1f511920f673"
        ],
        "X-Content-Type-Options": [
          "nosniff"
        ],
        "DataServiceVersion": [
          "3.0;"
        ],
        "x-ms-ratelimit-remaining-subscription-reads": [
          "14845"
        ],
        "x-ms-correlation-request-id": [
          "954ccd43-e641-49df-8231-e761bc5e0983"
        ],
        "x-ms-routing-request-id": [
          "WESTEUROPE:20161220T083950Z:954ccd43-e641-49df-8231-e761bc5e0983"
        ],
        "Strict-Transport-Security": [
          "max-age=31536000; includeSubDomains"
        ],
        "Cache-Control": [
          "no-store, no-cache"
        ],
        "Date": [
          "Tue, 20 Dec 2016 08:39:50 GMT"
        ],
        "Server": [
          "Microsoft-HTTPAPI/2.0"
        ]
      },
      "StatusCode": 200
    },
    {
      "RequestUri": "/subscriptions/cca24ec8-99b5-4aa7-9ff6-486e886f304c/resourceGroups/sql-dm-cmdlet-test-rg30379/providers/Microsoft.Sql/servers/sql-dm-cmdlet-server30379?api-version=2014-04-01",
      "EncodedRequestUri": "L3N1YnNjcmlwdGlvbnMvY2NhMjRlYzgtOTliNS00YWE3LTlmZjYtNDg2ZTg4NmYzMDRjL3Jlc291cmNlR3JvdXBzL3NxbC1kbS1jbWRsZXQtdGVzdC1yZzMwMzc5L3Byb3ZpZGVycy9NaWNyb3NvZnQuU3FsL3NlcnZlcnMvc3FsLWRtLWNtZGxldC1zZXJ2ZXIzMDM3OT9hcGktdmVyc2lvbj0yMDE0LTA0LTAx",
      "RequestMethod": "GET",
      "RequestBody": "",
      "RequestHeaders": {
        "User-Agent": [
          "Microsoft.Azure.Management.Sql.SqlManagementClient/0.51.0.0"
        ],
        "x-ms-client-request-id": [
          "fdb8ed8a-7853-46f9-b7bd-7dda3147b79e"
        ]
      },
      "ResponseBody": "{\r\n  \"id\": \"/subscriptions/cca24ec8-99b5-4aa7-9ff6-486e886f304c/resourceGroups/sql-dm-cmdlet-test-rg30379/providers/Microsoft.Sql/servers/sql-dm-cmdlet-server30379\",\r\n  \"name\": \"sql-dm-cmdlet-server30379\",\r\n  \"type\": \"Microsoft.Sql/servers\",\r\n  \"location\": \"West Central US\",\r\n  \"kind\": \"v12.0\",\r\n  \"properties\": {\r\n    \"fullyQualifiedDomainName\": \"sql-dm-cmdlet-server30379.database.windows.net\",\r\n    \"administratorLogin\": \"testlogin\",\r\n    \"administratorLoginPassword\": null,\r\n    \"externalAdministratorLogin\": null,\r\n    \"externalAdministratorSid\": null,\r\n    \"version\": \"12.0\",\r\n    \"state\": \"Ready\"\r\n  }\r\n}",
      "ResponseHeaders": {
        "Content-Length": [
          "527"
        ],
        "Content-Type": [
          "application/json; odata=minimalmetadata; streaming=true; charset=utf-8"
        ],
        "x-ms-request-id": [
          "2d972e2f-4c6f-4767-b08f-d7fa46997bf4"
        ],
        "X-Content-Type-Options": [
          "nosniff"
        ],
        "DataServiceVersion": [
          "3.0;"
        ],
        "x-ms-ratelimit-remaining-subscription-reads": [
          "14843"
        ],
        "x-ms-correlation-request-id": [
          "38e993c2-a118-4d16-85a0-84e2f541d9d9"
        ],
        "x-ms-routing-request-id": [
          "WESTEUROPE:20161220T083952Z:38e993c2-a118-4d16-85a0-84e2f541d9d9"
        ],
        "Strict-Transport-Security": [
          "max-age=31536000; includeSubDomains"
        ],
        "Cache-Control": [
          "no-store, no-cache"
        ],
        "Date": [
          "Tue, 20 Dec 2016 08:39:51 GMT"
        ],
        "Server": [
          "Microsoft-HTTPAPI/2.0"
        ]
      },
      "StatusCode": 200
    },
    {
      "RequestUri": "/subscriptions/cca24ec8-99b5-4aa7-9ff6-486e886f304c/resourceGroups/sql-dm-cmdlet-test-rg30379/providers/Microsoft.Sql/servers/sql-dm-cmdlet-server30379?api-version=2014-04-01",
      "EncodedRequestUri": "L3N1YnNjcmlwdGlvbnMvY2NhMjRlYzgtOTliNS00YWE3LTlmZjYtNDg2ZTg4NmYzMDRjL3Jlc291cmNlR3JvdXBzL3NxbC1kbS1jbWRsZXQtdGVzdC1yZzMwMzc5L3Byb3ZpZGVycy9NaWNyb3NvZnQuU3FsL3NlcnZlcnMvc3FsLWRtLWNtZGxldC1zZXJ2ZXIzMDM3OT9hcGktdmVyc2lvbj0yMDE0LTA0LTAx",
      "RequestMethod": "GET",
      "RequestBody": "",
      "RequestHeaders": {
        "User-Agent": [
          "Microsoft.Azure.Management.Sql.SqlManagementClient/0.51.0.0"
        ],
        "x-ms-client-request-id": [
          "fdb8ed8a-7853-46f9-b7bd-7dda3147b79e"
        ]
      },
      "ResponseBody": "{\r\n  \"id\": \"/subscriptions/cca24ec8-99b5-4aa7-9ff6-486e886f304c/resourceGroups/sql-dm-cmdlet-test-rg30379/providers/Microsoft.Sql/servers/sql-dm-cmdlet-server30379\",\r\n  \"name\": \"sql-dm-cmdlet-server30379\",\r\n  \"type\": \"Microsoft.Sql/servers\",\r\n  \"location\": \"West Central US\",\r\n  \"kind\": \"v12.0\",\r\n  \"properties\": {\r\n    \"fullyQualifiedDomainName\": \"sql-dm-cmdlet-server30379.database.windows.net\",\r\n    \"administratorLogin\": \"testlogin\",\r\n    \"administratorLoginPassword\": null,\r\n    \"externalAdministratorLogin\": null,\r\n    \"externalAdministratorSid\": null,\r\n    \"version\": \"12.0\",\r\n    \"state\": \"Ready\"\r\n  }\r\n}",
      "ResponseHeaders": {
        "Content-Length": [
          "527"
        ],
        "Content-Type": [
          "application/json; odata=minimalmetadata; streaming=true; charset=utf-8"
        ],
        "x-ms-request-id": [
          "caa98a66-7e96-4738-a9bf-da4e13cd9716"
        ],
        "X-Content-Type-Options": [
          "nosniff"
        ],
        "DataServiceVersion": [
          "3.0;"
        ],
        "x-ms-ratelimit-remaining-subscription-reads": [
          "14841"
        ],
        "x-ms-correlation-request-id": [
          "877d5ff4-0560-44e0-af00-9bd2d38b0d14"
        ],
        "x-ms-routing-request-id": [
          "WESTEUROPE:20161220T083953Z:877d5ff4-0560-44e0-af00-9bd2d38b0d14"
        ],
        "Strict-Transport-Security": [
          "max-age=31536000; includeSubDomains"
        ],
        "Cache-Control": [
          "no-store, no-cache"
        ],
        "Date": [
          "Tue, 20 Dec 2016 08:39:52 GMT"
        ],
        "Server": [
          "Microsoft-HTTPAPI/2.0"
        ]
      },
      "StatusCode": 200
    },
    {
      "RequestUri": "/subscriptions/cca24ec8-99b5-4aa7-9ff6-486e886f304c/resourceGroups/sql-dm-cmdlet-test-rg30379/providers/Microsoft.Sql/servers/sql-dm-cmdlet-server30379?api-version=2014-04-01",
      "EncodedRequestUri": "L3N1YnNjcmlwdGlvbnMvY2NhMjRlYzgtOTliNS00YWE3LTlmZjYtNDg2ZTg4NmYzMDRjL3Jlc291cmNlR3JvdXBzL3NxbC1kbS1jbWRsZXQtdGVzdC1yZzMwMzc5L3Byb3ZpZGVycy9NaWNyb3NvZnQuU3FsL3NlcnZlcnMvc3FsLWRtLWNtZGxldC1zZXJ2ZXIzMDM3OT9hcGktdmVyc2lvbj0yMDE0LTA0LTAx",
      "RequestMethod": "GET",
      "RequestBody": "",
      "RequestHeaders": {
        "User-Agent": [
          "Microsoft.Azure.Management.Sql.SqlManagementClient/0.51.0.0"
        ],
        "x-ms-client-request-id": [
          "9710c62b-7970-463d-a868-a6f378db1a27"
        ]
      },
      "ResponseBody": "{\r\n  \"id\": \"/subscriptions/cca24ec8-99b5-4aa7-9ff6-486e886f304c/resourceGroups/sql-dm-cmdlet-test-rg30379/providers/Microsoft.Sql/servers/sql-dm-cmdlet-server30379\",\r\n  \"name\": \"sql-dm-cmdlet-server30379\",\r\n  \"type\": \"Microsoft.Sql/servers\",\r\n  \"location\": \"West Central US\",\r\n  \"kind\": \"v12.0\",\r\n  \"properties\": {\r\n    \"fullyQualifiedDomainName\": \"sql-dm-cmdlet-server30379.database.windows.net\",\r\n    \"administratorLogin\": \"testlogin\",\r\n    \"administratorLoginPassword\": null,\r\n    \"externalAdministratorLogin\": null,\r\n    \"externalAdministratorSid\": null,\r\n    \"version\": \"12.0\",\r\n    \"state\": \"Ready\"\r\n  }\r\n}",
      "ResponseHeaders": {
        "Content-Length": [
          "527"
        ],
        "Content-Type": [
          "application/json; odata=minimalmetadata; streaming=true; charset=utf-8"
        ],
        "x-ms-request-id": [
          "5e559fc2-d3a2-4402-8bda-7349a017ca74"
        ],
        "X-Content-Type-Options": [
          "nosniff"
        ],
        "DataServiceVersion": [
          "3.0;"
        ],
        "x-ms-ratelimit-remaining-subscription-reads": [
          "14840"
        ],
        "x-ms-correlation-request-id": [
          "199034c8-9209-4ab9-81fa-039015a9a1be"
        ],
        "x-ms-routing-request-id": [
          "WESTEUROPE:20161220T083955Z:199034c8-9209-4ab9-81fa-039015a9a1be"
        ],
        "Strict-Transport-Security": [
          "max-age=31536000; includeSubDomains"
        ],
        "Cache-Control": [
          "no-store, no-cache"
        ],
        "Date": [
          "Tue, 20 Dec 2016 08:39:54 GMT"
        ],
        "Server": [
          "Microsoft-HTTPAPI/2.0"
        ]
      },
      "StatusCode": 200
    },
    {
      "RequestUri": "/subscriptions/cca24ec8-99b5-4aa7-9ff6-486e886f304c/resourceGroups/sql-dm-cmdlet-test-rg30379/providers/Microsoft.Sql/servers/sql-dm-cmdlet-server30379?api-version=2014-04-01",
      "EncodedRequestUri": "L3N1YnNjcmlwdGlvbnMvY2NhMjRlYzgtOTliNS00YWE3LTlmZjYtNDg2ZTg4NmYzMDRjL3Jlc291cmNlR3JvdXBzL3NxbC1kbS1jbWRsZXQtdGVzdC1yZzMwMzc5L3Byb3ZpZGVycy9NaWNyb3NvZnQuU3FsL3NlcnZlcnMvc3FsLWRtLWNtZGxldC1zZXJ2ZXIzMDM3OT9hcGktdmVyc2lvbj0yMDE0LTA0LTAx",
      "RequestMethod": "GET",
      "RequestBody": "",
      "RequestHeaders": {
        "User-Agent": [
          "Microsoft.Azure.Management.Sql.SqlManagementClient/0.51.0.0"
        ],
        "x-ms-client-request-id": [
          "b18737e1-7fa4-43e5-aa6d-819233890eb2"
        ]
      },
      "ResponseBody": "{\r\n  \"id\": \"/subscriptions/cca24ec8-99b5-4aa7-9ff6-486e886f304c/resourceGroups/sql-dm-cmdlet-test-rg30379/providers/Microsoft.Sql/servers/sql-dm-cmdlet-server30379\",\r\n  \"name\": \"sql-dm-cmdlet-server30379\",\r\n  \"type\": \"Microsoft.Sql/servers\",\r\n  \"location\": \"West Central US\",\r\n  \"kind\": \"v12.0\",\r\n  \"properties\": {\r\n    \"fullyQualifiedDomainName\": \"sql-dm-cmdlet-server30379.database.windows.net\",\r\n    \"administratorLogin\": \"testlogin\",\r\n    \"administratorLoginPassword\": null,\r\n    \"externalAdministratorLogin\": null,\r\n    \"externalAdministratorSid\": null,\r\n    \"version\": \"12.0\",\r\n    \"state\": \"Ready\"\r\n  }\r\n}",
      "ResponseHeaders": {
        "Content-Length": [
          "527"
        ],
        "Content-Type": [
          "application/json; odata=minimalmetadata; streaming=true; charset=utf-8"
        ],
        "x-ms-request-id": [
          "94e97490-4f0b-46b3-9d2e-ce2bd4aeda31"
        ],
        "X-Content-Type-Options": [
          "nosniff"
        ],
        "DataServiceVersion": [
          "3.0;"
        ],
        "x-ms-ratelimit-remaining-subscription-reads": [
          "14838"
        ],
        "x-ms-correlation-request-id": [
          "ad803c20-a6d8-4f53-ab81-16d481d716e1"
        ],
        "x-ms-routing-request-id": [
          "WESTEUROPE:20161220T083956Z:ad803c20-a6d8-4f53-ab81-16d481d716e1"
        ],
        "Strict-Transport-Security": [
          "max-age=31536000; includeSubDomains"
        ],
        "Cache-Control": [
          "no-store, no-cache"
        ],
        "Date": [
          "Tue, 20 Dec 2016 08:39:55 GMT"
        ],
        "Server": [
          "Microsoft-HTTPAPI/2.0"
        ]
      },
      "StatusCode": 200
    },
    {
      "RequestUri": "/subscriptions/cca24ec8-99b5-4aa7-9ff6-486e886f304c/resourceGroups/sql-dm-cmdlet-test-rg30379/providers/Microsoft.Sql/servers/sql-dm-cmdlet-server30379?api-version=2014-04-01",
      "EncodedRequestUri": "L3N1YnNjcmlwdGlvbnMvY2NhMjRlYzgtOTliNS00YWE3LTlmZjYtNDg2ZTg4NmYzMDRjL3Jlc291cmNlR3JvdXBzL3NxbC1kbS1jbWRsZXQtdGVzdC1yZzMwMzc5L3Byb3ZpZGVycy9NaWNyb3NvZnQuU3FsL3NlcnZlcnMvc3FsLWRtLWNtZGxldC1zZXJ2ZXIzMDM3OT9hcGktdmVyc2lvbj0yMDE0LTA0LTAx",
      "RequestMethod": "GET",
      "RequestBody": "",
      "RequestHeaders": {
        "User-Agent": [
          "Microsoft.Azure.Management.Sql.SqlManagementClient/0.51.0.0"
        ],
        "x-ms-client-request-id": [
          "b18737e1-7fa4-43e5-aa6d-819233890eb2"
        ]
      },
      "ResponseBody": "{\r\n  \"id\": \"/subscriptions/cca24ec8-99b5-4aa7-9ff6-486e886f304c/resourceGroups/sql-dm-cmdlet-test-rg30379/providers/Microsoft.Sql/servers/sql-dm-cmdlet-server30379\",\r\n  \"name\": \"sql-dm-cmdlet-server30379\",\r\n  \"type\": \"Microsoft.Sql/servers\",\r\n  \"location\": \"West Central US\",\r\n  \"kind\": \"v12.0\",\r\n  \"properties\": {\r\n    \"fullyQualifiedDomainName\": \"sql-dm-cmdlet-server30379.database.windows.net\",\r\n    \"administratorLogin\": \"testlogin\",\r\n    \"administratorLoginPassword\": null,\r\n    \"externalAdministratorLogin\": null,\r\n    \"externalAdministratorSid\": null,\r\n    \"version\": \"12.0\",\r\n    \"state\": \"Ready\"\r\n  }\r\n}",
      "ResponseHeaders": {
        "Content-Length": [
          "527"
        ],
        "Content-Type": [
          "application/json; odata=minimalmetadata; streaming=true; charset=utf-8"
        ],
        "x-ms-request-id": [
          "2c3068cd-7d21-4fd5-9ef1-3fecd0d78e0a"
        ],
        "X-Content-Type-Options": [
          "nosniff"
        ],
        "DataServiceVersion": [
          "3.0;"
        ],
        "x-ms-ratelimit-remaining-subscription-reads": [
          "14835"
        ],
        "x-ms-correlation-request-id": [
          "665e40c3-6caf-472e-928c-999d325f242e"
        ],
        "x-ms-routing-request-id": [
          "WESTEUROPE:20161220T083957Z:665e40c3-6caf-472e-928c-999d325f242e"
        ],
        "Strict-Transport-Security": [
          "max-age=31536000; includeSubDomains"
        ],
        "Cache-Control": [
          "no-store, no-cache"
        ],
        "Date": [
          "Tue, 20 Dec 2016 08:39:57 GMT"
        ],
        "Server": [
          "Microsoft-HTTPAPI/2.0"
        ]
      },
      "StatusCode": 200
    },
    {
      "RequestUri": "/subscriptions/cca24ec8-99b5-4aa7-9ff6-486e886f304c/resourceGroups/sql-dm-cmdlet-test-rg30379/providers/Microsoft.Sql/servers/sql-dm-cmdlet-server30379?api-version=2014-04-01",
      "EncodedRequestUri": "L3N1YnNjcmlwdGlvbnMvY2NhMjRlYzgtOTliNS00YWE3LTlmZjYtNDg2ZTg4NmYzMDRjL3Jlc291cmNlR3JvdXBzL3NxbC1kbS1jbWRsZXQtdGVzdC1yZzMwMzc5L3Byb3ZpZGVycy9NaWNyb3NvZnQuU3FsL3NlcnZlcnMvc3FsLWRtLWNtZGxldC1zZXJ2ZXIzMDM3OT9hcGktdmVyc2lvbj0yMDE0LTA0LTAx",
      "RequestMethod": "GET",
      "RequestBody": "",
      "RequestHeaders": {
        "User-Agent": [
          "Microsoft.Azure.Management.Sql.SqlManagementClient/0.51.0.0"
        ],
        "x-ms-client-request-id": [
          "b8f6575f-9520-4e35-93f9-941548b813ab"
        ]
      },
      "ResponseBody": "{\r\n  \"id\": \"/subscriptions/cca24ec8-99b5-4aa7-9ff6-486e886f304c/resourceGroups/sql-dm-cmdlet-test-rg30379/providers/Microsoft.Sql/servers/sql-dm-cmdlet-server30379\",\r\n  \"name\": \"sql-dm-cmdlet-server30379\",\r\n  \"type\": \"Microsoft.Sql/servers\",\r\n  \"location\": \"West Central US\",\r\n  \"kind\": \"v12.0\",\r\n  \"properties\": {\r\n    \"fullyQualifiedDomainName\": \"sql-dm-cmdlet-server30379.database.windows.net\",\r\n    \"administratorLogin\": \"testlogin\",\r\n    \"administratorLoginPassword\": null,\r\n    \"externalAdministratorLogin\": null,\r\n    \"externalAdministratorSid\": null,\r\n    \"version\": \"12.0\",\r\n    \"state\": \"Ready\"\r\n  }\r\n}",
      "ResponseHeaders": {
        "Content-Length": [
          "527"
        ],
        "Content-Type": [
          "application/json; odata=minimalmetadata; streaming=true; charset=utf-8"
        ],
        "x-ms-request-id": [
          "299d22b8-9670-480c-8826-936dd0630a5d"
        ],
        "X-Content-Type-Options": [
          "nosniff"
        ],
        "DataServiceVersion": [
          "3.0;"
        ],
        "x-ms-ratelimit-remaining-subscription-reads": [
          "14833"
        ],
        "x-ms-correlation-request-id": [
          "5974fa42-2715-4345-b773-c6f49bc8fb8a"
        ],
        "x-ms-routing-request-id": [
          "WESTEUROPE:20161220T083959Z:5974fa42-2715-4345-b773-c6f49bc8fb8a"
        ],
        "Strict-Transport-Security": [
          "max-age=31536000; includeSubDomains"
        ],
        "Cache-Control": [
          "no-store, no-cache"
        ],
        "Date": [
          "Tue, 20 Dec 2016 08:39:58 GMT"
        ],
        "Server": [
          "Microsoft-HTTPAPI/2.0"
        ]
      },
      "StatusCode": 200
    },
    {
      "RequestUri": "/subscriptions/cca24ec8-99b5-4aa7-9ff6-486e886f304c/resourceGroups/sql-dm-cmdlet-test-rg30379/providers/Microsoft.Sql/servers/sql-dm-cmdlet-server30379?api-version=2014-04-01",
      "EncodedRequestUri": "L3N1YnNjcmlwdGlvbnMvY2NhMjRlYzgtOTliNS00YWE3LTlmZjYtNDg2ZTg4NmYzMDRjL3Jlc291cmNlR3JvdXBzL3NxbC1kbS1jbWRsZXQtdGVzdC1yZzMwMzc5L3Byb3ZpZGVycy9NaWNyb3NvZnQuU3FsL3NlcnZlcnMvc3FsLWRtLWNtZGxldC1zZXJ2ZXIzMDM3OT9hcGktdmVyc2lvbj0yMDE0LTA0LTAx",
      "RequestMethod": "GET",
      "RequestBody": "",
      "RequestHeaders": {
        "User-Agent": [
          "Microsoft.Azure.Management.Sql.SqlManagementClient/0.51.0.0"
        ],
        "x-ms-client-request-id": [
          "e4bc7875-16d7-4cfe-966c-d422b5905eb8"
        ]
      },
      "ResponseBody": "{\r\n  \"id\": \"/subscriptions/cca24ec8-99b5-4aa7-9ff6-486e886f304c/resourceGroups/sql-dm-cmdlet-test-rg30379/providers/Microsoft.Sql/servers/sql-dm-cmdlet-server30379\",\r\n  \"name\": \"sql-dm-cmdlet-server30379\",\r\n  \"type\": \"Microsoft.Sql/servers\",\r\n  \"location\": \"West Central US\",\r\n  \"kind\": \"v12.0\",\r\n  \"properties\": {\r\n    \"fullyQualifiedDomainName\": \"sql-dm-cmdlet-server30379.database.windows.net\",\r\n    \"administratorLogin\": \"testlogin\",\r\n    \"administratorLoginPassword\": null,\r\n    \"externalAdministratorLogin\": null,\r\n    \"externalAdministratorSid\": null,\r\n    \"version\": \"12.0\",\r\n    \"state\": \"Ready\"\r\n  }\r\n}",
      "ResponseHeaders": {
        "Content-Length": [
          "527"
        ],
        "Content-Type": [
          "application/json; odata=minimalmetadata; streaming=true; charset=utf-8"
        ],
        "x-ms-request-id": [
          "636c308a-f85a-4be4-84fd-ebe2d1324762"
        ],
        "X-Content-Type-Options": [
          "nosniff"
        ],
        "DataServiceVersion": [
          "3.0;"
        ],
        "x-ms-ratelimit-remaining-subscription-reads": [
          "14837"
        ],
        "x-ms-correlation-request-id": [
          "c8ca07d2-12f6-42f2-8407-5fe19c4a4009"
        ],
        "x-ms-routing-request-id": [
          "WESTEUROPE:20161220T084000Z:c8ca07d2-12f6-42f2-8407-5fe19c4a4009"
        ],
        "Strict-Transport-Security": [
          "max-age=31536000; includeSubDomains"
        ],
        "Cache-Control": [
          "no-store, no-cache"
        ],
        "Date": [
          "Tue, 20 Dec 2016 08:39:59 GMT"
        ],
        "Server": [
          "Microsoft-HTTPAPI/2.0"
        ]
      },
      "StatusCode": 200
    },
    {
      "RequestUri": "/subscriptions/cca24ec8-99b5-4aa7-9ff6-486e886f304c/resourceGroups/sql-dm-cmdlet-test-rg30379/providers/Microsoft.Sql/servers/sql-dm-cmdlet-server30379?api-version=2014-04-01",
      "EncodedRequestUri": "L3N1YnNjcmlwdGlvbnMvY2NhMjRlYzgtOTliNS00YWE3LTlmZjYtNDg2ZTg4NmYzMDRjL3Jlc291cmNlR3JvdXBzL3NxbC1kbS1jbWRsZXQtdGVzdC1yZzMwMzc5L3Byb3ZpZGVycy9NaWNyb3NvZnQuU3FsL3NlcnZlcnMvc3FsLWRtLWNtZGxldC1zZXJ2ZXIzMDM3OT9hcGktdmVyc2lvbj0yMDE0LTA0LTAx",
      "RequestMethod": "GET",
      "RequestBody": "",
      "RequestHeaders": {
        "User-Agent": [
          "Microsoft.Azure.Management.Sql.SqlManagementClient/0.51.0.0"
        ],
        "x-ms-client-request-id": [
          "e4bc7875-16d7-4cfe-966c-d422b5905eb8"
        ]
      },
      "ResponseBody": "{\r\n  \"id\": \"/subscriptions/cca24ec8-99b5-4aa7-9ff6-486e886f304c/resourceGroups/sql-dm-cmdlet-test-rg30379/providers/Microsoft.Sql/servers/sql-dm-cmdlet-server30379\",\r\n  \"name\": \"sql-dm-cmdlet-server30379\",\r\n  \"type\": \"Microsoft.Sql/servers\",\r\n  \"location\": \"West Central US\",\r\n  \"kind\": \"v12.0\",\r\n  \"properties\": {\r\n    \"fullyQualifiedDomainName\": \"sql-dm-cmdlet-server30379.database.windows.net\",\r\n    \"administratorLogin\": \"testlogin\",\r\n    \"administratorLoginPassword\": null,\r\n    \"externalAdministratorLogin\": null,\r\n    \"externalAdministratorSid\": null,\r\n    \"version\": \"12.0\",\r\n    \"state\": \"Ready\"\r\n  }\r\n}",
      "ResponseHeaders": {
        "Content-Length": [
          "527"
        ],
        "Content-Type": [
          "application/json; odata=minimalmetadata; streaming=true; charset=utf-8"
        ],
        "x-ms-request-id": [
          "95aea382-5dee-4a54-9228-32f1bdaf3d21"
        ],
        "X-Content-Type-Options": [
          "nosniff"
        ],
        "DataServiceVersion": [
          "3.0;"
        ],
        "x-ms-ratelimit-remaining-subscription-reads": [
          "14835"
        ],
        "x-ms-correlation-request-id": [
          "8876f8c9-c441-4ba0-91e2-5b3b13d46cb6"
        ],
        "x-ms-routing-request-id": [
          "WESTEUROPE:20161220T084002Z:8876f8c9-c441-4ba0-91e2-5b3b13d46cb6"
        ],
        "Strict-Transport-Security": [
          "max-age=31536000; includeSubDomains"
        ],
        "Cache-Control": [
          "no-store, no-cache"
        ],
        "Date": [
          "Tue, 20 Dec 2016 08:40:01 GMT"
        ],
        "Server": [
          "Microsoft-HTTPAPI/2.0"
        ]
      },
      "StatusCode": 200
    },
    {
      "RequestUri": "/subscriptions/cca24ec8-99b5-4aa7-9ff6-486e886f304c/resourceGroups/sql-dm-cmdlet-test-rg30379/providers/Microsoft.Sql/servers/sql-dm-cmdlet-server30379?api-version=2014-04-01",
      "EncodedRequestUri": "L3N1YnNjcmlwdGlvbnMvY2NhMjRlYzgtOTliNS00YWE3LTlmZjYtNDg2ZTg4NmYzMDRjL3Jlc291cmNlR3JvdXBzL3NxbC1kbS1jbWRsZXQtdGVzdC1yZzMwMzc5L3Byb3ZpZGVycy9NaWNyb3NvZnQuU3FsL3NlcnZlcnMvc3FsLWRtLWNtZGxldC1zZXJ2ZXIzMDM3OT9hcGktdmVyc2lvbj0yMDE0LTA0LTAx",
      "RequestMethod": "GET",
      "RequestBody": "",
      "RequestHeaders": {
        "User-Agent": [
          "Microsoft.Azure.Management.Sql.SqlManagementClient/0.51.0.0"
        ],
        "x-ms-client-request-id": [
          "3dc3c971-b353-4648-8c53-cabab8980633"
        ]
      },
      "ResponseBody": "{\r\n  \"id\": \"/subscriptions/cca24ec8-99b5-4aa7-9ff6-486e886f304c/resourceGroups/sql-dm-cmdlet-test-rg30379/providers/Microsoft.Sql/servers/sql-dm-cmdlet-server30379\",\r\n  \"name\": \"sql-dm-cmdlet-server30379\",\r\n  \"type\": \"Microsoft.Sql/servers\",\r\n  \"location\": \"West Central US\",\r\n  \"kind\": \"v12.0\",\r\n  \"properties\": {\r\n    \"fullyQualifiedDomainName\": \"sql-dm-cmdlet-server30379.database.windows.net\",\r\n    \"administratorLogin\": \"testlogin\",\r\n    \"administratorLoginPassword\": null,\r\n    \"externalAdministratorLogin\": null,\r\n    \"externalAdministratorSid\": null,\r\n    \"version\": \"12.0\",\r\n    \"state\": \"Ready\"\r\n  }\r\n}",
      "ResponseHeaders": {
        "Content-Length": [
          "527"
        ],
        "Content-Type": [
          "application/json; odata=minimalmetadata; streaming=true; charset=utf-8"
        ],
        "x-ms-request-id": [
          "47a1a5ac-baee-4a12-aab5-ee1daf4ebb42"
        ],
        "X-Content-Type-Options": [
          "nosniff"
        ],
        "DataServiceVersion": [
          "3.0;"
        ],
        "x-ms-ratelimit-remaining-subscription-reads": [
          "14834"
        ],
        "x-ms-correlation-request-id": [
          "32428a71-193e-4e49-95a6-3211d2a1b9c1"
        ],
        "x-ms-routing-request-id": [
          "WESTEUROPE:20161220T084003Z:32428a71-193e-4e49-95a6-3211d2a1b9c1"
        ],
        "Strict-Transport-Security": [
          "max-age=31536000; includeSubDomains"
        ],
        "Cache-Control": [
          "no-store, no-cache"
        ],
        "Date": [
          "Tue, 20 Dec 2016 08:40:02 GMT"
        ],
        "Server": [
          "Microsoft-HTTPAPI/2.0"
        ]
      },
      "StatusCode": 200
    },
    {
      "RequestUri": "/subscriptions/cca24ec8-99b5-4aa7-9ff6-486e886f304c/resourceGroups/sql-dm-cmdlet-test-rg30379/providers/Microsoft.Sql/servers/sql-dm-cmdlet-server30379?api-version=2014-04-01",
      "EncodedRequestUri": "L3N1YnNjcmlwdGlvbnMvY2NhMjRlYzgtOTliNS00YWE3LTlmZjYtNDg2ZTg4NmYzMDRjL3Jlc291cmNlR3JvdXBzL3NxbC1kbS1jbWRsZXQtdGVzdC1yZzMwMzc5L3Byb3ZpZGVycy9NaWNyb3NvZnQuU3FsL3NlcnZlcnMvc3FsLWRtLWNtZGxldC1zZXJ2ZXIzMDM3OT9hcGktdmVyc2lvbj0yMDE0LTA0LTAx",
      "RequestMethod": "GET",
      "RequestBody": "",
      "RequestHeaders": {
        "User-Agent": [
          "Microsoft.Azure.Management.Sql.SqlManagementClient/0.51.0.0"
        ],
        "x-ms-client-request-id": [
          "5faf97a4-6649-41c3-bd3f-824f76450502"
        ]
      },
      "ResponseBody": "{\r\n  \"id\": \"/subscriptions/cca24ec8-99b5-4aa7-9ff6-486e886f304c/resourceGroups/sql-dm-cmdlet-test-rg30379/providers/Microsoft.Sql/servers/sql-dm-cmdlet-server30379\",\r\n  \"name\": \"sql-dm-cmdlet-server30379\",\r\n  \"type\": \"Microsoft.Sql/servers\",\r\n  \"location\": \"West Central US\",\r\n  \"kind\": \"v12.0\",\r\n  \"properties\": {\r\n    \"fullyQualifiedDomainName\": \"sql-dm-cmdlet-server30379.database.windows.net\",\r\n    \"administratorLogin\": \"testlogin\",\r\n    \"administratorLoginPassword\": null,\r\n    \"externalAdministratorLogin\": null,\r\n    \"externalAdministratorSid\": null,\r\n    \"version\": \"12.0\",\r\n    \"state\": \"Ready\"\r\n  }\r\n}",
      "ResponseHeaders": {
        "Content-Length": [
          "527"
        ],
        "Content-Type": [
          "application/json; odata=minimalmetadata; streaming=true; charset=utf-8"
        ],
        "x-ms-request-id": [
          "a61d6219-c521-4642-9c88-ba8e75829249"
        ],
        "X-Content-Type-Options": [
          "nosniff"
        ],
        "DataServiceVersion": [
          "3.0;"
        ],
        "x-ms-ratelimit-remaining-subscription-reads": [
          "14832"
        ],
        "x-ms-correlation-request-id": [
          "e82f1d54-dab0-4eae-a4a1-d81f9a55a1c9"
        ],
        "x-ms-routing-request-id": [
          "WESTEUROPE:20161220T084004Z:e82f1d54-dab0-4eae-a4a1-d81f9a55a1c9"
        ],
        "Strict-Transport-Security": [
          "max-age=31536000; includeSubDomains"
        ],
        "Cache-Control": [
          "no-store, no-cache"
        ],
        "Date": [
          "Tue, 20 Dec 2016 08:40:04 GMT"
        ],
        "Server": [
          "Microsoft-HTTPAPI/2.0"
        ]
      },
      "StatusCode": 200
    },
    {
      "RequestUri": "/subscriptions/cca24ec8-99b5-4aa7-9ff6-486e886f304c/resourceGroups/sql-dm-cmdlet-test-rg30379/providers/Microsoft.Sql/servers/sql-dm-cmdlet-server30379?api-version=2014-04-01",
      "EncodedRequestUri": "L3N1YnNjcmlwdGlvbnMvY2NhMjRlYzgtOTliNS00YWE3LTlmZjYtNDg2ZTg4NmYzMDRjL3Jlc291cmNlR3JvdXBzL3NxbC1kbS1jbWRsZXQtdGVzdC1yZzMwMzc5L3Byb3ZpZGVycy9NaWNyb3NvZnQuU3FsL3NlcnZlcnMvc3FsLWRtLWNtZGxldC1zZXJ2ZXIzMDM3OT9hcGktdmVyc2lvbj0yMDE0LTA0LTAx",
      "RequestMethod": "GET",
      "RequestBody": "",
      "RequestHeaders": {
        "User-Agent": [
          "Microsoft.Azure.Management.Sql.SqlManagementClient/0.51.0.0"
        ],
        "x-ms-client-request-id": [
          "5faf97a4-6649-41c3-bd3f-824f76450502"
        ]
      },
      "ResponseBody": "{\r\n  \"id\": \"/subscriptions/cca24ec8-99b5-4aa7-9ff6-486e886f304c/resourceGroups/sql-dm-cmdlet-test-rg30379/providers/Microsoft.Sql/servers/sql-dm-cmdlet-server30379\",\r\n  \"name\": \"sql-dm-cmdlet-server30379\",\r\n  \"type\": \"Microsoft.Sql/servers\",\r\n  \"location\": \"West Central US\",\r\n  \"kind\": \"v12.0\",\r\n  \"properties\": {\r\n    \"fullyQualifiedDomainName\": \"sql-dm-cmdlet-server30379.database.windows.net\",\r\n    \"administratorLogin\": \"testlogin\",\r\n    \"administratorLoginPassword\": null,\r\n    \"externalAdministratorLogin\": null,\r\n    \"externalAdministratorSid\": null,\r\n    \"version\": \"12.0\",\r\n    \"state\": \"Ready\"\r\n  }\r\n}",
      "ResponseHeaders": {
        "Content-Length": [
          "527"
        ],
        "Content-Type": [
          "application/json; odata=minimalmetadata; streaming=true; charset=utf-8"
        ],
        "x-ms-request-id": [
          "fe430d0f-2b0b-4e4b-bff0-15593d42d6f8"
        ],
        "X-Content-Type-Options": [
          "nosniff"
        ],
        "DataServiceVersion": [
          "3.0;"
        ],
        "x-ms-ratelimit-remaining-subscription-reads": [
          "14830"
        ],
        "x-ms-correlation-request-id": [
          "743f1b19-5898-454b-9646-0e77f04b2285"
        ],
        "x-ms-routing-request-id": [
          "WESTEUROPE:20161220T084006Z:743f1b19-5898-454b-9646-0e77f04b2285"
        ],
        "Strict-Transport-Security": [
          "max-age=31536000; includeSubDomains"
        ],
        "Cache-Control": [
          "no-store, no-cache"
        ],
        "Date": [
          "Tue, 20 Dec 2016 08:40:06 GMT"
        ],
        "Server": [
          "Microsoft-HTTPAPI/2.0"
        ]
      },
      "StatusCode": 200
    },
    {
      "RequestUri": "/subscriptions/cca24ec8-99b5-4aa7-9ff6-486e886f304c/resourceGroups/sql-dm-cmdlet-test-rg30379/providers/Microsoft.Sql/servers/sql-dm-cmdlet-server30379?api-version=2014-04-01",
      "EncodedRequestUri": "L3N1YnNjcmlwdGlvbnMvY2NhMjRlYzgtOTliNS00YWE3LTlmZjYtNDg2ZTg4NmYzMDRjL3Jlc291cmNlR3JvdXBzL3NxbC1kbS1jbWRsZXQtdGVzdC1yZzMwMzc5L3Byb3ZpZGVycy9NaWNyb3NvZnQuU3FsL3NlcnZlcnMvc3FsLWRtLWNtZGxldC1zZXJ2ZXIzMDM3OT9hcGktdmVyc2lvbj0yMDE0LTA0LTAx",
      "RequestMethod": "GET",
      "RequestBody": "",
      "RequestHeaders": {
        "User-Agent": [
          "Microsoft.Azure.Management.Sql.SqlManagementClient/0.51.0.0"
        ],
        "x-ms-client-request-id": [
          "670ebd65-55a7-4848-99b9-506a5131edfb"
        ]
      },
      "ResponseBody": "{\r\n  \"id\": \"/subscriptions/cca24ec8-99b5-4aa7-9ff6-486e886f304c/resourceGroups/sql-dm-cmdlet-test-rg30379/providers/Microsoft.Sql/servers/sql-dm-cmdlet-server30379\",\r\n  \"name\": \"sql-dm-cmdlet-server30379\",\r\n  \"type\": \"Microsoft.Sql/servers\",\r\n  \"location\": \"West Central US\",\r\n  \"kind\": \"v12.0\",\r\n  \"properties\": {\r\n    \"fullyQualifiedDomainName\": \"sql-dm-cmdlet-server30379.database.windows.net\",\r\n    \"administratorLogin\": \"testlogin\",\r\n    \"administratorLoginPassword\": null,\r\n    \"externalAdministratorLogin\": null,\r\n    \"externalAdministratorSid\": null,\r\n    \"version\": \"12.0\",\r\n    \"state\": \"Ready\"\r\n  }\r\n}",
      "ResponseHeaders": {
        "Content-Length": [
          "527"
        ],
        "Content-Type": [
          "application/json; odata=minimalmetadata; streaming=true; charset=utf-8"
        ],
        "x-ms-request-id": [
          "5e10906f-e740-4a4c-9be2-06c28f801477"
        ],
        "X-Content-Type-Options": [
          "nosniff"
        ],
        "DataServiceVersion": [
          "3.0;"
        ],
        "x-ms-ratelimit-remaining-subscription-reads": [
          "14829"
        ],
        "x-ms-correlation-request-id": [
          "c5a86e03-bbe6-4a71-94dc-8ecec6948ec7"
        ],
        "x-ms-routing-request-id": [
          "WESTEUROPE:20161220T084007Z:c5a86e03-bbe6-4a71-94dc-8ecec6948ec7"
        ],
        "Strict-Transport-Security": [
          "max-age=31536000; includeSubDomains"
        ],
        "Cache-Control": [
          "no-store, no-cache"
        ],
        "Date": [
          "Tue, 20 Dec 2016 08:40:07 GMT"
        ],
        "Server": [
          "Microsoft-HTTPAPI/2.0"
        ]
      },
      "StatusCode": 200
    },
    {
      "RequestUri": "/subscriptions/cca24ec8-99b5-4aa7-9ff6-486e886f304c/resourceGroups/sql-dm-cmdlet-test-rg30379/providers/Microsoft.Sql/servers/sql-dm-cmdlet-server30379?api-version=2014-04-01",
      "EncodedRequestUri": "L3N1YnNjcmlwdGlvbnMvY2NhMjRlYzgtOTliNS00YWE3LTlmZjYtNDg2ZTg4NmYzMDRjL3Jlc291cmNlR3JvdXBzL3NxbC1kbS1jbWRsZXQtdGVzdC1yZzMwMzc5L3Byb3ZpZGVycy9NaWNyb3NvZnQuU3FsL3NlcnZlcnMvc3FsLWRtLWNtZGxldC1zZXJ2ZXIzMDM3OT9hcGktdmVyc2lvbj0yMDE0LTA0LTAx",
      "RequestMethod": "GET",
      "RequestBody": "",
      "RequestHeaders": {
        "User-Agent": [
          "Microsoft.Azure.Management.Sql.SqlManagementClient/0.51.0.0"
        ],
        "x-ms-client-request-id": [
          "2f671b3e-7ba9-4dee-a4fc-186d120b688f"
        ]
      },
      "ResponseBody": "{\r\n  \"id\": \"/subscriptions/cca24ec8-99b5-4aa7-9ff6-486e886f304c/resourceGroups/sql-dm-cmdlet-test-rg30379/providers/Microsoft.Sql/servers/sql-dm-cmdlet-server30379\",\r\n  \"name\": \"sql-dm-cmdlet-server30379\",\r\n  \"type\": \"Microsoft.Sql/servers\",\r\n  \"location\": \"West Central US\",\r\n  \"kind\": \"v12.0\",\r\n  \"properties\": {\r\n    \"fullyQualifiedDomainName\": \"sql-dm-cmdlet-server30379.database.windows.net\",\r\n    \"administratorLogin\": \"testlogin\",\r\n    \"administratorLoginPassword\": null,\r\n    \"externalAdministratorLogin\": null,\r\n    \"externalAdministratorSid\": null,\r\n    \"version\": \"12.0\",\r\n    \"state\": \"Ready\"\r\n  }\r\n}",
      "ResponseHeaders": {
        "Content-Length": [
          "527"
        ],
        "Content-Type": [
          "application/json; odata=minimalmetadata; streaming=true; charset=utf-8"
        ],
        "x-ms-request-id": [
          "b522d61a-5b59-4886-a76a-dbea5489078c"
        ],
        "X-Content-Type-Options": [
          "nosniff"
        ],
        "DataServiceVersion": [
          "3.0;"
        ],
        "x-ms-ratelimit-remaining-subscription-reads": [
          "14827"
        ],
        "x-ms-correlation-request-id": [
          "6b825427-2d1d-4c56-8020-c35ecdd9b494"
        ],
        "x-ms-routing-request-id": [
          "WESTEUROPE:20161220T084009Z:6b825427-2d1d-4c56-8020-c35ecdd9b494"
        ],
        "Strict-Transport-Security": [
          "max-age=31536000; includeSubDomains"
        ],
        "Cache-Control": [
          "no-store, no-cache"
        ],
        "Date": [
          "Tue, 20 Dec 2016 08:40:09 GMT"
        ],
        "Server": [
          "Microsoft-HTTPAPI/2.0"
        ]
      },
      "StatusCode": 200
    },
    {
      "RequestUri": "/subscriptions/cca24ec8-99b5-4aa7-9ff6-486e886f304c/resourceGroups/sql-dm-cmdlet-test-rg30379/providers/Microsoft.Sql/servers/sql-dm-cmdlet-server30379?api-version=2014-04-01",
      "EncodedRequestUri": "L3N1YnNjcmlwdGlvbnMvY2NhMjRlYzgtOTliNS00YWE3LTlmZjYtNDg2ZTg4NmYzMDRjL3Jlc291cmNlR3JvdXBzL3NxbC1kbS1jbWRsZXQtdGVzdC1yZzMwMzc5L3Byb3ZpZGVycy9NaWNyb3NvZnQuU3FsL3NlcnZlcnMvc3FsLWRtLWNtZGxldC1zZXJ2ZXIzMDM3OT9hcGktdmVyc2lvbj0yMDE0LTA0LTAx",
      "RequestMethod": "GET",
      "RequestBody": "",
      "RequestHeaders": {
        "User-Agent": [
          "Microsoft.Azure.Management.Sql.SqlManagementClient/0.51.0.0"
        ],
        "x-ms-client-request-id": [
          "2f671b3e-7ba9-4dee-a4fc-186d120b688f"
        ]
      },
      "ResponseBody": "{\r\n  \"id\": \"/subscriptions/cca24ec8-99b5-4aa7-9ff6-486e886f304c/resourceGroups/sql-dm-cmdlet-test-rg30379/providers/Microsoft.Sql/servers/sql-dm-cmdlet-server30379\",\r\n  \"name\": \"sql-dm-cmdlet-server30379\",\r\n  \"type\": \"Microsoft.Sql/servers\",\r\n  \"location\": \"West Central US\",\r\n  \"kind\": \"v12.0\",\r\n  \"properties\": {\r\n    \"fullyQualifiedDomainName\": \"sql-dm-cmdlet-server30379.database.windows.net\",\r\n    \"administratorLogin\": \"testlogin\",\r\n    \"administratorLoginPassword\": null,\r\n    \"externalAdministratorLogin\": null,\r\n    \"externalAdministratorSid\": null,\r\n    \"version\": \"12.0\",\r\n    \"state\": \"Ready\"\r\n  }\r\n}",
      "ResponseHeaders": {
        "Content-Length": [
          "527"
        ],
        "Content-Type": [
          "application/json; odata=minimalmetadata; streaming=true; charset=utf-8"
        ],
        "x-ms-request-id": [
          "00c1df9a-0fc2-42a7-bae6-38cb7f8d84a8"
        ],
        "X-Content-Type-Options": [
          "nosniff"
        ],
        "DataServiceVersion": [
          "3.0;"
        ],
        "x-ms-ratelimit-remaining-subscription-reads": [
          "14824"
        ],
        "x-ms-correlation-request-id": [
          "9deeee9d-8ae6-4509-8112-c99eaae31347"
        ],
        "x-ms-routing-request-id": [
          "WESTEUROPE:20161220T084010Z:9deeee9d-8ae6-4509-8112-c99eaae31347"
        ],
        "Strict-Transport-Security": [
          "max-age=31536000; includeSubDomains"
        ],
        "Cache-Control": [
          "no-store, no-cache"
        ],
        "Date": [
          "Tue, 20 Dec 2016 08:40:10 GMT"
        ],
        "Server": [
          "Microsoft-HTTPAPI/2.0"
        ]
      },
      "StatusCode": 200
    },
    {
      "RequestUri": "/subscriptions/cca24ec8-99b5-4aa7-9ff6-486e886f304c/resourceGroups/sql-dm-cmdlet-test-rg30379/providers/Microsoft.Sql/servers/sql-dm-cmdlet-server30379?api-version=2014-04-01",
      "EncodedRequestUri": "L3N1YnNjcmlwdGlvbnMvY2NhMjRlYzgtOTliNS00YWE3LTlmZjYtNDg2ZTg4NmYzMDRjL3Jlc291cmNlR3JvdXBzL3NxbC1kbS1jbWRsZXQtdGVzdC1yZzMwMzc5L3Byb3ZpZGVycy9NaWNyb3NvZnQuU3FsL3NlcnZlcnMvc3FsLWRtLWNtZGxldC1zZXJ2ZXIzMDM3OT9hcGktdmVyc2lvbj0yMDE0LTA0LTAx",
      "RequestMethod": "GET",
      "RequestBody": "",
      "RequestHeaders": {
        "User-Agent": [
          "Microsoft.Azure.Management.Sql.SqlManagementClient/0.51.0.0"
        ],
        "x-ms-client-request-id": [
          "ba25744f-1719-455f-99d1-4c3d9b52b86d"
        ]
      },
      "ResponseBody": "{\r\n  \"id\": \"/subscriptions/cca24ec8-99b5-4aa7-9ff6-486e886f304c/resourceGroups/sql-dm-cmdlet-test-rg30379/providers/Microsoft.Sql/servers/sql-dm-cmdlet-server30379\",\r\n  \"name\": \"sql-dm-cmdlet-server30379\",\r\n  \"type\": \"Microsoft.Sql/servers\",\r\n  \"location\": \"West Central US\",\r\n  \"kind\": \"v12.0\",\r\n  \"properties\": {\r\n    \"fullyQualifiedDomainName\": \"sql-dm-cmdlet-server30379.database.windows.net\",\r\n    \"administratorLogin\": \"testlogin\",\r\n    \"administratorLoginPassword\": null,\r\n    \"externalAdministratorLogin\": null,\r\n    \"externalAdministratorSid\": null,\r\n    \"version\": \"12.0\",\r\n    \"state\": \"Ready\"\r\n  }\r\n}",
      "ResponseHeaders": {
        "Content-Length": [
          "527"
        ],
        "Content-Type": [
          "application/json; odata=minimalmetadata; streaming=true; charset=utf-8"
        ],
        "x-ms-request-id": [
          "be107671-f8d6-4803-a2ce-de6a6ee766fe"
        ],
        "X-Content-Type-Options": [
          "nosniff"
        ],
        "DataServiceVersion": [
          "3.0;"
        ],
        "x-ms-ratelimit-remaining-subscription-reads": [
          "14823"
        ],
        "x-ms-correlation-request-id": [
          "6f93727c-d5a4-4f29-8cfb-b07060c568c4"
        ],
        "x-ms-routing-request-id": [
          "WESTEUROPE:20161220T084011Z:6f93727c-d5a4-4f29-8cfb-b07060c568c4"
        ],
        "Strict-Transport-Security": [
          "max-age=31536000; includeSubDomains"
        ],
        "Cache-Control": [
          "no-store, no-cache"
        ],
        "Date": [
          "Tue, 20 Dec 2016 08:40:11 GMT"
        ],
        "Server": [
          "Microsoft-HTTPAPI/2.0"
        ]
      },
      "StatusCode": 200
    },
    {
      "RequestUri": "/subscriptions/cca24ec8-99b5-4aa7-9ff6-486e886f304c/resourceGroups/sql-dm-cmdlet-test-rg30379/providers/Microsoft.Sql/servers/sql-dm-cmdlet-server30379?api-version=2014-04-01",
      "EncodedRequestUri": "L3N1YnNjcmlwdGlvbnMvY2NhMjRlYzgtOTliNS00YWE3LTlmZjYtNDg2ZTg4NmYzMDRjL3Jlc291cmNlR3JvdXBzL3NxbC1kbS1jbWRsZXQtdGVzdC1yZzMwMzc5L3Byb3ZpZGVycy9NaWNyb3NvZnQuU3FsL3NlcnZlcnMvc3FsLWRtLWNtZGxldC1zZXJ2ZXIzMDM3OT9hcGktdmVyc2lvbj0yMDE0LTA0LTAx",
      "RequestMethod": "PUT",
      "RequestBody": "{\r\n  \"properties\": {\r\n    \"version\": \"12.0\",\r\n    \"administratorLogin\": \"testlogin\",\r\n    \"administratorLoginPassword\": \"testp@ssMakingIt1007Longer\"\r\n  },\r\n  \"location\": \"West Central US\"\r\n}",
      "RequestHeaders": {
        "Content-Type": [
          "application/json; charset=utf-8"
        ],
        "Content-Length": [
          "190"
        ],
        "User-Agent": [
          "Microsoft.Azure.Management.Sql.SqlManagementClient/0.51.0.0"
        ],
        "x-ms-client-request-id": [
          "f907af54-b1d5-45f6-9448-49cdbf571313"
        ]
      },
      "ResponseBody": "{\r\n  \"id\": \"/subscriptions/cca24ec8-99b5-4aa7-9ff6-486e886f304c/resourceGroups/sql-dm-cmdlet-test-rg30379/providers/Microsoft.Sql/servers/sql-dm-cmdlet-server30379\",\r\n  \"name\": \"sql-dm-cmdlet-server30379\",\r\n  \"type\": \"Microsoft.Sql/servers\",\r\n  \"location\": \"West Central US\",\r\n  \"kind\": \"v12.0\",\r\n  \"properties\": {\r\n    \"fullyQualifiedDomainName\": \"sql-dm-cmdlet-server30379.database.windows.net\",\r\n    \"administratorLogin\": \"testlogin\",\r\n    \"administratorLoginPassword\": \"testp@ssMakingIt1007Longer\",\r\n    \"externalAdministratorLogin\": null,\r\n    \"externalAdministratorSid\": null,\r\n    \"version\": \"12.0\",\r\n    \"state\": \"Ready\"\r\n  }\r\n}",
      "ResponseHeaders": {
        "Content-Length": [
          "551"
        ],
        "Content-Type": [
          "application/json; odata=minimalmetadata; streaming=true; charset=utf-8"
        ],
        "x-ms-request-id": [
          "bdf655aa-b74d-43b2-82b0-d3630ad880fc"
        ],
        "X-Content-Type-Options": [
          "nosniff"
        ],
        "Preference-Applied": [
          "return-content"
        ],
        "DataServiceVersion": [
          "3.0;"
        ],
        "x-ms-ratelimit-remaining-subscription-writes": [
          "1199"
        ],
        "x-ms-correlation-request-id": [
          "92c9565b-2e7c-4905-bfa6-bbba9543456f"
        ],
        "x-ms-routing-request-id": [
          "WESTEUROPE:20161220T083852Z:92c9565b-2e7c-4905-bfa6-bbba9543456f"
        ],
        "Strict-Transport-Security": [
          "max-age=31536000; includeSubDomains"
        ],
        "Cache-Control": [
          "no-store, no-cache"
        ],
        "Date": [
          "Tue, 20 Dec 2016 08:38:51 GMT"
        ],
        "Server": [
          "Microsoft-HTTPAPI/2.0"
        ]
      },
      "StatusCode": 201
    },
    {
      "RequestUri": "/subscriptions/cca24ec8-99b5-4aa7-9ff6-486e886f304c/resourceGroups/sql-dm-cmdlet-test-rg30379/providers/Microsoft.Sql/servers/sql-dm-cmdlet-server30379/firewallRules/ddmRule?api-version=2014-04-01",
      "EncodedRequestUri": "L3N1YnNjcmlwdGlvbnMvY2NhMjRlYzgtOTliNS00YWE3LTlmZjYtNDg2ZTg4NmYzMDRjL3Jlc291cmNlR3JvdXBzL3NxbC1kbS1jbWRsZXQtdGVzdC1yZzMwMzc5L3Byb3ZpZGVycy9NaWNyb3NvZnQuU3FsL3NlcnZlcnMvc3FsLWRtLWNtZGxldC1zZXJ2ZXIzMDM3OS9maXJld2FsbFJ1bGVzL2RkbVJ1bGU/YXBpLXZlcnNpb249MjAxNC0wNC0wMQ==",
      "RequestMethod": "GET",
      "RequestBody": "",
      "RequestHeaders": {
        "User-Agent": [
          "Microsoft.Azure.Management.Sql.SqlManagementClient/0.51.0.0"
        ],
        "x-ms-client-request-id": [
          "fc783e35-6b65-44e5-8cbc-80024c6a6b7f"
        ]
      },
      "ResponseBody": "{\r\n  \"code\": \"NotFound\",\r\n  \"message\": \"Resource not found for the segment 'firewallRules'.\",\r\n  \"target\": null,\r\n  \"details\": [],\r\n  \"innererror\": []\r\n}",
      "ResponseHeaders": {
        "Content-Length": [
          "136"
        ],
        "Content-Type": [
          "application/json"
        ],
        "x-ms-request-id": [
          "aeae8744-1596-46c1-9e0d-2e9884572b5b"
        ],
        "X-Content-Type-Options": [
          "nosniff"
        ],
        "DataServiceVersion": [
          "3.0;"
        ],
        "Strict-Transport-Security": [
          "max-age=31536000; includeSubDomains"
        ],
        "x-ms-ratelimit-remaining-subscription-reads": [
          "14858"
        ],
        "x-ms-correlation-request-id": [
          "c733270f-caf2-40bd-a57e-9d605132f2c5"
        ],
        "x-ms-routing-request-id": [
          "WESTEUROPE:20161220T083853Z:c733270f-caf2-40bd-a57e-9d605132f2c5"
        ],
        "Cache-Control": [
          "no-store, no-cache"
        ],
        "Date": [
          "Tue, 20 Dec 2016 08:38:52 GMT"
        ],
        "Server": [
          "Microsoft-HTTPAPI/2.0"
        ]
      },
      "StatusCode": 404
    },
    {
      "RequestUri": "/subscriptions/cca24ec8-99b5-4aa7-9ff6-486e886f304c/resourceGroups/sql-dm-cmdlet-test-rg30379/providers/Microsoft.Sql/servers/sql-dm-cmdlet-server30379/firewallRules/ddmRule?api-version=2014-04-01",
      "EncodedRequestUri": "L3N1YnNjcmlwdGlvbnMvY2NhMjRlYzgtOTliNS00YWE3LTlmZjYtNDg2ZTg4NmYzMDRjL3Jlc291cmNlR3JvdXBzL3NxbC1kbS1jbWRsZXQtdGVzdC1yZzMwMzc5L3Byb3ZpZGVycy9NaWNyb3NvZnQuU3FsL3NlcnZlcnMvc3FsLWRtLWNtZGxldC1zZXJ2ZXIzMDM3OS9maXJld2FsbFJ1bGVzL2RkbVJ1bGU/YXBpLXZlcnNpb249MjAxNC0wNC0wMQ==",
      "RequestMethod": "PUT",
      "RequestBody": "{\r\n  \"properties\": {\r\n    \"startIpAddress\": \"0.0.0.0\",\r\n    \"endIpAddress\": \"255.255.255.255\"\r\n  }\r\n}",
      "RequestHeaders": {
        "Content-Type": [
          "application/json; charset=utf-8"
        ],
        "Content-Length": [
          "101"
        ],
        "User-Agent": [
          "Microsoft.Azure.Management.Sql.SqlManagementClient/0.51.0.0"
        ],
        "x-ms-client-request-id": [
          "92438093-05c1-43ed-b737-1fa281aa27f3"
        ]
      },
      "ResponseBody": "{\r\n  \"id\": \"/subscriptions/cca24ec8-99b5-4aa7-9ff6-486e886f304c/resourceGroups/sql-dm-cmdlet-test-rg30379/providers/Microsoft.Sql/servers/sql-dm-cmdlet-server30379/firewallRules/ddmRule\",\r\n  \"name\": \"ddmRule\",\r\n  \"type\": \"Microsoft.Sql/servers/firewallRules\",\r\n  \"location\": \"West Central US\",\r\n  \"kind\": \"v12.0\",\r\n  \"properties\": {\r\n    \"startIpAddress\": \"0.0.0.0\",\r\n    \"endIpAddress\": \"255.255.255.255\"\r\n  }\r\n}",
      "ResponseHeaders": {
        "Content-Length": [
          "363"
        ],
        "Content-Type": [
          "application/json; odata=minimalmetadata; streaming=true; charset=utf-8"
        ],
        "x-ms-request-id": [
          "45e443bf-3540-4155-8a9b-f002d8d40e2e"
        ],
        "X-Content-Type-Options": [
          "nosniff"
        ],
        "Preference-Applied": [
          "return-content"
        ],
        "DataServiceVersion": [
          "3.0;"
        ],
        "Strict-Transport-Security": [
          "max-age=31536000; includeSubDomains"
        ],
        "x-ms-ratelimit-remaining-subscription-writes": [
          "1198"
        ],
        "x-ms-correlation-request-id": [
          "da497c70-cabd-44ab-aedb-403c7d183ac7"
        ],
        "x-ms-routing-request-id": [
          "WESTEUROPE:20161220T083855Z:da497c70-cabd-44ab-aedb-403c7d183ac7"
        ],
        "Cache-Control": [
          "no-store, no-cache"
        ],
        "Date": [
          "Tue, 20 Dec 2016 08:38:54 GMT"
        ],
        "Server": [
          "Microsoft-HTTPAPI/2.0"
        ]
      },
      "StatusCode": 201
    },
    {
      "RequestUri": "/subscriptions/cca24ec8-99b5-4aa7-9ff6-486e886f304c/resourceGroups/sql-dm-cmdlet-test-rg30379/providers/Microsoft.Sql/servers/sql-dm-cmdlet-server30379/databases/sql-dm-cmdlet-db30379?api-version=2014-04-01",
      "EncodedRequestUri": "L3N1YnNjcmlwdGlvbnMvY2NhMjRlYzgtOTliNS00YWE3LTlmZjYtNDg2ZTg4NmYzMDRjL3Jlc291cmNlR3JvdXBzL3NxbC1kbS1jbWRsZXQtdGVzdC1yZzMwMzc5L3Byb3ZpZGVycy9NaWNyb3NvZnQuU3FsL3NlcnZlcnMvc3FsLWRtLWNtZGxldC1zZXJ2ZXIzMDM3OS9kYXRhYmFzZXMvc3FsLWRtLWNtZGxldC1kYjMwMzc5P2FwaS12ZXJzaW9uPTIwMTQtMDQtMDE=",
      "RequestMethod": "GET",
      "RequestBody": "",
      "RequestHeaders": {
        "User-Agent": [
          "Microsoft.Azure.Management.Sql.SqlManagementClient/0.51.0.0"
        ],
        "x-ms-client-request-id": [
          "533fc134-b741-45dd-9d05-0a0540a394e6"
        ]
      },
      "ResponseBody": "{\r\n  \"error\": {\r\n    \"code\": \"ResourceNotFound\",\r\n    \"message\": \"The Resource 'Microsoft.Sql/servers/sql-dm-cmdlet-server30379/databases/sql-dm-cmdlet-db30379' under resource group 'sql-dm-cmdlet-test-rg30379' was not found.\"\r\n  }\r\n}",
      "ResponseHeaders": {
        "Content-Length": [
          "209"
        ],
        "Content-Type": [
          "application/json; charset=utf-8"
        ],
        "Expires": [
          "-1"
        ],
        "Pragma": [
          "no-cache"
        ],
        "x-ms-failure-cause": [
          "gateway"
        ],
        "x-ms-request-id": [
          "1a517d20-cca8-4fa7-a148-953501343cda"
        ],
        "x-ms-correlation-request-id": [
          "1a517d20-cca8-4fa7-a148-953501343cda"
        ],
        "x-ms-routing-request-id": [
          "WESTEUROPE:20161220T083855Z:1a517d20-cca8-4fa7-a148-953501343cda"
        ],
        "Strict-Transport-Security": [
          "max-age=31536000; includeSubDomains"
        ],
        "Cache-Control": [
          "no-cache"
        ],
        "Date": [
          "Tue, 20 Dec 2016 08:38:55 GMT"
        ]
      },
      "StatusCode": 404
    },
    {
      "RequestUri": "/subscriptions/cca24ec8-99b5-4aa7-9ff6-486e886f304c/resourceGroups/sql-dm-cmdlet-test-rg30379/providers/Microsoft.Sql/servers/sql-dm-cmdlet-server30379/databases/sql-dm-cmdlet-db30379?api-version=2014-04-01",
      "EncodedRequestUri": "L3N1YnNjcmlwdGlvbnMvY2NhMjRlYzgtOTliNS00YWE3LTlmZjYtNDg2ZTg4NmYzMDRjL3Jlc291cmNlR3JvdXBzL3NxbC1kbS1jbWRsZXQtdGVzdC1yZzMwMzc5L3Byb3ZpZGVycy9NaWNyb3NvZnQuU3FsL3NlcnZlcnMvc3FsLWRtLWNtZGxldC1zZXJ2ZXIzMDM3OS9kYXRhYmFzZXMvc3FsLWRtLWNtZGxldC1kYjMwMzc5P2FwaS12ZXJzaW9uPTIwMTQtMDQtMDE=",
      "RequestMethod": "PUT",
      "RequestBody": "{\r\n  \"properties\": {\r\n    \"maxSizeBytes\": \"0\",\r\n    \"readScale\": \"Disabled\"\r\n  },\r\n  \"location\": \"West Central US\"\r\n}",
      "RequestHeaders": {
        "Content-Type": [
          "application/json; charset=utf-8"
        ],
        "Content-Length": [
          "117"
        ],
        "User-Agent": [
          "Microsoft.Azure.Management.Sql.SqlManagementClient/0.51.0.0"
        ],
        "x-ms-client-request-id": [
          "e9023b5b-deb4-408d-99a5-2a1844ee3fff"
        ]
      },
      "ResponseBody": "{\r\n  \"operation\": \"CreateLogicalDatabase\",\r\n  \"startTime\": \"2016-12-20T10:38:58.63+02:00\"\r\n}",
      "ResponseHeaders": {
        "Content-Length": [
          "80"
        ],
        "Content-Type": [
          "application/json; odata=minimalmetadata; streaming=true; charset=utf-8"
        ],
        "Retry-After": [
          "30"
        ],
        "x-ms-request-id": [
          "e3a0103e-e11f-4aa2-ae52-860897e4e91f"
        ],
        "X-Content-Type-Options": [
          "nosniff"
        ],
        "Preference-Applied": [
          "return-content"
        ],
        "DataServiceVersion": [
          "3.0;"
        ],
        "Strict-Transport-Security": [
          "max-age=31536000; includeSubDomains"
        ],
        "Azure-AsyncOperation": [
          "https://management.azure.com/subscriptions/cca24ec8-99b5-4aa7-9ff6-486e886f304c/resourceGroups/sql-dm-cmdlet-test-rg30379/providers/Microsoft.Sql/servers/sql-dm-cmdlet-server30379/databases/sql-dm-cmdlet-db30379/azureAsyncOperation/e3a0103e-e11f-4aa2-ae52-860897e4e91f?api-version=2014-04-01-Preview"
        ],
        "x-ms-ratelimit-remaining-subscription-writes": [
          "1197"
        ],
        "x-ms-correlation-request-id": [
          "607e52f3-4d1a-41a6-84bd-0d291d1d6d4e"
        ],
        "x-ms-routing-request-id": [
          "WESTEUROPE:20161220T083858Z:607e52f3-4d1a-41a6-84bd-0d291d1d6d4e"
        ],
        "Cache-Control": [
          "no-store, no-cache"
        ],
        "Date": [
          "Tue, 20 Dec 2016 08:38:57 GMT"
        ],
        "Location": [
          "https://management.azure.com/subscriptions/cca24ec8-99b5-4aa7-9ff6-486e886f304c/resourceGroups/sql-dm-cmdlet-test-rg30379/providers/Microsoft.Sql/servers/sql-dm-cmdlet-server30379/databases/sql-dm-cmdlet-db30379/operationResults/e3a0103e-e11f-4aa2-ae52-860897e4e91f?api-version=2014-04-01-Preview"
        ],
        "Server": [
          "Microsoft-HTTPAPI/2.0"
        ]
      },
      "StatusCode": 202
    },
    {
      "RequestUri": "/subscriptions/cca24ec8-99b5-4aa7-9ff6-486e886f304c/resourceGroups/sql-dm-cmdlet-test-rg30379/providers/Microsoft.Sql/servers/sql-dm-cmdlet-server30379/databases/sql-dm-cmdlet-db30379/operationResults/e3a0103e-e11f-4aa2-ae52-860897e4e91f?api-version=2014-04-01-Preview",
      "EncodedRequestUri": "L3N1YnNjcmlwdGlvbnMvY2NhMjRlYzgtOTliNS00YWE3LTlmZjYtNDg2ZTg4NmYzMDRjL3Jlc291cmNlR3JvdXBzL3NxbC1kbS1jbWRsZXQtdGVzdC1yZzMwMzc5L3Byb3ZpZGVycy9NaWNyb3NvZnQuU3FsL3NlcnZlcnMvc3FsLWRtLWNtZGxldC1zZXJ2ZXIzMDM3OS9kYXRhYmFzZXMvc3FsLWRtLWNtZGxldC1kYjMwMzc5L29wZXJhdGlvblJlc3VsdHMvZTNhMDEwM2UtZTExZi00YWEyLWFlNTItODYwODk3ZTRlOTFmP2FwaS12ZXJzaW9uPTIwMTQtMDQtMDEtUHJldmlldw==",
      "RequestMethod": "GET",
      "RequestBody": "",
      "RequestHeaders": {
        "User-Agent": [
          "Microsoft.Azure.Management.Sql.SqlManagementClient/0.51.0.0"
        ],
        "x-ms-client-request-id": [
          "e9023b5b-deb4-408d-99a5-2a1844ee3fff"
        ]
      },
      "ResponseBody": "{\r\n  \"operation\": \"CreateLogicalDatabase\",\r\n  \"startTime\": \"2016-12-20T08:38:58.617Z\"\r\n}",
      "ResponseHeaders": {
        "Content-Length": [
          "75"
        ],
        "Content-Type": [
          "application/json"
        ],
        "Retry-After": [
          "30"
        ],
        "x-ms-request-id": [
          "06c2f038-eb1d-4b90-82ac-9fba50758be0"
        ],
        "X-Content-Type-Options": [
          "nosniff"
        ],
        "DataServiceVersion": [
          "3.0;"
        ],
        "Strict-Transport-Security": [
          "max-age=31536000; includeSubDomains"
        ],
        "Azure-AsyncOperation": [
          "https://management.azure.com/subscriptions/cca24ec8-99b5-4aa7-9ff6-486e886f304c/resourceGroups/sql-dm-cmdlet-test-rg30379/providers/Microsoft.Sql/servers/sql-dm-cmdlet-server30379/databases/sql-dm-cmdlet-db30379/azureAsyncOperation/e3a0103e-e11f-4aa2-ae52-860897e4e91f?api-version=2014-04-01-Preview"
        ],
        "x-ms-ratelimit-remaining-subscription-reads": [
          "14855"
        ],
        "x-ms-correlation-request-id": [
          "ff14831c-5cda-468d-ab6d-0a06cf4abb5b"
        ],
        "x-ms-routing-request-id": [
          "WESTEUROPE:20161220T083859Z:ff14831c-5cda-468d-ab6d-0a06cf4abb5b"
        ],
        "Cache-Control": [
          "no-store, no-cache"
        ],
        "Date": [
          "Tue, 20 Dec 2016 08:38:58 GMT"
        ],
        "Location": [
          "https://management.azure.com/subscriptions/cca24ec8-99b5-4aa7-9ff6-486e886f304c/resourceGroups/sql-dm-cmdlet-test-rg30379/providers/Microsoft.Sql/servers/sql-dm-cmdlet-server30379/databases/sql-dm-cmdlet-db30379/operationResults/e3a0103e-e11f-4aa2-ae52-860897e4e91f?api-version=2014-04-01-Preview"
        ],
        "Server": [
          "Microsoft-HTTPAPI/2.0"
        ]
      },
      "StatusCode": 202
    },
    {
      "RequestUri": "/subscriptions/cca24ec8-99b5-4aa7-9ff6-486e886f304c/resourceGroups/sql-dm-cmdlet-test-rg30379/providers/Microsoft.Sql/servers/sql-dm-cmdlet-server30379/databases/sql-dm-cmdlet-db30379/operationResults/e3a0103e-e11f-4aa2-ae52-860897e4e91f?api-version=2014-04-01-Preview",
      "EncodedRequestUri": "L3N1YnNjcmlwdGlvbnMvY2NhMjRlYzgtOTliNS00YWE3LTlmZjYtNDg2ZTg4NmYzMDRjL3Jlc291cmNlR3JvdXBzL3NxbC1kbS1jbWRsZXQtdGVzdC1yZzMwMzc5L3Byb3ZpZGVycy9NaWNyb3NvZnQuU3FsL3NlcnZlcnMvc3FsLWRtLWNtZGxldC1zZXJ2ZXIzMDM3OS9kYXRhYmFzZXMvc3FsLWRtLWNtZGxldC1kYjMwMzc5L29wZXJhdGlvblJlc3VsdHMvZTNhMDEwM2UtZTExZi00YWEyLWFlNTItODYwODk3ZTRlOTFmP2FwaS12ZXJzaW9uPTIwMTQtMDQtMDEtUHJldmlldw==",
      "RequestMethod": "GET",
      "RequestBody": "",
      "RequestHeaders": {
        "User-Agent": [
          "Microsoft.Azure.Management.Sql.SqlManagementClient/0.51.0.0"
        ],
        "x-ms-client-request-id": [
          "e9023b5b-deb4-408d-99a5-2a1844ee3fff"
        ]
      },
      "ResponseBody": "{\r\n  \"operation\": \"CreateLogicalDatabase\",\r\n  \"startTime\": \"2016-12-20T08:38:58.617Z\"\r\n}",
      "ResponseHeaders": {
        "Content-Length": [
          "75"
        ],
        "Content-Type": [
          "application/json"
        ],
        "Retry-After": [
          "30"
        ],
        "x-ms-request-id": [
          "39b47806-0d87-433b-8828-6d80e0664cf2"
        ],
        "X-Content-Type-Options": [
          "nosniff"
        ],
        "DataServiceVersion": [
          "3.0;"
        ],
        "Strict-Transport-Security": [
          "max-age=31536000; includeSubDomains"
        ],
        "Azure-AsyncOperation": [
          "https://management.azure.com/subscriptions/cca24ec8-99b5-4aa7-9ff6-486e886f304c/resourceGroups/sql-dm-cmdlet-test-rg30379/providers/Microsoft.Sql/servers/sql-dm-cmdlet-server30379/databases/sql-dm-cmdlet-db30379/azureAsyncOperation/e3a0103e-e11f-4aa2-ae52-860897e4e91f?api-version=2014-04-01-Preview"
        ],
        "x-ms-ratelimit-remaining-subscription-reads": [
          "14850"
        ],
        "x-ms-correlation-request-id": [
          "054db14d-8551-496f-8237-e6e98ef26eff"
        ],
        "x-ms-routing-request-id": [
          "WESTEUROPE:20161220T083929Z:054db14d-8551-496f-8237-e6e98ef26eff"
        ],
        "Cache-Control": [
          "no-store, no-cache"
        ],
        "Date": [
          "Tue, 20 Dec 2016 08:39:29 GMT"
        ],
        "Location": [
          "https://management.azure.com/subscriptions/cca24ec8-99b5-4aa7-9ff6-486e886f304c/resourceGroups/sql-dm-cmdlet-test-rg30379/providers/Microsoft.Sql/servers/sql-dm-cmdlet-server30379/databases/sql-dm-cmdlet-db30379/operationResults/e3a0103e-e11f-4aa2-ae52-860897e4e91f?api-version=2014-04-01-Preview"
        ],
        "Server": [
          "Microsoft-HTTPAPI/2.0"
        ]
      },
      "StatusCode": 202
    },
    {
      "RequestUri": "/subscriptions/cca24ec8-99b5-4aa7-9ff6-486e886f304c/resourceGroups/sql-dm-cmdlet-test-rg30379/providers/Microsoft.Sql/servers/sql-dm-cmdlet-server30379/databases/sql-dm-cmdlet-db30379/operationResults/e3a0103e-e11f-4aa2-ae52-860897e4e91f?api-version=2014-04-01-Preview",
      "EncodedRequestUri": "L3N1YnNjcmlwdGlvbnMvY2NhMjRlYzgtOTliNS00YWE3LTlmZjYtNDg2ZTg4NmYzMDRjL3Jlc291cmNlR3JvdXBzL3NxbC1kbS1jbWRsZXQtdGVzdC1yZzMwMzc5L3Byb3ZpZGVycy9NaWNyb3NvZnQuU3FsL3NlcnZlcnMvc3FsLWRtLWNtZGxldC1zZXJ2ZXIzMDM3OS9kYXRhYmFzZXMvc3FsLWRtLWNtZGxldC1kYjMwMzc5L29wZXJhdGlvblJlc3VsdHMvZTNhMDEwM2UtZTExZi00YWEyLWFlNTItODYwODk3ZTRlOTFmP2FwaS12ZXJzaW9uPTIwMTQtMDQtMDEtUHJldmlldw==",
      "RequestMethod": "GET",
      "RequestBody": "",
      "RequestHeaders": {
        "User-Agent": [
          "Microsoft.Azure.Management.Sql.SqlManagementClient/0.51.0.0"
        ],
        "x-ms-client-request-id": [
          "e9023b5b-deb4-408d-99a5-2a1844ee3fff"
        ]
      },
      "ResponseBody": "{\r\n  \"id\": \"/subscriptions/cca24ec8-99b5-4aa7-9ff6-486e886f304c/resourceGroups/sql-dm-cmdlet-test-rg30379/providers/Microsoft.Sql/servers/sql-dm-cmdlet-server30379/databases/sql-dm-cmdlet-db30379\",\r\n  \"name\": \"sql-dm-cmdlet-db30379\",\r\n  \"type\": \"Microsoft.Sql/servers/databases\",\r\n  \"location\": \"West Central US\",\r\n  \"kind\": \"v12.0,user\",\r\n  \"properties\": {\r\n    \"databaseId\": \"83d654c9-0a46-48da-951d-04727664dea1\",\r\n    \"edition\": \"Standard\",\r\n    \"status\": \"Online\",\r\n    \"serviceLevelObjective\": \"S0\",\r\n    \"collation\": \"SQL_Latin1_General_CP1_CI_AS\",\r\n    \"maxSizeBytes\": \"268435456000\",\r\n    \"creationDate\": \"2016-12-20T08:38:58.867Z\",\r\n    \"currentServiceObjectiveId\": \"f1173c43-91bd-4aaa-973c-54e79e15235b\",\r\n    \"requestedServiceObjectiveId\": \"f1173c43-91bd-4aaa-973c-54e79e15235b\",\r\n    \"requestedServiceObjectiveName\": \"S0\",\r\n    \"sampleName\": null,\r\n    \"defaultSecondaryLocation\": \"West US 2\",\r\n    \"earliestRestoreDate\": \"2016-12-20T08:49:34.283Z\",\r\n    \"elasticPoolName\": null,\r\n    \"containmentState\": 2,\r\n    \"readScale\": \"Disabled\"\r\n  }\r\n}",
      "ResponseHeaders": {
        "Content-Length": [
          "909"
        ],
        "Content-Type": [
          "application/json; odata=minimalmetadata; streaming=true; charset=utf-8"
        ],
        "x-ms-request-id": [
          "0dd9b7d2-a213-421d-be62-2c00bae030a8"
        ],
        "X-Content-Type-Options": [
          "nosniff"
        ],
        "DataServiceVersion": [
          "3.0;"
        ],
        "Strict-Transport-Security": [
          "max-age=31536000; includeSubDomains"
        ],
        "x-ms-ratelimit-remaining-subscription-reads": [
          "14847"
        ],
        "x-ms-correlation-request-id": [
          "6888f504-be2d-40bc-8170-ec330ec176dc"
        ],
        "x-ms-routing-request-id": [
          "WESTEUROPE:20161220T083945Z:6888f504-be2d-40bc-8170-ec330ec176dc"
        ],
        "Cache-Control": [
          "no-store, no-cache"
        ],
        "Date": [
          "Tue, 20 Dec 2016 08:39:45 GMT"
        ],
        "Server": [
          "Microsoft-HTTPAPI/2.0"
        ]
      },
      "StatusCode": 201
    },
    {
      "RequestUri": "/subscriptions/cca24ec8-99b5-4aa7-9ff6-486e886f304c/resourceGroups/sql-dm-cmdlet-test-rg30379/providers/Microsoft.Sql/servers/sql-dm-cmdlet-server30379/databases/sql-dm-cmdlet-db30379/dataMaskingPolicies/Default?api-version=2014-04-01",
      "EncodedRequestUri": "L3N1YnNjcmlwdGlvbnMvY2NhMjRlYzgtOTliNS00YWE3LTlmZjYtNDg2ZTg4NmYzMDRjL3Jlc291cmNlR3JvdXBzL3NxbC1kbS1jbWRsZXQtdGVzdC1yZzMwMzc5L3Byb3ZpZGVycy9NaWNyb3NvZnQuU3FsL3NlcnZlcnMvc3FsLWRtLWNtZGxldC1zZXJ2ZXIzMDM3OS9kYXRhYmFzZXMvc3FsLWRtLWNtZGxldC1kYjMwMzc5L2RhdGFNYXNraW5nUG9saWNpZXMvRGVmYXVsdD9hcGktdmVyc2lvbj0yMDE0LTA0LTAx",
      "RequestMethod": "GET",
      "RequestBody": "",
      "RequestHeaders": {
        "User-Agent": [
          "Microsoft.Azure.Management.Sql.SqlManagementClient/0.51.0.0"
        ],
        "x-ms-client-request-id": [
          "1e706fb5-241b-4ed3-a0b3-1c46e5a00765"
        ]
      },
      "ResponseBody": "{\r\n  \"id\": \"/subscriptions/cca24ec8-99b5-4aa7-9ff6-486e886f304c/resourceGroups/sql-dm-cmdlet-test-rg30379/providers/Microsoft.Sql/servers/sql-dm-cmdlet-server30379/databases/sql-dm-cmdlet-db30379/dataMaskingPolicies/Default\",\r\n  \"name\": \"Default\",\r\n  \"type\": \"Microsoft.Sql/servers/databases/dataMaskingPolicies\",\r\n  \"location\": \"West Central US\",\r\n  \"kind\": null,\r\n  \"properties\": {\r\n    \"dataMaskingState\": \"Disabled\",\r\n    \"applicationPrincipals\": \"\",\r\n    \"exemptPrincipals\": \"\",\r\n    \"maskingLevel\": \"\"\r\n  }\r\n}",
      "ResponseHeaders": {
        "Content-Length": [
          "451"
        ],
        "Content-Type": [
          "application/json; odata=minimalmetadata; streaming=true; charset=utf-8"
        ],
        "x-ms-request-id": [
          "00633613-58a3-49ea-ac0a-9f3452ccd49c"
        ],
        "X-Content-Type-Options": [
          "nosniff"
        ],
        "DataServiceVersion": [
          "3.0;"
        ],
        "Strict-Transport-Security": [
          "max-age=31536000; includeSubDomains"
        ],
        "x-ms-ratelimit-remaining-subscription-reads": [
          "14844"
        ],
        "x-ms-correlation-request-id": [
          "ab858010-8f8f-40b4-aa47-60f8f725e568"
        ],
        "x-ms-routing-request-id": [
          "WESTEUROPE:20161220T083952Z:ab858010-8f8f-40b4-aa47-60f8f725e568"
        ],
        "Cache-Control": [
          "no-store, no-cache"
        ],
        "Date": [
          "Tue, 20 Dec 2016 08:39:51 GMT"
        ],
        "Server": [
          "Microsoft-HTTPAPI/2.0"
        ]
      },
      "StatusCode": 200
    },
    {
      "RequestUri": "/subscriptions/cca24ec8-99b5-4aa7-9ff6-486e886f304c/resourceGroups/sql-dm-cmdlet-test-rg30379/providers/Microsoft.Sql/servers/sql-dm-cmdlet-server30379/databases/sql-dm-cmdlet-db30379/dataMaskingPolicies/Default?api-version=2014-04-01",
      "EncodedRequestUri": "L3N1YnNjcmlwdGlvbnMvY2NhMjRlYzgtOTliNS00YWE3LTlmZjYtNDg2ZTg4NmYzMDRjL3Jlc291cmNlR3JvdXBzL3NxbC1kbS1jbWRsZXQtdGVzdC1yZzMwMzc5L3Byb3ZpZGVycy9NaWNyb3NvZnQuU3FsL3NlcnZlcnMvc3FsLWRtLWNtZGxldC1zZXJ2ZXIzMDM3OS9kYXRhYmFzZXMvc3FsLWRtLWNtZGxldC1kYjMwMzc5L2RhdGFNYXNraW5nUG9saWNpZXMvRGVmYXVsdD9hcGktdmVyc2lvbj0yMDE0LTA0LTAx",
      "RequestMethod": "GET",
      "RequestBody": "",
      "RequestHeaders": {
        "User-Agent": [
          "Microsoft.Azure.Management.Sql.SqlManagementClient/0.51.0.0"
        ],
        "x-ms-client-request-id": [
          "fdb8ed8a-7853-46f9-b7bd-7dda3147b79e"
        ]
      },
      "ResponseBody": "{\r\n  \"id\": \"/subscriptions/cca24ec8-99b5-4aa7-9ff6-486e886f304c/resourceGroups/sql-dm-cmdlet-test-rg30379/providers/Microsoft.Sql/servers/sql-dm-cmdlet-server30379/databases/sql-dm-cmdlet-db30379/dataMaskingPolicies/Default\",\r\n  \"name\": \"Default\",\r\n  \"type\": \"Microsoft.Sql/servers/databases/dataMaskingPolicies\",\r\n  \"location\": \"West Central US\",\r\n  \"kind\": null,\r\n  \"properties\": {\r\n    \"dataMaskingState\": \"Disabled\",\r\n    \"applicationPrincipals\": \"\",\r\n    \"exemptPrincipals\": \"\",\r\n    \"maskingLevel\": \"\"\r\n  }\r\n}",
      "ResponseHeaders": {
        "Content-Length": [
          "451"
        ],
        "Content-Type": [
          "application/json; odata=minimalmetadata; streaming=true; charset=utf-8"
        ],
        "x-ms-request-id": [
          "34a7d9d5-a2cd-492b-967f-b0804d078524"
        ],
        "X-Content-Type-Options": [
          "nosniff"
        ],
        "DataServiceVersion": [
          "3.0;"
        ],
        "Strict-Transport-Security": [
          "max-age=31536000; includeSubDomains"
        ],
        "x-ms-ratelimit-remaining-subscription-reads": [
          "14842"
        ],
        "x-ms-correlation-request-id": [
          "31dba559-8db2-4c2d-8b9a-9911832655d1"
        ],
        "x-ms-routing-request-id": [
          "WESTEUROPE:20161220T083953Z:31dba559-8db2-4c2d-8b9a-9911832655d1"
        ],
        "Cache-Control": [
          "no-store, no-cache"
        ],
        "Date": [
          "Tue, 20 Dec 2016 08:39:52 GMT"
        ],
        "Server": [
          "Microsoft-HTTPAPI/2.0"
        ]
      },
      "StatusCode": 200
    },
    {
      "RequestUri": "/subscriptions/cca24ec8-99b5-4aa7-9ff6-486e886f304c/resourceGroups/sql-dm-cmdlet-test-rg30379/providers/Microsoft.Sql/servers/sql-dm-cmdlet-server30379/databases/sql-dm-cmdlet-db30379/dataMaskingPolicies/Default?api-version=2014-04-01",
      "EncodedRequestUri": "L3N1YnNjcmlwdGlvbnMvY2NhMjRlYzgtOTliNS00YWE3LTlmZjYtNDg2ZTg4NmYzMDRjL3Jlc291cmNlR3JvdXBzL3NxbC1kbS1jbWRsZXQtdGVzdC1yZzMwMzc5L3Byb3ZpZGVycy9NaWNyb3NvZnQuU3FsL3NlcnZlcnMvc3FsLWRtLWNtZGxldC1zZXJ2ZXIzMDM3OS9kYXRhYmFzZXMvc3FsLWRtLWNtZGxldC1kYjMwMzc5L2RhdGFNYXNraW5nUG9saWNpZXMvRGVmYXVsdD9hcGktdmVyc2lvbj0yMDE0LTA0LTAx",
      "RequestMethod": "GET",
      "RequestBody": "",
      "RequestHeaders": {
        "User-Agent": [
          "Microsoft.Azure.Management.Sql.SqlManagementClient/0.51.0.0"
        ],
        "x-ms-client-request-id": [
          "9710c62b-7970-463d-a868-a6f378db1a27"
        ]
      },
      "ResponseBody": "{\r\n  \"id\": \"/subscriptions/cca24ec8-99b5-4aa7-9ff6-486e886f304c/resourceGroups/sql-dm-cmdlet-test-rg30379/providers/Microsoft.Sql/servers/sql-dm-cmdlet-server30379/databases/sql-dm-cmdlet-db30379/dataMaskingPolicies/Default\",\r\n  \"name\": \"Default\",\r\n  \"type\": \"Microsoft.Sql/servers/databases/dataMaskingPolicies\",\r\n  \"location\": \"West Central US\",\r\n  \"kind\": null,\r\n  \"properties\": {\r\n    \"dataMaskingState\": \"Enabled\",\r\n    \"applicationPrincipals\": \"\",\r\n    \"exemptPrincipals\": \"public;\",\r\n    \"maskingLevel\": \"\"\r\n  }\r\n}",
      "ResponseHeaders": {
        "Content-Length": [
          "457"
        ],
        "Content-Type": [
          "application/json; odata=minimalmetadata; streaming=true; charset=utf-8"
        ],
        "x-ms-request-id": [
          "a29d2aa2-e696-4f22-9af2-cb0d6019c4e6"
        ],
        "X-Content-Type-Options": [
          "nosniff"
        ],
        "DataServiceVersion": [
          "3.0;"
        ],
        "Strict-Transport-Security": [
          "max-age=31536000; includeSubDomains"
        ],
        "x-ms-ratelimit-remaining-subscription-reads": [
          "14839"
        ],
        "x-ms-correlation-request-id": [
          "6979152b-4bdd-4904-8d4c-a9a6058a5678"
        ],
        "x-ms-routing-request-id": [
          "WESTEUROPE:20161220T083956Z:6979152b-4bdd-4904-8d4c-a9a6058a5678"
        ],
        "Cache-Control": [
          "no-store, no-cache"
        ],
        "Date": [
          "Tue, 20 Dec 2016 08:39:55 GMT"
        ],
        "Server": [
          "Microsoft-HTTPAPI/2.0"
        ]
      },
      "StatusCode": 200
    },
    {
      "RequestUri": "/subscriptions/cca24ec8-99b5-4aa7-9ff6-486e886f304c/resourceGroups/sql-dm-cmdlet-test-rg30379/providers/Microsoft.Sql/servers/sql-dm-cmdlet-server30379/databases/sql-dm-cmdlet-db30379/dataMaskingPolicies/Default?api-version=2014-04-01",
      "EncodedRequestUri": "L3N1YnNjcmlwdGlvbnMvY2NhMjRlYzgtOTliNS00YWE3LTlmZjYtNDg2ZTg4NmYzMDRjL3Jlc291cmNlR3JvdXBzL3NxbC1kbS1jbWRsZXQtdGVzdC1yZzMwMzc5L3Byb3ZpZGVycy9NaWNyb3NvZnQuU3FsL3NlcnZlcnMvc3FsLWRtLWNtZGxldC1zZXJ2ZXIzMDM3OS9kYXRhYmFzZXMvc3FsLWRtLWNtZGxldC1kYjMwMzc5L2RhdGFNYXNraW5nUG9saWNpZXMvRGVmYXVsdD9hcGktdmVyc2lvbj0yMDE0LTA0LTAx",
      "RequestMethod": "GET",
      "RequestBody": "",
      "RequestHeaders": {
        "User-Agent": [
          "Microsoft.Azure.Management.Sql.SqlManagementClient/0.51.0.0"
        ],
        "x-ms-client-request-id": [
          "b18737e1-7fa4-43e5-aa6d-819233890eb2"
        ]
      },
      "ResponseBody": "{\r\n  \"id\": \"/subscriptions/cca24ec8-99b5-4aa7-9ff6-486e886f304c/resourceGroups/sql-dm-cmdlet-test-rg30379/providers/Microsoft.Sql/servers/sql-dm-cmdlet-server30379/databases/sql-dm-cmdlet-db30379/dataMaskingPolicies/Default\",\r\n  \"name\": \"Default\",\r\n  \"type\": \"Microsoft.Sql/servers/databases/dataMaskingPolicies\",\r\n  \"location\": \"West Central US\",\r\n  \"kind\": null,\r\n  \"properties\": {\r\n    \"dataMaskingState\": \"Enabled\",\r\n    \"applicationPrincipals\": \"\",\r\n    \"exemptPrincipals\": \"public;\",\r\n    \"maskingLevel\": \"\"\r\n  }\r\n}",
      "ResponseHeaders": {
        "Content-Length": [
          "457"
        ],
        "Content-Type": [
          "application/json; odata=minimalmetadata; streaming=true; charset=utf-8"
        ],
        "x-ms-request-id": [
          "260664da-2947-42f2-98cd-618c288b2f3f"
        ],
        "X-Content-Type-Options": [
          "nosniff"
        ],
        "DataServiceVersion": [
          "3.0;"
        ],
        "Strict-Transport-Security": [
          "max-age=31536000; includeSubDomains"
        ],
        "x-ms-ratelimit-remaining-subscription-reads": [
          "14837"
        ],
        "x-ms-correlation-request-id": [
          "0cf6bc4b-23a4-40f2-9c7f-fb8fef99b76f"
        ],
        "x-ms-routing-request-id": [
          "WESTEUROPE:20161220T083957Z:0cf6bc4b-23a4-40f2-9c7f-fb8fef99b76f"
        ],
        "Cache-Control": [
          "no-store, no-cache"
        ],
        "Date": [
          "Tue, 20 Dec 2016 08:39:56 GMT"
        ],
        "Server": [
          "Microsoft-HTTPAPI/2.0"
        ]
      },
      "StatusCode": 200
    },
    {
      "RequestUri": "/subscriptions/cca24ec8-99b5-4aa7-9ff6-486e886f304c/resourceGroups/sql-dm-cmdlet-test-rg30379/providers/Microsoft.Sql/servers/sql-dm-cmdlet-server30379/databases/sql-dm-cmdlet-db30379/dataMaskingPolicies/Default?api-version=2014-04-01",
      "EncodedRequestUri": "L3N1YnNjcmlwdGlvbnMvY2NhMjRlYzgtOTliNS00YWE3LTlmZjYtNDg2ZTg4NmYzMDRjL3Jlc291cmNlR3JvdXBzL3NxbC1kbS1jbWRsZXQtdGVzdC1yZzMwMzc5L3Byb3ZpZGVycy9NaWNyb3NvZnQuU3FsL3NlcnZlcnMvc3FsLWRtLWNtZGxldC1zZXJ2ZXIzMDM3OS9kYXRhYmFzZXMvc3FsLWRtLWNtZGxldC1kYjMwMzc5L2RhdGFNYXNraW5nUG9saWNpZXMvRGVmYXVsdD9hcGktdmVyc2lvbj0yMDE0LTA0LTAx",
      "RequestMethod": "GET",
      "RequestBody": "",
      "RequestHeaders": {
        "User-Agent": [
          "Microsoft.Azure.Management.Sql.SqlManagementClient/0.51.0.0"
        ],
        "x-ms-client-request-id": [
          "b8f6575f-9520-4e35-93f9-941548b813ab"
        ]
      },
      "ResponseBody": "{\r\n  \"id\": \"/subscriptions/cca24ec8-99b5-4aa7-9ff6-486e886f304c/resourceGroups/sql-dm-cmdlet-test-rg30379/providers/Microsoft.Sql/servers/sql-dm-cmdlet-server30379/databases/sql-dm-cmdlet-db30379/dataMaskingPolicies/Default\",\r\n  \"name\": \"Default\",\r\n  \"type\": \"Microsoft.Sql/servers/databases/dataMaskingPolicies\",\r\n  \"location\": \"West Central US\",\r\n  \"kind\": null,\r\n  \"properties\": {\r\n    \"dataMaskingState\": \"Disabled\",\r\n    \"applicationPrincipals\": \"\",\r\n    \"exemptPrincipals\": \"\",\r\n    \"maskingLevel\": \"\"\r\n  }\r\n}",
      "ResponseHeaders": {
        "Content-Length": [
          "451"
        ],
        "Content-Type": [
          "application/json; odata=minimalmetadata; streaming=true; charset=utf-8"
        ],
        "x-ms-request-id": [
          "37ce47dc-14d8-4bb0-88f2-10935062c245"
        ],
        "X-Content-Type-Options": [
          "nosniff"
        ],
        "DataServiceVersion": [
          "3.0;"
        ],
        "Strict-Transport-Security": [
          "max-age=31536000; includeSubDomains"
        ],
        "x-ms-ratelimit-remaining-subscription-reads": [
          "14832"
        ],
        "x-ms-correlation-request-id": [
          "fb648e93-3a6e-4418-b23f-6ab339b9d905"
        ],
        "x-ms-routing-request-id": [
          "WESTEUROPE:20161220T084000Z:fb648e93-3a6e-4418-b23f-6ab339b9d905"
        ],
        "Cache-Control": [
          "no-store, no-cache"
        ],
        "Date": [
          "Tue, 20 Dec 2016 08:39:59 GMT"
        ],
        "Server": [
          "Microsoft-HTTPAPI/2.0"
        ]
      },
      "StatusCode": 200
    },
    {
      "RequestUri": "/subscriptions/cca24ec8-99b5-4aa7-9ff6-486e886f304c/resourceGroups/sql-dm-cmdlet-test-rg30379/providers/Microsoft.Sql/servers/sql-dm-cmdlet-server30379/databases/sql-dm-cmdlet-db30379/dataMaskingPolicies/Default?api-version=2014-04-01",
      "EncodedRequestUri": "L3N1YnNjcmlwdGlvbnMvY2NhMjRlYzgtOTliNS00YWE3LTlmZjYtNDg2ZTg4NmYzMDRjL3Jlc291cmNlR3JvdXBzL3NxbC1kbS1jbWRsZXQtdGVzdC1yZzMwMzc5L3Byb3ZpZGVycy9NaWNyb3NvZnQuU3FsL3NlcnZlcnMvc3FsLWRtLWNtZGxldC1zZXJ2ZXIzMDM3OS9kYXRhYmFzZXMvc3FsLWRtLWNtZGxldC1kYjMwMzc5L2RhdGFNYXNraW5nUG9saWNpZXMvRGVmYXVsdD9hcGktdmVyc2lvbj0yMDE0LTA0LTAx",
      "RequestMethod": "GET",
      "RequestBody": "",
      "RequestHeaders": {
        "User-Agent": [
          "Microsoft.Azure.Management.Sql.SqlManagementClient/0.51.0.0"
        ],
        "x-ms-client-request-id": [
          "e4bc7875-16d7-4cfe-966c-d422b5905eb8"
        ]
      },
      "ResponseBody": "{\r\n  \"id\": \"/subscriptions/cca24ec8-99b5-4aa7-9ff6-486e886f304c/resourceGroups/sql-dm-cmdlet-test-rg30379/providers/Microsoft.Sql/servers/sql-dm-cmdlet-server30379/databases/sql-dm-cmdlet-db30379/dataMaskingPolicies/Default\",\r\n  \"name\": \"Default\",\r\n  \"type\": \"Microsoft.Sql/servers/databases/dataMaskingPolicies\",\r\n  \"location\": \"West Central US\",\r\n  \"kind\": null,\r\n  \"properties\": {\r\n    \"dataMaskingState\": \"Disabled\",\r\n    \"applicationPrincipals\": \"\",\r\n    \"exemptPrincipals\": \"\",\r\n    \"maskingLevel\": \"\"\r\n  }\r\n}",
      "ResponseHeaders": {
        "Content-Length": [
          "451"
        ],
        "Content-Type": [
          "application/json; odata=minimalmetadata; streaming=true; charset=utf-8"
        ],
        "x-ms-request-id": [
          "76349675-b9cf-4a80-9c99-84deacdcb185"
        ],
        "X-Content-Type-Options": [
          "nosniff"
        ],
        "DataServiceVersion": [
          "3.0;"
        ],
        "Strict-Transport-Security": [
          "max-age=31536000; includeSubDomains"
        ],
        "x-ms-ratelimit-remaining-subscription-reads": [
          "14836"
        ],
        "x-ms-correlation-request-id": [
          "8a409a91-9143-42d9-a7d2-f9cc2feafaaf"
        ],
        "x-ms-routing-request-id": [
          "WESTEUROPE:20161220T084001Z:8a409a91-9143-42d9-a7d2-f9cc2feafaaf"
        ],
        "Cache-Control": [
          "no-store, no-cache"
        ],
        "Date": [
          "Tue, 20 Dec 2016 08:40:00 GMT"
        ],
        "Server": [
          "Microsoft-HTTPAPI/2.0"
        ]
      },
      "StatusCode": 200
    },
    {
      "RequestUri": "/subscriptions/cca24ec8-99b5-4aa7-9ff6-486e886f304c/resourceGroups/sql-dm-cmdlet-test-rg30379/providers/Microsoft.Sql/servers/sql-dm-cmdlet-server30379/databases/sql-dm-cmdlet-db30379/dataMaskingPolicies/Default?api-version=2014-04-01",
      "EncodedRequestUri": "L3N1YnNjcmlwdGlvbnMvY2NhMjRlYzgtOTliNS00YWE3LTlmZjYtNDg2ZTg4NmYzMDRjL3Jlc291cmNlR3JvdXBzL3NxbC1kbS1jbWRsZXQtdGVzdC1yZzMwMzc5L3Byb3ZpZGVycy9NaWNyb3NvZnQuU3FsL3NlcnZlcnMvc3FsLWRtLWNtZGxldC1zZXJ2ZXIzMDM3OS9kYXRhYmFzZXMvc3FsLWRtLWNtZGxldC1kYjMwMzc5L2RhdGFNYXNraW5nUG9saWNpZXMvRGVmYXVsdD9hcGktdmVyc2lvbj0yMDE0LTA0LTAx",
      "RequestMethod": "GET",
      "RequestBody": "",
      "RequestHeaders": {
        "User-Agent": [
          "Microsoft.Azure.Management.Sql.SqlManagementClient/0.51.0.0"
        ],
        "x-ms-client-request-id": [
          "3dc3c971-b353-4648-8c53-cabab8980633"
        ]
      },
      "ResponseBody": "{\r\n  \"id\": \"/subscriptions/cca24ec8-99b5-4aa7-9ff6-486e886f304c/resourceGroups/sql-dm-cmdlet-test-rg30379/providers/Microsoft.Sql/servers/sql-dm-cmdlet-server30379/databases/sql-dm-cmdlet-db30379/dataMaskingPolicies/Default\",\r\n  \"name\": \"Default\",\r\n  \"type\": \"Microsoft.Sql/servers/databases/dataMaskingPolicies\",\r\n  \"location\": \"West Central US\",\r\n  \"kind\": null,\r\n  \"properties\": {\r\n    \"dataMaskingState\": \"Disabled\",\r\n    \"applicationPrincipals\": \"\",\r\n    \"exemptPrincipals\": \"\",\r\n    \"maskingLevel\": \"\"\r\n  }\r\n}",
      "ResponseHeaders": {
        "Content-Length": [
          "451"
        ],
        "Content-Type": [
          "application/json; odata=minimalmetadata; streaming=true; charset=utf-8"
        ],
        "x-ms-request-id": [
          "53791fbb-2361-4037-aa1b-31df37e16734"
        ],
        "X-Content-Type-Options": [
          "nosniff"
        ],
        "DataServiceVersion": [
          "3.0;"
        ],
        "Strict-Transport-Security": [
          "max-age=31536000; includeSubDomains"
        ],
        "x-ms-ratelimit-remaining-subscription-reads": [
          "14833"
        ],
        "x-ms-correlation-request-id": [
          "465b5739-d3a1-40f1-b8a7-b8e62cd1de8d"
        ],
        "x-ms-routing-request-id": [
          "WESTEUROPE:20161220T084004Z:465b5739-d3a1-40f1-b8a7-b8e62cd1de8d"
        ],
        "Cache-Control": [
          "no-store, no-cache"
        ],
        "Date": [
          "Tue, 20 Dec 2016 08:40:04 GMT"
        ],
        "Server": [
          "Microsoft-HTTPAPI/2.0"
        ]
      },
      "StatusCode": 200
    },
    {
      "RequestUri": "/subscriptions/cca24ec8-99b5-4aa7-9ff6-486e886f304c/resourceGroups/sql-dm-cmdlet-test-rg30379/providers/Microsoft.Sql/servers/sql-dm-cmdlet-server30379/databases/sql-dm-cmdlet-db30379/dataMaskingPolicies/Default?api-version=2014-04-01",
      "EncodedRequestUri": "L3N1YnNjcmlwdGlvbnMvY2NhMjRlYzgtOTliNS00YWE3LTlmZjYtNDg2ZTg4NmYzMDRjL3Jlc291cmNlR3JvdXBzL3NxbC1kbS1jbWRsZXQtdGVzdC1yZzMwMzc5L3Byb3ZpZGVycy9NaWNyb3NvZnQuU3FsL3NlcnZlcnMvc3FsLWRtLWNtZGxldC1zZXJ2ZXIzMDM3OS9kYXRhYmFzZXMvc3FsLWRtLWNtZGxldC1kYjMwMzc5L2RhdGFNYXNraW5nUG9saWNpZXMvRGVmYXVsdD9hcGktdmVyc2lvbj0yMDE0LTA0LTAx",
      "RequestMethod": "GET",
      "RequestBody": "",
      "RequestHeaders": {
        "User-Agent": [
          "Microsoft.Azure.Management.Sql.SqlManagementClient/0.51.0.0"
        ],
        "x-ms-client-request-id": [
          "5faf97a4-6649-41c3-bd3f-824f76450502"
        ]
      },
      "ResponseBody": "{\r\n  \"id\": \"/subscriptions/cca24ec8-99b5-4aa7-9ff6-486e886f304c/resourceGroups/sql-dm-cmdlet-test-rg30379/providers/Microsoft.Sql/servers/sql-dm-cmdlet-server30379/databases/sql-dm-cmdlet-db30379/dataMaskingPolicies/Default\",\r\n  \"name\": \"Default\",\r\n  \"type\": \"Microsoft.Sql/servers/databases/dataMaskingPolicies\",\r\n  \"location\": \"West Central US\",\r\n  \"kind\": null,\r\n  \"properties\": {\r\n    \"dataMaskingState\": \"Disabled\",\r\n    \"applicationPrincipals\": \"\",\r\n    \"exemptPrincipals\": \"\",\r\n    \"maskingLevel\": \"\"\r\n  }\r\n}",
      "ResponseHeaders": {
        "Content-Length": [
          "451"
        ],
        "Content-Type": [
          "application/json; odata=minimalmetadata; streaming=true; charset=utf-8"
        ],
        "x-ms-request-id": [
          "dd588497-2d69-4401-833e-88dcb4dac6ff"
        ],
        "X-Content-Type-Options": [
          "nosniff"
        ],
        "DataServiceVersion": [
          "3.0;"
        ],
        "Strict-Transport-Security": [
          "max-age=31536000; includeSubDomains"
        ],
        "x-ms-ratelimit-remaining-subscription-reads": [
          "14831"
        ],
        "x-ms-correlation-request-id": [
          "195167e7-069b-4d8d-9a88-b3582af29006"
        ],
        "x-ms-routing-request-id": [
          "WESTEUROPE:20161220T084005Z:195167e7-069b-4d8d-9a88-b3582af29006"
        ],
        "Cache-Control": [
          "no-store, no-cache"
        ],
        "Date": [
          "Tue, 20 Dec 2016 08:40:05 GMT"
        ],
        "Server": [
          "Microsoft-HTTPAPI/2.0"
        ]
      },
      "StatusCode": 200
    },
    {
      "RequestUri": "/subscriptions/cca24ec8-99b5-4aa7-9ff6-486e886f304c/resourceGroups/sql-dm-cmdlet-test-rg30379/providers/Microsoft.Sql/servers/sql-dm-cmdlet-server30379/databases/sql-dm-cmdlet-db30379/dataMaskingPolicies/Default?api-version=2014-04-01",
      "EncodedRequestUri": "L3N1YnNjcmlwdGlvbnMvY2NhMjRlYzgtOTliNS00YWE3LTlmZjYtNDg2ZTg4NmYzMDRjL3Jlc291cmNlR3JvdXBzL3NxbC1kbS1jbWRsZXQtdGVzdC1yZzMwMzc5L3Byb3ZpZGVycy9NaWNyb3NvZnQuU3FsL3NlcnZlcnMvc3FsLWRtLWNtZGxldC1zZXJ2ZXIzMDM3OS9kYXRhYmFzZXMvc3FsLWRtLWNtZGxldC1kYjMwMzc5L2RhdGFNYXNraW5nUG9saWNpZXMvRGVmYXVsdD9hcGktdmVyc2lvbj0yMDE0LTA0LTAx",
      "RequestMethod": "GET",
      "RequestBody": "",
      "RequestHeaders": {
        "User-Agent": [
          "Microsoft.Azure.Management.Sql.SqlManagementClient/0.51.0.0"
        ],
        "x-ms-client-request-id": [
          "670ebd65-55a7-4848-99b9-506a5131edfb"
        ]
      },
      "ResponseBody": "{\r\n  \"id\": \"/subscriptions/cca24ec8-99b5-4aa7-9ff6-486e886f304c/resourceGroups/sql-dm-cmdlet-test-rg30379/providers/Microsoft.Sql/servers/sql-dm-cmdlet-server30379/databases/sql-dm-cmdlet-db30379/dataMaskingPolicies/Default\",\r\n  \"name\": \"Default\",\r\n  \"type\": \"Microsoft.Sql/servers/databases/dataMaskingPolicies\",\r\n  \"location\": \"West Central US\",\r\n  \"kind\": null,\r\n  \"properties\": {\r\n    \"dataMaskingState\": \"Disabled\",\r\n    \"applicationPrincipals\": \"\",\r\n    \"exemptPrincipals\": \"\",\r\n    \"maskingLevel\": \"\"\r\n  }\r\n}",
      "ResponseHeaders": {
        "Content-Length": [
          "451"
        ],
        "Content-Type": [
          "application/json; odata=minimalmetadata; streaming=true; charset=utf-8"
        ],
        "x-ms-request-id": [
          "afd103bc-face-4090-a403-2f7713917eae"
        ],
        "X-Content-Type-Options": [
          "nosniff"
        ],
        "DataServiceVersion": [
          "3.0;"
        ],
        "Strict-Transport-Security": [
          "max-age=31536000; includeSubDomains"
        ],
        "x-ms-ratelimit-remaining-subscription-reads": [
          "14828"
        ],
        "x-ms-correlation-request-id": [
          "aa23a8af-d4ec-4eee-a014-5aa958176f07"
        ],
        "x-ms-routing-request-id": [
          "WESTEUROPE:20161220T084008Z:aa23a8af-d4ec-4eee-a014-5aa958176f07"
        ],
        "Cache-Control": [
          "no-store, no-cache"
        ],
        "Date": [
          "Tue, 20 Dec 2016 08:40:08 GMT"
        ],
        "Server": [
          "Microsoft-HTTPAPI/2.0"
        ]
      },
      "StatusCode": 200
    },
    {
      "RequestUri": "/subscriptions/cca24ec8-99b5-4aa7-9ff6-486e886f304c/resourceGroups/sql-dm-cmdlet-test-rg30379/providers/Microsoft.Sql/servers/sql-dm-cmdlet-server30379/databases/sql-dm-cmdlet-db30379/dataMaskingPolicies/Default?api-version=2014-04-01",
      "EncodedRequestUri": "L3N1YnNjcmlwdGlvbnMvY2NhMjRlYzgtOTliNS00YWE3LTlmZjYtNDg2ZTg4NmYzMDRjL3Jlc291cmNlR3JvdXBzL3NxbC1kbS1jbWRsZXQtdGVzdC1yZzMwMzc5L3Byb3ZpZGVycy9NaWNyb3NvZnQuU3FsL3NlcnZlcnMvc3FsLWRtLWNtZGxldC1zZXJ2ZXIzMDM3OS9kYXRhYmFzZXMvc3FsLWRtLWNtZGxldC1kYjMwMzc5L2RhdGFNYXNraW5nUG9saWNpZXMvRGVmYXVsdD9hcGktdmVyc2lvbj0yMDE0LTA0LTAx",
      "RequestMethod": "GET",
      "RequestBody": "",
      "RequestHeaders": {
        "User-Agent": [
          "Microsoft.Azure.Management.Sql.SqlManagementClient/0.51.0.0"
        ],
        "x-ms-client-request-id": [
          "2f671b3e-7ba9-4dee-a4fc-186d120b688f"
        ]
      },
      "ResponseBody": "{\r\n  \"id\": \"/subscriptions/cca24ec8-99b5-4aa7-9ff6-486e886f304c/resourceGroups/sql-dm-cmdlet-test-rg30379/providers/Microsoft.Sql/servers/sql-dm-cmdlet-server30379/databases/sql-dm-cmdlet-db30379/dataMaskingPolicies/Default\",\r\n  \"name\": \"Default\",\r\n  \"type\": \"Microsoft.Sql/servers/databases/dataMaskingPolicies\",\r\n  \"location\": \"West Central US\",\r\n  \"kind\": null,\r\n  \"properties\": {\r\n    \"dataMaskingState\": \"Disabled\",\r\n    \"applicationPrincipals\": \"\",\r\n    \"exemptPrincipals\": \"\",\r\n    \"maskingLevel\": \"\"\r\n  }\r\n}",
      "ResponseHeaders": {
        "Content-Length": [
          "451"
        ],
        "Content-Type": [
          "application/json; odata=minimalmetadata; streaming=true; charset=utf-8"
        ],
        "x-ms-request-id": [
          "dfcb46af-affb-46ed-bda2-66640f264033"
        ],
        "X-Content-Type-Options": [
          "nosniff"
        ],
        "DataServiceVersion": [
          "3.0;"
        ],
        "Strict-Transport-Security": [
          "max-age=31536000; includeSubDomains"
        ],
        "x-ms-ratelimit-remaining-subscription-reads": [
          "14826"
        ],
        "x-ms-correlation-request-id": [
          "c9b94ff3-99e7-4bc4-a831-2b9fedbbad1d"
        ],
        "x-ms-routing-request-id": [
          "WESTEUROPE:20161220T084010Z:c9b94ff3-99e7-4bc4-a831-2b9fedbbad1d"
        ],
        "Cache-Control": [
          "no-store, no-cache"
        ],
        "Date": [
          "Tue, 20 Dec 2016 08:40:10 GMT"
        ],
        "Server": [
          "Microsoft-HTTPAPI/2.0"
        ]
      },
      "StatusCode": 200
    },
    {
      "RequestUri": "/subscriptions/cca24ec8-99b5-4aa7-9ff6-486e886f304c/resourceGroups/sql-dm-cmdlet-test-rg30379/providers/Microsoft.Sql/servers/sql-dm-cmdlet-server30379/databases/sql-dm-cmdlet-db30379/dataMaskingPolicies/Default?api-version=2014-04-01",
      "EncodedRequestUri": "L3N1YnNjcmlwdGlvbnMvY2NhMjRlYzgtOTliNS00YWE3LTlmZjYtNDg2ZTg4NmYzMDRjL3Jlc291cmNlR3JvdXBzL3NxbC1kbS1jbWRsZXQtdGVzdC1yZzMwMzc5L3Byb3ZpZGVycy9NaWNyb3NvZnQuU3FsL3NlcnZlcnMvc3FsLWRtLWNtZGxldC1zZXJ2ZXIzMDM3OS9kYXRhYmFzZXMvc3FsLWRtLWNtZGxldC1kYjMwMzc5L2RhdGFNYXNraW5nUG9saWNpZXMvRGVmYXVsdD9hcGktdmVyc2lvbj0yMDE0LTA0LTAx",
      "RequestMethod": "GET",
      "RequestBody": "",
      "RequestHeaders": {
        "User-Agent": [
          "Microsoft.Azure.Management.Sql.SqlManagementClient/0.51.0.0"
        ],
        "x-ms-client-request-id": [
          "ba25744f-1719-455f-99d1-4c3d9b52b86d"
        ]
      },
      "ResponseBody": "{\r\n  \"id\": \"/subscriptions/cca24ec8-99b5-4aa7-9ff6-486e886f304c/resourceGroups/sql-dm-cmdlet-test-rg30379/providers/Microsoft.Sql/servers/sql-dm-cmdlet-server30379/databases/sql-dm-cmdlet-db30379/dataMaskingPolicies/Default\",\r\n  \"name\": \"Default\",\r\n  \"type\": \"Microsoft.Sql/servers/databases/dataMaskingPolicies\",\r\n  \"location\": \"West Central US\",\r\n  \"kind\": null,\r\n  \"properties\": {\r\n    \"dataMaskingState\": \"Disabled\",\r\n    \"applicationPrincipals\": \"\",\r\n    \"exemptPrincipals\": \"\",\r\n    \"maskingLevel\": \"\"\r\n  }\r\n}",
      "ResponseHeaders": {
        "Content-Length": [
          "451"
        ],
        "Content-Type": [
          "application/json; odata=minimalmetadata; streaming=true; charset=utf-8"
        ],
        "x-ms-request-id": [
          "c4cfceae-4f33-44f5-95b8-16c537aff34f"
        ],
        "X-Content-Type-Options": [
          "nosniff"
        ],
        "DataServiceVersion": [
          "3.0;"
        ],
        "Strict-Transport-Security": [
          "max-age=31536000; includeSubDomains"
        ],
        "x-ms-ratelimit-remaining-subscription-reads": [
          "14822"
        ],
        "x-ms-correlation-request-id": [
          "b110b7d8-e9ee-4461-a89e-468173cbb3e2"
        ],
        "x-ms-routing-request-id": [
          "WESTEUROPE:20161220T084012Z:b110b7d8-e9ee-4461-a89e-468173cbb3e2"
        ],
        "Cache-Control": [
          "no-store, no-cache"
        ],
        "Date": [
          "Tue, 20 Dec 2016 08:40:12 GMT"
        ],
        "Server": [
          "Microsoft-HTTPAPI/2.0"
        ]
      },
      "StatusCode": 200
    },
    {
      "RequestUri": "/subscriptions/cca24ec8-99b5-4aa7-9ff6-486e886f304c/resourceGroups/sql-dm-cmdlet-test-rg30379/providers/Microsoft.Sql/servers/sql-dm-cmdlet-server30379/databases/sql-dm-cmdlet-db30379/dataMaskingPolicies/Default?api-version=2014-04-01",
      "EncodedRequestUri": "L3N1YnNjcmlwdGlvbnMvY2NhMjRlYzgtOTliNS00YWE3LTlmZjYtNDg2ZTg4NmYzMDRjL3Jlc291cmNlR3JvdXBzL3NxbC1kbS1jbWRsZXQtdGVzdC1yZzMwMzc5L3Byb3ZpZGVycy9NaWNyb3NvZnQuU3FsL3NlcnZlcnMvc3FsLWRtLWNtZGxldC1zZXJ2ZXIzMDM3OS9kYXRhYmFzZXMvc3FsLWRtLWNtZGxldC1kYjMwMzc5L2RhdGFNYXNraW5nUG9saWNpZXMvRGVmYXVsdD9hcGktdmVyc2lvbj0yMDE0LTA0LTAx",
      "RequestMethod": "PUT",
      "RequestBody": "{\r\n  \"properties\": {\r\n    \"dataMaskingState\": \"Enabled\",\r\n    \"exemptPrincipals\": \"public\"\r\n  }\r\n}",
      "RequestHeaders": {
        "Content-Type": [
          "application/json; charset=utf-8"
        ],
        "Content-Length": [
          "98"
        ],
        "User-Agent": [
          "Microsoft.Azure.Management.Sql.SqlManagementClient/0.51.0.0"
        ],
        "x-ms-client-request-id": [
          "fdb8ed8a-7853-46f9-b7bd-7dda3147b79e"
        ]
      },
      "ResponseBody": "{\r\n  \"id\": \"/subscriptions/cca24ec8-99b5-4aa7-9ff6-486e886f304c/resourceGroups/sql-dm-cmdlet-test-rg30379/providers/Microsoft.Sql/servers/sql-dm-cmdlet-server30379/databases/sql-dm-cmdlet-db30379/dataMaskingPolicies/Default\",\r\n  \"name\": \"Default\",\r\n  \"type\": \"Microsoft.Sql/servers/databases/dataMaskingPolicies\",\r\n  \"location\": null,\r\n  \"kind\": null,\r\n  \"properties\": {\r\n    \"dataMaskingState\": \"Enabled\",\r\n    \"applicationPrincipals\": null,\r\n    \"exemptPrincipals\": \"public\",\r\n    \"maskingLevel\": null\r\n  }\r\n}",
      "ResponseHeaders": {
        "Content-Length": [
          "447"
        ],
        "Content-Type": [
          "application/json; odata=minimalmetadata; streaming=true; charset=utf-8"
        ],
        "x-ms-request-id": [
          "2c06cfd1-dc37-487e-9cdb-d78a9af4090e"
        ],
        "X-Content-Type-Options": [
          "nosniff"
        ],
        "Preference-Applied": [
          "return-content"
        ],
        "DataServiceVersion": [
          "3.0;"
        ],
        "Strict-Transport-Security": [
          "max-age=31536000; includeSubDomains"
        ],
        "x-ms-ratelimit-remaining-subscription-writes": [
          "1196"
        ],
        "x-ms-correlation-request-id": [
          "a737ba71-78fe-4c69-b005-9618b1930841"
        ],
        "x-ms-routing-request-id": [
          "WESTEUROPE:20161220T083955Z:a737ba71-78fe-4c69-b005-9618b1930841"
        ],
        "Cache-Control": [
          "no-store, no-cache"
        ],
        "Date": [
          "Tue, 20 Dec 2016 08:39:54 GMT"
        ],
        "Server": [
          "Microsoft-HTTPAPI/2.0"
        ]
      },
      "StatusCode": 200
    },
    {
      "RequestUri": "/subscriptions/cca24ec8-99b5-4aa7-9ff6-486e886f304c/resourceGroups/sql-dm-cmdlet-test-rg30379/providers/Microsoft.Sql/servers/sql-dm-cmdlet-server30379/databases/sql-dm-cmdlet-db30379/dataMaskingPolicies/Default?api-version=2014-04-01",
      "EncodedRequestUri": "L3N1YnNjcmlwdGlvbnMvY2NhMjRlYzgtOTliNS00YWE3LTlmZjYtNDg2ZTg4NmYzMDRjL3Jlc291cmNlR3JvdXBzL3NxbC1kbS1jbWRsZXQtdGVzdC1yZzMwMzc5L3Byb3ZpZGVycy9NaWNyb3NvZnQuU3FsL3NlcnZlcnMvc3FsLWRtLWNtZGxldC1zZXJ2ZXIzMDM3OS9kYXRhYmFzZXMvc3FsLWRtLWNtZGxldC1kYjMwMzc5L2RhdGFNYXNraW5nUG9saWNpZXMvRGVmYXVsdD9hcGktdmVyc2lvbj0yMDE0LTA0LTAx",
      "RequestMethod": "PUT",
      "RequestBody": "{\r\n  \"properties\": {\r\n    \"dataMaskingState\": \"Enabled\",\r\n    \"exemptPrincipals\": \"\"\r\n  }\r\n}",
      "RequestHeaders": {
        "Content-Type": [
          "application/json; charset=utf-8"
        ],
        "Content-Length": [
          "92"
        ],
        "User-Agent": [
          "Microsoft.Azure.Management.Sql.SqlManagementClient/0.51.0.0"
        ],
        "x-ms-client-request-id": [
          "b18737e1-7fa4-43e5-aa6d-819233890eb2"
        ]
      },
      "ResponseBody": "{\r\n  \"id\": \"/subscriptions/cca24ec8-99b5-4aa7-9ff6-486e886f304c/resourceGroups/sql-dm-cmdlet-test-rg30379/providers/Microsoft.Sql/servers/sql-dm-cmdlet-server30379/databases/sql-dm-cmdlet-db30379/dataMaskingPolicies/Default\",\r\n  \"name\": \"Default\",\r\n  \"type\": \"Microsoft.Sql/servers/databases/dataMaskingPolicies\",\r\n  \"location\": null,\r\n  \"kind\": null,\r\n  \"properties\": {\r\n    \"dataMaskingState\": \"Enabled\",\r\n    \"applicationPrincipals\": null,\r\n    \"exemptPrincipals\": \"\",\r\n    \"maskingLevel\": null\r\n  }\r\n}",
      "ResponseHeaders": {
        "Content-Length": [
          "441"
        ],
        "Content-Type": [
          "application/json; odata=minimalmetadata; streaming=true; charset=utf-8"
        ],
        "x-ms-request-id": [
          "ef57a4bd-069e-4f70-bbed-3281aaa4032e"
        ],
        "X-Content-Type-Options": [
          "nosniff"
        ],
        "Preference-Applied": [
          "return-content"
        ],
        "DataServiceVersion": [
          "3.0;"
        ],
        "Strict-Transport-Security": [
          "max-age=31536000; includeSubDomains"
        ],
        "x-ms-ratelimit-remaining-subscription-writes": [
          "1195"
        ],
        "x-ms-correlation-request-id": [
          "3e4f4464-2c68-49a9-9307-d7e07abb9b61"
        ],
        "x-ms-routing-request-id": [
          "WESTEUROPE:20161220T083959Z:3e4f4464-2c68-49a9-9307-d7e07abb9b61"
        ],
        "Cache-Control": [
          "no-store, no-cache"
        ],
        "Date": [
          "Tue, 20 Dec 2016 08:39:58 GMT"
        ],
        "Server": [
          "Microsoft-HTTPAPI/2.0"
        ]
      },
      "StatusCode": 200
    },
    {
      "RequestUri": "/subscriptions/cca24ec8-99b5-4aa7-9ff6-486e886f304c/resourceGroups/sql-dm-cmdlet-test-rg30379/providers/Microsoft.Sql/servers/sql-dm-cmdlet-server30379/databases/sql-dm-cmdlet-db30379/dataMaskingPolicies/Default?api-version=2014-04-01",
      "EncodedRequestUri": "L3N1YnNjcmlwdGlvbnMvY2NhMjRlYzgtOTliNS00YWE3LTlmZjYtNDg2ZTg4NmYzMDRjL3Jlc291cmNlR3JvdXBzL3NxbC1kbS1jbWRsZXQtdGVzdC1yZzMwMzc5L3Byb3ZpZGVycy9NaWNyb3NvZnQuU3FsL3NlcnZlcnMvc3FsLWRtLWNtZGxldC1zZXJ2ZXIzMDM3OS9kYXRhYmFzZXMvc3FsLWRtLWNtZGxldC1kYjMwMzc5L2RhdGFNYXNraW5nUG9saWNpZXMvRGVmYXVsdD9hcGktdmVyc2lvbj0yMDE0LTA0LTAx",
      "RequestMethod": "PUT",
      "RequestBody": "{\r\n  \"properties\": {\r\n    \"dataMaskingState\": \"Disabled\",\r\n    \"exemptPrincipals\": \"\"\r\n  }\r\n}",
      "RequestHeaders": {
        "Content-Type": [
          "application/json; charset=utf-8"
        ],
        "Content-Length": [
          "93"
        ],
        "User-Agent": [
          "Microsoft.Azure.Management.Sql.SqlManagementClient/0.51.0.0"
        ],
        "x-ms-client-request-id": [
          "e4bc7875-16d7-4cfe-966c-d422b5905eb8"
        ]
      },
      "ResponseBody": "{\r\n  \"id\": \"/subscriptions/cca24ec8-99b5-4aa7-9ff6-486e886f304c/resourceGroups/sql-dm-cmdlet-test-rg30379/providers/Microsoft.Sql/servers/sql-dm-cmdlet-server30379/databases/sql-dm-cmdlet-db30379/dataMaskingPolicies/Default\",\r\n  \"name\": \"Default\",\r\n  \"type\": \"Microsoft.Sql/servers/databases/dataMaskingPolicies\",\r\n  \"location\": null,\r\n  \"kind\": null,\r\n  \"properties\": {\r\n    \"dataMaskingState\": \"Disabled\",\r\n    \"applicationPrincipals\": null,\r\n    \"exemptPrincipals\": \"\",\r\n    \"maskingLevel\": null\r\n  }\r\n}",
      "ResponseHeaders": {
        "Content-Length": [
          "442"
        ],
        "Content-Type": [
          "application/json; odata=minimalmetadata; streaming=true; charset=utf-8"
        ],
        "x-ms-request-id": [
          "e9474682-15ec-4ae3-8557-9b894f08b419"
        ],
        "X-Content-Type-Options": [
          "nosniff"
        ],
        "Preference-Applied": [
          "return-content"
        ],
        "DataServiceVersion": [
          "3.0;"
        ],
        "Strict-Transport-Security": [
          "max-age=31536000; includeSubDomains"
        ],
        "x-ms-ratelimit-remaining-subscription-writes": [
          "1194"
        ],
        "x-ms-correlation-request-id": [
          "a0503a15-1e8a-4ccf-ace7-1a47a90266e5"
        ],
        "x-ms-routing-request-id": [
          "WESTEUROPE:20161220T084003Z:a0503a15-1e8a-4ccf-ace7-1a47a90266e5"
        ],
        "Cache-Control": [
          "no-store, no-cache"
        ],
        "Date": [
          "Tue, 20 Dec 2016 08:40:02 GMT"
        ],
        "Server": [
          "Microsoft-HTTPAPI/2.0"
        ]
      },
      "StatusCode": 200
    },
    {
      "RequestUri": "/subscriptions/cca24ec8-99b5-4aa7-9ff6-486e886f304c/resourceGroups/sql-dm-cmdlet-test-rg30379/providers/Microsoft.Sql/servers/sql-dm-cmdlet-server30379/databases/sql-dm-cmdlet-db30379/dataMaskingPolicies/Default?api-version=2014-04-01",
      "EncodedRequestUri": "L3N1YnNjcmlwdGlvbnMvY2NhMjRlYzgtOTliNS00YWE3LTlmZjYtNDg2ZTg4NmYzMDRjL3Jlc291cmNlR3JvdXBzL3NxbC1kbS1jbWRsZXQtdGVzdC1yZzMwMzc5L3Byb3ZpZGVycy9NaWNyb3NvZnQuU3FsL3NlcnZlcnMvc3FsLWRtLWNtZGxldC1zZXJ2ZXIzMDM3OS9kYXRhYmFzZXMvc3FsLWRtLWNtZGxldC1kYjMwMzc5L2RhdGFNYXNraW5nUG9saWNpZXMvRGVmYXVsdD9hcGktdmVyc2lvbj0yMDE0LTA0LTAx",
      "RequestMethod": "PUT",
      "RequestBody": "{\r\n  \"properties\": {\r\n    \"dataMaskingState\": \"Disabled\",\r\n    \"exemptPrincipals\": \"public\"\r\n  }\r\n}",
      "RequestHeaders": {
        "Content-Type": [
          "application/json; charset=utf-8"
        ],
        "Content-Length": [
          "99"
        ],
        "User-Agent": [
          "Microsoft.Azure.Management.Sql.SqlManagementClient/0.51.0.0"
        ],
        "x-ms-client-request-id": [
          "5faf97a4-6649-41c3-bd3f-824f76450502"
        ]
      },
      "ResponseBody": "{\r\n  \"id\": \"/subscriptions/cca24ec8-99b5-4aa7-9ff6-486e886f304c/resourceGroups/sql-dm-cmdlet-test-rg30379/providers/Microsoft.Sql/servers/sql-dm-cmdlet-server30379/databases/sql-dm-cmdlet-db30379/dataMaskingPolicies/Default\",\r\n  \"name\": \"Default\",\r\n  \"type\": \"Microsoft.Sql/servers/databases/dataMaskingPolicies\",\r\n  \"location\": null,\r\n  \"kind\": null,\r\n  \"properties\": {\r\n    \"dataMaskingState\": \"Disabled\",\r\n    \"applicationPrincipals\": null,\r\n    \"exemptPrincipals\": \"public\",\r\n    \"maskingLevel\": null\r\n  }\r\n}",
      "ResponseHeaders": {
        "Content-Length": [
          "448"
        ],
        "Content-Type": [
          "application/json; odata=minimalmetadata; streaming=true; charset=utf-8"
        ],
        "x-ms-request-id": [
          "10c5a027-8c96-4210-a90d-c4c6c9551f9c"
        ],
        "X-Content-Type-Options": [
          "nosniff"
        ],
        "Preference-Applied": [
          "return-content"
        ],
        "DataServiceVersion": [
          "3.0;"
        ],
        "Strict-Transport-Security": [
          "max-age=31536000; includeSubDomains"
        ],
        "x-ms-ratelimit-remaining-subscription-writes": [
          "1193"
        ],
        "x-ms-correlation-request-id": [
          "666e00d2-ed7a-46d0-9baf-0130e68b41e7"
        ],
        "x-ms-routing-request-id": [
          "WESTEUROPE:20161220T084007Z:666e00d2-ed7a-46d0-9baf-0130e68b41e7"
        ],
        "Cache-Control": [
          "no-store, no-cache"
        ],
        "Date": [
          "Tue, 20 Dec 2016 08:40:07 GMT"
        ],
        "Server": [
          "Microsoft-HTTPAPI/2.0"
        ]
      },
      "StatusCode": 200
    },
    {
      "RequestUri": "/subscriptions/cca24ec8-99b5-4aa7-9ff6-486e886f304c/resourceGroups/sql-dm-cmdlet-test-rg30379/providers/Microsoft.Sql/servers/sql-dm-cmdlet-server30379/databases/sql-dm-cmdlet-db30379/dataMaskingPolicies/Default?api-version=2014-04-01",
      "EncodedRequestUri": "L3N1YnNjcmlwdGlvbnMvY2NhMjRlYzgtOTliNS00YWE3LTlmZjYtNDg2ZTg4NmYzMDRjL3Jlc291cmNlR3JvdXBzL3NxbC1kbS1jbWRsZXQtdGVzdC1yZzMwMzc5L3Byb3ZpZGVycy9NaWNyb3NvZnQuU3FsL3NlcnZlcnMvc3FsLWRtLWNtZGxldC1zZXJ2ZXIzMDM3OS9kYXRhYmFzZXMvc3FsLWRtLWNtZGxldC1kYjMwMzc5L2RhdGFNYXNraW5nUG9saWNpZXMvRGVmYXVsdD9hcGktdmVyc2lvbj0yMDE0LTA0LTAx",
      "RequestMethod": "PUT",
      "RequestBody": "{\r\n  \"properties\": {\r\n    \"dataMaskingState\": \"Disabled\",\r\n    \"exemptPrincipals\": \"\"\r\n  }\r\n}",
      "RequestHeaders": {
        "Content-Type": [
          "application/json; charset=utf-8"
        ],
        "Content-Length": [
          "93"
        ],
        "User-Agent": [
          "Microsoft.Azure.Management.Sql.SqlManagementClient/0.51.0.0"
        ],
        "x-ms-client-request-id": [
          "2f671b3e-7ba9-4dee-a4fc-186d120b688f"
        ]
      },
      "ResponseBody": "{\r\n  \"id\": \"/subscriptions/cca24ec8-99b5-4aa7-9ff6-486e886f304c/resourceGroups/sql-dm-cmdlet-test-rg30379/providers/Microsoft.Sql/servers/sql-dm-cmdlet-server30379/databases/sql-dm-cmdlet-db30379/dataMaskingPolicies/Default\",\r\n  \"name\": \"Default\",\r\n  \"type\": \"Microsoft.Sql/servers/databases/dataMaskingPolicies\",\r\n  \"location\": null,\r\n  \"kind\": null,\r\n  \"properties\": {\r\n    \"dataMaskingState\": \"Disabled\",\r\n    \"applicationPrincipals\": null,\r\n    \"exemptPrincipals\": \"\",\r\n    \"maskingLevel\": null\r\n  }\r\n}",
      "ResponseHeaders": {
        "Content-Length": [
          "442"
        ],
        "Content-Type": [
          "application/json; odata=minimalmetadata; streaming=true; charset=utf-8"
        ],
        "x-ms-request-id": [
          "ef1c74cf-2a5d-413d-9feb-209d2efcdf03"
        ],
        "X-Content-Type-Options": [
          "nosniff"
        ],
        "Preference-Applied": [
          "return-content"
        ],
        "DataServiceVersion": [
          "3.0;"
        ],
        "Strict-Transport-Security": [
          "max-age=31536000; includeSubDomains"
        ],
        "x-ms-ratelimit-remaining-subscription-writes": [
          "1192"
        ],
        "x-ms-correlation-request-id": [
          "02f4ceaa-cc54-48bc-bb8b-b5789b6c3308"
        ],
        "x-ms-routing-request-id": [
          "WESTEUROPE:20161220T084011Z:02f4ceaa-cc54-48bc-bb8b-b5789b6c3308"
        ],
        "Cache-Control": [
          "no-store, no-cache"
        ],
        "Date": [
          "Tue, 20 Dec 2016 08:40:11 GMT"
        ],
        "Server": [
          "Microsoft-HTTPAPI/2.0"
        ]
      },
      "StatusCode": 200
    },
    {
      "RequestUri": "/subscriptions/cca24ec8-99b5-4aa7-9ff6-486e886f304c/resourcegroups/sql-dm-cmdlet-test-rg30379?api-version=2016-02-01",
      "EncodedRequestUri": "L3N1YnNjcmlwdGlvbnMvY2NhMjRlYzgtOTliNS00YWE3LTlmZjYtNDg2ZTg4NmYzMDRjL3Jlc291cmNlZ3JvdXBzL3NxbC1kbS1jbWRsZXQtdGVzdC1yZzMwMzc5P2FwaS12ZXJzaW9uPTIwMTYtMDItMDE=",
      "RequestMethod": "DELETE",
      "RequestBody": "",
      "RequestHeaders": {
        "User-Agent": [
          "Microsoft.Azure.Management.Resources.ResourceManagementClient/2.0.0.0"
        ]
      },
      "ResponseBody": "",
      "ResponseHeaders": {
        "Content-Length": [
          "0"
        ],
        "Expires": [
          "-1"
        ],
        "Pragma": [
          "no-cache"
        ],
        "Retry-After": [
          "15"
        ],
        "x-ms-ratelimit-remaining-subscription-writes": [
          "1195"
        ],
        "x-ms-request-id": [
          "12fd7917-f336-4335-b649-71661d85d56e"
        ],
        "x-ms-correlation-request-id": [
          "12fd7917-f336-4335-b649-71661d85d56e"
        ],
        "x-ms-routing-request-id": [
          "WESTEUROPE:20161220T084017Z:12fd7917-f336-4335-b649-71661d85d56e"
        ],
        "Strict-Transport-Security": [
          "max-age=31536000; includeSubDomains"
        ],
        "Cache-Control": [
          "no-cache"
        ],
        "Date": [
          "Tue, 20 Dec 2016 08:40:16 GMT"
        ],
        "Location": [
          "https://management.azure.com/subscriptions/cca24ec8-99b5-4aa7-9ff6-486e886f304c/operationresults/eyJqb2JJZCI6IlJFU09VUkNFR1JPVVBERUxFVElPTkpPQi1TUUw6MkRETToyRENNRExFVDoyRFRFU1Q6MkRSRzMwMzc5LVdFU1RDRU5UUkFMVVMiLCJqb2JMb2NhdGlvbiI6Indlc3RjZW50cmFsdXMifQ?api-version=2016-02-01"
        ]
      },
      "StatusCode": 202
    },
    {
      "RequestUri": "/subscriptions/cca24ec8-99b5-4aa7-9ff6-486e886f304c/operationresults/eyJqb2JJZCI6IlJFU09VUkNFR1JPVVBERUxFVElPTkpPQi1TUUw6MkRETToyRENNRExFVDoyRFRFU1Q6MkRSRzMwMzc5LVdFU1RDRU5UUkFMVVMiLCJqb2JMb2NhdGlvbiI6Indlc3RjZW50cmFsdXMifQ?api-version=2016-02-01",
      "EncodedRequestUri": "L3N1YnNjcmlwdGlvbnMvY2NhMjRlYzgtOTliNS00YWE3LTlmZjYtNDg2ZTg4NmYzMDRjL29wZXJhdGlvbnJlc3VsdHMvZXlKcWIySkpaQ0k2SWxKRlUwOVZVa05GUjFKUFZWQkVSVXhGVkVsUFRrcFBRaTFUVVV3Nk1rUkVUVG95UkVOTlJFeEZWRG95UkZSRlUxUTZNa1JTUnpNd016YzVMVmRGVTFSRFJVNVVVa0ZNVlZNaUxDSnFiMkpNYjJOaGRHbHZiaUk2SW5kbGMzUmpaVzUwY21Gc2RYTWlmUT9hcGktdmVyc2lvbj0yMDE2LTAyLTAx",
      "RequestMethod": "GET",
      "RequestBody": "",
      "RequestHeaders": {
        "x-ms-version": [
          "2016-02-01"
        ],
        "User-Agent": [
          "Microsoft.Azure.Management.Resources.ResourceManagementClient/2.0.0.0"
        ]
      },
      "ResponseBody": "",
      "ResponseHeaders": {
        "Content-Length": [
          "0"
        ],
        "Expires": [
          "-1"
        ],
        "Pragma": [
          "no-cache"
        ],
        "Retry-After": [
          "15"
        ],
        "x-ms-ratelimit-remaining-subscription-reads": [
          "14611"
        ],
        "x-ms-request-id": [
          "24199b0b-25f7-49fd-96ab-d360ff83a5c4"
        ],
        "x-ms-correlation-request-id": [
          "24199b0b-25f7-49fd-96ab-d360ff83a5c4"
        ],
        "x-ms-routing-request-id": [
          "WESTEUROPE:20161220T084017Z:24199b0b-25f7-49fd-96ab-d360ff83a5c4"
        ],
        "Strict-Transport-Security": [
          "max-age=31536000; includeSubDomains"
        ],
        "Cache-Control": [
          "no-cache"
        ],
        "Date": [
          "Tue, 20 Dec 2016 08:40:17 GMT"
        ],
        "Location": [
          "https://management.azure.com/subscriptions/cca24ec8-99b5-4aa7-9ff6-486e886f304c/operationresults/eyJqb2JJZCI6IlJFU09VUkNFR1JPVVBERUxFVElPTkpPQi1TUUw6MkRETToyRENNRExFVDoyRFRFU1Q6MkRSRzMwMzc5LVdFU1RDRU5UUkFMVVMiLCJqb2JMb2NhdGlvbiI6Indlc3RjZW50cmFsdXMifQ?api-version=2016-02-01"
        ]
      },
      "StatusCode": 202
    },
    {
      "RequestUri": "/subscriptions/cca24ec8-99b5-4aa7-9ff6-486e886f304c/operationresults/eyJqb2JJZCI6IlJFU09VUkNFR1JPVVBERUxFVElPTkpPQi1TUUw6MkRETToyRENNRExFVDoyRFRFU1Q6MkRSRzMwMzc5LVdFU1RDRU5UUkFMVVMiLCJqb2JMb2NhdGlvbiI6Indlc3RjZW50cmFsdXMifQ?api-version=2016-02-01",
      "EncodedRequestUri": "L3N1YnNjcmlwdGlvbnMvY2NhMjRlYzgtOTliNS00YWE3LTlmZjYtNDg2ZTg4NmYzMDRjL29wZXJhdGlvbnJlc3VsdHMvZXlKcWIySkpaQ0k2SWxKRlUwOVZVa05GUjFKUFZWQkVSVXhGVkVsUFRrcFBRaTFUVVV3Nk1rUkVUVG95UkVOTlJFeEZWRG95UkZSRlUxUTZNa1JTUnpNd016YzVMVmRGVTFSRFJVNVVVa0ZNVlZNaUxDSnFiMkpNYjJOaGRHbHZiaUk2SW5kbGMzUmpaVzUwY21Gc2RYTWlmUT9hcGktdmVyc2lvbj0yMDE2LTAyLTAx",
      "RequestMethod": "GET",
      "RequestBody": "",
      "RequestHeaders": {
        "x-ms-version": [
          "2016-02-01"
        ],
        "User-Agent": [
          "Microsoft.Azure.Management.Resources.ResourceManagementClient/2.0.0.0"
        ]
      },
      "ResponseBody": "",
      "ResponseHeaders": {
        "Content-Length": [
          "0"
        ],
        "Expires": [
          "-1"
        ],
        "Pragma": [
          "no-cache"
        ],
        "Retry-After": [
          "15"
        ],
        "x-ms-ratelimit-remaining-subscription-reads": [
          "14609"
        ],
        "x-ms-request-id": [
          "9ea21bfa-a8e2-4140-bb49-05d62b351d12"
        ],
        "x-ms-correlation-request-id": [
          "9ea21bfa-a8e2-4140-bb49-05d62b351d12"
        ],
        "x-ms-routing-request-id": [
          "WESTEUROPE:20161220T084033Z:9ea21bfa-a8e2-4140-bb49-05d62b351d12"
        ],
        "Strict-Transport-Security": [
          "max-age=31536000; includeSubDomains"
        ],
        "Cache-Control": [
          "no-cache"
        ],
        "Date": [
          "Tue, 20 Dec 2016 08:40:32 GMT"
        ],
        "Location": [
          "https://management.azure.com/subscriptions/cca24ec8-99b5-4aa7-9ff6-486e886f304c/operationresults/eyJqb2JJZCI6IlJFU09VUkNFR1JPVVBERUxFVElPTkpPQi1TUUw6MkRETToyRENNRExFVDoyRFRFU1Q6MkRSRzMwMzc5LVdFU1RDRU5UUkFMVVMiLCJqb2JMb2NhdGlvbiI6Indlc3RjZW50cmFsdXMifQ?api-version=2016-02-01"
        ]
      },
      "StatusCode": 202
    },
    {
      "RequestUri": "/subscriptions/cca24ec8-99b5-4aa7-9ff6-486e886f304c/operationresults/eyJqb2JJZCI6IlJFU09VUkNFR1JPVVBERUxFVElPTkpPQi1TUUw6MkRETToyRENNRExFVDoyRFRFU1Q6MkRSRzMwMzc5LVdFU1RDRU5UUkFMVVMiLCJqb2JMb2NhdGlvbiI6Indlc3RjZW50cmFsdXMifQ?api-version=2016-02-01",
      "EncodedRequestUri": "L3N1YnNjcmlwdGlvbnMvY2NhMjRlYzgtOTliNS00YWE3LTlmZjYtNDg2ZTg4NmYzMDRjL29wZXJhdGlvbnJlc3VsdHMvZXlKcWIySkpaQ0k2SWxKRlUwOVZVa05GUjFKUFZWQkVSVXhGVkVsUFRrcFBRaTFUVVV3Nk1rUkVUVG95UkVOTlJFeEZWRG95UkZSRlUxUTZNa1JTUnpNd016YzVMVmRGVTFSRFJVNVVVa0ZNVlZNaUxDSnFiMkpNYjJOaGRHbHZiaUk2SW5kbGMzUmpaVzUwY21Gc2RYTWlmUT9hcGktdmVyc2lvbj0yMDE2LTAyLTAx",
      "RequestMethod": "GET",
      "RequestBody": "",
      "RequestHeaders": {
        "x-ms-version": [
          "2016-02-01"
        ],
        "User-Agent": [
          "Microsoft.Azure.Management.Resources.ResourceManagementClient/2.0.0.0"
        ]
      },
      "ResponseBody": "",
      "ResponseHeaders": {
        "Content-Length": [
          "0"
        ],
        "Expires": [
          "-1"
        ],
        "Pragma": [
          "no-cache"
        ],
        "Retry-After": [
          "15"
        ],
        "x-ms-ratelimit-remaining-subscription-reads": [
          "14606"
        ],
        "x-ms-request-id": [
          "f1838c19-bf73-4e57-97ee-0997cedf0cf9"
        ],
        "x-ms-correlation-request-id": [
          "f1838c19-bf73-4e57-97ee-0997cedf0cf9"
        ],
        "x-ms-routing-request-id": [
          "WESTEUROPE:20161220T084048Z:f1838c19-bf73-4e57-97ee-0997cedf0cf9"
        ],
        "Strict-Transport-Security": [
          "max-age=31536000; includeSubDomains"
        ],
        "Cache-Control": [
          "no-cache"
        ],
        "Date": [
          "Tue, 20 Dec 2016 08:40:47 GMT"
        ],
        "Location": [
          "https://management.azure.com/subscriptions/cca24ec8-99b5-4aa7-9ff6-486e886f304c/operationresults/eyJqb2JJZCI6IlJFU09VUkNFR1JPVVBERUxFVElPTkpPQi1TUUw6MkRETToyRENNRExFVDoyRFRFU1Q6MkRSRzMwMzc5LVdFU1RDRU5UUkFMVVMiLCJqb2JMb2NhdGlvbiI6Indlc3RjZW50cmFsdXMifQ?api-version=2016-02-01"
        ]
      },
      "StatusCode": 202
    },
    {
      "RequestUri": "/subscriptions/cca24ec8-99b5-4aa7-9ff6-486e886f304c/operationresults/eyJqb2JJZCI6IlJFU09VUkNFR1JPVVBERUxFVElPTkpPQi1TUUw6MkRETToyRENNRExFVDoyRFRFU1Q6MkRSRzMwMzc5LVdFU1RDRU5UUkFMVVMiLCJqb2JMb2NhdGlvbiI6Indlc3RjZW50cmFsdXMifQ?api-version=2016-02-01",
      "EncodedRequestUri": "L3N1YnNjcmlwdGlvbnMvY2NhMjRlYzgtOTliNS00YWE3LTlmZjYtNDg2ZTg4NmYzMDRjL29wZXJhdGlvbnJlc3VsdHMvZXlKcWIySkpaQ0k2SWxKRlUwOVZVa05GUjFKUFZWQkVSVXhGVkVsUFRrcFBRaTFUVVV3Nk1rUkVUVG95UkVOTlJFeEZWRG95UkZSRlUxUTZNa1JTUnpNd016YzVMVmRGVTFSRFJVNVVVa0ZNVlZNaUxDSnFiMkpNYjJOaGRHbHZiaUk2SW5kbGMzUmpaVzUwY21Gc2RYTWlmUT9hcGktdmVyc2lvbj0yMDE2LTAyLTAx",
      "RequestMethod": "GET",
      "RequestBody": "",
      "RequestHeaders": {
        "x-ms-version": [
          "2016-02-01"
        ],
        "User-Agent": [
          "Microsoft.Azure.Management.Resources.ResourceManagementClient/2.0.0.0"
        ]
      },
      "ResponseBody": "",
      "ResponseHeaders": {
        "Content-Length": [
          "0"
        ],
        "Expires": [
          "-1"
        ],
        "Pragma": [
          "no-cache"
        ],
        "Retry-After": [
          "15"
        ],
        "x-ms-ratelimit-remaining-subscription-reads": [
          "14605"
        ],
        "x-ms-request-id": [
          "a4e76afb-5884-40aa-915a-082758f7fb2b"
        ],
        "x-ms-correlation-request-id": [
          "a4e76afb-5884-40aa-915a-082758f7fb2b"
        ],
        "x-ms-routing-request-id": [
          "WESTEUROPE:20161220T084103Z:a4e76afb-5884-40aa-915a-082758f7fb2b"
        ],
        "Strict-Transport-Security": [
          "max-age=31536000; includeSubDomains"
        ],
        "Cache-Control": [
          "no-cache"
        ],
        "Date": [
          "Tue, 20 Dec 2016 08:41:03 GMT"
        ],
        "Location": [
          "https://management.azure.com/subscriptions/cca24ec8-99b5-4aa7-9ff6-486e886f304c/operationresults/eyJqb2JJZCI6IlJFU09VUkNFR1JPVVBERUxFVElPTkpPQi1TUUw6MkRETToyRENNRExFVDoyRFRFU1Q6MkRSRzMwMzc5LVdFU1RDRU5UUkFMVVMiLCJqb2JMb2NhdGlvbiI6Indlc3RjZW50cmFsdXMifQ?api-version=2016-02-01"
        ]
      },
      "StatusCode": 202
    },
    {
      "RequestUri": "/subscriptions/cca24ec8-99b5-4aa7-9ff6-486e886f304c/operationresults/eyJqb2JJZCI6IlJFU09VUkNFR1JPVVBERUxFVElPTkpPQi1TUUw6MkRETToyRENNRExFVDoyRFRFU1Q6MkRSRzMwMzc5LVdFU1RDRU5UUkFMVVMiLCJqb2JMb2NhdGlvbiI6Indlc3RjZW50cmFsdXMifQ?api-version=2016-02-01",
      "EncodedRequestUri": "L3N1YnNjcmlwdGlvbnMvY2NhMjRlYzgtOTliNS00YWE3LTlmZjYtNDg2ZTg4NmYzMDRjL29wZXJhdGlvbnJlc3VsdHMvZXlKcWIySkpaQ0k2SWxKRlUwOVZVa05GUjFKUFZWQkVSVXhGVkVsUFRrcFBRaTFUVVV3Nk1rUkVUVG95UkVOTlJFeEZWRG95UkZSRlUxUTZNa1JTUnpNd016YzVMVmRGVTFSRFJVNVVVa0ZNVlZNaUxDSnFiMkpNYjJOaGRHbHZiaUk2SW5kbGMzUmpaVzUwY21Gc2RYTWlmUT9hcGktdmVyc2lvbj0yMDE2LTAyLTAx",
      "RequestMethod": "GET",
      "RequestBody": "",
      "RequestHeaders": {
        "x-ms-version": [
          "2016-02-01"
        ],
        "User-Agent": [
          "Microsoft.Azure.Management.Resources.ResourceManagementClient/2.0.0.0"
        ]
      },
      "ResponseBody": "",
      "ResponseHeaders": {
        "Content-Length": [
          "0"
        ],
        "Expires": [
          "-1"
        ],
        "Pragma": [
          "no-cache"
        ],
        "Retry-After": [
          "15"
        ],
        "x-ms-ratelimit-remaining-subscription-reads": [
          "14601"
        ],
        "x-ms-request-id": [
          "e668a2a8-e1ec-49d1-8a60-bc0bcb80de0f"
        ],
        "x-ms-correlation-request-id": [
          "e668a2a8-e1ec-49d1-8a60-bc0bcb80de0f"
        ],
        "x-ms-routing-request-id": [
          "WESTEUROPE:20161220T084119Z:e668a2a8-e1ec-49d1-8a60-bc0bcb80de0f"
        ],
        "Strict-Transport-Security": [
          "max-age=31536000; includeSubDomains"
        ],
        "Cache-Control": [
          "no-cache"
        ],
        "Date": [
          "Tue, 20 Dec 2016 08:41:18 GMT"
        ],
        "Location": [
          "https://management.azure.com/subscriptions/cca24ec8-99b5-4aa7-9ff6-486e886f304c/operationresults/eyJqb2JJZCI6IlJFU09VUkNFR1JPVVBERUxFVElPTkpPQi1TUUw6MkRETToyRENNRExFVDoyRFRFU1Q6MkRSRzMwMzc5LVdFU1RDRU5UUkFMVVMiLCJqb2JMb2NhdGlvbiI6Indlc3RjZW50cmFsdXMifQ?api-version=2016-02-01"
        ]
      },
      "StatusCode": 202
    },
    {
      "RequestUri": "/subscriptions/cca24ec8-99b5-4aa7-9ff6-486e886f304c/operationresults/eyJqb2JJZCI6IlJFU09VUkNFR1JPVVBERUxFVElPTkpPQi1TUUw6MkRETToyRENNRExFVDoyRFRFU1Q6MkRSRzMwMzc5LVdFU1RDRU5UUkFMVVMiLCJqb2JMb2NhdGlvbiI6Indlc3RjZW50cmFsdXMifQ?api-version=2016-02-01",
      "EncodedRequestUri": "L3N1YnNjcmlwdGlvbnMvY2NhMjRlYzgtOTliNS00YWE3LTlmZjYtNDg2ZTg4NmYzMDRjL29wZXJhdGlvbnJlc3VsdHMvZXlKcWIySkpaQ0k2SWxKRlUwOVZVa05GUjFKUFZWQkVSVXhGVkVsUFRrcFBRaTFUVVV3Nk1rUkVUVG95UkVOTlJFeEZWRG95UkZSRlUxUTZNa1JTUnpNd016YzVMVmRGVTFSRFJVNVVVa0ZNVlZNaUxDSnFiMkpNYjJOaGRHbHZiaUk2SW5kbGMzUmpaVzUwY21Gc2RYTWlmUT9hcGktdmVyc2lvbj0yMDE2LTAyLTAx",
      "RequestMethod": "GET",
      "RequestBody": "",
      "RequestHeaders": {
        "x-ms-version": [
          "2016-02-01"
        ],
        "User-Agent": [
          "Microsoft.Azure.Management.Resources.ResourceManagementClient/2.0.0.0"
        ]
      },
      "ResponseBody": "",
      "ResponseHeaders": {
        "Content-Length": [
          "0"
        ],
        "Expires": [
          "-1"
        ],
        "Pragma": [
          "no-cache"
        ],
        "Retry-After": [
          "15"
        ],
        "x-ms-ratelimit-remaining-subscription-reads": [
          "14597"
        ],
        "x-ms-request-id": [
          "4b3c2918-03e6-4ab0-b3ca-6b420cf841c7"
        ],
        "x-ms-correlation-request-id": [
          "4b3c2918-03e6-4ab0-b3ca-6b420cf841c7"
        ],
        "x-ms-routing-request-id": [
          "WESTEUROPE:20161220T084134Z:4b3c2918-03e6-4ab0-b3ca-6b420cf841c7"
        ],
        "Strict-Transport-Security": [
          "max-age=31536000; includeSubDomains"
        ],
        "Cache-Control": [
          "no-cache"
        ],
        "Date": [
          "Tue, 20 Dec 2016 08:41:33 GMT"
        ],
        "Location": [
          "https://management.azure.com/subscriptions/cca24ec8-99b5-4aa7-9ff6-486e886f304c/operationresults/eyJqb2JJZCI6IlJFU09VUkNFR1JPVVBERUxFVElPTkpPQi1TUUw6MkRETToyRENNRExFVDoyRFRFU1Q6MkRSRzMwMzc5LVdFU1RDRU5UUkFMVVMiLCJqb2JMb2NhdGlvbiI6Indlc3RjZW50cmFsdXMifQ?api-version=2016-02-01"
        ]
      },
      "StatusCode": 202
    },
    {
      "RequestUri": "/subscriptions/cca24ec8-99b5-4aa7-9ff6-486e886f304c/operationresults/eyJqb2JJZCI6IlJFU09VUkNFR1JPVVBERUxFVElPTkpPQi1TUUw6MkRETToyRENNRExFVDoyRFRFU1Q6MkRSRzMwMzc5LVdFU1RDRU5UUkFMVVMiLCJqb2JMb2NhdGlvbiI6Indlc3RjZW50cmFsdXMifQ?api-version=2016-02-01",
      "EncodedRequestUri": "L3N1YnNjcmlwdGlvbnMvY2NhMjRlYzgtOTliNS00YWE3LTlmZjYtNDg2ZTg4NmYzMDRjL29wZXJhdGlvbnJlc3VsdHMvZXlKcWIySkpaQ0k2SWxKRlUwOVZVa05GUjFKUFZWQkVSVXhGVkVsUFRrcFBRaTFUVVV3Nk1rUkVUVG95UkVOTlJFeEZWRG95UkZSRlUxUTZNa1JTUnpNd016YzVMVmRGVTFSRFJVNVVVa0ZNVlZNaUxDSnFiMkpNYjJOaGRHbHZiaUk2SW5kbGMzUmpaVzUwY21Gc2RYTWlmUT9hcGktdmVyc2lvbj0yMDE2LTAyLTAx",
      "RequestMethod": "GET",
      "RequestBody": "",
      "RequestHeaders": {
        "x-ms-version": [
          "2016-02-01"
        ],
        "User-Agent": [
          "Microsoft.Azure.Management.Resources.ResourceManagementClient/2.0.0.0"
        ]
      },
      "ResponseBody": "",
      "ResponseHeaders": {
        "Content-Length": [
          "0"
        ],
        "Expires": [
          "-1"
        ],
        "Pragma": [
          "no-cache"
        ],
        "x-ms-ratelimit-remaining-subscription-reads": [
          "14595"
        ],
        "x-ms-request-id": [
          "d48a6df8-20f2-4123-83d0-dadb3a572b67"
        ],
        "x-ms-correlation-request-id": [
          "d48a6df8-20f2-4123-83d0-dadb3a572b67"
        ],
        "x-ms-routing-request-id": [
          "WESTEUROPE:20161220T084149Z:d48a6df8-20f2-4123-83d0-dadb3a572b67"
        ],
        "Strict-Transport-Security": [
          "max-age=31536000; includeSubDomains"
        ],
        "Cache-Control": [
          "no-cache"
        ],
        "Date": [
          "Tue, 20 Dec 2016 08:41:49 GMT"
        ]
      },
      "StatusCode": 200
    }
  ],
  "Names": {},
  "Variables": {
    "SubscriptionId": "cca24ec8-99b5-4aa7-9ff6-486e886f304c",
    "User": "yaiyun@microsoft.com",
    "TenantId": "72f988bf-86f1-41af-91ab-2d7cd011db47"
  }
}