{
  "Entries": [
    {
      "RequestUri": "/subscriptions/df7c055c-6310-4374-9852-10ef71ce5f85/resourcegroups/ps3535?api-version=2016-02-01",
      "EncodedRequestUri": "L3N1YnNjcmlwdGlvbnMvZGY3YzA1NWMtNjMxMC00Mzc0LTk4NTItMTBlZjcxY2U1Zjg1L3Jlc291cmNlZ3JvdXBzL3BzMzUzNT9hcGktdmVyc2lvbj0yMDE2LTAyLTAx",
      "RequestMethod": "PUT",
      "RequestBody": "{\r\n  \"location\": \"westcentralus\"\r\n}",
      "RequestHeaders": {
        "Content-Type": [
          "application/json; charset=utf-8"
        ],
        "Content-Length": [
          "35"
        ],
        "User-Agent": [
          "Microsoft.Azure.Management.Resources.ResourceManagementClient/2.0.0.0"
        ]
      },
      "ResponseBody": "{\r\n  \"id\": \"/subscriptions/df7c055c-6310-4374-9852-10ef71ce5f85/resourceGroups/ps3535\",\r\n  \"name\": \"ps3535\",\r\n  \"location\": \"westcentralus\",\r\n  \"properties\": {\r\n    \"provisioningState\": \"Succeeded\"\r\n  }\r\n}",
      "ResponseHeaders": {
        "Content-Length": [
          "172"
        ],
        "Content-Type": [
          "application/json; charset=utf-8"
        ],
        "Expires": [
          "-1"
        ],
        "Pragma": [
          "no-cache"
        ],
        "x-ms-ratelimit-remaining-subscription-writes": [
          "1199"
        ],
        "x-ms-request-id": [
          "d934df86-8271-4446-a3b4-b85eea7ee277"
        ],
        "x-ms-correlation-request-id": [
          "d934df86-8271-4446-a3b4-b85eea7ee277"
        ],
        "x-ms-routing-request-id": [
          "WESTUS2:20180505T002431Z:d934df86-8271-4446-a3b4-b85eea7ee277"
        ],
        "Strict-Transport-Security": [
          "max-age=31536000; includeSubDomains"
        ],
        "X-Content-Type-Options": [
          "nosniff"
        ],
        "Cache-Control": [
          "no-cache"
        ],
        "Date": [
          "Sat, 05 May 2018 00:24:30 GMT"
        ]
      },
      "StatusCode": 201
    },
    {
      "RequestUri": "/subscriptions/df7c055c-6310-4374-9852-10ef71ce5f85/resourceGroups/ps3535/providers/Microsoft.Sql/servers/ps9154?api-version=2015-05-01-preview",
      "EncodedRequestUri": "L3N1YnNjcmlwdGlvbnMvZGY3YzA1NWMtNjMxMC00Mzc0LTk4NTItMTBlZjcxY2U1Zjg1L3Jlc291cmNlR3JvdXBzL3BzMzUzNS9wcm92aWRlcnMvTWljcm9zb2Z0LlNxbC9zZXJ2ZXJzL3BzOTE1ND9hcGktdmVyc2lvbj0yMDE1LTA1LTAxLXByZXZpZXc=",
      "RequestMethod": "GET",
      "RequestBody": "",
      "RequestHeaders": {
        "x-ms-client-request-id": [
          "482ff50e-13f2-420b-88f2-73e5bd27bee0"
        ],
        "accept-language": [
          "en-US"
        ],
        "User-Agent": [
          "FxVersion/4.7.2633.0",
          "OSName/Windows10Enterprise",
          "OSVersion/6.3.16299",
          "Microsoft.Azure.Management.Sql.SqlManagementClient/1.15.0.0"
        ]
      },
      "ResponseBody": "{\r\n  \"error\": {\r\n    \"code\": \"ResourceNotFound\",\r\n    \"message\": \"The Resource 'Microsoft.Sql/servers/ps9154' under resource group 'ps3535' was not found.\"\r\n  }\r\n}",
      "ResponseHeaders": {
        "Content-Length": [
          "138"
        ],
        "Content-Type": [
          "application/json; charset=utf-8"
        ],
        "Expires": [
          "-1"
        ],
        "Pragma": [
          "no-cache"
        ],
        "x-ms-failure-cause": [
          "gateway"
        ],
        "x-ms-request-id": [
          "d4e6f2c3-c771-42a4-95ef-a443290f0e66"
        ],
        "x-ms-correlation-request-id": [
          "d4e6f2c3-c771-42a4-95ef-a443290f0e66"
        ],
        "x-ms-routing-request-id": [
          "WESTUS2:20180505T002431Z:d4e6f2c3-c771-42a4-95ef-a443290f0e66"
        ],
        "Strict-Transport-Security": [
          "max-age=31536000; includeSubDomains"
        ],
        "X-Content-Type-Options": [
          "nosniff"
        ],
        "Cache-Control": [
          "no-cache"
        ],
        "Date": [
          "Sat, 05 May 2018 00:24:31 GMT"
        ]
      },
      "StatusCode": 404
    },
    {
      "RequestUri": "/subscriptions/df7c055c-6310-4374-9852-10ef71ce5f85/resourceGroups/ps3535/providers/Microsoft.Sql/servers/ps9154?api-version=2015-05-01-preview",
      "EncodedRequestUri": "L3N1YnNjcmlwdGlvbnMvZGY3YzA1NWMtNjMxMC00Mzc0LTk4NTItMTBlZjcxY2U1Zjg1L3Jlc291cmNlR3JvdXBzL3BzMzUzNS9wcm92aWRlcnMvTWljcm9zb2Z0LlNxbC9zZXJ2ZXJzL3BzOTE1ND9hcGktdmVyc2lvbj0yMDE1LTA1LTAxLXByZXZpZXc=",
      "RequestMethod": "GET",
      "RequestBody": "",
      "RequestHeaders": {
        "User-Agent": [
          "FxVersion/4.7.2633.0",
          "OSName/Windows10Enterprise",
          "OSVersion/6.3.16299",
          "Microsoft.Azure.Management.Sql.SqlManagementClient/1.15.0.0"
        ]
      },
      "ResponseBody": "{\r\n  \"kind\": \"v12.0\",\r\n  \"properties\": {\r\n    \"administratorLogin\": \"testusername\",\r\n    \"version\": \"12.0\",\r\n    \"state\": \"Ready\",\r\n    \"fullyQualifiedDomainName\": \"ps9154.database.windows.net\"\r\n  },\r\n  \"location\": \"southeastasia\",\r\n  \"id\": \"/subscriptions/df7c055c-6310-4374-9852-10ef71ce5f85/resourceGroups/ps3535/providers/Microsoft.Sql/servers/ps9154\",\r\n  \"name\": \"ps9154\",\r\n  \"type\": \"Microsoft.Sql/servers\"\r\n}",
      "ResponseHeaders": {
        "Content-Length": [
          "351"
        ],
        "Content-Type": [
          "application/json; charset=utf-8"
        ],
        "Expires": [
          "-1"
        ],
        "Pragma": [
          "no-cache"
        ],
        "x-ms-request-id": [
          "2cf8c6c3-1166-44e4-9302-267838aa169d"
        ],
        "x-ms-ratelimit-remaining-subscription-reads": [
          "14982"
        ],
        "x-ms-correlation-request-id": [
          "633521b3-79cd-4db0-810e-1dea71d25ac2"
        ],
        "x-ms-routing-request-id": [
          "WESTUS2:20180505T002524Z:633521b3-79cd-4db0-810e-1dea71d25ac2"
        ],
        "Strict-Transport-Security": [
          "max-age=31536000; includeSubDomains"
        ],
        "X-Content-Type-Options": [
          "nosniff"
        ],
        "Cache-Control": [
          "no-cache"
        ],
        "Date": [
          "Sat, 05 May 2018 00:25:24 GMT"
        ],
        "Server": [
          "Microsoft-HTTPAPI/2.0"
        ]
      },
      "StatusCode": 200
    },
    {
      "RequestUri": "/subscriptions/df7c055c-6310-4374-9852-10ef71ce5f85/resourceGroups/ps3535/providers/Microsoft.Sql/servers/ps9154?api-version=2015-05-01-preview",
      "EncodedRequestUri": "L3N1YnNjcmlwdGlvbnMvZGY3YzA1NWMtNjMxMC00Mzc0LTk4NTItMTBlZjcxY2U1Zjg1L3Jlc291cmNlR3JvdXBzL3BzMzUzNS9wcm92aWRlcnMvTWljcm9zb2Z0LlNxbC9zZXJ2ZXJzL3BzOTE1ND9hcGktdmVyc2lvbj0yMDE1LTA1LTAxLXByZXZpZXc=",
      "RequestMethod": "PUT",
      "RequestBody": "{\r\n  \"properties\": {\r\n    \"administratorLogin\": \"testusername\",\r\n    \"administratorLoginPassword\": \"t357ingP@s5w0rd!\"\r\n  },\r\n  \"location\": \"Southeast Asia\"\r\n}",
      "RequestHeaders": {
        "Content-Type": [
          "application/json; charset=utf-8"
        ],
        "Content-Length": [
          "158"
        ],
        "x-ms-client-request-id": [
          "e23b3b04-66ec-4d0a-b899-b353da97ea99"
        ],
        "accept-language": [
          "en-US"
        ],
        "User-Agent": [
          "FxVersion/4.7.2633.0",
          "OSName/Windows10Enterprise",
          "OSVersion/6.3.16299",
          "Microsoft.Azure.Management.Sql.SqlManagementClient/1.15.0.0"
        ]
      },
      "ResponseBody": "{\r\n  \"operation\": \"UpsertLogicalServer\",\r\n  \"startTime\": \"2018-05-05T00:24:33.117Z\"\r\n}",
      "ResponseHeaders": {
        "Content-Length": [
          "74"
        ],
        "Content-Type": [
          "application/json; charset=utf-8"
        ],
        "Expires": [
          "-1"
        ],
        "Pragma": [
          "no-cache"
        ],
        "Retry-After": [
          "1"
        ],
        "Azure-AsyncOperation": [
          "https://management.azure.com/subscriptions/df7c055c-6310-4374-9852-10ef71ce5f85/resourceGroups/ps3535/providers/Microsoft.Sql/locations/southeastasia/serverAzureAsyncOperation/64d94264-f62b-4ec4-88e2-37c16c422553?api-version=2015-05-01-preview"
        ],
        "x-ms-request-id": [
          "64d94264-f62b-4ec4-88e2-37c16c422553"
        ],
        "x-ms-ratelimit-remaining-subscription-writes": [
          "1198"
        ],
        "x-ms-correlation-request-id": [
          "ff840992-f279-474d-85c2-83a8fba5953f"
        ],
        "x-ms-routing-request-id": [
          "WESTUS2:20180505T002433Z:ff840992-f279-474d-85c2-83a8fba5953f"
        ],
        "Strict-Transport-Security": [
          "max-age=31536000; includeSubDomains"
        ],
        "X-Content-Type-Options": [
          "nosniff"
        ],
        "Cache-Control": [
          "no-cache"
        ],
        "Date": [
          "Sat, 05 May 2018 00:24:33 GMT"
        ],
        "Location": [
          "https://management.azure.com/subscriptions/df7c055c-6310-4374-9852-10ef71ce5f85/resourceGroups/ps3535/providers/Microsoft.Sql/locations/southeastasia/serverOperationResults/64d94264-f62b-4ec4-88e2-37c16c422553?api-version=2015-05-01-preview"
        ],
        "Server": [
          "Microsoft-HTTPAPI/2.0"
        ]
      },
      "StatusCode": 202
    },
    {
      "RequestUri": "/subscriptions/df7c055c-6310-4374-9852-10ef71ce5f85/resourceGroups/ps3535/providers/Microsoft.Sql/locations/southeastasia/serverAzureAsyncOperation/64d94264-f62b-4ec4-88e2-37c16c422553?api-version=2015-05-01-preview",
      "EncodedRequestUri": "L3N1YnNjcmlwdGlvbnMvZGY3YzA1NWMtNjMxMC00Mzc0LTk4NTItMTBlZjcxY2U1Zjg1L3Jlc291cmNlR3JvdXBzL3BzMzUzNS9wcm92aWRlcnMvTWljcm9zb2Z0LlNxbC9sb2NhdGlvbnMvc291dGhlYXN0YXNpYS9zZXJ2ZXJBenVyZUFzeW5jT3BlcmF0aW9uLzY0ZDk0MjY0LWY2MmItNGVjNC04OGUyLTM3YzE2YzQyMjU1Mz9hcGktdmVyc2lvbj0yMDE1LTA1LTAxLXByZXZpZXc=",
      "RequestMethod": "GET",
      "RequestBody": "",
      "RequestHeaders": {
        "User-Agent": [
          "FxVersion/4.7.2633.0",
          "OSName/Windows10Enterprise",
          "OSVersion/6.3.16299",
          "Microsoft.Azure.Management.Sql.SqlManagementClient/1.15.0.0"
        ]
      },
      "ResponseBody": "{\r\n  \"name\": \"64d94264-f62b-4ec4-88e2-37c16c422553\",\r\n  \"status\": \"InProgress\",\r\n  \"startTime\": \"2018-05-05T00:24:33.117Z\"\r\n}",
      "ResponseHeaders": {
        "Content-Length": [
          "108"
        ],
        "Content-Type": [
          "application/json; charset=utf-8"
        ],
        "Expires": [
          "-1"
        ],
        "Pragma": [
          "no-cache"
        ],
        "Retry-After": [
          "20"
        ],
        "x-ms-request-id": [
          "1f846c82-cb32-4c6d-aa57-3a6b6614b11c"
        ],
        "x-ms-ratelimit-remaining-subscription-reads": [
          "14985"
        ],
        "x-ms-correlation-request-id": [
          "3136671a-6f98-457b-b7a9-6ab6320b04c0"
        ],
        "x-ms-routing-request-id": [
          "WESTUS2:20180505T002443Z:3136671a-6f98-457b-b7a9-6ab6320b04c0"
        ],
        "Strict-Transport-Security": [
          "max-age=31536000; includeSubDomains"
        ],
        "X-Content-Type-Options": [
          "nosniff"
        ],
        "Cache-Control": [
          "no-cache"
        ],
        "Date": [
          "Sat, 05 May 2018 00:24:43 GMT"
        ],
        "Server": [
          "Microsoft-HTTPAPI/2.0"
        ]
      },
      "StatusCode": 200
    },
    {
      "RequestUri": "/subscriptions/df7c055c-6310-4374-9852-10ef71ce5f85/resourceGroups/ps3535/providers/Microsoft.Sql/locations/southeastasia/serverAzureAsyncOperation/64d94264-f62b-4ec4-88e2-37c16c422553?api-version=2015-05-01-preview",
      "EncodedRequestUri": "L3N1YnNjcmlwdGlvbnMvZGY3YzA1NWMtNjMxMC00Mzc0LTk4NTItMTBlZjcxY2U1Zjg1L3Jlc291cmNlR3JvdXBzL3BzMzUzNS9wcm92aWRlcnMvTWljcm9zb2Z0LlNxbC9sb2NhdGlvbnMvc291dGhlYXN0YXNpYS9zZXJ2ZXJBenVyZUFzeW5jT3BlcmF0aW9uLzY0ZDk0MjY0LWY2MmItNGVjNC04OGUyLTM3YzE2YzQyMjU1Mz9hcGktdmVyc2lvbj0yMDE1LTA1LTAxLXByZXZpZXc=",
      "RequestMethod": "GET",
      "RequestBody": "",
      "RequestHeaders": {
        "User-Agent": [
          "FxVersion/4.7.2633.0",
          "OSName/Windows10Enterprise",
          "OSVersion/6.3.16299",
          "Microsoft.Azure.Management.Sql.SqlManagementClient/1.15.0.0"
        ]
      },
      "ResponseBody": "{\r\n  \"name\": \"64d94264-f62b-4ec4-88e2-37c16c422553\",\r\n  \"status\": \"InProgress\",\r\n  \"startTime\": \"2018-05-05T00:24:33.117Z\"\r\n}",
      "ResponseHeaders": {
        "Content-Length": [
          "108"
        ],
        "Content-Type": [
          "application/json; charset=utf-8"
        ],
        "Expires": [
          "-1"
        ],
        "Pragma": [
          "no-cache"
        ],
        "Retry-After": [
          "20"
        ],
        "x-ms-request-id": [
          "a0ff60d3-dd54-471c-b01b-4ce22a7f441b"
        ],
        "x-ms-ratelimit-remaining-subscription-reads": [
          "14984"
        ],
        "x-ms-correlation-request-id": [
          "51cfe09a-23af-4322-bd53-0e12c9ad50ea"
        ],
        "x-ms-routing-request-id": [
          "WESTUS2:20180505T002503Z:51cfe09a-23af-4322-bd53-0e12c9ad50ea"
        ],
        "Strict-Transport-Security": [
          "max-age=31536000; includeSubDomains"
        ],
        "X-Content-Type-Options": [
          "nosniff"
        ],
        "Cache-Control": [
          "no-cache"
        ],
        "Date": [
          "Sat, 05 May 2018 00:25:03 GMT"
        ],
        "Server": [
          "Microsoft-HTTPAPI/2.0"
        ]
      },
      "StatusCode": 200
    },
    {
      "RequestUri": "/subscriptions/df7c055c-6310-4374-9852-10ef71ce5f85/resourceGroups/ps3535/providers/Microsoft.Sql/locations/southeastasia/serverAzureAsyncOperation/64d94264-f62b-4ec4-88e2-37c16c422553?api-version=2015-05-01-preview",
      "EncodedRequestUri": "L3N1YnNjcmlwdGlvbnMvZGY3YzA1NWMtNjMxMC00Mzc0LTk4NTItMTBlZjcxY2U1Zjg1L3Jlc291cmNlR3JvdXBzL3BzMzUzNS9wcm92aWRlcnMvTWljcm9zb2Z0LlNxbC9sb2NhdGlvbnMvc291dGhlYXN0YXNpYS9zZXJ2ZXJBenVyZUFzeW5jT3BlcmF0aW9uLzY0ZDk0MjY0LWY2MmItNGVjNC04OGUyLTM3YzE2YzQyMjU1Mz9hcGktdmVyc2lvbj0yMDE1LTA1LTAxLXByZXZpZXc=",
      "RequestMethod": "GET",
      "RequestBody": "",
      "RequestHeaders": {
        "User-Agent": [
          "FxVersion/4.7.2633.0",
          "OSName/Windows10Enterprise",
          "OSVersion/6.3.16299",
          "Microsoft.Azure.Management.Sql.SqlManagementClient/1.15.0.0"
        ]
      },
      "ResponseBody": "{\r\n  \"name\": \"64d94264-f62b-4ec4-88e2-37c16c422553\",\r\n  \"status\": \"Succeeded\",\r\n  \"startTime\": \"2018-05-05T00:24:33.117Z\"\r\n}",
      "ResponseHeaders": {
        "Content-Length": [
          "107"
        ],
        "Content-Type": [
          "application/json; charset=utf-8"
        ],
        "Expires": [
          "-1"
        ],
        "Pragma": [
          "no-cache"
        ],
        "Retry-After": [
          "15"
        ],
        "x-ms-request-id": [
          "f581454d-1219-490b-b541-7013e57c524b"
        ],
        "x-ms-ratelimit-remaining-subscription-reads": [
          "14983"
        ],
        "x-ms-correlation-request-id": [
          "1ce4ab08-8093-4abd-a97f-d94b46fd5425"
        ],
        "x-ms-routing-request-id": [
          "WESTUS2:20180505T002523Z:1ce4ab08-8093-4abd-a97f-d94b46fd5425"
        ],
        "Strict-Transport-Security": [
          "max-age=31536000; includeSubDomains"
        ],
        "X-Content-Type-Options": [
          "nosniff"
        ],
        "Cache-Control": [
          "no-cache"
        ],
        "Date": [
          "Sat, 05 May 2018 00:25:23 GMT"
        ],
        "Server": [
          "Microsoft-HTTPAPI/2.0"
        ]
      },
      "StatusCode": 200
    },
    {
      "RequestUri": "/subscriptions/df7c055c-6310-4374-9852-10ef71ce5f85/resourceGroups/ps3535/providers/Microsoft.Sql/servers/ps9154/advisors?api-version=2015-05-01-preview&$expand=recommendedActions",
      "EncodedRequestUri": "L3N1YnNjcmlwdGlvbnMvZGY3YzA1NWMtNjMxMC00Mzc0LTk4NTItMTBlZjcxY2U1Zjg1L3Jlc291cmNlR3JvdXBzL3BzMzUzNS9wcm92aWRlcnMvTWljcm9zb2Z0LlNxbC9zZXJ2ZXJzL3BzOTE1NC9hZHZpc29ycz9hcGktdmVyc2lvbj0yMDE1LTA1LTAxLXByZXZpZXcmJGV4cGFuZD1yZWNvbW1lbmRlZEFjdGlvbnM=",
      "RequestMethod": "GET",
      "RequestBody": "",
      "RequestHeaders": {
        "User-Agent": [
          "Microsoft.Azure.Management.Sql.LegacySdk.SqlManagementClient/4.4.1.0"
        ]
      },
      "ResponseBody": "[\r\n  {\r\n    \"kind\": \"\",\r\n    \"location\": \"Southeast Asia\",\r\n    \"properties\": {\r\n      \"advisorStatus\": \"GA\",\r\n      \"autoExecuteStatus\": \"Disabled\",\r\n      \"autoExecuteStatusInheritedFrom\": \"Server\",\r\n      \"recommendedActions\": []\r\n    },\r\n    \"id\": \"/subscriptions/df7c055c-6310-4374-9852-10ef71ce5f85/resourceGroups/ps3535/providers/Microsoft.Sql/servers/ps9154/advisors/CreateIndex\",\r\n    \"name\": \"CreateIndex\",\r\n    \"type\": \"Microsoft.Sql/servers/advisors\"\r\n  },\r\n  {\r\n    \"kind\": \"\",\r\n    \"location\": \"Southeast Asia\",\r\n    \"properties\": {\r\n      \"advisorStatus\": \"GA\",\r\n      \"autoExecuteStatus\": \"Disabled\",\r\n      \"autoExecuteStatusInheritedFrom\": \"Server\",\r\n      \"recommendedActions\": []\r\n    },\r\n    \"id\": \"/subscriptions/df7c055c-6310-4374-9852-10ef71ce5f85/resourceGroups/ps3535/providers/Microsoft.Sql/servers/ps9154/advisors/DropIndex\",\r\n    \"name\": \"DropIndex\",\r\n    \"type\": \"Microsoft.Sql/servers/advisors\"\r\n  },\r\n  {\r\n    \"kind\": \"\",\r\n    \"location\": \"Southeast Asia\",\r\n    \"properties\": {\r\n      \"advisorStatus\": \"GA\",\r\n      \"autoExecuteStatus\": \"Disabled\",\r\n      \"autoExecuteStatusInheritedFrom\": \"Default\",\r\n      \"recommendedActions\": []\r\n    },\r\n    \"id\": \"/subscriptions/df7c055c-6310-4374-9852-10ef71ce5f85/resourceGroups/ps3535/providers/Microsoft.Sql/servers/ps9154/advisors/DbParameterization\",\r\n    \"name\": \"DbParameterization\",\r\n    \"type\": \"Microsoft.Sql/servers/advisors\"\r\n  },\r\n  {\r\n    \"kind\": \"\",\r\n    \"location\": \"Southeast Asia\",\r\n    \"properties\": {\r\n      \"advisorStatus\": \"GA\",\r\n      \"autoExecuteStatus\": \"Disabled\",\r\n      \"autoExecuteStatusInheritedFrom\": \"Server\",\r\n      \"recommendedActions\": []\r\n    },\r\n    \"id\": \"/subscriptions/df7c055c-6310-4374-9852-10ef71ce5f85/resourceGroups/ps3535/providers/Microsoft.Sql/servers/ps9154/advisors/ForceLastGoodPlan\",\r\n    \"name\": \"ForceLastGoodPlan\",\r\n    \"type\": \"Microsoft.Sql/servers/advisors\"\r\n  }\r\n]",
      "ResponseHeaders": {
        "Content-Length": [
          "1524"
        ],
        "Content-Type": [
          "application/json; charset=utf-8"
        ],
        "Expires": [
          "-1"
        ],
        "Pragma": [
          "no-cache"
        ],
        "x-ms-request-id": [
          "77ae3a63-3cb3-4021-9c83-0e593639848e"
        ],
        "x-ms-ratelimit-remaining-subscription-reads": [
          "14999"
        ],
        "x-ms-correlation-request-id": [
          "c7ed343d-fb7b-448c-8e93-6e4e53a09e1d"
        ],
        "x-ms-routing-request-id": [
          "WESTUS2:20180505T002525Z:c7ed343d-fb7b-448c-8e93-6e4e53a09e1d"
        ],
        "Strict-Transport-Security": [
          "max-age=31536000; includeSubDomains"
        ],
        "X-Content-Type-Options": [
          "nosniff"
        ],
        "Cache-Control": [
          "no-cache"
        ],
        "Date": [
          "Sat, 05 May 2018 00:25:25 GMT"
        ],
        "Server": [
          "Microsoft-HTTPAPI/2.0"
        ]
      },
      "StatusCode": 200
    },
    {
      "RequestUri": "/subscriptions/df7c055c-6310-4374-9852-10ef71ce5f85/resourcegroups/ps3535?api-version=2016-02-01",
      "EncodedRequestUri": "L3N1YnNjcmlwdGlvbnMvZGY3YzA1NWMtNjMxMC00Mzc0LTk4NTItMTBlZjcxY2U1Zjg1L3Jlc291cmNlZ3JvdXBzL3BzMzUzNT9hcGktdmVyc2lvbj0yMDE2LTAyLTAx",
      "RequestMethod": "DELETE",
      "RequestBody": "",
      "RequestHeaders": {
        "User-Agent": [
          "Microsoft.Azure.Management.Resources.ResourceManagementClient/2.0.0.0"
        ]
      },
      "ResponseBody": "",
      "ResponseHeaders": {
        "Content-Length": [
          "0"
        ],
        "Expires": [
          "-1"
        ],
        "Pragma": [
          "no-cache"
        ],
        "Retry-After": [
          "15"
        ],
        "x-ms-ratelimit-remaining-subscription-writes": [
          "1198"
        ],
        "x-ms-request-id": [
          "80d88659-8cb4-4f8c-8007-7d428cc227d2"
        ],
        "x-ms-correlation-request-id": [
          "80d88659-8cb4-4f8c-8007-7d428cc227d2"
        ],
        "x-ms-routing-request-id": [
          "WESTUS2:20180505T002526Z:80d88659-8cb4-4f8c-8007-7d428cc227d2"
        ],
        "Strict-Transport-Security": [
          "max-age=31536000; includeSubDomains"
        ],
        "X-Content-Type-Options": [
          "nosniff"
        ],
        "Cache-Control": [
          "no-cache"
        ],
        "Date": [
          "Sat, 05 May 2018 00:25:26 GMT"
        ],
        "Location": [
          "https://management.azure.com/subscriptions/df7c055c-6310-4374-9852-10ef71ce5f85/operationresults/eyJqb2JJZCI6IlJFU09VUkNFR1JPVVBERUxFVElPTkpPQi1QUzM1MzUtV0VTVENFTlRSQUxVUyIsImpvYkxvY2F0aW9uIjoid2VzdGNlbnRyYWx1cyJ9?api-version=2016-02-01"
        ]
      },
      "StatusCode": 202
    },
    {
      "RequestUri": "/subscriptions/df7c055c-6310-4374-9852-10ef71ce5f85/operationresults/eyJqb2JJZCI6IlJFU09VUkNFR1JPVVBERUxFVElPTkpPQi1QUzM1MzUtV0VTVENFTlRSQUxVUyIsImpvYkxvY2F0aW9uIjoid2VzdGNlbnRyYWx1cyJ9?api-version=2016-02-01",
      "EncodedRequestUri": "L3N1YnNjcmlwdGlvbnMvZGY3YzA1NWMtNjMxMC00Mzc0LTk4NTItMTBlZjcxY2U1Zjg1L29wZXJhdGlvbnJlc3VsdHMvZXlKcWIySkpaQ0k2SWxKRlUwOVZVa05GUjFKUFZWQkVSVXhGVkVsUFRrcFBRaTFRVXpNMU16VXRWMFZUVkVORlRsUlNRVXhWVXlJc0ltcHZZa3h2WTJGMGFXOXVJam9pZDJWemRHTmxiblJ5WVd4MWN5Sjk/YXBpLXZlcnNpb249MjAxNi0wMi0wMQ==",
      "RequestMethod": "GET",
      "RequestBody": "",
      "RequestHeaders": {
        "x-ms-version": [
          "2016-02-01"
        ],
        "User-Agent": [
          "Microsoft.Azure.Management.Resources.ResourceManagementClient/2.0.0.0"
        ]
      },
      "ResponseBody": "",
      "ResponseHeaders": {
        "Content-Length": [
          "0"
        ],
        "Expires": [
          "-1"
        ],
        "Pragma": [
          "no-cache"
        ],
        "Retry-After": [
          "15"
        ],
        "x-ms-ratelimit-remaining-subscription-reads": [
          "14999"
        ],
        "x-ms-request-id": [
          "e72f4a84-ae7c-464f-ab2f-05ae5865cca3"
        ],
        "x-ms-correlation-request-id": [
          "e72f4a84-ae7c-464f-ab2f-05ae5865cca3"
        ],
        "x-ms-routing-request-id": [
          "WESTUS2:20180505T002526Z:e72f4a84-ae7c-464f-ab2f-05ae5865cca3"
        ],
        "Strict-Transport-Security": [
          "max-age=31536000; includeSubDomains"
        ],
        "X-Content-Type-Options": [
          "nosniff"
        ],
        "Cache-Control": [
          "no-cache"
        ],
        "Date": [
          "Sat, 05 May 2018 00:25:26 GMT"
        ],
        "Location": [
          "https://management.azure.com/subscriptions/df7c055c-6310-4374-9852-10ef71ce5f85/operationresults/eyJqb2JJZCI6IlJFU09VUkNFR1JPVVBERUxFVElPTkpPQi1QUzM1MzUtV0VTVENFTlRSQUxVUyIsImpvYkxvY2F0aW9uIjoid2VzdGNlbnRyYWx1cyJ9?api-version=2016-02-01"
        ]
      },
      "StatusCode": 202
    },
    {
      "RequestUri": "/subscriptions/df7c055c-6310-4374-9852-10ef71ce5f85/operationresults/eyJqb2JJZCI6IlJFU09VUkNFR1JPVVBERUxFVElPTkpPQi1QUzM1MzUtV0VTVENFTlRSQUxVUyIsImpvYkxvY2F0aW9uIjoid2VzdGNlbnRyYWx1cyJ9?api-version=2016-02-01",
      "EncodedRequestUri": "L3N1YnNjcmlwdGlvbnMvZGY3YzA1NWMtNjMxMC00Mzc0LTk4NTItMTBlZjcxY2U1Zjg1L29wZXJhdGlvbnJlc3VsdHMvZXlKcWIySkpaQ0k2SWxKRlUwOVZVa05GUjFKUFZWQkVSVXhGVkVsUFRrcFBRaTFRVXpNMU16VXRWMFZUVkVORlRsUlNRVXhWVXlJc0ltcHZZa3h2WTJGMGFXOXVJam9pZDJWemRHTmxiblJ5WVd4MWN5Sjk/YXBpLXZlcnNpb249MjAxNi0wMi0wMQ==",
      "RequestMethod": "GET",
      "RequestBody": "",
      "RequestHeaders": {
        "x-ms-version": [
          "2016-02-01"
        ],
        "User-Agent": [
          "Microsoft.Azure.Management.Resources.ResourceManagementClient/2.0.0.0"
        ]
      },
      "ResponseBody": "",
      "ResponseHeaders": {
        "Content-Length": [
          "0"
        ],
        "Expires": [
          "-1"
        ],
        "Pragma": [
          "no-cache"
        ],
        "Retry-After": [
          "15"
        ],
        "x-ms-ratelimit-remaining-subscription-reads": [
          "14998"
        ],
        "x-ms-request-id": [
          "9f2630f5-ad64-47b1-abc4-772cd41dd8ed"
        ],
        "x-ms-correlation-request-id": [
          "9f2630f5-ad64-47b1-abc4-772cd41dd8ed"
        ],
        "x-ms-routing-request-id": [
          "WESTUS2:20180505T002541Z:9f2630f5-ad64-47b1-abc4-772cd41dd8ed"
        ],
        "Strict-Transport-Security": [
          "max-age=31536000; includeSubDomains"
        ],
        "X-Content-Type-Options": [
          "nosniff"
        ],
        "Cache-Control": [
          "no-cache"
        ],
        "Date": [
          "Sat, 05 May 2018 00:25:41 GMT"
        ],
        "Location": [
          "https://management.azure.com/subscriptions/df7c055c-6310-4374-9852-10ef71ce5f85/operationresults/eyJqb2JJZCI6IlJFU09VUkNFR1JPVVBERUxFVElPTkpPQi1QUzM1MzUtV0VTVENFTlRSQUxVUyIsImpvYkxvY2F0aW9uIjoid2VzdGNlbnRyYWx1cyJ9?api-version=2016-02-01"
        ]
      },
      "StatusCode": 202
    },
    {
      "RequestUri": "/subscriptions/df7c055c-6310-4374-9852-10ef71ce5f85/operationresults/eyJqb2JJZCI6IlJFU09VUkNFR1JPVVBERUxFVElPTkpPQi1QUzM1MzUtV0VTVENFTlRSQUxVUyIsImpvYkxvY2F0aW9uIjoid2VzdGNlbnRyYWx1cyJ9?api-version=2016-02-01",
      "EncodedRequestUri": "L3N1YnNjcmlwdGlvbnMvZGY3YzA1NWMtNjMxMC00Mzc0LTk4NTItMTBlZjcxY2U1Zjg1L29wZXJhdGlvbnJlc3VsdHMvZXlKcWIySkpaQ0k2SWxKRlUwOVZVa05GUjFKUFZWQkVSVXhGVkVsUFRrcFBRaTFRVXpNMU16VXRWMFZUVkVORlRsUlNRVXhWVXlJc0ltcHZZa3h2WTJGMGFXOXVJam9pZDJWemRHTmxiblJ5WVd4MWN5Sjk/YXBpLXZlcnNpb249MjAxNi0wMi0wMQ==",
      "RequestMethod": "GET",
      "RequestBody": "",
      "RequestHeaders": {
        "x-ms-version": [
          "2016-02-01"
        ],
        "User-Agent": [
          "Microsoft.Azure.Management.Resources.ResourceManagementClient/2.0.0.0"
        ]
      },
      "ResponseBody": "",
      "ResponseHeaders": {
        "Content-Length": [
          "0"
        ],
        "Expires": [
          "-1"
        ],
        "Pragma": [
          "no-cache"
        ],
        "Retry-After": [
          "15"
        ],
        "x-ms-ratelimit-remaining-subscription-reads": [
          "14997"
        ],
        "x-ms-request-id": [
          "e141b720-44f7-4cb7-969f-2eab2cfd95b3"
        ],
        "x-ms-correlation-request-id": [
          "e141b720-44f7-4cb7-969f-2eab2cfd95b3"
        ],
        "x-ms-routing-request-id": [
          "WESTUS2:20180505T002556Z:e141b720-44f7-4cb7-969f-2eab2cfd95b3"
        ],
        "Strict-Transport-Security": [
          "max-age=31536000; includeSubDomains"
        ],
        "X-Content-Type-Options": [
          "nosniff"
        ],
        "Cache-Control": [
          "no-cache"
        ],
        "Date": [
          "Sat, 05 May 2018 00:25:56 GMT"
        ],
        "Location": [
          "https://management.azure.com/subscriptions/df7c055c-6310-4374-9852-10ef71ce5f85/operationresults/eyJqb2JJZCI6IlJFU09VUkNFR1JPVVBERUxFVElPTkpPQi1QUzM1MzUtV0VTVENFTlRSQUxVUyIsImpvYkxvY2F0aW9uIjoid2VzdGNlbnRyYWx1cyJ9?api-version=2016-02-01"
        ]
      },
      "StatusCode": 202
    },
    {
      "RequestUri": "/subscriptions/df7c055c-6310-4374-9852-10ef71ce5f85/operationresults/eyJqb2JJZCI6IlJFU09VUkNFR1JPVVBERUxFVElPTkpPQi1QUzM1MzUtV0VTVENFTlRSQUxVUyIsImpvYkxvY2F0aW9uIjoid2VzdGNlbnRyYWx1cyJ9?api-version=2016-02-01",
      "EncodedRequestUri": "L3N1YnNjcmlwdGlvbnMvZGY3YzA1NWMtNjMxMC00Mzc0LTk4NTItMTBlZjcxY2U1Zjg1L29wZXJhdGlvbnJlc3VsdHMvZXlKcWIySkpaQ0k2SWxKRlUwOVZVa05GUjFKUFZWQkVSVXhGVkVsUFRrcFBRaTFRVXpNMU16VXRWMFZUVkVORlRsUlNRVXhWVXlJc0ltcHZZa3h2WTJGMGFXOXVJam9pZDJWemRHTmxiblJ5WVd4MWN5Sjk/YXBpLXZlcnNpb249MjAxNi0wMi0wMQ==",
      "RequestMethod": "GET",
      "RequestBody": "",
      "RequestHeaders": {
        "x-ms-version": [
          "2016-02-01"
        ],
        "User-Agent": [
          "Microsoft.Azure.Management.Resources.ResourceManagementClient/2.0.0.0"
        ]
      },
      "ResponseBody": "",
      "ResponseHeaders": {
        "Content-Length": [
          "0"
        ],
        "Expires": [
          "-1"
        ],
        "Pragma": [
          "no-cache"
        ],
        "Retry-After": [
          "15"
        ],
        "x-ms-ratelimit-remaining-subscription-reads": [
          "14996"
        ],
        "x-ms-request-id": [
          "d6765227-e1a5-42aa-8785-506a135f4784"
        ],
        "x-ms-correlation-request-id": [
          "d6765227-e1a5-42aa-8785-506a135f4784"
        ],
        "x-ms-routing-request-id": [
          "WESTUS2:20180505T002612Z:d6765227-e1a5-42aa-8785-506a135f4784"
        ],
        "Strict-Transport-Security": [
          "max-age=31536000; includeSubDomains"
        ],
        "X-Content-Type-Options": [
          "nosniff"
        ],
        "Cache-Control": [
          "no-cache"
        ],
        "Date": [
          "Sat, 05 May 2018 00:26:11 GMT"
        ],
        "Location": [
          "https://management.azure.com/subscriptions/df7c055c-6310-4374-9852-10ef71ce5f85/operationresults/eyJqb2JJZCI6IlJFU09VUkNFR1JPVVBERUxFVElPTkpPQi1QUzM1MzUtV0VTVENFTlRSQUxVUyIsImpvYkxvY2F0aW9uIjoid2VzdGNlbnRyYWx1cyJ9?api-version=2016-02-01"
        ]
      },
      "StatusCode": 202
    },
    {
      "RequestUri": "/subscriptions/df7c055c-6310-4374-9852-10ef71ce5f85/operationresults/eyJqb2JJZCI6IlJFU09VUkNFR1JPVVBERUxFVElPTkpPQi1QUzM1MzUtV0VTVENFTlRSQUxVUyIsImpvYkxvY2F0aW9uIjoid2VzdGNlbnRyYWx1cyJ9?api-version=2016-02-01",
      "EncodedRequestUri": "L3N1YnNjcmlwdGlvbnMvZGY3YzA1NWMtNjMxMC00Mzc0LTk4NTItMTBlZjcxY2U1Zjg1L29wZXJhdGlvbnJlc3VsdHMvZXlKcWIySkpaQ0k2SWxKRlUwOVZVa05GUjFKUFZWQkVSVXhGVkVsUFRrcFBRaTFRVXpNMU16VXRWMFZUVkVORlRsUlNRVXhWVXlJc0ltcHZZa3h2WTJGMGFXOXVJam9pZDJWemRHTmxiblJ5WVd4MWN5Sjk/YXBpLXZlcnNpb249MjAxNi0wMi0wMQ==",
      "RequestMethod": "GET",
      "RequestBody": "",
      "RequestHeaders": {
        "x-ms-version": [
          "2016-02-01"
        ],
        "User-Agent": [
          "Microsoft.Azure.Management.Resources.ResourceManagementClient/2.0.0.0"
        ]
      },
      "ResponseBody": "",
      "ResponseHeaders": {
        "Content-Length": [
          "0"
        ],
        "Expires": [
          "-1"
        ],
        "Pragma": [
          "no-cache"
        ],
        "Retry-After": [
          "15"
        ],
        "x-ms-ratelimit-remaining-subscription-reads": [
          "14994"
        ],
        "x-ms-request-id": [
          "25f8602b-a815-4e32-a6bd-54d032fbd21b"
        ],
        "x-ms-correlation-request-id": [
          "25f8602b-a815-4e32-a6bd-54d032fbd21b"
        ],
        "x-ms-routing-request-id": [
          "WESTUS2:20180505T002627Z:25f8602b-a815-4e32-a6bd-54d032fbd21b"
        ],
        "Strict-Transport-Security": [
          "max-age=31536000; includeSubDomains"
        ],
        "X-Content-Type-Options": [
          "nosniff"
        ],
        "Cache-Control": [
          "no-cache"
        ],
        "Date": [
          "Sat, 05 May 2018 00:26:26 GMT"
        ],
        "Location": [
          "https://management.azure.com/subscriptions/df7c055c-6310-4374-9852-10ef71ce5f85/operationresults/eyJqb2JJZCI6IlJFU09VUkNFR1JPVVBERUxFVElPTkpPQi1QUzM1MzUtV0VTVENFTlRSQUxVUyIsImpvYkxvY2F0aW9uIjoid2VzdGNlbnRyYWx1cyJ9?api-version=2016-02-01"
        ]
      },
      "StatusCode": 202
    },
    {
      "RequestUri": "/subscriptions/df7c055c-6310-4374-9852-10ef71ce5f85/operationresults/eyJqb2JJZCI6IlJFU09VUkNFR1JPVVBERUxFVElPTkpPQi1QUzM1MzUtV0VTVENFTlRSQUxVUyIsImpvYkxvY2F0aW9uIjoid2VzdGNlbnRyYWx1cyJ9?api-version=2016-02-01",
      "EncodedRequestUri": "L3N1YnNjcmlwdGlvbnMvZGY3YzA1NWMtNjMxMC00Mzc0LTk4NTItMTBlZjcxY2U1Zjg1L29wZXJhdGlvbnJlc3VsdHMvZXlKcWIySkpaQ0k2SWxKRlUwOVZVa05GUjFKUFZWQkVSVXhGVkVsUFRrcFBRaTFRVXpNMU16VXRWMFZUVkVORlRsUlNRVXhWVXlJc0ltcHZZa3h2WTJGMGFXOXVJam9pZDJWemRHTmxiblJ5WVd4MWN5Sjk/YXBpLXZlcnNpb249MjAxNi0wMi0wMQ==",
      "RequestMethod": "GET",
      "RequestBody": "",
      "RequestHeaders": {
        "x-ms-version": [
          "2016-02-01"
        ],
        "User-Agent": [
          "Microsoft.Azure.Management.Resources.ResourceManagementClient/2.0.0.0"
        ]
      },
      "ResponseBody": "",
      "ResponseHeaders": {
        "Content-Length": [
          "0"
        ],
        "Expires": [
          "-1"
        ],
        "Pragma": [
          "no-cache"
        ],
        "Retry-After": [
          "15"
        ],
        "x-ms-ratelimit-remaining-subscription-reads": [
          "14993"
        ],
        "x-ms-request-id": [
          "defbbc59-8801-4e33-a982-912957e3d0aa"
        ],
        "x-ms-correlation-request-id": [
          "defbbc59-8801-4e33-a982-912957e3d0aa"
        ],
        "x-ms-routing-request-id": [
          "WESTUS2:20180505T002642Z:defbbc59-8801-4e33-a982-912957e3d0aa"
        ],
        "Strict-Transport-Security": [
          "max-age=31536000; includeSubDomains"
        ],
        "X-Content-Type-Options": [
          "nosniff"
        ],
        "Cache-Control": [
          "no-cache"
        ],
        "Date": [
          "Sat, 05 May 2018 00:26:41 GMT"
        ],
        "Location": [
          "https://management.azure.com/subscriptions/df7c055c-6310-4374-9852-10ef71ce5f85/operationresults/eyJqb2JJZCI6IlJFU09VUkNFR1JPVVBERUxFVElPTkpPQi1QUzM1MzUtV0VTVENFTlRSQUxVUyIsImpvYkxvY2F0aW9uIjoid2VzdGNlbnRyYWx1cyJ9?api-version=2016-02-01"
        ]
      },
      "StatusCode": 202
    },
    {
      "RequestUri": "/subscriptions/df7c055c-6310-4374-9852-10ef71ce5f85/operationresults/eyJqb2JJZCI6IlJFU09VUkNFR1JPVVBERUxFVElPTkpPQi1QUzM1MzUtV0VTVENFTlRSQUxVUyIsImpvYkxvY2F0aW9uIjoid2VzdGNlbnRyYWx1cyJ9?api-version=2016-02-01",
      "EncodedRequestUri": "L3N1YnNjcmlwdGlvbnMvZGY3YzA1NWMtNjMxMC00Mzc0LTk4NTItMTBlZjcxY2U1Zjg1L29wZXJhdGlvbnJlc3VsdHMvZXlKcWIySkpaQ0k2SWxKRlUwOVZVa05GUjFKUFZWQkVSVXhGVkVsUFRrcFBRaTFRVXpNMU16VXRWMFZUVkVORlRsUlNRVXhWVXlJc0ltcHZZa3h2WTJGMGFXOXVJam9pZDJWemRHTmxiblJ5WVd4MWN5Sjk/YXBpLXZlcnNpb249MjAxNi0wMi0wMQ==",
      "RequestMethod": "GET",
      "RequestBody": "",
      "RequestHeaders": {
        "x-ms-version": [
          "2016-02-01"
        ],
        "User-Agent": [
          "Microsoft.Azure.Management.Resources.ResourceManagementClient/2.0.0.0"
        ]
      },
      "ResponseBody": "",
      "ResponseHeaders": {
        "Content-Length": [
          "0"
        ],
        "Expires": [
          "-1"
        ],
        "Pragma": [
          "no-cache"
        ],
        "Retry-After": [
          "15"
        ],
        "x-ms-ratelimit-remaining-subscription-reads": [
          "14992"
        ],
        "x-ms-request-id": [
          "9cd24e61-34fb-4114-ab5d-ba0826d1bdbf"
        ],
        "x-ms-correlation-request-id": [
          "9cd24e61-34fb-4114-ab5d-ba0826d1bdbf"
        ],
        "x-ms-routing-request-id": [
          "WESTUS2:20180505T002657Z:9cd24e61-34fb-4114-ab5d-ba0826d1bdbf"
        ],
        "Strict-Transport-Security": [
          "max-age=31536000; includeSubDomains"
        ],
        "X-Content-Type-Options": [
          "nosniff"
        ],
        "Cache-Control": [
          "no-cache"
        ],
        "Date": [
          "Sat, 05 May 2018 00:26:57 GMT"
        ],
        "Location": [
          "https://management.azure.com/subscriptions/df7c055c-6310-4374-9852-10ef71ce5f85/operationresults/eyJqb2JJZCI6IlJFU09VUkNFR1JPVVBERUxFVElPTkpPQi1QUzM1MzUtV0VTVENFTlRSQUxVUyIsImpvYkxvY2F0aW9uIjoid2VzdGNlbnRyYWx1cyJ9?api-version=2016-02-01"
        ]
      },
      "StatusCode": 202
    },
    {
      "RequestUri": "/subscriptions/df7c055c-6310-4374-9852-10ef71ce5f85/operationresults/eyJqb2JJZCI6IlJFU09VUkNFR1JPVVBERUxFVElPTkpPQi1QUzM1MzUtV0VTVENFTlRSQUxVUyIsImpvYkxvY2F0aW9uIjoid2VzdGNlbnRyYWx1cyJ9?api-version=2016-02-01",
      "EncodedRequestUri": "L3N1YnNjcmlwdGlvbnMvZGY3YzA1NWMtNjMxMC00Mzc0LTk4NTItMTBlZjcxY2U1Zjg1L29wZXJhdGlvbnJlc3VsdHMvZXlKcWIySkpaQ0k2SWxKRlUwOVZVa05GUjFKUFZWQkVSVXhGVkVsUFRrcFBRaTFRVXpNMU16VXRWMFZUVkVORlRsUlNRVXhWVXlJc0ltcHZZa3h2WTJGMGFXOXVJam9pZDJWemRHTmxiblJ5WVd4MWN5Sjk/YXBpLXZlcnNpb249MjAxNi0wMi0wMQ==",
      "RequestMethod": "GET",
      "RequestBody": "",
      "RequestHeaders": {
        "x-ms-version": [
          "2016-02-01"
        ],
        "User-Agent": [
          "Microsoft.Azure.Management.Resources.ResourceManagementClient/2.0.0.0"
        ]
      },
      "ResponseBody": "",
      "ResponseHeaders": {
        "Content-Length": [
          "0"
        ],
        "Expires": [
          "-1"
        ],
        "Pragma": [
          "no-cache"
        ],
        "x-ms-ratelimit-remaining-subscription-reads": [
          "14991"
        ],
        "x-ms-request-id": [
          "be0e4b0d-4464-4df8-9697-687279448810"
        ],
        "x-ms-correlation-request-id": [
          "be0e4b0d-4464-4df8-9697-687279448810"
        ],
        "x-ms-routing-request-id": [
          "WESTUS2:20180505T002712Z:be0e4b0d-4464-4df8-9697-687279448810"
        ],
        "Strict-Transport-Security": [
          "max-age=31536000; includeSubDomains"
        ],
        "X-Content-Type-Options": [
          "nosniff"
        ],
        "Cache-Control": [
          "no-cache"
        ],
        "Date": [
          "Sat, 05 May 2018 00:27:12 GMT"
        ]
      },
      "StatusCode": 200
    }
  ],
  "Names": {
    "Test-ListServerAdvisorsExpanded": [
      "ps3535",
      "ps9154"
    ]
  },
  "Variables": {
    "SubscriptionId": "df7c055c-6310-4374-9852-10ef71ce5f85",
    "User": "payi@microsoft.com",
    "TenantId": "72f988bf-86f1-41af-91ab-2d7cd011db47"
  }
}