{
  "Entries": [
    {
<<<<<<< HEAD
      "RequestUri": "/subscriptions/df7c055c-6310-4374-9852-10ef71ce5f85/resourcegroups/ps4532?api-version=2016-02-01",
      "EncodedRequestUri": "L3N1YnNjcmlwdGlvbnMvZGY3YzA1NWMtNjMxMC00Mzc0LTk4NTItMTBlZjcxY2U1Zjg1L3Jlc291cmNlZ3JvdXBzL3BzNDUzMj9hcGktdmVyc2lvbj0yMDE2LTAyLTAx",
      "RequestMethod": "PUT",
      "RequestBody": "{\r\n  \"location\": \"westcentralus\"\r\n}",
      "RequestHeaders": {
=======
      "RequestUri": "/subscriptions/b75889fa-6661-44e0-a844-cd96ec938991/resourcegroups/ps4407?api-version=2016-09-01",
      "EncodedRequestUri": "L3N1YnNjcmlwdGlvbnMvYjc1ODg5ZmEtNjY2MS00NGUwLWE4NDQtY2Q5NmVjOTM4OTkxL3Jlc291cmNlZ3JvdXBzL3BzNDQwNz9hcGktdmVyc2lvbj0yMDE2LTA5LTAx",
      "RequestMethod": "PUT",
      "RequestBody": "{\r\n  \"location\": \"westcentralus\"\r\n}",
      "RequestHeaders": {
        "x-ms-client-request-id": [
          "bd934dd6-e6b2-4bf2-bd50-dc97910937e6"
        ],
        "Accept-Language": [
          "en-US"
        ],
        "User-Agent": [
          "FxVersion/4.6.29130.01",
          "OSName/Windows",
          "OSVersion/Microsoft.Windows.10.0.19041.",
          "Microsoft.Azure.Management.Internal.Resources.ResourceManagementClient/1.3.23"
        ],
>>>>>>> d78b04a5306127f583235b13752c48d4f7d1289a
        "Content-Type": [
          "application/json; charset=utf-8"
        ],
        "Content-Length": [
          "35"
<<<<<<< HEAD
        ],
        "User-Agent": [
          "Microsoft.Azure.Management.Resources.ResourceManagementClient/2.0.0.0"
        ]
      },
      "ResponseBody": "{\r\n  \"id\": \"/subscriptions/df7c055c-6310-4374-9852-10ef71ce5f85/resourceGroups/ps4532\",\r\n  \"name\": \"ps4532\",\r\n  \"location\": \"westcentralus\",\r\n  \"properties\": {\r\n    \"provisioningState\": \"Succeeded\"\r\n  }\r\n}",
      "ResponseHeaders": {
        "Content-Length": [
          "172"
        ],
        "Content-Type": [
          "application/json; charset=utf-8"
        ],
        "Expires": [
          "-1"
=======
        ]
      },
      "ResponseHeaders": {
        "Cache-Control": [
          "no-cache"
>>>>>>> d78b04a5306127f583235b13752c48d4f7d1289a
        ],
        "Pragma": [
          "no-cache"
        ],
        "x-ms-ratelimit-remaining-subscription-writes": [
<<<<<<< HEAD
          "1199"
        ],
        "x-ms-request-id": [
          "c559cba0-39c1-4a07-bbc0-71b55da3b64a"
        ],
        "x-ms-correlation-request-id": [
          "c559cba0-39c1-4a07-bbc0-71b55da3b64a"
        ],
        "x-ms-routing-request-id": [
          "WESTUS2:20180504T235536Z:c559cba0-39c1-4a07-bbc0-71b55da3b64a"
=======
          "1188"
        ],
        "x-ms-request-id": [
          "3e69c914-b9e5-4cfb-a7ad-68b465085c4d"
        ],
        "x-ms-correlation-request-id": [
          "3e69c914-b9e5-4cfb-a7ad-68b465085c4d"
        ],
        "x-ms-routing-request-id": [
          "BRAZILUS:20200907T180511Z:3e69c914-b9e5-4cfb-a7ad-68b465085c4d"
>>>>>>> d78b04a5306127f583235b13752c48d4f7d1289a
        ],
        "Strict-Transport-Security": [
          "max-age=31536000; includeSubDomains"
        ],
        "X-Content-Type-Options": [
          "nosniff"
        ],
<<<<<<< HEAD
        "Cache-Control": [
          "no-cache"
        ],
        "Date": [
          "Fri, 04 May 2018 23:55:35 GMT"
        ]
      },
      "StatusCode": 201
    },
    {
      "RequestUri": "/subscriptions/df7c055c-6310-4374-9852-10ef71ce5f85/resourceGroups/ps4532/providers/Microsoft.Sql/servers/ps3598?api-version=2015-05-01-preview",
      "EncodedRequestUri": "L3N1YnNjcmlwdGlvbnMvZGY3YzA1NWMtNjMxMC00Mzc0LTk4NTItMTBlZjcxY2U1Zjg1L3Jlc291cmNlR3JvdXBzL3BzNDUzMi9wcm92aWRlcnMvTWljcm9zb2Z0LlNxbC9zZXJ2ZXJzL3BzMzU5OD9hcGktdmVyc2lvbj0yMDE1LTA1LTAxLXByZXZpZXc=",
=======
        "Date": [
          "Mon, 07 Sep 2020 18:05:10 GMT"
        ],
        "Content-Length": [
          "172"
        ],
        "Content-Type": [
          "application/json; charset=utf-8"
        ],
        "Expires": [
          "-1"
        ]
      },
      "ResponseBody": "{\r\n  \"id\": \"/subscriptions/b75889fa-6661-44e0-a844-cd96ec938991/resourceGroups/ps4407\",\r\n  \"name\": \"ps4407\",\r\n  \"location\": \"westcentralus\",\r\n  \"properties\": {\r\n    \"provisioningState\": \"Succeeded\"\r\n  }\r\n}",
      "StatusCode": 201
    },
    {
      "RequestUri": "/subscriptions/b75889fa-6661-44e0-a844-cd96ec938991/resourceGroups/ps4407/providers/Microsoft.Sql/servers/ps6430?api-version=2019-06-01-preview",
      "EncodedRequestUri": "L3N1YnNjcmlwdGlvbnMvYjc1ODg5ZmEtNjY2MS00NGUwLWE4NDQtY2Q5NmVjOTM4OTkxL3Jlc291cmNlR3JvdXBzL3BzNDQwNy9wcm92aWRlcnMvTWljcm9zb2Z0LlNxbC9zZXJ2ZXJzL3BzNjQzMD9hcGktdmVyc2lvbj0yMDE5LTA2LTAxLXByZXZpZXc=",
>>>>>>> d78b04a5306127f583235b13752c48d4f7d1289a
      "RequestMethod": "GET",
      "RequestBody": "",
      "RequestHeaders": {
        "x-ms-client-request-id": [
<<<<<<< HEAD
          "c2a1cf36-a3dd-4d9b-8d9a-b5ddb244c59c"
        ],
        "accept-language": [
          "en-US"
        ],
        "User-Agent": [
          "FxVersion/4.7.2633.0",
          "OSName/Windows10Enterprise",
          "OSVersion/6.3.16299",
          "Microsoft.Azure.Management.Sql.SqlManagementClient/1.15.0.0"
        ]
      },
      "ResponseBody": "{\r\n  \"error\": {\r\n    \"code\": \"ResourceNotFound\",\r\n    \"message\": \"The Resource 'Microsoft.Sql/servers/ps3598' under resource group 'ps4532' was not found.\"\r\n  }\r\n}",
      "ResponseHeaders": {
        "Content-Length": [
          "138"
        ],
        "Content-Type": [
          "application/json; charset=utf-8"
        ],
        "Expires": [
          "-1"
=======
          "77a98568-82b9-4648-9725-1ee490aa9e76"
        ],
        "Accept-Language": [
          "en-US"
        ],
        "User-Agent": [
          "FxVersion/4.6.29130.01",
          "OSName/Windows",
          "OSVersion/Microsoft.Windows.10.0.19041.",
          "Microsoft.Azure.Management.Sql.SqlManagementClient/1.44.2.0"
        ]
      },
      "ResponseHeaders": {
        "Cache-Control": [
          "no-cache"
>>>>>>> d78b04a5306127f583235b13752c48d4f7d1289a
        ],
        "Pragma": [
          "no-cache"
        ],
        "x-ms-failure-cause": [
          "gateway"
        ],
        "x-ms-request-id": [
<<<<<<< HEAD
          "bc0ea982-05dd-4afe-bd6f-7c6bb84a4e4f"
        ],
        "x-ms-correlation-request-id": [
          "bc0ea982-05dd-4afe-bd6f-7c6bb84a4e4f"
        ],
        "x-ms-routing-request-id": [
          "WESTUS2:20180504T235536Z:bc0ea982-05dd-4afe-bd6f-7c6bb84a4e4f"
=======
          "b70c6ab9-afa0-49b5-bf82-308e8935305e"
        ],
        "x-ms-correlation-request-id": [
          "b70c6ab9-afa0-49b5-bf82-308e8935305e"
        ],
        "x-ms-routing-request-id": [
          "BRAZILUS:20200907T180512Z:b70c6ab9-afa0-49b5-bf82-308e8935305e"
>>>>>>> d78b04a5306127f583235b13752c48d4f7d1289a
        ],
        "Strict-Transport-Security": [
          "max-age=31536000; includeSubDomains"
        ],
        "X-Content-Type-Options": [
          "nosniff"
        ],
<<<<<<< HEAD
        "Cache-Control": [
          "no-cache"
        ],
        "Date": [
          "Fri, 04 May 2018 23:55:36 GMT"
        ]
      },
      "StatusCode": 404
    },
    {
      "RequestUri": "/subscriptions/df7c055c-6310-4374-9852-10ef71ce5f85/resourceGroups/ps4532/providers/Microsoft.Sql/servers/ps3598?api-version=2015-05-01-preview",
      "EncodedRequestUri": "L3N1YnNjcmlwdGlvbnMvZGY3YzA1NWMtNjMxMC00Mzc0LTk4NTItMTBlZjcxY2U1Zjg1L3Jlc291cmNlR3JvdXBzL3BzNDUzMi9wcm92aWRlcnMvTWljcm9zb2Z0LlNxbC9zZXJ2ZXJzL3BzMzU5OD9hcGktdmVyc2lvbj0yMDE1LTA1LTAxLXByZXZpZXc=",
=======
        "Date": [
          "Mon, 07 Sep 2020 18:05:11 GMT"
        ],
        "Content-Type": [
          "application/json; charset=utf-8"
        ],
        "Expires": [
          "-1"
        ],
        "Content-Length": [
          "206"
        ]
      },
      "ResponseBody": "{\r\n  \"error\": {\r\n    \"code\": \"ResourceNotFound\",\r\n    \"message\": \"The Resource 'Microsoft.Sql/servers/ps6430' under resource group 'ps4407' was not found. For more details please go to https://aka.ms/ARMResourceNotFoundFix\"\r\n  }\r\n}",
      "StatusCode": 404
    },
    {
      "RequestUri": "/subscriptions/b75889fa-6661-44e0-a844-cd96ec938991/resourceGroups/ps4407/providers/Microsoft.Sql/servers/ps6430?api-version=2019-06-01-preview",
      "EncodedRequestUri": "L3N1YnNjcmlwdGlvbnMvYjc1ODg5ZmEtNjY2MS00NGUwLWE4NDQtY2Q5NmVjOTM4OTkxL3Jlc291cmNlR3JvdXBzL3BzNDQwNy9wcm92aWRlcnMvTWljcm9zb2Z0LlNxbC9zZXJ2ZXJzL3BzNjQzMD9hcGktdmVyc2lvbj0yMDE5LTA2LTAxLXByZXZpZXc=",
>>>>>>> d78b04a5306127f583235b13752c48d4f7d1289a
      "RequestMethod": "GET",
      "RequestBody": "",
      "RequestHeaders": {
        "User-Agent": [
<<<<<<< HEAD
          "FxVersion/4.7.2633.0",
          "OSName/Windows10Enterprise",
          "OSVersion/6.3.16299",
          "Microsoft.Azure.Management.Sql.SqlManagementClient/1.15.0.0"
        ]
      },
      "ResponseBody": "{\r\n  \"kind\": \"v12.0\",\r\n  \"properties\": {\r\n    \"administratorLogin\": \"testusername\",\r\n    \"version\": \"12.0\",\r\n    \"state\": \"Ready\",\r\n    \"fullyQualifiedDomainName\": \"ps3598.database.windows.net\"\r\n  },\r\n  \"location\": \"southeastasia\",\r\n  \"id\": \"/subscriptions/df7c055c-6310-4374-9852-10ef71ce5f85/resourceGroups/ps4532/providers/Microsoft.Sql/servers/ps3598\",\r\n  \"name\": \"ps3598\",\r\n  \"type\": \"Microsoft.Sql/servers\"\r\n}",
      "ResponseHeaders": {
        "Content-Length": [
          "351"
        ],
        "Content-Type": [
          "application/json; charset=utf-8"
        ],
        "Expires": [
          "-1"
=======
          "FxVersion/4.6.29130.01",
          "OSName/Windows",
          "OSVersion/Microsoft.Windows.10.0.19041.",
          "Microsoft.Azure.Management.Sql.SqlManagementClient/1.44.2.0"
        ]
      },
      "ResponseHeaders": {
        "Cache-Control": [
          "no-cache"
>>>>>>> d78b04a5306127f583235b13752c48d4f7d1289a
        ],
        "Pragma": [
          "no-cache"
        ],
        "x-ms-request-id": [
<<<<<<< HEAD
          "08a78074-bf6e-490b-8b47-4d83d549425b"
        ],
        "x-ms-ratelimit-remaining-subscription-reads": [
          "14995"
        ],
        "x-ms-correlation-request-id": [
          "c92411e8-17bb-42aa-9239-07c5b0806607"
        ],
        "x-ms-routing-request-id": [
          "WESTUS2:20180504T235629Z:c92411e8-17bb-42aa-9239-07c5b0806607"
=======
          "60e09d0c-b193-40f6-a97f-1420d32186e4"
        ],
        "Server": [
          "Microsoft-HTTPAPI/2.0"
        ],
        "x-ms-ratelimit-remaining-subscription-reads": [
          "11974"
        ],
        "x-ms-correlation-request-id": [
          "eb2ab413-1a57-45c2-b0f2-f4fd00267c5a"
        ],
        "x-ms-routing-request-id": [
          "BRAZILUS:20200907T180601Z:eb2ab413-1a57-45c2-b0f2-f4fd00267c5a"
>>>>>>> d78b04a5306127f583235b13752c48d4f7d1289a
        ],
        "Strict-Transport-Security": [
          "max-age=31536000; includeSubDomains"
        ],
        "X-Content-Type-Options": [
          "nosniff"
        ],
<<<<<<< HEAD
        "Cache-Control": [
          "no-cache"
        ],
        "Date": [
          "Fri, 04 May 2018 23:56:29 GMT"
        ],
        "Server": [
          "Microsoft-HTTPAPI/2.0"
        ]
      },
      "StatusCode": 200
    },
    {
      "RequestUri": "/subscriptions/df7c055c-6310-4374-9852-10ef71ce5f85/resourceGroups/ps4532/providers/Microsoft.Sql/servers/ps3598?api-version=2015-05-01-preview",
      "EncodedRequestUri": "L3N1YnNjcmlwdGlvbnMvZGY3YzA1NWMtNjMxMC00Mzc0LTk4NTItMTBlZjcxY2U1Zjg1L3Jlc291cmNlR3JvdXBzL3BzNDUzMi9wcm92aWRlcnMvTWljcm9zb2Z0LlNxbC9zZXJ2ZXJzL3BzMzU5OD9hcGktdmVyc2lvbj0yMDE1LTA1LTAxLXByZXZpZXc=",
      "RequestMethod": "PUT",
      "RequestBody": "{\r\n  \"properties\": {\r\n    \"administratorLogin\": \"testusername\",\r\n    \"administratorLoginPassword\": \"t357ingP@s5w0rd!\"\r\n  },\r\n  \"location\": \"Southeast Asia\"\r\n}",
      "RequestHeaders": {
        "Content-Type": [
          "application/json; charset=utf-8"
        ],
        "Content-Length": [
          "158"
        ],
        "x-ms-client-request-id": [
          "403e9cd8-aa9d-4f10-a84f-dcfaa074f7a0"
        ],
        "accept-language": [
          "en-US"
        ],
        "User-Agent": [
          "FxVersion/4.7.2633.0",
          "OSName/Windows10Enterprise",
          "OSVersion/6.3.16299",
          "Microsoft.Azure.Management.Sql.SqlManagementClient/1.15.0.0"
        ]
      },
      "ResponseBody": "{\r\n  \"operation\": \"UpsertLogicalServer\",\r\n  \"startTime\": \"2018-05-04T23:55:38.293Z\"\r\n}",
      "ResponseHeaders": {
        "Content-Length": [
          "74"
=======
        "Date": [
          "Mon, 07 Sep 2020 18:06:00 GMT"
        ],
        "Content-Length": [
          "415"
        ],
        "Content-Type": [
          "application/json; charset=utf-8"
        ],
        "Expires": [
          "-1"
        ]
      },
      "ResponseBody": "{\r\n  \"kind\": \"v12.0\",\r\n  \"properties\": {\r\n    \"administratorLogin\": \"testusername\",\r\n    \"version\": \"12.0\",\r\n    \"state\": \"Ready\",\r\n    \"fullyQualifiedDomainName\": \"ps6430.database.windows.net\",\r\n    \"privateEndpointConnections\": [],\r\n    \"publicNetworkAccess\": \"Enabled\"\r\n  },\r\n  \"location\": \"southeastasia\",\r\n  \"id\": \"/subscriptions/b75889fa-6661-44e0-a844-cd96ec938991/resourceGroups/ps4407/providers/Microsoft.Sql/servers/ps6430\",\r\n  \"name\": \"ps6430\",\r\n  \"type\": \"Microsoft.Sql/servers\"\r\n}",
      "StatusCode": 200
    },
    {
      "RequestUri": "/subscriptions/b75889fa-6661-44e0-a844-cd96ec938991/resourceGroups/ps4407/providers/Microsoft.Sql/servers/ps6430?api-version=2019-06-01-preview",
      "EncodedRequestUri": "L3N1YnNjcmlwdGlvbnMvYjc1ODg5ZmEtNjY2MS00NGUwLWE4NDQtY2Q5NmVjOTM4OTkxL3Jlc291cmNlR3JvdXBzL3BzNDQwNy9wcm92aWRlcnMvTWljcm9zb2Z0LlNxbC9zZXJ2ZXJzL3BzNjQzMD9hcGktdmVyc2lvbj0yMDE5LTA2LTAxLXByZXZpZXc=",
      "RequestMethod": "PUT",
      "RequestBody": "{\r\n  \"properties\": {\r\n    \"administratorLogin\": \"testusername\",\r\n    \"administratorLoginPassword\": \"t357ingP@s5w0rd!\"\r\n  },\r\n  \"location\": \"Southeast Asia\"\r\n}",
      "RequestHeaders": {
        "x-ms-client-request-id": [
          "9f47888f-62b4-417f-bd2d-9d7bd238571e"
        ],
        "Accept-Language": [
          "en-US"
        ],
        "User-Agent": [
          "FxVersion/4.6.29130.01",
          "OSName/Windows",
          "OSVersion/Microsoft.Windows.10.0.19041.",
          "Microsoft.Azure.Management.Sql.SqlManagementClient/1.44.2.0"
>>>>>>> d78b04a5306127f583235b13752c48d4f7d1289a
        ],
        "Content-Type": [
          "application/json; charset=utf-8"
        ],
<<<<<<< HEAD
        "Expires": [
          "-1"
=======
        "Content-Length": [
          "158"
        ]
      },
      "ResponseHeaders": {
        "Cache-Control": [
          "no-cache"
>>>>>>> d78b04a5306127f583235b13752c48d4f7d1289a
        ],
        "Pragma": [
          "no-cache"
        ],
<<<<<<< HEAD
=======
        "Location": [
          "https://brazilus.management.azure.com/subscriptions/b75889fa-6661-44e0-a844-cd96ec938991/resourceGroups/ps4407/providers/Microsoft.Sql/locations/southeastasia/serverOperationResults/1b0e9abe-f342-4c5b-94f4-5dcc9053388d?api-version=2019-06-01-preview"
        ],
>>>>>>> d78b04a5306127f583235b13752c48d4f7d1289a
        "Retry-After": [
          "1"
        ],
        "Azure-AsyncOperation": [
<<<<<<< HEAD
          "https://management.azure.com/subscriptions/df7c055c-6310-4374-9852-10ef71ce5f85/resourceGroups/ps4532/providers/Microsoft.Sql/locations/southeastasia/serverAzureAsyncOperation/bce4e7f3-860b-4af9-a9f1-715b1aa420da?api-version=2015-05-01-preview"
        ],
        "x-ms-request-id": [
          "bce4e7f3-860b-4af9-a9f1-715b1aa420da"
        ],
        "x-ms-ratelimit-remaining-subscription-writes": [
          "1199"
        ],
        "x-ms-correlation-request-id": [
          "af3f58ed-bbeb-40b0-bf15-0f388ee674bf"
        ],
        "x-ms-routing-request-id": [
          "WESTUS2:20180504T235538Z:af3f58ed-bbeb-40b0-bf15-0f388ee674bf"
=======
          "https://brazilus.management.azure.com/subscriptions/b75889fa-6661-44e0-a844-cd96ec938991/resourceGroups/ps4407/providers/Microsoft.Sql/locations/southeastasia/serverAzureAsyncOperation/1b0e9abe-f342-4c5b-94f4-5dcc9053388d?api-version=2019-06-01-preview"
        ],
        "x-ms-request-id": [
          "1b0e9abe-f342-4c5b-94f4-5dcc9053388d"
        ],
        "Server": [
          "Microsoft-HTTPAPI/2.0"
        ],
        "x-ms-ratelimit-remaining-subscription-writes": [
          "1197"
        ],
        "x-ms-correlation-request-id": [
          "9d7053e4-24fa-4074-b56c-b4ead182a479"
        ],
        "x-ms-routing-request-id": [
          "BRAZILUS:20200907T180515Z:9d7053e4-24fa-4074-b56c-b4ead182a479"
>>>>>>> d78b04a5306127f583235b13752c48d4f7d1289a
        ],
        "Strict-Transport-Security": [
          "max-age=31536000; includeSubDomains"
        ],
        "X-Content-Type-Options": [
          "nosniff"
        ],
<<<<<<< HEAD
        "Cache-Control": [
          "no-cache"
        ],
        "Date": [
          "Fri, 04 May 2018 23:55:38 GMT"
        ],
        "Location": [
          "https://management.azure.com/subscriptions/df7c055c-6310-4374-9852-10ef71ce5f85/resourceGroups/ps4532/providers/Microsoft.Sql/locations/southeastasia/serverOperationResults/bce4e7f3-860b-4af9-a9f1-715b1aa420da?api-version=2015-05-01-preview"
        ],
        "Server": [
          "Microsoft-HTTPAPI/2.0"
        ]
      },
      "StatusCode": 202
    },
    {
      "RequestUri": "/subscriptions/df7c055c-6310-4374-9852-10ef71ce5f85/resourceGroups/ps4532/providers/Microsoft.Sql/locations/southeastasia/serverAzureAsyncOperation/bce4e7f3-860b-4af9-a9f1-715b1aa420da?api-version=2015-05-01-preview",
      "EncodedRequestUri": "L3N1YnNjcmlwdGlvbnMvZGY3YzA1NWMtNjMxMC00Mzc0LTk4NTItMTBlZjcxY2U1Zjg1L3Jlc291cmNlR3JvdXBzL3BzNDUzMi9wcm92aWRlcnMvTWljcm9zb2Z0LlNxbC9sb2NhdGlvbnMvc291dGhlYXN0YXNpYS9zZXJ2ZXJBenVyZUFzeW5jT3BlcmF0aW9uL2JjZTRlN2YzLTg2MGItNGFmOS1hOWYxLTcxNWIxYWE0MjBkYT9hcGktdmVyc2lvbj0yMDE1LTA1LTAxLXByZXZpZXc=",
=======
        "Date": [
          "Mon, 07 Sep 2020 18:05:15 GMT"
        ],
        "Content-Length": [
          "74"
        ],
        "Content-Type": [
          "application/json; charset=utf-8"
        ],
        "Expires": [
          "-1"
        ]
      },
      "ResponseBody": "{\r\n  \"operation\": \"UpsertLogicalServer\",\r\n  \"startTime\": \"2020-09-07T18:05:14.553Z\"\r\n}",
      "StatusCode": 202
    },
    {
      "RequestUri": "/subscriptions/b75889fa-6661-44e0-a844-cd96ec938991/resourceGroups/ps4407/providers/Microsoft.Sql/locations/southeastasia/serverAzureAsyncOperation/1b0e9abe-f342-4c5b-94f4-5dcc9053388d?api-version=2019-06-01-preview",
      "EncodedRequestUri": "L3N1YnNjcmlwdGlvbnMvYjc1ODg5ZmEtNjY2MS00NGUwLWE4NDQtY2Q5NmVjOTM4OTkxL3Jlc291cmNlR3JvdXBzL3BzNDQwNy9wcm92aWRlcnMvTWljcm9zb2Z0LlNxbC9sb2NhdGlvbnMvc291dGhlYXN0YXNpYS9zZXJ2ZXJBenVyZUFzeW5jT3BlcmF0aW9uLzFiMGU5YWJlLWYzNDItNGM1Yi05NGY0LTVkY2M5MDUzMzg4ZD9hcGktdmVyc2lvbj0yMDE5LTA2LTAxLXByZXZpZXc=",
>>>>>>> d78b04a5306127f583235b13752c48d4f7d1289a
      "RequestMethod": "GET",
      "RequestBody": "",
      "RequestHeaders": {
        "User-Agent": [
<<<<<<< HEAD
          "FxVersion/4.7.2633.0",
          "OSName/Windows10Enterprise",
          "OSVersion/6.3.16299",
          "Microsoft.Azure.Management.Sql.SqlManagementClient/1.15.0.0"
        ]
      },
      "ResponseBody": "{\r\n  \"name\": \"bce4e7f3-860b-4af9-a9f1-715b1aa420da\",\r\n  \"status\": \"InProgress\",\r\n  \"startTime\": \"2018-05-04T23:55:38.293Z\"\r\n}",
      "ResponseHeaders": {
        "Content-Length": [
          "108"
        ],
        "Content-Type": [
          "application/json; charset=utf-8"
        ],
        "Expires": [
          "-1"
=======
          "FxVersion/4.6.29130.01",
          "OSName/Windows",
          "OSVersion/Microsoft.Windows.10.0.19041.",
          "Microsoft.Azure.Management.Sql.SqlManagementClient/1.44.2.0"
        ]
      },
      "ResponseHeaders": {
        "Cache-Control": [
          "no-cache"
>>>>>>> d78b04a5306127f583235b13752c48d4f7d1289a
        ],
        "Pragma": [
          "no-cache"
        ],
        "Retry-After": [
<<<<<<< HEAD
          "20"
        ],
        "x-ms-request-id": [
          "84955cbf-e148-4282-a7de-5900f79c4032"
        ],
        "x-ms-ratelimit-remaining-subscription-reads": [
          "14998"
        ],
        "x-ms-correlation-request-id": [
          "c861b9f7-9ed7-4bdd-ad56-89511e8172bd"
        ],
        "x-ms-routing-request-id": [
          "WESTUS2:20180504T235548Z:c861b9f7-9ed7-4bdd-ad56-89511e8172bd"
=======
          "1"
        ],
        "x-ms-request-id": [
          "2d640971-b327-4d3d-ac45-6e6dea79c689"
        ],
        "Server": [
          "Microsoft-HTTPAPI/2.0"
        ],
        "x-ms-ratelimit-remaining-subscription-reads": [
          "11980"
        ],
        "x-ms-correlation-request-id": [
          "91494893-abaa-43e3-ba8b-f091300d29cf"
        ],
        "x-ms-routing-request-id": [
          "BRAZILUS:20200907T180516Z:91494893-abaa-43e3-ba8b-f091300d29cf"
>>>>>>> d78b04a5306127f583235b13752c48d4f7d1289a
        ],
        "Strict-Transport-Security": [
          "max-age=31536000; includeSubDomains"
        ],
        "X-Content-Type-Options": [
          "nosniff"
        ],
<<<<<<< HEAD
        "Cache-Control": [
          "no-cache"
        ],
        "Date": [
          "Fri, 04 May 2018 23:55:48 GMT"
        ],
        "Server": [
          "Microsoft-HTTPAPI/2.0"
        ]
      },
      "StatusCode": 200
    },
    {
      "RequestUri": "/subscriptions/df7c055c-6310-4374-9852-10ef71ce5f85/resourceGroups/ps4532/providers/Microsoft.Sql/locations/southeastasia/serverAzureAsyncOperation/bce4e7f3-860b-4af9-a9f1-715b1aa420da?api-version=2015-05-01-preview",
      "EncodedRequestUri": "L3N1YnNjcmlwdGlvbnMvZGY3YzA1NWMtNjMxMC00Mzc0LTk4NTItMTBlZjcxY2U1Zjg1L3Jlc291cmNlR3JvdXBzL3BzNDUzMi9wcm92aWRlcnMvTWljcm9zb2Z0LlNxbC9sb2NhdGlvbnMvc291dGhlYXN0YXNpYS9zZXJ2ZXJBenVyZUFzeW5jT3BlcmF0aW9uL2JjZTRlN2YzLTg2MGItNGFmOS1hOWYxLTcxNWIxYWE0MjBkYT9hcGktdmVyc2lvbj0yMDE1LTA1LTAxLXByZXZpZXc=",
=======
        "Date": [
          "Mon, 07 Sep 2020 18:05:16 GMT"
        ],
        "Content-Length": [
          "108"
        ],
        "Content-Type": [
          "application/json; charset=utf-8"
        ],
        "Expires": [
          "-1"
        ]
      },
      "ResponseBody": "{\r\n  \"name\": \"1b0e9abe-f342-4c5b-94f4-5dcc9053388d\",\r\n  \"status\": \"InProgress\",\r\n  \"startTime\": \"2020-09-07T18:05:14.553Z\"\r\n}",
      "StatusCode": 200
    },
    {
      "RequestUri": "/subscriptions/b75889fa-6661-44e0-a844-cd96ec938991/resourceGroups/ps4407/providers/Microsoft.Sql/locations/southeastasia/serverAzureAsyncOperation/1b0e9abe-f342-4c5b-94f4-5dcc9053388d?api-version=2019-06-01-preview",
      "EncodedRequestUri": "L3N1YnNjcmlwdGlvbnMvYjc1ODg5ZmEtNjY2MS00NGUwLWE4NDQtY2Q5NmVjOTM4OTkxL3Jlc291cmNlR3JvdXBzL3BzNDQwNy9wcm92aWRlcnMvTWljcm9zb2Z0LlNxbC9sb2NhdGlvbnMvc291dGhlYXN0YXNpYS9zZXJ2ZXJBenVyZUFzeW5jT3BlcmF0aW9uLzFiMGU5YWJlLWYzNDItNGM1Yi05NGY0LTVkY2M5MDUzMzg4ZD9hcGktdmVyc2lvbj0yMDE5LTA2LTAxLXByZXZpZXc=",
>>>>>>> d78b04a5306127f583235b13752c48d4f7d1289a
      "RequestMethod": "GET",
      "RequestBody": "",
      "RequestHeaders": {
        "User-Agent": [
<<<<<<< HEAD
          "FxVersion/4.7.2633.0",
          "OSName/Windows10Enterprise",
          "OSVersion/6.3.16299",
          "Microsoft.Azure.Management.Sql.SqlManagementClient/1.15.0.0"
        ]
      },
      "ResponseBody": "{\r\n  \"name\": \"bce4e7f3-860b-4af9-a9f1-715b1aa420da\",\r\n  \"status\": \"InProgress\",\r\n  \"startTime\": \"2018-05-04T23:55:38.293Z\"\r\n}",
      "ResponseHeaders": {
        "Content-Length": [
          "108"
        ],
        "Content-Type": [
          "application/json; charset=utf-8"
        ],
        "Expires": [
          "-1"
=======
          "FxVersion/4.6.29130.01",
          "OSName/Windows",
          "OSVersion/Microsoft.Windows.10.0.19041.",
          "Microsoft.Azure.Management.Sql.SqlManagementClient/1.44.2.0"
        ]
      },
      "ResponseHeaders": {
        "Cache-Control": [
          "no-cache"
>>>>>>> d78b04a5306127f583235b13752c48d4f7d1289a
        ],
        "Pragma": [
          "no-cache"
        ],
        "Retry-After": [
<<<<<<< HEAD
          "20"
        ],
        "x-ms-request-id": [
          "399a0284-2947-44c1-93bd-2579d15cb017"
        ],
        "x-ms-ratelimit-remaining-subscription-reads": [
          "14997"
        ],
        "x-ms-correlation-request-id": [
          "556d4ecb-dd1b-462d-ab9a-1d75a5e18493"
        ],
        "x-ms-routing-request-id": [
          "WESTUS2:20180504T235608Z:556d4ecb-dd1b-462d-ab9a-1d75a5e18493"
=======
          "1"
        ],
        "x-ms-request-id": [
          "aa3f09b5-78f9-4628-a835-1828ecdb8ffc"
        ],
        "Server": [
          "Microsoft-HTTPAPI/2.0"
        ],
        "x-ms-ratelimit-remaining-subscription-reads": [
          "11979"
        ],
        "x-ms-correlation-request-id": [
          "22805020-953a-42cb-aa1d-c839feb27912"
        ],
        "x-ms-routing-request-id": [
          "BRAZILUS:20200907T180517Z:22805020-953a-42cb-aa1d-c839feb27912"
>>>>>>> d78b04a5306127f583235b13752c48d4f7d1289a
        ],
        "Strict-Transport-Security": [
          "max-age=31536000; includeSubDomains"
        ],
        "X-Content-Type-Options": [
          "nosniff"
        ],
<<<<<<< HEAD
        "Cache-Control": [
          "no-cache"
        ],
        "Date": [
          "Fri, 04 May 2018 23:56:08 GMT"
        ],
        "Server": [
          "Microsoft-HTTPAPI/2.0"
        ]
      },
      "StatusCode": 200
    },
    {
      "RequestUri": "/subscriptions/df7c055c-6310-4374-9852-10ef71ce5f85/resourceGroups/ps4532/providers/Microsoft.Sql/locations/southeastasia/serverAzureAsyncOperation/bce4e7f3-860b-4af9-a9f1-715b1aa420da?api-version=2015-05-01-preview",
      "EncodedRequestUri": "L3N1YnNjcmlwdGlvbnMvZGY3YzA1NWMtNjMxMC00Mzc0LTk4NTItMTBlZjcxY2U1Zjg1L3Jlc291cmNlR3JvdXBzL3BzNDUzMi9wcm92aWRlcnMvTWljcm9zb2Z0LlNxbC9sb2NhdGlvbnMvc291dGhlYXN0YXNpYS9zZXJ2ZXJBenVyZUFzeW5jT3BlcmF0aW9uL2JjZTRlN2YzLTg2MGItNGFmOS1hOWYxLTcxNWIxYWE0MjBkYT9hcGktdmVyc2lvbj0yMDE1LTA1LTAxLXByZXZpZXc=",
=======
        "Date": [
          "Mon, 07 Sep 2020 18:05:17 GMT"
        ],
        "Content-Length": [
          "108"
        ],
        "Content-Type": [
          "application/json; charset=utf-8"
        ],
        "Expires": [
          "-1"
        ]
      },
      "ResponseBody": "{\r\n  \"name\": \"1b0e9abe-f342-4c5b-94f4-5dcc9053388d\",\r\n  \"status\": \"InProgress\",\r\n  \"startTime\": \"2020-09-07T18:05:14.553Z\"\r\n}",
      "StatusCode": 200
    },
    {
      "RequestUri": "/subscriptions/b75889fa-6661-44e0-a844-cd96ec938991/resourceGroups/ps4407/providers/Microsoft.Sql/locations/southeastasia/serverAzureAsyncOperation/1b0e9abe-f342-4c5b-94f4-5dcc9053388d?api-version=2019-06-01-preview",
      "EncodedRequestUri": "L3N1YnNjcmlwdGlvbnMvYjc1ODg5ZmEtNjY2MS00NGUwLWE4NDQtY2Q5NmVjOTM4OTkxL3Jlc291cmNlR3JvdXBzL3BzNDQwNy9wcm92aWRlcnMvTWljcm9zb2Z0LlNxbC9sb2NhdGlvbnMvc291dGhlYXN0YXNpYS9zZXJ2ZXJBenVyZUFzeW5jT3BlcmF0aW9uLzFiMGU5YWJlLWYzNDItNGM1Yi05NGY0LTVkY2M5MDUzMzg4ZD9hcGktdmVyc2lvbj0yMDE5LTA2LTAxLXByZXZpZXc=",
>>>>>>> d78b04a5306127f583235b13752c48d4f7d1289a
      "RequestMethod": "GET",
      "RequestBody": "",
      "RequestHeaders": {
        "User-Agent": [
<<<<<<< HEAD
          "FxVersion/4.7.2633.0",
          "OSName/Windows10Enterprise",
          "OSVersion/6.3.16299",
          "Microsoft.Azure.Management.Sql.SqlManagementClient/1.15.0.0"
        ]
      },
      "ResponseBody": "{\r\n  \"name\": \"bce4e7f3-860b-4af9-a9f1-715b1aa420da\",\r\n  \"status\": \"Succeeded\",\r\n  \"startTime\": \"2018-05-04T23:55:38.293Z\"\r\n}",
      "ResponseHeaders": {
        "Content-Length": [
          "107"
        ],
        "Content-Type": [
          "application/json; charset=utf-8"
        ],
        "Expires": [
          "-1"
=======
          "FxVersion/4.6.29130.01",
          "OSName/Windows",
          "OSVersion/Microsoft.Windows.10.0.19041.",
          "Microsoft.Azure.Management.Sql.SqlManagementClient/1.44.2.0"
        ]
      },
      "ResponseHeaders": {
        "Cache-Control": [
          "no-cache"
>>>>>>> d78b04a5306127f583235b13752c48d4f7d1289a
        ],
        "Pragma": [
          "no-cache"
        ],
        "Retry-After": [
<<<<<<< HEAD
          "15"
        ],
        "x-ms-request-id": [
          "d819ec88-e3f1-491e-a5cc-5a7d21e2f9f1"
        ],
        "x-ms-ratelimit-remaining-subscription-reads": [
          "14996"
        ],
        "x-ms-correlation-request-id": [
          "a4aba194-f86c-450c-8015-8bbc1cb7e63d"
        ],
        "x-ms-routing-request-id": [
          "WESTUS2:20180504T235629Z:a4aba194-f86c-450c-8015-8bbc1cb7e63d"
=======
          "1"
        ],
        "x-ms-request-id": [
          "83206475-346b-4fa2-b8c3-d73214677071"
        ],
        "Server": [
          "Microsoft-HTTPAPI/2.0"
        ],
        "x-ms-ratelimit-remaining-subscription-reads": [
          "11978"
        ],
        "x-ms-correlation-request-id": [
          "eb56f522-e709-4bbd-8e3e-10178a7d50ba"
        ],
        "x-ms-routing-request-id": [
          "BRAZILUS:20200907T180518Z:eb56f522-e709-4bbd-8e3e-10178a7d50ba"
>>>>>>> d78b04a5306127f583235b13752c48d4f7d1289a
        ],
        "Strict-Transport-Security": [
          "max-age=31536000; includeSubDomains"
        ],
        "X-Content-Type-Options": [
          "nosniff"
        ],
<<<<<<< HEAD
        "Cache-Control": [
          "no-cache"
        ],
        "Date": [
          "Fri, 04 May 2018 23:56:28 GMT"
        ],
        "Server": [
          "Microsoft-HTTPAPI/2.0"
        ]
      },
      "StatusCode": 200
    },
    {
      "RequestUri": "/subscriptions/df7c055c-6310-4374-9852-10ef71ce5f85/resourceGroups/ps4532/providers/Microsoft.Sql/servers/ps3598/advisors/CreateIndex?api-version=2015-05-01-preview",
      "EncodedRequestUri": "L3N1YnNjcmlwdGlvbnMvZGY3YzA1NWMtNjMxMC00Mzc0LTk4NTItMTBlZjcxY2U1Zjg1L3Jlc291cmNlR3JvdXBzL3BzNDUzMi9wcm92aWRlcnMvTWljcm9zb2Z0LlNxbC9zZXJ2ZXJzL3BzMzU5OC9hZHZpc29ycy9DcmVhdGVJbmRleD9hcGktdmVyc2lvbj0yMDE1LTA1LTAxLXByZXZpZXc=",
=======
        "Date": [
          "Mon, 07 Sep 2020 18:05:18 GMT"
        ],
        "Content-Length": [
          "108"
        ],
        "Content-Type": [
          "application/json; charset=utf-8"
        ],
        "Expires": [
          "-1"
        ]
      },
      "ResponseBody": "{\r\n  \"name\": \"1b0e9abe-f342-4c5b-94f4-5dcc9053388d\",\r\n  \"status\": \"InProgress\",\r\n  \"startTime\": \"2020-09-07T18:05:14.553Z\"\r\n}",
      "StatusCode": 200
    },
    {
      "RequestUri": "/subscriptions/b75889fa-6661-44e0-a844-cd96ec938991/resourceGroups/ps4407/providers/Microsoft.Sql/locations/southeastasia/serverAzureAsyncOperation/1b0e9abe-f342-4c5b-94f4-5dcc9053388d?api-version=2019-06-01-preview",
      "EncodedRequestUri": "L3N1YnNjcmlwdGlvbnMvYjc1ODg5ZmEtNjY2MS00NGUwLWE4NDQtY2Q5NmVjOTM4OTkxL3Jlc291cmNlR3JvdXBzL3BzNDQwNy9wcm92aWRlcnMvTWljcm9zb2Z0LlNxbC9sb2NhdGlvbnMvc291dGhlYXN0YXNpYS9zZXJ2ZXJBenVyZUFzeW5jT3BlcmF0aW9uLzFiMGU5YWJlLWYzNDItNGM1Yi05NGY0LTVkY2M5MDUzMzg4ZD9hcGktdmVyc2lvbj0yMDE5LTA2LTAxLXByZXZpZXc=",
>>>>>>> d78b04a5306127f583235b13752c48d4f7d1289a
      "RequestMethod": "GET",
      "RequestBody": "",
      "RequestHeaders": {
        "User-Agent": [
<<<<<<< HEAD
          "Microsoft.Azure.Management.Sql.LegacySdk.SqlManagementClient/4.4.1.0"
        ]
      },
      "ResponseBody": "{\r\n  \"kind\": \"\",\r\n  \"location\": \"Southeast Asia\",\r\n  \"properties\": {\r\n    \"advisorStatus\": \"GA\",\r\n    \"autoExecuteStatus\": \"Disabled\",\r\n    \"autoExecuteStatusInheritedFrom\": \"Server\"\r\n  },\r\n  \"id\": \"/subscriptions/df7c055c-6310-4374-9852-10ef71ce5f85/resourceGroups/ps4532/providers/Microsoft.Sql/servers/ps3598/advisors/CreateIndex\",\r\n  \"name\": \"CreateIndex\",\r\n  \"type\": \"Microsoft.Sql/servers/advisors\"\r\n}",
      "ResponseHeaders": {
        "Content-Length": [
          "350"
        ],
        "Content-Type": [
          "application/json; charset=utf-8"
        ],
        "Expires": [
          "-1"
=======
          "FxVersion/4.6.29130.01",
          "OSName/Windows",
          "OSVersion/Microsoft.Windows.10.0.19041.",
          "Microsoft.Azure.Management.Sql.SqlManagementClient/1.44.2.0"
        ]
      },
      "ResponseHeaders": {
        "Cache-Control": [
          "no-cache"
>>>>>>> d78b04a5306127f583235b13752c48d4f7d1289a
        ],
        "Pragma": [
          "no-cache"
        ],
<<<<<<< HEAD
        "x-ms-request-id": [
          "b0fef98a-0d10-4a05-89c4-2a889c1e2f59"
        ],
        "x-ms-ratelimit-remaining-subscription-reads": [
          "14997"
        ],
        "x-ms-correlation-request-id": [
          "13b1820e-4696-4535-abd8-39e0f760c878"
        ],
        "x-ms-routing-request-id": [
          "WESTUS2:20180504T235630Z:13b1820e-4696-4535-abd8-39e0f760c878"
=======
        "Retry-After": [
          "20"
        ],
        "x-ms-request-id": [
          "7cb8a7cb-10c9-4381-aacd-909d0735a5e1"
        ],
        "Server": [
          "Microsoft-HTTPAPI/2.0"
        ],
        "x-ms-ratelimit-remaining-subscription-reads": [
          "11977"
        ],
        "x-ms-correlation-request-id": [
          "d929bedd-37ae-445f-ae92-3f800fa4e7a0"
        ],
        "x-ms-routing-request-id": [
          "BRAZILUS:20200907T180520Z:d929bedd-37ae-445f-ae92-3f800fa4e7a0"
>>>>>>> d78b04a5306127f583235b13752c48d4f7d1289a
        ],
        "Strict-Transport-Security": [
          "max-age=31536000; includeSubDomains"
        ],
        "X-Content-Type-Options": [
          "nosniff"
        ],
<<<<<<< HEAD
        "Cache-Control": [
          "no-cache"
        ],
        "Date": [
          "Fri, 04 May 2018 23:56:29 GMT"
        ],
        "Server": [
          "Microsoft-HTTPAPI/2.0"
        ]
      },
      "StatusCode": 200
    },
    {
      "RequestUri": "/subscriptions/df7c055c-6310-4374-9852-10ef71ce5f85/resourceGroups/ps4532/providers/Microsoft.Sql/servers/ps3598/advisors/CreateIndex?api-version=2015-05-01-preview",
      "EncodedRequestUri": "L3N1YnNjcmlwdGlvbnMvZGY3YzA1NWMtNjMxMC00Mzc0LTk4NTItMTBlZjcxY2U1Zjg1L3Jlc291cmNlR3JvdXBzL3BzNDUzMi9wcm92aWRlcnMvTWljcm9zb2Z0LlNxbC9zZXJ2ZXJzL3BzMzU5OC9hZHZpc29ycy9DcmVhdGVJbmRleD9hcGktdmVyc2lvbj0yMDE1LTA1LTAxLXByZXZpZXc=",
      "RequestMethod": "PATCH",
      "RequestBody": "{\r\n  \"properties\": {\r\n    \"autoExecuteStatus\": \"Disabled\"\r\n  }\r\n}",
      "RequestHeaders": {
        "Content-Type": [
          "application/json; charset=utf-8"
        ],
        "Content-Length": [
          "65"
        ],
        "User-Agent": [
          "Microsoft.Azure.Management.Sql.LegacySdk.SqlManagementClient/4.4.1.0"
        ]
      },
      "ResponseBody": "{\r\n  \"kind\": \"\",\r\n  \"location\": \"Southeast Asia\",\r\n  \"properties\": {\r\n    \"advisorStatus\": \"GA\",\r\n    \"autoExecuteStatus\": \"Disabled\",\r\n    \"autoExecuteStatusInheritedFrom\": \"Server\"\r\n  },\r\n  \"id\": \"/subscriptions/df7c055c-6310-4374-9852-10ef71ce5f85/resourceGroups/ps4532/providers/Microsoft.Sql/servers/ps3598/advisors/CreateIndex\",\r\n  \"name\": \"CreateIndex\",\r\n  \"type\": \"Microsoft.Sql/servers/advisors\"\r\n}",
      "ResponseHeaders": {
        "Content-Length": [
          "350"
=======
        "Date": [
          "Mon, 07 Sep 2020 18:05:20 GMT"
        ],
        "Content-Length": [
          "108"
>>>>>>> d78b04a5306127f583235b13752c48d4f7d1289a
        ],
        "Content-Type": [
          "application/json; charset=utf-8"
        ],
        "Expires": [
          "-1"
<<<<<<< HEAD
        ],
        "Pragma": [
          "no-cache"
        ],
        "x-ms-request-id": [
          "a0df2fec-70ca-4e77-ba04-557387d68740"
        ],
        "x-ms-ratelimit-remaining-subscription-writes": [
          "1199"
        ],
        "x-ms-correlation-request-id": [
          "6c867451-7838-44d6-9bd0-24eec6526c54"
        ],
        "x-ms-routing-request-id": [
          "WESTUS2:20180504T235631Z:6c867451-7838-44d6-9bd0-24eec6526c54"
        ],
        "Strict-Transport-Security": [
          "max-age=31536000; includeSubDomains"
        ],
        "X-Content-Type-Options": [
          "nosniff"
        ],
        "Cache-Control": [
          "no-cache"
        ],
        "Date": [
          "Fri, 04 May 2018 23:56:30 GMT"
        ],
        "Server": [
          "Microsoft-HTTPAPI/2.0"
        ]
      },
      "StatusCode": 200
    },
    {
      "RequestUri": "/subscriptions/df7c055c-6310-4374-9852-10ef71ce5f85/resourcegroups/ps4532?api-version=2016-02-01",
      "EncodedRequestUri": "L3N1YnNjcmlwdGlvbnMvZGY3YzA1NWMtNjMxMC00Mzc0LTk4NTItMTBlZjcxY2U1Zjg1L3Jlc291cmNlZ3JvdXBzL3BzNDUzMj9hcGktdmVyc2lvbj0yMDE2LTAyLTAx",
      "RequestMethod": "DELETE",
      "RequestBody": "",
      "RequestHeaders": {
        "User-Agent": [
          "Microsoft.Azure.Management.Resources.ResourceManagementClient/2.0.0.0"
        ]
      },
      "ResponseBody": "",
      "ResponseHeaders": {
        "Content-Length": [
          "0"
        ],
        "Expires": [
          "-1"
=======
        ]
      },
      "ResponseBody": "{\r\n  \"name\": \"1b0e9abe-f342-4c5b-94f4-5dcc9053388d\",\r\n  \"status\": \"InProgress\",\r\n  \"startTime\": \"2020-09-07T18:05:14.553Z\"\r\n}",
      "StatusCode": 200
    },
    {
      "RequestUri": "/subscriptions/b75889fa-6661-44e0-a844-cd96ec938991/resourceGroups/ps4407/providers/Microsoft.Sql/locations/southeastasia/serverAzureAsyncOperation/1b0e9abe-f342-4c5b-94f4-5dcc9053388d?api-version=2019-06-01-preview",
      "EncodedRequestUri": "L3N1YnNjcmlwdGlvbnMvYjc1ODg5ZmEtNjY2MS00NGUwLWE4NDQtY2Q5NmVjOTM4OTkxL3Jlc291cmNlR3JvdXBzL3BzNDQwNy9wcm92aWRlcnMvTWljcm9zb2Z0LlNxbC9sb2NhdGlvbnMvc291dGhlYXN0YXNpYS9zZXJ2ZXJBenVyZUFzeW5jT3BlcmF0aW9uLzFiMGU5YWJlLWYzNDItNGM1Yi05NGY0LTVkY2M5MDUzMzg4ZD9hcGktdmVyc2lvbj0yMDE5LTA2LTAxLXByZXZpZXc=",
      "RequestMethod": "GET",
      "RequestBody": "",
      "RequestHeaders": {
        "User-Agent": [
          "FxVersion/4.6.29130.01",
          "OSName/Windows",
          "OSVersion/Microsoft.Windows.10.0.19041.",
          "Microsoft.Azure.Management.Sql.SqlManagementClient/1.44.2.0"
        ]
      },
      "ResponseHeaders": {
        "Cache-Control": [
          "no-cache"
>>>>>>> d78b04a5306127f583235b13752c48d4f7d1289a
        ],
        "Pragma": [
          "no-cache"
        ],
        "Retry-After": [
<<<<<<< HEAD
          "15"
        ],
        "x-ms-ratelimit-remaining-subscription-writes": [
          "1198"
        ],
        "x-ms-request-id": [
          "b560dd83-d980-4509-b2ac-338162fa2e42"
        ],
        "x-ms-correlation-request-id": [
          "b560dd83-d980-4509-b2ac-338162fa2e42"
        ],
        "x-ms-routing-request-id": [
          "WESTUS2:20180504T235632Z:b560dd83-d980-4509-b2ac-338162fa2e42"
=======
          "20"
        ],
        "x-ms-request-id": [
          "b3e80efa-4501-47cc-b433-2e4f5aa2baac"
        ],
        "Server": [
          "Microsoft-HTTPAPI/2.0"
        ],
        "x-ms-ratelimit-remaining-subscription-reads": [
          "11976"
        ],
        "x-ms-correlation-request-id": [
          "386806b9-47fa-4ff4-8e36-3f062b765248"
        ],
        "x-ms-routing-request-id": [
          "BRAZILUS:20200907T180540Z:386806b9-47fa-4ff4-8e36-3f062b765248"
>>>>>>> d78b04a5306127f583235b13752c48d4f7d1289a
        ],
        "Strict-Transport-Security": [
          "max-age=31536000; includeSubDomains"
        ],
        "X-Content-Type-Options": [
          "nosniff"
        ],
<<<<<<< HEAD
        "Cache-Control": [
          "no-cache"
        ],
        "Date": [
          "Fri, 04 May 2018 23:56:31 GMT"
        ],
        "Location": [
          "https://management.azure.com/subscriptions/df7c055c-6310-4374-9852-10ef71ce5f85/operationresults/eyJqb2JJZCI6IlJFU09VUkNFR1JPVVBERUxFVElPTkpPQi1QUzQ1MzItV0VTVENFTlRSQUxVUyIsImpvYkxvY2F0aW9uIjoid2VzdGNlbnRyYWx1cyJ9?api-version=2016-02-01"
        ]
      },
      "StatusCode": 202
    },
    {
      "RequestUri": "/subscriptions/df7c055c-6310-4374-9852-10ef71ce5f85/operationresults/eyJqb2JJZCI6IlJFU09VUkNFR1JPVVBERUxFVElPTkpPQi1QUzQ1MzItV0VTVENFTlRSQUxVUyIsImpvYkxvY2F0aW9uIjoid2VzdGNlbnRyYWx1cyJ9?api-version=2016-02-01",
      "EncodedRequestUri": "L3N1YnNjcmlwdGlvbnMvZGY3YzA1NWMtNjMxMC00Mzc0LTk4NTItMTBlZjcxY2U1Zjg1L29wZXJhdGlvbnJlc3VsdHMvZXlKcWIySkpaQ0k2SWxKRlUwOVZVa05GUjFKUFZWQkVSVXhGVkVsUFRrcFBRaTFRVXpRMU16SXRWMFZUVkVORlRsUlNRVXhWVXlJc0ltcHZZa3h2WTJGMGFXOXVJam9pZDJWemRHTmxiblJ5WVd4MWN5Sjk/YXBpLXZlcnNpb249MjAxNi0wMi0wMQ==",
      "RequestMethod": "GET",
      "RequestBody": "",
      "RequestHeaders": {
        "x-ms-version": [
          "2016-02-01"
        ],
        "User-Agent": [
          "Microsoft.Azure.Management.Resources.ResourceManagementClient/2.0.0.0"
        ]
      },
      "ResponseBody": "",
      "ResponseHeaders": {
        "Content-Length": [
          "0"
        ],
        "Expires": [
          "-1"
=======
        "Date": [
          "Mon, 07 Sep 2020 18:05:40 GMT"
        ],
        "Content-Length": [
          "108"
        ],
        "Content-Type": [
          "application/json; charset=utf-8"
        ],
        "Expires": [
          "-1"
        ]
      },
      "ResponseBody": "{\r\n  \"name\": \"1b0e9abe-f342-4c5b-94f4-5dcc9053388d\",\r\n  \"status\": \"InProgress\",\r\n  \"startTime\": \"2020-09-07T18:05:14.553Z\"\r\n}",
      "StatusCode": 200
    },
    {
      "RequestUri": "/subscriptions/b75889fa-6661-44e0-a844-cd96ec938991/resourceGroups/ps4407/providers/Microsoft.Sql/locations/southeastasia/serverAzureAsyncOperation/1b0e9abe-f342-4c5b-94f4-5dcc9053388d?api-version=2019-06-01-preview",
      "EncodedRequestUri": "L3N1YnNjcmlwdGlvbnMvYjc1ODg5ZmEtNjY2MS00NGUwLWE4NDQtY2Q5NmVjOTM4OTkxL3Jlc291cmNlR3JvdXBzL3BzNDQwNy9wcm92aWRlcnMvTWljcm9zb2Z0LlNxbC9sb2NhdGlvbnMvc291dGhlYXN0YXNpYS9zZXJ2ZXJBenVyZUFzeW5jT3BlcmF0aW9uLzFiMGU5YWJlLWYzNDItNGM1Yi05NGY0LTVkY2M5MDUzMzg4ZD9hcGktdmVyc2lvbj0yMDE5LTA2LTAxLXByZXZpZXc=",
      "RequestMethod": "GET",
      "RequestBody": "",
      "RequestHeaders": {
        "User-Agent": [
          "FxVersion/4.6.29130.01",
          "OSName/Windows",
          "OSVersion/Microsoft.Windows.10.0.19041.",
          "Microsoft.Azure.Management.Sql.SqlManagementClient/1.44.2.0"
        ]
      },
      "ResponseHeaders": {
        "Cache-Control": [
          "no-cache"
>>>>>>> d78b04a5306127f583235b13752c48d4f7d1289a
        ],
        "Pragma": [
          "no-cache"
        ],
        "Retry-After": [
          "15"
        ],
<<<<<<< HEAD
        "x-ms-ratelimit-remaining-subscription-reads": [
          "14999"
        ],
        "x-ms-request-id": [
          "225e29f8-fd45-4d23-a76a-6b6646635a7d"
        ],
        "x-ms-correlation-request-id": [
          "225e29f8-fd45-4d23-a76a-6b6646635a7d"
        ],
        "x-ms-routing-request-id": [
          "WESTUS2:20180504T235632Z:225e29f8-fd45-4d23-a76a-6b6646635a7d"
=======
        "x-ms-request-id": [
          "c84ae4a4-2895-4e90-87fd-03ab0d86e290"
        ],
        "Server": [
          "Microsoft-HTTPAPI/2.0"
        ],
        "x-ms-ratelimit-remaining-subscription-reads": [
          "11975"
        ],
        "x-ms-correlation-request-id": [
          "df0656d3-8ab3-424e-9ee3-9970e28e7bb0"
        ],
        "x-ms-routing-request-id": [
          "BRAZILUS:20200907T180600Z:df0656d3-8ab3-424e-9ee3-9970e28e7bb0"
>>>>>>> d78b04a5306127f583235b13752c48d4f7d1289a
        ],
        "Strict-Transport-Security": [
          "max-age=31536000; includeSubDomains"
        ],
        "X-Content-Type-Options": [
          "nosniff"
        ],
<<<<<<< HEAD
        "Cache-Control": [
          "no-cache"
        ],
        "Date": [
          "Fri, 04 May 2018 23:56:31 GMT"
        ],
        "Location": [
          "https://management.azure.com/subscriptions/df7c055c-6310-4374-9852-10ef71ce5f85/operationresults/eyJqb2JJZCI6IlJFU09VUkNFR1JPVVBERUxFVElPTkpPQi1QUzQ1MzItV0VTVENFTlRSQUxVUyIsImpvYkxvY2F0aW9uIjoid2VzdGNlbnRyYWx1cyJ9?api-version=2016-02-01"
        ]
      },
      "StatusCode": 202
    },
    {
      "RequestUri": "/subscriptions/df7c055c-6310-4374-9852-10ef71ce5f85/operationresults/eyJqb2JJZCI6IlJFU09VUkNFR1JPVVBERUxFVElPTkpPQi1QUzQ1MzItV0VTVENFTlRSQUxVUyIsImpvYkxvY2F0aW9uIjoid2VzdGNlbnRyYWx1cyJ9?api-version=2016-02-01",
      "EncodedRequestUri": "L3N1YnNjcmlwdGlvbnMvZGY3YzA1NWMtNjMxMC00Mzc0LTk4NTItMTBlZjcxY2U1Zjg1L29wZXJhdGlvbnJlc3VsdHMvZXlKcWIySkpaQ0k2SWxKRlUwOVZVa05GUjFKUFZWQkVSVXhGVkVsUFRrcFBRaTFRVXpRMU16SXRWMFZUVkVORlRsUlNRVXhWVXlJc0ltcHZZa3h2WTJGMGFXOXVJam9pZDJWemRHTmxiblJ5WVd4MWN5Sjk/YXBpLXZlcnNpb249MjAxNi0wMi0wMQ==",
      "RequestMethod": "GET",
      "RequestBody": "",
      "RequestHeaders": {
        "x-ms-version": [
          "2016-02-01"
        ],
        "User-Agent": [
          "Microsoft.Azure.Management.Resources.ResourceManagementClient/2.0.0.0"
        ]
      },
      "ResponseBody": "",
      "ResponseHeaders": {
        "Content-Length": [
          "0"
        ],
        "Expires": [
          "-1"
=======
        "Date": [
          "Mon, 07 Sep 2020 18:06:00 GMT"
        ],
        "Content-Length": [
          "107"
        ],
        "Content-Type": [
          "application/json; charset=utf-8"
        ],
        "Expires": [
          "-1"
        ]
      },
      "ResponseBody": "{\r\n  \"name\": \"1b0e9abe-f342-4c5b-94f4-5dcc9053388d\",\r\n  \"status\": \"Succeeded\",\r\n  \"startTime\": \"2020-09-07T18:05:14.553Z\"\r\n}",
      "StatusCode": 200
    },
    {
      "RequestUri": "/subscriptions/b75889fa-6661-44e0-a844-cd96ec938991/resourceGroups/ps4407/providers/Microsoft.Sql/servers/ps6430/advisors/CreateIndex?api-version=2015-05-01-preview",
      "EncodedRequestUri": "L3N1YnNjcmlwdGlvbnMvYjc1ODg5ZmEtNjY2MS00NGUwLWE4NDQtY2Q5NmVjOTM4OTkxL3Jlc291cmNlR3JvdXBzL3BzNDQwNy9wcm92aWRlcnMvTWljcm9zb2Z0LlNxbC9zZXJ2ZXJzL3BzNjQzMC9hZHZpc29ycy9DcmVhdGVJbmRleD9hcGktdmVyc2lvbj0yMDE1LTA1LTAxLXByZXZpZXc=",
      "RequestMethod": "GET",
      "RequestBody": "",
      "RequestHeaders": {
        "User-Agent": [
          "Microsoft.Azure.Management.Sql.LegacySdk.SqlManagementClient/2.9.1.0"
        ]
      },
      "ResponseHeaders": {
        "Cache-Control": [
          "no-cache"
>>>>>>> d78b04a5306127f583235b13752c48d4f7d1289a
        ],
        "Pragma": [
          "no-cache"
        ],
<<<<<<< HEAD
        "Retry-After": [
          "15"
        ],
        "x-ms-ratelimit-remaining-subscription-reads": [
          "14998"
        ],
        "x-ms-request-id": [
          "a1be58d5-ea3a-40df-8d7a-f8e80a396ada"
        ],
        "x-ms-correlation-request-id": [
          "a1be58d5-ea3a-40df-8d7a-f8e80a396ada"
        ],
        "x-ms-routing-request-id": [
          "WESTUS2:20180504T235647Z:a1be58d5-ea3a-40df-8d7a-f8e80a396ada"
=======
        "x-ms-request-id": [
          "9d151bea-875c-4494-aedb-00a55c2deb0f"
        ],
        "Server": [
          "Microsoft-HTTPAPI/2.0"
        ],
        "x-ms-ratelimit-remaining-subscription-reads": [
          "11892"
        ],
        "x-ms-correlation-request-id": [
          "32e1458e-c11e-4ec8-9010-ce929af3cba8"
        ],
        "x-ms-routing-request-id": [
          "BRAZILUS:20200907T180602Z:32e1458e-c11e-4ec8-9010-ce929af3cba8"
>>>>>>> d78b04a5306127f583235b13752c48d4f7d1289a
        ],
        "Strict-Transport-Security": [
          "max-age=31536000; includeSubDomains"
        ],
        "X-Content-Type-Options": [
          "nosniff"
        ],
<<<<<<< HEAD
        "Cache-Control": [
          "no-cache"
        ],
        "Date": [
          "Fri, 04 May 2018 23:56:47 GMT"
        ],
        "Location": [
          "https://management.azure.com/subscriptions/df7c055c-6310-4374-9852-10ef71ce5f85/operationresults/eyJqb2JJZCI6IlJFU09VUkNFR1JPVVBERUxFVElPTkpPQi1QUzQ1MzItV0VTVENFTlRSQUxVUyIsImpvYkxvY2F0aW9uIjoid2VzdGNlbnRyYWx1cyJ9?api-version=2016-02-01"
        ]
      },
      "StatusCode": 202
    },
    {
      "RequestUri": "/subscriptions/df7c055c-6310-4374-9852-10ef71ce5f85/operationresults/eyJqb2JJZCI6IlJFU09VUkNFR1JPVVBERUxFVElPTkpPQi1QUzQ1MzItV0VTVENFTlRSQUxVUyIsImpvYkxvY2F0aW9uIjoid2VzdGNlbnRyYWx1cyJ9?api-version=2016-02-01",
      "EncodedRequestUri": "L3N1YnNjcmlwdGlvbnMvZGY3YzA1NWMtNjMxMC00Mzc0LTk4NTItMTBlZjcxY2U1Zjg1L29wZXJhdGlvbnJlc3VsdHMvZXlKcWIySkpaQ0k2SWxKRlUwOVZVa05GUjFKUFZWQkVSVXhGVkVsUFRrcFBRaTFRVXpRMU16SXRWMFZUVkVORlRsUlNRVXhWVXlJc0ltcHZZa3h2WTJGMGFXOXVJam9pZDJWemRHTmxiblJ5WVd4MWN5Sjk/YXBpLXZlcnNpb249MjAxNi0wMi0wMQ==",
      "RequestMethod": "GET",
      "RequestBody": "",
      "RequestHeaders": {
        "x-ms-version": [
          "2016-02-01"
        ],
        "User-Agent": [
          "Microsoft.Azure.Management.Resources.ResourceManagementClient/2.0.0.0"
        ]
      },
      "ResponseBody": "",
      "ResponseHeaders": {
        "Content-Length": [
          "0"
        ],
        "Expires": [
          "-1"
=======
        "Date": [
          "Mon, 07 Sep 2020 18:06:01 GMT"
        ],
        "Content-Length": [
          "350"
        ],
        "Content-Type": [
          "application/json; charset=utf-8"
        ],
        "Expires": [
          "-1"
        ]
      },
      "ResponseBody": "{\r\n  \"kind\": \"\",\r\n  \"location\": \"Southeast Asia\",\r\n  \"properties\": {\r\n    \"advisorStatus\": \"GA\",\r\n    \"autoExecuteStatus\": \"Disabled\",\r\n    \"autoExecuteStatusInheritedFrom\": \"Server\"\r\n  },\r\n  \"id\": \"/subscriptions/b75889fa-6661-44e0-a844-cd96ec938991/resourceGroups/ps4407/providers/Microsoft.Sql/servers/ps6430/advisors/CreateIndex\",\r\n  \"name\": \"CreateIndex\",\r\n  \"type\": \"Microsoft.Sql/servers/advisors\"\r\n}",
      "StatusCode": 200
    },
    {
      "RequestUri": "/subscriptions/b75889fa-6661-44e0-a844-cd96ec938991/resourceGroups/ps4407/providers/Microsoft.Sql/servers/ps6430/advisors/CreateIndex?api-version=2015-05-01-preview",
      "EncodedRequestUri": "L3N1YnNjcmlwdGlvbnMvYjc1ODg5ZmEtNjY2MS00NGUwLWE4NDQtY2Q5NmVjOTM4OTkxL3Jlc291cmNlR3JvdXBzL3BzNDQwNy9wcm92aWRlcnMvTWljcm9zb2Z0LlNxbC9zZXJ2ZXJzL3BzNjQzMC9hZHZpc29ycy9DcmVhdGVJbmRleD9hcGktdmVyc2lvbj0yMDE1LTA1LTAxLXByZXZpZXc=",
      "RequestMethod": "PATCH",
      "RequestBody": "{\r\n  \"properties\": {\r\n    \"autoExecuteStatus\": \"Disabled\"\r\n  }\r\n}",
      "RequestHeaders": {
        "User-Agent": [
          "Microsoft.Azure.Management.Sql.LegacySdk.SqlManagementClient/2.9.1.0"
        ],
        "Content-Type": [
          "application/json; charset=utf-8"
        ],
        "Content-Length": [
          "65"
        ]
      },
      "ResponseHeaders": {
        "Cache-Control": [
          "no-cache"
>>>>>>> d78b04a5306127f583235b13752c48d4f7d1289a
        ],
        "Pragma": [
          "no-cache"
        ],
<<<<<<< HEAD
        "Retry-After": [
          "15"
        ],
        "x-ms-ratelimit-remaining-subscription-reads": [
          "14997"
        ],
        "x-ms-request-id": [
          "9a674667-824b-40aa-97c2-08216e666efc"
        ],
        "x-ms-correlation-request-id": [
          "9a674667-824b-40aa-97c2-08216e666efc"
        ],
        "x-ms-routing-request-id": [
          "WESTUS2:20180504T235702Z:9a674667-824b-40aa-97c2-08216e666efc"
=======
        "x-ms-request-id": [
          "2aae3463-0fba-44e5-a221-7e2f3c627220"
        ],
        "Server": [
          "Microsoft-HTTPAPI/2.0"
        ],
        "x-ms-ratelimit-remaining-subscription-writes": [
          "1183"
        ],
        "x-ms-correlation-request-id": [
          "985a3e64-608d-423a-b178-500f08fccfd4"
        ],
        "x-ms-routing-request-id": [
          "BRAZILUS:20200907T180602Z:985a3e64-608d-423a-b178-500f08fccfd4"
>>>>>>> d78b04a5306127f583235b13752c48d4f7d1289a
        ],
        "Strict-Transport-Security": [
          "max-age=31536000; includeSubDomains"
        ],
        "X-Content-Type-Options": [
          "nosniff"
        ],
<<<<<<< HEAD
        "Cache-Control": [
          "no-cache"
        ],
        "Date": [
          "Fri, 04 May 2018 23:57:02 GMT"
        ],
        "Location": [
          "https://management.azure.com/subscriptions/df7c055c-6310-4374-9852-10ef71ce5f85/operationresults/eyJqb2JJZCI6IlJFU09VUkNFR1JPVVBERUxFVElPTkpPQi1QUzQ1MzItV0VTVENFTlRSQUxVUyIsImpvYkxvY2F0aW9uIjoid2VzdGNlbnRyYWx1cyJ9?api-version=2016-02-01"
        ]
      },
      "StatusCode": 202
    },
    {
      "RequestUri": "/subscriptions/df7c055c-6310-4374-9852-10ef71ce5f85/operationresults/eyJqb2JJZCI6IlJFU09VUkNFR1JPVVBERUxFVElPTkpPQi1QUzQ1MzItV0VTVENFTlRSQUxVUyIsImpvYkxvY2F0aW9uIjoid2VzdGNlbnRyYWx1cyJ9?api-version=2016-02-01",
      "EncodedRequestUri": "L3N1YnNjcmlwdGlvbnMvZGY3YzA1NWMtNjMxMC00Mzc0LTk4NTItMTBlZjcxY2U1Zjg1L29wZXJhdGlvbnJlc3VsdHMvZXlKcWIySkpaQ0k2SWxKRlUwOVZVa05GUjFKUFZWQkVSVXhGVkVsUFRrcFBRaTFRVXpRMU16SXRWMFZUVkVORlRsUlNRVXhWVXlJc0ltcHZZa3h2WTJGMGFXOXVJam9pZDJWemRHTmxiblJ5WVd4MWN5Sjk/YXBpLXZlcnNpb249MjAxNi0wMi0wMQ==",
      "RequestMethod": "GET",
      "RequestBody": "",
      "RequestHeaders": {
        "x-ms-version": [
          "2016-02-01"
        ],
        "User-Agent": [
          "Microsoft.Azure.Management.Resources.ResourceManagementClient/2.0.0.0"
        ]
      },
      "ResponseBody": "",
      "ResponseHeaders": {
        "Content-Length": [
          "0"
        ],
        "Expires": [
          "-1"
=======
        "Date": [
          "Mon, 07 Sep 2020 18:06:02 GMT"
        ],
        "Content-Length": [
          "350"
        ],
        "Content-Type": [
          "application/json; charset=utf-8"
        ],
        "Expires": [
          "-1"
        ]
      },
      "ResponseBody": "{\r\n  \"kind\": \"\",\r\n  \"location\": \"Southeast Asia\",\r\n  \"properties\": {\r\n    \"advisorStatus\": \"GA\",\r\n    \"autoExecuteStatus\": \"Disabled\",\r\n    \"autoExecuteStatusInheritedFrom\": \"Server\"\r\n  },\r\n  \"id\": \"/subscriptions/b75889fa-6661-44e0-a844-cd96ec938991/resourceGroups/ps4407/providers/Microsoft.Sql/servers/ps6430/advisors/CreateIndex\",\r\n  \"name\": \"CreateIndex\",\r\n  \"type\": \"Microsoft.Sql/servers/advisors\"\r\n}",
      "StatusCode": 200
    },
    {
      "RequestUri": "/subscriptions/b75889fa-6661-44e0-a844-cd96ec938991/resourcegroups/ps4407?api-version=2016-09-01",
      "EncodedRequestUri": "L3N1YnNjcmlwdGlvbnMvYjc1ODg5ZmEtNjY2MS00NGUwLWE4NDQtY2Q5NmVjOTM4OTkxL3Jlc291cmNlZ3JvdXBzL3BzNDQwNz9hcGktdmVyc2lvbj0yMDE2LTA5LTAx",
      "RequestMethod": "DELETE",
      "RequestBody": "",
      "RequestHeaders": {
        "x-ms-client-request-id": [
          "129f14c8-49a5-4750-a6d0-da6c487d6eea"
        ],
        "Accept-Language": [
          "en-US"
        ],
        "User-Agent": [
          "FxVersion/4.6.29130.01",
          "OSName/Windows",
          "OSVersion/Microsoft.Windows.10.0.19041.",
          "Microsoft.Azure.Management.Internal.Resources.ResourceManagementClient/1.3.23"
        ]
      },
      "ResponseHeaders": {
        "Cache-Control": [
          "no-cache"
>>>>>>> d78b04a5306127f583235b13752c48d4f7d1289a
        ],
        "Pragma": [
          "no-cache"
        ],
<<<<<<< HEAD
        "Retry-After": [
          "15"
        ],
        "x-ms-ratelimit-remaining-subscription-reads": [
          "14996"
        ],
        "x-ms-request-id": [
          "86580dc0-7bad-4b94-8abf-0b6279b001bc"
        ],
        "x-ms-correlation-request-id": [
          "86580dc0-7bad-4b94-8abf-0b6279b001bc"
        ],
        "x-ms-routing-request-id": [
          "WESTUS2:20180504T235717Z:86580dc0-7bad-4b94-8abf-0b6279b001bc"
=======
        "Location": [
          "https://brazilus.management.azure.com/subscriptions/b75889fa-6661-44e0-a844-cd96ec938991/operationresults/eyJqb2JJZCI6IlJFU09VUkNFR1JPVVBERUxFVElPTkpPQi1QUzQ0MDctV0VTVENFTlRSQUxVUyIsImpvYkxvY2F0aW9uIjoid2VzdGNlbnRyYWx1cyJ9?api-version=2016-09-01"
        ],
        "Retry-After": [
          "15"
        ],
        "x-ms-ratelimit-remaining-subscription-deletes": [
          "14993"
        ],
        "x-ms-request-id": [
          "2a8463a2-e673-441d-a4e1-2a2511d97cd3"
        ],
        "x-ms-correlation-request-id": [
          "2a8463a2-e673-441d-a4e1-2a2511d97cd3"
        ],
        "x-ms-routing-request-id": [
          "BRAZILUS:20200907T180604Z:2a8463a2-e673-441d-a4e1-2a2511d97cd3"
>>>>>>> d78b04a5306127f583235b13752c48d4f7d1289a
        ],
        "Strict-Transport-Security": [
          "max-age=31536000; includeSubDomains"
        ],
        "X-Content-Type-Options": [
          "nosniff"
        ],
<<<<<<< HEAD
        "Cache-Control": [
          "no-cache"
        ],
        "Date": [
          "Fri, 04 May 2018 23:57:17 GMT"
        ],
        "Location": [
          "https://management.azure.com/subscriptions/df7c055c-6310-4374-9852-10ef71ce5f85/operationresults/eyJqb2JJZCI6IlJFU09VUkNFR1JPVVBERUxFVElPTkpPQi1QUzQ1MzItV0VTVENFTlRSQUxVUyIsImpvYkxvY2F0aW9uIjoid2VzdGNlbnRyYWx1cyJ9?api-version=2016-02-01"
        ]
      },
      "StatusCode": 202
    },
    {
      "RequestUri": "/subscriptions/df7c055c-6310-4374-9852-10ef71ce5f85/operationresults/eyJqb2JJZCI6IlJFU09VUkNFR1JPVVBERUxFVElPTkpPQi1QUzQ1MzItV0VTVENFTlRSQUxVUyIsImpvYkxvY2F0aW9uIjoid2VzdGNlbnRyYWx1cyJ9?api-version=2016-02-01",
      "EncodedRequestUri": "L3N1YnNjcmlwdGlvbnMvZGY3YzA1NWMtNjMxMC00Mzc0LTk4NTItMTBlZjcxY2U1Zjg1L29wZXJhdGlvbnJlc3VsdHMvZXlKcWIySkpaQ0k2SWxKRlUwOVZVa05GUjFKUFZWQkVSVXhGVkVsUFRrcFBRaTFRVXpRMU16SXRWMFZUVkVORlRsUlNRVXhWVXlJc0ltcHZZa3h2WTJGMGFXOXVJam9pZDJWemRHTmxiblJ5WVd4MWN5Sjk/YXBpLXZlcnNpb249MjAxNi0wMi0wMQ==",
      "RequestMethod": "GET",
      "RequestBody": "",
      "RequestHeaders": {
        "x-ms-version": [
          "2016-02-01"
        ],
        "User-Agent": [
          "Microsoft.Azure.Management.Resources.ResourceManagementClient/2.0.0.0"
        ]
      },
      "ResponseBody": "",
      "ResponseHeaders": {
        "Content-Length": [
          "0"
        ],
        "Expires": [
          "-1"
=======
        "Date": [
          "Mon, 07 Sep 2020 18:06:03 GMT"
        ],
        "Expires": [
          "-1"
        ],
        "Content-Length": [
          "0"
        ]
      },
      "ResponseBody": "",
      "StatusCode": 202
    },
    {
      "RequestUri": "/subscriptions/b75889fa-6661-44e0-a844-cd96ec938991/operationresults/eyJqb2JJZCI6IlJFU09VUkNFR1JPVVBERUxFVElPTkpPQi1QUzQ0MDctV0VTVENFTlRSQUxVUyIsImpvYkxvY2F0aW9uIjoid2VzdGNlbnRyYWx1cyJ9?api-version=2016-09-01",
      "EncodedRequestUri": "L3N1YnNjcmlwdGlvbnMvYjc1ODg5ZmEtNjY2MS00NGUwLWE4NDQtY2Q5NmVjOTM4OTkxL29wZXJhdGlvbnJlc3VsdHMvZXlKcWIySkpaQ0k2SWxKRlUwOVZVa05GUjFKUFZWQkVSVXhGVkVsUFRrcFBRaTFRVXpRME1EY3RWMFZUVkVORlRsUlNRVXhWVXlJc0ltcHZZa3h2WTJGMGFXOXVJam9pZDJWemRHTmxiblJ5WVd4MWN5Sjk/YXBpLXZlcnNpb249MjAxNi0wOS0wMQ==",
      "RequestMethod": "GET",
      "RequestBody": "",
      "RequestHeaders": {
        "User-Agent": [
          "FxVersion/4.6.29130.01",
          "OSName/Windows",
          "OSVersion/Microsoft.Windows.10.0.19041.",
          "Microsoft.Azure.Management.Internal.Resources.ResourceManagementClient/1.3.23"
        ]
      },
      "ResponseHeaders": {
        "Cache-Control": [
          "no-cache"
>>>>>>> d78b04a5306127f583235b13752c48d4f7d1289a
        ],
        "Pragma": [
          "no-cache"
        ],
<<<<<<< HEAD
=======
        "Location": [
          "https://brazilus.management.azure.com/subscriptions/b75889fa-6661-44e0-a844-cd96ec938991/operationresults/eyJqb2JJZCI6IlJFU09VUkNFR1JPVVBERUxFVElPTkpPQi1QUzQ0MDctV0VTVENFTlRSQUxVUyIsImpvYkxvY2F0aW9uIjoid2VzdGNlbnRyYWx1cyJ9?api-version=2016-09-01"
        ],
>>>>>>> d78b04a5306127f583235b13752c48d4f7d1289a
        "Retry-After": [
          "15"
        ],
        "x-ms-ratelimit-remaining-subscription-reads": [
<<<<<<< HEAD
          "14995"
        ],
        "x-ms-request-id": [
          "2018dcd2-b0c3-423c-8dff-4551332f3e72"
        ],
        "x-ms-correlation-request-id": [
          "2018dcd2-b0c3-423c-8dff-4551332f3e72"
        ],
        "x-ms-routing-request-id": [
          "WESTUS2:20180504T235732Z:2018dcd2-b0c3-423c-8dff-4551332f3e72"
=======
          "11667"
        ],
        "x-ms-request-id": [
          "d7695b67-4bfc-4bb4-99c5-8d4c7d09fc62"
        ],
        "x-ms-correlation-request-id": [
          "d7695b67-4bfc-4bb4-99c5-8d4c7d09fc62"
        ],
        "x-ms-routing-request-id": [
          "BRAZILUS:20200907T180619Z:d7695b67-4bfc-4bb4-99c5-8d4c7d09fc62"
>>>>>>> d78b04a5306127f583235b13752c48d4f7d1289a
        ],
        "Strict-Transport-Security": [
          "max-age=31536000; includeSubDomains"
        ],
        "X-Content-Type-Options": [
          "nosniff"
        ],
<<<<<<< HEAD
        "Cache-Control": [
          "no-cache"
        ],
        "Date": [
          "Fri, 04 May 2018 23:57:32 GMT"
        ],
        "Location": [
          "https://management.azure.com/subscriptions/df7c055c-6310-4374-9852-10ef71ce5f85/operationresults/eyJqb2JJZCI6IlJFU09VUkNFR1JPVVBERUxFVElPTkpPQi1QUzQ1MzItV0VTVENFTlRSQUxVUyIsImpvYkxvY2F0aW9uIjoid2VzdGNlbnRyYWx1cyJ9?api-version=2016-02-01"
        ]
      },
      "StatusCode": 202
    },
    {
      "RequestUri": "/subscriptions/df7c055c-6310-4374-9852-10ef71ce5f85/operationresults/eyJqb2JJZCI6IlJFU09VUkNFR1JPVVBERUxFVElPTkpPQi1QUzQ1MzItV0VTVENFTlRSQUxVUyIsImpvYkxvY2F0aW9uIjoid2VzdGNlbnRyYWx1cyJ9?api-version=2016-02-01",
      "EncodedRequestUri": "L3N1YnNjcmlwdGlvbnMvZGY3YzA1NWMtNjMxMC00Mzc0LTk4NTItMTBlZjcxY2U1Zjg1L29wZXJhdGlvbnJlc3VsdHMvZXlKcWIySkpaQ0k2SWxKRlUwOVZVa05GUjFKUFZWQkVSVXhGVkVsUFRrcFBRaTFRVXpRMU16SXRWMFZUVkVORlRsUlNRVXhWVXlJc0ltcHZZa3h2WTJGMGFXOXVJam9pZDJWemRHTmxiblJ5WVd4MWN5Sjk/YXBpLXZlcnNpb249MjAxNi0wMi0wMQ==",
      "RequestMethod": "GET",
      "RequestBody": "",
      "RequestHeaders": {
        "x-ms-version": [
          "2016-02-01"
        ],
        "User-Agent": [
          "Microsoft.Azure.Management.Resources.ResourceManagementClient/2.0.0.0"
        ]
      },
      "ResponseBody": "",
      "ResponseHeaders": {
        "Content-Length": [
          "0"
        ],
        "Expires": [
          "-1"
=======
        "Date": [
          "Mon, 07 Sep 2020 18:06:19 GMT"
        ],
        "Expires": [
          "-1"
        ],
        "Content-Length": [
          "0"
        ]
      },
      "ResponseBody": "",
      "StatusCode": 202
    },
    {
      "RequestUri": "/subscriptions/b75889fa-6661-44e0-a844-cd96ec938991/operationresults/eyJqb2JJZCI6IlJFU09VUkNFR1JPVVBERUxFVElPTkpPQi1QUzQ0MDctV0VTVENFTlRSQUxVUyIsImpvYkxvY2F0aW9uIjoid2VzdGNlbnRyYWx1cyJ9?api-version=2016-09-01",
      "EncodedRequestUri": "L3N1YnNjcmlwdGlvbnMvYjc1ODg5ZmEtNjY2MS00NGUwLWE4NDQtY2Q5NmVjOTM4OTkxL29wZXJhdGlvbnJlc3VsdHMvZXlKcWIySkpaQ0k2SWxKRlUwOVZVa05GUjFKUFZWQkVSVXhGVkVsUFRrcFBRaTFRVXpRME1EY3RWMFZUVkVORlRsUlNRVXhWVXlJc0ltcHZZa3h2WTJGMGFXOXVJam9pZDJWemRHTmxiblJ5WVd4MWN5Sjk/YXBpLXZlcnNpb249MjAxNi0wOS0wMQ==",
      "RequestMethod": "GET",
      "RequestBody": "",
      "RequestHeaders": {
        "User-Agent": [
          "FxVersion/4.6.29130.01",
          "OSName/Windows",
          "OSVersion/Microsoft.Windows.10.0.19041.",
          "Microsoft.Azure.Management.Internal.Resources.ResourceManagementClient/1.3.23"
        ]
      },
      "ResponseHeaders": {
        "Cache-Control": [
          "no-cache"
>>>>>>> d78b04a5306127f583235b13752c48d4f7d1289a
        ],
        "Pragma": [
          "no-cache"
        ],
<<<<<<< HEAD
=======
        "Location": [
          "https://brazilus.management.azure.com/subscriptions/b75889fa-6661-44e0-a844-cd96ec938991/operationresults/eyJqb2JJZCI6IlJFU09VUkNFR1JPVVBERUxFVElPTkpPQi1QUzQ0MDctV0VTVENFTlRSQUxVUyIsImpvYkxvY2F0aW9uIjoid2VzdGNlbnRyYWx1cyJ9?api-version=2016-09-01"
        ],
>>>>>>> d78b04a5306127f583235b13752c48d4f7d1289a
        "Retry-After": [
          "15"
        ],
        "x-ms-ratelimit-remaining-subscription-reads": [
<<<<<<< HEAD
          "14994"
        ],
        "x-ms-request-id": [
          "91e3426a-20c4-4916-8e99-bb63ea04a091"
        ],
        "x-ms-correlation-request-id": [
          "91e3426a-20c4-4916-8e99-bb63ea04a091"
        ],
        "x-ms-routing-request-id": [
          "WESTUS2:20180504T235748Z:91e3426a-20c4-4916-8e99-bb63ea04a091"
=======
          "11666"
        ],
        "x-ms-request-id": [
          "24e0d281-a9dc-4659-bfed-efe6208a2325"
        ],
        "x-ms-correlation-request-id": [
          "24e0d281-a9dc-4659-bfed-efe6208a2325"
        ],
        "x-ms-routing-request-id": [
          "BRAZILUS:20200907T180634Z:24e0d281-a9dc-4659-bfed-efe6208a2325"
>>>>>>> d78b04a5306127f583235b13752c48d4f7d1289a
        ],
        "Strict-Transport-Security": [
          "max-age=31536000; includeSubDomains"
        ],
        "X-Content-Type-Options": [
          "nosniff"
        ],
<<<<<<< HEAD
        "Cache-Control": [
          "no-cache"
        ],
        "Date": [
          "Fri, 04 May 2018 23:57:47 GMT"
        ],
        "Location": [
          "https://management.azure.com/subscriptions/df7c055c-6310-4374-9852-10ef71ce5f85/operationresults/eyJqb2JJZCI6IlJFU09VUkNFR1JPVVBERUxFVElPTkpPQi1QUzQ1MzItV0VTVENFTlRSQUxVUyIsImpvYkxvY2F0aW9uIjoid2VzdGNlbnRyYWx1cyJ9?api-version=2016-02-01"
        ]
      },
      "StatusCode": 202
    },
    {
      "RequestUri": "/subscriptions/df7c055c-6310-4374-9852-10ef71ce5f85/operationresults/eyJqb2JJZCI6IlJFU09VUkNFR1JPVVBERUxFVElPTkpPQi1QUzQ1MzItV0VTVENFTlRSQUxVUyIsImpvYkxvY2F0aW9uIjoid2VzdGNlbnRyYWx1cyJ9?api-version=2016-02-01",
      "EncodedRequestUri": "L3N1YnNjcmlwdGlvbnMvZGY3YzA1NWMtNjMxMC00Mzc0LTk4NTItMTBlZjcxY2U1Zjg1L29wZXJhdGlvbnJlc3VsdHMvZXlKcWIySkpaQ0k2SWxKRlUwOVZVa05GUjFKUFZWQkVSVXhGVkVsUFRrcFBRaTFRVXpRMU16SXRWMFZUVkVORlRsUlNRVXhWVXlJc0ltcHZZa3h2WTJGMGFXOXVJam9pZDJWemRHTmxiblJ5WVd4MWN5Sjk/YXBpLXZlcnNpb249MjAxNi0wMi0wMQ==",
      "RequestMethod": "GET",
      "RequestBody": "",
      "RequestHeaders": {
        "x-ms-version": [
          "2016-02-01"
        ],
        "User-Agent": [
          "Microsoft.Azure.Management.Resources.ResourceManagementClient/2.0.0.0"
        ]
      },
      "ResponseBody": "",
      "ResponseHeaders": {
        "Content-Length": [
          "0"
        ],
        "Expires": [
          "-1"
=======
        "Date": [
          "Mon, 07 Sep 2020 18:06:33 GMT"
        ],
        "Expires": [
          "-1"
        ],
        "Content-Length": [
          "0"
        ]
      },
      "ResponseBody": "",
      "StatusCode": 202
    },
    {
      "RequestUri": "/subscriptions/b75889fa-6661-44e0-a844-cd96ec938991/operationresults/eyJqb2JJZCI6IlJFU09VUkNFR1JPVVBERUxFVElPTkpPQi1QUzQ0MDctV0VTVENFTlRSQUxVUyIsImpvYkxvY2F0aW9uIjoid2VzdGNlbnRyYWx1cyJ9?api-version=2016-09-01",
      "EncodedRequestUri": "L3N1YnNjcmlwdGlvbnMvYjc1ODg5ZmEtNjY2MS00NGUwLWE4NDQtY2Q5NmVjOTM4OTkxL29wZXJhdGlvbnJlc3VsdHMvZXlKcWIySkpaQ0k2SWxKRlUwOVZVa05GUjFKUFZWQkVSVXhGVkVsUFRrcFBRaTFRVXpRME1EY3RWMFZUVkVORlRsUlNRVXhWVXlJc0ltcHZZa3h2WTJGMGFXOXVJam9pZDJWemRHTmxiblJ5WVd4MWN5Sjk/YXBpLXZlcnNpb249MjAxNi0wOS0wMQ==",
      "RequestMethod": "GET",
      "RequestBody": "",
      "RequestHeaders": {
        "User-Agent": [
          "FxVersion/4.6.29130.01",
          "OSName/Windows",
          "OSVersion/Microsoft.Windows.10.0.19041.",
          "Microsoft.Azure.Management.Internal.Resources.ResourceManagementClient/1.3.23"
        ]
      },
      "ResponseHeaders": {
        "Cache-Control": [
          "no-cache"
>>>>>>> d78b04a5306127f583235b13752c48d4f7d1289a
        ],
        "Pragma": [
          "no-cache"
        ],
<<<<<<< HEAD
=======
        "Location": [
          "https://brazilus.management.azure.com/subscriptions/b75889fa-6661-44e0-a844-cd96ec938991/operationresults/eyJqb2JJZCI6IlJFU09VUkNFR1JPVVBERUxFVElPTkpPQi1QUzQ0MDctV0VTVENFTlRSQUxVUyIsImpvYkxvY2F0aW9uIjoid2VzdGNlbnRyYWx1cyJ9?api-version=2016-09-01"
        ],
>>>>>>> d78b04a5306127f583235b13752c48d4f7d1289a
        "Retry-After": [
          "15"
        ],
        "x-ms-ratelimit-remaining-subscription-reads": [
<<<<<<< HEAD
          "14993"
        ],
        "x-ms-request-id": [
          "f0d131ff-577b-4cf9-abff-26627c0964a8"
        ],
        "x-ms-correlation-request-id": [
          "f0d131ff-577b-4cf9-abff-26627c0964a8"
        ],
        "x-ms-routing-request-id": [
          "WESTUS2:20180504T235803Z:f0d131ff-577b-4cf9-abff-26627c0964a8"
=======
          "11665"
        ],
        "x-ms-request-id": [
          "8b75186a-a2db-4eb7-bc7d-62aff7921c01"
        ],
        "x-ms-correlation-request-id": [
          "8b75186a-a2db-4eb7-bc7d-62aff7921c01"
        ],
        "x-ms-routing-request-id": [
          "BRAZILUS:20200907T180649Z:8b75186a-a2db-4eb7-bc7d-62aff7921c01"
>>>>>>> d78b04a5306127f583235b13752c48d4f7d1289a
        ],
        "Strict-Transport-Security": [
          "max-age=31536000; includeSubDomains"
        ],
        "X-Content-Type-Options": [
          "nosniff"
        ],
<<<<<<< HEAD
        "Cache-Control": [
          "no-cache"
        ],
        "Date": [
          "Fri, 04 May 2018 23:58:02 GMT"
        ],
        "Location": [
          "https://management.azure.com/subscriptions/df7c055c-6310-4374-9852-10ef71ce5f85/operationresults/eyJqb2JJZCI6IlJFU09VUkNFR1JPVVBERUxFVElPTkpPQi1QUzQ1MzItV0VTVENFTlRSQUxVUyIsImpvYkxvY2F0aW9uIjoid2VzdGNlbnRyYWx1cyJ9?api-version=2016-02-01"
        ]
      },
      "StatusCode": 202
    },
    {
      "RequestUri": "/subscriptions/df7c055c-6310-4374-9852-10ef71ce5f85/operationresults/eyJqb2JJZCI6IlJFU09VUkNFR1JPVVBERUxFVElPTkpPQi1QUzQ1MzItV0VTVENFTlRSQUxVUyIsImpvYkxvY2F0aW9uIjoid2VzdGNlbnRyYWx1cyJ9?api-version=2016-02-01",
      "EncodedRequestUri": "L3N1YnNjcmlwdGlvbnMvZGY3YzA1NWMtNjMxMC00Mzc0LTk4NTItMTBlZjcxY2U1Zjg1L29wZXJhdGlvbnJlc3VsdHMvZXlKcWIySkpaQ0k2SWxKRlUwOVZVa05GUjFKUFZWQkVSVXhGVkVsUFRrcFBRaTFRVXpRMU16SXRWMFZUVkVORlRsUlNRVXhWVXlJc0ltcHZZa3h2WTJGMGFXOXVJam9pZDJWemRHTmxiblJ5WVd4MWN5Sjk/YXBpLXZlcnNpb249MjAxNi0wMi0wMQ==",
      "RequestMethod": "GET",
      "RequestBody": "",
      "RequestHeaders": {
        "x-ms-version": [
          "2016-02-01"
        ],
        "User-Agent": [
          "Microsoft.Azure.Management.Resources.ResourceManagementClient/2.0.0.0"
        ]
      },
      "ResponseBody": "",
      "ResponseHeaders": {
        "Content-Length": [
          "0"
        ],
        "Expires": [
          "-1"
=======
        "Date": [
          "Mon, 07 Sep 2020 18:06:48 GMT"
        ],
        "Expires": [
          "-1"
        ],
        "Content-Length": [
          "0"
        ]
      },
      "ResponseBody": "",
      "StatusCode": 202
    },
    {
      "RequestUri": "/subscriptions/b75889fa-6661-44e0-a844-cd96ec938991/operationresults/eyJqb2JJZCI6IlJFU09VUkNFR1JPVVBERUxFVElPTkpPQi1QUzQ0MDctV0VTVENFTlRSQUxVUyIsImpvYkxvY2F0aW9uIjoid2VzdGNlbnRyYWx1cyJ9?api-version=2016-09-01",
      "EncodedRequestUri": "L3N1YnNjcmlwdGlvbnMvYjc1ODg5ZmEtNjY2MS00NGUwLWE4NDQtY2Q5NmVjOTM4OTkxL29wZXJhdGlvbnJlc3VsdHMvZXlKcWIySkpaQ0k2SWxKRlUwOVZVa05GUjFKUFZWQkVSVXhGVkVsUFRrcFBRaTFRVXpRME1EY3RWMFZUVkVORlRsUlNRVXhWVXlJc0ltcHZZa3h2WTJGMGFXOXVJam9pZDJWemRHTmxiblJ5WVd4MWN5Sjk/YXBpLXZlcnNpb249MjAxNi0wOS0wMQ==",
      "RequestMethod": "GET",
      "RequestBody": "",
      "RequestHeaders": {
        "User-Agent": [
          "FxVersion/4.6.29130.01",
          "OSName/Windows",
          "OSVersion/Microsoft.Windows.10.0.19041.",
          "Microsoft.Azure.Management.Internal.Resources.ResourceManagementClient/1.3.23"
        ]
      },
      "ResponseHeaders": {
        "Cache-Control": [
          "no-cache"
>>>>>>> d78b04a5306127f583235b13752c48d4f7d1289a
        ],
        "Pragma": [
          "no-cache"
        ],
<<<<<<< HEAD
=======
        "Location": [
          "https://brazilus.management.azure.com/subscriptions/b75889fa-6661-44e0-a844-cd96ec938991/operationresults/eyJqb2JJZCI6IlJFU09VUkNFR1JPVVBERUxFVElPTkpPQi1QUzQ0MDctV0VTVENFTlRSQUxVUyIsImpvYkxvY2F0aW9uIjoid2VzdGNlbnRyYWx1cyJ9?api-version=2016-09-01"
        ],
>>>>>>> d78b04a5306127f583235b13752c48d4f7d1289a
        "Retry-After": [
          "15"
        ],
        "x-ms-ratelimit-remaining-subscription-reads": [
<<<<<<< HEAD
          "14992"
        ],
        "x-ms-request-id": [
          "350b6024-a279-4359-b2da-4441fd90f201"
        ],
        "x-ms-correlation-request-id": [
          "350b6024-a279-4359-b2da-4441fd90f201"
        ],
        "x-ms-routing-request-id": [
          "WESTUS2:20180504T235818Z:350b6024-a279-4359-b2da-4441fd90f201"
=======
          "11664"
        ],
        "x-ms-request-id": [
          "4629dabe-fde0-4492-8af3-6789f9efa67a"
        ],
        "x-ms-correlation-request-id": [
          "4629dabe-fde0-4492-8af3-6789f9efa67a"
        ],
        "x-ms-routing-request-id": [
          "BRAZILUS:20200907T180704Z:4629dabe-fde0-4492-8af3-6789f9efa67a"
>>>>>>> d78b04a5306127f583235b13752c48d4f7d1289a
        ],
        "Strict-Transport-Security": [
          "max-age=31536000; includeSubDomains"
        ],
        "X-Content-Type-Options": [
          "nosniff"
        ],
<<<<<<< HEAD
        "Cache-Control": [
          "no-cache"
        ],
        "Date": [
          "Fri, 04 May 2018 23:58:17 GMT"
        ],
        "Location": [
          "https://management.azure.com/subscriptions/df7c055c-6310-4374-9852-10ef71ce5f85/operationresults/eyJqb2JJZCI6IlJFU09VUkNFR1JPVVBERUxFVElPTkpPQi1QUzQ1MzItV0VTVENFTlRSQUxVUyIsImpvYkxvY2F0aW9uIjoid2VzdGNlbnRyYWx1cyJ9?api-version=2016-02-01"
        ]
      },
      "StatusCode": 202
    },
    {
      "RequestUri": "/subscriptions/df7c055c-6310-4374-9852-10ef71ce5f85/operationresults/eyJqb2JJZCI6IlJFU09VUkNFR1JPVVBERUxFVElPTkpPQi1QUzQ1MzItV0VTVENFTlRSQUxVUyIsImpvYkxvY2F0aW9uIjoid2VzdGNlbnRyYWx1cyJ9?api-version=2016-02-01",
      "EncodedRequestUri": "L3N1YnNjcmlwdGlvbnMvZGY3YzA1NWMtNjMxMC00Mzc0LTk4NTItMTBlZjcxY2U1Zjg1L29wZXJhdGlvbnJlc3VsdHMvZXlKcWIySkpaQ0k2SWxKRlUwOVZVa05GUjFKUFZWQkVSVXhGVkVsUFRrcFBRaTFRVXpRMU16SXRWMFZUVkVORlRsUlNRVXhWVXlJc0ltcHZZa3h2WTJGMGFXOXVJam9pZDJWemRHTmxiblJ5WVd4MWN5Sjk/YXBpLXZlcnNpb249MjAxNi0wMi0wMQ==",
      "RequestMethod": "GET",
      "RequestBody": "",
      "RequestHeaders": {
        "x-ms-version": [
          "2016-02-01"
        ],
        "User-Agent": [
          "Microsoft.Azure.Management.Resources.ResourceManagementClient/2.0.0.0"
        ]
      },
      "ResponseBody": "",
      "ResponseHeaders": {
        "Content-Length": [
          "0"
        ],
        "Expires": [
          "-1"
=======
        "Date": [
          "Mon, 07 Sep 2020 18:07:04 GMT"
        ],
        "Expires": [
          "-1"
        ],
        "Content-Length": [
          "0"
        ]
      },
      "ResponseBody": "",
      "StatusCode": 202
    },
    {
      "RequestUri": "/subscriptions/b75889fa-6661-44e0-a844-cd96ec938991/operationresults/eyJqb2JJZCI6IlJFU09VUkNFR1JPVVBERUxFVElPTkpPQi1QUzQ0MDctV0VTVENFTlRSQUxVUyIsImpvYkxvY2F0aW9uIjoid2VzdGNlbnRyYWx1cyJ9?api-version=2016-09-01",
      "EncodedRequestUri": "L3N1YnNjcmlwdGlvbnMvYjc1ODg5ZmEtNjY2MS00NGUwLWE4NDQtY2Q5NmVjOTM4OTkxL29wZXJhdGlvbnJlc3VsdHMvZXlKcWIySkpaQ0k2SWxKRlUwOVZVa05GUjFKUFZWQkVSVXhGVkVsUFRrcFBRaTFRVXpRME1EY3RWMFZUVkVORlRsUlNRVXhWVXlJc0ltcHZZa3h2WTJGMGFXOXVJam9pZDJWemRHTmxiblJ5WVd4MWN5Sjk/YXBpLXZlcnNpb249MjAxNi0wOS0wMQ==",
      "RequestMethod": "GET",
      "RequestBody": "",
      "RequestHeaders": {
        "User-Agent": [
          "FxVersion/4.6.29130.01",
          "OSName/Windows",
          "OSVersion/Microsoft.Windows.10.0.19041.",
          "Microsoft.Azure.Management.Internal.Resources.ResourceManagementClient/1.3.23"
        ]
      },
      "ResponseHeaders": {
        "Cache-Control": [
          "no-cache"
>>>>>>> d78b04a5306127f583235b13752c48d4f7d1289a
        ],
        "Pragma": [
          "no-cache"
        ],
<<<<<<< HEAD
=======
        "Location": [
          "https://brazilus.management.azure.com/subscriptions/b75889fa-6661-44e0-a844-cd96ec938991/operationresults/eyJqb2JJZCI6IlJFU09VUkNFR1JPVVBERUxFVElPTkpPQi1QUzQ0MDctV0VTVENFTlRSQUxVUyIsImpvYkxvY2F0aW9uIjoid2VzdGNlbnRyYWx1cyJ9?api-version=2016-09-01"
        ],
>>>>>>> d78b04a5306127f583235b13752c48d4f7d1289a
        "Retry-After": [
          "15"
        ],
        "x-ms-ratelimit-remaining-subscription-reads": [
<<<<<<< HEAD
          "14991"
        ],
        "x-ms-request-id": [
          "f284440f-6a09-48d9-9371-c5cf8b417fd6"
        ],
        "x-ms-correlation-request-id": [
          "f284440f-6a09-48d9-9371-c5cf8b417fd6"
        ],
        "x-ms-routing-request-id": [
          "WESTUS2:20180504T235833Z:f284440f-6a09-48d9-9371-c5cf8b417fd6"
=======
          "11663"
        ],
        "x-ms-request-id": [
          "4de28f7a-a497-458e-a099-a05f7a823112"
        ],
        "x-ms-correlation-request-id": [
          "4de28f7a-a497-458e-a099-a05f7a823112"
        ],
        "x-ms-routing-request-id": [
          "BRAZILUS:20200907T180719Z:4de28f7a-a497-458e-a099-a05f7a823112"
>>>>>>> d78b04a5306127f583235b13752c48d4f7d1289a
        ],
        "Strict-Transport-Security": [
          "max-age=31536000; includeSubDomains"
        ],
        "X-Content-Type-Options": [
          "nosniff"
        ],
<<<<<<< HEAD
        "Cache-Control": [
          "no-cache"
        ],
        "Date": [
          "Fri, 04 May 2018 23:58:33 GMT"
        ],
        "Location": [
          "https://management.azure.com/subscriptions/df7c055c-6310-4374-9852-10ef71ce5f85/operationresults/eyJqb2JJZCI6IlJFU09VUkNFR1JPVVBERUxFVElPTkpPQi1QUzQ1MzItV0VTVENFTlRSQUxVUyIsImpvYkxvY2F0aW9uIjoid2VzdGNlbnRyYWx1cyJ9?api-version=2016-02-01"
        ]
      },
      "StatusCode": 202
    },
    {
      "RequestUri": "/subscriptions/df7c055c-6310-4374-9852-10ef71ce5f85/operationresults/eyJqb2JJZCI6IlJFU09VUkNFR1JPVVBERUxFVElPTkpPQi1QUzQ1MzItV0VTVENFTlRSQUxVUyIsImpvYkxvY2F0aW9uIjoid2VzdGNlbnRyYWx1cyJ9?api-version=2016-02-01",
      "EncodedRequestUri": "L3N1YnNjcmlwdGlvbnMvZGY3YzA1NWMtNjMxMC00Mzc0LTk4NTItMTBlZjcxY2U1Zjg1L29wZXJhdGlvbnJlc3VsdHMvZXlKcWIySkpaQ0k2SWxKRlUwOVZVa05GUjFKUFZWQkVSVXhGVkVsUFRrcFBRaTFRVXpRMU16SXRWMFZUVkVORlRsUlNRVXhWVXlJc0ltcHZZa3h2WTJGMGFXOXVJam9pZDJWemRHTmxiblJ5WVd4MWN5Sjk/YXBpLXZlcnNpb249MjAxNi0wMi0wMQ==",
      "RequestMethod": "GET",
      "RequestBody": "",
      "RequestHeaders": {
        "x-ms-version": [
          "2016-02-01"
        ],
        "User-Agent": [
          "Microsoft.Azure.Management.Resources.ResourceManagementClient/2.0.0.0"
        ]
      },
      "ResponseBody": "",
      "ResponseHeaders": {
        "Content-Length": [
          "0"
        ],
        "Expires": [
          "-1"
=======
        "Date": [
          "Mon, 07 Sep 2020 18:07:19 GMT"
        ],
        "Expires": [
          "-1"
        ],
        "Content-Length": [
          "0"
        ]
      },
      "ResponseBody": "",
      "StatusCode": 202
    },
    {
      "RequestUri": "/subscriptions/b75889fa-6661-44e0-a844-cd96ec938991/operationresults/eyJqb2JJZCI6IlJFU09VUkNFR1JPVVBERUxFVElPTkpPQi1QUzQ0MDctV0VTVENFTlRSQUxVUyIsImpvYkxvY2F0aW9uIjoid2VzdGNlbnRyYWx1cyJ9?api-version=2016-09-01",
      "EncodedRequestUri": "L3N1YnNjcmlwdGlvbnMvYjc1ODg5ZmEtNjY2MS00NGUwLWE4NDQtY2Q5NmVjOTM4OTkxL29wZXJhdGlvbnJlc3VsdHMvZXlKcWIySkpaQ0k2SWxKRlUwOVZVa05GUjFKUFZWQkVSVXhGVkVsUFRrcFBRaTFRVXpRME1EY3RWMFZUVkVORlRsUlNRVXhWVXlJc0ltcHZZa3h2WTJGMGFXOXVJam9pZDJWemRHTmxiblJ5WVd4MWN5Sjk/YXBpLXZlcnNpb249MjAxNi0wOS0wMQ==",
      "RequestMethod": "GET",
      "RequestBody": "",
      "RequestHeaders": {
        "User-Agent": [
          "FxVersion/4.6.29130.01",
          "OSName/Windows",
          "OSVersion/Microsoft.Windows.10.0.19041.",
          "Microsoft.Azure.Management.Internal.Resources.ResourceManagementClient/1.3.23"
        ]
      },
      "ResponseHeaders": {
        "Cache-Control": [
          "no-cache"
>>>>>>> d78b04a5306127f583235b13752c48d4f7d1289a
        ],
        "Pragma": [
          "no-cache"
        ],
<<<<<<< HEAD
=======
        "Location": [
          "https://brazilus.management.azure.com/subscriptions/b75889fa-6661-44e0-a844-cd96ec938991/operationresults/eyJqb2JJZCI6IlJFU09VUkNFR1JPVVBERUxFVElPTkpPQi1QUzQ0MDctV0VTVENFTlRSQUxVUyIsImpvYkxvY2F0aW9uIjoid2VzdGNlbnRyYWx1cyJ9?api-version=2016-09-01"
        ],
>>>>>>> d78b04a5306127f583235b13752c48d4f7d1289a
        "Retry-After": [
          "15"
        ],
        "x-ms-ratelimit-remaining-subscription-reads": [
<<<<<<< HEAD
          "14990"
        ],
        "x-ms-request-id": [
          "cdd702ce-954c-4934-a8dd-e1584b568fd3"
        ],
        "x-ms-correlation-request-id": [
          "cdd702ce-954c-4934-a8dd-e1584b568fd3"
        ],
        "x-ms-routing-request-id": [
          "WESTUS2:20180504T235848Z:cdd702ce-954c-4934-a8dd-e1584b568fd3"
=======
          "11662"
        ],
        "x-ms-request-id": [
          "62d1ba67-b96b-4848-b293-0233e3e5295b"
        ],
        "x-ms-correlation-request-id": [
          "62d1ba67-b96b-4848-b293-0233e3e5295b"
        ],
        "x-ms-routing-request-id": [
          "BRAZILUS:20200907T180735Z:62d1ba67-b96b-4848-b293-0233e3e5295b"
>>>>>>> d78b04a5306127f583235b13752c48d4f7d1289a
        ],
        "Strict-Transport-Security": [
          "max-age=31536000; includeSubDomains"
        ],
        "X-Content-Type-Options": [
          "nosniff"
        ],
<<<<<<< HEAD
        "Cache-Control": [
          "no-cache"
        ],
        "Date": [
          "Fri, 04 May 2018 23:58:48 GMT"
        ],
        "Location": [
          "https://management.azure.com/subscriptions/df7c055c-6310-4374-9852-10ef71ce5f85/operationresults/eyJqb2JJZCI6IlJFU09VUkNFR1JPVVBERUxFVElPTkpPQi1QUzQ1MzItV0VTVENFTlRSQUxVUyIsImpvYkxvY2F0aW9uIjoid2VzdGNlbnRyYWx1cyJ9?api-version=2016-02-01"
        ]
      },
      "StatusCode": 202
    },
    {
      "RequestUri": "/subscriptions/df7c055c-6310-4374-9852-10ef71ce5f85/operationresults/eyJqb2JJZCI6IlJFU09VUkNFR1JPVVBERUxFVElPTkpPQi1QUzQ1MzItV0VTVENFTlRSQUxVUyIsImpvYkxvY2F0aW9uIjoid2VzdGNlbnRyYWx1cyJ9?api-version=2016-02-01",
      "EncodedRequestUri": "L3N1YnNjcmlwdGlvbnMvZGY3YzA1NWMtNjMxMC00Mzc0LTk4NTItMTBlZjcxY2U1Zjg1L29wZXJhdGlvbnJlc3VsdHMvZXlKcWIySkpaQ0k2SWxKRlUwOVZVa05GUjFKUFZWQkVSVXhGVkVsUFRrcFBRaTFRVXpRMU16SXRWMFZUVkVORlRsUlNRVXhWVXlJc0ltcHZZa3h2WTJGMGFXOXVJam9pZDJWemRHTmxiblJ5WVd4MWN5Sjk/YXBpLXZlcnNpb249MjAxNi0wMi0wMQ==",
      "RequestMethod": "GET",
      "RequestBody": "",
      "RequestHeaders": {
        "x-ms-version": [
          "2016-02-01"
        ],
        "User-Agent": [
          "Microsoft.Azure.Management.Resources.ResourceManagementClient/2.0.0.0"
        ]
      },
      "ResponseBody": "",
      "ResponseHeaders": {
        "Content-Length": [
          "0"
        ],
        "Expires": [
          "-1"
=======
        "Date": [
          "Mon, 07 Sep 2020 18:07:34 GMT"
        ],
        "Expires": [
          "-1"
        ],
        "Content-Length": [
          "0"
        ]
      },
      "ResponseBody": "",
      "StatusCode": 202
    },
    {
      "RequestUri": "/subscriptions/b75889fa-6661-44e0-a844-cd96ec938991/operationresults/eyJqb2JJZCI6IlJFU09VUkNFR1JPVVBERUxFVElPTkpPQi1QUzQ0MDctV0VTVENFTlRSQUxVUyIsImpvYkxvY2F0aW9uIjoid2VzdGNlbnRyYWx1cyJ9?api-version=2016-09-01",
      "EncodedRequestUri": "L3N1YnNjcmlwdGlvbnMvYjc1ODg5ZmEtNjY2MS00NGUwLWE4NDQtY2Q5NmVjOTM4OTkxL29wZXJhdGlvbnJlc3VsdHMvZXlKcWIySkpaQ0k2SWxKRlUwOVZVa05GUjFKUFZWQkVSVXhGVkVsUFRrcFBRaTFRVXpRME1EY3RWMFZUVkVORlRsUlNRVXhWVXlJc0ltcHZZa3h2WTJGMGFXOXVJam9pZDJWemRHTmxiblJ5WVd4MWN5Sjk/YXBpLXZlcnNpb249MjAxNi0wOS0wMQ==",
      "RequestMethod": "GET",
      "RequestBody": "",
      "RequestHeaders": {
        "User-Agent": [
          "FxVersion/4.6.29130.01",
          "OSName/Windows",
          "OSVersion/Microsoft.Windows.10.0.19041.",
          "Microsoft.Azure.Management.Internal.Resources.ResourceManagementClient/1.3.23"
        ]
      },
      "ResponseHeaders": {
        "Cache-Control": [
          "no-cache"
>>>>>>> d78b04a5306127f583235b13752c48d4f7d1289a
        ],
        "Pragma": [
          "no-cache"
        ],
<<<<<<< HEAD
        "Retry-After": [
          "15"
        ],
        "x-ms-ratelimit-remaining-subscription-reads": [
          "14989"
        ],
        "x-ms-request-id": [
          "f78ebe2e-1567-445a-adfb-c5b2fdd60a79"
        ],
        "x-ms-correlation-request-id": [
          "f78ebe2e-1567-445a-adfb-c5b2fdd60a79"
        ],
        "x-ms-routing-request-id": [
          "WESTUS2:20180504T235903Z:f78ebe2e-1567-445a-adfb-c5b2fdd60a79"
=======
        "x-ms-ratelimit-remaining-subscription-reads": [
          "11661"
        ],
        "x-ms-request-id": [
          "0b46a83b-72c6-4c24-8f0a-35d6827b750b"
        ],
        "x-ms-correlation-request-id": [
          "0b46a83b-72c6-4c24-8f0a-35d6827b750b"
        ],
        "x-ms-routing-request-id": [
          "BRAZILUS:20200907T180750Z:0b46a83b-72c6-4c24-8f0a-35d6827b750b"
>>>>>>> d78b04a5306127f583235b13752c48d4f7d1289a
        ],
        "Strict-Transport-Security": [
          "max-age=31536000; includeSubDomains"
        ],
        "X-Content-Type-Options": [
          "nosniff"
        ],
<<<<<<< HEAD
        "Cache-Control": [
          "no-cache"
        ],
        "Date": [
          "Fri, 04 May 2018 23:59:02 GMT"
        ],
        "Location": [
          "https://management.azure.com/subscriptions/df7c055c-6310-4374-9852-10ef71ce5f85/operationresults/eyJqb2JJZCI6IlJFU09VUkNFR1JPVVBERUxFVElPTkpPQi1QUzQ1MzItV0VTVENFTlRSQUxVUyIsImpvYkxvY2F0aW9uIjoid2VzdGNlbnRyYWx1cyJ9?api-version=2016-02-01"
        ]
      },
      "StatusCode": 202
    },
    {
      "RequestUri": "/subscriptions/df7c055c-6310-4374-9852-10ef71ce5f85/operationresults/eyJqb2JJZCI6IlJFU09VUkNFR1JPVVBERUxFVElPTkpPQi1QUzQ1MzItV0VTVENFTlRSQUxVUyIsImpvYkxvY2F0aW9uIjoid2VzdGNlbnRyYWx1cyJ9?api-version=2016-02-01",
      "EncodedRequestUri": "L3N1YnNjcmlwdGlvbnMvZGY3YzA1NWMtNjMxMC00Mzc0LTk4NTItMTBlZjcxY2U1Zjg1L29wZXJhdGlvbnJlc3VsdHMvZXlKcWIySkpaQ0k2SWxKRlUwOVZVa05GUjFKUFZWQkVSVXhGVkVsUFRrcFBRaTFRVXpRMU16SXRWMFZUVkVORlRsUlNRVXhWVXlJc0ltcHZZa3h2WTJGMGFXOXVJam9pZDJWemRHTmxiblJ5WVd4MWN5Sjk/YXBpLXZlcnNpb249MjAxNi0wMi0wMQ==",
      "RequestMethod": "GET",
      "RequestBody": "",
      "RequestHeaders": {
        "x-ms-version": [
          "2016-02-01"
        ],
        "User-Agent": [
          "Microsoft.Azure.Management.Resources.ResourceManagementClient/2.0.0.0"
        ]
      },
      "ResponseBody": "",
      "ResponseHeaders": {
        "Content-Length": [
          "0"
        ],
        "Expires": [
          "-1"
=======
        "Date": [
          "Mon, 07 Sep 2020 18:07:50 GMT"
        ],
        "Expires": [
          "-1"
        ],
        "Content-Length": [
          "0"
        ]
      },
      "ResponseBody": "",
      "StatusCode": 200
    },
    {
      "RequestUri": "/subscriptions/b75889fa-6661-44e0-a844-cd96ec938991/operationresults/eyJqb2JJZCI6IlJFU09VUkNFR1JPVVBERUxFVElPTkpPQi1QUzQ0MDctV0VTVENFTlRSQUxVUyIsImpvYkxvY2F0aW9uIjoid2VzdGNlbnRyYWx1cyJ9?api-version=2016-09-01",
      "EncodedRequestUri": "L3N1YnNjcmlwdGlvbnMvYjc1ODg5ZmEtNjY2MS00NGUwLWE4NDQtY2Q5NmVjOTM4OTkxL29wZXJhdGlvbnJlc3VsdHMvZXlKcWIySkpaQ0k2SWxKRlUwOVZVa05GUjFKUFZWQkVSVXhGVkVsUFRrcFBRaTFRVXpRME1EY3RWMFZUVkVORlRsUlNRVXhWVXlJc0ltcHZZa3h2WTJGMGFXOXVJam9pZDJWemRHTmxiblJ5WVd4MWN5Sjk/YXBpLXZlcnNpb249MjAxNi0wOS0wMQ==",
      "RequestMethod": "GET",
      "RequestBody": "",
      "RequestHeaders": {
        "User-Agent": [
          "FxVersion/4.6.29130.01",
          "OSName/Windows",
          "OSVersion/Microsoft.Windows.10.0.19041.",
          "Microsoft.Azure.Management.Internal.Resources.ResourceManagementClient/1.3.23"
        ]
      },
      "ResponseHeaders": {
        "Cache-Control": [
          "no-cache"
>>>>>>> d78b04a5306127f583235b13752c48d4f7d1289a
        ],
        "Pragma": [
          "no-cache"
        ],
        "x-ms-ratelimit-remaining-subscription-reads": [
<<<<<<< HEAD
          "14988"
        ],
        "x-ms-request-id": [
          "c73c9d00-9e56-49f8-ba20-915a5056e343"
        ],
        "x-ms-correlation-request-id": [
          "c73c9d00-9e56-49f8-ba20-915a5056e343"
        ],
        "x-ms-routing-request-id": [
          "WESTUS2:20180504T235918Z:c73c9d00-9e56-49f8-ba20-915a5056e343"
=======
          "11660"
        ],
        "x-ms-request-id": [
          "7e2e437e-313f-4212-97b6-5751ce355bab"
        ],
        "x-ms-correlation-request-id": [
          "7e2e437e-313f-4212-97b6-5751ce355bab"
        ],
        "x-ms-routing-request-id": [
          "BRAZILUS:20200907T180750Z:7e2e437e-313f-4212-97b6-5751ce355bab"
>>>>>>> d78b04a5306127f583235b13752c48d4f7d1289a
        ],
        "Strict-Transport-Security": [
          "max-age=31536000; includeSubDomains"
        ],
        "X-Content-Type-Options": [
          "nosniff"
        ],
<<<<<<< HEAD
        "Cache-Control": [
          "no-cache"
        ],
        "Date": [
          "Fri, 04 May 2018 23:59:17 GMT"
        ]
      },
=======
        "Date": [
          "Mon, 07 Sep 2020 18:07:50 GMT"
        ],
        "Expires": [
          "-1"
        ],
        "Content-Length": [
          "0"
        ]
      },
      "ResponseBody": "",
>>>>>>> d78b04a5306127f583235b13752c48d4f7d1289a
      "StatusCode": 200
    }
  ],
  "Names": {
    "Test-UpdateServerAdvisor": [
<<<<<<< HEAD
      "ps4532",
      "ps3598"
    ]
  },
  "Variables": {
    "SubscriptionId": "df7c055c-6310-4374-9852-10ef71ce5f85",
    "User": "payi@microsoft.com",
    "TenantId": "72f988bf-86f1-41af-91ab-2d7cd011db47"
=======
      "ps4407",
      "ps6430"
    ]
  },
  "Variables": {
    "SubscriptionId": "b75889fa-6661-44e0-a844-cd96ec938991"
>>>>>>> d78b04a5306127f583235b13752c48d4f7d1289a
  }
}