{
  "Entries": [
    {
      "RequestUri": "/subscriptions/df7c055c-6310-4374-9852-10ef71ce5f85/resourcegroups/ps4900?api-version=2016-02-01",
      "EncodedRequestUri": "L3N1YnNjcmlwdGlvbnMvZGY3YzA1NWMtNjMxMC00Mzc0LTk4NTItMTBlZjcxY2U1Zjg1L3Jlc291cmNlZ3JvdXBzL3BzNDkwMD9hcGktdmVyc2lvbj0yMDE2LTAyLTAx",
      "RequestMethod": "PUT",
      "RequestBody": "{\r\n  \"location\": \"westcentralus\"\r\n}",
      "RequestHeaders": {
        "Content-Type": [
          "application/json; charset=utf-8"
        ],
        "Content-Length": [
          "35"
        ],
        "User-Agent": [
          "Microsoft.Azure.Management.Resources.ResourceManagementClient/2.0.0.0"
        ]
      },
      "ResponseBody": "{\r\n  \"id\": \"/subscriptions/df7c055c-6310-4374-9852-10ef71ce5f85/resourceGroups/ps4900\",\r\n  \"name\": \"ps4900\",\r\n  \"location\": \"westcentralus\",\r\n  \"properties\": {\r\n    \"provisioningState\": \"Succeeded\"\r\n  }\r\n}",
      "ResponseHeaders": {
        "Content-Length": [
          "172"
        ],
        "Content-Type": [
          "application/json; charset=utf-8"
        ],
        "Expires": [
          "-1"
        ],
        "Pragma": [
          "no-cache"
        ],
        "x-ms-ratelimit-remaining-subscription-writes": [
          "1199"
        ],
        "x-ms-request-id": [
          "89acde3a-eb17-4797-ba5d-c2b801c80d09"
        ],
        "x-ms-correlation-request-id": [
          "89acde3a-eb17-4797-ba5d-c2b801c80d09"
        ],
        "x-ms-routing-request-id": [
          "WESTUS2:20180504T235219Z:89acde3a-eb17-4797-ba5d-c2b801c80d09"
        ],
        "Strict-Transport-Security": [
          "max-age=31536000; includeSubDomains"
        ],
        "X-Content-Type-Options": [
          "nosniff"
        ],
        "Cache-Control": [
          "no-cache"
        ],
        "Date": [
          "Fri, 04 May 2018 23:52:18 GMT"
        ]
      },
      "StatusCode": 201
    },
    {
      "RequestUri": "/subscriptions/df7c055c-6310-4374-9852-10ef71ce5f85/resourceGroups/ps4900/providers/Microsoft.Sql/servers/ps1822?api-version=2015-05-01-preview",
      "EncodedRequestUri": "L3N1YnNjcmlwdGlvbnMvZGY3YzA1NWMtNjMxMC00Mzc0LTk4NTItMTBlZjcxY2U1Zjg1L3Jlc291cmNlR3JvdXBzL3BzNDkwMC9wcm92aWRlcnMvTWljcm9zb2Z0LlNxbC9zZXJ2ZXJzL3BzMTgyMj9hcGktdmVyc2lvbj0yMDE1LTA1LTAxLXByZXZpZXc=",
      "RequestMethod": "GET",
      "RequestBody": "",
      "RequestHeaders": {
        "x-ms-client-request-id": [
          "f8b9c115-2826-4c87-9108-dc0105eba8c9"
        ],
        "accept-language": [
          "en-US"
        ],
        "User-Agent": [
          "FxVersion/4.7.2633.0",
          "OSName/Windows10Enterprise",
          "OSVersion/6.3.16299",
          "Microsoft.Azure.Management.Sql.SqlManagementClient/1.15.0.0"
        ]
      },
      "ResponseBody": "{\r\n  \"error\": {\r\n    \"code\": \"ResourceNotFound\",\r\n    \"message\": \"The Resource 'Microsoft.Sql/servers/ps1822' under resource group 'ps4900' was not found.\"\r\n  }\r\n}",
      "ResponseHeaders": {
        "Content-Length": [
          "138"
        ],
        "Content-Type": [
          "application/json; charset=utf-8"
        ],
        "Expires": [
          "-1"
        ],
        "Pragma": [
          "no-cache"
        ],
        "x-ms-failure-cause": [
          "gateway"
        ],
        "x-ms-request-id": [
          "92c9e8d5-d5d7-4890-84a1-e530cb8d8db1"
        ],
        "x-ms-correlation-request-id": [
          "92c9e8d5-d5d7-4890-84a1-e530cb8d8db1"
        ],
        "x-ms-routing-request-id": [
          "WESTUS2:20180504T235219Z:92c9e8d5-d5d7-4890-84a1-e530cb8d8db1"
        ],
        "Strict-Transport-Security": [
          "max-age=31536000; includeSubDomains"
        ],
        "X-Content-Type-Options": [
          "nosniff"
        ],
        "Cache-Control": [
          "no-cache"
        ],
        "Date": [
          "Fri, 04 May 2018 23:52:19 GMT"
        ]
      },
      "StatusCode": 404
    },
    {
      "RequestUri": "/subscriptions/df7c055c-6310-4374-9852-10ef71ce5f85/resourceGroups/ps4900/providers/Microsoft.Sql/servers/ps1822?api-version=2015-05-01-preview",
      "EncodedRequestUri": "L3N1YnNjcmlwdGlvbnMvZGY3YzA1NWMtNjMxMC00Mzc0LTk4NTItMTBlZjcxY2U1Zjg1L3Jlc291cmNlR3JvdXBzL3BzNDkwMC9wcm92aWRlcnMvTWljcm9zb2Z0LlNxbC9zZXJ2ZXJzL3BzMTgyMj9hcGktdmVyc2lvbj0yMDE1LTA1LTAxLXByZXZpZXc=",
      "RequestMethod": "GET",
      "RequestBody": "",
      "RequestHeaders": {
        "User-Agent": [
          "FxVersion/4.7.2633.0",
          "OSName/Windows10Enterprise",
          "OSVersion/6.3.16299",
          "Microsoft.Azure.Management.Sql.SqlManagementClient/1.15.0.0"
        ]
      },
      "ResponseBody": "{\r\n  \"kind\": \"v12.0\",\r\n  \"properties\": {\r\n    \"administratorLogin\": \"testusername\",\r\n    \"version\": \"12.0\",\r\n    \"state\": \"Ready\",\r\n    \"fullyQualifiedDomainName\": \"ps1822.database.windows.net\"\r\n  },\r\n  \"location\": \"southeastasia\",\r\n  \"id\": \"/subscriptions/df7c055c-6310-4374-9852-10ef71ce5f85/resourceGroups/ps4900/providers/Microsoft.Sql/servers/ps1822\",\r\n  \"name\": \"ps1822\",\r\n  \"type\": \"Microsoft.Sql/servers\"\r\n}",
      "ResponseHeaders": {
        "Content-Length": [
          "351"
        ],
        "Content-Type": [
          "application/json; charset=utf-8"
        ],
        "Expires": [
          "-1"
        ],
        "Pragma": [
          "no-cache"
        ],
        "x-ms-request-id": [
          "96cce241-26f2-42f7-b494-ebd847ccf911"
        ],
        "x-ms-ratelimit-remaining-subscription-reads": [
          "14995"
        ],
        "x-ms-correlation-request-id": [
          "7e811e7f-aec2-4354-a3a2-2ac57c7f749f"
        ],
        "x-ms-routing-request-id": [
          "WESTUS2:20180504T235312Z:7e811e7f-aec2-4354-a3a2-2ac57c7f749f"
        ],
        "Strict-Transport-Security": [
          "max-age=31536000; includeSubDomains"
        ],
        "X-Content-Type-Options": [
          "nosniff"
        ],
        "Cache-Control": [
          "no-cache"
        ],
        "Date": [
          "Fri, 04 May 2018 23:53:11 GMT"
        ],
        "Server": [
          "Microsoft-HTTPAPI/2.0"
        ]
      },
      "StatusCode": 200
    },
    {
      "RequestUri": "/subscriptions/df7c055c-6310-4374-9852-10ef71ce5f85/resourceGroups/ps4900/providers/Microsoft.Sql/servers/ps1822?api-version=2015-05-01-preview",
      "EncodedRequestUri": "L3N1YnNjcmlwdGlvbnMvZGY3YzA1NWMtNjMxMC00Mzc0LTk4NTItMTBlZjcxY2U1Zjg1L3Jlc291cmNlR3JvdXBzL3BzNDkwMC9wcm92aWRlcnMvTWljcm9zb2Z0LlNxbC9zZXJ2ZXJzL3BzMTgyMj9hcGktdmVyc2lvbj0yMDE1LTA1LTAxLXByZXZpZXc=",
      "RequestMethod": "PUT",
      "RequestBody": "{\r\n  \"properties\": {\r\n    \"administratorLogin\": \"testusername\",\r\n    \"administratorLoginPassword\": \"t357ingP@s5w0rd!\"\r\n  },\r\n  \"location\": \"Southeast Asia\"\r\n}",
      "RequestHeaders": {
        "Content-Type": [
          "application/json; charset=utf-8"
        ],
        "Content-Length": [
          "158"
        ],
        "x-ms-client-request-id": [
          "3af5f47c-2c8a-4fbb-965b-56287b310e9c"
        ],
        "accept-language": [
          "en-US"
        ],
        "User-Agent": [
          "FxVersion/4.7.2633.0",
          "OSName/Windows10Enterprise",
          "OSVersion/6.3.16299",
          "Microsoft.Azure.Management.Sql.SqlManagementClient/1.15.0.0"
        ]
      },
      "ResponseBody": "{\r\n  \"operation\": \"UpsertLogicalServer\",\r\n  \"startTime\": \"2018-05-04T23:52:21.363Z\"\r\n}",
      "ResponseHeaders": {
        "Content-Length": [
          "74"
        ],
        "Content-Type": [
          "application/json; charset=utf-8"
        ],
        "Expires": [
          "-1"
        ],
        "Pragma": [
          "no-cache"
        ],
        "Retry-After": [
          "1"
        ],
        "Azure-AsyncOperation": [
          "https://management.azure.com/subscriptions/df7c055c-6310-4374-9852-10ef71ce5f85/resourceGroups/ps4900/providers/Microsoft.Sql/locations/southeastasia/serverAzureAsyncOperation/436329d6-dc9d-4799-8259-3fb17c7b7b85?api-version=2015-05-01-preview"
        ],
        "x-ms-request-id": [
          "436329d6-dc9d-4799-8259-3fb17c7b7b85"
        ],
        "x-ms-ratelimit-remaining-subscription-writes": [
          "1199"
        ],
        "x-ms-correlation-request-id": [
          "6c9ad54c-2837-446a-9d27-8f309cafb68e"
        ],
        "x-ms-routing-request-id": [
          "WESTUS2:20180504T235221Z:6c9ad54c-2837-446a-9d27-8f309cafb68e"
        ],
        "Strict-Transport-Security": [
          "max-age=31536000; includeSubDomains"
        ],
        "X-Content-Type-Options": [
          "nosniff"
        ],
        "Cache-Control": [
          "no-cache"
        ],
        "Date": [
          "Fri, 04 May 2018 23:52:20 GMT"
        ],
        "Location": [
          "https://management.azure.com/subscriptions/df7c055c-6310-4374-9852-10ef71ce5f85/resourceGroups/ps4900/providers/Microsoft.Sql/locations/southeastasia/serverOperationResults/436329d6-dc9d-4799-8259-3fb17c7b7b85?api-version=2015-05-01-preview"
        ],
        "Server": [
          "Microsoft-HTTPAPI/2.0"
        ]
      },
      "StatusCode": 202
    },
    {
      "RequestUri": "/subscriptions/df7c055c-6310-4374-9852-10ef71ce5f85/resourceGroups/ps4900/providers/Microsoft.Sql/locations/southeastasia/serverAzureAsyncOperation/436329d6-dc9d-4799-8259-3fb17c7b7b85?api-version=2015-05-01-preview",
      "EncodedRequestUri": "L3N1YnNjcmlwdGlvbnMvZGY3YzA1NWMtNjMxMC00Mzc0LTk4NTItMTBlZjcxY2U1Zjg1L3Jlc291cmNlR3JvdXBzL3BzNDkwMC9wcm92aWRlcnMvTWljcm9zb2Z0LlNxbC9sb2NhdGlvbnMvc291dGhlYXN0YXNpYS9zZXJ2ZXJBenVyZUFzeW5jT3BlcmF0aW9uLzQzNjMyOWQ2LWRjOWQtNDc5OS04MjU5LTNmYjE3YzdiN2I4NT9hcGktdmVyc2lvbj0yMDE1LTA1LTAxLXByZXZpZXc=",
      "RequestMethod": "GET",
      "RequestBody": "",
      "RequestHeaders": {
        "User-Agent": [
          "FxVersion/4.7.2633.0",
          "OSName/Windows10Enterprise",
          "OSVersion/6.3.16299",
          "Microsoft.Azure.Management.Sql.SqlManagementClient/1.15.0.0"
        ]
      },
      "ResponseBody": "{\r\n  \"name\": \"436329d6-dc9d-4799-8259-3fb17c7b7b85\",\r\n  \"status\": \"InProgress\",\r\n  \"startTime\": \"2018-05-04T23:52:21.363Z\"\r\n}",
      "ResponseHeaders": {
        "Content-Length": [
          "108"
        ],
        "Content-Type": [
          "application/json; charset=utf-8"
        ],
        "Expires": [
          "-1"
        ],
        "Pragma": [
          "no-cache"
        ],
        "Retry-After": [
          "20"
        ],
        "x-ms-request-id": [
          "e54a81ee-6151-4050-a609-5b7c988e6d4f"
        ],
        "x-ms-ratelimit-remaining-subscription-reads": [
          "14998"
        ],
        "x-ms-correlation-request-id": [
          "afa23e04-4977-4148-bcb4-df33b383db2e"
        ],
        "x-ms-routing-request-id": [
          "WESTUS2:20180504T235231Z:afa23e04-4977-4148-bcb4-df33b383db2e"
        ],
        "Strict-Transport-Security": [
          "max-age=31536000; includeSubDomains"
        ],
        "X-Content-Type-Options": [
          "nosniff"
        ],
        "Cache-Control": [
          "no-cache"
        ],
        "Date": [
          "Fri, 04 May 2018 23:52:31 GMT"
        ],
        "Server": [
          "Microsoft-HTTPAPI/2.0"
        ]
      },
      "StatusCode": 200
    },
    {
      "RequestUri": "/subscriptions/df7c055c-6310-4374-9852-10ef71ce5f85/resourceGroups/ps4900/providers/Microsoft.Sql/locations/southeastasia/serverAzureAsyncOperation/436329d6-dc9d-4799-8259-3fb17c7b7b85?api-version=2015-05-01-preview",
      "EncodedRequestUri": "L3N1YnNjcmlwdGlvbnMvZGY3YzA1NWMtNjMxMC00Mzc0LTk4NTItMTBlZjcxY2U1Zjg1L3Jlc291cmNlR3JvdXBzL3BzNDkwMC9wcm92aWRlcnMvTWljcm9zb2Z0LlNxbC9sb2NhdGlvbnMvc291dGhlYXN0YXNpYS9zZXJ2ZXJBenVyZUFzeW5jT3BlcmF0aW9uLzQzNjMyOWQ2LWRjOWQtNDc5OS04MjU5LTNmYjE3YzdiN2I4NT9hcGktdmVyc2lvbj0yMDE1LTA1LTAxLXByZXZpZXc=",
      "RequestMethod": "GET",
      "RequestBody": "",
      "RequestHeaders": {
        "User-Agent": [
          "FxVersion/4.7.2633.0",
          "OSName/Windows10Enterprise",
          "OSVersion/6.3.16299",
          "Microsoft.Azure.Management.Sql.SqlManagementClient/1.15.0.0"
        ]
      },
      "ResponseBody": "{\r\n  \"name\": \"436329d6-dc9d-4799-8259-3fb17c7b7b85\",\r\n  \"status\": \"InProgress\",\r\n  \"startTime\": \"2018-05-04T23:52:21.363Z\"\r\n}",
      "ResponseHeaders": {
        "Content-Length": [
          "108"
        ],
        "Content-Type": [
          "application/json; charset=utf-8"
        ],
        "Expires": [
          "-1"
        ],
        "Pragma": [
          "no-cache"
        ],
        "Retry-After": [
          "20"
        ],
        "x-ms-request-id": [
          "9a2ab1e9-4d9e-4e69-89d3-e5522e868cb9"
        ],
        "x-ms-ratelimit-remaining-subscription-reads": [
          "14997"
        ],
        "x-ms-correlation-request-id": [
          "d9ce3cef-00fc-4fd7-a9db-26de52815283"
        ],
        "x-ms-routing-request-id": [
          "WESTUS2:20180504T235252Z:d9ce3cef-00fc-4fd7-a9db-26de52815283"
        ],
        "Strict-Transport-Security": [
          "max-age=31536000; includeSubDomains"
        ],
        "X-Content-Type-Options": [
          "nosniff"
        ],
        "Cache-Control": [
          "no-cache"
        ],
        "Date": [
          "Fri, 04 May 2018 23:52:51 GMT"
        ],
        "Server": [
          "Microsoft-HTTPAPI/2.0"
        ]
      },
      "StatusCode": 200
    },
    {
      "RequestUri": "/subscriptions/df7c055c-6310-4374-9852-10ef71ce5f85/resourceGroups/ps4900/providers/Microsoft.Sql/locations/southeastasia/serverAzureAsyncOperation/436329d6-dc9d-4799-8259-3fb17c7b7b85?api-version=2015-05-01-preview",
      "EncodedRequestUri": "L3N1YnNjcmlwdGlvbnMvZGY3YzA1NWMtNjMxMC00Mzc0LTk4NTItMTBlZjcxY2U1Zjg1L3Jlc291cmNlR3JvdXBzL3BzNDkwMC9wcm92aWRlcnMvTWljcm9zb2Z0LlNxbC9sb2NhdGlvbnMvc291dGhlYXN0YXNpYS9zZXJ2ZXJBenVyZUFzeW5jT3BlcmF0aW9uLzQzNjMyOWQ2LWRjOWQtNDc5OS04MjU5LTNmYjE3YzdiN2I4NT9hcGktdmVyc2lvbj0yMDE1LTA1LTAxLXByZXZpZXc=",
      "RequestMethod": "GET",
      "RequestBody": "",
      "RequestHeaders": {
        "User-Agent": [
          "FxVersion/4.7.2633.0",
          "OSName/Windows10Enterprise",
          "OSVersion/6.3.16299",
          "Microsoft.Azure.Management.Sql.SqlManagementClient/1.15.0.0"
        ]
      },
      "ResponseBody": "{\r\n  \"name\": \"436329d6-dc9d-4799-8259-3fb17c7b7b85\",\r\n  \"status\": \"Succeeded\",\r\n  \"startTime\": \"2018-05-04T23:52:21.363Z\"\r\n}",
      "ResponseHeaders": {
        "Content-Length": [
          "107"
        ],
        "Content-Type": [
          "application/json; charset=utf-8"
        ],
        "Expires": [
          "-1"
        ],
        "Pragma": [
          "no-cache"
        ],
        "Retry-After": [
          "15"
        ],
        "x-ms-request-id": [
          "6d881217-08b2-4dc3-8d42-e83b7edb728b"
        ],
        "x-ms-ratelimit-remaining-subscription-reads": [
          "14996"
        ],
        "x-ms-correlation-request-id": [
          "c68d3a63-3caf-41fe-a31d-de0d5868279f"
        ],
        "x-ms-routing-request-id": [
          "WESTUS2:20180504T235312Z:c68d3a63-3caf-41fe-a31d-de0d5868279f"
        ],
        "Strict-Transport-Security": [
          "max-age=31536000; includeSubDomains"
        ],
        "X-Content-Type-Options": [
          "nosniff"
        ],
        "Cache-Control": [
          "no-cache"
        ],
        "Date": [
          "Fri, 04 May 2018 23:53:11 GMT"
        ],
        "Server": [
          "Microsoft-HTTPAPI/2.0"
        ]
      },
      "StatusCode": 200
    },
    {
      "RequestUri": "/subscriptions/df7c055c-6310-4374-9852-10ef71ce5f85/resourceGroups/ps4900/providers/Microsoft.Sql/servers/ps1822/advisors?api-version=2015-05-01-preview",
      "EncodedRequestUri": "L3N1YnNjcmlwdGlvbnMvZGY3YzA1NWMtNjMxMC00Mzc0LTk4NTItMTBlZjcxY2U1Zjg1L3Jlc291cmNlR3JvdXBzL3BzNDkwMC9wcm92aWRlcnMvTWljcm9zb2Z0LlNxbC9zZXJ2ZXJzL3BzMTgyMi9hZHZpc29ycz9hcGktdmVyc2lvbj0yMDE1LTA1LTAxLXByZXZpZXc=",
      "RequestMethod": "GET",
      "RequestBody": "",
      "RequestHeaders": {
        "User-Agent": [
          "Microsoft.Azure.Management.Sql.LegacySdk.SqlManagementClient/4.4.1.0"
        ]
      },
      "ResponseBody": "[\r\n  {\r\n    \"kind\": \"\",\r\n    \"location\": \"Southeast Asia\",\r\n    \"properties\": {\r\n      \"advisorStatus\": \"GA\",\r\n      \"autoExecuteStatus\": \"Disabled\",\r\n      \"autoExecuteStatusInheritedFrom\": \"Server\"\r\n    },\r\n    \"id\": \"/subscriptions/df7c055c-6310-4374-9852-10ef71ce5f85/resourceGroups/ps4900/providers/Microsoft.Sql/servers/ps1822/advisors/CreateIndex\",\r\n    \"name\": \"CreateIndex\",\r\n    \"type\": \"Microsoft.Sql/servers/advisors\"\r\n  },\r\n  {\r\n    \"kind\": \"\",\r\n    \"location\": \"Southeast Asia\",\r\n    \"properties\": {\r\n      \"advisorStatus\": \"GA\",\r\n      \"autoExecuteStatus\": \"Disabled\",\r\n      \"autoExecuteStatusInheritedFrom\": \"Server\"\r\n    },\r\n    \"id\": \"/subscriptions/df7c055c-6310-4374-9852-10ef71ce5f85/resourceGroups/ps4900/providers/Microsoft.Sql/servers/ps1822/advisors/DropIndex\",\r\n    \"name\": \"DropIndex\",\r\n    \"type\": \"Microsoft.Sql/servers/advisors\"\r\n  },\r\n  {\r\n    \"kind\": \"\",\r\n    \"location\": \"Southeast Asia\",\r\n    \"properties\": {\r\n      \"advisorStatus\": \"GA\",\r\n      \"autoExecuteStatus\": \"Disabled\",\r\n      \"autoExecuteStatusInheritedFrom\": \"Default\"\r\n    },\r\n    \"id\": \"/subscriptions/df7c055c-6310-4374-9852-10ef71ce5f85/resourceGroups/ps4900/providers/Microsoft.Sql/servers/ps1822/advisors/DbParameterization\",\r\n    \"name\": \"DbParameterization\",\r\n    \"type\": \"Microsoft.Sql/servers/advisors\"\r\n  },\r\n  {\r\n    \"kind\": \"\",\r\n    \"location\": \"Southeast Asia\",\r\n    \"properties\": {\r\n      \"advisorStatus\": \"GA\",\r\n      \"autoExecuteStatus\": \"Disabled\",\r\n      \"autoExecuteStatusInheritedFrom\": \"Server\"\r\n    },\r\n    \"id\": \"/subscriptions/df7c055c-6310-4374-9852-10ef71ce5f85/resourceGroups/ps4900/providers/Microsoft.Sql/servers/ps1822/advisors/ForceLastGoodPlan\",\r\n    \"name\": \"ForceLastGoodPlan\",\r\n    \"type\": \"Microsoft.Sql/servers/advisors\"\r\n  }\r\n]",
      "ResponseHeaders": {
        "Content-Length": [
          "1428"
        ],
        "Content-Type": [
          "application/json; charset=utf-8"
        ],
        "Expires": [
          "-1"
        ],
        "Pragma": [
          "no-cache"
        ],
        "x-ms-request-id": [
          "e46caa6f-1ad3-436f-b1e9-eae18e028c38"
        ],
        "x-ms-ratelimit-remaining-subscription-reads": [
          "14999"
        ],
        "x-ms-correlation-request-id": [
          "749ae84a-83b2-4c30-a5be-0531c068cd36"
        ],
        "x-ms-routing-request-id": [
          "WESTUS2:20180504T235313Z:749ae84a-83b2-4c30-a5be-0531c068cd36"
        ],
        "Strict-Transport-Security": [
          "max-age=31536000; includeSubDomains"
        ],
        "X-Content-Type-Options": [
          "nosniff"
        ],
        "Cache-Control": [
          "no-cache"
        ],
        "Date": [
          "Fri, 04 May 2018 23:53:13 GMT"
        ],
        "Server": [
          "Microsoft-HTTPAPI/2.0"
        ]
      },
      "StatusCode": 200
    },
    {
      "RequestUri": "/subscriptions/df7c055c-6310-4374-9852-10ef71ce5f85/resourcegroups/ps4900?api-version=2016-02-01",
      "EncodedRequestUri": "L3N1YnNjcmlwdGlvbnMvZGY3YzA1NWMtNjMxMC00Mzc0LTk4NTItMTBlZjcxY2U1Zjg1L3Jlc291cmNlZ3JvdXBzL3BzNDkwMD9hcGktdmVyc2lvbj0yMDE2LTAyLTAx",
      "RequestMethod": "DELETE",
      "RequestBody": "",
      "RequestHeaders": {
        "User-Agent": [
          "Microsoft.Azure.Management.Resources.ResourceManagementClient/2.0.0.0"
        ]
      },
      "ResponseBody": "",
      "ResponseHeaders": {
        "Content-Length": [
          "0"
        ],
        "Expires": [
          "-1"
        ],
        "Pragma": [
          "no-cache"
        ],
        "Retry-After": [
          "15"
        ],
        "x-ms-ratelimit-remaining-subscription-writes": [
          "1198"
        ],
        "x-ms-request-id": [
          "5f7e03ff-3ffb-465a-b0e4-ebc6a8e3a6af"
        ],
        "x-ms-correlation-request-id": [
          "5f7e03ff-3ffb-465a-b0e4-ebc6a8e3a6af"
        ],
        "x-ms-routing-request-id": [
          "WESTUS2:20180504T235314Z:5f7e03ff-3ffb-465a-b0e4-ebc6a8e3a6af"
        ],
        "Strict-Transport-Security": [
          "max-age=31536000; includeSubDomains"
        ],
        "X-Content-Type-Options": [
          "nosniff"
        ],
        "Cache-Control": [
          "no-cache"
        ],
        "Date": [
          "Fri, 04 May 2018 23:53:13 GMT"
        ],
        "Location": [
          "https://management.azure.com/subscriptions/df7c055c-6310-4374-9852-10ef71ce5f85/operationresults/eyJqb2JJZCI6IlJFU09VUkNFR1JPVVBERUxFVElPTkpPQi1QUzQ5MDAtV0VTVENFTlRSQUxVUyIsImpvYkxvY2F0aW9uIjoid2VzdGNlbnRyYWx1cyJ9?api-version=2016-02-01"
        ]
      },
      "StatusCode": 202
    },
    {
      "RequestUri": "/subscriptions/df7c055c-6310-4374-9852-10ef71ce5f85/operationresults/eyJqb2JJZCI6IlJFU09VUkNFR1JPVVBERUxFVElPTkpPQi1QUzQ5MDAtV0VTVENFTlRSQUxVUyIsImpvYkxvY2F0aW9uIjoid2VzdGNlbnRyYWx1cyJ9?api-version=2016-02-01",
      "EncodedRequestUri": "L3N1YnNjcmlwdGlvbnMvZGY3YzA1NWMtNjMxMC00Mzc0LTk4NTItMTBlZjcxY2U1Zjg1L29wZXJhdGlvbnJlc3VsdHMvZXlKcWIySkpaQ0k2SWxKRlUwOVZVa05GUjFKUFZWQkVSVXhGVkVsUFRrcFBRaTFRVXpRNU1EQXRWMFZUVkVORlRsUlNRVXhWVXlJc0ltcHZZa3h2WTJGMGFXOXVJam9pZDJWemRHTmxiblJ5WVd4MWN5Sjk/YXBpLXZlcnNpb249MjAxNi0wMi0wMQ==",
      "RequestMethod": "GET",
      "RequestBody": "",
      "RequestHeaders": {
        "x-ms-version": [
          "2016-02-01"
        ],
        "User-Agent": [
          "Microsoft.Azure.Management.Resources.ResourceManagementClient/2.0.0.0"
        ]
      },
      "ResponseBody": "",
      "ResponseHeaders": {
        "Content-Length": [
          "0"
        ],
        "Expires": [
          "-1"
        ],
        "Pragma": [
          "no-cache"
        ],
        "Retry-After": [
          "15"
        ],
        "x-ms-ratelimit-remaining-subscription-reads": [
          "14998"
        ],
        "x-ms-request-id": [
          "54e41d59-f1a7-4857-b375-15725abc6fae"
        ],
        "x-ms-correlation-request-id": [
          "54e41d59-f1a7-4857-b375-15725abc6fae"
        ],
        "x-ms-routing-request-id": [
          "WESTUS2:20180504T235314Z:54e41d59-f1a7-4857-b375-15725abc6fae"
        ],
        "Strict-Transport-Security": [
          "max-age=31536000; includeSubDomains"
        ],
        "X-Content-Type-Options": [
          "nosniff"
        ],
        "Cache-Control": [
          "no-cache"
        ],
        "Date": [
          "Fri, 04 May 2018 23:53:14 GMT"
        ],
        "Location": [
          "https://management.azure.com/subscriptions/df7c055c-6310-4374-9852-10ef71ce5f85/operationresults/eyJqb2JJZCI6IlJFU09VUkNFR1JPVVBERUxFVElPTkpPQi1QUzQ5MDAtV0VTVENFTlRSQUxVUyIsImpvYkxvY2F0aW9uIjoid2VzdGNlbnRyYWx1cyJ9?api-version=2016-02-01"
        ]
      },
      "StatusCode": 202
    },
    {
      "RequestUri": "/subscriptions/df7c055c-6310-4374-9852-10ef71ce5f85/operationresults/eyJqb2JJZCI6IlJFU09VUkNFR1JPVVBERUxFVElPTkpPQi1QUzQ5MDAtV0VTVENFTlRSQUxVUyIsImpvYkxvY2F0aW9uIjoid2VzdGNlbnRyYWx1cyJ9?api-version=2016-02-01",
      "EncodedRequestUri": "L3N1YnNjcmlwdGlvbnMvZGY3YzA1NWMtNjMxMC00Mzc0LTk4NTItMTBlZjcxY2U1Zjg1L29wZXJhdGlvbnJlc3VsdHMvZXlKcWIySkpaQ0k2SWxKRlUwOVZVa05GUjFKUFZWQkVSVXhGVkVsUFRrcFBRaTFRVXpRNU1EQXRWMFZUVkVORlRsUlNRVXhWVXlJc0ltcHZZa3h2WTJGMGFXOXVJam9pZDJWemRHTmxiblJ5WVd4MWN5Sjk/YXBpLXZlcnNpb249MjAxNi0wMi0wMQ==",
      "RequestMethod": "GET",
      "RequestBody": "",
      "RequestHeaders": {
        "x-ms-version": [
          "2016-02-01"
        ],
        "User-Agent": [
          "Microsoft.Azure.Management.Resources.ResourceManagementClient/2.0.0.0"
        ]
      },
      "ResponseBody": "",
      "ResponseHeaders": {
        "Content-Length": [
          "0"
        ],
        "Expires": [
          "-1"
        ],
        "Pragma": [
          "no-cache"
        ],
        "Retry-After": [
          "15"
        ],
        "x-ms-ratelimit-remaining-subscription-reads": [
          "14997"
        ],
        "x-ms-request-id": [
          "ef414b9c-c313-44dd-b32a-a82130abbf31"
        ],
        "x-ms-correlation-request-id": [
          "ef414b9c-c313-44dd-b32a-a82130abbf31"
        ],
        "x-ms-routing-request-id": [
          "WESTUS2:20180504T235330Z:ef414b9c-c313-44dd-b32a-a82130abbf31"
        ],
        "Strict-Transport-Security": [
          "max-age=31536000; includeSubDomains"
        ],
        "X-Content-Type-Options": [
          "nosniff"
        ],
        "Cache-Control": [
          "no-cache"
        ],
        "Date": [
          "Fri, 04 May 2018 23:53:29 GMT"
        ],
        "Location": [
          "https://management.azure.com/subscriptions/df7c055c-6310-4374-9852-10ef71ce5f85/operationresults/eyJqb2JJZCI6IlJFU09VUkNFR1JPVVBERUxFVElPTkpPQi1QUzQ5MDAtV0VTVENFTlRSQUxVUyIsImpvYkxvY2F0aW9uIjoid2VzdGNlbnRyYWx1cyJ9?api-version=2016-02-01"
        ]
      },
      "StatusCode": 202
    },
    {
      "RequestUri": "/subscriptions/df7c055c-6310-4374-9852-10ef71ce5f85/operationresults/eyJqb2JJZCI6IlJFU09VUkNFR1JPVVBERUxFVElPTkpPQi1QUzQ5MDAtV0VTVENFTlRSQUxVUyIsImpvYkxvY2F0aW9uIjoid2VzdGNlbnRyYWx1cyJ9?api-version=2016-02-01",
      "EncodedRequestUri": "L3N1YnNjcmlwdGlvbnMvZGY3YzA1NWMtNjMxMC00Mzc0LTk4NTItMTBlZjcxY2U1Zjg1L29wZXJhdGlvbnJlc3VsdHMvZXlKcWIySkpaQ0k2SWxKRlUwOVZVa05GUjFKUFZWQkVSVXhGVkVsUFRrcFBRaTFRVXpRNU1EQXRWMFZUVkVORlRsUlNRVXhWVXlJc0ltcHZZa3h2WTJGMGFXOXVJam9pZDJWemRHTmxiblJ5WVd4MWN5Sjk/YXBpLXZlcnNpb249MjAxNi0wMi0wMQ==",
      "RequestMethod": "GET",
      "RequestBody": "",
      "RequestHeaders": {
        "x-ms-version": [
          "2016-02-01"
        ],
        "User-Agent": [
          "Microsoft.Azure.Management.Resources.ResourceManagementClient/2.0.0.0"
        ]
      },
      "ResponseBody": "",
      "ResponseHeaders": {
        "Content-Length": [
          "0"
        ],
        "Expires": [
          "-1"
        ],
        "Pragma": [
          "no-cache"
        ],
        "Retry-After": [
          "15"
        ],
        "x-ms-ratelimit-remaining-subscription-reads": [
          "14996"
        ],
        "x-ms-request-id": [
          "32fa4aff-3249-4bba-9603-432a8542ca49"
        ],
        "x-ms-correlation-request-id": [
          "32fa4aff-3249-4bba-9603-432a8542ca49"
        ],
        "x-ms-routing-request-id": [
          "WESTUS2:20180504T235345Z:32fa4aff-3249-4bba-9603-432a8542ca49"
        ],
        "Strict-Transport-Security": [
          "max-age=31536000; includeSubDomains"
        ],
        "X-Content-Type-Options": [
          "nosniff"
        ],
        "Cache-Control": [
          "no-cache"
        ],
        "Date": [
          "Fri, 04 May 2018 23:53:44 GMT"
        ],
        "Location": [
          "https://management.azure.com/subscriptions/df7c055c-6310-4374-9852-10ef71ce5f85/operationresults/eyJqb2JJZCI6IlJFU09VUkNFR1JPVVBERUxFVElPTkpPQi1QUzQ5MDAtV0VTVENFTlRSQUxVUyIsImpvYkxvY2F0aW9uIjoid2VzdGNlbnRyYWx1cyJ9?api-version=2016-02-01"
        ]
      },
      "StatusCode": 202
    },
    {
      "RequestUri": "/subscriptions/df7c055c-6310-4374-9852-10ef71ce5f85/operationresults/eyJqb2JJZCI6IlJFU09VUkNFR1JPVVBERUxFVElPTkpPQi1QUzQ5MDAtV0VTVENFTlRSQUxVUyIsImpvYkxvY2F0aW9uIjoid2VzdGNlbnRyYWx1cyJ9?api-version=2016-02-01",
      "EncodedRequestUri": "L3N1YnNjcmlwdGlvbnMvZGY3YzA1NWMtNjMxMC00Mzc0LTk4NTItMTBlZjcxY2U1Zjg1L29wZXJhdGlvbnJlc3VsdHMvZXlKcWIySkpaQ0k2SWxKRlUwOVZVa05GUjFKUFZWQkVSVXhGVkVsUFRrcFBRaTFRVXpRNU1EQXRWMFZUVkVORlRsUlNRVXhWVXlJc0ltcHZZa3h2WTJGMGFXOXVJam9pZDJWemRHTmxiblJ5WVd4MWN5Sjk/YXBpLXZlcnNpb249MjAxNi0wMi0wMQ==",
      "RequestMethod": "GET",
      "RequestBody": "",
      "RequestHeaders": {
        "x-ms-version": [
          "2016-02-01"
        ],
        "User-Agent": [
          "Microsoft.Azure.Management.Resources.ResourceManagementClient/2.0.0.0"
        ]
      },
      "ResponseBody": "",
      "ResponseHeaders": {
        "Content-Length": [
          "0"
        ],
        "Expires": [
          "-1"
        ],
        "Pragma": [
          "no-cache"
        ],
        "Retry-After": [
          "15"
        ],
        "x-ms-ratelimit-remaining-subscription-reads": [
          "14995"
        ],
        "x-ms-request-id": [
          "ed615a0a-ecc1-438e-8233-d4e0b7a18e8e"
        ],
        "x-ms-correlation-request-id": [
          "ed615a0a-ecc1-438e-8233-d4e0b7a18e8e"
        ],
        "x-ms-routing-request-id": [
          "WESTUS2:20180504T235400Z:ed615a0a-ecc1-438e-8233-d4e0b7a18e8e"
        ],
        "Strict-Transport-Security": [
          "max-age=31536000; includeSubDomains"
        ],
        "X-Content-Type-Options": [
          "nosniff"
        ],
        "Cache-Control": [
          "no-cache"
        ],
        "Date": [
          "Fri, 04 May 2018 23:53:59 GMT"
        ],
        "Location": [
          "https://management.azure.com/subscriptions/df7c055c-6310-4374-9852-10ef71ce5f85/operationresults/eyJqb2JJZCI6IlJFU09VUkNFR1JPVVBERUxFVElPTkpPQi1QUzQ5MDAtV0VTVENFTlRSQUxVUyIsImpvYkxvY2F0aW9uIjoid2VzdGNlbnRyYWx1cyJ9?api-version=2016-02-01"
        ]
      },
      "StatusCode": 202
    },
    {
      "RequestUri": "/subscriptions/df7c055c-6310-4374-9852-10ef71ce5f85/operationresults/eyJqb2JJZCI6IlJFU09VUkNFR1JPVVBERUxFVElPTkpPQi1QUzQ5MDAtV0VTVENFTlRSQUxVUyIsImpvYkxvY2F0aW9uIjoid2VzdGNlbnRyYWx1cyJ9?api-version=2016-02-01",
      "EncodedRequestUri": "L3N1YnNjcmlwdGlvbnMvZGY3YzA1NWMtNjMxMC00Mzc0LTk4NTItMTBlZjcxY2U1Zjg1L29wZXJhdGlvbnJlc3VsdHMvZXlKcWIySkpaQ0k2SWxKRlUwOVZVa05GUjFKUFZWQkVSVXhGVkVsUFRrcFBRaTFRVXpRNU1EQXRWMFZUVkVORlRsUlNRVXhWVXlJc0ltcHZZa3h2WTJGMGFXOXVJam9pZDJWemRHTmxiblJ5WVd4MWN5Sjk/YXBpLXZlcnNpb249MjAxNi0wMi0wMQ==",
      "RequestMethod": "GET",
      "RequestBody": "",
      "RequestHeaders": {
        "x-ms-version": [
          "2016-02-01"
        ],
        "User-Agent": [
          "Microsoft.Azure.Management.Resources.ResourceManagementClient/2.0.0.0"
        ]
      },
      "ResponseBody": "",
      "ResponseHeaders": {
        "Content-Length": [
          "0"
        ],
        "Expires": [
          "-1"
        ],
        "Pragma": [
          "no-cache"
        ],
        "Retry-After": [
          "15"
        ],
        "x-ms-ratelimit-remaining-subscription-reads": [
          "14994"
        ],
        "x-ms-request-id": [
          "a6961171-8c1d-4b4a-b084-6620ef2499e1"
        ],
        "x-ms-correlation-request-id": [
          "a6961171-8c1d-4b4a-b084-6620ef2499e1"
        ],
        "x-ms-routing-request-id": [
          "WESTUS2:20180504T235415Z:a6961171-8c1d-4b4a-b084-6620ef2499e1"
        ],
        "Strict-Transport-Security": [
          "max-age=31536000; includeSubDomains"
        ],
        "X-Content-Type-Options": [
          "nosniff"
        ],
        "Cache-Control": [
          "no-cache"
        ],
        "Date": [
          "Fri, 04 May 2018 23:54:14 GMT"
        ],
        "Location": [
          "https://management.azure.com/subscriptions/df7c055c-6310-4374-9852-10ef71ce5f85/operationresults/eyJqb2JJZCI6IlJFU09VUkNFR1JPVVBERUxFVElPTkpPQi1QUzQ5MDAtV0VTVENFTlRSQUxVUyIsImpvYkxvY2F0aW9uIjoid2VzdGNlbnRyYWx1cyJ9?api-version=2016-02-01"
        ]
      },
      "StatusCode": 202
    },
    {
      "RequestUri": "/subscriptions/df7c055c-6310-4374-9852-10ef71ce5f85/operationresults/eyJqb2JJZCI6IlJFU09VUkNFR1JPVVBERUxFVElPTkpPQi1QUzQ5MDAtV0VTVENFTlRSQUxVUyIsImpvYkxvY2F0aW9uIjoid2VzdGNlbnRyYWx1cyJ9?api-version=2016-02-01",
      "EncodedRequestUri": "L3N1YnNjcmlwdGlvbnMvZGY3YzA1NWMtNjMxMC00Mzc0LTk4NTItMTBlZjcxY2U1Zjg1L29wZXJhdGlvbnJlc3VsdHMvZXlKcWIySkpaQ0k2SWxKRlUwOVZVa05GUjFKUFZWQkVSVXhGVkVsUFRrcFBRaTFRVXpRNU1EQXRWMFZUVkVORlRsUlNRVXhWVXlJc0ltcHZZa3h2WTJGMGFXOXVJam9pZDJWemRHTmxiblJ5WVd4MWN5Sjk/YXBpLXZlcnNpb249MjAxNi0wMi0wMQ==",
      "RequestMethod": "GET",
      "RequestBody": "",
      "RequestHeaders": {
        "x-ms-version": [
          "2016-02-01"
        ],
        "User-Agent": [
          "Microsoft.Azure.Management.Resources.ResourceManagementClient/2.0.0.0"
        ]
      },
      "ResponseBody": "",
      "ResponseHeaders": {
        "Content-Length": [
          "0"
        ],
        "Expires": [
          "-1"
        ],
        "Pragma": [
          "no-cache"
        ],
        "Retry-After": [
          "15"
        ],
        "x-ms-ratelimit-remaining-subscription-reads": [
          "14993"
        ],
        "x-ms-request-id": [
          "a9d2b36b-7e60-4a17-9795-645862c0e94a"
        ],
        "x-ms-correlation-request-id": [
          "a9d2b36b-7e60-4a17-9795-645862c0e94a"
        ],
        "x-ms-routing-request-id": [
          "WESTUS2:20180504T235430Z:a9d2b36b-7e60-4a17-9795-645862c0e94a"
        ],
        "Strict-Transport-Security": [
          "max-age=31536000; includeSubDomains"
        ],
        "X-Content-Type-Options": [
          "nosniff"
        ],
        "Cache-Control": [
          "no-cache"
        ],
        "Date": [
          "Fri, 04 May 2018 23:54:29 GMT"
        ],
        "Location": [
          "https://management.azure.com/subscriptions/df7c055c-6310-4374-9852-10ef71ce5f85/operationresults/eyJqb2JJZCI6IlJFU09VUkNFR1JPVVBERUxFVElPTkpPQi1QUzQ5MDAtV0VTVENFTlRSQUxVUyIsImpvYkxvY2F0aW9uIjoid2VzdGNlbnRyYWx1cyJ9?api-version=2016-02-01"
        ]
      },
      "StatusCode": 202
    },
    {
      "RequestUri": "/subscriptions/df7c055c-6310-4374-9852-10ef71ce5f85/operationresults/eyJqb2JJZCI6IlJFU09VUkNFR1JPVVBERUxFVElPTkpPQi1QUzQ5MDAtV0VTVENFTlRSQUxVUyIsImpvYkxvY2F0aW9uIjoid2VzdGNlbnRyYWx1cyJ9?api-version=2016-02-01",
      "EncodedRequestUri": "L3N1YnNjcmlwdGlvbnMvZGY3YzA1NWMtNjMxMC00Mzc0LTk4NTItMTBlZjcxY2U1Zjg1L29wZXJhdGlvbnJlc3VsdHMvZXlKcWIySkpaQ0k2SWxKRlUwOVZVa05GUjFKUFZWQkVSVXhGVkVsUFRrcFBRaTFRVXpRNU1EQXRWMFZUVkVORlRsUlNRVXhWVXlJc0ltcHZZa3h2WTJGMGFXOXVJam9pZDJWemRHTmxiblJ5WVd4MWN5Sjk/YXBpLXZlcnNpb249MjAxNi0wMi0wMQ==",
      "RequestMethod": "GET",
      "RequestBody": "",
      "RequestHeaders": {
        "x-ms-version": [
          "2016-02-01"
        ],
        "User-Agent": [
          "Microsoft.Azure.Management.Resources.ResourceManagementClient/2.0.0.0"
        ]
      },
      "ResponseBody": "",
      "ResponseHeaders": {
        "Content-Length": [
          "0"
        ],
        "Expires": [
          "-1"
        ],
        "Pragma": [
          "no-cache"
        ],
        "Retry-After": [
          "15"
        ],
        "x-ms-ratelimit-remaining-subscription-reads": [
          "14992"
        ],
        "x-ms-request-id": [
          "2330b419-6833-46b3-bd97-9ec7f47dcfe7"
        ],
        "x-ms-correlation-request-id": [
          "2330b419-6833-46b3-bd97-9ec7f47dcfe7"
        ],
        "x-ms-routing-request-id": [
          "WESTUS2:20180504T235445Z:2330b419-6833-46b3-bd97-9ec7f47dcfe7"
        ],
        "Strict-Transport-Security": [
          "max-age=31536000; includeSubDomains"
        ],
        "X-Content-Type-Options": [
          "nosniff"
        ],
        "Cache-Control": [
          "no-cache"
        ],
        "Date": [
          "Fri, 04 May 2018 23:54:45 GMT"
        ],
        "Location": [
          "https://management.azure.com/subscriptions/df7c055c-6310-4374-9852-10ef71ce5f85/operationresults/eyJqb2JJZCI6IlJFU09VUkNFR1JPVVBERUxFVElPTkpPQi1QUzQ5MDAtV0VTVENFTlRSQUxVUyIsImpvYkxvY2F0aW9uIjoid2VzdGNlbnRyYWx1cyJ9?api-version=2016-02-01"
        ]
      },
      "StatusCode": 202
    },
    {
      "RequestUri": "/subscriptions/df7c055c-6310-4374-9852-10ef71ce5f85/operationresults/eyJqb2JJZCI6IlJFU09VUkNFR1JPVVBERUxFVElPTkpPQi1QUzQ5MDAtV0VTVENFTlRSQUxVUyIsImpvYkxvY2F0aW9uIjoid2VzdGNlbnRyYWx1cyJ9?api-version=2016-02-01",
      "EncodedRequestUri": "L3N1YnNjcmlwdGlvbnMvZGY3YzA1NWMtNjMxMC00Mzc0LTk4NTItMTBlZjcxY2U1Zjg1L29wZXJhdGlvbnJlc3VsdHMvZXlKcWIySkpaQ0k2SWxKRlUwOVZVa05GUjFKUFZWQkVSVXhGVkVsUFRrcFBRaTFRVXpRNU1EQXRWMFZUVkVORlRsUlNRVXhWVXlJc0ltcHZZa3h2WTJGMGFXOXVJam9pZDJWemRHTmxiblJ5WVd4MWN5Sjk/YXBpLXZlcnNpb249MjAxNi0wMi0wMQ==",
      "RequestMethod": "GET",
      "RequestBody": "",
      "RequestHeaders": {
        "x-ms-version": [
          "2016-02-01"
        ],
        "User-Agent": [
          "Microsoft.Azure.Management.Resources.ResourceManagementClient/2.0.0.0"
        ]
      },
      "ResponseBody": "",
      "ResponseHeaders": {
        "Content-Length": [
          "0"
        ],
        "Expires": [
          "-1"
        ],
        "Pragma": [
          "no-cache"
        ],
        "x-ms-ratelimit-remaining-subscription-reads": [
          "14991"
        ],
        "x-ms-request-id": [
          "ea496c78-cbf6-4a28-8917-753eb672ce6a"
        ],
        "x-ms-correlation-request-id": [
          "ea496c78-cbf6-4a28-8917-753eb672ce6a"
        ],
        "x-ms-routing-request-id": [
          "WESTUS2:20180504T235500Z:ea496c78-cbf6-4a28-8917-753eb672ce6a"
        ],
        "Strict-Transport-Security": [
          "max-age=31536000; includeSubDomains"
        ],
        "X-Content-Type-Options": [
          "nosniff"
        ],
        "Cache-Control": [
          "no-cache"
        ],
        "Date": [
          "Fri, 04 May 2018 23:55:00 GMT"
        ]
      },
      "StatusCode": 200
    }
  ],
  "Names": {
    "Test-ListServerAdvisors": [
      "ps4900",
      "ps1822"
    ]
  },
  "Variables": {
    "SubscriptionId": "df7c055c-6310-4374-9852-10ef71ce5f85",
    "User": "payi@microsoft.com",
    "TenantId": "72f988bf-86f1-41af-91ab-2d7cd011db47"
  }
}