{
  "Entries": [
    {
      "RequestUri": "/subscriptions/8313371e-0879-428e-b1da-6353575a9192/resourcegroups/sql-dm-cmdlet-test-rgps7033?api-version=2016-09-01",
      "EncodedRequestUri": "L3N1YnNjcmlwdGlvbnMvODMxMzM3MWUtMDg3OS00MjhlLWIxZGEtNjM1MzU3NWE5MTkyL3Jlc291cmNlZ3JvdXBzL3NxbC1kbS1jbWRsZXQtdGVzdC1yZ3BzNzAzMz9hcGktdmVyc2lvbj0yMDE2LTA5LTAx",
      "RequestMethod": "PUT",
      "RequestBody": "{\r\n  \"location\": \"West Central US\"\r\n}",
      "RequestHeaders": {
        "x-ms-client-request-id": [
          "73417fdc-5083-4ff7-a732-0fa4ade20dea"
        ],
        "Accept-Language": [
          "en-US"
        ],
        "User-Agent": [
          "FxVersion/4.700.21.56803",
          "OSName/Windows",
          "OSVersion/Microsoft.Windows.10.0.17763",
          "Microsoft.Azure.Management.Internal.Resources.ResourceManagementClient/1.3.56"
        ],
        "Content-Type": [
          "application/json; charset=utf-8"
        ],
        "Content-Length": [
          "37"
        ]
      },
      "ResponseHeaders": {
        "Cache-Control": [
          "no-cache"
        ],
        "Pragma": [
          "no-cache"
        ],
        "x-ms-ratelimit-remaining-subscription-writes": [
          "1199"
        ],
        "x-ms-request-id": [
          "b150a664-6a14-4b2f-bb75-ed0cb2c9f66d"
        ],
        "x-ms-correlation-request-id": [
          "b150a664-6a14-4b2f-bb75-ed0cb2c9f66d"
        ],
        "x-ms-routing-request-id": [
          "UKSOUTH:20220307T231217Z:b150a664-6a14-4b2f-bb75-ed0cb2c9f66d"
        ],
        "Strict-Transport-Security": [
          "max-age=31536000; includeSubDomains"
        ],
        "X-Content-Type-Options": [
          "nosniff"
        ],
        "Date": [
          "Mon, 07 Mar 2022 23:12:17 GMT"
        ],
        "Content-Length": [
          "214"
        ],
        "Content-Type": [
          "application/json; charset=utf-8"
        ],
        "Expires": [
          "-1"
        ]
      },
      "ResponseBody": "{\r\n  \"id\": \"/subscriptions/8313371e-0879-428e-b1da-6353575a9192/resourceGroups/sql-dm-cmdlet-test-rgps7033\",\r\n  \"name\": \"sql-dm-cmdlet-test-rgps7033\",\r\n  \"location\": \"westcentralus\",\r\n  \"properties\": {\r\n    \"provisioningState\": \"Succeeded\"\r\n  }\r\n}",
      "StatusCode": 201
    },
    {
      "RequestUri": "/subscriptions/8313371e-0879-428e-b1da-6353575a9192/resourceGroups/sql-dm-cmdlet-test-rgps7033/providers/Microsoft.Sql/servers/sql-dm-cmdlet-serverps7033?api-version=2021-02-01-preview",
      "EncodedRequestUri": "L3N1YnNjcmlwdGlvbnMvODMxMzM3MWUtMDg3OS00MjhlLWIxZGEtNjM1MzU3NWE5MTkyL3Jlc291cmNlR3JvdXBzL3NxbC1kbS1jbWRsZXQtdGVzdC1yZ3BzNzAzMy9wcm92aWRlcnMvTWljcm9zb2Z0LlNxbC9zZXJ2ZXJzL3NxbC1kbS1jbWRsZXQtc2VydmVycHM3MDMzP2FwaS12ZXJzaW9uPTIwMjEtMDItMDEtcHJldmlldw==",
      "RequestMethod": "GET",
      "RequestBody": "",
      "RequestHeaders": {
        "x-ms-client-request-id": [
          "811e374a-e203-4b25-b639-8fe4d293e7c2"
        ],
        "Accept-Language": [
          "en-US"
        ],
        "User-Agent": [
          "FxVersion/4.700.21.56803",
          "OSName/Windows",
          "OSVersion/Microsoft.Windows.10.0.17763",
          "Microsoft.Azure.Management.Sql.SqlManagementClient/2.0.0.0"
        ]
      },
      "ResponseHeaders": {
        "Cache-Control": [
          "no-cache"
        ],
        "Pragma": [
          "no-cache"
        ],
        "x-ms-failure-cause": [
          "gateway"
        ],
        "x-ms-request-id": [
          "fef9390f-2cc6-4fb1-ab59-737ba8be9112"
        ],
        "x-ms-correlation-request-id": [
          "fef9390f-2cc6-4fb1-ab59-737ba8be9112"
        ],
        "x-ms-routing-request-id": [
          "UKSOUTH:20220307T231218Z:fef9390f-2cc6-4fb1-ab59-737ba8be9112"
        ],
        "Strict-Transport-Security": [
          "max-age=31536000; includeSubDomains"
        ],
        "X-Content-Type-Options": [
          "nosniff"
        ],
        "Date": [
          "Mon, 07 Mar 2022 23:12:18 GMT"
        ],
        "Content-Type": [
          "application/json; charset=utf-8"
        ],
        "Expires": [
          "-1"
        ],
        "Content-Length": [
          "247"
        ]
      },
      "ResponseBody": "{\r\n  \"error\": {\r\n    \"code\": \"ResourceNotFound\",\r\n    \"message\": \"The Resource 'Microsoft.Sql/servers/sql-dm-cmdlet-serverps7033' under resource group 'sql-dm-cmdlet-test-rgps7033' was not found. For more details please go to https://aka.ms/ARMResourceNotFoundFix\"\r\n  }\r\n}",
      "StatusCode": 404
    },
    {
      "RequestUri": "/subscriptions/8313371e-0879-428e-b1da-6353575a9192/resourceGroups/sql-dm-cmdlet-test-rgps7033/providers/Microsoft.Sql/servers/sql-dm-cmdlet-serverps7033?api-version=2021-02-01-preview",
      "EncodedRequestUri": "L3N1YnNjcmlwdGlvbnMvODMxMzM3MWUtMDg3OS00MjhlLWIxZGEtNjM1MzU3NWE5MTkyL3Jlc291cmNlR3JvdXBzL3NxbC1kbS1jbWRsZXQtdGVzdC1yZ3BzNzAzMy9wcm92aWRlcnMvTWljcm9zb2Z0LlNxbC9zZXJ2ZXJzL3NxbC1kbS1jbWRsZXQtc2VydmVycHM3MDMzP2FwaS12ZXJzaW9uPTIwMjEtMDItMDEtcHJldmlldw==",
      "RequestMethod": "GET",
      "RequestBody": "",
      "RequestHeaders": {
        "x-ms-client-request-id": [
          "811e374a-e203-4b25-b639-8fe4d293e7c2"
        ],
        "User-Agent": [
          "FxVersion/4.700.21.56803",
          "OSName/Windows",
          "OSVersion/Microsoft.Windows.10.0.17763",
          "Microsoft.Azure.Management.Sql.SqlManagementClient/2.0.0.0"
        ]
      },
      "ResponseHeaders": {
        "Cache-Control": [
          "no-cache"
        ],
        "Pragma": [
          "no-cache"
        ],
        "x-ms-request-id": [
          "dacf9728-3c40-4594-b45e-239a92aefc66"
        ],
        "Server": [
          "Microsoft-HTTPAPI/2.0"
        ],
        "x-ms-ratelimit-remaining-subscription-reads": [
          "11991"
        ],
        "x-ms-correlation-request-id": [
          "65487f0b-866a-4827-abc8-5713a5bd1b20"
        ],
        "x-ms-routing-request-id": [
          "UKSOUTH:20220307T231330Z:65487f0b-866a-4827-abc8-5713a5bd1b20"
        ],
        "Strict-Transport-Security": [
          "max-age=31536000; includeSubDomains"
        ],
        "X-Content-Type-Options": [
          "nosniff"
        ],
        "Date": [
          "Mon, 07 Mar 2022 23:13:30 GMT"
        ],
        "Content-Length": [
          "536"
        ],
        "Content-Type": [
          "application/json; charset=utf-8"
        ],
        "Expires": [
          "-1"
        ]
      },
      "ResponseBody": "{\r\n  \"kind\": \"v12.0\",\r\n  \"properties\": {\r\n    \"administratorLogin\": \"testlogin\",\r\n    \"version\": \"12.0\",\r\n    \"state\": \"Ready\",\r\n    \"fullyQualifiedDomainName\": \"sql-dm-cmdlet-serverps7033.database.windows.net\",\r\n    \"privateEndpointConnections\": [],\r\n    \"publicNetworkAccess\": \"Enabled\",\r\n    \"restrictOutboundNetworkAccess\": \"Disabled\"\r\n  },\r\n  \"location\": \"westcentralus\",\r\n  \"id\": \"/subscriptions/8313371e-0879-428e-b1da-6353575a9192/resourceGroups/sql-dm-cmdlet-test-rgps7033/providers/Microsoft.Sql/servers/sql-dm-cmdlet-serverps7033\",\r\n  \"name\": \"sql-dm-cmdlet-serverps7033\",\r\n  \"type\": \"Microsoft.Sql/servers\"\r\n}",
      "StatusCode": 200
    },
    {
      "RequestUri": "/subscriptions/8313371e-0879-428e-b1da-6353575a9192/resourceGroups/sql-dm-cmdlet-test-rgps7033/providers/Microsoft.Sql/servers/sql-dm-cmdlet-serverps7033?api-version=2021-02-01-preview",
      "EncodedRequestUri": "L3N1YnNjcmlwdGlvbnMvODMxMzM3MWUtMDg3OS00MjhlLWIxZGEtNjM1MzU3NWE5MTkyL3Jlc291cmNlR3JvdXBzL3NxbC1kbS1jbWRsZXQtdGVzdC1yZ3BzNzAzMy9wcm92aWRlcnMvTWljcm9zb2Z0LlNxbC9zZXJ2ZXJzL3NxbC1kbS1jbWRsZXQtc2VydmVycHM3MDMzP2FwaS12ZXJzaW9uPTIwMjEtMDItMDEtcHJldmlldw==",
      "RequestMethod": "GET",
      "RequestBody": "",
      "RequestHeaders": {
        "x-ms-client-request-id": [
          "351a4d77-bef0-4270-a8e6-87f89e9ec198"
        ],
        "Accept-Language": [
          "en-US"
        ],
        "User-Agent": [
          "FxVersion/4.700.21.56803",
          "OSName/Windows",
          "OSVersion/Microsoft.Windows.10.0.17763",
          "Microsoft.Azure.Management.Sql.SqlManagementClient/2.0.0.0"
        ]
      },
      "ResponseHeaders": {
        "Cache-Control": [
          "no-cache"
        ],
        "Pragma": [
          "no-cache"
        ],
        "x-ms-request-id": [
          "0c85069e-1ceb-43fb-b75e-ca07ab007b05"
        ],
        "Server": [
          "Microsoft-HTTPAPI/2.0"
        ],
        "x-ms-ratelimit-remaining-subscription-reads": [
          "11990"
        ],
        "x-ms-correlation-request-id": [
          "6b96ccce-66f7-4b44-a5a9-2a448edc95ae"
        ],
        "x-ms-routing-request-id": [
          "UKSOUTH:20220307T231332Z:6b96ccce-66f7-4b44-a5a9-2a448edc95ae"
        ],
        "Strict-Transport-Security": [
          "max-age=31536000; includeSubDomains"
        ],
        "X-Content-Type-Options": [
          "nosniff"
        ],
        "Date": [
          "Mon, 07 Mar 2022 23:13:31 GMT"
        ],
        "Content-Length": [
          "536"
        ],
        "Content-Type": [
          "application/json; charset=utf-8"
        ],
        "Expires": [
          "-1"
        ]
      },
      "ResponseBody": "{\r\n  \"kind\": \"v12.0\",\r\n  \"properties\": {\r\n    \"administratorLogin\": \"testlogin\",\r\n    \"version\": \"12.0\",\r\n    \"state\": \"Ready\",\r\n    \"fullyQualifiedDomainName\": \"sql-dm-cmdlet-serverps7033.database.windows.net\",\r\n    \"privateEndpointConnections\": [],\r\n    \"publicNetworkAccess\": \"Enabled\",\r\n    \"restrictOutboundNetworkAccess\": \"Disabled\"\r\n  },\r\n  \"location\": \"westcentralus\",\r\n  \"id\": \"/subscriptions/8313371e-0879-428e-b1da-6353575a9192/resourceGroups/sql-dm-cmdlet-test-rgps7033/providers/Microsoft.Sql/servers/sql-dm-cmdlet-serverps7033\",\r\n  \"name\": \"sql-dm-cmdlet-serverps7033\",\r\n  \"type\": \"Microsoft.Sql/servers\"\r\n}",
      "StatusCode": 200
    },
    {
      "RequestUri": "/subscriptions/8313371e-0879-428e-b1da-6353575a9192/resourceGroups/sql-dm-cmdlet-test-rgps7033/providers/Microsoft.Sql/servers/sql-dm-cmdlet-serverps7033?api-version=2021-02-01-preview",
      "EncodedRequestUri": "L3N1YnNjcmlwdGlvbnMvODMxMzM3MWUtMDg3OS00MjhlLWIxZGEtNjM1MzU3NWE5MTkyL3Jlc291cmNlR3JvdXBzL3NxbC1kbS1jbWRsZXQtdGVzdC1yZ3BzNzAzMy9wcm92aWRlcnMvTWljcm9zb2Z0LlNxbC9zZXJ2ZXJzL3NxbC1kbS1jbWRsZXQtc2VydmVycHM3MDMzP2FwaS12ZXJzaW9uPTIwMjEtMDItMDEtcHJldmlldw==",
      "RequestMethod": "GET",
      "RequestBody": "",
      "RequestHeaders": {
        "x-ms-client-request-id": [
          "351a4d77-bef0-4270-a8e6-87f89e9ec198"
        ],
        "Accept-Language": [
          "en-US"
        ],
        "User-Agent": [
          "FxVersion/4.700.21.56803",
          "OSName/Windows",
          "OSVersion/Microsoft.Windows.10.0.17763",
          "Microsoft.Azure.Management.Sql.SqlManagementClient/2.0.0.0"
        ]
      },
      "ResponseHeaders": {
        "Cache-Control": [
          "no-cache"
        ],
        "Pragma": [
          "no-cache"
        ],
        "x-ms-request-id": [
          "caa56ad4-185f-481c-a172-3eee4b30e0f6"
        ],
        "Server": [
          "Microsoft-HTTPAPI/2.0"
        ],
        "x-ms-ratelimit-remaining-subscription-reads": [
          "11988"
        ],
        "x-ms-correlation-request-id": [
          "f4f5e12f-a625-48a0-ace7-caf58cb2b53e"
        ],
        "x-ms-routing-request-id": [
          "UKSOUTH:20220307T231332Z:f4f5e12f-a625-48a0-ace7-caf58cb2b53e"
        ],
        "Strict-Transport-Security": [
          "max-age=31536000; includeSubDomains"
        ],
        "X-Content-Type-Options": [
          "nosniff"
        ],
        "Date": [
          "Mon, 07 Mar 2022 23:13:32 GMT"
        ],
        "Content-Length": [
          "536"
        ],
        "Content-Type": [
          "application/json; charset=utf-8"
        ],
        "Expires": [
          "-1"
        ]
      },
      "ResponseBody": "{\r\n  \"kind\": \"v12.0\",\r\n  \"properties\": {\r\n    \"administratorLogin\": \"testlogin\",\r\n    \"version\": \"12.0\",\r\n    \"state\": \"Ready\",\r\n    \"fullyQualifiedDomainName\": \"sql-dm-cmdlet-serverps7033.database.windows.net\",\r\n    \"privateEndpointConnections\": [],\r\n    \"publicNetworkAccess\": \"Enabled\",\r\n    \"restrictOutboundNetworkAccess\": \"Disabled\"\r\n  },\r\n  \"location\": \"westcentralus\",\r\n  \"id\": \"/subscriptions/8313371e-0879-428e-b1da-6353575a9192/resourceGroups/sql-dm-cmdlet-test-rgps7033/providers/Microsoft.Sql/servers/sql-dm-cmdlet-serverps7033\",\r\n  \"name\": \"sql-dm-cmdlet-serverps7033\",\r\n  \"type\": \"Microsoft.Sql/servers\"\r\n}",
      "StatusCode": 200
    },
    {
      "RequestUri": "/subscriptions/8313371e-0879-428e-b1da-6353575a9192/resourceGroups/sql-dm-cmdlet-test-rgps7033/providers/Microsoft.Sql/servers/sql-dm-cmdlet-serverps7033?api-version=2021-02-01-preview",
      "EncodedRequestUri": "L3N1YnNjcmlwdGlvbnMvODMxMzM3MWUtMDg3OS00MjhlLWIxZGEtNjM1MzU3NWE5MTkyL3Jlc291cmNlR3JvdXBzL3NxbC1kbS1jbWRsZXQtdGVzdC1yZ3BzNzAzMy9wcm92aWRlcnMvTWljcm9zb2Z0LlNxbC9zZXJ2ZXJzL3NxbC1kbS1jbWRsZXQtc2VydmVycHM3MDMzP2FwaS12ZXJzaW9uPTIwMjEtMDItMDEtcHJldmlldw==",
      "RequestMethod": "GET",
      "RequestBody": "",
      "RequestHeaders": {
        "x-ms-client-request-id": [
          "f3bf6179-6d4c-40ab-b133-1392bbcfa560"
        ],
        "Accept-Language": [
          "en-US"
        ],
        "User-Agent": [
          "FxVersion/4.700.21.56803",
          "OSName/Windows",
          "OSVersion/Microsoft.Windows.10.0.17763",
          "Microsoft.Azure.Management.Sql.SqlManagementClient/2.0.0.0"
        ]
      },
      "ResponseHeaders": {
        "Cache-Control": [
          "no-cache"
        ],
        "Pragma": [
          "no-cache"
        ],
        "x-ms-request-id": [
          "60800e06-82ea-4aae-b8fd-2f5872cd57cc"
        ],
        "Server": [
          "Microsoft-HTTPAPI/2.0"
        ],
        "x-ms-ratelimit-remaining-subscription-reads": [
          "11982"
        ],
        "x-ms-correlation-request-id": [
          "11fcd232-9e49-4c0b-8bd3-856e6e5f4404"
        ],
        "x-ms-routing-request-id": [
          "UKSOUTH:20220307T231439Z:11fcd232-9e49-4c0b-8bd3-856e6e5f4404"
        ],
        "Strict-Transport-Security": [
          "max-age=31536000; includeSubDomains"
        ],
        "X-Content-Type-Options": [
          "nosniff"
        ],
        "Date": [
          "Mon, 07 Mar 2022 23:14:38 GMT"
        ],
        "Content-Length": [
          "536"
        ],
        "Content-Type": [
          "application/json; charset=utf-8"
        ],
        "Expires": [
          "-1"
        ]
      },
      "ResponseBody": "{\r\n  \"kind\": \"v12.0\",\r\n  \"properties\": {\r\n    \"administratorLogin\": \"testlogin\",\r\n    \"version\": \"12.0\",\r\n    \"state\": \"Ready\",\r\n    \"fullyQualifiedDomainName\": \"sql-dm-cmdlet-serverps7033.database.windows.net\",\r\n    \"privateEndpointConnections\": [],\r\n    \"publicNetworkAccess\": \"Enabled\",\r\n    \"restrictOutboundNetworkAccess\": \"Disabled\"\r\n  },\r\n  \"location\": \"westcentralus\",\r\n  \"id\": \"/subscriptions/8313371e-0879-428e-b1da-6353575a9192/resourceGroups/sql-dm-cmdlet-test-rgps7033/providers/Microsoft.Sql/servers/sql-dm-cmdlet-serverps7033\",\r\n  \"name\": \"sql-dm-cmdlet-serverps7033\",\r\n  \"type\": \"Microsoft.Sql/servers\"\r\n}",
      "StatusCode": 200
    },
    {
      "RequestUri": "/subscriptions/8313371e-0879-428e-b1da-6353575a9192/resourceGroups/sql-dm-cmdlet-test-rgps7033/providers/Microsoft.Sql/servers/sql-dm-cmdlet-serverps7033?api-version=2021-02-01-preview",
      "EncodedRequestUri": "L3N1YnNjcmlwdGlvbnMvODMxMzM3MWUtMDg3OS00MjhlLWIxZGEtNjM1MzU3NWE5MTkyL3Jlc291cmNlR3JvdXBzL3NxbC1kbS1jbWRsZXQtdGVzdC1yZ3BzNzAzMy9wcm92aWRlcnMvTWljcm9zb2Z0LlNxbC9zZXJ2ZXJzL3NxbC1kbS1jbWRsZXQtc2VydmVycHM3MDMzP2FwaS12ZXJzaW9uPTIwMjEtMDItMDEtcHJldmlldw==",
      "RequestMethod": "GET",
      "RequestBody": "",
      "RequestHeaders": {
        "x-ms-client-request-id": [
          "ba6e8a78-9876-4a91-8e9c-e48e87798d3a"
        ],
        "Accept-Language": [
          "en-US"
        ],
        "User-Agent": [
          "FxVersion/4.700.21.56803",
          "OSName/Windows",
          "OSVersion/Microsoft.Windows.10.0.17763",
          "Microsoft.Azure.Management.Sql.SqlManagementClient/2.0.0.0"
        ]
      },
      "ResponseHeaders": {
        "Cache-Control": [
          "no-cache"
        ],
        "Pragma": [
          "no-cache"
        ],
        "x-ms-request-id": [
          "5fbe176d-c493-4d3f-92a2-ec3334dce8d3"
        ],
        "Server": [
          "Microsoft-HTTPAPI/2.0"
        ],
        "x-ms-ratelimit-remaining-subscription-reads": [
          "11981"
        ],
        "x-ms-correlation-request-id": [
          "cb132c1a-db90-43d2-a711-d7076e7c243a"
        ],
        "x-ms-routing-request-id": [
          "UKSOUTH:20220307T231440Z:cb132c1a-db90-43d2-a711-d7076e7c243a"
        ],
        "Strict-Transport-Security": [
          "max-age=31536000; includeSubDomains"
        ],
        "X-Content-Type-Options": [
          "nosniff"
        ],
        "Date": [
          "Mon, 07 Mar 2022 23:14:39 GMT"
        ],
        "Content-Length": [
          "536"
        ],
        "Content-Type": [
          "application/json; charset=utf-8"
        ],
        "Expires": [
          "-1"
        ]
      },
      "ResponseBody": "{\r\n  \"kind\": \"v12.0\",\r\n  \"properties\": {\r\n    \"administratorLogin\": \"testlogin\",\r\n    \"version\": \"12.0\",\r\n    \"state\": \"Ready\",\r\n    \"fullyQualifiedDomainName\": \"sql-dm-cmdlet-serverps7033.database.windows.net\",\r\n    \"privateEndpointConnections\": [],\r\n    \"publicNetworkAccess\": \"Enabled\",\r\n    \"restrictOutboundNetworkAccess\": \"Disabled\"\r\n  },\r\n  \"location\": \"westcentralus\",\r\n  \"id\": \"/subscriptions/8313371e-0879-428e-b1da-6353575a9192/resourceGroups/sql-dm-cmdlet-test-rgps7033/providers/Microsoft.Sql/servers/sql-dm-cmdlet-serverps7033\",\r\n  \"name\": \"sql-dm-cmdlet-serverps7033\",\r\n  \"type\": \"Microsoft.Sql/servers\"\r\n}",
      "StatusCode": 200
    },
    {
      "RequestUri": "/subscriptions/8313371e-0879-428e-b1da-6353575a9192/resourceGroups/sql-dm-cmdlet-test-rgps7033/providers/Microsoft.Sql/servers/sql-dm-cmdlet-serverps7033?api-version=2021-02-01-preview",
      "EncodedRequestUri": "L3N1YnNjcmlwdGlvbnMvODMxMzM3MWUtMDg3OS00MjhlLWIxZGEtNjM1MzU3NWE5MTkyL3Jlc291cmNlR3JvdXBzL3NxbC1kbS1jbWRsZXQtdGVzdC1yZ3BzNzAzMy9wcm92aWRlcnMvTWljcm9zb2Z0LlNxbC9zZXJ2ZXJzL3NxbC1kbS1jbWRsZXQtc2VydmVycHM3MDMzP2FwaS12ZXJzaW9uPTIwMjEtMDItMDEtcHJldmlldw==",
      "RequestMethod": "GET",
      "RequestBody": "",
      "RequestHeaders": {
        "x-ms-client-request-id": [
          "ba6e8a78-9876-4a91-8e9c-e48e87798d3a"
        ],
        "Accept-Language": [
          "en-US"
        ],
        "User-Agent": [
          "FxVersion/4.700.21.56803",
          "OSName/Windows",
          "OSVersion/Microsoft.Windows.10.0.17763",
          "Microsoft.Azure.Management.Sql.SqlManagementClient/2.0.0.0"
        ]
      },
      "ResponseHeaders": {
        "Cache-Control": [
          "no-cache"
        ],
        "Pragma": [
          "no-cache"
        ],
        "x-ms-request-id": [
          "37ebb107-b9dd-472f-825c-70c5f56dc2b7"
        ],
        "Server": [
          "Microsoft-HTTPAPI/2.0"
        ],
        "x-ms-ratelimit-remaining-subscription-reads": [
          "11980"
        ],
        "x-ms-correlation-request-id": [
          "d6196eac-cb78-4d0e-b882-b5f569c03878"
        ],
        "x-ms-routing-request-id": [
          "UKSOUTH:20220307T231441Z:d6196eac-cb78-4d0e-b882-b5f569c03878"
        ],
        "Strict-Transport-Security": [
          "max-age=31536000; includeSubDomains"
        ],
        "X-Content-Type-Options": [
          "nosniff"
        ],
        "Date": [
          "Mon, 07 Mar 2022 23:14:40 GMT"
        ],
        "Content-Length": [
          "536"
        ],
        "Content-Type": [
          "application/json; charset=utf-8"
        ],
        "Expires": [
          "-1"
        ]
      },
      "ResponseBody": "{\r\n  \"kind\": \"v12.0\",\r\n  \"properties\": {\r\n    \"administratorLogin\": \"testlogin\",\r\n    \"version\": \"12.0\",\r\n    \"state\": \"Ready\",\r\n    \"fullyQualifiedDomainName\": \"sql-dm-cmdlet-serverps7033.database.windows.net\",\r\n    \"privateEndpointConnections\": [],\r\n    \"publicNetworkAccess\": \"Enabled\",\r\n    \"restrictOutboundNetworkAccess\": \"Disabled\"\r\n  },\r\n  \"location\": \"westcentralus\",\r\n  \"id\": \"/subscriptions/8313371e-0879-428e-b1da-6353575a9192/resourceGroups/sql-dm-cmdlet-test-rgps7033/providers/Microsoft.Sql/servers/sql-dm-cmdlet-serverps7033\",\r\n  \"name\": \"sql-dm-cmdlet-serverps7033\",\r\n  \"type\": \"Microsoft.Sql/servers\"\r\n}",
      "StatusCode": 200
    },
    {
      "RequestUri": "/subscriptions/8313371e-0879-428e-b1da-6353575a9192/resourceGroups/sql-dm-cmdlet-test-rgps7033/providers/Microsoft.Sql/servers/sql-dm-cmdlet-serverps7033?api-version=2021-02-01-preview",
      "EncodedRequestUri": "L3N1YnNjcmlwdGlvbnMvODMxMzM3MWUtMDg3OS00MjhlLWIxZGEtNjM1MzU3NWE5MTkyL3Jlc291cmNlR3JvdXBzL3NxbC1kbS1jbWRsZXQtdGVzdC1yZ3BzNzAzMy9wcm92aWRlcnMvTWljcm9zb2Z0LlNxbC9zZXJ2ZXJzL3NxbC1kbS1jbWRsZXQtc2VydmVycHM3MDMzP2FwaS12ZXJzaW9uPTIwMjEtMDItMDEtcHJldmlldw==",
      "RequestMethod": "GET",
      "RequestBody": "",
      "RequestHeaders": {
        "x-ms-client-request-id": [
          "49c5d71e-3efe-4dd7-b7b5-1991719b8713"
        ],
        "Accept-Language": [
          "en-US"
        ],
        "User-Agent": [
          "FxVersion/4.700.21.56803",
          "OSName/Windows",
          "OSVersion/Microsoft.Windows.10.0.17763",
          "Microsoft.Azure.Management.Sql.SqlManagementClient/2.0.0.0"
        ]
      },
      "ResponseHeaders": {
        "Cache-Control": [
          "no-cache"
        ],
        "Pragma": [
          "no-cache"
        ],
        "x-ms-request-id": [
          "9aaabb99-cff3-432f-b036-c3ea9eef8b5b"
        ],
        "Server": [
          "Microsoft-HTTPAPI/2.0"
        ],
        "x-ms-ratelimit-remaining-subscription-reads": [
          "11979"
        ],
        "x-ms-correlation-request-id": [
          "35cba3c6-886d-489a-94c9-52ae8d30610f"
        ],
        "x-ms-routing-request-id": [
          "UKSOUTH:20220307T231442Z:35cba3c6-886d-489a-94c9-52ae8d30610f"
        ],
        "Strict-Transport-Security": [
          "max-age=31536000; includeSubDomains"
        ],
        "X-Content-Type-Options": [
          "nosniff"
        ],
        "Date": [
          "Mon, 07 Mar 2022 23:14:41 GMT"
        ],
        "Content-Length": [
          "536"
        ],
        "Content-Type": [
          "application/json; charset=utf-8"
        ],
        "Expires": [
          "-1"
        ]
      },
      "ResponseBody": "{\r\n  \"kind\": \"v12.0\",\r\n  \"properties\": {\r\n    \"administratorLogin\": \"testlogin\",\r\n    \"version\": \"12.0\",\r\n    \"state\": \"Ready\",\r\n    \"fullyQualifiedDomainName\": \"sql-dm-cmdlet-serverps7033.database.windows.net\",\r\n    \"privateEndpointConnections\": [],\r\n    \"publicNetworkAccess\": \"Enabled\",\r\n    \"restrictOutboundNetworkAccess\": \"Disabled\"\r\n  },\r\n  \"location\": \"westcentralus\",\r\n  \"id\": \"/subscriptions/8313371e-0879-428e-b1da-6353575a9192/resourceGroups/sql-dm-cmdlet-test-rgps7033/providers/Microsoft.Sql/servers/sql-dm-cmdlet-serverps7033\",\r\n  \"name\": \"sql-dm-cmdlet-serverps7033\",\r\n  \"type\": \"Microsoft.Sql/servers\"\r\n}",
      "StatusCode": 200
    },
    {
      "RequestUri": "/subscriptions/8313371e-0879-428e-b1da-6353575a9192/resourceGroups/sql-dm-cmdlet-test-rgps7033/providers/Microsoft.Sql/servers/sql-dm-cmdlet-serverps7033?api-version=2021-02-01-preview",
      "EncodedRequestUri": "L3N1YnNjcmlwdGlvbnMvODMxMzM3MWUtMDg3OS00MjhlLWIxZGEtNjM1MzU3NWE5MTkyL3Jlc291cmNlR3JvdXBzL3NxbC1kbS1jbWRsZXQtdGVzdC1yZ3BzNzAzMy9wcm92aWRlcnMvTWljcm9zb2Z0LlNxbC9zZXJ2ZXJzL3NxbC1kbS1jbWRsZXQtc2VydmVycHM3MDMzP2FwaS12ZXJzaW9uPTIwMjEtMDItMDEtcHJldmlldw==",
      "RequestMethod": "GET",
      "RequestBody": "",
      "RequestHeaders": {
        "x-ms-client-request-id": [
          "f31cb9f1-7d19-4ebb-9826-e8299315cb02"
        ],
        "Accept-Language": [
          "en-US"
        ],
        "User-Agent": [
          "FxVersion/4.700.21.56803",
          "OSName/Windows",
          "OSVersion/Microsoft.Windows.10.0.17763",
          "Microsoft.Azure.Management.Sql.SqlManagementClient/2.0.0.0"
        ]
      },
      "ResponseHeaders": {
        "Cache-Control": [
          "no-cache"
        ],
        "Pragma": [
          "no-cache"
        ],
        "x-ms-request-id": [
          "2b7cdd91-75e4-49d7-a7ad-f0417bcdcc68"
        ],
        "Server": [
          "Microsoft-HTTPAPI/2.0"
        ],
        "x-ms-ratelimit-remaining-subscription-reads": [
          "11978"
        ],
        "x-ms-correlation-request-id": [
          "f77afc47-0bb3-4aeb-95f3-0facc31cba1c"
        ],
        "x-ms-routing-request-id": [
          "UKSOUTH:20220307T231443Z:f77afc47-0bb3-4aeb-95f3-0facc31cba1c"
        ],
        "Strict-Transport-Security": [
          "max-age=31536000; includeSubDomains"
        ],
        "X-Content-Type-Options": [
          "nosniff"
        ],
        "Date": [
          "Mon, 07 Mar 2022 23:14:42 GMT"
        ],
        "Content-Length": [
          "536"
        ],
        "Content-Type": [
          "application/json; charset=utf-8"
        ],
        "Expires": [
          "-1"
        ]
      },
      "ResponseBody": "{\r\n  \"kind\": \"v12.0\",\r\n  \"properties\": {\r\n    \"administratorLogin\": \"testlogin\",\r\n    \"version\": \"12.0\",\r\n    \"state\": \"Ready\",\r\n    \"fullyQualifiedDomainName\": \"sql-dm-cmdlet-serverps7033.database.windows.net\",\r\n    \"privateEndpointConnections\": [],\r\n    \"publicNetworkAccess\": \"Enabled\",\r\n    \"restrictOutboundNetworkAccess\": \"Disabled\"\r\n  },\r\n  \"location\": \"westcentralus\",\r\n  \"id\": \"/subscriptions/8313371e-0879-428e-b1da-6353575a9192/resourceGroups/sql-dm-cmdlet-test-rgps7033/providers/Microsoft.Sql/servers/sql-dm-cmdlet-serverps7033\",\r\n  \"name\": \"sql-dm-cmdlet-serverps7033\",\r\n  \"type\": \"Microsoft.Sql/servers\"\r\n}",
      "StatusCode": 200
    },
    {
      "RequestUri": "/subscriptions/8313371e-0879-428e-b1da-6353575a9192/resourceGroups/sql-dm-cmdlet-test-rgps7033/providers/Microsoft.Sql/servers/sql-dm-cmdlet-serverps7033?api-version=2021-02-01-preview",
      "EncodedRequestUri": "L3N1YnNjcmlwdGlvbnMvODMxMzM3MWUtMDg3OS00MjhlLWIxZGEtNjM1MzU3NWE5MTkyL3Jlc291cmNlR3JvdXBzL3NxbC1kbS1jbWRsZXQtdGVzdC1yZ3BzNzAzMy9wcm92aWRlcnMvTWljcm9zb2Z0LlNxbC9zZXJ2ZXJzL3NxbC1kbS1jbWRsZXQtc2VydmVycHM3MDMzP2FwaS12ZXJzaW9uPTIwMjEtMDItMDEtcHJldmlldw==",
      "RequestMethod": "GET",
      "RequestBody": "",
      "RequestHeaders": {
        "x-ms-client-request-id": [
          "f31cb9f1-7d19-4ebb-9826-e8299315cb02"
        ],
        "Accept-Language": [
          "en-US"
        ],
        "User-Agent": [
          "FxVersion/4.700.21.56803",
          "OSName/Windows",
          "OSVersion/Microsoft.Windows.10.0.17763",
          "Microsoft.Azure.Management.Sql.SqlManagementClient/2.0.0.0"
        ]
      },
      "ResponseHeaders": {
        "Cache-Control": [
          "no-cache"
        ],
        "Pragma": [
          "no-cache"
        ],
        "x-ms-request-id": [
          "9722bcb2-b7b8-4c2d-b931-116ee3896544"
        ],
        "Server": [
          "Microsoft-HTTPAPI/2.0"
        ],
        "x-ms-ratelimit-remaining-subscription-reads": [
          "11977"
        ],
        "x-ms-correlation-request-id": [
          "576c7ed6-787e-49a7-8a38-f3da2048f207"
        ],
        "x-ms-routing-request-id": [
          "UKSOUTH:20220307T231443Z:576c7ed6-787e-49a7-8a38-f3da2048f207"
        ],
        "Strict-Transport-Security": [
          "max-age=31536000; includeSubDomains"
        ],
        "X-Content-Type-Options": [
          "nosniff"
        ],
        "Date": [
          "Mon, 07 Mar 2022 23:14:42 GMT"
        ],
        "Content-Length": [
          "536"
        ],
        "Content-Type": [
          "application/json; charset=utf-8"
        ],
        "Expires": [
          "-1"
        ]
      },
      "ResponseBody": "{\r\n  \"kind\": \"v12.0\",\r\n  \"properties\": {\r\n    \"administratorLogin\": \"testlogin\",\r\n    \"version\": \"12.0\",\r\n    \"state\": \"Ready\",\r\n    \"fullyQualifiedDomainName\": \"sql-dm-cmdlet-serverps7033.database.windows.net\",\r\n    \"privateEndpointConnections\": [],\r\n    \"publicNetworkAccess\": \"Enabled\",\r\n    \"restrictOutboundNetworkAccess\": \"Disabled\"\r\n  },\r\n  \"location\": \"westcentralus\",\r\n  \"id\": \"/subscriptions/8313371e-0879-428e-b1da-6353575a9192/resourceGroups/sql-dm-cmdlet-test-rgps7033/providers/Microsoft.Sql/servers/sql-dm-cmdlet-serverps7033\",\r\n  \"name\": \"sql-dm-cmdlet-serverps7033\",\r\n  \"type\": \"Microsoft.Sql/servers\"\r\n}",
      "StatusCode": 200
    },
    {
      "RequestUri": "/subscriptions/8313371e-0879-428e-b1da-6353575a9192/resourceGroups/sql-dm-cmdlet-test-rgps7033/providers/Microsoft.Sql/servers/sql-dm-cmdlet-serverps7033?api-version=2021-02-01-preview",
      "EncodedRequestUri": "L3N1YnNjcmlwdGlvbnMvODMxMzM3MWUtMDg3OS00MjhlLWIxZGEtNjM1MzU3NWE5MTkyL3Jlc291cmNlR3JvdXBzL3NxbC1kbS1jbWRsZXQtdGVzdC1yZ3BzNzAzMy9wcm92aWRlcnMvTWljcm9zb2Z0LlNxbC9zZXJ2ZXJzL3NxbC1kbS1jbWRsZXQtc2VydmVycHM3MDMzP2FwaS12ZXJzaW9uPTIwMjEtMDItMDEtcHJldmlldw==",
      "RequestMethod": "GET",
      "RequestBody": "",
      "RequestHeaders": {
        "x-ms-client-request-id": [
          "8d68a9aa-452d-496d-ac87-2bb7ca8d65e3"
        ],
        "Accept-Language": [
          "en-US"
        ],
        "User-Agent": [
          "FxVersion/4.700.21.56803",
          "OSName/Windows",
          "OSVersion/Microsoft.Windows.10.0.17763",
          "Microsoft.Azure.Management.Sql.SqlManagementClient/2.0.0.0"
        ]
      },
      "ResponseHeaders": {
        "Cache-Control": [
          "no-cache"
        ],
        "Pragma": [
          "no-cache"
        ],
        "x-ms-request-id": [
          "c63e883d-51ce-40b0-b938-d2dbf7a0d06a"
        ],
        "Server": [
          "Microsoft-HTTPAPI/2.0"
        ],
        "x-ms-ratelimit-remaining-subscription-reads": [
          "11976"
        ],
        "x-ms-correlation-request-id": [
          "b12eeaed-f21e-4bbb-9875-0a7688113592"
        ],
        "x-ms-routing-request-id": [
          "UKSOUTH:20220307T231444Z:b12eeaed-f21e-4bbb-9875-0a7688113592"
        ],
        "Strict-Transport-Security": [
          "max-age=31536000; includeSubDomains"
        ],
        "X-Content-Type-Options": [
          "nosniff"
        ],
        "Date": [
          "Mon, 07 Mar 2022 23:14:43 GMT"
        ],
        "Content-Length": [
          "536"
        ],
        "Content-Type": [
          "application/json; charset=utf-8"
        ],
        "Expires": [
          "-1"
        ]
      },
      "ResponseBody": "{\r\n  \"kind\": \"v12.0\",\r\n  \"properties\": {\r\n    \"administratorLogin\": \"testlogin\",\r\n    \"version\": \"12.0\",\r\n    \"state\": \"Ready\",\r\n    \"fullyQualifiedDomainName\": \"sql-dm-cmdlet-serverps7033.database.windows.net\",\r\n    \"privateEndpointConnections\": [],\r\n    \"publicNetworkAccess\": \"Enabled\",\r\n    \"restrictOutboundNetworkAccess\": \"Disabled\"\r\n  },\r\n  \"location\": \"westcentralus\",\r\n  \"id\": \"/subscriptions/8313371e-0879-428e-b1da-6353575a9192/resourceGroups/sql-dm-cmdlet-test-rgps7033/providers/Microsoft.Sql/servers/sql-dm-cmdlet-serverps7033\",\r\n  \"name\": \"sql-dm-cmdlet-serverps7033\",\r\n  \"type\": \"Microsoft.Sql/servers\"\r\n}",
      "StatusCode": 200
    },
    {
      "RequestUri": "/subscriptions/8313371e-0879-428e-b1da-6353575a9192/resourceGroups/sql-dm-cmdlet-test-rgps7033/providers/Microsoft.Sql/servers/sql-dm-cmdlet-serverps7033?api-version=2021-02-01-preview",
      "EncodedRequestUri": "L3N1YnNjcmlwdGlvbnMvODMxMzM3MWUtMDg3OS00MjhlLWIxZGEtNjM1MzU3NWE5MTkyL3Jlc291cmNlR3JvdXBzL3NxbC1kbS1jbWRsZXQtdGVzdC1yZ3BzNzAzMy9wcm92aWRlcnMvTWljcm9zb2Z0LlNxbC9zZXJ2ZXJzL3NxbC1kbS1jbWRsZXQtc2VydmVycHM3MDMzP2FwaS12ZXJzaW9uPTIwMjEtMDItMDEtcHJldmlldw==",
      "RequestMethod": "GET",
      "RequestBody": "",
      "RequestHeaders": {
        "x-ms-client-request-id": [
          "6ea509f5-4e3d-445a-a048-14a7b26dcfd5"
        ],
        "Accept-Language": [
          "en-US"
        ],
        "User-Agent": [
          "FxVersion/4.700.21.56803",
          "OSName/Windows",
          "OSVersion/Microsoft.Windows.10.0.17763",
          "Microsoft.Azure.Management.Sql.SqlManagementClient/2.0.0.0"
        ]
      },
      "ResponseHeaders": {
        "Cache-Control": [
          "no-cache"
        ],
        "Pragma": [
          "no-cache"
        ],
        "x-ms-request-id": [
          "6ce54bc0-36b7-468f-8300-4f5d9a79bb5e"
        ],
        "Server": [
          "Microsoft-HTTPAPI/2.0"
        ],
        "x-ms-ratelimit-remaining-subscription-reads": [
          "11975"
        ],
        "x-ms-correlation-request-id": [
          "764f8ce1-1996-44c1-b2f5-60b757519401"
        ],
        "x-ms-routing-request-id": [
          "UKSOUTH:20220307T231445Z:764f8ce1-1996-44c1-b2f5-60b757519401"
        ],
        "Strict-Transport-Security": [
          "max-age=31536000; includeSubDomains"
        ],
        "X-Content-Type-Options": [
          "nosniff"
        ],
        "Date": [
          "Mon, 07 Mar 2022 23:14:45 GMT"
        ],
        "Content-Length": [
          "536"
        ],
        "Content-Type": [
          "application/json; charset=utf-8"
        ],
        "Expires": [
          "-1"
        ]
      },
      "ResponseBody": "{\r\n  \"kind\": \"v12.0\",\r\n  \"properties\": {\r\n    \"administratorLogin\": \"testlogin\",\r\n    \"version\": \"12.0\",\r\n    \"state\": \"Ready\",\r\n    \"fullyQualifiedDomainName\": \"sql-dm-cmdlet-serverps7033.database.windows.net\",\r\n    \"privateEndpointConnections\": [],\r\n    \"publicNetworkAccess\": \"Enabled\",\r\n    \"restrictOutboundNetworkAccess\": \"Disabled\"\r\n  },\r\n  \"location\": \"westcentralus\",\r\n  \"id\": \"/subscriptions/8313371e-0879-428e-b1da-6353575a9192/resourceGroups/sql-dm-cmdlet-test-rgps7033/providers/Microsoft.Sql/servers/sql-dm-cmdlet-serverps7033\",\r\n  \"name\": \"sql-dm-cmdlet-serverps7033\",\r\n  \"type\": \"Microsoft.Sql/servers\"\r\n}",
      "StatusCode": 200
    },
    {
      "RequestUri": "/subscriptions/8313371e-0879-428e-b1da-6353575a9192/resourceGroups/sql-dm-cmdlet-test-rgps7033/providers/Microsoft.Sql/servers/sql-dm-cmdlet-serverps7033?api-version=2021-02-01-preview",
      "EncodedRequestUri": "L3N1YnNjcmlwdGlvbnMvODMxMzM3MWUtMDg3OS00MjhlLWIxZGEtNjM1MzU3NWE5MTkyL3Jlc291cmNlR3JvdXBzL3NxbC1kbS1jbWRsZXQtdGVzdC1yZ3BzNzAzMy9wcm92aWRlcnMvTWljcm9zb2Z0LlNxbC9zZXJ2ZXJzL3NxbC1kbS1jbWRsZXQtc2VydmVycHM3MDMzP2FwaS12ZXJzaW9uPTIwMjEtMDItMDEtcHJldmlldw==",
      "RequestMethod": "GET",
      "RequestBody": "",
      "RequestHeaders": {
        "x-ms-client-request-id": [
          "6ea509f5-4e3d-445a-a048-14a7b26dcfd5"
        ],
        "Accept-Language": [
          "en-US"
        ],
        "User-Agent": [
          "FxVersion/4.700.21.56803",
          "OSName/Windows",
          "OSVersion/Microsoft.Windows.10.0.17763",
          "Microsoft.Azure.Management.Sql.SqlManagementClient/2.0.0.0"
        ]
      },
      "ResponseHeaders": {
        "Cache-Control": [
          "no-cache"
        ],
        "Pragma": [
          "no-cache"
        ],
        "x-ms-request-id": [
          "9f73b2f4-0801-4fbb-a451-b2eebdcffd11"
        ],
        "Server": [
          "Microsoft-HTTPAPI/2.0"
        ],
        "x-ms-ratelimit-remaining-subscription-reads": [
          "11974"
        ],
        "x-ms-correlation-request-id": [
          "ae42128a-678c-4ff5-8f85-193d6aedf2d4"
        ],
        "x-ms-routing-request-id": [
          "UKSOUTH:20220307T231445Z:ae42128a-678c-4ff5-8f85-193d6aedf2d4"
        ],
        "Strict-Transport-Security": [
          "max-age=31536000; includeSubDomains"
        ],
        "X-Content-Type-Options": [
          "nosniff"
        ],
        "Date": [
          "Mon, 07 Mar 2022 23:14:45 GMT"
        ],
        "Content-Length": [
          "536"
        ],
        "Content-Type": [
          "application/json; charset=utf-8"
        ],
        "Expires": [
          "-1"
        ]
      },
      "ResponseBody": "{\r\n  \"kind\": \"v12.0\",\r\n  \"properties\": {\r\n    \"administratorLogin\": \"testlogin\",\r\n    \"version\": \"12.0\",\r\n    \"state\": \"Ready\",\r\n    \"fullyQualifiedDomainName\": \"sql-dm-cmdlet-serverps7033.database.windows.net\",\r\n    \"privateEndpointConnections\": [],\r\n    \"publicNetworkAccess\": \"Enabled\",\r\n    \"restrictOutboundNetworkAccess\": \"Disabled\"\r\n  },\r\n  \"location\": \"westcentralus\",\r\n  \"id\": \"/subscriptions/8313371e-0879-428e-b1da-6353575a9192/resourceGroups/sql-dm-cmdlet-test-rgps7033/providers/Microsoft.Sql/servers/sql-dm-cmdlet-serverps7033\",\r\n  \"name\": \"sql-dm-cmdlet-serverps7033\",\r\n  \"type\": \"Microsoft.Sql/servers\"\r\n}",
      "StatusCode": 200
    },
    {
      "RequestUri": "/subscriptions/8313371e-0879-428e-b1da-6353575a9192/resourceGroups/sql-dm-cmdlet-test-rgps7033/providers/Microsoft.Sql/servers/sql-dm-cmdlet-serverps7033?api-version=2021-02-01-preview",
      "EncodedRequestUri": "L3N1YnNjcmlwdGlvbnMvODMxMzM3MWUtMDg3OS00MjhlLWIxZGEtNjM1MzU3NWE5MTkyL3Jlc291cmNlR3JvdXBzL3NxbC1kbS1jbWRsZXQtdGVzdC1yZ3BzNzAzMy9wcm92aWRlcnMvTWljcm9zb2Z0LlNxbC9zZXJ2ZXJzL3NxbC1kbS1jbWRsZXQtc2VydmVycHM3MDMzP2FwaS12ZXJzaW9uPTIwMjEtMDItMDEtcHJldmlldw==",
      "RequestMethod": "GET",
      "RequestBody": "",
      "RequestHeaders": {
        "x-ms-client-request-id": [
          "898d8bda-253a-42ec-9646-2f927d387e2f"
        ],
        "Accept-Language": [
          "en-US"
        ],
        "User-Agent": [
          "FxVersion/4.700.21.56803",
          "OSName/Windows",
          "OSVersion/Microsoft.Windows.10.0.17763",
          "Microsoft.Azure.Management.Sql.SqlManagementClient/2.0.0.0"
        ]
      },
      "ResponseHeaders": {
        "Cache-Control": [
          "no-cache"
        ],
        "Pragma": [
          "no-cache"
        ],
        "x-ms-request-id": [
          "03ad9d49-719a-48b0-8947-505367a99981"
        ],
        "Server": [
          "Microsoft-HTTPAPI/2.0"
        ],
        "x-ms-ratelimit-remaining-subscription-reads": [
          "11973"
        ],
        "x-ms-correlation-request-id": [
          "81a17b12-f3f7-48fa-bbad-b11b680c39c2"
        ],
        "x-ms-routing-request-id": [
          "UKSOUTH:20220307T231446Z:81a17b12-f3f7-48fa-bbad-b11b680c39c2"
        ],
        "Strict-Transport-Security": [
          "max-age=31536000; includeSubDomains"
        ],
        "X-Content-Type-Options": [
          "nosniff"
        ],
        "Date": [
          "Mon, 07 Mar 2022 23:14:46 GMT"
        ],
        "Content-Length": [
          "536"
        ],
        "Content-Type": [
          "application/json; charset=utf-8"
        ],
        "Expires": [
          "-1"
        ]
      },
      "ResponseBody": "{\r\n  \"kind\": \"v12.0\",\r\n  \"properties\": {\r\n    \"administratorLogin\": \"testlogin\",\r\n    \"version\": \"12.0\",\r\n    \"state\": \"Ready\",\r\n    \"fullyQualifiedDomainName\": \"sql-dm-cmdlet-serverps7033.database.windows.net\",\r\n    \"privateEndpointConnections\": [],\r\n    \"publicNetworkAccess\": \"Enabled\",\r\n    \"restrictOutboundNetworkAccess\": \"Disabled\"\r\n  },\r\n  \"location\": \"westcentralus\",\r\n  \"id\": \"/subscriptions/8313371e-0879-428e-b1da-6353575a9192/resourceGroups/sql-dm-cmdlet-test-rgps7033/providers/Microsoft.Sql/servers/sql-dm-cmdlet-serverps7033\",\r\n  \"name\": \"sql-dm-cmdlet-serverps7033\",\r\n  \"type\": \"Microsoft.Sql/servers\"\r\n}",
      "StatusCode": 200
    },
    {
      "RequestUri": "/subscriptions/8313371e-0879-428e-b1da-6353575a9192/resourceGroups/sql-dm-cmdlet-test-rgps7033/providers/Microsoft.Sql/servers/sql-dm-cmdlet-serverps7033?api-version=2021-02-01-preview",
      "EncodedRequestUri": "L3N1YnNjcmlwdGlvbnMvODMxMzM3MWUtMDg3OS00MjhlLWIxZGEtNjM1MzU3NWE5MTkyL3Jlc291cmNlR3JvdXBzL3NxbC1kbS1jbWRsZXQtdGVzdC1yZ3BzNzAzMy9wcm92aWRlcnMvTWljcm9zb2Z0LlNxbC9zZXJ2ZXJzL3NxbC1kbS1jbWRsZXQtc2VydmVycHM3MDMzP2FwaS12ZXJzaW9uPTIwMjEtMDItMDEtcHJldmlldw==",
      "RequestMethod": "GET",
      "RequestBody": "",
      "RequestHeaders": {
        "x-ms-client-request-id": [
          "72a7fbe9-77f2-4d03-a126-f56f94d33c41"
        ],
        "Accept-Language": [
          "en-US"
        ],
        "User-Agent": [
          "FxVersion/4.700.21.56803",
          "OSName/Windows",
          "OSVersion/Microsoft.Windows.10.0.17763",
          "Microsoft.Azure.Management.Sql.SqlManagementClient/2.0.0.0"
        ]
      },
      "ResponseHeaders": {
        "Cache-Control": [
          "no-cache"
        ],
        "Pragma": [
          "no-cache"
        ],
        "x-ms-request-id": [
          "7409a146-e7ed-4715-ac49-5aea32d28f53"
        ],
        "Server": [
          "Microsoft-HTTPAPI/2.0"
        ],
        "x-ms-ratelimit-remaining-subscription-reads": [
          "11972"
        ],
        "x-ms-correlation-request-id": [
          "30b953f8-80db-47bd-88ed-574cee3965af"
        ],
        "x-ms-routing-request-id": [
          "UKSOUTH:20220307T231446Z:30b953f8-80db-47bd-88ed-574cee3965af"
        ],
        "Strict-Transport-Security": [
          "max-age=31536000; includeSubDomains"
        ],
        "X-Content-Type-Options": [
          "nosniff"
        ],
        "Date": [
          "Mon, 07 Mar 2022 23:14:46 GMT"
        ],
        "Content-Length": [
          "536"
        ],
        "Content-Type": [
          "application/json; charset=utf-8"
        ],
        "Expires": [
          "-1"
        ]
      },
      "ResponseBody": "{\r\n  \"kind\": \"v12.0\",\r\n  \"properties\": {\r\n    \"administratorLogin\": \"testlogin\",\r\n    \"version\": \"12.0\",\r\n    \"state\": \"Ready\",\r\n    \"fullyQualifiedDomainName\": \"sql-dm-cmdlet-serverps7033.database.windows.net\",\r\n    \"privateEndpointConnections\": [],\r\n    \"publicNetworkAccess\": \"Enabled\",\r\n    \"restrictOutboundNetworkAccess\": \"Disabled\"\r\n  },\r\n  \"location\": \"westcentralus\",\r\n  \"id\": \"/subscriptions/8313371e-0879-428e-b1da-6353575a9192/resourceGroups/sql-dm-cmdlet-test-rgps7033/providers/Microsoft.Sql/servers/sql-dm-cmdlet-serverps7033\",\r\n  \"name\": \"sql-dm-cmdlet-serverps7033\",\r\n  \"type\": \"Microsoft.Sql/servers\"\r\n}",
      "StatusCode": 200
    },
    {
      "RequestUri": "/subscriptions/8313371e-0879-428e-b1da-6353575a9192/resourceGroups/sql-dm-cmdlet-test-rgps7033/providers/Microsoft.Sql/servers/sql-dm-cmdlet-serverps7033?api-version=2021-02-01-preview",
      "EncodedRequestUri": "L3N1YnNjcmlwdGlvbnMvODMxMzM3MWUtMDg3OS00MjhlLWIxZGEtNjM1MzU3NWE5MTkyL3Jlc291cmNlR3JvdXBzL3NxbC1kbS1jbWRsZXQtdGVzdC1yZ3BzNzAzMy9wcm92aWRlcnMvTWljcm9zb2Z0LlNxbC9zZXJ2ZXJzL3NxbC1kbS1jbWRsZXQtc2VydmVycHM3MDMzP2FwaS12ZXJzaW9uPTIwMjEtMDItMDEtcHJldmlldw==",
      "RequestMethod": "GET",
      "RequestBody": "",
      "RequestHeaders": {
        "x-ms-client-request-id": [
          "72a7fbe9-77f2-4d03-a126-f56f94d33c41"
        ],
        "Accept-Language": [
          "en-US"
        ],
        "User-Agent": [
          "FxVersion/4.700.21.56803",
          "OSName/Windows",
          "OSVersion/Microsoft.Windows.10.0.17763",
          "Microsoft.Azure.Management.Sql.SqlManagementClient/2.0.0.0"
        ]
      },
      "ResponseHeaders": {
        "Cache-Control": [
          "no-cache"
        ],
        "Pragma": [
          "no-cache"
        ],
        "x-ms-request-id": [
          "af2cf2b2-ce73-4887-acb2-a7d4c4660179"
        ],
        "Server": [
          "Microsoft-HTTPAPI/2.0"
        ],
        "x-ms-ratelimit-remaining-subscription-reads": [
          "11971"
        ],
        "x-ms-correlation-request-id": [
          "2e48c0c4-5d7d-4861-b974-ab6a5f3f19da"
        ],
        "x-ms-routing-request-id": [
          "UKSOUTH:20220307T231447Z:2e48c0c4-5d7d-4861-b974-ab6a5f3f19da"
        ],
        "Strict-Transport-Security": [
          "max-age=31536000; includeSubDomains"
        ],
        "X-Content-Type-Options": [
          "nosniff"
        ],
        "Date": [
          "Mon, 07 Mar 2022 23:14:47 GMT"
        ],
        "Content-Length": [
          "536"
        ],
        "Content-Type": [
          "application/json; charset=utf-8"
        ],
        "Expires": [
          "-1"
        ]
      },
      "ResponseBody": "{\r\n  \"kind\": \"v12.0\",\r\n  \"properties\": {\r\n    \"administratorLogin\": \"testlogin\",\r\n    \"version\": \"12.0\",\r\n    \"state\": \"Ready\",\r\n    \"fullyQualifiedDomainName\": \"sql-dm-cmdlet-serverps7033.database.windows.net\",\r\n    \"privateEndpointConnections\": [],\r\n    \"publicNetworkAccess\": \"Enabled\",\r\n    \"restrictOutboundNetworkAccess\": \"Disabled\"\r\n  },\r\n  \"location\": \"westcentralus\",\r\n  \"id\": \"/subscriptions/8313371e-0879-428e-b1da-6353575a9192/resourceGroups/sql-dm-cmdlet-test-rgps7033/providers/Microsoft.Sql/servers/sql-dm-cmdlet-serverps7033\",\r\n  \"name\": \"sql-dm-cmdlet-serverps7033\",\r\n  \"type\": \"Microsoft.Sql/servers\"\r\n}",
      "StatusCode": 200
    },
    {
      "RequestUri": "/subscriptions/8313371e-0879-428e-b1da-6353575a9192/resourceGroups/sql-dm-cmdlet-test-rgps7033/providers/Microsoft.Sql/servers/sql-dm-cmdlet-serverps7033?api-version=2021-02-01-preview",
      "EncodedRequestUri": "L3N1YnNjcmlwdGlvbnMvODMxMzM3MWUtMDg3OS00MjhlLWIxZGEtNjM1MzU3NWE5MTkyL3Jlc291cmNlR3JvdXBzL3NxbC1kbS1jbWRsZXQtdGVzdC1yZ3BzNzAzMy9wcm92aWRlcnMvTWljcm9zb2Z0LlNxbC9zZXJ2ZXJzL3NxbC1kbS1jbWRsZXQtc2VydmVycHM3MDMzP2FwaS12ZXJzaW9uPTIwMjEtMDItMDEtcHJldmlldw==",
      "RequestMethod": "GET",
      "RequestBody": "",
      "RequestHeaders": {
        "x-ms-client-request-id": [
          "d81b1843-bf06-482c-8754-692fb837635b"
        ],
        "Accept-Language": [
          "en-US"
        ],
        "User-Agent": [
          "FxVersion/4.700.21.56803",
          "OSName/Windows",
          "OSVersion/Microsoft.Windows.10.0.17763",
          "Microsoft.Azure.Management.Sql.SqlManagementClient/2.0.0.0"
        ]
      },
      "ResponseHeaders": {
        "Cache-Control": [
          "no-cache"
        ],
        "Pragma": [
          "no-cache"
        ],
        "x-ms-request-id": [
          "9f6d33e0-1eab-4612-887b-f55161cf50df"
        ],
        "Server": [
          "Microsoft-HTTPAPI/2.0"
        ],
        "x-ms-ratelimit-remaining-subscription-reads": [
          "11970"
        ],
        "x-ms-correlation-request-id": [
          "2935d6ac-c0ba-4e18-a7e9-4c8ba859000d"
        ],
        "x-ms-routing-request-id": [
          "UKSOUTH:20220307T231447Z:2935d6ac-c0ba-4e18-a7e9-4c8ba859000d"
        ],
        "Strict-Transport-Security": [
          "max-age=31536000; includeSubDomains"
        ],
        "X-Content-Type-Options": [
          "nosniff"
        ],
        "Date": [
          "Mon, 07 Mar 2022 23:14:47 GMT"
        ],
        "Content-Length": [
          "536"
        ],
        "Content-Type": [
          "application/json; charset=utf-8"
        ],
        "Expires": [
          "-1"
        ]
      },
      "ResponseBody": "{\r\n  \"kind\": \"v12.0\",\r\n  \"properties\": {\r\n    \"administratorLogin\": \"testlogin\",\r\n    \"version\": \"12.0\",\r\n    \"state\": \"Ready\",\r\n    \"fullyQualifiedDomainName\": \"sql-dm-cmdlet-serverps7033.database.windows.net\",\r\n    \"privateEndpointConnections\": [],\r\n    \"publicNetworkAccess\": \"Enabled\",\r\n    \"restrictOutboundNetworkAccess\": \"Disabled\"\r\n  },\r\n  \"location\": \"westcentralus\",\r\n  \"id\": \"/subscriptions/8313371e-0879-428e-b1da-6353575a9192/resourceGroups/sql-dm-cmdlet-test-rgps7033/providers/Microsoft.Sql/servers/sql-dm-cmdlet-serverps7033\",\r\n  \"name\": \"sql-dm-cmdlet-serverps7033\",\r\n  \"type\": \"Microsoft.Sql/servers\"\r\n}",
      "StatusCode": 200
    },
    {
      "RequestUri": "/subscriptions/8313371e-0879-428e-b1da-6353575a9192/resourceGroups/sql-dm-cmdlet-test-rgps7033/providers/Microsoft.Sql/servers/sql-dm-cmdlet-serverps7033?api-version=2021-02-01-preview",
      "EncodedRequestUri": "L3N1YnNjcmlwdGlvbnMvODMxMzM3MWUtMDg3OS00MjhlLWIxZGEtNjM1MzU3NWE5MTkyL3Jlc291cmNlR3JvdXBzL3NxbC1kbS1jbWRsZXQtdGVzdC1yZ3BzNzAzMy9wcm92aWRlcnMvTWljcm9zb2Z0LlNxbC9zZXJ2ZXJzL3NxbC1kbS1jbWRsZXQtc2VydmVycHM3MDMzP2FwaS12ZXJzaW9uPTIwMjEtMDItMDEtcHJldmlldw==",
      "RequestMethod": "GET",
      "RequestBody": "",
      "RequestHeaders": {
        "x-ms-client-request-id": [
          "bee07c3b-e7d3-484f-a4ba-19bd9a77f353"
        ],
        "Accept-Language": [
          "en-US"
        ],
        "User-Agent": [
          "FxVersion/4.700.21.56803",
          "OSName/Windows",
          "OSVersion/Microsoft.Windows.10.0.17763",
          "Microsoft.Azure.Management.Sql.SqlManagementClient/2.0.0.0"
        ]
      },
      "ResponseHeaders": {
        "Cache-Control": [
          "no-cache"
        ],
        "Pragma": [
          "no-cache"
        ],
        "x-ms-request-id": [
          "69889e7e-03a3-4a69-af58-2b0b7d6637f9"
        ],
        "Server": [
          "Microsoft-HTTPAPI/2.0"
        ],
        "x-ms-ratelimit-remaining-subscription-reads": [
          "11969"
        ],
        "x-ms-correlation-request-id": [
          "ad0d306f-474e-4eb7-80d7-55789c125009"
        ],
        "x-ms-routing-request-id": [
          "UKSOUTH:20220307T231448Z:ad0d306f-474e-4eb7-80d7-55789c125009"
        ],
        "Strict-Transport-Security": [
          "max-age=31536000; includeSubDomains"
        ],
        "X-Content-Type-Options": [
          "nosniff"
        ],
        "Date": [
          "Mon, 07 Mar 2022 23:14:48 GMT"
        ],
        "Content-Length": [
          "536"
        ],
        "Content-Type": [
          "application/json; charset=utf-8"
        ],
        "Expires": [
          "-1"
        ]
      },
      "ResponseBody": "{\r\n  \"kind\": \"v12.0\",\r\n  \"properties\": {\r\n    \"administratorLogin\": \"testlogin\",\r\n    \"version\": \"12.0\",\r\n    \"state\": \"Ready\",\r\n    \"fullyQualifiedDomainName\": \"sql-dm-cmdlet-serverps7033.database.windows.net\",\r\n    \"privateEndpointConnections\": [],\r\n    \"publicNetworkAccess\": \"Enabled\",\r\n    \"restrictOutboundNetworkAccess\": \"Disabled\"\r\n  },\r\n  \"location\": \"westcentralus\",\r\n  \"id\": \"/subscriptions/8313371e-0879-428e-b1da-6353575a9192/resourceGroups/sql-dm-cmdlet-test-rgps7033/providers/Microsoft.Sql/servers/sql-dm-cmdlet-serverps7033\",\r\n  \"name\": \"sql-dm-cmdlet-serverps7033\",\r\n  \"type\": \"Microsoft.Sql/servers\"\r\n}",
      "StatusCode": 200
    },
    {
      "RequestUri": "/subscriptions/8313371e-0879-428e-b1da-6353575a9192/resourceGroups/sql-dm-cmdlet-test-rgps7033/providers/Microsoft.Sql/servers/sql-dm-cmdlet-serverps7033?api-version=2021-02-01-preview",
      "EncodedRequestUri": "L3N1YnNjcmlwdGlvbnMvODMxMzM3MWUtMDg3OS00MjhlLWIxZGEtNjM1MzU3NWE5MTkyL3Jlc291cmNlR3JvdXBzL3NxbC1kbS1jbWRsZXQtdGVzdC1yZ3BzNzAzMy9wcm92aWRlcnMvTWljcm9zb2Z0LlNxbC9zZXJ2ZXJzL3NxbC1kbS1jbWRsZXQtc2VydmVycHM3MDMzP2FwaS12ZXJzaW9uPTIwMjEtMDItMDEtcHJldmlldw==",
      "RequestMethod": "GET",
      "RequestBody": "",
      "RequestHeaders": {
        "x-ms-client-request-id": [
          "bee07c3b-e7d3-484f-a4ba-19bd9a77f353"
        ],
        "Accept-Language": [
          "en-US"
        ],
        "User-Agent": [
          "FxVersion/4.700.21.56803",
          "OSName/Windows",
          "OSVersion/Microsoft.Windows.10.0.17763",
          "Microsoft.Azure.Management.Sql.SqlManagementClient/2.0.0.0"
        ]
      },
      "ResponseHeaders": {
        "Cache-Control": [
          "no-cache"
        ],
        "Pragma": [
          "no-cache"
        ],
        "x-ms-request-id": [
          "79b78a22-e2d7-4950-8698-25a0b3f1025f"
        ],
        "Server": [
          "Microsoft-HTTPAPI/2.0"
        ],
        "x-ms-ratelimit-remaining-subscription-reads": [
          "11968"
        ],
        "x-ms-correlation-request-id": [
          "25dc654a-0553-40a8-91f7-b5723bffcd46"
        ],
        "x-ms-routing-request-id": [
          "UKSOUTH:20220307T231448Z:25dc654a-0553-40a8-91f7-b5723bffcd46"
        ],
        "Strict-Transport-Security": [
          "max-age=31536000; includeSubDomains"
        ],
        "X-Content-Type-Options": [
          "nosniff"
        ],
        "Date": [
          "Mon, 07 Mar 2022 23:14:48 GMT"
        ],
        "Content-Length": [
          "536"
        ],
        "Content-Type": [
          "application/json; charset=utf-8"
        ],
        "Expires": [
          "-1"
        ]
      },
      "ResponseBody": "{\r\n  \"kind\": \"v12.0\",\r\n  \"properties\": {\r\n    \"administratorLogin\": \"testlogin\",\r\n    \"version\": \"12.0\",\r\n    \"state\": \"Ready\",\r\n    \"fullyQualifiedDomainName\": \"sql-dm-cmdlet-serverps7033.database.windows.net\",\r\n    \"privateEndpointConnections\": [],\r\n    \"publicNetworkAccess\": \"Enabled\",\r\n    \"restrictOutboundNetworkAccess\": \"Disabled\"\r\n  },\r\n  \"location\": \"westcentralus\",\r\n  \"id\": \"/subscriptions/8313371e-0879-428e-b1da-6353575a9192/resourceGroups/sql-dm-cmdlet-test-rgps7033/providers/Microsoft.Sql/servers/sql-dm-cmdlet-serverps7033\",\r\n  \"name\": \"sql-dm-cmdlet-serverps7033\",\r\n  \"type\": \"Microsoft.Sql/servers\"\r\n}",
      "StatusCode": 200
    },
    {
      "RequestUri": "/subscriptions/8313371e-0879-428e-b1da-6353575a9192/resourceGroups/sql-dm-cmdlet-test-rgps7033/providers/Microsoft.Sql/servers/sql-dm-cmdlet-serverps7033?api-version=2021-02-01-preview",
      "EncodedRequestUri": "L3N1YnNjcmlwdGlvbnMvODMxMzM3MWUtMDg3OS00MjhlLWIxZGEtNjM1MzU3NWE5MTkyL3Jlc291cmNlR3JvdXBzL3NxbC1kbS1jbWRsZXQtdGVzdC1yZ3BzNzAzMy9wcm92aWRlcnMvTWljcm9zb2Z0LlNxbC9zZXJ2ZXJzL3NxbC1kbS1jbWRsZXQtc2VydmVycHM3MDMzP2FwaS12ZXJzaW9uPTIwMjEtMDItMDEtcHJldmlldw==",
      "RequestMethod": "GET",
      "RequestBody": "",
      "RequestHeaders": {
        "x-ms-client-request-id": [
          "dba06f8f-2137-48d4-8dfa-ecb383562a68"
        ],
        "Accept-Language": [
          "en-US"
        ],
        "User-Agent": [
          "FxVersion/4.700.21.56803",
          "OSName/Windows",
          "OSVersion/Microsoft.Windows.10.0.17763",
          "Microsoft.Azure.Management.Sql.SqlManagementClient/2.0.0.0"
        ]
      },
      "ResponseHeaders": {
        "Cache-Control": [
          "no-cache"
        ],
        "Pragma": [
          "no-cache"
        ],
        "x-ms-request-id": [
          "d079d6fc-c454-4fca-9f43-2a2276ec7e12"
        ],
        "Server": [
          "Microsoft-HTTPAPI/2.0"
        ],
        "x-ms-ratelimit-remaining-subscription-reads": [
          "11967"
        ],
        "x-ms-correlation-request-id": [
          "0d84942d-db4a-4a9e-be73-1e1ad3c844a6"
        ],
        "x-ms-routing-request-id": [
          "UKSOUTH:20220307T231449Z:0d84942d-db4a-4a9e-be73-1e1ad3c844a6"
        ],
        "Strict-Transport-Security": [
          "max-age=31536000; includeSubDomains"
        ],
        "X-Content-Type-Options": [
          "nosniff"
        ],
        "Date": [
          "Mon, 07 Mar 2022 23:14:49 GMT"
        ],
        "Content-Length": [
          "536"
        ],
        "Content-Type": [
          "application/json; charset=utf-8"
        ],
        "Expires": [
          "-1"
        ]
      },
      "ResponseBody": "{\r\n  \"kind\": \"v12.0\",\r\n  \"properties\": {\r\n    \"administratorLogin\": \"testlogin\",\r\n    \"version\": \"12.0\",\r\n    \"state\": \"Ready\",\r\n    \"fullyQualifiedDomainName\": \"sql-dm-cmdlet-serverps7033.database.windows.net\",\r\n    \"privateEndpointConnections\": [],\r\n    \"publicNetworkAccess\": \"Enabled\",\r\n    \"restrictOutboundNetworkAccess\": \"Disabled\"\r\n  },\r\n  \"location\": \"westcentralus\",\r\n  \"id\": \"/subscriptions/8313371e-0879-428e-b1da-6353575a9192/resourceGroups/sql-dm-cmdlet-test-rgps7033/providers/Microsoft.Sql/servers/sql-dm-cmdlet-serverps7033\",\r\n  \"name\": \"sql-dm-cmdlet-serverps7033\",\r\n  \"type\": \"Microsoft.Sql/servers\"\r\n}",
      "StatusCode": 200
    },
    {
      "RequestUri": "/subscriptions/8313371e-0879-428e-b1da-6353575a9192/resourceGroups/sql-dm-cmdlet-test-rgps7033/providers/Microsoft.Sql/servers/sql-dm-cmdlet-serverps7033?api-version=2021-02-01-preview",
      "EncodedRequestUri": "L3N1YnNjcmlwdGlvbnMvODMxMzM3MWUtMDg3OS00MjhlLWIxZGEtNjM1MzU3NWE5MTkyL3Jlc291cmNlR3JvdXBzL3NxbC1kbS1jbWRsZXQtdGVzdC1yZ3BzNzAzMy9wcm92aWRlcnMvTWljcm9zb2Z0LlNxbC9zZXJ2ZXJzL3NxbC1kbS1jbWRsZXQtc2VydmVycHM3MDMzP2FwaS12ZXJzaW9uPTIwMjEtMDItMDEtcHJldmlldw==",
      "RequestMethod": "PUT",
      "RequestBody": "{\r\n  \"properties\": {\r\n    \"administratorLogin\": \"testlogin\",\r\n    \"administratorLoginPassword\": \"testp@ssMakingIt1007Longer\",\r\n    \"version\": \"12.0\"\r\n  },\r\n  \"location\": \"West Central US\"\r\n}",
      "RequestHeaders": {
        "x-ms-client-request-id": [
          "811e374a-e203-4b25-b639-8fe4d293e7c2"
        ],
        "Accept-Language": [
          "en-US"
        ],
        "User-Agent": [
          "FxVersion/4.700.21.56803",
          "OSName/Windows",
          "OSVersion/Microsoft.Windows.10.0.17763",
          "Microsoft.Azure.Management.Sql.SqlManagementClient/2.0.0.0"
        ],
        "Content-Type": [
          "application/json; charset=utf-8"
        ],
        "Content-Length": [
          "190"
        ]
      },
      "ResponseHeaders": {
        "Cache-Control": [
          "no-cache"
        ],
        "Pragma": [
          "no-cache"
        ],
        "Location": [
          "https://management.azure.com/subscriptions/8313371e-0879-428e-b1da-6353575a9192/resourceGroups/sql-dm-cmdlet-test-rgps7033/providers/Microsoft.Sql/locations/westcentralus/serverOperationResults/9a408ed0-b4d7-4d19-a062-ee4a297ab671?api-version=2021-02-01-preview"
        ],
        "Retry-After": [
          "1"
        ],
        "Azure-AsyncOperation": [
          "https://management.azure.com/subscriptions/8313371e-0879-428e-b1da-6353575a9192/resourceGroups/sql-dm-cmdlet-test-rgps7033/providers/Microsoft.Sql/locations/westcentralus/serverAzureAsyncOperation/9a408ed0-b4d7-4d19-a062-ee4a297ab671?api-version=2021-02-01-preview"
        ],
        "x-ms-request-id": [
          "9a408ed0-b4d7-4d19-a062-ee4a297ab671"
        ],
        "Server": [
          "Microsoft-HTTPAPI/2.0"
        ],
        "x-ms-ratelimit-remaining-subscription-writes": [
          "1199"
        ],
        "x-ms-correlation-request-id": [
          "a6f2d4cc-3ecf-4270-8b91-ec63f0fa4808"
        ],
        "x-ms-routing-request-id": [
          "UKSOUTH:20220307T231224Z:a6f2d4cc-3ecf-4270-8b91-ec63f0fa4808"
        ],
        "Strict-Transport-Security": [
          "max-age=31536000; includeSubDomains"
        ],
        "X-Content-Type-Options": [
          "nosniff"
        ],
        "Date": [
          "Mon, 07 Mar 2022 23:12:24 GMT"
        ],
        "Content-Length": [
          "73"
        ],
        "Content-Type": [
          "application/json; charset=utf-8"
        ],
        "Expires": [
          "-1"
        ]
      },
      "ResponseBody": "{\r\n  \"operation\": \"UpsertLogicalServer\",\r\n  \"startTime\": \"2022-03-07T23:12:24.42Z\"\r\n}",
      "StatusCode": 202
    },
    {
      "RequestUri": "/subscriptions/8313371e-0879-428e-b1da-6353575a9192/resourceGroups/sql-dm-cmdlet-test-rgps7033/providers/Microsoft.Sql/locations/westcentralus/serverAzureAsyncOperation/9a408ed0-b4d7-4d19-a062-ee4a297ab671?api-version=2021-02-01-preview",
      "EncodedRequestUri": "L3N1YnNjcmlwdGlvbnMvODMxMzM3MWUtMDg3OS00MjhlLWIxZGEtNjM1MzU3NWE5MTkyL3Jlc291cmNlR3JvdXBzL3NxbC1kbS1jbWRsZXQtdGVzdC1yZ3BzNzAzMy9wcm92aWRlcnMvTWljcm9zb2Z0LlNxbC9sb2NhdGlvbnMvd2VzdGNlbnRyYWx1cy9zZXJ2ZXJBenVyZUFzeW5jT3BlcmF0aW9uLzlhNDA4ZWQwLWI0ZDctNGQxOS1hMDYyLWVlNGEyOTdhYjY3MT9hcGktdmVyc2lvbj0yMDIxLTAyLTAxLXByZXZpZXc=",
      "RequestMethod": "GET",
      "RequestBody": "",
      "RequestHeaders": {
        "x-ms-client-request-id": [
          "811e374a-e203-4b25-b639-8fe4d293e7c2"
        ],
        "User-Agent": [
          "FxVersion/4.700.21.56803",
          "OSName/Windows",
          "OSVersion/Microsoft.Windows.10.0.17763",
          "Microsoft.Azure.Management.Sql.SqlManagementClient/2.0.0.0"
        ]
      },
      "ResponseHeaders": {
        "Cache-Control": [
          "no-cache"
        ],
        "Pragma": [
          "no-cache"
        ],
        "Retry-After": [
          "1"
        ],
        "x-ms-request-id": [
          "1e8e0986-2e80-4c7f-909a-eb69955be805"
        ],
        "Server": [
          "Microsoft-HTTPAPI/2.0"
        ],
        "x-ms-ratelimit-remaining-subscription-reads": [
          "11998"
        ],
        "x-ms-correlation-request-id": [
          "27cde98c-5a88-47ea-98aa-712968564478"
        ],
        "x-ms-routing-request-id": [
          "UKSOUTH:20220307T231225Z:27cde98c-5a88-47ea-98aa-712968564478"
        ],
        "Strict-Transport-Security": [
          "max-age=31536000; includeSubDomains"
        ],
        "X-Content-Type-Options": [
          "nosniff"
        ],
        "Date": [
          "Mon, 07 Mar 2022 23:12:25 GMT"
        ],
        "Content-Length": [
          "107"
        ],
        "Content-Type": [
          "application/json; charset=utf-8"
        ],
        "Expires": [
          "-1"
        ]
      },
      "ResponseBody": "{\r\n  \"name\": \"9a408ed0-b4d7-4d19-a062-ee4a297ab671\",\r\n  \"status\": \"InProgress\",\r\n  \"startTime\": \"2022-03-07T23:12:24.42Z\"\r\n}",
      "StatusCode": 200
    },
    {
      "RequestUri": "/subscriptions/8313371e-0879-428e-b1da-6353575a9192/resourceGroups/sql-dm-cmdlet-test-rgps7033/providers/Microsoft.Sql/locations/westcentralus/serverAzureAsyncOperation/9a408ed0-b4d7-4d19-a062-ee4a297ab671?api-version=2021-02-01-preview",
      "EncodedRequestUri": "L3N1YnNjcmlwdGlvbnMvODMxMzM3MWUtMDg3OS00MjhlLWIxZGEtNjM1MzU3NWE5MTkyL3Jlc291cmNlR3JvdXBzL3NxbC1kbS1jbWRsZXQtdGVzdC1yZ3BzNzAzMy9wcm92aWRlcnMvTWljcm9zb2Z0LlNxbC9sb2NhdGlvbnMvd2VzdGNlbnRyYWx1cy9zZXJ2ZXJBenVyZUFzeW5jT3BlcmF0aW9uLzlhNDA4ZWQwLWI0ZDctNGQxOS1hMDYyLWVlNGEyOTdhYjY3MT9hcGktdmVyc2lvbj0yMDIxLTAyLTAxLXByZXZpZXc=",
      "RequestMethod": "GET",
      "RequestBody": "",
      "RequestHeaders": {
        "x-ms-client-request-id": [
          "811e374a-e203-4b25-b639-8fe4d293e7c2"
        ],
        "User-Agent": [
          "FxVersion/4.700.21.56803",
          "OSName/Windows",
          "OSVersion/Microsoft.Windows.10.0.17763",
          "Microsoft.Azure.Management.Sql.SqlManagementClient/2.0.0.0"
        ]
      },
      "ResponseHeaders": {
        "Cache-Control": [
          "no-cache"
        ],
        "Pragma": [
          "no-cache"
        ],
        "Retry-After": [
          "1"
        ],
        "x-ms-request-id": [
          "9ad9cb4b-8968-40ca-9aaf-0af2b9140040"
        ],
        "Server": [
          "Microsoft-HTTPAPI/2.0"
        ],
        "x-ms-ratelimit-remaining-subscription-reads": [
          "11997"
        ],
        "x-ms-correlation-request-id": [
          "2c5d75fc-8f6e-4299-a03b-d97a85b81500"
        ],
        "x-ms-routing-request-id": [
          "UKSOUTH:20220307T231227Z:2c5d75fc-8f6e-4299-a03b-d97a85b81500"
        ],
        "Strict-Transport-Security": [
          "max-age=31536000; includeSubDomains"
        ],
        "X-Content-Type-Options": [
          "nosniff"
        ],
        "Date": [
          "Mon, 07 Mar 2022 23:12:26 GMT"
        ],
        "Content-Length": [
          "107"
        ],
        "Content-Type": [
          "application/json; charset=utf-8"
        ],
        "Expires": [
          "-1"
        ]
      },
      "ResponseBody": "{\r\n  \"name\": \"9a408ed0-b4d7-4d19-a062-ee4a297ab671\",\r\n  \"status\": \"InProgress\",\r\n  \"startTime\": \"2022-03-07T23:12:24.42Z\"\r\n}",
      "StatusCode": 200
    },
    {
      "RequestUri": "/subscriptions/8313371e-0879-428e-b1da-6353575a9192/resourceGroups/sql-dm-cmdlet-test-rgps7033/providers/Microsoft.Sql/locations/westcentralus/serverAzureAsyncOperation/9a408ed0-b4d7-4d19-a062-ee4a297ab671?api-version=2021-02-01-preview",
      "EncodedRequestUri": "L3N1YnNjcmlwdGlvbnMvODMxMzM3MWUtMDg3OS00MjhlLWIxZGEtNjM1MzU3NWE5MTkyL3Jlc291cmNlR3JvdXBzL3NxbC1kbS1jbWRsZXQtdGVzdC1yZ3BzNzAzMy9wcm92aWRlcnMvTWljcm9zb2Z0LlNxbC9sb2NhdGlvbnMvd2VzdGNlbnRyYWx1cy9zZXJ2ZXJBenVyZUFzeW5jT3BlcmF0aW9uLzlhNDA4ZWQwLWI0ZDctNGQxOS1hMDYyLWVlNGEyOTdhYjY3MT9hcGktdmVyc2lvbj0yMDIxLTAyLTAxLXByZXZpZXc=",
      "RequestMethod": "GET",
      "RequestBody": "",
      "RequestHeaders": {
        "x-ms-client-request-id": [
          "811e374a-e203-4b25-b639-8fe4d293e7c2"
        ],
        "User-Agent": [
          "FxVersion/4.700.21.56803",
          "OSName/Windows",
          "OSVersion/Microsoft.Windows.10.0.17763",
          "Microsoft.Azure.Management.Sql.SqlManagementClient/2.0.0.0"
        ]
      },
      "ResponseHeaders": {
        "Cache-Control": [
          "no-cache"
        ],
        "Pragma": [
          "no-cache"
        ],
        "Retry-After": [
          "1"
        ],
        "x-ms-request-id": [
          "28442bfc-fdb7-4156-8fb1-d6578fa6dc0f"
        ],
        "Server": [
          "Microsoft-HTTPAPI/2.0"
        ],
        "x-ms-ratelimit-remaining-subscription-reads": [
          "11996"
        ],
        "x-ms-correlation-request-id": [
          "d67b43b1-32a0-4905-8e6b-4f8bfe402a90"
        ],
        "x-ms-routing-request-id": [
          "UKSOUTH:20220307T231228Z:d67b43b1-32a0-4905-8e6b-4f8bfe402a90"
        ],
        "Strict-Transport-Security": [
          "max-age=31536000; includeSubDomains"
        ],
        "X-Content-Type-Options": [
          "nosniff"
        ],
        "Date": [
          "Mon, 07 Mar 2022 23:12:27 GMT"
        ],
        "Content-Length": [
          "107"
        ],
        "Content-Type": [
          "application/json; charset=utf-8"
        ],
        "Expires": [
          "-1"
        ]
      },
      "ResponseBody": "{\r\n  \"name\": \"9a408ed0-b4d7-4d19-a062-ee4a297ab671\",\r\n  \"status\": \"InProgress\",\r\n  \"startTime\": \"2022-03-07T23:12:24.42Z\"\r\n}",
      "StatusCode": 200
    },
    {
      "RequestUri": "/subscriptions/8313371e-0879-428e-b1da-6353575a9192/resourceGroups/sql-dm-cmdlet-test-rgps7033/providers/Microsoft.Sql/locations/westcentralus/serverAzureAsyncOperation/9a408ed0-b4d7-4d19-a062-ee4a297ab671?api-version=2021-02-01-preview",
      "EncodedRequestUri": "L3N1YnNjcmlwdGlvbnMvODMxMzM3MWUtMDg3OS00MjhlLWIxZGEtNjM1MzU3NWE5MTkyL3Jlc291cmNlR3JvdXBzL3NxbC1kbS1jbWRsZXQtdGVzdC1yZ3BzNzAzMy9wcm92aWRlcnMvTWljcm9zb2Z0LlNxbC9sb2NhdGlvbnMvd2VzdGNlbnRyYWx1cy9zZXJ2ZXJBenVyZUFzeW5jT3BlcmF0aW9uLzlhNDA4ZWQwLWI0ZDctNGQxOS1hMDYyLWVlNGEyOTdhYjY3MT9hcGktdmVyc2lvbj0yMDIxLTAyLTAxLXByZXZpZXc=",
      "RequestMethod": "GET",
      "RequestBody": "",
      "RequestHeaders": {
        "x-ms-client-request-id": [
          "811e374a-e203-4b25-b639-8fe4d293e7c2"
        ],
        "User-Agent": [
          "FxVersion/4.700.21.56803",
          "OSName/Windows",
          "OSVersion/Microsoft.Windows.10.0.17763",
          "Microsoft.Azure.Management.Sql.SqlManagementClient/2.0.0.0"
        ]
      },
      "ResponseHeaders": {
        "Cache-Control": [
          "no-cache"
        ],
        "Pragma": [
          "no-cache"
        ],
        "Retry-After": [
          "20"
        ],
        "x-ms-request-id": [
          "2d2f28d4-e637-48ea-a2d1-4d50a50a0345"
        ],
        "Server": [
          "Microsoft-HTTPAPI/2.0"
        ],
        "x-ms-ratelimit-remaining-subscription-reads": [
          "11995"
        ],
        "x-ms-correlation-request-id": [
          "6de0991c-f68e-420d-8b16-e07433135360"
        ],
        "x-ms-routing-request-id": [
          "UKSOUTH:20220307T231229Z:6de0991c-f68e-420d-8b16-e07433135360"
        ],
        "Strict-Transport-Security": [
          "max-age=31536000; includeSubDomains"
        ],
        "X-Content-Type-Options": [
          "nosniff"
        ],
        "Date": [
          "Mon, 07 Mar 2022 23:12:28 GMT"
        ],
        "Content-Length": [
          "107"
        ],
        "Content-Type": [
          "application/json; charset=utf-8"
        ],
        "Expires": [
          "-1"
        ]
      },
      "ResponseBody": "{\r\n  \"name\": \"9a408ed0-b4d7-4d19-a062-ee4a297ab671\",\r\n  \"status\": \"InProgress\",\r\n  \"startTime\": \"2022-03-07T23:12:24.42Z\"\r\n}",
      "StatusCode": 200
    },
    {
      "RequestUri": "/subscriptions/8313371e-0879-428e-b1da-6353575a9192/resourceGroups/sql-dm-cmdlet-test-rgps7033/providers/Microsoft.Sql/locations/westcentralus/serverAzureAsyncOperation/9a408ed0-b4d7-4d19-a062-ee4a297ab671?api-version=2021-02-01-preview",
      "EncodedRequestUri": "L3N1YnNjcmlwdGlvbnMvODMxMzM3MWUtMDg3OS00MjhlLWIxZGEtNjM1MzU3NWE5MTkyL3Jlc291cmNlR3JvdXBzL3NxbC1kbS1jbWRsZXQtdGVzdC1yZ3BzNzAzMy9wcm92aWRlcnMvTWljcm9zb2Z0LlNxbC9sb2NhdGlvbnMvd2VzdGNlbnRyYWx1cy9zZXJ2ZXJBenVyZUFzeW5jT3BlcmF0aW9uLzlhNDA4ZWQwLWI0ZDctNGQxOS1hMDYyLWVlNGEyOTdhYjY3MT9hcGktdmVyc2lvbj0yMDIxLTAyLTAxLXByZXZpZXc=",
      "RequestMethod": "GET",
      "RequestBody": "",
      "RequestHeaders": {
        "x-ms-client-request-id": [
          "811e374a-e203-4b25-b639-8fe4d293e7c2"
        ],
        "User-Agent": [
          "FxVersion/4.700.21.56803",
          "OSName/Windows",
          "OSVersion/Microsoft.Windows.10.0.17763",
          "Microsoft.Azure.Management.Sql.SqlManagementClient/2.0.0.0"
        ]
      },
      "ResponseHeaders": {
        "Cache-Control": [
          "no-cache"
        ],
        "Pragma": [
          "no-cache"
        ],
        "Retry-After": [
          "20"
        ],
        "x-ms-request-id": [
          "f4af11c4-eb59-4e83-b0a2-574333347cfc"
        ],
        "Server": [
          "Microsoft-HTTPAPI/2.0"
        ],
        "x-ms-ratelimit-remaining-subscription-reads": [
          "11994"
        ],
        "x-ms-correlation-request-id": [
          "b9546d41-c59a-41ba-b16a-c60dc6b739c1"
        ],
        "x-ms-routing-request-id": [
          "UKSOUTH:20220307T231249Z:b9546d41-c59a-41ba-b16a-c60dc6b739c1"
        ],
        "Strict-Transport-Security": [
          "max-age=31536000; includeSubDomains"
        ],
        "X-Content-Type-Options": [
          "nosniff"
        ],
        "Date": [
          "Mon, 07 Mar 2022 23:12:48 GMT"
        ],
        "Content-Length": [
          "107"
        ],
        "Content-Type": [
          "application/json; charset=utf-8"
        ],
        "Expires": [
          "-1"
        ]
      },
      "ResponseBody": "{\r\n  \"name\": \"9a408ed0-b4d7-4d19-a062-ee4a297ab671\",\r\n  \"status\": \"InProgress\",\r\n  \"startTime\": \"2022-03-07T23:12:24.42Z\"\r\n}",
      "StatusCode": 200
    },
    {
      "RequestUri": "/subscriptions/8313371e-0879-428e-b1da-6353575a9192/resourceGroups/sql-dm-cmdlet-test-rgps7033/providers/Microsoft.Sql/locations/westcentralus/serverAzureAsyncOperation/9a408ed0-b4d7-4d19-a062-ee4a297ab671?api-version=2021-02-01-preview",
      "EncodedRequestUri": "L3N1YnNjcmlwdGlvbnMvODMxMzM3MWUtMDg3OS00MjhlLWIxZGEtNjM1MzU3NWE5MTkyL3Jlc291cmNlR3JvdXBzL3NxbC1kbS1jbWRsZXQtdGVzdC1yZ3BzNzAzMy9wcm92aWRlcnMvTWljcm9zb2Z0LlNxbC9sb2NhdGlvbnMvd2VzdGNlbnRyYWx1cy9zZXJ2ZXJBenVyZUFzeW5jT3BlcmF0aW9uLzlhNDA4ZWQwLWI0ZDctNGQxOS1hMDYyLWVlNGEyOTdhYjY3MT9hcGktdmVyc2lvbj0yMDIxLTAyLTAxLXByZXZpZXc=",
      "RequestMethod": "GET",
      "RequestBody": "",
      "RequestHeaders": {
        "x-ms-client-request-id": [
          "811e374a-e203-4b25-b639-8fe4d293e7c2"
        ],
        "User-Agent": [
          "FxVersion/4.700.21.56803",
          "OSName/Windows",
          "OSVersion/Microsoft.Windows.10.0.17763",
          "Microsoft.Azure.Management.Sql.SqlManagementClient/2.0.0.0"
        ]
      },
      "ResponseHeaders": {
        "Cache-Control": [
          "no-cache"
        ],
        "Pragma": [
          "no-cache"
        ],
        "Retry-After": [
          "20"
        ],
        "x-ms-request-id": [
          "17153c9d-877a-4ab5-95e5-50162235a4e0"
        ],
        "Server": [
          "Microsoft-HTTPAPI/2.0"
        ],
        "x-ms-ratelimit-remaining-subscription-reads": [
          "11993"
        ],
        "x-ms-correlation-request-id": [
          "1aa4d8f9-e0be-40cc-a10f-01b383b735eb"
        ],
        "x-ms-routing-request-id": [
          "UKSOUTH:20220307T231309Z:1aa4d8f9-e0be-40cc-a10f-01b383b735eb"
        ],
        "Strict-Transport-Security": [
          "max-age=31536000; includeSubDomains"
        ],
        "X-Content-Type-Options": [
          "nosniff"
        ],
        "Date": [
          "Mon, 07 Mar 2022 23:13:08 GMT"
        ],
        "Content-Length": [
          "107"
        ],
        "Content-Type": [
          "application/json; charset=utf-8"
        ],
        "Expires": [
          "-1"
        ]
      },
      "ResponseBody": "{\r\n  \"name\": \"9a408ed0-b4d7-4d19-a062-ee4a297ab671\",\r\n  \"status\": \"InProgress\",\r\n  \"startTime\": \"2022-03-07T23:12:24.42Z\"\r\n}",
      "StatusCode": 200
    },
    {
      "RequestUri": "/subscriptions/8313371e-0879-428e-b1da-6353575a9192/resourceGroups/sql-dm-cmdlet-test-rgps7033/providers/Microsoft.Sql/locations/westcentralus/serverAzureAsyncOperation/9a408ed0-b4d7-4d19-a062-ee4a297ab671?api-version=2021-02-01-preview",
      "EncodedRequestUri": "L3N1YnNjcmlwdGlvbnMvODMxMzM3MWUtMDg3OS00MjhlLWIxZGEtNjM1MzU3NWE5MTkyL3Jlc291cmNlR3JvdXBzL3NxbC1kbS1jbWRsZXQtdGVzdC1yZ3BzNzAzMy9wcm92aWRlcnMvTWljcm9zb2Z0LlNxbC9sb2NhdGlvbnMvd2VzdGNlbnRyYWx1cy9zZXJ2ZXJBenVyZUFzeW5jT3BlcmF0aW9uLzlhNDA4ZWQwLWI0ZDctNGQxOS1hMDYyLWVlNGEyOTdhYjY3MT9hcGktdmVyc2lvbj0yMDIxLTAyLTAxLXByZXZpZXc=",
      "RequestMethod": "GET",
      "RequestBody": "",
      "RequestHeaders": {
        "x-ms-client-request-id": [
          "811e374a-e203-4b25-b639-8fe4d293e7c2"
        ],
        "User-Agent": [
          "FxVersion/4.700.21.56803",
          "OSName/Windows",
          "OSVersion/Microsoft.Windows.10.0.17763",
          "Microsoft.Azure.Management.Sql.SqlManagementClient/2.0.0.0"
        ]
      },
      "ResponseHeaders": {
        "Cache-Control": [
          "no-cache"
        ],
        "Pragma": [
          "no-cache"
        ],
        "Retry-After": [
          "15"
        ],
        "x-ms-request-id": [
          "2854e975-c80e-4958-8c67-f738109e8f4d"
        ],
        "Server": [
          "Microsoft-HTTPAPI/2.0"
        ],
        "x-ms-ratelimit-remaining-subscription-reads": [
          "11992"
        ],
        "x-ms-correlation-request-id": [
          "6c0a671a-9e77-43b2-a76f-bba19b56ee0d"
        ],
        "x-ms-routing-request-id": [
          "UKSOUTH:20220307T231330Z:6c0a671a-9e77-43b2-a76f-bba19b56ee0d"
        ],
        "Strict-Transport-Security": [
          "max-age=31536000; includeSubDomains"
        ],
        "X-Content-Type-Options": [
          "nosniff"
        ],
        "Date": [
          "Mon, 07 Mar 2022 23:13:29 GMT"
        ],
        "Content-Length": [
          "106"
        ],
        "Content-Type": [
          "application/json; charset=utf-8"
        ],
        "Expires": [
          "-1"
        ]
      },
      "ResponseBody": "{\r\n  \"name\": \"9a408ed0-b4d7-4d19-a062-ee4a297ab671\",\r\n  \"status\": \"Succeeded\",\r\n  \"startTime\": \"2022-03-07T23:12:24.42Z\"\r\n}",
      "StatusCode": 200
    },
    {
      "RequestUri": "/subscriptions/8313371e-0879-428e-b1da-6353575a9192/resourceGroups/sql-dm-cmdlet-test-rgps7033/providers/Microsoft.Sql/servers/sql-dm-cmdlet-serverps7033/firewallRules/ddmRule?api-version=2014-04-01",
      "EncodedRequestUri": "L3N1YnNjcmlwdGlvbnMvODMxMzM3MWUtMDg3OS00MjhlLWIxZGEtNjM1MzU3NWE5MTkyL3Jlc291cmNlR3JvdXBzL3NxbC1kbS1jbWRsZXQtdGVzdC1yZ3BzNzAzMy9wcm92aWRlcnMvTWljcm9zb2Z0LlNxbC9zZXJ2ZXJzL3NxbC1kbS1jbWRsZXQtc2VydmVycHM3MDMzL2ZpcmV3YWxsUnVsZXMvZGRtUnVsZT9hcGktdmVyc2lvbj0yMDE0LTA0LTAx",
      "RequestMethod": "GET",
      "RequestBody": "",
      "RequestHeaders": {
        "User-Agent": [
          "Microsoft.Azure.Management.Sql.LegacySdk.SqlManagementClient/3.7.1.0"
        ]
      },
      "ResponseHeaders": {
        "Cache-Control": [
          "no-store, no-cache"
        ],
        "x-ms-request-id": [
          "a9f726c4-1f31-433e-b74f-7181f3286209"
        ],
        "X-Content-Type-Options": [
          "nosniff"
        ],
        "DataServiceVersion": [
          "3.0;"
        ],
        "Strict-Transport-Security": [
          "max-age=31536000; includeSubDomains"
        ],
        "Server": [
          "Microsoft-HTTPAPI/2.0"
        ],
        "x-ms-ratelimit-remaining-subscription-reads": [
          "11999"
        ],
        "x-ms-correlation-request-id": [
          "79a57719-861a-42a7-a91c-1a4210c05cc6"
        ],
        "x-ms-routing-request-id": [
          "UKSOUTH:20220307T231331Z:79a57719-861a-42a7-a91c-1a4210c05cc6"
        ],
        "Date": [
          "Mon, 07 Mar 2022 23:13:30 GMT"
        ],
        "Content-Length": [
          "136"
        ],
        "Content-Type": [
          "application/json"
        ]
      },
      "ResponseBody": "{\r\n  \"code\": \"NotFound\",\r\n  \"message\": \"Resource not found for the segment 'firewallRules'.\",\r\n  \"target\": null,\r\n  \"details\": [],\r\n  \"innererror\": []\r\n}",
      "StatusCode": 404
    },
    {
      "RequestUri": "/subscriptions/8313371e-0879-428e-b1da-6353575a9192/resourceGroups/sql-dm-cmdlet-test-rgps7033/providers/Microsoft.Sql/servers/sql-dm-cmdlet-serverps7033/firewallRules/ddmRule?api-version=2014-04-01",
      "EncodedRequestUri": "L3N1YnNjcmlwdGlvbnMvODMxMzM3MWUtMDg3OS00MjhlLWIxZGEtNjM1MzU3NWE5MTkyL3Jlc291cmNlR3JvdXBzL3NxbC1kbS1jbWRsZXQtdGVzdC1yZ3BzNzAzMy9wcm92aWRlcnMvTWljcm9zb2Z0LlNxbC9zZXJ2ZXJzL3NxbC1kbS1jbWRsZXQtc2VydmVycHM3MDMzL2ZpcmV3YWxsUnVsZXMvZGRtUnVsZT9hcGktdmVyc2lvbj0yMDE0LTA0LTAx",
      "RequestMethod": "PUT",
      "RequestBody": "{\r\n  \"properties\": {\r\n    \"startIpAddress\": \"0.0.0.0\",\r\n    \"endIpAddress\": \"255.255.255.255\"\r\n  }\r\n}",
      "RequestHeaders": {
        "User-Agent": [
          "Microsoft.Azure.Management.Sql.LegacySdk.SqlManagementClient/3.7.1.0"
        ],
        "Content-Type": [
          "application/json; charset=utf-8"
        ],
        "Content-Length": [
          "101"
        ]
      },
      "ResponseHeaders": {
        "Cache-Control": [
          "no-store, no-cache"
        ],
        "x-ms-request-id": [
          "0307be2d-edf8-49f0-b8f5-03bb354bff7a"
        ],
        "X-Content-Type-Options": [
          "nosniff"
        ],
        "Preference-Applied": [
          "return-content"
        ],
        "DataServiceVersion": [
          "3.0;"
        ],
        "Strict-Transport-Security": [
          "max-age=31536000; includeSubDomains"
        ],
        "Server": [
          "Microsoft-HTTPAPI/2.0"
        ],
        "x-ms-ratelimit-remaining-subscription-writes": [
          "1199"
        ],
        "x-ms-correlation-request-id": [
          "7b660888-ba0d-4e5c-b92c-22a3f9e5c77c"
        ],
        "x-ms-routing-request-id": [
          "UKSOUTH:20220307T231332Z:7b660888-ba0d-4e5c-b92c-22a3f9e5c77c"
        ],
        "Date": [
          "Mon, 07 Mar 2022 23:13:31 GMT"
        ],
        "Content-Length": [
          "365"
        ],
        "Content-Type": [
          "application/json; odata=minimalmetadata; streaming=true; charset=utf-8"
        ]
      },
      "ResponseBody": "{\r\n  \"id\": \"/subscriptions/8313371e-0879-428e-b1da-6353575a9192/resourceGroups/sql-dm-cmdlet-test-rgps7033/providers/Microsoft.Sql/servers/sql-dm-cmdlet-serverps7033/firewallRules/ddmRule\",\r\n  \"name\": \"ddmRule\",\r\n  \"type\": \"Microsoft.Sql/servers/firewallRules\",\r\n  \"location\": \"West Central US\",\r\n  \"kind\": \"v12.0\",\r\n  \"properties\": {\r\n    \"startIpAddress\": \"0.0.0.0\",\r\n    \"endIpAddress\": \"255.255.255.255\"\r\n  }\r\n}",
      "StatusCode": 201
    },
    {
      "RequestUri": "/subscriptions/8313371e-0879-428e-b1da-6353575a9192/resourceGroups/sql-dm-cmdlet-test-rgps7033/providers/Microsoft.Sql/servers/sql-dm-cmdlet-serverps7033/databases/sql-dm-cmdlet-dbps7033?api-version=2021-05-01-preview",
      "EncodedRequestUri": "L3N1YnNjcmlwdGlvbnMvODMxMzM3MWUtMDg3OS00MjhlLWIxZGEtNjM1MzU3NWE5MTkyL3Jlc291cmNlR3JvdXBzL3NxbC1kbS1jbWRsZXQtdGVzdC1yZ3BzNzAzMy9wcm92aWRlcnMvTWljcm9zb2Z0LlNxbC9zZXJ2ZXJzL3NxbC1kbS1jbWRsZXQtc2VydmVycHM3MDMzL2RhdGFiYXNlcy9zcWwtZG0tY21kbGV0LWRicHM3MDMzP2FwaS12ZXJzaW9uPTIwMjEtMDUtMDEtcHJldmlldw==",
      "RequestMethod": "GET",
      "RequestBody": "",
      "RequestHeaders": {
        "x-ms-client-request-id": [
          "351a4d77-bef0-4270-a8e6-87f89e9ec198"
        ],
        "Accept-Language": [
          "en-US"
        ],
        "User-Agent": [
          "FxVersion/4.700.21.56803",
          "OSName/Windows",
          "OSVersion/Microsoft.Windows.10.0.17763",
          "Microsoft.Azure.Management.Sql.SqlManagementClient/2.0.0.0"
        ]
      },
      "ResponseHeaders": {
        "Cache-Control": [
          "no-cache"
        ],
        "Pragma": [
          "no-cache"
        ],
        "x-ms-failure-cause": [
          "gateway"
        ],
        "x-ms-request-id": [
          "35ad6d1f-064c-4e48-b479-ef49f454eb71"
        ],
        "x-ms-correlation-request-id": [
          "35ad6d1f-064c-4e48-b479-ef49f454eb71"
        ],
        "x-ms-routing-request-id": [
          "UKSOUTH:20220307T231332Z:35ad6d1f-064c-4e48-b479-ef49f454eb71"
        ],
        "Strict-Transport-Security": [
          "max-age=31536000; includeSubDomains"
        ],
        "X-Content-Type-Options": [
          "nosniff"
        ],
        "Date": [
          "Mon, 07 Mar 2022 23:13:32 GMT"
        ],
        "Content-Type": [
          "application/json; charset=utf-8"
        ],
        "Expires": [
          "-1"
        ],
        "Content-Length": [
          "280"
        ]
      },
      "ResponseBody": "{\r\n  \"error\": {\r\n    \"code\": \"ResourceNotFound\",\r\n    \"message\": \"The Resource 'Microsoft.Sql/servers/sql-dm-cmdlet-serverps7033/databases/sql-dm-cmdlet-dbps7033' under resource group 'sql-dm-cmdlet-test-rgps7033' was not found. For more details please go to https://aka.ms/ARMResourceNotFoundFix\"\r\n  }\r\n}",
      "StatusCode": 404
    },
    {
      "RequestUri": "/subscriptions/8313371e-0879-428e-b1da-6353575a9192/resourceGroups/sql-dm-cmdlet-test-rgps7033/providers/Microsoft.Sql/servers/sql-dm-cmdlet-serverps7033/databases/sql-dm-cmdlet-dbps7033?api-version=2021-05-01-preview",
      "EncodedRequestUri": "L3N1YnNjcmlwdGlvbnMvODMxMzM3MWUtMDg3OS00MjhlLWIxZGEtNjM1MzU3NWE5MTkyL3Jlc291cmNlR3JvdXBzL3NxbC1kbS1jbWRsZXQtdGVzdC1yZ3BzNzAzMy9wcm92aWRlcnMvTWljcm9zb2Z0LlNxbC9zZXJ2ZXJzL3NxbC1kbS1jbWRsZXQtc2VydmVycHM3MDMzL2RhdGFiYXNlcy9zcWwtZG0tY21kbGV0LWRicHM3MDMzP2FwaS12ZXJzaW9uPTIwMjEtMDUtMDEtcHJldmlldw==",
      "RequestMethod": "GET",
      "RequestBody": "",
      "RequestHeaders": {
        "x-ms-client-request-id": [
          "351a4d77-bef0-4270-a8e6-87f89e9ec198"
        ],
        "User-Agent": [
          "FxVersion/4.700.21.56803",
          "OSName/Windows",
          "OSVersion/Microsoft.Windows.10.0.17763",
          "Microsoft.Azure.Management.Sql.SqlManagementClient/2.0.0.0"
        ]
      },
      "ResponseHeaders": {
        "Cache-Control": [
          "no-cache"
        ],
        "Pragma": [
          "no-cache"
        ],
        "x-ms-request-id": [
          "683eff0b-bb1a-46e2-a489-549f2d4c5e36"
        ],
        "Server": [
          "Microsoft-HTTPAPI/2.0"
        ],
        "x-ms-ratelimit-remaining-subscription-reads": [
          "11983"
        ],
        "x-ms-correlation-request-id": [
          "c9bf4731-f1c0-4e28-805e-bf9249529c8f"
        ],
        "x-ms-routing-request-id": [
          "UKSOUTH:20220307T231436Z:c9bf4731-f1c0-4e28-805e-bf9249529c8f"
        ],
        "Strict-Transport-Security": [
          "max-age=31536000; includeSubDomains"
        ],
        "X-Content-Type-Options": [
          "nosniff"
        ],
        "Date": [
          "Mon, 07 Mar 2022 23:14:36 GMT"
        ],
        "Content-Length": [
          "1253"
        ],
        "Content-Type": [
          "application/json; charset=utf-8"
        ],
        "Expires": [
          "-1"
        ]
      },
      "ResponseBody": "{\r\n  \"sku\": {\r\n    \"name\": \"GP_Gen5\",\r\n    \"tier\": \"GeneralPurpose\",\r\n    \"family\": \"Gen5\",\r\n    \"capacity\": 2\r\n  },\r\n  \"kind\": \"v12.0,user,vcore\",\r\n  \"properties\": {\r\n    \"collation\": \"SQL_Latin1_General_CP1_CI_AS\",\r\n    \"maxSizeBytes\": 34359738368,\r\n    \"status\": \"Online\",\r\n    \"databaseId\": \"c4818098-699d-47a6-bd36-df66262047c9\",\r\n    \"creationDate\": \"2022-03-07T23:14:25.287Z\",\r\n    \"currentServiceObjectiveName\": \"GP_Gen5_2\",\r\n    \"requestedServiceObjectiveName\": \"GP_Gen5_2\",\r\n    \"defaultSecondaryLocation\": \"westus2\",\r\n    \"catalogCollation\": \"SQL_Latin1_General_CP1_CI_AS\",\r\n    \"zoneRedundant\": false,\r\n    \"licenseType\": \"LicenseIncluded\",\r\n    \"maxLogSizeBytes\": 193273528320,\r\n    \"readScale\": \"Disabled\",\r\n    \"currentSku\": {\r\n      \"name\": \"GP_Gen5\",\r\n      \"tier\": \"GeneralPurpose\",\r\n      \"family\": \"Gen5\",\r\n      \"capacity\": 2\r\n    },\r\n    \"currentBackupStorageRedundancy\": \"Geo\",\r\n    \"requestedBackupStorageRedundancy\": \"Geo\",\r\n    \"maintenanceConfigurationId\": \"/subscriptions/8313371e-0879-428e-b1da-6353575a9192/providers/Microsoft.Maintenance/publicMaintenanceConfigurations/SQL_Default\",\r\n    \"isLedgerOn\": false,\r\n    \"isInfraEncryptionEnabled\": false\r\n  },\r\n  \"location\": \"westcentralus\",\r\n  \"id\": \"/subscriptions/8313371e-0879-428e-b1da-6353575a9192/resourceGroups/sql-dm-cmdlet-test-rgps7033/providers/Microsoft.Sql/servers/sql-dm-cmdlet-serverps7033/databases/sql-dm-cmdlet-dbps7033\",\r\n  \"name\": \"sql-dm-cmdlet-dbps7033\",\r\n  \"type\": \"Microsoft.Sql/servers/databases\"\r\n}",
      "StatusCode": 200
    },
    {
      "RequestUri": "/subscriptions/8313371e-0879-428e-b1da-6353575a9192/resourceGroups/sql-dm-cmdlet-test-rgps7033/providers/Microsoft.Sql/servers/sql-dm-cmdlet-serverps7033/databases/sql-dm-cmdlet-dbps7033?api-version=2021-05-01-preview",
      "EncodedRequestUri": "L3N1YnNjcmlwdGlvbnMvODMxMzM3MWUtMDg3OS00MjhlLWIxZGEtNjM1MzU3NWE5MTkyL3Jlc291cmNlR3JvdXBzL3NxbC1kbS1jbWRsZXQtdGVzdC1yZ3BzNzAzMy9wcm92aWRlcnMvTWljcm9zb2Z0LlNxbC9zZXJ2ZXJzL3NxbC1kbS1jbWRsZXQtc2VydmVycHM3MDMzL2RhdGFiYXNlcy9zcWwtZG0tY21kbGV0LWRicHM3MDMzP2FwaS12ZXJzaW9uPTIwMjEtMDUtMDEtcHJldmlldw==",
      "RequestMethod": "PUT",
      "RequestBody": "{\r\n  \"properties\": {\r\n    \"maxSizeBytes\": 0,\r\n    \"readScale\": \"\"\r\n  },\r\n  \"location\": \"westcentralus\"\r\n}",
      "RequestHeaders": {
        "x-ms-client-request-id": [
          "351a4d77-bef0-4270-a8e6-87f89e9ec198"
        ],
        "Accept-Language": [
          "en-US"
        ],
        "User-Agent": [
          "FxVersion/4.700.21.56803",
          "OSName/Windows",
          "OSVersion/Microsoft.Windows.10.0.17763",
          "Microsoft.Azure.Management.Sql.SqlManagementClient/2.0.0.0"
        ],
        "Content-Type": [
          "application/json; charset=utf-8"
        ],
        "Content-Length": [
          "105"
        ]
      },
      "ResponseHeaders": {
        "Cache-Control": [
          "no-cache"
        ],
        "Pragma": [
          "no-cache"
        ],
        "Location": [
          "https://management.azure.com/subscriptions/8313371e-0879-428e-b1da-6353575a9192/resourceGroups/sql-dm-cmdlet-test-rgps7033/providers/Microsoft.Sql/locations/westcentralus/databaseOperationResults/7c43c4ab-89f5-4c34-bfac-13caa019c581?api-version=2021-05-01-preview"
        ],
        "Retry-After": [
          "15"
        ],
        "Azure-AsyncOperation": [
          "https://management.azure.com/subscriptions/8313371e-0879-428e-b1da-6353575a9192/resourceGroups/sql-dm-cmdlet-test-rgps7033/providers/Microsoft.Sql/locations/westcentralus/databaseAzureAsyncOperation/7c43c4ab-89f5-4c34-bfac-13caa019c581?api-version=2021-05-01-preview"
        ],
        "x-ms-request-id": [
          "7c43c4ab-89f5-4c34-bfac-13caa019c581"
        ],
        "Server": [
          "Microsoft-HTTPAPI/2.0"
        ],
        "x-ms-ratelimit-remaining-subscription-writes": [
          "1198"
        ],
        "x-ms-correlation-request-id": [
          "b3c0ce36-fb1b-465f-9285-8e3e4b21e78d"
        ],
        "x-ms-routing-request-id": [
          "UKSOUTH:20220307T231335Z:b3c0ce36-fb1b-465f-9285-8e3e4b21e78d"
        ],
        "Strict-Transport-Security": [
          "max-age=31536000; includeSubDomains"
        ],
        "X-Content-Type-Options": [
          "nosniff"
        ],
        "Date": [
          "Mon, 07 Mar 2022 23:13:35 GMT"
        ],
        "Content-Length": [
          "76"
        ],
        "Content-Type": [
          "application/json; charset=utf-8"
        ],
        "Expires": [
          "-1"
        ]
      },
      "ResponseBody": "{\r\n  \"operation\": \"CreateLogicalDatabase\",\r\n  \"startTime\": \"2022-03-07T23:13:35.687Z\"\r\n}",
      "StatusCode": 202
    },
    {
      "RequestUri": "/subscriptions/8313371e-0879-428e-b1da-6353575a9192/resourceGroups/sql-dm-cmdlet-test-rgps7033/providers/Microsoft.Sql/locations/westcentralus/databaseAzureAsyncOperation/7c43c4ab-89f5-4c34-bfac-13caa019c581?api-version=2021-05-01-preview",
      "EncodedRequestUri": "L3N1YnNjcmlwdGlvbnMvODMxMzM3MWUtMDg3OS00MjhlLWIxZGEtNjM1MzU3NWE5MTkyL3Jlc291cmNlR3JvdXBzL3NxbC1kbS1jbWRsZXQtdGVzdC1yZ3BzNzAzMy9wcm92aWRlcnMvTWljcm9zb2Z0LlNxbC9sb2NhdGlvbnMvd2VzdGNlbnRyYWx1cy9kYXRhYmFzZUF6dXJlQXN5bmNPcGVyYXRpb24vN2M0M2M0YWItODlmNS00YzM0LWJmYWMtMTNjYWEwMTljNTgxP2FwaS12ZXJzaW9uPTIwMjEtMDUtMDEtcHJldmlldw==",
      "RequestMethod": "GET",
      "RequestBody": "",
      "RequestHeaders": {
        "x-ms-client-request-id": [
          "351a4d77-bef0-4270-a8e6-87f89e9ec198"
        ],
        "User-Agent": [
          "FxVersion/4.700.21.56803",
          "OSName/Windows",
          "OSVersion/Microsoft.Windows.10.0.17763",
          "Microsoft.Azure.Management.Sql.SqlManagementClient/2.0.0.0"
        ]
      },
      "ResponseHeaders": {
        "Cache-Control": [
          "no-cache"
        ],
        "Pragma": [
          "no-cache"
        ],
        "Retry-After": [
          "15"
        ],
        "x-ms-request-id": [
          "51aa48b6-d528-4819-a65f-ec9069d54b03"
        ],
        "Server": [
          "Microsoft-HTTPAPI/2.0"
        ],
        "x-ms-ratelimit-remaining-subscription-reads": [
          "11987"
        ],
        "x-ms-correlation-request-id": [
          "122d4f06-aa5e-452d-8e03-01be486dd6c8"
        ],
        "x-ms-routing-request-id": [
          "UKSOUTH:20220307T231351Z:122d4f06-aa5e-452d-8e03-01be486dd6c8"
        ],
        "Strict-Transport-Security": [
          "max-age=31536000; includeSubDomains"
        ],
        "X-Content-Type-Options": [
          "nosniff"
        ],
        "Date": [
          "Mon, 07 Mar 2022 23:13:50 GMT"
        ],
        "Content-Length": [
          "108"
        ],
        "Content-Type": [
          "application/json; charset=utf-8"
        ],
        "Expires": [
          "-1"
        ]
      },
      "ResponseBody": "{\r\n  \"name\": \"7c43c4ab-89f5-4c34-bfac-13caa019c581\",\r\n  \"status\": \"InProgress\",\r\n  \"startTime\": \"2022-03-07T23:13:35.687Z\"\r\n}",
      "StatusCode": 200
    },
    {
      "RequestUri": "/subscriptions/8313371e-0879-428e-b1da-6353575a9192/resourceGroups/sql-dm-cmdlet-test-rgps7033/providers/Microsoft.Sql/locations/westcentralus/databaseAzureAsyncOperation/7c43c4ab-89f5-4c34-bfac-13caa019c581?api-version=2021-05-01-preview",
      "EncodedRequestUri": "L3N1YnNjcmlwdGlvbnMvODMxMzM3MWUtMDg3OS00MjhlLWIxZGEtNjM1MzU3NWE5MTkyL3Jlc291cmNlR3JvdXBzL3NxbC1kbS1jbWRsZXQtdGVzdC1yZ3BzNzAzMy9wcm92aWRlcnMvTWljcm9zb2Z0LlNxbC9sb2NhdGlvbnMvd2VzdGNlbnRyYWx1cy9kYXRhYmFzZUF6dXJlQXN5bmNPcGVyYXRpb24vN2M0M2M0YWItODlmNS00YzM0LWJmYWMtMTNjYWEwMTljNTgxP2FwaS12ZXJzaW9uPTIwMjEtMDUtMDEtcHJldmlldw==",
      "RequestMethod": "GET",
      "RequestBody": "",
      "RequestHeaders": {
        "x-ms-client-request-id": [
          "351a4d77-bef0-4270-a8e6-87f89e9ec198"
        ],
        "User-Agent": [
          "FxVersion/4.700.21.56803",
          "OSName/Windows",
          "OSVersion/Microsoft.Windows.10.0.17763",
          "Microsoft.Azure.Management.Sql.SqlManagementClient/2.0.0.0"
        ]
      },
      "ResponseHeaders": {
        "Cache-Control": [
          "no-cache"
        ],
        "Pragma": [
          "no-cache"
        ],
        "Retry-After": [
          "15"
        ],
        "x-ms-request-id": [
          "ae029b00-53f8-4f42-b37a-62ac908241e5"
        ],
        "Server": [
          "Microsoft-HTTPAPI/2.0"
        ],
        "x-ms-ratelimit-remaining-subscription-reads": [
          "11986"
        ],
        "x-ms-correlation-request-id": [
          "6cd45bd8-7c4f-4691-9595-591e8af6a997"
        ],
        "x-ms-routing-request-id": [
          "UKSOUTH:20220307T231406Z:6cd45bd8-7c4f-4691-9595-591e8af6a997"
        ],
        "Strict-Transport-Security": [
          "max-age=31536000; includeSubDomains"
        ],
        "X-Content-Type-Options": [
          "nosniff"
        ],
        "Date": [
          "Mon, 07 Mar 2022 23:14:05 GMT"
        ],
        "Content-Length": [
          "108"
        ],
        "Content-Type": [
          "application/json; charset=utf-8"
        ],
        "Expires": [
          "-1"
        ]
      },
      "ResponseBody": "{\r\n  \"name\": \"7c43c4ab-89f5-4c34-bfac-13caa019c581\",\r\n  \"status\": \"InProgress\",\r\n  \"startTime\": \"2022-03-07T23:13:35.687Z\"\r\n}",
      "StatusCode": 200
    },
    {
      "RequestUri": "/subscriptions/8313371e-0879-428e-b1da-6353575a9192/resourceGroups/sql-dm-cmdlet-test-rgps7033/providers/Microsoft.Sql/locations/westcentralus/databaseAzureAsyncOperation/7c43c4ab-89f5-4c34-bfac-13caa019c581?api-version=2021-05-01-preview",
      "EncodedRequestUri": "L3N1YnNjcmlwdGlvbnMvODMxMzM3MWUtMDg3OS00MjhlLWIxZGEtNjM1MzU3NWE5MTkyL3Jlc291cmNlR3JvdXBzL3NxbC1kbS1jbWRsZXQtdGVzdC1yZ3BzNzAzMy9wcm92aWRlcnMvTWljcm9zb2Z0LlNxbC9sb2NhdGlvbnMvd2VzdGNlbnRyYWx1cy9kYXRhYmFzZUF6dXJlQXN5bmNPcGVyYXRpb24vN2M0M2M0YWItODlmNS00YzM0LWJmYWMtMTNjYWEwMTljNTgxP2FwaS12ZXJzaW9uPTIwMjEtMDUtMDEtcHJldmlldw==",
      "RequestMethod": "GET",
      "RequestBody": "",
      "RequestHeaders": {
        "x-ms-client-request-id": [
          "351a4d77-bef0-4270-a8e6-87f89e9ec198"
        ],
        "User-Agent": [
          "FxVersion/4.700.21.56803",
          "OSName/Windows",
          "OSVersion/Microsoft.Windows.10.0.17763",
          "Microsoft.Azure.Management.Sql.SqlManagementClient/2.0.0.0"
        ]
      },
      "ResponseHeaders": {
        "Cache-Control": [
          "no-cache"
        ],
        "Pragma": [
          "no-cache"
        ],
        "Retry-After": [
          "15"
        ],
        "x-ms-request-id": [
          "ad5578d3-2da5-40c6-90a3-17bbbfc28434"
        ],
        "Server": [
          "Microsoft-HTTPAPI/2.0"
        ],
        "x-ms-ratelimit-remaining-subscription-reads": [
          "11985"
        ],
        "x-ms-correlation-request-id": [
          "ad53821a-adc9-4e59-8613-4c80a8303025"
        ],
        "x-ms-routing-request-id": [
          "UKSOUTH:20220307T231421Z:ad53821a-adc9-4e59-8613-4c80a8303025"
        ],
        "Strict-Transport-Security": [
          "max-age=31536000; includeSubDomains"
        ],
        "X-Content-Type-Options": [
          "nosniff"
        ],
        "Date": [
          "Mon, 07 Mar 2022 23:14:20 GMT"
        ],
        "Content-Length": [
          "108"
        ],
        "Content-Type": [
          "application/json; charset=utf-8"
        ],
        "Expires": [
          "-1"
        ]
      },
      "ResponseBody": "{\r\n  \"name\": \"7c43c4ab-89f5-4c34-bfac-13caa019c581\",\r\n  \"status\": \"InProgress\",\r\n  \"startTime\": \"2022-03-07T23:13:35.687Z\"\r\n}",
      "StatusCode": 200
    },
    {
      "RequestUri": "/subscriptions/8313371e-0879-428e-b1da-6353575a9192/resourceGroups/sql-dm-cmdlet-test-rgps7033/providers/Microsoft.Sql/locations/westcentralus/databaseAzureAsyncOperation/7c43c4ab-89f5-4c34-bfac-13caa019c581?api-version=2021-05-01-preview",
      "EncodedRequestUri": "L3N1YnNjcmlwdGlvbnMvODMxMzM3MWUtMDg3OS00MjhlLWIxZGEtNjM1MzU3NWE5MTkyL3Jlc291cmNlR3JvdXBzL3NxbC1kbS1jbWRsZXQtdGVzdC1yZ3BzNzAzMy9wcm92aWRlcnMvTWljcm9zb2Z0LlNxbC9sb2NhdGlvbnMvd2VzdGNlbnRyYWx1cy9kYXRhYmFzZUF6dXJlQXN5bmNPcGVyYXRpb24vN2M0M2M0YWItODlmNS00YzM0LWJmYWMtMTNjYWEwMTljNTgxP2FwaS12ZXJzaW9uPTIwMjEtMDUtMDEtcHJldmlldw==",
      "RequestMethod": "GET",
      "RequestBody": "",
      "RequestHeaders": {
        "x-ms-client-request-id": [
          "351a4d77-bef0-4270-a8e6-87f89e9ec198"
        ],
        "User-Agent": [
          "FxVersion/4.700.21.56803",
          "OSName/Windows",
          "OSVersion/Microsoft.Windows.10.0.17763",
          "Microsoft.Azure.Management.Sql.SqlManagementClient/2.0.0.0"
        ]
      },
      "ResponseHeaders": {
        "Cache-Control": [
          "no-cache"
        ],
        "Pragma": [
          "no-cache"
        ],
        "Retry-After": [
          "15"
        ],
        "x-ms-request-id": [
          "b597b9e5-7a75-4877-8d17-fddd48f1a5a8"
        ],
        "Server": [
          "Microsoft-HTTPAPI/2.0"
        ],
        "x-ms-ratelimit-remaining-subscription-reads": [
          "11984"
        ],
        "x-ms-correlation-request-id": [
          "ffe1a19a-1e0d-45fc-a6bb-e15b4c09a003"
        ],
        "x-ms-routing-request-id": [
          "UKSOUTH:20220307T231436Z:ffe1a19a-1e0d-45fc-a6bb-e15b4c09a003"
        ],
        "Strict-Transport-Security": [
          "max-age=31536000; includeSubDomains"
        ],
        "X-Content-Type-Options": [
          "nosniff"
        ],
        "Date": [
          "Mon, 07 Mar 2022 23:14:35 GMT"
        ],
        "Content-Length": [
          "107"
        ],
        "Content-Type": [
          "application/json; charset=utf-8"
        ],
        "Expires": [
          "-1"
        ]
      },
      "ResponseBody": "{\r\n  \"name\": \"7c43c4ab-89f5-4c34-bfac-13caa019c581\",\r\n  \"status\": \"Succeeded\",\r\n  \"startTime\": \"2022-03-07T23:13:35.687Z\"\r\n}",
      "StatusCode": 200
    },
    {
      "RequestUri": "/subscriptions/8313371e-0879-428e-b1da-6353575a9192/resourceGroups/sql-dm-cmdlet-test-rgps7033/providers/Microsoft.Sql/servers/sql-dm-cmdlet-serverps7033/databases/sql-dm-cmdlet-dbps7033/dataMaskingPolicies/Default?api-version=2014-04-01",
      "EncodedRequestUri": "L3N1YnNjcmlwdGlvbnMvODMxMzM3MWUtMDg3OS00MjhlLWIxZGEtNjM1MzU3NWE5MTkyL3Jlc291cmNlR3JvdXBzL3NxbC1kbS1jbWRsZXQtdGVzdC1yZ3BzNzAzMy9wcm92aWRlcnMvTWljcm9zb2Z0LlNxbC9zZXJ2ZXJzL3NxbC1kbS1jbWRsZXQtc2VydmVycHM3MDMzL2RhdGFiYXNlcy9zcWwtZG0tY21kbGV0LWRicHM3MDMzL2RhdGFNYXNraW5nUG9saWNpZXMvRGVmYXVsdD9hcGktdmVyc2lvbj0yMDE0LTA0LTAx",
      "RequestMethod": "GET",
      "RequestBody": "",
      "RequestHeaders": {
        "User-Agent": [
          "Microsoft.Azure.Management.Sql.LegacySdk.SqlManagementClient/3.7.1.0"
        ]
      },
      "ResponseHeaders": {
        "Cache-Control": [
          "no-store, no-cache"
        ],
        "x-ms-request-id": [
          "5bea713c-bb52-47c8-9c4c-06543fba0830"
        ],
        "X-Content-Type-Options": [
          "nosniff"
        ],
        "DataServiceVersion": [
          "3.0;"
        ],
        "Strict-Transport-Security": [
          "max-age=31536000; includeSubDomains"
        ],
        "Server": [
          "Microsoft-HTTPAPI/2.0"
        ],
        "x-ms-ratelimit-remaining-subscription-reads": [
          "11999"
        ],
        "x-ms-correlation-request-id": [
          "7e65c3c4-ff7b-41cb-bd77-4670d37f3928"
        ],
        "x-ms-routing-request-id": [
          "UKSOUTH:20220307T231440Z:7e65c3c4-ff7b-41cb-bd77-4670d37f3928"
        ],
        "Date": [
          "Mon, 07 Mar 2022 23:14:40 GMT"
        ],
        "Content-Length": [
          "655"
        ],
        "Content-Type": [
          "application/json; odata=minimalmetadata; streaming=true; charset=utf-8"
        ]
      },
      "ResponseBody": "{\r\n  \"id\": \"/subscriptions/8313371e-0879-428e-b1da-6353575a9192/resourceGroups/sql-dm-cmdlet-test-rgps7033/providers/Microsoft.Sql/servers/sql-dm-cmdlet-serverps7033/databases/sql-dm-cmdlet-dbps7033/dataMaskingPolicies/Default\",\r\n  \"name\": \"Default\",\r\n  \"type\": \"Microsoft.Sql/servers/databases/dataMaskingPolicies\",\r\n  \"location\": \"West Central US\",\r\n  \"kind\": null,\r\n  \"managedBy\": \"/subscriptions/8313371e-0879-428e-b1da-6353575a9192/resourceGroups/sql-dm-cmdlet-test-rgps7033/providers/Microsoft.Sql/servers/sql-dm-cmdlet-serverps7033/databases/sql-dm-cmdlet-dbps7033\",\r\n  \"properties\": {\r\n    \"dataMaskingState\": \"Disabled\",\r\n    \"applicationPrincipals\": \"\",\r\n    \"exemptPrincipals\": \"\",\r\n    \"maskingLevel\": \"\"\r\n  }\r\n}",
      "StatusCode": 200
    },
    {
      "RequestUri": "/subscriptions/8313371e-0879-428e-b1da-6353575a9192/resourceGroups/sql-dm-cmdlet-test-rgps7033/providers/Microsoft.Sql/servers/sql-dm-cmdlet-serverps7033/databases/sql-dm-cmdlet-dbps7033/dataMaskingPolicies/Default?api-version=2014-04-01",
      "EncodedRequestUri": "L3N1YnNjcmlwdGlvbnMvODMxMzM3MWUtMDg3OS00MjhlLWIxZGEtNjM1MzU3NWE5MTkyL3Jlc291cmNlR3JvdXBzL3NxbC1kbS1jbWRsZXQtdGVzdC1yZ3BzNzAzMy9wcm92aWRlcnMvTWljcm9zb2Z0LlNxbC9zZXJ2ZXJzL3NxbC1kbS1jbWRsZXQtc2VydmVycHM3MDMzL2RhdGFiYXNlcy9zcWwtZG0tY21kbGV0LWRicHM3MDMzL2RhdGFNYXNraW5nUG9saWNpZXMvRGVmYXVsdD9hcGktdmVyc2lvbj0yMDE0LTA0LTAx",
      "RequestMethod": "GET",
      "RequestBody": "",
      "RequestHeaders": {
        "User-Agent": [
          "Microsoft.Azure.Management.Sql.LegacySdk.SqlManagementClient/3.7.1.0"
        ]
      },
      "ResponseHeaders": {
        "Cache-Control": [
          "no-store, no-cache"
        ],
        "x-ms-request-id": [
          "f6a1fd24-080f-43b5-8aff-a10772b22148"
        ],
        "X-Content-Type-Options": [
          "nosniff"
        ],
        "DataServiceVersion": [
          "3.0;"
        ],
        "Strict-Transport-Security": [
          "max-age=31536000; includeSubDomains"
        ],
        "Server": [
          "Microsoft-HTTPAPI/2.0"
        ],
        "x-ms-ratelimit-remaining-subscription-reads": [
          "11998"
        ],
        "x-ms-correlation-request-id": [
          "64b81212-f6e4-4be3-ba81-89ce9a16253f"
        ],
        "x-ms-routing-request-id": [
          "UKSOUTH:20220307T231441Z:64b81212-f6e4-4be3-ba81-89ce9a16253f"
        ],
        "Date": [
          "Mon, 07 Mar 2022 23:14:40 GMT"
        ],
        "Content-Length": [
          "655"
        ],
        "Content-Type": [
          "application/json; odata=minimalmetadata; streaming=true; charset=utf-8"
        ]
      },
      "ResponseBody": "{\r\n  \"id\": \"/subscriptions/8313371e-0879-428e-b1da-6353575a9192/resourceGroups/sql-dm-cmdlet-test-rgps7033/providers/Microsoft.Sql/servers/sql-dm-cmdlet-serverps7033/databases/sql-dm-cmdlet-dbps7033/dataMaskingPolicies/Default\",\r\n  \"name\": \"Default\",\r\n  \"type\": \"Microsoft.Sql/servers/databases/dataMaskingPolicies\",\r\n  \"location\": \"West Central US\",\r\n  \"kind\": null,\r\n  \"managedBy\": \"/subscriptions/8313371e-0879-428e-b1da-6353575a9192/resourceGroups/sql-dm-cmdlet-test-rgps7033/providers/Microsoft.Sql/servers/sql-dm-cmdlet-serverps7033/databases/sql-dm-cmdlet-dbps7033\",\r\n  \"properties\": {\r\n    \"dataMaskingState\": \"Disabled\",\r\n    \"applicationPrincipals\": \"\",\r\n    \"exemptPrincipals\": \"\",\r\n    \"maskingLevel\": \"\"\r\n  }\r\n}",
      "StatusCode": 200
    },
    {
      "RequestUri": "/subscriptions/8313371e-0879-428e-b1da-6353575a9192/resourceGroups/sql-dm-cmdlet-test-rgps7033/providers/Microsoft.Sql/servers/sql-dm-cmdlet-serverps7033/databases/sql-dm-cmdlet-dbps7033/dataMaskingPolicies/Default?api-version=2014-04-01",
      "EncodedRequestUri": "L3N1YnNjcmlwdGlvbnMvODMxMzM3MWUtMDg3OS00MjhlLWIxZGEtNjM1MzU3NWE5MTkyL3Jlc291cmNlR3JvdXBzL3NxbC1kbS1jbWRsZXQtdGVzdC1yZ3BzNzAzMy9wcm92aWRlcnMvTWljcm9zb2Z0LlNxbC9zZXJ2ZXJzL3NxbC1kbS1jbWRsZXQtc2VydmVycHM3MDMzL2RhdGFiYXNlcy9zcWwtZG0tY21kbGV0LWRicHM3MDMzL2RhdGFNYXNraW5nUG9saWNpZXMvRGVmYXVsdD9hcGktdmVyc2lvbj0yMDE0LTA0LTAx",
      "RequestMethod": "GET",
      "RequestBody": "",
      "RequestHeaders": {
        "User-Agent": [
          "Microsoft.Azure.Management.Sql.LegacySdk.SqlManagementClient/3.7.1.0"
        ]
      },
      "ResponseHeaders": {
        "Cache-Control": [
          "no-store, no-cache"
        ],
        "x-ms-request-id": [
          "1ac07b7a-6810-4ba4-a9d7-57d416078f1f"
        ],
        "X-Content-Type-Options": [
          "nosniff"
        ],
        "DataServiceVersion": [
          "3.0;"
        ],
        "Strict-Transport-Security": [
          "max-age=31536000; includeSubDomains"
        ],
        "Server": [
          "Microsoft-HTTPAPI/2.0"
        ],
        "x-ms-ratelimit-remaining-subscription-reads": [
          "11997"
        ],
        "x-ms-correlation-request-id": [
          "aeb5bdff-73d8-4216-8f36-6bf63fd6ff59"
        ],
        "x-ms-routing-request-id": [
          "UKSOUTH:20220307T231443Z:aeb5bdff-73d8-4216-8f36-6bf63fd6ff59"
        ],
        "Date": [
          "Mon, 07 Mar 2022 23:14:43 GMT"
        ],
        "Content-Length": [
          "661"
        ],
        "Content-Type": [
          "application/json; odata=minimalmetadata; streaming=true; charset=utf-8"
        ]
      },
      "ResponseBody": "{\r\n  \"id\": \"/subscriptions/8313371e-0879-428e-b1da-6353575a9192/resourceGroups/sql-dm-cmdlet-test-rgps7033/providers/Microsoft.Sql/servers/sql-dm-cmdlet-serverps7033/databases/sql-dm-cmdlet-dbps7033/dataMaskingPolicies/Default\",\r\n  \"name\": \"Default\",\r\n  \"type\": \"Microsoft.Sql/servers/databases/dataMaskingPolicies\",\r\n  \"location\": \"West Central US\",\r\n  \"kind\": null,\r\n  \"managedBy\": \"/subscriptions/8313371e-0879-428e-b1da-6353575a9192/resourceGroups/sql-dm-cmdlet-test-rgps7033/providers/Microsoft.Sql/servers/sql-dm-cmdlet-serverps7033/databases/sql-dm-cmdlet-dbps7033\",\r\n  \"properties\": {\r\n    \"dataMaskingState\": \"Enabled\",\r\n    \"applicationPrincipals\": \"\",\r\n    \"exemptPrincipals\": \"public;\",\r\n    \"maskingLevel\": \"\"\r\n  }\r\n}",
      "StatusCode": 200
    },
    {
      "RequestUri": "/subscriptions/8313371e-0879-428e-b1da-6353575a9192/resourceGroups/sql-dm-cmdlet-test-rgps7033/providers/Microsoft.Sql/servers/sql-dm-cmdlet-serverps7033/databases/sql-dm-cmdlet-dbps7033/dataMaskingPolicies/Default?api-version=2014-04-01",
      "EncodedRequestUri": "L3N1YnNjcmlwdGlvbnMvODMxMzM3MWUtMDg3OS00MjhlLWIxZGEtNjM1MzU3NWE5MTkyL3Jlc291cmNlR3JvdXBzL3NxbC1kbS1jbWRsZXQtdGVzdC1yZ3BzNzAzMy9wcm92aWRlcnMvTWljcm9zb2Z0LlNxbC9zZXJ2ZXJzL3NxbC1kbS1jbWRsZXQtc2VydmVycHM3MDMzL2RhdGFiYXNlcy9zcWwtZG0tY21kbGV0LWRicHM3MDMzL2RhdGFNYXNraW5nUG9saWNpZXMvRGVmYXVsdD9hcGktdmVyc2lvbj0yMDE0LTA0LTAx",
      "RequestMethod": "GET",
      "RequestBody": "",
      "RequestHeaders": {
        "User-Agent": [
          "Microsoft.Azure.Management.Sql.LegacySdk.SqlManagementClient/3.7.1.0"
        ]
      },
      "ResponseHeaders": {
        "Cache-Control": [
          "no-store, no-cache"
        ],
        "x-ms-request-id": [
          "8850558b-9a23-43b8-9528-253e8a878f59"
        ],
        "X-Content-Type-Options": [
          "nosniff"
        ],
        "DataServiceVersion": [
          "3.0;"
        ],
        "Strict-Transport-Security": [
          "max-age=31536000; includeSubDomains"
        ],
        "Server": [
          "Microsoft-HTTPAPI/2.0"
        ],
        "x-ms-ratelimit-remaining-subscription-reads": [
          "11996"
        ],
        "x-ms-correlation-request-id": [
          "e5aea945-64a2-4c0c-833c-c7906928dd22"
        ],
        "x-ms-routing-request-id": [
          "UKSOUTH:20220307T231443Z:e5aea945-64a2-4c0c-833c-c7906928dd22"
        ],
        "Date": [
          "Mon, 07 Mar 2022 23:14:43 GMT"
        ],
        "Content-Length": [
          "661"
        ],
        "Content-Type": [
          "application/json; odata=minimalmetadata; streaming=true; charset=utf-8"
        ]
      },
      "ResponseBody": "{\r\n  \"id\": \"/subscriptions/8313371e-0879-428e-b1da-6353575a9192/resourceGroups/sql-dm-cmdlet-test-rgps7033/providers/Microsoft.Sql/servers/sql-dm-cmdlet-serverps7033/databases/sql-dm-cmdlet-dbps7033/dataMaskingPolicies/Default\",\r\n  \"name\": \"Default\",\r\n  \"type\": \"Microsoft.Sql/servers/databases/dataMaskingPolicies\",\r\n  \"location\": \"West Central US\",\r\n  \"kind\": null,\r\n  \"managedBy\": \"/subscriptions/8313371e-0879-428e-b1da-6353575a9192/resourceGroups/sql-dm-cmdlet-test-rgps7033/providers/Microsoft.Sql/servers/sql-dm-cmdlet-serverps7033/databases/sql-dm-cmdlet-dbps7033\",\r\n  \"properties\": {\r\n    \"dataMaskingState\": \"Enabled\",\r\n    \"applicationPrincipals\": \"\",\r\n    \"exemptPrincipals\": \"public;\",\r\n    \"maskingLevel\": \"\"\r\n  }\r\n}",
      "StatusCode": 200
    },
    {
      "RequestUri": "/subscriptions/8313371e-0879-428e-b1da-6353575a9192/resourceGroups/sql-dm-cmdlet-test-rgps7033/providers/Microsoft.Sql/servers/sql-dm-cmdlet-serverps7033/databases/sql-dm-cmdlet-dbps7033/dataMaskingPolicies/Default?api-version=2014-04-01",
      "EncodedRequestUri": "L3N1YnNjcmlwdGlvbnMvODMxMzM3MWUtMDg3OS00MjhlLWIxZGEtNjM1MzU3NWE5MTkyL3Jlc291cmNlR3JvdXBzL3NxbC1kbS1jbWRsZXQtdGVzdC1yZ3BzNzAzMy9wcm92aWRlcnMvTWljcm9zb2Z0LlNxbC9zZXJ2ZXJzL3NxbC1kbS1jbWRsZXQtc2VydmVycHM3MDMzL2RhdGFiYXNlcy9zcWwtZG0tY21kbGV0LWRicHM3MDMzL2RhdGFNYXNraW5nUG9saWNpZXMvRGVmYXVsdD9hcGktdmVyc2lvbj0yMDE0LTA0LTAx",
      "RequestMethod": "GET",
      "RequestBody": "",
      "RequestHeaders": {
        "User-Agent": [
          "Microsoft.Azure.Management.Sql.LegacySdk.SqlManagementClient/3.7.1.0"
        ]
      },
      "ResponseHeaders": {
        "Cache-Control": [
          "no-store, no-cache"
        ],
        "x-ms-request-id": [
          "598b1523-ce85-46f1-9faa-d32a19e7e63c"
        ],
        "X-Content-Type-Options": [
          "nosniff"
        ],
        "DataServiceVersion": [
          "3.0;"
        ],
        "Strict-Transport-Security": [
          "max-age=31536000; includeSubDomains"
        ],
        "Server": [
          "Microsoft-HTTPAPI/2.0"
        ],
        "x-ms-ratelimit-remaining-subscription-reads": [
          "11995"
        ],
        "x-ms-correlation-request-id": [
          "a7e3e58d-b663-4d65-a60d-7655da728456"
        ],
        "x-ms-routing-request-id": [
          "UKSOUTH:20220307T231444Z:a7e3e58d-b663-4d65-a60d-7655da728456"
        ],
        "Date": [
          "Mon, 07 Mar 2022 23:14:44 GMT"
        ],
        "Content-Length": [
          "655"
        ],
        "Content-Type": [
          "application/json; odata=minimalmetadata; streaming=true; charset=utf-8"
        ]
      },
      "ResponseBody": "{\r\n  \"id\": \"/subscriptions/8313371e-0879-428e-b1da-6353575a9192/resourceGroups/sql-dm-cmdlet-test-rgps7033/providers/Microsoft.Sql/servers/sql-dm-cmdlet-serverps7033/databases/sql-dm-cmdlet-dbps7033/dataMaskingPolicies/Default\",\r\n  \"name\": \"Default\",\r\n  \"type\": \"Microsoft.Sql/servers/databases/dataMaskingPolicies\",\r\n  \"location\": \"West Central US\",\r\n  \"kind\": null,\r\n  \"managedBy\": \"/subscriptions/8313371e-0879-428e-b1da-6353575a9192/resourceGroups/sql-dm-cmdlet-test-rgps7033/providers/Microsoft.Sql/servers/sql-dm-cmdlet-serverps7033/databases/sql-dm-cmdlet-dbps7033\",\r\n  \"properties\": {\r\n    \"dataMaskingState\": \"Disabled\",\r\n    \"applicationPrincipals\": \"\",\r\n    \"exemptPrincipals\": \"\",\r\n    \"maskingLevel\": \"\"\r\n  }\r\n}",
      "StatusCode": 200
    },
    {
      "RequestUri": "/subscriptions/8313371e-0879-428e-b1da-6353575a9192/resourceGroups/sql-dm-cmdlet-test-rgps7033/providers/Microsoft.Sql/servers/sql-dm-cmdlet-serverps7033/databases/sql-dm-cmdlet-dbps7033/dataMaskingPolicies/Default?api-version=2014-04-01",
      "EncodedRequestUri": "L3N1YnNjcmlwdGlvbnMvODMxMzM3MWUtMDg3OS00MjhlLWIxZGEtNjM1MzU3NWE5MTkyL3Jlc291cmNlR3JvdXBzL3NxbC1kbS1jbWRsZXQtdGVzdC1yZ3BzNzAzMy9wcm92aWRlcnMvTWljcm9zb2Z0LlNxbC9zZXJ2ZXJzL3NxbC1kbS1jbWRsZXQtc2VydmVycHM3MDMzL2RhdGFiYXNlcy9zcWwtZG0tY21kbGV0LWRicHM3MDMzL2RhdGFNYXNraW5nUG9saWNpZXMvRGVmYXVsdD9hcGktdmVyc2lvbj0yMDE0LTA0LTAx",
      "RequestMethod": "GET",
      "RequestBody": "",
      "RequestHeaders": {
        "User-Agent": [
          "Microsoft.Azure.Management.Sql.LegacySdk.SqlManagementClient/3.7.1.0"
        ]
      },
      "ResponseHeaders": {
        "Cache-Control": [
          "no-store, no-cache"
        ],
        "x-ms-request-id": [
          "8e04f6b3-2e87-4740-a99d-c8ba1d84597a"
        ],
        "X-Content-Type-Options": [
          "nosniff"
        ],
        "DataServiceVersion": [
          "3.0;"
        ],
        "Strict-Transport-Security": [
          "max-age=31536000; includeSubDomains"
        ],
        "Server": [
          "Microsoft-HTTPAPI/2.0"
        ],
        "x-ms-ratelimit-remaining-subscription-reads": [
          "11994"
        ],
        "x-ms-correlation-request-id": [
          "ab8f6a85-4b16-48b5-aeb3-e9ab2e4674f4"
        ],
        "x-ms-routing-request-id": [
          "UKSOUTH:20220307T231445Z:ab8f6a85-4b16-48b5-aeb3-e9ab2e4674f4"
        ],
        "Date": [
          "Mon, 07 Mar 2022 23:14:45 GMT"
        ],
        "Content-Length": [
          "655"
        ],
        "Content-Type": [
          "application/json; odata=minimalmetadata; streaming=true; charset=utf-8"
        ]
      },
      "ResponseBody": "{\r\n  \"id\": \"/subscriptions/8313371e-0879-428e-b1da-6353575a9192/resourceGroups/sql-dm-cmdlet-test-rgps7033/providers/Microsoft.Sql/servers/sql-dm-cmdlet-serverps7033/databases/sql-dm-cmdlet-dbps7033/dataMaskingPolicies/Default\",\r\n  \"name\": \"Default\",\r\n  \"type\": \"Microsoft.Sql/servers/databases/dataMaskingPolicies\",\r\n  \"location\": \"West Central US\",\r\n  \"kind\": null,\r\n  \"managedBy\": \"/subscriptions/8313371e-0879-428e-b1da-6353575a9192/resourceGroups/sql-dm-cmdlet-test-rgps7033/providers/Microsoft.Sql/servers/sql-dm-cmdlet-serverps7033/databases/sql-dm-cmdlet-dbps7033\",\r\n  \"properties\": {\r\n    \"dataMaskingState\": \"Disabled\",\r\n    \"applicationPrincipals\": \"\",\r\n    \"exemptPrincipals\": \"\",\r\n    \"maskingLevel\": \"\"\r\n  }\r\n}",
      "StatusCode": 200
    },
    {
      "RequestUri": "/subscriptions/8313371e-0879-428e-b1da-6353575a9192/resourceGroups/sql-dm-cmdlet-test-rgps7033/providers/Microsoft.Sql/servers/sql-dm-cmdlet-serverps7033/databases/sql-dm-cmdlet-dbps7033/dataMaskingPolicies/Default?api-version=2014-04-01",
      "EncodedRequestUri": "L3N1YnNjcmlwdGlvbnMvODMxMzM3MWUtMDg3OS00MjhlLWIxZGEtNjM1MzU3NWE5MTkyL3Jlc291cmNlR3JvdXBzL3NxbC1kbS1jbWRsZXQtdGVzdC1yZ3BzNzAzMy9wcm92aWRlcnMvTWljcm9zb2Z0LlNxbC9zZXJ2ZXJzL3NxbC1kbS1jbWRsZXQtc2VydmVycHM3MDMzL2RhdGFiYXNlcy9zcWwtZG0tY21kbGV0LWRicHM3MDMzL2RhdGFNYXNraW5nUG9saWNpZXMvRGVmYXVsdD9hcGktdmVyc2lvbj0yMDE0LTA0LTAx",
      "RequestMethod": "GET",
      "RequestBody": "",
      "RequestHeaders": {
        "User-Agent": [
          "Microsoft.Azure.Management.Sql.LegacySdk.SqlManagementClient/3.7.1.0"
        ]
      },
      "ResponseHeaders": {
        "Cache-Control": [
          "no-store, no-cache"
        ],
        "x-ms-request-id": [
          "adb83531-2088-4b6e-a138-342cb38c24ce"
        ],
        "X-Content-Type-Options": [
          "nosniff"
        ],
        "DataServiceVersion": [
          "3.0;"
        ],
        "Strict-Transport-Security": [
          "max-age=31536000; includeSubDomains"
        ],
        "Server": [
          "Microsoft-HTTPAPI/2.0"
        ],
        "x-ms-ratelimit-remaining-subscription-reads": [
          "11993"
        ],
        "x-ms-correlation-request-id": [
          "172ef4f5-13fe-4cac-a9c2-279262dc04d2"
        ],
        "x-ms-routing-request-id": [
          "UKSOUTH:20220307T231446Z:172ef4f5-13fe-4cac-a9c2-279262dc04d2"
        ],
        "Date": [
          "Mon, 07 Mar 2022 23:14:46 GMT"
        ],
        "Content-Length": [
          "655"
        ],
        "Content-Type": [
          "application/json; odata=minimalmetadata; streaming=true; charset=utf-8"
        ]
      },
      "ResponseBody": "{\r\n  \"id\": \"/subscriptions/8313371e-0879-428e-b1da-6353575a9192/resourceGroups/sql-dm-cmdlet-test-rgps7033/providers/Microsoft.Sql/servers/sql-dm-cmdlet-serverps7033/databases/sql-dm-cmdlet-dbps7033/dataMaskingPolicies/Default\",\r\n  \"name\": \"Default\",\r\n  \"type\": \"Microsoft.Sql/servers/databases/dataMaskingPolicies\",\r\n  \"location\": \"West Central US\",\r\n  \"kind\": null,\r\n  \"managedBy\": \"/subscriptions/8313371e-0879-428e-b1da-6353575a9192/resourceGroups/sql-dm-cmdlet-test-rgps7033/providers/Microsoft.Sql/servers/sql-dm-cmdlet-serverps7033/databases/sql-dm-cmdlet-dbps7033\",\r\n  \"properties\": {\r\n    \"dataMaskingState\": \"Disabled\",\r\n    \"applicationPrincipals\": \"\",\r\n    \"exemptPrincipals\": \"\",\r\n    \"maskingLevel\": \"\"\r\n  }\r\n}",
      "StatusCode": 200
    },
    {
      "RequestUri": "/subscriptions/8313371e-0879-428e-b1da-6353575a9192/resourceGroups/sql-dm-cmdlet-test-rgps7033/providers/Microsoft.Sql/servers/sql-dm-cmdlet-serverps7033/databases/sql-dm-cmdlet-dbps7033/dataMaskingPolicies/Default?api-version=2014-04-01",
      "EncodedRequestUri": "L3N1YnNjcmlwdGlvbnMvODMxMzM3MWUtMDg3OS00MjhlLWIxZGEtNjM1MzU3NWE5MTkyL3Jlc291cmNlR3JvdXBzL3NxbC1kbS1jbWRsZXQtdGVzdC1yZ3BzNzAzMy9wcm92aWRlcnMvTWljcm9zb2Z0LlNxbC9zZXJ2ZXJzL3NxbC1kbS1jbWRsZXQtc2VydmVycHM3MDMzL2RhdGFiYXNlcy9zcWwtZG0tY21kbGV0LWRicHM3MDMzL2RhdGFNYXNraW5nUG9saWNpZXMvRGVmYXVsdD9hcGktdmVyc2lvbj0yMDE0LTA0LTAx",
      "RequestMethod": "GET",
      "RequestBody": "",
      "RequestHeaders": {
        "User-Agent": [
          "Microsoft.Azure.Management.Sql.LegacySdk.SqlManagementClient/3.7.1.0"
        ]
      },
      "ResponseHeaders": {
        "Cache-Control": [
          "no-store, no-cache"
        ],
        "x-ms-request-id": [
          "db7ea608-86ce-4b3e-b998-43e724857558"
        ],
        "X-Content-Type-Options": [
          "nosniff"
        ],
        "DataServiceVersion": [
          "3.0;"
        ],
        "Strict-Transport-Security": [
          "max-age=31536000; includeSubDomains"
        ],
        "Server": [
          "Microsoft-HTTPAPI/2.0"
        ],
        "x-ms-ratelimit-remaining-subscription-reads": [
          "11992"
        ],
        "x-ms-correlation-request-id": [
          "eb14ae2f-165c-4e23-acd4-9ce823e5c724"
        ],
        "x-ms-routing-request-id": [
          "UKSOUTH:20220307T231447Z:eb14ae2f-165c-4e23-acd4-9ce823e5c724"
        ],
        "Date": [
          "Mon, 07 Mar 2022 23:14:46 GMT"
        ],
        "Content-Length": [
          "655"
        ],
        "Content-Type": [
          "application/json; odata=minimalmetadata; streaming=true; charset=utf-8"
        ]
      },
      "ResponseBody": "{\r\n  \"id\": \"/subscriptions/8313371e-0879-428e-b1da-6353575a9192/resourceGroups/sql-dm-cmdlet-test-rgps7033/providers/Microsoft.Sql/servers/sql-dm-cmdlet-serverps7033/databases/sql-dm-cmdlet-dbps7033/dataMaskingPolicies/Default\",\r\n  \"name\": \"Default\",\r\n  \"type\": \"Microsoft.Sql/servers/databases/dataMaskingPolicies\",\r\n  \"location\": \"West Central US\",\r\n  \"kind\": null,\r\n  \"managedBy\": \"/subscriptions/8313371e-0879-428e-b1da-6353575a9192/resourceGroups/sql-dm-cmdlet-test-rgps7033/providers/Microsoft.Sql/servers/sql-dm-cmdlet-serverps7033/databases/sql-dm-cmdlet-dbps7033\",\r\n  \"properties\": {\r\n    \"dataMaskingState\": \"Disabled\",\r\n    \"applicationPrincipals\": \"\",\r\n    \"exemptPrincipals\": \"\",\r\n    \"maskingLevel\": \"\"\r\n  }\r\n}",
      "StatusCode": 200
    },
    {
      "RequestUri": "/subscriptions/8313371e-0879-428e-b1da-6353575a9192/resourceGroups/sql-dm-cmdlet-test-rgps7033/providers/Microsoft.Sql/servers/sql-dm-cmdlet-serverps7033/databases/sql-dm-cmdlet-dbps7033/dataMaskingPolicies/Default?api-version=2014-04-01",
      "EncodedRequestUri": "L3N1YnNjcmlwdGlvbnMvODMxMzM3MWUtMDg3OS00MjhlLWIxZGEtNjM1MzU3NWE5MTkyL3Jlc291cmNlR3JvdXBzL3NxbC1kbS1jbWRsZXQtdGVzdC1yZ3BzNzAzMy9wcm92aWRlcnMvTWljcm9zb2Z0LlNxbC9zZXJ2ZXJzL3NxbC1kbS1jbWRsZXQtc2VydmVycHM3MDMzL2RhdGFiYXNlcy9zcWwtZG0tY21kbGV0LWRicHM3MDMzL2RhdGFNYXNraW5nUG9saWNpZXMvRGVmYXVsdD9hcGktdmVyc2lvbj0yMDE0LTA0LTAx",
      "RequestMethod": "GET",
      "RequestBody": "",
      "RequestHeaders": {
        "User-Agent": [
          "Microsoft.Azure.Management.Sql.LegacySdk.SqlManagementClient/3.7.1.0"
        ]
      },
      "ResponseHeaders": {
        "Cache-Control": [
          "no-store, no-cache"
        ],
        "x-ms-request-id": [
          "bc812ca9-006b-422b-85c5-b96d35a19587"
        ],
        "X-Content-Type-Options": [
          "nosniff"
        ],
        "DataServiceVersion": [
          "3.0;"
        ],
        "Strict-Transport-Security": [
          "max-age=31536000; includeSubDomains"
        ],
        "Server": [
          "Microsoft-HTTPAPI/2.0"
        ],
        "x-ms-ratelimit-remaining-subscription-reads": [
          "11991"
        ],
        "x-ms-correlation-request-id": [
          "2de9e124-f07f-4ee3-aa46-c96031893ca8"
        ],
        "x-ms-routing-request-id": [
          "UKSOUTH:20220307T231448Z:2de9e124-f07f-4ee3-aa46-c96031893ca8"
        ],
        "Date": [
          "Mon, 07 Mar 2022 23:14:47 GMT"
        ],
        "Content-Length": [
          "655"
        ],
        "Content-Type": [
          "application/json; odata=minimalmetadata; streaming=true; charset=utf-8"
        ]
      },
      "ResponseBody": "{\r\n  \"id\": \"/subscriptions/8313371e-0879-428e-b1da-6353575a9192/resourceGroups/sql-dm-cmdlet-test-rgps7033/providers/Microsoft.Sql/servers/sql-dm-cmdlet-serverps7033/databases/sql-dm-cmdlet-dbps7033/dataMaskingPolicies/Default\",\r\n  \"name\": \"Default\",\r\n  \"type\": \"Microsoft.Sql/servers/databases/dataMaskingPolicies\",\r\n  \"location\": \"West Central US\",\r\n  \"kind\": null,\r\n  \"managedBy\": \"/subscriptions/8313371e-0879-428e-b1da-6353575a9192/resourceGroups/sql-dm-cmdlet-test-rgps7033/providers/Microsoft.Sql/servers/sql-dm-cmdlet-serverps7033/databases/sql-dm-cmdlet-dbps7033\",\r\n  \"properties\": {\r\n    \"dataMaskingState\": \"Disabled\",\r\n    \"applicationPrincipals\": \"\",\r\n    \"exemptPrincipals\": \"\",\r\n    \"maskingLevel\": \"\"\r\n  }\r\n}",
      "StatusCode": 200
    },
    {
      "RequestUri": "/subscriptions/8313371e-0879-428e-b1da-6353575a9192/resourceGroups/sql-dm-cmdlet-test-rgps7033/providers/Microsoft.Sql/servers/sql-dm-cmdlet-serverps7033/databases/sql-dm-cmdlet-dbps7033/dataMaskingPolicies/Default?api-version=2014-04-01",
      "EncodedRequestUri": "L3N1YnNjcmlwdGlvbnMvODMxMzM3MWUtMDg3OS00MjhlLWIxZGEtNjM1MzU3NWE5MTkyL3Jlc291cmNlR3JvdXBzL3NxbC1kbS1jbWRsZXQtdGVzdC1yZ3BzNzAzMy9wcm92aWRlcnMvTWljcm9zb2Z0LlNxbC9zZXJ2ZXJzL3NxbC1kbS1jbWRsZXQtc2VydmVycHM3MDMzL2RhdGFiYXNlcy9zcWwtZG0tY21kbGV0LWRicHM3MDMzL2RhdGFNYXNraW5nUG9saWNpZXMvRGVmYXVsdD9hcGktdmVyc2lvbj0yMDE0LTA0LTAx",
      "RequestMethod": "GET",
      "RequestBody": "",
      "RequestHeaders": {
        "User-Agent": [
          "Microsoft.Azure.Management.Sql.LegacySdk.SqlManagementClient/3.7.1.0"
        ]
      },
      "ResponseHeaders": {
        "Cache-Control": [
          "no-store, no-cache"
        ],
        "x-ms-request-id": [
          "42845666-744a-4b83-a0d5-a709dfc4e4d3"
        ],
        "X-Content-Type-Options": [
          "nosniff"
        ],
        "DataServiceVersion": [
          "3.0;"
        ],
        "Strict-Transport-Security": [
          "max-age=31536000; includeSubDomains"
        ],
        "Server": [
          "Microsoft-HTTPAPI/2.0"
        ],
        "x-ms-ratelimit-remaining-subscription-reads": [
          "11990"
        ],
        "x-ms-correlation-request-id": [
          "7fbf36dc-3893-4c76-b744-a9a027f38b63"
        ],
        "x-ms-routing-request-id": [
          "UKSOUTH:20220307T231448Z:7fbf36dc-3893-4c76-b744-a9a027f38b63"
        ],
        "Date": [
          "Mon, 07 Mar 2022 23:14:48 GMT"
        ],
        "Content-Length": [
          "655"
        ],
        "Content-Type": [
          "application/json; odata=minimalmetadata; streaming=true; charset=utf-8"
        ]
      },
      "ResponseBody": "{\r\n  \"id\": \"/subscriptions/8313371e-0879-428e-b1da-6353575a9192/resourceGroups/sql-dm-cmdlet-test-rgps7033/providers/Microsoft.Sql/servers/sql-dm-cmdlet-serverps7033/databases/sql-dm-cmdlet-dbps7033/dataMaskingPolicies/Default\",\r\n  \"name\": \"Default\",\r\n  \"type\": \"Microsoft.Sql/servers/databases/dataMaskingPolicies\",\r\n  \"location\": \"West Central US\",\r\n  \"kind\": null,\r\n  \"managedBy\": \"/subscriptions/8313371e-0879-428e-b1da-6353575a9192/resourceGroups/sql-dm-cmdlet-test-rgps7033/providers/Microsoft.Sql/servers/sql-dm-cmdlet-serverps7033/databases/sql-dm-cmdlet-dbps7033\",\r\n  \"properties\": {\r\n    \"dataMaskingState\": \"Disabled\",\r\n    \"applicationPrincipals\": \"\",\r\n    \"exemptPrincipals\": \"\",\r\n    \"maskingLevel\": \"\"\r\n  }\r\n}",
      "StatusCode": 200
    },
    {
      "RequestUri": "/subscriptions/8313371e-0879-428e-b1da-6353575a9192/resourceGroups/sql-dm-cmdlet-test-rgps7033/providers/Microsoft.Sql/servers/sql-dm-cmdlet-serverps7033/databases/sql-dm-cmdlet-dbps7033/dataMaskingPolicies/Default?api-version=2014-04-01",
      "EncodedRequestUri": "L3N1YnNjcmlwdGlvbnMvODMxMzM3MWUtMDg3OS00MjhlLWIxZGEtNjM1MzU3NWE5MTkyL3Jlc291cmNlR3JvdXBzL3NxbC1kbS1jbWRsZXQtdGVzdC1yZ3BzNzAzMy9wcm92aWRlcnMvTWljcm9zb2Z0LlNxbC9zZXJ2ZXJzL3NxbC1kbS1jbWRsZXQtc2VydmVycHM3MDMzL2RhdGFiYXNlcy9zcWwtZG0tY21kbGV0LWRicHM3MDMzL2RhdGFNYXNraW5nUG9saWNpZXMvRGVmYXVsdD9hcGktdmVyc2lvbj0yMDE0LTA0LTAx",
      "RequestMethod": "GET",
      "RequestBody": "",
      "RequestHeaders": {
        "User-Agent": [
          "Microsoft.Azure.Management.Sql.LegacySdk.SqlManagementClient/3.7.1.0"
        ]
      },
      "ResponseHeaders": {
        "Cache-Control": [
          "no-store, no-cache"
        ],
        "x-ms-request-id": [
          "249bde19-416f-44b2-a607-eae9c591ef97"
        ],
        "X-Content-Type-Options": [
          "nosniff"
        ],
        "DataServiceVersion": [
          "3.0;"
        ],
        "Strict-Transport-Security": [
          "max-age=31536000; includeSubDomains"
        ],
        "Server": [
          "Microsoft-HTTPAPI/2.0"
        ],
        "x-ms-ratelimit-remaining-subscription-reads": [
          "11989"
        ],
        "x-ms-correlation-request-id": [
          "01579c1c-10f8-4a9e-ac98-ff9edab931eb"
        ],
        "x-ms-routing-request-id": [
          "UKSOUTH:20220307T231449Z:01579c1c-10f8-4a9e-ac98-ff9edab931eb"
        ],
        "Date": [
          "Mon, 07 Mar 2022 23:14:49 GMT"
        ],
        "Content-Length": [
          "655"
        ],
        "Content-Type": [
          "application/json; odata=minimalmetadata; streaming=true; charset=utf-8"
        ]
      },
      "ResponseBody": "{\r\n  \"id\": \"/subscriptions/8313371e-0879-428e-b1da-6353575a9192/resourceGroups/sql-dm-cmdlet-test-rgps7033/providers/Microsoft.Sql/servers/sql-dm-cmdlet-serverps7033/databases/sql-dm-cmdlet-dbps7033/dataMaskingPolicies/Default\",\r\n  \"name\": \"Default\",\r\n  \"type\": \"Microsoft.Sql/servers/databases/dataMaskingPolicies\",\r\n  \"location\": \"West Central US\",\r\n  \"kind\": null,\r\n  \"managedBy\": \"/subscriptions/8313371e-0879-428e-b1da-6353575a9192/resourceGroups/sql-dm-cmdlet-test-rgps7033/providers/Microsoft.Sql/servers/sql-dm-cmdlet-serverps7033/databases/sql-dm-cmdlet-dbps7033\",\r\n  \"properties\": {\r\n    \"dataMaskingState\": \"Disabled\",\r\n    \"applicationPrincipals\": \"\",\r\n    \"exemptPrincipals\": \"\",\r\n    \"maskingLevel\": \"\"\r\n  }\r\n}",
      "StatusCode": 200
    },
    {
      "RequestUri": "/subscriptions/8313371e-0879-428e-b1da-6353575a9192/resourceGroups/sql-dm-cmdlet-test-rgps7033/providers/Microsoft.Sql/servers/sql-dm-cmdlet-serverps7033/databases/sql-dm-cmdlet-dbps7033/dataMaskingPolicies/Default?api-version=2014-04-01",
      "EncodedRequestUri": "L3N1YnNjcmlwdGlvbnMvODMxMzM3MWUtMDg3OS00MjhlLWIxZGEtNjM1MzU3NWE5MTkyL3Jlc291cmNlR3JvdXBzL3NxbC1kbS1jbWRsZXQtdGVzdC1yZ3BzNzAzMy9wcm92aWRlcnMvTWljcm9zb2Z0LlNxbC9zZXJ2ZXJzL3NxbC1kbS1jbWRsZXQtc2VydmVycHM3MDMzL2RhdGFiYXNlcy9zcWwtZG0tY21kbGV0LWRicHM3MDMzL2RhdGFNYXNraW5nUG9saWNpZXMvRGVmYXVsdD9hcGktdmVyc2lvbj0yMDE0LTA0LTAx",
      "RequestMethod": "PUT",
      "RequestBody": "{\r\n  \"properties\": {\r\n    \"dataMaskingState\": \"Enabled\",\r\n    \"exemptPrincipals\": \"public\"\r\n  }\r\n}",
      "RequestHeaders": {
        "User-Agent": [
          "Microsoft.Azure.Management.Sql.LegacySdk.SqlManagementClient/3.7.1.0"
        ],
        "Content-Type": [
          "application/json; charset=utf-8"
        ],
        "Content-Length": [
          "98"
        ]
      },
      "ResponseHeaders": {
        "Cache-Control": [
          "no-store, no-cache"
        ],
        "x-ms-request-id": [
          "b5f36528-9f46-4a22-8744-f54f839731a7"
        ],
        "X-Content-Type-Options": [
          "nosniff"
        ],
        "Preference-Applied": [
          "return-content"
        ],
        "DataServiceVersion": [
          "3.0;"
        ],
        "Strict-Transport-Security": [
          "max-age=31536000; includeSubDomains"
        ],
        "Server": [
          "Microsoft-HTTPAPI/2.0"
        ],
        "x-ms-ratelimit-remaining-subscription-writes": [
          "1199"
        ],
        "x-ms-correlation-request-id": [
          "a4c38f05-f1f8-4214-ba6e-e9381c335a17"
        ],
        "x-ms-routing-request-id": [
          "UKSOUTH:20220307T231442Z:a4c38f05-f1f8-4214-ba6e-e9381c335a17"
        ],
        "Date": [
          "Mon, 07 Mar 2022 23:14:42 GMT"
        ],
        "Content-Length": [
          "467"
        ],
        "Content-Type": [
          "application/json; odata=minimalmetadata; streaming=true; charset=utf-8"
        ]
      },
      "ResponseBody": "{\r\n  \"id\": \"/subscriptions/8313371e-0879-428e-b1da-6353575a9192/resourceGroups/sql-dm-cmdlet-test-rgps7033/providers/Microsoft.Sql/servers/sql-dm-cmdlet-serverps7033/databases/sql-dm-cmdlet-dbps7033/dataMaskingPolicies/Default\",\r\n  \"name\": \"Default\",\r\n  \"type\": \"Microsoft.Sql/servers/databases/dataMaskingPolicies\",\r\n  \"location\": null,\r\n  \"kind\": null,\r\n  \"managedBy\": null,\r\n  \"properties\": {\r\n    \"dataMaskingState\": \"Enabled\",\r\n    \"applicationPrincipals\": null,\r\n    \"exemptPrincipals\": \"public\",\r\n    \"maskingLevel\": null\r\n  }\r\n}",
      "StatusCode": 200
    },
    {
      "RequestUri": "/subscriptions/8313371e-0879-428e-b1da-6353575a9192/resourceGroups/sql-dm-cmdlet-test-rgps7033/providers/Microsoft.Sql/servers/sql-dm-cmdlet-serverps7033/databases/sql-dm-cmdlet-dbps7033/dataMaskingPolicies/Default?api-version=2014-04-01",
      "EncodedRequestUri": "L3N1YnNjcmlwdGlvbnMvODMxMzM3MWUtMDg3OS00MjhlLWIxZGEtNjM1MzU3NWE5MTkyL3Jlc291cmNlR3JvdXBzL3NxbC1kbS1jbWRsZXQtdGVzdC1yZ3BzNzAzMy9wcm92aWRlcnMvTWljcm9zb2Z0LlNxbC9zZXJ2ZXJzL3NxbC1kbS1jbWRsZXQtc2VydmVycHM3MDMzL2RhdGFiYXNlcy9zcWwtZG0tY21kbGV0LWRicHM3MDMzL2RhdGFNYXNraW5nUG9saWNpZXMvRGVmYXVsdD9hcGktdmVyc2lvbj0yMDE0LTA0LTAx",
      "RequestMethod": "PUT",
      "RequestBody": "{\r\n  \"properties\": {\r\n    \"dataMaskingState\": \"Enabled\",\r\n    \"exemptPrincipals\": \"\"\r\n  }\r\n}",
      "RequestHeaders": {
        "User-Agent": [
          "Microsoft.Azure.Management.Sql.LegacySdk.SqlManagementClient/3.7.1.0"
        ],
        "Content-Type": [
          "application/json; charset=utf-8"
        ],
        "Content-Length": [
          "92"
        ]
      },
      "ResponseHeaders": {
        "Cache-Control": [
          "no-store, no-cache"
        ],
        "x-ms-request-id": [
          "ef7be605-7eac-4d07-ada5-49c860745be4"
        ],
        "X-Content-Type-Options": [
          "nosniff"
        ],
        "Preference-Applied": [
          "return-content"
        ],
        "DataServiceVersion": [
          "3.0;"
        ],
        "Strict-Transport-Security": [
          "max-age=31536000; includeSubDomains"
        ],
        "Server": [
          "Microsoft-HTTPAPI/2.0"
        ],
        "x-ms-ratelimit-remaining-subscription-writes": [
          "1198"
        ],
        "x-ms-correlation-request-id": [
          "a7f6a1e9-6c7e-4ad8-a87b-97973d54f79a"
        ],
        "x-ms-routing-request-id": [
          "UKSOUTH:20220307T231444Z:a7f6a1e9-6c7e-4ad8-a87b-97973d54f79a"
        ],
        "Date": [
          "Mon, 07 Mar 2022 23:14:44 GMT"
        ],
        "Content-Length": [
          "461"
        ],
        "Content-Type": [
          "application/json; odata=minimalmetadata; streaming=true; charset=utf-8"
        ]
      },
      "ResponseBody": "{\r\n  \"id\": \"/subscriptions/8313371e-0879-428e-b1da-6353575a9192/resourceGroups/sql-dm-cmdlet-test-rgps7033/providers/Microsoft.Sql/servers/sql-dm-cmdlet-serverps7033/databases/sql-dm-cmdlet-dbps7033/dataMaskingPolicies/Default\",\r\n  \"name\": \"Default\",\r\n  \"type\": \"Microsoft.Sql/servers/databases/dataMaskingPolicies\",\r\n  \"location\": null,\r\n  \"kind\": null,\r\n  \"managedBy\": null,\r\n  \"properties\": {\r\n    \"dataMaskingState\": \"Enabled\",\r\n    \"applicationPrincipals\": null,\r\n    \"exemptPrincipals\": \"\",\r\n    \"maskingLevel\": null\r\n  }\r\n}",
      "StatusCode": 200
    },
    {
      "RequestUri": "/subscriptions/8313371e-0879-428e-b1da-6353575a9192/resourceGroups/sql-dm-cmdlet-test-rgps7033/providers/Microsoft.Sql/servers/sql-dm-cmdlet-serverps7033/databases/sql-dm-cmdlet-dbps7033/dataMaskingPolicies/Default?api-version=2014-04-01",
      "EncodedRequestUri": "L3N1YnNjcmlwdGlvbnMvODMxMzM3MWUtMDg3OS00MjhlLWIxZGEtNjM1MzU3NWE5MTkyL3Jlc291cmNlR3JvdXBzL3NxbC1kbS1jbWRsZXQtdGVzdC1yZ3BzNzAzMy9wcm92aWRlcnMvTWljcm9zb2Z0LlNxbC9zZXJ2ZXJzL3NxbC1kbS1jbWRsZXQtc2VydmVycHM3MDMzL2RhdGFiYXNlcy9zcWwtZG0tY21kbGV0LWRicHM3MDMzL2RhdGFNYXNraW5nUG9saWNpZXMvRGVmYXVsdD9hcGktdmVyc2lvbj0yMDE0LTA0LTAx",
      "RequestMethod": "PUT",
      "RequestBody": "{\r\n  \"properties\": {\r\n    \"dataMaskingState\": \"Disabled\",\r\n    \"exemptPrincipals\": \"\"\r\n  }\r\n}",
      "RequestHeaders": {
        "User-Agent": [
          "Microsoft.Azure.Management.Sql.LegacySdk.SqlManagementClient/3.7.1.0"
        ],
        "Content-Type": [
          "application/json; charset=utf-8"
        ],
        "Content-Length": [
          "93"
        ]
      },
      "ResponseHeaders": {
        "Cache-Control": [
          "no-store, no-cache"
        ],
        "x-ms-request-id": [
          "ad94522f-2229-4ad1-860e-ea888e5a1304"
        ],
        "X-Content-Type-Options": [
          "nosniff"
        ],
        "Preference-Applied": [
          "return-content"
        ],
        "DataServiceVersion": [
          "3.0;"
        ],
        "Strict-Transport-Security": [
          "max-age=31536000; includeSubDomains"
        ],
        "Server": [
          "Microsoft-HTTPAPI/2.0"
        ],
        "x-ms-ratelimit-remaining-subscription-writes": [
          "1197"
        ],
        "x-ms-correlation-request-id": [
          "4cd23665-b6e8-477c-9b4e-76913e90dc65"
        ],
        "x-ms-routing-request-id": [
          "UKSOUTH:20220307T231446Z:4cd23665-b6e8-477c-9b4e-76913e90dc65"
        ],
        "Date": [
          "Mon, 07 Mar 2022 23:14:45 GMT"
        ],
        "Content-Length": [
          "462"
        ],
        "Content-Type": [
          "application/json; odata=minimalmetadata; streaming=true; charset=utf-8"
        ]
      },
      "ResponseBody": "{\r\n  \"id\": \"/subscriptions/8313371e-0879-428e-b1da-6353575a9192/resourceGroups/sql-dm-cmdlet-test-rgps7033/providers/Microsoft.Sql/servers/sql-dm-cmdlet-serverps7033/databases/sql-dm-cmdlet-dbps7033/dataMaskingPolicies/Default\",\r\n  \"name\": \"Default\",\r\n  \"type\": \"Microsoft.Sql/servers/databases/dataMaskingPolicies\",\r\n  \"location\": null,\r\n  \"kind\": null,\r\n  \"managedBy\": null,\r\n  \"properties\": {\r\n    \"dataMaskingState\": \"Disabled\",\r\n    \"applicationPrincipals\": null,\r\n    \"exemptPrincipals\": \"\",\r\n    \"maskingLevel\": null\r\n  }\r\n}",
      "StatusCode": 200
    },
    {
      "RequestUri": "/subscriptions/8313371e-0879-428e-b1da-6353575a9192/resourceGroups/sql-dm-cmdlet-test-rgps7033/providers/Microsoft.Sql/servers/sql-dm-cmdlet-serverps7033/databases/sql-dm-cmdlet-dbps7033/dataMaskingPolicies/Default?api-version=2014-04-01",
      "EncodedRequestUri": "L3N1YnNjcmlwdGlvbnMvODMxMzM3MWUtMDg3OS00MjhlLWIxZGEtNjM1MzU3NWE5MTkyL3Jlc291cmNlR3JvdXBzL3NxbC1kbS1jbWRsZXQtdGVzdC1yZ3BzNzAzMy9wcm92aWRlcnMvTWljcm9zb2Z0LlNxbC9zZXJ2ZXJzL3NxbC1kbS1jbWRsZXQtc2VydmVycHM3MDMzL2RhdGFiYXNlcy9zcWwtZG0tY21kbGV0LWRicHM3MDMzL2RhdGFNYXNraW5nUG9saWNpZXMvRGVmYXVsdD9hcGktdmVyc2lvbj0yMDE0LTA0LTAx",
      "RequestMethod": "PUT",
      "RequestBody": "{\r\n  \"properties\": {\r\n    \"dataMaskingState\": \"Disabled\",\r\n    \"exemptPrincipals\": \"public\"\r\n  }\r\n}",
      "RequestHeaders": {
        "User-Agent": [
          "Microsoft.Azure.Management.Sql.LegacySdk.SqlManagementClient/3.7.1.0"
        ],
        "Content-Type": [
          "application/json; charset=utf-8"
        ],
        "Content-Length": [
          "99"
        ]
      },
      "ResponseHeaders": {
        "Cache-Control": [
          "no-store, no-cache"
        ],
        "x-ms-request-id": [
          "1ceeefaf-ffcf-4d0a-bc04-7e252c3b25cf"
        ],
        "X-Content-Type-Options": [
          "nosniff"
        ],
        "Preference-Applied": [
          "return-content"
        ],
        "DataServiceVersion": [
          "3.0;"
        ],
        "Strict-Transport-Security": [
          "max-age=31536000; includeSubDomains"
        ],
        "Server": [
          "Microsoft-HTTPAPI/2.0"
        ],
        "x-ms-ratelimit-remaining-subscription-writes": [
          "1196"
        ],
        "x-ms-correlation-request-id": [
          "c69aab26-df31-422b-9ea9-fa04179b38f6"
        ],
        "x-ms-routing-request-id": [
          "UKSOUTH:20220307T231447Z:c69aab26-df31-422b-9ea9-fa04179b38f6"
        ],
        "Date": [
          "Mon, 07 Mar 2022 23:14:47 GMT"
        ],
        "Content-Length": [
          "468"
        ],
        "Content-Type": [
          "application/json; odata=minimalmetadata; streaming=true; charset=utf-8"
        ]
      },
      "ResponseBody": "{\r\n  \"id\": \"/subscriptions/8313371e-0879-428e-b1da-6353575a9192/resourceGroups/sql-dm-cmdlet-test-rgps7033/providers/Microsoft.Sql/servers/sql-dm-cmdlet-serverps7033/databases/sql-dm-cmdlet-dbps7033/dataMaskingPolicies/Default\",\r\n  \"name\": \"Default\",\r\n  \"type\": \"Microsoft.Sql/servers/databases/dataMaskingPolicies\",\r\n  \"location\": null,\r\n  \"kind\": null,\r\n  \"managedBy\": null,\r\n  \"properties\": {\r\n    \"dataMaskingState\": \"Disabled\",\r\n    \"applicationPrincipals\": null,\r\n    \"exemptPrincipals\": \"public\",\r\n    \"maskingLevel\": null\r\n  }\r\n}",
      "StatusCode": 200
    },
    {
      "RequestUri": "/subscriptions/8313371e-0879-428e-b1da-6353575a9192/resourceGroups/sql-dm-cmdlet-test-rgps7033/providers/Microsoft.Sql/servers/sql-dm-cmdlet-serverps7033/databases/sql-dm-cmdlet-dbps7033/dataMaskingPolicies/Default?api-version=2014-04-01",
      "EncodedRequestUri": "L3N1YnNjcmlwdGlvbnMvODMxMzM3MWUtMDg3OS00MjhlLWIxZGEtNjM1MzU3NWE5MTkyL3Jlc291cmNlR3JvdXBzL3NxbC1kbS1jbWRsZXQtdGVzdC1yZ3BzNzAzMy9wcm92aWRlcnMvTWljcm9zb2Z0LlNxbC9zZXJ2ZXJzL3NxbC1kbS1jbWRsZXQtc2VydmVycHM3MDMzL2RhdGFiYXNlcy9zcWwtZG0tY21kbGV0LWRicHM3MDMzL2RhdGFNYXNraW5nUG9saWNpZXMvRGVmYXVsdD9hcGktdmVyc2lvbj0yMDE0LTA0LTAx",
      "RequestMethod": "PUT",
      "RequestBody": "{\r\n  \"properties\": {\r\n    \"dataMaskingState\": \"Disabled\",\r\n    \"exemptPrincipals\": \"\"\r\n  }\r\n}",
      "RequestHeaders": {
        "User-Agent": [
          "Microsoft.Azure.Management.Sql.LegacySdk.SqlManagementClient/3.7.1.0"
        ],
        "Content-Type": [
          "application/json; charset=utf-8"
        ],
        "Content-Length": [
          "93"
        ]
      },
      "ResponseHeaders": {
        "Cache-Control": [
          "no-store, no-cache"
        ],
        "x-ms-request-id": [
          "0831b18d-5b16-4fed-a754-10ee246b1ed9"
        ],
        "X-Content-Type-Options": [
          "nosniff"
        ],
        "Preference-Applied": [
          "return-content"
        ],
        "DataServiceVersion": [
          "3.0;"
        ],
        "Strict-Transport-Security": [
          "max-age=31536000; includeSubDomains"
        ],
        "Server": [
          "Microsoft-HTTPAPI/2.0"
        ],
        "x-ms-ratelimit-remaining-subscription-writes": [
          "1195"
        ],
        "x-ms-correlation-request-id": [
          "7ebb1a5e-6838-4feb-a789-b3999fad395c"
        ],
        "x-ms-routing-request-id": [
          "UKSOUTH:20220307T231449Z:7ebb1a5e-6838-4feb-a789-b3999fad395c"
        ],
        "Date": [
          "Mon, 07 Mar 2022 23:14:49 GMT"
        ],
        "Content-Length": [
          "462"
        ],
        "Content-Type": [
          "application/json; odata=minimalmetadata; streaming=true; charset=utf-8"
        ]
      },
      "ResponseBody": "{\r\n  \"id\": \"/subscriptions/8313371e-0879-428e-b1da-6353575a9192/resourceGroups/sql-dm-cmdlet-test-rgps7033/providers/Microsoft.Sql/servers/sql-dm-cmdlet-serverps7033/databases/sql-dm-cmdlet-dbps7033/dataMaskingPolicies/Default\",\r\n  \"name\": \"Default\",\r\n  \"type\": \"Microsoft.Sql/servers/databases/dataMaskingPolicies\",\r\n  \"location\": null,\r\n  \"kind\": null,\r\n  \"managedBy\": null,\r\n  \"properties\": {\r\n    \"dataMaskingState\": \"Disabled\",\r\n    \"applicationPrincipals\": null,\r\n    \"exemptPrincipals\": \"\",\r\n    \"maskingLevel\": null\r\n  }\r\n}",
      "StatusCode": 200
    },
    {
      "RequestUri": "/subscriptions/8313371e-0879-428e-b1da-6353575a9192/resourcegroups/sql-dm-cmdlet-test-rgps7033?api-version=2016-09-01",
      "EncodedRequestUri": "L3N1YnNjcmlwdGlvbnMvODMxMzM3MWUtMDg3OS00MjhlLWIxZGEtNjM1MzU3NWE5MTkyL3Jlc291cmNlZ3JvdXBzL3NxbC1kbS1jbWRsZXQtdGVzdC1yZ3BzNzAzMz9hcGktdmVyc2lvbj0yMDE2LTA5LTAx",
      "RequestMethod": "DELETE",
      "RequestBody": "",
      "RequestHeaders": {
        "x-ms-client-request-id": [
          "aefc0a6d-9c08-4973-937a-dbc2589c5ae6"
        ],
        "Accept-Language": [
          "en-US"
        ],
        "User-Agent": [
          "FxVersion/4.700.21.56803",
          "OSName/Windows",
          "OSVersion/Microsoft.Windows.10.0.17763",
          "Microsoft.Azure.Management.Internal.Resources.ResourceManagementClient/1.3.56"
        ]
      },
      "ResponseHeaders": {
        "Cache-Control": [
          "no-cache"
        ],
        "Pragma": [
          "no-cache"
        ],
        "Location": [
          "https://management.azure.com/subscriptions/8313371e-0879-428e-b1da-6353575a9192/operationresults/eyJqb2JJZCI6IlJFU09VUkNFR1JPVVBERUxFVElPTkpPQi1TUUw6MkRETToyRENNRExFVDoyRFRFU1Q6MkRSR1BTNzAzMy1XRVNUQ0VOVFJBTFVTIiwiam9iTG9jYXRpb24iOiJ3ZXN0Y2VudHJhbHVzIn0?api-version=2016-09-01"
        ],
        "Retry-After": [
          "15"
        ],
        "x-ms-ratelimit-remaining-subscription-deletes": [
          "14999"
        ],
        "x-ms-request-id": [
          "df7f3873-d65c-41f2-afde-ac8b0ee3b7ef"
        ],
        "x-ms-correlation-request-id": [
          "df7f3873-d65c-41f2-afde-ac8b0ee3b7ef"
        ],
        "x-ms-routing-request-id": [
          "UKSOUTH:20220307T231455Z:df7f3873-d65c-41f2-afde-ac8b0ee3b7ef"
        ],
        "Strict-Transport-Security": [
          "max-age=31536000; includeSubDomains"
        ],
        "X-Content-Type-Options": [
          "nosniff"
        ],
        "Date": [
          "Mon, 07 Mar 2022 23:14:54 GMT"
        ],
        "Expires": [
          "-1"
        ],
        "Content-Length": [
          "0"
        ]
      },
      "ResponseBody": "",
      "StatusCode": 202
    },
    {
      "RequestUri": "/subscriptions/8313371e-0879-428e-b1da-6353575a9192/operationresults/eyJqb2JJZCI6IlJFU09VUkNFR1JPVVBERUxFVElPTkpPQi1TUUw6MkRETToyRENNRExFVDoyRFRFU1Q6MkRSR1BTNzAzMy1XRVNUQ0VOVFJBTFVTIiwiam9iTG9jYXRpb24iOiJ3ZXN0Y2VudHJhbHVzIn0?api-version=2016-09-01",
      "EncodedRequestUri": "L3N1YnNjcmlwdGlvbnMvODMxMzM3MWUtMDg3OS00MjhlLWIxZGEtNjM1MzU3NWE5MTkyL29wZXJhdGlvbnJlc3VsdHMvZXlKcWIySkpaQ0k2SWxKRlUwOVZVa05GUjFKUFZWQkVSVXhGVkVsUFRrcFBRaTFUVVV3Nk1rUkVUVG95UkVOTlJFeEZWRG95UkZSRlUxUTZNa1JTUjFCVE56QXpNeTFYUlZOVVEwVk9WRkpCVEZWVElpd2lhbTlpVEc5allYUnBiMjRpT2lKM1pYTjBZMlZ1ZEhKaGJIVnpJbjA/YXBpLXZlcnNpb249MjAxNi0wOS0wMQ==",
      "RequestMethod": "GET",
      "RequestBody": "",
      "RequestHeaders": {
        "User-Agent": [
          "FxVersion/4.700.21.56803",
          "OSName/Windows",
          "OSVersion/Microsoft.Windows.10.0.17763",
          "Microsoft.Azure.Management.Internal.Resources.ResourceManagementClient/1.3.56"
        ]
      },
      "ResponseHeaders": {
        "Cache-Control": [
          "no-cache"
        ],
        "Pragma": [
          "no-cache"
        ],
        "Location": [
          "https://management.azure.com/subscriptions/8313371e-0879-428e-b1da-6353575a9192/operationresults/eyJqb2JJZCI6IlJFU09VUkNFR1JPVVBERUxFVElPTkpPQi1TUUw6MkRETToyRENNRExFVDoyRFRFU1Q6MkRSR1BTNzAzMy1XRVNUQ0VOVFJBTFVTIiwiam9iTG9jYXRpb24iOiJ3ZXN0Y2VudHJhbHVzIn0?api-version=2016-09-01"
        ],
        "Retry-After": [
          "15"
        ],
        "x-ms-ratelimit-remaining-subscription-reads": [
          "11999"
        ],
        "x-ms-request-id": [
          "f3c790d0-860f-42ea-b065-aef9bf9e8c7c"
        ],
        "x-ms-correlation-request-id": [
          "f3c790d0-860f-42ea-b065-aef9bf9e8c7c"
        ],
        "x-ms-routing-request-id": [
          "UKSOUTH:20220307T231510Z:f3c790d0-860f-42ea-b065-aef9bf9e8c7c"
        ],
        "Strict-Transport-Security": [
          "max-age=31536000; includeSubDomains"
        ],
        "X-Content-Type-Options": [
          "nosniff"
        ],
        "Date": [
          "Mon, 07 Mar 2022 23:15:09 GMT"
        ],
        "Expires": [
          "-1"
        ],
        "Content-Length": [
          "0"
        ]
      },
      "ResponseBody": "",
      "StatusCode": 202
    },
    {
      "RequestUri": "/subscriptions/8313371e-0879-428e-b1da-6353575a9192/operationresults/eyJqb2JJZCI6IlJFU09VUkNFR1JPVVBERUxFVElPTkpPQi1TUUw6MkRETToyRENNRExFVDoyRFRFU1Q6MkRSR1BTNzAzMy1XRVNUQ0VOVFJBTFVTIiwiam9iTG9jYXRpb24iOiJ3ZXN0Y2VudHJhbHVzIn0?api-version=2016-09-01",
      "EncodedRequestUri": "L3N1YnNjcmlwdGlvbnMvODMxMzM3MWUtMDg3OS00MjhlLWIxZGEtNjM1MzU3NWE5MTkyL29wZXJhdGlvbnJlc3VsdHMvZXlKcWIySkpaQ0k2SWxKRlUwOVZVa05GUjFKUFZWQkVSVXhGVkVsUFRrcFBRaTFUVVV3Nk1rUkVUVG95UkVOTlJFeEZWRG95UkZSRlUxUTZNa1JTUjFCVE56QXpNeTFYUlZOVVEwVk9WRkpCVEZWVElpd2lhbTlpVEc5allYUnBiMjRpT2lKM1pYTjBZMlZ1ZEhKaGJIVnpJbjA/YXBpLXZlcnNpb249MjAxNi0wOS0wMQ==",
      "RequestMethod": "GET",
      "RequestBody": "",
      "RequestHeaders": {
        "User-Agent": [
          "FxVersion/4.700.21.56803",
          "OSName/Windows",
          "OSVersion/Microsoft.Windows.10.0.17763",
          "Microsoft.Azure.Management.Internal.Resources.ResourceManagementClient/1.3.56"
        ]
      },
      "ResponseHeaders": {
        "Cache-Control": [
          "no-cache"
        ],
        "Pragma": [
          "no-cache"
        ],
        "Location": [
          "https://management.azure.com/subscriptions/8313371e-0879-428e-b1da-6353575a9192/operationresults/eyJqb2JJZCI6IlJFU09VUkNFR1JPVVBERUxFVElPTkpPQi1TUUw6MkRETToyRENNRExFVDoyRFRFU1Q6MkRSR1BTNzAzMy1XRVNUQ0VOVFJBTFVTIiwiam9iTG9jYXRpb24iOiJ3ZXN0Y2VudHJhbHVzIn0?api-version=2016-09-01"
        ],
        "Retry-After": [
          "15"
        ],
        "x-ms-ratelimit-remaining-subscription-reads": [
          "11998"
        ],
        "x-ms-request-id": [
          "7baad7f6-921b-4e76-b96f-13b131a5e764"
        ],
        "x-ms-correlation-request-id": [
          "7baad7f6-921b-4e76-b96f-13b131a5e764"
        ],
        "x-ms-routing-request-id": [
          "UKSOUTH:20220307T231526Z:7baad7f6-921b-4e76-b96f-13b131a5e764"
        ],
        "Strict-Transport-Security": [
          "max-age=31536000; includeSubDomains"
        ],
        "X-Content-Type-Options": [
          "nosniff"
        ],
        "Date": [
          "Mon, 07 Mar 2022 23:15:26 GMT"
        ],
        "Expires": [
          "-1"
        ],
        "Content-Length": [
          "0"
        ]
      },
      "ResponseBody": "",
      "StatusCode": 202
    },
    {
      "RequestUri": "/subscriptions/8313371e-0879-428e-b1da-6353575a9192/operationresults/eyJqb2JJZCI6IlJFU09VUkNFR1JPVVBERUxFVElPTkpPQi1TUUw6MkRETToyRENNRExFVDoyRFRFU1Q6MkRSR1BTNzAzMy1XRVNUQ0VOVFJBTFVTIiwiam9iTG9jYXRpb24iOiJ3ZXN0Y2VudHJhbHVzIn0?api-version=2016-09-01",
      "EncodedRequestUri": "L3N1YnNjcmlwdGlvbnMvODMxMzM3MWUtMDg3OS00MjhlLWIxZGEtNjM1MzU3NWE5MTkyL29wZXJhdGlvbnJlc3VsdHMvZXlKcWIySkpaQ0k2SWxKRlUwOVZVa05GUjFKUFZWQkVSVXhGVkVsUFRrcFBRaTFUVVV3Nk1rUkVUVG95UkVOTlJFeEZWRG95UkZSRlUxUTZNa1JTUjFCVE56QXpNeTFYUlZOVVEwVk9WRkpCVEZWVElpd2lhbTlpVEc5allYUnBiMjRpT2lKM1pYTjBZMlZ1ZEhKaGJIVnpJbjA/YXBpLXZlcnNpb249MjAxNi0wOS0wMQ==",
      "RequestMethod": "GET",
      "RequestBody": "",
      "RequestHeaders": {
        "User-Agent": [
          "FxVersion/4.700.21.56803",
          "OSName/Windows",
          "OSVersion/Microsoft.Windows.10.0.17763",
          "Microsoft.Azure.Management.Internal.Resources.ResourceManagementClient/1.3.56"
        ]
      },
      "ResponseHeaders": {
        "Cache-Control": [
          "no-cache"
        ],
        "Pragma": [
          "no-cache"
        ],
        "Location": [
          "https://management.azure.com/subscriptions/8313371e-0879-428e-b1da-6353575a9192/operationresults/eyJqb2JJZCI6IlJFU09VUkNFR1JPVVBERUxFVElPTkpPQi1TUUw6MkRETToyRENNRExFVDoyRFRFU1Q6MkRSR1BTNzAzMy1XRVNUQ0VOVFJBTFVTIiwiam9iTG9jYXRpb24iOiJ3ZXN0Y2VudHJhbHVzIn0?api-version=2016-09-01"
        ],
        "Retry-After": [
          "15"
        ],
        "x-ms-ratelimit-remaining-subscription-reads": [
          "11997"
        ],
        "x-ms-request-id": [
          "261c75ba-724f-4ef3-8a75-860885663ee8"
        ],
        "x-ms-correlation-request-id": [
          "261c75ba-724f-4ef3-8a75-860885663ee8"
        ],
        "x-ms-routing-request-id": [
          "UKSOUTH:20220307T231553Z:261c75ba-724f-4ef3-8a75-860885663ee8"
        ],
        "Strict-Transport-Security": [
          "max-age=31536000; includeSubDomains"
        ],
        "X-Content-Type-Options": [
          "nosniff"
        ],
        "Date": [
          "Mon, 07 Mar 2022 23:15:53 GMT"
        ],
        "Expires": [
          "-1"
        ],
        "Content-Length": [
          "0"
        ]
      },
      "ResponseBody": "",
      "StatusCode": 202
    },
    {
      "RequestUri": "/subscriptions/8313371e-0879-428e-b1da-6353575a9192/operationresults/eyJqb2JJZCI6IlJFU09VUkNFR1JPVVBERUxFVElPTkpPQi1TUUw6MkRETToyRENNRExFVDoyRFRFU1Q6MkRSR1BTNzAzMy1XRVNUQ0VOVFJBTFVTIiwiam9iTG9jYXRpb24iOiJ3ZXN0Y2VudHJhbHVzIn0?api-version=2016-09-01",
      "EncodedRequestUri": "L3N1YnNjcmlwdGlvbnMvODMxMzM3MWUtMDg3OS00MjhlLWIxZGEtNjM1MzU3NWE5MTkyL29wZXJhdGlvbnJlc3VsdHMvZXlKcWIySkpaQ0k2SWxKRlUwOVZVa05GUjFKUFZWQkVSVXhGVkVsUFRrcFBRaTFUVVV3Nk1rUkVUVG95UkVOTlJFeEZWRG95UkZSRlUxUTZNa1JTUjFCVE56QXpNeTFYUlZOVVEwVk9WRkpCVEZWVElpd2lhbTlpVEc5allYUnBiMjRpT2lKM1pYTjBZMlZ1ZEhKaGJIVnpJbjA/YXBpLXZlcnNpb249MjAxNi0wOS0wMQ==",
      "RequestMethod": "GET",
      "RequestBody": "",
      "RequestHeaders": {
        "User-Agent": [
          "FxVersion/4.700.21.56803",
          "OSName/Windows",
          "OSVersion/Microsoft.Windows.10.0.17763",
          "Microsoft.Azure.Management.Internal.Resources.ResourceManagementClient/1.3.56"
        ]
      },
      "ResponseHeaders": {
        "Cache-Control": [
          "no-cache"
        ],
        "Pragma": [
          "no-cache"
        ],
        "Location": [
          "https://management.azure.com/subscriptions/8313371e-0879-428e-b1da-6353575a9192/operationresults/eyJqb2JJZCI6IlJFU09VUkNFR1JPVVBERUxFVElPTkpPQi1TUUw6MkRETToyRENNRExFVDoyRFRFU1Q6MkRSR1BTNzAzMy1XRVNUQ0VOVFJBTFVTIiwiam9iTG9jYXRpb24iOiJ3ZXN0Y2VudHJhbHVzIn0?api-version=2016-09-01"
        ],
        "Retry-After": [
          "15"
        ],
        "x-ms-ratelimit-remaining-subscription-reads": [
          "11996"
        ],
        "x-ms-request-id": [
          "67011a1c-0f83-4b75-9fe8-3db3af33a2b2"
        ],
        "x-ms-correlation-request-id": [
          "67011a1c-0f83-4b75-9fe8-3db3af33a2b2"
        ],
        "x-ms-routing-request-id": [
          "UKSOUTH:20220307T231609Z:67011a1c-0f83-4b75-9fe8-3db3af33a2b2"
        ],
        "Strict-Transport-Security": [
          "max-age=31536000; includeSubDomains"
        ],
        "X-Content-Type-Options": [
          "nosniff"
        ],
        "Date": [
          "Mon, 07 Mar 2022 23:16:09 GMT"
        ],
        "Expires": [
          "-1"
        ],
        "Content-Length": [
          "0"
        ]
      },
      "ResponseBody": "",
      "StatusCode": 202
    },
    {
      "RequestUri": "/subscriptions/8313371e-0879-428e-b1da-6353575a9192/operationresults/eyJqb2JJZCI6IlJFU09VUkNFR1JPVVBERUxFVElPTkpPQi1TUUw6MkRETToyRENNRExFVDoyRFRFU1Q6MkRSR1BTNzAzMy1XRVNUQ0VOVFJBTFVTIiwiam9iTG9jYXRpb24iOiJ3ZXN0Y2VudHJhbHVzIn0?api-version=2016-09-01",
      "EncodedRequestUri": "L3N1YnNjcmlwdGlvbnMvODMxMzM3MWUtMDg3OS00MjhlLWIxZGEtNjM1MzU3NWE5MTkyL29wZXJhdGlvbnJlc3VsdHMvZXlKcWIySkpaQ0k2SWxKRlUwOVZVa05GUjFKUFZWQkVSVXhGVkVsUFRrcFBRaTFUVVV3Nk1rUkVUVG95UkVOTlJFeEZWRG95UkZSRlUxUTZNa1JTUjFCVE56QXpNeTFYUlZOVVEwVk9WRkpCVEZWVElpd2lhbTlpVEc5allYUnBiMjRpT2lKM1pYTjBZMlZ1ZEhKaGJIVnpJbjA/YXBpLXZlcnNpb249MjAxNi0wOS0wMQ==",
      "RequestMethod": "GET",
      "RequestBody": "",
      "RequestHeaders": {
        "User-Agent": [
          "FxVersion/4.700.21.56803",
          "OSName/Windows",
          "OSVersion/Microsoft.Windows.10.0.17763",
          "Microsoft.Azure.Management.Internal.Resources.ResourceManagementClient/1.3.56"
        ]
      },
      "ResponseHeaders": {
        "Cache-Control": [
          "no-cache"
        ],
        "Pragma": [
          "no-cache"
        ],
        "Location": [
          "https://management.azure.com/subscriptions/8313371e-0879-428e-b1da-6353575a9192/operationresults/eyJqb2JJZCI6IlJFU09VUkNFR1JPVVBERUxFVElPTkpPQi1TUUw6MkRETToyRENNRExFVDoyRFRFU1Q6MkRSR1BTNzAzMy1XRVNUQ0VOVFJBTFVTIiwiam9iTG9jYXRpb24iOiJ3ZXN0Y2VudHJhbHVzIn0?api-version=2016-09-01"
        ],
        "Retry-After": [
          "15"
        ],
        "x-ms-ratelimit-remaining-subscription-reads": [
          "11995"
        ],
        "x-ms-request-id": [
          "7565e501-72b5-4022-98e9-4f459ecd7310"
        ],
        "x-ms-correlation-request-id": [
          "7565e501-72b5-4022-98e9-4f459ecd7310"
        ],
        "x-ms-routing-request-id": [
          "UKSOUTH:20220307T231624Z:7565e501-72b5-4022-98e9-4f459ecd7310"
        ],
        "Strict-Transport-Security": [
          "max-age=31536000; includeSubDomains"
        ],
        "X-Content-Type-Options": [
          "nosniff"
        ],
        "Date": [
          "Mon, 07 Mar 2022 23:16:24 GMT"
        ],
        "Expires": [
          "-1"
        ],
        "Content-Length": [
          "0"
        ]
      },
      "ResponseBody": "",
      "StatusCode": 202
    },
    {
      "RequestUri": "/subscriptions/8313371e-0879-428e-b1da-6353575a9192/operationresults/eyJqb2JJZCI6IlJFU09VUkNFR1JPVVBERUxFVElPTkpPQi1TUUw6MkRETToyRENNRExFVDoyRFRFU1Q6MkRSR1BTNzAzMy1XRVNUQ0VOVFJBTFVTIiwiam9iTG9jYXRpb24iOiJ3ZXN0Y2VudHJhbHVzIn0?api-version=2016-09-01",
      "EncodedRequestUri": "L3N1YnNjcmlwdGlvbnMvODMxMzM3MWUtMDg3OS00MjhlLWIxZGEtNjM1MzU3NWE5MTkyL29wZXJhdGlvbnJlc3VsdHMvZXlKcWIySkpaQ0k2SWxKRlUwOVZVa05GUjFKUFZWQkVSVXhGVkVsUFRrcFBRaTFUVVV3Nk1rUkVUVG95UkVOTlJFeEZWRG95UkZSRlUxUTZNa1JTUjFCVE56QXpNeTFYUlZOVVEwVk9WRkpCVEZWVElpd2lhbTlpVEc5allYUnBiMjRpT2lKM1pYTjBZMlZ1ZEhKaGJIVnpJbjA/YXBpLXZlcnNpb249MjAxNi0wOS0wMQ==",
      "RequestMethod": "GET",
      "RequestBody": "",
      "RequestHeaders": {
        "User-Agent": [
          "FxVersion/4.700.21.56803",
          "OSName/Windows",
          "OSVersion/Microsoft.Windows.10.0.17763",
          "Microsoft.Azure.Management.Internal.Resources.ResourceManagementClient/1.3.56"
        ]
      },
      "ResponseHeaders": {
        "Cache-Control": [
          "no-cache"
        ],
        "Pragma": [
          "no-cache"
        ],
        "Location": [
          "https://management.azure.com/subscriptions/8313371e-0879-428e-b1da-6353575a9192/operationresults/eyJqb2JJZCI6IlJFU09VUkNFR1JPVVBERUxFVElPTkpPQi1TUUw6MkRETToyRENNRExFVDoyRFRFU1Q6MkRSR1BTNzAzMy1XRVNUQ0VOVFJBTFVTIiwiam9iTG9jYXRpb24iOiJ3ZXN0Y2VudHJhbHVzIn0?api-version=2016-09-01"
        ],
        "Retry-After": [
          "15"
        ],
        "x-ms-ratelimit-remaining-subscription-reads": [
          "11994"
        ],
        "x-ms-request-id": [
          "669657e2-035d-4635-8696-5782e6f4a1bf"
        ],
        "x-ms-correlation-request-id": [
          "669657e2-035d-4635-8696-5782e6f4a1bf"
        ],
        "x-ms-routing-request-id": [
          "UKSOUTH:20220307T231640Z:669657e2-035d-4635-8696-5782e6f4a1bf"
        ],
        "Strict-Transport-Security": [
          "max-age=31536000; includeSubDomains"
        ],
        "X-Content-Type-Options": [
          "nosniff"
        ],
        "Date": [
          "Mon, 07 Mar 2022 23:16:39 GMT"
        ],
        "Expires": [
          "-1"
        ],
        "Content-Length": [
          "0"
        ]
      },
      "ResponseBody": "",
      "StatusCode": 202
    },
    {
      "RequestUri": "/subscriptions/8313371e-0879-428e-b1da-6353575a9192/operationresults/eyJqb2JJZCI6IlJFU09VUkNFR1JPVVBERUxFVElPTkpPQi1TUUw6MkRETToyRENNRExFVDoyRFRFU1Q6MkRSR1BTNzAzMy1XRVNUQ0VOVFJBTFVTIiwiam9iTG9jYXRpb24iOiJ3ZXN0Y2VudHJhbHVzIn0?api-version=2016-09-01",
      "EncodedRequestUri": "L3N1YnNjcmlwdGlvbnMvODMxMzM3MWUtMDg3OS00MjhlLWIxZGEtNjM1MzU3NWE5MTkyL29wZXJhdGlvbnJlc3VsdHMvZXlKcWIySkpaQ0k2SWxKRlUwOVZVa05GUjFKUFZWQkVSVXhGVkVsUFRrcFBRaTFUVVV3Nk1rUkVUVG95UkVOTlJFeEZWRG95UkZSRlUxUTZNa1JTUjFCVE56QXpNeTFYUlZOVVEwVk9WRkpCVEZWVElpd2lhbTlpVEc5allYUnBiMjRpT2lKM1pYTjBZMlZ1ZEhKaGJIVnpJbjA/YXBpLXZlcnNpb249MjAxNi0wOS0wMQ==",
      "RequestMethod": "GET",
      "RequestBody": "",
      "RequestHeaders": {
        "User-Agent": [
          "FxVersion/4.700.21.56803",
          "OSName/Windows",
          "OSVersion/Microsoft.Windows.10.0.17763",
          "Microsoft.Azure.Management.Internal.Resources.ResourceManagementClient/1.3.56"
        ]
      },
      "ResponseHeaders": {
        "Cache-Control": [
          "no-cache"
        ],
        "Pragma": [
          "no-cache"
        ],
        "Location": [
          "https://management.azure.com/subscriptions/8313371e-0879-428e-b1da-6353575a9192/operationresults/eyJqb2JJZCI6IlJFU09VUkNFR1JPVVBERUxFVElPTkpPQi1TUUw6MkRETToyRENNRExFVDoyRFRFU1Q6MkRSR1BTNzAzMy1XRVNUQ0VOVFJBTFVTIiwiam9iTG9jYXRpb24iOiJ3ZXN0Y2VudHJhbHVzIn0?api-version=2016-09-01"
        ],
        "Retry-After": [
          "15"
        ],
        "x-ms-ratelimit-remaining-subscription-reads": [
          "11993"
        ],
        "x-ms-request-id": [
          "893cabfe-add4-43bc-8742-c726d4ef2ea1"
        ],
        "x-ms-correlation-request-id": [
          "893cabfe-add4-43bc-8742-c726d4ef2ea1"
        ],
        "x-ms-routing-request-id": [
          "UKSOUTH:20220307T231655Z:893cabfe-add4-43bc-8742-c726d4ef2ea1"
        ],
        "Strict-Transport-Security": [
          "max-age=31536000; includeSubDomains"
        ],
        "X-Content-Type-Options": [
          "nosniff"
        ],
        "Date": [
          "Mon, 07 Mar 2022 23:16:54 GMT"
        ],
        "Expires": [
          "-1"
        ],
        "Content-Length": [
          "0"
        ]
      },
      "ResponseBody": "",
      "StatusCode": 202
    },
    {
      "RequestUri": "/subscriptions/8313371e-0879-428e-b1da-6353575a9192/operationresults/eyJqb2JJZCI6IlJFU09VUkNFR1JPVVBERUxFVElPTkpPQi1TUUw6MkRETToyRENNRExFVDoyRFRFU1Q6MkRSR1BTNzAzMy1XRVNUQ0VOVFJBTFVTIiwiam9iTG9jYXRpb24iOiJ3ZXN0Y2VudHJhbHVzIn0?api-version=2016-09-01",
      "EncodedRequestUri": "L3N1YnNjcmlwdGlvbnMvODMxMzM3MWUtMDg3OS00MjhlLWIxZGEtNjM1MzU3NWE5MTkyL29wZXJhdGlvbnJlc3VsdHMvZXlKcWIySkpaQ0k2SWxKRlUwOVZVa05GUjFKUFZWQkVSVXhGVkVsUFRrcFBRaTFUVVV3Nk1rUkVUVG95UkVOTlJFeEZWRG95UkZSRlUxUTZNa1JTUjFCVE56QXpNeTFYUlZOVVEwVk9WRkpCVEZWVElpd2lhbTlpVEc5allYUnBiMjRpT2lKM1pYTjBZMlZ1ZEhKaGJIVnpJbjA/YXBpLXZlcnNpb249MjAxNi0wOS0wMQ==",
      "RequestMethod": "GET",
      "RequestBody": "",
      "RequestHeaders": {
        "User-Agent": [
          "FxVersion/4.700.21.56803",
          "OSName/Windows",
          "OSVersion/Microsoft.Windows.10.0.17763",
          "Microsoft.Azure.Management.Internal.Resources.ResourceManagementClient/1.3.56"
        ]
      },
      "ResponseHeaders": {
        "Cache-Control": [
          "no-cache"
        ],
        "Pragma": [
          "no-cache"
        ],
        "x-ms-ratelimit-remaining-subscription-reads": [
          "11992"
        ],
        "x-ms-request-id": [
          "f88837ab-6392-4d75-80ec-d061c7354399"
        ],
        "x-ms-correlation-request-id": [
          "f88837ab-6392-4d75-80ec-d061c7354399"
        ],
        "x-ms-routing-request-id": [
          "UKSOUTH:20220307T231710Z:f88837ab-6392-4d75-80ec-d061c7354399"
        ],
        "Strict-Transport-Security": [
          "max-age=31536000; includeSubDomains"
        ],
        "X-Content-Type-Options": [
          "nosniff"
        ],
        "Date": [
          "Mon, 07 Mar 2022 23:17:10 GMT"
        ],
        "Expires": [
          "-1"
        ],
        "Content-Length": [
          "0"
        ]
      },
      "ResponseBody": "",
      "StatusCode": 200
    },
    {
      "RequestUri": "/subscriptions/8313371e-0879-428e-b1da-6353575a9192/operationresults/eyJqb2JJZCI6IlJFU09VUkNFR1JPVVBERUxFVElPTkpPQi1TUUw6MkRETToyRENNRExFVDoyRFRFU1Q6MkRSR1BTNzAzMy1XRVNUQ0VOVFJBTFVTIiwiam9iTG9jYXRpb24iOiJ3ZXN0Y2VudHJhbHVzIn0?api-version=2016-09-01",
      "EncodedRequestUri": "L3N1YnNjcmlwdGlvbnMvODMxMzM3MWUtMDg3OS00MjhlLWIxZGEtNjM1MzU3NWE5MTkyL29wZXJhdGlvbnJlc3VsdHMvZXlKcWIySkpaQ0k2SWxKRlUwOVZVa05GUjFKUFZWQkVSVXhGVkVsUFRrcFBRaTFUVVV3Nk1rUkVUVG95UkVOTlJFeEZWRG95UkZSRlUxUTZNa1JTUjFCVE56QXpNeTFYUlZOVVEwVk9WRkpCVEZWVElpd2lhbTlpVEc5allYUnBiMjRpT2lKM1pYTjBZMlZ1ZEhKaGJIVnpJbjA/YXBpLXZlcnNpb249MjAxNi0wOS0wMQ==",
      "RequestMethod": "GET",
      "RequestBody": "",
      "RequestHeaders": {
        "User-Agent": [
          "FxVersion/4.700.21.56803",
          "OSName/Windows",
          "OSVersion/Microsoft.Windows.10.0.17763",
          "Microsoft.Azure.Management.Internal.Resources.ResourceManagementClient/1.3.56"
        ]
      },
      "ResponseHeaders": {
        "Cache-Control": [
          "no-cache"
        ],
        "Pragma": [
          "no-cache"
        ],
        "x-ms-ratelimit-remaining-subscription-reads": [
          "11991"
        ],
        "x-ms-request-id": [
          "818d995f-05d4-4883-9c23-776c19c2dd93"
        ],
        "x-ms-correlation-request-id": [
          "818d995f-05d4-4883-9c23-776c19c2dd93"
        ],
        "x-ms-routing-request-id": [
          "UKSOUTH:20220307T231711Z:818d995f-05d4-4883-9c23-776c19c2dd93"
        ],
        "Strict-Transport-Security": [
          "max-age=31536000; includeSubDomains"
        ],
        "X-Content-Type-Options": [
          "nosniff"
        ],
        "Date": [
          "Mon, 07 Mar 2022 23:17:11 GMT"
        ],
        "Expires": [
          "-1"
        ],
        "Content-Length": [
          "0"
        ]
      },
      "ResponseBody": "",
      "StatusCode": 200
    }
  ],
  "Names": {
    "Test-DatabaseDataMaskingPrivilegedUsersChanges": [
      "ps7033"
    ]
  },
  "Variables": {
    "SubscriptionId": "8313371e-0879-428e-b1da-6353575a9192"
  }
}