{
  "Entries": [
    {
      "RequestUri": "/subscriptions/412b782d-2511-4c6d-98f2-3ea01b1c83c3/resourcegroups/sql-dm-cmdlet-test-rgps8754?api-version=2016-09-01",
      "EncodedRequestUri": "L3N1YnNjcmlwdGlvbnMvNDEyYjc4MmQtMjUxMS00YzZkLTk4ZjItM2VhMDFiMWM4M2MzL3Jlc291cmNlZ3JvdXBzL3NxbC1kbS1jbWRsZXQtdGVzdC1yZ3BzODc1ND9hcGktdmVyc2lvbj0yMDE2LTA5LTAx",
      "RequestMethod": "PUT",
      "RequestBody": "{\r\n  \"location\": \"West Central US\"\r\n}",
      "RequestHeaders": {
        "x-ms-client-request-id": [
          "772d75a0-58db-4cef-ace7-0c550958726b"
        ],
        "Accept-Language": [
          "en-US"
        ],
        "User-Agent": [
          "FxVersion/4.6.29812.02",
          "OSName/Windows",
          "OSVersion/Microsoft.Windows.10.0.14393.",
          "Microsoft.Azure.Management.Internal.Resources.ResourceManagementClient/1.3.31"
        ],
        "Content-Type": [
          "application/json; charset=utf-8"
        ],
        "Content-Length": [
          "37"
        ]
      },
      "ResponseHeaders": {
        "Cache-Control": [
          "no-cache"
        ],
        "Pragma": [
          "no-cache"
        ],
        "x-ms-ratelimit-remaining-subscription-writes": [
          "1199"
        ],
        "x-ms-request-id": [
          "1a0e9d01-f776-4f05-bef9-24c63a732d40"
        ],
        "x-ms-correlation-request-id": [
          "1a0e9d01-f776-4f05-bef9-24c63a732d40"
        ],
        "x-ms-routing-request-id": [
          "WESTUS:20210316T050452Z:1a0e9d01-f776-4f05-bef9-24c63a732d40"
        ],
        "Strict-Transport-Security": [
          "max-age=31536000; includeSubDomains"
        ],
        "X-Content-Type-Options": [
          "nosniff"
        ],
        "Date": [
          "Tue, 16 Mar 2021 05:04:52 GMT"
        ],
        "Content-Length": [
          "214"
        ],
        "Content-Type": [
          "application/json; charset=utf-8"
        ],
        "Expires": [
          "-1"
        ]
      },
      "ResponseBody": "{\r\n  \"id\": \"/subscriptions/412b782d-2511-4c6d-98f2-3ea01b1c83c3/resourceGroups/sql-dm-cmdlet-test-rgps8754\",\r\n  \"name\": \"sql-dm-cmdlet-test-rgps8754\",\r\n  \"location\": \"westcentralus\",\r\n  \"properties\": {\r\n    \"provisioningState\": \"Succeeded\"\r\n  }\r\n}",
      "StatusCode": 201
    },
    {
      "RequestUri": "/subscriptions/412b782d-2511-4c6d-98f2-3ea01b1c83c3/resourceGroups/sql-dm-cmdlet-test-rgps8754/providers/Microsoft.Sql/servers/sql-dm-cmdlet-serverps8754?api-version=2019-06-01-preview",
      "EncodedRequestUri": "L3N1YnNjcmlwdGlvbnMvNDEyYjc4MmQtMjUxMS00YzZkLTk4ZjItM2VhMDFiMWM4M2MzL3Jlc291cmNlR3JvdXBzL3NxbC1kbS1jbWRsZXQtdGVzdC1yZ3BzODc1NC9wcm92aWRlcnMvTWljcm9zb2Z0LlNxbC9zZXJ2ZXJzL3NxbC1kbS1jbWRsZXQtc2VydmVycHM4NzU0P2FwaS12ZXJzaW9uPTIwMTktMDYtMDEtcHJldmlldw==",
      "RequestMethod": "GET",
      "RequestBody": "",
      "RequestHeaders": {
        "x-ms-client-request-id": [
          "1922e54c-dd02-4cc8-b593-3d5b8becf2ed"
        ],
        "Accept-Language": [
          "en-US"
        ],
        "User-Agent": [
          "FxVersion/4.6.29812.02",
          "OSName/Windows",
          "OSVersion/Microsoft.Windows.10.0.14393.",
          "Microsoft.Azure.Management.Sql.SqlManagementClient/1.50.0.0"
        ]
      },
      "ResponseHeaders": {
        "Cache-Control": [
          "no-cache"
        ],
        "Pragma": [
          "no-cache"
        ],
        "x-ms-failure-cause": [
          "gateway"
        ],
        "x-ms-request-id": [
          "fd20445c-7ff0-4d57-985a-19d4edd75bfd"
        ],
        "x-ms-correlation-request-id": [
          "fd20445c-7ff0-4d57-985a-19d4edd75bfd"
        ],
        "x-ms-routing-request-id": [
          "WESTUS:20210316T050453Z:fd20445c-7ff0-4d57-985a-19d4edd75bfd"
        ],
        "Strict-Transport-Security": [
          "max-age=31536000; includeSubDomains"
        ],
        "X-Content-Type-Options": [
          "nosniff"
        ],
        "Date": [
          "Tue, 16 Mar 2021 05:04:52 GMT"
        ],
        "Content-Type": [
          "application/json; charset=utf-8"
        ],
        "Expires": [
          "-1"
        ],
        "Content-Length": [
          "247"
        ]
      },
      "ResponseBody": "{\r\n  \"error\": {\r\n    \"code\": \"ResourceNotFound\",\r\n    \"message\": \"The Resource 'Microsoft.Sql/servers/sql-dm-cmdlet-serverps8754' under resource group 'sql-dm-cmdlet-test-rgps8754' was not found. For more details please go to https://aka.ms/ARMResourceNotFoundFix\"\r\n  }\r\n}",
      "StatusCode": 404
    },
    {
      "RequestUri": "/subscriptions/412b782d-2511-4c6d-98f2-3ea01b1c83c3/resourceGroups/sql-dm-cmdlet-test-rgps8754/providers/Microsoft.Sql/servers/sql-dm-cmdlet-serverps8754?api-version=2019-06-01-preview",
      "EncodedRequestUri": "L3N1YnNjcmlwdGlvbnMvNDEyYjc4MmQtMjUxMS00YzZkLTk4ZjItM2VhMDFiMWM4M2MzL3Jlc291cmNlR3JvdXBzL3NxbC1kbS1jbWRsZXQtdGVzdC1yZ3BzODc1NC9wcm92aWRlcnMvTWljcm9zb2Z0LlNxbC9zZXJ2ZXJzL3NxbC1kbS1jbWRsZXQtc2VydmVycHM4NzU0P2FwaS12ZXJzaW9uPTIwMTktMDYtMDEtcHJldmlldw==",
      "RequestMethod": "GET",
      "RequestBody": "",
      "RequestHeaders": {
        "x-ms-client-request-id": [
          "1922e54c-dd02-4cc8-b593-3d5b8becf2ed"
        ],
        "User-Agent": [
          "FxVersion/4.6.29812.02",
          "OSName/Windows",
          "OSVersion/Microsoft.Windows.10.0.14393.",
          "Microsoft.Azure.Management.Sql.SqlManagementClient/1.50.0.0"
        ]
      },
      "ResponseHeaders": {
        "Cache-Control": [
          "no-cache"
        ],
        "Pragma": [
          "no-cache"
        ],
        "x-ms-request-id": [
          "99db143c-6a74-4763-be15-e80ff08bcaf0"
        ],
        "Server": [
          "Microsoft-HTTPAPI/2.0"
        ],
        "x-ms-ratelimit-remaining-subscription-reads": [
          "11965"
        ],
        "x-ms-correlation-request-id": [
          "ebeb3107-fe65-427c-9c28-93a20a8ff018"
        ],
        "x-ms-routing-request-id": [
          "WESTUS:20210316T050559Z:ebeb3107-fe65-427c-9c28-93a20a8ff018"
        ],
        "Strict-Transport-Security": [
          "max-age=31536000; includeSubDomains"
        ],
        "X-Content-Type-Options": [
          "nosniff"
        ],
        "Date": [
          "Tue, 16 Mar 2021 05:05:58 GMT"
        ],
        "Content-Length": [
          "493"
        ],
        "Content-Type": [
          "application/json; charset=utf-8"
        ],
        "Expires": [
          "-1"
        ]
      },
      "ResponseBody": "{\r\n  \"kind\": \"v12.0\",\r\n  \"properties\": {\r\n    \"administratorLogin\": \"testlogin\",\r\n    \"version\": \"12.0\",\r\n    \"state\": \"Ready\",\r\n    \"fullyQualifiedDomainName\": \"sql-dm-cmdlet-serverps8754.database.windows.net\",\r\n    \"privateEndpointConnections\": [],\r\n    \"publicNetworkAccess\": \"Enabled\"\r\n  },\r\n  \"location\": \"westcentralus\",\r\n  \"id\": \"/subscriptions/412b782d-2511-4c6d-98f2-3ea01b1c83c3/resourceGroups/sql-dm-cmdlet-test-rgps8754/providers/Microsoft.Sql/servers/sql-dm-cmdlet-serverps8754\",\r\n  \"name\": \"sql-dm-cmdlet-serverps8754\",\r\n  \"type\": \"Microsoft.Sql/servers\"\r\n}",
      "StatusCode": 200
    },
    {
      "RequestUri": "/subscriptions/412b782d-2511-4c6d-98f2-3ea01b1c83c3/resourceGroups/sql-dm-cmdlet-test-rgps8754/providers/Microsoft.Sql/servers/sql-dm-cmdlet-serverps8754?api-version=2019-06-01-preview",
      "EncodedRequestUri": "L3N1YnNjcmlwdGlvbnMvNDEyYjc4MmQtMjUxMS00YzZkLTk4ZjItM2VhMDFiMWM4M2MzL3Jlc291cmNlR3JvdXBzL3NxbC1kbS1jbWRsZXQtdGVzdC1yZ3BzODc1NC9wcm92aWRlcnMvTWljcm9zb2Z0LlNxbC9zZXJ2ZXJzL3NxbC1kbS1jbWRsZXQtc2VydmVycHM4NzU0P2FwaS12ZXJzaW9uPTIwMTktMDYtMDEtcHJldmlldw==",
      "RequestMethod": "GET",
      "RequestBody": "",
      "RequestHeaders": {
        "x-ms-client-request-id": [
          "a156c946-e5cc-4bd4-a01e-81fb558c0c5d"
        ],
        "Accept-Language": [
          "en-US"
        ],
        "User-Agent": [
          "FxVersion/4.6.29812.02",
          "OSName/Windows",
          "OSVersion/Microsoft.Windows.10.0.14393.",
          "Microsoft.Azure.Management.Sql.SqlManagementClient/1.50.0.0"
        ]
      },
      "ResponseHeaders": {
        "Cache-Control": [
          "no-cache"
        ],
        "Pragma": [
          "no-cache"
        ],
        "x-ms-request-id": [
          "3e268930-71f5-447d-820c-21cbac7c5a44"
        ],
        "Server": [
          "Microsoft-HTTPAPI/2.0"
        ],
        "x-ms-ratelimit-remaining-subscription-reads": [
          "11964"
        ],
        "x-ms-correlation-request-id": [
          "dfdd4500-1214-4f63-9841-bc14c91a55df"
        ],
        "x-ms-routing-request-id": [
          "WESTUS:20210316T050600Z:dfdd4500-1214-4f63-9841-bc14c91a55df"
        ],
        "Strict-Transport-Security": [
          "max-age=31536000; includeSubDomains"
        ],
        "X-Content-Type-Options": [
          "nosniff"
        ],
        "Date": [
          "Tue, 16 Mar 2021 05:05:59 GMT"
        ],
        "Content-Length": [
          "493"
        ],
        "Content-Type": [
          "application/json; charset=utf-8"
        ],
        "Expires": [
          "-1"
        ]
      },
      "ResponseBody": "{\r\n  \"kind\": \"v12.0\",\r\n  \"properties\": {\r\n    \"administratorLogin\": \"testlogin\",\r\n    \"version\": \"12.0\",\r\n    \"state\": \"Ready\",\r\n    \"fullyQualifiedDomainName\": \"sql-dm-cmdlet-serverps8754.database.windows.net\",\r\n    \"privateEndpointConnections\": [],\r\n    \"publicNetworkAccess\": \"Enabled\"\r\n  },\r\n  \"location\": \"westcentralus\",\r\n  \"id\": \"/subscriptions/412b782d-2511-4c6d-98f2-3ea01b1c83c3/resourceGroups/sql-dm-cmdlet-test-rgps8754/providers/Microsoft.Sql/servers/sql-dm-cmdlet-serverps8754\",\r\n  \"name\": \"sql-dm-cmdlet-serverps8754\",\r\n  \"type\": \"Microsoft.Sql/servers\"\r\n}",
      "StatusCode": 200
    },
    {
      "RequestUri": "/subscriptions/412b782d-2511-4c6d-98f2-3ea01b1c83c3/resourceGroups/sql-dm-cmdlet-test-rgps8754/providers/Microsoft.Sql/servers/sql-dm-cmdlet-serverps8754?api-version=2019-06-01-preview",
      "EncodedRequestUri": "L3N1YnNjcmlwdGlvbnMvNDEyYjc4MmQtMjUxMS00YzZkLTk4ZjItM2VhMDFiMWM4M2MzL3Jlc291cmNlR3JvdXBzL3NxbC1kbS1jbWRsZXQtdGVzdC1yZ3BzODc1NC9wcm92aWRlcnMvTWljcm9zb2Z0LlNxbC9zZXJ2ZXJzL3NxbC1kbS1jbWRsZXQtc2VydmVycHM4NzU0P2FwaS12ZXJzaW9uPTIwMTktMDYtMDEtcHJldmlldw==",
      "RequestMethod": "GET",
      "RequestBody": "",
      "RequestHeaders": {
        "x-ms-client-request-id": [
          "a156c946-e5cc-4bd4-a01e-81fb558c0c5d"
        ],
        "Accept-Language": [
          "en-US"
        ],
        "User-Agent": [
          "FxVersion/4.6.29812.02",
          "OSName/Windows",
          "OSVersion/Microsoft.Windows.10.0.14393.",
          "Microsoft.Azure.Management.Sql.SqlManagementClient/1.50.0.0"
        ]
      },
      "ResponseHeaders": {
        "Cache-Control": [
          "no-cache"
        ],
        "Pragma": [
          "no-cache"
        ],
        "x-ms-request-id": [
          "976f6ba6-b2ed-4746-8733-c5618b4250eb"
        ],
        "Server": [
          "Microsoft-HTTPAPI/2.0"
        ],
        "x-ms-ratelimit-remaining-subscription-reads": [
          "11962"
        ],
        "x-ms-correlation-request-id": [
          "7ee634b2-9f44-4daa-a9ad-fab1661f02be"
        ],
        "x-ms-routing-request-id": [
          "WESTUS:20210316T050601Z:7ee634b2-9f44-4daa-a9ad-fab1661f02be"
        ],
        "Strict-Transport-Security": [
          "max-age=31536000; includeSubDomains"
        ],
        "X-Content-Type-Options": [
          "nosniff"
        ],
        "Date": [
          "Tue, 16 Mar 2021 05:06:00 GMT"
        ],
        "Content-Length": [
          "493"
        ],
        "Content-Type": [
          "application/json; charset=utf-8"
        ],
        "Expires": [
          "-1"
        ]
      },
      "ResponseBody": "{\r\n  \"kind\": \"v12.0\",\r\n  \"properties\": {\r\n    \"administratorLogin\": \"testlogin\",\r\n    \"version\": \"12.0\",\r\n    \"state\": \"Ready\",\r\n    \"fullyQualifiedDomainName\": \"sql-dm-cmdlet-serverps8754.database.windows.net\",\r\n    \"privateEndpointConnections\": [],\r\n    \"publicNetworkAccess\": \"Enabled\"\r\n  },\r\n  \"location\": \"westcentralus\",\r\n  \"id\": \"/subscriptions/412b782d-2511-4c6d-98f2-3ea01b1c83c3/resourceGroups/sql-dm-cmdlet-test-rgps8754/providers/Microsoft.Sql/servers/sql-dm-cmdlet-serverps8754\",\r\n  \"name\": \"sql-dm-cmdlet-serverps8754\",\r\n  \"type\": \"Microsoft.Sql/servers\"\r\n}",
      "StatusCode": 200
    },
    {
      "RequestUri": "/subscriptions/412b782d-2511-4c6d-98f2-3ea01b1c83c3/resourceGroups/sql-dm-cmdlet-test-rgps8754/providers/Microsoft.Sql/servers/sql-dm-cmdlet-serverps8754?api-version=2019-06-01-preview",
      "EncodedRequestUri": "L3N1YnNjcmlwdGlvbnMvNDEyYjc4MmQtMjUxMS00YzZkLTk4ZjItM2VhMDFiMWM4M2MzL3Jlc291cmNlR3JvdXBzL3NxbC1kbS1jbWRsZXQtdGVzdC1yZ3BzODc1NC9wcm92aWRlcnMvTWljcm9zb2Z0LlNxbC9zZXJ2ZXJzL3NxbC1kbS1jbWRsZXQtc2VydmVycHM4NzU0P2FwaS12ZXJzaW9uPTIwMTktMDYtMDEtcHJldmlldw==",
      "RequestMethod": "GET",
      "RequestBody": "",
      "RequestHeaders": {
        "x-ms-client-request-id": [
          "09990635-11e1-49ee-bb56-bcf78092384e"
        ],
        "Accept-Language": [
          "en-US"
        ],
        "User-Agent": [
          "FxVersion/4.6.29812.02",
          "OSName/Windows",
          "OSVersion/Microsoft.Windows.10.0.14393.",
          "Microsoft.Azure.Management.Sql.SqlManagementClient/1.50.0.0"
        ]
      },
      "ResponseHeaders": {
        "Cache-Control": [
          "no-cache"
        ],
        "Pragma": [
          "no-cache"
        ],
        "x-ms-request-id": [
          "d7a37d0f-0b0d-4c65-bc34-29176bb1ea03"
        ],
        "Server": [
          "Microsoft-HTTPAPI/2.0"
        ],
        "x-ms-ratelimit-remaining-subscription-reads": [
          "11997"
        ],
        "x-ms-correlation-request-id": [
          "8cb50327-8244-4f7e-b446-1c08a872da6e"
        ],
        "x-ms-routing-request-id": [
          "WESTCENTRALUS:20210316T050722Z:8cb50327-8244-4f7e-b446-1c08a872da6e"
        ],
        "Strict-Transport-Security": [
          "max-age=31536000; includeSubDomains"
        ],
        "X-Content-Type-Options": [
          "nosniff"
        ],
        "Date": [
          "Tue, 16 Mar 2021 05:07:21 GMT"
        ],
        "Content-Length": [
          "493"
        ],
        "Content-Type": [
          "application/json; charset=utf-8"
        ],
        "Expires": [
          "-1"
        ]
      },
      "ResponseBody": "{\r\n  \"kind\": \"v12.0\",\r\n  \"properties\": {\r\n    \"administratorLogin\": \"testlogin\",\r\n    \"version\": \"12.0\",\r\n    \"state\": \"Ready\",\r\n    \"fullyQualifiedDomainName\": \"sql-dm-cmdlet-serverps8754.database.windows.net\",\r\n    \"privateEndpointConnections\": [],\r\n    \"publicNetworkAccess\": \"Enabled\"\r\n  },\r\n  \"location\": \"westcentralus\",\r\n  \"id\": \"/subscriptions/412b782d-2511-4c6d-98f2-3ea01b1c83c3/resourceGroups/sql-dm-cmdlet-test-rgps8754/providers/Microsoft.Sql/servers/sql-dm-cmdlet-serverps8754\",\r\n  \"name\": \"sql-dm-cmdlet-serverps8754\",\r\n  \"type\": \"Microsoft.Sql/servers\"\r\n}",
      "StatusCode": 200
    },
    {
      "RequestUri": "/subscriptions/412b782d-2511-4c6d-98f2-3ea01b1c83c3/resourceGroups/sql-dm-cmdlet-test-rgps8754/providers/Microsoft.Sql/servers/sql-dm-cmdlet-serverps8754?api-version=2019-06-01-preview",
      "EncodedRequestUri": "L3N1YnNjcmlwdGlvbnMvNDEyYjc4MmQtMjUxMS00YzZkLTk4ZjItM2VhMDFiMWM4M2MzL3Jlc291cmNlR3JvdXBzL3NxbC1kbS1jbWRsZXQtdGVzdC1yZ3BzODc1NC9wcm92aWRlcnMvTWljcm9zb2Z0LlNxbC9zZXJ2ZXJzL3NxbC1kbS1jbWRsZXQtc2VydmVycHM4NzU0P2FwaS12ZXJzaW9uPTIwMTktMDYtMDEtcHJldmlldw==",
      "RequestMethod": "GET",
      "RequestBody": "",
      "RequestHeaders": {
        "x-ms-client-request-id": [
          "5a47c36e-9d16-4a43-a0c5-049dfe4b2a58"
        ],
        "Accept-Language": [
          "en-US"
        ],
        "User-Agent": [
          "FxVersion/4.6.29812.02",
          "OSName/Windows",
          "OSVersion/Microsoft.Windows.10.0.14393.",
          "Microsoft.Azure.Management.Sql.SqlManagementClient/1.50.0.0"
        ]
      },
      "ResponseHeaders": {
        "Cache-Control": [
          "no-cache"
        ],
        "Pragma": [
          "no-cache"
        ],
        "x-ms-request-id": [
          "4ca53d63-a2e3-4607-8ba3-c55d6b0b53c0"
        ],
        "Server": [
          "Microsoft-HTTPAPI/2.0"
        ],
        "x-ms-ratelimit-remaining-subscription-reads": [
          "11996"
        ],
        "x-ms-correlation-request-id": [
          "da6f167e-1e91-4299-abdf-e3b49788cd96"
        ],
        "x-ms-routing-request-id": [
          "WESTCENTRALUS:20210316T050723Z:da6f167e-1e91-4299-abdf-e3b49788cd96"
        ],
        "Strict-Transport-Security": [
          "max-age=31536000; includeSubDomains"
        ],
        "X-Content-Type-Options": [
          "nosniff"
        ],
        "Date": [
          "Tue, 16 Mar 2021 05:07:22 GMT"
        ],
        "Content-Length": [
          "493"
        ],
        "Content-Type": [
          "application/json; charset=utf-8"
        ],
        "Expires": [
          "-1"
        ]
      },
      "ResponseBody": "{\r\n  \"kind\": \"v12.0\",\r\n  \"properties\": {\r\n    \"administratorLogin\": \"testlogin\",\r\n    \"version\": \"12.0\",\r\n    \"state\": \"Ready\",\r\n    \"fullyQualifiedDomainName\": \"sql-dm-cmdlet-serverps8754.database.windows.net\",\r\n    \"privateEndpointConnections\": [],\r\n    \"publicNetworkAccess\": \"Enabled\"\r\n  },\r\n  \"location\": \"westcentralus\",\r\n  \"id\": \"/subscriptions/412b782d-2511-4c6d-98f2-3ea01b1c83c3/resourceGroups/sql-dm-cmdlet-test-rgps8754/providers/Microsoft.Sql/servers/sql-dm-cmdlet-serverps8754\",\r\n  \"name\": \"sql-dm-cmdlet-serverps8754\",\r\n  \"type\": \"Microsoft.Sql/servers\"\r\n}",
      "StatusCode": 200
    },
    {
      "RequestUri": "/subscriptions/412b782d-2511-4c6d-98f2-3ea01b1c83c3/resourceGroups/sql-dm-cmdlet-test-rgps8754/providers/Microsoft.Sql/servers/sql-dm-cmdlet-serverps8754?api-version=2019-06-01-preview",
      "EncodedRequestUri": "L3N1YnNjcmlwdGlvbnMvNDEyYjc4MmQtMjUxMS00YzZkLTk4ZjItM2VhMDFiMWM4M2MzL3Jlc291cmNlR3JvdXBzL3NxbC1kbS1jbWRsZXQtdGVzdC1yZ3BzODc1NC9wcm92aWRlcnMvTWljcm9zb2Z0LlNxbC9zZXJ2ZXJzL3NxbC1kbS1jbWRsZXQtc2VydmVycHM4NzU0P2FwaS12ZXJzaW9uPTIwMTktMDYtMDEtcHJldmlldw==",
      "RequestMethod": "GET",
      "RequestBody": "",
      "RequestHeaders": {
        "x-ms-client-request-id": [
          "5a47c36e-9d16-4a43-a0c5-049dfe4b2a58"
        ],
        "Accept-Language": [
          "en-US"
        ],
        "User-Agent": [
          "FxVersion/4.6.29812.02",
          "OSName/Windows",
          "OSVersion/Microsoft.Windows.10.0.14393.",
          "Microsoft.Azure.Management.Sql.SqlManagementClient/1.50.0.0"
        ]
      },
      "ResponseHeaders": {
        "Cache-Control": [
          "no-cache"
        ],
        "Pragma": [
          "no-cache"
        ],
        "x-ms-request-id": [
          "0088f949-cfe9-4ec4-ba2e-b1dd188d873f"
        ],
        "Server": [
          "Microsoft-HTTPAPI/2.0"
        ],
        "x-ms-ratelimit-remaining-subscription-reads": [
          "11995"
        ],
        "x-ms-correlation-request-id": [
          "7085c286-5e41-45dd-af6f-6c500b56cd1d"
        ],
        "x-ms-routing-request-id": [
          "WESTCENTRALUS:20210316T050723Z:7085c286-5e41-45dd-af6f-6c500b56cd1d"
        ],
        "Strict-Transport-Security": [
          "max-age=31536000; includeSubDomains"
        ],
        "X-Content-Type-Options": [
          "nosniff"
        ],
        "Date": [
          "Tue, 16 Mar 2021 05:07:22 GMT"
        ],
        "Content-Length": [
          "493"
        ],
        "Content-Type": [
          "application/json; charset=utf-8"
        ],
        "Expires": [
          "-1"
        ]
      },
      "ResponseBody": "{\r\n  \"kind\": \"v12.0\",\r\n  \"properties\": {\r\n    \"administratorLogin\": \"testlogin\",\r\n    \"version\": \"12.0\",\r\n    \"state\": \"Ready\",\r\n    \"fullyQualifiedDomainName\": \"sql-dm-cmdlet-serverps8754.database.windows.net\",\r\n    \"privateEndpointConnections\": [],\r\n    \"publicNetworkAccess\": \"Enabled\"\r\n  },\r\n  \"location\": \"westcentralus\",\r\n  \"id\": \"/subscriptions/412b782d-2511-4c6d-98f2-3ea01b1c83c3/resourceGroups/sql-dm-cmdlet-test-rgps8754/providers/Microsoft.Sql/servers/sql-dm-cmdlet-serverps8754\",\r\n  \"name\": \"sql-dm-cmdlet-serverps8754\",\r\n  \"type\": \"Microsoft.Sql/servers\"\r\n}",
      "StatusCode": 200
    },
    {
      "RequestUri": "/subscriptions/412b782d-2511-4c6d-98f2-3ea01b1c83c3/resourceGroups/sql-dm-cmdlet-test-rgps8754/providers/Microsoft.Sql/servers/sql-dm-cmdlet-serverps8754?api-version=2019-06-01-preview",
      "EncodedRequestUri": "L3N1YnNjcmlwdGlvbnMvNDEyYjc4MmQtMjUxMS00YzZkLTk4ZjItM2VhMDFiMWM4M2MzL3Jlc291cmNlR3JvdXBzL3NxbC1kbS1jbWRsZXQtdGVzdC1yZ3BzODc1NC9wcm92aWRlcnMvTWljcm9zb2Z0LlNxbC9zZXJ2ZXJzL3NxbC1kbS1jbWRsZXQtc2VydmVycHM4NzU0P2FwaS12ZXJzaW9uPTIwMTktMDYtMDEtcHJldmlldw==",
      "RequestMethod": "GET",
      "RequestBody": "",
      "RequestHeaders": {
        "x-ms-client-request-id": [
          "dcee2944-9754-49ae-a7a5-d670e8100c47"
        ],
        "Accept-Language": [
          "en-US"
        ],
        "User-Agent": [
          "FxVersion/4.6.29812.02",
          "OSName/Windows",
          "OSVersion/Microsoft.Windows.10.0.14393.",
          "Microsoft.Azure.Management.Sql.SqlManagementClient/1.50.0.0"
        ]
      },
      "ResponseHeaders": {
        "Cache-Control": [
          "no-cache"
        ],
        "Pragma": [
          "no-cache"
        ],
        "x-ms-request-id": [
          "cc28e530-cb08-4163-91ea-1e0b42a60fc3"
        ],
        "Server": [
          "Microsoft-HTTPAPI/2.0"
        ],
        "x-ms-ratelimit-remaining-subscription-reads": [
          "11994"
        ],
        "x-ms-correlation-request-id": [
          "e79a2128-0a11-4e5a-9c1a-dbce78967a7a"
        ],
        "x-ms-routing-request-id": [
          "WESTCENTRALUS:20210316T050723Z:e79a2128-0a11-4e5a-9c1a-dbce78967a7a"
        ],
        "Strict-Transport-Security": [
          "max-age=31536000; includeSubDomains"
        ],
        "X-Content-Type-Options": [
          "nosniff"
        ],
        "Date": [
          "Tue, 16 Mar 2021 05:07:23 GMT"
        ],
        "Content-Length": [
          "493"
        ],
        "Content-Type": [
          "application/json; charset=utf-8"
        ],
        "Expires": [
          "-1"
        ]
      },
      "ResponseBody": "{\r\n  \"kind\": \"v12.0\",\r\n  \"properties\": {\r\n    \"administratorLogin\": \"testlogin\",\r\n    \"version\": \"12.0\",\r\n    \"state\": \"Ready\",\r\n    \"fullyQualifiedDomainName\": \"sql-dm-cmdlet-serverps8754.database.windows.net\",\r\n    \"privateEndpointConnections\": [],\r\n    \"publicNetworkAccess\": \"Enabled\"\r\n  },\r\n  \"location\": \"westcentralus\",\r\n  \"id\": \"/subscriptions/412b782d-2511-4c6d-98f2-3ea01b1c83c3/resourceGroups/sql-dm-cmdlet-test-rgps8754/providers/Microsoft.Sql/servers/sql-dm-cmdlet-serverps8754\",\r\n  \"name\": \"sql-dm-cmdlet-serverps8754\",\r\n  \"type\": \"Microsoft.Sql/servers\"\r\n}",
      "StatusCode": 200
    },
    {
      "RequestUri": "/subscriptions/412b782d-2511-4c6d-98f2-3ea01b1c83c3/resourceGroups/sql-dm-cmdlet-test-rgps8754/providers/Microsoft.Sql/servers/sql-dm-cmdlet-serverps8754?api-version=2019-06-01-preview",
      "EncodedRequestUri": "L3N1YnNjcmlwdGlvbnMvNDEyYjc4MmQtMjUxMS00YzZkLTk4ZjItM2VhMDFiMWM4M2MzL3Jlc291cmNlR3JvdXBzL3NxbC1kbS1jbWRsZXQtdGVzdC1yZ3BzODc1NC9wcm92aWRlcnMvTWljcm9zb2Z0LlNxbC9zZXJ2ZXJzL3NxbC1kbS1jbWRsZXQtc2VydmVycHM4NzU0P2FwaS12ZXJzaW9uPTIwMTktMDYtMDEtcHJldmlldw==",
      "RequestMethod": "GET",
      "RequestBody": "",
      "RequestHeaders": {
        "x-ms-client-request-id": [
          "88f51645-7141-45af-b209-e2688659ecb2"
        ],
        "Accept-Language": [
          "en-US"
        ],
        "User-Agent": [
          "FxVersion/4.6.29812.02",
          "OSName/Windows",
          "OSVersion/Microsoft.Windows.10.0.14393.",
          "Microsoft.Azure.Management.Sql.SqlManagementClient/1.50.0.0"
        ]
      },
      "ResponseHeaders": {
        "Cache-Control": [
          "no-cache"
        ],
        "Pragma": [
          "no-cache"
        ],
        "x-ms-request-id": [
          "9924df18-d233-4fa0-bc01-2e221c140904"
        ],
        "Server": [
          "Microsoft-HTTPAPI/2.0"
        ],
        "x-ms-ratelimit-remaining-subscription-reads": [
          "11993"
        ],
        "x-ms-correlation-request-id": [
          "73369ecd-e867-4de0-a59a-838c30aa7fce"
        ],
        "x-ms-routing-request-id": [
          "WESTCENTRALUS:20210316T050723Z:73369ecd-e867-4de0-a59a-838c30aa7fce"
        ],
        "Strict-Transport-Security": [
          "max-age=31536000; includeSubDomains"
        ],
        "X-Content-Type-Options": [
          "nosniff"
        ],
        "Date": [
          "Tue, 16 Mar 2021 05:07:23 GMT"
        ],
        "Content-Length": [
          "493"
        ],
        "Content-Type": [
          "application/json; charset=utf-8"
        ],
        "Expires": [
          "-1"
        ]
      },
      "ResponseBody": "{\r\n  \"kind\": \"v12.0\",\r\n  \"properties\": {\r\n    \"administratorLogin\": \"testlogin\",\r\n    \"version\": \"12.0\",\r\n    \"state\": \"Ready\",\r\n    \"fullyQualifiedDomainName\": \"sql-dm-cmdlet-serverps8754.database.windows.net\",\r\n    \"privateEndpointConnections\": [],\r\n    \"publicNetworkAccess\": \"Enabled\"\r\n  },\r\n  \"location\": \"westcentralus\",\r\n  \"id\": \"/subscriptions/412b782d-2511-4c6d-98f2-3ea01b1c83c3/resourceGroups/sql-dm-cmdlet-test-rgps8754/providers/Microsoft.Sql/servers/sql-dm-cmdlet-serverps8754\",\r\n  \"name\": \"sql-dm-cmdlet-serverps8754\",\r\n  \"type\": \"Microsoft.Sql/servers\"\r\n}",
      "StatusCode": 200
    },
    {
      "RequestUri": "/subscriptions/412b782d-2511-4c6d-98f2-3ea01b1c83c3/resourceGroups/sql-dm-cmdlet-test-rgps8754/providers/Microsoft.Sql/servers/sql-dm-cmdlet-serverps8754?api-version=2019-06-01-preview",
      "EncodedRequestUri": "L3N1YnNjcmlwdGlvbnMvNDEyYjc4MmQtMjUxMS00YzZkLTk4ZjItM2VhMDFiMWM4M2MzL3Jlc291cmNlR3JvdXBzL3NxbC1kbS1jbWRsZXQtdGVzdC1yZ3BzODc1NC9wcm92aWRlcnMvTWljcm9zb2Z0LlNxbC9zZXJ2ZXJzL3NxbC1kbS1jbWRsZXQtc2VydmVycHM4NzU0P2FwaS12ZXJzaW9uPTIwMTktMDYtMDEtcHJldmlldw==",
      "RequestMethod": "GET",
      "RequestBody": "",
      "RequestHeaders": {
        "x-ms-client-request-id": [
          "88f51645-7141-45af-b209-e2688659ecb2"
        ],
        "Accept-Language": [
          "en-US"
        ],
        "User-Agent": [
          "FxVersion/4.6.29812.02",
          "OSName/Windows",
          "OSVersion/Microsoft.Windows.10.0.14393.",
          "Microsoft.Azure.Management.Sql.SqlManagementClient/1.50.0.0"
        ]
      },
      "ResponseHeaders": {
        "Cache-Control": [
          "no-cache"
        ],
        "Pragma": [
          "no-cache"
        ],
        "x-ms-request-id": [
          "345c9da6-17d4-48ad-9253-ddf3af0d3b97"
        ],
        "Server": [
          "Microsoft-HTTPAPI/2.0"
        ],
        "x-ms-ratelimit-remaining-subscription-reads": [
          "11992"
        ],
        "x-ms-correlation-request-id": [
          "a02defac-2312-4262-a32a-dab0ab029b61"
        ],
        "x-ms-routing-request-id": [
          "WESTCENTRALUS:20210316T050724Z:a02defac-2312-4262-a32a-dab0ab029b61"
        ],
        "Strict-Transport-Security": [
          "max-age=31536000; includeSubDomains"
        ],
        "X-Content-Type-Options": [
          "nosniff"
        ],
        "Date": [
          "Tue, 16 Mar 2021 05:07:23 GMT"
        ],
        "Content-Length": [
          "493"
        ],
        "Content-Type": [
          "application/json; charset=utf-8"
        ],
        "Expires": [
          "-1"
        ]
      },
      "ResponseBody": "{\r\n  \"kind\": \"v12.0\",\r\n  \"properties\": {\r\n    \"administratorLogin\": \"testlogin\",\r\n    \"version\": \"12.0\",\r\n    \"state\": \"Ready\",\r\n    \"fullyQualifiedDomainName\": \"sql-dm-cmdlet-serverps8754.database.windows.net\",\r\n    \"privateEndpointConnections\": [],\r\n    \"publicNetworkAccess\": \"Enabled\"\r\n  },\r\n  \"location\": \"westcentralus\",\r\n  \"id\": \"/subscriptions/412b782d-2511-4c6d-98f2-3ea01b1c83c3/resourceGroups/sql-dm-cmdlet-test-rgps8754/providers/Microsoft.Sql/servers/sql-dm-cmdlet-serverps8754\",\r\n  \"name\": \"sql-dm-cmdlet-serverps8754\",\r\n  \"type\": \"Microsoft.Sql/servers\"\r\n}",
      "StatusCode": 200
    },
    {
      "RequestUri": "/subscriptions/412b782d-2511-4c6d-98f2-3ea01b1c83c3/resourceGroups/sql-dm-cmdlet-test-rgps8754/providers/Microsoft.Sql/servers/sql-dm-cmdlet-serverps8754?api-version=2019-06-01-preview",
      "EncodedRequestUri": "L3N1YnNjcmlwdGlvbnMvNDEyYjc4MmQtMjUxMS00YzZkLTk4ZjItM2VhMDFiMWM4M2MzL3Jlc291cmNlR3JvdXBzL3NxbC1kbS1jbWRsZXQtdGVzdC1yZ3BzODc1NC9wcm92aWRlcnMvTWljcm9zb2Z0LlNxbC9zZXJ2ZXJzL3NxbC1kbS1jbWRsZXQtc2VydmVycHM4NzU0P2FwaS12ZXJzaW9uPTIwMTktMDYtMDEtcHJldmlldw==",
      "RequestMethod": "GET",
      "RequestBody": "",
      "RequestHeaders": {
        "x-ms-client-request-id": [
          "e96b866c-047b-4231-8fc3-53807d3db6ef"
        ],
        "Accept-Language": [
          "en-US"
        ],
        "User-Agent": [
          "FxVersion/4.6.29812.02",
          "OSName/Windows",
          "OSVersion/Microsoft.Windows.10.0.14393.",
          "Microsoft.Azure.Management.Sql.SqlManagementClient/1.50.0.0"
        ]
      },
      "ResponseHeaders": {
        "Cache-Control": [
          "no-cache"
        ],
        "Pragma": [
          "no-cache"
        ],
        "x-ms-request-id": [
          "10f43450-d2b1-462d-93c8-978cedf24c68"
        ],
        "Server": [
          "Microsoft-HTTPAPI/2.0"
        ],
        "x-ms-ratelimit-remaining-subscription-reads": [
          "11991"
        ],
        "x-ms-correlation-request-id": [
          "1e8408a0-a5f2-4075-b670-e2be29a40b48"
        ],
        "x-ms-routing-request-id": [
          "WESTCENTRALUS:20210316T050724Z:1e8408a0-a5f2-4075-b670-e2be29a40b48"
        ],
        "Strict-Transport-Security": [
          "max-age=31536000; includeSubDomains"
        ],
        "X-Content-Type-Options": [
          "nosniff"
        ],
        "Date": [
          "Tue, 16 Mar 2021 05:07:23 GMT"
        ],
        "Content-Length": [
          "493"
        ],
        "Content-Type": [
          "application/json; charset=utf-8"
        ],
        "Expires": [
          "-1"
        ]
      },
      "ResponseBody": "{\r\n  \"kind\": \"v12.0\",\r\n  \"properties\": {\r\n    \"administratorLogin\": \"testlogin\",\r\n    \"version\": \"12.0\",\r\n    \"state\": \"Ready\",\r\n    \"fullyQualifiedDomainName\": \"sql-dm-cmdlet-serverps8754.database.windows.net\",\r\n    \"privateEndpointConnections\": [],\r\n    \"publicNetworkAccess\": \"Enabled\"\r\n  },\r\n  \"location\": \"westcentralus\",\r\n  \"id\": \"/subscriptions/412b782d-2511-4c6d-98f2-3ea01b1c83c3/resourceGroups/sql-dm-cmdlet-test-rgps8754/providers/Microsoft.Sql/servers/sql-dm-cmdlet-serverps8754\",\r\n  \"name\": \"sql-dm-cmdlet-serverps8754\",\r\n  \"type\": \"Microsoft.Sql/servers\"\r\n}",
      "StatusCode": 200
    },
    {
      "RequestUri": "/subscriptions/412b782d-2511-4c6d-98f2-3ea01b1c83c3/resourceGroups/sql-dm-cmdlet-test-rgps8754/providers/Microsoft.Sql/servers/sql-dm-cmdlet-serverps8754?api-version=2019-06-01-preview",
      "EncodedRequestUri": "L3N1YnNjcmlwdGlvbnMvNDEyYjc4MmQtMjUxMS00YzZkLTk4ZjItM2VhMDFiMWM4M2MzL3Jlc291cmNlR3JvdXBzL3NxbC1kbS1jbWRsZXQtdGVzdC1yZ3BzODc1NC9wcm92aWRlcnMvTWljcm9zb2Z0LlNxbC9zZXJ2ZXJzL3NxbC1kbS1jbWRsZXQtc2VydmVycHM4NzU0P2FwaS12ZXJzaW9uPTIwMTktMDYtMDEtcHJldmlldw==",
      "RequestMethod": "GET",
      "RequestBody": "",
      "RequestHeaders": {
        "x-ms-client-request-id": [
          "0a282d0c-e1ec-4e29-89d4-7405f4e7730a"
        ],
        "Accept-Language": [
          "en-US"
        ],
        "User-Agent": [
          "FxVersion/4.6.29812.02",
          "OSName/Windows",
          "OSVersion/Microsoft.Windows.10.0.14393.",
          "Microsoft.Azure.Management.Sql.SqlManagementClient/1.50.0.0"
        ]
      },
      "ResponseHeaders": {
        "Cache-Control": [
          "no-cache"
        ],
        "Pragma": [
          "no-cache"
        ],
        "x-ms-request-id": [
          "891c0a8f-57fe-44d7-b5fc-c1a726f37e1e"
        ],
        "Server": [
          "Microsoft-HTTPAPI/2.0"
        ],
        "x-ms-ratelimit-remaining-subscription-reads": [
          "11990"
        ],
        "x-ms-correlation-request-id": [
          "154a7ae3-1d58-4135-94e0-d316fe50208e"
        ],
        "x-ms-routing-request-id": [
          "WESTCENTRALUS:20210316T050724Z:154a7ae3-1d58-4135-94e0-d316fe50208e"
        ],
        "Strict-Transport-Security": [
          "max-age=31536000; includeSubDomains"
        ],
        "X-Content-Type-Options": [
          "nosniff"
        ],
        "Date": [
          "Tue, 16 Mar 2021 05:07:23 GMT"
        ],
        "Content-Length": [
          "493"
        ],
        "Content-Type": [
          "application/json; charset=utf-8"
        ],
        "Expires": [
          "-1"
        ]
      },
      "ResponseBody": "{\r\n  \"kind\": \"v12.0\",\r\n  \"properties\": {\r\n    \"administratorLogin\": \"testlogin\",\r\n    \"version\": \"12.0\",\r\n    \"state\": \"Ready\",\r\n    \"fullyQualifiedDomainName\": \"sql-dm-cmdlet-serverps8754.database.windows.net\",\r\n    \"privateEndpointConnections\": [],\r\n    \"publicNetworkAccess\": \"Enabled\"\r\n  },\r\n  \"location\": \"westcentralus\",\r\n  \"id\": \"/subscriptions/412b782d-2511-4c6d-98f2-3ea01b1c83c3/resourceGroups/sql-dm-cmdlet-test-rgps8754/providers/Microsoft.Sql/servers/sql-dm-cmdlet-serverps8754\",\r\n  \"name\": \"sql-dm-cmdlet-serverps8754\",\r\n  \"type\": \"Microsoft.Sql/servers\"\r\n}",
      "StatusCode": 200
    },
    {
      "RequestUri": "/subscriptions/412b782d-2511-4c6d-98f2-3ea01b1c83c3/resourceGroups/sql-dm-cmdlet-test-rgps8754/providers/Microsoft.Sql/servers/sql-dm-cmdlet-serverps8754?api-version=2019-06-01-preview",
      "EncodedRequestUri": "L3N1YnNjcmlwdGlvbnMvNDEyYjc4MmQtMjUxMS00YzZkLTk4ZjItM2VhMDFiMWM4M2MzL3Jlc291cmNlR3JvdXBzL3NxbC1kbS1jbWRsZXQtdGVzdC1yZ3BzODc1NC9wcm92aWRlcnMvTWljcm9zb2Z0LlNxbC9zZXJ2ZXJzL3NxbC1kbS1jbWRsZXQtc2VydmVycHM4NzU0P2FwaS12ZXJzaW9uPTIwMTktMDYtMDEtcHJldmlldw==",
      "RequestMethod": "GET",
      "RequestBody": "",
      "RequestHeaders": {
        "x-ms-client-request-id": [
          "0a282d0c-e1ec-4e29-89d4-7405f4e7730a"
        ],
        "Accept-Language": [
          "en-US"
        ],
        "User-Agent": [
          "FxVersion/4.6.29812.02",
          "OSName/Windows",
          "OSVersion/Microsoft.Windows.10.0.14393.",
          "Microsoft.Azure.Management.Sql.SqlManagementClient/1.50.0.0"
        ]
      },
      "ResponseHeaders": {
        "Cache-Control": [
          "no-cache"
        ],
        "Pragma": [
          "no-cache"
        ],
        "x-ms-request-id": [
          "4389f975-12d4-496d-91f9-27c4ac242de2"
        ],
        "Server": [
          "Microsoft-HTTPAPI/2.0"
        ],
        "x-ms-ratelimit-remaining-subscription-reads": [
          "11989"
        ],
        "x-ms-correlation-request-id": [
          "fa5cb6cf-e596-41ff-862d-763afeee99a9"
        ],
        "x-ms-routing-request-id": [
          "WESTCENTRALUS:20210316T050724Z:fa5cb6cf-e596-41ff-862d-763afeee99a9"
        ],
        "Strict-Transport-Security": [
          "max-age=31536000; includeSubDomains"
        ],
        "X-Content-Type-Options": [
          "nosniff"
        ],
        "Date": [
          "Tue, 16 Mar 2021 05:07:24 GMT"
        ],
        "Content-Length": [
          "493"
        ],
        "Content-Type": [
          "application/json; charset=utf-8"
        ],
        "Expires": [
          "-1"
        ]
      },
      "ResponseBody": "{\r\n  \"kind\": \"v12.0\",\r\n  \"properties\": {\r\n    \"administratorLogin\": \"testlogin\",\r\n    \"version\": \"12.0\",\r\n    \"state\": \"Ready\",\r\n    \"fullyQualifiedDomainName\": \"sql-dm-cmdlet-serverps8754.database.windows.net\",\r\n    \"privateEndpointConnections\": [],\r\n    \"publicNetworkAccess\": \"Enabled\"\r\n  },\r\n  \"location\": \"westcentralus\",\r\n  \"id\": \"/subscriptions/412b782d-2511-4c6d-98f2-3ea01b1c83c3/resourceGroups/sql-dm-cmdlet-test-rgps8754/providers/Microsoft.Sql/servers/sql-dm-cmdlet-serverps8754\",\r\n  \"name\": \"sql-dm-cmdlet-serverps8754\",\r\n  \"type\": \"Microsoft.Sql/servers\"\r\n}",
      "StatusCode": 200
    },
    {
      "RequestUri": "/subscriptions/412b782d-2511-4c6d-98f2-3ea01b1c83c3/resourceGroups/sql-dm-cmdlet-test-rgps8754/providers/Microsoft.Sql/servers/sql-dm-cmdlet-serverps8754?api-version=2019-06-01-preview",
      "EncodedRequestUri": "L3N1YnNjcmlwdGlvbnMvNDEyYjc4MmQtMjUxMS00YzZkLTk4ZjItM2VhMDFiMWM4M2MzL3Jlc291cmNlR3JvdXBzL3NxbC1kbS1jbWRsZXQtdGVzdC1yZ3BzODc1NC9wcm92aWRlcnMvTWljcm9zb2Z0LlNxbC9zZXJ2ZXJzL3NxbC1kbS1jbWRsZXQtc2VydmVycHM4NzU0P2FwaS12ZXJzaW9uPTIwMTktMDYtMDEtcHJldmlldw==",
      "RequestMethod": "GET",
      "RequestBody": "",
      "RequestHeaders": {
        "x-ms-client-request-id": [
          "ee45dcea-faf4-41c6-a014-7d8fccd2b475"
        ],
        "Accept-Language": [
          "en-US"
        ],
        "User-Agent": [
          "FxVersion/4.6.29812.02",
          "OSName/Windows",
          "OSVersion/Microsoft.Windows.10.0.14393.",
          "Microsoft.Azure.Management.Sql.SqlManagementClient/1.50.0.0"
        ]
      },
      "ResponseHeaders": {
        "Cache-Control": [
          "no-cache"
        ],
        "Pragma": [
          "no-cache"
        ],
        "x-ms-request-id": [
          "332ec40e-0bd2-4919-abbd-6d74bf074771"
        ],
        "Server": [
          "Microsoft-HTTPAPI/2.0"
        ],
        "x-ms-ratelimit-remaining-subscription-reads": [
          "11988"
        ],
        "x-ms-correlation-request-id": [
          "a1a55912-eb2d-403d-af22-83bd6da22356"
        ],
        "x-ms-routing-request-id": [
          "WESTCENTRALUS:20210316T050725Z:a1a55912-eb2d-403d-af22-83bd6da22356"
        ],
        "Strict-Transport-Security": [
          "max-age=31536000; includeSubDomains"
        ],
        "X-Content-Type-Options": [
          "nosniff"
        ],
        "Date": [
          "Tue, 16 Mar 2021 05:07:24 GMT"
        ],
        "Content-Length": [
          "493"
        ],
        "Content-Type": [
          "application/json; charset=utf-8"
        ],
        "Expires": [
          "-1"
        ]
      },
      "ResponseBody": "{\r\n  \"kind\": \"v12.0\",\r\n  \"properties\": {\r\n    \"administratorLogin\": \"testlogin\",\r\n    \"version\": \"12.0\",\r\n    \"state\": \"Ready\",\r\n    \"fullyQualifiedDomainName\": \"sql-dm-cmdlet-serverps8754.database.windows.net\",\r\n    \"privateEndpointConnections\": [],\r\n    \"publicNetworkAccess\": \"Enabled\"\r\n  },\r\n  \"location\": \"westcentralus\",\r\n  \"id\": \"/subscriptions/412b782d-2511-4c6d-98f2-3ea01b1c83c3/resourceGroups/sql-dm-cmdlet-test-rgps8754/providers/Microsoft.Sql/servers/sql-dm-cmdlet-serverps8754\",\r\n  \"name\": \"sql-dm-cmdlet-serverps8754\",\r\n  \"type\": \"Microsoft.Sql/servers\"\r\n}",
      "StatusCode": 200
    },
    {
      "RequestUri": "/subscriptions/412b782d-2511-4c6d-98f2-3ea01b1c83c3/resourceGroups/sql-dm-cmdlet-test-rgps8754/providers/Microsoft.Sql/servers/sql-dm-cmdlet-serverps8754?api-version=2019-06-01-preview",
      "EncodedRequestUri": "L3N1YnNjcmlwdGlvbnMvNDEyYjc4MmQtMjUxMS00YzZkLTk4ZjItM2VhMDFiMWM4M2MzL3Jlc291cmNlR3JvdXBzL3NxbC1kbS1jbWRsZXQtdGVzdC1yZ3BzODc1NC9wcm92aWRlcnMvTWljcm9zb2Z0LlNxbC9zZXJ2ZXJzL3NxbC1kbS1jbWRsZXQtc2VydmVycHM4NzU0P2FwaS12ZXJzaW9uPTIwMTktMDYtMDEtcHJldmlldw==",
      "RequestMethod": "GET",
      "RequestBody": "",
      "RequestHeaders": {
        "x-ms-client-request-id": [
          "d804e860-4252-4241-a058-7c8bb84749fd"
        ],
        "Accept-Language": [
          "en-US"
        ],
        "User-Agent": [
          "FxVersion/4.6.29812.02",
          "OSName/Windows",
          "OSVersion/Microsoft.Windows.10.0.14393.",
          "Microsoft.Azure.Management.Sql.SqlManagementClient/1.50.0.0"
        ]
      },
      "ResponseHeaders": {
        "Cache-Control": [
          "no-cache"
        ],
        "Pragma": [
          "no-cache"
        ],
        "x-ms-request-id": [
          "08a41f89-f611-4e5b-bd8d-dab9145d2513"
        ],
        "Server": [
          "Microsoft-HTTPAPI/2.0"
        ],
        "x-ms-ratelimit-remaining-subscription-reads": [
          "11987"
        ],
        "x-ms-correlation-request-id": [
          "197dc654-d83d-4e01-89ed-f5f7ce0f5289"
        ],
        "x-ms-routing-request-id": [
          "WESTCENTRALUS:20210316T050725Z:197dc654-d83d-4e01-89ed-f5f7ce0f5289"
        ],
        "Strict-Transport-Security": [
          "max-age=31536000; includeSubDomains"
        ],
        "X-Content-Type-Options": [
          "nosniff"
        ],
        "Date": [
          "Tue, 16 Mar 2021 05:07:24 GMT"
        ],
        "Content-Length": [
          "493"
        ],
        "Content-Type": [
          "application/json; charset=utf-8"
        ],
        "Expires": [
          "-1"
        ]
      },
      "ResponseBody": "{\r\n  \"kind\": \"v12.0\",\r\n  \"properties\": {\r\n    \"administratorLogin\": \"testlogin\",\r\n    \"version\": \"12.0\",\r\n    \"state\": \"Ready\",\r\n    \"fullyQualifiedDomainName\": \"sql-dm-cmdlet-serverps8754.database.windows.net\",\r\n    \"privateEndpointConnections\": [],\r\n    \"publicNetworkAccess\": \"Enabled\"\r\n  },\r\n  \"location\": \"westcentralus\",\r\n  \"id\": \"/subscriptions/412b782d-2511-4c6d-98f2-3ea01b1c83c3/resourceGroups/sql-dm-cmdlet-test-rgps8754/providers/Microsoft.Sql/servers/sql-dm-cmdlet-serverps8754\",\r\n  \"name\": \"sql-dm-cmdlet-serverps8754\",\r\n  \"type\": \"Microsoft.Sql/servers\"\r\n}",
      "StatusCode": 200
    },
    {
      "RequestUri": "/subscriptions/412b782d-2511-4c6d-98f2-3ea01b1c83c3/resourceGroups/sql-dm-cmdlet-test-rgps8754/providers/Microsoft.Sql/servers/sql-dm-cmdlet-serverps8754?api-version=2019-06-01-preview",
      "EncodedRequestUri": "L3N1YnNjcmlwdGlvbnMvNDEyYjc4MmQtMjUxMS00YzZkLTk4ZjItM2VhMDFiMWM4M2MzL3Jlc291cmNlR3JvdXBzL3NxbC1kbS1jbWRsZXQtdGVzdC1yZ3BzODc1NC9wcm92aWRlcnMvTWljcm9zb2Z0LlNxbC9zZXJ2ZXJzL3NxbC1kbS1jbWRsZXQtc2VydmVycHM4NzU0P2FwaS12ZXJzaW9uPTIwMTktMDYtMDEtcHJldmlldw==",
      "RequestMethod": "GET",
      "RequestBody": "",
      "RequestHeaders": {
        "x-ms-client-request-id": [
          "d804e860-4252-4241-a058-7c8bb84749fd"
        ],
        "Accept-Language": [
          "en-US"
        ],
        "User-Agent": [
          "FxVersion/4.6.29812.02",
          "OSName/Windows",
          "OSVersion/Microsoft.Windows.10.0.14393.",
          "Microsoft.Azure.Management.Sql.SqlManagementClient/1.50.0.0"
        ]
      },
      "ResponseHeaders": {
        "Cache-Control": [
          "no-cache"
        ],
        "Pragma": [
          "no-cache"
        ],
        "x-ms-request-id": [
          "5450f8e0-5039-4261-8d2c-c31115430ca8"
        ],
        "Server": [
          "Microsoft-HTTPAPI/2.0"
        ],
        "x-ms-ratelimit-remaining-subscription-reads": [
          "11986"
        ],
        "x-ms-correlation-request-id": [
          "35a1e7db-a415-4d94-a872-a4c0f41068f4"
        ],
        "x-ms-routing-request-id": [
          "WESTCENTRALUS:20210316T050725Z:35a1e7db-a415-4d94-a872-a4c0f41068f4"
        ],
        "Strict-Transport-Security": [
          "max-age=31536000; includeSubDomains"
        ],
        "X-Content-Type-Options": [
          "nosniff"
        ],
        "Date": [
          "Tue, 16 Mar 2021 05:07:24 GMT"
        ],
        "Content-Length": [
          "493"
        ],
        "Content-Type": [
          "application/json; charset=utf-8"
        ],
        "Expires": [
          "-1"
        ]
      },
      "ResponseBody": "{\r\n  \"kind\": \"v12.0\",\r\n  \"properties\": {\r\n    \"administratorLogin\": \"testlogin\",\r\n    \"version\": \"12.0\",\r\n    \"state\": \"Ready\",\r\n    \"fullyQualifiedDomainName\": \"sql-dm-cmdlet-serverps8754.database.windows.net\",\r\n    \"privateEndpointConnections\": [],\r\n    \"publicNetworkAccess\": \"Enabled\"\r\n  },\r\n  \"location\": \"westcentralus\",\r\n  \"id\": \"/subscriptions/412b782d-2511-4c6d-98f2-3ea01b1c83c3/resourceGroups/sql-dm-cmdlet-test-rgps8754/providers/Microsoft.Sql/servers/sql-dm-cmdlet-serverps8754\",\r\n  \"name\": \"sql-dm-cmdlet-serverps8754\",\r\n  \"type\": \"Microsoft.Sql/servers\"\r\n}",
      "StatusCode": 200
    },
    {
      "RequestUri": "/subscriptions/412b782d-2511-4c6d-98f2-3ea01b1c83c3/resourceGroups/sql-dm-cmdlet-test-rgps8754/providers/Microsoft.Sql/servers/sql-dm-cmdlet-serverps8754?api-version=2019-06-01-preview",
      "EncodedRequestUri": "L3N1YnNjcmlwdGlvbnMvNDEyYjc4MmQtMjUxMS00YzZkLTk4ZjItM2VhMDFiMWM4M2MzL3Jlc291cmNlR3JvdXBzL3NxbC1kbS1jbWRsZXQtdGVzdC1yZ3BzODc1NC9wcm92aWRlcnMvTWljcm9zb2Z0LlNxbC9zZXJ2ZXJzL3NxbC1kbS1jbWRsZXQtc2VydmVycHM4NzU0P2FwaS12ZXJzaW9uPTIwMTktMDYtMDEtcHJldmlldw==",
      "RequestMethod": "GET",
      "RequestBody": "",
      "RequestHeaders": {
        "x-ms-client-request-id": [
          "c56ea2a4-3795-4e72-b959-dcde44b45c75"
        ],
        "Accept-Language": [
          "en-US"
        ],
        "User-Agent": [
          "FxVersion/4.6.29812.02",
          "OSName/Windows",
          "OSVersion/Microsoft.Windows.10.0.14393.",
          "Microsoft.Azure.Management.Sql.SqlManagementClient/1.50.0.0"
        ]
      },
      "ResponseHeaders": {
        "Cache-Control": [
          "no-cache"
        ],
        "Pragma": [
          "no-cache"
        ],
        "x-ms-request-id": [
          "29a87fdd-f9bc-4fd9-b23b-ade8f116a0e9"
        ],
        "Server": [
          "Microsoft-HTTPAPI/2.0"
        ],
        "x-ms-ratelimit-remaining-subscription-reads": [
          "11985"
        ],
        "x-ms-correlation-request-id": [
          "b9f5bece-4df9-4576-aa17-6c9e9d4a667f"
        ],
        "x-ms-routing-request-id": [
          "WESTCENTRALUS:20210316T050725Z:b9f5bece-4df9-4576-aa17-6c9e9d4a667f"
        ],
        "Strict-Transport-Security": [
          "max-age=31536000; includeSubDomains"
        ],
        "X-Content-Type-Options": [
          "nosniff"
        ],
        "Date": [
          "Tue, 16 Mar 2021 05:07:25 GMT"
        ],
        "Content-Length": [
          "493"
        ],
        "Content-Type": [
          "application/json; charset=utf-8"
        ],
        "Expires": [
          "-1"
        ]
      },
      "ResponseBody": "{\r\n  \"kind\": \"v12.0\",\r\n  \"properties\": {\r\n    \"administratorLogin\": \"testlogin\",\r\n    \"version\": \"12.0\",\r\n    \"state\": \"Ready\",\r\n    \"fullyQualifiedDomainName\": \"sql-dm-cmdlet-serverps8754.database.windows.net\",\r\n    \"privateEndpointConnections\": [],\r\n    \"publicNetworkAccess\": \"Enabled\"\r\n  },\r\n  \"location\": \"westcentralus\",\r\n  \"id\": \"/subscriptions/412b782d-2511-4c6d-98f2-3ea01b1c83c3/resourceGroups/sql-dm-cmdlet-test-rgps8754/providers/Microsoft.Sql/servers/sql-dm-cmdlet-serverps8754\",\r\n  \"name\": \"sql-dm-cmdlet-serverps8754\",\r\n  \"type\": \"Microsoft.Sql/servers\"\r\n}",
      "StatusCode": 200
    },
    {
      "RequestUri": "/subscriptions/412b782d-2511-4c6d-98f2-3ea01b1c83c3/resourceGroups/sql-dm-cmdlet-test-rgps8754/providers/Microsoft.Sql/servers/sql-dm-cmdlet-serverps8754?api-version=2019-06-01-preview",
      "EncodedRequestUri": "L3N1YnNjcmlwdGlvbnMvNDEyYjc4MmQtMjUxMS00YzZkLTk4ZjItM2VhMDFiMWM4M2MzL3Jlc291cmNlR3JvdXBzL3NxbC1kbS1jbWRsZXQtdGVzdC1yZ3BzODc1NC9wcm92aWRlcnMvTWljcm9zb2Z0LlNxbC9zZXJ2ZXJzL3NxbC1kbS1jbWRsZXQtc2VydmVycHM4NzU0P2FwaS12ZXJzaW9uPTIwMTktMDYtMDEtcHJldmlldw==",
      "RequestMethod": "GET",
      "RequestBody": "",
      "RequestHeaders": {
        "x-ms-client-request-id": [
          "1321d5ae-6ae7-4ab3-be0f-6183f7632ea2"
        ],
        "Accept-Language": [
          "en-US"
        ],
        "User-Agent": [
          "FxVersion/4.6.29812.02",
          "OSName/Windows",
          "OSVersion/Microsoft.Windows.10.0.14393.",
          "Microsoft.Azure.Management.Sql.SqlManagementClient/1.50.0.0"
        ]
      },
      "ResponseHeaders": {
        "Cache-Control": [
          "no-cache"
        ],
        "Pragma": [
          "no-cache"
        ],
        "x-ms-request-id": [
          "a9a5ea32-ab5d-47ce-83da-3fe0444b25e5"
        ],
        "Server": [
          "Microsoft-HTTPAPI/2.0"
        ],
        "x-ms-ratelimit-remaining-subscription-reads": [
          "11984"
        ],
        "x-ms-correlation-request-id": [
          "683daae7-7039-473a-b35c-b5aafd7666fc"
        ],
        "x-ms-routing-request-id": [
          "WESTCENTRALUS:20210316T050726Z:683daae7-7039-473a-b35c-b5aafd7666fc"
        ],
        "Strict-Transport-Security": [
          "max-age=31536000; includeSubDomains"
        ],
        "X-Content-Type-Options": [
          "nosniff"
        ],
        "Date": [
          "Tue, 16 Mar 2021 05:07:25 GMT"
        ],
        "Content-Length": [
          "493"
        ],
        "Content-Type": [
          "application/json; charset=utf-8"
        ],
        "Expires": [
          "-1"
        ]
      },
      "ResponseBody": "{\r\n  \"kind\": \"v12.0\",\r\n  \"properties\": {\r\n    \"administratorLogin\": \"testlogin\",\r\n    \"version\": \"12.0\",\r\n    \"state\": \"Ready\",\r\n    \"fullyQualifiedDomainName\": \"sql-dm-cmdlet-serverps8754.database.windows.net\",\r\n    \"privateEndpointConnections\": [],\r\n    \"publicNetworkAccess\": \"Enabled\"\r\n  },\r\n  \"location\": \"westcentralus\",\r\n  \"id\": \"/subscriptions/412b782d-2511-4c6d-98f2-3ea01b1c83c3/resourceGroups/sql-dm-cmdlet-test-rgps8754/providers/Microsoft.Sql/servers/sql-dm-cmdlet-serverps8754\",\r\n  \"name\": \"sql-dm-cmdlet-serverps8754\",\r\n  \"type\": \"Microsoft.Sql/servers\"\r\n}",
      "StatusCode": 200
    },
    {
      "RequestUri": "/subscriptions/412b782d-2511-4c6d-98f2-3ea01b1c83c3/resourceGroups/sql-dm-cmdlet-test-rgps8754/providers/Microsoft.Sql/servers/sql-dm-cmdlet-serverps8754?api-version=2019-06-01-preview",
      "EncodedRequestUri": "L3N1YnNjcmlwdGlvbnMvNDEyYjc4MmQtMjUxMS00YzZkLTk4ZjItM2VhMDFiMWM4M2MzL3Jlc291cmNlR3JvdXBzL3NxbC1kbS1jbWRsZXQtdGVzdC1yZ3BzODc1NC9wcm92aWRlcnMvTWljcm9zb2Z0LlNxbC9zZXJ2ZXJzL3NxbC1kbS1jbWRsZXQtc2VydmVycHM4NzU0P2FwaS12ZXJzaW9uPTIwMTktMDYtMDEtcHJldmlldw==",
      "RequestMethod": "GET",
      "RequestBody": "",
      "RequestHeaders": {
        "x-ms-client-request-id": [
          "1321d5ae-6ae7-4ab3-be0f-6183f7632ea2"
        ],
        "Accept-Language": [
          "en-US"
        ],
        "User-Agent": [
          "FxVersion/4.6.29812.02",
          "OSName/Windows",
          "OSVersion/Microsoft.Windows.10.0.14393.",
          "Microsoft.Azure.Management.Sql.SqlManagementClient/1.50.0.0"
        ]
      },
      "ResponseHeaders": {
        "Cache-Control": [
          "no-cache"
        ],
        "Pragma": [
          "no-cache"
        ],
        "x-ms-request-id": [
          "7115fe2c-9210-47e1-a24d-2b8f32b0542b"
        ],
        "Server": [
          "Microsoft-HTTPAPI/2.0"
        ],
        "x-ms-ratelimit-remaining-subscription-reads": [
          "11983"
        ],
        "x-ms-correlation-request-id": [
          "35388abc-41fa-4701-a49f-224bd26eb9dd"
        ],
        "x-ms-routing-request-id": [
          "WESTCENTRALUS:20210316T050726Z:35388abc-41fa-4701-a49f-224bd26eb9dd"
        ],
        "Strict-Transport-Security": [
          "max-age=31536000; includeSubDomains"
        ],
        "X-Content-Type-Options": [
          "nosniff"
        ],
        "Date": [
          "Tue, 16 Mar 2021 05:07:25 GMT"
        ],
        "Content-Length": [
          "493"
        ],
        "Content-Type": [
          "application/json; charset=utf-8"
        ],
        "Expires": [
          "-1"
        ]
      },
      "ResponseBody": "{\r\n  \"kind\": \"v12.0\",\r\n  \"properties\": {\r\n    \"administratorLogin\": \"testlogin\",\r\n    \"version\": \"12.0\",\r\n    \"state\": \"Ready\",\r\n    \"fullyQualifiedDomainName\": \"sql-dm-cmdlet-serverps8754.database.windows.net\",\r\n    \"privateEndpointConnections\": [],\r\n    \"publicNetworkAccess\": \"Enabled\"\r\n  },\r\n  \"location\": \"westcentralus\",\r\n  \"id\": \"/subscriptions/412b782d-2511-4c6d-98f2-3ea01b1c83c3/resourceGroups/sql-dm-cmdlet-test-rgps8754/providers/Microsoft.Sql/servers/sql-dm-cmdlet-serverps8754\",\r\n  \"name\": \"sql-dm-cmdlet-serverps8754\",\r\n  \"type\": \"Microsoft.Sql/servers\"\r\n}",
      "StatusCode": 200
    },
    {
      "RequestUri": "/subscriptions/412b782d-2511-4c6d-98f2-3ea01b1c83c3/resourceGroups/sql-dm-cmdlet-test-rgps8754/providers/Microsoft.Sql/servers/sql-dm-cmdlet-serverps8754?api-version=2019-06-01-preview",
      "EncodedRequestUri": "L3N1YnNjcmlwdGlvbnMvNDEyYjc4MmQtMjUxMS00YzZkLTk4ZjItM2VhMDFiMWM4M2MzL3Jlc291cmNlR3JvdXBzL3NxbC1kbS1jbWRsZXQtdGVzdC1yZ3BzODc1NC9wcm92aWRlcnMvTWljcm9zb2Z0LlNxbC9zZXJ2ZXJzL3NxbC1kbS1jbWRsZXQtc2VydmVycHM4NzU0P2FwaS12ZXJzaW9uPTIwMTktMDYtMDEtcHJldmlldw==",
      "RequestMethod": "GET",
      "RequestBody": "",
      "RequestHeaders": {
        "x-ms-client-request-id": [
          "78e16a71-8929-45b1-9391-e966beef6b37"
        ],
        "Accept-Language": [
          "en-US"
        ],
        "User-Agent": [
          "FxVersion/4.6.29812.02",
          "OSName/Windows",
          "OSVersion/Microsoft.Windows.10.0.14393.",
          "Microsoft.Azure.Management.Sql.SqlManagementClient/1.50.0.0"
        ]
      },
      "ResponseHeaders": {
        "Cache-Control": [
          "no-cache"
        ],
        "Pragma": [
          "no-cache"
        ],
        "x-ms-request-id": [
          "21e54ac3-5d46-43a2-a6ee-11c619da5c86"
        ],
        "Server": [
          "Microsoft-HTTPAPI/2.0"
        ],
        "x-ms-ratelimit-remaining-subscription-reads": [
          "11982"
        ],
        "x-ms-correlation-request-id": [
          "8cc4a97d-ed9e-4c32-b8ac-9ee4a6a2b40c"
        ],
        "x-ms-routing-request-id": [
          "WESTCENTRALUS:20210316T050726Z:8cc4a97d-ed9e-4c32-b8ac-9ee4a6a2b40c"
        ],
        "Strict-Transport-Security": [
          "max-age=31536000; includeSubDomains"
        ],
        "X-Content-Type-Options": [
          "nosniff"
        ],
        "Date": [
          "Tue, 16 Mar 2021 05:07:25 GMT"
        ],
        "Content-Length": [
          "493"
        ],
        "Content-Type": [
          "application/json; charset=utf-8"
        ],
        "Expires": [
          "-1"
        ]
      },
      "ResponseBody": "{\r\n  \"kind\": \"v12.0\",\r\n  \"properties\": {\r\n    \"administratorLogin\": \"testlogin\",\r\n    \"version\": \"12.0\",\r\n    \"state\": \"Ready\",\r\n    \"fullyQualifiedDomainName\": \"sql-dm-cmdlet-serverps8754.database.windows.net\",\r\n    \"privateEndpointConnections\": [],\r\n    \"publicNetworkAccess\": \"Enabled\"\r\n  },\r\n  \"location\": \"westcentralus\",\r\n  \"id\": \"/subscriptions/412b782d-2511-4c6d-98f2-3ea01b1c83c3/resourceGroups/sql-dm-cmdlet-test-rgps8754/providers/Microsoft.Sql/servers/sql-dm-cmdlet-serverps8754\",\r\n  \"name\": \"sql-dm-cmdlet-serverps8754\",\r\n  \"type\": \"Microsoft.Sql/servers\"\r\n}",
      "StatusCode": 200
    },
    {
      "RequestUri": "/subscriptions/412b782d-2511-4c6d-98f2-3ea01b1c83c3/resourceGroups/sql-dm-cmdlet-test-rgps8754/providers/Microsoft.Sql/servers/sql-dm-cmdlet-serverps8754?api-version=2019-06-01-preview",
      "EncodedRequestUri": "L3N1YnNjcmlwdGlvbnMvNDEyYjc4MmQtMjUxMS00YzZkLTk4ZjItM2VhMDFiMWM4M2MzL3Jlc291cmNlR3JvdXBzL3NxbC1kbS1jbWRsZXQtdGVzdC1yZ3BzODc1NC9wcm92aWRlcnMvTWljcm9zb2Z0LlNxbC9zZXJ2ZXJzL3NxbC1kbS1jbWRsZXQtc2VydmVycHM4NzU0P2FwaS12ZXJzaW9uPTIwMTktMDYtMDEtcHJldmlldw==",
      "RequestMethod": "PUT",
      "RequestBody": "{\r\n  \"properties\": {\r\n    \"administratorLogin\": \"testlogin\",\r\n    \"administratorLoginPassword\": \"testp@ssMakingIt1007Longer\",\r\n    \"version\": \"12.0\"\r\n  },\r\n  \"location\": \"West Central US\"\r\n}",
      "RequestHeaders": {
        "x-ms-client-request-id": [
          "1922e54c-dd02-4cc8-b593-3d5b8becf2ed"
        ],
        "Accept-Language": [
          "en-US"
        ],
        "User-Agent": [
          "FxVersion/4.6.29812.02",
          "OSName/Windows",
          "OSVersion/Microsoft.Windows.10.0.14393.",
          "Microsoft.Azure.Management.Sql.SqlManagementClient/1.50.0.0"
        ],
        "Content-Type": [
          "application/json; charset=utf-8"
        ],
        "Content-Length": [
          "190"
        ]
      },
      "ResponseHeaders": {
        "Cache-Control": [
          "no-cache"
        ],
        "Pragma": [
          "no-cache"
        ],
        "Location": [
          "https://management.azure.com/subscriptions/412b782d-2511-4c6d-98f2-3ea01b1c83c3/resourceGroups/sql-dm-cmdlet-test-rgps8754/providers/Microsoft.Sql/locations/westcentralus/serverOperationResults/0bb37a41-36aa-47fb-8446-e0199a8d8440?api-version=2019-06-01-preview"
        ],
        "Retry-After": [
          "1"
        ],
        "Azure-AsyncOperation": [
          "https://management.azure.com/subscriptions/412b782d-2511-4c6d-98f2-3ea01b1c83c3/resourceGroups/sql-dm-cmdlet-test-rgps8754/providers/Microsoft.Sql/locations/westcentralus/serverAzureAsyncOperation/0bb37a41-36aa-47fb-8446-e0199a8d8440?api-version=2019-06-01-preview"
        ],
        "x-ms-request-id": [
          "0bb37a41-36aa-47fb-8446-e0199a8d8440"
        ],
        "Server": [
          "Microsoft-HTTPAPI/2.0"
        ],
        "x-ms-ratelimit-remaining-subscription-writes": [
          "1196"
        ],
        "x-ms-correlation-request-id": [
          "e452aa79-3a68-4beb-bb4c-c10eb306c84d"
        ],
        "x-ms-routing-request-id": [
          "WESTUS:20210316T050454Z:e452aa79-3a68-4beb-bb4c-c10eb306c84d"
        ],
        "Strict-Transport-Security": [
          "max-age=31536000; includeSubDomains"
        ],
        "X-Content-Type-Options": [
          "nosniff"
        ],
        "Date": [
          "Tue, 16 Mar 2021 05:04:53 GMT"
        ],
        "Content-Length": [
          "74"
        ],
        "Content-Type": [
          "application/json; charset=utf-8"
        ],
        "Expires": [
          "-1"
        ]
      },
      "ResponseBody": "{\r\n  \"operation\": \"UpsertLogicalServer\",\r\n  \"startTime\": \"2021-03-16T05:04:54.007Z\"\r\n}",
      "StatusCode": 202
    },
    {
      "RequestUri": "/subscriptions/412b782d-2511-4c6d-98f2-3ea01b1c83c3/resourceGroups/sql-dm-cmdlet-test-rgps8754/providers/Microsoft.Sql/locations/westcentralus/serverAzureAsyncOperation/0bb37a41-36aa-47fb-8446-e0199a8d8440?api-version=2019-06-01-preview",
      "EncodedRequestUri": "L3N1YnNjcmlwdGlvbnMvNDEyYjc4MmQtMjUxMS00YzZkLTk4ZjItM2VhMDFiMWM4M2MzL3Jlc291cmNlR3JvdXBzL3NxbC1kbS1jbWRsZXQtdGVzdC1yZ3BzODc1NC9wcm92aWRlcnMvTWljcm9zb2Z0LlNxbC9sb2NhdGlvbnMvd2VzdGNlbnRyYWx1cy9zZXJ2ZXJBenVyZUFzeW5jT3BlcmF0aW9uLzBiYjM3YTQxLTM2YWEtNDdmYi04NDQ2LWUwMTk5YThkODQ0MD9hcGktdmVyc2lvbj0yMDE5LTA2LTAxLXByZXZpZXc=",
      "RequestMethod": "GET",
      "RequestBody": "",
      "RequestHeaders": {
        "x-ms-client-request-id": [
          "1922e54c-dd02-4cc8-b593-3d5b8becf2ed"
        ],
        "User-Agent": [
          "FxVersion/4.6.29812.02",
          "OSName/Windows",
          "OSVersion/Microsoft.Windows.10.0.14393.",
          "Microsoft.Azure.Management.Sql.SqlManagementClient/1.50.0.0"
        ]
      },
      "ResponseHeaders": {
        "Cache-Control": [
          "no-cache"
        ],
        "Pragma": [
          "no-cache"
        ],
        "Retry-After": [
          "1"
        ],
        "x-ms-request-id": [
          "7429e3ce-c6ed-4b38-abe3-d6fd2d7686c3"
        ],
        "Server": [
          "Microsoft-HTTPAPI/2.0"
        ],
        "x-ms-ratelimit-remaining-subscription-reads": [
          "11973"
        ],
        "x-ms-correlation-request-id": [
          "9712f43d-6c18-49b8-b82e-2a97ae9f3df4"
        ],
        "x-ms-routing-request-id": [
          "WESTUS:20210316T050455Z:9712f43d-6c18-49b8-b82e-2a97ae9f3df4"
        ],
        "Strict-Transport-Security": [
          "max-age=31536000; includeSubDomains"
        ],
        "X-Content-Type-Options": [
          "nosniff"
        ],
        "Date": [
          "Tue, 16 Mar 2021 05:04:54 GMT"
        ],
        "Content-Length": [
          "108"
        ],
        "Content-Type": [
          "application/json; charset=utf-8"
        ],
        "Expires": [
          "-1"
        ]
      },
      "ResponseBody": "{\r\n  \"name\": \"0bb37a41-36aa-47fb-8446-e0199a8d8440\",\r\n  \"status\": \"InProgress\",\r\n  \"startTime\": \"2021-03-16T05:04:54.007Z\"\r\n}",
      "StatusCode": 200
    },
    {
      "RequestUri": "/subscriptions/412b782d-2511-4c6d-98f2-3ea01b1c83c3/resourceGroups/sql-dm-cmdlet-test-rgps8754/providers/Microsoft.Sql/locations/westcentralus/serverAzureAsyncOperation/0bb37a41-36aa-47fb-8446-e0199a8d8440?api-version=2019-06-01-preview",
      "EncodedRequestUri": "L3N1YnNjcmlwdGlvbnMvNDEyYjc4MmQtMjUxMS00YzZkLTk4ZjItM2VhMDFiMWM4M2MzL3Jlc291cmNlR3JvdXBzL3NxbC1kbS1jbWRsZXQtdGVzdC1yZ3BzODc1NC9wcm92aWRlcnMvTWljcm9zb2Z0LlNxbC9sb2NhdGlvbnMvd2VzdGNlbnRyYWx1cy9zZXJ2ZXJBenVyZUFzeW5jT3BlcmF0aW9uLzBiYjM3YTQxLTM2YWEtNDdmYi04NDQ2LWUwMTk5YThkODQ0MD9hcGktdmVyc2lvbj0yMDE5LTA2LTAxLXByZXZpZXc=",
      "RequestMethod": "GET",
      "RequestBody": "",
      "RequestHeaders": {
        "x-ms-client-request-id": [
          "1922e54c-dd02-4cc8-b593-3d5b8becf2ed"
        ],
        "User-Agent": [
          "FxVersion/4.6.29812.02",
          "OSName/Windows",
          "OSVersion/Microsoft.Windows.10.0.14393.",
          "Microsoft.Azure.Management.Sql.SqlManagementClient/1.50.0.0"
        ]
      },
      "ResponseHeaders": {
        "Cache-Control": [
          "no-cache"
        ],
        "Pragma": [
          "no-cache"
        ],
        "Retry-After": [
          "1"
        ],
        "x-ms-request-id": [
          "a34cb754-bfac-4c27-ab89-09511061772d"
        ],
        "Server": [
          "Microsoft-HTTPAPI/2.0"
        ],
        "x-ms-ratelimit-remaining-subscription-reads": [
          "11972"
        ],
        "x-ms-correlation-request-id": [
          "012f0310-3352-40f8-a2f3-0f127da1f261"
        ],
        "x-ms-routing-request-id": [
          "WESTUS:20210316T050456Z:012f0310-3352-40f8-a2f3-0f127da1f261"
        ],
        "Strict-Transport-Security": [
          "max-age=31536000; includeSubDomains"
        ],
        "X-Content-Type-Options": [
          "nosniff"
        ],
        "Date": [
          "Tue, 16 Mar 2021 05:04:55 GMT"
        ],
        "Content-Length": [
          "108"
        ],
        "Content-Type": [
          "application/json; charset=utf-8"
        ],
        "Expires": [
          "-1"
        ]
      },
      "ResponseBody": "{\r\n  \"name\": \"0bb37a41-36aa-47fb-8446-e0199a8d8440\",\r\n  \"status\": \"InProgress\",\r\n  \"startTime\": \"2021-03-16T05:04:54.007Z\"\r\n}",
      "StatusCode": 200
    },
    {
      "RequestUri": "/subscriptions/412b782d-2511-4c6d-98f2-3ea01b1c83c3/resourceGroups/sql-dm-cmdlet-test-rgps8754/providers/Microsoft.Sql/locations/westcentralus/serverAzureAsyncOperation/0bb37a41-36aa-47fb-8446-e0199a8d8440?api-version=2019-06-01-preview",
      "EncodedRequestUri": "L3N1YnNjcmlwdGlvbnMvNDEyYjc4MmQtMjUxMS00YzZkLTk4ZjItM2VhMDFiMWM4M2MzL3Jlc291cmNlR3JvdXBzL3NxbC1kbS1jbWRsZXQtdGVzdC1yZ3BzODc1NC9wcm92aWRlcnMvTWljcm9zb2Z0LlNxbC9sb2NhdGlvbnMvd2VzdGNlbnRyYWx1cy9zZXJ2ZXJBenVyZUFzeW5jT3BlcmF0aW9uLzBiYjM3YTQxLTM2YWEtNDdmYi04NDQ2LWUwMTk5YThkODQ0MD9hcGktdmVyc2lvbj0yMDE5LTA2LTAxLXByZXZpZXc=",
      "RequestMethod": "GET",
      "RequestBody": "",
      "RequestHeaders": {
        "x-ms-client-request-id": [
          "1922e54c-dd02-4cc8-b593-3d5b8becf2ed"
        ],
        "User-Agent": [
          "FxVersion/4.6.29812.02",
          "OSName/Windows",
          "OSVersion/Microsoft.Windows.10.0.14393.",
          "Microsoft.Azure.Management.Sql.SqlManagementClient/1.50.0.0"
        ]
      },
      "ResponseHeaders": {
        "Cache-Control": [
          "no-cache"
        ],
        "Pragma": [
          "no-cache"
        ],
        "Retry-After": [
          "1"
        ],
        "x-ms-request-id": [
          "7ed1b1d5-f3ad-4259-ab01-7f6f81db3574"
        ],
        "Server": [
          "Microsoft-HTTPAPI/2.0"
        ],
        "x-ms-ratelimit-remaining-subscription-reads": [
          "11971"
        ],
        "x-ms-correlation-request-id": [
          "b8d2f182-e7fc-4071-b97f-7f90a2bc4b18"
        ],
        "x-ms-routing-request-id": [
          "WESTUS:20210316T050457Z:b8d2f182-e7fc-4071-b97f-7f90a2bc4b18"
        ],
        "Strict-Transport-Security": [
          "max-age=31536000; includeSubDomains"
        ],
        "X-Content-Type-Options": [
          "nosniff"
        ],
        "Date": [
          "Tue, 16 Mar 2021 05:04:57 GMT"
        ],
        "Content-Length": [
          "108"
        ],
        "Content-Type": [
          "application/json; charset=utf-8"
        ],
        "Expires": [
          "-1"
        ]
      },
      "ResponseBody": "{\r\n  \"name\": \"0bb37a41-36aa-47fb-8446-e0199a8d8440\",\r\n  \"status\": \"InProgress\",\r\n  \"startTime\": \"2021-03-16T05:04:54.007Z\"\r\n}",
      "StatusCode": 200
    },
    {
      "RequestUri": "/subscriptions/412b782d-2511-4c6d-98f2-3ea01b1c83c3/resourceGroups/sql-dm-cmdlet-test-rgps8754/providers/Microsoft.Sql/locations/westcentralus/serverAzureAsyncOperation/0bb37a41-36aa-47fb-8446-e0199a8d8440?api-version=2019-06-01-preview",
      "EncodedRequestUri": "L3N1YnNjcmlwdGlvbnMvNDEyYjc4MmQtMjUxMS00YzZkLTk4ZjItM2VhMDFiMWM4M2MzL3Jlc291cmNlR3JvdXBzL3NxbC1kbS1jbWRsZXQtdGVzdC1yZ3BzODc1NC9wcm92aWRlcnMvTWljcm9zb2Z0LlNxbC9sb2NhdGlvbnMvd2VzdGNlbnRyYWx1cy9zZXJ2ZXJBenVyZUFzeW5jT3BlcmF0aW9uLzBiYjM3YTQxLTM2YWEtNDdmYi04NDQ2LWUwMTk5YThkODQ0MD9hcGktdmVyc2lvbj0yMDE5LTA2LTAxLXByZXZpZXc=",
      "RequestMethod": "GET",
      "RequestBody": "",
      "RequestHeaders": {
        "x-ms-client-request-id": [
          "1922e54c-dd02-4cc8-b593-3d5b8becf2ed"
        ],
        "User-Agent": [
          "FxVersion/4.6.29812.02",
          "OSName/Windows",
          "OSVersion/Microsoft.Windows.10.0.14393.",
          "Microsoft.Azure.Management.Sql.SqlManagementClient/1.50.0.0"
        ]
      },
      "ResponseHeaders": {
        "Cache-Control": [
          "no-cache"
        ],
        "Pragma": [
          "no-cache"
        ],
        "Retry-After": [
          "1"
        ],
        "x-ms-request-id": [
          "b41935e7-9d6c-4d5e-86b0-b6ec789e8b1d"
        ],
        "Server": [
          "Microsoft-HTTPAPI/2.0"
        ],
        "x-ms-ratelimit-remaining-subscription-reads": [
          "11970"
        ],
        "x-ms-correlation-request-id": [
          "0e6f6635-2ce0-479e-a257-cec4fb312375"
        ],
        "x-ms-routing-request-id": [
          "WESTUS:20210316T050458Z:0e6f6635-2ce0-479e-a257-cec4fb312375"
        ],
        "Strict-Transport-Security": [
          "max-age=31536000; includeSubDomains"
        ],
        "X-Content-Type-Options": [
          "nosniff"
        ],
        "Date": [
          "Tue, 16 Mar 2021 05:04:58 GMT"
        ],
        "Content-Length": [
          "108"
        ],
        "Content-Type": [
          "application/json; charset=utf-8"
        ],
        "Expires": [
          "-1"
        ]
      },
      "ResponseBody": "{\r\n  \"name\": \"0bb37a41-36aa-47fb-8446-e0199a8d8440\",\r\n  \"status\": \"InProgress\",\r\n  \"startTime\": \"2021-03-16T05:04:54.007Z\"\r\n}",
      "StatusCode": 200
    },
    {
      "RequestUri": "/subscriptions/412b782d-2511-4c6d-98f2-3ea01b1c83c3/resourceGroups/sql-dm-cmdlet-test-rgps8754/providers/Microsoft.Sql/locations/westcentralus/serverAzureAsyncOperation/0bb37a41-36aa-47fb-8446-e0199a8d8440?api-version=2019-06-01-preview",
      "EncodedRequestUri": "L3N1YnNjcmlwdGlvbnMvNDEyYjc4MmQtMjUxMS00YzZkLTk4ZjItM2VhMDFiMWM4M2MzL3Jlc291cmNlR3JvdXBzL3NxbC1kbS1jbWRsZXQtdGVzdC1yZ3BzODc1NC9wcm92aWRlcnMvTWljcm9zb2Z0LlNxbC9sb2NhdGlvbnMvd2VzdGNlbnRyYWx1cy9zZXJ2ZXJBenVyZUFzeW5jT3BlcmF0aW9uLzBiYjM3YTQxLTM2YWEtNDdmYi04NDQ2LWUwMTk5YThkODQ0MD9hcGktdmVyc2lvbj0yMDE5LTA2LTAxLXByZXZpZXc=",
      "RequestMethod": "GET",
      "RequestBody": "",
      "RequestHeaders": {
        "x-ms-client-request-id": [
          "1922e54c-dd02-4cc8-b593-3d5b8becf2ed"
        ],
        "User-Agent": [
          "FxVersion/4.6.29812.02",
          "OSName/Windows",
          "OSVersion/Microsoft.Windows.10.0.14393.",
          "Microsoft.Azure.Management.Sql.SqlManagementClient/1.50.0.0"
        ]
      },
      "ResponseHeaders": {
        "Cache-Control": [
          "no-cache"
        ],
        "Pragma": [
          "no-cache"
        ],
        "Retry-After": [
          "20"
        ],
        "x-ms-request-id": [
          "6ab64f65-24e2-4b40-bc45-7f189a1309af"
        ],
        "Server": [
          "Microsoft-HTTPAPI/2.0"
        ],
        "x-ms-ratelimit-remaining-subscription-reads": [
          "11969"
        ],
        "x-ms-correlation-request-id": [
          "c0014f61-7ea8-41a2-9ed4-feb20fc3ddb0"
        ],
        "x-ms-routing-request-id": [
          "WESTUS:20210316T050459Z:c0014f61-7ea8-41a2-9ed4-feb20fc3ddb0"
        ],
        "Strict-Transport-Security": [
          "max-age=31536000; includeSubDomains"
        ],
        "X-Content-Type-Options": [
          "nosniff"
        ],
        "Date": [
          "Tue, 16 Mar 2021 05:04:59 GMT"
        ],
        "Content-Length": [
          "108"
        ],
        "Content-Type": [
          "application/json; charset=utf-8"
        ],
        "Expires": [
          "-1"
        ]
      },
      "ResponseBody": "{\r\n  \"name\": \"0bb37a41-36aa-47fb-8446-e0199a8d8440\",\r\n  \"status\": \"InProgress\",\r\n  \"startTime\": \"2021-03-16T05:04:54.007Z\"\r\n}",
      "StatusCode": 200
    },
    {
      "RequestUri": "/subscriptions/412b782d-2511-4c6d-98f2-3ea01b1c83c3/resourceGroups/sql-dm-cmdlet-test-rgps8754/providers/Microsoft.Sql/locations/westcentralus/serverAzureAsyncOperation/0bb37a41-36aa-47fb-8446-e0199a8d8440?api-version=2019-06-01-preview",
      "EncodedRequestUri": "L3N1YnNjcmlwdGlvbnMvNDEyYjc4MmQtMjUxMS00YzZkLTk4ZjItM2VhMDFiMWM4M2MzL3Jlc291cmNlR3JvdXBzL3NxbC1kbS1jbWRsZXQtdGVzdC1yZ3BzODc1NC9wcm92aWRlcnMvTWljcm9zb2Z0LlNxbC9sb2NhdGlvbnMvd2VzdGNlbnRyYWx1cy9zZXJ2ZXJBenVyZUFzeW5jT3BlcmF0aW9uLzBiYjM3YTQxLTM2YWEtNDdmYi04NDQ2LWUwMTk5YThkODQ0MD9hcGktdmVyc2lvbj0yMDE5LTA2LTAxLXByZXZpZXc=",
      "RequestMethod": "GET",
      "RequestBody": "",
      "RequestHeaders": {
        "x-ms-client-request-id": [
          "1922e54c-dd02-4cc8-b593-3d5b8becf2ed"
        ],
        "User-Agent": [
          "FxVersion/4.6.29812.02",
          "OSName/Windows",
          "OSVersion/Microsoft.Windows.10.0.14393.",
          "Microsoft.Azure.Management.Sql.SqlManagementClient/1.50.0.0"
        ]
      },
      "ResponseHeaders": {
        "Cache-Control": [
          "no-cache"
        ],
        "Pragma": [
          "no-cache"
        ],
        "Retry-After": [
          "20"
        ],
        "x-ms-request-id": [
          "b92fa2c9-1e1b-4c30-8c95-a2da531b90c4"
        ],
        "Server": [
          "Microsoft-HTTPAPI/2.0"
        ],
        "x-ms-ratelimit-remaining-subscription-reads": [
          "11968"
        ],
        "x-ms-correlation-request-id": [
          "8123f7d6-ca17-442d-ad78-22dbea44defb"
        ],
        "x-ms-routing-request-id": [
          "WESTUS:20210316T050519Z:8123f7d6-ca17-442d-ad78-22dbea44defb"
        ],
        "Strict-Transport-Security": [
          "max-age=31536000; includeSubDomains"
        ],
        "X-Content-Type-Options": [
          "nosniff"
        ],
        "Date": [
          "Tue, 16 Mar 2021 05:05:19 GMT"
        ],
        "Content-Length": [
          "108"
        ],
        "Content-Type": [
          "application/json; charset=utf-8"
        ],
        "Expires": [
          "-1"
        ]
      },
      "ResponseBody": "{\r\n  \"name\": \"0bb37a41-36aa-47fb-8446-e0199a8d8440\",\r\n  \"status\": \"InProgress\",\r\n  \"startTime\": \"2021-03-16T05:04:54.007Z\"\r\n}",
      "StatusCode": 200
    },
    {
      "RequestUri": "/subscriptions/412b782d-2511-4c6d-98f2-3ea01b1c83c3/resourceGroups/sql-dm-cmdlet-test-rgps8754/providers/Microsoft.Sql/locations/westcentralus/serverAzureAsyncOperation/0bb37a41-36aa-47fb-8446-e0199a8d8440?api-version=2019-06-01-preview",
      "EncodedRequestUri": "L3N1YnNjcmlwdGlvbnMvNDEyYjc4MmQtMjUxMS00YzZkLTk4ZjItM2VhMDFiMWM4M2MzL3Jlc291cmNlR3JvdXBzL3NxbC1kbS1jbWRsZXQtdGVzdC1yZ3BzODc1NC9wcm92aWRlcnMvTWljcm9zb2Z0LlNxbC9sb2NhdGlvbnMvd2VzdGNlbnRyYWx1cy9zZXJ2ZXJBenVyZUFzeW5jT3BlcmF0aW9uLzBiYjM3YTQxLTM2YWEtNDdmYi04NDQ2LWUwMTk5YThkODQ0MD9hcGktdmVyc2lvbj0yMDE5LTA2LTAxLXByZXZpZXc=",
      "RequestMethod": "GET",
      "RequestBody": "",
      "RequestHeaders": {
        "x-ms-client-request-id": [
          "1922e54c-dd02-4cc8-b593-3d5b8becf2ed"
        ],
        "User-Agent": [
          "FxVersion/4.6.29812.02",
          "OSName/Windows",
          "OSVersion/Microsoft.Windows.10.0.14393.",
          "Microsoft.Azure.Management.Sql.SqlManagementClient/1.50.0.0"
        ]
      },
      "ResponseHeaders": {
        "Cache-Control": [
          "no-cache"
        ],
        "Pragma": [
          "no-cache"
        ],
        "Retry-After": [
          "20"
        ],
        "x-ms-request-id": [
          "09e1e2f3-c861-4ebe-9160-9e8aca481907"
        ],
        "Server": [
          "Microsoft-HTTPAPI/2.0"
        ],
        "x-ms-ratelimit-remaining-subscription-reads": [
          "11967"
        ],
        "x-ms-correlation-request-id": [
          "dca26c39-8c13-4b95-894f-509e00b1e9b4"
        ],
        "x-ms-routing-request-id": [
          "WESTUS:20210316T050539Z:dca26c39-8c13-4b95-894f-509e00b1e9b4"
        ],
        "Strict-Transport-Security": [
          "max-age=31536000; includeSubDomains"
        ],
        "X-Content-Type-Options": [
          "nosniff"
        ],
        "Date": [
          "Tue, 16 Mar 2021 05:05:38 GMT"
        ],
        "Content-Length": [
          "108"
        ],
        "Content-Type": [
          "application/json; charset=utf-8"
        ],
        "Expires": [
          "-1"
        ]
      },
      "ResponseBody": "{\r\n  \"name\": \"0bb37a41-36aa-47fb-8446-e0199a8d8440\",\r\n  \"status\": \"InProgress\",\r\n  \"startTime\": \"2021-03-16T05:04:54.007Z\"\r\n}",
      "StatusCode": 200
    },
    {
      "RequestUri": "/subscriptions/412b782d-2511-4c6d-98f2-3ea01b1c83c3/resourceGroups/sql-dm-cmdlet-test-rgps8754/providers/Microsoft.Sql/locations/westcentralus/serverAzureAsyncOperation/0bb37a41-36aa-47fb-8446-e0199a8d8440?api-version=2019-06-01-preview",
      "EncodedRequestUri": "L3N1YnNjcmlwdGlvbnMvNDEyYjc4MmQtMjUxMS00YzZkLTk4ZjItM2VhMDFiMWM4M2MzL3Jlc291cmNlR3JvdXBzL3NxbC1kbS1jbWRsZXQtdGVzdC1yZ3BzODc1NC9wcm92aWRlcnMvTWljcm9zb2Z0LlNxbC9sb2NhdGlvbnMvd2VzdGNlbnRyYWx1cy9zZXJ2ZXJBenVyZUFzeW5jT3BlcmF0aW9uLzBiYjM3YTQxLTM2YWEtNDdmYi04NDQ2LWUwMTk5YThkODQ0MD9hcGktdmVyc2lvbj0yMDE5LTA2LTAxLXByZXZpZXc=",
      "RequestMethod": "GET",
      "RequestBody": "",
      "RequestHeaders": {
        "x-ms-client-request-id": [
          "1922e54c-dd02-4cc8-b593-3d5b8becf2ed"
        ],
        "User-Agent": [
          "FxVersion/4.6.29812.02",
          "OSName/Windows",
          "OSVersion/Microsoft.Windows.10.0.14393.",
          "Microsoft.Azure.Management.Sql.SqlManagementClient/1.50.0.0"
        ]
      },
      "ResponseHeaders": {
        "Cache-Control": [
          "no-cache"
        ],
        "Pragma": [
          "no-cache"
        ],
        "Retry-After": [
          "15"
        ],
        "x-ms-request-id": [
          "f91e17c6-7b14-4426-ab17-2d54ec1da731"
        ],
        "Server": [
          "Microsoft-HTTPAPI/2.0"
        ],
        "x-ms-ratelimit-remaining-subscription-reads": [
          "11966"
        ],
        "x-ms-correlation-request-id": [
          "e58358cc-b359-449e-9a79-55d9372609d4"
        ],
        "x-ms-routing-request-id": [
          "WESTUS:20210316T050559Z:e58358cc-b359-449e-9a79-55d9372609d4"
        ],
        "Strict-Transport-Security": [
          "max-age=31536000; includeSubDomains"
        ],
        "X-Content-Type-Options": [
          "nosniff"
        ],
        "Date": [
          "Tue, 16 Mar 2021 05:05:58 GMT"
        ],
        "Content-Length": [
          "107"
        ],
        "Content-Type": [
          "application/json; charset=utf-8"
        ],
        "Expires": [
          "-1"
        ]
      },
      "ResponseBody": "{\r\n  \"name\": \"0bb37a41-36aa-47fb-8446-e0199a8d8440\",\r\n  \"status\": \"Succeeded\",\r\n  \"startTime\": \"2021-03-16T05:04:54.007Z\"\r\n}",
      "StatusCode": 200
    },
    {
      "RequestUri": "/subscriptions/412b782d-2511-4c6d-98f2-3ea01b1c83c3/resourceGroups/sql-dm-cmdlet-test-rgps8754/providers/Microsoft.Sql/servers/sql-dm-cmdlet-serverps8754/firewallRules/ddmRule?api-version=2014-04-01",
      "EncodedRequestUri": "L3N1YnNjcmlwdGlvbnMvNDEyYjc4MmQtMjUxMS00YzZkLTk4ZjItM2VhMDFiMWM4M2MzL3Jlc291cmNlR3JvdXBzL3NxbC1kbS1jbWRsZXQtdGVzdC1yZ3BzODc1NC9wcm92aWRlcnMvTWljcm9zb2Z0LlNxbC9zZXJ2ZXJzL3NxbC1kbS1jbWRsZXQtc2VydmVycHM4NzU0L2ZpcmV3YWxsUnVsZXMvZGRtUnVsZT9hcGktdmVyc2lvbj0yMDE0LTA0LTAx",
      "RequestMethod": "GET",
      "RequestBody": "",
      "RequestHeaders": {
        "User-Agent": [
          "Microsoft.Azure.Management.Sql.LegacySdk.SqlManagementClient/2.16.0.0"
        ]
      },
      "ResponseHeaders": {
        "Cache-Control": [
          "no-store, no-cache"
        ],
        "x-ms-request-id": [
          "a7b9f113-30c4-4f2a-9b98-db04449d7397"
        ],
        "X-Content-Type-Options": [
          "nosniff"
        ],
        "DataServiceVersion": [
          "3.0;"
        ],
        "Strict-Transport-Security": [
          "max-age=31536000; includeSubDomains"
        ],
        "Server": [
          "Microsoft-HTTPAPI/2.0"
        ],
        "x-ms-ratelimit-remaining-subscription-reads": [
          "11991"
        ],
        "x-ms-correlation-request-id": [
          "0c65c4ab-3267-457b-a551-1c918fa36f5e"
        ],
        "x-ms-routing-request-id": [
          "WESTCENTRALUS:20210316T050600Z:0c65c4ab-3267-457b-a551-1c918fa36f5e"
        ],
        "Date": [
          "Tue, 16 Mar 2021 05:06:00 GMT"
        ],
        "Content-Length": [
          "136"
        ],
        "Content-Type": [
          "application/json"
        ]
      },
      "ResponseBody": "{\r\n  \"code\": \"NotFound\",\r\n  \"message\": \"Resource not found for the segment 'firewallRules'.\",\r\n  \"target\": null,\r\n  \"details\": [],\r\n  \"innererror\": []\r\n}",
      "StatusCode": 404
    },
    {
      "RequestUri": "/subscriptions/412b782d-2511-4c6d-98f2-3ea01b1c83c3/resourceGroups/sql-dm-cmdlet-test-rgps8754/providers/Microsoft.Sql/servers/sql-dm-cmdlet-serverps8754/firewallRules/ddmRule?api-version=2014-04-01",
      "EncodedRequestUri": "L3N1YnNjcmlwdGlvbnMvNDEyYjc4MmQtMjUxMS00YzZkLTk4ZjItM2VhMDFiMWM4M2MzL3Jlc291cmNlR3JvdXBzL3NxbC1kbS1jbWRsZXQtdGVzdC1yZ3BzODc1NC9wcm92aWRlcnMvTWljcm9zb2Z0LlNxbC9zZXJ2ZXJzL3NxbC1kbS1jbWRsZXQtc2VydmVycHM4NzU0L2ZpcmV3YWxsUnVsZXMvZGRtUnVsZT9hcGktdmVyc2lvbj0yMDE0LTA0LTAx",
      "RequestMethod": "PUT",
      "RequestBody": "{\r\n  \"properties\": {\r\n    \"startIpAddress\": \"0.0.0.0\",\r\n    \"endIpAddress\": \"255.255.255.255\"\r\n  }\r\n}",
      "RequestHeaders": {
        "User-Agent": [
          "Microsoft.Azure.Management.Sql.LegacySdk.SqlManagementClient/2.16.0.0"
        ],
        "Content-Type": [
          "application/json; charset=utf-8"
        ],
        "Content-Length": [
          "101"
        ]
      },
      "ResponseHeaders": {
        "Cache-Control": [
          "no-store, no-cache"
        ],
        "x-ms-request-id": [
          "0dbffa6b-2625-4abf-b72f-5b3aaf8ab6b5"
        ],
        "X-Content-Type-Options": [
          "nosniff"
        ],
        "Preference-Applied": [
          "return-content"
        ],
        "DataServiceVersion": [
          "3.0;"
        ],
        "Strict-Transport-Security": [
          "max-age=31536000; includeSubDomains"
        ],
        "Server": [
          "Microsoft-HTTPAPI/2.0"
        ],
        "x-ms-ratelimit-remaining-subscription-writes": [
          "1198"
        ],
        "x-ms-correlation-request-id": [
          "16e86af9-c5d5-404b-9cbd-62c920d3efd0"
        ],
        "x-ms-routing-request-id": [
          "WESTCENTRALUS:20210316T050600Z:16e86af9-c5d5-404b-9cbd-62c920d3efd0"
        ],
        "Date": [
          "Tue, 16 Mar 2021 05:06:00 GMT"
        ],
        "Content-Length": [
          "365"
        ],
        "Content-Type": [
          "application/json; odata=minimalmetadata; streaming=true; charset=utf-8"
        ]
      },
      "ResponseBody": "{\r\n  \"id\": \"/subscriptions/412b782d-2511-4c6d-98f2-3ea01b1c83c3/resourceGroups/sql-dm-cmdlet-test-rgps8754/providers/Microsoft.Sql/servers/sql-dm-cmdlet-serverps8754/firewallRules/ddmRule\",\r\n  \"name\": \"ddmRule\",\r\n  \"type\": \"Microsoft.Sql/servers/firewallRules\",\r\n  \"location\": \"West Central US\",\r\n  \"kind\": \"v12.0\",\r\n  \"properties\": {\r\n    \"startIpAddress\": \"0.0.0.0\",\r\n    \"endIpAddress\": \"255.255.255.255\"\r\n  }\r\n}",
      "StatusCode": 201
    },
    {
      "RequestUri": "/subscriptions/412b782d-2511-4c6d-98f2-3ea01b1c83c3/resourceGroups/sql-dm-cmdlet-test-rgps8754/providers/Microsoft.Sql/servers/sql-dm-cmdlet-serverps8754/databases/sql-dm-cmdlet-dbps8754?api-version=2020-11-01-preview",
      "EncodedRequestUri": "L3N1YnNjcmlwdGlvbnMvNDEyYjc4MmQtMjUxMS00YzZkLTk4ZjItM2VhMDFiMWM4M2MzL3Jlc291cmNlR3JvdXBzL3NxbC1kbS1jbWRsZXQtdGVzdC1yZ3BzODc1NC9wcm92aWRlcnMvTWljcm9zb2Z0LlNxbC9zZXJ2ZXJzL3NxbC1kbS1jbWRsZXQtc2VydmVycHM4NzU0L2RhdGFiYXNlcy9zcWwtZG0tY21kbGV0LWRicHM4NzU0P2FwaS12ZXJzaW9uPTIwMjAtMTEtMDEtcHJldmlldw==",
      "RequestMethod": "GET",
      "RequestBody": "",
      "RequestHeaders": {
        "x-ms-client-request-id": [
          "a156c946-e5cc-4bd4-a01e-81fb558c0c5d"
        ],
        "Accept-Language": [
          "en-US"
        ],
        "User-Agent": [
          "FxVersion/4.6.29812.02",
          "OSName/Windows",
          "OSVersion/Microsoft.Windows.10.0.14393.",
          "Microsoft.Azure.Management.Sql.SqlManagementClient/1.50.0.0"
        ]
      },
      "ResponseHeaders": {
        "Cache-Control": [
          "no-cache"
        ],
        "Pragma": [
          "no-cache"
        ],
        "x-ms-failure-cause": [
          "gateway"
        ],
        "x-ms-request-id": [
          "3945d9ae-de84-4ef8-be53-a217192f9b7f"
        ],
        "x-ms-correlation-request-id": [
          "3945d9ae-de84-4ef8-be53-a217192f9b7f"
        ],
        "x-ms-routing-request-id": [
          "WESTUS:20210316T050601Z:3945d9ae-de84-4ef8-be53-a217192f9b7f"
        ],
        "Strict-Transport-Security": [
          "max-age=31536000; includeSubDomains"
        ],
        "X-Content-Type-Options": [
          "nosniff"
        ],
        "Date": [
          "Tue, 16 Mar 2021 05:06:00 GMT"
        ],
        "Content-Type": [
          "application/json; charset=utf-8"
        ],
        "Expires": [
          "-1"
        ],
        "Content-Length": [
          "280"
        ]
      },
      "ResponseBody": "{\r\n  \"error\": {\r\n    \"code\": \"ResourceNotFound\",\r\n    \"message\": \"The Resource 'Microsoft.Sql/servers/sql-dm-cmdlet-serverps8754/databases/sql-dm-cmdlet-dbps8754' under resource group 'sql-dm-cmdlet-test-rgps8754' was not found. For more details please go to https://aka.ms/ARMResourceNotFoundFix\"\r\n  }\r\n}",
      "StatusCode": 404
    },
    {
      "RequestUri": "/subscriptions/412b782d-2511-4c6d-98f2-3ea01b1c83c3/resourceGroups/sql-dm-cmdlet-test-rgps8754/providers/Microsoft.Sql/servers/sql-dm-cmdlet-serverps8754/databases/sql-dm-cmdlet-dbps8754?api-version=2020-11-01-preview",
      "EncodedRequestUri": "L3N1YnNjcmlwdGlvbnMvNDEyYjc4MmQtMjUxMS00YzZkLTk4ZjItM2VhMDFiMWM4M2MzL3Jlc291cmNlR3JvdXBzL3NxbC1kbS1jbWRsZXQtdGVzdC1yZ3BzODc1NC9wcm92aWRlcnMvTWljcm9zb2Z0LlNxbC9zZXJ2ZXJzL3NxbC1kbS1jbWRsZXQtc2VydmVycHM4NzU0L2RhdGFiYXNlcy9zcWwtZG0tY21kbGV0LWRicHM4NzU0P2FwaS12ZXJzaW9uPTIwMjAtMTEtMDEtcHJldmlldw==",
      "RequestMethod": "GET",
      "RequestBody": "",
      "RequestHeaders": {
        "x-ms-client-request-id": [
          "a156c946-e5cc-4bd4-a01e-81fb558c0c5d"
        ],
        "User-Agent": [
          "FxVersion/4.6.29812.02",
          "OSName/Windows",
          "OSVersion/Microsoft.Windows.10.0.14393.",
          "Microsoft.Azure.Management.Sql.SqlManagementClient/1.50.0.0"
        ]
      },
      "ResponseHeaders": {
        "Cache-Control": [
          "no-cache"
        ],
        "Pragma": [
          "no-cache"
        ],
        "x-ms-request-id": [
          "ccca0860-14ef-4fb3-a318-fdc8570daa24"
        ],
        "Server": [
          "Microsoft-HTTPAPI/2.0"
        ],
        "x-ms-ratelimit-remaining-subscription-reads": [
          "11998"
        ],
        "x-ms-correlation-request-id": [
          "e794783d-7cbc-412e-94a6-7cd401567209"
        ],
        "x-ms-routing-request-id": [
          "WESTCENTRALUS:20210316T050721Z:e794783d-7cbc-412e-94a6-7cd401567209"
        ],
        "Strict-Transport-Security": [
          "max-age=31536000; includeSubDomains"
        ],
        "X-Content-Type-Options": [
          "nosniff"
        ],
        "Date": [
          "Tue, 16 Mar 2021 05:07:20 GMT"
        ],
        "Content-Length": [
          "1200"
        ],
        "Content-Type": [
          "application/json; charset=utf-8"
        ],
        "Expires": [
          "-1"
        ]
      },
      "ResponseBody": "{\r\n  \"sku\": {\r\n    \"name\": \"GP_Gen5\",\r\n    \"tier\": \"GeneralPurpose\",\r\n    \"family\": \"Gen5\",\r\n    \"capacity\": 2\r\n  },\r\n  \"kind\": \"v12.0,user,vcore\",\r\n  \"properties\": {\r\n    \"collation\": \"SQL_Latin1_General_CP1_CI_AS\",\r\n    \"maxSizeBytes\": 34359738368,\r\n    \"status\": \"Online\",\r\n    \"databaseId\": \"28856e21-9a8e-4d7a-97d8-ac9b45cccd21\",\r\n    \"creationDate\": \"2021-03-16T05:07:00.587Z\",\r\n    \"currentServiceObjectiveName\": \"GP_Gen5_2\",\r\n    \"requestedServiceObjectiveName\": \"GP_Gen5_2\",\r\n    \"defaultSecondaryLocation\": \"westus2\",\r\n    \"catalogCollation\": \"SQL_Latin1_General_CP1_CI_AS\",\r\n    \"zoneRedundant\": false,\r\n    \"licenseType\": \"LicenseIncluded\",\r\n    \"maxLogSizeBytes\": 68719476736,\r\n    \"readScale\": \"Disabled\",\r\n    \"currentSku\": {\r\n      \"name\": \"GP_Gen5\",\r\n      \"tier\": \"GeneralPurpose\",\r\n      \"family\": \"Gen5\",\r\n      \"capacity\": 2\r\n    },\r\n    \"currentBackupStorageRedundancy\": \"Geo\",\r\n    \"requestedBackupStorageRedundancy\": \"Geo\",\r\n    \"maintenanceConfigurationId\": \"/subscriptions/412b782d-2511-4c6d-98f2-3ea01b1c83c3/providers/Microsoft.Maintenance/publicMaintenanceConfigurations/SQL_Default\"\r\n  },\r\n  \"location\": \"westcentralus\",\r\n  \"id\": \"/subscriptions/412b782d-2511-4c6d-98f2-3ea01b1c83c3/resourceGroups/sql-dm-cmdlet-test-rgps8754/providers/Microsoft.Sql/servers/sql-dm-cmdlet-serverps8754/databases/sql-dm-cmdlet-dbps8754\",\r\n  \"name\": \"sql-dm-cmdlet-dbps8754\",\r\n  \"type\": \"Microsoft.Sql/servers/databases\"\r\n}",
      "StatusCode": 200
    },
    {
      "RequestUri": "/subscriptions/412b782d-2511-4c6d-98f2-3ea01b1c83c3/resourceGroups/sql-dm-cmdlet-test-rgps8754/providers/Microsoft.Sql/servers/sql-dm-cmdlet-serverps8754/databases/sql-dm-cmdlet-dbps8754?api-version=2020-11-01-preview",
      "EncodedRequestUri": "L3N1YnNjcmlwdGlvbnMvNDEyYjc4MmQtMjUxMS00YzZkLTk4ZjItM2VhMDFiMWM4M2MzL3Jlc291cmNlR3JvdXBzL3NxbC1kbS1jbWRsZXQtdGVzdC1yZ3BzODc1NC9wcm92aWRlcnMvTWljcm9zb2Z0LlNxbC9zZXJ2ZXJzL3NxbC1kbS1jbWRsZXQtc2VydmVycHM4NzU0L2RhdGFiYXNlcy9zcWwtZG0tY21kbGV0LWRicHM4NzU0P2FwaS12ZXJzaW9uPTIwMjAtMTEtMDEtcHJldmlldw==",
      "RequestMethod": "PUT",
      "RequestBody": "{\r\n  \"properties\": {\r\n    \"maxSizeBytes\": 0,\r\n    \"readScale\": \"\"\r\n  },\r\n  \"location\": \"westcentralus\"\r\n}",
      "RequestHeaders": {
        "x-ms-client-request-id": [
          "a156c946-e5cc-4bd4-a01e-81fb558c0c5d"
        ],
        "Accept-Language": [
          "en-US"
        ],
        "User-Agent": [
          "FxVersion/4.6.29812.02",
          "OSName/Windows",
          "OSVersion/Microsoft.Windows.10.0.14393.",
          "Microsoft.Azure.Management.Sql.SqlManagementClient/1.50.0.0"
        ],
        "Content-Type": [
          "application/json; charset=utf-8"
        ],
        "Content-Length": [
          "105"
        ]
      },
      "ResponseHeaders": {
        "Cache-Control": [
          "no-cache"
        ],
        "Pragma": [
          "no-cache"
        ],
        "Location": [
          "https://management.azure.com/subscriptions/412b782d-2511-4c6d-98f2-3ea01b1c83c3/resourceGroups/sql-dm-cmdlet-test-rgps8754/providers/Microsoft.Sql/locations/westcentralus/databaseOperationResults/6d5a1cb9-12d2-40ab-aef3-52f7342c0226?api-version=2020-11-01-preview"
        ],
        "Retry-After": [
          "15"
        ],
        "Azure-AsyncOperation": [
          "https://management.azure.com/subscriptions/412b782d-2511-4c6d-98f2-3ea01b1c83c3/resourceGroups/sql-dm-cmdlet-test-rgps8754/providers/Microsoft.Sql/locations/westcentralus/databaseAzureAsyncOperation/6d5a1cb9-12d2-40ab-aef3-52f7342c0226?api-version=2020-11-01-preview"
        ],
        "x-ms-request-id": [
          "6d5a1cb9-12d2-40ab-aef3-52f7342c0226"
        ],
        "Server": [
          "Microsoft-HTTPAPI/2.0"
        ],
        "x-ms-ratelimit-remaining-subscription-writes": [
          "1195"
        ],
        "x-ms-correlation-request-id": [
          "acfc829d-2a9a-40a4-8e62-402de68cf32f"
        ],
        "x-ms-routing-request-id": [
          "WESTUS:20210316T050602Z:acfc829d-2a9a-40a4-8e62-402de68cf32f"
        ],
        "Strict-Transport-Security": [
          "max-age=31536000; includeSubDomains"
        ],
        "X-Content-Type-Options": [
          "nosniff"
        ],
        "Date": [
          "Tue, 16 Mar 2021 05:06:01 GMT"
        ],
        "Content-Length": [
          "76"
        ],
        "Content-Type": [
          "application/json; charset=utf-8"
        ],
        "Expires": [
          "-1"
        ]
      },
      "ResponseBody": "{\r\n  \"operation\": \"CreateLogicalDatabase\",\r\n  \"startTime\": \"2021-03-16T05:06:02.053Z\"\r\n}",
      "StatusCode": 202
    },
    {
      "RequestUri": "/subscriptions/412b782d-2511-4c6d-98f2-3ea01b1c83c3/resourceGroups/sql-dm-cmdlet-test-rgps8754/providers/Microsoft.Sql/locations/westcentralus/databaseAzureAsyncOperation/6d5a1cb9-12d2-40ab-aef3-52f7342c0226?api-version=2020-11-01-preview",
      "EncodedRequestUri": "L3N1YnNjcmlwdGlvbnMvNDEyYjc4MmQtMjUxMS00YzZkLTk4ZjItM2VhMDFiMWM4M2MzL3Jlc291cmNlR3JvdXBzL3NxbC1kbS1jbWRsZXQtdGVzdC1yZ3BzODc1NC9wcm92aWRlcnMvTWljcm9zb2Z0LlNxbC9sb2NhdGlvbnMvd2VzdGNlbnRyYWx1cy9kYXRhYmFzZUF6dXJlQXN5bmNPcGVyYXRpb24vNmQ1YTFjYjktMTJkMi00MGFiLWFlZjMtNTJmNzM0MmMwMjI2P2FwaS12ZXJzaW9uPTIwMjAtMTEtMDEtcHJldmlldw==",
      "RequestMethod": "GET",
      "RequestBody": "",
      "RequestHeaders": {
        "x-ms-client-request-id": [
          "a156c946-e5cc-4bd4-a01e-81fb558c0c5d"
        ],
        "User-Agent": [
          "FxVersion/4.6.29812.02",
          "OSName/Windows",
          "OSVersion/Microsoft.Windows.10.0.14393.",
          "Microsoft.Azure.Management.Sql.SqlManagementClient/1.50.0.0"
        ]
      },
      "ResponseHeaders": {
        "Cache-Control": [
          "no-cache"
        ],
        "Pragma": [
          "no-cache"
        ],
        "Retry-After": [
          "15"
        ],
        "x-ms-request-id": [
          "4775e12d-a511-4fe1-b9a2-9f53cf004778"
        ],
        "Server": [
          "Microsoft-HTTPAPI/2.0"
        ],
        "x-ms-ratelimit-remaining-subscription-reads": [
          "11961"
        ],
        "x-ms-correlation-request-id": [
          "996b83d1-7702-4ea4-b3af-659cca91080c"
        ],
        "x-ms-routing-request-id": [
          "WESTUS:20210316T050617Z:996b83d1-7702-4ea4-b3af-659cca91080c"
        ],
        "Strict-Transport-Security": [
          "max-age=31536000; includeSubDomains"
        ],
        "X-Content-Type-Options": [
          "nosniff"
        ],
        "Date": [
          "Tue, 16 Mar 2021 05:06:17 GMT"
        ],
        "Content-Length": [
          "108"
        ],
        "Content-Type": [
          "application/json; charset=utf-8"
        ],
        "Expires": [
          "-1"
        ]
      },
      "ResponseBody": "{\r\n  \"name\": \"6d5a1cb9-12d2-40ab-aef3-52f7342c0226\",\r\n  \"status\": \"InProgress\",\r\n  \"startTime\": \"2021-03-16T05:06:02.053Z\"\r\n}",
      "StatusCode": 200
    },
    {
      "RequestUri": "/subscriptions/412b782d-2511-4c6d-98f2-3ea01b1c83c3/resourceGroups/sql-dm-cmdlet-test-rgps8754/providers/Microsoft.Sql/locations/westcentralus/databaseAzureAsyncOperation/6d5a1cb9-12d2-40ab-aef3-52f7342c0226?api-version=2020-11-01-preview",
      "EncodedRequestUri": "L3N1YnNjcmlwdGlvbnMvNDEyYjc4MmQtMjUxMS00YzZkLTk4ZjItM2VhMDFiMWM4M2MzL3Jlc291cmNlR3JvdXBzL3NxbC1kbS1jbWRsZXQtdGVzdC1yZ3BzODc1NC9wcm92aWRlcnMvTWljcm9zb2Z0LlNxbC9sb2NhdGlvbnMvd2VzdGNlbnRyYWx1cy9kYXRhYmFzZUF6dXJlQXN5bmNPcGVyYXRpb24vNmQ1YTFjYjktMTJkMi00MGFiLWFlZjMtNTJmNzM0MmMwMjI2P2FwaS12ZXJzaW9uPTIwMjAtMTEtMDEtcHJldmlldw==",
      "RequestMethod": "GET",
      "RequestBody": "",
      "RequestHeaders": {
        "x-ms-client-request-id": [
          "a156c946-e5cc-4bd4-a01e-81fb558c0c5d"
        ],
        "User-Agent": [
          "FxVersion/4.6.29812.02",
          "OSName/Windows",
          "OSVersion/Microsoft.Windows.10.0.14393.",
          "Microsoft.Azure.Management.Sql.SqlManagementClient/1.50.0.0"
        ]
      },
      "ResponseHeaders": {
        "Cache-Control": [
          "no-cache"
        ],
        "Pragma": [
          "no-cache"
        ],
        "Retry-After": [
          "15"
        ],
        "x-ms-request-id": [
          "bb656f9e-1f2d-49ee-9916-c702a5ec753a"
        ],
        "Server": [
          "Microsoft-HTTPAPI/2.0"
        ],
        "x-ms-ratelimit-remaining-subscription-reads": [
          "11960"
        ],
        "x-ms-correlation-request-id": [
          "4914a0e8-0b47-4288-ab0c-39ad5b473a12"
        ],
        "x-ms-routing-request-id": [
          "WESTUS:20210316T050632Z:4914a0e8-0b47-4288-ab0c-39ad5b473a12"
        ],
        "Strict-Transport-Security": [
          "max-age=31536000; includeSubDomains"
        ],
        "X-Content-Type-Options": [
          "nosniff"
        ],
        "Date": [
          "Tue, 16 Mar 2021 05:06:32 GMT"
        ],
        "Content-Length": [
          "108"
        ],
        "Content-Type": [
          "application/json; charset=utf-8"
        ],
        "Expires": [
          "-1"
        ]
      },
      "ResponseBody": "{\r\n  \"name\": \"6d5a1cb9-12d2-40ab-aef3-52f7342c0226\",\r\n  \"status\": \"InProgress\",\r\n  \"startTime\": \"2021-03-16T05:06:02.053Z\"\r\n}",
      "StatusCode": 200
    },
    {
      "RequestUri": "/subscriptions/412b782d-2511-4c6d-98f2-3ea01b1c83c3/resourceGroups/sql-dm-cmdlet-test-rgps8754/providers/Microsoft.Sql/locations/westcentralus/databaseAzureAsyncOperation/6d5a1cb9-12d2-40ab-aef3-52f7342c0226?api-version=2020-11-01-preview",
      "EncodedRequestUri": "L3N1YnNjcmlwdGlvbnMvNDEyYjc4MmQtMjUxMS00YzZkLTk4ZjItM2VhMDFiMWM4M2MzL3Jlc291cmNlR3JvdXBzL3NxbC1kbS1jbWRsZXQtdGVzdC1yZ3BzODc1NC9wcm92aWRlcnMvTWljcm9zb2Z0LlNxbC9sb2NhdGlvbnMvd2VzdGNlbnRyYWx1cy9kYXRhYmFzZUF6dXJlQXN5bmNPcGVyYXRpb24vNmQ1YTFjYjktMTJkMi00MGFiLWFlZjMtNTJmNzM0MmMwMjI2P2FwaS12ZXJzaW9uPTIwMjAtMTEtMDEtcHJldmlldw==",
      "RequestMethod": "GET",
      "RequestBody": "",
      "RequestHeaders": {
        "x-ms-client-request-id": [
          "a156c946-e5cc-4bd4-a01e-81fb558c0c5d"
        ],
        "User-Agent": [
          "FxVersion/4.6.29812.02",
          "OSName/Windows",
          "OSVersion/Microsoft.Windows.10.0.14393.",
          "Microsoft.Azure.Management.Sql.SqlManagementClient/1.50.0.0"
        ]
      },
      "ResponseHeaders": {
        "Cache-Control": [
          "no-cache"
        ],
        "Pragma": [
          "no-cache"
        ],
        "Retry-After": [
          "15"
        ],
        "x-ms-request-id": [
          "5d65fd39-585c-4f0a-95e1-8902cae5ca4f"
        ],
        "Server": [
          "Microsoft-HTTPAPI/2.0"
        ],
        "x-ms-ratelimit-remaining-subscription-reads": [
          "11959"
        ],
        "x-ms-correlation-request-id": [
          "0da7e2cc-b658-4d0c-9fd4-3a272fefeaff"
        ],
        "x-ms-routing-request-id": [
          "WESTUS:20210316T050647Z:0da7e2cc-b658-4d0c-9fd4-3a272fefeaff"
        ],
        "Strict-Transport-Security": [
          "max-age=31536000; includeSubDomains"
        ],
        "X-Content-Type-Options": [
          "nosniff"
        ],
        "Date": [
          "Tue, 16 Mar 2021 05:06:47 GMT"
        ],
        "Content-Length": [
          "108"
        ],
        "Content-Type": [
          "application/json; charset=utf-8"
        ],
        "Expires": [
          "-1"
        ]
      },
      "ResponseBody": "{\r\n  \"name\": \"6d5a1cb9-12d2-40ab-aef3-52f7342c0226\",\r\n  \"status\": \"InProgress\",\r\n  \"startTime\": \"2021-03-16T05:06:02.053Z\"\r\n}",
      "StatusCode": 200
    },
    {
      "RequestUri": "/subscriptions/412b782d-2511-4c6d-98f2-3ea01b1c83c3/resourceGroups/sql-dm-cmdlet-test-rgps8754/providers/Microsoft.Sql/locations/westcentralus/databaseAzureAsyncOperation/6d5a1cb9-12d2-40ab-aef3-52f7342c0226?api-version=2020-11-01-preview",
      "EncodedRequestUri": "L3N1YnNjcmlwdGlvbnMvNDEyYjc4MmQtMjUxMS00YzZkLTk4ZjItM2VhMDFiMWM4M2MzL3Jlc291cmNlR3JvdXBzL3NxbC1kbS1jbWRsZXQtdGVzdC1yZ3BzODc1NC9wcm92aWRlcnMvTWljcm9zb2Z0LlNxbC9sb2NhdGlvbnMvd2VzdGNlbnRyYWx1cy9kYXRhYmFzZUF6dXJlQXN5bmNPcGVyYXRpb24vNmQ1YTFjYjktMTJkMi00MGFiLWFlZjMtNTJmNzM0MmMwMjI2P2FwaS12ZXJzaW9uPTIwMjAtMTEtMDEtcHJldmlldw==",
      "RequestMethod": "GET",
      "RequestBody": "",
      "RequestHeaders": {
        "x-ms-client-request-id": [
          "a156c946-e5cc-4bd4-a01e-81fb558c0c5d"
        ],
        "User-Agent": [
          "FxVersion/4.6.29812.02",
          "OSName/Windows",
          "OSVersion/Microsoft.Windows.10.0.14393.",
          "Microsoft.Azure.Management.Sql.SqlManagementClient/1.50.0.0"
        ]
      },
      "ResponseHeaders": {
        "Cache-Control": [
          "no-cache"
        ],
        "Pragma": [
          "no-cache"
        ],
        "Retry-After": [
          "15"
        ],
        "x-ms-request-id": [
          "2abec9a3-8947-4b9e-b432-2953855f7880"
        ],
        "Server": [
          "Microsoft-HTTPAPI/2.0"
        ],
        "x-ms-ratelimit-remaining-subscription-reads": [
          "11999"
        ],
        "x-ms-correlation-request-id": [
          "76ee82f4-accd-441c-8398-fa3058977abf"
        ],
        "x-ms-routing-request-id": [
          "WESTCENTRALUS:20210316T050721Z:76ee82f4-accd-441c-8398-fa3058977abf"
        ],
        "Strict-Transport-Security": [
          "max-age=31536000; includeSubDomains"
        ],
        "X-Content-Type-Options": [
          "nosniff"
        ],
        "Date": [
          "Tue, 16 Mar 2021 05:07:20 GMT"
        ],
        "Content-Length": [
          "107"
        ],
        "Content-Type": [
          "application/json; charset=utf-8"
        ],
        "Expires": [
          "-1"
        ]
      },
      "ResponseBody": "{\r\n  \"name\": \"6d5a1cb9-12d2-40ab-aef3-52f7342c0226\",\r\n  \"status\": \"Succeeded\",\r\n  \"startTime\": \"2021-03-16T05:06:02.053Z\"\r\n}",
      "StatusCode": 200
    },
    {
      "RequestUri": "/subscriptions/412b782d-2511-4c6d-98f2-3ea01b1c83c3/resourceGroups/sql-dm-cmdlet-test-rgps8754/providers/Microsoft.Sql/servers/sql-dm-cmdlet-serverps8754/databases/sql-dm-cmdlet-dbps8754/dataMaskingPolicies/Default?api-version=2014-04-01",
      "EncodedRequestUri": "L3N1YnNjcmlwdGlvbnMvNDEyYjc4MmQtMjUxMS00YzZkLTk4ZjItM2VhMDFiMWM4M2MzL3Jlc291cmNlR3JvdXBzL3NxbC1kbS1jbWRsZXQtdGVzdC1yZ3BzODc1NC9wcm92aWRlcnMvTWljcm9zb2Z0LlNxbC9zZXJ2ZXJzL3NxbC1kbS1jbWRsZXQtc2VydmVycHM4NzU0L2RhdGFiYXNlcy9zcWwtZG0tY21kbGV0LWRicHM4NzU0L2RhdGFNYXNraW5nUG9saWNpZXMvRGVmYXVsdD9hcGktdmVyc2lvbj0yMDE0LTA0LTAx",
      "RequestMethod": "GET",
      "RequestBody": "",
      "RequestHeaders": {
        "User-Agent": [
          "Microsoft.Azure.Management.Sql.LegacySdk.SqlManagementClient/2.16.0.0"
        ]
      },
      "ResponseHeaders": {
        "Cache-Control": [
          "no-store, no-cache"
        ],
        "x-ms-request-id": [
          "94bc5314-ca51-40e5-977d-c1a7a283ddee"
        ],
        "X-Content-Type-Options": [
          "nosniff"
        ],
        "DataServiceVersion": [
          "3.0;"
        ],
        "Strict-Transport-Security": [
          "max-age=31536000; includeSubDomains"
        ],
        "Server": [
          "Microsoft-HTTPAPI/2.0"
        ],
        "x-ms-ratelimit-remaining-subscription-reads": [
          "11999"
        ],
        "x-ms-correlation-request-id": [
          "a2fbb137-adbf-4fa8-aecb-b6c7bb298933"
        ],
        "x-ms-routing-request-id": [
          "WESTCENTRALUS:20210316T050722Z:a2fbb137-adbf-4fa8-aecb-b6c7bb298933"
        ],
        "Date": [
          "Tue, 16 Mar 2021 05:07:22 GMT"
        ],
        "Content-Length": [
          "655"
        ],
        "Content-Type": [
          "application/json; odata=minimalmetadata; streaming=true; charset=utf-8"
        ]
      },
      "ResponseBody": "{\r\n  \"id\": \"/subscriptions/412b782d-2511-4c6d-98f2-3ea01b1c83c3/resourceGroups/sql-dm-cmdlet-test-rgps8754/providers/Microsoft.Sql/servers/sql-dm-cmdlet-serverps8754/databases/sql-dm-cmdlet-dbps8754/dataMaskingPolicies/Default\",\r\n  \"name\": \"Default\",\r\n  \"type\": \"Microsoft.Sql/servers/databases/dataMaskingPolicies\",\r\n  \"location\": \"West Central US\",\r\n  \"kind\": null,\r\n  \"managedBy\": \"/subscriptions/412b782d-2511-4c6d-98f2-3ea01b1c83c3/resourceGroups/sql-dm-cmdlet-test-rgps8754/providers/Microsoft.Sql/servers/sql-dm-cmdlet-serverps8754/databases/sql-dm-cmdlet-dbps8754\",\r\n  \"properties\": {\r\n    \"dataMaskingState\": \"Disabled\",\r\n    \"applicationPrincipals\": \"\",\r\n    \"exemptPrincipals\": \"\",\r\n    \"maskingLevel\": \"\"\r\n  }\r\n}",
      "StatusCode": 200
    },
    {
      "RequestUri": "/subscriptions/412b782d-2511-4c6d-98f2-3ea01b1c83c3/resourceGroups/sql-dm-cmdlet-test-rgps8754/providers/Microsoft.Sql/servers/sql-dm-cmdlet-serverps8754/databases/sql-dm-cmdlet-dbps8754/dataMaskingPolicies/Default?api-version=2014-04-01",
      "EncodedRequestUri": "L3N1YnNjcmlwdGlvbnMvNDEyYjc4MmQtMjUxMS00YzZkLTk4ZjItM2VhMDFiMWM4M2MzL3Jlc291cmNlR3JvdXBzL3NxbC1kbS1jbWRsZXQtdGVzdC1yZ3BzODc1NC9wcm92aWRlcnMvTWljcm9zb2Z0LlNxbC9zZXJ2ZXJzL3NxbC1kbS1jbWRsZXQtc2VydmVycHM4NzU0L2RhdGFiYXNlcy9zcWwtZG0tY21kbGV0LWRicHM4NzU0L2RhdGFNYXNraW5nUG9saWNpZXMvRGVmYXVsdD9hcGktdmVyc2lvbj0yMDE0LTA0LTAx",
      "RequestMethod": "GET",
      "RequestBody": "",
      "RequestHeaders": {
        "User-Agent": [
          "Microsoft.Azure.Management.Sql.LegacySdk.SqlManagementClient/2.16.0.0"
        ]
      },
      "ResponseHeaders": {
        "Cache-Control": [
          "no-store, no-cache"
        ],
        "x-ms-request-id": [
          "55e9a914-d38c-49b5-b8ea-67c84b417504"
        ],
        "X-Content-Type-Options": [
          "nosniff"
        ],
        "DataServiceVersion": [
          "3.0;"
        ],
        "Strict-Transport-Security": [
          "max-age=31536000; includeSubDomains"
        ],
        "Server": [
          "Microsoft-HTTPAPI/2.0"
        ],
        "x-ms-ratelimit-remaining-subscription-reads": [
          "11998"
        ],
        "x-ms-correlation-request-id": [
          "f0e5dc57-a445-4465-a448-caa6c388b92b"
        ],
        "x-ms-routing-request-id": [
          "WESTCENTRALUS:20210316T050723Z:f0e5dc57-a445-4465-a448-caa6c388b92b"
        ],
        "Date": [
          "Tue, 16 Mar 2021 05:07:22 GMT"
        ],
        "Content-Length": [
          "655"
        ],
        "Content-Type": [
          "application/json; odata=minimalmetadata; streaming=true; charset=utf-8"
        ]
      },
      "ResponseBody": "{\r\n  \"id\": \"/subscriptions/412b782d-2511-4c6d-98f2-3ea01b1c83c3/resourceGroups/sql-dm-cmdlet-test-rgps8754/providers/Microsoft.Sql/servers/sql-dm-cmdlet-serverps8754/databases/sql-dm-cmdlet-dbps8754/dataMaskingPolicies/Default\",\r\n  \"name\": \"Default\",\r\n  \"type\": \"Microsoft.Sql/servers/databases/dataMaskingPolicies\",\r\n  \"location\": \"West Central US\",\r\n  \"kind\": null,\r\n  \"managedBy\": \"/subscriptions/412b782d-2511-4c6d-98f2-3ea01b1c83c3/resourceGroups/sql-dm-cmdlet-test-rgps8754/providers/Microsoft.Sql/servers/sql-dm-cmdlet-serverps8754/databases/sql-dm-cmdlet-dbps8754\",\r\n  \"properties\": {\r\n    \"dataMaskingState\": \"Disabled\",\r\n    \"applicationPrincipals\": \"\",\r\n    \"exemptPrincipals\": \"\",\r\n    \"maskingLevel\": \"\"\r\n  }\r\n}",
      "StatusCode": 200
    },
    {
      "RequestUri": "/subscriptions/412b782d-2511-4c6d-98f2-3ea01b1c83c3/resourceGroups/sql-dm-cmdlet-test-rgps8754/providers/Microsoft.Sql/servers/sql-dm-cmdlet-serverps8754/databases/sql-dm-cmdlet-dbps8754/dataMaskingPolicies/Default?api-version=2014-04-01",
      "EncodedRequestUri": "L3N1YnNjcmlwdGlvbnMvNDEyYjc4MmQtMjUxMS00YzZkLTk4ZjItM2VhMDFiMWM4M2MzL3Jlc291cmNlR3JvdXBzL3NxbC1kbS1jbWRsZXQtdGVzdC1yZ3BzODc1NC9wcm92aWRlcnMvTWljcm9zb2Z0LlNxbC9zZXJ2ZXJzL3NxbC1kbS1jbWRsZXQtc2VydmVycHM4NzU0L2RhdGFiYXNlcy9zcWwtZG0tY21kbGV0LWRicHM4NzU0L2RhdGFNYXNraW5nUG9saWNpZXMvRGVmYXVsdD9hcGktdmVyc2lvbj0yMDE0LTA0LTAx",
      "RequestMethod": "GET",
      "RequestBody": "",
      "RequestHeaders": {
        "User-Agent": [
          "Microsoft.Azure.Management.Sql.LegacySdk.SqlManagementClient/2.16.0.0"
        ]
      },
      "ResponseHeaders": {
        "Cache-Control": [
          "no-store, no-cache"
        ],
        "x-ms-request-id": [
          "f0404eac-9893-4b0c-8cbb-c98fdea35640"
        ],
        "X-Content-Type-Options": [
          "nosniff"
        ],
        "DataServiceVersion": [
          "3.0;"
        ],
        "Strict-Transport-Security": [
          "max-age=31536000; includeSubDomains"
        ],
        "Server": [
          "Microsoft-HTTPAPI/2.0"
        ],
        "x-ms-ratelimit-remaining-subscription-reads": [
          "11997"
        ],
        "x-ms-correlation-request-id": [
          "1d55c4e5-b185-403a-b867-4e34b85ba9d1"
        ],
        "x-ms-routing-request-id": [
          "WESTCENTRALUS:20210316T050723Z:1d55c4e5-b185-403a-b867-4e34b85ba9d1"
        ],
        "Date": [
          "Tue, 16 Mar 2021 05:07:22 GMT"
        ],
        "Content-Length": [
          "661"
        ],
        "Content-Type": [
          "application/json; odata=minimalmetadata; streaming=true; charset=utf-8"
        ]
      },
      "ResponseBody": "{\r\n  \"id\": \"/subscriptions/412b782d-2511-4c6d-98f2-3ea01b1c83c3/resourceGroups/sql-dm-cmdlet-test-rgps8754/providers/Microsoft.Sql/servers/sql-dm-cmdlet-serverps8754/databases/sql-dm-cmdlet-dbps8754/dataMaskingPolicies/Default\",\r\n  \"name\": \"Default\",\r\n  \"type\": \"Microsoft.Sql/servers/databases/dataMaskingPolicies\",\r\n  \"location\": \"West Central US\",\r\n  \"kind\": null,\r\n  \"managedBy\": \"/subscriptions/412b782d-2511-4c6d-98f2-3ea01b1c83c3/resourceGroups/sql-dm-cmdlet-test-rgps8754/providers/Microsoft.Sql/servers/sql-dm-cmdlet-serverps8754/databases/sql-dm-cmdlet-dbps8754\",\r\n  \"properties\": {\r\n    \"dataMaskingState\": \"Enabled\",\r\n    \"applicationPrincipals\": \"\",\r\n    \"exemptPrincipals\": \"public;\",\r\n    \"maskingLevel\": \"\"\r\n  }\r\n}",
      "StatusCode": 200
    },
    {
      "RequestUri": "/subscriptions/412b782d-2511-4c6d-98f2-3ea01b1c83c3/resourceGroups/sql-dm-cmdlet-test-rgps8754/providers/Microsoft.Sql/servers/sql-dm-cmdlet-serverps8754/databases/sql-dm-cmdlet-dbps8754/dataMaskingPolicies/Default?api-version=2014-04-01",
      "EncodedRequestUri": "L3N1YnNjcmlwdGlvbnMvNDEyYjc4MmQtMjUxMS00YzZkLTk4ZjItM2VhMDFiMWM4M2MzL3Jlc291cmNlR3JvdXBzL3NxbC1kbS1jbWRsZXQtdGVzdC1yZ3BzODc1NC9wcm92aWRlcnMvTWljcm9zb2Z0LlNxbC9zZXJ2ZXJzL3NxbC1kbS1jbWRsZXQtc2VydmVycHM4NzU0L2RhdGFiYXNlcy9zcWwtZG0tY21kbGV0LWRicHM4NzU0L2RhdGFNYXNraW5nUG9saWNpZXMvRGVmYXVsdD9hcGktdmVyc2lvbj0yMDE0LTA0LTAx",
      "RequestMethod": "GET",
      "RequestBody": "",
      "RequestHeaders": {
        "User-Agent": [
          "Microsoft.Azure.Management.Sql.LegacySdk.SqlManagementClient/2.16.0.0"
        ]
      },
      "ResponseHeaders": {
        "Cache-Control": [
          "no-store, no-cache"
        ],
        "x-ms-request-id": [
          "26461e59-6a23-4491-97af-13eb35d1e081"
        ],
        "X-Content-Type-Options": [
          "nosniff"
        ],
        "DataServiceVersion": [
          "3.0;"
        ],
        "Strict-Transport-Security": [
          "max-age=31536000; includeSubDomains"
        ],
        "Server": [
          "Microsoft-HTTPAPI/2.0"
        ],
        "x-ms-ratelimit-remaining-subscription-reads": [
          "11996"
        ],
        "x-ms-correlation-request-id": [
          "c281289c-3bb8-4f20-a910-3662e4e3e1dc"
        ],
        "x-ms-routing-request-id": [
          "WESTCENTRALUS:20210316T050724Z:c281289c-3bb8-4f20-a910-3662e4e3e1dc"
        ],
        "Date": [
          "Tue, 16 Mar 2021 05:07:23 GMT"
        ],
        "Content-Length": [
          "661"
        ],
        "Content-Type": [
          "application/json; odata=minimalmetadata; streaming=true; charset=utf-8"
        ]
      },
      "ResponseBody": "{\r\n  \"id\": \"/subscriptions/412b782d-2511-4c6d-98f2-3ea01b1c83c3/resourceGroups/sql-dm-cmdlet-test-rgps8754/providers/Microsoft.Sql/servers/sql-dm-cmdlet-serverps8754/databases/sql-dm-cmdlet-dbps8754/dataMaskingPolicies/Default\",\r\n  \"name\": \"Default\",\r\n  \"type\": \"Microsoft.Sql/servers/databases/dataMaskingPolicies\",\r\n  \"location\": \"West Central US\",\r\n  \"kind\": null,\r\n  \"managedBy\": \"/subscriptions/412b782d-2511-4c6d-98f2-3ea01b1c83c3/resourceGroups/sql-dm-cmdlet-test-rgps8754/providers/Microsoft.Sql/servers/sql-dm-cmdlet-serverps8754/databases/sql-dm-cmdlet-dbps8754\",\r\n  \"properties\": {\r\n    \"dataMaskingState\": \"Enabled\",\r\n    \"applicationPrincipals\": \"\",\r\n    \"exemptPrincipals\": \"public;\",\r\n    \"maskingLevel\": \"\"\r\n  }\r\n}",
      "StatusCode": 200
    },
    {
      "RequestUri": "/subscriptions/412b782d-2511-4c6d-98f2-3ea01b1c83c3/resourceGroups/sql-dm-cmdlet-test-rgps8754/providers/Microsoft.Sql/servers/sql-dm-cmdlet-serverps8754/databases/sql-dm-cmdlet-dbps8754/dataMaskingPolicies/Default?api-version=2014-04-01",
      "EncodedRequestUri": "L3N1YnNjcmlwdGlvbnMvNDEyYjc4MmQtMjUxMS00YzZkLTk4ZjItM2VhMDFiMWM4M2MzL3Jlc291cmNlR3JvdXBzL3NxbC1kbS1jbWRsZXQtdGVzdC1yZ3BzODc1NC9wcm92aWRlcnMvTWljcm9zb2Z0LlNxbC9zZXJ2ZXJzL3NxbC1kbS1jbWRsZXQtc2VydmVycHM4NzU0L2RhdGFiYXNlcy9zcWwtZG0tY21kbGV0LWRicHM4NzU0L2RhdGFNYXNraW5nUG9saWNpZXMvRGVmYXVsdD9hcGktdmVyc2lvbj0yMDE0LTA0LTAx",
      "RequestMethod": "GET",
      "RequestBody": "",
      "RequestHeaders": {
        "User-Agent": [
          "Microsoft.Azure.Management.Sql.LegacySdk.SqlManagementClient/2.16.0.0"
        ]
      },
      "ResponseHeaders": {
        "Cache-Control": [
          "no-store, no-cache"
        ],
        "x-ms-request-id": [
          "2ac384bb-7d71-483e-9e8f-6e2fc0374283"
        ],
        "X-Content-Type-Options": [
          "nosniff"
        ],
        "DataServiceVersion": [
          "3.0;"
        ],
        "Strict-Transport-Security": [
          "max-age=31536000; includeSubDomains"
        ],
        "Server": [
          "Microsoft-HTTPAPI/2.0"
        ],
        "x-ms-ratelimit-remaining-subscription-reads": [
          "11995"
        ],
        "x-ms-correlation-request-id": [
          "837713c7-6fc7-43b2-a958-73cb2126e2fa"
        ],
        "x-ms-routing-request-id": [
          "WESTCENTRALUS:20210316T050724Z:837713c7-6fc7-43b2-a958-73cb2126e2fa"
        ],
        "Date": [
          "Tue, 16 Mar 2021 05:07:23 GMT"
        ],
        "Content-Length": [
          "655"
        ],
        "Content-Type": [
          "application/json; odata=minimalmetadata; streaming=true; charset=utf-8"
        ]
      },
      "ResponseBody": "{\r\n  \"id\": \"/subscriptions/412b782d-2511-4c6d-98f2-3ea01b1c83c3/resourceGroups/sql-dm-cmdlet-test-rgps8754/providers/Microsoft.Sql/servers/sql-dm-cmdlet-serverps8754/databases/sql-dm-cmdlet-dbps8754/dataMaskingPolicies/Default\",\r\n  \"name\": \"Default\",\r\n  \"type\": \"Microsoft.Sql/servers/databases/dataMaskingPolicies\",\r\n  \"location\": \"West Central US\",\r\n  \"kind\": null,\r\n  \"managedBy\": \"/subscriptions/412b782d-2511-4c6d-98f2-3ea01b1c83c3/resourceGroups/sql-dm-cmdlet-test-rgps8754/providers/Microsoft.Sql/servers/sql-dm-cmdlet-serverps8754/databases/sql-dm-cmdlet-dbps8754\",\r\n  \"properties\": {\r\n    \"dataMaskingState\": \"Disabled\",\r\n    \"applicationPrincipals\": \"\",\r\n    \"exemptPrincipals\": \"\",\r\n    \"maskingLevel\": \"\"\r\n  }\r\n}",
      "StatusCode": 200
    },
    {
      "RequestUri": "/subscriptions/412b782d-2511-4c6d-98f2-3ea01b1c83c3/resourceGroups/sql-dm-cmdlet-test-rgps8754/providers/Microsoft.Sql/servers/sql-dm-cmdlet-serverps8754/databases/sql-dm-cmdlet-dbps8754/dataMaskingPolicies/Default?api-version=2014-04-01",
      "EncodedRequestUri": "L3N1YnNjcmlwdGlvbnMvNDEyYjc4MmQtMjUxMS00YzZkLTk4ZjItM2VhMDFiMWM4M2MzL3Jlc291cmNlR3JvdXBzL3NxbC1kbS1jbWRsZXQtdGVzdC1yZ3BzODc1NC9wcm92aWRlcnMvTWljcm9zb2Z0LlNxbC9zZXJ2ZXJzL3NxbC1kbS1jbWRsZXQtc2VydmVycHM4NzU0L2RhdGFiYXNlcy9zcWwtZG0tY21kbGV0LWRicHM4NzU0L2RhdGFNYXNraW5nUG9saWNpZXMvRGVmYXVsdD9hcGktdmVyc2lvbj0yMDE0LTA0LTAx",
      "RequestMethod": "GET",
      "RequestBody": "",
      "RequestHeaders": {
        "User-Agent": [
          "Microsoft.Azure.Management.Sql.LegacySdk.SqlManagementClient/2.16.0.0"
        ]
      },
      "ResponseHeaders": {
        "Cache-Control": [
          "no-store, no-cache"
        ],
        "x-ms-request-id": [
          "0a29c8ff-5a50-489e-b812-cd532b069945"
        ],
        "X-Content-Type-Options": [
          "nosniff"
        ],
        "DataServiceVersion": [
          "3.0;"
        ],
        "Strict-Transport-Security": [
          "max-age=31536000; includeSubDomains"
        ],
        "Server": [
          "Microsoft-HTTPAPI/2.0"
        ],
        "x-ms-ratelimit-remaining-subscription-reads": [
          "11994"
        ],
        "x-ms-correlation-request-id": [
          "ce8ec523-59d9-49c9-a720-a2921195fd15"
        ],
        "x-ms-routing-request-id": [
          "WESTCENTRALUS:20210316T050724Z:ce8ec523-59d9-49c9-a720-a2921195fd15"
        ],
        "Date": [
          "Tue, 16 Mar 2021 05:07:23 GMT"
        ],
        "Content-Length": [
          "655"
        ],
        "Content-Type": [
          "application/json; odata=minimalmetadata; streaming=true; charset=utf-8"
        ]
      },
      "ResponseBody": "{\r\n  \"id\": \"/subscriptions/412b782d-2511-4c6d-98f2-3ea01b1c83c3/resourceGroups/sql-dm-cmdlet-test-rgps8754/providers/Microsoft.Sql/servers/sql-dm-cmdlet-serverps8754/databases/sql-dm-cmdlet-dbps8754/dataMaskingPolicies/Default\",\r\n  \"name\": \"Default\",\r\n  \"type\": \"Microsoft.Sql/servers/databases/dataMaskingPolicies\",\r\n  \"location\": \"West Central US\",\r\n  \"kind\": null,\r\n  \"managedBy\": \"/subscriptions/412b782d-2511-4c6d-98f2-3ea01b1c83c3/resourceGroups/sql-dm-cmdlet-test-rgps8754/providers/Microsoft.Sql/servers/sql-dm-cmdlet-serverps8754/databases/sql-dm-cmdlet-dbps8754\",\r\n  \"properties\": {\r\n    \"dataMaskingState\": \"Disabled\",\r\n    \"applicationPrincipals\": \"\",\r\n    \"exemptPrincipals\": \"\",\r\n    \"maskingLevel\": \"\"\r\n  }\r\n}",
      "StatusCode": 200
    },
    {
      "RequestUri": "/subscriptions/412b782d-2511-4c6d-98f2-3ea01b1c83c3/resourceGroups/sql-dm-cmdlet-test-rgps8754/providers/Microsoft.Sql/servers/sql-dm-cmdlet-serverps8754/databases/sql-dm-cmdlet-dbps8754/dataMaskingPolicies/Default?api-version=2014-04-01",
      "EncodedRequestUri": "L3N1YnNjcmlwdGlvbnMvNDEyYjc4MmQtMjUxMS00YzZkLTk4ZjItM2VhMDFiMWM4M2MzL3Jlc291cmNlR3JvdXBzL3NxbC1kbS1jbWRsZXQtdGVzdC1yZ3BzODc1NC9wcm92aWRlcnMvTWljcm9zb2Z0LlNxbC9zZXJ2ZXJzL3NxbC1kbS1jbWRsZXQtc2VydmVycHM4NzU0L2RhdGFiYXNlcy9zcWwtZG0tY21kbGV0LWRicHM4NzU0L2RhdGFNYXNraW5nUG9saWNpZXMvRGVmYXVsdD9hcGktdmVyc2lvbj0yMDE0LTA0LTAx",
      "RequestMethod": "GET",
      "RequestBody": "",
      "RequestHeaders": {
        "User-Agent": [
          "Microsoft.Azure.Management.Sql.LegacySdk.SqlManagementClient/2.16.0.0"
        ]
      },
      "ResponseHeaders": {
        "Cache-Control": [
          "no-store, no-cache"
        ],
        "x-ms-request-id": [
          "507def0a-a6bd-41fb-bf59-7c140dd83930"
        ],
        "X-Content-Type-Options": [
          "nosniff"
        ],
        "DataServiceVersion": [
          "3.0;"
        ],
        "Strict-Transport-Security": [
          "max-age=31536000; includeSubDomains"
        ],
        "Server": [
          "Microsoft-HTTPAPI/2.0"
        ],
        "x-ms-ratelimit-remaining-subscription-reads": [
          "11993"
        ],
        "x-ms-correlation-request-id": [
          "c0b35447-3d7c-4798-b219-8f9662297aac"
        ],
        "x-ms-routing-request-id": [
          "WESTCENTRALUS:20210316T050725Z:c0b35447-3d7c-4798-b219-8f9662297aac"
        ],
        "Date": [
          "Tue, 16 Mar 2021 05:07:24 GMT"
        ],
        "Content-Length": [
          "655"
        ],
        "Content-Type": [
          "application/json; odata=minimalmetadata; streaming=true; charset=utf-8"
        ]
      },
      "ResponseBody": "{\r\n  \"id\": \"/subscriptions/412b782d-2511-4c6d-98f2-3ea01b1c83c3/resourceGroups/sql-dm-cmdlet-test-rgps8754/providers/Microsoft.Sql/servers/sql-dm-cmdlet-serverps8754/databases/sql-dm-cmdlet-dbps8754/dataMaskingPolicies/Default\",\r\n  \"name\": \"Default\",\r\n  \"type\": \"Microsoft.Sql/servers/databases/dataMaskingPolicies\",\r\n  \"location\": \"West Central US\",\r\n  \"kind\": null,\r\n  \"managedBy\": \"/subscriptions/412b782d-2511-4c6d-98f2-3ea01b1c83c3/resourceGroups/sql-dm-cmdlet-test-rgps8754/providers/Microsoft.Sql/servers/sql-dm-cmdlet-serverps8754/databases/sql-dm-cmdlet-dbps8754\",\r\n  \"properties\": {\r\n    \"dataMaskingState\": \"Disabled\",\r\n    \"applicationPrincipals\": \"\",\r\n    \"exemptPrincipals\": \"\",\r\n    \"maskingLevel\": \"\"\r\n  }\r\n}",
      "StatusCode": 200
    },
    {
      "RequestUri": "/subscriptions/412b782d-2511-4c6d-98f2-3ea01b1c83c3/resourceGroups/sql-dm-cmdlet-test-rgps8754/providers/Microsoft.Sql/servers/sql-dm-cmdlet-serverps8754/databases/sql-dm-cmdlet-dbps8754/dataMaskingPolicies/Default?api-version=2014-04-01",
      "EncodedRequestUri": "L3N1YnNjcmlwdGlvbnMvNDEyYjc4MmQtMjUxMS00YzZkLTk4ZjItM2VhMDFiMWM4M2MzL3Jlc291cmNlR3JvdXBzL3NxbC1kbS1jbWRsZXQtdGVzdC1yZ3BzODc1NC9wcm92aWRlcnMvTWljcm9zb2Z0LlNxbC9zZXJ2ZXJzL3NxbC1kbS1jbWRsZXQtc2VydmVycHM4NzU0L2RhdGFiYXNlcy9zcWwtZG0tY21kbGV0LWRicHM4NzU0L2RhdGFNYXNraW5nUG9saWNpZXMvRGVmYXVsdD9hcGktdmVyc2lvbj0yMDE0LTA0LTAx",
      "RequestMethod": "GET",
      "RequestBody": "",
      "RequestHeaders": {
        "User-Agent": [
          "Microsoft.Azure.Management.Sql.LegacySdk.SqlManagementClient/2.16.0.0"
        ]
      },
      "ResponseHeaders": {
        "Cache-Control": [
          "no-store, no-cache"
        ],
        "x-ms-request-id": [
          "4020aeb6-7400-48a2-bed3-17ccf2d2b3a7"
        ],
        "X-Content-Type-Options": [
          "nosniff"
        ],
        "DataServiceVersion": [
          "3.0;"
        ],
        "Strict-Transport-Security": [
          "max-age=31536000; includeSubDomains"
        ],
        "Server": [
          "Microsoft-HTTPAPI/2.0"
        ],
        "x-ms-ratelimit-remaining-subscription-reads": [
          "11992"
        ],
        "x-ms-correlation-request-id": [
          "25a021cc-0b78-4f9d-a8be-d630a546a49d"
        ],
        "x-ms-routing-request-id": [
          "WESTCENTRALUS:20210316T050725Z:25a021cc-0b78-4f9d-a8be-d630a546a49d"
        ],
        "Date": [
          "Tue, 16 Mar 2021 05:07:24 GMT"
        ],
        "Content-Length": [
          "655"
        ],
        "Content-Type": [
          "application/json; odata=minimalmetadata; streaming=true; charset=utf-8"
        ]
      },
      "ResponseBody": "{\r\n  \"id\": \"/subscriptions/412b782d-2511-4c6d-98f2-3ea01b1c83c3/resourceGroups/sql-dm-cmdlet-test-rgps8754/providers/Microsoft.Sql/servers/sql-dm-cmdlet-serverps8754/databases/sql-dm-cmdlet-dbps8754/dataMaskingPolicies/Default\",\r\n  \"name\": \"Default\",\r\n  \"type\": \"Microsoft.Sql/servers/databases/dataMaskingPolicies\",\r\n  \"location\": \"West Central US\",\r\n  \"kind\": null,\r\n  \"managedBy\": \"/subscriptions/412b782d-2511-4c6d-98f2-3ea01b1c83c3/resourceGroups/sql-dm-cmdlet-test-rgps8754/providers/Microsoft.Sql/servers/sql-dm-cmdlet-serverps8754/databases/sql-dm-cmdlet-dbps8754\",\r\n  \"properties\": {\r\n    \"dataMaskingState\": \"Disabled\",\r\n    \"applicationPrincipals\": \"\",\r\n    \"exemptPrincipals\": \"\",\r\n    \"maskingLevel\": \"\"\r\n  }\r\n}",
      "StatusCode": 200
    },
    {
      "RequestUri": "/subscriptions/412b782d-2511-4c6d-98f2-3ea01b1c83c3/resourceGroups/sql-dm-cmdlet-test-rgps8754/providers/Microsoft.Sql/servers/sql-dm-cmdlet-serverps8754/databases/sql-dm-cmdlet-dbps8754/dataMaskingPolicies/Default?api-version=2014-04-01",
      "EncodedRequestUri": "L3N1YnNjcmlwdGlvbnMvNDEyYjc4MmQtMjUxMS00YzZkLTk4ZjItM2VhMDFiMWM4M2MzL3Jlc291cmNlR3JvdXBzL3NxbC1kbS1jbWRsZXQtdGVzdC1yZ3BzODc1NC9wcm92aWRlcnMvTWljcm9zb2Z0LlNxbC9zZXJ2ZXJzL3NxbC1kbS1jbWRsZXQtc2VydmVycHM4NzU0L2RhdGFiYXNlcy9zcWwtZG0tY21kbGV0LWRicHM4NzU0L2RhdGFNYXNraW5nUG9saWNpZXMvRGVmYXVsdD9hcGktdmVyc2lvbj0yMDE0LTA0LTAx",
      "RequestMethod": "GET",
      "RequestBody": "",
      "RequestHeaders": {
        "User-Agent": [
          "Microsoft.Azure.Management.Sql.LegacySdk.SqlManagementClient/2.16.0.0"
        ]
      },
      "ResponseHeaders": {
        "Cache-Control": [
          "no-store, no-cache"
        ],
        "x-ms-request-id": [
          "132b3c88-43be-47ce-8a3b-0ea289562e03"
        ],
        "X-Content-Type-Options": [
          "nosniff"
        ],
        "DataServiceVersion": [
          "3.0;"
        ],
        "Strict-Transport-Security": [
          "max-age=31536000; includeSubDomains"
        ],
        "Server": [
          "Microsoft-HTTPAPI/2.0"
        ],
        "x-ms-ratelimit-remaining-subscription-reads": [
          "11991"
        ],
        "x-ms-correlation-request-id": [
          "5d99eb80-a66d-4af2-9075-0f493fd8425f"
        ],
        "x-ms-routing-request-id": [
          "WESTCENTRALUS:20210316T050725Z:5d99eb80-a66d-4af2-9075-0f493fd8425f"
        ],
        "Date": [
          "Tue, 16 Mar 2021 05:07:25 GMT"
        ],
        "Content-Length": [
          "655"
        ],
        "Content-Type": [
          "application/json; odata=minimalmetadata; streaming=true; charset=utf-8"
        ]
      },
      "ResponseBody": "{\r\n  \"id\": \"/subscriptions/412b782d-2511-4c6d-98f2-3ea01b1c83c3/resourceGroups/sql-dm-cmdlet-test-rgps8754/providers/Microsoft.Sql/servers/sql-dm-cmdlet-serverps8754/databases/sql-dm-cmdlet-dbps8754/dataMaskingPolicies/Default\",\r\n  \"name\": \"Default\",\r\n  \"type\": \"Microsoft.Sql/servers/databases/dataMaskingPolicies\",\r\n  \"location\": \"West Central US\",\r\n  \"kind\": null,\r\n  \"managedBy\": \"/subscriptions/412b782d-2511-4c6d-98f2-3ea01b1c83c3/resourceGroups/sql-dm-cmdlet-test-rgps8754/providers/Microsoft.Sql/servers/sql-dm-cmdlet-serverps8754/databases/sql-dm-cmdlet-dbps8754\",\r\n  \"properties\": {\r\n    \"dataMaskingState\": \"Disabled\",\r\n    \"applicationPrincipals\": \"\",\r\n    \"exemptPrincipals\": \"\",\r\n    \"maskingLevel\": \"\"\r\n  }\r\n}",
      "StatusCode": 200
    },
    {
      "RequestUri": "/subscriptions/412b782d-2511-4c6d-98f2-3ea01b1c83c3/resourceGroups/sql-dm-cmdlet-test-rgps8754/providers/Microsoft.Sql/servers/sql-dm-cmdlet-serverps8754/databases/sql-dm-cmdlet-dbps8754/dataMaskingPolicies/Default?api-version=2014-04-01",
      "EncodedRequestUri": "L3N1YnNjcmlwdGlvbnMvNDEyYjc4MmQtMjUxMS00YzZkLTk4ZjItM2VhMDFiMWM4M2MzL3Jlc291cmNlR3JvdXBzL3NxbC1kbS1jbWRsZXQtdGVzdC1yZ3BzODc1NC9wcm92aWRlcnMvTWljcm9zb2Z0LlNxbC9zZXJ2ZXJzL3NxbC1kbS1jbWRsZXQtc2VydmVycHM4NzU0L2RhdGFiYXNlcy9zcWwtZG0tY21kbGV0LWRicHM4NzU0L2RhdGFNYXNraW5nUG9saWNpZXMvRGVmYXVsdD9hcGktdmVyc2lvbj0yMDE0LTA0LTAx",
      "RequestMethod": "GET",
      "RequestBody": "",
      "RequestHeaders": {
        "User-Agent": [
          "Microsoft.Azure.Management.Sql.LegacySdk.SqlManagementClient/2.16.0.0"
        ]
      },
      "ResponseHeaders": {
        "Cache-Control": [
          "no-store, no-cache"
        ],
        "x-ms-request-id": [
          "3053d769-fa0a-46a5-8983-345a5a578a21"
        ],
        "X-Content-Type-Options": [
          "nosniff"
        ],
        "DataServiceVersion": [
          "3.0;"
        ],
        "Strict-Transport-Security": [
          "max-age=31536000; includeSubDomains"
        ],
        "Server": [
          "Microsoft-HTTPAPI/2.0"
        ],
        "x-ms-ratelimit-remaining-subscription-reads": [
          "11990"
        ],
        "x-ms-correlation-request-id": [
          "67bca8f7-4005-4298-9c95-4733de22f3c8"
        ],
        "x-ms-routing-request-id": [
          "WESTCENTRALUS:20210316T050726Z:67bca8f7-4005-4298-9c95-4733de22f3c8"
        ],
        "Date": [
          "Tue, 16 Mar 2021 05:07:25 GMT"
        ],
        "Content-Length": [
          "655"
        ],
        "Content-Type": [
          "application/json; odata=minimalmetadata; streaming=true; charset=utf-8"
        ]
      },
      "ResponseBody": "{\r\n  \"id\": \"/subscriptions/412b782d-2511-4c6d-98f2-3ea01b1c83c3/resourceGroups/sql-dm-cmdlet-test-rgps8754/providers/Microsoft.Sql/servers/sql-dm-cmdlet-serverps8754/databases/sql-dm-cmdlet-dbps8754/dataMaskingPolicies/Default\",\r\n  \"name\": \"Default\",\r\n  \"type\": \"Microsoft.Sql/servers/databases/dataMaskingPolicies\",\r\n  \"location\": \"West Central US\",\r\n  \"kind\": null,\r\n  \"managedBy\": \"/subscriptions/412b782d-2511-4c6d-98f2-3ea01b1c83c3/resourceGroups/sql-dm-cmdlet-test-rgps8754/providers/Microsoft.Sql/servers/sql-dm-cmdlet-serverps8754/databases/sql-dm-cmdlet-dbps8754\",\r\n  \"properties\": {\r\n    \"dataMaskingState\": \"Disabled\",\r\n    \"applicationPrincipals\": \"\",\r\n    \"exemptPrincipals\": \"\",\r\n    \"maskingLevel\": \"\"\r\n  }\r\n}",
      "StatusCode": 200
    },
    {
      "RequestUri": "/subscriptions/412b782d-2511-4c6d-98f2-3ea01b1c83c3/resourceGroups/sql-dm-cmdlet-test-rgps8754/providers/Microsoft.Sql/servers/sql-dm-cmdlet-serverps8754/databases/sql-dm-cmdlet-dbps8754/dataMaskingPolicies/Default?api-version=2014-04-01",
      "EncodedRequestUri": "L3N1YnNjcmlwdGlvbnMvNDEyYjc4MmQtMjUxMS00YzZkLTk4ZjItM2VhMDFiMWM4M2MzL3Jlc291cmNlR3JvdXBzL3NxbC1kbS1jbWRsZXQtdGVzdC1yZ3BzODc1NC9wcm92aWRlcnMvTWljcm9zb2Z0LlNxbC9zZXJ2ZXJzL3NxbC1kbS1jbWRsZXQtc2VydmVycHM4NzU0L2RhdGFiYXNlcy9zcWwtZG0tY21kbGV0LWRicHM4NzU0L2RhdGFNYXNraW5nUG9saWNpZXMvRGVmYXVsdD9hcGktdmVyc2lvbj0yMDE0LTA0LTAx",
      "RequestMethod": "GET",
      "RequestBody": "",
      "RequestHeaders": {
        "User-Agent": [
          "Microsoft.Azure.Management.Sql.LegacySdk.SqlManagementClient/2.16.0.0"
        ]
      },
      "ResponseHeaders": {
        "Cache-Control": [
          "no-store, no-cache"
        ],
        "x-ms-request-id": [
          "a381fbbf-f8c4-463b-8489-f78f2aa46474"
        ],
        "X-Content-Type-Options": [
          "nosniff"
        ],
        "DataServiceVersion": [
          "3.0;"
        ],
        "Strict-Transport-Security": [
          "max-age=31536000; includeSubDomains"
        ],
        "Server": [
          "Microsoft-HTTPAPI/2.0"
        ],
        "x-ms-ratelimit-remaining-subscription-reads": [
          "11989"
        ],
        "x-ms-correlation-request-id": [
          "df4038e0-a30f-4035-808c-a62151b5787b"
        ],
        "x-ms-routing-request-id": [
          "WESTCENTRALUS:20210316T050726Z:df4038e0-a30f-4035-808c-a62151b5787b"
        ],
        "Date": [
          "Tue, 16 Mar 2021 05:07:25 GMT"
        ],
        "Content-Length": [
          "655"
        ],
        "Content-Type": [
          "application/json; odata=minimalmetadata; streaming=true; charset=utf-8"
        ]
      },
      "ResponseBody": "{\r\n  \"id\": \"/subscriptions/412b782d-2511-4c6d-98f2-3ea01b1c83c3/resourceGroups/sql-dm-cmdlet-test-rgps8754/providers/Microsoft.Sql/servers/sql-dm-cmdlet-serverps8754/databases/sql-dm-cmdlet-dbps8754/dataMaskingPolicies/Default\",\r\n  \"name\": \"Default\",\r\n  \"type\": \"Microsoft.Sql/servers/databases/dataMaskingPolicies\",\r\n  \"location\": \"West Central US\",\r\n  \"kind\": null,\r\n  \"managedBy\": \"/subscriptions/412b782d-2511-4c6d-98f2-3ea01b1c83c3/resourceGroups/sql-dm-cmdlet-test-rgps8754/providers/Microsoft.Sql/servers/sql-dm-cmdlet-serverps8754/databases/sql-dm-cmdlet-dbps8754\",\r\n  \"properties\": {\r\n    \"dataMaskingState\": \"Disabled\",\r\n    \"applicationPrincipals\": \"\",\r\n    \"exemptPrincipals\": \"\",\r\n    \"maskingLevel\": \"\"\r\n  }\r\n}",
      "StatusCode": 200
    },
    {
      "RequestUri": "/subscriptions/412b782d-2511-4c6d-98f2-3ea01b1c83c3/resourceGroups/sql-dm-cmdlet-test-rgps8754/providers/Microsoft.Sql/servers/sql-dm-cmdlet-serverps8754/databases/sql-dm-cmdlet-dbps8754/dataMaskingPolicies/Default?api-version=2014-04-01",
      "EncodedRequestUri": "L3N1YnNjcmlwdGlvbnMvNDEyYjc4MmQtMjUxMS00YzZkLTk4ZjItM2VhMDFiMWM4M2MzL3Jlc291cmNlR3JvdXBzL3NxbC1kbS1jbWRsZXQtdGVzdC1yZ3BzODc1NC9wcm92aWRlcnMvTWljcm9zb2Z0LlNxbC9zZXJ2ZXJzL3NxbC1kbS1jbWRsZXQtc2VydmVycHM4NzU0L2RhdGFiYXNlcy9zcWwtZG0tY21kbGV0LWRicHM4NzU0L2RhdGFNYXNraW5nUG9saWNpZXMvRGVmYXVsdD9hcGktdmVyc2lvbj0yMDE0LTA0LTAx",
      "RequestMethod": "PUT",
      "RequestBody": "{\r\n  \"properties\": {\r\n    \"dataMaskingState\": \"Enabled\",\r\n    \"exemptPrincipals\": \"public\"\r\n  }\r\n}",
      "RequestHeaders": {
        "User-Agent": [
          "Microsoft.Azure.Management.Sql.LegacySdk.SqlManagementClient/2.16.0.0"
        ],
        "Content-Type": [
          "application/json; charset=utf-8"
        ],
        "Content-Length": [
          "98"
        ]
      },
      "ResponseHeaders": {
        "Cache-Control": [
          "no-store, no-cache"
        ],
        "x-ms-request-id": [
          "617a02e2-dfa8-4ac3-bc41-b3c5e58d1735"
        ],
        "X-Content-Type-Options": [
          "nosniff"
        ],
        "Preference-Applied": [
          "return-content"
        ],
        "DataServiceVersion": [
          "3.0;"
        ],
        "Strict-Transport-Security": [
          "max-age=31536000; includeSubDomains"
        ],
        "Server": [
          "Microsoft-HTTPAPI/2.0"
        ],
        "x-ms-ratelimit-remaining-subscription-writes": [
          "1199"
        ],
        "x-ms-correlation-request-id": [
          "3b53bfa9-4469-4494-8bdd-0c4d44ff8c6f"
        ],
        "x-ms-routing-request-id": [
          "WESTCENTRALUS:20210316T050723Z:3b53bfa9-4469-4494-8bdd-0c4d44ff8c6f"
        ],
        "Date": [
          "Tue, 16 Mar 2021 05:07:22 GMT"
        ],
        "Content-Length": [
          "467"
        ],
        "Content-Type": [
          "application/json; odata=minimalmetadata; streaming=true; charset=utf-8"
        ]
      },
      "ResponseBody": "{\r\n  \"id\": \"/subscriptions/412b782d-2511-4c6d-98f2-3ea01b1c83c3/resourceGroups/sql-dm-cmdlet-test-rgps8754/providers/Microsoft.Sql/servers/sql-dm-cmdlet-serverps8754/databases/sql-dm-cmdlet-dbps8754/dataMaskingPolicies/Default\",\r\n  \"name\": \"Default\",\r\n  \"type\": \"Microsoft.Sql/servers/databases/dataMaskingPolicies\",\r\n  \"location\": null,\r\n  \"kind\": null,\r\n  \"managedBy\": null,\r\n  \"properties\": {\r\n    \"dataMaskingState\": \"Enabled\",\r\n    \"applicationPrincipals\": null,\r\n    \"exemptPrincipals\": \"public\",\r\n    \"maskingLevel\": null\r\n  }\r\n}",
      "StatusCode": 200
    },
    {
      "RequestUri": "/subscriptions/412b782d-2511-4c6d-98f2-3ea01b1c83c3/resourceGroups/sql-dm-cmdlet-test-rgps8754/providers/Microsoft.Sql/servers/sql-dm-cmdlet-serverps8754/databases/sql-dm-cmdlet-dbps8754/dataMaskingPolicies/Default?api-version=2014-04-01",
      "EncodedRequestUri": "L3N1YnNjcmlwdGlvbnMvNDEyYjc4MmQtMjUxMS00YzZkLTk4ZjItM2VhMDFiMWM4M2MzL3Jlc291cmNlR3JvdXBzL3NxbC1kbS1jbWRsZXQtdGVzdC1yZ3BzODc1NC9wcm92aWRlcnMvTWljcm9zb2Z0LlNxbC9zZXJ2ZXJzL3NxbC1kbS1jbWRsZXQtc2VydmVycHM4NzU0L2RhdGFiYXNlcy9zcWwtZG0tY21kbGV0LWRicHM4NzU0L2RhdGFNYXNraW5nUG9saWNpZXMvRGVmYXVsdD9hcGktdmVyc2lvbj0yMDE0LTA0LTAx",
      "RequestMethod": "PUT",
      "RequestBody": "{\r\n  \"properties\": {\r\n    \"dataMaskingState\": \"Enabled\",\r\n    \"exemptPrincipals\": \"\"\r\n  }\r\n}",
      "RequestHeaders": {
        "User-Agent": [
          "Microsoft.Azure.Management.Sql.LegacySdk.SqlManagementClient/2.16.0.0"
        ],
        "Content-Type": [
          "application/json; charset=utf-8"
        ],
        "Content-Length": [
          "92"
        ]
      },
      "ResponseHeaders": {
        "Cache-Control": [
          "no-store, no-cache"
        ],
        "x-ms-request-id": [
          "f1a0c97e-fff9-458d-9c00-b0e5ca85f3b7"
        ],
        "X-Content-Type-Options": [
          "nosniff"
        ],
        "Preference-Applied": [
          "return-content"
        ],
        "DataServiceVersion": [
          "3.0;"
        ],
        "Strict-Transport-Security": [
          "max-age=31536000; includeSubDomains"
        ],
        "Server": [
          "Microsoft-HTTPAPI/2.0"
        ],
        "x-ms-ratelimit-remaining-subscription-writes": [
          "1198"
        ],
        "x-ms-correlation-request-id": [
          "e2f2980a-ebeb-48a9-9f53-cf26af078f77"
        ],
        "x-ms-routing-request-id": [
          "WESTCENTRALUS:20210316T050724Z:e2f2980a-ebeb-48a9-9f53-cf26af078f77"
        ],
        "Date": [
          "Tue, 16 Mar 2021 05:07:23 GMT"
        ],
        "Content-Length": [
          "461"
        ],
        "Content-Type": [
          "application/json; odata=minimalmetadata; streaming=true; charset=utf-8"
        ]
      },
      "ResponseBody": "{\r\n  \"id\": \"/subscriptions/412b782d-2511-4c6d-98f2-3ea01b1c83c3/resourceGroups/sql-dm-cmdlet-test-rgps8754/providers/Microsoft.Sql/servers/sql-dm-cmdlet-serverps8754/databases/sql-dm-cmdlet-dbps8754/dataMaskingPolicies/Default\",\r\n  \"name\": \"Default\",\r\n  \"type\": \"Microsoft.Sql/servers/databases/dataMaskingPolicies\",\r\n  \"location\": null,\r\n  \"kind\": null,\r\n  \"managedBy\": null,\r\n  \"properties\": {\r\n    \"dataMaskingState\": \"Enabled\",\r\n    \"applicationPrincipals\": null,\r\n    \"exemptPrincipals\": \"\",\r\n    \"maskingLevel\": null\r\n  }\r\n}",
      "StatusCode": 200
    },
    {
      "RequestUri": "/subscriptions/412b782d-2511-4c6d-98f2-3ea01b1c83c3/resourceGroups/sql-dm-cmdlet-test-rgps8754/providers/Microsoft.Sql/servers/sql-dm-cmdlet-serverps8754/databases/sql-dm-cmdlet-dbps8754/dataMaskingPolicies/Default?api-version=2014-04-01",
      "EncodedRequestUri": "L3N1YnNjcmlwdGlvbnMvNDEyYjc4MmQtMjUxMS00YzZkLTk4ZjItM2VhMDFiMWM4M2MzL3Jlc291cmNlR3JvdXBzL3NxbC1kbS1jbWRsZXQtdGVzdC1yZ3BzODc1NC9wcm92aWRlcnMvTWljcm9zb2Z0LlNxbC9zZXJ2ZXJzL3NxbC1kbS1jbWRsZXQtc2VydmVycHM4NzU0L2RhdGFiYXNlcy9zcWwtZG0tY21kbGV0LWRicHM4NzU0L2RhdGFNYXNraW5nUG9saWNpZXMvRGVmYXVsdD9hcGktdmVyc2lvbj0yMDE0LTA0LTAx",
      "RequestMethod": "PUT",
      "RequestBody": "{\r\n  \"properties\": {\r\n    \"dataMaskingState\": \"Disabled\",\r\n    \"exemptPrincipals\": \"\"\r\n  }\r\n}",
      "RequestHeaders": {
        "User-Agent": [
          "Microsoft.Azure.Management.Sql.LegacySdk.SqlManagementClient/2.16.0.0"
        ],
        "Content-Type": [
          "application/json; charset=utf-8"
        ],
        "Content-Length": [
          "93"
        ]
      },
      "ResponseHeaders": {
        "Cache-Control": [
          "no-store, no-cache"
        ],
        "x-ms-request-id": [
          "d8b64ebd-9e9d-456b-8c7b-624e767953f7"
        ],
        "X-Content-Type-Options": [
          "nosniff"
        ],
        "Preference-Applied": [
          "return-content"
        ],
        "DataServiceVersion": [
          "3.0;"
        ],
        "Strict-Transport-Security": [
          "max-age=31536000; includeSubDomains"
        ],
        "Server": [
          "Microsoft-HTTPAPI/2.0"
        ],
        "x-ms-ratelimit-remaining-subscription-writes": [
          "1197"
        ],
        "x-ms-correlation-request-id": [
          "5a57ea2b-e491-4c6d-9623-e2fdda8e171d"
        ],
        "x-ms-routing-request-id": [
          "WESTCENTRALUS:20210316T050725Z:5a57ea2b-e491-4c6d-9623-e2fdda8e171d"
        ],
        "Date": [
          "Tue, 16 Mar 2021 05:07:24 GMT"
        ],
        "Content-Length": [
          "462"
        ],
        "Content-Type": [
          "application/json; odata=minimalmetadata; streaming=true; charset=utf-8"
        ]
      },
      "ResponseBody": "{\r\n  \"id\": \"/subscriptions/412b782d-2511-4c6d-98f2-3ea01b1c83c3/resourceGroups/sql-dm-cmdlet-test-rgps8754/providers/Microsoft.Sql/servers/sql-dm-cmdlet-serverps8754/databases/sql-dm-cmdlet-dbps8754/dataMaskingPolicies/Default\",\r\n  \"name\": \"Default\",\r\n  \"type\": \"Microsoft.Sql/servers/databases/dataMaskingPolicies\",\r\n  \"location\": null,\r\n  \"kind\": null,\r\n  \"managedBy\": null,\r\n  \"properties\": {\r\n    \"dataMaskingState\": \"Disabled\",\r\n    \"applicationPrincipals\": null,\r\n    \"exemptPrincipals\": \"\",\r\n    \"maskingLevel\": null\r\n  }\r\n}",
      "StatusCode": 200
    },
    {
      "RequestUri": "/subscriptions/412b782d-2511-4c6d-98f2-3ea01b1c83c3/resourceGroups/sql-dm-cmdlet-test-rgps8754/providers/Microsoft.Sql/servers/sql-dm-cmdlet-serverps8754/databases/sql-dm-cmdlet-dbps8754/dataMaskingPolicies/Default?api-version=2014-04-01",
      "EncodedRequestUri": "L3N1YnNjcmlwdGlvbnMvNDEyYjc4MmQtMjUxMS00YzZkLTk4ZjItM2VhMDFiMWM4M2MzL3Jlc291cmNlR3JvdXBzL3NxbC1kbS1jbWRsZXQtdGVzdC1yZ3BzODc1NC9wcm92aWRlcnMvTWljcm9zb2Z0LlNxbC9zZXJ2ZXJzL3NxbC1kbS1jbWRsZXQtc2VydmVycHM4NzU0L2RhdGFiYXNlcy9zcWwtZG0tY21kbGV0LWRicHM4NzU0L2RhdGFNYXNraW5nUG9saWNpZXMvRGVmYXVsdD9hcGktdmVyc2lvbj0yMDE0LTA0LTAx",
      "RequestMethod": "PUT",
      "RequestBody": "{\r\n  \"properties\": {\r\n    \"dataMaskingState\": \"Disabled\",\r\n    \"exemptPrincipals\": \"public\"\r\n  }\r\n}",
      "RequestHeaders": {
        "User-Agent": [
          "Microsoft.Azure.Management.Sql.LegacySdk.SqlManagementClient/2.16.0.0"
        ],
        "Content-Type": [
          "application/json; charset=utf-8"
        ],
        "Content-Length": [
          "99"
        ]
      },
      "ResponseHeaders": {
        "Cache-Control": [
          "no-store, no-cache"
        ],
        "x-ms-request-id": [
          "c2c44028-4bda-42e2-969c-ed0ee8088496"
        ],
        "X-Content-Type-Options": [
          "nosniff"
        ],
        "Preference-Applied": [
          "return-content"
        ],
        "DataServiceVersion": [
          "3.0;"
        ],
        "Strict-Transport-Security": [
          "max-age=31536000; includeSubDomains"
        ],
        "Server": [
          "Microsoft-HTTPAPI/2.0"
        ],
        "x-ms-ratelimit-remaining-subscription-writes": [
          "1196"
        ],
        "x-ms-correlation-request-id": [
          "61cc7eda-5bf7-4cd8-8eb8-7d00d9a4ceba"
        ],
        "x-ms-routing-request-id": [
          "WESTCENTRALUS:20210316T050725Z:61cc7eda-5bf7-4cd8-8eb8-7d00d9a4ceba"
        ],
        "Date": [
          "Tue, 16 Mar 2021 05:07:24 GMT"
        ],
        "Content-Length": [
          "468"
        ],
        "Content-Type": [
          "application/json; odata=minimalmetadata; streaming=true; charset=utf-8"
        ]
      },
      "ResponseBody": "{\r\n  \"id\": \"/subscriptions/412b782d-2511-4c6d-98f2-3ea01b1c83c3/resourceGroups/sql-dm-cmdlet-test-rgps8754/providers/Microsoft.Sql/servers/sql-dm-cmdlet-serverps8754/databases/sql-dm-cmdlet-dbps8754/dataMaskingPolicies/Default\",\r\n  \"name\": \"Default\",\r\n  \"type\": \"Microsoft.Sql/servers/databases/dataMaskingPolicies\",\r\n  \"location\": null,\r\n  \"kind\": null,\r\n  \"managedBy\": null,\r\n  \"properties\": {\r\n    \"dataMaskingState\": \"Disabled\",\r\n    \"applicationPrincipals\": null,\r\n    \"exemptPrincipals\": \"public\",\r\n    \"maskingLevel\": null\r\n  }\r\n}",
      "StatusCode": 200
    },
    {
      "RequestUri": "/subscriptions/412b782d-2511-4c6d-98f2-3ea01b1c83c3/resourceGroups/sql-dm-cmdlet-test-rgps8754/providers/Microsoft.Sql/servers/sql-dm-cmdlet-serverps8754/databases/sql-dm-cmdlet-dbps8754/dataMaskingPolicies/Default?api-version=2014-04-01",
      "EncodedRequestUri": "L3N1YnNjcmlwdGlvbnMvNDEyYjc4MmQtMjUxMS00YzZkLTk4ZjItM2VhMDFiMWM4M2MzL3Jlc291cmNlR3JvdXBzL3NxbC1kbS1jbWRsZXQtdGVzdC1yZ3BzODc1NC9wcm92aWRlcnMvTWljcm9zb2Z0LlNxbC9zZXJ2ZXJzL3NxbC1kbS1jbWRsZXQtc2VydmVycHM4NzU0L2RhdGFiYXNlcy9zcWwtZG0tY21kbGV0LWRicHM4NzU0L2RhdGFNYXNraW5nUG9saWNpZXMvRGVmYXVsdD9hcGktdmVyc2lvbj0yMDE0LTA0LTAx",
      "RequestMethod": "PUT",
      "RequestBody": "{\r\n  \"properties\": {\r\n    \"dataMaskingState\": \"Disabled\",\r\n    \"exemptPrincipals\": \"\"\r\n  }\r\n}",
      "RequestHeaders": {
        "User-Agent": [
          "Microsoft.Azure.Management.Sql.LegacySdk.SqlManagementClient/2.16.0.0"
        ],
        "Content-Type": [
          "application/json; charset=utf-8"
        ],
        "Content-Length": [
          "93"
        ]
      },
      "ResponseHeaders": {
        "Cache-Control": [
          "no-store, no-cache"
        ],
        "x-ms-request-id": [
          "16183566-7e25-4f7c-b8f4-7f323e0b4b4e"
        ],
        "X-Content-Type-Options": [
          "nosniff"
        ],
        "Preference-Applied": [
          "return-content"
        ],
        "DataServiceVersion": [
          "3.0;"
        ],
        "Strict-Transport-Security": [
          "max-age=31536000; includeSubDomains"
        ],
        "Server": [
          "Microsoft-HTTPAPI/2.0"
        ],
        "x-ms-ratelimit-remaining-subscription-writes": [
          "1195"
        ],
        "x-ms-correlation-request-id": [
          "794f7ed2-ee2d-4bff-aaf6-84a3aaca15d8"
        ],
        "x-ms-routing-request-id": [
          "WESTCENTRALUS:20210316T050726Z:794f7ed2-ee2d-4bff-aaf6-84a3aaca15d8"
        ],
        "Date": [
          "Tue, 16 Mar 2021 05:07:25 GMT"
        ],
        "Content-Length": [
          "462"
        ],
        "Content-Type": [
          "application/json; odata=minimalmetadata; streaming=true; charset=utf-8"
        ]
      },
      "ResponseBody": "{\r\n  \"id\": \"/subscriptions/412b782d-2511-4c6d-98f2-3ea01b1c83c3/resourceGroups/sql-dm-cmdlet-test-rgps8754/providers/Microsoft.Sql/servers/sql-dm-cmdlet-serverps8754/databases/sql-dm-cmdlet-dbps8754/dataMaskingPolicies/Default\",\r\n  \"name\": \"Default\",\r\n  \"type\": \"Microsoft.Sql/servers/databases/dataMaskingPolicies\",\r\n  \"location\": null,\r\n  \"kind\": null,\r\n  \"managedBy\": null,\r\n  \"properties\": {\r\n    \"dataMaskingState\": \"Disabled\",\r\n    \"applicationPrincipals\": null,\r\n    \"exemptPrincipals\": \"\",\r\n    \"maskingLevel\": null\r\n  }\r\n}",
      "StatusCode": 200
    },
    {
      "RequestUri": "/subscriptions/412b782d-2511-4c6d-98f2-3ea01b1c83c3/resourcegroups/sql-dm-cmdlet-test-rgps8754?api-version=2016-09-01",
      "EncodedRequestUri": "L3N1YnNjcmlwdGlvbnMvNDEyYjc4MmQtMjUxMS00YzZkLTk4ZjItM2VhMDFiMWM4M2MzL3Jlc291cmNlZ3JvdXBzL3NxbC1kbS1jbWRsZXQtdGVzdC1yZ3BzODc1ND9hcGktdmVyc2lvbj0yMDE2LTA5LTAx",
      "RequestMethod": "DELETE",
      "RequestBody": "",
      "RequestHeaders": {
        "x-ms-client-request-id": [
          "d967815b-b055-4258-b6ea-13103fda8d1e"
        ],
        "Accept-Language": [
          "en-US"
        ],
        "User-Agent": [
          "FxVersion/4.6.29812.02",
          "OSName/Windows",
          "OSVersion/Microsoft.Windows.10.0.14393.",
          "Microsoft.Azure.Management.Internal.Resources.ResourceManagementClient/1.3.31"
        ]
      },
      "ResponseHeaders": {
        "Cache-Control": [
          "no-cache"
        ],
        "Pragma": [
          "no-cache"
        ],
        "Location": [
          "https://management.azure.com/subscriptions/412b782d-2511-4c6d-98f2-3ea01b1c83c3/operationresults/eyJqb2JJZCI6IlJFU09VUkNFR1JPVVBERUxFVElPTkpPQi1TUUw6MkRETToyRENNRExFVDoyRFRFU1Q6MkRSR1BTODc1NC1XRVNUQ0VOVFJBTFVTIiwiam9iTG9jYXRpb24iOiJ3ZXN0Y2VudHJhbHVzIn0?api-version=2016-09-01"
        ],
        "Retry-After": [
          "15"
        ],
        "x-ms-ratelimit-remaining-subscription-deletes": [
          "14999"
        ],
        "x-ms-request-id": [
          "864f1d98-8d1a-4c21-8b59-3e771159694c"
        ],
        "x-ms-correlation-request-id": [
          "864f1d98-8d1a-4c21-8b59-3e771159694c"
        ],
        "x-ms-routing-request-id": [
          "WESTCENTRALUS:20210316T050726Z:864f1d98-8d1a-4c21-8b59-3e771159694c"
        ],
        "Strict-Transport-Security": [
          "max-age=31536000; includeSubDomains"
        ],
        "X-Content-Type-Options": [
          "nosniff"
        ],
        "Date": [
          "Tue, 16 Mar 2021 05:07:25 GMT"
        ],
        "Expires": [
          "-1"
        ],
        "Content-Length": [
          "0"
        ]
      },
      "ResponseBody": "",
      "StatusCode": 202
    },
    {
      "RequestUri": "/subscriptions/412b782d-2511-4c6d-98f2-3ea01b1c83c3/operationresults/eyJqb2JJZCI6IlJFU09VUkNFR1JPVVBERUxFVElPTkpPQi1TUUw6MkRETToyRENNRExFVDoyRFRFU1Q6MkRSR1BTODc1NC1XRVNUQ0VOVFJBTFVTIiwiam9iTG9jYXRpb24iOiJ3ZXN0Y2VudHJhbHVzIn0?api-version=2016-09-01",
      "EncodedRequestUri": "L3N1YnNjcmlwdGlvbnMvNDEyYjc4MmQtMjUxMS00YzZkLTk4ZjItM2VhMDFiMWM4M2MzL29wZXJhdGlvbnJlc3VsdHMvZXlKcWIySkpaQ0k2SWxKRlUwOVZVa05GUjFKUFZWQkVSVXhGVkVsUFRrcFBRaTFUVVV3Nk1rUkVUVG95UkVOTlJFeEZWRG95UkZSRlUxUTZNa1JTUjFCVE9EYzFOQzFYUlZOVVEwVk9WRkpCVEZWVElpd2lhbTlpVEc5allYUnBiMjRpT2lKM1pYTjBZMlZ1ZEhKaGJIVnpJbjA/YXBpLXZlcnNpb249MjAxNi0wOS0wMQ==",
      "RequestMethod": "GET",
      "RequestBody": "",
      "RequestHeaders": {
        "User-Agent": [
          "FxVersion/4.6.29812.02",
          "OSName/Windows",
          "OSVersion/Microsoft.Windows.10.0.14393.",
          "Microsoft.Azure.Management.Internal.Resources.ResourceManagementClient/1.3.31"
        ]
      },
      "ResponseHeaders": {
        "Cache-Control": [
          "no-cache"
        ],
        "Pragma": [
          "no-cache"
        ],
        "Location": [
          "https://management.azure.com/subscriptions/412b782d-2511-4c6d-98f2-3ea01b1c83c3/operationresults/eyJqb2JJZCI6IlJFU09VUkNFR1JPVVBERUxFVElPTkpPQi1TUUw6MkRETToyRENNRExFVDoyRFRFU1Q6MkRSR1BTODc1NC1XRVNUQ0VOVFJBTFVTIiwiam9iTG9jYXRpb24iOiJ3ZXN0Y2VudHJhbHVzIn0?api-version=2016-09-01"
        ],
        "Retry-After": [
          "15"
        ],
        "x-ms-ratelimit-remaining-subscription-reads": [
          "11999"
        ],
        "x-ms-request-id": [
          "6f349b19-5316-40c1-920f-1381ba001739"
        ],
        "x-ms-correlation-request-id": [
          "6f349b19-5316-40c1-920f-1381ba001739"
        ],
        "x-ms-routing-request-id": [
          "WESTCENTRALUS:20210316T050741Z:6f349b19-5316-40c1-920f-1381ba001739"
        ],
        "Strict-Transport-Security": [
          "max-age=31536000; includeSubDomains"
        ],
        "X-Content-Type-Options": [
          "nosniff"
        ],
        "Date": [
          "Tue, 16 Mar 2021 05:07:41 GMT"
        ],
        "Expires": [
          "-1"
        ],
        "Content-Length": [
          "0"
        ]
      },
      "ResponseBody": "",
      "StatusCode": 202
    },
    {
      "RequestUri": "/subscriptions/412b782d-2511-4c6d-98f2-3ea01b1c83c3/operationresults/eyJqb2JJZCI6IlJFU09VUkNFR1JPVVBERUxFVElPTkpPQi1TUUw6MkRETToyRENNRExFVDoyRFRFU1Q6MkRSR1BTODc1NC1XRVNUQ0VOVFJBTFVTIiwiam9iTG9jYXRpb24iOiJ3ZXN0Y2VudHJhbHVzIn0?api-version=2016-09-01",
      "EncodedRequestUri": "L3N1YnNjcmlwdGlvbnMvNDEyYjc4MmQtMjUxMS00YzZkLTk4ZjItM2VhMDFiMWM4M2MzL29wZXJhdGlvbnJlc3VsdHMvZXlKcWIySkpaQ0k2SWxKRlUwOVZVa05GUjFKUFZWQkVSVXhGVkVsUFRrcFBRaTFUVVV3Nk1rUkVUVG95UkVOTlJFeEZWRG95UkZSRlUxUTZNa1JTUjFCVE9EYzFOQzFYUlZOVVEwVk9WRkpCVEZWVElpd2lhbTlpVEc5allYUnBiMjRpT2lKM1pYTjBZMlZ1ZEhKaGJIVnpJbjA/YXBpLXZlcnNpb249MjAxNi0wOS0wMQ==",
      "RequestMethod": "GET",
      "RequestBody": "",
      "RequestHeaders": {
        "User-Agent": [
          "FxVersion/4.6.29812.02",
          "OSName/Windows",
          "OSVersion/Microsoft.Windows.10.0.14393.",
          "Microsoft.Azure.Management.Internal.Resources.ResourceManagementClient/1.3.31"
        ]
      },
      "ResponseHeaders": {
        "Cache-Control": [
          "no-cache"
        ],
        "Pragma": [
          "no-cache"
        ],
        "Location": [
          "https://management.azure.com/subscriptions/412b782d-2511-4c6d-98f2-3ea01b1c83c3/operationresults/eyJqb2JJZCI6IlJFU09VUkNFR1JPVVBERUxFVElPTkpPQi1TUUw6MkRETToyRENNRExFVDoyRFRFU1Q6MkRSR1BTODc1NC1XRVNUQ0VOVFJBTFVTIiwiam9iTG9jYXRpb24iOiJ3ZXN0Y2VudHJhbHVzIn0?api-version=2016-09-01"
        ],
        "Retry-After": [
          "15"
        ],
        "x-ms-ratelimit-remaining-subscription-reads": [
          "11998"
        ],
        "x-ms-request-id": [
          "7bdd834d-4aed-49da-86d0-a13d8d9b33e8"
        ],
        "x-ms-correlation-request-id": [
          "7bdd834d-4aed-49da-86d0-a13d8d9b33e8"
        ],
        "x-ms-routing-request-id": [
          "WESTCENTRALUS:20210316T050756Z:7bdd834d-4aed-49da-86d0-a13d8d9b33e8"
        ],
        "Strict-Transport-Security": [
          "max-age=31536000; includeSubDomains"
        ],
        "X-Content-Type-Options": [
          "nosniff"
        ],
        "Date": [
          "Tue, 16 Mar 2021 05:07:56 GMT"
        ],
        "Expires": [
          "-1"
        ],
        "Content-Length": [
          "0"
        ]
      },
      "ResponseBody": "",
      "StatusCode": 202
    },
    {
      "RequestUri": "/subscriptions/412b782d-2511-4c6d-98f2-3ea01b1c83c3/operationresults/eyJqb2JJZCI6IlJFU09VUkNFR1JPVVBERUxFVElPTkpPQi1TUUw6MkRETToyRENNRExFVDoyRFRFU1Q6MkRSR1BTODc1NC1XRVNUQ0VOVFJBTFVTIiwiam9iTG9jYXRpb24iOiJ3ZXN0Y2VudHJhbHVzIn0?api-version=2016-09-01",
      "EncodedRequestUri": "L3N1YnNjcmlwdGlvbnMvNDEyYjc4MmQtMjUxMS00YzZkLTk4ZjItM2VhMDFiMWM4M2MzL29wZXJhdGlvbnJlc3VsdHMvZXlKcWIySkpaQ0k2SWxKRlUwOVZVa05GUjFKUFZWQkVSVXhGVkVsUFRrcFBRaTFUVVV3Nk1rUkVUVG95UkVOTlJFeEZWRG95UkZSRlUxUTZNa1JTUjFCVE9EYzFOQzFYUlZOVVEwVk9WRkpCVEZWVElpd2lhbTlpVEc5allYUnBiMjRpT2lKM1pYTjBZMlZ1ZEhKaGJIVnpJbjA/YXBpLXZlcnNpb249MjAxNi0wOS0wMQ==",
      "RequestMethod": "GET",
      "RequestBody": "",
      "RequestHeaders": {
        "User-Agent": [
          "FxVersion/4.6.29812.02",
          "OSName/Windows",
          "OSVersion/Microsoft.Windows.10.0.14393.",
          "Microsoft.Azure.Management.Internal.Resources.ResourceManagementClient/1.3.31"
        ]
      },
      "ResponseHeaders": {
        "Cache-Control": [
          "no-cache"
        ],
        "Pragma": [
          "no-cache"
        ],
        "Location": [
          "https://management.azure.com/subscriptions/412b782d-2511-4c6d-98f2-3ea01b1c83c3/operationresults/eyJqb2JJZCI6IlJFU09VUkNFR1JPVVBERUxFVElPTkpPQi1TUUw6MkRETToyRENNRExFVDoyRFRFU1Q6MkRSR1BTODc1NC1XRVNUQ0VOVFJBTFVTIiwiam9iTG9jYXRpb24iOiJ3ZXN0Y2VudHJhbHVzIn0?api-version=2016-09-01"
        ],
        "Retry-After": [
          "15"
        ],
        "x-ms-ratelimit-remaining-subscription-reads": [
          "11997"
        ],
        "x-ms-request-id": [
          "3f8295ec-2e6c-49d0-8b05-ce2e4c9cc353"
        ],
        "x-ms-correlation-request-id": [
          "3f8295ec-2e6c-49d0-8b05-ce2e4c9cc353"
        ],
        "x-ms-routing-request-id": [
          "WESTCENTRALUS:20210316T050812Z:3f8295ec-2e6c-49d0-8b05-ce2e4c9cc353"
        ],
        "Strict-Transport-Security": [
          "max-age=31536000; includeSubDomains"
        ],
        "X-Content-Type-Options": [
          "nosniff"
        ],
        "Date": [
          "Tue, 16 Mar 2021 05:08:11 GMT"
        ],
        "Expires": [
          "-1"
        ],
        "Content-Length": [
          "0"
        ]
      },
      "ResponseBody": "",
      "StatusCode": 202
    },
    {
      "RequestUri": "/subscriptions/412b782d-2511-4c6d-98f2-3ea01b1c83c3/operationresults/eyJqb2JJZCI6IlJFU09VUkNFR1JPVVBERUxFVElPTkpPQi1TUUw6MkRETToyRENNRExFVDoyRFRFU1Q6MkRSR1BTODc1NC1XRVNUQ0VOVFJBTFVTIiwiam9iTG9jYXRpb24iOiJ3ZXN0Y2VudHJhbHVzIn0?api-version=2016-09-01",
      "EncodedRequestUri": "L3N1YnNjcmlwdGlvbnMvNDEyYjc4MmQtMjUxMS00YzZkLTk4ZjItM2VhMDFiMWM4M2MzL29wZXJhdGlvbnJlc3VsdHMvZXlKcWIySkpaQ0k2SWxKRlUwOVZVa05GUjFKUFZWQkVSVXhGVkVsUFRrcFBRaTFUVVV3Nk1rUkVUVG95UkVOTlJFeEZWRG95UkZSRlUxUTZNa1JTUjFCVE9EYzFOQzFYUlZOVVEwVk9WRkpCVEZWVElpd2lhbTlpVEc5allYUnBiMjRpT2lKM1pYTjBZMlZ1ZEhKaGJIVnpJbjA/YXBpLXZlcnNpb249MjAxNi0wOS0wMQ==",
      "RequestMethod": "GET",
      "RequestBody": "",
      "RequestHeaders": {
        "User-Agent": [
          "FxVersion/4.6.29812.02",
          "OSName/Windows",
          "OSVersion/Microsoft.Windows.10.0.14393.",
          "Microsoft.Azure.Management.Internal.Resources.ResourceManagementClient/1.3.31"
        ]
      },
      "ResponseHeaders": {
        "Cache-Control": [
          "no-cache"
        ],
        "Pragma": [
          "no-cache"
        ],
        "Location": [
          "https://management.azure.com/subscriptions/412b782d-2511-4c6d-98f2-3ea01b1c83c3/operationresults/eyJqb2JJZCI6IlJFU09VUkNFR1JPVVBERUxFVElPTkpPQi1TUUw6MkRETToyRENNRExFVDoyRFRFU1Q6MkRSR1BTODc1NC1XRVNUQ0VOVFJBTFVTIiwiam9iTG9jYXRpb24iOiJ3ZXN0Y2VudHJhbHVzIn0?api-version=2016-09-01"
        ],
        "Retry-After": [
          "15"
        ],
        "x-ms-ratelimit-remaining-subscription-reads": [
          "11996"
        ],
        "x-ms-request-id": [
          "e6f61964-1d7d-4a9b-bcc2-ca9565c68edf"
        ],
        "x-ms-correlation-request-id": [
          "e6f61964-1d7d-4a9b-bcc2-ca9565c68edf"
        ],
        "x-ms-routing-request-id": [
          "WESTCENTRALUS:20210316T050827Z:e6f61964-1d7d-4a9b-bcc2-ca9565c68edf"
        ],
        "Strict-Transport-Security": [
          "max-age=31536000; includeSubDomains"
        ],
        "X-Content-Type-Options": [
          "nosniff"
        ],
        "Date": [
          "Tue, 16 Mar 2021 05:08:26 GMT"
        ],
        "Expires": [
          "-1"
        ],
        "Content-Length": [
          "0"
        ]
      },
      "ResponseBody": "",
      "StatusCode": 202
    },
    {
      "RequestUri": "/subscriptions/412b782d-2511-4c6d-98f2-3ea01b1c83c3/operationresults/eyJqb2JJZCI6IlJFU09VUkNFR1JPVVBERUxFVElPTkpPQi1TUUw6MkRETToyRENNRExFVDoyRFRFU1Q6MkRSR1BTODc1NC1XRVNUQ0VOVFJBTFVTIiwiam9iTG9jYXRpb24iOiJ3ZXN0Y2VudHJhbHVzIn0?api-version=2016-09-01",
      "EncodedRequestUri": "L3N1YnNjcmlwdGlvbnMvNDEyYjc4MmQtMjUxMS00YzZkLTk4ZjItM2VhMDFiMWM4M2MzL29wZXJhdGlvbnJlc3VsdHMvZXlKcWIySkpaQ0k2SWxKRlUwOVZVa05GUjFKUFZWQkVSVXhGVkVsUFRrcFBRaTFUVVV3Nk1rUkVUVG95UkVOTlJFeEZWRG95UkZSRlUxUTZNa1JTUjFCVE9EYzFOQzFYUlZOVVEwVk9WRkpCVEZWVElpd2lhbTlpVEc5allYUnBiMjRpT2lKM1pYTjBZMlZ1ZEhKaGJIVnpJbjA/YXBpLXZlcnNpb249MjAxNi0wOS0wMQ==",
      "RequestMethod": "GET",
      "RequestBody": "",
      "RequestHeaders": {
        "User-Agent": [
          "FxVersion/4.6.29812.02",
          "OSName/Windows",
          "OSVersion/Microsoft.Windows.10.0.14393.",
          "Microsoft.Azure.Management.Internal.Resources.ResourceManagementClient/1.3.31"
        ]
      },
      "ResponseHeaders": {
        "Cache-Control": [
          "no-cache"
        ],
        "Pragma": [
          "no-cache"
        ],
        "Location": [
          "https://management.azure.com/subscriptions/412b782d-2511-4c6d-98f2-3ea01b1c83c3/operationresults/eyJqb2JJZCI6IlJFU09VUkNFR1JPVVBERUxFVElPTkpPQi1TUUw6MkRETToyRENNRExFVDoyRFRFU1Q6MkRSR1BTODc1NC1XRVNUQ0VOVFJBTFVTIiwiam9iTG9jYXRpb24iOiJ3ZXN0Y2VudHJhbHVzIn0?api-version=2016-09-01"
        ],
        "Retry-After": [
          "15"
        ],
        "x-ms-ratelimit-remaining-subscription-reads": [
          "11995"
        ],
        "x-ms-request-id": [
          "6c2a14cf-be9c-44d5-800b-61f904c22373"
        ],
        "x-ms-correlation-request-id": [
          "6c2a14cf-be9c-44d5-800b-61f904c22373"
        ],
        "x-ms-routing-request-id": [
          "WESTCENTRALUS:20210316T050842Z:6c2a14cf-be9c-44d5-800b-61f904c22373"
        ],
        "Strict-Transport-Security": [
          "max-age=31536000; includeSubDomains"
        ],
        "X-Content-Type-Options": [
          "nosniff"
        ],
        "Date": [
          "Tue, 16 Mar 2021 05:08:41 GMT"
        ],
        "Expires": [
          "-1"
        ],
        "Content-Length": [
          "0"
        ]
      },
      "ResponseBody": "",
      "StatusCode": 202
    },
    {
      "RequestUri": "/subscriptions/412b782d-2511-4c6d-98f2-3ea01b1c83c3/operationresults/eyJqb2JJZCI6IlJFU09VUkNFR1JPVVBERUxFVElPTkpPQi1TUUw6MkRETToyRENNRExFVDoyRFRFU1Q6MkRSR1BTODc1NC1XRVNUQ0VOVFJBTFVTIiwiam9iTG9jYXRpb24iOiJ3ZXN0Y2VudHJhbHVzIn0?api-version=2016-09-01",
      "EncodedRequestUri": "L3N1YnNjcmlwdGlvbnMvNDEyYjc4MmQtMjUxMS00YzZkLTk4ZjItM2VhMDFiMWM4M2MzL29wZXJhdGlvbnJlc3VsdHMvZXlKcWIySkpaQ0k2SWxKRlUwOVZVa05GUjFKUFZWQkVSVXhGVkVsUFRrcFBRaTFUVVV3Nk1rUkVUVG95UkVOTlJFeEZWRG95UkZSRlUxUTZNa1JTUjFCVE9EYzFOQzFYUlZOVVEwVk9WRkpCVEZWVElpd2lhbTlpVEc5allYUnBiMjRpT2lKM1pYTjBZMlZ1ZEhKaGJIVnpJbjA/YXBpLXZlcnNpb249MjAxNi0wOS0wMQ==",
      "RequestMethod": "GET",
      "RequestBody": "",
      "RequestHeaders": {
        "User-Agent": [
          "FxVersion/4.6.29812.02",
          "OSName/Windows",
          "OSVersion/Microsoft.Windows.10.0.14393.",
          "Microsoft.Azure.Management.Internal.Resources.ResourceManagementClient/1.3.31"
        ]
      },
      "ResponseHeaders": {
        "Cache-Control": [
          "no-cache"
        ],
        "Pragma": [
          "no-cache"
        ],
        "Location": [
          "https://management.azure.com/subscriptions/412b782d-2511-4c6d-98f2-3ea01b1c83c3/operationresults/eyJqb2JJZCI6IlJFU09VUkNFR1JPVVBERUxFVElPTkpPQi1TUUw6MkRETToyRENNRExFVDoyRFRFU1Q6MkRSR1BTODc1NC1XRVNUQ0VOVFJBTFVTIiwiam9iTG9jYXRpb24iOiJ3ZXN0Y2VudHJhbHVzIn0?api-version=2016-09-01"
        ],
        "Retry-After": [
          "15"
        ],
        "x-ms-ratelimit-remaining-subscription-reads": [
          "11994"
        ],
        "x-ms-request-id": [
          "d75c7934-041a-484e-ba5f-d894e0f6d9c0"
        ],
        "x-ms-correlation-request-id": [
          "d75c7934-041a-484e-ba5f-d894e0f6d9c0"
        ],
        "x-ms-routing-request-id": [
          "WESTCENTRALUS:20210316T050857Z:d75c7934-041a-484e-ba5f-d894e0f6d9c0"
        ],
        "Strict-Transport-Security": [
          "max-age=31536000; includeSubDomains"
        ],
        "X-Content-Type-Options": [
          "nosniff"
        ],
        "Date": [
          "Tue, 16 Mar 2021 05:08:57 GMT"
        ],
        "Expires": [
          "-1"
        ],
        "Content-Length": [
          "0"
        ]
      },
      "ResponseBody": "",
      "StatusCode": 202
    },
    {
      "RequestUri": "/subscriptions/412b782d-2511-4c6d-98f2-3ea01b1c83c3/operationresults/eyJqb2JJZCI6IlJFU09VUkNFR1JPVVBERUxFVElPTkpPQi1TUUw6MkRETToyRENNRExFVDoyRFRFU1Q6MkRSR1BTODc1NC1XRVNUQ0VOVFJBTFVTIiwiam9iTG9jYXRpb24iOiJ3ZXN0Y2VudHJhbHVzIn0?api-version=2016-09-01",
      "EncodedRequestUri": "L3N1YnNjcmlwdGlvbnMvNDEyYjc4MmQtMjUxMS00YzZkLTk4ZjItM2VhMDFiMWM4M2MzL29wZXJhdGlvbnJlc3VsdHMvZXlKcWIySkpaQ0k2SWxKRlUwOVZVa05GUjFKUFZWQkVSVXhGVkVsUFRrcFBRaTFUVVV3Nk1rUkVUVG95UkVOTlJFeEZWRG95UkZSRlUxUTZNa1JTUjFCVE9EYzFOQzFYUlZOVVEwVk9WRkpCVEZWVElpd2lhbTlpVEc5allYUnBiMjRpT2lKM1pYTjBZMlZ1ZEhKaGJIVnpJbjA/YXBpLXZlcnNpb249MjAxNi0wOS0wMQ==",
      "RequestMethod": "GET",
      "RequestBody": "",
      "RequestHeaders": {
        "User-Agent": [
          "FxVersion/4.6.29812.02",
          "OSName/Windows",
          "OSVersion/Microsoft.Windows.10.0.14393.",
          "Microsoft.Azure.Management.Internal.Resources.ResourceManagementClient/1.3.31"
        ]
      },
      "ResponseHeaders": {
        "Cache-Control": [
          "no-cache"
        ],
        "Pragma": [
          "no-cache"
        ],
        "x-ms-ratelimit-remaining-subscription-reads": [
          "11993"
        ],
        "x-ms-request-id": [
          "d0846970-939d-4371-9bf4-23a8fe1bab55"
        ],
        "x-ms-correlation-request-id": [
          "d0846970-939d-4371-9bf4-23a8fe1bab55"
        ],
        "x-ms-routing-request-id": [
          "WESTCENTRALUS:20210316T050912Z:d0846970-939d-4371-9bf4-23a8fe1bab55"
        ],
        "Strict-Transport-Security": [
          "max-age=31536000; includeSubDomains"
        ],
        "X-Content-Type-Options": [
          "nosniff"
        ],
        "Date": [
          "Tue, 16 Mar 2021 05:09:11 GMT"
        ],
        "Expires": [
          "-1"
        ],
        "Content-Length": [
          "0"
        ]
      },
      "ResponseBody": "",
      "StatusCode": 200
    },
    {
      "RequestUri": "/subscriptions/412b782d-2511-4c6d-98f2-3ea01b1c83c3/operationresults/eyJqb2JJZCI6IlJFU09VUkNFR1JPVVBERUxFVElPTkpPQi1TUUw6MkRETToyRENNRExFVDoyRFRFU1Q6MkRSR1BTODc1NC1XRVNUQ0VOVFJBTFVTIiwiam9iTG9jYXRpb24iOiJ3ZXN0Y2VudHJhbHVzIn0?api-version=2016-09-01",
      "EncodedRequestUri": "L3N1YnNjcmlwdGlvbnMvNDEyYjc4MmQtMjUxMS00YzZkLTk4ZjItM2VhMDFiMWM4M2MzL29wZXJhdGlvbnJlc3VsdHMvZXlKcWIySkpaQ0k2SWxKRlUwOVZVa05GUjFKUFZWQkVSVXhGVkVsUFRrcFBRaTFUVVV3Nk1rUkVUVG95UkVOTlJFeEZWRG95UkZSRlUxUTZNa1JTUjFCVE9EYzFOQzFYUlZOVVEwVk9WRkpCVEZWVElpd2lhbTlpVEc5allYUnBiMjRpT2lKM1pYTjBZMlZ1ZEhKaGJIVnpJbjA/YXBpLXZlcnNpb249MjAxNi0wOS0wMQ==",
      "RequestMethod": "GET",
      "RequestBody": "",
      "RequestHeaders": {
        "User-Agent": [
          "FxVersion/4.6.29812.02",
          "OSName/Windows",
          "OSVersion/Microsoft.Windows.10.0.14393.",
          "Microsoft.Azure.Management.Internal.Resources.ResourceManagementClient/1.3.31"
        ]
      },
      "ResponseHeaders": {
        "Cache-Control": [
          "no-cache"
        ],
        "Pragma": [
          "no-cache"
        ],
        "x-ms-ratelimit-remaining-subscription-reads": [
          "11992"
        ],
        "x-ms-request-id": [
          "ef6eaeb0-e6eb-4f27-ba28-8c2df26e14d3"
        ],
        "x-ms-correlation-request-id": [
          "ef6eaeb0-e6eb-4f27-ba28-8c2df26e14d3"
        ],
        "x-ms-routing-request-id": [
          "WESTCENTRALUS:20210316T050912Z:ef6eaeb0-e6eb-4f27-ba28-8c2df26e14d3"
        ],
        "Strict-Transport-Security": [
          "max-age=31536000; includeSubDomains"
        ],
        "X-Content-Type-Options": [
          "nosniff"
        ],
        "Date": [
          "Tue, 16 Mar 2021 05:09:12 GMT"
        ],
        "Expires": [
          "-1"
        ],
        "Content-Length": [
          "0"
        ]
      },
      "ResponseBody": "",
      "StatusCode": 200
    }
  ],
  "Names": {
    "Test-DatabaseDataMaskingPrivilegedUsersChanges": [
      "ps8754"
    ]
  },
  "Variables": {
    "SubscriptionId": "412b782d-2511-4c6d-98f2-3ea01b1c83c3"
  }
}