{
  "Entries": [
    {
      "RequestUri": "/subscriptions/a386d5ea-ea90-441a-8263-d816368c84a1/providers/Microsoft.Devices?api-version=2016-09-01",
      "EncodedRequestUri": "L3N1YnNjcmlwdGlvbnMvYTM4NmQ1ZWEtZWE5MC00NDFhLTgyNjMtZDgxNjM2OGM4NGExL3Byb3ZpZGVycy9NaWNyb3NvZnQuRGV2aWNlcz9hcGktdmVyc2lvbj0yMDE2LTA5LTAx",
      "RequestMethod": "GET",
      "RequestHeaders": {
        "x-ms-client-request-id": [
          "7670a9e9-4bf6-457c-952b-2bb19e2472b9"
        ],
        "Accept-Language": [
          "en-US"
        ],
        "User-Agent": [
          "FxVersion/4.700.22.55902",
          "OSName/Windows",
          "OSVersion/Microsoft.Windows.10.0.25302",
          "Microsoft.Azure.Management.Internal.Resources.ResourceManagementClient/1.3.68"
        ]
      },
      "RequestBody": "",
      "ResponseHeaders": {
        "Cache-Control": [
          "no-cache"
        ],
        "Pragma": [
          "no-cache"
        ],
        "x-ms-ratelimit-remaining-subscription-reads": [
          "11999"
        ],
        "x-ms-request-id": [
          "3f9199bb-7a94-4d61-bc34-8032d6e966c0"
        ],
        "x-ms-correlation-request-id": [
          "3f9199bb-7a94-4d61-bc34-8032d6e966c0"
        ],
        "x-ms-routing-request-id": [
          "WESTCENTRALUS:20230216T184344Z:3f9199bb-7a94-4d61-bc34-8032d6e966c0"
        ],
        "Strict-Transport-Security": [
          "max-age=31536000; includeSubDomains"
        ],
        "X-Content-Type-Options": [
          "nosniff"
        ],
        "Date": [
          "Thu, 16 Feb 2023 18:43:44 GMT"
        ],
        "Content-Type": [
          "application/json; charset=utf-8"
        ],
        "Expires": [
          "-1"
        ],
        "Content-Length": [
          "9626"
        ]
      },
      "ResponseBody": "{\r\n  \"id\": \"/subscriptions/a386d5ea-ea90-441a-8263-d816368c84a1/providers/Microsoft.Devices\",\r\n  \"namespace\": \"Microsoft.Devices\",\r\n  \"authorizations\": [\r\n    {\r\n      \"applicationId\": \"0cd79364-7a90-4354-9984-6e36c841418d\",\r\n      \"roleDefinitionId\": \"C121DF10-FE58-4BC4-97F9-8296879F7BBB\"\r\n    },\r\n    {\r\n      \"applicationId\": \"29f411f1-b2cf-4043-8ac8-2185d7316811\",\r\n      \"roleDefinitionId\": \"d04fc6c0-fc10-4ab8-b7de-c979247c3b65\"\r\n    },\r\n    {\r\n      \"applicationId\": \"89d10474-74af-4874-99a7-c23c2f643083\",\r\n      \"roleDefinitionId\": \"7df22794-26e3-4f94-9d50-a4f0f6e1cb41\"\r\n    }\r\n  ],\r\n  \"resourceTypes\": [\r\n    {\r\n      \"resourceType\": \"checkNameAvailability\",\r\n      \"locations\": [\r\n        \"Central US EUAP\",\r\n        \"East US 2 EUAP\",\r\n        \"West US 2\",\r\n        \"West Central US\",\r\n        \"West US\",\r\n        \"North Central US\",\r\n        \"East US\",\r\n        \"South Central US\"\r\n      ],\r\n      \"apiVersions\": [\r\n        \"2022-04-30-preview\",\r\n        \"2021-07-02-preview\",\r\n        \"2021-07-02\",\r\n        \"2021-07-01-preview\",\r\n        \"2021-07-01\",\r\n        \"2021-03-31\",\r\n        \"2021-03-03-preview\",\r\n        \"2020-08-31-preview\",\r\n        \"2020-08-31\",\r\n        \"2020-08-01\",\r\n        \"2020-07-10-preview\",\r\n        \"2020-06-15\",\r\n        \"2020-04-01\",\r\n        \"2020-03-01\",\r\n        \"2018-04-01\"\r\n      ]\r\n    },\r\n    {\r\n      \"resourceType\": \"checkProvisioningServiceNameAvailability\",\r\n      \"locations\": [],\r\n      \"apiVersions\": [\r\n        \"2022-02-05\",\r\n        \"2021-10-15\",\r\n        \"2020-03-01\",\r\n        \"2020-01-01\",\r\n        \"2018-01-22\",\r\n        \"2017-11-15\",\r\n        \"2017-08-21-preview\"\r\n      ]\r\n    },\r\n    {\r\n      \"resourceType\": \"usages\",\r\n      \"locations\": [\r\n        \"Central US EUAP\",\r\n        \"East US 2 EUAP\",\r\n        \"West US 2\",\r\n        \"West Central US\",\r\n        \"West US\",\r\n        \"North Central US\",\r\n        \"East US\",\r\n        \"South Central US\"\r\n      ],\r\n      \"apiVersions\": [\r\n        \"2022-04-30-preview\",\r\n        \"2021-07-02-preview\",\r\n        \"2021-07-02\",\r\n        \"2021-07-01-preview\",\r\n        \"2021-07-01\",\r\n        \"2021-03-31\",\r\n        \"2021-03-03-preview\",\r\n        \"2020-08-31-preview\",\r\n        \"2020-08-31\",\r\n        \"2020-08-01\",\r\n        \"2020-07-10-preview\",\r\n        \"2020-06-15\",\r\n        \"2020-04-01\",\r\n        \"2018-04-01\"\r\n      ]\r\n    },\r\n    {\r\n      \"resourceType\": \"operations\",\r\n      \"locations\": [],\r\n      \"apiVersions\": [\r\n        \"2022-04-30-preview\",\r\n        \"2021-07-02-preview\",\r\n        \"2021-07-02\",\r\n        \"2021-07-01-preview\",\r\n        \"2021-07-01\",\r\n        \"2021-03-31\",\r\n        \"2021-03-03-preview\",\r\n        \"2021-02-01-preview\",\r\n        \"2020-08-31-preview\",\r\n        \"2020-08-31\",\r\n        \"2020-08-01\",\r\n        \"2020-07-10-preview\",\r\n        \"2020-06-15\",\r\n        \"2020-04-01\",\r\n        \"2020-03-01\",\r\n        \"2019-11-04\",\r\n        \"2019-07-01-preview\",\r\n        \"2019-03-22-preview\",\r\n        \"2019-03-22\",\r\n        \"2018-12-01-preview\",\r\n        \"2018-04-01\",\r\n        \"2018-01-22\",\r\n        \"2017-07-01\",\r\n        \"2017-01-19\",\r\n        \"2016-02-03\",\r\n        \"2015-08-15-preview\"\r\n      ]\r\n    },\r\n    {\r\n      \"resourceType\": \"operationResults\",\r\n      \"locations\": [\r\n        \"Central US EUAP\",\r\n        \"East US 2 EUAP\",\r\n        \"West US 2\",\r\n        \"West Central US\",\r\n        \"West US\",\r\n        \"North Central US\",\r\n        \"East US\",\r\n        \"South Central US\"\r\n      ],\r\n      \"apiVersions\": [\r\n        \"2022-04-30-preview\",\r\n        \"2021-07-02-preview\",\r\n        \"2021-07-02\",\r\n        \"2021-07-01-preview\",\r\n        \"2021-07-01\",\r\n        \"2021-03-31\",\r\n        \"2021-03-03-preview\",\r\n        \"2020-08-31-preview\",\r\n        \"2020-08-31\",\r\n        \"2020-08-01\",\r\n        \"2020-07-10-preview\",\r\n        \"2020-06-15\",\r\n        \"2020-04-01\",\r\n        \"2020-03-01\",\r\n        \"2018-04-01\"\r\n      ]\r\n    },\r\n    {\r\n      \"resourceType\": \"provisioningServiceOperationResults\",\r\n      \"locations\": [],\r\n      \"apiVersions\": [\r\n        \"2022-02-05\",\r\n        \"2021-10-15\",\r\n        \"2020-09-01-preview\",\r\n        \"2020-03-01\",\r\n        \"2020-01-01\",\r\n        \"2018-01-22\",\r\n        \"2017-11-15\",\r\n        \"2017-08-21-preview\"\r\n      ]\r\n    },\r\n    {\r\n      \"resourceType\": \"locations/provisioningServiceOperationResults\",\r\n      \"locations\": [\r\n        \"West US\",\r\n        \"Australia Central 2\",\r\n        \"Australia Southeast\",\r\n        \"Canada East\",\r\n        \"Central US\",\r\n        \"East US\",\r\n        \"France South\",\r\n        \"Korea South\",\r\n        \"Japan West\",\r\n        \"South India\",\r\n        \"Southeast Asia\",\r\n        \"West Europe\",\r\n        \"UK South\",\r\n        \"South Central US\",\r\n        \"Australia Central\",\r\n        \"Australia East\",\r\n        \"Brazil South\",\r\n        \"Canada Central\",\r\n        \"Central India\",\r\n        \"East Asia\",\r\n        \"France Central\",\r\n        \"Japan East\",\r\n        \"Korea Central\",\r\n        \"North Europe\",\r\n        \"UK West\",\r\n        \"West US 2\",\r\n        \"West Central US\",\r\n        \"North Central US\",\r\n        \"East US 2\",\r\n        \"Germany West Central\",\r\n        \"UAE North\",\r\n        \"East US 2 EUAP\",\r\n        \"Central US EUAP\"\r\n      ],\r\n      \"apiVersions\": [\r\n        \"2022-02-05\",\r\n        \"2021-10-15\",\r\n        \"2020-03-01\",\r\n        \"2020-01-01\",\r\n        \"2018-01-22\",\r\n        \"2017-11-15\",\r\n        \"2017-08-21-preview\"\r\n      ]\r\n    },\r\n    {\r\n      \"resourceType\": \"locations\",\r\n      \"locations\": [\r\n        \"Central US EUAP\",\r\n        \"East US 2 EUAP\",\r\n        \"West US 2\",\r\n        \"West Central US\",\r\n        \"West US\",\r\n        \"North Central US\",\r\n        \"East US\",\r\n        \"South Central US\"\r\n      ],\r\n      \"apiVersions\": [\r\n        \"2022-04-30-preview\",\r\n        \"2021-07-02-preview\",\r\n        \"2021-07-02\",\r\n        \"2021-07-01-preview\",\r\n        \"2021-07-01\",\r\n        \"2021-03-31\",\r\n        \"2021-03-03-preview\",\r\n        \"2020-08-31-preview\",\r\n        \"2020-08-31\",\r\n        \"2020-08-01\",\r\n        \"2020-07-10-preview\",\r\n        \"2020-06-15\",\r\n        \"2020-04-01\",\r\n        \"2020-03-01\",\r\n        \"2018-04-01\"\r\n      ]\r\n    },\r\n    {\r\n      \"resourceType\": \"locations/operationResults\",\r\n      \"locations\": [\r\n        \"West US\",\r\n        \"Australia Central 2\",\r\n        \"Australia Southeast\",\r\n        \"Canada East\",\r\n        \"Central US\",\r\n        \"East US\",\r\n        \"Germany West Central\",\r\n        \"Korea South\",\r\n        \"Japan West\",\r\n        \"South India\",\r\n        \"South Africa West\",\r\n        \"UAE North\",\r\n        \"Southeast Asia\",\r\n        \"West Europe\",\r\n        \"Norway West\",\r\n        \"West US 3\",\r\n        \"Norway EAST\",\r\n        \"UK South\",\r\n        \"South Central US\",\r\n        \"Australia Central\",\r\n        \"Australia East\",\r\n        \"Brazil South\",\r\n        \"Canada Central\",\r\n        \"Central India\",\r\n        \"East Asia\",\r\n        \"France Central\",\r\n        \"Germany North\",\r\n        \"Japan East\",\r\n        \"Korea Central\",\r\n        \"North Europe\",\r\n        \"South Africa North\",\r\n        \"UAE Central\",\r\n        \"UK West\",\r\n        \"West US 2\",\r\n        \"West Central US\",\r\n        \"North Central US\",\r\n        \"East US 2\",\r\n        \"Qatar Central\",\r\n        \"Switzerland North\",\r\n        \"Central US EUAP\",\r\n        \"East US 2 EUAP\"\r\n      ],\r\n      \"apiVersions\": [\r\n        \"2022-04-30-preview\",\r\n        \"2021-07-02-preview\",\r\n        \"2021-07-02\",\r\n        \"2021-07-01-preview\",\r\n        \"2021-07-01\",\r\n        \"2021-03-31\",\r\n        \"2021-03-03-preview\",\r\n        \"2021-02-01-preview\",\r\n        \"2020-08-31-preview\",\r\n        \"2020-08-31\",\r\n        \"2020-08-01\",\r\n        \"2020-07-10-preview\",\r\n        \"2020-06-15\",\r\n        \"2020-04-01\",\r\n        \"2020-03-01\",\r\n        \"2020-01-01\",\r\n        \"2019-11-04\",\r\n        \"2019-07-01-preview\",\r\n        \"2019-03-22-preview\",\r\n        \"2019-03-22\",\r\n        \"2018-12-01-preview\",\r\n        \"2018-04-01\",\r\n        \"2018-01-22\",\r\n        \"2017-07-01\",\r\n        \"2017-01-19\",\r\n        \"2016-02-03\",\r\n        \"2015-08-15-preview\"\r\n      ]\r\n    },\r\n    {\r\n      \"resourceType\": \"IotHubs\",\r\n      \"locations\": [\r\n        \"West US\",\r\n        \"Australia Central 2\",\r\n        \"Australia Southeast\",\r\n        \"Canada East\",\r\n        \"Central US\",\r\n        \"East US\",\r\n        \"Germany West Central\",\r\n        \"Korea South\",\r\n        \"Japan West\",\r\n        \"South India\",\r\n        \"South Africa West\",\r\n        \"UAE North\",\r\n        \"Southeast Asia\",\r\n        \"West Europe\",\r\n        \"Norway West\",\r\n        \"West US 3\",\r\n        \"Norway East\",\r\n        \"UK South\",\r\n        \"South Central US\",\r\n        \"Australia Central\",\r\n        \"Australia East\",\r\n        \"Brazil South\",\r\n        \"Canada Central\",\r\n        \"Central India\",\r\n        \"East Asia\",\r\n        \"France Central\",\r\n        \"Germany North\",\r\n        \"Japan East\",\r\n        \"Korea Central\",\r\n        \"North Europe\",\r\n        \"South Africa North\",\r\n        \"UAE Central\",\r\n        \"UK West\",\r\n        \"West US 2\",\r\n        \"West Central US\",\r\n        \"North Central US\",\r\n        \"East US 2\",\r\n        \"Qatar Central\",\r\n        \"Switzerland North\",\r\n        \"Central US EUAP\",\r\n        \"East US 2 EUAP\"\r\n      ],\r\n      \"apiVersions\": [\r\n        \"2022-04-30-preview\",\r\n        \"2021-07-02-preview\",\r\n        \"2021-07-02\",\r\n        \"2021-07-01-preview\",\r\n        \"2021-07-01\",\r\n        \"2021-03-31\",\r\n        \"2021-03-03-preview\",\r\n        \"2021-02-01-preview\",\r\n        \"2020-08-31-preview\",\r\n        \"2020-08-31\",\r\n        \"2020-08-01\",\r\n        \"2020-07-10-preview\",\r\n        \"2020-06-15\",\r\n        \"2020-04-01\",\r\n        \"2020-03-01\",\r\n        \"2020-01-01\",\r\n        \"2019-11-04\",\r\n        \"2019-07-01-preview\",\r\n        \"2019-03-22-preview\",\r\n        \"2019-03-22\",\r\n        \"2018-12-01-preview\",\r\n        \"2018-04-01\",\r\n        \"2018-01-22\",\r\n        \"2017-07-01\",\r\n        \"2017-01-19\",\r\n        \"2016-02-03\",\r\n        \"2015-08-15-preview\"\r\n      ],\r\n      \"capabilities\": \"CrossResourceGroupResourceMove, CrossSubscriptionResourceMove, SystemAssignedResourceIdentity\"\r\n    },\r\n    {\r\n      \"resourceType\": \"IotHubs/eventGridFilters\",\r\n      \"locations\": [\r\n        \"West US\",\r\n        \"Australia Central 2\",\r\n        \"Australia Southeast\",\r\n        \"Canada East\",\r\n        \"Central US\",\r\n        \"East US\",\r\n        \"Germany West Central\",\r\n        \"Korea South\",\r\n        \"Japan West\",\r\n        \"South India\",\r\n        \"South Africa West\",\r\n        \"UAE North\",\r\n        \"Southeast Asia\",\r\n        \"West Europe\",\r\n        \"Norway West\",\r\n        \"West US 3\",\r\n        \"Norway East\",\r\n        \"UK South\",\r\n        \"South Central US\",\r\n        \"Australia Central\",\r\n        \"Australia East\",\r\n        \"Brazil South\",\r\n        \"Canada Central\",\r\n        \"Central India\",\r\n        \"East Asia\",\r\n        \"France Central\",\r\n        \"Germany North\",\r\n        \"Japan East\",\r\n        \"Korea Central\",\r\n        \"North Europe\",\r\n        \"South Africa North\",\r\n        \"UAE Central\",\r\n        \"UK West\",\r\n        \"West US 2\",\r\n        \"West Central US\",\r\n        \"North Central US\",\r\n        \"East US 2\",\r\n        \"Qatar Central\",\r\n        \"Switzerland North\",\r\n        \"Central US EUAP\",\r\n        \"East US 2 EUAP\"\r\n      ],\r\n      \"apiVersions\": [\r\n        \"2018-07-31\",\r\n        \"2018-01-15-preview\"\r\n      ]\r\n    },\r\n    {\r\n      \"resourceType\": \"IotHubs/failover\",\r\n      \"locations\": [\r\n        \"West US\",\r\n        \"Australia Central 2\",\r\n        \"Australia Southeast\",\r\n        \"Canada East\",\r\n        \"Central US\",\r\n        \"East US\",\r\n        \"Germany West Central\",\r\n        \"Korea South\",\r\n        \"Japan West\",\r\n        \"South India\",\r\n        \"South Africa West\",\r\n        \"UAE North\",\r\n        \"Southeast Asia\",\r\n        \"West Europe\",\r\n        \"Norway West\",\r\n        \"West US 3\",\r\n        \"Norway East\",\r\n        \"UK South\",\r\n        \"South Central US\",\r\n        \"Australia Central\",\r\n        \"Australia East\",\r\n        \"Brazil South\",\r\n        \"Canada Central\",\r\n        \"Central India\",\r\n        \"East Asia\",\r\n        \"France Central\",\r\n        \"Germany North\",\r\n        \"Japan East\",\r\n        \"Korea Central\",\r\n        \"North Europe\",\r\n        \"South Africa North\",\r\n        \"UAE Central\",\r\n        \"UK West\",\r\n        \"West US 2\",\r\n        \"West Central US\",\r\n        \"North Central US\",\r\n        \"East US 2\",\r\n        \"Qatar Central\",\r\n        \"Switzerland North\",\r\n        \"Central US EUAP\",\r\n        \"East US 2 EUAP\"\r\n      ],\r\n      \"apiVersions\": [\r\n        \"2022-04-30-preview\",\r\n        \"2021-07-02-preview\",\r\n        \"2021-07-02\",\r\n        \"2021-07-01-preview\",\r\n        \"2021-07-01\",\r\n        \"2021-03-31\",\r\n        \"2021-03-03-preview\",\r\n        \"2021-02-01-preview\",\r\n        \"2020-08-31-preview\",\r\n        \"2020-08-31\",\r\n        \"2020-08-01\",\r\n        \"2020-07-10-preview\",\r\n        \"2020-06-15\",\r\n        \"2020-04-01\",\r\n        \"2020-03-01\",\r\n        \"2020-01-01\",\r\n        \"2019-11-04\",\r\n        \"2019-07-01-preview\",\r\n        \"2019-03-22-preview\",\r\n        \"2019-03-22\",\r\n        \"2018-12-01-preview\",\r\n        \"2018-04-01\",\r\n        \"2018-01-22\",\r\n        \"2017-07-01\",\r\n        \"2017-01-19\",\r\n        \"2016-02-03\",\r\n        \"2015-08-15-preview\"\r\n      ]\r\n    },\r\n    {\r\n      \"resourceType\": \"ProvisioningServices\",\r\n      \"locations\": [\r\n        \"West US\",\r\n        \"Australia Central 2\",\r\n        \"Australia Southeast\",\r\n        \"Canada East\",\r\n        \"Central US\",\r\n        \"East US\",\r\n        \"France South\",\r\n        \"Korea South\",\r\n        \"Japan West\",\r\n        \"South India\",\r\n        \"Southeast Asia\",\r\n        \"West Europe\",\r\n        \"UK South\",\r\n        \"South Central US\",\r\n        \"Australia Central\",\r\n        \"Australia East\",\r\n        \"Brazil South\",\r\n        \"Canada Central\",\r\n        \"Central India\",\r\n        \"East Asia\",\r\n        \"France Central\",\r\n        \"Japan East\",\r\n        \"Korea Central\",\r\n        \"North Europe\",\r\n        \"UK West\",\r\n        \"West US 2\",\r\n        \"West Central US\",\r\n        \"North Central US\",\r\n        \"East US 2\",\r\n        \"Germany West Central\",\r\n        \"UAE North\",\r\n        \"East US 2 EUAP\",\r\n        \"Central US EUAP\"\r\n      ],\r\n      \"apiVersions\": [\r\n        \"2022-02-05\",\r\n        \"2021-10-15\",\r\n        \"2020-03-01\",\r\n        \"2020-01-01\",\r\n        \"2018-01-22\",\r\n        \"2017-11-15\",\r\n        \"2017-08-21-preview\"\r\n      ],\r\n      \"capabilities\": \"CrossResourceGroupResourceMove, CrossSubscriptionResourceMove, SystemAssignedResourceIdentity\"\r\n    },\r\n    {\r\n      \"resourceType\": \"IotHubs/securitySettings\",\r\n      \"locations\": [\r\n        \"West US\",\r\n        \"Australia Southeast\",\r\n        \"Canada East\",\r\n        \"Central US\",\r\n        \"East US\",\r\n        \"Germany West Central\",\r\n        \"Korea South\",\r\n        \"Japan West\",\r\n        \"South India\",\r\n        \"South Africa West\",\r\n        \"UAE North\",\r\n        \"Southeast Asia\",\r\n        \"West Europe\",\r\n        \"Norway West\",\r\n        \"West US 3\",\r\n        \"Norway East\",\r\n        \"UK South\",\r\n        \"South Central US\",\r\n        \"Australia East\",\r\n        \"Brazil South\",\r\n        \"Canada Central\",\r\n        \"Central India\",\r\n        \"East Asia\",\r\n        \"France Central\",\r\n        \"Germany North\",\r\n        \"Japan East\",\r\n        \"Korea Central\",\r\n        \"North Europe\",\r\n        \"South Africa North\",\r\n        \"UAE Central\",\r\n        \"UK West\",\r\n        \"West US 2\",\r\n        \"West Central US\",\r\n        \"North Central US\",\r\n        \"East US 2\",\r\n        \"Qatar Central\",\r\n        \"Switzerland North\",\r\n        \"Central US EUAP\",\r\n        \"East US 2 EUAP\",\r\n        \"Australia Central 2\",\r\n        \"Australia Central\"\r\n      ],\r\n      \"apiVersions\": [\r\n        \"2019-09-01\"\r\n      ]\r\n    }\r\n  ],\r\n  \"registrationState\": \"Registered\"\r\n}",
      "StatusCode": 200
    },
    {
      "RequestUri": "/subscriptions/a386d5ea-ea90-441a-8263-d816368c84a1/resourcegroups/ps6245?api-version=2016-09-01",
      "EncodedRequestUri": "L3N1YnNjcmlwdGlvbnMvYTM4NmQ1ZWEtZWE5MC00NDFhLTgyNjMtZDgxNjM2OGM4NGExL3Jlc291cmNlZ3JvdXBzL3BzNjI0NT9hcGktdmVyc2lvbj0yMDE2LTA5LTAx",
      "RequestMethod": "PUT",
      "RequestHeaders": {
        "x-ms-client-request-id": [
          "80118fd1-aa26-49f0-92f7-8703447f54a1"
        ],
        "Accept-Language": [
          "en-US"
        ],
        "User-Agent": [
          "FxVersion/4.700.22.55902",
          "OSName/Windows",
          "OSVersion/Microsoft.Windows.10.0.25302",
          "Microsoft.Azure.Management.Internal.Resources.ResourceManagementClient/1.3.68"
        ],
        "Content-Type": [
          "application/json; charset=utf-8"
        ],
        "Content-Length": [
          "31"
        ]
      },
      "RequestBody": "{\r\n  \"location\": \"West US 2\"\r\n}",
      "ResponseHeaders": {
        "Cache-Control": [
          "no-cache"
        ],
        "Pragma": [
          "no-cache"
        ],
        "x-ms-ratelimit-remaining-subscription-writes": [
          "1198"
        ],
        "x-ms-request-id": [
          "3ea19a0f-20bc-4f3d-9c3a-20aa3e8523d3"
        ],
        "x-ms-correlation-request-id": [
          "3ea19a0f-20bc-4f3d-9c3a-20aa3e8523d3"
        ],
        "x-ms-routing-request-id": [
          "WESTCENTRALUS:20230216T184345Z:3ea19a0f-20bc-4f3d-9c3a-20aa3e8523d3"
        ],
        "Strict-Transport-Security": [
          "max-age=31536000; includeSubDomains"
        ],
        "X-Content-Type-Options": [
          "nosniff"
        ],
        "Date": [
          "Thu, 16 Feb 2023 18:43:44 GMT"
        ],
        "Content-Length": [
          "166"
        ],
        "Content-Type": [
          "application/json; charset=utf-8"
        ],
        "Expires": [
          "-1"
        ]
      },
      "ResponseBody": "{\r\n  \"id\": \"/subscriptions/a386d5ea-ea90-441a-8263-d816368c84a1/resourceGroups/ps6245\",\r\n  \"name\": \"ps6245\",\r\n  \"location\": \"westus2\",\r\n  \"properties\": {\r\n    \"provisioningState\": \"Succeeded\"\r\n  }\r\n}",
      "StatusCode": 201
    },
    {
      "RequestUri": "/subscriptions/a386d5ea-ea90-441a-8263-d816368c84a1/resourceGroups/ps6245/providers/Microsoft.Devices/IotHubs/ps5468?api-version=2021-07-02",
      "EncodedRequestUri": "L3N1YnNjcmlwdGlvbnMvYTM4NmQ1ZWEtZWE5MC00NDFhLTgyNjMtZDgxNjM2OGM4NGExL3Jlc291cmNlR3JvdXBzL3BzNjI0NS9wcm92aWRlcnMvTWljcm9zb2Z0LkRldmljZXMvSW90SHVicy9wczU0Njg/YXBpLXZlcnNpb249MjAyMS0wNy0wMg==",
      "RequestMethod": "PUT",
      "RequestHeaders": {
        "x-ms-client-request-id": [
          "c14c2abf-8e3e-4b6a-ab63-4b65cbe9a132"
        ],
        "Accept-Language": [
          "en-US"
        ],
        "User-Agent": [
          "FxVersion/4.700.22.55902",
          "OSName/Windows",
          "OSVersion/Microsoft.Windows.10.0.25302",
          "Microsoft.Azure.Management.IotHub.IotHubClient/4.2.0.0"
        ],
        "Content-Type": [
          "application/json; charset=utf-8"
        ],
        "Content-Length": [
          "87"
        ]
      },
      "RequestBody": "{\r\n  \"sku\": {\r\n    \"name\": \"S1\",\r\n    \"capacity\": 1\r\n  },\r\n  \"location\": \"West US 2\"\r\n}",
      "ResponseHeaders": {
        "Cache-Control": [
          "no-cache"
        ],
        "Pragma": [
          "no-cache"
        ],
        "Azure-AsyncOperation": [
          "https://management.azure.com/subscriptions/a386d5ea-ea90-441a-8263-d816368c84a1/providers/Microsoft.Devices/locations/westus2/operationResults/aWQ9b3NfaWhfYmZkZWRkYzUtZGExMi00MmEwLTg2OWItZTZhNjMzNDk1MWIzO3JlZ2lvbj13ZXN0dXMy?api-version=2021-07-02&operationSource=other&asyncinfo"
        ],
        "Server": [
          "Microsoft-HTTPAPI/2.0"
        ],
        "x-ms-ratelimit-remaining-subscription-resource-requests": [
          "4999"
        ],
        "x-ms-request-id": [
          "dc7a36c3-e58d-4444-b912-4dd93f9917bc"
        ],
        "x-ms-correlation-request-id": [
          "dc7a36c3-e58d-4444-b912-4dd93f9917bc"
        ],
        "x-ms-routing-request-id": [
          "WESTCENTRALUS:20230216T184350Z:dc7a36c3-e58d-4444-b912-4dd93f9917bc"
        ],
        "Strict-Transport-Security": [
          "max-age=31536000; includeSubDomains"
        ],
        "X-Content-Type-Options": [
          "nosniff"
        ],
        "Date": [
          "Thu, 16 Feb 2023 18:43:49 GMT"
        ],
        "Content-Length": [
          "464"
        ],
        "Content-Type": [
          "application/json; charset=utf-8"
        ],
        "Expires": [
          "-1"
        ]
      },
      "ResponseBody": "{\r\n  \"id\": \"/subscriptions/a386d5ea-ea90-441a-8263-d816368c84a1/resourceGroups/ps6245/providers/Microsoft.Devices/IotHubs/ps5468\",\r\n  \"name\": \"ps5468\",\r\n  \"type\": \"Microsoft.Devices/IotHubs\",\r\n  \"location\": \"West US 2\",\r\n  \"tags\": {},\r\n  \"subscriptionid\": \"a386d5ea-ea90-441a-8263-d816368c84a1\",\r\n  \"resourcegroup\": \"ps6245\",\r\n  \"properties\": {\r\n    \"provisioningState\": \"Accepted\",\r\n    \"enableFileUploadNotifications\": false,\r\n    \"features\": \"None\",\r\n    \"allowedFqdnList\": []\r\n  },\r\n  \"sku\": {\r\n    \"name\": \"S1\",\r\n    \"tier\": \"Standard\",\r\n    \"capacity\": 1\r\n  }\r\n}",
      "StatusCode": 201
    },
    {
      "RequestUri": "/subscriptions/a386d5ea-ea90-441a-8263-d816368c84a1/providers/Microsoft.Devices/locations/westus2/operationResults/aWQ9b3NfaWhfYmZkZWRkYzUtZGExMi00MmEwLTg2OWItZTZhNjMzNDk1MWIzO3JlZ2lvbj13ZXN0dXMy?api-version=2021-07-02&operationSource=other&asyncinfo",
      "EncodedRequestUri": "L3N1YnNjcmlwdGlvbnMvYTM4NmQ1ZWEtZWE5MC00NDFhLTgyNjMtZDgxNjM2OGM4NGExL3Byb3ZpZGVycy9NaWNyb3NvZnQuRGV2aWNlcy9sb2NhdGlvbnMvd2VzdHVzMi9vcGVyYXRpb25SZXN1bHRzL2FXUTliM05mYVdoZlltWmtaV1JrWXpVdFpHRXhNaTAwTW1Fd0xUZzJPV0l0WlRaaE5qTXpORGsxTVdJek8zSmxaMmx2YmoxM1pYTjBkWE15P2FwaS12ZXJzaW9uPTIwMjEtMDctMDImb3BlcmF0aW9uU291cmNlPW90aGVyJmFzeW5jaW5mbw==",
      "RequestMethod": "GET",
      "RequestHeaders": {
        "x-ms-client-request-id": [
          "c14c2abf-8e3e-4b6a-ab63-4b65cbe9a132"
        ],
        "User-Agent": [
          "FxVersion/4.700.22.55902",
          "OSName/Windows",
          "OSVersion/Microsoft.Windows.10.0.25302",
          "Microsoft.Azure.Management.IotHub.IotHubClient/4.2.0.0"
        ]
      },
      "RequestBody": "",
      "ResponseHeaders": {
        "Cache-Control": [
          "no-cache"
        ],
        "Pragma": [
          "no-cache"
        ],
        "Server": [
          "Microsoft-HTTPAPI/2.0"
        ],
        "x-ms-ratelimit-remaining-subscription-reads": [
          "11999"
        ],
        "x-ms-request-id": [
          "caf1546c-af97-4c84-a0f0-09e1417ff5bf"
        ],
        "x-ms-correlation-request-id": [
          "caf1546c-af97-4c84-a0f0-09e1417ff5bf"
        ],
        "x-ms-routing-request-id": [
          "WESTCENTRALUS:20230216T184420Z:caf1546c-af97-4c84-a0f0-09e1417ff5bf"
        ],
        "Strict-Transport-Security": [
          "max-age=31536000; includeSubDomains"
        ],
        "X-Content-Type-Options": [
          "nosniff"
        ],
        "Date": [
          "Thu, 16 Feb 2023 18:44:19 GMT"
        ],
        "Content-Length": [
          "20"
        ],
        "Content-Type": [
          "application/json; charset=utf-8"
        ],
        "Expires": [
          "-1"
        ]
      },
      "ResponseBody": "{\r\n  \"status\": \"Running\"\r\n}",
      "StatusCode": 200
    },
    {
      "RequestUri": "/subscriptions/a386d5ea-ea90-441a-8263-d816368c84a1/providers/Microsoft.Devices/locations/westus2/operationResults/aWQ9b3NfaWhfYmZkZWRkYzUtZGExMi00MmEwLTg2OWItZTZhNjMzNDk1MWIzO3JlZ2lvbj13ZXN0dXMy?api-version=2021-07-02&operationSource=other&asyncinfo",
      "EncodedRequestUri": "L3N1YnNjcmlwdGlvbnMvYTM4NmQ1ZWEtZWE5MC00NDFhLTgyNjMtZDgxNjM2OGM4NGExL3Byb3ZpZGVycy9NaWNyb3NvZnQuRGV2aWNlcy9sb2NhdGlvbnMvd2VzdHVzMi9vcGVyYXRpb25SZXN1bHRzL2FXUTliM05mYVdoZlltWmtaV1JrWXpVdFpHRXhNaTAwTW1Fd0xUZzJPV0l0WlRaaE5qTXpORGsxTVdJek8zSmxaMmx2YmoxM1pYTjBkWE15P2FwaS12ZXJzaW9uPTIwMjEtMDctMDImb3BlcmF0aW9uU291cmNlPW90aGVyJmFzeW5jaW5mbw==",
      "RequestMethod": "GET",
      "RequestHeaders": {
        "x-ms-client-request-id": [
          "c14c2abf-8e3e-4b6a-ab63-4b65cbe9a132"
        ],
        "User-Agent": [
          "FxVersion/4.700.22.55902",
          "OSName/Windows",
          "OSVersion/Microsoft.Windows.10.0.25302",
          "Microsoft.Azure.Management.IotHub.IotHubClient/4.2.0.0"
        ]
      },
      "RequestBody": "",
      "ResponseHeaders": {
        "Cache-Control": [
          "no-cache"
        ],
        "Pragma": [
          "no-cache"
        ],
        "Server": [
          "Microsoft-HTTPAPI/2.0"
        ],
        "x-ms-ratelimit-remaining-subscription-reads": [
          "11998"
        ],
        "x-ms-request-id": [
          "49c5d237-cc0f-4a35-874e-bb2828903bea"
        ],
        "x-ms-correlation-request-id": [
          "49c5d237-cc0f-4a35-874e-bb2828903bea"
        ],
        "x-ms-routing-request-id": [
          "WESTCENTRALUS:20230216T184450Z:49c5d237-cc0f-4a35-874e-bb2828903bea"
        ],
        "Strict-Transport-Security": [
          "max-age=31536000; includeSubDomains"
        ],
        "X-Content-Type-Options": [
          "nosniff"
        ],
        "Date": [
          "Thu, 16 Feb 2023 18:44:50 GMT"
        ],
        "Content-Length": [
          "20"
        ],
        "Content-Type": [
          "application/json; charset=utf-8"
        ],
        "Expires": [
          "-1"
        ]
      },
      "ResponseBody": "{\r\n  \"status\": \"Running\"\r\n}",
      "StatusCode": 200
    },
    {
      "RequestUri": "/subscriptions/a386d5ea-ea90-441a-8263-d816368c84a1/providers/Microsoft.Devices/locations/westus2/operationResults/aWQ9b3NfaWhfYmZkZWRkYzUtZGExMi00MmEwLTg2OWItZTZhNjMzNDk1MWIzO3JlZ2lvbj13ZXN0dXMy?api-version=2021-07-02&operationSource=other&asyncinfo",
      "EncodedRequestUri": "L3N1YnNjcmlwdGlvbnMvYTM4NmQ1ZWEtZWE5MC00NDFhLTgyNjMtZDgxNjM2OGM4NGExL3Byb3ZpZGVycy9NaWNyb3NvZnQuRGV2aWNlcy9sb2NhdGlvbnMvd2VzdHVzMi9vcGVyYXRpb25SZXN1bHRzL2FXUTliM05mYVdoZlltWmtaV1JrWXpVdFpHRXhNaTAwTW1Fd0xUZzJPV0l0WlRaaE5qTXpORGsxTVdJek8zSmxaMmx2YmoxM1pYTjBkWE15P2FwaS12ZXJzaW9uPTIwMjEtMDctMDImb3BlcmF0aW9uU291cmNlPW90aGVyJmFzeW5jaW5mbw==",
      "RequestMethod": "GET",
      "RequestHeaders": {
        "x-ms-client-request-id": [
          "c14c2abf-8e3e-4b6a-ab63-4b65cbe9a132"
        ],
        "User-Agent": [
          "FxVersion/4.700.22.55902",
          "OSName/Windows",
          "OSVersion/Microsoft.Windows.10.0.25302",
          "Microsoft.Azure.Management.IotHub.IotHubClient/4.2.0.0"
        ]
      },
      "RequestBody": "",
      "ResponseHeaders": {
        "Cache-Control": [
          "no-cache"
        ],
        "Pragma": [
          "no-cache"
        ],
        "Server": [
          "Microsoft-HTTPAPI/2.0"
        ],
        "x-ms-ratelimit-remaining-subscription-reads": [
          "11997"
        ],
        "x-ms-request-id": [
          "5aefcafe-1ba2-44f7-8dae-b6609d50712f"
        ],
        "x-ms-correlation-request-id": [
          "5aefcafe-1ba2-44f7-8dae-b6609d50712f"
        ],
        "x-ms-routing-request-id": [
          "WESTCENTRALUS:20230216T184520Z:5aefcafe-1ba2-44f7-8dae-b6609d50712f"
        ],
        "Strict-Transport-Security": [
          "max-age=31536000; includeSubDomains"
        ],
        "X-Content-Type-Options": [
          "nosniff"
        ],
        "Date": [
          "Thu, 16 Feb 2023 18:45:20 GMT"
        ],
        "Content-Length": [
          "20"
        ],
        "Content-Type": [
          "application/json; charset=utf-8"
        ],
        "Expires": [
          "-1"
        ]
      },
      "ResponseBody": "{\r\n  \"status\": \"Running\"\r\n}",
      "StatusCode": 200
    },
    {
      "RequestUri": "/subscriptions/a386d5ea-ea90-441a-8263-d816368c84a1/providers/Microsoft.Devices/locations/westus2/operationResults/aWQ9b3NfaWhfYmZkZWRkYzUtZGExMi00MmEwLTg2OWItZTZhNjMzNDk1MWIzO3JlZ2lvbj13ZXN0dXMy?api-version=2021-07-02&operationSource=other&asyncinfo",
      "EncodedRequestUri": "L3N1YnNjcmlwdGlvbnMvYTM4NmQ1ZWEtZWE5MC00NDFhLTgyNjMtZDgxNjM2OGM4NGExL3Byb3ZpZGVycy9NaWNyb3NvZnQuRGV2aWNlcy9sb2NhdGlvbnMvd2VzdHVzMi9vcGVyYXRpb25SZXN1bHRzL2FXUTliM05mYVdoZlltWmtaV1JrWXpVdFpHRXhNaTAwTW1Fd0xUZzJPV0l0WlRaaE5qTXpORGsxTVdJek8zSmxaMmx2YmoxM1pYTjBkWE15P2FwaS12ZXJzaW9uPTIwMjEtMDctMDImb3BlcmF0aW9uU291cmNlPW90aGVyJmFzeW5jaW5mbw==",
      "RequestMethod": "GET",
      "RequestHeaders": {
        "x-ms-client-request-id": [
          "c14c2abf-8e3e-4b6a-ab63-4b65cbe9a132"
        ],
        "User-Agent": [
          "FxVersion/4.700.22.55902",
          "OSName/Windows",
          "OSVersion/Microsoft.Windows.10.0.25302",
          "Microsoft.Azure.Management.IotHub.IotHubClient/4.2.0.0"
        ]
      },
      "RequestBody": "",
      "ResponseHeaders": {
        "Cache-Control": [
          "no-cache"
        ],
        "Pragma": [
          "no-cache"
        ],
        "Server": [
          "Microsoft-HTTPAPI/2.0"
        ],
        "x-ms-ratelimit-remaining-subscription-reads": [
          "11996"
        ],
        "x-ms-request-id": [
          "41299443-2de8-4f46-b3e8-fc3702cf941d"
        ],
        "x-ms-correlation-request-id": [
          "41299443-2de8-4f46-b3e8-fc3702cf941d"
        ],
        "x-ms-routing-request-id": [
          "WESTCENTRALUS:20230216T184550Z:41299443-2de8-4f46-b3e8-fc3702cf941d"
        ],
        "Strict-Transport-Security": [
          "max-age=31536000; includeSubDomains"
        ],
        "X-Content-Type-Options": [
          "nosniff"
        ],
        "Date": [
          "Thu, 16 Feb 2023 18:45:50 GMT"
        ],
        "Content-Length": [
          "22"
        ],
        "Content-Type": [
          "application/json; charset=utf-8"
        ],
        "Expires": [
          "-1"
        ]
      },
      "ResponseBody": "{\r\n  \"status\": \"Succeeded\"\r\n}",
      "StatusCode": 200
    },
    {
      "RequestUri": "/subscriptions/a386d5ea-ea90-441a-8263-d816368c84a1/resourceGroups/ps6245/providers/Microsoft.Devices/IotHubs/ps5468?api-version=2021-07-02",
      "EncodedRequestUri": "L3N1YnNjcmlwdGlvbnMvYTM4NmQ1ZWEtZWE5MC00NDFhLTgyNjMtZDgxNjM2OGM4NGExL3Jlc291cmNlR3JvdXBzL3BzNjI0NS9wcm92aWRlcnMvTWljcm9zb2Z0LkRldmljZXMvSW90SHVicy9wczU0Njg/YXBpLXZlcnNpb249MjAyMS0wNy0wMg==",
      "RequestMethod": "GET",
      "RequestHeaders": {
        "x-ms-client-request-id": [
          "c14c2abf-8e3e-4b6a-ab63-4b65cbe9a132"
        ],
        "User-Agent": [
          "FxVersion/4.700.22.55902",
          "OSName/Windows",
          "OSVersion/Microsoft.Windows.10.0.25302",
          "Microsoft.Azure.Management.IotHub.IotHubClient/4.2.0.0"
        ]
      },
      "RequestBody": "",
      "ResponseHeaders": {
        "Cache-Control": [
          "no-cache"
        ],
        "Pragma": [
          "no-cache"
        ],
        "Server": [
          "Microsoft-HTTPAPI/2.0"
        ],
        "x-ms-ratelimit-remaining-subscription-reads": [
          "11995"
        ],
        "x-ms-request-id": [
          "3566fe84-922f-4e3d-9299-f342e2031c9f"
        ],
        "x-ms-correlation-request-id": [
          "3566fe84-922f-4e3d-9299-f342e2031c9f"
        ],
        "x-ms-routing-request-id": [
          "WESTCENTRALUS:20230216T184551Z:3566fe84-922f-4e3d-9299-f342e2031c9f"
        ],
        "Strict-Transport-Security": [
          "max-age=31536000; includeSubDomains"
        ],
        "X-Content-Type-Options": [
          "nosniff"
        ],
        "Date": [
          "Thu, 16 Feb 2023 18:45:50 GMT"
        ],
        "Content-Length": [
          "1579"
        ],
        "Content-Type": [
          "application/json; charset=utf-8"
        ],
        "Expires": [
          "-1"
        ]
      },
      "ResponseBody": "{\r\n  \"id\": \"/subscriptions/a386d5ea-ea90-441a-8263-d816368c84a1/resourceGroups/ps6245/providers/Microsoft.Devices/IotHubs/ps5468\",\r\n  \"name\": \"ps5468\",\r\n  \"type\": \"Microsoft.Devices/IotHubs\",\r\n  \"location\": \"West US 2\",\r\n  \"tags\": {},\r\n  \"subscriptionid\": \"a386d5ea-ea90-441a-8263-d816368c84a1\",\r\n  \"resourcegroup\": \"ps6245\",\r\n  \"etag\": \"AAAADHxV504=\",\r\n  \"properties\": {\r\n    \"locations\": [\r\n      {\r\n        \"location\": \"West US 2\",\r\n        \"role\": \"primary\"\r\n      },\r\n      {\r\n        \"location\": \"West Central US\",\r\n        \"role\": \"secondary\"\r\n      }\r\n    ],\r\n    \"state\": \"Active\",\r\n    \"provisioningState\": \"Succeeded\",\r\n    \"ipFilterRules\": [],\r\n    \"hostName\": \"ps5468.azure-devices.net\",\r\n    \"eventHubEndpoints\": {\r\n      \"events\": {\r\n        \"retentionTimeInDays\": 1,\r\n        \"partitionCount\": 4,\r\n        \"partitionIds\": [\r\n          \"0\",\r\n          \"1\",\r\n          \"2\",\r\n          \"3\"\r\n        ],\r\n        \"path\": \"ps5468\",\r\n        \"endpoint\": \"sb://iothub-ns-ps5468-24619162-846d7d8750.servicebus.windows.net/\"\r\n      }\r\n    },\r\n    \"routing\": {\r\n      \"endpoints\": {\r\n        \"serviceBusQueues\": [],\r\n        \"serviceBusTopics\": [],\r\n        \"eventHubs\": [],\r\n        \"storageContainers\": []\r\n      },\r\n      \"routes\": [],\r\n      \"fallbackRoute\": {\r\n        \"name\": \"$fallback\",\r\n        \"source\": \"DeviceMessages\",\r\n        \"condition\": \"true\",\r\n        \"endpointNames\": [\r\n          \"events\"\r\n        ],\r\n        \"isEnabled\": true\r\n      }\r\n    },\r\n    \"storageEndpoints\": {\r\n      \"$default\": {\r\n        \"sasTtlAsIso8601\": \"PT1H\",\r\n        \"connectionString\": \"Sanitized\",\r\n        \"containerName\": \"\"\r\n      }\r\n    },\r\n    \"messagingEndpoints\": {\r\n      \"fileNotifications\": {\r\n        \"lockDurationAsIso8601\": \"PT1M\",\r\n        \"ttlAsIso8601\": \"PT1H\",\r\n        \"maxDeliveryCount\": 10\r\n      }\r\n    },\r\n    \"enableFileUploadNotifications\": false,\r\n    \"cloudToDevice\": {\r\n      \"maxDeliveryCount\": 10,\r\n      \"defaultTtlAsIso8601\": \"PT1H\",\r\n      \"feedback\": {\r\n        \"lockDurationAsIso8601\": \"PT1M\",\r\n        \"ttlAsIso8601\": \"PT1H\",\r\n        \"maxDeliveryCount\": 10\r\n      }\r\n    },\r\n    \"features\": \"None\",\r\n    \"allowedFqdnList\": []\r\n  },\r\n  \"sku\": {\r\n    \"name\": \"S1\",\r\n    \"tier\": \"Standard\",\r\n    \"capacity\": 1\r\n  },\r\n  \"identity\": {\r\n    \"type\": \"None\"\r\n  },\r\n  \"systemData\": {\r\n    \"createdAt\": \"2023-02-16T18:43:48.9466667Z\"\r\n  }\r\n}",
      "StatusCode": 200
    },
    {
      "RequestUri": "/subscriptions/a386d5ea-ea90-441a-8263-d816368c84a1/resourceGroups/ps6245/providers/Microsoft.Devices/IotHubs/ps5468?api-version=2021-07-02",
      "EncodedRequestUri": "L3N1YnNjcmlwdGlvbnMvYTM4NmQ1ZWEtZWE5MC00NDFhLTgyNjMtZDgxNjM2OGM4NGExL3Jlc291cmNlR3JvdXBzL3BzNjI0NS9wcm92aWRlcnMvTWljcm9zb2Z0LkRldmljZXMvSW90SHVicy9wczU0Njg/YXBpLXZlcnNpb249MjAyMS0wNy0wMg==",
      "RequestMethod": "GET",
      "RequestHeaders": {
        "x-ms-client-request-id": [
          "c14c2abf-8e3e-4b6a-ab63-4b65cbe9a132"
        ],
        "Accept-Language": [
          "en-US"
        ],
        "User-Agent": [
          "FxVersion/4.700.22.55902",
          "OSName/Windows",
          "OSVersion/Microsoft.Windows.10.0.25302",
          "Microsoft.Azure.Management.IotHub.IotHubClient/4.2.0.0"
        ]
      },
      "RequestBody": "",
      "ResponseHeaders": {
        "Cache-Control": [
          "no-cache"
        ],
        "Pragma": [
          "no-cache"
        ],
        "Server": [
          "Microsoft-HTTPAPI/2.0"
        ],
        "x-ms-ratelimit-remaining-subscription-reads": [
          "11994"
        ],
        "x-ms-request-id": [
          "711d38da-e300-40ba-a8f4-2f8f3b6de003"
        ],
        "x-ms-correlation-request-id": [
          "711d38da-e300-40ba-a8f4-2f8f3b6de003"
        ],
        "x-ms-routing-request-id": [
          "WESTCENTRALUS:20230216T184552Z:711d38da-e300-40ba-a8f4-2f8f3b6de003"
        ],
        "Strict-Transport-Security": [
          "max-age=31536000; includeSubDomains"
        ],
        "X-Content-Type-Options": [
          "nosniff"
        ],
        "Date": [
          "Thu, 16 Feb 2023 18:45:51 GMT"
        ],
        "Content-Length": [
          "1579"
        ],
        "Content-Type": [
          "application/json; charset=utf-8"
        ],
        "Expires": [
          "-1"
        ]
      },
      "ResponseBody": "{\r\n  \"id\": \"/subscriptions/a386d5ea-ea90-441a-8263-d816368c84a1/resourceGroups/ps6245/providers/Microsoft.Devices/IotHubs/ps5468\",\r\n  \"name\": \"ps5468\",\r\n  \"type\": \"Microsoft.Devices/IotHubs\",\r\n  \"location\": \"West US 2\",\r\n  \"tags\": {},\r\n  \"subscriptionid\": \"a386d5ea-ea90-441a-8263-d816368c84a1\",\r\n  \"resourcegroup\": \"ps6245\",\r\n  \"etag\": \"AAAADHxV504=\",\r\n  \"properties\": {\r\n    \"locations\": [\r\n      {\r\n        \"location\": \"West US 2\",\r\n        \"role\": \"primary\"\r\n      },\r\n      {\r\n        \"location\": \"West Central US\",\r\n        \"role\": \"secondary\"\r\n      }\r\n    ],\r\n    \"state\": \"Active\",\r\n    \"provisioningState\": \"Succeeded\",\r\n    \"ipFilterRules\": [],\r\n    \"hostName\": \"ps5468.azure-devices.net\",\r\n    \"eventHubEndpoints\": {\r\n      \"events\": {\r\n        \"retentionTimeInDays\": 1,\r\n        \"partitionCount\": 4,\r\n        \"partitionIds\": [\r\n          \"0\",\r\n          \"1\",\r\n          \"2\",\r\n          \"3\"\r\n        ],\r\n        \"path\": \"ps5468\",\r\n        \"endpoint\": \"sb://iothub-ns-ps5468-24619162-846d7d8750.servicebus.windows.net/\"\r\n      }\r\n    },\r\n    \"routing\": {\r\n      \"endpoints\": {\r\n        \"serviceBusQueues\": [],\r\n        \"serviceBusTopics\": [],\r\n        \"eventHubs\": [],\r\n        \"storageContainers\": []\r\n      },\r\n      \"routes\": [],\r\n      \"fallbackRoute\": {\r\n        \"name\": \"$fallback\",\r\n        \"source\": \"DeviceMessages\",\r\n        \"condition\": \"true\",\r\n        \"endpointNames\": [\r\n          \"events\"\r\n        ],\r\n        \"isEnabled\": true\r\n      }\r\n    },\r\n    \"storageEndpoints\": {\r\n      \"$default\": {\r\n        \"sasTtlAsIso8601\": \"PT1H\",\r\n        \"connectionString\": \"Sanitized\",\r\n        \"containerName\": \"\"\r\n      }\r\n    },\r\n    \"messagingEndpoints\": {\r\n      \"fileNotifications\": {\r\n        \"lockDurationAsIso8601\": \"PT1M\",\r\n        \"ttlAsIso8601\": \"PT1H\",\r\n        \"maxDeliveryCount\": 10\r\n      }\r\n    },\r\n    \"enableFileUploadNotifications\": false,\r\n    \"cloudToDevice\": {\r\n      \"maxDeliveryCount\": 10,\r\n      \"defaultTtlAsIso8601\": \"PT1H\",\r\n      \"feedback\": {\r\n        \"lockDurationAsIso8601\": \"PT1M\",\r\n        \"ttlAsIso8601\": \"PT1H\",\r\n        \"maxDeliveryCount\": 10\r\n      }\r\n    },\r\n    \"features\": \"None\",\r\n    \"allowedFqdnList\": []\r\n  },\r\n  \"sku\": {\r\n    \"name\": \"S1\",\r\n    \"tier\": \"Standard\",\r\n    \"capacity\": 1\r\n  },\r\n  \"identity\": {\r\n    \"type\": \"None\"\r\n  },\r\n  \"systemData\": {\r\n    \"createdAt\": \"2023-02-16T18:43:48.9466667Z\"\r\n  }\r\n}",
      "StatusCode": 200
    },
    {
      "RequestUri": "/subscriptions/a386d5ea-ea90-441a-8263-d816368c84a1/resourceGroups/ps6245/providers/Microsoft.Devices/IotHubs/ps5468?api-version=2021-07-02",
      "EncodedRequestUri": "L3N1YnNjcmlwdGlvbnMvYTM4NmQ1ZWEtZWE5MC00NDFhLTgyNjMtZDgxNjM2OGM4NGExL3Jlc291cmNlR3JvdXBzL3BzNjI0NS9wcm92aWRlcnMvTWljcm9zb2Z0LkRldmljZXMvSW90SHVicy9wczU0Njg/YXBpLXZlcnNpb249MjAyMS0wNy0wMg==",
      "RequestMethod": "GET",
      "RequestHeaders": {
        "x-ms-client-request-id": [
          "48751011-373f-40c5-90f9-954bfb7a30a9"
        ],
        "Accept-Language": [
          "en-US"
        ],
        "User-Agent": [
          "FxVersion/4.700.22.55902",
          "OSName/Windows",
          "OSVersion/Microsoft.Windows.10.0.25302",
          "Microsoft.Azure.Management.IotHub.IotHubClient/4.2.0.0"
        ]
      },
      "RequestBody": "",
      "ResponseHeaders": {
        "Cache-Control": [
          "no-cache"
        ],
        "Pragma": [
          "no-cache"
        ],
        "Server": [
          "Microsoft-HTTPAPI/2.0"
        ],
        "x-ms-ratelimit-remaining-subscription-reads": [
          "11998"
        ],
        "x-ms-request-id": [
          "8895d7fb-19f2-4f30-a369-7d1e0e5ab1e0"
        ],
        "x-ms-correlation-request-id": [
          "8895d7fb-19f2-4f30-a369-7d1e0e5ab1e0"
        ],
        "x-ms-routing-request-id": [
          "WESTCENTRALUS:20230216T184553Z:8895d7fb-19f2-4f30-a369-7d1e0e5ab1e0"
        ],
        "Strict-Transport-Security": [
          "max-age=31536000; includeSubDomains"
        ],
        "X-Content-Type-Options": [
          "nosniff"
        ],
        "Date": [
          "Thu, 16 Feb 2023 18:45:53 GMT"
        ],
        "Content-Length": [
          "1579"
        ],
        "Content-Type": [
          "application/json; charset=utf-8"
        ],
        "Expires": [
          "-1"
        ]
      },
      "ResponseBody": "{\r\n  \"id\": \"/subscriptions/a386d5ea-ea90-441a-8263-d816368c84a1/resourceGroups/ps6245/providers/Microsoft.Devices/IotHubs/ps5468\",\r\n  \"name\": \"ps5468\",\r\n  \"type\": \"Microsoft.Devices/IotHubs\",\r\n  \"location\": \"West US 2\",\r\n  \"tags\": {},\r\n  \"subscriptionid\": \"a386d5ea-ea90-441a-8263-d816368c84a1\",\r\n  \"resourcegroup\": \"ps6245\",\r\n  \"etag\": \"AAAADHxV504=\",\r\n  \"properties\": {\r\n    \"locations\": [\r\n      {\r\n        \"location\": \"West US 2\",\r\n        \"role\": \"primary\"\r\n      },\r\n      {\r\n        \"location\": \"West Central US\",\r\n        \"role\": \"secondary\"\r\n      }\r\n    ],\r\n    \"state\": \"Active\",\r\n    \"provisioningState\": \"Succeeded\",\r\n    \"ipFilterRules\": [],\r\n    \"hostName\": \"ps5468.azure-devices.net\",\r\n    \"eventHubEndpoints\": {\r\n      \"events\": {\r\n        \"retentionTimeInDays\": 1,\r\n        \"partitionCount\": 4,\r\n        \"partitionIds\": [\r\n          \"0\",\r\n          \"1\",\r\n          \"2\",\r\n          \"3\"\r\n        ],\r\n        \"path\": \"ps5468\",\r\n        \"endpoint\": \"sb://iothub-ns-ps5468-24619162-846d7d8750.servicebus.windows.net/\"\r\n      }\r\n    },\r\n    \"routing\": {\r\n      \"endpoints\": {\r\n        \"serviceBusQueues\": [],\r\n        \"serviceBusTopics\": [],\r\n        \"eventHubs\": [],\r\n        \"storageContainers\": []\r\n      },\r\n      \"routes\": [],\r\n      \"fallbackRoute\": {\r\n        \"name\": \"$fallback\",\r\n        \"source\": \"DeviceMessages\",\r\n        \"condition\": \"true\",\r\n        \"endpointNames\": [\r\n          \"events\"\r\n        ],\r\n        \"isEnabled\": true\r\n      }\r\n    },\r\n    \"storageEndpoints\": {\r\n      \"$default\": {\r\n        \"sasTtlAsIso8601\": \"PT1H\",\r\n        \"connectionString\": \"Sanitized\",\r\n        \"containerName\": \"\"\r\n      }\r\n    },\r\n    \"messagingEndpoints\": {\r\n      \"fileNotifications\": {\r\n        \"lockDurationAsIso8601\": \"PT1M\",\r\n        \"ttlAsIso8601\": \"PT1H\",\r\n        \"maxDeliveryCount\": 10\r\n      }\r\n    },\r\n    \"enableFileUploadNotifications\": false,\r\n    \"cloudToDevice\": {\r\n      \"maxDeliveryCount\": 10,\r\n      \"defaultTtlAsIso8601\": \"PT1H\",\r\n      \"feedback\": {\r\n        \"lockDurationAsIso8601\": \"PT1M\",\r\n        \"ttlAsIso8601\": \"PT1H\",\r\n        \"maxDeliveryCount\": 10\r\n      }\r\n    },\r\n    \"features\": \"None\",\r\n    \"allowedFqdnList\": []\r\n  },\r\n  \"sku\": {\r\n    \"name\": \"S1\",\r\n    \"tier\": \"Standard\",\r\n    \"capacity\": 1\r\n  },\r\n  \"identity\": {\r\n    \"type\": \"None\"\r\n  },\r\n  \"systemData\": {\r\n    \"createdAt\": \"2023-02-16T18:43:48.9466667Z\"\r\n  }\r\n}",
      "StatusCode": 200
    },
    {
      "RequestUri": "/subscriptions/a386d5ea-ea90-441a-8263-d816368c84a1/resourceGroups/ps6245/providers/Microsoft.Devices/IotHubs/ps5468?api-version=2021-07-02",
      "EncodedRequestUri": "L3N1YnNjcmlwdGlvbnMvYTM4NmQ1ZWEtZWE5MC00NDFhLTgyNjMtZDgxNjM2OGM4NGExL3Jlc291cmNlR3JvdXBzL3BzNjI0NS9wcm92aWRlcnMvTWljcm9zb2Z0LkRldmljZXMvSW90SHVicy9wczU0Njg/YXBpLXZlcnNpb249MjAyMS0wNy0wMg==",
      "RequestMethod": "GET",
      "RequestHeaders": {
        "x-ms-client-request-id": [
          "d1c39a50-c53d-4a0e-a13b-5fc2295e76e6"
        ],
        "Accept-Language": [
          "en-US"
        ],
        "User-Agent": [
          "FxVersion/4.700.22.55902",
          "OSName/Windows",
          "OSVersion/Microsoft.Windows.10.0.25302",
          "Microsoft.Azure.Management.IotHub.IotHubClient/4.2.0.0"
        ]
      },
      "RequestBody": "",
      "ResponseHeaders": {
        "Cache-Control": [
          "no-cache"
        ],
        "Pragma": [
          "no-cache"
        ],
        "Server": [
          "Microsoft-HTTPAPI/2.0"
        ],
        "x-ms-ratelimit-remaining-subscription-reads": [
          "11998"
        ],
        "x-ms-request-id": [
          "92d858cf-330c-4969-8ad0-00ea4cad0f76"
        ],
        "x-ms-correlation-request-id": [
          "92d858cf-330c-4969-8ad0-00ea4cad0f76"
        ],
        "x-ms-routing-request-id": [
          "WESTCENTRALUS:20230216T184554Z:92d858cf-330c-4969-8ad0-00ea4cad0f76"
        ],
        "Strict-Transport-Security": [
          "max-age=31536000; includeSubDomains"
        ],
        "X-Content-Type-Options": [
          "nosniff"
        ],
        "Date": [
          "Thu, 16 Feb 2023 18:45:54 GMT"
        ],
        "Content-Length": [
          "1579"
        ],
        "Content-Type": [
          "application/json; charset=utf-8"
        ],
        "Expires": [
          "-1"
        ]
      },
      "ResponseBody": "{\r\n  \"id\": \"/subscriptions/a386d5ea-ea90-441a-8263-d816368c84a1/resourceGroups/ps6245/providers/Microsoft.Devices/IotHubs/ps5468\",\r\n  \"name\": \"ps5468\",\r\n  \"type\": \"Microsoft.Devices/IotHubs\",\r\n  \"location\": \"West US 2\",\r\n  \"tags\": {},\r\n  \"subscriptionid\": \"a386d5ea-ea90-441a-8263-d816368c84a1\",\r\n  \"resourcegroup\": \"ps6245\",\r\n  \"etag\": \"AAAADHxV504=\",\r\n  \"properties\": {\r\n    \"locations\": [\r\n      {\r\n        \"location\": \"West US 2\",\r\n        \"role\": \"primary\"\r\n      },\r\n      {\r\n        \"location\": \"West Central US\",\r\n        \"role\": \"secondary\"\r\n      }\r\n    ],\r\n    \"state\": \"Active\",\r\n    \"provisioningState\": \"Succeeded\",\r\n    \"ipFilterRules\": [],\r\n    \"hostName\": \"ps5468.azure-devices.net\",\r\n    \"eventHubEndpoints\": {\r\n      \"events\": {\r\n        \"retentionTimeInDays\": 1,\r\n        \"partitionCount\": 4,\r\n        \"partitionIds\": [\r\n          \"0\",\r\n          \"1\",\r\n          \"2\",\r\n          \"3\"\r\n        ],\r\n        \"path\": \"ps5468\",\r\n        \"endpoint\": \"sb://iothub-ns-ps5468-24619162-846d7d8750.servicebus.windows.net/\"\r\n      }\r\n    },\r\n    \"routing\": {\r\n      \"endpoints\": {\r\n        \"serviceBusQueues\": [],\r\n        \"serviceBusTopics\": [],\r\n        \"eventHubs\": [],\r\n        \"storageContainers\": []\r\n      },\r\n      \"routes\": [],\r\n      \"fallbackRoute\": {\r\n        \"name\": \"$fallback\",\r\n        \"source\": \"DeviceMessages\",\r\n        \"condition\": \"true\",\r\n        \"endpointNames\": [\r\n          \"events\"\r\n        ],\r\n        \"isEnabled\": true\r\n      }\r\n    },\r\n    \"storageEndpoints\": {\r\n      \"$default\": {\r\n        \"sasTtlAsIso8601\": \"PT1H\",\r\n        \"connectionString\": \"Sanitized\",\r\n        \"containerName\": \"\"\r\n      }\r\n    },\r\n    \"messagingEndpoints\": {\r\n      \"fileNotifications\": {\r\n        \"lockDurationAsIso8601\": \"PT1M\",\r\n        \"ttlAsIso8601\": \"PT1H\",\r\n        \"maxDeliveryCount\": 10\r\n      }\r\n    },\r\n    \"enableFileUploadNotifications\": false,\r\n    \"cloudToDevice\": {\r\n      \"maxDeliveryCount\": 10,\r\n      \"defaultTtlAsIso8601\": \"PT1H\",\r\n      \"feedback\": {\r\n        \"lockDurationAsIso8601\": \"PT1M\",\r\n        \"ttlAsIso8601\": \"PT1H\",\r\n        \"maxDeliveryCount\": 10\r\n      }\r\n    },\r\n    \"features\": \"None\",\r\n    \"allowedFqdnList\": []\r\n  },\r\n  \"sku\": {\r\n    \"name\": \"S1\",\r\n    \"tier\": \"Standard\",\r\n    \"capacity\": 1\r\n  },\r\n  \"identity\": {\r\n    \"type\": \"None\"\r\n  },\r\n  \"systemData\": {\r\n    \"createdAt\": \"2023-02-16T18:43:48.9466667Z\"\r\n  }\r\n}",
      "StatusCode": 200
    },
    {
      "RequestUri": "/subscriptions/a386d5ea-ea90-441a-8263-d816368c84a1/resourceGroups/ps6245/providers/Microsoft.Devices/IotHubs/ps5468?api-version=2021-07-02",
      "EncodedRequestUri": "L3N1YnNjcmlwdGlvbnMvYTM4NmQ1ZWEtZWE5MC00NDFhLTgyNjMtZDgxNjM2OGM4NGExL3Jlc291cmNlR3JvdXBzL3BzNjI0NS9wcm92aWRlcnMvTWljcm9zb2Z0LkRldmljZXMvSW90SHVicy9wczU0Njg/YXBpLXZlcnNpb249MjAyMS0wNy0wMg==",
      "RequestMethod": "GET",
      "RequestHeaders": {
        "x-ms-client-request-id": [
          "f2f36e75-c23d-4a4a-97c2-df54b6b45087"
        ],
        "Accept-Language": [
          "en-US"
        ],
        "User-Agent": [
          "FxVersion/4.700.22.55902",
          "OSName/Windows",
          "OSVersion/Microsoft.Windows.10.0.25302",
          "Microsoft.Azure.Management.IotHub.IotHubClient/4.2.0.0"
        ]
      },
      "RequestBody": "",
      "ResponseHeaders": {
        "Cache-Control": [
          "no-cache"
        ],
        "Pragma": [
          "no-cache"
        ],
        "Server": [
          "Microsoft-HTTPAPI/2.0"
        ],
        "x-ms-ratelimit-remaining-subscription-reads": [
          "11998"
        ],
        "x-ms-request-id": [
          "b241602e-70a6-40be-8b30-13183acb9d25"
        ],
        "x-ms-correlation-request-id": [
          "b241602e-70a6-40be-8b30-13183acb9d25"
        ],
        "x-ms-routing-request-id": [
          "WESTCENTRALUS:20230216T184557Z:b241602e-70a6-40be-8b30-13183acb9d25"
        ],
        "Strict-Transport-Security": [
          "max-age=31536000; includeSubDomains"
        ],
        "X-Content-Type-Options": [
          "nosniff"
        ],
        "Date": [
          "Thu, 16 Feb 2023 18:45:56 GMT"
        ],
        "Content-Length": [
          "1579"
        ],
        "Content-Type": [
          "application/json; charset=utf-8"
        ],
        "Expires": [
          "-1"
        ]
      },
      "ResponseBody": "{\r\n  \"id\": \"/subscriptions/a386d5ea-ea90-441a-8263-d816368c84a1/resourceGroups/ps6245/providers/Microsoft.Devices/IotHubs/ps5468\",\r\n  \"name\": \"ps5468\",\r\n  \"type\": \"Microsoft.Devices/IotHubs\",\r\n  \"location\": \"West US 2\",\r\n  \"tags\": {},\r\n  \"subscriptionid\": \"a386d5ea-ea90-441a-8263-d816368c84a1\",\r\n  \"resourcegroup\": \"ps6245\",\r\n  \"etag\": \"AAAADHxV504=\",\r\n  \"properties\": {\r\n    \"locations\": [\r\n      {\r\n        \"location\": \"West US 2\",\r\n        \"role\": \"primary\"\r\n      },\r\n      {\r\n        \"location\": \"West Central US\",\r\n        \"role\": \"secondary\"\r\n      }\r\n    ],\r\n    \"state\": \"Active\",\r\n    \"provisioningState\": \"Succeeded\",\r\n    \"ipFilterRules\": [],\r\n    \"hostName\": \"ps5468.azure-devices.net\",\r\n    \"eventHubEndpoints\": {\r\n      \"events\": {\r\n        \"retentionTimeInDays\": 1,\r\n        \"partitionCount\": 4,\r\n        \"partitionIds\": [\r\n          \"0\",\r\n          \"1\",\r\n          \"2\",\r\n          \"3\"\r\n        ],\r\n        \"path\": \"ps5468\",\r\n        \"endpoint\": \"sb://iothub-ns-ps5468-24619162-846d7d8750.servicebus.windows.net/\"\r\n      }\r\n    },\r\n    \"routing\": {\r\n      \"endpoints\": {\r\n        \"serviceBusQueues\": [],\r\n        \"serviceBusTopics\": [],\r\n        \"eventHubs\": [],\r\n        \"storageContainers\": []\r\n      },\r\n      \"routes\": [],\r\n      \"fallbackRoute\": {\r\n        \"name\": \"$fallback\",\r\n        \"source\": \"DeviceMessages\",\r\n        \"condition\": \"true\",\r\n        \"endpointNames\": [\r\n          \"events\"\r\n        ],\r\n        \"isEnabled\": true\r\n      }\r\n    },\r\n    \"storageEndpoints\": {\r\n      \"$default\": {\r\n        \"sasTtlAsIso8601\": \"PT1H\",\r\n        \"connectionString\": \"Sanitized\",\r\n        \"containerName\": \"\"\r\n      }\r\n    },\r\n    \"messagingEndpoints\": {\r\n      \"fileNotifications\": {\r\n        \"lockDurationAsIso8601\": \"PT1M\",\r\n        \"ttlAsIso8601\": \"PT1H\",\r\n        \"maxDeliveryCount\": 10\r\n      }\r\n    },\r\n    \"enableFileUploadNotifications\": false,\r\n    \"cloudToDevice\": {\r\n      \"maxDeliveryCount\": 10,\r\n      \"defaultTtlAsIso8601\": \"PT1H\",\r\n      \"feedback\": {\r\n        \"lockDurationAsIso8601\": \"PT1M\",\r\n        \"ttlAsIso8601\": \"PT1H\",\r\n        \"maxDeliveryCount\": 10\r\n      }\r\n    },\r\n    \"features\": \"None\",\r\n    \"allowedFqdnList\": []\r\n  },\r\n  \"sku\": {\r\n    \"name\": \"S1\",\r\n    \"tier\": \"Standard\",\r\n    \"capacity\": 1\r\n  },\r\n  \"identity\": {\r\n    \"type\": \"None\"\r\n  },\r\n  \"systemData\": {\r\n    \"createdAt\": \"2023-02-16T18:43:48.9466667Z\"\r\n  }\r\n}",
      "StatusCode": 200
    },
    {
      "RequestUri": "/subscriptions/a386d5ea-ea90-441a-8263-d816368c84a1/resourceGroups/ps6245/providers/Microsoft.Devices/IotHubs/ps5468?api-version=2021-07-02",
      "EncodedRequestUri": "L3N1YnNjcmlwdGlvbnMvYTM4NmQ1ZWEtZWE5MC00NDFhLTgyNjMtZDgxNjM2OGM4NGExL3Jlc291cmNlR3JvdXBzL3BzNjI0NS9wcm92aWRlcnMvTWljcm9zb2Z0LkRldmljZXMvSW90SHVicy9wczU0Njg/YXBpLXZlcnNpb249MjAyMS0wNy0wMg==",
      "RequestMethod": "GET",
      "RequestHeaders": {
        "x-ms-client-request-id": [
          "f99b7d58-d65b-4bee-bfcc-3d440f7adebf"
        ],
        "Accept-Language": [
          "en-US"
        ],
        "User-Agent": [
          "FxVersion/4.700.22.55902",
          "OSName/Windows",
          "OSVersion/Microsoft.Windows.10.0.25302",
          "Microsoft.Azure.Management.IotHub.IotHubClient/4.2.0.0"
        ]
      },
      "RequestBody": "",
      "ResponseHeaders": {
        "Cache-Control": [
          "no-cache"
        ],
        "Pragma": [
          "no-cache"
        ],
        "Server": [
          "Microsoft-HTTPAPI/2.0"
        ],
        "x-ms-ratelimit-remaining-subscription-reads": [
          "11997"
        ],
        "x-ms-request-id": [
          "4426f14b-956f-43e6-b4a6-509ed456231e"
        ],
        "x-ms-correlation-request-id": [
          "4426f14b-956f-43e6-b4a6-509ed456231e"
        ],
        "x-ms-routing-request-id": [
          "WESTCENTRALUS:20230216T184558Z:4426f14b-956f-43e6-b4a6-509ed456231e"
        ],
        "Strict-Transport-Security": [
          "max-age=31536000; includeSubDomains"
        ],
        "X-Content-Type-Options": [
          "nosniff"
        ],
        "Date": [
          "Thu, 16 Feb 2023 18:45:57 GMT"
        ],
        "Content-Length": [
          "1579"
        ],
        "Content-Type": [
          "application/json; charset=utf-8"
        ],
        "Expires": [
          "-1"
        ]
      },
      "ResponseBody": "{\r\n  \"id\": \"/subscriptions/a386d5ea-ea90-441a-8263-d816368c84a1/resourceGroups/ps6245/providers/Microsoft.Devices/IotHubs/ps5468\",\r\n  \"name\": \"ps5468\",\r\n  \"type\": \"Microsoft.Devices/IotHubs\",\r\n  \"location\": \"West US 2\",\r\n  \"tags\": {},\r\n  \"subscriptionid\": \"a386d5ea-ea90-441a-8263-d816368c84a1\",\r\n  \"resourcegroup\": \"ps6245\",\r\n  \"etag\": \"AAAADHxV504=\",\r\n  \"properties\": {\r\n    \"locations\": [\r\n      {\r\n        \"location\": \"West US 2\",\r\n        \"role\": \"primary\"\r\n      },\r\n      {\r\n        \"location\": \"West Central US\",\r\n        \"role\": \"secondary\"\r\n      }\r\n    ],\r\n    \"state\": \"Active\",\r\n    \"provisioningState\": \"Succeeded\",\r\n    \"ipFilterRules\": [],\r\n    \"hostName\": \"ps5468.azure-devices.net\",\r\n    \"eventHubEndpoints\": {\r\n      \"events\": {\r\n        \"retentionTimeInDays\": 1,\r\n        \"partitionCount\": 4,\r\n        \"partitionIds\": [\r\n          \"0\",\r\n          \"1\",\r\n          \"2\",\r\n          \"3\"\r\n        ],\r\n        \"path\": \"ps5468\",\r\n        \"endpoint\": \"sb://iothub-ns-ps5468-24619162-846d7d8750.servicebus.windows.net/\"\r\n      }\r\n    },\r\n    \"routing\": {\r\n      \"endpoints\": {\r\n        \"serviceBusQueues\": [],\r\n        \"serviceBusTopics\": [],\r\n        \"eventHubs\": [],\r\n        \"storageContainers\": []\r\n      },\r\n      \"routes\": [],\r\n      \"fallbackRoute\": {\r\n        \"name\": \"$fallback\",\r\n        \"source\": \"DeviceMessages\",\r\n        \"condition\": \"true\",\r\n        \"endpointNames\": [\r\n          \"events\"\r\n        ],\r\n        \"isEnabled\": true\r\n      }\r\n    },\r\n    \"storageEndpoints\": {\r\n      \"$default\": {\r\n        \"sasTtlAsIso8601\": \"PT1H\",\r\n        \"connectionString\": \"Sanitized\",\r\n        \"containerName\": \"\"\r\n      }\r\n    },\r\n    \"messagingEndpoints\": {\r\n      \"fileNotifications\": {\r\n        \"lockDurationAsIso8601\": \"PT1M\",\r\n        \"ttlAsIso8601\": \"PT1H\",\r\n        \"maxDeliveryCount\": 10\r\n      }\r\n    },\r\n    \"enableFileUploadNotifications\": false,\r\n    \"cloudToDevice\": {\r\n      \"maxDeliveryCount\": 10,\r\n      \"defaultTtlAsIso8601\": \"PT1H\",\r\n      \"feedback\": {\r\n        \"lockDurationAsIso8601\": \"PT1M\",\r\n        \"ttlAsIso8601\": \"PT1H\",\r\n        \"maxDeliveryCount\": 10\r\n      }\r\n    },\r\n    \"features\": \"None\",\r\n    \"allowedFqdnList\": []\r\n  },\r\n  \"sku\": {\r\n    \"name\": \"S1\",\r\n    \"tier\": \"Standard\",\r\n    \"capacity\": 1\r\n  },\r\n  \"identity\": {\r\n    \"type\": \"None\"\r\n  },\r\n  \"systemData\": {\r\n    \"createdAt\": \"2023-02-16T18:43:48.9466667Z\"\r\n  }\r\n}",
      "StatusCode": 200
    },
    {
      "RequestUri": "/subscriptions/a386d5ea-ea90-441a-8263-d816368c84a1/resourceGroups/ps6245/providers/Microsoft.Devices/IotHubs/ps5468/listkeys?api-version=2021-07-02",
      "EncodedRequestUri": "L3N1YnNjcmlwdGlvbnMvYTM4NmQ1ZWEtZWE5MC00NDFhLTgyNjMtZDgxNjM2OGM4NGExL3Jlc291cmNlR3JvdXBzL3BzNjI0NS9wcm92aWRlcnMvTWljcm9zb2Z0LkRldmljZXMvSW90SHVicy9wczU0NjgvbGlzdGtleXM/YXBpLXZlcnNpb249MjAyMS0wNy0wMg==",
      "RequestMethod": "POST",
      "RequestHeaders": {
        "x-ms-client-request-id": [
          "48751011-373f-40c5-90f9-954bfb7a30a9"
        ],
        "Accept-Language": [
          "en-US"
        ],
        "User-Agent": [
          "FxVersion/4.700.22.55902",
          "OSName/Windows",
          "OSVersion/Microsoft.Windows.10.0.25302",
          "Microsoft.Azure.Management.IotHub.IotHubClient/4.2.0.0"
        ]
      },
      "RequestBody": "",
      "ResponseHeaders": {
        "Cache-Control": [
          "no-cache"
        ],
        "Pragma": [
          "no-cache"
        ],
        "Server": [
          "Microsoft-HTTPAPI/2.0"
        ],
        "x-ms-ratelimit-remaining-subscription-writes": [
          "1198"
        ],
        "x-ms-request-id": [
          "f03944ab-4286-4d50-8e0a-c0b7511f2036"
        ],
        "x-ms-correlation-request-id": [
          "f03944ab-4286-4d50-8e0a-c0b7511f2036"
        ],
        "x-ms-routing-request-id": [
          "WESTCENTRALUS:20230216T184553Z:f03944ab-4286-4d50-8e0a-c0b7511f2036"
        ],
        "Strict-Transport-Security": [
          "max-age=31536000; includeSubDomains"
        ],
        "X-Content-Type-Options": [
          "nosniff"
        ],
        "Date": [
          "Thu, 16 Feb 2023 18:45:53 GMT"
        ],
        "Content-Length": [
          "905"
        ],
        "Content-Type": [
          "application/json; charset=utf-8"
        ],
        "Expires": [
          "-1"
        ]
      },
      "ResponseBody": "{\r\n  \"value\": [\r\n    {\r\n      \"keyName\": \"iothubowner\",\r\n      \"primaryKey\": \"Sanitized\",\r\n      \"secondaryKey\": \"Sanitized\",\r\n      \"rights\": \"RegistryWrite, ServiceConnect, DeviceConnect\"\r\n    },\r\n    {\r\n      \"keyName\": \"service\",\r\n      \"primaryKey\": \"Sanitized\",\r\n      \"secondaryKey\": \"Sanitized\",\r\n      \"rights\": \"ServiceConnect\"\r\n    },\r\n    {\r\n      \"keyName\": \"device\",\r\n      \"primaryKey\": \"Sanitized\",\r\n      \"secondaryKey\": \"Sanitized\",\r\n      \"rights\": \"DeviceConnect\"\r\n    },\r\n    {\r\n      \"keyName\": \"registryRead\",\r\n      \"primaryKey\": \"Sanitized\",\r\n      \"secondaryKey\": \"Sanitized\",\r\n      \"rights\": \"RegistryRead\"\r\n    },\r\n    {\r\n      \"keyName\": \"registryReadWrite\",\r\n      \"primaryKey\": \"Sanitized\",\r\n      \"secondaryKey\": \"Sanitized\",\r\n      \"rights\": \"RegistryWrite\"\r\n    }\r\n  ]\r\n}",
      "StatusCode": 200
    },
    {
      "RequestUri": "/subscriptions/a386d5ea-ea90-441a-8263-d816368c84a1/resourceGroups/ps6245/providers/Microsoft.Devices/IotHubs/ps5468/listkeys?api-version=2021-07-02",
      "EncodedRequestUri": "L3N1YnNjcmlwdGlvbnMvYTM4NmQ1ZWEtZWE5MC00NDFhLTgyNjMtZDgxNjM2OGM4NGExL3Jlc291cmNlR3JvdXBzL3BzNjI0NS9wcm92aWRlcnMvTWljcm9zb2Z0LkRldmljZXMvSW90SHVicy9wczU0NjgvbGlzdGtleXM/YXBpLXZlcnNpb249MjAyMS0wNy0wMg==",
      "RequestMethod": "POST",
      "RequestHeaders": {
        "x-ms-client-request-id": [
          "d1c39a50-c53d-4a0e-a13b-5fc2295e76e6"
        ],
        "Accept-Language": [
          "en-US"
        ],
        "User-Agent": [
          "FxVersion/4.700.22.55902",
          "OSName/Windows",
          "OSVersion/Microsoft.Windows.10.0.25302",
          "Microsoft.Azure.Management.IotHub.IotHubClient/4.2.0.0"
        ]
      },
      "RequestBody": "",
      "ResponseHeaders": {
        "Cache-Control": [
          "no-cache"
        ],
        "Pragma": [
          "no-cache"
        ],
        "Server": [
          "Microsoft-HTTPAPI/2.0"
        ],
        "x-ms-ratelimit-remaining-subscription-writes": [
          "1198"
        ],
        "x-ms-request-id": [
          "aed813a1-5f36-43e6-9e22-6289faf99bc7"
        ],
        "x-ms-correlation-request-id": [
          "aed813a1-5f36-43e6-9e22-6289faf99bc7"
        ],
        "x-ms-routing-request-id": [
          "WESTCENTRALUS:20230216T184555Z:aed813a1-5f36-43e6-9e22-6289faf99bc7"
        ],
        "Strict-Transport-Security": [
          "max-age=31536000; includeSubDomains"
        ],
        "X-Content-Type-Options": [
          "nosniff"
        ],
        "Date": [
          "Thu, 16 Feb 2023 18:45:54 GMT"
        ],
        "Content-Length": [
          "905"
        ],
        "Content-Type": [
          "application/json; charset=utf-8"
        ],
        "Expires": [
          "-1"
        ]
      },
      "ResponseBody": "{\r\n  \"value\": [\r\n    {\r\n      \"keyName\": \"iothubowner\",\r\n      \"primaryKey\": \"Sanitized\",\r\n      \"secondaryKey\": \"Sanitized\",\r\n      \"rights\": \"RegistryWrite, ServiceConnect, DeviceConnect\"\r\n    },\r\n    {\r\n      \"keyName\": \"service\",\r\n      \"primaryKey\": \"Sanitized\",\r\n      \"secondaryKey\": \"Sanitized\",\r\n      \"rights\": \"ServiceConnect\"\r\n    },\r\n    {\r\n      \"keyName\": \"device\",\r\n      \"primaryKey\": \"Sanitized\",\r\n      \"secondaryKey\": \"Sanitized\",\r\n      \"rights\": \"DeviceConnect\"\r\n    },\r\n    {\r\n      \"keyName\": \"registryRead\",\r\n      \"primaryKey\": \"Sanitized\",\r\n      \"secondaryKey\": \"Sanitized\",\r\n      \"rights\": \"RegistryRead\"\r\n    },\r\n    {\r\n      \"keyName\": \"registryReadWrite\",\r\n      \"primaryKey\": \"Sanitized\",\r\n      \"secondaryKey\": \"Sanitized\",\r\n      \"rights\": \"RegistryWrite\"\r\n    }\r\n  ]\r\n}",
      "StatusCode": 200
    },
    {
      "RequestUri": "/subscriptions/a386d5ea-ea90-441a-8263-d816368c84a1/resourceGroups/ps6245/providers/Microsoft.Devices/IotHubs/ps5468/listkeys?api-version=2021-07-02",
      "EncodedRequestUri": "L3N1YnNjcmlwdGlvbnMvYTM4NmQ1ZWEtZWE5MC00NDFhLTgyNjMtZDgxNjM2OGM4NGExL3Jlc291cmNlR3JvdXBzL3BzNjI0NS9wcm92aWRlcnMvTWljcm9zb2Z0LkRldmljZXMvSW90SHVicy9wczU0NjgvbGlzdGtleXM/YXBpLXZlcnNpb249MjAyMS0wNy0wMg==",
      "RequestMethod": "POST",
      "RequestHeaders": {
        "x-ms-client-request-id": [
          "f2f36e75-c23d-4a4a-97c2-df54b6b45087"
        ],
        "Accept-Language": [
          "en-US"
        ],
        "User-Agent": [
          "FxVersion/4.700.22.55902",
          "OSName/Windows",
          "OSVersion/Microsoft.Windows.10.0.25302",
          "Microsoft.Azure.Management.IotHub.IotHubClient/4.2.0.0"
        ]
      },
      "RequestBody": "",
      "ResponseHeaders": {
        "Cache-Control": [
          "no-cache"
        ],
        "Pragma": [
          "no-cache"
        ],
        "Server": [
          "Microsoft-HTTPAPI/2.0"
        ],
        "x-ms-ratelimit-remaining-subscription-writes": [
          "1199"
        ],
        "x-ms-request-id": [
          "026c0a33-cc86-4e35-a919-18399fab1f42"
        ],
        "x-ms-correlation-request-id": [
          "026c0a33-cc86-4e35-a919-18399fab1f42"
        ],
        "x-ms-routing-request-id": [
          "WESTCENTRALUS:20230216T184557Z:026c0a33-cc86-4e35-a919-18399fab1f42"
        ],
        "Strict-Transport-Security": [
          "max-age=31536000; includeSubDomains"
        ],
        "X-Content-Type-Options": [
          "nosniff"
        ],
        "Date": [
          "Thu, 16 Feb 2023 18:45:57 GMT"
        ],
        "Content-Length": [
          "905"
        ],
        "Content-Type": [
          "application/json; charset=utf-8"
        ],
        "Expires": [
          "-1"
        ]
      },
      "ResponseBody": "{\r\n  \"value\": [\r\n    {\r\n      \"keyName\": \"iothubowner\",\r\n      \"primaryKey\": \"Sanitized\",\r\n      \"secondaryKey\": \"Sanitized\",\r\n      \"rights\": \"RegistryWrite, ServiceConnect, DeviceConnect\"\r\n    },\r\n    {\r\n      \"keyName\": \"service\",\r\n      \"primaryKey\": \"Sanitized\",\r\n      \"secondaryKey\": \"Sanitized\",\r\n      \"rights\": \"ServiceConnect\"\r\n    },\r\n    {\r\n      \"keyName\": \"device\",\r\n      \"primaryKey\": \"Sanitized\",\r\n      \"secondaryKey\": \"Sanitized\",\r\n      \"rights\": \"DeviceConnect\"\r\n    },\r\n    {\r\n      \"keyName\": \"registryRead\",\r\n      \"primaryKey\": \"Sanitized\",\r\n      \"secondaryKey\": \"Sanitized\",\r\n      \"rights\": \"RegistryRead\"\r\n    },\r\n    {\r\n      \"keyName\": \"registryReadWrite\",\r\n      \"primaryKey\": \"Sanitized\",\r\n      \"secondaryKey\": \"Sanitized\",\r\n      \"rights\": \"RegistryWrite\"\r\n    }\r\n  ]\r\n}",
      "StatusCode": 200
    },
    {
      "RequestUri": "/subscriptions/a386d5ea-ea90-441a-8263-d816368c84a1/resourceGroups/ps6245/providers/Microsoft.Devices/IotHubs/ps5468/listkeys?api-version=2021-07-02",
      "EncodedRequestUri": "L3N1YnNjcmlwdGlvbnMvYTM4NmQ1ZWEtZWE5MC00NDFhLTgyNjMtZDgxNjM2OGM4NGExL3Jlc291cmNlR3JvdXBzL3BzNjI0NS9wcm92aWRlcnMvTWljcm9zb2Z0LkRldmljZXMvSW90SHVicy9wczU0NjgvbGlzdGtleXM/YXBpLXZlcnNpb249MjAyMS0wNy0wMg==",
      "RequestMethod": "POST",
      "RequestHeaders": {
        "x-ms-client-request-id": [
          "f99b7d58-d65b-4bee-bfcc-3d440f7adebf"
        ],
        "Accept-Language": [
          "en-US"
        ],
        "User-Agent": [
          "FxVersion/4.700.22.55902",
          "OSName/Windows",
          "OSVersion/Microsoft.Windows.10.0.25302",
          "Microsoft.Azure.Management.IotHub.IotHubClient/4.2.0.0"
        ]
      },
      "RequestBody": "",
      "ResponseHeaders": {
        "Cache-Control": [
          "no-cache"
        ],
        "Pragma": [
          "no-cache"
        ],
        "Server": [
          "Microsoft-HTTPAPI/2.0"
        ],
        "x-ms-ratelimit-remaining-subscription-writes": [
          "1197"
        ],
        "x-ms-request-id": [
          "1193de54-b235-42c8-b701-700770457417"
        ],
        "x-ms-correlation-request-id": [
          "1193de54-b235-42c8-b701-700770457417"
        ],
        "x-ms-routing-request-id": [
          "WESTCENTRALUS:20230216T184559Z:1193de54-b235-42c8-b701-700770457417"
        ],
        "Strict-Transport-Security": [
          "max-age=31536000; includeSubDomains"
        ],
        "X-Content-Type-Options": [
          "nosniff"
        ],
        "Date": [
          "Thu, 16 Feb 2023 18:45:58 GMT"
        ],
        "Content-Length": [
          "905"
        ],
        "Content-Type": [
          "application/json; charset=utf-8"
        ],
        "Expires": [
          "-1"
        ]
      },
      "ResponseBody": "{\r\n  \"value\": [\r\n    {\r\n      \"keyName\": \"iothubowner\",\r\n      \"primaryKey\": \"Sanitized\",\r\n      \"secondaryKey\": \"Sanitized\",\r\n      \"rights\": \"RegistryWrite, ServiceConnect, DeviceConnect\"\r\n    },\r\n    {\r\n      \"keyName\": \"service\",\r\n      \"primaryKey\": \"Sanitized\",\r\n      \"secondaryKey\": \"Sanitized\",\r\n      \"rights\": \"ServiceConnect\"\r\n    },\r\n    {\r\n      \"keyName\": \"device\",\r\n      \"primaryKey\": \"Sanitized\",\r\n      \"secondaryKey\": \"Sanitized\",\r\n      \"rights\": \"DeviceConnect\"\r\n    },\r\n    {\r\n      \"keyName\": \"registryRead\",\r\n      \"primaryKey\": \"Sanitized\",\r\n      \"secondaryKey\": \"Sanitized\",\r\n      \"rights\": \"RegistryRead\"\r\n    },\r\n    {\r\n      \"keyName\": \"registryReadWrite\",\r\n      \"primaryKey\": \"Sanitized\",\r\n      \"secondaryKey\": \"Sanitized\",\r\n      \"rights\": \"RegistryWrite\"\r\n    }\r\n  ]\r\n}",
      "StatusCode": 200
    }
  ],
  "Names": {
    "Test-AzureRmIotHubTracing": [
      "ps5468",
      "ps6245",
      "ps5528"
    ]
  },
  "Variables": {
    "SubscriptionId": "a386d5ea-ea90-441a-8263-d816368c84a1"
  }
}