{
  "New-AzDevCenterUserEnvironment+[NoContext]+CreateExpanded+$PUT+https://003b06c3-d471-4452-9686-9e7f3ca85f0a-pwshdc645vnb.canadacentral.devcenter.azure.com/projects/pwshProja68gny/users/me/environments/envtest1?api-version=2023-10-01-preview+1": {
    "Request": {
      "Method": "PUT",
      "RequestUri": "https://003b06c3-d471-4452-9686-9e7f3ca85f0a-pwshdc645vnb.canadacentral.devcenter.azure.com/projects/pwshProja68gny/users/me/environments/envtest1?api-version=2023-10-01-preview",
      "Content": "{\r\n  \"parameters\": {\r\n    \"name\": \"95itx0\"\r\n  },\r\n  \"environmentType\": \"m780es\",\r\n  \"catalogName\": \"x3vu7b\",\r\n  \"environmentDefinitionName\": \"FunctionApp\"\r\n}",
      "isContentBase64": false,
      "Headers": {
      },
      "ContentHeaders": {
        "Content-Type": [ "application/json" ],
        "Content-Length": [ "157" ]
      }
    },
    "Response": {
      "StatusCode": 201,
      "Headers": {
        "Date": [ "Fri, 28 Jul 2023 00:24:54 GMT" ],
        "Connection": [ "keep-alive" ],
        "Location": [ "https://003b06c3-d471-4452-9686-9e7f3ca85f0a-pwshdc645vnb.canadacentral.devcenter.azure.com/projects/pwshproja68gny/operationstatuses/0e0866b5-ff2a-407b-a718-f99398e5f5b4?api-version=2023-10-01-preview\u0026monitor=true" ],
        "x-ms-correlation-request-id": [ "163b439e-ae28-4e10-82b1-cb9b8d7fb9e4" ],
        "x-ms-client-request-id": [ "5cd770b6-b37a-4248-9edc-71a5903349d5" ],
        "Operation-Location": [ "https://003b06c3-d471-4452-9686-9e7f3ca85f0a-pwshdc645vnb.canadacentral.devcenter.azure.com/projects/pwshproja68gny/operationstatuses/0e0866b5-ff2a-407b-a718-f99398e5f5b4?api-version=2023-10-01-preview" ],
        "X-Rate-Limit-Limit": [ "1m" ],
        "X-Rate-Limit-Remaining": [ "296" ],
        "X-Rate-Limit-Reset": [ "2023-07-28T00:25:48.7279159Z" ],
        "Strict-Transport-Security": [ "max-age=15724800; includeSubDomains" ]
      },
      "ContentHeaders": {
        "Content-Type": [ "application/json; charset=utf-8" ],
        "Content-Length": [ "372" ]
      },
      "Content": "{\n  \"name\": \"envtest1\",\n  \"environmentType\": \"m780es\",\n  \"user\": \"c3c951b7-d307-4c40-9495-70bd562d98d5\",\n  \"provisioningState\": \"Updating\",\n  \"resourceGroupId\": \"/subscriptions/f141e9f2-4778-45a4-9aa0-8b31e6469454/resourceGroups/pwshproja68gny-envtest1\",\n  \"catalogName\": \"x3vu7b\",\n  \"environmentDefinitionName\": \"FunctionApp\",\n  \"parameters\": {\n    \"name\": \"95itx0\"\n  }\n}",
      "isContentBase64": false
    }
  },
  "New-AzDevCenterUserEnvironment+[NoContext]+CreateExpanded+$GET+https://003b06c3-d471-4452-9686-9e7f3ca85f0a-pwshdc645vnb.canadacentral.devcenter.azure.com/projects/pwshproja68gny/operationstatuses/0e0866b5-ff2a-407b-a718-f99398e5f5b4?api-version=2023-10-01-preview\u0026monitor=true+2": {
    "Request": {
      "Method": "GET",
      "RequestUri": "https://003b06c3-d471-4452-9686-9e7f3ca85f0a-pwshdc645vnb.canadacentral.devcenter.azure.com/projects/pwshproja68gny/operationstatuses/0e0866b5-ff2a-407b-a718-f99398e5f5b4?api-version=2023-10-01-preview\u0026monitor=true",
      "Content": null,
      "isContentBase64": false,
      "Headers": {
        "Authorization": [ "[Filtered]" ],
        "x-ms-unique-id": [ "112" ],
        "x-ms-client-request-id": [ "5cd770b6-b37a-4248-9edc-71a5903349d5" ],
        "CommandName": [ "Az.DevCenterdata.internal\\New-AzDevCenterUserEnvironment" ],
        "FullCommandName": [ "New-AzDevCenterUserEnvironment_CreateExpanded" ],
        "ParameterSetName": [ "__AllParameterSets" ],
        "User-Agent": [ "AzurePowershell/v9.4.0", "PSVersion/v7.2.13", "Az.DevCenterdata/0.1.0" ]
      },
      "ContentHeaders": {
      }
    },
    "Response": {
      "StatusCode": 202,
      "Headers": {
        "Date": [ "Fri, 28 Jul 2023 00:25:24 GMT" ],
        "Connection": [ "keep-alive" ],
        "Location": [ "https://003b06c3-d471-4452-9686-9e7f3ca85f0a-pwshdc645vnb.canadacentral.devcenter.azure.com/projects/pwshproja68gny/operationstatuses/0e0866b5-ff2a-407b-a718-f99398e5f5b4?api-version=2023-10-01-preview\u0026monitor=true" ],
        "Retry-After": [ "30" ],
        "x-ms-correlation-request-id": [ "baac0c78-94ed-4cca-8d87-31f7e8d311af" ],
        "x-ms-client-request-id": [ "5cd770b6-b37a-4248-9edc-71a5903349d5" ],
        "Operation-Location": [ "https://003b06c3-d471-4452-9686-9e7f3ca85f0a-pwshdc645vnb.canadacentral.devcenter.azure.com/projects/pwshproja68gny/operationstatuses/0e0866b5-ff2a-407b-a718-f99398e5f5b4?api-version=2023-10-01-preview" ],
        "X-Rate-Limit-Limit": [ "1m" ],
        "X-Rate-Limit-Remaining": [ "296" ],
        "X-Rate-Limit-Reset": [ "2023-07-28T00:25:48.9255830Z" ],
        "Strict-Transport-Security": [ "max-age=15724800; includeSubDomains" ]
      },
      "ContentHeaders": {
        "Content-Type": [ "application/json; charset=utf-8" ],
        "Content-Length": [ "218" ]
      },
      "Content": "{\n  \"id\": \"/projects/pwshproja68gny/operationStatuses/0e0866b5-ff2a-407b-a718-f99398e5f5b4\",\n  \"name\": \"0e0866b5-ff2a-407b-a718-f99398e5f5b4\",\n  \"status\": \"Running\",\n  \"startTime\": \"2023-07-28T00:24:54.3337213+00:00\"\n}",
      "isContentBase64": false
    }
  },
  "New-AzDevCenterUserEnvironment+[NoContext]+CreateExpanded+$GET+https://003b06c3-d471-4452-9686-9e7f3ca85f0a-pwshdc645vnb.canadacentral.devcenter.azure.com/projects/pwshproja68gny/operationstatuses/0e0866b5-ff2a-407b-a718-f99398e5f5b4?api-version=2023-10-01-preview\u0026monitor=true+3": {
    "Request": {
      "Method": "GET",
      "RequestUri": "https://003b06c3-d471-4452-9686-9e7f3ca85f0a-pwshdc645vnb.canadacentral.devcenter.azure.com/projects/pwshproja68gny/operationstatuses/0e0866b5-ff2a-407b-a718-f99398e5f5b4?api-version=2023-10-01-preview\u0026monitor=true",
      "Content": null,
      "isContentBase64": false,
      "Headers": {
        "Authorization": [ "[Filtered]" ],
        "x-ms-unique-id": [ "113" ],
        "x-ms-client-request-id": [ "5cd770b6-b37a-4248-9edc-71a5903349d5" ],
        "CommandName": [ "Az.DevCenterdata.internal\\New-AzDevCenterUserEnvironment" ],
        "FullCommandName": [ "New-AzDevCenterUserEnvironment_CreateExpanded" ],
        "ParameterSetName": [ "__AllParameterSets" ],
        "User-Agent": [ "AzurePowershell/v9.4.0", "PSVersion/v7.2.13", "Az.DevCenterdata/0.1.0" ]
      },
      "ContentHeaders": {
      }
    },
    "Response": {
      "StatusCode": 202,
      "Headers": {
        "Date": [ "Fri, 28 Jul 2023 00:25:55 GMT" ],
        "Connection": [ "keep-alive" ],
        "Location": [ "https://003b06c3-d471-4452-9686-9e7f3ca85f0a-pwshdc645vnb.canadacentral.devcenter.azure.com/projects/pwshproja68gny/operationstatuses/0e0866b5-ff2a-407b-a718-f99398e5f5b4?api-version=2023-10-01-preview\u0026monitor=true" ],
        "Retry-After": [ "30" ],
        "x-ms-correlation-request-id": [ "5327ee03-89e1-4bcc-b8af-0bb961e20347" ],
        "x-ms-client-request-id": [ "5cd770b6-b37a-4248-9edc-71a5903349d5" ],
        "Operation-Location": [ "https://003b06c3-d471-4452-9686-9e7f3ca85f0a-pwshdc645vnb.canadacentral.devcenter.azure.com/projects/pwshproja68gny/operationstatuses/0e0866b5-ff2a-407b-a718-f99398e5f5b4?api-version=2023-10-01-preview" ],
        "X-Rate-Limit-Limit": [ "1m" ],
        "X-Rate-Limit-Remaining": [ "299" ],
        "X-Rate-Limit-Reset": [ "2023-07-28T00:26:55.0184689Z" ],
        "Strict-Transport-Security": [ "max-age=15724800; includeSubDomains" ]
      },
      "ContentHeaders": {
        "Content-Type": [ "application/json; charset=utf-8" ],
        "Content-Length": [ "218" ]
      },
      "Content": "{\n  \"id\": \"/projects/pwshproja68gny/operationStatuses/0e0866b5-ff2a-407b-a718-f99398e5f5b4\",\n  \"name\": \"0e0866b5-ff2a-407b-a718-f99398e5f5b4\",\n  \"status\": \"Running\",\n  \"startTime\": \"2023-07-28T00:24:54.3337213+00:00\"\n}",
      "isContentBase64": false
    }
  },
  "New-AzDevCenterUserEnvironment+[NoContext]+CreateExpanded+$GET+https://003b06c3-d471-4452-9686-9e7f3ca85f0a-pwshdc645vnb.canadacentral.devcenter.azure.com/projects/pwshproja68gny/operationstatuses/0e0866b5-ff2a-407b-a718-f99398e5f5b4?api-version=2023-10-01-preview\u0026monitor=true+4": {
    "Request": {
      "Method": "GET",
      "RequestUri": "https://003b06c3-d471-4452-9686-9e7f3ca85f0a-pwshdc645vnb.canadacentral.devcenter.azure.com/projects/pwshproja68gny/operationstatuses/0e0866b5-ff2a-407b-a718-f99398e5f5b4?api-version=2023-10-01-preview\u0026monitor=true",
      "Content": null,
      "isContentBase64": false,
      "Headers": {
        "Authorization": [ "[Filtered]" ],
        "x-ms-unique-id": [ "114" ],
        "x-ms-client-request-id": [ "5cd770b6-b37a-4248-9edc-71a5903349d5" ],
        "CommandName": [ "Az.DevCenterdata.internal\\New-AzDevCenterUserEnvironment" ],
        "FullCommandName": [ "New-AzDevCenterUserEnvironment_CreateExpanded" ],
        "ParameterSetName": [ "__AllParameterSets" ],
        "User-Agent": [ "AzurePowershell/v9.4.0", "PSVersion/v7.2.13", "Az.DevCenterdata/0.1.0" ]
      },
      "ContentHeaders": {
      }
    },
    "Response": {
      "StatusCode": 202,
      "Headers": {
        "Date": [ "Fri, 28 Jul 2023 00:26:25 GMT" ],
        "Connection": [ "keep-alive" ],
        "Location": [ "https://003b06c3-d471-4452-9686-9e7f3ca85f0a-pwshdc645vnb.canadacentral.devcenter.azure.com/projects/pwshproja68gny/operationstatuses/0e0866b5-ff2a-407b-a718-f99398e5f5b4?api-version=2023-10-01-preview\u0026monitor=true" ],
        "Retry-After": [ "30" ],
        "x-ms-correlation-request-id": [ "e2774638-c849-4a84-9f7c-b05408cf8ec7" ],
        "x-ms-client-request-id": [ "5cd770b6-b37a-4248-9edc-71a5903349d5" ],
        "Operation-Location": [ "https://003b06c3-d471-4452-9686-9e7f3ca85f0a-pwshdc645vnb.canadacentral.devcenter.azure.com/projects/pwshproja68gny/operationstatuses/0e0866b5-ff2a-407b-a718-f99398e5f5b4?api-version=2023-10-01-preview" ],
        "X-Rate-Limit-Limit": [ "1m" ],
        "X-Rate-Limit-Remaining": [ "298" ],
        "X-Rate-Limit-Reset": [ "2023-07-28T00:26:57.4564418Z" ],
        "Strict-Transport-Security": [ "max-age=15724800; includeSubDomains" ]
      },
      "ContentHeaders": {
        "Content-Type": [ "application/json; charset=utf-8" ],
        "Content-Length": [ "218" ]
      },
      "Content": "{\n  \"id\": \"/projects/pwshproja68gny/operationStatuses/0e0866b5-ff2a-407b-a718-f99398e5f5b4\",\n  \"name\": \"0e0866b5-ff2a-407b-a718-f99398e5f5b4\",\n  \"status\": \"Running\",\n  \"startTime\": \"2023-07-28T00:24:54.3337213+00:00\"\n}",
      "isContentBase64": false
    }
  },
  "New-AzDevCenterUserEnvironment+[NoContext]+CreateExpanded+$GET+https://003b06c3-d471-4452-9686-9e7f3ca85f0a-pwshdc645vnb.canadacentral.devcenter.azure.com/projects/pwshproja68gny/operationstatuses/0e0866b5-ff2a-407b-a718-f99398e5f5b4?api-version=2023-10-01-preview\u0026monitor=true+5": {
    "Request": {
      "Method": "GET",
      "RequestUri": "https://003b06c3-d471-4452-9686-9e7f3ca85f0a-pwshdc645vnb.canadacentral.devcenter.azure.com/projects/pwshproja68gny/operationstatuses/0e0866b5-ff2a-407b-a718-f99398e5f5b4?api-version=2023-10-01-preview\u0026monitor=true",
      "Content": null,
      "isContentBase64": false,
      "Headers": {
        "Authorization": [ "[Filtered]" ],
        "x-ms-unique-id": [ "115" ],
        "x-ms-client-request-id": [ "5cd770b6-b37a-4248-9edc-71a5903349d5" ],
        "CommandName": [ "Az.DevCenterdata.internal\\New-AzDevCenterUserEnvironment" ],
        "FullCommandName": [ "New-AzDevCenterUserEnvironment_CreateExpanded" ],
        "ParameterSetName": [ "__AllParameterSets" ],
        "User-Agent": [ "AzurePowershell/v9.4.0", "PSVersion/v7.2.13", "Az.DevCenterdata/0.1.0" ]
      },
      "ContentHeaders": {
      }
    },
    "Response": {
      "StatusCode": 202,
      "Headers": {
        "Date": [ "Fri, 28 Jul 2023 00:26:55 GMT" ],
        "Connection": [ "keep-alive" ],
        "Location": [ "https://003b06c3-d471-4452-9686-9e7f3ca85f0a-pwshdc645vnb.canadacentral.devcenter.azure.com/projects/pwshproja68gny/operationstatuses/0e0866b5-ff2a-407b-a718-f99398e5f5b4?api-version=2023-10-01-preview\u0026monitor=true" ],
        "Retry-After": [ "30" ],
        "x-ms-correlation-request-id": [ "927520a9-c680-40ca-a2d2-730568bdea52" ],
        "x-ms-client-request-id": [ "5cd770b6-b37a-4248-9edc-71a5903349d5" ],
        "Operation-Location": [ "https://003b06c3-d471-4452-9686-9e7f3ca85f0a-pwshdc645vnb.canadacentral.devcenter.azure.com/projects/pwshproja68gny/operationstatuses/0e0866b5-ff2a-407b-a718-f99398e5f5b4?api-version=2023-10-01-preview" ],
        "X-Rate-Limit-Limit": [ "1m" ],
        "X-Rate-Limit-Remaining": [ "299" ],
        "X-Rate-Limit-Reset": [ "2023-07-28T00:27:55.5077341Z" ],
        "Strict-Transport-Security": [ "max-age=15724800; includeSubDomains" ]
      },
      "ContentHeaders": {
        "Content-Type": [ "application/json; charset=utf-8" ],
        "Content-Length": [ "218" ]
      },
      "Content": "{\n  \"id\": \"/projects/pwshproja68gny/operationStatuses/0e0866b5-ff2a-407b-a718-f99398e5f5b4\",\n  \"name\": \"0e0866b5-ff2a-407b-a718-f99398e5f5b4\",\n  \"status\": \"Running\",\n  \"startTime\": \"2023-07-28T00:24:54.3337213+00:00\"\n}",
      "isContentBase64": false
    }
  },
  "New-AzDevCenterUserEnvironment+[NoContext]+CreateExpanded+$GET+https://003b06c3-d471-4452-9686-9e7f3ca85f0a-pwshdc645vnb.canadacentral.devcenter.azure.com/projects/pwshproja68gny/operationstatuses/0e0866b5-ff2a-407b-a718-f99398e5f5b4?api-version=2023-10-01-preview\u0026monitor=true+6": {
    "Request": {
      "Method": "GET",
      "RequestUri": "https://003b06c3-d471-4452-9686-9e7f3ca85f0a-pwshdc645vnb.canadacentral.devcenter.azure.com/projects/pwshproja68gny/operationstatuses/0e0866b5-ff2a-407b-a718-f99398e5f5b4?api-version=2023-10-01-preview\u0026monitor=true",
      "Content": null,
      "isContentBase64": false,
      "Headers": {
        "Authorization": [ "[Filtered]" ],
        "x-ms-unique-id": [ "116" ],
        "x-ms-client-request-id": [ "5cd770b6-b37a-4248-9edc-71a5903349d5" ],
        "CommandName": [ "Az.DevCenterdata.internal\\New-AzDevCenterUserEnvironment" ],
        "FullCommandName": [ "New-AzDevCenterUserEnvironment_CreateExpanded" ],
        "ParameterSetName": [ "__AllParameterSets" ],
        "User-Agent": [ "AzurePowershell/v9.4.0", "PSVersion/v7.2.13", "Az.DevCenterdata/0.1.0" ]
      },
      "ContentHeaders": {
      }
    },
    "Response": {
      "StatusCode": 202,
      "Headers": {
        "Date": [ "Fri, 28 Jul 2023 00:27:26 GMT" ],
        "Connection": [ "keep-alive" ],
        "Location": [ "https://003b06c3-d471-4452-9686-9e7f3ca85f0a-pwshdc645vnb.canadacentral.devcenter.azure.com/projects/pwshproja68gny/operationstatuses/0e0866b5-ff2a-407b-a718-f99398e5f5b4?api-version=2023-10-01-preview\u0026monitor=true" ],
        "Retry-After": [ "30" ],
        "x-ms-correlation-request-id": [ "6459c423-3846-4456-ab58-db1faded6223" ],
        "x-ms-client-request-id": [ "5cd770b6-b37a-4248-9edc-71a5903349d5" ],
        "Operation-Location": [ "https://003b06c3-d471-4452-9686-9e7f3ca85f0a-pwshdc645vnb.canadacentral.devcenter.azure.com/projects/pwshproja68gny/operationstatuses/0e0866b5-ff2a-407b-a718-f99398e5f5b4?api-version=2023-10-01-preview" ],
        "X-Rate-Limit-Limit": [ "1m" ],
        "X-Rate-Limit-Remaining": [ "299" ],
        "X-Rate-Limit-Reset": [ "2023-07-28T00:28:26.3044671Z" ],
        "Strict-Transport-Security": [ "max-age=15724800; includeSubDomains" ]
      },
      "ContentHeaders": {
        "Content-Type": [ "application/json; charset=utf-8" ],
        "Content-Length": [ "218" ]
      },
      "Content": "{\n  \"id\": \"/projects/pwshproja68gny/operationStatuses/0e0866b5-ff2a-407b-a718-f99398e5f5b4\",\n  \"name\": \"0e0866b5-ff2a-407b-a718-f99398e5f5b4\",\n  \"status\": \"Running\",\n  \"startTime\": \"2023-07-28T00:24:54.3337213+00:00\"\n}",
      "isContentBase64": false
    }
  },
  "New-AzDevCenterUserEnvironment+[NoContext]+CreateExpanded+$GET+https://003b06c3-d471-4452-9686-9e7f3ca85f0a-pwshdc645vnb.canadacentral.devcenter.azure.com/projects/pwshproja68gny/operationstatuses/0e0866b5-ff2a-407b-a718-f99398e5f5b4?api-version=2023-10-01-preview\u0026monitor=true+7": {
    "Request": {
      "Method": "GET",
      "RequestUri": "https://003b06c3-d471-4452-9686-9e7f3ca85f0a-pwshdc645vnb.canadacentral.devcenter.azure.com/projects/pwshproja68gny/operationstatuses/0e0866b5-ff2a-407b-a718-f99398e5f5b4?api-version=2023-10-01-preview\u0026monitor=true",
      "Content": null,
      "isContentBase64": false,
      "Headers": {
        "Authorization": [ "[Filtered]" ],
        "x-ms-unique-id": [ "117" ],
        "x-ms-client-request-id": [ "5cd770b6-b37a-4248-9edc-71a5903349d5" ],
        "CommandName": [ "Az.DevCenterdata.internal\\New-AzDevCenterUserEnvironment" ],
        "FullCommandName": [ "New-AzDevCenterUserEnvironment_CreateExpanded" ],
        "ParameterSetName": [ "__AllParameterSets" ],
        "User-Agent": [ "AzurePowershell/v9.4.0", "PSVersion/v7.2.13", "Az.DevCenterdata/0.1.0" ]
      },
      "ContentHeaders": {
      }
    },
    "Response": {
      "StatusCode": 202,
      "Headers": {
        "Date": [ "Fri, 28 Jul 2023 00:27:56 GMT" ],
        "Connection": [ "keep-alive" ],
        "Location": [ "https://003b06c3-d471-4452-9686-9e7f3ca85f0a-pwshdc645vnb.canadacentral.devcenter.azure.com/projects/pwshproja68gny/operationstatuses/0e0866b5-ff2a-407b-a718-f99398e5f5b4?api-version=2023-10-01-preview\u0026monitor=true" ],
        "Retry-After": [ "30" ],
        "x-ms-correlation-request-id": [ "e263d9d2-10bc-4ed2-a785-4600718bff27" ],
        "x-ms-client-request-id": [ "5cd770b6-b37a-4248-9edc-71a5903349d5" ],
        "Operation-Location": [ "https://003b06c3-d471-4452-9686-9e7f3ca85f0a-pwshdc645vnb.canadacentral.devcenter.azure.com/projects/pwshproja68gny/operationstatuses/0e0866b5-ff2a-407b-a718-f99398e5f5b4?api-version=2023-10-01-preview" ],
        "X-Rate-Limit-Limit": [ "1m" ],
        "X-Rate-Limit-Remaining": [ "299" ],
        "X-Rate-Limit-Reset": [ "2023-07-28T00:28:56.5938617Z" ],
        "Strict-Transport-Security": [ "max-age=15724800; includeSubDomains" ]
      },
      "ContentHeaders": {
        "Content-Type": [ "application/json; charset=utf-8" ],
        "Content-Length": [ "218" ]
      },
      "Content": "{\n  \"id\": \"/projects/pwshproja68gny/operationStatuses/0e0866b5-ff2a-407b-a718-f99398e5f5b4\",\n  \"name\": \"0e0866b5-ff2a-407b-a718-f99398e5f5b4\",\n  \"status\": \"Running\",\n  \"startTime\": \"2023-07-28T00:24:54.3337213+00:00\"\n}",
      "isContentBase64": false
    }
  },
  "New-AzDevCenterUserEnvironment+[NoContext]+CreateExpanded+$GET+https://003b06c3-d471-4452-9686-9e7f3ca85f0a-pwshdc645vnb.canadacentral.devcenter.azure.com/projects/pwshproja68gny/operationstatuses/0e0866b5-ff2a-407b-a718-f99398e5f5b4?api-version=2023-10-01-preview\u0026monitor=true+8": {
    "Request": {
      "Method": "GET",
      "RequestUri": "https://003b06c3-d471-4452-9686-9e7f3ca85f0a-pwshdc645vnb.canadacentral.devcenter.azure.com/projects/pwshproja68gny/operationstatuses/0e0866b5-ff2a-407b-a718-f99398e5f5b4?api-version=2023-10-01-preview\u0026monitor=true",
      "Content": null,
      "isContentBase64": false,
      "Headers": {
        "Authorization": [ "[Filtered]" ],
        "x-ms-unique-id": [ "118" ],
        "x-ms-client-request-id": [ "5cd770b6-b37a-4248-9edc-71a5903349d5" ],
        "CommandName": [ "Az.DevCenterdata.internal\\New-AzDevCenterUserEnvironment" ],
        "FullCommandName": [ "New-AzDevCenterUserEnvironment_CreateExpanded" ],
        "ParameterSetName": [ "__AllParameterSets" ],
        "User-Agent": [ "AzurePowershell/v9.4.0", "PSVersion/v7.2.13", "Az.DevCenterdata/0.1.0" ]
      },
      "ContentHeaders": {
      }
    },
    "Response": {
      "StatusCode": 200,
      "Headers": {
        "Date": [ "Fri, 28 Jul 2023 00:28:27 GMT" ],
        "Connection": [ "keep-alive" ],
        "Location": [ "https://003b06c3-d471-4452-9686-9e7f3ca85f0a-pwshdc645vnb.canadacentral.devcenter.azure.com/projects/pwshproja68gny/operationstatuses/0e0866b5-ff2a-407b-a718-f99398e5f5b4?api-version=2023-10-01-preview\u0026monitor=true" ],
        "Retry-After": [ "30" ],
        "x-ms-correlation-request-id": [ "157e2152-ffc8-4b46-bcd4-1b6c8042e6e7" ],
        "x-ms-client-request-id": [ "5cd770b6-b37a-4248-9edc-71a5903349d5" ],
        "Operation-Location": [ "https://003b06c3-d471-4452-9686-9e7f3ca85f0a-pwshdc645vnb.canadacentral.devcenter.azure.com/projects/pwshproja68gny/operationstatuses/0e0866b5-ff2a-407b-a718-f99398e5f5b4?api-version=2023-10-01-preview" ],
        "X-Rate-Limit-Limit": [ "1m" ],
        "X-Rate-Limit-Remaining": [ "297" ],
        "X-Rate-Limit-Reset": [ "2023-07-28T00:28:58.7424115Z" ],
        "Strict-Transport-Security": [ "max-age=15724800; includeSubDomains" ]
      },
      "ContentHeaders": {
        "Content-Type": [ "application/json; charset=utf-8" ],
        "Content-Length": [ "270" ]
      },
      "Content": "{\n  \"id\": \"/projects/pwshproja68gny/operationStatuses/0e0866b5-ff2a-407b-a718-f99398e5f5b4\",\n  \"name\": \"0e0866b5-ff2a-407b-a718-f99398e5f5b4\",\n  \"status\": \"Succeeded\",\n  \"startTime\": \"2023-07-28T00:24:54.3337213+00:00\",\n  \"endTime\": \"2023-07-28T00:28:13.5739709+00:00\"\n}",
      "isContentBase64": false
    }
  },
  "New-AzDevCenterUserEnvironment+[NoContext]+CreateExpanded+$GET+https://003b06c3-d471-4452-9686-9e7f3ca85f0a-pwshdc645vnb.canadacentral.devcenter.azure.com/projects/pwshProja68gny/users/me/environments/envtest1?api-version=2023-10-01-preview+9": {
    "Request": {
      "Method": "GET",
      "RequestUri": "https://003b06c3-d471-4452-9686-9e7f3ca85f0a-pwshdc645vnb.canadacentral.devcenter.azure.com/projects/pwshProja68gny/users/me/environments/envtest1?api-version=2023-10-01-preview",
      "Content": null,
      "isContentBase64": false,
      "Headers": {
        "Authorization": [ "[Filtered]" ],
        "x-ms-unique-id": [ "119" ],
        "x-ms-client-request-id": [ "5cd770b6-b37a-4248-9edc-71a5903349d5" ],
        "CommandName": [ "Az.DevCenterdata.internal\\New-AzDevCenterUserEnvironment" ],
        "FullCommandName": [ "New-AzDevCenterUserEnvironment_CreateExpanded" ],
        "ParameterSetName": [ "__AllParameterSets" ],
        "User-Agent": [ "AzurePowershell/v9.4.0", "PSVersion/v7.2.13", "Az.DevCenterdata/0.1.0" ]
      },
      "ContentHeaders": {
      }
    },
    "Response": {
      "StatusCode": 200,
      "Headers": {
        "Date": [ "Fri, 28 Jul 2023 00:28:27 GMT" ],
        "Connection": [ "keep-alive" ],
        "x-ms-correlation-request-id": [ "1deb9ec6-e44a-479d-aa42-f75c8a7562f1" ],
        "x-ms-client-request-id": [ "5cd770b6-b37a-4248-9edc-71a5903349d5" ],
        "X-Rate-Limit-Limit": [ "1m" ],
        "X-Rate-Limit-Remaining": [ "299" ],
        "X-Rate-Limit-Reset": [ "2023-07-28T00:29:27.2553057Z" ],
        "Strict-Transport-Security": [ "max-age=15724800; includeSubDomains" ]
      },
      "ContentHeaders": {
        "Content-Type": [ "application/json; charset=utf-8" ],
        "Content-Length": [ "373" ]
      },
      "Content": "{\n  \"name\": \"envtest1\",\n  \"environmentType\": \"m780es\",\n  \"user\": \"c3c951b7-d307-4c40-9495-70bd562d98d5\",\n  \"provisioningState\": \"Succeeded\",\n  \"resourceGroupId\": \"/subscriptions/f141e9f2-4778-45a4-9aa0-8b31e6469454/resourceGroups/pwshproja68gny-envtest1\",\n  \"catalogName\": \"x3vu7b\",\n  \"environmentDefinitionName\": \"FunctionApp\",\n  \"parameters\": {\n    \"name\": \"95itx0\"\n  }\n}",
      "isContentBase64": false
    }
  },
  "New-AzDevCenterUserEnvironment+[NoContext]+CreateExpanded+$PUT+https://003b06c3-d471-4452-9686-9e7f3ca85f0a-pwshdc645vnb.canadacentral.devcenter.azure.com/projects/pwshProja68gny/users/me/environments/envtest2?api-version=2023-10-01-preview+10": {
    "Request": {
      "Method": "PUT",
      "RequestUri": "https://003b06c3-d471-4452-9686-9e7f3ca85f0a-pwshdc645vnb.canadacentral.devcenter.azure.com/projects/pwshProja68gny/users/me/environments/envtest2?api-version=2023-10-01-preview",
      "Content": "{\r\n  \"environmentType\": \"m780es\",\r\n  \"catalogName\": \"x3vu7b\",\r\n  \"environmentDefinitionName\": \"Sandbox\"\r\n}",
      "isContentBase64": false,
      "Headers": {
      },
      "ContentHeaders": {
        "Content-Type": [ "application/json" ],
        "Content-Length": [ "106" ]
      }
    },
    "Response": {
      "StatusCode": 201,
      "Headers": {
        "Date": [ "Fri, 28 Jul 2023 00:28:29 GMT" ],
        "Connection": [ "keep-alive" ],
        "Location": [ "https://003b06c3-d471-4452-9686-9e7f3ca85f0a-pwshdc645vnb.canadacentral.devcenter.azure.com/projects/pwshproja68gny/operationstatuses/76f15ce5-8866-4013-9984-1cc625fccabb?api-version=2023-10-01-preview\u0026monitor=true" ],
        "x-ms-correlation-request-id": [ "ec4ad4ae-c3fe-46b7-b5dc-fa23fb811a7a" ],
        "x-ms-client-request-id": [ "18f7290b-55ea-44bd-9799-2f0dfc6cc27a" ],
        "Operation-Location": [ "https://003b06c3-d471-4452-9686-9e7f3ca85f0a-pwshdc645vnb.canadacentral.devcenter.azure.com/projects/pwshproja68gny/operationstatuses/76f15ce5-8866-4013-9984-1cc625fccabb?api-version=2023-10-01-preview" ],
        "X-Rate-Limit-Limit": [ "1m" ],
        "X-Rate-Limit-Remaining": [ "298" ],
        "X-Rate-Limit-Reset": [ "2023-07-28T00:28:56.5938617Z" ],
        "Strict-Transport-Security": [ "max-age=15724800; includeSubDomains" ]
      },
      "ContentHeaders": {
        "Content-Type": [ "application/json; charset=utf-8" ],
        "Content-Length": [ "324" ]
      },
      "Content": "{\n  \"name\": \"envtest2\",\n  \"environmentType\": \"m780es\",\n  \"user\": \"c3c951b7-d307-4c40-9495-70bd562d98d5\",\n  \"provisioningState\": \"Updating\",\n  \"resourceGroupId\": \"/subscriptions/f141e9f2-4778-45a4-9aa0-8b31e6469454/resourceGroups/pwshproja68gny-envtest2\",\n  \"catalogName\": \"x3vu7b\",\n  \"environmentDefinitionName\": \"Sandbox\"\n}",
      "isContentBase64": false
    }
  },
  "New-AzDevCenterUserEnvironment+[NoContext]+CreateExpanded+$GET+https://003b06c3-d471-4452-9686-9e7f3ca85f0a-pwshdc645vnb.canadacentral.devcenter.azure.com/projects/pwshproja68gny/operationstatuses/76f15ce5-8866-4013-9984-1cc625fccabb?api-version=2023-10-01-preview\u0026monitor=true+11": {
    "Request": {
      "Method": "GET",
      "RequestUri": "https://003b06c3-d471-4452-9686-9e7f3ca85f0a-pwshdc645vnb.canadacentral.devcenter.azure.com/projects/pwshproja68gny/operationstatuses/76f15ce5-8866-4013-9984-1cc625fccabb?api-version=2023-10-01-preview\u0026monitor=true",
      "Content": null,
      "isContentBase64": false,
      "Headers": {
        "Authorization": [ "[Filtered]" ],
        "x-ms-unique-id": [ "121" ],
        "x-ms-client-request-id": [ "18f7290b-55ea-44bd-9799-2f0dfc6cc27a" ],
        "CommandName": [ "Az.DevCenterdata.internal\\New-AzDevCenterUserEnvironment" ],
        "FullCommandName": [ "New-AzDevCenterUserEnvironment_CreateExpanded" ],
        "ParameterSetName": [ "__AllParameterSets" ],
        "User-Agent": [ "AzurePowershell/v9.4.0", "PSVersion/v7.2.13", "Az.DevCenterdata/0.1.0" ]
      },
      "ContentHeaders": {
      }
    },
    "Response": {
      "StatusCode": 202,
      "Headers": {
        "Date": [ "Fri, 28 Jul 2023 00:28:59 GMT" ],
        "Connection": [ "keep-alive" ],
        "Location": [ "https://003b06c3-d471-4452-9686-9e7f3ca85f0a-pwshdc645vnb.canadacentral.devcenter.azure.com/projects/pwshproja68gny/operationstatuses/76f15ce5-8866-4013-9984-1cc625fccabb?api-version=2023-10-01-preview\u0026monitor=true" ],
        "Retry-After": [ "30" ],
        "x-ms-correlation-request-id": [ "3b7c24d9-8d4a-4221-b60f-9cfe00223cdb" ],
        "x-ms-client-request-id": [ "18f7290b-55ea-44bd-9799-2f0dfc6cc27a" ],
        "Operation-Location": [ "https://003b06c3-d471-4452-9686-9e7f3ca85f0a-pwshdc645vnb.canadacentral.devcenter.azure.com/projects/pwshproja68gny/operationstatuses/76f15ce5-8866-4013-9984-1cc625fccabb?api-version=2023-10-01-preview" ],
        "X-Rate-Limit-Limit": [ "1m" ],
        "X-Rate-Limit-Remaining": [ "299" ],
        "X-Rate-Limit-Reset": [ "2023-07-28T00:29:59.4567543Z" ],
        "Strict-Transport-Security": [ "max-age=15724800; includeSubDomains" ]
      },
      "ContentHeaders": {
        "Content-Type": [ "application/json; charset=utf-8" ],
        "Content-Length": [ "218" ]
      },
      "Content": "{\n  \"id\": \"/projects/pwshproja68gny/operationStatuses/76f15ce5-8866-4013-9984-1cc625fccabb\",\n  \"name\": \"76f15ce5-8866-4013-9984-1cc625fccabb\",\n  \"status\": \"Running\",\n  \"startTime\": \"2023-07-28T00:28:29.1594451+00:00\"\n}",
      "isContentBase64": false
    }
  },
  "New-AzDevCenterUserEnvironment+[NoContext]+CreateExpanded+$GET+https://003b06c3-d471-4452-9686-9e7f3ca85f0a-pwshdc645vnb.canadacentral.devcenter.azure.com/projects/pwshproja68gny/operationstatuses/76f15ce5-8866-4013-9984-1cc625fccabb?api-version=2023-10-01-preview\u0026monitor=true+12": {
    "Request": {
      "Method": "GET",
      "RequestUri": "https://003b06c3-d471-4452-9686-9e7f3ca85f0a-pwshdc645vnb.canadacentral.devcenter.azure.com/projects/pwshproja68gny/operationstatuses/76f15ce5-8866-4013-9984-1cc625fccabb?api-version=2023-10-01-preview\u0026monitor=true",
      "Content": null,
      "isContentBase64": false,
      "Headers": {
        "Authorization": [ "[Filtered]" ],
        "x-ms-unique-id": [ "122" ],
        "x-ms-client-request-id": [ "18f7290b-55ea-44bd-9799-2f0dfc6cc27a" ],
        "CommandName": [ "Az.DevCenterdata.internal\\New-AzDevCenterUserEnvironment" ],
        "FullCommandName": [ "New-AzDevCenterUserEnvironment_CreateExpanded" ],
        "ParameterSetName": [ "__AllParameterSets" ],
        "User-Agent": [ "AzurePowershell/v9.4.0", "PSVersion/v7.2.13", "Az.DevCenterdata/0.1.0" ]
      },
      "ContentHeaders": {
      }
    },
    "Response": {
      "StatusCode": 202,
      "Headers": {
        "Date": [ "Fri, 28 Jul 2023 00:29:29 GMT" ],
        "Connection": [ "keep-alive" ],
        "Location": [ "https://003b06c3-d471-4452-9686-9e7f3ca85f0a-pwshdc645vnb.canadacentral.devcenter.azure.com/projects/pwshproja68gny/operationstatuses/76f15ce5-8866-4013-9984-1cc625fccabb?api-version=2023-10-01-preview\u0026monitor=true" ],
        "Retry-After": [ "30" ],
        "x-ms-correlation-request-id": [ "95540e2b-f066-47f7-891e-b638f5a68f3e" ],
        "x-ms-client-request-id": [ "18f7290b-55ea-44bd-9799-2f0dfc6cc27a" ],
        "Operation-Location": [ "https://003b06c3-d471-4452-9686-9e7f3ca85f0a-pwshdc645vnb.canadacentral.devcenter.azure.com/projects/pwshproja68gny/operationstatuses/76f15ce5-8866-4013-9984-1cc625fccabb?api-version=2023-10-01-preview" ],
        "X-Rate-Limit-Limit": [ "1m" ],
        "X-Rate-Limit-Remaining": [ "299" ],
        "X-Rate-Limit-Reset": [ "2023-07-28T00:30:29.6838235Z" ],
        "Strict-Transport-Security": [ "max-age=15724800; includeSubDomains" ]
      },
      "ContentHeaders": {
        "Content-Type": [ "application/json; charset=utf-8" ],
        "Content-Length": [ "218" ]
      },
      "Content": "{\n  \"id\": \"/projects/pwshproja68gny/operationStatuses/76f15ce5-8866-4013-9984-1cc625fccabb\",\n  \"name\": \"76f15ce5-8866-4013-9984-1cc625fccabb\",\n  \"status\": \"Running\",\n  \"startTime\": \"2023-07-28T00:28:29.1594451+00:00\"\n}",
      "isContentBase64": false
    }
  },
  "New-AzDevCenterUserEnvironment+[NoContext]+CreateExpanded+$GET+https://003b06c3-d471-4452-9686-9e7f3ca85f0a-pwshdc645vnb.canadacentral.devcenter.azure.com/projects/pwshproja68gny/operationstatuses/76f15ce5-8866-4013-9984-1cc625fccabb?api-version=2023-10-01-preview\u0026monitor=true+13": {
    "Request": {
      "Method": "GET",
      "RequestUri": "https://003b06c3-d471-4452-9686-9e7f3ca85f0a-pwshdc645vnb.canadacentral.devcenter.azure.com/projects/pwshproja68gny/operationstatuses/76f15ce5-8866-4013-9984-1cc625fccabb?api-version=2023-10-01-preview\u0026monitor=true",
      "Content": null,
      "isContentBase64": false,
      "Headers": {
        "Authorization": [ "[Filtered]" ],
        "x-ms-unique-id": [ "123" ],
        "x-ms-client-request-id": [ "18f7290b-55ea-44bd-9799-2f0dfc6cc27a" ],
        "CommandName": [ "Az.DevCenterdata.internal\\New-AzDevCenterUserEnvironment" ],
        "FullCommandName": [ "New-AzDevCenterUserEnvironment_CreateExpanded" ],
        "ParameterSetName": [ "__AllParameterSets" ],
        "User-Agent": [ "AzurePowershell/v9.4.0", "PSVersion/v7.2.13", "Az.DevCenterdata/0.1.0" ]
      },
      "ContentHeaders": {
      }
    },
    "Response": {
      "StatusCode": 202,
      "Headers": {
        "Date": [ "Fri, 28 Jul 2023 00:30:00 GMT" ],
        "Connection": [ "keep-alive" ],
        "Location": [ "https://003b06c3-d471-4452-9686-9e7f3ca85f0a-pwshdc645vnb.canadacentral.devcenter.azure.com/projects/pwshproja68gny/operationstatuses/76f15ce5-8866-4013-9984-1cc625fccabb?api-version=2023-10-01-preview\u0026monitor=true" ],
        "Retry-After": [ "30" ],
        "x-ms-correlation-request-id": [ "57240e64-a08a-499a-957a-6d4f0b67d11b" ],
        "x-ms-client-request-id": [ "18f7290b-55ea-44bd-9799-2f0dfc6cc27a" ],
        "Operation-Location": [ "https://003b06c3-d471-4452-9686-9e7f3ca85f0a-pwshdc645vnb.canadacentral.devcenter.azure.com/projects/pwshproja68gny/operationstatuses/76f15ce5-8866-4013-9984-1cc625fccabb?api-version=2023-10-01-preview" ],
        "X-Rate-Limit-Limit": [ "1m" ],
        "X-Rate-Limit-Remaining": [ "299" ],
        "X-Rate-Limit-Reset": [ "2023-07-28T00:30:59.9709557Z" ],
        "Strict-Transport-Security": [ "max-age=15724800; includeSubDomains" ]
      },
      "ContentHeaders": {
        "Content-Type": [ "application/json; charset=utf-8" ],
        "Content-Length": [ "218" ]
      },
      "Content": "{\n  \"id\": \"/projects/pwshproja68gny/operationStatuses/76f15ce5-8866-4013-9984-1cc625fccabb\",\n  \"name\": \"76f15ce5-8866-4013-9984-1cc625fccabb\",\n  \"status\": \"Running\",\n  \"startTime\": \"2023-07-28T00:28:29.1594451+00:00\"\n}",
      "isContentBase64": false
    }
  },
  "New-AzDevCenterUserEnvironment+[NoContext]+CreateExpanded+$GET+https://003b06c3-d471-4452-9686-9e7f3ca85f0a-pwshdc645vnb.canadacentral.devcenter.azure.com/projects/pwshproja68gny/operationstatuses/76f15ce5-8866-4013-9984-1cc625fccabb?api-version=2023-10-01-preview\u0026monitor=true+14": {
    "Request": {
      "Method": "GET",
      "RequestUri": "https://003b06c3-d471-4452-9686-9e7f3ca85f0a-pwshdc645vnb.canadacentral.devcenter.azure.com/projects/pwshproja68gny/operationstatuses/76f15ce5-8866-4013-9984-1cc625fccabb?api-version=2023-10-01-preview\u0026monitor=true",
      "Content": null,
      "isContentBase64": false,
      "Headers": {
        "Authorization": [ "[Filtered]" ],
        "x-ms-unique-id": [ "124" ],
        "x-ms-client-request-id": [ "18f7290b-55ea-44bd-9799-2f0dfc6cc27a" ],
        "CommandName": [ "Az.DevCenterdata.internal\\New-AzDevCenterUserEnvironment" ],
        "FullCommandName": [ "New-AzDevCenterUserEnvironment_CreateExpanded" ],
        "ParameterSetName": [ "__AllParameterSets" ],
        "User-Agent": [ "AzurePowershell/v9.4.0", "PSVersion/v7.2.13", "Az.DevCenterdata/0.1.0" ]
      },
      "ContentHeaders": {
      }
    },
    "Response": {
      "StatusCode": 202,
      "Headers": {
        "Date": [ "Fri, 28 Jul 2023 00:30:30 GMT" ],
        "Connection": [ "keep-alive" ],
        "Location": [ "https://003b06c3-d471-4452-9686-9e7f3ca85f0a-pwshdc645vnb.canadacentral.devcenter.azure.com/projects/pwshproja68gny/operationstatuses/76f15ce5-8866-4013-9984-1cc625fccabb?api-version=2023-10-01-preview\u0026monitor=true" ],
        "Retry-After": [ "30" ],
        "x-ms-correlation-request-id": [ "ceab00b3-f457-4df8-8a15-265e23e18b2e" ],
        "x-ms-client-request-id": [ "18f7290b-55ea-44bd-9799-2f0dfc6cc27a" ],
        "Operation-Location": [ "https://003b06c3-d471-4452-9686-9e7f3ca85f0a-pwshdc645vnb.canadacentral.devcenter.azure.com/projects/pwshproja68gny/operationstatuses/76f15ce5-8866-4013-9984-1cc625fccabb?api-version=2023-10-01-preview" ],
        "X-Rate-Limit-Limit": [ "1m" ],
        "X-Rate-Limit-Remaining": [ "298" ],
        "X-Rate-Limit-Reset": [ "2023-07-28T00:31:27.4737939Z" ],
        "Strict-Transport-Security": [ "max-age=15724800; includeSubDomains" ]
      },
      "ContentHeaders": {
        "Content-Type": [ "application/json; charset=utf-8" ],
        "Content-Length": [ "218" ]
      },
      "Content": "{\n  \"id\": \"/projects/pwshproja68gny/operationStatuses/76f15ce5-8866-4013-9984-1cc625fccabb\",\n  \"name\": \"76f15ce5-8866-4013-9984-1cc625fccabb\",\n  \"status\": \"Running\",\n  \"startTime\": \"2023-07-28T00:28:29.1594451+00:00\"\n}",
      "isContentBase64": false
    }
  },
  "New-AzDevCenterUserEnvironment+[NoContext]+CreateExpanded+$GET+https://003b06c3-d471-4452-9686-9e7f3ca85f0a-pwshdc645vnb.canadacentral.devcenter.azure.com/projects/pwshproja68gny/operationstatuses/76f15ce5-8866-4013-9984-1cc625fccabb?api-version=2023-10-01-preview\u0026monitor=true+15": {
    "Request": {
      "Method": "GET",
      "RequestUri": "https://003b06c3-d471-4452-9686-9e7f3ca85f0a-pwshdc645vnb.canadacentral.devcenter.azure.com/projects/pwshproja68gny/operationstatuses/76f15ce5-8866-4013-9984-1cc625fccabb?api-version=2023-10-01-preview\u0026monitor=true",
      "Content": null,
      "isContentBase64": false,
      "Headers": {
        "Authorization": [ "[Filtered]" ],
        "x-ms-unique-id": [ "125" ],
        "x-ms-client-request-id": [ "18f7290b-55ea-44bd-9799-2f0dfc6cc27a" ],
        "CommandName": [ "Az.DevCenterdata.internal\\New-AzDevCenterUserEnvironment" ],
        "FullCommandName": [ "New-AzDevCenterUserEnvironment_CreateExpanded" ],
        "ParameterSetName": [ "__AllParameterSets" ],
        "User-Agent": [ "AzurePowershell/v9.4.0", "PSVersion/v7.2.13", "Az.DevCenterdata/0.1.0" ]
      },
      "ContentHeaders": {
      }
    },
    "Response": {
      "StatusCode": 200,
      "Headers": {
        "Date": [ "Fri, 28 Jul 2023 00:31:00 GMT" ],
        "Connection": [ "keep-alive" ],
        "Location": [ "https://003b06c3-d471-4452-9686-9e7f3ca85f0a-pwshdc645vnb.canadacentral.devcenter.azure.com/projects/pwshproja68gny/operationstatuses/76f15ce5-8866-4013-9984-1cc625fccabb?api-version=2023-10-01-preview\u0026monitor=true" ],
        "Retry-After": [ "30" ],
        "x-ms-correlation-request-id": [ "91a96dab-052f-4dd1-86aa-d0682059d278" ],
        "x-ms-client-request-id": [ "18f7290b-55ea-44bd-9799-2f0dfc6cc27a" ],
        "Operation-Location": [ "https://003b06c3-d471-4452-9686-9e7f3ca85f0a-pwshdc645vnb.canadacentral.devcenter.azure.com/projects/pwshproja68gny/operationstatuses/76f15ce5-8866-4013-9984-1cc625fccabb?api-version=2023-10-01-preview" ],
        "X-Rate-Limit-Limit": [ "1m" ],
        "X-Rate-Limit-Remaining": [ "299" ],
        "X-Rate-Limit-Reset": [ "2023-07-28T00:32:00.5385311Z" ],
        "Strict-Transport-Security": [ "max-age=15724800; includeSubDomains" ]
      },
      "ContentHeaders": {
        "Content-Type": [ "application/json; charset=utf-8" ],
        "Content-Length": [ "270" ]
      },
      "Content": "{\n  \"id\": \"/projects/pwshproja68gny/operationStatuses/76f15ce5-8866-4013-9984-1cc625fccabb\",\n  \"name\": \"76f15ce5-8866-4013-9984-1cc625fccabb\",\n  \"status\": \"Succeeded\",\n  \"startTime\": \"2023-07-28T00:28:29.1594451+00:00\",\n  \"endTime\": \"2023-07-28T00:30:38.5059015+00:00\"\n}",
      "isContentBase64": false
    }
  },
  "New-AzDevCenterUserEnvironment+[NoContext]+CreateExpanded+$GET+https://003b06c3-d471-4452-9686-9e7f3ca85f0a-pwshdc645vnb.canadacentral.devcenter.azure.com/projects/pwshProja68gny/users/me/environments/envtest2?api-version=2023-10-01-preview+16": {
    "Request": {
      "Method": "GET",
      "RequestUri": "https://003b06c3-d471-4452-9686-9e7f3ca85f0a-pwshdc645vnb.canadacentral.devcenter.azure.com/projects/pwshProja68gny/users/me/environments/envtest2?api-version=2023-10-01-preview",
      "Content": null,
      "isContentBase64": false,
      "Headers": {
        "Authorization": [ "[Filtered]" ],
        "x-ms-unique-id": [ "126" ],
        "x-ms-client-request-id": [ "18f7290b-55ea-44bd-9799-2f0dfc6cc27a" ],
        "CommandName": [ "Az.DevCenterdata.internal\\New-AzDevCenterUserEnvironment" ],
        "FullCommandName": [ "New-AzDevCenterUserEnvironment_CreateExpanded" ],
        "ParameterSetName": [ "__AllParameterSets" ],
        "User-Agent": [ "AzurePowershell/v9.4.0", "PSVersion/v7.2.13", "Az.DevCenterdata/0.1.0" ]
      },
      "ContentHeaders": {
      }
    },
    "Response": {
      "StatusCode": 200,
      "Headers": {
        "Date": [ "Fri, 28 Jul 2023 00:31:01 GMT" ],
        "Connection": [ "keep-alive" ],
        "x-ms-correlation-request-id": [ "da6ec485-a61c-44b6-90ca-245c5cb120ef" ],
        "x-ms-client-request-id": [ "18f7290b-55ea-44bd-9799-2f0dfc6cc27a" ],
        "X-Rate-Limit-Limit": [ "1m" ],
        "X-Rate-Limit-Remaining": [ "299" ],
        "X-Rate-Limit-Reset": [ "2023-07-28T00:32:01.0202700Z" ],
        "Strict-Transport-Security": [ "max-age=15724800; includeSubDomains" ]
      },
      "ContentHeaders": {
        "Content-Type": [ "application/json; charset=utf-8" ],
        "Content-Length": [ "325" ]
      },
      "Content": "{\n  \"name\": \"envtest2\",\n  \"environmentType\": \"m780es\",\n  \"user\": \"c3c951b7-d307-4c40-9495-70bd562d98d5\",\n  \"provisioningState\": \"Succeeded\",\n  \"resourceGroupId\": \"/subscriptions/f141e9f2-4778-45a4-9aa0-8b31e6469454/resourceGroups/pwshproja68gny-envtest2\",\n  \"catalogName\": \"x3vu7b\",\n  \"environmentDefinitionName\": \"Sandbox\"\n}",
      "isContentBase64": false
    }
  },
  "New-AzDevCenterUserEnvironment+[NoContext]+CreateViaIdentity+$PUT+https://003b06c3-d471-4452-9686-9e7f3ca85f0a-pwshdc645vnb.canadacentral.devcenter.azure.com/projects/pwshProja68gny/users/me/environments/envtest7?api-version=2023-10-01-preview+1": {
    "Request": {
      "Method": "PUT",
      "RequestUri": "https://003b06c3-d471-4452-9686-9e7f3ca85f0a-pwshdc645vnb.canadacentral.devcenter.azure.com/projects/pwshProja68gny/users/me/environments/envtest7?api-version=2023-10-01-preview",
      "Content": "{\r\n  \"environmentType\": \"m780es\",\r\n  \"catalogName\": \"x3vu7b\",\r\n  \"environmentDefinitionName\": \"Sandbox\"\r\n}",
      "isContentBase64": false,
      "Headers": {
      },
      "ContentHeaders": {
        "Content-Type": [ "application/json" ],
        "Content-Length": [ "106" ]
      }
    },
    "Response": {
      "StatusCode": 201,
      "Headers": {
        "Date": [ "Fri, 28 Jul 2023 00:31:01 GMT" ],
        "Connection": [ "keep-alive" ],
        "Location": [ "https://003b06c3-d471-4452-9686-9e7f3ca85f0a-pwshdc645vnb.canadacentral.devcenter.azure.com/projects/pwshproja68gny/operationstatuses/1525f277-8499-46c5-b45a-b947a4edb46c?api-version=2023-10-01-preview\u0026monitor=true" ],
        "x-ms-correlation-request-id": [ "cdf3ad25-a779-406e-a3a3-a155c593b1d2" ],
        "x-ms-client-request-id": [ "afe9881f-8bc6-44f3-9b05-27c4e1d27bca" ],
        "Operation-Location": [ "https://003b06c3-d471-4452-9686-9e7f3ca85f0a-pwshdc645vnb.canadacentral.devcenter.azure.com/projects/pwshproja68gny/operationstatuses/1525f277-8499-46c5-b45a-b947a4edb46c?api-version=2023-10-01-preview" ],
        "X-Rate-Limit-Limit": [ "1m" ],
        "X-Rate-Limit-Remaining": [ "297" ],
        "X-Rate-Limit-Reset": [ "2023-07-28T00:31:27.4737939Z" ],
        "Strict-Transport-Security": [ "max-age=15724800; includeSubDomains" ]
      },
      "ContentHeaders": {
        "Content-Type": [ "application/json; charset=utf-8" ],
        "Content-Length": [ "209" ]
      },
      "Content": "{\n  \"name\": \"envtest7\",\n  \"environmentType\": \"m780es\",\n  \"user\": \"c3c951b7-d307-4c40-9495-70bd562d98d5\",\n  \"provisioningState\": \"Creating\",\n  \"catalogName\": \"x3vu7b\",\n  \"environmentDefinitionName\": \"Sandbox\"\n}",
      "isContentBase64": false
    }
  },
  "New-AzDevCenterUserEnvironment+[NoContext]+CreateViaIdentity+$GET+https://003b06c3-d471-4452-9686-9e7f3ca85f0a-pwshdc645vnb.canadacentral.devcenter.azure.com/projects/pwshproja68gny/operationstatuses/1525f277-8499-46c5-b45a-b947a4edb46c?api-version=2023-10-01-preview\u0026monitor=true+2": {
    "Request": {
      "Method": "GET",
      "RequestUri": "https://003b06c3-d471-4452-9686-9e7f3ca85f0a-pwshdc645vnb.canadacentral.devcenter.azure.com/projects/pwshproja68gny/operationstatuses/1525f277-8499-46c5-b45a-b947a4edb46c?api-version=2023-10-01-preview\u0026monitor=true",
      "Content": null,
      "isContentBase64": false,
      "Headers": {
        "Authorization": [ "[Filtered]" ],
        "x-ms-unique-id": [ "128" ],
        "x-ms-client-request-id": [ "afe9881f-8bc6-44f3-9b05-27c4e1d27bca" ],
        "CommandName": [ "Az.DevCenterdata.internal\\New-AzDevCenterUserEnvironment" ],
        "FullCommandName": [ "New-AzDevCenterUserEnvironment_CreateViaIdentityExpanded" ],
        "ParameterSetName": [ "__AllParameterSets" ],
        "User-Agent": [ "AzurePowershell/v9.4.0", "PSVersion/v7.2.13", "Az.DevCenterdata/0.1.0" ]
      },
      "ContentHeaders": {
      }
    },
    "Response": {
      "StatusCode": 202,
      "Headers": {
        "Date": [ "Fri, 28 Jul 2023 00:31:32 GMT" ],
        "Connection": [ "keep-alive" ],
        "Location": [ "https://003b06c3-d471-4452-9686-9e7f3ca85f0a-pwshdc645vnb.canadacentral.devcenter.azure.com/projects/pwshproja68gny/operationstatuses/1525f277-8499-46c5-b45a-b947a4edb46c?api-version=2023-10-01-preview\u0026monitor=true" ],
        "Retry-After": [ "30" ],
        "x-ms-correlation-request-id": [ "2dcbb641-d2aa-4eb1-b864-0b3ab2f7acc9" ],
        "x-ms-client-request-id": [ "afe9881f-8bc6-44f3-9b05-27c4e1d27bca" ],
        "Operation-Location": [ "https://003b06c3-d471-4452-9686-9e7f3ca85f0a-pwshdc645vnb.canadacentral.devcenter.azure.com/projects/pwshproja68gny/operationstatuses/1525f277-8499-46c5-b45a-b947a4edb46c?api-version=2023-10-01-preview" ],
        "X-Rate-Limit-Limit": [ "1m" ],
        "X-Rate-Limit-Remaining": [ "298" ],
        "X-Rate-Limit-Reset": [ "2023-07-28T00:32:00.5385311Z" ],
        "Strict-Transport-Security": [ "max-age=15724800; includeSubDomains" ]
      },
      "ContentHeaders": {
        "Content-Type": [ "application/json; charset=utf-8" ],
        "Content-Length": [ "218" ]
      },
      "Content": "{\n  \"id\": \"/projects/pwshproja68gny/operationStatuses/1525f277-8499-46c5-b45a-b947a4edb46c\",\n  \"name\": \"1525f277-8499-46c5-b45a-b947a4edb46c\",\n  \"status\": \"Running\",\n  \"startTime\": \"2023-07-28T00:31:01.6415932+00:00\"\n}",
      "isContentBase64": false
    }
  },
  "New-AzDevCenterUserEnvironment+[NoContext]+CreateViaIdentity+$GET+https://003b06c3-d471-4452-9686-9e7f3ca85f0a-pwshdc645vnb.canadacentral.devcenter.azure.com/projects/pwshproja68gny/operationstatuses/1525f277-8499-46c5-b45a-b947a4edb46c?api-version=2023-10-01-preview\u0026monitor=true+3": {
    "Request": {
      "Method": "GET",
      "RequestUri": "https://003b06c3-d471-4452-9686-9e7f3ca85f0a-pwshdc645vnb.canadacentral.devcenter.azure.com/projects/pwshproja68gny/operationstatuses/1525f277-8499-46c5-b45a-b947a4edb46c?api-version=2023-10-01-preview\u0026monitor=true",
      "Content": null,
      "isContentBase64": false,
      "Headers": {
        "Authorization": [ "[Filtered]" ],
        "x-ms-unique-id": [ "129" ],
        "x-ms-client-request-id": [ "afe9881f-8bc6-44f3-9b05-27c4e1d27bca" ],
        "CommandName": [ "Az.DevCenterdata.internal\\New-AzDevCenterUserEnvironment" ],
        "FullCommandName": [ "New-AzDevCenterUserEnvironment_CreateViaIdentityExpanded" ],
        "ParameterSetName": [ "__AllParameterSets" ],
        "User-Agent": [ "AzurePowershell/v9.4.0", "PSVersion/v7.2.13", "Az.DevCenterdata/0.1.0" ]
      },
      "ContentHeaders": {
      }
    },
    "Response": {
      "StatusCode": 202,
      "Headers": {
        "Date": [ "Fri, 28 Jul 2023 00:32:02 GMT" ],
        "Connection": [ "keep-alive" ],
        "Location": [ "https://003b06c3-d471-4452-9686-9e7f3ca85f0a-pwshdc645vnb.canadacentral.devcenter.azure.com/projects/pwshproja68gny/operationstatuses/1525f277-8499-46c5-b45a-b947a4edb46c?api-version=2023-10-01-preview\u0026monitor=true" ],
        "Retry-After": [ "30" ],
        "x-ms-correlation-request-id": [ "2d41202d-36d0-4ee9-abb9-d2f91c43aff4" ],
        "x-ms-client-request-id": [ "afe9881f-8bc6-44f3-9b05-27c4e1d27bca" ],
        "Operation-Location": [ "https://003b06c3-d471-4452-9686-9e7f3ca85f0a-pwshdc645vnb.canadacentral.devcenter.azure.com/projects/pwshproja68gny/operationstatuses/1525f277-8499-46c5-b45a-b947a4edb46c?api-version=2023-10-01-preview" ],
        "X-Rate-Limit-Limit": [ "1m" ],
        "X-Rate-Limit-Remaining": [ "299" ],
        "X-Rate-Limit-Reset": [ "2023-07-28T00:33:02.1432053Z" ],
        "Strict-Transport-Security": [ "max-age=15724800; includeSubDomains" ]
      },
      "ContentHeaders": {
        "Content-Type": [ "application/json; charset=utf-8" ],
        "Content-Length": [ "218" ]
      },
      "Content": "{\n  \"id\": \"/projects/pwshproja68gny/operationStatuses/1525f277-8499-46c5-b45a-b947a4edb46c\",\n  \"name\": \"1525f277-8499-46c5-b45a-b947a4edb46c\",\n  \"status\": \"Running\",\n  \"startTime\": \"2023-07-28T00:31:01.6415932+00:00\"\n}",
      "isContentBase64": false
    }
  },
  "New-AzDevCenterUserEnvironment+[NoContext]+CreateViaIdentity+$GET+https://003b06c3-d471-4452-9686-9e7f3ca85f0a-pwshdc645vnb.canadacentral.devcenter.azure.com/projects/pwshproja68gny/operationstatuses/1525f277-8499-46c5-b45a-b947a4edb46c?api-version=2023-10-01-preview\u0026monitor=true+4": {
    "Request": {
      "Method": "GET",
      "RequestUri": "https://003b06c3-d471-4452-9686-9e7f3ca85f0a-pwshdc645vnb.canadacentral.devcenter.azure.com/projects/pwshproja68gny/operationstatuses/1525f277-8499-46c5-b45a-b947a4edb46c?api-version=2023-10-01-preview\u0026monitor=true",
      "Content": null,
      "isContentBase64": false,
      "Headers": {
        "Authorization": [ "[Filtered]" ],
        "x-ms-unique-id": [ "130" ],
        "x-ms-client-request-id": [ "afe9881f-8bc6-44f3-9b05-27c4e1d27bca" ],
        "CommandName": [ "Az.DevCenterdata.internal\\New-AzDevCenterUserEnvironment" ],
        "FullCommandName": [ "New-AzDevCenterUserEnvironment_CreateViaIdentityExpanded" ],
        "ParameterSetName": [ "__AllParameterSets" ],
        "User-Agent": [ "AzurePowershell/v9.4.0", "PSVersion/v7.2.13", "Az.DevCenterdata/0.1.0" ]
      },
      "ContentHeaders": {
      }
    },
    "Response": {
      "StatusCode": 202,
      "Headers": {
        "Date": [ "Fri, 28 Jul 2023 00:32:32 GMT" ],
        "Connection": [ "keep-alive" ],
        "Location": [ "https://003b06c3-d471-4452-9686-9e7f3ca85f0a-pwshdc645vnb.canadacentral.devcenter.azure.com/projects/pwshproja68gny/operationstatuses/1525f277-8499-46c5-b45a-b947a4edb46c?api-version=2023-10-01-preview\u0026monitor=true" ],
        "Retry-After": [ "30" ],
        "x-ms-correlation-request-id": [ "60ee9676-c631-4c87-8602-cf675d3c98a7" ],
        "x-ms-client-request-id": [ "afe9881f-8bc6-44f3-9b05-27c4e1d27bca" ],
        "Operation-Location": [ "https://003b06c3-d471-4452-9686-9e7f3ca85f0a-pwshdc645vnb.canadacentral.devcenter.azure.com/projects/pwshproja68gny/operationstatuses/1525f277-8499-46c5-b45a-b947a4edb46c?api-version=2023-10-01-preview" ],
        "X-Rate-Limit-Limit": [ "1m" ],
        "X-Rate-Limit-Remaining": [ "299" ],
        "X-Rate-Limit-Reset": [ "2023-07-28T00:33:32.3796007Z" ],
        "Strict-Transport-Security": [ "max-age=15724800; includeSubDomains" ]
      },
      "ContentHeaders": {
        "Content-Type": [ "application/json; charset=utf-8" ],
        "Content-Length": [ "218" ]
      },
      "Content": "{\n  \"id\": \"/projects/pwshproja68gny/operationStatuses/1525f277-8499-46c5-b45a-b947a4edb46c\",\n  \"name\": \"1525f277-8499-46c5-b45a-b947a4edb46c\",\n  \"status\": \"Running\",\n  \"startTime\": \"2023-07-28T00:31:01.6415932+00:00\"\n}",
      "isContentBase64": false
    }
  },
  "New-AzDevCenterUserEnvironment+[NoContext]+CreateViaIdentity+$GET+https://003b06c3-d471-4452-9686-9e7f3ca85f0a-pwshdc645vnb.canadacentral.devcenter.azure.com/projects/pwshproja68gny/operationstatuses/1525f277-8499-46c5-b45a-b947a4edb46c?api-version=2023-10-01-preview\u0026monitor=true+5": {
    "Request": {
      "Method": "GET",
      "RequestUri": "https://003b06c3-d471-4452-9686-9e7f3ca85f0a-pwshdc645vnb.canadacentral.devcenter.azure.com/projects/pwshproja68gny/operationstatuses/1525f277-8499-46c5-b45a-b947a4edb46c?api-version=2023-10-01-preview\u0026monitor=true",
      "Content": null,
      "isContentBase64": false,
      "Headers": {
        "Authorization": [ "[Filtered]" ],
        "x-ms-unique-id": [ "131" ],
        "x-ms-client-request-id": [ "afe9881f-8bc6-44f3-9b05-27c4e1d27bca" ],
        "CommandName": [ "Az.DevCenterdata.internal\\New-AzDevCenterUserEnvironment" ],
        "FullCommandName": [ "New-AzDevCenterUserEnvironment_CreateViaIdentityExpanded" ],
        "ParameterSetName": [ "__AllParameterSets" ],
        "User-Agent": [ "AzurePowershell/v9.4.0", "PSVersion/v7.2.13", "Az.DevCenterdata/0.1.0" ]
      },
      "ContentHeaders": {
      }
    },
    "Response": {
      "StatusCode": 202,
      "Headers": {
        "Date": [ "Fri, 28 Jul 2023 00:33:02 GMT" ],
        "Connection": [ "keep-alive" ],
        "Location": [ "https://003b06c3-d471-4452-9686-9e7f3ca85f0a-pwshdc645vnb.canadacentral.devcenter.azure.com/projects/pwshproja68gny/operationstatuses/1525f277-8499-46c5-b45a-b947a4edb46c?api-version=2023-10-01-preview\u0026monitor=true" ],
        "Retry-After": [ "30" ],
        "x-ms-correlation-request-id": [ "4fd25a5c-9dee-4cd1-8119-105457859d26" ],
        "x-ms-client-request-id": [ "afe9881f-8bc6-44f3-9b05-27c4e1d27bca" ],
        "Operation-Location": [ "https://003b06c3-d471-4452-9686-9e7f3ca85f0a-pwshdc645vnb.canadacentral.devcenter.azure.com/projects/pwshproja68gny/operationstatuses/1525f277-8499-46c5-b45a-b947a4edb46c?api-version=2023-10-01-preview" ],
        "X-Rate-Limit-Limit": [ "1m" ],
        "X-Rate-Limit-Remaining": [ "299" ],
        "X-Rate-Limit-Reset": [ "2023-07-28T00:34:02.6386040Z" ],
        "Strict-Transport-Security": [ "max-age=15724800; includeSubDomains" ]
      },
      "ContentHeaders": {
        "Content-Type": [ "application/json; charset=utf-8" ],
        "Content-Length": [ "218" ]
      },
      "Content": "{\n  \"id\": \"/projects/pwshproja68gny/operationStatuses/1525f277-8499-46c5-b45a-b947a4edb46c\",\n  \"name\": \"1525f277-8499-46c5-b45a-b947a4edb46c\",\n  \"status\": \"Running\",\n  \"startTime\": \"2023-07-28T00:31:01.6415932+00:00\"\n}",
      "isContentBase64": false
    }
  },
  "New-AzDevCenterUserEnvironment+[NoContext]+CreateViaIdentity+$GET+https://003b06c3-d471-4452-9686-9e7f3ca85f0a-pwshdc645vnb.canadacentral.devcenter.azure.com/projects/pwshproja68gny/operationstatuses/1525f277-8499-46c5-b45a-b947a4edb46c?api-version=2023-10-01-preview\u0026monitor=true+6": {
    "Request": {
      "Method": "GET",
      "RequestUri": "https://003b06c3-d471-4452-9686-9e7f3ca85f0a-pwshdc645vnb.canadacentral.devcenter.azure.com/projects/pwshproja68gny/operationstatuses/1525f277-8499-46c5-b45a-b947a4edb46c?api-version=2023-10-01-preview\u0026monitor=true",
      "Content": null,
      "isContentBase64": false,
      "Headers": {
        "Authorization": [ "[Filtered]" ],
        "x-ms-unique-id": [ "132" ],
        "x-ms-client-request-id": [ "afe9881f-8bc6-44f3-9b05-27c4e1d27bca" ],
        "CommandName": [ "Az.DevCenterdata.internal\\New-AzDevCenterUserEnvironment" ],
        "FullCommandName": [ "New-AzDevCenterUserEnvironment_CreateViaIdentityExpanded" ],
        "ParameterSetName": [ "__AllParameterSets" ],
        "User-Agent": [ "AzurePowershell/v9.4.0", "PSVersion/v7.2.13", "Az.DevCenterdata/0.1.0" ]
      },
      "ContentHeaders": {
      }
    },
    "Response": {
      "StatusCode": 200,
      "Headers": {
        "Date": [ "Fri, 28 Jul 2023 00:33:33 GMT" ],
        "Connection": [ "keep-alive" ],
        "Location": [ "https://003b06c3-d471-4452-9686-9e7f3ca85f0a-pwshdc645vnb.canadacentral.devcenter.azure.com/projects/pwshproja68gny/operationstatuses/1525f277-8499-46c5-b45a-b947a4edb46c?api-version=2023-10-01-preview\u0026monitor=true" ],
        "Retry-After": [ "30" ],
        "x-ms-correlation-request-id": [ "ae6e003e-b279-4122-9d0f-67d72258f06b" ],
        "x-ms-client-request-id": [ "afe9881f-8bc6-44f3-9b05-27c4e1d27bca" ],
        "Operation-Location": [ "https://003b06c3-d471-4452-9686-9e7f3ca85f0a-pwshdc645vnb.canadacentral.devcenter.azure.com/projects/pwshproja68gny/operationstatuses/1525f277-8499-46c5-b45a-b947a4edb46c?api-version=2023-10-01-preview" ],
        "X-Rate-Limit-Limit": [ "1m" ],
        "X-Rate-Limit-Remaining": [ "299" ],
        "X-Rate-Limit-Reset": [ "2023-07-28T00:34:32.9447373Z" ],
        "Strict-Transport-Security": [ "max-age=15724800; includeSubDomains" ]
      },
      "ContentHeaders": {
        "Content-Type": [ "application/json; charset=utf-8" ],
        "Content-Length": [ "270" ]
      },
      "Content": "{\n  \"id\": \"/projects/pwshproja68gny/operationStatuses/1525f277-8499-46c5-b45a-b947a4edb46c\",\n  \"name\": \"1525f277-8499-46c5-b45a-b947a4edb46c\",\n  \"status\": \"Succeeded\",\n  \"startTime\": \"2023-07-28T00:31:01.6415932+00:00\",\n  \"endTime\": \"2023-07-28T00:33:11.5571666+00:00\"\n}",
      "isContentBase64": false
    }
  },
  "New-AzDevCenterUserEnvironment+[NoContext]+CreateViaIdentity+$GET+https://003b06c3-d471-4452-9686-9e7f3ca85f0a-pwshdc645vnb.canadacentral.devcenter.azure.com/projects/pwshProja68gny/users/me/environments/envtest7?api-version=2023-10-01-preview+7": {
    "Request": {
      "Method": "GET",
      "RequestUri": "https://003b06c3-d471-4452-9686-9e7f3ca85f0a-pwshdc645vnb.canadacentral.devcenter.azure.com/projects/pwshProja68gny/users/me/environments/envtest7?api-version=2023-10-01-preview",
      "Content": null,
      "isContentBase64": false,
      "Headers": {
        "Authorization": [ "[Filtered]" ],
        "x-ms-unique-id": [ "133" ],
        "x-ms-client-request-id": [ "afe9881f-8bc6-44f3-9b05-27c4e1d27bca" ],
        "CommandName": [ "Az.DevCenterdata.internal\\New-AzDevCenterUserEnvironment" ],
        "FullCommandName": [ "New-AzDevCenterUserEnvironment_CreateViaIdentityExpanded" ],
        "ParameterSetName": [ "__AllParameterSets" ],
        "User-Agent": [ "AzurePowershell/v9.4.0", "PSVersion/v7.2.13", "Az.DevCenterdata/0.1.0" ]
      },
      "ContentHeaders": {
      }
    },
    "Response": {
      "StatusCode": 200,
      "Headers": {
        "Date": [ "Fri, 28 Jul 2023 00:33:33 GMT" ],
        "Connection": [ "keep-alive" ],
        "x-ms-correlation-request-id": [ "fe48e3cb-3721-4e1a-b415-f47860104b84" ],
        "x-ms-client-request-id": [ "afe9881f-8bc6-44f3-9b05-27c4e1d27bca" ],
        "X-Rate-Limit-Limit": [ "1m" ],
        "X-Rate-Limit-Remaining": [ "299" ],
        "X-Rate-Limit-Reset": [ "2023-07-28T00:34:33.4245848Z" ],
        "Strict-Transport-Security": [ "max-age=15724800; includeSubDomains" ]
      },
      "ContentHeaders": {
        "Content-Type": [ "application/json; charset=utf-8" ],
        "Content-Length": [ "325" ]
      },
      "Content": "{\n  \"name\": \"envtest7\",\n  \"environmentType\": \"m780es\",\n  \"user\": \"c3c951b7-d307-4c40-9495-70bd562d98d5\",\n  \"provisioningState\": \"Succeeded\",\n  \"resourceGroupId\": \"/subscriptions/f141e9f2-4778-45a4-9aa0-8b31e6469454/resourceGroups/pwshproja68gny-envtest7\",\n  \"catalogName\": \"x3vu7b\",\n  \"environmentDefinitionName\": \"Sandbox\"\n}",
      "isContentBase64": false
    }
  },
  "New-AzDevCenterUserEnvironment+[NoContext]+CreateViaIdentity+$PUT+https://003b06c3-d471-4452-9686-9e7f3ca85f0a-pwshdc645vnb.canadacentral.devcenter.azure.com/projects/pwshProja68gny/users/me/environments/envtest8?api-version=2023-10-01-preview+8": {
    "Request": {
      "Method": "PUT",
      "RequestUri": "https://003b06c3-d471-4452-9686-9e7f3ca85f0a-pwshdc645vnb.canadacentral.devcenter.azure.com/projects/pwshProja68gny/users/me/environments/envtest8?api-version=2023-10-01-preview",
      "Content": "{\r\n  \"parameters\": {\r\n    \"name\": \"2jwit4\"\r\n  },\r\n  \"environmentType\": \"m780es\",\r\n  \"catalogName\": \"x3vu7b\",\r\n  \"environmentDefinitionName\": \"FunctionApp\"\r\n}",
      "isContentBase64": false,
      "Headers": {
      },
      "ContentHeaders": {
        "Content-Type": [ "application/json" ],
        "Content-Length": [ "157" ]
      }
    },
    "Response": {
      "StatusCode": 201,
      "Headers": {
        "Date": [ "Fri, 28 Jul 2023 00:33:42 GMT" ],
        "Connection": [ "keep-alive" ],
        "Location": [ "https://003b06c3-d471-4452-9686-9e7f3ca85f0a-pwshdc645vnb.canadacentral.devcenter.azure.com/projects/pwshproja68gny/operationstatuses/7d0f141b-2d2a-46c9-89e2-73ab103d9659?api-version=2023-10-01-preview\u0026monitor=true" ],
        "x-ms-correlation-request-id": [ "e7853f73-55b6-4e45-9bee-e08ddf108d63" ],
        "x-ms-client-request-id": [ "3d535da7-aa2b-4a70-a060-4c43ea5dd909" ],
        "Operation-Location": [ "https://003b06c3-d471-4452-9686-9e7f3ca85f0a-pwshdc645vnb.canadacentral.devcenter.azure.com/projects/pwshproja68gny/operationstatuses/7d0f141b-2d2a-46c9-89e2-73ab103d9659?api-version=2023-10-01-preview" ],
        "X-Rate-Limit-Limit": [ "1m" ],
        "X-Rate-Limit-Remaining": [ "298" ],
        "X-Rate-Limit-Reset": [ "2023-07-28T00:34:02.6386040Z" ],
        "Strict-Transport-Security": [ "max-age=15724800; includeSubDomains" ]
      },
      "ContentHeaders": {
        "Content-Type": [ "application/json; charset=utf-8" ],
        "Content-Length": [ "372" ]
      },
      "Content": "{\n  \"name\": \"envtest8\",\n  \"environmentType\": \"m780es\",\n  \"user\": \"c3c951b7-d307-4c40-9495-70bd562d98d5\",\n  \"provisioningState\": \"Updating\",\n  \"resourceGroupId\": \"/subscriptions/f141e9f2-4778-45a4-9aa0-8b31e6469454/resourceGroups/pwshproja68gny-envtest8\",\n  \"catalogName\": \"x3vu7b\",\n  \"environmentDefinitionName\": \"FunctionApp\",\n  \"parameters\": {\n    \"name\": \"2jwit4\"\n  }\n}",
      "isContentBase64": false
    }
  },
  "New-AzDevCenterUserEnvironment+[NoContext]+CreateViaIdentity+$GET+https://003b06c3-d471-4452-9686-9e7f3ca85f0a-pwshdc645vnb.canadacentral.devcenter.azure.com/projects/pwshproja68gny/operationstatuses/7d0f141b-2d2a-46c9-89e2-73ab103d9659?api-version=2023-10-01-preview\u0026monitor=true+9": {
    "Request": {
      "Method": "GET",
      "RequestUri": "https://003b06c3-d471-4452-9686-9e7f3ca85f0a-pwshdc645vnb.canadacentral.devcenter.azure.com/projects/pwshproja68gny/operationstatuses/7d0f141b-2d2a-46c9-89e2-73ab103d9659?api-version=2023-10-01-preview\u0026monitor=true",
      "Content": null,
      "isContentBase64": false,
      "Headers": {
        "Authorization": [ "[Filtered]" ],
        "x-ms-unique-id": [ "135" ],
        "x-ms-client-request-id": [ "3d535da7-aa2b-4a70-a060-4c43ea5dd909" ],
        "CommandName": [ "Az.DevCenterdata.internal\\New-AzDevCenterUserEnvironment" ],
        "FullCommandName": [ "New-AzDevCenterUserEnvironment_CreateViaIdentityExpanded" ],
        "ParameterSetName": [ "__AllParameterSets" ],
        "User-Agent": [ "AzurePowershell/v9.4.0", "PSVersion/v7.2.13", "Az.DevCenterdata/0.1.0" ]
      },
      "ContentHeaders": {
      }
    },
    "Response": {
      "StatusCode": 202,
      "Headers": {
        "Date": [ "Fri, 28 Jul 2023 00:34:12 GMT" ],
        "Connection": [ "keep-alive" ],
        "Location": [ "https://003b06c3-d471-4452-9686-9e7f3ca85f0a-pwshdc645vnb.canadacentral.devcenter.azure.com/projects/pwshproja68gny/operationstatuses/7d0f141b-2d2a-46c9-89e2-73ab103d9659?api-version=2023-10-01-preview\u0026monitor=true" ],
        "Retry-After": [ "30" ],
        "x-ms-correlation-request-id": [ "294622d0-8eb3-4066-b681-b30dcdf0e2fd" ],
        "x-ms-client-request-id": [ "3d535da7-aa2b-4a70-a060-4c43ea5dd909" ],
        "Operation-Location": [ "https://003b06c3-d471-4452-9686-9e7f3ca85f0a-pwshdc645vnb.canadacentral.devcenter.azure.com/projects/pwshproja68gny/operationstatuses/7d0f141b-2d2a-46c9-89e2-73ab103d9659?api-version=2023-10-01-preview" ],
        "X-Rate-Limit-Limit": [ "1m" ],
        "X-Rate-Limit-Remaining": [ "298" ],
        "X-Rate-Limit-Reset": [ "2023-07-28T00:34:33.4245848Z" ],
        "Strict-Transport-Security": [ "max-age=15724800; includeSubDomains" ]
      },
      "ContentHeaders": {
        "Content-Type": [ "application/json; charset=utf-8" ],
        "Content-Length": [ "218" ]
      },
      "Content": "{\n  \"id\": \"/projects/pwshproja68gny/operationStatuses/7d0f141b-2d2a-46c9-89e2-73ab103d9659\",\n  \"name\": \"7d0f141b-2d2a-46c9-89e2-73ab103d9659\",\n  \"status\": \"Running\",\n  \"startTime\": \"2023-07-28T00:33:42.1728267+00:00\"\n}",
      "isContentBase64": false
    }
  },
  "New-AzDevCenterUserEnvironment+[NoContext]+CreateViaIdentity+$GET+https://003b06c3-d471-4452-9686-9e7f3ca85f0a-pwshdc645vnb.canadacentral.devcenter.azure.com/projects/pwshproja68gny/operationstatuses/7d0f141b-2d2a-46c9-89e2-73ab103d9659?api-version=2023-10-01-preview\u0026monitor=true+10": {
    "Request": {
      "Method": "GET",
      "RequestUri": "https://003b06c3-d471-4452-9686-9e7f3ca85f0a-pwshdc645vnb.canadacentral.devcenter.azure.com/projects/pwshproja68gny/operationstatuses/7d0f141b-2d2a-46c9-89e2-73ab103d9659?api-version=2023-10-01-preview\u0026monitor=true",
      "Content": null,
      "isContentBase64": false,
      "Headers": {
        "Authorization": [ "[Filtered]" ],
        "x-ms-unique-id": [ "136" ],
        "x-ms-client-request-id": [ "3d535da7-aa2b-4a70-a060-4c43ea5dd909" ],
        "CommandName": [ "Az.DevCenterdata.internal\\New-AzDevCenterUserEnvironment" ],
        "FullCommandName": [ "New-AzDevCenterUserEnvironment_CreateViaIdentityExpanded" ],
        "ParameterSetName": [ "__AllParameterSets" ],
        "User-Agent": [ "AzurePowershell/v9.4.0", "PSVersion/v7.2.13", "Az.DevCenterdata/0.1.0" ]
      },
      "ContentHeaders": {
      }
    },
    "Response": {
      "StatusCode": 202,
      "Headers": {
        "Date": [ "Fri, 28 Jul 2023 00:34:43 GMT" ],
        "Connection": [ "keep-alive" ],
        "Location": [ "https://003b06c3-d471-4452-9686-9e7f3ca85f0a-pwshdc645vnb.canadacentral.devcenter.azure.com/projects/pwshproja68gny/operationstatuses/7d0f141b-2d2a-46c9-89e2-73ab103d9659?api-version=2023-10-01-preview\u0026monitor=true" ],
        "Retry-After": [ "30" ],
        "x-ms-correlation-request-id": [ "648645d9-fe33-4724-a2f4-d0f6a8158082" ],
        "x-ms-client-request-id": [ "3d535da7-aa2b-4a70-a060-4c43ea5dd909" ],
        "Operation-Location": [ "https://003b06c3-d471-4452-9686-9e7f3ca85f0a-pwshdc645vnb.canadacentral.devcenter.azure.com/projects/pwshproja68gny/operationstatuses/7d0f141b-2d2a-46c9-89e2-73ab103d9659?api-version=2023-10-01-preview" ],
        "X-Rate-Limit-Limit": [ "1m" ],
        "X-Rate-Limit-Remaining": [ "298" ],
        "X-Rate-Limit-Reset": [ "2023-07-28T00:35:20.8174009Z" ],
        "Strict-Transport-Security": [ "max-age=15724800; includeSubDomains" ]
      },
      "ContentHeaders": {
        "Content-Type": [ "application/json; charset=utf-8" ],
        "Content-Length": [ "218" ]
      },
      "Content": "{\n  \"id\": \"/projects/pwshproja68gny/operationStatuses/7d0f141b-2d2a-46c9-89e2-73ab103d9659\",\n  \"name\": \"7d0f141b-2d2a-46c9-89e2-73ab103d9659\",\n  \"status\": \"Running\",\n  \"startTime\": \"2023-07-28T00:33:42.1728267+00:00\"\n}",
      "isContentBase64": false
    }
  },
  "New-AzDevCenterUserEnvironment+[NoContext]+CreateViaIdentity+$GET+https://003b06c3-d471-4452-9686-9e7f3ca85f0a-pwshdc645vnb.canadacentral.devcenter.azure.com/projects/pwshproja68gny/operationstatuses/7d0f141b-2d2a-46c9-89e2-73ab103d9659?api-version=2023-10-01-preview\u0026monitor=true+11": {
    "Request": {
      "Method": "GET",
      "RequestUri": "https://003b06c3-d471-4452-9686-9e7f3ca85f0a-pwshdc645vnb.canadacentral.devcenter.azure.com/projects/pwshproja68gny/operationstatuses/7d0f141b-2d2a-46c9-89e2-73ab103d9659?api-version=2023-10-01-preview\u0026monitor=true",
      "Content": null,
      "isContentBase64": false,
      "Headers": {
        "Authorization": [ "[Filtered]" ],
        "x-ms-unique-id": [ "137" ],
        "x-ms-client-request-id": [ "3d535da7-aa2b-4a70-a060-4c43ea5dd909" ],
        "CommandName": [ "Az.DevCenterdata.internal\\New-AzDevCenterUserEnvironment" ],
        "FullCommandName": [ "New-AzDevCenterUserEnvironment_CreateViaIdentityExpanded" ],
        "ParameterSetName": [ "__AllParameterSets" ],
        "User-Agent": [ "AzurePowershell/v9.4.0", "PSVersion/v7.2.13", "Az.DevCenterdata/0.1.0" ]
      },
      "ContentHeaders": {
      }
    },
    "Response": {
      "StatusCode": 202,
      "Headers": {
        "Date": [ "Fri, 28 Jul 2023 00:35:13 GMT" ],
        "Connection": [ "keep-alive" ],
        "Location": [ "https://003b06c3-d471-4452-9686-9e7f3ca85f0a-pwshdc645vnb.canadacentral.devcenter.azure.com/projects/pwshproja68gny/operationstatuses/7d0f141b-2d2a-46c9-89e2-73ab103d9659?api-version=2023-10-01-preview\u0026monitor=true" ],
        "Retry-After": [ "30" ],
        "x-ms-correlation-request-id": [ "dc0061a6-0fd0-4b63-bfe3-e65f12d32106" ],
        "x-ms-client-request-id": [ "3d535da7-aa2b-4a70-a060-4c43ea5dd909" ],
        "Operation-Location": [ "https://003b06c3-d471-4452-9686-9e7f3ca85f0a-pwshdc645vnb.canadacentral.devcenter.azure.com/projects/pwshproja68gny/operationstatuses/7d0f141b-2d2a-46c9-89e2-73ab103d9659?api-version=2023-10-01-preview" ],
        "X-Rate-Limit-Limit": [ "1m" ],
        "X-Rate-Limit-Remaining": [ "298" ],
        "X-Rate-Limit-Reset": [ "2023-07-28T00:35:40.7906873Z" ],
        "Strict-Transport-Security": [ "max-age=15724800; includeSubDomains" ]
      },
      "ContentHeaders": {
        "Content-Type": [ "application/json; charset=utf-8" ],
        "Content-Length": [ "218" ]
      },
      "Content": "{\n  \"id\": \"/projects/pwshproja68gny/operationStatuses/7d0f141b-2d2a-46c9-89e2-73ab103d9659\",\n  \"name\": \"7d0f141b-2d2a-46c9-89e2-73ab103d9659\",\n  \"status\": \"Running\",\n  \"startTime\": \"2023-07-28T00:33:42.1728267+00:00\"\n}",
      "isContentBase64": false
    }
  },
  "New-AzDevCenterUserEnvironment+[NoContext]+CreateViaIdentity+$GET+https://003b06c3-d471-4452-9686-9e7f3ca85f0a-pwshdc645vnb.canadacentral.devcenter.azure.com/projects/pwshproja68gny/operationstatuses/7d0f141b-2d2a-46c9-89e2-73ab103d9659?api-version=2023-10-01-preview\u0026monitor=true+12": {
    "Request": {
      "Method": "GET",
      "RequestUri": "https://003b06c3-d471-4452-9686-9e7f3ca85f0a-pwshdc645vnb.canadacentral.devcenter.azure.com/projects/pwshproja68gny/operationstatuses/7d0f141b-2d2a-46c9-89e2-73ab103d9659?api-version=2023-10-01-preview\u0026monitor=true",
      "Content": null,
      "isContentBase64": false,
      "Headers": {
        "Authorization": [ "[Filtered]" ],
        "x-ms-unique-id": [ "138" ],
        "x-ms-client-request-id": [ "3d535da7-aa2b-4a70-a060-4c43ea5dd909" ],
        "CommandName": [ "Az.DevCenterdata.internal\\New-AzDevCenterUserEnvironment" ],
        "FullCommandName": [ "New-AzDevCenterUserEnvironment_CreateViaIdentityExpanded" ],
        "ParameterSetName": [ "__AllParameterSets" ],
        "User-Agent": [ "AzurePowershell/v9.4.0", "PSVersion/v7.2.13", "Az.DevCenterdata/0.1.0" ]
      },
      "ContentHeaders": {
      }
    },
    "Response": {
      "StatusCode": 200,
      "Headers": {
        "Date": [ "Fri, 28 Jul 2023 00:35:43 GMT" ],
        "Connection": [ "keep-alive" ],
        "Location": [ "https://003b06c3-d471-4452-9686-9e7f3ca85f0a-pwshdc645vnb.canadacentral.devcenter.azure.com/projects/pwshproja68gny/operationstatuses/7d0f141b-2d2a-46c9-89e2-73ab103d9659?api-version=2023-10-01-preview\u0026monitor=true" ],
        "Retry-After": [ "30" ],
        "x-ms-correlation-request-id": [ "f5ec4688-b30a-4225-a8f7-33d9b9f2d806" ],
        "x-ms-client-request-id": [ "3d535da7-aa2b-4a70-a060-4c43ea5dd909" ],
        "Operation-Location": [ "https://003b06c3-d471-4452-9686-9e7f3ca85f0a-pwshdc645vnb.canadacentral.devcenter.azure.com/projects/pwshproja68gny/operationstatuses/7d0f141b-2d2a-46c9-89e2-73ab103d9659?api-version=2023-10-01-preview" ],
        "X-Rate-Limit-Limit": [ "1m" ],
        "X-Rate-Limit-Remaining": [ "298" ],
        "X-Rate-Limit-Reset": [ "2023-07-28T00:35:50.7754850Z" ],
        "Strict-Transport-Security": [ "max-age=15724800; includeSubDomains" ]
      },
      "ContentHeaders": {
        "Content-Type": [ "application/json; charset=utf-8" ],
        "Content-Length": [ "270" ]
      },
      "Content": "{\n  \"id\": \"/projects/pwshproja68gny/operationStatuses/7d0f141b-2d2a-46c9-89e2-73ab103d9659\",\n  \"name\": \"7d0f141b-2d2a-46c9-89e2-73ab103d9659\",\n  \"status\": \"Succeeded\",\n  \"startTime\": \"2023-07-28T00:33:42.1728267+00:00\",\n  \"endTime\": \"2023-07-28T00:35:27.7050053+00:00\"\n}",
      "isContentBase64": false
    }
  },
  "New-AzDevCenterUserEnvironment+[NoContext]+CreateViaIdentity+$GET+https://003b06c3-d471-4452-9686-9e7f3ca85f0a-pwshdc645vnb.canadacentral.devcenter.azure.com/projects/pwshProja68gny/users/me/environments/envtest8?api-version=2023-10-01-preview+13": {
    "Request": {
      "Method": "GET",
      "RequestUri": "https://003b06c3-d471-4452-9686-9e7f3ca85f0a-pwshdc645vnb.canadacentral.devcenter.azure.com/projects/pwshProja68gny/users/me/environments/envtest8?api-version=2023-10-01-preview",
      "Content": null,
      "isContentBase64": false,
      "Headers": {
        "Authorization": [ "[Filtered]" ],
        "x-ms-unique-id": [ "139" ],
        "x-ms-client-request-id": [ "3d535da7-aa2b-4a70-a060-4c43ea5dd909" ],
        "CommandName": [ "Az.DevCenterdata.internal\\New-AzDevCenterUserEnvironment" ],
        "FullCommandName": [ "New-AzDevCenterUserEnvironment_CreateViaIdentityExpanded" ],
        "ParameterSetName": [ "__AllParameterSets" ],
        "User-Agent": [ "AzurePowershell/v9.4.0", "PSVersion/v7.2.13", "Az.DevCenterdata/0.1.0" ]
      },
      "ContentHeaders": {
      }
    },
    "Response": {
      "StatusCode": 200,
      "Headers": {
        "Date": [ "Fri, 28 Jul 2023 00:35:44 GMT" ],
        "Connection": [ "keep-alive" ],
        "x-ms-correlation-request-id": [ "5b8c928d-ebc4-4ccb-93dc-d9119290f114" ],
        "x-ms-client-request-id": [ "3d535da7-aa2b-4a70-a060-4c43ea5dd909" ],
        "X-Rate-Limit-Limit": [ "1m" ],
        "X-Rate-Limit-Remaining": [ "299" ],
        "X-Rate-Limit-Reset": [ "2023-07-28T00:36:43.8719172Z" ],
        "Strict-Transport-Security": [ "max-age=15724800; includeSubDomains" ]
      },
      "ContentHeaders": {
        "Content-Type": [ "application/json; charset=utf-8" ],
        "Content-Length": [ "373" ]
      },
      "Content": "{\n  \"name\": \"envtest8\",\n  \"environmentType\": \"m780es\",\n  \"user\": \"c3c951b7-d307-4c40-9495-70bd562d98d5\",\n  \"provisioningState\": \"Succeeded\",\n  \"resourceGroupId\": \"/subscriptions/f141e9f2-4778-45a4-9aa0-8b31e6469454/resourceGroups/pwshproja68gny-envtest8\",\n  \"catalogName\": \"x3vu7b\",\n  \"environmentDefinitionName\": \"FunctionApp\",\n  \"parameters\": {\n    \"name\": \"2jwit4\"\n  }\n}",
      "isContentBase64": false
    }
  }
}