{
  "Start-AzDevCenterUserDevBox+[NoContext]+Start+$POST+https://003b06c3-d471-4452-9686-9e7f3ca85f0a-pwshdc645vnb.canadacentral.devcenter.azure.com/projects/pwshProja68gny/users/me/devboxes/k607fd:start?api-version=2025-04-01-preview+1": {
    "Request": {
      "Method": "POST",
      "RequestUri": "https://003b06c3-d471-4452-9686-9e7f3ca85f0a-pwshdc645vnb.canadacentral.devcenter.azure.com/projects/pwshProja68gny/users/me/devboxes/k607fd:start?api-version=2025-04-01-preview",
      "Content": null,
      "isContentBase64": false,
      "Headers": {
        "x-ms-unique-id": [ "74" ],
        "x-ms-client-request-id": [ "c9d14d86-99cd-478e-b100-5a7ae0c31292" ],
        "CommandName": [ "Az.DevCenterdata.internal\\Start-AzDevCenterUserDevBox" ],
        "FullCommandName": [ "Start-AzDevCenterUserDevBox_Start" ],
        "ParameterSetName": [ "__AllParameterSets" ],
        "User-Agent": [ "AzurePowershell/v9.4.0", "PSVersion/v7.2.13", "Az.DevCenterdata/0.1.0" ],
        "Authorization": [ "[Filtered]" ]
      },
      "ContentHeaders": {
      }
    },
    "Response": {
      "StatusCode": 202,
      "Headers": {
        "Date": [ "Fri, 28 Jul 2023 16:25:16 GMT" ],
        "Connection": [ "keep-alive" ],
        "Location": [ "https://003b06c3-d471-4452-9686-9e7f3ca85f0a-pwshdc645vnb.canadacentral.devcenter.azure.com/projects/pwshproja68gny/operationstatuses/533c0c3f-e602-402f-82ac-5d007aaf6a7a?api-version=2025-04-01-preview\u0026monitor=true" ],
        "x-ms-correlation-request-id": [ "003b80f5-86bc-4eea-a76b-169aa2372800" ],
        "x-ms-client-request-id": [ "c9d14d86-99cd-478e-b100-5a7ae0c31292" ],
        "Operation-Location": [ "https://003b06c3-d471-4452-9686-9e7f3ca85f0a-pwshdc645vnb.canadacentral.devcenter.azure.com/projects/pwshproja68gny/operationstatuses/533c0c3f-e602-402f-82ac-5d007aaf6a7a?api-version=2025-04-01-preview" ],
        "X-Rate-Limit-Limit": [ "1m" ],
        "X-Rate-Limit-Remaining": [ "296" ],
        "X-Rate-Limit-Reset": [ "2023-07-28T16:26:04.5176440Z" ],
        "Strict-Transport-Security": [ "max-age=15724800; includeSubDomains" ]
      },
      "ContentHeaders": {
        "Content-Type": [ "application/json; charset=utf-8" ],
        "Content-Length": [ "272" ]
      },
      "Content": "{\n  \"id\": \"/projects/pwshproja68gny/operationStatuses/533c0c3f-e602-402f-82ac-5d007aaf6a7a\",\n  \"name\": \"533c0c3f-e602-402f-82ac-5d007aaf6a7a\",\n  \"status\": \"NotStarted\",\n  \"resourceId\": \"/projects/pwshproja68gny/users/c3c951b7-d307-4c40-9495-70bd562d98d5/devboxes/k607fd\"\n}",
      "isContentBase64": false
    }
  },
  "Start-AzDevCenterUserDevBox+[NoContext]+Start+$GET+https://003b06c3-d471-4452-9686-9e7f3ca85f0a-pwshdc645vnb.canadacentral.devcenter.azure.com/projects/pwshproja68gny/operationstatuses/533c0c3f-e602-402f-82ac-5d007aaf6a7a?api-version=2025-04-01-preview\u0026monitor=true+2": {
    "Request": {
      "Method": "GET",
      "RequestUri": "https://003b06c3-d471-4452-9686-9e7f3ca85f0a-pwshdc645vnb.canadacentral.devcenter.azure.com/projects/pwshproja68gny/operationstatuses/533c0c3f-e602-402f-82ac-5d007aaf6a7a?api-version=2025-04-01-preview\u0026monitor=true",
      "Content": null,
      "isContentBase64": false,
      "Headers": {
        "Authorization": [ "[Filtered]" ],
        "x-ms-unique-id": [ "75" ],
        "x-ms-client-request-id": [ "c9d14d86-99cd-478e-b100-5a7ae0c31292" ],
        "CommandName": [ "Az.DevCenterdata.internal\\Start-AzDevCenterUserDevBox" ],
        "FullCommandName": [ "Start-AzDevCenterUserDevBox_Start" ],
        "ParameterSetName": [ "__AllParameterSets" ],
        "User-Agent": [ "AzurePowershell/v9.4.0", "PSVersion/v7.2.13", "Az.DevCenterdata/0.1.0" ]
      },
      "ContentHeaders": {
      }
    },
    "Response": {
      "StatusCode": 202,
      "Headers": {
        "Date": [ "Fri, 28 Jul 2023 16:25:46 GMT" ],
        "Connection": [ "keep-alive" ],
        "Location": [ "https://003b06c3-d471-4452-9686-9e7f3ca85f0a-pwshdc645vnb.canadacentral.devcenter.azure.com/projects/pwshproja68gny/operationstatuses/533c0c3f-e602-402f-82ac-5d007aaf6a7a?api-version=2025-04-01-preview\u0026monitor=true" ],
        "Retry-After": [ "30" ],
        "x-ms-correlation-request-id": [ "537add1b-57df-4f51-9293-2a5e4bec2bb4" ],
        "x-ms-client-request-id": [ "c9d14d86-99cd-478e-b100-5a7ae0c31292" ],
        "Operation-Location": [ "https://003b06c3-d471-4452-9686-9e7f3ca85f0a-pwshdc645vnb.canadacentral.devcenter.azure.com/projects/pwshproja68gny/operationstatuses/533c0c3f-e602-402f-82ac-5d007aaf6a7a?api-version=2025-04-01-preview" ],
        "X-Rate-Limit-Limit": [ "1m" ],
        "X-Rate-Limit-Remaining": [ "297" ],
        "X-Rate-Limit-Reset": [ "2023-07-28T16:26:12.5281379Z" ],
        "Strict-Transport-Security": [ "max-age=15724800; includeSubDomains" ]
      },
      "ContentHeaders": {
        "Content-Type": [ "application/json; charset=utf-8" ],
        "Content-Length": [ "218" ]
      },
      "Content": "{\n  \"id\": \"/projects/pwshproja68gny/operationStatuses/533c0c3f-e602-402f-82ac-5d007aaf6a7a\",\n  \"name\": \"533c0c3f-e602-402f-82ac-5d007aaf6a7a\",\n  \"status\": \"Running\",\n  \"startTime\": \"2023-07-28T16:25:16.2802484+00:00\"\n}",
      "isContentBase64": false
    }
  },
  "Start-AzDevCenterUserDevBox+[NoContext]+Start+$GET+https://003b06c3-d471-4452-9686-9e7f3ca85f0a-pwshdc645vnb.canadacentral.devcenter.azure.com/projects/pwshproja68gny/operationstatuses/533c0c3f-e602-402f-82ac-5d007aaf6a7a?api-version=2025-04-01-preview\u0026monitor=true+3": {
    "Request": {
      "Method": "GET",
      "RequestUri": "https://003b06c3-d471-4452-9686-9e7f3ca85f0a-pwshdc645vnb.canadacentral.devcenter.azure.com/projects/pwshproja68gny/operationstatuses/533c0c3f-e602-402f-82ac-5d007aaf6a7a?api-version=2025-04-01-preview\u0026monitor=true",
      "Content": null,
      "isContentBase64": false,
      "Headers": {
        "Authorization": [ "[Filtered]" ],
        "x-ms-unique-id": [ "76" ],
        "x-ms-client-request-id": [ "c9d14d86-99cd-478e-b100-5a7ae0c31292" ],
        "CommandName": [ "Az.DevCenterdata.internal\\Start-AzDevCenterUserDevBox" ],
        "FullCommandName": [ "Start-AzDevCenterUserDevBox_Start" ],
        "ParameterSetName": [ "__AllParameterSets" ],
        "User-Agent": [ "AzurePowershell/v9.4.0", "PSVersion/v7.2.13", "Az.DevCenterdata/0.1.0" ]
      },
      "ContentHeaders": {
      }
    },
    "Response": {
      "StatusCode": 202,
      "Headers": {
        "Date": [ "Fri, 28 Jul 2023 16:26:17 GMT" ],
        "Connection": [ "keep-alive" ],
        "Location": [ "https://003b06c3-d471-4452-9686-9e7f3ca85f0a-pwshdc645vnb.canadacentral.devcenter.azure.com/projects/pwshproja68gny/operationstatuses/533c0c3f-e602-402f-82ac-5d007aaf6a7a?api-version=2025-04-01-preview\u0026monitor=true" ],
        "Retry-After": [ "30" ],
        "x-ms-correlation-request-id": [ "903749bb-6d8a-42b9-b0fc-23d994106b82" ],
        "x-ms-client-request-id": [ "c9d14d86-99cd-478e-b100-5a7ae0c31292" ],
        "Operation-Location": [ "https://003b06c3-d471-4452-9686-9e7f3ca85f0a-pwshdc645vnb.canadacentral.devcenter.azure.com/projects/pwshproja68gny/operationstatuses/533c0c3f-e602-402f-82ac-5d007aaf6a7a?api-version=2025-04-01-preview" ],
        "X-Rate-Limit-Limit": [ "1m" ],
        "X-Rate-Limit-Remaining": [ "299" ],
        "X-Rate-Limit-Reset": [ "2023-07-28T16:27:16.9986692Z" ],
        "Strict-Transport-Security": [ "max-age=15724800; includeSubDomains" ]
      },
      "ContentHeaders": {
        "Content-Type": [ "application/json; charset=utf-8" ],
        "Content-Length": [ "218" ]
      },
      "Content": "{\n  \"id\": \"/projects/pwshproja68gny/operationStatuses/533c0c3f-e602-402f-82ac-5d007aaf6a7a\",\n  \"name\": \"533c0c3f-e602-402f-82ac-5d007aaf6a7a\",\n  \"status\": \"Running\",\n  \"startTime\": \"2023-07-28T16:25:16.2802484+00:00\"\n}",
      "isContentBase64": false
    }
  },
  "Start-AzDevCenterUserDevBox+[NoContext]+Start+$GET+https://003b06c3-d471-4452-9686-9e7f3ca85f0a-pwshdc645vnb.canadacentral.devcenter.azure.com/projects/pwshproja68gny/operationstatuses/533c0c3f-e602-402f-82ac-5d007aaf6a7a?api-version=2025-04-01-preview\u0026monitor=true+4": {
    "Request": {
      "Method": "GET",
      "RequestUri": "https://003b06c3-d471-4452-9686-9e7f3ca85f0a-pwshdc645vnb.canadacentral.devcenter.azure.com/projects/pwshproja68gny/operationstatuses/533c0c3f-e602-402f-82ac-5d007aaf6a7a?api-version=2025-04-01-preview\u0026monitor=true",
      "Content": null,
      "isContentBase64": false,
      "Headers": {
        "Authorization": [ "[Filtered]" ],
        "x-ms-unique-id": [ "77" ],
        "x-ms-client-request-id": [ "c9d14d86-99cd-478e-b100-5a7ae0c31292" ],
        "CommandName": [ "Az.DevCenterdata.internal\\Start-AzDevCenterUserDevBox" ],
        "FullCommandName": [ "Start-AzDevCenterUserDevBox_Start" ],
        "ParameterSetName": [ "__AllParameterSets" ],
        "User-Agent": [ "AzurePowershell/v9.4.0", "PSVersion/v7.2.13", "Az.DevCenterdata/0.1.0" ]
      },
      "ContentHeaders": {
      }
    },
    "Response": {
      "StatusCode": 200,
      "Headers": {
        "Date": [ "Fri, 28 Jul 2023 16:26:47 GMT" ],
        "Connection": [ "keep-alive" ],
        "Location": [ "https://003b06c3-d471-4452-9686-9e7f3ca85f0a-pwshdc645vnb.canadacentral.devcenter.azure.com/projects/pwshproja68gny/operationstatuses/533c0c3f-e602-402f-82ac-5d007aaf6a7a?api-version=2025-04-01-preview\u0026monitor=true" ],
        "Retry-After": [ "30" ],
        "x-ms-correlation-request-id": [ "3f524693-35ee-41bb-90d9-41e8c2e85529" ],
        "x-ms-client-request-id": [ "c9d14d86-99cd-478e-b100-5a7ae0c31292" ],
        "Operation-Location": [ "https://003b06c3-d471-4452-9686-9e7f3ca85f0a-pwshdc645vnb.canadacentral.devcenter.azure.com/projects/pwshproja68gny/operationstatuses/533c0c3f-e602-402f-82ac-5d007aaf6a7a?api-version=2025-04-01-preview" ],
        "X-Rate-Limit-Limit": [ "1m" ],
        "X-Rate-Limit-Remaining": [ "297" ],
        "X-Rate-Limit-Reset": [ "2023-07-28T16:27:04.7841607Z" ],
        "Strict-Transport-Security": [ "max-age=15724800; includeSubDomains" ]
      },
      "ContentHeaders": {
        "Content-Type": [ "application/json; charset=utf-8" ],
        "Content-Length": [ "270" ]
      },
      "Content": "{\n  \"id\": \"/projects/pwshproja68gny/operationStatuses/533c0c3f-e602-402f-82ac-5d007aaf6a7a\",\n  \"name\": \"533c0c3f-e602-402f-82ac-5d007aaf6a7a\",\n  \"status\": \"Succeeded\",\n  \"startTime\": \"2023-07-28T16:25:16.2802484+00:00\",\n  \"endTime\": \"2023-07-28T16:26:37.2063574+00:00\"\n}",
      "isContentBase64": false
    }
  },
  "Start-AzDevCenterUserDevBox+[NoContext]+Start+$GET+https://003b06c3-d471-4452-9686-9e7f3ca85f0a-pwshdc645vnb.canadacentral.devcenter.azure.com/projects/pwshproja68gny/operationstatuses/533c0c3f-e602-402f-82ac-5d007aaf6a7a?api-version=2025-04-01-preview\u0026monitor=true+5": {
    "Request": {
      "Method": "GET",
      "RequestUri": "https://003b06c3-d471-4452-9686-9e7f3ca85f0a-pwshdc645vnb.canadacentral.devcenter.azure.com/projects/pwshproja68gny/operationstatuses/533c0c3f-e602-402f-82ac-5d007aaf6a7a?api-version=2025-04-01-preview\u0026monitor=true",
      "Content": null,
      "isContentBase64": false,
      "Headers": {
        "Authorization": [ "[Filtered]" ],
        "x-ms-unique-id": [ "78" ],
        "x-ms-client-request-id": [ "c9d14d86-99cd-478e-b100-5a7ae0c31292" ],
        "CommandName": [ "Az.DevCenterdata.internal\\Start-AzDevCenterUserDevBox" ],
        "FullCommandName": [ "Start-AzDevCenterUserDevBox_Start" ],
        "ParameterSetName": [ "__AllParameterSets" ],
        "User-Agent": [ "AzurePowershell/v9.4.0", "PSVersion/v7.2.13", "Az.DevCenterdata/0.1.0" ]
      },
      "ContentHeaders": {
      }
    },
    "Response": {
      "StatusCode": 200,
      "Headers": {
        "Date": [ "Fri, 28 Jul 2023 16:26:47 GMT" ],
        "Connection": [ "keep-alive" ],
        "Location": [ "https://003b06c3-d471-4452-9686-9e7f3ca85f0a-pwshdc645vnb.canadacentral.devcenter.azure.com/projects/pwshproja68gny/operationstatuses/533c0c3f-e602-402f-82ac-5d007aaf6a7a?api-version=2025-04-01-preview\u0026monitor=true" ],
        "Retry-After": [ "30" ],
        "x-ms-correlation-request-id": [ "46e5e40f-4d05-45fa-8762-d238e8228bdf" ],
        "x-ms-client-request-id": [ "c9d14d86-99cd-478e-b100-5a7ae0c31292" ],
        "Operation-Location": [ "https://003b06c3-d471-4452-9686-9e7f3ca85f0a-pwshdc645vnb.canadacentral.devcenter.azure.com/projects/pwshproja68gny/operationstatuses/533c0c3f-e602-402f-82ac-5d007aaf6a7a?api-version=2025-04-01-preview" ],
        "X-Rate-Limit-Limit": [ "1m" ],
        "X-Rate-Limit-Remaining": [ "298" ],
        "X-Rate-Limit-Reset": [ "2023-07-28T16:27:19.7728048Z" ],
        "Strict-Transport-Security": [ "max-age=15724800; includeSubDomains" ]
      },
      "ContentHeaders": {
        "Content-Type": [ "application/json; charset=utf-8" ],
        "Content-Length": [ "270" ]
      },
      "Content": "{\n  \"id\": \"/projects/pwshproja68gny/operationStatuses/533c0c3f-e602-402f-82ac-5d007aaf6a7a\",\n  \"name\": \"533c0c3f-e602-402f-82ac-5d007aaf6a7a\",\n  \"status\": \"Succeeded\",\n  \"startTime\": \"2023-07-28T16:25:16.2802484+00:00\",\n  \"endTime\": \"2023-07-28T16:26:37.2063574+00:00\"\n}",
      "isContentBase64": false
    }
  },
  "Start-AzDevCenterUserDevBox+[NoContext]+Start+$GET+https://003b06c3-d471-4452-9686-9e7f3ca85f0a-pwshdc645vnb.canadacentral.devcenter.azure.com/projects/pwshProja68gny/users/me/devboxes/k607fd?api-version=2025-04-01-preview+6": {
    "Request": {
      "Method": "GET",
      "RequestUri": "https://003b06c3-d471-4452-9686-9e7f3ca85f0a-pwshdc645vnb.canadacentral.devcenter.azure.com/projects/pwshProja68gny/users/me/devboxes/k607fd?api-version=2025-04-01-preview",
      "Content": null,
      "isContentBase64": false,
      "Headers": {
        "x-ms-unique-id": [ "79" ],
        "x-ms-client-request-id": [ "b7e2bb7f-ba2b-4848-a915-90498c4719a6" ],
        "CommandName": [ "Az.DevCenterdata.internal\\Get-AzDevCenterUserDevBox" ],
        "FullCommandName": [ "Get-AzDevCenterUserDevBox_Get" ],
        "ParameterSetName": [ "__AllParameterSets" ],
        "User-Agent": [ "AzurePowershell/v9.4.0", "PSVersion/v7.2.13", "Az.DevCenterdata/0.1.0" ],
        "Authorization": [ "[Filtered]" ]
      },
      "ContentHeaders": {
      }
    },
    "Response": {
      "StatusCode": 200,
      "Headers": {
        "Date": [ "Fri, 28 Jul 2023 16:26:48 GMT" ],
        "Connection": [ "keep-alive" ],
        "x-ms-correlation-request-id": [ "f54a9588-19f0-46f0-8a97-1f35270cf7d8" ],
        "x-ms-client-request-id": [ "b7e2bb7f-ba2b-4848-a915-90498c4719a6" ],
        "X-Rate-Limit-Limit": [ "1m" ],
        "X-Rate-Limit-Remaining": [ "298" ],
        "X-Rate-Limit-Reset": [ "2023-07-28T16:27:16.9986692Z" ],
        "Strict-Transport-Security": [ "max-age=15724800; includeSubDomains" ]
      },
      "ContentHeaders": {
        "Content-Type": [ "application/json; charset=utf-8" ],
        "Content-Length": [ "893" ]
      },
      "Content": "{\n  \"name\": \"k607fd\",\n  \"projectName\": \"pwshProja68gny\",\n  \"poolName\": \"nzboe1\",\n  \"hibernateSupport\": \"Enabled\",\n  \"provisioningState\": \"Succeeded\",\n  \"actionState\": \"Started\",\n  \"powerState\": \"Running\",\n  \"uniqueId\": \"38b90907-ddde-4414-89b3-6e5743a041bd\",\n  \"location\": \"canadacentral\",\n  \"osType\": \"Windows\",\n  \"user\": \"c3c951b7-d307-4c40-9495-70bd562d98d5\",\n  \"hardwareProfile\": {\n    \"vCPUs\": 8,\n    \"skuName\": \"general_a_8c32gb1024ssd_v2\",\n    \"memoryGB\": 32\n  },\n  \"storageProfile\": {\n    \"osDisk\": {\n      \"diskSizeGB\": 1024\n    }\n  },\n  \"imageReference\": {\n    \"name\": \"MicrosoftWindowsDesktop_windows-ent-cpc_win11-22h2-ent-cpc-os\",\n    \"version\": \"1.0.0\",\n    \"operatingSystem\": \"Windows11\",\n    \"osBuildNumber\": \"win11-22h2-ent-cpc-os\",\n    \"publishedDate\": \"2022-09-20T00:00:00+00:00\"\n  },\n  \"createdTime\": \"2023-07-28T01:35:00.9817723+00:00\",\n  \"localAdministrator\": \"Enabled\"\n}",
      "isContentBase64": false
    }
  },
  "Start-AzDevCenterUserDevBox+[NoContext]+Start+$POST+https://003b06c3-d471-4452-9686-9e7f3ca85f0a-pwshdc645vnb.canadacentral.devcenter.azure.com/projects/pwshProja68gny/users/me/devboxes/k607fd:start?api-version=2025-04-01-preview+7": {
    "Request": {
      "Method": "POST",
      "RequestUri": "https://003b06c3-d471-4452-9686-9e7f3ca85f0a-pwshdc645vnb.canadacentral.devcenter.azure.com/projects/pwshProja68gny/users/me/devboxes/k607fd:start?api-version=2025-04-01-preview",
      "Content": null,
      "isContentBase64": false,
      "Headers": {
        "x-ms-unique-id": [ "80" ],
        "x-ms-client-request-id": [ "863a4c12-f234-453a-8f98-e5a045863355" ],
        "CommandName": [ "Az.DevCenterdata.internal\\Start-AzDevCenterUserDevBox" ],
        "FullCommandName": [ "Start-AzDevCenterUserDevBox_Start" ],
        "ParameterSetName": [ "__AllParameterSets" ],
        "User-Agent": [ "AzurePowershell/v9.4.0", "PSVersion/v7.2.13", "Az.DevCenterdata/0.1.0" ],
        "Authorization": [ "[Filtered]" ]
      },
      "ContentHeaders": {
      }
    },
    "Response": {
      "StatusCode": 202,
      "Headers": {
        "Date": [ "Fri, 28 Jul 2023 16:26:49 GMT" ],
        "Connection": [ "keep-alive" ],
        "Location": [ "https://003b06c3-d471-4452-9686-9e7f3ca85f0a-pwshdc645vnb.canadacentral.devcenter.azure.com/projects/pwshproja68gny/operationstatuses/f748043f-bbed-48f8-8af0-238ed519dad0?api-version=2025-04-01-preview\u0026monitor=true" ],
        "x-ms-correlation-request-id": [ "9bf24a93-2c84-4e35-a2f3-6c8f8167042e" ],
        "x-ms-client-request-id": [ "863a4c12-f234-453a-8f98-e5a045863355" ],
        "Operation-Location": [ "https://003b06c3-d471-4452-9686-9e7f3ca85f0a-pwshdc645vnb.canadacentral.devcenter.azure.com/projects/pwshproja68gny/operationstatuses/f748043f-bbed-48f8-8af0-238ed519dad0?api-version=2025-04-01-preview" ],
        "X-Rate-Limit-Limit": [ "1m" ],
        "X-Rate-Limit-Remaining": [ "296" ],
        "X-Rate-Limit-Reset": [ "2023-07-28T16:27:04.7841607Z" ],
        "Strict-Transport-Security": [ "max-age=15724800; includeSubDomains" ]
      },
      "ContentHeaders": {
        "Content-Type": [ "application/json; charset=utf-8" ],
        "Content-Length": [ "272" ]
      },
      "Content": "{\n  \"id\": \"/projects/pwshproja68gny/operationStatuses/f748043f-bbed-48f8-8af0-238ed519dad0\",\n  \"name\": \"f748043f-bbed-48f8-8af0-238ed519dad0\",\n  \"status\": \"NotStarted\",\n  \"resourceId\": \"/projects/pwshproja68gny/users/c3c951b7-d307-4c40-9495-70bd562d98d5/devboxes/k607fd\"\n}",
      "isContentBase64": false
    }
  },
  "Start-AzDevCenterUserDevBox+[NoContext]+Start+$GET+https://003b06c3-d471-4452-9686-9e7f3ca85f0a-pwshdc645vnb.canadacentral.devcenter.azure.com/projects/pwshproja68gny/operationstatuses/f748043f-bbed-48f8-8af0-238ed519dad0?api-version=2025-04-01-preview\u0026monitor=true+8": {
    "Request": {
      "Method": "GET",
      "RequestUri": "https://003b06c3-d471-4452-9686-9e7f3ca85f0a-pwshdc645vnb.canadacentral.devcenter.azure.com/projects/pwshproja68gny/operationstatuses/f748043f-bbed-48f8-8af0-238ed519dad0?api-version=2025-04-01-preview\u0026monitor=true",
      "Content": null,
      "isContentBase64": false,
      "Headers": {
        "Authorization": [ "[Filtered]" ],
        "x-ms-unique-id": [ "81" ],
        "x-ms-client-request-id": [ "863a4c12-f234-453a-8f98-e5a045863355" ],
        "CommandName": [ "Az.DevCenterdata.internal\\Start-AzDevCenterUserDevBox" ],
        "FullCommandName": [ "Start-AzDevCenterUserDevBox_Start" ],
        "ParameterSetName": [ "__AllParameterSets" ],
        "User-Agent": [ "AzurePowershell/v9.4.0", "PSVersion/v7.2.13", "Az.DevCenterdata/0.1.0" ]
      },
      "ContentHeaders": {
      }
    },
    "Response": {
      "StatusCode": 202,
      "Headers": {
        "Date": [ "Fri, 28 Jul 2023 16:27:19 GMT" ],
        "Connection": [ "keep-alive" ],
        "Location": [ "https://003b06c3-d471-4452-9686-9e7f3ca85f0a-pwshdc645vnb.canadacentral.devcenter.azure.com/projects/pwshproja68gny/operationstatuses/f748043f-bbed-48f8-8af0-238ed519dad0?api-version=2025-04-01-preview\u0026monitor=true" ],
        "Retry-After": [ "30" ],
        "x-ms-correlation-request-id": [ "d11dbc39-63d7-41ea-8614-7a060fc9dc93" ],
        "x-ms-client-request-id": [ "863a4c12-f234-453a-8f98-e5a045863355" ],
        "Operation-Location": [ "https://003b06c3-d471-4452-9686-9e7f3ca85f0a-pwshdc645vnb.canadacentral.devcenter.azure.com/projects/pwshproja68gny/operationstatuses/f748043f-bbed-48f8-8af0-238ed519dad0?api-version=2025-04-01-preview" ],
        "X-Rate-Limit-Limit": [ "1m" ],
        "X-Rate-Limit-Remaining": [ "297" ],
        "X-Rate-Limit-Reset": [ "2023-07-28T16:27:19.7728048Z" ],
        "Strict-Transport-Security": [ "max-age=15724800; includeSubDomains" ]
      },
      "ContentHeaders": {
        "Content-Type": [ "application/json; charset=utf-8" ],
        "Content-Length": [ "218" ]
      },
      "Content": "{\n  \"id\": \"/projects/pwshproja68gny/operationStatuses/f748043f-bbed-48f8-8af0-238ed519dad0\",\n  \"name\": \"f748043f-bbed-48f8-8af0-238ed519dad0\",\n  \"status\": \"Running\",\n  \"startTime\": \"2023-07-28T16:26:49.1775032+00:00\"\n}",
      "isContentBase64": false
    }
  },
  "Start-AzDevCenterUserDevBox+[NoContext]+Start+$GET+https://003b06c3-d471-4452-9686-9e7f3ca85f0a-pwshdc645vnb.canadacentral.devcenter.azure.com/projects/pwshproja68gny/operationstatuses/f748043f-bbed-48f8-8af0-238ed519dad0?api-version=2025-04-01-preview\u0026monitor=true+9": {
    "Request": {
      "Method": "GET",
      "RequestUri": "https://003b06c3-d471-4452-9686-9e7f3ca85f0a-pwshdc645vnb.canadacentral.devcenter.azure.com/projects/pwshproja68gny/operationstatuses/f748043f-bbed-48f8-8af0-238ed519dad0?api-version=2025-04-01-preview\u0026monitor=true",
      "Content": null,
      "isContentBase64": false,
      "Headers": {
        "Authorization": [ "[Filtered]" ],
        "x-ms-unique-id": [ "82" ],
        "x-ms-client-request-id": [ "863a4c12-f234-453a-8f98-e5a045863355" ],
        "CommandName": [ "Az.DevCenterdata.internal\\Start-AzDevCenterUserDevBox" ],
        "FullCommandName": [ "Start-AzDevCenterUserDevBox_Start" ],
        "ParameterSetName": [ "__AllParameterSets" ],
        "User-Agent": [ "AzurePowershell/v9.4.0", "PSVersion/v7.2.13", "Az.DevCenterdata/0.1.0" ]
      },
      "ContentHeaders": {
      }
    },
    "Response": {
      "StatusCode": 202,
      "Headers": {
        "Date": [ "Fri, 28 Jul 2023 16:27:49 GMT" ],
        "Connection": [ "keep-alive" ],
        "Location": [ "https://003b06c3-d471-4452-9686-9e7f3ca85f0a-pwshdc645vnb.canadacentral.devcenter.azure.com/projects/pwshproja68gny/operationstatuses/f748043f-bbed-48f8-8af0-238ed519dad0?api-version=2025-04-01-preview\u0026monitor=true" ],
        "Retry-After": [ "30" ],
        "x-ms-correlation-request-id": [ "3c11bd90-8545-4ca5-936e-a9c8d5877277" ],
        "x-ms-client-request-id": [ "863a4c12-f234-453a-8f98-e5a045863355" ],
        "Operation-Location": [ "https://003b06c3-d471-4452-9686-9e7f3ca85f0a-pwshdc645vnb.canadacentral.devcenter.azure.com/projects/pwshproja68gny/operationstatuses/f748043f-bbed-48f8-8af0-238ed519dad0?api-version=2025-04-01-preview" ],
        "X-Rate-Limit-Limit": [ "1m" ],
        "X-Rate-Limit-Remaining": [ "299" ],
        "X-Rate-Limit-Reset": [ "2023-07-28T16:28:49.7399907Z" ],
        "Strict-Transport-Security": [ "max-age=15724800; includeSubDomains" ]
      },
      "ContentHeaders": {
        "Content-Type": [ "application/json; charset=utf-8" ],
        "Content-Length": [ "218" ]
      },
      "Content": "{\n  \"id\": \"/projects/pwshproja68gny/operationStatuses/f748043f-bbed-48f8-8af0-238ed519dad0\",\n  \"name\": \"f748043f-bbed-48f8-8af0-238ed519dad0\",\n  \"status\": \"Running\",\n  \"startTime\": \"2023-07-28T16:26:49.1775032+00:00\"\n}",
      "isContentBase64": false
    }
  },
  "Start-AzDevCenterUserDevBox+[NoContext]+Start+$GET+https://003b06c3-d471-4452-9686-9e7f3ca85f0a-pwshdc645vnb.canadacentral.devcenter.azure.com/projects/pwshproja68gny/operationstatuses/f748043f-bbed-48f8-8af0-238ed519dad0?api-version=2025-04-01-preview\u0026monitor=true+10": {
    "Request": {
      "Method": "GET",
      "RequestUri": "https://003b06c3-d471-4452-9686-9e7f3ca85f0a-pwshdc645vnb.canadacentral.devcenter.azure.com/projects/pwshproja68gny/operationstatuses/f748043f-bbed-48f8-8af0-238ed519dad0?api-version=2025-04-01-preview\u0026monitor=true",
      "Content": null,
      "isContentBase64": false,
      "Headers": {
        "Authorization": [ "[Filtered]" ],
        "x-ms-unique-id": [ "83" ],
        "x-ms-client-request-id": [ "863a4c12-f234-453a-8f98-e5a045863355" ],
        "CommandName": [ "Az.DevCenterdata.internal\\Start-AzDevCenterUserDevBox" ],
        "FullCommandName": [ "Start-AzDevCenterUserDevBox_Start" ],
        "ParameterSetName": [ "__AllParameterSets" ],
        "User-Agent": [ "AzurePowershell/v9.4.0", "PSVersion/v7.2.13", "Az.DevCenterdata/0.1.0" ]
      },
      "ContentHeaders": {
      }
    },
    "Response": {
      "StatusCode": 202,
      "Headers": {
        "Date": [ "Fri, 28 Jul 2023 16:28:20 GMT" ],
        "Connection": [ "keep-alive" ],
        "Location": [ "https://003b06c3-d471-4452-9686-9e7f3ca85f0a-pwshdc645vnb.canadacentral.devcenter.azure.com/projects/pwshproja68gny/operationstatuses/f748043f-bbed-48f8-8af0-238ed519dad0?api-version=2025-04-01-preview\u0026monitor=true" ],
        "Retry-After": [ "30" ],
        "x-ms-correlation-request-id": [ "ecfe975f-414f-41a1-974a-200ef9e16645" ],
        "x-ms-client-request-id": [ "863a4c12-f234-453a-8f98-e5a045863355" ],
        "Operation-Location": [ "https://003b06c3-d471-4452-9686-9e7f3ca85f0a-pwshdc645vnb.canadacentral.devcenter.azure.com/projects/pwshproja68gny/operationstatuses/f748043f-bbed-48f8-8af0-238ed519dad0?api-version=2025-04-01-preview" ],
        "X-Rate-Limit-Limit": [ "1m" ],
        "X-Rate-Limit-Remaining": [ "297" ],
        "X-Rate-Limit-Reset": [ "2023-07-28T16:28:24.1511196Z" ],
        "Strict-Transport-Security": [ "max-age=15724800; includeSubDomains" ]
      },
      "ContentHeaders": {
        "Content-Type": [ "application/json; charset=utf-8" ],
        "Content-Length": [ "218" ]
      },
      "Content": "{\n  \"id\": \"/projects/pwshproja68gny/operationStatuses/f748043f-bbed-48f8-8af0-238ed519dad0\",\n  \"name\": \"f748043f-bbed-48f8-8af0-238ed519dad0\",\n  \"status\": \"Running\",\n  \"startTime\": \"2023-07-28T16:26:49.1775032+00:00\"\n}",
      "isContentBase64": false
    }
  },
  "Start-AzDevCenterUserDevBox+[NoContext]+Start+$GET+https://003b06c3-d471-4452-9686-9e7f3ca85f0a-pwshdc645vnb.canadacentral.devcenter.azure.com/projects/pwshproja68gny/operationstatuses/f748043f-bbed-48f8-8af0-238ed519dad0?api-version=2025-04-01-preview\u0026monitor=true+11": {
    "Request": {
      "Method": "GET",
      "RequestUri": "https://003b06c3-d471-4452-9686-9e7f3ca85f0a-pwshdc645vnb.canadacentral.devcenter.azure.com/projects/pwshproja68gny/operationstatuses/f748043f-bbed-48f8-8af0-238ed519dad0?api-version=2025-04-01-preview\u0026monitor=true",
      "Content": null,
      "isContentBase64": false,
      "Headers": {
        "Authorization": [ "[Filtered]" ],
        "x-ms-unique-id": [ "84" ],
        "x-ms-client-request-id": [ "863a4c12-f234-453a-8f98-e5a045863355" ],
        "CommandName": [ "Az.DevCenterdata.internal\\Start-AzDevCenterUserDevBox" ],
        "FullCommandName": [ "Start-AzDevCenterUserDevBox_Start" ],
        "ParameterSetName": [ "__AllParameterSets" ],
        "User-Agent": [ "AzurePowershell/v9.4.0", "PSVersion/v7.2.13", "Az.DevCenterdata/0.1.0" ]
      },
      "ContentHeaders": {
      }
    },
    "Response": {
      "StatusCode": 200,
      "Headers": {
        "Date": [ "Fri, 28 Jul 2023 16:28:50 GMT" ],
        "Connection": [ "keep-alive" ],
        "Location": [ "https://003b06c3-d471-4452-9686-9e7f3ca85f0a-pwshdc645vnb.canadacentral.devcenter.azure.com/projects/pwshproja68gny/operationstatuses/f748043f-bbed-48f8-8af0-238ed519dad0?api-version=2025-04-01-preview\u0026monitor=true" ],
        "Retry-After": [ "30" ],
        "x-ms-correlation-request-id": [ "791502ce-8d8a-423b-83f7-cff8511cea9c" ],
        "x-ms-client-request-id": [ "863a4c12-f234-453a-8f98-e5a045863355" ],
        "Operation-Location": [ "https://003b06c3-d471-4452-9686-9e7f3ca85f0a-pwshdc645vnb.canadacentral.devcenter.azure.com/projects/pwshproja68gny/operationstatuses/f748043f-bbed-48f8-8af0-238ed519dad0?api-version=2025-04-01-preview" ],
        "X-Rate-Limit-Limit": [ "1m" ],
        "X-Rate-Limit-Remaining": [ "299" ],
        "X-Rate-Limit-Reset": [ "2023-07-28T16:29:50.5950462Z" ],
        "Strict-Transport-Security": [ "max-age=15724800; includeSubDomains" ]
      },
      "ContentHeaders": {
        "Content-Type": [ "application/json; charset=utf-8" ],
        "Content-Length": [ "270" ]
      },
      "Content": "{\n  \"id\": \"/projects/pwshproja68gny/operationStatuses/f748043f-bbed-48f8-8af0-238ed519dad0\",\n  \"name\": \"f748043f-bbed-48f8-8af0-238ed519dad0\",\n  \"status\": \"Succeeded\",\n  \"startTime\": \"2023-07-28T16:26:49.1775032+00:00\",\n  \"endTime\": \"2023-07-28T16:28:45.5799039+00:00\"\n}",
      "isContentBase64": false
    }
  },
  "Start-AzDevCenterUserDevBox+[NoContext]+Start+$GET+https://003b06c3-d471-4452-9686-9e7f3ca85f0a-pwshdc645vnb.canadacentral.devcenter.azure.com/projects/pwshproja68gny/operationstatuses/f748043f-bbed-48f8-8af0-238ed519dad0?api-version=2025-04-01-preview\u0026monitor=true+12": {
    "Request": {
      "Method": "GET",
      "RequestUri": "https://003b06c3-d471-4452-9686-9e7f3ca85f0a-pwshdc645vnb.canadacentral.devcenter.azure.com/projects/pwshproja68gny/operationstatuses/f748043f-bbed-48f8-8af0-238ed519dad0?api-version=2025-04-01-preview\u0026monitor=true",
      "Content": null,
      "isContentBase64": false,
      "Headers": {
        "Authorization": [ "[Filtered]" ],
        "x-ms-unique-id": [ "85" ],
        "x-ms-client-request-id": [ "863a4c12-f234-453a-8f98-e5a045863355" ],
        "CommandName": [ "Az.DevCenterdata.internal\\Start-AzDevCenterUserDevBox" ],
        "FullCommandName": [ "Start-AzDevCenterUserDevBox_Start" ],
        "ParameterSetName": [ "__AllParameterSets" ],
        "User-Agent": [ "AzurePowershell/v9.4.0", "PSVersion/v7.2.13", "Az.DevCenterdata/0.1.0" ]
      },
      "ContentHeaders": {
      }
    },
    "Response": {
      "StatusCode": 200,
      "Headers": {
        "Date": [ "Fri, 28 Jul 2023 16:28:51 GMT" ],
        "Connection": [ "keep-alive" ],
        "Location": [ "https://003b06c3-d471-4452-9686-9e7f3ca85f0a-pwshdc645vnb.canadacentral.devcenter.azure.com/projects/pwshproja68gny/operationstatuses/f748043f-bbed-48f8-8af0-238ed519dad0?api-version=2025-04-01-preview\u0026monitor=true" ],
        "Retry-After": [ "30" ],
        "x-ms-correlation-request-id": [ "8ce9a54f-5d7d-4ea5-bed1-29d89720ee7c" ],
        "x-ms-client-request-id": [ "863a4c12-f234-453a-8f98-e5a045863355" ],
        "Operation-Location": [ "https://003b06c3-d471-4452-9686-9e7f3ca85f0a-pwshdc645vnb.canadacentral.devcenter.azure.com/projects/pwshproja68gny/operationstatuses/f748043f-bbed-48f8-8af0-238ed519dad0?api-version=2025-04-01-preview" ],
        "X-Rate-Limit-Limit": [ "1m" ],
        "X-Rate-Limit-Remaining": [ "298" ],
        "X-Rate-Limit-Reset": [ "2023-07-28T16:29:49.7934481Z" ],
        "Strict-Transport-Security": [ "max-age=15724800; includeSubDomains" ]
      },
      "ContentHeaders": {
        "Content-Type": [ "application/json; charset=utf-8" ],
        "Content-Length": [ "270" ]
      },
      "Content": "{\n  \"id\": \"/projects/pwshproja68gny/operationStatuses/f748043f-bbed-48f8-8af0-238ed519dad0\",\n  \"name\": \"f748043f-bbed-48f8-8af0-238ed519dad0\",\n  \"status\": \"Succeeded\",\n  \"startTime\": \"2023-07-28T16:26:49.1775032+00:00\",\n  \"endTime\": \"2023-07-28T16:28:45.5799039+00:00\"\n}",
      "isContentBase64": false
    }
  },
  "Start-AzDevCenterUserDevBox+[NoContext]+Start+$GET+https://003b06c3-d471-4452-9686-9e7f3ca85f0a-pwshdc645vnb.canadacentral.devcenter.azure.com/projects/pwshProja68gny/users/me/devboxes/k607fd?api-version=2025-04-01-preview+13": {
    "Request": {
      "Method": "GET",
      "RequestUri": "https://003b06c3-d471-4452-9686-9e7f3ca85f0a-pwshdc645vnb.canadacentral.devcenter.azure.com/projects/pwshProja68gny/users/me/devboxes/k607fd?api-version=2025-04-01-preview",
      "Content": null,
      "isContentBase64": false,
      "Headers": {
        "x-ms-unique-id": [ "86" ],
        "x-ms-client-request-id": [ "1b6c19a0-5289-4eb9-b6c9-e70158d22c77" ],
        "CommandName": [ "Az.DevCenterdata.internal\\Get-AzDevCenterUserDevBox" ],
        "FullCommandName": [ "Get-AzDevCenterUserDevBox_Get" ],
        "ParameterSetName": [ "__AllParameterSets" ],
        "User-Agent": [ "AzurePowershell/v9.4.0", "PSVersion/v7.2.13", "Az.DevCenterdata/0.1.0" ],
        "Authorization": [ "[Filtered]" ]
      },
      "ContentHeaders": {
      }
    },
    "Response": {
      "StatusCode": 200,
      "Headers": {
        "Date": [ "Fri, 28 Jul 2023 16:28:51 GMT" ],
        "Connection": [ "keep-alive" ],
        "x-ms-correlation-request-id": [ "b16f3141-a53b-4680-b163-bbcaf1f6da56" ],
        "x-ms-client-request-id": [ "1b6c19a0-5289-4eb9-b6c9-e70158d22c77" ],
        "X-Rate-Limit-Limit": [ "1m" ],
        "X-Rate-Limit-Remaining": [ "299" ],
        "X-Rate-Limit-Reset": [ "2023-07-28T16:29:51.0892414Z" ],
        "Strict-Transport-Security": [ "max-age=15724800; includeSubDomains" ]
      },
      "ContentHeaders": {
        "Content-Type": [ "application/json; charset=utf-8" ],
        "Content-Length": [ "893" ]
      },
      "Content": "{\n  \"name\": \"k607fd\",\n  \"projectName\": \"pwshProja68gny\",\n  \"poolName\": \"nzboe1\",\n  \"hibernateSupport\": \"Enabled\",\n  \"provisioningState\": \"Succeeded\",\n  \"actionState\": \"Started\",\n  \"powerState\": \"Running\",\n  \"uniqueId\": \"38b90907-ddde-4414-89b3-6e5743a041bd\",\n  \"location\": \"canadacentral\",\n  \"osType\": \"Windows\",\n  \"user\": \"c3c951b7-d307-4c40-9495-70bd562d98d5\",\n  \"hardwareProfile\": {\n    \"vCPUs\": 8,\n    \"skuName\": \"general_a_8c32gb1024ssd_v2\",\n    \"memoryGB\": 32\n  },\n  \"storageProfile\": {\n    \"osDisk\": {\n      \"diskSizeGB\": 1024\n    }\n  },\n  \"imageReference\": {\n    \"name\": \"MicrosoftWindowsDesktop_windows-ent-cpc_win11-22h2-ent-cpc-os\",\n    \"version\": \"1.0.0\",\n    \"operatingSystem\": \"Windows11\",\n    \"osBuildNumber\": \"win11-22h2-ent-cpc-os\",\n    \"publishedDate\": \"2022-09-20T00:00:00+00:00\"\n  },\n  \"createdTime\": \"2023-07-28T01:35:00.9817723+00:00\",\n  \"localAdministrator\": \"Enabled\"\n}",
      "isContentBase64": false
    }
  },
  "Start-AzDevCenterUserDevBox+[NoContext]+StartViaIdentity+$POST+https://003b06c3-d471-4452-9686-9e7f3ca85f0a-pwshdc645vnb.canadacentral.devcenter.azure.com/projects/pwshProja68gny/users/me/devboxes/k607fd:start?api-version=2025-04-01-preview+1": {
    "Request": {
      "Method": "POST",
      "RequestUri": "https://003b06c3-d471-4452-9686-9e7f3ca85f0a-pwshdc645vnb.canadacentral.devcenter.azure.com/projects/pwshProja68gny/users/me/devboxes/k607fd:start?api-version=2025-04-01-preview",
      "Content": null,
      "isContentBase64": false,
      "Headers": {
        "x-ms-unique-id": [ "87" ],
        "x-ms-client-request-id": [ "b55a21f3-e338-481d-afc4-16fba6d95116" ],
        "CommandName": [ "Az.DevCenterdata.internal\\Start-AzDevCenterUserDevBox" ],
        "FullCommandName": [ "Start-AzDevCenterUserDevBox_StartViaIdentity" ],
        "ParameterSetName": [ "__AllParameterSets" ],
        "User-Agent": [ "AzurePowershell/v9.4.0", "PSVersion/v7.2.13", "Az.DevCenterdata/0.1.0" ],
        "Authorization": [ "[Filtered]" ]
      },
      "ContentHeaders": {
      }
    },
    "Response": {
      "StatusCode": 202,
      "Headers": {
        "Date": [ "Fri, 28 Jul 2023 16:28:51 GMT" ],
        "Connection": [ "keep-alive" ],
        "Location": [ "https://003b06c3-d471-4452-9686-9e7f3ca85f0a-pwshdc645vnb.canadacentral.devcenter.azure.com/projects/pwshproja68gny/operationstatuses/e2bc01a7-8547-41a7-a1d6-fa579116d6cb?api-version=2025-04-01-preview\u0026monitor=true" ],
        "x-ms-correlation-request-id": [ "3fe76762-d50e-40a8-b3ce-79c1e16f6bc0" ],
        "x-ms-client-request-id": [ "b55a21f3-e338-481d-afc4-16fba6d95116" ],
        "Operation-Location": [ "https://003b06c3-d471-4452-9686-9e7f3ca85f0a-pwshdc645vnb.canadacentral.devcenter.azure.com/projects/pwshproja68gny/operationstatuses/e2bc01a7-8547-41a7-a1d6-fa579116d6cb?api-version=2025-04-01-preview" ],
        "X-Rate-Limit-Limit": [ "1m" ],
        "X-Rate-Limit-Remaining": [ "298" ],
        "X-Rate-Limit-Reset": [ "2023-07-28T16:29:50.5950462Z" ],
        "Strict-Transport-Security": [ "max-age=15724800; includeSubDomains" ]
      },
      "ContentHeaders": {
        "Content-Type": [ "application/json; charset=utf-8" ],
        "Content-Length": [ "272" ]
      },
      "Content": "{\n  \"id\": \"/projects/pwshproja68gny/operationStatuses/e2bc01a7-8547-41a7-a1d6-fa579116d6cb\",\n  \"name\": \"e2bc01a7-8547-41a7-a1d6-fa579116d6cb\",\n  \"status\": \"NotStarted\",\n  \"resourceId\": \"/projects/pwshproja68gny/users/c3c951b7-d307-4c40-9495-70bd562d98d5/devboxes/k607fd\"\n}",
      "isContentBase64": false
    }
  },
  "Start-AzDevCenterUserDevBox+[NoContext]+StartViaIdentity+$GET+https://003b06c3-d471-4452-9686-9e7f3ca85f0a-pwshdc645vnb.canadacentral.devcenter.azure.com/projects/pwshproja68gny/operationstatuses/e2bc01a7-8547-41a7-a1d6-fa579116d6cb?api-version=2025-04-01-preview\u0026monitor=true+2": {
    "Request": {
      "Method": "GET",
      "RequestUri": "https://003b06c3-d471-4452-9686-9e7f3ca85f0a-pwshdc645vnb.canadacentral.devcenter.azure.com/projects/pwshproja68gny/operationstatuses/e2bc01a7-8547-41a7-a1d6-fa579116d6cb?api-version=2025-04-01-preview\u0026monitor=true",
      "Content": null,
      "isContentBase64": false,
      "Headers": {
        "Authorization": [ "[Filtered]" ],
        "x-ms-unique-id": [ "88" ],
        "x-ms-client-request-id": [ "b55a21f3-e338-481d-afc4-16fba6d95116" ],
        "CommandName": [ "Az.DevCenterdata.internal\\Start-AzDevCenterUserDevBox" ],
        "FullCommandName": [ "Start-AzDevCenterUserDevBox_StartViaIdentity" ],
        "ParameterSetName": [ "__AllParameterSets" ],
        "User-Agent": [ "AzurePowershell/v9.4.0", "PSVersion/v7.2.13", "Az.DevCenterdata/0.1.0" ]
      },
      "ContentHeaders": {
      }
    },
    "Response": {
      "StatusCode": 202,
      "Headers": {
        "Date": [ "Fri, 28 Jul 2023 16:29:21 GMT" ],
        "Connection": [ "keep-alive" ],
        "Location": [ "https://003b06c3-d471-4452-9686-9e7f3ca85f0a-pwshdc645vnb.canadacentral.devcenter.azure.com/projects/pwshproja68gny/operationstatuses/e2bc01a7-8547-41a7-a1d6-fa579116d6cb?api-version=2025-04-01-preview\u0026monitor=true" ],
        "Retry-After": [ "30" ],
        "x-ms-correlation-request-id": [ "7a2da7d5-f3a0-4650-bf9b-814c10a8608c" ],
        "x-ms-client-request-id": [ "b55a21f3-e338-481d-afc4-16fba6d95116" ],
        "Operation-Location": [ "https://003b06c3-d471-4452-9686-9e7f3ca85f0a-pwshdc645vnb.canadacentral.devcenter.azure.com/projects/pwshproja68gny/operationstatuses/e2bc01a7-8547-41a7-a1d6-fa579116d6cb?api-version=2025-04-01-preview" ],
        "X-Rate-Limit-Limit": [ "1m" ],
        "X-Rate-Limit-Remaining": [ "296" ],
        "X-Rate-Limit-Reset": [ "2023-07-28T16:29:51.0892414Z" ],
        "Strict-Transport-Security": [ "max-age=15724800; includeSubDomains" ]
      },
      "ContentHeaders": {
        "Content-Type": [ "application/json; charset=utf-8" ],
        "Content-Length": [ "218" ]
      },
      "Content": "{\n  \"id\": \"/projects/pwshproja68gny/operationStatuses/e2bc01a7-8547-41a7-a1d6-fa579116d6cb\",\n  \"name\": \"e2bc01a7-8547-41a7-a1d6-fa579116d6cb\",\n  \"status\": \"Running\",\n  \"startTime\": \"2023-07-28T16:28:51.4988524+00:00\"\n}",
      "isContentBase64": false
    }
  },
  "Start-AzDevCenterUserDevBox+[NoContext]+StartViaIdentity+$GET+https://003b06c3-d471-4452-9686-9e7f3ca85f0a-pwshdc645vnb.canadacentral.devcenter.azure.com/projects/pwshproja68gny/operationstatuses/e2bc01a7-8547-41a7-a1d6-fa579116d6cb?api-version=2025-04-01-preview\u0026monitor=true+3": {
    "Request": {
      "Method": "GET",
      "RequestUri": "https://003b06c3-d471-4452-9686-9e7f3ca85f0a-pwshdc645vnb.canadacentral.devcenter.azure.com/projects/pwshproja68gny/operationstatuses/e2bc01a7-8547-41a7-a1d6-fa579116d6cb?api-version=2025-04-01-preview\u0026monitor=true",
      "Content": null,
      "isContentBase64": false,
      "Headers": {
        "Authorization": [ "[Filtered]" ],
        "x-ms-unique-id": [ "89" ],
        "x-ms-client-request-id": [ "b55a21f3-e338-481d-afc4-16fba6d95116" ],
        "CommandName": [ "Az.DevCenterdata.internal\\Start-AzDevCenterUserDevBox" ],
        "FullCommandName": [ "Start-AzDevCenterUserDevBox_StartViaIdentity" ],
        "ParameterSetName": [ "__AllParameterSets" ],
        "User-Agent": [ "AzurePowershell/v9.4.0", "PSVersion/v7.2.13", "Az.DevCenterdata/0.1.0" ]
      },
      "ContentHeaders": {
      }
    },
    "Response": {
      "StatusCode": 202,
      "Headers": {
        "Date": [ "Fri, 28 Jul 2023 16:29:52 GMT" ],
        "Connection": [ "keep-alive" ],
        "Location": [ "https://003b06c3-d471-4452-9686-9e7f3ca85f0a-pwshdc645vnb.canadacentral.devcenter.azure.com/projects/pwshproja68gny/operationstatuses/e2bc01a7-8547-41a7-a1d6-fa579116d6cb?api-version=2025-04-01-preview\u0026monitor=true" ],
        "Retry-After": [ "30" ],
        "x-ms-correlation-request-id": [ "9ea23e16-f97b-44d7-ae49-a73ba8558978" ],
        "x-ms-client-request-id": [ "b55a21f3-e338-481d-afc4-16fba6d95116" ],
        "Operation-Location": [ "https://003b06c3-d471-4452-9686-9e7f3ca85f0a-pwshdc645vnb.canadacentral.devcenter.azure.com/projects/pwshproja68gny/operationstatuses/e2bc01a7-8547-41a7-a1d6-fa579116d6cb?api-version=2025-04-01-preview" ],
        "X-Rate-Limit-Limit": [ "1m" ],
        "X-Rate-Limit-Remaining": [ "299" ],
        "X-Rate-Limit-Reset": [ "2023-07-28T16:30:52.0008408Z" ],
        "Strict-Transport-Security": [ "max-age=15724800; includeSubDomains" ]
      },
      "ContentHeaders": {
        "Content-Type": [ "application/json; charset=utf-8" ],
        "Content-Length": [ "218" ]
      },
      "Content": "{\n  \"id\": \"/projects/pwshproja68gny/operationStatuses/e2bc01a7-8547-41a7-a1d6-fa579116d6cb\",\n  \"name\": \"e2bc01a7-8547-41a7-a1d6-fa579116d6cb\",\n  \"status\": \"Running\",\n  \"startTime\": \"2023-07-28T16:28:51.4988524+00:00\"\n}",
      "isContentBase64": false
    }
  },
  "Start-AzDevCenterUserDevBox+[NoContext]+StartViaIdentity+$GET+https://003b06c3-d471-4452-9686-9e7f3ca85f0a-pwshdc645vnb.canadacentral.devcenter.azure.com/projects/pwshproja68gny/operationstatuses/e2bc01a7-8547-41a7-a1d6-fa579116d6cb?api-version=2025-04-01-preview\u0026monitor=true+4": {
    "Request": {
      "Method": "GET",
      "RequestUri": "https://003b06c3-d471-4452-9686-9e7f3ca85f0a-pwshdc645vnb.canadacentral.devcenter.azure.com/projects/pwshproja68gny/operationstatuses/e2bc01a7-8547-41a7-a1d6-fa579116d6cb?api-version=2025-04-01-preview\u0026monitor=true",
      "Content": null,
      "isContentBase64": false,
      "Headers": {
        "Authorization": [ "[Filtered]" ],
        "x-ms-unique-id": [ "90" ],
        "x-ms-client-request-id": [ "b55a21f3-e338-481d-afc4-16fba6d95116" ],
        "CommandName": [ "Az.DevCenterdata.internal\\Start-AzDevCenterUserDevBox" ],
        "FullCommandName": [ "Start-AzDevCenterUserDevBox_StartViaIdentity" ],
        "ParameterSetName": [ "__AllParameterSets" ],
        "User-Agent": [ "AzurePowershell/v9.4.0", "PSVersion/v7.2.13", "Az.DevCenterdata/0.1.0" ]
      },
      "ContentHeaders": {
      }
    },
    "Response": {
      "StatusCode": 202,
      "Headers": {
        "Date": [ "Fri, 28 Jul 2023 16:30:22 GMT" ],
        "Connection": [ "keep-alive" ],
        "Location": [ "https://003b06c3-d471-4452-9686-9e7f3ca85f0a-pwshdc645vnb.canadacentral.devcenter.azure.com/projects/pwshproja68gny/operationstatuses/e2bc01a7-8547-41a7-a1d6-fa579116d6cb?api-version=2025-04-01-preview\u0026monitor=true" ],
        "Retry-After": [ "30" ],
        "x-ms-correlation-request-id": [ "9e593954-f05a-4b73-90e5-8cbb10972f05" ],
        "x-ms-client-request-id": [ "b55a21f3-e338-481d-afc4-16fba6d95116" ],
        "Operation-Location": [ "https://003b06c3-d471-4452-9686-9e7f3ca85f0a-pwshdc645vnb.canadacentral.devcenter.azure.com/projects/pwshproja68gny/operationstatuses/e2bc01a7-8547-41a7-a1d6-fa579116d6cb?api-version=2025-04-01-preview" ],
        "X-Rate-Limit-Limit": [ "1m" ],
        "X-Rate-Limit-Remaining": [ "297" ],
        "X-Rate-Limit-Reset": [ "2023-07-28T16:30:54.1381530Z" ],
        "Strict-Transport-Security": [ "max-age=15724800; includeSubDomains" ]
      },
      "ContentHeaders": {
        "Content-Type": [ "application/json; charset=utf-8" ],
        "Content-Length": [ "218" ]
      },
      "Content": "{\n  \"id\": \"/projects/pwshproja68gny/operationStatuses/e2bc01a7-8547-41a7-a1d6-fa579116d6cb\",\n  \"name\": \"e2bc01a7-8547-41a7-a1d6-fa579116d6cb\",\n  \"status\": \"Running\",\n  \"startTime\": \"2023-07-28T16:28:51.4988524+00:00\"\n}",
      "isContentBase64": false
    }
  },
  "Start-AzDevCenterUserDevBox+[NoContext]+StartViaIdentity+$GET+https://003b06c3-d471-4452-9686-9e7f3ca85f0a-pwshdc645vnb.canadacentral.devcenter.azure.com/projects/pwshproja68gny/operationstatuses/e2bc01a7-8547-41a7-a1d6-fa579116d6cb?api-version=2025-04-01-preview\u0026monitor=true+5": {
    "Request": {
      "Method": "GET",
      "RequestUri": "https://003b06c3-d471-4452-9686-9e7f3ca85f0a-pwshdc645vnb.canadacentral.devcenter.azure.com/projects/pwshproja68gny/operationstatuses/e2bc01a7-8547-41a7-a1d6-fa579116d6cb?api-version=2025-04-01-preview\u0026monitor=true",
      "Content": null,
      "isContentBase64": false,
      "Headers": {
        "Authorization": [ "[Filtered]" ],
        "x-ms-unique-id": [ "91" ],
        "x-ms-client-request-id": [ "b55a21f3-e338-481d-afc4-16fba6d95116" ],
        "CommandName": [ "Az.DevCenterdata.internal\\Start-AzDevCenterUserDevBox" ],
        "FullCommandName": [ "Start-AzDevCenterUserDevBox_StartViaIdentity" ],
        "ParameterSetName": [ "__AllParameterSets" ],
        "User-Agent": [ "AzurePowershell/v9.4.0", "PSVersion/v7.2.13", "Az.DevCenterdata/0.1.0" ]
      },
      "ContentHeaders": {
      }
    },
    "Response": {
      "StatusCode": 202,
      "Headers": {
        "Date": [ "Fri, 28 Jul 2023 16:30:52 GMT" ],
        "Connection": [ "keep-alive" ],
        "Location": [ "https://003b06c3-d471-4452-9686-9e7f3ca85f0a-pwshdc645vnb.canadacentral.devcenter.azure.com/projects/pwshproja68gny/operationstatuses/e2bc01a7-8547-41a7-a1d6-fa579116d6cb?api-version=2025-04-01-preview\u0026monitor=true" ],
        "Retry-After": [ "30" ],
        "x-ms-correlation-request-id": [ "15e3b23c-fc0f-4da2-899d-0abfcaeb5d37" ],
        "x-ms-client-request-id": [ "b55a21f3-e338-481d-afc4-16fba6d95116" ],
        "Operation-Location": [ "https://003b06c3-d471-4452-9686-9e7f3ca85f0a-pwshdc645vnb.canadacentral.devcenter.azure.com/projects/pwshproja68gny/operationstatuses/e2bc01a7-8547-41a7-a1d6-fa579116d6cb?api-version=2025-04-01-preview" ],
        "X-Rate-Limit-Limit": [ "1m" ],
        "X-Rate-Limit-Remaining": [ "298" ],
        "X-Rate-Limit-Reset": [ "2023-07-28T16:31:48.1157921Z" ],
        "Strict-Transport-Security": [ "max-age=15724800; includeSubDomains" ]
      },
      "ContentHeaders": {
        "Content-Type": [ "application/json; charset=utf-8" ],
        "Content-Length": [ "218" ]
      },
      "Content": "{\n  \"id\": \"/projects/pwshproja68gny/operationStatuses/e2bc01a7-8547-41a7-a1d6-fa579116d6cb\",\n  \"name\": \"e2bc01a7-8547-41a7-a1d6-fa579116d6cb\",\n  \"status\": \"Running\",\n  \"startTime\": \"2023-07-28T16:28:51.4988524+00:00\"\n}",
      "isContentBase64": false
    }
  },
  "Start-AzDevCenterUserDevBox+[NoContext]+StartViaIdentity+$GET+https://003b06c3-d471-4452-9686-9e7f3ca85f0a-pwshdc645vnb.canadacentral.devcenter.azure.com/projects/pwshproja68gny/operationstatuses/e2bc01a7-8547-41a7-a1d6-fa579116d6cb?api-version=2025-04-01-preview\u0026monitor=true+6": {
    "Request": {
      "Method": "GET",
      "RequestUri": "https://003b06c3-d471-4452-9686-9e7f3ca85f0a-pwshdc645vnb.canadacentral.devcenter.azure.com/projects/pwshproja68gny/operationstatuses/e2bc01a7-8547-41a7-a1d6-fa579116d6cb?api-version=2025-04-01-preview\u0026monitor=true",
      "Content": null,
      "isContentBase64": false,
      "Headers": {
        "Authorization": [ "[Filtered]" ],
        "x-ms-unique-id": [ "92" ],
        "x-ms-client-request-id": [ "b55a21f3-e338-481d-afc4-16fba6d95116" ],
        "CommandName": [ "Az.DevCenterdata.internal\\Start-AzDevCenterUserDevBox" ],
        "FullCommandName": [ "Start-AzDevCenterUserDevBox_StartViaIdentity" ],
        "ParameterSetName": [ "__AllParameterSets" ],
        "User-Agent": [ "AzurePowershell/v9.4.0", "PSVersion/v7.2.13", "Az.DevCenterdata/0.1.0" ]
      },
      "ContentHeaders": {
      }
    },
    "Response": {
      "StatusCode": 202,
      "Headers": {
        "Date": [ "Fri, 28 Jul 2023 16:31:23 GMT" ],
        "Connection": [ "keep-alive" ],
        "Location": [ "https://003b06c3-d471-4452-9686-9e7f3ca85f0a-pwshdc645vnb.canadacentral.devcenter.azure.com/projects/pwshproja68gny/operationstatuses/e2bc01a7-8547-41a7-a1d6-fa579116d6cb?api-version=2025-04-01-preview\u0026monitor=true" ],
        "Retry-After": [ "30" ],
        "x-ms-correlation-request-id": [ "38229124-bfea-4965-868f-373d539428ad" ],
        "x-ms-client-request-id": [ "b55a21f3-e338-481d-afc4-16fba6d95116" ],
        "Operation-Location": [ "https://003b06c3-d471-4452-9686-9e7f3ca85f0a-pwshdc645vnb.canadacentral.devcenter.azure.com/projects/pwshproja68gny/operationstatuses/e2bc01a7-8547-41a7-a1d6-fa579116d6cb?api-version=2025-04-01-preview" ],
        "X-Rate-Limit-Limit": [ "1m" ],
        "X-Rate-Limit-Remaining": [ "298" ],
        "X-Rate-Limit-Reset": [ "2023-07-28T16:31:54.1302186Z" ],
        "Strict-Transport-Security": [ "max-age=15724800; includeSubDomains" ]
      },
      "ContentHeaders": {
        "Content-Type": [ "application/json; charset=utf-8" ],
        "Content-Length": [ "218" ]
      },
      "Content": "{\n  \"id\": \"/projects/pwshproja68gny/operationStatuses/e2bc01a7-8547-41a7-a1d6-fa579116d6cb\",\n  \"name\": \"e2bc01a7-8547-41a7-a1d6-fa579116d6cb\",\n  \"status\": \"Running\",\n  \"startTime\": \"2023-07-28T16:28:51.4988524+00:00\"\n}",
      "isContentBase64": false
    }
  },
  "Start-AzDevCenterUserDevBox+[NoContext]+StartViaIdentity+$GET+https://003b06c3-d471-4452-9686-9e7f3ca85f0a-pwshdc645vnb.canadacentral.devcenter.azure.com/projects/pwshproja68gny/operationstatuses/e2bc01a7-8547-41a7-a1d6-fa579116d6cb?api-version=2025-04-01-preview\u0026monitor=true+7": {
    "Request": {
      "Method": "GET",
      "RequestUri": "https://003b06c3-d471-4452-9686-9e7f3ca85f0a-pwshdc645vnb.canadacentral.devcenter.azure.com/projects/pwshproja68gny/operationstatuses/e2bc01a7-8547-41a7-a1d6-fa579116d6cb?api-version=2025-04-01-preview\u0026monitor=true",
      "Content": null,
      "isContentBase64": false,
      "Headers": {
        "Authorization": [ "[Filtered]" ],
        "x-ms-unique-id": [ "93" ],
        "x-ms-client-request-id": [ "b55a21f3-e338-481d-afc4-16fba6d95116" ],
        "CommandName": [ "Az.DevCenterdata.internal\\Start-AzDevCenterUserDevBox" ],
        "FullCommandName": [ "Start-AzDevCenterUserDevBox_StartViaIdentity" ],
        "ParameterSetName": [ "__AllParameterSets" ],
        "User-Agent": [ "AzurePowershell/v9.4.0", "PSVersion/v7.2.13", "Az.DevCenterdata/0.1.0" ]
      },
      "ContentHeaders": {
      }
    },
    "Response": {
      "StatusCode": 200,
      "Headers": {
        "Date": [ "Fri, 28 Jul 2023 16:31:53 GMT" ],
        "Connection": [ "keep-alive" ],
        "Location": [ "https://003b06c3-d471-4452-9686-9e7f3ca85f0a-pwshdc645vnb.canadacentral.devcenter.azure.com/projects/pwshproja68gny/operationstatuses/e2bc01a7-8547-41a7-a1d6-fa579116d6cb?api-version=2025-04-01-preview\u0026monitor=true" ],
        "Retry-After": [ "30" ],
        "x-ms-correlation-request-id": [ "1b832ea2-d132-46e4-8224-c7b3a161152e" ],
        "x-ms-client-request-id": [ "b55a21f3-e338-481d-afc4-16fba6d95116" ],
        "Operation-Location": [ "https://003b06c3-d471-4452-9686-9e7f3ca85f0a-pwshdc645vnb.canadacentral.devcenter.azure.com/projects/pwshproja68gny/operationstatuses/e2bc01a7-8547-41a7-a1d6-fa579116d6cb?api-version=2025-04-01-preview" ],
        "X-Rate-Limit-Limit": [ "1m" ],
        "X-Rate-Limit-Remaining": [ "299" ],
        "X-Rate-Limit-Reset": [ "2023-07-28T16:32:53.2301260Z" ],
        "Strict-Transport-Security": [ "max-age=15724800; includeSubDomains" ]
      },
      "ContentHeaders": {
        "Content-Type": [ "application/json; charset=utf-8" ],
        "Content-Length": [ "269" ]
      },
      "Content": "{\n  \"id\": \"/projects/pwshproja68gny/operationStatuses/e2bc01a7-8547-41a7-a1d6-fa579116d6cb\",\n  \"name\": \"e2bc01a7-8547-41a7-a1d6-fa579116d6cb\",\n  \"status\": \"Succeeded\",\n  \"startTime\": \"2023-07-28T16:28:51.4988524+00:00\",\n  \"endTime\": \"2023-07-28T16:31:43.383616+00:00\"\n}",
      "isContentBase64": false
    }
  },
  "Start-AzDevCenterUserDevBox+[NoContext]+StartViaIdentity+$GET+https://003b06c3-d471-4452-9686-9e7f3ca85f0a-pwshdc645vnb.canadacentral.devcenter.azure.com/projects/pwshproja68gny/operationstatuses/e2bc01a7-8547-41a7-a1d6-fa579116d6cb?api-version=2025-04-01-preview\u0026monitor=true+8": {
    "Request": {
      "Method": "GET",
      "RequestUri": "https://003b06c3-d471-4452-9686-9e7f3ca85f0a-pwshdc645vnb.canadacentral.devcenter.azure.com/projects/pwshproja68gny/operationstatuses/e2bc01a7-8547-41a7-a1d6-fa579116d6cb?api-version=2025-04-01-preview\u0026monitor=true",
      "Content": null,
      "isContentBase64": false,
      "Headers": {
        "Authorization": [ "[Filtered]" ],
        "x-ms-unique-id": [ "94" ],
        "x-ms-client-request-id": [ "b55a21f3-e338-481d-afc4-16fba6d95116" ],
        "CommandName": [ "Az.DevCenterdata.internal\\Start-AzDevCenterUserDevBox" ],
        "FullCommandName": [ "Start-AzDevCenterUserDevBox_StartViaIdentity" ],
        "ParameterSetName": [ "__AllParameterSets" ],
        "User-Agent": [ "AzurePowershell/v9.4.0", "PSVersion/v7.2.13", "Az.DevCenterdata/0.1.0" ]
      },
      "ContentHeaders": {
      }
    },
    "Response": {
      "StatusCode": 200,
      "Headers": {
        "Date": [ "Fri, 28 Jul 2023 16:31:53 GMT" ],
        "Connection": [ "keep-alive" ],
        "Location": [ "https://003b06c3-d471-4452-9686-9e7f3ca85f0a-pwshdc645vnb.canadacentral.devcenter.azure.com/projects/pwshproja68gny/operationstatuses/e2bc01a7-8547-41a7-a1d6-fa579116d6cb?api-version=2025-04-01-preview\u0026monitor=true" ],
        "Retry-After": [ "30" ],
        "x-ms-correlation-request-id": [ "65beea2f-8c4a-40a8-bec8-e5455d13df84" ],
        "x-ms-client-request-id": [ "b55a21f3-e338-481d-afc4-16fba6d95116" ],
        "Operation-Location": [ "https://003b06c3-d471-4452-9686-9e7f3ca85f0a-pwshdc645vnb.canadacentral.devcenter.azure.com/projects/pwshproja68gny/operationstatuses/e2bc01a7-8547-41a7-a1d6-fa579116d6cb?api-version=2025-04-01-preview" ],
        "X-Rate-Limit-Limit": [ "1m" ],
        "X-Rate-Limit-Remaining": [ "297" ],
        "X-Rate-Limit-Reset": [ "2023-07-28T16:31:54.1302186Z" ],
        "Strict-Transport-Security": [ "max-age=15724800; includeSubDomains" ]
      },
      "ContentHeaders": {
        "Content-Type": [ "application/json; charset=utf-8" ],
        "Content-Length": [ "269" ]
      },
      "Content": "{\n  \"id\": \"/projects/pwshproja68gny/operationStatuses/e2bc01a7-8547-41a7-a1d6-fa579116d6cb\",\n  \"name\": \"e2bc01a7-8547-41a7-a1d6-fa579116d6cb\",\n  \"status\": \"Succeeded\",\n  \"startTime\": \"2023-07-28T16:28:51.4988524+00:00\",\n  \"endTime\": \"2023-07-28T16:31:43.383616+00:00\"\n}",
      "isContentBase64": false
    }
  },
  "Start-AzDevCenterUserDevBox+[NoContext]+StartViaIdentity+$GET+https://003b06c3-d471-4452-9686-9e7f3ca85f0a-pwshdc645vnb.canadacentral.devcenter.azure.com/projects/pwshProja68gny/users/me/devboxes/k607fd?api-version=2025-04-01-preview+9": {
    "Request": {
      "Method": "GET",
      "RequestUri": "https://003b06c3-d471-4452-9686-9e7f3ca85f0a-pwshdc645vnb.canadacentral.devcenter.azure.com/projects/pwshProja68gny/users/me/devboxes/k607fd?api-version=2025-04-01-preview",
      "Content": null,
      "isContentBase64": false,
      "Headers": {
        "x-ms-unique-id": [ "95" ],
        "x-ms-client-request-id": [ "2c507e02-6153-476e-8bfa-41be6c02a1d0" ],
        "CommandName": [ "Az.DevCenterdata.internal\\Get-AzDevCenterUserDevBox" ],
        "FullCommandName": [ "Get-AzDevCenterUserDevBox_Get" ],
        "ParameterSetName": [ "__AllParameterSets" ],
        "User-Agent": [ "AzurePowershell/v9.4.0", "PSVersion/v7.2.13", "Az.DevCenterdata/0.1.0" ],
        "Authorization": [ "[Filtered]" ]
      },
      "ContentHeaders": {
      }
    },
    "Response": {
      "StatusCode": 200,
      "Headers": {
        "Date": [ "Fri, 28 Jul 2023 16:31:53 GMT" ],
        "Connection": [ "keep-alive" ],
        "x-ms-correlation-request-id": [ "13c6716f-cea2-4a1d-a302-2a1bd60198f2" ],
        "x-ms-client-request-id": [ "2c507e02-6153-476e-8bfa-41be6c02a1d0" ],
        "X-Rate-Limit-Limit": [ "1m" ],
        "X-Rate-Limit-Remaining": [ "299" ],
        "X-Rate-Limit-Reset": [ "2023-07-28T16:32:53.7373734Z" ],
        "Strict-Transport-Security": [ "max-age=15724800; includeSubDomains" ]
      },
      "ContentHeaders": {
        "Content-Type": [ "application/json; charset=utf-8" ],
        "Content-Length": [ "893" ]
      },
      "Content": "{\n  \"name\": \"k607fd\",\n  \"projectName\": \"pwshProja68gny\",\n  \"poolName\": \"nzboe1\",\n  \"hibernateSupport\": \"Enabled\",\n  \"provisioningState\": \"Succeeded\",\n  \"actionState\": \"Started\",\n  \"powerState\": \"Running\",\n  \"uniqueId\": \"38b90907-ddde-4414-89b3-6e5743a041bd\",\n  \"location\": \"canadacentral\",\n  \"osType\": \"Windows\",\n  \"user\": \"c3c951b7-d307-4c40-9495-70bd562d98d5\",\n  \"hardwareProfile\": {\n    \"vCPUs\": 8,\n    \"skuName\": \"general_a_8c32gb1024ssd_v2\",\n    \"memoryGB\": 32\n  },\n  \"storageProfile\": {\n    \"osDisk\": {\n      \"diskSizeGB\": 1024\n    }\n  },\n  \"imageReference\": {\n    \"name\": \"MicrosoftWindowsDesktop_windows-ent-cpc_win11-22h2-ent-cpc-os\",\n    \"version\": \"1.0.0\",\n    \"operatingSystem\": \"Windows11\",\n    \"osBuildNumber\": \"win11-22h2-ent-cpc-os\",\n    \"publishedDate\": \"2022-09-20T00:00:00+00:00\"\n  },\n  \"createdTime\": \"2023-07-28T01:35:00.9817723+00:00\",\n  \"localAdministrator\": \"Enabled\"\n}",
      "isContentBase64": false
    }
  },
  "Start-AzDevCenterUserDevBox+[NoContext]+StartViaIdentity+$POST+https://003b06c3-d471-4452-9686-9e7f3ca85f0a-pwshdc645vnb.canadacentral.devcenter.azure.com/projects/pwshProja68gny/users/me/devboxes/k607fd:start?api-version=2025-04-01-preview+10": {
    "Request": {
      "Method": "POST",
      "RequestUri": "https://003b06c3-d471-4452-9686-9e7f3ca85f0a-pwshdc645vnb.canadacentral.devcenter.azure.com/projects/pwshProja68gny/users/me/devboxes/k607fd:start?api-version=2025-04-01-preview",
      "Content": null,
      "isContentBase64": false,
      "Headers": {
        "x-ms-unique-id": [ "96" ],
        "x-ms-client-request-id": [ "5292a2fa-354c-4de0-babc-4eab17d0fcab" ],
        "CommandName": [ "Az.DevCenterdata.internal\\Start-AzDevCenterUserDevBox" ],
        "FullCommandName": [ "Start-AzDevCenterUserDevBox_StartViaIdentity" ],
        "ParameterSetName": [ "__AllParameterSets" ],
        "User-Agent": [ "AzurePowershell/v9.4.0", "PSVersion/v7.2.13", "Az.DevCenterdata/0.1.0" ],
        "Authorization": [ "[Filtered]" ]
      },
      "ContentHeaders": {
      }
    },
    "Response": {
      "StatusCode": 202,
      "Headers": {
        "Date": [ "Fri, 28 Jul 2023 16:31:55 GMT" ],
        "Connection": [ "keep-alive" ],
        "Location": [ "https://003b06c3-d471-4452-9686-9e7f3ca85f0a-pwshdc645vnb.canadacentral.devcenter.azure.com/projects/pwshproja68gny/operationstatuses/1386e748-5186-45d8-a02c-d59048a5ff4f?api-version=2025-04-01-preview\u0026monitor=true" ],
        "x-ms-correlation-request-id": [ "b8522cc8-3c5e-4189-80fa-dd74c9d860e8" ],
        "x-ms-client-request-id": [ "5292a2fa-354c-4de0-babc-4eab17d0fcab" ],
        "Operation-Location": [ "https://003b06c3-d471-4452-9686-9e7f3ca85f0a-pwshdc645vnb.canadacentral.devcenter.azure.com/projects/pwshproja68gny/operationstatuses/1386e748-5186-45d8-a02c-d59048a5ff4f?api-version=2025-04-01-preview" ],
        "X-Rate-Limit-Limit": [ "1m" ],
        "X-Rate-Limit-Remaining": [ "297" ],
        "X-Rate-Limit-Reset": [ "2023-07-28T16:32:53.2301260Z" ],
        "Strict-Transport-Security": [ "max-age=15724800; includeSubDomains" ]
      },
      "ContentHeaders": {
        "Content-Type": [ "application/json; charset=utf-8" ],
        "Content-Length": [ "272" ]
      },
      "Content": "{\n  \"id\": \"/projects/pwshproja68gny/operationStatuses/1386e748-5186-45d8-a02c-d59048a5ff4f\",\n  \"name\": \"1386e748-5186-45d8-a02c-d59048a5ff4f\",\n  \"status\": \"NotStarted\",\n  \"resourceId\": \"/projects/pwshproja68gny/users/c3c951b7-d307-4c40-9495-70bd562d98d5/devboxes/k607fd\"\n}",
      "isContentBase64": false
    }
  },
  "Start-AzDevCenterUserDevBox+[NoContext]+StartViaIdentity+$GET+https://003b06c3-d471-4452-9686-9e7f3ca85f0a-pwshdc645vnb.canadacentral.devcenter.azure.com/projects/pwshproja68gny/operationstatuses/1386e748-5186-45d8-a02c-d59048a5ff4f?api-version=2025-04-01-preview\u0026monitor=true+11": {
    "Request": {
      "Method": "GET",
      "RequestUri": "https://003b06c3-d471-4452-9686-9e7f3ca85f0a-pwshdc645vnb.canadacentral.devcenter.azure.com/projects/pwshproja68gny/operationstatuses/1386e748-5186-45d8-a02c-d59048a5ff4f?api-version=2025-04-01-preview\u0026monitor=true",
      "Content": null,
      "isContentBase64": false,
      "Headers": {
        "Authorization": [ "[Filtered]" ],
        "x-ms-unique-id": [ "97" ],
        "x-ms-client-request-id": [ "5292a2fa-354c-4de0-babc-4eab17d0fcab" ],
        "CommandName": [ "Az.DevCenterdata.internal\\Start-AzDevCenterUserDevBox" ],
        "FullCommandName": [ "Start-AzDevCenterUserDevBox_StartViaIdentity" ],
        "ParameterSetName": [ "__AllParameterSets" ],
        "User-Agent": [ "AzurePowershell/v9.4.0", "PSVersion/v7.2.13", "Az.DevCenterdata/0.1.0" ]
      },
      "ContentHeaders": {
      }
    },
    "Response": {
      "StatusCode": 202,
      "Headers": {
        "Date": [ "Fri, 28 Jul 2023 16:32:25 GMT" ],
        "Connection": [ "keep-alive" ],
        "Location": [ "https://003b06c3-d471-4452-9686-9e7f3ca85f0a-pwshdc645vnb.canadacentral.devcenter.azure.com/projects/pwshproja68gny/operationstatuses/1386e748-5186-45d8-a02c-d59048a5ff4f?api-version=2025-04-01-preview\u0026monitor=true" ],
        "Retry-After": [ "30" ],
        "x-ms-correlation-request-id": [ "c6c862a7-19f8-406b-9f74-67dd4d6dff46" ],
        "x-ms-client-request-id": [ "5292a2fa-354c-4de0-babc-4eab17d0fcab" ],
        "Operation-Location": [ "https://003b06c3-d471-4452-9686-9e7f3ca85f0a-pwshdc645vnb.canadacentral.devcenter.azure.com/projects/pwshproja68gny/operationstatuses/1386e748-5186-45d8-a02c-d59048a5ff4f?api-version=2025-04-01-preview" ],
        "X-Rate-Limit-Limit": [ "1m" ],
        "X-Rate-Limit-Remaining": [ "298" ],
        "X-Rate-Limit-Reset": [ "2023-07-28T16:33:01.2786528Z" ],
        "Strict-Transport-Security": [ "max-age=15724800; includeSubDomains" ]
      },
      "ContentHeaders": {
        "Content-Type": [ "application/json; charset=utf-8" ],
        "Content-Length": [ "218" ]
      },
      "Content": "{\n  \"id\": \"/projects/pwshproja68gny/operationStatuses/1386e748-5186-45d8-a02c-d59048a5ff4f\",\n  \"name\": \"1386e748-5186-45d8-a02c-d59048a5ff4f\",\n  \"status\": \"Running\",\n  \"startTime\": \"2023-07-28T16:31:55.1928955+00:00\"\n}",
      "isContentBase64": false
    }
  },
  "Start-AzDevCenterUserDevBox+[NoContext]+StartViaIdentity+$GET+https://003b06c3-d471-4452-9686-9e7f3ca85f0a-pwshdc645vnb.canadacentral.devcenter.azure.com/projects/pwshproja68gny/operationstatuses/1386e748-5186-45d8-a02c-d59048a5ff4f?api-version=2025-04-01-preview\u0026monitor=true+12": {
    "Request": {
      "Method": "GET",
      "RequestUri": "https://003b06c3-d471-4452-9686-9e7f3ca85f0a-pwshdc645vnb.canadacentral.devcenter.azure.com/projects/pwshproja68gny/operationstatuses/1386e748-5186-45d8-a02c-d59048a5ff4f?api-version=2025-04-01-preview\u0026monitor=true",
      "Content": null,
      "isContentBase64": false,
      "Headers": {
        "Authorization": [ "[Filtered]" ],
        "x-ms-unique-id": [ "98" ],
        "x-ms-client-request-id": [ "5292a2fa-354c-4de0-babc-4eab17d0fcab" ],
        "CommandName": [ "Az.DevCenterdata.internal\\Start-AzDevCenterUserDevBox" ],
        "FullCommandName": [ "Start-AzDevCenterUserDevBox_StartViaIdentity" ],
        "ParameterSetName": [ "__AllParameterSets" ],
        "User-Agent": [ "AzurePowershell/v9.4.0", "PSVersion/v7.2.13", "Az.DevCenterdata/0.1.0" ]
      },
      "ContentHeaders": {
      }
    },
    "Response": {
      "StatusCode": 202,
      "Headers": {
        "Date": [ "Fri, 28 Jul 2023 16:32:56 GMT" ],
        "Connection": [ "keep-alive" ],
        "Location": [ "https://003b06c3-d471-4452-9686-9e7f3ca85f0a-pwshdc645vnb.canadacentral.devcenter.azure.com/projects/pwshproja68gny/operationstatuses/1386e748-5186-45d8-a02c-d59048a5ff4f?api-version=2025-04-01-preview\u0026monitor=true" ],
        "Retry-After": [ "30" ],
        "x-ms-correlation-request-id": [ "d4bbbc76-74b3-41b0-bbcf-de29c896c432" ],
        "x-ms-client-request-id": [ "5292a2fa-354c-4de0-babc-4eab17d0fcab" ],
        "Operation-Location": [ "https://003b06c3-d471-4452-9686-9e7f3ca85f0a-pwshdc645vnb.canadacentral.devcenter.azure.com/projects/pwshproja68gny/operationstatuses/1386e748-5186-45d8-a02c-d59048a5ff4f?api-version=2025-04-01-preview" ],
        "X-Rate-Limit-Limit": [ "1m" ],
        "X-Rate-Limit-Remaining": [ "299" ],
        "X-Rate-Limit-Reset": [ "2023-07-28T16:33:55.9042465Z" ],
        "Strict-Transport-Security": [ "max-age=15724800; includeSubDomains" ]
      },
      "ContentHeaders": {
        "Content-Type": [ "application/json; charset=utf-8" ],
        "Content-Length": [ "218" ]
      },
      "Content": "{\n  \"id\": \"/projects/pwshproja68gny/operationStatuses/1386e748-5186-45d8-a02c-d59048a5ff4f\",\n  \"name\": \"1386e748-5186-45d8-a02c-d59048a5ff4f\",\n  \"status\": \"Running\",\n  \"startTime\": \"2023-07-28T16:31:55.1928955+00:00\"\n}",
      "isContentBase64": false
    }
  },
  "Start-AzDevCenterUserDevBox+[NoContext]+StartViaIdentity+$GET+https://003b06c3-d471-4452-9686-9e7f3ca85f0a-pwshdc645vnb.canadacentral.devcenter.azure.com/projects/pwshproja68gny/operationstatuses/1386e748-5186-45d8-a02c-d59048a5ff4f?api-version=2025-04-01-preview\u0026monitor=true+13": {
    "Request": {
      "Method": "GET",
      "RequestUri": "https://003b06c3-d471-4452-9686-9e7f3ca85f0a-pwshdc645vnb.canadacentral.devcenter.azure.com/projects/pwshproja68gny/operationstatuses/1386e748-5186-45d8-a02c-d59048a5ff4f?api-version=2025-04-01-preview\u0026monitor=true",
      "Content": null,
      "isContentBase64": false,
      "Headers": {
        "Authorization": [ "[Filtered]" ],
        "x-ms-unique-id": [ "99" ],
        "x-ms-client-request-id": [ "5292a2fa-354c-4de0-babc-4eab17d0fcab" ],
        "CommandName": [ "Az.DevCenterdata.internal\\Start-AzDevCenterUserDevBox" ],
        "FullCommandName": [ "Start-AzDevCenterUserDevBox_StartViaIdentity" ],
        "ParameterSetName": [ "__AllParameterSets" ],
        "User-Agent": [ "AzurePowershell/v9.4.0", "PSVersion/v7.2.13", "Az.DevCenterdata/0.1.0" ]
      },
      "ContentHeaders": {
      }
    },
    "Response": {
      "StatusCode": 200,
      "Headers": {
        "Date": [ "Fri, 28 Jul 2023 16:33:26 GMT" ],
        "Connection": [ "keep-alive" ],
        "Location": [ "https://003b06c3-d471-4452-9686-9e7f3ca85f0a-pwshdc645vnb.canadacentral.devcenter.azure.com/projects/pwshproja68gny/operationstatuses/1386e748-5186-45d8-a02c-d59048a5ff4f?api-version=2025-04-01-preview\u0026monitor=true" ],
        "Retry-After": [ "30" ],
        "x-ms-correlation-request-id": [ "e51ac04d-b475-4a68-a80c-91516ed95061" ],
        "x-ms-client-request-id": [ "5292a2fa-354c-4de0-babc-4eab17d0fcab" ],
        "Operation-Location": [ "https://003b06c3-d471-4452-9686-9e7f3ca85f0a-pwshdc645vnb.canadacentral.devcenter.azure.com/projects/pwshproja68gny/operationstatuses/1386e748-5186-45d8-a02c-d59048a5ff4f?api-version=2025-04-01-preview" ],
        "X-Rate-Limit-Limit": [ "1m" ],
        "X-Rate-Limit-Remaining": [ "299" ],
        "X-Rate-Limit-Reset": [ "2023-07-28T16:34:26.3319842Z" ],
        "Strict-Transport-Security": [ "max-age=15724800; includeSubDomains" ]
      },
      "ContentHeaders": {
        "Content-Type": [ "application/json; charset=utf-8" ],
        "Content-Length": [ "270" ]
      },
      "Content": "{\n  \"id\": \"/projects/pwshproja68gny/operationStatuses/1386e748-5186-45d8-a02c-d59048a5ff4f\",\n  \"name\": \"1386e748-5186-45d8-a02c-d59048a5ff4f\",\n  \"status\": \"Succeeded\",\n  \"startTime\": \"2023-07-28T16:31:55.1928955+00:00\",\n  \"endTime\": \"2023-07-28T16:33:24.1121715+00:00\"\n}",
      "isContentBase64": false
    }
  },
  "Start-AzDevCenterUserDevBox+[NoContext]+StartViaIdentity+$GET+https://003b06c3-d471-4452-9686-9e7f3ca85f0a-pwshdc645vnb.canadacentral.devcenter.azure.com/projects/pwshproja68gny/operationstatuses/1386e748-5186-45d8-a02c-d59048a5ff4f?api-version=2025-04-01-preview\u0026monitor=true+14": {
    "Request": {
      "Method": "GET",
      "RequestUri": "https://003b06c3-d471-4452-9686-9e7f3ca85f0a-pwshdc645vnb.canadacentral.devcenter.azure.com/projects/pwshproja68gny/operationstatuses/1386e748-5186-45d8-a02c-d59048a5ff4f?api-version=2025-04-01-preview\u0026monitor=true",
      "Content": null,
      "isContentBase64": false,
      "Headers": {
        "Authorization": [ "[Filtered]" ],
        "x-ms-unique-id": [ "100" ],
        "x-ms-client-request-id": [ "5292a2fa-354c-4de0-babc-4eab17d0fcab" ],
        "CommandName": [ "Az.DevCenterdata.internal\\Start-AzDevCenterUserDevBox" ],
        "FullCommandName": [ "Start-AzDevCenterUserDevBox_StartViaIdentity" ],
        "ParameterSetName": [ "__AllParameterSets" ],
        "User-Agent": [ "AzurePowershell/v9.4.0", "PSVersion/v7.2.13", "Az.DevCenterdata/0.1.0" ]
      },
      "ContentHeaders": {
      }
    },
    "Response": {
      "StatusCode": 200,
      "Headers": {
        "Date": [ "Fri, 28 Jul 2023 16:33:26 GMT" ],
        "Connection": [ "close" ],
        "Location": [ "https://003b06c3-d471-4452-9686-9e7f3ca85f0a-pwshdc645vnb.canadacentral.devcenter.azure.com/projects/pwshproja68gny/operationstatuses/1386e748-5186-45d8-a02c-d59048a5ff4f?api-version=2025-04-01-preview\u0026monitor=true" ],
        "Retry-After": [ "30" ],
        "x-ms-correlation-request-id": [ "15e7504a-16b9-415f-afe0-6d15e7329fcc" ],
        "x-ms-client-request-id": [ "5292a2fa-354c-4de0-babc-4eab17d0fcab" ],
        "Operation-Location": [ "https://003b06c3-d471-4452-9686-9e7f3ca85f0a-pwshdc645vnb.canadacentral.devcenter.azure.com/projects/pwshproja68gny/operationstatuses/1386e748-5186-45d8-a02c-d59048a5ff4f?api-version=2025-04-01-preview" ],
        "X-Rate-Limit-Limit": [ "1m" ],
        "X-Rate-Limit-Remaining": [ "299" ],
        "X-Rate-Limit-Reset": [ "2023-07-28T16:34:26.6729785Z" ],
        "Strict-Transport-Security": [ "max-age=15724800; includeSubDomains" ]
      },
      "ContentHeaders": {
        "Content-Type": [ "application/json; charset=utf-8" ],
        "Content-Length": [ "270" ]
      },
      "Content": "{\n  \"id\": \"/projects/pwshproja68gny/operationStatuses/1386e748-5186-45d8-a02c-d59048a5ff4f\",\n  \"name\": \"1386e748-5186-45d8-a02c-d59048a5ff4f\",\n  \"status\": \"Succeeded\",\n  \"startTime\": \"2023-07-28T16:31:55.1928955+00:00\",\n  \"endTime\": \"2023-07-28T16:33:24.1121715+00:00\"\n}",
      "isContentBase64": false
    }
  },
  "Start-AzDevCenterUserDevBox+[NoContext]+StartViaIdentity+$GET+https://003b06c3-d471-4452-9686-9e7f3ca85f0a-pwshdc645vnb.canadacentral.devcenter.azure.com/projects/pwshProja68gny/users/me/devboxes/k607fd?api-version=2025-04-01-preview+15": {
    "Request": {
      "Method": "GET",
      "RequestUri": "https://003b06c3-d471-4452-9686-9e7f3ca85f0a-pwshdc645vnb.canadacentral.devcenter.azure.com/projects/pwshProja68gny/users/me/devboxes/k607fd?api-version=2025-04-01-preview",
      "Content": null,
      "isContentBase64": false,
      "Headers": {
        "x-ms-unique-id": [ "101" ],
        "x-ms-client-request-id": [ "975701d2-b9a1-4570-8f01-84dd8c7f3ee1" ],
        "CommandName": [ "Az.DevCenterdata.internal\\Get-AzDevCenterUserDevBox" ],
        "FullCommandName": [ "Get-AzDevCenterUserDevBox_Get" ],
        "ParameterSetName": [ "__AllParameterSets" ],
        "User-Agent": [ "AzurePowershell/v9.4.0", "PSVersion/v7.2.13", "Az.DevCenterdata/0.1.0" ],
        "Authorization": [ "[Filtered]" ]
      },
      "ContentHeaders": {
      }
    },
    "Response": {
      "StatusCode": 200,
      "Headers": {
        "Date": [ "Fri, 28 Jul 2023 16:33:27 GMT" ],
        "Connection": [ "keep-alive" ],
        "x-ms-correlation-request-id": [ "570b5eab-1a15-40c6-b8db-d948e8ec54d6" ],
        "x-ms-client-request-id": [ "975701d2-b9a1-4570-8f01-84dd8c7f3ee1" ],
        "X-Rate-Limit-Limit": [ "1m" ],
        "X-Rate-Limit-Remaining": [ "298" ],
        "X-Rate-Limit-Reset": [ "2023-07-28T16:33:55.5049165Z" ],
        "Strict-Transport-Security": [ "max-age=15724800; includeSubDomains" ]
      },
      "ContentHeaders": {
        "Content-Type": [ "application/json; charset=utf-8" ],
        "Content-Length": [ "893" ]
      },
      "Content": "{\n  \"name\": \"k607fd\",\n  \"projectName\": \"pwshProja68gny\",\n  \"poolName\": \"nzboe1\",\n  \"hibernateSupport\": \"Enabled\",\n  \"provisioningState\": \"Succeeded\",\n  \"actionState\": \"Started\",\n  \"powerState\": \"Running\",\n  \"uniqueId\": \"38b90907-ddde-4414-89b3-6e5743a041bd\",\n  \"location\": \"canadacentral\",\n  \"osType\": \"Windows\",\n  \"user\": \"c3c951b7-d307-4c40-9495-70bd562d98d5\",\n  \"hardwareProfile\": {\n    \"vCPUs\": 8,\n    \"skuName\": \"general_a_8c32gb1024ssd_v2\",\n    \"memoryGB\": 32\n  },\n  \"storageProfile\": {\n    \"osDisk\": {\n      \"diskSizeGB\": 1024\n    }\n  },\n  \"imageReference\": {\n    \"name\": \"MicrosoftWindowsDesktop_windows-ent-cpc_win11-22h2-ent-cpc-os\",\n    \"version\": \"1.0.0\",\n    \"operatingSystem\": \"Windows11\",\n    \"osBuildNumber\": \"win11-22h2-ent-cpc-os\",\n    \"publishedDate\": \"2022-09-20T00:00:00+00:00\"\n  },\n  \"createdTime\": \"2023-07-28T01:35:00.9817723+00:00\",\n  \"localAdministrator\": \"Enabled\"\n}",
      "isContentBase64": false
    }
  }
}