{
  "Entries": [
    {
      "RequestUri": "/providers/Microsoft.EventGrid/topicTypes?api-version=2018-05-01-preview",
      "EncodedRequestUri": "L3Byb3ZpZGVycy9NaWNyb3NvZnQuRXZlbnRHcmlkL3RvcGljVHlwZXM/YXBpLXZlcnNpb249MjAxOC0wNS0wMS1wcmV2aWV3",
      "RequestMethod": "GET",
      "RequestBody": "",
      "RequestHeaders": {
        "x-ms-client-request-id": [
          "75010ece-f7cc-40ea-954a-c2454ed00481"
        ],
        "accept-language": [
          "en-US"
        ],
        "User-Agent": [
          "FxVersion/4.7.3101.0",
          "OSName/Windows10Enterprise",
          "OSVersion/6.3.17134",
          "Microsoft.Azure.Management.EventGrid.EventGridManagementClient/2.0.0.0"
        ]
      },
      "ResponseBody": "{\r\n  \"value\": [\r\n    {\r\n      \"properties\": {\r\n        \"provider\": \"Microsoft.Eventhub\",\r\n        \"displayName\": \"Event Hubs Namespaces\",\r\n        \"description\": \"Microsoft Event Hubs service events.\",\r\n        \"resourceRegionType\": \"RegionalResource\",\r\n        \"provisioningState\": \"Succeeded\",\r\n        \"supportedLocations\": [\r\n          \"West US 2\",\r\n          \"West Central US\",\r\n          \"East US 2 EUAP\",\r\n          \"East US\",\r\n          \"West US\",\r\n          \"Central US\",\r\n          \"East US 2\",\r\n          \"West Europe\",\r\n          \"North Europe\",\r\n          \"Southeast Asia\",\r\n          \"East Asia\",\r\n          \"Japan East\",\r\n          \"Japan West\",\r\n          \"Australia East\",\r\n          \"Australia Southeast\"\r\n        ]\r\n      },\r\n      \"id\": \"providers/Microsoft.EventGrid/topicTypes/Microsoft.Eventhub.Namespaces\",\r\n      \"name\": \"Microsoft.Eventhub.Namespaces\",\r\n      \"type\": \"Microsoft.EventGrid/topicTypes\"\r\n    },\r\n    {\r\n      \"properties\": {\r\n        \"provider\": \"Microsoft.Storage\",\r\n        \"displayName\": \"Storage Accounts\",\r\n        \"description\": \"Microsoft Storage service events.\",\r\n        \"resourceRegionType\": \"RegionalResource\",\r\n        \"provisioningState\": \"Succeeded\",\r\n        \"supportedLocations\": [\r\n          \"West US 2\",\r\n          \"West Central US\",\r\n          \"East US 2 EUAP\",\r\n          \"East US\",\r\n          \"West US\",\r\n          \"Central US\",\r\n          \"East US 2\",\r\n          \"West Europe\",\r\n          \"North Europe\",\r\n          \"Southeast Asia\",\r\n          \"East Asia\",\r\n          \"Japan East\",\r\n          \"Japan West\",\r\n          \"Australia East\",\r\n          \"Australia Southeast\"\r\n        ]\r\n      },\r\n      \"id\": \"providers/Microsoft.EventGrid/topicTypes/Microsoft.Storage.StorageAccounts\",\r\n      \"name\": \"Microsoft.Storage.StorageAccounts\",\r\n      \"type\": \"Microsoft.EventGrid/topicTypes\"\r\n    },\r\n    {\r\n      \"properties\": {\r\n        \"provider\": \"Microsoft.Resources\",\r\n        \"displayName\": \"Azure Subscriptions\",\r\n        \"description\": \"Resource management events under an Azure subscription\",\r\n        \"resourceRegionType\": \"GlobalResource\",\r\n        \"provisioningState\": \"Succeeded\",\r\n        \"supportedLocations\": []\r\n      },\r\n      \"id\": \"providers/Microsoft.EventGrid/topicTypes/Microsoft.Resources.Subscriptions\",\r\n      \"name\": \"Microsoft.Resources.Subscriptions\",\r\n      \"type\": \"Microsoft.EventGrid/topicTypes\"\r\n    },\r\n    {\r\n      \"properties\": {\r\n        \"provider\": \"Microsoft.Resources\",\r\n        \"displayName\": \"Resource Groups\",\r\n        \"description\": \"Resource management events under a resource group.\",\r\n        \"resourceRegionType\": \"GlobalResource\",\r\n        \"provisioningState\": \"Succeeded\",\r\n        \"supportedLocations\": []\r\n      },\r\n      \"id\": \"providers/Microsoft.EventGrid/topicTypes/Microsoft.Resources.ResourceGroups\",\r\n      \"name\": \"Microsoft.Resources.ResourceGroups\",\r\n      \"type\": \"Microsoft.EventGrid/topicTypes\"\r\n    },\r\n    {\r\n      \"properties\": {\r\n        \"provider\": \"Microsoft.Devices\",\r\n        \"displayName\": \"Azure IoT Hub Accounts\",\r\n        \"description\": \"Azure IoT Hub service events\",\r\n        \"resourceRegionType\": \"RegionalResource\",\r\n        \"provisioningState\": \"Succeeded\",\r\n        \"supportedLocations\": [\r\n          \"West US 2\",\r\n          \"West Central US\",\r\n          \"East US\",\r\n          \"West US\",\r\n          \"Central US\",\r\n          \"East US 2\",\r\n          \"West Europe\",\r\n          \"North Europe\",\r\n          \"Southeast Asia\",\r\n          \"East Asia\"\r\n        ]\r\n      },\r\n      \"id\": \"providers/Microsoft.EventGrid/topicTypes/Microsoft.Devices.IotHubs\",\r\n      \"name\": \"Microsoft.Devices.IotHubs\",\r\n      \"type\": \"Microsoft.EventGrid/topicTypes\"\r\n    },\r\n    {\r\n      \"properties\": {\r\n        \"provider\": \"Microsoft.EventGrid\",\r\n        \"displayName\": \"Event Grid Topics\",\r\n        \"description\": \"Custom events via Event Grid Topics\",\r\n        \"resourceRegionType\": \"RegionalResource\",\r\n        \"provisioningState\": \"Succeeded\",\r\n        \"supportedLocations\": [\r\n          \"West US 2\",\r\n          \"West Central US\",\r\n          \"East US 2 EUAP\",\r\n          \"East US\",\r\n          \"West US\",\r\n          \"Central US\",\r\n          \"East US 2\",\r\n          \"West Europe\",\r\n          \"North Europe\",\r\n          \"Southeast Asia\",\r\n          \"East Asia\",\r\n          \"Japan East\",\r\n          \"Japan West\",\r\n          \"Australia East\",\r\n          \"Australia Southeast\"\r\n        ]\r\n      },\r\n      \"id\": \"providers/Microsoft.EventGrid/topicTypes/Microsoft.EventGrid.Topics\",\r\n      \"name\": \"Microsoft.EventGrid.Topics\",\r\n      \"type\": \"Microsoft.EventGrid/topicTypes\"\r\n    },\r\n    {\r\n      \"properties\": {\r\n        \"provider\": \"Microsoft.ServiceBus\",\r\n        \"displayName\": \"Service Bus Namespaces\",\r\n        \"description\": \"Service Bus events\",\r\n        \"resourceRegionType\": \"RegionalResource\",\r\n        \"provisioningState\": \"Succeeded\",\r\n        \"supportedLocations\": [\r\n          \"West US 2\",\r\n          \"West Central US\",\r\n          \"East US 2 EUAP\",\r\n          \"East US\",\r\n          \"West US\",\r\n          \"Central US\",\r\n          \"East US 2\",\r\n          \"West Europe\",\r\n          \"North Europe\",\r\n          \"Southeast Asia\",\r\n          \"East Asia\",\r\n          \"Japan East\",\r\n          \"Japan West\",\r\n          \"Australia East\",\r\n          \"Australia Southeast\"\r\n        ]\r\n      },\r\n      \"id\": \"providers/Microsoft.EventGrid/topicTypes/Microsoft.ServiceBus.Namespaces\",\r\n      \"name\": \"Microsoft.ServiceBus.Namespaces\",\r\n      \"type\": \"Microsoft.EventGrid/topicTypes\"\r\n    },\r\n    {\r\n      \"properties\": {\r\n        \"provider\": \"Microsoft.Media\",\r\n        \"displayName\": \"Microsoft Azure Media Services\",\r\n        \"description\": \"Microsoft Azure Media Services events\",\r\n        \"resourceRegionType\": \"RegionalResource\",\r\n        \"provisioningState\": \"Succeeded\",\r\n        \"supportedLocations\": [\r\n          \"West US 2\",\r\n          \"West US\",\r\n          \"West Europe\",\r\n          \"West Central US\",\r\n          \"Southeast Asia\",\r\n          \"North Europe\",\r\n          \"East US\",\r\n          \"East US 2\",\r\n          \"Central US\",\r\n          \"East Asia\"\r\n        ]\r\n      },\r\n      \"id\": \"providers/Microsoft.EventGrid/topicTypes/Microsoft.Media.MediaServices\",\r\n      \"name\": \"Microsoft.Media.MediaServices\",\r\n      \"type\": \"Microsoft.EventGrid/topicTypes\"\r\n    }\r\n  ]\r\n}",
      "ResponseHeaders": {
        "Content-Length": [
          "4284"
        ],
        "Content-Type": [
          "application/json; charset=utf-8"
        ],
        "Expires": [
          "-1"
        ],
        "Pragma": [
          "no-cache"
        ],
        "Strict-Transport-Security": [
          "max-age=31536000; includeSubDomains"
        ],
        "x-ms-ratelimit-remaining-tenant-reads": [
          "14996"
        ],
        "x-ms-request-id": [
          "83a5139d-799e-464b-8baa-94fdb1bb97ee"
        ],
        "x-ms-correlation-request-id": [
          "83a5139d-799e-464b-8baa-94fdb1bb97ee"
        ],
        "x-ms-routing-request-id": [
          "WESTUS2:20180518T031359Z:83a5139d-799e-464b-8baa-94fdb1bb97ee"
        ],
        "X-Content-Type-Options": [
          "nosniff"
        ],
        "Cache-Control": [
          "no-cache"
        ],
        "Date": [
          "Fri, 18 May 2018 03:13:58 GMT"
        ],
        "Server": [
          "Microsoft-HTTPAPI/2.0"
        ]
      },
      "StatusCode": 200
    },
    {
      "RequestUri": "/providers/Microsoft.EventGrid/topicTypes/Microsoft.Storage.StorageAccounts?api-version=2018-05-01-preview",
      "EncodedRequestUri": "L3Byb3ZpZGVycy9NaWNyb3NvZnQuRXZlbnRHcmlkL3RvcGljVHlwZXMvTWljcm9zb2Z0LlN0b3JhZ2UuU3RvcmFnZUFjY291bnRzP2FwaS12ZXJzaW9uPTIwMTgtMDUtMDEtcHJldmlldw==",
      "RequestMethod": "GET",
      "RequestBody": "",
      "RequestHeaders": {
        "x-ms-client-request-id": [
          "4c2e0a91-e469-432a-81fa-be5bd007b1b8"
        ],
        "accept-language": [
          "en-US"
        ],
        "User-Agent": [
          "FxVersion/4.7.3101.0",
          "OSName/Windows10Enterprise",
          "OSVersion/6.3.17134",
          "Microsoft.Azure.Management.EventGrid.EventGridManagementClient/2.0.0.0"
        ]
      },
      "ResponseBody": "{\r\n  \"properties\": {\r\n    \"provider\": \"Microsoft.Storage\",\r\n    \"displayName\": \"Storage Accounts\",\r\n    \"description\": \"Microsoft Storage service events.\",\r\n    \"resourceRegionType\": \"RegionalResource\",\r\n    \"provisioningState\": \"Succeeded\",\r\n    \"supportedLocations\": [\r\n      \"West US 2\",\r\n      \"West Central US\",\r\n      \"East US 2 EUAP\",\r\n      \"East US\",\r\n      \"West US\",\r\n      \"Central US\",\r\n      \"East US 2\",\r\n      \"West Europe\",\r\n      \"North Europe\",\r\n      \"Southeast Asia\",\r\n      \"East Asia\",\r\n      \"Japan East\",\r\n      \"Japan West\",\r\n      \"Australia East\",\r\n      \"Australia Southeast\"\r\n    ]\r\n  },\r\n  \"id\": \"providers/Microsoft.EventGrid/topicTypes/Microsoft.Storage.StorageAccounts\",\r\n  \"name\": \"Microsoft.Storage.StorageAccounts\",\r\n  \"type\": \"Microsoft.EventGrid/topicTypes\"\r\n}",
      "ResponseHeaders": {
        "Content-Length": [
          "605"
        ],
        "Content-Type": [
          "application/json; charset=utf-8"
        ],
        "Expires": [
          "-1"
        ],
        "Pragma": [
          "no-cache"
        ],
        "Strict-Transport-Security": [
          "max-age=31536000; includeSubDomains"
        ],
        "x-ms-request-id": [
          "7d12fbb2-dbc6-461a-96b9-002d15b584bd"
        ],
        "x-ms-ratelimit-remaining-tenant-reads": [
          "14995"
        ],
        "x-ms-correlation-request-id": [
          "58c52f4e-6635-4f8d-be15-05371345c1d7"
        ],
        "x-ms-routing-request-id": [
          "WESTUS2:20180518T031359Z:58c52f4e-6635-4f8d-be15-05371345c1d7"
        ],
        "X-Content-Type-Options": [
          "nosniff"
        ],
        "Cache-Control": [
          "no-cache"
        ],
        "Date": [
          "Fri, 18 May 2018 03:13:58 GMT"
        ],
        "Server": [
          "Microsoft-HTTPAPI/2.0"
        ]
      },
      "StatusCode": 200
    },
    {
      "RequestUri": "/providers/Microsoft.EventGrid/topicTypes/Microsoft.Storage.StorageAccounts?api-version=2018-05-01-preview",
      "EncodedRequestUri": "L3Byb3ZpZGVycy9NaWNyb3NvZnQuRXZlbnRHcmlkL3RvcGljVHlwZXMvTWljcm9zb2Z0LlN0b3JhZ2UuU3RvcmFnZUFjY291bnRzP2FwaS12ZXJzaW9uPTIwMTgtMDUtMDEtcHJldmlldw==",
      "RequestMethod": "GET",
      "RequestBody": "",
      "RequestHeaders": {
        "x-ms-client-request-id": [
          "3563aa0b-c237-479f-b7d6-ca2a867ef01d"
        ],
        "accept-language": [
          "en-US"
        ],
        "User-Agent": [
          "FxVersion/4.7.3101.0",
          "OSName/Windows10Enterprise",
          "OSVersion/6.3.17134",
          "Microsoft.Azure.Management.EventGrid.EventGridManagementClient/2.0.0.0"
        ]
      },
      "ResponseBody": "{\r\n  \"properties\": {\r\n    \"provider\": \"Microsoft.Storage\",\r\n    \"displayName\": \"Storage Accounts\",\r\n    \"description\": \"Microsoft Storage service events.\",\r\n    \"resourceRegionType\": \"RegionalResource\",\r\n    \"provisioningState\": \"Succeeded\",\r\n    \"supportedLocations\": [\r\n      \"West US 2\",\r\n      \"West Central US\",\r\n      \"East US 2 EUAP\",\r\n      \"East US\",\r\n      \"West US\",\r\n      \"Central US\",\r\n      \"East US 2\",\r\n      \"West Europe\",\r\n      \"North Europe\",\r\n      \"Southeast Asia\",\r\n      \"East Asia\",\r\n      \"Japan East\",\r\n      \"Japan West\",\r\n      \"Australia East\",\r\n      \"Australia Southeast\"\r\n    ]\r\n  },\r\n  \"id\": \"providers/Microsoft.EventGrid/topicTypes/Microsoft.Storage.StorageAccounts\",\r\n  \"name\": \"Microsoft.Storage.StorageAccounts\",\r\n  \"type\": \"Microsoft.EventGrid/topicTypes\"\r\n}",
      "ResponseHeaders": {
        "Content-Length": [
          "605"
        ],
        "Content-Type": [
          "application/json; charset=utf-8"
        ],
        "Expires": [
          "-1"
        ],
        "Pragma": [
          "no-cache"
        ],
        "Strict-Transport-Security": [
          "max-age=31536000; includeSubDomains"
        ],
        "x-ms-request-id": [
          "72cba208-cc17-4018-89c1-afadc876f4f9"
        ],
        "x-ms-ratelimit-remaining-tenant-reads": [
          "14994"
        ],
        "x-ms-correlation-request-id": [
          "64fe4427-3587-4aaa-b3d3-b3ff34c6e1b1"
        ],
        "x-ms-routing-request-id": [
          "WESTUS2:20180518T031359Z:64fe4427-3587-4aaa-b3d3-b3ff34c6e1b1"
        ],
        "X-Content-Type-Options": [
          "nosniff"
        ],
        "Cache-Control": [
          "no-cache"
        ],
        "Date": [
          "Fri, 18 May 2018 03:13:58 GMT"
        ],
        "Server": [
          "Microsoft-HTTPAPI/2.0"
        ]
      },
      "StatusCode": 200
    },
    {
      "RequestUri": "/providers/Microsoft.EventGrid/topicTypes/Microsoft.Storage.StorageAccounts/eventTypes?api-version=2018-05-01-preview",
      "EncodedRequestUri": "L3Byb3ZpZGVycy9NaWNyb3NvZnQuRXZlbnRHcmlkL3RvcGljVHlwZXMvTWljcm9zb2Z0LlN0b3JhZ2UuU3RvcmFnZUFjY291bnRzL2V2ZW50VHlwZXM/YXBpLXZlcnNpb249MjAxOC0wNS0wMS1wcmV2aWV3",
      "RequestMethod": "GET",
      "RequestBody": "",
      "RequestHeaders": {
        "x-ms-client-request-id": [
          "c9f9c055-ee19-4487-a1da-7e69ea6e7f99"
        ],
        "accept-language": [
          "en-US"
        ],
        "User-Agent": [
          "FxVersion/4.7.3101.0",
          "OSName/Windows10Enterprise",
          "OSVersion/6.3.17134",
          "Microsoft.Azure.Management.EventGrid.EventGridManagementClient/2.0.0.0"
        ]
      },
      "ResponseBody": "{\r\n  \"value\": [\r\n    {\r\n      \"properties\": {\r\n        \"displayName\": \"Blob Created\",\r\n        \"description\": \"Raised when a blob is created.\",\r\n        \"schemaUrl\": \"https://raw.githubusercontent.com/Azure/azure-rest-api-specs/master/specification/eventgrid/data-plane/Microsoft.Storage/stable/2018-01-01/Storage.json\"\r\n      },\r\n      \"id\": \"providers/Microsoft.EventGrid/topicTypes/Microsoft.Storage.StorageAccounts/eventTypes/Microsoft.Storage.BlobCreated\",\r\n      \"name\": \"Microsoft.Storage.BlobCreated\",\r\n      \"type\": \"Microsoft.EventGrid/topicTypes/eventTypes\"\r\n    },\r\n    {\r\n      \"properties\": {\r\n        \"displayName\": \"Blob Deleted\",\r\n        \"description\": \"Raised when a blob is deleted.\",\r\n        \"schemaUrl\": \"https://raw.githubusercontent.com/Azure/azure-rest-api-specs/master/specification/eventgrid/data-plane/Microsoft.Storage/stable/2018-01-01/Storage.json\"\r\n      },\r\n      \"id\": \"providers/Microsoft.EventGrid/topicTypes/Microsoft.Storage.StorageAccounts/eventTypes/Microsoft.Storage.BlobDeleted\",\r\n      \"name\": \"Microsoft.Storage.BlobDeleted\",\r\n      \"type\": \"Microsoft.EventGrid/topicTypes/eventTypes\"\r\n    }\r\n  ]\r\n}",
      "ResponseHeaders": {
        "Content-Length": [
          "955"
        ],
        "Content-Type": [
          "application/json; charset=utf-8"
        ],
        "Expires": [
          "-1"
        ],
        "Pragma": [
          "no-cache"
        ],
        "Strict-Transport-Security": [
          "max-age=31536000; includeSubDomains"
        ],
        "x-ms-request-id": [
          "e4a9c31d-c851-4612-a310-322d57c252b1"
        ],
        "x-ms-ratelimit-remaining-tenant-reads": [
          "14993"
        ],
        "x-ms-correlation-request-id": [
          "35fd5aeb-cf5f-4213-9c42-d9970b783a4b"
        ],
        "x-ms-routing-request-id": [
          "WESTUS2:20180518T031359Z:35fd5aeb-cf5f-4213-9c42-d9970b783a4b"
        ],
        "X-Content-Type-Options": [
          "nosniff"
        ],
        "Cache-Control": [
          "no-cache"
        ],
        "Date": [
          "Fri, 18 May 2018 03:13:58 GMT"
        ],
        "Server": [
          "Microsoft-HTTPAPI/2.0"
        ]
      },
      "StatusCode": 200
    }
  ],
  "Names": {},
  "Variables": {
    "SubscriptionId": "55f3dcd4-cac7-43b4-990b-a139d62a1eb2"
  }
}