{
  "Entries": [
    {
      "RequestUri": "/subscriptions/10438cf7-a794-4c7b-ad4c-5ddc1313ba7d/resourcegroups/ps431?api-version=2016-09-01",
      "EncodedRequestUri": "L3N1YnNjcmlwdGlvbnMvMTA0MzhjZjctYTc5NC00YzdiLWFkNGMtNWRkYzEzMTNiYTdkL3Jlc291cmNlZ3JvdXBzL3BzNDMxP2FwaS12ZXJzaW9uPTIwMTYtMDktMDE=",
      "RequestMethod": "PUT",
      "RequestBody": "{\r\n  \"location\": \"West US\"\r\n}",
      "RequestHeaders": {
        "x-ms-client-request-id": [
          "7706bb30-980f-491f-957a-1a20d33da8de"
        ],
        "Accept-Language": [
          "en-US"
        ],
        "User-Agent": [
          "FxVersion/4.6.27129.04",
          "OSName/Windows",
          "OSVersion/Microsoft.Windows.10.0.17763.",
          "Microsoft.Azure.Management.Internal.Resources.ResourceManagementClient/1.1.14"
        ],
        "Content-Type": [
          "application/json; charset=utf-8"
        ],
        "Content-Length": [
          "29"
        ]
      },
      "ResponseHeaders": {
        "Cache-Control": [
          "no-cache"
        ],
        "Pragma": [
          "no-cache"
        ],
        "x-ms-ratelimit-remaining-subscription-writes": [
          "1199"
        ],
        "x-ms-request-id": [
          "52a9bdfa-3008-4dc6-80c9-43109e3ade95"
        ],
        "x-ms-correlation-request-id": [
          "52a9bdfa-3008-4dc6-80c9-43109e3ade95"
        ],
        "x-ms-routing-request-id": [
          "WESTUS2:20190212T074212Z:52a9bdfa-3008-4dc6-80c9-43109e3ade95"
        ],
        "Strict-Transport-Security": [
          "max-age=31536000; includeSubDomains"
        ],
        "X-Content-Type-Options": [
          "nosniff"
        ],
        "Date": [
          "Tue, 12 Feb 2019 07:42:11 GMT"
        ],
        "Content-Length": [
          "163"
        ],
        "Content-Type": [
          "application/json; charset=utf-8"
        ],
        "Expires": [
          "-1"
        ]
      },
      "ResponseBody": "{\r\n  \"id\": \"/subscriptions/10438cf7-a794-4c7b-ad4c-5ddc1313ba7d/resourceGroups/ps431\",\r\n  \"name\": \"ps431\",\r\n  \"location\": \"westus\",\r\n  \"properties\": {\r\n    \"provisioningState\": \"Succeeded\"\r\n  }\r\n}",
      "StatusCode": 201
    },
    {
      "RequestUri": "/subscriptions/10438cf7-a794-4c7b-ad4c-5ddc1313ba7d/resourceGroups/ps431/providers/Microsoft.MixedReality/spatialAnchorsAccounts?api-version=2019-02-28-preview",
      "EncodedRequestUri": "L3N1YnNjcmlwdGlvbnMvMTA0MzhjZjctYTc5NC00YzdiLWFkNGMtNWRkYzEzMTNiYTdkL3Jlc291cmNlR3JvdXBzL3BzNDMxL3Byb3ZpZGVycy9NaWNyb3NvZnQuTWl4ZWRSZWFsaXR5L3NwYXRpYWxBbmNob3JzQWNjb3VudHM/YXBpLXZlcnNpb249MjAxOS0wMi0yOC1wcmV2aWV3",
      "RequestMethod": "GET",
      "RequestBody": "",
      "RequestHeaders": {
        "x-ms-client-request-id": [
          "4c219306-6a53-453c-8097-e3f2ef892522"
        ],
        "Accept-Language": [
          "en-US"
        ],
        "User-Agent": [
          "FxVersion/4.6.27129.04",
          "OSName/Windows",
          "OSVersion/Microsoft.Windows.10.0.17763.",
          "Microsoft.Azure.Management.MixedReality.MixedRealityClient/0.9.0.preview"
        ]
      },
      "ResponseHeaders": {
        "Cache-Control": [
          "no-cache"
        ],
        "Pragma": [
          "no-cache"
        ],
        "x-ms-ratelimit-remaining-subscription-reads": [
          "11999"
        ],
        "x-ms-request-id": [
          "ee95e569-c5bb-47a2-a527-59afe5bc0566"
        ],
        "x-ms-correlation-request-id": [
          "ee95e569-c5bb-47a2-a527-59afe5bc0566"
        ],
        "x-ms-routing-request-id": [
          "WESTUS2:20190212T074212Z:ee95e569-c5bb-47a2-a527-59afe5bc0566"
        ],
        "Strict-Transport-Security": [
          "max-age=31536000; includeSubDomains"
        ],
        "X-Content-Type-Options": [
          "nosniff"
        ],
        "Date": [
          "Tue, 12 Feb 2019 07:42:12 GMT"
        ],
        "Content-Type": [
          "application/json; charset=utf-8"
        ],
        "Expires": [
          "-1"
        ],
        "Content-Length": [
          "12"
        ]
      },
      "ResponseBody": "{\r\n  \"value\": []\r\n}",
      "StatusCode": 200
    },
    {
      "RequestUri": "/subscriptions/10438cf7-a794-4c7b-ad4c-5ddc1313ba7d/resourceGroups/ps431/providers/Microsoft.MixedReality/spatialAnchorsAccounts?api-version=2019-02-28-preview",
      "EncodedRequestUri": "L3N1YnNjcmlwdGlvbnMvMTA0MzhjZjctYTc5NC00YzdiLWFkNGMtNWRkYzEzMTNiYTdkL3Jlc291cmNlR3JvdXBzL3BzNDMxL3Byb3ZpZGVycy9NaWNyb3NvZnQuTWl4ZWRSZWFsaXR5L3NwYXRpYWxBbmNob3JzQWNjb3VudHM/YXBpLXZlcnNpb249MjAxOS0wMi0yOC1wcmV2aWV3",
      "RequestMethod": "GET",
      "RequestBody": "",
      "RequestHeaders": {
        "x-ms-client-request-id": [
          "24d64798-1f7c-4f8f-9a13-ba1e014440f9"
        ],
        "Accept-Language": [
          "en-US"
        ],
        "User-Agent": [
          "FxVersion/4.6.27129.04",
          "OSName/Windows",
          "OSVersion/Microsoft.Windows.10.0.17763.",
          "Microsoft.Azure.Management.MixedReality.MixedRealityClient/0.9.0.preview"
        ]
      },
      "ResponseHeaders": {
        "Cache-Control": [
          "no-cache"
        ],
        "Pragma": [
          "no-cache"
        ],
        "x-ms-request-id": [
          "frBuGfoKi0m2poLT2SoH9A.0"
        ],
        "x-ms-ratelimit-remaining-subscription-reads": [
          "11998"
        ],
        "x-ms-correlation-request-id": [
          "c619ac10-d130-4fad-9239-88518a392797"
        ],
        "x-ms-routing-request-id": [
          "WESTUS2:20190212T074214Z:c619ac10-d130-4fad-9239-88518a392797"
        ],
        "Strict-Transport-Security": [
          "max-age=31536000; includeSubDomains"
        ],
        "X-Content-Type-Options": [
          "nosniff"
        ],
        "Date": [
          "Tue, 12 Feb 2019 07:42:13 GMT"
        ],
        "Content-Length": [
          "526"
        ],
        "Content-Type": [
          "application/json; charset=utf-8"
        ],
        "Expires": [
          "-1"
        ]
      },
      "ResponseBody": "{\r\n  \"nextLink\": null,\r\n  \"value\": [\r\n    {\r\n      \"id\": \"/subscriptions/10438cf7-a794-4c7b-ad4c-5ddc1313ba7d/resourceGroups/ps431/providers/Microsoft.MixedReality/SpatialAnchorsAccounts/ps5811\",\r\n      \"name\": \"ps5811\",\r\n      \"type\": \"Microsoft.MixedReality/SpatialAnchorsAccounts\",\r\n      \"location\": \"EastUS2\",\r\n      \"plan\": null,\r\n      \"sku\": null,\r\n      \"kind\": null,\r\n      \"tags\": {},\r\n      \"properties\": {\r\n        \"accountDomain\": \"mixedreality.azure.com\",\r\n        \"accountEndpoint\": \"https://mrc-anchor-prod.trafficmanager.net/Accounts/482358eb-4a70-4a85-8ff6-d584a1e50db3/\",\r\n        \"accountId\": \"482358eb-4a70-4a85-8ff6-d584a1e50db3\"\r\n      }\r\n    }\r\n  ]\r\n}",
      "StatusCode": 200
    },
    {
      "RequestUri": "/subscriptions/10438cf7-a794-4c7b-ad4c-5ddc1313ba7d/resourceGroups/ps431/providers/Microsoft.MixedReality/spatialAnchorsAccounts?api-version=2019-02-28-preview",
      "EncodedRequestUri": "L3N1YnNjcmlwdGlvbnMvMTA0MzhjZjctYTc5NC00YzdiLWFkNGMtNWRkYzEzMTNiYTdkL3Jlc291cmNlR3JvdXBzL3BzNDMxL3Byb3ZpZGVycy9NaWNyb3NvZnQuTWl4ZWRSZWFsaXR5L3NwYXRpYWxBbmNob3JzQWNjb3VudHM/YXBpLXZlcnNpb249MjAxOS0wMi0yOC1wcmV2aWV3",
      "RequestMethod": "GET",
      "RequestBody": "",
      "RequestHeaders": {
        "x-ms-client-request-id": [
          "23025720-2638-4d01-a8b2-bc2551a430e6"
        ],
        "Accept-Language": [
          "en-US"
        ],
        "User-Agent": [
          "FxVersion/4.6.27129.04",
          "OSName/Windows",
          "OSVersion/Microsoft.Windows.10.0.17763.",
          "Microsoft.Azure.Management.MixedReality.MixedRealityClient/0.9.0.preview"
        ]
      },
      "ResponseHeaders": {
        "Cache-Control": [
          "no-cache"
        ],
        "Pragma": [
          "no-cache"
        ],
        "x-ms-ratelimit-remaining-subscription-reads": [
          "11996"
        ],
        "x-ms-request-id": [
          "429ad460-dba9-480c-86e4-4787a07ad722"
        ],
        "x-ms-correlation-request-id": [
          "429ad460-dba9-480c-86e4-4787a07ad722"
        ],
        "x-ms-routing-request-id": [
          "WESTUS2:20190212T074215Z:429ad460-dba9-480c-86e4-4787a07ad722"
        ],
        "Strict-Transport-Security": [
          "max-age=31536000; includeSubDomains"
        ],
        "X-Content-Type-Options": [
          "nosniff"
        ],
        "Date": [
          "Tue, 12 Feb 2019 07:42:15 GMT"
        ],
        "Content-Type": [
          "application/json; charset=utf-8"
        ],
        "Expires": [
          "-1"
        ],
        "Content-Length": [
          "12"
        ]
      },
      "ResponseBody": "{\r\n  \"value\": []\r\n}",
      "StatusCode": 200
    },
    {
      "RequestUri": "/subscriptions/10438cf7-a794-4c7b-ad4c-5ddc1313ba7d/resourceGroups/ps431/providers/Microsoft.MixedReality/spatialAnchorsAccounts/ps5811?api-version=2019-02-28-preview",
      "EncodedRequestUri": "L3N1YnNjcmlwdGlvbnMvMTA0MzhjZjctYTc5NC00YzdiLWFkNGMtNWRkYzEzMTNiYTdkL3Jlc291cmNlR3JvdXBzL3BzNDMxL3Byb3ZpZGVycy9NaWNyb3NvZnQuTWl4ZWRSZWFsaXR5L3NwYXRpYWxBbmNob3JzQWNjb3VudHMvcHM1ODExP2FwaS12ZXJzaW9uPTIwMTktMDItMjgtcHJldmlldw==",
      "RequestMethod": "PUT",
      "RequestBody": "{\r\n  \"location\": \"EastUS2\"\r\n}",
      "RequestHeaders": {
        "x-ms-client-request-id": [
          "e166b9d3-9718-42d4-9de5-c00148df4ddc"
        ],
        "Accept-Language": [
          "en-US"
        ],
        "User-Agent": [
          "FxVersion/4.6.27129.04",
          "OSName/Windows",
          "OSVersion/Microsoft.Windows.10.0.17763.",
          "Microsoft.Azure.Management.MixedReality.MixedRealityClient/0.9.0.preview"
        ],
        "Content-Type": [
          "application/json; charset=utf-8"
        ],
        "Content-Length": [
          "29"
        ]
      },
      "ResponseHeaders": {
        "Cache-Control": [
          "no-cache"
        ],
        "Pragma": [
          "no-cache"
        ],
        "Location": [
          "subscriptions/10438cf7-a794-4c7b-ad4c-5ddc1313ba7d/resourceGroups/ps431/providers/Microsoft.MixedReality/SpatialAnchorsAccounts/ps5811"
        ],
        "x-ms-request-id": [
          "ycM0DpRbdkejL3bt2NqoSQ.0"
        ],
        "x-ms-ratelimit-remaining-subscription-writes": [
          "1199"
        ],
        "x-ms-correlation-request-id": [
          "a8c25f9f-5de4-4f1f-9806-f41f8623e169"
        ],
        "x-ms-routing-request-id": [
          "WESTUS2:20190212T074214Z:a8c25f9f-5de4-4f1f-9806-f41f8623e169"
        ],
        "Strict-Transport-Security": [
          "max-age=31536000; includeSubDomains"
        ],
        "X-Content-Type-Options": [
          "nosniff"
        ],
        "Date": [
          "Tue, 12 Feb 2019 07:42:13 GMT"
        ],
        "Content-Length": [
          "498"
        ],
        "Content-Type": [
          "application/json; charset=utf-8"
        ],
        "Expires": [
          "-1"
        ]
      },
      "ResponseBody": "{\r\n  \"id\": \"/subscriptions/10438cf7-a794-4c7b-ad4c-5ddc1313ba7d/resourceGroups/ps431/providers/Microsoft.MixedReality/SpatialAnchorsAccounts/ps5811\",\r\n  \"name\": \"ps5811\",\r\n  \"type\": \"Microsoft.MixedReality/SpatialAnchorsAccounts\",\r\n  \"location\": \"EastUS2\",\r\n  \"plan\": null,\r\n  \"sku\": null,\r\n  \"kind\": null,\r\n  \"tags\": {},\r\n  \"properties\": {\r\n    \"accountDomain\": \"mixedreality.azure.com\",\r\n    \"accountEndpoint\": \"https://mrc-anchor-prod.trafficmanager.net/Accounts/482358eb-4a70-4a85-8ff6-d584a1e50db3/\",\r\n    \"accountId\": \"482358eb-4a70-4a85-8ff6-d584a1e50db3\"\r\n  }\r\n}",
      "StatusCode": 201
    },
    {
      "RequestUri": "/subscriptions/10438cf7-a794-4c7b-ad4c-5ddc1313ba7d/resourceGroups/ps431/providers/Microsoft.MixedReality/spatialAnchorsAccounts/ps5811/keys?api-version=2019-02-28-preview",
      "EncodedRequestUri": "L3N1YnNjcmlwdGlvbnMvMTA0MzhjZjctYTc5NC00YzdiLWFkNGMtNWRkYzEzMTNiYTdkL3Jlc291cmNlR3JvdXBzL3BzNDMxL3Byb3ZpZGVycy9NaWNyb3NvZnQuTWl4ZWRSZWFsaXR5L3NwYXRpYWxBbmNob3JzQWNjb3VudHMvcHM1ODExL2tleXM/YXBpLXZlcnNpb249MjAxOS0wMi0yOC1wcmV2aWV3",
      "RequestMethod": "GET",
      "RequestBody": "",
      "RequestHeaders": {
        "x-ms-client-request-id": [
          "df49e751-9aff-4352-8238-09b35cc3b6ce"
        ],
        "Accept-Language": [
          "en-US"
        ],
        "User-Agent": [
          "FxVersion/4.6.27129.04",
          "OSName/Windows",
          "OSVersion/Microsoft.Windows.10.0.17763.",
          "Microsoft.Azure.Management.MixedReality.MixedRealityClient/0.9.0.preview"
        ]
      },
      "ResponseHeaders": {
        "Cache-Control": [
          "no-cache"
        ],
        "Pragma": [
          "no-cache"
        ],
        "x-ms-request-id": [
          "ft+UFLQiyUyXCRmYCITbLw.0"
        ],
        "x-ms-ratelimit-remaining-subscription-reads": [
          "11997"
        ],
        "x-ms-correlation-request-id": [
          "415701dc-bea0-4a5c-8ba2-53884ca3e777"
        ],
        "x-ms-routing-request-id": [
          "WESTUS2:20190212T074214Z:415701dc-bea0-4a5c-8ba2-53884ca3e777"
        ],
        "Strict-Transport-Security": [
          "max-age=31536000; includeSubDomains"
        ],
        "X-Content-Type-Options": [
          "nosniff"
        ],
        "Date": [
          "Tue, 12 Feb 2019 07:42:14 GMT"
        ],
        "Content-Length": [
          "231"
        ],
        "Content-Type": [
          "application/json; charset=utf-8"
        ],
        "Expires": [
          "-1"
        ]
      },
      "ResponseBody": "{\r\n  \"primaryKey\": \"K7qke4iRebTaOCiGmiX2T6OBTu/w7f++7oO/ilXG6z4=\",\r\n  \"secondaryKey\": \"YCVkrPQcOu4B91adbm35ZOAsM4IIZMXzjVvRPlG0HqE=\",\r\n}", // [SuppressMessage("Microsoft.Security", "CS001:SecretInline", Justification="...")]
      "StatusCode": 200
    },
    {
      "RequestUri": "/subscriptions/10438cf7-a794-4c7b-ad4c-5ddc1313ba7d/resourceGroups/ps431/providers/Microsoft.MixedReality/spatialAnchorsAccounts/ps5811/keys?api-version=2019-02-28-preview",
      "EncodedRequestUri": "L3N1YnNjcmlwdGlvbnMvMTA0MzhjZjctYTc5NC00YzdiLWFkNGMtNWRkYzEzMTNiYTdkL3Jlc291cmNlR3JvdXBzL3BzNDMxL3Byb3ZpZGVycy9NaWNyb3NvZnQuTWl4ZWRSZWFsaXR5L3NwYXRpYWxBbmNob3JzQWNjb3VudHMvcHM1ODExL2tleXM/YXBpLXZlcnNpb249MjAxOS0wMi0yOC1wcmV2aWV3",
      "RequestMethod": "POST",
      "RequestBody": "{\r\n  \"serial\": 1\r\n}",
      "RequestHeaders": {
        "x-ms-client-request-id": [
          "2bec5174-0441-41d6-a583-cea6ea6473d5"
        ],
        "Accept-Language": [
          "en-US"
        ],
        "User-Agent": [
          "FxVersion/4.6.27129.04",
          "OSName/Windows",
          "OSVersion/Microsoft.Windows.10.0.17763.",
          "Microsoft.Azure.Management.MixedReality.MixedRealityClient/0.9.0.preview"
        ],
        "Content-Type": [
          "application/json; charset=utf-8"
        ],
        "Content-Length": [
          "19"
        ]
      },
      "ResponseHeaders": {
        "Cache-Control": [
          "no-cache"
        ],
        "Pragma": [
          "no-cache"
        ],
        "x-ms-request-id": [
          "rYSpR2WpDEeNLg1ZsM/iZA.0"
        ],
        "x-ms-ratelimit-remaining-subscription-writes": [
          "1199"
        ],
        "x-ms-correlation-request-id": [
          "5edbb203-3095-4dc5-be6d-dd0e469d98ef"
        ],
        "x-ms-routing-request-id": [
          "WESTUS2:20190212T074214Z:5edbb203-3095-4dc5-be6d-dd0e469d98ef"
        ],
        "Strict-Transport-Security": [
          "max-age=31536000; includeSubDomains"
        ],
        "X-Content-Type-Options": [
          "nosniff"
        ],
        "Date": [
          "Tue, 12 Feb 2019 07:42:14 GMT"
        ],
        "Content-Length": [
          "231"
        ],
        "Content-Type": [
          "application/json; charset=utf-8"
        ],
        "Expires": [
          "-1"
        ]
      },
      "ResponseBody": "{\r\n  \"primaryKey\": \"bJcdWWkcWxmWXt2alW4MRIJ3G2sZQ39GDLFp7ioImfs=\",\r\n  \"secondaryKey\": \"YCVkrPQcOu4B91adbm35ZOAsM4IIZMXzjVvRPlG0HqE=\",\r\n}", // [SuppressMessage("Microsoft.Security", "CS001:SecretInline", Justification="...")]
      "StatusCode": 200
    },
    {
      "RequestUri": "/subscriptions/10438cf7-a794-4c7b-ad4c-5ddc1313ba7d/resourceGroups/ps431/providers/Microsoft.MixedReality/spatialAnchorsAccounts/ps5811/keys?api-version=2019-02-28-preview",
      "EncodedRequestUri": "L3N1YnNjcmlwdGlvbnMvMTA0MzhjZjctYTc5NC00YzdiLWFkNGMtNWRkYzEzMTNiYTdkL3Jlc291cmNlR3JvdXBzL3BzNDMxL3Byb3ZpZGVycy9NaWNyb3NvZnQuTWl4ZWRSZWFsaXR5L3NwYXRpYWxBbmNob3JzQWNjb3VudHMvcHM1ODExL2tleXM/YXBpLXZlcnNpb249MjAxOS0wMi0yOC1wcmV2aWV3",
      "RequestMethod": "POST",
      "RequestBody": "{\r\n  \"serial\": 2\r\n}",
      "RequestHeaders": {
        "x-ms-client-request-id": [
          "b5627e8b-f57a-430c-a208-f3ef4380f9c3"
        ],
        "Accept-Language": [
          "en-US"
        ],
        "User-Agent": [
          "FxVersion/4.6.27129.04",
          "OSName/Windows",
          "OSVersion/Microsoft.Windows.10.0.17763.",
          "Microsoft.Azure.Management.MixedReality.MixedRealityClient/0.9.0.preview"
        ],
        "Content-Type": [
          "application/json; charset=utf-8"
        ],
        "Content-Length": [
          "19"
        ]
      },
      "ResponseHeaders": {
        "Cache-Control": [
          "no-cache"
        ],
        "Pragma": [
          "no-cache"
        ],
        "x-ms-request-id": [
          "Rp3r8IRsJUu6+nG4xMY9rw.0"
        ],
        "x-ms-ratelimit-remaining-subscription-writes": [
          "1198"
        ],
        "x-ms-correlation-request-id": [
          "06770cde-4b58-4498-90cc-7ab571347f73"
        ],
        "x-ms-routing-request-id": [
          "WESTUS2:20190212T074215Z:06770cde-4b58-4498-90cc-7ab571347f73"
        ],
        "Strict-Transport-Security": [
          "max-age=31536000; includeSubDomains"
        ],
        "X-Content-Type-Options": [
          "nosniff"
        ],
        "Date": [
          "Tue, 12 Feb 2019 07:42:14 GMT"
        ],
        "Content-Length": [
          "231"
        ],
        "Content-Type": [
          "application/json; charset=utf-8"
        ],
        "Expires": [
          "-1"
        ]
      },
      "ResponseBody": "{\r\n  \"primaryKey\": \"bJcdWWkcWxmWXt2alW4MRIJ3G2sZQ39GDLFp7ioImfs=\",\r\n  \"secondaryKey\": \"7nHB1qMyi+SRuTJVlXSP1KNGfqA7vpiGipKKknLF31w=\",\r\n}", // [SuppressMessage("Microsoft.Security", "CS001:SecretInline", Justification="...")]
      "StatusCode": 200
    },
    {
      "RequestUri": "/subscriptions/10438cf7-a794-4c7b-ad4c-5ddc1313ba7d/resourceGroups/ps431/providers/Microsoft.MixedReality/spatialAnchorsAccounts/ps5811?api-version=2019-02-28-preview",
      "EncodedRequestUri": "L3N1YnNjcmlwdGlvbnMvMTA0MzhjZjctYTc5NC00YzdiLWFkNGMtNWRkYzEzMTNiYTdkL3Jlc291cmNlR3JvdXBzL3BzNDMxL3Byb3ZpZGVycy9NaWNyb3NvZnQuTWl4ZWRSZWFsaXR5L3NwYXRpYWxBbmNob3JzQWNjb3VudHMvcHM1ODExP2FwaS12ZXJzaW9uPTIwMTktMDItMjgtcHJldmlldw==",
      "RequestMethod": "DELETE",
      "RequestBody": "",
      "RequestHeaders": {
        "x-ms-client-request-id": [
          "b8a90003-e927-4229-a88e-26ce76eaa1e5"
        ],
        "Accept-Language": [
          "en-US"
        ],
        "User-Agent": [
          "FxVersion/4.6.27129.04",
          "OSName/Windows",
          "OSVersion/Microsoft.Windows.10.0.17763.",
          "Microsoft.Azure.Management.MixedReality.MixedRealityClient/0.9.0.preview"
        ]
      },
      "ResponseHeaders": {
        "Cache-Control": [
          "no-cache"
        ],
        "Pragma": [
          "no-cache"
        ],
        "x-ms-request-id": [
          "F6T7xNSQlEqrqQyFsRpMZA.0"
        ],
        "x-ms-ratelimit-remaining-subscription-deletes": [
          "14999"
        ],
        "x-ms-correlation-request-id": [
          "c3e78655-1862-4026-a821-70ab5e92e254"
        ],
        "x-ms-routing-request-id": [
          "WESTUS2:20190212T074215Z:c3e78655-1862-4026-a821-70ab5e92e254"
        ],
        "Strict-Transport-Security": [
          "max-age=31536000; includeSubDomains"
        ],
        "X-Content-Type-Options": [
          "nosniff"
        ],
        "Date": [
          "Tue, 12 Feb 2019 07:42:15 GMT"
        ],
        "Expires": [
          "-1"
        ],
        "Content-Length": [
          "0"
        ]
      },
      "ResponseBody": "",
      "StatusCode": 200
    },
    {
      "RequestUri": "/subscriptions/10438cf7-a794-4c7b-ad4c-5ddc1313ba7d/resourcegroups/ps431?api-version=2016-09-01",
      "EncodedRequestUri": "L3N1YnNjcmlwdGlvbnMvMTA0MzhjZjctYTc5NC00YzdiLWFkNGMtNWRkYzEzMTNiYTdkL3Jlc291cmNlZ3JvdXBzL3BzNDMxP2FwaS12ZXJzaW9uPTIwMTYtMDktMDE=",
      "RequestMethod": "DELETE",
      "RequestBody": "",
      "RequestHeaders": {
        "x-ms-client-request-id": [
          "41f437a7-2e2c-4148-b32f-074e386eed9b"
        ],
        "Accept-Language": [
          "en-US"
        ],
        "User-Agent": [
          "FxVersion/4.6.27129.04",
          "OSName/Windows",
          "OSVersion/Microsoft.Windows.10.0.17763.",
          "Microsoft.Azure.Management.Internal.Resources.ResourceManagementClient/1.1.14"
        ]
      },
      "ResponseHeaders": {
        "Cache-Control": [
          "no-cache"
        ],
        "Pragma": [
          "no-cache"
        ],
        "Location": [
          "https://management.azure.com/subscriptions/10438cf7-a794-4c7b-ad4c-5ddc1313ba7d/operationresults/eyJqb2JJZCI6IlJFU09VUkNFR1JPVVBERUxFVElPTkpPQi1QUzQzMS1XRVNUVVMiLCJqb2JMb2NhdGlvbiI6Indlc3R1cyJ9?api-version=2016-09-01"
        ],
        "Retry-After": [
          "15"
        ],
        "x-ms-ratelimit-remaining-subscription-deletes": [
          "14999"
        ],
        "x-ms-request-id": [
          "444681ac-540d-4f29-9473-3d6dbb7dc5cd"
        ],
        "x-ms-correlation-request-id": [
          "444681ac-540d-4f29-9473-3d6dbb7dc5cd"
        ],
        "x-ms-routing-request-id": [
          "WESTUS2:20190212T074216Z:444681ac-540d-4f29-9473-3d6dbb7dc5cd"
        ],
        "Strict-Transport-Security": [
          "max-age=31536000; includeSubDomains"
        ],
        "X-Content-Type-Options": [
          "nosniff"
        ],
        "Date": [
          "Tue, 12 Feb 2019 07:42:15 GMT"
        ],
        "Expires": [
          "-1"
        ],
        "Content-Length": [
          "0"
        ]
      },
      "ResponseBody": "",
      "StatusCode": 202
    },
    {
      "RequestUri": "/subscriptions/10438cf7-a794-4c7b-ad4c-5ddc1313ba7d/operationresults/eyJqb2JJZCI6IlJFU09VUkNFR1JPVVBERUxFVElPTkpPQi1QUzQzMS1XRVNUVVMiLCJqb2JMb2NhdGlvbiI6Indlc3R1cyJ9?api-version=2016-09-01",
      "EncodedRequestUri": "L3N1YnNjcmlwdGlvbnMvMTA0MzhjZjctYTc5NC00YzdiLWFkNGMtNWRkYzEzMTNiYTdkL29wZXJhdGlvbnJlc3VsdHMvZXlKcWIySkpaQ0k2SWxKRlUwOVZVa05GUjFKUFZWQkVSVXhGVkVsUFRrcFBRaTFRVXpRek1TMVhSVk5VVlZNaUxDSnFiMkpNYjJOaGRHbHZiaUk2SW5kbGMzUjFjeUo5P2FwaS12ZXJzaW9uPTIwMTYtMDktMDE=",
      "RequestMethod": "GET",
      "RequestBody": "",
      "RequestHeaders": {
        "User-Agent": [
          "FxVersion/4.6.27129.04",
          "OSName/Windows",
          "OSVersion/Microsoft.Windows.10.0.17763.",
          "Microsoft.Azure.Management.Internal.Resources.ResourceManagementClient/1.1.14"
        ]
      },
      "ResponseHeaders": {
        "Cache-Control": [
          "no-cache"
        ],
        "Pragma": [
          "no-cache"
        ],
        "Location": [
          "https://management.azure.com/subscriptions/10438cf7-a794-4c7b-ad4c-5ddc1313ba7d/operationresults/eyJqb2JJZCI6IlJFU09VUkNFR1JPVVBERUxFVElPTkpPQi1QUzQzMS1XRVNUVVMiLCJqb2JMb2NhdGlvbiI6Indlc3R1cyJ9?api-version=2016-09-01"
        ],
        "Retry-After": [
          "15"
        ],
        "x-ms-ratelimit-remaining-subscription-reads": [
          "11999"
        ],
        "x-ms-request-id": [
          "79800057-947f-4de5-a33c-75fedd80ee7f"
        ],
        "x-ms-correlation-request-id": [
          "79800057-947f-4de5-a33c-75fedd80ee7f"
        ],
        "x-ms-routing-request-id": [
          "WESTUS2:20190212T074231Z:79800057-947f-4de5-a33c-75fedd80ee7f"
        ],
        "Strict-Transport-Security": [
          "max-age=31536000; includeSubDomains"
        ],
        "X-Content-Type-Options": [
          "nosniff"
        ],
        "Date": [
          "Tue, 12 Feb 2019 07:42:31 GMT"
        ],
        "Expires": [
          "-1"
        ],
        "Content-Length": [
          "0"
        ]
      },
      "ResponseBody": "",
      "StatusCode": 202
    },
    {
      "RequestUri": "/subscriptions/10438cf7-a794-4c7b-ad4c-5ddc1313ba7d/operationresults/eyJqb2JJZCI6IlJFU09VUkNFR1JPVVBERUxFVElPTkpPQi1QUzQzMS1XRVNUVVMiLCJqb2JMb2NhdGlvbiI6Indlc3R1cyJ9?api-version=2016-09-01",
      "EncodedRequestUri": "L3N1YnNjcmlwdGlvbnMvMTA0MzhjZjctYTc5NC00YzdiLWFkNGMtNWRkYzEzMTNiYTdkL29wZXJhdGlvbnJlc3VsdHMvZXlKcWIySkpaQ0k2SWxKRlUwOVZVa05GUjFKUFZWQkVSVXhGVkVsUFRrcFBRaTFRVXpRek1TMVhSVk5VVlZNaUxDSnFiMkpNYjJOaGRHbHZiaUk2SW5kbGMzUjFjeUo5P2FwaS12ZXJzaW9uPTIwMTYtMDktMDE=",
      "RequestMethod": "GET",
      "RequestBody": "",
      "RequestHeaders": {
        "User-Agent": [
          "FxVersion/4.6.27129.04",
          "OSName/Windows",
          "OSVersion/Microsoft.Windows.10.0.17763.",
          "Microsoft.Azure.Management.Internal.Resources.ResourceManagementClient/1.1.14"
        ]
      },
      "ResponseHeaders": {
        "Cache-Control": [
          "no-cache"
        ],
        "Pragma": [
          "no-cache"
        ],
        "Location": [
          "https://management.azure.com/subscriptions/10438cf7-a794-4c7b-ad4c-5ddc1313ba7d/operationresults/eyJqb2JJZCI6IlJFU09VUkNFR1JPVVBERUxFVElPTkpPQi1QUzQzMS1XRVNUVVMiLCJqb2JMb2NhdGlvbiI6Indlc3R1cyJ9?api-version=2016-09-01"
        ],
        "Retry-After": [
          "15"
        ],
        "x-ms-ratelimit-remaining-subscription-reads": [
          "11998"
        ],
        "x-ms-request-id": [
          "9b970b87-6833-4e8e-814a-4a06dee5d995"
        ],
        "x-ms-correlation-request-id": [
          "9b970b87-6833-4e8e-814a-4a06dee5d995"
        ],
        "x-ms-routing-request-id": [
          "WESTUS2:20190212T074246Z:9b970b87-6833-4e8e-814a-4a06dee5d995"
        ],
        "Strict-Transport-Security": [
          "max-age=31536000; includeSubDomains"
        ],
        "X-Content-Type-Options": [
          "nosniff"
        ],
        "Date": [
          "Tue, 12 Feb 2019 07:42:45 GMT"
        ],
        "Expires": [
          "-1"
        ],
        "Content-Length": [
          "0"
        ]
      },
      "ResponseBody": "",
      "StatusCode": 202
    },
    {
      "RequestUri": "/subscriptions/10438cf7-a794-4c7b-ad4c-5ddc1313ba7d/operationresults/eyJqb2JJZCI6IlJFU09VUkNFR1JPVVBERUxFVElPTkpPQi1QUzQzMS1XRVNUVVMiLCJqb2JMb2NhdGlvbiI6Indlc3R1cyJ9?api-version=2016-09-01",
      "EncodedRequestUri": "L3N1YnNjcmlwdGlvbnMvMTA0MzhjZjctYTc5NC00YzdiLWFkNGMtNWRkYzEzMTNiYTdkL29wZXJhdGlvbnJlc3VsdHMvZXlKcWIySkpaQ0k2SWxKRlUwOVZVa05GUjFKUFZWQkVSVXhGVkVsUFRrcFBRaTFRVXpRek1TMVhSVk5VVlZNaUxDSnFiMkpNYjJOaGRHbHZiaUk2SW5kbGMzUjFjeUo5P2FwaS12ZXJzaW9uPTIwMTYtMDktMDE=",
      "RequestMethod": "GET",
      "RequestBody": "",
      "RequestHeaders": {
        "User-Agent": [
          "FxVersion/4.6.27129.04",
          "OSName/Windows",
          "OSVersion/Microsoft.Windows.10.0.17763.",
          "Microsoft.Azure.Management.Internal.Resources.ResourceManagementClient/1.1.14"
        ]
      },
      "ResponseHeaders": {
        "Cache-Control": [
          "no-cache"
        ],
        "Pragma": [
          "no-cache"
        ],
        "x-ms-ratelimit-remaining-subscription-reads": [
          "11997"
        ],
        "x-ms-request-id": [
          "8717c4d5-97f8-43c4-873f-d06fa72ae6bf"
        ],
        "x-ms-correlation-request-id": [
          "8717c4d5-97f8-43c4-873f-d06fa72ae6bf"
        ],
        "x-ms-routing-request-id": [
          "WESTUS2:20190212T074301Z:8717c4d5-97f8-43c4-873f-d06fa72ae6bf"
        ],
        "Strict-Transport-Security": [
          "max-age=31536000; includeSubDomains"
        ],
        "X-Content-Type-Options": [
          "nosniff"
        ],
        "Date": [
          "Tue, 12 Feb 2019 07:43:00 GMT"
        ],
        "Expires": [
          "-1"
        ],
        "Content-Length": [
          "0"
        ]
      },
      "ResponseBody": "",
      "StatusCode": 200
    },
    {
      "RequestUri": "/subscriptions/10438cf7-a794-4c7b-ad4c-5ddc1313ba7d/operationresults/eyJqb2JJZCI6IlJFU09VUkNFR1JPVVBERUxFVElPTkpPQi1QUzQzMS1XRVNUVVMiLCJqb2JMb2NhdGlvbiI6Indlc3R1cyJ9?api-version=2016-09-01",
      "EncodedRequestUri": "L3N1YnNjcmlwdGlvbnMvMTA0MzhjZjctYTc5NC00YzdiLWFkNGMtNWRkYzEzMTNiYTdkL29wZXJhdGlvbnJlc3VsdHMvZXlKcWIySkpaQ0k2SWxKRlUwOVZVa05GUjFKUFZWQkVSVXhGVkVsUFRrcFBRaTFRVXpRek1TMVhSVk5VVlZNaUxDSnFiMkpNYjJOaGRHbHZiaUk2SW5kbGMzUjFjeUo5P2FwaS12ZXJzaW9uPTIwMTYtMDktMDE=",
      "RequestMethod": "GET",
      "RequestBody": "",
      "RequestHeaders": {
        "User-Agent": [
          "FxVersion/4.6.27129.04",
          "OSName/Windows",
          "OSVersion/Microsoft.Windows.10.0.17763.",
          "Microsoft.Azure.Management.Internal.Resources.ResourceManagementClient/1.1.14"
        ]
      },
      "ResponseHeaders": {
        "Cache-Control": [
          "no-cache"
        ],
        "Pragma": [
          "no-cache"
        ],
        "x-ms-ratelimit-remaining-subscription-reads": [
          "11996"
        ],
        "x-ms-request-id": [
          "e9d8608a-4992-4b30-a151-8218d9313bdd"
        ],
        "x-ms-correlation-request-id": [
          "e9d8608a-4992-4b30-a151-8218d9313bdd"
        ],
        "x-ms-routing-request-id": [
          "WESTUS2:20190212T074301Z:e9d8608a-4992-4b30-a151-8218d9313bdd"
        ],
        "Strict-Transport-Security": [
          "max-age=31536000; includeSubDomains"
        ],
        "X-Content-Type-Options": [
          "nosniff"
        ],
        "Date": [
          "Tue, 12 Feb 2019 07:43:00 GMT"
        ],
        "Expires": [
          "-1"
        ],
        "Content-Length": [
          "0"
        ]
      },
      "ResponseBody": "",
      "StatusCode": 200
    }
  ],
  "Names": {
    "Test-ListSpatialAnchorsAccounts": [
      "ps431",
      "ps5811"
    ]
  },
  "Variables": {
    "SubscriptionId": "10438cf7-a794-4c7b-ad4c-5ddc1313ba7d"
  }
}