{
  "Entries": [
    {
      "RequestUri": "/subscriptions/10438cf7-a794-4c7b-ad4c-5ddc1313ba7d/resourcegroups/ps7177?api-version=2016-09-01",
      "EncodedRequestUri": "L3N1YnNjcmlwdGlvbnMvMTA0MzhjZjctYTc5NC00YzdiLWFkNGMtNWRkYzEzMTNiYTdkL3Jlc291cmNlZ3JvdXBzL3BzNzE3Nz9hcGktdmVyc2lvbj0yMDE2LTA5LTAx",
      "RequestMethod": "PUT",
      "RequestBody": "{\r\n  \"location\": \"West US\"\r\n}",
      "RequestHeaders": {
        "x-ms-client-request-id": [
          "b2558656-e2b7-477e-97b9-0df80a952e4c"
        ],
        "Accept-Language": [
          "en-US"
        ],
        "User-Agent": [
          "FxVersion/4.6.28207.03",
          "OSName/Windows",
          "OSVersion/Microsoft.Windows.10.0.18363.",
          "Microsoft.Azure.Management.Internal.Resources.ResourceManagementClient/1.3.13"
        ],
        "Content-Type": [
          "application/json; charset=utf-8"
        ],
        "Content-Length": [
          "29"
        ]
      },
      "ResponseHeaders": {
        "Cache-Control": [
          "no-cache"
        ],
        "Pragma": [
          "no-cache"
        ],
        "x-ms-ratelimit-remaining-subscription-writes": [
          "1199"
        ],
        "x-ms-request-id": [
          "46a090b3-48db-47a4-9cff-47a238076397"
        ],
        "x-ms-correlation-request-id": [
          "46a090b3-48db-47a4-9cff-47a238076397"
        ],
        "x-ms-routing-request-id": [
          "WESTUS:20200521T101016Z:46a090b3-48db-47a4-9cff-47a238076397"
        ],
        "Strict-Transport-Security": [
          "max-age=31536000; includeSubDomains"
        ],
        "X-Content-Type-Options": [
          "nosniff"
        ],
        "Date": [
          "Thu, 21 May 2020 10:10:16 GMT"
        ],
        "Content-Length": [
          "165"
        ],
        "Content-Type": [
          "application/json; charset=utf-8"
        ],
        "Expires": [
          "-1"
        ]
      },
      "ResponseBody": "{\r\n  \"id\": \"/subscriptions/10438cf7-a794-4c7b-ad4c-5ddc1313ba7d/resourceGroups/ps7177\",\r\n  \"name\": \"ps7177\",\r\n  \"location\": \"westus\",\r\n  \"properties\": {\r\n    \"provisioningState\": \"Succeeded\"\r\n  }\r\n}",
      "StatusCode": 201
    },
    {
      "RequestUri": "/subscriptions/10438cf7-a794-4c7b-ad4c-5ddc1313ba7d/resourceGroups/ps7177/providers/Microsoft.MixedReality/spatialAnchorsAccounts?api-version=2020-05-01",
      "EncodedRequestUri": "L3N1YnNjcmlwdGlvbnMvMTA0MzhjZjctYTc5NC00YzdiLWFkNGMtNWRkYzEzMTNiYTdkL3Jlc291cmNlR3JvdXBzL3BzNzE3Ny9wcm92aWRlcnMvTWljcm9zb2Z0Lk1peGVkUmVhbGl0eS9zcGF0aWFsQW5jaG9yc0FjY291bnRzP2FwaS12ZXJzaW9uPTIwMjAtMDUtMDE=",
      "RequestMethod": "GET",
      "RequestBody": "",
      "RequestHeaders": {
        "x-ms-client-request-id": [
          "95b4cdf9-0c5a-4cfc-b78c-8e4350a99501"
        ],
        "Accept-Language": [
          "en-US"
        ],
        "User-Agent": [
          "FxVersion/4.6.28207.03",
          "OSName/Windows",
          "OSVersion/Microsoft.Windows.10.0.18363.",
          "Microsoft.Azure.Management.MixedReality.MixedRealityClient/1.0.0.0"
        ]
      },
      "ResponseHeaders": {
        "Cache-Control": [
          "no-cache"
        ],
        "Pragma": [
          "no-cache"
        ],
        "x-ms-ratelimit-remaining-subscription-reads": [
          "11999"
        ],
        "x-ms-request-id": [
          "2b2b103f-6c6a-4f02-82cc-c001cfda077b"
        ],
        "x-ms-correlation-request-id": [
          "2b2b103f-6c6a-4f02-82cc-c001cfda077b"
        ],
        "x-ms-routing-request-id": [
          "WESTUS:20200521T101016Z:2b2b103f-6c6a-4f02-82cc-c001cfda077b"
        ],
        "Strict-Transport-Security": [
          "max-age=31536000; includeSubDomains"
        ],
        "X-Content-Type-Options": [
          "nosniff"
        ],
        "Date": [
          "Thu, 21 May 2020 10:10:16 GMT"
        ],
        "Content-Type": [
          "application/json; charset=utf-8"
        ],
        "Expires": [
          "-1"
        ],
        "Content-Length": [
          "12"
        ]
      },
      "ResponseBody": "{\r\n  \"value\": []\r\n}",
      "StatusCode": 200
    },
    {
      "RequestUri": "/subscriptions/10438cf7-a794-4c7b-ad4c-5ddc1313ba7d/resourceGroups/ps7177/providers/Microsoft.MixedReality/spatialAnchorsAccounts?api-version=2020-05-01",
      "EncodedRequestUri": "L3N1YnNjcmlwdGlvbnMvMTA0MzhjZjctYTc5NC00YzdiLWFkNGMtNWRkYzEzMTNiYTdkL3Jlc291cmNlR3JvdXBzL3BzNzE3Ny9wcm92aWRlcnMvTWljcm9zb2Z0Lk1peGVkUmVhbGl0eS9zcGF0aWFsQW5jaG9yc0FjY291bnRzP2FwaS12ZXJzaW9uPTIwMjAtMDUtMDE=",
      "RequestMethod": "GET",
      "RequestBody": "",
      "RequestHeaders": {
        "x-ms-client-request-id": [
          "311e85c8-4010-4c21-b7a8-a7459cd0d566"
        ],
        "Accept-Language": [
          "en-US"
        ],
        "User-Agent": [
          "FxVersion/4.6.28207.03",
          "OSName/Windows",
          "OSVersion/Microsoft.Windows.10.0.18363.",
          "Microsoft.Azure.Management.MixedReality.MixedRealityClient/1.0.0.0"
        ]
      },
      "ResponseHeaders": {
        "Cache-Control": [
          "no-cache"
        ],
        "Pragma": [
          "no-cache"
        ],
        "MS-CV": [
          "/+uR4ob0iU6K8YaENvxtxw.0"
        ],
        "X-Content-Type-Options": [
          "nosniff"
        ],
        "x-ms-ratelimit-remaining-subscription-reads": [
          "11998"
        ],
        "x-ms-request-id": [
          "84d20ee0-0b2c-4899-9c3d-6eaaea284962"
        ],
        "x-ms-correlation-request-id": [
          "84d20ee0-0b2c-4899-9c3d-6eaaea284962"
        ],
        "x-ms-routing-request-id": [
          "WESTUS:20200521T101018Z:84d20ee0-0b2c-4899-9c3d-6eaaea284962"
        ],
        "Strict-Transport-Security": [
          "max-age=31536000; includeSubDomains"
        ],
        "Date": [
          "Thu, 21 May 2020 10:10:18 GMT"
        ],
        "Content-Length": [
          "431"
        ],
        "Content-Type": [
          "application/json; charset=utf-8"
        ],
        "Expires": [
          "-1"
        ]
      },
      "ResponseBody": "{\r\n  \"nextLink\": null,\r\n  \"value\": [\r\n    {\r\n      \"id\": \"/subscriptions/10438cf7-a794-4c7b-ad4c-5ddc1313ba7d/resourceGroups/ps7177/providers/Microsoft.MixedReality/spatialAnchorsAccounts/ps995\",\r\n      \"name\": \"ps995\",\r\n      \"type\": \"Microsoft.MixedReality/spatialAnchorsAccounts\",\r\n      \"identity\": null,\r\n      \"location\": \"EastUS2\",\r\n      \"plan\": null,\r\n      \"sku\": null,\r\n      \"kind\": null,\r\n      \"tags\": {},\r\n      \"properties\": {\r\n        \"accountDomain\": \"mixedreality.azure.com\",\r\n        \"accountId\": \"46cebe07-7a7a-4c16-bd65-72b52c8a4d22\"\r\n      }\r\n    }\r\n  ]\r\n}",
      "StatusCode": 200
    },
    {
      "RequestUri": "/subscriptions/10438cf7-a794-4c7b-ad4c-5ddc1313ba7d/resourceGroups/ps7177/providers/Microsoft.MixedReality/spatialAnchorsAccounts?api-version=2020-05-01",
      "EncodedRequestUri": "L3N1YnNjcmlwdGlvbnMvMTA0MzhjZjctYTc5NC00YzdiLWFkNGMtNWRkYzEzMTNiYTdkL3Jlc291cmNlR3JvdXBzL3BzNzE3Ny9wcm92aWRlcnMvTWljcm9zb2Z0Lk1peGVkUmVhbGl0eS9zcGF0aWFsQW5jaG9yc0FjY291bnRzP2FwaS12ZXJzaW9uPTIwMjAtMDUtMDE=",
      "RequestMethod": "GET",
      "RequestBody": "",
      "RequestHeaders": {
        "x-ms-client-request-id": [
          "f80165b5-c8cc-4ce4-9b08-02757a1221ef"
        ],
        "Accept-Language": [
          "en-US"
        ],
        "User-Agent": [
          "FxVersion/4.6.28207.03",
          "OSName/Windows",
          "OSVersion/Microsoft.Windows.10.0.18363.",
          "Microsoft.Azure.Management.MixedReality.MixedRealityClient/1.0.0.0"
        ]
      },
      "ResponseHeaders": {
        "Cache-Control": [
          "no-cache"
        ],
        "Pragma": [
          "no-cache"
        ],
        "x-ms-ratelimit-remaining-subscription-reads": [
          "11997"
        ],
        "x-ms-request-id": [
          "9f491101-723a-4a25-a2ea-f06f3e3c12f6"
        ],
        "x-ms-correlation-request-id": [
          "9f491101-723a-4a25-a2ea-f06f3e3c12f6"
        ],
        "x-ms-routing-request-id": [
          "WESTUS:20200521T101020Z:9f491101-723a-4a25-a2ea-f06f3e3c12f6"
        ],
        "Strict-Transport-Security": [
          "max-age=31536000; includeSubDomains"
        ],
        "X-Content-Type-Options": [
          "nosniff"
        ],
        "Date": [
          "Thu, 21 May 2020 10:10:20 GMT"
        ],
        "Content-Type": [
          "application/json; charset=utf-8"
        ],
        "Expires": [
          "-1"
        ],
        "Content-Length": [
          "12"
        ]
      },
      "ResponseBody": "{\r\n  \"value\": []\r\n}",
      "StatusCode": 200
    },
    {
      "RequestUri": "/subscriptions/10438cf7-a794-4c7b-ad4c-5ddc1313ba7d/resourceGroups/ps7177/providers/Microsoft.MixedReality/spatialAnchorsAccounts/ps995?api-version=2020-05-01",
      "EncodedRequestUri": "L3N1YnNjcmlwdGlvbnMvMTA0MzhjZjctYTc5NC00YzdiLWFkNGMtNWRkYzEzMTNiYTdkL3Jlc291cmNlR3JvdXBzL3BzNzE3Ny9wcm92aWRlcnMvTWljcm9zb2Z0Lk1peGVkUmVhbGl0eS9zcGF0aWFsQW5jaG9yc0FjY291bnRzL3BzOTk1P2FwaS12ZXJzaW9uPTIwMjAtMDUtMDE=",
      "RequestMethod": "PUT",
      "RequestBody": "{\r\n  \"location\": \"EastUS2\"\r\n}",
      "RequestHeaders": {
        "x-ms-client-request-id": [
          "ac090d05-9517-45e2-9d7d-f6689306425a"
        ],
        "Accept-Language": [
          "en-US"
        ],
        "User-Agent": [
          "FxVersion/4.6.28207.03",
          "OSName/Windows",
          "OSVersion/Microsoft.Windows.10.0.18363.",
          "Microsoft.Azure.Management.MixedReality.MixedRealityClient/1.0.0.0"
        ],
        "Content-Type": [
          "application/json; charset=utf-8"
        ],
        "Content-Length": [
          "29"
        ]
      },
      "ResponseHeaders": {
        "Cache-Control": [
          "no-cache"
        ],
        "Pragma": [
          "no-cache"
        ],
        "Location": [
          "subscriptions/10438cf7-a794-4c7b-ad4c-5ddc1313ba7d/resourceGroups/ps7177/providers/Microsoft.MixedReality/spatialAnchorsAccounts/ps995"
        ],
        "MS-CV": [
          "yURaiaMVXEWdKL38A4omUQ.0"
        ],
        "X-Content-Type-Options": [
          "nosniff"
        ],
        "x-ms-ratelimit-remaining-subscription-writes": [
          "1199"
        ],
        "x-ms-request-id": [
          "c1a987a7-b573-4890-aff5-1f272b719e8a"
        ],
        "x-ms-correlation-request-id": [
          "c1a987a7-b573-4890-aff5-1f272b719e8a"
        ],
        "x-ms-routing-request-id": [
          "WESTUS:20200521T101018Z:c1a987a7-b573-4890-aff5-1f272b719e8a"
        ],
        "Strict-Transport-Security": [
          "max-age=31536000; includeSubDomains"
        ],
        "Date": [
          "Thu, 21 May 2020 10:10:18 GMT"
        ],
        "Content-Length": [
          "403"
        ],
        "Content-Type": [
          "application/json; charset=utf-8"
        ],
        "Expires": [
          "-1"
        ]
      },
      "ResponseBody": "{\r\n  \"id\": \"/subscriptions/10438cf7-a794-4c7b-ad4c-5ddc1313ba7d/resourceGroups/ps7177/providers/Microsoft.MixedReality/spatialAnchorsAccounts/ps995\",\r\n  \"name\": \"ps995\",\r\n  \"type\": \"Microsoft.MixedReality/spatialAnchorsAccounts\",\r\n  \"identity\": null,\r\n  \"location\": \"EastUS2\",\r\n  \"plan\": null,\r\n  \"sku\": null,\r\n  \"kind\": null,\r\n  \"tags\": {},\r\n  \"properties\": {\r\n    \"accountDomain\": \"mixedreality.azure.com\",\r\n    \"accountId\": \"46cebe07-7a7a-4c16-bd65-72b52c8a4d22\"\r\n  }\r\n}",
      "StatusCode": 201
    },
    {
      "RequestUri": "/subscriptions/10438cf7-a794-4c7b-ad4c-5ddc1313ba7d/resourceGroups/ps7177/providers/Microsoft.MixedReality/spatialAnchorsAccounts/ps995/listKeys?api-version=2020-05-01",
      "EncodedRequestUri": "L3N1YnNjcmlwdGlvbnMvMTA0MzhjZjctYTc5NC00YzdiLWFkNGMtNWRkYzEzMTNiYTdkL3Jlc291cmNlR3JvdXBzL3BzNzE3Ny9wcm92aWRlcnMvTWljcm9zb2Z0Lk1peGVkUmVhbGl0eS9zcGF0aWFsQW5jaG9yc0FjY291bnRzL3BzOTk1L2xpc3RLZXlzP2FwaS12ZXJzaW9uPTIwMjAtMDUtMDE=",
      "RequestMethod": "POST",
      "RequestBody": "",
      "RequestHeaders": {
        "x-ms-client-request-id": [
          "082c42ad-0f75-445a-8ff1-946e3f3d2327"
        ],
        "Accept-Language": [
          "en-US"
        ],
        "User-Agent": [
          "FxVersion/4.6.28207.03",
          "OSName/Windows",
          "OSVersion/Microsoft.Windows.10.0.18363.",
          "Microsoft.Azure.Management.MixedReality.MixedRealityClient/1.0.0.0"
        ]
      },
      "ResponseHeaders": {
        "Cache-Control": [
          "no-cache"
        ],
        "Pragma": [
          "no-cache"
        ],
        "MS-CV": [
          "DQMk9tXct0SqzfX5/f0+jg.0"
        ],
        "X-Content-Type-Options": [
          "nosniff"
        ],
        "x-ms-ratelimit-remaining-subscription-writes": [
          "1199"
        ],
        "x-ms-request-id": [
          "7f039dd5-cc15-45f7-9d21-3df9fa8a3f77"
        ],
        "x-ms-correlation-request-id": [
          "7f039dd5-cc15-45f7-9d21-3df9fa8a3f77"
        ],
        "x-ms-routing-request-id": [
          "WESTUS:20200521T101019Z:7f039dd5-cc15-45f7-9d21-3df9fa8a3f77"
        ],
        "Strict-Transport-Security": [
          "max-age=31536000; includeSubDomains"
        ],
        "Date": [
          "Thu, 21 May 2020 10:10:18 GMT"
        ],
        "Content-Length": [
          "123"
        ],
        "Content-Type": [
          "application/json; charset=utf-8"
        ],
        "Expires": [
          "-1"
        ]
      },
      "ResponseBody": "{\r\n  \"primaryKey\": \"huuzXNn/GN9XHNW/lKu65EnSgBbqENjB0GpPlAJkhiM=\",\r\n  \"secondaryKey\": \"BYiUYOa3H86q/sBIZuNzAm25c0F3BfjfG+M4lg3/lhs=\"\r\n}",
      "StatusCode": 200
    },
    {
      "RequestUri": "/subscriptions/10438cf7-a794-4c7b-ad4c-5ddc1313ba7d/resourceGroups/ps7177/providers/Microsoft.MixedReality/spatialAnchorsAccounts/ps995/regenerateKeys?api-version=2020-05-01",
      "EncodedRequestUri": "L3N1YnNjcmlwdGlvbnMvMTA0MzhjZjctYTc5NC00YzdiLWFkNGMtNWRkYzEzMTNiYTdkL3Jlc291cmNlR3JvdXBzL3BzNzE3Ny9wcm92aWRlcnMvTWljcm9zb2Z0Lk1peGVkUmVhbGl0eS9zcGF0aWFsQW5jaG9yc0FjY291bnRzL3BzOTk1L3JlZ2VuZXJhdGVLZXlzP2FwaS12ZXJzaW9uPTIwMjAtMDUtMDE=",
      "RequestMethod": "POST",
      "RequestBody": "{\r\n  \"serial\": 1\r\n}",
      "RequestHeaders": {
        "x-ms-client-request-id": [
          "5387985c-8db9-43fb-95e4-7a543e0fc842"
        ],
        "Accept-Language": [
          "en-US"
        ],
        "User-Agent": [
          "FxVersion/4.6.28207.03",
          "OSName/Windows",
          "OSVersion/Microsoft.Windows.10.0.18363.",
          "Microsoft.Azure.Management.MixedReality.MixedRealityClient/1.0.0.0"
        ],
        "Content-Type": [
          "application/json; charset=utf-8"
        ],
        "Content-Length": [
          "19"
        ]
      },
      "ResponseHeaders": {
        "Cache-Control": [
          "no-cache"
        ],
        "Pragma": [
          "no-cache"
        ],
        "MS-CV": [
          "qgY/L0dvVU6SLnsCxrhdgA.0"
        ],
        "X-Content-Type-Options": [
          "nosniff"
        ],
        "x-ms-ratelimit-remaining-subscription-writes": [
          "1198"
        ],
        "x-ms-request-id": [
          "e0f8dd05-cf21-4194-b223-60681dde4e31"
        ],
        "x-ms-correlation-request-id": [
          "e0f8dd05-cf21-4194-b223-60681dde4e31"
        ],
        "x-ms-routing-request-id": [
          "WESTUS:20200521T101019Z:e0f8dd05-cf21-4194-b223-60681dde4e31"
        ],
        "Strict-Transport-Security": [
          "max-age=31536000; includeSubDomains"
        ],
        "Date": [
          "Thu, 21 May 2020 10:10:19 GMT"
        ],
        "Content-Length": [
          "123"
        ],
        "Content-Type": [
          "application/json; charset=utf-8"
        ],
        "Expires": [
          "-1"
        ]
      },
      "ResponseBody": "{\r\n  \"primaryKey\": \"erx1TK0HZKpIKNG2AGKdogu21OoOo8V8cpWi1nfi/FI=\",\r\n  \"secondaryKey\": \"BYiUYOa3H86q/sBIZuNzAm25c0F3BfjfG+M4lg3/lhs=\"\r\n}",
      "StatusCode": 200
    },
    {
      "RequestUri": "/subscriptions/10438cf7-a794-4c7b-ad4c-5ddc1313ba7d/resourceGroups/ps7177/providers/Microsoft.MixedReality/spatialAnchorsAccounts/ps995/regenerateKeys?api-version=2020-05-01",
      "EncodedRequestUri": "L3N1YnNjcmlwdGlvbnMvMTA0MzhjZjctYTc5NC00YzdiLWFkNGMtNWRkYzEzMTNiYTdkL3Jlc291cmNlR3JvdXBzL3BzNzE3Ny9wcm92aWRlcnMvTWljcm9zb2Z0Lk1peGVkUmVhbGl0eS9zcGF0aWFsQW5jaG9yc0FjY291bnRzL3BzOTk1L3JlZ2VuZXJhdGVLZXlzP2FwaS12ZXJzaW9uPTIwMjAtMDUtMDE=",
      "RequestMethod": "POST",
      "RequestBody": "{\r\n  \"serial\": 2\r\n}",
      "RequestHeaders": {
        "x-ms-client-request-id": [
          "a1bb64e6-232b-48fb-9d0e-ba32f0735167"
        ],
        "Accept-Language": [
          "en-US"
        ],
        "User-Agent": [
          "FxVersion/4.6.28207.03",
          "OSName/Windows",
          "OSVersion/Microsoft.Windows.10.0.18363.",
          "Microsoft.Azure.Management.MixedReality.MixedRealityClient/1.0.0.0"
        ],
        "Content-Type": [
          "application/json; charset=utf-8"
        ],
        "Content-Length": [
          "19"
        ]
      },
      "ResponseHeaders": {
        "Cache-Control": [
          "no-cache"
        ],
        "Pragma": [
          "no-cache"
        ],
        "MS-CV": [
          "vbG+5iSmcUGo8AVUam8AhA.0"
        ],
        "X-Content-Type-Options": [
          "nosniff"
        ],
        "x-ms-ratelimit-remaining-subscription-writes": [
          "1197"
        ],
        "x-ms-request-id": [
          "6d854d8b-aab2-4178-b237-c14acefc7a73"
        ],
        "x-ms-correlation-request-id": [
          "6d854d8b-aab2-4178-b237-c14acefc7a73"
        ],
        "x-ms-routing-request-id": [
          "WESTUS:20200521T101019Z:6d854d8b-aab2-4178-b237-c14acefc7a73"
        ],
        "Strict-Transport-Security": [
          "max-age=31536000; includeSubDomains"
        ],
        "Date": [
          "Thu, 21 May 2020 10:10:19 GMT"
        ],
        "Content-Length": [
          "123"
        ],
        "Content-Type": [
          "application/json; charset=utf-8"
        ],
        "Expires": [
          "-1"
        ]
      },
      "ResponseBody": "{\r\n  \"primaryKey\": \"erx1TK0HZKpIKNG2AGKdogu21OoOo8V8cpWi1nfi/FI=\",\r\n  \"secondaryKey\": \"uFCjUVEuevbnq+BFocOcPpxsHZMv/mo9t9QDs7w6pKU=\"\r\n}",
      "StatusCode": 200
    },
    {
      "RequestUri": "/subscriptions/10438cf7-a794-4c7b-ad4c-5ddc1313ba7d/resourceGroups/ps7177/providers/Microsoft.MixedReality/spatialAnchorsAccounts/ps995?api-version=2020-05-01",
      "EncodedRequestUri": "L3N1YnNjcmlwdGlvbnMvMTA0MzhjZjctYTc5NC00YzdiLWFkNGMtNWRkYzEzMTNiYTdkL3Jlc291cmNlR3JvdXBzL3BzNzE3Ny9wcm92aWRlcnMvTWljcm9zb2Z0Lk1peGVkUmVhbGl0eS9zcGF0aWFsQW5jaG9yc0FjY291bnRzL3BzOTk1P2FwaS12ZXJzaW9uPTIwMjAtMDUtMDE=",
      "RequestMethod": "DELETE",
      "RequestBody": "",
      "RequestHeaders": {
        "x-ms-client-request-id": [
          "c9c1acd2-ed60-4c6c-ba48-a6afadee03d7"
        ],
        "Accept-Language": [
          "en-US"
        ],
        "User-Agent": [
          "FxVersion/4.6.28207.03",
          "OSName/Windows",
          "OSVersion/Microsoft.Windows.10.0.18363.",
          "Microsoft.Azure.Management.MixedReality.MixedRealityClient/1.0.0.0"
        ]
      },
      "ResponseHeaders": {
        "Cache-Control": [
          "no-cache"
        ],
        "Pragma": [
          "no-cache"
        ],
        "MS-CV": [
          "z9RVdxzlcEC2fps5bwMHvw.0"
        ],
        "X-Content-Type-Options": [
          "nosniff"
        ],
        "x-ms-ratelimit-remaining-subscription-deletes": [
          "14999"
        ],
        "x-ms-request-id": [
          "3e1e0f72-735a-45e6-80c7-2c3dafff59e5"
        ],
        "x-ms-correlation-request-id": [
          "3e1e0f72-735a-45e6-80c7-2c3dafff59e5"
        ],
        "x-ms-routing-request-id": [
          "WESTUS:20200521T101020Z:3e1e0f72-735a-45e6-80c7-2c3dafff59e5"
        ],
        "Strict-Transport-Security": [
          "max-age=31536000; includeSubDomains"
        ],
        "Date": [
          "Thu, 21 May 2020 10:10:20 GMT"
        ],
        "Expires": [
          "-1"
        ],
        "Content-Length": [
          "0"
        ]
      },
      "ResponseBody": "",
      "StatusCode": 200
    },
    {
      "RequestUri": "/subscriptions/10438cf7-a794-4c7b-ad4c-5ddc1313ba7d/resourcegroups/ps7177?api-version=2016-09-01",
      "EncodedRequestUri": "L3N1YnNjcmlwdGlvbnMvMTA0MzhjZjctYTc5NC00YzdiLWFkNGMtNWRkYzEzMTNiYTdkL3Jlc291cmNlZ3JvdXBzL3BzNzE3Nz9hcGktdmVyc2lvbj0yMDE2LTA5LTAx",
      "RequestMethod": "DELETE",
      "RequestBody": "",
      "RequestHeaders": {
        "x-ms-client-request-id": [
          "66a972b6-5f97-45bc-8a07-812e48a9370e"
        ],
        "Accept-Language": [
          "en-US"
        ],
        "User-Agent": [
          "FxVersion/4.6.28207.03",
          "OSName/Windows",
          "OSVersion/Microsoft.Windows.10.0.18363.",
          "Microsoft.Azure.Management.Internal.Resources.ResourceManagementClient/1.3.13"
        ]
      },
      "ResponseHeaders": {
        "Cache-Control": [
          "no-cache"
        ],
        "Pragma": [
          "no-cache"
        ],
        "Location": [
          "https://management.azure.com/subscriptions/10438cf7-a794-4c7b-ad4c-5ddc1313ba7d/operationresults/eyJqb2JJZCI6IlJFU09VUkNFR1JPVVBERUxFVElPTkpPQi1QUzcxNzctV0VTVFVTIiwiam9iTG9jYXRpb24iOiJ3ZXN0dXMifQ?api-version=2016-09-01"
        ],
        "Retry-After": [
          "15"
        ],
        "x-ms-ratelimit-remaining-subscription-deletes": [
          "14999"
        ],
        "x-ms-request-id": [
          "1d3f3c33-db4a-4b5f-bb11-34bde7d428ee"
        ],
        "x-ms-correlation-request-id": [
          "1d3f3c33-db4a-4b5f-bb11-34bde7d428ee"
        ],
        "x-ms-routing-request-id": [
          "WESTUS:20200521T101020Z:1d3f3c33-db4a-4b5f-bb11-34bde7d428ee"
        ],
        "Strict-Transport-Security": [
          "max-age=31536000; includeSubDomains"
        ],
        "X-Content-Type-Options": [
          "nosniff"
        ],
        "Date": [
          "Thu, 21 May 2020 10:10:20 GMT"
        ],
        "Expires": [
          "-1"
        ],
        "Content-Length": [
          "0"
        ]
      },
      "ResponseBody": "",
      "StatusCode": 202
    },
    {
      "RequestUri": "/subscriptions/10438cf7-a794-4c7b-ad4c-5ddc1313ba7d/operationresults/eyJqb2JJZCI6IlJFU09VUkNFR1JPVVBERUxFVElPTkpPQi1QUzcxNzctV0VTVFVTIiwiam9iTG9jYXRpb24iOiJ3ZXN0dXMifQ?api-version=2016-09-01",
      "EncodedRequestUri": "L3N1YnNjcmlwdGlvbnMvMTA0MzhjZjctYTc5NC00YzdiLWFkNGMtNWRkYzEzMTNiYTdkL29wZXJhdGlvbnJlc3VsdHMvZXlKcWIySkpaQ0k2SWxKRlUwOVZVa05GUjFKUFZWQkVSVXhGVkVsUFRrcFBRaTFRVXpjeE56Y3RWMFZUVkZWVElpd2lhbTlpVEc5allYUnBiMjRpT2lKM1pYTjBkWE1pZlE/YXBpLXZlcnNpb249MjAxNi0wOS0wMQ==",
      "RequestMethod": "GET",
      "RequestBody": "",
      "RequestHeaders": {
        "User-Agent": [
          "FxVersion/4.6.28207.03",
          "OSName/Windows",
          "OSVersion/Microsoft.Windows.10.0.18363.",
          "Microsoft.Azure.Management.Internal.Resources.ResourceManagementClient/1.3.13"
        ]
      },
      "ResponseHeaders": {
        "Cache-Control": [
          "no-cache"
        ],
        "Pragma": [
          "no-cache"
        ],
        "Location": [
          "https://management.azure.com/subscriptions/10438cf7-a794-4c7b-ad4c-5ddc1313ba7d/operationresults/eyJqb2JJZCI6IlJFU09VUkNFR1JPVVBERUxFVElPTkpPQi1QUzcxNzctV0VTVFVTIiwiam9iTG9jYXRpb24iOiJ3ZXN0dXMifQ?api-version=2016-09-01"
        ],
        "Retry-After": [
          "15"
        ],
        "x-ms-ratelimit-remaining-subscription-reads": [
          "11999"
        ],
        "x-ms-request-id": [
          "baac0ac7-d2b1-4ad7-95d2-b2646ae345c7"
        ],
        "x-ms-correlation-request-id": [
          "baac0ac7-d2b1-4ad7-95d2-b2646ae345c7"
        ],
        "x-ms-routing-request-id": [
          "WESTUS:20200521T101035Z:baac0ac7-d2b1-4ad7-95d2-b2646ae345c7"
        ],
        "Strict-Transport-Security": [
          "max-age=31536000; includeSubDomains"
        ],
        "X-Content-Type-Options": [
          "nosniff"
        ],
        "Date": [
          "Thu, 21 May 2020 10:10:34 GMT"
        ],
        "Expires": [
          "-1"
        ],
        "Content-Length": [
          "0"
        ]
      },
      "ResponseBody": "",
      "StatusCode": 202
    },
    {
      "RequestUri": "/subscriptions/10438cf7-a794-4c7b-ad4c-5ddc1313ba7d/operationresults/eyJqb2JJZCI6IlJFU09VUkNFR1JPVVBERUxFVElPTkpPQi1QUzcxNzctV0VTVFVTIiwiam9iTG9jYXRpb24iOiJ3ZXN0dXMifQ?api-version=2016-09-01",
      "EncodedRequestUri": "L3N1YnNjcmlwdGlvbnMvMTA0MzhjZjctYTc5NC00YzdiLWFkNGMtNWRkYzEzMTNiYTdkL29wZXJhdGlvbnJlc3VsdHMvZXlKcWIySkpaQ0k2SWxKRlUwOVZVa05GUjFKUFZWQkVSVXhGVkVsUFRrcFBRaTFRVXpjeE56Y3RWMFZUVkZWVElpd2lhbTlpVEc5allYUnBiMjRpT2lKM1pYTjBkWE1pZlE/YXBpLXZlcnNpb249MjAxNi0wOS0wMQ==",
      "RequestMethod": "GET",
      "RequestBody": "",
      "RequestHeaders": {
        "User-Agent": [
          "FxVersion/4.6.28207.03",
          "OSName/Windows",
          "OSVersion/Microsoft.Windows.10.0.18363.",
          "Microsoft.Azure.Management.Internal.Resources.ResourceManagementClient/1.3.13"
        ]
      },
      "ResponseHeaders": {
        "Cache-Control": [
          "no-cache"
        ],
        "Pragma": [
          "no-cache"
        ],
        "Location": [
          "https://management.azure.com/subscriptions/10438cf7-a794-4c7b-ad4c-5ddc1313ba7d/operationresults/eyJqb2JJZCI6IlJFU09VUkNFR1JPVVBERUxFVElPTkpPQi1QUzcxNzctV0VTVFVTIiwiam9iTG9jYXRpb24iOiJ3ZXN0dXMifQ?api-version=2016-09-01"
        ],
        "Retry-After": [
          "15"
        ],
        "x-ms-ratelimit-remaining-subscription-reads": [
          "11998"
        ],
        "x-ms-request-id": [
          "075bd714-8eba-4f88-bb51-dbcd2710c03d"
        ],
        "x-ms-correlation-request-id": [
          "075bd714-8eba-4f88-bb51-dbcd2710c03d"
        ],
        "x-ms-routing-request-id": [
          "WESTUS:20200521T101050Z:075bd714-8eba-4f88-bb51-dbcd2710c03d"
        ],
        "Strict-Transport-Security": [
          "max-age=31536000; includeSubDomains"
        ],
        "X-Content-Type-Options": [
          "nosniff"
        ],
        "Date": [
          "Thu, 21 May 2020 10:10:49 GMT"
        ],
        "Expires": [
          "-1"
        ],
        "Content-Length": [
          "0"
        ]
      },
      "ResponseBody": "",
      "StatusCode": 202
    },
    {
      "RequestUri": "/subscriptions/10438cf7-a794-4c7b-ad4c-5ddc1313ba7d/operationresults/eyJqb2JJZCI6IlJFU09VUkNFR1JPVVBERUxFVElPTkpPQi1QUzcxNzctV0VTVFVTIiwiam9iTG9jYXRpb24iOiJ3ZXN0dXMifQ?api-version=2016-09-01",
      "EncodedRequestUri": "L3N1YnNjcmlwdGlvbnMvMTA0MzhjZjctYTc5NC00YzdiLWFkNGMtNWRkYzEzMTNiYTdkL29wZXJhdGlvbnJlc3VsdHMvZXlKcWIySkpaQ0k2SWxKRlUwOVZVa05GUjFKUFZWQkVSVXhGVkVsUFRrcFBRaTFRVXpjeE56Y3RWMFZUVkZWVElpd2lhbTlpVEc5allYUnBiMjRpT2lKM1pYTjBkWE1pZlE/YXBpLXZlcnNpb249MjAxNi0wOS0wMQ==",
      "RequestMethod": "GET",
      "RequestBody": "",
      "RequestHeaders": {
        "User-Agent": [
          "FxVersion/4.6.28207.03",
          "OSName/Windows",
          "OSVersion/Microsoft.Windows.10.0.18363.",
          "Microsoft.Azure.Management.Internal.Resources.ResourceManagementClient/1.3.13"
        ]
      },
      "ResponseHeaders": {
        "Cache-Control": [
          "no-cache"
        ],
        "Pragma": [
          "no-cache"
        ],
        "x-ms-ratelimit-remaining-subscription-reads": [
          "11997"
        ],
        "x-ms-request-id": [
          "62cf4812-d011-49d6-a597-c06368fb31f2"
        ],
        "x-ms-correlation-request-id": [
          "62cf4812-d011-49d6-a597-c06368fb31f2"
        ],
        "x-ms-routing-request-id": [
          "WESTUS:20200521T101105Z:62cf4812-d011-49d6-a597-c06368fb31f2"
        ],
        "Strict-Transport-Security": [
          "max-age=31536000; includeSubDomains"
        ],
        "X-Content-Type-Options": [
          "nosniff"
        ],
        "Date": [
          "Thu, 21 May 2020 10:11:05 GMT"
        ],
        "Expires": [
          "-1"
        ],
        "Content-Length": [
          "0"
        ]
      },
      "ResponseBody": "",
      "StatusCode": 200
    },
    {
      "RequestUri": "/subscriptions/10438cf7-a794-4c7b-ad4c-5ddc1313ba7d/operationresults/eyJqb2JJZCI6IlJFU09VUkNFR1JPVVBERUxFVElPTkpPQi1QUzcxNzctV0VTVFVTIiwiam9iTG9jYXRpb24iOiJ3ZXN0dXMifQ?api-version=2016-09-01",
      "EncodedRequestUri": "L3N1YnNjcmlwdGlvbnMvMTA0MzhjZjctYTc5NC00YzdiLWFkNGMtNWRkYzEzMTNiYTdkL29wZXJhdGlvbnJlc3VsdHMvZXlKcWIySkpaQ0k2SWxKRlUwOVZVa05GUjFKUFZWQkVSVXhGVkVsUFRrcFBRaTFRVXpjeE56Y3RWMFZUVkZWVElpd2lhbTlpVEc5allYUnBiMjRpT2lKM1pYTjBkWE1pZlE/YXBpLXZlcnNpb249MjAxNi0wOS0wMQ==",
      "RequestMethod": "GET",
      "RequestBody": "",
      "RequestHeaders": {
        "User-Agent": [
          "FxVersion/4.6.28207.03",
          "OSName/Windows",
          "OSVersion/Microsoft.Windows.10.0.18363.",
          "Microsoft.Azure.Management.Internal.Resources.ResourceManagementClient/1.3.13"
        ]
      },
      "ResponseHeaders": {
        "Cache-Control": [
          "no-cache"
        ],
        "Pragma": [
          "no-cache"
        ],
        "x-ms-ratelimit-remaining-subscription-reads": [
          "11996"
        ],
        "x-ms-request-id": [
          "27e7f9eb-f0d0-421c-8b75-08f1ac6dfa68"
        ],
        "x-ms-correlation-request-id": [
          "27e7f9eb-f0d0-421c-8b75-08f1ac6dfa68"
        ],
        "x-ms-routing-request-id": [
          "WESTUS:20200521T101105Z:27e7f9eb-f0d0-421c-8b75-08f1ac6dfa68"
        ],
        "Strict-Transport-Security": [
          "max-age=31536000; includeSubDomains"
        ],
        "X-Content-Type-Options": [
          "nosniff"
        ],
        "Date": [
          "Thu, 21 May 2020 10:11:05 GMT"
        ],
        "Expires": [
          "-1"
        ],
        "Content-Length": [
          "0"
        ]
      },
      "ResponseBody": "",
      "StatusCode": 200
    }
  ],
  "Names": {
    "Test-ListSpatialAnchorsAccounts": [
      "ps7177",
      "ps995"
    ]
  },
  "Variables": {
    "SubscriptionId": "10438cf7-a794-4c7b-ad4c-5ddc1313ba7d"
  }
}