{
  "Entries": [
    {
<<<<<<< HEAD
      "RequestUri": "/subscriptions/ac86108b-e8ec-4858-8603-2f80105f96db/providers/Microsoft.Batch?api-version=2016-02-01",
      "EncodedRequestUri": "L3N1YnNjcmlwdGlvbnMvYWM4NjEwOGItZThlYy00ODU4LTg2MDMtMmY4MDEwNWY5NmRiL3Byb3ZpZGVycy9NaWNyb3NvZnQuQmF0Y2g/YXBpLXZlcnNpb249MjAxNi0wMi0wMQ==",
      "RequestMethod": "GET",
      "RequestBody": "",
      "RequestHeaders": {
        "User-Agent": [
          "Microsoft.Azure.Management.Resources.ResourceManagementClient/2.0.0.0"
        ]
      },
      "ResponseBody": "{\r\n  \"id\": \"/subscriptions/ac86108b-e8ec-4858-8603-2f80105f96db/providers/Microsoft.Batch\",\r\n  \"namespace\": \"Microsoft.Batch\",\r\n  \"authorization\": {\r\n    \"applicationId\": \"ddbf3205-c6bd-46ae-8127-60eb93363864\",\r\n    \"roleDefinitionId\": \"b7f84953-1d03-4eab-9ea4-45f065258ff8\"\r\n  },\r\n  \"resourceTypes\": [\r\n    {\r\n      \"resourceType\": \"batchAccounts\",\r\n      \"locations\": [\r\n        \"West Europe\",\r\n        \"East US\",\r\n        \"East US 2\",\r\n        \"West US\",\r\n        \"North Central US\",\r\n        \"Brazil South\",\r\n        \"North Europe\",\r\n        \"Central US\",\r\n        \"East Asia\",\r\n        \"Japan East\",\r\n        \"Australia Southeast\",\r\n        \"Japan West\",\r\n        \"Korea South\",\r\n        \"Korea Central\",\r\n        \"Southeast Asia\",\r\n        \"South Central US\",\r\n        \"Australia East\",\r\n        \"South India\",\r\n        \"Central India\",\r\n        \"West India\",\r\n        \"Canada Central\",\r\n        \"Canada East\",\r\n        \"UK South\",\r\n        \"UK West\",\r\n        \"West Central US\",\r\n        \"West US 2\",\r\n        \"France Central\"\r\n      ],\r\n      \"apiVersions\": [\r\n        \"2017-09-01\",\r\n        \"2017-05-01\",\r\n        \"2017-01-01\",\r\n        \"2015-12-01\",\r\n        \"2015-09-01\",\r\n        \"2015-07-01\",\r\n        \"2014-05-01-privatepreview\"\r\n      ],\r\n      \"capabilities\": \"CrossResourceGroupResourceMove, CrossSubscriptionResourceMove\"\r\n    },\r\n    {\r\n      \"resourceType\": \"operations\",\r\n      \"locations\": [\r\n        \"West Europe\",\r\n        \"East US\",\r\n        \"East US 2\",\r\n        \"West US\",\r\n        \"North Central US\",\r\n        \"Brazil South\",\r\n        \"North Europe\",\r\n        \"Central US\",\r\n        \"East Asia\",\r\n        \"Japan East\",\r\n        \"Australia Southeast\",\r\n        \"Japan West\",\r\n        \"Korea South\",\r\n        \"Korea Central\",\r\n        \"Southeast Asia\",\r\n        \"South Central US\",\r\n        \"Australia East\",\r\n        \"South India\",\r\n        \"Central India\",\r\n        \"West India\",\r\n        \"Canada Central\",\r\n        \"Canada East\",\r\n        \"UK South\",\r\n        \"UK West\",\r\n        \"West Central US\",\r\n        \"West US 2\",\r\n        \"France Central\"\r\n      ],\r\n      \"apiVersions\": [\r\n        \"2017-09-01\",\r\n        \"2017-05-01\",\r\n        \"2017-01-01\",\r\n        \"2015-12-01\",\r\n        \"2015-09-01\"\r\n      ]\r\n    },\r\n    {\r\n      \"resourceType\": \"locations\",\r\n      \"locations\": [],\r\n      \"apiVersions\": [\r\n        \"2017-09-01\",\r\n        \"2017-05-01\",\r\n        \"2017-01-01\",\r\n        \"2015-12-01\",\r\n        \"2015-09-01\"\r\n      ]\r\n    },\r\n    {\r\n      \"resourceType\": \"locations/quotas\",\r\n      \"locations\": [\r\n        \"West Europe\",\r\n        \"East US\",\r\n        \"East US 2\",\r\n        \"West US\",\r\n        \"North Central US\",\r\n        \"Brazil South\",\r\n        \"North Europe\",\r\n        \"Central US\",\r\n        \"East Asia\",\r\n        \"Japan East\",\r\n        \"Australia Southeast\",\r\n        \"Japan West\",\r\n        \"Korea South\",\r\n        \"Korea Central\",\r\n        \"Southeast Asia\",\r\n        \"South Central US\",\r\n        \"Australia East\",\r\n        \"South India\",\r\n        \"Central India\",\r\n        \"West India\",\r\n        \"Canada Central\",\r\n        \"Canada East\",\r\n        \"UK South\",\r\n        \"UK West\",\r\n        \"West Central US\",\r\n        \"West US 2\",\r\n        \"France Central\"\r\n      ],\r\n      \"apiVersions\": [\r\n        \"2017-09-01\",\r\n        \"2017-05-01\",\r\n        \"2017-01-01\",\r\n        \"2015-12-01\",\r\n        \"2015-09-01\"\r\n      ]\r\n    },\r\n    {\r\n      \"resourceType\": \"locations/checkNameAvailability\",\r\n      \"locations\": [\r\n        \"West Europe\",\r\n        \"East US\",\r\n        \"East US 2\",\r\n        \"West US\",\r\n        \"North Central US\",\r\n        \"Brazil South\",\r\n        \"North Europe\",\r\n        \"Central US\",\r\n        \"East Asia\",\r\n        \"Japan East\",\r\n        \"Australia Southeast\",\r\n        \"Japan West\",\r\n        \"Korea South\",\r\n        \"Korea Central\",\r\n        \"Southeast Asia\",\r\n        \"South Central US\",\r\n        \"Australia East\",\r\n        \"South India\",\r\n        \"Central India\",\r\n        \"West India\",\r\n        \"Canada Central\",\r\n        \"Canada East\",\r\n        \"UK South\",\r\n        \"UK West\",\r\n        \"West Central US\",\r\n        \"West US 2\",\r\n        \"France Central\"\r\n      ],\r\n      \"apiVersions\": [\r\n        \"2017-09-01\",\r\n        \"2017-05-01\"\r\n      ]\r\n    }\r\n  ],\r\n  \"registrationState\": \"Registered\"\r\n}",
      "ResponseHeaders": {
        "Content-Length": [
          "2606"
        ],
        "Content-Type": [
          "application/json; charset=utf-8"
        ],
        "Expires": [
          "-1"
=======
      "RequestUri": "/subscriptions/21abd678-18c5-4660-9fdd-8c5ba6b6fe1f/providers/Microsoft.Batch?api-version=2016-09-01",
      "EncodedRequestUri": "L3N1YnNjcmlwdGlvbnMvMjFhYmQ2NzgtMThjNS00NjYwLTlmZGQtOGM1YmE2YjZmZTFmL3Byb3ZpZGVycy9NaWNyb3NvZnQuQmF0Y2g/YXBpLXZlcnNpb249MjAxNi0wOS0wMQ==",
      "RequestMethod": "GET",
      "RequestBody": "",
      "RequestHeaders": {
        "x-ms-client-request-id": [
          "3d9edb4a-b8f3-4c88-b33c-be69c76c6aaf"
        ],
        "Accept-Language": [
          "en-US"
        ],
        "User-Agent": [
          "FxVersion/4.6.28207.03",
          "OSName/Windows",
          "OSVersion/Microsoft.Windows.10.0.18363.",
          "Microsoft.Azure.Management.Internal.Resources.ResourceManagementClient/1.3.14"
        ]
      },
      "ResponseHeaders": {
        "Cache-Control": [
          "no-cache"
>>>>>>> d78b04a5306127f583235b13752c48d4f7d1289a
        ],
        "Pragma": [
          "no-cache"
        ],
        "x-ms-ratelimit-remaining-subscription-reads": [
<<<<<<< HEAD
          "14998"
        ],
        "x-ms-request-id": [
          "4e6bad42-6c55-4fc7-9058-0730e9114616"
        ],
        "x-ms-correlation-request-id": [
          "4e6bad42-6c55-4fc7-9058-0730e9114616"
        ],
        "x-ms-routing-request-id": [
          "WESTUS2:20180525T185714Z:4e6bad42-6c55-4fc7-9058-0730e9114616"
=======
          "11999"
        ],
        "x-ms-request-id": [
          "e8318cba-f3c6-447f-b94c-27ccd3bc38cb"
        ],
        "x-ms-correlation-request-id": [
          "e8318cba-f3c6-447f-b94c-27ccd3bc38cb"
        ],
        "x-ms-routing-request-id": [
          "WESTUS:20200609T221412Z:e8318cba-f3c6-447f-b94c-27ccd3bc38cb"
>>>>>>> d78b04a5306127f583235b13752c48d4f7d1289a
        ],
        "Strict-Transport-Security": [
          "max-age=31536000; includeSubDomains"
        ],
        "X-Content-Type-Options": [
          "nosniff"
        ],
<<<<<<< HEAD
        "Cache-Control": [
          "no-cache"
        ],
        "Date": [
          "Fri, 25 May 2018 18:57:14 GMT"
        ]
      },
      "StatusCode": 200
    },
    {
      "RequestUri": "/subscriptions/ac86108b-e8ec-4858-8603-2f80105f96db/providers/Microsoft.Batch/locations/westus/quotas?api-version=2017-01-01",
      "EncodedRequestUri": "L3N1YnNjcmlwdGlvbnMvYWM4NjEwOGItZThlYy00ODU4LTg2MDMtMmY4MDEwNWY5NmRiL3Byb3ZpZGVycy9NaWNyb3NvZnQuQmF0Y2gvbG9jYXRpb25zL3dlc3R1cy9xdW90YXM/YXBpLXZlcnNpb249MjAxNy0wMS0wMQ==",
=======
        "Date": [
          "Tue, 09 Jun 2020 22:14:12 GMT"
        ],
        "Content-Type": [
          "application/json; charset=utf-8"
        ],
        "Expires": [
          "-1"
        ],
        "Content-Length": [
          "4461"
        ]
      },
      "ResponseBody": "{\r\n  \"id\": \"/subscriptions/21abd678-18c5-4660-9fdd-8c5ba6b6fe1f/providers/Microsoft.Batch\",\r\n  \"namespace\": \"Microsoft.Batch\",\r\n  \"authorization\": {\r\n    \"applicationId\": \"ddbf3205-c6bd-46ae-8127-60eb93363864\",\r\n    \"roleDefinitionId\": \"b7f84953-1d03-4eab-9ea4-45f065258ff8\"\r\n  },\r\n  \"resourceTypes\": [\r\n    {\r\n      \"resourceType\": \"batchAccounts\",\r\n      \"locations\": [\r\n        \"West Europe\",\r\n        \"East US\",\r\n        \"East US 2\",\r\n        \"West US\",\r\n        \"North Central US\",\r\n        \"Brazil South\",\r\n        \"North Europe\",\r\n        \"Central US\",\r\n        \"East Asia\",\r\n        \"Japan East\",\r\n        \"Australia Southeast\",\r\n        \"Japan West\",\r\n        \"Korea South\",\r\n        \"Korea Central\",\r\n        \"Southeast Asia\",\r\n        \"South Central US\",\r\n        \"Australia East\",\r\n        \"South India\",\r\n        \"Central India\",\r\n        \"West India\",\r\n        \"Canada Central\",\r\n        \"Canada East\",\r\n        \"UK South\",\r\n        \"UK West\",\r\n        \"West Central US\",\r\n        \"West US 2\",\r\n        \"France Central\",\r\n        \"South Africa North\",\r\n        \"UAE North\",\r\n        \"Australia Central\",\r\n        \"Germany West Central\",\r\n        \"Switzerland North\",\r\n        \"Norway East\",\r\n        \"East US 2 EUAP\",\r\n        \"Central US EUAP\"\r\n      ],\r\n      \"apiVersions\": [\r\n        \"2020-05-01\",\r\n        \"2020-03-01-preview\",\r\n        \"2020-03-01\",\r\n        \"2019-08-01\",\r\n        \"2019-04-01\",\r\n        \"2018-12-01\",\r\n        \"2017-09-01\",\r\n        \"2017-05-01\",\r\n        \"2017-01-01\",\r\n        \"2015-12-01\",\r\n        \"2015-09-01\",\r\n        \"2015-07-01\",\r\n        \"2014-05-01-privatepreview\"\r\n      ],\r\n      \"capabilities\": \"CrossResourceGroupResourceMove, CrossSubscriptionResourceMove, SystemAssignedResourceIdentity\"\r\n    },\r\n    {\r\n      \"resourceType\": \"operations\",\r\n      \"locations\": [\r\n        \"West Europe\",\r\n        \"East US\",\r\n        \"East US 2\",\r\n        \"West US\",\r\n        \"North Central US\",\r\n        \"Brazil South\",\r\n        \"North Europe\",\r\n        \"Central US\",\r\n        \"East Asia\",\r\n        \"Japan East\",\r\n        \"Australia Southeast\",\r\n        \"Japan West\",\r\n        \"Korea South\",\r\n        \"Korea Central\",\r\n        \"Southeast Asia\",\r\n        \"South Central US\",\r\n        \"Australia East\",\r\n        \"South India\",\r\n        \"Central India\",\r\n        \"West India\",\r\n        \"Canada Central\",\r\n        \"Canada East\",\r\n        \"UK South\",\r\n        \"UK West\",\r\n        \"West Central US\",\r\n        \"West US 2\",\r\n        \"France Central\",\r\n        \"South Africa North\",\r\n        \"UAE North\",\r\n        \"Australia Central\",\r\n        \"Germany West Central\",\r\n        \"Switzerland North\",\r\n        \"Norway East\",\r\n        \"East US 2 EUAP\",\r\n        \"Central US EUAP\"\r\n      ],\r\n      \"apiVersions\": [\r\n        \"2020-05-01\",\r\n        \"2020-03-01-preview\",\r\n        \"2020-03-01\",\r\n        \"2019-08-01\",\r\n        \"2019-04-01\",\r\n        \"2018-12-01\",\r\n        \"2017-09-01\",\r\n        \"2017-05-01\",\r\n        \"2017-01-01\",\r\n        \"2015-12-01\",\r\n        \"2015-09-01\"\r\n      ]\r\n    },\r\n    {\r\n      \"resourceType\": \"locations\",\r\n      \"locations\": [],\r\n      \"apiVersions\": [\r\n        \"2020-05-01\",\r\n        \"2020-03-01-preview\",\r\n        \"2020-03-01\",\r\n        \"2019-08-01\",\r\n        \"2019-04-01\",\r\n        \"2018-12-01\",\r\n        \"2017-09-01\",\r\n        \"2017-05-01\",\r\n        \"2017-01-01\",\r\n        \"2015-12-01\",\r\n        \"2015-09-01\"\r\n      ]\r\n    },\r\n    {\r\n      \"resourceType\": \"locations/quotas\",\r\n      \"locations\": [\r\n        \"West Europe\",\r\n        \"East US\",\r\n        \"East US 2\",\r\n        \"West US\",\r\n        \"North Central US\",\r\n        \"Brazil South\",\r\n        \"North Europe\",\r\n        \"Central US\",\r\n        \"East Asia\",\r\n        \"Japan East\",\r\n        \"Australia Southeast\",\r\n        \"Japan West\",\r\n        \"Korea South\",\r\n        \"Korea Central\",\r\n        \"Southeast Asia\",\r\n        \"South Central US\",\r\n        \"Australia East\",\r\n        \"South India\",\r\n        \"Central India\",\r\n        \"West India\",\r\n        \"Canada Central\",\r\n        \"Canada East\",\r\n        \"UK South\",\r\n        \"UK West\",\r\n        \"West Central US\",\r\n        \"West US 2\",\r\n        \"France Central\",\r\n        \"South Africa North\",\r\n        \"UAE North\",\r\n        \"Australia Central\",\r\n        \"Germany West Central\",\r\n        \"Switzerland North\",\r\n        \"Norway East\",\r\n        \"East US 2 EUAP\",\r\n        \"Central US EUAP\"\r\n      ],\r\n      \"apiVersions\": [\r\n        \"2020-05-01\",\r\n        \"2020-03-01-preview\",\r\n        \"2020-03-01\",\r\n        \"2019-08-01\",\r\n        \"2019-04-01\",\r\n        \"2018-12-01\",\r\n        \"2017-09-01\",\r\n        \"2017-05-01\",\r\n        \"2017-01-01\",\r\n        \"2015-12-01\",\r\n        \"2015-09-01\"\r\n      ]\r\n    },\r\n    {\r\n      \"resourceType\": \"locations/checkNameAvailability\",\r\n      \"locations\": [\r\n        \"West Europe\",\r\n        \"East US\",\r\n        \"East US 2\",\r\n        \"West US\",\r\n        \"North Central US\",\r\n        \"Brazil South\",\r\n        \"North Europe\",\r\n        \"Central US\",\r\n        \"East Asia\",\r\n        \"Japan East\",\r\n        \"Australia Southeast\",\r\n        \"Japan West\",\r\n        \"Korea South\",\r\n        \"Korea Central\",\r\n        \"Southeast Asia\",\r\n        \"South Central US\",\r\n        \"Australia East\",\r\n        \"South India\",\r\n        \"Central India\",\r\n        \"West India\",\r\n        \"Canada Central\",\r\n        \"Canada East\",\r\n        \"UK South\",\r\n        \"UK West\",\r\n        \"West Central US\",\r\n        \"West US 2\",\r\n        \"France Central\",\r\n        \"South Africa North\",\r\n        \"UAE North\",\r\n        \"Australia Central\",\r\n        \"Germany West Central\",\r\n        \"Switzerland North\",\r\n        \"Norway East\",\r\n        \"East US 2 EUAP\",\r\n        \"Central US EUAP\"\r\n      ],\r\n      \"apiVersions\": [\r\n        \"2020-05-01\",\r\n        \"2020-03-01-preview\",\r\n        \"2020-03-01\",\r\n        \"2019-08-01\",\r\n        \"2019-04-01\",\r\n        \"2018-12-01\",\r\n        \"2017-09-01\",\r\n        \"2017-05-01\"\r\n      ]\r\n    },\r\n    {\r\n      \"resourceType\": \"locations/accountOperationResults\",\r\n      \"locations\": [\r\n        \"West Europe\",\r\n        \"East US\",\r\n        \"East US 2\",\r\n        \"West US\",\r\n        \"North Central US\",\r\n        \"Brazil South\",\r\n        \"North Europe\",\r\n        \"Central US\",\r\n        \"East Asia\",\r\n        \"Japan East\",\r\n        \"Australia Southeast\",\r\n        \"Japan West\",\r\n        \"Korea South\",\r\n        \"Korea Central\",\r\n        \"Southeast Asia\",\r\n        \"South Central US\",\r\n        \"Australia East\",\r\n        \"South India\",\r\n        \"Central India\",\r\n        \"West India\",\r\n        \"Canada Central\",\r\n        \"Canada East\",\r\n        \"UK South\",\r\n        \"UK West\",\r\n        \"West Central US\",\r\n        \"West US 2\",\r\n        \"France Central\",\r\n        \"South Africa North\",\r\n        \"UAE North\",\r\n        \"Australia Central\",\r\n        \"Germany West Central\",\r\n        \"Switzerland North\",\r\n        \"Norway East\",\r\n        \"East US 2 EUAP\",\r\n        \"Central US EUAP\"\r\n      ],\r\n      \"apiVersions\": [\r\n        \"2020-05-01\",\r\n        \"2020-03-01-preview\",\r\n        \"2020-03-01\",\r\n        \"2019-08-01\",\r\n        \"2019-04-01\",\r\n        \"2018-12-01\",\r\n        \"2017-09-01\",\r\n        \"2017-05-01\",\r\n        \"2017-01-01\",\r\n        \"2015-12-01\",\r\n        \"2015-09-01\",\r\n        \"2015-07-01\",\r\n        \"2014-05-01-privatepreview\"\r\n      ]\r\n    }\r\n  ],\r\n  \"registrationState\": \"Registered\"\r\n}",
      "StatusCode": 200
    },
    {
      "RequestUri": "/subscriptions/21abd678-18c5-4660-9fdd-8c5ba6b6fe1f/providers/Microsoft.Batch/locations/westus/quotas?api-version=2020-05-01",
      "EncodedRequestUri": "L3N1YnNjcmlwdGlvbnMvMjFhYmQ2NzgtMThjNS00NjYwLTlmZGQtOGM1YmE2YjZmZTFmL3Byb3ZpZGVycy9NaWNyb3NvZnQuQmF0Y2gvbG9jYXRpb25zL3dlc3R1cy9xdW90YXM/YXBpLXZlcnNpb249MjAyMC0wNS0wMQ==",
>>>>>>> d78b04a5306127f583235b13752c48d4f7d1289a
      "RequestMethod": "GET",
      "RequestBody": "",
      "RequestHeaders": {
        "x-ms-client-request-id": [
<<<<<<< HEAD
          "6c1c0218-5627-41f9-a05d-b4a9aa46f472"
        ],
        "accept-language": [
          "en-US"
        ],
        "User-Agent": [
          "FxVersion/4.7.2650.0",
          "OSName/Windows10Enterprise",
          "OSVersion/6.3.16299",
          "Microsoft.Azure.Management.Batch.BatchManagementClient/4.2.0.0"
        ]
      },
      "ResponseBody": "{\r\n  \"accountQuota\": 1\r\n}",
      "ResponseHeaders": {
        "Content-Length": [
          "18"
        ],
        "Content-Type": [
          "application/json; charset=utf-8"
        ],
        "Expires": [
          "-1"
=======
          "79a2bb11-dd83-4402-b52f-6c678a84bfa1"
        ],
        "Accept-Language": [
          "en-US"
        ],
        "User-Agent": [
          "FxVersion/4.6.28207.03",
          "OSName/Windows",
          "OSVersion/Microsoft.Windows.10.0.18363.",
          "Microsoft.Azure.Management.Batch.BatchManagementClient/11.0.0.0"
        ]
      },
      "ResponseHeaders": {
        "Cache-Control": [
          "no-cache"
>>>>>>> d78b04a5306127f583235b13752c48d4f7d1289a
        ],
        "Pragma": [
          "no-cache"
        ],
        "x-ms-ratelimit-remaining-subscription-reads": [
<<<<<<< HEAD
          "14999"
        ],
        "x-ms-request-id": [
          "60ef52b4-5ee5-46b2-ad46-3b44bc90e48e"
=======
          "11999"
        ],
        "x-ms-request-id": [
          "3f7b5d89-b0ca-491d-a986-3a41758990cb"
>>>>>>> d78b04a5306127f583235b13752c48d4f7d1289a
        ],
        "Strict-Transport-Security": [
          "max-age=31536000; includeSubDomains"
        ],
        "X-Content-Type-Options": [
          "nosniff"
        ],
<<<<<<< HEAD
        "x-ms-correlation-request-id": [
          "f6104924-d213-4851-a7e7-336150bfb857"
        ],
        "x-ms-routing-request-id": [
          "WESTUS2:20180525T185714Z:f6104924-d213-4851-a7e7-336150bfb857"
        ],
        "Cache-Control": [
          "no-cache"
        ],
        "Date": [
          "Fri, 25 May 2018 18:57:14 GMT"
        ],
        "Server": [
          "Microsoft-HTTPAPI/2.0"
        ]
      },
=======
        "Server": [
          "Microsoft-HTTPAPI/2.0"
        ],
        "x-ms-correlation-request-id": [
          "d4a5130d-99b9-4ae0-87d1-accee2e39d22"
        ],
        "x-ms-routing-request-id": [
          "WESTUS:20200609T221412Z:d4a5130d-99b9-4ae0-87d1-accee2e39d22"
        ],
        "Date": [
          "Tue, 09 Jun 2020 22:14:11 GMT"
        ],
        "Content-Length": [
          "19"
        ],
        "Content-Type": [
          "application/json; charset=utf-8"
        ],
        "Expires": [
          "-1"
        ]
      },
      "ResponseBody": "{\r\n  \"accountQuota\": 50\r\n}",
>>>>>>> d78b04a5306127f583235b13752c48d4f7d1289a
      "StatusCode": 200
    }
  ],
  "Names": {},
  "Variables": {
<<<<<<< HEAD
    "SubscriptionId": "ac86108b-e8ec-4858-8603-2f80105f96db",
    "AZURE_BATCH_ACCOUNT": "batchtestaccount",
    "AZURE_BATCH_ENDPOINT": "https://batchtestaccount.westus.batch.azure.com",
    "AZURE_BATCH_RESOURCE_GROUP": "antoniowtestbatchrg"
=======
    "SubscriptionId": "21abd678-18c5-4660-9fdd-8c5ba6b6fe1f",
    "AZURE_BATCH_ACCOUNT": "prodtest6",
    "AZURE_BATCH_ENDPOINT": "https://prodtest6.francecentral.batch.azure.com",
    "AZURE_BATCH_RESOURCE_GROUP": "abc"
>>>>>>> d78b04a5306127f583235b13752c48d4f7d1289a
  }
}