{
  "Get-AzMigrateLocalJob+[NoContext]+ListByName+$GET+https://management.azure.com/subscriptions/304d8fdf-1c02-4907-9c3a-ddbd677199cd/resourceGroups/aszmige2etestscratchKPIvmw01/providers/Microsoft.Migrate/migrateProjects/aszmigtest1feff08/solutions/Servers-Migration-ServerMigration_DataReplication?api-version=2018-09-01-preview+1": {
    "Request": {
      "Method": "GET",
      "RequestUri": "https://management.azure.com/subscriptions/304d8fdf-1c02-4907-9c3a-ddbd677199cd/resourceGroups/aszmige2etestscratchKPIvmw01/providers/Microsoft.Migrate/migrateProjects/aszmigtest1feff08/solutions/Servers-Migration-ServerMigration_DataReplication?api-version=2018-09-01-preview",
      "Content": null,
      "isContentBase64": false,
      "Headers": {
        "x-ms-unique-id": [ "1" ],
        "x-ms-client-request-id": [ "50f2607e-9256-4f3a-8630-cb1012400513" ],
        "CommandName": [ "Az.Migrate.private\\Get-AzMigrateSolution_Get" ],
        "FullCommandName": [ "Get-AzMigrateSolution_Get" ],
        "ParameterSetName": [ "__AllParameterSets" ],
        "User-Agent": [ "AzurePowershell/v9.6.0", "PSVersion/v7.5.4", "Az.Migrate/2.10.0" ],
        "Authorization": [ "[Filtered]" ]
      },
      "ContentHeaders": {
      }
    },
    "Response": {
      "StatusCode": 200,
      "Headers": {
        "Cache-Control": [ "no-cache" ],
        "Pragma": [ "no-cache" ],
        "Strict-Transport-Security": [ "max-age=31536000; includeSubDomains" ],
        "x-ms-request-id": [ "144040fe-38f3-4f2c-ae47-8ab37cff1c9c" ],
        "X-Content-Type-Options": [ "nosniff" ],
        "x-ms-operation-identifier": [ "tenantId=d9b73d5e-a9d3-41ba-88c3-796a643e3edd,objectId=e0f19bab-d417-4ef9-bd34-bd839e5726dd/centraluseuap/2ff821e8-bd49-4c43-af74-6ddb930d5ded" ],
        "x-ms-throttling-version": [ "v2" ],
        "x-ms-ratelimit-remaining-subscription-reads": [ "249" ],
        "x-ms-correlation-request-id": [ "e24c73e7-6c34-49b0-b43a-7cdd5f3c605f" ],
        "x-ms-routing-request-id": [ "CENTRALUSEUAP:20251111T072820Z:e24c73e7-6c34-49b0-b43a-7cdd5f3c605f" ],
        "X-Cache": [ "CONFIG_NOCACHE" ],
        "X-MSEdge-Ref": [ "Ref A: A02B1B362D4E41F3A0E256BE68056BD2 Ref B: CO6AA3150219029 Ref C: 2025-11-11T07:28:19Z" ],
        "Date": [ "Tue, 11 Nov 2025 07:28:20 GMT" ]
      },
      "ContentHeaders": {
        "Content-Length": [ "1349" ],
        "Content-Type": [ "application/json; charset=utf-8" ],
        "Expires": [ "-1" ]
      },
      "Content": "{\"id\":\"/subscriptions/304d8fdf-1c02-4907-9c3a-ddbd677199cd/resourceGroups/aszmige2etestscratchKPIvmw01/providers/Microsoft.Migrate/MigrateProjects/aszmigtest1feff08/Solutions/Servers-Migration-ServerMigration_DataReplication\",\"name\":\"Servers-Migration-ServerMigration_DataReplication\",\"type\":\"Microsoft.Migrate/MigrateProjects/Solutions\",\"etag\":\"\\\"0500f773-0000-3300-0000-690d5e260000\\\"\",\"properties\":{\"tool\":\"ServerMigration_DataReplication\",\"purpose\":\"Migration\",\"goal\":\"Servers\",\"status\":\"Inactive\",\"cleanupState\":\"None\",\"summary\":{\"instanceType\":\"Servers\",\"discoveredCount\":0,\"assessedCount\":0,\"replicatingCount\":0,\"testMigratedCount\":0,\"migratedCount\":0},\"details\":{\"groupCount\":0,\"assessmentCount\":0,\"extendedDetails\":{\"serversOnWindows\":\"0\",\"serversOnLinux\":\"0\",\"serversOnOther\":\"0\",\"dependencyEnabledMachines\":\"0\",\"machinesHavingSqlServers\":\"0\",\"machinesHavingWebServers\":\"0\",\"vaultId\":\"/subscriptions/304d8fdf-1c02-4907-9c3a-ddbd677199cd/resourceGroups/aszmige2etestscratchKPIvmw01/providers/Microsoft.DataReplication/replicationVaults/aszmigtest1feff08replicationvault\",\"replicationStorageAccountId\":\"/subscriptions/304d8fdf-1c02-4907-9c3a-ddbd677199cd/resourceGroups/aszmige2etestscratchKPIvmw01/providers/Microsoft.Storage/storageAccounts/migratersa4845901\",\"aszreplicatingCount\":\"5\",\"asztestMigratedCount\":\"0\",\"aszmigratedCount\":\"5\"}}}}",
      "isContentBase64": false
    }
  },
  "Get-AzMigrateLocalJob+[NoContext]+ListByName+$GET+https://management.azure.com/subscriptions/304d8fdf-1c02-4907-9c3a-ddbd677199cd/resourceGroups/aszmige2etestscratchKPIvmw01/providers/Microsoft.DataReplication/replicationVaults/aszmigtest1feff08replicationvault/jobs?api-version=2024-09-01+2": {
    "Request": {
      "Method": "GET",
      "RequestUri": "https://management.azure.com/subscriptions/304d8fdf-1c02-4907-9c3a-ddbd677199cd/resourceGroups/aszmige2etestscratchKPIvmw01/providers/Microsoft.DataReplication/replicationVaults/aszmigtest1feff08replicationvault/jobs?api-version=2024-09-01",
      "Content": null,
      "isContentBase64": false,
      "Headers": {
        "x-ms-unique-id": [ "2" ],
        "x-ms-client-request-id": [ "f4701685-bb02-4fdc-943f-59096810f86f" ],
        "CommandName": [ "Az.Migrate.Internal\\Get-AzMigrateLocalReplicationJob" ],
        "FullCommandName": [ "Get-AzMigrateLocalReplicationJob_List1" ],
        "ParameterSetName": [ "__AllParameterSets" ],
        "User-Agent": [ "AzurePowershell/v9.6.0", "PSVersion/v7.5.4", "Az.Migrate/2.10.0" ],
        "Authorization": [ "[Filtered]" ]
      },
      "ContentHeaders": {
      }
    },
    "Response": {
      "StatusCode": 200,
      "Headers": {
        "Cache-Control": [ "no-cache" ],
        "Pragma": [ "no-cache" ],
        "api-supported-versions": [ "1.0, 2024-09-01" ],
        "x-ms-operation-identifier": [ "tenantId=d9b73d5e-a9d3-41ba-88c3-796a643e3edd,objectId=e0f19bab-d417-4ef9-bd34-bd839e5726dd/centraluseuap/3e00f836-92db-49c4-a607-175b043fb833" ],
        "x-ms-throttling-version": [ "v1" ],
        "x-ms-ratelimit-remaining-subscription-resource-requests": [ "1099" ],
        "x-ms-request-id": [ "532937a6-5d14-4082-bd41-c239045b5d13" ],
        "x-ms-correlation-request-id": [ "532937a6-5d14-4082-bd41-c239045b5d13" ],
        "x-ms-routing-request-id": [ "CENTRALUSEUAP:20251111T072820Z:532937a6-5d14-4082-bd41-c239045b5d13" ],
        "Strict-Transport-Security": [ "max-age=31536000; includeSubDomains" ],
        "X-Content-Type-Options": [ "nosniff" ],
        "X-Cache": [ "CONFIG_NOCACHE" ],
        "X-MSEdge-Ref": [ "Ref A: 1D706B0A52254169BA9EB67123E03DB0 Ref B: CO6AA3150219029 Ref C: 2025-11-11T07:28:20Z" ],
        "Date": [ "Tue, 11 Nov 2025 07:28:20 GMT" ]
      },
      "ContentHeaders": {
        "Content-Length": [ "26467" ],
        "Content-Type": [ "application/json; charset=utf-8" ],
        "Expires": [ "-1" ]
      },
      "Content": "{\"value\":[{\"properties\":{\"displayName\":\"Planned failover\",\"state\":\"Succeeded\",\"startTime\":\"2025-11-07T02:13:01.5126956Z\",\"endTime\":\"2025-11-07T02:48:12Z\",\"objectId\":\"/subscriptions/304d8fdf-1c02-4907-9c3a-ddbd677199cd/resourceGroups/aszmige2etestscratchKPIvmw01/providers/Microsoft.DataReplication/replicationVaults/aszmigtest1feff08replicationvault/protectedItems/100-69-177-104-31be0ff4-c932-4cb3-8efc-efa411d23480_50236aa8-35fb-7f53-50a1-0da9f0930c4f/plannedFailover\",\"objectName\":\"100-69-177-104-31be0ff4-c932-4cb3-8efc-efa411d23480_50236aa8-35fb-7f53-50a1-0da9f0930c4f\",\"objectInternalId\":\"e2900bb8-675b-5972-ad62-7f59471a02f0\",\"objectInternalName\":\"test-vm5-RHEL8\",\"objectType\":\"ProtectedItem\",\"replicationProviderId\":\"0a870516-56c7-4460-998c-f267bd579f16\",\"sourceFabricProviderId\":\"a2793d98-d4f1-427f-a5a6-2d694f4a1bf7\",\"targetFabricProviderId\":\"22f00372-a1b7-467f-87ce-d95e17a6e7c7\",\"allowedActions\":[],\"activityId\":\" ActivityId: 00000000-0000-0000-0000-000000000000\",\"tasks\":null,\"errors\":null,\"customProperties\":null,\"provisioningState\":\"Canceled\"},\"id\":\"/subscriptions/304d8fdf-1c02-4907-9c3a-ddbd677199cd/resourceGroups/aszmige2etestscratchKPIvmw01/providers/Microsoft.DataReplication/replicationVaults/aszmigtest1feff08replicationvault/jobs/505d92e9-3085-4132-beb9-9743e53321ce\",\"name\":\"505d92e9-3085-4132-beb9-9743e53321ce\",\"type\":\"Microsoft.DataReplication/replicationVaults/jobs\",\"systemData\":null},{\"properties\":{\"displayName\":\"Planned failover\",\"state\":\"Succeeded\",\"startTime\":\"2025-11-07T02:12:49.1859107Z\",\"endTime\":\"2025-11-07T02:49:10Z\",\"objectId\":\"/subscriptions/304d8fdf-1c02-4907-9c3a-ddbd677199cd/resourceGroups/aszmige2etestscratchKPIvmw01/providers/Microsoft.DataReplication/replicationVaults/aszmigtest1feff08replicationvault/protectedItems/100-69-177-104-31be0ff4-c932-4cb3-8efc-efa411d23480_5023a259-25fe-bd18-7ba7-aeac423b0cfa/plannedFailover\",\"objectName\":\"100-69-177-104-31be0ff4-c932-4cb3-8efc-efa411d23480_5023a259-25fe-bd18-7ba7-aeac423b0cfa\",\"objectInternalId\":\"0dfa2c74-773a-5cd8-89eb-9b6d6410af52\",\"objectInternalName\":\"test-vm4-RHEL7\",\"objectType\":\"ProtectedItem\",\"replicationProviderId\":\"0a870516-56c7-4460-998c-f267bd579f16\",\"sourceFabricProviderId\":\"a2793d98-d4f1-427f-a5a6-2d694f4a1bf7\",\"targetFabricProviderId\":\"22f00372-a1b7-467f-87ce-d95e17a6e7c7\",\"allowedActions\":[],\"activityId\":\" ActivityId: 00000000-0000-0000-0000-000000000000\",\"tasks\":null,\"errors\":null,\"customProperties\":null,\"provisioningState\":\"Canceled\"},\"id\":\"/subscriptions/304d8fdf-1c02-4907-9c3a-ddbd677199cd/resourceGroups/aszmige2etestscratchKPIvmw01/providers/Microsoft.DataReplication/replicationVaults/aszmigtest1feff08replicationvault/jobs/6bd9574a-7165-4ac4-81a5-99e838969733\",\"name\":\"6bd9574a-7165-4ac4-81a5-99e838969733\",\"type\":\"Microsoft.DataReplication/replicationVaults/jobs\",\"systemData\":null},{\"properties\":{\"displayName\":\"Planned failover\",\"state\":\"Succeeded\",\"startTime\":\"2025-11-07T02:12:36.3431998Z\",\"endTime\":\"2025-11-07T02:45:39Z\",\"objectId\":\"/subscriptions/304d8fdf-1c02-4907-9c3a-ddbd677199cd/resourceGroups/aszmige2etestscratchKPIvmw01/providers/Microsoft.DataReplication/replicationVaults/aszmigtest1feff08replicationvault/protectedItems/100-69-177-104-31be0ff4-c932-4cb3-8efc-efa411d23480_50237319-3435-fd30-7dab-4cd149f8e901/plannedFailover\",\"objectName\":\"100-69-177-104-31be0ff4-c932-4cb3-8efc-efa411d23480_50237319-3435-fd30-7dab-4cd149f8e901\",\"objectInternalId\":\"11baf59a-4a15-523b-b4a4-3dfac001bf02\",\"objectInternalName\":\"test-vm3-winserver19\",\"objectType\":\"ProtectedItem\",\"replicationProviderId\":\"0a870516-56c7-4460-998c-f267bd579f16\",\"sourceFabricProviderId\":\"a2793d98-d4f1-427f-a5a6-2d694f4a1bf7\",\"targetFabricProviderId\":\"22f00372-a1b7-467f-87ce-d95e17a6e7c7\",\"allowedActions\":[],\"activityId\":\" ActivityId: 00000000-0000-0000-0000-000000000000\",\"tasks\":null,\"errors\":null,\"customProperties\":null,\"provisioningState\":\"Canceled\"},\"id\":\"/subscriptions/304d8fdf-1c02-4907-9c3a-ddbd677199cd/resourceGroups/aszmige2etestscratchKPIvmw01/providers/Microsoft.DataReplication/replicationVaults/aszmigtest1feff08replicationvault/jobs/75ae74a5-fa7f-40bf-a351-6e2371e21454\",\"name\":\"75ae74a5-fa7f-40bf-a351-6e2371e21454\",\"type\":\"Microsoft.DataReplication/replicationVaults/jobs\",\"systemData\":null},{\"properties\":{\"displayName\":\"Planned failover\",\"state\":\"Succeeded\",\"startTime\":\"2025-11-07T02:12:24.0742814Z\",\"endTime\":\"2025-11-07T02:46:19Z\",\"objectId\":\"/subscriptions/304d8fdf-1c02-4907-9c3a-ddbd677199cd/resourceGroups/aszmige2etestscratchKPIvmw01/providers/Microsoft.DataReplication/replicationVaults/aszmigtest1feff08replicationvault/protectedItems/100-69-177-104-31be0ff4-c932-4cb3-8efc-efa411d23480_50236a85-980d-090a-3e67-71a2befa34fb/plannedFailover\",\"objectName\":\"100-69-177-104-31be0ff4-c932-4cb3-8efc-efa411d23480_50236a85-980d-090a-3e67-71a2befa34fb\",\"objectInternalId\":\"3c3fd571-61d5-5556-b0b0-1e520dce9fbf\",\"objectInternalName\":\"test-vm2-ws2019efi\",\"objectType\":\"ProtectedItem\",\"replicationProviderId\":\"0a870516-56c7-4460-998c-f267bd579f16\",\"sourceFabricProviderId\":\"a2793d98-d4f1-427f-a5a6-2d694f4a1bf7\",\"targetFabricProviderId\":\"22f00372-a1b7-467f-87ce-d95e17a6e7c7\",\"allowedActions\":[],\"activityId\":\" ActivityId: 00000000-0000-0000-0000-000000000000\",\"tasks\":null,\"errors\":null,\"customProperties\":null,\"provisioningState\":\"Canceled\"},\"id\":\"/subscriptions/304d8fdf-1c02-4907-9c3a-ddbd677199cd/resourceGroups/aszmige2etestscratchKPIvmw01/providers/Microsoft.DataReplication/replicationVaults/aszmigtest1feff08replicationvault/jobs/bf8d97c7-00d5-4d98-a480-06182ff1e92c\",\"name\":\"bf8d97c7-00d5-4d98-a480-06182ff1e92c\",\"type\":\"Microsoft.DataReplication/replicationVaults/jobs\",\"systemData\":null},{\"properties\":{\"displayName\":\"Planned failover\",\"state\":\"Succeeded\",\"startTime\":\"2025-11-07T02:12:12.8088153Z\",\"endTime\":\"2025-11-07T02:46:52Z\",\"objectId\":\"/subscriptions/304d8fdf-1c02-4907-9c3a-ddbd677199cd/resourceGroups/aszmige2etestscratchKPIvmw01/providers/Microsoft.DataReplication/replicationVaults/aszmigtest1feff08replicationvault/protectedItems/100-69-177-104-31be0ff4-c932-4cb3-8efc-efa411d23480_5023e767-fa53-9dc1-0d0e-9cd583fdd084/plannedFailover\",\"objectName\":\"100-69-177-104-31be0ff4-c932-4cb3-8efc-efa411d23480_5023e767-fa53-9dc1-0d0e-9cd583fdd084\",\"objectInternalId\":\"e9a188fe-a874-5827-be07-920b09cc2018\",\"objectInternalName\":\"test-vm1-UbuntuVM64\",\"objectType\":\"ProtectedItem\",\"replicationProviderId\":\"0a870516-56c7-4460-998c-f267bd579f16\",\"sourceFabricProviderId\":\"a2793d98-d4f1-427f-a5a6-2d694f4a1bf7\",\"targetFabricProviderId\":\"22f00372-a1b7-467f-87ce-d95e17a6e7c7\",\"allowedActions\":[],\"activityId\":\" ActivityId: 00000000-0000-0000-0000-000000000000\",\"tasks\":null,\"errors\":null,\"customProperties\":null,\"provisioningState\":\"Canceled\"},\"id\":\"/subscriptions/304d8fdf-1c02-4907-9c3a-ddbd677199cd/resourceGroups/aszmige2etestscratchKPIvmw01/providers/Microsoft.DataReplication/replicationVaults/aszmigtest1feff08replicationvault/jobs/64b9e136-b9ab-4c07-b45b-07c5436bd6a2\",\"name\":\"64b9e136-b9ab-4c07-b45b-07c5436bd6a2\",\"type\":\"Microsoft.DataReplication/replicationVaults/jobs\",\"systemData\":null},{\"properties\":{\"displayName\":\"Delete protected item\",\"state\":\"Succeeded\",\"startTime\":\"2025-11-07T02:01:00.7489527Z\",\"endTime\":\"2025-11-07T02:05:43Z\",\"objectId\":\"/subscriptions/304d8fdf-1c02-4907-9c3a-ddbd677199cd/resourceGroups/aszmige2etestscratchKPIvmw01/providers/Microsoft.DataReplication/replicationVaults/aszmigtest1feff08replicationvault/protectedItems/100-69-177-104-31be0ff4-c932-4cb3-8efc-efa411d23480_5023dc56-deb4-fb3f-7a61-c27ad83256fc\",\"objectName\":\"100-69-177-104-31be0ff4-c932-4cb3-8efc-efa411d23480_5023dc56-deb4-fb3f-7a61-c27ad83256fc\",\"objectInternalId\":\"1cf53e4e-d63a-5aab-8980-6dc518f01b8e\",\"objectInternalName\":\"test-vm6-ubuntuvm64efi\",\"objectType\":\"ProtectedItem\",\"replicationProviderId\":\"0a870516-56c7-4460-998c-f267bd579f16\",\"sourceFabricProviderId\":\"a2793d98-d4f1-427f-a5a6-2d694f4a1bf7\",\"targetFabricProviderId\":\"22f00372-a1b7-467f-87ce-d95e17a6e7c7\",\"allowedActions\":[],\"activityId\":\" ActivityId: 00000000-0000-0000-0000-000000000000\",\"tasks\":null,\"errors\":null,\"customProperties\":null,\"provisioningState\":\"Canceled\"},\"id\":\"/subscriptions/304d8fdf-1c02-4907-9c3a-ddbd677199cd/resourceGroups/aszmige2etestscratchKPIvmw01/providers/Microsoft.DataReplication/replicationVaults/aszmigtest1feff08replicationvault/jobs/9c1beb31-5f59-4df4-87fc-7bd4d50b5d11\",\"name\":\"9c1beb31-5f59-4df4-87fc-7bd4d50b5d11\",\"type\":\"Microsoft.DataReplication/replicationVaults/jobs\",\"systemData\":null},{\"properties\":{\"displayName\":\"Complete initial replication\",\"state\":\"Succeeded\",\"startTime\":\"2025-11-07T01:59:27.1760117Z\",\"endTime\":\"2025-11-07T01:59:57.1760117Z\",\"objectId\":null,\"objectName\":\"100-69-177-104-31be0ff4-c932-4cb3-8efc-efa411d23480_50236a85-980d-090a-3e67-71a2befa34fb\",\"objectInternalId\":\"3c3fd571-61d5-5556-b0b0-1e520dce9fbf\",\"objectInternalName\":\"test-vm2-ws2019efi\",\"objectType\":\"ProtectedItem\",\"replicationProviderId\":\"0a870516-56c7-4460-998c-f267bd579f16\",\"sourceFabricProviderId\":\"a2793d98-d4f1-427f-a5a6-2d694f4a1bf7\",\"targetFabricProviderId\":\"22f00372-a1b7-467f-87ce-d95e17a6e7c7\",\"allowedActions\":[],\"activityId\":\" ActivityId: 00000000-0000-0000-0000-000000000000\",\"tasks\":null,\"errors\":null,\"customProperties\":null,\"provisioningState\":\"Canceled\"},\"id\":\"/subscriptions/304d8fdf-1c02-4907-9c3a-ddbd677199cd/resourceGroups/aszmige2etestscratchKPIvmw01/providers/Microsoft.DataReplication/replicationVaults/aszmigtest1feff08replicationvault/jobs/811c259a-35c9-4777-b6a3-5e879b5b500f\",\"name\":\"811c259a-35c9-4777-b6a3-5e879b5b500f\",\"type\":\"Microsoft.DataReplication/replicationVaults/jobs\",\"systemData\":null},{\"properties\":{\"displayName\":\"Complete initial replication\",\"state\":\"Succeeded\",\"startTime\":\"2025-11-07T01:54:01.9436755Z\",\"endTime\":\"2025-11-07T01:54:02Z\",\"objectId\":null,\"objectName\":\"100-69-177-104-31be0ff4-c932-4cb3-8efc-efa411d23480_5023e767-fa53-9dc1-0d0e-9cd583fdd084\",\"objectInternalId\":\"e9a188fe-a874-5827-be07-920b09cc2018\",\"objectInternalName\":\"test-vm1-UbuntuVM64\",\"objectType\":\"ProtectedItem\",\"replicationProviderId\":\"0a870516-56c7-4460-998c-f267bd579f16\",\"sourceFabricProviderId\":\"a2793d98-d4f1-427f-a5a6-2d694f4a1bf7\",\"targetFabricProviderId\":\"22f00372-a1b7-467f-87ce-d95e17a6e7c7\",\"allowedActions\":[],\"activityId\":\" ActivityId: 00000000-0000-0000-0000-000000000000\",\"tasks\":null,\"errors\":null,\"customProperties\":null,\"provisioningState\":\"Canceled\"},\"id\":\"/subscriptions/304d8fdf-1c02-4907-9c3a-ddbd677199cd/resourceGroups/aszmige2etestscratchKPIvmw01/providers/Microsoft.DataReplication/replicationVaults/aszmigtest1feff08replicationvault/jobs/446cc388-56a3-41ec-b8f0-54b5dfe289e8\",\"name\":\"446cc388-56a3-41ec-b8f0-54b5dfe289e8\",\"type\":\"Microsoft.DataReplication/replicationVaults/jobs\",\"systemData\":null},{\"properties\":{\"displayName\":\"Complete initial replication\",\"state\":\"Succeeded\",\"startTime\":\"2025-11-07T01:51:19.6821539Z\",\"endTime\":\"2025-11-07T01:51:20Z\",\"objectId\":null,\"objectName\":\"100-69-177-104-31be0ff4-c932-4cb3-8efc-efa411d23480_5023dc56-deb4-fb3f-7a61-c27ad83256fc\",\"objectInternalId\":\"1cf53e4e-d63a-5aab-8980-6dc518f01b8e\",\"objectInternalName\":\"test-vm6-ubuntuvm64efi\",\"objectType\":\"ProtectedItem\",\"replicationProviderId\":\"0a870516-56c7-4460-998c-f267bd579f16\",\"sourceFabricProviderId\":\"a2793d98-d4f1-427f-a5a6-2d694f4a1bf7\",\"targetFabricProviderId\":\"22f00372-a1b7-467f-87ce-d95e17a6e7c7\",\"allowedActions\":[],\"activityId\":\" ActivityId: 00000000-0000-0000-0000-000000000000\",\"tasks\":null,\"errors\":null,\"customProperties\":null,\"provisioningState\":\"Canceled\"},\"id\":\"/subscriptions/304d8fdf-1c02-4907-9c3a-ddbd677199cd/resourceGroups/aszmige2etestscratchKPIvmw01/providers/Microsoft.DataReplication/replicationVaults/aszmigtest1feff08replicationvault/jobs/511c8553-314c-4af3-bce9-1d87a73fa1aa\",\"name\":\"511c8553-314c-4af3-bce9-1d87a73fa1aa\",\"type\":\"Microsoft.DataReplication/replicationVaults/jobs\",\"systemData\":null},{\"properties\":{\"displayName\":\"Complete initial replication\",\"state\":\"Succeeded\",\"startTime\":\"2025-11-07T01:33:27.5385733Z\",\"endTime\":\"2025-11-07T01:33:28Z\",\"objectId\":null,\"objectName\":\"100-69-177-104-31be0ff4-c932-4cb3-8efc-efa411d23480_50237319-3435-fd30-7dab-4cd149f8e901\",\"objectInternalId\":\"11baf59a-4a15-523b-b4a4-3dfac001bf02\",\"objectInternalName\":\"test-vm3-winserver19\",\"objectType\":\"ProtectedItem\",\"replicationProviderId\":\"0a870516-56c7-4460-998c-f267bd579f16\",\"sourceFabricProviderId\":\"a2793d98-d4f1-427f-a5a6-2d694f4a1bf7\",\"targetFabricProviderId\":\"22f00372-a1b7-467f-87ce-d95e17a6e7c7\",\"allowedActions\":[],\"activityId\":\" ActivityId: 00000000-0000-0000-0000-000000000000\",\"tasks\":null,\"errors\":null,\"customProperties\":null,\"provisioningState\":\"Canceled\"},\"id\":\"/subscriptions/304d8fdf-1c02-4907-9c3a-ddbd677199cd/resourceGroups/aszmige2etestscratchKPIvmw01/providers/Microsoft.DataReplication/replicationVaults/aszmigtest1feff08replicationvault/jobs/5c4bd087-6b0e-4961-b307-e3b85282c0ae\",\"name\":\"5c4bd087-6b0e-4961-b307-e3b85282c0ae\",\"type\":\"Microsoft.DataReplication/replicationVaults/jobs\",\"systemData\":null},{\"properties\":{\"displayName\":\"Complete initial replication\",\"state\":\"Succeeded\",\"startTime\":\"2025-11-07T01:30:46.2541979Z\",\"endTime\":\"2025-11-07T01:31:16.2541979Z\",\"objectId\":null,\"objectName\":\"100-69-177-104-31be0ff4-c932-4cb3-8efc-efa411d23480_5023a259-25fe-bd18-7ba7-aeac423b0cfa\",\"objectInternalId\":\"0dfa2c74-773a-5cd8-89eb-9b6d6410af52\",\"objectInternalName\":\"test-vm4-RHEL7\",\"objectType\":\"ProtectedItem\",\"replicationProviderId\":\"0a870516-56c7-4460-998c-f267bd579f16\",\"sourceFabricProviderId\":\"a2793d98-d4f1-427f-a5a6-2d694f4a1bf7\",\"targetFabricProviderId\":\"22f00372-a1b7-467f-87ce-d95e17a6e7c7\",\"allowedActions\":[],\"activityId\":\" ActivityId: 00000000-0000-0000-0000-000000000000\",\"tasks\":null,\"errors\":null,\"customProperties\":null,\"provisioningState\":\"Canceled\"},\"id\":\"/subscriptions/304d8fdf-1c02-4907-9c3a-ddbd677199cd/resourceGroups/aszmige2etestscratchKPIvmw01/providers/Microsoft.DataReplication/replicationVaults/aszmigtest1feff08replicationvault/jobs/4e85a7d7-a04f-4265-9162-e0247a77b489\",\"name\":\"4e85a7d7-a04f-4265-9162-e0247a77b489\",\"type\":\"Microsoft.DataReplication/replicationVaults/jobs\",\"systemData\":null},{\"properties\":{\"displayName\":\"Complete initial replication\",\"state\":\"Succeeded\",\"startTime\":\"2025-11-07T01:30:46.218674Z\",\"endTime\":\"2025-11-07T01:30:53Z\",\"objectId\":null,\"objectName\":\"100-69-177-104-31be0ff4-c932-4cb3-8efc-efa411d23480_50236aa8-35fb-7f53-50a1-0da9f0930c4f\",\"objectInternalId\":\"e2900bb8-675b-5972-ad62-7f59471a02f0\",\"objectInternalName\":\"test-vm5-RHEL8\",\"objectType\":\"ProtectedItem\",\"replicationProviderId\":\"0a870516-56c7-4460-998c-f267bd579f16\",\"sourceFabricProviderId\":\"a2793d98-d4f1-427f-a5a6-2d694f4a1bf7\",\"targetFabricProviderId\":\"22f00372-a1b7-467f-87ce-d95e17a6e7c7\",\"allowedActions\":[],\"activityId\":\" ActivityId: 00000000-0000-0000-0000-000000000000\",\"tasks\":null,\"errors\":null,\"customProperties\":null,\"provisioningState\":\"Canceled\"},\"id\":\"/subscriptions/304d8fdf-1c02-4907-9c3a-ddbd677199cd/resourceGroups/aszmige2etestscratchKPIvmw01/providers/Microsoft.DataReplication/replicationVaults/aszmigtest1feff08replicationvault/jobs/c8e06126-f8d6-4860-bdcf-a49e414903f0\",\"name\":\"c8e06126-f8d6-4860-bdcf-a49e414903f0\",\"type\":\"Microsoft.DataReplication/replicationVaults/jobs\",\"systemData\":null},{\"properties\":{\"displayName\":\"Create or update protected item\",\"state\":\"Succeeded\",\"startTime\":\"2025-11-07T01:07:42.034041Z\",\"endTime\":\"2025-11-07T01:16:29Z\",\"objectId\":\"/subscriptions/304d8fdf-1c02-4907-9c3a-ddbd677199cd/resourceGroups/aszmige2etestscratchKPIvmw01/providers/Microsoft.DataReplication/replicationVaults/aszmigtest1feff08replicationvault/protectedItems/100-69-177-104-31be0ff4-c932-4cb3-8efc-efa411d23480_5023dc56-deb4-fb3f-7a61-c27ad83256fc\",\"objectName\":\"100-69-177-104-31be0ff4-c932-4cb3-8efc-efa411d23480_5023dc56-deb4-fb3f-7a61-c27ad83256fc\",\"objectInternalId\":\"1cf53e4e-d63a-5aab-8980-6dc518f01b8e\",\"objectInternalName\":\"test-vm6-ubuntuvm64efi\",\"objectType\":\"ProtectedItem\",\"replicationProviderId\":\"0a870516-56c7-4460-998c-f267bd579f16\",\"sourceFabricProviderId\":\"a2793d98-d4f1-427f-a5a6-2d694f4a1bf7\",\"targetFabricProviderId\":\"22f00372-a1b7-467f-87ce-d95e17a6e7c7\",\"allowedActions\":[],\"activityId\":\" ActivityId: 00000000-0000-0000-0000-000000000000\",\"tasks\":null,\"errors\":null,\"customProperties\":null,\"provisioningState\":\"Canceled\"},\"id\":\"/subscriptions/304d8fdf-1c02-4907-9c3a-ddbd677199cd/resourceGroups/aszmige2etestscratchKPIvmw01/providers/Microsoft.DataReplication/replicationVaults/aszmigtest1feff08replicationvault/jobs/89a43035-6142-46d8-b634-760dcb4c40a1\",\"name\":\"89a43035-6142-46d8-b634-760dcb4c40a1\",\"type\":\"Microsoft.DataReplication/replicationVaults/jobs\",\"systemData\":null},{\"properties\":{\"displayName\":\"Create or update protected item\",\"state\":\"Succeeded\",\"startTime\":\"2025-11-07T01:06:43.4085865Z\",\"endTime\":\"2025-11-07T01:17:09Z\",\"objectId\":\"/subscriptions/304d8fdf-1c02-4907-9c3a-ddbd677199cd/resourceGroups/aszmige2etestscratchKPIvmw01/providers/Microsoft.DataReplication/replicationVaults/aszmigtest1feff08replicationvault/protectedItems/100-69-177-104-31be0ff4-c932-4cb3-8efc-efa411d23480_50236aa8-35fb-7f53-50a1-0da9f0930c4f\",\"objectName\":\"100-69-177-104-31be0ff4-c932-4cb3-8efc-efa411d23480_50236aa8-35fb-7f53-50a1-0da9f0930c4f\",\"objectInternalId\":\"e2900bb8-675b-5972-ad62-7f59471a02f0\",\"objectInternalName\":\"test-vm5-RHEL8\",\"objectType\":\"ProtectedItem\",\"replicationProviderId\":\"0a870516-56c7-4460-998c-f267bd579f16\",\"sourceFabricProviderId\":\"a2793d98-d4f1-427f-a5a6-2d694f4a1bf7\",\"targetFabricProviderId\":\"22f00372-a1b7-467f-87ce-d95e17a6e7c7\",\"allowedActions\":[],\"activityId\":\" ActivityId: 00000000-0000-0000-0000-000000000000\",\"tasks\":null,\"errors\":null,\"customProperties\":null,\"provisioningState\":\"Canceled\"},\"id\":\"/subscriptions/304d8fdf-1c02-4907-9c3a-ddbd677199cd/resourceGroups/aszmige2etestscratchKPIvmw01/providers/Microsoft.DataReplication/replicationVaults/aszmigtest1feff08replicationvault/jobs/5753593d-2f06-4051-8323-d099d5f0d19b\",\"name\":\"5753593d-2f06-4051-8323-d099d5f0d19b\",\"type\":\"Microsoft.DataReplication/replicationVaults/jobs\",\"systemData\":null},{\"properties\":{\"displayName\":\"Create or update protected item\",\"state\":\"Succeeded\",\"startTime\":\"2025-11-07T01:05:45.8014875Z\",\"endTime\":\"2025-11-07T01:14:03Z\",\"objectId\":\"/subscriptions/304d8fdf-1c02-4907-9c3a-ddbd677199cd/resourceGroups/aszmige2etestscratchKPIvmw01/providers/Microsoft.DataReplication/replicationVaults/aszmigtest1feff08replicationvault/protectedItems/100-69-177-104-31be0ff4-c932-4cb3-8efc-efa411d23480_5023a259-25fe-bd18-7ba7-aeac423b0cfa\",\"objectName\":\"100-69-177-104-31be0ff4-c932-4cb3-8efc-efa411d23480_5023a259-25fe-bd18-7ba7-aeac423b0cfa\",\"objectInternalId\":\"0dfa2c74-773a-5cd8-89eb-9b6d6410af52\",\"objectInternalName\":\"test-vm4-RHEL7\",\"objectType\":\"ProtectedItem\",\"replicationProviderId\":\"0a870516-56c7-4460-998c-f267bd579f16\",\"sourceFabricProviderId\":\"a2793d98-d4f1-427f-a5a6-2d694f4a1bf7\",\"targetFabricProviderId\":\"22f00372-a1b7-467f-87ce-d95e17a6e7c7\",\"allowedActions\":[],\"activityId\":\" ActivityId: 00000000-0000-0000-0000-000000000000\",\"tasks\":null,\"errors\":null,\"customProperties\":null,\"provisioningState\":\"Canceled\"},\"id\":\"/subscriptions/304d8fdf-1c02-4907-9c3a-ddbd677199cd/resourceGroups/aszmige2etestscratchKPIvmw01/providers/Microsoft.DataReplication/replicationVaults/aszmigtest1feff08replicationvault/jobs/b17be440-5d7b-4f9c-aff1-ffaca5130109\",\"name\":\"b17be440-5d7b-4f9c-aff1-ffaca5130109\",\"type\":\"Microsoft.DataReplication/replicationVaults/jobs\",\"systemData\":null},{\"properties\":{\"displayName\":\"Create or update protected item\",\"state\":\"Succeeded\",\"startTime\":\"2025-11-07T01:04:39.9298157Z\",\"endTime\":\"2025-11-07T01:12:41Z\",\"objectId\":\"/subscriptions/304d8fdf-1c02-4907-9c3a-ddbd677199cd/resourceGroups/aszmige2etestscratchKPIvmw01/providers/Microsoft.DataReplication/replicationVaults/aszmigtest1feff08replicationvault/protectedItems/100-69-177-104-31be0ff4-c932-4cb3-8efc-efa411d23480_50237319-3435-fd30-7dab-4cd149f8e901\",\"objectName\":\"100-69-177-104-31be0ff4-c932-4cb3-8efc-efa411d23480_50237319-3435-fd30-7dab-4cd149f8e901\",\"objectInternalId\":\"11baf59a-4a15-523b-b4a4-3dfac001bf02\",\"objectInternalName\":\"test-vm3-winserver19\",\"objectType\":\"ProtectedItem\",\"replicationProviderId\":\"0a870516-56c7-4460-998c-f267bd579f16\",\"sourceFabricProviderId\":\"a2793d98-d4f1-427f-a5a6-2d694f4a1bf7\",\"targetFabricProviderId\":\"22f00372-a1b7-467f-87ce-d95e17a6e7c7\",\"allowedActions\":[],\"activityId\":\" ActivityId: 00000000-0000-0000-0000-000000000000\",\"tasks\":null,\"errors\":null,\"customProperties\":null,\"provisioningState\":\"Canceled\"},\"id\":\"/subscriptions/304d8fdf-1c02-4907-9c3a-ddbd677199cd/resourceGroups/aszmige2etestscratchKPIvmw01/providers/Microsoft.DataReplication/replicationVaults/aszmigtest1feff08replicationvault/jobs/9532d02e-097e-4dd0-aa15-36403d98e67b\",\"name\":\"9532d02e-097e-4dd0-aa15-36403d98e67b\",\"type\":\"Microsoft.DataReplication/replicationVaults/jobs\",\"systemData\":null},{\"properties\":{\"displayName\":\"Create or update protected item\",\"state\":\"Succeeded\",\"startTime\":\"2025-11-07T01:03:39.5052968Z\",\"endTime\":\"2025-11-07T01:07:54Z\",\"objectId\":\"/subscriptions/304d8fdf-1c02-4907-9c3a-ddbd677199cd/resourceGroups/aszmige2etestscratchKPIvmw01/providers/Microsoft.DataReplication/replicationVaults/aszmigtest1feff08replicationvault/protectedItems/100-69-177-104-31be0ff4-c932-4cb3-8efc-efa411d23480_50236a85-980d-090a-3e67-71a2befa34fb\",\"objectName\":\"100-69-177-104-31be0ff4-c932-4cb3-8efc-efa411d23480_50236a85-980d-090a-3e67-71a2befa34fb\",\"objectInternalId\":\"3c3fd571-61d5-5556-b0b0-1e520dce9fbf\",\"objectInternalName\":\"test-vm2-ws2019efi\",\"objectType\":\"ProtectedItem\",\"replicationProviderId\":\"0a870516-56c7-4460-998c-f267bd579f16\",\"sourceFabricProviderId\":\"a2793d98-d4f1-427f-a5a6-2d694f4a1bf7\",\"targetFabricProviderId\":\"22f00372-a1b7-467f-87ce-d95e17a6e7c7\",\"allowedActions\":[],\"activityId\":\" ActivityId: 00000000-0000-0000-0000-000000000000\",\"tasks\":null,\"errors\":null,\"customProperties\":null,\"provisioningState\":\"Canceled\"},\"id\":\"/subscriptions/304d8fdf-1c02-4907-9c3a-ddbd677199cd/resourceGroups/aszmige2etestscratchKPIvmw01/providers/Microsoft.DataReplication/replicationVaults/aszmigtest1feff08replicationvault/jobs/3407f77f-8a94-46c0-9479-c8db9dc762df\",\"name\":\"3407f77f-8a94-46c0-9479-c8db9dc762df\",\"type\":\"Microsoft.DataReplication/replicationVaults/jobs\",\"systemData\":null},{\"properties\":{\"displayName\":\"Create or update protected item\",\"state\":\"Succeeded\",\"startTime\":\"2025-11-07T01:02:42.433007Z\",\"endTime\":\"2025-11-07T01:07:53Z\",\"objectId\":\"/subscriptions/304d8fdf-1c02-4907-9c3a-ddbd677199cd/resourceGroups/aszmige2etestscratchKPIvmw01/providers/Microsoft.DataReplication/replicationVaults/aszmigtest1feff08replicationvault/protectedItems/100-69-177-104-31be0ff4-c932-4cb3-8efc-efa411d23480_5023e767-fa53-9dc1-0d0e-9cd583fdd084\",\"objectName\":\"100-69-177-104-31be0ff4-c932-4cb3-8efc-efa411d23480_5023e767-fa53-9dc1-0d0e-9cd583fdd084\",\"objectInternalId\":\"e9a188fe-a874-5827-be07-920b09cc2018\",\"objectInternalName\":\"test-vm1-UbuntuVM64\",\"objectType\":\"ProtectedItem\",\"replicationProviderId\":\"0a870516-56c7-4460-998c-f267bd579f16\",\"sourceFabricProviderId\":\"a2793d98-d4f1-427f-a5a6-2d694f4a1bf7\",\"targetFabricProviderId\":\"22f00372-a1b7-467f-87ce-d95e17a6e7c7\",\"allowedActions\":[],\"activityId\":\" ActivityId: 00000000-0000-0000-0000-000000000000\",\"tasks\":null,\"errors\":null,\"customProperties\":null,\"provisioningState\":\"Canceled\"},\"id\":\"/subscriptions/304d8fdf-1c02-4907-9c3a-ddbd677199cd/resourceGroups/aszmige2etestscratchKPIvmw01/providers/Microsoft.DataReplication/replicationVaults/aszmigtest1feff08replicationvault/jobs/076f465c-3984-4061-a301-504b1d8b04f1\",\"name\":\"076f465c-3984-4061-a301-504b1d8b04f1\",\"type\":\"Microsoft.DataReplication/replicationVaults/jobs\",\"systemData\":null},{\"properties\":{\"displayName\":\"Create or update replication extension\",\"state\":\"Succeeded\",\"startTime\":\"2025-11-07T00:59:28.1547948Z\",\"endTime\":\"2025-11-07T01:01:39Z\",\"objectId\":\"/subscriptions/304d8fdf-1c02-4907-9c3a-ddbd677199cd/resourceGroups/aszmige2etestscratchKPIvmw01/providers/Microsoft.DataReplication/replicationVaults/aszmigtest1feff08replicationvault/replicationExtensions/VMware-1feff0874f1replicationfabric-asz-1feff08bcd3replicationfabric-MigReplicationExtn\",\"objectName\":\"VMware-1feff0874f1replicationfabric-asz-1feff08bcd3replicationfabric-MigReplicationExtn\",\"objectInternalId\":\"VMware-1feff0874f1replicationfabric-asz-1feff08bcd3replicationfabric-MigReplicationExtn\",\"objectInternalName\":\"VMware-1feff0874f1replicationfabric-asz-1feff08bcd3replicationfabric-MigReplicationExtn\",\"objectType\":\"ReplicationExtension\",\"replicationProviderId\":\"0a870516-56c7-4460-998c-f267bd579f16\",\"sourceFabricProviderId\":null,\"targetFabricProviderId\":null,\"allowedActions\":[],\"activityId\":\" ActivityId: 00000000-0000-0000-0000-000000000000\",\"tasks\":null,\"errors\":null,\"customProperties\":null,\"provisioningState\":\"Canceled\"},\"id\":\"/subscriptions/304d8fdf-1c02-4907-9c3a-ddbd677199cd/resourceGroups/aszmige2etestscratchKPIvmw01/providers/Microsoft.DataReplication/replicationVaults/aszmigtest1feff08replicationvault/jobs/ee997e45-29e3-40c1-8f17-1e83c9a405b7\",\"name\":\"ee997e45-29e3-40c1-8f17-1e83c9a405b7\",\"type\":\"Microsoft.DataReplication/replicationVaults/jobs\",\"systemData\":null},{\"properties\":{\"displayName\":\"Create or update replication policy\",\"state\":\"Succeeded\",\"startTime\":\"2025-11-07T00:55:10.6943143Z\",\"endTime\":\"2025-11-07T00:55:11Z\",\"objectId\":\"/subscriptions/304d8fdf-1c02-4907-9c3a-ddbd677199cd/resourceGroups/aszmige2etestscratchKPIvmw01/providers/Microsoft.DataReplication/replicationVaults/aszmigtest1feff08replicationvault/replicationPolicies/aszmigtest1feff08replicationvaultVMwareToAzStackHCIpolicy\",\"objectName\":\"aszmigtest1feff08replicationvaultVMwareToAzStackHCIpolicy\",\"objectInternalId\":\"aszmigtest1feff08replicationvaultVMwareToAzStackHCIpolicy\",\"objectInternalName\":\"aszmigtest1feff08replicationvaultVMwareToAzStackHCIpolicy\",\"objectType\":\"Policy\",\"replicationProviderId\":\"0a870516-56c7-4460-998c-f267bd579f16\",\"sourceFabricProviderId\":null,\"targetFabricProviderId\":null,\"allowedActions\":[],\"activityId\":\" ActivityId: 00000000-0000-0000-0000-000000000000\",\"tasks\":null,\"errors\":null,\"customProperties\":null,\"provisioningState\":\"Canceled\"},\"id\":\"/subscriptions/304d8fdf-1c02-4907-9c3a-ddbd677199cd/resourceGroups/aszmige2etestscratchKPIvmw01/providers/Microsoft.DataReplication/replicationVaults/aszmigtest1feff08replicationvault/jobs/887a917c-ccb3-4455-b62c-cb73b0db994a\",\"name\":\"887a917c-ccb3-4455-b62c-cb73b0db994a\",\"type\":\"Microsoft.DataReplication/replicationVaults/jobs\",\"systemData\":null}],\"nextLink\":null}",
      "isContentBase64": false
    }
  },
  "Get-AzMigrateLocalJob+[NoContext]+GetByName+$GET+https://management.azure.com/subscriptions/304d8fdf-1c02-4907-9c3a-ddbd677199cd/resourceGroups/aszmige2etestscratchKPIvmw01/providers/Microsoft.Migrate/migrateProjects/aszmigtest1feff08/solutions/Servers-Migration-ServerMigration_DataReplication?api-version=2018-09-01-preview+1": {
    "Request": {
      "Method": "GET",
      "RequestUri": "https://management.azure.com/subscriptions/304d8fdf-1c02-4907-9c3a-ddbd677199cd/resourceGroups/aszmige2etestscratchKPIvmw01/providers/Microsoft.Migrate/migrateProjects/aszmigtest1feff08/solutions/Servers-Migration-ServerMigration_DataReplication?api-version=2018-09-01-preview",
      "Content": null,
      "isContentBase64": false,
      "Headers": {
        "x-ms-unique-id": [ "3" ],
        "x-ms-client-request-id": [ "ba811282-86cb-4362-89b3-f073807f6fc0" ],
        "CommandName": [ "Az.Migrate.private\\Get-AzMigrateSolution_Get" ],
        "FullCommandName": [ "Get-AzMigrateSolution_Get" ],
        "ParameterSetName": [ "__AllParameterSets" ],
        "User-Agent": [ "AzurePowershell/v9.6.0", "PSVersion/v7.5.4", "Az.Migrate/2.10.0" ],
        "Authorization": [ "[Filtered]" ]
      },
      "ContentHeaders": {
      }
    },
    "Response": {
      "StatusCode": 200,
      "Headers": {
        "Cache-Control": [ "no-cache" ],
        "Pragma": [ "no-cache" ],
        "Strict-Transport-Security": [ "max-age=31536000; includeSubDomains" ],
        "x-ms-request-id": [ "34c42971-4123-4eb8-a561-3da2c56fc357" ],
        "X-Content-Type-Options": [ "nosniff" ],
        "x-ms-operation-identifier": [ "tenantId=d9b73d5e-a9d3-41ba-88c3-796a643e3edd,objectId=e0f19bab-d417-4ef9-bd34-bd839e5726dd/centraluseuap/416757a0-d370-4549-a6b9-88786b3470ac" ],
        "x-ms-throttling-version": [ "v2" ],
        "x-ms-ratelimit-remaining-subscription-reads": [ "249" ],
        "x-ms-correlation-request-id": [ "0cee42c5-3a3b-4e02-8714-3f7e1838854f" ],
        "x-ms-routing-request-id": [ "CENTRALUSEUAP:20251111T072822Z:0cee42c5-3a3b-4e02-8714-3f7e1838854f" ],
        "X-Cache": [ "CONFIG_NOCACHE" ],
        "X-MSEdge-Ref": [ "Ref A: 111E7EC898F54D1EA1394EA073A073D5 Ref B: CO6AA3150219029 Ref C: 2025-11-11T07:28:21Z" ],
        "Date": [ "Tue, 11 Nov 2025 07:28:21 GMT" ]
      },
      "ContentHeaders": {
        "Content-Length": [ "1349" ],
        "Content-Type": [ "application/json; charset=utf-8" ],
        "Expires": [ "-1" ]
      },
      "Content": "{\"id\":\"/subscriptions/304d8fdf-1c02-4907-9c3a-ddbd677199cd/resourceGroups/aszmige2etestscratchKPIvmw01/providers/Microsoft.Migrate/MigrateProjects/aszmigtest1feff08/Solutions/Servers-Migration-ServerMigration_DataReplication\",\"name\":\"Servers-Migration-ServerMigration_DataReplication\",\"type\":\"Microsoft.Migrate/MigrateProjects/Solutions\",\"etag\":\"\\\"0500f773-0000-3300-0000-690d5e260000\\\"\",\"properties\":{\"tool\":\"ServerMigration_DataReplication\",\"purpose\":\"Migration\",\"goal\":\"Servers\",\"status\":\"Inactive\",\"cleanupState\":\"None\",\"summary\":{\"instanceType\":\"Servers\",\"discoveredCount\":0,\"assessedCount\":0,\"replicatingCount\":0,\"testMigratedCount\":0,\"migratedCount\":0},\"details\":{\"groupCount\":0,\"assessmentCount\":0,\"extendedDetails\":{\"serversOnWindows\":\"0\",\"serversOnLinux\":\"0\",\"serversOnOther\":\"0\",\"dependencyEnabledMachines\":\"0\",\"machinesHavingSqlServers\":\"0\",\"machinesHavingWebServers\":\"0\",\"vaultId\":\"/subscriptions/304d8fdf-1c02-4907-9c3a-ddbd677199cd/resourceGroups/aszmige2etestscratchKPIvmw01/providers/Microsoft.DataReplication/replicationVaults/aszmigtest1feff08replicationvault\",\"replicationStorageAccountId\":\"/subscriptions/304d8fdf-1c02-4907-9c3a-ddbd677199cd/resourceGroups/aszmige2etestscratchKPIvmw01/providers/Microsoft.Storage/storageAccounts/migratersa4845901\",\"aszreplicatingCount\":\"5\",\"asztestMigratedCount\":\"0\",\"aszmigratedCount\":\"5\"}}}}",
      "isContentBase64": false
    }
  },
  "Get-AzMigrateLocalJob+[NoContext]+GetByName+$GET+https://management.azure.com/subscriptions/304d8fdf-1c02-4907-9c3a-ddbd677199cd/resourceGroups/aszmige2etestscratchKPIvmw01/providers/Microsoft.DataReplication/replicationVaults/aszmigtest1feff08replicationvault/jobs/89a43035-6142-46d8-b634-760dcb4c40a1?api-version=2024-09-01+2": {
    "Request": {
      "Method": "GET",
      "RequestUri": "https://management.azure.com/subscriptions/304d8fdf-1c02-4907-9c3a-ddbd677199cd/resourceGroups/aszmige2etestscratchKPIvmw01/providers/Microsoft.DataReplication/replicationVaults/aszmigtest1feff08replicationvault/jobs/89a43035-6142-46d8-b634-760dcb4c40a1?api-version=2024-09-01",
      "Content": null,
      "isContentBase64": false,
      "Headers": {
        "x-ms-unique-id": [ "4" ],
        "x-ms-client-request-id": [ "b365abbc-562b-4ee7-8ea8-38cf25533ecd" ],
        "CommandName": [ "Az.Migrate.Internal\\Get-AzMigrateLocalReplicationJob" ],
        "FullCommandName": [ "Get-AzMigrateLocalReplicationJob_Get1" ],
        "ParameterSetName": [ "__AllParameterSets" ],
        "User-Agent": [ "AzurePowershell/v9.6.0", "PSVersion/v7.5.4", "Az.Migrate/2.10.0" ],
        "Authorization": [ "[Filtered]" ]
      },
      "ContentHeaders": {
      }
    },
    "Response": {
      "StatusCode": 200,
      "Headers": {
        "Cache-Control": [ "no-cache" ],
        "Pragma": [ "no-cache" ],
        "api-supported-versions": [ "1.0, 2024-09-01" ],
        "x-ms-operation-identifier": [ "tenantId=d9b73d5e-a9d3-41ba-88c3-796a643e3edd,objectId=e0f19bab-d417-4ef9-bd34-bd839e5726dd/centraluseuap/4824968b-e8ac-4e1d-ad94-1a50cd061de7" ],
        "x-ms-throttling-version": [ "v1" ],
        "x-ms-ratelimit-remaining-subscription-resource-requests": [ "1099" ],
        "x-ms-request-id": [ "83544588-3202-45a3-932d-792fa5c1d70b" ],
        "x-ms-correlation-request-id": [ "83544588-3202-45a3-932d-792fa5c1d70b" ],
        "x-ms-routing-request-id": [ "CENTRALUSEUAP:20251111T072822Z:83544588-3202-45a3-932d-792fa5c1d70b" ],
        "Strict-Transport-Security": [ "max-age=31536000; includeSubDomains" ],
        "X-Content-Type-Options": [ "nosniff" ],
        "X-Cache": [ "CONFIG_NOCACHE" ],
        "X-MSEdge-Ref": [ "Ref A: 7587E3053C114AF68EDEE418439A695C Ref B: CO6AA3150219029 Ref C: 2025-11-11T07:28:22Z" ],
        "Date": [ "Tue, 11 Nov 2025 07:28:22 GMT" ]
      },
      "ContentHeaders": {
        "Content-Length": [ "2544" ],
        "Content-Type": [ "application/json; charset=utf-8" ],
        "Expires": [ "-1" ]
      },
      "Content": "{\"properties\":{\"displayName\":\"Create or update protected item\",\"state\":\"Succeeded\",\"startTime\":\"2025-11-07T01:07:42.034041Z\",\"endTime\":\"2025-11-07T01:16:29Z\",\"objectId\":\"/subscriptions/304d8fdf-1c02-4907-9c3a-ddbd677199cd/resourceGroups/aszmige2etestscratchKPIvmw01/providers/Microsoft.DataReplication/replicationVaults/aszmigtest1feff08replicationvault/protectedItems/100-69-177-104-31be0ff4-c932-4cb3-8efc-efa411d23480_5023dc56-deb4-fb3f-7a61-c27ad83256fc\",\"objectName\":\"100-69-177-104-31be0ff4-c932-4cb3-8efc-efa411d23480_5023dc56-deb4-fb3f-7a61-c27ad83256fc\",\"objectInternalId\":\"1cf53e4e-d63a-5aab-8980-6dc518f01b8e\",\"objectInternalName\":\"test-vm6-ubuntuvm64efi\",\"objectType\":\"ProtectedItem\",\"replicationProviderId\":\"0a870516-56c7-4460-998c-f267bd579f16\",\"sourceFabricProviderId\":\"a2793d98-d4f1-427f-a5a6-2d694f4a1bf7\",\"targetFabricProviderId\":\"22f00372-a1b7-467f-87ce-d95e17a6e7c7\",\"allowedActions\":[],\"activityId\":\" ActivityId: 00000000-0000-0000-0000-000000000000\",\"tasks\":[{\"taskName\":\"Creating or updating the protected item\",\"state\":\"Succeeded\",\"startTime\":\"2025-11-07T01:07:43.0184594Z\",\"endTime\":\"2025-11-07T01:07:46.54762Z\",\"customProperties\":{\"instanceType\":\"TaskDetails\"},\"childrenJobs\":[]},{\"taskName\":\"Initializing Protection\",\"state\":\"Succeeded\",\"startTime\":\"2025-11-07T01:07:46.54762Z\",\"endTime\":\"2025-11-07T01:08:58.5753498Z\",\"customProperties\":{\"instanceType\":\"TaskDetails\"},\"childrenJobs\":[]},{\"taskName\":\"Enabling Protection\",\"state\":\"Succeeded\",\"startTime\":\"2025-11-07T01:08:58.5753498Z\",\"endTime\":\"2025-11-07T01:16:19.0819493Z\",\"customProperties\":{\"instanceType\":\"TaskDetails\"},\"childrenJobs\":[]},{\"taskName\":\"Starting Replication\",\"state\":\"Succeeded\",\"startTime\":\"2025-11-07T01:16:19.0819493Z\",\"endTime\":\"2025-11-07T01:16:29.3417558Z\",\"customProperties\":{\"instanceType\":\"TaskDetails\"},\"childrenJobs\":[]}],\"errors\":[],\"customProperties\":{\"instanceType\":\"JobDetails\",\"affectedObjectDetails\":{\"PolicyName\":\"aszmigtest1feff08replicationvaultVMwareToAzStackHCIpolicy\",\"ReplicationExtensionName\":\"VMware-1feff0874f1replicationfabric-asz-1feff08bcd3replicationfabric-MigReplicationExtn\",\"VaultId\":\"a43c35b5-fd1a-49d3-be66-9fe28d019dc8\"}},\"provisioningState\":\"Canceled\"},\"id\":\"/subscriptions/304d8fdf-1c02-4907-9c3a-ddbd677199cd/resourceGroups/aszmige2etestscratchKPIvmw01/providers/Microsoft.DataReplication/replicationVaults/aszmigtest1feff08replicationvault/jobs/89a43035-6142-46d8-b634-760dcb4c40a1\",\"name\":\"89a43035-6142-46d8-b634-760dcb4c40a1\",\"type\":\"Microsoft.DataReplication/replicationVaults/jobs\",\"systemData\":null}",
      "isContentBase64": false
    }
  },
  "Get-AzMigrateLocalJob+[NoContext]+GetById+$GET+https://management.azure.com/subscriptions/304d8fdf-1c02-4907-9c3a-ddbd677199cd/resourceGroups/aszmige2etestscratchKPIvmw01/providers/Microsoft.DataReplication/replicationVaults/aszmigtest1feff08replicationvault/jobs/89a43035-6142-46d8-b634-760dcb4c40a1?api-version=2024-09-01+1": {
    "Request": {
      "Method": "GET",
      "RequestUri": "https://management.azure.com/subscriptions/304d8fdf-1c02-4907-9c3a-ddbd677199cd/resourceGroups/aszmige2etestscratchKPIvmw01/providers/Microsoft.DataReplication/replicationVaults/aszmigtest1feff08replicationvault/jobs/89a43035-6142-46d8-b634-760dcb4c40a1?api-version=2024-09-01",
      "Content": null,
      "isContentBase64": false,
      "Headers": {
        "x-ms-unique-id": [ "5" ],
        "x-ms-client-request-id": [ "74bec76c-38e4-493d-aa08-478407468ec4" ],
        "CommandName": [ "Az.Migrate.Internal\\Get-AzMigrateLocalReplicationJob" ],
        "FullCommandName": [ "Get-AzMigrateLocalReplicationJob_Get1" ],
        "ParameterSetName": [ "__AllParameterSets" ],
        "User-Agent": [ "AzurePowershell/v9.6.0", "PSVersion/v7.5.4", "Az.Migrate/2.10.0" ],
        "Authorization": [ "[Filtered]" ]
      },
      "ContentHeaders": {
      }
    },
    "Response": {
      "StatusCode": 200,
      "Headers": {
        "Cache-Control": [ "no-cache" ],
        "Pragma": [ "no-cache" ],
        "api-supported-versions": [ "1.0, 2024-09-01" ],
        "x-ms-operation-identifier": [ "tenantId=d9b73d5e-a9d3-41ba-88c3-796a643e3edd,objectId=e0f19bab-d417-4ef9-bd34-bd839e5726dd/centraluseuap/c464e18e-53d1-447d-856c-a405499f5681" ],
        "x-ms-throttling-version": [ "v1" ],
        "x-ms-ratelimit-remaining-subscription-resource-requests": [ "1099" ],
        "x-ms-request-id": [ "32ce64a7-9bc5-4175-b3bb-9cbf37272c15" ],
        "x-ms-correlation-request-id": [ "32ce64a7-9bc5-4175-b3bb-9cbf37272c15" ],
        "x-ms-routing-request-id": [ "CENTRALUSEUAP:20251111T072822Z:32ce64a7-9bc5-4175-b3bb-9cbf37272c15" ],
        "Strict-Transport-Security": [ "max-age=31536000; includeSubDomains" ],
        "X-Content-Type-Options": [ "nosniff" ],
        "X-Cache": [ "CONFIG_NOCACHE" ],
        "X-MSEdge-Ref": [ "Ref A: 4C1D87F6CC554B489332C420A2DB7E0D Ref B: CO6AA3150219029 Ref C: 2025-11-11T07:28:22Z" ],
        "Date": [ "Tue, 11 Nov 2025 07:28:22 GMT" ]
      },
      "ContentHeaders": {
        "Content-Length": [ "2544" ],
        "Content-Type": [ "application/json; charset=utf-8" ],
        "Expires": [ "-1" ]
      },
      "Content": "{\"properties\":{\"displayName\":\"Create or update protected item\",\"state\":\"Succeeded\",\"startTime\":\"2025-11-07T01:07:42.034041Z\",\"endTime\":\"2025-11-07T01:16:29Z\",\"objectId\":\"/subscriptions/304d8fdf-1c02-4907-9c3a-ddbd677199cd/resourceGroups/aszmige2etestscratchKPIvmw01/providers/Microsoft.DataReplication/replicationVaults/aszmigtest1feff08replicationvault/protectedItems/100-69-177-104-31be0ff4-c932-4cb3-8efc-efa411d23480_5023dc56-deb4-fb3f-7a61-c27ad83256fc\",\"objectName\":\"100-69-177-104-31be0ff4-c932-4cb3-8efc-efa411d23480_5023dc56-deb4-fb3f-7a61-c27ad83256fc\",\"objectInternalId\":\"1cf53e4e-d63a-5aab-8980-6dc518f01b8e\",\"objectInternalName\":\"test-vm6-ubuntuvm64efi\",\"objectType\":\"ProtectedItem\",\"replicationProviderId\":\"0a870516-56c7-4460-998c-f267bd579f16\",\"sourceFabricProviderId\":\"a2793d98-d4f1-427f-a5a6-2d694f4a1bf7\",\"targetFabricProviderId\":\"22f00372-a1b7-467f-87ce-d95e17a6e7c7\",\"allowedActions\":[],\"activityId\":\" ActivityId: 00000000-0000-0000-0000-000000000000\",\"tasks\":[{\"taskName\":\"Creating or updating the protected item\",\"state\":\"Succeeded\",\"startTime\":\"2025-11-07T01:07:43.0184594Z\",\"endTime\":\"2025-11-07T01:07:46.54762Z\",\"customProperties\":{\"instanceType\":\"TaskDetails\"},\"childrenJobs\":[]},{\"taskName\":\"Initializing Protection\",\"state\":\"Succeeded\",\"startTime\":\"2025-11-07T01:07:46.54762Z\",\"endTime\":\"2025-11-07T01:08:58.5753498Z\",\"customProperties\":{\"instanceType\":\"TaskDetails\"},\"childrenJobs\":[]},{\"taskName\":\"Enabling Protection\",\"state\":\"Succeeded\",\"startTime\":\"2025-11-07T01:08:58.5753498Z\",\"endTime\":\"2025-11-07T01:16:19.0819493Z\",\"customProperties\":{\"instanceType\":\"TaskDetails\"},\"childrenJobs\":[]},{\"taskName\":\"Starting Replication\",\"state\":\"Succeeded\",\"startTime\":\"2025-11-07T01:16:19.0819493Z\",\"endTime\":\"2025-11-07T01:16:29.3417558Z\",\"customProperties\":{\"instanceType\":\"TaskDetails\"},\"childrenJobs\":[]}],\"errors\":[],\"customProperties\":{\"instanceType\":\"JobDetails\",\"affectedObjectDetails\":{\"PolicyName\":\"aszmigtest1feff08replicationvaultVMwareToAzStackHCIpolicy\",\"ReplicationExtensionName\":\"VMware-1feff0874f1replicationfabric-asz-1feff08bcd3replicationfabric-MigReplicationExtn\",\"VaultId\":\"a43c35b5-fd1a-49d3-be66-9fe28d019dc8\"}},\"provisioningState\":\"Canceled\"},\"id\":\"/subscriptions/304d8fdf-1c02-4907-9c3a-ddbd677199cd/resourceGroups/aszmige2etestscratchKPIvmw01/providers/Microsoft.DataReplication/replicationVaults/aszmigtest1feff08replicationvault/jobs/89a43035-6142-46d8-b634-760dcb4c40a1\",\"name\":\"89a43035-6142-46d8-b634-760dcb4c40a1\",\"type\":\"Microsoft.DataReplication/replicationVaults/jobs\",\"systemData\":null}",
      "isContentBase64": false
    }
  },
  "Get-AzMigrateLocalJob+[NoContext]+GetByInputObject+$GET+https://management.azure.com/subscriptions/304d8fdf-1c02-4907-9c3a-ddbd677199cd/resourceGroups/aszmige2etestscratchKPIvmw01/providers/Microsoft.Migrate/migrateProjects/aszmigtest1feff08/solutions/Servers-Migration-ServerMigration_DataReplication?api-version=2018-09-01-preview+1": {
    "Request": {
      "Method": "GET",
      "RequestUri": "https://management.azure.com/subscriptions/304d8fdf-1c02-4907-9c3a-ddbd677199cd/resourceGroups/aszmige2etestscratchKPIvmw01/providers/Microsoft.Migrate/migrateProjects/aszmigtest1feff08/solutions/Servers-Migration-ServerMigration_DataReplication?api-version=2018-09-01-preview",
      "Content": null,
      "isContentBase64": false,
      "Headers": {
        "x-ms-unique-id": [ "6" ],
        "x-ms-client-request-id": [ "08fbfe77-bb79-47b6-a81b-5ae9bc687620" ],
        "CommandName": [ "Az.Migrate.private\\Get-AzMigrateSolution_Get" ],
        "FullCommandName": [ "Get-AzMigrateSolution_Get" ],
        "ParameterSetName": [ "__AllParameterSets" ],
        "User-Agent": [ "AzurePowershell/v9.6.0", "PSVersion/v7.5.4", "Az.Migrate/2.10.0" ],
        "Authorization": [ "[Filtered]" ]
      },
      "ContentHeaders": {
      }
    },
    "Response": {
      "StatusCode": 200,
      "Headers": {
        "Cache-Control": [ "no-cache" ],
        "Pragma": [ "no-cache" ],
        "Strict-Transport-Security": [ "max-age=31536000; includeSubDomains" ],
        "x-ms-request-id": [ "1dc5a709-93da-4f72-96c2-5906c804c466" ],
        "X-Content-Type-Options": [ "nosniff" ],
        "x-ms-operation-identifier": [ "tenantId=d9b73d5e-a9d3-41ba-88c3-796a643e3edd,objectId=e0f19bab-d417-4ef9-bd34-bd839e5726dd/centraluseuap/0f459d7d-5007-43d5-8904-b3d5ec68ebcf" ],
        "x-ms-throttling-version": [ "v2" ],
        "x-ms-ratelimit-remaining-subscription-reads": [ "249" ],
        "x-ms-correlation-request-id": [ "4a2bf113-0957-4b0e-9268-6f5de02db254" ],
        "x-ms-routing-request-id": [ "CENTRALUSEUAP:20251111T072823Z:4a2bf113-0957-4b0e-9268-6f5de02db254" ],
        "X-Cache": [ "CONFIG_NOCACHE" ],
        "X-MSEdge-Ref": [ "Ref A: 85173F4351F84D60B5909091A2BF57EC Ref B: CO6AA3150219029 Ref C: 2025-11-11T07:28:22Z" ],
        "Date": [ "Tue, 11 Nov 2025 07:28:23 GMT" ]
      },
      "ContentHeaders": {
        "Content-Length": [ "1349" ],
        "Content-Type": [ "application/json; charset=utf-8" ],
        "Expires": [ "-1" ]
      },
      "Content": "{\"id\":\"/subscriptions/304d8fdf-1c02-4907-9c3a-ddbd677199cd/resourceGroups/aszmige2etestscratchKPIvmw01/providers/Microsoft.Migrate/MigrateProjects/aszmigtest1feff08/Solutions/Servers-Migration-ServerMigration_DataReplication\",\"name\":\"Servers-Migration-ServerMigration_DataReplication\",\"type\":\"Microsoft.Migrate/MigrateProjects/Solutions\",\"etag\":\"\\\"0500f773-0000-3300-0000-690d5e260000\\\"\",\"properties\":{\"tool\":\"ServerMigration_DataReplication\",\"purpose\":\"Migration\",\"goal\":\"Servers\",\"status\":\"Inactive\",\"cleanupState\":\"None\",\"summary\":{\"instanceType\":\"Servers\",\"discoveredCount\":0,\"assessedCount\":0,\"replicatingCount\":0,\"testMigratedCount\":0,\"migratedCount\":0},\"details\":{\"groupCount\":0,\"assessmentCount\":0,\"extendedDetails\":{\"serversOnWindows\":\"0\",\"serversOnLinux\":\"0\",\"serversOnOther\":\"0\",\"dependencyEnabledMachines\":\"0\",\"machinesHavingSqlServers\":\"0\",\"machinesHavingWebServers\":\"0\",\"vaultId\":\"/subscriptions/304d8fdf-1c02-4907-9c3a-ddbd677199cd/resourceGroups/aszmige2etestscratchKPIvmw01/providers/Microsoft.DataReplication/replicationVaults/aszmigtest1feff08replicationvault\",\"replicationStorageAccountId\":\"/subscriptions/304d8fdf-1c02-4907-9c3a-ddbd677199cd/resourceGroups/aszmige2etestscratchKPIvmw01/providers/Microsoft.Storage/storageAccounts/migratersa4845901\",\"aszreplicatingCount\":\"5\",\"asztestMigratedCount\":\"0\",\"aszmigratedCount\":\"5\"}}}}",
      "isContentBase64": false
    }
  },
  "Get-AzMigrateLocalJob+[NoContext]+GetByInputObject+$GET+https://management.azure.com/subscriptions/304d8fdf-1c02-4907-9c3a-ddbd677199cd/resourceGroups/aszmige2etestscratchKPIvmw01/providers/Microsoft.DataReplication/replicationVaults/aszmigtest1feff08replicationvault/jobs/89a43035-6142-46d8-b634-760dcb4c40a1?api-version=2024-09-01+2": {
    "Request": {
      "Method": "GET",
      "RequestUri": "https://management.azure.com/subscriptions/304d8fdf-1c02-4907-9c3a-ddbd677199cd/resourceGroups/aszmige2etestscratchKPIvmw01/providers/Microsoft.DataReplication/replicationVaults/aszmigtest1feff08replicationvault/jobs/89a43035-6142-46d8-b634-760dcb4c40a1?api-version=2024-09-01",
      "Content": null,
      "isContentBase64": false,
      "Headers": {
        "x-ms-unique-id": [ "7" ],
        "x-ms-client-request-id": [ "a6e20a4e-958b-4862-9407-0adfb4edac88" ],
        "CommandName": [ "Az.Migrate.Internal\\Get-AzMigrateLocalReplicationJob" ],
        "FullCommandName": [ "Get-AzMigrateLocalReplicationJob_Get1" ],
        "ParameterSetName": [ "__AllParameterSets" ],
        "User-Agent": [ "AzurePowershell/v9.6.0", "PSVersion/v7.5.4", "Az.Migrate/2.10.0" ],
        "Authorization": [ "[Filtered]" ]
      },
      "ContentHeaders": {
      }
    },
    "Response": {
      "StatusCode": 200,
      "Headers": {
        "Cache-Control": [ "no-cache" ],
        "Pragma": [ "no-cache" ],
        "api-supported-versions": [ "1.0, 2024-09-01" ],
        "x-ms-operation-identifier": [ "tenantId=d9b73d5e-a9d3-41ba-88c3-796a643e3edd,objectId=e0f19bab-d417-4ef9-bd34-bd839e5726dd/centraluseuap/c4419b64-3448-4487-811d-0f450c389506" ],
        "x-ms-throttling-version": [ "v1" ],
        "x-ms-ratelimit-remaining-subscription-resource-requests": [ "1099" ],
        "x-ms-request-id": [ "61002dba-918a-43ce-aaf2-64e7d0c3acbd" ],
        "x-ms-correlation-request-id": [ "61002dba-918a-43ce-aaf2-64e7d0c3acbd" ],
        "x-ms-routing-request-id": [ "CENTRALUSEUAP:20251111T072823Z:61002dba-918a-43ce-aaf2-64e7d0c3acbd" ],
        "Strict-Transport-Security": [ "max-age=31536000; includeSubDomains" ],
        "X-Content-Type-Options": [ "nosniff" ],
        "X-Cache": [ "CONFIG_NOCACHE" ],
        "X-MSEdge-Ref": [ "Ref A: 6FAD544994E74A7997474A65DD2B9560 Ref B: CO6AA3150219029 Ref C: 2025-11-11T07:28:23Z" ],
        "Date": [ "Tue, 11 Nov 2025 07:28:23 GMT" ]
      },
      "ContentHeaders": {
        "Content-Length": [ "2544" ],
        "Content-Type": [ "application/json; charset=utf-8" ],
        "Expires": [ "-1" ]
      },
      "Content": "{\"properties\":{\"displayName\":\"Create or update protected item\",\"state\":\"Succeeded\",\"startTime\":\"2025-11-07T01:07:42.034041Z\",\"endTime\":\"2025-11-07T01:16:29Z\",\"objectId\":\"/subscriptions/304d8fdf-1c02-4907-9c3a-ddbd677199cd/resourceGroups/aszmige2etestscratchKPIvmw01/providers/Microsoft.DataReplication/replicationVaults/aszmigtest1feff08replicationvault/protectedItems/100-69-177-104-31be0ff4-c932-4cb3-8efc-efa411d23480_5023dc56-deb4-fb3f-7a61-c27ad83256fc\",\"objectName\":\"100-69-177-104-31be0ff4-c932-4cb3-8efc-efa411d23480_5023dc56-deb4-fb3f-7a61-c27ad83256fc\",\"objectInternalId\":\"1cf53e4e-d63a-5aab-8980-6dc518f01b8e\",\"objectInternalName\":\"test-vm6-ubuntuvm64efi\",\"objectType\":\"ProtectedItem\",\"replicationProviderId\":\"0a870516-56c7-4460-998c-f267bd579f16\",\"sourceFabricProviderId\":\"a2793d98-d4f1-427f-a5a6-2d694f4a1bf7\",\"targetFabricProviderId\":\"22f00372-a1b7-467f-87ce-d95e17a6e7c7\",\"allowedActions\":[],\"activityId\":\" ActivityId: 00000000-0000-0000-0000-000000000000\",\"tasks\":[{\"taskName\":\"Creating or updating the protected item\",\"state\":\"Succeeded\",\"startTime\":\"2025-11-07T01:07:43.0184594Z\",\"endTime\":\"2025-11-07T01:07:46.54762Z\",\"customProperties\":{\"instanceType\":\"TaskDetails\"},\"childrenJobs\":[]},{\"taskName\":\"Initializing Protection\",\"state\":\"Succeeded\",\"startTime\":\"2025-11-07T01:07:46.54762Z\",\"endTime\":\"2025-11-07T01:08:58.5753498Z\",\"customProperties\":{\"instanceType\":\"TaskDetails\"},\"childrenJobs\":[]},{\"taskName\":\"Enabling Protection\",\"state\":\"Succeeded\",\"startTime\":\"2025-11-07T01:08:58.5753498Z\",\"endTime\":\"2025-11-07T01:16:19.0819493Z\",\"customProperties\":{\"instanceType\":\"TaskDetails\"},\"childrenJobs\":[]},{\"taskName\":\"Starting Replication\",\"state\":\"Succeeded\",\"startTime\":\"2025-11-07T01:16:19.0819493Z\",\"endTime\":\"2025-11-07T01:16:29.3417558Z\",\"customProperties\":{\"instanceType\":\"TaskDetails\"},\"childrenJobs\":[]}],\"errors\":[],\"customProperties\":{\"instanceType\":\"JobDetails\",\"affectedObjectDetails\":{\"PolicyName\":\"aszmigtest1feff08replicationvaultVMwareToAzStackHCIpolicy\",\"ReplicationExtensionName\":\"VMware-1feff0874f1replicationfabric-asz-1feff08bcd3replicationfabric-MigReplicationExtn\",\"VaultId\":\"a43c35b5-fd1a-49d3-be66-9fe28d019dc8\"}},\"provisioningState\":\"Canceled\"},\"id\":\"/subscriptions/304d8fdf-1c02-4907-9c3a-ddbd677199cd/resourceGroups/aszmige2etestscratchKPIvmw01/providers/Microsoft.DataReplication/replicationVaults/aszmigtest1feff08replicationvault/jobs/89a43035-6142-46d8-b634-760dcb4c40a1\",\"name\":\"89a43035-6142-46d8-b634-760dcb4c40a1\",\"type\":\"Microsoft.DataReplication/replicationVaults/jobs\",\"systemData\":null}",
      "isContentBase64": false
    }
  },
  "Get-AzMigrateLocalJob+[NoContext]+GetByInputObject+$GET+https://management.azure.com/subscriptions/304d8fdf-1c02-4907-9c3a-ddbd677199cd/resourceGroups/aszmige2etestscratchKPIvmw01/providers/Microsoft.DataReplication/replicationVaults/aszmigtest1feff08replicationvault/jobs/89a43035-6142-46d8-b634-760dcb4c40a1?api-version=2024-09-01+3": {
    "Request": {
      "Method": "GET",
      "RequestUri": "https://management.azure.com/subscriptions/304d8fdf-1c02-4907-9c3a-ddbd677199cd/resourceGroups/aszmige2etestscratchKPIvmw01/providers/Microsoft.DataReplication/replicationVaults/aszmigtest1feff08replicationvault/jobs/89a43035-6142-46d8-b634-760dcb4c40a1?api-version=2024-09-01",
      "Content": null,
      "isContentBase64": false,
      "Headers": {
        "x-ms-unique-id": [ "8" ],
        "x-ms-client-request-id": [ "771ec202-5522-407d-86e2-84913cbdbeb9" ],
        "CommandName": [ "Az.Migrate.Internal\\Get-AzMigrateLocalReplicationJob" ],
        "FullCommandName": [ "Get-AzMigrateLocalReplicationJob_Get1" ],
        "ParameterSetName": [ "__AllParameterSets" ],
        "User-Agent": [ "AzurePowershell/v9.6.0", "PSVersion/v7.5.4", "Az.Migrate/2.10.0" ],
        "Authorization": [ "[Filtered]" ]
      },
      "ContentHeaders": {
      }
    },
    "Response": {
      "StatusCode": 200,
      "Headers": {
        "Cache-Control": [ "no-cache" ],
        "Pragma": [ "no-cache" ],
        "api-supported-versions": [ "1.0, 2024-09-01" ],
        "x-ms-operation-identifier": [ "tenantId=d9b73d5e-a9d3-41ba-88c3-796a643e3edd,objectId=e0f19bab-d417-4ef9-bd34-bd839e5726dd/centraluseuap/b1fb54e5-6148-45ae-9b11-233094efc545" ],
        "x-ms-throttling-version": [ "v1" ],
        "x-ms-ratelimit-remaining-subscription-resource-requests": [ "1098" ],
        "x-ms-request-id": [ "25f0eaf5-71df-4430-8fba-078474953ddd" ],
        "x-ms-correlation-request-id": [ "25f0eaf5-71df-4430-8fba-078474953ddd" ],
        "x-ms-routing-request-id": [ "CENTRALUSEUAP:20251111T072824Z:25f0eaf5-71df-4430-8fba-078474953ddd" ],
        "Strict-Transport-Security": [ "max-age=31536000; includeSubDomains" ],
        "X-Content-Type-Options": [ "nosniff" ],
        "X-Cache": [ "CONFIG_NOCACHE" ],
        "X-MSEdge-Ref": [ "Ref A: 4322B6FB546A4374883341178FD2F4C8 Ref B: CO6AA3150219029 Ref C: 2025-11-11T07:28:24Z" ],
        "Date": [ "Tue, 11 Nov 2025 07:28:24 GMT" ]
      },
      "ContentHeaders": {
        "Content-Length": [ "2544" ],
        "Content-Type": [ "application/json; charset=utf-8" ],
        "Expires": [ "-1" ]
      },
      "Content": "{\"properties\":{\"displayName\":\"Create or update protected item\",\"state\":\"Succeeded\",\"startTime\":\"2025-11-07T01:07:42.034041Z\",\"endTime\":\"2025-11-07T01:16:29Z\",\"objectId\":\"/subscriptions/304d8fdf-1c02-4907-9c3a-ddbd677199cd/resourceGroups/aszmige2etestscratchKPIvmw01/providers/Microsoft.DataReplication/replicationVaults/aszmigtest1feff08replicationvault/protectedItems/100-69-177-104-31be0ff4-c932-4cb3-8efc-efa411d23480_5023dc56-deb4-fb3f-7a61-c27ad83256fc\",\"objectName\":\"100-69-177-104-31be0ff4-c932-4cb3-8efc-efa411d23480_5023dc56-deb4-fb3f-7a61-c27ad83256fc\",\"objectInternalId\":\"1cf53e4e-d63a-5aab-8980-6dc518f01b8e\",\"objectInternalName\":\"test-vm6-ubuntuvm64efi\",\"objectType\":\"ProtectedItem\",\"replicationProviderId\":\"0a870516-56c7-4460-998c-f267bd579f16\",\"sourceFabricProviderId\":\"a2793d98-d4f1-427f-a5a6-2d694f4a1bf7\",\"targetFabricProviderId\":\"22f00372-a1b7-467f-87ce-d95e17a6e7c7\",\"allowedActions\":[],\"activityId\":\" ActivityId: 00000000-0000-0000-0000-000000000000\",\"tasks\":[{\"taskName\":\"Creating or updating the protected item\",\"state\":\"Succeeded\",\"startTime\":\"2025-11-07T01:07:43.0184594Z\",\"endTime\":\"2025-11-07T01:07:46.54762Z\",\"customProperties\":{\"instanceType\":\"TaskDetails\"},\"childrenJobs\":[]},{\"taskName\":\"Initializing Protection\",\"state\":\"Succeeded\",\"startTime\":\"2025-11-07T01:07:46.54762Z\",\"endTime\":\"2025-11-07T01:08:58.5753498Z\",\"customProperties\":{\"instanceType\":\"TaskDetails\"},\"childrenJobs\":[]},{\"taskName\":\"Enabling Protection\",\"state\":\"Succeeded\",\"startTime\":\"2025-11-07T01:08:58.5753498Z\",\"endTime\":\"2025-11-07T01:16:19.0819493Z\",\"customProperties\":{\"instanceType\":\"TaskDetails\"},\"childrenJobs\":[]},{\"taskName\":\"Starting Replication\",\"state\":\"Succeeded\",\"startTime\":\"2025-11-07T01:16:19.0819493Z\",\"endTime\":\"2025-11-07T01:16:29.3417558Z\",\"customProperties\":{\"instanceType\":\"TaskDetails\"},\"childrenJobs\":[]}],\"errors\":[],\"customProperties\":{\"instanceType\":\"JobDetails\",\"affectedObjectDetails\":{\"PolicyName\":\"aszmigtest1feff08replicationvaultVMwareToAzStackHCIpolicy\",\"ReplicationExtensionName\":\"VMware-1feff0874f1replicationfabric-asz-1feff08bcd3replicationfabric-MigReplicationExtn\",\"VaultId\":\"a43c35b5-fd1a-49d3-be66-9fe28d019dc8\"}},\"provisioningState\":\"Canceled\"},\"id\":\"/subscriptions/304d8fdf-1c02-4907-9c3a-ddbd677199cd/resourceGroups/aszmige2etestscratchKPIvmw01/providers/Microsoft.DataReplication/replicationVaults/aszmigtest1feff08replicationvault/jobs/89a43035-6142-46d8-b634-760dcb4c40a1\",\"name\":\"89a43035-6142-46d8-b634-760dcb4c40a1\",\"type\":\"Microsoft.DataReplication/replicationVaults/jobs\",\"systemData\":null}",
      "isContentBase64": false
    }
  },
  "Get-AzMigrateLocalJob+[NoContext]+ListById+$GET+https://management.azure.com/subscriptions/304d8fdf-1c02-4907-9c3a-ddbd677199cd/resourceGroups/aszmige2etestscratchKPIvmw01/providers/Microsoft.Migrate/migrateProjects/aszmigtest1feff08/solutions/Servers-Migration-ServerMigration_DataReplication?api-version=2018-09-01-preview+1": {
    "Request": {
      "Method": "GET",
      "RequestUri": "https://management.azure.com/subscriptions/304d8fdf-1c02-4907-9c3a-ddbd677199cd/resourceGroups/aszmige2etestscratchKPIvmw01/providers/Microsoft.Migrate/migrateProjects/aszmigtest1feff08/solutions/Servers-Migration-ServerMigration_DataReplication?api-version=2018-09-01-preview",
      "Content": null,
      "isContentBase64": false,
      "Headers": {
        "x-ms-unique-id": [ "9" ],
        "x-ms-client-request-id": [ "1ee1aac8-f3c6-4ebc-a89e-4072bd58c54f" ],
        "CommandName": [ "Az.Migrate.private\\Get-AzMigrateSolution_Get" ],
        "FullCommandName": [ "Get-AzMigrateSolution_Get" ],
        "ParameterSetName": [ "__AllParameterSets" ],
        "User-Agent": [ "AzurePowershell/v9.6.0", "PSVersion/v7.5.4", "Az.Migrate/2.10.0" ],
        "Authorization": [ "[Filtered]" ]
      },
      "ContentHeaders": {
      }
    },
    "Response": {
      "StatusCode": 200,
      "Headers": {
        "Cache-Control": [ "no-cache" ],
        "Pragma": [ "no-cache" ],
        "Strict-Transport-Security": [ "max-age=31536000; includeSubDomains" ],
        "x-ms-request-id": [ "5758fa79-4372-4dda-bcba-4d1d1f6f3456" ],
        "X-Content-Type-Options": [ "nosniff" ],
        "x-ms-operation-identifier": [ "tenantId=d9b73d5e-a9d3-41ba-88c3-796a643e3edd,objectId=e0f19bab-d417-4ef9-bd34-bd839e5726dd/centraluseuap/34170da8-8a94-4545-961e-a03f3ae402c6" ],
        "x-ms-throttling-version": [ "v2" ],
        "x-ms-ratelimit-remaining-subscription-reads": [ "248" ],
        "x-ms-correlation-request-id": [ "e6c99c84-36b0-4a84-a1be-d0bb861a1a07" ],
        "x-ms-routing-request-id": [ "CENTRALUSEUAP:20251111T072825Z:e6c99c84-36b0-4a84-a1be-d0bb861a1a07" ],
        "X-Cache": [ "CONFIG_NOCACHE" ],
        "X-MSEdge-Ref": [ "Ref A: A939D9B9F24B47A4B394149E358275FF Ref B: CO6AA3150219029 Ref C: 2025-11-11T07:28:24Z" ],
        "Date": [ "Tue, 11 Nov 2025 07:28:25 GMT" ]
      },
      "ContentHeaders": {
        "Content-Length": [ "1349" ],
        "Content-Type": [ "application/json; charset=utf-8" ],
        "Expires": [ "-1" ]
      },
      "Content": "{\"id\":\"/subscriptions/304d8fdf-1c02-4907-9c3a-ddbd677199cd/resourceGroups/aszmige2etestscratchKPIvmw01/providers/Microsoft.Migrate/MigrateProjects/aszmigtest1feff08/Solutions/Servers-Migration-ServerMigration_DataReplication\",\"name\":\"Servers-Migration-ServerMigration_DataReplication\",\"type\":\"Microsoft.Migrate/MigrateProjects/Solutions\",\"etag\":\"\\\"0500f773-0000-3300-0000-690d5e260000\\\"\",\"properties\":{\"tool\":\"ServerMigration_DataReplication\",\"purpose\":\"Migration\",\"goal\":\"Servers\",\"status\":\"Inactive\",\"cleanupState\":\"None\",\"summary\":{\"instanceType\":\"Servers\",\"discoveredCount\":0,\"assessedCount\":0,\"replicatingCount\":0,\"testMigratedCount\":0,\"migratedCount\":0},\"details\":{\"groupCount\":0,\"assessmentCount\":0,\"extendedDetails\":{\"serversOnWindows\":\"0\",\"serversOnLinux\":\"0\",\"serversOnOther\":\"0\",\"dependencyEnabledMachines\":\"0\",\"machinesHavingSqlServers\":\"0\",\"machinesHavingWebServers\":\"0\",\"vaultId\":\"/subscriptions/304d8fdf-1c02-4907-9c3a-ddbd677199cd/resourceGroups/aszmige2etestscratchKPIvmw01/providers/Microsoft.DataReplication/replicationVaults/aszmigtest1feff08replicationvault\",\"replicationStorageAccountId\":\"/subscriptions/304d8fdf-1c02-4907-9c3a-ddbd677199cd/resourceGroups/aszmige2etestscratchKPIvmw01/providers/Microsoft.Storage/storageAccounts/migratersa4845901\",\"aszreplicatingCount\":\"5\",\"asztestMigratedCount\":\"0\",\"aszmigratedCount\":\"5\"}}}}",
      "isContentBase64": false
    }
  },
  "Get-AzMigrateLocalJob+[NoContext]+ListById+$GET+https://management.azure.com/subscriptions/304d8fdf-1c02-4907-9c3a-ddbd677199cd/resourceGroups/aszmige2etestscratchKPIvmw01/providers/Microsoft.DataReplication/replicationVaults/aszmigtest1feff08replicationvault/jobs?api-version=2024-09-01+2": {
    "Request": {
      "Method": "GET",
      "RequestUri": "https://management.azure.com/subscriptions/304d8fdf-1c02-4907-9c3a-ddbd677199cd/resourceGroups/aszmige2etestscratchKPIvmw01/providers/Microsoft.DataReplication/replicationVaults/aszmigtest1feff08replicationvault/jobs?api-version=2024-09-01",
      "Content": null,
      "isContentBase64": false,
      "Headers": {
        "x-ms-unique-id": [ "10" ],
        "x-ms-client-request-id": [ "d8e73566-06c9-4591-9365-96ac3e6b3a5d" ],
        "CommandName": [ "Az.Migrate.Internal\\Get-AzMigrateLocalReplicationJob" ],
        "FullCommandName": [ "Get-AzMigrateLocalReplicationJob_List1" ],
        "ParameterSetName": [ "__AllParameterSets" ],
        "User-Agent": [ "AzurePowershell/v9.6.0", "PSVersion/v7.5.4", "Az.Migrate/2.10.0" ],
        "Authorization": [ "[Filtered]" ]
      },
      "ContentHeaders": {
      }
    },
    "Response": {
      "StatusCode": 200,
      "Headers": {
        "Cache-Control": [ "no-cache" ],
        "Pragma": [ "no-cache" ],
        "api-supported-versions": [ "1.0, 2024-09-01" ],
        "x-ms-operation-identifier": [ "tenantId=d9b73d5e-a9d3-41ba-88c3-796a643e3edd,objectId=e0f19bab-d417-4ef9-bd34-bd839e5726dd/centraluseuap/c2ce1700-f4cd-40f5-b59f-565ecd5c7506" ],
        "x-ms-throttling-version": [ "v1" ],
        "x-ms-ratelimit-remaining-subscription-resource-requests": [ "1098" ],
        "x-ms-request-id": [ "9995b00e-faa8-4dd4-9d22-a4ea884ace49" ],
        "x-ms-correlation-request-id": [ "9995b00e-faa8-4dd4-9d22-a4ea884ace49" ],
        "x-ms-routing-request-id": [ "CENTRALUSEUAP:20251111T072825Z:9995b00e-faa8-4dd4-9d22-a4ea884ace49" ],
        "Strict-Transport-Security": [ "max-age=31536000; includeSubDomains" ],
        "X-Content-Type-Options": [ "nosniff" ],
        "X-Cache": [ "CONFIG_NOCACHE" ],
        "X-MSEdge-Ref": [ "Ref A: 5E908372313E43B496FDFB4AC87E97B2 Ref B: CO6AA3150219029 Ref C: 2025-11-11T07:28:25Z" ],
        "Date": [ "Tue, 11 Nov 2025 07:28:25 GMT" ]
      },
      "ContentHeaders": {
        "Content-Length": [ "26467" ],
        "Content-Type": [ "application/json; charset=utf-8" ],
        "Expires": [ "-1" ]
      },
      "Content": "{\"value\":[{\"properties\":{\"displayName\":\"Planned failover\",\"state\":\"Succeeded\",\"startTime\":\"2025-11-07T02:13:01.5126956Z\",\"endTime\":\"2025-11-07T02:48:12Z\",\"objectId\":\"/subscriptions/304d8fdf-1c02-4907-9c3a-ddbd677199cd/resourceGroups/aszmige2etestscratchKPIvmw01/providers/Microsoft.DataReplication/replicationVaults/aszmigtest1feff08replicationvault/protectedItems/100-69-177-104-31be0ff4-c932-4cb3-8efc-efa411d23480_50236aa8-35fb-7f53-50a1-0da9f0930c4f/plannedFailover\",\"objectName\":\"100-69-177-104-31be0ff4-c932-4cb3-8efc-efa411d23480_50236aa8-35fb-7f53-50a1-0da9f0930c4f\",\"objectInternalId\":\"e2900bb8-675b-5972-ad62-7f59471a02f0\",\"objectInternalName\":\"test-vm5-RHEL8\",\"objectType\":\"ProtectedItem\",\"replicationProviderId\":\"0a870516-56c7-4460-998c-f267bd579f16\",\"sourceFabricProviderId\":\"a2793d98-d4f1-427f-a5a6-2d694f4a1bf7\",\"targetFabricProviderId\":\"22f00372-a1b7-467f-87ce-d95e17a6e7c7\",\"allowedActions\":[],\"activityId\":\" ActivityId: 00000000-0000-0000-0000-000000000000\",\"tasks\":null,\"errors\":null,\"customProperties\":null,\"provisioningState\":\"Canceled\"},\"id\":\"/subscriptions/304d8fdf-1c02-4907-9c3a-ddbd677199cd/resourceGroups/aszmige2etestscratchKPIvmw01/providers/Microsoft.DataReplication/replicationVaults/aszmigtest1feff08replicationvault/jobs/505d92e9-3085-4132-beb9-9743e53321ce\",\"name\":\"505d92e9-3085-4132-beb9-9743e53321ce\",\"type\":\"Microsoft.DataReplication/replicationVaults/jobs\",\"systemData\":null},{\"properties\":{\"displayName\":\"Planned failover\",\"state\":\"Succeeded\",\"startTime\":\"2025-11-07T02:12:49.1859107Z\",\"endTime\":\"2025-11-07T02:49:10Z\",\"objectId\":\"/subscriptions/304d8fdf-1c02-4907-9c3a-ddbd677199cd/resourceGroups/aszmige2etestscratchKPIvmw01/providers/Microsoft.DataReplication/replicationVaults/aszmigtest1feff08replicationvault/protectedItems/100-69-177-104-31be0ff4-c932-4cb3-8efc-efa411d23480_5023a259-25fe-bd18-7ba7-aeac423b0cfa/plannedFailover\",\"objectName\":\"100-69-177-104-31be0ff4-c932-4cb3-8efc-efa411d23480_5023a259-25fe-bd18-7ba7-aeac423b0cfa\",\"objectInternalId\":\"0dfa2c74-773a-5cd8-89eb-9b6d6410af52\",\"objectInternalName\":\"test-vm4-RHEL7\",\"objectType\":\"ProtectedItem\",\"replicationProviderId\":\"0a870516-56c7-4460-998c-f267bd579f16\",\"sourceFabricProviderId\":\"a2793d98-d4f1-427f-a5a6-2d694f4a1bf7\",\"targetFabricProviderId\":\"22f00372-a1b7-467f-87ce-d95e17a6e7c7\",\"allowedActions\":[],\"activityId\":\" ActivityId: 00000000-0000-0000-0000-000000000000\",\"tasks\":null,\"errors\":null,\"customProperties\":null,\"provisioningState\":\"Canceled\"},\"id\":\"/subscriptions/304d8fdf-1c02-4907-9c3a-ddbd677199cd/resourceGroups/aszmige2etestscratchKPIvmw01/providers/Microsoft.DataReplication/replicationVaults/aszmigtest1feff08replicationvault/jobs/6bd9574a-7165-4ac4-81a5-99e838969733\",\"name\":\"6bd9574a-7165-4ac4-81a5-99e838969733\",\"type\":\"Microsoft.DataReplication/replicationVaults/jobs\",\"systemData\":null},{\"properties\":{\"displayName\":\"Planned failover\",\"state\":\"Succeeded\",\"startTime\":\"2025-11-07T02:12:36.3431998Z\",\"endTime\":\"2025-11-07T02:45:39Z\",\"objectId\":\"/subscriptions/304d8fdf-1c02-4907-9c3a-ddbd677199cd/resourceGroups/aszmige2etestscratchKPIvmw01/providers/Microsoft.DataReplication/replicationVaults/aszmigtest1feff08replicationvault/protectedItems/100-69-177-104-31be0ff4-c932-4cb3-8efc-efa411d23480_50237319-3435-fd30-7dab-4cd149f8e901/plannedFailover\",\"objectName\":\"100-69-177-104-31be0ff4-c932-4cb3-8efc-efa411d23480_50237319-3435-fd30-7dab-4cd149f8e901\",\"objectInternalId\":\"11baf59a-4a15-523b-b4a4-3dfac001bf02\",\"objectInternalName\":\"test-vm3-winserver19\",\"objectType\":\"ProtectedItem\",\"replicationProviderId\":\"0a870516-56c7-4460-998c-f267bd579f16\",\"sourceFabricProviderId\":\"a2793d98-d4f1-427f-a5a6-2d694f4a1bf7\",\"targetFabricProviderId\":\"22f00372-a1b7-467f-87ce-d95e17a6e7c7\",\"allowedActions\":[],\"activityId\":\" ActivityId: 00000000-0000-0000-0000-000000000000\",\"tasks\":null,\"errors\":null,\"customProperties\":null,\"provisioningState\":\"Canceled\"},\"id\":\"/subscriptions/304d8fdf-1c02-4907-9c3a-ddbd677199cd/resourceGroups/aszmige2etestscratchKPIvmw01/providers/Microsoft.DataReplication/replicationVaults/aszmigtest1feff08replicationvault/jobs/75ae74a5-fa7f-40bf-a351-6e2371e21454\",\"name\":\"75ae74a5-fa7f-40bf-a351-6e2371e21454\",\"type\":\"Microsoft.DataReplication/replicationVaults/jobs\",\"systemData\":null},{\"properties\":{\"displayName\":\"Planned failover\",\"state\":\"Succeeded\",\"startTime\":\"2025-11-07T02:12:24.0742814Z\",\"endTime\":\"2025-11-07T02:46:19Z\",\"objectId\":\"/subscriptions/304d8fdf-1c02-4907-9c3a-ddbd677199cd/resourceGroups/aszmige2etestscratchKPIvmw01/providers/Microsoft.DataReplication/replicationVaults/aszmigtest1feff08replicationvault/protectedItems/100-69-177-104-31be0ff4-c932-4cb3-8efc-efa411d23480_50236a85-980d-090a-3e67-71a2befa34fb/plannedFailover\",\"objectName\":\"100-69-177-104-31be0ff4-c932-4cb3-8efc-efa411d23480_50236a85-980d-090a-3e67-71a2befa34fb\",\"objectInternalId\":\"3c3fd571-61d5-5556-b0b0-1e520dce9fbf\",\"objectInternalName\":\"test-vm2-ws2019efi\",\"objectType\":\"ProtectedItem\",\"replicationProviderId\":\"0a870516-56c7-4460-998c-f267bd579f16\",\"sourceFabricProviderId\":\"a2793d98-d4f1-427f-a5a6-2d694f4a1bf7\",\"targetFabricProviderId\":\"22f00372-a1b7-467f-87ce-d95e17a6e7c7\",\"allowedActions\":[],\"activityId\":\" ActivityId: 00000000-0000-0000-0000-000000000000\",\"tasks\":null,\"errors\":null,\"customProperties\":null,\"provisioningState\":\"Canceled\"},\"id\":\"/subscriptions/304d8fdf-1c02-4907-9c3a-ddbd677199cd/resourceGroups/aszmige2etestscratchKPIvmw01/providers/Microsoft.DataReplication/replicationVaults/aszmigtest1feff08replicationvault/jobs/bf8d97c7-00d5-4d98-a480-06182ff1e92c\",\"name\":\"bf8d97c7-00d5-4d98-a480-06182ff1e92c\",\"type\":\"Microsoft.DataReplication/replicationVaults/jobs\",\"systemData\":null},{\"properties\":{\"displayName\":\"Planned failover\",\"state\":\"Succeeded\",\"startTime\":\"2025-11-07T02:12:12.8088153Z\",\"endTime\":\"2025-11-07T02:46:52Z\",\"objectId\":\"/subscriptions/304d8fdf-1c02-4907-9c3a-ddbd677199cd/resourceGroups/aszmige2etestscratchKPIvmw01/providers/Microsoft.DataReplication/replicationVaults/aszmigtest1feff08replicationvault/protectedItems/100-69-177-104-31be0ff4-c932-4cb3-8efc-efa411d23480_5023e767-fa53-9dc1-0d0e-9cd583fdd084/plannedFailover\",\"objectName\":\"100-69-177-104-31be0ff4-c932-4cb3-8efc-efa411d23480_5023e767-fa53-9dc1-0d0e-9cd583fdd084\",\"objectInternalId\":\"e9a188fe-a874-5827-be07-920b09cc2018\",\"objectInternalName\":\"test-vm1-UbuntuVM64\",\"objectType\":\"ProtectedItem\",\"replicationProviderId\":\"0a870516-56c7-4460-998c-f267bd579f16\",\"sourceFabricProviderId\":\"a2793d98-d4f1-427f-a5a6-2d694f4a1bf7\",\"targetFabricProviderId\":\"22f00372-a1b7-467f-87ce-d95e17a6e7c7\",\"allowedActions\":[],\"activityId\":\" ActivityId: 00000000-0000-0000-0000-000000000000\",\"tasks\":null,\"errors\":null,\"customProperties\":null,\"provisioningState\":\"Canceled\"},\"id\":\"/subscriptions/304d8fdf-1c02-4907-9c3a-ddbd677199cd/resourceGroups/aszmige2etestscratchKPIvmw01/providers/Microsoft.DataReplication/replicationVaults/aszmigtest1feff08replicationvault/jobs/64b9e136-b9ab-4c07-b45b-07c5436bd6a2\",\"name\":\"64b9e136-b9ab-4c07-b45b-07c5436bd6a2\",\"type\":\"Microsoft.DataReplication/replicationVaults/jobs\",\"systemData\":null},{\"properties\":{\"displayName\":\"Delete protected item\",\"state\":\"Succeeded\",\"startTime\":\"2025-11-07T02:01:00.7489527Z\",\"endTime\":\"2025-11-07T02:05:43Z\",\"objectId\":\"/subscriptions/304d8fdf-1c02-4907-9c3a-ddbd677199cd/resourceGroups/aszmige2etestscratchKPIvmw01/providers/Microsoft.DataReplication/replicationVaults/aszmigtest1feff08replicationvault/protectedItems/100-69-177-104-31be0ff4-c932-4cb3-8efc-efa411d23480_5023dc56-deb4-fb3f-7a61-c27ad83256fc\",\"objectName\":\"100-69-177-104-31be0ff4-c932-4cb3-8efc-efa411d23480_5023dc56-deb4-fb3f-7a61-c27ad83256fc\",\"objectInternalId\":\"1cf53e4e-d63a-5aab-8980-6dc518f01b8e\",\"objectInternalName\":\"test-vm6-ubuntuvm64efi\",\"objectType\":\"ProtectedItem\",\"replicationProviderId\":\"0a870516-56c7-4460-998c-f267bd579f16\",\"sourceFabricProviderId\":\"a2793d98-d4f1-427f-a5a6-2d694f4a1bf7\",\"targetFabricProviderId\":\"22f00372-a1b7-467f-87ce-d95e17a6e7c7\",\"allowedActions\":[],\"activityId\":\" ActivityId: 00000000-0000-0000-0000-000000000000\",\"tasks\":null,\"errors\":null,\"customProperties\":null,\"provisioningState\":\"Canceled\"},\"id\":\"/subscriptions/304d8fdf-1c02-4907-9c3a-ddbd677199cd/resourceGroups/aszmige2etestscratchKPIvmw01/providers/Microsoft.DataReplication/replicationVaults/aszmigtest1feff08replicationvault/jobs/9c1beb31-5f59-4df4-87fc-7bd4d50b5d11\",\"name\":\"9c1beb31-5f59-4df4-87fc-7bd4d50b5d11\",\"type\":\"Microsoft.DataReplication/replicationVaults/jobs\",\"systemData\":null},{\"properties\":{\"displayName\":\"Complete initial replication\",\"state\":\"Succeeded\",\"startTime\":\"2025-11-07T01:59:27.1760117Z\",\"endTime\":\"2025-11-07T01:59:57.1760117Z\",\"objectId\":null,\"objectName\":\"100-69-177-104-31be0ff4-c932-4cb3-8efc-efa411d23480_50236a85-980d-090a-3e67-71a2befa34fb\",\"objectInternalId\":\"3c3fd571-61d5-5556-b0b0-1e520dce9fbf\",\"objectInternalName\":\"test-vm2-ws2019efi\",\"objectType\":\"ProtectedItem\",\"replicationProviderId\":\"0a870516-56c7-4460-998c-f267bd579f16\",\"sourceFabricProviderId\":\"a2793d98-d4f1-427f-a5a6-2d694f4a1bf7\",\"targetFabricProviderId\":\"22f00372-a1b7-467f-87ce-d95e17a6e7c7\",\"allowedActions\":[],\"activityId\":\" ActivityId: 00000000-0000-0000-0000-000000000000\",\"tasks\":null,\"errors\":null,\"customProperties\":null,\"provisioningState\":\"Canceled\"},\"id\":\"/subscriptions/304d8fdf-1c02-4907-9c3a-ddbd677199cd/resourceGroups/aszmige2etestscratchKPIvmw01/providers/Microsoft.DataReplication/replicationVaults/aszmigtest1feff08replicationvault/jobs/811c259a-35c9-4777-b6a3-5e879b5b500f\",\"name\":\"811c259a-35c9-4777-b6a3-5e879b5b500f\",\"type\":\"Microsoft.DataReplication/replicationVaults/jobs\",\"systemData\":null},{\"properties\":{\"displayName\":\"Complete initial replication\",\"state\":\"Succeeded\",\"startTime\":\"2025-11-07T01:54:01.9436755Z\",\"endTime\":\"2025-11-07T01:54:02Z\",\"objectId\":null,\"objectName\":\"100-69-177-104-31be0ff4-c932-4cb3-8efc-efa411d23480_5023e767-fa53-9dc1-0d0e-9cd583fdd084\",\"objectInternalId\":\"e9a188fe-a874-5827-be07-920b09cc2018\",\"objectInternalName\":\"test-vm1-UbuntuVM64\",\"objectType\":\"ProtectedItem\",\"replicationProviderId\":\"0a870516-56c7-4460-998c-f267bd579f16\",\"sourceFabricProviderId\":\"a2793d98-d4f1-427f-a5a6-2d694f4a1bf7\",\"targetFabricProviderId\":\"22f00372-a1b7-467f-87ce-d95e17a6e7c7\",\"allowedActions\":[],\"activityId\":\" ActivityId: 00000000-0000-0000-0000-000000000000\",\"tasks\":null,\"errors\":null,\"customProperties\":null,\"provisioningState\":\"Canceled\"},\"id\":\"/subscriptions/304d8fdf-1c02-4907-9c3a-ddbd677199cd/resourceGroups/aszmige2etestscratchKPIvmw01/providers/Microsoft.DataReplication/replicationVaults/aszmigtest1feff08replicationvault/jobs/446cc388-56a3-41ec-b8f0-54b5dfe289e8\",\"name\":\"446cc388-56a3-41ec-b8f0-54b5dfe289e8\",\"type\":\"Microsoft.DataReplication/replicationVaults/jobs\",\"systemData\":null},{\"properties\":{\"displayName\":\"Complete initial replication\",\"state\":\"Succeeded\",\"startTime\":\"2025-11-07T01:51:19.6821539Z\",\"endTime\":\"2025-11-07T01:51:20Z\",\"objectId\":null,\"objectName\":\"100-69-177-104-31be0ff4-c932-4cb3-8efc-efa411d23480_5023dc56-deb4-fb3f-7a61-c27ad83256fc\",\"objectInternalId\":\"1cf53e4e-d63a-5aab-8980-6dc518f01b8e\",\"objectInternalName\":\"test-vm6-ubuntuvm64efi\",\"objectType\":\"ProtectedItem\",\"replicationProviderId\":\"0a870516-56c7-4460-998c-f267bd579f16\",\"sourceFabricProviderId\":\"a2793d98-d4f1-427f-a5a6-2d694f4a1bf7\",\"targetFabricProviderId\":\"22f00372-a1b7-467f-87ce-d95e17a6e7c7\",\"allowedActions\":[],\"activityId\":\" ActivityId: 00000000-0000-0000-0000-000000000000\",\"tasks\":null,\"errors\":null,\"customProperties\":null,\"provisioningState\":\"Canceled\"},\"id\":\"/subscriptions/304d8fdf-1c02-4907-9c3a-ddbd677199cd/resourceGroups/aszmige2etestscratchKPIvmw01/providers/Microsoft.DataReplication/replicationVaults/aszmigtest1feff08replicationvault/jobs/511c8553-314c-4af3-bce9-1d87a73fa1aa\",\"name\":\"511c8553-314c-4af3-bce9-1d87a73fa1aa\",\"type\":\"Microsoft.DataReplication/replicationVaults/jobs\",\"systemData\":null},{\"properties\":{\"displayName\":\"Complete initial replication\",\"state\":\"Succeeded\",\"startTime\":\"2025-11-07T01:33:27.5385733Z\",\"endTime\":\"2025-11-07T01:33:28Z\",\"objectId\":null,\"objectName\":\"100-69-177-104-31be0ff4-c932-4cb3-8efc-efa411d23480_50237319-3435-fd30-7dab-4cd149f8e901\",\"objectInternalId\":\"11baf59a-4a15-523b-b4a4-3dfac001bf02\",\"objectInternalName\":\"test-vm3-winserver19\",\"objectType\":\"ProtectedItem\",\"replicationProviderId\":\"0a870516-56c7-4460-998c-f267bd579f16\",\"sourceFabricProviderId\":\"a2793d98-d4f1-427f-a5a6-2d694f4a1bf7\",\"targetFabricProviderId\":\"22f00372-a1b7-467f-87ce-d95e17a6e7c7\",\"allowedActions\":[],\"activityId\":\" ActivityId: 00000000-0000-0000-0000-000000000000\",\"tasks\":null,\"errors\":null,\"customProperties\":null,\"provisioningState\":\"Canceled\"},\"id\":\"/subscriptions/304d8fdf-1c02-4907-9c3a-ddbd677199cd/resourceGroups/aszmige2etestscratchKPIvmw01/providers/Microsoft.DataReplication/replicationVaults/aszmigtest1feff08replicationvault/jobs/5c4bd087-6b0e-4961-b307-e3b85282c0ae\",\"name\":\"5c4bd087-6b0e-4961-b307-e3b85282c0ae\",\"type\":\"Microsoft.DataReplication/replicationVaults/jobs\",\"systemData\":null},{\"properties\":{\"displayName\":\"Complete initial replication\",\"state\":\"Succeeded\",\"startTime\":\"2025-11-07T01:30:46.2541979Z\",\"endTime\":\"2025-11-07T01:31:16.2541979Z\",\"objectId\":null,\"objectName\":\"100-69-177-104-31be0ff4-c932-4cb3-8efc-efa411d23480_5023a259-25fe-bd18-7ba7-aeac423b0cfa\",\"objectInternalId\":\"0dfa2c74-773a-5cd8-89eb-9b6d6410af52\",\"objectInternalName\":\"test-vm4-RHEL7\",\"objectType\":\"ProtectedItem\",\"replicationProviderId\":\"0a870516-56c7-4460-998c-f267bd579f16\",\"sourceFabricProviderId\":\"a2793d98-d4f1-427f-a5a6-2d694f4a1bf7\",\"targetFabricProviderId\":\"22f00372-a1b7-467f-87ce-d95e17a6e7c7\",\"allowedActions\":[],\"activityId\":\" ActivityId: 00000000-0000-0000-0000-000000000000\",\"tasks\":null,\"errors\":null,\"customProperties\":null,\"provisioningState\":\"Canceled\"},\"id\":\"/subscriptions/304d8fdf-1c02-4907-9c3a-ddbd677199cd/resourceGroups/aszmige2etestscratchKPIvmw01/providers/Microsoft.DataReplication/replicationVaults/aszmigtest1feff08replicationvault/jobs/4e85a7d7-a04f-4265-9162-e0247a77b489\",\"name\":\"4e85a7d7-a04f-4265-9162-e0247a77b489\",\"type\":\"Microsoft.DataReplication/replicationVaults/jobs\",\"systemData\":null},{\"properties\":{\"displayName\":\"Complete initial replication\",\"state\":\"Succeeded\",\"startTime\":\"2025-11-07T01:30:46.218674Z\",\"endTime\":\"2025-11-07T01:30:53Z\",\"objectId\":null,\"objectName\":\"100-69-177-104-31be0ff4-c932-4cb3-8efc-efa411d23480_50236aa8-35fb-7f53-50a1-0da9f0930c4f\",\"objectInternalId\":\"e2900bb8-675b-5972-ad62-7f59471a02f0\",\"objectInternalName\":\"test-vm5-RHEL8\",\"objectType\":\"ProtectedItem\",\"replicationProviderId\":\"0a870516-56c7-4460-998c-f267bd579f16\",\"sourceFabricProviderId\":\"a2793d98-d4f1-427f-a5a6-2d694f4a1bf7\",\"targetFabricProviderId\":\"22f00372-a1b7-467f-87ce-d95e17a6e7c7\",\"allowedActions\":[],\"activityId\":\" ActivityId: 00000000-0000-0000-0000-000000000000\",\"tasks\":null,\"errors\":null,\"customProperties\":null,\"provisioningState\":\"Canceled\"},\"id\":\"/subscriptions/304d8fdf-1c02-4907-9c3a-ddbd677199cd/resourceGroups/aszmige2etestscratchKPIvmw01/providers/Microsoft.DataReplication/replicationVaults/aszmigtest1feff08replicationvault/jobs/c8e06126-f8d6-4860-bdcf-a49e414903f0\",\"name\":\"c8e06126-f8d6-4860-bdcf-a49e414903f0\",\"type\":\"Microsoft.DataReplication/replicationVaults/jobs\",\"systemData\":null},{\"properties\":{\"displayName\":\"Create or update protected item\",\"state\":\"Succeeded\",\"startTime\":\"2025-11-07T01:07:42.034041Z\",\"endTime\":\"2025-11-07T01:16:29Z\",\"objectId\":\"/subscriptions/304d8fdf-1c02-4907-9c3a-ddbd677199cd/resourceGroups/aszmige2etestscratchKPIvmw01/providers/Microsoft.DataReplication/replicationVaults/aszmigtest1feff08replicationvault/protectedItems/100-69-177-104-31be0ff4-c932-4cb3-8efc-efa411d23480_5023dc56-deb4-fb3f-7a61-c27ad83256fc\",\"objectName\":\"100-69-177-104-31be0ff4-c932-4cb3-8efc-efa411d23480_5023dc56-deb4-fb3f-7a61-c27ad83256fc\",\"objectInternalId\":\"1cf53e4e-d63a-5aab-8980-6dc518f01b8e\",\"objectInternalName\":\"test-vm6-ubuntuvm64efi\",\"objectType\":\"ProtectedItem\",\"replicationProviderId\":\"0a870516-56c7-4460-998c-f267bd579f16\",\"sourceFabricProviderId\":\"a2793d98-d4f1-427f-a5a6-2d694f4a1bf7\",\"targetFabricProviderId\":\"22f00372-a1b7-467f-87ce-d95e17a6e7c7\",\"allowedActions\":[],\"activityId\":\" ActivityId: 00000000-0000-0000-0000-000000000000\",\"tasks\":null,\"errors\":null,\"customProperties\":null,\"provisioningState\":\"Canceled\"},\"id\":\"/subscriptions/304d8fdf-1c02-4907-9c3a-ddbd677199cd/resourceGroups/aszmige2etestscratchKPIvmw01/providers/Microsoft.DataReplication/replicationVaults/aszmigtest1feff08replicationvault/jobs/89a43035-6142-46d8-b634-760dcb4c40a1\",\"name\":\"89a43035-6142-46d8-b634-760dcb4c40a1\",\"type\":\"Microsoft.DataReplication/replicationVaults/jobs\",\"systemData\":null},{\"properties\":{\"displayName\":\"Create or update protected item\",\"state\":\"Succeeded\",\"startTime\":\"2025-11-07T01:06:43.4085865Z\",\"endTime\":\"2025-11-07T01:17:09Z\",\"objectId\":\"/subscriptions/304d8fdf-1c02-4907-9c3a-ddbd677199cd/resourceGroups/aszmige2etestscratchKPIvmw01/providers/Microsoft.DataReplication/replicationVaults/aszmigtest1feff08replicationvault/protectedItems/100-69-177-104-31be0ff4-c932-4cb3-8efc-efa411d23480_50236aa8-35fb-7f53-50a1-0da9f0930c4f\",\"objectName\":\"100-69-177-104-31be0ff4-c932-4cb3-8efc-efa411d23480_50236aa8-35fb-7f53-50a1-0da9f0930c4f\",\"objectInternalId\":\"e2900bb8-675b-5972-ad62-7f59471a02f0\",\"objectInternalName\":\"test-vm5-RHEL8\",\"objectType\":\"ProtectedItem\",\"replicationProviderId\":\"0a870516-56c7-4460-998c-f267bd579f16\",\"sourceFabricProviderId\":\"a2793d98-d4f1-427f-a5a6-2d694f4a1bf7\",\"targetFabricProviderId\":\"22f00372-a1b7-467f-87ce-d95e17a6e7c7\",\"allowedActions\":[],\"activityId\":\" ActivityId: 00000000-0000-0000-0000-000000000000\",\"tasks\":null,\"errors\":null,\"customProperties\":null,\"provisioningState\":\"Canceled\"},\"id\":\"/subscriptions/304d8fdf-1c02-4907-9c3a-ddbd677199cd/resourceGroups/aszmige2etestscratchKPIvmw01/providers/Microsoft.DataReplication/replicationVaults/aszmigtest1feff08replicationvault/jobs/5753593d-2f06-4051-8323-d099d5f0d19b\",\"name\":\"5753593d-2f06-4051-8323-d099d5f0d19b\",\"type\":\"Microsoft.DataReplication/replicationVaults/jobs\",\"systemData\":null},{\"properties\":{\"displayName\":\"Create or update protected item\",\"state\":\"Succeeded\",\"startTime\":\"2025-11-07T01:05:45.8014875Z\",\"endTime\":\"2025-11-07T01:14:03Z\",\"objectId\":\"/subscriptions/304d8fdf-1c02-4907-9c3a-ddbd677199cd/resourceGroups/aszmige2etestscratchKPIvmw01/providers/Microsoft.DataReplication/replicationVaults/aszmigtest1feff08replicationvault/protectedItems/100-69-177-104-31be0ff4-c932-4cb3-8efc-efa411d23480_5023a259-25fe-bd18-7ba7-aeac423b0cfa\",\"objectName\":\"100-69-177-104-31be0ff4-c932-4cb3-8efc-efa411d23480_5023a259-25fe-bd18-7ba7-aeac423b0cfa\",\"objectInternalId\":\"0dfa2c74-773a-5cd8-89eb-9b6d6410af52\",\"objectInternalName\":\"test-vm4-RHEL7\",\"objectType\":\"ProtectedItem\",\"replicationProviderId\":\"0a870516-56c7-4460-998c-f267bd579f16\",\"sourceFabricProviderId\":\"a2793d98-d4f1-427f-a5a6-2d694f4a1bf7\",\"targetFabricProviderId\":\"22f00372-a1b7-467f-87ce-d95e17a6e7c7\",\"allowedActions\":[],\"activityId\":\" ActivityId: 00000000-0000-0000-0000-000000000000\",\"tasks\":null,\"errors\":null,\"customProperties\":null,\"provisioningState\":\"Canceled\"},\"id\":\"/subscriptions/304d8fdf-1c02-4907-9c3a-ddbd677199cd/resourceGroups/aszmige2etestscratchKPIvmw01/providers/Microsoft.DataReplication/replicationVaults/aszmigtest1feff08replicationvault/jobs/b17be440-5d7b-4f9c-aff1-ffaca5130109\",\"name\":\"b17be440-5d7b-4f9c-aff1-ffaca5130109\",\"type\":\"Microsoft.DataReplication/replicationVaults/jobs\",\"systemData\":null},{\"properties\":{\"displayName\":\"Create or update protected item\",\"state\":\"Succeeded\",\"startTime\":\"2025-11-07T01:04:39.9298157Z\",\"endTime\":\"2025-11-07T01:12:41Z\",\"objectId\":\"/subscriptions/304d8fdf-1c02-4907-9c3a-ddbd677199cd/resourceGroups/aszmige2etestscratchKPIvmw01/providers/Microsoft.DataReplication/replicationVaults/aszmigtest1feff08replicationvault/protectedItems/100-69-177-104-31be0ff4-c932-4cb3-8efc-efa411d23480_50237319-3435-fd30-7dab-4cd149f8e901\",\"objectName\":\"100-69-177-104-31be0ff4-c932-4cb3-8efc-efa411d23480_50237319-3435-fd30-7dab-4cd149f8e901\",\"objectInternalId\":\"11baf59a-4a15-523b-b4a4-3dfac001bf02\",\"objectInternalName\":\"test-vm3-winserver19\",\"objectType\":\"ProtectedItem\",\"replicationProviderId\":\"0a870516-56c7-4460-998c-f267bd579f16\",\"sourceFabricProviderId\":\"a2793d98-d4f1-427f-a5a6-2d694f4a1bf7\",\"targetFabricProviderId\":\"22f00372-a1b7-467f-87ce-d95e17a6e7c7\",\"allowedActions\":[],\"activityId\":\" ActivityId: 00000000-0000-0000-0000-000000000000\",\"tasks\":null,\"errors\":null,\"customProperties\":null,\"provisioningState\":\"Canceled\"},\"id\":\"/subscriptions/304d8fdf-1c02-4907-9c3a-ddbd677199cd/resourceGroups/aszmige2etestscratchKPIvmw01/providers/Microsoft.DataReplication/replicationVaults/aszmigtest1feff08replicationvault/jobs/9532d02e-097e-4dd0-aa15-36403d98e67b\",\"name\":\"9532d02e-097e-4dd0-aa15-36403d98e67b\",\"type\":\"Microsoft.DataReplication/replicationVaults/jobs\",\"systemData\":null},{\"properties\":{\"displayName\":\"Create or update protected item\",\"state\":\"Succeeded\",\"startTime\":\"2025-11-07T01:03:39.5052968Z\",\"endTime\":\"2025-11-07T01:07:54Z\",\"objectId\":\"/subscriptions/304d8fdf-1c02-4907-9c3a-ddbd677199cd/resourceGroups/aszmige2etestscratchKPIvmw01/providers/Microsoft.DataReplication/replicationVaults/aszmigtest1feff08replicationvault/protectedItems/100-69-177-104-31be0ff4-c932-4cb3-8efc-efa411d23480_50236a85-980d-090a-3e67-71a2befa34fb\",\"objectName\":\"100-69-177-104-31be0ff4-c932-4cb3-8efc-efa411d23480_50236a85-980d-090a-3e67-71a2befa34fb\",\"objectInternalId\":\"3c3fd571-61d5-5556-b0b0-1e520dce9fbf\",\"objectInternalName\":\"test-vm2-ws2019efi\",\"objectType\":\"ProtectedItem\",\"replicationProviderId\":\"0a870516-56c7-4460-998c-f267bd579f16\",\"sourceFabricProviderId\":\"a2793d98-d4f1-427f-a5a6-2d694f4a1bf7\",\"targetFabricProviderId\":\"22f00372-a1b7-467f-87ce-d95e17a6e7c7\",\"allowedActions\":[],\"activityId\":\" ActivityId: 00000000-0000-0000-0000-000000000000\",\"tasks\":null,\"errors\":null,\"customProperties\":null,\"provisioningState\":\"Canceled\"},\"id\":\"/subscriptions/304d8fdf-1c02-4907-9c3a-ddbd677199cd/resourceGroups/aszmige2etestscratchKPIvmw01/providers/Microsoft.DataReplication/replicationVaults/aszmigtest1feff08replicationvault/jobs/3407f77f-8a94-46c0-9479-c8db9dc762df\",\"name\":\"3407f77f-8a94-46c0-9479-c8db9dc762df\",\"type\":\"Microsoft.DataReplication/replicationVaults/jobs\",\"systemData\":null},{\"properties\":{\"displayName\":\"Create or update protected item\",\"state\":\"Succeeded\",\"startTime\":\"2025-11-07T01:02:42.433007Z\",\"endTime\":\"2025-11-07T01:07:53Z\",\"objectId\":\"/subscriptions/304d8fdf-1c02-4907-9c3a-ddbd677199cd/resourceGroups/aszmige2etestscratchKPIvmw01/providers/Microsoft.DataReplication/replicationVaults/aszmigtest1feff08replicationvault/protectedItems/100-69-177-104-31be0ff4-c932-4cb3-8efc-efa411d23480_5023e767-fa53-9dc1-0d0e-9cd583fdd084\",\"objectName\":\"100-69-177-104-31be0ff4-c932-4cb3-8efc-efa411d23480_5023e767-fa53-9dc1-0d0e-9cd583fdd084\",\"objectInternalId\":\"e9a188fe-a874-5827-be07-920b09cc2018\",\"objectInternalName\":\"test-vm1-UbuntuVM64\",\"objectType\":\"ProtectedItem\",\"replicationProviderId\":\"0a870516-56c7-4460-998c-f267bd579f16\",\"sourceFabricProviderId\":\"a2793d98-d4f1-427f-a5a6-2d694f4a1bf7\",\"targetFabricProviderId\":\"22f00372-a1b7-467f-87ce-d95e17a6e7c7\",\"allowedActions\":[],\"activityId\":\" ActivityId: 00000000-0000-0000-0000-000000000000\",\"tasks\":null,\"errors\":null,\"customProperties\":null,\"provisioningState\":\"Canceled\"},\"id\":\"/subscriptions/304d8fdf-1c02-4907-9c3a-ddbd677199cd/resourceGroups/aszmige2etestscratchKPIvmw01/providers/Microsoft.DataReplication/replicationVaults/aszmigtest1feff08replicationvault/jobs/076f465c-3984-4061-a301-504b1d8b04f1\",\"name\":\"076f465c-3984-4061-a301-504b1d8b04f1\",\"type\":\"Microsoft.DataReplication/replicationVaults/jobs\",\"systemData\":null},{\"properties\":{\"displayName\":\"Create or update replication extension\",\"state\":\"Succeeded\",\"startTime\":\"2025-11-07T00:59:28.1547948Z\",\"endTime\":\"2025-11-07T01:01:39Z\",\"objectId\":\"/subscriptions/304d8fdf-1c02-4907-9c3a-ddbd677199cd/resourceGroups/aszmige2etestscratchKPIvmw01/providers/Microsoft.DataReplication/replicationVaults/aszmigtest1feff08replicationvault/replicationExtensions/VMware-1feff0874f1replicationfabric-asz-1feff08bcd3replicationfabric-MigReplicationExtn\",\"objectName\":\"VMware-1feff0874f1replicationfabric-asz-1feff08bcd3replicationfabric-MigReplicationExtn\",\"objectInternalId\":\"VMware-1feff0874f1replicationfabric-asz-1feff08bcd3replicationfabric-MigReplicationExtn\",\"objectInternalName\":\"VMware-1feff0874f1replicationfabric-asz-1feff08bcd3replicationfabric-MigReplicationExtn\",\"objectType\":\"ReplicationExtension\",\"replicationProviderId\":\"0a870516-56c7-4460-998c-f267bd579f16\",\"sourceFabricProviderId\":null,\"targetFabricProviderId\":null,\"allowedActions\":[],\"activityId\":\" ActivityId: 00000000-0000-0000-0000-000000000000\",\"tasks\":null,\"errors\":null,\"customProperties\":null,\"provisioningState\":\"Canceled\"},\"id\":\"/subscriptions/304d8fdf-1c02-4907-9c3a-ddbd677199cd/resourceGroups/aszmige2etestscratchKPIvmw01/providers/Microsoft.DataReplication/replicationVaults/aszmigtest1feff08replicationvault/jobs/ee997e45-29e3-40c1-8f17-1e83c9a405b7\",\"name\":\"ee997e45-29e3-40c1-8f17-1e83c9a405b7\",\"type\":\"Microsoft.DataReplication/replicationVaults/jobs\",\"systemData\":null},{\"properties\":{\"displayName\":\"Create or update replication policy\",\"state\":\"Succeeded\",\"startTime\":\"2025-11-07T00:55:10.6943143Z\",\"endTime\":\"2025-11-07T00:55:11Z\",\"objectId\":\"/subscriptions/304d8fdf-1c02-4907-9c3a-ddbd677199cd/resourceGroups/aszmige2etestscratchKPIvmw01/providers/Microsoft.DataReplication/replicationVaults/aszmigtest1feff08replicationvault/replicationPolicies/aszmigtest1feff08replicationvaultVMwareToAzStackHCIpolicy\",\"objectName\":\"aszmigtest1feff08replicationvaultVMwareToAzStackHCIpolicy\",\"objectInternalId\":\"aszmigtest1feff08replicationvaultVMwareToAzStackHCIpolicy\",\"objectInternalName\":\"aszmigtest1feff08replicationvaultVMwareToAzStackHCIpolicy\",\"objectType\":\"Policy\",\"replicationProviderId\":\"0a870516-56c7-4460-998c-f267bd579f16\",\"sourceFabricProviderId\":null,\"targetFabricProviderId\":null,\"allowedActions\":[],\"activityId\":\" ActivityId: 00000000-0000-0000-0000-000000000000\",\"tasks\":null,\"errors\":null,\"customProperties\":null,\"provisioningState\":\"Canceled\"},\"id\":\"/subscriptions/304d8fdf-1c02-4907-9c3a-ddbd677199cd/resourceGroups/aszmige2etestscratchKPIvmw01/providers/Microsoft.DataReplication/replicationVaults/aszmigtest1feff08replicationvault/jobs/887a917c-ccb3-4455-b62c-cb73b0db994a\",\"name\":\"887a917c-ccb3-4455-b62c-cb73b0db994a\",\"type\":\"Microsoft.DataReplication/replicationVaults/jobs\",\"systemData\":null}],\"nextLink\":null}",
      "isContentBase64": false
    }
  }
}