{
  "Entries": [
    {
      "RequestUri": "/subscriptions/4d40c6c3-8f87-4d97-af0e-b745cbfc314d/resourcegroups/ps3628?api-version=2016-09-01",
      "EncodedRequestUri": "L3N1YnNjcmlwdGlvbnMvNGQ0MGM2YzMtOGY4Ny00ZDk3LWFmMGUtYjc0NWNiZmMzMTRkL3Jlc291cmNlZ3JvdXBzL3BzMzYyOD9hcGktdmVyc2lvbj0yMDE2LTA5LTAx",
      "RequestMethod": "PUT",
      "RequestBody": "{\r\n  \"location\": \"eastus2\"\r\n}",
      "RequestHeaders": {
        "Content-Type": [
          "application/json; charset=utf-8"
        ],
        "Content-Length": [
          "29"
        ],
        "x-ms-client-request-id": [
          "baef95e3-1eb7-4554-9100-430559b6de2b"
        ],
        "accept-language": [
          "en-US"
        ],
        "User-Agent": [
          "FxVersion/4.7.3190.0",
          "OSName/WindowsServer2016Datacenter",
          "OSVersion/6.3.14393",
          "Microsoft.Azure.Management.Internal.Resources.ResourceManagementClient/4.1.0"
        ]
      },
      "ResponseBody": "{\r\n  \"id\": \"/subscriptions/4d40c6c3-8f87-4d97-af0e-b745cbfc314d/resourceGroups/ps3628\",\r\n  \"name\": \"ps3628\",\r\n  \"location\": \"eastus2\",\r\n  \"properties\": {\r\n    \"provisioningState\": \"Succeeded\"\r\n  }\r\n}",
      "ResponseHeaders": {
        "Content-Length": [
          "166"
        ],
        "Content-Type": [
          "application/json; charset=utf-8"
        ],
        "Expires": [
          "-1"
        ],
        "Pragma": [
          "no-cache"
        ],
        "x-ms-ratelimit-remaining-subscription-writes": [
          "1199"
        ],
        "x-ms-request-id": [
          "7c7ef68e-01f2-48af-b1c5-5899aaf3fa35"
        ],
        "x-ms-correlation-request-id": [
          "7c7ef68e-01f2-48af-b1c5-5899aaf3fa35"
        ],
        "x-ms-routing-request-id": [
          "WESTUS2:20181008T215321Z:7c7ef68e-01f2-48af-b1c5-5899aaf3fa35"
        ],
        "Strict-Transport-Security": [
          "max-age=31536000; includeSubDomains"
        ],
        "X-Content-Type-Options": [
          "nosniff"
        ],
        "Cache-Control": [
          "no-cache"
        ],
        "Date": [
          "Mon, 08 Oct 2018 21:53:20 GMT"
        ]
      },
      "StatusCode": 201
    },
    {
      "RequestUri": "/subscriptions/4d40c6c3-8f87-4d97-af0e-b745cbfc314d/resourceGroups/ps3628/providers/Microsoft.DataLakeStore/accounts/ps3308?api-version=2016-11-01",
      "EncodedRequestUri": "L3N1YnNjcmlwdGlvbnMvNGQ0MGM2YzMtOGY4Ny00ZDk3LWFmMGUtYjc0NWNiZmMzMTRkL3Jlc291cmNlR3JvdXBzL3BzMzYyOC9wcm92aWRlcnMvTWljcm9zb2Z0LkRhdGFMYWtlU3RvcmUvYWNjb3VudHMvcHMzMzA4P2FwaS12ZXJzaW9uPTIwMTYtMTEtMDE=",
      "RequestMethod": "GET",
      "RequestBody": "",
      "RequestHeaders": {
        "x-ms-client-request-id": [
          "756f850a-488b-4ee0-b2a8-69aade6d7242"
        ],
        "accept-language": [
          "en-US"
        ],
        "User-Agent": [
          "FxVersion/4.7.3190.0",
          "OSName/WindowsServer2016Datacenter",
          "OSVersion/6.3.14393",
          "Microsoft.Azure.Management.DataLake.Store.DataLakeStoreAccountManagementClient/2.4.1.0"
        ]
      },
      "ResponseBody": "{\r\n  \"error\": {\r\n    \"code\": \"ResourceNotFound\",\r\n    \"message\": \"The Resource 'Microsoft.DataLakeStore/accounts/ps3308' under resource group 'ps3628' was not found.\"\r\n  }\r\n}",
      "ResponseHeaders": {
        "Content-Length": [
          "149"
        ],
        "Content-Type": [
          "application/json; charset=utf-8"
        ],
        "Expires": [
          "-1"
        ],
        "Pragma": [
          "no-cache"
        ],
        "x-ms-failure-cause": [
          "gateway"
        ],
        "x-ms-request-id": [
          "b2aab0c5-c2a5-4d0c-9ae1-957d529552b7"
        ],
        "x-ms-correlation-request-id": [
          "b2aab0c5-c2a5-4d0c-9ae1-957d529552b7"
        ],
        "x-ms-routing-request-id": [
          "WESTUS2:20181008T215321Z:b2aab0c5-c2a5-4d0c-9ae1-957d529552b7"
        ],
        "Strict-Transport-Security": [
          "max-age=31536000; includeSubDomains"
        ],
        "X-Content-Type-Options": [
          "nosniff"
        ],
        "Cache-Control": [
          "no-cache"
        ],
        "Date": [
          "Mon, 08 Oct 2018 21:53:21 GMT"
        ]
      },
      "StatusCode": 404
    },
    {
      "RequestUri": "/subscriptions/4d40c6c3-8f87-4d97-af0e-b745cbfc314d/resourceGroups/ps3628/providers/Microsoft.DataLakeStore/accounts/ps3308?api-version=2016-11-01",
      "EncodedRequestUri": "L3N1YnNjcmlwdGlvbnMvNGQ0MGM2YzMtOGY4Ny00ZDk3LWFmMGUtYjc0NWNiZmMzMTRkL3Jlc291cmNlR3JvdXBzL3BzMzYyOC9wcm92aWRlcnMvTWljcm9zb2Z0LkRhdGFMYWtlU3RvcmUvYWNjb3VudHMvcHMzMzA4P2FwaS12ZXJzaW9uPTIwMTYtMTEtMDE=",
      "RequestMethod": "GET",
      "RequestBody": "",
      "RequestHeaders": {
        "x-ms-client-request-id": [
          "abf73bd5-2dc9-4109-a9c5-b8731699e036"
        ],
        "accept-language": [
          "en-US"
        ],
        "User-Agent": [
          "FxVersion/4.7.3190.0",
          "OSName/WindowsServer2016Datacenter",
          "OSVersion/6.3.14393",
          "Microsoft.Azure.Management.DataLake.Store.DataLakeStoreAccountManagementClient/2.4.1.0"
        ]
      },
      "ResponseBody": "{\r\n  \"error\": {\r\n    \"code\": \"ResourceNotFound\",\r\n    \"message\": \"The Resource 'Microsoft.DataLakeStore/accounts/ps3308' under resource group 'ps3628' was not found.\"\r\n  }\r\n}",
      "ResponseHeaders": {
        "Content-Length": [
          "149"
        ],
        "Content-Type": [
          "application/json; charset=utf-8"
        ],
        "Expires": [
          "-1"
        ],
        "Pragma": [
          "no-cache"
        ],
        "x-ms-failure-cause": [
          "gateway"
        ],
        "x-ms-request-id": [
          "a28fe2aa-a097-4e8a-908a-7494853d2166"
        ],
        "x-ms-correlation-request-id": [
          "a28fe2aa-a097-4e8a-908a-7494853d2166"
        ],
        "x-ms-routing-request-id": [
          "WESTUS2:20181008T215322Z:a28fe2aa-a097-4e8a-908a-7494853d2166"
        ],
        "Strict-Transport-Security": [
          "max-age=31536000; includeSubDomains"
        ],
        "X-Content-Type-Options": [
          "nosniff"
        ],
        "Cache-Control": [
          "no-cache"
        ],
        "Date": [
          "Mon, 08 Oct 2018 21:53:21 GMT"
        ]
      },
      "StatusCode": 404
    },
    {
      "RequestUri": "/subscriptions/4d40c6c3-8f87-4d97-af0e-b745cbfc314d/resourceGroups/ps3628/providers/Microsoft.DataLakeStore/accounts/ps3308?api-version=2016-11-01",
      "EncodedRequestUri": "L3N1YnNjcmlwdGlvbnMvNGQ0MGM2YzMtOGY4Ny00ZDk3LWFmMGUtYjc0NWNiZmMzMTRkL3Jlc291cmNlR3JvdXBzL3BzMzYyOC9wcm92aWRlcnMvTWljcm9zb2Z0LkRhdGFMYWtlU3RvcmUvYWNjb3VudHMvcHMzMzA4P2FwaS12ZXJzaW9uPTIwMTYtMTEtMDE=",
      "RequestMethod": "GET",
      "RequestBody": "",
      "RequestHeaders": {
        "User-Agent": [
          "FxVersion/4.7.3190.0",
          "OSName/WindowsServer2016Datacenter",
          "OSVersion/6.3.14393",
          "Microsoft.Azure.Management.DataLake.Store.DataLakeStoreAccountManagementClient/2.4.1.0"
        ]
      },
      "ResponseBody": "{\r\n  \"properties\": {\r\n    \"firewallState\": \"Disabled\",\r\n    \"firewallAllowAzureIps\": \"Disabled\",\r\n    \"firewallAllowDataLakeAnalytics\": \"Disabled\",\r\n    \"firewallRules\": [],\r\n    \"virtualNetworkRules\": [],\r\n    \"trustedIdProviderState\": \"Disabled\",\r\n    \"trustedIdProviders\": [],\r\n    \"encryptionState\": \"Enabled\",\r\n    \"encryptionConfig\": {\r\n      \"type\": \"ServiceManaged\"\r\n    },\r\n    \"currentTier\": \"Consumption\",\r\n    \"newTier\": \"Consumption\",\r\n    \"dataLakePerformanceTierState\": \"Disabled\",\r\n    \"provisioningState\": \"Succeeded\",\r\n    \"state\": \"Active\",\r\n    \"endpoint\": \"ps3308.azuredatalakestore.net\",\r\n    \"accountId\": \"8d86ed18-de14-4be7-9214-a936614ceed6\",\r\n    \"creationTime\": \"2018-10-08T21:53:27.7472585Z\",\r\n    \"lastModifiedTime\": \"2018-10-08T21:53:27.7472585Z\"\r\n  },\r\n  \"location\": \"eastus2\",\r\n  \"tags\": {},\r\n  \"identity\": {\r\n    \"type\": \"SystemAssigned\",\r\n    \"principalId\": \"989672ec-e2e4-4303-9eb3-b4106e268c25\",\r\n    \"tenantId\": \"72f988bf-86f1-41af-91ab-2d7cd011db47\"\r\n  },\r\n  \"id\": \"/subscriptions/4d40c6c3-8f87-4d97-af0e-b745cbfc314d/resourceGroups/ps3628/providers/Microsoft.DataLakeStore/accounts/ps3308\",\r\n  \"name\": \"ps3308\",\r\n  \"type\": \"Microsoft.DataLakeStore/accounts\"\r\n}",
      "ResponseHeaders": {
        "Content-Length": [
          "992"
        ],
        "Content-Type": [
          "application/json"
        ],
        "Expires": [
          "-1"
        ],
        "Pragma": [
          "no-cache"
        ],
        "x-ms-request-id": [
          "ebd326be-2074-4c6e-93eb-020d26a6f89e"
        ],
        "X-Content-Type-Options": [
          "nosniff"
        ],
        "x-ms-ratelimit-remaining-subscription-reads": [
          "11993"
        ],
        "x-ms-correlation-request-id": [
          "9e9783da-49e5-46fc-9662-031fab4c604f"
        ],
        "x-ms-routing-request-id": [
          "WESTUS2:20181008T215358Z:9e9783da-49e5-46fc-9662-031fab4c604f"
        ],
        "Strict-Transport-Security": [
          "max-age=31536000; includeSubDomains"
        ],
        "Cache-Control": [
          "no-cache"
        ],
        "Date": [
          "Mon, 08 Oct 2018 21:53:57 GMT"
        ],
        "Server": [
          "Microsoft-IIS/8.5"
        ],
        "X-AspNet-Version": [
          "4.0.30319"
        ],
        "X-Powered-By": [
          "ASP.NET"
        ]
      },
      "StatusCode": 200
    },
    {
      "RequestUri": "/subscriptions/4d40c6c3-8f87-4d97-af0e-b745cbfc314d/resourceGroups/ps3628/providers/Microsoft.DataLakeStore/accounts/ps3308?api-version=2016-11-01",
      "EncodedRequestUri": "L3N1YnNjcmlwdGlvbnMvNGQ0MGM2YzMtOGY4Ny00ZDk3LWFmMGUtYjc0NWNiZmMzMTRkL3Jlc291cmNlR3JvdXBzL3BzMzYyOC9wcm92aWRlcnMvTWljcm9zb2Z0LkRhdGFMYWtlU3RvcmUvYWNjb3VudHMvcHMzMzA4P2FwaS12ZXJzaW9uPTIwMTYtMTEtMDE=",
      "RequestMethod": "GET",
      "RequestBody": "",
      "RequestHeaders": {
        "x-ms-client-request-id": [
          "180bea0c-1b8d-405d-bc09-e2f6702ea985"
        ],
        "accept-language": [
          "en-US"
        ],
        "User-Agent": [
          "FxVersion/4.7.3190.0",
          "OSName/WindowsServer2016Datacenter",
          "OSVersion/6.3.14393",
          "Microsoft.Azure.Management.DataLake.Store.DataLakeStoreAccountManagementClient/2.4.1.0"
        ]
      },
      "ResponseBody": "{\r\n  \"properties\": {\r\n    \"firewallState\": \"Disabled\",\r\n    \"firewallAllowAzureIps\": \"Disabled\",\r\n    \"firewallAllowDataLakeAnalytics\": \"Disabled\",\r\n    \"firewallRules\": [],\r\n    \"virtualNetworkRules\": [],\r\n    \"trustedIdProviderState\": \"Disabled\",\r\n    \"trustedIdProviders\": [],\r\n    \"encryptionState\": \"Enabled\",\r\n    \"encryptionConfig\": {\r\n      \"type\": \"ServiceManaged\"\r\n    },\r\n    \"currentTier\": \"Consumption\",\r\n    \"newTier\": \"Consumption\",\r\n    \"dataLakePerformanceTierState\": \"Disabled\",\r\n    \"provisioningState\": \"Succeeded\",\r\n    \"state\": \"Active\",\r\n    \"endpoint\": \"ps3308.azuredatalakestore.net\",\r\n    \"accountId\": \"8d86ed18-de14-4be7-9214-a936614ceed6\",\r\n    \"creationTime\": \"2018-10-08T21:53:27.7472585Z\",\r\n    \"lastModifiedTime\": \"2018-10-08T21:53:27.7472585Z\"\r\n  },\r\n  \"location\": \"eastus2\",\r\n  \"tags\": {},\r\n  \"identity\": {\r\n    \"type\": \"SystemAssigned\",\r\n    \"principalId\": \"989672ec-e2e4-4303-9eb3-b4106e268c25\",\r\n    \"tenantId\": \"72f988bf-86f1-41af-91ab-2d7cd011db47\"\r\n  },\r\n  \"id\": \"/subscriptions/4d40c6c3-8f87-4d97-af0e-b745cbfc314d/resourceGroups/ps3628/providers/Microsoft.DataLakeStore/accounts/ps3308\",\r\n  \"name\": \"ps3308\",\r\n  \"type\": \"Microsoft.DataLakeStore/accounts\"\r\n}",
      "ResponseHeaders": {
        "Content-Length": [
          "992"
        ],
        "Content-Type": [
          "application/json"
        ],
        "Expires": [
          "-1"
        ],
        "Pragma": [
          "no-cache"
        ],
        "x-ms-request-id": [
          "1f3941bf-97f4-4b7d-a514-596fcf0aad1f"
        ],
        "X-Content-Type-Options": [
          "nosniff"
        ],
        "x-ms-ratelimit-remaining-subscription-reads": [
          "11992"
        ],
        "x-ms-correlation-request-id": [
          "77b184e1-c2b8-4ccd-8710-2d01401de8cd"
        ],
        "x-ms-routing-request-id": [
          "WESTUS2:20181008T215359Z:77b184e1-c2b8-4ccd-8710-2d01401de8cd"
        ],
        "Strict-Transport-Security": [
          "max-age=31536000; includeSubDomains"
        ],
        "Cache-Control": [
          "no-cache"
        ],
        "Date": [
          "Mon, 08 Oct 2018 21:53:58 GMT"
        ],
        "Server": [
          "Microsoft-IIS/8.5"
        ],
        "X-AspNet-Version": [
          "4.0.30319"
        ],
        "X-Powered-By": [
          "ASP.NET"
        ]
      },
      "StatusCode": 200
    },
    {
      "RequestUri": "/subscriptions/4d40c6c3-8f87-4d97-af0e-b745cbfc314d/resourceGroups/ps3628/providers/Microsoft.DataLakeStore/accounts/ps3308?api-version=2016-11-01",
      "EncodedRequestUri": "L3N1YnNjcmlwdGlvbnMvNGQ0MGM2YzMtOGY4Ny00ZDk3LWFmMGUtYjc0NWNiZmMzMTRkL3Jlc291cmNlR3JvdXBzL3BzMzYyOC9wcm92aWRlcnMvTWljcm9zb2Z0LkRhdGFMYWtlU3RvcmUvYWNjb3VudHMvcHMzMzA4P2FwaS12ZXJzaW9uPTIwMTYtMTEtMDE=",
      "RequestMethod": "GET",
      "RequestBody": "",
      "RequestHeaders": {
        "x-ms-client-request-id": [
          "feedcfbc-e2b9-4d99-8576-df882eb44317"
        ],
        "accept-language": [
          "en-US"
        ],
        "User-Agent": [
          "FxVersion/4.7.3190.0",
          "OSName/WindowsServer2016Datacenter",
          "OSVersion/6.3.14393",
          "Microsoft.Azure.Management.DataLake.Store.DataLakeStoreAccountManagementClient/2.4.1.0"
        ]
      },
      "ResponseBody": "{\r\n  \"properties\": {\r\n    \"firewallState\": \"Disabled\",\r\n    \"firewallAllowAzureIps\": \"Disabled\",\r\n    \"firewallAllowDataLakeAnalytics\": \"Disabled\",\r\n    \"firewallRules\": [],\r\n    \"virtualNetworkRules\": [],\r\n    \"trustedIdProviderState\": \"Disabled\",\r\n    \"trustedIdProviders\": [],\r\n    \"encryptionState\": \"Enabled\",\r\n    \"encryptionConfig\": {\r\n      \"type\": \"ServiceManaged\"\r\n    },\r\n    \"currentTier\": \"Consumption\",\r\n    \"newTier\": \"Consumption\",\r\n    \"dataLakePerformanceTierState\": \"Disabled\",\r\n    \"provisioningState\": \"Succeeded\",\r\n    \"state\": \"Active\",\r\n    \"endpoint\": \"ps3308.azuredatalakestore.net\",\r\n    \"accountId\": \"8d86ed18-de14-4be7-9214-a936614ceed6\",\r\n    \"creationTime\": \"2018-10-08T21:53:27.7472585Z\",\r\n    \"lastModifiedTime\": \"2018-10-08T21:53:27.7472585Z\"\r\n  },\r\n  \"location\": \"eastus2\",\r\n  \"tags\": {},\r\n  \"identity\": {\r\n    \"type\": \"SystemAssigned\",\r\n    \"principalId\": \"989672ec-e2e4-4303-9eb3-b4106e268c25\",\r\n    \"tenantId\": \"72f988bf-86f1-41af-91ab-2d7cd011db47\"\r\n  },\r\n  \"id\": \"/subscriptions/4d40c6c3-8f87-4d97-af0e-b745cbfc314d/resourceGroups/ps3628/providers/Microsoft.DataLakeStore/accounts/ps3308\",\r\n  \"name\": \"ps3308\",\r\n  \"type\": \"Microsoft.DataLakeStore/accounts\"\r\n}",
      "ResponseHeaders": {
        "Content-Length": [
          "992"
        ],
        "Content-Type": [
          "application/json"
        ],
        "Expires": [
          "-1"
        ],
        "Pragma": [
          "no-cache"
        ],
        "x-ms-request-id": [
          "3a16740c-26e5-4cc0-8851-a3df30520ed7"
        ],
        "X-Content-Type-Options": [
          "nosniff"
        ],
        "x-ms-ratelimit-remaining-subscription-reads": [
          "11991"
        ],
        "x-ms-correlation-request-id": [
          "e3b57705-1a77-43ab-916c-aca7d8c7ee77"
        ],
        "x-ms-routing-request-id": [
          "WESTUS2:20181008T215359Z:e3b57705-1a77-43ab-916c-aca7d8c7ee77"
        ],
        "Strict-Transport-Security": [
          "max-age=31536000; includeSubDomains"
        ],
        "Cache-Control": [
          "no-cache"
        ],
        "Date": [
          "Mon, 08 Oct 2018 21:53:58 GMT"
        ],
        "Server": [
          "Microsoft-IIS/8.5"
        ],
        "X-AspNet-Version": [
          "4.0.30319"
        ],
        "X-Powered-By": [
          "ASP.NET"
        ]
      },
      "StatusCode": 200
    },
    {
      "RequestUri": "/subscriptions/4d40c6c3-8f87-4d97-af0e-b745cbfc314d/resourceGroups/ps3628/providers/Microsoft.DataLakeStore/accounts/ps3308?api-version=2016-11-01",
      "EncodedRequestUri": "L3N1YnNjcmlwdGlvbnMvNGQ0MGM2YzMtOGY4Ny00ZDk3LWFmMGUtYjc0NWNiZmMzMTRkL3Jlc291cmNlR3JvdXBzL3BzMzYyOC9wcm92aWRlcnMvTWljcm9zb2Z0LkRhdGFMYWtlU3RvcmUvYWNjb3VudHMvcHMzMzA4P2FwaS12ZXJzaW9uPTIwMTYtMTEtMDE=",
      "RequestMethod": "GET",
      "RequestBody": "",
      "RequestHeaders": {
        "x-ms-client-request-id": [
          "bec4d73b-d689-4b35-a482-f5204e2bd6aa"
        ],
        "accept-language": [
          "en-US"
        ],
        "User-Agent": [
          "FxVersion/4.7.3190.0",
          "OSName/WindowsServer2016Datacenter",
          "OSVersion/6.3.14393",
          "Microsoft.Azure.Management.DataLake.Store.DataLakeStoreAccountManagementClient/2.4.1.0"
        ]
      },
      "ResponseBody": "{\r\n  \"properties\": {\r\n    \"firewallState\": \"Disabled\",\r\n    \"firewallAllowAzureIps\": \"Disabled\",\r\n    \"firewallAllowDataLakeAnalytics\": \"Disabled\",\r\n    \"firewallRules\": [],\r\n    \"virtualNetworkRules\": [],\r\n    \"trustedIdProviderState\": \"Disabled\",\r\n    \"trustedIdProviders\": [],\r\n    \"encryptionState\": \"Enabled\",\r\n    \"encryptionConfig\": {\r\n      \"type\": \"ServiceManaged\"\r\n    },\r\n    \"currentTier\": \"Consumption\",\r\n    \"newTier\": \"Consumption\",\r\n    \"dataLakePerformanceTierState\": \"Disabled\",\r\n    \"provisioningState\": \"Succeeded\",\r\n    \"state\": \"Active\",\r\n    \"endpoint\": \"ps3308.azuredatalakestore.net\",\r\n    \"accountId\": \"8d86ed18-de14-4be7-9214-a936614ceed6\",\r\n    \"creationTime\": \"2018-10-08T21:53:27.7472585Z\",\r\n    \"lastModifiedTime\": \"2018-10-08T21:53:27.7472585Z\"\r\n  },\r\n  \"location\": \"eastus2\",\r\n  \"tags\": {},\r\n  \"identity\": {\r\n    \"type\": \"SystemAssigned\",\r\n    \"principalId\": \"989672ec-e2e4-4303-9eb3-b4106e268c25\",\r\n    \"tenantId\": \"72f988bf-86f1-41af-91ab-2d7cd011db47\"\r\n  },\r\n  \"id\": \"/subscriptions/4d40c6c3-8f87-4d97-af0e-b745cbfc314d/resourceGroups/ps3628/providers/Microsoft.DataLakeStore/accounts/ps3308\",\r\n  \"name\": \"ps3308\",\r\n  \"type\": \"Microsoft.DataLakeStore/accounts\"\r\n}",
      "ResponseHeaders": {
        "Content-Length": [
          "992"
        ],
        "Content-Type": [
          "application/json"
        ],
        "Expires": [
          "-1"
        ],
        "Pragma": [
          "no-cache"
        ],
        "x-ms-request-id": [
          "aad3f77e-f63e-4d8b-b4df-c78a661aa3f6"
        ],
        "X-Content-Type-Options": [
          "nosniff"
        ],
        "x-ms-ratelimit-remaining-subscription-reads": [
          "11989"
        ],
        "x-ms-correlation-request-id": [
          "b377c62e-f607-493f-98e8-4082819bb041"
        ],
        "x-ms-routing-request-id": [
          "WESTUS2:20181008T215400Z:b377c62e-f607-493f-98e8-4082819bb041"
        ],
        "Strict-Transport-Security": [
          "max-age=31536000; includeSubDomains"
        ],
        "Cache-Control": [
          "no-cache"
        ],
        "Date": [
          "Mon, 08 Oct 2018 21:53:59 GMT"
        ],
        "Server": [
          "Microsoft-IIS/8.5"
        ],
        "X-AspNet-Version": [
          "4.0.30319"
        ],
        "X-Powered-By": [
          "ASP.NET"
        ]
      },
      "StatusCode": 200
    },
    {
      "RequestUri": "/subscriptions/4d40c6c3-8f87-4d97-af0e-b745cbfc314d/resourceGroups/ps3628/providers/Microsoft.DataLakeStore/accounts/ps3308?api-version=2016-11-01",
      "EncodedRequestUri": "L3N1YnNjcmlwdGlvbnMvNGQ0MGM2YzMtOGY4Ny00ZDk3LWFmMGUtYjc0NWNiZmMzMTRkL3Jlc291cmNlR3JvdXBzL3BzMzYyOC9wcm92aWRlcnMvTWljcm9zb2Z0LkRhdGFMYWtlU3RvcmUvYWNjb3VudHMvcHMzMzA4P2FwaS12ZXJzaW9uPTIwMTYtMTEtMDE=",
      "RequestMethod": "GET",
      "RequestBody": "",
      "RequestHeaders": {
        "x-ms-client-request-id": [
          "f01fafa6-367c-45ae-a1b6-11529b5a60ff"
        ],
        "accept-language": [
          "en-US"
        ],
        "User-Agent": [
          "FxVersion/4.7.3190.0",
          "OSName/WindowsServer2016Datacenter",
          "OSVersion/6.3.14393",
          "Microsoft.Azure.Management.DataLake.Store.DataLakeStoreAccountManagementClient/2.4.1.0"
        ]
      },
      "ResponseBody": "{\r\n  \"properties\": {\r\n    \"firewallState\": \"Enabled\",\r\n    \"firewallAllowAzureIps\": \"Enabled\",\r\n    \"firewallAllowDataLakeAnalytics\": \"Enabled\",\r\n    \"firewallRules\": [],\r\n    \"virtualNetworkRules\": [],\r\n    \"trustedIdProviderState\": \"Disabled\",\r\n    \"trustedIdProviders\": [],\r\n    \"encryptionState\": \"Enabled\",\r\n    \"encryptionConfig\": {\r\n      \"type\": \"ServiceManaged\"\r\n    },\r\n    \"currentTier\": \"Consumption\",\r\n    \"newTier\": \"Consumption\",\r\n    \"dataLakePerformanceTierState\": \"Disabled\",\r\n    \"provisioningState\": \"Succeeded\",\r\n    \"state\": \"Active\",\r\n    \"endpoint\": \"ps3308.azuredatalakestore.net\",\r\n    \"accountId\": \"8d86ed18-de14-4be7-9214-a936614ceed6\",\r\n    \"creationTime\": \"2018-10-08T21:53:27.7472585Z\",\r\n    \"lastModifiedTime\": \"2018-10-08T21:54:02.0538729Z\"\r\n  },\r\n  \"location\": \"eastus2\",\r\n  \"tags\": {},\r\n  \"identity\": {\r\n    \"type\": \"SystemAssigned\",\r\n    \"principalId\": \"989672ec-e2e4-4303-9eb3-b4106e268c25\",\r\n    \"tenantId\": \"72f988bf-86f1-41af-91ab-2d7cd011db47\"\r\n  },\r\n  \"id\": \"/subscriptions/4d40c6c3-8f87-4d97-af0e-b745cbfc314d/resourceGroups/ps3628/providers/Microsoft.DataLakeStore/accounts/ps3308\",\r\n  \"name\": \"ps3308\",\r\n  \"type\": \"Microsoft.DataLakeStore/accounts\"\r\n}",
      "ResponseHeaders": {
        "Content-Length": [
          "989"
        ],
        "Content-Type": [
          "application/json"
        ],
        "Expires": [
          "-1"
        ],
        "Pragma": [
          "no-cache"
        ],
        "x-ms-request-id": [
          "6d99054f-084a-47ce-96ba-71f1c21e6404"
        ],
        "X-Content-Type-Options": [
          "nosniff"
        ],
        "x-ms-ratelimit-remaining-subscription-reads": [
          "11986"
        ],
        "x-ms-correlation-request-id": [
          "8d72ed5b-6f44-417e-9bad-4f0a002a4ab4"
        ],
        "x-ms-routing-request-id": [
          "WESTUS2:20181008T215436Z:8d72ed5b-6f44-417e-9bad-4f0a002a4ab4"
        ],
        "Strict-Transport-Security": [
          "max-age=31536000; includeSubDomains"
        ],
        "Cache-Control": [
          "no-cache"
        ],
        "Date": [
          "Mon, 08 Oct 2018 21:54:36 GMT"
        ],
        "Server": [
          "Microsoft-IIS/8.5"
        ],
        "X-AspNet-Version": [
          "4.0.30319"
        ],
        "X-Powered-By": [
          "ASP.NET"
        ]
      },
      "StatusCode": 200
    },
    {
      "RequestUri": "/subscriptions/4d40c6c3-8f87-4d97-af0e-b745cbfc314d/resourceGroups/ps3628/providers/Microsoft.DataLakeStore/accounts/ps3308?api-version=2016-11-01",
      "EncodedRequestUri": "L3N1YnNjcmlwdGlvbnMvNGQ0MGM2YzMtOGY4Ny00ZDk3LWFmMGUtYjc0NWNiZmMzMTRkL3Jlc291cmNlR3JvdXBzL3BzMzYyOC9wcm92aWRlcnMvTWljcm9zb2Z0LkRhdGFMYWtlU3RvcmUvYWNjb3VudHMvcHMzMzA4P2FwaS12ZXJzaW9uPTIwMTYtMTEtMDE=",
      "RequestMethod": "GET",
      "RequestBody": "",
      "RequestHeaders": {
        "x-ms-client-request-id": [
          "c2528dc0-744a-4367-b75e-8a0fc0a4bd15"
        ],
        "accept-language": [
          "en-US"
        ],
        "User-Agent": [
          "FxVersion/4.7.3190.0",
          "OSName/WindowsServer2016Datacenter",
          "OSVersion/6.3.14393",
          "Microsoft.Azure.Management.DataLake.Store.DataLakeStoreAccountManagementClient/2.4.1.0"
        ]
      },
      "ResponseBody": "{\r\n  \"properties\": {\r\n    \"firewallState\": \"Enabled\",\r\n    \"firewallAllowAzureIps\": \"Enabled\",\r\n    \"firewallAllowDataLakeAnalytics\": \"Enabled\",\r\n    \"firewallRules\": [],\r\n    \"virtualNetworkRules\": [\r\n      {\r\n        \"properties\": {\r\n          \"subnetId\": \"/subscriptions/4d40c6c3-8f87-4d97-af0e-b745cbfc314d/resourceGroups/ps3628/providers/Microsoft.Network/virtualNetworks/vnet1/subnets/Public\",\r\n          \"state\": \"Active\"\r\n        },\r\n        \"name\": \"vnet1\"\r\n      }\r\n    ],\r\n    \"trustedIdProviderState\": \"Disabled\",\r\n    \"trustedIdProviders\": [],\r\n    \"encryptionState\": \"Enabled\",\r\n    \"encryptionConfig\": {\r\n      \"type\": \"ServiceManaged\"\r\n    },\r\n    \"currentTier\": \"Consumption\",\r\n    \"newTier\": \"Consumption\",\r\n    \"dataLakePerformanceTierState\": \"Disabled\",\r\n    \"provisioningState\": \"Succeeded\",\r\n    \"state\": \"Active\",\r\n    \"endpoint\": \"ps3308.azuredatalakestore.net\",\r\n    \"accountId\": \"8d86ed18-de14-4be7-9214-a936614ceed6\",\r\n    \"creationTime\": \"2018-10-08T21:53:27.7472585Z\",\r\n    \"lastModifiedTime\": \"2018-10-08T21:54:02.0538729Z\"\r\n  },\r\n  \"location\": \"eastus2\",\r\n  \"tags\": {},\r\n  \"identity\": {\r\n    \"type\": \"SystemAssigned\",\r\n    \"principalId\": \"989672ec-e2e4-4303-9eb3-b4106e268c25\",\r\n    \"tenantId\": \"72f988bf-86f1-41af-91ab-2d7cd011db47\"\r\n  },\r\n  \"id\": \"/subscriptions/4d40c6c3-8f87-4d97-af0e-b745cbfc314d/resourceGroups/ps3628/providers/Microsoft.DataLakeStore/accounts/ps3308\",\r\n  \"name\": \"ps3308\",\r\n  \"type\": \"Microsoft.DataLakeStore/accounts\"\r\n}",
      "ResponseHeaders": {
        "Content-Length": [
          "1189"
        ],
        "Content-Type": [
          "application/json"
        ],
        "Expires": [
          "-1"
        ],
        "Pragma": [
          "no-cache"
        ],
        "x-ms-request-id": [
          "b44affe5-7c89-4e00-988e-e94bd1c6610d"
        ],
        "X-Content-Type-Options": [
          "nosniff"
        ],
        "x-ms-ratelimit-remaining-subscription-reads": [
          "11982"
        ],
        "x-ms-correlation-request-id": [
          "f54a1663-564a-4e30-9987-cecada7b8ee4"
        ],
        "x-ms-routing-request-id": [
          "WESTUS2:20181008T215440Z:f54a1663-564a-4e30-9987-cecada7b8ee4"
        ],
        "Strict-Transport-Security": [
          "max-age=31536000; includeSubDomains"
        ],
        "Cache-Control": [
          "no-cache"
        ],
        "Date": [
          "Mon, 08 Oct 2018 21:54:40 GMT"
        ],
        "Server": [
          "Microsoft-IIS/8.5"
        ],
        "X-AspNet-Version": [
          "4.0.30319"
        ],
        "X-Powered-By": [
          "ASP.NET"
        ]
      },
      "StatusCode": 200
    },
    {
      "RequestUri": "/subscriptions/4d40c6c3-8f87-4d97-af0e-b745cbfc314d/resourceGroups/ps3628/providers/Microsoft.DataLakeStore/accounts/ps3308?api-version=2016-11-01",
      "EncodedRequestUri": "L3N1YnNjcmlwdGlvbnMvNGQ0MGM2YzMtOGY4Ny00ZDk3LWFmMGUtYjc0NWNiZmMzMTRkL3Jlc291cmNlR3JvdXBzL3BzMzYyOC9wcm92aWRlcnMvTWljcm9zb2Z0LkRhdGFMYWtlU3RvcmUvYWNjb3VudHMvcHMzMzA4P2FwaS12ZXJzaW9uPTIwMTYtMTEtMDE=",
      "RequestMethod": "GET",
      "RequestBody": "",
      "RequestHeaders": {
        "x-ms-client-request-id": [
          "2e682b9e-d941-40a6-8ff2-a376a7d6bb9c"
        ],
        "accept-language": [
          "en-US"
        ],
        "User-Agent": [
          "FxVersion/4.7.3190.0",
          "OSName/WindowsServer2016Datacenter",
          "OSVersion/6.3.14393",
          "Microsoft.Azure.Management.DataLake.Store.DataLakeStoreAccountManagementClient/2.4.1.0"
        ]
      },
      "ResponseBody": "{\r\n  \"properties\": {\r\n    \"firewallState\": \"Enabled\",\r\n    \"firewallAllowAzureIps\": \"Enabled\",\r\n    \"firewallAllowDataLakeAnalytics\": \"Enabled\",\r\n    \"firewallRules\": [],\r\n    \"virtualNetworkRules\": [],\r\n    \"trustedIdProviderState\": \"Disabled\",\r\n    \"trustedIdProviders\": [],\r\n    \"encryptionState\": \"Enabled\",\r\n    \"encryptionConfig\": {\r\n      \"type\": \"ServiceManaged\"\r\n    },\r\n    \"currentTier\": \"Consumption\",\r\n    \"newTier\": \"Consumption\",\r\n    \"dataLakePerformanceTierState\": \"Disabled\",\r\n    \"provisioningState\": \"Succeeded\",\r\n    \"state\": \"Active\",\r\n    \"endpoint\": \"ps3308.azuredatalakestore.net\",\r\n    \"accountId\": \"8d86ed18-de14-4be7-9214-a936614ceed6\",\r\n    \"creationTime\": \"2018-10-08T21:53:27.7472585Z\",\r\n    \"lastModifiedTime\": \"2018-10-08T21:54:02.0538729Z\"\r\n  },\r\n  \"location\": \"eastus2\",\r\n  \"tags\": {},\r\n  \"identity\": {\r\n    \"type\": \"SystemAssigned\",\r\n    \"principalId\": \"989672ec-e2e4-4303-9eb3-b4106e268c25\",\r\n    \"tenantId\": \"72f988bf-86f1-41af-91ab-2d7cd011db47\"\r\n  },\r\n  \"id\": \"/subscriptions/4d40c6c3-8f87-4d97-af0e-b745cbfc314d/resourceGroups/ps3628/providers/Microsoft.DataLakeStore/accounts/ps3308\",\r\n  \"name\": \"ps3308\",\r\n  \"type\": \"Microsoft.DataLakeStore/accounts\"\r\n}",
      "ResponseHeaders": {
        "Content-Length": [
          "989"
        ],
        "Content-Type": [
          "application/json"
        ],
        "Expires": [
          "-1"
        ],
        "Pragma": [
          "no-cache"
        ],
        "x-ms-request-id": [
          "b79b1215-c0f4-40e4-9b97-a5087966e567"
        ],
        "X-Content-Type-Options": [
          "nosniff"
        ],
        "x-ms-ratelimit-remaining-subscription-reads": [
          "11979"
        ],
        "x-ms-correlation-request-id": [
          "d575254a-4697-4238-aebb-ba5ed1b8a966"
        ],
        "x-ms-routing-request-id": [
          "WESTUS2:20181008T215443Z:d575254a-4697-4238-aebb-ba5ed1b8a966"
        ],
        "Strict-Transport-Security": [
          "max-age=31536000; includeSubDomains"
        ],
        "Cache-Control": [
          "no-cache"
        ],
        "Date": [
          "Mon, 08 Oct 2018 21:54:43 GMT"
        ],
        "Server": [
          "Microsoft-IIS/8.5"
        ],
        "X-AspNet-Version": [
          "4.0.30319"
        ],
        "X-Powered-By": [
          "ASP.NET"
        ]
      },
      "StatusCode": 200
    },
    {
      "RequestUri": "/subscriptions/4d40c6c3-8f87-4d97-af0e-b745cbfc314d/providers/Microsoft.DataLakeStore/accounts?api-version=2016-11-01",
      "EncodedRequestUri": "L3N1YnNjcmlwdGlvbnMvNGQ0MGM2YzMtOGY4Ny00ZDk3LWFmMGUtYjc0NWNiZmMzMTRkL3Byb3ZpZGVycy9NaWNyb3NvZnQuRGF0YUxha2VTdG9yZS9hY2NvdW50cz9hcGktdmVyc2lvbj0yMDE2LTExLTAx",
      "RequestMethod": "GET",
      "RequestBody": "",
      "RequestHeaders": {
        "x-ms-client-request-id": [
          "95998bae-ddb2-4361-b47f-748ef9fbb744"
        ],
        "accept-language": [
          "en-US"
        ],
        "User-Agent": [
          "FxVersion/4.7.3190.0",
          "OSName/WindowsServer2016Datacenter",
          "OSVersion/6.3.14393",
          "Microsoft.Azure.Management.DataLake.Store.DataLakeStoreAccountManagementClient/2.4.1.0"
        ]
      },
      "ResponseBody": "{\r\n  \"value\": [\r\n    {\r\n      \"properties\": {\r\n        \"provisioningState\": \"Succeeded\",\r\n        \"state\": \"Active\",\r\n        \"endpoint\": \"ps4701.azuredatalakestore.net\",\r\n        \"accountId\": \"e7ddae4b-f2a7-4d39-92bf-996420cb325a\",\r\n        \"creationTime\": \"2018-10-04T23:38:30.5841632Z\",\r\n        \"lastModifiedTime\": \"2018-10-04T23:38:30.5841632Z\"\r\n      },\r\n      \"location\": \"eastus2\",\r\n      \"tags\": {},\r\n      \"id\": \"/subscriptions/4d40c6c3-8f87-4d97-af0e-b745cbfc314d/resourceGroups/ps5758/providers/Microsoft.DataLakeStore/accounts/ps4701\",\r\n      \"name\": \"ps4701\",\r\n      \"type\": \"Microsoft.DataLakeStore/accounts\"\r\n    }\r\n  ]\r\n}",
      "ResponseHeaders": {
        "Content-Length": [
          "487"
        ],
        "Content-Type": [
          "application/json"
        ],
        "Expires": [
          "-1"
        ],
        "Pragma": [
          "no-cache"
        ],
        "x-ms-request-id": [
          "33c4335e-eed4-4cd2-991f-2fe93705a186"
        ],
        "X-Content-Type-Options": [
          "nosniff"
        ],
        "x-ms-ratelimit-remaining-subscription-reads": [
          "11998"
        ],
        "x-ms-correlation-request-id": [
          "ea08ada7-d19e-406f-87ef-80c72700c57d"
        ],
        "x-ms-routing-request-id": [
          "WESTUS2:20181008T215322Z:ea08ada7-d19e-406f-87ef-80c72700c57d"
        ],
        "Strict-Transport-Security": [
          "max-age=31536000; includeSubDomains"
        ],
        "Cache-Control": [
          "no-cache"
        ],
        "Date": [
          "Mon, 08 Oct 2018 21:53:21 GMT"
        ],
        "Server": [
          "Microsoft-IIS/8.5"
        ],
        "X-AspNet-Version": [
          "4.0.30319"
        ],
        "X-Powered-By": [
          "ASP.NET"
        ]
      },
      "StatusCode": 200
    },
    {
      "RequestUri": "/subscriptions/4d40c6c3-8f87-4d97-af0e-b745cbfc314d/providers/Microsoft.DataLakeStore/accounts?api-version=2016-11-01",
      "EncodedRequestUri": "L3N1YnNjcmlwdGlvbnMvNGQ0MGM2YzMtOGY4Ny00ZDk3LWFmMGUtYjc0NWNiZmMzMTRkL3Byb3ZpZGVycy9NaWNyb3NvZnQuRGF0YUxha2VTdG9yZS9hY2NvdW50cz9hcGktdmVyc2lvbj0yMDE2LTExLTAx",
      "RequestMethod": "GET",
      "RequestBody": "",
      "RequestHeaders": {
        "x-ms-client-request-id": [
          "0796cdf0-d083-4da7-a0ea-44882d02ea10"
        ],
        "accept-language": [
          "en-US"
        ],
        "User-Agent": [
          "FxVersion/4.7.3190.0",
          "OSName/WindowsServer2016Datacenter",
          "OSVersion/6.3.14393",
          "Microsoft.Azure.Management.DataLake.Store.DataLakeStoreAccountManagementClient/2.4.1.0"
        ]
      },
      "ResponseBody": "{\r\n  \"value\": [\r\n    {\r\n      \"properties\": {\r\n        \"provisioningState\": \"Succeeded\",\r\n        \"state\": \"Active\",\r\n        \"endpoint\": \"ps3308.azuredatalakestore.net\",\r\n        \"accountId\": \"8d86ed18-de14-4be7-9214-a936614ceed6\",\r\n        \"creationTime\": \"2018-10-08T21:53:27.7472585Z\",\r\n        \"lastModifiedTime\": \"2018-10-08T21:53:27.7472585Z\"\r\n      },\r\n      \"location\": \"eastus2\",\r\n      \"tags\": {},\r\n      \"id\": \"/subscriptions/4d40c6c3-8f87-4d97-af0e-b745cbfc314d/resourceGroups/ps3628/providers/Microsoft.DataLakeStore/accounts/ps3308\",\r\n      \"name\": \"ps3308\",\r\n      \"type\": \"Microsoft.DataLakeStore/accounts\"\r\n    },\r\n    {\r\n      \"properties\": {\r\n        \"provisioningState\": \"Succeeded\",\r\n        \"state\": \"Active\",\r\n        \"endpoint\": \"ps4701.azuredatalakestore.net\",\r\n        \"accountId\": \"e7ddae4b-f2a7-4d39-92bf-996420cb325a\",\r\n        \"creationTime\": \"2018-10-04T23:38:30.5841632Z\",\r\n        \"lastModifiedTime\": \"2018-10-04T23:38:30.5841632Z\"\r\n      },\r\n      \"location\": \"eastus2\",\r\n      \"tags\": {},\r\n      \"id\": \"/subscriptions/4d40c6c3-8f87-4d97-af0e-b745cbfc314d/resourceGroups/ps5758/providers/Microsoft.DataLakeStore/accounts/ps4701\",\r\n      \"name\": \"ps4701\",\r\n      \"type\": \"Microsoft.DataLakeStore/accounts\"\r\n    }\r\n  ]\r\n}",
      "ResponseHeaders": {
        "Content-Length": [
          "963"
        ],
        "Content-Type": [
          "application/json"
        ],
        "Expires": [
          "-1"
        ],
        "Pragma": [
          "no-cache"
        ],
        "x-ms-request-id": [
          "3922db69-5721-4b98-9c98-3e3f6210e76e"
        ],
        "X-Content-Type-Options": [
          "nosniff"
        ],
        "x-ms-ratelimit-remaining-subscription-reads": [
          "11990"
        ],
        "x-ms-correlation-request-id": [
          "969e00ad-7e95-48cf-924f-3751431c8521"
        ],
        "x-ms-routing-request-id": [
          "WESTUS2:20181008T215400Z:969e00ad-7e95-48cf-924f-3751431c8521"
        ],
        "Strict-Transport-Security": [
          "max-age=31536000; includeSubDomains"
        ],
        "Cache-Control": [
          "no-cache"
        ],
        "Date": [
          "Mon, 08 Oct 2018 21:53:59 GMT"
        ],
        "Server": [
          "Microsoft-IIS/8.5"
        ],
        "X-AspNet-Version": [
          "4.0.30319"
        ],
        "X-Powered-By": [
          "ASP.NET"
        ]
      },
      "StatusCode": 200
    },
    {
      "RequestUri": "/subscriptions/4d40c6c3-8f87-4d97-af0e-b745cbfc314d/providers/Microsoft.DataLakeStore/accounts?api-version=2016-11-01",
      "EncodedRequestUri": "L3N1YnNjcmlwdGlvbnMvNGQ0MGM2YzMtOGY4Ny00ZDk3LWFmMGUtYjc0NWNiZmMzMTRkL3Byb3ZpZGVycy9NaWNyb3NvZnQuRGF0YUxha2VTdG9yZS9hY2NvdW50cz9hcGktdmVyc2lvbj0yMDE2LTExLTAx",
      "RequestMethod": "GET",
      "RequestBody": "",
      "RequestHeaders": {
        "x-ms-client-request-id": [
          "da7ea1c1-4c44-4c48-a053-ecc392dba28e"
        ],
        "accept-language": [
          "en-US"
        ],
        "User-Agent": [
          "FxVersion/4.7.3190.0",
          "OSName/WindowsServer2016Datacenter",
          "OSVersion/6.3.14393",
          "Microsoft.Azure.Management.DataLake.Store.DataLakeStoreAccountManagementClient/2.4.1.0"
        ]
      },
      "ResponseBody": "{\r\n  \"value\": [\r\n    {\r\n      \"properties\": {\r\n        \"provisioningState\": \"Succeeded\",\r\n        \"state\": \"Active\",\r\n        \"endpoint\": \"ps3308.azuredatalakestore.net\",\r\n        \"accountId\": \"8d86ed18-de14-4be7-9214-a936614ceed6\",\r\n        \"creationTime\": \"2018-10-08T21:53:27.7472585Z\",\r\n        \"lastModifiedTime\": \"2018-10-08T21:53:27.7472585Z\"\r\n      },\r\n      \"location\": \"eastus2\",\r\n      \"tags\": {},\r\n      \"id\": \"/subscriptions/4d40c6c3-8f87-4d97-af0e-b745cbfc314d/resourceGroups/ps3628/providers/Microsoft.DataLakeStore/accounts/ps3308\",\r\n      \"name\": \"ps3308\",\r\n      \"type\": \"Microsoft.DataLakeStore/accounts\"\r\n    },\r\n    {\r\n      \"properties\": {\r\n        \"provisioningState\": \"Succeeded\",\r\n        \"state\": \"Active\",\r\n        \"endpoint\": \"ps4701.azuredatalakestore.net\",\r\n        \"accountId\": \"e7ddae4b-f2a7-4d39-92bf-996420cb325a\",\r\n        \"creationTime\": \"2018-10-04T23:38:30.5841632Z\",\r\n        \"lastModifiedTime\": \"2018-10-04T23:38:30.5841632Z\"\r\n      },\r\n      \"location\": \"eastus2\",\r\n      \"tags\": {},\r\n      \"id\": \"/subscriptions/4d40c6c3-8f87-4d97-af0e-b745cbfc314d/resourceGroups/ps5758/providers/Microsoft.DataLakeStore/accounts/ps4701\",\r\n      \"name\": \"ps4701\",\r\n      \"type\": \"Microsoft.DataLakeStore/accounts\"\r\n    }\r\n  ]\r\n}",
      "ResponseHeaders": {
        "Content-Length": [
          "963"
        ],
        "Content-Type": [
          "application/json"
        ],
        "Expires": [
          "-1"
        ],
        "Pragma": [
          "no-cache"
        ],
        "x-ms-request-id": [
          "402cbea0-4f16-4288-b3c7-38d97e3ed6c7"
        ],
        "X-Content-Type-Options": [
          "nosniff"
        ],
        "x-ms-ratelimit-remaining-subscription-reads": [
          "11988"
        ],
        "x-ms-correlation-request-id": [
          "791d99ff-4c2a-428e-868d-e2cb857cc2ed"
        ],
        "x-ms-routing-request-id": [
          "WESTUS2:20181008T215401Z:791d99ff-4c2a-428e-868d-e2cb857cc2ed"
        ],
        "Strict-Transport-Security": [
          "max-age=31536000; includeSubDomains"
        ],
        "Cache-Control": [
          "no-cache"
        ],
        "Date": [
          "Mon, 08 Oct 2018 21:54:00 GMT"
        ],
        "Server": [
          "Microsoft-IIS/8.5"
        ],
        "X-AspNet-Version": [
          "4.0.30319"
        ],
        "X-Powered-By": [
          "ASP.NET"
        ]
      },
      "StatusCode": 200
    },
    {
      "RequestUri": "/subscriptions/4d40c6c3-8f87-4d97-af0e-b745cbfc314d/providers/Microsoft.DataLakeStore/accounts?api-version=2016-11-01",
      "EncodedRequestUri": "L3N1YnNjcmlwdGlvbnMvNGQ0MGM2YzMtOGY4Ny00ZDk3LWFmMGUtYjc0NWNiZmMzMTRkL3Byb3ZpZGVycy9NaWNyb3NvZnQuRGF0YUxha2VTdG9yZS9hY2NvdW50cz9hcGktdmVyc2lvbj0yMDE2LTExLTAx",
      "RequestMethod": "GET",
      "RequestBody": "",
      "RequestHeaders": {
        "x-ms-client-request-id": [
          "e577bb4e-c59a-42e2-b80e-122fc3f493a2"
        ],
        "accept-language": [
          "en-US"
        ],
        "User-Agent": [
          "FxVersion/4.7.3190.0",
          "OSName/WindowsServer2016Datacenter",
          "OSVersion/6.3.14393",
          "Microsoft.Azure.Management.DataLake.Store.DataLakeStoreAccountManagementClient/2.4.1.0"
        ]
      },
      "ResponseBody": "{\r\n  \"value\": [\r\n    {\r\n      \"properties\": {\r\n        \"provisioningState\": \"Succeeded\",\r\n        \"state\": \"Active\",\r\n        \"endpoint\": \"ps3308.azuredatalakestore.net\",\r\n        \"accountId\": \"8d86ed18-de14-4be7-9214-a936614ceed6\",\r\n        \"creationTime\": \"2018-10-08T21:53:27.7472585Z\",\r\n        \"lastModifiedTime\": \"2018-10-08T21:54:02.0538729Z\"\r\n      },\r\n      \"location\": \"eastus2\",\r\n      \"tags\": {},\r\n      \"id\": \"/subscriptions/4d40c6c3-8f87-4d97-af0e-b745cbfc314d/resourceGroups/ps3628/providers/Microsoft.DataLakeStore/accounts/ps3308\",\r\n      \"name\": \"ps3308\",\r\n      \"type\": \"Microsoft.DataLakeStore/accounts\"\r\n    },\r\n    {\r\n      \"properties\": {\r\n        \"provisioningState\": \"Succeeded\",\r\n        \"state\": \"Active\",\r\n        \"endpoint\": \"ps4701.azuredatalakestore.net\",\r\n        \"accountId\": \"e7ddae4b-f2a7-4d39-92bf-996420cb325a\",\r\n        \"creationTime\": \"2018-10-04T23:38:30.5841632Z\",\r\n        \"lastModifiedTime\": \"2018-10-04T23:38:30.5841632Z\"\r\n      },\r\n      \"location\": \"eastus2\",\r\n      \"tags\": {},\r\n      \"id\": \"/subscriptions/4d40c6c3-8f87-4d97-af0e-b745cbfc314d/resourceGroups/ps5758/providers/Microsoft.DataLakeStore/accounts/ps4701\",\r\n      \"name\": \"ps4701\",\r\n      \"type\": \"Microsoft.DataLakeStore/accounts\"\r\n    }\r\n  ]\r\n}",
      "ResponseHeaders": {
        "Content-Length": [
          "963"
        ],
        "Content-Type": [
          "application/json"
        ],
        "Expires": [
          "-1"
        ],
        "Pragma": [
          "no-cache"
        ],
        "x-ms-request-id": [
          "7678ad5a-ce00-47f4-9a2b-e482dae663a5"
        ],
        "X-Content-Type-Options": [
          "nosniff"
        ],
        "x-ms-ratelimit-remaining-subscription-reads": [
          "11987"
        ],
        "x-ms-correlation-request-id": [
          "e5d2f9c4-f05a-4166-b694-8a3fb625d0a5"
        ],
        "x-ms-routing-request-id": [
          "WESTUS2:20181008T215435Z:e5d2f9c4-f05a-4166-b694-8a3fb625d0a5"
        ],
        "Strict-Transport-Security": [
          "max-age=31536000; includeSubDomains"
        ],
        "Cache-Control": [
          "no-cache"
        ],
        "Date": [
          "Mon, 08 Oct 2018 21:54:35 GMT"
        ],
        "Server": [
          "Microsoft-IIS/8.5"
        ],
        "X-AspNet-Version": [
          "4.0.30319"
        ],
        "X-Powered-By": [
          "ASP.NET"
        ]
      },
      "StatusCode": 200
    },
    {
      "RequestUri": "/subscriptions/4d40c6c3-8f87-4d97-af0e-b745cbfc314d/providers/Microsoft.DataLakeStore/accounts?api-version=2016-11-01",
      "EncodedRequestUri": "L3N1YnNjcmlwdGlvbnMvNGQ0MGM2YzMtOGY4Ny00ZDk3LWFmMGUtYjc0NWNiZmMzMTRkL3Byb3ZpZGVycy9NaWNyb3NvZnQuRGF0YUxha2VTdG9yZS9hY2NvdW50cz9hcGktdmVyc2lvbj0yMDE2LTExLTAx",
      "RequestMethod": "GET",
      "RequestBody": "",
      "RequestHeaders": {
        "x-ms-client-request-id": [
          "9ee4e543-6473-4cf3-817a-8aa15fed85b3"
        ],
        "accept-language": [
          "en-US"
        ],
        "User-Agent": [
          "FxVersion/4.7.3190.0",
          "OSName/WindowsServer2016Datacenter",
          "OSVersion/6.3.14393",
          "Microsoft.Azure.Management.DataLake.Store.DataLakeStoreAccountManagementClient/2.4.1.0"
        ]
      },
      "ResponseBody": "{\r\n  \"value\": [\r\n    {\r\n      \"properties\": {\r\n        \"provisioningState\": \"Succeeded\",\r\n        \"state\": \"Active\",\r\n        \"endpoint\": \"ps3308.azuredatalakestore.net\",\r\n        \"accountId\": \"8d86ed18-de14-4be7-9214-a936614ceed6\",\r\n        \"creationTime\": \"2018-10-08T21:53:27.7472585Z\",\r\n        \"lastModifiedTime\": \"2018-10-08T21:54:02.0538729Z\"\r\n      },\r\n      \"location\": \"eastus2\",\r\n      \"tags\": {},\r\n      \"id\": \"/subscriptions/4d40c6c3-8f87-4d97-af0e-b745cbfc314d/resourceGroups/ps3628/providers/Microsoft.DataLakeStore/accounts/ps3308\",\r\n      \"name\": \"ps3308\",\r\n      \"type\": \"Microsoft.DataLakeStore/accounts\"\r\n    },\r\n    {\r\n      \"properties\": {\r\n        \"provisioningState\": \"Succeeded\",\r\n        \"state\": \"Active\",\r\n        \"endpoint\": \"ps4701.azuredatalakestore.net\",\r\n        \"accountId\": \"e7ddae4b-f2a7-4d39-92bf-996420cb325a\",\r\n        \"creationTime\": \"2018-10-04T23:38:30.5841632Z\",\r\n        \"lastModifiedTime\": \"2018-10-04T23:38:30.5841632Z\"\r\n      },\r\n      \"location\": \"eastus2\",\r\n      \"tags\": {},\r\n      \"id\": \"/subscriptions/4d40c6c3-8f87-4d97-af0e-b745cbfc314d/resourceGroups/ps5758/providers/Microsoft.DataLakeStore/accounts/ps4701\",\r\n      \"name\": \"ps4701\",\r\n      \"type\": \"Microsoft.DataLakeStore/accounts\"\r\n    }\r\n  ]\r\n}",
      "ResponseHeaders": {
        "Content-Length": [
          "963"
        ],
        "Content-Type": [
          "application/json"
        ],
        "Expires": [
          "-1"
        ],
        "Pragma": [
          "no-cache"
        ],
        "x-ms-request-id": [
          "60a1bac2-4e0f-4067-96a9-f5e8d11bc65d"
        ],
        "X-Content-Type-Options": [
          "nosniff"
        ],
        "x-ms-ratelimit-remaining-subscription-reads": [
          "11985"
        ],
        "x-ms-correlation-request-id": [
          "bc09b9f1-abbb-4aa4-bdd2-19c89d232db6"
        ],
        "x-ms-routing-request-id": [
          "WESTUS2:20181008T215438Z:bc09b9f1-abbb-4aa4-bdd2-19c89d232db6"
        ],
        "Strict-Transport-Security": [
          "max-age=31536000; includeSubDomains"
        ],
        "Cache-Control": [
          "no-cache"
        ],
        "Date": [
          "Mon, 08 Oct 2018 21:54:38 GMT"
        ],
        "Server": [
          "Microsoft-IIS/8.5"
        ],
        "X-AspNet-Version": [
          "4.0.30319"
        ],
        "X-Powered-By": [
          "ASP.NET"
        ]
      },
      "StatusCode": 200
    },
    {
      "RequestUri": "/subscriptions/4d40c6c3-8f87-4d97-af0e-b745cbfc314d/providers/Microsoft.DataLakeStore/accounts?api-version=2016-11-01",
      "EncodedRequestUri": "L3N1YnNjcmlwdGlvbnMvNGQ0MGM2YzMtOGY4Ny00ZDk3LWFmMGUtYjc0NWNiZmMzMTRkL3Byb3ZpZGVycy9NaWNyb3NvZnQuRGF0YUxha2VTdG9yZS9hY2NvdW50cz9hcGktdmVyc2lvbj0yMDE2LTExLTAx",
      "RequestMethod": "GET",
      "RequestBody": "",
      "RequestHeaders": {
        "x-ms-client-request-id": [
          "9c67e87f-655b-4aed-9837-14817d079e7a"
        ],
        "accept-language": [
          "en-US"
        ],
        "User-Agent": [
          "FxVersion/4.7.3190.0",
          "OSName/WindowsServer2016Datacenter",
          "OSVersion/6.3.14393",
          "Microsoft.Azure.Management.DataLake.Store.DataLakeStoreAccountManagementClient/2.4.1.0"
        ]
      },
      "ResponseBody": "{\r\n  \"value\": [\r\n    {\r\n      \"properties\": {\r\n        \"provisioningState\": \"Succeeded\",\r\n        \"state\": \"Active\",\r\n        \"endpoint\": \"ps3308.azuredatalakestore.net\",\r\n        \"accountId\": \"8d86ed18-de14-4be7-9214-a936614ceed6\",\r\n        \"creationTime\": \"2018-10-08T21:53:27.7472585Z\",\r\n        \"lastModifiedTime\": \"2018-10-08T21:54:02.0538729Z\"\r\n      },\r\n      \"location\": \"eastus2\",\r\n      \"tags\": {},\r\n      \"id\": \"/subscriptions/4d40c6c3-8f87-4d97-af0e-b745cbfc314d/resourceGroups/ps3628/providers/Microsoft.DataLakeStore/accounts/ps3308\",\r\n      \"name\": \"ps3308\",\r\n      \"type\": \"Microsoft.DataLakeStore/accounts\"\r\n    },\r\n    {\r\n      \"properties\": {\r\n        \"provisioningState\": \"Succeeded\",\r\n        \"state\": \"Active\",\r\n        \"endpoint\": \"ps4701.azuredatalakestore.net\",\r\n        \"accountId\": \"e7ddae4b-f2a7-4d39-92bf-996420cb325a\",\r\n        \"creationTime\": \"2018-10-04T23:38:30.5841632Z\",\r\n        \"lastModifiedTime\": \"2018-10-04T23:38:30.5841632Z\"\r\n      },\r\n      \"location\": \"eastus2\",\r\n      \"tags\": {},\r\n      \"id\": \"/subscriptions/4d40c6c3-8f87-4d97-af0e-b745cbfc314d/resourceGroups/ps5758/providers/Microsoft.DataLakeStore/accounts/ps4701\",\r\n      \"name\": \"ps4701\",\r\n      \"type\": \"Microsoft.DataLakeStore/accounts\"\r\n    }\r\n  ]\r\n}",
      "ResponseHeaders": {
        "Content-Length": [
          "963"
        ],
        "Content-Type": [
          "application/json"
        ],
        "Expires": [
          "-1"
        ],
        "Pragma": [
          "no-cache"
        ],
        "x-ms-request-id": [
          "33e491f7-8f98-4977-97d6-ce8bd31ff043"
        ],
        "X-Content-Type-Options": [
          "nosniff"
        ],
        "x-ms-ratelimit-remaining-subscription-reads": [
          "11983"
        ],
        "x-ms-correlation-request-id": [
          "ac3df1c6-9448-437f-9dbc-4358a6203c7d"
        ],
        "x-ms-routing-request-id": [
          "WESTUS2:20181008T215439Z:ac3df1c6-9448-437f-9dbc-4358a6203c7d"
        ],
        "Strict-Transport-Security": [
          "max-age=31536000; includeSubDomains"
        ],
        "Cache-Control": [
          "no-cache"
        ],
        "Date": [
          "Mon, 08 Oct 2018 21:54:39 GMT"
        ],
        "Server": [
          "Microsoft-IIS/8.5"
        ],
        "X-AspNet-Version": [
          "4.0.30319"
        ],
        "X-Powered-By": [
          "ASP.NET"
        ]
      },
      "StatusCode": 200
    },
    {
      "RequestUri": "/subscriptions/4d40c6c3-8f87-4d97-af0e-b745cbfc314d/providers/Microsoft.DataLakeStore/accounts?api-version=2016-11-01",
      "EncodedRequestUri": "L3N1YnNjcmlwdGlvbnMvNGQ0MGM2YzMtOGY4Ny00ZDk3LWFmMGUtYjc0NWNiZmMzMTRkL3Byb3ZpZGVycy9NaWNyb3NvZnQuRGF0YUxha2VTdG9yZS9hY2NvdW50cz9hcGktdmVyc2lvbj0yMDE2LTExLTAx",
      "RequestMethod": "GET",
      "RequestBody": "",
      "RequestHeaders": {
        "x-ms-client-request-id": [
          "5d6c93d9-357f-4d2c-bf64-f976478ecb19"
        ],
        "accept-language": [
          "en-US"
        ],
        "User-Agent": [
          "FxVersion/4.7.3190.0",
          "OSName/WindowsServer2016Datacenter",
          "OSVersion/6.3.14393",
          "Microsoft.Azure.Management.DataLake.Store.DataLakeStoreAccountManagementClient/2.4.1.0"
        ]
      },
      "ResponseBody": "{\r\n  \"value\": [\r\n    {\r\n      \"properties\": {\r\n        \"provisioningState\": \"Succeeded\",\r\n        \"state\": \"Active\",\r\n        \"endpoint\": \"ps3308.azuredatalakestore.net\",\r\n        \"accountId\": \"8d86ed18-de14-4be7-9214-a936614ceed6\",\r\n        \"creationTime\": \"2018-10-08T21:53:27.7472585Z\",\r\n        \"lastModifiedTime\": \"2018-10-08T21:54:02.0538729Z\"\r\n      },\r\n      \"location\": \"eastus2\",\r\n      \"tags\": {},\r\n      \"id\": \"/subscriptions/4d40c6c3-8f87-4d97-af0e-b745cbfc314d/resourceGroups/ps3628/providers/Microsoft.DataLakeStore/accounts/ps3308\",\r\n      \"name\": \"ps3308\",\r\n      \"type\": \"Microsoft.DataLakeStore/accounts\"\r\n    },\r\n    {\r\n      \"properties\": {\r\n        \"provisioningState\": \"Succeeded\",\r\n        \"state\": \"Active\",\r\n        \"endpoint\": \"ps4701.azuredatalakestore.net\",\r\n        \"accountId\": \"e7ddae4b-f2a7-4d39-92bf-996420cb325a\",\r\n        \"creationTime\": \"2018-10-04T23:38:30.5841632Z\",\r\n        \"lastModifiedTime\": \"2018-10-04T23:38:30.5841632Z\"\r\n      },\r\n      \"location\": \"eastus2\",\r\n      \"tags\": {},\r\n      \"id\": \"/subscriptions/4d40c6c3-8f87-4d97-af0e-b745cbfc314d/resourceGroups/ps5758/providers/Microsoft.DataLakeStore/accounts/ps4701\",\r\n      \"name\": \"ps4701\",\r\n      \"type\": \"Microsoft.DataLakeStore/accounts\"\r\n    }\r\n  ]\r\n}",
      "ResponseHeaders": {
        "Content-Length": [
          "963"
        ],
        "Content-Type": [
          "application/json"
        ],
        "Expires": [
          "-1"
        ],
        "Pragma": [
          "no-cache"
        ],
        "x-ms-request-id": [
          "fae8e3e2-fe3a-4c98-9cdf-178fbe3c86a1"
        ],
        "X-Content-Type-Options": [
          "nosniff"
        ],
        "x-ms-ratelimit-remaining-subscription-reads": [
          "11981"
        ],
        "x-ms-correlation-request-id": [
          "6632fbdd-93f7-4156-8e07-eb39b27eafa3"
        ],
        "x-ms-routing-request-id": [
          "WESTUS2:20181008T215442Z:6632fbdd-93f7-4156-8e07-eb39b27eafa3"
        ],
        "Strict-Transport-Security": [
          "max-age=31536000; includeSubDomains"
        ],
        "Cache-Control": [
          "no-cache"
        ],
        "Date": [
          "Mon, 08 Oct 2018 21:54:42 GMT"
        ],
        "Server": [
          "Microsoft-IIS/8.5"
        ],
        "X-AspNet-Version": [
          "4.0.30319"
        ],
        "X-Powered-By": [
          "ASP.NET"
        ]
      },
      "StatusCode": 200
    },
    {
      "RequestUri": "/subscriptions/4d40c6c3-8f87-4d97-af0e-b745cbfc314d/resourceGroups/ps3628/providers/Microsoft.DataLakeStore/accounts/ps3308?api-version=2016-11-01",
      "EncodedRequestUri": "L3N1YnNjcmlwdGlvbnMvNGQ0MGM2YzMtOGY4Ny00ZDk3LWFmMGUtYjc0NWNiZmMzMTRkL3Jlc291cmNlR3JvdXBzL3BzMzYyOC9wcm92aWRlcnMvTWljcm9zb2Z0LkRhdGFMYWtlU3RvcmUvYWNjb3VudHMvcHMzMzA4P2FwaS12ZXJzaW9uPTIwMTYtMTEtMDE=",
      "RequestMethod": "PUT",
      "RequestBody": "{\r\n  \"location\": \"eastus2\",\r\n  \"tags\": {},\r\n  \"identity\": {\r\n    \"type\": \"SystemAssigned\"\r\n  },\r\n  \"properties\": {\r\n    \"encryptionConfig\": {\r\n      \"type\": \"ServiceManaged\"\r\n    },\r\n    \"encryptionState\": \"Enabled\"\r\n  }\r\n}",
      "RequestHeaders": {
        "Content-Type": [
          "application/json; charset=utf-8"
        ],
        "Content-Length": [
          "223"
        ],
        "x-ms-client-request-id": [
          "c445d892-d479-4a9a-aa87-682fb484517d"
        ],
        "accept-language": [
          "en-US"
        ],
        "User-Agent": [
          "FxVersion/4.7.3190.0",
          "OSName/WindowsServer2016Datacenter",
          "OSVersion/6.3.14393",
          "Microsoft.Azure.Management.DataLake.Store.DataLakeStoreAccountManagementClient/2.4.1.0"
        ]
      },
      "ResponseBody": "{\r\n  \"properties\": {\r\n    \"encryptionState\": \"Enabled\",\r\n    \"encryptionConfig\": {\r\n      \"type\": \"ServiceManaged\"\r\n    },\r\n    \"provisioningState\": \"Creating\",\r\n    \"state\": null,\r\n    \"endpoint\": null,\r\n    \"accountId\": \"8d86ed18-de14-4be7-9214-a936614ceed6\"\r\n  },\r\n  \"location\": \"eastus2\",\r\n  \"tags\": {},\r\n  \"identity\": {\r\n    \"type\": \"SystemAssigned\",\r\n    \"principalId\": \"00000000-0000-0000-0000-000000000000\",\r\n    \"tenantId\": \"00000000-0000-0000-0000-000000000000\"\r\n  },\r\n  \"id\": \"/subscriptions/4d40c6c3-8f87-4d97-af0e-b745cbfc314d/resourceGroups/ps3628/providers/Microsoft.DataLakeStore/accounts/ps3308\",\r\n  \"name\": \"ps3308\",\r\n  \"type\": \"Microsoft.DataLakeStore/accounts\"\r\n}",
      "ResponseHeaders": {
        "Content-Length": [
          "560"
        ],
        "Content-Type": [
          "application/json"
        ],
        "Expires": [
          "-1"
        ],
        "Pragma": [
          "no-cache"
        ],
        "Retry-After": [
          "10"
        ],
        "Azure-AsyncOperation": [
          "https://management.azure.com/subscriptions/4d40c6c3-8f87-4d97-af0e-b745cbfc314d/providers/Microsoft.DataLakeStore/locations/eastus2/operationResults/8d86ed18-de14-4be7-9214-a936614ceed60?api-version=2016-11-01&expanded=true"
        ],
        "x-ms-request-id": [
          "2778c0f0-8d00-438d-80bb-1379633fd9f4"
        ],
        "X-Content-Type-Options": [
          "nosniff"
        ],
        "x-ms-ratelimit-remaining-subscription-writes": [
          "1199"
        ],
        "x-ms-correlation-request-id": [
          "88a6f8e1-0602-42a5-b5b7-e23962b27c68"
        ],
        "x-ms-routing-request-id": [
          "WESTUS2:20181008T215326Z:88a6f8e1-0602-42a5-b5b7-e23962b27c68"
        ],
        "Strict-Transport-Security": [
          "max-age=31536000; includeSubDomains"
        ],
        "Cache-Control": [
          "no-cache"
        ],
        "Date": [
          "Mon, 08 Oct 2018 21:53:26 GMT"
        ],
        "Location": [
          "https://management.azure.com/subscriptions/4d40c6c3-8f87-4d97-af0e-b745cbfc314d/resourcegroups/ps3628/providers/Microsoft.DataLakeStore/accounts/ps3308/operationresults/0?api-version=2016-11-01"
        ],
        "Server": [
          "Microsoft-IIS/8.5"
        ],
        "X-AspNet-Version": [
          "4.0.30319"
        ],
        "X-Powered-By": [
          "ASP.NET"
        ]
      },
      "StatusCode": 201
    },
    {
      "RequestUri": "/subscriptions/4d40c6c3-8f87-4d97-af0e-b745cbfc314d/providers/Microsoft.DataLakeStore/locations/eastus2/operationResults/8d86ed18-de14-4be7-9214-a936614ceed60?api-version=2016-11-01&expanded=true",
      "EncodedRequestUri": "L3N1YnNjcmlwdGlvbnMvNGQ0MGM2YzMtOGY4Ny00ZDk3LWFmMGUtYjc0NWNiZmMzMTRkL3Byb3ZpZGVycy9NaWNyb3NvZnQuRGF0YUxha2VTdG9yZS9sb2NhdGlvbnMvZWFzdHVzMi9vcGVyYXRpb25SZXN1bHRzLzhkODZlZDE4LWRlMTQtNGJlNy05MjE0LWE5MzY2MTRjZWVkNjA/YXBpLXZlcnNpb249MjAxNi0xMS0wMSZleHBhbmRlZD10cnVl",
      "RequestMethod": "GET",
      "RequestBody": "",
      "RequestHeaders": {
        "User-Agent": [
          "FxVersion/4.7.3190.0",
          "OSName/WindowsServer2016Datacenter",
          "OSVersion/6.3.14393",
          "Microsoft.Azure.Management.DataLake.Store.DataLakeStoreAccountManagementClient/2.4.1.0"
        ]
      },
      "ResponseBody": "{\r\n  \"status\": \"InProgress\"\r\n}",
      "ResponseHeaders": {
        "Content-Length": [
          "23"
        ],
        "Content-Type": [
          "application/json"
        ],
        "Expires": [
          "-1"
        ],
        "Pragma": [
          "no-cache"
        ],
        "x-ms-request-id": [
          "0d73eb00-f550-4846-9f40-bfb32c98479d"
        ],
        "X-Content-Type-Options": [
          "nosniff"
        ],
        "x-ms-ratelimit-remaining-subscription-reads": [
          "11996"
        ],
        "x-ms-correlation-request-id": [
          "8c5b0af5-e68d-4f99-95bf-6130fb25c766"
        ],
        "x-ms-routing-request-id": [
          "WESTUS2:20181008T215337Z:8c5b0af5-e68d-4f99-95bf-6130fb25c766"
        ],
        "Strict-Transport-Security": [
          "max-age=31536000; includeSubDomains"
        ],
        "Cache-Control": [
          "no-cache"
        ],
        "Date": [
          "Mon, 08 Oct 2018 21:53:36 GMT"
        ],
        "Server": [
          "Microsoft-IIS/8.5"
        ],
        "X-AspNet-Version": [
          "4.0.30319"
        ],
        "X-Powered-By": [
          "ASP.NET"
        ]
      },
      "StatusCode": 200
    },
    {
      "RequestUri": "/subscriptions/4d40c6c3-8f87-4d97-af0e-b745cbfc314d/providers/Microsoft.DataLakeStore/locations/eastus2/operationResults/8d86ed18-de14-4be7-9214-a936614ceed60?api-version=2016-11-01&expanded=true",
      "EncodedRequestUri": "L3N1YnNjcmlwdGlvbnMvNGQ0MGM2YzMtOGY4Ny00ZDk3LWFmMGUtYjc0NWNiZmMzMTRkL3Byb3ZpZGVycy9NaWNyb3NvZnQuRGF0YUxha2VTdG9yZS9sb2NhdGlvbnMvZWFzdHVzMi9vcGVyYXRpb25SZXN1bHRzLzhkODZlZDE4LWRlMTQtNGJlNy05MjE0LWE5MzY2MTRjZWVkNjA/YXBpLXZlcnNpb249MjAxNi0xMS0wMSZleHBhbmRlZD10cnVl",
      "RequestMethod": "GET",
      "RequestBody": "",
      "RequestHeaders": {
        "User-Agent": [
          "FxVersion/4.7.3190.0",
          "OSName/WindowsServer2016Datacenter",
          "OSVersion/6.3.14393",
          "Microsoft.Azure.Management.DataLake.Store.DataLakeStoreAccountManagementClient/2.4.1.0"
        ]
      },
      "ResponseBody": "{\r\n  \"status\": \"InProgress\"\r\n}",
      "ResponseHeaders": {
        "Content-Length": [
          "23"
        ],
        "Content-Type": [
          "application/json"
        ],
        "Expires": [
          "-1"
        ],
        "Pragma": [
          "no-cache"
        ],
        "x-ms-request-id": [
          "93fc9494-7019-4861-95af-e7f9029363c7"
        ],
        "X-Content-Type-Options": [
          "nosniff"
        ],
        "x-ms-ratelimit-remaining-subscription-reads": [
          "11995"
        ],
        "x-ms-correlation-request-id": [
          "83494259-f978-42ed-a65a-5718bf1d73ed"
        ],
        "x-ms-routing-request-id": [
          "WESTUS2:20181008T215347Z:83494259-f978-42ed-a65a-5718bf1d73ed"
        ],
        "Strict-Transport-Security": [
          "max-age=31536000; includeSubDomains"
        ],
        "Cache-Control": [
          "no-cache"
        ],
        "Date": [
          "Mon, 08 Oct 2018 21:53:47 GMT"
        ],
        "Server": [
          "Microsoft-IIS/8.5"
        ],
        "X-AspNet-Version": [
          "4.0.30319"
        ],
        "X-Powered-By": [
          "ASP.NET"
        ]
      },
      "StatusCode": 200
    },
    {
      "RequestUri": "/subscriptions/4d40c6c3-8f87-4d97-af0e-b745cbfc314d/providers/Microsoft.DataLakeStore/locations/eastus2/operationResults/8d86ed18-de14-4be7-9214-a936614ceed60?api-version=2016-11-01&expanded=true",
      "EncodedRequestUri": "L3N1YnNjcmlwdGlvbnMvNGQ0MGM2YzMtOGY4Ny00ZDk3LWFmMGUtYjc0NWNiZmMzMTRkL3Byb3ZpZGVycy9NaWNyb3NvZnQuRGF0YUxha2VTdG9yZS9sb2NhdGlvbnMvZWFzdHVzMi9vcGVyYXRpb25SZXN1bHRzLzhkODZlZDE4LWRlMTQtNGJlNy05MjE0LWE5MzY2MTRjZWVkNjA/YXBpLXZlcnNpb249MjAxNi0xMS0wMSZleHBhbmRlZD10cnVl",
      "RequestMethod": "GET",
      "RequestBody": "",
      "RequestHeaders": {
        "User-Agent": [
          "FxVersion/4.7.3190.0",
          "OSName/WindowsServer2016Datacenter",
          "OSVersion/6.3.14393",
          "Microsoft.Azure.Management.DataLake.Store.DataLakeStoreAccountManagementClient/2.4.1.0"
        ]
      },
      "ResponseBody": "{\r\n  \"status\": \"Succeeded\"\r\n}",
      "ResponseHeaders": {
        "Content-Length": [
          "22"
        ],
        "Content-Type": [
          "application/json"
        ],
        "Expires": [
          "-1"
        ],
        "Pragma": [
          "no-cache"
        ],
        "x-ms-request-id": [
          "e0a6cef9-f52c-4940-98e0-2db4ad00ff89"
        ],
        "X-Content-Type-Options": [
          "nosniff"
        ],
        "x-ms-ratelimit-remaining-subscription-reads": [
          "11994"
        ],
        "x-ms-correlation-request-id": [
          "3e53fa2b-2e8d-4d0a-b51f-75d67504d4bb"
        ],
        "x-ms-routing-request-id": [
          "WESTUS2:20181008T215358Z:3e53fa2b-2e8d-4d0a-b51f-75d67504d4bb"
        ],
        "Strict-Transport-Security": [
          "max-age=31536000; includeSubDomains"
        ],
        "Cache-Control": [
          "no-cache"
        ],
        "Date": [
          "Mon, 08 Oct 2018 21:53:57 GMT"
        ],
        "Server": [
          "Microsoft-IIS/8.5"
        ],
        "X-AspNet-Version": [
          "4.0.30319"
        ],
        "X-Powered-By": [
          "ASP.NET"
        ]
      },
      "StatusCode": 200
    },
    {
      "RequestUri": "/subscriptions/4d40c6c3-8f87-4d97-af0e-b745cbfc314d/resourceGroups/ps3628/providers/Microsoft.DataLakeStore/accounts/ps3308?api-version=2016-11-01",
      "EncodedRequestUri": "L3N1YnNjcmlwdGlvbnMvNGQ0MGM2YzMtOGY4Ny00ZDk3LWFmMGUtYjc0NWNiZmMzMTRkL3Jlc291cmNlR3JvdXBzL3BzMzYyOC9wcm92aWRlcnMvTWljcm9zb2Z0LkRhdGFMYWtlU3RvcmUvYWNjb3VudHMvcHMzMzA4P2FwaS12ZXJzaW9uPTIwMTYtMTEtMDE=",
      "RequestMethod": "PATCH",
      "RequestBody": "{\r\n  \"tags\": {},\r\n  \"properties\": {\r\n    \"firewallState\": \"Enabled\",\r\n    \"firewallAllowAzureIps\": \"Enabled\",\r\n    \"trustedIdProviderState\": \"Disabled\"\r\n  }\r\n}",
      "RequestHeaders": {
        "Content-Type": [
          "application/json; charset=utf-8"
        ],
        "Content-Length": [
          "159"
        ],
        "x-ms-client-request-id": [
          "ae27b08e-9103-4f5c-a715-7eda19053838"
        ],
        "accept-language": [
          "en-US"
        ],
        "User-Agent": [
          "FxVersion/4.7.3190.0",
          "OSName/WindowsServer2016Datacenter",
          "OSVersion/6.3.14393",
          "Microsoft.Azure.Management.DataLake.Store.DataLakeStoreAccountManagementClient/2.4.1.0"
        ]
      },
      "ResponseBody": "{\r\n  \"properties\": {\r\n    \"firewallState\": \"Enabled\",\r\n    \"firewallAllowAzureIps\": \"Enabled\",\r\n    \"firewallAllowDataLakeAnalytics\": \"Enabled\",\r\n    \"firewallRules\": [],\r\n    \"virtualNetworkRules\": [],\r\n    \"trustedIdProviderState\": \"Disabled\",\r\n    \"trustedIdProviders\": [],\r\n    \"encryptionState\": \"Enabled\",\r\n    \"encryptionConfig\": {\r\n      \"type\": \"ServiceManaged\"\r\n    },\r\n    \"currentTier\": \"Consumption\",\r\n    \"newTier\": \"Consumption\",\r\n    \"dataLakePerformanceTierState\": \"Disabled\",\r\n    \"provisioningState\": \"Succeeded\",\r\n    \"state\": \"Active\",\r\n    \"endpoint\": \"ps3308.azuredatalakestore.net\",\r\n    \"accountId\": \"8d86ed18-de14-4be7-9214-a936614ceed6\",\r\n    \"creationTime\": \"2018-10-08T21:53:27.7472585Z\",\r\n    \"lastModifiedTime\": \"2018-10-08T21:54:02.0538729Z\"\r\n  },\r\n  \"location\": \"eastus2\",\r\n  \"tags\": {},\r\n  \"identity\": {\r\n    \"type\": \"SystemAssigned\",\r\n    \"principalId\": \"989672ec-e2e4-4303-9eb3-b4106e268c25\",\r\n    \"tenantId\": \"72f988bf-86f1-41af-91ab-2d7cd011db47\"\r\n  },\r\n  \"id\": \"/subscriptions/4d40c6c3-8f87-4d97-af0e-b745cbfc314d/resourceGroups/ps3628/providers/Microsoft.DataLakeStore/accounts/ps3308\",\r\n  \"name\": \"ps3308\",\r\n  \"type\": \"Microsoft.DataLakeStore/accounts\"\r\n}",
      "ResponseHeaders": {
        "Content-Length": [
          "989"
        ],
        "Content-Type": [
          "application/json"
        ],
        "Expires": [
          "-1"
        ],
        "Pragma": [
          "no-cache"
        ],
        "x-ms-request-id": [
          "eceb51ab-6c83-4343-a342-3d3cc176c9d0"
        ],
        "X-Content-Type-Options": [
          "nosniff"
        ],
        "x-ms-ratelimit-remaining-subscription-writes": [
          "1198"
        ],
        "x-ms-correlation-request-id": [
          "db732a14-324b-4fab-98e3-724688b2c3e0"
        ],
        "x-ms-routing-request-id": [
          "WESTUS2:20181008T215402Z:db732a14-324b-4fab-98e3-724688b2c3e0"
        ],
        "Strict-Transport-Security": [
          "max-age=31536000; includeSubDomains"
        ],
        "Cache-Control": [
          "no-cache"
        ],
        "Date": [
          "Mon, 08 Oct 2018 21:54:01 GMT"
        ],
        "Server": [
          "Microsoft-IIS/8.5"
        ],
        "X-AspNet-Version": [
          "4.0.30319"
        ],
        "X-Powered-By": [
          "ASP.NET"
        ]
      },
      "StatusCode": 200
    },
    {
      "RequestUri": "/subscriptions/4d40c6c3-8f87-4d97-af0e-b745cbfc314d/resourceGroups/ps3628/providers/Microsoft.Network/virtualNetworks/vnet1?api-version=2018-08-01",
      "EncodedRequestUri": "L3N1YnNjcmlwdGlvbnMvNGQ0MGM2YzMtOGY4Ny00ZDk3LWFmMGUtYjc0NWNiZmMzMTRkL3Jlc291cmNlR3JvdXBzL3BzMzYyOC9wcm92aWRlcnMvTWljcm9zb2Z0Lk5ldHdvcmsvdmlydHVhbE5ldHdvcmtzL3ZuZXQxP2FwaS12ZXJzaW9uPTIwMTgtMDgtMDE=",
      "RequestMethod": "GET",
      "RequestBody": "",
      "RequestHeaders": {
        "x-ms-client-request-id": [
          "d4d6797f-a8ca-4a18-9654-c78c48105a05"
        ],
        "accept-language": [
          "en-US"
        ],
        "User-Agent": [
          "FxVersion/4.7.3190.0",
          "OSName/WindowsServer2016Datacenter",
          "OSVersion/6.3.14393",
          "Microsoft.Azure.Management.Network.NetworkManagementClient/19.5.0.0"
        ]
      },
      "ResponseBody": "{\r\n  \"error\": {\r\n    \"code\": \"ResourceNotFound\",\r\n    \"message\": \"The Resource 'Microsoft.Network/virtualNetworks/vnet1' under resource group 'ps3628' was not found.\"\r\n  }\r\n}",
      "ResponseHeaders": {
        "Content-Length": [
          "149"
        ],
        "Content-Type": [
          "application/json; charset=utf-8"
        ],
        "Expires": [
          "-1"
        ],
        "Pragma": [
          "no-cache"
        ],
        "x-ms-failure-cause": [
          "gateway"
        ],
        "x-ms-request-id": [
          "c46e198e-5aea-4c89-a390-0a0c231c62d2"
        ],
        "x-ms-correlation-request-id": [
          "c46e198e-5aea-4c89-a390-0a0c231c62d2"
        ],
        "x-ms-routing-request-id": [
          "WESTUS2:20181008T215403Z:c46e198e-5aea-4c89-a390-0a0c231c62d2"
        ],
        "Strict-Transport-Security": [
          "max-age=31536000; includeSubDomains"
        ],
        "X-Content-Type-Options": [
          "nosniff"
        ],
        "Cache-Control": [
          "no-cache"
        ],
        "Date": [
          "Mon, 08 Oct 2018 21:54:03 GMT"
        ]
      },
      "StatusCode": 404
    },
    {
      "RequestUri": "/subscriptions/4d40c6c3-8f87-4d97-af0e-b745cbfc314d/resourceGroups/ps3628/providers/Microsoft.Network/virtualNetworks/vnet1?api-version=2018-08-01",
      "EncodedRequestUri": "L3N1YnNjcmlwdGlvbnMvNGQ0MGM2YzMtOGY4Ny00ZDk3LWFmMGUtYjc0NWNiZmMzMTRkL3Jlc291cmNlR3JvdXBzL3BzMzYyOC9wcm92aWRlcnMvTWljcm9zb2Z0Lk5ldHdvcmsvdmlydHVhbE5ldHdvcmtzL3ZuZXQxP2FwaS12ZXJzaW9uPTIwMTgtMDgtMDE=",
      "RequestMethod": "GET",
      "RequestBody": "",
      "RequestHeaders": {
        "User-Agent": [
          "FxVersion/4.7.3190.0",
          "OSName/WindowsServer2016Datacenter",
          "OSVersion/6.3.14393",
          "Microsoft.Azure.Management.Network.NetworkManagementClient/19.5.0.0"
        ]
      },
      "ResponseBody": "{\r\n  \"name\": \"vnet1\",\r\n  \"id\": \"/subscriptions/4d40c6c3-8f87-4d97-af0e-b745cbfc314d/resourceGroups/ps3628/providers/Microsoft.Network/virtualNetworks/vnet1\",\r\n  \"etag\": \"W/\\\"3975022c-c2a8-4c18-aa2e-532e7aa300bd\\\"\",\r\n  \"type\": \"Microsoft.Network/virtualNetworks\",\r\n  \"location\": \"eastus2\",\r\n  \"properties\": {\r\n    \"provisioningState\": \"Succeeded\",\r\n    \"resourceGuid\": \"b003d1b6-850b-4e74-9a9b-59ebef6a08cb\",\r\n    \"addressSpace\": {\r\n      \"addressPrefixes\": [\r\n        \"10.0.0.0/16\"\r\n      ]\r\n    },\r\n    \"subnets\": [\r\n      {\r\n        \"name\": \"Public\",\r\n        \"id\": \"/subscriptions/4d40c6c3-8f87-4d97-af0e-b745cbfc314d/resourceGroups/ps3628/providers/Microsoft.Network/virtualNetworks/vnet1/subnets/Public\",\r\n        \"etag\": \"W/\\\"3975022c-c2a8-4c18-aa2e-532e7aa300bd\\\"\",\r\n        \"properties\": {\r\n          \"provisioningState\": \"Succeeded\",\r\n          \"addressPrefix\": \"10.0.0.0/24\",\r\n          \"serviceEndpoints\": [\r\n            {\r\n              \"provisioningState\": \"Succeeded\",\r\n              \"service\": \"Microsoft.AzureActiveDirectory\",\r\n              \"locations\": [\r\n                \"*\"\r\n              ]\r\n            }\r\n          ],\r\n          \"delegations\": []\r\n        },\r\n        \"type\": \"Microsoft.Network/virtualNetworks/subnets\"\r\n      }\r\n    ],\r\n    \"virtualNetworkPeerings\": [],\r\n    \"enableDdosProtection\": false,\r\n    \"enableVmProtection\": false\r\n  }\r\n}",
      "ResponseHeaders": {
        "Content-Length": [
          "1370"
        ],
        "Content-Type": [
          "application/json; charset=utf-8"
        ],
        "Expires": [
          "-1"
        ],
        "Pragma": [
          "no-cache"
        ],
        "x-ms-request-id": [
          "ec212c4f-8daa-464c-a12b-497ac5cb3990"
        ],
        "x-ms-correlation-request-id": [
          "36822ec7-3c4d-42cb-97ca-f06e5343a105"
        ],
        "Strict-Transport-Security": [
          "max-age=31536000; includeSubDomains"
        ],
        "Cache-Control": [
          "no-cache"
        ],
        "ETag": [
          "W/\"3975022c-c2a8-4c18-aa2e-532e7aa300bd\""
        ],
        "Server": [
          "Microsoft-HTTPAPI/2.0",
          "Microsoft-HTTPAPI/2.0"
        ],
        "x-ms-ratelimit-remaining-subscription-reads": [
          "11997"
        ],
        "x-ms-routing-request-id": [
          "WESTUS2:20181008T215421Z:36822ec7-3c4d-42cb-97ca-f06e5343a105"
        ],
        "X-Content-Type-Options": [
          "nosniff"
        ],
        "Date": [
          "Mon, 08 Oct 2018 21:54:20 GMT"
        ]
      },
      "StatusCode": 200
    },
    {
      "RequestUri": "/subscriptions/4d40c6c3-8f87-4d97-af0e-b745cbfc314d/resourceGroups/ps3628/providers/Microsoft.Network/virtualNetworks/vnet1?api-version=2018-08-01",
      "EncodedRequestUri": "L3N1YnNjcmlwdGlvbnMvNGQ0MGM2YzMtOGY4Ny00ZDk3LWFmMGUtYjc0NWNiZmMzMTRkL3Jlc291cmNlR3JvdXBzL3BzMzYyOC9wcm92aWRlcnMvTWljcm9zb2Z0Lk5ldHdvcmsvdmlydHVhbE5ldHdvcmtzL3ZuZXQxP2FwaS12ZXJzaW9uPTIwMTgtMDgtMDE=",
      "RequestMethod": "GET",
      "RequestBody": "",
      "RequestHeaders": {
        "x-ms-client-request-id": [
          "2b0c46bf-d1b5-48d5-a775-ea71f609ca42"
        ],
        "accept-language": [
          "en-US"
        ],
        "User-Agent": [
          "FxVersion/4.7.3190.0",
          "OSName/WindowsServer2016Datacenter",
          "OSVersion/6.3.14393",
          "Microsoft.Azure.Management.Network.NetworkManagementClient/19.5.0.0"
        ]
      },
      "ResponseBody": "{\r\n  \"name\": \"vnet1\",\r\n  \"id\": \"/subscriptions/4d40c6c3-8f87-4d97-af0e-b745cbfc314d/resourceGroups/ps3628/providers/Microsoft.Network/virtualNetworks/vnet1\",\r\n  \"etag\": \"W/\\\"3975022c-c2a8-4c18-aa2e-532e7aa300bd\\\"\",\r\n  \"type\": \"Microsoft.Network/virtualNetworks\",\r\n  \"location\": \"eastus2\",\r\n  \"properties\": {\r\n    \"provisioningState\": \"Succeeded\",\r\n    \"resourceGuid\": \"b003d1b6-850b-4e74-9a9b-59ebef6a08cb\",\r\n    \"addressSpace\": {\r\n      \"addressPrefixes\": [\r\n        \"10.0.0.0/16\"\r\n      ]\r\n    },\r\n    \"subnets\": [\r\n      {\r\n        \"name\": \"Public\",\r\n        \"id\": \"/subscriptions/4d40c6c3-8f87-4d97-af0e-b745cbfc314d/resourceGroups/ps3628/providers/Microsoft.Network/virtualNetworks/vnet1/subnets/Public\",\r\n        \"etag\": \"W/\\\"3975022c-c2a8-4c18-aa2e-532e7aa300bd\\\"\",\r\n        \"properties\": {\r\n          \"provisioningState\": \"Succeeded\",\r\n          \"addressPrefix\": \"10.0.0.0/24\",\r\n          \"serviceEndpoints\": [\r\n            {\r\n              \"provisioningState\": \"Succeeded\",\r\n              \"service\": \"Microsoft.AzureActiveDirectory\",\r\n              \"locations\": [\r\n                \"*\"\r\n              ]\r\n            }\r\n          ],\r\n          \"delegations\": []\r\n        },\r\n        \"type\": \"Microsoft.Network/virtualNetworks/subnets\"\r\n      }\r\n    ],\r\n    \"virtualNetworkPeerings\": [],\r\n    \"enableDdosProtection\": false,\r\n    \"enableVmProtection\": false\r\n  }\r\n}",
      "ResponseHeaders": {
        "Content-Length": [
          "1370"
        ],
        "Content-Type": [
          "application/json; charset=utf-8"
        ],
        "Expires": [
          "-1"
        ],
        "Pragma": [
          "no-cache"
        ],
        "x-ms-request-id": [
          "c6d3dd88-f72a-490f-8b0b-460c28078aad"
        ],
        "x-ms-correlation-request-id": [
          "a0a7b7ae-e81e-4b16-a486-2f54c63dcab8"
        ],
        "Strict-Transport-Security": [
          "max-age=31536000; includeSubDomains"
        ],
        "Cache-Control": [
          "no-cache"
        ],
        "ETag": [
          "W/\"3975022c-c2a8-4c18-aa2e-532e7aa300bd\""
        ],
        "Server": [
          "Microsoft-HTTPAPI/2.0",
          "Microsoft-HTTPAPI/2.0"
        ],
        "x-ms-ratelimit-remaining-subscription-reads": [
          "11996"
        ],
        "x-ms-routing-request-id": [
          "WESTUS2:20181008T215421Z:a0a7b7ae-e81e-4b16-a486-2f54c63dcab8"
        ],
        "X-Content-Type-Options": [
          "nosniff"
        ],
        "Date": [
          "Mon, 08 Oct 2018 21:54:20 GMT"
        ]
      },
      "StatusCode": 200
    },
    {
      "RequestUri": "/subscriptions/4d40c6c3-8f87-4d97-af0e-b745cbfc314d/resourceGroups/ps3628/providers/Microsoft.Network/virtualNetworks/vnet1?api-version=2018-08-01",
      "EncodedRequestUri": "L3N1YnNjcmlwdGlvbnMvNGQ0MGM2YzMtOGY4Ny00ZDk3LWFmMGUtYjc0NWNiZmMzMTRkL3Jlc291cmNlR3JvdXBzL3BzMzYyOC9wcm92aWRlcnMvTWljcm9zb2Z0Lk5ldHdvcmsvdmlydHVhbE5ldHdvcmtzL3ZuZXQxP2FwaS12ZXJzaW9uPTIwMTgtMDgtMDE=",
      "RequestMethod": "GET",
      "RequestBody": "",
      "RequestHeaders": {
        "x-ms-client-request-id": [
          "37e9c349-23e7-48b7-877b-46b92000d9e6"
        ],
        "accept-language": [
          "en-US"
        ],
        "User-Agent": [
          "FxVersion/4.7.3190.0",
          "OSName/WindowsServer2016Datacenter",
          "OSVersion/6.3.14393",
          "Microsoft.Azure.Management.Network.NetworkManagementClient/19.5.0.0"
        ]
      },
      "ResponseBody": "{\r\n  \"name\": \"vnet1\",\r\n  \"id\": \"/subscriptions/4d40c6c3-8f87-4d97-af0e-b745cbfc314d/resourceGroups/ps3628/providers/Microsoft.Network/virtualNetworks/vnet1\",\r\n  \"etag\": \"W/\\\"3975022c-c2a8-4c18-aa2e-532e7aa300bd\\\"\",\r\n  \"type\": \"Microsoft.Network/virtualNetworks\",\r\n  \"location\": \"eastus2\",\r\n  \"properties\": {\r\n    \"provisioningState\": \"Succeeded\",\r\n    \"resourceGuid\": \"b003d1b6-850b-4e74-9a9b-59ebef6a08cb\",\r\n    \"addressSpace\": {\r\n      \"addressPrefixes\": [\r\n        \"10.0.0.0/16\"\r\n      ]\r\n    },\r\n    \"subnets\": [\r\n      {\r\n        \"name\": \"Public\",\r\n        \"id\": \"/subscriptions/4d40c6c3-8f87-4d97-af0e-b745cbfc314d/resourceGroups/ps3628/providers/Microsoft.Network/virtualNetworks/vnet1/subnets/Public\",\r\n        \"etag\": \"W/\\\"3975022c-c2a8-4c18-aa2e-532e7aa300bd\\\"\",\r\n        \"properties\": {\r\n          \"provisioningState\": \"Succeeded\",\r\n          \"addressPrefix\": \"10.0.0.0/24\",\r\n          \"serviceEndpoints\": [\r\n            {\r\n              \"provisioningState\": \"Succeeded\",\r\n              \"service\": \"Microsoft.AzureActiveDirectory\",\r\n              \"locations\": [\r\n                \"*\"\r\n              ]\r\n            }\r\n          ],\r\n          \"delegations\": []\r\n        },\r\n        \"type\": \"Microsoft.Network/virtualNetworks/subnets\"\r\n      }\r\n    ],\r\n    \"virtualNetworkPeerings\": [],\r\n    \"enableDdosProtection\": false,\r\n    \"enableVmProtection\": false\r\n  }\r\n}",
      "ResponseHeaders": {
        "Content-Length": [
          "1370"
        ],
        "Content-Type": [
          "application/json; charset=utf-8"
        ],
        "Expires": [
          "-1"
        ],
        "Pragma": [
          "no-cache"
        ],
        "x-ms-request-id": [
          "5f4beb30-72b4-4bd0-a63c-b3161c8467a8"
        ],
        "x-ms-correlation-request-id": [
          "10a77e02-b57d-4989-a885-658a1ee04618"
        ],
        "Strict-Transport-Security": [
          "max-age=31536000; includeSubDomains"
        ],
        "Cache-Control": [
          "no-cache"
        ],
        "ETag": [
          "W/\"3975022c-c2a8-4c18-aa2e-532e7aa300bd\""
        ],
        "Server": [
          "Microsoft-HTTPAPI/2.0",
          "Microsoft-HTTPAPI/2.0"
        ],
        "x-ms-ratelimit-remaining-subscription-reads": [
          "11995"
        ],
        "x-ms-routing-request-id": [
          "WESTUS2:20181008T215423Z:10a77e02-b57d-4989-a885-658a1ee04618"
        ],
        "X-Content-Type-Options": [
          "nosniff"
        ],
        "Date": [
          "Mon, 08 Oct 2018 21:54:22 GMT"
        ]
      },
      "StatusCode": 200
    },
    {
      "RequestUri": "/subscriptions/4d40c6c3-8f87-4d97-af0e-b745cbfc314d/resourceGroups/ps3628/providers/Microsoft.Network/virtualNetworks/vnet1?api-version=2018-08-01",
      "EncodedRequestUri": "L3N1YnNjcmlwdGlvbnMvNGQ0MGM2YzMtOGY4Ny00ZDk3LWFmMGUtYjc0NWNiZmMzMTRkL3Jlc291cmNlR3JvdXBzL3BzMzYyOC9wcm92aWRlcnMvTWljcm9zb2Z0Lk5ldHdvcmsvdmlydHVhbE5ldHdvcmtzL3ZuZXQxP2FwaS12ZXJzaW9uPTIwMTgtMDgtMDE=",
      "RequestMethod": "PUT",
      "RequestBody": "{\r\n  \"properties\": {\r\n    \"addressSpace\": {\r\n      \"addressPrefixes\": [\r\n        \"10.0.0.0/16\"\r\n      ]\r\n    },\r\n    \"subnets\": [\r\n      {\r\n        \"properties\": {\r\n          \"addressPrefix\": \"10.0.0.0/24\",\r\n          \"addressPrefixes\": [],\r\n          \"serviceEndpoints\": [\r\n            {\r\n              \"service\": \"Microsoft.AzureActiveDirectory\",\r\n              \"locations\": []\r\n            }\r\n          ],\r\n          \"serviceEndpointPolicies\": [],\r\n          \"resourceNavigationLinks\": [],\r\n          \"serviceAssociationLinks\": [],\r\n          \"delegations\": []\r\n        },\r\n        \"name\": \"Public\"\r\n      }\r\n    ],\r\n    \"virtualNetworkPeerings\": [],\r\n    \"enableDdosProtection\": false\r\n  },\r\n  \"location\": \"eastus2\"\r\n}",
      "RequestHeaders": {
        "Content-Type": [
          "application/json; charset=utf-8"
        ],
        "Content-Length": [
          "722"
        ],
        "x-ms-client-request-id": [
          "4db1c4a0-e0c7-47da-aedb-4d5525ef54f8"
        ],
        "accept-language": [
          "en-US"
        ],
        "User-Agent": [
          "FxVersion/4.7.3190.0",
          "OSName/WindowsServer2016Datacenter",
          "OSVersion/6.3.14393",
          "Microsoft.Azure.Management.Network.NetworkManagementClient/19.5.0.0"
        ]
      },
      "ResponseBody": "{\r\n  \"name\": \"vnet1\",\r\n  \"id\": \"/subscriptions/4d40c6c3-8f87-4d97-af0e-b745cbfc314d/resourceGroups/ps3628/providers/Microsoft.Network/virtualNetworks/vnet1\",\r\n  \"etag\": \"W/\\\"675de223-b069-4c0c-9c58-fa5ac4e0b479\\\"\",\r\n  \"type\": \"Microsoft.Network/virtualNetworks\",\r\n  \"location\": \"eastus2\",\r\n  \"properties\": {\r\n    \"provisioningState\": \"Updating\",\r\n    \"resourceGuid\": \"b003d1b6-850b-4e74-9a9b-59ebef6a08cb\",\r\n    \"addressSpace\": {\r\n      \"addressPrefixes\": [\r\n        \"10.0.0.0/16\"\r\n      ]\r\n    },\r\n    \"subnets\": [\r\n      {\r\n        \"name\": \"Public\",\r\n        \"id\": \"/subscriptions/4d40c6c3-8f87-4d97-af0e-b745cbfc314d/resourceGroups/ps3628/providers/Microsoft.Network/virtualNetworks/vnet1/subnets/Public\",\r\n        \"etag\": \"W/\\\"675de223-b069-4c0c-9c58-fa5ac4e0b479\\\"\",\r\n        \"properties\": {\r\n          \"provisioningState\": \"Updating\",\r\n          \"addressPrefix\": \"10.0.0.0/24\",\r\n          \"serviceEndpoints\": [\r\n            {\r\n              \"provisioningState\": \"Updating\",\r\n              \"service\": \"Microsoft.AzureActiveDirectory\",\r\n              \"locations\": [\r\n                \"*\"\r\n              ]\r\n            }\r\n          ],\r\n          \"delegations\": []\r\n        },\r\n        \"type\": \"Microsoft.Network/virtualNetworks/subnets\"\r\n      }\r\n    ],\r\n    \"virtualNetworkPeerings\": [],\r\n    \"enableDdosProtection\": false,\r\n    \"enableVmProtection\": false\r\n  }\r\n}",
      "ResponseHeaders": {
        "Content-Length": [
          "1367"
        ],
        "Content-Type": [
          "application/json; charset=utf-8"
        ],
        "Expires": [
          "-1"
        ],
        "Pragma": [
          "no-cache"
        ],
        "Retry-After": [
          "3"
        ],
        "x-ms-request-id": [
          "95a376d1-3ac6-48cc-9053-c1ad30a99d6d"
        ],
        "Azure-AsyncOperation": [
          "https://management.azure.com/subscriptions/4d40c6c3-8f87-4d97-af0e-b745cbfc314d/providers/Microsoft.Network/locations/eastus2/operations/95a376d1-3ac6-48cc-9053-c1ad30a99d6d?api-version=2018-08-01"
        ],
        "x-ms-correlation-request-id": [
          "7a8b16f0-0583-4938-bb88-f7fb9fa7ab81"
        ],
        "Strict-Transport-Security": [
          "max-age=31536000; includeSubDomains"
        ],
        "Cache-Control": [
          "no-cache"
        ],
        "Server": [
          "Microsoft-HTTPAPI/2.0",
          "Microsoft-HTTPAPI/2.0"
        ],
        "x-ms-ratelimit-remaining-subscription-writes": [
          "1199"
        ],
        "x-ms-routing-request-id": [
          "WESTUS2:20181008T215410Z:7a8b16f0-0583-4938-bb88-f7fb9fa7ab81"
        ],
        "X-Content-Type-Options": [
          "nosniff"
        ],
        "Date": [
          "Mon, 08 Oct 2018 21:54:10 GMT"
        ]
      },
      "StatusCode": 201
    },
    {
      "RequestUri": "/subscriptions/4d40c6c3-8f87-4d97-af0e-b745cbfc314d/providers/Microsoft.Network/locations/eastus2/operations/95a376d1-3ac6-48cc-9053-c1ad30a99d6d?api-version=2018-08-01",
      "EncodedRequestUri": "L3N1YnNjcmlwdGlvbnMvNGQ0MGM2YzMtOGY4Ny00ZDk3LWFmMGUtYjc0NWNiZmMzMTRkL3Byb3ZpZGVycy9NaWNyb3NvZnQuTmV0d29yay9sb2NhdGlvbnMvZWFzdHVzMi9vcGVyYXRpb25zLzk1YTM3NmQxLTNhYzYtNDhjYy05MDUzLWMxYWQzMGE5OWQ2ZD9hcGktdmVyc2lvbj0yMDE4LTA4LTAx",
      "RequestMethod": "GET",
      "RequestBody": "",
      "RequestHeaders": {
        "User-Agent": [
          "FxVersion/4.7.3190.0",
          "OSName/WindowsServer2016Datacenter",
          "OSVersion/6.3.14393",
          "Microsoft.Azure.Management.Network.NetworkManagementClient/19.5.0.0"
        ]
      },
      "ResponseBody": "{\r\n  \"status\": \"Succeeded\"\r\n}",
      "ResponseHeaders": {
        "Content-Length": [
          "29"
        ],
        "Content-Type": [
          "application/json; charset=utf-8"
        ],
        "Expires": [
          "-1"
        ],
        "Pragma": [
          "no-cache"
        ],
        "x-ms-request-id": [
          "26d81d69-736e-41a7-8c33-24c51123f8ae"
        ],
        "x-ms-correlation-request-id": [
          "8c10ae56-d435-4fe9-ad6c-ce7daceb904f"
        ],
        "Strict-Transport-Security": [
          "max-age=31536000; includeSubDomains"
        ],
        "Cache-Control": [
          "no-cache"
        ],
        "Server": [
          "Microsoft-HTTPAPI/2.0",
          "Microsoft-HTTPAPI/2.0"
        ],
        "x-ms-ratelimit-remaining-subscription-reads": [
          "11998"
        ],
        "x-ms-routing-request-id": [
          "WESTUS2:20181008T215421Z:8c10ae56-d435-4fe9-ad6c-ce7daceb904f"
        ],
        "X-Content-Type-Options": [
          "nosniff"
        ],
        "Date": [
          "Mon, 08 Oct 2018 21:54:20 GMT"
        ]
      },
      "StatusCode": 200
    },
    {
      "RequestUri": "/subscriptions/4d40c6c3-8f87-4d97-af0e-b745cbfc314d/resourceGroups/ps3628/providers/Microsoft.Network/virtualNetworks/vnet2?api-version=2018-08-01",
      "EncodedRequestUri": "L3N1YnNjcmlwdGlvbnMvNGQ0MGM2YzMtOGY4Ny00ZDk3LWFmMGUtYjc0NWNiZmMzMTRkL3Jlc291cmNlR3JvdXBzL3BzMzYyOC9wcm92aWRlcnMvTWljcm9zb2Z0Lk5ldHdvcmsvdmlydHVhbE5ldHdvcmtzL3ZuZXQyP2FwaS12ZXJzaW9uPTIwMTgtMDgtMDE=",
      "RequestMethod": "GET",
      "RequestBody": "",
      "RequestHeaders": {
        "x-ms-client-request-id": [
          "1332a271-2368-4ede-bf9f-b7f5ae3e6a8b"
        ],
        "accept-language": [
          "en-US"
        ],
        "User-Agent": [
          "FxVersion/4.7.3190.0",
          "OSName/WindowsServer2016Datacenter",
          "OSVersion/6.3.14393",
          "Microsoft.Azure.Management.Network.NetworkManagementClient/19.5.0.0"
        ]
      },
      "ResponseBody": "{\r\n  \"error\": {\r\n    \"code\": \"ResourceNotFound\",\r\n    \"message\": \"The Resource 'Microsoft.Network/virtualNetworks/vnet2' under resource group 'ps3628' was not found.\"\r\n  }\r\n}",
      "ResponseHeaders": {
        "Content-Length": [
          "149"
        ],
        "Content-Type": [
          "application/json; charset=utf-8"
        ],
        "Expires": [
          "-1"
        ],
        "Pragma": [
          "no-cache"
        ],
        "x-ms-failure-cause": [
          "gateway"
        ],
        "x-ms-request-id": [
          "2bbc4618-1263-41ee-9843-47e9a5ee1f50"
        ],
        "x-ms-correlation-request-id": [
          "2bbc4618-1263-41ee-9843-47e9a5ee1f50"
        ],
        "x-ms-routing-request-id": [
          "WESTUS2:20181008T215423Z:2bbc4618-1263-41ee-9843-47e9a5ee1f50"
        ],
        "Strict-Transport-Security": [
          "max-age=31536000; includeSubDomains"
        ],
        "X-Content-Type-Options": [
          "nosniff"
        ],
        "Cache-Control": [
          "no-cache"
        ],
        "Date": [
          "Mon, 08 Oct 2018 21:54:22 GMT"
        ]
      },
      "StatusCode": 404
    },
    {
      "RequestUri": "/subscriptions/4d40c6c3-8f87-4d97-af0e-b745cbfc314d/resourceGroups/ps3628/providers/Microsoft.Network/virtualNetworks/vnet2?api-version=2018-08-01",
      "EncodedRequestUri": "L3N1YnNjcmlwdGlvbnMvNGQ0MGM2YzMtOGY4Ny00ZDk3LWFmMGUtYjc0NWNiZmMzMTRkL3Jlc291cmNlR3JvdXBzL3BzMzYyOC9wcm92aWRlcnMvTWljcm9zb2Z0Lk5ldHdvcmsvdmlydHVhbE5ldHdvcmtzL3ZuZXQyP2FwaS12ZXJzaW9uPTIwMTgtMDgtMDE=",
      "RequestMethod": "GET",
      "RequestBody": "",
      "RequestHeaders": {
        "User-Agent": [
          "FxVersion/4.7.3190.0",
          "OSName/WindowsServer2016Datacenter",
          "OSVersion/6.3.14393",
          "Microsoft.Azure.Management.Network.NetworkManagementClient/19.5.0.0"
        ]
      },
      "ResponseBody": "{\r\n  \"name\": \"vnet2\",\r\n  \"id\": \"/subscriptions/4d40c6c3-8f87-4d97-af0e-b745cbfc314d/resourceGroups/ps3628/providers/Microsoft.Network/virtualNetworks/vnet2\",\r\n  \"etag\": \"W/\\\"f4fd523a-883a-487e-9b56-c95fe8a3c451\\\"\",\r\n  \"type\": \"Microsoft.Network/virtualNetworks\",\r\n  \"location\": \"eastus2\",\r\n  \"properties\": {\r\n    \"provisioningState\": \"Succeeded\",\r\n    \"resourceGuid\": \"05f65763-b1c8-4a0c-a795-46788585547b\",\r\n    \"addressSpace\": {\r\n      \"addressPrefixes\": [\r\n        \"10.0.0.0/16\"\r\n      ]\r\n    },\r\n    \"subnets\": [\r\n      {\r\n        \"name\": \"Public\",\r\n        \"id\": \"/subscriptions/4d40c6c3-8f87-4d97-af0e-b745cbfc314d/resourceGroups/ps3628/providers/Microsoft.Network/virtualNetworks/vnet2/subnets/Public\",\r\n        \"etag\": \"W/\\\"f4fd523a-883a-487e-9b56-c95fe8a3c451\\\"\",\r\n        \"properties\": {\r\n          \"provisioningState\": \"Succeeded\",\r\n          \"addressPrefix\": \"10.0.0.0/24\",\r\n          \"serviceEndpoints\": [\r\n            {\r\n              \"provisioningState\": \"Succeeded\",\r\n              \"service\": \"Microsoft.AzureActiveDirectory\",\r\n              \"locations\": [\r\n                \"*\"\r\n              ]\r\n            }\r\n          ],\r\n          \"delegations\": []\r\n        },\r\n        \"type\": \"Microsoft.Network/virtualNetworks/subnets\"\r\n      }\r\n    ],\r\n    \"virtualNetworkPeerings\": [],\r\n    \"enableDdosProtection\": false,\r\n    \"enableVmProtection\": false\r\n  }\r\n}",
      "ResponseHeaders": {
        "Content-Length": [
          "1370"
        ],
        "Content-Type": [
          "application/json; charset=utf-8"
        ],
        "Expires": [
          "-1"
        ],
        "Pragma": [
          "no-cache"
        ],
        "x-ms-request-id": [
          "ce98d4e6-efa9-44c9-9750-1af464f84388"
        ],
        "x-ms-correlation-request-id": [
          "d81a853c-bcdd-40a2-af0f-622c4e0a3655"
        ],
        "Strict-Transport-Security": [
          "max-age=31536000; includeSubDomains"
        ],
        "Cache-Control": [
          "no-cache"
        ],
        "ETag": [
          "W/\"f4fd523a-883a-487e-9b56-c95fe8a3c451\""
        ],
        "Server": [
          "Microsoft-HTTPAPI/2.0",
          "Microsoft-HTTPAPI/2.0"
        ],
        "x-ms-ratelimit-remaining-subscription-reads": [
          "11992"
        ],
        "x-ms-routing-request-id": [
          "WESTUS2:20181008T215434Z:d81a853c-bcdd-40a2-af0f-622c4e0a3655"
        ],
        "X-Content-Type-Options": [
          "nosniff"
        ],
        "Date": [
          "Mon, 08 Oct 2018 21:54:34 GMT"
        ]
      },
      "StatusCode": 200
    },
    {
      "RequestUri": "/subscriptions/4d40c6c3-8f87-4d97-af0e-b745cbfc314d/resourceGroups/ps3628/providers/Microsoft.Network/virtualNetworks/vnet2?api-version=2018-08-01",
      "EncodedRequestUri": "L3N1YnNjcmlwdGlvbnMvNGQ0MGM2YzMtOGY4Ny00ZDk3LWFmMGUtYjc0NWNiZmMzMTRkL3Jlc291cmNlR3JvdXBzL3BzMzYyOC9wcm92aWRlcnMvTWljcm9zb2Z0Lk5ldHdvcmsvdmlydHVhbE5ldHdvcmtzL3ZuZXQyP2FwaS12ZXJzaW9uPTIwMTgtMDgtMDE=",
      "RequestMethod": "GET",
      "RequestBody": "",
      "RequestHeaders": {
        "x-ms-client-request-id": [
          "3f8e6635-e0fe-4596-8570-a965aa5cbea6"
        ],
        "accept-language": [
          "en-US"
        ],
        "User-Agent": [
          "FxVersion/4.7.3190.0",
          "OSName/WindowsServer2016Datacenter",
          "OSVersion/6.3.14393",
          "Microsoft.Azure.Management.Network.NetworkManagementClient/19.5.0.0"
        ]
      },
      "ResponseBody": "{\r\n  \"name\": \"vnet2\",\r\n  \"id\": \"/subscriptions/4d40c6c3-8f87-4d97-af0e-b745cbfc314d/resourceGroups/ps3628/providers/Microsoft.Network/virtualNetworks/vnet2\",\r\n  \"etag\": \"W/\\\"f4fd523a-883a-487e-9b56-c95fe8a3c451\\\"\",\r\n  \"type\": \"Microsoft.Network/virtualNetworks\",\r\n  \"location\": \"eastus2\",\r\n  \"properties\": {\r\n    \"provisioningState\": \"Succeeded\",\r\n    \"resourceGuid\": \"05f65763-b1c8-4a0c-a795-46788585547b\",\r\n    \"addressSpace\": {\r\n      \"addressPrefixes\": [\r\n        \"10.0.0.0/16\"\r\n      ]\r\n    },\r\n    \"subnets\": [\r\n      {\r\n        \"name\": \"Public\",\r\n        \"id\": \"/subscriptions/4d40c6c3-8f87-4d97-af0e-b745cbfc314d/resourceGroups/ps3628/providers/Microsoft.Network/virtualNetworks/vnet2/subnets/Public\",\r\n        \"etag\": \"W/\\\"f4fd523a-883a-487e-9b56-c95fe8a3c451\\\"\",\r\n        \"properties\": {\r\n          \"provisioningState\": \"Succeeded\",\r\n          \"addressPrefix\": \"10.0.0.0/24\",\r\n          \"serviceEndpoints\": [\r\n            {\r\n              \"provisioningState\": \"Succeeded\",\r\n              \"service\": \"Microsoft.AzureActiveDirectory\",\r\n              \"locations\": [\r\n                \"*\"\r\n              ]\r\n            }\r\n          ],\r\n          \"delegations\": []\r\n        },\r\n        \"type\": \"Microsoft.Network/virtualNetworks/subnets\"\r\n      }\r\n    ],\r\n    \"virtualNetworkPeerings\": [],\r\n    \"enableDdosProtection\": false,\r\n    \"enableVmProtection\": false\r\n  }\r\n}",
      "ResponseHeaders": {
        "Content-Length": [
          "1370"
        ],
        "Content-Type": [
          "application/json; charset=utf-8"
        ],
        "Expires": [
          "-1"
        ],
        "Pragma": [
          "no-cache"
        ],
        "x-ms-request-id": [
          "fc86121f-ce6b-4625-96d2-44f57612a0af"
        ],
        "x-ms-correlation-request-id": [
          "0e0d6ed1-f201-41d5-a1f5-a92e43eae37d"
        ],
        "Strict-Transport-Security": [
          "max-age=31536000; includeSubDomains"
        ],
        "Cache-Control": [
          "no-cache"
        ],
        "ETag": [
          "W/\"f4fd523a-883a-487e-9b56-c95fe8a3c451\""
        ],
        "Server": [
          "Microsoft-HTTPAPI/2.0",
          "Microsoft-HTTPAPI/2.0"
        ],
        "x-ms-ratelimit-remaining-subscription-reads": [
          "11991"
        ],
        "x-ms-routing-request-id": [
          "WESTUS2:20181008T215434Z:0e0d6ed1-f201-41d5-a1f5-a92e43eae37d"
        ],
        "X-Content-Type-Options": [
          "nosniff"
        ],
        "Date": [
          "Mon, 08 Oct 2018 21:54:34 GMT"
        ]
      },
      "StatusCode": 200
    },
    {
      "RequestUri": "/subscriptions/4d40c6c3-8f87-4d97-af0e-b745cbfc314d/resourceGroups/ps3628/providers/Microsoft.Network/virtualNetworks/vnet2?api-version=2018-08-01",
      "EncodedRequestUri": "L3N1YnNjcmlwdGlvbnMvNGQ0MGM2YzMtOGY4Ny00ZDk3LWFmMGUtYjc0NWNiZmMzMTRkL3Jlc291cmNlR3JvdXBzL3BzMzYyOC9wcm92aWRlcnMvTWljcm9zb2Z0Lk5ldHdvcmsvdmlydHVhbE5ldHdvcmtzL3ZuZXQyP2FwaS12ZXJzaW9uPTIwMTgtMDgtMDE=",
      "RequestMethod": "GET",
      "RequestBody": "",
      "RequestHeaders": {
        "x-ms-client-request-id": [
          "cb7bd846-de0b-4b72-a42b-1f136964716d"
        ],
        "accept-language": [
          "en-US"
        ],
        "User-Agent": [
          "FxVersion/4.7.3190.0",
          "OSName/WindowsServer2016Datacenter",
          "OSVersion/6.3.14393",
          "Microsoft.Azure.Management.Network.NetworkManagementClient/19.5.0.0"
        ]
      },
      "ResponseBody": "{\r\n  \"name\": \"vnet2\",\r\n  \"id\": \"/subscriptions/4d40c6c3-8f87-4d97-af0e-b745cbfc314d/resourceGroups/ps3628/providers/Microsoft.Network/virtualNetworks/vnet2\",\r\n  \"etag\": \"W/\\\"f4fd523a-883a-487e-9b56-c95fe8a3c451\\\"\",\r\n  \"type\": \"Microsoft.Network/virtualNetworks\",\r\n  \"location\": \"eastus2\",\r\n  \"properties\": {\r\n    \"provisioningState\": \"Succeeded\",\r\n    \"resourceGuid\": \"05f65763-b1c8-4a0c-a795-46788585547b\",\r\n    \"addressSpace\": {\r\n      \"addressPrefixes\": [\r\n        \"10.0.0.0/16\"\r\n      ]\r\n    },\r\n    \"subnets\": [\r\n      {\r\n        \"name\": \"Public\",\r\n        \"id\": \"/subscriptions/4d40c6c3-8f87-4d97-af0e-b745cbfc314d/resourceGroups/ps3628/providers/Microsoft.Network/virtualNetworks/vnet2/subnets/Public\",\r\n        \"etag\": \"W/\\\"f4fd523a-883a-487e-9b56-c95fe8a3c451\\\"\",\r\n        \"properties\": {\r\n          \"provisioningState\": \"Succeeded\",\r\n          \"addressPrefix\": \"10.0.0.0/24\",\r\n          \"serviceEndpoints\": [\r\n            {\r\n              \"provisioningState\": \"Succeeded\",\r\n              \"service\": \"Microsoft.AzureActiveDirectory\",\r\n              \"locations\": [\r\n                \"*\"\r\n              ]\r\n            }\r\n          ],\r\n          \"delegations\": []\r\n        },\r\n        \"type\": \"Microsoft.Network/virtualNetworks/subnets\"\r\n      }\r\n    ],\r\n    \"virtualNetworkPeerings\": [],\r\n    \"enableDdosProtection\": false,\r\n    \"enableVmProtection\": false\r\n  }\r\n}",
      "ResponseHeaders": {
        "Content-Length": [
          "1370"
        ],
        "Content-Type": [
          "application/json; charset=utf-8"
        ],
        "Expires": [
          "-1"
        ],
        "Pragma": [
          "no-cache"
        ],
        "x-ms-request-id": [
          "1e4163c1-08a4-400f-9ecf-247ee6ef1ad3"
        ],
        "x-ms-correlation-request-id": [
          "3c0c02b2-2215-4ca2-b5c5-79853e72b111"
        ],
        "Strict-Transport-Security": [
          "max-age=31536000; includeSubDomains"
        ],
        "Cache-Control": [
          "no-cache"
        ],
        "ETag": [
          "W/\"f4fd523a-883a-487e-9b56-c95fe8a3c451\""
        ],
        "Server": [
          "Microsoft-HTTPAPI/2.0",
          "Microsoft-HTTPAPI/2.0"
        ],
        "x-ms-ratelimit-remaining-subscription-reads": [
          "11990"
        ],
        "x-ms-routing-request-id": [
          "WESTUS2:20181008T215435Z:3c0c02b2-2215-4ca2-b5c5-79853e72b111"
        ],
        "X-Content-Type-Options": [
          "nosniff"
        ],
        "Date": [
          "Mon, 08 Oct 2018 21:54:34 GMT"
        ]
      },
      "StatusCode": 200
    },
    {
      "RequestUri": "/subscriptions/4d40c6c3-8f87-4d97-af0e-b745cbfc314d/resourceGroups/ps3628/providers/Microsoft.Network/virtualNetworks/vnet2?api-version=2018-08-01",
      "EncodedRequestUri": "L3N1YnNjcmlwdGlvbnMvNGQ0MGM2YzMtOGY4Ny00ZDk3LWFmMGUtYjc0NWNiZmMzMTRkL3Jlc291cmNlR3JvdXBzL3BzMzYyOC9wcm92aWRlcnMvTWljcm9zb2Z0Lk5ldHdvcmsvdmlydHVhbE5ldHdvcmtzL3ZuZXQyP2FwaS12ZXJzaW9uPTIwMTgtMDgtMDE=",
      "RequestMethod": "PUT",
      "RequestBody": "{\r\n  \"properties\": {\r\n    \"addressSpace\": {\r\n      \"addressPrefixes\": [\r\n        \"10.0.0.0/16\"\r\n      ]\r\n    },\r\n    \"subnets\": [\r\n      {\r\n        \"properties\": {\r\n          \"addressPrefix\": \"10.0.0.0/24\",\r\n          \"addressPrefixes\": [],\r\n          \"serviceEndpoints\": [\r\n            {\r\n              \"service\": \"Microsoft.AzureActiveDirectory\",\r\n              \"locations\": []\r\n            }\r\n          ],\r\n          \"serviceEndpointPolicies\": [],\r\n          \"resourceNavigationLinks\": [],\r\n          \"serviceAssociationLinks\": [],\r\n          \"delegations\": []\r\n        },\r\n        \"name\": \"Public\"\r\n      }\r\n    ],\r\n    \"virtualNetworkPeerings\": [],\r\n    \"enableDdosProtection\": false\r\n  },\r\n  \"location\": \"eastus2\"\r\n}",
      "RequestHeaders": {
        "Content-Type": [
          "application/json; charset=utf-8"
        ],
        "Content-Length": [
          "722"
        ],
        "x-ms-client-request-id": [
          "17943b36-ba34-49b5-ba10-c6cf1e8b2ae5"
        ],
        "accept-language": [
          "en-US"
        ],
        "User-Agent": [
          "FxVersion/4.7.3190.0",
          "OSName/WindowsServer2016Datacenter",
          "OSVersion/6.3.14393",
          "Microsoft.Azure.Management.Network.NetworkManagementClient/19.5.0.0"
        ]
      },
      "ResponseBody": "{\r\n  \"name\": \"vnet2\",\r\n  \"id\": \"/subscriptions/4d40c6c3-8f87-4d97-af0e-b745cbfc314d/resourceGroups/ps3628/providers/Microsoft.Network/virtualNetworks/vnet2\",\r\n  \"etag\": \"W/\\\"a7c82f99-8a42-452b-abec-569b9bde5c89\\\"\",\r\n  \"type\": \"Microsoft.Network/virtualNetworks\",\r\n  \"location\": \"eastus2\",\r\n  \"properties\": {\r\n    \"provisioningState\": \"Updating\",\r\n    \"resourceGuid\": \"05f65763-b1c8-4a0c-a795-46788585547b\",\r\n    \"addressSpace\": {\r\n      \"addressPrefixes\": [\r\n        \"10.0.0.0/16\"\r\n      ]\r\n    },\r\n    \"subnets\": [\r\n      {\r\n        \"name\": \"Public\",\r\n        \"id\": \"/subscriptions/4d40c6c3-8f87-4d97-af0e-b745cbfc314d/resourceGroups/ps3628/providers/Microsoft.Network/virtualNetworks/vnet2/subnets/Public\",\r\n        \"etag\": \"W/\\\"a7c82f99-8a42-452b-abec-569b9bde5c89\\\"\",\r\n        \"properties\": {\r\n          \"provisioningState\": \"Updating\",\r\n          \"addressPrefix\": \"10.0.0.0/24\",\r\n          \"serviceEndpoints\": [\r\n            {\r\n              \"provisioningState\": \"Updating\",\r\n              \"service\": \"Microsoft.AzureActiveDirectory\",\r\n              \"locations\": [\r\n                \"*\"\r\n              ]\r\n            }\r\n          ],\r\n          \"delegations\": []\r\n        },\r\n        \"type\": \"Microsoft.Network/virtualNetworks/subnets\"\r\n      }\r\n    ],\r\n    \"virtualNetworkPeerings\": [],\r\n    \"enableDdosProtection\": false,\r\n    \"enableVmProtection\": false\r\n  }\r\n}",
      "ResponseHeaders": {
        "Content-Length": [
          "1367"
        ],
        "Content-Type": [
          "application/json; charset=utf-8"
        ],
        "Expires": [
          "-1"
        ],
        "Pragma": [
          "no-cache"
        ],
        "Retry-After": [
          "3"
        ],
        "x-ms-request-id": [
          "2b4ae81b-25df-41f6-b679-11bdde9a6731"
        ],
        "Azure-AsyncOperation": [
          "https://management.azure.com/subscriptions/4d40c6c3-8f87-4d97-af0e-b745cbfc314d/providers/Microsoft.Network/locations/eastus2/operations/2b4ae81b-25df-41f6-b679-11bdde9a6731?api-version=2018-08-01"
        ],
        "x-ms-correlation-request-id": [
          "dc9aa892-106e-400c-bb4c-ac5361f4a930"
        ],
        "Strict-Transport-Security": [
          "max-age=31536000; includeSubDomains"
        ],
        "Cache-Control": [
          "no-cache"
        ],
        "Server": [
          "Microsoft-HTTPAPI/2.0",
          "Microsoft-HTTPAPI/2.0"
        ],
        "x-ms-ratelimit-remaining-subscription-writes": [
          "1198"
        ],
        "x-ms-routing-request-id": [
          "WESTUS2:20181008T215424Z:dc9aa892-106e-400c-bb4c-ac5361f4a930"
        ],
        "X-Content-Type-Options": [
          "nosniff"
        ],
        "Date": [
          "Mon, 08 Oct 2018 21:54:24 GMT"
        ]
      },
      "StatusCode": 201
    },
    {
      "RequestUri": "/subscriptions/4d40c6c3-8f87-4d97-af0e-b745cbfc314d/providers/Microsoft.Network/locations/eastus2/operations/2b4ae81b-25df-41f6-b679-11bdde9a6731?api-version=2018-08-01",
      "EncodedRequestUri": "L3N1YnNjcmlwdGlvbnMvNGQ0MGM2YzMtOGY4Ny00ZDk3LWFmMGUtYjc0NWNiZmMzMTRkL3Byb3ZpZGVycy9NaWNyb3NvZnQuTmV0d29yay9sb2NhdGlvbnMvZWFzdHVzMi9vcGVyYXRpb25zLzJiNGFlODFiLTI1ZGYtNDFmNi1iNjc5LTExYmRkZTlhNjczMT9hcGktdmVyc2lvbj0yMDE4LTA4LTAx",
      "RequestMethod": "GET",
      "RequestBody": "",
      "RequestHeaders": {
        "User-Agent": [
          "FxVersion/4.7.3190.0",
          "OSName/WindowsServer2016Datacenter",
          "OSVersion/6.3.14393",
          "Microsoft.Azure.Management.Network.NetworkManagementClient/19.5.0.0"
        ]
      },
      "ResponseBody": "{\r\n  \"status\": \"Succeeded\"\r\n}",
      "ResponseHeaders": {
        "Content-Length": [
          "29"
        ],
        "Content-Type": [
          "application/json; charset=utf-8"
        ],
        "Expires": [
          "-1"
        ],
        "Pragma": [
          "no-cache"
        ],
        "x-ms-request-id": [
          "ca044002-91df-4683-9e78-470b40c32d40"
        ],
        "x-ms-correlation-request-id": [
          "206d7a24-b2ea-4c9a-8a33-0ab2ed967c22"
        ],
        "Strict-Transport-Security": [
          "max-age=31536000; includeSubDomains"
        ],
        "Cache-Control": [
          "no-cache"
        ],
        "Server": [
          "Microsoft-HTTPAPI/2.0",
          "Microsoft-HTTPAPI/2.0"
        ],
        "x-ms-ratelimit-remaining-subscription-reads": [
          "11993"
        ],
        "x-ms-routing-request-id": [
          "WESTUS2:20181008T215434Z:206d7a24-b2ea-4c9a-8a33-0ab2ed967c22"
        ],
        "X-Content-Type-Options": [
          "nosniff"
        ],
        "Date": [
          "Mon, 08 Oct 2018 21:54:34 GMT"
        ]
      },
      "StatusCode": 200
    },
    {
      "RequestUri": "/subscriptions/4d40c6c3-8f87-4d97-af0e-b745cbfc314d/resourceGroups/ps3628/providers/Microsoft.DataLakeStore/accounts/ps3308/virtualNetworkRules/vnet1?api-version=2016-11-01",
      "EncodedRequestUri": "L3N1YnNjcmlwdGlvbnMvNGQ0MGM2YzMtOGY4Ny00ZDk3LWFmMGUtYjc0NWNiZmMzMTRkL3Jlc291cmNlR3JvdXBzL3BzMzYyOC9wcm92aWRlcnMvTWljcm9zb2Z0LkRhdGFMYWtlU3RvcmUvYWNjb3VudHMvcHMzMzA4L3ZpcnR1YWxOZXR3b3JrUnVsZXMvdm5ldDE/YXBpLXZlcnNpb249MjAxNi0xMS0wMQ==",
      "RequestMethod": "PUT",
      "RequestBody": "{\r\n  \"properties\": {\r\n    \"subnetId\": \"/subscriptions/4d40c6c3-8f87-4d97-af0e-b745cbfc314d/resourceGroups/ps3628/providers/Microsoft.Network/virtualNetworks/vnet1/subnets/Public\"\r\n  }\r\n}",
      "RequestHeaders": {
        "Content-Type": [
          "application/json; charset=utf-8"
        ],
        "Content-Length": [
          "186"
        ],
        "x-ms-client-request-id": [
          "3ab624aa-8096-4479-9e27-a805fe104b19"
        ],
        "accept-language": [
          "en-US"
        ],
        "User-Agent": [
          "FxVersion/4.7.3190.0",
          "OSName/WindowsServer2016Datacenter",
          "OSVersion/6.3.14393",
          "Microsoft.Azure.Management.DataLake.Store.DataLakeStoreAccountManagementClient/2.4.1.0"
        ]
      },
      "ResponseBody": "{\r\n  \"properties\": {\r\n    \"subnetId\": \"/subscriptions/4d40c6c3-8f87-4d97-af0e-b745cbfc314d/resourceGroups/ps3628/providers/Microsoft.Network/virtualNetworks/vnet1/subnets/Public\"\r\n  },\r\n  \"id\": \"/subscriptions/4d40c6c3-8f87-4d97-af0e-b745cbfc314d/resourceGroups/ps3628/providers/Microsoft.DataLakeStore/accounts/ps3308/virtualNetworkRules/vnet1\",\r\n  \"name\": \"vnet1\",\r\n  \"type\": \"Microsoft.DataLakeStore/accounts/virtualNetworkRules\"\r\n}",
      "ResponseHeaders": {
        "Content-Length": [
          "402"
        ],
        "Content-Type": [
          "application/json"
        ],
        "Expires": [
          "-1"
        ],
        "Pragma": [
          "no-cache"
        ],
        "x-ms-request-id": [
          "4cf73bab-be60-4569-adb6-d854320c4063"
        ],
        "X-Content-Type-Options": [
          "nosniff"
        ],
        "x-ms-ratelimit-remaining-subscription-writes": [
          "1197"
        ],
        "x-ms-correlation-request-id": [
          "4c147eba-9c0c-49fd-a815-eacc9c8b69d2"
        ],
        "x-ms-routing-request-id": [
          "WESTUS2:20181008T215438Z:4c147eba-9c0c-49fd-a815-eacc9c8b69d2"
        ],
        "Strict-Transport-Security": [
          "max-age=31536000; includeSubDomains"
        ],
        "Cache-Control": [
          "no-cache"
        ],
        "Date": [
          "Mon, 08 Oct 2018 21:54:38 GMT"
        ],
        "Server": [
          "Microsoft-IIS/8.5"
        ],
        "X-AspNet-Version": [
          "4.0.30319"
        ],
        "X-Powered-By": [
          "ASP.NET"
        ]
      },
      "StatusCode": 200
    },
    {
      "RequestUri": "/subscriptions/4d40c6c3-8f87-4d97-af0e-b745cbfc314d/resourceGroups/ps3628/providers/Microsoft.DataLakeStore/accounts/ps3308/virtualNetworkRules/vnet1?api-version=2016-11-01",
      "EncodedRequestUri": "L3N1YnNjcmlwdGlvbnMvNGQ0MGM2YzMtOGY4Ny00ZDk3LWFmMGUtYjc0NWNiZmMzMTRkL3Jlc291cmNlR3JvdXBzL3BzMzYyOC9wcm92aWRlcnMvTWljcm9zb2Z0LkRhdGFMYWtlU3RvcmUvYWNjb3VudHMvcHMzMzA4L3ZpcnR1YWxOZXR3b3JrUnVsZXMvdm5ldDE/YXBpLXZlcnNpb249MjAxNi0xMS0wMQ==",
      "RequestMethod": "GET",
      "RequestBody": "",
      "RequestHeaders": {
        "x-ms-client-request-id": [
          "dbfd800e-483a-463b-bbd9-50aecc83b2e7"
        ],
        "accept-language": [
          "en-US"
        ],
        "User-Agent": [
          "FxVersion/4.7.3190.0",
          "OSName/WindowsServer2016Datacenter",
          "OSVersion/6.3.14393",
          "Microsoft.Azure.Management.DataLake.Store.DataLakeStoreAccountManagementClient/2.4.1.0"
        ]
      },
      "ResponseBody": "{\r\n  \"properties\": {\r\n    \"subnetId\": \"/subscriptions/4d40c6c3-8f87-4d97-af0e-b745cbfc314d/resourceGroups/ps3628/providers/Microsoft.Network/virtualNetworks/vnet1/subnets/Public\",\r\n    \"state\": \"Active\"\r\n  },\r\n  \"id\": \"/subscriptions/4d40c6c3-8f87-4d97-af0e-b745cbfc314d/resourceGroups/ps3628/providers/Microsoft.DataLakeStore/accounts/ps3308/virtualNetworkRules/vnet1\",\r\n  \"name\": \"vnet1\",\r\n  \"type\": \"Microsoft.DataLakeStore/accounts/virtualNetworkRules\"\r\n}",
      "ResponseHeaders": {
        "Content-Length": [
          "419"
        ],
        "Content-Type": [
          "application/json"
        ],
        "Expires": [
          "-1"
        ],
        "Pragma": [
          "no-cache"
        ],
        "x-ms-request-id": [
          "6ab11cca-44e6-4efa-b72e-ff50927e3acd"
        ],
        "X-Content-Type-Options": [
          "nosniff"
        ],
        "x-ms-ratelimit-remaining-subscription-reads": [
          "11984"
        ],
        "x-ms-correlation-request-id": [
          "1aa721ea-4565-4f73-8d75-aeb2636ff805"
        ],
        "x-ms-routing-request-id": [
          "WESTUS2:20181008T215439Z:1aa721ea-4565-4f73-8d75-aeb2636ff805"
        ],
        "Strict-Transport-Security": [
          "max-age=31536000; includeSubDomains"
        ],
        "Cache-Control": [
          "no-cache"
        ],
        "Date": [
          "Mon, 08 Oct 2018 21:54:39 GMT"
        ],
        "Server": [
          "Microsoft-IIS/8.5"
        ],
        "X-AspNet-Version": [
          "4.0.30319"
        ],
        "X-Powered-By": [
          "ASP.NET"
        ]
      },
      "StatusCode": 200
    },
    {
      "RequestUri": "/subscriptions/4d40c6c3-8f87-4d97-af0e-b745cbfc314d/resourceGroups/ps3628/providers/Microsoft.DataLakeStore/accounts/ps3308/virtualNetworkRules/vnet1?api-version=2016-11-01",
      "EncodedRequestUri": "L3N1YnNjcmlwdGlvbnMvNGQ0MGM2YzMtOGY4Ny00ZDk3LWFmMGUtYjc0NWNiZmMzMTRkL3Jlc291cmNlR3JvdXBzL3BzMzYyOC9wcm92aWRlcnMvTWljcm9zb2Z0LkRhdGFMYWtlU3RvcmUvYWNjb3VudHMvcHMzMzA4L3ZpcnR1YWxOZXR3b3JrUnVsZXMvdm5ldDE/YXBpLXZlcnNpb249MjAxNi0xMS0wMQ==",
      "RequestMethod": "GET",
      "RequestBody": "",
      "RequestHeaders": {
        "x-ms-client-request-id": [
          "71836f27-8e7d-48eb-85a0-125a864bfbfd"
        ],
        "accept-language": [
          "en-US"
        ],
        "User-Agent": [
          "FxVersion/4.7.3190.0",
          "OSName/WindowsServer2016Datacenter",
          "OSVersion/6.3.14393",
          "Microsoft.Azure.Management.DataLake.Store.DataLakeStoreAccountManagementClient/2.4.1.0"
        ]
      },
      "ResponseBody": "{\r\n  \"error\": {\r\n    \"code\": \"NestedResourceNotFound\",\r\n    \"message\": \"Nested resource does not exist.\"\r\n  }\r\n}",
      "ResponseHeaders": {
        "Content-Length": [
          "87"
        ],
        "Content-Type": [
          "application/json"
        ],
        "Expires": [
          "-1"
        ],
        "Pragma": [
          "no-cache"
        ],
        "x-ms-request-id": [
          "9111110c-0573-4ba5-a7e3-7dc83de4cf99"
        ],
        "X-Content-Type-Options": [
          "nosniff"
        ],
        "x-ms-ratelimit-remaining-subscription-reads": [
          "11980"
        ],
        "x-ms-correlation-request-id": [
          "67521063-162c-4915-a553-1d9e8026c917"
        ],
        "x-ms-routing-request-id": [
          "WESTUS2:20181008T215442Z:67521063-162c-4915-a553-1d9e8026c917"
        ],
        "Strict-Transport-Security": [
          "max-age=31536000; includeSubDomains"
        ],
        "Cache-Control": [
          "no-cache"
        ],
        "Date": [
          "Mon, 08 Oct 2018 21:54:42 GMT"
        ],
        "Server": [
          "Microsoft-IIS/8.5"
        ],
        "X-AspNet-Version": [
          "4.0.30319"
        ],
        "X-Powered-By": [
          "ASP.NET"
        ]
      },
      "StatusCode": 404
    },
    {
      "RequestUri": "/subscriptions/4d40c6c3-8f87-4d97-af0e-b745cbfc314d/resourceGroups/ps3628/providers/Microsoft.DataLakeStore/accounts/ps3308/virtualNetworkRules/vnet1?api-version=2016-11-01",
      "EncodedRequestUri": "L3N1YnNjcmlwdGlvbnMvNGQ0MGM2YzMtOGY4Ny00ZDk3LWFmMGUtYjc0NWNiZmMzMTRkL3Jlc291cmNlR3JvdXBzL3BzMzYyOC9wcm92aWRlcnMvTWljcm9zb2Z0LkRhdGFMYWtlU3RvcmUvYWNjb3VudHMvcHMzMzA4L3ZpcnR1YWxOZXR3b3JrUnVsZXMvdm5ldDE/YXBpLXZlcnNpb249MjAxNi0xMS0wMQ==",
      "RequestMethod": "DELETE",
      "RequestBody": "",
      "RequestHeaders": {
        "x-ms-client-request-id": [
          "058c1550-83f0-4f02-b54f-28601c7c97ad"
        ],
        "accept-language": [
          "en-US"
        ],
        "User-Agent": [
          "FxVersion/4.7.3190.0",
          "OSName/WindowsServer2016Datacenter",
          "OSVersion/6.3.14393",
          "Microsoft.Azure.Management.DataLake.Store.DataLakeStoreAccountManagementClient/2.4.1.0"
        ]
      },
      "ResponseBody": "",
      "ResponseHeaders": {
        "Content-Length": [
          "0"
        ],
        "Expires": [
          "-1"
        ],
        "Pragma": [
          "no-cache"
        ],
        "x-ms-request-id": [
          "9d94e4e9-b354-4411-ba91-ee02ace9230e"
        ],
        "x-ms-ratelimit-remaining-subscription-deletes": [
          "14999"
        ],
        "x-ms-correlation-request-id": [
          "7c92d52d-6850-4547-aed5-b3f0cf24ec00"
        ],
        "x-ms-routing-request-id": [
          "WESTUS2:20181008T215441Z:7c92d52d-6850-4547-aed5-b3f0cf24ec00"
        ],
        "Strict-Transport-Security": [
          "max-age=31536000; includeSubDomains"
        ],
        "X-Content-Type-Options": [
          "nosniff"
        ],
        "Cache-Control": [
          "no-cache"
        ],
        "Date": [
          "Mon, 08 Oct 2018 21:54:41 GMT"
        ],
        "Server": [
          "Microsoft-IIS/8.5"
        ],
        "X-AspNet-Version": [
          "4.0.30319"
        ],
        "X-Powered-By": [
          "ASP.NET"
        ]
      },
      "StatusCode": 200
    },
    {
      "RequestUri": "/subscriptions/4d40c6c3-8f87-4d97-af0e-b745cbfc314d/resourceGroups/ps3628/providers/Microsoft.DataLakeStore/accounts/ps3308?api-version=2016-11-01",
      "EncodedRequestUri": "L3N1YnNjcmlwdGlvbnMvNGQ0MGM2YzMtOGY4Ny00ZDk3LWFmMGUtYjc0NWNiZmMzMTRkL3Jlc291cmNlR3JvdXBzL3BzMzYyOC9wcm92aWRlcnMvTWljcm9zb2Z0LkRhdGFMYWtlU3RvcmUvYWNjb3VudHMvcHMzMzA4P2FwaS12ZXJzaW9uPTIwMTYtMTEtMDE=",
      "RequestMethod": "DELETE",
      "RequestBody": "",
      "RequestHeaders": {
        "x-ms-client-request-id": [
          "2f86a647-7029-41b7-9a92-fbd5965c3b20"
        ],
        "accept-language": [
          "en-US"
        ],
        "User-Agent": [
          "FxVersion/4.7.3190.0",
          "OSName/WindowsServer2016Datacenter",
          "OSVersion/6.3.14393",
          "Microsoft.Azure.Management.DataLake.Store.DataLakeStoreAccountManagementClient/2.4.1.0"
        ]
      },
      "ResponseBody": "",
      "ResponseHeaders": {
        "Content-Length": [
          "0"
        ],
        "Expires": [
          "-1"
        ],
        "Pragma": [
          "no-cache"
        ],
        "x-ms-request-id": [
          "3496bcaa-7ebe-477d-9ff1-d9677bfa9f3e"
        ],
        "x-ms-ratelimit-remaining-subscription-deletes": [
          "14998"
        ],
        "x-ms-correlation-request-id": [
          "5bde1e7f-3159-479f-ae7f-65d04d576728"
        ],
        "x-ms-routing-request-id": [
          "WESTUS2:20181008T215446Z:5bde1e7f-3159-479f-ae7f-65d04d576728"
        ],
        "Strict-Transport-Security": [
          "max-age=31536000; includeSubDomains"
        ],
        "X-Content-Type-Options": [
          "nosniff"
        ],
        "Cache-Control": [
          "no-cache"
        ],
        "Date": [
          "Mon, 08 Oct 2018 21:54:45 GMT"
        ],
        "Server": [
          "Microsoft-IIS/8.5"
        ],
        "X-AspNet-Version": [
          "4.0.30319"
        ],
        "X-Powered-By": [
          "ASP.NET"
        ]
      },
      "StatusCode": 200
    },
    {
      "RequestUri": "/subscriptions/4d40c6c3-8f87-4d97-af0e-b745cbfc314d/resourcegroups/ps3628?api-version=2016-09-01",
      "EncodedRequestUri": "L3N1YnNjcmlwdGlvbnMvNGQ0MGM2YzMtOGY4Ny00ZDk3LWFmMGUtYjc0NWNiZmMzMTRkL3Jlc291cmNlZ3JvdXBzL3BzMzYyOD9hcGktdmVyc2lvbj0yMDE2LTA5LTAx",
      "RequestMethod": "DELETE",
      "RequestBody": "",
      "RequestHeaders": {
        "x-ms-client-request-id": [
          "3bb4ac32-998b-4c8f-9e15-fb567eebca93"
        ],
        "accept-language": [
          "en-US"
        ],
        "User-Agent": [
          "FxVersion/4.7.3190.0",
          "OSName/WindowsServer2016Datacenter",
          "OSVersion/6.3.14393",
          "Microsoft.Azure.Management.Internal.Resources.ResourceManagementClient/4.1.0"
        ]
      },
      "ResponseBody": "",
      "ResponseHeaders": {
        "Content-Length": [
          "0"
        ],
        "Expires": [
          "-1"
        ],
        "Pragma": [
          "no-cache"
        ],
        "Retry-After": [
          "15"
        ],
        "x-ms-ratelimit-remaining-subscription-deletes": [
          "14999"
        ],
        "x-ms-request-id": [
          "e6f03003-9158-4670-8063-f6962b174f29"
        ],
        "x-ms-correlation-request-id": [
          "e6f03003-9158-4670-8063-f6962b174f29"
        ],
        "x-ms-routing-request-id": [
          "WESTUS2:20181008T215447Z:e6f03003-9158-4670-8063-f6962b174f29"
        ],
        "Strict-Transport-Security": [
          "max-age=31536000; includeSubDomains"
        ],
        "X-Content-Type-Options": [
          "nosniff"
        ],
        "Cache-Control": [
          "no-cache"
        ],
        "Date": [
          "Mon, 08 Oct 2018 21:54:46 GMT"
        ],
        "Location": [
          "https://management.azure.com/subscriptions/4d40c6c3-8f87-4d97-af0e-b745cbfc314d/operationresults/eyJqb2JJZCI6IlJFU09VUkNFR1JPVVBERUxFVElPTkpPQi1QUzM2MjgtRUFTVFVTMiIsImpvYkxvY2F0aW9uIjoiZWFzdHVzMiJ9?api-version=2016-09-01"
        ]
      },
      "StatusCode": 202
    },
    {
      "RequestUri": "/subscriptions/4d40c6c3-8f87-4d97-af0e-b745cbfc314d/operationresults/eyJqb2JJZCI6IlJFU09VUkNFR1JPVVBERUxFVElPTkpPQi1QUzM2MjgtRUFTVFVTMiIsImpvYkxvY2F0aW9uIjoiZWFzdHVzMiJ9?api-version=2016-09-01",
      "EncodedRequestUri": "L3N1YnNjcmlwdGlvbnMvNGQ0MGM2YzMtOGY4Ny00ZDk3LWFmMGUtYjc0NWNiZmMzMTRkL29wZXJhdGlvbnJlc3VsdHMvZXlKcWIySkpaQ0k2SWxKRlUwOVZVa05GUjFKUFZWQkVSVXhGVkVsUFRrcFBRaTFRVXpNMk1qZ3RSVUZUVkZWVE1pSXNJbXB2WWt4dlkyRjBhVzl1SWpvaVpXRnpkSFZ6TWlKOT9hcGktdmVyc2lvbj0yMDE2LTA5LTAx",
      "RequestMethod": "GET",
      "RequestBody": "",
      "RequestHeaders": {
        "User-Agent": [
          "FxVersion/4.7.3190.0",
          "OSName/WindowsServer2016Datacenter",
          "OSVersion/6.3.14393",
          "Microsoft.Azure.Management.Internal.Resources.ResourceManagementClient/4.1.0"
        ]
      },
      "ResponseBody": "",
      "ResponseHeaders": {
        "Content-Length": [
          "0"
        ],
        "Expires": [
          "-1"
        ],
        "Pragma": [
          "no-cache"
        ],
        "Retry-After": [
          "15"
        ],
        "x-ms-ratelimit-remaining-subscription-reads": [
          "11999"
        ],
        "x-ms-request-id": [
          "d349ff41-9802-40a4-bba2-383929abf7c9"
        ],
        "x-ms-correlation-request-id": [
          "d349ff41-9802-40a4-bba2-383929abf7c9"
        ],
        "x-ms-routing-request-id": [
          "WESTUS2:20181008T215502Z:d349ff41-9802-40a4-bba2-383929abf7c9"
        ],
        "Strict-Transport-Security": [
          "max-age=31536000; includeSubDomains"
        ],
        "X-Content-Type-Options": [
          "nosniff"
        ],
        "Cache-Control": [
          "no-cache"
        ],
        "Date": [
          "Mon, 08 Oct 2018 21:55:02 GMT"
        ],
        "Location": [
          "https://management.azure.com/subscriptions/4d40c6c3-8f87-4d97-af0e-b745cbfc314d/operationresults/eyJqb2JJZCI6IlJFU09VUkNFR1JPVVBERUxFVElPTkpPQi1QUzM2MjgtRUFTVFVTMiIsImpvYkxvY2F0aW9uIjoiZWFzdHVzMiJ9?api-version=2016-09-01"
        ]
      },
      "StatusCode": 202
    },
    {
      "RequestUri": "/subscriptions/4d40c6c3-8f87-4d97-af0e-b745cbfc314d/operationresults/eyJqb2JJZCI6IlJFU09VUkNFR1JPVVBERUxFVElPTkpPQi1QUzM2MjgtRUFTVFVTMiIsImpvYkxvY2F0aW9uIjoiZWFzdHVzMiJ9?api-version=2016-09-01",
      "EncodedRequestUri": "L3N1YnNjcmlwdGlvbnMvNGQ0MGM2YzMtOGY4Ny00ZDk3LWFmMGUtYjc0NWNiZmMzMTRkL29wZXJhdGlvbnJlc3VsdHMvZXlKcWIySkpaQ0k2SWxKRlUwOVZVa05GUjFKUFZWQkVSVXhGVkVsUFRrcFBRaTFRVXpNMk1qZ3RSVUZUVkZWVE1pSXNJbXB2WWt4dlkyRjBhVzl1SWpvaVpXRnpkSFZ6TWlKOT9hcGktdmVyc2lvbj0yMDE2LTA5LTAx",
      "RequestMethod": "GET",
      "RequestBody": "",
      "RequestHeaders": {
        "User-Agent": [
          "FxVersion/4.7.3190.0",
          "OSName/WindowsServer2016Datacenter",
          "OSVersion/6.3.14393",
          "Microsoft.Azure.Management.Internal.Resources.ResourceManagementClient/4.1.0"
        ]
      },
      "ResponseBody": "",
      "ResponseHeaders": {
        "Content-Length": [
          "0"
        ],
        "Expires": [
          "-1"
        ],
        "Pragma": [
          "no-cache"
        ],
        "Retry-After": [
          "15"
        ],
        "x-ms-ratelimit-remaining-subscription-reads": [
          "11998"
        ],
        "x-ms-request-id": [
          "9bee8a5d-9b2d-4ec9-a5a0-e0da6c13fa48"
        ],
        "x-ms-correlation-request-id": [
          "9bee8a5d-9b2d-4ec9-a5a0-e0da6c13fa48"
        ],
        "x-ms-routing-request-id": [
          "WESTUS2:20181008T215517Z:9bee8a5d-9b2d-4ec9-a5a0-e0da6c13fa48"
        ],
        "Strict-Transport-Security": [
          "max-age=31536000; includeSubDomains"
        ],
        "X-Content-Type-Options": [
          "nosniff"
        ],
        "Cache-Control": [
          "no-cache"
        ],
        "Date": [
          "Mon, 08 Oct 2018 21:55:17 GMT"
        ],
        "Location": [
          "https://management.azure.com/subscriptions/4d40c6c3-8f87-4d97-af0e-b745cbfc314d/operationresults/eyJqb2JJZCI6IlJFU09VUkNFR1JPVVBERUxFVElPTkpPQi1QUzM2MjgtRUFTVFVTMiIsImpvYkxvY2F0aW9uIjoiZWFzdHVzMiJ9?api-version=2016-09-01"
        ]
      },
      "StatusCode": 202
    },
    {
      "RequestUri": "/subscriptions/4d40c6c3-8f87-4d97-af0e-b745cbfc314d/operationresults/eyJqb2JJZCI6IlJFU09VUkNFR1JPVVBERUxFVElPTkpPQi1QUzM2MjgtRUFTVFVTMiIsImpvYkxvY2F0aW9uIjoiZWFzdHVzMiJ9?api-version=2016-09-01",
      "EncodedRequestUri": "L3N1YnNjcmlwdGlvbnMvNGQ0MGM2YzMtOGY4Ny00ZDk3LWFmMGUtYjc0NWNiZmMzMTRkL29wZXJhdGlvbnJlc3VsdHMvZXlKcWIySkpaQ0k2SWxKRlUwOVZVa05GUjFKUFZWQkVSVXhGVkVsUFRrcFBRaTFRVXpNMk1qZ3RSVUZUVkZWVE1pSXNJbXB2WWt4dlkyRjBhVzl1SWpvaVpXRnpkSFZ6TWlKOT9hcGktdmVyc2lvbj0yMDE2LTA5LTAx",
      "RequestMethod": "GET",
      "RequestBody": "",
      "RequestHeaders": {
        "User-Agent": [
          "FxVersion/4.7.3190.0",
          "OSName/WindowsServer2016Datacenter",
          "OSVersion/6.3.14393",
          "Microsoft.Azure.Management.Internal.Resources.ResourceManagementClient/4.1.0"
        ]
      },
      "ResponseBody": "",
      "ResponseHeaders": {
        "Content-Length": [
          "0"
        ],
        "Expires": [
          "-1"
        ],
        "Pragma": [
          "no-cache"
        ],
        "Retry-After": [
          "15"
        ],
        "x-ms-ratelimit-remaining-subscription-reads": [
          "11997"
        ],
        "x-ms-request-id": [
          "d425c451-ba3f-48f6-a954-6b7131c4cbba"
        ],
        "x-ms-correlation-request-id": [
          "d425c451-ba3f-48f6-a954-6b7131c4cbba"
        ],
        "x-ms-routing-request-id": [
          "WESTUS2:20181008T215532Z:d425c451-ba3f-48f6-a954-6b7131c4cbba"
        ],
        "Strict-Transport-Security": [
          "max-age=31536000; includeSubDomains"
        ],
        "X-Content-Type-Options": [
          "nosniff"
        ],
        "Cache-Control": [
          "no-cache"
        ],
        "Date": [
          "Mon, 08 Oct 2018 21:55:32 GMT"
        ],
        "Location": [
          "https://management.azure.com/subscriptions/4d40c6c3-8f87-4d97-af0e-b745cbfc314d/operationresults/eyJqb2JJZCI6IlJFU09VUkNFR1JPVVBERUxFVElPTkpPQi1QUzM2MjgtRUFTVFVTMiIsImpvYkxvY2F0aW9uIjoiZWFzdHVzMiJ9?api-version=2016-09-01"
        ]
      },
      "StatusCode": 202
    },
    {
      "RequestUri": "/subscriptions/4d40c6c3-8f87-4d97-af0e-b745cbfc314d/operationresults/eyJqb2JJZCI6IlJFU09VUkNFR1JPVVBERUxFVElPTkpPQi1QUzM2MjgtRUFTVFVTMiIsImpvYkxvY2F0aW9uIjoiZWFzdHVzMiJ9?api-version=2016-09-01",
      "EncodedRequestUri": "L3N1YnNjcmlwdGlvbnMvNGQ0MGM2YzMtOGY4Ny00ZDk3LWFmMGUtYjc0NWNiZmMzMTRkL29wZXJhdGlvbnJlc3VsdHMvZXlKcWIySkpaQ0k2SWxKRlUwOVZVa05GUjFKUFZWQkVSVXhGVkVsUFRrcFBRaTFRVXpNMk1qZ3RSVUZUVkZWVE1pSXNJbXB2WWt4dlkyRjBhVzl1SWpvaVpXRnpkSFZ6TWlKOT9hcGktdmVyc2lvbj0yMDE2LTA5LTAx",
      "RequestMethod": "GET",
      "RequestBody": "",
      "RequestHeaders": {
        "User-Agent": [
          "FxVersion/4.7.3190.0",
          "OSName/WindowsServer2016Datacenter",
          "OSVersion/6.3.14393",
          "Microsoft.Azure.Management.Internal.Resources.ResourceManagementClient/4.1.0"
        ]
      },
      "ResponseBody": "",
      "ResponseHeaders": {
        "Content-Length": [
          "0"
        ],
        "Expires": [
          "-1"
        ],
        "Pragma": [
          "no-cache"
        ],
        "Retry-After": [
          "15"
        ],
        "x-ms-ratelimit-remaining-subscription-reads": [
          "11996"
        ],
        "x-ms-request-id": [
          "0b3f061d-e82c-40c4-b704-437b35e10876"
        ],
        "x-ms-correlation-request-id": [
          "0b3f061d-e82c-40c4-b704-437b35e10876"
        ],
        "x-ms-routing-request-id": [
          "WESTUS2:20181008T215548Z:0b3f061d-e82c-40c4-b704-437b35e10876"
        ],
        "Strict-Transport-Security": [
          "max-age=31536000; includeSubDomains"
        ],
        "X-Content-Type-Options": [
          "nosniff"
        ],
        "Cache-Control": [
          "no-cache"
        ],
        "Date": [
          "Mon, 08 Oct 2018 21:55:47 GMT"
        ],
        "Location": [
          "https://management.azure.com/subscriptions/4d40c6c3-8f87-4d97-af0e-b745cbfc314d/operationresults/eyJqb2JJZCI6IlJFU09VUkNFR1JPVVBERUxFVElPTkpPQi1QUzM2MjgtRUFTVFVTMiIsImpvYkxvY2F0aW9uIjoiZWFzdHVzMiJ9?api-version=2016-09-01"
        ]
      },
      "StatusCode": 202
    },
    {
      "RequestUri": "/subscriptions/4d40c6c3-8f87-4d97-af0e-b745cbfc314d/operationresults/eyJqb2JJZCI6IlJFU09VUkNFR1JPVVBERUxFVElPTkpPQi1QUzM2MjgtRUFTVFVTMiIsImpvYkxvY2F0aW9uIjoiZWFzdHVzMiJ9?api-version=2016-09-01",
      "EncodedRequestUri": "L3N1YnNjcmlwdGlvbnMvNGQ0MGM2YzMtOGY4Ny00ZDk3LWFmMGUtYjc0NWNiZmMzMTRkL29wZXJhdGlvbnJlc3VsdHMvZXlKcWIySkpaQ0k2SWxKRlUwOVZVa05GUjFKUFZWQkVSVXhGVkVsUFRrcFBRaTFRVXpNMk1qZ3RSVUZUVkZWVE1pSXNJbXB2WWt4dlkyRjBhVzl1SWpvaVpXRnpkSFZ6TWlKOT9hcGktdmVyc2lvbj0yMDE2LTA5LTAx",
      "RequestMethod": "GET",
      "RequestBody": "",
      "RequestHeaders": {
        "User-Agent": [
          "FxVersion/4.7.3190.0",
          "OSName/WindowsServer2016Datacenter",
          "OSVersion/6.3.14393",
          "Microsoft.Azure.Management.Internal.Resources.ResourceManagementClient/4.1.0"
        ]
      },
      "ResponseBody": "",
      "ResponseHeaders": {
        "Content-Length": [
          "0"
        ],
        "Expires": [
          "-1"
        ],
        "Pragma": [
          "no-cache"
        ],
        "Retry-After": [
          "15"
        ],
        "x-ms-ratelimit-remaining-subscription-reads": [
          "11995"
        ],
        "x-ms-request-id": [
          "873a1794-e4a9-4f42-8947-45f209027698"
        ],
        "x-ms-correlation-request-id": [
          "873a1794-e4a9-4f42-8947-45f209027698"
        ],
        "x-ms-routing-request-id": [
          "WESTUS2:20181008T215603Z:873a1794-e4a9-4f42-8947-45f209027698"
        ],
        "Strict-Transport-Security": [
          "max-age=31536000; includeSubDomains"
        ],
        "X-Content-Type-Options": [
          "nosniff"
        ],
        "Cache-Control": [
          "no-cache"
        ],
        "Date": [
          "Mon, 08 Oct 2018 21:56:03 GMT"
        ],
        "Location": [
          "https://management.azure.com/subscriptions/4d40c6c3-8f87-4d97-af0e-b745cbfc314d/operationresults/eyJqb2JJZCI6IlJFU09VUkNFR1JPVVBERUxFVElPTkpPQi1QUzM2MjgtRUFTVFVTMiIsImpvYkxvY2F0aW9uIjoiZWFzdHVzMiJ9?api-version=2016-09-01"
        ]
      },
      "StatusCode": 202
    },
    {
      "RequestUri": "/subscriptions/4d40c6c3-8f87-4d97-af0e-b745cbfc314d/operationresults/eyJqb2JJZCI6IlJFU09VUkNFR1JPVVBERUxFVElPTkpPQi1QUzM2MjgtRUFTVFVTMiIsImpvYkxvY2F0aW9uIjoiZWFzdHVzMiJ9?api-version=2016-09-01",
      "EncodedRequestUri": "L3N1YnNjcmlwdGlvbnMvNGQ0MGM2YzMtOGY4Ny00ZDk3LWFmMGUtYjc0NWNiZmMzMTRkL29wZXJhdGlvbnJlc3VsdHMvZXlKcWIySkpaQ0k2SWxKRlUwOVZVa05GUjFKUFZWQkVSVXhGVkVsUFRrcFBRaTFRVXpNMk1qZ3RSVUZUVkZWVE1pSXNJbXB2WWt4dlkyRjBhVzl1SWpvaVpXRnpkSFZ6TWlKOT9hcGktdmVyc2lvbj0yMDE2LTA5LTAx",
      "RequestMethod": "GET",
      "RequestBody": "",
      "RequestHeaders": {
        "User-Agent": [
          "FxVersion/4.7.3190.0",
          "OSName/WindowsServer2016Datacenter",
          "OSVersion/6.3.14393",
          "Microsoft.Azure.Management.Internal.Resources.ResourceManagementClient/4.1.0"
        ]
      },
      "ResponseBody": "",
      "ResponseHeaders": {
        "Content-Length": [
          "0"
        ],
        "Expires": [
          "-1"
        ],
        "Pragma": [
          "no-cache"
        ],
        "Retry-After": [
          "15"
        ],
        "x-ms-ratelimit-remaining-subscription-reads": [
          "11994"
        ],
        "x-ms-request-id": [
          "46c1be60-ec44-4f22-a31a-224ec733d4f0"
        ],
        "x-ms-correlation-request-id": [
          "46c1be60-ec44-4f22-a31a-224ec733d4f0"
        ],
        "x-ms-routing-request-id": [
          "WESTUS2:20181008T215618Z:46c1be60-ec44-4f22-a31a-224ec733d4f0"
        ],
        "Strict-Transport-Security": [
          "max-age=31536000; includeSubDomains"
        ],
        "X-Content-Type-Options": [
          "nosniff"
        ],
        "Cache-Control": [
          "no-cache"
        ],
        "Date": [
          "Mon, 08 Oct 2018 21:56:18 GMT"
        ],
        "Location": [
          "https://management.azure.com/subscriptions/4d40c6c3-8f87-4d97-af0e-b745cbfc314d/operationresults/eyJqb2JJZCI6IlJFU09VUkNFR1JPVVBERUxFVElPTkpPQi1QUzM2MjgtRUFTVFVTMiIsImpvYkxvY2F0aW9uIjoiZWFzdHVzMiJ9?api-version=2016-09-01"
        ]
      },
      "StatusCode": 202
    },
    {
      "RequestUri": "/subscriptions/4d40c6c3-8f87-4d97-af0e-b745cbfc314d/operationresults/eyJqb2JJZCI6IlJFU09VUkNFR1JPVVBERUxFVElPTkpPQi1QUzM2MjgtRUFTVFVTMiIsImpvYkxvY2F0aW9uIjoiZWFzdHVzMiJ9?api-version=2016-09-01",
      "EncodedRequestUri": "L3N1YnNjcmlwdGlvbnMvNGQ0MGM2YzMtOGY4Ny00ZDk3LWFmMGUtYjc0NWNiZmMzMTRkL29wZXJhdGlvbnJlc3VsdHMvZXlKcWIySkpaQ0k2SWxKRlUwOVZVa05GUjFKUFZWQkVSVXhGVkVsUFRrcFBRaTFRVXpNMk1qZ3RSVUZUVkZWVE1pSXNJbXB2WWt4dlkyRjBhVzl1SWpvaVpXRnpkSFZ6TWlKOT9hcGktdmVyc2lvbj0yMDE2LTA5LTAx",
      "RequestMethod": "GET",
      "RequestBody": "",
      "RequestHeaders": {
        "User-Agent": [
          "FxVersion/4.7.3190.0",
          "OSName/WindowsServer2016Datacenter",
          "OSVersion/6.3.14393",
          "Microsoft.Azure.Management.Internal.Resources.ResourceManagementClient/4.1.0"
        ]
      },
      "ResponseBody": "",
      "ResponseHeaders": {
        "Content-Length": [
          "0"
        ],
        "Expires": [
          "-1"
        ],
        "Pragma": [
          "no-cache"
        ],
        "x-ms-ratelimit-remaining-subscription-reads": [
          "11993"
        ],
        "x-ms-request-id": [
          "618d7f41-7eee-4577-a9ef-d82a49aee015"
        ],
        "x-ms-correlation-request-id": [
          "618d7f41-7eee-4577-a9ef-d82a49aee015"
        ],
        "x-ms-routing-request-id": [
          "WESTUS2:20181008T215633Z:618d7f41-7eee-4577-a9ef-d82a49aee015"
        ],
        "Strict-Transport-Security": [
          "max-age=31536000; includeSubDomains"
        ],
        "X-Content-Type-Options": [
          "nosniff"
        ],
        "Cache-Control": [
          "no-cache"
        ],
        "Date": [
          "Mon, 08 Oct 2018 21:56:32 GMT"
        ]
      },
      "StatusCode": 200
    },
    {
      "RequestUri": "/subscriptions/4d40c6c3-8f87-4d97-af0e-b745cbfc314d/operationresults/eyJqb2JJZCI6IlJFU09VUkNFR1JPVVBERUxFVElPTkpPQi1QUzM2MjgtRUFTVFVTMiIsImpvYkxvY2F0aW9uIjoiZWFzdHVzMiJ9?api-version=2016-09-01",
      "EncodedRequestUri": "L3N1YnNjcmlwdGlvbnMvNGQ0MGM2YzMtOGY4Ny00ZDk3LWFmMGUtYjc0NWNiZmMzMTRkL29wZXJhdGlvbnJlc3VsdHMvZXlKcWIySkpaQ0k2SWxKRlUwOVZVa05GUjFKUFZWQkVSVXhGVkVsUFRrcFBRaTFRVXpNMk1qZ3RSVUZUVkZWVE1pSXNJbXB2WWt4dlkyRjBhVzl1SWpvaVpXRnpkSFZ6TWlKOT9hcGktdmVyc2lvbj0yMDE2LTA5LTAx",
      "RequestMethod": "GET",
      "RequestBody": "",
      "RequestHeaders": {
        "User-Agent": [
          "FxVersion/4.7.3190.0",
          "OSName/WindowsServer2016Datacenter",
          "OSVersion/6.3.14393",
          "Microsoft.Azure.Management.Internal.Resources.ResourceManagementClient/4.1.0"
        ]
      },
      "ResponseBody": "",
      "ResponseHeaders": {
        "Content-Length": [
          "0"
        ],
        "Expires": [
          "-1"
        ],
        "Pragma": [
          "no-cache"
        ],
        "x-ms-ratelimit-remaining-subscription-reads": [
          "11992"
        ],
        "x-ms-request-id": [
          "7ecc3536-5664-4e0c-bd82-b7b4ef3e5718"
        ],
        "x-ms-correlation-request-id": [
          "7ecc3536-5664-4e0c-bd82-b7b4ef3e5718"
        ],
        "x-ms-routing-request-id": [
          "WESTUS2:20181008T215633Z:7ecc3536-5664-4e0c-bd82-b7b4ef3e5718"
        ],
        "Strict-Transport-Security": [
          "max-age=31536000; includeSubDomains"
        ],
        "X-Content-Type-Options": [
          "nosniff"
        ],
        "Cache-Control": [
          "no-cache"
        ],
        "Date": [
          "Mon, 08 Oct 2018 21:56:33 GMT"
        ]
      },
      "StatusCode": 200
    }
  ],
  "Names": {
    "Test-DataLakeStoreVirtualNetwork": [
      "ps3628",
      "ps3308",
      "ps494"
    ]
  },
  "Variables": {
    "SubscriptionId": "4d40c6c3-8f87-4d97-af0e-b745cbfc314d"
  }
}