{
  "Entries": [
    {
      "RequestUri": "/subscriptions/53d9063d-87ae-4ea8-be90-3686c3b8669f/providers/Microsoft.DataLakeStore/register?api-version=2016-02-01",
      "EncodedRequestUri": "L3N1YnNjcmlwdGlvbnMvNTNkOTA2M2QtODdhZS00ZWE4LWJlOTAtMzY4NmMzYjg2NjlmL3Byb3ZpZGVycy9NaWNyb3NvZnQuRGF0YUxha2VTdG9yZS9yZWdpc3Rlcj9hcGktdmVyc2lvbj0yMDE2LTAyLTAx",
      "RequestMethod": "POST",
      "RequestBody": "",
      "RequestHeaders": {
        "User-Agent": [
          "Microsoft.Azure.Management.Resources.ResourceManagementClient/2.0.0.0"
        ]
      },
      "ResponseBody": "{\r\n  \"id\": \"/subscriptions/53d9063d-87ae-4ea8-be90-3686c3b8669f/providers/Microsoft.DataLakeStore\",\r\n  \"namespace\": \"Microsoft.DataLakeStore\",\r\n  \"resourceTypes\": [\r\n    {\r\n      \"resourceType\": \"operations\",\r\n      \"locations\": [],\r\n      \"apiVersions\": [\r\n        \"2015-10-01-preview\"\r\n      ]\r\n    },\r\n    {\r\n      \"resourceType\": \"accounts\",\r\n      \"locations\": [\r\n        \"East US 2\"\r\n      ],\r\n      \"apiVersions\": [\r\n        \"2015-10-01-preview\"\r\n      ],\r\n      \"capabilities\": \"CrossResourceGroupResourceMove, CrossSubscriptionResourceMove\"\r\n    },\r\n    {\r\n      \"resourceType\": \"accounts/firewallRules\",\r\n      \"locations\": [\r\n        \"East US 2\"\r\n      ],\r\n      \"apiVersions\": [\r\n        \"2015-10-01-preview\"\r\n      ]\r\n    },\r\n    {\r\n      \"resourceType\": \"locations\",\r\n      \"locations\": [],\r\n      \"apiVersions\": [\r\n        \"2015-10-01-preview\"\r\n      ]\r\n    },\r\n    {\r\n      \"resourceType\": \"locations/operationresults\",\r\n      \"locations\": [],\r\n      \"apiVersions\": [\r\n        \"2015-10-01-preview\"\r\n      ]\r\n    },\r\n    {\r\n      \"resourceType\": \"locations/checkNameAvailability\",\r\n      \"locations\": [],\r\n      \"apiVersions\": [\r\n        \"2015-10-01-preview\"\r\n      ]\r\n    },\r\n    {\r\n      \"resourceType\": \"locations/capability\",\r\n      \"locations\": [],\r\n      \"apiVersions\": [\r\n        \"2015-10-01-preview\"\r\n      ]\r\n    }\r\n  ],\r\n  \"registrationState\": \"Registered\"\r\n}",
      "ResponseHeaders": {
        "Content-Length": [
          "914"
        ],
        "Content-Type": [
          "application/json; charset=utf-8"
        ],
        "Expires": [
          "-1"
        ],
        "Pragma": [
          "no-cache"
        ],
        "x-ms-ratelimit-remaining-subscription-writes": [
          "1198"
        ],
        "x-ms-request-id": [
          "8c8c3ea8-2d9b-4e21-b1b0-46272e2ab871"
        ],
        "x-ms-correlation-request-id": [
          "8c8c3ea8-2d9b-4e21-b1b0-46272e2ab871"
        ],
        "x-ms-routing-request-id": [
          "WESTUS:20160525T231014Z:8c8c3ea8-2d9b-4e21-b1b0-46272e2ab871"
        ],
        "Strict-Transport-Security": [
          "max-age=31536000; includeSubDomains"
        ],
        "Cache-Control": [
          "no-cache"
        ],
        "Date": [
          "Wed, 25 May 2016 23:10:13 GMT"
        ]
      },
      "StatusCode": 200
    },
    {
      "RequestUri": "/subscriptions/53d9063d-87ae-4ea8-be90-3686c3b8669f/providers/Microsoft.DataLakeStore?api-version=2016-02-01",
      "EncodedRequestUri": "L3N1YnNjcmlwdGlvbnMvNTNkOTA2M2QtODdhZS00ZWE4LWJlOTAtMzY4NmMzYjg2NjlmL3Byb3ZpZGVycy9NaWNyb3NvZnQuRGF0YUxha2VTdG9yZT9hcGktdmVyc2lvbj0yMDE2LTAyLTAx",
      "RequestMethod": "GET",
      "RequestBody": "",
      "RequestHeaders": {
        "User-Agent": [
          "Microsoft.Azure.Management.Resources.ResourceManagementClient/2.0.0.0"
        ]
      },
      "ResponseBody": "{\r\n  \"id\": \"/subscriptions/53d9063d-87ae-4ea8-be90-3686c3b8669f/providers/Microsoft.DataLakeStore\",\r\n  \"namespace\": \"Microsoft.DataLakeStore\",\r\n  \"resourceTypes\": [\r\n    {\r\n      \"resourceType\": \"operations\",\r\n      \"locations\": [],\r\n      \"apiVersions\": [\r\n        \"2015-10-01-preview\"\r\n      ]\r\n    },\r\n    {\r\n      \"resourceType\": \"accounts\",\r\n      \"locations\": [\r\n        \"East US 2\"\r\n      ],\r\n      \"apiVersions\": [\r\n        \"2015-10-01-preview\"\r\n      ],\r\n      \"capabilities\": \"CrossResourceGroupResourceMove, CrossSubscriptionResourceMove\"\r\n    },\r\n    {\r\n      \"resourceType\": \"accounts/firewallRules\",\r\n      \"locations\": [\r\n        \"East US 2\"\r\n      ],\r\n      \"apiVersions\": [\r\n        \"2015-10-01-preview\"\r\n      ]\r\n    },\r\n    {\r\n      \"resourceType\": \"locations\",\r\n      \"locations\": [],\r\n      \"apiVersions\": [\r\n        \"2015-10-01-preview\"\r\n      ]\r\n    },\r\n    {\r\n      \"resourceType\": \"locations/operationresults\",\r\n      \"locations\": [],\r\n      \"apiVersions\": [\r\n        \"2015-10-01-preview\"\r\n      ]\r\n    },\r\n    {\r\n      \"resourceType\": \"locations/checkNameAvailability\",\r\n      \"locations\": [],\r\n      \"apiVersions\": [\r\n        \"2015-10-01-preview\"\r\n      ]\r\n    },\r\n    {\r\n      \"resourceType\": \"locations/capability\",\r\n      \"locations\": [],\r\n      \"apiVersions\": [\r\n        \"2015-10-01-preview\"\r\n      ]\r\n    }\r\n  ],\r\n  \"registrationState\": \"Registered\"\r\n}",
      "ResponseHeaders": {
        "Content-Length": [
          "914"
        ],
        "Content-Type": [
          "application/json; charset=utf-8"
        ],
        "Expires": [
          "-1"
        ],
        "Pragma": [
          "no-cache"
        ],
        "x-ms-ratelimit-remaining-subscription-reads": [
          "14995"
        ],
        "x-ms-request-id": [
          "e22dae91-285e-441e-95c4-9f0b5986e4e5"
        ],
        "x-ms-correlation-request-id": [
          "e22dae91-285e-441e-95c4-9f0b5986e4e5"
        ],
        "x-ms-routing-request-id": [
          "WESTUS:20160525T231014Z:e22dae91-285e-441e-95c4-9f0b5986e4e5"
        ],
        "Strict-Transport-Security": [
          "max-age=31536000; includeSubDomains"
        ],
        "Cache-Control": [
          "no-cache"
        ],
        "Date": [
          "Wed, 25 May 2016 23:10:13 GMT"
        ]
      },
      "StatusCode": 200
    },
    {
      "RequestUri": "/subscriptions/53d9063d-87ae-4ea8-be90-3686c3b8669f/resourcegroups/onesdk4349?api-version=2016-02-01",
      "EncodedRequestUri": "L3N1YnNjcmlwdGlvbnMvNTNkOTA2M2QtODdhZS00ZWE4LWJlOTAtMzY4NmMzYjg2NjlmL3Jlc291cmNlZ3JvdXBzL29uZXNkazQzNDk/YXBpLXZlcnNpb249MjAxNi0wMi0wMQ==",
      "RequestMethod": "HEAD",
      "RequestBody": "",
      "RequestHeaders": {
        "User-Agent": [
          "Microsoft.Azure.Management.Resources.ResourceManagementClient/2.0.0.0"
        ]
      },
      "ResponseBody": "",
      "ResponseHeaders": {
        "Content-Length": [
          "102"
        ],
        "Content-Type": [
          "application/json; charset=utf-8"
        ],
        "Expires": [
          "-1"
        ],
        "Pragma": [
          "no-cache"
        ],
        "x-ms-failure-cause": [
          "gateway"
        ],
        "x-ms-ratelimit-remaining-subscription-reads": [
          "14994"
        ],
        "x-ms-request-id": [
          "20988a5b-016f-4738-b05c-f46dabbdd4d3"
        ],
        "x-ms-correlation-request-id": [
          "20988a5b-016f-4738-b05c-f46dabbdd4d3"
        ],
        "x-ms-routing-request-id": [
          "WESTUS:20160525T231017Z:20988a5b-016f-4738-b05c-f46dabbdd4d3"
        ],
        "Strict-Transport-Security": [
          "max-age=31536000; includeSubDomains"
        ],
        "Cache-Control": [
          "no-cache"
        ],
        "Date": [
          "Wed, 25 May 2016 23:10:17 GMT"
        ]
      },
      "StatusCode": 404
    },
    {
      "RequestUri": "/subscriptions/53d9063d-87ae-4ea8-be90-3686c3b8669f/resourcegroups/onesdk4349?api-version=2016-02-01",
      "EncodedRequestUri": "L3N1YnNjcmlwdGlvbnMvNTNkOTA2M2QtODdhZS00ZWE4LWJlOTAtMzY4NmMzYjg2NjlmL3Jlc291cmNlZ3JvdXBzL29uZXNkazQzNDk/YXBpLXZlcnNpb249MjAxNi0wMi0wMQ==",
      "RequestMethod": "HEAD",
      "RequestBody": "",
      "RequestHeaders": {
        "User-Agent": [
          "Microsoft.Azure.Management.Resources.ResourceManagementClient/2.0.0.0"
        ]
      },
      "ResponseBody": "",
      "ResponseHeaders": {
        "Content-Length": [
          "0"
        ],
        "Expires": [
          "-1"
        ],
        "Pragma": [
          "no-cache"
        ],
        "x-ms-ratelimit-remaining-subscription-reads": [
          "14992"
        ],
        "x-ms-request-id": [
          "063fd706-ad8e-4665-9f03-a439a6ed3e38"
        ],
        "x-ms-correlation-request-id": [
          "063fd706-ad8e-4665-9f03-a439a6ed3e38"
        ],
        "x-ms-routing-request-id": [
          "WESTUS:20160525T231110Z:063fd706-ad8e-4665-9f03-a439a6ed3e38"
        ],
        "Strict-Transport-Security": [
          "max-age=31536000; includeSubDomains"
        ],
        "Cache-Control": [
          "no-cache"
        ],
        "Date": [
          "Wed, 25 May 2016 23:11:09 GMT"
        ]
      },
      "StatusCode": 204
    },
    {
      "RequestUri": "/subscriptions/53d9063d-87ae-4ea8-be90-3686c3b8669f/resourcegroups/onesdk4349?api-version=2016-02-01",
      "EncodedRequestUri": "L3N1YnNjcmlwdGlvbnMvNTNkOTA2M2QtODdhZS00ZWE4LWJlOTAtMzY4NmMzYjg2NjlmL3Jlc291cmNlZ3JvdXBzL29uZXNkazQzNDk/YXBpLXZlcnNpb249MjAxNi0wMi0wMQ==",
      "RequestMethod": "PUT",
      "RequestBody": "{\r\n  \"location\": \"East US 2\"\r\n}",
      "RequestHeaders": {
        "Content-Type": [
          "application/json; charset=utf-8"
        ],
        "Content-Length": [
          "31"
        ],
        "User-Agent": [
          "Microsoft.Azure.Management.Resources.ResourceManagementClient/2.0.0.0"
        ]
      },
      "ResponseBody": "{\r\n  \"id\": \"/subscriptions/53d9063d-87ae-4ea8-be90-3686c3b8669f/resourceGroups/onesdk4349\",\r\n  \"name\": \"onesdk4349\",\r\n  \"location\": \"eastus2\",\r\n  \"properties\": {\r\n    \"provisioningState\": \"Succeeded\"\r\n  }\r\n}",
      "ResponseHeaders": {
        "Content-Length": [
          "174"
        ],
        "Content-Type": [
          "application/json; charset=utf-8"
        ],
        "Expires": [
          "-1"
        ],
        "Pragma": [
          "no-cache"
        ],
        "x-ms-ratelimit-remaining-subscription-writes": [
          "1197"
        ],
        "x-ms-request-id": [
          "c802e57b-381f-4eda-949f-37912acf7807"
        ],
        "x-ms-correlation-request-id": [
          "c802e57b-381f-4eda-949f-37912acf7807"
        ],
        "x-ms-routing-request-id": [
          "WESTUS:20160525T231020Z:c802e57b-381f-4eda-949f-37912acf7807"
        ],
        "Strict-Transport-Security": [
          "max-age=31536000; includeSubDomains"
        ],
        "Cache-Control": [
          "no-cache"
        ],
        "Date": [
          "Wed, 25 May 2016 23:10:19 GMT"
        ]
      },
      "StatusCode": 201
    },
    {
      "RequestUri": "/subscriptions/53d9063d-87ae-4ea8-be90-3686c3b8669f/resourceGroups/onesdk4349/resources?api-version=2016-02-01",
      "EncodedRequestUri": "L3N1YnNjcmlwdGlvbnMvNTNkOTA2M2QtODdhZS00ZWE4LWJlOTAtMzY4NmMzYjg2NjlmL3Jlc291cmNlR3JvdXBzL29uZXNkazQzNDkvcmVzb3VyY2VzP2FwaS12ZXJzaW9uPTIwMTYtMDItMDE=",
      "RequestMethod": "GET",
      "RequestBody": "",
      "RequestHeaders": {
        "User-Agent": [
          "Microsoft.Azure.Management.Resources.ResourceManagementClient/2.0.0.0"
        ]
      },
      "ResponseBody": "{\r\n  \"value\": []\r\n}",
      "ResponseHeaders": {
        "Content-Length": [
          "12"
        ],
        "Content-Type": [
          "application/json; charset=utf-8"
        ],
        "Expires": [
          "-1"
        ],
        "Pragma": [
          "no-cache"
        ],
        "x-ms-ratelimit-remaining-subscription-reads": [
          "14993"
        ],
        "x-ms-request-id": [
          "c2a7ab13-7a34-4282-9f2b-82a2ee6ce92c"
        ],
        "x-ms-correlation-request-id": [
          "c2a7ab13-7a34-4282-9f2b-82a2ee6ce92c"
        ],
        "x-ms-routing-request-id": [
          "WESTUS:20160525T231020Z:c2a7ab13-7a34-4282-9f2b-82a2ee6ce92c"
        ],
        "Strict-Transport-Security": [
          "max-age=31536000; includeSubDomains"
        ],
        "Cache-Control": [
          "no-cache"
        ],
        "Date": [
          "Wed, 25 May 2016 23:10:19 GMT"
        ]
      },
      "StatusCode": 200
    },
    {
      "RequestUri": "/subscriptions/53d9063d-87ae-4ea8-be90-3686c3b8669f/resourceGroups/onesdk4349/providers/Microsoft.DataLakeStore/accounts/onesdk4313?api-version=2015-10-01-preview",
      "EncodedRequestUri": "L3N1YnNjcmlwdGlvbnMvNTNkOTA2M2QtODdhZS00ZWE4LWJlOTAtMzY4NmMzYjg2NjlmL3Jlc291cmNlR3JvdXBzL29uZXNkazQzNDkvcHJvdmlkZXJzL01pY3Jvc29mdC5EYXRhTGFrZVN0b3JlL2FjY291bnRzL29uZXNkazQzMTM/YXBpLXZlcnNpb249MjAxNS0xMC0wMS1wcmV2aWV3",
      "RequestMethod": "GET",
      "RequestBody": "",
      "RequestHeaders": {
        "x-ms-client-request-id": [
          "31df14d5-d60c-461e-99bf-5a356bbacbe2"
        ],
        "accept-language": [
          "en-US"
        ],
        "User-Agent": [
          "Microsoft.Azure.Management.DataLake.Store.DataLakeStoreAccountManagementClient/0.12.0.0"
        ]
      },
      "ResponseBody": "{\r\n  \"error\": {\r\n    \"code\": \"ResourceNotFound\",\r\n    \"message\": \"The Resource 'Microsoft.DataLakeStore/accounts/onesdk4313' under resource group 'onesdk4349' was not found.\"\r\n  }\r\n}",
      "ResponseHeaders": {
        "Content-Length": [
          "157"
        ],
        "Content-Type": [
          "application/json; charset=utf-8"
        ],
        "Expires": [
          "-1"
        ],
        "Pragma": [
          "no-cache"
        ],
        "x-ms-failure-cause": [
          "gateway"
        ],
        "x-ms-request-id": [
          "df7d0d96-2f83-4ac1-80e2-b3ba9c40a4b5"
        ],
        "x-ms-correlation-request-id": [
          "df7d0d96-2f83-4ac1-80e2-b3ba9c40a4b5"
        ],
        "x-ms-routing-request-id": [
          "WESTUS:20160525T231020Z:df7d0d96-2f83-4ac1-80e2-b3ba9c40a4b5"
        ],
        "Strict-Transport-Security": [
          "max-age=31536000; includeSubDomains"
        ],
        "Cache-Control": [
          "no-cache"
        ],
        "Date": [
          "Wed, 25 May 2016 23:10:20 GMT"
        ]
      },
      "StatusCode": 404
    },
    {
      "RequestUri": "/subscriptions/53d9063d-87ae-4ea8-be90-3686c3b8669f/resourceGroups/onesdk4349/providers/Microsoft.DataLakeStore/accounts/onesdk4313?api-version=2015-10-01-preview",
      "EncodedRequestUri": "L3N1YnNjcmlwdGlvbnMvNTNkOTA2M2QtODdhZS00ZWE4LWJlOTAtMzY4NmMzYjg2NjlmL3Jlc291cmNlR3JvdXBzL29uZXNkazQzNDkvcHJvdmlkZXJzL01pY3Jvc29mdC5EYXRhTGFrZVN0b3JlL2FjY291bnRzL29uZXNkazQzMTM/YXBpLXZlcnNpb249MjAxNS0xMC0wMS1wcmV2aWV3",
      "RequestMethod": "GET",
      "RequestBody": "",
      "RequestHeaders": {
        "x-ms-client-request-id": [
          "5aabb8f9-8470-4eeb-af29-88e14d208f88"
        ],
        "accept-language": [
          "en-US"
        ],
        "User-Agent": [
          "Microsoft.Azure.Management.DataLake.Store.DataLakeStoreAccountManagementClient/0.12.0.0"
        ]
      },
      "ResponseBody": "{\r\n  \"error\": {\r\n    \"code\": \"ResourceNotFound\",\r\n    \"message\": \"The Resource 'Microsoft.DataLakeStore/accounts/onesdk4313' under resource group 'onesdk4349' was not found.\"\r\n  }\r\n}",
      "ResponseHeaders": {
        "Content-Length": [
          "157"
        ],
        "Content-Type": [
          "application/json; charset=utf-8"
        ],
        "Expires": [
          "-1"
        ],
        "Pragma": [
          "no-cache"
        ],
        "x-ms-failure-cause": [
          "gateway"
        ],
        "x-ms-request-id": [
          "aefc21a3-d431-4d6f-be74-69ff6f72c315"
        ],
        "x-ms-correlation-request-id": [
          "aefc21a3-d431-4d6f-be74-69ff6f72c315"
        ],
        "x-ms-routing-request-id": [
          "WESTUS:20160525T231020Z:aefc21a3-d431-4d6f-be74-69ff6f72c315"
        ],
        "Strict-Transport-Security": [
          "max-age=31536000; includeSubDomains"
        ],
        "Cache-Control": [
          "no-cache"
        ],
        "Date": [
          "Wed, 25 May 2016 23:10:20 GMT"
        ]
      },
      "StatusCode": 404
    },
    {
      "RequestUri": "/subscriptions/53d9063d-87ae-4ea8-be90-3686c3b8669f/resourceGroups/onesdk4349/providers/Microsoft.DataLakeStore/accounts/onesdk4313?api-version=2015-10-01-preview",
      "EncodedRequestUri": "L3N1YnNjcmlwdGlvbnMvNTNkOTA2M2QtODdhZS00ZWE4LWJlOTAtMzY4NmMzYjg2NjlmL3Jlc291cmNlR3JvdXBzL29uZXNkazQzNDkvcHJvdmlkZXJzL01pY3Jvc29mdC5EYXRhTGFrZVN0b3JlL2FjY291bnRzL29uZXNkazQzMTM/YXBpLXZlcnNpb249MjAxNS0xMC0wMS1wcmV2aWV3",
      "RequestMethod": "GET",
      "RequestBody": "",
      "RequestHeaders": {
        "User-Agent": [
          "Microsoft.Azure.Management.DataLake.Store.DataLakeStoreAccountManagementClient/0.12.0.0"
        ]
      },
      "ResponseBody": "{\r\n  \"properties\": {\r\n    \"provisioningState\": \"Succeeded\",\r\n    \"state\": \"Active\",\r\n    \"endpoint\": \"onesdk4313.azuredatalakestore.net\",\r\n    \"accountId\": \"21ea152b-5d2c-4ede-a7d4-7c56c3b3c374\",\r\n    \"creationTime\": \"2016-05-25T23:10:24.7752197Z\",\r\n    \"lastModifiedTime\": \"2016-05-25T23:10:24.7752197Z\"\r\n  },\r\n  \"location\": \"East US 2\",\r\n  \"tags\": {},\r\n  \"id\": \"/subscriptions/53d9063d-87ae-4ea8-be90-3686c3b8669f/resourceGroups/onesdk4349/providers/Microsoft.DataLakeStore/accounts/onesdk4313\",\r\n  \"name\": \"onesdk4313\",\r\n  \"type\": \"Microsoft.DataLakeStore/accounts\"\r\n}",
      "ResponseHeaders": {
        "Content-Length": [
          "493"
        ],
        "Content-Type": [
          "application/json"
        ],
        "Expires": [
          "-1"
        ],
        "Pragma": [
          "no-cache"
        ],
        "x-ms-request-id": [
          "77928459-b743-4f49-b016-718e17c4260d"
        ],
        "x-ms-ratelimit-remaining-subscription-reads": [
          "14996"
        ],
        "x-ms-correlation-request-id": [
          "ddf8d7ba-63e8-4dac-acae-f1d0fbaf749f"
        ],
        "x-ms-routing-request-id": [
          "WESTUS:20160525T231054Z:ddf8d7ba-63e8-4dac-acae-f1d0fbaf749f"
        ],
        "Strict-Transport-Security": [
          "max-age=31536000; includeSubDomains"
        ],
        "Connection": [
          "close"
        ],
        "Cache-Control": [
          "no-cache"
        ],
        "Date": [
          "Wed, 25 May 2016 23:10:53 GMT"
        ],
        "Server": [
          "Microsoft-IIS/8.5"
        ],
        "X-AspNet-Version": [
          "4.0.30319"
        ],
        "X-Powered-By": [
          "ASP.NET"
        ]
      },
      "StatusCode": 200
    },
    {
      "RequestUri": "/subscriptions/53d9063d-87ae-4ea8-be90-3686c3b8669f/resourceGroups/onesdk4349/providers/Microsoft.DataLakeStore/accounts/onesdk4313?api-version=2015-10-01-preview",
      "EncodedRequestUri": "L3N1YnNjcmlwdGlvbnMvNTNkOTA2M2QtODdhZS00ZWE4LWJlOTAtMzY4NmMzYjg2NjlmL3Jlc291cmNlR3JvdXBzL29uZXNkazQzNDkvcHJvdmlkZXJzL01pY3Jvc29mdC5EYXRhTGFrZVN0b3JlL2FjY291bnRzL29uZXNkazQzMTM/YXBpLXZlcnNpb249MjAxNS0xMC0wMS1wcmV2aWV3",
      "RequestMethod": "GET",
      "RequestBody": "",
      "RequestHeaders": {
        "x-ms-client-request-id": [
          "c40a1fcf-d186-4f00-8a9b-82dee56de2c0"
        ],
        "accept-language": [
          "en-US"
        ],
        "User-Agent": [
          "Microsoft.Azure.Management.DataLake.Store.DataLakeStoreAccountManagementClient/0.12.0.0"
        ]
      },
      "ResponseBody": "{\r\n  \"properties\": {\r\n    \"provisioningState\": \"Succeeded\",\r\n    \"state\": \"Active\",\r\n    \"endpoint\": \"onesdk4313.azuredatalakestore.net\",\r\n    \"accountId\": \"21ea152b-5d2c-4ede-a7d4-7c56c3b3c374\",\r\n    \"creationTime\": \"2016-05-25T23:10:24.7752197Z\",\r\n    \"lastModifiedTime\": \"2016-05-25T23:10:24.7752197Z\"\r\n  },\r\n  \"location\": \"East US 2\",\r\n  \"tags\": {},\r\n  \"id\": \"/subscriptions/53d9063d-87ae-4ea8-be90-3686c3b8669f/resourceGroups/onesdk4349/providers/Microsoft.DataLakeStore/accounts/onesdk4313\",\r\n  \"name\": \"onesdk4313\",\r\n  \"type\": \"Microsoft.DataLakeStore/accounts\"\r\n}",
      "ResponseHeaders": {
        "Content-Length": [
          "493"
        ],
        "Content-Type": [
          "application/json"
        ],
        "Expires": [
          "-1"
        ],
        "Pragma": [
          "no-cache"
        ],
        "x-ms-request-id": [
          "5b5ad283-2418-4a13-8515-0bb099e56e61"
        ],
        "x-ms-ratelimit-remaining-subscription-reads": [
          "14995"
        ],
        "x-ms-correlation-request-id": [
          "9f58d92d-0941-47ac-82be-9926648e0e1b"
        ],
        "x-ms-routing-request-id": [
          "WESTUS:20160525T231054Z:9f58d92d-0941-47ac-82be-9926648e0e1b"
        ],
        "Strict-Transport-Security": [
          "max-age=31536000; includeSubDomains"
        ],
        "Connection": [
          "close"
        ],
        "Cache-Control": [
          "no-cache"
        ],
        "Date": [
          "Wed, 25 May 2016 23:10:53 GMT"
        ],
        "Server": [
          "Microsoft-IIS/8.5"
        ],
        "X-AspNet-Version": [
          "4.0.30319"
        ],
        "X-Powered-By": [
          "ASP.NET"
        ]
      },
      "StatusCode": 200
    },
    {
      "RequestUri": "/subscriptions/53d9063d-87ae-4ea8-be90-3686c3b8669f/resourceGroups/onesdk4349/providers/Microsoft.DataLakeStore/accounts/onesdk4313?api-version=2015-10-01-preview",
      "EncodedRequestUri": "L3N1YnNjcmlwdGlvbnMvNTNkOTA2M2QtODdhZS00ZWE4LWJlOTAtMzY4NmMzYjg2NjlmL3Jlc291cmNlR3JvdXBzL29uZXNkazQzNDkvcHJvdmlkZXJzL01pY3Jvc29mdC5EYXRhTGFrZVN0b3JlL2FjY291bnRzL29uZXNkazQzMTM/YXBpLXZlcnNpb249MjAxNS0xMC0wMS1wcmV2aWV3",
      "RequestMethod": "GET",
      "RequestBody": "",
      "RequestHeaders": {
        "x-ms-client-request-id": [
          "1b0c1986-3dcb-4bca-8edd-32166052252e"
        ],
        "accept-language": [
          "en-US"
        ],
        "User-Agent": [
          "Microsoft.Azure.Management.DataLake.Store.DataLakeStoreAccountManagementClient/0.12.0.0"
        ]
      },
      "ResponseBody": "{\r\n  \"properties\": {\r\n    \"provisioningState\": \"Succeeded\",\r\n    \"state\": \"Active\",\r\n    \"endpoint\": \"onesdk4313.azuredatalakestore.net\",\r\n    \"accountId\": \"21ea152b-5d2c-4ede-a7d4-7c56c3b3c374\",\r\n    \"creationTime\": \"2016-05-25T23:10:24.7752197Z\",\r\n    \"lastModifiedTime\": \"2016-05-25T23:10:24.7752197Z\"\r\n  },\r\n  \"location\": \"East US 2\",\r\n  \"tags\": {},\r\n  \"id\": \"/subscriptions/53d9063d-87ae-4ea8-be90-3686c3b8669f/resourceGroups/onesdk4349/providers/Microsoft.DataLakeStore/accounts/onesdk4313\",\r\n  \"name\": \"onesdk4313\",\r\n  \"type\": \"Microsoft.DataLakeStore/accounts\"\r\n}",
      "ResponseHeaders": {
        "Content-Length": [
          "493"
        ],
        "Content-Type": [
          "application/json"
        ],
        "Expires": [
          "-1"
        ],
        "Pragma": [
          "no-cache"
        ],
        "x-ms-request-id": [
          "eaf89f0f-7d9a-45f1-9d2b-52eb4cd1c139"
        ],
        "x-ms-ratelimit-remaining-subscription-reads": [
          "14994"
        ],
        "x-ms-correlation-request-id": [
          "85debe99-153b-4d28-9543-84f0919e78f3"
        ],
        "x-ms-routing-request-id": [
          "WESTUS:20160525T231106Z:85debe99-153b-4d28-9543-84f0919e78f3"
        ],
        "Strict-Transport-Security": [
          "max-age=31536000; includeSubDomains"
        ],
        "Connection": [
          "close"
        ],
        "Cache-Control": [
          "no-cache"
        ],
        "Date": [
          "Wed, 25 May 2016 23:11:06 GMT"
        ],
        "Server": [
          "Microsoft-IIS/8.5"
        ],
        "X-AspNet-Version": [
          "4.0.30319"
        ],
        "X-Powered-By": [
          "ASP.NET"
        ]
      },
      "StatusCode": 200
    },
    {
      "RequestUri": "/subscriptions/53d9063d-87ae-4ea8-be90-3686c3b8669f/resourceGroups/onesdk4349/providers/Microsoft.DataLakeStore/accounts/onesdk4313?api-version=2015-10-01-preview",
      "EncodedRequestUri": "L3N1YnNjcmlwdGlvbnMvNTNkOTA2M2QtODdhZS00ZWE4LWJlOTAtMzY4NmMzYjg2NjlmL3Jlc291cmNlR3JvdXBzL29uZXNkazQzNDkvcHJvdmlkZXJzL01pY3Jvc29mdC5EYXRhTGFrZVN0b3JlL2FjY291bnRzL29uZXNkazQzMTM/YXBpLXZlcnNpb249MjAxNS0xMC0wMS1wcmV2aWV3",
      "RequestMethod": "GET",
      "RequestBody": "",
      "RequestHeaders": {
        "x-ms-client-request-id": [
          "728cf587-02ea-4ed1-a1aa-e679e1fe9dd6"
        ],
        "accept-language": [
          "en-US"
        ],
        "User-Agent": [
          "Microsoft.Azure.Management.DataLake.Store.DataLakeStoreAccountManagementClient/0.12.0.0"
        ]
      },
      "ResponseBody": "{\r\n  \"error\": {\r\n    \"code\": \"ResourceNotFound\",\r\n    \"message\": \"The Resource 'Microsoft.DataLakeStore/accounts/onesdk4313' under resource group 'onesdk4349' was not found.\"\r\n  }\r\n}",
      "ResponseHeaders": {
        "Content-Length": [
          "157"
        ],
        "Content-Type": [
          "application/json; charset=utf-8"
        ],
        "Expires": [
          "-1"
        ],
        "Pragma": [
          "no-cache"
        ],
        "x-ms-failure-cause": [
          "gateway"
        ],
        "x-ms-request-id": [
          "5b37ae6d-0921-45c5-821f-6ea893d29c72"
        ],
        "x-ms-correlation-request-id": [
          "5b37ae6d-0921-45c5-821f-6ea893d29c72"
        ],
        "x-ms-routing-request-id": [
          "WESTUS:20160525T231109Z:5b37ae6d-0921-45c5-821f-6ea893d29c72"
        ],
        "Strict-Transport-Security": [
          "max-age=31536000; includeSubDomains"
        ],
        "Cache-Control": [
          "no-cache"
        ],
        "Date": [
          "Wed, 25 May 2016 23:11:09 GMT"
        ]
      },
      "StatusCode": 404
    },
    {
      "RequestUri": "/subscriptions/53d9063d-87ae-4ea8-be90-3686c3b8669f/resourceGroups/onesdk4349/providers/Microsoft.DataLakeStore/accounts/onesdk4313?api-version=2015-10-01-preview",
      "EncodedRequestUri": "L3N1YnNjcmlwdGlvbnMvNTNkOTA2M2QtODdhZS00ZWE4LWJlOTAtMzY4NmMzYjg2NjlmL3Jlc291cmNlR3JvdXBzL29uZXNkazQzNDkvcHJvdmlkZXJzL01pY3Jvc29mdC5EYXRhTGFrZVN0b3JlL2FjY291bnRzL29uZXNkazQzMTM/YXBpLXZlcnNpb249MjAxNS0xMC0wMS1wcmV2aWV3",
      "RequestMethod": "GET",
      "RequestBody": "",
      "RequestHeaders": {
        "x-ms-client-request-id": [
          "64a87a6c-4aaa-4618-a639-9c294c9bca2b"
        ],
        "accept-language": [
          "en-US"
        ],
        "User-Agent": [
          "Microsoft.Azure.Management.DataLake.Store.DataLakeStoreAccountManagementClient/0.12.0.0"
        ]
      },
      "ResponseBody": "{\r\n  \"error\": {\r\n    \"code\": \"ResourceNotFound\",\r\n    \"message\": \"The Resource 'Microsoft.DataLakeStore/accounts/onesdk4313' under resource group 'onesdk4349' was not found.\"\r\n  }\r\n}",
      "ResponseHeaders": {
        "Content-Length": [
          "157"
        ],
        "Content-Type": [
          "application/json; charset=utf-8"
        ],
        "Expires": [
          "-1"
        ],
        "Pragma": [
          "no-cache"
        ],
        "x-ms-failure-cause": [
          "gateway"
        ],
        "x-ms-request-id": [
          "b2e7cfa8-74d1-40ae-b4f3-ffd95f3f0512"
        ],
        "x-ms-correlation-request-id": [
          "b2e7cfa8-74d1-40ae-b4f3-ffd95f3f0512"
        ],
        "x-ms-routing-request-id": [
          "WESTUS:20160525T231109Z:b2e7cfa8-74d1-40ae-b4f3-ffd95f3f0512"
        ],
        "Strict-Transport-Security": [
          "max-age=31536000; includeSubDomains"
        ],
        "Cache-Control": [
          "no-cache"
        ],
        "Date": [
          "Wed, 25 May 2016 23:11:09 GMT"
        ]
      },
      "StatusCode": 404
    },
    {
      "RequestUri": "/subscriptions/53d9063d-87ae-4ea8-be90-3686c3b8669f/resourceGroups/onesdk4349/providers/Microsoft.DataLakeStore/accounts/onesdk4313?api-version=2015-10-01-preview",
      "EncodedRequestUri": "L3N1YnNjcmlwdGlvbnMvNTNkOTA2M2QtODdhZS00ZWE4LWJlOTAtMzY4NmMzYjg2NjlmL3Jlc291cmNlR3JvdXBzL29uZXNkazQzNDkvcHJvdmlkZXJzL01pY3Jvc29mdC5EYXRhTGFrZVN0b3JlL2FjY291bnRzL29uZXNkazQzMTM/YXBpLXZlcnNpb249MjAxNS0xMC0wMS1wcmV2aWV3",
      "RequestMethod": "PUT",
      "RequestBody": "{\r\n  \"location\": \"East US 2\",\r\n  \"name\": \"onesdk4313\",\r\n  \"tags\": {},\r\n  \"properties\": {}\r\n}",
      "RequestHeaders": {
        "Content-Type": [
          "application/json; charset=utf-8"
        ],
        "Content-Length": [
          "92"
        ],
        "x-ms-client-request-id": [
          "c6c07b6d-96e7-45b6-aad7-304389994836"
        ],
        "accept-language": [
          "en-US"
        ],
        "User-Agent": [
          "Microsoft.Azure.Management.DataLake.Store.DataLakeStoreAccountManagementClient/0.12.0.0"
        ]
      },
      "ResponseBody": "{\r\n  \"properties\": {\r\n    \"provisioningState\": \"Creating\",\r\n    \"state\": null,\r\n    \"endpoint\": null,\r\n    \"accountId\": \"21ea152b-5d2c-4ede-a7d4-7c56c3b3c374\",\r\n    \"creationTime\": null,\r\n    \"lastModifiedTime\": null\r\n  },\r\n  \"location\": \"East US 2\",\r\n  \"tags\": {},\r\n  \"id\": \"/subscriptions/53d9063d-87ae-4ea8-be90-3686c3b8669f/resourceGroups/onesdk4349/providers/Microsoft.DataLakeStore/accounts/onesdk4313\",\r\n  \"name\": \"onesdk4313\",\r\n  \"type\": \"Microsoft.DataLakeStore/accounts\"\r\n}",
      "ResponseHeaders": {
        "Content-Length": [
          "405"
        ],
        "Content-Type": [
          "application/json"
        ],
        "Expires": [
          "-1"
        ],
        "Pragma": [
          "no-cache"
        ],
        "Retry-After": [
          "10"
        ],
        "Azure-AsyncOperation": [
          "https://management.azure.com/subscriptions/53d9063d-87ae-4ea8-be90-3686c3b8669f/providers/Microsoft.DataLakeStore/locations/EastUS2/operationResults/21ea152b-5d2c-4ede-a7d4-7c56c3b3c3740?api-version=2015-10-01-preview&expanded=true"
        ],
        "x-ms-request-id": [
          "0e2358da-7d13-4031-b20d-cc960114d55c"
        ],
        "x-ms-ratelimit-remaining-subscription-writes": [
          "1193"
        ],
        "x-ms-correlation-request-id": [
          "7e182c23-f00e-4387-906d-41de5e15ec0c"
        ],
        "x-ms-routing-request-id": [
          "WESTUS:20160525T231022Z:7e182c23-f00e-4387-906d-41de5e15ec0c"
        ],
        "Strict-Transport-Security": [
          "max-age=31536000; includeSubDomains"
        ],
        "Connection": [
          "close"
        ],
        "Cache-Control": [
          "no-cache"
        ],
        "Date": [
          "Wed, 25 May 2016 23:10:22 GMT"
        ],
        "Location": [
          "https://management.azure.com/subscriptions/53d9063d-87ae-4ea8-be90-3686c3b8669f/resourcegroups/onesdk4349/providers/Microsoft.DataLakeStore/accounts/onesdk4313/operationresults/0?api-version=2015-10-01-preview"
        ],
        "Server": [
          "Microsoft-IIS/8.5"
        ],
        "X-AspNet-Version": [
          "4.0.30319"
        ],
        "X-Powered-By": [
          "ASP.NET"
        ]
      },
      "StatusCode": 201
    },
    {
      "RequestUri": "/subscriptions/53d9063d-87ae-4ea8-be90-3686c3b8669f/providers/Microsoft.DataLakeStore/locations/EastUS2/operationResults/21ea152b-5d2c-4ede-a7d4-7c56c3b3c3740?api-version=2015-10-01-preview&expanded=true",
      "EncodedRequestUri": "L3N1YnNjcmlwdGlvbnMvNTNkOTA2M2QtODdhZS00ZWE4LWJlOTAtMzY4NmMzYjg2NjlmL3Byb3ZpZGVycy9NaWNyb3NvZnQuRGF0YUxha2VTdG9yZS9sb2NhdGlvbnMvRWFzdFVTMi9vcGVyYXRpb25SZXN1bHRzLzIxZWExNTJiLTVkMmMtNGVkZS1hN2Q0LTdjNTZjM2IzYzM3NDA/YXBpLXZlcnNpb249MjAxNS0xMC0wMS1wcmV2aWV3JmV4cGFuZGVkPXRydWU=",
      "RequestMethod": "GET",
      "RequestBody": "",
      "RequestHeaders": {
        "User-Agent": [
          "Microsoft.Azure.Management.DataLake.Store.DataLakeStoreAccountManagementClient/0.12.0.0"
        ]
      },
      "ResponseBody": "{\r\n  \"status\": \"Succeeded\"\r\n}",
      "ResponseHeaders": {
        "Content-Length": [
          "22"
        ],
        "Content-Type": [
          "application/json"
        ],
        "Expires": [
          "-1"
        ],
        "Pragma": [
          "no-cache"
        ],
        "x-ms-request-id": [
          "687a28cf-ce23-4c78-a71e-1c1a9c7a205a"
        ],
        "x-ms-ratelimit-remaining-subscription-reads": [
          "14992"
        ],
        "x-ms-correlation-request-id": [
          "9ab64958-ab51-4a77-a3e3-87ce55073b42"
        ],
        "x-ms-routing-request-id": [
          "WESTUS:20160525T231053Z:9ab64958-ab51-4a77-a3e3-87ce55073b42"
        ],
        "Strict-Transport-Security": [
          "max-age=31536000; includeSubDomains"
        ],
        "Connection": [
          "close"
        ],
        "Cache-Control": [
          "no-cache"
        ],
        "Date": [
          "Wed, 25 May 2016 23:10:52 GMT"
        ],
        "Server": [
          "Microsoft-IIS/8.5"
        ],
        "X-AspNet-Version": [
          "4.0.30319"
        ],
        "X-Powered-By": [
          "ASP.NET"
        ]
      },
      "StatusCode": 200
    },
    {
      "RequestUri": "/webhdfs/v1/adlspstestfolder?op=GETFILESTATUS&api-version=2015-10-01-preview",
      "EncodedRequestUri": "L3dlYmhkZnMvdjEvYWRsc3BzdGVzdGZvbGRlcj9vcD1HRVRGSUxFU1RBVFVTJmFwaS12ZXJzaW9uPTIwMTUtMTAtMDEtcHJldmlldw==",
      "RequestMethod": "GET",
      "RequestBody": "",
      "RequestHeaders": {
        "x-ms-client-request-id": [
          "71ddb727-3b81-456d-9172-5687303b0d76"
        ],
        "accept-language": [
          "en-US"
        ],
        "User-Agent": [
          "Microsoft.Azure.Management.DataLake.Store.DataLakeStoreFileSystemManagementClient/0.12.0.0"
        ]
      },
      "ResponseBody": "{\r\n  \"RemoteException\": {\r\n    \"exception\": \"FileNotFoundException\",\r\n    \"message\": \"File/Folder does not exist: //adlspstestfolder [a8074f1f-05df-42ab-a73f-4dfa970cf652][2016-05-25T16:10:56.3013529-07:00]\",\r\n    \"javaClassName\": \"java.io.FileNotFoundException\"\r\n  }\r\n}",
      "ResponseHeaders": {
        "Content-Length": [
          "238"
        ],
        "Content-Type": [
          "application/json; charset=utf-8"
        ],
        "Expires": [
          "-1"
        ],
        "Pragma": [
          "no-cache"
        ],
        "x-ms-request-id": [
          "a8074f1f-05df-42ab-a73f-4dfa970cf652"
        ],
        "Server-Perf": [
          "[a8074f1f-05df-42ab-a73f-4dfa970cf652][ AuthTime::1550.39157545018::PostAuthTime::605.187332210208 ][GetFileStatus :: 00:00:000 ms]%0a[HdfsGetFileStatusV2 :: 00:00:107 ms]%0a[GetFileStatus :: 00:00:111 ms]%0a[GETFILESTATUS :: 00:00:111 ms]%0a"
        ],
        "Status": [
          "0x8309000A"
        ],
        "X-Content-Type-Options": [
          "nosniff"
        ],
        "Strict-Transport-Security": [
          "max-age=15724800; includeSubDomains"
        ],
        "Cache-Control": [
          "no-cache"
        ],
        "Date": [
          "Wed, 25 May 2016 23:10:55 GMT"
        ],
        "Set-Cookie": [
          "UserPrincipalSession=d983caec-cf8c-404b-a709-0a0898f7934e; path=/; secure; HttpOnly"
        ]
      },
      "StatusCode": 404
    },
    {
      "RequestUri": "/webhdfs/v1/adlspstestfolder?op=GETFILESTATUS&api-version=2015-10-01-preview",
      "EncodedRequestUri": "L3dlYmhkZnMvdjEvYWRsc3BzdGVzdGZvbGRlcj9vcD1HRVRGSUxFU1RBVFVTJmFwaS12ZXJzaW9uPTIwMTUtMTAtMDEtcHJldmlldw==",
      "RequestMethod": "GET",
      "RequestBody": "",
      "RequestHeaders": {
        "x-ms-client-request-id": [
          "55b0b0f2-772f-4380-8377-2b8f5a39da51"
        ],
        "accept-language": [
          "en-US"
        ],
        "User-Agent": [
          "Microsoft.Azure.Management.DataLake.Store.DataLakeStoreFileSystemManagementClient/0.12.0.0"
        ]
      },
      "ResponseBody": "{\r\n  \"FileStatus\": {\r\n    \"length\": 0,\r\n    \"pathSuffix\": \"\",\r\n    \"type\": \"DIRECTORY\",\r\n    \"blockSize\": 0,\r\n    \"accessTime\": 1464217856475,\r\n    \"modificationTime\": 1464217856475,\r\n    \"replication\": 0,\r\n    \"permission\": \"770\",\r\n    \"owner\": \"2e6c02d2-a364-4530-9137-d17403996cbf\",\r\n    \"group\": \"2e6c02d2-a364-4530-9137-d17403996cbf\"\r\n  }\r\n}",
      "ResponseHeaders": {
        "Content-Length": [
          "265"
        ],
        "Content-Type": [
          "application/json; charset=utf-8"
        ],
        "Expires": [
          "-1"
        ],
        "Pragma": [
          "no-cache"
        ],
        "x-ms-request-id": [
          "80ab96b0-0b1e-4c43-95a3-3c6219a83193"
        ],
        "Server-Perf": [
          "[80ab96b0-0b1e-4c43-95a3-3c6219a83193][ AuthTime::662.926052951112::PostAuthTime::174.926939133551 ][GetFileStatus :: 00:00:000 ms]%0a[HdfsGetFileStatusV2 :: 00:00:013 ms]%0a[GetFileStatus :: 00:00:016 ms]%0a[GETFILESTATUS :: 00:00:016 ms]%0a"
        ],
        "Status": [
          "0x0"
        ],
        "X-Content-Type-Options": [
          "nosniff"
        ],
        "Strict-Transport-Security": [
          "max-age=15724800; includeSubDomains"
        ],
        "Cache-Control": [
          "no-cache"
        ],
        "Date": [
          "Wed, 25 May 2016 23:10:55 GMT"
        ]
      },
      "StatusCode": 200
    },
    {
      "RequestUri": "/webhdfs/v1/adlspstestfolder?op=GETFILESTATUS&api-version=2015-10-01-preview",
      "EncodedRequestUri": "L3dlYmhkZnMvdjEvYWRsc3BzdGVzdGZvbGRlcj9vcD1HRVRGSUxFU1RBVFVTJmFwaS12ZXJzaW9uPTIwMTUtMTAtMDEtcHJldmlldw==",
      "RequestMethod": "GET",
      "RequestBody": "",
      "RequestHeaders": {
        "x-ms-client-request-id": [
          "8973c820-d301-4101-a2b3-58dfd3d8a9ac"
        ],
        "accept-language": [
          "en-US"
        ],
        "User-Agent": [
          "Microsoft.Azure.Management.DataLake.Store.DataLakeStoreFileSystemManagementClient/0.12.0.0"
        ]
      },
      "ResponseBody": "{\r\n  \"RemoteException\": {\r\n    \"exception\": \"FileNotFoundException\",\r\n    \"message\": \"File/Folder does not exist: //adlspstestfolder [0849ebaa-481a-43f2-b556-b6db2b24bda5][2016-05-25T16:11:05.0984054-07:00]\",\r\n    \"javaClassName\": \"java.io.FileNotFoundException\"\r\n  }\r\n}",
      "ResponseHeaders": {
        "Content-Length": [
          "238"
        ],
        "Content-Type": [
          "application/json; charset=utf-8"
        ],
        "Expires": [
          "-1"
        ],
        "Pragma": [
          "no-cache"
        ],
        "x-ms-request-id": [
          "0849ebaa-481a-43f2-b556-b6db2b24bda5"
        ],
        "Server-Perf": [
          "[0849ebaa-481a-43f2-b556-b6db2b24bda5][ AuthTime::656.938333763166::PostAuthTime::175.354633361262 ][GetFileStatus :: 00:00:000 ms]%0a[HdfsGetFileStatusV2 :: 00:00:009 ms]%0a[GetFileStatus :: 00:00:009 ms]%0a[GETFILESTATUS :: 00:00:009 ms]%0a"
        ],
        "Status": [
          "0x8309000A"
        ],
        "X-Content-Type-Options": [
          "nosniff"
        ],
        "Strict-Transport-Security": [
          "max-age=15724800; includeSubDomains"
        ],
        "Cache-Control": [
          "no-cache"
        ],
        "Date": [
          "Wed, 25 May 2016 23:11:04 GMT"
        ]
      },
      "StatusCode": 404
    },
    {
      "RequestUri": "/webhdfs/v1/adlspstestfolder?op=MKDIRS&api-version=2015-10-01-preview",
      "EncodedRequestUri": "L3dlYmhkZnMvdjEvYWRsc3BzdGVzdGZvbGRlcj9vcD1NS0RJUlMmYXBpLXZlcnNpb249MjAxNS0xMC0wMS1wcmV2aWV3",
      "RequestMethod": "PUT",
      "RequestBody": "",
      "RequestHeaders": {
        "x-ms-client-request-id": [
          "1afe699b-6a26-4429-8a5b-641589a7d76b"
        ],
        "accept-language": [
          "en-US"
        ],
        "User-Agent": [
          "Microsoft.Azure.Management.DataLake.Store.DataLakeStoreFileSystemManagementClient/0.12.0.0"
        ]
      },
      "ResponseBody": "{\r\n  \"boolean\": true\r\n}",
      "ResponseHeaders": {
        "Content-Length": [
          "16"
        ],
        "Content-Type": [
          "application/json; charset=utf-8"
        ],
        "Expires": [
          "-1"
        ],
        "Pragma": [
          "no-cache"
        ],
        "x-ms-request-id": [
          "31be0bfe-ed53-487b-8650-6406afa72d9a"
        ],
        "Server-Perf": [
          "[31be0bfe-ed53-487b-8650-6406afa72d9a][ AuthTime::1544.83155048995::PostAuthTime::571.399488221087 ][HdfsMkdirsV2 :: 00:00:034 ms]%0a[MKDIRS :: 00:00:037 ms]%0a"
        ],
        "Status": [
          "0x0"
        ],
        "X-Content-Type-Options": [
          "nosniff"
        ],
        "Strict-Transport-Security": [
          "max-age=15724800; includeSubDomains"
        ],
        "Cache-Control": [
          "no-cache"
        ],
        "Date": [
          "Wed, 25 May 2016 23:10:55 GMT"
        ],
        "Set-Cookie": [
          "UserPrincipalSession=d983caec-cf8c-404b-a709-0a0898f7934e; path=/; secure; HttpOnly"
        ]
      },
      "StatusCode": 200
    },
    {
      "RequestUri": "/webhdfs/v1/adlspstestfolder%2Femptyfile.txt?op=GETFILESTATUS&api-version=2015-10-01-preview",
      "EncodedRequestUri": "L3dlYmhkZnMvdjEvYWRsc3BzdGVzdGZvbGRlciUyRmVtcHR5ZmlsZS50eHQ/b3A9R0VURklMRVNUQVRVUyZhcGktdmVyc2lvbj0yMDE1LTEwLTAxLXByZXZpZXc=",
      "RequestMethod": "GET",
      "RequestBody": "",
      "RequestHeaders": {
        "x-ms-client-request-id": [
          "5c0c8b99-6fe4-47b2-96b7-28b7cea94d74"
        ],
        "accept-language": [
          "en-US"
        ],
        "User-Agent": [
          "Microsoft.Azure.Management.DataLake.Store.DataLakeStoreFileSystemManagementClient/0.12.0.0"
        ]
      },
      "ResponseBody": "{\r\n  \"RemoteException\": {\r\n    \"exception\": \"FileNotFoundException\",\r\n    \"message\": \"File/Folder does not exist: //adlspstestfolder/emptyfile.txt [a6277e72-5eae-483e-9b5b-77aba8ec7fc4][2016-05-25T16:10:56.7544854-07:00]\",\r\n    \"javaClassName\": \"java.io.FileNotFoundException\"\r\n  }\r\n}",
      "ResponseHeaders": {
        "Content-Length": [
          "252"
        ],
        "Content-Type": [
          "application/json; charset=utf-8"
        ],
        "Expires": [
          "-1"
        ],
        "Pragma": [
          "no-cache"
        ],
        "x-ms-request-id": [
          "a6277e72-5eae-483e-9b5b-77aba8ec7fc4"
        ],
        "Server-Perf": [
          "[a6277e72-5eae-483e-9b5b-77aba8ec7fc4][ AuthTime::662.498358723401::PostAuthTime::174.071550678131 ][GetFileStatus :: 00:00:000 ms]%0a[HdfsGetFileStatusV2 :: 00:00:008 ms]%0a[GetFileStatus :: 00:00:009 ms]%0a[GETFILESTATUS :: 00:00:009 ms]%0a"
        ],
        "Status": [
          "0x8309000A"
        ],
        "X-Content-Type-Options": [
          "nosniff"
        ],
        "Strict-Transport-Security": [
          "max-age=15724800; includeSubDomains"
        ],
        "Cache-Control": [
          "no-cache"
        ],
        "Date": [
          "Wed, 25 May 2016 23:10:55 GMT"
        ]
      },
      "StatusCode": 404
    },
    {
      "RequestUri": "/webhdfs/v1/adlspstestfolder%2Femptyfile.txt?op=GETFILESTATUS&api-version=2015-10-01-preview",
      "EncodedRequestUri": "L3dlYmhkZnMvdjEvYWRsc3BzdGVzdGZvbGRlciUyRmVtcHR5ZmlsZS50eHQ/b3A9R0VURklMRVNUQVRVUyZhcGktdmVyc2lvbj0yMDE1LTEwLTAxLXByZXZpZXc=",
      "RequestMethod": "GET",
      "RequestBody": "",
      "RequestHeaders": {
        "x-ms-client-request-id": [
          "5994727d-fe6d-48df-8a48-b240dd2a06e4"
        ],
        "accept-language": [
          "en-US"
        ],
        "User-Agent": [
          "Microsoft.Azure.Management.DataLake.Store.DataLakeStoreFileSystemManagementClient/0.12.0.0"
        ]
      },
      "ResponseBody": "{\r\n  \"FileStatus\": {\r\n    \"length\": 0,\r\n    \"pathSuffix\": \"\",\r\n    \"type\": \"FILE\",\r\n    \"blockSize\": 268435456,\r\n    \"accessTime\": 1464217856927,\r\n    \"modificationTime\": 1464217856927,\r\n    \"replication\": 1,\r\n    \"permission\": \"770\",\r\n    \"owner\": \"2e6c02d2-a364-4530-9137-d17403996cbf\",\r\n    \"group\": \"2e6c02d2-a364-4530-9137-d17403996cbf\"\r\n  }\r\n}",
      "ResponseHeaders": {
        "Content-Length": [
          "268"
        ],
        "Content-Type": [
          "application/json; charset=utf-8"
        ],
        "Expires": [
          "-1"
        ],
        "Pragma": [
          "no-cache"
        ],
        "x-ms-request-id": [
          "2da1da74-d262-44a1-80ed-5fee4d526594"
        ],
        "Server-Perf": [
          "[2da1da74-d262-44a1-80ed-5fee4d526594][ AuthTime::697.996979623364::PostAuthTime::187.330071737153 ][GetFileStatus :: 00:00:000 ms]%0a[HdfsGetFileStatusV2 :: 00:00:181 ms]%0a[GetFileStatus :: 00:00:181 ms]%0a[GETFILESTATUS :: 00:00:181 ms]%0a"
        ],
        "Status": [
          "0x0"
        ],
        "X-Content-Type-Options": [
          "nosniff"
        ],
        "Strict-Transport-Security": [
          "max-age=15724800; includeSubDomains"
        ],
        "Cache-Control": [
          "no-cache"
        ],
        "Date": [
          "Wed, 25 May 2016 23:10:56 GMT"
        ]
      },
      "StatusCode": 200
    },
    {
      "RequestUri": "/webhdfs/v1/adlspstestfolder%2Femptyfile.txt?op=GETFILESTATUS&api-version=2015-10-01-preview",
      "EncodedRequestUri": "L3dlYmhkZnMvdjEvYWRsc3BzdGVzdGZvbGRlciUyRmVtcHR5ZmlsZS50eHQ/b3A9R0VURklMRVNUQVRVUyZhcGktdmVyc2lvbj0yMDE1LTEwLTAxLXByZXZpZXc=",
      "RequestMethod": "GET",
      "RequestBody": "",
      "RequestHeaders": {
        "x-ms-client-request-id": [
          "4faf8caf-db9f-4058-b50e-0c3102981e4a"
        ],
        "accept-language": [
          "en-US"
        ],
        "User-Agent": [
          "Microsoft.Azure.Management.DataLake.Store.DataLakeStoreFileSystemManagementClient/0.12.0.0"
        ]
      },
      "ResponseBody": "{\r\n  \"FileStatus\": {\r\n    \"length\": 36,\r\n    \"pathSuffix\": \"\",\r\n    \"type\": \"FILE\",\r\n    \"blockSize\": 268435456,\r\n    \"accessTime\": 1464217856927,\r\n    \"modificationTime\": 1464217859973,\r\n    \"replication\": 1,\r\n    \"permission\": \"770\",\r\n    \"owner\": \"2e6c02d2-a364-4530-9137-d17403996cbf\",\r\n    \"group\": \"2e6c02d2-a364-4530-9137-d17403996cbf\"\r\n  }\r\n}",
      "ResponseHeaders": {
        "Content-Length": [
          "269"
        ],
        "Content-Type": [
          "application/json; charset=utf-8"
        ],
        "Expires": [
          "-1"
        ],
        "Pragma": [
          "no-cache"
        ],
        "x-ms-request-id": [
          "743253f8-c17d-4fe1-8a2e-eb7263125b6b"
        ],
        "Server-Perf": [
          "[743253f8-c17d-4fe1-8a2e-eb7263125b6b][ AuthTime::653.516779941483::PostAuthTime::165.517666123923 ][GetFileStatus :: 00:00:000 ms]%0a[HdfsGetFileStatusV2 :: 00:00:365 ms]%0a[GetFileStatus :: 00:00:366 ms]%0a[GETFILESTATUS :: 00:00:366 ms]%0a"
        ],
        "Status": [
          "0x0"
        ],
        "X-Content-Type-Options": [
          "nosniff"
        ],
        "Strict-Transport-Security": [
          "max-age=15724800; includeSubDomains"
        ],
        "Cache-Control": [
          "no-cache"
        ],
        "Date": [
          "Wed, 25 May 2016 23:11:00 GMT"
        ]
      },
      "StatusCode": 200
    },
    {
      "RequestUri": "/webhdfs/v1/adlspstestfolder%2Femptyfile.txt?overwrite=false&op=CREATE&write=true&api-version=2015-10-01-preview",
      "EncodedRequestUri": "L3dlYmhkZnMvdjEvYWRsc3BzdGVzdGZvbGRlciUyRmVtcHR5ZmlsZS50eHQ/b3ZlcndyaXRlPWZhbHNlJm9wPUNSRUFURSZ3cml0ZT10cnVlJmFwaS12ZXJzaW9uPTIwMTUtMTAtMDEtcHJldmlldw==",
      "RequestMethod": "PUT",
      "RequestBody": "",
      "RequestHeaders": {
        "Content-Type": [
          "application/octet-stream"
        ],
        "Content-Length": [
          "0"
        ],
        "x-ms-client-request-id": [
          "5b8ea1e3-5e55-47f4-b41e-9793fb4a36cb"
        ],
        "Transfer-Encoding": [
          "chunked"
        ],
        "accept-language": [
          "en-US"
        ],
        "User-Agent": [
          "Microsoft.Azure.Management.DataLake.Store.DataLakeStoreFileSystemManagementClient/0.12.0.0"
        ]
      },
      "ResponseBody": "",
      "ResponseHeaders": {
        "Content-Length": [
          "0"
        ],
        "Expires": [
          "-1"
        ],
        "Pragma": [
          "no-cache"
        ],
        "x-ms-request-id": [
          "559a833a-bdc7-4314-bcd2-6aa16a6ceaba"
        ],
        "ContentLength": [
          "0"
        ],
        "Server-Perf": [
          "[559a833a-bdc7-4314-bcd2-6aa16a6ceaba][ AuthTime::1570.49320415257::PostAuthTime::614.168910992127 ][FsOpenStream :: 00:00:175 ms]%0a[Open :: 00:00:177 ms]%0a[Write :: 00:00:078 ms]%0a[CREATE :: 00:00:258 ms]%0a"
        ],
        "Status": [
          "0x0"
        ],
        "X-Content-Type-Options": [
          "nosniff"
        ],
        "Strict-Transport-Security": [
          "max-age=15724800; includeSubDomains"
        ],
        "Cache-Control": [
          "no-cache"
        ],
        "Date": [
          "Wed, 25 May 2016 23:10:56 GMT"
        ],
        "Location": [
          "https://onesdk4313.azuredatalakestore.net/webhdfs/v1/adlspstestfolder/emptyfile.txt?overwrite=false&op=CREATE&write=true&api-version=2015-10-01-preview"
        ],
        "Set-Cookie": [
          "UserPrincipalSession=d983caec-cf8c-404b-a709-0a0898f7934e; path=/; secure; HttpOnly"
        ]
      },
      "StatusCode": 201
    },
    {
      "RequestUri": "/webhdfs/v1/adlspstestfolder%2Fcontentfile.txt?op=GETFILESTATUS&api-version=2015-10-01-preview",
      "EncodedRequestUri": "L3dlYmhkZnMvdjEvYWRsc3BzdGVzdGZvbGRlciUyRmNvbnRlbnRmaWxlLnR4dD9vcD1HRVRGSUxFU1RBVFVTJmFwaS12ZXJzaW9uPTIwMTUtMTAtMDEtcHJldmlldw==",
      "RequestMethod": "GET",
      "RequestBody": "",
      "RequestHeaders": {
        "x-ms-client-request-id": [
          "233c69da-4c57-4bcf-be19-6a170bc42d38"
        ],
        "accept-language": [
          "en-US"
        ],
        "User-Agent": [
          "Microsoft.Azure.Management.DataLake.Store.DataLakeStoreFileSystemManagementClient/0.12.0.0"
        ]
      },
      "ResponseBody": "{\r\n  \"RemoteException\": {\r\n    \"exception\": \"FileNotFoundException\",\r\n    \"message\": \"File/Folder does not exist: //adlspstestfolder/contentfile.txt [4e9d8556-a942-4e22-a5b9-59b80832284f][2016-05-25T16:10:57.7545063-07:00]\",\r\n    \"javaClassName\": \"java.io.FileNotFoundException\"\r\n  }\r\n}",
      "ResponseHeaders": {
        "Content-Length": [
          "254"
        ],
        "Content-Type": [
          "application/json; charset=utf-8"
        ],
        "Expires": [
          "-1"
        ],
        "Pragma": [
          "no-cache"
        ],
        "x-ms-request-id": [
          "4e9d8556-a942-4e22-a5b9-59b80832284f"
        ],
        "Server-Perf": [
          "[4e9d8556-a942-4e22-a5b9-59b80832284f][ AuthTime::646.245978070406::PostAuthTime::167.656137262475 ][GetFileStatus :: 00:00:000 ms]%0a[HdfsGetFileStatusV2 :: 00:00:240 ms]%0a[GetFileStatus :: 00:00:240 ms]%0a[GETFILESTATUS :: 00:00:240 ms]%0a"
        ],
        "Status": [
          "0x8309000A"
        ],
        "X-Content-Type-Options": [
          "nosniff"
        ],
        "Strict-Transport-Security": [
          "max-age=15724800; includeSubDomains"
        ],
        "Cache-Control": [
          "no-cache"
        ],
        "Date": [
          "Wed, 25 May 2016 23:10:56 GMT"
        ]
      },
      "StatusCode": 404
    },
    {
      "RequestUri": "/webhdfs/v1/adlspstestfolder%2Fcontentfile.txt?op=GETFILESTATUS&api-version=2015-10-01-preview",
      "EncodedRequestUri": "L3dlYmhkZnMvdjEvYWRsc3BzdGVzdGZvbGRlciUyRmNvbnRlbnRmaWxlLnR4dD9vcD1HRVRGSUxFU1RBVFVTJmFwaS12ZXJzaW9uPTIwMTUtMTAtMDEtcHJldmlldw==",
      "RequestMethod": "GET",
      "RequestBody": "",
      "RequestHeaders": {
        "x-ms-client-request-id": [
          "808d12e9-4754-4829-a5e9-048d3a87f889"
        ],
        "accept-language": [
          "en-US"
        ],
        "User-Agent": [
          "Microsoft.Azure.Management.DataLake.Store.DataLakeStoreFileSystemManagementClient/0.12.0.0"
        ]
      },
      "ResponseBody": "{\r\n  \"FileStatus\": {\r\n    \"length\": 36,\r\n    \"pathSuffix\": \"\",\r\n    \"type\": \"FILE\",\r\n    \"blockSize\": 268435456,\r\n    \"accessTime\": 1464217857930,\r\n    \"modificationTime\": 1464217858490,\r\n    \"replication\": 1,\r\n    \"permission\": \"770\",\r\n    \"owner\": \"2e6c02d2-a364-4530-9137-d17403996cbf\",\r\n    \"group\": \"2e6c02d2-a364-4530-9137-d17403996cbf\"\r\n  }\r\n}",
      "ResponseHeaders": {
        "Content-Length": [
          "269"
        ],
        "Content-Type": [
          "application/json; charset=utf-8"
        ],
        "Expires": [
          "-1"
        ],
        "Pragma": [
          "no-cache"
        ],
        "x-ms-request-id": [
          "5b7ad69d-0054-4388-9a89-1c2201d253d9"
        ],
        "Server-Perf": [
          "[5b7ad69d-0054-4388-9a89-1c2201d253d9][ AuthTime::603.048861071656::PostAuthTime::166.800748807054 ][GetFileStatus :: 00:00:000 ms]%0a[HdfsGetFileStatusV2 :: 00:00:024 ms]%0a[GetFileStatus :: 00:00:024 ms]%0a[GETFILESTATUS :: 00:00:024 ms]%0a"
        ],
        "Status": [
          "0x0"
        ],
        "X-Content-Type-Options": [
          "nosniff"
        ],
        "Strict-Transport-Security": [
          "max-age=15724800; includeSubDomains"
        ],
        "Cache-Control": [
          "no-cache"
        ],
        "Date": [
          "Wed, 25 May 2016 23:10:57 GMT"
        ]
      },
      "StatusCode": 200
    },
    {
      "RequestUri": "/webhdfs/v1/adlspstestfolder%2Fcontentfile.txt?overwrite=false&op=CREATE&write=true&api-version=2015-10-01-preview",
      "EncodedRequestUri": "L3dlYmhkZnMvdjEvYWRsc3BzdGVzdGZvbGRlciUyRmNvbnRlbnRmaWxlLnR4dD9vdmVyd3JpdGU9ZmFsc2Umb3A9Q1JFQVRFJndyaXRlPXRydWUmYXBpLXZlcnNpb249MjAxNS0xMC0wMS1wcmV2aWV3",
      "RequestMethod": "PUT",
      "RequestBody": "Test file content! @ Azure PsTest01?",
      "RequestHeaders": {
        "Content-Type": [
          "application/octet-stream"
        ],
        "Content-Length": [
          "36"
        ],
        "x-ms-client-request-id": [
          "d8d9c446-0e0b-4e67-9c20-07f663be3375"
        ],
        "Transfer-Encoding": [
          "chunked"
        ],
        "accept-language": [
          "en-US"
        ],
        "User-Agent": [
          "Microsoft.Azure.Management.DataLake.Store.DataLakeStoreFileSystemManagementClient/0.12.0.0"
        ]
      },
      "ResponseBody": "",
      "ResponseHeaders": {
        "Content-Length": [
          "0"
        ],
        "Expires": [
          "-1"
        ],
        "Pragma": [
          "no-cache"
        ],
        "x-ms-request-id": [
          "26cf362c-a5ef-4ab1-9f65-4c360a85a1a1"
        ],
        "ContentLength": [
          "0"
        ],
        "Server-Perf": [
          "[26cf362c-a5ef-4ab1-9f65-4c360a85a1a1][ AuthTime::1565.36087342004::PostAuthTime::573.537959359639 ][FsOpenStream :: 00:00:241 ms]%0a[Open :: 00:00:241 ms]%0a[FsAppendStream :: 00:00:177 ms]%0a[Write :: 00:00:389 ms]%0a[CREATE :: 00:00:633 ms]%0a"
        ],
        "Status": [
          "0x0"
        ],
        "X-Content-Type-Options": [
          "nosniff"
        ],
        "Strict-Transport-Security": [
          "max-age=15724800; includeSubDomains"
        ],
        "Cache-Control": [
          "no-cache"
        ],
        "Date": [
          "Wed, 25 May 2016 23:10:57 GMT"
        ],
        "Location": [
          "https://onesdk4313.azuredatalakestore.net/webhdfs/v1/adlspstestfolder/contentfile.txt?overwrite=false&op=CREATE&write=true&api-version=2015-10-01-preview"
        ],
        "Set-Cookie": [
          "UserPrincipalSession=d983caec-cf8c-404b-a709-0a0898f7934e; path=/; secure; HttpOnly"
        ]
      },
      "StatusCode": 201
    },
    {
      "RequestUri": "/webhdfs/v1/adlspstestfolder?op=MSLISTSTATUS&api-version=2015-10-01-preview",
      "EncodedRequestUri": "L3dlYmhkZnMvdjEvYWRsc3BzdGVzdGZvbGRlcj9vcD1NU0xJU1RTVEFUVVMmYXBpLXZlcnNpb249MjAxNS0xMC0wMS1wcmV2aWV3",
      "RequestMethod": "GET",
      "RequestBody": "",
      "RequestHeaders": {
        "x-ms-client-request-id": [
          "bfd573a7-cef5-473d-9923-a7ff8097f2fe"
        ],
        "accept-language": [
          "en-US"
        ],
        "User-Agent": [
          "Microsoft.Azure.Management.DataLake.Store.DataLakeStoreFileSystemManagementClient/0.12.0.0"
        ]
      },
      "ResponseBody": "{\r\n  \"FileStatuses\": {\r\n    \"FileStatus\": [\r\n      {\r\n        \"length\": 36,\r\n        \"pathSuffix\": \"contentfile.txt\",\r\n        \"type\": \"FILE\",\r\n        \"blockSize\": 268435456,\r\n        \"accessTime\": 1464217857930,\r\n        \"modificationTime\": 1464217858490,\r\n        \"replication\": 1,\r\n        \"permission\": \"770\",\r\n        \"owner\": \"2e6c02d2-a364-4530-9137-d17403996cbf\",\r\n        \"group\": \"2e6c02d2-a364-4530-9137-d17403996cbf\"\r\n      },\r\n      {\r\n        \"length\": 0,\r\n        \"pathSuffix\": \"emptyfile.txt\",\r\n        \"type\": \"FILE\",\r\n        \"blockSize\": 268435456,\r\n        \"accessTime\": 1464217856927,\r\n        \"modificationTime\": 1464217856927,\r\n        \"replication\": 1,\r\n        \"permission\": \"770\",\r\n        \"owner\": \"2e6c02d2-a364-4530-9137-d17403996cbf\",\r\n        \"group\": \"2e6c02d2-a364-4530-9137-d17403996cbf\"\r\n      }\r\n    ]\r\n  }\r\n}",
      "ResponseHeaders": {
        "Content-Length": [
          "570"
        ],
        "Content-Type": [
          "application/json; charset=utf-8"
        ],
        "Expires": [
          "-1"
        ],
        "Pragma": [
          "no-cache"
        ],
        "x-ms-request-id": [
          "57b1c80b-ef1b-4d78-a6b3-4c5e034a3a4e"
        ],
        "Server-Perf": [
          "[57b1c80b-ef1b-4d78-a6b3-4c5e034a3a4e][ AuthTime::597.488836111421::PostAuthTime::159.957641163688 ][HdfsListStatus :: 00:00:156 ms]%0a[ListStatus :: 00:00:158 ms]%0a[MSLISTSTATUS :: 00:00:159 ms]%0a"
        ],
        "Status": [
          "0x0"
        ],
        "X-Content-Type-Options": [
          "nosniff"
        ],
        "Strict-Transport-Security": [
          "max-age=15724800; includeSubDomains"
        ],
        "Cache-Control": [
          "no-cache"
        ],
        "Date": [
          "Wed, 25 May 2016 23:10:57 GMT"
        ]
      },
      "StatusCode": 200
    },
    {
      "RequestUri": "/webhdfs/v1/adlspstestfolder%2Femptyfile.txt?op=APPEND&append=true&api-version=2015-10-01-preview",
      "EncodedRequestUri": "L3dlYmhkZnMvdjEvYWRsc3BzdGVzdGZvbGRlciUyRmVtcHR5ZmlsZS50eHQ/b3A9QVBQRU5EJmFwcGVuZD10cnVlJmFwaS12ZXJzaW9uPTIwMTUtMTAtMDEtcHJldmlldw==",
      "RequestMethod": "POST",
      "RequestBody": "Test file content! @ Azure PsTest01?",
      "RequestHeaders": {
        "Content-Type": [
          "application/octet-stream"
        ],
        "Content-Length": [
          "36"
        ],
        "x-ms-client-request-id": [
          "49ab6527-1680-4e0a-b16e-536227f46867"
        ],
        "Transfer-Encoding": [
          "chunked"
        ],
        "accept-language": [
          "en-US"
        ],
        "User-Agent": [
          "Microsoft.Azure.Management.DataLake.Store.DataLakeStoreFileSystemManagementClient/0.12.0.0"
        ]
      },
      "ResponseBody": "",
      "ResponseHeaders": {
        "Content-Length": [
          "0"
        ],
        "Expires": [
          "-1"
        ],
        "Pragma": [
          "no-cache"
        ],
        "x-ms-request-id": [
          "d3b59b4e-0cb2-4723-b624-c08c2e116ef2"
        ],
        "Server-Perf": [
          "[d3b59b4e-0cb2-4723-b624-c08c2e116ef2][ AuthTime::691.153871979998::PostAuthTime::180.914658321497 ][GetCacheEntry :: 00:00:000 ms]%0a[FsOpenStream :: 00:00:408 ms]%0a[OpenNewHandle :: 00:00:409 ms]%0a[CreateCacheEntry :: 00:00:000 ms]%0a[GetOrCreateHandle :: 00:00:409 ms]%0a[Open :: 00:00:409 ms]%0a[FsGetStreamLength :: 00:00:006 ms]%0a[GetLength :: 00:00:008 ms]%0a[FsAppendStream :: 00:00:531 ms]%0a[Write :: 00:00:595 ms]%0a[APPEND :: 00:01:015 ms]%0a"
        ],
        "Status": [
          "0x0"
        ],
        "X-Content-Type-Options": [
          "nosniff"
        ],
        "Strict-Transport-Security": [
          "max-age=15724800; includeSubDomains"
        ],
        "Cache-Control": [
          "no-cache"
        ],
        "Date": [
          "Wed, 25 May 2016 23:11:00 GMT"
        ]
      },
      "StatusCode": 200
    },
    {
      "RequestUri": "/webhdfs/v1/adlspstestfolder%2Fconcatfile.txt?deleteSourceDirectory=false&op=MSCONCAT&api-version=2015-10-01-preview",
      "EncodedRequestUri": "L3dlYmhkZnMvdjEvYWRsc3BzdGVzdGZvbGRlciUyRmNvbmNhdGZpbGUudHh0P2RlbGV0ZVNvdXJjZURpcmVjdG9yeT1mYWxzZSZvcD1NU0NPTkNBVCZhcGktdmVyc2lvbj0yMDE1LTEwLTAxLXByZXZpZXc=",
      "RequestMethod": "POST",
      "RequestBody": "sources=adlspstestfolder/emptyfile.txt,adlspstestfolder/contentfile.txt",
      "RequestHeaders": {
        "Content-Type": [
          "application/octet-stream"
        ],
        "Content-Length": [
          "71"
        ],
        "x-ms-client-request-id": [
          "6ec3b9f5-7e4a-4102-b650-6766370c7b40"
        ],
        "accept-language": [
          "en-US"
        ],
        "User-Agent": [
          "Microsoft.Azure.Management.DataLake.Store.DataLakeStoreFileSystemManagementClient/0.12.0.0"
        ]
      },
      "ResponseBody": "",
      "ResponseHeaders": {
        "Content-Length": [
          "0"
        ],
        "Expires": [
          "-1"
        ],
        "Pragma": [
          "no-cache"
        ],
        "x-ms-request-id": [
          "85369aed-a439-4e04-a435-7879fb51bec7"
        ],
        "Server-Perf": [
          "[85369aed-a439-4e04-a435-7879fb51bec7][ AuthTime::671.47993750532::PostAuthTime::165.089971896212 ][GetFileStatus :: 00:00:000 ms]%0a[HdfsGetFileStatusV2 :: 00:00:014 ms]%0a[GetFileStatus :: 00:00:014 ms]%0a[FsMultiModifyStream :: 00:00:587 ms]%0a[MSCONCAT :: 00:00:605 ms]%0a"
        ],
        "Status": [
          "0x0"
        ],
        "X-Content-Type-Options": [
          "nosniff"
        ],
        "Strict-Transport-Security": [
          "max-age=15724800; includeSubDomains"
        ],
        "Cache-Control": [
          "no-cache"
        ],
        "Date": [
          "Wed, 25 May 2016 23:11:01 GMT"
        ]
      },
      "StatusCode": 200
    },
    {
      "RequestUri": "/webhdfs/v1/adlspstestfolder%2Fconcatfile.txt?op=GETFILESTATUS&api-version=2015-10-01-preview",
      "EncodedRequestUri": "L3dlYmhkZnMvdjEvYWRsc3BzdGVzdGZvbGRlciUyRmNvbmNhdGZpbGUudHh0P29wPUdFVEZJTEVTVEFUVVMmYXBpLXZlcnNpb249MjAxNS0xMC0wMS1wcmV2aWV3",
      "RequestMethod": "GET",
      "RequestBody": "",
      "RequestHeaders": {
        "x-ms-client-request-id": [
          "69842d2c-566a-4c88-b8b1-8d0da072a6d9"
        ],
        "accept-language": [
          "en-US"
        ],
        "User-Agent": [
          "Microsoft.Azure.Management.DataLake.Store.DataLakeStoreFileSystemManagementClient/0.12.0.0"
        ]
      },
      "ResponseBody": "{\r\n  \"FileStatus\": {\r\n    \"length\": 72,\r\n    \"pathSuffix\": \"\",\r\n    \"type\": \"FILE\",\r\n    \"blockSize\": 268435456,\r\n    \"accessTime\": 1464217860727,\r\n    \"modificationTime\": 1464217860800,\r\n    \"replication\": 1,\r\n    \"permission\": \"770\",\r\n    \"owner\": \"2e6c02d2-a364-4530-9137-d17403996cbf\",\r\n    \"group\": \"2e6c02d2-a364-4530-9137-d17403996cbf\"\r\n  }\r\n}",
      "ResponseHeaders": {
        "Content-Length": [
          "269"
        ],
        "Content-Type": [
          "application/json; charset=utf-8"
        ],
        "Expires": [
          "-1"
        ],
        "Pragma": [
          "no-cache"
        ],
        "x-ms-request-id": [
          "6ab9339d-0482-4a53-b2bf-6858e1a49f19"
        ],
        "Server-Perf": [
          "[6ab9339d-0482-4a53-b2bf-6858e1a49f19][ AuthTime::658.649110674008::PostAuthTime::164.234583440792 ][GetFileStatus :: 00:00:000 ms]%0a[HdfsGetFileStatusV2 :: 00:00:017 ms]%0a[GetFileStatus :: 00:00:017 ms]%0a[GETFILESTATUS :: 00:00:017 ms]%0a"
        ],
        "Status": [
          "0x0"
        ],
        "X-Content-Type-Options": [
          "nosniff"
        ],
        "Strict-Transport-Security": [
          "max-age=15724800; includeSubDomains"
        ],
        "Cache-Control": [
          "no-cache"
        ],
        "Date": [
          "Wed, 25 May 2016 23:11:01 GMT"
        ]
      },
      "StatusCode": 200
    },
    {
      "RequestUri": "/webhdfs/v1/adlspstestfolder%2Fconcatfile.txt?op=GETFILESTATUS&api-version=2015-10-01-preview",
      "EncodedRequestUri": "L3dlYmhkZnMvdjEvYWRsc3BzdGVzdGZvbGRlciUyRmNvbmNhdGZpbGUudHh0P29wPUdFVEZJTEVTVEFUVVMmYXBpLXZlcnNpb249MjAxNS0xMC0wMS1wcmV2aWV3",
      "RequestMethod": "GET",
      "RequestBody": "",
      "RequestHeaders": {
        "x-ms-client-request-id": [
          "1a7bb6ba-f867-4e41-ad08-c82bfd713c45"
        ],
        "accept-language": [
          "en-US"
        ],
        "User-Agent": [
          "Microsoft.Azure.Management.DataLake.Store.DataLakeStoreFileSystemManagementClient/0.12.0.0"
        ]
      },
      "ResponseBody": "{\r\n  \"FileStatus\": {\r\n    \"length\": 72,\r\n    \"pathSuffix\": \"\",\r\n    \"type\": \"FILE\",\r\n    \"blockSize\": 268435456,\r\n    \"accessTime\": 1464217860727,\r\n    \"modificationTime\": 1464217860800,\r\n    \"replication\": 1,\r\n    \"permission\": \"770\",\r\n    \"owner\": \"2e6c02d2-a364-4530-9137-d17403996cbf\",\r\n    \"group\": \"2e6c02d2-a364-4530-9137-d17403996cbf\"\r\n  }\r\n}",
      "ResponseHeaders": {
        "Content-Length": [
          "269"
        ],
        "Content-Type": [
          "application/json; charset=utf-8"
        ],
        "Expires": [
          "-1"
        ],
        "Pragma": [
          "no-cache"
        ],
        "x-ms-request-id": [
          "2a930c19-9bfc-4dff-8245-710c42841c75"
        ],
        "Server-Perf": [
          "[2a930c19-9bfc-4dff-8245-710c42841c75][ AuthTime::657.366027990876::PostAuthTime::168.083831490185 ][GetFileStatus :: 00:00:000 ms]%0a[HdfsGetFileStatusV2 :: 00:00:017 ms]%0a[GetFileStatus :: 00:00:017 ms]%0a[GETFILESTATUS :: 00:00:018 ms]%0a"
        ],
        "Status": [
          "0x0"
        ],
        "X-Content-Type-Options": [
          "nosniff"
        ],
        "Strict-Transport-Security": [
          "max-age=15724800; includeSubDomains"
        ],
        "Cache-Control": [
          "no-cache"
        ],
        "Date": [
          "Wed, 25 May 2016 23:11:01 GMT"
        ]
      },
      "StatusCode": 200
    },
    {
      "RequestUri": "/webhdfs/v1/adlspstestfolder%2Fconcatfile.txt?op=GETFILESTATUS&api-version=2015-10-01-preview",
      "EncodedRequestUri": "L3dlYmhkZnMvdjEvYWRsc3BzdGVzdGZvbGRlciUyRmNvbmNhdGZpbGUudHh0P29wPUdFVEZJTEVTVEFUVVMmYXBpLXZlcnNpb249MjAxNS0xMC0wMS1wcmV2aWV3",
      "RequestMethod": "GET",
      "RequestBody": "",
      "RequestHeaders": {
        "x-ms-client-request-id": [
          "125a0222-9cb5-4aae-811b-8c75bcfa00a7"
        ],
        "accept-language": [
          "en-US"
        ],
        "User-Agent": [
          "Microsoft.Azure.Management.DataLake.Store.DataLakeStoreFileSystemManagementClient/0.12.0.0"
        ]
      },
      "ResponseBody": "{\r\n  \"FileStatus\": {\r\n    \"length\": 72,\r\n    \"pathSuffix\": \"\",\r\n    \"type\": \"FILE\",\r\n    \"blockSize\": 268435456,\r\n    \"accessTime\": 1464217860727,\r\n    \"modificationTime\": 1464217860800,\r\n    \"replication\": 1,\r\n    \"permission\": \"770\",\r\n    \"owner\": \"2e6c02d2-a364-4530-9137-d17403996cbf\",\r\n    \"group\": \"2e6c02d2-a364-4530-9137-d17403996cbf\"\r\n  }\r\n}",
      "ResponseHeaders": {
        "Content-Length": [
          "269"
        ],
        "Content-Type": [
          "application/json; charset=utf-8"
        ],
        "Expires": [
          "-1"
        ],
        "Pragma": [
          "no-cache"
        ],
        "x-ms-request-id": [
          "6cac8d44-d21b-4403-a21c-cea0e8cdf8ef"
        ],
        "Server-Perf": [
          "[6cac8d44-d21b-4403-a21c-cea0e8cdf8ef][ AuthTime::669.769160594478::PostAuthTime::171.077691084158 ][GetFileStatus :: 00:00:000 ms]%0a[HdfsGetFileStatusV2 :: 00:00:018 ms]%0a[GetFileStatus :: 00:00:018 ms]%0a[GETFILESTATUS :: 00:00:018 ms]%0a"
        ],
        "Status": [
          "0x0"
        ],
        "X-Content-Type-Options": [
          "nosniff"
        ],
        "Strict-Transport-Security": [
          "max-age=15724800; includeSubDomains"
        ],
        "Cache-Control": [
          "no-cache"
        ],
        "Date": [
          "Wed, 25 May 2016 23:11:01 GMT"
        ]
      },
      "StatusCode": 200
    },
    {
      "RequestUri": "/webhdfs/v1/adlspstestfolder%2Fconcatfile.txt?op=GETFILESTATUS&api-version=2015-10-01-preview",
      "EncodedRequestUri": "L3dlYmhkZnMvdjEvYWRsc3BzdGVzdGZvbGRlciUyRmNvbmNhdGZpbGUudHh0P29wPUdFVEZJTEVTVEFUVVMmYXBpLXZlcnNpb249MjAxNS0xMC0wMS1wcmV2aWV3",
      "RequestMethod": "GET",
      "RequestBody": "",
      "RequestHeaders": {
        "x-ms-client-request-id": [
          "41e1b592-7aa7-4eeb-959b-164eca6ef480"
        ],
        "accept-language": [
          "en-US"
        ],
        "User-Agent": [
          "Microsoft.Azure.Management.DataLake.Store.DataLakeStoreFileSystemManagementClient/0.12.0.0"
        ]
      },
      "ResponseBody": "{\r\n  \"FileStatus\": {\r\n    \"length\": 72,\r\n    \"pathSuffix\": \"\",\r\n    \"type\": \"FILE\",\r\n    \"blockSize\": 268435456,\r\n    \"accessTime\": 1464217860727,\r\n    \"modificationTime\": 1464217860800,\r\n    \"replication\": 1,\r\n    \"permission\": \"770\",\r\n    \"owner\": \"2e6c02d2-a364-4530-9137-d17403996cbf\",\r\n    \"group\": \"2e6c02d2-a364-4530-9137-d17403996cbf\"\r\n  }\r\n}",
      "ResponseHeaders": {
        "Content-Length": [
          "269"
        ],
        "Content-Type": [
          "application/json; charset=utf-8"
        ],
        "Expires": [
          "-1"
        ],
        "Pragma": [
          "no-cache"
        ],
        "x-ms-request-id": [
          "d10fef64-7887-47ba-b8de-e134fc64b1e8"
        ],
        "Server-Perf": [
          "[d10fef64-7887-47ba-b8de-e134fc64b1e8][ AuthTime::639.83056465475::PostAuthTime::167.656137262475 ][GetFileStatus :: 00:00:000 ms]%0a[HdfsGetFileStatusV2 :: 00:00:047 ms]%0a[GetFileStatus :: 00:00:047 ms]%0a[GETFILESTATUS :: 00:00:047 ms]%0a"
        ],
        "Status": [
          "0x0"
        ],
        "X-Content-Type-Options": [
          "nosniff"
        ],
        "Strict-Transport-Security": [
          "max-age=15724800; includeSubDomains"
        ],
        "Cache-Control": [
          "no-cache"
        ],
        "Date": [
          "Wed, 25 May 2016 23:11:01 GMT"
        ]
      },
      "StatusCode": 200
    },
    {
      "RequestUri": "/webhdfs/v1/adlspstestfolder%2Fconcatfile.txt?op=GETFILESTATUS&api-version=2015-10-01-preview",
      "EncodedRequestUri": "L3dlYmhkZnMvdjEvYWRsc3BzdGVzdGZvbGRlciUyRmNvbmNhdGZpbGUudHh0P29wPUdFVEZJTEVTVEFUVVMmYXBpLXZlcnNpb249MjAxNS0xMC0wMS1wcmV2aWV3",
      "RequestMethod": "GET",
      "RequestBody": "",
      "RequestHeaders": {
        "x-ms-client-request-id": [
          "8d1578b3-2533-46ad-b2c7-497568960f7f"
        ],
        "accept-language": [
          "en-US"
        ],
        "User-Agent": [
          "Microsoft.Azure.Management.DataLake.Store.DataLakeStoreFileSystemManagementClient/0.12.0.0"
        ]
      },
      "ResponseBody": "{\r\n  \"FileStatus\": {\r\n    \"length\": 72,\r\n    \"pathSuffix\": \"\",\r\n    \"type\": \"FILE\",\r\n    \"blockSize\": 268435456,\r\n    \"accessTime\": 1464217860727,\r\n    \"modificationTime\": 1464217860800,\r\n    \"replication\": 1,\r\n    \"permission\": \"770\",\r\n    \"owner\": \"2e6c02d2-a364-4530-9137-d17403996cbf\",\r\n    \"group\": \"2e6c02d2-a364-4530-9137-d17403996cbf\"\r\n  }\r\n}",
      "ResponseHeaders": {
        "Content-Length": [
          "269"
        ],
        "Content-Type": [
          "application/json; charset=utf-8"
        ],
        "Expires": [
          "-1"
        ],
        "Pragma": [
          "no-cache"
        ],
        "x-ms-request-id": [
          "e5e00da4-daa2-40ef-bd94-124b622cf0a5"
        ],
        "Server-Perf": [
          "[e5e00da4-daa2-40ef-bd94-124b622cf0a5][ AuthTime::601.338084160815::PostAuthTime::163.806889213081 ][GetFileStatus :: 00:00:000 ms]%0a[HdfsGetFileStatusV2 :: 00:00:017 ms]%0a[GetFileStatus :: 00:00:017 ms]%0a[GETFILESTATUS :: 00:00:017 ms]%0a"
        ],
        "Status": [
          "0x0"
        ],
        "X-Content-Type-Options": [
          "nosniff"
        ],
        "Strict-Transport-Security": [
          "max-age=15724800; includeSubDomains"
        ],
        "Cache-Control": [
          "no-cache"
        ],
        "Date": [
          "Wed, 25 May 2016 23:11:01 GMT"
        ]
      },
      "StatusCode": 200
    },
    {
      "RequestUri": "/webhdfs/v1/adlspstestfolder%2Fconcatfile.txt?op=GETFILESTATUS&api-version=2015-10-01-preview",
      "EncodedRequestUri": "L3dlYmhkZnMvdjEvYWRsc3BzdGVzdGZvbGRlciUyRmNvbmNhdGZpbGUudHh0P29wPUdFVEZJTEVTVEFUVVMmYXBpLXZlcnNpb249MjAxNS0xMC0wMS1wcmV2aWV3",
      "RequestMethod": "GET",
      "RequestBody": "",
      "RequestHeaders": {
        "x-ms-client-request-id": [
          "c4d6cf88-5408-400f-bda8-e61408033774"
        ],
        "accept-language": [
          "en-US"
        ],
        "User-Agent": [
          "Microsoft.Azure.Management.DataLake.Store.DataLakeStoreFileSystemManagementClient/0.12.0.0"
        ]
      },
      "ResponseBody": "{\r\n  \"FileStatus\": {\r\n    \"length\": 72,\r\n    \"pathSuffix\": \"\",\r\n    \"type\": \"FILE\",\r\n    \"blockSize\": 268435456,\r\n    \"accessTime\": 1464217860727,\r\n    \"modificationTime\": 1464217860800,\r\n    \"replication\": 1,\r\n    \"permission\": \"770\",\r\n    \"owner\": \"2e6c02d2-a364-4530-9137-d17403996cbf\",\r\n    \"group\": \"2e6c02d2-a364-4530-9137-d17403996cbf\"\r\n  }\r\n}",
      "ResponseHeaders": {
        "Content-Length": [
          "269"
        ],
        "Content-Type": [
          "application/json; charset=utf-8"
        ],
        "Expires": [
          "-1"
        ],
        "Pragma": [
          "no-cache"
        ],
        "x-ms-request-id": [
          "3cb7d654-69aa-4cfa-bc40-4ae037fa6f96"
        ],
        "Server-Perf": [
          "[3cb7d654-69aa-4cfa-bc40-4ae037fa6f96][ AuthTime::590.645728468055::PostAuthTime::169.366914173316 ][GetFileStatus :: 00:00:000 ms]%0a[HdfsGetFileStatusV2 :: 00:00:016 ms]%0a[GetFileStatus :: 00:00:017 ms]%0a[GETFILESTATUS :: 00:00:017 ms]%0a"
        ],
        "Status": [
          "0x0"
        ],
        "X-Content-Type-Options": [
          "nosniff"
        ],
        "Strict-Transport-Security": [
          "max-age=15724800; includeSubDomains"
        ],
        "Cache-Control": [
          "no-cache"
        ],
        "Date": [
          "Wed, 25 May 2016 23:11:02 GMT"
        ]
      },
      "StatusCode": 200
    },
    {
      "RequestUri": "/webhdfs/v1/adlspstestfolder%2Fconcatfile.txt?op=GETFILESTATUS&api-version=2015-10-01-preview",
      "EncodedRequestUri": "L3dlYmhkZnMvdjEvYWRsc3BzdGVzdGZvbGRlciUyRmNvbmNhdGZpbGUudHh0P29wPUdFVEZJTEVTVEFUVVMmYXBpLXZlcnNpb249MjAxNS0xMC0wMS1wcmV2aWV3",
      "RequestMethod": "GET",
      "RequestBody": "",
      "RequestHeaders": {
        "x-ms-client-request-id": [
          "80e4fe11-aae1-4923-b1ed-a24584921fa4"
        ],
        "accept-language": [
          "en-US"
        ],
        "User-Agent": [
          "Microsoft.Azure.Management.DataLake.Store.DataLakeStoreFileSystemManagementClient/0.12.0.0"
        ]
      },
      "ResponseBody": "{\r\n  \"FileStatus\": {\r\n    \"length\": 72,\r\n    \"pathSuffix\": \"\",\r\n    \"type\": \"FILE\",\r\n    \"blockSize\": 268435456,\r\n    \"accessTime\": 1464217860727,\r\n    \"modificationTime\": 1464217860800,\r\n    \"replication\": 1,\r\n    \"permission\": \"770\",\r\n    \"owner\": \"2e6c02d2-a364-4530-9137-d17403996cbf\",\r\n    \"group\": \"2e6c02d2-a364-4530-9137-d17403996cbf\"\r\n  }\r\n}",
      "ResponseHeaders": {
        "Content-Length": [
          "269"
        ],
        "Content-Type": [
          "application/json; charset=utf-8"
        ],
        "Expires": [
          "-1"
        ],
        "Pragma": [
          "no-cache"
        ],
        "x-ms-request-id": [
          "033bb412-ee8a-4e2b-9a80-147c946b34d0"
        ],
        "Server-Perf": [
          "[033bb412-ee8a-4e2b-9a80-147c946b34d0][ AuthTime::673.190714416161::PostAuthTime::177.065410272103 ][GetFileStatus :: 00:00:000 ms]%0a[HdfsGetFileStatusV2 :: 00:00:017 ms]%0a[GetFileStatus :: 00:00:017 ms]%0a[GETFILESTATUS :: 00:00:017 ms]%0a"
        ],
        "Status": [
          "0x0"
        ],
        "X-Content-Type-Options": [
          "nosniff"
        ],
        "Strict-Transport-Security": [
          "max-age=15724800; includeSubDomains"
        ],
        "Cache-Control": [
          "no-cache"
        ],
        "Date": [
          "Wed, 25 May 2016 23:11:03 GMT"
        ]
      },
      "StatusCode": 200
    },
    {
      "RequestUri": "/webhdfs/v1/adlspstestfolder%2Fconcatfile.txt?op=GETFILESTATUS&api-version=2015-10-01-preview",
      "EncodedRequestUri": "L3dlYmhkZnMvdjEvYWRsc3BzdGVzdGZvbGRlciUyRmNvbmNhdGZpbGUudHh0P29wPUdFVEZJTEVTVEFUVVMmYXBpLXZlcnNpb249MjAxNS0xMC0wMS1wcmV2aWV3",
      "RequestMethod": "GET",
      "RequestBody": "",
      "RequestHeaders": {
        "x-ms-client-request-id": [
          "2a8c0944-9717-4bac-84b4-b465efab4694"
        ],
        "accept-language": [
          "en-US"
        ],
        "User-Agent": [
          "Microsoft.Azure.Management.DataLake.Store.DataLakeStoreFileSystemManagementClient/0.12.0.0"
        ]
      },
      "ResponseBody": "{\r\n  \"FileStatus\": {\r\n    \"length\": 72,\r\n    \"pathSuffix\": \"\",\r\n    \"type\": \"FILE\",\r\n    \"blockSize\": 268435456,\r\n    \"accessTime\": 1464217860727,\r\n    \"modificationTime\": 1464217860800,\r\n    \"replication\": 1,\r\n    \"permission\": \"770\",\r\n    \"owner\": \"2e6c02d2-a364-4530-9137-d17403996cbf\",\r\n    \"group\": \"2e6c02d2-a364-4530-9137-d17403996cbf\"\r\n  }\r\n}",
      "ResponseHeaders": {
        "Content-Length": [
          "269"
        ],
        "Content-Type": [
          "application/json; charset=utf-8"
        ],
        "Expires": [
          "-1"
        ],
        "Pragma": [
          "no-cache"
        ],
        "x-ms-request-id": [
          "ae883455-7bd7-404a-b60f-4a20218ee993"
        ],
        "Server-Perf": [
          "[ae883455-7bd7-404a-b60f-4a20218ee993][ AuthTime::625.716655140307::PostAuthTime::164.234583440792 ][GetFileStatus :: 00:00:000 ms]%0a[HdfsGetFileStatusV2 :: 00:00:017 ms]%0a[GetFileStatus :: 00:00:017 ms]%0a[GETFILESTATUS :: 00:00:017 ms]%0a"
        ],
        "Status": [
          "0x0"
        ],
        "X-Content-Type-Options": [
          "nosniff"
        ],
        "Strict-Transport-Security": [
          "max-age=15724800; includeSubDomains"
        ],
        "Cache-Control": [
          "no-cache"
        ],
        "Date": [
          "Wed, 25 May 2016 23:11:03 GMT"
        ]
      },
      "StatusCode": 200
    },
    {
      "RequestUri": "/webhdfs/v1/adlspstestfolder%2Fconcatfile.txt?op=GETFILESTATUS&api-version=2015-10-01-preview",
      "EncodedRequestUri": "L3dlYmhkZnMvdjEvYWRsc3BzdGVzdGZvbGRlciUyRmNvbmNhdGZpbGUudHh0P29wPUdFVEZJTEVTVEFUVVMmYXBpLXZlcnNpb249MjAxNS0xMC0wMS1wcmV2aWV3",
      "RequestMethod": "GET",
      "RequestBody": "",
      "RequestHeaders": {
        "x-ms-client-request-id": [
          "d884b91b-7018-4af7-acc5-d427d0591a75"
        ],
        "accept-language": [
          "en-US"
        ],
        "User-Agent": [
          "Microsoft.Azure.Management.DataLake.Store.DataLakeStoreFileSystemManagementClient/0.12.0.0"
        ]
      },
      "ResponseBody": "{\r\n  \"RemoteException\": {\r\n    \"exception\": \"FileNotFoundException\",\r\n    \"message\": \"File/Folder does not exist: //adlspstestfolder/concatfile.txt [67195b8d-a619-4b05-ae82-4d28623ce798][2016-05-25T16:11:04.6765201-07:00]\",\r\n    \"javaClassName\": \"java.io.FileNotFoundException\"\r\n  }\r\n}",
      "ResponseHeaders": {
        "Content-Length": [
          "253"
        ],
        "Content-Type": [
          "application/json; charset=utf-8"
        ],
        "Expires": [
          "-1"
        ],
        "Pragma": [
          "no-cache"
        ],
        "x-ms-request-id": [
          "67195b8d-a619-4b05-ae82-4d28623ce798"
        ],
        "Server-Perf": [
          "[67195b8d-a619-4b05-ae82-4d28623ce798][ AuthTime::680.461516287238::PostAuthTime::173.21616222271 ][GetFileStatus :: 00:00:000 ms]%0a[HdfsGetFileStatusV2 :: 00:00:008 ms]%0a[GetFileStatus :: 00:00:008 ms]%0a[GETFILESTATUS :: 00:00:008 ms]%0a"
        ],
        "Status": [
          "0x8309000A"
        ],
        "X-Content-Type-Options": [
          "nosniff"
        ],
        "Strict-Transport-Security": [
          "max-age=15724800; includeSubDomains"
        ],
        "Cache-Control": [
          "no-cache"
        ],
        "Date": [
          "Wed, 25 May 2016 23:11:04 GMT"
        ]
      },
      "StatusCode": 404
    },
    {
      "RequestUri": "/webhdfs/v1/adlspstestfolder%2Fconcatfile.txt?length=72&offset=0&op=OPEN&read=true&api-version=2015-10-01-preview",
      "EncodedRequestUri": "L3dlYmhkZnMvdjEvYWRsc3BzdGVzdGZvbGRlciUyRmNvbmNhdGZpbGUudHh0P2xlbmd0aD03MiZvZmZzZXQ9MCZvcD1PUEVOJnJlYWQ9dHJ1ZSZhcGktdmVyc2lvbj0yMDE1LTEwLTAxLXByZXZpZXc=",
      "RequestMethod": "GET",
      "RequestBody": "",
      "RequestHeaders": {
        "x-ms-client-request-id": [
          "48d5f876-c012-4a8a-a667-999f75dc6af7"
        ],
        "accept-language": [
          "en-US"
        ],
        "User-Agent": [
          "Microsoft.Azure.Management.DataLake.Store.DataLakeStoreFileSystemManagementClient/0.12.0.0"
        ]
      },
      "ResponseBody": "Test file content! @ Azure PsTest01?Test file content! @ Azure PsTest01?",
      "ResponseHeaders": {
        "Content-Type": [
          "application/octet-stream"
        ],
        "Expires": [
          "-1"
        ],
        "Pragma": [
          "no-cache"
        ],
        "Transfer-Encoding": [
          "chunked"
        ],
        "x-ms-request-id": [
          "30455690-b971-4f6a-8d7c-898f5cb225d9"
        ],
        "Server-Perf": [
          "[30455690-b971-4f6a-8d7c-898f5cb225d9][ AuthTime::751.458758087163::PostAuthTime::192.890096697388 ][FsOpenStream :: 00:00:018 ms]%0a[Open :: 00:00:018 ms]%0a[FsReadStream :: 00:00:013 ms]%0a[OPEN :: 00:00:035 ms]%0a"
        ],
        "Status": [
          "0x0"
        ],
        "X-Content-Type-Options": [
          "nosniff"
        ],
        "Strict-Transport-Security": [
          "max-age=15724800; includeSubDomains"
        ],
        "Cache-Control": [
          "no-cache"
        ],
        "Date": [
          "Wed, 25 May 2016 23:11:01 GMT"
        ]
      },
      "StatusCode": 200
    },
    {
      "RequestUri": "/webhdfs/v1/adlspstestfolder%2Fconcatfile.txt?length=70&offset=2&op=OPEN&read=true&api-version=2015-10-01-preview",
      "EncodedRequestUri": "L3dlYmhkZnMvdjEvYWRsc3BzdGVzdGZvbGRlciUyRmNvbmNhdGZpbGUudHh0P2xlbmd0aD03MCZvZmZzZXQ9MiZvcD1PUEVOJnJlYWQ9dHJ1ZSZhcGktdmVyc2lvbj0yMDE1LTEwLTAxLXByZXZpZXc=",
      "RequestMethod": "GET",
      "RequestBody": "",
      "RequestHeaders": {
        "x-ms-client-request-id": [
          "a8dcaf93-d223-4eb2-acf2-07391c46a8c1"
        ],
        "accept-language": [
          "en-US"
        ],
        "User-Agent": [
          "Microsoft.Azure.Management.DataLake.Store.DataLakeStoreFileSystemManagementClient/0.12.0.0"
        ]
      },
      "ResponseBody": "st file content! @ Azure PsTest01?Test file content! @ Azure PsTest01?",
      "ResponseHeaders": {
        "Content-Type": [
          "application/octet-stream"
        ],
        "Expires": [
          "-1"
        ],
        "Pragma": [
          "no-cache"
        ],
        "Transfer-Encoding": [
          "chunked"
        ],
        "x-ms-request-id": [
          "8c3f4e35-d1cb-4549-b54c-69e679d507ae"
        ],
        "Server-Perf": [
          "[8c3f4e35-d1cb-4549-b54c-69e679d507ae][ AuthTime::597.488836111421::PostAuthTime::159.102252708267 ][FsOpenStream :: 00:00:018 ms]%0a[Open :: 00:00:018 ms]%0a[FsReadStream :: 00:00:012 ms]%0a[OPEN :: 00:00:032 ms]%0a"
        ],
        "Status": [
          "0x0"
        ],
        "X-Content-Type-Options": [
          "nosniff"
        ],
        "Strict-Transport-Security": [
          "max-age=15724800; includeSubDomains"
        ],
        "Cache-Control": [
          "no-cache"
        ],
        "Date": [
          "Wed, 25 May 2016 23:11:02 GMT"
        ]
      },
      "StatusCode": 200
    },
    {
      "RequestUri": "/webhdfs/v1/adlspstestfolder%2Fconcatfile.txt?length=36&offset=2&op=OPEN&read=true&api-version=2015-10-01-preview",
      "EncodedRequestUri": "L3dlYmhkZnMvdjEvYWRsc3BzdGVzdGZvbGRlciUyRmNvbmNhdGZpbGUudHh0P2xlbmd0aD0zNiZvZmZzZXQ9MiZvcD1PUEVOJnJlYWQ9dHJ1ZSZhcGktdmVyc2lvbj0yMDE1LTEwLTAxLXByZXZpZXc=",
      "RequestMethod": "GET",
      "RequestBody": "",
      "RequestHeaders": {
        "x-ms-client-request-id": [
          "1489b88f-e272-4690-a686-b034aead6968"
        ],
        "accept-language": [
          "en-US"
        ],
        "User-Agent": [
          "Microsoft.Azure.Management.DataLake.Store.DataLakeStoreFileSystemManagementClient/0.12.0.0"
        ]
      },
      "ResponseBody": "st file content! @ Azure PsTest01?Te",
      "ResponseHeaders": {
        "Content-Type": [
          "application/octet-stream"
        ],
        "Expires": [
          "-1"
        ],
        "Pragma": [
          "no-cache"
        ],
        "Transfer-Encoding": [
          "chunked"
        ],
        "x-ms-request-id": [
          "7aa01307-3096-4fdc-a414-dd288c58688b"
        ],
        "Server-Perf": [
          "[7aa01307-3096-4fdc-a414-dd288c58688b][ AuthTime::688.160012386025::PostAuthTime::174.499244905841 ][FsOpenStream :: 00:00:019 ms]%0a[Open :: 00:00:019 ms]%0a[FsReadStream :: 00:00:020 ms]%0a[OPEN :: 00:00:040 ms]%0a"
        ],
        "Status": [
          "0x0"
        ],
        "X-Content-Type-Options": [
          "nosniff"
        ],
        "Strict-Transport-Security": [
          "max-age=15724800; includeSubDomains"
        ],
        "Cache-Control": [
          "no-cache"
        ],
        "Date": [
          "Wed, 25 May 2016 23:11:02 GMT"
        ]
      },
      "StatusCode": 200
    },
    {
      "RequestUri": "/webhdfs/v1/adlspstestfolder%2Fimportfile.txt?op=GETFILESTATUS&api-version=2015-10-01-preview",
      "EncodedRequestUri": "L3dlYmhkZnMvdjEvYWRsc3BzdGVzdGZvbGRlciUyRmltcG9ydGZpbGUudHh0P29wPUdFVEZJTEVTVEFUVVMmYXBpLXZlcnNpb249MjAxNS0xMC0wMS1wcmV2aWV3",
      "RequestMethod": "GET",
      "RequestBody": "",
      "RequestHeaders": {
        "x-ms-client-request-id": [
          "c2dcf750-bbc0-4052-8f48-e57c2426c9a9"
        ],
        "accept-language": [
          "en-US"
        ],
        "User-Agent": [
          "Microsoft.Azure.Management.DataLake.Store.DataLakeStoreFileSystemManagementClient/0.12.0.0"
        ]
      },
      "ResponseBody": "{\r\n  \"RemoteException\": {\r\n    \"exception\": \"FileNotFoundException\",\r\n    \"message\": \"File/Folder does not exist: //adlspstestfolder/importfile.txt [3605662a-d1b8-4950-b0e4-073ab2e7eb82][2016-05-25T16:11:02.5202301-07:00]\",\r\n    \"javaClassName\": \"java.io.FileNotFoundException\"\r\n  }\r\n}",
      "ResponseHeaders": {
        "Content-Length": [
          "253"
        ],
        "Content-Type": [
          "application/json; charset=utf-8"
        ],
        "Expires": [
          "-1"
        ],
        "Pragma": [
          "no-cache"
        ],
        "x-ms-request-id": [
          "3605662a-d1b8-4950-b0e4-073ab2e7eb82"
        ],
        "Server-Perf": [
          "[3605662a-d1b8-4950-b0e4-073ab2e7eb82][ AuthTime::675.329185554713::PostAuthTime::177.065410272103 ][GetFileStatus :: 00:00:000 ms]%0a[HdfsGetFileStatusV2 :: 00:00:008 ms]%0a[GetFileStatus :: 00:00:008 ms]%0a[GETFILESTATUS :: 00:00:008 ms]%0a"
        ],
        "Status": [
          "0x8309000A"
        ],
        "X-Content-Type-Options": [
          "nosniff"
        ],
        "Strict-Transport-Security": [
          "max-age=15724800; includeSubDomains"
        ],
        "Cache-Control": [
          "no-cache"
        ],
        "Date": [
          "Wed, 25 May 2016 23:11:02 GMT"
        ]
      },
      "StatusCode": 404
    },
    {
      "RequestUri": "/webhdfs/v1/adlspstestfolder%2Fimportfile.txt?op=GETFILESTATUS&api-version=2015-10-01-preview",
      "EncodedRequestUri": "L3dlYmhkZnMvdjEvYWRsc3BzdGVzdGZvbGRlciUyRmltcG9ydGZpbGUudHh0P29wPUdFVEZJTEVTVEFUVVMmYXBpLXZlcnNpb249MjAxNS0xMC0wMS1wcmV2aWV3",
      "RequestMethod": "GET",
      "RequestBody": "",
      "RequestHeaders": {
        "x-ms-client-request-id": [
          "0d67dc10-5e75-4941-8db4-03de7f14642c"
        ],
        "accept-language": [
          "en-US"
        ],
        "User-Agent": [
          "Microsoft.Azure.Management.DataLake.Store.DataLakeStoreFileSystemManagementClient/0.12.0.0"
        ]
      },
      "ResponseBody": "{\r\n  \"RemoteException\": {\r\n    \"exception\": \"FileNotFoundException\",\r\n    \"message\": \"File/Folder does not exist: //adlspstestfolder/importfile.txt [a6aa2f31-f8f8-4a5b-88b8-5c45f4103ab0][2016-05-25T16:11:02.7546085-07:00]\",\r\n    \"javaClassName\": \"java.io.FileNotFoundException\"\r\n  }\r\n}",
      "ResponseHeaders": {
        "Content-Length": [
          "253"
        ],
        "Content-Type": [
          "application/json; charset=utf-8"
        ],
        "Expires": [
          "-1"
        ],
        "Pragma": [
          "no-cache"
        ],
        "x-ms-request-id": [
          "a6aa2f31-f8f8-4a5b-88b8-5c45f4103ab0"
        ],
        "Server-Perf": [
          "[a6aa2f31-f8f8-4a5b-88b8-5c45f4103ab0][ AuthTime::1563.22240228149::PostAuthTime::590.218034240345 ][GetFileStatus :: 00:00:000 ms]%0a[HdfsGetFileStatusV2 :: 00:00:008 ms]%0a[GetFileStatus :: 00:00:008 ms]%0a[GETFILESTATUS :: 00:00:008 ms]%0a"
        ],
        "Status": [
          "0x8309000A"
        ],
        "X-Content-Type-Options": [
          "nosniff"
        ],
        "Strict-Transport-Security": [
          "max-age=15724800; includeSubDomains"
        ],
        "Cache-Control": [
          "no-cache"
        ],
        "Date": [
          "Wed, 25 May 2016 23:11:02 GMT"
        ],
        "Set-Cookie": [
          "UserPrincipalSession=d983caec-cf8c-404b-a709-0a0898f7934e; path=/; secure; HttpOnly"
        ]
      },
      "StatusCode": 404
    },
    {
      "RequestUri": "/webhdfs/v1/adlspstestfolder%2Fimportfile.txt?op=GETFILESTATUS&api-version=2015-10-01-preview",
      "EncodedRequestUri": "L3dlYmhkZnMvdjEvYWRsc3BzdGVzdGZvbGRlciUyRmltcG9ydGZpbGUudHh0P29wPUdFVEZJTEVTVEFUVVMmYXBpLXZlcnNpb249MjAxNS0xMC0wMS1wcmV2aWV3",
      "RequestMethod": "GET",
      "RequestBody": "",
      "RequestHeaders": {
        "x-ms-client-request-id": [
          "650c04be-5b5f-43d6-b6ab-d0696bf219ad"
        ],
        "accept-language": [
          "en-US"
        ],
        "User-Agent": [
          "Microsoft.Azure.Management.DataLake.Store.DataLakeStoreFileSystemManagementClient/0.12.0.0"
        ]
      },
      "ResponseBody": "{\r\n  \"FileStatus\": {\r\n    \"length\": 21791,\r\n    \"pathSuffix\": \"\",\r\n    \"type\": \"FILE\",\r\n    \"blockSize\": 268435456,\r\n    \"accessTime\": 1464217862897,\r\n    \"modificationTime\": 1464217863580,\r\n    \"replication\": 1,\r\n    \"permission\": \"770\",\r\n    \"owner\": \"2e6c02d2-a364-4530-9137-d17403996cbf\",\r\n    \"group\": \"2e6c02d2-a364-4530-9137-d17403996cbf\"\r\n  }\r\n}",
      "ResponseHeaders": {
        "Content-Length": [
          "272"
        ],
        "Content-Type": [
          "application/json; charset=utf-8"
        ],
        "Expires": [
          "-1"
        ],
        "Pragma": [
          "no-cache"
        ],
        "x-ms-request-id": [
          "abcdb508-1bfb-48cc-bab3-67bf95bb7a35"
        ],
        "Server-Perf": [
          "[abcdb508-1bfb-48cc-bab3-67bf95bb7a35][ AuthTime::658.649110674008::PostAuthTime::159.957641163688 ][GetFileStatus :: 00:00:000 ms]%0a[HdfsGetFileStatusV2 :: 00:00:018 ms]%0a[GetFileStatus :: 00:00:018 ms]%0a[GETFILESTATUS :: 00:00:019 ms]%0a"
        ],
        "Status": [
          "0x0"
        ],
        "X-Content-Type-Options": [
          "nosniff"
        ],
        "Strict-Transport-Security": [
          "max-age=15724800; includeSubDomains"
        ],
        "Cache-Control": [
          "no-cache"
        ],
        "Date": [
          "Wed, 25 May 2016 23:11:03 GMT"
        ]
      },
      "StatusCode": 200
    },
    {
      "RequestUri": "/webhdfs/v1/adlspstestfolder%2Fimportfile.txt?op=GETFILESTATUS&api-version=2015-10-01-preview",
      "EncodedRequestUri": "L3dlYmhkZnMvdjEvYWRsc3BzdGVzdGZvbGRlciUyRmltcG9ydGZpbGUudHh0P29wPUdFVEZJTEVTVEFUVVMmYXBpLXZlcnNpb249MjAxNS0xMC0wMS1wcmV2aWV3",
      "RequestMethod": "GET",
      "RequestBody": "",
      "RequestHeaders": {
        "x-ms-client-request-id": [
          "5aa708ba-deea-4761-970f-b29f6d8a3032"
        ],
        "accept-language": [
          "en-US"
        ],
        "User-Agent": [
          "Microsoft.Azure.Management.DataLake.Store.DataLakeStoreFileSystemManagementClient/0.12.0.0"
        ]
      },
      "ResponseBody": "{\r\n  \"FileStatus\": {\r\n    \"length\": 21791,\r\n    \"pathSuffix\": \"\",\r\n    \"type\": \"FILE\",\r\n    \"blockSize\": 268435456,\r\n    \"accessTime\": 1464217862897,\r\n    \"modificationTime\": 1464217863580,\r\n    \"replication\": 1,\r\n    \"permission\": \"770\",\r\n    \"owner\": \"2e6c02d2-a364-4530-9137-d17403996cbf\",\r\n    \"group\": \"2e6c02d2-a364-4530-9137-d17403996cbf\"\r\n  }\r\n}",
      "ResponseHeaders": {
        "Content-Length": [
          "272"
        ],
        "Content-Type": [
          "application/json; charset=utf-8"
        ],
        "Expires": [
          "-1"
        ],
        "Pragma": [
          "no-cache"
        ],
        "x-ms-request-id": [
          "0c5102cd-4b5d-4ec6-886a-89f0b44085ef"
        ],
        "Server-Perf": [
          "[0c5102cd-4b5d-4ec6-886a-89f0b44085ef][ AuthTime::687.732318158314::PostAuthTime::180.486964093787 ][GetFileStatus :: 00:00:000 ms]%0a[HdfsGetFileStatusV2 :: 00:00:019 ms]%0a[GetFileStatus :: 00:00:019 ms]%0a[GETFILESTATUS :: 00:00:020 ms]%0a"
        ],
        "Status": [
          "0x0"
        ],
        "X-Content-Type-Options": [
          "nosniff"
        ],
        "Strict-Transport-Security": [
          "max-age=15724800; includeSubDomains"
        ],
        "Cache-Control": [
          "no-cache"
        ],
        "Date": [
          "Wed, 25 May 2016 23:11:03 GMT"
        ]
      },
      "StatusCode": 200
    },
    {
      "RequestUri": "/webhdfs/v1/adlspstestfolder%2Fimportfile.txt?overwrite=true&op=CREATE&write=true&api-version=2015-10-01-preview",
      "EncodedRequestUri": "L3dlYmhkZnMvdjEvYWRsc3BzdGVzdGZvbGRlciUyRmltcG9ydGZpbGUudHh0P292ZXJ3cml0ZT10cnVlJm9wPUNSRUFURSZ3cml0ZT10cnVlJmFwaS12ZXJzaW9uPTIwMTUtMTAtMDEtcHJldmlldw==",
      "RequestMethod": "PUT",
      "RequestBody": "<#\r\n.SYNOPSIS\r\nTests DataLakeStore Account Lifecycle (Create, Update, Get, List, Delete).\r\n#>\r\nfunction Test-DataLakeStoreAccount\r\n{\r\n    param\r\n\t(\r\n\t\t$location = \"West US\"\r\n\t)\r\n\t\r\n\ttry\r\n\t{\r\n\t\t# Creating Account\r\n\t\t$resourceGroupName = Get-ResourceGroupName\r\n\t\t$accountName = Get-DataLakeStoreAccountName\r\n\t\tNew-AzureRmResourceGroup -Name $resourceGroupName -Location $location\r\n\r\n\t\t# Test to make sure the account doesn't exist\r\n\t\tAssert-False {Test-AzureRMDataLakeStoreAccount -ResourceGroupName $resourceGroupName -Name $accountName}\r\n\t\t# Test it without specifying a resource group\r\n\t\tAssert-False {Test-AzureRMDataLakeStoreAccount -Name $accountName}\r\n\r\n\t\t$accountCreated = New-AzureRmDataLakeStoreAccount -ResourceGroupName $resourceGroupName -Name $accountName -Location $location\r\n    \r\n\t\tAssert-AreEqual $accountName $accountCreated.Name\r\n\t\tAssert-AreEqual $location $accountCreated.Location\r\n\t\tAssert-AreEqual \"Microsoft.DataLakeStore/accounts\" $accountCreated.Type\r\n\t\tAssert-True {$accountCreated.Id -like \"*$resourceGroupName*\"}\r\n\r\n\t\t# In loop to check if account exists\r\n\t\tfor ($i = 0; $i -le 60; $i++)\r\n\t\t{\r\n\t\t\t[array]$accountGet = Get-AzureRmDataLakeStoreAccount -ResourceGroupName $resourceGroupName -Name $accountName\r\n\t\t\tif ($accountGet[0].Properties.ProvisioningState -like \"Succeeded\")\r\n\t\t\t{\r\n\t\t\t\tAssert-AreEqual $accountName $accountGet[0].Name\r\n\t\t\t\tAssert-AreEqual $location $accountGet[0].Location\r\n\t\t\t\tAssert-AreEqual \"Microsoft.DataLakeStore/accounts\" $accountGet[0].Type\r\n\t\t\t\tAssert-True {$accountGet[0].Id -like \"*$resourceGroupName*\"}\r\n\t\t\t\tbreak\r\n\t\t\t}\r\n\r\n\t\t\tWrite-Host \"account not yet provisioned. current state: $($accountGet[0].Properties.ProvisioningState)\"\r\n\t\t\t[Microsoft.WindowsAzure.Commands.Utilities.Common.TestMockSupport]::Delay(30000)\r\n\t\t\tAssert-False {$i -eq 60} \" Data Lake Store account is not in succeeded state even after 30 min.\"\r\n\t\t}\r\n\r\n\t\t# Test to make sure the account does exist\r\n\t\tAssert-True {Test-AzureRMDataLakeStoreAccount -ResourceGroupName $resourceGroupName -Name $accountName}\r\n\t\t# Test it without specifying a resource group\r\n\t\tAssert-True {Test-AzureRMDataLakeStoreAccount -Name $accountName}\r\n\r\n\t\t# Updating Account\r\n\t\t$tagsToUpdate = @{\"Name\" = \"TestTag\"; \"Value\" = \"TestUpdate\"}\r\n\t\t$accountUpdated = Set-AzureRmDataLakeStoreAccount -ResourceGroupName $resourceGroupName -Name $accountName -Tags $tagsToUpdate\r\n    \r\n\t\tAssert-AreEqual $accountName $accountUpdated.Name\r\n\t\tAssert-AreEqual $location $accountUpdated.Location\r\n\t\tAssert-AreEqual \"Microsoft.DataLakeStore/accounts\" $accountUpdated.Type\r\n\t\tAssert-True {$accountUpdated.Id -like \"*$resourceGroupName*\"}\r\n\t\r\n\t\tAssert-NotNull $accountUpdated.Tags \"Tags do not exists\"\r\n\t\tAssert-NotNull $accountUpdated.Tags[\"TestTag\"] \"The updated tag 'TestTag' does not exist\"\r\n\r\n\t\t# List all accounts in resource group\r\n\t\t[array]$accountsInResourceGroup = Get-AzureRmDataLakeStoreAccount -ResourceGroupName $resourceGroupName\r\n\t\tAssert-True {$accountsInResourceGroup.Count -ge 1}\r\n    \r\n\t\t$found = 0\r\n\t\tfor ($i = 0; $i -lt $accountsInResourceGroup.Count; $i++)\r\n\t\t{\r\n\t\t\tif ($accountsInResourceGroup[$i].Name -eq $accountName)\r\n\t\t\t{\r\n\t\t\t\t$found = 1\r\n\t\t\t\tAssert-AreEqual $location $accountsInResourceGroup[$i].Location\r\n\t\t\t\tAssert-AreEqual \"Microsoft.DataLakeStore/accounts\" $accountsInResourceGroup[$i].Type\r\n\t\t\t\tAssert-True {$accountsInResourceGroup[$i].Id -like \"*$resourceGroupName*\"}\r\n\r\n\t\t\t\tbreak\r\n\t\t\t}\r\n\t\t}\r\n\t\tAssert-True {$found -eq 1} \"Account created earlier is not found when listing all in resource group: $resourceGroupName.\"\r\n\r\n\t\t# List all Data Lake accounts in subscription\r\n\t\t[array]$accountsInSubscription = Get-AzureRmDataLakeStoreAccount\r\n\t\tAssert-True {$accountsInSubscription.Count -ge 1}\r\n\t\tAssert-True {$accountsInSubscription.Count -ge $accountsInResourceGroup.Count}\r\n    \r\n\t\t$found = 0\r\n\t\tfor ($i = 0; $i -lt $accountsInSubscription.Count; $i++)\r\n\t\t{\r\n\t\t\tif ($accountsInSubscription[$i].Name -eq $accountName)\r\n\t\t\t{\r\n\t\t\t\t$found = 1\r\n\t\t\t\tAssert-AreEqual $location $accountsInSubscription[$i].Location\r\n\t\t\t\tAssert-AreEqual \"Microsoft.DataLakeStore/accounts\" $accountsInSubscription[$i].Type\r\n\t\t\t\tAssert-True {$accountsInSubscription[$i].Id -like \"*$resourceGroupName*\"}\r\n    \r\n\t\t\t\tbreak\r\n\t\t\t}\r\n\t\t}\r\n\t\tAssert-True {$found -eq 1} \"Account created earlier is not found when listing all in subscription.\"\r\n\r\n\t\t# Delete Data Lake account\r\n\t\tAssert-True {Remove-AzureRmDataLakeStoreAccount -ResourceGroupName $resourceGroupName -Name $accountName -Force -PassThru} \"Remove Account failed.\"\r\n\r\n\t\t# Verify that it is gone by trying to get it again\r\n\t\tAssert-Throws {Get-AzureRmDataLakeStoreAccount -ResourceGroupName $resourceGroupName -Name $accountName}\r\n\t}\r\n\tfinally\r\n\t{\r\n\t\t# cleanup the resource group that was used in case it still exists. This is a best effort task, we ignore failures here.\r\n\t\tInvoke-HandledCmdlet -Command {Remove-AzureRmDataLakeStoreAccount -ResourceGroupName $resourceGroupName -Name $accountName -Force -ErrorAction SilentlyContinue} -IgnoreFailures\r\n\t\tInvoke-HandledCmdlet -Command {Remove-AzureRmResourceGroup -Name $resourceGroupName -Force -ErrorAction SilentlyContinue} -IgnoreFailures\r\n\t}\r\n}\r\n\r\nfunction Test-DataLakeStoreFileSystem\r\n{\r\n\tparam\r\n\t(\r\n\t\t$fileToCopy,\r\n\t\t$location = \"West US\"\r\n\t)\r\n\r\n\ttry\r\n\t{\r\n\t\t# Creating Account\r\n\t\t$resourceGroupName = Get-ResourceGroupName\r\n\t\t$accountName = Get-DataLakeStoreAccountName\r\n\t\tNew-AzureRmResourceGroup -Name $resourceGroupName -Location $location\r\n\t\t$accountCreated = New-AzureRmDataLakeStoreAccount -ResourceGroupName $resourceGroupName -Name $accountName -Location $location\r\n    \r\n\t\tAssert-AreEqual $accountName $accountCreated.Name\r\n\t\tAssert-AreEqual $location $accountCreated.Location\r\n\t\tAssert-AreEqual \"Microsoft.DataLakeStore/accounts\" $accountCreated.Type\r\n\t\tAssert-True {$accountCreated.Id -like \"*$resourceGroupName*\"}\r\n\r\n\t\t# In loop to check if account exists\r\n\t\tfor ($i = 0; $i -le 60; $i++)\r\n\t\t{\r\n\t\t\t[array]$accountGet = Get-AzureRmDataLakeStoreAccount -ResourceGroupName $resourceGroupName -Name $accountName\r\n\t\t\tif ($accountGet[0].Properties.ProvisioningState -like \"Succeeded\")\r\n\t\t\t{\r\n\t\t\t\tAssert-AreEqual $accountName $accountGet[0].Name\r\n\t\t\t\tAssert-AreEqual $location $accountGet[0].Location\r\n\t\t\t\tAssert-AreEqual \"Microsoft.DataLakeStore/accounts\" $accountGet[0].Type\r\n\t\t\t\tAssert-True {$accountGet[0].Id -like \"*$resourceGroupName*\"}\r\n\t\t\t\tbreak\r\n\t\t\t}\r\n\r\n\t\t\tWrite-Host \"account not yet provisioned. current state: $($accountGet[0].Properties.ProvisioningState)\"\r\n\t\t\t[Microsoft.WindowsAzure.Commands.Utilities.Common.TestMockSupport]::Delay(30000)\r\n\t\t\tAssert-False {$i -eq 60} \" Data Lake Store account is not in succeeded state even after 30 min.\"\r\n\t\t}\r\n\r\n\t\t# define all the files and folders to create\r\n\t\t$folderToCreate = \"/adlspstestfolder\"\r\n\t\t$emptyFilePath = \"$folderToCreate\\emptyfile.txt\" # have one where the slash is in the wrong direction to make sure they get fixed.\r\n\t\t$contentFilePath = \"$folderToCreate/contentfile.txt\"\r\n\t\t$concatFile = \"$folderToCreate/concatfile.txt\"\r\n\t\t$moveFile = \"$folderToCreate/movefile.txt\"\r\n\t\t$movefolder = \"/adlspstestmovefolder\"\r\n\t\t$importFile = \"$folderToCreate/importfile.txt\"\r\n\t\t$content = \"Test file content! @ Azure PsTest01?\"\r\n\t\r\n\r\n\t\t# Create and get Empty folder\r\n\t\t$result = New-AzureRMDataLakeStoreItem -Account $accountName -path $folderToCreate -Folder\r\n\t\tAssert-NotNull $result \"No value was returned on folder creation\"\r\n\t\t$result = Get-AzureRMDataLakeStoreItem -Account $accountName -path $folderToCreate\r\n\t\tAssert-NotNull $result \"No value was returned on folder get\"\r\n\t\tAssert-AreEqual \"Directory\" $result.Type\r\n\t\t# Create and get Empty File\r\n\t\t$result = New-AzureRMDataLakeStoreItem -Account $accountName -path $emptyFilePath\r\n\t\tAssert-NotNull $result \"No value was returned on empty file creation\"\r\n\t\t$result = Get-AzureRMDataLakeStoreItem -Account $accountName -path $emptyFilePath\r\n\t\tAssert-NotNull $result \"No value was returned on empty file get\"\r\n\t\tAssert-AreEqual \"File\" $result.Type\r\n\t\tAssert-AreEqual 0 $result.Length\r\n\t\t# Create and get file with content\r\n\t\t$result = New-AzureRMDataLakeStoreItem -Account $accountName -path $contentFilePath -Value $content\r\n\t\tAssert-NotNull $result \"No value was returned on content file creation\"\r\n\t\t$result = Get-AzureRMDataLakeStoreItem -Account $accountName -path $contentFilePath\r\n\t\tAssert-NotNull $result \"No value was returned on content file get\"\r\n\t\tAssert-AreEqual \"File\" $result.Type\r\n\t\tAssert-AreEqual $content.length $result.Length\r\n\t\t# list files\r\n\t\t$result = Get-AzureRMDataLakeStoreChildItem -Account $accountName -path $folderToCreate\r\n\t\tAssert-NotNull $result \"No value was returned on folder list\"\r\n\t\tAssert-AreEqual 2 $result.length\r\n\t\t# add content to empty file\r\n\t\tAdd-AzureRmDataLakeStoreItemContent -Account $accountName -Path $emptyFilePath -Value $content\r\n\t\t$result = Get-AzureRMDataLakeStoreItem -Account $accountName -path $emptyFilePath\r\n\t\tAssert-NotNull $result \"No value was returned on empty file get with content added\"\r\n\t\tAssert-AreEqual \"File\" $result.Type\r\n\t\tAssert-AreEqual $content.length $result.Length\r\n\t\t# concat files\r\n\t\t$result = Join-AzureRmDataLakeStoreItem -Account $accountName -Paths $emptyFilePath,$contentFilePath -Destination $concatFile\r\n\t\tAssert-NotNull $result \"No value was returned on concat file\"\r\n\t\t$result = Get-AzureRMDataLakeStoreItem -Account $accountName -path $concatFile\r\n\t\tAssert-NotNull $result \"No value was returned on concat file get\"\r\n\t\tAssert-AreEqual \"File\" $result.Type\r\n\t\tAssert-AreEqual $($content.length*2) $result.Length\r\n\t\r\n\t\t# Preview content from the file\r\n\t\t$previewContent = Get-AzureRMDataLakeStoreItemContent -Account $accountName -Path $concatFile\r\n\t\tAssert-AreEqual $($content.length*2) $previewContent.Length\r\n\r\n\t\t# Preview a subset of the content\r\n\t\t$previewContent = Get-AzureRMDataLakeStoreItemContent -Account $accountName -Path $concatFile -Offset 2\r\n\t\tAssert-AreEqual $(($content.length*2) - 2) $previewContent.Length\r\n\r\n\t\t# Preview a subset with a specific length\r\n\t\t$previewContent = Get-AzureRMDataLakeStoreItemContent -Account $accountName -Path $concatFile -Offset 2 -Length $content.Length\r\n\t\tAssert-AreEqual $content.length $previewContent.Length\r\n\r\n\t\t# Import and get file\r\n\t\t$localFileInfo = Get-ChildItem $fileToCopy\r\n\t\t$result = Import-AzureRmDataLakeStoreItem -Account $accountName -Path $fileToCopy -Destination $importFile\r\n\t\tAssert-NotNull $result \"No value was returned on import file\"\r\n\t\t$result = Get-AzureRMDataLakeStoreItem -Account $accountName -path $importFile\r\n\t\tAssert-NotNull $result \"No value was returned on import file get\"\r\n\t\tAssert-AreEqual \"File\" $result.Type\r\n\t\tAssert-AreEqual $localFileInfo.length $result.Length\r\n\t\t# download file\r\n\t\t$currentDir = Split-Path $fileToCopy\r\n\t\t$targetFile = Join-Path $currentDir \"adlspstestdownload.txt\"\r\n\t\tif(Test-Path $targetFile)\r\n\t\t{\r\n\t\t\tRemove-Item -path $targetFile -force -confirm:$false\r\n\t\t}\r\n\r\n\t\tExport-AzureRMDataLakeStoreItem -Account $accountName -Path $concatFile -Destination $targetFile\r\n\t\t$downloadedFileInfo = Get-ChildItem $targetFile\r\n\t\tAssert-AreEqual $($content.length*2) $downloadedFileInfo.length\r\n\t\tRemove-Item -path $targetFile -force -confirm:$false\r\n\r\n\t\t# move a file\r\n\t\t$result = Move-AzureRmDataLakeStoreItem -Account $accountName -Path $concatFile -Destination $moveFile\r\n\t\tAssert-NotNull $result \"No value was returned on move file\"\r\n\t\t$result = Get-AzureRMDataLakeStoreItem -Account $accountName -path $moveFile\r\n\t\tAssert-NotNull $result \"No value was returned on move file get\"\r\n\t\tAssert-AreEqual \"File\" $result.Type\r\n\t\tAssert-AreEqual $($content.length*2) $result.Length\r\n\t\tAssert-Throws {Get-AzureRMDataLakeStoreItem -Account $accountName -path $concatFile}\r\n\t\t# move a folder\r\n\t\t$result = Move-AzureRmDataLakeStoreItem -Account $accountName -Path $folderToCreate -Destination $moveFolder\r\n\t\tAssert-NotNull $result \"No value was returned on move folder\"\r\n\t\t$result = Get-AzureRMDataLakeStoreItem -Account $accountName -path $moveFolder\r\n\t\tAssert-NotNull $result \"No value was returned on move folder get\"\r\n\t\tAssert-AreEqual \"Directory\" $result.Type\r\n\t\tAssert-AreEqual 0 $result.Length\r\n\t\tAssert-Throws {Get-AzureRMDataLakeStoreItem -Account $accountName -path $folderToCreate}\r\n\t\t# delete a file\r\n\t\tAssert-True {Remove-AzureRmDataLakeStoreItem -Account $accountName -paths \"$moveFolder/movefile.txt\" -force -passthru } \"Remove File Failed\"\r\n\t\tAssert-Throws {Get-AzureRMDataLakeStoreItem -Account $accountName -path $moveFile}\r\n\t\t# delete a folder\r\n\t\tAssert-True {Remove-AzureRmDataLakeStoreItem -Account $accountName -paths $moveFolder -force -recurse -passthru} \"Remove folder failed\"\r\n\t\tAssert-Throws {Get-AzureRMDataLakeStoreItem -Account $accountName -path $moveFolder}\r\n    \r\n\t\t# Delete Data Lake account\r\n\t\tAssert-True {Remove-AzureRmDataLakeStoreAccount -ResourceGroupName $resourceGroupName -Name $accountName -Force -PassThru} \"Remove Account failed.\"\r\n\r\n\t\t# Verify that it is gone by trying to get it again\r\n\t\tAssert-Throws {Get-AzureRmDataLakeStoreAccount -ResourceGroupName $resourceGroupName -Name $accountName}\r\n\t}\r\n\tfinally\r\n\t{\r\n\t\t# cleanup the resource group that was used in case it still exists. This is a best effort task, we ignore failures here.\r\n\t\tInvoke-HandledCmdlet -Command {Remove-AzureRmDataLakeStoreAccount -ResourceGroupName $resourceGroupName -Name $accountName -Force -ErrorAction SilentlyContinue} -IgnoreFailures\r\n\t\tInvoke-HandledCmdlet -Command {Remove-AzureRmResourceGroup -Name $resourceGroupName -Force -ErrorAction SilentlyContinue} -IgnoreFailures\r\n\t}\r\n}\r\n\r\nfunction Test-DataLakeStoreFileSystemPermissions\r\n{\r\n\tparam\r\n\t(\r\n\t\t$location = \"West US\"\r\n\t)\r\n\r\n\ttry\r\n\t{\r\n\t\t# Creating Account\r\n\t\t$resourceGroupName = Get-ResourceGroupName\r\n\t\t$accountName = Get-DataLakeStoreAccountName\r\n\t\tNew-AzureRmResourceGroup -Name $resourceGroupName -Location $location\r\n\t\t$accountCreated = New-AzureRmDataLakeStoreAccount -ResourceGroupName $resourceGroupName -Name $accountName -Location $location\r\n    \r\n\t\tAssert-AreEqual $accountName $accountCreated.Name\r\n\t\tAssert-AreEqual $location $accountCreated.Location\r\n\t\tAssert-AreEqual \"Microsoft.DataLakeStore/accounts\" $accountCreated.Type\r\n\t\tAssert-True {$accountCreated.Id -like \"*$resourceGroupName*\"}\r\n\r\n\t\t# In loop to check if account exists\r\n\t\tfor ($i = 0; $i -le 60; $i++)\r\n\t\t{\r\n\t\t\t[array]$accountGet = Get-AzureRmDataLakeStoreAccount -ResourceGroupName $resourceGroupName -Name $accountName\r\n\t\t\tif ($accountGet[0].Properties.ProvisioningState -like \"Succeeded\")\r\n\t\t\t{\r\n\t\t\t\tAssert-AreEqual $accountName $accountGet[0].Name\r\n\t\t\t\tAssert-AreEqual $location $accountGet[0].Location\r\n\t\t\t\tAssert-AreEqual \"Microsoft.DataLakeStore/accounts\" $accountGet[0].Type\r\n\t\t\t\tAssert-True {$accountGet[0].Id -like \"*$resourceGroupName*\"}\r\n\t\t\t\tbreak\r\n\t\t\t}\r\n\r\n\t\t\tWrite-Host \"account not yet provisioned. current state: $($accountGet[0].Properties.ProvisioningState)\"\r\n\t\t\t[Microsoft.WindowsAzure.Commands.Utilities.Common.TestMockSupport]::Delay(30000)\r\n\t\t\tAssert-False {$i -eq 60} \" Data Lake Store account is not in succeeded state even after 30 min.\"\r\n\t\t}\r\n\r\n\t\t# define the permissions to add/remove\r\n\t\t$aceUserId = \"027c28d5-c91d-49f0-98c5-d10134b169b3\"\r\n\r\n\t\t# Set and get all the permissions\r\n\t\t$result = Get-AzureRMDataLakeStoreItemAcl -Account $accountName -path \"/\"\r\n\t\tAssert-NotNull $result \"Did not get any result from ACL get\" \r\n\t\tAssert-True {$result.UserAces.count -ge 0} \"UserAces is negative or null\"\r\n\t\t$currentCount = $result.UserAces.Count\r\n\t\t$result.UserAces.Add($aceUserId, \"rwx\") \r\n\t\tSet-AzureRMDataLakeStoreItemAcl -Account $accountName -path \"/\" -Acl $result -Force\r\n\t\t$result = Get-AzureRMDataLakeStoreItemAcl -Account $accountName -path \"/\"\r\n\t\tAssert-AreEqual $($currentCount+1) $result.UserACes.Count\r\n\t\t$result.UserAces.Remove($aceUserId)\r\n\t\t# remove the account\r\n\t\tSet-AzureRMDataLakeStoreItemAcl -Account $accountName -path \"/\" -Acl $result -Force\r\n\t\t$result = Get-AzureRMDataLakeStoreItemAcl -Account $accountName -path \"/\"\r\n\t\tAssert-AreEqual $currentCount $result.UserAces.Count\r\n\r\n\t\t# Set and get a specific permission with friendly sets\r\n\t\tSet-AzureRmDataLakeStoreItemAclEntry -Account $accountName -path \"/\" -AceType User -Id $aceUserId -Permissions All -Force\r\n\t\t$result = Get-AzureRMDataLakeStoreItemAcl -Account $accountName -path \"/\"\r\n\t\tAssert-AreEqual $($currentCount+1) $result.UserAces.Count\r\n\t\t# remove a specific permission with friendly remove\r\n\t\tRemove-AzureRmDataLakeStoreItemAclEntry -Account $accountName -path \"/\" -AceType User -Id $aceUserId -Force\r\n\t\t$result = Get-AzureRMDataLakeStoreItemAcl -Account $accountName -path \"/\"\r\n\t\tAssert-AreEqual $currentCount $result.UserAces.Count\r\n\t\t# set and get a specific permission with the ACE string\r\n\t\tSet-AzureRmDataLakeStoreItemAclEntry -Account $accountName -path \"/\" -Acl $([string]::Format(\"user:{0}:rwx\", $aceUserId)) -Force\r\n\t\t$result = Get-AzureRMDataLakeStoreItemAcl -Account $accountName -path \"/\"\r\n\t\tAssert-AreEqual $($currentCount+1) $result.UserAces.Count\r\n\t\t# remove a specific permission with the ACE string\r\n\t\tRemove-AzureRmDataLakeStoreItemAclEntry -Account $accountName -path \"/\" -Acl $([string]::Format(\"user:{0}:---\", $aceUserId)) -force\r\n\t\t$result = Get-AzureRMDataLakeStoreItemAcl -Account $accountName -path \"/\"\r\n\t\tAssert-AreEqual $currentCount $result.UserAces.Count\r\n\r\n\t\t# verify that removal of full acl and default acl fail\r\n\t\t# NOTE: commenting these tests out as these cmdlets have been temporarily removed until\r\n\t\t# They are actually supported. This avoids confusion for our customers who might try to use them.\r\n\t\t# Assert-Throws {Remove-AzureRmDataLakeStoreItemAcl -Account $accountName -Path \"/\" -Force }\r\n\t\t# Assert-Throws {Remove-AzureRmDataLakeStoreItemAcl -Account $accountName -Path \"/\" -Force -Default }\r\n\r\n\t\t# Delete Data Lake account\r\n\t\tAssert-True {Remove-AzureRmDataLakeStoreAccount -ResourceGroupName $resourceGroupName -Name $accountName -Force -PassThru} \"Remove Account failed.\"\r\n\r\n\t\t# Verify that it is gone by trying to get it again\r\n\t\tAssert-Throws {Get-AzureRmDataLakeStoreAccount -ResourceGroupName $resourceGroupName -Name $accountName}\r\n\t}\r\n\tfinally\r\n\t{\r\n\t\t# cleanup the resource group that was used in case it still exists. This is a best effort task, we ignore failures here.\r\n\t\tInvoke-HandledCmdlet -Command {Remove-AzureRmDataLakeStoreAccount -ResourceGroupName $resourceGroupName -Name $accountName -Force -ErrorAction SilentlyContinue} -IgnoreFailures\r\n\t\tInvoke-HandledCmdlet -Command {Remove-AzureRmResourceGroup -Name $resourceGroupName -Force -ErrorAction SilentlyContinue} -IgnoreFailures\r\n\t}\r\n}\r\n\r\n<#\r\n.SYNOPSIS\r\nTests DataLakeStore Account Lifecycle Failure scenarios (Create, Update, Get, Delete).\r\n#>\r\nfunction Test-NegativeDataLakeStoreAccount\r\n{\r\n    param\r\n\t(\r\n\t\t$location = \"West US\",\r\n\t\t$fakeaccountName = \"psfakedataLakeaccounttest\"\r\n\t)\r\n\t\r\n\ttry\r\n\t{\r\n\t\t# Creating Account\r\n\t\t$resourceGroupName = Get-ResourceGroupName\r\n\t\t$accountName = Get-DataLakeStoreAccountName\r\n\t\tNew-AzureRmResourceGroup -Name $resourceGroupName -Location $location\r\n\t\t$accountCreated = New-AzureRmDataLakeStoreAccount -ResourceGroupName $resourceGroupName -Name $accountName -Location $location\r\n    \r\n\t\tAssert-AreEqual $accountName $accountCreated.Name\r\n\t\tAssert-AreEqual $location $accountCreated.Location\r\n\t\tAssert-AreEqual \"Microsoft.DataLakeStore/accounts\" $accountCreated.Type\r\n\t\tAssert-True {$accountCreated.Id -like \"*$resourceGroupName*\"}\r\n\r\n\t\t# In loop to check if account exists\r\n\t\tfor ($i = 0; $i -le 60; $i++)\r\n\t\t{\r\n        \r\n\t\t\t[array]$accountGet = Get-AzureRmDataLakeStoreAccount -ResourceGroupName $resourceGroupName -Name $accountName\r\n\t\t\tif ($accountGet[0].Properties.ProvisioningState -like \"Succeeded\")\r\n\t\t\t{\r\n\t\t\t\tAssert-AreEqual $accountName $accountGet[0].Name\r\n\t\t\t\tAssert-AreEqual $location $accountGet[0].Location\r\n\t\t\t\tAssert-AreEqual \"Microsoft.DataLakeStore/accounts\" $accountGet[0].Type\r\n\t\t\t\tAssert-True {$accountGet[0].Id -like \"*$resourceGroupName*\"}\r\n\t\t\t\tbreak\r\n\t\t\t}\r\n\r\n\t\t\tWrite-Host \"account not yet provisioned. current state: $($accountGet[0].Properties.ProvisioningState)\"\r\n\t\t\t[Microsoft.WindowsAzure.Commands.Utilities.Common.TestMockSupport]::Delay(30000)\r\n\t\t\tAssert-False {$i -eq 60} \" Data Lake Store account not in succeeded state even after 30 min.\"\r\n\t\t}\r\n\r\n\t\t# attempt to recreate the already created account\r\n\t\tAssert-Throws {New-AzureRmDataLakeStoreAccount -ResourceGroupName $resourceGroupName -Name $accountName -Location $location}\r\n\r\n\t\t# attempt to update a non-existent account\r\n\t\t$tagsToUpdate = @{\"Name\" = \"TestTag\"; \"Value\" = \"TestUpdate\"}\r\n\t\tAssert-Throws {Set-AzureRmDataLakeStoreAccount -ResourceGroupName $resourceGroupName -Name $fakeaccountName -Tags $tagsToUpdate}\r\n\r\n\t\t# attempt to get a non-existent account\r\n\t\tAssert-Throws {Get-AzureRmDataLakeStoreAccount -ResourceGroupName $resourceGroupName -Name $fakeaccountName}\r\n\r\n\t\t# Delete Data Lake account\r\n\t\tAssert-True {Remove-AzureRmDataLakeStoreAccount -ResourceGroupName $resourceGroupName -Name $accountName -Force -PassThru} \"Remove Account failed.\"\r\n\r\n\t\t# Delete Data Lake account again should throw.\r\n\t\tAssert-Throws {Remove-AzureRmDataLakeStoreAccount -ResourceGroupName $resourceGroupName -Name $accountName -Force -PassThru}\r\n\r\n\t\t# Verify that it is gone by trying to get it again\r\n\t\tAssert-Throws {Get-AzureRmDataLakeStoreAccount -ResourceGroupName $resourceGroupName -Name $accountName}\r\n\t}\r\n\tfinally\r\n\t{\r\n\t\t# cleanup the resource group that was used in case it still exists. This is a best effort task, we ignore failures here.\r\n\t\tInvoke-HandledCmdlet -Command {Remove-AzureRmDataLakeStoreAccount -ResourceGroupName $resourceGroupName -Name $accountName -Force -ErrorAction SilentlyContinue} -IgnoreFailures\r\n\t\tInvoke-HandledCmdlet -Command {Remove-AzureRmResourceGroup -Name $resourceGroupName -Force -ErrorAction SilentlyContinue} -IgnoreFailures\r\n\t}\r\n",
      "RequestHeaders": {
        "Content-Type": [
          "application/octet-stream"
        ],
        "Content-Length": [
          "21790"
        ],
        "x-ms-client-request-id": [
          "76af8d7b-3852-48f7-adb2-0d4edfb123f9"
        ],
        "Transfer-Encoding": [
          "chunked"
        ],
        "accept-language": [
          "en-US"
        ],
        "User-Agent": [
          "Microsoft.Azure.Management.DataLake.Store.DataLakeStoreFileSystemManagementClient/0.12.0.0"
        ]
      },
      "ResponseBody": "",
      "ResponseHeaders": {
        "Content-Length": [
          "0"
        ],
        "Expires": [
          "-1"
        ],
        "Pragma": [
          "no-cache"
        ],
        "x-ms-request-id": [
          "696551b7-c86e-4dcf-a3f9-d200aa095d17"
        ],
        "ContentLength": [
          "0"
        ],
        "Server-Perf": [
          "[696551b7-c86e-4dcf-a3f9-d200aa095d17][ AuthTime::1503.34521040204::PostAuthTime::562.845603666879 ][FsDelete :: 00:00:007 ms]%0a[CleanCacheDelete :: 00:00:000 ms]%0a[Delete :: 00:00:011 ms]%0a[FsOpenStream :: 00:00:050 ms]%0a[Open :: 00:00:050 ms]%0a[FsAppendStream :: 00:00:173 ms]%0a[Write :: 00:00:326 ms]%0a[CREATE :: 00:00:390 ms]%0a"
        ],
        "Status": [
          "0x0"
        ],
        "X-Content-Type-Options": [
          "nosniff"
        ],
        "Strict-Transport-Security": [
          "max-age=15724800; includeSubDomains"
        ],
        "Cache-Control": [
          "no-cache"
        ],
        "Date": [
          "Wed, 25 May 2016 23:11:03 GMT"
        ],
        "Location": [
          "https://onesdk4313.azuredatalakestore.net/webhdfs/v1/adlspstestfolder/importfile.txt?overwrite=true&op=CREATE&write=true&api-version=2015-10-01-preview"
        ],
        "Set-Cookie": [
          "UserPrincipalSession=d983caec-cf8c-404b-a709-0a0898f7934e; path=/; secure; HttpOnly"
        ]
      },
      "StatusCode": 201
    },
    {
      "RequestUri": "/webhdfs/v1/adlspstestfolder%2Fimportfile.txt?op=APPEND&append=true&api-version=2015-10-01-preview",
      "EncodedRequestUri": "L3dlYmhkZnMvdjEvYWRsc3BzdGVzdGZvbGRlciUyRmltcG9ydGZpbGUudHh0P29wPUFQUEVORCZhcHBlbmQ9dHJ1ZSZhcGktdmVyc2lvbj0yMDE1LTEwLTAxLXByZXZpZXc=",
      "RequestMethod": "POST",
      "RequestBody": "}",
      "RequestHeaders": {
        "Content-Type": [
          "application/octet-stream"
        ],
        "Content-Length": [
          "1"
        ],
        "x-ms-client-request-id": [
          "12089ed6-e1c6-4529-880a-2bf9c489581e"
        ],
        "Transfer-Encoding": [
          "chunked"
        ],
        "accept-language": [
          "en-US"
        ],
        "User-Agent": [
          "Microsoft.Azure.Management.DataLake.Store.DataLakeStoreFileSystemManagementClient/0.12.0.0"
        ]
      },
      "ResponseBody": "",
      "ResponseHeaders": {
        "Content-Length": [
          "0"
        ],
        "Expires": [
          "-1"
        ],
        "Pragma": [
          "no-cache"
        ],
        "x-ms-request-id": [
          "dae282f3-3e17-474a-94cb-b2558b97a991"
        ],
        "Server-Perf": [
          "[dae282f3-3e17-474a-94cb-b2558b97a991][ AuthTime::667.630689455926::PostAuthTime::180.914658321497 ][GetCacheEntry :: 00:00:000 ms]%0a[FsOpenStream :: 00:00:019 ms]%0a[OpenNewHandle :: 00:00:020 ms]%0a[CreateCacheEntry :: 00:00:000 ms]%0a[GetOrCreateHandle :: 00:00:020 ms]%0a[Open :: 00:00:020 ms]%0a[FsGetStreamLength :: 00:00:007 ms]%0a[GetLength :: 00:00:007 ms]%0a[FsAppendStream :: 00:00:028 ms]%0a[Write :: 00:00:219 ms]%0a[APPEND :: 00:00:248 ms]%0a"
        ],
        "Status": [
          "0x0"
        ],
        "X-Content-Type-Options": [
          "nosniff"
        ],
        "Strict-Transport-Security": [
          "max-age=15724800; includeSubDomains"
        ],
        "Cache-Control": [
          "no-cache"
        ],
        "Date": [
          "Wed, 25 May 2016 23:11:03 GMT"
        ]
      },
      "StatusCode": 200
    },
    {
      "RequestUri": "/webhdfs/v1/adlspstestfolder%2Fconcatfile.txt?length=33554432&offset=0&op=OPEN&read=true&api-version=2015-10-01-preview",
      "EncodedRequestUri": "L3dlYmhkZnMvdjEvYWRsc3BzdGVzdGZvbGRlciUyRmNvbmNhdGZpbGUudHh0P2xlbmd0aD0zMzU1NDQzMiZvZmZzZXQ9MCZvcD1PUEVOJnJlYWQ9dHJ1ZSZhcGktdmVyc2lvbj0yMDE1LTEwLTAxLXByZXZpZXc=",
      "RequestMethod": "GET",
      "RequestBody": "",
      "RequestHeaders": {
        "x-ms-client-request-id": [
          "f3f13143-3851-42e4-8e8f-ce8773d718ba"
        ],
        "accept-language": [
          "en-US"
        ],
        "User-Agent": [
          "Microsoft.Azure.Management.DataLake.Store.DataLakeStoreFileSystemManagementClient/0.12.0.0"
        ]
      },
      "ResponseBody": "Test file content! @ Azure PsTest01?Test file content! @ Azure PsTest01?",
      "ResponseHeaders": {
        "Content-Type": [
          "application/octet-stream"
        ],
        "Expires": [
          "-1"
        ],
        "Pragma": [
          "no-cache"
        ],
        "Transfer-Encoding": [
          "chunked"
        ],
        "x-ms-request-id": [
          "077b32ab-7bc5-4784-aa51-d8ebbbab0053"
        ],
        "Server-Perf": [
          "[077b32ab-7bc5-4784-aa51-d8ebbbab0053][ AuthTime::645.390589614985::PostAuthTime::165.517666123923 ][FsOpenStream :: 00:00:018 ms]%0a[Open :: 00:00:018 ms]%0a[FsReadStream :: 00:00:081 ms]%0a[OPEN :: 00:00:100 ms]%0a"
        ],
        "Status": [
          "0x0"
        ],
        "X-Content-Type-Options": [
          "nosniff"
        ],
        "Strict-Transport-Security": [
          "max-age=15724800; includeSubDomains"
        ],
        "Cache-Control": [
          "no-cache"
        ],
        "Date": [
          "Wed, 25 May 2016 23:11:04 GMT"
        ]
      },
      "StatusCode": 200
    },
    {
      "RequestUri": "/webhdfs/v1/adlspstestfolder%2Fconcatfile.txt?destination=adlspstestfolder%2Fmovefile.txt&op=RENAME&api-version=2015-10-01-preview",
      "EncodedRequestUri": "L3dlYmhkZnMvdjEvYWRsc3BzdGVzdGZvbGRlciUyRmNvbmNhdGZpbGUudHh0P2Rlc3RpbmF0aW9uPWFkbHNwc3Rlc3Rmb2xkZXIlMkZtb3ZlZmlsZS50eHQmb3A9UkVOQU1FJmFwaS12ZXJzaW9uPTIwMTUtMTAtMDEtcHJldmlldw==",
      "RequestMethod": "PUT",
      "RequestBody": "",
      "RequestHeaders": {
        "x-ms-client-request-id": [
          "6f8cfd50-76f8-4d58-876f-feeccde828d5"
        ],
        "accept-language": [
          "en-US"
        ],
        "User-Agent": [
          "Microsoft.Azure.Management.DataLake.Store.DataLakeStoreFileSystemManagementClient/0.12.0.0"
        ]
      },
      "ResponseBody": "{\r\n  \"boolean\": true\r\n}",
      "ResponseHeaders": {
        "Content-Length": [
          "16"
        ],
        "Content-Type": [
          "application/json; charset=utf-8"
        ],
        "Expires": [
          "-1"
        ],
        "Pragma": [
          "no-cache"
        ],
        "x-ms-request-id": [
          "d6c10e0e-126b-4857-9e60-974798068ca4"
        ],
        "Server-Perf": [
          "[d6c10e0e-126b-4857-9e60-974798068ca4][ AuthTime::671.47993750532::PostAuthTime::171.505385311868 ][GetFileStatus :: 00:00:000 ms]%0a[HdfsGetFileStatusV2 :: 00:00:008 ms]%0a[GetFileStatus :: 00:00:008 ms]%0a[FsRename :: 00:00:076 ms]%0a[CleanCacheRename :: 00:00:000 ms]%0a[RENAME :: 00:00:088 ms]%0a"
        ],
        "Status": [
          "0x0"
        ],
        "X-Content-Type-Options": [
          "nosniff"
        ],
        "Strict-Transport-Security": [
          "max-age=15724800; includeSubDomains"
        ],
        "Cache-Control": [
          "no-cache"
        ],
        "Date": [
          "Wed, 25 May 2016 23:11:04 GMT"
        ]
      },
      "StatusCode": 200
    },
    {
      "RequestUri": "/webhdfs/v1/adlspstestfolder%2Fmovefile.txt?op=GETFILESTATUS&api-version=2015-10-01-preview",
      "EncodedRequestUri": "L3dlYmhkZnMvdjEvYWRsc3BzdGVzdGZvbGRlciUyRm1vdmVmaWxlLnR4dD9vcD1HRVRGSUxFU1RBVFVTJmFwaS12ZXJzaW9uPTIwMTUtMTAtMDEtcHJldmlldw==",
      "RequestMethod": "GET",
      "RequestBody": "",
      "RequestHeaders": {
        "x-ms-client-request-id": [
          "25249e1e-b7df-4e25-96b0-f7200ff4a1f1"
        ],
        "accept-language": [
          "en-US"
        ],
        "User-Agent": [
          "Microsoft.Azure.Management.DataLake.Store.DataLakeStoreFileSystemManagementClient/0.12.0.0"
        ]
      },
      "ResponseBody": "{\r\n  \"FileStatus\": {\r\n    \"length\": 72,\r\n    \"pathSuffix\": \"\",\r\n    \"type\": \"FILE\",\r\n    \"blockSize\": 268435456,\r\n    \"accessTime\": 1464217860727,\r\n    \"modificationTime\": 1464217860800,\r\n    \"replication\": 1,\r\n    \"permission\": \"770\",\r\n    \"owner\": \"2e6c02d2-a364-4530-9137-d17403996cbf\",\r\n    \"group\": \"2e6c02d2-a364-4530-9137-d17403996cbf\"\r\n  }\r\n}",
      "ResponseHeaders": {
        "Content-Length": [
          "269"
        ],
        "Content-Type": [
          "application/json; charset=utf-8"
        ],
        "Expires": [
          "-1"
        ],
        "Pragma": [
          "no-cache"
        ],
        "x-ms-request-id": [
          "abdd79d0-d79f-43c2-a9c6-5b3a7eb7e1d4"
        ],
        "Server-Perf": [
          "[abdd79d0-d79f-43c2-a9c6-5b3a7eb7e1d4][ AuthTime::667.630689455926::PostAuthTime::179.203881410655 ][GetFileStatus :: 00:00:000 ms]%0a[HdfsGetFileStatusV2 :: 00:00:018 ms]%0a[GetFileStatus :: 00:00:018 ms]%0a[GETFILESTATUS :: 00:00:018 ms]%0a"
        ],
        "Status": [
          "0x0"
        ],
        "X-Content-Type-Options": [
          "nosniff"
        ],
        "Strict-Transport-Security": [
          "max-age=15724800; includeSubDomains"
        ],
        "Cache-Control": [
          "no-cache"
        ],
        "Date": [
          "Wed, 25 May 2016 23:11:04 GMT"
        ]
      },
      "StatusCode": 200
    },
    {
      "RequestUri": "/webhdfs/v1/adlspstestfolder%2Fmovefile.txt?op=GETFILESTATUS&api-version=2015-10-01-preview",
      "EncodedRequestUri": "L3dlYmhkZnMvdjEvYWRsc3BzdGVzdGZvbGRlciUyRm1vdmVmaWxlLnR4dD9vcD1HRVRGSUxFU1RBVFVTJmFwaS12ZXJzaW9uPTIwMTUtMTAtMDEtcHJldmlldw==",
      "RequestMethod": "GET",
      "RequestBody": "",
      "RequestHeaders": {
        "x-ms-client-request-id": [
          "d265dfc6-e5c9-4787-9ed5-5082068a92a1"
        ],
        "accept-language": [
          "en-US"
        ],
        "User-Agent": [
          "Microsoft.Azure.Management.DataLake.Store.DataLakeStoreFileSystemManagementClient/0.12.0.0"
        ]
      },
      "ResponseBody": "{\r\n  \"RemoteException\": {\r\n    \"exception\": \"FileNotFoundException\",\r\n    \"message\": \"File/Folder does not exist: //adlspstestfolder/movefile.txt [a3cb6f11-3a1f-4d83-893b-dd8fba228860][2016-05-25T16:11:05.6765433-07:00]\",\r\n    \"javaClassName\": \"java.io.FileNotFoundException\"\r\n  }\r\n}",
      "ResponseHeaders": {
        "Content-Length": [
          "251"
        ],
        "Content-Type": [
          "application/json; charset=utf-8"
        ],
        "Expires": [
          "-1"
        ],
        "Pragma": [
          "no-cache"
        ],
        "x-ms-request-id": [
          "a3cb6f11-3a1f-4d83-893b-dd8fba228860"
        ],
        "Server-Perf": [
          "[a3cb6f11-3a1f-4d83-893b-dd8fba228860][ AuthTime::685.166152792052::PostAuthTime::175.782327588972 ][GetFileStatus :: 00:00:000 ms]%0a[HdfsGetFileStatusV2 :: 00:00:025 ms]%0a[GetFileStatus :: 00:00:025 ms]%0a[GETFILESTATUS :: 00:00:025 ms]%0a"
        ],
        "Status": [
          "0x8309000A"
        ],
        "X-Content-Type-Options": [
          "nosniff"
        ],
        "Strict-Transport-Security": [
          "max-age=15724800; includeSubDomains"
        ],
        "Cache-Control": [
          "no-cache"
        ],
        "Date": [
          "Wed, 25 May 2016 23:11:05 GMT"
        ]
      },
      "StatusCode": 404
    },
    {
      "RequestUri": "/webhdfs/v1/adlspstestfolder?destination=adlspstestmovefolder&op=RENAME&api-version=2015-10-01-preview",
      "EncodedRequestUri": "L3dlYmhkZnMvdjEvYWRsc3BzdGVzdGZvbGRlcj9kZXN0aW5hdGlvbj1hZGxzcHN0ZXN0bW92ZWZvbGRlciZvcD1SRU5BTUUmYXBpLXZlcnNpb249MjAxNS0xMC0wMS1wcmV2aWV3",
      "RequestMethod": "PUT",
      "RequestBody": "",
      "RequestHeaders": {
        "x-ms-client-request-id": [
          "214e8c98-8e2f-4ec3-8e9c-53c9eecd4197"
        ],
        "accept-language": [
          "en-US"
        ],
        "User-Agent": [
          "Microsoft.Azure.Management.DataLake.Store.DataLakeStoreFileSystemManagementClient/0.12.0.0"
        ]
      },
      "ResponseBody": "{\r\n  \"boolean\": true\r\n}",
      "ResponseHeaders": {
        "Content-Length": [
          "16"
        ],
        "Content-Type": [
          "application/json; charset=utf-8"
        ],
        "Expires": [
          "-1"
        ],
        "Pragma": [
          "no-cache"
        ],
        "x-ms-request-id": [
          "b04a71b4-d434-4940-858c-d901b87adbb7"
        ],
        "Server-Perf": [
          "[b04a71b4-d434-4940-858c-d901b87adbb7][ AuthTime::1535.42227748032::PostAuthTime::577.387207409033 ][GetFileStatus :: 00:00:000 ms]%0a[HdfsGetFileStatusV2 :: 00:00:009 ms]%0a[GetFileStatus :: 00:00:009 ms]%0a[FsRename :: 00:00:069 ms]%0a[CleanCacheRename :: 00:00:000 ms]%0a[RENAME :: 00:00:080 ms]%0a"
        ],
        "Status": [
          "0x0"
        ],
        "X-Content-Type-Options": [
          "nosniff"
        ],
        "Strict-Transport-Security": [
          "max-age=15724800; includeSubDomains"
        ],
        "Cache-Control": [
          "no-cache"
        ],
        "Date": [
          "Wed, 25 May 2016 23:11:04 GMT"
        ],
        "Set-Cookie": [
          "UserPrincipalSession=d983caec-cf8c-404b-a709-0a0898f7934e; path=/; secure; HttpOnly"
        ]
      },
      "StatusCode": 200
    },
    {
      "RequestUri": "/webhdfs/v1/adlspstestmovefolder?op=GETFILESTATUS&api-version=2015-10-01-preview",
      "EncodedRequestUri": "L3dlYmhkZnMvdjEvYWRsc3BzdGVzdG1vdmVmb2xkZXI/b3A9R0VURklMRVNUQVRVUyZhcGktdmVyc2lvbj0yMDE1LTEwLTAxLXByZXZpZXc=",
      "RequestMethod": "GET",
      "RequestBody": "",
      "RequestHeaders": {
        "x-ms-client-request-id": [
          "f7ba4aa5-5a86-467c-bfb9-8adb99ccda92"
        ],
        "accept-language": [
          "en-US"
        ],
        "User-Agent": [
          "Microsoft.Azure.Management.DataLake.Store.DataLakeStoreFileSystemManagementClient/0.12.0.0"
        ]
      },
      "ResponseBody": "{\r\n  \"FileStatus\": {\r\n    \"length\": 0,\r\n    \"pathSuffix\": \"\",\r\n    \"type\": \"DIRECTORY\",\r\n    \"blockSize\": 0,\r\n    \"accessTime\": 1464217856475,\r\n    \"modificationTime\": 1464217862913,\r\n    \"replication\": 0,\r\n    \"permission\": \"770\",\r\n    \"owner\": \"2e6c02d2-a364-4530-9137-d17403996cbf\",\r\n    \"group\": \"2e6c02d2-a364-4530-9137-d17403996cbf\"\r\n  }\r\n}",
      "ResponseHeaders": {
        "Content-Length": [
          "265"
        ],
        "Content-Type": [
          "application/json; charset=utf-8"
        ],
        "Expires": [
          "-1"
        ],
        "Pragma": [
          "no-cache"
        ],
        "x-ms-request-id": [
          "acf30761-0bb1-47d4-a224-7705ccafdadd"
        ],
        "Server-Perf": [
          "[acf30761-0bb1-47d4-a224-7705ccafdadd][ AuthTime::673.190714416161::PostAuthTime::167.656137262475 ][GetFileStatus :: 00:00:000 ms]%0a[HdfsGetFileStatusV2 :: 00:00:013 ms]%0a[GetFileStatus :: 00:00:014 ms]%0a[GETFILESTATUS :: 00:00:014 ms]%0a"
        ],
        "Status": [
          "0x0"
        ],
        "X-Content-Type-Options": [
          "nosniff"
        ],
        "Strict-Transport-Security": [
          "max-age=15724800; includeSubDomains"
        ],
        "Cache-Control": [
          "no-cache"
        ],
        "Date": [
          "Wed, 25 May 2016 23:11:04 GMT"
        ]
      },
      "StatusCode": 200
    },
    {
      "RequestUri": "/webhdfs/v1/adlspstestmovefolder?op=GETFILESTATUS&api-version=2015-10-01-preview",
      "EncodedRequestUri": "L3dlYmhkZnMvdjEvYWRsc3BzdGVzdG1vdmVmb2xkZXI/b3A9R0VURklMRVNUQVRVUyZhcGktdmVyc2lvbj0yMDE1LTEwLTAxLXByZXZpZXc=",
      "RequestMethod": "GET",
      "RequestBody": "",
      "RequestHeaders": {
        "x-ms-client-request-id": [
          "ad292398-01a7-4814-b213-8be6c3eeef5d"
        ],
        "accept-language": [
          "en-US"
        ],
        "User-Agent": [
          "Microsoft.Azure.Management.DataLake.Store.DataLakeStoreFileSystemManagementClient/0.12.0.0"
        ]
      },
      "ResponseBody": "{\r\n  \"FileStatus\": {\r\n    \"length\": 0,\r\n    \"pathSuffix\": \"\",\r\n    \"type\": \"DIRECTORY\",\r\n    \"blockSize\": 0,\r\n    \"accessTime\": 1464217856475,\r\n    \"modificationTime\": 1464217862913,\r\n    \"replication\": 0,\r\n    \"permission\": \"770\",\r\n    \"owner\": \"2e6c02d2-a364-4530-9137-d17403996cbf\",\r\n    \"group\": \"2e6c02d2-a364-4530-9137-d17403996cbf\"\r\n  }\r\n}",
      "ResponseHeaders": {
        "Content-Length": [
          "265"
        ],
        "Content-Type": [
          "application/json; charset=utf-8"
        ],
        "Expires": [
          "-1"
        ],
        "Pragma": [
          "no-cache"
        ],
        "x-ms-request-id": [
          "62e571d5-4b10-4302-804e-5292a9ae6d29"
        ],
        "Server-Perf": [
          "[62e571d5-4b10-4302-804e-5292a9ae6d29][ AuthTime::1569.21012146944::PostAuthTime::603.476555299367 ][GetFileStatus :: 00:00:000 ms]%0a[HdfsGetFileStatusV2 :: 00:00:014 ms]%0a[GetFileStatus :: 00:00:014 ms]%0a[GETFILESTATUS :: 00:00:014 ms]%0a"
        ],
        "Status": [
          "0x0"
        ],
        "X-Content-Type-Options": [
          "nosniff"
        ],
        "Strict-Transport-Security": [
          "max-age=15724800; includeSubDomains"
        ],
        "Cache-Control": [
          "no-cache"
        ],
        "Date": [
          "Wed, 25 May 2016 23:11:05 GMT"
        ],
        "Set-Cookie": [
          "UserPrincipalSession=d983caec-cf8c-404b-a709-0a0898f7934e; path=/; secure; HttpOnly"
        ]
      },
      "StatusCode": 200
    },
    {
      "RequestUri": "/webhdfs/v1/adlspstestmovefolder?op=GETFILESTATUS&api-version=2015-10-01-preview",
      "EncodedRequestUri": "L3dlYmhkZnMvdjEvYWRsc3BzdGVzdG1vdmVmb2xkZXI/b3A9R0VURklMRVNUQVRVUyZhcGktdmVyc2lvbj0yMDE1LTEwLTAxLXByZXZpZXc=",
      "RequestMethod": "GET",
      "RequestBody": "",
      "RequestHeaders": {
        "x-ms-client-request-id": [
          "ca12b8fc-1e96-4b23-8961-92a7007b6d97"
        ],
        "accept-language": [
          "en-US"
        ],
        "User-Agent": [
          "Microsoft.Azure.Management.DataLake.Store.DataLakeStoreFileSystemManagementClient/0.12.0.0"
        ]
      },
      "ResponseBody": "{\r\n  \"RemoteException\": {\r\n    \"exception\": \"FileNotFoundException\",\r\n    \"message\": \"File/Folder does not exist: //adlspstestmovefolder [c866540e-0ec7-4574-9665-0f41a0849985][2016-05-25T16:11:06.1453023-07:00]\",\r\n    \"javaClassName\": \"java.io.FileNotFoundException\"\r\n  }\r\n}",
      "ResponseHeaders": {
        "Content-Length": [
          "242"
        ],
        "Content-Type": [
          "application/json; charset=utf-8"
        ],
        "Expires": [
          "-1"
        ],
        "Pragma": [
          "no-cache"
        ],
        "x-ms-request-id": [
          "c866540e-0ec7-4574-9665-0f41a0849985"
        ],
        "Server-Perf": [
          "[c866540e-0ec7-4574-9665-0f41a0849985][ AuthTime::650.52292034751::PostAuthTime::169.794608401027 ][GetFileStatus :: 00:00:000 ms]%0a[HdfsGetFileStatusV2 :: 00:00:007 ms]%0a[GetFileStatus :: 00:00:007 ms]%0a[GETFILESTATUS :: 00:00:007 ms]%0a"
        ],
        "Status": [
          "0x8309000A"
        ],
        "X-Content-Type-Options": [
          "nosniff"
        ],
        "Strict-Transport-Security": [
          "max-age=15724800; includeSubDomains"
        ],
        "Cache-Control": [
          "no-cache"
        ],
        "Date": [
          "Wed, 25 May 2016 23:11:05 GMT"
        ]
      },
      "StatusCode": 404
    },
    {
      "RequestUri": "/webhdfs/v1/adlspstestmovefolder%2Fmovefile.txt?op=GETFILESTATUS&api-version=2015-10-01-preview",
      "EncodedRequestUri": "L3dlYmhkZnMvdjEvYWRsc3BzdGVzdG1vdmVmb2xkZXIlMkZtb3ZlZmlsZS50eHQ/b3A9R0VURklMRVNUQVRVUyZhcGktdmVyc2lvbj0yMDE1LTEwLTAxLXByZXZpZXc=",
      "RequestMethod": "GET",
      "RequestBody": "",
      "RequestHeaders": {
        "x-ms-client-request-id": [
          "75f2dcd9-e4cb-41cb-92b3-118bf65631e5"
        ],
        "accept-language": [
          "en-US"
        ],
        "User-Agent": [
          "Microsoft.Azure.Management.DataLake.Store.DataLakeStoreFileSystemManagementClient/0.12.0.0"
        ]
      },
      "ResponseBody": "{\r\n  \"FileStatus\": {\r\n    \"length\": 72,\r\n    \"pathSuffix\": \"\",\r\n    \"type\": \"FILE\",\r\n    \"blockSize\": 268435456,\r\n    \"accessTime\": 1464217860727,\r\n    \"modificationTime\": 1464217860800,\r\n    \"replication\": 1,\r\n    \"permission\": \"770\",\r\n    \"owner\": \"2e6c02d2-a364-4530-9137-d17403996cbf\",\r\n    \"group\": \"2e6c02d2-a364-4530-9137-d17403996cbf\"\r\n  }\r\n}",
      "ResponseHeaders": {
        "Content-Length": [
          "269"
        ],
        "Content-Type": [
          "application/json; charset=utf-8"
        ],
        "Expires": [
          "-1"
        ],
        "Pragma": [
          "no-cache"
        ],
        "x-ms-request-id": [
          "742158b7-a4a0-45ee-8ae9-3f4e3c547218"
        ],
        "Server-Perf": [
          "[742158b7-a4a0-45ee-8ae9-3f4e3c547218][ AuthTime::1594.87177513206::PostAuthTime::597.061141883711 ][GetFileStatus :: 00:00:000 ms]%0a[HdfsGetFileStatusV2 :: 00:00:018 ms]%0a[GetFileStatus :: 00:00:019 ms]%0a[GETFILESTATUS :: 00:00:019 ms]%0a"
        ],
        "Status": [
          "0x0"
        ],
        "X-Content-Type-Options": [
          "nosniff"
        ],
        "Strict-Transport-Security": [
          "max-age=15724800; includeSubDomains"
        ],
        "Cache-Control": [
          "no-cache"
        ],
        "Date": [
          "Wed, 25 May 2016 23:11:05 GMT"
        ],
        "Set-Cookie": [
          "UserPrincipalSession=d983caec-cf8c-404b-a709-0a0898f7934e; path=/; secure; HttpOnly"
        ]
      },
      "StatusCode": 200
    },
    {
      "RequestUri": "/webhdfs/v1/adlspstestmovefolder%2Fmovefile.txt?recursive=false&op=DELETE&api-version=2015-10-01-preview",
      "EncodedRequestUri": "L3dlYmhkZnMvdjEvYWRsc3BzdGVzdG1vdmVmb2xkZXIlMkZtb3ZlZmlsZS50eHQ/cmVjdXJzaXZlPWZhbHNlJm9wPURFTEVURSZhcGktdmVyc2lvbj0yMDE1LTEwLTAxLXByZXZpZXc=",
      "RequestMethod": "DELETE",
      "RequestBody": "",
      "RequestHeaders": {
        "x-ms-client-request-id": [
          "bc10c12a-1dc4-4408-901f-dc1da28f785d"
        ],
        "accept-language": [
          "en-US"
        ],
        "User-Agent": [
          "Microsoft.Azure.Management.DataLake.Store.DataLakeStoreFileSystemManagementClient/0.12.0.0"
        ]
      },
      "ResponseBody": "{\r\n  \"boolean\": true\r\n}",
      "ResponseHeaders": {
        "Content-Length": [
          "16"
        ],
        "Content-Type": [
          "application/json; charset=utf-8"
        ],
        "Expires": [
          "-1"
        ],
        "Pragma": [
          "no-cache"
        ],
        "x-ms-request-id": [
          "ca14780c-95f0-4ebb-a0d7-084bde8119dd"
        ],
        "Server-Perf": [
          "[ca14780c-95f0-4ebb-a0d7-084bde8119dd][ AuthTime::668.913772139057::PostAuthTime::176.637716044393 ][FsDelete :: 00:00:172 ms]%0a[CleanCacheDelete :: 00:00:000 ms]%0a[Delete :: 00:00:175 ms]%0a[DELETE :: 00:00:176 ms]%0a"
        ],
        "Status": [
          "0x0"
        ],
        "X-Content-Type-Options": [
          "nosniff"
        ],
        "Strict-Transport-Security": [
          "max-age=15724800; includeSubDomains"
        ],
        "Cache-Control": [
          "no-cache"
        ],
        "Date": [
          "Wed, 25 May 2016 23:11:05 GMT"
        ]
      },
      "StatusCode": 200
    },
    {
      "RequestUri": "/webhdfs/v1/adlspstestmovefolder?recursive=true&op=DELETE&api-version=2015-10-01-preview",
      "EncodedRequestUri": "L3dlYmhkZnMvdjEvYWRsc3BzdGVzdG1vdmVmb2xkZXI/cmVjdXJzaXZlPXRydWUmb3A9REVMRVRFJmFwaS12ZXJzaW9uPTIwMTUtMTAtMDEtcHJldmlldw==",
      "RequestMethod": "DELETE",
      "RequestBody": "",
      "RequestHeaders": {
        "x-ms-client-request-id": [
          "4c920f01-babe-4f44-9a33-9b4aba6a6c9b"
        ],
        "accept-language": [
          "en-US"
        ],
        "User-Agent": [
          "Microsoft.Azure.Management.DataLake.Store.DataLakeStoreFileSystemManagementClient/0.12.0.0"
        ]
      },
      "ResponseBody": "{\r\n  \"boolean\": true\r\n}",
      "ResponseHeaders": {
        "Content-Length": [
          "16"
        ],
        "Content-Type": [
          "application/json; charset=utf-8"
        ],
        "Expires": [
          "-1"
        ],
        "Pragma": [
          "no-cache"
        ],
        "x-ms-request-id": [
          "b8f1d19a-f448-4d93-b677-9019088a3d6d"
        ],
        "Server-Perf": [
          "[b8f1d19a-f448-4d93-b677-9019088a3d6d][ AuthTime::649.239837664379::PostAuthTime::175.782327588972 ][FsDelete :: 00:00:153 ms]%0a[CleanCacheDelete :: 00:00:000 ms]%0a[Delete : Recursive :: 00:00:154 ms]%0a[DELETE :: 00:00:154 ms]%0a"
        ],
        "Status": [
          "0x0"
        ],
        "X-Content-Type-Options": [
          "nosniff"
        ],
        "Strict-Transport-Security": [
          "max-age=15724800; includeSubDomains"
        ],
        "Cache-Control": [
          "no-cache"
        ],
        "Date": [
          "Wed, 25 May 2016 23:11:05 GMT"
        ]
      },
      "StatusCode": 200
    },
    {
      "RequestUri": "/subscriptions/53d9063d-87ae-4ea8-be90-3686c3b8669f/resourceGroups/onesdk4349/providers/Microsoft.DataLakeStore/accounts/onesdk4313?api-version=2015-10-01-preview",
      "EncodedRequestUri": "L3N1YnNjcmlwdGlvbnMvNTNkOTA2M2QtODdhZS00ZWE4LWJlOTAtMzY4NmMzYjg2NjlmL3Jlc291cmNlR3JvdXBzL29uZXNkazQzNDkvcHJvdmlkZXJzL01pY3Jvc29mdC5EYXRhTGFrZVN0b3JlL2FjY291bnRzL29uZXNkazQzMTM/YXBpLXZlcnNpb249MjAxNS0xMC0wMS1wcmV2aWV3",
      "RequestMethod": "DELETE",
      "RequestBody": "",
      "RequestHeaders": {
        "x-ms-client-request-id": [
          "d19b4e51-ad35-4f82-be95-67e79a727e31"
        ],
        "accept-language": [
          "en-US"
        ],
        "User-Agent": [
          "Microsoft.Azure.Management.DataLake.Store.DataLakeStoreAccountManagementClient/0.12.0.0"
        ]
      },
      "ResponseBody": "",
      "ResponseHeaders": {
        "Content-Length": [
          "0"
        ],
        "Expires": [
          "-1"
        ],
        "Pragma": [
          "no-cache"
        ],
        "x-ms-request-id": [
          "b00b1dd4-3f4c-4e85-81c4-eb9bfd17af13"
        ],
        "x-ms-ratelimit-remaining-subscription-writes": [
          "1199"
        ],
        "x-ms-correlation-request-id": [
          "dcb5e7de-97ed-4bcb-8ef0-0d49e3db9e8f"
        ],
        "x-ms-routing-request-id": [
          "WESTUS:20160525T231109Z:dcb5e7de-97ed-4bcb-8ef0-0d49e3db9e8f"
        ],
        "Strict-Transport-Security": [
          "max-age=31536000; includeSubDomains"
        ],
        "Connection": [
          "close"
        ],
        "Cache-Control": [
          "no-cache"
        ],
        "Date": [
          "Wed, 25 May 2016 23:11:08 GMT"
        ],
        "Server": [
          "Microsoft-IIS/8.5"
        ],
        "X-AspNet-Version": [
          "4.0.30319"
        ],
        "X-Powered-By": [
          "ASP.NET"
        ]
      },
      "StatusCode": 200
    },
    {
      "RequestUri": "/subscriptions/53d9063d-87ae-4ea8-be90-3686c3b8669f/resourcegroups/onesdk4349?api-version=2016-02-01",
      "EncodedRequestUri": "L3N1YnNjcmlwdGlvbnMvNTNkOTA2M2QtODdhZS00ZWE4LWJlOTAtMzY4NmMzYjg2NjlmL3Jlc291cmNlZ3JvdXBzL29uZXNkazQzNDk/YXBpLXZlcnNpb249MjAxNi0wMi0wMQ==",
      "RequestMethod": "DELETE",
      "RequestBody": "",
      "RequestHeaders": {
        "User-Agent": [
          "Microsoft.Azure.Management.Resources.ResourceManagementClient/2.0.0.0"
        ]
      },
      "ResponseBody": "",
      "ResponseHeaders": {
        "Content-Length": [
          "0"
        ],
        "Expires": [
          "-1"
        ],
        "Pragma": [
          "no-cache"
        ],
        "Retry-After": [
          "15"
        ],
        "x-ms-ratelimit-remaining-subscription-writes": [
          "1196"
        ],
        "x-ms-request-id": [
          "1145efbe-215d-4837-8ed6-0e770689dbf9"
        ],
        "x-ms-correlation-request-id": [
          "1145efbe-215d-4837-8ed6-0e770689dbf9"
        ],
        "x-ms-routing-request-id": [
          "WESTUS:20160525T231111Z:1145efbe-215d-4837-8ed6-0e770689dbf9"
        ],
        "Strict-Transport-Security": [
          "max-age=31536000; includeSubDomains"
        ],
        "Cache-Control": [
          "no-cache"
        ],
        "Date": [
          "Wed, 25 May 2016 23:11:10 GMT"
        ],
        "Location": [
          "https://management.azure.com/subscriptions/53d9063d-87ae-4ea8-be90-3686c3b8669f/operationresults/eyJqb2JJZCI6IlJFU09VUkNFR1JPVVBERUxFVElPTkpPQi1PTkVTREs0MzQ5LUVBU1RVUzIiLCJqb2JMb2NhdGlvbiI6ImVhc3R1czIifQ?api-version=2016-02-01"
        ]
      },
      "StatusCode": 202
    },
    {
      "RequestUri": "/subscriptions/53d9063d-87ae-4ea8-be90-3686c3b8669f/operationresults/eyJqb2JJZCI6IlJFU09VUkNFR1JPVVBERUxFVElPTkpPQi1PTkVTREs0MzQ5LUVBU1RVUzIiLCJqb2JMb2NhdGlvbiI6ImVhc3R1czIifQ?api-version=2016-02-01",
      "EncodedRequestUri": "L3N1YnNjcmlwdGlvbnMvNTNkOTA2M2QtODdhZS00ZWE4LWJlOTAtMzY4NmMzYjg2NjlmL29wZXJhdGlvbnJlc3VsdHMvZXlKcWIySkpaQ0k2SWxKRlUwOVZVa05GUjFKUFZWQkVSVXhGVkVsUFRrcFBRaTFQVGtWVFJFczBNelE1TFVWQlUxUlZVeklpTENKcWIySk1iMk5oZEdsdmJpSTZJbVZoYzNSMWN6SWlmUT9hcGktdmVyc2lvbj0yMDE2LTAyLTAx",
      "RequestMethod": "GET",
      "RequestBody": "",
      "RequestHeaders": {
        "x-ms-version": [
          "2016-02-01"
        ],
        "User-Agent": [
          "Microsoft.Azure.Management.Resources.ResourceManagementClient/2.0.0.0"
        ]
      },
      "ResponseBody": "",
      "ResponseHeaders": {
        "Content-Length": [
          "0"
        ],
        "Expires": [
          "-1"
        ],
        "Pragma": [
          "no-cache"
        ],
        "Retry-After": [
          "15"
        ],
        "x-ms-ratelimit-remaining-subscription-reads": [
          "14991"
        ],
        "x-ms-request-id": [
          "12a1de69-2748-410e-9c0b-c7ae38001f9e"
        ],
        "x-ms-correlation-request-id": [
          "12a1de69-2748-410e-9c0b-c7ae38001f9e"
        ],
        "x-ms-routing-request-id": [
          "WESTUS:20160525T231111Z:12a1de69-2748-410e-9c0b-c7ae38001f9e"
        ],
        "Strict-Transport-Security": [
          "max-age=31536000; includeSubDomains"
        ],
        "Cache-Control": [
          "no-cache"
        ],
        "Date": [
          "Wed, 25 May 2016 23:11:11 GMT"
        ],
        "Location": [
          "https://management.azure.com/subscriptions/53d9063d-87ae-4ea8-be90-3686c3b8669f/operationresults/eyJqb2JJZCI6IlJFU09VUkNFR1JPVVBERUxFVElPTkpPQi1PTkVTREs0MzQ5LUVBU1RVUzIiLCJqb2JMb2NhdGlvbiI6ImVhc3R1czIifQ?api-version=2016-02-01"
        ]
      },
      "StatusCode": 202
    },
    {
      "RequestUri": "/subscriptions/53d9063d-87ae-4ea8-be90-3686c3b8669f/operationresults/eyJqb2JJZCI6IlJFU09VUkNFR1JPVVBERUxFVElPTkpPQi1PTkVTREs0MzQ5LUVBU1RVUzIiLCJqb2JMb2NhdGlvbiI6ImVhc3R1czIifQ?api-version=2016-02-01",
      "EncodedRequestUri": "L3N1YnNjcmlwdGlvbnMvNTNkOTA2M2QtODdhZS00ZWE4LWJlOTAtMzY4NmMzYjg2NjlmL29wZXJhdGlvbnJlc3VsdHMvZXlKcWIySkpaQ0k2SWxKRlUwOVZVa05GUjFKUFZWQkVSVXhGVkVsUFRrcFBRaTFQVGtWVFJFczBNelE1TFVWQlUxUlZVeklpTENKcWIySk1iMk5oZEdsdmJpSTZJbVZoYzNSMWN6SWlmUT9hcGktdmVyc2lvbj0yMDE2LTAyLTAx",
      "RequestMethod": "GET",
      "RequestBody": "",
      "RequestHeaders": {
        "x-ms-version": [
          "2016-02-01"
        ],
        "User-Agent": [
          "Microsoft.Azure.Management.Resources.ResourceManagementClient/2.0.0.0"
        ]
      },
      "ResponseBody": "",
      "ResponseHeaders": {
        "Content-Length": [
          "0"
        ],
        "Expires": [
          "-1"
        ],
        "Pragma": [
          "no-cache"
        ],
        "Retry-After": [
          "15"
        ],
        "x-ms-ratelimit-remaining-subscription-reads": [
          "14990"
        ],
        "x-ms-request-id": [
          "7165a17f-44a7-4507-9cc2-bc42e072c946"
        ],
        "x-ms-correlation-request-id": [
          "7165a17f-44a7-4507-9cc2-bc42e072c946"
        ],
        "x-ms-routing-request-id": [
          "WESTUS:20160525T231127Z:7165a17f-44a7-4507-9cc2-bc42e072c946"
        ],
        "Strict-Transport-Security": [
          "max-age=31536000; includeSubDomains"
        ],
        "Cache-Control": [
          "no-cache"
        ],
        "Date": [
          "Wed, 25 May 2016 23:11:26 GMT"
        ],
        "Location": [
          "https://management.azure.com/subscriptions/53d9063d-87ae-4ea8-be90-3686c3b8669f/operationresults/eyJqb2JJZCI6IlJFU09VUkNFR1JPVVBERUxFVElPTkpPQi1PTkVTREs0MzQ5LUVBU1RVUzIiLCJqb2JMb2NhdGlvbiI6ImVhc3R1czIifQ?api-version=2016-02-01"
        ]
      },
      "StatusCode": 202
    },
    {
      "RequestUri": "/subscriptions/53d9063d-87ae-4ea8-be90-3686c3b8669f/operationresults/eyJqb2JJZCI6IlJFU09VUkNFR1JPVVBERUxFVElPTkpPQi1PTkVTREs0MzQ5LUVBU1RVUzIiLCJqb2JMb2NhdGlvbiI6ImVhc3R1czIifQ?api-version=2016-02-01",
      "EncodedRequestUri": "L3N1YnNjcmlwdGlvbnMvNTNkOTA2M2QtODdhZS00ZWE4LWJlOTAtMzY4NmMzYjg2NjlmL29wZXJhdGlvbnJlc3VsdHMvZXlKcWIySkpaQ0k2SWxKRlUwOVZVa05GUjFKUFZWQkVSVXhGVkVsUFRrcFBRaTFQVGtWVFJFczBNelE1TFVWQlUxUlZVeklpTENKcWIySk1iMk5oZEdsdmJpSTZJbVZoYzNSMWN6SWlmUT9hcGktdmVyc2lvbj0yMDE2LTAyLTAx",
      "RequestMethod": "GET",
      "RequestBody": "",
      "RequestHeaders": {
        "x-ms-version": [
          "2016-02-01"
        ],
        "User-Agent": [
          "Microsoft.Azure.Management.Resources.ResourceManagementClient/2.0.0.0"
        ]
      },
      "ResponseBody": "",
      "ResponseHeaders": {
        "Content-Length": [
          "0"
        ],
        "Expires": [
          "-1"
        ],
        "Pragma": [
          "no-cache"
        ],
        "Retry-After": [
          "15"
        ],
        "x-ms-ratelimit-remaining-subscription-reads": [
          "14989"
        ],
        "x-ms-request-id": [
          "9cf76af2-34e6-44da-8e81-f3e3d1c000dd"
        ],
        "x-ms-correlation-request-id": [
          "9cf76af2-34e6-44da-8e81-f3e3d1c000dd"
        ],
        "x-ms-routing-request-id": [
          "WESTUS:20160525T231142Z:9cf76af2-34e6-44da-8e81-f3e3d1c000dd"
        ],
        "Strict-Transport-Security": [
          "max-age=31536000; includeSubDomains"
        ],
        "Cache-Control": [
          "no-cache"
        ],
        "Date": [
          "Wed, 25 May 2016 23:11:41 GMT"
        ],
        "Location": [
          "https://management.azure.com/subscriptions/53d9063d-87ae-4ea8-be90-3686c3b8669f/operationresults/eyJqb2JJZCI6IlJFU09VUkNFR1JPVVBERUxFVElPTkpPQi1PTkVTREs0MzQ5LUVBU1RVUzIiLCJqb2JMb2NhdGlvbiI6ImVhc3R1czIifQ?api-version=2016-02-01"
        ]
      },
      "StatusCode": 202
    },
    {
      "RequestUri": "/subscriptions/53d9063d-87ae-4ea8-be90-3686c3b8669f/operationresults/eyJqb2JJZCI6IlJFU09VUkNFR1JPVVBERUxFVElPTkpPQi1PTkVTREs0MzQ5LUVBU1RVUzIiLCJqb2JMb2NhdGlvbiI6ImVhc3R1czIifQ?api-version=2016-02-01",
      "EncodedRequestUri": "L3N1YnNjcmlwdGlvbnMvNTNkOTA2M2QtODdhZS00ZWE4LWJlOTAtMzY4NmMzYjg2NjlmL29wZXJhdGlvbnJlc3VsdHMvZXlKcWIySkpaQ0k2SWxKRlUwOVZVa05GUjFKUFZWQkVSVXhGVkVsUFRrcFBRaTFQVGtWVFJFczBNelE1TFVWQlUxUlZVeklpTENKcWIySk1iMk5oZEdsdmJpSTZJbVZoYzNSMWN6SWlmUT9hcGktdmVyc2lvbj0yMDE2LTAyLTAx",
      "RequestMethod": "GET",
      "RequestBody": "",
      "RequestHeaders": {
        "x-ms-version": [
          "2016-02-01"
        ],
        "User-Agent": [
          "Microsoft.Azure.Management.Resources.ResourceManagementClient/2.0.0.0"
        ]
      },
      "ResponseBody": "",
      "ResponseHeaders": {
        "Content-Length": [
          "0"
        ],
        "Expires": [
          "-1"
        ],
        "Pragma": [
          "no-cache"
        ],
        "x-ms-ratelimit-remaining-subscription-reads": [
          "14988"
        ],
        "x-ms-request-id": [
          "7fe05aa3-07b4-471c-8151-22de11fcbb75"
        ],
        "x-ms-correlation-request-id": [
          "7fe05aa3-07b4-471c-8151-22de11fcbb75"
        ],
        "x-ms-routing-request-id": [
          "WESTUS:20160525T231157Z:7fe05aa3-07b4-471c-8151-22de11fcbb75"
        ],
        "Strict-Transport-Security": [
          "max-age=31536000; includeSubDomains"
        ],
        "Cache-Control": [
          "no-cache"
        ],
        "Date": [
          "Wed, 25 May 2016 23:11:56 GMT"
        ]
      },
      "StatusCode": 200
    }
  ],
  "Names": {
    "Test-DataLakeStoreFileSystem": [
      "onesdk4349",
      "onesdk4313"
    ]
  },
  "Variables": {
    "SubscriptionId": "53d9063d-87ae-4ea8-be90-3686c3b8669f"
  }
}