{
  "Entries": [
    {
      "RequestUri": "/subscriptions/53d9063d-87ae-4ea8-be90-3686c3b8669f/providers/Microsoft.DataLakeStore/register?api-version=2016-02-01",
      "EncodedRequestUri": "L3N1YnNjcmlwdGlvbnMvNTNkOTA2M2QtODdhZS00ZWE4LWJlOTAtMzY4NmMzYjg2NjlmL3Byb3ZpZGVycy9NaWNyb3NvZnQuRGF0YUxha2VTdG9yZS9yZWdpc3Rlcj9hcGktdmVyc2lvbj0yMDE2LTAyLTAx",
      "RequestMethod": "POST",
      "RequestBody": "",
      "RequestHeaders": {
        "User-Agent": [
          "Microsoft.Azure.Management.Resources.ResourceManagementClient/2.0.0.0"
        ]
      },
      "ResponseBody": "{\r\n  \"id\": \"/subscriptions/53d9063d-87ae-4ea8-be90-3686c3b8669f/providers/Microsoft.DataLakeStore\",\r\n  \"namespace\": \"Microsoft.DataLakeStore\",\r\n  \"resourceTypes\": [\r\n    {\r\n      \"resourceType\": \"operations\",\r\n      \"locations\": [],\r\n      \"apiVersions\": [\r\n        \"2015-10-01-preview\"\r\n      ]\r\n    },\r\n    {\r\n      \"resourceType\": \"accounts\",\r\n      \"locations\": [\r\n        \"East US 2\",\r\n        \"North Europe\"\r\n      ],\r\n      \"apiVersions\": [\r\n        \"2015-10-01-preview\"\r\n      ],\r\n      \"capabilities\": \"CrossResourceGroupResourceMove, CrossSubscriptionResourceMove\"\r\n    },\r\n    {\r\n      \"resourceType\": \"accounts/firewallRules\",\r\n      \"locations\": [\r\n        \"East US 2\",\r\n        \"North Europe\"\r\n      ],\r\n      \"apiVersions\": [\r\n        \"2015-10-01-preview\"\r\n      ]\r\n    },\r\n    {\r\n      \"resourceType\": \"locations\",\r\n      \"locations\": [],\r\n      \"apiVersions\": [\r\n        \"2015-10-01-preview\"\r\n      ]\r\n    },\r\n    {\r\n      \"resourceType\": \"locations/operationresults\",\r\n      \"locations\": [],\r\n      \"apiVersions\": [\r\n        \"2015-10-01-preview\"\r\n      ]\r\n    }\r\n  ],\r\n  \"registrationState\": \"Registered\"\r\n}",
      "ResponseHeaders": {
        "Content-Length": [
          "749"
        ],
        "Content-Type": [
          "application/json; charset=utf-8"
        ],
        "Expires": [
          "-1"
        ],
        "Pragma": [
          "no-cache"
        ],
        "x-ms-ratelimit-remaining-subscription-writes": [
          "1199"
        ],
        "x-ms-request-id": [
          "d5e7643c-b7ab-4cfe-811e-a6ddbeacef10"
        ],
        "x-ms-correlation-request-id": [
          "d5e7643c-b7ab-4cfe-811e-a6ddbeacef10"
        ],
        "x-ms-routing-request-id": [
          "WESTUS:20160315T233847Z:d5e7643c-b7ab-4cfe-811e-a6ddbeacef10"
        ],
        "Strict-Transport-Security": [
          "max-age=31536000; includeSubDomains"
        ],
        "Cache-Control": [
          "no-cache"
        ],
        "Date": [
          "Tue, 15 Mar 2016 23:38:47 GMT"
        ]
      },
      "StatusCode": 200
    },
    {
      "RequestUri": "/subscriptions/53d9063d-87ae-4ea8-be90-3686c3b8669f/providers/Microsoft.DataLakeStore?api-version=2016-02-01",
      "EncodedRequestUri": "L3N1YnNjcmlwdGlvbnMvNTNkOTA2M2QtODdhZS00ZWE4LWJlOTAtMzY4NmMzYjg2NjlmL3Byb3ZpZGVycy9NaWNyb3NvZnQuRGF0YUxha2VTdG9yZT9hcGktdmVyc2lvbj0yMDE2LTAyLTAx",
      "RequestMethod": "GET",
      "RequestBody": "",
      "RequestHeaders": {
        "User-Agent": [
          "Microsoft.Azure.Management.Resources.ResourceManagementClient/2.0.0.0"
        ]
      },
      "ResponseBody": "{\r\n  \"id\": \"/subscriptions/53d9063d-87ae-4ea8-be90-3686c3b8669f/providers/Microsoft.DataLakeStore\",\r\n  \"namespace\": \"Microsoft.DataLakeStore\",\r\n  \"resourceTypes\": [\r\n    {\r\n      \"resourceType\": \"operations\",\r\n      \"locations\": [],\r\n      \"apiVersions\": [\r\n        \"2015-10-01-preview\"\r\n      ]\r\n    },\r\n    {\r\n      \"resourceType\": \"accounts\",\r\n      \"locations\": [\r\n        \"East US 2\",\r\n        \"North Europe\"\r\n      ],\r\n      \"apiVersions\": [\r\n        \"2015-10-01-preview\"\r\n      ],\r\n      \"capabilities\": \"CrossResourceGroupResourceMove, CrossSubscriptionResourceMove\"\r\n    },\r\n    {\r\n      \"resourceType\": \"accounts/firewallRules\",\r\n      \"locations\": [\r\n        \"East US 2\",\r\n        \"North Europe\"\r\n      ],\r\n      \"apiVersions\": [\r\n        \"2015-10-01-preview\"\r\n      ]\r\n    },\r\n    {\r\n      \"resourceType\": \"locations\",\r\n      \"locations\": [],\r\n      \"apiVersions\": [\r\n        \"2015-10-01-preview\"\r\n      ]\r\n    },\r\n    {\r\n      \"resourceType\": \"locations/operationresults\",\r\n      \"locations\": [],\r\n      \"apiVersions\": [\r\n        \"2015-10-01-preview\"\r\n      ]\r\n    }\r\n  ],\r\n  \"registrationState\": \"Registered\"\r\n}",
      "ResponseHeaders": {
        "Content-Length": [
          "749"
        ],
        "Content-Type": [
          "application/json; charset=utf-8"
        ],
        "Expires": [
          "-1"
        ],
        "Pragma": [
          "no-cache"
        ],
        "x-ms-ratelimit-remaining-subscription-reads": [
          "14999"
        ],
        "x-ms-request-id": [
          "04bb699e-27c9-4b14-ab7f-edd4eb2aa42f"
        ],
        "x-ms-correlation-request-id": [
          "04bb699e-27c9-4b14-ab7f-edd4eb2aa42f"
        ],
        "x-ms-routing-request-id": [
          "WESTUS:20160315T233847Z:04bb699e-27c9-4b14-ab7f-edd4eb2aa42f"
        ],
        "Strict-Transport-Security": [
          "max-age=31536000; includeSubDomains"
        ],
        "Cache-Control": [
          "no-cache"
        ],
        "Date": [
          "Tue, 15 Mar 2016 23:38:47 GMT"
        ]
      },
      "StatusCode": 200
    },
    {
      "RequestUri": "/subscriptions/53d9063d-87ae-4ea8-be90-3686c3b8669f/resourcegroups/onesdk4255?api-version=2016-02-01",
      "EncodedRequestUri": "L3N1YnNjcmlwdGlvbnMvNTNkOTA2M2QtODdhZS00ZWE4LWJlOTAtMzY4NmMzYjg2NjlmL3Jlc291cmNlZ3JvdXBzL29uZXNkazQyNTU/YXBpLXZlcnNpb249MjAxNi0wMi0wMQ==",
      "RequestMethod": "HEAD",
      "RequestBody": "",
      "RequestHeaders": {
        "User-Agent": [
          "Microsoft.Azure.Management.Resources.ResourceManagementClient/2.0.0.0"
        ]
      },
      "ResponseBody": "",
      "ResponseHeaders": {
        "Content-Length": [
          "102"
        ],
        "Content-Type": [
          "application/json; charset=utf-8"
        ],
        "Expires": [
          "-1"
        ],
        "Pragma": [
          "no-cache"
        ],
        "x-ms-failure-cause": [
          "gateway"
        ],
        "x-ms-ratelimit-remaining-subscription-reads": [
          "14998"
        ],
        "x-ms-request-id": [
          "a3ec789b-a7ad-4238-8cae-9a68d8c681b4"
        ],
        "x-ms-correlation-request-id": [
          "a3ec789b-a7ad-4238-8cae-9a68d8c681b4"
        ],
        "x-ms-routing-request-id": [
          "WESTUS:20160315T233852Z:a3ec789b-a7ad-4238-8cae-9a68d8c681b4"
        ],
        "Strict-Transport-Security": [
          "max-age=31536000; includeSubDomains"
        ],
        "Cache-Control": [
          "no-cache"
        ],
        "Date": [
          "Tue, 15 Mar 2016 23:38:52 GMT"
        ]
      },
      "StatusCode": 404
    },
    {
      "RequestUri": "/subscriptions/53d9063d-87ae-4ea8-be90-3686c3b8669f/resourcegroups/onesdk4255?api-version=2016-02-01",
      "EncodedRequestUri": "L3N1YnNjcmlwdGlvbnMvNTNkOTA2M2QtODdhZS00ZWE4LWJlOTAtMzY4NmMzYjg2NjlmL3Jlc291cmNlZ3JvdXBzL29uZXNkazQyNTU/YXBpLXZlcnNpb249MjAxNi0wMi0wMQ==",
      "RequestMethod": "HEAD",
      "RequestBody": "",
      "RequestHeaders": {
        "User-Agent": [
          "Microsoft.Azure.Management.Resources.ResourceManagementClient/2.0.0.0"
        ]
      },
      "ResponseBody": "",
      "ResponseHeaders": {
        "Content-Length": [
          "0"
        ],
        "Expires": [
          "-1"
        ],
        "Pragma": [
          "no-cache"
        ],
        "x-ms-ratelimit-remaining-subscription-reads": [
          "14996"
        ],
        "x-ms-request-id": [
          "a394ab71-f93f-4e60-b149-d986d63bd64e"
        ],
        "x-ms-correlation-request-id": [
          "a394ab71-f93f-4e60-b149-d986d63bd64e"
        ],
        "x-ms-routing-request-id": [
          "WESTUS:20160315T233940Z:a394ab71-f93f-4e60-b149-d986d63bd64e"
        ],
        "Strict-Transport-Security": [
          "max-age=31536000; includeSubDomains"
        ],
        "Cache-Control": [
          "no-cache"
        ],
        "Date": [
          "Tue, 15 Mar 2016 23:39:40 GMT"
        ]
      },
      "StatusCode": 204
    },
    {
      "RequestUri": "/subscriptions/53d9063d-87ae-4ea8-be90-3686c3b8669f/resourcegroups/onesdk4255?api-version=2016-02-01",
      "EncodedRequestUri": "L3N1YnNjcmlwdGlvbnMvNTNkOTA2M2QtODdhZS00ZWE4LWJlOTAtMzY4NmMzYjg2NjlmL3Jlc291cmNlZ3JvdXBzL29uZXNkazQyNTU/YXBpLXZlcnNpb249MjAxNi0wMi0wMQ==",
      "RequestMethod": "PUT",
      "RequestBody": "{\r\n  \"location\": \"East US 2\"\r\n}",
      "RequestHeaders": {
        "Content-Type": [
          "application/json; charset=utf-8"
        ],
        "Content-Length": [
          "31"
        ],
        "User-Agent": [
          "Microsoft.Azure.Management.Resources.ResourceManagementClient/2.0.0.0"
        ]
      },
      "ResponseBody": "{\r\n  \"id\": \"/subscriptions/53d9063d-87ae-4ea8-be90-3686c3b8669f/resourceGroups/onesdk4255\",\r\n  \"name\": \"onesdk4255\",\r\n  \"location\": \"eastus2\",\r\n  \"properties\": {\r\n    \"provisioningState\": \"Succeeded\"\r\n  }\r\n}",
      "ResponseHeaders": {
        "Content-Length": [
          "174"
        ],
        "Content-Type": [
          "application/json; charset=utf-8"
        ],
        "Expires": [
          "-1"
        ],
        "Pragma": [
          "no-cache"
        ],
        "x-ms-ratelimit-remaining-subscription-writes": [
          "1198"
        ],
        "x-ms-request-id": [
          "0a964471-9069-42c1-9c84-8dd9e1913747"
        ],
        "x-ms-correlation-request-id": [
          "0a964471-9069-42c1-9c84-8dd9e1913747"
        ],
        "x-ms-routing-request-id": [
          "WESTUS:20160315T233854Z:0a964471-9069-42c1-9c84-8dd9e1913747"
        ],
        "Strict-Transport-Security": [
          "max-age=31536000; includeSubDomains"
        ],
        "Cache-Control": [
          "no-cache"
        ],
        "Date": [
          "Tue, 15 Mar 2016 23:38:53 GMT"
        ]
      },
      "StatusCode": 201
    },
    {
      "RequestUri": "/subscriptions/53d9063d-87ae-4ea8-be90-3686c3b8669f/resourceGroups/onesdk4255/resources?api-version=2016-02-01",
      "EncodedRequestUri": "L3N1YnNjcmlwdGlvbnMvNTNkOTA2M2QtODdhZS00ZWE4LWJlOTAtMzY4NmMzYjg2NjlmL3Jlc291cmNlR3JvdXBzL29uZXNkazQyNTUvcmVzb3VyY2VzP2FwaS12ZXJzaW9uPTIwMTYtMDItMDE=",
      "RequestMethod": "GET",
      "RequestBody": "",
      "RequestHeaders": {
        "User-Agent": [
          "Microsoft.Azure.Management.Resources.ResourceManagementClient/2.0.0.0"
        ]
      },
      "ResponseBody": "{\r\n  \"value\": []\r\n}",
      "ResponseHeaders": {
        "Content-Length": [
          "12"
        ],
        "Content-Type": [
          "application/json; charset=utf-8"
        ],
        "Expires": [
          "-1"
        ],
        "Pragma": [
          "no-cache"
        ],
        "x-ms-ratelimit-remaining-subscription-reads": [
          "14997"
        ],
        "x-ms-request-id": [
          "c3eca987-5aba-4671-9454-4b50a5be26bd"
        ],
        "x-ms-correlation-request-id": [
          "c3eca987-5aba-4671-9454-4b50a5be26bd"
        ],
        "x-ms-routing-request-id": [
          "WESTUS:20160315T233854Z:c3eca987-5aba-4671-9454-4b50a5be26bd"
        ],
        "Strict-Transport-Security": [
          "max-age=31536000; includeSubDomains"
        ],
        "Cache-Control": [
          "no-cache"
        ],
        "Date": [
          "Tue, 15 Mar 2016 23:38:53 GMT"
        ]
      },
      "StatusCode": 200
    },
    {
      "RequestUri": "/subscriptions/53d9063d-87ae-4ea8-be90-3686c3b8669f/resourceGroups/onesdk4255/providers/Microsoft.DataLakeStore/accounts/onesdk2053?api-version=2015-10-01-preview",
      "EncodedRequestUri": "L3N1YnNjcmlwdGlvbnMvNTNkOTA2M2QtODdhZS00ZWE4LWJlOTAtMzY4NmMzYjg2NjlmL3Jlc291cmNlR3JvdXBzL29uZXNkazQyNTUvcHJvdmlkZXJzL01pY3Jvc29mdC5EYXRhTGFrZVN0b3JlL2FjY291bnRzL29uZXNkazIwNTM/YXBpLXZlcnNpb249MjAxNS0xMC0wMS1wcmV2aWV3",
      "RequestMethod": "GET",
      "RequestBody": "",
      "RequestHeaders": {
        "x-ms-client-request-id": [
          "7e7faaac-611b-4d51-b102-ec0fb8c4b073"
        ],
        "accept-language": [
          "en-US"
        ],
        "User-Agent": [
          "Microsoft.Azure.Management.DataLake.Store.DataLakeStoreAccountManagementClient/0.10.0.0"
        ]
      },
      "ResponseBody": "{\r\n  \"error\": {\r\n    \"code\": \"ResourceNotFound\",\r\n    \"message\": \"The Resource 'Microsoft.DataLakeStore/accounts/onesdk2053' under resource group 'onesdk4255' was not found.\"\r\n  }\r\n}",
      "ResponseHeaders": {
        "Content-Length": [
          "157"
        ],
        "Content-Type": [
          "application/json; charset=utf-8"
        ],
        "Expires": [
          "-1"
        ],
        "Pragma": [
          "no-cache"
        ],
        "x-ms-failure-cause": [
          "gateway"
        ],
        "x-ms-request-id": [
          "5c96c602-103c-42cf-805e-ff8c25b8cf85"
        ],
        "x-ms-correlation-request-id": [
          "5c96c602-103c-42cf-805e-ff8c25b8cf85"
        ],
        "x-ms-routing-request-id": [
          "WESTUS:20160315T233854Z:5c96c602-103c-42cf-805e-ff8c25b8cf85"
        ],
        "Strict-Transport-Security": [
          "max-age=31536000; includeSubDomains"
        ],
        "Cache-Control": [
          "no-cache"
        ],
        "Date": [
          "Tue, 15 Mar 2016 23:38:53 GMT"
        ]
      },
      "StatusCode": 404
    },
    {
      "RequestUri": "/subscriptions/53d9063d-87ae-4ea8-be90-3686c3b8669f/resourceGroups/onesdk4255/providers/Microsoft.DataLakeStore/accounts/onesdk2053?api-version=2015-10-01-preview",
      "EncodedRequestUri": "L3N1YnNjcmlwdGlvbnMvNTNkOTA2M2QtODdhZS00ZWE4LWJlOTAtMzY4NmMzYjg2NjlmL3Jlc291cmNlR3JvdXBzL29uZXNkazQyNTUvcHJvdmlkZXJzL01pY3Jvc29mdC5EYXRhTGFrZVN0b3JlL2FjY291bnRzL29uZXNkazIwNTM/YXBpLXZlcnNpb249MjAxNS0xMC0wMS1wcmV2aWV3",
      "RequestMethod": "GET",
      "RequestBody": "",
      "RequestHeaders": {
        "x-ms-client-request-id": [
          "e2d618c5-5005-4306-a218-3dfcf636fee4"
        ],
        "accept-language": [
          "en-US"
        ],
        "User-Agent": [
          "Microsoft.Azure.Management.DataLake.Store.DataLakeStoreAccountManagementClient/0.10.0.0"
        ]
      },
      "ResponseBody": "{\r\n  \"error\": {\r\n    \"code\": \"ResourceNotFound\",\r\n    \"message\": \"The Resource 'Microsoft.DataLakeStore/accounts/onesdk2053' under resource group 'onesdk4255' was not found.\"\r\n  }\r\n}",
      "ResponseHeaders": {
        "Content-Length": [
          "157"
        ],
        "Content-Type": [
          "application/json; charset=utf-8"
        ],
        "Expires": [
          "-1"
        ],
        "Pragma": [
          "no-cache"
        ],
        "x-ms-failure-cause": [
          "gateway"
        ],
        "x-ms-request-id": [
          "b2bf5315-c373-482f-ad10-8024dd3d0dc5"
        ],
        "x-ms-correlation-request-id": [
          "b2bf5315-c373-482f-ad10-8024dd3d0dc5"
        ],
        "x-ms-routing-request-id": [
          "WESTUS:20160315T233854Z:b2bf5315-c373-482f-ad10-8024dd3d0dc5"
        ],
        "Strict-Transport-Security": [
          "max-age=31536000; includeSubDomains"
        ],
        "Cache-Control": [
          "no-cache"
        ],
        "Date": [
          "Tue, 15 Mar 2016 23:38:53 GMT"
        ]
      },
      "StatusCode": 404
    },
    {
      "RequestUri": "/subscriptions/53d9063d-87ae-4ea8-be90-3686c3b8669f/resourceGroups/onesdk4255/providers/Microsoft.DataLakeStore/accounts/onesdk2053?api-version=2015-10-01-preview",
      "EncodedRequestUri": "L3N1YnNjcmlwdGlvbnMvNTNkOTA2M2QtODdhZS00ZWE4LWJlOTAtMzY4NmMzYjg2NjlmL3Jlc291cmNlR3JvdXBzL29uZXNkazQyNTUvcHJvdmlkZXJzL01pY3Jvc29mdC5EYXRhTGFrZVN0b3JlL2FjY291bnRzL29uZXNkazIwNTM/YXBpLXZlcnNpb249MjAxNS0xMC0wMS1wcmV2aWV3",
      "RequestMethod": "GET",
      "RequestBody": "",
      "RequestHeaders": {
        "User-Agent": [
          "Microsoft.Azure.Management.DataLake.Store.DataLakeStoreAccountManagementClient/0.10.0.0"
        ]
      },
      "ResponseBody": "{\r\n  \"properties\": {\r\n    \"firewallState\": \"Disabled\",\r\n    \"firewallRules\": [],\r\n    \"provisioningState\": \"Succeeded\",\r\n    \"state\": \"Active\",\r\n    \"endpoint\": \"onesdk2053.azuredatalakestore.net\",\r\n    \"creationTime\": \"2016-03-15T23:39:00.2082488Z\",\r\n    \"lastModifiedTime\": \"2016-03-15T23:39:00.2082488Z\"\r\n  },\r\n  \"location\": \"East US 2\",\r\n  \"tags\": {},\r\n  \"id\": \"/subscriptions/53d9063d-87ae-4ea8-be90-3686c3b8669f/resourceGroups/onesdk4255/providers/Microsoft.DataLakeStore/accounts/onesdk2053\",\r\n  \"name\": \"onesdk2053\",\r\n  \"type\": \"Microsoft.DataLakeStore/accounts\"\r\n}",
      "ResponseHeaders": {
        "Content-Length": [
          "488"
        ],
        "Content-Type": [
          "application/json"
        ],
        "Expires": [
          "-1"
        ],
        "Pragma": [
          "no-cache"
        ],
        "x-ms-request-id": [
          "11b40aeb-bb5d-4372-8d94-e3b7a30eb3b0"
        ],
        "x-ms-ratelimit-remaining-subscription-reads": [
          "14996"
        ],
        "x-ms-correlation-request-id": [
          "e74164a8-58f4-46cd-bc20-1e9815ff9fd5"
        ],
        "x-ms-routing-request-id": [
          "WESTUS:20160315T233927Z:e74164a8-58f4-46cd-bc20-1e9815ff9fd5"
        ],
        "Strict-Transport-Security": [
          "max-age=31536000; includeSubDomains"
        ],
        "Cache-Control": [
          "no-cache"
        ],
        "Date": [
          "Tue, 15 Mar 2016 23:39:26 GMT"
        ],
        "Server": [
          "Microsoft-IIS/8.5"
        ],
        "X-AspNet-Version": [
          "4.0.30319"
        ],
        "X-Powered-By": [
          "ASP.NET"
        ]
      },
      "StatusCode": 200
    },
    {
      "RequestUri": "/subscriptions/53d9063d-87ae-4ea8-be90-3686c3b8669f/resourceGroups/onesdk4255/providers/Microsoft.DataLakeStore/accounts/onesdk2053?api-version=2015-10-01-preview",
      "EncodedRequestUri": "L3N1YnNjcmlwdGlvbnMvNTNkOTA2M2QtODdhZS00ZWE4LWJlOTAtMzY4NmMzYjg2NjlmL3Jlc291cmNlR3JvdXBzL29uZXNkazQyNTUvcHJvdmlkZXJzL01pY3Jvc29mdC5EYXRhTGFrZVN0b3JlL2FjY291bnRzL29uZXNkazIwNTM/YXBpLXZlcnNpb249MjAxNS0xMC0wMS1wcmV2aWV3",
      "RequestMethod": "GET",
      "RequestBody": "",
      "RequestHeaders": {
        "x-ms-client-request-id": [
          "1a999c39-2150-4be9-8ac1-13d6907acc60"
        ],
        "accept-language": [
          "en-US"
        ],
        "User-Agent": [
          "Microsoft.Azure.Management.DataLake.Store.DataLakeStoreAccountManagementClient/0.10.0.0"
        ]
      },
      "ResponseBody": "{\r\n  \"properties\": {\r\n    \"firewallState\": \"Disabled\",\r\n    \"firewallRules\": [],\r\n    \"provisioningState\": \"Succeeded\",\r\n    \"state\": \"Active\",\r\n    \"endpoint\": \"onesdk2053.azuredatalakestore.net\",\r\n    \"creationTime\": \"2016-03-15T23:39:00.2082488Z\",\r\n    \"lastModifiedTime\": \"2016-03-15T23:39:00.2082488Z\"\r\n  },\r\n  \"location\": \"East US 2\",\r\n  \"tags\": {},\r\n  \"id\": \"/subscriptions/53d9063d-87ae-4ea8-be90-3686c3b8669f/resourceGroups/onesdk4255/providers/Microsoft.DataLakeStore/accounts/onesdk2053\",\r\n  \"name\": \"onesdk2053\",\r\n  \"type\": \"Microsoft.DataLakeStore/accounts\"\r\n}",
      "ResponseHeaders": {
        "Content-Length": [
          "488"
        ],
        "Content-Type": [
          "application/json"
        ],
        "Expires": [
          "-1"
        ],
        "Pragma": [
          "no-cache"
        ],
        "x-ms-request-id": [
          "b50e4547-1e32-4356-a6dc-1805fec12b71"
        ],
        "x-ms-ratelimit-remaining-subscription-reads": [
          "14995"
        ],
        "x-ms-correlation-request-id": [
          "dc83681f-71a1-4b0b-8b41-ec375bbe9ed4"
        ],
        "x-ms-routing-request-id": [
          "WESTUS:20160315T233927Z:dc83681f-71a1-4b0b-8b41-ec375bbe9ed4"
        ],
        "Strict-Transport-Security": [
          "max-age=31536000; includeSubDomains"
        ],
        "Cache-Control": [
          "no-cache"
        ],
        "Date": [
          "Tue, 15 Mar 2016 23:39:26 GMT"
        ],
        "Server": [
          "Microsoft-IIS/8.5"
        ],
        "X-AspNet-Version": [
          "4.0.30319"
        ],
        "X-Powered-By": [
          "ASP.NET"
        ]
      },
      "StatusCode": 200
    },
    {
      "RequestUri": "/subscriptions/53d9063d-87ae-4ea8-be90-3686c3b8669f/resourceGroups/onesdk4255/providers/Microsoft.DataLakeStore/accounts/onesdk2053?api-version=2015-10-01-preview",
      "EncodedRequestUri": "L3N1YnNjcmlwdGlvbnMvNTNkOTA2M2QtODdhZS00ZWE4LWJlOTAtMzY4NmMzYjg2NjlmL3Jlc291cmNlR3JvdXBzL29uZXNkazQyNTUvcHJvdmlkZXJzL01pY3Jvc29mdC5EYXRhTGFrZVN0b3JlL2FjY291bnRzL29uZXNkazIwNTM/YXBpLXZlcnNpb249MjAxNS0xMC0wMS1wcmV2aWV3",
      "RequestMethod": "GET",
      "RequestBody": "",
      "RequestHeaders": {
        "x-ms-client-request-id": [
          "1e191cbc-0e88-47cf-8a3d-1440b8ea6223"
        ],
        "accept-language": [
          "en-US"
        ],
        "User-Agent": [
          "Microsoft.Azure.Management.DataLake.Store.DataLakeStoreAccountManagementClient/0.10.0.0"
        ]
      },
      "ResponseBody": "{\r\n  \"properties\": {\r\n    \"firewallState\": \"Disabled\",\r\n    \"firewallRules\": [],\r\n    \"provisioningState\": \"Succeeded\",\r\n    \"state\": \"Active\",\r\n    \"endpoint\": \"onesdk2053.azuredatalakestore.net\",\r\n    \"creationTime\": \"2016-03-15T23:39:00.2082488Z\",\r\n    \"lastModifiedTime\": \"2016-03-15T23:39:00.2082488Z\"\r\n  },\r\n  \"location\": \"East US 2\",\r\n  \"tags\": {},\r\n  \"id\": \"/subscriptions/53d9063d-87ae-4ea8-be90-3686c3b8669f/resourceGroups/onesdk4255/providers/Microsoft.DataLakeStore/accounts/onesdk2053\",\r\n  \"name\": \"onesdk2053\",\r\n  \"type\": \"Microsoft.DataLakeStore/accounts\"\r\n}",
      "ResponseHeaders": {
        "Content-Length": [
          "488"
        ],
        "Content-Type": [
          "application/json"
        ],
        "Expires": [
          "-1"
        ],
        "Pragma": [
          "no-cache"
        ],
        "x-ms-request-id": [
          "09cb15ed-7977-4782-8c81-548f64e10c93"
        ],
        "x-ms-ratelimit-remaining-subscription-reads": [
          "14994"
        ],
        "x-ms-correlation-request-id": [
          "ec181929-f1a2-4b5c-acc2-9862ba80962a"
        ],
        "x-ms-routing-request-id": [
          "WESTUS:20160315T233938Z:ec181929-f1a2-4b5c-acc2-9862ba80962a"
        ],
        "Strict-Transport-Security": [
          "max-age=31536000; includeSubDomains"
        ],
        "Cache-Control": [
          "no-cache"
        ],
        "Date": [
          "Tue, 15 Mar 2016 23:39:38 GMT"
        ],
        "Server": [
          "Microsoft-IIS/8.5"
        ],
        "X-AspNet-Version": [
          "4.0.30319"
        ],
        "X-Powered-By": [
          "ASP.NET"
        ]
      },
      "StatusCode": 200
    },
    {
      "RequestUri": "/subscriptions/53d9063d-87ae-4ea8-be90-3686c3b8669f/resourceGroups/onesdk4255/providers/Microsoft.DataLakeStore/accounts/onesdk2053?api-version=2015-10-01-preview",
      "EncodedRequestUri": "L3N1YnNjcmlwdGlvbnMvNTNkOTA2M2QtODdhZS00ZWE4LWJlOTAtMzY4NmMzYjg2NjlmL3Jlc291cmNlR3JvdXBzL29uZXNkazQyNTUvcHJvdmlkZXJzL01pY3Jvc29mdC5EYXRhTGFrZVN0b3JlL2FjY291bnRzL29uZXNkazIwNTM/YXBpLXZlcnNpb249MjAxNS0xMC0wMS1wcmV2aWV3",
      "RequestMethod": "GET",
      "RequestBody": "",
      "RequestHeaders": {
        "x-ms-client-request-id": [
          "f0f04ff4-a214-4b46-a6e5-baae0fa136a2"
        ],
        "accept-language": [
          "en-US"
        ],
        "User-Agent": [
          "Microsoft.Azure.Management.DataLake.Store.DataLakeStoreAccountManagementClient/0.10.0.0"
        ]
      },
      "ResponseBody": "{\r\n  \"error\": {\r\n    \"code\": \"ResourceNotFound\",\r\n    \"message\": \"The Resource 'Microsoft.DataLakeStore/accounts/onesdk2053' under resource group 'onesdk4255' was not found.\"\r\n  }\r\n}",
      "ResponseHeaders": {
        "Content-Length": [
          "157"
        ],
        "Content-Type": [
          "application/json; charset=utf-8"
        ],
        "Expires": [
          "-1"
        ],
        "Pragma": [
          "no-cache"
        ],
        "x-ms-failure-cause": [
          "gateway"
        ],
        "x-ms-request-id": [
          "45315dbb-4aee-45a0-8089-7caa69ce2d02"
        ],
        "x-ms-correlation-request-id": [
          "45315dbb-4aee-45a0-8089-7caa69ce2d02"
        ],
        "x-ms-routing-request-id": [
          "WESTUS:20160315T233940Z:45315dbb-4aee-45a0-8089-7caa69ce2d02"
        ],
        "Strict-Transport-Security": [
          "max-age=31536000; includeSubDomains"
        ],
        "Cache-Control": [
          "no-cache"
        ],
        "Date": [
          "Tue, 15 Mar 2016 23:39:39 GMT"
        ]
      },
      "StatusCode": 404
    },
    {
      "RequestUri": "/subscriptions/53d9063d-87ae-4ea8-be90-3686c3b8669f/resourceGroups/onesdk4255/providers/Microsoft.DataLakeStore/accounts/onesdk2053?api-version=2015-10-01-preview",
      "EncodedRequestUri": "L3N1YnNjcmlwdGlvbnMvNTNkOTA2M2QtODdhZS00ZWE4LWJlOTAtMzY4NmMzYjg2NjlmL3Jlc291cmNlR3JvdXBzL29uZXNkazQyNTUvcHJvdmlkZXJzL01pY3Jvc29mdC5EYXRhTGFrZVN0b3JlL2FjY291bnRzL29uZXNkazIwNTM/YXBpLXZlcnNpb249MjAxNS0xMC0wMS1wcmV2aWV3",
      "RequestMethod": "GET",
      "RequestBody": "",
      "RequestHeaders": {
        "x-ms-client-request-id": [
          "c08514eb-141c-45c0-9ce2-b29dc41cd896"
        ],
        "accept-language": [
          "en-US"
        ],
        "User-Agent": [
          "Microsoft.Azure.Management.DataLake.Store.DataLakeStoreAccountManagementClient/0.10.0.0"
        ]
      },
      "ResponseBody": "{\r\n  \"error\": {\r\n    \"code\": \"ResourceNotFound\",\r\n    \"message\": \"The Resource 'Microsoft.DataLakeStore/accounts/onesdk2053' under resource group 'onesdk4255' was not found.\"\r\n  }\r\n}",
      "ResponseHeaders": {
        "Content-Length": [
          "157"
        ],
        "Content-Type": [
          "application/json; charset=utf-8"
        ],
        "Expires": [
          "-1"
        ],
        "Pragma": [
          "no-cache"
        ],
        "x-ms-failure-cause": [
          "gateway"
        ],
        "x-ms-request-id": [
          "3af29ba0-84b4-4aec-9fbe-190fd3aaf1aa"
        ],
        "x-ms-correlation-request-id": [
          "3af29ba0-84b4-4aec-9fbe-190fd3aaf1aa"
        ],
        "x-ms-routing-request-id": [
          "WESTUS:20160315T233940Z:3af29ba0-84b4-4aec-9fbe-190fd3aaf1aa"
        ],
        "Strict-Transport-Security": [
          "max-age=31536000; includeSubDomains"
        ],
        "Cache-Control": [
          "no-cache"
        ],
        "Date": [
          "Tue, 15 Mar 2016 23:39:39 GMT"
        ]
      },
      "StatusCode": 404
    },
    {
      "RequestUri": "/subscriptions/53d9063d-87ae-4ea8-be90-3686c3b8669f/resourceGroups/onesdk4255/providers/Microsoft.DataLakeStore/accounts/onesdk2053?api-version=2015-10-01-preview",
      "EncodedRequestUri": "L3N1YnNjcmlwdGlvbnMvNTNkOTA2M2QtODdhZS00ZWE4LWJlOTAtMzY4NmMzYjg2NjlmL3Jlc291cmNlR3JvdXBzL29uZXNkazQyNTUvcHJvdmlkZXJzL01pY3Jvc29mdC5EYXRhTGFrZVN0b3JlL2FjY291bnRzL29uZXNkazIwNTM/YXBpLXZlcnNpb249MjAxNS0xMC0wMS1wcmV2aWV3",
      "RequestMethod": "PUT",
      "RequestBody": "{\r\n  \"location\": \"East US 2\",\r\n  \"name\": \"onesdk2053\",\r\n  \"tags\": {},\r\n  \"properties\": {}\r\n}",
      "RequestHeaders": {
        "Content-Type": [
          "application/json; charset=utf-8"
        ],
        "Content-Length": [
          "92"
        ],
        "x-ms-client-request-id": [
          "e0fa1af4-a2a2-4463-81df-17ad31777934"
        ],
        "accept-language": [
          "en-US"
        ],
        "User-Agent": [
          "Microsoft.Azure.Management.DataLake.Store.DataLakeStoreAccountManagementClient/0.10.0.0"
        ]
      },
      "ResponseBody": "{\r\n  \"properties\": {\r\n    \"provisioningState\": \"Creating\",\r\n    \"state\": null,\r\n    \"endpoint\": null,\r\n    \"creationTime\": null,\r\n    \"lastModifiedTime\": null\r\n  },\r\n  \"location\": \"East US 2\",\r\n  \"tags\": {},\r\n  \"id\": \"/subscriptions/53d9063d-87ae-4ea8-be90-3686c3b8669f/resourceGroups/onesdk4255/providers/Microsoft.DataLakeStore/accounts/onesdk2053\",\r\n  \"name\": \"onesdk2053\",\r\n  \"type\": \"Microsoft.DataLakeStore/accounts\"\r\n}",
      "ResponseHeaders": {
        "Content-Length": [
          "354"
        ],
        "Content-Type": [
          "application/json"
        ],
        "Expires": [
          "-1"
        ],
        "Pragma": [
          "no-cache"
        ],
        "Retry-After": [
          "10"
        ],
        "Azure-AsyncOperation": [
          "https://management.azure.com/subscriptions/53d9063d-87ae-4ea8-be90-3686c3b8669f/providers/Microsoft.DataLakeStore/locations/EastUS2/operationResults/4bc9af66-e3f7-4f79-bc70-2f42b42063f60?api-version=2015-10-01-preview&expanded=true"
        ],
        "x-ms-request-id": [
          "3dfa940c-5f0f-4a1a-a8b1-bf006e790ca0"
        ],
        "x-ms-ratelimit-remaining-subscription-writes": [
          "1199"
        ],
        "x-ms-correlation-request-id": [
          "36201dba-d814-43fb-9162-8f584a6cc662"
        ],
        "x-ms-routing-request-id": [
          "WESTUS:20160315T233856Z:36201dba-d814-43fb-9162-8f584a6cc662"
        ],
        "Strict-Transport-Security": [
          "max-age=31536000; includeSubDomains"
        ],
        "Cache-Control": [
          "no-cache"
        ],
        "Date": [
          "Tue, 15 Mar 2016 23:38:55 GMT"
        ],
        "Location": [
          "https://management.azure.com/subscriptions/53d9063d-87ae-4ea8-be90-3686c3b8669f/resourcegroups/onesdk4255/providers/Microsoft.DataLakeStore/accounts/onesdk2053/operationresults/0?api-version=2015-10-01-preview"
        ],
        "Server": [
          "Microsoft-IIS/8.5"
        ],
        "X-AspNet-Version": [
          "4.0.30319"
        ],
        "X-Powered-By": [
          "ASP.NET"
        ]
      },
      "StatusCode": 201
    },
    {
      "RequestUri": "/subscriptions/53d9063d-87ae-4ea8-be90-3686c3b8669f/providers/Microsoft.DataLakeStore/locations/EastUS2/operationResults/4bc9af66-e3f7-4f79-bc70-2f42b42063f60?api-version=2015-10-01-preview&expanded=true",
      "EncodedRequestUri": "L3N1YnNjcmlwdGlvbnMvNTNkOTA2M2QtODdhZS00ZWE4LWJlOTAtMzY4NmMzYjg2NjlmL3Byb3ZpZGVycy9NaWNyb3NvZnQuRGF0YUxha2VTdG9yZS9sb2NhdGlvbnMvRWFzdFVTMi9vcGVyYXRpb25SZXN1bHRzLzRiYzlhZjY2LWUzZjctNGY3OS1iYzcwLTJmNDJiNDIwNjNmNjA/YXBpLXZlcnNpb249MjAxNS0xMC0wMS1wcmV2aWV3JmV4cGFuZGVkPXRydWU=",
      "RequestMethod": "GET",
      "RequestBody": "",
      "RequestHeaders": {
        "User-Agent": [
          "Microsoft.Azure.Management.DataLake.Store.DataLakeStoreAccountManagementClient/0.10.0.0"
        ]
      },
      "ResponseBody": "{\r\n  \"status\": \"Succeeded\"\r\n}",
      "ResponseHeaders": {
        "Content-Length": [
          "22"
        ],
        "Content-Type": [
          "application/json"
        ],
        "Expires": [
          "-1"
        ],
        "Pragma": [
          "no-cache"
        ],
        "x-ms-request-id": [
          "fb91aaee-4778-48db-929c-754d53c70de2"
        ],
        "x-ms-ratelimit-remaining-subscription-reads": [
          "14997"
        ],
        "x-ms-correlation-request-id": [
          "1952a8f1-2f3e-4056-bcba-c31d73588666"
        ],
        "x-ms-routing-request-id": [
          "WESTUS:20160315T233926Z:1952a8f1-2f3e-4056-bcba-c31d73588666"
        ],
        "Strict-Transport-Security": [
          "max-age=31536000; includeSubDomains"
        ],
        "Cache-Control": [
          "no-cache"
        ],
        "Date": [
          "Tue, 15 Mar 2016 23:39:26 GMT"
        ],
        "Server": [
          "Microsoft-IIS/8.5"
        ],
        "X-AspNet-Version": [
          "4.0.30319"
        ],
        "X-Powered-By": [
          "ASP.NET"
        ]
      },
      "StatusCode": 200
    },
    {
      "RequestUri": "/webhdfs/v1/adlspstestfolder?op=GETFILESTATUS&api-version=2015-10-01-preview",
      "EncodedRequestUri": "L3dlYmhkZnMvdjEvYWRsc3BzdGVzdGZvbGRlcj9vcD1HRVRGSUxFU1RBVFVTJmFwaS12ZXJzaW9uPTIwMTUtMTAtMDEtcHJldmlldw==",
      "RequestMethod": "GET",
      "RequestBody": "",
      "RequestHeaders": {
        "x-ms-client-request-id": [
          "d0b8e622-8aaa-48ca-bf77-a693048d9c0e"
        ],
        "subscriptionId": [
          "53d9063d-87ae-4ea8-be90-3686c3b8669f"
        ],
        "accept-language": [
          "en-US"
        ],
        "User-Agent": [
          "Microsoft.Azure.Management.DataLake.Store.DataLakeStoreFileSystemManagementClient/0.10.0.0"
        ]
      },
      "ResponseBody": "{\r\n  \"RemoteException\": {\r\n    \"exception\": \"FileNotFoundException\",\r\n    \"message\": \"File/Folder does not exist: /adlspstestfolder [3f4f949a8db943e9b2b32b6c3fe551f3]\",\r\n    \"javaClassName\": \"java.io.FileNotFoundException\"\r\n  }\r\n}",
      "ResponseHeaders": {
        "Content-Length": [
          "198"
        ],
        "Content-Type": [
          "application/json; charset=utf-8"
        ],
        "Expires": [
          "-1"
        ],
        "Pragma": [
          "no-cache"
        ],
        "x-ms-request-id": [
          "3f4f949a-8db9-43e9-b2b3-2b6c3fe551f3"
        ],
        "Server-Perf": [
          "[3f4f949a8db943e9b2b32b6c3fe551f3][ AuthTime::1362.20669786555::PostAuthTime::30767.0528176935 ][IsExist :: 00:00:000 ms]%0a[HdfsGetFileStatus :: 00:00:809 ms]%0a[SS Response Process :: 00:00:000 ms]%0a[GETFILESTATUS :: 00:00:810 ms]%0a"
        ],
        "Status": [
          "0x8309000A"
        ],
        "X-Content-Type-Options": [
          "nosniff"
        ],
        "Strict-Transport-Security": [
          "max-age=15724800; includeSubDomains"
        ],
        "Cache-Control": [
          "no-cache"
        ],
        "Date": [
          "Tue, 15 Mar 2016 23:39:27 GMT"
        ],
        "Set-Cookie": [
          "UserPrincipalSession=d9bd9979-baaa-47ab-bfe8-1e5f9829c180; path=/; secure; HttpOnly"
        ]
      },
      "StatusCode": 404
    },
    {
      "RequestUri": "/webhdfs/v1/adlspstestfolder?op=GETFILESTATUS&api-version=2015-10-01-preview",
      "EncodedRequestUri": "L3dlYmhkZnMvdjEvYWRsc3BzdGVzdGZvbGRlcj9vcD1HRVRGSUxFU1RBVFVTJmFwaS12ZXJzaW9uPTIwMTUtMTAtMDEtcHJldmlldw==",
      "RequestMethod": "GET",
      "RequestBody": "",
      "RequestHeaders": {
        "x-ms-client-request-id": [
          "f805eefb-614d-419d-ae21-7475b587b266"
        ],
        "subscriptionId": [
          "53d9063d-87ae-4ea8-be90-3686c3b8669f"
        ],
        "accept-language": [
          "en-US"
        ],
        "User-Agent": [
          "Microsoft.Azure.Management.DataLake.Store.DataLakeStoreFileSystemManagementClient/0.10.0.0"
        ]
      },
      "ResponseBody": "{\r\n  \"FileStatus\": {\r\n    \"length\": 0,\r\n    \"pathSuffix\": \"\",\r\n    \"type\": \"DIRECTORY\",\r\n    \"blockSize\": 268435456,\r\n    \"accessTime\": 1458085168564,\r\n    \"modificationTime\": 1458085168564,\r\n    \"replication\": 0,\r\n    \"permission\": \"777\",\r\n    \"owner\": \"NotSupportYet\",\r\n    \"group\": \"NotSupportYet\"\r\n  }\r\n}",
      "ResponseHeaders": {
        "Content-Length": [
          "227"
        ],
        "Content-Type": [
          "application/json; charset=utf-8"
        ],
        "Expires": [
          "-1"
        ],
        "Pragma": [
          "no-cache"
        ],
        "x-ms-request-id": [
          "325f0fbb-21fd-450c-9855-742fe6bc51e8"
        ],
        "Server-Perf": [
          "[325f0fbb21fd450c9855742fe6bc51e8][ AuthTime::643.252393591769::PostAuthTime::131.72987847491 ][IsExist :: 00:00:000 ms]%0a[HdfsGetFileStatus :: 00:00:045 ms]%0a[SS Response Process :: 00:00:000 ms]%0a[GETFILESTATUS :: 00:00:045 ms]%0a"
        ],
        "Status": [
          "0x0"
        ],
        "X-Content-Type-Options": [
          "nosniff"
        ],
        "Strict-Transport-Security": [
          "max-age=15724800; includeSubDomains"
        ],
        "Cache-Control": [
          "no-cache"
        ],
        "Date": [
          "Tue, 15 Mar 2016 23:39:28 GMT"
        ]
      },
      "StatusCode": 200
    },
    {
      "RequestUri": "/webhdfs/v1/adlspstestfolder?op=GETFILESTATUS&api-version=2015-10-01-preview",
      "EncodedRequestUri": "L3dlYmhkZnMvdjEvYWRsc3BzdGVzdGZvbGRlcj9vcD1HRVRGSUxFU1RBVFVTJmFwaS12ZXJzaW9uPTIwMTUtMTAtMDEtcHJldmlldw==",
      "RequestMethod": "GET",
      "RequestBody": "",
      "RequestHeaders": {
        "x-ms-client-request-id": [
          "2dfe8faa-a249-4dd4-8e8a-ea8fca2a794c"
        ],
        "subscriptionId": [
          "53d9063d-87ae-4ea8-be90-3686c3b8669f"
        ],
        "accept-language": [
          "en-US"
        ],
        "User-Agent": [
          "Microsoft.Azure.Management.DataLake.Store.DataLakeStoreFileSystemManagementClient/0.10.0.0"
        ]
      },
      "ResponseBody": "{\r\n  \"RemoteException\": {\r\n    \"exception\": \"FileNotFoundException\",\r\n    \"message\": \"File/Folder does not exist: /adlspstestfolder [d376730dc18c44e2929372a15a1ae8aa]\",\r\n    \"javaClassName\": \"java.io.FileNotFoundException\"\r\n  }\r\n}",
      "ResponseHeaders": {
        "Content-Length": [
          "198"
        ],
        "Content-Type": [
          "application/json; charset=utf-8"
        ],
        "Expires": [
          "-1"
        ],
        "Pragma": [
          "no-cache"
        ],
        "x-ms-request-id": [
          "d376730d-c18c-44e2-9293-72a15a1ae8aa"
        ],
        "Server-Perf": [
          "[d376730dc18c44e2929372a15a1ae8aa][ AuthTime::622.295367470761::PostAuthTime::130.874489653645 ][IsExist :: 00:00:000 ms]%0a[HdfsGetFileStatus :: 00:00:030 ms]%0a[SS Response Process :: 00:00:000 ms]%0a[GETFILESTATUS :: 00:00:030 ms]%0a"
        ],
        "Status": [
          "0x8309000A"
        ],
        "X-Content-Type-Options": [
          "nosniff"
        ],
        "Strict-Transport-Security": [
          "max-age=15724800; includeSubDomains"
        ],
        "Cache-Control": [
          "no-cache"
        ],
        "Date": [
          "Tue, 15 Mar 2016 23:39:36 GMT"
        ]
      },
      "StatusCode": 404
    },
    {
      "RequestUri": "/webhdfs/v1/adlspstestfolder?op=MKDIRS&api-version=2015-10-01-preview",
      "EncodedRequestUri": "L3dlYmhkZnMvdjEvYWRsc3BzdGVzdGZvbGRlcj9vcD1NS0RJUlMmYXBpLXZlcnNpb249MjAxNS0xMC0wMS1wcmV2aWV3",
      "RequestMethod": "PUT",
      "RequestBody": "",
      "RequestHeaders": {
        "x-ms-client-request-id": [
          "c6efcd30-fcad-4a55-a314-e09fee4e3ee8"
        ],
        "subscriptionId": [
          "53d9063d-87ae-4ea8-be90-3686c3b8669f"
        ],
        "accept-language": [
          "en-US"
        ],
        "User-Agent": [
          "Microsoft.Azure.Management.DataLake.Store.DataLakeStoreFileSystemManagementClient/0.10.0.0"
        ]
      },
      "ResponseBody": "{\r\n  \"boolean\": true\r\n}",
      "ResponseHeaders": {
        "Content-Length": [
          "16"
        ],
        "Content-Type": [
          "application/json; charset=utf-8"
        ],
        "Expires": [
          "-1"
        ],
        "Pragma": [
          "no-cache"
        ],
        "x-ms-request-id": [
          "8e456f18-bfde-42c2-a111-de1d638c92a8"
        ],
        "Server-Perf": [
          "[8e456f18bfde42c2a111de1d638c92a8][ AuthTime::1451.59482968781::PostAuthTime::31119.473012055 ][HdfsMkdirs :: 00:00:073 ms]%0a[MKDIRS :: 00:00:073 ms]%0a"
        ],
        "Status": [
          "0x0"
        ],
        "X-Content-Type-Options": [
          "nosniff"
        ],
        "Strict-Transport-Security": [
          "max-age=15724800; includeSubDomains"
        ],
        "Cache-Control": [
          "no-cache"
        ],
        "Date": [
          "Tue, 15 Mar 2016 23:39:27 GMT"
        ],
        "Set-Cookie": [
          "UserPrincipalSession=d9bd9979-baaa-47ab-bfe8-1e5f9829c180; path=/; secure; HttpOnly"
        ]
      },
      "StatusCode": 200
    },
    {
      "RequestUri": "/webhdfs/v1/adlspstestfolder%2Femptyfile.txt?op=GETFILESTATUS&api-version=2015-10-01-preview",
      "EncodedRequestUri": "L3dlYmhkZnMvdjEvYWRsc3BzdGVzdGZvbGRlciUyRmVtcHR5ZmlsZS50eHQ/b3A9R0VURklMRVNUQVRVUyZhcGktdmVyc2lvbj0yMDE1LTEwLTAxLXByZXZpZXc=",
      "RequestMethod": "GET",
      "RequestBody": "",
      "RequestHeaders": {
        "x-ms-client-request-id": [
          "44c01f2c-bf8d-4f27-a9b8-43d3659bd655"
        ],
        "subscriptionId": [
          "53d9063d-87ae-4ea8-be90-3686c3b8669f"
        ],
        "accept-language": [
          "en-US"
        ],
        "User-Agent": [
          "Microsoft.Azure.Management.DataLake.Store.DataLakeStoreFileSystemManagementClient/0.10.0.0"
        ]
      },
      "ResponseBody": "{\r\n  \"RemoteException\": {\r\n    \"exception\": \"FileNotFoundException\",\r\n    \"message\": \"File/Folder does not exist: /adlspstestfolder/emptyfile.txt [351a10676eac4efe8ed7e105306f7d97]\",\r\n    \"javaClassName\": \"java.io.FileNotFoundException\"\r\n  }\r\n}",
      "ResponseHeaders": {
        "Content-Length": [
          "212"
        ],
        "Content-Type": [
          "application/json; charset=utf-8"
        ],
        "Expires": [
          "-1"
        ],
        "Pragma": [
          "no-cache"
        ],
        "x-ms-request-id": [
          "351a1067-6eac-4efe-8ed7-e105306f7d97"
        ],
        "Server-Perf": [
          "[351a10676eac4efe8ed7e105306f7d97][ AuthTime::598.344480475322::PostAuthTime::130.019100832379 ][IsExist :: 00:00:000 ms]%0a[HdfsGetFileStatus :: 00:00:042 ms]%0a[SS Response Process :: 00:00:000 ms]%0a[GETFILESTATUS :: 00:00:042 ms]%0a"
        ],
        "Status": [
          "0x8309000A"
        ],
        "X-Content-Type-Options": [
          "nosniff"
        ],
        "Strict-Transport-Security": [
          "max-age=15724800; includeSubDomains"
        ],
        "Cache-Control": [
          "no-cache"
        ],
        "Date": [
          "Tue, 15 Mar 2016 23:39:28 GMT"
        ]
      },
      "StatusCode": 404
    },
    {
      "RequestUri": "/webhdfs/v1/adlspstestfolder%2Femptyfile.txt?op=GETFILESTATUS&api-version=2015-10-01-preview",
      "EncodedRequestUri": "L3dlYmhkZnMvdjEvYWRsc3BzdGVzdGZvbGRlciUyRmVtcHR5ZmlsZS50eHQ/b3A9R0VURklMRVNUQVRVUyZhcGktdmVyc2lvbj0yMDE1LTEwLTAxLXByZXZpZXc=",
      "RequestMethod": "GET",
      "RequestBody": "",
      "RequestHeaders": {
        "x-ms-client-request-id": [
          "1a3c7ea3-15d7-4456-8ade-fca1082407b7"
        ],
        "subscriptionId": [
          "53d9063d-87ae-4ea8-be90-3686c3b8669f"
        ],
        "accept-language": [
          "en-US"
        ],
        "User-Agent": [
          "Microsoft.Azure.Management.DataLake.Store.DataLakeStoreFileSystemManagementClient/0.10.0.0"
        ]
      },
      "ResponseBody": "{\r\n  \"FileStatus\": {\r\n    \"length\": 0,\r\n    \"pathSuffix\": \"\",\r\n    \"type\": \"FILE\",\r\n    \"blockSize\": 268435456,\r\n    \"accessTime\": 1458085169063,\r\n    \"modificationTime\": 1458085169063,\r\n    \"replication\": 0,\r\n    \"permission\": \"777\",\r\n    \"owner\": \"NotSupportYet\",\r\n    \"group\": \"NotSupportYet\"\r\n  }\r\n}",
      "ResponseHeaders": {
        "Content-Length": [
          "222"
        ],
        "Content-Type": [
          "application/json; charset=utf-8"
        ],
        "Expires": [
          "-1"
        ],
        "Pragma": [
          "no-cache"
        ],
        "x-ms-request-id": [
          "ac5b8b18-8d9a-4c58-ac6a-5caa39fb0435"
        ],
        "Server-Perf": [
          "[ac5b8b188d9a4c58ac6a5caa39fb0435][ AuthTime::528.202597131539::PostAuthTime::121.892907030355 ][IsExist :: 00:00:000 ms]%0a[HdfsGetFileStatus :: 00:00:050 ms]%0a[SS Response Process :: 00:00:000 ms]%0a[GETFILESTATUS :: 00:00:050 ms]%0a"
        ],
        "Status": [
          "0x0"
        ],
        "X-Content-Type-Options": [
          "nosniff"
        ],
        "Strict-Transport-Security": [
          "max-age=15724800; includeSubDomains"
        ],
        "Cache-Control": [
          "no-cache"
        ],
        "Date": [
          "Tue, 15 Mar 2016 23:39:28 GMT"
        ]
      },
      "StatusCode": 200
    },
    {
      "RequestUri": "/webhdfs/v1/adlspstestfolder%2Femptyfile.txt?op=GETFILESTATUS&api-version=2015-10-01-preview",
      "EncodedRequestUri": "L3dlYmhkZnMvdjEvYWRsc3BzdGVzdGZvbGRlciUyRmVtcHR5ZmlsZS50eHQ/b3A9R0VURklMRVNUQVRVUyZhcGktdmVyc2lvbj0yMDE1LTEwLTAxLXByZXZpZXc=",
      "RequestMethod": "GET",
      "RequestBody": "",
      "RequestHeaders": {
        "x-ms-client-request-id": [
          "2f868df1-2a04-42ab-926b-16b6926bbc6c"
        ],
        "subscriptionId": [
          "53d9063d-87ae-4ea8-be90-3686c3b8669f"
        ],
        "accept-language": [
          "en-US"
        ],
        "User-Agent": [
          "Microsoft.Azure.Management.DataLake.Store.DataLakeStoreFileSystemManagementClient/0.10.0.0"
        ]
      },
      "ResponseBody": "{\r\n  \"FileStatus\": {\r\n    \"length\": 36,\r\n    \"pathSuffix\": \"\",\r\n    \"type\": \"FILE\",\r\n    \"blockSize\": 268435456,\r\n    \"accessTime\": 1458085169063,\r\n    \"modificationTime\": 1458085171420,\r\n    \"replication\": 0,\r\n    \"permission\": \"777\",\r\n    \"owner\": \"NotSupportYet\",\r\n    \"group\": \"NotSupportYet\"\r\n  }\r\n}",
      "ResponseHeaders": {
        "Content-Length": [
          "223"
        ],
        "Content-Type": [
          "application/json; charset=utf-8"
        ],
        "Expires": [
          "-1"
        ],
        "Pragma": [
          "no-cache"
        ],
        "x-ms-request-id": [
          "26c37743-23c8-4052-97df-af6ae8ac291d"
        ],
        "Server-Perf": [
          "[26c3774323c8405297dfaf6ae8ac291d][ AuthTime::675.757168799864::PostAuthTime::146.699182847059 ][IsExist :: 00:00:000 ms]%0a[HdfsGetFileStatus :: 00:00:048 ms]%0a[SS Response Process :: 00:00:000 ms]%0a[GETFILESTATUS :: 00:00:048 ms]%0a"
        ],
        "Status": [
          "0x0"
        ],
        "X-Content-Type-Options": [
          "nosniff"
        ],
        "Strict-Transport-Security": [
          "max-age=15724800; includeSubDomains"
        ],
        "Cache-Control": [
          "no-cache"
        ],
        "Date": [
          "Tue, 15 Mar 2016 23:39:30 GMT"
        ]
      },
      "StatusCode": 200
    },
    {
      "RequestUri": "/webhdfs/v1/adlspstestfolder%2Femptyfile.txt?overwrite=false&op=CREATE&write=true&api-version=2015-10-01-preview",
      "EncodedRequestUri": "L3dlYmhkZnMvdjEvYWRsc3BzdGVzdGZvbGRlciUyRmVtcHR5ZmlsZS50eHQ/b3ZlcndyaXRlPWZhbHNlJm9wPUNSRUFURSZ3cml0ZT10cnVlJmFwaS12ZXJzaW9uPTIwMTUtMTAtMDEtcHJldmlldw==",
      "RequestMethod": "PUT",
      "RequestBody": "",
      "RequestHeaders": {
        "Content-Type": [
          "application/octet-stream"
        ],
        "Content-Length": [
          "0"
        ],
        "x-ms-client-request-id": [
          "5657362a-abd1-4147-aac5-7a5681c52f86"
        ],
        "subscriptionId": [
          "53d9063d-87ae-4ea8-be90-3686c3b8669f"
        ],
        "accept-language": [
          "en-US"
        ],
        "User-Agent": [
          "Microsoft.Azure.Management.DataLake.Store.DataLakeStoreFileSystemManagementClient/0.10.0.0"
        ]
      },
      "ResponseBody": "",
      "ResponseHeaders": {
        "Content-Length": [
          "0"
        ],
        "Expires": [
          "-1"
        ],
        "Pragma": [
          "no-cache"
        ],
        "x-ms-request-id": [
          "a19265d7-fb11-4852-af3b-fedb1f359c24"
        ],
        "ContentLength": [
          "0"
        ],
        "Server-Perf": [
          "[a19265d7fb114852af3bfedb1f359c24][ AuthTime::1335.68964440631::PostAuthTime::30927.0105272702 ][FsOpenStream :: 00:00:079 ms]%0a[Open :: 00:00:080 ms]%0a[Write :: 00:00:000 ms]%0a[CREATE :: 00:00:081 ms]%0a"
        ],
        "Status": [
          "0x0"
        ],
        "X-Content-Type-Options": [
          "nosniff"
        ],
        "Strict-Transport-Security": [
          "max-age=15724800; includeSubDomains"
        ],
        "Cache-Control": [
          "no-cache"
        ],
        "Date": [
          "Tue, 15 Mar 2016 23:39:28 GMT"
        ],
        "Location": [
          "https://onesdk2053.azuredatalakestore.net/webhdfs/v1/adlspstestfolder/emptyfile.txt?overwrite=false&op=CREATE&write=true&api-version=2015-10-01-preview"
        ],
        "Set-Cookie": [
          "UserPrincipalSession=d9bd9979-baaa-47ab-bfe8-1e5f9829c180; path=/; secure; HttpOnly"
        ]
      },
      "StatusCode": 201
    },
    {
      "RequestUri": "/webhdfs/v1/adlspstestfolder%2Fcontentfile.txt?op=GETFILESTATUS&api-version=2015-10-01-preview",
      "EncodedRequestUri": "L3dlYmhkZnMvdjEvYWRsc3BzdGVzdGZvbGRlciUyRmNvbnRlbnRmaWxlLnR4dD9vcD1HRVRGSUxFU1RBVFVTJmFwaS12ZXJzaW9uPTIwMTUtMTAtMDEtcHJldmlldw==",
      "RequestMethod": "GET",
      "RequestBody": "",
      "RequestHeaders": {
        "x-ms-client-request-id": [
          "9e98c4e9-ccf0-48ca-ae75-25167aed124d"
        ],
        "subscriptionId": [
          "53d9063d-87ae-4ea8-be90-3686c3b8669f"
        ],
        "accept-language": [
          "en-US"
        ],
        "User-Agent": [
          "Microsoft.Azure.Management.DataLake.Store.DataLakeStoreFileSystemManagementClient/0.10.0.0"
        ]
      },
      "ResponseBody": "{\r\n  \"RemoteException\": {\r\n    \"exception\": \"FileNotFoundException\",\r\n    \"message\": \"File/Folder does not exist: /adlspstestfolder/contentfile.txt [18abe918292641bfb934c9285f3c4da0]\",\r\n    \"javaClassName\": \"java.io.FileNotFoundException\"\r\n  }\r\n}",
      "ResponseHeaders": {
        "Content-Length": [
          "214"
        ],
        "Content-Type": [
          "application/json; charset=utf-8"
        ],
        "Expires": [
          "-1"
        ],
        "Pragma": [
          "no-cache"
        ],
        "x-ms-request-id": [
          "18abe918-2926-41bf-b934-c9285f3c4da0"
        ],
        "Server-Perf": [
          "[18abe918292641bfb934c9285f3c4da0][ AuthTime::547.876540020649::PostAuthTime::123.603684672886 ][IsExist :: 00:00:000 ms]%0a[HdfsGetFileStatus :: 00:00:040 ms]%0a[SS Response Process :: 00:00:000 ms]%0a[GETFILESTATUS :: 00:00:041 ms]%0a"
        ],
        "Status": [
          "0x8309000A"
        ],
        "X-Content-Type-Options": [
          "nosniff"
        ],
        "Strict-Transport-Security": [
          "max-age=15724800; includeSubDomains"
        ],
        "Cache-Control": [
          "no-cache"
        ],
        "Date": [
          "Tue, 15 Mar 2016 23:39:28 GMT"
        ]
      },
      "StatusCode": 404
    },
    {
      "RequestUri": "/webhdfs/v1/adlspstestfolder%2Fcontentfile.txt?op=GETFILESTATUS&api-version=2015-10-01-preview",
      "EncodedRequestUri": "L3dlYmhkZnMvdjEvYWRsc3BzdGVzdGZvbGRlciUyRmNvbnRlbnRmaWxlLnR4dD9vcD1HRVRGSUxFU1RBVFVTJmFwaS12ZXJzaW9uPTIwMTUtMTAtMDEtcHJldmlldw==",
      "RequestMethod": "GET",
      "RequestBody": "",
      "RequestHeaders": {
        "x-ms-client-request-id": [
          "252af5f7-5b23-4c1f-b1a7-c8f330d2ff16"
        ],
        "subscriptionId": [
          "53d9063d-87ae-4ea8-be90-3686c3b8669f"
        ],
        "accept-language": [
          "en-US"
        ],
        "User-Agent": [
          "Microsoft.Azure.Management.DataLake.Store.DataLakeStoreFileSystemManagementClient/0.10.0.0"
        ]
      },
      "ResponseBody": "{\r\n  \"FileStatus\": {\r\n    \"length\": 36,\r\n    \"pathSuffix\": \"\",\r\n    \"type\": \"FILE\",\r\n    \"blockSize\": 268435456,\r\n    \"accessTime\": 1458085169640,\r\n    \"modificationTime\": 1458085170227,\r\n    \"replication\": 0,\r\n    \"permission\": \"777\",\r\n    \"owner\": \"NotSupportYet\",\r\n    \"group\": \"NotSupportYet\"\r\n  }\r\n}",
      "ResponseHeaders": {
        "Content-Length": [
          "223"
        ],
        "Content-Type": [
          "application/json; charset=utf-8"
        ],
        "Expires": [
          "-1"
        ],
        "Pragma": [
          "no-cache"
        ],
        "x-ms-request-id": [
          "7364eb95-d729-44b8-a95c-4ed6a76d8cde"
        ],
        "Server-Perf": [
          "[7364eb95d72944b8a95c4ed6a76d8cde][ AuthTime::560.279677929001::PostAuthTime::126.597545547316 ][IsExist :: 00:00:000 ms]%0a[HdfsGetFileStatus :: 00:00:045 ms]%0a[SS Response Process :: 00:00:000 ms]%0a[GETFILESTATUS :: 00:00:045 ms]%0a"
        ],
        "Status": [
          "0x0"
        ],
        "X-Content-Type-Options": [
          "nosniff"
        ],
        "Strict-Transport-Security": [
          "max-age=15724800; includeSubDomains"
        ],
        "Cache-Control": [
          "no-cache"
        ],
        "Date": [
          "Tue, 15 Mar 2016 23:39:29 GMT"
        ]
      },
      "StatusCode": 200
    },
    {
      "RequestUri": "/webhdfs/v1/adlspstestfolder%2Fcontentfile.txt?overwrite=false&op=CREATE&write=true&api-version=2015-10-01-preview",
      "EncodedRequestUri": "L3dlYmhkZnMvdjEvYWRsc3BzdGVzdGZvbGRlciUyRmNvbnRlbnRmaWxlLnR4dD9vdmVyd3JpdGU9ZmFsc2Umb3A9Q1JFQVRFJndyaXRlPXRydWUmYXBpLXZlcnNpb249MjAxNS0xMC0wMS1wcmV2aWV3",
      "RequestMethod": "PUT",
      "RequestBody": "Test file content! @ Azure PsTest01?",
      "RequestHeaders": {
        "Content-Type": [
          "application/octet-stream"
        ],
        "Content-Length": [
          "36"
        ],
        "x-ms-client-request-id": [
          "7a51c253-0258-4ce4-a3d8-217e6acacecb"
        ],
        "subscriptionId": [
          "53d9063d-87ae-4ea8-be90-3686c3b8669f"
        ],
        "accept-language": [
          "en-US"
        ],
        "User-Agent": [
          "Microsoft.Azure.Management.DataLake.Store.DataLakeStoreFileSystemManagementClient/0.10.0.0"
        ]
      },
      "ResponseBody": "",
      "ResponseHeaders": {
        "Content-Length": [
          "0"
        ],
        "Expires": [
          "-1"
        ],
        "Pragma": [
          "no-cache"
        ],
        "x-ms-request-id": [
          "258bc59e-b1fe-4883-a86c-1e25045b639a"
        ],
        "ContentLength": [
          "0"
        ],
        "Server-Perf": [
          "[258bc59eb1fe4883a86c1e25045b639a][ AuthTime::1404.5484445182::PostAuthTime::31952.1940295571 ][FsOpenStream :: 00:00:078 ms]%0a[Open :: 00:00:079 ms]%0a[FsAppendStream :: 00:00:535 ms]%0a[Write :: 00:00:535 ms]%0a[CREATE :: 00:00:616 ms]%0a"
        ],
        "Status": [
          "0x0"
        ],
        "X-Content-Type-Options": [
          "nosniff"
        ],
        "Strict-Transport-Security": [
          "max-age=15724800; includeSubDomains"
        ],
        "Cache-Control": [
          "no-cache"
        ],
        "Date": [
          "Tue, 15 Mar 2016 23:39:29 GMT"
        ],
        "Location": [
          "https://onesdk2053.azuredatalakestore.net/webhdfs/v1/adlspstestfolder/contentfile.txt?overwrite=false&op=CREATE&write=true&api-version=2015-10-01-preview"
        ],
        "Set-Cookie": [
          "UserPrincipalSession=d9bd9979-baaa-47ab-bfe8-1e5f9829c180; path=/; secure; HttpOnly"
        ]
      },
      "StatusCode": 201
    },
    {
      "RequestUri": "/webhdfs/v1/adlspstestfolder?op=LISTSTATUS&api-version=2015-10-01-preview",
      "EncodedRequestUri": "L3dlYmhkZnMvdjEvYWRsc3BzdGVzdGZvbGRlcj9vcD1MSVNUU1RBVFVTJmFwaS12ZXJzaW9uPTIwMTUtMTAtMDEtcHJldmlldw==",
      "RequestMethod": "GET",
      "RequestBody": "",
      "RequestHeaders": {
        "x-ms-client-request-id": [
          "9c9396ae-c2ed-4e8e-bf7a-769d92b665e0"
        ],
        "subscriptionId": [
          "53d9063d-87ae-4ea8-be90-3686c3b8669f"
        ],
        "accept-language": [
          "en-US"
        ],
        "User-Agent": [
          "Microsoft.Azure.Management.DataLake.Store.DataLakeStoreFileSystemManagementClient/0.10.0.0"
        ]
      },
      "ResponseBody": "{\r\n  \"FileStatuses\": {\r\n    \"FileStatus\": [\r\n      {\r\n        \"length\": 36,\r\n        \"pathSuffix\": \"contentfile.txt\",\r\n        \"type\": \"FILE\",\r\n        \"blockSize\": 268435456,\r\n        \"accessTime\": 1458085169640,\r\n        \"modificationTime\": 1458085170227,\r\n        \"replication\": 0,\r\n        \"permission\": \"777\",\r\n        \"owner\": \"NotSupportYet\",\r\n        \"group\": \"NotSupportYet\"\r\n      },\r\n      {\r\n        \"length\": 0,\r\n        \"pathSuffix\": \"emptyfile.txt\",\r\n        \"type\": \"FILE\",\r\n        \"blockSize\": 268435456,\r\n        \"accessTime\": 1458085169063,\r\n        \"modificationTime\": 1458085169063,\r\n        \"replication\": 0,\r\n        \"permission\": \"777\",\r\n        \"owner\": \"NotSupportYet\",\r\n        \"group\": \"NotSupportYet\"\r\n      }\r\n    ]\r\n  }\r\n}",
      "ResponseHeaders": {
        "Content-Length": [
          "478"
        ],
        "Content-Type": [
          "application/json; charset=utf-8"
        ],
        "Expires": [
          "-1"
        ],
        "Pragma": [
          "no-cache"
        ],
        "x-ms-request-id": [
          "3aec493b-c3f9-479c-9d96-064abaec5a88"
        ],
        "Server-Perf": [
          "[3aec493bc3f9479c9d96064abaec5a88][ AuthTime::674.901779978598::PostAuthTime::137.71760022377 ][FsEnumerateDirectory :: 00:00:063 ms]%0a[EnumerateDirectory :: 00:00:063 ms]%0a[ListDirectory :: 00:00:063 ms]%0a[LISTSTATUS :: 00:00:063 ms]%0a"
        ],
        "Status": [
          "0x0"
        ],
        "X-Content-Type-Options": [
          "nosniff"
        ],
        "Strict-Transport-Security": [
          "max-age=15724800; includeSubDomains"
        ],
        "Cache-Control": [
          "no-cache"
        ],
        "Date": [
          "Tue, 15 Mar 2016 23:39:29 GMT"
        ]
      },
      "StatusCode": 200
    },
    {
      "RequestUri": "/webhdfs/v1/adlspstestfolder%2Femptyfile.txt?op=APPEND&append=true&api-version=2015-10-01-preview",
      "EncodedRequestUri": "L3dlYmhkZnMvdjEvYWRsc3BzdGVzdGZvbGRlciUyRmVtcHR5ZmlsZS50eHQ/b3A9QVBQRU5EJmFwcGVuZD10cnVlJmFwaS12ZXJzaW9uPTIwMTUtMTAtMDEtcHJldmlldw==",
      "RequestMethod": "POST",
      "RequestBody": "Test file content! @ Azure PsTest01?",
      "RequestHeaders": {
        "Content-Type": [
          "application/octet-stream"
        ],
        "Content-Length": [
          "36"
        ],
        "x-ms-client-request-id": [
          "a5538a6f-17f7-4dd6-bd54-ed2dc08741e8"
        ],
        "subscriptionId": [
          "53d9063d-87ae-4ea8-be90-3686c3b8669f"
        ],
        "accept-language": [
          "en-US"
        ],
        "User-Agent": [
          "Microsoft.Azure.Management.DataLake.Store.DataLakeStoreFileSystemManagementClient/0.10.0.0"
        ]
      },
      "ResponseBody": "",
      "ResponseHeaders": {
        "Content-Length": [
          "0"
        ],
        "Expires": [
          "-1"
        ],
        "Pragma": [
          "no-cache"
        ],
        "x-ms-request-id": [
          "3054ca15-052b-4c81-bc2e-0cd09e1226b2"
        ],
        "Server-Perf": [
          "[3054ca15052b4c81bc2e0cd09e1226b2][ AuthTime::594.067536368994::PostAuthTime::132.157572885543 ][GetCacheEntry :: 00:00:000 ms]%0a[FsOpenStream :: 00:00:053 ms]%0a[OpenNewHandle :: 00:00:053 ms]%0a[CreateCacheEntry :: 00:00:000 ms]%0a[GetOrCreateHandle :: 00:00:053 ms]%0a[Open :: 00:00:053 ms]%0a[FsGetStreamLength :: 00:00:010 ms]%0a[GetLength :: 00:00:010 ms]%0a[FsAppendStream :: 00:00:634 ms]%0a[Write :: 00:00:634 ms]%0a[APPEND :: 00:00:699 ms]%0a"
        ],
        "Status": [
          "0x0"
        ],
        "X-Content-Type-Options": [
          "nosniff"
        ],
        "Strict-Transport-Security": [
          "max-age=15724800; includeSubDomains"
        ],
        "Cache-Control": [
          "no-cache"
        ],
        "Date": [
          "Tue, 15 Mar 2016 23:39:30 GMT"
        ]
      },
      "StatusCode": 200
    },
    {
      "RequestUri": "/webhdfs/v1/adlspstestfolder%2Fconcatfile.txt?deletesourcedirectory=false&op=MSCONCAT&api-version=2015-10-01-preview",
      "EncodedRequestUri": "L3dlYmhkZnMvdjEvYWRsc3BzdGVzdGZvbGRlciUyRmNvbmNhdGZpbGUudHh0P2RlbGV0ZXNvdXJjZWRpcmVjdG9yeT1mYWxzZSZvcD1NU0NPTkNBVCZhcGktdmVyc2lvbj0yMDE1LTEwLTAxLXByZXZpZXc=",
      "RequestMethod": "POST",
      "RequestBody": "sources=adlspstestfolder/emptyfile.txt,adlspstestfolder/contentfile.txt",
      "RequestHeaders": {
        "Content-Type": [
          "application/octet-stream"
        ],
        "Content-Length": [
          "71"
        ],
        "x-ms-client-request-id": [
          "ebec05d3-e38b-4284-b60b-c9b7b2942773"
        ],
        "subscriptionId": [
          "53d9063d-87ae-4ea8-be90-3686c3b8669f"
        ],
        "accept-language": [
          "en-US"
        ],
        "User-Agent": [
          "Microsoft.Azure.Management.DataLake.Store.DataLakeStoreFileSystemManagementClient/0.10.0.0"
        ]
      },
      "ResponseBody": "",
      "ResponseHeaders": {
        "Content-Length": [
          "0"
        ],
        "Expires": [
          "-1"
        ],
        "Pragma": [
          "no-cache"
        ],
        "x-ms-request-id": [
          "0d66cd09-e2dd-4ecf-9dd1-2f30935ffda4"
        ],
        "Server-Perf": [
          "[0d66cd09e2dd4ecf9dd12f30935ffda4][ AuthTime::587.224425798869::PostAuthTime::129.591406421746 ][IsExist :: 00:00:000 ms]%0a[HdfsGetFileStatus :: 00:00:023 ms]%0a[SS Response Process :: 00:00:000 ms]%0a[FsMultiModifyStream :: 00:00:783 ms]%0a[MSCONCAT :: 00:00:808 ms]%0a"
        ],
        "Status": [
          "0x0"
        ],
        "X-Content-Type-Options": [
          "nosniff"
        ],
        "Strict-Transport-Security": [
          "max-age=15724800; includeSubDomains"
        ],
        "Cache-Control": [
          "no-cache"
        ],
        "Date": [
          "Tue, 15 Mar 2016 23:39:32 GMT"
        ]
      },
      "StatusCode": 200
    },
    {
      "RequestUri": "/webhdfs/v1/adlspstestfolder%2Fconcatfile.txt?op=GETFILESTATUS&api-version=2015-10-01-preview",
      "EncodedRequestUri": "L3dlYmhkZnMvdjEvYWRsc3BzdGVzdGZvbGRlciUyRmNvbmNhdGZpbGUudHh0P29wPUdFVEZJTEVTVEFUVVMmYXBpLXZlcnNpb249MjAxNS0xMC0wMS1wcmV2aWV3",
      "RequestMethod": "GET",
      "RequestBody": "",
      "RequestHeaders": {
        "x-ms-client-request-id": [
          "98b18633-7e55-4261-843c-a3de5b4268fa"
        ],
        "subscriptionId": [
          "53d9063d-87ae-4ea8-be90-3686c3b8669f"
        ],
        "accept-language": [
          "en-US"
        ],
        "User-Agent": [
          "Microsoft.Azure.Management.DataLake.Store.DataLakeStoreFileSystemManagementClient/0.10.0.0"
        ]
      },
      "ResponseBody": "{\r\n  \"FileStatus\": {\r\n    \"length\": 72,\r\n    \"pathSuffix\": \"\",\r\n    \"type\": \"FILE\",\r\n    \"blockSize\": 268435456,\r\n    \"accessTime\": 1458085171787,\r\n    \"modificationTime\": 1458085171927,\r\n    \"replication\": 0,\r\n    \"permission\": \"777\",\r\n    \"owner\": \"NotSupportYet\",\r\n    \"group\": \"NotSupportYet\"\r\n  }\r\n}",
      "ResponseHeaders": {
        "Content-Length": [
          "223"
        ],
        "Content-Type": [
          "application/json; charset=utf-8"
        ],
        "Expires": [
          "-1"
        ],
        "Pragma": [
          "no-cache"
        ],
        "x-ms-request-id": [
          "8eae659b-4f34-4a57-a222-ea61bfb811e6"
        ],
        "Server-Perf": [
          "[8eae659b4f344a57a222ea61bfb811e6][ AuthTime::869.075042405901::PostAuthTime::130.019100832379 ][IsExist :: 00:00:000 ms]%0a[HdfsGetFileStatus :: 00:00:043 ms]%0a[SS Response Process :: 00:00:000 ms]%0a[GETFILESTATUS :: 00:00:043 ms]%0a"
        ],
        "Status": [
          "0x0"
        ],
        "X-Content-Type-Options": [
          "nosniff"
        ],
        "Strict-Transport-Security": [
          "max-age=15724800; includeSubDomains"
        ],
        "Cache-Control": [
          "no-cache"
        ],
        "Date": [
          "Tue, 15 Mar 2016 23:39:32 GMT"
        ]
      },
      "StatusCode": 200
    },
    {
      "RequestUri": "/webhdfs/v1/adlspstestfolder%2Fconcatfile.txt?op=GETFILESTATUS&api-version=2015-10-01-preview",
      "EncodedRequestUri": "L3dlYmhkZnMvdjEvYWRsc3BzdGVzdGZvbGRlciUyRmNvbmNhdGZpbGUudHh0P29wPUdFVEZJTEVTVEFUVVMmYXBpLXZlcnNpb249MjAxNS0xMC0wMS1wcmV2aWV3",
      "RequestMethod": "GET",
      "RequestBody": "",
      "RequestHeaders": {
        "x-ms-client-request-id": [
          "b1ff80da-6378-4e87-9a48-df0ede568fd3"
        ],
        "subscriptionId": [
          "53d9063d-87ae-4ea8-be90-3686c3b8669f"
        ],
        "accept-language": [
          "en-US"
        ],
        "User-Agent": [
          "Microsoft.Azure.Management.DataLake.Store.DataLakeStoreFileSystemManagementClient/0.10.0.0"
        ]
      },
      "ResponseBody": "{\r\n  \"FileStatus\": {\r\n    \"length\": 72,\r\n    \"pathSuffix\": \"\",\r\n    \"type\": \"FILE\",\r\n    \"blockSize\": 268435456,\r\n    \"accessTime\": 1458085171787,\r\n    \"modificationTime\": 1458085171927,\r\n    \"replication\": 0,\r\n    \"permission\": \"777\",\r\n    \"owner\": \"NotSupportYet\",\r\n    \"group\": \"NotSupportYet\"\r\n  }\r\n}",
      "ResponseHeaders": {
        "Content-Length": [
          "223"
        ],
        "Content-Type": [
          "application/json; charset=utf-8"
        ],
        "Expires": [
          "-1"
        ],
        "Pragma": [
          "no-cache"
        ],
        "x-ms-request-id": [
          "e4a15e2b-8a18-4319-99a7-9a29cfb7119c"
        ],
        "Server-Perf": [
          "[e4a15e2b8a18431999a79a29cfb7119c][ AuthTime::616.307645721901::PostAuthTime::133.012961706809 ][IsExist :: 00:00:000 ms]%0a[HdfsGetFileStatus :: 00:00:038 ms]%0a[SS Response Process :: 00:00:000 ms]%0a[GETFILESTATUS :: 00:00:039 ms]%0a"
        ],
        "Status": [
          "0x0"
        ],
        "X-Content-Type-Options": [
          "nosniff"
        ],
        "Strict-Transport-Security": [
          "max-age=15724800; includeSubDomains"
        ],
        "Cache-Control": [
          "no-cache"
        ],
        "Date": [
          "Tue, 15 Mar 2016 23:39:34 GMT"
        ]
      },
      "StatusCode": 200
    },
    {
      "RequestUri": "/webhdfs/v1/adlspstestfolder%2Fconcatfile.txt?op=GETFILESTATUS&api-version=2015-10-01-preview",
      "EncodedRequestUri": "L3dlYmhkZnMvdjEvYWRsc3BzdGVzdGZvbGRlciUyRmNvbmNhdGZpbGUudHh0P29wPUdFVEZJTEVTVEFUVVMmYXBpLXZlcnNpb249MjAxNS0xMC0wMS1wcmV2aWV3",
      "RequestMethod": "GET",
      "RequestBody": "",
      "RequestHeaders": {
        "x-ms-client-request-id": [
          "a2340e38-f264-4322-bcfa-ba2741c6dd9c"
        ],
        "subscriptionId": [
          "53d9063d-87ae-4ea8-be90-3686c3b8669f"
        ],
        "accept-language": [
          "en-US"
        ],
        "User-Agent": [
          "Microsoft.Azure.Management.DataLake.Store.DataLakeStoreFileSystemManagementClient/0.10.0.0"
        ]
      },
      "ResponseBody": "{\r\n  \"FileStatus\": {\r\n    \"length\": 72,\r\n    \"pathSuffix\": \"\",\r\n    \"type\": \"FILE\",\r\n    \"blockSize\": 268435456,\r\n    \"accessTime\": 1458085171787,\r\n    \"modificationTime\": 1458085171927,\r\n    \"replication\": 0,\r\n    \"permission\": \"777\",\r\n    \"owner\": \"NotSupportYet\",\r\n    \"group\": \"NotSupportYet\"\r\n  }\r\n}",
      "ResponseHeaders": {
        "Content-Length": [
          "223"
        ],
        "Content-Type": [
          "application/json; charset=utf-8"
        ],
        "Expires": [
          "-1"
        ],
        "Pragma": [
          "no-cache"
        ],
        "x-ms-request-id": [
          "50faf5f8-8408-43af-ae23-60196dfcb680"
        ],
        "Server-Perf": [
          "[50faf5f8840843afae2360196dfcb680][ AuthTime::640.258532717339::PostAuthTime::135.579128170606 ][IsExist :: 00:00:000 ms]%0a[HdfsGetFileStatus :: 00:00:087 ms]%0a[SS Response Process :: 00:00:000 ms]%0a[GETFILESTATUS :: 00:00:087 ms]%0a"
        ],
        "Status": [
          "0x0"
        ],
        "X-Content-Type-Options": [
          "nosniff"
        ],
        "Strict-Transport-Security": [
          "max-age=15724800; includeSubDomains"
        ],
        "Cache-Control": [
          "no-cache"
        ],
        "Date": [
          "Tue, 15 Mar 2016 23:39:34 GMT"
        ]
      },
      "StatusCode": 200
    },
    {
      "RequestUri": "/webhdfs/v1/adlspstestfolder%2Fconcatfile.txt?op=GETFILESTATUS&api-version=2015-10-01-preview",
      "EncodedRequestUri": "L3dlYmhkZnMvdjEvYWRsc3BzdGVzdGZvbGRlciUyRmNvbmNhdGZpbGUudHh0P29wPUdFVEZJTEVTVEFUVVMmYXBpLXZlcnNpb249MjAxNS0xMC0wMS1wcmV2aWV3",
      "RequestMethod": "GET",
      "RequestBody": "",
      "RequestHeaders": {
        "x-ms-client-request-id": [
          "23722ba8-78cb-4154-8bca-c817fbee7685"
        ],
        "subscriptionId": [
          "53d9063d-87ae-4ea8-be90-3686c3b8669f"
        ],
        "accept-language": [
          "en-US"
        ],
        "User-Agent": [
          "Microsoft.Azure.Management.DataLake.Store.DataLakeStoreFileSystemManagementClient/0.10.0.0"
        ]
      },
      "ResponseBody": "{\r\n  \"RemoteException\": {\r\n    \"exception\": \"FileNotFoundException\",\r\n    \"message\": \"File/Folder does not exist: /adlspstestfolder/concatfile.txt [5931bcff28e04398ae380e6ca8600a3b]\",\r\n    \"javaClassName\": \"java.io.FileNotFoundException\"\r\n  }\r\n}",
      "ResponseHeaders": {
        "Content-Length": [
          "213"
        ],
        "Content-Type": [
          "application/json; charset=utf-8"
        ],
        "Expires": [
          "-1"
        ],
        "Pragma": [
          "no-cache"
        ],
        "x-ms-request-id": [
          "5931bcff-28e0-4398-ae38-0e6ca8600a3b"
        ],
        "Server-Perf": [
          "[5931bcff28e04398ae380e6ca8600a3b][ AuthTime::603.049118992284::PostAuthTime::135.579128170606 ][IsExist :: 00:00:000 ms]%0a[HdfsGetFileStatus :: 00:00:040 ms]%0a[SS Response Process :: 00:00:000 ms]%0a[GETFILESTATUS :: 00:00:041 ms]%0a"
        ],
        "Status": [
          "0x8309000A"
        ],
        "X-Content-Type-Options": [
          "nosniff"
        ],
        "Strict-Transport-Security": [
          "max-age=15724800; includeSubDomains"
        ],
        "Cache-Control": [
          "no-cache"
        ],
        "Date": [
          "Tue, 15 Mar 2016 23:39:36 GMT"
        ]
      },
      "StatusCode": 404
    },
    {
      "RequestUri": "/webhdfs/v1/adlspstestfolder%2Fimportfile.txt?op=GETFILESTATUS&api-version=2015-10-01-preview",
      "EncodedRequestUri": "L3dlYmhkZnMvdjEvYWRsc3BzdGVzdGZvbGRlciUyRmltcG9ydGZpbGUudHh0P29wPUdFVEZJTEVTVEFUVVMmYXBpLXZlcnNpb249MjAxNS0xMC0wMS1wcmV2aWV3",
      "RequestMethod": "GET",
      "RequestBody": "",
      "RequestHeaders": {
        "x-ms-client-request-id": [
          "84fdbc0b-e832-4e10-9977-56e609f10020"
        ],
        "subscriptionId": [
          "53d9063d-87ae-4ea8-be90-3686c3b8669f"
        ],
        "accept-language": [
          "en-US"
        ],
        "User-Agent": [
          "Microsoft.Azure.Management.DataLake.Store.DataLakeStoreFileSystemManagementClient/0.10.0.0"
        ]
      },
      "ResponseBody": "{\r\n  \"RemoteException\": {\r\n    \"exception\": \"FileNotFoundException\",\r\n    \"message\": \"File/Folder does not exist: /adlspstestfolder/importfile.txt [e7dc3f87ea0c41d1aa589e4379a308a3]\",\r\n    \"javaClassName\": \"java.io.FileNotFoundException\"\r\n  }\r\n}",
      "ResponseHeaders": {
        "Content-Length": [
          "213"
        ],
        "Content-Type": [
          "application/json; charset=utf-8"
        ],
        "Expires": [
          "-1"
        ],
        "Pragma": [
          "no-cache"
        ],
        "x-ms-request-id": [
          "e7dc3f87-ea0c-41d1-aa58-9e4379a308a3"
        ],
        "Server-Perf": [
          "[e7dc3f87ea0c41d1aa589e4379a308a3][ AuthTime::619.729201006964::PostAuthTime::130.446795243012 ][IsExist :: 00:00:000 ms]%0a[HdfsGetFileStatus :: 00:00:033 ms]%0a[SS Response Process :: 00:00:000 ms]%0a[GETFILESTATUS :: 00:00:033 ms]%0a"
        ],
        "Status": [
          "0x8309000A"
        ],
        "X-Content-Type-Options": [
          "nosniff"
        ],
        "Strict-Transport-Security": [
          "max-age=15724800; includeSubDomains"
        ],
        "Cache-Control": [
          "no-cache"
        ],
        "Date": [
          "Tue, 15 Mar 2016 23:39:32 GMT"
        ]
      },
      "StatusCode": 404
    },
    {
      "RequestUri": "/webhdfs/v1/adlspstestfolder%2Fimportfile.txt?op=GETFILESTATUS&api-version=2015-10-01-preview",
      "EncodedRequestUri": "L3dlYmhkZnMvdjEvYWRsc3BzdGVzdGZvbGRlciUyRmltcG9ydGZpbGUudHh0P29wPUdFVEZJTEVTVEFUVVMmYXBpLXZlcnNpb249MjAxNS0xMC0wMS1wcmV2aWV3",
      "RequestMethod": "GET",
      "RequestBody": "",
      "RequestHeaders": {
        "x-ms-client-request-id": [
          "09af90cc-5298-44ae-a4db-b5b19789b0c0"
        ],
        "subscriptionId": [
          "53d9063d-87ae-4ea8-be90-3686c3b8669f"
        ],
        "accept-language": [
          "en-US"
        ],
        "User-Agent": [
          "Microsoft.Azure.Management.DataLake.Store.DataLakeStoreFileSystemManagementClient/0.10.0.0"
        ]
      },
      "ResponseBody": "{\r\n  \"RemoteException\": {\r\n    \"exception\": \"FileNotFoundException\",\r\n    \"message\": \"File/Folder does not exist: /adlspstestfolder/importfile.txt [ef39c5b2096d4d449768d57ad74fb637]\",\r\n    \"javaClassName\": \"java.io.FileNotFoundException\"\r\n  }\r\n}",
      "ResponseHeaders": {
        "Content-Length": [
          "213"
        ],
        "Content-Type": [
          "application/json; charset=utf-8"
        ],
        "Expires": [
          "-1"
        ],
        "Pragma": [
          "no-cache"
        ],
        "x-ms-request-id": [
          "ef39c5b2-096d-4d44-9768-d57ad74fb637"
        ],
        "Server-Perf": [
          "[ef39c5b2096d4d449768d57ad74fb637][ AuthTime::1454.16099615161::PostAuthTime::31355.1326323137 ][IsExist :: 00:00:000 ms]%0a[HdfsGetFileStatus :: 00:00:009 ms]%0a[SS Response Process :: 00:00:000 ms]%0a[GETFILESTATUS :: 00:00:009 ms]%0a"
        ],
        "Status": [
          "0x8309000A"
        ],
        "X-Content-Type-Options": [
          "nosniff"
        ],
        "Strict-Transport-Security": [
          "max-age=15724800; includeSubDomains"
        ],
        "Cache-Control": [
          "no-cache"
        ],
        "Date": [
          "Tue, 15 Mar 2016 23:39:33 GMT"
        ],
        "Set-Cookie": [
          "UserPrincipalSession=d9bd9979-baaa-47ab-bfe8-1e5f9829c180; path=/; secure; HttpOnly"
        ]
      },
      "StatusCode": 404
    },
    {
      "RequestUri": "/webhdfs/v1/adlspstestfolder%2Fimportfile.txt?op=GETFILESTATUS&api-version=2015-10-01-preview",
      "EncodedRequestUri": "L3dlYmhkZnMvdjEvYWRsc3BzdGVzdGZvbGRlciUyRmltcG9ydGZpbGUudHh0P29wPUdFVEZJTEVTVEFUVVMmYXBpLXZlcnNpb249MjAxNS0xMC0wMS1wcmV2aWV3",
      "RequestMethod": "GET",
      "RequestBody": "",
      "RequestHeaders": {
        "x-ms-client-request-id": [
          "64fef9cd-af39-47b4-9ad1-b72bb0b1899e"
        ],
        "subscriptionId": [
          "53d9063d-87ae-4ea8-be90-3686c3b8669f"
        ],
        "accept-language": [
          "en-US"
        ],
        "User-Agent": [
          "Microsoft.Azure.Management.DataLake.Store.DataLakeStoreFileSystemManagementClient/0.10.0.0"
        ]
      },
      "ResponseBody": "{\r\n  \"FileStatus\": {\r\n    \"length\": 20392,\r\n    \"pathSuffix\": \"\",\r\n    \"type\": \"FILE\",\r\n    \"blockSize\": 268435456,\r\n    \"accessTime\": 1458085173313,\r\n    \"modificationTime\": 1458085174070,\r\n    \"replication\": 0,\r\n    \"permission\": \"777\",\r\n    \"owner\": \"NotSupportYet\",\r\n    \"group\": \"NotSupportYet\"\r\n  }\r\n}",
      "ResponseHeaders": {
        "Content-Length": [
          "226"
        ],
        "Content-Type": [
          "application/json; charset=utf-8"
        ],
        "Expires": [
          "-1"
        ],
        "Pragma": [
          "no-cache"
        ],
        "x-ms-request-id": [
          "79c2e2f3-2818-4553-a191-ef412c7f6d62"
        ],
        "Server-Perf": [
          "[79c2e2f328184553a191ef412c7f6d62][ AuthTime::533.762624469766::PostAuthTime::121.892907030355 ][IsExist :: 00:00:000 ms]%0a[HdfsGetFileStatus :: 00:00:055 ms]%0a[SS Response Process :: 00:00:000 ms]%0a[GETFILESTATUS :: 00:00:055 ms]%0a"
        ],
        "Status": [
          "0x0"
        ],
        "X-Content-Type-Options": [
          "nosniff"
        ],
        "Strict-Transport-Security": [
          "max-age=15724800; includeSubDomains"
        ],
        "Cache-Control": [
          "no-cache"
        ],
        "Date": [
          "Tue, 15 Mar 2016 23:39:34 GMT"
        ]
      },
      "StatusCode": 200
    },
    {
      "RequestUri": "/webhdfs/v1/adlspstestfolder%2Fimportfile.txt?op=GETFILESTATUS&api-version=2015-10-01-preview",
      "EncodedRequestUri": "L3dlYmhkZnMvdjEvYWRsc3BzdGVzdGZvbGRlciUyRmltcG9ydGZpbGUudHh0P29wPUdFVEZJTEVTVEFUVVMmYXBpLXZlcnNpb249MjAxNS0xMC0wMS1wcmV2aWV3",
      "RequestMethod": "GET",
      "RequestBody": "",
      "RequestHeaders": {
        "x-ms-client-request-id": [
          "4e3c230c-6cd8-49db-b756-8eaa87c385fc"
        ],
        "subscriptionId": [
          "53d9063d-87ae-4ea8-be90-3686c3b8669f"
        ],
        "accept-language": [
          "en-US"
        ],
        "User-Agent": [
          "Microsoft.Azure.Management.DataLake.Store.DataLakeStoreFileSystemManagementClient/0.10.0.0"
        ]
      },
      "ResponseBody": "{\r\n  \"FileStatus\": {\r\n    \"length\": 20392,\r\n    \"pathSuffix\": \"\",\r\n    \"type\": \"FILE\",\r\n    \"blockSize\": 268435456,\r\n    \"accessTime\": 1458085173313,\r\n    \"modificationTime\": 1458085174070,\r\n    \"replication\": 0,\r\n    \"permission\": \"777\",\r\n    \"owner\": \"NotSupportYet\",\r\n    \"group\": \"NotSupportYet\"\r\n  }\r\n}",
      "ResponseHeaders": {
        "Content-Length": [
          "226"
        ],
        "Content-Type": [
          "application/json; charset=utf-8"
        ],
        "Expires": [
          "-1"
        ],
        "Pragma": [
          "no-cache"
        ],
        "x-ms-request-id": [
          "b880f3ab-67a5-4acc-b970-943413edd17b"
        ],
        "Server-Perf": [
          "[b880f3ab67a54accb970943413edd17b][ AuthTime::543.171901503688::PostAuthTime::120.182129387824 ][IsExist :: 00:00:000 ms]%0a[HdfsGetFileStatus :: 00:00:043 ms]%0a[SS Response Process :: 00:00:000 ms]%0a[GETFILESTATUS :: 00:00:043 ms]%0a"
        ],
        "Status": [
          "0x0"
        ],
        "X-Content-Type-Options": [
          "nosniff"
        ],
        "Strict-Transport-Security": [
          "max-age=15724800; includeSubDomains"
        ],
        "Cache-Control": [
          "no-cache"
        ],
        "Date": [
          "Tue, 15 Mar 2016 23:39:34 GMT"
        ]
      },
      "StatusCode": 200
    },
    {
      "RequestUri": "/webhdfs/v1/adlspstestfolder%2Fimportfile.txt?overwrite=true&op=CREATE&write=true&api-version=2015-10-01-preview",
      "EncodedRequestUri": "L3dlYmhkZnMvdjEvYWRsc3BzdGVzdGZvbGRlciUyRmltcG9ydGZpbGUudHh0P292ZXJ3cml0ZT10cnVlJm9wPUNSRUFURSZ3cml0ZT10cnVlJmFwaS12ZXJzaW9uPTIwMTUtMTAtMDEtcHJldmlldw==",
      "RequestMethod": "PUT",
      "RequestBody": "<#\r\n.SYNOPSIS\r\nTests DataLakeStore Account Lifecycle (Create, Update, Get, List, Delete).\r\n#>\r\nfunction Test-DataLakeStoreAccount\r\n{\r\n    param\r\n\t(\r\n\t\t$location = \"West US\"\r\n\t)\r\n\t\r\n\ttry\r\n\t{\r\n\t\t# Creating Account\r\n\t\t$resourceGroupName = Get-ResourceGroupName\r\n\t\t$accountName = Get-DataLakeStoreAccountName\r\n\t\tNew-AzureRmResourceGroup -Name $resourceGroupName -Location $location\r\n\t\t$accountCreated = New-AzureRmDataLakeStoreAccount -ResourceGroupName $resourceGroupName -Name $accountName -Location $location\r\n    \r\n\t\tAssert-AreEqual $accountName $accountCreated.Name\r\n\t\tAssert-AreEqual $location $accountCreated.Location\r\n\t\tAssert-AreEqual \"Microsoft.DataLakeStore/accounts\" $accountCreated.Type\r\n\t\tAssert-True {$accountCreated.Id -like \"*$resourceGroupName*\"}\r\n\r\n\t\t# In loop to check if account exists\r\n\t\tfor ($i = 0; $i -le 60; $i++)\r\n\t\t{\r\n\t\t\t[array]$accountGet = Get-AzureRmDataLakeStoreAccount -ResourceGroupName $resourceGroupName -Name $accountName\r\n\t\t\tif ($accountGet[0].Properties.ProvisioningState -like \"Succeeded\")\r\n\t\t\t{\r\n\t\t\t\tAssert-AreEqual $accountName $accountGet[0].Name\r\n\t\t\t\tAssert-AreEqual $location $accountGet[0].Location\r\n\t\t\t\tAssert-AreEqual \"Microsoft.DataLakeStore/accounts\" $accountGet[0].Type\r\n\t\t\t\tAssert-True {$accountGet[0].Id -like \"*$resourceGroupName*\"}\r\n\t\t\t\tbreak\r\n\t\t\t}\r\n\r\n\t\t\tWrite-Host \"account not yet provisioned. current state: $($accountGet[0].Properties.ProvisioningState)\"\r\n\t\t\t[Microsoft.WindowsAzure.Commands.Utilities.Common.TestMockSupport]::Delay(30000)\r\n\t\t\tAssert-False {$i -eq 60} \" Data Lake Store account is not in succeeded state even after 30 min.\"\r\n\t\t}\r\n\r\n\t\t# Updating Account\r\n\t\t$tagsToUpdate = @{\"Name\" = \"TestTag\"; \"Value\" = \"TestUpdate\"}\r\n\t\t$accountUpdated = Set-AzureRmDataLakeStoreAccount -ResourceGroupName $resourceGroupName -Name $accountName -Tags $tagsToUpdate\r\n    \r\n\t\tAssert-AreEqual $accountName $accountUpdated.Name\r\n\t\tAssert-AreEqual $location $accountUpdated.Location\r\n\t\tAssert-AreEqual \"Microsoft.DataLakeStore/accounts\" $accountUpdated.Type\r\n\t\tAssert-True {$accountUpdated.Id -like \"*$resourceGroupName*\"}\r\n\t\r\n\t\tAssert-NotNull $accountUpdated.Tags \"Tags do not exists\"\r\n\t\tAssert-NotNull $accountUpdated.Tags[\"TestTag\"] \"The updated tag 'TestTag' does not exist\"\r\n\r\n\t\t# List all accounts in resource group\r\n\t\t[array]$accountsInResourceGroup = Get-AzureRmDataLakeStoreAccount -ResourceGroupName $resourceGroupName\r\n\t\tAssert-True {$accountsInResourceGroup.Count -ge 1}\r\n    \r\n\t\t$found = 0\r\n\t\tfor ($i = 0; $i -lt $accountsInResourceGroup.Count; $i++)\r\n\t\t{\r\n\t\t\tif ($accountsInResourceGroup[$i].Name -eq $accountName)\r\n\t\t\t{\r\n\t\t\t\t$found = 1\r\n\t\t\t\tAssert-AreEqual $location $accountsInResourceGroup[$i].Location\r\n\t\t\t\tAssert-AreEqual \"Microsoft.DataLakeStore/accounts\" $accountsInResourceGroup[$i].Type\r\n\t\t\t\tAssert-True {$accountsInResourceGroup[$i].Id -like \"*$resourceGroupName*\"}\r\n\r\n\t\t\t\tbreak\r\n\t\t\t}\r\n\t\t}\r\n\t\tAssert-True {$found -eq 1} \"Account created earlier is not found when listing all in resource group: $resourceGroupName.\"\r\n\r\n\t\t# List all Data Lake accounts in subscription\r\n\t\t[array]$accountsInSubscription = Get-AzureRmDataLakeStoreAccount\r\n\t\tAssert-True {$accountsInSubscription.Count -ge 1}\r\n\t\tAssert-True {$accountsInSubscription.Count -ge $accountsInResourceGroup.Count}\r\n    \r\n\t\t$found = 0\r\n\t\tfor ($i = 0; $i -lt $accountsInSubscription.Count; $i++)\r\n\t\t{\r\n\t\t\tif ($accountsInSubscription[$i].Name -eq $accountName)\r\n\t\t\t{\r\n\t\t\t\t$found = 1\r\n\t\t\t\tAssert-AreEqual $location $accountsInSubscription[$i].Location\r\n\t\t\t\tAssert-AreEqual \"Microsoft.DataLakeStore/accounts\" $accountsInSubscription[$i].Type\r\n\t\t\t\tAssert-True {$accountsInSubscription[$i].Id -like \"*$resourceGroupName*\"}\r\n    \r\n\t\t\t\tbreak\r\n\t\t\t}\r\n\t\t}\r\n\t\tAssert-True {$found -eq 1} \"Account created earlier is not found when listing all in subscription.\"\r\n\r\n\t\t# Delete Data Lake account\r\n\t\tAssert-True {Remove-AzureRmDataLakeStoreAccount -ResourceGroupName $resourceGroupName -Name $accountName -Force -PassThru} \"Remove Account failed.\"\r\n\r\n\t\t# Verify that it is gone by trying to get it again\r\n\t\tAssert-Throws {Get-AzureRmDataLakeStoreAccount -ResourceGroupName $resourceGroupName -Name $accountName}\r\n\t}\r\n\tfinally\r\n\t{\r\n\t\t# cleanup the resource group that was used in case it still exists. This is a best effort task, we ignore failures here.\r\n\t\tInvoke-HandledCmdlet -Command {Remove-AzureRmDataLakeStoreAccount -ResourceGroupName $resourceGroupName -Name $accountName -Force -ErrorAction SilentlyContinue} -IgnoreFailures\r\n\t\tInvoke-HandledCmdlet -Command {Remove-AzureRmResourceGroup -Name $resourceGroupName -Force -ErrorAction SilentlyContinue} -IgnoreFailures\r\n\t}\r\n}\r\n\r\nfunction Test-DataLakeStoreFileSystem\r\n{\r\n\tparam\r\n\t(\r\n\t\t$fileToCopy,\r\n\t\t$location = \"West US\"\r\n\t)\r\n\r\n\ttry\r\n\t{\r\n\t\t# Creating Account\r\n\t\t$resourceGroupName = Get-ResourceGroupName\r\n\t\t$accountName = Get-DataLakeStoreAccountName\r\n\t\tNew-AzureRmResourceGroup -Name $resourceGroupName -Location $location\r\n\t\t$accountCreated = New-AzureRmDataLakeStoreAccount -ResourceGroupName $resourceGroupName -Name $accountName -Location $location\r\n    \r\n\t\tAssert-AreEqual $accountName $accountCreated.Name\r\n\t\tAssert-AreEqual $location $accountCreated.Location\r\n\t\tAssert-AreEqual \"Microsoft.DataLakeStore/accounts\" $accountCreated.Type\r\n\t\tAssert-True {$accountCreated.Id -like \"*$resourceGroupName*\"}\r\n\r\n\t\t# In loop to check if account exists\r\n\t\tfor ($i = 0; $i -le 60; $i++)\r\n\t\t{\r\n\t\t\t[array]$accountGet = Get-AzureRmDataLakeStoreAccount -ResourceGroupName $resourceGroupName -Name $accountName\r\n\t\t\tif ($accountGet[0].Properties.ProvisioningState -like \"Succeeded\")\r\n\t\t\t{\r\n\t\t\t\tAssert-AreEqual $accountName $accountGet[0].Name\r\n\t\t\t\tAssert-AreEqual $location $accountGet[0].Location\r\n\t\t\t\tAssert-AreEqual \"Microsoft.DataLakeStore/accounts\" $accountGet[0].Type\r\n\t\t\t\tAssert-True {$accountGet[0].Id -like \"*$resourceGroupName*\"}\r\n\t\t\t\tbreak\r\n\t\t\t}\r\n\r\n\t\t\tWrite-Host \"account not yet provisioned. current state: $($accountGet[0].Properties.ProvisioningState)\"\r\n\t\t\t[Microsoft.WindowsAzure.Commands.Utilities.Common.TestMockSupport]::Delay(30000)\r\n\t\t\tAssert-False {$i -eq 60} \" Data Lake Store account is not in succeeded state even after 30 min.\"\r\n\t\t}\r\n\r\n\t\t# define all the files and folders to create\r\n\t\t$folderToCreate = \"/adlspstestfolder\"\r\n\t\t$emptyFilePath = \"$folderToCreate\\emptyfile.txt\" # have one where the slash is in the wrong direction to make sure they get fixed.\r\n\t\t$contentFilePath = \"$folderToCreate/contentfile.txt\"\r\n\t\t$concatFile = \"$folderToCreate/concatfile.txt\"\r\n\t\t$moveFile = \"$folderToCreate/movefile.txt\"\r\n\t\t$movefolder = \"/adlspstestmovefolder\"\r\n\t\t$importFile = \"$folderToCreate/importfile.txt\"\r\n\t\t$content = \"Test file content! @ Azure PsTest01?\"\r\n\t\r\n\r\n\t\t# Create and get Empty folder\r\n\t\t$result = New-AzureRMDataLakeStoreItem -Account $accountName -path $folderToCreate -Folder\r\n\t\tAssert-NotNull $result \"No value was returned on folder creation\"\r\n\t\t$result = Get-AzureRMDataLakeStoreItem -Account $accountName -path $folderToCreate\r\n\t\tAssert-NotNull $result \"No value was returned on folder get\"\r\n\t\tAssert-AreEqual \"Directory\" $result.Type\r\n\t\t# Create and get Empty File\r\n\t\t$result = New-AzureRMDataLakeStoreItem -Account $accountName -path $emptyFilePath\r\n\t\tAssert-NotNull $result \"No value was returned on empty file creation\"\r\n\t\t$result = Get-AzureRMDataLakeStoreItem -Account $accountName -path $emptyFilePath\r\n\t\tAssert-NotNull $result \"No value was returned on empty file get\"\r\n\t\tAssert-AreEqual \"File\" $result.Type\r\n\t\tAssert-AreEqual 0 $result.Length\r\n\t\t# Create and get file with content\r\n\t\t$result = New-AzureRMDataLakeStoreItem -Account $accountName -path $contentFilePath -Value $content\r\n\t\tAssert-NotNull $result \"No value was returned on content file creation\"\r\n\t\t$result = Get-AzureRMDataLakeStoreItem -Account $accountName -path $contentFilePath\r\n\t\tAssert-NotNull $result \"No value was returned on content file get\"\r\n\t\tAssert-AreEqual \"File\" $result.Type\r\n\t\tAssert-AreEqual $content.length $result.Length\r\n\t\t# list files\r\n\t\t$result = Get-AzureRMDataLakeStoreChildItem -Account $accountName -path $folderToCreate\r\n\t\tAssert-NotNull $result \"No value was returned on folder list\"\r\n\t\tAssert-AreEqual 2 $result.length\r\n\t\t# add content to empty file\r\n\t\tAdd-AzureRmDataLakeStoreItemContent -Account $accountName -Path $emptyFilePath -Value $content\r\n\t\t$result = Get-AzureRMDataLakeStoreItem -Account $accountName -path $emptyFilePath\r\n\t\tAssert-NotNull $result \"No value was returned on empty file get with content added\"\r\n\t\tAssert-AreEqual \"File\" $result.Type\r\n\t\tAssert-AreEqual $content.length $result.Length\r\n\t\t# concat files\r\n\t\t$result = Join-AzureRmDataLakeStoreItem -Account $accountName -Paths $emptyFilePath,$contentFilePath -Destination $concatFile\r\n\t\tAssert-NotNull $result \"No value was returned on concat file\"\r\n\t\t$result = Get-AzureRMDataLakeStoreItem -Account $accountName -path $concatFile\r\n\t\tAssert-NotNull $result \"No value was returned on concat file get\"\r\n\t\tAssert-AreEqual \"File\" $result.Type\r\n\t\tAssert-AreEqual $($content.length*2) $result.Length\r\n\t\r\n\t\t# Import and get file\r\n\t\t$localFileInfo = Get-ChildItem $fileToCopy\r\n\t\t$result = Import-AzureRmDataLakeStoreItem -Account $accountName -Path $fileToCopy -Destination $importFile\r\n\t\tAssert-NotNull $result \"No value was returned on import file\"\r\n\t\t$result = Get-AzureRMDataLakeStoreItem -Account $accountName -path $importFile\r\n\t\tAssert-NotNull $result \"No value was returned on import file get\"\r\n\t\tAssert-AreEqual \"File\" $result.Type\r\n\t\tAssert-AreEqual $localFileInfo.length $result.Length\r\n\t\t# download file\r\n\t\t$currentDir = Split-Path $fileToCopy\r\n\t\t$targetFile = Join-Path $currentDir \"adlspstestdownload.txt\"\r\n\t\tif(Test-Path $targetFile)\r\n\t\t{\r\n\t\t\tRemove-Item -path $targetFile -force -confirm:$false\r\n\t\t}\r\n\r\n\t\tExport-AzureRMDataLakeStoreItem -Account $accountName -Path $concatFile -Destination $targetFile\r\n\t\t$downloadedFileInfo = Get-ChildItem $targetFile\r\n\t\tAssert-AreEqual $($content.length*2) $downloadedFileInfo.length\r\n\t\tRemove-Item -path $targetFile -force -confirm:$false\r\n\r\n\t\t# move a file\r\n\t\t$result = Move-AzureRmDataLakeStoreItem -Account $accountName -Path $concatFile -Destination $moveFile\r\n\t\tAssert-NotNull $result \"No value was returned on move file\"\r\n\t\t$result = Get-AzureRMDataLakeStoreItem -Account $accountName -path $moveFile\r\n\t\tAssert-NotNull $result \"No value was returned on move file get\"\r\n\t\tAssert-AreEqual \"File\" $result.Type\r\n\t\tAssert-AreEqual $($content.length*2) $result.Length\r\n\t\tAssert-Throws {Get-AzureRMDataLakeStoreItem -Account $accountName -path $concatFile}\r\n\t\t# move a folder\r\n\t\t$result = Move-AzureRmDataLakeStoreItem -Account $accountName -Path $folderToCreate -Destination $moveFolder\r\n\t\tAssert-NotNull $result \"No value was returned on move folder\"\r\n\t\t$result = Get-AzureRMDataLakeStoreItem -Account $accountName -path $moveFolder\r\n\t\tAssert-NotNull $result \"No value was returned on move folder get\"\r\n\t\tAssert-AreEqual \"Directory\" $result.Type\r\n\t\tAssert-AreEqual 0 $result.Length\r\n\t\tAssert-Throws {Get-AzureRMDataLakeStoreItem -Account $accountName -path $folderToCreate}\r\n\t\t# delete a file\r\n\t\tAssert-True {Remove-AzureRmDataLakeStoreItem -Account $accountName -paths \"$moveFolder/movefile.txt\" -force -passthru } \"Remove File Failed\"\r\n\t\tAssert-Throws {Get-AzureRMDataLakeStoreItem -Account $accountName -path $moveFile}\r\n\t\t# delete a folder\r\n\t\tAssert-True {Remove-AzureRmDataLakeStoreItem -Account $accountName -paths $moveFolder -force -recurse -passthru} \"Remove folder failed\"\r\n\t\tAssert-Throws {Get-AzureRMDataLakeStoreItem -Account $accountName -path $moveFolder}\r\n    \r\n\t\t# Delete Data Lake account\r\n\t\tAssert-True {Remove-AzureRmDataLakeStoreAccount -ResourceGroupName $resourceGroupName -Name $accountName -Force -PassThru} \"Remove Account failed.\"\r\n\r\n\t\t# Verify that it is gone by trying to get it again\r\n\t\tAssert-Throws {Get-AzureRmDataLakeStoreAccount -ResourceGroupName $resourceGroupName -Name $accountName}\r\n\t}\r\n\tfinally\r\n\t{\r\n\t\t# cleanup the resource group that was used in case it still exists. This is a best effort task, we ignore failures here.\r\n\t\tInvoke-HandledCmdlet -Command {Remove-AzureRmDataLakeStoreAccount -ResourceGroupName $resourceGroupName -Name $accountName -Force -ErrorAction SilentlyContinue} -IgnoreFailures\r\n\t\tInvoke-HandledCmdlet -Command {Remove-AzureRmResourceGroup -Name $resourceGroupName -Force -ErrorAction SilentlyContinue} -IgnoreFailures\r\n\t}\r\n}\r\n\r\nfunction Test-DataLakeStoreFileSystemPermissions\r\n{\r\n\tparam\r\n\t(\r\n\t\t$location = \"West US\"\r\n\t)\r\n\r\n\ttry\r\n\t{\r\n\t\t# Creating Account\r\n\t\t$resourceGroupName = Get-ResourceGroupName\r\n\t\t$accountName = Get-DataLakeStoreAccountName\r\n\t\tNew-AzureRmResourceGroup -Name $resourceGroupName -Location $location\r\n\t\t$accountCreated = New-AzureRmDataLakeStoreAccount -ResourceGroupName $resourceGroupName -Name $accountName -Location $location\r\n    \r\n\t\tAssert-AreEqual $accountName $accountCreated.Name\r\n\t\tAssert-AreEqual $location $accountCreated.Location\r\n\t\tAssert-AreEqual \"Microsoft.DataLakeStore/accounts\" $accountCreated.Type\r\n\t\tAssert-True {$accountCreated.Id -like \"*$resourceGroupName*\"}\r\n\r\n\t\t# In loop to check if account exists\r\n\t\tfor ($i = 0; $i -le 60; $i++)\r\n\t\t{\r\n\t\t\t[array]$accountGet = Get-AzureRmDataLakeStoreAccount -ResourceGroupName $resourceGroupName -Name $accountName\r\n\t\t\tif ($accountGet[0].Properties.ProvisioningState -like \"Succeeded\")\r\n\t\t\t{\r\n\t\t\t\tAssert-AreEqual $accountName $accountGet[0].Name\r\n\t\t\t\tAssert-AreEqual $location $accountGet[0].Location\r\n\t\t\t\tAssert-AreEqual \"Microsoft.DataLakeStore/accounts\" $accountGet[0].Type\r\n\t\t\t\tAssert-True {$accountGet[0].Id -like \"*$resourceGroupName*\"}\r\n\t\t\t\tbreak\r\n\t\t\t}\r\n\r\n\t\t\tWrite-Host \"account not yet provisioned. current state: $($accountGet[0].Properties.ProvisioningState)\"\r\n\t\t\t[Microsoft.WindowsAzure.Commands.Utilities.Common.TestMockSupport]::Delay(30000)\r\n\t\t\tAssert-False {$i -eq 60} \" Data Lake Store account is not in succeeded state even after 30 min.\"\r\n\t\t}\r\n\r\n\t\t# define the permissions to add/remove\r\n\t\t$aceUserId = \"027c28d5-c91d-49f0-98c5-d10134b169b3\"\r\n\r\n\t\t# Set and get all the permissions\r\n\t\t$result = Get-AzureRMDataLakeStoreItemAcl -Account $accountName -path \"/\"\r\n\t\tAssert-NotNull $result \"Did not get any result from ACL get\" \r\n\t\tAssert-True {$result.UserAces.count -ge 0} \"UserAces is negative or null\"\r\n\t\t$currentCount = $result.UserAces.Count\r\n\t\t$result.UserAces.Add($aceUserId, \"rwx\") \r\n\t\tSet-AzureRMDataLakeStoreItemAcl -Account $accountName -path \"/\" -Acl $result -Force\r\n\t\t$result = Get-AzureRMDataLakeStoreItemAcl -Account $accountName -path \"/\"\r\n\t\tAssert-AreEqual $($currentCount+1) $result.UserACes.Count\r\n\t\t$result.UserAces.Remove($aceUserId)\r\n\t\t# remove the account\r\n\t\tSet-AzureRMDataLakeStoreItemAcl -Account $accountName -path \"/\" -Acl $result -Force\r\n\t\t$result = Get-AzureRMDataLakeStoreItemAcl -Account $accountName -path \"/\"\r\n\t\tAssert-AreEqual $currentCount $result.UserAces.Count\r\n\r\n\t\t# Set and get a specific permission with friendly sets\r\n\t\tSet-AzureRmDataLakeStoreItemAclEntry -Account $accountName -path \"/\" -AceType User -Id $aceUserId -Permissions All -Force\r\n\t\t$result = Get-AzureRMDataLakeStoreItemAcl -Account $accountName -path \"/\"\r\n\t\tAssert-AreEqual $($currentCount+1) $result.UserAces.Count\r\n\t\t# remove a specific permission with friendly remove\r\n\t\tRemove-AzureRmDataLakeStoreItemAclEntry -Account $accountName -path \"/\" -AceType User -Id $aceUserId -Force\r\n\t\t$result = Get-AzureRMDataLakeStoreItemAcl -Account $accountName -path \"/\"\r\n\t\tAssert-AreEqual $currentCount $result.UserAces.Count\r\n\t\t# set and get a specific permission with the ACE string\r\n\t\tSet-AzureRmDataLakeStoreItemAclEntry -Account $accountName -path \"/\" -Acl $([string]::Format(\"user:{0}:rwx\", $aceUserId)) -Force\r\n\t\t$result = Get-AzureRMDataLakeStoreItemAcl -Account $accountName -path \"/\"\r\n\t\tAssert-AreEqual $($currentCount+1) $result.UserAces.Count\r\n\t\t# remove a specific permission with the ACE string\r\n\t\tRemove-AzureRmDataLakeStoreItemAclEntry -Account $accountName -path \"/\" -Acl $([string]::Format(\"user:{0}:---\", $aceUserId)) -force\r\n\t\t$result = Get-AzureRMDataLakeStoreItemAcl -Account $accountName -path \"/\"\r\n\t\tAssert-AreEqual $currentCount $result.UserAces.Count\r\n\t\t# verify that removal of full acl and default acl fail\r\n\t\tAssert-Throws {Remove-AzureRmDataLakeStoreItemAcl -Account $accountName -Path \"/\" -Force }\r\n\t\tAssert-Throws {Remove-AzureRmDataLakeStoreItemAcl -Account $accountName -Path \"/\" -Force -Default }\r\n\r\n\t\t# Delete Data Lake account\r\n\t\tAssert-True {Remove-AzureRmDataLakeStoreAccount -ResourceGroupName $resourceGroupName -Name $accountName -Force -PassThru} \"Remove Account failed.\"\r\n\r\n\t\t# Verify that it is gone by trying to get it again\r\n\t\tAssert-Throws {Get-AzureRmDataLakeStoreAccount -ResourceGroupName $resourceGroupName -Name $accountName}\r\n\t}\r\n\tfinally\r\n\t{\r\n\t\t# cleanup the resource group that was used in case it still exists. This is a best effort task, we ignore failures here.\r\n\t\tInvoke-HandledCmdlet -Command {Remove-AzureRmDataLakeStoreAccount -ResourceGroupName $resourceGroupName -Name $accountName -Force -ErrorAction SilentlyContinue} -IgnoreFailures\r\n\t\tInvoke-HandledCmdlet -Command {Remove-AzureRmResourceGroup -Name $resourceGroupName -Force -ErrorAction SilentlyContinue} -IgnoreFailures\r\n\t}\r\n}\r\n\r\n<#\r\n.SYNOPSIS\r\nTests DataLakeStore Account Lifecycle Failure scenarios (Create, Update, Get, Delete).\r\n#>\r\nfunction Test-NegativeDataLakeStoreAccount\r\n{\r\n    param\r\n\t(\r\n\t\t$location = \"West US\",\r\n\t\t$fakeaccountName = \"psfakedataLakeaccounttest\"\r\n\t)\r\n\t\r\n\ttry\r\n\t{\r\n\t\t# Creating Account\r\n\t\t$resourceGroupName = Get-ResourceGroupName\r\n\t\t$accountName = Get-DataLakeStoreAccountName\r\n\t\tNew-AzureRmResourceGroup -Name $resourceGroupName -Location $location\r\n\t\t$accountCreated = New-AzureRmDataLakeStoreAccount -ResourceGroupName $resourceGroupName -Name $accountName -Location $location\r\n    \r\n\t\tAssert-AreEqual $accountName $accountCreated.Name\r\n\t\tAssert-AreEqual $location $accountCreated.Location\r\n\t\tAssert-AreEqual \"Microsoft.DataLakeStore/accounts\" $accountCreated.Type\r\n\t\tAssert-True {$accountCreated.Id -like \"*$resourceGroupName*\"}\r\n\r\n\t\t# In loop to check if account exists\r\n\t\tfor ($i = 0; $i -le 60; $i++)\r\n\t\t{\r\n        \r\n\t\t\t[array]$accountGet = Get-AzureRmDataLakeStoreAccount -ResourceGroupName $resourceGroupName -Name $accountName\r\n\t\t\tif ($accountGet[0].Properties.ProvisioningState -like \"Succeeded\")\r\n\t\t\t{\r\n\t\t\t\tAssert-AreEqual $accountName $accountGet[0].Name\r\n\t\t\t\tAssert-AreEqual $location $accountGet[0].Location\r\n\t\t\t\tAssert-AreEqual \"Microsoft.DataLakeStore/accounts\" $accountGet[0].Type\r\n\t\t\t\tAssert-True {$accountGet[0].Id -like \"*$resourceGroupName*\"}\r\n\t\t\t\tbreak\r\n\t\t\t}\r\n\r\n\t\t\tWrite-Host \"account not yet provisioned. current state: $($accountGet[0].Properties.ProvisioningState)\"\r\n\t\t\t[Microsoft.WindowsAzure.Commands.Utilities.Common.TestMockSupport]::Delay(30000)\r\n\t\t\tAssert-False {$i -eq 60} \" Data Lake Store account not in succeeded state even after 30 min.\"\r\n\t\t}\r\n\r\n\t\t# attempt to recreate the already created account\r\n\t\tAssert-Throws {New-AzureRmDataLakeStoreAccount -ResourceGroupName $resourceGroupName -Name $accountName -Location $location}\r\n\r\n\t\t# attempt to update a non-existent account\r\n\t\t$tagsToUpdate = @{\"Name\" = \"TestTag\"; \"Value\" = \"TestUpdate\"}\r\n\t\tAssert-Throws {Set-AzureRmDataLakeStoreAccount -ResourceGroupName $resourceGroupName -Name $fakeaccountName -Tags $tagsToUpdate}\r\n\r\n\t\t# attempt to get a non-existent account\r\n\t\tAssert-Throws {Get-AzureRmDataLakeStoreAccount -ResourceGroupName $resourceGroupName -Name $fakeaccountName}\r\n\r\n\t\t# Delete Data Lake account\r\n\t\tAssert-True {Remove-AzureRmDataLakeStoreAccount -ResourceGroupName $resourceGroupName -Name $accountName -Force -PassThru} \"Remove Account failed.\"\r\n\r\n\t\t# Delete Data Lake account again should throw.\r\n\t\tAssert-Throws {Remove-AzureRmDataLakeStoreAccount -ResourceGroupName $resourceGroupName -Name $accountName -Force -PassThru}\r\n\r\n\t\t# Verify that it is gone by trying to get it again\r\n\t\tAssert-Throws {Get-AzureRmDataLakeStoreAccount -ResourceGroupName $resourceGroupName -Name $accountName}\r\n\t}\r\n\tfinally\r\n\t{\r\n\t\t# cleanup the resource group that was used in case it still exists. This is a best effort task, we ignore failures here.\r\n\t\tInvoke-HandledCmdlet -Command {Remove-AzureRmDataLakeStoreAccount -ResourceGroupName $resourceGroupName -Name $accountName -Force -ErrorAction SilentlyContinue} -IgnoreFailures\r\n\t\tInvoke-HandledCmdlet -Command {Remove-AzureRmResourceGroup -Name $resourceGroupName -Force -ErrorAction SilentlyContinue} -IgnoreFailures\r\n\t}\r\n",
      "RequestHeaders": {
        "Content-Type": [
          "application/octet-stream"
        ],
        "Content-Length": [
          "20391"
        ],
        "x-ms-client-request-id": [
          "a64b1f22-f2e2-46e3-a963-209ce32fd7a5"
        ],
        "subscriptionId": [
          "53d9063d-87ae-4ea8-be90-3686c3b8669f"
        ],
        "accept-language": [
          "en-US"
        ],
        "User-Agent": [
          "Microsoft.Azure.Management.DataLake.Store.DataLakeStoreFileSystemManagementClient/0.10.0.0"
        ]
      },
      "ResponseBody": "",
      "ResponseHeaders": {
        "Content-Length": [
          "0"
        ],
        "Expires": [
          "-1"
        ],
        "Pragma": [
          "no-cache"
        ],
        "x-ms-request-id": [
          "d29fdd58-e447-49fd-8b99-a8ee0ce4390a"
        ],
        "ContentLength": [
          "0"
        ],
        "Server-Perf": [
          "[d29fdd58e44749fd8b99a8ee0ce4390a][ AuthTime::1455.01638497287::PostAuthTime::37644.3789406694 ][FsDelete :: 00:00:007 ms]%0a[CleanCacheDelete :: 00:00:000 ms]%0a[Delete :: 00:00:008 ms]%0a[FsOpenStream :: 00:00:071 ms]%0a[Open :: 00:00:072 ms]%0a[FsAppendStream :: 00:00:466 ms]%0a[Write :: 00:00:466 ms]%0a[CREATE :: 00:00:549 ms]%0a"
        ],
        "Status": [
          "0x0"
        ],
        "X-Content-Type-Options": [
          "nosniff"
        ],
        "Strict-Transport-Security": [
          "max-age=15724800; includeSubDomains"
        ],
        "Cache-Control": [
          "no-cache"
        ],
        "Date": [
          "Tue, 15 Mar 2016 23:39:33 GMT"
        ],
        "Location": [
          "https://onesdk2053.azuredatalakestore.net/webhdfs/v1/adlspstestfolder/importfile.txt?overwrite=true&op=CREATE&write=true&api-version=2015-10-01-preview"
        ],
        "Set-Cookie": [
          "UserPrincipalSession=d9bd9979-baaa-47ab-bfe8-1e5f9829c180; path=/; secure; HttpOnly"
        ]
      },
      "StatusCode": 201
    },
    {
      "RequestUri": "/webhdfs/v1/adlspstestfolder%2Fimportfile.txt?op=APPEND&append=true&api-version=2015-10-01-preview",
      "EncodedRequestUri": "L3dlYmhkZnMvdjEvYWRsc3BzdGVzdGZvbGRlciUyRmltcG9ydGZpbGUudHh0P29wPUFQUEVORCZhcHBlbmQ9dHJ1ZSZhcGktdmVyc2lvbj0yMDE1LTEwLTAxLXByZXZpZXc=",
      "RequestMethod": "POST",
      "RequestBody": "}",
      "RequestHeaders": {
        "Content-Type": [
          "application/octet-stream"
        ],
        "Content-Length": [
          "1"
        ],
        "x-ms-client-request-id": [
          "9c182702-3e7d-4862-b7e5-50bd7fc302a5"
        ],
        "subscriptionId": [
          "53d9063d-87ae-4ea8-be90-3686c3b8669f"
        ],
        "accept-language": [
          "en-US"
        ],
        "User-Agent": [
          "Microsoft.Azure.Management.DataLake.Store.DataLakeStoreFileSystemManagementClient/0.10.0.0"
        ]
      },
      "ResponseBody": "",
      "ResponseHeaders": {
        "Content-Length": [
          "0"
        ],
        "Expires": [
          "-1"
        ],
        "Pragma": [
          "no-cache"
        ],
        "x-ms-request-id": [
          "673e423f-09cd-4f23-9a73-012064f091dc"
        ],
        "Server-Perf": [
          "[673e423f09cd4f239a73012064f091dc][ AuthTime::686.021834655052::PostAuthTime::135.579128170606 ][GetCacheEntry :: 00:00:000 ms]%0a[FsOpenStream :: 00:00:044 ms]%0a[OpenNewHandle :: 00:00:044 ms]%0a[CreateCacheEntry :: 00:00:000 ms]%0a[GetOrCreateHandle :: 00:00:044 ms]%0a[Open :: 00:00:044 ms]%0a[FsGetStreamLength :: 00:00:009 ms]%0a[GetLength :: 00:00:009 ms]%0a[FsAppendStream :: 00:00:027 ms]%0a[Write :: 00:00:027 ms]%0a[APPEND :: 00:00:083 ms]%0a"
        ],
        "Status": [
          "0x0"
        ],
        "X-Content-Type-Options": [
          "nosniff"
        ],
        "Strict-Transport-Security": [
          "max-age=15724800; includeSubDomains"
        ],
        "Cache-Control": [
          "no-cache"
        ],
        "Date": [
          "Tue, 15 Mar 2016 23:39:34 GMT"
        ]
      },
      "StatusCode": 200
    },
    {
      "RequestUri": "/webhdfs/v1/adlspstestfolder%2Fconcatfile.txt?length=33554432&offset=0&op=OPEN&read=true&api-version=2015-10-01-preview",
      "EncodedRequestUri": "L3dlYmhkZnMvdjEvYWRsc3BzdGVzdGZvbGRlciUyRmNvbmNhdGZpbGUudHh0P2xlbmd0aD0zMzU1NDQzMiZvZmZzZXQ9MCZvcD1PUEVOJnJlYWQ9dHJ1ZSZhcGktdmVyc2lvbj0yMDE1LTEwLTAxLXByZXZpZXc=",
      "RequestMethod": "GET",
      "RequestBody": "",
      "RequestHeaders": {
        "x-ms-client-request-id": [
          "054e054a-37a2-4507-a67b-e18c032d48a9"
        ],
        "subscriptionId": [
          "53d9063d-87ae-4ea8-be90-3686c3b8669f"
        ],
        "accept-language": [
          "en-US"
        ],
        "User-Agent": [
          "Microsoft.Azure.Management.DataLake.Store.DataLakeStoreFileSystemManagementClient/0.10.0.0"
        ]
      },
      "ResponseBody": "Test file content! @ Azure PsTest01?Test file content! @ Azure PsTest01?",
      "ResponseHeaders": {
        "Content-Type": [
          "application/octet-stream"
        ],
        "Expires": [
          "-1"
        ],
        "Pragma": [
          "no-cache"
        ],
        "Transfer-Encoding": [
          "chunked"
        ],
        "x-ms-request-id": [
          "80aeb2f3-7c03-431c-bfb3-cb7b77c9f25b"
        ],
        "Server-Perf": [
          "[80aeb2f37c03431cbfb3cb7b77c9f25b][ AuthTime::573.965899069251::PostAuthTime::123.175990262254 ][FsOpenStream :: 00:00:041 ms]%0a[Open :: 00:00:041 ms]%0a[FsReadStream :: 00:00:361 ms]%0a[OPEN :: 00:00:405 ms]%0a"
        ],
        "Status": [
          "0x0"
        ],
        "X-Content-Type-Options": [
          "nosniff"
        ],
        "Strict-Transport-Security": [
          "max-age=15724800; includeSubDomains"
        ],
        "Cache-Control": [
          "no-cache"
        ],
        "Date": [
          "Tue, 15 Mar 2016 23:39:35 GMT"
        ]
      },
      "StatusCode": 200
    },
    {
      "RequestUri": "/webhdfs/v1/adlspstestfolder%2Fconcatfile.txt?destination=adlspstestfolder%2Fmovefile.txt&op=RENAME&api-version=2015-10-01-preview",
      "EncodedRequestUri": "L3dlYmhkZnMvdjEvYWRsc3BzdGVzdGZvbGRlciUyRmNvbmNhdGZpbGUudHh0P2Rlc3RpbmF0aW9uPWFkbHNwc3Rlc3Rmb2xkZXIlMkZtb3ZlZmlsZS50eHQmb3A9UkVOQU1FJmFwaS12ZXJzaW9uPTIwMTUtMTAtMDEtcHJldmlldw==",
      "RequestMethod": "PUT",
      "RequestBody": "",
      "RequestHeaders": {
        "x-ms-client-request-id": [
          "a1ab2eb6-a630-4eda-8f4b-9ae8fdcba307"
        ],
        "subscriptionId": [
          "53d9063d-87ae-4ea8-be90-3686c3b8669f"
        ],
        "accept-language": [
          "en-US"
        ],
        "User-Agent": [
          "Microsoft.Azure.Management.DataLake.Store.DataLakeStoreFileSystemManagementClient/0.10.0.0"
        ]
      },
      "ResponseBody": "{\r\n  \"boolean\": true\r\n}",
      "ResponseHeaders": {
        "Content-Length": [
          "16"
        ],
        "Content-Type": [
          "application/json; charset=utf-8"
        ],
        "Expires": [
          "-1"
        ],
        "Pragma": [
          "no-cache"
        ],
        "x-ms-request-id": [
          "1d6b7ec9-e40d-4b88-af52-41e6cbac3895"
        ],
        "Server-Perf": [
          "[1d6b7ec9e40d4b88af5241e6cbac3895][ AuthTime::625.28922834519::PostAuthTime::130.446795243012 ][IsExist :: 00:00:000 ms]%0a[HdfsGetFileStatus :: 00:00:034 ms]%0a[SS Response Process :: 00:00:000 ms]%0a[FsRename :: 00:00:093 ms]%0a[CleanCacheRename :: 00:00:000 ms]%0a[RENAME :: 00:00:128 ms]%0a"
        ],
        "Status": [
          "0x0"
        ],
        "X-Content-Type-Options": [
          "nosniff"
        ],
        "Strict-Transport-Security": [
          "max-age=15724800; includeSubDomains"
        ],
        "Cache-Control": [
          "no-cache"
        ],
        "Date": [
          "Tue, 15 Mar 2016 23:39:35 GMT"
        ]
      },
      "StatusCode": 200
    },
    {
      "RequestUri": "/webhdfs/v1/adlspstestfolder%2Fmovefile.txt?op=GETFILESTATUS&api-version=2015-10-01-preview",
      "EncodedRequestUri": "L3dlYmhkZnMvdjEvYWRsc3BzdGVzdGZvbGRlciUyRm1vdmVmaWxlLnR4dD9vcD1HRVRGSUxFU1RBVFVTJmFwaS12ZXJzaW9uPTIwMTUtMTAtMDEtcHJldmlldw==",
      "RequestMethod": "GET",
      "RequestBody": "",
      "RequestHeaders": {
        "x-ms-client-request-id": [
          "c27d0522-b8b2-443a-ae8b-284102bdacac"
        ],
        "subscriptionId": [
          "53d9063d-87ae-4ea8-be90-3686c3b8669f"
        ],
        "accept-language": [
          "en-US"
        ],
        "User-Agent": [
          "Microsoft.Azure.Management.DataLake.Store.DataLakeStoreFileSystemManagementClient/0.10.0.0"
        ]
      },
      "ResponseBody": "{\r\n  \"FileStatus\": {\r\n    \"length\": 72,\r\n    \"pathSuffix\": \"\",\r\n    \"type\": \"FILE\",\r\n    \"blockSize\": 268435456,\r\n    \"accessTime\": 1458085171787,\r\n    \"modificationTime\": 1458085171927,\r\n    \"replication\": 0,\r\n    \"permission\": \"777\",\r\n    \"owner\": \"NotSupportYet\",\r\n    \"group\": \"NotSupportYet\"\r\n  }\r\n}",
      "ResponseHeaders": {
        "Content-Length": [
          "223"
        ],
        "Content-Type": [
          "application/json; charset=utf-8"
        ],
        "Expires": [
          "-1"
        ],
        "Pragma": [
          "no-cache"
        ],
        "x-ms-request-id": [
          "05de11e9-282e-434e-b9cc-ebca6374db21"
        ],
        "Server-Perf": [
          "[05de11e9282e434eb9ccebca6374db21][ AuthTime::536.328790933563::PostAuthTime::124.031379083519 ][IsExist :: 00:00:000 ms]%0a[HdfsGetFileStatus :: 00:00:051 ms]%0a[SS Response Process :: 00:00:000 ms]%0a[GETFILESTATUS :: 00:00:051 ms]%0a"
        ],
        "Status": [
          "0x0"
        ],
        "X-Content-Type-Options": [
          "nosniff"
        ],
        "Strict-Transport-Security": [
          "max-age=15724800; includeSubDomains"
        ],
        "Cache-Control": [
          "no-cache"
        ],
        "Date": [
          "Tue, 15 Mar 2016 23:39:36 GMT"
        ]
      },
      "StatusCode": 200
    },
    {
      "RequestUri": "/webhdfs/v1/adlspstestfolder%2Fmovefile.txt?op=GETFILESTATUS&api-version=2015-10-01-preview",
      "EncodedRequestUri": "L3dlYmhkZnMvdjEvYWRsc3BzdGVzdGZvbGRlciUyRm1vdmVmaWxlLnR4dD9vcD1HRVRGSUxFU1RBVFVTJmFwaS12ZXJzaW9uPTIwMTUtMTAtMDEtcHJldmlldw==",
      "RequestMethod": "GET",
      "RequestBody": "",
      "RequestHeaders": {
        "x-ms-client-request-id": [
          "0bd3636e-7ac5-4ea9-9045-b7cb68c60632"
        ],
        "subscriptionId": [
          "53d9063d-87ae-4ea8-be90-3686c3b8669f"
        ],
        "accept-language": [
          "en-US"
        ],
        "User-Agent": [
          "Microsoft.Azure.Management.DataLake.Store.DataLakeStoreFileSystemManagementClient/0.10.0.0"
        ]
      },
      "ResponseBody": "{\r\n  \"RemoteException\": {\r\n    \"exception\": \"FileNotFoundException\",\r\n    \"message\": \"File/Folder does not exist: /adlspstestfolder/movefile.txt [546168ac812a40978949c1279b5653e4]\",\r\n    \"javaClassName\": \"java.io.FileNotFoundException\"\r\n  }\r\n}",
      "ResponseHeaders": {
        "Content-Length": [
          "211"
        ],
        "Content-Type": [
          "application/json; charset=utf-8"
        ],
        "Expires": [
          "-1"
        ],
        "Pragma": [
          "no-cache"
        ],
        "x-ms-request-id": [
          "546168ac-812a-4097-8949-c1279b5653e4"
        ],
        "Server-Perf": [
          "[546168ac812a40978949c1279b5653e4][ AuthTime::612.030701615573::PostAuthTime::137.71760022377 ][IsExist :: 00:00:000 ms]%0a[HdfsGetFileStatus :: 00:00:008 ms]%0a[SS Response Process :: 00:00:000 ms]%0a[GETFILESTATUS :: 00:00:008 ms]%0a"
        ],
        "Status": [
          "0x8309000A"
        ],
        "X-Content-Type-Options": [
          "nosniff"
        ],
        "Strict-Transport-Security": [
          "max-age=15724800; includeSubDomains"
        ],
        "Cache-Control": [
          "no-cache"
        ],
        "Date": [
          "Tue, 15 Mar 2016 23:39:37 GMT"
        ]
      },
      "StatusCode": 404
    },
    {
      "RequestUri": "/webhdfs/v1/adlspstestfolder?destination=adlspstestmovefolder&op=RENAME&api-version=2015-10-01-preview",
      "EncodedRequestUri": "L3dlYmhkZnMvdjEvYWRsc3BzdGVzdGZvbGRlcj9kZXN0aW5hdGlvbj1hZGxzcHN0ZXN0bW92ZWZvbGRlciZvcD1SRU5BTUUmYXBpLXZlcnNpb249MjAxNS0xMC0wMS1wcmV2aWV3",
      "RequestMethod": "PUT",
      "RequestBody": "",
      "RequestHeaders": {
        "x-ms-client-request-id": [
          "58f9b7b1-b0bb-4275-a6f2-e92509b46499"
        ],
        "subscriptionId": [
          "53d9063d-87ae-4ea8-be90-3686c3b8669f"
        ],
        "accept-language": [
          "en-US"
        ],
        "User-Agent": [
          "Microsoft.Azure.Management.DataLake.Store.DataLakeStoreFileSystemManagementClient/0.10.0.0"
        ]
      },
      "ResponseBody": "{\r\n  \"boolean\": true\r\n}",
      "ResponseHeaders": {
        "Content-Length": [
          "16"
        ],
        "Content-Type": [
          "application/json; charset=utf-8"
        ],
        "Expires": [
          "-1"
        ],
        "Pragma": [
          "no-cache"
        ],
        "x-ms-request-id": [
          "ac2e3a38-5011-49be-87df-a3b28df2e209"
        ],
        "Server-Perf": [
          "[ac2e3a38501149be87dfa3b28df2e209][ AuthTime::1398.56072276934::PostAuthTime::31122.4668729294 ][IsExist :: 00:00:000 ms]%0a[HdfsGetFileStatus :: 00:00:039 ms]%0a[SS Response Process :: 00:00:000 ms]%0a[FsRename :: 00:00:094 ms]%0a[CleanCacheRename :: 00:00:000 ms]%0a[RENAME :: 00:00:134 ms]%0a"
        ],
        "Status": [
          "0x0"
        ],
        "X-Content-Type-Options": [
          "nosniff"
        ],
        "Strict-Transport-Security": [
          "max-age=15724800; includeSubDomains"
        ],
        "Cache-Control": [
          "no-cache"
        ],
        "Date": [
          "Tue, 15 Mar 2016 23:39:36 GMT"
        ],
        "Set-Cookie": [
          "UserPrincipalSession=d9bd9979-baaa-47ab-bfe8-1e5f9829c180; path=/; secure; HttpOnly"
        ]
      },
      "StatusCode": 200
    },
    {
      "RequestUri": "/webhdfs/v1/adlspstestmovefolder?op=GETFILESTATUS&api-version=2015-10-01-preview",
      "EncodedRequestUri": "L3dlYmhkZnMvdjEvYWRsc3BzdGVzdG1vdmVmb2xkZXI/b3A9R0VURklMRVNUQVRVUyZhcGktdmVyc2lvbj0yMDE1LTEwLTAxLXByZXZpZXc=",
      "RequestMethod": "GET",
      "RequestBody": "",
      "RequestHeaders": {
        "x-ms-client-request-id": [
          "8ec82494-7e7b-436e-948e-2bebadd2d778"
        ],
        "subscriptionId": [
          "53d9063d-87ae-4ea8-be90-3686c3b8669f"
        ],
        "accept-language": [
          "en-US"
        ],
        "User-Agent": [
          "Microsoft.Azure.Management.DataLake.Store.DataLakeStoreFileSystemManagementClient/0.10.0.0"
        ]
      },
      "ResponseBody": "{\r\n  \"FileStatus\": {\r\n    \"length\": 0,\r\n    \"pathSuffix\": \"\",\r\n    \"type\": \"DIRECTORY\",\r\n    \"blockSize\": 268435456,\r\n    \"accessTime\": 1458085168564,\r\n    \"modificationTime\": 1458085176173,\r\n    \"replication\": 0,\r\n    \"permission\": \"777\",\r\n    \"owner\": \"NotSupportYet\",\r\n    \"group\": \"NotSupportYet\"\r\n  }\r\n}",
      "ResponseHeaders": {
        "Content-Length": [
          "227"
        ],
        "Content-Type": [
          "application/json; charset=utf-8"
        ],
        "Expires": [
          "-1"
        ],
        "Pragma": [
          "no-cache"
        ],
        "x-ms-request-id": [
          "16354ed9-50e7-4ef9-8860-9cb9418e8d0a"
        ],
        "Server-Perf": [
          "[16354ed950e74ef988609cb9418e8d0a][ AuthTime::656.510920321387::PostAuthTime::133.868350528074 ][IsExist :: 00:00:000 ms]%0a[HdfsGetFileStatus :: 00:00:038 ms]%0a[SS Response Process :: 00:00:000 ms]%0a[GETFILESTATUS :: 00:00:038 ms]%0a"
        ],
        "Status": [
          "0x0"
        ],
        "X-Content-Type-Options": [
          "nosniff"
        ],
        "Strict-Transport-Security": [
          "max-age=15724800; includeSubDomains"
        ],
        "Cache-Control": [
          "no-cache"
        ],
        "Date": [
          "Tue, 15 Mar 2016 23:39:36 GMT"
        ]
      },
      "StatusCode": 200
    },
    {
      "RequestUri": "/webhdfs/v1/adlspstestmovefolder?op=GETFILESTATUS&api-version=2015-10-01-preview",
      "EncodedRequestUri": "L3dlYmhkZnMvdjEvYWRsc3BzdGVzdG1vdmVmb2xkZXI/b3A9R0VURklMRVNUQVRVUyZhcGktdmVyc2lvbj0yMDE1LTEwLTAxLXByZXZpZXc=",
      "RequestMethod": "GET",
      "RequestBody": "",
      "RequestHeaders": {
        "x-ms-client-request-id": [
          "2da88c99-83ad-4d58-83d6-ccd8208ee5b8"
        ],
        "subscriptionId": [
          "53d9063d-87ae-4ea8-be90-3686c3b8669f"
        ],
        "accept-language": [
          "en-US"
        ],
        "User-Agent": [
          "Microsoft.Azure.Management.DataLake.Store.DataLakeStoreFileSystemManagementClient/0.10.0.0"
        ]
      },
      "ResponseBody": "{\r\n  \"FileStatus\": {\r\n    \"length\": 0,\r\n    \"pathSuffix\": \"\",\r\n    \"type\": \"DIRECTORY\",\r\n    \"blockSize\": 268435456,\r\n    \"accessTime\": 1458085168564,\r\n    \"modificationTime\": 1458085177751,\r\n    \"replication\": 0,\r\n    \"permission\": \"777\",\r\n    \"owner\": \"NotSupportYet\",\r\n    \"group\": \"NotSupportYet\"\r\n  }\r\n}",
      "ResponseHeaders": {
        "Content-Length": [
          "227"
        ],
        "Content-Type": [
          "application/json; charset=utf-8"
        ],
        "Expires": [
          "-1"
        ],
        "Pragma": [
          "no-cache"
        ],
        "x-ms-request-id": [
          "e7de420a-de59-434b-bead-b38702377b07"
        ],
        "Server-Perf": [
          "[e7de420ade59434bbeadb38702377b07][ AuthTime::1320.29264562353::PostAuthTime::30407.789512762 ][IsExist :: 00:00:000 ms]%0a[HdfsGetFileStatus :: 00:00:033 ms]%0a[SS Response Process :: 00:00:000 ms]%0a[GETFILESTATUS :: 00:00:033 ms]%0a"
        ],
        "Status": [
          "0x0"
        ],
        "X-Content-Type-Options": [
          "nosniff"
        ],
        "Strict-Transport-Security": [
          "max-age=15724800; includeSubDomains"
        ],
        "Cache-Control": [
          "no-cache"
        ],
        "Date": [
          "Tue, 15 Mar 2016 23:39:37 GMT"
        ],
        "Set-Cookie": [
          "UserPrincipalSession=d9bd9979-baaa-47ab-bfe8-1e5f9829c180; path=/; secure; HttpOnly"
        ]
      },
      "StatusCode": 200
    },
    {
      "RequestUri": "/webhdfs/v1/adlspstestmovefolder?op=GETFILESTATUS&api-version=2015-10-01-preview",
      "EncodedRequestUri": "L3dlYmhkZnMvdjEvYWRsc3BzdGVzdG1vdmVmb2xkZXI/b3A9R0VURklMRVNUQVRVUyZhcGktdmVyc2lvbj0yMDE1LTEwLTAxLXByZXZpZXc=",
      "RequestMethod": "GET",
      "RequestBody": "",
      "RequestHeaders": {
        "x-ms-client-request-id": [
          "0359c33b-304f-4253-b22c-403d7076ba4c"
        ],
        "subscriptionId": [
          "53d9063d-87ae-4ea8-be90-3686c3b8669f"
        ],
        "accept-language": [
          "en-US"
        ],
        "User-Agent": [
          "Microsoft.Azure.Management.DataLake.Store.DataLakeStoreFileSystemManagementClient/0.10.0.0"
        ]
      },
      "ResponseBody": "{\r\n  \"RemoteException\": {\r\n    \"exception\": \"FileNotFoundException\",\r\n    \"message\": \"File/Folder does not exist: /adlspstestmovefolder [ea2fc2cfe3d44a5baf5bece038198fdc]\",\r\n    \"javaClassName\": \"java.io.FileNotFoundException\"\r\n  }\r\n}",
      "ResponseHeaders": {
        "Content-Length": [
          "202"
        ],
        "Content-Type": [
          "application/json; charset=utf-8"
        ],
        "Expires": [
          "-1"
        ],
        "Pragma": [
          "no-cache"
        ],
        "x-ms-request-id": [
          "ea2fc2cf-e3d4-4a5b-af5b-ece038198fdc"
        ],
        "Server-Perf": [
          "[ea2fc2cfe3d44a5baf5bece038198fdc][ AuthTime::538.89495739736::PostAuthTime::128.73601760048 ][IsExist :: 00:00:000 ms]%0a[HdfsGetFileStatus :: 00:00:036 ms]%0a[SS Response Process :: 00:00:000 ms]%0a[GETFILESTATUS :: 00:00:036 ms]%0a"
        ],
        "Status": [
          "0x8309000A"
        ],
        "X-Content-Type-Options": [
          "nosniff"
        ],
        "Strict-Transport-Security": [
          "max-age=15724800; includeSubDomains"
        ],
        "Cache-Control": [
          "no-cache"
        ],
        "Date": [
          "Tue, 15 Mar 2016 23:39:38 GMT"
        ]
      },
      "StatusCode": 404
    },
    {
      "RequestUri": "/webhdfs/v1/adlspstestmovefolder%2Fmovefile.txt?op=GETFILESTATUS&api-version=2015-10-01-preview",
      "EncodedRequestUri": "L3dlYmhkZnMvdjEvYWRsc3BzdGVzdG1vdmVmb2xkZXIlMkZtb3ZlZmlsZS50eHQ/b3A9R0VURklMRVNUQVRVUyZhcGktdmVyc2lvbj0yMDE1LTEwLTAxLXByZXZpZXc=",
      "RequestMethod": "GET",
      "RequestBody": "",
      "RequestHeaders": {
        "x-ms-client-request-id": [
          "3d964b72-051c-443d-97fd-d4ff46da6f09"
        ],
        "subscriptionId": [
          "53d9063d-87ae-4ea8-be90-3686c3b8669f"
        ],
        "accept-language": [
          "en-US"
        ],
        "User-Agent": [
          "Microsoft.Azure.Management.DataLake.Store.DataLakeStoreFileSystemManagementClient/0.10.0.0"
        ]
      },
      "ResponseBody": "{\r\n  \"FileStatus\": {\r\n    \"length\": 72,\r\n    \"pathSuffix\": \"\",\r\n    \"type\": \"FILE\",\r\n    \"blockSize\": 268435456,\r\n    \"accessTime\": 1458085171787,\r\n    \"modificationTime\": 1458085171927,\r\n    \"replication\": 0,\r\n    \"permission\": \"777\",\r\n    \"owner\": \"NotSupportYet\",\r\n    \"group\": \"NotSupportYet\"\r\n  }\r\n}",
      "ResponseHeaders": {
        "Content-Length": [
          "223"
        ],
        "Content-Type": [
          "application/json; charset=utf-8"
        ],
        "Expires": [
          "-1"
        ],
        "Pragma": [
          "no-cache"
        ],
        "x-ms-request-id": [
          "1cadae31-2ebb-460f-9d40-f731f6a5e7b6"
        ],
        "Server-Perf": [
          "[1cadae312ebb460f9d40f731f6a5e7b6][ AuthTime::1261.2708169562::PostAuthTime::30539.9470856475 ][IsExist :: 00:00:000 ms]%0a[HdfsGetFileStatus :: 00:00:297 ms]%0a[SS Response Process :: 00:00:000 ms]%0a[GETFILESTATUS :: 00:00:298 ms]%0a"
        ],
        "Status": [
          "0x0"
        ],
        "X-Content-Type-Options": [
          "nosniff"
        ],
        "Strict-Transport-Security": [
          "max-age=15724800; includeSubDomains"
        ],
        "Cache-Control": [
          "no-cache"
        ],
        "Date": [
          "Tue, 15 Mar 2016 23:39:37 GMT"
        ],
        "Set-Cookie": [
          "UserPrincipalSession=d9bd9979-baaa-47ab-bfe8-1e5f9829c180; path=/; secure; HttpOnly"
        ]
      },
      "StatusCode": 200
    },
    {
      "RequestUri": "/webhdfs/v1/adlspstestmovefolder%2Fmovefile.txt?recursive=false&op=DELETE&api-version=2015-10-01-preview",
      "EncodedRequestUri": "L3dlYmhkZnMvdjEvYWRsc3BzdGVzdG1vdmVmb2xkZXIlMkZtb3ZlZmlsZS50eHQ/cmVjdXJzaXZlPWZhbHNlJm9wPURFTEVURSZhcGktdmVyc2lvbj0yMDE1LTEwLTAxLXByZXZpZXc=",
      "RequestMethod": "DELETE",
      "RequestBody": "",
      "RequestHeaders": {
        "x-ms-client-request-id": [
          "a74be09a-7c74-4311-889b-dfb3242730e9"
        ],
        "subscriptionId": [
          "53d9063d-87ae-4ea8-be90-3686c3b8669f"
        ],
        "accept-language": [
          "en-US"
        ],
        "User-Agent": [
          "Microsoft.Azure.Management.DataLake.Store.DataLakeStoreFileSystemManagementClient/0.10.0.0"
        ]
      },
      "ResponseBody": "{\r\n  \"boolean\": true\r\n}",
      "ResponseHeaders": {
        "Content-Length": [
          "16"
        ],
        "Content-Type": [
          "application/json; charset=utf-8"
        ],
        "Expires": [
          "-1"
        ],
        "Pragma": [
          "no-cache"
        ],
        "x-ms-request-id": [
          "7b777463-0299-4f37-aa21-043f1509e367"
        ],
        "Server-Perf": [
          "[7b77746302994f37aa21043f1509e367][ AuthTime::624.433839523925::PostAuthTime::141.139155508832 ][FsDelete :: 00:00:268 ms]%0a[CleanCacheDelete :: 00:00:000 ms]%0a[Delete :: 00:00:268 ms]%0a[DELETE :: 00:00:269 ms]%0a"
        ],
        "Status": [
          "0x0"
        ],
        "X-Content-Type-Options": [
          "nosniff"
        ],
        "Strict-Transport-Security": [
          "max-age=15724800; includeSubDomains"
        ],
        "Cache-Control": [
          "no-cache"
        ],
        "Date": [
          "Tue, 15 Mar 2016 23:39:37 GMT"
        ]
      },
      "StatusCode": 200
    },
    {
      "RequestUri": "/webhdfs/v1/adlspstestmovefolder?recursive=true&op=DELETE&api-version=2015-10-01-preview",
      "EncodedRequestUri": "L3dlYmhkZnMvdjEvYWRsc3BzdGVzdG1vdmVmb2xkZXI/cmVjdXJzaXZlPXRydWUmb3A9REVMRVRFJmFwaS12ZXJzaW9uPTIwMTUtMTAtMDEtcHJldmlldw==",
      "RequestMethod": "DELETE",
      "RequestBody": "",
      "RequestHeaders": {
        "x-ms-client-request-id": [
          "35a75c60-557f-4603-82b2-17091c713453"
        ],
        "subscriptionId": [
          "53d9063d-87ae-4ea8-be90-3686c3b8669f"
        ],
        "accept-language": [
          "en-US"
        ],
        "User-Agent": [
          "Microsoft.Azure.Management.DataLake.Store.DataLakeStoreFileSystemManagementClient/0.10.0.0"
        ]
      },
      "ResponseBody": "{\r\n  \"boolean\": true\r\n}",
      "ResponseHeaders": {
        "Content-Length": [
          "16"
        ],
        "Content-Type": [
          "application/json; charset=utf-8"
        ],
        "Expires": [
          "-1"
        ],
        "Pragma": [
          "no-cache"
        ],
        "x-ms-request-id": [
          "dd60007b-b690-4cb6-84c9-25d9e130fde5"
        ],
        "Server-Perf": [
          "[dd60007bb6904cb684c925d9e130fde5][ AuthTime::564.984316445962::PostAuthTime::139.428377866301 ][FsDelete :: 00:00:380 ms]%0a[CleanCacheDelete :: 00:00:000 ms]%0a[Delete : Recursive :: 00:00:381 ms]%0a[DELETE :: 00:00:381 ms]%0a"
        ],
        "Status": [
          "0x0"
        ],
        "X-Content-Type-Options": [
          "nosniff"
        ],
        "Strict-Transport-Security": [
          "max-age=15724800; includeSubDomains"
        ],
        "Cache-Control": [
          "no-cache"
        ],
        "Date": [
          "Tue, 15 Mar 2016 23:39:38 GMT"
        ]
      },
      "StatusCode": 200
    },
    {
      "RequestUri": "/subscriptions/53d9063d-87ae-4ea8-be90-3686c3b8669f/resourceGroups/onesdk4255/providers/Microsoft.DataLakeStore/accounts/onesdk2053?api-version=2015-10-01-preview",
      "EncodedRequestUri": "L3N1YnNjcmlwdGlvbnMvNTNkOTA2M2QtODdhZS00ZWE4LWJlOTAtMzY4NmMzYjg2NjlmL3Jlc291cmNlR3JvdXBzL29uZXNkazQyNTUvcHJvdmlkZXJzL01pY3Jvc29mdC5EYXRhTGFrZVN0b3JlL2FjY291bnRzL29uZXNkazIwNTM/YXBpLXZlcnNpb249MjAxNS0xMC0wMS1wcmV2aWV3",
      "RequestMethod": "DELETE",
      "RequestBody": "",
      "RequestHeaders": {
        "x-ms-client-request-id": [
          "bcaf4f0c-ac33-4dc8-8686-a76552150ee3"
        ],
        "accept-language": [
          "en-US"
        ],
        "User-Agent": [
          "Microsoft.Azure.Management.DataLake.Store.DataLakeStoreAccountManagementClient/0.10.0.0"
        ]
      },
      "ResponseBody": "",
      "ResponseHeaders": {
        "Content-Length": [
          "0"
        ],
        "Expires": [
          "-1"
        ],
        "Pragma": [
          "no-cache"
        ],
        "x-ms-request-id": [
          "53d93fee-7c4d-45ac-a27d-c9dd6eaf3a8e"
        ],
        "x-ms-ratelimit-remaining-subscription-writes": [
          "1198"
        ],
        "x-ms-correlation-request-id": [
          "6f770667-3788-469d-b8b8-aba72aac07f4"
        ],
        "x-ms-routing-request-id": [
          "WESTUS:20160315T233940Z:6f770667-3788-469d-b8b8-aba72aac07f4"
        ],
        "Strict-Transport-Security": [
          "max-age=31536000; includeSubDomains"
        ],
        "Cache-Control": [
          "no-cache"
        ],
        "Date": [
          "Tue, 15 Mar 2016 23:39:39 GMT"
        ],
        "Server": [
          "Microsoft-IIS/8.5"
        ],
        "X-AspNet-Version": [
          "4.0.30319"
        ],
        "X-Powered-By": [
          "ASP.NET"
        ]
      },
      "StatusCode": 200
    },
    {
      "RequestUri": "/subscriptions/53d9063d-87ae-4ea8-be90-3686c3b8669f/resourcegroups/onesdk4255?api-version=2016-02-01",
      "EncodedRequestUri": "L3N1YnNjcmlwdGlvbnMvNTNkOTA2M2QtODdhZS00ZWE4LWJlOTAtMzY4NmMzYjg2NjlmL3Jlc291cmNlZ3JvdXBzL29uZXNkazQyNTU/YXBpLXZlcnNpb249MjAxNi0wMi0wMQ==",
      "RequestMethod": "DELETE",
      "RequestBody": "",
      "RequestHeaders": {
        "User-Agent": [
          "Microsoft.Azure.Management.Resources.ResourceManagementClient/2.0.0.0"
        ]
      },
      "ResponseBody": "",
      "ResponseHeaders": {
        "Content-Length": [
          "0"
        ],
        "Expires": [
          "-1"
        ],
        "Pragma": [
          "no-cache"
        ],
        "Retry-After": [
          "15"
        ],
        "x-ms-ratelimit-remaining-subscription-writes": [
          "1197"
        ],
        "x-ms-request-id": [
          "4e993a6d-08de-4028-b07b-041dc946df58"
        ],
        "x-ms-correlation-request-id": [
          "4e993a6d-08de-4028-b07b-041dc946df58"
        ],
        "x-ms-routing-request-id": [
          "WESTUS:20160315T233941Z:4e993a6d-08de-4028-b07b-041dc946df58"
        ],
        "Strict-Transport-Security": [
          "max-age=31536000; includeSubDomains"
        ],
        "Cache-Control": [
          "no-cache"
        ],
        "Date": [
          "Tue, 15 Mar 2016 23:39:41 GMT"
        ],
        "Location": [
          "https://management.azure.com/subscriptions/53d9063d-87ae-4ea8-be90-3686c3b8669f/operationresults/eyJqb2JJZCI6IlJFU09VUkNFR1JPVVBERUxFVElPTkpPQi1PTkVTREs0MjU1LUVBU1RVUzIiLCJqb2JMb2NhdGlvbiI6ImVhc3R1czIifQ?api-version=2016-02-01"
        ]
      },
      "StatusCode": 202
    },
    {
      "RequestUri": "/subscriptions/53d9063d-87ae-4ea8-be90-3686c3b8669f/operationresults/eyJqb2JJZCI6IlJFU09VUkNFR1JPVVBERUxFVElPTkpPQi1PTkVTREs0MjU1LUVBU1RVUzIiLCJqb2JMb2NhdGlvbiI6ImVhc3R1czIifQ?api-version=2016-02-01",
      "EncodedRequestUri": "L3N1YnNjcmlwdGlvbnMvNTNkOTA2M2QtODdhZS00ZWE4LWJlOTAtMzY4NmMzYjg2NjlmL29wZXJhdGlvbnJlc3VsdHMvZXlKcWIySkpaQ0k2SWxKRlUwOVZVa05GUjFKUFZWQkVSVXhGVkVsUFRrcFBRaTFQVGtWVFJFczBNalUxTFVWQlUxUlZVeklpTENKcWIySk1iMk5oZEdsdmJpSTZJbVZoYzNSMWN6SWlmUT9hcGktdmVyc2lvbj0yMDE2LTAyLTAx",
      "RequestMethod": "GET",
      "RequestBody": "",
      "RequestHeaders": {
        "x-ms-version": [
          "2016-02-01"
        ],
        "User-Agent": [
          "Microsoft.Azure.Management.Resources.ResourceManagementClient/2.0.0.0"
        ]
      },
      "ResponseBody": "",
      "ResponseHeaders": {
        "Content-Length": [
          "0"
        ],
        "Expires": [
          "-1"
        ],
        "Pragma": [
          "no-cache"
        ],
        "Retry-After": [
          "15"
        ],
        "x-ms-ratelimit-remaining-subscription-reads": [
          "14995"
        ],
        "x-ms-request-id": [
          "4c2ab4c5-227c-421c-ba8d-144b40c55bd2"
        ],
        "x-ms-correlation-request-id": [
          "4c2ab4c5-227c-421c-ba8d-144b40c55bd2"
        ],
        "x-ms-routing-request-id": [
          "WESTUS:20160315T233941Z:4c2ab4c5-227c-421c-ba8d-144b40c55bd2"
        ],
        "Strict-Transport-Security": [
          "max-age=31536000; includeSubDomains"
        ],
        "Cache-Control": [
          "no-cache"
        ],
        "Date": [
          "Tue, 15 Mar 2016 23:39:41 GMT"
        ],
        "Location": [
          "https://management.azure.com/subscriptions/53d9063d-87ae-4ea8-be90-3686c3b8669f/operationresults/eyJqb2JJZCI6IlJFU09VUkNFR1JPVVBERUxFVElPTkpPQi1PTkVTREs0MjU1LUVBU1RVUzIiLCJqb2JMb2NhdGlvbiI6ImVhc3R1czIifQ?api-version=2016-02-01"
        ]
      },
      "StatusCode": 202
    },
    {
      "RequestUri": "/subscriptions/53d9063d-87ae-4ea8-be90-3686c3b8669f/operationresults/eyJqb2JJZCI6IlJFU09VUkNFR1JPVVBERUxFVElPTkpPQi1PTkVTREs0MjU1LUVBU1RVUzIiLCJqb2JMb2NhdGlvbiI6ImVhc3R1czIifQ?api-version=2016-02-01",
      "EncodedRequestUri": "L3N1YnNjcmlwdGlvbnMvNTNkOTA2M2QtODdhZS00ZWE4LWJlOTAtMzY4NmMzYjg2NjlmL29wZXJhdGlvbnJlc3VsdHMvZXlKcWIySkpaQ0k2SWxKRlUwOVZVa05GUjFKUFZWQkVSVXhGVkVsUFRrcFBRaTFQVGtWVFJFczBNalUxTFVWQlUxUlZVeklpTENKcWIySk1iMk5oZEdsdmJpSTZJbVZoYzNSMWN6SWlmUT9hcGktdmVyc2lvbj0yMDE2LTAyLTAx",
      "RequestMethod": "GET",
      "RequestBody": "",
      "RequestHeaders": {
        "x-ms-version": [
          "2016-02-01"
        ],
        "User-Agent": [
          "Microsoft.Azure.Management.Resources.ResourceManagementClient/2.0.0.0"
        ]
      },
      "ResponseBody": "",
      "ResponseHeaders": {
        "Content-Length": [
          "0"
        ],
        "Expires": [
          "-1"
        ],
        "Pragma": [
          "no-cache"
        ],
        "Retry-After": [
          "15"
        ],
        "x-ms-ratelimit-remaining-subscription-reads": [
          "14994"
        ],
        "x-ms-request-id": [
          "c0e8f700-e142-4616-8d33-8bf8cfb4dcb8"
        ],
        "x-ms-correlation-request-id": [
          "c0e8f700-e142-4616-8d33-8bf8cfb4dcb8"
        ],
        "x-ms-routing-request-id": [
          "WESTUS:20160315T233956Z:c0e8f700-e142-4616-8d33-8bf8cfb4dcb8"
        ],
        "Strict-Transport-Security": [
          "max-age=31536000; includeSubDomains"
        ],
        "Cache-Control": [
          "no-cache"
        ],
        "Date": [
          "Tue, 15 Mar 2016 23:39:56 GMT"
        ],
        "Location": [
          "https://management.azure.com/subscriptions/53d9063d-87ae-4ea8-be90-3686c3b8669f/operationresults/eyJqb2JJZCI6IlJFU09VUkNFR1JPVVBERUxFVElPTkpPQi1PTkVTREs0MjU1LUVBU1RVUzIiLCJqb2JMb2NhdGlvbiI6ImVhc3R1czIifQ?api-version=2016-02-01"
        ]
      },
      "StatusCode": 202
    },
    {
      "RequestUri": "/subscriptions/53d9063d-87ae-4ea8-be90-3686c3b8669f/operationresults/eyJqb2JJZCI6IlJFU09VUkNFR1JPVVBERUxFVElPTkpPQi1PTkVTREs0MjU1LUVBU1RVUzIiLCJqb2JMb2NhdGlvbiI6ImVhc3R1czIifQ?api-version=2016-02-01",
      "EncodedRequestUri": "L3N1YnNjcmlwdGlvbnMvNTNkOTA2M2QtODdhZS00ZWE4LWJlOTAtMzY4NmMzYjg2NjlmL29wZXJhdGlvbnJlc3VsdHMvZXlKcWIySkpaQ0k2SWxKRlUwOVZVa05GUjFKUFZWQkVSVXhGVkVsUFRrcFBRaTFQVGtWVFJFczBNalUxTFVWQlUxUlZVeklpTENKcWIySk1iMk5oZEdsdmJpSTZJbVZoYzNSMWN6SWlmUT9hcGktdmVyc2lvbj0yMDE2LTAyLTAx",
      "RequestMethod": "GET",
      "RequestBody": "",
      "RequestHeaders": {
        "x-ms-version": [
          "2016-02-01"
        ],
        "User-Agent": [
          "Microsoft.Azure.Management.Resources.ResourceManagementClient/2.0.0.0"
        ]
      },
      "ResponseBody": "",
      "ResponseHeaders": {
        "Content-Length": [
          "0"
        ],
        "Expires": [
          "-1"
        ],
        "Pragma": [
          "no-cache"
        ],
        "Retry-After": [
          "15"
        ],
        "x-ms-ratelimit-remaining-subscription-reads": [
          "14993"
        ],
        "x-ms-request-id": [
          "9470b462-5de7-47e6-9e2d-d3da4b6e8520"
        ],
        "x-ms-correlation-request-id": [
          "9470b462-5de7-47e6-9e2d-d3da4b6e8520"
        ],
        "x-ms-routing-request-id": [
          "WESTUS:20160315T234011Z:9470b462-5de7-47e6-9e2d-d3da4b6e8520"
        ],
        "Strict-Transport-Security": [
          "max-age=31536000; includeSubDomains"
        ],
        "Cache-Control": [
          "no-cache"
        ],
        "Date": [
          "Tue, 15 Mar 2016 23:40:11 GMT"
        ],
        "Location": [
          "https://management.azure.com/subscriptions/53d9063d-87ae-4ea8-be90-3686c3b8669f/operationresults/eyJqb2JJZCI6IlJFU09VUkNFR1JPVVBERUxFVElPTkpPQi1PTkVTREs0MjU1LUVBU1RVUzIiLCJqb2JMb2NhdGlvbiI6ImVhc3R1czIifQ?api-version=2016-02-01"
        ]
      },
      "StatusCode": 202
    },
    {
      "RequestUri": "/subscriptions/53d9063d-87ae-4ea8-be90-3686c3b8669f/operationresults/eyJqb2JJZCI6IlJFU09VUkNFR1JPVVBERUxFVElPTkpPQi1PTkVTREs0MjU1LUVBU1RVUzIiLCJqb2JMb2NhdGlvbiI6ImVhc3R1czIifQ?api-version=2016-02-01",
      "EncodedRequestUri": "L3N1YnNjcmlwdGlvbnMvNTNkOTA2M2QtODdhZS00ZWE4LWJlOTAtMzY4NmMzYjg2NjlmL29wZXJhdGlvbnJlc3VsdHMvZXlKcWIySkpaQ0k2SWxKRlUwOVZVa05GUjFKUFZWQkVSVXhGVkVsUFRrcFBRaTFQVGtWVFJFczBNalUxTFVWQlUxUlZVeklpTENKcWIySk1iMk5oZEdsdmJpSTZJbVZoYzNSMWN6SWlmUT9hcGktdmVyc2lvbj0yMDE2LTAyLTAx",
      "RequestMethod": "GET",
      "RequestBody": "",
      "RequestHeaders": {
        "x-ms-version": [
          "2016-02-01"
        ],
        "User-Agent": [
          "Microsoft.Azure.Management.Resources.ResourceManagementClient/2.0.0.0"
        ]
      },
      "ResponseBody": "",
      "ResponseHeaders": {
        "Content-Length": [
          "0"
        ],
        "Expires": [
          "-1"
        ],
        "Pragma": [
          "no-cache"
        ],
        "x-ms-ratelimit-remaining-subscription-reads": [
          "14992"
        ],
        "x-ms-request-id": [
          "c2be4114-3adc-41f3-8207-725714fa0a5b"
        ],
        "x-ms-correlation-request-id": [
          "c2be4114-3adc-41f3-8207-725714fa0a5b"
        ],
        "x-ms-routing-request-id": [
          "WESTUS:20160315T234026Z:c2be4114-3adc-41f3-8207-725714fa0a5b"
        ],
        "Strict-Transport-Security": [
          "max-age=31536000; includeSubDomains"
        ],
        "Cache-Control": [
          "no-cache"
        ],
        "Date": [
          "Tue, 15 Mar 2016 23:40:26 GMT"
        ]
      },
      "StatusCode": 200
    }
  ],
  "Names": {
    "Test-DataLakeStoreFileSystem": [
      "onesdk4255",
      "onesdk2053"
    ]
  },
  "Variables": {
    "SubscriptionId": "53d9063d-87ae-4ea8-be90-3686c3b8669f"
  }
}