{
  "Entries": [
    {
      "RequestUri": "/subscriptions/4d40c6c3-8f87-4d97-af0e-b745cbfc314d/resourcegroups/ps5300?api-version=2016-09-01",
      "EncodedRequestUri": "L3N1YnNjcmlwdGlvbnMvNGQ0MGM2YzMtOGY4Ny00ZDk3LWFmMGUtYjc0NWNiZmMzMTRkL3Jlc291cmNlZ3JvdXBzL3BzNTMwMD9hcGktdmVyc2lvbj0yMDE2LTA5LTAx",
      "RequestMethod": "PUT",
      "RequestBody": "{\r\n  \"location\": \"eastus2\"\r\n}",
      "RequestHeaders": {
        "Content-Type": [
          "application/json; charset=utf-8"
        ],
        "Content-Length": [
          "29"
        ],
        "x-ms-client-request-id": [
          "3707f1f1-58b0-4ed7-9b3c-10cbb0bff2cd"
        ],
        "accept-language": [
          "en-US"
        ],
        "User-Agent": [
          "FxVersion/4.7.3190.0",
          "OSName/WindowsServer2016Datacenter",
          "OSVersion/6.3.14393",
          "Microsoft.Azure.Management.Internal.Resources.ResourceManagementClient/4.1.0"
        ]
      },
      "ResponseBody": "{\r\n  \"id\": \"/subscriptions/4d40c6c3-8f87-4d97-af0e-b745cbfc314d/resourceGroups/ps5300\",\r\n  \"name\": \"ps5300\",\r\n  \"location\": \"eastus2\",\r\n  \"properties\": {\r\n    \"provisioningState\": \"Succeeded\"\r\n  }\r\n}",
      "ResponseHeaders": {
        "Content-Length": [
          "166"
        ],
        "Content-Type": [
          "application/json; charset=utf-8"
        ],
        "Expires": [
          "-1"
        ],
        "Pragma": [
          "no-cache"
        ],
        "x-ms-ratelimit-remaining-subscription-writes": [
          "1199"
        ],
        "x-ms-request-id": [
          "6d1d7806-3389-49bd-b73e-98eae1e0b49e"
        ],
        "x-ms-correlation-request-id": [
          "6d1d7806-3389-49bd-b73e-98eae1e0b49e"
        ],
        "x-ms-routing-request-id": [
          "WESTUS2:20181008T220941Z:6d1d7806-3389-49bd-b73e-98eae1e0b49e"
        ],
        "Strict-Transport-Security": [
          "max-age=31536000; includeSubDomains"
        ],
        "X-Content-Type-Options": [
          "nosniff"
        ],
        "Cache-Control": [
          "no-cache"
        ],
        "Date": [
          "Mon, 08 Oct 2018 22:09:40 GMT"
        ]
      },
      "StatusCode": 201
    },
    {
      "RequestUri": "/subscriptions/4d40c6c3-8f87-4d97-af0e-b745cbfc314d/resourceGroups/ps5300/providers/Microsoft.DataLakeStore/accounts/ps2973?api-version=2016-11-01",
      "EncodedRequestUri": "L3N1YnNjcmlwdGlvbnMvNGQ0MGM2YzMtOGY4Ny00ZDk3LWFmMGUtYjc0NWNiZmMzMTRkL3Jlc291cmNlR3JvdXBzL3BzNTMwMC9wcm92aWRlcnMvTWljcm9zb2Z0LkRhdGFMYWtlU3RvcmUvYWNjb3VudHMvcHMyOTczP2FwaS12ZXJzaW9uPTIwMTYtMTEtMDE=",
      "RequestMethod": "GET",
      "RequestBody": "",
      "RequestHeaders": {
        "x-ms-client-request-id": [
          "53fc4e57-cab8-4892-8a16-a9c9d9d95c41"
        ],
        "accept-language": [
          "en-US"
        ],
        "User-Agent": [
          "FxVersion/4.7.3190.0",
          "OSName/WindowsServer2016Datacenter",
          "OSVersion/6.3.14393",
          "Microsoft.Azure.Management.DataLake.Store.DataLakeStoreAccountManagementClient/2.4.1.0"
        ]
      },
      "ResponseBody": "{\r\n  \"error\": {\r\n    \"code\": \"ResourceNotFound\",\r\n    \"message\": \"The Resource 'Microsoft.DataLakeStore/accounts/ps2973' under resource group 'ps5300' was not found.\"\r\n  }\r\n}",
      "ResponseHeaders": {
        "Content-Length": [
          "149"
        ],
        "Content-Type": [
          "application/json; charset=utf-8"
        ],
        "Expires": [
          "-1"
        ],
        "Pragma": [
          "no-cache"
        ],
        "x-ms-failure-cause": [
          "gateway"
        ],
        "x-ms-request-id": [
          "e678be5e-7575-4a51-8f01-cb0efe8aaa0f"
        ],
        "x-ms-correlation-request-id": [
          "e678be5e-7575-4a51-8f01-cb0efe8aaa0f"
        ],
        "x-ms-routing-request-id": [
          "WESTUS2:20181008T220941Z:e678be5e-7575-4a51-8f01-cb0efe8aaa0f"
        ],
        "Strict-Transport-Security": [
          "max-age=31536000; includeSubDomains"
        ],
        "X-Content-Type-Options": [
          "nosniff"
        ],
        "Cache-Control": [
          "no-cache"
        ],
        "Date": [
          "Mon, 08 Oct 2018 22:09:41 GMT"
        ]
      },
      "StatusCode": 404
    },
    {
      "RequestUri": "/subscriptions/4d40c6c3-8f87-4d97-af0e-b745cbfc314d/resourceGroups/ps5300/providers/Microsoft.DataLakeStore/accounts/ps2973?api-version=2016-11-01",
      "EncodedRequestUri": "L3N1YnNjcmlwdGlvbnMvNGQ0MGM2YzMtOGY4Ny00ZDk3LWFmMGUtYjc0NWNiZmMzMTRkL3Jlc291cmNlR3JvdXBzL3BzNTMwMC9wcm92aWRlcnMvTWljcm9zb2Z0LkRhdGFMYWtlU3RvcmUvYWNjb3VudHMvcHMyOTczP2FwaS12ZXJzaW9uPTIwMTYtMTEtMDE=",
      "RequestMethod": "GET",
      "RequestBody": "",
      "RequestHeaders": {
        "User-Agent": [
          "FxVersion/4.7.3190.0",
          "OSName/WindowsServer2016Datacenter",
          "OSVersion/6.3.14393",
          "Microsoft.Azure.Management.DataLake.Store.DataLakeStoreAccountManagementClient/2.4.1.0"
        ]
      },
      "ResponseBody": "{\r\n  \"properties\": {\r\n    \"firewallState\": \"Disabled\",\r\n    \"firewallAllowAzureIps\": \"Disabled\",\r\n    \"firewallAllowDataLakeAnalytics\": \"Disabled\",\r\n    \"firewallRules\": [],\r\n    \"virtualNetworkRules\": [],\r\n    \"trustedIdProviderState\": \"Disabled\",\r\n    \"trustedIdProviders\": [],\r\n    \"encryptionState\": \"Enabled\",\r\n    \"encryptionConfig\": {\r\n      \"type\": \"ServiceManaged\"\r\n    },\r\n    \"currentTier\": \"Consumption\",\r\n    \"newTier\": \"Consumption\",\r\n    \"dataLakePerformanceTierState\": \"Disabled\",\r\n    \"provisioningState\": \"Succeeded\",\r\n    \"state\": \"Active\",\r\n    \"endpoint\": \"ps2973.azuredatalakestore.net\",\r\n    \"accountId\": \"dc040c82-9a2e-4011-aece-800c69749969\",\r\n    \"creationTime\": \"2018-10-08T22:09:46.8638846Z\",\r\n    \"lastModifiedTime\": \"2018-10-08T22:09:46.8638846Z\"\r\n  },\r\n  \"location\": \"eastus2\",\r\n  \"tags\": {},\r\n  \"identity\": {\r\n    \"type\": \"SystemAssigned\",\r\n    \"principalId\": \"775a9d9d-caf4-4eea-9fd5-d06ee8124b5b\",\r\n    \"tenantId\": \"72f988bf-86f1-41af-91ab-2d7cd011db47\"\r\n  },\r\n  \"id\": \"/subscriptions/4d40c6c3-8f87-4d97-af0e-b745cbfc314d/resourceGroups/ps5300/providers/Microsoft.DataLakeStore/accounts/ps2973\",\r\n  \"name\": \"ps2973\",\r\n  \"type\": \"Microsoft.DataLakeStore/accounts\"\r\n}",
      "ResponseHeaders": {
        "Content-Length": [
          "992"
        ],
        "Content-Type": [
          "application/json"
        ],
        "Expires": [
          "-1"
        ],
        "Pragma": [
          "no-cache"
        ],
        "x-ms-request-id": [
          "06173fda-704f-461a-963a-322dbda273ca"
        ],
        "X-Content-Type-Options": [
          "nosniff"
        ],
        "x-ms-ratelimit-remaining-subscription-reads": [
          "11995"
        ],
        "x-ms-correlation-request-id": [
          "9f8e839e-f08c-4cfe-bf7d-c6b6c540294a"
        ],
        "x-ms-routing-request-id": [
          "WESTUS2:20181008T221018Z:9f8e839e-f08c-4cfe-bf7d-c6b6c540294a"
        ],
        "Strict-Transport-Security": [
          "max-age=31536000; includeSubDomains"
        ],
        "Cache-Control": [
          "no-cache"
        ],
        "Date": [
          "Mon, 08 Oct 2018 22:10:18 GMT"
        ],
        "Server": [
          "Microsoft-IIS/8.5"
        ],
        "X-AspNet-Version": [
          "4.0.30319"
        ],
        "X-Powered-By": [
          "ASP.NET"
        ]
      },
      "StatusCode": 200
    },
    {
      "RequestUri": "/subscriptions/4d40c6c3-8f87-4d97-af0e-b745cbfc314d/resourceGroups/ps5300/providers/Microsoft.DataLakeStore/accounts/ps2973?api-version=2016-11-01",
      "EncodedRequestUri": "L3N1YnNjcmlwdGlvbnMvNGQ0MGM2YzMtOGY4Ny00ZDk3LWFmMGUtYjc0NWNiZmMzMTRkL3Jlc291cmNlR3JvdXBzL3BzNTMwMC9wcm92aWRlcnMvTWljcm9zb2Z0LkRhdGFMYWtlU3RvcmUvYWNjb3VudHMvcHMyOTczP2FwaS12ZXJzaW9uPTIwMTYtMTEtMDE=",
      "RequestMethod": "GET",
      "RequestBody": "",
      "RequestHeaders": {
        "x-ms-client-request-id": [
          "ad248963-da7b-496c-ab13-c9fee5d8118b"
        ],
        "accept-language": [
          "en-US"
        ],
        "User-Agent": [
          "FxVersion/4.7.3190.0",
          "OSName/WindowsServer2016Datacenter",
          "OSVersion/6.3.14393",
          "Microsoft.Azure.Management.DataLake.Store.DataLakeStoreAccountManagementClient/2.4.1.0"
        ]
      },
      "ResponseBody": "{\r\n  \"properties\": {\r\n    \"firewallState\": \"Disabled\",\r\n    \"firewallAllowAzureIps\": \"Disabled\",\r\n    \"firewallAllowDataLakeAnalytics\": \"Disabled\",\r\n    \"firewallRules\": [],\r\n    \"virtualNetworkRules\": [],\r\n    \"trustedIdProviderState\": \"Disabled\",\r\n    \"trustedIdProviders\": [],\r\n    \"encryptionState\": \"Enabled\",\r\n    \"encryptionConfig\": {\r\n      \"type\": \"ServiceManaged\"\r\n    },\r\n    \"currentTier\": \"Consumption\",\r\n    \"newTier\": \"Consumption\",\r\n    \"dataLakePerformanceTierState\": \"Disabled\",\r\n    \"provisioningState\": \"Succeeded\",\r\n    \"state\": \"Active\",\r\n    \"endpoint\": \"ps2973.azuredatalakestore.net\",\r\n    \"accountId\": \"dc040c82-9a2e-4011-aece-800c69749969\",\r\n    \"creationTime\": \"2018-10-08T22:09:46.8638846Z\",\r\n    \"lastModifiedTime\": \"2018-10-08T22:09:46.8638846Z\"\r\n  },\r\n  \"location\": \"eastus2\",\r\n  \"tags\": {},\r\n  \"identity\": {\r\n    \"type\": \"SystemAssigned\",\r\n    \"principalId\": \"775a9d9d-caf4-4eea-9fd5-d06ee8124b5b\",\r\n    \"tenantId\": \"72f988bf-86f1-41af-91ab-2d7cd011db47\"\r\n  },\r\n  \"id\": \"/subscriptions/4d40c6c3-8f87-4d97-af0e-b745cbfc314d/resourceGroups/ps5300/providers/Microsoft.DataLakeStore/accounts/ps2973\",\r\n  \"name\": \"ps2973\",\r\n  \"type\": \"Microsoft.DataLakeStore/accounts\"\r\n}",
      "ResponseHeaders": {
        "Content-Length": [
          "992"
        ],
        "Content-Type": [
          "application/json"
        ],
        "Expires": [
          "-1"
        ],
        "Pragma": [
          "no-cache"
        ],
        "x-ms-request-id": [
          "93aa0252-0212-4041-9c73-b7c46ac5b655"
        ],
        "X-Content-Type-Options": [
          "nosniff"
        ],
        "x-ms-ratelimit-remaining-subscription-reads": [
          "11994"
        ],
        "x-ms-correlation-request-id": [
          "59d3ce48-b937-4e76-998d-5f8594e35ef3"
        ],
        "x-ms-routing-request-id": [
          "WESTUS2:20181008T221018Z:59d3ce48-b937-4e76-998d-5f8594e35ef3"
        ],
        "Strict-Transport-Security": [
          "max-age=31536000; includeSubDomains"
        ],
        "Cache-Control": [
          "no-cache"
        ],
        "Date": [
          "Mon, 08 Oct 2018 22:10:18 GMT"
        ],
        "Server": [
          "Microsoft-IIS/8.5"
        ],
        "X-AspNet-Version": [
          "4.0.30319"
        ],
        "X-Powered-By": [
          "ASP.NET"
        ]
      },
      "StatusCode": 200
    },
    {
      "RequestUri": "/subscriptions/4d40c6c3-8f87-4d97-af0e-b745cbfc314d/resourceGroups/ps5300/providers/Microsoft.DataLakeStore/accounts/ps2973?api-version=2016-11-01",
      "EncodedRequestUri": "L3N1YnNjcmlwdGlvbnMvNGQ0MGM2YzMtOGY4Ny00ZDk3LWFmMGUtYjc0NWNiZmMzMTRkL3Jlc291cmNlR3JvdXBzL3BzNTMwMC9wcm92aWRlcnMvTWljcm9zb2Z0LkRhdGFMYWtlU3RvcmUvYWNjb3VudHMvcHMyOTczP2FwaS12ZXJzaW9uPTIwMTYtMTEtMDE=",
      "RequestMethod": "GET",
      "RequestBody": "",
      "RequestHeaders": {
        "x-ms-client-request-id": [
          "6a777219-59e8-4dd8-b654-d179a02c151c"
        ],
        "accept-language": [
          "en-US"
        ],
        "User-Agent": [
          "FxVersion/4.7.3190.0",
          "OSName/WindowsServer2016Datacenter",
          "OSVersion/6.3.14393",
          "Microsoft.Azure.Management.DataLake.Store.DataLakeStoreAccountManagementClient/2.4.1.0"
        ]
      },
      "ResponseBody": "{\r\n  \"properties\": {\r\n    \"firewallState\": \"Disabled\",\r\n    \"firewallAllowAzureIps\": \"Disabled\",\r\n    \"firewallAllowDataLakeAnalytics\": \"Disabled\",\r\n    \"firewallRules\": [],\r\n    \"virtualNetworkRules\": [],\r\n    \"trustedIdProviderState\": \"Disabled\",\r\n    \"trustedIdProviders\": [],\r\n    \"encryptionState\": \"Enabled\",\r\n    \"encryptionConfig\": {\r\n      \"type\": \"ServiceManaged\"\r\n    },\r\n    \"currentTier\": \"Consumption\",\r\n    \"newTier\": \"Consumption\",\r\n    \"dataLakePerformanceTierState\": \"Disabled\",\r\n    \"provisioningState\": \"Succeeded\",\r\n    \"state\": \"Active\",\r\n    \"endpoint\": \"ps2973.azuredatalakestore.net\",\r\n    \"accountId\": \"dc040c82-9a2e-4011-aece-800c69749969\",\r\n    \"creationTime\": \"2018-10-08T22:09:46.8638846Z\",\r\n    \"lastModifiedTime\": \"2018-10-08T22:09:46.8638846Z\"\r\n  },\r\n  \"location\": \"eastus2\",\r\n  \"tags\": {},\r\n  \"identity\": {\r\n    \"type\": \"SystemAssigned\",\r\n    \"principalId\": \"775a9d9d-caf4-4eea-9fd5-d06ee8124b5b\",\r\n    \"tenantId\": \"72f988bf-86f1-41af-91ab-2d7cd011db47\"\r\n  },\r\n  \"id\": \"/subscriptions/4d40c6c3-8f87-4d97-af0e-b745cbfc314d/resourceGroups/ps5300/providers/Microsoft.DataLakeStore/accounts/ps2973\",\r\n  \"name\": \"ps2973\",\r\n  \"type\": \"Microsoft.DataLakeStore/accounts\"\r\n}",
      "ResponseHeaders": {
        "Content-Length": [
          "992"
        ],
        "Content-Type": [
          "application/json"
        ],
        "Expires": [
          "-1"
        ],
        "Pragma": [
          "no-cache"
        ],
        "x-ms-request-id": [
          "77513b51-943e-483b-9674-4b3b9745bc93"
        ],
        "X-Content-Type-Options": [
          "nosniff"
        ],
        "x-ms-ratelimit-remaining-subscription-reads": [
          "11993"
        ],
        "x-ms-correlation-request-id": [
          "01a81447-4661-49f1-a324-2cbd30462c3e"
        ],
        "x-ms-routing-request-id": [
          "WESTUS2:20181008T221026Z:01a81447-4661-49f1-a324-2cbd30462c3e"
        ],
        "Strict-Transport-Security": [
          "max-age=31536000; includeSubDomains"
        ],
        "Cache-Control": [
          "no-cache"
        ],
        "Date": [
          "Mon, 08 Oct 2018 22:10:26 GMT"
        ],
        "Server": [
          "Microsoft-IIS/8.5"
        ],
        "X-AspNet-Version": [
          "4.0.30319"
        ],
        "X-Powered-By": [
          "ASP.NET"
        ]
      },
      "StatusCode": 200
    },
    {
      "RequestUri": "/subscriptions/4d40c6c3-8f87-4d97-af0e-b745cbfc314d/resourceGroups/ps5300/providers/Microsoft.DataLakeStore/accounts/ps2973?api-version=2016-11-01",
      "EncodedRequestUri": "L3N1YnNjcmlwdGlvbnMvNGQ0MGM2YzMtOGY4Ny00ZDk3LWFmMGUtYjc0NWNiZmMzMTRkL3Jlc291cmNlR3JvdXBzL3BzNTMwMC9wcm92aWRlcnMvTWljcm9zb2Z0LkRhdGFMYWtlU3RvcmUvYWNjb3VudHMvcHMyOTczP2FwaS12ZXJzaW9uPTIwMTYtMTEtMDE=",
      "RequestMethod": "GET",
      "RequestBody": "",
      "RequestHeaders": {
        "x-ms-client-request-id": [
          "f82a7f46-f76a-47df-b3cd-9fb1ce8365ac"
        ],
        "accept-language": [
          "en-US"
        ],
        "User-Agent": [
          "FxVersion/4.7.3190.0",
          "OSName/WindowsServer2016Datacenter",
          "OSVersion/6.3.14393",
          "Microsoft.Azure.Management.DataLake.Store.DataLakeStoreAccountManagementClient/2.4.1.0"
        ]
      },
      "ResponseBody": "{\r\n  \"error\": {\r\n    \"code\": \"ResourceNotFound\",\r\n    \"message\": \"The Resource 'Microsoft.DataLakeStore/accounts/ps2973' under resource group 'ps5300' was not found.\"\r\n  }\r\n}",
      "ResponseHeaders": {
        "Content-Length": [
          "149"
        ],
        "Content-Type": [
          "application/json; charset=utf-8"
        ],
        "Expires": [
          "-1"
        ],
        "Pragma": [
          "no-cache"
        ],
        "x-ms-failure-cause": [
          "gateway"
        ],
        "x-ms-request-id": [
          "6a493af3-3cbc-4715-bf70-f8f7022ff0e9"
        ],
        "x-ms-correlation-request-id": [
          "6a493af3-3cbc-4715-bf70-f8f7022ff0e9"
        ],
        "x-ms-routing-request-id": [
          "WESTUS2:20181008T221029Z:6a493af3-3cbc-4715-bf70-f8f7022ff0e9"
        ],
        "Strict-Transport-Security": [
          "max-age=31536000; includeSubDomains"
        ],
        "X-Content-Type-Options": [
          "nosniff"
        ],
        "Cache-Control": [
          "no-cache"
        ],
        "Date": [
          "Mon, 08 Oct 2018 22:10:29 GMT"
        ]
      },
      "StatusCode": 404
    },
    {
      "RequestUri": "/subscriptions/4d40c6c3-8f87-4d97-af0e-b745cbfc314d/resourceGroups/ps5300/providers/Microsoft.DataLakeStore/accounts/ps2973?api-version=2016-11-01",
      "EncodedRequestUri": "L3N1YnNjcmlwdGlvbnMvNGQ0MGM2YzMtOGY4Ny00ZDk3LWFmMGUtYjc0NWNiZmMzMTRkL3Jlc291cmNlR3JvdXBzL3BzNTMwMC9wcm92aWRlcnMvTWljcm9zb2Z0LkRhdGFMYWtlU3RvcmUvYWNjb3VudHMvcHMyOTczP2FwaS12ZXJzaW9uPTIwMTYtMTEtMDE=",
      "RequestMethod": "GET",
      "RequestBody": "",
      "RequestHeaders": {
        "x-ms-client-request-id": [
          "815233e0-5e1d-492d-aa8f-e7af6b8437df"
        ],
        "accept-language": [
          "en-US"
        ],
        "User-Agent": [
          "FxVersion/4.7.3190.0",
          "OSName/WindowsServer2016Datacenter",
          "OSVersion/6.3.14393",
          "Microsoft.Azure.Management.DataLake.Store.DataLakeStoreAccountManagementClient/2.4.1.0"
        ]
      },
      "ResponseBody": "{\r\n  \"error\": {\r\n    \"code\": \"ResourceNotFound\",\r\n    \"message\": \"The Resource 'Microsoft.DataLakeStore/accounts/ps2973' under resource group 'ps5300' was not found.\"\r\n  }\r\n}",
      "ResponseHeaders": {
        "Content-Length": [
          "149"
        ],
        "Content-Type": [
          "application/json; charset=utf-8"
        ],
        "Expires": [
          "-1"
        ],
        "Pragma": [
          "no-cache"
        ],
        "x-ms-failure-cause": [
          "gateway"
        ],
        "x-ms-request-id": [
          "99864121-4030-4c3e-888b-fcc8433e17a4"
        ],
        "x-ms-correlation-request-id": [
          "99864121-4030-4c3e-888b-fcc8433e17a4"
        ],
        "x-ms-routing-request-id": [
          "WESTUS2:20181008T221029Z:99864121-4030-4c3e-888b-fcc8433e17a4"
        ],
        "Strict-Transport-Security": [
          "max-age=31536000; includeSubDomains"
        ],
        "X-Content-Type-Options": [
          "nosniff"
        ],
        "Cache-Control": [
          "no-cache"
        ],
        "Date": [
          "Mon, 08 Oct 2018 22:10:29 GMT"
        ]
      },
      "StatusCode": 404
    },
    {
      "RequestUri": "/subscriptions/4d40c6c3-8f87-4d97-af0e-b745cbfc314d/resourceGroups/ps5300/providers/Microsoft.DataLakeStore/accounts/ps2973?api-version=2016-11-01",
      "EncodedRequestUri": "L3N1YnNjcmlwdGlvbnMvNGQ0MGM2YzMtOGY4Ny00ZDk3LWFmMGUtYjc0NWNiZmMzMTRkL3Jlc291cmNlR3JvdXBzL3BzNTMwMC9wcm92aWRlcnMvTWljcm9zb2Z0LkRhdGFMYWtlU3RvcmUvYWNjb3VudHMvcHMyOTczP2FwaS12ZXJzaW9uPTIwMTYtMTEtMDE=",
      "RequestMethod": "PUT",
      "RequestBody": "{\r\n  \"location\": \"eastus2\",\r\n  \"tags\": {},\r\n  \"identity\": {\r\n    \"type\": \"SystemAssigned\"\r\n  },\r\n  \"properties\": {\r\n    \"encryptionConfig\": {\r\n      \"type\": \"ServiceManaged\"\r\n    },\r\n    \"encryptionState\": \"Enabled\"\r\n  }\r\n}",
      "RequestHeaders": {
        "Content-Type": [
          "application/json; charset=utf-8"
        ],
        "Content-Length": [
          "223"
        ],
        "x-ms-client-request-id": [
          "326c1253-8d7e-4e55-bc47-035399ad7d02"
        ],
        "accept-language": [
          "en-US"
        ],
        "User-Agent": [
          "FxVersion/4.7.3190.0",
          "OSName/WindowsServer2016Datacenter",
          "OSVersion/6.3.14393",
          "Microsoft.Azure.Management.DataLake.Store.DataLakeStoreAccountManagementClient/2.4.1.0"
        ]
      },
      "ResponseBody": "{\r\n  \"properties\": {\r\n    \"encryptionState\": \"Enabled\",\r\n    \"encryptionConfig\": {\r\n      \"type\": \"ServiceManaged\"\r\n    },\r\n    \"provisioningState\": \"Creating\",\r\n    \"state\": null,\r\n    \"endpoint\": null,\r\n    \"accountId\": \"dc040c82-9a2e-4011-aece-800c69749969\"\r\n  },\r\n  \"location\": \"eastus2\",\r\n  \"tags\": {},\r\n  \"identity\": {\r\n    \"type\": \"SystemAssigned\",\r\n    \"principalId\": \"00000000-0000-0000-0000-000000000000\",\r\n    \"tenantId\": \"00000000-0000-0000-0000-000000000000\"\r\n  },\r\n  \"id\": \"/subscriptions/4d40c6c3-8f87-4d97-af0e-b745cbfc314d/resourceGroups/ps5300/providers/Microsoft.DataLakeStore/accounts/ps2973\",\r\n  \"name\": \"ps2973\",\r\n  \"type\": \"Microsoft.DataLakeStore/accounts\"\r\n}",
      "ResponseHeaders": {
        "Content-Length": [
          "560"
        ],
        "Content-Type": [
          "application/json"
        ],
        "Expires": [
          "-1"
        ],
        "Pragma": [
          "no-cache"
        ],
        "Retry-After": [
          "10"
        ],
        "Azure-AsyncOperation": [
          "https://management.azure.com/subscriptions/4d40c6c3-8f87-4d97-af0e-b745cbfc314d/providers/Microsoft.DataLakeStore/locations/eastus2/operationResults/dc040c82-9a2e-4011-aece-800c697499690?api-version=2016-11-01&expanded=true"
        ],
        "x-ms-request-id": [
          "0f956d7a-1089-4b5f-a50c-9030f127dcac"
        ],
        "X-Content-Type-Options": [
          "nosniff"
        ],
        "x-ms-ratelimit-remaining-subscription-writes": [
          "1199"
        ],
        "x-ms-correlation-request-id": [
          "ff8404e3-8ebb-4bc2-8131-fe4f5f5423a5"
        ],
        "x-ms-routing-request-id": [
          "WESTUS2:20181008T220946Z:ff8404e3-8ebb-4bc2-8131-fe4f5f5423a5"
        ],
        "Strict-Transport-Security": [
          "max-age=31536000; includeSubDomains"
        ],
        "Cache-Control": [
          "no-cache"
        ],
        "Date": [
          "Mon, 08 Oct 2018 22:09:45 GMT"
        ],
        "Location": [
          "https://management.azure.com/subscriptions/4d40c6c3-8f87-4d97-af0e-b745cbfc314d/resourcegroups/ps5300/providers/Microsoft.DataLakeStore/accounts/ps2973/operationresults/0?api-version=2016-11-01"
        ],
        "Server": [
          "Microsoft-IIS/8.5"
        ],
        "X-AspNet-Version": [
          "4.0.30319"
        ],
        "X-Powered-By": [
          "ASP.NET"
        ]
      },
      "StatusCode": 201
    },
    {
      "RequestUri": "/subscriptions/4d40c6c3-8f87-4d97-af0e-b745cbfc314d/providers/Microsoft.DataLakeStore/locations/eastus2/operationResults/dc040c82-9a2e-4011-aece-800c697499690?api-version=2016-11-01&expanded=true",
      "EncodedRequestUri": "L3N1YnNjcmlwdGlvbnMvNGQ0MGM2YzMtOGY4Ny00ZDk3LWFmMGUtYjc0NWNiZmMzMTRkL3Byb3ZpZGVycy9NaWNyb3NvZnQuRGF0YUxha2VTdG9yZS9sb2NhdGlvbnMvZWFzdHVzMi9vcGVyYXRpb25SZXN1bHRzL2RjMDQwYzgyLTlhMmUtNDAxMS1hZWNlLTgwMGM2OTc0OTk2OTA/YXBpLXZlcnNpb249MjAxNi0xMS0wMSZleHBhbmRlZD10cnVl",
      "RequestMethod": "GET",
      "RequestBody": "",
      "RequestHeaders": {
        "User-Agent": [
          "FxVersion/4.7.3190.0",
          "OSName/WindowsServer2016Datacenter",
          "OSVersion/6.3.14393",
          "Microsoft.Azure.Management.DataLake.Store.DataLakeStoreAccountManagementClient/2.4.1.0"
        ]
      },
      "ResponseBody": "{\r\n  \"status\": \"InProgress\"\r\n}",
      "ResponseHeaders": {
        "Content-Length": [
          "23"
        ],
        "Content-Type": [
          "application/json"
        ],
        "Expires": [
          "-1"
        ],
        "Pragma": [
          "no-cache"
        ],
        "x-ms-request-id": [
          "7f16351c-b0f2-4af7-b8ca-fddb5c65bdfd"
        ],
        "X-Content-Type-Options": [
          "nosniff"
        ],
        "x-ms-ratelimit-remaining-subscription-reads": [
          "11998"
        ],
        "x-ms-correlation-request-id": [
          "59a6379e-7e0a-4555-955b-9db750be515c"
        ],
        "x-ms-routing-request-id": [
          "WESTUS2:20181008T220956Z:59a6379e-7e0a-4555-955b-9db750be515c"
        ],
        "Strict-Transport-Security": [
          "max-age=31536000; includeSubDomains"
        ],
        "Cache-Control": [
          "no-cache"
        ],
        "Date": [
          "Mon, 08 Oct 2018 22:09:55 GMT"
        ],
        "Server": [
          "Microsoft-IIS/8.5"
        ],
        "X-AspNet-Version": [
          "4.0.30319"
        ],
        "X-Powered-By": [
          "ASP.NET"
        ]
      },
      "StatusCode": 200
    },
    {
      "RequestUri": "/subscriptions/4d40c6c3-8f87-4d97-af0e-b745cbfc314d/providers/Microsoft.DataLakeStore/locations/eastus2/operationResults/dc040c82-9a2e-4011-aece-800c697499690?api-version=2016-11-01&expanded=true",
      "EncodedRequestUri": "L3N1YnNjcmlwdGlvbnMvNGQ0MGM2YzMtOGY4Ny00ZDk3LWFmMGUtYjc0NWNiZmMzMTRkL3Byb3ZpZGVycy9NaWNyb3NvZnQuRGF0YUxha2VTdG9yZS9sb2NhdGlvbnMvZWFzdHVzMi9vcGVyYXRpb25SZXN1bHRzL2RjMDQwYzgyLTlhMmUtNDAxMS1hZWNlLTgwMGM2OTc0OTk2OTA/YXBpLXZlcnNpb249MjAxNi0xMS0wMSZleHBhbmRlZD10cnVl",
      "RequestMethod": "GET",
      "RequestBody": "",
      "RequestHeaders": {
        "User-Agent": [
          "FxVersion/4.7.3190.0",
          "OSName/WindowsServer2016Datacenter",
          "OSVersion/6.3.14393",
          "Microsoft.Azure.Management.DataLake.Store.DataLakeStoreAccountManagementClient/2.4.1.0"
        ]
      },
      "ResponseBody": "{\r\n  \"status\": \"InProgress\"\r\n}",
      "ResponseHeaders": {
        "Content-Length": [
          "23"
        ],
        "Content-Type": [
          "application/json"
        ],
        "Expires": [
          "-1"
        ],
        "Pragma": [
          "no-cache"
        ],
        "x-ms-request-id": [
          "7caf0285-1240-4e51-ba17-8985ace70eed"
        ],
        "X-Content-Type-Options": [
          "nosniff"
        ],
        "x-ms-ratelimit-remaining-subscription-reads": [
          "11997"
        ],
        "x-ms-correlation-request-id": [
          "5d9a5305-b2bf-45c5-8cd0-ac2aab85e8ca"
        ],
        "x-ms-routing-request-id": [
          "WESTUS2:20181008T221007Z:5d9a5305-b2bf-45c5-8cd0-ac2aab85e8ca"
        ],
        "Strict-Transport-Security": [
          "max-age=31536000; includeSubDomains"
        ],
        "Cache-Control": [
          "no-cache"
        ],
        "Date": [
          "Mon, 08 Oct 2018 22:10:07 GMT"
        ],
        "Server": [
          "Microsoft-IIS/8.5"
        ],
        "X-AspNet-Version": [
          "4.0.30319"
        ],
        "X-Powered-By": [
          "ASP.NET"
        ]
      },
      "StatusCode": 200
    },
    {
      "RequestUri": "/subscriptions/4d40c6c3-8f87-4d97-af0e-b745cbfc314d/providers/Microsoft.DataLakeStore/locations/eastus2/operationResults/dc040c82-9a2e-4011-aece-800c697499690?api-version=2016-11-01&expanded=true",
      "EncodedRequestUri": "L3N1YnNjcmlwdGlvbnMvNGQ0MGM2YzMtOGY4Ny00ZDk3LWFmMGUtYjc0NWNiZmMzMTRkL3Byb3ZpZGVycy9NaWNyb3NvZnQuRGF0YUxha2VTdG9yZS9sb2NhdGlvbnMvZWFzdHVzMi9vcGVyYXRpb25SZXN1bHRzL2RjMDQwYzgyLTlhMmUtNDAxMS1hZWNlLTgwMGM2OTc0OTk2OTA/YXBpLXZlcnNpb249MjAxNi0xMS0wMSZleHBhbmRlZD10cnVl",
      "RequestMethod": "GET",
      "RequestBody": "",
      "RequestHeaders": {
        "User-Agent": [
          "FxVersion/4.7.3190.0",
          "OSName/WindowsServer2016Datacenter",
          "OSVersion/6.3.14393",
          "Microsoft.Azure.Management.DataLake.Store.DataLakeStoreAccountManagementClient/2.4.1.0"
        ]
      },
      "ResponseBody": "{\r\n  \"status\": \"Succeeded\"\r\n}",
      "ResponseHeaders": {
        "Content-Length": [
          "22"
        ],
        "Content-Type": [
          "application/json"
        ],
        "Expires": [
          "-1"
        ],
        "Pragma": [
          "no-cache"
        ],
        "x-ms-request-id": [
          "e39448a8-81c9-4631-9c33-8612157d7262"
        ],
        "X-Content-Type-Options": [
          "nosniff"
        ],
        "x-ms-ratelimit-remaining-subscription-reads": [
          "11996"
        ],
        "x-ms-correlation-request-id": [
          "96d2fba7-8e90-4eff-a12d-e7a08259a1fa"
        ],
        "x-ms-routing-request-id": [
          "WESTUS2:20181008T221017Z:96d2fba7-8e90-4eff-a12d-e7a08259a1fa"
        ],
        "Strict-Transport-Security": [
          "max-age=31536000; includeSubDomains"
        ],
        "Cache-Control": [
          "no-cache"
        ],
        "Date": [
          "Mon, 08 Oct 2018 22:10:17 GMT"
        ],
        "Server": [
          "Microsoft-IIS/8.5"
        ],
        "X-AspNet-Version": [
          "4.0.30319"
        ],
        "X-Powered-By": [
          "ASP.NET"
        ]
      },
      "StatusCode": 200
    },
    {
      "RequestUri": "/subscriptions/4d40c6c3-8f87-4d97-af0e-b745cbfc314d/resourceGroups/ps5300/providers/Microsoft.DataLakeStore/accounts/ps2973?api-version=2016-11-01",
      "EncodedRequestUri": "L3N1YnNjcmlwdGlvbnMvNGQ0MGM2YzMtOGY4Ny00ZDk3LWFmMGUtYjc0NWNiZmMzMTRkL3Jlc291cmNlR3JvdXBzL3BzNTMwMC9wcm92aWRlcnMvTWljcm9zb2Z0LkRhdGFMYWtlU3RvcmUvYWNjb3VudHMvcHMyOTczP2FwaS12ZXJzaW9uPTIwMTYtMTEtMDE=",
      "RequestMethod": "DELETE",
      "RequestBody": "",
      "RequestHeaders": {
        "x-ms-client-request-id": [
          "d75420f4-6faa-40e7-805a-a9cecad17a34"
        ],
        "accept-language": [
          "en-US"
        ],
        "User-Agent": [
          "FxVersion/4.7.3190.0",
          "OSName/WindowsServer2016Datacenter",
          "OSVersion/6.3.14393",
          "Microsoft.Azure.Management.DataLake.Store.DataLakeStoreAccountManagementClient/2.4.1.0"
        ]
      },
      "ResponseBody": "",
      "ResponseHeaders": {
        "Content-Length": [
          "0"
        ],
        "Expires": [
          "-1"
        ],
        "Pragma": [
          "no-cache"
        ],
        "x-ms-request-id": [
          "d401aca1-655d-427f-aa29-ad1225e655dd"
        ],
        "x-ms-ratelimit-remaining-subscription-deletes": [
          "14999"
        ],
        "x-ms-correlation-request-id": [
          "f9bdbd2c-1ca6-485e-99a6-c73c0c695438"
        ],
        "x-ms-routing-request-id": [
          "WESTUS2:20181008T221029Z:f9bdbd2c-1ca6-485e-99a6-c73c0c695438"
        ],
        "Strict-Transport-Security": [
          "max-age=31536000; includeSubDomains"
        ],
        "X-Content-Type-Options": [
          "nosniff"
        ],
        "Cache-Control": [
          "no-cache"
        ],
        "Date": [
          "Mon, 08 Oct 2018 22:10:29 GMT"
        ],
        "Server": [
          "Microsoft-IIS/8.5"
        ],
        "X-AspNet-Version": [
          "4.0.30319"
        ],
        "X-Powered-By": [
          "ASP.NET"
        ]
      },
      "StatusCode": 200
    },
    {
      "RequestUri": "/subscriptions/4d40c6c3-8f87-4d97-af0e-b745cbfc314d/resourcegroups/ps5300?api-version=2016-09-01",
      "EncodedRequestUri": "L3N1YnNjcmlwdGlvbnMvNGQ0MGM2YzMtOGY4Ny00ZDk3LWFmMGUtYjc0NWNiZmMzMTRkL3Jlc291cmNlZ3JvdXBzL3BzNTMwMD9hcGktdmVyc2lvbj0yMDE2LTA5LTAx",
      "RequestMethod": "DELETE",
      "RequestBody": "",
      "RequestHeaders": {
        "x-ms-client-request-id": [
          "54e3a7c1-5056-4a0b-af6d-6a0e153c7182"
        ],
        "accept-language": [
          "en-US"
        ],
        "User-Agent": [
          "FxVersion/4.7.3190.0",
          "OSName/WindowsServer2016Datacenter",
          "OSVersion/6.3.14393",
          "Microsoft.Azure.Management.Internal.Resources.ResourceManagementClient/4.1.0"
        ]
      },
      "ResponseBody": "",
      "ResponseHeaders": {
        "Content-Length": [
          "0"
        ],
        "Expires": [
          "-1"
        ],
        "Pragma": [
          "no-cache"
        ],
        "Retry-After": [
          "15"
        ],
        "x-ms-ratelimit-remaining-subscription-deletes": [
          "14998"
        ],
        "x-ms-request-id": [
          "a35af8ae-094b-4c9a-a052-0e7736df7265"
        ],
        "x-ms-correlation-request-id": [
          "a35af8ae-094b-4c9a-a052-0e7736df7265"
        ],
        "x-ms-routing-request-id": [
          "WESTUS2:20181008T221030Z:a35af8ae-094b-4c9a-a052-0e7736df7265"
        ],
        "Strict-Transport-Security": [
          "max-age=31536000; includeSubDomains"
        ],
        "X-Content-Type-Options": [
          "nosniff"
        ],
        "Cache-Control": [
          "no-cache"
        ],
        "Date": [
          "Mon, 08 Oct 2018 22:10:30 GMT"
        ],
        "Location": [
          "https://management.azure.com/subscriptions/4d40c6c3-8f87-4d97-af0e-b745cbfc314d/operationresults/eyJqb2JJZCI6IlJFU09VUkNFR1JPVVBERUxFVElPTkpPQi1QUzUzMDAtRUFTVFVTMiIsImpvYkxvY2F0aW9uIjoiZWFzdHVzMiJ9?api-version=2016-09-01"
        ]
      },
      "StatusCode": 202
    },
    {
      "RequestUri": "/subscriptions/4d40c6c3-8f87-4d97-af0e-b745cbfc314d/operationresults/eyJqb2JJZCI6IlJFU09VUkNFR1JPVVBERUxFVElPTkpPQi1QUzUzMDAtRUFTVFVTMiIsImpvYkxvY2F0aW9uIjoiZWFzdHVzMiJ9?api-version=2016-09-01",
      "EncodedRequestUri": "L3N1YnNjcmlwdGlvbnMvNGQ0MGM2YzMtOGY4Ny00ZDk3LWFmMGUtYjc0NWNiZmMzMTRkL29wZXJhdGlvbnJlc3VsdHMvZXlKcWIySkpaQ0k2SWxKRlUwOVZVa05GUjFKUFZWQkVSVXhGVkVsUFRrcFBRaTFRVXpVek1EQXRSVUZUVkZWVE1pSXNJbXB2WWt4dlkyRjBhVzl1SWpvaVpXRnpkSFZ6TWlKOT9hcGktdmVyc2lvbj0yMDE2LTA5LTAx",
      "RequestMethod": "GET",
      "RequestBody": "",
      "RequestHeaders": {
        "User-Agent": [
          "FxVersion/4.7.3190.0",
          "OSName/WindowsServer2016Datacenter",
          "OSVersion/6.3.14393",
          "Microsoft.Azure.Management.Internal.Resources.ResourceManagementClient/4.1.0"
        ]
      },
      "ResponseBody": "",
      "ResponseHeaders": {
        "Content-Length": [
          "0"
        ],
        "Expires": [
          "-1"
        ],
        "Pragma": [
          "no-cache"
        ],
        "Retry-After": [
          "15"
        ],
        "x-ms-ratelimit-remaining-subscription-reads": [
          "11999"
        ],
        "x-ms-request-id": [
          "e1dd8143-a7dd-4a56-89f4-64a05b2ae106"
        ],
        "x-ms-correlation-request-id": [
          "e1dd8143-a7dd-4a56-89f4-64a05b2ae106"
        ],
        "x-ms-routing-request-id": [
          "WESTUS2:20181008T221046Z:e1dd8143-a7dd-4a56-89f4-64a05b2ae106"
        ],
        "Strict-Transport-Security": [
          "max-age=31536000; includeSubDomains"
        ],
        "X-Content-Type-Options": [
          "nosniff"
        ],
        "Cache-Control": [
          "no-cache"
        ],
        "Date": [
          "Mon, 08 Oct 2018 22:10:45 GMT"
        ],
        "Location": [
          "https://management.azure.com/subscriptions/4d40c6c3-8f87-4d97-af0e-b745cbfc314d/operationresults/eyJqb2JJZCI6IlJFU09VUkNFR1JPVVBERUxFVElPTkpPQi1QUzUzMDAtRUFTVFVTMiIsImpvYkxvY2F0aW9uIjoiZWFzdHVzMiJ9?api-version=2016-09-01"
        ]
      },
      "StatusCode": 202
    },
    {
      "RequestUri": "/subscriptions/4d40c6c3-8f87-4d97-af0e-b745cbfc314d/operationresults/eyJqb2JJZCI6IlJFU09VUkNFR1JPVVBERUxFVElPTkpPQi1QUzUzMDAtRUFTVFVTMiIsImpvYkxvY2F0aW9uIjoiZWFzdHVzMiJ9?api-version=2016-09-01",
      "EncodedRequestUri": "L3N1YnNjcmlwdGlvbnMvNGQ0MGM2YzMtOGY4Ny00ZDk3LWFmMGUtYjc0NWNiZmMzMTRkL29wZXJhdGlvbnJlc3VsdHMvZXlKcWIySkpaQ0k2SWxKRlUwOVZVa05GUjFKUFZWQkVSVXhGVkVsUFRrcFBRaTFRVXpVek1EQXRSVUZUVkZWVE1pSXNJbXB2WWt4dlkyRjBhVzl1SWpvaVpXRnpkSFZ6TWlKOT9hcGktdmVyc2lvbj0yMDE2LTA5LTAx",
      "RequestMethod": "GET",
      "RequestBody": "",
      "RequestHeaders": {
        "User-Agent": [
          "FxVersion/4.7.3190.0",
          "OSName/WindowsServer2016Datacenter",
          "OSVersion/6.3.14393",
          "Microsoft.Azure.Management.Internal.Resources.ResourceManagementClient/4.1.0"
        ]
      },
      "ResponseBody": "",
      "ResponseHeaders": {
        "Content-Length": [
          "0"
        ],
        "Expires": [
          "-1"
        ],
        "Pragma": [
          "no-cache"
        ],
        "Retry-After": [
          "15"
        ],
        "x-ms-ratelimit-remaining-subscription-reads": [
          "11998"
        ],
        "x-ms-request-id": [
          "6a9e9fe0-bf5e-46c2-ab3f-c9d6441d0efe"
        ],
        "x-ms-correlation-request-id": [
          "6a9e9fe0-bf5e-46c2-ab3f-c9d6441d0efe"
        ],
        "x-ms-routing-request-id": [
          "WESTUS2:20181008T221101Z:6a9e9fe0-bf5e-46c2-ab3f-c9d6441d0efe"
        ],
        "Strict-Transport-Security": [
          "max-age=31536000; includeSubDomains"
        ],
        "X-Content-Type-Options": [
          "nosniff"
        ],
        "Cache-Control": [
          "no-cache"
        ],
        "Date": [
          "Mon, 08 Oct 2018 22:11:01 GMT"
        ],
        "Location": [
          "https://management.azure.com/subscriptions/4d40c6c3-8f87-4d97-af0e-b745cbfc314d/operationresults/eyJqb2JJZCI6IlJFU09VUkNFR1JPVVBERUxFVElPTkpPQi1QUzUzMDAtRUFTVFVTMiIsImpvYkxvY2F0aW9uIjoiZWFzdHVzMiJ9?api-version=2016-09-01"
        ]
      },
      "StatusCode": 202
    },
    {
      "RequestUri": "/subscriptions/4d40c6c3-8f87-4d97-af0e-b745cbfc314d/operationresults/eyJqb2JJZCI6IlJFU09VUkNFR1JPVVBERUxFVElPTkpPQi1QUzUzMDAtRUFTVFVTMiIsImpvYkxvY2F0aW9uIjoiZWFzdHVzMiJ9?api-version=2016-09-01",
      "EncodedRequestUri": "L3N1YnNjcmlwdGlvbnMvNGQ0MGM2YzMtOGY4Ny00ZDk3LWFmMGUtYjc0NWNiZmMzMTRkL29wZXJhdGlvbnJlc3VsdHMvZXlKcWIySkpaQ0k2SWxKRlUwOVZVa05GUjFKUFZWQkVSVXhGVkVsUFRrcFBRaTFRVXpVek1EQXRSVUZUVkZWVE1pSXNJbXB2WWt4dlkyRjBhVzl1SWpvaVpXRnpkSFZ6TWlKOT9hcGktdmVyc2lvbj0yMDE2LTA5LTAx",
      "RequestMethod": "GET",
      "RequestBody": "",
      "RequestHeaders": {
        "User-Agent": [
          "FxVersion/4.7.3190.0",
          "OSName/WindowsServer2016Datacenter",
          "OSVersion/6.3.14393",
          "Microsoft.Azure.Management.Internal.Resources.ResourceManagementClient/4.1.0"
        ]
      },
      "ResponseBody": "",
      "ResponseHeaders": {
        "Content-Length": [
          "0"
        ],
        "Expires": [
          "-1"
        ],
        "Pragma": [
          "no-cache"
        ],
        "x-ms-ratelimit-remaining-subscription-reads": [
          "11997"
        ],
        "x-ms-request-id": [
          "2949a060-a524-4f25-a362-3323aa7992fc"
        ],
        "x-ms-correlation-request-id": [
          "2949a060-a524-4f25-a362-3323aa7992fc"
        ],
        "x-ms-routing-request-id": [
          "WESTUS2:20181008T221116Z:2949a060-a524-4f25-a362-3323aa7992fc"
        ],
        "Strict-Transport-Security": [
          "max-age=31536000; includeSubDomains"
        ],
        "X-Content-Type-Options": [
          "nosniff"
        ],
        "Cache-Control": [
          "no-cache"
        ],
        "Date": [
          "Mon, 08 Oct 2018 22:11:15 GMT"
        ]
      },
      "StatusCode": 200
    },
    {
      "RequestUri": "/subscriptions/4d40c6c3-8f87-4d97-af0e-b745cbfc314d/operationresults/eyJqb2JJZCI6IlJFU09VUkNFR1JPVVBERUxFVElPTkpPQi1QUzUzMDAtRUFTVFVTMiIsImpvYkxvY2F0aW9uIjoiZWFzdHVzMiJ9?api-version=2016-09-01",
      "EncodedRequestUri": "L3N1YnNjcmlwdGlvbnMvNGQ0MGM2YzMtOGY4Ny00ZDk3LWFmMGUtYjc0NWNiZmMzMTRkL29wZXJhdGlvbnJlc3VsdHMvZXlKcWIySkpaQ0k2SWxKRlUwOVZVa05GUjFKUFZWQkVSVXhGVkVsUFRrcFBRaTFRVXpVek1EQXRSVUZUVkZWVE1pSXNJbXB2WWt4dlkyRjBhVzl1SWpvaVpXRnpkSFZ6TWlKOT9hcGktdmVyc2lvbj0yMDE2LTA5LTAx",
      "RequestMethod": "GET",
      "RequestBody": "",
      "RequestHeaders": {
        "User-Agent": [
          "FxVersion/4.7.3190.0",
          "OSName/WindowsServer2016Datacenter",
          "OSVersion/6.3.14393",
          "Microsoft.Azure.Management.Internal.Resources.ResourceManagementClient/4.1.0"
        ]
      },
      "ResponseBody": "",
      "ResponseHeaders": {
        "Content-Length": [
          "0"
        ],
        "Expires": [
          "-1"
        ],
        "Pragma": [
          "no-cache"
        ],
        "x-ms-ratelimit-remaining-subscription-reads": [
          "11996"
        ],
        "x-ms-request-id": [
          "1cf5d919-1a96-4202-9d42-01fe1b7195da"
        ],
        "x-ms-correlation-request-id": [
          "1cf5d919-1a96-4202-9d42-01fe1b7195da"
        ],
        "x-ms-routing-request-id": [
          "WESTUS2:20181008T221116Z:1cf5d919-1a96-4202-9d42-01fe1b7195da"
        ],
        "Strict-Transport-Security": [
          "max-age=31536000; includeSubDomains"
        ],
        "X-Content-Type-Options": [
          "nosniff"
        ],
        "Cache-Control": [
          "no-cache"
        ],
        "Date": [
          "Mon, 08 Oct 2018 22:11:16 GMT"
        ]
      },
      "StatusCode": 200
    }
  ],
  "Names": {
    "Test-DataLakeStoreFileSystemPermissions": [
      "ps5300",
      "ps2973"
    ]
  },
  "Variables": {
    "SubscriptionId": "4d40c6c3-8f87-4d97-af0e-b745cbfc314d"
  }
}