{
  "Entries": [
    {
      "RequestUri": "/subscriptions/53d9063d-87ae-4ea8-be90-3686c3b8669f/providers/Microsoft.DataLakeStore/register?api-version=2016-02-01",
      "EncodedRequestUri": "L3N1YnNjcmlwdGlvbnMvNTNkOTA2M2QtODdhZS00ZWE4LWJlOTAtMzY4NmMzYjg2NjlmL3Byb3ZpZGVycy9NaWNyb3NvZnQuRGF0YUxha2VTdG9yZS9yZWdpc3Rlcj9hcGktdmVyc2lvbj0yMDE2LTAyLTAx",
      "RequestMethod": "POST",
      "RequestBody": "",
      "RequestHeaders": {
        "User-Agent": [
          "Microsoft.Azure.Management.Resources.ResourceManagementClient/2.0.0.0"
        ]
      },
      "ResponseBody": "{\r\n  \"id\": \"/subscriptions/53d9063d-87ae-4ea8-be90-3686c3b8669f/providers/Microsoft.DataLakeStore\",\r\n  \"namespace\": \"Microsoft.DataLakeStore\",\r\n  \"authorization\": {\r\n    \"applicationId\": \"e9f49c6b-5ce5-44c8-925d-015017e9f7ad\",\r\n    \"roleDefinitionId\": \"17eb9cca-f08a-4499-b2d3-852d175f614f\"\r\n  },\r\n  \"resourceTypes\": [\r\n    {\r\n      \"resourceType\": \"accounts\",\r\n      \"locations\": [\r\n        \"East US 2\"\r\n      ],\r\n      \"apiVersions\": [\r\n        \"2016-11-01\",\r\n        \"2015-10-01-preview\"\r\n      ],\r\n      \"capabilities\": \"CrossResourceGroupResourceMove, CrossSubscriptionResourceMove, SystemAssignedResourceIdentity\"\r\n    },\r\n    {\r\n      \"resourceType\": \"accounts/firewallRules\",\r\n      \"locations\": [\r\n        \"East US 2\"\r\n      ],\r\n      \"apiVersions\": [\r\n        \"2016-11-01\",\r\n        \"2015-10-01-preview\"\r\n      ]\r\n    },\r\n    {\r\n      \"resourceType\": \"locations\",\r\n      \"locations\": [],\r\n      \"apiVersions\": [\r\n        \"2016-11-01\",\r\n        \"2015-10-01-preview\"\r\n      ]\r\n    },\r\n    {\r\n      \"resourceType\": \"locations/operationresults\",\r\n      \"locations\": [],\r\n      \"apiVersions\": [\r\n        \"2016-11-01\",\r\n        \"2015-10-01-preview\"\r\n      ]\r\n    },\r\n    {\r\n      \"resourceType\": \"locations/checkNameAvailability\",\r\n      \"locations\": [],\r\n      \"apiVersions\": [\r\n        \"2016-11-01\",\r\n        \"2015-10-01-preview\"\r\n      ]\r\n    },\r\n    {\r\n      \"resourceType\": \"locations/capability\",\r\n      \"locations\": [],\r\n      \"apiVersions\": [\r\n        \"2016-11-01\",\r\n        \"2015-10-01-preview\"\r\n      ]\r\n    },\r\n    {\r\n      \"resourceType\": \"operations\",\r\n      \"locations\": [],\r\n      \"apiVersions\": [\r\n        \"2016-11-01\",\r\n        \"2015-10-01-preview\"\r\n      ]\r\n    }\r\n  ],\r\n  \"registrationState\": \"Registered\"\r\n}",
      "ResponseHeaders": {
        "Content-Length": [
          "1168"
        ],
        "Content-Type": [
          "application/json; charset=utf-8"
        ],
        "Expires": [
          "-1"
        ],
        "Pragma": [
          "no-cache"
        ],
        "x-ms-ratelimit-remaining-subscription-writes": [
          "1194"
        ],
        "x-ms-request-id": [
          "5979dfa7-077e-4329-8f2b-730335e96091"
        ],
        "x-ms-correlation-request-id": [
          "5979dfa7-077e-4329-8f2b-730335e96091"
        ],
        "x-ms-routing-request-id": [
          "CENTRALUS:20161027T041939Z:5979dfa7-077e-4329-8f2b-730335e96091"
        ],
        "Strict-Transport-Security": [
          "max-age=31536000; includeSubDomains"
        ],
        "Cache-Control": [
          "no-cache"
        ],
        "Date": [
          "Thu, 27 Oct 2016 04:19:39 GMT"
        ]
      },
      "StatusCode": 200
    },
    {
      "RequestUri": "/subscriptions/53d9063d-87ae-4ea8-be90-3686c3b8669f/providers/Microsoft.DataLakeStore?api-version=2016-02-01",
      "EncodedRequestUri": "L3N1YnNjcmlwdGlvbnMvNTNkOTA2M2QtODdhZS00ZWE4LWJlOTAtMzY4NmMzYjg2NjlmL3Byb3ZpZGVycy9NaWNyb3NvZnQuRGF0YUxha2VTdG9yZT9hcGktdmVyc2lvbj0yMDE2LTAyLTAx",
      "RequestMethod": "GET",
      "RequestBody": "",
      "RequestHeaders": {
        "User-Agent": [
          "Microsoft.Azure.Management.Resources.ResourceManagementClient/2.0.0.0"
        ]
      },
      "ResponseBody": "{\r\n  \"id\": \"/subscriptions/53d9063d-87ae-4ea8-be90-3686c3b8669f/providers/Microsoft.DataLakeStore\",\r\n  \"namespace\": \"Microsoft.DataLakeStore\",\r\n  \"authorization\": {\r\n    \"applicationId\": \"e9f49c6b-5ce5-44c8-925d-015017e9f7ad\",\r\n    \"roleDefinitionId\": \"17eb9cca-f08a-4499-b2d3-852d175f614f\"\r\n  },\r\n  \"resourceTypes\": [\r\n    {\r\n      \"resourceType\": \"accounts\",\r\n      \"locations\": [\r\n        \"East US 2\"\r\n      ],\r\n      \"apiVersions\": [\r\n        \"2016-11-01\",\r\n        \"2015-10-01-preview\"\r\n      ],\r\n      \"capabilities\": \"CrossResourceGroupResourceMove, CrossSubscriptionResourceMove, SystemAssignedResourceIdentity\"\r\n    },\r\n    {\r\n      \"resourceType\": \"accounts/firewallRules\",\r\n      \"locations\": [\r\n        \"East US 2\"\r\n      ],\r\n      \"apiVersions\": [\r\n        \"2016-11-01\",\r\n        \"2015-10-01-preview\"\r\n      ]\r\n    },\r\n    {\r\n      \"resourceType\": \"locations\",\r\n      \"locations\": [],\r\n      \"apiVersions\": [\r\n        \"2016-11-01\",\r\n        \"2015-10-01-preview\"\r\n      ]\r\n    },\r\n    {\r\n      \"resourceType\": \"locations/operationresults\",\r\n      \"locations\": [],\r\n      \"apiVersions\": [\r\n        \"2016-11-01\",\r\n        \"2015-10-01-preview\"\r\n      ]\r\n    },\r\n    {\r\n      \"resourceType\": \"locations/checkNameAvailability\",\r\n      \"locations\": [],\r\n      \"apiVersions\": [\r\n        \"2016-11-01\",\r\n        \"2015-10-01-preview\"\r\n      ]\r\n    },\r\n    {\r\n      \"resourceType\": \"locations/capability\",\r\n      \"locations\": [],\r\n      \"apiVersions\": [\r\n        \"2016-11-01\",\r\n        \"2015-10-01-preview\"\r\n      ]\r\n    },\r\n    {\r\n      \"resourceType\": \"operations\",\r\n      \"locations\": [],\r\n      \"apiVersions\": [\r\n        \"2016-11-01\",\r\n        \"2015-10-01-preview\"\r\n      ]\r\n    }\r\n  ],\r\n  \"registrationState\": \"Registered\"\r\n}",
      "ResponseHeaders": {
        "Content-Length": [
          "1168"
        ],
        "Content-Type": [
          "application/json; charset=utf-8"
        ],
        "Expires": [
          "-1"
        ],
        "Pragma": [
          "no-cache"
        ],
        "x-ms-ratelimit-remaining-subscription-reads": [
          "14981"
        ],
        "x-ms-request-id": [
          "b40d8848-4d50-4296-9ee6-bd246e363f9c"
        ],
        "x-ms-correlation-request-id": [
          "b40d8848-4d50-4296-9ee6-bd246e363f9c"
        ],
        "x-ms-routing-request-id": [
          "CENTRALUS:20161027T041939Z:b40d8848-4d50-4296-9ee6-bd246e363f9c"
        ],
        "Strict-Transport-Security": [
          "max-age=31536000; includeSubDomains"
        ],
        "Cache-Control": [
          "no-cache"
        ],
        "Date": [
          "Thu, 27 Oct 2016 04:19:39 GMT"
        ]
      },
      "StatusCode": 200
    },
    {
      "RequestUri": "/subscriptions/53d9063d-87ae-4ea8-be90-3686c3b8669f/resourcegroups/onesdk1769?api-version=2016-02-01",
      "EncodedRequestUri": "L3N1YnNjcmlwdGlvbnMvNTNkOTA2M2QtODdhZS00ZWE4LWJlOTAtMzY4NmMzYjg2NjlmL3Jlc291cmNlZ3JvdXBzL29uZXNkazE3Njk/YXBpLXZlcnNpb249MjAxNi0wMi0wMQ==",
      "RequestMethod": "PUT",
      "RequestBody": "{\r\n  \"location\": \"East US 2\"\r\n}",
      "RequestHeaders": {
        "Content-Type": [
          "application/json; charset=utf-8"
        ],
        "Content-Length": [
          "31"
        ],
        "User-Agent": [
          "Microsoft.Azure.Management.Resources.ResourceManagementClient/2.0.0.0"
        ]
      },
      "ResponseBody": "{\r\n  \"id\": \"/subscriptions/53d9063d-87ae-4ea8-be90-3686c3b8669f/resourceGroups/onesdk1769\",\r\n  \"name\": \"onesdk1769\",\r\n  \"location\": \"eastus2\",\r\n  \"properties\": {\r\n    \"provisioningState\": \"Succeeded\"\r\n  }\r\n}",
      "ResponseHeaders": {
        "Content-Length": [
          "174"
        ],
        "Content-Type": [
          "application/json; charset=utf-8"
        ],
        "Expires": [
          "-1"
        ],
        "Pragma": [
          "no-cache"
        ],
        "x-ms-ratelimit-remaining-subscription-writes": [
          "1193"
        ],
        "x-ms-request-id": [
          "e808e891-a5d4-4aff-b6bb-f021e28d4e63"
        ],
        "x-ms-correlation-request-id": [
          "e808e891-a5d4-4aff-b6bb-f021e28d4e63"
        ],
        "x-ms-routing-request-id": [
          "CENTRALUS:20161027T041941Z:e808e891-a5d4-4aff-b6bb-f021e28d4e63"
        ],
        "Strict-Transport-Security": [
          "max-age=31536000; includeSubDomains"
        ],
        "Cache-Control": [
          "no-cache"
        ],
        "Date": [
          "Thu, 27 Oct 2016 04:19:41 GMT"
        ]
      },
      "StatusCode": 201
    },
    {
      "RequestUri": "/subscriptions/53d9063d-87ae-4ea8-be90-3686c3b8669f/resourceGroups/onesdk1769/providers/Microsoft.DataLakeStore/accounts/onesdk1380?api-version=2016-11-01",
      "EncodedRequestUri": "L3N1YnNjcmlwdGlvbnMvNTNkOTA2M2QtODdhZS00ZWE4LWJlOTAtMzY4NmMzYjg2NjlmL3Jlc291cmNlR3JvdXBzL29uZXNkazE3NjkvcHJvdmlkZXJzL01pY3Jvc29mdC5EYXRhTGFrZVN0b3JlL2FjY291bnRzL29uZXNkazEzODA/YXBpLXZlcnNpb249MjAxNi0xMS0wMQ==",
      "RequestMethod": "GET",
      "RequestBody": "",
      "RequestHeaders": {
        "x-ms-client-request-id": [
          "38b12c25-b67a-46ca-9fa7-a555dd3d71bf"
        ],
        "accept-language": [
          "en-US"
        ],
        "User-Agent": [
          "Microsoft.Azure.Management.DataLake.Store.DataLakeStoreAccountManagementClient/0.12.8-preview"
        ]
      },
      "ResponseBody": "{\r\n  \"error\": {\r\n    \"code\": \"ResourceNotFound\",\r\n    \"message\": \"The Resource 'Microsoft.DataLakeStore/accounts/onesdk1380' under resource group 'onesdk1769' was not found.\"\r\n  }\r\n}",
      "ResponseHeaders": {
        "Content-Length": [
          "157"
        ],
        "Content-Type": [
          "application/json; charset=utf-8"
        ],
        "Expires": [
          "-1"
        ],
        "Pragma": [
          "no-cache"
        ],
        "x-ms-failure-cause": [
          "gateway"
        ],
        "x-ms-request-id": [
          "f5b52d61-5487-4204-a0bf-d69715947b29"
        ],
        "x-ms-correlation-request-id": [
          "f5b52d61-5487-4204-a0bf-d69715947b29"
        ],
        "x-ms-routing-request-id": [
          "CENTRALUS:20161027T041942Z:f5b52d61-5487-4204-a0bf-d69715947b29"
        ],
        "Strict-Transport-Security": [
          "max-age=31536000; includeSubDomains"
        ],
        "Cache-Control": [
          "no-cache"
        ],
        "Date": [
          "Thu, 27 Oct 2016 04:19:42 GMT"
        ]
      },
      "StatusCode": 404
    },
    {
      "RequestUri": "/subscriptions/53d9063d-87ae-4ea8-be90-3686c3b8669f/resourceGroups/onesdk1769/providers/Microsoft.DataLakeStore/accounts/onesdk1380?api-version=2016-11-01",
      "EncodedRequestUri": "L3N1YnNjcmlwdGlvbnMvNTNkOTA2M2QtODdhZS00ZWE4LWJlOTAtMzY4NmMzYjg2NjlmL3Jlc291cmNlR3JvdXBzL29uZXNkazE3NjkvcHJvdmlkZXJzL01pY3Jvc29mdC5EYXRhTGFrZVN0b3JlL2FjY291bnRzL29uZXNkazEzODA/YXBpLXZlcnNpb249MjAxNi0xMS0wMQ==",
      "RequestMethod": "GET",
      "RequestBody": "",
      "RequestHeaders": {
        "x-ms-client-request-id": [
          "3dabd788-f27b-4a9f-87ca-9b1461878328"
        ],
        "accept-language": [
          "en-US"
        ],
        "User-Agent": [
          "Microsoft.Azure.Management.DataLake.Store.DataLakeStoreAccountManagementClient/0.12.8-preview"
        ]
      },
      "ResponseBody": "{\r\n  \"error\": {\r\n    \"code\": \"ResourceNotFound\",\r\n    \"message\": \"The Resource 'Microsoft.DataLakeStore/accounts/onesdk1380' under resource group 'onesdk1769' was not found.\"\r\n  }\r\n}",
      "ResponseHeaders": {
        "Content-Length": [
          "157"
        ],
        "Content-Type": [
          "application/json; charset=utf-8"
        ],
        "Expires": [
          "-1"
        ],
        "Pragma": [
          "no-cache"
        ],
        "x-ms-failure-cause": [
          "gateway"
        ],
        "x-ms-request-id": [
          "02fdff9e-62d4-4c02-b2b1-5796d5702372"
        ],
        "x-ms-correlation-request-id": [
          "02fdff9e-62d4-4c02-b2b1-5796d5702372"
        ],
        "x-ms-routing-request-id": [
          "CENTRALUS:20161027T041942Z:02fdff9e-62d4-4c02-b2b1-5796d5702372"
        ],
        "Strict-Transport-Security": [
          "max-age=31536000; includeSubDomains"
        ],
        "Cache-Control": [
          "no-cache"
        ],
        "Date": [
          "Thu, 27 Oct 2016 04:19:42 GMT"
        ]
      },
      "StatusCode": 404
    },
    {
      "RequestUri": "/subscriptions/53d9063d-87ae-4ea8-be90-3686c3b8669f/resourceGroups/onesdk1769/providers/Microsoft.DataLakeStore/accounts/onesdk1380?api-version=2016-11-01",
      "EncodedRequestUri": "L3N1YnNjcmlwdGlvbnMvNTNkOTA2M2QtODdhZS00ZWE4LWJlOTAtMzY4NmMzYjg2NjlmL3Jlc291cmNlR3JvdXBzL29uZXNkazE3NjkvcHJvdmlkZXJzL01pY3Jvc29mdC5EYXRhTGFrZVN0b3JlL2FjY291bnRzL29uZXNkazEzODA/YXBpLXZlcnNpb249MjAxNi0xMS0wMQ==",
      "RequestMethod": "GET",
      "RequestBody": "",
      "RequestHeaders": {
        "User-Agent": [
          "Microsoft.Azure.Management.DataLake.Store.DataLakeStoreAccountManagementClient/0.12.8-preview"
        ]
      },
      "ResponseBody": "{\r\n  \"properties\": {\r\n    \"firewallState\": \"Disabled\",\r\n    \"firewallRules\": [],\r\n    \"trustedIdProviderState\": \"Disabled\",\r\n    \"trustedIdProviders\": [],\r\n    \"encryptionConfig\": {},\r\n    \"provisioningState\": \"Succeeded\",\r\n    \"state\": \"Active\",\r\n    \"endpoint\": \"onesdk1380.azuredatalakestore.net\",\r\n    \"accountId\": \"cbc25250-9ae4-4170-83d2-18265e3bd246\",\r\n    \"creationTime\": \"2016-10-27T04:19:46.3508311Z\",\r\n    \"lastModifiedTime\": \"2016-10-27T04:19:46.3508311Z\"\r\n  },\r\n  \"location\": \"East US 2\",\r\n  \"tags\": {},\r\n  \"id\": \"/subscriptions/53d9063d-87ae-4ea8-be90-3686c3b8669f/resourceGroups/onesdk1769/providers/Microsoft.DataLakeStore/accounts/onesdk1380\",\r\n  \"name\": \"onesdk1380\",\r\n  \"type\": \"Microsoft.DataLakeStore/accounts\"\r\n}",
      "ResponseHeaders": {
        "Content-Length": [
          "621"
        ],
        "Content-Type": [
          "application/json"
        ],
        "Expires": [
          "-1"
        ],
        "Pragma": [
          "no-cache"
        ],
        "x-ms-request-id": [
          "55eb2ab6-25f3-4f84-a064-0db2dc70a357"
        ],
        "X-Content-Type-Options": [
          "nosniff"
        ],
        "x-ms-ratelimit-remaining-subscription-reads": [
          "14980"
        ],
        "x-ms-correlation-request-id": [
          "150eccff-0fbf-47fc-9c81-11abc884d57f"
        ],
        "x-ms-routing-request-id": [
          "CENTRALUS:20161027T042015Z:150eccff-0fbf-47fc-9c81-11abc884d57f"
        ],
        "Strict-Transport-Security": [
          "max-age=31536000; includeSubDomains"
        ],
        "Connection": [
          "close"
        ],
        "Cache-Control": [
          "no-cache"
        ],
        "Date": [
          "Thu, 27 Oct 2016 04:20:15 GMT"
        ],
        "Server": [
          "Microsoft-IIS/8.5"
        ],
        "X-AspNet-Version": [
          "4.0.30319"
        ],
        "X-Powered-By": [
          "ASP.NET"
        ]
      },
      "StatusCode": 200
    },
    {
      "RequestUri": "/subscriptions/53d9063d-87ae-4ea8-be90-3686c3b8669f/resourceGroups/onesdk1769/providers/Microsoft.DataLakeStore/accounts/onesdk1380?api-version=2016-11-01",
      "EncodedRequestUri": "L3N1YnNjcmlwdGlvbnMvNTNkOTA2M2QtODdhZS00ZWE4LWJlOTAtMzY4NmMzYjg2NjlmL3Jlc291cmNlR3JvdXBzL29uZXNkazE3NjkvcHJvdmlkZXJzL01pY3Jvc29mdC5EYXRhTGFrZVN0b3JlL2FjY291bnRzL29uZXNkazEzODA/YXBpLXZlcnNpb249MjAxNi0xMS0wMQ==",
      "RequestMethod": "GET",
      "RequestBody": "",
      "RequestHeaders": {
        "x-ms-client-request-id": [
          "56052a15-19e7-4465-9412-010777805d89"
        ],
        "accept-language": [
          "en-US"
        ],
        "User-Agent": [
          "Microsoft.Azure.Management.DataLake.Store.DataLakeStoreAccountManagementClient/0.12.8-preview"
        ]
      },
      "ResponseBody": "{\r\n  \"properties\": {\r\n    \"firewallState\": \"Disabled\",\r\n    \"firewallRules\": [],\r\n    \"trustedIdProviderState\": \"Disabled\",\r\n    \"trustedIdProviders\": [],\r\n    \"encryptionConfig\": {},\r\n    \"provisioningState\": \"Succeeded\",\r\n    \"state\": \"Active\",\r\n    \"endpoint\": \"onesdk1380.azuredatalakestore.net\",\r\n    \"accountId\": \"cbc25250-9ae4-4170-83d2-18265e3bd246\",\r\n    \"creationTime\": \"2016-10-27T04:19:46.3508311Z\",\r\n    \"lastModifiedTime\": \"2016-10-27T04:19:46.3508311Z\"\r\n  },\r\n  \"location\": \"East US 2\",\r\n  \"tags\": {},\r\n  \"id\": \"/subscriptions/53d9063d-87ae-4ea8-be90-3686c3b8669f/resourceGroups/onesdk1769/providers/Microsoft.DataLakeStore/accounts/onesdk1380\",\r\n  \"name\": \"onesdk1380\",\r\n  \"type\": \"Microsoft.DataLakeStore/accounts\"\r\n}",
      "ResponseHeaders": {
        "Content-Length": [
          "621"
        ],
        "Content-Type": [
          "application/json"
        ],
        "Expires": [
          "-1"
        ],
        "Pragma": [
          "no-cache"
        ],
        "x-ms-request-id": [
          "55b07276-d32a-43b5-b532-95e72c454f56"
        ],
        "X-Content-Type-Options": [
          "nosniff"
        ],
        "x-ms-ratelimit-remaining-subscription-reads": [
          "14970"
        ],
        "x-ms-correlation-request-id": [
          "162150d2-45b1-49f7-8677-0b6f1d323e74"
        ],
        "x-ms-routing-request-id": [
          "CENTRALUS:20161027T042016Z:162150d2-45b1-49f7-8677-0b6f1d323e74"
        ],
        "Strict-Transport-Security": [
          "max-age=31536000; includeSubDomains"
        ],
        "Connection": [
          "close"
        ],
        "Cache-Control": [
          "no-cache"
        ],
        "Date": [
          "Thu, 27 Oct 2016 04:20:16 GMT"
        ],
        "Server": [
          "Microsoft-IIS/8.5"
        ],
        "X-AspNet-Version": [
          "4.0.30319"
        ],
        "X-Powered-By": [
          "ASP.NET"
        ]
      },
      "StatusCode": 200
    },
    {
      "RequestUri": "/subscriptions/53d9063d-87ae-4ea8-be90-3686c3b8669f/resourceGroups/onesdk1769/providers/Microsoft.DataLakeStore/accounts/onesdk1380?api-version=2016-11-01",
      "EncodedRequestUri": "L3N1YnNjcmlwdGlvbnMvNTNkOTA2M2QtODdhZS00ZWE4LWJlOTAtMzY4NmMzYjg2NjlmL3Jlc291cmNlR3JvdXBzL29uZXNkazE3NjkvcHJvdmlkZXJzL01pY3Jvc29mdC5EYXRhTGFrZVN0b3JlL2FjY291bnRzL29uZXNkazEzODA/YXBpLXZlcnNpb249MjAxNi0xMS0wMQ==",
      "RequestMethod": "GET",
      "RequestBody": "",
      "RequestHeaders": {
        "x-ms-client-request-id": [
          "4f92bb99-b443-4a92-b4b5-0d9d2cac7ef1"
        ],
        "accept-language": [
          "en-US"
        ],
        "User-Agent": [
          "Microsoft.Azure.Management.DataLake.Store.DataLakeStoreAccountManagementClient/0.12.8-preview"
        ]
      },
      "ResponseBody": "{\r\n  \"properties\": {\r\n    \"firewallState\": \"Disabled\",\r\n    \"firewallRules\": [],\r\n    \"trustedIdProviderState\": \"Disabled\",\r\n    \"trustedIdProviders\": [],\r\n    \"encryptionConfig\": {},\r\n    \"provisioningState\": \"Succeeded\",\r\n    \"state\": \"Active\",\r\n    \"endpoint\": \"onesdk1380.azuredatalakestore.net\",\r\n    \"accountId\": \"cbc25250-9ae4-4170-83d2-18265e3bd246\",\r\n    \"creationTime\": \"2016-10-27T04:19:46.3508311Z\",\r\n    \"lastModifiedTime\": \"2016-10-27T04:19:46.3508311Z\"\r\n  },\r\n  \"location\": \"East US 2\",\r\n  \"tags\": {},\r\n  \"id\": \"/subscriptions/53d9063d-87ae-4ea8-be90-3686c3b8669f/resourceGroups/onesdk1769/providers/Microsoft.DataLakeStore/accounts/onesdk1380\",\r\n  \"name\": \"onesdk1380\",\r\n  \"type\": \"Microsoft.DataLakeStore/accounts\"\r\n}",
      "ResponseHeaders": {
        "Content-Length": [
          "621"
        ],
        "Content-Type": [
          "application/json"
        ],
        "Expires": [
          "-1"
        ],
        "Pragma": [
          "no-cache"
        ],
        "x-ms-request-id": [
          "dd97fdd5-df0f-412f-a0c1-0777432513b4"
        ],
        "X-Content-Type-Options": [
          "nosniff"
        ],
        "x-ms-ratelimit-remaining-subscription-reads": [
          "14963"
        ],
        "x-ms-correlation-request-id": [
          "1cc460a2-4826-4538-86f7-fe5c3ea94c7e"
        ],
        "x-ms-routing-request-id": [
          "CENTRALUS:20161027T042019Z:1cc460a2-4826-4538-86f7-fe5c3ea94c7e"
        ],
        "Strict-Transport-Security": [
          "max-age=31536000; includeSubDomains"
        ],
        "Connection": [
          "close"
        ],
        "Cache-Control": [
          "no-cache"
        ],
        "Date": [
          "Thu, 27 Oct 2016 04:20:19 GMT"
        ],
        "Server": [
          "Microsoft-IIS/8.5"
        ],
        "X-AspNet-Version": [
          "4.0.30319"
        ],
        "X-Powered-By": [
          "ASP.NET"
        ]
      },
      "StatusCode": 200
    },
    {
      "RequestUri": "/subscriptions/53d9063d-87ae-4ea8-be90-3686c3b8669f/resourceGroups/onesdk1769/providers/Microsoft.DataLakeStore/accounts/onesdk1380?api-version=2016-11-01",
      "EncodedRequestUri": "L3N1YnNjcmlwdGlvbnMvNTNkOTA2M2QtODdhZS00ZWE4LWJlOTAtMzY4NmMzYjg2NjlmL3Jlc291cmNlR3JvdXBzL29uZXNkazE3NjkvcHJvdmlkZXJzL01pY3Jvc29mdC5EYXRhTGFrZVN0b3JlL2FjY291bnRzL29uZXNkazEzODA/YXBpLXZlcnNpb249MjAxNi0xMS0wMQ==",
      "RequestMethod": "GET",
      "RequestBody": "",
      "RequestHeaders": {
        "x-ms-client-request-id": [
          "bf85dd87-542e-4472-bab5-568cbd2028f5"
        ],
        "accept-language": [
          "en-US"
        ],
        "User-Agent": [
          "Microsoft.Azure.Management.DataLake.Store.DataLakeStoreAccountManagementClient/0.12.8-preview"
        ]
      },
      "ResponseBody": "{\r\n  \"error\": {\r\n    \"code\": \"ResourceNotFound\",\r\n    \"message\": \"The Resource 'Microsoft.DataLakeStore/accounts/onesdk1380' under resource group 'onesdk1769' was not found.\"\r\n  }\r\n}",
      "ResponseHeaders": {
        "Content-Length": [
          "157"
        ],
        "Content-Type": [
          "application/json; charset=utf-8"
        ],
        "Expires": [
          "-1"
        ],
        "Pragma": [
          "no-cache"
        ],
        "x-ms-failure-cause": [
          "gateway"
        ],
        "x-ms-request-id": [
          "2121e968-151c-4d8b-8378-767b0c2773c7"
        ],
        "x-ms-correlation-request-id": [
          "2121e968-151c-4d8b-8378-767b0c2773c7"
        ],
        "x-ms-routing-request-id": [
          "CENTRALUS:20161027T042021Z:2121e968-151c-4d8b-8378-767b0c2773c7"
        ],
        "Strict-Transport-Security": [
          "max-age=31536000; includeSubDomains"
        ],
        "Cache-Control": [
          "no-cache"
        ],
        "Date": [
          "Thu, 27 Oct 2016 04:20:21 GMT"
        ]
      },
      "StatusCode": 404
    },
    {
      "RequestUri": "/subscriptions/53d9063d-87ae-4ea8-be90-3686c3b8669f/resourceGroups/onesdk1769/providers/Microsoft.DataLakeStore/accounts/onesdk1380?api-version=2016-11-01",
      "EncodedRequestUri": "L3N1YnNjcmlwdGlvbnMvNTNkOTA2M2QtODdhZS00ZWE4LWJlOTAtMzY4NmMzYjg2NjlmL3Jlc291cmNlR3JvdXBzL29uZXNkazE3NjkvcHJvdmlkZXJzL01pY3Jvc29mdC5EYXRhTGFrZVN0b3JlL2FjY291bnRzL29uZXNkazEzODA/YXBpLXZlcnNpb249MjAxNi0xMS0wMQ==",
      "RequestMethod": "GET",
      "RequestBody": "",
      "RequestHeaders": {
        "x-ms-client-request-id": [
          "e9b170ee-fa3d-4b93-a576-ac6444a5e60e"
        ],
        "accept-language": [
          "en-US"
        ],
        "User-Agent": [
          "Microsoft.Azure.Management.DataLake.Store.DataLakeStoreAccountManagementClient/0.12.8-preview"
        ]
      },
      "ResponseBody": "{\r\n  \"error\": {\r\n    \"code\": \"ResourceNotFound\",\r\n    \"message\": \"The Resource 'Microsoft.DataLakeStore/accounts/onesdk1380' under resource group 'onesdk1769' was not found.\"\r\n  }\r\n}",
      "ResponseHeaders": {
        "Content-Length": [
          "157"
        ],
        "Content-Type": [
          "application/json; charset=utf-8"
        ],
        "Expires": [
          "-1"
        ],
        "Pragma": [
          "no-cache"
        ],
        "x-ms-failure-cause": [
          "gateway"
        ],
        "x-ms-request-id": [
          "3d784a4c-507c-4852-baad-64aa6e4008f7"
        ],
        "x-ms-correlation-request-id": [
          "3d784a4c-507c-4852-baad-64aa6e4008f7"
        ],
        "x-ms-routing-request-id": [
          "CENTRALUS:20161027T042021Z:3d784a4c-507c-4852-baad-64aa6e4008f7"
        ],
        "Strict-Transport-Security": [
          "max-age=31536000; includeSubDomains"
        ],
        "Cache-Control": [
          "no-cache"
        ],
        "Date": [
          "Thu, 27 Oct 2016 04:20:21 GMT"
        ]
      },
      "StatusCode": 404
    },
    {
      "RequestUri": "/subscriptions/53d9063d-87ae-4ea8-be90-3686c3b8669f/resourceGroups/onesdk1769/providers/Microsoft.DataLakeStore/accounts/onesdk1380?api-version=2016-11-01",
      "EncodedRequestUri": "L3N1YnNjcmlwdGlvbnMvNTNkOTA2M2QtODdhZS00ZWE4LWJlOTAtMzY4NmMzYjg2NjlmL3Jlc291cmNlR3JvdXBzL29uZXNkazE3NjkvcHJvdmlkZXJzL01pY3Jvc29mdC5EYXRhTGFrZVN0b3JlL2FjY291bnRzL29uZXNkazEzODA/YXBpLXZlcnNpb249MjAxNi0xMS0wMQ==",
      "RequestMethod": "PUT",
      "RequestBody": "{\r\n  \"location\": \"East US 2\",\r\n  \"name\": \"onesdk1380\",\r\n  \"tags\": {},\r\n  \"properties\": {}\r\n}",
      "RequestHeaders": {
        "Content-Type": [
          "application/json; charset=utf-8"
        ],
        "Content-Length": [
          "92"
        ],
        "x-ms-client-request-id": [
          "e5acf9a8-ce1d-4fd5-b539-97be4387093d"
        ],
        "accept-language": [
          "en-US"
        ],
        "User-Agent": [
          "Microsoft.Azure.Management.DataLake.Store.DataLakeStoreAccountManagementClient/0.12.8-preview"
        ]
      },
      "ResponseBody": "{\r\n  \"properties\": {\r\n    \"provisioningState\": \"Creating\",\r\n    \"state\": null,\r\n    \"endpoint\": null,\r\n    \"accountId\": \"cbc25250-9ae4-4170-83d2-18265e3bd246\",\r\n    \"creationTime\": null,\r\n    \"lastModifiedTime\": null\r\n  },\r\n  \"location\": \"East US 2\",\r\n  \"tags\": {},\r\n  \"id\": \"/subscriptions/53d9063d-87ae-4ea8-be90-3686c3b8669f/resourceGroups/onesdk1769/providers/Microsoft.DataLakeStore/accounts/onesdk1380\",\r\n  \"name\": \"onesdk1380\",\r\n  \"type\": \"Microsoft.DataLakeStore/accounts\"\r\n}",
      "ResponseHeaders": {
        "Content-Length": [
          "405"
        ],
        "Content-Type": [
          "application/json"
        ],
        "Expires": [
          "-1"
        ],
        "Pragma": [
          "no-cache"
        ],
        "Retry-After": [
          "10"
        ],
        "Azure-AsyncOperation": [
          "https://management.azure.com/subscriptions/53d9063d-87ae-4ea8-be90-3686c3b8669f/providers/Microsoft.DataLakeStore/locations/EastUS2/operationResults/cbc25250-9ae4-4170-83d2-18265e3bd2460?api-version=2016-11-01&expanded=true"
        ],
        "x-ms-request-id": [
          "50ccba4a-1f51-4d5c-845d-2a9d37464e03"
        ],
        "X-Content-Type-Options": [
          "nosniff"
        ],
        "x-ms-ratelimit-remaining-subscription-writes": [
          "1188"
        ],
        "x-ms-correlation-request-id": [
          "a2327468-6414-4caa-a960-8da731d9089a"
        ],
        "x-ms-routing-request-id": [
          "CENTRALUS:20161027T041944Z:a2327468-6414-4caa-a960-8da731d9089a"
        ],
        "Strict-Transport-Security": [
          "max-age=31536000; includeSubDomains"
        ],
        "Connection": [
          "close"
        ],
        "Cache-Control": [
          "no-cache"
        ],
        "Date": [
          "Thu, 27 Oct 2016 04:19:44 GMT"
        ],
        "Location": [
          "https://management.azure.com/subscriptions/53d9063d-87ae-4ea8-be90-3686c3b8669f/resourcegroups/onesdk1769/providers/Microsoft.DataLakeStore/accounts/onesdk1380/operationresults/0?api-version=2016-11-01"
        ],
        "Server": [
          "Microsoft-IIS/8.5"
        ],
        "X-AspNet-Version": [
          "4.0.30319"
        ],
        "X-Powered-By": [
          "ASP.NET"
        ]
      },
      "StatusCode": 201
    },
    {
      "RequestUri": "/subscriptions/53d9063d-87ae-4ea8-be90-3686c3b8669f/providers/Microsoft.DataLakeStore/locations/EastUS2/operationResults/cbc25250-9ae4-4170-83d2-18265e3bd2460?api-version=2016-11-01&expanded=true",
      "EncodedRequestUri": "L3N1YnNjcmlwdGlvbnMvNTNkOTA2M2QtODdhZS00ZWE4LWJlOTAtMzY4NmMzYjg2NjlmL3Byb3ZpZGVycy9NaWNyb3NvZnQuRGF0YUxha2VTdG9yZS9sb2NhdGlvbnMvRWFzdFVTMi9vcGVyYXRpb25SZXN1bHRzL2NiYzI1MjUwLTlhZTQtNDE3MC04M2QyLTE4MjY1ZTNiZDI0NjA/YXBpLXZlcnNpb249MjAxNi0xMS0wMSZleHBhbmRlZD10cnVl",
      "RequestMethod": "GET",
      "RequestBody": "",
      "RequestHeaders": {
        "User-Agent": [
          "Microsoft.Azure.Management.DataLake.Store.DataLakeStoreAccountManagementClient/0.12.8-preview"
        ]
      },
      "ResponseBody": "{\r\n  \"status\": \"Succeeded\"\r\n}",
      "ResponseHeaders": {
        "Content-Length": [
          "22"
        ],
        "Content-Type": [
          "application/json"
        ],
        "Expires": [
          "-1"
        ],
        "Pragma": [
          "no-cache"
        ],
        "x-ms-request-id": [
          "948881d5-1e49-47b8-bd29-582a0a3cd3f1"
        ],
        "X-Content-Type-Options": [
          "nosniff"
        ],
        "x-ms-ratelimit-remaining-subscription-reads": [
          "14985"
        ],
        "x-ms-correlation-request-id": [
          "41ae8dab-c414-4cf9-a238-86acccb79835"
        ],
        "x-ms-routing-request-id": [
          "CENTRALUS:20161027T042015Z:41ae8dab-c414-4cf9-a238-86acccb79835"
        ],
        "Strict-Transport-Security": [
          "max-age=31536000; includeSubDomains"
        ],
        "Connection": [
          "close"
        ],
        "Cache-Control": [
          "no-cache"
        ],
        "Date": [
          "Thu, 27 Oct 2016 04:20:14 GMT"
        ],
        "Server": [
          "Microsoft-IIS/8.5"
        ],
        "X-AspNet-Version": [
          "4.0.30319"
        ],
        "X-Powered-By": [
          "ASP.NET"
        ]
      },
      "StatusCode": 200
    },
    {
      "RequestUri": "/webhdfs/v1/?op=MSGETACLSTATUS&api-version=2016-11-01",
      "EncodedRequestUri": "L3dlYmhkZnMvdjEvP29wPU1TR0VUQUNMU1RBVFVTJmFwaS12ZXJzaW9uPTIwMTYtMTEtMDE=",
      "RequestMethod": "GET",
      "RequestBody": "",
      "RequestHeaders": {
        "x-ms-client-request-id": [
          "ff938096-f7f4-4d01-a936-e61d3cfa0673"
        ],
        "accept-language": [
          "en-US"
        ],
        "User-Agent": [
          "Microsoft.Azure.Management.DataLake.Store.DataLakeStoreFileSystemManagementClient/0.12.8-preview"
        ]
      },
      "ResponseBody": "{\r\n  \"AclStatus\": {\r\n    \"entries\": [\r\n      \"user::rwx\",\r\n      \"group::rwx\",\r\n      \"other::---\"\r\n    ],\r\n    \"owner\": \"2e6c02d2-a364-4530-9137-d17403996cbf\",\r\n    \"group\": \"2e6c02d2-a364-4530-9137-d17403996cbf\",\r\n    \"permission\": \"770\",\r\n    \"stickyBit\": false\r\n  }\r\n}",
      "ResponseHeaders": {
        "Content-Length": [
          "196"
        ],
        "Content-Type": [
          "application/json; charset=utf-8"
        ],
        "Expires": [
          "-1"
        ],
        "Pragma": [
          "no-cache"
        ],
        "x-ms-request-id": [
          "41faeaf8-0ba3-44b3-bac8-324af24c8622"
        ],
        "x-ms-webhdfs-version": [
          "16.07.18.01"
        ],
        "Status": [
          "0x0"
        ],
        "X-Content-Type-Options": [
          "nosniff"
        ],
        "Strict-Transport-Security": [
          "max-age=15724800; includeSubDomains"
        ],
        "Cache-Control": [
          "no-store, no-cache, max-age=0"
        ],
        "Date": [
          "Thu, 27 Oct 2016 04:20:16 GMT"
        ]
      },
      "StatusCode": 200
    },
    {
      "RequestUri": "/webhdfs/v1/?op=MSGETACLSTATUS&api-version=2016-11-01",
      "EncodedRequestUri": "L3dlYmhkZnMvdjEvP29wPU1TR0VUQUNMU1RBVFVTJmFwaS12ZXJzaW9uPTIwMTYtMTEtMDE=",
      "RequestMethod": "GET",
      "RequestBody": "",
      "RequestHeaders": {
        "x-ms-client-request-id": [
          "18a59403-737d-4577-92ee-cff69e39d9c7"
        ],
        "accept-language": [
          "en-US"
        ],
        "User-Agent": [
          "Microsoft.Azure.Management.DataLake.Store.DataLakeStoreFileSystemManagementClient/0.12.8-preview"
        ]
      },
      "ResponseBody": "{\r\n  \"AclStatus\": {\r\n    \"entries\": [\r\n      \"user::rwx\",\r\n      \"user:027c28d5-c91d-49f0-98c5-d10134b169b3:rwx\",\r\n      \"group::rwx\",\r\n      \"mask::rwx\",\r\n      \"other::---\"\r\n    ],\r\n    \"owner\": \"2e6c02d2-a364-4530-9137-d17403996cbf\",\r\n    \"group\": \"2e6c02d2-a364-4530-9137-d17403996cbf\",\r\n    \"permission\": \"770\",\r\n    \"stickyBit\": false\r\n  }\r\n}",
      "ResponseHeaders": {
        "Content-Length": [
          "256"
        ],
        "Content-Type": [
          "application/json; charset=utf-8"
        ],
        "Expires": [
          "-1"
        ],
        "Pragma": [
          "no-cache"
        ],
        "x-ms-request-id": [
          "03b0c127-b05b-496b-94eb-e90e3454fe83"
        ],
        "x-ms-webhdfs-version": [
          "16.07.18.01"
        ],
        "Status": [
          "0x0"
        ],
        "X-Content-Type-Options": [
          "nosniff"
        ],
        "Strict-Transport-Security": [
          "max-age=15724800; includeSubDomains"
        ],
        "Cache-Control": [
          "no-store, no-cache, max-age=0"
        ],
        "Date": [
          "Thu, 27 Oct 2016 04:20:17 GMT"
        ]
      },
      "StatusCode": 200
    },
    {
      "RequestUri": "/webhdfs/v1/?op=MSGETACLSTATUS&api-version=2016-11-01",
      "EncodedRequestUri": "L3dlYmhkZnMvdjEvP29wPU1TR0VUQUNMU1RBVFVTJmFwaS12ZXJzaW9uPTIwMTYtMTEtMDE=",
      "RequestMethod": "GET",
      "RequestBody": "",
      "RequestHeaders": {
        "x-ms-client-request-id": [
          "9343d0f2-3c75-4f3c-8f64-ce61ec0c70c9"
        ],
        "accept-language": [
          "en-US"
        ],
        "User-Agent": [
          "Microsoft.Azure.Management.DataLake.Store.DataLakeStoreFileSystemManagementClient/0.12.8-preview"
        ]
      },
      "ResponseBody": "{\r\n  \"AclStatus\": {\r\n    \"entries\": [\r\n      \"user::rwx\",\r\n      \"group::rwx\",\r\n      \"mask::rwx\",\r\n      \"other::---\"\r\n    ],\r\n    \"owner\": \"2e6c02d2-a364-4530-9137-d17403996cbf\",\r\n    \"group\": \"2e6c02d2-a364-4530-9137-d17403996cbf\",\r\n    \"permission\": \"770\",\r\n    \"stickyBit\": false\r\n  }\r\n}",
      "ResponseHeaders": {
        "Content-Length": [
          "208"
        ],
        "Content-Type": [
          "application/json; charset=utf-8"
        ],
        "Expires": [
          "-1"
        ],
        "Pragma": [
          "no-cache"
        ],
        "x-ms-request-id": [
          "32a07f07-2080-476e-9885-fc9ee64d662a"
        ],
        "x-ms-webhdfs-version": [
          "16.07.18.01"
        ],
        "Status": [
          "0x0"
        ],
        "X-Content-Type-Options": [
          "nosniff"
        ],
        "Strict-Transport-Security": [
          "max-age=15724800; includeSubDomains"
        ],
        "Cache-Control": [
          "no-store, no-cache, max-age=0"
        ],
        "Date": [
          "Thu, 27 Oct 2016 04:20:17 GMT"
        ]
      },
      "StatusCode": 200
    },
    {
      "RequestUri": "/webhdfs/v1/?op=MSGETACLSTATUS&api-version=2016-11-01",
      "EncodedRequestUri": "L3dlYmhkZnMvdjEvP29wPU1TR0VUQUNMU1RBVFVTJmFwaS12ZXJzaW9uPTIwMTYtMTEtMDE=",
      "RequestMethod": "GET",
      "RequestBody": "",
      "RequestHeaders": {
        "x-ms-client-request-id": [
          "6603a346-8681-432a-89e6-9d97fffc6285"
        ],
        "accept-language": [
          "en-US"
        ],
        "User-Agent": [
          "Microsoft.Azure.Management.DataLake.Store.DataLakeStoreFileSystemManagementClient/0.12.8-preview"
        ]
      },
      "ResponseBody": "{\r\n  \"AclStatus\": {\r\n    \"entries\": [\r\n      \"user::rwx\",\r\n      \"user:027c28d5-c91d-49f0-98c5-d10134b169b3:rwx\",\r\n      \"group::rwx\",\r\n      \"mask::rwx\",\r\n      \"other::---\"\r\n    ],\r\n    \"owner\": \"2e6c02d2-a364-4530-9137-d17403996cbf\",\r\n    \"group\": \"2e6c02d2-a364-4530-9137-d17403996cbf\",\r\n    \"permission\": \"770\",\r\n    \"stickyBit\": false\r\n  }\r\n}",
      "ResponseHeaders": {
        "Content-Length": [
          "256"
        ],
        "Content-Type": [
          "application/json; charset=utf-8"
        ],
        "Expires": [
          "-1"
        ],
        "Pragma": [
          "no-cache"
        ],
        "x-ms-request-id": [
          "c74d4155-5025-4ead-a5bf-773207021587"
        ],
        "x-ms-webhdfs-version": [
          "16.07.18.01"
        ],
        "Status": [
          "0x0"
        ],
        "X-Content-Type-Options": [
          "nosniff"
        ],
        "Strict-Transport-Security": [
          "max-age=15724800; includeSubDomains"
        ],
        "Cache-Control": [
          "no-store, no-cache, max-age=0"
        ],
        "Date": [
          "Thu, 27 Oct 2016 04:20:17 GMT"
        ]
      },
      "StatusCode": 200
    },
    {
      "RequestUri": "/webhdfs/v1/?op=MSGETACLSTATUS&api-version=2016-11-01",
      "EncodedRequestUri": "L3dlYmhkZnMvdjEvP29wPU1TR0VUQUNMU1RBVFVTJmFwaS12ZXJzaW9uPTIwMTYtMTEtMDE=",
      "RequestMethod": "GET",
      "RequestBody": "",
      "RequestHeaders": {
        "x-ms-client-request-id": [
          "d8108411-8d7b-4067-9b7a-02a52a9928f4"
        ],
        "accept-language": [
          "en-US"
        ],
        "User-Agent": [
          "Microsoft.Azure.Management.DataLake.Store.DataLakeStoreFileSystemManagementClient/0.12.8-preview"
        ]
      },
      "ResponseBody": "{\r\n  \"AclStatus\": {\r\n    \"entries\": [\r\n      \"user::rwx\",\r\n      \"group::rwx\",\r\n      \"mask::rwx\",\r\n      \"other::---\"\r\n    ],\r\n    \"owner\": \"2e6c02d2-a364-4530-9137-d17403996cbf\",\r\n    \"group\": \"2e6c02d2-a364-4530-9137-d17403996cbf\",\r\n    \"permission\": \"770\",\r\n    \"stickyBit\": false\r\n  }\r\n}",
      "ResponseHeaders": {
        "Content-Length": [
          "208"
        ],
        "Content-Type": [
          "application/json; charset=utf-8"
        ],
        "Expires": [
          "-1"
        ],
        "Pragma": [
          "no-cache"
        ],
        "x-ms-request-id": [
          "70430772-47ad-4623-bff0-32f9e832491a"
        ],
        "x-ms-webhdfs-version": [
          "16.07.18.01"
        ],
        "Status": [
          "0x0"
        ],
        "X-Content-Type-Options": [
          "nosniff"
        ],
        "Strict-Transport-Security": [
          "max-age=15724800; includeSubDomains"
        ],
        "Cache-Control": [
          "no-store, no-cache, max-age=0"
        ],
        "Date": [
          "Thu, 27 Oct 2016 04:20:17 GMT"
        ]
      },
      "StatusCode": 200
    },
    {
      "RequestUri": "/webhdfs/v1/?op=MSGETACLSTATUS&api-version=2016-11-01",
      "EncodedRequestUri": "L3dlYmhkZnMvdjEvP29wPU1TR0VUQUNMU1RBVFVTJmFwaS12ZXJzaW9uPTIwMTYtMTEtMDE=",
      "RequestMethod": "GET",
      "RequestBody": "",
      "RequestHeaders": {
        "x-ms-client-request-id": [
          "3ad74ce2-c125-44e6-ba2a-2ed061ea7007"
        ],
        "accept-language": [
          "en-US"
        ],
        "User-Agent": [
          "Microsoft.Azure.Management.DataLake.Store.DataLakeStoreFileSystemManagementClient/0.12.8-preview"
        ]
      },
      "ResponseBody": "{\r\n  \"AclStatus\": {\r\n    \"entries\": [\r\n      \"user::rwx\",\r\n      \"user:027c28d5-c91d-49f0-98c5-d10134b169b3:rwx\",\r\n      \"group::rwx\",\r\n      \"mask::rwx\",\r\n      \"other::---\"\r\n    ],\r\n    \"owner\": \"2e6c02d2-a364-4530-9137-d17403996cbf\",\r\n    \"group\": \"2e6c02d2-a364-4530-9137-d17403996cbf\",\r\n    \"permission\": \"770\",\r\n    \"stickyBit\": false\r\n  }\r\n}",
      "ResponseHeaders": {
        "Content-Length": [
          "256"
        ],
        "Content-Type": [
          "application/json; charset=utf-8"
        ],
        "Expires": [
          "-1"
        ],
        "Pragma": [
          "no-cache"
        ],
        "x-ms-request-id": [
          "b0425df3-b6e6-483c-88b9-a840d861701e"
        ],
        "x-ms-webhdfs-version": [
          "16.07.18.01"
        ],
        "Status": [
          "0x0"
        ],
        "X-Content-Type-Options": [
          "nosniff"
        ],
        "Strict-Transport-Security": [
          "max-age=15724800; includeSubDomains"
        ],
        "Cache-Control": [
          "no-store, no-cache, max-age=0"
        ],
        "Date": [
          "Thu, 27 Oct 2016 04:20:17 GMT"
        ]
      },
      "StatusCode": 200
    },
    {
      "RequestUri": "/webhdfs/v1/?op=MSGETACLSTATUS&api-version=2016-11-01",
      "EncodedRequestUri": "L3dlYmhkZnMvdjEvP29wPU1TR0VUQUNMU1RBVFVTJmFwaS12ZXJzaW9uPTIwMTYtMTEtMDE=",
      "RequestMethod": "GET",
      "RequestBody": "",
      "RequestHeaders": {
        "x-ms-client-request-id": [
          "90a48468-f0d3-4aa6-8eaf-5df6c3402aac"
        ],
        "accept-language": [
          "en-US"
        ],
        "User-Agent": [
          "Microsoft.Azure.Management.DataLake.Store.DataLakeStoreFileSystemManagementClient/0.12.8-preview"
        ]
      },
      "ResponseBody": "{\r\n  \"AclStatus\": {\r\n    \"entries\": [\r\n      \"user::rwx\",\r\n      \"group::rwx\",\r\n      \"mask::rwx\",\r\n      \"other::---\"\r\n    ],\r\n    \"owner\": \"2e6c02d2-a364-4530-9137-d17403996cbf\",\r\n    \"group\": \"2e6c02d2-a364-4530-9137-d17403996cbf\",\r\n    \"permission\": \"770\",\r\n    \"stickyBit\": false\r\n  }\r\n}",
      "ResponseHeaders": {
        "Content-Length": [
          "208"
        ],
        "Content-Type": [
          "application/json; charset=utf-8"
        ],
        "Expires": [
          "-1"
        ],
        "Pragma": [
          "no-cache"
        ],
        "x-ms-request-id": [
          "9a1b6e1d-1a85-4fb0-8c07-63ee9fa63c12"
        ],
        "x-ms-webhdfs-version": [
          "16.07.18.01"
        ],
        "Status": [
          "0x0"
        ],
        "X-Content-Type-Options": [
          "nosniff"
        ],
        "Strict-Transport-Security": [
          "max-age=15724800; includeSubDomains"
        ],
        "Cache-Control": [
          "no-store, no-cache, max-age=0"
        ],
        "Date": [
          "Thu, 27 Oct 2016 04:20:18 GMT"
        ]
      },
      "StatusCode": 200
    },
    {
      "RequestUri": "/webhdfs/v1/?op=MSGETACLSTATUS&api-version=2016-11-01",
      "EncodedRequestUri": "L3dlYmhkZnMvdjEvP29wPU1TR0VUQUNMU1RBVFVTJmFwaS12ZXJzaW9uPTIwMTYtMTEtMDE=",
      "RequestMethod": "GET",
      "RequestBody": "",
      "RequestHeaders": {
        "x-ms-client-request-id": [
          "c1807861-3c56-4a0a-abd0-e2d0106e651b"
        ],
        "accept-language": [
          "en-US"
        ],
        "User-Agent": [
          "Microsoft.Azure.Management.DataLake.Store.DataLakeStoreFileSystemManagementClient/0.12.8-preview"
        ]
      },
      "ResponseBody": "{\r\n  \"AclStatus\": {\r\n    \"entries\": [\r\n      \"user::rwx\",\r\n      \"group::rwx\",\r\n      \"mask::rwx\",\r\n      \"other::---\"\r\n    ],\r\n    \"owner\": \"2e6c02d2-a364-4530-9137-d17403996cbf\",\r\n    \"group\": \"2e6c02d2-a364-4530-9137-d17403996cbf\",\r\n    \"permission\": \"770\",\r\n    \"stickyBit\": false\r\n  }\r\n}",
      "ResponseHeaders": {
        "Content-Length": [
          "208"
        ],
        "Content-Type": [
          "application/json; charset=utf-8"
        ],
        "Expires": [
          "-1"
        ],
        "Pragma": [
          "no-cache"
        ],
        "x-ms-request-id": [
          "87660d14-f3fd-48e7-9c31-f7c6dcff62e8"
        ],
        "x-ms-webhdfs-version": [
          "16.07.18.01"
        ],
        "Status": [
          "0x0"
        ],
        "X-Content-Type-Options": [
          "nosniff"
        ],
        "Strict-Transport-Security": [
          "max-age=15724800; includeSubDomains"
        ],
        "Cache-Control": [
          "no-store, no-cache, max-age=0"
        ],
        "Date": [
          "Thu, 27 Oct 2016 04:20:18 GMT"
        ]
      },
      "StatusCode": 200
    },
    {
      "RequestUri": "/webhdfs/v1/?op=MSGETACLSTATUS&api-version=2016-11-01",
      "EncodedRequestUri": "L3dlYmhkZnMvdjEvP29wPU1TR0VUQUNMU1RBVFVTJmFwaS12ZXJzaW9uPTIwMTYtMTEtMDE=",
      "RequestMethod": "GET",
      "RequestBody": "",
      "RequestHeaders": {
        "x-ms-client-request-id": [
          "f99340f0-eb0d-425b-b0a8-acba8b199900"
        ],
        "accept-language": [
          "en-US"
        ],
        "User-Agent": [
          "Microsoft.Azure.Management.DataLake.Store.DataLakeStoreFileSystemManagementClient/0.12.8-preview"
        ]
      },
      "ResponseBody": "{\r\n  \"AclStatus\": {\r\n    \"entries\": [\r\n      \"user::rwx\",\r\n      \"group::rwx\",\r\n      \"other::---\"\r\n    ],\r\n    \"owner\": \"2e6c02d2-a364-4530-9137-d17403996cbf\",\r\n    \"group\": \"2e6c02d2-a364-4530-9137-d17403996cbf\",\r\n    \"permission\": \"770\",\r\n    \"stickyBit\": false\r\n  }\r\n}",
      "ResponseHeaders": {
        "Content-Length": [
          "196"
        ],
        "Content-Type": [
          "application/json; charset=utf-8"
        ],
        "Expires": [
          "-1"
        ],
        "Pragma": [
          "no-cache"
        ],
        "x-ms-request-id": [
          "bd3f1a44-0a19-44a1-9a63-3a726ea5af05"
        ],
        "x-ms-webhdfs-version": [
          "16.07.18.01"
        ],
        "Status": [
          "0x0"
        ],
        "X-Content-Type-Options": [
          "nosniff"
        ],
        "Strict-Transport-Security": [
          "max-age=15724800; includeSubDomains"
        ],
        "Cache-Control": [
          "no-store, no-cache, max-age=0"
        ],
        "Date": [
          "Thu, 27 Oct 2016 04:20:18 GMT"
        ]
      },
      "StatusCode": 200
    },
    {
      "RequestUri": "/webhdfs/v1/?aclspec=user::rwx%2Cgroup::rwx%2Cother::---%2Cuser:027c28d5-c91d-49f0-98c5-d10134b169b3:rwx&op=SETACL&api-version=2016-11-01",
      "EncodedRequestUri": "L3dlYmhkZnMvdjEvP2FjbHNwZWM9dXNlciUzQSUzQXJ3eCUyQ2dyb3VwJTNBJTNBcnd4JTJDb3RoZXIlM0ElM0EtLS0lMkN1c2VyJTNBMDI3YzI4ZDUtYzkxZC00OWYwLTk4YzUtZDEwMTM0YjE2OWIzJTNBcnd4Jm9wPVNFVEFDTCZhcGktdmVyc2lvbj0yMDE2LTExLTAx",
      "RequestMethod": "PUT",
      "RequestBody": "",
      "RequestHeaders": {
        "x-ms-client-request-id": [
          "9ab46ede-75a3-461e-ba58-b1aea168027b"
        ],
        "accept-language": [
          "en-US"
        ],
        "User-Agent": [
          "Microsoft.Azure.Management.DataLake.Store.DataLakeStoreFileSystemManagementClient/0.12.8-preview"
        ]
      },
      "ResponseBody": "",
      "ResponseHeaders": {
        "Content-Length": [
          "0"
        ],
        "Expires": [
          "-1"
        ],
        "Pragma": [
          "no-cache"
        ],
        "x-ms-request-id": [
          "5e945b13-95cc-471e-a0cf-d6291b0fda0d"
        ],
        "ContentLength": [
          "0"
        ],
        "x-ms-webhdfs-version": [
          "16.07.18.01"
        ],
        "Status": [
          "0x0"
        ],
        "X-Content-Type-Options": [
          "nosniff"
        ],
        "Strict-Transport-Security": [
          "max-age=15724800; includeSubDomains"
        ],
        "Cache-Control": [
          "no-store, no-cache, max-age=0"
        ],
        "Date": [
          "Thu, 27 Oct 2016 04:20:16 GMT"
        ]
      },
      "StatusCode": 200
    },
    {
      "RequestUri": "/webhdfs/v1/?aclspec=user::rwx%2Cgroup::rwx%2Cmask::rwx%2Cother::---&op=SETACL&api-version=2016-11-01",
      "EncodedRequestUri": "L3dlYmhkZnMvdjEvP2FjbHNwZWM9dXNlciUzQSUzQXJ3eCUyQ2dyb3VwJTNBJTNBcnd4JTJDbWFzayUzQSUzQXJ3eCUyQ290aGVyJTNBJTNBLS0tJm9wPVNFVEFDTCZhcGktdmVyc2lvbj0yMDE2LTExLTAx",
      "RequestMethod": "PUT",
      "RequestBody": "",
      "RequestHeaders": {
        "x-ms-client-request-id": [
          "697a20f6-a8a8-42ab-8c77-481b0bb42323"
        ],
        "accept-language": [
          "en-US"
        ],
        "User-Agent": [
          "Microsoft.Azure.Management.DataLake.Store.DataLakeStoreFileSystemManagementClient/0.12.8-preview"
        ]
      },
      "ResponseBody": "",
      "ResponseHeaders": {
        "Content-Length": [
          "0"
        ],
        "Expires": [
          "-1"
        ],
        "Pragma": [
          "no-cache"
        ],
        "x-ms-request-id": [
          "56eb99b0-cac9-4a71-99aa-fa76c6b7cbde"
        ],
        "ContentLength": [
          "0"
        ],
        "x-ms-webhdfs-version": [
          "16.07.18.01"
        ],
        "Status": [
          "0x0"
        ],
        "X-Content-Type-Options": [
          "nosniff"
        ],
        "Strict-Transport-Security": [
          "max-age=15724800; includeSubDomains"
        ],
        "Cache-Control": [
          "no-store, no-cache, max-age=0"
        ],
        "Date": [
          "Thu, 27 Oct 2016 04:20:17 GMT"
        ]
      },
      "StatusCode": 200
    },
    {
      "RequestUri": "/webhdfs/v1/?aclspec=user:027c28d5-c91d-49f0-98c5-d10134b169b3:rwx&op=MODIFYACLENTRIES&api-version=2016-11-01",
      "EncodedRequestUri": "L3dlYmhkZnMvdjEvP2FjbHNwZWM9dXNlciUzQTAyN2MyOGQ1LWM5MWQtNDlmMC05OGM1LWQxMDEzNGIxNjliMyUzQXJ3eCZvcD1NT0RJRllBQ0xFTlRSSUVTJmFwaS12ZXJzaW9uPTIwMTYtMTEtMDE=",
      "RequestMethod": "PUT",
      "RequestBody": "",
      "RequestHeaders": {
        "x-ms-client-request-id": [
          "999bf5e7-4914-40f3-85f8-a19fbe4a5ce2"
        ],
        "accept-language": [
          "en-US"
        ],
        "User-Agent": [
          "Microsoft.Azure.Management.DataLake.Store.DataLakeStoreFileSystemManagementClient/0.12.8-preview"
        ]
      },
      "ResponseBody": "",
      "ResponseHeaders": {
        "Content-Length": [
          "0"
        ],
        "Expires": [
          "-1"
        ],
        "Pragma": [
          "no-cache"
        ],
        "x-ms-request-id": [
          "0e781219-8707-4a3a-91fd-71b159f0a7a9"
        ],
        "ContentLength": [
          "0"
        ],
        "x-ms-webhdfs-version": [
          "16.07.18.01"
        ],
        "Status": [
          "0x0"
        ],
        "X-Content-Type-Options": [
          "nosniff"
        ],
        "Strict-Transport-Security": [
          "max-age=15724800; includeSubDomains"
        ],
        "Cache-Control": [
          "no-store, no-cache, max-age=0"
        ],
        "Date": [
          "Thu, 27 Oct 2016 04:20:17 GMT"
        ]
      },
      "StatusCode": 200
    },
    {
      "RequestUri": "/webhdfs/v1/?aclspec=user:027c28d5-c91d-49f0-98c5-d10134b169b3:rwx&op=MODIFYACLENTRIES&api-version=2016-11-01",
      "EncodedRequestUri": "L3dlYmhkZnMvdjEvP2FjbHNwZWM9dXNlciUzQTAyN2MyOGQ1LWM5MWQtNDlmMC05OGM1LWQxMDEzNGIxNjliMyUzQXJ3eCZvcD1NT0RJRllBQ0xFTlRSSUVTJmFwaS12ZXJzaW9uPTIwMTYtMTEtMDE=",
      "RequestMethod": "PUT",
      "RequestBody": "",
      "RequestHeaders": {
        "x-ms-client-request-id": [
          "02c1a425-d0df-4391-a449-6057668d40da"
        ],
        "accept-language": [
          "en-US"
        ],
        "User-Agent": [
          "Microsoft.Azure.Management.DataLake.Store.DataLakeStoreFileSystemManagementClient/0.12.8-preview"
        ]
      },
      "ResponseBody": "",
      "ResponseHeaders": {
        "Content-Length": [
          "0"
        ],
        "Expires": [
          "-1"
        ],
        "Pragma": [
          "no-cache"
        ],
        "x-ms-request-id": [
          "7eb99211-87c0-4aae-bc15-664c17b73ab4"
        ],
        "ContentLength": [
          "0"
        ],
        "x-ms-webhdfs-version": [
          "16.07.18.01"
        ],
        "Status": [
          "0x0"
        ],
        "X-Content-Type-Options": [
          "nosniff"
        ],
        "Strict-Transport-Security": [
          "max-age=15724800; includeSubDomains"
        ],
        "Cache-Control": [
          "no-store, no-cache, max-age=0"
        ],
        "Date": [
          "Thu, 27 Oct 2016 04:20:17 GMT"
        ]
      },
      "StatusCode": 200
    },
    {
      "RequestUri": "/webhdfs/v1/?aclspec=user:027c28d5-c91d-49f0-98c5-d10134b169b3&op=REMOVEACLENTRIES&api-version=2016-11-01",
      "EncodedRequestUri": "L3dlYmhkZnMvdjEvP2FjbHNwZWM9dXNlciUzQTAyN2MyOGQ1LWM5MWQtNDlmMC05OGM1LWQxMDEzNGIxNjliMyZvcD1SRU1PVkVBQ0xFTlRSSUVTJmFwaS12ZXJzaW9uPTIwMTYtMTEtMDE=",
      "RequestMethod": "PUT",
      "RequestBody": "",
      "RequestHeaders": {
        "x-ms-client-request-id": [
          "3fc07c6c-c402-4dd4-9c2e-c642e4bd7515"
        ],
        "accept-language": [
          "en-US"
        ],
        "User-Agent": [
          "Microsoft.Azure.Management.DataLake.Store.DataLakeStoreFileSystemManagementClient/0.12.8-preview"
        ]
      },
      "ResponseBody": "",
      "ResponseHeaders": {
        "Content-Length": [
          "0"
        ],
        "Expires": [
          "-1"
        ],
        "Pragma": [
          "no-cache"
        ],
        "x-ms-request-id": [
          "aa6e0d37-1ea4-40d1-9fc2-231389e6c0d6"
        ],
        "ContentLength": [
          "0"
        ],
        "x-ms-webhdfs-version": [
          "16.07.18.01"
        ],
        "Status": [
          "0x0"
        ],
        "X-Content-Type-Options": [
          "nosniff"
        ],
        "Strict-Transport-Security": [
          "max-age=15724800; includeSubDomains"
        ],
        "Cache-Control": [
          "no-store, no-cache, max-age=0"
        ],
        "Date": [
          "Thu, 27 Oct 2016 04:20:17 GMT"
        ]
      },
      "StatusCode": 200
    },
    {
      "RequestUri": "/webhdfs/v1/?aclspec=user:027c28d5-c91d-49f0-98c5-d10134b169b3&op=REMOVEACLENTRIES&api-version=2016-11-01",
      "EncodedRequestUri": "L3dlYmhkZnMvdjEvP2FjbHNwZWM9dXNlciUzQTAyN2MyOGQ1LWM5MWQtNDlmMC05OGM1LWQxMDEzNGIxNjliMyZvcD1SRU1PVkVBQ0xFTlRSSUVTJmFwaS12ZXJzaW9uPTIwMTYtMTEtMDE=",
      "RequestMethod": "PUT",
      "RequestBody": "",
      "RequestHeaders": {
        "x-ms-client-request-id": [
          "f332e8bb-95e3-45cf-b685-b4e275567eb5"
        ],
        "accept-language": [
          "en-US"
        ],
        "User-Agent": [
          "Microsoft.Azure.Management.DataLake.Store.DataLakeStoreFileSystemManagementClient/0.12.8-preview"
        ]
      },
      "ResponseBody": "",
      "ResponseHeaders": {
        "Content-Length": [
          "0"
        ],
        "Expires": [
          "-1"
        ],
        "Pragma": [
          "no-cache"
        ],
        "x-ms-request-id": [
          "3ce740ae-a25a-4df9-9d11-656489c20da9"
        ],
        "ContentLength": [
          "0"
        ],
        "x-ms-webhdfs-version": [
          "16.07.18.01"
        ],
        "Status": [
          "0x0"
        ],
        "X-Content-Type-Options": [
          "nosniff"
        ],
        "Strict-Transport-Security": [
          "max-age=15724800; includeSubDomains"
        ],
        "Cache-Control": [
          "no-store, no-cache, max-age=0"
        ],
        "Date": [
          "Thu, 27 Oct 2016 04:20:17 GMT"
        ]
      },
      "StatusCode": 200
    },
    {
      "RequestUri": "/webhdfs/v1/?op=REMOVEDEFAULTACL&api-version=2016-11-01",
      "EncodedRequestUri": "L3dlYmhkZnMvdjEvP29wPVJFTU9WRURFRkFVTFRBQ0wmYXBpLXZlcnNpb249MjAxNi0xMS0wMQ==",
      "RequestMethod": "PUT",
      "RequestBody": "",
      "RequestHeaders": {
        "x-ms-client-request-id": [
          "90794757-bd2f-4535-94f7-96f2fdb35f7d"
        ],
        "accept-language": [
          "en-US"
        ],
        "User-Agent": [
          "Microsoft.Azure.Management.DataLake.Store.DataLakeStoreFileSystemManagementClient/0.12.8-preview"
        ]
      },
      "ResponseBody": "",
      "ResponseHeaders": {
        "Content-Length": [
          "0"
        ],
        "Expires": [
          "-1"
        ],
        "Pragma": [
          "no-cache"
        ],
        "x-ms-request-id": [
          "a02e978d-395a-4a91-9724-f72366488795"
        ],
        "ContentLength": [
          "0"
        ],
        "x-ms-webhdfs-version": [
          "16.07.18.01"
        ],
        "Status": [
          "0x0"
        ],
        "X-Content-Type-Options": [
          "nosniff"
        ],
        "Strict-Transport-Security": [
          "max-age=15724800; includeSubDomains"
        ],
        "Cache-Control": [
          "no-store, no-cache, max-age=0"
        ],
        "Date": [
          "Thu, 27 Oct 2016 04:20:18 GMT"
        ]
      },
      "StatusCode": 200
    },
    {
      "RequestUri": "/webhdfs/v1/?op=REMOVEACL&api-version=2016-11-01",
      "EncodedRequestUri": "L3dlYmhkZnMvdjEvP29wPVJFTU9WRUFDTCZhcGktdmVyc2lvbj0yMDE2LTExLTAx",
      "RequestMethod": "PUT",
      "RequestBody": "",
      "RequestHeaders": {
        "x-ms-client-request-id": [
          "bf6ae3f1-e7e8-408a-876a-c84549fff50a"
        ],
        "accept-language": [
          "en-US"
        ],
        "User-Agent": [
          "Microsoft.Azure.Management.DataLake.Store.DataLakeStoreFileSystemManagementClient/0.12.8-preview"
        ]
      },
      "ResponseBody": "",
      "ResponseHeaders": {
        "Content-Length": [
          "0"
        ],
        "Expires": [
          "-1"
        ],
        "Pragma": [
          "no-cache"
        ],
        "x-ms-request-id": [
          "de5589ed-6079-422c-8c62-55125fcf51d2"
        ],
        "ContentLength": [
          "0"
        ],
        "x-ms-webhdfs-version": [
          "16.07.18.01"
        ],
        "Status": [
          "0x0"
        ],
        "X-Content-Type-Options": [
          "nosniff"
        ],
        "Strict-Transport-Security": [
          "max-age=15724800; includeSubDomains"
        ],
        "Cache-Control": [
          "no-store, no-cache, max-age=0"
        ],
        "Date": [
          "Thu, 27 Oct 2016 04:20:18 GMT"
        ]
      },
      "StatusCode": 200
    },
    {
      "RequestUri": "/webhdfs/v1/?op=MSGETFILESTATUS&api-version=2016-11-01",
      "EncodedRequestUri": "L3dlYmhkZnMvdjEvP29wPU1TR0VURklMRVNUQVRVUyZhcGktdmVyc2lvbj0yMDE2LTExLTAx",
      "RequestMethod": "GET",
      "RequestBody": "",
      "RequestHeaders": {
        "x-ms-client-request-id": [
          "84b73df9-c881-4e4a-9193-eda2d260da8f"
        ],
        "accept-language": [
          "en-US"
        ],
        "User-Agent": [
          "Microsoft.Azure.Management.DataLake.Store.DataLakeStoreFileSystemManagementClient/0.12.8-preview"
        ]
      },
      "ResponseBody": "{\r\n  \"FileStatus\": {\r\n    \"length\": 0,\r\n    \"pathSuffix\": \"\",\r\n    \"type\": \"DIRECTORY\",\r\n    \"blockSize\": 0,\r\n    \"accessTime\": 1477541985001,\r\n    \"modificationTime\": 1477541985033,\r\n    \"replication\": 0,\r\n    \"permission\": \"770\",\r\n    \"owner\": \"2e6c02d2-a364-4530-9137-d17403996cbf\",\r\n    \"group\": \"2e6c02d2-a364-4530-9137-d17403996cbf\"\r\n  }\r\n}",
      "ResponseHeaders": {
        "Content-Length": [
          "265"
        ],
        "Content-Type": [
          "application/json; charset=utf-8"
        ],
        "Expires": [
          "-1"
        ],
        "Pragma": [
          "no-cache"
        ],
        "x-ms-request-id": [
          "9417bc19-28b9-4351-be83-3d9063b43ddc"
        ],
        "x-ms-webhdfs-version": [
          "16.07.18.01"
        ],
        "Status": [
          "0x0"
        ],
        "X-Content-Type-Options": [
          "nosniff"
        ],
        "Strict-Transport-Security": [
          "max-age=15724800; includeSubDomains"
        ],
        "Cache-Control": [
          "no-store, no-cache, max-age=0"
        ],
        "Date": [
          "Thu, 27 Oct 2016 04:20:18 GMT"
        ]
      },
      "StatusCode": 200
    },
    {
      "RequestUri": "/webhdfs/v1/?op=MSGETFILESTATUS&api-version=2016-11-01",
      "EncodedRequestUri": "L3dlYmhkZnMvdjEvP29wPU1TR0VURklMRVNUQVRVUyZhcGktdmVyc2lvbj0yMDE2LTExLTAx",
      "RequestMethod": "GET",
      "RequestBody": "",
      "RequestHeaders": {
        "x-ms-client-request-id": [
          "23a64798-c28c-4af7-81fd-5e4049c89dfb"
        ],
        "accept-language": [
          "en-US"
        ],
        "User-Agent": [
          "Microsoft.Azure.Management.DataLake.Store.DataLakeStoreFileSystemManagementClient/0.12.8-preview"
        ]
      },
      "ResponseBody": "{\r\n  \"FileStatus\": {\r\n    \"length\": 0,\r\n    \"pathSuffix\": \"\",\r\n    \"type\": \"DIRECTORY\",\r\n    \"blockSize\": 0,\r\n    \"accessTime\": 1477541985001,\r\n    \"modificationTime\": 1477541985033,\r\n    \"replication\": 0,\r\n    \"permission\": \"777\",\r\n    \"owner\": \"2e6c02d2-a364-4530-9137-d17403996cbf\",\r\n    \"group\": \"2e6c02d2-a364-4530-9137-d17403996cbf\"\r\n  }\r\n}",
      "ResponseHeaders": {
        "Content-Length": [
          "265"
        ],
        "Content-Type": [
          "application/json; charset=utf-8"
        ],
        "Expires": [
          "-1"
        ],
        "Pragma": [
          "no-cache"
        ],
        "x-ms-request-id": [
          "dcf7ea80-ca23-40e7-aa53-1bc6257660a5"
        ],
        "x-ms-webhdfs-version": [
          "16.07.18.01"
        ],
        "Status": [
          "0x0"
        ],
        "X-Content-Type-Options": [
          "nosniff"
        ],
        "Strict-Transport-Security": [
          "max-age=15724800; includeSubDomains"
        ],
        "Cache-Control": [
          "no-store, no-cache, max-age=0"
        ],
        "Date": [
          "Thu, 27 Oct 2016 04:20:18 GMT"
        ]
      },
      "StatusCode": 200
    },
    {
      "RequestUri": "/webhdfs/v1/?permission=777&op=SETPERMISSION&api-version=2016-11-01",
      "EncodedRequestUri": "L3dlYmhkZnMvdjEvP3Blcm1pc3Npb249Nzc3Jm9wPVNFVFBFUk1JU1NJT04mYXBpLXZlcnNpb249MjAxNi0xMS0wMQ==",
      "RequestMethod": "PUT",
      "RequestBody": "",
      "RequestHeaders": {
        "x-ms-client-request-id": [
          "02c19ee3-9cf7-444b-b096-e9dac8d07e20"
        ],
        "accept-language": [
          "en-US"
        ],
        "User-Agent": [
          "Microsoft.Azure.Management.DataLake.Store.DataLakeStoreFileSystemManagementClient/0.12.8-preview"
        ]
      },
      "ResponseBody": "",
      "ResponseHeaders": {
        "Content-Length": [
          "0"
        ],
        "Expires": [
          "-1"
        ],
        "Pragma": [
          "no-cache"
        ],
        "x-ms-request-id": [
          "03e365bc-a930-430a-abf6-017bd61378e0"
        ],
        "x-ms-webhdfs-version": [
          "16.07.18.01"
        ],
        "Status": [
          "0x0"
        ],
        "X-Content-Type-Options": [
          "nosniff"
        ],
        "Strict-Transport-Security": [
          "max-age=15724800; includeSubDomains"
        ],
        "Cache-Control": [
          "no-store, no-cache, max-age=0"
        ],
        "Date": [
          "Thu, 27 Oct 2016 04:20:18 GMT"
        ]
      },
      "StatusCode": 200
    },
    {
      "RequestUri": "/subscriptions/53d9063d-87ae-4ea8-be90-3686c3b8669f/resourceGroups/onesdk1769/providers/Microsoft.DataLakeStore/accounts/onesdk1380?api-version=2016-11-01",
      "EncodedRequestUri": "L3N1YnNjcmlwdGlvbnMvNTNkOTA2M2QtODdhZS00ZWE4LWJlOTAtMzY4NmMzYjg2NjlmL3Jlc291cmNlR3JvdXBzL29uZXNkazE3NjkvcHJvdmlkZXJzL01pY3Jvc29mdC5EYXRhTGFrZVN0b3JlL2FjY291bnRzL29uZXNkazEzODA/YXBpLXZlcnNpb249MjAxNi0xMS0wMQ==",
      "RequestMethod": "DELETE",
      "RequestBody": "",
      "RequestHeaders": {
        "x-ms-client-request-id": [
          "dc754202-f5ab-456c-9962-66e0e9b9a08d"
        ],
        "accept-language": [
          "en-US"
        ],
        "User-Agent": [
          "Microsoft.Azure.Management.DataLake.Store.DataLakeStoreAccountManagementClient/0.12.8-preview"
        ]
      },
      "ResponseBody": "",
      "ResponseHeaders": {
        "Content-Length": [
          "0"
        ],
        "Expires": [
          "-1"
        ],
        "Pragma": [
          "no-cache"
        ],
        "x-ms-request-id": [
          "3f8134aa-e4af-476e-97c8-4057bd67d553"
        ],
        "x-ms-ratelimit-remaining-subscription-writes": [
          "1189"
        ],
        "x-ms-correlation-request-id": [
          "2462904a-eb7a-4b27-b21e-b6f36666d240"
        ],
        "x-ms-routing-request-id": [
          "CENTRALUS:20161027T042021Z:2462904a-eb7a-4b27-b21e-b6f36666d240"
        ],
        "Strict-Transport-Security": [
          "max-age=31536000; includeSubDomains"
        ],
        "Connection": [
          "close"
        ],
        "Cache-Control": [
          "no-cache"
        ],
        "Date": [
          "Thu, 27 Oct 2016 04:20:20 GMT"
        ],
        "Server": [
          "Microsoft-IIS/8.5"
        ],
        "X-AspNet-Version": [
          "4.0.30319"
        ],
        "X-Powered-By": [
          "ASP.NET"
        ]
      },
      "StatusCode": 200
    },
    {
      "RequestUri": "/subscriptions/53d9063d-87ae-4ea8-be90-3686c3b8669f/resourcegroups/onesdk1769?api-version=2016-02-01",
      "EncodedRequestUri": "L3N1YnNjcmlwdGlvbnMvNTNkOTA2M2QtODdhZS00ZWE4LWJlOTAtMzY4NmMzYjg2NjlmL3Jlc291cmNlZ3JvdXBzL29uZXNkazE3Njk/YXBpLXZlcnNpb249MjAxNi0wMi0wMQ==",
      "RequestMethod": "DELETE",
      "RequestBody": "",
      "RequestHeaders": {
        "User-Agent": [
          "Microsoft.Azure.Management.Resources.ResourceManagementClient/2.0.0.0"
        ]
      },
      "ResponseBody": "",
      "ResponseHeaders": {
        "Content-Length": [
          "0"
        ],
        "Expires": [
          "-1"
        ],
        "Pragma": [
          "no-cache"
        ],
        "Retry-After": [
          "15"
        ],
        "x-ms-ratelimit-remaining-subscription-writes": [
          "1192"
        ],
        "x-ms-request-id": [
          "a7a1baf5-3f08-41a9-8872-ca6453488dc4"
        ],
        "x-ms-correlation-request-id": [
          "a7a1baf5-3f08-41a9-8872-ca6453488dc4"
        ],
        "x-ms-routing-request-id": [
          "CENTRALUS:20161027T042022Z:a7a1baf5-3f08-41a9-8872-ca6453488dc4"
        ],
        "Strict-Transport-Security": [
          "max-age=31536000; includeSubDomains"
        ],
        "Cache-Control": [
          "no-cache"
        ],
        "Date": [
          "Thu, 27 Oct 2016 04:20:22 GMT"
        ],
        "Location": [
          "https://management.azure.com/subscriptions/53d9063d-87ae-4ea8-be90-3686c3b8669f/operationresults/eyJqb2JJZCI6IlJFU09VUkNFR1JPVVBERUxFVElPTkpPQi1PTkVTREsxNzY5LUVBU1RVUzIiLCJqb2JMb2NhdGlvbiI6ImVhc3R1czIifQ?api-version=2016-02-01"
        ]
      },
      "StatusCode": 202
    },
    {
      "RequestUri": "/subscriptions/53d9063d-87ae-4ea8-be90-3686c3b8669f/operationresults/eyJqb2JJZCI6IlJFU09VUkNFR1JPVVBERUxFVElPTkpPQi1PTkVTREsxNzY5LUVBU1RVUzIiLCJqb2JMb2NhdGlvbiI6ImVhc3R1czIifQ?api-version=2016-02-01",
      "EncodedRequestUri": "L3N1YnNjcmlwdGlvbnMvNTNkOTA2M2QtODdhZS00ZWE4LWJlOTAtMzY4NmMzYjg2NjlmL29wZXJhdGlvbnJlc3VsdHMvZXlKcWIySkpaQ0k2SWxKRlUwOVZVa05GUjFKUFZWQkVSVXhGVkVsUFRrcFBRaTFQVGtWVFJFc3hOelk1TFVWQlUxUlZVeklpTENKcWIySk1iMk5oZEdsdmJpSTZJbVZoYzNSMWN6SWlmUT9hcGktdmVyc2lvbj0yMDE2LTAyLTAx",
      "RequestMethod": "GET",
      "RequestBody": "",
      "RequestHeaders": {
        "x-ms-version": [
          "2016-02-01"
        ],
        "User-Agent": [
          "Microsoft.Azure.Management.Resources.ResourceManagementClient/2.0.0.0"
        ]
      },
      "ResponseBody": "",
      "ResponseHeaders": {
        "Content-Length": [
          "0"
        ],
        "Expires": [
          "-1"
        ],
        "Pragma": [
          "no-cache"
        ],
        "Retry-After": [
          "15"
        ],
        "x-ms-ratelimit-remaining-subscription-reads": [
          "14979"
        ],
        "x-ms-request-id": [
          "2811ec6b-65c2-4d6e-ae7c-c79419df539f"
        ],
        "x-ms-correlation-request-id": [
          "2811ec6b-65c2-4d6e-ae7c-c79419df539f"
        ],
        "x-ms-routing-request-id": [
          "CENTRALUS:20161027T042022Z:2811ec6b-65c2-4d6e-ae7c-c79419df539f"
        ],
        "Strict-Transport-Security": [
          "max-age=31536000; includeSubDomains"
        ],
        "Cache-Control": [
          "no-cache"
        ],
        "Date": [
          "Thu, 27 Oct 2016 04:20:22 GMT"
        ],
        "Location": [
          "https://management.azure.com/subscriptions/53d9063d-87ae-4ea8-be90-3686c3b8669f/operationresults/eyJqb2JJZCI6IlJFU09VUkNFR1JPVVBERUxFVElPTkpPQi1PTkVTREsxNzY5LUVBU1RVUzIiLCJqb2JMb2NhdGlvbiI6ImVhc3R1czIifQ?api-version=2016-02-01"
        ]
      },
      "StatusCode": 202
    },
    {
      "RequestUri": "/subscriptions/53d9063d-87ae-4ea8-be90-3686c3b8669f/operationresults/eyJqb2JJZCI6IlJFU09VUkNFR1JPVVBERUxFVElPTkpPQi1PTkVTREsxNzY5LUVBU1RVUzIiLCJqb2JMb2NhdGlvbiI6ImVhc3R1czIifQ?api-version=2016-02-01",
      "EncodedRequestUri": "L3N1YnNjcmlwdGlvbnMvNTNkOTA2M2QtODdhZS00ZWE4LWJlOTAtMzY4NmMzYjg2NjlmL29wZXJhdGlvbnJlc3VsdHMvZXlKcWIySkpaQ0k2SWxKRlUwOVZVa05GUjFKUFZWQkVSVXhGVkVsUFRrcFBRaTFQVGtWVFJFc3hOelk1TFVWQlUxUlZVeklpTENKcWIySk1iMk5oZEdsdmJpSTZJbVZoYzNSMWN6SWlmUT9hcGktdmVyc2lvbj0yMDE2LTAyLTAx",
      "RequestMethod": "GET",
      "RequestBody": "",
      "RequestHeaders": {
        "x-ms-version": [
          "2016-02-01"
        ],
        "User-Agent": [
          "Microsoft.Azure.Management.Resources.ResourceManagementClient/2.0.0.0"
        ]
      },
      "ResponseBody": "",
      "ResponseHeaders": {
        "Content-Length": [
          "0"
        ],
        "Expires": [
          "-1"
        ],
        "Pragma": [
          "no-cache"
        ],
        "Retry-After": [
          "15"
        ],
        "x-ms-ratelimit-remaining-subscription-reads": [
          "14978"
        ],
        "x-ms-request-id": [
          "d551732e-ed1a-435e-9905-6cf68694282d"
        ],
        "x-ms-correlation-request-id": [
          "d551732e-ed1a-435e-9905-6cf68694282d"
        ],
        "x-ms-routing-request-id": [
          "CENTRALUS:20161027T042038Z:d551732e-ed1a-435e-9905-6cf68694282d"
        ],
        "Strict-Transport-Security": [
          "max-age=31536000; includeSubDomains"
        ],
        "Cache-Control": [
          "no-cache"
        ],
        "Date": [
          "Thu, 27 Oct 2016 04:20:37 GMT"
        ],
        "Location": [
          "https://management.azure.com/subscriptions/53d9063d-87ae-4ea8-be90-3686c3b8669f/operationresults/eyJqb2JJZCI6IlJFU09VUkNFR1JPVVBERUxFVElPTkpPQi1PTkVTREsxNzY5LUVBU1RVUzIiLCJqb2JMb2NhdGlvbiI6ImVhc3R1czIifQ?api-version=2016-02-01"
        ]
      },
      "StatusCode": 202
    },
    {
      "RequestUri": "/subscriptions/53d9063d-87ae-4ea8-be90-3686c3b8669f/operationresults/eyJqb2JJZCI6IlJFU09VUkNFR1JPVVBERUxFVElPTkpPQi1PTkVTREsxNzY5LUVBU1RVUzIiLCJqb2JMb2NhdGlvbiI6ImVhc3R1czIifQ?api-version=2016-02-01",
      "EncodedRequestUri": "L3N1YnNjcmlwdGlvbnMvNTNkOTA2M2QtODdhZS00ZWE4LWJlOTAtMzY4NmMzYjg2NjlmL29wZXJhdGlvbnJlc3VsdHMvZXlKcWIySkpaQ0k2SWxKRlUwOVZVa05GUjFKUFZWQkVSVXhGVkVsUFRrcFBRaTFQVGtWVFJFc3hOelk1TFVWQlUxUlZVeklpTENKcWIySk1iMk5oZEdsdmJpSTZJbVZoYzNSMWN6SWlmUT9hcGktdmVyc2lvbj0yMDE2LTAyLTAx",
      "RequestMethod": "GET",
      "RequestBody": "",
      "RequestHeaders": {
        "x-ms-version": [
          "2016-02-01"
        ],
        "User-Agent": [
          "Microsoft.Azure.Management.Resources.ResourceManagementClient/2.0.0.0"
        ]
      },
      "ResponseBody": "",
      "ResponseHeaders": {
        "Content-Length": [
          "0"
        ],
        "Expires": [
          "-1"
        ],
        "Pragma": [
          "no-cache"
        ],
        "Retry-After": [
          "15"
        ],
        "x-ms-ratelimit-remaining-subscription-reads": [
          "14977"
        ],
        "x-ms-request-id": [
          "1b4b72cd-1d20-4d79-91ad-6ea4233c300b"
        ],
        "x-ms-correlation-request-id": [
          "1b4b72cd-1d20-4d79-91ad-6ea4233c300b"
        ],
        "x-ms-routing-request-id": [
          "CENTRALUS:20161027T042053Z:1b4b72cd-1d20-4d79-91ad-6ea4233c300b"
        ],
        "Strict-Transport-Security": [
          "max-age=31536000; includeSubDomains"
        ],
        "Cache-Control": [
          "no-cache"
        ],
        "Date": [
          "Thu, 27 Oct 2016 04:20:52 GMT"
        ],
        "Location": [
          "https://management.azure.com/subscriptions/53d9063d-87ae-4ea8-be90-3686c3b8669f/operationresults/eyJqb2JJZCI6IlJFU09VUkNFR1JPVVBERUxFVElPTkpPQi1PTkVTREsxNzY5LUVBU1RVUzIiLCJqb2JMb2NhdGlvbiI6ImVhc3R1czIifQ?api-version=2016-02-01"
        ]
      },
      "StatusCode": 202
    },
    {
      "RequestUri": "/subscriptions/53d9063d-87ae-4ea8-be90-3686c3b8669f/operationresults/eyJqb2JJZCI6IlJFU09VUkNFR1JPVVBERUxFVElPTkpPQi1PTkVTREsxNzY5LUVBU1RVUzIiLCJqb2JMb2NhdGlvbiI6ImVhc3R1czIifQ?api-version=2016-02-01",
      "EncodedRequestUri": "L3N1YnNjcmlwdGlvbnMvNTNkOTA2M2QtODdhZS00ZWE4LWJlOTAtMzY4NmMzYjg2NjlmL29wZXJhdGlvbnJlc3VsdHMvZXlKcWIySkpaQ0k2SWxKRlUwOVZVa05GUjFKUFZWQkVSVXhGVkVsUFRrcFBRaTFQVGtWVFJFc3hOelk1TFVWQlUxUlZVeklpTENKcWIySk1iMk5oZEdsdmJpSTZJbVZoYzNSMWN6SWlmUT9hcGktdmVyc2lvbj0yMDE2LTAyLTAx",
      "RequestMethod": "GET",
      "RequestBody": "",
      "RequestHeaders": {
        "x-ms-version": [
          "2016-02-01"
        ],
        "User-Agent": [
          "Microsoft.Azure.Management.Resources.ResourceManagementClient/2.0.0.0"
        ]
      },
      "ResponseBody": "",
      "ResponseHeaders": {
        "Content-Length": [
          "0"
        ],
        "Expires": [
          "-1"
        ],
        "Pragma": [
          "no-cache"
        ],
        "x-ms-ratelimit-remaining-subscription-reads": [
          "14976"
        ],
        "x-ms-request-id": [
          "605a05ac-10c3-4a75-b717-a76c9df7ef4e"
        ],
        "x-ms-correlation-request-id": [
          "605a05ac-10c3-4a75-b717-a76c9df7ef4e"
        ],
        "x-ms-routing-request-id": [
          "CENTRALUS:20161027T042108Z:605a05ac-10c3-4a75-b717-a76c9df7ef4e"
        ],
        "Strict-Transport-Security": [
          "max-age=31536000; includeSubDomains"
        ],
        "Cache-Control": [
          "no-cache"
        ],
        "Date": [
          "Thu, 27 Oct 2016 04:21:07 GMT"
        ]
      },
      "StatusCode": 200
    }
  ],
  "Names": {
    "Test-DataLakeStoreFileSystemPermissions": [
      "onesdk1769",
      "onesdk1380"
    ]
  },
  "Variables": {
    "SubscriptionId": "53d9063d-87ae-4ea8-be90-3686c3b8669f"
  }
}