{
  "Entries": [
    {
      "RequestUri": "/subscriptions/53d9063d-87ae-4ea8-be90-3686c3b8669f/providers/Microsoft.DataLakeStore/register?api-version=2016-02-01",
      "EncodedRequestUri": "L3N1YnNjcmlwdGlvbnMvNTNkOTA2M2QtODdhZS00ZWE4LWJlOTAtMzY4NmMzYjg2NjlmL3Byb3ZpZGVycy9NaWNyb3NvZnQuRGF0YUxha2VTdG9yZS9yZWdpc3Rlcj9hcGktdmVyc2lvbj0yMDE2LTAyLTAx",
      "RequestMethod": "POST",
      "RequestBody": "",
      "RequestHeaders": {
        "User-Agent": [
          "Microsoft.Azure.Management.Resources.ResourceManagementClient/2.0.0.0"
        ]
      },
      "ResponseBody": "{\r\n  \"id\": \"/subscriptions/53d9063d-87ae-4ea8-be90-3686c3b8669f/providers/Microsoft.DataLakeStore\",\r\n  \"namespace\": \"Microsoft.DataLakeStore\",\r\n  \"authorization\": {\r\n    \"applicationId\": \"e9f49c6b-5ce5-44c8-925d-015017e9f7ad\",\r\n    \"roleDefinitionId\": \"17eb9cca-f08a-4499-b2d3-852d175f614f\"\r\n  },\r\n  \"resourceTypes\": [\r\n    {\r\n      \"resourceType\": \"accounts\",\r\n      \"locations\": [\r\n        \"East US 2\",\r\n        \"Central US\"\r\n      ],\r\n      \"apiVersions\": [\r\n        \"2016-11-01\",\r\n        \"2015-10-01-preview\"\r\n      ],\r\n      \"capabilities\": \"CrossResourceGroupResourceMove, CrossSubscriptionResourceMove, SystemAssignedResourceIdentity\"\r\n    },\r\n    {\r\n      \"resourceType\": \"accounts/firewallRules\",\r\n      \"locations\": [\r\n        \"East US 2\",\r\n        \"Central US\"\r\n      ],\r\n      \"apiVersions\": [\r\n        \"2016-11-01\",\r\n        \"2015-10-01-preview\"\r\n      ]\r\n    },\r\n    {\r\n      \"resourceType\": \"locations\",\r\n      \"locations\": [],\r\n      \"apiVersions\": [\r\n        \"2016-11-01\",\r\n        \"2015-10-01-preview\"\r\n      ]\r\n    },\r\n    {\r\n      \"resourceType\": \"locations/operationresults\",\r\n      \"locations\": [],\r\n      \"apiVersions\": [\r\n        \"2016-11-01\",\r\n        \"2015-10-01-preview\"\r\n      ]\r\n    },\r\n    {\r\n      \"resourceType\": \"locations/checkNameAvailability\",\r\n      \"locations\": [],\r\n      \"apiVersions\": [\r\n        \"2016-11-01\",\r\n        \"2015-10-01-preview\"\r\n      ]\r\n    },\r\n    {\r\n      \"resourceType\": \"locations/capability\",\r\n      \"locations\": [],\r\n      \"apiVersions\": [\r\n        \"2016-11-01\",\r\n        \"2015-10-01-preview\"\r\n      ]\r\n    },\r\n    {\r\n      \"resourceType\": \"operations\",\r\n      \"locations\": [],\r\n      \"apiVersions\": [\r\n        \"2016-11-01\",\r\n        \"2015-10-01-preview\"\r\n      ]\r\n    }\r\n  ],\r\n  \"registrationState\": \"Registered\"\r\n}",
      "ResponseHeaders": {
        "Content-Length": [
          "1194"
        ],
        "Content-Type": [
          "application/json; charset=utf-8"
        ],
        "Expires": [
          "-1"
        ],
        "Pragma": [
          "no-cache"
        ],
        "x-ms-ratelimit-remaining-subscription-writes": [
          "1192"
        ],
        "x-ms-request-id": [
          "c734cb54-24b7-4c98-b0ae-b5d85b3c230a"
        ],
        "x-ms-correlation-request-id": [
          "c734cb54-24b7-4c98-b0ae-b5d85b3c230a"
        ],
        "x-ms-routing-request-id": [
          "CENTRALUS:20170131T195036Z:c734cb54-24b7-4c98-b0ae-b5d85b3c230a"
        ],
        "Strict-Transport-Security": [
          "max-age=31536000; includeSubDomains"
        ],
        "Cache-Control": [
          "no-cache"
        ],
        "Date": [
          "Tue, 31 Jan 2017 19:50:36 GMT"
        ]
      },
      "StatusCode": 200
    },
    {
      "RequestUri": "/subscriptions/53d9063d-87ae-4ea8-be90-3686c3b8669f/providers/Microsoft.DataLakeStore?api-version=2016-02-01",
      "EncodedRequestUri": "L3N1YnNjcmlwdGlvbnMvNTNkOTA2M2QtODdhZS00ZWE4LWJlOTAtMzY4NmMzYjg2NjlmL3Byb3ZpZGVycy9NaWNyb3NvZnQuRGF0YUxha2VTdG9yZT9hcGktdmVyc2lvbj0yMDE2LTAyLTAx",
      "RequestMethod": "GET",
      "RequestBody": "",
      "RequestHeaders": {
        "User-Agent": [
          "Microsoft.Azure.Management.Resources.ResourceManagementClient/2.0.0.0"
        ]
      },
      "ResponseBody": "{\r\n  \"id\": \"/subscriptions/53d9063d-87ae-4ea8-be90-3686c3b8669f/providers/Microsoft.DataLakeStore\",\r\n  \"namespace\": \"Microsoft.DataLakeStore\",\r\n  \"authorization\": {\r\n    \"applicationId\": \"e9f49c6b-5ce5-44c8-925d-015017e9f7ad\",\r\n    \"roleDefinitionId\": \"17eb9cca-f08a-4499-b2d3-852d175f614f\"\r\n  },\r\n  \"resourceTypes\": [\r\n    {\r\n      \"resourceType\": \"accounts\",\r\n      \"locations\": [\r\n        \"East US 2\",\r\n        \"Central US\"\r\n      ],\r\n      \"apiVersions\": [\r\n        \"2016-11-01\",\r\n        \"2015-10-01-preview\"\r\n      ],\r\n      \"capabilities\": \"CrossResourceGroupResourceMove, CrossSubscriptionResourceMove, SystemAssignedResourceIdentity\"\r\n    },\r\n    {\r\n      \"resourceType\": \"accounts/firewallRules\",\r\n      \"locations\": [\r\n        \"East US 2\",\r\n        \"Central US\"\r\n      ],\r\n      \"apiVersions\": [\r\n        \"2016-11-01\",\r\n        \"2015-10-01-preview\"\r\n      ]\r\n    },\r\n    {\r\n      \"resourceType\": \"locations\",\r\n      \"locations\": [],\r\n      \"apiVersions\": [\r\n        \"2016-11-01\",\r\n        \"2015-10-01-preview\"\r\n      ]\r\n    },\r\n    {\r\n      \"resourceType\": \"locations/operationresults\",\r\n      \"locations\": [],\r\n      \"apiVersions\": [\r\n        \"2016-11-01\",\r\n        \"2015-10-01-preview\"\r\n      ]\r\n    },\r\n    {\r\n      \"resourceType\": \"locations/checkNameAvailability\",\r\n      \"locations\": [],\r\n      \"apiVersions\": [\r\n        \"2016-11-01\",\r\n        \"2015-10-01-preview\"\r\n      ]\r\n    },\r\n    {\r\n      \"resourceType\": \"locations/capability\",\r\n      \"locations\": [],\r\n      \"apiVersions\": [\r\n        \"2016-11-01\",\r\n        \"2015-10-01-preview\"\r\n      ]\r\n    },\r\n    {\r\n      \"resourceType\": \"operations\",\r\n      \"locations\": [],\r\n      \"apiVersions\": [\r\n        \"2016-11-01\",\r\n        \"2015-10-01-preview\"\r\n      ]\r\n    }\r\n  ],\r\n  \"registrationState\": \"Registered\"\r\n}",
      "ResponseHeaders": {
        "Content-Length": [
          "1194"
        ],
        "Content-Type": [
          "application/json; charset=utf-8"
        ],
        "Expires": [
          "-1"
        ],
        "Pragma": [
          "no-cache"
        ],
        "x-ms-ratelimit-remaining-subscription-reads": [
          "14990"
        ],
        "x-ms-request-id": [
          "c5bf64fa-aaca-44ee-8a7a-d77cc4675c3f"
        ],
        "x-ms-correlation-request-id": [
          "c5bf64fa-aaca-44ee-8a7a-d77cc4675c3f"
        ],
        "x-ms-routing-request-id": [
          "CENTRALUS:20170131T195036Z:c5bf64fa-aaca-44ee-8a7a-d77cc4675c3f"
        ],
        "Strict-Transport-Security": [
          "max-age=31536000; includeSubDomains"
        ],
        "Cache-Control": [
          "no-cache"
        ],
        "Date": [
          "Tue, 31 Jan 2017 19:50:36 GMT"
        ]
      },
      "StatusCode": 200
    },
    {
      "RequestUri": "/subscriptions/53d9063d-87ae-4ea8-be90-3686c3b8669f/resourcegroups/onesdk7773?api-version=2016-02-01",
      "EncodedRequestUri": "L3N1YnNjcmlwdGlvbnMvNTNkOTA2M2QtODdhZS00ZWE4LWJlOTAtMzY4NmMzYjg2NjlmL3Jlc291cmNlZ3JvdXBzL29uZXNkazc3NzM/YXBpLXZlcnNpb249MjAxNi0wMi0wMQ==",
      "RequestMethod": "PUT",
      "RequestBody": "{\r\n  \"location\": \"East US 2\"\r\n}",
      "RequestHeaders": {
        "Content-Type": [
          "application/json; charset=utf-8"
        ],
        "Content-Length": [
          "31"
        ],
        "User-Agent": [
          "Microsoft.Azure.Management.Resources.ResourceManagementClient/2.0.0.0"
        ]
      },
      "ResponseBody": "{\r\n  \"id\": \"/subscriptions/53d9063d-87ae-4ea8-be90-3686c3b8669f/resourceGroups/onesdk7773\",\r\n  \"name\": \"onesdk7773\",\r\n  \"location\": \"eastus2\",\r\n  \"properties\": {\r\n    \"provisioningState\": \"Succeeded\"\r\n  }\r\n}",
      "ResponseHeaders": {
        "Content-Length": [
          "174"
        ],
        "Content-Type": [
          "application/json; charset=utf-8"
        ],
        "Expires": [
          "-1"
        ],
        "Pragma": [
          "no-cache"
        ],
        "x-ms-ratelimit-remaining-subscription-writes": [
          "1191"
        ],
        "x-ms-request-id": [
          "ae5bd69b-0391-4818-9480-2872762f4b49"
        ],
        "x-ms-correlation-request-id": [
          "ae5bd69b-0391-4818-9480-2872762f4b49"
        ],
        "x-ms-routing-request-id": [
          "CENTRALUS:20170131T195038Z:ae5bd69b-0391-4818-9480-2872762f4b49"
        ],
        "Strict-Transport-Security": [
          "max-age=31536000; includeSubDomains"
        ],
        "Cache-Control": [
          "no-cache"
        ],
        "Date": [
          "Tue, 31 Jan 2017 19:50:38 GMT"
        ]
      },
      "StatusCode": 201
    },
    {
      "RequestUri": "/subscriptions/53d9063d-87ae-4ea8-be90-3686c3b8669f/resourceGroups/onesdk7773/providers/Microsoft.DataLakeStore/accounts/onesdk2304?api-version=2016-11-01",
      "EncodedRequestUri": "L3N1YnNjcmlwdGlvbnMvNTNkOTA2M2QtODdhZS00ZWE4LWJlOTAtMzY4NmMzYjg2NjlmL3Jlc291cmNlR3JvdXBzL29uZXNkazc3NzMvcHJvdmlkZXJzL01pY3Jvc29mdC5EYXRhTGFrZVN0b3JlL2FjY291bnRzL29uZXNkazIzMDQ/YXBpLXZlcnNpb249MjAxNi0xMS0wMQ==",
      "RequestMethod": "GET",
      "RequestBody": "",
      "RequestHeaders": {
        "x-ms-client-request-id": [
          "c12e9648-1d2e-44ff-aa2a-6c7b8013335b"
        ],
        "accept-language": [
          "en-US"
        ],
        "User-Agent": [
          "FxVersion/4.6.1586.0",
          "OSName/Windows_10_Enterprise",
          "OSVersion/6.3.14393",
          "Microsoft.Azure.Management.DataLake.Store.DataLakeStoreAccountManagementClient/2.0.0-preview"
        ]
      },
      "ResponseBody": "{\r\n  \"error\": {\r\n    \"code\": \"ResourceNotFound\",\r\n    \"message\": \"The Resource 'Microsoft.DataLakeStore/accounts/onesdk2304' under resource group 'onesdk7773' was not found.\"\r\n  }\r\n}",
      "ResponseHeaders": {
        "Content-Length": [
          "157"
        ],
        "Content-Type": [
          "application/json; charset=utf-8"
        ],
        "Expires": [
          "-1"
        ],
        "Pragma": [
          "no-cache"
        ],
        "x-ms-failure-cause": [
          "gateway"
        ],
        "x-ms-request-id": [
          "d8076296-f362-430e-b82e-14b70fe2365a"
        ],
        "x-ms-correlation-request-id": [
          "d8076296-f362-430e-b82e-14b70fe2365a"
        ],
        "x-ms-routing-request-id": [
          "CENTRALUS:20170131T195038Z:d8076296-f362-430e-b82e-14b70fe2365a"
        ],
        "Strict-Transport-Security": [
          "max-age=31536000; includeSubDomains"
        ],
        "Cache-Control": [
          "no-cache"
        ],
        "Date": [
          "Tue, 31 Jan 2017 19:50:38 GMT"
        ]
      },
      "StatusCode": 404
    },
    {
      "RequestUri": "/subscriptions/53d9063d-87ae-4ea8-be90-3686c3b8669f/resourceGroups/onesdk7773/providers/Microsoft.DataLakeStore/accounts/onesdk2304?api-version=2016-11-01",
      "EncodedRequestUri": "L3N1YnNjcmlwdGlvbnMvNTNkOTA2M2QtODdhZS00ZWE4LWJlOTAtMzY4NmMzYjg2NjlmL3Jlc291cmNlR3JvdXBzL29uZXNkazc3NzMvcHJvdmlkZXJzL01pY3Jvc29mdC5EYXRhTGFrZVN0b3JlL2FjY291bnRzL29uZXNkazIzMDQ/YXBpLXZlcnNpb249MjAxNi0xMS0wMQ==",
      "RequestMethod": "GET",
      "RequestBody": "",
      "RequestHeaders": {
        "User-Agent": [
          "FxVersion/4.6.1586.0",
          "OSName/Windows_10_Enterprise",
          "OSVersion/6.3.14393",
          "Microsoft.Azure.Management.DataLake.Store.DataLakeStoreAccountManagementClient/2.0.0-preview"
        ]
      },
      "ResponseBody": "{\r\n  \"properties\": {\r\n    \"firewallState\": \"Disabled\",\r\n    \"firewallRules\": [],\r\n    \"trustedIdProviderState\": \"Disabled\",\r\n    \"trustedIdProviders\": [],\r\n    \"encryptionState\": \"Enabled\",\r\n    \"encryptionConfig\": {\r\n      \"type\": \"ServiceManaged\"\r\n    },\r\n    \"currentTier\": \"Consumption\",\r\n    \"newTier\": \"Consumption\",\r\n    \"provisioningState\": \"Succeeded\",\r\n    \"state\": \"Active\",\r\n    \"endpoint\": \"onesdk2304.azuredatalakestore.net\",\r\n    \"accountId\": \"8982c428-8f82-464b-8e1f-d247027e1a16\",\r\n    \"creationTime\": \"2017-01-31T19:50:42.4589331Z\",\r\n    \"lastModifiedTime\": \"2017-01-31T19:50:42.4589331Z\"\r\n  },\r\n  \"location\": \"East US 2\",\r\n  \"tags\": {},\r\n  \"identity\": {\r\n    \"type\": \"SystemAssigned\",\r\n    \"principalId\": \"08f935b7-74d7-4258-ade5-f8074d976881\",\r\n    \"tenantId\": \"6e606ece-3a5a-4674-a654-d6b02bc5a51b\"\r\n  },\r\n  \"id\": \"/subscriptions/53d9063d-87ae-4ea8-be90-3686c3b8669f/resourceGroups/onesdk7773/providers/Microsoft.DataLakeStore/accounts/onesdk2304\",\r\n  \"name\": \"onesdk2304\",\r\n  \"type\": \"Microsoft.DataLakeStore/accounts\"\r\n}",
      "ResponseHeaders": {
        "Content-Length": [
          "864"
        ],
        "Content-Type": [
          "application/json"
        ],
        "Expires": [
          "-1"
        ],
        "Pragma": [
          "no-cache"
        ],
        "x-ms-request-id": [
          "9ac5adbe-15ac-4675-9cb2-7f0af5bb9ae3"
        ],
        "X-Content-Type-Options": [
          "nosniff"
        ],
        "x-ms-ratelimit-remaining-subscription-reads": [
          "14994"
        ],
        "x-ms-correlation-request-id": [
          "16933ba4-3788-4bff-a78f-a798e1710f60"
        ],
        "x-ms-routing-request-id": [
          "CENTRALUS:20170131T195113Z:16933ba4-3788-4bff-a78f-a798e1710f60"
        ],
        "Strict-Transport-Security": [
          "max-age=31536000; includeSubDomains"
        ],
        "Connection": [
          "close"
        ],
        "Cache-Control": [
          "no-cache"
        ],
        "Date": [
          "Tue, 31 Jan 2017 19:51:13 GMT"
        ],
        "Server": [
          "Microsoft-IIS/8.5"
        ],
        "X-AspNet-Version": [
          "4.0.30319"
        ],
        "X-Powered-By": [
          "ASP.NET"
        ]
      },
      "StatusCode": 200
    },
    {
      "RequestUri": "/subscriptions/53d9063d-87ae-4ea8-be90-3686c3b8669f/resourceGroups/onesdk7773/providers/Microsoft.DataLakeStore/accounts/onesdk2304?api-version=2016-11-01",
      "EncodedRequestUri": "L3N1YnNjcmlwdGlvbnMvNTNkOTA2M2QtODdhZS00ZWE4LWJlOTAtMzY4NmMzYjg2NjlmL3Jlc291cmNlR3JvdXBzL29uZXNkazc3NzMvcHJvdmlkZXJzL01pY3Jvc29mdC5EYXRhTGFrZVN0b3JlL2FjY291bnRzL29uZXNkazIzMDQ/YXBpLXZlcnNpb249MjAxNi0xMS0wMQ==",
      "RequestMethod": "GET",
      "RequestBody": "",
      "RequestHeaders": {
        "x-ms-client-request-id": [
          "931392fd-4abb-4ae7-91c9-07a40bcd5197"
        ],
        "accept-language": [
          "en-US"
        ],
        "User-Agent": [
          "FxVersion/4.6.1586.0",
          "OSName/Windows_10_Enterprise",
          "OSVersion/6.3.14393",
          "Microsoft.Azure.Management.DataLake.Store.DataLakeStoreAccountManagementClient/2.0.0-preview"
        ]
      },
      "ResponseBody": "{\r\n  \"properties\": {\r\n    \"firewallState\": \"Disabled\",\r\n    \"firewallRules\": [],\r\n    \"trustedIdProviderState\": \"Disabled\",\r\n    \"trustedIdProviders\": [],\r\n    \"encryptionState\": \"Enabled\",\r\n    \"encryptionConfig\": {\r\n      \"type\": \"ServiceManaged\"\r\n    },\r\n    \"currentTier\": \"Consumption\",\r\n    \"newTier\": \"Consumption\",\r\n    \"provisioningState\": \"Succeeded\",\r\n    \"state\": \"Active\",\r\n    \"endpoint\": \"onesdk2304.azuredatalakestore.net\",\r\n    \"accountId\": \"8982c428-8f82-464b-8e1f-d247027e1a16\",\r\n    \"creationTime\": \"2017-01-31T19:50:42.4589331Z\",\r\n    \"lastModifiedTime\": \"2017-01-31T19:50:42.4589331Z\"\r\n  },\r\n  \"location\": \"East US 2\",\r\n  \"tags\": {},\r\n  \"identity\": {\r\n    \"type\": \"SystemAssigned\",\r\n    \"principalId\": \"08f935b7-74d7-4258-ade5-f8074d976881\",\r\n    \"tenantId\": \"6e606ece-3a5a-4674-a654-d6b02bc5a51b\"\r\n  },\r\n  \"id\": \"/subscriptions/53d9063d-87ae-4ea8-be90-3686c3b8669f/resourceGroups/onesdk7773/providers/Microsoft.DataLakeStore/accounts/onesdk2304\",\r\n  \"name\": \"onesdk2304\",\r\n  \"type\": \"Microsoft.DataLakeStore/accounts\"\r\n}",
      "ResponseHeaders": {
        "Content-Length": [
          "864"
        ],
        "Content-Type": [
          "application/json"
        ],
        "Expires": [
          "-1"
        ],
        "Pragma": [
          "no-cache"
        ],
        "x-ms-request-id": [
          "6f760dc5-f7f2-4ba3-baac-60ce411dbc08"
        ],
        "X-Content-Type-Options": [
          "nosniff"
        ],
        "x-ms-ratelimit-remaining-subscription-reads": [
          "14992"
        ],
        "x-ms-correlation-request-id": [
          "6ade387b-6cdc-4207-8c9d-d5c1a0dc0da2"
        ],
        "x-ms-routing-request-id": [
          "CENTRALUS:20170131T195114Z:6ade387b-6cdc-4207-8c9d-d5c1a0dc0da2"
        ],
        "Strict-Transport-Security": [
          "max-age=31536000; includeSubDomains"
        ],
        "Connection": [
          "close"
        ],
        "Cache-Control": [
          "no-cache"
        ],
        "Date": [
          "Tue, 31 Jan 2017 19:51:13 GMT"
        ],
        "Server": [
          "Microsoft-IIS/8.5"
        ],
        "X-AspNet-Version": [
          "4.0.30319"
        ],
        "X-Powered-By": [
          "ASP.NET"
        ]
      },
      "StatusCode": 200
    },
    {
      "RequestUri": "/subscriptions/53d9063d-87ae-4ea8-be90-3686c3b8669f/resourceGroups/onesdk7773/providers/Microsoft.DataLakeStore/accounts/onesdk2304?api-version=2016-11-01",
      "EncodedRequestUri": "L3N1YnNjcmlwdGlvbnMvNTNkOTA2M2QtODdhZS00ZWE4LWJlOTAtMzY4NmMzYjg2NjlmL3Jlc291cmNlR3JvdXBzL29uZXNkazc3NzMvcHJvdmlkZXJzL01pY3Jvc29mdC5EYXRhTGFrZVN0b3JlL2FjY291bnRzL29uZXNkazIzMDQ/YXBpLXZlcnNpb249MjAxNi0xMS0wMQ==",
      "RequestMethod": "GET",
      "RequestBody": "",
      "RequestHeaders": {
        "x-ms-client-request-id": [
          "edd9c88a-020d-42cb-a44d-38d054f15cde"
        ],
        "accept-language": [
          "en-US"
        ],
        "User-Agent": [
          "FxVersion/4.6.1586.0",
          "OSName/Windows_10_Enterprise",
          "OSVersion/6.3.14393",
          "Microsoft.Azure.Management.DataLake.Store.DataLakeStoreAccountManagementClient/2.0.0-preview"
        ]
      },
      "ResponseBody": "{\r\n  \"properties\": {\r\n    \"firewallState\": \"Disabled\",\r\n    \"firewallRules\": [],\r\n    \"trustedIdProviderState\": \"Disabled\",\r\n    \"trustedIdProviders\": [],\r\n    \"encryptionState\": \"Enabled\",\r\n    \"encryptionConfig\": {\r\n      \"type\": \"ServiceManaged\"\r\n    },\r\n    \"currentTier\": \"Consumption\",\r\n    \"newTier\": \"Consumption\",\r\n    \"provisioningState\": \"Succeeded\",\r\n    \"state\": \"Active\",\r\n    \"endpoint\": \"onesdk2304.azuredatalakestore.net\",\r\n    \"accountId\": \"8982c428-8f82-464b-8e1f-d247027e1a16\",\r\n    \"creationTime\": \"2017-01-31T19:50:42.4589331Z\",\r\n    \"lastModifiedTime\": \"2017-01-31T19:50:42.4589331Z\"\r\n  },\r\n  \"location\": \"East US 2\",\r\n  \"tags\": {},\r\n  \"identity\": {\r\n    \"type\": \"SystemAssigned\",\r\n    \"principalId\": \"08f935b7-74d7-4258-ade5-f8074d976881\",\r\n    \"tenantId\": \"6e606ece-3a5a-4674-a654-d6b02bc5a51b\"\r\n  },\r\n  \"id\": \"/subscriptions/53d9063d-87ae-4ea8-be90-3686c3b8669f/resourceGroups/onesdk7773/providers/Microsoft.DataLakeStore/accounts/onesdk2304\",\r\n  \"name\": \"onesdk2304\",\r\n  \"type\": \"Microsoft.DataLakeStore/accounts\"\r\n}",
      "ResponseHeaders": {
        "Content-Length": [
          "864"
        ],
        "Content-Type": [
          "application/json"
        ],
        "Expires": [
          "-1"
        ],
        "Pragma": [
          "no-cache"
        ],
        "x-ms-request-id": [
          "a8f9fa9a-5203-4b3b-bf6a-389d28f7fc18"
        ],
        "X-Content-Type-Options": [
          "nosniff"
        ],
        "x-ms-ratelimit-remaining-subscription-reads": [
          "14989"
        ],
        "x-ms-correlation-request-id": [
          "e9c7fcae-4fcc-45e8-b9d2-8795241f12a2"
        ],
        "x-ms-routing-request-id": [
          "CENTRALUS:20170131T195118Z:e9c7fcae-4fcc-45e8-b9d2-8795241f12a2"
        ],
        "Strict-Transport-Security": [
          "max-age=31536000; includeSubDomains"
        ],
        "Connection": [
          "close"
        ],
        "Cache-Control": [
          "no-cache"
        ],
        "Date": [
          "Tue, 31 Jan 2017 19:51:17 GMT"
        ],
        "Server": [
          "Microsoft-IIS/8.5"
        ],
        "X-AspNet-Version": [
          "4.0.30319"
        ],
        "X-Powered-By": [
          "ASP.NET"
        ]
      },
      "StatusCode": 200
    },
    {
      "RequestUri": "/subscriptions/53d9063d-87ae-4ea8-be90-3686c3b8669f/resourceGroups/onesdk7773/providers/Microsoft.DataLakeStore/accounts/onesdk2304?api-version=2016-11-01",
      "EncodedRequestUri": "L3N1YnNjcmlwdGlvbnMvNTNkOTA2M2QtODdhZS00ZWE4LWJlOTAtMzY4NmMzYjg2NjlmL3Jlc291cmNlR3JvdXBzL29uZXNkazc3NzMvcHJvdmlkZXJzL01pY3Jvc29mdC5EYXRhTGFrZVN0b3JlL2FjY291bnRzL29uZXNkazIzMDQ/YXBpLXZlcnNpb249MjAxNi0xMS0wMQ==",
      "RequestMethod": "GET",
      "RequestBody": "",
      "RequestHeaders": {
        "x-ms-client-request-id": [
          "fad4fa2a-a7f4-469b-bc69-b126fa0e4d1c"
        ],
        "accept-language": [
          "en-US"
        ],
        "User-Agent": [
          "FxVersion/4.6.1586.0",
          "OSName/Windows_10_Enterprise",
          "OSVersion/6.3.14393",
          "Microsoft.Azure.Management.DataLake.Store.DataLakeStoreAccountManagementClient/2.0.0-preview"
        ]
      },
      "ResponseBody": "{\r\n  \"error\": {\r\n    \"code\": \"ResourceNotFound\",\r\n    \"message\": \"The Resource 'Microsoft.DataLakeStore/accounts/onesdk2304' under resource group 'onesdk7773' was not found.\"\r\n  }\r\n}",
      "ResponseHeaders": {
        "Content-Length": [
          "157"
        ],
        "Content-Type": [
          "application/json; charset=utf-8"
        ],
        "Expires": [
          "-1"
        ],
        "Pragma": [
          "no-cache"
        ],
        "x-ms-failure-cause": [
          "gateway"
        ],
        "x-ms-request-id": [
          "7ab84aec-f480-47a6-a39d-412ebf970eb8"
        ],
        "x-ms-correlation-request-id": [
          "7ab84aec-f480-47a6-a39d-412ebf970eb8"
        ],
        "x-ms-routing-request-id": [
          "CENTRALUS:20170131T195121Z:7ab84aec-f480-47a6-a39d-412ebf970eb8"
        ],
        "Strict-Transport-Security": [
          "max-age=31536000; includeSubDomains"
        ],
        "Cache-Control": [
          "no-cache"
        ],
        "Date": [
          "Tue, 31 Jan 2017 19:51:21 GMT"
        ]
      },
      "StatusCode": 404
    },
    {
      "RequestUri": "/subscriptions/53d9063d-87ae-4ea8-be90-3686c3b8669f/resourceGroups/onesdk7773/providers/Microsoft.DataLakeStore/accounts/onesdk2304?api-version=2016-11-01",
      "EncodedRequestUri": "L3N1YnNjcmlwdGlvbnMvNTNkOTA2M2QtODdhZS00ZWE4LWJlOTAtMzY4NmMzYjg2NjlmL3Jlc291cmNlR3JvdXBzL29uZXNkazc3NzMvcHJvdmlkZXJzL01pY3Jvc29mdC5EYXRhTGFrZVN0b3JlL2FjY291bnRzL29uZXNkazIzMDQ/YXBpLXZlcnNpb249MjAxNi0xMS0wMQ==",
      "RequestMethod": "GET",
      "RequestBody": "",
      "RequestHeaders": {
        "x-ms-client-request-id": [
          "b0271c74-b410-459e-ba4d-a938490a1d9a"
        ],
        "accept-language": [
          "en-US"
        ],
        "User-Agent": [
          "FxVersion/4.6.1586.0",
          "OSName/Windows_10_Enterprise",
          "OSVersion/6.3.14393",
          "Microsoft.Azure.Management.DataLake.Store.DataLakeStoreAccountManagementClient/2.0.0-preview"
        ]
      },
      "ResponseBody": "{\r\n  \"error\": {\r\n    \"code\": \"ResourceNotFound\",\r\n    \"message\": \"The Resource 'Microsoft.DataLakeStore/accounts/onesdk2304' under resource group 'onesdk7773' was not found.\"\r\n  }\r\n}",
      "ResponseHeaders": {
        "Content-Length": [
          "157"
        ],
        "Content-Type": [
          "application/json; charset=utf-8"
        ],
        "Expires": [
          "-1"
        ],
        "Pragma": [
          "no-cache"
        ],
        "x-ms-failure-cause": [
          "gateway"
        ],
        "x-ms-request-id": [
          "10db475c-17ae-446d-a586-a708a7d50d47"
        ],
        "x-ms-correlation-request-id": [
          "10db475c-17ae-446d-a586-a708a7d50d47"
        ],
        "x-ms-routing-request-id": [
          "CENTRALUS:20170131T195121Z:10db475c-17ae-446d-a586-a708a7d50d47"
        ],
        "Strict-Transport-Security": [
          "max-age=31536000; includeSubDomains"
        ],
        "Cache-Control": [
          "no-cache"
        ],
        "Date": [
          "Tue, 31 Jan 2017 19:51:21 GMT"
        ]
      },
      "StatusCode": 404
    },
    {
      "RequestUri": "/subscriptions/53d9063d-87ae-4ea8-be90-3686c3b8669f/resourceGroups/onesdk7773/providers/Microsoft.DataLakeStore/accounts/onesdk2304?api-version=2016-11-01",
      "EncodedRequestUri": "L3N1YnNjcmlwdGlvbnMvNTNkOTA2M2QtODdhZS00ZWE4LWJlOTAtMzY4NmMzYjg2NjlmL3Jlc291cmNlR3JvdXBzL29uZXNkazc3NzMvcHJvdmlkZXJzL01pY3Jvc29mdC5EYXRhTGFrZVN0b3JlL2FjY291bnRzL29uZXNkazIzMDQ/YXBpLXZlcnNpb249MjAxNi0xMS0wMQ==",
      "RequestMethod": "PUT",
      "RequestBody": "{\r\n  \"identity\": {\r\n    \"type\": \"SystemAssigned\"\r\n  },\r\n  \"properties\": {\r\n    \"encryptionState\": \"Enabled\",\r\n    \"encryptionConfig\": {\r\n      \"type\": \"ServiceManaged\"\r\n    }\r\n  },\r\n  \"location\": \"East US 2\",\r\n  \"tags\": {}\r\n}",
      "RequestHeaders": {
        "Content-Type": [
          "application/json; charset=utf-8"
        ],
        "Content-Length": [
          "225"
        ],
        "x-ms-client-request-id": [
          "95f0d15c-96a9-4bfa-b4f5-4de9ef99c57a"
        ],
        "accept-language": [
          "en-US"
        ],
        "User-Agent": [
          "FxVersion/4.6.1586.0",
          "OSName/Windows_10_Enterprise",
          "OSVersion/6.3.14393",
          "Microsoft.Azure.Management.DataLake.Store.DataLakeStoreAccountManagementClient/2.0.0-preview"
        ]
      },
      "ResponseBody": "{\r\n  \"properties\": {\r\n    \"encryptionState\": \"Enabled\",\r\n    \"encryptionConfig\": {\r\n      \"type\": \"ServiceManaged\"\r\n    },\r\n    \"provisioningState\": \"Creating\",\r\n    \"state\": null,\r\n    \"endpoint\": null,\r\n    \"accountId\": \"8982c428-8f82-464b-8e1f-d247027e1a16\",\r\n    \"creationTime\": null,\r\n    \"lastModifiedTime\": null\r\n  },\r\n  \"location\": \"East US 2\",\r\n  \"tags\": {},\r\n  \"identity\": {\r\n    \"type\": \"SystemAssigned\",\r\n    \"principalId\": \"00000000-0000-0000-0000-000000000000\",\r\n    \"tenantId\": \"00000000-0000-0000-0000-000000000000\"\r\n  },\r\n  \"id\": \"/subscriptions/53d9063d-87ae-4ea8-be90-3686c3b8669f/resourceGroups/onesdk7773/providers/Microsoft.DataLakeStore/accounts/onesdk2304\",\r\n  \"name\": \"onesdk2304\",\r\n  \"type\": \"Microsoft.DataLakeStore/accounts\"\r\n}",
      "ResponseHeaders": {
        "Content-Length": [
          "618"
        ],
        "Content-Type": [
          "application/json"
        ],
        "Expires": [
          "-1"
        ],
        "Pragma": [
          "no-cache"
        ],
        "Retry-After": [
          "10"
        ],
        "Azure-AsyncOperation": [
          "https://management.azure.com/subscriptions/53d9063d-87ae-4ea8-be90-3686c3b8669f/providers/Microsoft.DataLakeStore/locations/EastUS2/operationResults/8982c428-8f82-464b-8e1f-d247027e1a160?api-version=2016-11-01&expanded=true"
        ],
        "x-ms-request-id": [
          "c7e6c1f6-6315-48ac-9e6a-be5451393334"
        ],
        "X-Content-Type-Options": [
          "nosniff"
        ],
        "x-ms-ratelimit-remaining-subscription-writes": [
          "1197"
        ],
        "x-ms-correlation-request-id": [
          "a757babd-5f45-467a-a212-81a2ef2bb0db"
        ],
        "x-ms-routing-request-id": [
          "CENTRALUS:20170131T195042Z:a757babd-5f45-467a-a212-81a2ef2bb0db"
        ],
        "Strict-Transport-Security": [
          "max-age=31536000; includeSubDomains"
        ],
        "Connection": [
          "close"
        ],
        "Cache-Control": [
          "no-cache"
        ],
        "Date": [
          "Tue, 31 Jan 2017 19:50:42 GMT"
        ],
        "Location": [
          "https://management.azure.com/subscriptions/53d9063d-87ae-4ea8-be90-3686c3b8669f/resourcegroups/onesdk7773/providers/Microsoft.DataLakeStore/accounts/onesdk2304/operationresults/0?api-version=2016-11-01"
        ],
        "Server": [
          "Microsoft-IIS/8.5"
        ],
        "X-AspNet-Version": [
          "4.0.30319"
        ],
        "X-Powered-By": [
          "ASP.NET"
        ]
      },
      "StatusCode": 201
    },
    {
      "RequestUri": "/subscriptions/53d9063d-87ae-4ea8-be90-3686c3b8669f/providers/Microsoft.DataLakeStore/locations/EastUS2/operationResults/8982c428-8f82-464b-8e1f-d247027e1a160?api-version=2016-11-01&expanded=true",
      "EncodedRequestUri": "L3N1YnNjcmlwdGlvbnMvNTNkOTA2M2QtODdhZS00ZWE4LWJlOTAtMzY4NmMzYjg2NjlmL3Byb3ZpZGVycy9NaWNyb3NvZnQuRGF0YUxha2VTdG9yZS9sb2NhdGlvbnMvRWFzdFVTMi9vcGVyYXRpb25SZXN1bHRzLzg5ODJjNDI4LThmODItNDY0Yi04ZTFmLWQyNDcwMjdlMWExNjA/YXBpLXZlcnNpb249MjAxNi0xMS0wMSZleHBhbmRlZD10cnVl",
      "RequestMethod": "GET",
      "RequestBody": "",
      "RequestHeaders": {
        "User-Agent": [
          "FxVersion/4.6.1586.0",
          "OSName/Windows_10_Enterprise",
          "OSVersion/6.3.14393",
          "Microsoft.Azure.Management.DataLake.Store.DataLakeStoreAccountManagementClient/2.0.0-preview"
        ]
      },
      "ResponseBody": "{\r\n  \"status\": \"Succeeded\"\r\n}",
      "ResponseHeaders": {
        "Content-Length": [
          "22"
        ],
        "Content-Type": [
          "application/json"
        ],
        "Expires": [
          "-1"
        ],
        "Pragma": [
          "no-cache"
        ],
        "x-ms-request-id": [
          "be5efba4-8cae-4663-bdad-804c84091f45"
        ],
        "X-Content-Type-Options": [
          "nosniff"
        ],
        "x-ms-ratelimit-remaining-subscription-reads": [
          "14988"
        ],
        "x-ms-correlation-request-id": [
          "0746f5d1-c481-4b58-a984-0fbd59e26318"
        ],
        "x-ms-routing-request-id": [
          "CENTRALUS:20170131T195113Z:0746f5d1-c481-4b58-a984-0fbd59e26318"
        ],
        "Strict-Transport-Security": [
          "max-age=31536000; includeSubDomains"
        ],
        "Connection": [
          "close"
        ],
        "Cache-Control": [
          "no-cache"
        ],
        "Date": [
          "Tue, 31 Jan 2017 19:51:12 GMT"
        ],
        "Server": [
          "Microsoft-IIS/8.5"
        ],
        "X-AspNet-Version": [
          "4.0.30319"
        ],
        "X-Powered-By": [
          "ASP.NET"
        ]
      },
      "StatusCode": 200
    },
    {
      "RequestUri": "/webhdfs/v1/?op=MSGETACLSTATUS&api-version=2016-11-01",
      "EncodedRequestUri": "L3dlYmhkZnMvdjEvP29wPU1TR0VUQUNMU1RBVFVTJmFwaS12ZXJzaW9uPTIwMTYtMTEtMDE=",
      "RequestMethod": "GET",
      "RequestBody": "",
      "RequestHeaders": {
        "x-ms-client-request-id": [
          "84612396-9fb6-4973-86a2-f4708a3d5a29"
        ],
        "accept-language": [
          "en-US"
        ],
        "User-Agent": [
          "FxVersion/4.6.1586.0",
          "OSName/Windows_10_Enterprise",
          "OSVersion/6.3.14393",
          "Microsoft.Azure.Management.DataLake.Store.DataLakeStoreFileSystemManagementClient/2.0.0-preview"
        ]
      },
      "ResponseBody": "{\r\n  \"AclStatus\": {\r\n    \"entries\": [\r\n      \"user::rwx\",\r\n      \"group::rwx\",\r\n      \"mask::rwx\",\r\n      \"other::---\"\r\n    ],\r\n    \"owner\": \"2e6c02d2-a364-4530-9137-d17403996cbf\",\r\n    \"group\": \"2e6c02d2-a364-4530-9137-d17403996cbf\",\r\n    \"permission\": \"770\",\r\n    \"stickyBit\": false\r\n  }\r\n}",
      "ResponseHeaders": {
        "Content-Length": [
          "208"
        ],
        "Content-Type": [
          "application/json; charset=utf-8"
        ],
        "Expires": [
          "-1"
        ],
        "Pragma": [
          "no-cache"
        ],
        "x-ms-request-id": [
          "f47a02bf-4d1c-476e-8ed4-46b5408618ed"
        ],
        "x-ms-webhdfs-version": [
          "16.07.18.01"
        ],
        "Status": [
          "0x0"
        ],
        "X-Content-Type-Options": [
          "nosniff"
        ],
        "Strict-Transport-Security": [
          "max-age=15724800; includeSubDomains"
        ],
        "Cache-Control": [
          "no-store, no-cache, max-age=0"
        ],
        "Date": [
          "Tue, 31 Jan 2017 19:51:15 GMT"
        ]
      },
      "StatusCode": 200
    },
    {
      "RequestUri": "/webhdfs/v1/?op=MSGETACLSTATUS&api-version=2016-11-01",
      "EncodedRequestUri": "L3dlYmhkZnMvdjEvP29wPU1TR0VUQUNMU1RBVFVTJmFwaS12ZXJzaW9uPTIwMTYtMTEtMDE=",
      "RequestMethod": "GET",
      "RequestBody": "",
      "RequestHeaders": {
        "x-ms-client-request-id": [
          "168e5bb7-2851-4c1c-9a82-fb7b619f3504"
        ],
        "accept-language": [
          "en-US"
        ],
        "User-Agent": [
          "FxVersion/4.6.1586.0",
          "OSName/Windows_10_Enterprise",
          "OSVersion/6.3.14393",
          "Microsoft.Azure.Management.DataLake.Store.DataLakeStoreFileSystemManagementClient/2.0.0-preview"
        ]
      },
      "ResponseBody": "{\r\n  \"AclStatus\": {\r\n    \"entries\": [\r\n      \"user::rwx\",\r\n      \"user:027c28d5-c91d-49f0-98c5-d10134b169b3:rwx\",\r\n      \"group::rwx\",\r\n      \"mask::rwx\",\r\n      \"other::---\"\r\n    ],\r\n    \"owner\": \"2e6c02d2-a364-4530-9137-d17403996cbf\",\r\n    \"group\": \"2e6c02d2-a364-4530-9137-d17403996cbf\",\r\n    \"permission\": \"770\",\r\n    \"stickyBit\": false\r\n  }\r\n}",
      "ResponseHeaders": {
        "Content-Length": [
          "256"
        ],
        "Content-Type": [
          "application/json; charset=utf-8"
        ],
        "Expires": [
          "-1"
        ],
        "Pragma": [
          "no-cache"
        ],
        "x-ms-request-id": [
          "eff1d24c-0ee1-44f3-a971-8710ed5cac9f"
        ],
        "x-ms-webhdfs-version": [
          "16.07.18.01"
        ],
        "Status": [
          "0x0"
        ],
        "X-Content-Type-Options": [
          "nosniff"
        ],
        "Strict-Transport-Security": [
          "max-age=15724800; includeSubDomains"
        ],
        "Cache-Control": [
          "no-store, no-cache, max-age=0"
        ],
        "Date": [
          "Tue, 31 Jan 2017 19:51:15 GMT"
        ]
      },
      "StatusCode": 200
    },
    {
      "RequestUri": "/webhdfs/v1/?op=MSGETACLSTATUS&api-version=2016-11-01",
      "EncodedRequestUri": "L3dlYmhkZnMvdjEvP29wPU1TR0VUQUNMU1RBVFVTJmFwaS12ZXJzaW9uPTIwMTYtMTEtMDE=",
      "RequestMethod": "GET",
      "RequestBody": "",
      "RequestHeaders": {
        "x-ms-client-request-id": [
          "d7cd7dd2-031a-4ecc-bc70-9110a20ef451"
        ],
        "accept-language": [
          "en-US"
        ],
        "User-Agent": [
          "FxVersion/4.6.1586.0",
          "OSName/Windows_10_Enterprise",
          "OSVersion/6.3.14393",
          "Microsoft.Azure.Management.DataLake.Store.DataLakeStoreFileSystemManagementClient/2.0.0-preview"
        ]
      },
      "ResponseBody": "{\r\n  \"AclStatus\": {\r\n    \"entries\": [\r\n      \"user::rwx\",\r\n      \"group::rwx\",\r\n      \"mask::rwx\",\r\n      \"other::---\"\r\n    ],\r\n    \"owner\": \"2e6c02d2-a364-4530-9137-d17403996cbf\",\r\n    \"group\": \"2e6c02d2-a364-4530-9137-d17403996cbf\",\r\n    \"permission\": \"770\",\r\n    \"stickyBit\": false\r\n  }\r\n}",
      "ResponseHeaders": {
        "Content-Length": [
          "208"
        ],
        "Content-Type": [
          "application/json; charset=utf-8"
        ],
        "Expires": [
          "-1"
        ],
        "Pragma": [
          "no-cache"
        ],
        "x-ms-request-id": [
          "3def0121-633f-4300-8395-375d8674e8ec"
        ],
        "x-ms-webhdfs-version": [
          "16.07.18.01"
        ],
        "Status": [
          "0x0"
        ],
        "X-Content-Type-Options": [
          "nosniff"
        ],
        "Strict-Transport-Security": [
          "max-age=15724800; includeSubDomains"
        ],
        "Cache-Control": [
          "no-store, no-cache, max-age=0"
        ],
        "Date": [
          "Tue, 31 Jan 2017 19:51:15 GMT"
        ]
      },
      "StatusCode": 200
    },
    {
      "RequestUri": "/webhdfs/v1/?op=MSGETACLSTATUS&api-version=2016-11-01",
      "EncodedRequestUri": "L3dlYmhkZnMvdjEvP29wPU1TR0VUQUNMU1RBVFVTJmFwaS12ZXJzaW9uPTIwMTYtMTEtMDE=",
      "RequestMethod": "GET",
      "RequestBody": "",
      "RequestHeaders": {
        "x-ms-client-request-id": [
          "7b885c59-443d-476a-910d-0e793bab07e0"
        ],
        "accept-language": [
          "en-US"
        ],
        "User-Agent": [
          "FxVersion/4.6.1586.0",
          "OSName/Windows_10_Enterprise",
          "OSVersion/6.3.14393",
          "Microsoft.Azure.Management.DataLake.Store.DataLakeStoreFileSystemManagementClient/2.0.0-preview"
        ]
      },
      "ResponseBody": "{\r\n  \"AclStatus\": {\r\n    \"entries\": [\r\n      \"user::rwx\",\r\n      \"user:027c28d5-c91d-49f0-98c5-d10134b169b3:rwx\",\r\n      \"group::rwx\",\r\n      \"mask::rwx\",\r\n      \"other::---\"\r\n    ],\r\n    \"owner\": \"2e6c02d2-a364-4530-9137-d17403996cbf\",\r\n    \"group\": \"2e6c02d2-a364-4530-9137-d17403996cbf\",\r\n    \"permission\": \"770\",\r\n    \"stickyBit\": false\r\n  }\r\n}",
      "ResponseHeaders": {
        "Content-Length": [
          "256"
        ],
        "Content-Type": [
          "application/json; charset=utf-8"
        ],
        "Expires": [
          "-1"
        ],
        "Pragma": [
          "no-cache"
        ],
        "x-ms-request-id": [
          "6ba64333-6c04-46f8-a5c6-a34e3b655938"
        ],
        "x-ms-webhdfs-version": [
          "16.07.18.01"
        ],
        "Status": [
          "0x0"
        ],
        "X-Content-Type-Options": [
          "nosniff"
        ],
        "Strict-Transport-Security": [
          "max-age=15724800; includeSubDomains"
        ],
        "Cache-Control": [
          "no-store, no-cache, max-age=0"
        ],
        "Date": [
          "Tue, 31 Jan 2017 19:51:16 GMT"
        ]
      },
      "StatusCode": 200
    },
    {
      "RequestUri": "/webhdfs/v1/?op=MSGETACLSTATUS&api-version=2016-11-01",
      "EncodedRequestUri": "L3dlYmhkZnMvdjEvP29wPU1TR0VUQUNMU1RBVFVTJmFwaS12ZXJzaW9uPTIwMTYtMTEtMDE=",
      "RequestMethod": "GET",
      "RequestBody": "",
      "RequestHeaders": {
        "x-ms-client-request-id": [
          "ec5e1d58-79bd-42b0-bc35-ac23f7a317d6"
        ],
        "accept-language": [
          "en-US"
        ],
        "User-Agent": [
          "FxVersion/4.6.1586.0",
          "OSName/Windows_10_Enterprise",
          "OSVersion/6.3.14393",
          "Microsoft.Azure.Management.DataLake.Store.DataLakeStoreFileSystemManagementClient/2.0.0-preview"
        ]
      },
      "ResponseBody": "{\r\n  \"AclStatus\": {\r\n    \"entries\": [\r\n      \"user::rwx\",\r\n      \"group::rwx\",\r\n      \"mask::rwx\",\r\n      \"other::---\"\r\n    ],\r\n    \"owner\": \"2e6c02d2-a364-4530-9137-d17403996cbf\",\r\n    \"group\": \"2e6c02d2-a364-4530-9137-d17403996cbf\",\r\n    \"permission\": \"770\",\r\n    \"stickyBit\": false\r\n  }\r\n}",
      "ResponseHeaders": {
        "Content-Length": [
          "208"
        ],
        "Content-Type": [
          "application/json; charset=utf-8"
        ],
        "Expires": [
          "-1"
        ],
        "Pragma": [
          "no-cache"
        ],
        "x-ms-request-id": [
          "41bcacc4-2384-400e-801b-0b587ffd1299"
        ],
        "x-ms-webhdfs-version": [
          "16.07.18.01"
        ],
        "Status": [
          "0x0"
        ],
        "X-Content-Type-Options": [
          "nosniff"
        ],
        "Strict-Transport-Security": [
          "max-age=15724800; includeSubDomains"
        ],
        "Cache-Control": [
          "no-store, no-cache, max-age=0"
        ],
        "Date": [
          "Tue, 31 Jan 2017 19:51:16 GMT"
        ]
      },
      "StatusCode": 200
    },
    {
      "RequestUri": "/webhdfs/v1/?op=MSGETACLSTATUS&api-version=2016-11-01",
      "EncodedRequestUri": "L3dlYmhkZnMvdjEvP29wPU1TR0VUQUNMU1RBVFVTJmFwaS12ZXJzaW9uPTIwMTYtMTEtMDE=",
      "RequestMethod": "GET",
      "RequestBody": "",
      "RequestHeaders": {
        "x-ms-client-request-id": [
          "e093fdf8-469b-409d-8494-68fe4655f4de"
        ],
        "accept-language": [
          "en-US"
        ],
        "User-Agent": [
          "FxVersion/4.6.1586.0",
          "OSName/Windows_10_Enterprise",
          "OSVersion/6.3.14393",
          "Microsoft.Azure.Management.DataLake.Store.DataLakeStoreFileSystemManagementClient/2.0.0-preview"
        ]
      },
      "ResponseBody": "{\r\n  \"AclStatus\": {\r\n    \"entries\": [\r\n      \"user::rwx\",\r\n      \"user:027c28d5-c91d-49f0-98c5-d10134b169b3:rwx\",\r\n      \"group::rwx\",\r\n      \"mask::rwx\",\r\n      \"other::---\"\r\n    ],\r\n    \"owner\": \"2e6c02d2-a364-4530-9137-d17403996cbf\",\r\n    \"group\": \"2e6c02d2-a364-4530-9137-d17403996cbf\",\r\n    \"permission\": \"770\",\r\n    \"stickyBit\": false\r\n  }\r\n}",
      "ResponseHeaders": {
        "Content-Length": [
          "256"
        ],
        "Content-Type": [
          "application/json; charset=utf-8"
        ],
        "Expires": [
          "-1"
        ],
        "Pragma": [
          "no-cache"
        ],
        "x-ms-request-id": [
          "06eefaae-c832-4574-b20c-21e214810da4"
        ],
        "x-ms-webhdfs-version": [
          "16.07.18.01"
        ],
        "Status": [
          "0x0"
        ],
        "X-Content-Type-Options": [
          "nosniff"
        ],
        "Strict-Transport-Security": [
          "max-age=15724800; includeSubDomains"
        ],
        "Cache-Control": [
          "no-store, no-cache, max-age=0"
        ],
        "Date": [
          "Tue, 31 Jan 2017 19:51:16 GMT"
        ]
      },
      "StatusCode": 200
    },
    {
      "RequestUri": "/webhdfs/v1/?op=MSGETACLSTATUS&api-version=2016-11-01",
      "EncodedRequestUri": "L3dlYmhkZnMvdjEvP29wPU1TR0VUQUNMU1RBVFVTJmFwaS12ZXJzaW9uPTIwMTYtMTEtMDE=",
      "RequestMethod": "GET",
      "RequestBody": "",
      "RequestHeaders": {
        "x-ms-client-request-id": [
          "89abe119-b4a9-4ca5-966f-eb4acf37d0d2"
        ],
        "accept-language": [
          "en-US"
        ],
        "User-Agent": [
          "FxVersion/4.6.1586.0",
          "OSName/Windows_10_Enterprise",
          "OSVersion/6.3.14393",
          "Microsoft.Azure.Management.DataLake.Store.DataLakeStoreFileSystemManagementClient/2.0.0-preview"
        ]
      },
      "ResponseBody": "{\r\n  \"AclStatus\": {\r\n    \"entries\": [\r\n      \"user::rwx\",\r\n      \"group::rwx\",\r\n      \"mask::rwx\",\r\n      \"other::---\"\r\n    ],\r\n    \"owner\": \"2e6c02d2-a364-4530-9137-d17403996cbf\",\r\n    \"group\": \"2e6c02d2-a364-4530-9137-d17403996cbf\",\r\n    \"permission\": \"770\",\r\n    \"stickyBit\": false\r\n  }\r\n}",
      "ResponseHeaders": {
        "Content-Length": [
          "208"
        ],
        "Content-Type": [
          "application/json; charset=utf-8"
        ],
        "Expires": [
          "-1"
        ],
        "Pragma": [
          "no-cache"
        ],
        "x-ms-request-id": [
          "3a577f0a-b2b8-4d57-9ecd-44d800fd52fd"
        ],
        "x-ms-webhdfs-version": [
          "16.07.18.01"
        ],
        "Status": [
          "0x0"
        ],
        "X-Content-Type-Options": [
          "nosniff"
        ],
        "Strict-Transport-Security": [
          "max-age=15724800; includeSubDomains"
        ],
        "Cache-Control": [
          "no-store, no-cache, max-age=0"
        ],
        "Date": [
          "Tue, 31 Jan 2017 19:51:16 GMT"
        ]
      },
      "StatusCode": 200
    },
    {
      "RequestUri": "/webhdfs/v1/?op=MSGETACLSTATUS&api-version=2016-11-01",
      "EncodedRequestUri": "L3dlYmhkZnMvdjEvP29wPU1TR0VUQUNMU1RBVFVTJmFwaS12ZXJzaW9uPTIwMTYtMTEtMDE=",
      "RequestMethod": "GET",
      "RequestBody": "",
      "RequestHeaders": {
        "x-ms-client-request-id": [
          "9cb8de8f-e320-41f0-ad52-186837321341"
        ],
        "accept-language": [
          "en-US"
        ],
        "User-Agent": [
          "FxVersion/4.6.1586.0",
          "OSName/Windows_10_Enterprise",
          "OSVersion/6.3.14393",
          "Microsoft.Azure.Management.DataLake.Store.DataLakeStoreFileSystemManagementClient/2.0.0-preview"
        ]
      },
      "ResponseBody": "{\r\n  \"AclStatus\": {\r\n    \"entries\": [\r\n      \"user::rwx\",\r\n      \"group::rwx\",\r\n      \"mask::rwx\",\r\n      \"other::---\"\r\n    ],\r\n    \"owner\": \"2e6c02d2-a364-4530-9137-d17403996cbf\",\r\n    \"group\": \"2e6c02d2-a364-4530-9137-d17403996cbf\",\r\n    \"permission\": \"770\",\r\n    \"stickyBit\": false\r\n  }\r\n}",
      "ResponseHeaders": {
        "Content-Length": [
          "208"
        ],
        "Content-Type": [
          "application/json; charset=utf-8"
        ],
        "Expires": [
          "-1"
        ],
        "Pragma": [
          "no-cache"
        ],
        "x-ms-request-id": [
          "de3d24ee-114a-472e-8a5d-de7cc348c345"
        ],
        "x-ms-webhdfs-version": [
          "16.07.18.01"
        ],
        "Status": [
          "0x0"
        ],
        "X-Content-Type-Options": [
          "nosniff"
        ],
        "Strict-Transport-Security": [
          "max-age=15724800; includeSubDomains"
        ],
        "Cache-Control": [
          "no-store, no-cache, max-age=0"
        ],
        "Date": [
          "Tue, 31 Jan 2017 19:51:16 GMT"
        ]
      },
      "StatusCode": 200
    },
    {
      "RequestUri": "/webhdfs/v1/?op=MSGETACLSTATUS&api-version=2016-11-01",
      "EncodedRequestUri": "L3dlYmhkZnMvdjEvP29wPU1TR0VUQUNMU1RBVFVTJmFwaS12ZXJzaW9uPTIwMTYtMTEtMDE=",
      "RequestMethod": "GET",
      "RequestBody": "",
      "RequestHeaders": {
        "x-ms-client-request-id": [
          "01108ba9-70fe-4876-927a-cc5cff103c15"
        ],
        "accept-language": [
          "en-US"
        ],
        "User-Agent": [
          "FxVersion/4.6.1586.0",
          "OSName/Windows_10_Enterprise",
          "OSVersion/6.3.14393",
          "Microsoft.Azure.Management.DataLake.Store.DataLakeStoreFileSystemManagementClient/2.0.0-preview"
        ]
      },
      "ResponseBody": "{\r\n  \"AclStatus\": {\r\n    \"entries\": [\r\n      \"user::rwx\",\r\n      \"group::rwx\",\r\n      \"other::---\"\r\n    ],\r\n    \"owner\": \"2e6c02d2-a364-4530-9137-d17403996cbf\",\r\n    \"group\": \"2e6c02d2-a364-4530-9137-d17403996cbf\",\r\n    \"permission\": \"770\",\r\n    \"stickyBit\": false\r\n  }\r\n}",
      "ResponseHeaders": {
        "Content-Length": [
          "196"
        ],
        "Content-Type": [
          "application/json; charset=utf-8"
        ],
        "Expires": [
          "-1"
        ],
        "Pragma": [
          "no-cache"
        ],
        "x-ms-request-id": [
          "37b19e45-9fdb-4d0e-9b6e-81c32fdfa731"
        ],
        "x-ms-webhdfs-version": [
          "16.07.18.01"
        ],
        "Status": [
          "0x0"
        ],
        "X-Content-Type-Options": [
          "nosniff"
        ],
        "Strict-Transport-Security": [
          "max-age=15724800; includeSubDomains"
        ],
        "Cache-Control": [
          "no-store, no-cache, max-age=0"
        ],
        "Date": [
          "Tue, 31 Jan 2017 19:51:17 GMT"
        ]
      },
      "StatusCode": 200
    },
    {
      "RequestUri": "/webhdfs/v1/?aclspec=user::rwx%2Cgroup::rwx%2Cmask::rwx%2Cother::---%2Cuser:027c28d5-c91d-49f0-98c5-d10134b169b3:rwx&op=SETACL&api-version=2016-11-01",
      "EncodedRequestUri": "L3dlYmhkZnMvdjEvP2FjbHNwZWM9dXNlciUzQSUzQXJ3eCUyQ2dyb3VwJTNBJTNBcnd4JTJDbWFzayUzQSUzQXJ3eCUyQ290aGVyJTNBJTNBLS0tJTJDdXNlciUzQTAyN2MyOGQ1LWM5MWQtNDlmMC05OGM1LWQxMDEzNGIxNjliMyUzQXJ3eCZvcD1TRVRBQ0wmYXBpLXZlcnNpb249MjAxNi0xMS0wMQ==",
      "RequestMethod": "PUT",
      "RequestBody": "",
      "RequestHeaders": {
        "x-ms-client-request-id": [
          "1ca4581e-7855-4070-9afe-f41a027f220e"
        ],
        "accept-language": [
          "en-US"
        ],
        "User-Agent": [
          "FxVersion/4.6.1586.0",
          "OSName/Windows_10_Enterprise",
          "OSVersion/6.3.14393",
          "Microsoft.Azure.Management.DataLake.Store.DataLakeStoreFileSystemManagementClient/2.0.0-preview"
        ]
      },
      "ResponseBody": "",
      "ResponseHeaders": {
        "Content-Length": [
          "0"
        ],
        "Expires": [
          "-1"
        ],
        "Pragma": [
          "no-cache"
        ],
        "x-ms-request-id": [
          "d4c682ae-2298-486e-a3c4-1e98e2b9ea35"
        ],
        "ContentLength": [
          "0"
        ],
        "x-ms-webhdfs-version": [
          "16.07.18.01"
        ],
        "Status": [
          "0x0"
        ],
        "X-Content-Type-Options": [
          "nosniff"
        ],
        "Strict-Transport-Security": [
          "max-age=15724800; includeSubDomains"
        ],
        "Cache-Control": [
          "no-store, no-cache, max-age=0"
        ],
        "Date": [
          "Tue, 31 Jan 2017 19:51:15 GMT"
        ]
      },
      "StatusCode": 200
    },
    {
      "RequestUri": "/webhdfs/v1/?aclspec=user::rwx%2Cgroup::rwx%2Cmask::rwx%2Cother::---&op=SETACL&api-version=2016-11-01",
      "EncodedRequestUri": "L3dlYmhkZnMvdjEvP2FjbHNwZWM9dXNlciUzQSUzQXJ3eCUyQ2dyb3VwJTNBJTNBcnd4JTJDbWFzayUzQSUzQXJ3eCUyQ290aGVyJTNBJTNBLS0tJm9wPVNFVEFDTCZhcGktdmVyc2lvbj0yMDE2LTExLTAx",
      "RequestMethod": "PUT",
      "RequestBody": "",
      "RequestHeaders": {
        "x-ms-client-request-id": [
          "c651d8ed-7744-4eaa-8ea8-9d3effb5baae"
        ],
        "accept-language": [
          "en-US"
        ],
        "User-Agent": [
          "FxVersion/4.6.1586.0",
          "OSName/Windows_10_Enterprise",
          "OSVersion/6.3.14393",
          "Microsoft.Azure.Management.DataLake.Store.DataLakeStoreFileSystemManagementClient/2.0.0-preview"
        ]
      },
      "ResponseBody": "",
      "ResponseHeaders": {
        "Content-Length": [
          "0"
        ],
        "Expires": [
          "-1"
        ],
        "Pragma": [
          "no-cache"
        ],
        "x-ms-request-id": [
          "204db284-0179-4169-a05c-efa1c339901a"
        ],
        "ContentLength": [
          "0"
        ],
        "x-ms-webhdfs-version": [
          "16.07.18.01"
        ],
        "Status": [
          "0x0"
        ],
        "X-Content-Type-Options": [
          "nosniff"
        ],
        "Strict-Transport-Security": [
          "max-age=15724800; includeSubDomains"
        ],
        "Cache-Control": [
          "no-store, no-cache, max-age=0"
        ],
        "Date": [
          "Tue, 31 Jan 2017 19:51:15 GMT"
        ]
      },
      "StatusCode": 200
    },
    {
      "RequestUri": "/webhdfs/v1/?aclspec=user:027c28d5-c91d-49f0-98c5-d10134b169b3:rwx&op=MODIFYACLENTRIES&api-version=2016-11-01",
      "EncodedRequestUri": "L3dlYmhkZnMvdjEvP2FjbHNwZWM9dXNlciUzQTAyN2MyOGQ1LWM5MWQtNDlmMC05OGM1LWQxMDEzNGIxNjliMyUzQXJ3eCZvcD1NT0RJRllBQ0xFTlRSSUVTJmFwaS12ZXJzaW9uPTIwMTYtMTEtMDE=",
      "RequestMethod": "PUT",
      "RequestBody": "",
      "RequestHeaders": {
        "x-ms-client-request-id": [
          "3d5ba1dc-aa51-49e4-ab4e-6f8d18781c9a"
        ],
        "accept-language": [
          "en-US"
        ],
        "User-Agent": [
          "FxVersion/4.6.1586.0",
          "OSName/Windows_10_Enterprise",
          "OSVersion/6.3.14393",
          "Microsoft.Azure.Management.DataLake.Store.DataLakeStoreFileSystemManagementClient/2.0.0-preview"
        ]
      },
      "ResponseBody": "",
      "ResponseHeaders": {
        "Content-Length": [
          "0"
        ],
        "Expires": [
          "-1"
        ],
        "Pragma": [
          "no-cache"
        ],
        "x-ms-request-id": [
          "c5e6730e-e908-41d6-9309-4d2c6718f009"
        ],
        "ContentLength": [
          "0"
        ],
        "x-ms-webhdfs-version": [
          "16.07.18.01"
        ],
        "Status": [
          "0x0"
        ],
        "X-Content-Type-Options": [
          "nosniff"
        ],
        "Strict-Transport-Security": [
          "max-age=15724800; includeSubDomains"
        ],
        "Cache-Control": [
          "no-store, no-cache, max-age=0"
        ],
        "Date": [
          "Tue, 31 Jan 2017 19:51:16 GMT"
        ]
      },
      "StatusCode": 200
    },
    {
      "RequestUri": "/webhdfs/v1/?aclspec=user:027c28d5-c91d-49f0-98c5-d10134b169b3:rwx&op=MODIFYACLENTRIES&api-version=2016-11-01",
      "EncodedRequestUri": "L3dlYmhkZnMvdjEvP2FjbHNwZWM9dXNlciUzQTAyN2MyOGQ1LWM5MWQtNDlmMC05OGM1LWQxMDEzNGIxNjliMyUzQXJ3eCZvcD1NT0RJRllBQ0xFTlRSSUVTJmFwaS12ZXJzaW9uPTIwMTYtMTEtMDE=",
      "RequestMethod": "PUT",
      "RequestBody": "",
      "RequestHeaders": {
        "x-ms-client-request-id": [
          "c0777ce1-95a9-4512-b969-52d14ea08c10"
        ],
        "accept-language": [
          "en-US"
        ],
        "User-Agent": [
          "FxVersion/4.6.1586.0",
          "OSName/Windows_10_Enterprise",
          "OSVersion/6.3.14393",
          "Microsoft.Azure.Management.DataLake.Store.DataLakeStoreFileSystemManagementClient/2.0.0-preview"
        ]
      },
      "ResponseBody": "",
      "ResponseHeaders": {
        "Content-Length": [
          "0"
        ],
        "Expires": [
          "-1"
        ],
        "Pragma": [
          "no-cache"
        ],
        "x-ms-request-id": [
          "25d78c24-863c-4f25-899e-ed51193a59da"
        ],
        "ContentLength": [
          "0"
        ],
        "x-ms-webhdfs-version": [
          "16.07.18.01"
        ],
        "Status": [
          "0x0"
        ],
        "X-Content-Type-Options": [
          "nosniff"
        ],
        "Strict-Transport-Security": [
          "max-age=15724800; includeSubDomains"
        ],
        "Cache-Control": [
          "no-store, no-cache, max-age=0"
        ],
        "Date": [
          "Tue, 31 Jan 2017 19:51:16 GMT"
        ]
      },
      "StatusCode": 200
    },
    {
      "RequestUri": "/webhdfs/v1/?aclspec=user:027c28d5-c91d-49f0-98c5-d10134b169b3&op=REMOVEACLENTRIES&api-version=2016-11-01",
      "EncodedRequestUri": "L3dlYmhkZnMvdjEvP2FjbHNwZWM9dXNlciUzQTAyN2MyOGQ1LWM5MWQtNDlmMC05OGM1LWQxMDEzNGIxNjliMyZvcD1SRU1PVkVBQ0xFTlRSSUVTJmFwaS12ZXJzaW9uPTIwMTYtMTEtMDE=",
      "RequestMethod": "PUT",
      "RequestBody": "",
      "RequestHeaders": {
        "x-ms-client-request-id": [
          "2917e26f-e42f-4f6a-9085-2d0a44066d70"
        ],
        "accept-language": [
          "en-US"
        ],
        "User-Agent": [
          "FxVersion/4.6.1586.0",
          "OSName/Windows_10_Enterprise",
          "OSVersion/6.3.14393",
          "Microsoft.Azure.Management.DataLake.Store.DataLakeStoreFileSystemManagementClient/2.0.0-preview"
        ]
      },
      "ResponseBody": "",
      "ResponseHeaders": {
        "Content-Length": [
          "0"
        ],
        "Expires": [
          "-1"
        ],
        "Pragma": [
          "no-cache"
        ],
        "x-ms-request-id": [
          "45177d3f-6a09-42eb-9c0d-95b11a9ee2de"
        ],
        "ContentLength": [
          "0"
        ],
        "x-ms-webhdfs-version": [
          "16.07.18.01"
        ],
        "Status": [
          "0x0"
        ],
        "X-Content-Type-Options": [
          "nosniff"
        ],
        "Strict-Transport-Security": [
          "max-age=15724800; includeSubDomains"
        ],
        "Cache-Control": [
          "no-store, no-cache, max-age=0"
        ],
        "Date": [
          "Tue, 31 Jan 2017 19:51:16 GMT"
        ]
      },
      "StatusCode": 200
    },
    {
      "RequestUri": "/webhdfs/v1/?aclspec=user:027c28d5-c91d-49f0-98c5-d10134b169b3&op=REMOVEACLENTRIES&api-version=2016-11-01",
      "EncodedRequestUri": "L3dlYmhkZnMvdjEvP2FjbHNwZWM9dXNlciUzQTAyN2MyOGQ1LWM5MWQtNDlmMC05OGM1LWQxMDEzNGIxNjliMyZvcD1SRU1PVkVBQ0xFTlRSSUVTJmFwaS12ZXJzaW9uPTIwMTYtMTEtMDE=",
      "RequestMethod": "PUT",
      "RequestBody": "",
      "RequestHeaders": {
        "x-ms-client-request-id": [
          "172bc896-a0bd-4b81-b1da-32d51064d443"
        ],
        "accept-language": [
          "en-US"
        ],
        "User-Agent": [
          "FxVersion/4.6.1586.0",
          "OSName/Windows_10_Enterprise",
          "OSVersion/6.3.14393",
          "Microsoft.Azure.Management.DataLake.Store.DataLakeStoreFileSystemManagementClient/2.0.0-preview"
        ]
      },
      "ResponseBody": "",
      "ResponseHeaders": {
        "Content-Length": [
          "0"
        ],
        "Expires": [
          "-1"
        ],
        "Pragma": [
          "no-cache"
        ],
        "x-ms-request-id": [
          "9925e295-c531-403a-bfac-f959e15c0c48"
        ],
        "ContentLength": [
          "0"
        ],
        "x-ms-webhdfs-version": [
          "16.07.18.01"
        ],
        "Status": [
          "0x0"
        ],
        "X-Content-Type-Options": [
          "nosniff"
        ],
        "Strict-Transport-Security": [
          "max-age=15724800; includeSubDomains"
        ],
        "Cache-Control": [
          "no-store, no-cache, max-age=0"
        ],
        "Date": [
          "Tue, 31 Jan 2017 19:51:16 GMT"
        ]
      },
      "StatusCode": 200
    },
    {
      "RequestUri": "/webhdfs/v1/?op=REMOVEDEFAULTACL&api-version=2016-11-01",
      "EncodedRequestUri": "L3dlYmhkZnMvdjEvP29wPVJFTU9WRURFRkFVTFRBQ0wmYXBpLXZlcnNpb249MjAxNi0xMS0wMQ==",
      "RequestMethod": "PUT",
      "RequestBody": "",
      "RequestHeaders": {
        "x-ms-client-request-id": [
          "265b190a-d7c9-4b55-9850-9bbe11bc0046"
        ],
        "accept-language": [
          "en-US"
        ],
        "User-Agent": [
          "FxVersion/4.6.1586.0",
          "OSName/Windows_10_Enterprise",
          "OSVersion/6.3.14393",
          "Microsoft.Azure.Management.DataLake.Store.DataLakeStoreFileSystemManagementClient/2.0.0-preview"
        ]
      },
      "ResponseBody": "",
      "ResponseHeaders": {
        "Content-Length": [
          "0"
        ],
        "Expires": [
          "-1"
        ],
        "Pragma": [
          "no-cache"
        ],
        "x-ms-request-id": [
          "428176a1-4cd0-47b5-bde8-156a7b65ae93"
        ],
        "ContentLength": [
          "0"
        ],
        "x-ms-webhdfs-version": [
          "16.07.18.01"
        ],
        "Status": [
          "0x0"
        ],
        "X-Content-Type-Options": [
          "nosniff"
        ],
        "Strict-Transport-Security": [
          "max-age=15724800; includeSubDomains"
        ],
        "Cache-Control": [
          "no-store, no-cache, max-age=0"
        ],
        "Date": [
          "Tue, 31 Jan 2017 19:51:16 GMT"
        ]
      },
      "StatusCode": 200
    },
    {
      "RequestUri": "/webhdfs/v1/?op=REMOVEACL&api-version=2016-11-01",
      "EncodedRequestUri": "L3dlYmhkZnMvdjEvP29wPVJFTU9WRUFDTCZhcGktdmVyc2lvbj0yMDE2LTExLTAx",
      "RequestMethod": "PUT",
      "RequestBody": "",
      "RequestHeaders": {
        "x-ms-client-request-id": [
          "7e921442-c104-4c8a-bbd8-cb216f5ac757"
        ],
        "accept-language": [
          "en-US"
        ],
        "User-Agent": [
          "FxVersion/4.6.1586.0",
          "OSName/Windows_10_Enterprise",
          "OSVersion/6.3.14393",
          "Microsoft.Azure.Management.DataLake.Store.DataLakeStoreFileSystemManagementClient/2.0.0-preview"
        ]
      },
      "ResponseBody": "",
      "ResponseHeaders": {
        "Content-Length": [
          "0"
        ],
        "Expires": [
          "-1"
        ],
        "Pragma": [
          "no-cache"
        ],
        "x-ms-request-id": [
          "7bcaaaac-cdd1-4d30-aeb4-feca70fe410b"
        ],
        "ContentLength": [
          "0"
        ],
        "x-ms-webhdfs-version": [
          "16.07.18.01"
        ],
        "Status": [
          "0x0"
        ],
        "X-Content-Type-Options": [
          "nosniff"
        ],
        "Strict-Transport-Security": [
          "max-age=15724800; includeSubDomains"
        ],
        "Cache-Control": [
          "no-store, no-cache, max-age=0"
        ],
        "Date": [
          "Tue, 31 Jan 2017 19:51:16 GMT"
        ]
      },
      "StatusCode": 200
    },
    {
      "RequestUri": "/webhdfs/v1/?op=MSGETFILESTATUS&api-version=2016-11-01",
      "EncodedRequestUri": "L3dlYmhkZnMvdjEvP29wPU1TR0VURklMRVNUQVRVUyZhcGktdmVyc2lvbj0yMDE2LTExLTAx",
      "RequestMethod": "GET",
      "RequestBody": "",
      "RequestHeaders": {
        "x-ms-client-request-id": [
          "daa0b8f7-f548-4606-95dc-18eca6142c32"
        ],
        "accept-language": [
          "en-US"
        ],
        "User-Agent": [
          "FxVersion/4.6.1586.0",
          "OSName/Windows_10_Enterprise",
          "OSVersion/6.3.14393",
          "Microsoft.Azure.Management.DataLake.Store.DataLakeStoreFileSystemManagementClient/2.0.0-preview"
        ]
      },
      "ResponseBody": "{\r\n  \"FileStatus\": {\r\n    \"length\": 0,\r\n    \"pathSuffix\": \"\",\r\n    \"type\": \"DIRECTORY\",\r\n    \"blockSize\": 0,\r\n    \"accessTime\": 1485892243972,\r\n    \"modificationTime\": 1485892243981,\r\n    \"replication\": 0,\r\n    \"permission\": \"770\",\r\n    \"owner\": \"2e6c02d2-a364-4530-9137-d17403996cbf\",\r\n    \"group\": \"2e6c02d2-a364-4530-9137-d17403996cbf\",\r\n    \"aclBit\": false\r\n  }\r\n}",
      "ResponseHeaders": {
        "Content-Length": [
          "280"
        ],
        "Content-Type": [
          "application/json; charset=utf-8"
        ],
        "Expires": [
          "-1"
        ],
        "Pragma": [
          "no-cache"
        ],
        "x-ms-request-id": [
          "13356bf0-af67-4709-a109-8e7bf5bb0191"
        ],
        "x-ms-webhdfs-version": [
          "16.07.18.01"
        ],
        "Status": [
          "0x0"
        ],
        "X-Content-Type-Options": [
          "nosniff"
        ],
        "Strict-Transport-Security": [
          "max-age=15724800; includeSubDomains"
        ],
        "Cache-Control": [
          "no-store, no-cache, max-age=0"
        ],
        "Date": [
          "Tue, 31 Jan 2017 19:51:17 GMT"
        ]
      },
      "StatusCode": 200
    },
    {
      "RequestUri": "/webhdfs/v1/?op=MSGETFILESTATUS&api-version=2016-11-01",
      "EncodedRequestUri": "L3dlYmhkZnMvdjEvP29wPU1TR0VURklMRVNUQVRVUyZhcGktdmVyc2lvbj0yMDE2LTExLTAx",
      "RequestMethod": "GET",
      "RequestBody": "",
      "RequestHeaders": {
        "x-ms-client-request-id": [
          "efda8fac-1d59-41ee-bce7-3a871d908d2e"
        ],
        "accept-language": [
          "en-US"
        ],
        "User-Agent": [
          "FxVersion/4.6.1586.0",
          "OSName/Windows_10_Enterprise",
          "OSVersion/6.3.14393",
          "Microsoft.Azure.Management.DataLake.Store.DataLakeStoreFileSystemManagementClient/2.0.0-preview"
        ]
      },
      "ResponseBody": "{\r\n  \"FileStatus\": {\r\n    \"length\": 0,\r\n    \"pathSuffix\": \"\",\r\n    \"type\": \"DIRECTORY\",\r\n    \"blockSize\": 0,\r\n    \"accessTime\": 1485892243972,\r\n    \"modificationTime\": 1485892243981,\r\n    \"replication\": 0,\r\n    \"permission\": \"777\",\r\n    \"owner\": \"2e6c02d2-a364-4530-9137-d17403996cbf\",\r\n    \"group\": \"2e6c02d2-a364-4530-9137-d17403996cbf\",\r\n    \"aclBit\": false\r\n  }\r\n}",
      "ResponseHeaders": {
        "Content-Length": [
          "280"
        ],
        "Content-Type": [
          "application/json; charset=utf-8"
        ],
        "Expires": [
          "-1"
        ],
        "Pragma": [
          "no-cache"
        ],
        "x-ms-request-id": [
          "b13c8923-abe7-4eda-952a-b6b5bd8042e3"
        ],
        "x-ms-webhdfs-version": [
          "16.07.18.01"
        ],
        "Status": [
          "0x0"
        ],
        "X-Content-Type-Options": [
          "nosniff"
        ],
        "Strict-Transport-Security": [
          "max-age=15724800; includeSubDomains"
        ],
        "Cache-Control": [
          "no-store, no-cache, max-age=0"
        ],
        "Date": [
          "Tue, 31 Jan 2017 19:51:17 GMT"
        ]
      },
      "StatusCode": 200
    },
    {
      "RequestUri": "/webhdfs/v1/?permission=777&op=SETPERMISSION&api-version=2016-11-01",
      "EncodedRequestUri": "L3dlYmhkZnMvdjEvP3Blcm1pc3Npb249Nzc3Jm9wPVNFVFBFUk1JU1NJT04mYXBpLXZlcnNpb249MjAxNi0xMS0wMQ==",
      "RequestMethod": "PUT",
      "RequestBody": "",
      "RequestHeaders": {
        "x-ms-client-request-id": [
          "04e7f098-f6e7-4ee7-a64c-1308c447d794"
        ],
        "accept-language": [
          "en-US"
        ],
        "User-Agent": [
          "FxVersion/4.6.1586.0",
          "OSName/Windows_10_Enterprise",
          "OSVersion/6.3.14393",
          "Microsoft.Azure.Management.DataLake.Store.DataLakeStoreFileSystemManagementClient/2.0.0-preview"
        ]
      },
      "ResponseBody": "",
      "ResponseHeaders": {
        "Content-Length": [
          "0"
        ],
        "Expires": [
          "-1"
        ],
        "Pragma": [
          "no-cache"
        ],
        "x-ms-request-id": [
          "5dcef644-7f92-43f5-b75d-6492d03ba69f"
        ],
        "x-ms-webhdfs-version": [
          "16.07.18.01"
        ],
        "Status": [
          "0x0"
        ],
        "X-Content-Type-Options": [
          "nosniff"
        ],
        "Strict-Transport-Security": [
          "max-age=15724800; includeSubDomains"
        ],
        "Cache-Control": [
          "no-store, no-cache, max-age=0"
        ],
        "Date": [
          "Tue, 31 Jan 2017 19:51:17 GMT"
        ]
      },
      "StatusCode": 200
    },
    {
      "RequestUri": "/subscriptions/53d9063d-87ae-4ea8-be90-3686c3b8669f/resourceGroups/onesdk7773/providers/Microsoft.DataLakeStore/accounts/onesdk2304?api-version=2016-11-01",
      "EncodedRequestUri": "L3N1YnNjcmlwdGlvbnMvNTNkOTA2M2QtODdhZS00ZWE4LWJlOTAtMzY4NmMzYjg2NjlmL3Jlc291cmNlR3JvdXBzL29uZXNkazc3NzMvcHJvdmlkZXJzL01pY3Jvc29mdC5EYXRhTGFrZVN0b3JlL2FjY291bnRzL29uZXNkazIzMDQ/YXBpLXZlcnNpb249MjAxNi0xMS0wMQ==",
      "RequestMethod": "DELETE",
      "RequestBody": "",
      "RequestHeaders": {
        "x-ms-client-request-id": [
          "f5c5d4d0-a99c-46ea-bf1c-7833c62655b4"
        ],
        "accept-language": [
          "en-US"
        ],
        "User-Agent": [
          "FxVersion/4.6.1586.0",
          "OSName/Windows_10_Enterprise",
          "OSVersion/6.3.14393",
          "Microsoft.Azure.Management.DataLake.Store.DataLakeStoreAccountManagementClient/2.0.0-preview"
        ]
      },
      "ResponseBody": "",
      "ResponseHeaders": {
        "Content-Length": [
          "0"
        ],
        "Expires": [
          "-1"
        ],
        "Pragma": [
          "no-cache"
        ],
        "x-ms-request-id": [
          "6082a85c-a06a-43dd-9160-373a19fa0d04"
        ],
        "x-ms-ratelimit-remaining-subscription-writes": [
          "1196"
        ],
        "x-ms-correlation-request-id": [
          "067f322b-8ce5-44ce-bac3-1ce998fc60c8"
        ],
        "x-ms-routing-request-id": [
          "CENTRALUS:20170131T195120Z:067f322b-8ce5-44ce-bac3-1ce998fc60c8"
        ],
        "Strict-Transport-Security": [
          "max-age=31536000; includeSubDomains"
        ],
        "Connection": [
          "close"
        ],
        "Cache-Control": [
          "no-cache"
        ],
        "Date": [
          "Tue, 31 Jan 2017 19:51:20 GMT"
        ],
        "Server": [
          "Microsoft-IIS/8.5"
        ],
        "X-AspNet-Version": [
          "4.0.30319"
        ],
        "X-Powered-By": [
          "ASP.NET"
        ]
      },
      "StatusCode": 200
    },
    {
      "RequestUri": "/subscriptions/53d9063d-87ae-4ea8-be90-3686c3b8669f/resourcegroups/onesdk7773?api-version=2016-02-01",
      "EncodedRequestUri": "L3N1YnNjcmlwdGlvbnMvNTNkOTA2M2QtODdhZS00ZWE4LWJlOTAtMzY4NmMzYjg2NjlmL3Jlc291cmNlZ3JvdXBzL29uZXNkazc3NzM/YXBpLXZlcnNpb249MjAxNi0wMi0wMQ==",
      "RequestMethod": "DELETE",
      "RequestBody": "",
      "RequestHeaders": {
        "User-Agent": [
          "Microsoft.Azure.Management.Resources.ResourceManagementClient/2.0.0.0"
        ]
      },
      "ResponseBody": "",
      "ResponseHeaders": {
        "Content-Length": [
          "0"
        ],
        "Expires": [
          "-1"
        ],
        "Pragma": [
          "no-cache"
        ],
        "Retry-After": [
          "15"
        ],
        "x-ms-ratelimit-remaining-subscription-writes": [
          "1190"
        ],
        "x-ms-request-id": [
          "177dec26-df64-4a76-a449-9ae4d1bd10e3"
        ],
        "x-ms-correlation-request-id": [
          "177dec26-df64-4a76-a449-9ae4d1bd10e3"
        ],
        "x-ms-routing-request-id": [
          "CENTRALUS:20170131T195122Z:177dec26-df64-4a76-a449-9ae4d1bd10e3"
        ],
        "Strict-Transport-Security": [
          "max-age=31536000; includeSubDomains"
        ],
        "Cache-Control": [
          "no-cache"
        ],
        "Date": [
          "Tue, 31 Jan 2017 19:51:21 GMT"
        ],
        "Location": [
          "https://management.azure.com/subscriptions/53d9063d-87ae-4ea8-be90-3686c3b8669f/operationresults/eyJqb2JJZCI6IlJFU09VUkNFR1JPVVBERUxFVElPTkpPQi1PTkVTREs3NzczLUVBU1RVUzIiLCJqb2JMb2NhdGlvbiI6ImVhc3R1czIifQ?api-version=2016-02-01"
        ]
      },
      "StatusCode": 202
    },
    {
      "RequestUri": "/subscriptions/53d9063d-87ae-4ea8-be90-3686c3b8669f/operationresults/eyJqb2JJZCI6IlJFU09VUkNFR1JPVVBERUxFVElPTkpPQi1PTkVTREs3NzczLUVBU1RVUzIiLCJqb2JMb2NhdGlvbiI6ImVhc3R1czIifQ?api-version=2016-02-01",
      "EncodedRequestUri": "L3N1YnNjcmlwdGlvbnMvNTNkOTA2M2QtODdhZS00ZWE4LWJlOTAtMzY4NmMzYjg2NjlmL29wZXJhdGlvbnJlc3VsdHMvZXlKcWIySkpaQ0k2SWxKRlUwOVZVa05GUjFKUFZWQkVSVXhGVkVsUFRrcFBRaTFQVGtWVFJFczNOemN6TFVWQlUxUlZVeklpTENKcWIySk1iMk5oZEdsdmJpSTZJbVZoYzNSMWN6SWlmUT9hcGktdmVyc2lvbj0yMDE2LTAyLTAx",
      "RequestMethod": "GET",
      "RequestBody": "",
      "RequestHeaders": {
        "x-ms-version": [
          "2016-02-01"
        ],
        "User-Agent": [
          "Microsoft.Azure.Management.Resources.ResourceManagementClient/2.0.0.0"
        ]
      },
      "ResponseBody": "",
      "ResponseHeaders": {
        "Content-Length": [
          "0"
        ],
        "Expires": [
          "-1"
        ],
        "Pragma": [
          "no-cache"
        ],
        "Retry-After": [
          "15"
        ],
        "x-ms-ratelimit-remaining-subscription-reads": [
          "14988"
        ],
        "x-ms-request-id": [
          "d2474dc3-cc97-4f5d-901d-4f02ef074dce"
        ],
        "x-ms-correlation-request-id": [
          "d2474dc3-cc97-4f5d-901d-4f02ef074dce"
        ],
        "x-ms-routing-request-id": [
          "CENTRALUS:20170131T195122Z:d2474dc3-cc97-4f5d-901d-4f02ef074dce"
        ],
        "Strict-Transport-Security": [
          "max-age=31536000; includeSubDomains"
        ],
        "Cache-Control": [
          "no-cache"
        ],
        "Date": [
          "Tue, 31 Jan 2017 19:51:21 GMT"
        ],
        "Location": [
          "https://management.azure.com/subscriptions/53d9063d-87ae-4ea8-be90-3686c3b8669f/operationresults/eyJqb2JJZCI6IlJFU09VUkNFR1JPVVBERUxFVElPTkpPQi1PTkVTREs3NzczLUVBU1RVUzIiLCJqb2JMb2NhdGlvbiI6ImVhc3R1czIifQ?api-version=2016-02-01"
        ]
      },
      "StatusCode": 202
    },
    {
      "RequestUri": "/subscriptions/53d9063d-87ae-4ea8-be90-3686c3b8669f/operationresults/eyJqb2JJZCI6IlJFU09VUkNFR1JPVVBERUxFVElPTkpPQi1PTkVTREs3NzczLUVBU1RVUzIiLCJqb2JMb2NhdGlvbiI6ImVhc3R1czIifQ?api-version=2016-02-01",
      "EncodedRequestUri": "L3N1YnNjcmlwdGlvbnMvNTNkOTA2M2QtODdhZS00ZWE4LWJlOTAtMzY4NmMzYjg2NjlmL29wZXJhdGlvbnJlc3VsdHMvZXlKcWIySkpaQ0k2SWxKRlUwOVZVa05GUjFKUFZWQkVSVXhGVkVsUFRrcFBRaTFQVGtWVFJFczNOemN6TFVWQlUxUlZVeklpTENKcWIySk1iMk5oZEdsdmJpSTZJbVZoYzNSMWN6SWlmUT9hcGktdmVyc2lvbj0yMDE2LTAyLTAx",
      "RequestMethod": "GET",
      "RequestBody": "",
      "RequestHeaders": {
        "x-ms-version": [
          "2016-02-01"
        ],
        "User-Agent": [
          "Microsoft.Azure.Management.Resources.ResourceManagementClient/2.0.0.0"
        ]
      },
      "ResponseBody": "",
      "ResponseHeaders": {
        "Content-Length": [
          "0"
        ],
        "Expires": [
          "-1"
        ],
        "Pragma": [
          "no-cache"
        ],
        "Retry-After": [
          "15"
        ],
        "x-ms-ratelimit-remaining-subscription-reads": [
          "14987"
        ],
        "x-ms-request-id": [
          "88e2e835-2f95-45c9-a85e-41d3d0182530"
        ],
        "x-ms-correlation-request-id": [
          "88e2e835-2f95-45c9-a85e-41d3d0182530"
        ],
        "x-ms-routing-request-id": [
          "CENTRALUS:20170131T195137Z:88e2e835-2f95-45c9-a85e-41d3d0182530"
        ],
        "Strict-Transport-Security": [
          "max-age=31536000; includeSubDomains"
        ],
        "Cache-Control": [
          "no-cache"
        ],
        "Date": [
          "Tue, 31 Jan 2017 19:51:36 GMT"
        ],
        "Location": [
          "https://management.azure.com/subscriptions/53d9063d-87ae-4ea8-be90-3686c3b8669f/operationresults/eyJqb2JJZCI6IlJFU09VUkNFR1JPVVBERUxFVElPTkpPQi1PTkVTREs3NzczLUVBU1RVUzIiLCJqb2JMb2NhdGlvbiI6ImVhc3R1czIifQ?api-version=2016-02-01"
        ]
      },
      "StatusCode": 202
    },
    {
      "RequestUri": "/subscriptions/53d9063d-87ae-4ea8-be90-3686c3b8669f/operationresults/eyJqb2JJZCI6IlJFU09VUkNFR1JPVVBERUxFVElPTkpPQi1PTkVTREs3NzczLUVBU1RVUzIiLCJqb2JMb2NhdGlvbiI6ImVhc3R1czIifQ?api-version=2016-02-01",
      "EncodedRequestUri": "L3N1YnNjcmlwdGlvbnMvNTNkOTA2M2QtODdhZS00ZWE4LWJlOTAtMzY4NmMzYjg2NjlmL29wZXJhdGlvbnJlc3VsdHMvZXlKcWIySkpaQ0k2SWxKRlUwOVZVa05GUjFKUFZWQkVSVXhGVkVsUFRrcFBRaTFQVGtWVFJFczNOemN6TFVWQlUxUlZVeklpTENKcWIySk1iMk5oZEdsdmJpSTZJbVZoYzNSMWN6SWlmUT9hcGktdmVyc2lvbj0yMDE2LTAyLTAx",
      "RequestMethod": "GET",
      "RequestBody": "",
      "RequestHeaders": {
        "x-ms-version": [
          "2016-02-01"
        ],
        "User-Agent": [
          "Microsoft.Azure.Management.Resources.ResourceManagementClient/2.0.0.0"
        ]
      },
      "ResponseBody": "",
      "ResponseHeaders": {
        "Content-Length": [
          "0"
        ],
        "Expires": [
          "-1"
        ],
        "Pragma": [
          "no-cache"
        ],
        "Retry-After": [
          "15"
        ],
        "x-ms-ratelimit-remaining-subscription-reads": [
          "14986"
        ],
        "x-ms-request-id": [
          "39bce157-95fd-4ac8-8aaa-7505d6d2b5d8"
        ],
        "x-ms-correlation-request-id": [
          "39bce157-95fd-4ac8-8aaa-7505d6d2b5d8"
        ],
        "x-ms-routing-request-id": [
          "CENTRALUS:20170131T195152Z:39bce157-95fd-4ac8-8aaa-7505d6d2b5d8"
        ],
        "Strict-Transport-Security": [
          "max-age=31536000; includeSubDomains"
        ],
        "Cache-Control": [
          "no-cache"
        ],
        "Date": [
          "Tue, 31 Jan 2017 19:51:51 GMT"
        ],
        "Location": [
          "https://management.azure.com/subscriptions/53d9063d-87ae-4ea8-be90-3686c3b8669f/operationresults/eyJqb2JJZCI6IlJFU09VUkNFR1JPVVBERUxFVElPTkpPQi1PTkVTREs3NzczLUVBU1RVUzIiLCJqb2JMb2NhdGlvbiI6ImVhc3R1czIifQ?api-version=2016-02-01"
        ]
      },
      "StatusCode": 202
    },
    {
      "RequestUri": "/subscriptions/53d9063d-87ae-4ea8-be90-3686c3b8669f/operationresults/eyJqb2JJZCI6IlJFU09VUkNFR1JPVVBERUxFVElPTkpPQi1PTkVTREs3NzczLUVBU1RVUzIiLCJqb2JMb2NhdGlvbiI6ImVhc3R1czIifQ?api-version=2016-02-01",
      "EncodedRequestUri": "L3N1YnNjcmlwdGlvbnMvNTNkOTA2M2QtODdhZS00ZWE4LWJlOTAtMzY4NmMzYjg2NjlmL29wZXJhdGlvbnJlc3VsdHMvZXlKcWIySkpaQ0k2SWxKRlUwOVZVa05GUjFKUFZWQkVSVXhGVkVsUFRrcFBRaTFQVGtWVFJFczNOemN6TFVWQlUxUlZVeklpTENKcWIySk1iMk5oZEdsdmJpSTZJbVZoYzNSMWN6SWlmUT9hcGktdmVyc2lvbj0yMDE2LTAyLTAx",
      "RequestMethod": "GET",
      "RequestBody": "",
      "RequestHeaders": {
        "x-ms-version": [
          "2016-02-01"
        ],
        "User-Agent": [
          "Microsoft.Azure.Management.Resources.ResourceManagementClient/2.0.0.0"
        ]
      },
      "ResponseBody": "",
      "ResponseHeaders": {
        "Content-Length": [
          "0"
        ],
        "Expires": [
          "-1"
        ],
        "Pragma": [
          "no-cache"
        ],
        "x-ms-ratelimit-remaining-subscription-reads": [
          "14985"
        ],
        "x-ms-request-id": [
          "ff29e479-e5c8-4c74-9d0f-628d00533d26"
        ],
        "x-ms-correlation-request-id": [
          "ff29e479-e5c8-4c74-9d0f-628d00533d26"
        ],
        "x-ms-routing-request-id": [
          "CENTRALUS:20170131T195207Z:ff29e479-e5c8-4c74-9d0f-628d00533d26"
        ],
        "Strict-Transport-Security": [
          "max-age=31536000; includeSubDomains"
        ],
        "Cache-Control": [
          "no-cache"
        ],
        "Date": [
          "Tue, 31 Jan 2017 19:52:07 GMT"
        ]
      },
      "StatusCode": 200
    }
  ],
  "Names": {
    "Test-DataLakeStoreFileSystemPermissions": [
      "onesdk7773",
      "onesdk2304"
    ]
  },
  "Variables": {
    "SubscriptionId": "53d9063d-87ae-4ea8-be90-3686c3b8669f"
  }
}