{
  "Entries": [
    {
      "RequestUri": "/subscriptions/53d9063d-87ae-4ea8-be90-3686c3b8669f/providers/Microsoft.DataLakeStore/register?api-version=2016-02-01",
      "EncodedRequestUri": "L3N1YnNjcmlwdGlvbnMvNTNkOTA2M2QtODdhZS00ZWE4LWJlOTAtMzY4NmMzYjg2NjlmL3Byb3ZpZGVycy9NaWNyb3NvZnQuRGF0YUxha2VTdG9yZS9yZWdpc3Rlcj9hcGktdmVyc2lvbj0yMDE2LTAyLTAx",
      "RequestMethod": "POST",
      "RequestBody": "",
      "RequestHeaders": {
        "User-Agent": [
          "Microsoft.Azure.Management.Resources.ResourceManagementClient/2.0.0.0"
        ]
      },
      "ResponseBody": "{\r\n  \"id\": \"/subscriptions/53d9063d-87ae-4ea8-be90-3686c3b8669f/providers/Microsoft.DataLakeStore\",\r\n  \"namespace\": \"Microsoft.DataLakeStore\",\r\n  \"resourceTypes\": [\r\n    {\r\n      \"resourceType\": \"operations\",\r\n      \"locations\": [],\r\n      \"apiVersions\": [\r\n        \"2015-10-01-preview\"\r\n      ]\r\n    },\r\n    {\r\n      \"resourceType\": \"accounts\",\r\n      \"locations\": [\r\n        \"East US 2\"\r\n      ],\r\n      \"apiVersions\": [\r\n        \"2015-10-01-preview\"\r\n      ],\r\n      \"capabilities\": \"CrossResourceGroupResourceMove, CrossSubscriptionResourceMove, SystemAssignedResourceIdentity\"\r\n    },\r\n    {\r\n      \"resourceType\": \"accounts/firewallRules\",\r\n      \"locations\": [\r\n        \"East US 2\"\r\n      ],\r\n      \"apiVersions\": [\r\n        \"2015-10-01-preview\"\r\n      ]\r\n    },\r\n    {\r\n      \"resourceType\": \"locations\",\r\n      \"locations\": [],\r\n      \"apiVersions\": [\r\n        \"2015-10-01-preview\"\r\n      ]\r\n    },\r\n    {\r\n      \"resourceType\": \"locations/operationresults\",\r\n      \"locations\": [],\r\n      \"apiVersions\": [\r\n        \"2015-10-01-preview\"\r\n      ]\r\n    },\r\n    {\r\n      \"resourceType\": \"locations/checkNameAvailability\",\r\n      \"locations\": [],\r\n      \"apiVersions\": [\r\n        \"2015-10-01-preview\"\r\n      ]\r\n    },\r\n    {\r\n      \"resourceType\": \"locations/capability\",\r\n      \"locations\": [],\r\n      \"apiVersions\": [\r\n        \"2015-10-01-preview\"\r\n      ]\r\n    }\r\n  ],\r\n  \"registrationState\": \"Registered\"\r\n}",
      "ResponseHeaders": {
        "Content-Length": [
          "946"
        ],
        "Content-Type": [
          "application/json; charset=utf-8"
        ],
        "Expires": [
          "-1"
        ],
        "Pragma": [
          "no-cache"
        ],
        "x-ms-ratelimit-remaining-subscription-writes": [
          "1197"
        ],
        "x-ms-request-id": [
          "6898edd5-84b7-4e24-a747-dc64f7f45bcc"
        ],
        "x-ms-correlation-request-id": [
          "6898edd5-84b7-4e24-a747-dc64f7f45bcc"
        ],
        "x-ms-routing-request-id": [
          "WESTUS2:20160907T002958Z:6898edd5-84b7-4e24-a747-dc64f7f45bcc"
        ],
        "Strict-Transport-Security": [
          "max-age=31536000; includeSubDomains"
        ],
        "Cache-Control": [
          "no-cache"
        ],
        "Date": [
          "Wed, 07 Sep 2016 00:29:57 GMT"
        ]
      },
      "StatusCode": 200
    },
    {
      "RequestUri": "/subscriptions/53d9063d-87ae-4ea8-be90-3686c3b8669f/providers/Microsoft.DataLakeStore?api-version=2016-02-01",
      "EncodedRequestUri": "L3N1YnNjcmlwdGlvbnMvNTNkOTA2M2QtODdhZS00ZWE4LWJlOTAtMzY4NmMzYjg2NjlmL3Byb3ZpZGVycy9NaWNyb3NvZnQuRGF0YUxha2VTdG9yZT9hcGktdmVyc2lvbj0yMDE2LTAyLTAx",
      "RequestMethod": "GET",
      "RequestBody": "",
      "RequestHeaders": {
        "User-Agent": [
          "Microsoft.Azure.Management.Resources.ResourceManagementClient/2.0.0.0"
        ]
      },
      "ResponseBody": "{\r\n  \"id\": \"/subscriptions/53d9063d-87ae-4ea8-be90-3686c3b8669f/providers/Microsoft.DataLakeStore\",\r\n  \"namespace\": \"Microsoft.DataLakeStore\",\r\n  \"resourceTypes\": [\r\n    {\r\n      \"resourceType\": \"operations\",\r\n      \"locations\": [],\r\n      \"apiVersions\": [\r\n        \"2015-10-01-preview\"\r\n      ]\r\n    },\r\n    {\r\n      \"resourceType\": \"accounts\",\r\n      \"locations\": [\r\n        \"East US 2\"\r\n      ],\r\n      \"apiVersions\": [\r\n        \"2015-10-01-preview\"\r\n      ],\r\n      \"capabilities\": \"CrossResourceGroupResourceMove, CrossSubscriptionResourceMove, SystemAssignedResourceIdentity\"\r\n    },\r\n    {\r\n      \"resourceType\": \"accounts/firewallRules\",\r\n      \"locations\": [\r\n        \"East US 2\"\r\n      ],\r\n      \"apiVersions\": [\r\n        \"2015-10-01-preview\"\r\n      ]\r\n    },\r\n    {\r\n      \"resourceType\": \"locations\",\r\n      \"locations\": [],\r\n      \"apiVersions\": [\r\n        \"2015-10-01-preview\"\r\n      ]\r\n    },\r\n    {\r\n      \"resourceType\": \"locations/operationresults\",\r\n      \"locations\": [],\r\n      \"apiVersions\": [\r\n        \"2015-10-01-preview\"\r\n      ]\r\n    },\r\n    {\r\n      \"resourceType\": \"locations/checkNameAvailability\",\r\n      \"locations\": [],\r\n      \"apiVersions\": [\r\n        \"2015-10-01-preview\"\r\n      ]\r\n    },\r\n    {\r\n      \"resourceType\": \"locations/capability\",\r\n      \"locations\": [],\r\n      \"apiVersions\": [\r\n        \"2015-10-01-preview\"\r\n      ]\r\n    }\r\n  ],\r\n  \"registrationState\": \"Registered\"\r\n}",
      "ResponseHeaders": {
        "Content-Length": [
          "946"
        ],
        "Content-Type": [
          "application/json; charset=utf-8"
        ],
        "Expires": [
          "-1"
        ],
        "Pragma": [
          "no-cache"
        ],
        "x-ms-ratelimit-remaining-subscription-reads": [
          "14995"
        ],
        "x-ms-request-id": [
          "d591fdb3-9238-48d0-adc1-058fc5f9e26d"
        ],
        "x-ms-correlation-request-id": [
          "d591fdb3-9238-48d0-adc1-058fc5f9e26d"
        ],
        "x-ms-routing-request-id": [
          "WESTUS2:20160907T002958Z:d591fdb3-9238-48d0-adc1-058fc5f9e26d"
        ],
        "Strict-Transport-Security": [
          "max-age=31536000; includeSubDomains"
        ],
        "Cache-Control": [
          "no-cache"
        ],
        "Date": [
          "Wed, 07 Sep 2016 00:29:57 GMT"
        ]
      },
      "StatusCode": 200
    },
    {
      "RequestUri": "/subscriptions/53d9063d-87ae-4ea8-be90-3686c3b8669f/resourcegroups/onesdk880?api-version=2016-02-01",
      "EncodedRequestUri": "L3N1YnNjcmlwdGlvbnMvNTNkOTA2M2QtODdhZS00ZWE4LWJlOTAtMzY4NmMzYjg2NjlmL3Jlc291cmNlZ3JvdXBzL29uZXNkazg4MD9hcGktdmVyc2lvbj0yMDE2LTAyLTAx",
      "RequestMethod": "PUT",
      "RequestBody": "{\r\n  \"location\": \"East US 2\"\r\n}",
      "RequestHeaders": {
        "Content-Type": [
          "application/json; charset=utf-8"
        ],
        "Content-Length": [
          "31"
        ],
        "User-Agent": [
          "Microsoft.Azure.Management.Resources.ResourceManagementClient/2.0.0.0"
        ]
      },
      "ResponseBody": "{\r\n  \"id\": \"/subscriptions/53d9063d-87ae-4ea8-be90-3686c3b8669f/resourceGroups/onesdk880\",\r\n  \"name\": \"onesdk880\",\r\n  \"location\": \"eastus2\",\r\n  \"properties\": {\r\n    \"provisioningState\": \"Succeeded\"\r\n  }\r\n}",
      "ResponseHeaders": {
        "Content-Length": [
          "172"
        ],
        "Content-Type": [
          "application/json; charset=utf-8"
        ],
        "Expires": [
          "-1"
        ],
        "Pragma": [
          "no-cache"
        ],
        "x-ms-ratelimit-remaining-subscription-writes": [
          "1198"
        ],
        "x-ms-request-id": [
          "b32979fd-103b-4791-bc4e-4782401f024e"
        ],
        "x-ms-correlation-request-id": [
          "b32979fd-103b-4791-bc4e-4782401f024e"
        ],
        "x-ms-routing-request-id": [
          "WESTUS2:20160907T003000Z:b32979fd-103b-4791-bc4e-4782401f024e"
        ],
        "Strict-Transport-Security": [
          "max-age=31536000; includeSubDomains"
        ],
        "Cache-Control": [
          "no-cache"
        ],
        "Date": [
          "Wed, 07 Sep 2016 00:29:59 GMT"
        ]
      },
      "StatusCode": 201
    },
    {
      "RequestUri": "/subscriptions/53d9063d-87ae-4ea8-be90-3686c3b8669f/resourceGroups/onesdk880/providers/Microsoft.DataLakeStore/accounts/onesdk8540?api-version=2015-10-01-preview",
      "EncodedRequestUri": "L3N1YnNjcmlwdGlvbnMvNTNkOTA2M2QtODdhZS00ZWE4LWJlOTAtMzY4NmMzYjg2NjlmL3Jlc291cmNlR3JvdXBzL29uZXNkazg4MC9wcm92aWRlcnMvTWljcm9zb2Z0LkRhdGFMYWtlU3RvcmUvYWNjb3VudHMvb25lc2RrODU0MD9hcGktdmVyc2lvbj0yMDE1LTEwLTAxLXByZXZpZXc=",
      "RequestMethod": "GET",
      "RequestBody": "",
      "RequestHeaders": {
        "x-ms-client-request-id": [
          "5ce1806d-4714-4a80-bd77-657f9445b98f"
        ],
        "accept-language": [
          "en-US"
        ],
        "User-Agent": [
          "Microsoft.Azure.Management.DataLake.Store.DataLakeStoreAccountManagementClient/0.12.5-preview"
        ]
      },
      "ResponseBody": "{\r\n  \"error\": {\r\n    \"code\": \"ResourceNotFound\",\r\n    \"message\": \"The Resource 'Microsoft.DataLakeStore/accounts/onesdk8540' under resource group 'onesdk880' was not found.\"\r\n  }\r\n}",
      "ResponseHeaders": {
        "Content-Length": [
          "156"
        ],
        "Content-Type": [
          "application/json; charset=utf-8"
        ],
        "Expires": [
          "-1"
        ],
        "Pragma": [
          "no-cache"
        ],
        "x-ms-failure-cause": [
          "gateway"
        ],
        "x-ms-request-id": [
          "dc9213b4-40be-475e-a25c-420cd13d3e39"
        ],
        "x-ms-correlation-request-id": [
          "dc9213b4-40be-475e-a25c-420cd13d3e39"
        ],
        "x-ms-routing-request-id": [
          "WESTUS2:20160907T003000Z:dc9213b4-40be-475e-a25c-420cd13d3e39"
        ],
        "Strict-Transport-Security": [
          "max-age=31536000; includeSubDomains"
        ],
        "Cache-Control": [
          "no-cache"
        ],
        "Date": [
          "Wed, 07 Sep 2016 00:30:00 GMT"
        ]
      },
      "StatusCode": 404
    },
    {
      "RequestUri": "/subscriptions/53d9063d-87ae-4ea8-be90-3686c3b8669f/resourceGroups/onesdk880/providers/Microsoft.DataLakeStore/accounts/onesdk8540?api-version=2015-10-01-preview",
      "EncodedRequestUri": "L3N1YnNjcmlwdGlvbnMvNTNkOTA2M2QtODdhZS00ZWE4LWJlOTAtMzY4NmMzYjg2NjlmL3Jlc291cmNlR3JvdXBzL29uZXNkazg4MC9wcm92aWRlcnMvTWljcm9zb2Z0LkRhdGFMYWtlU3RvcmUvYWNjb3VudHMvb25lc2RrODU0MD9hcGktdmVyc2lvbj0yMDE1LTEwLTAxLXByZXZpZXc=",
      "RequestMethod": "GET",
      "RequestBody": "",
      "RequestHeaders": {
        "x-ms-client-request-id": [
          "b384f5bd-0384-4741-aefe-f0edb90a6536"
        ],
        "accept-language": [
          "en-US"
        ],
        "User-Agent": [
          "Microsoft.Azure.Management.DataLake.Store.DataLakeStoreAccountManagementClient/0.12.5-preview"
        ]
      },
      "ResponseBody": "{\r\n  \"error\": {\r\n    \"code\": \"ResourceNotFound\",\r\n    \"message\": \"The Resource 'Microsoft.DataLakeStore/accounts/onesdk8540' under resource group 'onesdk880' was not found.\"\r\n  }\r\n}",
      "ResponseHeaders": {
        "Content-Length": [
          "156"
        ],
        "Content-Type": [
          "application/json; charset=utf-8"
        ],
        "Expires": [
          "-1"
        ],
        "Pragma": [
          "no-cache"
        ],
        "x-ms-failure-cause": [
          "gateway"
        ],
        "x-ms-request-id": [
          "cc4b31ba-739b-4fa2-af7a-3ba739c77670"
        ],
        "x-ms-correlation-request-id": [
          "cc4b31ba-739b-4fa2-af7a-3ba739c77670"
        ],
        "x-ms-routing-request-id": [
          "WESTUS2:20160907T003000Z:cc4b31ba-739b-4fa2-af7a-3ba739c77670"
        ],
        "Strict-Transport-Security": [
          "max-age=31536000; includeSubDomains"
        ],
        "Cache-Control": [
          "no-cache"
        ],
        "Date": [
          "Wed, 07 Sep 2016 00:30:00 GMT"
        ]
      },
      "StatusCode": 404
    },
    {
      "RequestUri": "/subscriptions/53d9063d-87ae-4ea8-be90-3686c3b8669f/resourceGroups/onesdk880/providers/Microsoft.DataLakeStore/accounts/onesdk8540?api-version=2015-10-01-preview",
      "EncodedRequestUri": "L3N1YnNjcmlwdGlvbnMvNTNkOTA2M2QtODdhZS00ZWE4LWJlOTAtMzY4NmMzYjg2NjlmL3Jlc291cmNlR3JvdXBzL29uZXNkazg4MC9wcm92aWRlcnMvTWljcm9zb2Z0LkRhdGFMYWtlU3RvcmUvYWNjb3VudHMvb25lc2RrODU0MD9hcGktdmVyc2lvbj0yMDE1LTEwLTAxLXByZXZpZXc=",
      "RequestMethod": "GET",
      "RequestBody": "",
      "RequestHeaders": {
        "User-Agent": [
          "Microsoft.Azure.Management.DataLake.Store.DataLakeStoreAccountManagementClient/0.12.5-preview"
        ]
      },
      "ResponseBody": "{\r\n  \"properties\": {\r\n    \"firewallState\": \"Disabled\",\r\n    \"firewallRules\": [],\r\n    \"trustedIdProviderState\": \"Disabled\",\r\n    \"trustedIdProviders\": [],\r\n    \"encryptionConfig\": {},\r\n    \"provisioningState\": \"Succeeded\",\r\n    \"state\": \"Active\",\r\n    \"endpoint\": \"onesdk8540.azuredatalakestore.net\",\r\n    \"accountId\": \"579dfa34-5976-49bb-8fd3-4bf3c5a8ba22\",\r\n    \"creationTime\": \"2016-09-07T00:30:01.7543521Z\",\r\n    \"lastModifiedTime\": \"2016-09-07T00:30:01.7543521Z\"\r\n  },\r\n  \"location\": \"East US 2\",\r\n  \"tags\": {},\r\n  \"id\": \"/subscriptions/53d9063d-87ae-4ea8-be90-3686c3b8669f/resourceGroups/onesdk880/providers/Microsoft.DataLakeStore/accounts/onesdk8540\",\r\n  \"name\": \"onesdk8540\",\r\n  \"type\": \"Microsoft.DataLakeStore/accounts\"\r\n}",
      "ResponseHeaders": {
        "Content-Length": [
          "620"
        ],
        "Content-Type": [
          "application/json"
        ],
        "Expires": [
          "-1"
        ],
        "Pragma": [
          "no-cache"
        ],
        "x-ms-request-id": [
          "43e0a477-0879-4c71-8de2-33d95810203e"
        ],
        "x-ms-ratelimit-remaining-subscription-reads": [
          "14996"
        ],
        "x-ms-correlation-request-id": [
          "5361c915-9907-43a0-8f65-b61ebc28ae2a"
        ],
        "x-ms-routing-request-id": [
          "WESTUS2:20160907T003033Z:5361c915-9907-43a0-8f65-b61ebc28ae2a"
        ],
        "Strict-Transport-Security": [
          "max-age=31536000; includeSubDomains"
        ],
        "Connection": [
          "close"
        ],
        "Cache-Control": [
          "no-cache"
        ],
        "Date": [
          "Wed, 07 Sep 2016 00:30:33 GMT"
        ],
        "Server": [
          "Microsoft-IIS/8.5"
        ],
        "X-AspNet-Version": [
          "4.0.30319"
        ],
        "X-Powered-By": [
          "ASP.NET"
        ]
      },
      "StatusCode": 200
    },
    {
      "RequestUri": "/subscriptions/53d9063d-87ae-4ea8-be90-3686c3b8669f/resourceGroups/onesdk880/providers/Microsoft.DataLakeStore/accounts/onesdk8540?api-version=2015-10-01-preview",
      "EncodedRequestUri": "L3N1YnNjcmlwdGlvbnMvNTNkOTA2M2QtODdhZS00ZWE4LWJlOTAtMzY4NmMzYjg2NjlmL3Jlc291cmNlR3JvdXBzL29uZXNkazg4MC9wcm92aWRlcnMvTWljcm9zb2Z0LkRhdGFMYWtlU3RvcmUvYWNjb3VudHMvb25lc2RrODU0MD9hcGktdmVyc2lvbj0yMDE1LTEwLTAxLXByZXZpZXc=",
      "RequestMethod": "GET",
      "RequestBody": "",
      "RequestHeaders": {
        "x-ms-client-request-id": [
          "2bd749a8-f82f-44bf-804b-e7c1cd8c2260"
        ],
        "accept-language": [
          "en-US"
        ],
        "User-Agent": [
          "Microsoft.Azure.Management.DataLake.Store.DataLakeStoreAccountManagementClient/0.12.5-preview"
        ]
      },
      "ResponseBody": "{\r\n  \"properties\": {\r\n    \"firewallState\": \"Disabled\",\r\n    \"firewallRules\": [],\r\n    \"trustedIdProviderState\": \"Disabled\",\r\n    \"trustedIdProviders\": [],\r\n    \"encryptionConfig\": {},\r\n    \"provisioningState\": \"Succeeded\",\r\n    \"state\": \"Active\",\r\n    \"endpoint\": \"onesdk8540.azuredatalakestore.net\",\r\n    \"accountId\": \"579dfa34-5976-49bb-8fd3-4bf3c5a8ba22\",\r\n    \"creationTime\": \"2016-09-07T00:30:01.7543521Z\",\r\n    \"lastModifiedTime\": \"2016-09-07T00:30:01.7543521Z\"\r\n  },\r\n  \"location\": \"East US 2\",\r\n  \"tags\": {},\r\n  \"id\": \"/subscriptions/53d9063d-87ae-4ea8-be90-3686c3b8669f/resourceGroups/onesdk880/providers/Microsoft.DataLakeStore/accounts/onesdk8540\",\r\n  \"name\": \"onesdk8540\",\r\n  \"type\": \"Microsoft.DataLakeStore/accounts\"\r\n}",
      "ResponseHeaders": {
        "Content-Length": [
          "620"
        ],
        "Content-Type": [
          "application/json"
        ],
        "Expires": [
          "-1"
        ],
        "Pragma": [
          "no-cache"
        ],
        "x-ms-request-id": [
          "3a2c0fa3-53bd-43ba-b517-58793a10c18b"
        ],
        "x-ms-ratelimit-remaining-subscription-reads": [
          "14991"
        ],
        "x-ms-correlation-request-id": [
          "63a3ffed-f549-4cea-815a-8f727cfc6bd9"
        ],
        "x-ms-routing-request-id": [
          "WESTUS2:20160907T003034Z:63a3ffed-f549-4cea-815a-8f727cfc6bd9"
        ],
        "Strict-Transport-Security": [
          "max-age=31536000; includeSubDomains"
        ],
        "Connection": [
          "close"
        ],
        "Cache-Control": [
          "no-cache"
        ],
        "Date": [
          "Wed, 07 Sep 2016 00:30:34 GMT"
        ],
        "Server": [
          "Microsoft-IIS/8.5"
        ],
        "X-AspNet-Version": [
          "4.0.30319"
        ],
        "X-Powered-By": [
          "ASP.NET"
        ]
      },
      "StatusCode": 200
    },
    {
      "RequestUri": "/subscriptions/53d9063d-87ae-4ea8-be90-3686c3b8669f/resourceGroups/onesdk880/providers/Microsoft.DataLakeStore/accounts/onesdk8540?api-version=2015-10-01-preview",
      "EncodedRequestUri": "L3N1YnNjcmlwdGlvbnMvNTNkOTA2M2QtODdhZS00ZWE4LWJlOTAtMzY4NmMzYjg2NjlmL3Jlc291cmNlR3JvdXBzL29uZXNkazg4MC9wcm92aWRlcnMvTWljcm9zb2Z0LkRhdGFMYWtlU3RvcmUvYWNjb3VudHMvb25lc2RrODU0MD9hcGktdmVyc2lvbj0yMDE1LTEwLTAxLXByZXZpZXc=",
      "RequestMethod": "GET",
      "RequestBody": "",
      "RequestHeaders": {
        "x-ms-client-request-id": [
          "90257b02-165e-46fd-a945-31c5dd57366a"
        ],
        "accept-language": [
          "en-US"
        ],
        "User-Agent": [
          "Microsoft.Azure.Management.DataLake.Store.DataLakeStoreAccountManagementClient/0.12.5-preview"
        ]
      },
      "ResponseBody": "{\r\n  \"properties\": {\r\n    \"firewallState\": \"Disabled\",\r\n    \"firewallRules\": [],\r\n    \"trustedIdProviderState\": \"Disabled\",\r\n    \"trustedIdProviders\": [],\r\n    \"encryptionConfig\": {},\r\n    \"provisioningState\": \"Succeeded\",\r\n    \"state\": \"Active\",\r\n    \"endpoint\": \"onesdk8540.azuredatalakestore.net\",\r\n    \"accountId\": \"579dfa34-5976-49bb-8fd3-4bf3c5a8ba22\",\r\n    \"creationTime\": \"2016-09-07T00:30:01.7543521Z\",\r\n    \"lastModifiedTime\": \"2016-09-07T00:30:01.7543521Z\"\r\n  },\r\n  \"location\": \"East US 2\",\r\n  \"tags\": {},\r\n  \"id\": \"/subscriptions/53d9063d-87ae-4ea8-be90-3686c3b8669f/resourceGroups/onesdk880/providers/Microsoft.DataLakeStore/accounts/onesdk8540\",\r\n  \"name\": \"onesdk8540\",\r\n  \"type\": \"Microsoft.DataLakeStore/accounts\"\r\n}",
      "ResponseHeaders": {
        "Content-Length": [
          "620"
        ],
        "Content-Type": [
          "application/json"
        ],
        "Expires": [
          "-1"
        ],
        "Pragma": [
          "no-cache"
        ],
        "x-ms-request-id": [
          "2bf46ad0-74ce-46aa-b2ac-d480b07eef99"
        ],
        "x-ms-ratelimit-remaining-subscription-reads": [
          "14996"
        ],
        "x-ms-correlation-request-id": [
          "20ad0515-89b3-49b7-87c0-b7ff670310ea"
        ],
        "x-ms-routing-request-id": [
          "WESTUS2:20160907T003038Z:20ad0515-89b3-49b7-87c0-b7ff670310ea"
        ],
        "Strict-Transport-Security": [
          "max-age=31536000; includeSubDomains"
        ],
        "Connection": [
          "close"
        ],
        "Cache-Control": [
          "no-cache"
        ],
        "Date": [
          "Wed, 07 Sep 2016 00:30:38 GMT"
        ],
        "Server": [
          "Microsoft-IIS/8.5"
        ],
        "X-AspNet-Version": [
          "4.0.30319"
        ],
        "X-Powered-By": [
          "ASP.NET"
        ]
      },
      "StatusCode": 200
    },
    {
      "RequestUri": "/subscriptions/53d9063d-87ae-4ea8-be90-3686c3b8669f/resourceGroups/onesdk880/providers/Microsoft.DataLakeStore/accounts/onesdk8540?api-version=2015-10-01-preview",
      "EncodedRequestUri": "L3N1YnNjcmlwdGlvbnMvNTNkOTA2M2QtODdhZS00ZWE4LWJlOTAtMzY4NmMzYjg2NjlmL3Jlc291cmNlR3JvdXBzL29uZXNkazg4MC9wcm92aWRlcnMvTWljcm9zb2Z0LkRhdGFMYWtlU3RvcmUvYWNjb3VudHMvb25lc2RrODU0MD9hcGktdmVyc2lvbj0yMDE1LTEwLTAxLXByZXZpZXc=",
      "RequestMethod": "GET",
      "RequestBody": "",
      "RequestHeaders": {
        "x-ms-client-request-id": [
          "8c53f1c3-dcc4-4bce-8186-768f91a9c1bb"
        ],
        "accept-language": [
          "en-US"
        ],
        "User-Agent": [
          "Microsoft.Azure.Management.DataLake.Store.DataLakeStoreAccountManagementClient/0.12.5-preview"
        ]
      },
      "ResponseBody": "{\r\n  \"error\": {\r\n    \"code\": \"ResourceNotFound\",\r\n    \"message\": \"The Resource 'Microsoft.DataLakeStore/accounts/onesdk8540' under resource group 'onesdk880' was not found.\"\r\n  }\r\n}",
      "ResponseHeaders": {
        "Content-Length": [
          "156"
        ],
        "Content-Type": [
          "application/json; charset=utf-8"
        ],
        "Expires": [
          "-1"
        ],
        "Pragma": [
          "no-cache"
        ],
        "x-ms-failure-cause": [
          "gateway"
        ],
        "x-ms-request-id": [
          "16ea4f7f-50e0-4dbc-afa4-71bbc6651a62"
        ],
        "x-ms-correlation-request-id": [
          "16ea4f7f-50e0-4dbc-afa4-71bbc6651a62"
        ],
        "x-ms-routing-request-id": [
          "WESTUS2:20160907T003041Z:16ea4f7f-50e0-4dbc-afa4-71bbc6651a62"
        ],
        "Strict-Transport-Security": [
          "max-age=31536000; includeSubDomains"
        ],
        "Cache-Control": [
          "no-cache"
        ],
        "Date": [
          "Wed, 07 Sep 2016 00:30:41 GMT"
        ]
      },
      "StatusCode": 404
    },
    {
      "RequestUri": "/subscriptions/53d9063d-87ae-4ea8-be90-3686c3b8669f/resourceGroups/onesdk880/providers/Microsoft.DataLakeStore/accounts/onesdk8540?api-version=2015-10-01-preview",
      "EncodedRequestUri": "L3N1YnNjcmlwdGlvbnMvNTNkOTA2M2QtODdhZS00ZWE4LWJlOTAtMzY4NmMzYjg2NjlmL3Jlc291cmNlR3JvdXBzL29uZXNkazg4MC9wcm92aWRlcnMvTWljcm9zb2Z0LkRhdGFMYWtlU3RvcmUvYWNjb3VudHMvb25lc2RrODU0MD9hcGktdmVyc2lvbj0yMDE1LTEwLTAxLXByZXZpZXc=",
      "RequestMethod": "GET",
      "RequestBody": "",
      "RequestHeaders": {
        "x-ms-client-request-id": [
          "e6cafa23-8180-4f1d-8196-7a03864dea83"
        ],
        "accept-language": [
          "en-US"
        ],
        "User-Agent": [
          "Microsoft.Azure.Management.DataLake.Store.DataLakeStoreAccountManagementClient/0.12.5-preview"
        ]
      },
      "ResponseBody": "{\r\n  \"error\": {\r\n    \"code\": \"ResourceNotFound\",\r\n    \"message\": \"The Resource 'Microsoft.DataLakeStore/accounts/onesdk8540' under resource group 'onesdk880' was not found.\"\r\n  }\r\n}",
      "ResponseHeaders": {
        "Content-Length": [
          "156"
        ],
        "Content-Type": [
          "application/json; charset=utf-8"
        ],
        "Expires": [
          "-1"
        ],
        "Pragma": [
          "no-cache"
        ],
        "x-ms-failure-cause": [
          "gateway"
        ],
        "x-ms-request-id": [
          "fc015c6f-79b3-4648-b1c8-4572dd3799e0"
        ],
        "x-ms-correlation-request-id": [
          "fc015c6f-79b3-4648-b1c8-4572dd3799e0"
        ],
        "x-ms-routing-request-id": [
          "WESTUS2:20160907T003041Z:fc015c6f-79b3-4648-b1c8-4572dd3799e0"
        ],
        "Strict-Transport-Security": [
          "max-age=31536000; includeSubDomains"
        ],
        "Cache-Control": [
          "no-cache"
        ],
        "Date": [
          "Wed, 07 Sep 2016 00:30:41 GMT"
        ]
      },
      "StatusCode": 404
    },
    {
      "RequestUri": "/subscriptions/53d9063d-87ae-4ea8-be90-3686c3b8669f/resourceGroups/onesdk880/providers/Microsoft.DataLakeStore/accounts/onesdk8540?api-version=2015-10-01-preview",
      "EncodedRequestUri": "L3N1YnNjcmlwdGlvbnMvNTNkOTA2M2QtODdhZS00ZWE4LWJlOTAtMzY4NmMzYjg2NjlmL3Jlc291cmNlR3JvdXBzL29uZXNkazg4MC9wcm92aWRlcnMvTWljcm9zb2Z0LkRhdGFMYWtlU3RvcmUvYWNjb3VudHMvb25lc2RrODU0MD9hcGktdmVyc2lvbj0yMDE1LTEwLTAxLXByZXZpZXc=",
      "RequestMethod": "PUT",
      "RequestBody": "{\r\n  \"location\": \"East US 2\",\r\n  \"name\": \"onesdk8540\",\r\n  \"tags\": {},\r\n  \"properties\": {}\r\n}",
      "RequestHeaders": {
        "Content-Type": [
          "application/json; charset=utf-8"
        ],
        "Content-Length": [
          "92"
        ],
        "x-ms-client-request-id": [
          "006ca916-dd0c-4964-9ec1-b07d3273de96"
        ],
        "accept-language": [
          "en-US"
        ],
        "User-Agent": [
          "Microsoft.Azure.Management.DataLake.Store.DataLakeStoreAccountManagementClient/0.12.5-preview"
        ]
      },
      "ResponseBody": "{\r\n  \"properties\": {\r\n    \"provisioningState\": \"Creating\",\r\n    \"state\": null,\r\n    \"endpoint\": null,\r\n    \"accountId\": \"579dfa34-5976-49bb-8fd3-4bf3c5a8ba22\",\r\n    \"creationTime\": null,\r\n    \"lastModifiedTime\": null\r\n  },\r\n  \"location\": \"East US 2\",\r\n  \"tags\": {},\r\n  \"id\": \"/subscriptions/53d9063d-87ae-4ea8-be90-3686c3b8669f/resourceGroups/onesdk880/providers/Microsoft.DataLakeStore/accounts/onesdk8540\",\r\n  \"name\": \"onesdk8540\",\r\n  \"type\": \"Microsoft.DataLakeStore/accounts\"\r\n}",
      "ResponseHeaders": {
        "Content-Length": [
          "404"
        ],
        "Content-Type": [
          "application/json"
        ],
        "Expires": [
          "-1"
        ],
        "Pragma": [
          "no-cache"
        ],
        "Retry-After": [
          "10"
        ],
        "Azure-AsyncOperation": [
          "https://management.azure.com/subscriptions/53d9063d-87ae-4ea8-be90-3686c3b8669f/providers/Microsoft.DataLakeStore/locations/EastUS2/operationResults/579dfa34-5976-49bb-8fd3-4bf3c5a8ba220?api-version=2015-10-01-preview&expanded=true"
        ],
        "x-ms-request-id": [
          "c8f93145-a85c-4cde-a7ce-6af0cffe3e0f"
        ],
        "x-ms-ratelimit-remaining-subscription-writes": [
          "1198"
        ],
        "x-ms-correlation-request-id": [
          "3ae80663-e399-4044-866f-e34aa35b231b"
        ],
        "x-ms-routing-request-id": [
          "WESTUS2:20160907T003002Z:3ae80663-e399-4044-866f-e34aa35b231b"
        ],
        "Strict-Transport-Security": [
          "max-age=31536000; includeSubDomains"
        ],
        "Connection": [
          "close"
        ],
        "Cache-Control": [
          "no-cache"
        ],
        "Date": [
          "Wed, 07 Sep 2016 00:30:02 GMT"
        ],
        "Location": [
          "https://management.azure.com/subscriptions/53d9063d-87ae-4ea8-be90-3686c3b8669f/resourcegroups/onesdk880/providers/Microsoft.DataLakeStore/accounts/onesdk8540/operationresults/0?api-version=2015-10-01-preview"
        ],
        "Server": [
          "Microsoft-IIS/8.5"
        ],
        "X-AspNet-Version": [
          "4.0.30319"
        ],
        "X-Powered-By": [
          "ASP.NET"
        ]
      },
      "StatusCode": 201
    },
    {
      "RequestUri": "/subscriptions/53d9063d-87ae-4ea8-be90-3686c3b8669f/providers/Microsoft.DataLakeStore/locations/EastUS2/operationResults/579dfa34-5976-49bb-8fd3-4bf3c5a8ba220?api-version=2015-10-01-preview&expanded=true",
      "EncodedRequestUri": "L3N1YnNjcmlwdGlvbnMvNTNkOTA2M2QtODdhZS00ZWE4LWJlOTAtMzY4NmMzYjg2NjlmL3Byb3ZpZGVycy9NaWNyb3NvZnQuRGF0YUxha2VTdG9yZS9sb2NhdGlvbnMvRWFzdFVTMi9vcGVyYXRpb25SZXN1bHRzLzU3OWRmYTM0LTU5NzYtNDliYi04ZmQzLTRiZjNjNWE4YmEyMjA/YXBpLXZlcnNpb249MjAxNS0xMC0wMS1wcmV2aWV3JmV4cGFuZGVkPXRydWU=",
      "RequestMethod": "GET",
      "RequestBody": "",
      "RequestHeaders": {
        "User-Agent": [
          "Microsoft.Azure.Management.DataLake.Store.DataLakeStoreAccountManagementClient/0.12.5-preview"
        ]
      },
      "ResponseBody": "{\r\n  \"status\": \"Succeeded\"\r\n}",
      "ResponseHeaders": {
        "Content-Length": [
          "22"
        ],
        "Content-Type": [
          "application/json"
        ],
        "Expires": [
          "-1"
        ],
        "Pragma": [
          "no-cache"
        ],
        "x-ms-request-id": [
          "a15527d8-a556-4ad2-bc9f-559828edaf36"
        ],
        "x-ms-ratelimit-remaining-subscription-reads": [
          "14998"
        ],
        "x-ms-correlation-request-id": [
          "5d2793a3-751f-4ea4-9e3c-8f38883cd056"
        ],
        "x-ms-routing-request-id": [
          "WESTUS2:20160907T003033Z:5d2793a3-751f-4ea4-9e3c-8f38883cd056"
        ],
        "Strict-Transport-Security": [
          "max-age=31536000; includeSubDomains"
        ],
        "Connection": [
          "close"
        ],
        "Cache-Control": [
          "no-cache"
        ],
        "Date": [
          "Wed, 07 Sep 2016 00:30:33 GMT"
        ],
        "Server": [
          "Microsoft-IIS/8.5"
        ],
        "X-AspNet-Version": [
          "4.0.30319"
        ],
        "X-Powered-By": [
          "ASP.NET"
        ]
      },
      "StatusCode": 200
    },
    {
      "RequestUri": "/webhdfs/v1/?op=MSGETACLSTATUS&api-version=2015-10-01-preview",
      "EncodedRequestUri": "L3dlYmhkZnMvdjEvP29wPU1TR0VUQUNMU1RBVFVTJmFwaS12ZXJzaW9uPTIwMTUtMTAtMDEtcHJldmlldw==",
      "RequestMethod": "GET",
      "RequestBody": "",
      "RequestHeaders": {
        "x-ms-client-request-id": [
          "1a165251-48b5-4a46-bc3d-a0f560edca7e"
        ],
        "accept-language": [
          "en-US"
        ],
        "User-Agent": [
          "Microsoft.Azure.Management.DataLake.Store.DataLakeStoreFileSystemManagementClient/0.12.5-preview"
        ]
      },
      "ResponseBody": "{\r\n  \"AclStatus\": {\r\n    \"entries\": [\r\n      \"user::rwx\",\r\n      \"group::rwx\",\r\n      \"mask::rwx\",\r\n      \"other::---\",\r\n      \"default:user::rwx\",\r\n      \"default:group::rwx\",\r\n      \"default:mask::rwx\",\r\n      \"default:other::---\"\r\n    ],\r\n    \"owner\": \"2e6c02d2-a364-4530-9137-d17403996cbf\",\r\n    \"group\": \"2e6c02d2-a364-4530-9137-d17403996cbf\",\r\n    \"permission\": \"770\",\r\n    \"stickyBit\": false\r\n  }\r\n}",
      "ResponseHeaders": {
        "Content-Length": [
          "290"
        ],
        "Content-Type": [
          "application/json; charset=utf-8"
        ],
        "Expires": [
          "-1"
        ],
        "Pragma": [
          "no-cache"
        ],
        "x-ms-request-id": [
          "c4099ff7-3d10-4fbd-9a4f-651f520f741e"
        ],
        "Server-Perf": [
          "[c4099ff7-3d10-4fbd-9a4f-651f520f741e][ AuthTime::1077.26270070914::PostAuthTime::247.612188848984 ][S-HdfsGetAclStatus :: 00:00:004 ms]%0a[MSGETACLSTATUS :: 00:00:007 ms]%0a"
        ],
        "x-ms-webhdfs-version": [
          "16.07.07.01"
        ],
        "Status": [
          "0x0"
        ],
        "X-Content-Type-Options": [
          "nosniff"
        ],
        "Strict-Transport-Security": [
          "max-age=15724800; includeSubDomains"
        ],
        "Cache-Control": [
          "no-cache"
        ],
        "Date": [
          "Wed, 07 Sep 2016 00:30:35 GMT"
        ]
      },
      "StatusCode": 200
    },
    {
      "RequestUri": "/webhdfs/v1/?op=MSGETACLSTATUS&api-version=2015-10-01-preview",
      "EncodedRequestUri": "L3dlYmhkZnMvdjEvP29wPU1TR0VUQUNMU1RBVFVTJmFwaS12ZXJzaW9uPTIwMTUtMTAtMDEtcHJldmlldw==",
      "RequestMethod": "GET",
      "RequestBody": "",
      "RequestHeaders": {
        "x-ms-client-request-id": [
          "4b930e24-3d58-4063-8285-62eb85e6a14f"
        ],
        "accept-language": [
          "en-US"
        ],
        "User-Agent": [
          "Microsoft.Azure.Management.DataLake.Store.DataLakeStoreFileSystemManagementClient/0.12.5-preview"
        ]
      },
      "ResponseBody": "{\r\n  \"AclStatus\": {\r\n    \"entries\": [\r\n      \"user::rwx\",\r\n      \"group::rwx\",\r\n      \"mask::rwx\",\r\n      \"other::---\",\r\n      \"default:user::rwx\",\r\n      \"default:group::rwx\",\r\n      \"default:mask::rwx\",\r\n      \"default:other::---\"\r\n    ],\r\n    \"owner\": \"2e6c02d2-a364-4530-9137-d17403996cbf\",\r\n    \"group\": \"2e6c02d2-a364-4530-9137-d17403996cbf\",\r\n    \"permission\": \"770\",\r\n    \"stickyBit\": false\r\n  }\r\n}",
      "ResponseHeaders": {
        "Content-Length": [
          "290"
        ],
        "Content-Type": [
          "application/json; charset=utf-8"
        ],
        "Expires": [
          "-1"
        ],
        "Pragma": [
          "no-cache"
        ],
        "x-ms-request-id": [
          "aa3b3355-bb72-4ebc-a8a5-92b58b8e2699"
        ],
        "Server-Perf": [
          "[aa3b3355-bb72-4ebc-a8a5-92b58b8e2699][ AuthTime::0::PostAuthTime::0 ][S-HdfsGetAclStatus :: 00:00:004 ms]%0a[MSGETACLSTATUS :: 00:00:004 ms]%0a"
        ],
        "x-ms-webhdfs-version": [
          "16.07.07.01"
        ],
        "Status": [
          "0x0"
        ],
        "X-Content-Type-Options": [
          "nosniff"
        ],
        "Strict-Transport-Security": [
          "max-age=15724800; includeSubDomains"
        ],
        "Cache-Control": [
          "no-cache"
        ],
        "Date": [
          "Wed, 07 Sep 2016 00:30:35 GMT"
        ]
      },
      "StatusCode": 200
    },
    {
      "RequestUri": "/webhdfs/v1/?op=MSGETACLSTATUS&api-version=2015-10-01-preview",
      "EncodedRequestUri": "L3dlYmhkZnMvdjEvP29wPU1TR0VUQUNMU1RBVFVTJmFwaS12ZXJzaW9uPTIwMTUtMTAtMDEtcHJldmlldw==",
      "RequestMethod": "GET",
      "RequestBody": "",
      "RequestHeaders": {
        "x-ms-client-request-id": [
          "bd1a7c14-c1f1-4451-9b95-13cc384172ea"
        ],
        "accept-language": [
          "en-US"
        ],
        "User-Agent": [
          "Microsoft.Azure.Management.DataLake.Store.DataLakeStoreFileSystemManagementClient/0.12.5-preview"
        ]
      },
      "ResponseBody": "{\r\n  \"AclStatus\": {\r\n    \"entries\": [\r\n      \"user::rwx\",\r\n      \"user:027c28d5-c91d-49f0-98c5-d10134b169b3:rwx\",\r\n      \"group::rwx\",\r\n      \"mask::rwx\",\r\n      \"other::---\",\r\n      \"default:user::rwx\",\r\n      \"default:group::rwx\",\r\n      \"default:mask::rwx\",\r\n      \"default:other::---\"\r\n    ],\r\n    \"owner\": \"2e6c02d2-a364-4530-9137-d17403996cbf\",\r\n    \"group\": \"2e6c02d2-a364-4530-9137-d17403996cbf\",\r\n    \"permission\": \"770\",\r\n    \"stickyBit\": false\r\n  }\r\n}",
      "ResponseHeaders": {
        "Content-Length": [
          "338"
        ],
        "Content-Type": [
          "application/json; charset=utf-8"
        ],
        "Expires": [
          "-1"
        ],
        "Pragma": [
          "no-cache"
        ],
        "x-ms-request-id": [
          "69a6dd0b-70f1-4f74-a0b0-aa1ed6339ba3"
        ],
        "Server-Perf": [
          "[69a6dd0b-70f1-4f74-a0b0-aa1ed6339ba3][ AuthTime::0::PostAuthTime::0 ][S-HdfsGetAclStatus :: 00:00:004 ms]%0a[MSGETACLSTATUS :: 00:00:004 ms]%0a"
        ],
        "x-ms-webhdfs-version": [
          "16.07.07.01"
        ],
        "Status": [
          "0x0"
        ],
        "X-Content-Type-Options": [
          "nosniff"
        ],
        "Strict-Transport-Security": [
          "max-age=15724800; includeSubDomains"
        ],
        "Cache-Control": [
          "no-cache"
        ],
        "Date": [
          "Wed, 07 Sep 2016 00:30:35 GMT"
        ]
      },
      "StatusCode": 200
    },
    {
      "RequestUri": "/webhdfs/v1/?op=MSGETACLSTATUS&api-version=2015-10-01-preview",
      "EncodedRequestUri": "L3dlYmhkZnMvdjEvP29wPU1TR0VUQUNMU1RBVFVTJmFwaS12ZXJzaW9uPTIwMTUtMTAtMDEtcHJldmlldw==",
      "RequestMethod": "GET",
      "RequestBody": "",
      "RequestHeaders": {
        "x-ms-client-request-id": [
          "398aceef-d4c4-457c-80c5-ec38e621e7d7"
        ],
        "accept-language": [
          "en-US"
        ],
        "User-Agent": [
          "Microsoft.Azure.Management.DataLake.Store.DataLakeStoreFileSystemManagementClient/0.12.5-preview"
        ]
      },
      "ResponseBody": "{\r\n  \"AclStatus\": {\r\n    \"entries\": [\r\n      \"user::rwx\",\r\n      \"group::rwx\",\r\n      \"mask::rwx\",\r\n      \"other::---\",\r\n      \"default:user::rwx\",\r\n      \"default:group::rwx\",\r\n      \"default:mask::rwx\",\r\n      \"default:other::---\"\r\n    ],\r\n    \"owner\": \"2e6c02d2-a364-4530-9137-d17403996cbf\",\r\n    \"group\": \"2e6c02d2-a364-4530-9137-d17403996cbf\",\r\n    \"permission\": \"770\",\r\n    \"stickyBit\": false\r\n  }\r\n}",
      "ResponseHeaders": {
        "Content-Length": [
          "290"
        ],
        "Content-Type": [
          "application/json; charset=utf-8"
        ],
        "Expires": [
          "-1"
        ],
        "Pragma": [
          "no-cache"
        ],
        "x-ms-request-id": [
          "9d1edd66-e986-49d7-b458-9e16aa3e70ec"
        ],
        "Server-Perf": [
          "[9d1edd66-e986-49d7-b458-9e16aa3e70ec][ AuthTime::0::PostAuthTime::0 ][S-HdfsGetAclStatus :: 00:00:005 ms]%0a[MSGETACLSTATUS :: 00:00:005 ms]%0a"
        ],
        "x-ms-webhdfs-version": [
          "16.07.07.01"
        ],
        "Status": [
          "0x0"
        ],
        "X-Content-Type-Options": [
          "nosniff"
        ],
        "Strict-Transport-Security": [
          "max-age=15724800; includeSubDomains"
        ],
        "Cache-Control": [
          "no-cache"
        ],
        "Date": [
          "Wed, 07 Sep 2016 00:30:35 GMT"
        ]
      },
      "StatusCode": 200
    },
    {
      "RequestUri": "/webhdfs/v1/?op=MSGETACLSTATUS&api-version=2015-10-01-preview",
      "EncodedRequestUri": "L3dlYmhkZnMvdjEvP29wPU1TR0VUQUNMU1RBVFVTJmFwaS12ZXJzaW9uPTIwMTUtMTAtMDEtcHJldmlldw==",
      "RequestMethod": "GET",
      "RequestBody": "",
      "RequestHeaders": {
        "x-ms-client-request-id": [
          "d0f4d521-da5f-4877-866e-30d33a6acc20"
        ],
        "accept-language": [
          "en-US"
        ],
        "User-Agent": [
          "Microsoft.Azure.Management.DataLake.Store.DataLakeStoreFileSystemManagementClient/0.12.5-preview"
        ]
      },
      "ResponseBody": "{\r\n  \"AclStatus\": {\r\n    \"entries\": [\r\n      \"user::rwx\",\r\n      \"user:027c28d5-c91d-49f0-98c5-d10134b169b3:rwx\",\r\n      \"group::rwx\",\r\n      \"mask::rwx\",\r\n      \"other::---\",\r\n      \"default:user::rwx\",\r\n      \"default:group::rwx\",\r\n      \"default:mask::rwx\",\r\n      \"default:other::---\"\r\n    ],\r\n    \"owner\": \"2e6c02d2-a364-4530-9137-d17403996cbf\",\r\n    \"group\": \"2e6c02d2-a364-4530-9137-d17403996cbf\",\r\n    \"permission\": \"770\",\r\n    \"stickyBit\": false\r\n  }\r\n}",
      "ResponseHeaders": {
        "Content-Length": [
          "338"
        ],
        "Content-Type": [
          "application/json; charset=utf-8"
        ],
        "Expires": [
          "-1"
        ],
        "Pragma": [
          "no-cache"
        ],
        "x-ms-request-id": [
          "c9e22a98-046c-46ba-a272-2af4d141350d"
        ],
        "Server-Perf": [
          "[c9e22a98-046c-46ba-a272-2af4d141350d][ AuthTime::0::PostAuthTime::0 ][S-HdfsGetAclStatus :: 00:00:004 ms]%0a[MSGETACLSTATUS :: 00:00:005 ms]%0a"
        ],
        "x-ms-webhdfs-version": [
          "16.07.07.01"
        ],
        "Status": [
          "0x0"
        ],
        "X-Content-Type-Options": [
          "nosniff"
        ],
        "Strict-Transport-Security": [
          "max-age=15724800; includeSubDomains"
        ],
        "Cache-Control": [
          "no-cache"
        ],
        "Date": [
          "Wed, 07 Sep 2016 00:30:36 GMT"
        ]
      },
      "StatusCode": 200
    },
    {
      "RequestUri": "/webhdfs/v1/?op=MSGETACLSTATUS&api-version=2015-10-01-preview",
      "EncodedRequestUri": "L3dlYmhkZnMvdjEvP29wPU1TR0VUQUNMU1RBVFVTJmFwaS12ZXJzaW9uPTIwMTUtMTAtMDEtcHJldmlldw==",
      "RequestMethod": "GET",
      "RequestBody": "",
      "RequestHeaders": {
        "x-ms-client-request-id": [
          "ce5fa446-1b4e-4237-a45b-0bd8c76e6376"
        ],
        "accept-language": [
          "en-US"
        ],
        "User-Agent": [
          "Microsoft.Azure.Management.DataLake.Store.DataLakeStoreFileSystemManagementClient/0.12.5-preview"
        ]
      },
      "ResponseBody": "{\r\n  \"AclStatus\": {\r\n    \"entries\": [\r\n      \"user::rwx\",\r\n      \"group::rwx\",\r\n      \"mask::rwx\",\r\n      \"other::---\",\r\n      \"default:user::rwx\",\r\n      \"default:group::rwx\",\r\n      \"default:mask::rwx\",\r\n      \"default:other::---\"\r\n    ],\r\n    \"owner\": \"2e6c02d2-a364-4530-9137-d17403996cbf\",\r\n    \"group\": \"2e6c02d2-a364-4530-9137-d17403996cbf\",\r\n    \"permission\": \"770\",\r\n    \"stickyBit\": false\r\n  }\r\n}",
      "ResponseHeaders": {
        "Content-Length": [
          "290"
        ],
        "Content-Type": [
          "application/json; charset=utf-8"
        ],
        "Expires": [
          "-1"
        ],
        "Pragma": [
          "no-cache"
        ],
        "x-ms-request-id": [
          "12173c15-9574-4483-821e-c100496d6314"
        ],
        "Server-Perf": [
          "[12173c15-9574-4483-821e-c100496d6314][ AuthTime::0::PostAuthTime::0 ][S-HdfsGetAclStatus :: 00:00:004 ms]%0a[MSGETACLSTATUS :: 00:00:005 ms]%0a"
        ],
        "x-ms-webhdfs-version": [
          "16.07.07.01"
        ],
        "Status": [
          "0x0"
        ],
        "X-Content-Type-Options": [
          "nosniff"
        ],
        "Strict-Transport-Security": [
          "max-age=15724800; includeSubDomains"
        ],
        "Cache-Control": [
          "no-cache"
        ],
        "Date": [
          "Wed, 07 Sep 2016 00:30:36 GMT"
        ]
      },
      "StatusCode": 200
    },
    {
      "RequestUri": "/webhdfs/v1/?op=MSGETACLSTATUS&api-version=2015-10-01-preview",
      "EncodedRequestUri": "L3dlYmhkZnMvdjEvP29wPU1TR0VUQUNMU1RBVFVTJmFwaS12ZXJzaW9uPTIwMTUtMTAtMDEtcHJldmlldw==",
      "RequestMethod": "GET",
      "RequestBody": "",
      "RequestHeaders": {
        "x-ms-client-request-id": [
          "b122301e-289c-4a60-a72d-b9f604c23f73"
        ],
        "accept-language": [
          "en-US"
        ],
        "User-Agent": [
          "Microsoft.Azure.Management.DataLake.Store.DataLakeStoreFileSystemManagementClient/0.12.5-preview"
        ]
      },
      "ResponseBody": "{\r\n  \"AclStatus\": {\r\n    \"entries\": [\r\n      \"user::rwx\",\r\n      \"user:027c28d5-c91d-49f0-98c5-d10134b169b3:rwx\",\r\n      \"group::rwx\",\r\n      \"mask::rwx\",\r\n      \"other::---\",\r\n      \"default:user::rwx\",\r\n      \"default:group::rwx\",\r\n      \"default:mask::rwx\",\r\n      \"default:other::---\"\r\n    ],\r\n    \"owner\": \"2e6c02d2-a364-4530-9137-d17403996cbf\",\r\n    \"group\": \"2e6c02d2-a364-4530-9137-d17403996cbf\",\r\n    \"permission\": \"770\",\r\n    \"stickyBit\": false\r\n  }\r\n}",
      "ResponseHeaders": {
        "Content-Length": [
          "338"
        ],
        "Content-Type": [
          "application/json; charset=utf-8"
        ],
        "Expires": [
          "-1"
        ],
        "Pragma": [
          "no-cache"
        ],
        "x-ms-request-id": [
          "b4496d29-a22a-4914-8327-743f0a95cf9b"
        ],
        "Server-Perf": [
          "[b4496d29-a22a-4914-8327-743f0a95cf9b][ AuthTime::0::PostAuthTime::0 ][S-HdfsGetAclStatus :: 00:00:004 ms]%0a[MSGETACLSTATUS :: 00:00:005 ms]%0a"
        ],
        "x-ms-webhdfs-version": [
          "16.07.07.01"
        ],
        "Status": [
          "0x0"
        ],
        "X-Content-Type-Options": [
          "nosniff"
        ],
        "Strict-Transport-Security": [
          "max-age=15724800; includeSubDomains"
        ],
        "Cache-Control": [
          "no-cache"
        ],
        "Date": [
          "Wed, 07 Sep 2016 00:30:36 GMT"
        ]
      },
      "StatusCode": 200
    },
    {
      "RequestUri": "/webhdfs/v1/?op=MSGETACLSTATUS&api-version=2015-10-01-preview",
      "EncodedRequestUri": "L3dlYmhkZnMvdjEvP29wPU1TR0VUQUNMU1RBVFVTJmFwaS12ZXJzaW9uPTIwMTUtMTAtMDEtcHJldmlldw==",
      "RequestMethod": "GET",
      "RequestBody": "",
      "RequestHeaders": {
        "x-ms-client-request-id": [
          "c3ddf8fe-44fe-43e5-9967-b6bb45cf074c"
        ],
        "accept-language": [
          "en-US"
        ],
        "User-Agent": [
          "Microsoft.Azure.Management.DataLake.Store.DataLakeStoreFileSystemManagementClient/0.12.5-preview"
        ]
      },
      "ResponseBody": "{\r\n  \"AclStatus\": {\r\n    \"entries\": [\r\n      \"user::rwx\",\r\n      \"group::rwx\",\r\n      \"mask::rwx\",\r\n      \"other::---\",\r\n      \"default:user::rwx\",\r\n      \"default:group::rwx\",\r\n      \"default:mask::rwx\",\r\n      \"default:other::---\"\r\n    ],\r\n    \"owner\": \"2e6c02d2-a364-4530-9137-d17403996cbf\",\r\n    \"group\": \"2e6c02d2-a364-4530-9137-d17403996cbf\",\r\n    \"permission\": \"770\",\r\n    \"stickyBit\": false\r\n  }\r\n}",
      "ResponseHeaders": {
        "Content-Length": [
          "290"
        ],
        "Content-Type": [
          "application/json; charset=utf-8"
        ],
        "Expires": [
          "-1"
        ],
        "Pragma": [
          "no-cache"
        ],
        "x-ms-request-id": [
          "28d6b035-9370-463c-a698-e5f652050809"
        ],
        "Server-Perf": [
          "[28d6b035-9370-463c-a698-e5f652050809][ AuthTime::0::PostAuthTime::0 ][S-HdfsGetAclStatus :: 00:00:004 ms]%0a[MSGETACLSTATUS :: 00:00:004 ms]%0a"
        ],
        "x-ms-webhdfs-version": [
          "16.07.07.01"
        ],
        "Status": [
          "0x0"
        ],
        "X-Content-Type-Options": [
          "nosniff"
        ],
        "Strict-Transport-Security": [
          "max-age=15724800; includeSubDomains"
        ],
        "Cache-Control": [
          "no-cache"
        ],
        "Date": [
          "Wed, 07 Sep 2016 00:30:36 GMT"
        ]
      },
      "StatusCode": 200
    },
    {
      "RequestUri": "/webhdfs/v1/?op=MSGETACLSTATUS&api-version=2015-10-01-preview",
      "EncodedRequestUri": "L3dlYmhkZnMvdjEvP29wPU1TR0VUQUNMU1RBVFVTJmFwaS12ZXJzaW9uPTIwMTUtMTAtMDEtcHJldmlldw==",
      "RequestMethod": "GET",
      "RequestBody": "",
      "RequestHeaders": {
        "x-ms-client-request-id": [
          "540e1d40-03dd-4518-9325-45691ac9f191"
        ],
        "accept-language": [
          "en-US"
        ],
        "User-Agent": [
          "Microsoft.Azure.Management.DataLake.Store.DataLakeStoreFileSystemManagementClient/0.12.5-preview"
        ]
      },
      "ResponseBody": "{\r\n  \"AclStatus\": {\r\n    \"entries\": [\r\n      \"user::rwx\",\r\n      \"group::rwx\",\r\n      \"mask::rwx\",\r\n      \"other::---\"\r\n    ],\r\n    \"owner\": \"2e6c02d2-a364-4530-9137-d17403996cbf\",\r\n    \"group\": \"2e6c02d2-a364-4530-9137-d17403996cbf\",\r\n    \"permission\": \"770\",\r\n    \"stickyBit\": false\r\n  }\r\n}",
      "ResponseHeaders": {
        "Content-Length": [
          "208"
        ],
        "Content-Type": [
          "application/json; charset=utf-8"
        ],
        "Expires": [
          "-1"
        ],
        "Pragma": [
          "no-cache"
        ],
        "x-ms-request-id": [
          "f1894d9a-894d-4bf2-b84d-48f2c6bbf416"
        ],
        "Server-Perf": [
          "[f1894d9a-894d-4bf2-b84d-48f2c6bbf416][ AuthTime::0::PostAuthTime::0 ][S-HdfsGetAclStatus :: 00:00:004 ms]%0a[MSGETACLSTATUS :: 00:00:004 ms]%0a"
        ],
        "x-ms-webhdfs-version": [
          "16.07.07.01"
        ],
        "Status": [
          "0x0"
        ],
        "X-Content-Type-Options": [
          "nosniff"
        ],
        "Strict-Transport-Security": [
          "max-age=15724800; includeSubDomains"
        ],
        "Cache-Control": [
          "no-cache"
        ],
        "Date": [
          "Wed, 07 Sep 2016 00:30:36 GMT"
        ]
      },
      "StatusCode": 200
    },
    {
      "RequestUri": "/webhdfs/v1/?op=MSGETACLSTATUS&api-version=2015-10-01-preview",
      "EncodedRequestUri": "L3dlYmhkZnMvdjEvP29wPU1TR0VUQUNMU1RBVFVTJmFwaS12ZXJzaW9uPTIwMTUtMTAtMDEtcHJldmlldw==",
      "RequestMethod": "GET",
      "RequestBody": "",
      "RequestHeaders": {
        "x-ms-client-request-id": [
          "f509d184-f00b-4c63-bce4-286bc04f3d8f"
        ],
        "accept-language": [
          "en-US"
        ],
        "User-Agent": [
          "Microsoft.Azure.Management.DataLake.Store.DataLakeStoreFileSystemManagementClient/0.12.5-preview"
        ]
      },
      "ResponseBody": "{\r\n  \"AclStatus\": {\r\n    \"entries\": [\r\n      \"user::rwx\",\r\n      \"group::rwx\",\r\n      \"other::---\"\r\n    ],\r\n    \"owner\": \"2e6c02d2-a364-4530-9137-d17403996cbf\",\r\n    \"group\": \"2e6c02d2-a364-4530-9137-d17403996cbf\",\r\n    \"permission\": \"770\",\r\n    \"stickyBit\": false\r\n  }\r\n}",
      "ResponseHeaders": {
        "Content-Length": [
          "196"
        ],
        "Content-Type": [
          "application/json; charset=utf-8"
        ],
        "Expires": [
          "-1"
        ],
        "Pragma": [
          "no-cache"
        ],
        "x-ms-request-id": [
          "c4a27fa2-67db-46df-9a9c-eb65326fff84"
        ],
        "Server-Perf": [
          "[c4a27fa2-67db-46df-9a9c-eb65326fff84][ AuthTime::0::PostAuthTime::0 ][S-HdfsGetAclStatus :: 00:00:004 ms]%0a[MSGETACLSTATUS :: 00:00:004 ms]%0a"
        ],
        "x-ms-webhdfs-version": [
          "16.07.07.01"
        ],
        "Status": [
          "0x0"
        ],
        "X-Content-Type-Options": [
          "nosniff"
        ],
        "Strict-Transport-Security": [
          "max-age=15724800; includeSubDomains"
        ],
        "Cache-Control": [
          "no-cache"
        ],
        "Date": [
          "Wed, 07 Sep 2016 00:30:37 GMT"
        ]
      },
      "StatusCode": 200
    },
    {
      "RequestUri": "/webhdfs/v1/?aclspec=user:027c28d5-c91d-49f0-98c5-d10134b169b3:rwx%2Cmask::rwx%2Cother::---%2Cuser::rwx%2Cgroup::rwx%2Cdefault:user::rwx%2Cdefault:group::rwx&op=SETACL&api-version=2015-10-01-preview",
      "EncodedRequestUri": "L3dlYmhkZnMvdjEvP2FjbHNwZWM9dXNlciUzQTAyN2MyOGQ1LWM5MWQtNDlmMC05OGM1LWQxMDEzNGIxNjliMyUzQXJ3eCUyQ21hc2slM0ElM0Fyd3glMkNvdGhlciUzQSUzQS0tLSUyQ3VzZXIlM0ElM0Fyd3glMkNncm91cCUzQSUzQXJ3eCUyQ2RlZmF1bHQlM0F1c2VyJTNBJTNBcnd4JTJDZGVmYXVsdCUzQWdyb3VwJTNBJTNBcnd4Jm9wPVNFVEFDTCZhcGktdmVyc2lvbj0yMDE1LTEwLTAxLXByZXZpZXc=",
      "RequestMethod": "PUT",
      "RequestBody": "",
      "RequestHeaders": {
        "x-ms-client-request-id": [
          "8349ead3-f031-474f-9824-e377584ab6b1"
        ],
        "accept-language": [
          "en-US"
        ],
        "User-Agent": [
          "Microsoft.Azure.Management.DataLake.Store.DataLakeStoreFileSystemManagementClient/0.12.5-preview"
        ]
      },
      "ResponseBody": "",
      "ResponseHeaders": {
        "Content-Length": [
          "0"
        ],
        "Expires": [
          "-1"
        ],
        "Pragma": [
          "no-cache"
        ],
        "x-ms-request-id": [
          "dd13c24c-ecca-4207-8340-986e2ba29ace"
        ],
        "ContentLength": [
          "0"
        ],
        "Server-Perf": [
          "[dd13c24c-ecca-4207-8340-986e2ba29ace][ AuthTime::0::PostAuthTime::0 ][S-HdfsSetAcl :: 00:00:036 ms]%0a[SETACL :: 00:00:038 ms]%0a"
        ],
        "x-ms-webhdfs-version": [
          "16.07.07.01"
        ],
        "Status": [
          "0x0"
        ],
        "X-Content-Type-Options": [
          "nosniff"
        ],
        "Strict-Transport-Security": [
          "max-age=15724800; includeSubDomains"
        ],
        "Cache-Control": [
          "no-cache"
        ],
        "Date": [
          "Wed, 07 Sep 2016 00:30:35 GMT"
        ]
      },
      "StatusCode": 200
    },
    {
      "RequestUri": "/webhdfs/v1/?aclspec=mask::rwx%2Cother::---%2Cuser::rwx%2Cgroup::rwx%2Cdefault:user::rwx%2Cdefault:group::rwx&op=SETACL&api-version=2015-10-01-preview",
      "EncodedRequestUri": "L3dlYmhkZnMvdjEvP2FjbHNwZWM9bWFzayUzQSUzQXJ3eCUyQ290aGVyJTNBJTNBLS0tJTJDdXNlciUzQSUzQXJ3eCUyQ2dyb3VwJTNBJTNBcnd4JTJDZGVmYXVsdCUzQXVzZXIlM0ElM0Fyd3glMkNkZWZhdWx0JTNBZ3JvdXAlM0ElM0Fyd3gmb3A9U0VUQUNMJmFwaS12ZXJzaW9uPTIwMTUtMTAtMDEtcHJldmlldw==",
      "RequestMethod": "PUT",
      "RequestBody": "",
      "RequestHeaders": {
        "x-ms-client-request-id": [
          "aa0ae34f-85d3-497c-83e5-0a124c275766"
        ],
        "accept-language": [
          "en-US"
        ],
        "User-Agent": [
          "Microsoft.Azure.Management.DataLake.Store.DataLakeStoreFileSystemManagementClient/0.12.5-preview"
        ]
      },
      "ResponseBody": "",
      "ResponseHeaders": {
        "Content-Length": [
          "0"
        ],
        "Expires": [
          "-1"
        ],
        "Pragma": [
          "no-cache"
        ],
        "x-ms-request-id": [
          "bb7b1bcc-2510-43c5-9f89-19aa3b76d74e"
        ],
        "ContentLength": [
          "0"
        ],
        "Server-Perf": [
          "[bb7b1bcc-2510-43c5-9f89-19aa3b76d74e][ AuthTime::0::PostAuthTime::0 ][S-HdfsSetAcl :: 00:00:020 ms]%0a[SETACL :: 00:00:020 ms]%0a"
        ],
        "x-ms-webhdfs-version": [
          "16.07.07.01"
        ],
        "Status": [
          "0x0"
        ],
        "X-Content-Type-Options": [
          "nosniff"
        ],
        "Strict-Transport-Security": [
          "max-age=15724800; includeSubDomains"
        ],
        "Cache-Control": [
          "no-cache"
        ],
        "Date": [
          "Wed, 07 Sep 2016 00:30:35 GMT"
        ]
      },
      "StatusCode": 200
    },
    {
      "RequestUri": "/webhdfs/v1/?aclspec=user:027c28d5-c91d-49f0-98c5-d10134b169b3:rwx&op=MODIFYACLENTRIES&api-version=2015-10-01-preview",
      "EncodedRequestUri": "L3dlYmhkZnMvdjEvP2FjbHNwZWM9dXNlciUzQTAyN2MyOGQ1LWM5MWQtNDlmMC05OGM1LWQxMDEzNGIxNjliMyUzQXJ3eCZvcD1NT0RJRllBQ0xFTlRSSUVTJmFwaS12ZXJzaW9uPTIwMTUtMTAtMDEtcHJldmlldw==",
      "RequestMethod": "PUT",
      "RequestBody": "",
      "RequestHeaders": {
        "x-ms-client-request-id": [
          "85165c64-5d57-4bbf-8eda-615810632174"
        ],
        "accept-language": [
          "en-US"
        ],
        "User-Agent": [
          "Microsoft.Azure.Management.DataLake.Store.DataLakeStoreFileSystemManagementClient/0.12.5-preview"
        ]
      },
      "ResponseBody": "",
      "ResponseHeaders": {
        "Content-Length": [
          "0"
        ],
        "Expires": [
          "-1"
        ],
        "Pragma": [
          "no-cache"
        ],
        "x-ms-request-id": [
          "af1f998d-641d-4de9-bad9-5eac69ac17fe"
        ],
        "ContentLength": [
          "0"
        ],
        "Server-Perf": [
          "[af1f998d-641d-4de9-bad9-5eac69ac17fe][ AuthTime::0::PostAuthTime::0 ][S-HdfsModifyAclEntries :: 00:00:009 ms]%0a[MODIFYACLENTRIES :: 00:00:012 ms]%0a"
        ],
        "x-ms-webhdfs-version": [
          "16.07.07.01"
        ],
        "Status": [
          "0x0"
        ],
        "X-Content-Type-Options": [
          "nosniff"
        ],
        "Strict-Transport-Security": [
          "max-age=15724800; includeSubDomains"
        ],
        "Cache-Control": [
          "no-cache"
        ],
        "Date": [
          "Wed, 07 Sep 2016 00:30:35 GMT"
        ]
      },
      "StatusCode": 200
    },
    {
      "RequestUri": "/webhdfs/v1/?aclspec=user:027c28d5-c91d-49f0-98c5-d10134b169b3:rwx&op=MODIFYACLENTRIES&api-version=2015-10-01-preview",
      "EncodedRequestUri": "L3dlYmhkZnMvdjEvP2FjbHNwZWM9dXNlciUzQTAyN2MyOGQ1LWM5MWQtNDlmMC05OGM1LWQxMDEzNGIxNjliMyUzQXJ3eCZvcD1NT0RJRllBQ0xFTlRSSUVTJmFwaS12ZXJzaW9uPTIwMTUtMTAtMDEtcHJldmlldw==",
      "RequestMethod": "PUT",
      "RequestBody": "",
      "RequestHeaders": {
        "x-ms-client-request-id": [
          "32f81595-29b7-4cae-bfca-1eaac68ebd2b"
        ],
        "accept-language": [
          "en-US"
        ],
        "User-Agent": [
          "Microsoft.Azure.Management.DataLake.Store.DataLakeStoreFileSystemManagementClient/0.12.5-preview"
        ]
      },
      "ResponseBody": "",
      "ResponseHeaders": {
        "Content-Length": [
          "0"
        ],
        "Expires": [
          "-1"
        ],
        "Pragma": [
          "no-cache"
        ],
        "x-ms-request-id": [
          "32b69e95-d1fd-4922-9a62-a87bf3d07755"
        ],
        "ContentLength": [
          "0"
        ],
        "Server-Perf": [
          "[32b69e95-d1fd-4922-9a62-a87bf3d07755][ AuthTime::0::PostAuthTime::0 ][S-HdfsModifyAclEntries :: 00:00:019 ms]%0a[MODIFYACLENTRIES :: 00:00:020 ms]%0a"
        ],
        "x-ms-webhdfs-version": [
          "16.07.07.01"
        ],
        "Status": [
          "0x0"
        ],
        "X-Content-Type-Options": [
          "nosniff"
        ],
        "Strict-Transport-Security": [
          "max-age=15724800; includeSubDomains"
        ],
        "Cache-Control": [
          "no-cache"
        ],
        "Date": [
          "Wed, 07 Sep 2016 00:30:36 GMT"
        ]
      },
      "StatusCode": 200
    },
    {
      "RequestUri": "/webhdfs/v1/?aclspec=user:027c28d5-c91d-49f0-98c5-d10134b169b3&op=REMOVEACLENTRIES&api-version=2015-10-01-preview",
      "EncodedRequestUri": "L3dlYmhkZnMvdjEvP2FjbHNwZWM9dXNlciUzQTAyN2MyOGQ1LWM5MWQtNDlmMC05OGM1LWQxMDEzNGIxNjliMyZvcD1SRU1PVkVBQ0xFTlRSSUVTJmFwaS12ZXJzaW9uPTIwMTUtMTAtMDEtcHJldmlldw==",
      "RequestMethod": "PUT",
      "RequestBody": "",
      "RequestHeaders": {
        "x-ms-client-request-id": [
          "6bb3fee1-cdaa-45a3-8e5e-dd537042db99"
        ],
        "accept-language": [
          "en-US"
        ],
        "User-Agent": [
          "Microsoft.Azure.Management.DataLake.Store.DataLakeStoreFileSystemManagementClient/0.12.5-preview"
        ]
      },
      "ResponseBody": "",
      "ResponseHeaders": {
        "Content-Length": [
          "0"
        ],
        "Expires": [
          "-1"
        ],
        "Pragma": [
          "no-cache"
        ],
        "x-ms-request-id": [
          "99697f79-e925-46c5-b7f1-f28e52b5252c"
        ],
        "ContentLength": [
          "0"
        ],
        "Server-Perf": [
          "[99697f79-e925-46c5-b7f1-f28e52b5252c][ AuthTime::0::PostAuthTime::0 ][S-HdfsRemoveAclEntries :: 00:00:033 ms]%0a[REMOVEACLENTRIES :: 00:00:036 ms]%0a"
        ],
        "x-ms-webhdfs-version": [
          "16.07.07.01"
        ],
        "Status": [
          "0x0"
        ],
        "X-Content-Type-Options": [
          "nosniff"
        ],
        "Strict-Transport-Security": [
          "max-age=15724800; includeSubDomains"
        ],
        "Cache-Control": [
          "no-cache"
        ],
        "Date": [
          "Wed, 07 Sep 2016 00:30:36 GMT"
        ]
      },
      "StatusCode": 200
    },
    {
      "RequestUri": "/webhdfs/v1/?aclspec=user:027c28d5-c91d-49f0-98c5-d10134b169b3&op=REMOVEACLENTRIES&api-version=2015-10-01-preview",
      "EncodedRequestUri": "L3dlYmhkZnMvdjEvP2FjbHNwZWM9dXNlciUzQTAyN2MyOGQ1LWM5MWQtNDlmMC05OGM1LWQxMDEzNGIxNjliMyZvcD1SRU1PVkVBQ0xFTlRSSUVTJmFwaS12ZXJzaW9uPTIwMTUtMTAtMDEtcHJldmlldw==",
      "RequestMethod": "PUT",
      "RequestBody": "",
      "RequestHeaders": {
        "x-ms-client-request-id": [
          "e130cd49-1963-4498-b19c-a65a54768d56"
        ],
        "accept-language": [
          "en-US"
        ],
        "User-Agent": [
          "Microsoft.Azure.Management.DataLake.Store.DataLakeStoreFileSystemManagementClient/0.12.5-preview"
        ]
      },
      "ResponseBody": "",
      "ResponseHeaders": {
        "Content-Length": [
          "0"
        ],
        "Expires": [
          "-1"
        ],
        "Pragma": [
          "no-cache"
        ],
        "x-ms-request-id": [
          "72663f51-a5b7-4452-a678-7d94992f01fc"
        ],
        "ContentLength": [
          "0"
        ],
        "Server-Perf": [
          "[72663f51-a5b7-4452-a678-7d94992f01fc][ AuthTime::0::PostAuthTime::0 ][S-HdfsRemoveAclEntries :: 00:00:009 ms]%0a[REMOVEACLENTRIES :: 00:00:009 ms]%0a"
        ],
        "x-ms-webhdfs-version": [
          "16.07.07.01"
        ],
        "Status": [
          "0x0"
        ],
        "X-Content-Type-Options": [
          "nosniff"
        ],
        "Strict-Transport-Security": [
          "max-age=15724800; includeSubDomains"
        ],
        "Cache-Control": [
          "no-cache"
        ],
        "Date": [
          "Wed, 07 Sep 2016 00:30:36 GMT"
        ]
      },
      "StatusCode": 200
    },
    {
      "RequestUri": "/webhdfs/v1/?op=REMOVEDEFAULTACL&api-version=2015-10-01-preview",
      "EncodedRequestUri": "L3dlYmhkZnMvdjEvP29wPVJFTU9WRURFRkFVTFRBQ0wmYXBpLXZlcnNpb249MjAxNS0xMC0wMS1wcmV2aWV3",
      "RequestMethod": "PUT",
      "RequestBody": "",
      "RequestHeaders": {
        "x-ms-client-request-id": [
          "e71665c0-ac23-485d-aba1-a79c125fde38"
        ],
        "accept-language": [
          "en-US"
        ],
        "User-Agent": [
          "Microsoft.Azure.Management.DataLake.Store.DataLakeStoreFileSystemManagementClient/0.12.5-preview"
        ]
      },
      "ResponseBody": "",
      "ResponseHeaders": {
        "Content-Length": [
          "0"
        ],
        "Expires": [
          "-1"
        ],
        "Pragma": [
          "no-cache"
        ],
        "x-ms-request-id": [
          "ae7090ef-3069-4c25-b3ec-fec83c74cc2b"
        ],
        "ContentLength": [
          "0"
        ],
        "Server-Perf": [
          "[ae7090ef-3069-4c25-b3ec-fec83c74cc2b][ AuthTime::0::PostAuthTime::0 ][S-HdfsRemoveDefaultAcl :: 00:00:026 ms]%0a[REMOVEDEFAULTACL :: 00:00:029 ms]%0a"
        ],
        "x-ms-webhdfs-version": [
          "16.07.07.01"
        ],
        "Status": [
          "0x0"
        ],
        "X-Content-Type-Options": [
          "nosniff"
        ],
        "Strict-Transport-Security": [
          "max-age=15724800; includeSubDomains"
        ],
        "Cache-Control": [
          "no-cache"
        ],
        "Date": [
          "Wed, 07 Sep 2016 00:30:36 GMT"
        ]
      },
      "StatusCode": 200
    },
    {
      "RequestUri": "/webhdfs/v1/?op=REMOVEACL&api-version=2015-10-01-preview",
      "EncodedRequestUri": "L3dlYmhkZnMvdjEvP29wPVJFTU9WRUFDTCZhcGktdmVyc2lvbj0yMDE1LTEwLTAxLXByZXZpZXc=",
      "RequestMethod": "PUT",
      "RequestBody": "",
      "RequestHeaders": {
        "x-ms-client-request-id": [
          "bf2e1036-05f5-471b-aa9f-350d98f04880"
        ],
        "accept-language": [
          "en-US"
        ],
        "User-Agent": [
          "Microsoft.Azure.Management.DataLake.Store.DataLakeStoreFileSystemManagementClient/0.12.5-preview"
        ]
      },
      "ResponseBody": "",
      "ResponseHeaders": {
        "Content-Length": [
          "0"
        ],
        "Expires": [
          "-1"
        ],
        "Pragma": [
          "no-cache"
        ],
        "x-ms-request-id": [
          "77ed4164-3b5d-4b24-a896-dc67e1a71ff8"
        ],
        "ContentLength": [
          "0"
        ],
        "Server-Perf": [
          "[77ed4164-3b5d-4b24-a896-dc67e1a71ff8][ AuthTime::0::PostAuthTime::0 ][S-HdfsRemoveAcl :: 00:00:019 ms]%0a[REMOVEACL :: 00:00:022 ms]%0a"
        ],
        "x-ms-webhdfs-version": [
          "16.07.07.01"
        ],
        "Status": [
          "0x0"
        ],
        "X-Content-Type-Options": [
          "nosniff"
        ],
        "Strict-Transport-Security": [
          "max-age=15724800; includeSubDomains"
        ],
        "Cache-Control": [
          "no-cache"
        ],
        "Date": [
          "Wed, 07 Sep 2016 00:30:36 GMT"
        ]
      },
      "StatusCode": 200
    },
    {
      "RequestUri": "/webhdfs/v1/?op=MSGETFILESTATUS&api-version=2015-10-01-preview",
      "EncodedRequestUri": "L3dlYmhkZnMvdjEvP29wPU1TR0VURklMRVNUQVRVUyZhcGktdmVyc2lvbj0yMDE1LTEwLTAxLXByZXZpZXc=",
      "RequestMethod": "GET",
      "RequestBody": "",
      "RequestHeaders": {
        "x-ms-client-request-id": [
          "80b955dc-0bc0-4285-b5fe-8c56012c4f63"
        ],
        "accept-language": [
          "en-US"
        ],
        "User-Agent": [
          "Microsoft.Azure.Management.DataLake.Store.DataLakeStoreFileSystemManagementClient/0.12.5-preview"
        ]
      },
      "ResponseBody": "{\r\n  \"FileStatus\": {\r\n    \"length\": 0,\r\n    \"pathSuffix\": \"\",\r\n    \"type\": \"DIRECTORY\",\r\n    \"blockSize\": 0,\r\n    \"accessTime\": 1473208202810,\r\n    \"modificationTime\": 1473208202830,\r\n    \"replication\": 0,\r\n    \"permission\": \"770\",\r\n    \"owner\": \"2e6c02d2-a364-4530-9137-d17403996cbf\",\r\n    \"group\": \"2e6c02d2-a364-4530-9137-d17403996cbf\"\r\n  }\r\n}",
      "ResponseHeaders": {
        "Content-Length": [
          "265"
        ],
        "Content-Type": [
          "application/json; charset=utf-8"
        ],
        "Expires": [
          "-1"
        ],
        "Pragma": [
          "no-cache"
        ],
        "x-ms-request-id": [
          "c026eb18-2b3a-4f51-a08a-2f0df15db447"
        ],
        "Server-Perf": [
          "[c026eb18-2b3a-4f51-a08a-2f0df15db447][ AuthTime::0::PostAuthTime::0 ][S-HdfsGetFileStatusV2 :: 00:00:004 ms]%0a[MSGETFILESTATUS :: 00:00:007 ms]%0a"
        ],
        "x-ms-webhdfs-version": [
          "16.07.07.01"
        ],
        "Status": [
          "0x0"
        ],
        "X-Content-Type-Options": [
          "nosniff"
        ],
        "Strict-Transport-Security": [
          "max-age=15724800; includeSubDomains"
        ],
        "Cache-Control": [
          "no-cache"
        ],
        "Date": [
          "Wed, 07 Sep 2016 00:30:37 GMT"
        ]
      },
      "StatusCode": 200
    },
    {
      "RequestUri": "/webhdfs/v1/?op=MSGETFILESTATUS&api-version=2015-10-01-preview",
      "EncodedRequestUri": "L3dlYmhkZnMvdjEvP29wPU1TR0VURklMRVNUQVRVUyZhcGktdmVyc2lvbj0yMDE1LTEwLTAxLXByZXZpZXc=",
      "RequestMethod": "GET",
      "RequestBody": "",
      "RequestHeaders": {
        "x-ms-client-request-id": [
          "417becec-39ca-44f7-8ffa-87feb7266308"
        ],
        "accept-language": [
          "en-US"
        ],
        "User-Agent": [
          "Microsoft.Azure.Management.DataLake.Store.DataLakeStoreFileSystemManagementClient/0.12.5-preview"
        ]
      },
      "ResponseBody": "{\r\n  \"FileStatus\": {\r\n    \"length\": 0,\r\n    \"pathSuffix\": \"\",\r\n    \"type\": \"DIRECTORY\",\r\n    \"blockSize\": 0,\r\n    \"accessTime\": 1473208202810,\r\n    \"modificationTime\": 1473208202830,\r\n    \"replication\": 0,\r\n    \"permission\": \"777\",\r\n    \"owner\": \"2e6c02d2-a364-4530-9137-d17403996cbf\",\r\n    \"group\": \"2e6c02d2-a364-4530-9137-d17403996cbf\"\r\n  }\r\n}",
      "ResponseHeaders": {
        "Content-Length": [
          "265"
        ],
        "Content-Type": [
          "application/json; charset=utf-8"
        ],
        "Expires": [
          "-1"
        ],
        "Pragma": [
          "no-cache"
        ],
        "x-ms-request-id": [
          "4a51404d-43af-4261-9810-67dd431594fd"
        ],
        "Server-Perf": [
          "[4a51404d-43af-4261-9810-67dd431594fd][ AuthTime::0::PostAuthTime::0 ][S-HdfsGetFileStatusV2 :: 00:00:004 ms]%0a[MSGETFILESTATUS :: 00:00:004 ms]%0a"
        ],
        "x-ms-webhdfs-version": [
          "16.07.07.01"
        ],
        "Status": [
          "0x0"
        ],
        "X-Content-Type-Options": [
          "nosniff"
        ],
        "Strict-Transport-Security": [
          "max-age=15724800; includeSubDomains"
        ],
        "Cache-Control": [
          "no-cache"
        ],
        "Date": [
          "Wed, 07 Sep 2016 00:30:37 GMT"
        ]
      },
      "StatusCode": 200
    },
    {
      "RequestUri": "/webhdfs/v1/?permission=777&op=SETPERMISSION&api-version=2015-10-01-preview",
      "EncodedRequestUri": "L3dlYmhkZnMvdjEvP3Blcm1pc3Npb249Nzc3Jm9wPVNFVFBFUk1JU1NJT04mYXBpLXZlcnNpb249MjAxNS0xMC0wMS1wcmV2aWV3",
      "RequestMethod": "PUT",
      "RequestBody": "",
      "RequestHeaders": {
        "x-ms-client-request-id": [
          "70f97d02-24f2-4473-b360-e393d710d18f"
        ],
        "accept-language": [
          "en-US"
        ],
        "User-Agent": [
          "Microsoft.Azure.Management.DataLake.Store.DataLakeStoreFileSystemManagementClient/0.12.5-preview"
        ]
      },
      "ResponseBody": "",
      "ResponseHeaders": {
        "Content-Length": [
          "0"
        ],
        "Expires": [
          "-1"
        ],
        "Pragma": [
          "no-cache"
        ],
        "x-ms-request-id": [
          "14ae0df7-21bc-4c8a-9e96-c5690744e132"
        ],
        "Server-Perf": [
          "[14ae0df7-21bc-4c8a-9e96-c5690744e132][ AuthTime::0::PostAuthTime::0 ][S-HdfsSetPermission :: 00:00:015 ms]%0a[SETPERMISSION :: 00:00:018 ms]%0a"
        ],
        "x-ms-webhdfs-version": [
          "16.07.07.01"
        ],
        "Status": [
          "0x0"
        ],
        "X-Content-Type-Options": [
          "nosniff"
        ],
        "Strict-Transport-Security": [
          "max-age=15724800; includeSubDomains"
        ],
        "Cache-Control": [
          "no-cache"
        ],
        "Date": [
          "Wed, 07 Sep 2016 00:30:37 GMT"
        ]
      },
      "StatusCode": 200
    },
    {
      "RequestUri": "/subscriptions/53d9063d-87ae-4ea8-be90-3686c3b8669f/resourceGroups/onesdk880/providers/Microsoft.DataLakeStore/accounts/onesdk8540?api-version=2015-10-01-preview",
      "EncodedRequestUri": "L3N1YnNjcmlwdGlvbnMvNTNkOTA2M2QtODdhZS00ZWE4LWJlOTAtMzY4NmMzYjg2NjlmL3Jlc291cmNlR3JvdXBzL29uZXNkazg4MC9wcm92aWRlcnMvTWljcm9zb2Z0LkRhdGFMYWtlU3RvcmUvYWNjb3VudHMvb25lc2RrODU0MD9hcGktdmVyc2lvbj0yMDE1LTEwLTAxLXByZXZpZXc=",
      "RequestMethod": "DELETE",
      "RequestBody": "",
      "RequestHeaders": {
        "x-ms-client-request-id": [
          "aff96584-3e67-49d9-ab4d-99b51e7af710"
        ],
        "accept-language": [
          "en-US"
        ],
        "User-Agent": [
          "Microsoft.Azure.Management.DataLake.Store.DataLakeStoreAccountManagementClient/0.12.5-preview"
        ]
      },
      "ResponseBody": "",
      "ResponseHeaders": {
        "Content-Length": [
          "0"
        ],
        "Expires": [
          "-1"
        ],
        "Pragma": [
          "no-cache"
        ],
        "x-ms-request-id": [
          "9ace5f32-cf28-4528-8e7c-a043abfa46a5"
        ],
        "x-ms-ratelimit-remaining-subscription-writes": [
          "1199"
        ],
        "x-ms-correlation-request-id": [
          "2d540b8a-a82f-47ac-aca1-c7f01d0d4b6f"
        ],
        "x-ms-routing-request-id": [
          "WESTUS2:20160907T003041Z:2d540b8a-a82f-47ac-aca1-c7f01d0d4b6f"
        ],
        "Strict-Transport-Security": [
          "max-age=31536000; includeSubDomains"
        ],
        "Connection": [
          "close"
        ],
        "Cache-Control": [
          "no-cache"
        ],
        "Date": [
          "Wed, 07 Sep 2016 00:30:40 GMT"
        ],
        "Server": [
          "Microsoft-IIS/8.5"
        ],
        "X-AspNet-Version": [
          "4.0.30319"
        ],
        "X-Powered-By": [
          "ASP.NET"
        ]
      },
      "StatusCode": 200
    },
    {
      "RequestUri": "/subscriptions/53d9063d-87ae-4ea8-be90-3686c3b8669f/resourcegroups/onesdk880?api-version=2016-02-01",
      "EncodedRequestUri": "L3N1YnNjcmlwdGlvbnMvNTNkOTA2M2QtODdhZS00ZWE4LWJlOTAtMzY4NmMzYjg2NjlmL3Jlc291cmNlZ3JvdXBzL29uZXNkazg4MD9hcGktdmVyc2lvbj0yMDE2LTAyLTAx",
      "RequestMethod": "DELETE",
      "RequestBody": "",
      "RequestHeaders": {
        "User-Agent": [
          "Microsoft.Azure.Management.Resources.ResourceManagementClient/2.0.0.0"
        ]
      },
      "ResponseBody": "",
      "ResponseHeaders": {
        "Content-Length": [
          "0"
        ],
        "Expires": [
          "-1"
        ],
        "Pragma": [
          "no-cache"
        ],
        "Retry-After": [
          "15"
        ],
        "x-ms-ratelimit-remaining-subscription-writes": [
          "1198"
        ],
        "x-ms-request-id": [
          "7d10addf-73dc-41a4-b801-2ac3bb63bca9"
        ],
        "x-ms-correlation-request-id": [
          "7d10addf-73dc-41a4-b801-2ac3bb63bca9"
        ],
        "x-ms-routing-request-id": [
          "WESTUS2:20160907T003042Z:7d10addf-73dc-41a4-b801-2ac3bb63bca9"
        ],
        "Strict-Transport-Security": [
          "max-age=31536000; includeSubDomains"
        ],
        "Cache-Control": [
          "no-cache"
        ],
        "Date": [
          "Wed, 07 Sep 2016 00:30:42 GMT"
        ],
        "Location": [
          "https://management.azure.com/subscriptions/53d9063d-87ae-4ea8-be90-3686c3b8669f/operationresults/eyJqb2JJZCI6IlJFU09VUkNFR1JPVVBERUxFVElPTkpPQi1PTkVTREs4ODAtRUFTVFVTMiIsImpvYkxvY2F0aW9uIjoiZWFzdHVzMiJ9?api-version=2016-02-01"
        ]
      },
      "StatusCode": 202
    },
    {
      "RequestUri": "/subscriptions/53d9063d-87ae-4ea8-be90-3686c3b8669f/operationresults/eyJqb2JJZCI6IlJFU09VUkNFR1JPVVBERUxFVElPTkpPQi1PTkVTREs4ODAtRUFTVFVTMiIsImpvYkxvY2F0aW9uIjoiZWFzdHVzMiJ9?api-version=2016-02-01",
      "EncodedRequestUri": "L3N1YnNjcmlwdGlvbnMvNTNkOTA2M2QtODdhZS00ZWE4LWJlOTAtMzY4NmMzYjg2NjlmL29wZXJhdGlvbnJlc3VsdHMvZXlKcWIySkpaQ0k2SWxKRlUwOVZVa05GUjFKUFZWQkVSVXhGVkVsUFRrcFBRaTFQVGtWVFJFczRPREF0UlVGVFZGVlRNaUlzSW1wdllreHZZMkYwYVc5dUlqb2laV0Z6ZEhWek1pSjk/YXBpLXZlcnNpb249MjAxNi0wMi0wMQ==",
      "RequestMethod": "GET",
      "RequestBody": "",
      "RequestHeaders": {
        "x-ms-version": [
          "2016-02-01"
        ],
        "User-Agent": [
          "Microsoft.Azure.Management.Resources.ResourceManagementClient/2.0.0.0"
        ]
      },
      "ResponseBody": "",
      "ResponseHeaders": {
        "Content-Length": [
          "0"
        ],
        "Expires": [
          "-1"
        ],
        "Pragma": [
          "no-cache"
        ],
        "Retry-After": [
          "15"
        ],
        "x-ms-ratelimit-remaining-subscription-reads": [
          "14995"
        ],
        "x-ms-request-id": [
          "0f291aae-b9bb-461a-bcfc-04674f00121c"
        ],
        "x-ms-correlation-request-id": [
          "0f291aae-b9bb-461a-bcfc-04674f00121c"
        ],
        "x-ms-routing-request-id": [
          "WESTUS2:20160907T003042Z:0f291aae-b9bb-461a-bcfc-04674f00121c"
        ],
        "Strict-Transport-Security": [
          "max-age=31536000; includeSubDomains"
        ],
        "Cache-Control": [
          "no-cache"
        ],
        "Date": [
          "Wed, 07 Sep 2016 00:30:42 GMT"
        ],
        "Location": [
          "https://management.azure.com/subscriptions/53d9063d-87ae-4ea8-be90-3686c3b8669f/operationresults/eyJqb2JJZCI6IlJFU09VUkNFR1JPVVBERUxFVElPTkpPQi1PTkVTREs4ODAtRUFTVFVTMiIsImpvYkxvY2F0aW9uIjoiZWFzdHVzMiJ9?api-version=2016-02-01"
        ]
      },
      "StatusCode": 202
    },
    {
      "RequestUri": "/subscriptions/53d9063d-87ae-4ea8-be90-3686c3b8669f/operationresults/eyJqb2JJZCI6IlJFU09VUkNFR1JPVVBERUxFVElPTkpPQi1PTkVTREs4ODAtRUFTVFVTMiIsImpvYkxvY2F0aW9uIjoiZWFzdHVzMiJ9?api-version=2016-02-01",
      "EncodedRequestUri": "L3N1YnNjcmlwdGlvbnMvNTNkOTA2M2QtODdhZS00ZWE4LWJlOTAtMzY4NmMzYjg2NjlmL29wZXJhdGlvbnJlc3VsdHMvZXlKcWIySkpaQ0k2SWxKRlUwOVZVa05GUjFKUFZWQkVSVXhGVkVsUFRrcFBRaTFQVGtWVFJFczRPREF0UlVGVFZGVlRNaUlzSW1wdllreHZZMkYwYVc5dUlqb2laV0Z6ZEhWek1pSjk/YXBpLXZlcnNpb249MjAxNi0wMi0wMQ==",
      "RequestMethod": "GET",
      "RequestBody": "",
      "RequestHeaders": {
        "x-ms-version": [
          "2016-02-01"
        ],
        "User-Agent": [
          "Microsoft.Azure.Management.Resources.ResourceManagementClient/2.0.0.0"
        ]
      },
      "ResponseBody": "",
      "ResponseHeaders": {
        "Content-Length": [
          "0"
        ],
        "Expires": [
          "-1"
        ],
        "Pragma": [
          "no-cache"
        ],
        "Retry-After": [
          "15"
        ],
        "x-ms-ratelimit-remaining-subscription-reads": [
          "14994"
        ],
        "x-ms-request-id": [
          "490bf671-e6a0-49f2-b885-960af58336a4"
        ],
        "x-ms-correlation-request-id": [
          "490bf671-e6a0-49f2-b885-960af58336a4"
        ],
        "x-ms-routing-request-id": [
          "WESTUS2:20160907T003058Z:490bf671-e6a0-49f2-b885-960af58336a4"
        ],
        "Strict-Transport-Security": [
          "max-age=31536000; includeSubDomains"
        ],
        "Cache-Control": [
          "no-cache"
        ],
        "Date": [
          "Wed, 07 Sep 2016 00:30:57 GMT"
        ],
        "Location": [
          "https://management.azure.com/subscriptions/53d9063d-87ae-4ea8-be90-3686c3b8669f/operationresults/eyJqb2JJZCI6IlJFU09VUkNFR1JPVVBERUxFVElPTkpPQi1PTkVTREs4ODAtRUFTVFVTMiIsImpvYkxvY2F0aW9uIjoiZWFzdHVzMiJ9?api-version=2016-02-01"
        ]
      },
      "StatusCode": 202
    },
    {
      "RequestUri": "/subscriptions/53d9063d-87ae-4ea8-be90-3686c3b8669f/operationresults/eyJqb2JJZCI6IlJFU09VUkNFR1JPVVBERUxFVElPTkpPQi1PTkVTREs4ODAtRUFTVFVTMiIsImpvYkxvY2F0aW9uIjoiZWFzdHVzMiJ9?api-version=2016-02-01",
      "EncodedRequestUri": "L3N1YnNjcmlwdGlvbnMvNTNkOTA2M2QtODdhZS00ZWE4LWJlOTAtMzY4NmMzYjg2NjlmL29wZXJhdGlvbnJlc3VsdHMvZXlKcWIySkpaQ0k2SWxKRlUwOVZVa05GUjFKUFZWQkVSVXhGVkVsUFRrcFBRaTFQVGtWVFJFczRPREF0UlVGVFZGVlRNaUlzSW1wdllreHZZMkYwYVc5dUlqb2laV0Z6ZEhWek1pSjk/YXBpLXZlcnNpb249MjAxNi0wMi0wMQ==",
      "RequestMethod": "GET",
      "RequestBody": "",
      "RequestHeaders": {
        "x-ms-version": [
          "2016-02-01"
        ],
        "User-Agent": [
          "Microsoft.Azure.Management.Resources.ResourceManagementClient/2.0.0.0"
        ]
      },
      "ResponseBody": "",
      "ResponseHeaders": {
        "Content-Length": [
          "0"
        ],
        "Expires": [
          "-1"
        ],
        "Pragma": [
          "no-cache"
        ],
        "Retry-After": [
          "15"
        ],
        "x-ms-ratelimit-remaining-subscription-reads": [
          "14993"
        ],
        "x-ms-request-id": [
          "3c6d7fdb-52f0-48c1-9c89-88193d942398"
        ],
        "x-ms-correlation-request-id": [
          "3c6d7fdb-52f0-48c1-9c89-88193d942398"
        ],
        "x-ms-routing-request-id": [
          "WESTUS2:20160907T003113Z:3c6d7fdb-52f0-48c1-9c89-88193d942398"
        ],
        "Strict-Transport-Security": [
          "max-age=31536000; includeSubDomains"
        ],
        "Cache-Control": [
          "no-cache"
        ],
        "Date": [
          "Wed, 07 Sep 2016 00:31:12 GMT"
        ],
        "Location": [
          "https://management.azure.com/subscriptions/53d9063d-87ae-4ea8-be90-3686c3b8669f/operationresults/eyJqb2JJZCI6IlJFU09VUkNFR1JPVVBERUxFVElPTkpPQi1PTkVTREs4ODAtRUFTVFVTMiIsImpvYkxvY2F0aW9uIjoiZWFzdHVzMiJ9?api-version=2016-02-01"
        ]
      },
      "StatusCode": 202
    },
    {
      "RequestUri": "/subscriptions/53d9063d-87ae-4ea8-be90-3686c3b8669f/operationresults/eyJqb2JJZCI6IlJFU09VUkNFR1JPVVBERUxFVElPTkpPQi1PTkVTREs4ODAtRUFTVFVTMiIsImpvYkxvY2F0aW9uIjoiZWFzdHVzMiJ9?api-version=2016-02-01",
      "EncodedRequestUri": "L3N1YnNjcmlwdGlvbnMvNTNkOTA2M2QtODdhZS00ZWE4LWJlOTAtMzY4NmMzYjg2NjlmL29wZXJhdGlvbnJlc3VsdHMvZXlKcWIySkpaQ0k2SWxKRlUwOVZVa05GUjFKUFZWQkVSVXhGVkVsUFRrcFBRaTFQVGtWVFJFczRPREF0UlVGVFZGVlRNaUlzSW1wdllreHZZMkYwYVc5dUlqb2laV0Z6ZEhWek1pSjk/YXBpLXZlcnNpb249MjAxNi0wMi0wMQ==",
      "RequestMethod": "GET",
      "RequestBody": "",
      "RequestHeaders": {
        "x-ms-version": [
          "2016-02-01"
        ],
        "User-Agent": [
          "Microsoft.Azure.Management.Resources.ResourceManagementClient/2.0.0.0"
        ]
      },
      "ResponseBody": "",
      "ResponseHeaders": {
        "Content-Length": [
          "0"
        ],
        "Expires": [
          "-1"
        ],
        "Pragma": [
          "no-cache"
        ],
        "x-ms-ratelimit-remaining-subscription-reads": [
          "14992"
        ],
        "x-ms-request-id": [
          "f2aba62d-8fc5-4794-8bce-255eb2377de2"
        ],
        "x-ms-correlation-request-id": [
          "f2aba62d-8fc5-4794-8bce-255eb2377de2"
        ],
        "x-ms-routing-request-id": [
          "WESTUS2:20160907T003128Z:f2aba62d-8fc5-4794-8bce-255eb2377de2"
        ],
        "Strict-Transport-Security": [
          "max-age=31536000; includeSubDomains"
        ],
        "Cache-Control": [
          "no-cache"
        ],
        "Date": [
          "Wed, 07 Sep 2016 00:31:27 GMT"
        ]
      },
      "StatusCode": 200
    }
  ],
  "Names": {
    "Test-DataLakeStoreFileSystemPermissions": [
      "onesdk880",
      "onesdk8540"
    ]
  },
  "Variables": {
    "SubscriptionId": "53d9063d-87ae-4ea8-be90-3686c3b8669f"
  }
}