{
  "Entries": [
    {
      "RequestUri": "/subscriptions/90585f39-ab85-4921-bb37-0468f7efd1dd/providers/Microsoft.DataLakeStore/register?api-version=2016-02-01",
      "EncodedRequestUri": "L3N1YnNjcmlwdGlvbnMvOTA1ODVmMzktYWI4NS00OTIxLWJiMzctMDQ2OGY3ZWZkMWRkL3Byb3ZpZGVycy9NaWNyb3NvZnQuRGF0YUxha2VTdG9yZS9yZWdpc3Rlcj9hcGktdmVyc2lvbj0yMDE2LTAyLTAx",
      "RequestMethod": "POST",
      "RequestBody": "",
      "RequestHeaders": {
        "User-Agent": [
          "Microsoft.Azure.Management.Resources.ResourceManagementClient/2.0.0.0"
        ]
      },
      "ResponseBody": "{\r\n  \"id\": \"/subscriptions/90585f39-ab85-4921-bb37-0468f7efd1dd/providers/Microsoft.DataLakeStore\",\r\n  \"namespace\": \"Microsoft.DataLakeStore\",\r\n  \"authorization\": {\r\n    \"applicationId\": \"e9f49c6b-5ce5-44c8-925d-015017e9f7ad\",\r\n    \"roleDefinitionId\": \"41c47f4b-8b45-4522-a73a-d20b16f0f1ec\"\r\n  },\r\n  \"resourceTypes\": [\r\n    {\r\n      \"resourceType\": \"accounts\",\r\n      \"locations\": [\r\n        \"Brazil South\",\r\n        \"Australia East\",\r\n        \"East US 2\",\r\n        \"East US\",\r\n        \"West US\",\r\n        \"North Central US\",\r\n        \"South Central US\",\r\n        \"Southeast Asia\",\r\n        \"Central US\",\r\n        \"Japan East\",\r\n        \"Japan West\",\r\n        \"North Europe\",\r\n        \"West Europe\",\r\n        \"East Asia\"\r\n      ],\r\n      \"apiVersions\": [\r\n        \"2016-11-01\",\r\n        \"2015-10-01-preview\"\r\n      ],\r\n      \"capabilities\": \"CrossResourceGroupResourceMove, CrossSubscriptionResourceMove, SystemAssignedResourceIdentity\"\r\n    },\r\n    {\r\n      \"resourceType\": \"accounts/firewallRules\",\r\n      \"locations\": [\r\n        \"Brazil South\",\r\n        \"Australia East\",\r\n        \"East US 2\",\r\n        \"East US\",\r\n        \"West US\",\r\n        \"North Central US\",\r\n        \"South Central US\",\r\n        \"Southeast Asia\",\r\n        \"Central US\",\r\n        \"Japan East\",\r\n        \"Japan West\",\r\n        \"North Europe\",\r\n        \"West Europe\",\r\n        \"East Asia\"\r\n      ],\r\n      \"apiVersions\": [\r\n        \"2016-11-01\",\r\n        \"2015-10-01-preview\"\r\n      ]\r\n    },\r\n    {\r\n      \"resourceType\": \"locations\",\r\n      \"locations\": [],\r\n      \"apiVersions\": [\r\n        \"2016-11-01\",\r\n        \"2015-10-01-preview\"\r\n      ]\r\n    },\r\n    {\r\n      \"resourceType\": \"locations/operationresults\",\r\n      \"locations\": [],\r\n      \"apiVersions\": [\r\n        \"2016-11-01\",\r\n        \"2015-10-01-preview\"\r\n      ]\r\n    },\r\n    {\r\n      \"resourceType\": \"locations/checkNameAvailability\",\r\n      \"locations\": [],\r\n      \"apiVersions\": [\r\n        \"2016-11-01\",\r\n        \"2015-10-01-preview\"\r\n      ]\r\n    },\r\n    {\r\n      \"resourceType\": \"locations/capability\",\r\n      \"locations\": [],\r\n      \"apiVersions\": [\r\n        \"2016-11-01\",\r\n        \"2015-10-01-preview\"\r\n      ]\r\n    },\r\n    {\r\n      \"resourceType\": \"operations\",\r\n      \"locations\": [],\r\n      \"apiVersions\": [\r\n        \"2016-11-01\",\r\n        \"2015-10-01-preview\"\r\n      ]\r\n    }\r\n  ],\r\n  \"registrationState\": \"Registered\"\r\n}",
      "ResponseHeaders": {
        "Content-Length": [
          "1542"
        ],
        "Content-Type": [
          "application/json; charset=utf-8"
        ],
        "Expires": [
          "-1"
        ],
        "Pragma": [
          "no-cache"
        ],
        "x-ms-ratelimit-remaining-subscription-writes": [
          "1154"
        ],
        "x-ms-request-id": [
          "57809b9e-8964-45b4-a0f2-9700e6b125c1"
        ],
        "x-ms-correlation-request-id": [
          "57809b9e-8964-45b4-a0f2-9700e6b125c1"
        ],
        "x-ms-routing-request-id": [
          "CENTRALUS:20170214T223851Z:57809b9e-8964-45b4-a0f2-9700e6b125c1"
        ],
        "Strict-Transport-Security": [
          "max-age=31536000; includeSubDomains"
        ],
        "Cache-Control": [
          "no-cache"
        ],
        "Date": [
          "Tue, 14 Feb 2017 22:38:51 GMT"
        ]
      },
      "StatusCode": 200
    },
    {
      "RequestUri": "/subscriptions/90585f39-ab85-4921-bb37-0468f7efd1dd/providers/Microsoft.DataLakeStore?api-version=2016-02-01",
      "EncodedRequestUri": "L3N1YnNjcmlwdGlvbnMvOTA1ODVmMzktYWI4NS00OTIxLWJiMzctMDQ2OGY3ZWZkMWRkL3Byb3ZpZGVycy9NaWNyb3NvZnQuRGF0YUxha2VTdG9yZT9hcGktdmVyc2lvbj0yMDE2LTAyLTAx",
      "RequestMethod": "GET",
      "RequestBody": "",
      "RequestHeaders": {
        "User-Agent": [
          "Microsoft.Azure.Management.Resources.ResourceManagementClient/2.0.0.0"
        ]
      },
      "ResponseBody": "{\r\n  \"id\": \"/subscriptions/90585f39-ab85-4921-bb37-0468f7efd1dd/providers/Microsoft.DataLakeStore\",\r\n  \"namespace\": \"Microsoft.DataLakeStore\",\r\n  \"authorization\": {\r\n    \"applicationId\": \"e9f49c6b-5ce5-44c8-925d-015017e9f7ad\",\r\n    \"roleDefinitionId\": \"41c47f4b-8b45-4522-a73a-d20b16f0f1ec\"\r\n  },\r\n  \"resourceTypes\": [\r\n    {\r\n      \"resourceType\": \"accounts\",\r\n      \"locations\": [\r\n        \"Brazil South\",\r\n        \"Australia East\",\r\n        \"East US 2\",\r\n        \"East US\",\r\n        \"West US\",\r\n        \"North Central US\",\r\n        \"South Central US\",\r\n        \"Southeast Asia\",\r\n        \"Central US\",\r\n        \"Japan East\",\r\n        \"Japan West\",\r\n        \"North Europe\",\r\n        \"West Europe\",\r\n        \"East Asia\"\r\n      ],\r\n      \"apiVersions\": [\r\n        \"2016-11-01\",\r\n        \"2015-10-01-preview\"\r\n      ],\r\n      \"capabilities\": \"CrossResourceGroupResourceMove, CrossSubscriptionResourceMove, SystemAssignedResourceIdentity\"\r\n    },\r\n    {\r\n      \"resourceType\": \"accounts/firewallRules\",\r\n      \"locations\": [\r\n        \"Brazil South\",\r\n        \"Australia East\",\r\n        \"East US 2\",\r\n        \"East US\",\r\n        \"West US\",\r\n        \"North Central US\",\r\n        \"South Central US\",\r\n        \"Southeast Asia\",\r\n        \"Central US\",\r\n        \"Japan East\",\r\n        \"Japan West\",\r\n        \"North Europe\",\r\n        \"West Europe\",\r\n        \"East Asia\"\r\n      ],\r\n      \"apiVersions\": [\r\n        \"2016-11-01\",\r\n        \"2015-10-01-preview\"\r\n      ]\r\n    },\r\n    {\r\n      \"resourceType\": \"locations\",\r\n      \"locations\": [],\r\n      \"apiVersions\": [\r\n        \"2016-11-01\",\r\n        \"2015-10-01-preview\"\r\n      ]\r\n    },\r\n    {\r\n      \"resourceType\": \"locations/operationresults\",\r\n      \"locations\": [],\r\n      \"apiVersions\": [\r\n        \"2016-11-01\",\r\n        \"2015-10-01-preview\"\r\n      ]\r\n    },\r\n    {\r\n      \"resourceType\": \"locations/checkNameAvailability\",\r\n      \"locations\": [],\r\n      \"apiVersions\": [\r\n        \"2016-11-01\",\r\n        \"2015-10-01-preview\"\r\n      ]\r\n    },\r\n    {\r\n      \"resourceType\": \"locations/capability\",\r\n      \"locations\": [],\r\n      \"apiVersions\": [\r\n        \"2016-11-01\",\r\n        \"2015-10-01-preview\"\r\n      ]\r\n    },\r\n    {\r\n      \"resourceType\": \"operations\",\r\n      \"locations\": [],\r\n      \"apiVersions\": [\r\n        \"2016-11-01\",\r\n        \"2015-10-01-preview\"\r\n      ]\r\n    }\r\n  ],\r\n  \"registrationState\": \"Registered\"\r\n}",
      "ResponseHeaders": {
        "Content-Length": [
          "1542"
        ],
        "Content-Type": [
          "application/json; charset=utf-8"
        ],
        "Expires": [
          "-1"
        ],
        "Pragma": [
          "no-cache"
        ],
        "x-ms-ratelimit-remaining-subscription-reads": [
          "14893"
        ],
        "x-ms-request-id": [
          "069568aa-0d96-4fe7-baf6-cfd812e1a6cd"
        ],
        "x-ms-correlation-request-id": [
          "069568aa-0d96-4fe7-baf6-cfd812e1a6cd"
        ],
        "x-ms-routing-request-id": [
          "CENTRALUS:20170214T223851Z:069568aa-0d96-4fe7-baf6-cfd812e1a6cd"
        ],
        "Strict-Transport-Security": [
          "max-age=31536000; includeSubDomains"
        ],
        "Cache-Control": [
          "no-cache"
        ],
        "Date": [
          "Tue, 14 Feb 2017 22:38:51 GMT"
        ]
      },
      "StatusCode": 200
    },
    {
      "RequestUri": "/subscriptions/90585f39-ab85-4921-bb37-0468f7efd1dd/resourcegroups/onesdk9277?api-version=2016-02-01",
      "EncodedRequestUri": "L3N1YnNjcmlwdGlvbnMvOTA1ODVmMzktYWI4NS00OTIxLWJiMzctMDQ2OGY3ZWZkMWRkL3Jlc291cmNlZ3JvdXBzL29uZXNkazkyNzc/YXBpLXZlcnNpb249MjAxNi0wMi0wMQ==",
      "RequestMethod": "PUT",
      "RequestBody": "{\r\n  \"location\": \"East US 2\"\r\n}",
      "RequestHeaders": {
        "Content-Type": [
          "application/json; charset=utf-8"
        ],
        "Content-Length": [
          "31"
        ],
        "User-Agent": [
          "Microsoft.Azure.Management.Resources.ResourceManagementClient/2.0.0.0"
        ]
      },
      "ResponseBody": "{\r\n  \"id\": \"/subscriptions/90585f39-ab85-4921-bb37-0468f7efd1dd/resourceGroups/onesdk9277\",\r\n  \"name\": \"onesdk9277\",\r\n  \"location\": \"eastus2\",\r\n  \"properties\": {\r\n    \"provisioningState\": \"Succeeded\"\r\n  }\r\n}",
      "ResponseHeaders": {
        "Content-Length": [
          "174"
        ],
        "Content-Type": [
          "application/json; charset=utf-8"
        ],
        "Expires": [
          "-1"
        ],
        "Pragma": [
          "no-cache"
        ],
        "x-ms-ratelimit-remaining-subscription-writes": [
          "1169"
        ],
        "x-ms-request-id": [
          "a218fca4-9bab-419f-aa02-90947f48a052"
        ],
        "x-ms-correlation-request-id": [
          "a218fca4-9bab-419f-aa02-90947f48a052"
        ],
        "x-ms-routing-request-id": [
          "CENTRALUS:20170214T223852Z:a218fca4-9bab-419f-aa02-90947f48a052"
        ],
        "Strict-Transport-Security": [
          "max-age=31536000; includeSubDomains"
        ],
        "Cache-Control": [
          "no-cache"
        ],
        "Date": [
          "Tue, 14 Feb 2017 22:38:52 GMT"
        ]
      },
      "StatusCode": 201
    },
    {
      "RequestUri": "/subscriptions/90585f39-ab85-4921-bb37-0468f7efd1dd/resourceGroups/onesdk9277/providers/Microsoft.DataLakeStore/accounts/onesdk4672?api-version=2016-11-01",
      "EncodedRequestUri": "L3N1YnNjcmlwdGlvbnMvOTA1ODVmMzktYWI4NS00OTIxLWJiMzctMDQ2OGY3ZWZkMWRkL3Jlc291cmNlR3JvdXBzL29uZXNkazkyNzcvcHJvdmlkZXJzL01pY3Jvc29mdC5EYXRhTGFrZVN0b3JlL2FjY291bnRzL29uZXNkazQ2NzI/YXBpLXZlcnNpb249MjAxNi0xMS0wMQ==",
      "RequestMethod": "GET",
      "RequestBody": "",
      "RequestHeaders": {
        "x-ms-client-request-id": [
          "4b436e14-36a4-4b71-8a84-e292d75c60a7"
        ],
        "accept-language": [
          "en-US"
        ],
        "User-Agent": [
          "FxVersion/4.6.1586.0",
          "OSName/Windows_10_Enterprise",
          "OSVersion/6.3.14393",
          "Microsoft.Azure.Management.DataLake.Store.DataLakeStoreAccountManagementClient/2.0.1-preview"
        ]
      },
      "ResponseBody": "{\r\n  \"error\": {\r\n    \"code\": \"ResourceNotFound\",\r\n    \"message\": \"The Resource 'Microsoft.DataLakeStore/accounts/onesdk4672' under resource group 'onesdk9277' was not found.\"\r\n  }\r\n}",
      "ResponseHeaders": {
        "Content-Length": [
          "157"
        ],
        "Content-Type": [
          "application/json; charset=utf-8"
        ],
        "Expires": [
          "-1"
        ],
        "Pragma": [
          "no-cache"
        ],
        "x-ms-failure-cause": [
          "gateway"
        ],
        "x-ms-request-id": [
          "e62b8e1d-aad1-4bbd-b568-a9041fae5c1b"
        ],
        "x-ms-correlation-request-id": [
          "e62b8e1d-aad1-4bbd-b568-a9041fae5c1b"
        ],
        "x-ms-routing-request-id": [
          "CENTRALUS:20170214T223853Z:e62b8e1d-aad1-4bbd-b568-a9041fae5c1b"
        ],
        "Strict-Transport-Security": [
          "max-age=31536000; includeSubDomains"
        ],
        "Cache-Control": [
          "no-cache"
        ],
        "Date": [
          "Tue, 14 Feb 2017 22:38:52 GMT"
        ]
      },
      "StatusCode": 404
    },
    {
      "RequestUri": "/subscriptions/90585f39-ab85-4921-bb37-0468f7efd1dd/resourceGroups/onesdk9277/providers/Microsoft.DataLakeStore/accounts/onesdk4672?api-version=2016-11-01",
      "EncodedRequestUri": "L3N1YnNjcmlwdGlvbnMvOTA1ODVmMzktYWI4NS00OTIxLWJiMzctMDQ2OGY3ZWZkMWRkL3Jlc291cmNlR3JvdXBzL29uZXNkazkyNzcvcHJvdmlkZXJzL01pY3Jvc29mdC5EYXRhTGFrZVN0b3JlL2FjY291bnRzL29uZXNkazQ2NzI/YXBpLXZlcnNpb249MjAxNi0xMS0wMQ==",
      "RequestMethod": "GET",
      "RequestBody": "",
      "RequestHeaders": {
        "User-Agent": [
          "FxVersion/4.6.1586.0",
          "OSName/Windows_10_Enterprise",
          "OSVersion/6.3.14393",
          "Microsoft.Azure.Management.DataLake.Store.DataLakeStoreAccountManagementClient/2.0.1-preview"
        ]
      },
      "ResponseBody": "{\r\n  \"properties\": {\r\n    \"firewallState\": \"Disabled\",\r\n    \"firewallAllowAzureIps\": \"Disabled\",\r\n    \"firewallRules\": [],\r\n    \"trustedIdProviderState\": \"Disabled\",\r\n    \"trustedIdProviders\": [],\r\n    \"encryptionState\": \"Enabled\",\r\n    \"encryptionConfig\": {\r\n      \"type\": \"ServiceManaged\"\r\n    },\r\n    \"currentTier\": \"Consumption\",\r\n    \"newTier\": \"Consumption\",\r\n    \"provisioningState\": \"Succeeded\",\r\n    \"state\": \"Active\",\r\n    \"endpoint\": \"onesdk4672.caboaccountdogfood.net\",\r\n    \"accountId\": \"7be096d4-d342-4ff0-b905-0e201338c6ec\",\r\n    \"creationTime\": \"2017-02-14T22:38:56.889966Z\",\r\n    \"lastModifiedTime\": \"2017-02-14T22:38:56.889966Z\"\r\n  },\r\n  \"location\": \"East US 2\",\r\n  \"tags\": {},\r\n  \"identity\": {\r\n    \"type\": \"SystemAssigned\",\r\n    \"principalId\": \"2a803ec4-c33d-42b2-a020-2d5982ce518d\",\r\n    \"tenantId\": \"4ca0b6b0-e97c-43bc-aa52-48f274d2cf1a\"\r\n  },\r\n  \"id\": \"/subscriptions/90585f39-ab85-4921-bb37-0468f7efd1dd/resourceGroups/onesdk9277/providers/Microsoft.DataLakeStore/accounts/onesdk4672\",\r\n  \"name\": \"onesdk4672\",\r\n  \"type\": \"Microsoft.DataLakeStore/accounts\"\r\n}",
      "ResponseHeaders": {
        "Content-Length": [
          "897"
        ],
        "Content-Type": [
          "application/json"
        ],
        "Expires": [
          "-1"
        ],
        "Pragma": [
          "no-cache"
        ],
        "x-ms-request-id": [
          "3f8e0da2-cb40-4f78-84fa-b81d2176fbce"
        ],
        "X-Content-Type-Options": [
          "nosniff"
        ],
        "x-ms-ratelimit-remaining-subscription-reads": [
          "14888"
        ],
        "x-ms-correlation-request-id": [
          "202a698b-27b5-4b6c-950e-5c168c0cf796"
        ],
        "x-ms-routing-request-id": [
          "CENTRALUS:20170214T223927Z:202a698b-27b5-4b6c-950e-5c168c0cf796"
        ],
        "Strict-Transport-Security": [
          "max-age=31536000; includeSubDomains"
        ],
        "Connection": [
          "close"
        ],
        "Cache-Control": [
          "no-cache"
        ],
        "Date": [
          "Tue, 14 Feb 2017 22:39:26 GMT"
        ],
        "Server": [
          "Microsoft-IIS/8.5"
        ],
        "X-AspNet-Version": [
          "4.0.30319"
        ],
        "X-Powered-By": [
          "ASP.NET"
        ]
      },
      "StatusCode": 200
    },
    {
      "RequestUri": "/subscriptions/90585f39-ab85-4921-bb37-0468f7efd1dd/resourceGroups/onesdk9277/providers/Microsoft.DataLakeStore/accounts/onesdk4672?api-version=2016-11-01",
      "EncodedRequestUri": "L3N1YnNjcmlwdGlvbnMvOTA1ODVmMzktYWI4NS00OTIxLWJiMzctMDQ2OGY3ZWZkMWRkL3Jlc291cmNlR3JvdXBzL29uZXNkazkyNzcvcHJvdmlkZXJzL01pY3Jvc29mdC5EYXRhTGFrZVN0b3JlL2FjY291bnRzL29uZXNkazQ2NzI/YXBpLXZlcnNpb249MjAxNi0xMS0wMQ==",
      "RequestMethod": "GET",
      "RequestBody": "",
      "RequestHeaders": {
        "x-ms-client-request-id": [
          "7be616fc-a8e1-4e46-8ee4-2527aa591244"
        ],
        "accept-language": [
          "en-US"
        ],
        "User-Agent": [
          "FxVersion/4.6.1586.0",
          "OSName/Windows_10_Enterprise",
          "OSVersion/6.3.14393",
          "Microsoft.Azure.Management.DataLake.Store.DataLakeStoreAccountManagementClient/2.0.1-preview"
        ]
      },
      "ResponseBody": "{\r\n  \"properties\": {\r\n    \"firewallState\": \"Disabled\",\r\n    \"firewallAllowAzureIps\": \"Disabled\",\r\n    \"firewallRules\": [],\r\n    \"trustedIdProviderState\": \"Disabled\",\r\n    \"trustedIdProviders\": [],\r\n    \"encryptionState\": \"Enabled\",\r\n    \"encryptionConfig\": {\r\n      \"type\": \"ServiceManaged\"\r\n    },\r\n    \"currentTier\": \"Consumption\",\r\n    \"newTier\": \"Consumption\",\r\n    \"provisioningState\": \"Succeeded\",\r\n    \"state\": \"Active\",\r\n    \"endpoint\": \"onesdk4672.caboaccountdogfood.net\",\r\n    \"accountId\": \"7be096d4-d342-4ff0-b905-0e201338c6ec\",\r\n    \"creationTime\": \"2017-02-14T22:38:56.889966Z\",\r\n    \"lastModifiedTime\": \"2017-02-14T22:38:56.889966Z\"\r\n  },\r\n  \"location\": \"East US 2\",\r\n  \"tags\": {},\r\n  \"identity\": {\r\n    \"type\": \"SystemAssigned\",\r\n    \"principalId\": \"2a803ec4-c33d-42b2-a020-2d5982ce518d\",\r\n    \"tenantId\": \"4ca0b6b0-e97c-43bc-aa52-48f274d2cf1a\"\r\n  },\r\n  \"id\": \"/subscriptions/90585f39-ab85-4921-bb37-0468f7efd1dd/resourceGroups/onesdk9277/providers/Microsoft.DataLakeStore/accounts/onesdk4672\",\r\n  \"name\": \"onesdk4672\",\r\n  \"type\": \"Microsoft.DataLakeStore/accounts\"\r\n}",
      "ResponseHeaders": {
        "Content-Length": [
          "897"
        ],
        "Content-Type": [
          "application/json"
        ],
        "Expires": [
          "-1"
        ],
        "Pragma": [
          "no-cache"
        ],
        "x-ms-request-id": [
          "cf679045-2863-403e-9b81-63c2a1e051aa"
        ],
        "X-Content-Type-Options": [
          "nosniff"
        ],
        "x-ms-ratelimit-remaining-subscription-reads": [
          "14905"
        ],
        "x-ms-correlation-request-id": [
          "cd3e556e-36ec-45f7-af19-bd02dfdcc031"
        ],
        "x-ms-routing-request-id": [
          "CENTRALUS:20170214T223928Z:cd3e556e-36ec-45f7-af19-bd02dfdcc031"
        ],
        "Strict-Transport-Security": [
          "max-age=31536000; includeSubDomains"
        ],
        "Connection": [
          "close"
        ],
        "Cache-Control": [
          "no-cache"
        ],
        "Date": [
          "Tue, 14 Feb 2017 22:39:27 GMT"
        ],
        "Server": [
          "Microsoft-IIS/8.5"
        ],
        "X-AspNet-Version": [
          "4.0.30319"
        ],
        "X-Powered-By": [
          "ASP.NET"
        ]
      },
      "StatusCode": 200
    },
    {
      "RequestUri": "/subscriptions/90585f39-ab85-4921-bb37-0468f7efd1dd/resourceGroups/onesdk9277/providers/Microsoft.DataLakeStore/accounts/onesdk4672?api-version=2016-11-01",
      "EncodedRequestUri": "L3N1YnNjcmlwdGlvbnMvOTA1ODVmMzktYWI4NS00OTIxLWJiMzctMDQ2OGY3ZWZkMWRkL3Jlc291cmNlR3JvdXBzL29uZXNkazkyNzcvcHJvdmlkZXJzL01pY3Jvc29mdC5EYXRhTGFrZVN0b3JlL2FjY291bnRzL29uZXNkazQ2NzI/YXBpLXZlcnNpb249MjAxNi0xMS0wMQ==",
      "RequestMethod": "GET",
      "RequestBody": "",
      "RequestHeaders": {
        "x-ms-client-request-id": [
          "29452339-f262-41b1-8663-d1430a2e4ea9"
        ],
        "accept-language": [
          "en-US"
        ],
        "User-Agent": [
          "FxVersion/4.6.1586.0",
          "OSName/Windows_10_Enterprise",
          "OSVersion/6.3.14393",
          "Microsoft.Azure.Management.DataLake.Store.DataLakeStoreAccountManagementClient/2.0.1-preview"
        ]
      },
      "ResponseBody": "{\r\n  \"properties\": {\r\n    \"firewallState\": \"Disabled\",\r\n    \"firewallAllowAzureIps\": \"Disabled\",\r\n    \"firewallRules\": [],\r\n    \"trustedIdProviderState\": \"Disabled\",\r\n    \"trustedIdProviders\": [],\r\n    \"encryptionState\": \"Enabled\",\r\n    \"encryptionConfig\": {\r\n      \"type\": \"ServiceManaged\"\r\n    },\r\n    \"currentTier\": \"Consumption\",\r\n    \"newTier\": \"Consumption\",\r\n    \"provisioningState\": \"Succeeded\",\r\n    \"state\": \"Active\",\r\n    \"endpoint\": \"onesdk4672.caboaccountdogfood.net\",\r\n    \"accountId\": \"7be096d4-d342-4ff0-b905-0e201338c6ec\",\r\n    \"creationTime\": \"2017-02-14T22:38:56.889966Z\",\r\n    \"lastModifiedTime\": \"2017-02-14T22:38:56.889966Z\"\r\n  },\r\n  \"location\": \"East US 2\",\r\n  \"tags\": {},\r\n  \"identity\": {\r\n    \"type\": \"SystemAssigned\",\r\n    \"principalId\": \"2a803ec4-c33d-42b2-a020-2d5982ce518d\",\r\n    \"tenantId\": \"4ca0b6b0-e97c-43bc-aa52-48f274d2cf1a\"\r\n  },\r\n  \"id\": \"/subscriptions/90585f39-ab85-4921-bb37-0468f7efd1dd/resourceGroups/onesdk9277/providers/Microsoft.DataLakeStore/accounts/onesdk4672\",\r\n  \"name\": \"onesdk4672\",\r\n  \"type\": \"Microsoft.DataLakeStore/accounts\"\r\n}",
      "ResponseHeaders": {
        "Content-Length": [
          "897"
        ],
        "Content-Type": [
          "application/json"
        ],
        "Expires": [
          "-1"
        ],
        "Pragma": [
          "no-cache"
        ],
        "x-ms-request-id": [
          "b560d2a3-3f51-452b-832f-9b65799972f9"
        ],
        "X-Content-Type-Options": [
          "nosniff"
        ],
        "x-ms-ratelimit-remaining-subscription-reads": [
          "14880"
        ],
        "x-ms-correlation-request-id": [
          "584eb523-b816-42c2-a7bc-cc7a1a888e4d"
        ],
        "x-ms-routing-request-id": [
          "CENTRALUS:20170214T223943Z:584eb523-b816-42c2-a7bc-cc7a1a888e4d"
        ],
        "Strict-Transport-Security": [
          "max-age=31536000; includeSubDomains"
        ],
        "Connection": [
          "close"
        ],
        "Cache-Control": [
          "no-cache"
        ],
        "Date": [
          "Tue, 14 Feb 2017 22:39:42 GMT"
        ],
        "Server": [
          "Microsoft-IIS/8.5"
        ],
        "X-AspNet-Version": [
          "4.0.30319"
        ],
        "X-Powered-By": [
          "ASP.NET"
        ]
      },
      "StatusCode": 200
    },
    {
      "RequestUri": "/subscriptions/90585f39-ab85-4921-bb37-0468f7efd1dd/resourceGroups/onesdk9277/providers/Microsoft.DataLakeStore/accounts/onesdk4672?api-version=2016-11-01",
      "EncodedRequestUri": "L3N1YnNjcmlwdGlvbnMvOTA1ODVmMzktYWI4NS00OTIxLWJiMzctMDQ2OGY3ZWZkMWRkL3Jlc291cmNlR3JvdXBzL29uZXNkazkyNzcvcHJvdmlkZXJzL01pY3Jvc29mdC5EYXRhTGFrZVN0b3JlL2FjY291bnRzL29uZXNkazQ2NzI/YXBpLXZlcnNpb249MjAxNi0xMS0wMQ==",
      "RequestMethod": "GET",
      "RequestBody": "",
      "RequestHeaders": {
        "x-ms-client-request-id": [
          "9a08176f-2b09-44e5-88f4-e95d16527130"
        ],
        "accept-language": [
          "en-US"
        ],
        "User-Agent": [
          "FxVersion/4.6.1586.0",
          "OSName/Windows_10_Enterprise",
          "OSVersion/6.3.14393",
          "Microsoft.Azure.Management.DataLake.Store.DataLakeStoreAccountManagementClient/2.0.1-preview"
        ]
      },
      "ResponseBody": "{\r\n  \"error\": {\r\n    \"code\": \"ResourceNotFound\",\r\n    \"message\": \"The Resource 'Microsoft.DataLakeStore/accounts/onesdk4672' under resource group 'onesdk9277' was not found.\"\r\n  }\r\n}",
      "ResponseHeaders": {
        "Content-Length": [
          "157"
        ],
        "Content-Type": [
          "application/json; charset=utf-8"
        ],
        "Expires": [
          "-1"
        ],
        "Pragma": [
          "no-cache"
        ],
        "x-ms-failure-cause": [
          "gateway"
        ],
        "x-ms-request-id": [
          "0492283d-8374-4bfc-8bdf-33a34b080aaa"
        ],
        "x-ms-correlation-request-id": [
          "0492283d-8374-4bfc-8bdf-33a34b080aaa"
        ],
        "x-ms-routing-request-id": [
          "CENTRALUS:20170214T223944Z:0492283d-8374-4bfc-8bdf-33a34b080aaa"
        ],
        "Strict-Transport-Security": [
          "max-age=31536000; includeSubDomains"
        ],
        "Cache-Control": [
          "no-cache"
        ],
        "Date": [
          "Tue, 14 Feb 2017 22:39:43 GMT"
        ]
      },
      "StatusCode": 404
    },
    {
      "RequestUri": "/subscriptions/90585f39-ab85-4921-bb37-0468f7efd1dd/resourceGroups/onesdk9277/providers/Microsoft.DataLakeStore/accounts/onesdk4672?api-version=2016-11-01",
      "EncodedRequestUri": "L3N1YnNjcmlwdGlvbnMvOTA1ODVmMzktYWI4NS00OTIxLWJiMzctMDQ2OGY3ZWZkMWRkL3Jlc291cmNlR3JvdXBzL29uZXNkazkyNzcvcHJvdmlkZXJzL01pY3Jvc29mdC5EYXRhTGFrZVN0b3JlL2FjY291bnRzL29uZXNkazQ2NzI/YXBpLXZlcnNpb249MjAxNi0xMS0wMQ==",
      "RequestMethod": "GET",
      "RequestBody": "",
      "RequestHeaders": {
        "x-ms-client-request-id": [
          "49dd19de-3858-42a2-b984-fdafc8a75d5f"
        ],
        "accept-language": [
          "en-US"
        ],
        "User-Agent": [
          "FxVersion/4.6.1586.0",
          "OSName/Windows_10_Enterprise",
          "OSVersion/6.3.14393",
          "Microsoft.Azure.Management.DataLake.Store.DataLakeStoreAccountManagementClient/2.0.1-preview"
        ]
      },
      "ResponseBody": "{\r\n  \"error\": {\r\n    \"code\": \"ResourceNotFound\",\r\n    \"message\": \"The Resource 'Microsoft.DataLakeStore/accounts/onesdk4672' under resource group 'onesdk9277' was not found.\"\r\n  }\r\n}",
      "ResponseHeaders": {
        "Content-Length": [
          "157"
        ],
        "Content-Type": [
          "application/json; charset=utf-8"
        ],
        "Expires": [
          "-1"
        ],
        "Pragma": [
          "no-cache"
        ],
        "x-ms-failure-cause": [
          "gateway"
        ],
        "x-ms-request-id": [
          "88c481db-5982-4521-a95a-a29565727d98"
        ],
        "x-ms-correlation-request-id": [
          "88c481db-5982-4521-a95a-a29565727d98"
        ],
        "x-ms-routing-request-id": [
          "CENTRALUS:20170214T223944Z:88c481db-5982-4521-a95a-a29565727d98"
        ],
        "Strict-Transport-Security": [
          "max-age=31536000; includeSubDomains"
        ],
        "Cache-Control": [
          "no-cache"
        ],
        "Date": [
          "Tue, 14 Feb 2017 22:39:43 GMT"
        ]
      },
      "StatusCode": 404
    },
    {
      "RequestUri": "/subscriptions/90585f39-ab85-4921-bb37-0468f7efd1dd/resourceGroups/onesdk9277/providers/Microsoft.DataLakeStore/accounts/onesdk4672?api-version=2016-11-01",
      "EncodedRequestUri": "L3N1YnNjcmlwdGlvbnMvOTA1ODVmMzktYWI4NS00OTIxLWJiMzctMDQ2OGY3ZWZkMWRkL3Jlc291cmNlR3JvdXBzL29uZXNkazkyNzcvcHJvdmlkZXJzL01pY3Jvc29mdC5EYXRhTGFrZVN0b3JlL2FjY291bnRzL29uZXNkazQ2NzI/YXBpLXZlcnNpb249MjAxNi0xMS0wMQ==",
      "RequestMethod": "PUT",
      "RequestBody": "{\r\n  \"identity\": {\r\n    \"type\": \"SystemAssigned\"\r\n  },\r\n  \"properties\": {\r\n    \"encryptionState\": \"Enabled\",\r\n    \"encryptionConfig\": {\r\n      \"type\": \"ServiceManaged\"\r\n    }\r\n  },\r\n  \"location\": \"East US 2\",\r\n  \"tags\": {}\r\n}",
      "RequestHeaders": {
        "Content-Type": [
          "application/json; charset=utf-8"
        ],
        "Content-Length": [
          "225"
        ],
        "x-ms-client-request-id": [
          "a1d8f7eb-8e5c-4650-8562-9e77dbe45cc0"
        ],
        "accept-language": [
          "en-US"
        ],
        "User-Agent": [
          "FxVersion/4.6.1586.0",
          "OSName/Windows_10_Enterprise",
          "OSVersion/6.3.14393",
          "Microsoft.Azure.Management.DataLake.Store.DataLakeStoreAccountManagementClient/2.0.1-preview"
        ]
      },
      "ResponseBody": "{\r\n  \"properties\": {\r\n    \"encryptionState\": \"Enabled\",\r\n    \"encryptionConfig\": {\r\n      \"type\": \"ServiceManaged\"\r\n    },\r\n    \"provisioningState\": \"Creating\",\r\n    \"state\": null,\r\n    \"endpoint\": null,\r\n    \"accountId\": \"7be096d4-d342-4ff0-b905-0e201338c6ec\",\r\n    \"creationTime\": null,\r\n    \"lastModifiedTime\": null\r\n  },\r\n  \"location\": \"East US 2\",\r\n  \"tags\": {},\r\n  \"identity\": {\r\n    \"type\": \"SystemAssigned\",\r\n    \"principalId\": \"00000000-0000-0000-0000-000000000000\",\r\n    \"tenantId\": \"00000000-0000-0000-0000-000000000000\"\r\n  },\r\n  \"id\": \"/subscriptions/90585f39-ab85-4921-bb37-0468f7efd1dd/resourceGroups/onesdk9277/providers/Microsoft.DataLakeStore/accounts/onesdk4672\",\r\n  \"name\": \"onesdk4672\",\r\n  \"type\": \"Microsoft.DataLakeStore/accounts\"\r\n}",
      "ResponseHeaders": {
        "Content-Length": [
          "618"
        ],
        "Content-Type": [
          "application/json"
        ],
        "Expires": [
          "-1"
        ],
        "Pragma": [
          "no-cache"
        ],
        "Retry-After": [
          "10"
        ],
        "Azure-AsyncOperation": [
          "https://api-dogfood.resources.windows-int.net/subscriptions/90585f39-ab85-4921-bb37-0468f7efd1dd/providers/Microsoft.DataLakeStore/locations/EastUS2/operationResults/7be096d4-d342-4ff0-b905-0e201338c6ec0?api-version=2016-11-01&expanded=true"
        ],
        "x-ms-request-id": [
          "42591f44-cc7b-4cc5-87ee-7b5322f26316"
        ],
        "X-Content-Type-Options": [
          "nosniff"
        ],
        "x-ms-ratelimit-remaining-subscription-writes": [
          "1153"
        ],
        "x-ms-correlation-request-id": [
          "0832d69e-83a5-4b10-a3b4-1273a5713398"
        ],
        "x-ms-routing-request-id": [
          "CENTRALUS:20170214T223857Z:0832d69e-83a5-4b10-a3b4-1273a5713398"
        ],
        "Strict-Transport-Security": [
          "max-age=31536000; includeSubDomains"
        ],
        "Connection": [
          "close"
        ],
        "Cache-Control": [
          "no-cache"
        ],
        "Date": [
          "Tue, 14 Feb 2017 22:38:57 GMT"
        ],
        "Location": [
          "https://api-dogfood.resources.windows-int.net/subscriptions/90585f39-ab85-4921-bb37-0468f7efd1dd/resourcegroups/onesdk9277/providers/Microsoft.DataLakeStore/accounts/onesdk4672/operationresults/0?api-version=2016-11-01"
        ],
        "Server": [
          "Microsoft-IIS/8.5"
        ],
        "X-AspNet-Version": [
          "4.0.30319"
        ],
        "X-Powered-By": [
          "ASP.NET"
        ]
      },
      "StatusCode": 201
    },
    {
      "RequestUri": "/subscriptions/90585f39-ab85-4921-bb37-0468f7efd1dd/providers/Microsoft.DataLakeStore/locations/EastUS2/operationResults/7be096d4-d342-4ff0-b905-0e201338c6ec0?api-version=2016-11-01&expanded=true",
      "EncodedRequestUri": "L3N1YnNjcmlwdGlvbnMvOTA1ODVmMzktYWI4NS00OTIxLWJiMzctMDQ2OGY3ZWZkMWRkL3Byb3ZpZGVycy9NaWNyb3NvZnQuRGF0YUxha2VTdG9yZS9sb2NhdGlvbnMvRWFzdFVTMi9vcGVyYXRpb25SZXN1bHRzLzdiZTA5NmQ0LWQzNDItNGZmMC1iOTA1LTBlMjAxMzM4YzZlYzA/YXBpLXZlcnNpb249MjAxNi0xMS0wMSZleHBhbmRlZD10cnVl",
      "RequestMethod": "GET",
      "RequestBody": "",
      "RequestHeaders": {
        "User-Agent": [
          "FxVersion/4.6.1586.0",
          "OSName/Windows_10_Enterprise",
          "OSVersion/6.3.14393",
          "Microsoft.Azure.Management.DataLake.Store.DataLakeStoreAccountManagementClient/2.0.1-preview"
        ]
      },
      "ResponseBody": "{\r\n  \"status\": \"Succeeded\"\r\n}",
      "ResponseHeaders": {
        "Content-Length": [
          "22"
        ],
        "Content-Type": [
          "application/json"
        ],
        "Expires": [
          "-1"
        ],
        "Pragma": [
          "no-cache"
        ],
        "x-ms-request-id": [
          "037b7445-91dd-444c-b56a-26e1890585dc"
        ],
        "X-Content-Type-Options": [
          "nosniff"
        ],
        "x-ms-ratelimit-remaining-subscription-reads": [
          "14893"
        ],
        "x-ms-correlation-request-id": [
          "dc92fa6c-6bbe-470a-bb41-f95597b9dc77"
        ],
        "x-ms-routing-request-id": [
          "CENTRALUS:20170214T223927Z:dc92fa6c-6bbe-470a-bb41-f95597b9dc77"
        ],
        "Strict-Transport-Security": [
          "max-age=31536000; includeSubDomains"
        ],
        "Connection": [
          "close"
        ],
        "Cache-Control": [
          "no-cache"
        ],
        "Date": [
          "Tue, 14 Feb 2017 22:39:26 GMT"
        ],
        "Server": [
          "Microsoft-IIS/8.5"
        ],
        "X-AspNet-Version": [
          "4.0.30319"
        ],
        "X-Powered-By": [
          "ASP.NET"
        ]
      },
      "StatusCode": 200
    },
    {
      "RequestUri": "/webhdfs/v1/adlspstestfolder?op=MSGETFILESTATUS&api-version=2016-11-01",
      "EncodedRequestUri": "L3dlYmhkZnMvdjEvYWRsc3BzdGVzdGZvbGRlcj9vcD1NU0dFVEZJTEVTVEFUVVMmYXBpLXZlcnNpb249MjAxNi0xMS0wMQ==",
      "RequestMethod": "GET",
      "RequestBody": "",
      "RequestHeaders": {
        "x-ms-client-request-id": [
          "39cd78ac-41a2-4bd8-8c7f-e0ad4abc1ac1"
        ],
        "accept-language": [
          "en-US"
        ],
        "User-Agent": [
          "FxVersion/4.6.1586.0",
          "OSName/Windows_10_Enterprise",
          "OSVersion/6.3.14393",
          "Microsoft.Azure.Management.DataLake.Store.DataLakeStoreFileSystemManagementClient/2.0.1-preview"
        ]
      },
      "ResponseBody": "{\r\n  \"RemoteException\": {\r\n    \"exception\": \"FileNotFoundException\",\r\n    \"message\": \"File/Folder does not exist: /adlspstestfolder [47ea621f-3d8a-49e3-b163-3755e71dc034][2017-02-14T14:39:31.5839590-08:00]\",\r\n    \"javaClassName\": \"java.io.FileNotFoundException\"\r\n  }\r\n}",
      "ResponseHeaders": {
        "Content-Length": [
          "237"
        ],
        "Content-Type": [
          "application/json; charset=utf-8"
        ],
        "Expires": [
          "-1"
        ],
        "Pragma": [
          "no-cache"
        ],
        "x-ms-request-id": [
          "47ea621f-3d8a-49e3-b163-3755e71dc034"
        ],
        "x-ms-webhdfs-version": [
          "16.12.19.00"
        ],
        "Status": [
          "0x8309000A"
        ],
        "X-Content-Type-Options": [
          "nosniff"
        ],
        "Strict-Transport-Security": [
          "max-age=15724800; includeSubDomains"
        ],
        "Cache-Control": [
          "no-store, no-cache, max-age=0"
        ],
        "Date": [
          "Tue, 14 Feb 2017 22:39:31 GMT"
        ]
      },
      "StatusCode": 404
    },
    {
      "RequestUri": "/webhdfs/v1/adlspstestfolder?op=MSGETFILESTATUS&api-version=2016-11-01",
      "EncodedRequestUri": "L3dlYmhkZnMvdjEvYWRsc3BzdGVzdGZvbGRlcj9vcD1NU0dFVEZJTEVTVEFUVVMmYXBpLXZlcnNpb249MjAxNi0xMS0wMQ==",
      "RequestMethod": "GET",
      "RequestBody": "",
      "RequestHeaders": {
        "x-ms-client-request-id": [
          "b4c3619d-a33e-4cbd-9ad8-663bb21f6dae"
        ],
        "accept-language": [
          "en-US"
        ],
        "User-Agent": [
          "FxVersion/4.6.1586.0",
          "OSName/Windows_10_Enterprise",
          "OSVersion/6.3.14393",
          "Microsoft.Azure.Management.DataLake.Store.DataLakeStoreFileSystemManagementClient/2.0.1-preview"
        ]
      },
      "ResponseBody": "{\r\n  \"FileStatus\": {\r\n    \"length\": 0,\r\n    \"pathSuffix\": \"\",\r\n    \"type\": \"DIRECTORY\",\r\n    \"blockSize\": 0,\r\n    \"accessTime\": 1487111974354,\r\n    \"modificationTime\": 1487111974354,\r\n    \"replication\": 0,\r\n    \"permission\": \"770\",\r\n    \"owner\": \"6c239a52-63a0-4219-bcdc-c1ce354f95d4\",\r\n    \"group\": \"6c239a52-63a0-4219-bcdc-c1ce354f95d4\",\r\n    \"aclBit\": false\r\n  }\r\n}",
      "ResponseHeaders": {
        "Content-Length": [
          "280"
        ],
        "Content-Type": [
          "application/json; charset=utf-8"
        ],
        "Expires": [
          "-1"
        ],
        "Pragma": [
          "no-cache"
        ],
        "x-ms-request-id": [
          "eb11d0f7-0058-41b7-8970-38e310fb52d8"
        ],
        "x-ms-webhdfs-version": [
          "16.12.19.00"
        ],
        "Status": [
          "0x0"
        ],
        "X-Content-Type-Options": [
          "nosniff"
        ],
        "Strict-Transport-Security": [
          "max-age=15724800; includeSubDomains"
        ],
        "Cache-Control": [
          "no-store, no-cache, max-age=0"
        ],
        "Date": [
          "Tue, 14 Feb 2017 22:39:33 GMT"
        ]
      },
      "StatusCode": 200
    },
    {
      "RequestUri": "/webhdfs/v1/adlspstestfolder?op=MSGETFILESTATUS&api-version=2016-11-01",
      "EncodedRequestUri": "L3dlYmhkZnMvdjEvYWRsc3BzdGVzdGZvbGRlcj9vcD1NU0dFVEZJTEVTVEFUVVMmYXBpLXZlcnNpb249MjAxNi0xMS0wMQ==",
      "RequestMethod": "GET",
      "RequestBody": "",
      "RequestHeaders": {
        "x-ms-client-request-id": [
          "e4259b92-1c84-495c-88bc-47f32bf916ef"
        ],
        "accept-language": [
          "en-US"
        ],
        "User-Agent": [
          "FxVersion/4.6.1586.0",
          "OSName/Windows_10_Enterprise",
          "OSVersion/6.3.14393",
          "Microsoft.Azure.Management.DataLake.Store.DataLakeStoreFileSystemManagementClient/2.0.1-preview"
        ]
      },
      "ResponseBody": "{\r\n  \"RemoteException\": {\r\n    \"exception\": \"FileNotFoundException\",\r\n    \"message\": \"File/Folder does not exist: /adlspstestfolder [d742a40c-4226-44cc-ad91-0eb3ef62ac2a][2017-02-14T14:39:41.7001911-08:00]\",\r\n    \"javaClassName\": \"java.io.FileNotFoundException\"\r\n  }\r\n}",
      "ResponseHeaders": {
        "Content-Length": [
          "237"
        ],
        "Content-Type": [
          "application/json; charset=utf-8"
        ],
        "Expires": [
          "-1"
        ],
        "Pragma": [
          "no-cache"
        ],
        "x-ms-request-id": [
          "d742a40c-4226-44cc-ad91-0eb3ef62ac2a"
        ],
        "x-ms-webhdfs-version": [
          "16.12.19.00"
        ],
        "Status": [
          "0x8309000A"
        ],
        "X-Content-Type-Options": [
          "nosniff"
        ],
        "Strict-Transport-Security": [
          "max-age=15724800; includeSubDomains"
        ],
        "Cache-Control": [
          "no-store, no-cache, max-age=0"
        ],
        "Date": [
          "Tue, 14 Feb 2017 22:39:41 GMT"
        ]
      },
      "StatusCode": 404
    },
    {
      "RequestUri": "/webhdfs/v1/adlspstestfolder?op=MKDIRS&api-version=2016-11-01",
      "EncodedRequestUri": "L3dlYmhkZnMvdjEvYWRsc3BzdGVzdGZvbGRlcj9vcD1NS0RJUlMmYXBpLXZlcnNpb249MjAxNi0xMS0wMQ==",
      "RequestMethod": "PUT",
      "RequestBody": "",
      "RequestHeaders": {
        "x-ms-client-request-id": [
          "3be35d46-a2a7-4c50-a65f-42683831abc1"
        ],
        "accept-language": [
          "en-US"
        ],
        "User-Agent": [
          "FxVersion/4.6.1586.0",
          "OSName/Windows_10_Enterprise",
          "OSVersion/6.3.14393",
          "Microsoft.Azure.Management.DataLake.Store.DataLakeStoreFileSystemManagementClient/2.0.1-preview"
        ]
      },
      "ResponseBody": "{\r\n  \"boolean\": true\r\n}",
      "ResponseHeaders": {
        "Content-Length": [
          "16"
        ],
        "Content-Type": [
          "application/json; charset=utf-8"
        ],
        "Expires": [
          "-1"
        ],
        "Pragma": [
          "no-cache"
        ],
        "x-ms-request-id": [
          "0316f0ad-1bcf-4df0-874a-98114639af49"
        ],
        "x-ms-webhdfs-version": [
          "16.12.19.00"
        ],
        "Status": [
          "0x0"
        ],
        "X-Content-Type-Options": [
          "nosniff"
        ],
        "Strict-Transport-Security": [
          "max-age=15724800; includeSubDomains"
        ],
        "Cache-Control": [
          "no-store, no-cache, max-age=0"
        ],
        "Date": [
          "Tue, 14 Feb 2017 22:39:33 GMT"
        ]
      },
      "StatusCode": 200
    },
    {
      "RequestUri": "/webhdfs/v1/adlspstestfolder%2Femptyfile.txt?op=MSGETFILESTATUS&api-version=2016-11-01",
      "EncodedRequestUri": "L3dlYmhkZnMvdjEvYWRsc3BzdGVzdGZvbGRlciUyRmVtcHR5ZmlsZS50eHQ/b3A9TVNHRVRGSUxFU1RBVFVTJmFwaS12ZXJzaW9uPTIwMTYtMTEtMDE=",
      "RequestMethod": "GET",
      "RequestBody": "",
      "RequestHeaders": {
        "x-ms-client-request-id": [
          "bd0a2414-b4de-4231-ab38-8ebf34262a8f"
        ],
        "accept-language": [
          "en-US"
        ],
        "User-Agent": [
          "FxVersion/4.6.1586.0",
          "OSName/Windows_10_Enterprise",
          "OSVersion/6.3.14393",
          "Microsoft.Azure.Management.DataLake.Store.DataLakeStoreFileSystemManagementClient/2.0.1-preview"
        ]
      },
      "ResponseBody": "{\r\n  \"RemoteException\": {\r\n    \"exception\": \"FileNotFoundException\",\r\n    \"message\": \"File/Folder does not exist: /adlspstestfolder/emptyfile.txt [3a7d428c-1bf2-4e67-8b3c-948c26d1c331][2017-02-14T14:39:34.5996395-08:00]\",\r\n    \"javaClassName\": \"java.io.FileNotFoundException\"\r\n  }\r\n}",
      "ResponseHeaders": {
        "Content-Length": [
          "251"
        ],
        "Content-Type": [
          "application/json; charset=utf-8"
        ],
        "Expires": [
          "-1"
        ],
        "Pragma": [
          "no-cache"
        ],
        "x-ms-request-id": [
          "3a7d428c-1bf2-4e67-8b3c-948c26d1c331"
        ],
        "x-ms-webhdfs-version": [
          "16.12.19.00"
        ],
        "Status": [
          "0x8309000A"
        ],
        "X-Content-Type-Options": [
          "nosniff"
        ],
        "Strict-Transport-Security": [
          "max-age=15724800; includeSubDomains"
        ],
        "Cache-Control": [
          "no-store, no-cache, max-age=0"
        ],
        "Date": [
          "Tue, 14 Feb 2017 22:39:33 GMT"
        ]
      },
      "StatusCode": 404
    },
    {
      "RequestUri": "/webhdfs/v1/adlspstestfolder%2Femptyfile.txt?op=MSGETFILESTATUS&api-version=2016-11-01",
      "EncodedRequestUri": "L3dlYmhkZnMvdjEvYWRsc3BzdGVzdGZvbGRlciUyRmVtcHR5ZmlsZS50eHQ/b3A9TVNHRVRGSUxFU1RBVFVTJmFwaS12ZXJzaW9uPTIwMTYtMTEtMDE=",
      "RequestMethod": "GET",
      "RequestBody": "",
      "RequestHeaders": {
        "x-ms-client-request-id": [
          "709b564d-9dcb-44ea-8203-2721cb73fc40"
        ],
        "accept-language": [
          "en-US"
        ],
        "User-Agent": [
          "FxVersion/4.6.1586.0",
          "OSName/Windows_10_Enterprise",
          "OSVersion/6.3.14393",
          "Microsoft.Azure.Management.DataLake.Store.DataLakeStoreFileSystemManagementClient/2.0.1-preview"
        ]
      },
      "ResponseBody": "{\r\n  \"FileStatus\": {\r\n    \"length\": 0,\r\n    \"pathSuffix\": \"\",\r\n    \"type\": \"FILE\",\r\n    \"blockSize\": 268435456,\r\n    \"accessTime\": 1487111974750,\r\n    \"modificationTime\": 1487111974750,\r\n    \"replication\": 1,\r\n    \"permission\": \"770\",\r\n    \"owner\": \"6c239a52-63a0-4219-bcdc-c1ce354f95d4\",\r\n    \"group\": \"6c239a52-63a0-4219-bcdc-c1ce354f95d4\",\r\n    \"expirationTime\": 0,\r\n    \"msExpirationTime\": 0,\r\n    \"aclBit\": false\r\n  }\r\n}",
      "ResponseHeaders": {
        "Content-Length": [
          "323"
        ],
        "Content-Type": [
          "application/json; charset=utf-8"
        ],
        "Expires": [
          "-1"
        ],
        "Pragma": [
          "no-cache"
        ],
        "x-ms-request-id": [
          "3cdf3a4c-2968-4ff3-b5c6-402b2a575871"
        ],
        "x-ms-webhdfs-version": [
          "16.12.19.00"
        ],
        "Status": [
          "0x0"
        ],
        "X-Content-Type-Options": [
          "nosniff"
        ],
        "Strict-Transport-Security": [
          "max-age=15724800; includeSubDomains"
        ],
        "Cache-Control": [
          "no-store, no-cache, max-age=0"
        ],
        "Date": [
          "Tue, 14 Feb 2017 22:39:34 GMT"
        ]
      },
      "StatusCode": 200
    },
    {
      "RequestUri": "/webhdfs/v1/adlspstestfolder%2Femptyfile.txt?op=MSGETFILESTATUS&api-version=2016-11-01",
      "EncodedRequestUri": "L3dlYmhkZnMvdjEvYWRsc3BzdGVzdGZvbGRlciUyRmVtcHR5ZmlsZS50eHQ/b3A9TVNHRVRGSUxFU1RBVFVTJmFwaS12ZXJzaW9uPTIwMTYtMTEtMDE=",
      "RequestMethod": "GET",
      "RequestBody": "",
      "RequestHeaders": {
        "x-ms-client-request-id": [
          "ac482e95-3484-445c-8757-1b849b713620"
        ],
        "accept-language": [
          "en-US"
        ],
        "User-Agent": [
          "FxVersion/4.6.1586.0",
          "OSName/Windows_10_Enterprise",
          "OSVersion/6.3.14393",
          "Microsoft.Azure.Management.DataLake.Store.DataLakeStoreFileSystemManagementClient/2.0.1-preview"
        ]
      },
      "ResponseBody": "{\r\n  \"FileStatus\": {\r\n    \"length\": 36,\r\n    \"pathSuffix\": \"\",\r\n    \"type\": \"FILE\",\r\n    \"blockSize\": 268435456,\r\n    \"accessTime\": 1487111974750,\r\n    \"modificationTime\": 1487111977150,\r\n    \"replication\": 1,\r\n    \"permission\": \"770\",\r\n    \"owner\": \"6c239a52-63a0-4219-bcdc-c1ce354f95d4\",\r\n    \"group\": \"6c239a52-63a0-4219-bcdc-c1ce354f95d4\",\r\n    \"expirationTime\": 0,\r\n    \"msExpirationTime\": 0,\r\n    \"aclBit\": false\r\n  }\r\n}",
      "ResponseHeaders": {
        "Content-Length": [
          "324"
        ],
        "Content-Type": [
          "application/json; charset=utf-8"
        ],
        "Expires": [
          "-1"
        ],
        "Pragma": [
          "no-cache"
        ],
        "x-ms-request-id": [
          "68030487-6826-41bc-9795-9a3fb8c9c717"
        ],
        "x-ms-webhdfs-version": [
          "16.12.19.00"
        ],
        "Status": [
          "0x0"
        ],
        "X-Content-Type-Options": [
          "nosniff"
        ],
        "Strict-Transport-Security": [
          "max-age=15724800; includeSubDomains"
        ],
        "Cache-Control": [
          "no-store, no-cache, max-age=0"
        ],
        "Date": [
          "Tue, 14 Feb 2017 22:39:36 GMT"
        ]
      },
      "StatusCode": 200
    },
    {
      "RequestUri": "/webhdfs/v1/adlspstestfolder%2Femptyfile.txt?overwrite=false&op=CREATE&write=true&api-version=2016-11-01",
      "EncodedRequestUri": "L3dlYmhkZnMvdjEvYWRsc3BzdGVzdGZvbGRlciUyRmVtcHR5ZmlsZS50eHQ/b3ZlcndyaXRlPWZhbHNlJm9wPUNSRUFURSZ3cml0ZT10cnVlJmFwaS12ZXJzaW9uPTIwMTYtMTEtMDE=",
      "RequestMethod": "PUT",
      "RequestBody": "",
      "RequestHeaders": {
        "Content-Type": [
          "application/octet-stream"
        ],
        "Content-Length": [
          "0"
        ],
        "x-ms-client-request-id": [
          "4f571c21-58bb-4a6a-b20c-f15365b1368d"
        ],
        "accept-language": [
          "en-US"
        ],
        "User-Agent": [
          "FxVersion/4.6.1586.0",
          "OSName/Windows_10_Enterprise",
          "OSVersion/6.3.14393",
          "Microsoft.Azure.Management.DataLake.Store.DataLakeStoreFileSystemManagementClient/2.0.1-preview"
        ]
      },
      "ResponseBody": "",
      "ResponseHeaders": {
        "Content-Length": [
          "0"
        ],
        "Expires": [
          "-1"
        ],
        "Pragma": [
          "no-cache"
        ],
        "x-ms-request-id": [
          "49c1be6c-aebc-4a80-8a7c-73e07cc66898"
        ],
        "ContentLength": [
          "0"
        ],
        "x-ms-webhdfs-version": [
          "16.12.19.00"
        ],
        "Status": [
          "0x0"
        ],
        "X-Content-Type-Options": [
          "nosniff"
        ],
        "Strict-Transport-Security": [
          "max-age=15724800; includeSubDomains"
        ],
        "Cache-Control": [
          "no-store, no-cache, max-age=0"
        ],
        "Date": [
          "Tue, 14 Feb 2017 22:39:34 GMT"
        ],
        "Location": [
          "https://onesdk4672.caboaccountdogfood.net/webhdfs/v1/adlspstestfolder/emptyfile.txt?overwrite=false&op=CREATE&write=true&api-version=2016-11-01"
        ]
      },
      "StatusCode": 201
    },
    {
      "RequestUri": "/webhdfs/v1/adlspstestfolder%2Fcontentfile.txt?op=MSGETFILESTATUS&api-version=2016-11-01",
      "EncodedRequestUri": "L3dlYmhkZnMvdjEvYWRsc3BzdGVzdGZvbGRlciUyRmNvbnRlbnRmaWxlLnR4dD9vcD1NU0dFVEZJTEVTVEFUVVMmYXBpLXZlcnNpb249MjAxNi0xMS0wMQ==",
      "RequestMethod": "GET",
      "RequestBody": "",
      "RequestHeaders": {
        "x-ms-client-request-id": [
          "75614354-cac7-4341-9cab-346d42849b6f"
        ],
        "accept-language": [
          "en-US"
        ],
        "User-Agent": [
          "FxVersion/4.6.1586.0",
          "OSName/Windows_10_Enterprise",
          "OSVersion/6.3.14393",
          "Microsoft.Azure.Management.DataLake.Store.DataLakeStoreFileSystemManagementClient/2.0.1-preview"
        ]
      },
      "ResponseBody": "{\r\n  \"RemoteException\": {\r\n    \"exception\": \"FileNotFoundException\",\r\n    \"message\": \"File/Folder does not exist: /adlspstestfolder/contentfile.txt [546540c2-80ee-4b4d-be3f-c8d6d67cf77e][2017-02-14T14:39:34.9746464-08:00]\",\r\n    \"javaClassName\": \"java.io.FileNotFoundException\"\r\n  }\r\n}",
      "ResponseHeaders": {
        "Content-Length": [
          "253"
        ],
        "Content-Type": [
          "application/json; charset=utf-8"
        ],
        "Expires": [
          "-1"
        ],
        "Pragma": [
          "no-cache"
        ],
        "x-ms-request-id": [
          "546540c2-80ee-4b4d-be3f-c8d6d67cf77e"
        ],
        "x-ms-webhdfs-version": [
          "16.12.19.00"
        ],
        "Status": [
          "0x8309000A"
        ],
        "X-Content-Type-Options": [
          "nosniff"
        ],
        "Strict-Transport-Security": [
          "max-age=15724800; includeSubDomains"
        ],
        "Cache-Control": [
          "no-store, no-cache, max-age=0"
        ],
        "Date": [
          "Tue, 14 Feb 2017 22:39:34 GMT"
        ]
      },
      "StatusCode": 404
    },
    {
      "RequestUri": "/webhdfs/v1/adlspstestfolder%2Fcontentfile.txt?op=MSGETFILESTATUS&api-version=2016-11-01",
      "EncodedRequestUri": "L3dlYmhkZnMvdjEvYWRsc3BzdGVzdGZvbGRlciUyRmNvbnRlbnRmaWxlLnR4dD9vcD1NU0dFVEZJTEVTVEFUVVMmYXBpLXZlcnNpb249MjAxNi0xMS0wMQ==",
      "RequestMethod": "GET",
      "RequestBody": "",
      "RequestHeaders": {
        "x-ms-client-request-id": [
          "80df34cc-638e-4b78-b3ce-f2231e2dd96a"
        ],
        "accept-language": [
          "en-US"
        ],
        "User-Agent": [
          "FxVersion/4.6.1586.0",
          "OSName/Windows_10_Enterprise",
          "OSVersion/6.3.14393",
          "Microsoft.Azure.Management.DataLake.Store.DataLakeStoreFileSystemManagementClient/2.0.1-preview"
        ]
      },
      "ResponseBody": "{\r\n  \"FileStatus\": {\r\n    \"length\": 36,\r\n    \"pathSuffix\": \"\",\r\n    \"type\": \"FILE\",\r\n    \"blockSize\": 268435456,\r\n    \"accessTime\": 1487111975123,\r\n    \"modificationTime\": 1487111975541,\r\n    \"replication\": 1,\r\n    \"permission\": \"770\",\r\n    \"owner\": \"6c239a52-63a0-4219-bcdc-c1ce354f95d4\",\r\n    \"group\": \"6c239a52-63a0-4219-bcdc-c1ce354f95d4\",\r\n    \"expirationTime\": 0,\r\n    \"msExpirationTime\": 0,\r\n    \"aclBit\": false\r\n  }\r\n}",
      "ResponseHeaders": {
        "Content-Length": [
          "324"
        ],
        "Content-Type": [
          "application/json; charset=utf-8"
        ],
        "Expires": [
          "-1"
        ],
        "Pragma": [
          "no-cache"
        ],
        "x-ms-request-id": [
          "7ac3bbaa-8750-4dae-8eca-cb310c39ee58"
        ],
        "x-ms-webhdfs-version": [
          "16.12.19.00"
        ],
        "Status": [
          "0x0"
        ],
        "X-Content-Type-Options": [
          "nosniff"
        ],
        "Strict-Transport-Security": [
          "max-age=15724800; includeSubDomains"
        ],
        "Cache-Control": [
          "no-store, no-cache, max-age=0"
        ],
        "Date": [
          "Tue, 14 Feb 2017 22:39:35 GMT"
        ]
      },
      "StatusCode": 200
    },
    {
      "RequestUri": "/webhdfs/v1/adlspstestfolder%2Fcontentfile.txt?op=MSGETFILESTATUS&api-version=2016-11-01",
      "EncodedRequestUri": "L3dlYmhkZnMvdjEvYWRsc3BzdGVzdGZvbGRlciUyRmNvbnRlbnRmaWxlLnR4dD9vcD1NU0dFVEZJTEVTVEFUVVMmYXBpLXZlcnNpb249MjAxNi0xMS0wMQ==",
      "RequestMethod": "GET",
      "RequestBody": "",
      "RequestHeaders": {
        "x-ms-client-request-id": [
          "1411a1f3-dbe1-4551-b6bf-1f6f6606ba23"
        ],
        "accept-language": [
          "en-US"
        ],
        "User-Agent": [
          "FxVersion/4.6.1586.0",
          "OSName/Windows_10_Enterprise",
          "OSVersion/6.3.14393",
          "Microsoft.Azure.Management.DataLake.Store.DataLakeStoreFileSystemManagementClient/2.0.1-preview"
        ]
      },
      "ResponseBody": "{\r\n  \"FileStatus\": {\r\n    \"length\": 36,\r\n    \"pathSuffix\": \"\",\r\n    \"type\": \"FILE\",\r\n    \"blockSize\": 268435456,\r\n    \"accessTime\": 1487111975123,\r\n    \"modificationTime\": 1487111975541,\r\n    \"replication\": 1,\r\n    \"permission\": \"770\",\r\n    \"owner\": \"6c239a52-63a0-4219-bcdc-c1ce354f95d4\",\r\n    \"group\": \"6c239a52-63a0-4219-bcdc-c1ce354f95d4\",\r\n    \"expirationTime\": 0,\r\n    \"msExpirationTime\": 0,\r\n    \"aclBit\": false\r\n  }\r\n}",
      "ResponseHeaders": {
        "Content-Length": [
          "324"
        ],
        "Content-Type": [
          "application/json; charset=utf-8"
        ],
        "Expires": [
          "-1"
        ],
        "Pragma": [
          "no-cache"
        ],
        "x-ms-request-id": [
          "b1b3cd7c-f050-478f-ae2d-555eab5ec041"
        ],
        "x-ms-webhdfs-version": [
          "16.12.19.00"
        ],
        "Status": [
          "0x0"
        ],
        "X-Content-Type-Options": [
          "nosniff"
        ],
        "Strict-Transport-Security": [
          "max-age=15724800; includeSubDomains"
        ],
        "Cache-Control": [
          "no-store, no-cache, max-age=0"
        ],
        "Date": [
          "Tue, 14 Feb 2017 22:39:35 GMT"
        ]
      },
      "StatusCode": 200
    },
    {
      "RequestUri": "/webhdfs/v1/adlspstestfolder%2Fcontentfile.txt?op=MSGETFILESTATUS&api-version=2016-11-01",
      "EncodedRequestUri": "L3dlYmhkZnMvdjEvYWRsc3BzdGVzdGZvbGRlciUyRmNvbnRlbnRmaWxlLnR4dD9vcD1NU0dFVEZJTEVTVEFUVVMmYXBpLXZlcnNpb249MjAxNi0xMS0wMQ==",
      "RequestMethod": "GET",
      "RequestBody": "",
      "RequestHeaders": {
        "x-ms-client-request-id": [
          "888bea90-c94d-4fae-8f13-9ace21ecc23c"
        ],
        "accept-language": [
          "en-US"
        ],
        "User-Agent": [
          "FxVersion/4.6.1586.0",
          "OSName/Windows_10_Enterprise",
          "OSVersion/6.3.14393",
          "Microsoft.Azure.Management.DataLake.Store.DataLakeStoreFileSystemManagementClient/2.0.1-preview"
        ]
      },
      "ResponseBody": "{\r\n  \"FileStatus\": {\r\n    \"length\": 36,\r\n    \"pathSuffix\": \"\",\r\n    \"type\": \"FILE\",\r\n    \"blockSize\": 268435456,\r\n    \"accessTime\": 1487111975123,\r\n    \"modificationTime\": 1487111975541,\r\n    \"replication\": 1,\r\n    \"permission\": \"770\",\r\n    \"owner\": \"6c239a52-63a0-4219-bcdc-c1ce354f95d4\",\r\n    \"group\": \"6c239a52-63a0-4219-bcdc-c1ce354f95d4\",\r\n    \"expirationTime\": 1487112095000,\r\n    \"msExpirationTime\": 1487112095000,\r\n    \"aclBit\": false\r\n  }\r\n}",
      "ResponseHeaders": {
        "Content-Length": [
          "348"
        ],
        "Content-Type": [
          "application/json; charset=utf-8"
        ],
        "Expires": [
          "-1"
        ],
        "Pragma": [
          "no-cache"
        ],
        "x-ms-request-id": [
          "e4241807-80cf-4968-b620-2f333a3b76c9"
        ],
        "x-ms-webhdfs-version": [
          "16.12.19.00"
        ],
        "Status": [
          "0x0"
        ],
        "X-Content-Type-Options": [
          "nosniff"
        ],
        "Strict-Transport-Security": [
          "max-age=15724800; includeSubDomains"
        ],
        "Cache-Control": [
          "no-store, no-cache, max-age=0"
        ],
        "Date": [
          "Tue, 14 Feb 2017 22:39:35 GMT"
        ]
      },
      "StatusCode": 200
    },
    {
      "RequestUri": "/webhdfs/v1/adlspstestfolder%2Fcontentfile.txt?op=MSGETFILESTATUS&api-version=2016-11-01",
      "EncodedRequestUri": "L3dlYmhkZnMvdjEvYWRsc3BzdGVzdGZvbGRlciUyRmNvbnRlbnRmaWxlLnR4dD9vcD1NU0dFVEZJTEVTVEFUVVMmYXBpLXZlcnNpb249MjAxNi0xMS0wMQ==",
      "RequestMethod": "GET",
      "RequestBody": "",
      "RequestHeaders": {
        "x-ms-client-request-id": [
          "0a79cff0-b68f-454c-a69f-8df5f3b8dc85"
        ],
        "accept-language": [
          "en-US"
        ],
        "User-Agent": [
          "FxVersion/4.6.1586.0",
          "OSName/Windows_10_Enterprise",
          "OSVersion/6.3.14393",
          "Microsoft.Azure.Management.DataLake.Store.DataLakeStoreFileSystemManagementClient/2.0.1-preview"
        ]
      },
      "ResponseBody": "{\r\n  \"FileStatus\": {\r\n    \"length\": 36,\r\n    \"pathSuffix\": \"\",\r\n    \"type\": \"FILE\",\r\n    \"blockSize\": 268435456,\r\n    \"accessTime\": 1487111975123,\r\n    \"modificationTime\": 1487111975541,\r\n    \"replication\": 1,\r\n    \"permission\": \"770\",\r\n    \"owner\": \"6c239a52-63a0-4219-bcdc-c1ce354f95d4\",\r\n    \"group\": \"6c239a52-63a0-4219-bcdc-c1ce354f95d4\",\r\n    \"expirationTime\": 1487112095000,\r\n    \"msExpirationTime\": 1487112095000,\r\n    \"aclBit\": false\r\n  }\r\n}",
      "ResponseHeaders": {
        "Content-Length": [
          "348"
        ],
        "Content-Type": [
          "application/json; charset=utf-8"
        ],
        "Expires": [
          "-1"
        ],
        "Pragma": [
          "no-cache"
        ],
        "x-ms-request-id": [
          "8f281ba1-3804-4a4b-85d1-a9fdd1cdc105"
        ],
        "x-ms-webhdfs-version": [
          "16.12.19.00"
        ],
        "Status": [
          "0x0"
        ],
        "X-Content-Type-Options": [
          "nosniff"
        ],
        "Strict-Transport-Security": [
          "max-age=15724800; includeSubDomains"
        ],
        "Cache-Control": [
          "no-store, no-cache, max-age=0"
        ],
        "Date": [
          "Tue, 14 Feb 2017 22:39:35 GMT"
        ]
      },
      "StatusCode": 200
    },
    {
      "RequestUri": "/webhdfs/v1/adlspstestfolder%2Fcontentfile.txt?op=MSGETFILESTATUS&api-version=2016-11-01",
      "EncodedRequestUri": "L3dlYmhkZnMvdjEvYWRsc3BzdGVzdGZvbGRlciUyRmNvbnRlbnRmaWxlLnR4dD9vcD1NU0dFVEZJTEVTVEFUVVMmYXBpLXZlcnNpb249MjAxNi0xMS0wMQ==",
      "RequestMethod": "GET",
      "RequestBody": "",
      "RequestHeaders": {
        "x-ms-client-request-id": [
          "b687872f-28af-44e1-b19e-4512fe2e59ea"
        ],
        "accept-language": [
          "en-US"
        ],
        "User-Agent": [
          "FxVersion/4.6.1586.0",
          "OSName/Windows_10_Enterprise",
          "OSVersion/6.3.14393",
          "Microsoft.Azure.Management.DataLake.Store.DataLakeStoreFileSystemManagementClient/2.0.1-preview"
        ]
      },
      "ResponseBody": "{\r\n  \"FileStatus\": {\r\n    \"length\": 36,\r\n    \"pathSuffix\": \"\",\r\n    \"type\": \"FILE\",\r\n    \"blockSize\": 268435456,\r\n    \"accessTime\": 1487111975123,\r\n    \"modificationTime\": 1487111975541,\r\n    \"replication\": 1,\r\n    \"permission\": \"770\",\r\n    \"owner\": \"6c239a52-63a0-4219-bcdc-c1ce354f95d4\",\r\n    \"group\": \"6c239a52-63a0-4219-bcdc-c1ce354f95d4\",\r\n    \"expirationTime\": 0,\r\n    \"msExpirationTime\": 0,\r\n    \"aclBit\": false\r\n  }\r\n}",
      "ResponseHeaders": {
        "Content-Length": [
          "324"
        ],
        "Content-Type": [
          "application/json; charset=utf-8"
        ],
        "Expires": [
          "-1"
        ],
        "Pragma": [
          "no-cache"
        ],
        "x-ms-request-id": [
          "8bad3170-b646-4a1f-90cb-c9ab898520df"
        ],
        "x-ms-webhdfs-version": [
          "16.12.19.00"
        ],
        "Status": [
          "0x0"
        ],
        "X-Content-Type-Options": [
          "nosniff"
        ],
        "Strict-Transport-Security": [
          "max-age=15724800; includeSubDomains"
        ],
        "Cache-Control": [
          "no-store, no-cache, max-age=0"
        ],
        "Date": [
          "Tue, 14 Feb 2017 22:39:35 GMT"
        ]
      },
      "StatusCode": 200
    },
    {
      "RequestUri": "/webhdfs/v1/adlspstestfolder%2Fcontentfile.txt?overwrite=false&op=CREATE&write=true&api-version=2016-11-01",
      "EncodedRequestUri": "L3dlYmhkZnMvdjEvYWRsc3BzdGVzdGZvbGRlciUyRmNvbnRlbnRmaWxlLnR4dD9vdmVyd3JpdGU9ZmFsc2Umb3A9Q1JFQVRFJndyaXRlPXRydWUmYXBpLXZlcnNpb249MjAxNi0xMS0wMQ==",
      "RequestMethod": "PUT",
      "RequestBody": "Test file content! @ Azure PsTest01?",
      "RequestHeaders": {
        "Content-Type": [
          "application/octet-stream"
        ],
        "Content-Length": [
          "36"
        ],
        "x-ms-client-request-id": [
          "e5a82b0b-0638-468d-b976-66a98a61c455"
        ],
        "accept-language": [
          "en-US"
        ],
        "User-Agent": [
          "FxVersion/4.6.1586.0",
          "OSName/Windows_10_Enterprise",
          "OSVersion/6.3.14393",
          "Microsoft.Azure.Management.DataLake.Store.DataLakeStoreFileSystemManagementClient/2.0.1-preview"
        ]
      },
      "ResponseBody": "",
      "ResponseHeaders": {
        "Content-Length": [
          "0"
        ],
        "Expires": [
          "-1"
        ],
        "Pragma": [
          "no-cache"
        ],
        "x-ms-request-id": [
          "c3f3f49a-964c-4315-acb2-58891c4535fa"
        ],
        "ContentLength": [
          "0"
        ],
        "x-ms-webhdfs-version": [
          "16.12.19.00"
        ],
        "Status": [
          "0x0"
        ],
        "X-Content-Type-Options": [
          "nosniff"
        ],
        "Strict-Transport-Security": [
          "max-age=15724800; includeSubDomains"
        ],
        "Cache-Control": [
          "no-store, no-cache, max-age=0"
        ],
        "Date": [
          "Tue, 14 Feb 2017 22:39:35 GMT"
        ],
        "Location": [
          "https://onesdk4672.caboaccountdogfood.net/webhdfs/v1/adlspstestfolder/contentfile.txt?overwrite=false&op=CREATE&write=true&api-version=2016-11-01"
        ]
      },
      "StatusCode": 201
    },
    {
      "RequestUri": "/WebHdfsExt/adlspstestfolder%2Fcontentfile.txt?expiryOption=Absolute&expireTime=1487112095000&op=SETEXPIRY&api-version=2016-11-01",
      "EncodedRequestUri": "L1dlYkhkZnNFeHQvYWRsc3BzdGVzdGZvbGRlciUyRmNvbnRlbnRmaWxlLnR4dD9leHBpcnlPcHRpb249QWJzb2x1dGUmZXhwaXJlVGltZT0xNDg3MTEyMDk1MDAwJm9wPVNFVEVYUElSWSZhcGktdmVyc2lvbj0yMDE2LTExLTAx",
      "RequestMethod": "PUT",
      "RequestBody": "",
      "RequestHeaders": {
        "x-ms-client-request-id": [
          "977c349e-025c-4dde-835a-304fe91a69b5"
        ],
        "accept-language": [
          "en-US"
        ],
        "User-Agent": [
          "FxVersion/4.6.1586.0",
          "OSName/Windows_10_Enterprise",
          "OSVersion/6.3.14393",
          "Microsoft.Azure.Management.DataLake.Store.DataLakeStoreFileSystemManagementClient/2.0.1-preview"
        ]
      },
      "ResponseBody": "",
      "ResponseHeaders": {
        "Content-Length": [
          "0"
        ],
        "Expires": [
          "-1"
        ],
        "Pragma": [
          "no-cache"
        ],
        "x-ms-request-id": [
          "c725a844-eae9-41ef-8f17-2bc3f45fb924"
        ],
        "X-Content-Type-Options": [
          "nosniff"
        ],
        "Strict-Transport-Security": [
          "max-age=15724800; includeSubDomains"
        ],
        "Cache-Control": [
          "no-store, no-cache, max-age=0"
        ],
        "Date": [
          "Tue, 14 Feb 2017 22:39:35 GMT"
        ]
      },
      "StatusCode": 200
    },
    {
      "RequestUri": "/WebHdfsExt/adlspstestfolder%2Fcontentfile.txt?expiryOption=NeverExpire&op=SETEXPIRY&api-version=2016-11-01",
      "EncodedRequestUri": "L1dlYkhkZnNFeHQvYWRsc3BzdGVzdGZvbGRlciUyRmNvbnRlbnRmaWxlLnR4dD9leHBpcnlPcHRpb249TmV2ZXJFeHBpcmUmb3A9U0VURVhQSVJZJmFwaS12ZXJzaW9uPTIwMTYtMTEtMDE=",
      "RequestMethod": "PUT",
      "RequestBody": "",
      "RequestHeaders": {
        "x-ms-client-request-id": [
          "1c65a5b6-ae9d-4544-9c69-9a42d7bfba7a"
        ],
        "accept-language": [
          "en-US"
        ],
        "User-Agent": [
          "FxVersion/4.6.1586.0",
          "OSName/Windows_10_Enterprise",
          "OSVersion/6.3.14393",
          "Microsoft.Azure.Management.DataLake.Store.DataLakeStoreFileSystemManagementClient/2.0.1-preview"
        ]
      },
      "ResponseBody": "",
      "ResponseHeaders": {
        "Content-Length": [
          "0"
        ],
        "Expires": [
          "-1"
        ],
        "Pragma": [
          "no-cache"
        ],
        "x-ms-request-id": [
          "1e60d484-071b-4866-8639-dcbba292bc41"
        ],
        "X-Content-Type-Options": [
          "nosniff"
        ],
        "Strict-Transport-Security": [
          "max-age=15724800; includeSubDomains"
        ],
        "Cache-Control": [
          "no-store, no-cache, max-age=0"
        ],
        "Date": [
          "Tue, 14 Feb 2017 22:39:35 GMT"
        ]
      },
      "StatusCode": 200
    },
    {
      "RequestUri": "/webhdfs/v1/adlspstestfolder?op=MSLISTSTATUS&api-version=2016-11-01",
      "EncodedRequestUri": "L3dlYmhkZnMvdjEvYWRsc3BzdGVzdGZvbGRlcj9vcD1NU0xJU1RTVEFUVVMmYXBpLXZlcnNpb249MjAxNi0xMS0wMQ==",
      "RequestMethod": "GET",
      "RequestBody": "",
      "RequestHeaders": {
        "x-ms-client-request-id": [
          "71079145-b9f9-4e2d-b1d5-1f4a29b28938"
        ],
        "accept-language": [
          "en-US"
        ],
        "User-Agent": [
          "FxVersion/4.6.1586.0",
          "OSName/Windows_10_Enterprise",
          "OSVersion/6.3.14393",
          "Microsoft.Azure.Management.DataLake.Store.DataLakeStoreFileSystemManagementClient/2.0.1-preview"
        ]
      },
      "ResponseBody": "{\r\n  \"FileStatuses\": {\r\n    \"FileStatus\": [\r\n      {\r\n        \"length\": 36,\r\n        \"pathSuffix\": \"contentfile.txt\",\r\n        \"type\": \"FILE\",\r\n        \"blockSize\": 268435456,\r\n        \"accessTime\": 1487111975123,\r\n        \"modificationTime\": 1487111975541,\r\n        \"replication\": 1,\r\n        \"permission\": \"770\",\r\n        \"owner\": \"6c239a52-63a0-4219-bcdc-c1ce354f95d4\",\r\n        \"group\": \"6c239a52-63a0-4219-bcdc-c1ce354f95d4\",\r\n        \"expirationTime\": 0,\r\n        \"msExpirationTime\": 0,\r\n        \"aclBit\": false\r\n      },\r\n      {\r\n        \"length\": 0,\r\n        \"pathSuffix\": \"emptyfile.txt\",\r\n        \"type\": \"FILE\",\r\n        \"blockSize\": 268435456,\r\n        \"accessTime\": 1487111974750,\r\n        \"modificationTime\": 1487111974750,\r\n        \"replication\": 1,\r\n        \"permission\": \"770\",\r\n        \"owner\": \"6c239a52-63a0-4219-bcdc-c1ce354f95d4\",\r\n        \"group\": \"6c239a52-63a0-4219-bcdc-c1ce354f95d4\",\r\n        \"expirationTime\": 0,\r\n        \"msExpirationTime\": 0,\r\n        \"aclBit\": false\r\n      }\r\n    ]\r\n  }\r\n}",
      "ResponseHeaders": {
        "Content-Length": [
          "680"
        ],
        "Content-Type": [
          "application/json; charset=utf-8"
        ],
        "Expires": [
          "-1"
        ],
        "Pragma": [
          "no-cache"
        ],
        "x-ms-request-id": [
          "82eb0030-e754-49d0-a9ac-a03142e0a0a8"
        ],
        "x-ms-webhdfs-version": [
          "16.12.19.00"
        ],
        "Status": [
          "0x0"
        ],
        "X-Content-Type-Options": [
          "nosniff"
        ],
        "Strict-Transport-Security": [
          "max-age=15724800; includeSubDomains"
        ],
        "Cache-Control": [
          "no-store, no-cache, max-age=0"
        ],
        "Date": [
          "Tue, 14 Feb 2017 22:39:36 GMT"
        ]
      },
      "StatusCode": 200
    },
    {
      "RequestUri": "/webhdfs/v1/adlspstestfolder%2Femptyfile.txt?op=APPEND&append=true&api-version=2016-11-01",
      "EncodedRequestUri": "L3dlYmhkZnMvdjEvYWRsc3BzdGVzdGZvbGRlciUyRmVtcHR5ZmlsZS50eHQ/b3A9QVBQRU5EJmFwcGVuZD10cnVlJmFwaS12ZXJzaW9uPTIwMTYtMTEtMDE=",
      "RequestMethod": "POST",
      "RequestBody": "Test file content! @ Azure PsTest01?",
      "RequestHeaders": {
        "Content-Type": [
          "application/octet-stream"
        ],
        "Content-Length": [
          "36"
        ],
        "x-ms-client-request-id": [
          "482840eb-6748-4b51-adcc-e235a791df40"
        ],
        "accept-language": [
          "en-US"
        ],
        "User-Agent": [
          "FxVersion/4.6.1586.0",
          "OSName/Windows_10_Enterprise",
          "OSVersion/6.3.14393",
          "Microsoft.Azure.Management.DataLake.Store.DataLakeStoreFileSystemManagementClient/2.0.1-preview"
        ]
      },
      "ResponseBody": "",
      "ResponseHeaders": {
        "Content-Length": [
          "0"
        ],
        "Expires": [
          "-1"
        ],
        "Pragma": [
          "no-cache"
        ],
        "x-ms-request-id": [
          "3cdccf5e-97da-433f-8747-f249ce7b0587"
        ],
        "x-ms-webhdfs-version": [
          "16.12.19.00"
        ],
        "Status": [
          "0x0"
        ],
        "X-Content-Type-Options": [
          "nosniff"
        ],
        "Strict-Transport-Security": [
          "max-age=15724800; includeSubDomains"
        ],
        "Cache-Control": [
          "no-store, no-cache, max-age=0"
        ],
        "Date": [
          "Tue, 14 Feb 2017 22:39:36 GMT"
        ]
      },
      "StatusCode": 200
    },
    {
      "RequestUri": "/webhdfs/v1/adlspstestfolder%2Fconcatfile.txt?deleteSourceDirectory=false&op=MSCONCAT&api-version=2016-11-01",
      "EncodedRequestUri": "L3dlYmhkZnMvdjEvYWRsc3BzdGVzdGZvbGRlciUyRmNvbmNhdGZpbGUudHh0P2RlbGV0ZVNvdXJjZURpcmVjdG9yeT1mYWxzZSZvcD1NU0NPTkNBVCZhcGktdmVyc2lvbj0yMDE2LTExLTAx",
      "RequestMethod": "POST",
      "RequestBody": "sources=adlspstestfolder/emptyfile.txt,adlspstestfolder/contentfile.txt",
      "RequestHeaders": {
        "Content-Type": [
          "application/octet-stream"
        ],
        "Content-Length": [
          "71"
        ],
        "x-ms-client-request-id": [
          "efc2716c-26d6-4469-adad-4cdb3bf0dac5"
        ],
        "accept-language": [
          "en-US"
        ],
        "User-Agent": [
          "FxVersion/4.6.1586.0",
          "OSName/Windows_10_Enterprise",
          "OSVersion/6.3.14393",
          "Microsoft.Azure.Management.DataLake.Store.DataLakeStoreFileSystemManagementClient/2.0.1-preview"
        ]
      },
      "ResponseBody": "",
      "ResponseHeaders": {
        "Content-Length": [
          "0"
        ],
        "Expires": [
          "-1"
        ],
        "Pragma": [
          "no-cache"
        ],
        "x-ms-request-id": [
          "1af41d52-60ae-4c46-9ef1-78cce7471462"
        ],
        "x-ms-webhdfs-version": [
          "16.12.19.00"
        ],
        "Status": [
          "0x0"
        ],
        "X-Content-Type-Options": [
          "nosniff"
        ],
        "Strict-Transport-Security": [
          "max-age=15724800; includeSubDomains"
        ],
        "Cache-Control": [
          "no-store, no-cache, max-age=0"
        ],
        "Date": [
          "Tue, 14 Feb 2017 22:39:36 GMT"
        ]
      },
      "StatusCode": 200
    },
    {
      "RequestUri": "/webhdfs/v1/adlspstestfolder%2Fconcatfile.txt?op=MSGETFILESTATUS&api-version=2016-11-01",
      "EncodedRequestUri": "L3dlYmhkZnMvdjEvYWRsc3BzdGVzdGZvbGRlciUyRmNvbmNhdGZpbGUudHh0P29wPU1TR0VURklMRVNUQVRVUyZhcGktdmVyc2lvbj0yMDE2LTExLTAx",
      "RequestMethod": "GET",
      "RequestBody": "",
      "RequestHeaders": {
        "x-ms-client-request-id": [
          "0c3da529-9ab8-4a81-b52c-aac46311fadb"
        ],
        "accept-language": [
          "en-US"
        ],
        "User-Agent": [
          "FxVersion/4.6.1586.0",
          "OSName/Windows_10_Enterprise",
          "OSVersion/6.3.14393",
          "Microsoft.Azure.Management.DataLake.Store.DataLakeStoreFileSystemManagementClient/2.0.1-preview"
        ]
      },
      "ResponseBody": "{\r\n  \"FileStatus\": {\r\n    \"length\": 72,\r\n    \"pathSuffix\": \"\",\r\n    \"type\": \"FILE\",\r\n    \"blockSize\": 268435456,\r\n    \"accessTime\": 1487111977451,\r\n    \"modificationTime\": 1487111977483,\r\n    \"replication\": 1,\r\n    \"permission\": \"770\",\r\n    \"owner\": \"6c239a52-63a0-4219-bcdc-c1ce354f95d4\",\r\n    \"group\": \"6c239a52-63a0-4219-bcdc-c1ce354f95d4\",\r\n    \"expirationTime\": 0,\r\n    \"msExpirationTime\": 0,\r\n    \"aclBit\": false\r\n  }\r\n}",
      "ResponseHeaders": {
        "Content-Length": [
          "324"
        ],
        "Content-Type": [
          "application/json; charset=utf-8"
        ],
        "Expires": [
          "-1"
        ],
        "Pragma": [
          "no-cache"
        ],
        "x-ms-request-id": [
          "5ee541cb-15d7-4fde-b43a-611f26abb183"
        ],
        "x-ms-webhdfs-version": [
          "16.12.19.00"
        ],
        "Status": [
          "0x0"
        ],
        "X-Content-Type-Options": [
          "nosniff"
        ],
        "Strict-Transport-Security": [
          "max-age=15724800; includeSubDomains"
        ],
        "Cache-Control": [
          "no-store, no-cache, max-age=0"
        ],
        "Date": [
          "Tue, 14 Feb 2017 22:39:36 GMT"
        ]
      },
      "StatusCode": 200
    },
    {
      "RequestUri": "/webhdfs/v1/adlspstestfolder%2Fconcatfile.txt?op=MSGETFILESTATUS&api-version=2016-11-01",
      "EncodedRequestUri": "L3dlYmhkZnMvdjEvYWRsc3BzdGVzdGZvbGRlciUyRmNvbmNhdGZpbGUudHh0P29wPU1TR0VURklMRVNUQVRVUyZhcGktdmVyc2lvbj0yMDE2LTExLTAx",
      "RequestMethod": "GET",
      "RequestBody": "",
      "RequestHeaders": {
        "x-ms-client-request-id": [
          "cb8424e8-7e52-414f-b309-33b69bfee672"
        ],
        "accept-language": [
          "en-US"
        ],
        "User-Agent": [
          "FxVersion/4.6.1586.0",
          "OSName/Windows_10_Enterprise",
          "OSVersion/6.3.14393",
          "Microsoft.Azure.Management.DataLake.Store.DataLakeStoreFileSystemManagementClient/2.0.1-preview"
        ]
      },
      "ResponseBody": "{\r\n  \"FileStatus\": {\r\n    \"length\": 72,\r\n    \"pathSuffix\": \"\",\r\n    \"type\": \"FILE\",\r\n    \"blockSize\": 268435456,\r\n    \"accessTime\": 1487111977451,\r\n    \"modificationTime\": 1487111977483,\r\n    \"replication\": 1,\r\n    \"permission\": \"770\",\r\n    \"owner\": \"6c239a52-63a0-4219-bcdc-c1ce354f95d4\",\r\n    \"group\": \"6c239a52-63a0-4219-bcdc-c1ce354f95d4\",\r\n    \"expirationTime\": 0,\r\n    \"msExpirationTime\": 0,\r\n    \"aclBit\": false\r\n  }\r\n}",
      "ResponseHeaders": {
        "Content-Length": [
          "324"
        ],
        "Content-Type": [
          "application/json; charset=utf-8"
        ],
        "Expires": [
          "-1"
        ],
        "Pragma": [
          "no-cache"
        ],
        "x-ms-request-id": [
          "c9e71085-d39f-4e5e-bbbe-a6865f5313d0"
        ],
        "x-ms-webhdfs-version": [
          "16.12.19.00"
        ],
        "Status": [
          "0x0"
        ],
        "X-Content-Type-Options": [
          "nosniff"
        ],
        "Strict-Transport-Security": [
          "max-age=15724800; includeSubDomains"
        ],
        "Cache-Control": [
          "no-store, no-cache, max-age=0"
        ],
        "Date": [
          "Tue, 14 Feb 2017 22:39:36 GMT"
        ]
      },
      "StatusCode": 200
    },
    {
      "RequestUri": "/webhdfs/v1/adlspstestfolder%2Fconcatfile.txt?op=MSGETFILESTATUS&api-version=2016-11-01",
      "EncodedRequestUri": "L3dlYmhkZnMvdjEvYWRsc3BzdGVzdGZvbGRlciUyRmNvbmNhdGZpbGUudHh0P29wPU1TR0VURklMRVNUQVRVUyZhcGktdmVyc2lvbj0yMDE2LTExLTAx",
      "RequestMethod": "GET",
      "RequestBody": "",
      "RequestHeaders": {
        "x-ms-client-request-id": [
          "8836419f-653f-4de8-9101-f596f9dfd97a"
        ],
        "accept-language": [
          "en-US"
        ],
        "User-Agent": [
          "FxVersion/4.6.1586.0",
          "OSName/Windows_10_Enterprise",
          "OSVersion/6.3.14393",
          "Microsoft.Azure.Management.DataLake.Store.DataLakeStoreFileSystemManagementClient/2.0.1-preview"
        ]
      },
      "ResponseBody": "{\r\n  \"FileStatus\": {\r\n    \"length\": 72,\r\n    \"pathSuffix\": \"\",\r\n    \"type\": \"FILE\",\r\n    \"blockSize\": 268435456,\r\n    \"accessTime\": 1487111977451,\r\n    \"modificationTime\": 1487111977483,\r\n    \"replication\": 1,\r\n    \"permission\": \"770\",\r\n    \"owner\": \"6c239a52-63a0-4219-bcdc-c1ce354f95d4\",\r\n    \"group\": \"6c239a52-63a0-4219-bcdc-c1ce354f95d4\",\r\n    \"expirationTime\": 0,\r\n    \"msExpirationTime\": 0,\r\n    \"aclBit\": false\r\n  }\r\n}",
      "ResponseHeaders": {
        "Content-Length": [
          "324"
        ],
        "Content-Type": [
          "application/json; charset=utf-8"
        ],
        "Expires": [
          "-1"
        ],
        "Pragma": [
          "no-cache"
        ],
        "x-ms-request-id": [
          "ed128f02-bf19-4052-8a7c-43731067f0bd"
        ],
        "x-ms-webhdfs-version": [
          "16.12.19.00"
        ],
        "Status": [
          "0x0"
        ],
        "X-Content-Type-Options": [
          "nosniff"
        ],
        "Strict-Transport-Security": [
          "max-age=15724800; includeSubDomains"
        ],
        "Cache-Control": [
          "no-store, no-cache, max-age=0"
        ],
        "Date": [
          "Tue, 14 Feb 2017 22:39:37 GMT"
        ]
      },
      "StatusCode": 200
    },
    {
      "RequestUri": "/webhdfs/v1/adlspstestfolder%2Fconcatfile.txt?op=MSGETFILESTATUS&api-version=2016-11-01",
      "EncodedRequestUri": "L3dlYmhkZnMvdjEvYWRsc3BzdGVzdGZvbGRlciUyRmNvbmNhdGZpbGUudHh0P29wPU1TR0VURklMRVNUQVRVUyZhcGktdmVyc2lvbj0yMDE2LTExLTAx",
      "RequestMethod": "GET",
      "RequestBody": "",
      "RequestHeaders": {
        "x-ms-client-request-id": [
          "66849d4e-01ec-4ef9-9f13-0d9916870f6f"
        ],
        "accept-language": [
          "en-US"
        ],
        "User-Agent": [
          "FxVersion/4.6.1586.0",
          "OSName/Windows_10_Enterprise",
          "OSVersion/6.3.14393",
          "Microsoft.Azure.Management.DataLake.Store.DataLakeStoreFileSystemManagementClient/2.0.1-preview"
        ]
      },
      "ResponseBody": "{\r\n  \"FileStatus\": {\r\n    \"length\": 72,\r\n    \"pathSuffix\": \"\",\r\n    \"type\": \"FILE\",\r\n    \"blockSize\": 268435456,\r\n    \"accessTime\": 1487111977451,\r\n    \"modificationTime\": 1487111977483,\r\n    \"replication\": 1,\r\n    \"permission\": \"770\",\r\n    \"owner\": \"6c239a52-63a0-4219-bcdc-c1ce354f95d4\",\r\n    \"group\": \"6c239a52-63a0-4219-bcdc-c1ce354f95d4\",\r\n    \"expirationTime\": 0,\r\n    \"msExpirationTime\": 0,\r\n    \"aclBit\": false\r\n  }\r\n}",
      "ResponseHeaders": {
        "Content-Length": [
          "324"
        ],
        "Content-Type": [
          "application/json; charset=utf-8"
        ],
        "Expires": [
          "-1"
        ],
        "Pragma": [
          "no-cache"
        ],
        "x-ms-request-id": [
          "4fa2188c-8a1b-4cff-8460-1f0aef2c5a02"
        ],
        "x-ms-webhdfs-version": [
          "16.12.19.00"
        ],
        "Status": [
          "0x0"
        ],
        "X-Content-Type-Options": [
          "nosniff"
        ],
        "Strict-Transport-Security": [
          "max-age=15724800; includeSubDomains"
        ],
        "Cache-Control": [
          "no-store, no-cache, max-age=0"
        ],
        "Date": [
          "Tue, 14 Feb 2017 22:39:37 GMT"
        ]
      },
      "StatusCode": 200
    },
    {
      "RequestUri": "/webhdfs/v1/adlspstestfolder%2Fconcatfile.txt?op=MSGETFILESTATUS&api-version=2016-11-01",
      "EncodedRequestUri": "L3dlYmhkZnMvdjEvYWRsc3BzdGVzdGZvbGRlciUyRmNvbmNhdGZpbGUudHh0P29wPU1TR0VURklMRVNUQVRVUyZhcGktdmVyc2lvbj0yMDE2LTExLTAx",
      "RequestMethod": "GET",
      "RequestBody": "",
      "RequestHeaders": {
        "x-ms-client-request-id": [
          "1a4f2d2b-ee9e-482d-8ba8-0c8f3cf855d2"
        ],
        "accept-language": [
          "en-US"
        ],
        "User-Agent": [
          "FxVersion/4.6.1586.0",
          "OSName/Windows_10_Enterprise",
          "OSVersion/6.3.14393",
          "Microsoft.Azure.Management.DataLake.Store.DataLakeStoreFileSystemManagementClient/2.0.1-preview"
        ]
      },
      "ResponseBody": "{\r\n  \"FileStatus\": {\r\n    \"length\": 72,\r\n    \"pathSuffix\": \"\",\r\n    \"type\": \"FILE\",\r\n    \"blockSize\": 268435456,\r\n    \"accessTime\": 1487111977451,\r\n    \"modificationTime\": 1487111977483,\r\n    \"replication\": 1,\r\n    \"permission\": \"770\",\r\n    \"owner\": \"6c239a52-63a0-4219-bcdc-c1ce354f95d4\",\r\n    \"group\": \"6c239a52-63a0-4219-bcdc-c1ce354f95d4\",\r\n    \"expirationTime\": 0,\r\n    \"msExpirationTime\": 0,\r\n    \"aclBit\": false\r\n  }\r\n}",
      "ResponseHeaders": {
        "Content-Length": [
          "324"
        ],
        "Content-Type": [
          "application/json; charset=utf-8"
        ],
        "Expires": [
          "-1"
        ],
        "Pragma": [
          "no-cache"
        ],
        "x-ms-request-id": [
          "10f59199-24fb-4e43-b7a6-fd1ddd7beefc"
        ],
        "x-ms-webhdfs-version": [
          "16.12.19.00"
        ],
        "Status": [
          "0x0"
        ],
        "X-Content-Type-Options": [
          "nosniff"
        ],
        "Strict-Transport-Security": [
          "max-age=15724800; includeSubDomains"
        ],
        "Cache-Control": [
          "no-store, no-cache, max-age=0"
        ],
        "Date": [
          "Tue, 14 Feb 2017 22:39:37 GMT"
        ]
      },
      "StatusCode": 200
    },
    {
      "RequestUri": "/webhdfs/v1/adlspstestfolder%2Fconcatfile.txt?op=MSGETFILESTATUS&api-version=2016-11-01",
      "EncodedRequestUri": "L3dlYmhkZnMvdjEvYWRsc3BzdGVzdGZvbGRlciUyRmNvbmNhdGZpbGUudHh0P29wPU1TR0VURklMRVNUQVRVUyZhcGktdmVyc2lvbj0yMDE2LTExLTAx",
      "RequestMethod": "GET",
      "RequestBody": "",
      "RequestHeaders": {
        "x-ms-client-request-id": [
          "6cac05e1-e792-4234-8486-335c3d1bfd6d"
        ],
        "accept-language": [
          "en-US"
        ],
        "User-Agent": [
          "FxVersion/4.6.1586.0",
          "OSName/Windows_10_Enterprise",
          "OSVersion/6.3.14393",
          "Microsoft.Azure.Management.DataLake.Store.DataLakeStoreFileSystemManagementClient/2.0.1-preview"
        ]
      },
      "ResponseBody": "{\r\n  \"FileStatus\": {\r\n    \"length\": 72,\r\n    \"pathSuffix\": \"\",\r\n    \"type\": \"FILE\",\r\n    \"blockSize\": 268435456,\r\n    \"accessTime\": 1487111977451,\r\n    \"modificationTime\": 1487111977483,\r\n    \"replication\": 1,\r\n    \"permission\": \"770\",\r\n    \"owner\": \"6c239a52-63a0-4219-bcdc-c1ce354f95d4\",\r\n    \"group\": \"6c239a52-63a0-4219-bcdc-c1ce354f95d4\",\r\n    \"expirationTime\": 0,\r\n    \"msExpirationTime\": 0,\r\n    \"aclBit\": false\r\n  }\r\n}",
      "ResponseHeaders": {
        "Content-Length": [
          "324"
        ],
        "Content-Type": [
          "application/json; charset=utf-8"
        ],
        "Expires": [
          "-1"
        ],
        "Pragma": [
          "no-cache"
        ],
        "x-ms-request-id": [
          "8150c68e-e0ba-44d2-8715-94d32287ae9f"
        ],
        "x-ms-webhdfs-version": [
          "16.12.19.00"
        ],
        "Status": [
          "0x0"
        ],
        "X-Content-Type-Options": [
          "nosniff"
        ],
        "Strict-Transport-Security": [
          "max-age=15724800; includeSubDomains"
        ],
        "Cache-Control": [
          "no-store, no-cache, max-age=0"
        ],
        "Date": [
          "Tue, 14 Feb 2017 22:39:37 GMT"
        ]
      },
      "StatusCode": 200
    },
    {
      "RequestUri": "/webhdfs/v1/adlspstestfolder%2Fconcatfile.txt?op=MSGETFILESTATUS&api-version=2016-11-01",
      "EncodedRequestUri": "L3dlYmhkZnMvdjEvYWRsc3BzdGVzdGZvbGRlciUyRmNvbmNhdGZpbGUudHh0P29wPU1TR0VURklMRVNUQVRVUyZhcGktdmVyc2lvbj0yMDE2LTExLTAx",
      "RequestMethod": "GET",
      "RequestBody": "",
      "RequestHeaders": {
        "x-ms-client-request-id": [
          "e5a2d8fd-6bfa-4e81-ad28-f8b77188a03e"
        ],
        "accept-language": [
          "en-US"
        ],
        "User-Agent": [
          "FxVersion/4.6.1586.0",
          "OSName/Windows_10_Enterprise",
          "OSVersion/6.3.14393",
          "Microsoft.Azure.Management.DataLake.Store.DataLakeStoreFileSystemManagementClient/2.0.1-preview"
        ]
      },
      "ResponseBody": "{\r\n  \"FileStatus\": {\r\n    \"length\": 72,\r\n    \"pathSuffix\": \"\",\r\n    \"type\": \"FILE\",\r\n    \"blockSize\": 268435456,\r\n    \"accessTime\": 1487111977451,\r\n    \"modificationTime\": 1487111977483,\r\n    \"replication\": 1,\r\n    \"permission\": \"770\",\r\n    \"owner\": \"6c239a52-63a0-4219-bcdc-c1ce354f95d4\",\r\n    \"group\": \"6c239a52-63a0-4219-bcdc-c1ce354f95d4\",\r\n    \"expirationTime\": 0,\r\n    \"msExpirationTime\": 0,\r\n    \"aclBit\": false\r\n  }\r\n}",
      "ResponseHeaders": {
        "Content-Length": [
          "324"
        ],
        "Content-Type": [
          "application/json; charset=utf-8"
        ],
        "Expires": [
          "-1"
        ],
        "Pragma": [
          "no-cache"
        ],
        "x-ms-request-id": [
          "d80fc59c-a1f2-4990-ad77-c8942446a4f4"
        ],
        "x-ms-webhdfs-version": [
          "16.12.19.00"
        ],
        "Status": [
          "0x0"
        ],
        "X-Content-Type-Options": [
          "nosniff"
        ],
        "Strict-Transport-Security": [
          "max-age=15724800; includeSubDomains"
        ],
        "Cache-Control": [
          "no-store, no-cache, max-age=0"
        ],
        "Date": [
          "Tue, 14 Feb 2017 22:39:40 GMT"
        ]
      },
      "StatusCode": 200
    },
    {
      "RequestUri": "/webhdfs/v1/adlspstestfolder%2Fconcatfile.txt?op=MSGETFILESTATUS&api-version=2016-11-01",
      "EncodedRequestUri": "L3dlYmhkZnMvdjEvYWRsc3BzdGVzdGZvbGRlciUyRmNvbmNhdGZpbGUudHh0P29wPU1TR0VURklMRVNUQVRVUyZhcGktdmVyc2lvbj0yMDE2LTExLTAx",
      "RequestMethod": "GET",
      "RequestBody": "",
      "RequestHeaders": {
        "x-ms-client-request-id": [
          "9573b0cb-6447-418c-a383-c19f5168eef4"
        ],
        "accept-language": [
          "en-US"
        ],
        "User-Agent": [
          "FxVersion/4.6.1586.0",
          "OSName/Windows_10_Enterprise",
          "OSVersion/6.3.14393",
          "Microsoft.Azure.Management.DataLake.Store.DataLakeStoreFileSystemManagementClient/2.0.1-preview"
        ]
      },
      "ResponseBody": "{\r\n  \"FileStatus\": {\r\n    \"length\": 72,\r\n    \"pathSuffix\": \"\",\r\n    \"type\": \"FILE\",\r\n    \"blockSize\": 268435456,\r\n    \"accessTime\": 1487111977451,\r\n    \"modificationTime\": 1487111977483,\r\n    \"replication\": 1,\r\n    \"permission\": \"770\",\r\n    \"owner\": \"6c239a52-63a0-4219-bcdc-c1ce354f95d4\",\r\n    \"group\": \"6c239a52-63a0-4219-bcdc-c1ce354f95d4\",\r\n    \"expirationTime\": 0,\r\n    \"msExpirationTime\": 0,\r\n    \"aclBit\": false\r\n  }\r\n}",
      "ResponseHeaders": {
        "Content-Length": [
          "324"
        ],
        "Content-Type": [
          "application/json; charset=utf-8"
        ],
        "Expires": [
          "-1"
        ],
        "Pragma": [
          "no-cache"
        ],
        "x-ms-request-id": [
          "61482994-e534-488c-b78e-7e0cd18f068b"
        ],
        "x-ms-webhdfs-version": [
          "16.12.19.00"
        ],
        "Status": [
          "0x0"
        ],
        "X-Content-Type-Options": [
          "nosniff"
        ],
        "Strict-Transport-Security": [
          "max-age=15724800; includeSubDomains"
        ],
        "Cache-Control": [
          "no-store, no-cache, max-age=0"
        ],
        "Date": [
          "Tue, 14 Feb 2017 22:39:40 GMT"
        ]
      },
      "StatusCode": 200
    },
    {
      "RequestUri": "/webhdfs/v1/adlspstestfolder%2Fconcatfile.txt?op=MSGETFILESTATUS&api-version=2016-11-01",
      "EncodedRequestUri": "L3dlYmhkZnMvdjEvYWRsc3BzdGVzdGZvbGRlciUyRmNvbmNhdGZpbGUudHh0P29wPU1TR0VURklMRVNUQVRVUyZhcGktdmVyc2lvbj0yMDE2LTExLTAx",
      "RequestMethod": "GET",
      "RequestBody": "",
      "RequestHeaders": {
        "x-ms-client-request-id": [
          "99d3bf3b-cffe-4a85-91f5-11b304c02d08"
        ],
        "accept-language": [
          "en-US"
        ],
        "User-Agent": [
          "FxVersion/4.6.1586.0",
          "OSName/Windows_10_Enterprise",
          "OSVersion/6.3.14393",
          "Microsoft.Azure.Management.DataLake.Store.DataLakeStoreFileSystemManagementClient/2.0.1-preview"
        ]
      },
      "ResponseBody": "{\r\n  \"FileStatus\": {\r\n    \"length\": 72,\r\n    \"pathSuffix\": \"\",\r\n    \"type\": \"FILE\",\r\n    \"blockSize\": 268435456,\r\n    \"accessTime\": 1487111977451,\r\n    \"modificationTime\": 1487111977483,\r\n    \"replication\": 1,\r\n    \"permission\": \"770\",\r\n    \"owner\": \"6c239a52-63a0-4219-bcdc-c1ce354f95d4\",\r\n    \"group\": \"6c239a52-63a0-4219-bcdc-c1ce354f95d4\",\r\n    \"expirationTime\": 0,\r\n    \"msExpirationTime\": 0,\r\n    \"aclBit\": false\r\n  }\r\n}",
      "ResponseHeaders": {
        "Content-Length": [
          "324"
        ],
        "Content-Type": [
          "application/json; charset=utf-8"
        ],
        "Expires": [
          "-1"
        ],
        "Pragma": [
          "no-cache"
        ],
        "x-ms-request-id": [
          "97bd6eec-245e-4aed-9001-7ee939b2abd6"
        ],
        "x-ms-webhdfs-version": [
          "16.12.19.00"
        ],
        "Status": [
          "0x0"
        ],
        "X-Content-Type-Options": [
          "nosniff"
        ],
        "Strict-Transport-Security": [
          "max-age=15724800; includeSubDomains"
        ],
        "Cache-Control": [
          "no-store, no-cache, max-age=0"
        ],
        "Date": [
          "Tue, 14 Feb 2017 22:39:40 GMT"
        ]
      },
      "StatusCode": 200
    },
    {
      "RequestUri": "/webhdfs/v1/adlspstestfolder%2Fconcatfile.txt?op=MSGETFILESTATUS&api-version=2016-11-01",
      "EncodedRequestUri": "L3dlYmhkZnMvdjEvYWRsc3BzdGVzdGZvbGRlciUyRmNvbmNhdGZpbGUudHh0P29wPU1TR0VURklMRVNUQVRVUyZhcGktdmVyc2lvbj0yMDE2LTExLTAx",
      "RequestMethod": "GET",
      "RequestBody": "",
      "RequestHeaders": {
        "x-ms-client-request-id": [
          "15316d22-082c-484b-8262-9ef537d81024"
        ],
        "accept-language": [
          "en-US"
        ],
        "User-Agent": [
          "FxVersion/4.6.1586.0",
          "OSName/Windows_10_Enterprise",
          "OSVersion/6.3.14393",
          "Microsoft.Azure.Management.DataLake.Store.DataLakeStoreFileSystemManagementClient/2.0.1-preview"
        ]
      },
      "ResponseBody": "{\r\n  \"FileStatus\": {\r\n    \"length\": 72,\r\n    \"pathSuffix\": \"\",\r\n    \"type\": \"FILE\",\r\n    \"blockSize\": 268435456,\r\n    \"accessTime\": 1487111977451,\r\n    \"modificationTime\": 1487111977483,\r\n    \"replication\": 1,\r\n    \"permission\": \"770\",\r\n    \"owner\": \"6c239a52-63a0-4219-bcdc-c1ce354f95d4\",\r\n    \"group\": \"6c239a52-63a0-4219-bcdc-c1ce354f95d4\",\r\n    \"expirationTime\": 0,\r\n    \"msExpirationTime\": 0,\r\n    \"aclBit\": false\r\n  }\r\n}",
      "ResponseHeaders": {
        "Content-Length": [
          "324"
        ],
        "Content-Type": [
          "application/json; charset=utf-8"
        ],
        "Expires": [
          "-1"
        ],
        "Pragma": [
          "no-cache"
        ],
        "x-ms-request-id": [
          "42251829-10ec-4dda-8394-2e11af9def8f"
        ],
        "x-ms-webhdfs-version": [
          "16.12.19.00"
        ],
        "Status": [
          "0x0"
        ],
        "X-Content-Type-Options": [
          "nosniff"
        ],
        "Strict-Transport-Security": [
          "max-age=15724800; includeSubDomains"
        ],
        "Cache-Control": [
          "no-store, no-cache, max-age=0"
        ],
        "Date": [
          "Tue, 14 Feb 2017 22:39:40 GMT"
        ]
      },
      "StatusCode": 200
    },
    {
      "RequestUri": "/webhdfs/v1/adlspstestfolder%2Fconcatfile.txt?op=MSGETFILESTATUS&api-version=2016-11-01",
      "EncodedRequestUri": "L3dlYmhkZnMvdjEvYWRsc3BzdGVzdGZvbGRlciUyRmNvbmNhdGZpbGUudHh0P29wPU1TR0VURklMRVNUQVRVUyZhcGktdmVyc2lvbj0yMDE2LTExLTAx",
      "RequestMethod": "GET",
      "RequestBody": "",
      "RequestHeaders": {
        "x-ms-client-request-id": [
          "9c3f195f-a2e1-4118-a1c5-f7f00123ee1b"
        ],
        "accept-language": [
          "en-US"
        ],
        "User-Agent": [
          "FxVersion/4.6.1586.0",
          "OSName/Windows_10_Enterprise",
          "OSVersion/6.3.14393",
          "Microsoft.Azure.Management.DataLake.Store.DataLakeStoreFileSystemManagementClient/2.0.1-preview"
        ]
      },
      "ResponseBody": "{\r\n  \"FileStatus\": {\r\n    \"length\": 72,\r\n    \"pathSuffix\": \"\",\r\n    \"type\": \"FILE\",\r\n    \"blockSize\": 268435456,\r\n    \"accessTime\": 1487111977451,\r\n    \"modificationTime\": 1487111977483,\r\n    \"replication\": 1,\r\n    \"permission\": \"770\",\r\n    \"owner\": \"6c239a52-63a0-4219-bcdc-c1ce354f95d4\",\r\n    \"group\": \"6c239a52-63a0-4219-bcdc-c1ce354f95d4\",\r\n    \"expirationTime\": 0,\r\n    \"msExpirationTime\": 0,\r\n    \"aclBit\": false\r\n  }\r\n}",
      "ResponseHeaders": {
        "Content-Length": [
          "324"
        ],
        "Content-Type": [
          "application/json; charset=utf-8"
        ],
        "Expires": [
          "-1"
        ],
        "Pragma": [
          "no-cache"
        ],
        "x-ms-request-id": [
          "d77f1f54-f907-41ea-ae36-1547a93f7fc7"
        ],
        "x-ms-webhdfs-version": [
          "16.12.19.00"
        ],
        "Status": [
          "0x0"
        ],
        "X-Content-Type-Options": [
          "nosniff"
        ],
        "Strict-Transport-Security": [
          "max-age=15724800; includeSubDomains"
        ],
        "Cache-Control": [
          "no-store, no-cache, max-age=0"
        ],
        "Date": [
          "Tue, 14 Feb 2017 22:39:40 GMT"
        ]
      },
      "StatusCode": 200
    },
    {
      "RequestUri": "/webhdfs/v1/adlspstestfolder%2Fconcatfile.txt?op=MSGETFILESTATUS&api-version=2016-11-01",
      "EncodedRequestUri": "L3dlYmhkZnMvdjEvYWRsc3BzdGVzdGZvbGRlciUyRmNvbmNhdGZpbGUudHh0P29wPU1TR0VURklMRVNUQVRVUyZhcGktdmVyc2lvbj0yMDE2LTExLTAx",
      "RequestMethod": "GET",
      "RequestBody": "",
      "RequestHeaders": {
        "x-ms-client-request-id": [
          "c2f252b4-d05c-4e98-a1c5-fc98c20fa4d6"
        ],
        "accept-language": [
          "en-US"
        ],
        "User-Agent": [
          "FxVersion/4.6.1586.0",
          "OSName/Windows_10_Enterprise",
          "OSVersion/6.3.14393",
          "Microsoft.Azure.Management.DataLake.Store.DataLakeStoreFileSystemManagementClient/2.0.1-preview"
        ]
      },
      "ResponseBody": "{\r\n  \"RemoteException\": {\r\n    \"exception\": \"FileNotFoundException\",\r\n    \"message\": \"File/Folder does not exist: /adlspstestfolder/concatfile.txt [adbc8936-a0c3-4a61-b870-923b01d6a98d][2017-02-14T14:39:41.3408073-08:00]\",\r\n    \"javaClassName\": \"java.io.FileNotFoundException\"\r\n  }\r\n}",
      "ResponseHeaders": {
        "Content-Length": [
          "252"
        ],
        "Content-Type": [
          "application/json; charset=utf-8"
        ],
        "Expires": [
          "-1"
        ],
        "Pragma": [
          "no-cache"
        ],
        "x-ms-request-id": [
          "adbc8936-a0c3-4a61-b870-923b01d6a98d"
        ],
        "x-ms-webhdfs-version": [
          "16.12.19.00"
        ],
        "Status": [
          "0x8309000A"
        ],
        "X-Content-Type-Options": [
          "nosniff"
        ],
        "Strict-Transport-Security": [
          "max-age=15724800; includeSubDomains"
        ],
        "Cache-Control": [
          "no-store, no-cache, max-age=0"
        ],
        "Date": [
          "Tue, 14 Feb 2017 22:39:41 GMT"
        ]
      },
      "StatusCode": 404
    },
    {
      "RequestUri": "/webhdfs/v1/adlspstestfolder%2Fconcatfile.txt?length=72&offset=0&op=OPEN&read=true&api-version=2016-11-01",
      "EncodedRequestUri": "L3dlYmhkZnMvdjEvYWRsc3BzdGVzdGZvbGRlciUyRmNvbmNhdGZpbGUudHh0P2xlbmd0aD03MiZvZmZzZXQ9MCZvcD1PUEVOJnJlYWQ9dHJ1ZSZhcGktdmVyc2lvbj0yMDE2LTExLTAx",
      "RequestMethod": "GET",
      "RequestBody": "",
      "RequestHeaders": {
        "x-ms-client-request-id": [
          "4adcd10f-13a2-4b82-bfc1-f1bd8b18e15e"
        ],
        "accept-language": [
          "en-US"
        ],
        "User-Agent": [
          "FxVersion/4.6.1586.0",
          "OSName/Windows_10_Enterprise",
          "OSVersion/6.3.14393",
          "Microsoft.Azure.Management.DataLake.Store.DataLakeStoreFileSystemManagementClient/2.0.1-preview"
        ]
      },
      "ResponseBody": "Test file content! @ Azure PsTest01?Test file content! @ Azure PsTest01?",
      "ResponseHeaders": {
        "Content-Type": [
          "application/octet-stream"
        ],
        "Expires": [
          "-1"
        ],
        "Pragma": [
          "no-cache"
        ],
        "Transfer-Encoding": [
          "chunked"
        ],
        "x-ms-request-id": [
          "6031101a-0f5e-4fe4-a624-55509e8cc7c8"
        ],
        "x-ms-webhdfs-version": [
          "16.12.19.00"
        ],
        "Status": [
          "0x0"
        ],
        "X-Content-Type-Options": [
          "nosniff"
        ],
        "Strict-Transport-Security": [
          "max-age=15724800; includeSubDomains"
        ],
        "Cache-Control": [
          "no-store, no-cache, max-age=0"
        ],
        "Date": [
          "Tue, 14 Feb 2017 22:39:37 GMT"
        ]
      },
      "StatusCode": 200
    },
    {
      "RequestUri": "/webhdfs/v1/adlspstestfolder%2Fconcatfile.txt?length=72&offset=0&op=OPEN&read=true&api-version=2016-11-01",
      "EncodedRequestUri": "L3dlYmhkZnMvdjEvYWRsc3BzdGVzdGZvbGRlciUyRmNvbmNhdGZpbGUudHh0P2xlbmd0aD03MiZvZmZzZXQ9MCZvcD1PUEVOJnJlYWQ9dHJ1ZSZhcGktdmVyc2lvbj0yMDE2LTExLTAx",
      "RequestMethod": "GET",
      "RequestBody": "",
      "RequestHeaders": {
        "x-ms-client-request-id": [
          "b6bfab79-bf5a-46ad-8d7f-216a22fb988a"
        ],
        "accept-language": [
          "en-US"
        ],
        "User-Agent": [
          "FxVersion/4.6.1586.0",
          "OSName/Windows_10_Enterprise",
          "OSVersion/6.3.14393",
          "Microsoft.Azure.Management.DataLake.Store.DataLakeStoreFileSystemManagementClient/2.0.1-preview"
        ]
      },
      "ResponseBody": "Test file content! @ Azure PsTest01?Test file content! @ Azure PsTest01?",
      "ResponseHeaders": {
        "Content-Type": [
          "application/octet-stream"
        ],
        "Expires": [
          "-1"
        ],
        "Pragma": [
          "no-cache"
        ],
        "Transfer-Encoding": [
          "chunked"
        ],
        "x-ms-request-id": [
          "df5bf04d-caa2-4030-a24d-2d74df0e30c2"
        ],
        "x-ms-webhdfs-version": [
          "16.12.19.00"
        ],
        "Status": [
          "0x0"
        ],
        "X-Content-Type-Options": [
          "nosniff"
        ],
        "Strict-Transport-Security": [
          "max-age=15724800; includeSubDomains"
        ],
        "Cache-Control": [
          "no-store, no-cache, max-age=0"
        ],
        "Date": [
          "Tue, 14 Feb 2017 22:39:40 GMT"
        ]
      },
      "StatusCode": 200
    },
    {
      "RequestUri": "/webhdfs/v1/adlspstestfolder%2Fconcatfile.txt?length=70&offset=2&op=OPEN&read=true&api-version=2016-11-01",
      "EncodedRequestUri": "L3dlYmhkZnMvdjEvYWRsc3BzdGVzdGZvbGRlciUyRmNvbmNhdGZpbGUudHh0P2xlbmd0aD03MCZvZmZzZXQ9MiZvcD1PUEVOJnJlYWQ9dHJ1ZSZhcGktdmVyc2lvbj0yMDE2LTExLTAx",
      "RequestMethod": "GET",
      "RequestBody": "",
      "RequestHeaders": {
        "x-ms-client-request-id": [
          "56da682b-2336-4a4b-9eeb-fb254d9514b9"
        ],
        "accept-language": [
          "en-US"
        ],
        "User-Agent": [
          "FxVersion/4.6.1586.0",
          "OSName/Windows_10_Enterprise",
          "OSVersion/6.3.14393",
          "Microsoft.Azure.Management.DataLake.Store.DataLakeStoreFileSystemManagementClient/2.0.1-preview"
        ]
      },
      "ResponseBody": "st file content! @ Azure PsTest01?Test file content! @ Azure PsTest01?",
      "ResponseHeaders": {
        "Content-Type": [
          "application/octet-stream"
        ],
        "Expires": [
          "-1"
        ],
        "Pragma": [
          "no-cache"
        ],
        "Transfer-Encoding": [
          "chunked"
        ],
        "x-ms-request-id": [
          "709eca3d-8b8b-4b7b-93ea-4a29992b9218"
        ],
        "x-ms-webhdfs-version": [
          "16.12.19.00"
        ],
        "Status": [
          "0x0"
        ],
        "X-Content-Type-Options": [
          "nosniff"
        ],
        "Strict-Transport-Security": [
          "max-age=15724800; includeSubDomains"
        ],
        "Cache-Control": [
          "no-store, no-cache, max-age=0"
        ],
        "Date": [
          "Tue, 14 Feb 2017 22:39:37 GMT"
        ]
      },
      "StatusCode": 200
    },
    {
      "RequestUri": "/webhdfs/v1/adlspstestfolder%2Fconcatfile.txt?length=36&offset=2&op=OPEN&read=true&api-version=2016-11-01",
      "EncodedRequestUri": "L3dlYmhkZnMvdjEvYWRsc3BzdGVzdGZvbGRlciUyRmNvbmNhdGZpbGUudHh0P2xlbmd0aD0zNiZvZmZzZXQ9MiZvcD1PUEVOJnJlYWQ9dHJ1ZSZhcGktdmVyc2lvbj0yMDE2LTExLTAx",
      "RequestMethod": "GET",
      "RequestBody": "",
      "RequestHeaders": {
        "x-ms-client-request-id": [
          "917bc418-9e86-47c6-b3d7-a9e58392a5ba"
        ],
        "accept-language": [
          "en-US"
        ],
        "User-Agent": [
          "FxVersion/4.6.1586.0",
          "OSName/Windows_10_Enterprise",
          "OSVersion/6.3.14393",
          "Microsoft.Azure.Management.DataLake.Store.DataLakeStoreFileSystemManagementClient/2.0.1-preview"
        ]
      },
      "ResponseBody": "st file content! @ Azure PsTest01?Te",
      "ResponseHeaders": {
        "Content-Type": [
          "application/octet-stream"
        ],
        "Expires": [
          "-1"
        ],
        "Pragma": [
          "no-cache"
        ],
        "Transfer-Encoding": [
          "chunked"
        ],
        "x-ms-request-id": [
          "4bc1bbec-9b40-48eb-a1ee-b175e3de8655"
        ],
        "x-ms-webhdfs-version": [
          "16.12.19.00"
        ],
        "Status": [
          "0x0"
        ],
        "X-Content-Type-Options": [
          "nosniff"
        ],
        "Strict-Transport-Security": [
          "max-age=15724800; includeSubDomains"
        ],
        "Cache-Control": [
          "no-store, no-cache, max-age=0"
        ],
        "Date": [
          "Tue, 14 Feb 2017 22:39:37 GMT"
        ]
      },
      "StatusCode": 200
    },
    {
      "RequestUri": "/webhdfs/v1/adlspstestfolder%2Fimportfile.txt?op=MSGETFILESTATUS&api-version=2016-11-01",
      "EncodedRequestUri": "L3dlYmhkZnMvdjEvYWRsc3BzdGVzdGZvbGRlciUyRmltcG9ydGZpbGUudHh0P29wPU1TR0VURklMRVNUQVRVUyZhcGktdmVyc2lvbj0yMDE2LTExLTAx",
      "RequestMethod": "GET",
      "RequestBody": "",
      "RequestHeaders": {
        "x-ms-client-request-id": [
          "813669ae-4848-4cd8-83f1-ea2f915290cf"
        ],
        "accept-language": [
          "en-US"
        ],
        "User-Agent": [
          "FxVersion/4.6.1586.0",
          "OSName/Windows_10_Enterprise",
          "OSVersion/6.3.14393",
          "Microsoft.Azure.Management.DataLake.Store.DataLakeStoreFileSystemManagementClient/2.0.1-preview"
        ]
      },
      "ResponseBody": "{\r\n  \"RemoteException\": {\r\n    \"exception\": \"FileNotFoundException\",\r\n    \"message\": \"File/Folder does not exist: /adlspstestfolder/importfile.txt [0bf5ad93-9485-4f61-926b-3211c58d48e9][2017-02-14T14:39:39.0282717-08:00]\",\r\n    \"javaClassName\": \"java.io.FileNotFoundException\"\r\n  }\r\n}",
      "ResponseHeaders": {
        "Content-Length": [
          "252"
        ],
        "Content-Type": [
          "application/json; charset=utf-8"
        ],
        "Expires": [
          "-1"
        ],
        "Pragma": [
          "no-cache"
        ],
        "x-ms-request-id": [
          "0bf5ad93-9485-4f61-926b-3211c58d48e9"
        ],
        "x-ms-webhdfs-version": [
          "16.12.19.00"
        ],
        "Status": [
          "0x8309000A"
        ],
        "X-Content-Type-Options": [
          "nosniff"
        ],
        "Strict-Transport-Security": [
          "max-age=15724800; includeSubDomains"
        ],
        "Cache-Control": [
          "no-store, no-cache, max-age=0"
        ],
        "Date": [
          "Tue, 14 Feb 2017 22:39:39 GMT"
        ]
      },
      "StatusCode": 404
    },
    {
      "RequestUri": "/webhdfs/v1/adlspstestfolder%2Fimportfile.txt?op=MSGETFILESTATUS&api-version=2016-11-01",
      "EncodedRequestUri": "L3dlYmhkZnMvdjEvYWRsc3BzdGVzdGZvbGRlciUyRmltcG9ydGZpbGUudHh0P29wPU1TR0VURklMRVNUQVRVUyZhcGktdmVyc2lvbj0yMDE2LTExLTAx",
      "RequestMethod": "GET",
      "RequestBody": "",
      "RequestHeaders": {
        "x-ms-client-request-id": [
          "de059ba5-4e18-4677-838d-17f014ba3d90"
        ],
        "accept-language": [
          "en-US"
        ],
        "User-Agent": [
          "FxVersion/4.6.1586.0",
          "OSName/Windows_10_Enterprise",
          "OSVersion/6.3.14393",
          "Microsoft.Azure.Management.DataLake.Store.DataLakeStoreFileSystemManagementClient/2.0.1-preview"
        ]
      },
      "ResponseBody": "{\r\n  \"RemoteException\": {\r\n    \"exception\": \"FileNotFoundException\",\r\n    \"message\": \"File/Folder does not exist: /adlspstestfolder/importfile.txt [b213a8a6-2f03-40b7-b1e2-7e2e3c36385f][2017-02-14T14:39:39.1845245-08:00]\",\r\n    \"javaClassName\": \"java.io.FileNotFoundException\"\r\n  }\r\n}",
      "ResponseHeaders": {
        "Content-Length": [
          "252"
        ],
        "Content-Type": [
          "application/json; charset=utf-8"
        ],
        "Expires": [
          "-1"
        ],
        "Pragma": [
          "no-cache"
        ],
        "x-ms-request-id": [
          "b213a8a6-2f03-40b7-b1e2-7e2e3c36385f"
        ],
        "x-ms-webhdfs-version": [
          "16.12.19.00"
        ],
        "Status": [
          "0x8309000A"
        ],
        "X-Content-Type-Options": [
          "nosniff"
        ],
        "Strict-Transport-Security": [
          "max-age=15724800; includeSubDomains"
        ],
        "Cache-Control": [
          "no-store, no-cache, max-age=0"
        ],
        "Date": [
          "Tue, 14 Feb 2017 22:39:39 GMT"
        ]
      },
      "StatusCode": 404
    },
    {
      "RequestUri": "/webhdfs/v1/adlspstestfolder%2Fimportfile.txt?op=MSGETFILESTATUS&api-version=2016-11-01",
      "EncodedRequestUri": "L3dlYmhkZnMvdjEvYWRsc3BzdGVzdGZvbGRlciUyRmltcG9ydGZpbGUudHh0P29wPU1TR0VURklMRVNUQVRVUyZhcGktdmVyc2lvbj0yMDE2LTExLTAx",
      "RequestMethod": "GET",
      "RequestBody": "",
      "RequestHeaders": {
        "x-ms-client-request-id": [
          "94b3b8f7-1735-4483-83da-d36db601bb0f"
        ],
        "accept-language": [
          "en-US"
        ],
        "User-Agent": [
          "FxVersion/4.6.1586.0",
          "OSName/Windows_10_Enterprise",
          "OSVersion/6.3.14393",
          "Microsoft.Azure.Management.DataLake.Store.DataLakeStoreFileSystemManagementClient/2.0.1-preview"
        ]
      },
      "ResponseBody": "{\r\n  \"FileStatus\": {\r\n    \"length\": 34689,\r\n    \"pathSuffix\": \"\",\r\n    \"type\": \"FILE\",\r\n    \"blockSize\": 268435456,\r\n    \"accessTime\": 1487111979359,\r\n    \"modificationTime\": 1487111979731,\r\n    \"replication\": 1,\r\n    \"permission\": \"770\",\r\n    \"owner\": \"6c239a52-63a0-4219-bcdc-c1ce354f95d4\",\r\n    \"group\": \"6c239a52-63a0-4219-bcdc-c1ce354f95d4\",\r\n    \"expirationTime\": 0,\r\n    \"msExpirationTime\": 0,\r\n    \"aclBit\": false\r\n  }\r\n}",
      "ResponseHeaders": {
        "Content-Length": [
          "327"
        ],
        "Content-Type": [
          "application/json; charset=utf-8"
        ],
        "Expires": [
          "-1"
        ],
        "Pragma": [
          "no-cache"
        ],
        "x-ms-request-id": [
          "23df4c1b-3ec6-488c-a720-5f96c9d8a68d"
        ],
        "x-ms-webhdfs-version": [
          "16.12.19.00"
        ],
        "Status": [
          "0x0"
        ],
        "X-Content-Type-Options": [
          "nosniff"
        ],
        "Strict-Transport-Security": [
          "max-age=15724800; includeSubDomains"
        ],
        "Cache-Control": [
          "no-store, no-cache, max-age=0"
        ],
        "Date": [
          "Tue, 14 Feb 2017 22:39:39 GMT"
        ]
      },
      "StatusCode": 200
    },
    {
      "RequestUri": "/webhdfs/v1/adlspstestfolder%2Fimportfile.txt?op=MSGETFILESTATUS&api-version=2016-11-01",
      "EncodedRequestUri": "L3dlYmhkZnMvdjEvYWRsc3BzdGVzdGZvbGRlciUyRmltcG9ydGZpbGUudHh0P29wPU1TR0VURklMRVNUQVRVUyZhcGktdmVyc2lvbj0yMDE2LTExLTAx",
      "RequestMethod": "GET",
      "RequestBody": "",
      "RequestHeaders": {
        "x-ms-client-request-id": [
          "a388c4be-94ae-405a-8efe-f0553db2204b"
        ],
        "accept-language": [
          "en-US"
        ],
        "User-Agent": [
          "FxVersion/4.6.1586.0",
          "OSName/Windows_10_Enterprise",
          "OSVersion/6.3.14393",
          "Microsoft.Azure.Management.DataLake.Store.DataLakeStoreFileSystemManagementClient/2.0.1-preview"
        ]
      },
      "ResponseBody": "{\r\n  \"FileStatus\": {\r\n    \"length\": 34689,\r\n    \"pathSuffix\": \"\",\r\n    \"type\": \"FILE\",\r\n    \"blockSize\": 268435456,\r\n    \"accessTime\": 1487111979359,\r\n    \"modificationTime\": 1487111979731,\r\n    \"replication\": 1,\r\n    \"permission\": \"770\",\r\n    \"owner\": \"6c239a52-63a0-4219-bcdc-c1ce354f95d4\",\r\n    \"group\": \"6c239a52-63a0-4219-bcdc-c1ce354f95d4\",\r\n    \"expirationTime\": 0,\r\n    \"msExpirationTime\": 0,\r\n    \"aclBit\": false\r\n  }\r\n}",
      "ResponseHeaders": {
        "Content-Length": [
          "327"
        ],
        "Content-Type": [
          "application/json; charset=utf-8"
        ],
        "Expires": [
          "-1"
        ],
        "Pragma": [
          "no-cache"
        ],
        "x-ms-request-id": [
          "67e5e040-4625-49ea-bf79-7db387ace3da"
        ],
        "x-ms-webhdfs-version": [
          "16.12.19.00"
        ],
        "Status": [
          "0x0"
        ],
        "X-Content-Type-Options": [
          "nosniff"
        ],
        "Strict-Transport-Security": [
          "max-age=15724800; includeSubDomains"
        ],
        "Cache-Control": [
          "no-store, no-cache, max-age=0"
        ],
        "Date": [
          "Tue, 14 Feb 2017 22:39:40 GMT"
        ]
      },
      "StatusCode": 200
    },
    {
      "RequestUri": "/webhdfs/v1/adlspstestfolder%2Fimportfile.txt?overwrite=true&op=CREATE&write=true&api-version=2016-11-01",
      "EncodedRequestUri": "L3dlYmhkZnMvdjEvYWRsc3BzdGVzdGZvbGRlciUyRmltcG9ydGZpbGUudHh0P292ZXJ3cml0ZT10cnVlJm9wPUNSRUFURSZ3cml0ZT10cnVlJmFwaS12ZXJzaW9uPTIwMTYtMTEtMDE=",
      "RequestMethod": "PUT",
      "RequestBody": "<#\r\n.SYNOPSIS\r\nTests DataLakeStore Account trusted identity provider Lifecycle (Create, Update, Get, List, Delete).\r\n#>\r\nfunction Test-DataLakeStoreTrustedIdProvider\r\n{\r\n    param\r\n\t(\r\n\t\t$location = \"West US\"\r\n\t)\r\n\t\r\n\ttry\r\n\t{\r\n\t\t# Creating Account\r\n\t\t$resourceGroupName = Get-ResourceGroupName\r\n\t\t$accountName = Get-DataLakeStoreAccountName\r\n\t\tNew-AzureRmResourceGroup -Name $resourceGroupName -Location $location\r\n\r\n\t\t# Test to make sure the account doesn't exist\r\n\t\tAssert-False {Test-AzureRMDataLakeStoreAccount -ResourceGroupName $resourceGroupName -Name $accountName}\r\n\t\t# Test it without specifying a resource group\r\n\t\tAssert-False {Test-AzureRMDataLakeStoreAccount -Name $accountName}\r\n\r\n\t\t$accountCreated = New-AzureRMDataLakeStoreAccount -ResourceGroupName $resourceGroupName -Name $accountName -Location $location -Encryption ServiceManaged\r\n    \r\n\t\tAssert-AreEqual $accountName $accountCreated.Name\r\n\t\tAssert-AreEqual $location $accountCreated.Location\r\n\t\tAssert-AreEqual \"Microsoft.DataLakeStore/accounts\" $accountCreated.Type\r\n\t\tAssert-True {$accountCreated.Id -like \"*$resourceGroupName*\"}\r\n\r\n\t\t# In loop to check if account exists\r\n\t\tfor ($i = 0; $i -le 60; $i++)\r\n\t\t{\r\n\t\t\t[array]$accountGet = Get-AzureRMDataLakeStoreAccount -ResourceGroupName $resourceGroupName -Name $accountName\r\n\t\t\tif ($accountGet[0].Properties.ProvisioningState -like \"Succeeded\")\r\n\t\t\t{\r\n\t\t\t\tAssert-AreEqual $accountName $accountGet[0].Name\r\n\t\t\t\tAssert-AreEqual $location $accountGet[0].Location\r\n\t\t\t\tAssert-AreEqual \"Microsoft.DataLakeStore/accounts\" $accountGet[0].Type\r\n\t\t\t\tAssert-True {$accountGet[0].Id -like \"*$resourceGroupName*\"}\r\n\t\t\t\tbreak\r\n\t\t\t}\r\n\r\n\t\t\tWrite-Host \"account not yet provisioned. current state: $($accountGet[0].Properties.ProvisioningState)\"\r\n\t\t\t[Microsoft.WindowsAzure.Commands.Utilities.Common.TestMockSupport]::Delay(30000)\r\n\t\t\tAssert-False {$i -eq 60} \" Data Lake Store account is not in succeeded state even after 30 min.\"\r\n\t\t}\r\n\r\n\t\t# Test to make sure the account does exist\r\n\t\tAssert-True {Test-AzureRMDataLakeStoreAccount -ResourceGroupName $resourceGroupName -Name $accountName}\r\n\r\n\t\t# Test to ensure/enable trusted id provider states\r\n\t\tAssert-AreEqual \"Disabled\" $accountCreated.TrustedIdProviderState\r\n\r\n\t\t$accountSet = Set-AzureRMDataLakeStoreAccount -Name $accountName -TrustedIdProviderState Enabled\r\n\t\tAssert-AreEqual \"Enabled\" $accountSet.TrustedIdProviderState\r\n\r\n\t\t$trustedIdName = getAssetName\r\n\t\t$trustedIdEndpoint = \"https://sts.windows.net/6b04908c-b91f-40ce-8024-7ee8a4fd6150\"\r\n\r\n\t\t# Add a provider\r\n\t\tAdd-AzureRmDataLakeStoreTrustedIdProvider -AccountName $accountName -Name $trustedIdName -ProviderEndpoint $trustedIdEndpoint\r\n\r\n\t\t# Get the provider\r\n\t\t$result = Get-AzureRmDataLakeStoreTrustedIdProvider -AccountName $accountName -Name $trustedIdName\r\n\t\tAssert-AreEqual $trustedIdName $result.Name\r\n\t\tAssert-AreEqual $trustedIdEndpoint $result.IdProvider\r\n\r\n\t\t# remove the provider\r\n\t\tRemove-AzureRmDataLakeStoreTrustedIdProvider -AccountName $accountName -Name $trustedIdName\r\n\r\n\t\t# Make sure get throws.\r\n\t\tAssert-Throws {Get-AzureRmDataLakeStoreTrustedIdProvider -AccountName $accountName -Name $trustedIdName}\r\n\t}\r\n\tfinally\r\n\t{\r\n\t\t# cleanup the resource group that was used in case it still exists. This is a best effort task, we ignore failures here.\r\n\t\tInvoke-HandledCmdlet -Command {Remove-AzureRMDataLakeStoreAccount -ResourceGroupName $resourceGroupName -Name $accountName -Force -ErrorAction SilentlyContinue} -IgnoreFailures\r\n\t\tInvoke-HandledCmdlet -Command {Remove-AzureRmResourceGroup -Name $resourceGroupName -Force -ErrorAction SilentlyContinue} -IgnoreFailures\r\n\t}\r\n}\r\n\r\n<#\r\n.SYNOPSIS\r\nTests DataLakeStore Account firewall rules Lifecycle (Create, Update, Get, List, Delete).\r\n#>\r\nfunction Test-DataLakeStoreFirewall\r\n{\r\n    param\r\n\t(\r\n\t\t$location = \"West US\"\r\n\t)\r\n\t\r\n\ttry\r\n\t{\r\n\t\t# Creating Account\r\n\t\t$resourceGroupName = Get-ResourceGroupName\r\n\t\t$accountName = Get-DataLakeStoreAccountName\r\n\t\tNew-AzureRmResourceGroup -Name $resourceGroupName -Location $location\r\n\r\n\t\t# Test to make sure the account doesn't exist\r\n\t\tAssert-False {Test-AzureRMDataLakeStoreAccount -ResourceGroupName $resourceGroupName -Name $accountName}\r\n\t\t# Test it without specifying a resource group\r\n\t\tAssert-False {Test-AzureRMDataLakeStoreAccount -Name $accountName}\r\n\r\n\t\t$accountCreated = New-AzureRMDataLakeStoreAccount -ResourceGroupName $resourceGroupName -Name $accountName -Location $location -Encryption ServiceManaged\r\n    \r\n\t\tAssert-AreEqual $accountName $accountCreated.Name\r\n\t\tAssert-AreEqual $location $accountCreated.Location\r\n\t\tAssert-AreEqual \"Microsoft.DataLakeStore/accounts\" $accountCreated.Type\r\n\t\tAssert-True {$accountCreated.Id -like \"*$resourceGroupName*\"}\r\n\r\n\t\t# In loop to check if account exists\r\n\t\tfor ($i = 0; $i -le 60; $i++)\r\n\t\t{\r\n\t\t\t[array]$accountGet = Get-AzureRMDataLakeStoreAccount -ResourceGroupName $resourceGroupName -Name $accountName\r\n\t\t\tif ($accountGet[0].Properties.ProvisioningState -like \"Succeeded\")\r\n\t\t\t{\r\n\t\t\t\tAssert-AreEqual $accountName $accountGet[0].Name\r\n\t\t\t\tAssert-AreEqual $location $accountGet[0].Location\r\n\t\t\t\tAssert-AreEqual \"Microsoft.DataLakeStore/accounts\" $accountGet[0].Type\r\n\t\t\t\tAssert-True {$accountGet[0].Id -like \"*$resourceGroupName*\"}\r\n\t\t\t\tbreak\r\n\t\t\t}\r\n\r\n\t\t\tWrite-Host \"account not yet provisioned. current state: $($accountGet[0].Properties.ProvisioningState)\"\r\n\t\t\t[Microsoft.WindowsAzure.Commands.Utilities.Common.TestMockSupport]::Delay(30000)\r\n\t\t\tAssert-False {$i -eq 60} \" Data Lake Store account is not in succeeded state even after 30 min.\"\r\n\t\t}\r\n\r\n\t\t# Test to make sure the account does exist\r\n\t\tAssert-True {Test-AzureRMDataLakeStoreAccount -ResourceGroupName $resourceGroupName -Name $accountName}\r\n\r\n\t\t# Enable the firewall state and azure IPs\r\n\t\tAssert-AreEqual \"Disabled\" $accountCreated.FirewallState \r\n\t\tAssert-AreEqual \"Disabled\" $accountCreated.FirewallAllowAzureIps \r\n\r\n\t\t$accountSet = Set-AzureRMDataLakeStoreAccount -Name $accountName -FirewallState \"Enabled\" -AllowAzureIpState \"Enabled\"\r\n\r\n\t\tAssert-AreEqual \"Enabled\" $accountSet.FirewallState \r\n\t\tAssert-AreEqual \"Enabled\" $accountSet.FirewallAllowAzureIps\r\n\r\n\t\t$firewallRuleName = getAssetName\r\n\t\t$startIp = \"127.0.0.1\"\r\n\t\t$endIp = \"127.0.0.2\"\r\n\t\t# Add a firewall rule\r\n\t\tAdd-AzureRmDataLakeStoreFirewallRule -AccountName $accountName -Name $firewallRuleName -StartIpAddress $startIp -EndIpAddress $endIp\r\n\r\n\t\t# Get the firewall rule\r\n\t\t$result = Get-AzureRmDataLakeStoreFirewallRule -AccountName $accountName -Name $firewallRuleName\r\n\t\tAssert-AreEqual $firewallRuleName $result.Name\r\n\t\tAssert-AreEqual $startIp $result.StartIpAddress\r\n\t\tAssert-AreEqual $endIp $result.EndIpAddress\r\n\r\n\t\t# remove the firewall rule\r\n\t\tRemove-AzureRmDataLakeStoreFirewallRule -AccountName $accountName -Name $firewallRuleName\r\n\r\n\t\t# Make sure get throws.\r\n\t\tAssert-Throws {Get-AzureRmDataLakeStoreFirewallRule -AccountName $accountName -Name $firewallRuleName}\r\n\t}\r\n\tfinally\r\n\t{\r\n\t\t# cleanup the resource group that was used in case it still exists. This is a best effort task, we ignore failures here.\r\n\t\tInvoke-HandledCmdlet -Command {Remove-AzureRMDataLakeStoreAccount -ResourceGroupName $resourceGroupName -Name $accountName -Force -ErrorAction SilentlyContinue} -IgnoreFailures\r\n\t\tInvoke-HandledCmdlet -Command {Remove-AzureRmResourceGroup -Name $resourceGroupName -Force -ErrorAction SilentlyContinue} -IgnoreFailures\r\n\t}\r\n}\r\n\r\n<#\r\n.SYNOPSIS\r\nTests DataLakeStore Account Commitment tiers (in Create and Update).\r\n#>\r\nfunction Test-DataLakeStoreAccountTiers\r\n{\r\n    param\r\n\t(\r\n\t\t$location = \"West US\"\r\n\t)\r\n\t\r\n\ttry\r\n\t{\r\n\t\t# Creating Account\r\n\t\t$resourceGroupName = Get-ResourceGroupName\r\n\t\t$accountName = Get-DataLakeStoreAccountName\r\n\t\t$secondAccountName = Get-DataLakeStoreAccountName\r\n\t\tNew-AzureRmResourceGroup -Name $resourceGroupName -Location $location\r\n\r\n\t\t# Test to make sure the account doesn't exist\r\n\t\tAssert-False {Test-AzureRMDataLakeStoreAccount -ResourceGroupName $resourceGroupName -Name $accountName}\r\n\t\t# Test it without specifying a resource group\r\n\t\tAssert-False {Test-AzureRMDataLakeStoreAccount -Name $accountName}\r\n\r\n\t\t# Test 1: create without a tier specified verify that it defaults to \"consumption\"\r\n\t\t$accountCreated = New-AzureRMDataLakeStoreAccount -ResourceGroupName $resourceGroupName -Name $accountName -Location $location\r\n    \r\n\t\tAssert-AreEqual $accountName $accountCreated.Name\r\n\t\tAssert-AreEqual $location $accountCreated.Location\r\n\t\tAssert-AreEqual \"Microsoft.DataLakeStore/accounts\" $accountCreated.Type\r\n\t\tAssert-True {$accountCreated.Id -like \"*$resourceGroupName*\"}\r\n\t\tAssert-AreEqual \"Consumption\" $accountCreated.CurrentTier\r\n\t\tAssert-AreEqual \"Consumption\" $accountCreated.NewTier\r\n\r\n\t\t# Test 2: update this account to use a different tier\r\n\t\t$accountUpdated = Set-AzureRMDataLakeStoreAccount -ResourceGroupName $resourceGroupName -Name $accountName -Tier Commitment1TB\r\n\r\n\t\tAssert-AreEqual \"Consumption\" $accountUpdated.CurrentTier\r\n\t\tAssert-AreEqual \"Commitment1TB\" $accountUpdated.NewTier\r\n\r\n\t\t# Test 3: create a new account with a specific tier.\r\n\t\t$accountCreated = New-AzureRMDataLakeStoreAccount -ResourceGroupName $resourceGroupName -Name $secondAccountName -Location $location -Tier Commitment1TB\r\n\t\t\r\n\t\tAssert-AreEqual \"Commitment1TB\" $accountCreated.CurrentTier\r\n\t\tAssert-AreEqual \"Commitment1TB\" $accountCreated.NewTier\r\n\t}\r\n\tfinally\r\n\t{\r\n\t\t# cleanup the resource group that was used in case it still exists. This is a best effort task, we ignore failures here.\r\n\t\tInvoke-HandledCmdlet -Command {Remove-AzureRMDataLakeStoreAccount -ResourceGroupName $resourceGroupName -Name $accountName -Force -ErrorAction SilentlyContinue} -IgnoreFailures\r\n\t\tInvoke-HandledCmdlet -Command {Remove-AzureRMDataLakeStoreAccount -ResourceGroupName $resourceGroupName -Name $secondAccountName -Force -ErrorAction SilentlyContinue} -IgnoreFailures\r\n\t\tInvoke-HandledCmdlet -Command {Remove-AzureRmResourceGroup -Name $resourceGroupName -Force -ErrorAction SilentlyContinue} -IgnoreFailures\r\n\t}\r\n}\r\n\r\n<#\r\n.SYNOPSIS\r\nTests DataLakeStore Account Lifecycle (Create, Update, Get, List, Delete).\r\n#>\r\nfunction Test-DataLakeStoreAccount\r\n{\r\n    param\r\n\t(\r\n\t\t$location = \"West US\"\r\n\t)\r\n\t\r\n\ttry\r\n\t{\r\n\t\t# Creating Account\r\n\t\t$resourceGroupName = Get-ResourceGroupName\r\n\t\t$accountName = Get-DataLakeStoreAccountName\r\n\t\tNew-AzureRmResourceGroup -Name $resourceGroupName -Location $location\r\n\r\n\t\t# Test to make sure the account doesn't exist\r\n\t\tAssert-False {Test-AzureRMDataLakeStoreAccount -ResourceGroupName $resourceGroupName -Name $accountName}\r\n\t\t# Test it without specifying a resource group\r\n\t\tAssert-False {Test-AzureRMDataLakeStoreAccount -Name $accountName}\r\n\r\n\t\t$accountCreated = New-AzureRMDataLakeStoreAccount -ResourceGroupName $resourceGroupName -Name $accountName -Location $location -Encryption ServiceManaged\r\n    \r\n\t\tAssert-AreEqual $accountName $accountCreated.Name\r\n\t\tAssert-AreEqual $location $accountCreated.Location\r\n\t\tAssert-AreEqual \"Microsoft.DataLakeStore/accounts\" $accountCreated.Type\r\n\t\tAssert-True {$accountCreated.Id -like \"*$resourceGroupName*\"}\r\n\r\n\t\t# In loop to check if account exists\r\n\t\tfor ($i = 0; $i -le 60; $i++)\r\n\t\t{\r\n\t\t\t[array]$accountGet = Get-AzureRMDataLakeStoreAccount -ResourceGroupName $resourceGroupName -Name $accountName\r\n\t\t\tif ($accountGet[0].ProvisioningState -like \"Succeeded\")\r\n\t\t\t{\r\n\t\t\t\tAssert-AreEqual $accountName $accountGet[0].Name\r\n\t\t\t\tAssert-AreEqual $location $accountGet[0].Location\r\n\t\t\t\tAssert-AreEqual \"Microsoft.DataLakeStore/accounts\" $accountGet[0].Type\r\n\t\t\t\tAssert-True {$accountGet[0].Id -like \"*$resourceGroupName*\"}\r\n\t\t\t\tAssert-True {$accountGet[0].Identity -ne $null}\r\n\t\t\t\tAssert-True {$accountGet[0].EncryptionConfig -ne $null}\r\n\t\t\t\tbreak\r\n\t\t\t}\r\n\r\n\t\t\tWrite-Host \"account not yet provisioned. current state: $($accountGet[0].ProvisioningState)\"\r\n\t\t\t[Microsoft.WindowsAzure.Commands.Utilities.Common.TestMockSupport]::Delay(30000)\r\n\t\t\tAssert-False {$i -eq 60} \" Data Lake Store account is not in succeeded state even after 30 min.\"\r\n\t\t}\r\n\r\n\t\t# Test to make sure the account does exist\r\n\t\tAssert-True {Test-AzureRMDataLakeStoreAccount -ResourceGroupName $resourceGroupName -Name $accountName}\r\n\t\t# Test it without specifying a resource group\r\n\t\tAssert-True {Test-AzureRMDataLakeStoreAccount -Name $accountName}\r\n\r\n\t\t# Updating Account\r\n\t\t$tagsToUpdate = @{\"TestTag\" = \"TestUpdate\"}\r\n\t\t$accountUpdated = Set-AzureRMDataLakeStoreAccount -ResourceGroupName $resourceGroupName -Name $accountName -Tags $tagsToUpdate\r\n    \r\n\t\tAssert-AreEqual $accountName $accountUpdated.Name\r\n\t\tAssert-AreEqual $location $accountUpdated.Location\r\n\t\tAssert-AreEqual \"Microsoft.DataLakeStore/accounts\" $accountUpdated.Type\r\n\t\tAssert-True {$accountUpdated.Id -like \"*$resourceGroupName*\"}\r\n\t\r\n\t\tAssert-NotNull $accountUpdated.Tags \"Tags do not exists\"\r\n\t\tAssert-NotNull $accountUpdated.Tags[\"TestTag\"] \"The updated tag 'TestTag' does not exist\"\r\n\r\n\t\t# List all accounts in resource group\r\n\t\t[array]$accountsInResourceGroup = Get-AzureRMDataLakeStoreAccount -ResourceGroupName $resourceGroupName\r\n\t\tAssert-True {$accountsInResourceGroup.Count -ge 1}\r\n    \r\n\t\t$found = 0\r\n\t\tfor ($i = 0; $i -lt $accountsInResourceGroup.Count; $i++)\r\n\t\t{\r\n\t\t\tif ($accountsInResourceGroup[$i].Name -eq $accountName)\r\n\t\t\t{\r\n\t\t\t\t$found = 1\r\n\t\t\t\tAssert-AreEqual $location $accountsInResourceGroup[$i].Location\r\n\t\t\t\tAssert-AreEqual \"Microsoft.DataLakeStore/accounts\" $accountsInResourceGroup[$i].Type\r\n\t\t\t\tAssert-True {$accountsInResourceGroup[$i].Id -like \"*$resourceGroupName*\"}\r\n\r\n\t\t\t\tbreak\r\n\t\t\t}\r\n\t\t}\r\n\t\tAssert-True {$found -eq 1} \"Account created earlier is not found when listing all in resource group: $resourceGroupName.\"\r\n\r\n\t\t# List all Data Lake accounts in subscription\r\n\t\t[array]$accountsInSubscription = Get-AzureRMDataLakeStoreAccount\r\n\t\tAssert-True {$accountsInSubscription.Count -ge 1}\r\n\t\tAssert-True {$accountsInSubscription.Count -ge $accountsInResourceGroup.Count}\r\n    \r\n\t\t$found = 0\r\n\t\tfor ($i = 0; $i -lt $accountsInSubscription.Count; $i++)\r\n\t\t{\r\n\t\t\tif ($accountsInSubscription[$i].Name -eq $accountName)\r\n\t\t\t{\r\n\t\t\t\t$found = 1\r\n\t\t\t\tAssert-AreEqual $location $accountsInSubscription[$i].Location\r\n\t\t\t\tAssert-AreEqual \"Microsoft.DataLakeStore/accounts\" $accountsInSubscription[$i].Type\r\n\t\t\t\tAssert-True {$accountsInSubscription[$i].Id -like \"*$resourceGroupName*\"}\r\n    \r\n\t\t\t\tbreak\r\n\t\t\t}\r\n\t\t}\r\n\t\tAssert-True {$found -eq 1} \"Account created earlier is not found when listing all in subscription.\"\r\n\r\n\t\t# Test creation of a new account without specifying encryption and ensure it is still ServiceManaged.\r\n\t\t$secondAccountName = Get-DataLakeStoreAccountName\r\n\t\t$accountCreated = New-AzureRMDataLakeStoreAccount -ResourceGroupName $resourceGroupName -Name $secondAccountName -Location $location\r\n\t\tAssert-True {$accountCreated.EncryptionConfig -ne $null}\r\n\t\tAssert-AreEqual \"ServiceManaged\" $accountCreated.EncryptionConfig.Type\r\n\r\n\t\t# Create an account with no encryption explicitly.\r\n\t\t$thirdAccountName = Get-DataLakeStoreAccountName\r\n\t\t$accountCreated = New-AzureRMDataLakeStoreAccount -ResourceGroupName $resourceGroupName -Name $thirdAccountName -Location $location -DisableEncryption\r\n\t\tAssert-True {[string]::IsNullOrEmpty(($accountCreated.EncryptionConfig.Type))}\r\n\t\tAssert-AreEqual \"Disabled\" $accountCreated.EncryptionState\r\n\r\n\t\t# Delete Data Lake account\r\n\t\tAssert-True {Remove-AzureRMDataLakeStoreAccount -ResourceGroupName $resourceGroupName -Name $accountName -Force -PassThru} \"Remove Account failed.\"\r\n\r\n\t\t# Verify that it is gone by trying to get it again\r\n\t\tAssert-Throws {Get-AzureRMDataLakeStoreAccount -ResourceGroupName $resourceGroupName -Name $accountName}\r\n\t}\r\n\tfinally\r\n\t{\r\n\t\t# cleanup the resource group that was used in case it still exists. This is a best effort task, we ignore failures here.\r\n\t\tInvoke-HandledCmdlet -Command {Remove-AzureRMDataLakeStoreAccount -ResourceGroupName $resourceGroupName -Name $accountName -Force -ErrorAction SilentlyContinue} -IgnoreFailures\r\n\t\tInvoke-HandledCmdlet -Command {Remove-AzureRMDataLakeStoreAccount -ResourceGroupName $resourceGroupName -Name $secondAccountName -Force -ErrorAction SilentlyContinue} -IgnoreFailures\r\n\t\tInvoke-HandledCmdlet -Command {Remove-AzureRMDataLakeStoreAccount -ResourceGroupName $resourceGroupName -Name $thirdAccountName -Force -ErrorAction SilentlyContinue} -IgnoreFailures\r\n\t\tInvoke-HandledCmdlet -Command {Remove-AzureRmResourceGroup -Name $resourceGroupName -Force -ErrorAction SilentlyContinue} -IgnoreFailures\r\n\t}\r\n}\r\n<#\r\n.SYNOPSIS\r\nTests DataLakeStore filesystem operations (Create, append, get, delete, read, etc.).\r\n#>\r\nfunction Test-DataLakeStoreFileSystem\r\n{\r\n\tparam\r\n\t(\r\n\t\t$fileToCopy,\r\n\t\t$location = \"West US\"\r\n\t)\r\n\r\n\ttry\r\n\t{\r\n\t\t# Creating Account\r\n\t\t$resourceGroupName = Get-ResourceGroupName\r\n\t\t$accountName = Get-DataLakeStoreAccountName\r\n\t\tNew-AzureRmResourceGroup -Name $resourceGroupName -Location $location\r\n\t\t$accountCreated = New-AzureRMDataLakeStoreAccount -ResourceGroupName $resourceGroupName -Name $accountName -Location $location\r\n    \r\n\t\tAssert-AreEqual $accountName $accountCreated.Name\r\n\t\tAssert-AreEqual $location $accountCreated.Location\r\n\t\tAssert-AreEqual \"Microsoft.DataLakeStore/accounts\" $accountCreated.Type\r\n\t\tAssert-True {$accountCreated.Id -like \"*$resourceGroupName*\"}\r\n\r\n\t\t# In loop to check if account exists\r\n\t\tfor ($i = 0; $i -le 60; $i++)\r\n\t\t{\r\n\t\t\t[array]$accountGet = Get-AzureRMDataLakeStoreAccount -ResourceGroupName $resourceGroupName -Name $accountName\r\n\t\t\tif ($accountGet[0].Properties.ProvisioningState -like \"Succeeded\")\r\n\t\t\t{\r\n\t\t\t\tAssert-AreEqual $accountName $accountGet[0].Name\r\n\t\t\t\tAssert-AreEqual $location $accountGet[0].Location\r\n\t\t\t\tAssert-AreEqual \"Microsoft.DataLakeStore/accounts\" $accountGet[0].Type\r\n\t\t\t\tAssert-True {$accountGet[0].Id -like \"*$resourceGroupName*\"}\r\n\t\t\t\tbreak\r\n\t\t\t}\r\n\r\n\t\t\tWrite-Host \"account not yet provisioned. current state: $($accountGet[0].Properties.ProvisioningState)\"\r\n\t\t\t[Microsoft.WindowsAzure.Commands.Utilities.Common.TestMockSupport]::Delay(30000)\r\n\t\t\tAssert-False {$i -eq 60} \" Data Lake Store account is not in succeeded state even after 30 min.\"\r\n\t\t}\r\n\r\n\t\t# define all the files and folders to create\r\n\t\t$folderToCreate = \"/adlspstestfolder\"\r\n\t\t$emptyFilePath = \"$folderToCreate\\emptyfile.txt\" # have one where the slash is in the wrong direction to make sure they get fixed.\r\n\t\t$contentFilePath = \"$folderToCreate/contentfile.txt\"\r\n\t\t$concatFile = \"$folderToCreate/concatfile.txt\"\r\n\t\t$moveFile = \"$folderToCreate/movefile.txt\"\r\n\t\t$movefolder = \"/adlspstestmovefolder\"\r\n\t\t$importFile = \"$folderToCreate/importfile.txt\"\r\n\t\t$content = \"Test file content! @ Azure PsTest01?\"\r\n\t\r\n\r\n\t\t# Create and get Empty folder\r\n\t\t$result = New-AzureRMDataLakeStoreItem -Account $accountName -path $folderToCreate -Folder\r\n\t\tAssert-NotNull $result \"No value was returned on folder creation\"\r\n\t\t$result = Get-AzureRMDataLakeStoreItem -Account $accountName -path $folderToCreate\r\n\t\tAssert-NotNull $result \"No value was returned on folder get\"\r\n\t\tAssert-AreEqual \"Directory\" $result.Type\r\n\t\t# Create and get Empty File\r\n\t\t$result = New-AzureRMDataLakeStoreItem -Account $accountName -path $emptyFilePath\r\n\t\tAssert-NotNull $result \"No value was returned on empty file creation\"\r\n\t\t$result = Get-AzureRMDataLakeStoreItem -Account $accountName -path $emptyFilePath\r\n\t\tAssert-NotNull $result \"No value was returned on empty file get\"\r\n\t\tAssert-AreEqual \"File\" $result.Type\r\n\t\tAssert-AreEqual 0 $result.Length\r\n\t\t# Create and get file with content\r\n\t\t$result = New-AzureRMDataLakeStoreItem -Account $accountName -path $contentFilePath -Value $content\r\n\t\tAssert-NotNull $result \"No value was returned on content file creation\"\r\n\t\t$result = Get-AzureRMDataLakeStoreItem -Account $accountName -path $contentFilePath\r\n\t\tAssert-NotNull $result \"No value was returned on content file get\"\r\n\t\tAssert-AreEqual \"File\" $result.Type\r\n\t\tAssert-AreEqual $content.length $result.Length\r\n\t\t# set and validate expiration for a file\r\n\t\tAssert-True {253402300800000 -ge $result.ExpirationTime -or 0 -le $result.ExpirationTime} # validate that expiration is currently max value\r\n\t\t[DateTimeOffset]$timeToUse = [Microsoft.Azure.Test.HttpRecorder.HttpMockServer]::GetVariable(\"absoluteTime\", [DateTimeOffset]::UtcNow.AddSeconds(120))\r\n\t\t$result = Set-AzureRmDataLakeStoreItemExpiry -Account $accountName -path $contentFilePath -Expiration $timeToUse\r\n\t\tAssert-AreEqual $timeToUse.UtcTicks $result.Expiration.UtcTicks\r\n\t\t# set it back to \"never expire\"\r\n\t\t$result = Set-AzureRmDataLakeStoreItemExpiry -Account $accountName -path $contentFilePath\r\n\t\tAssert-True {253402300800000 -ge $result.ExpirationTime -or 0 -le $result.ExpirationTime} # validate that expiration is currently max value\r\n\t\t# list files\r\n\t\t$result = Get-AzureRMDataLakeStoreChildItem -Account $accountName -path $folderToCreate\r\n\t\tAssert-NotNull $result \"No value was returned on folder list\"\r\n\t\tAssert-AreEqual 2 $result.length\r\n\t\t# add content to empty file\r\n\t\tAdd-AzureRMDataLakeStoreItemContent -Account $accountName -Path $emptyFilePath -Value $content\r\n\t\t$result = Get-AzureRMDataLakeStoreItem -Account $accountName -path $emptyFilePath\r\n\t\tAssert-NotNull $result \"No value was returned on empty file get with content added\"\r\n\t\tAssert-AreEqual \"File\" $result.Type\r\n\t\tAssert-AreEqual $content.length $result.Length\r\n\t\t# concat files\r\n\t\t$result = Join-AzureRMDataLakeStoreItem -Account $accountName -Paths $emptyFilePath,$contentFilePath -Destination $concatFile\r\n\t\tAssert-NotNull $result \"No value was returned on concat file\"\r\n\t\t$result = Get-AzureRMDataLakeStoreItem -Account $accountName -path $concatFile\r\n\t\tAssert-NotNull $result \"No value was returned on concat file get\"\r\n\t\tAssert-AreEqual \"File\" $result.Type\r\n\t\tAssert-AreEqual $($content.length*2) $result.Length\r\n\t\r\n\t\t# Preview content from the file\r\n\t\t$previewContent = Get-AzureRMDataLakeStoreItemContent -Account $accountName -Path $concatFile\r\n\t\tAssert-AreEqual $($content.length*2) $previewContent.Length\r\n\r\n\t\t# Preview a subset of the content\r\n\t\t$previewContent = Get-AzureRMDataLakeStoreItemContent -Account $accountName -Path $concatFile -Offset 2\r\n\t\tAssert-AreEqual $(($content.length*2) - 2) $previewContent.Length\r\n\r\n\t\t# Preview a subset with a specific length\r\n\t\t$previewContent = Get-AzureRMDataLakeStoreItemContent -Account $accountName -Path $concatFile -Offset 2 -Length $content.Length\r\n\t\tAssert-AreEqual $content.length $previewContent.Length\r\n\r\n\t\t# Import and get file\r\n\t\t$localFileInfo = Get-ChildItem $fileToCopy\r\n\t\t$result = Import-AzureRMDataLakeStoreItem -Account $accountName -Path $fileToCopy -Destination $importFile\r\n\t\tAssert-NotNull $result \"No value was returned on import file\"\r\n\t\t$result = Get-AzureRMDataLakeStoreItem -Account $accountName -path $importFile\r\n\t\tAssert-NotNull $result \"No value was returned on import file get\"\r\n\t\tAssert-AreEqual \"File\" $result.Type\r\n\t\tAssert-AreEqual $localFileInfo.length $result.Length\r\n\t\t# download file\r\n\t\t$currentDir = Split-Path $fileToCopy\r\n\t\t$targetFile = Join-Path $currentDir \"adlspstestdownload.txt\"\r\n\t\tif(Test-Path $targetFile)\r\n\t\t{\r\n\t\t\tRemove-Item -path $targetFile -force -confirm:$false\r\n\t\t}\r\n\r\n\t\tExport-AzureRMDataLakeStoreItem -Account $accountName -Path $concatFile -Destination $targetFile\r\n\t\t$downloadedFileInfo = Get-ChildItem $targetFile\r\n\t\tAssert-AreEqual $($content.length*2) $downloadedFileInfo.length\r\n\t\tRemove-Item -path $targetFile -force -confirm:$false\r\n\r\n\t\t# move a file\r\n\t\t$result = Move-AzureRMDataLakeStoreItem -Account $accountName -Path $concatFile -Destination $moveFile\r\n\t\tAssert-NotNull $result \"No value was returned on move file\"\r\n\t\t$result = Get-AzureRMDataLakeStoreItem -Account $accountName -path $moveFile\r\n\t\tAssert-NotNull $result \"No value was returned on move file get\"\r\n\t\tAssert-AreEqual \"File\" $result.Type\r\n\t\tAssert-AreEqual $($content.length*2) $result.Length\r\n\t\tAssert-Throws {Get-AzureRMDataLakeStoreItem -Account $accountName -path $concatFile}\r\n\t\t# move a folder\r\n\t\t$result = Move-AzureRMDataLakeStoreItem -Account $accountName -Path $folderToCreate -Destination $moveFolder\r\n\t\tAssert-NotNull $result \"No value was returned on move folder\"\r\n\t\t$result = Get-AzureRMDataLakeStoreItem -Account $accountName -path $moveFolder\r\n\t\tAssert-NotNull $result \"No value was returned on move folder get\"\r\n\t\tAssert-AreEqual \"Directory\" $result.Type\r\n\t\tAssert-AreEqual 0 $result.Length\r\n\t\tAssert-Throws {Get-AzureRMDataLakeStoreItem -Account $accountName -path $folderToCreate}\r\n\t\t# delete a file\r\n\t\tAssert-True {Remove-AzureRMDataLakeStoreItem -Account $accountName -paths \"$moveFolder/movefile.txt\" -force -passthru } \"Remove File Failed\"\r\n\t\tAssert-Throws {Get-AzureRMDataLakeStoreItem -Account $accountName -path $moveFile}\r\n\t\t# delete a folder\r\n\t\tAssert-True {Remove-AzureRMDataLakeStoreItem -Account $accountName -paths $moveFolder -force -recurse -passthru} \"Remove folder failed\"\r\n\t\tAssert-Throws {Get-AzureRMDataLakeStoreItem -Account $accountName -path $moveFolder}\r\n    \r\n\t\t# Delete Data Lake account\r\n\t\tAssert-True {Remove-AzureRMDataLakeStoreAccount -ResourceGroupName $resourceGroupName -Name $accountName -Force -PassThru} \"Remove Account failed.\"\r\n\r\n\t\t# Verify that it is gone by trying to get it again\r\n\t\tAssert-Throws {Get-AzureRMDataLakeStoreAccount -ResourceGroupName $resourceGroupName -Name $accountName}\r\n\t}\r\n\tfinally\r\n\t{\r\n\t\t# cleanup the resource group that was used in case it still exists. This is a best effort task, we ignore failures here.\r\n\t\tInvoke-HandledCmdlet -Command {Remove-AzureRMDataLakeStoreAccount -ResourceGroupName $resourceGroupName -Name $accountName -Force -ErrorAction SilentlyContinue} -IgnoreFailures\r\n\t\tInvoke-HandledCmdlet -Command {Remove-AzureRmResourceGroup -Name $resourceGroupName -Force -ErrorAction SilentlyContinue} -IgnoreFailures\r\n\t}\r\n}\r\n\r\n<#\r\n.SYNOPSIS\r\nTests DataLakeStore filesystem permissions operations (Create, Update, Get, List, Delete).\r\n#>\r\nfunction Test-DataLakeStoreFileSystemPermissions\r\n{\r\n\tparam\r\n\t(\r\n\t\t$location = \"West US\"\r\n\t)\r\n\r\n\ttry\r\n\t{\r\n\t\t# Creating Account\r\n\t\t$resourceGroupName = Get-ResourceGroupName\r\n\t\t$accountName = Get-DataLakeStoreAccountName\r\n\t\tNew-AzureRmResourceGroup -Name $resourceGroupName -Location $location\r\n\t\t$accountCreated = New-AzureRMDataLakeStoreAccount -ResourceGroupName $resourceGroupName -Name $accountName -Location $location\r\n    \r\n\t\tAssert-AreEqual $accountName $accountCreated.Name\r\n\t\tAssert-AreEqual $location $accountCreated.Location\r\n\t\tAssert-AreEqual \"Microsoft.DataLakeStore/accounts\" $accountCreated.Type\r\n\t\tAssert-True {$accountCreated.Id -like \"*$resourceGroupName*\"}\r\n\r\n\t\t# In loop to check if account exists\r\n\t\tfor ($i = 0; $i -le 60; $i++)\r\n\t\t{\r\n\t\t\t[array]$accountGet = Get-AzureRMDataLakeStoreAccount -ResourceGroupName $resourceGroupName -Name $accountName\r\n\t\t\tif ($accountGet[0].Properties.ProvisioningState -like \"Succeeded\")\r\n\t\t\t{\r\n\t\t\t\tAssert-AreEqual $accountName $accountGet[0].Name\r\n\t\t\t\tAssert-AreEqual $location $accountGet[0].Location\r\n\t\t\t\tAssert-AreEqual \"Microsoft.DataLakeStore/accounts\" $accountGet[0].Type\r\n\t\t\t\tAssert-True {$accountGet[0].Id -like \"*$resourceGroupName*\"}\r\n\t\t\t\tbreak\r\n\t\t\t}\r\n\r\n\t\t\tWrite-Host \"account not yet provisioned. current state: $($accountGet[0].Properties.ProvisioningState)\"\r\n\t\t\t[Microsoft.WindowsAzure.Commands.Utilities.Common.TestMockSupport]::Delay(30000)\r\n\t\t\tAssert-False {$i -eq 60} \" Data Lake Store account is not in succeeded state even after 30 min.\"\r\n\t\t}\r\n\r\n\t\t# define the permissions to add/remove\r\n\t\t$aceUserId = \"027c28d5-c91d-49f0-98c5-d10134b169b3\"\r\n\r\n\t\t# Set and get all the permissions\r\n\t\t$result = Get-AzureRMDataLakeStoreItemAclEntry -Account $accountName -path \"/\"\r\n\t\tAssert-NotNull $result \"Did not get any result from ACL get\" \r\n\t\tAssert-True {$result.Count -ge 0} \"UserAces is negative or null\"\r\n \t\t$currentCount = $result.Count\r\n \t\t$result.Add(\"user:$aceUserId`:rwx\")\r\n \t\t$toRemove = $result[$result.Count -1]\r\n\t\tAssert-AreEqual $aceUserId $toRemove.Id\r\n\r\n\t\tSet-AzureRMDataLakeStoreItemAcl -Account $accountName -path \"/\" -Acl $result\r\n\t\t$result = Get-AzureRMDataLakeStoreItemAclEntry -Account $accountName -path \"/\"\r\n\t\t\r\n\t\tAssert-AreEqual $($currentCount+1) $result.Count\r\n \t\t$found = $false\r\n \t\tfor($i = 0; $i -lt $result.Count; $i++)\r\n \t\t{\r\n \t\t\tif($result[$i].Id -like $aceUserId)\r\n \t\t\t{\r\n \t\t\t\t$found = $true\r\n \t\t\t\t$result.RemoveAt($i)\r\n \t\t\t\tbreak\r\n \t\t\t}\r\n \t\t}\r\n \r\n \t\tAssert-True { $found } \"Failed to remove the element: $($toRemove.Entry)\"\r\n\r\n\t\t# remove the account\r\n\t\tSet-AzureRMDataLakeStoreItemAcl -Account $accountName -path \"/\" -Acl $result\r\n\t\t$result = Get-AzureRMDataLakeStoreItemAclEntry -Account $accountName -path \"/\"\r\n\r\n\t\tAssert-AreEqual $($currentCount) $result.Count\r\n\r\n\t\t# Set and get a specific permission with friendly sets\r\n\t\tSet-AzureRMDataLakeStoreItemAclEntry -Account $accountName -path \"/\" -AceType User -Id $aceUserId -Permissions All\r\n\t\t$result = Get-AzureRMDataLakeStoreItemAclEntry -Account $accountName -path \"/\"\r\n\t\tAssert-AreEqual $($currentCount+1) $result.Count\r\n\t\t# remove a specific permission with friendly remove\r\n\t\tRemove-AzureRMDataLakeStoreItemAclEntry -Account $accountName -path \"/\" -AceType User -Id $aceUserId\r\n\t\t$result = Get-AzureRMDataLakeStoreItemAclEntry -Account $accountName -path \"/\"\r\n\t\tAssert-AreEqual $($currentCount) $result.Count\r\n\t\t# set and get a specific permission with the ACE string\r\n\t\tSet-AzureRMDataLakeStoreItemAclEntry -Account $accountName -path \"/\" -Acl $([string]::Format(\"user:{0}:rwx\", $aceUserId))\r\n\t\t$result = Get-AzureRMDataLakeStoreItemAclEntry -Account $accountName -path \"/\"\r\n\t\tAssert-AreEqual $($currentCount+1) $result.Count\r\n\t\t# remove a specific permission with the ACE string\r\n\t\tRemove-AzureRMDataLakeStoreItemAclEntry -Account $accountName -path \"/\" -Acl $([string]::Format(\"user:{0}:---\", $aceUserId))\r\n\t\t$result = Get-AzureRMDataLakeStoreItemAclEntry -Account $accountName -path \"/\"\r\n\t\tAssert-AreEqual $($currentCount) $result.Count\r\n\r\n\t\t# Validate full ACL removal\r\n\t\tRemove-AzureRMDataLakeStoreItemAcl -Account $accountName -Path \"/\" -Force -Default\r\n\t\t$result = Get-AzureRMDataLakeStoreItemAclEntry -Account $accountName -path \"/\"\r\n\t\tAssert-AreEqual 4 $result.Count\r\n\t\tRemove-AzureRMDataLakeStoreItemAcl -Account $accountName -Path \"/\" -Force\r\n\t\t$result = Get-AzureRMDataLakeStoreItemAclEntry -Account $accountName -path \"/\"\r\n\t\tAssert-AreEqual 3 $result.Count\r\n\r\n\t\t# validate permissions\r\n\t\t$permission = Get-AzureRMDataLakeStoreItemPermission -Account $accountName -path \"/\"\r\n\t\tAssert-AreEqual 770 $permission\r\n\t\tSet-AzureRMDataLakeStoreItemPermission -Account $accountName -path \"/\" -Permission 777 | Out-Null\r\n\t\t$permission = Get-AzureRMDataLakeStoreItemPermission -Account $accountName -path \"/\"\r\n\t\tAssert-AreEqual 777 $permission\r\n\r\n\t\t# Delete Data Lake account\r\n\t\tAssert-True {Remove-AzureRMDataLakeStoreAccount -ResourceGroupName $resourceGroupName -Name $accountName -Force -PassThru} \"Remove Account failed.\"\r\n\r\n\t\t# Verify that it is gone by trying to get it again\r\n\t\tAssert-Throws {Get-AzureRMDataLakeStoreAccount -ResourceGroupName $resourceGroupName -Name $accountName}\r\n\t}\r\n\tfinally\r\n\t{\r\n\t\t# cleanup the resource group that was used in case it still exists. This is a best effort task, we ignore failures here.\r\n\t\tInvoke-HandledCmdlet -Command {Remove-AzureRMDataLakeStoreAccount -ResourceGroupName $resourceGroupName -Name $accountName -Force -ErrorAction SilentlyContinue} -IgnoreFailures\r\n\t\tInvoke-HandledCmdlet -Command {Remove-AzureRmResourceGroup -Name $resourceGroupName -Force -ErrorAction SilentlyContinue} -IgnoreFailures\r\n\t}\r\n}\r\n\r\n<#\r\n.SYNOPSIS\r\nTests DataLakeStore Account Lifecycle Failure scenarios (Create, Update, Get, Delete).\r\n#>\r\nfunction Test-NegativeDataLakeStoreAccount\r\n{\r\n    param\r\n\t(\r\n\t\t$location = \"West US\",\r\n\t\t$fakeaccountName = \"psfakedataLakeaccounttest\"\r\n\t)\r\n\t\r\n\ttry\r\n\t{\r\n\t\t# Creating Account\r\n\t\t$resourceGroupName = Get-ResourceGroupName\r\n\t\t$accountName = Get-DataLakeStoreAccountName\r\n\t\tNew-AzureRmResourceGroup -Name $resourceGroupName -Location $location\r\n\t\t$accountCreated = New-AzureRMDataLakeStoreAccount -ResourceGroupName $resourceGroupName -Name $accountName -Location $location\r\n    \r\n\t\tAssert-AreEqual $accountName $accountCreated.Name\r\n\t\tAssert-AreEqual $location $accountCreated.Location\r\n\t\tAssert-AreEqual \"Microsoft.DataLakeStore/accounts\" $accountCreated.Type\r\n\t\tAssert-True {$accountCreated.Id -like \"*$resourceGroupName*\"}\r\n\r\n\t\t# In loop to check if account exists\r\n\t\tfor ($i = 0; $i -le 60; $i++)\r\n\t\t{\r\n        \r\n\t\t\t[array]$accountGet = Get-AzureRMDataLakeStoreAccount -ResourceGroupName $resourceGroupName -Name $accountName\r\n\t\t\tif ($accountGet[0].Properties.ProvisioningState -like \"Succeeded\")\r\n\t\t\t{\r\n\t\t\t\tAssert-AreEqual $accountName $accountGet[0].Name\r\n\t\t\t\tAssert-AreEqual $location $accountGet[0].Location\r\n\t\t\t\tAssert-AreEqual \"Microsoft.DataLakeStore/accounts\" $accountGet[0].Type\r\n\t\t\t\tAssert-True {$accountGet[0].Id -like \"*$resourceGroupName*\"}\r\n\t\t\t\tbreak\r\n\t\t\t}\r\n\r\n\t\t\tWrite-Host \"account not yet provisioned. current state: $($accountGet[0].Properties.ProvisioningState)\"\r\n\t\t\t[Microsoft.WindowsAzure.Commands.Utilities.Common.TestMockSupport]::Delay(30000)\r\n\t\t\tAssert-False {$i -eq 60} \" Data Lake Store account not in succeeded state even after 30 min.\"\r\n\t\t}\r\n\r\n\t\t# attempt to recreate the already created account\r\n\t\tAssert-Throws {New-AzureRMDataLakeStoreAccount -ResourceGroupName $resourceGroupName -Name $accountName -Location $location}\r\n\r\n\t\t# attempt to update a non-existent account\r\n\t\t$tagsToUpdate = @{\"TestTag\" = \"TestUpdate\"}\r\n\t\tAssert-Throws {Set-AzureRMDataLakeStoreAccount -ResourceGroupName $resourceGroupName -Name $fakeaccountName -Tags $tagsToUpdate}\r\n\r\n\t\t# attempt to get a non-existent account\r\n\t\tAssert-Throws {Get-AzureRMDataLakeStoreAccount -ResourceGroupName $resourceGroupName -Name $fakeaccountName}\r\n\r\n\t\t# Delete Data Lake account\r\n\t\tAssert-True {Remove-AzureRMDataLakeStoreAccount -ResourceGroupName $resourceGroupName -Name $accountName -Force -PassThru} \"Remove Account failed.\"\r\n\r\n\t\t# Delete Data Lake account again should throw.\r\n\t\tAssert-Throws {Remove-AzureRMDataLakeStoreAccount -ResourceGroupName $resourceGroupName -Name $accountName -Force -PassThru}\r\n\r\n\t\t# Verify that it is gone by trying to get it again\r\n\t\tAssert-Throws {Get-AzureRMDataLakeStoreAccount -ResourceGroupName $resourceGroupName -Name $accountName}\r\n\t}\r\n\tfinally\r\n\t{\r\n\t\t# cleanup the resource group that was used in case it still exists. This is a best effort task, we ignore failures here.\r\n\t\tInvoke-HandledCmdlet -Command {Remove-AzureRMDataLakeStoreAccount -ResourceGroupName $resourceGroupName -Name $accountName -Force -ErrorAction SilentlyContinue} -IgnoreFailures\r\n\t\tInvoke-HandledCmdlet -Command {Remove-AzureRmResourceGroup -Name $resourceGroupName -Force -ErrorAction SilentlyContinue} -IgnoreFailures\r\n\t}\r\n",
      "RequestHeaders": {
        "Content-Type": [
          "application/octet-stream"
        ],
        "Content-Length": [
          "34688"
        ],
        "x-ms-client-request-id": [
          "41046b87-5bcd-45d2-8e93-c2ce7f2cd0ff"
        ],
        "accept-language": [
          "en-US"
        ],
        "User-Agent": [
          "FxVersion/4.6.1586.0",
          "OSName/Windows_10_Enterprise",
          "OSVersion/6.3.14393",
          "Microsoft.Azure.Management.DataLake.Store.DataLakeStoreFileSystemManagementClient/2.0.1-preview"
        ]
      },
      "ResponseBody": "",
      "ResponseHeaders": {
        "Content-Length": [
          "0"
        ],
        "Expires": [
          "-1"
        ],
        "Pragma": [
          "no-cache"
        ],
        "x-ms-request-id": [
          "533de6ca-d753-40f4-ae3b-996b30ca1682"
        ],
        "ContentLength": [
          "0"
        ],
        "x-ms-webhdfs-version": [
          "16.12.19.00"
        ],
        "Status": [
          "0x0"
        ],
        "X-Content-Type-Options": [
          "nosniff"
        ],
        "Strict-Transport-Security": [
          "max-age=15724800; includeSubDomains"
        ],
        "Cache-Control": [
          "no-store, no-cache, max-age=0"
        ],
        "Date": [
          "Tue, 14 Feb 2017 22:39:39 GMT"
        ],
        "Location": [
          "https://onesdk4672.caboaccountdogfood.net/webhdfs/v1/adlspstestfolder/importfile.txt?overwrite=true&op=CREATE&write=true&api-version=2016-11-01"
        ]
      },
      "StatusCode": 201
    },
    {
      "RequestUri": "/webhdfs/v1/adlspstestfolder%2Fimportfile.txt?offset=34688&op=APPEND&append=true&api-version=2016-11-01",
      "EncodedRequestUri": "L3dlYmhkZnMvdjEvYWRsc3BzdGVzdGZvbGRlciUyRmltcG9ydGZpbGUudHh0P29mZnNldD0zNDY4OCZvcD1BUFBFTkQmYXBwZW5kPXRydWUmYXBpLXZlcnNpb249MjAxNi0xMS0wMQ==",
      "RequestMethod": "POST",
      "RequestBody": "}",
      "RequestHeaders": {
        "Content-Type": [
          "application/octet-stream"
        ],
        "Content-Length": [
          "1"
        ],
        "x-ms-client-request-id": [
          "19e865b0-e385-4405-8438-7fef5bb5e63c"
        ],
        "accept-language": [
          "en-US"
        ],
        "User-Agent": [
          "FxVersion/4.6.1586.0",
          "OSName/Windows_10_Enterprise",
          "OSVersion/6.3.14393",
          "Microsoft.Azure.Management.DataLake.Store.DataLakeStoreFileSystemManagementClient/2.0.1-preview"
        ]
      },
      "ResponseBody": "",
      "ResponseHeaders": {
        "Content-Length": [
          "0"
        ],
        "Expires": [
          "-1"
        ],
        "Pragma": [
          "no-cache"
        ],
        "x-ms-request-id": [
          "aaf1acb4-7349-4ac2-b3ea-c81ef45a279a"
        ],
        "x-ms-webhdfs-version": [
          "16.12.19.00"
        ],
        "Status": [
          "0x0"
        ],
        "X-Content-Type-Options": [
          "nosniff"
        ],
        "Strict-Transport-Security": [
          "max-age=15724800; includeSubDomains"
        ],
        "Cache-Control": [
          "no-store, no-cache, max-age=0"
        ],
        "Date": [
          "Tue, 14 Feb 2017 22:39:39 GMT"
        ]
      },
      "StatusCode": 200
    },
    {
      "RequestUri": "/webhdfs/v1/adlspstestfolder%2Fconcatfile.txt?destination=adlspstestfolder%2Fmovefile.txt&op=RENAME&api-version=2016-11-01",
      "EncodedRequestUri": "L3dlYmhkZnMvdjEvYWRsc3BzdGVzdGZvbGRlciUyRmNvbmNhdGZpbGUudHh0P2Rlc3RpbmF0aW9uPWFkbHNwc3Rlc3Rmb2xkZXIlMkZtb3ZlZmlsZS50eHQmb3A9UkVOQU1FJmFwaS12ZXJzaW9uPTIwMTYtMTEtMDE=",
      "RequestMethod": "PUT",
      "RequestBody": "",
      "RequestHeaders": {
        "x-ms-client-request-id": [
          "08868ebb-73fa-4dda-93a2-e2b10a1a8002"
        ],
        "accept-language": [
          "en-US"
        ],
        "User-Agent": [
          "FxVersion/4.6.1586.0",
          "OSName/Windows_10_Enterprise",
          "OSVersion/6.3.14393",
          "Microsoft.Azure.Management.DataLake.Store.DataLakeStoreFileSystemManagementClient/2.0.1-preview"
        ]
      },
      "ResponseBody": "{\r\n  \"boolean\": true\r\n}",
      "ResponseHeaders": {
        "Content-Length": [
          "16"
        ],
        "Content-Type": [
          "application/json; charset=utf-8"
        ],
        "Expires": [
          "-1"
        ],
        "Pragma": [
          "no-cache"
        ],
        "x-ms-request-id": [
          "c3187c02-0b51-48bd-bcda-586c6703cb61"
        ],
        "x-ms-webhdfs-version": [
          "16.12.19.00"
        ],
        "Status": [
          "0x0"
        ],
        "X-Content-Type-Options": [
          "nosniff"
        ],
        "Strict-Transport-Security": [
          "max-age=15724800; includeSubDomains"
        ],
        "Cache-Control": [
          "no-store, no-cache, max-age=0"
        ],
        "Date": [
          "Tue, 14 Feb 2017 22:39:41 GMT"
        ]
      },
      "StatusCode": 200
    },
    {
      "RequestUri": "/webhdfs/v1/adlspstestfolder%2Fmovefile.txt?op=MSGETFILESTATUS&api-version=2016-11-01",
      "EncodedRequestUri": "L3dlYmhkZnMvdjEvYWRsc3BzdGVzdGZvbGRlciUyRm1vdmVmaWxlLnR4dD9vcD1NU0dFVEZJTEVTVEFUVVMmYXBpLXZlcnNpb249MjAxNi0xMS0wMQ==",
      "RequestMethod": "GET",
      "RequestBody": "",
      "RequestHeaders": {
        "x-ms-client-request-id": [
          "727c2b73-f9d1-46eb-a183-93c1e38519d8"
        ],
        "accept-language": [
          "en-US"
        ],
        "User-Agent": [
          "FxVersion/4.6.1586.0",
          "OSName/Windows_10_Enterprise",
          "OSVersion/6.3.14393",
          "Microsoft.Azure.Management.DataLake.Store.DataLakeStoreFileSystemManagementClient/2.0.1-preview"
        ]
      },
      "ResponseBody": "{\r\n  \"FileStatus\": {\r\n    \"length\": 72,\r\n    \"pathSuffix\": \"\",\r\n    \"type\": \"FILE\",\r\n    \"blockSize\": 268435456,\r\n    \"accessTime\": 1487111977451,\r\n    \"modificationTime\": 1487111977483,\r\n    \"replication\": 1,\r\n    \"permission\": \"770\",\r\n    \"owner\": \"6c239a52-63a0-4219-bcdc-c1ce354f95d4\",\r\n    \"group\": \"6c239a52-63a0-4219-bcdc-c1ce354f95d4\",\r\n    \"expirationTime\": 0,\r\n    \"msExpirationTime\": 0,\r\n    \"aclBit\": false\r\n  }\r\n}",
      "ResponseHeaders": {
        "Content-Length": [
          "324"
        ],
        "Content-Type": [
          "application/json; charset=utf-8"
        ],
        "Expires": [
          "-1"
        ],
        "Pragma": [
          "no-cache"
        ],
        "x-ms-request-id": [
          "499e3f2f-27f0-4b50-b2bf-03b9dca1b118"
        ],
        "x-ms-webhdfs-version": [
          "16.12.19.00"
        ],
        "Status": [
          "0x0"
        ],
        "X-Content-Type-Options": [
          "nosniff"
        ],
        "Strict-Transport-Security": [
          "max-age=15724800; includeSubDomains"
        ],
        "Cache-Control": [
          "no-store, no-cache, max-age=0"
        ],
        "Date": [
          "Tue, 14 Feb 2017 22:39:41 GMT"
        ]
      },
      "StatusCode": 200
    },
    {
      "RequestUri": "/webhdfs/v1/adlspstestfolder%2Fmovefile.txt?op=MSGETFILESTATUS&api-version=2016-11-01",
      "EncodedRequestUri": "L3dlYmhkZnMvdjEvYWRsc3BzdGVzdGZvbGRlciUyRm1vdmVmaWxlLnR4dD9vcD1NU0dFVEZJTEVTVEFUVVMmYXBpLXZlcnNpb249MjAxNi0xMS0wMQ==",
      "RequestMethod": "GET",
      "RequestBody": "",
      "RequestHeaders": {
        "x-ms-client-request-id": [
          "168d35e3-ec22-4ba4-b538-9ee13491532b"
        ],
        "accept-language": [
          "en-US"
        ],
        "User-Agent": [
          "FxVersion/4.6.1586.0",
          "OSName/Windows_10_Enterprise",
          "OSVersion/6.3.14393",
          "Microsoft.Azure.Management.DataLake.Store.DataLakeStoreFileSystemManagementClient/2.0.1-preview"
        ]
      },
      "ResponseBody": "{\r\n  \"RemoteException\": {\r\n    \"exception\": \"FileNotFoundException\",\r\n    \"message\": \"File/Folder does not exist: /adlspstestfolder/movefile.txt [83007cb0-5b5a-4d14-b2ff-08955c09fcdf][2017-02-14T14:39:42.1064464-08:00]\",\r\n    \"javaClassName\": \"java.io.FileNotFoundException\"\r\n  }\r\n}",
      "ResponseHeaders": {
        "Content-Length": [
          "250"
        ],
        "Content-Type": [
          "application/json; charset=utf-8"
        ],
        "Expires": [
          "-1"
        ],
        "Pragma": [
          "no-cache"
        ],
        "x-ms-request-id": [
          "83007cb0-5b5a-4d14-b2ff-08955c09fcdf"
        ],
        "x-ms-webhdfs-version": [
          "16.12.19.00"
        ],
        "Status": [
          "0x8309000A"
        ],
        "X-Content-Type-Options": [
          "nosniff"
        ],
        "Strict-Transport-Security": [
          "max-age=15724800; includeSubDomains"
        ],
        "Cache-Control": [
          "no-store, no-cache, max-age=0"
        ],
        "Date": [
          "Tue, 14 Feb 2017 22:39:41 GMT"
        ]
      },
      "StatusCode": 404
    },
    {
      "RequestUri": "/webhdfs/v1/adlspstestfolder?destination=adlspstestmovefolder&op=RENAME&api-version=2016-11-01",
      "EncodedRequestUri": "L3dlYmhkZnMvdjEvYWRsc3BzdGVzdGZvbGRlcj9kZXN0aW5hdGlvbj1hZGxzcHN0ZXN0bW92ZWZvbGRlciZvcD1SRU5BTUUmYXBpLXZlcnNpb249MjAxNi0xMS0wMQ==",
      "RequestMethod": "PUT",
      "RequestBody": "",
      "RequestHeaders": {
        "x-ms-client-request-id": [
          "bd737c71-3449-4cd3-ad61-5c0b05ff0327"
        ],
        "accept-language": [
          "en-US"
        ],
        "User-Agent": [
          "FxVersion/4.6.1586.0",
          "OSName/Windows_10_Enterprise",
          "OSVersion/6.3.14393",
          "Microsoft.Azure.Management.DataLake.Store.DataLakeStoreFileSystemManagementClient/2.0.1-preview"
        ]
      },
      "ResponseBody": "{\r\n  \"boolean\": true\r\n}",
      "ResponseHeaders": {
        "Content-Length": [
          "16"
        ],
        "Content-Type": [
          "application/json; charset=utf-8"
        ],
        "Expires": [
          "-1"
        ],
        "Pragma": [
          "no-cache"
        ],
        "x-ms-request-id": [
          "82fd507f-4a66-47ed-a52e-111bbdcf3fb6"
        ],
        "x-ms-webhdfs-version": [
          "16.12.19.00"
        ],
        "Status": [
          "0x0"
        ],
        "X-Content-Type-Options": [
          "nosniff"
        ],
        "Strict-Transport-Security": [
          "max-age=15724800; includeSubDomains"
        ],
        "Cache-Control": [
          "no-store, no-cache, max-age=0"
        ],
        "Date": [
          "Tue, 14 Feb 2017 22:39:41 GMT"
        ]
      },
      "StatusCode": 200
    },
    {
      "RequestUri": "/webhdfs/v1/adlspstestmovefolder?op=MSGETFILESTATUS&api-version=2016-11-01",
      "EncodedRequestUri": "L3dlYmhkZnMvdjEvYWRsc3BzdGVzdG1vdmVmb2xkZXI/b3A9TVNHRVRGSUxFU1RBVFVTJmFwaS12ZXJzaW9uPTIwMTYtMTEtMDE=",
      "RequestMethod": "GET",
      "RequestBody": "",
      "RequestHeaders": {
        "x-ms-client-request-id": [
          "0d073de3-2ef1-49e5-a44f-636cb0aab0e3"
        ],
        "accept-language": [
          "en-US"
        ],
        "User-Agent": [
          "FxVersion/4.6.1586.0",
          "OSName/Windows_10_Enterprise",
          "OSVersion/6.3.14393",
          "Microsoft.Azure.Management.DataLake.Store.DataLakeStoreFileSystemManagementClient/2.0.1-preview"
        ]
      },
      "ResponseBody": "{\r\n  \"FileStatus\": {\r\n    \"length\": 0,\r\n    \"pathSuffix\": \"\",\r\n    \"type\": \"DIRECTORY\",\r\n    \"blockSize\": 0,\r\n    \"accessTime\": 1487111974354,\r\n    \"modificationTime\": 1487111981114,\r\n    \"replication\": 0,\r\n    \"permission\": \"770\",\r\n    \"owner\": \"6c239a52-63a0-4219-bcdc-c1ce354f95d4\",\r\n    \"group\": \"6c239a52-63a0-4219-bcdc-c1ce354f95d4\",\r\n    \"aclBit\": false\r\n  }\r\n}",
      "ResponseHeaders": {
        "Content-Length": [
          "280"
        ],
        "Content-Type": [
          "application/json; charset=utf-8"
        ],
        "Expires": [
          "-1"
        ],
        "Pragma": [
          "no-cache"
        ],
        "x-ms-request-id": [
          "534af3bd-66fb-4276-8dd8-0d451365949a"
        ],
        "x-ms-webhdfs-version": [
          "16.12.19.00"
        ],
        "Status": [
          "0x0"
        ],
        "X-Content-Type-Options": [
          "nosniff"
        ],
        "Strict-Transport-Security": [
          "max-age=15724800; includeSubDomains"
        ],
        "Cache-Control": [
          "no-store, no-cache, max-age=0"
        ],
        "Date": [
          "Tue, 14 Feb 2017 22:39:41 GMT"
        ]
      },
      "StatusCode": 200
    },
    {
      "RequestUri": "/webhdfs/v1/adlspstestmovefolder?op=MSGETFILESTATUS&api-version=2016-11-01",
      "EncodedRequestUri": "L3dlYmhkZnMvdjEvYWRsc3BzdGVzdG1vdmVmb2xkZXI/b3A9TVNHRVRGSUxFU1RBVFVTJmFwaS12ZXJzaW9uPTIwMTYtMTEtMDE=",
      "RequestMethod": "GET",
      "RequestBody": "",
      "RequestHeaders": {
        "x-ms-client-request-id": [
          "4fb68bde-f733-44db-b5f1-abf7929078d6"
        ],
        "accept-language": [
          "en-US"
        ],
        "User-Agent": [
          "FxVersion/4.6.1586.0",
          "OSName/Windows_10_Enterprise",
          "OSVersion/6.3.14393",
          "Microsoft.Azure.Management.DataLake.Store.DataLakeStoreFileSystemManagementClient/2.0.1-preview"
        ]
      },
      "ResponseBody": "{\r\n  \"FileStatus\": {\r\n    \"length\": 0,\r\n    \"pathSuffix\": \"\",\r\n    \"type\": \"DIRECTORY\",\r\n    \"blockSize\": 0,\r\n    \"accessTime\": 1487111974354,\r\n    \"modificationTime\": 1487111981958,\r\n    \"replication\": 0,\r\n    \"permission\": \"770\",\r\n    \"owner\": \"6c239a52-63a0-4219-bcdc-c1ce354f95d4\",\r\n    \"group\": \"6c239a52-63a0-4219-bcdc-c1ce354f95d4\",\r\n    \"aclBit\": false\r\n  }\r\n}",
      "ResponseHeaders": {
        "Content-Length": [
          "280"
        ],
        "Content-Type": [
          "application/json; charset=utf-8"
        ],
        "Expires": [
          "-1"
        ],
        "Pragma": [
          "no-cache"
        ],
        "x-ms-request-id": [
          "43a75109-d655-4a87-ab9f-70259e526d3a"
        ],
        "x-ms-webhdfs-version": [
          "16.12.19.00"
        ],
        "Status": [
          "0x0"
        ],
        "X-Content-Type-Options": [
          "nosniff"
        ],
        "Strict-Transport-Security": [
          "max-age=15724800; includeSubDomains"
        ],
        "Cache-Control": [
          "no-store, no-cache, max-age=0"
        ],
        "Date": [
          "Tue, 14 Feb 2017 22:39:42 GMT"
        ]
      },
      "StatusCode": 200
    },
    {
      "RequestUri": "/webhdfs/v1/adlspstestmovefolder?op=MSGETFILESTATUS&api-version=2016-11-01",
      "EncodedRequestUri": "L3dlYmhkZnMvdjEvYWRsc3BzdGVzdG1vdmVmb2xkZXI/b3A9TVNHRVRGSUxFU1RBVFVTJmFwaS12ZXJzaW9uPTIwMTYtMTEtMDE=",
      "RequestMethod": "GET",
      "RequestBody": "",
      "RequestHeaders": {
        "x-ms-client-request-id": [
          "5c3deca0-df9a-4022-932b-00008dd8f6c2"
        ],
        "accept-language": [
          "en-US"
        ],
        "User-Agent": [
          "FxVersion/4.6.1586.0",
          "OSName/Windows_10_Enterprise",
          "OSVersion/6.3.14393",
          "Microsoft.Azure.Management.DataLake.Store.DataLakeStoreFileSystemManagementClient/2.0.1-preview"
        ]
      },
      "ResponseBody": "{\r\n  \"RemoteException\": {\r\n    \"exception\": \"FileNotFoundException\",\r\n    \"message\": \"File/Folder does not exist: /adlspstestmovefolder [f2497c7c-4fbd-425f-98ce-d9313d30efb5][2017-02-14T14:39:42.4842521-08:00]\",\r\n    \"javaClassName\": \"java.io.FileNotFoundException\"\r\n  }\r\n}",
      "ResponseHeaders": {
        "Content-Length": [
          "241"
        ],
        "Content-Type": [
          "application/json; charset=utf-8"
        ],
        "Expires": [
          "-1"
        ],
        "Pragma": [
          "no-cache"
        ],
        "x-ms-request-id": [
          "f2497c7c-4fbd-425f-98ce-d9313d30efb5"
        ],
        "x-ms-webhdfs-version": [
          "16.12.19.00"
        ],
        "Status": [
          "0x8309000A"
        ],
        "X-Content-Type-Options": [
          "nosniff"
        ],
        "Strict-Transport-Security": [
          "max-age=15724800; includeSubDomains"
        ],
        "Cache-Control": [
          "no-store, no-cache, max-age=0"
        ],
        "Date": [
          "Tue, 14 Feb 2017 22:39:42 GMT"
        ]
      },
      "StatusCode": 404
    },
    {
      "RequestUri": "/webhdfs/v1/adlspstestmovefolder%2Fmovefile.txt?op=MSGETFILESTATUS&api-version=2016-11-01",
      "EncodedRequestUri": "L3dlYmhkZnMvdjEvYWRsc3BzdGVzdG1vdmVmb2xkZXIlMkZtb3ZlZmlsZS50eHQ/b3A9TVNHRVRGSUxFU1RBVFVTJmFwaS12ZXJzaW9uPTIwMTYtMTEtMDE=",
      "RequestMethod": "GET",
      "RequestBody": "",
      "RequestHeaders": {
        "x-ms-client-request-id": [
          "071bbfbb-1512-44d9-9824-13dd42d5cf1a"
        ],
        "accept-language": [
          "en-US"
        ],
        "User-Agent": [
          "FxVersion/4.6.1586.0",
          "OSName/Windows_10_Enterprise",
          "OSVersion/6.3.14393",
          "Microsoft.Azure.Management.DataLake.Store.DataLakeStoreFileSystemManagementClient/2.0.1-preview"
        ]
      },
      "ResponseBody": "{\r\n  \"FileStatus\": {\r\n    \"length\": 72,\r\n    \"pathSuffix\": \"\",\r\n    \"type\": \"FILE\",\r\n    \"blockSize\": 268435456,\r\n    \"accessTime\": 1487111977451,\r\n    \"modificationTime\": 1487111977483,\r\n    \"replication\": 1,\r\n    \"permission\": \"770\",\r\n    \"owner\": \"6c239a52-63a0-4219-bcdc-c1ce354f95d4\",\r\n    \"group\": \"6c239a52-63a0-4219-bcdc-c1ce354f95d4\",\r\n    \"expirationTime\": 0,\r\n    \"msExpirationTime\": 0,\r\n    \"aclBit\": false\r\n  }\r\n}",
      "ResponseHeaders": {
        "Content-Length": [
          "324"
        ],
        "Content-Type": [
          "application/json; charset=utf-8"
        ],
        "Expires": [
          "-1"
        ],
        "Pragma": [
          "no-cache"
        ],
        "x-ms-request-id": [
          "fa595222-b292-437d-a3d0-3eb421ac4eda"
        ],
        "x-ms-webhdfs-version": [
          "16.12.19.00"
        ],
        "Status": [
          "0x0"
        ],
        "X-Content-Type-Options": [
          "nosniff"
        ],
        "Strict-Transport-Security": [
          "max-age=15724800; includeSubDomains"
        ],
        "Cache-Control": [
          "no-store, no-cache, max-age=0"
        ],
        "Date": [
          "Tue, 14 Feb 2017 22:39:41 GMT"
        ]
      },
      "StatusCode": 200
    },
    {
      "RequestUri": "/webhdfs/v1/adlspstestmovefolder%2Fmovefile.txt?recursive=false&op=DELETE&api-version=2016-11-01",
      "EncodedRequestUri": "L3dlYmhkZnMvdjEvYWRsc3BzdGVzdG1vdmVmb2xkZXIlMkZtb3ZlZmlsZS50eHQ/cmVjdXJzaXZlPWZhbHNlJm9wPURFTEVURSZhcGktdmVyc2lvbj0yMDE2LTExLTAx",
      "RequestMethod": "DELETE",
      "RequestBody": "",
      "RequestHeaders": {
        "x-ms-client-request-id": [
          "6fe1bbc1-1389-434f-b7ab-a1abd9386edf"
        ],
        "accept-language": [
          "en-US"
        ],
        "User-Agent": [
          "FxVersion/4.6.1586.0",
          "OSName/Windows_10_Enterprise",
          "OSVersion/6.3.14393",
          "Microsoft.Azure.Management.DataLake.Store.DataLakeStoreFileSystemManagementClient/2.0.1-preview"
        ]
      },
      "ResponseBody": "{\r\n  \"boolean\": true\r\n}",
      "ResponseHeaders": {
        "Content-Length": [
          "16"
        ],
        "Content-Type": [
          "application/json; charset=utf-8"
        ],
        "Expires": [
          "-1"
        ],
        "Pragma": [
          "no-cache"
        ],
        "x-ms-request-id": [
          "375bf0e8-b08b-4084-b820-66fa347dd9cc"
        ],
        "x-ms-webhdfs-version": [
          "16.12.19.00"
        ],
        "Status": [
          "0x0"
        ],
        "X-Content-Type-Options": [
          "nosniff"
        ],
        "Strict-Transport-Security": [
          "max-age=15724800; includeSubDomains"
        ],
        "Cache-Control": [
          "no-store, no-cache, max-age=0"
        ],
        "Date": [
          "Tue, 14 Feb 2017 22:39:41 GMT"
        ]
      },
      "StatusCode": 200
    },
    {
      "RequestUri": "/webhdfs/v1/adlspstestmovefolder?recursive=true&op=DELETE&api-version=2016-11-01",
      "EncodedRequestUri": "L3dlYmhkZnMvdjEvYWRsc3BzdGVzdG1vdmVmb2xkZXI/cmVjdXJzaXZlPXRydWUmb3A9REVMRVRFJmFwaS12ZXJzaW9uPTIwMTYtMTEtMDE=",
      "RequestMethod": "DELETE",
      "RequestBody": "",
      "RequestHeaders": {
        "x-ms-client-request-id": [
          "eec92c04-a3c1-4043-b534-d5627ce0a5b4"
        ],
        "accept-language": [
          "en-US"
        ],
        "User-Agent": [
          "FxVersion/4.6.1586.0",
          "OSName/Windows_10_Enterprise",
          "OSVersion/6.3.14393",
          "Microsoft.Azure.Management.DataLake.Store.DataLakeStoreFileSystemManagementClient/2.0.1-preview"
        ]
      },
      "ResponseBody": "{\r\n  \"boolean\": true\r\n}",
      "ResponseHeaders": {
        "Content-Length": [
          "16"
        ],
        "Content-Type": [
          "application/json; charset=utf-8"
        ],
        "Expires": [
          "-1"
        ],
        "Pragma": [
          "no-cache"
        ],
        "x-ms-request-id": [
          "24737919-27fc-4ab4-a68a-d1c06b220167"
        ],
        "x-ms-webhdfs-version": [
          "16.12.19.00"
        ],
        "Status": [
          "0x0"
        ],
        "X-Content-Type-Options": [
          "nosniff"
        ],
        "Strict-Transport-Security": [
          "max-age=15724800; includeSubDomains"
        ],
        "Cache-Control": [
          "no-store, no-cache, max-age=0"
        ],
        "Date": [
          "Tue, 14 Feb 2017 22:39:42 GMT"
        ]
      },
      "StatusCode": 200
    },
    {
      "RequestUri": "/subscriptions/90585f39-ab85-4921-bb37-0468f7efd1dd/resourceGroups/onesdk9277/providers/Microsoft.DataLakeStore/accounts/onesdk4672?api-version=2016-11-01",
      "EncodedRequestUri": "L3N1YnNjcmlwdGlvbnMvOTA1ODVmMzktYWI4NS00OTIxLWJiMzctMDQ2OGY3ZWZkMWRkL3Jlc291cmNlR3JvdXBzL29uZXNkazkyNzcvcHJvdmlkZXJzL01pY3Jvc29mdC5EYXRhTGFrZVN0b3JlL2FjY291bnRzL29uZXNkazQ2NzI/YXBpLXZlcnNpb249MjAxNi0xMS0wMQ==",
      "RequestMethod": "DELETE",
      "RequestBody": "",
      "RequestHeaders": {
        "x-ms-client-request-id": [
          "3f57a00a-679b-4a53-93f1-6537683488bb"
        ],
        "accept-language": [
          "en-US"
        ],
        "User-Agent": [
          "FxVersion/4.6.1586.0",
          "OSName/Windows_10_Enterprise",
          "OSVersion/6.3.14393",
          "Microsoft.Azure.Management.DataLake.Store.DataLakeStoreAccountManagementClient/2.0.1-preview"
        ]
      },
      "ResponseBody": "",
      "ResponseHeaders": {
        "Content-Length": [
          "0"
        ],
        "Expires": [
          "-1"
        ],
        "Pragma": [
          "no-cache"
        ],
        "x-ms-request-id": [
          "fd1364fc-6fee-4526-abb5-218eb12f48b5"
        ],
        "x-ms-ratelimit-remaining-subscription-writes": [
          "1150"
        ],
        "x-ms-correlation-request-id": [
          "b7108538-84b4-4a85-9c9b-6bd3a8c8377b"
        ],
        "x-ms-routing-request-id": [
          "CENTRALUS:20170214T223944Z:b7108538-84b4-4a85-9c9b-6bd3a8c8377b"
        ],
        "Strict-Transport-Security": [
          "max-age=31536000; includeSubDomains"
        ],
        "Connection": [
          "close"
        ],
        "Cache-Control": [
          "no-cache"
        ],
        "Date": [
          "Tue, 14 Feb 2017 22:39:43 GMT"
        ],
        "Server": [
          "Microsoft-IIS/8.5"
        ],
        "X-AspNet-Version": [
          "4.0.30319"
        ],
        "X-Powered-By": [
          "ASP.NET"
        ]
      },
      "StatusCode": 200
    },
    {
      "RequestUri": "/subscriptions/90585f39-ab85-4921-bb37-0468f7efd1dd/resourcegroups/onesdk9277?api-version=2016-02-01",
      "EncodedRequestUri": "L3N1YnNjcmlwdGlvbnMvOTA1ODVmMzktYWI4NS00OTIxLWJiMzctMDQ2OGY3ZWZkMWRkL3Jlc291cmNlZ3JvdXBzL29uZXNkazkyNzc/YXBpLXZlcnNpb249MjAxNi0wMi0wMQ==",
      "RequestMethod": "DELETE",
      "RequestBody": "",
      "RequestHeaders": {
        "User-Agent": [
          "Microsoft.Azure.Management.Resources.ResourceManagementClient/2.0.0.0"
        ]
      },
      "ResponseBody": "",
      "ResponseHeaders": {
        "Content-Length": [
          "0"
        ],
        "Expires": [
          "-1"
        ],
        "Pragma": [
          "no-cache"
        ],
        "Retry-After": [
          "15"
        ],
        "x-ms-ratelimit-remaining-subscription-writes": [
          "1156"
        ],
        "x-ms-request-id": [
          "ed7f54ea-f049-4377-8b32-806e9dcc04d9"
        ],
        "x-ms-correlation-request-id": [
          "ed7f54ea-f049-4377-8b32-806e9dcc04d9"
        ],
        "x-ms-routing-request-id": [
          "CENTRALUS:20170214T223945Z:ed7f54ea-f049-4377-8b32-806e9dcc04d9"
        ],
        "Strict-Transport-Security": [
          "max-age=31536000; includeSubDomains"
        ],
        "Cache-Control": [
          "no-cache"
        ],
        "Date": [
          "Tue, 14 Feb 2017 22:39:44 GMT"
        ],
        "Location": [
          "https://api-dogfood.resources.windows-int.net/subscriptions/90585f39-ab85-4921-bb37-0468f7efd1dd/operationresults/eyJqb2JJZCI6IlJFU09VUkNFR1JPVVBERUxFVElPTkpPQi1PTkVTREs5Mjc3LUVBU1RVUzIiLCJqb2JMb2NhdGlvbiI6ImVhc3R1czIifQ?api-version=2016-02-01"
        ]
      },
      "StatusCode": 202
    },
    {
      "RequestUri": "/subscriptions/90585f39-ab85-4921-bb37-0468f7efd1dd/operationresults/eyJqb2JJZCI6IlJFU09VUkNFR1JPVVBERUxFVElPTkpPQi1PTkVTREs5Mjc3LUVBU1RVUzIiLCJqb2JMb2NhdGlvbiI6ImVhc3R1czIifQ?api-version=2016-02-01",
      "EncodedRequestUri": "L3N1YnNjcmlwdGlvbnMvOTA1ODVmMzktYWI4NS00OTIxLWJiMzctMDQ2OGY3ZWZkMWRkL29wZXJhdGlvbnJlc3VsdHMvZXlKcWIySkpaQ0k2SWxKRlUwOVZVa05GUjFKUFZWQkVSVXhGVkVsUFRrcFBRaTFQVGtWVFJFczVNamMzTFVWQlUxUlZVeklpTENKcWIySk1iMk5oZEdsdmJpSTZJbVZoYzNSMWN6SWlmUT9hcGktdmVyc2lvbj0yMDE2LTAyLTAx",
      "RequestMethod": "GET",
      "RequestBody": "",
      "RequestHeaders": {
        "x-ms-version": [
          "2016-02-01"
        ],
        "User-Agent": [
          "Microsoft.Azure.Management.Resources.ResourceManagementClient/2.0.0.0"
        ]
      },
      "ResponseBody": "",
      "ResponseHeaders": {
        "Content-Length": [
          "0"
        ],
        "Expires": [
          "-1"
        ],
        "Pragma": [
          "no-cache"
        ],
        "Retry-After": [
          "15"
        ],
        "x-ms-ratelimit-remaining-subscription-reads": [
          "14890"
        ],
        "x-ms-request-id": [
          "7bae708e-b904-4cbc-ba5b-ff6484b6b3d1"
        ],
        "x-ms-correlation-request-id": [
          "7bae708e-b904-4cbc-ba5b-ff6484b6b3d1"
        ],
        "x-ms-routing-request-id": [
          "CENTRALUS:20170214T223945Z:7bae708e-b904-4cbc-ba5b-ff6484b6b3d1"
        ],
        "Strict-Transport-Security": [
          "max-age=31536000; includeSubDomains"
        ],
        "Cache-Control": [
          "no-cache"
        ],
        "Date": [
          "Tue, 14 Feb 2017 22:39:44 GMT"
        ],
        "Location": [
          "https://api-dogfood.resources.windows-int.net/subscriptions/90585f39-ab85-4921-bb37-0468f7efd1dd/operationresults/eyJqb2JJZCI6IlJFU09VUkNFR1JPVVBERUxFVElPTkpPQi1PTkVTREs5Mjc3LUVBU1RVUzIiLCJqb2JMb2NhdGlvbiI6ImVhc3R1czIifQ?api-version=2016-02-01"
        ]
      },
      "StatusCode": 202
    },
    {
      "RequestUri": "/subscriptions/90585f39-ab85-4921-bb37-0468f7efd1dd/operationresults/eyJqb2JJZCI6IlJFU09VUkNFR1JPVVBERUxFVElPTkpPQi1PTkVTREs5Mjc3LUVBU1RVUzIiLCJqb2JMb2NhdGlvbiI6ImVhc3R1czIifQ?api-version=2016-02-01",
      "EncodedRequestUri": "L3N1YnNjcmlwdGlvbnMvOTA1ODVmMzktYWI4NS00OTIxLWJiMzctMDQ2OGY3ZWZkMWRkL29wZXJhdGlvbnJlc3VsdHMvZXlKcWIySkpaQ0k2SWxKRlUwOVZVa05GUjFKUFZWQkVSVXhGVkVsUFRrcFBRaTFQVGtWVFJFczVNamMzTFVWQlUxUlZVeklpTENKcWIySk1iMk5oZEdsdmJpSTZJbVZoYzNSMWN6SWlmUT9hcGktdmVyc2lvbj0yMDE2LTAyLTAx",
      "RequestMethod": "GET",
      "RequestBody": "",
      "RequestHeaders": {
        "x-ms-version": [
          "2016-02-01"
        ],
        "User-Agent": [
          "Microsoft.Azure.Management.Resources.ResourceManagementClient/2.0.0.0"
        ]
      },
      "ResponseBody": "",
      "ResponseHeaders": {
        "Content-Length": [
          "0"
        ],
        "Expires": [
          "-1"
        ],
        "Pragma": [
          "no-cache"
        ],
        "Retry-After": [
          "15"
        ],
        "x-ms-ratelimit-remaining-subscription-reads": [
          "14887"
        ],
        "x-ms-request-id": [
          "753a30e1-0144-4669-b82e-7599e6a11cfb"
        ],
        "x-ms-correlation-request-id": [
          "753a30e1-0144-4669-b82e-7599e6a11cfb"
        ],
        "x-ms-routing-request-id": [
          "CENTRALUS:20170214T224000Z:753a30e1-0144-4669-b82e-7599e6a11cfb"
        ],
        "Strict-Transport-Security": [
          "max-age=31536000; includeSubDomains"
        ],
        "Cache-Control": [
          "no-cache"
        ],
        "Date": [
          "Tue, 14 Feb 2017 22:40:00 GMT"
        ],
        "Location": [
          "https://api-dogfood.resources.windows-int.net/subscriptions/90585f39-ab85-4921-bb37-0468f7efd1dd/operationresults/eyJqb2JJZCI6IlJFU09VUkNFR1JPVVBERUxFVElPTkpPQi1PTkVTREs5Mjc3LUVBU1RVUzIiLCJqb2JMb2NhdGlvbiI6ImVhc3R1czIifQ?api-version=2016-02-01"
        ]
      },
      "StatusCode": 202
    },
    {
      "RequestUri": "/subscriptions/90585f39-ab85-4921-bb37-0468f7efd1dd/operationresults/eyJqb2JJZCI6IlJFU09VUkNFR1JPVVBERUxFVElPTkpPQi1PTkVTREs5Mjc3LUVBU1RVUzIiLCJqb2JMb2NhdGlvbiI6ImVhc3R1czIifQ?api-version=2016-02-01",
      "EncodedRequestUri": "L3N1YnNjcmlwdGlvbnMvOTA1ODVmMzktYWI4NS00OTIxLWJiMzctMDQ2OGY3ZWZkMWRkL29wZXJhdGlvbnJlc3VsdHMvZXlKcWIySkpaQ0k2SWxKRlUwOVZVa05GUjFKUFZWQkVSVXhGVkVsUFRrcFBRaTFQVGtWVFJFczVNamMzTFVWQlUxUlZVeklpTENKcWIySk1iMk5oZEdsdmJpSTZJbVZoYzNSMWN6SWlmUT9hcGktdmVyc2lvbj0yMDE2LTAyLTAx",
      "RequestMethod": "GET",
      "RequestBody": "",
      "RequestHeaders": {
        "x-ms-version": [
          "2016-02-01"
        ],
        "User-Agent": [
          "Microsoft.Azure.Management.Resources.ResourceManagementClient/2.0.0.0"
        ]
      },
      "ResponseBody": "",
      "ResponseHeaders": {
        "Content-Length": [
          "0"
        ],
        "Expires": [
          "-1"
        ],
        "Pragma": [
          "no-cache"
        ],
        "Retry-After": [
          "15"
        ],
        "x-ms-ratelimit-remaining-subscription-reads": [
          "14884"
        ],
        "x-ms-request-id": [
          "0a4fc052-18e3-4364-928e-dfa07a07114c"
        ],
        "x-ms-correlation-request-id": [
          "0a4fc052-18e3-4364-928e-dfa07a07114c"
        ],
        "x-ms-routing-request-id": [
          "CENTRALUS:20170214T224015Z:0a4fc052-18e3-4364-928e-dfa07a07114c"
        ],
        "Strict-Transport-Security": [
          "max-age=31536000; includeSubDomains"
        ],
        "Cache-Control": [
          "no-cache"
        ],
        "Date": [
          "Tue, 14 Feb 2017 22:40:14 GMT"
        ],
        "Location": [
          "https://api-dogfood.resources.windows-int.net/subscriptions/90585f39-ab85-4921-bb37-0468f7efd1dd/operationresults/eyJqb2JJZCI6IlJFU09VUkNFR1JPVVBERUxFVElPTkpPQi1PTkVTREs5Mjc3LUVBU1RVUzIiLCJqb2JMb2NhdGlvbiI6ImVhc3R1czIifQ?api-version=2016-02-01"
        ]
      },
      "StatusCode": 202
    },
    {
      "RequestUri": "/subscriptions/90585f39-ab85-4921-bb37-0468f7efd1dd/operationresults/eyJqb2JJZCI6IlJFU09VUkNFR1JPVVBERUxFVElPTkpPQi1PTkVTREs5Mjc3LUVBU1RVUzIiLCJqb2JMb2NhdGlvbiI6ImVhc3R1czIifQ?api-version=2016-02-01",
      "EncodedRequestUri": "L3N1YnNjcmlwdGlvbnMvOTA1ODVmMzktYWI4NS00OTIxLWJiMzctMDQ2OGY3ZWZkMWRkL29wZXJhdGlvbnJlc3VsdHMvZXlKcWIySkpaQ0k2SWxKRlUwOVZVa05GUjFKUFZWQkVSVXhGVkVsUFRrcFBRaTFQVGtWVFJFczVNamMzTFVWQlUxUlZVeklpTENKcWIySk1iMk5oZEdsdmJpSTZJbVZoYzNSMWN6SWlmUT9hcGktdmVyc2lvbj0yMDE2LTAyLTAx",
      "RequestMethod": "GET",
      "RequestBody": "",
      "RequestHeaders": {
        "x-ms-version": [
          "2016-02-01"
        ],
        "User-Agent": [
          "Microsoft.Azure.Management.Resources.ResourceManagementClient/2.0.0.0"
        ]
      },
      "ResponseBody": "",
      "ResponseHeaders": {
        "Content-Length": [
          "0"
        ],
        "Expires": [
          "-1"
        ],
        "Pragma": [
          "no-cache"
        ],
        "x-ms-ratelimit-remaining-subscription-reads": [
          "14883"
        ],
        "x-ms-request-id": [
          "fbf01a28-5223-4201-9739-48f12cda6a44"
        ],
        "x-ms-correlation-request-id": [
          "fbf01a28-5223-4201-9739-48f12cda6a44"
        ],
        "x-ms-routing-request-id": [
          "CENTRALUS:20170214T224030Z:fbf01a28-5223-4201-9739-48f12cda6a44"
        ],
        "Strict-Transport-Security": [
          "max-age=31536000; includeSubDomains"
        ],
        "Cache-Control": [
          "no-cache"
        ],
        "Date": [
          "Tue, 14 Feb 2017 22:40:30 GMT"
        ]
      },
      "StatusCode": 200
    }
  ],
  "Names": {
    "Test-DataLakeStoreFileSystem": [
      "onesdk9277",
      "onesdk4672"
    ]
  },
  "Variables": {
    "SubscriptionId": "90585f39-ab85-4921-bb37-0468f7efd1dd",
    "absoluteTime": "02/14/2017 22:41:35 +00:00"
  }
}