{
  "Entries": [
    {
      "RequestUri": "/pools/testPool/nodes?api-version=2018-03-01.6.1",
      "EncodedRequestUri": "L3Bvb2xzL3Rlc3RQb29sL25vZGVzP2FwaS12ZXJzaW9uPTIwMTgtMDMtMDEuNi4x",
      "RequestMethod": "GET",
      "RequestBody": "",
      "RequestHeaders": {
        "client-request-id": [
          "59712715-c0b9-48c5-a87b-d0e3d2a9a359"
        ],
        "accept-language": [
          "en-US"
        ],
        "ocp-date": [
          "Tue, 05 Jun 2018 23:38:00 GMT"
        ],
        "User-Agent": [
          "FxVersion/4.7.2650.0",
          "OSName/Windows10Enterprise",
          "OSVersion/6.3.16299",
          "Microsoft.Azure.Batch.Protocol.BatchServiceClient/8.1.1.0",
          "AzurePowershell/v6.1.1"
        ]
      },
      "ResponseBody": "{\r\n  \"odata.metadata\": \"https://matthchrwestcentralus.westcentralus.batch.azure.com/$metadata#nodes\",\r\n  \"value\": [\r\n    {\r\n      \"id\": \"tvm-892191217_1-20180605t170754z\",\r\n      \"url\": \"https://matthchrwestcentralus.westcentralus.batch.azure.com/pools/testPool/nodes/tvm-892191217_1-20180605t170754z\",\r\n      \"state\": \"offline\",\r\n      \"schedulingState\": \"enabled\",\r\n      \"stateTransitionTime\": \"2018-06-05T23:28:56.9228842Z\",\r\n      \"lastBootTime\": \"2018-06-05T17:10:59.714012Z\",\r\n      \"allocationTime\": \"2018-06-05T17:07:54.5257972Z\",\r\n      \"ipAddress\": \"100.72.164.86\",\r\n      \"affinityId\": \"TVM:tvm-892191217_1-20180605t170754z\",\r\n      \"vmSize\": \"standard_d1_v2\",\r\n      \"totalTasksRun\": 4,\r\n      \"totalTasksSucceeded\": 3,\r\n      \"runningTasksCount\": 0,\r\n      \"recentTasks\": [\r\n        {\r\n          \"taskUrl\": \"https://matthchrwestcentralus.westcentralus.batch.azure.com/jobs/nodeFileContentByTask/tasks/testTask\",\r\n          \"jobId\": \"nodeFileContentByTask\",\r\n          \"taskId\": \"testTask\",\r\n          \"taskState\": \"completed\",\r\n          \"executionInfo\": {\r\n            \"startTime\": \"2018-06-05T23:37:36.526016Z\",\r\n            \"endTime\": \"2018-06-05T23:37:36.744764Z\",\r\n            \"exitCode\": 0,\r\n            \"result\": \"Success\",\r\n            \"retryCount\": 0,\r\n            \"requeueCount\": 0\r\n          }\r\n        }\r\n      ],\r\n      \"startTask\": {\r\n        \"commandLine\": \"cmd /c echo hello\",\r\n        \"resourceFiles\": [],\r\n        \"userIdentity\": {\r\n          \"autoUser\": {\r\n            \"scope\": \"task\",\r\n            \"elevationLevel\": \"nonadmin\"\r\n          }\r\n        },\r\n        \"maxTaskRetryCount\": 0,\r\n        \"waitForSuccess\": true\r\n      },\r\n      \"startTaskInfo\": {\r\n        \"state\": \"completed\",\r\n        \"startTime\": \"2018-06-05T17:11:00.439947Z\",\r\n        \"endTime\": \"2018-06-05T17:11:00.705569Z\",\r\n        \"exitCode\": 0,\r\n        \"result\": \"Success\",\r\n        \"retryCount\": 0\r\n      },\r\n      \"isDedicated\": true\r\n    },\r\n    {\r\n      \"id\": \"tvm-892191217_2-20180605t170754z\",\r\n      \"url\": \"https://matthchrwestcentralus.westcentralus.batch.azure.com/pools/testPool/nodes/tvm-892191217_2-20180605t170754z\",\r\n      \"state\": \"idle\",\r\n      \"schedulingState\": \"enabled\",\r\n      \"stateTransitionTime\": \"2018-06-05T23:13:20.147072Z\",\r\n      \"lastBootTime\": \"2018-06-05T17:10:59.712534Z\",\r\n      \"allocationTime\": \"2018-06-05T17:07:54.5257972Z\",\r\n      \"ipAddress\": \"100.72.202.29\",\r\n      \"affinityId\": \"TVM:tvm-892191217_2-20180605t170754z\",\r\n      \"vmSize\": \"standard_d1_v2\",\r\n      \"totalTasksRun\": 1,\r\n      \"totalTasksSucceeded\": 0,\r\n      \"runningTasksCount\": 0,\r\n      \"recentTasks\": [\r\n        {\r\n          \"taskUrl\": \"https://matthchrwestcentralus.westcentralus.batch.azure.com/jobs/testTerminateTaskJob/tasks/testTask1\",\r\n          \"jobId\": \"testTerminateTaskJob\",\r\n          \"taskId\": \"testTask1\",\r\n          \"taskState\": \"completed\",\r\n          \"executionInfo\": {\r\n            \"startTime\": \"2018-06-05T23:13:19.434222Z\",\r\n            \"endTime\": \"2018-06-05T23:13:20.115793Z\",\r\n            \"exitCode\": -1073741510,\r\n            \"failureInfo\": {\r\n              \"category\": \"UserError\",\r\n              \"code\": \"TaskEnded\",\r\n              \"message\": \"Task Was Ended by User Request\",\r\n              \"details\": [\r\n                {\r\n                  \"name\": \"AdditionalErrorCode\",\r\n                  \"value\": \"FailureExitCode\"\r\n                }\r\n              ]\r\n            },\r\n            \"result\": \"Failure\",\r\n            \"retryCount\": 0,\r\n            \"requeueCount\": 0\r\n          }\r\n        }\r\n      ],\r\n      \"startTask\": {\r\n        \"commandLine\": \"cmd /c echo hello\",\r\n        \"resourceFiles\": [],\r\n        \"userIdentity\": {\r\n          \"autoUser\": {\r\n            \"scope\": \"task\",\r\n            \"elevationLevel\": \"nonadmin\"\r\n          }\r\n        },\r\n        \"maxTaskRetryCount\": 0,\r\n        \"waitForSuccess\": true\r\n      },\r\n      \"startTaskInfo\": {\r\n        \"state\": \"completed\",\r\n        \"startTime\": \"2018-06-05T17:11:00.175795Z\",\r\n        \"endTime\": \"2018-06-05T17:11:00.503918Z\",\r\n        \"exitCode\": 0,\r\n        \"result\": \"Success\",\r\n        \"retryCount\": 0\r\n      },\r\n      \"isDedicated\": true\r\n    }\r\n  ]\r\n}",
      "ResponseHeaders": {
        "Content-Type": [
          "application/json; odata=minimalmetadata"
        ],
        "Transfer-Encoding": [
          "chunked"
        ],
        "request-id": [
          "3e157b98-9821-487a-90ac-0bbcc707d38b"
        ],
        "Strict-Transport-Security": [
          "max-age=31536000; includeSubDomains"
        ],
        "X-Content-Type-Options": [
          "nosniff"
        ],
        "DataServiceVersion": [
          "3.0"
        ],
        "Date": [
          "Tue, 05 Jun 2018 23:38:00 GMT"
        ],
        "Server": [
          "Microsoft-HTTPAPI/2.0"
        ]
      },
      "StatusCode": 200
    },
    {
      "RequestUri": "/pools/testPool/nodes/tvm-892191217_1-20180605t170754z/users?api-version=2018-03-01.6.1",
      "EncodedRequestUri": "L3Bvb2xzL3Rlc3RQb29sL25vZGVzL3R2bS04OTIxOTEyMTdfMS0yMDE4MDYwNXQxNzA3NTR6L3VzZXJzP2FwaS12ZXJzaW9uPTIwMTgtMDMtMDEuNi4x",
      "RequestMethod": "POST",
      "RequestBody": "{\r\n  \"name\": \"userendtoend\",\r\n  \"isAdmin\": false,\r\n  \"expiryTime\": \"0001-01-01T00:00:00Z\",\r\n  \"password\": \"Password1234!\"\r\n}",
      "RequestHeaders": {
        "Content-Type": [
          "application/json; odata=minimalmetadata; charset=utf-8"
        ],
        "Content-Length": [
          "124"
        ],
        "client-request-id": [
          "9bbc1edf-8b06-4174-af07-83367de5ac44"
        ],
        "accept-language": [
          "en-US"
        ],
        "ocp-date": [
          "Tue, 05 Jun 2018 23:38:00 GMT"
        ],
        "User-Agent": [
          "FxVersion/4.7.2650.0",
          "OSName/Windows10Enterprise",
          "OSVersion/6.3.16299",
          "Microsoft.Azure.Batch.Protocol.BatchServiceClient/8.1.1.0",
          "AzurePowershell/v6.1.1"
        ]
      },
      "ResponseBody": "",
      "ResponseHeaders": {
        "Transfer-Encoding": [
          "chunked"
        ],
        "request-id": [
          "49a189ad-01bd-4935-aa7c-435fa37540e0"
        ],
        "Strict-Transport-Security": [
          "max-age=31536000; includeSubDomains"
        ],
        "X-Content-Type-Options": [
          "nosniff"
        ],
        "DataServiceVersion": [
          "3.0"
        ],
        "DataServiceId": [
          "https://matthchrwestcentralus.westcentralus.batch.azure.com/pools/testPool/nodes/tvm-892191217_1-20180605t170754z/users/userendtoend"
        ],
        "Date": [
          "Tue, 05 Jun 2018 23:38:00 GMT"
        ],
        "Location": [
          "https://matthchrwestcentralus.westcentralus.batch.azure.com/pools/testPool/nodes/tvm-892191217_1-20180605t170754z/users/userendtoend"
        ],
        "Server": [
          "Microsoft-HTTPAPI/2.0"
        ]
      },
      "StatusCode": 201
    },
    {
      "RequestUri": "/pools/testPool/nodes/tvm-892191217_1-20180605t170754z/users/userendtoend?api-version=2018-03-01.6.1",
      "EncodedRequestUri": "L3Bvb2xzL3Rlc3RQb29sL25vZGVzL3R2bS04OTIxOTEyMTdfMS0yMDE4MDYwNXQxNzA3NTR6L3VzZXJzL3VzZXJlbmR0b2VuZD9hcGktdmVyc2lvbj0yMDE4LTAzLTAxLjYuMQ==",
      "RequestMethod": "PUT",
      "RequestBody": "{\r\n  \"password\": \"Abcdefghijk1234!\",\r\n  \"expiryTime\": \"2018-06-10T23:38:01.0567803Z\"\r\n}",
      "RequestHeaders": {
        "Content-Type": [
          "application/json; odata=minimalmetadata; charset=utf-8"
        ],
        "Content-Length": [
          "87"
        ],
        "client-request-id": [
          "5fbfc4a9-e06d-404f-a87e-799ac1bc3c10"
        ],
        "accept-language": [
          "en-US"
        ],
        "ocp-date": [
          "Tue, 05 Jun 2018 23:38:01 GMT"
        ],
        "User-Agent": [
          "FxVersion/4.7.2650.0",
          "OSName/Windows10Enterprise",
          "OSVersion/6.3.16299",
          "Microsoft.Azure.Batch.Protocol.BatchServiceClient/8.1.1.0",
          "AzurePowershell/v6.1.1"
        ]
      },
      "ResponseBody": "",
      "ResponseHeaders": {
        "Transfer-Encoding": [
          "chunked"
        ],
        "request-id": [
          "64e5e457-1f47-4273-b3ef-bba1c8aad26a"
        ],
        "Strict-Transport-Security": [
          "max-age=31536000; includeSubDomains"
        ],
        "X-Content-Type-Options": [
          "nosniff"
        ],
        "DataServiceVersion": [
          "3.0"
        ],
        "DataServiceId": [
          "https://matthchrwestcentralus.westcentralus.batch.azure.com/pools/testPool/nodes/tvm-892191217_1-20180605t170754z/users/userendtoend"
        ],
        "Date": [
          "Tue, 05 Jun 2018 23:38:00 GMT"
        ],
        "Server": [
          "Microsoft-HTTPAPI/2.0"
        ]
      },
      "StatusCode": 200
    },
    {
      "RequestUri": "/pools/testPool/nodes/tvm-892191217_1-20180605t170754z/users/userendtoend?api-version=2018-03-01.6.1",
      "EncodedRequestUri": "L3Bvb2xzL3Rlc3RQb29sL25vZGVzL3R2bS04OTIxOTEyMTdfMS0yMDE4MDYwNXQxNzA3NTR6L3VzZXJzL3VzZXJlbmR0b2VuZD9hcGktdmVyc2lvbj0yMDE4LTAzLTAxLjYuMQ==",
      "RequestMethod": "DELETE",
      "RequestBody": "",
      "RequestHeaders": {
        "client-request-id": [
          "f1bc0d77-fe5b-41fd-9dda-0eebdcea3920"
        ],
        "accept-language": [
          "en-US"
        ],
        "ocp-date": [
          "Tue, 05 Jun 2018 23:38:01 GMT"
        ],
        "User-Agent": [
          "FxVersion/4.7.2650.0",
          "OSName/Windows10Enterprise",
          "OSVersion/6.3.16299",
          "Microsoft.Azure.Batch.Protocol.BatchServiceClient/8.1.1.0",
          "AzurePowershell/v6.1.1"
        ]
      },
      "ResponseBody": "",
      "ResponseHeaders": {
        "Transfer-Encoding": [
          "chunked"
        ],
        "request-id": [
          "8a03742f-d106-41ff-bf4e-a8bee0090c86"
        ],
        "Strict-Transport-Security": [
          "max-age=31536000; includeSubDomains"
        ],
        "X-Content-Type-Options": [
          "nosniff"
        ],
        "DataServiceVersion": [
          "3.0"
        ],
        "Date": [
          "Tue, 05 Jun 2018 23:38:00 GMT"
        ],
        "Server": [
          "Microsoft-HTTPAPI/2.0"
        ]
      },
      "StatusCode": 200
    },
    {
      "RequestUri": "/pools/testPool/nodes/tvm-892191217_1-20180605t170754z/users/userendtoend?api-version=2018-03-01.6.1",
      "EncodedRequestUri": "L3Bvb2xzL3Rlc3RQb29sL25vZGVzL3R2bS04OTIxOTEyMTdfMS0yMDE4MDYwNXQxNzA3NTR6L3VzZXJzL3VzZXJlbmR0b2VuZD9hcGktdmVyc2lvbj0yMDE4LTAzLTAxLjYuMQ==",
      "RequestMethod": "DELETE",
      "RequestBody": "",
      "RequestHeaders": {
        "client-request-id": [
          "4615bc46-c91b-4e1f-8b32-8e861db4c7e1"
        ],
        "accept-language": [
          "en-US"
        ],
        "ocp-date": [
          "Tue, 05 Jun 2018 23:38:01 GMT"
        ],
        "User-Agent": [
          "FxVersion/4.7.2650.0",
          "OSName/Windows10Enterprise",
          "OSVersion/6.3.16299",
          "Microsoft.Azure.Batch.Protocol.BatchServiceClient/8.1.1.0",
          "AzurePowershell/v6.1.1"
        ]
      },
      "ResponseBody": "{\r\n  \"odata.metadata\": \"https://matthchrwestcentralus.westcentralus.batch.azure.com/$metadata#Microsoft.Azure.Batch.Protocol.Entities.Container.errors/@Element\",\r\n  \"code\": \"NodeUserNotFound\",\r\n  \"message\": {\r\n    \"lang\": \"en-US\",\r\n    \"value\": \"The specified node user does not exist.\\nRequestId:4121a3bb-1ad3-43f4-a4dd-0d356cb1d4d7\\nTime:2018-06-05T23:38:02.0242832Z\"\r\n  }\r\n}",
      "ResponseHeaders": {
        "Content-Length": [
          "358"
        ],
        "Content-Type": [
          "application/json; odata=minimalmetadata"
        ],
        "request-id": [
          "4121a3bb-1ad3-43f4-a4dd-0d356cb1d4d7"
        ],
        "Strict-Transport-Security": [
          "max-age=31536000; includeSubDomains"
        ],
        "X-Content-Type-Options": [
          "nosniff"
        ],
        "DataServiceVersion": [
          "3.0"
        ],
        "Date": [
          "Tue, 05 Jun 2018 23:38:02 GMT"
        ],
        "Server": [
          "Microsoft-HTTPAPI/2.0"
        ]
      },
      "StatusCode": 404
    }
  ],
  "Names": {},
  "Variables": {
    "SubscriptionId": "2915bbd6-1252-405f-8173-6c00428146d9",
    "AZURE_BATCH_ACCOUNT": "matthchrwestcentralus",
    "AZURE_BATCH_ENDPOINT": "https://matthchrwestcentralus.westcentralus.batch.azure.com",
    "AZURE_BATCH_RESOURCE_GROUP": "matthchrwestcentralus"
  }
}