{
  "Entries": [
    {
      "RequestUri": "/pools/testPool/nodes?api-version=2016-07-01.3.1",
      "EncodedRequestUri": "L3Bvb2xzL3Rlc3RQb29sL25vZGVzP2FwaS12ZXJzaW9uPTIwMTYtMDctMDEuMy4x",
      "RequestMethod": "GET",
      "RequestBody": "",
      "RequestHeaders": {
        "client-request-id": [
          "53b95f15-bebc-4dcc-ae35-b7466e51d3df"
        ],
        "accept-language": [
          "en-US"
        ],
        "ocp-date": [
          "Tue, 06 Sep 2016 06:41:31 GMT"
        ],
        "User-Agent": [
          "Microsoft.Azure.Batch.Protocol.BatchServiceClient/5.1.0.0",
          "AzurePowershell/v1.6.0"
        ]
      },
      "ResponseBody": "{\r\n  \"odata.metadata\": \"https://pstestaccount.centralus.batch.azure.com/$metadata#nodes\",\r\n  \"value\": [\r\n    {\r\n      \"id\": \"tvm-2544493925_18-20160906t061824z\",\r\n      \"url\": \"https://pstestaccount.centralus.batch.azure.com/pools/testPool/nodes/tvm-2544493925_18-20160906t061824z\",\r\n      \"state\": \"idle\",\r\n      \"schedulingState\": \"enabled\",\r\n      \"stateTransitionTime\": \"2016-09-06T06:22:10.6978265Z\",\r\n      \"lastBootTime\": \"2016-09-06T06:22:07.7448905Z\",\r\n      \"allocationTime\": \"2016-09-06T06:18:24.7886975Z\",\r\n      \"ipAddress\": \"100.111.180.192\",\r\n      \"affinityId\": \"TVM:tvm-2544493925_18-20160906t061824z\",\r\n      \"vmSize\": \"small\",\r\n      \"totalTasksRun\": 12,\r\n      \"totalTasksSucceeded\": 12,\r\n      \"runningTasksCount\": 0,\r\n      \"startTask\": {\r\n        \"commandLine\": \"cmd /c echo hello\",\r\n        \"resourceFiles\": [],\r\n        \"runElevated\": false,\r\n        \"maxTaskRetryCount\": 0,\r\n        \"waitForSuccess\": true\r\n      },\r\n      \"startTaskInfo\": {\r\n        \"state\": \"completed\",\r\n        \"startTime\": \"2016-09-06T06:22:10.6314245Z\",\r\n        \"endTime\": \"2016-09-06T06:22:10.6978265Z\",\r\n        \"exitCode\": 0,\r\n        \"retryCount\": 0\r\n      }\r\n    },\r\n    {\r\n      \"id\": \"tvm-2544493925_5-20160905t041414z\",\r\n      \"url\": \"https://pstestaccount.centralus.batch.azure.com/pools/testPool/nodes/tvm-2544493925_5-20160905t041414z\",\r\n      \"state\": \"offline\",\r\n      \"schedulingState\": \"enabled\",\r\n      \"stateTransitionTime\": \"2016-09-05T22:50:37.9616101Z\",\r\n      \"lastBootTime\": \"2016-09-05T04:17:00.7667735Z\",\r\n      \"allocationTime\": \"2016-09-05T04:14:14.3302937Z\",\r\n      \"ipAddress\": \"100.111.160.164\",\r\n      \"affinityId\": \"TVM:tvm-2544493925_5-20160905t041414z\",\r\n      \"vmSize\": \"small\",\r\n      \"totalTasksRun\": 23,\r\n      \"totalTasksSucceeded\": 21,\r\n      \"runningTasksCount\": 0,\r\n      \"startTask\": {\r\n        \"commandLine\": \"cmd /c echo hello\",\r\n        \"resourceFiles\": [],\r\n        \"runElevated\": false,\r\n        \"maxTaskRetryCount\": 0,\r\n        \"waitForSuccess\": true\r\n      },\r\n      \"startTaskInfo\": {\r\n        \"state\": \"completed\",\r\n        \"startTime\": \"2016-09-05T04:17:03.025418Z\",\r\n        \"endTime\": \"2016-09-05T04:17:03.0830315Z\",\r\n        \"exitCode\": 0,\r\n        \"retryCount\": 0\r\n      }\r\n    }\r\n  ]\r\n}",
      "ResponseHeaders": {
        "Content-Type": [
          "application/json; odata=minimalmetadata"
        ],
        "Transfer-Encoding": [
          "chunked"
        ],
        "request-id": [
          "81873218-71ef-4f7e-a94c-229bb37c14e0"
        ],
        "Strict-Transport-Security": [
          "max-age=31536000; includeSubDomains"
        ],
        "DataServiceVersion": [
          "3.0"
        ],
        "Date": [
          "Tue, 06 Sep 2016 06:41:31 GMT"
        ],
        "Server": [
          "Microsoft-HTTPAPI/2.0"
        ]
      },
      "StatusCode": 200
    },
    {
      "RequestUri": "/pools/testPool/nodes/tvm-2544493925_18-20160906t061824z/users?api-version=2016-07-01.3.1",
      "EncodedRequestUri": "L3Bvb2xzL3Rlc3RQb29sL25vZGVzL3R2bS0yNTQ0NDkzOTI1XzE4LTIwMTYwOTA2dDA2MTgyNHovdXNlcnM/YXBpLXZlcnNpb249MjAxNi0wNy0wMS4zLjE=",
      "RequestMethod": "POST",
      "RequestBody": "{\r\n  \"name\": \"createuser\",\r\n  \"isAdmin\": false,\r\n  \"expiryTime\": \"0001-01-01T00:00:00Z\",\r\n  \"password\": \"Password1234!\"\r\n}",
      "RequestHeaders": {
        "Content-Type": [
          "application/json; odata=minimalmetadata; charset=utf-8"
        ],
        "Content-Length": [
          "122"
        ],
        "client-request-id": [
          "3b613943-7aab-446a-b49d-6ac2859a6051"
        ],
        "accept-language": [
          "en-US"
        ],
        "ocp-date": [
          "Tue, 06 Sep 2016 06:41:32 GMT"
        ],
        "User-Agent": [
          "Microsoft.Azure.Batch.Protocol.BatchServiceClient/5.1.0.0",
          "AzurePowershell/v1.6.0"
        ]
      },
      "ResponseBody": "",
      "ResponseHeaders": {
        "Transfer-Encoding": [
          "chunked"
        ],
        "request-id": [
          "7e37cb9c-86bb-4379-92d1-62fc97460240"
        ],
        "Strict-Transport-Security": [
          "max-age=31536000; includeSubDomains"
        ],
        "DataServiceVersion": [
          "3.0"
        ],
        "DataServiceId": [
          "https://pstestaccount.centralus.batch.azure.com/pools/testPool/nodes/tvm-2544493925_18-20160906t061824z/users/createuser"
        ],
        "Date": [
          "Tue, 06 Sep 2016 06:41:33 GMT"
        ],
        "Location": [
          "https://pstestaccount.centralus.batch.azure.com/pools/testPool/nodes/tvm-2544493925_18-20160906t061824z/users/createuser"
        ],
        "Server": [
          "Microsoft-HTTPAPI/2.0"
        ]
      },
      "StatusCode": 201
    },
    {
      "RequestUri": "/pools/testPool/nodes/tvm-2544493925_18-20160906t061824z/users/createuser?api-version=2016-07-01.3.1",
      "EncodedRequestUri": "L3Bvb2xzL3Rlc3RQb29sL25vZGVzL3R2bS0yNTQ0NDkzOTI1XzE4LTIwMTYwOTA2dDA2MTgyNHovdXNlcnMvY3JlYXRldXNlcj9hcGktdmVyc2lvbj0yMDE2LTA3LTAxLjMuMQ==",
      "RequestMethod": "DELETE",
      "RequestBody": "",
      "RequestHeaders": {
        "client-request-id": [
          "08aea92d-1e5f-44d2-8c9f-32a10d5430d6"
        ],
        "accept-language": [
          "en-US"
        ],
        "ocp-date": [
          "Tue, 06 Sep 2016 06:41:34 GMT"
        ],
        "User-Agent": [
          "Microsoft.Azure.Batch.Protocol.BatchServiceClient/5.1.0.0",
          "AzurePowershell/v1.6.0"
        ]
      },
      "ResponseBody": "",
      "ResponseHeaders": {
        "Transfer-Encoding": [
          "chunked"
        ],
        "request-id": [
          "cc0c0eb7-67b2-440a-81d8-921c985ddd52"
        ],
        "Strict-Transport-Security": [
          "max-age=31536000; includeSubDomains"
        ],
        "DataServiceVersion": [
          "3.0"
        ],
        "Date": [
          "Tue, 06 Sep 2016 06:41:34 GMT"
        ],
        "Server": [
          "Microsoft-HTTPAPI/2.0"
        ]
      },
      "StatusCode": 200
    }
  ],
  "Names": {},
  "Variables": {
    "SubscriptionId": "46241355-bb95-46a9-ba6c-42b554d71925",
    "AZURE_BATCH_ACCOUNT": "pstestaccount",
    "AZURE_BATCH_ENDPOINT": "https://pstestaccount.centralus.batch.azure.com",
    "AZURE_BATCH_RESOURCE_GROUP": "accountmgmtsamplegroup"
  }
}