{
  "Entries": [
    {
      "RequestUri": "/subscriptions/6368ed38-3570-481f-b4fa-1d0a6e8d3f3b/resources?$filter=resourceType%20eq%20'Microsoft.Batch%2FbatchAccounts'&api-version=2014-04-01-preview",
      "EncodedRequestUri": "L3N1YnNjcmlwdGlvbnMvNjM2OGVkMzgtMzU3MC00ODFmLWI0ZmEtMWQwYTZlOGQzZjNiL3Jlc291cmNlcz8kZmlsdGVyPXJlc291cmNlVHlwZSUyMGVxJTIwJ01pY3Jvc29mdC5CYXRjaCUyRmJhdGNoQWNjb3VudHMnJmFwaS12ZXJzaW9uPTIwMTQtMDQtMDEtcHJldmlldw==",
      "RequestMethod": "GET",
      "RequestBody": "",
      "RequestHeaders": {
        "User-Agent": [
          "Microsoft.Azure.Management.Resources.ResourceManagementClient/2.0.0.0"
        ]
      },
      "ResponseBody": "{\r\n  \"value\": [\r\n    {\r\n      \"id\": \"/subscriptions/6368ed38-3570-481f-b4fa-1d0a6e8d3f3b/resourceGroups/default-azurebatch-eastus/providers/Microsoft.Batch/batchAccounts/pstests\",\r\n      \"name\": \"pstests\",\r\n      \"type\": \"Microsoft.Batch/batchAccounts\",\r\n      \"location\": \"eastus\"\r\n    }\r\n  ]\r\n}",
      "ResponseHeaders": {
        "Content-Length": [
          "237"
        ],
        "Content-Type": [
          "application/json; charset=utf-8"
        ],
        "Expires": [
          "-1"
        ],
        "Pragma": [
          "no-cache"
        ],
        "x-ms-ratelimit-remaining-subscription-reads": [
          "14955"
        ],
        "x-ms-request-id": [
          "4ef4e47c-4628-4ae9-847e-3825ac23eeeb"
        ],
        "x-ms-correlation-request-id": [
          "4ef4e47c-4628-4ae9-847e-3825ac23eeeb"
        ],
        "x-ms-routing-request-id": [
          "WESTUS:20151027T002921Z:4ef4e47c-4628-4ae9-847e-3825ac23eeeb"
        ],
        "Strict-Transport-Security": [
          "max-age=31536000; includeSubDomains"
        ],
        "Cache-Control": [
          "no-cache"
        ],
        "Date": [
          "Tue, 27 Oct 2015 00:29:20 GMT"
        ]
      },
      "StatusCode": 200
    },
    {
      "RequestUri": "/subscriptions/6368ed38-3570-481f-b4fa-1d0a6e8d3f3b/resources?$filter=resourceType%20eq%20'Microsoft.Batch%2FbatchAccounts'&api-version=2014-04-01-preview",
      "EncodedRequestUri": "L3N1YnNjcmlwdGlvbnMvNjM2OGVkMzgtMzU3MC00ODFmLWI0ZmEtMWQwYTZlOGQzZjNiL3Jlc291cmNlcz8kZmlsdGVyPXJlc291cmNlVHlwZSUyMGVxJTIwJ01pY3Jvc29mdC5CYXRjaCUyRmJhdGNoQWNjb3VudHMnJmFwaS12ZXJzaW9uPTIwMTQtMDQtMDEtcHJldmlldw==",
      "RequestMethod": "GET",
      "RequestBody": "",
      "RequestHeaders": {
        "User-Agent": [
          "Microsoft.Azure.Management.Resources.ResourceManagementClient/2.0.0.0"
        ]
      },
      "ResponseBody": "{\r\n  \"value\": [\r\n    {\r\n      \"id\": \"/subscriptions/6368ed38-3570-481f-b4fa-1d0a6e8d3f3b/resourceGroups/default-azurebatch-eastus/providers/Microsoft.Batch/batchAccounts/pstests\",\r\n      \"name\": \"pstests\",\r\n      \"type\": \"Microsoft.Batch/batchAccounts\",\r\n      \"location\": \"eastus\"\r\n    }\r\n  ]\r\n}",
      "ResponseHeaders": {
        "Content-Length": [
          "237"
        ],
        "Content-Type": [
          "application/json; charset=utf-8"
        ],
        "Expires": [
          "-1"
        ],
        "Pragma": [
          "no-cache"
        ],
        "x-ms-ratelimit-remaining-subscription-reads": [
          "14954"
        ],
        "x-ms-request-id": [
          "c5c7adc1-d0c7-49c6-b92a-879eca682ae3"
        ],
        "x-ms-correlation-request-id": [
          "c5c7adc1-d0c7-49c6-b92a-879eca682ae3"
        ],
        "x-ms-routing-request-id": [
          "WESTUS:20151027T002926Z:c5c7adc1-d0c7-49c6-b92a-879eca682ae3"
        ],
        "Strict-Transport-Security": [
          "max-age=31536000; includeSubDomains"
        ],
        "Cache-Control": [
          "no-cache"
        ],
        "Date": [
          "Tue, 27 Oct 2015 00:29:26 GMT"
        ]
      },
      "StatusCode": 200
    },
    {
      "RequestUri": "/subscriptions/6368ed38-3570-481f-b4fa-1d0a6e8d3f3b/resourceGroups/default-azurebatch-eastus/providers/Microsoft.Batch/batchAccounts/pstests?api-version=2015-09-01",
      "EncodedRequestUri": "L3N1YnNjcmlwdGlvbnMvNjM2OGVkMzgtMzU3MC00ODFmLWI0ZmEtMWQwYTZlOGQzZjNiL3Jlc291cmNlR3JvdXBzL2RlZmF1bHQtYXp1cmViYXRjaC1lYXN0dXMvcHJvdmlkZXJzL01pY3Jvc29mdC5CYXRjaC9iYXRjaEFjY291bnRzL3BzdGVzdHM/YXBpLXZlcnNpb249MjAxNS0wOS0wMQ==",
      "RequestMethod": "GET",
      "RequestBody": "",
      "RequestHeaders": {
        "x-ms-version": [
          "2015-09-01"
        ],
        "User-Agent": [
          "Microsoft.Azure.Management.Batch.BatchManagementClient/1.0.0.0"
        ]
      },
      "ResponseBody": "{\r\n  \"name\": \"pstests\",\r\n  \"location\": \"eastus\",\r\n  \"properties\": {\r\n    \"accountEndpoint\": \"pstests.eastus.batch.azure.com\",\r\n    \"provisioningState\": \"Succeeded\",\r\n    \"coreQuota\": 20,\r\n    \"poolQuota\": 20,\r\n    \"activeJobAndJobScheduleQuota\": 20\r\n  },\r\n  \"id\": \"/subscriptions/6368ed38-3570-481f-b4fa-1d0a6e8d3f3b/resourceGroups/default-azurebatch-eastus/providers/Microsoft.Batch/batchAccounts/pstests\",\r\n  \"type\": \"Microsoft.Batch/batchAccounts\"\r\n}",
      "ResponseHeaders": {
        "Content-Length": [
          "387"
        ],
        "Content-Type": [
          "application/json; charset=utf-8"
        ],
        "Expires": [
          "-1"
        ],
        "Last-Modified": [
          "Tue, 27 Oct 2015 00:29:25 GMT"
        ],
        "Pragma": [
          "no-cache"
        ],
        "request-id": [
          "02978a4b-a619-4870-aec8-f754d6d5a25c"
        ],
        "Strict-Transport-Security": [
          "max-age=31536000; includeSubDomains"
        ],
        "x-ms-ratelimit-remaining-subscription-reads": [
          "14924"
        ],
        "x-ms-request-id": [
          "5b214654-e033-4475-89b8-69ff348789d5"
        ],
        "x-ms-correlation-request-id": [
          "5b214654-e033-4475-89b8-69ff348789d5"
        ],
        "x-ms-routing-request-id": [
          "WESTUS:20151027T002922Z:5b214654-e033-4475-89b8-69ff348789d5"
        ],
        "Cache-Control": [
          "no-cache"
        ],
        "Date": [
          "Tue, 27 Oct 2015 00:29:22 GMT"
        ],
        "ETag": [
          "0x8D2DE65AAC14A17"
        ],
        "Server": [
          "Microsoft-HTTPAPI/2.0"
        ]
      },
      "StatusCode": 200
    },
    {
      "RequestUri": "/subscriptions/6368ed38-3570-481f-b4fa-1d0a6e8d3f3b/resourceGroups/default-azurebatch-eastus/providers/Microsoft.Batch/batchAccounts/pstests?api-version=2015-09-01",
      "EncodedRequestUri": "L3N1YnNjcmlwdGlvbnMvNjM2OGVkMzgtMzU3MC00ODFmLWI0ZmEtMWQwYTZlOGQzZjNiL3Jlc291cmNlR3JvdXBzL2RlZmF1bHQtYXp1cmViYXRjaC1lYXN0dXMvcHJvdmlkZXJzL01pY3Jvc29mdC5CYXRjaC9iYXRjaEFjY291bnRzL3BzdGVzdHM/YXBpLXZlcnNpb249MjAxNS0wOS0wMQ==",
      "RequestMethod": "GET",
      "RequestBody": "",
      "RequestHeaders": {
        "x-ms-version": [
          "2015-09-01"
        ],
        "User-Agent": [
          "Microsoft.Azure.Management.Batch.BatchManagementClient/1.0.0.0"
        ]
      },
      "ResponseBody": "{\r\n  \"name\": \"pstests\",\r\n  \"location\": \"eastus\",\r\n  \"properties\": {\r\n    \"accountEndpoint\": \"pstests.eastus.batch.azure.com\",\r\n    \"provisioningState\": \"Succeeded\",\r\n    \"coreQuota\": 20,\r\n    \"poolQuota\": 20,\r\n    \"activeJobAndJobScheduleQuota\": 20\r\n  },\r\n  \"id\": \"/subscriptions/6368ed38-3570-481f-b4fa-1d0a6e8d3f3b/resourceGroups/default-azurebatch-eastus/providers/Microsoft.Batch/batchAccounts/pstests\",\r\n  \"type\": \"Microsoft.Batch/batchAccounts\"\r\n}",
      "ResponseHeaders": {
        "Content-Length": [
          "387"
        ],
        "Content-Type": [
          "application/json; charset=utf-8"
        ],
        "Expires": [
          "-1"
        ],
        "Last-Modified": [
          "Tue, 27 Oct 2015 00:29:28 GMT"
        ],
        "Pragma": [
          "no-cache"
        ],
        "request-id": [
          "6fd35e06-2d3a-436a-b2a7-8cdc5d5a1e0b"
        ],
        "Strict-Transport-Security": [
          "max-age=31536000; includeSubDomains"
        ],
        "x-ms-ratelimit-remaining-subscription-reads": [
          "14923"
        ],
        "x-ms-request-id": [
          "ab33e8e6-e6de-4ada-b84b-f16b43d849cf"
        ],
        "x-ms-correlation-request-id": [
          "ab33e8e6-e6de-4ada-b84b-f16b43d849cf"
        ],
        "x-ms-routing-request-id": [
          "WESTUS:20151027T002926Z:ab33e8e6-e6de-4ada-b84b-f16b43d849cf"
        ],
        "Cache-Control": [
          "no-cache"
        ],
        "Date": [
          "Tue, 27 Oct 2015 00:29:26 GMT"
        ],
        "ETag": [
          "0x8D2DE65AD06F158"
        ],
        "Server": [
          "Microsoft-HTTPAPI/2.0"
        ]
      },
      "StatusCode": 200
    },
    {
      "RequestUri": "/subscriptions/6368ed38-3570-481f-b4fa-1d0a6e8d3f3b/resourceGroups/default-azurebatch-eastus/providers/Microsoft.Batch/batchAccounts/pstests/listKeys?api-version=2015-09-01",
      "EncodedRequestUri": "L3N1YnNjcmlwdGlvbnMvNjM2OGVkMzgtMzU3MC00ODFmLWI0ZmEtMWQwYTZlOGQzZjNiL3Jlc291cmNlR3JvdXBzL2RlZmF1bHQtYXp1cmViYXRjaC1lYXN0dXMvcHJvdmlkZXJzL01pY3Jvc29mdC5CYXRjaC9iYXRjaEFjY291bnRzL3BzdGVzdHMvbGlzdEtleXM/YXBpLXZlcnNpb249MjAxNS0wOS0wMQ==",
      "RequestMethod": "POST",
      "RequestBody": "",
      "RequestHeaders": {
        "x-ms-version": [
          "2015-09-01"
        ],
        "User-Agent": [
          "Microsoft.Azure.Management.Batch.BatchManagementClient/1.0.0.0"
        ]
      },
      "ResponseBody": "{\r\n  \"accountName\": \"pstests\",\r\n  \"primary\": \"hIsQ4xSEK40UEhQPO1ixIV6kxX2Kd7WldCNgTOWFeYRU5EpnfeS5+ZuPNQZXuDalZYEFlgMZc2TkmF/PIBKhBg==\",\r\n  \"secondary\": \"zkP4SqUquW+Vc9Uwu6iAl/EfvrKiUzWznxunIdvDPGngakhTFrmysae7LEF0EI6BzqPrWHngaKzlsbKoQTcQdQ==\"\r\n}",
      "ResponseHeaders": {
        "Content-Length": [
          "229"
        ],
        "Content-Type": [
          "application/json; charset=utf-8"
        ],
        "Expires": [
          "-1"
        ],
        "Pragma": [
          "no-cache"
        ],
        "request-id": [
          "2b4e1a73-0e7f-4299-8ef9-83db2196c376"
        ],
        "Strict-Transport-Security": [
          "max-age=31536000; includeSubDomains"
        ],
        "x-ms-ratelimit-remaining-subscription-writes": [
          "1186"
        ],
        "x-ms-request-id": [
          "687aca50-86c6-4b05-9f6d-5480455d09e9"
        ],
        "x-ms-correlation-request-id": [
          "687aca50-86c6-4b05-9f6d-5480455d09e9"
        ],
        "x-ms-routing-request-id": [
          "WESTUS:20151027T002922Z:687aca50-86c6-4b05-9f6d-5480455d09e9"
        ],
        "Cache-Control": [
          "no-cache"
        ],
        "Date": [
          "Tue, 27 Oct 2015 00:29:22 GMT"
        ],
        "Server": [
          "Microsoft-HTTPAPI/2.0"
        ]
      },
      "StatusCode": 200
    },
    {
      "RequestUri": "/subscriptions/6368ed38-3570-481f-b4fa-1d0a6e8d3f3b/resourceGroups/default-azurebatch-eastus/providers/Microsoft.Batch/batchAccounts/pstests/listKeys?api-version=2015-09-01",
      "EncodedRequestUri": "L3N1YnNjcmlwdGlvbnMvNjM2OGVkMzgtMzU3MC00ODFmLWI0ZmEtMWQwYTZlOGQzZjNiL3Jlc291cmNlR3JvdXBzL2RlZmF1bHQtYXp1cmViYXRjaC1lYXN0dXMvcHJvdmlkZXJzL01pY3Jvc29mdC5CYXRjaC9iYXRjaEFjY291bnRzL3BzdGVzdHMvbGlzdEtleXM/YXBpLXZlcnNpb249MjAxNS0wOS0wMQ==",
      "RequestMethod": "POST",
      "RequestBody": "",
      "RequestHeaders": {
        "x-ms-version": [
          "2015-09-01"
        ],
        "User-Agent": [
          "Microsoft.Azure.Management.Batch.BatchManagementClient/1.0.0.0"
        ]
      },
      "ResponseBody": "{\r\n  \"accountName\": \"pstests\",\r\n  \"primary\": \"hIsQ4xSEK40UEhQPO1ixIV6kxX2Kd7WldCNgTOWFeYRU5EpnfeS5+ZuPNQZXuDalZYEFlgMZc2TkmF/PIBKhBg==\",\r\n  \"secondary\": \"zkP4SqUquW+Vc9Uwu6iAl/EfvrKiUzWznxunIdvDPGngakhTFrmysae7LEF0EI6BzqPrWHngaKzlsbKoQTcQdQ==\"\r\n}",
      "ResponseHeaders": {
        "Content-Length": [
          "229"
        ],
        "Content-Type": [
          "application/json; charset=utf-8"
        ],
        "Expires": [
          "-1"
        ],
        "Pragma": [
          "no-cache"
        ],
        "request-id": [
          "ec131fcc-7ccb-44a9-8235-1278ade5a91e"
        ],
        "Strict-Transport-Security": [
          "max-age=31536000; includeSubDomains"
        ],
        "x-ms-ratelimit-remaining-subscription-writes": [
          "1185"
        ],
        "x-ms-request-id": [
          "9f8fbb81-4623-4f28-933e-b060cded495c"
        ],
        "x-ms-correlation-request-id": [
          "9f8fbb81-4623-4f28-933e-b060cded495c"
        ],
        "x-ms-routing-request-id": [
          "WESTUS:20151027T002926Z:9f8fbb81-4623-4f28-933e-b060cded495c"
        ],
        "Cache-Control": [
          "no-cache"
        ],
        "Date": [
          "Tue, 27 Oct 2015 00:29:26 GMT"
        ],
        "Server": [
          "Microsoft-HTTPAPI/2.0"
        ]
      },
      "StatusCode": 200
    },
    {
      "RequestUri": "/pools/testPool/nodes?api-version=2015-06-01.2.0&timeout=30",
      "EncodedRequestUri": "L3Bvb2xzL3Rlc3RQb29sL25vZGVzP2FwaS12ZXJzaW9uPTIwMTUtMDYtMDEuMi4wJnRpbWVvdXQ9MzA=",
      "RequestMethod": "GET",
      "RequestBody": "",
      "RequestHeaders": {
        "client-request-id": [
          "c3b14d14-f38f-4d16-9be6-8c80aa867f51"
        ],
        "ocp-date": [
          "Tue, 27 Oct 2015 00:29:23 GMT"
        ],
        "return-client-request-id": [
          "true"
        ],
        "User-Agent": [
          "Microsoft.Azure.Batch.Protocol.BatchRestClient/2.0.2.0",
          "AzBatch/2.0.2.0"
        ]
      },
      "ResponseBody": "{\r\n  \"odata.metadata\": \"https://pstests.eastus.batch.azure.com/$metadata#nodes\",\r\n  \"value\": [\r\n    {\r\n      \"id\": \"tvm-1915592855_2-20151026t232643z\",\r\n      \"url\": \"https://pstests.eastus.batch.azure.com/pools/testPool/nodes/tvm-1915592855_2-20151026t232643z\",\r\n      \"state\": \"idle\",\r\n      \"stateTransitionTime\": \"2015-10-26T23:31:17.2875645Z\",\r\n      \"lastBootTime\": \"2015-10-26T23:31:17.1865603Z\",\r\n      \"allocationTime\": \"2015-10-26T23:26:43.7007787Z\",\r\n      \"ipAddress\": \"100.119.52.148\",\r\n      \"affinityId\": \"TVM:tvm-1915592855_2-20151026t232643z\",\r\n      \"vmSize\": \"small\",\r\n      \"totalTasksRun\": 5,\r\n      \"startTask\": {\r\n        \"commandLine\": \"cmd /c echo hello\",\r\n        \"runElevated\": false,\r\n        \"maxTaskRetryCount\": 0,\r\n        \"waitForSuccess\": false\r\n      },\r\n      \"startTaskInfo\": {\r\n        \"state\": \"completed\",\r\n        \"startTime\": \"2015-10-26T23:31:17.3395662Z\",\r\n        \"endTime\": \"2015-10-26T23:31:18.818613Z\",\r\n        \"exitCode\": 0,\r\n        \"retryCount\": 0\r\n      }\r\n    },\r\n    {\r\n      \"id\": \"tvm-1915592855_3-20151026t232643z\",\r\n      \"url\": \"https://pstests.eastus.batch.azure.com/pools/testPool/nodes/tvm-1915592855_3-20151026t232643z\",\r\n      \"state\": \"idle\",\r\n      \"stateTransitionTime\": \"2015-10-26T23:31:36.5379458Z\",\r\n      \"lastBootTime\": \"2015-10-26T23:31:36.4389458Z\",\r\n      \"allocationTime\": \"2015-10-26T23:26:43.7007787Z\",\r\n      \"ipAddress\": \"100.119.60.28\",\r\n      \"affinityId\": \"TVM:tvm-1915592855_3-20151026t232643z\",\r\n      \"vmSize\": \"small\",\r\n      \"totalTasksRun\": 19,\r\n      \"startTask\": {\r\n        \"commandLine\": \"cmd /c echo hello\",\r\n        \"runElevated\": false,\r\n        \"maxTaskRetryCount\": 0,\r\n        \"waitForSuccess\": false\r\n      },\r\n      \"startTaskInfo\": {\r\n        \"state\": \"completed\",\r\n        \"startTime\": \"2015-10-26T23:31:36.5876597Z\",\r\n        \"endTime\": \"2015-10-26T23:31:38.5174835Z\",\r\n        \"exitCode\": 0,\r\n        \"retryCount\": 0\r\n      }\r\n    }\r\n  ]\r\n}",
      "ResponseHeaders": {
        "Content-Type": [
          "application/json; odata=minimalmetadata"
        ],
        "Transfer-Encoding": [
          "chunked"
        ],
        "request-id": [
          "22371743-f4b4-41a2-98cb-3ae873a2d65b"
        ],
        "Strict-Transport-Security": [
          "max-age=31536000; includeSubDomains"
        ],
        "client-request-id": [
          "c3b14d14-f38f-4d16-9be6-8c80aa867f51"
        ],
        "DataServiceVersion": [
          "3.0"
        ],
        "Date": [
          "Tue, 27 Oct 2015 00:29:21 GMT"
        ],
        "Server": [
          "Microsoft-HTTPAPI/2.0"
        ]
      },
      "StatusCode": 200
    },
    {
      "RequestUri": "/pools/testPool/nodes/tvm-1915592855_2-20151026t232643z/users?api-version=2015-06-01.2.0&timeout=30",
      "EncodedRequestUri": "L3Bvb2xzL3Rlc3RQb29sL25vZGVzL3R2bS0xOTE1NTkyODU1XzItMjAxNTEwMjZ0MjMyNjQzei91c2Vycz9hcGktdmVyc2lvbj0yMDE1LTA2LTAxLjIuMCZ0aW1lb3V0PTMw",
      "RequestMethod": "POST",
      "RequestBody": "{\r\n  \"name\": \"deleteuser\",\r\n  \"isAdmin\": false,\r\n  \"expiryTime\": \"0001-01-01T00:00:00\",\r\n  \"password\": \"Password1234!\"\r\n}",
      "RequestHeaders": {
        "Content-Type": [
          "application/json; odata=minimalmetadata"
        ],
        "Content-Length": [
          "121"
        ],
        "client-request-id": [
          "1cf34ac9-f3c1-4587-8beb-2f80f5f52911"
        ],
        "ocp-date": [
          "Tue, 27 Oct 2015 00:29:23 GMT"
        ],
        "return-client-request-id": [
          "true"
        ],
        "User-Agent": [
          "Microsoft.Azure.Batch.Protocol.BatchRestClient/2.0.2.0",
          "AzBatch/2.0.2.0"
        ]
      },
      "ResponseBody": "",
      "ResponseHeaders": {
        "Transfer-Encoding": [
          "chunked"
        ],
        "request-id": [
          "0e63b622-3128-4885-a343-eaf212ddc9df"
        ],
        "Strict-Transport-Security": [
          "max-age=31536000; includeSubDomains"
        ],
        "client-request-id": [
          "1cf34ac9-f3c1-4587-8beb-2f80f5f52911"
        ],
        "DataServiceVersion": [
          "3.0"
        ],
        "DataServiceId": [
          "https://pstests.eastus.batch.azure.com/pools/testPool/nodes/tvm-1915592855_2-20151026t232643z/users/deleteuser"
        ],
        "Date": [
          "Tue, 27 Oct 2015 00:29:21 GMT"
        ],
        "Location": [
          "https://pstests.eastus.batch.azure.com/pools/testPool/nodes/tvm-1915592855_2-20151026t232643z/users/deleteuser"
        ],
        "Server": [
          "Microsoft-HTTPAPI/2.0"
        ]
      },
      "StatusCode": 201
    },
    {
      "RequestUri": "/pools/testPool/nodes/tvm-1915592855_2-20151026t232643z/users?api-version=2015-06-01.2.0&timeout=30",
      "EncodedRequestUri": "L3Bvb2xzL3Rlc3RQb29sL25vZGVzL3R2bS0xOTE1NTkyODU1XzItMjAxNTEwMjZ0MjMyNjQzei91c2Vycz9hcGktdmVyc2lvbj0yMDE1LTA2LTAxLjIuMCZ0aW1lb3V0PTMw",
      "RequestMethod": "POST",
      "RequestBody": "{\r\n  \"name\": \"deleteuser\",\r\n  \"isAdmin\": false,\r\n  \"expiryTime\": \"0001-01-01T00:00:00\",\r\n  \"password\": \"Password1234!\"\r\n}",
      "RequestHeaders": {
        "Content-Type": [
          "application/json; odata=minimalmetadata"
        ],
        "Content-Length": [
          "121"
        ],
        "client-request-id": [
          "1cf34ac9-f3c1-4587-8beb-2f80f5f52911"
        ],
        "ocp-date": [
          "Tue, 27 Oct 2015 00:29:23 GMT"
        ],
        "return-client-request-id": [
          "true"
        ],
        "User-Agent": [
          "Microsoft.Azure.Batch.Protocol.BatchRestClient/2.0.2.0",
          "AzBatch/2.0.2.0"
        ]
      },
      "ResponseBody": "",
      "ResponseHeaders": {
        "Transfer-Encoding": [
          "chunked"
        ],
        "request-id": [
          "0e63b622-3128-4885-a343-eaf212ddc9df"
        ],
        "Strict-Transport-Security": [
          "max-age=31536000; includeSubDomains"
        ],
        "client-request-id": [
          "1cf34ac9-f3c1-4587-8beb-2f80f5f52911"
        ],
        "DataServiceVersion": [
          "3.0"
        ],
        "DataServiceId": [
          "https://pstests.eastus.batch.azure.com/pools/testPool/nodes/tvm-1915592855_2-20151026t232643z/users/deleteuser"
        ],
        "Date": [
          "Tue, 27 Oct 2015 00:29:21 GMT"
        ],
        "Location": [
          "https://pstests.eastus.batch.azure.com/pools/testPool/nodes/tvm-1915592855_2-20151026t232643z/users/deleteuser"
        ],
        "Server": [
          "Microsoft-HTTPAPI/2.0"
        ]
      },
      "StatusCode": 201
    },
    {
      "RequestUri": "/pools/testPool/nodes/tvm-1915592855_2-20151026t232643z/users/deleteuser?api-version=2015-06-01.2.0&timeout=30",
      "EncodedRequestUri": "L3Bvb2xzL3Rlc3RQb29sL25vZGVzL3R2bS0xOTE1NTkyODU1XzItMjAxNTEwMjZ0MjMyNjQzei91c2Vycy9kZWxldGV1c2VyP2FwaS12ZXJzaW9uPTIwMTUtMDYtMDEuMi4wJnRpbWVvdXQ9MzA=",
      "RequestMethod": "DELETE",
      "RequestBody": "",
      "RequestHeaders": {
        "client-request-id": [
          "b1b7a577-cc61-4c68-bc11-ac6dadc035f8"
        ],
        "ocp-date": [
          "Tue, 27 Oct 2015 00:29:26 GMT"
        ],
        "return-client-request-id": [
          "true"
        ],
        "User-Agent": [
          "Microsoft.Azure.Batch.Protocol.BatchRestClient/2.0.2.0",
          "AzBatch/2.0.2.0"
        ]
      },
      "ResponseBody": "",
      "ResponseHeaders": {
        "Transfer-Encoding": [
          "chunked"
        ],
        "request-id": [
          "b1416a7e-ec09-4eab-a1ac-af44dc2d4b9f"
        ],
        "Strict-Transport-Security": [
          "max-age=31536000; includeSubDomains"
        ],
        "client-request-id": [
          "b1b7a577-cc61-4c68-bc11-ac6dadc035f8"
        ],
        "DataServiceVersion": [
          "3.0"
        ],
        "Date": [
          "Tue, 27 Oct 2015 00:29:28 GMT"
        ],
        "Server": [
          "Microsoft-HTTPAPI/2.0"
        ]
      },
      "StatusCode": 200
    },
    {
      "RequestUri": "/pools/testPool/nodes/tvm-1915592855_2-20151026t232643z/users/deleteuser?api-version=2015-06-01.2.0&timeout=30",
      "EncodedRequestUri": "L3Bvb2xzL3Rlc3RQb29sL25vZGVzL3R2bS0xOTE1NTkyODU1XzItMjAxNTEwMjZ0MjMyNjQzei91c2Vycy9kZWxldGV1c2VyP2FwaS12ZXJzaW9uPTIwMTUtMDYtMDEuMi4wJnRpbWVvdXQ9MzA=",
      "RequestMethod": "DELETE",
      "RequestBody": "",
      "RequestHeaders": {
        "client-request-id": [
          "7ec53090-3bc2-498b-80ba-2b180d9603f1"
        ],
        "ocp-date": [
          "Tue, 27 Oct 2015 00:29:27 GMT"
        ],
        "return-client-request-id": [
          "true"
        ],
        "User-Agent": [
          "Microsoft.Azure.Batch.Protocol.BatchRestClient/2.0.2.0",
          "AzBatch/2.0.2.0"
        ]
      },
      "ResponseBody": "{\r\n  \"odata.metadata\": \"https://pstests.eastus.batch.azure.com/$metadata#Microsoft.Azure.Batch.Protocol.Entities.Container.errors/@Element\",\r\n  \"code\": \"NodeUserNotFound\",\r\n  \"message\": {\r\n    \"lang\": \"en-US\",\r\n    \"value\": \"The specified node user does not exist.\\nRequestId:4f95f259-e110-48b5-8a5f-3a3a0e9abeaa\\nTime:2015-10-27T00:29:29.4629123Z\"\r\n  }\r\n}",
      "ResponseHeaders": {
        "Content-Length": [
          "337"
        ],
        "Content-Type": [
          "application/json; odata=minimalmetadata"
        ],
        "request-id": [
          "4f95f259-e110-48b5-8a5f-3a3a0e9abeaa"
        ],
        "Strict-Transport-Security": [
          "max-age=31536000; includeSubDomains"
        ],
        "client-request-id": [
          "7ec53090-3bc2-498b-80ba-2b180d9603f1"
        ],
        "DataServiceVersion": [
          "3.0"
        ],
        "Date": [
          "Tue, 27 Oct 2015 00:29:28 GMT"
        ],
        "Server": [
          "Microsoft-HTTPAPI/2.0"
        ]
      },
      "StatusCode": 404
    },
    {
      "RequestUri": "/pools/testPool/nodes/tvm-1915592855_2-20151026t232643z/users/deleteuser?api-version=2015-06-01.2.0&timeout=30",
      "EncodedRequestUri": "L3Bvb2xzL3Rlc3RQb29sL25vZGVzL3R2bS0xOTE1NTkyODU1XzItMjAxNTEwMjZ0MjMyNjQzei91c2Vycy9kZWxldGV1c2VyP2FwaS12ZXJzaW9uPTIwMTUtMDYtMDEuMi4wJnRpbWVvdXQ9MzA=",
      "RequestMethod": "DELETE",
      "RequestBody": "",
      "RequestHeaders": {
        "client-request-id": [
          "7ec53090-3bc2-498b-80ba-2b180d9603f1"
        ],
        "ocp-date": [
          "Tue, 27 Oct 2015 00:29:27 GMT"
        ],
        "return-client-request-id": [
          "true"
        ],
        "User-Agent": [
          "Microsoft.Azure.Batch.Protocol.BatchRestClient/2.0.2.0",
          "AzBatch/2.0.2.0"
        ]
      },
      "ResponseBody": "{\r\n  \"odata.metadata\": \"https://pstests.eastus.batch.azure.com/$metadata#Microsoft.Azure.Batch.Protocol.Entities.Container.errors/@Element\",\r\n  \"code\": \"NodeUserNotFound\",\r\n  \"message\": {\r\n    \"lang\": \"en-US\",\r\n    \"value\": \"The specified node user does not exist.\\nRequestId:4f95f259-e110-48b5-8a5f-3a3a0e9abeaa\\nTime:2015-10-27T00:29:29.4629123Z\"\r\n  }\r\n}",
      "ResponseHeaders": {
        "Content-Length": [
          "337"
        ],
        "Content-Type": [
          "application/json; odata=minimalmetadata"
        ],
        "request-id": [
          "4f95f259-e110-48b5-8a5f-3a3a0e9abeaa"
        ],
        "Strict-Transport-Security": [
          "max-age=31536000; includeSubDomains"
        ],
        "client-request-id": [
          "7ec53090-3bc2-498b-80ba-2b180d9603f1"
        ],
        "DataServiceVersion": [
          "3.0"
        ],
        "Date": [
          "Tue, 27 Oct 2015 00:29:28 GMT"
        ],
        "Server": [
          "Microsoft-HTTPAPI/2.0"
        ]
      },
      "StatusCode": 404
    }
  ],
  "Names": {},
  "Variables": {
    "SubscriptionId": "6368ed38-3570-481f-b4fa-1d0a6e8d3f3b"
  }
}