{
  "Entries": [
    {
      "RequestUri": "/subscriptions/259fbb24-9bcd-4cfc-865c-fc33b22fe38a/resourcegroups/CosmosDBResourceGroup38?api-version=2016-09-01",
      "EncodedRequestUri": "L3N1YnNjcmlwdGlvbnMvMjU5ZmJiMjQtOWJjZC00Y2ZjLTg2NWMtZmMzM2IyMmZlMzhhL3Jlc291cmNlZ3JvdXBzL0Nvc21vc0RCUmVzb3VyY2VHcm91cDM4P2FwaS12ZXJzaW9uPTIwMTYtMDktMDE=",
      "RequestMethod": "PUT",
      "RequestHeaders": {
        "x-ms-client-request-id": [
          "b6253800-67b5-4a33-8c3e-d3c5f72f0773"
        ],
        "Accept-Language": [
          "en-US"
        ],
        "User-Agent": [
          "FxVersion/4.700.22.41602",
          "OSName/Windows",
          "OSVersion/Microsoft.Windows.10.0.19044",
          "Microsoft.Azure.Management.Internal.Resources.ResourceManagementClient/1.3.61"
        ],
        "Content-Type": [
          "application/json; charset=utf-8"
        ],
        "Content-Length": [
          "29"
        ]
      },
      "RequestBody": "{\r\n  \"location\": \"East US\"\r\n}",
      "ResponseHeaders": {
        "Cache-Control": [
          "no-cache"
        ],
        "Pragma": [
          "no-cache"
        ],
        "x-ms-ratelimit-remaining-subscription-writes": [
          "1198"
        ],
        "x-ms-request-id": [
          "d6314039-062d-469c-8ed9-c59644a95754"
        ],
        "x-ms-correlation-request-id": [
          "d6314039-062d-469c-8ed9-c59644a95754"
        ],
        "x-ms-routing-request-id": [
          "EASTUS:20220928T090128Z:d6314039-062d-469c-8ed9-c59644a95754"
        ],
        "Strict-Transport-Security": [
          "max-age=31536000; includeSubDomains"
        ],
        "X-Content-Type-Options": [
          "nosniff"
        ],
        "Date": [
          "Wed, 28 Sep 2022 09:01:28 GMT"
        ],
        "Content-Length": [
          "199"
        ],
        "Content-Type": [
          "application/json; charset=utf-8"
        ],
        "Expires": [
          "-1"
        ]
      },
      "ResponseBody": "{\r\n  \"id\": \"/subscriptions/259fbb24-9bcd-4cfc-865c-fc33b22fe38a/resourceGroups/CosmosDBResourceGroup38\",\r\n  \"name\": \"CosmosDBResourceGroup38\",\r\n  \"location\": \"eastus\",\r\n  \"properties\": {\r\n    \"provisioningState\": \"Succeeded\"\r\n  }\r\n}",
      "StatusCode": 201
    },
    {
      "RequestUri": "/subscriptions/259fbb24-9bcd-4cfc-865c-fc33b22fe38a/resourceGroups/CosmosDBResourceGroup38/providers/Microsoft.DocumentDB/databaseAccounts/table-db2528?api-version=2022-08-15-preview",
      "EncodedRequestUri": "L3N1YnNjcmlwdGlvbnMvMjU5ZmJiMjQtOWJjZC00Y2ZjLTg2NWMtZmMzM2IyMmZlMzhhL3Jlc291cmNlR3JvdXBzL0Nvc21vc0RCUmVzb3VyY2VHcm91cDM4L3Byb3ZpZGVycy9NaWNyb3NvZnQuRG9jdW1lbnREQi9kYXRhYmFzZUFjY291bnRzL3RhYmxlLWRiMjUyOD9hcGktdmVyc2lvbj0yMDIyLTA4LTE1LXByZXZpZXc=",
      "RequestMethod": "GET",
      "RequestHeaders": {
        "x-ms-client-request-id": [
          "09ed3b9b-461a-4327-b63f-eda30568a357"
        ],
        "Accept-Language": [
          "en-US"
        ],
        "User-Agent": [
          "FxVersion/4.700.22.41602",
          "OSName/Windows",
          "OSVersion/Microsoft.Windows.10.0.19044",
          "Microsoft.Azure.Management.CosmosDB.CosmosDBManagementClient/3.7.0.0"
        ]
      },
      "RequestBody": "",
      "ResponseHeaders": {
        "Cache-Control": [
          "no-cache"
        ],
        "Pragma": [
          "no-cache"
        ],
        "x-ms-failure-cause": [
          "gateway"
        ],
        "x-ms-request-id": [
          "ff5e3948-d385-4b71-8730-800d4376e6d1"
        ],
        "x-ms-correlation-request-id": [
          "ff5e3948-d385-4b71-8730-800d4376e6d1"
        ],
        "x-ms-routing-request-id": [
          "EASTUS:20220928T090128Z:ff5e3948-d385-4b71-8730-800d4376e6d1"
        ],
        "Strict-Transport-Security": [
          "max-age=31536000; includeSubDomains"
        ],
        "X-Content-Type-Options": [
          "nosniff"
        ],
        "Date": [
          "Wed, 28 Sep 2022 09:01:28 GMT"
        ],
        "Content-Type": [
          "application/json; charset=utf-8"
        ],
        "Expires": [
          "-1"
        ],
        "Content-Length": [
          "245"
        ]
      },
      "ResponseBody": "{\r\n  \"error\": {\r\n    \"code\": \"ResourceNotFound\",\r\n    \"message\": \"The Resource 'Microsoft.DocumentDB/databaseAccounts/table-db2528' under resource group 'CosmosDBResourceGroup38' was not found. For more details please go to https://aka.ms/ARMResourceNotFoundFix\"\r\n  }\r\n}",
      "StatusCode": 404
    },
    {
      "RequestUri": "/subscriptions/259fbb24-9bcd-4cfc-865c-fc33b22fe38a/resourceGroups/CosmosDBResourceGroup38/providers/Microsoft.DocumentDB/databaseAccounts/table-db2528?api-version=2022-08-15-preview",
      "EncodedRequestUri": "L3N1YnNjcmlwdGlvbnMvMjU5ZmJiMjQtOWJjZC00Y2ZjLTg2NWMtZmMzM2IyMmZlMzhhL3Jlc291cmNlR3JvdXBzL0Nvc21vc0RCUmVzb3VyY2VHcm91cDM4L3Byb3ZpZGVycy9NaWNyb3NvZnQuRG9jdW1lbnREQi9kYXRhYmFzZUFjY291bnRzL3RhYmxlLWRiMjUyOD9hcGktdmVyc2lvbj0yMDIyLTA4LTE1LXByZXZpZXc=",
      "RequestMethod": "GET",
      "RequestHeaders": {
        "x-ms-client-request-id": [
          "09ed3b9b-461a-4327-b63f-eda30568a357"
        ],
        "User-Agent": [
          "FxVersion/4.700.22.41602",
          "OSName/Windows",
          "OSVersion/Microsoft.Windows.10.0.19044",
          "Microsoft.Azure.Management.CosmosDB.CosmosDBManagementClient/3.7.0.0"
        ]
      },
      "RequestBody": "",
      "ResponseHeaders": {
        "Cache-Control": [
          "no-store, no-cache"
        ],
        "Pragma": [
          "no-cache"
        ],
        "Strict-Transport-Security": [
          "max-age=31536000; includeSubDomains"
        ],
        "x-ms-gatewayversion": [
          "version=2.14.0"
        ],
        "Server": [
          "Microsoft-HTTPAPI/2.0"
        ],
        "x-ms-ratelimit-remaining-subscription-reads": [
          "11991"
        ],
        "x-ms-request-id": [
          "d8af6269-f3aa-406e-94c0-7d960d84ae7e"
        ],
        "x-ms-correlation-request-id": [
          "d8af6269-f3aa-406e-94c0-7d960d84ae7e"
        ],
        "x-ms-routing-request-id": [
          "EASTUS:20220928T090433Z:d8af6269-f3aa-406e-94c0-7d960d84ae7e"
        ],
        "X-Content-Type-Options": [
          "nosniff"
        ],
        "Date": [
          "Wed, 28 Sep 2022 09:04:32 GMT"
        ],
        "Content-Length": [
          "2670"
        ],
        "Content-Type": [
          "application/json"
        ]
      },
      "ResponseBody": "{\r\n  \"id\": \"/subscriptions/259fbb24-9bcd-4cfc-865c-fc33b22fe38a/resourceGroups/CosmosDBResourceGroup38/providers/Microsoft.DocumentDB/databaseAccounts/table-db2528\",\r\n  \"name\": \"table-db2528\",\r\n  \"location\": \"East US\",\r\n  \"type\": \"Microsoft.DocumentDB/databaseAccounts\",\r\n  \"kind\": \"GlobalDocumentDB\",\r\n  \"tags\": {},\r\n  \"systemData\": {\r\n    \"createdAt\": \"2022-09-28T09:03:44.0530869Z\"\r\n  },\r\n  \"properties\": {\r\n    \"provisioningState\": \"Succeeded\",\r\n    \"documentEndpoint\": \"https://table-db2528.documents.azure.com:443/\",\r\n    \"tableEndpoint\": \"https://table-db2528.table.cosmos.azure.com:443/\",\r\n    \"publicNetworkAccess\": \"Enabled\",\r\n    \"enableAutomaticFailover\": true,\r\n    \"enableMultipleWriteLocations\": false,\r\n    \"enablePartitionKeyMonitor\": false,\r\n    \"isVirtualNetworkFilterEnabled\": false,\r\n    \"virtualNetworkRules\": [],\r\n    \"EnabledApiTypes\": \"Table, Sql\",\r\n    \"disableKeyBasedMetadataWriteAccess\": false,\r\n    \"enableFreeTier\": false,\r\n    \"enableAnalyticalStorage\": false,\r\n    \"analyticalStorageConfiguration\": {\r\n      \"schemaType\": \"WellDefined\"\r\n    },\r\n    \"instanceId\": \"7f9f5108-e314-4560-9f4e-a2e756ecd7fe\",\r\n    \"databaseAccountOfferType\": \"Standard\",\r\n    \"defaultIdentity\": \"FirstPartyIdentity\",\r\n    \"networkAclBypass\": \"None\",\r\n    \"disableLocalAuth\": false,\r\n    \"enablePartitionMerge\": false,\r\n    \"consistencyPolicy\": {\r\n      \"defaultConsistencyLevel\": \"Session\",\r\n      \"maxIntervalInSeconds\": 5,\r\n      \"maxStalenessPrefix\": 100\r\n    },\r\n    \"configurationOverrides\": {},\r\n    \"writeLocations\": [\r\n      {\r\n        \"id\": \"table-db2528-eastus\",\r\n        \"locationName\": \"East US\",\r\n        \"documentEndpoint\": \"https://table-db2528-eastus.documents.azure.com:443/\",\r\n        \"provisioningState\": \"Succeeded\",\r\n        \"failoverPriority\": 0,\r\n        \"isZoneRedundant\": false\r\n      }\r\n    ],\r\n    \"readLocations\": [\r\n      {\r\n        \"id\": \"table-db2528-eastus\",\r\n        \"locationName\": \"East US\",\r\n        \"documentEndpoint\": \"https://table-db2528-eastus.documents.azure.com:443/\",\r\n        \"provisioningState\": \"Succeeded\",\r\n        \"failoverPriority\": 0,\r\n        \"isZoneRedundant\": false\r\n      }\r\n    ],\r\n    \"locations\": [\r\n      {\r\n        \"id\": \"table-db2528-eastus\",\r\n        \"locationName\": \"East US\",\r\n        \"documentEndpoint\": \"https://table-db2528-eastus.documents.azure.com:443/\",\r\n        \"provisioningState\": \"Succeeded\",\r\n        \"failoverPriority\": 0,\r\n        \"isZoneRedundant\": false\r\n      }\r\n    ],\r\n    \"failoverPolicies\": [\r\n      {\r\n        \"id\": \"table-db2528-eastus\",\r\n        \"locationName\": \"East US\",\r\n        \"failoverPriority\": 0\r\n      }\r\n    ],\r\n    \"cors\": [],\r\n    \"capabilities\": [\r\n      {\r\n        \"name\": \"EnableTable\"\r\n      }\r\n    ],\r\n    \"ipRules\": [],\r\n    \"backupPolicy\": {\r\n      \"type\": \"Periodic\",\r\n      \"periodicModeProperties\": {\r\n        \"backupIntervalInMinutes\": 240,\r\n        \"backupRetentionIntervalInHours\": 8,\r\n        \"backupStorageRedundancy\": \"Geo\"\r\n      }\r\n    },\r\n    \"networkAclBypassResourceIds\": [],\r\n    \"diagnosticLogSettings\": {\r\n      \"enableFullTextQuery\": \"None\"\r\n    },\r\n    \"keysMetadata\": {\r\n      \"primaryMasterKey\": {\r\n        \"generationTime\": \"2022-09-28T09:03:44.0530869Z\"\r\n      },\r\n      \"secondaryMasterKey\": {\r\n        \"generationTime\": \"2022-09-28T09:03:44.0530869Z\"\r\n      },\r\n      \"primaryReadonlyMasterKey\": {\r\n        \"generationTime\": \"2022-09-28T09:03:44.0530869Z\"\r\n      },\r\n      \"secondaryReadonlyMasterKey\": {\r\n        \"generationTime\": \"2022-09-28T09:03:44.0530869Z\"\r\n      }\r\n    }\r\n  },\r\n  \"identity\": {\r\n    \"type\": \"None\"\r\n  }\r\n}",
      "StatusCode": 200
    },
    {
      "RequestUri": "/subscriptions/259fbb24-9bcd-4cfc-865c-fc33b22fe38a/resourceGroups/CosmosDBResourceGroup38/providers/Microsoft.DocumentDB/databaseAccounts/table-db2528?api-version=2022-08-15-preview",
      "EncodedRequestUri": "L3N1YnNjcmlwdGlvbnMvMjU5ZmJiMjQtOWJjZC00Y2ZjLTg2NWMtZmMzM2IyMmZlMzhhL3Jlc291cmNlR3JvdXBzL0Nvc21vc0RCUmVzb3VyY2VHcm91cDM4L3Byb3ZpZGVycy9NaWNyb3NvZnQuRG9jdW1lbnREQi9kYXRhYmFzZUFjY291bnRzL3RhYmxlLWRiMjUyOD9hcGktdmVyc2lvbj0yMDIyLTA4LTE1LXByZXZpZXc=",
      "RequestMethod": "PUT",
      "RequestHeaders": {
        "x-ms-client-request-id": [
          "09ed3b9b-461a-4327-b63f-eda30568a357"
        ],
        "Accept-Language": [
          "en-US"
        ],
        "User-Agent": [
          "FxVersion/4.700.22.41602",
          "OSName/Windows",
          "OSVersion/Microsoft.Windows.10.0.19044",
          "Microsoft.Azure.Management.CosmosDB.CosmosDBManagementClient/3.7.0.0"
        ],
        "Content-Type": [
          "application/json; charset=utf-8"
        ],
        "Content-Length": [
          "670"
        ]
      },
      "RequestBody": "{\r\n  \"properties\": {\r\n    \"consistencyPolicy\": {\r\n      \"defaultConsistencyLevel\": \"Session\"\r\n    },\r\n    \"locations\": [\r\n      {\r\n        \"locationName\": \"East Us\",\r\n        \"failoverPriority\": 0,\r\n        \"isZoneRedundant\": false\r\n      }\r\n    ],\r\n    \"isVirtualNetworkFilterEnabled\": false,\r\n    \"enableAutomaticFailover\": true,\r\n    \"capabilities\": [\r\n      {\r\n        \"name\": \"EnableTable\"\r\n      }\r\n    ],\r\n    \"virtualNetworkRules\": [],\r\n    \"enableMultipleWriteLocations\": false,\r\n    \"disableKeyBasedMetadataWriteAccess\": false,\r\n    \"networkAclBypassResourceIds\": [],\r\n    \"databaseAccountOfferType\": \"Standard\"\r\n  },\r\n  \"location\": \"East Us\",\r\n  \"tags\": {}\r\n}",
      "ResponseHeaders": {
        "Cache-Control": [
          "no-store, no-cache"
        ],
        "Pragma": [
          "no-cache"
        ],
        "Location": [
          "https://management.azure.com/subscriptions/259fbb24-9bcd-4cfc-865c-fc33b22fe38a/resourceGroups/CosmosDBResourceGroup38/providers/Microsoft.DocumentDB/databaseAccounts/table-db2528/operationResults/f670e669-ddf8-43c2-a410-d0b10dafc676?api-version=2022-08-15-preview"
        ],
        "x-ms-request-id": [
          "f670e669-ddf8-43c2-a410-d0b10dafc676"
        ],
        "Azure-AsyncOperation": [
          "https://management.azure.com/subscriptions/259fbb24-9bcd-4cfc-865c-fc33b22fe38a/providers/Microsoft.DocumentDB/locations/eastus/operationsStatus/f670e669-ddf8-43c2-a410-d0b10dafc676?api-version=2022-08-15-preview"
        ],
        "Strict-Transport-Security": [
          "max-age=31536000; includeSubDomains"
        ],
        "x-ms-gatewayversion": [
          "version=2.14.0"
        ],
        "Server": [
          "Microsoft-HTTPAPI/2.0"
        ],
        "x-ms-ratelimit-remaining-subscription-writes": [
          "1199"
        ],
        "x-ms-correlation-request-id": [
          "d4d682d6-5b25-4bb6-a002-7000d9b594ab"
        ],
        "x-ms-routing-request-id": [
          "EASTUS:20220928T090132Z:d4d682d6-5b25-4bb6-a002-7000d9b594ab"
        ],
        "X-Content-Type-Options": [
          "nosniff"
        ],
        "Date": [
          "Wed, 28 Sep 2022 09:01:32 GMT"
        ],
        "Content-Length": [
          "2296"
        ],
        "Content-Type": [
          "application/json"
        ]
      },
      "ResponseBody": "{\r\n  \"id\": \"/subscriptions/259fbb24-9bcd-4cfc-865c-fc33b22fe38a/resourceGroups/CosmosDBResourceGroup38/providers/Microsoft.DocumentDB/databaseAccounts/table-db2528\",\r\n  \"name\": \"table-db2528\",\r\n  \"location\": \"East US\",\r\n  \"type\": \"Microsoft.DocumentDB/databaseAccounts\",\r\n  \"kind\": \"GlobalDocumentDB\",\r\n  \"tags\": {},\r\n  \"systemData\": {\r\n    \"createdAt\": \"2022-09-28T09:01:31.0617423Z\"\r\n  },\r\n  \"properties\": {\r\n    \"provisioningState\": \"Creating\",\r\n    \"publicNetworkAccess\": \"Enabled\",\r\n    \"enableAutomaticFailover\": true,\r\n    \"enableMultipleWriteLocations\": false,\r\n    \"enablePartitionKeyMonitor\": false,\r\n    \"isVirtualNetworkFilterEnabled\": false,\r\n    \"virtualNetworkRules\": [],\r\n    \"EnabledApiTypes\": \"Table, Sql\",\r\n    \"disableKeyBasedMetadataWriteAccess\": false,\r\n    \"enableFreeTier\": false,\r\n    \"enableAnalyticalStorage\": false,\r\n    \"analyticalStorageConfiguration\": {\r\n      \"schemaType\": \"WellDefined\"\r\n    },\r\n    \"instanceId\": \"7f9f5108-e314-4560-9f4e-a2e756ecd7fe\",\r\n    \"databaseAccountOfferType\": \"Standard\",\r\n    \"defaultIdentity\": \"\",\r\n    \"networkAclBypass\": \"None\",\r\n    \"disableLocalAuth\": false,\r\n    \"enablePartitionMerge\": false,\r\n    \"consistencyPolicy\": {\r\n      \"defaultConsistencyLevel\": \"Session\",\r\n      \"maxIntervalInSeconds\": 5,\r\n      \"maxStalenessPrefix\": 100\r\n    },\r\n    \"configurationOverrides\": {},\r\n    \"writeLocations\": [\r\n      {\r\n        \"id\": \"table-db2528-eastus\",\r\n        \"locationName\": \"East US\",\r\n        \"provisioningState\": \"Creating\",\r\n        \"failoverPriority\": 0,\r\n        \"isZoneRedundant\": false\r\n      }\r\n    ],\r\n    \"readLocations\": [\r\n      {\r\n        \"id\": \"table-db2528-eastus\",\r\n        \"locationName\": \"East US\",\r\n        \"provisioningState\": \"Creating\",\r\n        \"failoverPriority\": 0,\r\n        \"isZoneRedundant\": false\r\n      }\r\n    ],\r\n    \"locations\": [\r\n      {\r\n        \"id\": \"table-db2528-eastus\",\r\n        \"locationName\": \"East US\",\r\n        \"provisioningState\": \"Creating\",\r\n        \"failoverPriority\": 0,\r\n        \"isZoneRedundant\": false\r\n      }\r\n    ],\r\n    \"failoverPolicies\": [\r\n      {\r\n        \"id\": \"table-db2528-eastus\",\r\n        \"locationName\": \"East US\",\r\n        \"failoverPriority\": 0\r\n      }\r\n    ],\r\n    \"cors\": [],\r\n    \"capabilities\": [\r\n      {\r\n        \"name\": \"EnableTable\"\r\n      }\r\n    ],\r\n    \"ipRules\": [],\r\n    \"backupPolicy\": {\r\n      \"type\": \"Periodic\",\r\n      \"periodicModeProperties\": {\r\n        \"backupIntervalInMinutes\": 240,\r\n        \"backupRetentionIntervalInHours\": 8,\r\n        \"backupStorageRedundancy\": \"Invalid\"\r\n      }\r\n    },\r\n    \"networkAclBypassResourceIds\": [],\r\n    \"diagnosticLogSettings\": {\r\n      \"enableFullTextQuery\": \"None\"\r\n    },\r\n    \"keysMetadata\": {\r\n      \"primaryMasterKey\": {\r\n        \"generationTime\": \"2022-09-28T09:01:31.0617423Z\"\r\n      },\r\n      \"secondaryMasterKey\": {\r\n        \"generationTime\": \"2022-09-28T09:01:31.0617423Z\"\r\n      },\r\n      \"primaryReadonlyMasterKey\": {\r\n        \"generationTime\": \"2022-09-28T09:01:31.0617423Z\"\r\n      },\r\n      \"secondaryReadonlyMasterKey\": {\r\n        \"generationTime\": \"2022-09-28T09:01:31.0617423Z\"\r\n      }\r\n    }\r\n  },\r\n  \"identity\": {\r\n    \"type\": \"None\"\r\n  }\r\n}",
      "StatusCode": 200
    },
    {
      "RequestUri": "/subscriptions/259fbb24-9bcd-4cfc-865c-fc33b22fe38a/providers/Microsoft.DocumentDB/locations/eastus/operationsStatus/f670e669-ddf8-43c2-a410-d0b10dafc676?api-version=2022-08-15-preview",
      "EncodedRequestUri": "L3N1YnNjcmlwdGlvbnMvMjU5ZmJiMjQtOWJjZC00Y2ZjLTg2NWMtZmMzM2IyMmZlMzhhL3Byb3ZpZGVycy9NaWNyb3NvZnQuRG9jdW1lbnREQi9sb2NhdGlvbnMvZWFzdHVzL29wZXJhdGlvbnNTdGF0dXMvZjY3MGU2NjktZGRmOC00M2MyLWE0MTAtZDBiMTBkYWZjNjc2P2FwaS12ZXJzaW9uPTIwMjItMDgtMTUtcHJldmlldw==",
      "RequestMethod": "GET",
      "RequestHeaders": {
        "x-ms-client-request-id": [
          "09ed3b9b-461a-4327-b63f-eda30568a357"
        ],
        "User-Agent": [
          "FxVersion/4.700.22.41602",
          "OSName/Windows",
          "OSVersion/Microsoft.Windows.10.0.19044",
          "Microsoft.Azure.Management.CosmosDB.CosmosDBManagementClient/3.7.0.0"
        ]
      },
      "RequestBody": "",
      "ResponseHeaders": {
        "Cache-Control": [
          "no-store, no-cache"
        ],
        "Pragma": [
          "no-cache"
        ],
        "Strict-Transport-Security": [
          "max-age=31536000; includeSubDomains"
        ],
        "x-ms-gatewayversion": [
          "version=2.14.0"
        ],
        "Server": [
          "Microsoft-HTTPAPI/2.0"
        ],
        "x-ms-ratelimit-remaining-subscription-reads": [
          "11997"
        ],
        "x-ms-request-id": [
          "e102bf0c-c740-4f1c-9ee8-a67912319426"
        ],
        "x-ms-correlation-request-id": [
          "e102bf0c-c740-4f1c-9ee8-a67912319426"
        ],
        "x-ms-routing-request-id": [
          "EASTUS:20220928T090202Z:e102bf0c-c740-4f1c-9ee8-a67912319426"
        ],
        "X-Content-Type-Options": [
          "nosniff"
        ],
        "Date": [
          "Wed, 28 Sep 2022 09:02:02 GMT"
        ],
        "Content-Length": [
          "21"
        ],
        "Content-Type": [
          "application/json"
        ]
      },
      "ResponseBody": "{\r\n  \"status\": \"Dequeued\"\r\n}",
      "StatusCode": 200
    },
    {
      "RequestUri": "/subscriptions/259fbb24-9bcd-4cfc-865c-fc33b22fe38a/providers/Microsoft.DocumentDB/locations/eastus/operationsStatus/f670e669-ddf8-43c2-a410-d0b10dafc676?api-version=2022-08-15-preview",
      "EncodedRequestUri": "L3N1YnNjcmlwdGlvbnMvMjU5ZmJiMjQtOWJjZC00Y2ZjLTg2NWMtZmMzM2IyMmZlMzhhL3Byb3ZpZGVycy9NaWNyb3NvZnQuRG9jdW1lbnREQi9sb2NhdGlvbnMvZWFzdHVzL29wZXJhdGlvbnNTdGF0dXMvZjY3MGU2NjktZGRmOC00M2MyLWE0MTAtZDBiMTBkYWZjNjc2P2FwaS12ZXJzaW9uPTIwMjItMDgtMTUtcHJldmlldw==",
      "RequestMethod": "GET",
      "RequestHeaders": {
        "x-ms-client-request-id": [
          "09ed3b9b-461a-4327-b63f-eda30568a357"
        ],
        "User-Agent": [
          "FxVersion/4.700.22.41602",
          "OSName/Windows",
          "OSVersion/Microsoft.Windows.10.0.19044",
          "Microsoft.Azure.Management.CosmosDB.CosmosDBManagementClient/3.7.0.0"
        ]
      },
      "RequestBody": "",
      "ResponseHeaders": {
        "Cache-Control": [
          "no-store, no-cache"
        ],
        "Pragma": [
          "no-cache"
        ],
        "Strict-Transport-Security": [
          "max-age=31536000; includeSubDomains"
        ],
        "x-ms-gatewayversion": [
          "version=2.14.0"
        ],
        "Server": [
          "Microsoft-HTTPAPI/2.0"
        ],
        "x-ms-ratelimit-remaining-subscription-reads": [
          "11996"
        ],
        "x-ms-request-id": [
          "60db0a30-58ce-4b25-b791-35201f762569"
        ],
        "x-ms-correlation-request-id": [
          "60db0a30-58ce-4b25-b791-35201f762569"
        ],
        "x-ms-routing-request-id": [
          "EASTUS:20220928T090232Z:60db0a30-58ce-4b25-b791-35201f762569"
        ],
        "X-Content-Type-Options": [
          "nosniff"
        ],
        "Date": [
          "Wed, 28 Sep 2022 09:02:31 GMT"
        ],
        "Content-Length": [
          "21"
        ],
        "Content-Type": [
          "application/json"
        ]
      },
      "ResponseBody": "{\r\n  \"status\": \"Dequeued\"\r\n}",
      "StatusCode": 200
    },
    {
      "RequestUri": "/subscriptions/259fbb24-9bcd-4cfc-865c-fc33b22fe38a/providers/Microsoft.DocumentDB/locations/eastus/operationsStatus/f670e669-ddf8-43c2-a410-d0b10dafc676?api-version=2022-08-15-preview",
      "EncodedRequestUri": "L3N1YnNjcmlwdGlvbnMvMjU5ZmJiMjQtOWJjZC00Y2ZjLTg2NWMtZmMzM2IyMmZlMzhhL3Byb3ZpZGVycy9NaWNyb3NvZnQuRG9jdW1lbnREQi9sb2NhdGlvbnMvZWFzdHVzL29wZXJhdGlvbnNTdGF0dXMvZjY3MGU2NjktZGRmOC00M2MyLWE0MTAtZDBiMTBkYWZjNjc2P2FwaS12ZXJzaW9uPTIwMjItMDgtMTUtcHJldmlldw==",
      "RequestMethod": "GET",
      "RequestHeaders": {
        "x-ms-client-request-id": [
          "09ed3b9b-461a-4327-b63f-eda30568a357"
        ],
        "User-Agent": [
          "FxVersion/4.700.22.41602",
          "OSName/Windows",
          "OSVersion/Microsoft.Windows.10.0.19044",
          "Microsoft.Azure.Management.CosmosDB.CosmosDBManagementClient/3.7.0.0"
        ]
      },
      "RequestBody": "",
      "ResponseHeaders": {
        "Cache-Control": [
          "no-store, no-cache"
        ],
        "Pragma": [
          "no-cache"
        ],
        "Strict-Transport-Security": [
          "max-age=31536000; includeSubDomains"
        ],
        "x-ms-gatewayversion": [
          "version=2.14.0"
        ],
        "Server": [
          "Microsoft-HTTPAPI/2.0"
        ],
        "x-ms-ratelimit-remaining-subscription-reads": [
          "11995"
        ],
        "x-ms-request-id": [
          "eb9429b8-78de-4f7f-bb23-5660c066316c"
        ],
        "x-ms-correlation-request-id": [
          "eb9429b8-78de-4f7f-bb23-5660c066316c"
        ],
        "x-ms-routing-request-id": [
          "EASTUS:20220928T090302Z:eb9429b8-78de-4f7f-bb23-5660c066316c"
        ],
        "X-Content-Type-Options": [
          "nosniff"
        ],
        "Date": [
          "Wed, 28 Sep 2022 09:03:02 GMT"
        ],
        "Content-Length": [
          "21"
        ],
        "Content-Type": [
          "application/json"
        ]
      },
      "ResponseBody": "{\r\n  \"status\": \"Dequeued\"\r\n}",
      "StatusCode": 200
    },
    {
      "RequestUri": "/subscriptions/259fbb24-9bcd-4cfc-865c-fc33b22fe38a/providers/Microsoft.DocumentDB/locations/eastus/operationsStatus/f670e669-ddf8-43c2-a410-d0b10dafc676?api-version=2022-08-15-preview",
      "EncodedRequestUri": "L3N1YnNjcmlwdGlvbnMvMjU5ZmJiMjQtOWJjZC00Y2ZjLTg2NWMtZmMzM2IyMmZlMzhhL3Byb3ZpZGVycy9NaWNyb3NvZnQuRG9jdW1lbnREQi9sb2NhdGlvbnMvZWFzdHVzL29wZXJhdGlvbnNTdGF0dXMvZjY3MGU2NjktZGRmOC00M2MyLWE0MTAtZDBiMTBkYWZjNjc2P2FwaS12ZXJzaW9uPTIwMjItMDgtMTUtcHJldmlldw==",
      "RequestMethod": "GET",
      "RequestHeaders": {
        "x-ms-client-request-id": [
          "09ed3b9b-461a-4327-b63f-eda30568a357"
        ],
        "User-Agent": [
          "FxVersion/4.700.22.41602",
          "OSName/Windows",
          "OSVersion/Microsoft.Windows.10.0.19044",
          "Microsoft.Azure.Management.CosmosDB.CosmosDBManagementClient/3.7.0.0"
        ]
      },
      "RequestBody": "",
      "ResponseHeaders": {
        "Cache-Control": [
          "no-store, no-cache"
        ],
        "Pragma": [
          "no-cache"
        ],
        "Strict-Transport-Security": [
          "max-age=31536000; includeSubDomains"
        ],
        "x-ms-gatewayversion": [
          "version=2.14.0"
        ],
        "Server": [
          "Microsoft-HTTPAPI/2.0"
        ],
        "x-ms-ratelimit-remaining-subscription-reads": [
          "11994"
        ],
        "x-ms-request-id": [
          "b6c28b56-f57c-4b4c-b07e-a096ab505c91"
        ],
        "x-ms-correlation-request-id": [
          "b6c28b56-f57c-4b4c-b07e-a096ab505c91"
        ],
        "x-ms-routing-request-id": [
          "EASTUS:20220928T090332Z:b6c28b56-f57c-4b4c-b07e-a096ab505c91"
        ],
        "X-Content-Type-Options": [
          "nosniff"
        ],
        "Date": [
          "Wed, 28 Sep 2022 09:03:32 GMT"
        ],
        "Content-Length": [
          "21"
        ],
        "Content-Type": [
          "application/json"
        ]
      },
      "ResponseBody": "{\r\n  \"status\": \"Dequeued\"\r\n}",
      "StatusCode": 200
    },
    {
      "RequestUri": "/subscriptions/259fbb24-9bcd-4cfc-865c-fc33b22fe38a/providers/Microsoft.DocumentDB/locations/eastus/operationsStatus/f670e669-ddf8-43c2-a410-d0b10dafc676?api-version=2022-08-15-preview",
      "EncodedRequestUri": "L3N1YnNjcmlwdGlvbnMvMjU5ZmJiMjQtOWJjZC00Y2ZjLTg2NWMtZmMzM2IyMmZlMzhhL3Byb3ZpZGVycy9NaWNyb3NvZnQuRG9jdW1lbnREQi9sb2NhdGlvbnMvZWFzdHVzL29wZXJhdGlvbnNTdGF0dXMvZjY3MGU2NjktZGRmOC00M2MyLWE0MTAtZDBiMTBkYWZjNjc2P2FwaS12ZXJzaW9uPTIwMjItMDgtMTUtcHJldmlldw==",
      "RequestMethod": "GET",
      "RequestHeaders": {
        "x-ms-client-request-id": [
          "09ed3b9b-461a-4327-b63f-eda30568a357"
        ],
        "User-Agent": [
          "FxVersion/4.700.22.41602",
          "OSName/Windows",
          "OSVersion/Microsoft.Windows.10.0.19044",
          "Microsoft.Azure.Management.CosmosDB.CosmosDBManagementClient/3.7.0.0"
        ]
      },
      "RequestBody": "",
      "ResponseHeaders": {
        "Cache-Control": [
          "no-store, no-cache"
        ],
        "Pragma": [
          "no-cache"
        ],
        "Strict-Transport-Security": [
          "max-age=31536000; includeSubDomains"
        ],
        "x-ms-gatewayversion": [
          "version=2.14.0"
        ],
        "Server": [
          "Microsoft-HTTPAPI/2.0"
        ],
        "x-ms-ratelimit-remaining-subscription-reads": [
          "11993"
        ],
        "x-ms-request-id": [
          "9e620744-f573-41bd-89fa-fb210521bbb7"
        ],
        "x-ms-correlation-request-id": [
          "9e620744-f573-41bd-89fa-fb210521bbb7"
        ],
        "x-ms-routing-request-id": [
          "EASTUS:20220928T090402Z:9e620744-f573-41bd-89fa-fb210521bbb7"
        ],
        "X-Content-Type-Options": [
          "nosniff"
        ],
        "Date": [
          "Wed, 28 Sep 2022 09:04:02 GMT"
        ],
        "Content-Length": [
          "21"
        ],
        "Content-Type": [
          "application/json"
        ]
      },
      "ResponseBody": "{\r\n  \"status\": \"Dequeued\"\r\n}",
      "StatusCode": 200
    },
    {
      "RequestUri": "/subscriptions/259fbb24-9bcd-4cfc-865c-fc33b22fe38a/providers/Microsoft.DocumentDB/locations/eastus/operationsStatus/f670e669-ddf8-43c2-a410-d0b10dafc676?api-version=2022-08-15-preview",
      "EncodedRequestUri": "L3N1YnNjcmlwdGlvbnMvMjU5ZmJiMjQtOWJjZC00Y2ZjLTg2NWMtZmMzM2IyMmZlMzhhL3Byb3ZpZGVycy9NaWNyb3NvZnQuRG9jdW1lbnREQi9sb2NhdGlvbnMvZWFzdHVzL29wZXJhdGlvbnNTdGF0dXMvZjY3MGU2NjktZGRmOC00M2MyLWE0MTAtZDBiMTBkYWZjNjc2P2FwaS12ZXJzaW9uPTIwMjItMDgtMTUtcHJldmlldw==",
      "RequestMethod": "GET",
      "RequestHeaders": {
        "x-ms-client-request-id": [
          "09ed3b9b-461a-4327-b63f-eda30568a357"
        ],
        "User-Agent": [
          "FxVersion/4.700.22.41602",
          "OSName/Windows",
          "OSVersion/Microsoft.Windows.10.0.19044",
          "Microsoft.Azure.Management.CosmosDB.CosmosDBManagementClient/3.7.0.0"
        ]
      },
      "RequestBody": "",
      "ResponseHeaders": {
        "Cache-Control": [
          "no-store, no-cache"
        ],
        "Pragma": [
          "no-cache"
        ],
        "Strict-Transport-Security": [
          "max-age=31536000; includeSubDomains"
        ],
        "x-ms-gatewayversion": [
          "version=2.14.0"
        ],
        "Server": [
          "Microsoft-HTTPAPI/2.0"
        ],
        "x-ms-ratelimit-remaining-subscription-reads": [
          "11992"
        ],
        "x-ms-request-id": [
          "016677ed-2f24-47ed-8084-fcc751c1373e"
        ],
        "x-ms-correlation-request-id": [
          "016677ed-2f24-47ed-8084-fcc751c1373e"
        ],
        "x-ms-routing-request-id": [
          "EASTUS:20220928T090432Z:016677ed-2f24-47ed-8084-fcc751c1373e"
        ],
        "X-Content-Type-Options": [
          "nosniff"
        ],
        "Date": [
          "Wed, 28 Sep 2022 09:04:32 GMT"
        ],
        "Content-Length": [
          "22"
        ],
        "Content-Type": [
          "application/json"
        ]
      },
      "ResponseBody": "{\r\n  \"status\": \"Succeeded\"\r\n}",
      "StatusCode": 200
    },
    {
      "RequestUri": "/subscriptions/259fbb24-9bcd-4cfc-865c-fc33b22fe38a/resourceGroups/CosmosDBResourceGroup38/providers/Microsoft.DocumentDB/databaseAccounts/table-db2528/tables/table1?api-version=2022-08-15-preview",
      "EncodedRequestUri": "L3N1YnNjcmlwdGlvbnMvMjU5ZmJiMjQtOWJjZC00Y2ZjLTg2NWMtZmMzM2IyMmZlMzhhL3Jlc291cmNlR3JvdXBzL0Nvc21vc0RCUmVzb3VyY2VHcm91cDM4L3Byb3ZpZGVycy9NaWNyb3NvZnQuRG9jdW1lbnREQi9kYXRhYmFzZUFjY291bnRzL3RhYmxlLWRiMjUyOC90YWJsZXMvdGFibGUxP2FwaS12ZXJzaW9uPTIwMjItMDgtMTUtcHJldmlldw==",
      "RequestMethod": "GET",
      "RequestHeaders": {
        "x-ms-client-request-id": [
          "1861e70c-b891-4dc9-8951-6d040de169a7"
        ],
        "Accept-Language": [
          "en-US"
        ],
        "User-Agent": [
          "FxVersion/4.700.22.41602",
          "OSName/Windows",
          "OSVersion/Microsoft.Windows.10.0.19044",
          "Microsoft.Azure.Management.CosmosDB.CosmosDBManagementClient/3.7.0.0"
        ]
      },
      "RequestBody": "",
      "ResponseHeaders": {
        "Cache-Control": [
          "no-store, no-cache"
        ],
        "Pragma": [
          "no-cache"
        ],
        "Strict-Transport-Security": [
          "max-age=31536000; includeSubDomains"
        ],
        "x-ms-gatewayversion": [
          "version=2.14.0"
        ],
        "Server": [
          "Microsoft-HTTPAPI/2.0"
        ],
        "x-ms-ratelimit-remaining-subscription-reads": [
          "11999"
        ],
        "x-ms-request-id": [
          "e4cb2427-4ae0-4d03-b273-c14d6666c854"
        ],
        "x-ms-correlation-request-id": [
          "e4cb2427-4ae0-4d03-b273-c14d6666c854"
        ],
        "x-ms-routing-request-id": [
          "EASTUS:20220928T090433Z:e4cb2427-4ae0-4d03-b273-c14d6666c854"
        ],
        "X-Content-Type-Options": [
          "nosniff"
        ],
        "Date": [
          "Wed, 28 Sep 2022 09:04:32 GMT"
        ],
        "Content-Length": [
          "6490"
        ],
        "Content-Type": [
          "application/json"
        ]
      },
      "ResponseBody": "{\r\n  \"code\": \"NotFound\",\r\n  \"message\": \"Message: {\\\"code\\\":\\\"NotFound\\\",\\\"message\\\":\\\"Message: {\\\\\\\"Errors\\\\\\\":[\\\\\\\"Owner resource does not exist\\\\\\\"]}\\\\r\\\\nActivityId: 1861e70c-b891-4dc9-8951-6d040de169a7, Request URI: /apps/3ebdcfe0-664a-49a3-83d4-45495e33530c/services/0bcfa55f-4b83-454f-b7fb-d0d35067cdab/partitions/6b500856-8ab7-4d22-9399-c1c8d27445e5/replicas/133088001059158360s, RequestStats: \\\\r\\\\nRequestStartTime: 2022-09-28T09:04:33.3694087Z, RequestEndTime: 2022-09-28T09:04:33.3694087Z,  Number of regions attempted:1\\\\r\\\\n{\\\\\\\"systemHistory\\\\\\\":[{\\\\\\\"dateUtc\\\\\\\":\\\\\\\"2022-09-28T09:03:17.7589095Z\\\\\\\",\\\\\\\"cpu\\\\\\\":3.742,\\\\\\\"memory\\\\\\\":628474200.000,\\\\\\\"threadInfo\\\\\\\":{\\\\\\\"isThreadStarving\\\\\\\":\\\\\\\"False\\\\\\\",\\\\\\\"threadWaitIntervalInMs\\\\\\\":0.0162,\\\\\\\"availableThreads\\\\\\\":32762,\\\\\\\"minThreads\\\\\\\":64,\\\\\\\"maxThreads\\\\\\\":32767},\\\\\\\"numberOfOpenTcpConnection\\\\\\\":229},{\\\\\\\"dateUtc\\\\\\\":\\\\\\\"2022-09-28T09:03:37.7690378Z\\\\\\\",\\\\\\\"cpu\\\\\\\":0.473,\\\\\\\"memory\\\\\\\":628074004.000,\\\\\\\"threadInfo\\\\\\\":{\\\\\\\"isThreadStarving\\\\\\\":\\\\\\\"False\\\\\\\",\\\\\\\"threadWaitIntervalInMs\\\\\\\":0.0333,\\\\\\\"availableThreads\\\\\\\":32761,\\\\\\\"minThreads\\\\\\\":64,\\\\\\\"maxThreads\\\\\\\":32767},\\\\\\\"numberOfOpenTcpConnection\\\\\\\":230},{\\\\\\\"dateUtc\\\\\\\":\\\\\\\"2022-09-28T09:03:47.7791227Z\\\\\\\",\\\\\\\"cpu\\\\\\\":0.454,\\\\\\\"memory\\\\\\\":628137636.000,\\\\\\\"threadInfo\\\\\\\":{\\\\\\\"isThreadStarving\\\\\\\":\\\\\\\"False\\\\\\\",\\\\\\\"threadWaitIntervalInMs\\\\\\\":0.0253,\\\\\\\"availableThreads\\\\\\\":32762,\\\\\\\"minThreads\\\\\\\":64,\\\\\\\"maxThreads\\\\\\\":32767},\\\\\\\"numberOfOpenTcpConnection\\\\\\\":229},{\\\\\\\"dateUtc\\\\\\\":\\\\\\\"2022-09-28T09:03:57.7891696Z\\\\\\\",\\\\\\\"cpu\\\\\\\":0.232,\\\\\\\"memory\\\\\\\":628350636.000,\\\\\\\"threadInfo\\\\\\\":{\\\\\\\"isThreadStarving\\\\\\\":\\\\\\\"False\\\\\\\",\\\\\\\"threadWaitIntervalInMs\\\\\\\":0.0175,\\\\\\\"availableThreads\\\\\\\":32764,\\\\\\\"minThreads\\\\\\\":64,\\\\\\\"maxThreads\\\\\\\":32767},\\\\\\\"numberOfOpenTcpConnection\\\\\\\":229},{\\\\\\\"dateUtc\\\\\\\":\\\\\\\"2022-09-28T09:04:17.7993041Z\\\\\\\",\\\\\\\"cpu\\\\\\\":0.277,\\\\\\\"memory\\\\\\\":628269988.000,\\\\\\\"threadInfo\\\\\\\":{\\\\\\\"isThreadStarving\\\\\\\":\\\\\\\"False\\\\\\\",\\\\\\\"threadWaitIntervalInMs\\\\\\\":0.0083,\\\\\\\"availableThreads\\\\\\\":32764,\\\\\\\"minThreads\\\\\\\":64,\\\\\\\"maxThreads\\\\\\\":32767},\\\\\\\"numberOfOpenTcpConnection\\\\\\\":230},{\\\\\\\"dateUtc\\\\\\\":\\\\\\\"2022-09-28T09:04:27.8093771Z\\\\\\\",\\\\\\\"cpu\\\\\\\":0.546,\\\\\\\"memory\\\\\\\":627447396.000,\\\\\\\"threadInfo\\\\\\\":{\\\\\\\"isThreadStarving\\\\\\\":\\\\\\\"False\\\\\\\",\\\\\\\"threadWaitIntervalInMs\\\\\\\":0.015,\\\\\\\"availableThreads\\\\\\\":32752,\\\\\\\"minThreads\\\\\\\":64,\\\\\\\"maxThreads\\\\\\\":32767},\\\\\\\"numberOfOpenTcpConnection\\\\\\\":230}]}\\\\r\\\\nRequestStart: 2022-09-28T09:04:33.3694087Z; ResponseTime: 2022-09-28T09:04:33.3694087Z; StoreResult: StorePhysicalAddress: rntbd://10.0.1.8:11300/apps/3ebdcfe0-664a-49a3-83d4-45495e33530c/services/0bcfa55f-4b83-454f-b7fb-d0d35067cdab/partitions/6b500856-8ab7-4d22-9399-c1c8d27445e5/replicas/133088001059158360s, LSN: 7, GlobalCommittedLsn: 7, PartitionKeyRangeId: , IsValid: True, StatusCode: 404, SubStatusCode: 1003, RequestCharge: 1, ItemLSN: -1, SessionToken: -1#7, UsingLocalLSN: False, TransportException: null, BELatencyMs: 0.657, ActivityId: 1861e70c-b891-4dc9-8951-6d040de169a7, RetryAfterInMs: , TransportRequestTimeline: {\\\\\\\"requestTimeline\\\\\\\":[{\\\\\\\"event\\\\\\\": \\\\\\\"Created\\\\\\\", \\\\\\\"startTimeUtc\\\\\\\": \\\\\\\"2022-09-28T09:04:33.3694087Z\\\\\\\", \\\\\\\"durationInMs\\\\\\\": 0.0134},{\\\\\\\"event\\\\\\\": \\\\\\\"ChannelAcquisitionStarted\\\\\\\", \\\\\\\"startTimeUtc\\\\\\\": \\\\\\\"2022-09-28T09:04:33.3694221Z\\\\\\\", \\\\\\\"durationInMs\\\\\\\": 0.0029},{\\\\\\\"event\\\\\\\": \\\\\\\"Pipelined\\\\\\\", \\\\\\\"startTimeUtc\\\\\\\": \\\\\\\"2022-09-28T09:04:33.3694250Z\\\\\\\", \\\\\\\"durationInMs\\\\\\\": 0.1178},{\\\\\\\"event\\\\\\\": \\\\\\\"Transit Time\\\\\\\", \\\\\\\"startTimeUtc\\\\\\\": \\\\\\\"2022-09-28T09:04:33.3695428Z\\\\\\\", \\\\\\\"durationInMs\\\\\\\": 0.9094},{\\\\\\\"event\\\\\\\": \\\\\\\"Received\\\\\\\", \\\\\\\"startTimeUtc\\\\\\\": \\\\\\\"2022-09-28T09:04:33.3704522Z\\\\\\\", \\\\\\\"durationInMs\\\\\\\": 0.0801},{\\\\\\\"event\\\\\\\": \\\\\\\"Completed\\\\\\\", \\\\\\\"startTimeUtc\\\\\\\": \\\\\\\"2022-09-28T09:04:33.3705323Z\\\\\\\", \\\\\\\"durationInMs\\\\\\\": 0}],\\\\\\\"serviceEndpointStats\\\\\\\":{\\\\\\\"inflightRequests\\\\\\\":1,\\\\\\\"openConnections\\\\\\\":1},\\\\\\\"connectionStats\\\\\\\":{\\\\\\\"waitforConnectionInit\\\\\\\":\\\\\\\"False\\\\\\\",\\\\\\\"callsPendingReceive\\\\\\\":0,\\\\\\\"lastSendAttempt\\\\\\\":\\\\\\\"2022-09-28T09:04:33.2794237Z\\\\\\\",\\\\\\\"lastSend\\\\\\\":\\\\\\\"2022-09-28T09:04:33.2794237Z\\\\\\\",\\\\\\\"lastReceive\\\\\\\":\\\\\\\"2022-09-28T09:04:33.2794237Z\\\\\\\"},\\\\\\\"requestSizeInBytes\\\\\\\":480,\\\\\\\"responseMetadataSizeInBytes\\\\\\\":141,\\\\\\\"responseBodySizeInBytes\\\\\\\":44};\\\\r\\\\n ResourceType: Collection, OperationType: Read\\\\r\\\\nRequestStart: 2022-09-28T09:04:33.3694087Z; ResponseTime: 2022-09-28T09:04:33.3694087Z; StoreResult: StorePhysicalAddress: rntbd://10.0.1.15:11000/apps/3ebdcfe0-664a-49a3-83d4-45495e33530c/services/0bcfa55f-4b83-454f-b7fb-d0d35067cdab/partitions/6b500856-8ab7-4d22-9399-c1c8d27445e5/replicas/133088001059158362s, LSN: 7, GlobalCommittedLsn: 7, PartitionKeyRangeId: , IsValid: True, StatusCode: 404, SubStatusCode: 1003, RequestCharge: 1, ItemLSN: -1, SessionToken: -1#7, UsingLocalLSN: False, TransportException: null, BELatencyMs: 0.729, ActivityId: 1861e70c-b891-4dc9-8951-6d040de169a7, RetryAfterInMs: , TransportRequestTimeline: {\\\\\\\"requestTimeline\\\\\\\":[{\\\\\\\"event\\\\\\\": \\\\\\\"Created\\\\\\\", \\\\\\\"startTimeUtc\\\\\\\": \\\\\\\"2022-09-28T09:04:33.3694087Z\\\\\\\", \\\\\\\"durationInMs\\\\\\\": 0.0052},{\\\\\\\"event\\\\\\\": \\\\\\\"ChannelAcquisitionStarted\\\\\\\", \\\\\\\"startTimeUtc\\\\\\\": \\\\\\\"2022-09-28T09:04:33.3694139Z\\\\\\\", \\\\\\\"durationInMs\\\\\\\": 0.0014},{\\\\\\\"event\\\\\\\": \\\\\\\"Pipelined\\\\\\\", \\\\\\\"startTimeUtc\\\\\\\": \\\\\\\"2022-09-28T09:04:33.3694153Z\\\\\\\", \\\\\\\"durationInMs\\\\\\\": 0.0688},{\\\\\\\"event\\\\\\\": \\\\\\\"Transit Time\\\\\\\", \\\\\\\"startTimeUtc\\\\\\\": \\\\\\\"2022-09-28T09:04:33.3694841Z\\\\\\\", \\\\\\\"durationInMs\\\\\\\": 1.0351},{\\\\\\\"event\\\\\\\": \\\\\\\"Received\\\\\\\", \\\\\\\"startTimeUtc\\\\\\\": \\\\\\\"2022-09-28T09:04:33.3705192Z\\\\\\\", \\\\\\\"durationInMs\\\\\\\": 0.0583},{\\\\\\\"event\\\\\\\": \\\\\\\"Completed\\\\\\\", \\\\\\\"startTimeUtc\\\\\\\": \\\\\\\"2022-09-28T09:04:33.3705775Z\\\\\\\", \\\\\\\"durationInMs\\\\\\\": 0}],\\\\\\\"serviceEndpointStats\\\\\\\":{\\\\\\\"inflightRequests\\\\\\\":1,\\\\\\\"openConnections\\\\\\\":1},\\\\\\\"connectionStats\\\\\\\":{\\\\\\\"waitforConnectionInit\\\\\\\":\\\\\\\"False\\\\\\\",\\\\\\\"callsPendingReceive\\\\\\\":0,\\\\\\\"lastSendAttempt\\\\\\\":\\\\\\\"2022-09-28T09:04:33.3294359Z\\\\\\\",\\\\\\\"lastSend\\\\\\\":\\\\\\\"2022-09-28T09:04:33.3294359Z\\\\\\\",\\\\\\\"lastReceive\\\\\\\":\\\\\\\"2022-09-28T09:04:33.3294359Z\\\\\\\"},\\\\\\\"requestSizeInBytes\\\\\\\":480,\\\\\\\"responseMetadataSizeInBytes\\\\\\\":141,\\\\\\\"responseBodySizeInBytes\\\\\\\":44};\\\\r\\\\n ResourceType: Collection, OperationType: Read\\\\r\\\\n, SDK: Microsoft.Azure.Documents.Common/2.14.0\\\"}, Request URI: /dbs/TablesDB/colls/table1, RequestStats: , SDK: Microsoft.Azure.Documents.Common/2.14.0\"\r\n}",
      "StatusCode": 404
    },
    {
      "RequestUri": "/subscriptions/259fbb24-9bcd-4cfc-865c-fc33b22fe38a/resourceGroups/CosmosDBResourceGroup38/providers/Microsoft.DocumentDB/databaseAccounts/table-db2528/tables/table1?api-version=2022-08-15-preview",
      "EncodedRequestUri": "L3N1YnNjcmlwdGlvbnMvMjU5ZmJiMjQtOWJjZC00Y2ZjLTg2NWMtZmMzM2IyMmZlMzhhL3Jlc291cmNlR3JvdXBzL0Nvc21vc0RCUmVzb3VyY2VHcm91cDM4L3Byb3ZpZGVycy9NaWNyb3NvZnQuRG9jdW1lbnREQi9kYXRhYmFzZUFjY291bnRzL3RhYmxlLWRiMjUyOC90YWJsZXMvdGFibGUxP2FwaS12ZXJzaW9uPTIwMjItMDgtMTUtcHJldmlldw==",
      "RequestMethod": "GET",
      "RequestHeaders": {
        "x-ms-client-request-id": [
          "1861e70c-b891-4dc9-8951-6d040de169a7"
        ],
        "User-Agent": [
          "FxVersion/4.700.22.41602",
          "OSName/Windows",
          "OSVersion/Microsoft.Windows.10.0.19044",
          "Microsoft.Azure.Management.CosmosDB.CosmosDBManagementClient/3.7.0.0"
        ]
      },
      "RequestBody": "",
      "ResponseHeaders": {
        "Cache-Control": [
          "no-store, no-cache"
        ],
        "Pragma": [
          "no-cache"
        ],
        "Strict-Transport-Security": [
          "max-age=31536000; includeSubDomains"
        ],
        "x-ms-gatewayversion": [
          "version=2.14.0"
        ],
        "Server": [
          "Microsoft-HTTPAPI/2.0"
        ],
        "x-ms-ratelimit-remaining-subscription-reads": [
          "11997"
        ],
        "x-ms-request-id": [
          "d1e834b7-6cef-43bc-bfd6-975d820a8059"
        ],
        "x-ms-correlation-request-id": [
          "d1e834b7-6cef-43bc-bfd6-975d820a8059"
        ],
        "x-ms-routing-request-id": [
          "EASTUS:20220928T090504Z:d1e834b7-6cef-43bc-bfd6-975d820a8059"
        ],
        "X-Content-Type-Options": [
          "nosniff"
        ],
        "Date": [
          "Wed, 28 Sep 2022 09:05:04 GMT"
        ],
        "Content-Length": [
          "376"
        ],
        "Content-Type": [
          "application/json"
        ]
      },
      "ResponseBody": "{\r\n  \"id\": \"/subscriptions/259fbb24-9bcd-4cfc-865c-fc33b22fe38a/resourceGroups/CosmosDBResourceGroup38/providers/Microsoft.DocumentDB/databaseAccounts/table-db2528/tables/table1\",\r\n  \"type\": \"Microsoft.DocumentDB/databaseAccounts/tables\",\r\n  \"name\": \"table1\",\r\n  \"properties\": {\r\n    \"resource\": {\r\n      \"id\": \"table1\",\r\n      \"_rid\": \"T0dNAOFPecA=\",\r\n      \"_etag\": \"\\\"00000000-0000-0000-d319-59ddc40101d8\\\"\",\r\n      \"_ts\": 1664355884\r\n    }\r\n  }\r\n}",
      "StatusCode": 200
    },
    {
      "RequestUri": "/subscriptions/259fbb24-9bcd-4cfc-865c-fc33b22fe38a/resourceGroups/CosmosDBResourceGroup38/providers/Microsoft.DocumentDB/databaseAccounts/table-db2528/tables/table1?api-version=2022-08-15-preview",
      "EncodedRequestUri": "L3N1YnNjcmlwdGlvbnMvMjU5ZmJiMjQtOWJjZC00Y2ZjLTg2NWMtZmMzM2IyMmZlMzhhL3Jlc291cmNlR3JvdXBzL0Nvc21vc0RCUmVzb3VyY2VHcm91cDM4L3Byb3ZpZGVycy9NaWNyb3NvZnQuRG9jdW1lbnREQi9kYXRhYmFzZUFjY291bnRzL3RhYmxlLWRiMjUyOC90YWJsZXMvdGFibGUxP2FwaS12ZXJzaW9uPTIwMjItMDgtMTUtcHJldmlldw==",
      "RequestMethod": "GET",
      "RequestHeaders": {
        "x-ms-client-request-id": [
          "d80cd179-a35a-4e87-9dfe-3ad5f1211ac3"
        ],
        "Accept-Language": [
          "en-US"
        ],
        "User-Agent": [
          "FxVersion/4.700.22.41602",
          "OSName/Windows",
          "OSVersion/Microsoft.Windows.10.0.19044",
          "Microsoft.Azure.Management.CosmosDB.CosmosDBManagementClient/3.7.0.0"
        ]
      },
      "RequestBody": "",
      "ResponseHeaders": {
        "Cache-Control": [
          "no-store, no-cache"
        ],
        "Pragma": [
          "no-cache"
        ],
        "Strict-Transport-Security": [
          "max-age=31536000; includeSubDomains"
        ],
        "x-ms-gatewayversion": [
          "version=2.14.0"
        ],
        "Server": [
          "Microsoft-HTTPAPI/2.0"
        ],
        "x-ms-ratelimit-remaining-subscription-reads": [
          "11999"
        ],
        "x-ms-request-id": [
          "85207d07-6ced-40da-bbc0-7a9e8db216a0"
        ],
        "x-ms-correlation-request-id": [
          "85207d07-6ced-40da-bbc0-7a9e8db216a0"
        ],
        "x-ms-routing-request-id": [
          "EASTUS:20220928T090504Z:85207d07-6ced-40da-bbc0-7a9e8db216a0"
        ],
        "X-Content-Type-Options": [
          "nosniff"
        ],
        "Date": [
          "Wed, 28 Sep 2022 09:05:04 GMT"
        ],
        "Content-Length": [
          "376"
        ],
        "Content-Type": [
          "application/json"
        ]
      },
      "ResponseBody": "{\r\n  \"id\": \"/subscriptions/259fbb24-9bcd-4cfc-865c-fc33b22fe38a/resourceGroups/CosmosDBResourceGroup38/providers/Microsoft.DocumentDB/databaseAccounts/table-db2528/tables/table1\",\r\n  \"type\": \"Microsoft.DocumentDB/databaseAccounts/tables\",\r\n  \"name\": \"table1\",\r\n  \"properties\": {\r\n    \"resource\": {\r\n      \"id\": \"table1\",\r\n      \"_rid\": \"T0dNAOFPecA=\",\r\n      \"_etag\": \"\\\"00000000-0000-0000-d319-59ddc40101d8\\\"\",\r\n      \"_ts\": 1664355884\r\n    }\r\n  }\r\n}",
      "StatusCode": 200
    },
    {
      "RequestUri": "/subscriptions/259fbb24-9bcd-4cfc-865c-fc33b22fe38a/resourceGroups/CosmosDBResourceGroup38/providers/Microsoft.DocumentDB/databaseAccounts/table-db2528/tables/table1?api-version=2022-08-15-preview",
      "EncodedRequestUri": "L3N1YnNjcmlwdGlvbnMvMjU5ZmJiMjQtOWJjZC00Y2ZjLTg2NWMtZmMzM2IyMmZlMzhhL3Jlc291cmNlR3JvdXBzL0Nvc21vc0RCUmVzb3VyY2VHcm91cDM4L3Byb3ZpZGVycy9NaWNyb3NvZnQuRG9jdW1lbnREQi9kYXRhYmFzZUFjY291bnRzL3RhYmxlLWRiMjUyOC90YWJsZXMvdGFibGUxP2FwaS12ZXJzaW9uPTIwMjItMDgtMTUtcHJldmlldw==",
      "RequestMethod": "GET",
      "RequestHeaders": {
        "x-ms-client-request-id": [
          "4a74c66a-a1f3-4c16-b5c5-b98c3607c4ac"
        ],
        "Accept-Language": [
          "en-US"
        ],
        "User-Agent": [
          "FxVersion/4.700.22.41602",
          "OSName/Windows",
          "OSVersion/Microsoft.Windows.10.0.19044",
          "Microsoft.Azure.Management.CosmosDB.CosmosDBManagementClient/3.7.0.0"
        ]
      },
      "RequestBody": "",
      "ResponseHeaders": {
        "Cache-Control": [
          "no-store, no-cache"
        ],
        "Pragma": [
          "no-cache"
        ],
        "Strict-Transport-Security": [
          "max-age=31536000; includeSubDomains"
        ],
        "x-ms-gatewayversion": [
          "version=2.14.0"
        ],
        "Server": [
          "Microsoft-HTTPAPI/2.0"
        ],
        "x-ms-ratelimit-remaining-subscription-reads": [
          "11998"
        ],
        "x-ms-request-id": [
          "7bf1abd7-3a2c-4c49-b4cc-1ab7287629ad"
        ],
        "x-ms-correlation-request-id": [
          "7bf1abd7-3a2c-4c49-b4cc-1ab7287629ad"
        ],
        "x-ms-routing-request-id": [
          "EASTUS:20220928T090505Z:7bf1abd7-3a2c-4c49-b4cc-1ab7287629ad"
        ],
        "X-Content-Type-Options": [
          "nosniff"
        ],
        "Date": [
          "Wed, 28 Sep 2022 09:05:04 GMT"
        ],
        "Content-Length": [
          "376"
        ],
        "Content-Type": [
          "application/json"
        ]
      },
      "ResponseBody": "{\r\n  \"id\": \"/subscriptions/259fbb24-9bcd-4cfc-865c-fc33b22fe38a/resourceGroups/CosmosDBResourceGroup38/providers/Microsoft.DocumentDB/databaseAccounts/table-db2528/tables/table1\",\r\n  \"type\": \"Microsoft.DocumentDB/databaseAccounts/tables\",\r\n  \"name\": \"table1\",\r\n  \"properties\": {\r\n    \"resource\": {\r\n      \"id\": \"table1\",\r\n      \"_rid\": \"T0dNAOFPecA=\",\r\n      \"_etag\": \"\\\"00000000-0000-0000-d319-59ddc40101d8\\\"\",\r\n      \"_ts\": 1664355884\r\n    }\r\n  }\r\n}",
      "StatusCode": 200
    },
    {
      "RequestUri": "/subscriptions/259fbb24-9bcd-4cfc-865c-fc33b22fe38a/resourceGroups/CosmosDBResourceGroup38/providers/Microsoft.DocumentDB/databaseAccounts/table-db2528/tables/table1?api-version=2022-08-15-preview",
      "EncodedRequestUri": "L3N1YnNjcmlwdGlvbnMvMjU5ZmJiMjQtOWJjZC00Y2ZjLTg2NWMtZmMzM2IyMmZlMzhhL3Jlc291cmNlR3JvdXBzL0Nvc21vc0RCUmVzb3VyY2VHcm91cDM4L3Byb3ZpZGVycy9NaWNyb3NvZnQuRG9jdW1lbnREQi9kYXRhYmFzZUFjY291bnRzL3RhYmxlLWRiMjUyOC90YWJsZXMvdGFibGUxP2FwaS12ZXJzaW9uPTIwMjItMDgtMTUtcHJldmlldw==",
      "RequestMethod": "GET",
      "RequestHeaders": {
        "x-ms-client-request-id": [
          "fc0e2d50-4f35-46bc-a0b1-dfd67564efa3"
        ],
        "Accept-Language": [
          "en-US"
        ],
        "User-Agent": [
          "FxVersion/4.700.22.41602",
          "OSName/Windows",
          "OSVersion/Microsoft.Windows.10.0.19044",
          "Microsoft.Azure.Management.CosmosDB.CosmosDBManagementClient/3.7.0.0"
        ]
      },
      "RequestBody": "",
      "ResponseHeaders": {
        "Cache-Control": [
          "no-store, no-cache"
        ],
        "Pragma": [
          "no-cache"
        ],
        "Strict-Transport-Security": [
          "max-age=31536000; includeSubDomains"
        ],
        "x-ms-gatewayversion": [
          "version=2.14.0"
        ],
        "Server": [
          "Microsoft-HTTPAPI/2.0"
        ],
        "x-ms-ratelimit-remaining-subscription-reads": [
          "11999"
        ],
        "x-ms-request-id": [
          "32257905-c04d-44d6-bb42-5f815fc29f7c"
        ],
        "x-ms-correlation-request-id": [
          "32257905-c04d-44d6-bb42-5f815fc29f7c"
        ],
        "x-ms-routing-request-id": [
          "EASTUS:20220928T090505Z:32257905-c04d-44d6-bb42-5f815fc29f7c"
        ],
        "X-Content-Type-Options": [
          "nosniff"
        ],
        "Date": [
          "Wed, 28 Sep 2022 09:05:04 GMT"
        ],
        "Content-Length": [
          "376"
        ],
        "Content-Type": [
          "application/json"
        ]
      },
      "ResponseBody": "{\r\n  \"id\": \"/subscriptions/259fbb24-9bcd-4cfc-865c-fc33b22fe38a/resourceGroups/CosmosDBResourceGroup38/providers/Microsoft.DocumentDB/databaseAccounts/table-db2528/tables/table1\",\r\n  \"type\": \"Microsoft.DocumentDB/databaseAccounts/tables\",\r\n  \"name\": \"table1\",\r\n  \"properties\": {\r\n    \"resource\": {\r\n      \"id\": \"table1\",\r\n      \"_rid\": \"T0dNAOFPecA=\",\r\n      \"_etag\": \"\\\"00000000-0000-0000-d319-59ddc40101d8\\\"\",\r\n      \"_ts\": 1664355884\r\n    }\r\n  }\r\n}",
      "StatusCode": 200
    },
    {
      "RequestUri": "/subscriptions/259fbb24-9bcd-4cfc-865c-fc33b22fe38a/resourceGroups/CosmosDBResourceGroup38/providers/Microsoft.DocumentDB/databaseAccounts/table-db2528/tables/table1?api-version=2022-08-15-preview",
      "EncodedRequestUri": "L3N1YnNjcmlwdGlvbnMvMjU5ZmJiMjQtOWJjZC00Y2ZjLTg2NWMtZmMzM2IyMmZlMzhhL3Jlc291cmNlR3JvdXBzL0Nvc21vc0RCUmVzb3VyY2VHcm91cDM4L3Byb3ZpZGVycy9NaWNyb3NvZnQuRG9jdW1lbnREQi9kYXRhYmFzZUFjY291bnRzL3RhYmxlLWRiMjUyOC90YWJsZXMvdGFibGUxP2FwaS12ZXJzaW9uPTIwMjItMDgtMTUtcHJldmlldw==",
      "RequestMethod": "GET",
      "RequestHeaders": {
        "x-ms-client-request-id": [
          "fc0e2d50-4f35-46bc-a0b1-dfd67564efa3"
        ],
        "User-Agent": [
          "FxVersion/4.700.22.41602",
          "OSName/Windows",
          "OSVersion/Microsoft.Windows.10.0.19044",
          "Microsoft.Azure.Management.CosmosDB.CosmosDBManagementClient/3.7.0.0"
        ]
      },
      "RequestBody": "",
      "ResponseHeaders": {
        "Cache-Control": [
          "no-store, no-cache"
        ],
        "Pragma": [
          "no-cache"
        ],
        "Strict-Transport-Security": [
          "max-age=31536000; includeSubDomains"
        ],
        "x-ms-gatewayversion": [
          "version=2.14.0"
        ],
        "Server": [
          "Microsoft-HTTPAPI/2.0"
        ],
        "x-ms-ratelimit-remaining-subscription-reads": [
          "11997"
        ],
        "x-ms-request-id": [
          "7cc7ed56-b4ba-485d-bd48-513de2d9cce5"
        ],
        "x-ms-correlation-request-id": [
          "7cc7ed56-b4ba-485d-bd48-513de2d9cce5"
        ],
        "x-ms-routing-request-id": [
          "EASTUS:20220928T090536Z:7cc7ed56-b4ba-485d-bd48-513de2d9cce5"
        ],
        "X-Content-Type-Options": [
          "nosniff"
        ],
        "Date": [
          "Wed, 28 Sep 2022 09:05:36 GMT"
        ],
        "Content-Length": [
          "376"
        ],
        "Content-Type": [
          "application/json"
        ]
      },
      "ResponseBody": "{\r\n  \"id\": \"/subscriptions/259fbb24-9bcd-4cfc-865c-fc33b22fe38a/resourceGroups/CosmosDBResourceGroup38/providers/Microsoft.DocumentDB/databaseAccounts/table-db2528/tables/table1\",\r\n  \"type\": \"Microsoft.DocumentDB/databaseAccounts/tables\",\r\n  \"name\": \"table1\",\r\n  \"properties\": {\r\n    \"resource\": {\r\n      \"id\": \"table1\",\r\n      \"_rid\": \"T0dNAOFPecA=\",\r\n      \"_etag\": \"\\\"00000000-0000-0000-d319-59ddc40101d8\\\"\",\r\n      \"_ts\": 1664355884\r\n    }\r\n  }\r\n}",
      "StatusCode": 200
    },
    {
      "RequestUri": "/subscriptions/259fbb24-9bcd-4cfc-865c-fc33b22fe38a/resourceGroups/CosmosDBResourceGroup38/providers/Microsoft.DocumentDB/databaseAccounts/table-db2528/tables/table1?api-version=2022-08-15-preview",
      "EncodedRequestUri": "L3N1YnNjcmlwdGlvbnMvMjU5ZmJiMjQtOWJjZC00Y2ZjLTg2NWMtZmMzM2IyMmZlMzhhL3Jlc291cmNlR3JvdXBzL0Nvc21vc0RCUmVzb3VyY2VHcm91cDM4L3Byb3ZpZGVycy9NaWNyb3NvZnQuRG9jdW1lbnREQi9kYXRhYmFzZUFjY291bnRzL3RhYmxlLWRiMjUyOC90YWJsZXMvdGFibGUxP2FwaS12ZXJzaW9uPTIwMjItMDgtMTUtcHJldmlldw==",
      "RequestMethod": "PUT",
      "RequestHeaders": {
        "x-ms-client-request-id": [
          "1861e70c-b891-4dc9-8951-6d040de169a7"
        ],
        "Accept-Language": [
          "en-US"
        ],
        "User-Agent": [
          "FxVersion/4.700.22.41602",
          "OSName/Windows",
          "OSVersion/Microsoft.Windows.10.0.19044",
          "Microsoft.Azure.Management.CosmosDB.CosmosDBManagementClient/3.7.0.0"
        ],
        "Content-Type": [
          "application/json; charset=utf-8"
        ],
        "Content-Length": [
          "127"
        ]
      },
      "RequestBody": "{\r\n  \"properties\": {\r\n    \"resource\": {\r\n      \"id\": \"table1\"\r\n    },\r\n    \"options\": {\r\n      \"throughput\": 500\r\n    }\r\n  }\r\n}",
      "ResponseHeaders": {
        "Cache-Control": [
          "no-store, no-cache"
        ],
        "Pragma": [
          "no-cache"
        ],
        "Location": [
          "https://management.azure.com/subscriptions/259fbb24-9bcd-4cfc-865c-fc33b22fe38a/resourceGroups/CosmosDBResourceGroup38/providers/Microsoft.DocumentDB/databaseAccounts/table-db2528/tables/table1/operationResults/6eb8fbb7-fbe9-4835-89bb-3b0e2f68f37b?api-version=2022-08-15-preview"
        ],
        "Azure-AsyncOperation": [
          "https://management.azure.com/subscriptions/259fbb24-9bcd-4cfc-865c-fc33b22fe38a/providers/Microsoft.DocumentDB/locations/eastus/operationsStatus/6eb8fbb7-fbe9-4835-89bb-3b0e2f68f37b?api-version=2022-08-15-preview"
        ],
        "x-ms-request-id": [
          "6eb8fbb7-fbe9-4835-89bb-3b0e2f68f37b"
        ],
        "Strict-Transport-Security": [
          "max-age=31536000; includeSubDomains"
        ],
        "x-ms-gatewayversion": [
          "version=2.14.0"
        ],
        "Server": [
          "Microsoft-HTTPAPI/2.0"
        ],
        "x-ms-ratelimit-remaining-subscription-writes": [
          "1199"
        ],
        "x-ms-correlation-request-id": [
          "cc3dd105-acc4-4c37-8ee1-00309e0ae96d"
        ],
        "x-ms-routing-request-id": [
          "EASTUS:20220928T090434Z:cc3dd105-acc4-4c37-8ee1-00309e0ae96d"
        ],
        "X-Content-Type-Options": [
          "nosniff"
        ],
        "Date": [
          "Wed, 28 Sep 2022 09:04:33 GMT"
        ],
        "Content-Length": [
          "21"
        ],
        "Content-Type": [
          "application/json"
        ]
      },
      "ResponseBody": "{\r\n  \"status\": \"Enqueued\"\r\n}",
      "StatusCode": 202
    },
    {
      "RequestUri": "/subscriptions/259fbb24-9bcd-4cfc-865c-fc33b22fe38a/resourceGroups/CosmosDBResourceGroup38/providers/Microsoft.DocumentDB/databaseAccounts/table-db2528/tables/table1?api-version=2022-08-15-preview",
      "EncodedRequestUri": "L3N1YnNjcmlwdGlvbnMvMjU5ZmJiMjQtOWJjZC00Y2ZjLTg2NWMtZmMzM2IyMmZlMzhhL3Jlc291cmNlR3JvdXBzL0Nvc21vc0RCUmVzb3VyY2VHcm91cDM4L3Byb3ZpZGVycy9NaWNyb3NvZnQuRG9jdW1lbnREQi9kYXRhYmFzZUFjY291bnRzL3RhYmxlLWRiMjUyOC90YWJsZXMvdGFibGUxP2FwaS12ZXJzaW9uPTIwMjItMDgtMTUtcHJldmlldw==",
      "RequestMethod": "PUT",
      "RequestHeaders": {
        "x-ms-client-request-id": [
          "fc0e2d50-4f35-46bc-a0b1-dfd67564efa3"
        ],
        "Accept-Language": [
          "en-US"
        ],
        "User-Agent": [
          "FxVersion/4.700.22.41602",
          "OSName/Windows",
          "OSVersion/Microsoft.Windows.10.0.19044",
          "Microsoft.Azure.Management.CosmosDB.CosmosDBManagementClient/3.7.0.0"
        ],
        "Content-Type": [
          "application/json; charset=utf-8"
        ],
        "Content-Length": [
          "127"
        ]
      },
      "RequestBody": "{\r\n  \"properties\": {\r\n    \"resource\": {\r\n      \"id\": \"table1\"\r\n    },\r\n    \"options\": {\r\n      \"throughput\": 600\r\n    }\r\n  }\r\n}",
      "ResponseHeaders": {
        "Cache-Control": [
          "no-store, no-cache"
        ],
        "Pragma": [
          "no-cache"
        ],
        "Location": [
          "https://management.azure.com/subscriptions/259fbb24-9bcd-4cfc-865c-fc33b22fe38a/resourceGroups/CosmosDBResourceGroup38/providers/Microsoft.DocumentDB/databaseAccounts/table-db2528/tables/table1/operationResults/9f3f77cb-6663-4afb-b84e-562d43e414d4?api-version=2022-08-15-preview"
        ],
        "Azure-AsyncOperation": [
          "https://management.azure.com/subscriptions/259fbb24-9bcd-4cfc-865c-fc33b22fe38a/providers/Microsoft.DocumentDB/locations/eastus/operationsStatus/9f3f77cb-6663-4afb-b84e-562d43e414d4?api-version=2022-08-15-preview"
        ],
        "x-ms-request-id": [
          "9f3f77cb-6663-4afb-b84e-562d43e414d4"
        ],
        "Strict-Transport-Security": [
          "max-age=31536000; includeSubDomains"
        ],
        "x-ms-gatewayversion": [
          "version=2.14.0"
        ],
        "Server": [
          "Microsoft-HTTPAPI/2.0"
        ],
        "x-ms-ratelimit-remaining-subscription-writes": [
          "1199"
        ],
        "x-ms-correlation-request-id": [
          "d88f8d09-044c-4d32-b3c0-80f063e6b5e5"
        ],
        "x-ms-routing-request-id": [
          "EASTUS:20220928T090506Z:d88f8d09-044c-4d32-b3c0-80f063e6b5e5"
        ],
        "X-Content-Type-Options": [
          "nosniff"
        ],
        "Date": [
          "Wed, 28 Sep 2022 09:05:05 GMT"
        ],
        "Content-Length": [
          "21"
        ],
        "Content-Type": [
          "application/json"
        ]
      },
      "ResponseBody": "{\r\n  \"status\": \"Enqueued\"\r\n}",
      "StatusCode": 202
    },
    {
      "RequestUri": "/subscriptions/259fbb24-9bcd-4cfc-865c-fc33b22fe38a/providers/Microsoft.DocumentDB/locations/eastus/operationsStatus/6eb8fbb7-fbe9-4835-89bb-3b0e2f68f37b?api-version=2022-08-15-preview",
      "EncodedRequestUri": "L3N1YnNjcmlwdGlvbnMvMjU5ZmJiMjQtOWJjZC00Y2ZjLTg2NWMtZmMzM2IyMmZlMzhhL3Byb3ZpZGVycy9NaWNyb3NvZnQuRG9jdW1lbnREQi9sb2NhdGlvbnMvZWFzdHVzL29wZXJhdGlvbnNTdGF0dXMvNmViOGZiYjctZmJlOS00ODM1LTg5YmItM2IwZTJmNjhmMzdiP2FwaS12ZXJzaW9uPTIwMjItMDgtMTUtcHJldmlldw==",
      "RequestMethod": "GET",
      "RequestHeaders": {
        "x-ms-client-request-id": [
          "1861e70c-b891-4dc9-8951-6d040de169a7"
        ],
        "User-Agent": [
          "FxVersion/4.700.22.41602",
          "OSName/Windows",
          "OSVersion/Microsoft.Windows.10.0.19044",
          "Microsoft.Azure.Management.CosmosDB.CosmosDBManagementClient/3.7.0.0"
        ]
      },
      "RequestBody": "",
      "ResponseHeaders": {
        "Cache-Control": [
          "no-store, no-cache"
        ],
        "Pragma": [
          "no-cache"
        ],
        "Strict-Transport-Security": [
          "max-age=31536000; includeSubDomains"
        ],
        "x-ms-gatewayversion": [
          "version=2.14.0"
        ],
        "Server": [
          "Microsoft-HTTPAPI/2.0"
        ],
        "x-ms-ratelimit-remaining-subscription-reads": [
          "11998"
        ],
        "x-ms-request-id": [
          "299033d7-f689-479f-afdb-9a9a43d8ab49"
        ],
        "x-ms-correlation-request-id": [
          "299033d7-f689-479f-afdb-9a9a43d8ab49"
        ],
        "x-ms-routing-request-id": [
          "EASTUS:20220928T090504Z:299033d7-f689-479f-afdb-9a9a43d8ab49"
        ],
        "X-Content-Type-Options": [
          "nosniff"
        ],
        "Date": [
          "Wed, 28 Sep 2022 09:05:04 GMT"
        ],
        "Content-Length": [
          "22"
        ],
        "Content-Type": [
          "application/json"
        ]
      },
      "ResponseBody": "{\r\n  \"status\": \"Succeeded\"\r\n}",
      "StatusCode": 200
    },
    {
      "RequestUri": "/subscriptions/259fbb24-9bcd-4cfc-865c-fc33b22fe38a/resourceGroups/CosmosDBResourceGroup38/providers/Microsoft.DocumentDB/databaseAccounts/table-db2528/tables/table1/throughputSettings/default?api-version=2022-08-15-preview",
      "EncodedRequestUri": "L3N1YnNjcmlwdGlvbnMvMjU5ZmJiMjQtOWJjZC00Y2ZjLTg2NWMtZmMzM2IyMmZlMzhhL3Jlc291cmNlR3JvdXBzL0Nvc21vc0RCUmVzb3VyY2VHcm91cDM4L3Byb3ZpZGVycy9NaWNyb3NvZnQuRG9jdW1lbnREQi9kYXRhYmFzZUFjY291bnRzL3RhYmxlLWRiMjUyOC90YWJsZXMvdGFibGUxL3Rocm91Z2hwdXRTZXR0aW5ncy9kZWZhdWx0P2FwaS12ZXJzaW9uPTIwMjItMDgtMTUtcHJldmlldw==",
      "RequestMethod": "GET",
      "RequestHeaders": {
        "x-ms-client-request-id": [
          "b4e7776b-bb11-4d09-87be-2fd6ededda8e"
        ],
        "Accept-Language": [
          "en-US"
        ],
        "User-Agent": [
          "FxVersion/4.700.22.41602",
          "OSName/Windows",
          "OSVersion/Microsoft.Windows.10.0.19044",
          "Microsoft.Azure.Management.CosmosDB.CosmosDBManagementClient/3.7.0.0"
        ]
      },
      "RequestBody": "",
      "ResponseHeaders": {
        "Cache-Control": [
          "no-store, no-cache"
        ],
        "Pragma": [
          "no-cache"
        ],
        "Strict-Transport-Security": [
          "max-age=31536000; includeSubDomains"
        ],
        "x-ms-gatewayversion": [
          "version=2.14.0"
        ],
        "Server": [
          "Microsoft-HTTPAPI/2.0"
        ],
        "x-ms-ratelimit-remaining-subscription-reads": [
          "11984"
        ],
        "x-ms-request-id": [
          "457edcc3-351e-4e44-a850-a2070c22c519"
        ],
        "x-ms-correlation-request-id": [
          "457edcc3-351e-4e44-a850-a2070c22c519"
        ],
        "x-ms-routing-request-id": [
          "EASTUS:20220928T090504Z:457edcc3-351e-4e44-a850-a2070c22c519"
        ],
        "X-Content-Type-Options": [
          "nosniff"
        ],
        "Date": [
          "Wed, 28 Sep 2022 09:05:03 GMT"
        ],
        "Content-Length": [
          "359"
        ],
        "Content-Type": [
          "application/json"
        ]
      },
      "ResponseBody": "{\r\n  \"id\": \"/subscriptions/259fbb24-9bcd-4cfc-865c-fc33b22fe38a/resourceGroups/CosmosDBResourceGroup38/providers/Microsoft.DocumentDB/databaseAccounts/table-db2528/tables/table1/throughputSettings/default\",\r\n  \"type\": \"Microsoft.DocumentDB/databaseAccounts/tables/throughputSettings\",\r\n  \"name\": \"VvmT\",\r\n  \"properties\": {\r\n    \"resource\": {\r\n      \"throughput\": 500,\r\n      \"minimumThroughput\": \"400\"\r\n    }\r\n  }\r\n}",
      "StatusCode": 200
    },
    {
      "RequestUri": "/subscriptions/259fbb24-9bcd-4cfc-865c-fc33b22fe38a/resourceGroups/CosmosDBResourceGroup38/providers/Microsoft.DocumentDB/databaseAccounts/table-db2528/tables/table1/throughputSettings/default?api-version=2022-08-15-preview",
      "EncodedRequestUri": "L3N1YnNjcmlwdGlvbnMvMjU5ZmJiMjQtOWJjZC00Y2ZjLTg2NWMtZmMzM2IyMmZlMzhhL3Jlc291cmNlR3JvdXBzL0Nvc21vc0RCUmVzb3VyY2VHcm91cDM4L3Byb3ZpZGVycy9NaWNyb3NvZnQuRG9jdW1lbnREQi9kYXRhYmFzZUFjY291bnRzL3RhYmxlLWRiMjUyOC90YWJsZXMvdGFibGUxL3Rocm91Z2hwdXRTZXR0aW5ncy9kZWZhdWx0P2FwaS12ZXJzaW9uPTIwMjItMDgtMTUtcHJldmlldw==",
      "RequestMethod": "GET",
      "RequestHeaders": {
        "x-ms-client-request-id": [
          "2979414a-43a3-4612-bdd5-c05f7176dbc4"
        ],
        "Accept-Language": [
          "en-US"
        ],
        "User-Agent": [
          "FxVersion/4.700.22.41602",
          "OSName/Windows",
          "OSVersion/Microsoft.Windows.10.0.19044",
          "Microsoft.Azure.Management.CosmosDB.CosmosDBManagementClient/3.7.0.0"
        ]
      },
      "RequestBody": "",
      "ResponseHeaders": {
        "Cache-Control": [
          "no-store, no-cache"
        ],
        "Pragma": [
          "no-cache"
        ],
        "Strict-Transport-Security": [
          "max-age=31536000; includeSubDomains"
        ],
        "x-ms-gatewayversion": [
          "version=2.14.0"
        ],
        "Server": [
          "Microsoft-HTTPAPI/2.0"
        ],
        "x-ms-ratelimit-remaining-subscription-reads": [
          "11999"
        ],
        "x-ms-request-id": [
          "3abaed22-89c7-4b02-bb60-14df973d37ce"
        ],
        "x-ms-correlation-request-id": [
          "3abaed22-89c7-4b02-bb60-14df973d37ce"
        ],
        "x-ms-routing-request-id": [
          "EASTUS:20220928T090536Z:3abaed22-89c7-4b02-bb60-14df973d37ce"
        ],
        "X-Content-Type-Options": [
          "nosniff"
        ],
        "Date": [
          "Wed, 28 Sep 2022 09:05:36 GMT"
        ],
        "Content-Length": [
          "359"
        ],
        "Content-Type": [
          "application/json"
        ]
      },
      "ResponseBody": "{\r\n  \"id\": \"/subscriptions/259fbb24-9bcd-4cfc-865c-fc33b22fe38a/resourceGroups/CosmosDBResourceGroup38/providers/Microsoft.DocumentDB/databaseAccounts/table-db2528/tables/table1/throughputSettings/default\",\r\n  \"type\": \"Microsoft.DocumentDB/databaseAccounts/tables/throughputSettings\",\r\n  \"name\": \"VvmT\",\r\n  \"properties\": {\r\n    \"resource\": {\r\n      \"throughput\": 600,\r\n      \"minimumThroughput\": \"400\"\r\n    }\r\n  }\r\n}",
      "StatusCode": 200
    },
    {
      "RequestUri": "/subscriptions/259fbb24-9bcd-4cfc-865c-fc33b22fe38a/providers/Microsoft.DocumentDB/locations/eastus/operationsStatus/9f3f77cb-6663-4afb-b84e-562d43e414d4?api-version=2022-08-15-preview",
      "EncodedRequestUri": "L3N1YnNjcmlwdGlvbnMvMjU5ZmJiMjQtOWJjZC00Y2ZjLTg2NWMtZmMzM2IyMmZlMzhhL3Byb3ZpZGVycy9NaWNyb3NvZnQuRG9jdW1lbnREQi9sb2NhdGlvbnMvZWFzdHVzL29wZXJhdGlvbnNTdGF0dXMvOWYzZjc3Y2ItNjY2My00YWZiLWI4NGUtNTYyZDQzZTQxNGQ0P2FwaS12ZXJzaW9uPTIwMjItMDgtMTUtcHJldmlldw==",
      "RequestMethod": "GET",
      "RequestHeaders": {
        "x-ms-client-request-id": [
          "fc0e2d50-4f35-46bc-a0b1-dfd67564efa3"
        ],
        "User-Agent": [
          "FxVersion/4.700.22.41602",
          "OSName/Windows",
          "OSVersion/Microsoft.Windows.10.0.19044",
          "Microsoft.Azure.Management.CosmosDB.CosmosDBManagementClient/3.7.0.0"
        ]
      },
      "RequestBody": "",
      "ResponseHeaders": {
        "Cache-Control": [
          "no-store, no-cache"
        ],
        "Pragma": [
          "no-cache"
        ],
        "Strict-Transport-Security": [
          "max-age=31536000; includeSubDomains"
        ],
        "x-ms-gatewayversion": [
          "version=2.14.0"
        ],
        "Server": [
          "Microsoft-HTTPAPI/2.0"
        ],
        "x-ms-ratelimit-remaining-subscription-reads": [
          "11998"
        ],
        "x-ms-request-id": [
          "d98617a4-3e25-4931-8a3d-ee8876fe8a00"
        ],
        "x-ms-correlation-request-id": [
          "d98617a4-3e25-4931-8a3d-ee8876fe8a00"
        ],
        "x-ms-routing-request-id": [
          "EASTUS:20220928T090536Z:d98617a4-3e25-4931-8a3d-ee8876fe8a00"
        ],
        "X-Content-Type-Options": [
          "nosniff"
        ],
        "Date": [
          "Wed, 28 Sep 2022 09:05:36 GMT"
        ],
        "Content-Length": [
          "22"
        ],
        "Content-Type": [
          "application/json"
        ]
      },
      "ResponseBody": "{\r\n  \"status\": \"Succeeded\"\r\n}",
      "StatusCode": 200
    },
    {
      "RequestUri": "/subscriptions/259fbb24-9bcd-4cfc-865c-fc33b22fe38a/resourceGroups/CosmosDBResourceGroup38/providers/Microsoft.DocumentDB/databaseAccounts/table-db2528/tables/table2?api-version=2022-08-15-preview",
      "EncodedRequestUri": "L3N1YnNjcmlwdGlvbnMvMjU5ZmJiMjQtOWJjZC00Y2ZjLTg2NWMtZmMzM2IyMmZlMzhhL3Jlc291cmNlR3JvdXBzL0Nvc21vc0RCUmVzb3VyY2VHcm91cDM4L3Byb3ZpZGVycy9NaWNyb3NvZnQuRG9jdW1lbnREQi9kYXRhYmFzZUFjY291bnRzL3RhYmxlLWRiMjUyOC90YWJsZXMvdGFibGUyP2FwaS12ZXJzaW9uPTIwMjItMDgtMTUtcHJldmlldw==",
      "RequestMethod": "GET",
      "RequestHeaders": {
        "x-ms-client-request-id": [
          "997cfa69-6909-42c7-b4a5-62ccf6619660"
        ],
        "Accept-Language": [
          "en-US"
        ],
        "User-Agent": [
          "FxVersion/4.700.22.41602",
          "OSName/Windows",
          "OSVersion/Microsoft.Windows.10.0.19044",
          "Microsoft.Azure.Management.CosmosDB.CosmosDBManagementClient/3.7.0.0"
        ]
      },
      "RequestBody": "",
      "ResponseHeaders": {
        "Cache-Control": [
          "no-store, no-cache"
        ],
        "Pragma": [
          "no-cache"
        ],
        "Strict-Transport-Security": [
          "max-age=31536000; includeSubDomains"
        ],
        "x-ms-gatewayversion": [
          "version=2.14.0"
        ],
        "Server": [
          "Microsoft-HTTPAPI/2.0"
        ],
        "x-ms-ratelimit-remaining-subscription-reads": [
          "11999"
        ],
        "x-ms-request-id": [
          "122a34d7-7f05-4b16-a895-842043a0ab7c"
        ],
        "x-ms-correlation-request-id": [
          "122a34d7-7f05-4b16-a895-842043a0ab7c"
        ],
        "x-ms-routing-request-id": [
          "EASTUS:20220928T090536Z:122a34d7-7f05-4b16-a895-842043a0ab7c"
        ],
        "X-Content-Type-Options": [
          "nosniff"
        ],
        "Date": [
          "Wed, 28 Sep 2022 09:05:36 GMT"
        ],
        "Content-Length": [
          "6542"
        ],
        "Content-Type": [
          "application/json"
        ]
      },
      "ResponseBody": "{\r\n  \"code\": \"NotFound\",\r\n  \"message\": \"Message: {\\\"code\\\":\\\"NotFound\\\",\\\"message\\\":\\\"Message: {\\\\\\\"Errors\\\\\\\":[\\\\\\\"Resource Not Found. Learn more: https:\\\\\\\\/\\\\\\\\/aka.ms\\\\\\\\/cosmosdb-tsg-not-found\\\\\\\"]}\\\\r\\\\nActivityId: 997cfa69-6909-42c7-b4a5-62ccf6619660, Request URI: /apps/3ebdcfe0-664a-49a3-83d4-45495e33530c/services/0bcfa55f-4b83-454f-b7fb-d0d35067cdab/partitions/6b500856-8ab7-4d22-9399-c1c8d27445e5/replicas/133088001059158361s, RequestStats: \\\\r\\\\nRequestStartTime: 2022-09-28T09:05:36.5598327Z, RequestEndTime: 2022-09-28T09:05:36.5598327Z,  Number of regions attempted:1\\\\r\\\\n{\\\\\\\"systemHistory\\\\\\\":[{\\\\\\\"dateUtc\\\\\\\":\\\\\\\"2022-09-28T09:04:27.8093771Z\\\\\\\",\\\\\\\"cpu\\\\\\\":0.546,\\\\\\\"memory\\\\\\\":627447396.000,\\\\\\\"threadInfo\\\\\\\":{\\\\\\\"isThreadStarving\\\\\\\":\\\\\\\"False\\\\\\\",\\\\\\\"threadWaitIntervalInMs\\\\\\\":0.015,\\\\\\\"availableThreads\\\\\\\":32752,\\\\\\\"minThreads\\\\\\\":64,\\\\\\\"maxThreads\\\\\\\":32767},\\\\\\\"numberOfOpenTcpConnection\\\\\\\":230},{\\\\\\\"dateUtc\\\\\\\":\\\\\\\"2022-09-28T09:04:37.8194354Z\\\\\\\",\\\\\\\"cpu\\\\\\\":0.844,\\\\\\\"memory\\\\\\\":627198296.000,\\\\\\\"threadInfo\\\\\\\":{\\\\\\\"isThreadStarving\\\\\\\":\\\\\\\"False\\\\\\\",\\\\\\\"threadWaitIntervalInMs\\\\\\\":0.0163,\\\\\\\"availableThreads\\\\\\\":32764,\\\\\\\"minThreads\\\\\\\":64,\\\\\\\"maxThreads\\\\\\\":32767},\\\\\\\"numberOfOpenTcpConnection\\\\\\\":230},{\\\\\\\"dateUtc\\\\\\\":\\\\\\\"2022-09-28T09:04:57.8395895Z\\\\\\\",\\\\\\\"cpu\\\\\\\":0.348,\\\\\\\"memory\\\\\\\":627314696.000,\\\\\\\"threadInfo\\\\\\\":{\\\\\\\"isThreadStarving\\\\\\\":\\\\\\\"False\\\\\\\",\\\\\\\"threadWaitIntervalInMs\\\\\\\":0.0155,\\\\\\\"availableThreads\\\\\\\":32764,\\\\\\\"minThreads\\\\\\\":64,\\\\\\\"maxThreads\\\\\\\":32767},\\\\\\\"numberOfOpenTcpConnection\\\\\\\":230},{\\\\\\\"dateUtc\\\\\\\":\\\\\\\"2022-09-28T09:05:07.8496380Z\\\\\\\",\\\\\\\"cpu\\\\\\\":0.239,\\\\\\\"memory\\\\\\\":627190064.000,\\\\\\\"threadInfo\\\\\\\":{\\\\\\\"isThreadStarving\\\\\\\":\\\\\\\"False\\\\\\\",\\\\\\\"threadWaitIntervalInMs\\\\\\\":0.0203,\\\\\\\"availableThreads\\\\\\\":32764,\\\\\\\"minThreads\\\\\\\":64,\\\\\\\"maxThreads\\\\\\\":32767},\\\\\\\"numberOfOpenTcpConnection\\\\\\\":232},{\\\\\\\"dateUtc\\\\\\\":\\\\\\\"2022-09-28T09:05:17.8597067Z\\\\\\\",\\\\\\\"cpu\\\\\\\":0.400,\\\\\\\"memory\\\\\\\":627122804.000,\\\\\\\"threadInfo\\\\\\\":{\\\\\\\"isThreadStarving\\\\\\\":\\\\\\\"False\\\\\\\",\\\\\\\"threadWaitIntervalInMs\\\\\\\":0.0198,\\\\\\\"availableThreads\\\\\\\":32764,\\\\\\\"minThreads\\\\\\\":64,\\\\\\\"maxThreads\\\\\\\":32767},\\\\\\\"numberOfOpenTcpConnection\\\\\\\":229},{\\\\\\\"dateUtc\\\\\\\":\\\\\\\"2022-09-28T09:05:27.8697756Z\\\\\\\",\\\\\\\"cpu\\\\\\\":0.163,\\\\\\\"memory\\\\\\\":627047140.000,\\\\\\\"threadInfo\\\\\\\":{\\\\\\\"isThreadStarving\\\\\\\":\\\\\\\"False\\\\\\\",\\\\\\\"threadWaitIntervalInMs\\\\\\\":0.0136,\\\\\\\"availableThreads\\\\\\\":32760,\\\\\\\"minThreads\\\\\\\":64,\\\\\\\"maxThreads\\\\\\\":32767},\\\\\\\"numberOfOpenTcpConnection\\\\\\\":229}]}\\\\r\\\\nRequestStart: 2022-09-28T09:05:36.5598327Z; ResponseTime: 2022-09-28T09:05:36.5598327Z; StoreResult: StorePhysicalAddress: rntbd://10.0.1.17:11300/apps/3ebdcfe0-664a-49a3-83d4-45495e33530c/services/0bcfa55f-4b83-454f-b7fb-d0d35067cdab/partitions/6b500856-8ab7-4d22-9399-c1c8d27445e5/replicas/133088001059158361s, LSN: 10, GlobalCommittedLsn: 10, PartitionKeyRangeId: , IsValid: True, StatusCode: 404, SubStatusCode: 0, RequestCharge: 1, ItemLSN: -1, SessionToken: -1#10, UsingLocalLSN: False, TransportException: null, BELatencyMs: 0.186, ActivityId: 997cfa69-6909-42c7-b4a5-62ccf6619660, RetryAfterInMs: , TransportRequestTimeline: {\\\\\\\"requestTimeline\\\\\\\":[{\\\\\\\"event\\\\\\\": \\\\\\\"Created\\\\\\\", \\\\\\\"startTimeUtc\\\\\\\": \\\\\\\"2022-09-28T09:05:36.5598327Z\\\\\\\", \\\\\\\"durationInMs\\\\\\\": 0.0118},{\\\\\\\"event\\\\\\\": \\\\\\\"ChannelAcquisitionStarted\\\\\\\", \\\\\\\"startTimeUtc\\\\\\\": \\\\\\\"2022-09-28T09:05:36.5598445Z\\\\\\\", \\\\\\\"durationInMs\\\\\\\": 0.0028},{\\\\\\\"event\\\\\\\": \\\\\\\"Pipelined\\\\\\\", \\\\\\\"startTimeUtc\\\\\\\": \\\\\\\"2022-09-28T09:05:36.5598473Z\\\\\\\", \\\\\\\"durationInMs\\\\\\\": 0.1018},{\\\\\\\"event\\\\\\\": \\\\\\\"Transit Time\\\\\\\", \\\\\\\"startTimeUtc\\\\\\\": \\\\\\\"2022-09-28T09:05:36.5599491Z\\\\\\\", \\\\\\\"durationInMs\\\\\\\": 0.3508},{\\\\\\\"event\\\\\\\": \\\\\\\"Received\\\\\\\", \\\\\\\"startTimeUtc\\\\\\\": \\\\\\\"2022-09-28T09:05:36.5602999Z\\\\\\\", \\\\\\\"durationInMs\\\\\\\": 0.0372},{\\\\\\\"event\\\\\\\": \\\\\\\"Completed\\\\\\\", \\\\\\\"startTimeUtc\\\\\\\": \\\\\\\"2022-09-28T09:05:36.5603371Z\\\\\\\", \\\\\\\"durationInMs\\\\\\\": 0}],\\\\\\\"serviceEndpointStats\\\\\\\":{\\\\\\\"inflightRequests\\\\\\\":1,\\\\\\\"openConnections\\\\\\\":1},\\\\\\\"connectionStats\\\\\\\":{\\\\\\\"waitforConnectionInit\\\\\\\":\\\\\\\"False\\\\\\\",\\\\\\\"callsPendingReceive\\\\\\\":0,\\\\\\\"lastSendAttempt\\\\\\\":\\\\\\\"2022-09-28T09:05:36.5598327Z\\\\\\\",\\\\\\\"lastSend\\\\\\\":\\\\\\\"2022-09-28T09:05:36.5598327Z\\\\\\\",\\\\\\\"lastReceive\\\\\\\":\\\\\\\"2022-09-28T09:05:36.5598327Z\\\\\\\"},\\\\\\\"requestSizeInBytes\\\\\\\":472,\\\\\\\"responseMetadataSizeInBytes\\\\\\\":135,\\\\\\\"responseBodySizeInBytes\\\\\\\":87};\\\\r\\\\n ResourceType: Collection, OperationType: Read\\\\r\\\\nRequestStart: 2022-09-28T09:05:36.5598327Z; ResponseTime: 2022-09-28T09:05:36.5598327Z; StoreResult: StorePhysicalAddress: rntbd://10.0.1.8:11300/apps/3ebdcfe0-664a-49a3-83d4-45495e33530c/services/0bcfa55f-4b83-454f-b7fb-d0d35067cdab/partitions/6b500856-8ab7-4d22-9399-c1c8d27445e5/replicas/133088001059158360s, LSN: 10, GlobalCommittedLsn: 10, PartitionKeyRangeId: , IsValid: True, StatusCode: 404, SubStatusCode: 0, RequestCharge: 1, ItemLSN: -1, SessionToken: -1#10, UsingLocalLSN: False, TransportException: null, BELatencyMs: 0.178, ActivityId: 997cfa69-6909-42c7-b4a5-62ccf6619660, RetryAfterInMs: , TransportRequestTimeline: {\\\\\\\"requestTimeline\\\\\\\":[{\\\\\\\"event\\\\\\\": \\\\\\\"Created\\\\\\\", \\\\\\\"startTimeUtc\\\\\\\": \\\\\\\"2022-09-28T09:05:36.5598327Z\\\\\\\", \\\\\\\"durationInMs\\\\\\\": 0.0055},{\\\\\\\"event\\\\\\\": \\\\\\\"ChannelAcquisitionStarted\\\\\\\", \\\\\\\"startTimeUtc\\\\\\\": \\\\\\\"2022-09-28T09:05:36.5598382Z\\\\\\\", \\\\\\\"durationInMs\\\\\\\": 0.0014},{\\\\\\\"event\\\\\\\": \\\\\\\"Pipelined\\\\\\\", \\\\\\\"startTimeUtc\\\\\\\": \\\\\\\"2022-09-28T09:05:36.5598396Z\\\\\\\", \\\\\\\"durationInMs\\\\\\\": 0.0727},{\\\\\\\"event\\\\\\\": \\\\\\\"Transit Time\\\\\\\", \\\\\\\"startTimeUtc\\\\\\\": \\\\\\\"2022-09-28T09:05:36.5599123Z\\\\\\\", \\\\\\\"durationInMs\\\\\\\": 0.4557},{\\\\\\\"event\\\\\\\": \\\\\\\"Received\\\\\\\", \\\\\\\"startTimeUtc\\\\\\\": \\\\\\\"2022-09-28T09:05:36.5603680Z\\\\\\\", \\\\\\\"durationInMs\\\\\\\": 0.0221},{\\\\\\\"event\\\\\\\": \\\\\\\"Completed\\\\\\\", \\\\\\\"startTimeUtc\\\\\\\": \\\\\\\"2022-09-28T09:05:36.5603901Z\\\\\\\", \\\\\\\"durationInMs\\\\\\\": 0}],\\\\\\\"serviceEndpointStats\\\\\\\":{\\\\\\\"inflightRequests\\\\\\\":1,\\\\\\\"openConnections\\\\\\\":1},\\\\\\\"connectionStats\\\\\\\":{\\\\\\\"waitforConnectionInit\\\\\\\":\\\\\\\"False\\\\\\\",\\\\\\\"callsPendingReceive\\\\\\\":0,\\\\\\\"lastSendAttempt\\\\\\\":\\\\\\\"2022-09-28T09:05:36.5598327Z\\\\\\\",\\\\\\\"lastSend\\\\\\\":\\\\\\\"2022-09-28T09:05:36.5598327Z\\\\\\\",\\\\\\\"lastReceive\\\\\\\":\\\\\\\"2022-09-28T09:05:36.5598327Z\\\\\\\"},\\\\\\\"requestSizeInBytes\\\\\\\":472,\\\\\\\"responseMetadataSizeInBytes\\\\\\\":135,\\\\\\\"responseBodySizeInBytes\\\\\\\":87};\\\\r\\\\n ResourceType: Collection, OperationType: Read\\\\r\\\\n, SDK: Microsoft.Azure.Documents.Common/2.14.0\\\"}, Request URI: /dbs/TablesDB/colls/table2, RequestStats: , SDK: Microsoft.Azure.Documents.Common/2.14.0\"\r\n}",
      "StatusCode": 404
    },
    {
      "RequestUri": "/subscriptions/259fbb24-9bcd-4cfc-865c-fc33b22fe38a/resourceGroups/CosmosDBResourceGroup38/providers/Microsoft.DocumentDB/databaseAccounts/table-db2528/tables?api-version=2022-08-15-preview",
      "EncodedRequestUri": "L3N1YnNjcmlwdGlvbnMvMjU5ZmJiMjQtOWJjZC00Y2ZjLTg2NWMtZmMzM2IyMmZlMzhhL3Jlc291cmNlR3JvdXBzL0Nvc21vc0RCUmVzb3VyY2VHcm91cDM4L3Byb3ZpZGVycy9NaWNyb3NvZnQuRG9jdW1lbnREQi9kYXRhYmFzZUFjY291bnRzL3RhYmxlLWRiMjUyOC90YWJsZXM/YXBpLXZlcnNpb249MjAyMi0wOC0xNS1wcmV2aWV3",
      "RequestMethod": "GET",
      "RequestHeaders": {
        "x-ms-client-request-id": [
          "420caec7-0685-441a-ab0f-09230c0cc92e"
        ],
        "Accept-Language": [
          "en-US"
        ],
        "User-Agent": [
          "FxVersion/4.700.22.41602",
          "OSName/Windows",
          "OSVersion/Microsoft.Windows.10.0.19044",
          "Microsoft.Azure.Management.CosmosDB.CosmosDBManagementClient/3.7.0.0"
        ]
      },
      "RequestBody": "",
      "ResponseHeaders": {
        "Cache-Control": [
          "no-store, no-cache"
        ],
        "Pragma": [
          "no-cache"
        ],
        "Strict-Transport-Security": [
          "max-age=31536000; includeSubDomains"
        ],
        "x-ms-gatewayversion": [
          "version=2.14.0"
        ],
        "Server": [
          "Microsoft-HTTPAPI/2.0"
        ],
        "x-ms-ratelimit-remaining-subscription-reads": [
          "11999"
        ],
        "x-ms-request-id": [
          "76306176-16ed-44f1-af93-dec73f969883"
        ],
        "x-ms-correlation-request-id": [
          "76306176-16ed-44f1-af93-dec73f969883"
        ],
        "x-ms-routing-request-id": [
          "EASTUS:20220928T090536Z:76306176-16ed-44f1-af93-dec73f969883"
        ],
        "X-Content-Type-Options": [
          "nosniff"
        ],
        "Date": [
          "Wed, 28 Sep 2022 09:05:36 GMT"
        ],
        "Content-Length": [
          "388"
        ],
        "Content-Type": [
          "application/json"
        ]
      },
      "ResponseBody": "{\r\n  \"value\": [\r\n    {\r\n      \"id\": \"/subscriptions/259fbb24-9bcd-4cfc-865c-fc33b22fe38a/resourceGroups/CosmosDBResourceGroup38/providers/Microsoft.DocumentDB/databaseAccounts/table-db2528/tables/table1\",\r\n      \"type\": \"Microsoft.DocumentDB/databaseAccounts/tables\",\r\n      \"name\": \"table1\",\r\n      \"properties\": {\r\n        \"resource\": {\r\n          \"id\": \"table1\",\r\n          \"_rid\": \"T0dNAOFPecA=\",\r\n          \"_etag\": \"\\\"00000000-0000-0000-d319-59ddc40101d8\\\"\",\r\n          \"_ts\": 1664355884\r\n        }\r\n      }\r\n    }\r\n  ]\r\n}",
      "StatusCode": 200
    },
    {
      "RequestUri": "/subscriptions/259fbb24-9bcd-4cfc-865c-fc33b22fe38a/resourceGroups/CosmosDBResourceGroup38/providers/Microsoft.DocumentDB/databaseAccounts/table-db2528/tables/table1?api-version=2022-08-15-preview",
      "EncodedRequestUri": "L3N1YnNjcmlwdGlvbnMvMjU5ZmJiMjQtOWJjZC00Y2ZjLTg2NWMtZmMzM2IyMmZlMzhhL3Jlc291cmNlR3JvdXBzL0Nvc21vc0RCUmVzb3VyY2VHcm91cDM4L3Byb3ZpZGVycy9NaWNyb3NvZnQuRG9jdW1lbnREQi9kYXRhYmFzZUFjY291bnRzL3RhYmxlLWRiMjUyOC90YWJsZXMvdGFibGUxP2FwaS12ZXJzaW9uPTIwMjItMDgtMTUtcHJldmlldw==",
      "RequestMethod": "DELETE",
      "RequestHeaders": {
        "x-ms-client-request-id": [
          "e1009525-3786-438f-ad78-9e3d17258cb6"
        ],
        "Accept-Language": [
          "en-US"
        ],
        "User-Agent": [
          "FxVersion/4.700.22.41602",
          "OSName/Windows",
          "OSVersion/Microsoft.Windows.10.0.19044",
          "Microsoft.Azure.Management.CosmosDB.CosmosDBManagementClient/3.7.0.0"
        ]
      },
      "RequestBody": "",
      "ResponseHeaders": {
        "Cache-Control": [
          "no-store, no-cache"
        ],
        "Pragma": [
          "no-cache"
        ],
        "Location": [
          "https://management.azure.com/subscriptions/259fbb24-9bcd-4cfc-865c-fc33b22fe38a/resourceGroups/CosmosDBResourceGroup38/providers/Microsoft.DocumentDB/databaseAccounts/table-db2528/tables/table1/operationResults/3a6514d1-8f35-47ca-b3ab-5df3fb82aff8?api-version=2022-08-15-preview"
        ],
        "Azure-AsyncOperation": [
          "https://management.azure.com/subscriptions/259fbb24-9bcd-4cfc-865c-fc33b22fe38a/providers/Microsoft.DocumentDB/locations/eastus/operationsStatus/3a6514d1-8f35-47ca-b3ab-5df3fb82aff8?api-version=2022-08-15-preview"
        ],
        "x-ms-request-id": [
          "3a6514d1-8f35-47ca-b3ab-5df3fb82aff8"
        ],
        "Strict-Transport-Security": [
          "max-age=31536000; includeSubDomains"
        ],
        "x-ms-gatewayversion": [
          "version=2.14.0"
        ],
        "Server": [
          "Microsoft-HTTPAPI/2.0"
        ],
        "x-ms-ratelimit-remaining-subscription-deletes": [
          "14999"
        ],
        "x-ms-correlation-request-id": [
          "f84cad08-4471-4271-b235-c109f740fd75"
        ],
        "x-ms-routing-request-id": [
          "EASTUS:20220928T090537Z:f84cad08-4471-4271-b235-c109f740fd75"
        ],
        "X-Content-Type-Options": [
          "nosniff"
        ],
        "Date": [
          "Wed, 28 Sep 2022 09:05:36 GMT"
        ],
        "Content-Length": [
          "21"
        ],
        "Content-Type": [
          "application/json"
        ]
      },
      "ResponseBody": "{\r\n  \"status\": \"Enqueued\"\r\n}",
      "StatusCode": 202
    },
    {
      "RequestUri": "/subscriptions/259fbb24-9bcd-4cfc-865c-fc33b22fe38a/resourceGroups/CosmosDBResourceGroup38/providers/Microsoft.DocumentDB/databaseAccounts/table-db2528/tables/table1?api-version=2022-08-15-preview",
      "EncodedRequestUri": "L3N1YnNjcmlwdGlvbnMvMjU5ZmJiMjQtOWJjZC00Y2ZjLTg2NWMtZmMzM2IyMmZlMzhhL3Jlc291cmNlR3JvdXBzL0Nvc21vc0RCUmVzb3VyY2VHcm91cDM4L3Byb3ZpZGVycy9NaWNyb3NvZnQuRG9jdW1lbnREQi9kYXRhYmFzZUFjY291bnRzL3RhYmxlLWRiMjUyOC90YWJsZXMvdGFibGUxP2FwaS12ZXJzaW9uPTIwMjItMDgtMTUtcHJldmlldw==",
      "RequestMethod": "DELETE",
      "RequestHeaders": {
        "x-ms-client-request-id": [
          "64205b20-86cc-4b0e-a07f-9a5b2b67ac8f"
        ],
        "Accept-Language": [
          "en-US"
        ],
        "User-Agent": [
          "FxVersion/4.700.22.41602",
          "OSName/Windows",
          "OSVersion/Microsoft.Windows.10.0.19044",
          "Microsoft.Azure.Management.CosmosDB.CosmosDBManagementClient/3.7.0.0"
        ]
      },
      "RequestBody": "",
      "ResponseHeaders": {
        "Cache-Control": [
          "no-store, no-cache"
        ],
        "Pragma": [
          "no-cache"
        ],
        "Location": [
          "https://management.azure.com/subscriptions/259fbb24-9bcd-4cfc-865c-fc33b22fe38a/resourceGroups/CosmosDBResourceGroup38/providers/Microsoft.DocumentDB/databaseAccounts/table-db2528/tables/table1/operationResults/bf02abcc-871a-426e-bff3-1e79f84964e6?api-version=2022-08-15-preview"
        ],
        "Azure-AsyncOperation": [
          "https://management.azure.com/subscriptions/259fbb24-9bcd-4cfc-865c-fc33b22fe38a/providers/Microsoft.DocumentDB/locations/eastus/operationsStatus/bf02abcc-871a-426e-bff3-1e79f84964e6?api-version=2022-08-15-preview"
        ],
        "x-ms-request-id": [
          "bf02abcc-871a-426e-bff3-1e79f84964e6"
        ],
        "Strict-Transport-Security": [
          "max-age=31536000; includeSubDomains"
        ],
        "x-ms-gatewayversion": [
          "version=2.14.0"
        ],
        "Server": [
          "Microsoft-HTTPAPI/2.0"
        ],
        "x-ms-ratelimit-remaining-subscription-deletes": [
          "14999"
        ],
        "x-ms-correlation-request-id": [
          "d8822b2c-906c-4da7-840a-4c84c6b1041b"
        ],
        "x-ms-routing-request-id": [
          "EASTUS:20220928T090608Z:d8822b2c-906c-4da7-840a-4c84c6b1041b"
        ],
        "X-Content-Type-Options": [
          "nosniff"
        ],
        "Date": [
          "Wed, 28 Sep 2022 09:06:07 GMT"
        ],
        "Content-Length": [
          "21"
        ],
        "Content-Type": [
          "application/json"
        ]
      },
      "ResponseBody": "{\r\n  \"status\": \"Enqueued\"\r\n}",
      "StatusCode": 202
    },
    {
      "RequestUri": "/subscriptions/259fbb24-9bcd-4cfc-865c-fc33b22fe38a/providers/Microsoft.DocumentDB/locations/eastus/operationsStatus/3a6514d1-8f35-47ca-b3ab-5df3fb82aff8?api-version=2022-08-15-preview",
      "EncodedRequestUri": "L3N1YnNjcmlwdGlvbnMvMjU5ZmJiMjQtOWJjZC00Y2ZjLTg2NWMtZmMzM2IyMmZlMzhhL3Byb3ZpZGVycy9NaWNyb3NvZnQuRG9jdW1lbnREQi9sb2NhdGlvbnMvZWFzdHVzL29wZXJhdGlvbnNTdGF0dXMvM2E2NTE0ZDEtOGYzNS00N2NhLWIzYWItNWRmM2ZiODJhZmY4P2FwaS12ZXJzaW9uPTIwMjItMDgtMTUtcHJldmlldw==",
      "RequestMethod": "GET",
      "RequestHeaders": {
        "x-ms-client-request-id": [
          "e1009525-3786-438f-ad78-9e3d17258cb6"
        ],
        "User-Agent": [
          "FxVersion/4.700.22.41602",
          "OSName/Windows",
          "OSVersion/Microsoft.Windows.10.0.19044",
          "Microsoft.Azure.Management.CosmosDB.CosmosDBManagementClient/3.7.0.0"
        ]
      },
      "RequestBody": "",
      "ResponseHeaders": {
        "Cache-Control": [
          "no-store, no-cache"
        ],
        "Pragma": [
          "no-cache"
        ],
        "Strict-Transport-Security": [
          "max-age=31536000; includeSubDomains"
        ],
        "x-ms-gatewayversion": [
          "version=2.14.0"
        ],
        "Server": [
          "Microsoft-HTTPAPI/2.0"
        ],
        "x-ms-ratelimit-remaining-subscription-reads": [
          "11990"
        ],
        "x-ms-request-id": [
          "633839e1-d9f4-4b32-b721-01fd645fa8de"
        ],
        "x-ms-correlation-request-id": [
          "633839e1-d9f4-4b32-b721-01fd645fa8de"
        ],
        "x-ms-routing-request-id": [
          "EASTUS:20220928T090607Z:633839e1-d9f4-4b32-b721-01fd645fa8de"
        ],
        "X-Content-Type-Options": [
          "nosniff"
        ],
        "Date": [
          "Wed, 28 Sep 2022 09:06:06 GMT"
        ],
        "Content-Length": [
          "22"
        ],
        "Content-Type": [
          "application/json"
        ]
      },
      "ResponseBody": "{\r\n  \"status\": \"Succeeded\"\r\n}",
      "StatusCode": 200
    },
    {
      "RequestUri": "/subscriptions/259fbb24-9bcd-4cfc-865c-fc33b22fe38a/resourceGroups/CosmosDBResourceGroup38/providers/Microsoft.DocumentDB/databaseAccounts/table-db2528/tables/table1/operationResults/3a6514d1-8f35-47ca-b3ab-5df3fb82aff8?api-version=2022-08-15-preview",
      "EncodedRequestUri": "L3N1YnNjcmlwdGlvbnMvMjU5ZmJiMjQtOWJjZC00Y2ZjLTg2NWMtZmMzM2IyMmZlMzhhL3Jlc291cmNlR3JvdXBzL0Nvc21vc0RCUmVzb3VyY2VHcm91cDM4L3Byb3ZpZGVycy9NaWNyb3NvZnQuRG9jdW1lbnREQi9kYXRhYmFzZUFjY291bnRzL3RhYmxlLWRiMjUyOC90YWJsZXMvdGFibGUxL29wZXJhdGlvblJlc3VsdHMvM2E2NTE0ZDEtOGYzNS00N2NhLWIzYWItNWRmM2ZiODJhZmY4P2FwaS12ZXJzaW9uPTIwMjItMDgtMTUtcHJldmlldw==",
      "RequestMethod": "GET",
      "RequestHeaders": {
        "x-ms-client-request-id": [
          "e1009525-3786-438f-ad78-9e3d17258cb6"
        ],
        "User-Agent": [
          "FxVersion/4.700.22.41602",
          "OSName/Windows",
          "OSVersion/Microsoft.Windows.10.0.19044",
          "Microsoft.Azure.Management.CosmosDB.CosmosDBManagementClient/3.7.0.0"
        ]
      },
      "RequestBody": "",
      "ResponseHeaders": {
        "Cache-Control": [
          "no-store, no-cache"
        ],
        "Pragma": [
          "no-cache"
        ],
        "Strict-Transport-Security": [
          "max-age=31536000; includeSubDomains"
        ],
        "x-ms-gatewayversion": [
          "version=2.14.0"
        ],
        "Server": [
          "Microsoft-HTTPAPI/2.0"
        ],
        "x-ms-ratelimit-remaining-subscription-reads": [
          "11989"
        ],
        "x-ms-request-id": [
          "fba5b1cf-cde2-4f9a-8167-5eca3e6aadaa"
        ],
        "x-ms-correlation-request-id": [
          "fba5b1cf-cde2-4f9a-8167-5eca3e6aadaa"
        ],
        "x-ms-routing-request-id": [
          "EASTUS:20220928T090607Z:fba5b1cf-cde2-4f9a-8167-5eca3e6aadaa"
        ],
        "X-Content-Type-Options": [
          "nosniff"
        ],
        "Date": [
          "Wed, 28 Sep 2022 09:06:06 GMT"
        ],
        "Content-Type": [
          "application/json"
        ]
      },
      "ResponseBody": "",
      "StatusCode": 204
    },
    {
      "RequestUri": "/subscriptions/259fbb24-9bcd-4cfc-865c-fc33b22fe38a/providers/Microsoft.DocumentDB/locations/eastus/operationsStatus/bf02abcc-871a-426e-bff3-1e79f84964e6?api-version=2022-08-15-preview",
      "EncodedRequestUri": "L3N1YnNjcmlwdGlvbnMvMjU5ZmJiMjQtOWJjZC00Y2ZjLTg2NWMtZmMzM2IyMmZlMzhhL3Byb3ZpZGVycy9NaWNyb3NvZnQuRG9jdW1lbnREQi9sb2NhdGlvbnMvZWFzdHVzL29wZXJhdGlvbnNTdGF0dXMvYmYwMmFiY2MtODcxYS00MjZlLWJmZjMtMWU3OWY4NDk2NGU2P2FwaS12ZXJzaW9uPTIwMjItMDgtMTUtcHJldmlldw==",
      "RequestMethod": "GET",
      "RequestHeaders": {
        "x-ms-client-request-id": [
          "64205b20-86cc-4b0e-a07f-9a5b2b67ac8f"
        ],
        "User-Agent": [
          "FxVersion/4.700.22.41602",
          "OSName/Windows",
          "OSVersion/Microsoft.Windows.10.0.19044",
          "Microsoft.Azure.Management.CosmosDB.CosmosDBManagementClient/3.7.0.0"
        ]
      },
      "RequestBody": "",
      "ResponseHeaders": {
        "Cache-Control": [
          "no-store, no-cache"
        ],
        "Pragma": [
          "no-cache"
        ],
        "Strict-Transport-Security": [
          "max-age=31536000; includeSubDomains"
        ],
        "x-ms-gatewayversion": [
          "version=2.14.0"
        ],
        "Server": [
          "Microsoft-HTTPAPI/2.0"
        ],
        "x-ms-ratelimit-remaining-subscription-reads": [
          "11998"
        ],
        "x-ms-request-id": [
          "8450c848-201e-4082-925e-d846fc65c166"
        ],
        "x-ms-correlation-request-id": [
          "8450c848-201e-4082-925e-d846fc65c166"
        ],
        "x-ms-routing-request-id": [
          "EASTUS:20220928T090638Z:8450c848-201e-4082-925e-d846fc65c166"
        ],
        "X-Content-Type-Options": [
          "nosniff"
        ],
        "Date": [
          "Wed, 28 Sep 2022 09:06:37 GMT"
        ],
        "Content-Length": [
          "22"
        ],
        "Content-Type": [
          "application/json"
        ]
      },
      "ResponseBody": "{\r\n  \"status\": \"Succeeded\"\r\n}",
      "StatusCode": 200
    },
    {
      "RequestUri": "/subscriptions/259fbb24-9bcd-4cfc-865c-fc33b22fe38a/resourceGroups/CosmosDBResourceGroup38/providers/Microsoft.DocumentDB/databaseAccounts/table-db2528/tables/table1/operationResults/bf02abcc-871a-426e-bff3-1e79f84964e6?api-version=2022-08-15-preview",
      "EncodedRequestUri": "L3N1YnNjcmlwdGlvbnMvMjU5ZmJiMjQtOWJjZC00Y2ZjLTg2NWMtZmMzM2IyMmZlMzhhL3Jlc291cmNlR3JvdXBzL0Nvc21vc0RCUmVzb3VyY2VHcm91cDM4L3Byb3ZpZGVycy9NaWNyb3NvZnQuRG9jdW1lbnREQi9kYXRhYmFzZUFjY291bnRzL3RhYmxlLWRiMjUyOC90YWJsZXMvdGFibGUxL29wZXJhdGlvblJlc3VsdHMvYmYwMmFiY2MtODcxYS00MjZlLWJmZjMtMWU3OWY4NDk2NGU2P2FwaS12ZXJzaW9uPTIwMjItMDgtMTUtcHJldmlldw==",
      "RequestMethod": "GET",
      "RequestHeaders": {
        "x-ms-client-request-id": [
          "64205b20-86cc-4b0e-a07f-9a5b2b67ac8f"
        ],
        "User-Agent": [
          "FxVersion/4.700.22.41602",
          "OSName/Windows",
          "OSVersion/Microsoft.Windows.10.0.19044",
          "Microsoft.Azure.Management.CosmosDB.CosmosDBManagementClient/3.7.0.0"
        ]
      },
      "RequestBody": "",
      "ResponseHeaders": {
        "Cache-Control": [
          "no-store, no-cache"
        ],
        "Pragma": [
          "no-cache"
        ],
        "Strict-Transport-Security": [
          "max-age=31536000; includeSubDomains"
        ],
        "x-ms-gatewayversion": [
          "version=2.14.0"
        ],
        "Server": [
          "Microsoft-HTTPAPI/2.0"
        ],
        "x-ms-ratelimit-remaining-subscription-reads": [
          "11997"
        ],
        "x-ms-request-id": [
          "27104799-4c7a-450d-9492-f29afc1518b8"
        ],
        "x-ms-correlation-request-id": [
          "27104799-4c7a-450d-9492-f29afc1518b8"
        ],
        "x-ms-routing-request-id": [
          "EASTUS:20220928T090638Z:27104799-4c7a-450d-9492-f29afc1518b8"
        ],
        "X-Content-Type-Options": [
          "nosniff"
        ],
        "Date": [
          "Wed, 28 Sep 2022 09:06:37 GMT"
        ],
        "Content-Type": [
          "application/json"
        ]
      },
      "ResponseBody": "",
      "StatusCode": 204
    }
  ],
  "Names": {},
  "Variables": {}
}