{
  "Entries": [
    {
      "RequestUri": "/subscriptions/12053b8f-cab5-4f5c-9c1a-870580142abd/resourceGroups/CosmosDBResourceGroup2510/providers/Microsoft.DocumentDB/databaseAccounts/db2527?api-version=2020-03-01",
      "EncodedRequestUri": "L3N1YnNjcmlwdGlvbnMvMTIwNTNiOGYtY2FiNS00ZjVjLTljMWEtODcwNTgwMTQyYWJkL3Jlc291cmNlR3JvdXBzL0Nvc21vc0RCUmVzb3VyY2VHcm91cDI1MTAvcHJvdmlkZXJzL01pY3Jvc29mdC5Eb2N1bWVudERCL2RhdGFiYXNlQWNjb3VudHMvZGIyNTI3P2FwaS12ZXJzaW9uPTIwMjAtMDMtMDE=",
      "RequestMethod": "GET",
      "RequestBody": "",
      "RequestHeaders": {
        "x-ms-client-request-id": [
          "ea6e72ea-9034-40e9-9593-225ab9f08622"
        ],
        "Accept-Language": [
          "en-US"
        ],
        "User-Agent": [
          "FxVersion/4.6.28516.03",
          "OSName/Windows",
          "OSVersion/Microsoft.Windows.10.0.18363.",
          "Microsoft.Azure.Management.CosmosDB.CosmosDBManagementClient/1.1.0.0"
        ]
      },
      "ResponseHeaders": {
        "Cache-Control": [
          "no-store, no-cache"
        ],
        "Pragma": [
          "no-cache"
        ],
        "Strict-Transport-Security": [
          "max-age=31536000; includeSubDomains"
        ],
        "x-ms-gatewayversion": [
          "version=2.10.0"
        ],
        "Server": [
          "Microsoft-HTTPAPI/2.0"
        ],
        "x-ms-ratelimit-remaining-subscription-reads": [
          "11999"
        ],
        "x-ms-request-id": [
          "dd16c7fc-f452-4099-a321-e06f82a5ddfe"
        ],
        "x-ms-correlation-request-id": [
          "dd16c7fc-f452-4099-a321-e06f82a5ddfe"
        ],
        "x-ms-routing-request-id": [
          "WESTUS:20200415T024151Z:dd16c7fc-f452-4099-a321-e06f82a5ddfe"
        ],
        "X-Content-Type-Options": [
          "nosniff"
        ],
        "Date": [
          "Wed, 15 Apr 2020 02:41:51 GMT"
        ],
        "Content-Length": [
          "1827"
        ],
        "Content-Type": [
          "application/json"
        ],
        "Content-Location": [
          "https://management.documents.azure.com:450/subscriptions/12053b8f-cab5-4f5c-9c1a-870580142abd/resourceGroups/CosmosDBResourceGroup2510/providers/Microsoft.DocumentDB/databaseAccounts/db2527?api-version=2020-03-01"
        ]
      },
      "ResponseBody": "{\r\n  \"id\": \"/subscriptions/12053b8f-cab5-4f5c-9c1a-870580142abd/resourceGroups/CosmosDBResourceGroup2510/providers/Microsoft.DocumentDB/databaseAccounts/db2527\",\r\n  \"name\": \"db2527\",\r\n  \"location\": \"East US\",\r\n  \"type\": \"Microsoft.DocumentDB/databaseAccounts\",\r\n  \"kind\": \"GlobalDocumentDB\",\r\n  \"tags\": {\r\n    \"defaultExperience\": \"Azure Table\"\r\n  },\r\n  \"properties\": {\r\n    \"provisioningState\": \"Succeeded\",\r\n    \"documentEndpoint\": \"https://db2527.documents.azure.com:443/\",\r\n    \"tableEndpoint\": \"https://db2527.table.cosmos.azure.com:443/\",\r\n    \"ipRangeFilter\": \"\",\r\n    \"publicNetworkAccess\": \"Enabled\",\r\n    \"enableAutomaticFailover\": false,\r\n    \"enableMultipleWriteLocations\": false,\r\n    \"enablePartitionKeyMonitor\": false,\r\n    \"isVirtualNetworkFilterEnabled\": false,\r\n    \"virtualNetworkRules\": [],\r\n    \"EnabledApiTypes\": \"Table, Sql\",\r\n    \"disableKeyBasedMetadataWriteAccess\": false,\r\n    \"enableFreeTier\": false,\r\n    \"apiProperties\": null,\r\n    \"databaseAccountOfferType\": \"Standard\",\r\n    \"enableCassandraConnector\": false,\r\n    \"connectorOffer\": \"\",\r\n    \"consistencyPolicy\": {\r\n      \"defaultConsistencyLevel\": \"BoundedStaleness\",\r\n      \"maxIntervalInSeconds\": 86400,\r\n      \"maxStalenessPrefix\": 1000000\r\n    },\r\n    \"configurationOverrides\": {},\r\n    \"writeLocations\": [\r\n      {\r\n        \"id\": \"db2527-eastus\",\r\n        \"locationName\": \"East US\",\r\n        \"documentEndpoint\": \"https://db2527-eastus.documents.azure.com:443/\",\r\n        \"provisioningState\": \"Succeeded\",\r\n        \"failoverPriority\": 0,\r\n        \"isZoneRedundant\": false\r\n      }\r\n    ],\r\n    \"readLocations\": [\r\n      {\r\n        \"id\": \"db2527-eastus\",\r\n        \"locationName\": \"East US\",\r\n        \"documentEndpoint\": \"https://db2527-eastus.documents.azure.com:443/\",\r\n        \"provisioningState\": \"Succeeded\",\r\n        \"failoverPriority\": 0,\r\n        \"isZoneRedundant\": false\r\n      }\r\n    ],\r\n    \"locations\": [\r\n      {\r\n        \"id\": \"db2527-eastus\",\r\n        \"locationName\": \"East US\",\r\n        \"documentEndpoint\": \"https://db2527-eastus.documents.azure.com:443/\",\r\n        \"provisioningState\": \"Succeeded\",\r\n        \"failoverPriority\": 0,\r\n        \"isZoneRedundant\": false\r\n      }\r\n    ],\r\n    \"failoverPolicies\": [\r\n      {\r\n        \"id\": \"db2527-eastus\",\r\n        \"locationName\": \"East US\",\r\n        \"failoverPriority\": 0\r\n      }\r\n    ],\r\n    \"cors\": [],\r\n    \"capabilities\": [\r\n      {\r\n        \"name\": \"EnableTable\"\r\n      }\r\n    ]\r\n  }\r\n}",
      "StatusCode": 200
    },
    {
      "RequestUri": "/subscriptions/12053b8f-cab5-4f5c-9c1a-870580142abd/resourceGroups/CosmosDBResourceGroup2510/providers/Microsoft.DocumentDB/databaseAccounts/db2527/tables/table1?api-version=2020-03-01",
      "EncodedRequestUri": "L3N1YnNjcmlwdGlvbnMvMTIwNTNiOGYtY2FiNS00ZjVjLTljMWEtODcwNTgwMTQyYWJkL3Jlc291cmNlR3JvdXBzL0Nvc21vc0RCUmVzb3VyY2VHcm91cDI1MTAvcHJvdmlkZXJzL01pY3Jvc29mdC5Eb2N1bWVudERCL2RhdGFiYXNlQWNjb3VudHMvZGIyNTI3L3RhYmxlcy90YWJsZTE/YXBpLXZlcnNpb249MjAyMC0wMy0wMQ==",
      "RequestMethod": "GET",
      "RequestBody": "",
      "RequestHeaders": {
        "x-ms-client-request-id": [
          "ca237c53-6fa4-4452-8239-df13750b4420"
        ],
        "Accept-Language": [
          "en-US"
        ],
        "User-Agent": [
          "FxVersion/4.6.28516.03",
          "OSName/Windows",
          "OSVersion/Microsoft.Windows.10.0.18363.",
          "Microsoft.Azure.Management.CosmosDB.CosmosDBManagementClient/1.1.0.0"
        ]
      },
      "ResponseHeaders": {
        "Cache-Control": [
          "no-store, no-cache"
        ],
        "Pragma": [
          "no-cache"
        ],
        "Strict-Transport-Security": [
          "max-age=31536000; includeSubDomains"
        ],
        "x-ms-gatewayversion": [
          "version=2.10.0"
        ],
        "Server": [
          "Microsoft-HTTPAPI/2.0"
        ],
        "x-ms-ratelimit-remaining-subscription-reads": [
          "11998"
        ],
        "x-ms-request-id": [
          "9dff20f0-aeb1-4491-8582-4f49c398ede9"
        ],
        "x-ms-correlation-request-id": [
          "9dff20f0-aeb1-4491-8582-4f49c398ede9"
        ],
        "x-ms-routing-request-id": [
          "WESTUS:20200415T024151Z:9dff20f0-aeb1-4491-8582-4f49c398ede9"
        ],
        "X-Content-Type-Options": [
          "nosniff"
        ],
        "Date": [
          "Wed, 15 Apr 2020 02:41:51 GMT"
        ],
        "Content-Length": [
          "1728"
        ],
        "Content-Type": [
          "application/json"
        ],
        "Content-Location": [
          "https://management.documents.azure.com:450/subscriptions/12053b8f-cab5-4f5c-9c1a-870580142abd/resourceGroups/CosmosDBResourceGroup2510/providers/Microsoft.DocumentDB/databaseAccounts/db2527/tables/table1?api-version=2020-03-01"
        ]
      },
      "ResponseBody": "{\r\n  \"code\": \"NotFound\",\r\n  \"message\": \"Message: {\\\"code\\\":\\\"NotFound\\\",\\\"message\\\":\\\"Message: {\\\\\\\"Errors\\\\\\\":[\\\\\\\"Resource Not Found\\\\\\\"]}\\\\r\\\\nActivityId: ca237c53-6fa4-4452-8239-df13750b4420, Request URI: /apps/14f20595-004b-43ef-a720-15e702d0d3bd/services/14f8b77f-8e14-4962-a5f2-94f4941ac15d/partitions/e1ea70d5-0cf9-407a-ae94-ca29b2bfa572/replicas/132313548220224133s, RequestStats: \\\\r\\\\nRequestStartTime: 2020-04-15T02:41:51.8941259Z, RequestEndTime: 2020-04-15T02:41:51.8941259Z,  Number of regions attempted:1\\\\r\\\\nResponseTime: 2020-04-15T02:41:51.8941259Z, StoreResult: StorePhysicalAddress: rntbd://10.0.0.22:11300/apps/14f20595-004b-43ef-a720-15e702d0d3bd/services/14f8b77f-8e14-4962-a5f2-94f4941ac15d/partitions/e1ea70d5-0cf9-407a-ae94-ca29b2bfa572/replicas/132313548220224133s, LSN: 164, GlobalCommittedLsn: 164, PartitionKeyRangeId: , IsValid: True, StatusCode: 404, SubStatusCode: 0, RequestCharge: 1, ItemLSN: -1, SessionToken: -1#164, UsingLocalLSN: False, TransportException: null, ResourceType: Collection, OperationType: Read\\\\r\\\\nResponseTime: 2020-04-15T02:41:51.8941259Z, StoreResult: StorePhysicalAddress: rntbd://10.0.0.27:11300/apps/14f20595-004b-43ef-a720-15e702d0d3bd/services/14f8b77f-8e14-4962-a5f2-94f4941ac15d/partitions/e1ea70d5-0cf9-407a-ae94-ca29b2bfa572/replicas/132308038736490990s, LSN: 164, GlobalCommittedLsn: 164, PartitionKeyRangeId: , IsValid: True, StatusCode: 404, SubStatusCode: 0, RequestCharge: 1, ItemLSN: -1, SessionToken: -1#164, UsingLocalLSN: False, TransportException: null, ResourceType: Collection, OperationType: Read\\\\r\\\\n, SDK: Microsoft.Azure.Documents.Common/2.10.0\\\"}, Request URI: /dbs/TablesDB/colls/table1, RequestStats: , SDK: Microsoft.Azure.Documents.Common/2.10.0\"\r\n}",
      "StatusCode": 404
    },
    {
      "RequestUri": "/subscriptions/12053b8f-cab5-4f5c-9c1a-870580142abd/resourceGroups/CosmosDBResourceGroup2510/providers/Microsoft.DocumentDB/databaseAccounts/db2527/tables/table1?api-version=2020-03-01",
      "EncodedRequestUri": "L3N1YnNjcmlwdGlvbnMvMTIwNTNiOGYtY2FiNS00ZjVjLTljMWEtODcwNTgwMTQyYWJkL3Jlc291cmNlR3JvdXBzL0Nvc21vc0RCUmVzb3VyY2VHcm91cDI1MTAvcHJvdmlkZXJzL01pY3Jvc29mdC5Eb2N1bWVudERCL2RhdGFiYXNlQWNjb3VudHMvZGIyNTI3L3RhYmxlcy90YWJsZTE/YXBpLXZlcnNpb249MjAyMC0wMy0wMQ==",
      "RequestMethod": "GET",
      "RequestBody": "",
      "RequestHeaders": {
        "User-Agent": [
          "FxVersion/4.6.28516.03",
          "OSName/Windows",
          "OSVersion/Microsoft.Windows.10.0.18363.",
          "Microsoft.Azure.Management.CosmosDB.CosmosDBManagementClient/1.1.0.0"
        ]
      },
      "ResponseHeaders": {
        "Cache-Control": [
          "no-store, no-cache"
        ],
        "Pragma": [
          "no-cache"
        ],
        "Strict-Transport-Security": [
          "max-age=31536000; includeSubDomains"
        ],
        "x-ms-gatewayversion": [
          "version=2.10.0"
        ],
        "Server": [
          "Microsoft-HTTPAPI/2.0"
        ],
        "x-ms-ratelimit-remaining-subscription-reads": [
          "11996"
        ],
        "x-ms-request-id": [
          "9878213e-51cc-4e8c-9caf-c417463e1219"
        ],
        "x-ms-correlation-request-id": [
          "9878213e-51cc-4e8c-9caf-c417463e1219"
        ],
        "x-ms-routing-request-id": [
          "WESTUS:20200415T024223Z:9878213e-51cc-4e8c-9caf-c417463e1219"
        ],
        "X-Content-Type-Options": [
          "nosniff"
        ],
        "Date": [
          "Wed, 15 Apr 2020 02:42:22 GMT"
        ],
        "Content-Length": [
          "372"
        ],
        "Content-Type": [
          "application/json"
        ],
        "Content-Location": [
          "https://management.documents.azure.com:450/subscriptions/12053b8f-cab5-4f5c-9c1a-870580142abd/resourceGroups/CosmosDBResourceGroup2510/providers/Microsoft.DocumentDB/databaseAccounts/db2527/tables/table1?api-version=2020-03-01"
        ]
      },
      "ResponseBody": "{\r\n  \"id\": \"/subscriptions/12053b8f-cab5-4f5c-9c1a-870580142abd/resourceGroups/CosmosDBResourceGroup2510/providers/Microsoft.DocumentDB/databaseAccounts/db2527/tables/table1\",\r\n  \"type\": \"Microsoft.DocumentDB/databaseAccounts/tables\",\r\n  \"name\": \"table1\",\r\n  \"properties\": {\r\n    \"resource\": {\r\n      \"id\": \"table1\",\r\n      \"_rid\": \"bilIAJ9Hhks=\",\r\n      \"_etag\": \"\\\"00000000-0000-0000-12cf-7123ec0101d6\\\"\",\r\n      \"_ts\": 1586918521\r\n    }\r\n  }\r\n}",
      "StatusCode": 200
    },
    {
      "RequestUri": "/subscriptions/12053b8f-cab5-4f5c-9c1a-870580142abd/resourceGroups/CosmosDBResourceGroup2510/providers/Microsoft.DocumentDB/databaseAccounts/db2527/tables/table1?api-version=2020-03-01",
      "EncodedRequestUri": "L3N1YnNjcmlwdGlvbnMvMTIwNTNiOGYtY2FiNS00ZjVjLTljMWEtODcwNTgwMTQyYWJkL3Jlc291cmNlR3JvdXBzL0Nvc21vc0RCUmVzb3VyY2VHcm91cDI1MTAvcHJvdmlkZXJzL01pY3Jvc29mdC5Eb2N1bWVudERCL2RhdGFiYXNlQWNjb3VudHMvZGIyNTI3L3RhYmxlcy90YWJsZTE/YXBpLXZlcnNpb249MjAyMC0wMy0wMQ==",
      "RequestMethod": "GET",
      "RequestBody": "",
      "RequestHeaders": {
        "x-ms-client-request-id": [
          "b1a82b21-e3cd-4d71-97b5-986df303597e"
        ],
        "Accept-Language": [
          "en-US"
        ],
        "User-Agent": [
          "FxVersion/4.6.28516.03",
          "OSName/Windows",
          "OSVersion/Microsoft.Windows.10.0.18363.",
          "Microsoft.Azure.Management.CosmosDB.CosmosDBManagementClient/1.1.0.0"
        ]
      },
      "ResponseHeaders": {
        "Cache-Control": [
          "no-store, no-cache"
        ],
        "Pragma": [
          "no-cache"
        ],
        "Strict-Transport-Security": [
          "max-age=31536000; includeSubDomains"
        ],
        "x-ms-gatewayversion": [
          "version=2.10.0"
        ],
        "Server": [
          "Microsoft-HTTPAPI/2.0"
        ],
        "x-ms-ratelimit-remaining-subscription-reads": [
          "11994"
        ],
        "x-ms-request-id": [
          "998cb3b2-ed66-49a0-9794-0c9badd89bd4"
        ],
        "x-ms-correlation-request-id": [
          "998cb3b2-ed66-49a0-9794-0c9badd89bd4"
        ],
        "x-ms-routing-request-id": [
          "WESTUS:20200415T024223Z:998cb3b2-ed66-49a0-9794-0c9badd89bd4"
        ],
        "X-Content-Type-Options": [
          "nosniff"
        ],
        "Date": [
          "Wed, 15 Apr 2020 02:42:23 GMT"
        ],
        "Content-Length": [
          "372"
        ],
        "Content-Type": [
          "application/json"
        ],
        "Content-Location": [
          "https://management.documents.azure.com:450/subscriptions/12053b8f-cab5-4f5c-9c1a-870580142abd/resourceGroups/CosmosDBResourceGroup2510/providers/Microsoft.DocumentDB/databaseAccounts/db2527/tables/table1?api-version=2020-03-01"
        ]
      },
      "ResponseBody": "{\r\n  \"id\": \"/subscriptions/12053b8f-cab5-4f5c-9c1a-870580142abd/resourceGroups/CosmosDBResourceGroup2510/providers/Microsoft.DocumentDB/databaseAccounts/db2527/tables/table1\",\r\n  \"type\": \"Microsoft.DocumentDB/databaseAccounts/tables\",\r\n  \"name\": \"table1\",\r\n  \"properties\": {\r\n    \"resource\": {\r\n      \"id\": \"table1\",\r\n      \"_rid\": \"bilIAJ9Hhks=\",\r\n      \"_etag\": \"\\\"00000000-0000-0000-12cf-7123ec0101d6\\\"\",\r\n      \"_ts\": 1586918521\r\n    }\r\n  }\r\n}",
      "StatusCode": 200
    },
    {
      "RequestUri": "/subscriptions/12053b8f-cab5-4f5c-9c1a-870580142abd/resourceGroups/CosmosDBResourceGroup2510/providers/Microsoft.DocumentDB/databaseAccounts/db2527/tables/table1?api-version=2020-03-01",
      "EncodedRequestUri": "L3N1YnNjcmlwdGlvbnMvMTIwNTNiOGYtY2FiNS00ZjVjLTljMWEtODcwNTgwMTQyYWJkL3Jlc291cmNlR3JvdXBzL0Nvc21vc0RCUmVzb3VyY2VHcm91cDI1MTAvcHJvdmlkZXJzL01pY3Jvc29mdC5Eb2N1bWVudERCL2RhdGFiYXNlQWNjb3VudHMvZGIyNTI3L3RhYmxlcy90YWJsZTE/YXBpLXZlcnNpb249MjAyMC0wMy0wMQ==",
      "RequestMethod": "GET",
      "RequestBody": "",
      "RequestHeaders": {
        "x-ms-client-request-id": [
          "26b03795-f807-45f0-8179-ead2b0cccab6"
        ],
        "Accept-Language": [
          "en-US"
        ],
        "User-Agent": [
          "FxVersion/4.6.28516.03",
          "OSName/Windows",
          "OSVersion/Microsoft.Windows.10.0.18363.",
          "Microsoft.Azure.Management.CosmosDB.CosmosDBManagementClient/1.1.0.0"
        ]
      },
      "ResponseHeaders": {
        "Cache-Control": [
          "no-store, no-cache"
        ],
        "Pragma": [
          "no-cache"
        ],
        "Strict-Transport-Security": [
          "max-age=31536000; includeSubDomains"
        ],
        "x-ms-gatewayversion": [
          "version=2.10.0"
        ],
        "Server": [
          "Microsoft-HTTPAPI/2.0"
        ],
        "x-ms-ratelimit-remaining-subscription-reads": [
          "11993"
        ],
        "x-ms-request-id": [
          "a67b0205-1475-4886-b18e-4350058cd206"
        ],
        "x-ms-correlation-request-id": [
          "a67b0205-1475-4886-b18e-4350058cd206"
        ],
        "x-ms-routing-request-id": [
          "WESTUS:20200415T024223Z:a67b0205-1475-4886-b18e-4350058cd206"
        ],
        "X-Content-Type-Options": [
          "nosniff"
        ],
        "Date": [
          "Wed, 15 Apr 2020 02:42:23 GMT"
        ],
        "Content-Length": [
          "372"
        ],
        "Content-Type": [
          "application/json"
        ],
        "Content-Location": [
          "https://management.documents.azure.com:450/subscriptions/12053b8f-cab5-4f5c-9c1a-870580142abd/resourceGroups/CosmosDBResourceGroup2510/providers/Microsoft.DocumentDB/databaseAccounts/db2527/tables/table1?api-version=2020-03-01"
        ]
      },
      "ResponseBody": "{\r\n  \"id\": \"/subscriptions/12053b8f-cab5-4f5c-9c1a-870580142abd/resourceGroups/CosmosDBResourceGroup2510/providers/Microsoft.DocumentDB/databaseAccounts/db2527/tables/table1\",\r\n  \"type\": \"Microsoft.DocumentDB/databaseAccounts/tables\",\r\n  \"name\": \"table1\",\r\n  \"properties\": {\r\n    \"resource\": {\r\n      \"id\": \"table1\",\r\n      \"_rid\": \"bilIAJ9Hhks=\",\r\n      \"_etag\": \"\\\"00000000-0000-0000-12cf-7123ec0101d6\\\"\",\r\n      \"_ts\": 1586918521\r\n    }\r\n  }\r\n}",
      "StatusCode": 200
    },
    {
      "RequestUri": "/subscriptions/12053b8f-cab5-4f5c-9c1a-870580142abd/resourceGroups/CosmosDBResourceGroup2510/providers/Microsoft.DocumentDB/databaseAccounts/db2527/tables/table1?api-version=2020-03-01",
      "EncodedRequestUri": "L3N1YnNjcmlwdGlvbnMvMTIwNTNiOGYtY2FiNS00ZjVjLTljMWEtODcwNTgwMTQyYWJkL3Jlc291cmNlR3JvdXBzL0Nvc21vc0RCUmVzb3VyY2VHcm91cDI1MTAvcHJvdmlkZXJzL01pY3Jvc29mdC5Eb2N1bWVudERCL2RhdGFiYXNlQWNjb3VudHMvZGIyNTI3L3RhYmxlcy90YWJsZTE/YXBpLXZlcnNpb249MjAyMC0wMy0wMQ==",
      "RequestMethod": "GET",
      "RequestBody": "",
      "RequestHeaders": {
        "User-Agent": [
          "FxVersion/4.6.28516.03",
          "OSName/Windows",
          "OSVersion/Microsoft.Windows.10.0.18363.",
          "Microsoft.Azure.Management.CosmosDB.CosmosDBManagementClient/1.1.0.0"
        ]
      },
      "ResponseHeaders": {
        "Cache-Control": [
          "no-store, no-cache"
        ],
        "Pragma": [
          "no-cache"
        ],
        "Strict-Transport-Security": [
          "max-age=31536000; includeSubDomains"
        ],
        "x-ms-gatewayversion": [
          "version=2.10.0"
        ],
        "Server": [
          "Microsoft-HTTPAPI/2.0"
        ],
        "x-ms-ratelimit-remaining-subscription-reads": [
          "11991"
        ],
        "x-ms-request-id": [
          "f2e756fd-8784-40a4-b5eb-b79376936062"
        ],
        "x-ms-correlation-request-id": [
          "f2e756fd-8784-40a4-b5eb-b79376936062"
        ],
        "x-ms-routing-request-id": [
          "WESTUS:20200415T024255Z:f2e756fd-8784-40a4-b5eb-b79376936062"
        ],
        "X-Content-Type-Options": [
          "nosniff"
        ],
        "Date": [
          "Wed, 15 Apr 2020 02:42:54 GMT"
        ],
        "Content-Length": [
          "372"
        ],
        "Content-Type": [
          "application/json"
        ],
        "Content-Location": [
          "https://management.documents.azure.com:450/subscriptions/12053b8f-cab5-4f5c-9c1a-870580142abd/resourceGroups/CosmosDBResourceGroup2510/providers/Microsoft.DocumentDB/databaseAccounts/db2527/tables/table1?api-version=2020-03-01"
        ]
      },
      "ResponseBody": "{\r\n  \"id\": \"/subscriptions/12053b8f-cab5-4f5c-9c1a-870580142abd/resourceGroups/CosmosDBResourceGroup2510/providers/Microsoft.DocumentDB/databaseAccounts/db2527/tables/table1\",\r\n  \"type\": \"Microsoft.DocumentDB/databaseAccounts/tables\",\r\n  \"name\": \"table1\",\r\n  \"properties\": {\r\n    \"resource\": {\r\n      \"id\": \"table1\",\r\n      \"_rid\": \"bilIAJ9Hhks=\",\r\n      \"_etag\": \"\\\"00000000-0000-0000-12cf-7123ec0101d6\\\"\",\r\n      \"_ts\": 1586918521\r\n    }\r\n  }\r\n}",
      "StatusCode": 200
    },
    {
      "RequestUri": "/subscriptions/12053b8f-cab5-4f5c-9c1a-870580142abd/resourceGroups/CosmosDBResourceGroup2510/providers/Microsoft.DocumentDB/databaseAccounts/db2527/tables/table1?api-version=2020-03-01",
      "EncodedRequestUri": "L3N1YnNjcmlwdGlvbnMvMTIwNTNiOGYtY2FiNS00ZjVjLTljMWEtODcwNTgwMTQyYWJkL3Jlc291cmNlR3JvdXBzL0Nvc21vc0RCUmVzb3VyY2VHcm91cDI1MTAvcHJvdmlkZXJzL01pY3Jvc29mdC5Eb2N1bWVudERCL2RhdGFiYXNlQWNjb3VudHMvZGIyNTI3L3RhYmxlcy90YWJsZTE/YXBpLXZlcnNpb249MjAyMC0wMy0wMQ==",
      "RequestMethod": "GET",
      "RequestBody": "",
      "RequestHeaders": {
        "x-ms-client-request-id": [
          "921f9bba-afbd-41bf-ac8d-04f34582d74e"
        ],
        "Accept-Language": [
          "en-US"
        ],
        "User-Agent": [
          "FxVersion/4.6.28516.03",
          "OSName/Windows",
          "OSVersion/Microsoft.Windows.10.0.18363.",
          "Microsoft.Azure.Management.CosmosDB.CosmosDBManagementClient/1.1.0.0"
        ]
      },
      "ResponseHeaders": {
        "Cache-Control": [
          "no-store, no-cache"
        ],
        "Pragma": [
          "no-cache"
        ],
        "Strict-Transport-Security": [
          "max-age=31536000; includeSubDomains"
        ],
        "x-ms-gatewayversion": [
          "version=2.10.0"
        ],
        "Server": [
          "Microsoft-HTTPAPI/2.0"
        ],
        "x-ms-ratelimit-remaining-subscription-reads": [
          "11989"
        ],
        "x-ms-request-id": [
          "eb3cb2db-866f-41ba-aa33-acea0210e727"
        ],
        "x-ms-correlation-request-id": [
          "eb3cb2db-866f-41ba-aa33-acea0210e727"
        ],
        "x-ms-routing-request-id": [
          "WESTUS:20200415T024255Z:eb3cb2db-866f-41ba-aa33-acea0210e727"
        ],
        "X-Content-Type-Options": [
          "nosniff"
        ],
        "Date": [
          "Wed, 15 Apr 2020 02:42:54 GMT"
        ],
        "Content-Length": [
          "372"
        ],
        "Content-Type": [
          "application/json"
        ],
        "Content-Location": [
          "https://management.documents.azure.com:450/subscriptions/12053b8f-cab5-4f5c-9c1a-870580142abd/resourceGroups/CosmosDBResourceGroup2510/providers/Microsoft.DocumentDB/databaseAccounts/db2527/tables/table1?api-version=2020-03-01"
        ]
      },
      "ResponseBody": "{\r\n  \"id\": \"/subscriptions/12053b8f-cab5-4f5c-9c1a-870580142abd/resourceGroups/CosmosDBResourceGroup2510/providers/Microsoft.DocumentDB/databaseAccounts/db2527/tables/table1\",\r\n  \"type\": \"Microsoft.DocumentDB/databaseAccounts/tables\",\r\n  \"name\": \"table1\",\r\n  \"properties\": {\r\n    \"resource\": {\r\n      \"id\": \"table1\",\r\n      \"_rid\": \"bilIAJ9Hhks=\",\r\n      \"_etag\": \"\\\"00000000-0000-0000-12cf-7123ec0101d6\\\"\",\r\n      \"_ts\": 1586918521\r\n    }\r\n  }\r\n}",
      "StatusCode": 200
    },
    {
      "RequestUri": "/subscriptions/12053b8f-cab5-4f5c-9c1a-870580142abd/resourceGroups/CosmosDBResourceGroup2510/providers/Microsoft.DocumentDB/databaseAccounts/db2527/tables/table1?api-version=2020-03-01",
      "EncodedRequestUri": "L3N1YnNjcmlwdGlvbnMvMTIwNTNiOGYtY2FiNS00ZjVjLTljMWEtODcwNTgwMTQyYWJkL3Jlc291cmNlR3JvdXBzL0Nvc21vc0RCUmVzb3VyY2VHcm91cDI1MTAvcHJvdmlkZXJzL01pY3Jvc29mdC5Eb2N1bWVudERCL2RhdGFiYXNlQWNjb3VudHMvZGIyNTI3L3RhYmxlcy90YWJsZTE/YXBpLXZlcnNpb249MjAyMC0wMy0wMQ==",
      "RequestMethod": "GET",
      "RequestBody": "",
      "RequestHeaders": {
        "User-Agent": [
          "FxVersion/4.6.28516.03",
          "OSName/Windows",
          "OSVersion/Microsoft.Windows.10.0.18363.",
          "Microsoft.Azure.Management.CosmosDB.CosmosDBManagementClient/1.1.0.0"
        ]
      },
      "ResponseHeaders": {
        "Cache-Control": [
          "no-store, no-cache"
        ],
        "Pragma": [
          "no-cache"
        ],
        "Strict-Transport-Security": [
          "max-age=31536000; includeSubDomains"
        ],
        "x-ms-gatewayversion": [
          "version=2.10.0"
        ],
        "Server": [
          "Microsoft-HTTPAPI/2.0"
        ],
        "x-ms-ratelimit-remaining-subscription-reads": [
          "11987"
        ],
        "x-ms-request-id": [
          "510fba7d-a030-4cb5-b18d-bc3dd806bd69"
        ],
        "x-ms-correlation-request-id": [
          "510fba7d-a030-4cb5-b18d-bc3dd806bd69"
        ],
        "x-ms-routing-request-id": [
          "WESTUS:20200415T024326Z:510fba7d-a030-4cb5-b18d-bc3dd806bd69"
        ],
        "X-Content-Type-Options": [
          "nosniff"
        ],
        "Date": [
          "Wed, 15 Apr 2020 02:43:26 GMT"
        ],
        "Content-Length": [
          "372"
        ],
        "Content-Type": [
          "application/json"
        ],
        "Content-Location": [
          "https://management.documents.azure.com:450/subscriptions/12053b8f-cab5-4f5c-9c1a-870580142abd/resourceGroups/CosmosDBResourceGroup2510/providers/Microsoft.DocumentDB/databaseAccounts/db2527/tables/table1?api-version=2020-03-01"
        ]
      },
      "ResponseBody": "{\r\n  \"id\": \"/subscriptions/12053b8f-cab5-4f5c-9c1a-870580142abd/resourceGroups/CosmosDBResourceGroup2510/providers/Microsoft.DocumentDB/databaseAccounts/db2527/tables/table1\",\r\n  \"type\": \"Microsoft.DocumentDB/databaseAccounts/tables\",\r\n  \"name\": \"table1\",\r\n  \"properties\": {\r\n    \"resource\": {\r\n      \"id\": \"table1\",\r\n      \"_rid\": \"bilIAJ9Hhks=\",\r\n      \"_etag\": \"\\\"00000000-0000-0000-12cf-7123ec0101d6\\\"\",\r\n      \"_ts\": 1586918521\r\n    }\r\n  }\r\n}",
      "StatusCode": 200
    },
    {
      "RequestUri": "/subscriptions/12053b8f-cab5-4f5c-9c1a-870580142abd/resourceGroups/CosmosDBResourceGroup2510/providers/Microsoft.DocumentDB/databaseAccounts/db2527/tables/table1?api-version=2020-03-01",
      "EncodedRequestUri": "L3N1YnNjcmlwdGlvbnMvMTIwNTNiOGYtY2FiNS00ZjVjLTljMWEtODcwNTgwMTQyYWJkL3Jlc291cmNlR3JvdXBzL0Nvc21vc0RCUmVzb3VyY2VHcm91cDI1MTAvcHJvdmlkZXJzL01pY3Jvc29mdC5Eb2N1bWVudERCL2RhdGFiYXNlQWNjb3VudHMvZGIyNTI3L3RhYmxlcy90YWJsZTE/YXBpLXZlcnNpb249MjAyMC0wMy0wMQ==",
      "RequestMethod": "PUT",
      "RequestBody": "{\r\n  \"properties\": {\r\n    \"resource\": {\r\n      \"id\": \"table1\"\r\n    },\r\n    \"options\": {\r\n      \"throughput\": \"500\"\r\n    }\r\n  }\r\n}",
      "RequestHeaders": {
        "x-ms-client-request-id": [
          "c01af98e-46ca-44e7-b7a6-a894594bbf91"
        ],
        "Accept-Language": [
          "en-US"
        ],
        "User-Agent": [
          "FxVersion/4.6.28516.03",
          "OSName/Windows",
          "OSVersion/Microsoft.Windows.10.0.18363.",
          "Microsoft.Azure.Management.CosmosDB.CosmosDBManagementClient/1.1.0.0"
        ],
        "Content-Type": [
          "application/json; charset=utf-8"
        ],
        "Content-Length": [
          "129"
        ]
      },
      "ResponseHeaders": {
        "Cache-Control": [
          "no-store, no-cache"
        ],
        "Pragma": [
          "no-cache"
        ],
        "Location": [
          "https://management.azure.com/subscriptions/12053b8f-cab5-4f5c-9c1a-870580142abd/resourceGroups/CosmosDBResourceGroup2510/providers/Microsoft.DocumentDB/databaseAccounts/db2527/tables/table1/operationResults/44d9b35a-2fcb-426a-bce5-bf5f6db0b40e?api-version=2020-03-01"
        ],
        "Azure-AsyncOperation": [
          "https://management.azure.com/subscriptions/12053b8f-cab5-4f5c-9c1a-870580142abd/providers/Microsoft.DocumentDB/locations/eastus/operationsStatus/44d9b35a-2fcb-426a-bce5-bf5f6db0b40e?api-version=2020-03-01"
        ],
        "x-ms-request-id": [
          "44d9b35a-2fcb-426a-bce5-bf5f6db0b40e"
        ],
        "Strict-Transport-Security": [
          "max-age=31536000; includeSubDomains"
        ],
        "x-ms-gatewayversion": [
          "version=2.10.0"
        ],
        "Server": [
          "Microsoft-HTTPAPI/2.0"
        ],
        "x-ms-ratelimit-remaining-subscription-writes": [
          "1199"
        ],
        "x-ms-correlation-request-id": [
          "c53daf9b-f024-4eec-bec3-46977510ddbd"
        ],
        "x-ms-routing-request-id": [
          "WESTUS:20200415T024152Z:c53daf9b-f024-4eec-bec3-46977510ddbd"
        ],
        "X-Content-Type-Options": [
          "nosniff"
        ],
        "Date": [
          "Wed, 15 Apr 2020 02:41:52 GMT"
        ],
        "Content-Length": [
          "21"
        ],
        "Content-Type": [
          "application/json"
        ],
        "Content-Location": [
          "https://management.documents.azure.com:450/subscriptions/12053b8f-cab5-4f5c-9c1a-870580142abd/resourceGroups/CosmosDBResourceGroup2510/providers/Microsoft.DocumentDB/databaseAccounts/db2527/tables/table1?api-version=2020-03-01"
        ]
      },
      "ResponseBody": "{\r\n  \"status\": \"Enqueued\"\r\n}",
      "StatusCode": 202
    },
    {
      "RequestUri": "/subscriptions/12053b8f-cab5-4f5c-9c1a-870580142abd/resourceGroups/CosmosDBResourceGroup2510/providers/Microsoft.DocumentDB/databaseAccounts/db2527/tables/table1?api-version=2020-03-01",
      "EncodedRequestUri": "L3N1YnNjcmlwdGlvbnMvMTIwNTNiOGYtY2FiNS00ZjVjLTljMWEtODcwNTgwMTQyYWJkL3Jlc291cmNlR3JvdXBzL0Nvc21vc0RCUmVzb3VyY2VHcm91cDI1MTAvcHJvdmlkZXJzL01pY3Jvc29mdC5Eb2N1bWVudERCL2RhdGFiYXNlQWNjb3VudHMvZGIyNTI3L3RhYmxlcy90YWJsZTE/YXBpLXZlcnNpb249MjAyMC0wMy0wMQ==",
      "RequestMethod": "PUT",
      "RequestBody": "{\r\n  \"properties\": {\r\n    \"resource\": {\r\n      \"id\": \"table1\"\r\n    },\r\n    \"options\": {\r\n      \"throughput\": \"600\"\r\n    }\r\n  }\r\n}",
      "RequestHeaders": {
        "x-ms-client-request-id": [
          "083910a1-dcdf-4aab-b966-90ddcdf63914"
        ],
        "Accept-Language": [
          "en-US"
        ],
        "User-Agent": [
          "FxVersion/4.6.28516.03",
          "OSName/Windows",
          "OSVersion/Microsoft.Windows.10.0.18363.",
          "Microsoft.Azure.Management.CosmosDB.CosmosDBManagementClient/1.1.0.0"
        ],
        "Content-Type": [
          "application/json; charset=utf-8"
        ],
        "Content-Length": [
          "129"
        ]
      },
      "ResponseHeaders": {
        "Cache-Control": [
          "no-store, no-cache"
        ],
        "Pragma": [
          "no-cache"
        ],
        "Location": [
          "https://management.azure.com/subscriptions/12053b8f-cab5-4f5c-9c1a-870580142abd/resourceGroups/CosmosDBResourceGroup2510/providers/Microsoft.DocumentDB/databaseAccounts/db2527/tables/table1/operationResults/8fe83491-1367-43ca-8ade-0fdc02db59c5?api-version=2020-03-01"
        ],
        "Azure-AsyncOperation": [
          "https://management.azure.com/subscriptions/12053b8f-cab5-4f5c-9c1a-870580142abd/providers/Microsoft.DocumentDB/locations/eastus/operationsStatus/8fe83491-1367-43ca-8ade-0fdc02db59c5?api-version=2020-03-01"
        ],
        "x-ms-request-id": [
          "8fe83491-1367-43ca-8ade-0fdc02db59c5"
        ],
        "Strict-Transport-Security": [
          "max-age=31536000; includeSubDomains"
        ],
        "x-ms-gatewayversion": [
          "version=2.10.0"
        ],
        "Server": [
          "Microsoft-HTTPAPI/2.0"
        ],
        "x-ms-ratelimit-remaining-subscription-writes": [
          "1198"
        ],
        "x-ms-correlation-request-id": [
          "436f3353-d055-41aa-ad77-2663c92cb43f"
        ],
        "x-ms-routing-request-id": [
          "WESTUS:20200415T024224Z:436f3353-d055-41aa-ad77-2663c92cb43f"
        ],
        "X-Content-Type-Options": [
          "nosniff"
        ],
        "Date": [
          "Wed, 15 Apr 2020 02:42:23 GMT"
        ],
        "Content-Length": [
          "21"
        ],
        "Content-Type": [
          "application/json"
        ],
        "Content-Location": [
          "https://management.documents.azure.com:450/subscriptions/12053b8f-cab5-4f5c-9c1a-870580142abd/resourceGroups/CosmosDBResourceGroup2510/providers/Microsoft.DocumentDB/databaseAccounts/db2527/tables/table1?api-version=2020-03-01"
        ]
      },
      "ResponseBody": "{\r\n  \"status\": \"Enqueued\"\r\n}",
      "StatusCode": 202
    },
    {
      "RequestUri": "/subscriptions/12053b8f-cab5-4f5c-9c1a-870580142abd/resourceGroups/CosmosDBResourceGroup2510/providers/Microsoft.DocumentDB/databaseAccounts/db2527/tables/table1?api-version=2020-03-01",
      "EncodedRequestUri": "L3N1YnNjcmlwdGlvbnMvMTIwNTNiOGYtY2FiNS00ZjVjLTljMWEtODcwNTgwMTQyYWJkL3Jlc291cmNlR3JvdXBzL0Nvc21vc0RCUmVzb3VyY2VHcm91cDI1MTAvcHJvdmlkZXJzL01pY3Jvc29mdC5Eb2N1bWVudERCL2RhdGFiYXNlQWNjb3VudHMvZGIyNTI3L3RhYmxlcy90YWJsZTE/YXBpLXZlcnNpb249MjAyMC0wMy0wMQ==",
      "RequestMethod": "PUT",
      "RequestBody": "{\r\n  \"properties\": {\r\n    \"resource\": {\r\n      \"id\": \"table1\"\r\n    },\r\n    \"options\": {\r\n      \"throughput\": \"500\"\r\n    }\r\n  }\r\n}",
      "RequestHeaders": {
        "x-ms-client-request-id": [
          "e9045606-8e88-4e1d-ab6e-da4d38bcd09a"
        ],
        "Accept-Language": [
          "en-US"
        ],
        "User-Agent": [
          "FxVersion/4.6.28516.03",
          "OSName/Windows",
          "OSVersion/Microsoft.Windows.10.0.18363.",
          "Microsoft.Azure.Management.CosmosDB.CosmosDBManagementClient/1.1.0.0"
        ],
        "Content-Type": [
          "application/json; charset=utf-8"
        ],
        "Content-Length": [
          "129"
        ]
      },
      "ResponseHeaders": {
        "Cache-Control": [
          "no-store, no-cache"
        ],
        "Pragma": [
          "no-cache"
        ],
        "Location": [
          "https://management.azure.com/subscriptions/12053b8f-cab5-4f5c-9c1a-870580142abd/resourceGroups/CosmosDBResourceGroup2510/providers/Microsoft.DocumentDB/databaseAccounts/db2527/tables/table1/operationResults/b5298e73-3340-4aeb-9206-8881304cf01f?api-version=2020-03-01"
        ],
        "Azure-AsyncOperation": [
          "https://management.azure.com/subscriptions/12053b8f-cab5-4f5c-9c1a-870580142abd/providers/Microsoft.DocumentDB/locations/eastus/operationsStatus/b5298e73-3340-4aeb-9206-8881304cf01f?api-version=2020-03-01"
        ],
        "x-ms-request-id": [
          "b5298e73-3340-4aeb-9206-8881304cf01f"
        ],
        "Strict-Transport-Security": [
          "max-age=31536000; includeSubDomains"
        ],
        "x-ms-gatewayversion": [
          "version=2.10.0"
        ],
        "Server": [
          "Microsoft-HTTPAPI/2.0"
        ],
        "x-ms-ratelimit-remaining-subscription-writes": [
          "1197"
        ],
        "x-ms-correlation-request-id": [
          "84c3ca88-fcc8-4bd2-bd84-d368d4dc21b7"
        ],
        "x-ms-routing-request-id": [
          "WESTUS:20200415T024256Z:84c3ca88-fcc8-4bd2-bd84-d368d4dc21b7"
        ],
        "X-Content-Type-Options": [
          "nosniff"
        ],
        "Date": [
          "Wed, 15 Apr 2020 02:42:55 GMT"
        ],
        "Content-Length": [
          "21"
        ],
        "Content-Type": [
          "application/json"
        ],
        "Content-Location": [
          "https://management.documents.azure.com:450/subscriptions/12053b8f-cab5-4f5c-9c1a-870580142abd/resourceGroups/CosmosDBResourceGroup2510/providers/Microsoft.DocumentDB/databaseAccounts/db2527/tables/table1?api-version=2020-03-01"
        ]
      },
      "ResponseBody": "{\r\n  \"status\": \"Enqueued\"\r\n}",
      "StatusCode": 202
    },
    {
      "RequestUri": "/subscriptions/12053b8f-cab5-4f5c-9c1a-870580142abd/providers/Microsoft.DocumentDB/locations/eastus/operationsStatus/44d9b35a-2fcb-426a-bce5-bf5f6db0b40e?api-version=2020-03-01",
      "EncodedRequestUri": "L3N1YnNjcmlwdGlvbnMvMTIwNTNiOGYtY2FiNS00ZjVjLTljMWEtODcwNTgwMTQyYWJkL3Byb3ZpZGVycy9NaWNyb3NvZnQuRG9jdW1lbnREQi9sb2NhdGlvbnMvZWFzdHVzL29wZXJhdGlvbnNTdGF0dXMvNDRkOWIzNWEtMmZjYi00MjZhLWJjZTUtYmY1ZjZkYjBiNDBlP2FwaS12ZXJzaW9uPTIwMjAtMDMtMDE=",
      "RequestMethod": "GET",
      "RequestBody": "",
      "RequestHeaders": {
        "User-Agent": [
          "FxVersion/4.6.28516.03",
          "OSName/Windows",
          "OSVersion/Microsoft.Windows.10.0.18363.",
          "Microsoft.Azure.Management.CosmosDB.CosmosDBManagementClient/1.1.0.0"
        ]
      },
      "ResponseHeaders": {
        "Cache-Control": [
          "no-store, no-cache"
        ],
        "Pragma": [
          "no-cache"
        ],
        "Strict-Transport-Security": [
          "max-age=31536000; includeSubDomains"
        ],
        "x-ms-gatewayversion": [
          "version=2.10.0"
        ],
        "Server": [
          "Microsoft-HTTPAPI/2.0"
        ],
        "x-ms-ratelimit-remaining-subscription-reads": [
          "11997"
        ],
        "x-ms-request-id": [
          "208462a9-75ca-43ee-ac96-b79003b88bc7"
        ],
        "x-ms-correlation-request-id": [
          "208462a9-75ca-43ee-ac96-b79003b88bc7"
        ],
        "x-ms-routing-request-id": [
          "WESTUS:20200415T024222Z:208462a9-75ca-43ee-ac96-b79003b88bc7"
        ],
        "X-Content-Type-Options": [
          "nosniff"
        ],
        "Date": [
          "Wed, 15 Apr 2020 02:42:22 GMT"
        ],
        "Content-Length": [
          "22"
        ],
        "Content-Type": [
          "application/json"
        ],
        "Content-Location": [
          "https://management.documents.azure.com:450/subscriptions/12053b8f-cab5-4f5c-9c1a-870580142abd/providers/Microsoft.DocumentDB/locations/eastus/operationsStatus/44d9b35a-2fcb-426a-bce5-bf5f6db0b40e?api-version=2020-03-01"
        ]
      },
      "ResponseBody": "{\r\n  \"status\": \"Succeeded\"\r\n}",
      "StatusCode": 200
    },
    {
      "RequestUri": "/subscriptions/12053b8f-cab5-4f5c-9c1a-870580142abd/resourceGroups/CosmosDBResourceGroup2510/providers/Microsoft.DocumentDB/databaseAccounts/db2527/tables/table1/throughputSettings/default?api-version=2020-03-01",
      "EncodedRequestUri": "L3N1YnNjcmlwdGlvbnMvMTIwNTNiOGYtY2FiNS00ZjVjLTljMWEtODcwNTgwMTQyYWJkL3Jlc291cmNlR3JvdXBzL0Nvc21vc0RCUmVzb3VyY2VHcm91cDI1MTAvcHJvdmlkZXJzL01pY3Jvc29mdC5Eb2N1bWVudERCL2RhdGFiYXNlQWNjb3VudHMvZGIyNTI3L3RhYmxlcy90YWJsZTEvdGhyb3VnaHB1dFNldHRpbmdzL2RlZmF1bHQ/YXBpLXZlcnNpb249MjAyMC0wMy0wMQ==",
      "RequestMethod": "GET",
      "RequestBody": "",
      "RequestHeaders": {
        "x-ms-client-request-id": [
          "50cf4698-e550-46b3-883d-32ded25a2942"
        ],
        "Accept-Language": [
          "en-US"
        ],
        "User-Agent": [
          "FxVersion/4.6.28516.03",
          "OSName/Windows",
          "OSVersion/Microsoft.Windows.10.0.18363.",
          "Microsoft.Azure.Management.CosmosDB.CosmosDBManagementClient/1.1.0.0"
        ]
      },
      "ResponseHeaders": {
        "Cache-Control": [
          "no-store, no-cache"
        ],
        "Pragma": [
          "no-cache"
        ],
        "Strict-Transport-Security": [
          "max-age=31536000; includeSubDomains"
        ],
        "x-ms-gatewayversion": [
          "version=2.10.0"
        ],
        "Server": [
          "Microsoft-HTTPAPI/2.0"
        ],
        "x-ms-ratelimit-remaining-subscription-reads": [
          "11995"
        ],
        "x-ms-request-id": [
          "1d5959a9-d73b-49db-a293-f8743567fc6a"
        ],
        "x-ms-correlation-request-id": [
          "1d5959a9-d73b-49db-a293-f8743567fc6a"
        ],
        "x-ms-routing-request-id": [
          "WESTUS:20200415T024223Z:1d5959a9-d73b-49db-a293-f8743567fc6a"
        ],
        "X-Content-Type-Options": [
          "nosniff"
        ],
        "Date": [
          "Wed, 15 Apr 2020 02:42:22 GMT"
        ],
        "Content-Length": [
          "355"
        ],
        "Content-Type": [
          "application/json"
        ],
        "Content-Location": [
          "https://management.documents.azure.com:450/subscriptions/12053b8f-cab5-4f5c-9c1a-870580142abd/resourceGroups/CosmosDBResourceGroup2510/providers/Microsoft.DocumentDB/databaseAccounts/db2527/tables/table1/throughputSettings/default?api-version=2020-03-01"
        ]
      },
      "ResponseBody": "{\r\n  \"id\": \"/subscriptions/12053b8f-cab5-4f5c-9c1a-870580142abd/resourceGroups/CosmosDBResourceGroup2510/providers/Microsoft.DocumentDB/databaseAccounts/db2527/tables/table1/throughputSettings/default\",\r\n  \"type\": \"Microsoft.DocumentDB/databaseAccounts/tables/throughputSettings\",\r\n  \"name\": \"Wa5X\",\r\n  \"properties\": {\r\n    \"resource\": {\r\n      \"throughput\": 500,\r\n      \"minimumThroughput\": \"400\"\r\n    }\r\n  }\r\n}",
      "StatusCode": 200
    },
    {
      "RequestUri": "/subscriptions/12053b8f-cab5-4f5c-9c1a-870580142abd/resourceGroups/CosmosDBResourceGroup2510/providers/Microsoft.DocumentDB/databaseAccounts/db2527/tables/table1/throughputSettings/default?api-version=2020-03-01",
      "EncodedRequestUri": "L3N1YnNjcmlwdGlvbnMvMTIwNTNiOGYtY2FiNS00ZjVjLTljMWEtODcwNTgwMTQyYWJkL3Jlc291cmNlR3JvdXBzL0Nvc21vc0RCUmVzb3VyY2VHcm91cDI1MTAvcHJvdmlkZXJzL01pY3Jvc29mdC5Eb2N1bWVudERCL2RhdGFiYXNlQWNjb3VudHMvZGIyNTI3L3RhYmxlcy90YWJsZTEvdGhyb3VnaHB1dFNldHRpbmdzL2RlZmF1bHQ/YXBpLXZlcnNpb249MjAyMC0wMy0wMQ==",
      "RequestMethod": "GET",
      "RequestBody": "",
      "RequestHeaders": {
        "x-ms-client-request-id": [
          "e62aa1a3-d66a-4e00-82ae-65d368152f70"
        ],
        "Accept-Language": [
          "en-US"
        ],
        "User-Agent": [
          "FxVersion/4.6.28516.03",
          "OSName/Windows",
          "OSVersion/Microsoft.Windows.10.0.18363.",
          "Microsoft.Azure.Management.CosmosDB.CosmosDBManagementClient/1.1.0.0"
        ]
      },
      "ResponseHeaders": {
        "Cache-Control": [
          "no-store, no-cache"
        ],
        "Pragma": [
          "no-cache"
        ],
        "Strict-Transport-Security": [
          "max-age=31536000; includeSubDomains"
        ],
        "x-ms-gatewayversion": [
          "version=2.10.0"
        ],
        "Server": [
          "Microsoft-HTTPAPI/2.0"
        ],
        "x-ms-ratelimit-remaining-subscription-reads": [
          "11990"
        ],
        "x-ms-request-id": [
          "63d86813-68f2-485e-8088-c5f1d7e38d75"
        ],
        "x-ms-correlation-request-id": [
          "63d86813-68f2-485e-8088-c5f1d7e38d75"
        ],
        "x-ms-routing-request-id": [
          "WESTUS:20200415T024255Z:63d86813-68f2-485e-8088-c5f1d7e38d75"
        ],
        "X-Content-Type-Options": [
          "nosniff"
        ],
        "Date": [
          "Wed, 15 Apr 2020 02:42:54 GMT"
        ],
        "Content-Length": [
          "355"
        ],
        "Content-Type": [
          "application/json"
        ],
        "Content-Location": [
          "https://management.documents.azure.com:450/subscriptions/12053b8f-cab5-4f5c-9c1a-870580142abd/resourceGroups/CosmosDBResourceGroup2510/providers/Microsoft.DocumentDB/databaseAccounts/db2527/tables/table1/throughputSettings/default?api-version=2020-03-01"
        ]
      },
      "ResponseBody": "{\r\n  \"id\": \"/subscriptions/12053b8f-cab5-4f5c-9c1a-870580142abd/resourceGroups/CosmosDBResourceGroup2510/providers/Microsoft.DocumentDB/databaseAccounts/db2527/tables/table1/throughputSettings/default\",\r\n  \"type\": \"Microsoft.DocumentDB/databaseAccounts/tables/throughputSettings\",\r\n  \"name\": \"Wa5X\",\r\n  \"properties\": {\r\n    \"resource\": {\r\n      \"throughput\": 600,\r\n      \"minimumThroughput\": \"400\"\r\n    }\r\n  }\r\n}",
      "StatusCode": 200
    },
    {
      "RequestUri": "/subscriptions/12053b8f-cab5-4f5c-9c1a-870580142abd/resourceGroups/CosmosDBResourceGroup2510/providers/Microsoft.DocumentDB/databaseAccounts/db2527/tables/table1/throughputSettings/default?api-version=2020-03-01",
      "EncodedRequestUri": "L3N1YnNjcmlwdGlvbnMvMTIwNTNiOGYtY2FiNS00ZjVjLTljMWEtODcwNTgwMTQyYWJkL3Jlc291cmNlR3JvdXBzL0Nvc21vc0RCUmVzb3VyY2VHcm91cDI1MTAvcHJvdmlkZXJzL01pY3Jvc29mdC5Eb2N1bWVudERCL2RhdGFiYXNlQWNjb3VudHMvZGIyNTI3L3RhYmxlcy90YWJsZTEvdGhyb3VnaHB1dFNldHRpbmdzL2RlZmF1bHQ/YXBpLXZlcnNpb249MjAyMC0wMy0wMQ==",
      "RequestMethod": "GET",
      "RequestBody": "",
      "RequestHeaders": {
        "x-ms-client-request-id": [
          "781a8bff-8176-4d6f-80c9-10c754a37c4b"
        ],
        "Accept-Language": [
          "en-US"
        ],
        "User-Agent": [
          "FxVersion/4.6.28516.03",
          "OSName/Windows",
          "OSVersion/Microsoft.Windows.10.0.18363.",
          "Microsoft.Azure.Management.CosmosDB.CosmosDBManagementClient/1.1.0.0"
        ]
      },
      "ResponseHeaders": {
        "Cache-Control": [
          "no-store, no-cache"
        ],
        "Pragma": [
          "no-cache"
        ],
        "Strict-Transport-Security": [
          "max-age=31536000; includeSubDomains"
        ],
        "x-ms-gatewayversion": [
          "version=2.10.0"
        ],
        "Server": [
          "Microsoft-HTTPAPI/2.0"
        ],
        "x-ms-ratelimit-remaining-subscription-reads": [
          "11986"
        ],
        "x-ms-request-id": [
          "005de005-415a-47aa-8e47-eef08c0bf6ad"
        ],
        "x-ms-correlation-request-id": [
          "005de005-415a-47aa-8e47-eef08c0bf6ad"
        ],
        "x-ms-routing-request-id": [
          "WESTUS:20200415T024326Z:005de005-415a-47aa-8e47-eef08c0bf6ad"
        ],
        "X-Content-Type-Options": [
          "nosniff"
        ],
        "Date": [
          "Wed, 15 Apr 2020 02:43:26 GMT"
        ],
        "Content-Length": [
          "355"
        ],
        "Content-Type": [
          "application/json"
        ],
        "Content-Location": [
          "https://management.documents.azure.com:450/subscriptions/12053b8f-cab5-4f5c-9c1a-870580142abd/resourceGroups/CosmosDBResourceGroup2510/providers/Microsoft.DocumentDB/databaseAccounts/db2527/tables/table1/throughputSettings/default?api-version=2020-03-01"
        ]
      },
      "ResponseBody": "{\r\n  \"id\": \"/subscriptions/12053b8f-cab5-4f5c-9c1a-870580142abd/resourceGroups/CosmosDBResourceGroup2510/providers/Microsoft.DocumentDB/databaseAccounts/db2527/tables/table1/throughputSettings/default\",\r\n  \"type\": \"Microsoft.DocumentDB/databaseAccounts/tables/throughputSettings\",\r\n  \"name\": \"Wa5X\",\r\n  \"properties\": {\r\n    \"resource\": {\r\n      \"throughput\": 500,\r\n      \"minimumThroughput\": \"400\"\r\n    }\r\n  }\r\n}",
      "StatusCode": 200
    },
    {
      "RequestUri": "/subscriptions/12053b8f-cab5-4f5c-9c1a-870580142abd/providers/Microsoft.DocumentDB/locations/eastus/operationsStatus/8fe83491-1367-43ca-8ade-0fdc02db59c5?api-version=2020-03-01",
      "EncodedRequestUri": "L3N1YnNjcmlwdGlvbnMvMTIwNTNiOGYtY2FiNS00ZjVjLTljMWEtODcwNTgwMTQyYWJkL3Byb3ZpZGVycy9NaWNyb3NvZnQuRG9jdW1lbnREQi9sb2NhdGlvbnMvZWFzdHVzL29wZXJhdGlvbnNTdGF0dXMvOGZlODM0OTEtMTM2Ny00M2NhLThhZGUtMGZkYzAyZGI1OWM1P2FwaS12ZXJzaW9uPTIwMjAtMDMtMDE=",
      "RequestMethod": "GET",
      "RequestBody": "",
      "RequestHeaders": {
        "User-Agent": [
          "FxVersion/4.6.28516.03",
          "OSName/Windows",
          "OSVersion/Microsoft.Windows.10.0.18363.",
          "Microsoft.Azure.Management.CosmosDB.CosmosDBManagementClient/1.1.0.0"
        ]
      },
      "ResponseHeaders": {
        "Cache-Control": [
          "no-store, no-cache"
        ],
        "Pragma": [
          "no-cache"
        ],
        "Strict-Transport-Security": [
          "max-age=31536000; includeSubDomains"
        ],
        "x-ms-gatewayversion": [
          "version=2.10.0"
        ],
        "Server": [
          "Microsoft-HTTPAPI/2.0"
        ],
        "x-ms-ratelimit-remaining-subscription-reads": [
          "11992"
        ],
        "x-ms-request-id": [
          "cd2c8063-3919-43a5-89c1-3ccd33b44b59"
        ],
        "x-ms-correlation-request-id": [
          "cd2c8063-3919-43a5-89c1-3ccd33b44b59"
        ],
        "x-ms-routing-request-id": [
          "WESTUS:20200415T024254Z:cd2c8063-3919-43a5-89c1-3ccd33b44b59"
        ],
        "X-Content-Type-Options": [
          "nosniff"
        ],
        "Date": [
          "Wed, 15 Apr 2020 02:42:54 GMT"
        ],
        "Content-Length": [
          "22"
        ],
        "Content-Type": [
          "application/json"
        ],
        "Content-Location": [
          "https://management.documents.azure.com:450/subscriptions/12053b8f-cab5-4f5c-9c1a-870580142abd/providers/Microsoft.DocumentDB/locations/eastus/operationsStatus/8fe83491-1367-43ca-8ade-0fdc02db59c5?api-version=2020-03-01"
        ]
      },
      "ResponseBody": "{\r\n  \"status\": \"Succeeded\"\r\n}",
      "StatusCode": 200
    },
    {
      "RequestUri": "/subscriptions/12053b8f-cab5-4f5c-9c1a-870580142abd/providers/Microsoft.DocumentDB/locations/eastus/operationsStatus/b5298e73-3340-4aeb-9206-8881304cf01f?api-version=2020-03-01",
      "EncodedRequestUri": "L3N1YnNjcmlwdGlvbnMvMTIwNTNiOGYtY2FiNS00ZjVjLTljMWEtODcwNTgwMTQyYWJkL3Byb3ZpZGVycy9NaWNyb3NvZnQuRG9jdW1lbnREQi9sb2NhdGlvbnMvZWFzdHVzL29wZXJhdGlvbnNTdGF0dXMvYjUyOThlNzMtMzM0MC00YWViLTkyMDYtODg4MTMwNGNmMDFmP2FwaS12ZXJzaW9uPTIwMjAtMDMtMDE=",
      "RequestMethod": "GET",
      "RequestBody": "",
      "RequestHeaders": {
        "User-Agent": [
          "FxVersion/4.6.28516.03",
          "OSName/Windows",
          "OSVersion/Microsoft.Windows.10.0.18363.",
          "Microsoft.Azure.Management.CosmosDB.CosmosDBManagementClient/1.1.0.0"
        ]
      },
      "ResponseHeaders": {
        "Cache-Control": [
          "no-store, no-cache"
        ],
        "Pragma": [
          "no-cache"
        ],
        "Strict-Transport-Security": [
          "max-age=31536000; includeSubDomains"
        ],
        "x-ms-gatewayversion": [
          "version=2.10.0"
        ],
        "Server": [
          "Microsoft-HTTPAPI/2.0"
        ],
        "x-ms-ratelimit-remaining-subscription-reads": [
          "11988"
        ],
        "x-ms-request-id": [
          "19299413-7b5b-4a48-be34-49c2c132289c"
        ],
        "x-ms-correlation-request-id": [
          "19299413-7b5b-4a48-be34-49c2c132289c"
        ],
        "x-ms-routing-request-id": [
          "WESTUS:20200415T024326Z:19299413-7b5b-4a48-be34-49c2c132289c"
        ],
        "X-Content-Type-Options": [
          "nosniff"
        ],
        "Date": [
          "Wed, 15 Apr 2020 02:43:26 GMT"
        ],
        "Content-Length": [
          "22"
        ],
        "Content-Type": [
          "application/json"
        ],
        "Content-Location": [
          "https://management.documents.azure.com:450/subscriptions/12053b8f-cab5-4f5c-9c1a-870580142abd/providers/Microsoft.DocumentDB/locations/eastus/operationsStatus/b5298e73-3340-4aeb-9206-8881304cf01f?api-version=2020-03-01"
        ]
      },
      "ResponseBody": "{\r\n  \"status\": \"Succeeded\"\r\n}",
      "StatusCode": 200
    },
    {
      "RequestUri": "/subscriptions/12053b8f-cab5-4f5c-9c1a-870580142abd/resourceGroups/CosmosDBResourceGroup2510/providers/Microsoft.DocumentDB/databaseAccounts/db2527/tables?api-version=2020-03-01",
      "EncodedRequestUri": "L3N1YnNjcmlwdGlvbnMvMTIwNTNiOGYtY2FiNS00ZjVjLTljMWEtODcwNTgwMTQyYWJkL3Jlc291cmNlR3JvdXBzL0Nvc21vc0RCUmVzb3VyY2VHcm91cDI1MTAvcHJvdmlkZXJzL01pY3Jvc29mdC5Eb2N1bWVudERCL2RhdGFiYXNlQWNjb3VudHMvZGIyNTI3L3RhYmxlcz9hcGktdmVyc2lvbj0yMDIwLTAzLTAx",
      "RequestMethod": "GET",
      "RequestBody": "",
      "RequestHeaders": {
        "x-ms-client-request-id": [
          "a8990b4b-5a64-4aae-bbb0-97203e0aaa74"
        ],
        "Accept-Language": [
          "en-US"
        ],
        "User-Agent": [
          "FxVersion/4.6.28516.03",
          "OSName/Windows",
          "OSVersion/Microsoft.Windows.10.0.18363.",
          "Microsoft.Azure.Management.CosmosDB.CosmosDBManagementClient/1.1.0.0"
        ]
      },
      "ResponseHeaders": {
        "Cache-Control": [
          "no-store, no-cache"
        ],
        "Pragma": [
          "no-cache"
        ],
        "Strict-Transport-Security": [
          "max-age=31536000; includeSubDomains"
        ],
        "x-ms-gatewayversion": [
          "version=2.10.0"
        ],
        "Server": [
          "Microsoft-HTTPAPI/2.0"
        ],
        "x-ms-ratelimit-remaining-subscription-reads": [
          "11985"
        ],
        "x-ms-request-id": [
          "e5aaa73a-e4d4-4f03-a742-2ba6064b12ad"
        ],
        "x-ms-correlation-request-id": [
          "e5aaa73a-e4d4-4f03-a742-2ba6064b12ad"
        ],
        "x-ms-routing-request-id": [
          "WESTUS:20200415T024327Z:e5aaa73a-e4d4-4f03-a742-2ba6064b12ad"
        ],
        "X-Content-Type-Options": [
          "nosniff"
        ],
        "Date": [
          "Wed, 15 Apr 2020 02:43:27 GMT"
        ],
        "Content-Length": [
          "384"
        ],
        "Content-Type": [
          "application/json"
        ],
        "Content-Location": [
          "https://management.documents.azure.com:450/subscriptions/12053b8f-cab5-4f5c-9c1a-870580142abd/resourceGroups/CosmosDBResourceGroup2510/providers/Microsoft.DocumentDB/databaseAccounts/db2527/tables?api-version=2020-03-01"
        ]
      },
      "ResponseBody": "{\r\n  \"value\": [\r\n    {\r\n      \"id\": \"/subscriptions/12053b8f-cab5-4f5c-9c1a-870580142abd/resourceGroups/CosmosDBResourceGroup2510/providers/Microsoft.DocumentDB/databaseAccounts/db2527/tables/table1\",\r\n      \"type\": \"Microsoft.DocumentDB/databaseAccounts/tables\",\r\n      \"name\": \"table1\",\r\n      \"properties\": {\r\n        \"resource\": {\r\n          \"id\": \"table1\",\r\n          \"_rid\": \"bilIAJ9Hhks=\",\r\n          \"_etag\": \"\\\"00000000-0000-0000-12cf-7123ec0101d6\\\"\",\r\n          \"_ts\": 1586918521\r\n        }\r\n      }\r\n    }\r\n  ]\r\n}",
      "StatusCode": 200
    },
    {
      "RequestUri": "/subscriptions/12053b8f-cab5-4f5c-9c1a-870580142abd/resourceGroups/CosmosDBResourceGroup2510/providers/Microsoft.DocumentDB/databaseAccounts/db2527/tables/table1?api-version=2020-03-01",
      "EncodedRequestUri": "L3N1YnNjcmlwdGlvbnMvMTIwNTNiOGYtY2FiNS00ZjVjLTljMWEtODcwNTgwMTQyYWJkL3Jlc291cmNlR3JvdXBzL0Nvc21vc0RCUmVzb3VyY2VHcm91cDI1MTAvcHJvdmlkZXJzL01pY3Jvc29mdC5Eb2N1bWVudERCL2RhdGFiYXNlQWNjb3VudHMvZGIyNTI3L3RhYmxlcy90YWJsZTE/YXBpLXZlcnNpb249MjAyMC0wMy0wMQ==",
      "RequestMethod": "DELETE",
      "RequestBody": "",
      "RequestHeaders": {
        "x-ms-client-request-id": [
          "8f666ff8-e9c9-4a68-823e-932880705d1c"
        ],
        "Accept-Language": [
          "en-US"
        ],
        "User-Agent": [
          "FxVersion/4.6.28516.03",
          "OSName/Windows",
          "OSVersion/Microsoft.Windows.10.0.18363.",
          "Microsoft.Azure.Management.CosmosDB.CosmosDBManagementClient/1.1.0.0"
        ]
      },
      "ResponseHeaders": {
        "Cache-Control": [
          "no-store, no-cache"
        ],
        "Pragma": [
          "no-cache"
        ],
        "Location": [
          "https://management.azure.com/subscriptions/12053b8f-cab5-4f5c-9c1a-870580142abd/resourceGroups/CosmosDBResourceGroup2510/providers/Microsoft.DocumentDB/databaseAccounts/db2527/tables/table1/operationResults/da178547-1f6c-4f67-9ae8-7a26710cb9e5?api-version=2020-03-01"
        ],
        "Azure-AsyncOperation": [
          "https://management.azure.com/subscriptions/12053b8f-cab5-4f5c-9c1a-870580142abd/providers/Microsoft.DocumentDB/locations/eastus/operationsStatus/da178547-1f6c-4f67-9ae8-7a26710cb9e5?api-version=2020-03-01"
        ],
        "x-ms-request-id": [
          "da178547-1f6c-4f67-9ae8-7a26710cb9e5"
        ],
        "Strict-Transport-Security": [
          "max-age=31536000; includeSubDomains"
        ],
        "x-ms-gatewayversion": [
          "version=2.10.0"
        ],
        "Server": [
          "Microsoft-HTTPAPI/2.0"
        ],
        "x-ms-ratelimit-remaining-subscription-deletes": [
          "14999"
        ],
        "x-ms-correlation-request-id": [
          "85fce29a-1a2a-4d18-8a02-1187975b1423"
        ],
        "x-ms-routing-request-id": [
          "WESTUS:20200415T024327Z:85fce29a-1a2a-4d18-8a02-1187975b1423"
        ],
        "X-Content-Type-Options": [
          "nosniff"
        ],
        "Date": [
          "Wed, 15 Apr 2020 02:43:27 GMT"
        ],
        "Content-Length": [
          "21"
        ],
        "Content-Type": [
          "application/json"
        ],
        "Content-Location": [
          "https://management.documents.azure.com:450/subscriptions/12053b8f-cab5-4f5c-9c1a-870580142abd/resourceGroups/CosmosDBResourceGroup2510/providers/Microsoft.DocumentDB/databaseAccounts/db2527/tables/table1?api-version=2020-03-01"
        ]
      },
      "ResponseBody": "{\r\n  \"status\": \"Enqueued\"\r\n}",
      "StatusCode": 202
    },
    {
      "RequestUri": "/subscriptions/12053b8f-cab5-4f5c-9c1a-870580142abd/resourceGroups/CosmosDBResourceGroup2510/providers/Microsoft.DocumentDB/databaseAccounts/db2527/tables/table1?api-version=2020-03-01",
      "EncodedRequestUri": "L3N1YnNjcmlwdGlvbnMvMTIwNTNiOGYtY2FiNS00ZjVjLTljMWEtODcwNTgwMTQyYWJkL3Jlc291cmNlR3JvdXBzL0Nvc21vc0RCUmVzb3VyY2VHcm91cDI1MTAvcHJvdmlkZXJzL01pY3Jvc29mdC5Eb2N1bWVudERCL2RhdGFiYXNlQWNjb3VudHMvZGIyNTI3L3RhYmxlcy90YWJsZTE/YXBpLXZlcnNpb249MjAyMC0wMy0wMQ==",
      "RequestMethod": "DELETE",
      "RequestBody": "",
      "RequestHeaders": {
        "x-ms-client-request-id": [
          "53ab025b-e1de-433b-9c31-10e6dfc3e471"
        ],
        "Accept-Language": [
          "en-US"
        ],
        "User-Agent": [
          "FxVersion/4.6.28516.03",
          "OSName/Windows",
          "OSVersion/Microsoft.Windows.10.0.18363.",
          "Microsoft.Azure.Management.CosmosDB.CosmosDBManagementClient/1.1.0.0"
        ]
      },
      "ResponseHeaders": {
        "Cache-Control": [
          "no-store, no-cache"
        ],
        "Pragma": [
          "no-cache"
        ],
        "Location": [
          "https://management.azure.com/subscriptions/12053b8f-cab5-4f5c-9c1a-870580142abd/resourceGroups/CosmosDBResourceGroup2510/providers/Microsoft.DocumentDB/databaseAccounts/db2527/tables/table1/operationResults/3a3fd519-bfae-4612-9b6e-a1303d468ace?api-version=2020-03-01"
        ],
        "Azure-AsyncOperation": [
          "https://management.azure.com/subscriptions/12053b8f-cab5-4f5c-9c1a-870580142abd/providers/Microsoft.DocumentDB/locations/eastus/operationsStatus/3a3fd519-bfae-4612-9b6e-a1303d468ace?api-version=2020-03-01"
        ],
        "x-ms-request-id": [
          "3a3fd519-bfae-4612-9b6e-a1303d468ace"
        ],
        "Strict-Transport-Security": [
          "max-age=31536000; includeSubDomains"
        ],
        "x-ms-gatewayversion": [
          "version=2.10.0"
        ],
        "Server": [
          "Microsoft-HTTPAPI/2.0"
        ],
        "x-ms-ratelimit-remaining-subscription-deletes": [
          "14999"
        ],
        "x-ms-correlation-request-id": [
          "656e5d7a-99aa-44fe-896b-18791ba6e4be"
        ],
        "x-ms-routing-request-id": [
          "WESTUS:20200415T024359Z:656e5d7a-99aa-44fe-896b-18791ba6e4be"
        ],
        "X-Content-Type-Options": [
          "nosniff"
        ],
        "Date": [
          "Wed, 15 Apr 2020 02:43:58 GMT"
        ],
        "Content-Length": [
          "21"
        ],
        "Content-Type": [
          "application/json"
        ],
        "Content-Location": [
          "https://management.documents.azure.com:450/subscriptions/12053b8f-cab5-4f5c-9c1a-870580142abd/resourceGroups/CosmosDBResourceGroup2510/providers/Microsoft.DocumentDB/databaseAccounts/db2527/tables/table1?api-version=2020-03-01"
        ]
      },
      "ResponseBody": "{\r\n  \"status\": \"Enqueued\"\r\n}",
      "StatusCode": 202
    },
    {
      "RequestUri": "/subscriptions/12053b8f-cab5-4f5c-9c1a-870580142abd/providers/Microsoft.DocumentDB/locations/eastus/operationsStatus/da178547-1f6c-4f67-9ae8-7a26710cb9e5?api-version=2020-03-01",
      "EncodedRequestUri": "L3N1YnNjcmlwdGlvbnMvMTIwNTNiOGYtY2FiNS00ZjVjLTljMWEtODcwNTgwMTQyYWJkL3Byb3ZpZGVycy9NaWNyb3NvZnQuRG9jdW1lbnREQi9sb2NhdGlvbnMvZWFzdHVzL29wZXJhdGlvbnNTdGF0dXMvZGExNzg1NDctMWY2Yy00ZjY3LTlhZTgtN2EyNjcxMGNiOWU1P2FwaS12ZXJzaW9uPTIwMjAtMDMtMDE=",
      "RequestMethod": "GET",
      "RequestBody": "",
      "RequestHeaders": {
        "User-Agent": [
          "FxVersion/4.6.28516.03",
          "OSName/Windows",
          "OSVersion/Microsoft.Windows.10.0.18363.",
          "Microsoft.Azure.Management.CosmosDB.CosmosDBManagementClient/1.1.0.0"
        ]
      },
      "ResponseHeaders": {
        "Cache-Control": [
          "no-store, no-cache"
        ],
        "Pragma": [
          "no-cache"
        ],
        "Strict-Transport-Security": [
          "max-age=31536000; includeSubDomains"
        ],
        "x-ms-gatewayversion": [
          "version=2.10.0"
        ],
        "Server": [
          "Microsoft-HTTPAPI/2.0"
        ],
        "x-ms-ratelimit-remaining-subscription-reads": [
          "11984"
        ],
        "x-ms-request-id": [
          "99b2b47f-32f2-4626-9587-434318b8d397"
        ],
        "x-ms-correlation-request-id": [
          "99b2b47f-32f2-4626-9587-434318b8d397"
        ],
        "x-ms-routing-request-id": [
          "WESTUS:20200415T024358Z:99b2b47f-32f2-4626-9587-434318b8d397"
        ],
        "X-Content-Type-Options": [
          "nosniff"
        ],
        "Date": [
          "Wed, 15 Apr 2020 02:43:57 GMT"
        ],
        "Content-Length": [
          "22"
        ],
        "Content-Type": [
          "application/json"
        ],
        "Content-Location": [
          "https://management.documents.azure.com:450/subscriptions/12053b8f-cab5-4f5c-9c1a-870580142abd/providers/Microsoft.DocumentDB/locations/eastus/operationsStatus/da178547-1f6c-4f67-9ae8-7a26710cb9e5?api-version=2020-03-01"
        ]
      },
      "ResponseBody": "{\r\n  \"status\": \"Succeeded\"\r\n}",
      "StatusCode": 200
    },
    {
      "RequestUri": "/subscriptions/12053b8f-cab5-4f5c-9c1a-870580142abd/resourceGroups/CosmosDBResourceGroup2510/providers/Microsoft.DocumentDB/databaseAccounts/db2527/tables/table1/operationResults/da178547-1f6c-4f67-9ae8-7a26710cb9e5?api-version=2020-03-01",
      "EncodedRequestUri": "L3N1YnNjcmlwdGlvbnMvMTIwNTNiOGYtY2FiNS00ZjVjLTljMWEtODcwNTgwMTQyYWJkL3Jlc291cmNlR3JvdXBzL0Nvc21vc0RCUmVzb3VyY2VHcm91cDI1MTAvcHJvdmlkZXJzL01pY3Jvc29mdC5Eb2N1bWVudERCL2RhdGFiYXNlQWNjb3VudHMvZGIyNTI3L3RhYmxlcy90YWJsZTEvb3BlcmF0aW9uUmVzdWx0cy9kYTE3ODU0Ny0xZjZjLTRmNjctOWFlOC03YTI2NzEwY2I5ZTU/YXBpLXZlcnNpb249MjAyMC0wMy0wMQ==",
      "RequestMethod": "GET",
      "RequestBody": "",
      "RequestHeaders": {
        "User-Agent": [
          "FxVersion/4.6.28516.03",
          "OSName/Windows",
          "OSVersion/Microsoft.Windows.10.0.18363.",
          "Microsoft.Azure.Management.CosmosDB.CosmosDBManagementClient/1.1.0.0"
        ]
      },
      "ResponseHeaders": {
        "Cache-Control": [
          "no-store, no-cache"
        ],
        "Pragma": [
          "no-cache"
        ],
        "Strict-Transport-Security": [
          "max-age=31536000; includeSubDomains"
        ],
        "x-ms-gatewayversion": [
          "version=2.10.0"
        ],
        "Server": [
          "Microsoft-HTTPAPI/2.0"
        ],
        "x-ms-ratelimit-remaining-subscription-reads": [
          "11983"
        ],
        "x-ms-request-id": [
          "dbcca80a-291d-4675-9f44-2c820623d909"
        ],
        "x-ms-correlation-request-id": [
          "dbcca80a-291d-4675-9f44-2c820623d909"
        ],
        "x-ms-routing-request-id": [
          "WESTUS:20200415T024358Z:dbcca80a-291d-4675-9f44-2c820623d909"
        ],
        "X-Content-Type-Options": [
          "nosniff"
        ],
        "Date": [
          "Wed, 15 Apr 2020 02:43:57 GMT"
        ],
        "Content-Type": [
          "application/json"
        ],
        "Content-Location": [
          "https://management.documents.azure.com:450/subscriptions/12053b8f-cab5-4f5c-9c1a-870580142abd/resourceGroups/CosmosDBResourceGroup2510/providers/Microsoft.DocumentDB/databaseAccounts/db2527/tables/table1/operationResults/da178547-1f6c-4f67-9ae8-7a26710cb9e5?api-version=2020-03-01"
        ]
      },
      "ResponseBody": "",
      "StatusCode": 204
    },
    {
      "RequestUri": "/subscriptions/12053b8f-cab5-4f5c-9c1a-870580142abd/providers/Microsoft.DocumentDB/locations/eastus/operationsStatus/3a3fd519-bfae-4612-9b6e-a1303d468ace?api-version=2020-03-01",
      "EncodedRequestUri": "L3N1YnNjcmlwdGlvbnMvMTIwNTNiOGYtY2FiNS00ZjVjLTljMWEtODcwNTgwMTQyYWJkL3Byb3ZpZGVycy9NaWNyb3NvZnQuRG9jdW1lbnREQi9sb2NhdGlvbnMvZWFzdHVzL29wZXJhdGlvbnNTdGF0dXMvM2EzZmQ1MTktYmZhZS00NjEyLTliNmUtYTEzMDNkNDY4YWNlP2FwaS12ZXJzaW9uPTIwMjAtMDMtMDE=",
      "RequestMethod": "GET",
      "RequestBody": "",
      "RequestHeaders": {
        "User-Agent": [
          "FxVersion/4.6.28516.03",
          "OSName/Windows",
          "OSVersion/Microsoft.Windows.10.0.18363.",
          "Microsoft.Azure.Management.CosmosDB.CosmosDBManagementClient/1.1.0.0"
        ]
      },
      "ResponseHeaders": {
        "Cache-Control": [
          "no-store, no-cache"
        ],
        "Pragma": [
          "no-cache"
        ],
        "Strict-Transport-Security": [
          "max-age=31536000; includeSubDomains"
        ],
        "x-ms-gatewayversion": [
          "version=2.10.0"
        ],
        "Server": [
          "Microsoft-HTTPAPI/2.0"
        ],
        "x-ms-ratelimit-remaining-subscription-reads": [
          "11999"
        ],
        "x-ms-request-id": [
          "25b4fa91-77f6-417b-b503-a6d85ca0abe7"
        ],
        "x-ms-correlation-request-id": [
          "25b4fa91-77f6-417b-b503-a6d85ca0abe7"
        ],
        "x-ms-routing-request-id": [
          "WESTUS:20200415T024429Z:25b4fa91-77f6-417b-b503-a6d85ca0abe7"
        ],
        "X-Content-Type-Options": [
          "nosniff"
        ],
        "Date": [
          "Wed, 15 Apr 2020 02:44:28 GMT"
        ],
        "Content-Length": [
          "22"
        ],
        "Content-Type": [
          "application/json"
        ],
        "Content-Location": [
          "https://management.documents.azure.com:450/subscriptions/12053b8f-cab5-4f5c-9c1a-870580142abd/providers/Microsoft.DocumentDB/locations/eastus/operationsStatus/3a3fd519-bfae-4612-9b6e-a1303d468ace?api-version=2020-03-01"
        ]
      },
      "ResponseBody": "{\r\n  \"status\": \"Succeeded\"\r\n}",
      "StatusCode": 200
    },
    {
      "RequestUri": "/subscriptions/12053b8f-cab5-4f5c-9c1a-870580142abd/resourceGroups/CosmosDBResourceGroup2510/providers/Microsoft.DocumentDB/databaseAccounts/db2527/tables/table1/operationResults/3a3fd519-bfae-4612-9b6e-a1303d468ace?api-version=2020-03-01",
      "EncodedRequestUri": "L3N1YnNjcmlwdGlvbnMvMTIwNTNiOGYtY2FiNS00ZjVjLTljMWEtODcwNTgwMTQyYWJkL3Jlc291cmNlR3JvdXBzL0Nvc21vc0RCUmVzb3VyY2VHcm91cDI1MTAvcHJvdmlkZXJzL01pY3Jvc29mdC5Eb2N1bWVudERCL2RhdGFiYXNlQWNjb3VudHMvZGIyNTI3L3RhYmxlcy90YWJsZTEvb3BlcmF0aW9uUmVzdWx0cy8zYTNmZDUxOS1iZmFlLTQ2MTItOWI2ZS1hMTMwM2Q0NjhhY2U/YXBpLXZlcnNpb249MjAyMC0wMy0wMQ==",
      "RequestMethod": "GET",
      "RequestBody": "",
      "RequestHeaders": {
        "User-Agent": [
          "FxVersion/4.6.28516.03",
          "OSName/Windows",
          "OSVersion/Microsoft.Windows.10.0.18363.",
          "Microsoft.Azure.Management.CosmosDB.CosmosDBManagementClient/1.1.0.0"
        ]
      },
      "ResponseHeaders": {
        "Cache-Control": [
          "no-store, no-cache"
        ],
        "Pragma": [
          "no-cache"
        ],
        "Strict-Transport-Security": [
          "max-age=31536000; includeSubDomains"
        ],
        "x-ms-gatewayversion": [
          "version=2.10.0"
        ],
        "Server": [
          "Microsoft-HTTPAPI/2.0"
        ],
        "x-ms-ratelimit-remaining-subscription-reads": [
          "11998"
        ],
        "x-ms-request-id": [
          "364b789d-9f75-43c5-80c4-ddb0de456353"
        ],
        "x-ms-correlation-request-id": [
          "364b789d-9f75-43c5-80c4-ddb0de456353"
        ],
        "x-ms-routing-request-id": [
          "WESTUS:20200415T024429Z:364b789d-9f75-43c5-80c4-ddb0de456353"
        ],
        "X-Content-Type-Options": [
          "nosniff"
        ],
        "Date": [
          "Wed, 15 Apr 2020 02:44:28 GMT"
        ],
        "Content-Type": [
          "application/json"
        ],
        "Content-Location": [
          "https://management.documents.azure.com:450/subscriptions/12053b8f-cab5-4f5c-9c1a-870580142abd/resourceGroups/CosmosDBResourceGroup2510/providers/Microsoft.DocumentDB/databaseAccounts/db2527/tables/table1/operationResults/3a3fd519-bfae-4612-9b6e-a1303d468ace?api-version=2020-03-01"
        ]
      },
      "ResponseBody": "",
      "StatusCode": 204
    }
  ],
  "Names": {},
  "Variables": {
    "SubscriptionId": "12053b8f-cab5-4f5c-9c1a-870580142abd"
  }
}