{
  "Entries": [
    {
      "RequestUri": "/subscriptions/12053b8f-cab5-4f5c-9c1a-870580142abd/resourcegroups/CosmosDBResourceGroup45?api-version=2016-09-01",
      "EncodedRequestUri": "L3N1YnNjcmlwdGlvbnMvMTIwNTNiOGYtY2FiNS00ZjVjLTljMWEtODcwNTgwMTQyYWJkL3Jlc291cmNlZ3JvdXBzL0Nvc21vc0RCUmVzb3VyY2VHcm91cDQ1P2FwaS12ZXJzaW9uPTIwMTYtMDktMDE=",
      "RequestMethod": "PUT",
      "RequestHeaders": {
        "x-ms-client-request-id": [
          "5baf7da0-c499-4829-9347-76283c171ec8"
        ],
        "Accept-Language": [
          "en-US"
        ],
        "User-Agent": [
          "FxVersion/4.700.22.51102",
          "OSName/Windows",
          "OSVersion/Microsoft.Windows.10.0.19045",
          "Microsoft.Azure.Management.Internal.Resources.ResourceManagementClient/1.3.64"
        ],
        "Content-Type": [
          "application/json; charset=utf-8"
        ],
        "Content-Length": [
          "29"
        ]
      },
      "RequestBody": "{\r\n  \"location\": \"East US\"\r\n}",
      "ResponseHeaders": {
        "Cache-Control": [
          "no-cache"
        ],
        "Pragma": [
          "no-cache"
        ],
        "x-ms-ratelimit-remaining-subscription-writes": [
          "1199"
        ],
        "x-ms-request-id": [
          "2f5295dc-dbcb-474e-9240-e489205cf06a"
        ],
        "x-ms-correlation-request-id": [
          "2f5295dc-dbcb-474e-9240-e489205cf06a"
        ],
        "x-ms-routing-request-id": [
          "WESTUS:20221121T022453Z:2f5295dc-dbcb-474e-9240-e489205cf06a"
        ],
        "Strict-Transport-Security": [
          "max-age=31536000; includeSubDomains"
        ],
        "X-Content-Type-Options": [
          "nosniff"
        ],
        "Date": [
          "Mon, 21 Nov 2022 02:24:53 GMT"
        ],
        "Content-Length": [
          "199"
        ],
        "Content-Type": [
          "application/json; charset=utf-8"
        ],
        "Expires": [
          "-1"
        ]
      },
      "ResponseBody": "{\r\n  \"id\": \"/subscriptions/12053b8f-cab5-4f5c-9c1a-870580142abd/resourceGroups/CosmosDBResourceGroup45\",\r\n  \"name\": \"CosmosDBResourceGroup45\",\r\n  \"location\": \"eastus\",\r\n  \"properties\": {\r\n    \"provisioningState\": \"Succeeded\"\r\n  }\r\n}",
      "StatusCode": 201
    },
    {
      "RequestUri": "/subscriptions/12053b8f-cab5-4f5c-9c1a-870580142abd/resourceGroups/CosmosDBResourceGroup45/providers/Microsoft.DocumentDB/databaseAccounts/cassandra-db2745?api-version=2022-08-15-preview",
      "EncodedRequestUri": "L3N1YnNjcmlwdGlvbnMvMTIwNTNiOGYtY2FiNS00ZjVjLTljMWEtODcwNTgwMTQyYWJkL3Jlc291cmNlR3JvdXBzL0Nvc21vc0RCUmVzb3VyY2VHcm91cDQ1L3Byb3ZpZGVycy9NaWNyb3NvZnQuRG9jdW1lbnREQi9kYXRhYmFzZUFjY291bnRzL2Nhc3NhbmRyYS1kYjI3NDU/YXBpLXZlcnNpb249MjAyMi0wOC0xNS1wcmV2aWV3",
      "RequestMethod": "GET",
      "RequestHeaders": {
        "x-ms-client-request-id": [
          "dafdf2d0-2c4f-4338-a91b-15e1410375f9"
        ],
        "Accept-Language": [
          "en-US"
        ],
        "User-Agent": [
          "FxVersion/4.700.22.51102",
          "OSName/Windows",
          "OSVersion/Microsoft.Windows.10.0.19045",
          "Microsoft.Azure.Management.CosmosDB.CosmosDBManagementClient/1.8.2"
        ]
      },
      "RequestBody": "",
      "ResponseHeaders": {
        "Cache-Control": [
          "no-cache"
        ],
        "Pragma": [
          "no-cache"
        ],
        "x-ms-failure-cause": [
          "gateway"
        ],
        "x-ms-request-id": [
          "855521ce-c0c2-415d-a427-a2ad9f4539b9"
        ],
        "x-ms-correlation-request-id": [
          "855521ce-c0c2-415d-a427-a2ad9f4539b9"
        ],
        "x-ms-routing-request-id": [
          "WESTUS:20221121T022454Z:855521ce-c0c2-415d-a427-a2ad9f4539b9"
        ],
        "Strict-Transport-Security": [
          "max-age=31536000; includeSubDomains"
        ],
        "X-Content-Type-Options": [
          "nosniff"
        ],
        "Date": [
          "Mon, 21 Nov 2022 02:24:53 GMT"
        ],
        "Content-Type": [
          "application/json; charset=utf-8"
        ],
        "Expires": [
          "-1"
        ],
        "Content-Length": [
          "249"
        ]
      },
      "ResponseBody": "{\r\n  \"error\": {\r\n    \"code\": \"ResourceNotFound\",\r\n    \"message\": \"The Resource 'Microsoft.DocumentDB/databaseAccounts/cassandra-db2745' under resource group 'CosmosDBResourceGroup45' was not found. For more details please go to https://aka.ms/ARMResourceNotFoundFix\"\r\n  }\r\n}",
      "StatusCode": 404
    },
    {
      "RequestUri": "/subscriptions/12053b8f-cab5-4f5c-9c1a-870580142abd/resourceGroups/CosmosDBResourceGroup45/providers/Microsoft.DocumentDB/databaseAccounts/cassandra-db2745?api-version=2022-08-15-preview",
      "EncodedRequestUri": "L3N1YnNjcmlwdGlvbnMvMTIwNTNiOGYtY2FiNS00ZjVjLTljMWEtODcwNTgwMTQyYWJkL3Jlc291cmNlR3JvdXBzL0Nvc21vc0RCUmVzb3VyY2VHcm91cDQ1L3Byb3ZpZGVycy9NaWNyb3NvZnQuRG9jdW1lbnREQi9kYXRhYmFzZUFjY291bnRzL2Nhc3NhbmRyYS1kYjI3NDU/YXBpLXZlcnNpb249MjAyMi0wOC0xNS1wcmV2aWV3",
      "RequestMethod": "GET",
      "RequestHeaders": {
        "x-ms-client-request-id": [
          "dafdf2d0-2c4f-4338-a91b-15e1410375f9"
        ],
        "User-Agent": [
          "FxVersion/4.700.22.51102",
          "OSName/Windows",
          "OSVersion/Microsoft.Windows.10.0.19045",
          "Microsoft.Azure.Management.CosmosDB.CosmosDBManagementClient/1.8.2"
        ]
      },
      "RequestBody": "",
      "ResponseHeaders": {
        "Cache-Control": [
          "no-store, no-cache"
        ],
        "Pragma": [
          "no-cache"
        ],
        "Strict-Transport-Security": [
          "max-age=31536000; includeSubDomains"
        ],
        "x-ms-gatewayversion": [
          "version=2.14.0"
        ],
        "Server": [
          "Microsoft-HTTPAPI/2.0"
        ],
        "x-ms-ratelimit-remaining-subscription-reads": [
          "11991"
        ],
        "x-ms-request-id": [
          "3152a65f-f438-490c-b85e-74192fee767f"
        ],
        "x-ms-correlation-request-id": [
          "3152a65f-f438-490c-b85e-74192fee767f"
        ],
        "x-ms-routing-request-id": [
          "WESTUS:20221121T022830Z:3152a65f-f438-490c-b85e-74192fee767f"
        ],
        "X-Content-Type-Options": [
          "nosniff"
        ],
        "Date": [
          "Mon, 21 Nov 2022 02:28:29 GMT"
        ],
        "Content-Length": [
          "2836"
        ],
        "Content-Type": [
          "application/json"
        ]
      },
      "ResponseBody": "{\r\n  \"id\": \"/subscriptions/12053b8f-cab5-4f5c-9c1a-870580142abd/resourceGroups/CosmosDBResourceGroup45/providers/Microsoft.DocumentDB/databaseAccounts/cassandra-db2745\",\r\n  \"name\": \"cassandra-db2745\",\r\n  \"location\": \"East US\",\r\n  \"type\": \"Microsoft.DocumentDB/databaseAccounts\",\r\n  \"kind\": \"GlobalDocumentDB\",\r\n  \"tags\": {},\r\n  \"systemData\": {\r\n    \"createdAt\": \"2022-11-21T02:27:46.493927Z\"\r\n  },\r\n  \"properties\": {\r\n    \"provisioningState\": \"Succeeded\",\r\n    \"documentEndpoint\": \"https://cassandra-db2745.documents.azure.com:443/\",\r\n    \"cassandraEndpoint\": \"https://cassandra-db2745.cassandra.cosmos.azure.com:443/\",\r\n    \"publicNetworkAccess\": \"Enabled\",\r\n    \"enableAutomaticFailover\": false,\r\n    \"enableMultipleWriteLocations\": false,\r\n    \"enablePartitionKeyMonitor\": false,\r\n    \"isVirtualNetworkFilterEnabled\": false,\r\n    \"virtualNetworkRules\": [],\r\n    \"enableClientTelemetry\": false,\r\n    \"EnabledApiTypes\": \"Cassandra\",\r\n    \"disableKeyBasedMetadataWriteAccess\": false,\r\n    \"enableFreeTier\": false,\r\n    \"enableAnalyticalStorage\": false,\r\n    \"analyticalStorageConfiguration\": {\r\n      \"schemaType\": \"WellDefined\"\r\n    },\r\n    \"instanceId\": \"4dfeacde-4573-4f9c-9bbd-ee6c4f6872f6\",\r\n    \"databaseAccountOfferType\": \"Standard\",\r\n    \"enableCassandraConnector\": false,\r\n    \"connectorOffer\": \"\",\r\n    \"enableMaterializedViews\": false,\r\n    \"defaultIdentity\": \"FirstPartyIdentity\",\r\n    \"networkAclBypass\": \"None\",\r\n    \"disableLocalAuth\": false,\r\n    \"enablePartitionMerge\": false,\r\n    \"consistencyPolicy\": {\r\n      \"defaultConsistencyLevel\": \"Session\",\r\n      \"maxIntervalInSeconds\": 5,\r\n      \"maxStalenessPrefix\": 100\r\n    },\r\n    \"configurationOverrides\": {},\r\n    \"writeLocations\": [\r\n      {\r\n        \"id\": \"cassandra-db2745-eastus\",\r\n        \"locationName\": \"East US\",\r\n        \"documentEndpoint\": \"https://cassandra-db2745-eastus.documents.azure.com:443/\",\r\n        \"provisioningState\": \"Succeeded\",\r\n        \"failoverPriority\": 0,\r\n        \"isZoneRedundant\": false\r\n      }\r\n    ],\r\n    \"readLocations\": [\r\n      {\r\n        \"id\": \"cassandra-db2745-eastus\",\r\n        \"locationName\": \"East US\",\r\n        \"documentEndpoint\": \"https://cassandra-db2745-eastus.documents.azure.com:443/\",\r\n        \"provisioningState\": \"Succeeded\",\r\n        \"failoverPriority\": 0,\r\n        \"isZoneRedundant\": false\r\n      }\r\n    ],\r\n    \"locations\": [\r\n      {\r\n        \"id\": \"cassandra-db2745-eastus\",\r\n        \"locationName\": \"East US\",\r\n        \"documentEndpoint\": \"https://cassandra-db2745-eastus.documents.azure.com:443/\",\r\n        \"provisioningState\": \"Succeeded\",\r\n        \"failoverPriority\": 0,\r\n        \"isZoneRedundant\": false\r\n      }\r\n    ],\r\n    \"failoverPolicies\": [\r\n      {\r\n        \"id\": \"cassandra-db2745-eastus\",\r\n        \"locationName\": \"East US\",\r\n        \"failoverPriority\": 0\r\n      }\r\n    ],\r\n    \"cors\": [],\r\n    \"capabilities\": [\r\n      {\r\n        \"name\": \"EnableCassandra\"\r\n      }\r\n    ],\r\n    \"ipRules\": [],\r\n    \"backupPolicy\": {\r\n      \"type\": \"Periodic\",\r\n      \"periodicModeProperties\": {\r\n        \"backupIntervalInMinutes\": 240,\r\n        \"backupRetentionIntervalInHours\": 8,\r\n        \"backupStorageRedundancy\": \"Geo\"\r\n      }\r\n    },\r\n    \"networkAclBypassResourceIds\": [],\r\n    \"diagnosticLogSettings\": {\r\n      \"enableFullTextQuery\": \"None\"\r\n    },\r\n    \"keysMetadata\": {\r\n      \"primaryMasterKey\": {\r\n        \"generationTime\": \"2022-11-21T02:27:46.493927Z\"\r\n      },\r\n      \"secondaryMasterKey\": {\r\n        \"generationTime\": \"2022-11-21T02:27:46.493927Z\"\r\n      },\r\n      \"primaryReadonlyMasterKey\": {\r\n        \"generationTime\": \"2022-11-21T02:27:46.493927Z\"\r\n      },\r\n      \"secondaryReadonlyMasterKey\": {\r\n        \"generationTime\": \"2022-11-21T02:27:46.493927Z\"\r\n      }\r\n    }\r\n  },\r\n  \"identity\": {\r\n    \"type\": \"None\"\r\n  }\r\n}",
      "StatusCode": 200
    },
    {
      "RequestUri": "/subscriptions/12053b8f-cab5-4f5c-9c1a-870580142abd/resourceGroups/CosmosDBResourceGroup45/providers/Microsoft.DocumentDB/databaseAccounts/cassandra-db2745?api-version=2022-08-15-preview",
      "EncodedRequestUri": "L3N1YnNjcmlwdGlvbnMvMTIwNTNiOGYtY2FiNS00ZjVjLTljMWEtODcwNTgwMTQyYWJkL3Jlc291cmNlR3JvdXBzL0Nvc21vc0RCUmVzb3VyY2VHcm91cDQ1L3Byb3ZpZGVycy9NaWNyb3NvZnQuRG9jdW1lbnREQi9kYXRhYmFzZUFjY291bnRzL2Nhc3NhbmRyYS1kYjI3NDU/YXBpLXZlcnNpb249MjAyMi0wOC0xNS1wcmV2aWV3",
      "RequestMethod": "GET",
      "RequestHeaders": {
        "x-ms-client-request-id": [
          "6c5598c2-eae2-4bc6-9904-41b6a8fd5985"
        ],
        "Accept-Language": [
          "en-US"
        ],
        "User-Agent": [
          "FxVersion/4.700.22.51102",
          "OSName/Windows",
          "OSVersion/Microsoft.Windows.10.0.19045",
          "Microsoft.Azure.Management.CosmosDB.CosmosDBManagementClient/1.8.2"
        ]
      },
      "RequestBody": "",
      "ResponseHeaders": {
        "Cache-Control": [
          "no-store, no-cache"
        ],
        "Pragma": [
          "no-cache"
        ],
        "Strict-Transport-Security": [
          "max-age=31536000; includeSubDomains"
        ],
        "x-ms-gatewayversion": [
          "version=2.14.0"
        ],
        "Server": [
          "Microsoft-HTTPAPI/2.0"
        ],
        "x-ms-ratelimit-remaining-subscription-reads": [
          "11999"
        ],
        "x-ms-request-id": [
          "cc0d268f-c09a-45a0-9066-195d590f93bc"
        ],
        "x-ms-correlation-request-id": [
          "cc0d268f-c09a-45a0-9066-195d590f93bc"
        ],
        "x-ms-routing-request-id": [
          "WESTCENTRALUS:20221121T022831Z:cc0d268f-c09a-45a0-9066-195d590f93bc"
        ],
        "X-Content-Type-Options": [
          "nosniff"
        ],
        "Date": [
          "Mon, 21 Nov 2022 02:28:30 GMT"
        ],
        "Content-Length": [
          "2836"
        ],
        "Content-Type": [
          "application/json"
        ]
      },
      "ResponseBody": "{\r\n  \"id\": \"/subscriptions/12053b8f-cab5-4f5c-9c1a-870580142abd/resourceGroups/CosmosDBResourceGroup45/providers/Microsoft.DocumentDB/databaseAccounts/cassandra-db2745\",\r\n  \"name\": \"cassandra-db2745\",\r\n  \"location\": \"East US\",\r\n  \"type\": \"Microsoft.DocumentDB/databaseAccounts\",\r\n  \"kind\": \"GlobalDocumentDB\",\r\n  \"tags\": {},\r\n  \"systemData\": {\r\n    \"createdAt\": \"2022-11-21T02:27:46.493927Z\"\r\n  },\r\n  \"properties\": {\r\n    \"provisioningState\": \"Succeeded\",\r\n    \"documentEndpoint\": \"https://cassandra-db2745.documents.azure.com:443/\",\r\n    \"cassandraEndpoint\": \"https://cassandra-db2745.cassandra.cosmos.azure.com:443/\",\r\n    \"publicNetworkAccess\": \"Enabled\",\r\n    \"enableAutomaticFailover\": false,\r\n    \"enableMultipleWriteLocations\": false,\r\n    \"enablePartitionKeyMonitor\": false,\r\n    \"isVirtualNetworkFilterEnabled\": false,\r\n    \"virtualNetworkRules\": [],\r\n    \"enableClientTelemetry\": false,\r\n    \"EnabledApiTypes\": \"Cassandra\",\r\n    \"disableKeyBasedMetadataWriteAccess\": false,\r\n    \"enableFreeTier\": false,\r\n    \"enableAnalyticalStorage\": false,\r\n    \"analyticalStorageConfiguration\": {\r\n      \"schemaType\": \"WellDefined\"\r\n    },\r\n    \"instanceId\": \"4dfeacde-4573-4f9c-9bbd-ee6c4f6872f6\",\r\n    \"databaseAccountOfferType\": \"Standard\",\r\n    \"enableCassandraConnector\": false,\r\n    \"connectorOffer\": \"\",\r\n    \"enableMaterializedViews\": false,\r\n    \"defaultIdentity\": \"FirstPartyIdentity\",\r\n    \"networkAclBypass\": \"None\",\r\n    \"disableLocalAuth\": false,\r\n    \"enablePartitionMerge\": false,\r\n    \"consistencyPolicy\": {\r\n      \"defaultConsistencyLevel\": \"Session\",\r\n      \"maxIntervalInSeconds\": 5,\r\n      \"maxStalenessPrefix\": 100\r\n    },\r\n    \"configurationOverrides\": {},\r\n    \"writeLocations\": [\r\n      {\r\n        \"id\": \"cassandra-db2745-eastus\",\r\n        \"locationName\": \"East US\",\r\n        \"documentEndpoint\": \"https://cassandra-db2745-eastus.documents.azure.com:443/\",\r\n        \"provisioningState\": \"Succeeded\",\r\n        \"failoverPriority\": 0,\r\n        \"isZoneRedundant\": false\r\n      }\r\n    ],\r\n    \"readLocations\": [\r\n      {\r\n        \"id\": \"cassandra-db2745-eastus\",\r\n        \"locationName\": \"East US\",\r\n        \"documentEndpoint\": \"https://cassandra-db2745-eastus.documents.azure.com:443/\",\r\n        \"provisioningState\": \"Succeeded\",\r\n        \"failoverPriority\": 0,\r\n        \"isZoneRedundant\": false\r\n      }\r\n    ],\r\n    \"locations\": [\r\n      {\r\n        \"id\": \"cassandra-db2745-eastus\",\r\n        \"locationName\": \"East US\",\r\n        \"documentEndpoint\": \"https://cassandra-db2745-eastus.documents.azure.com:443/\",\r\n        \"provisioningState\": \"Succeeded\",\r\n        \"failoverPriority\": 0,\r\n        \"isZoneRedundant\": false\r\n      }\r\n    ],\r\n    \"failoverPolicies\": [\r\n      {\r\n        \"id\": \"cassandra-db2745-eastus\",\r\n        \"locationName\": \"East US\",\r\n        \"failoverPriority\": 0\r\n      }\r\n    ],\r\n    \"cors\": [],\r\n    \"capabilities\": [\r\n      {\r\n        \"name\": \"EnableCassandra\"\r\n      }\r\n    ],\r\n    \"ipRules\": [],\r\n    \"backupPolicy\": {\r\n      \"type\": \"Periodic\",\r\n      \"periodicModeProperties\": {\r\n        \"backupIntervalInMinutes\": 240,\r\n        \"backupRetentionIntervalInHours\": 8,\r\n        \"backupStorageRedundancy\": \"Geo\"\r\n      }\r\n    },\r\n    \"networkAclBypassResourceIds\": [],\r\n    \"diagnosticLogSettings\": {\r\n      \"enableFullTextQuery\": \"None\"\r\n    },\r\n    \"keysMetadata\": {\r\n      \"primaryMasterKey\": {\r\n        \"generationTime\": \"2022-11-21T02:27:46.493927Z\"\r\n      },\r\n      \"secondaryMasterKey\": {\r\n        \"generationTime\": \"2022-11-21T02:27:46.493927Z\"\r\n      },\r\n      \"primaryReadonlyMasterKey\": {\r\n        \"generationTime\": \"2022-11-21T02:27:46.493927Z\"\r\n      },\r\n      \"secondaryReadonlyMasterKey\": {\r\n        \"generationTime\": \"2022-11-21T02:27:46.493927Z\"\r\n      }\r\n    }\r\n  },\r\n  \"identity\": {\r\n    \"type\": \"None\"\r\n  }\r\n}",
      "StatusCode": 200
    },
    {
      "RequestUri": "/subscriptions/12053b8f-cab5-4f5c-9c1a-870580142abd/resourceGroups/CosmosDBResourceGroup45/providers/Microsoft.DocumentDB/databaseAccounts/cassandra-db2745?api-version=2022-08-15-preview",
      "EncodedRequestUri": "L3N1YnNjcmlwdGlvbnMvMTIwNTNiOGYtY2FiNS00ZjVjLTljMWEtODcwNTgwMTQyYWJkL3Jlc291cmNlR3JvdXBzL0Nvc21vc0RCUmVzb3VyY2VHcm91cDQ1L3Byb3ZpZGVycy9NaWNyb3NvZnQuRG9jdW1lbnREQi9kYXRhYmFzZUFjY291bnRzL2Nhc3NhbmRyYS1kYjI3NDU/YXBpLXZlcnNpb249MjAyMi0wOC0xNS1wcmV2aWV3",
      "RequestMethod": "PUT",
      "RequestHeaders": {
        "x-ms-client-request-id": [
          "dafdf2d0-2c4f-4338-a91b-15e1410375f9"
        ],
        "Accept-Language": [
          "en-US"
        ],
        "User-Agent": [
          "FxVersion/4.700.22.51102",
          "OSName/Windows",
          "OSVersion/Microsoft.Windows.10.0.19045",
          "Microsoft.Azure.Management.CosmosDB.CosmosDBManagementClient/1.8.2"
        ],
        "Content-Type": [
          "application/json; charset=utf-8"
        ],
        "Content-Length": [
          "675"
        ]
      },
      "RequestBody": "{\r\n  \"properties\": {\r\n    \"consistencyPolicy\": {\r\n      \"defaultConsistencyLevel\": \"Session\"\r\n    },\r\n    \"locations\": [\r\n      {\r\n        \"locationName\": \"East Us\",\r\n        \"failoverPriority\": 0,\r\n        \"isZoneRedundant\": false\r\n      }\r\n    ],\r\n    \"isVirtualNetworkFilterEnabled\": false,\r\n    \"enableAutomaticFailover\": false,\r\n    \"capabilities\": [\r\n      {\r\n        \"name\": \"EnableCassandra\"\r\n      }\r\n    ],\r\n    \"virtualNetworkRules\": [],\r\n    \"enableMultipleWriteLocations\": false,\r\n    \"disableKeyBasedMetadataWriteAccess\": false,\r\n    \"networkAclBypassResourceIds\": [],\r\n    \"databaseAccountOfferType\": \"Standard\"\r\n  },\r\n  \"location\": \"East Us\",\r\n  \"tags\": {}\r\n}",
      "ResponseHeaders": {
        "Cache-Control": [
          "no-store, no-cache"
        ],
        "Pragma": [
          "no-cache"
        ],
        "Location": [
          "https://management.azure.com/subscriptions/12053b8f-cab5-4f5c-9c1a-870580142abd/resourceGroups/CosmosDBResourceGroup45/providers/Microsoft.DocumentDB/databaseAccounts/cassandra-db2745/operationResults/871b5f0b-d70e-4f2b-bcd7-09b47c381a99?api-version=2022-08-15-preview"
        ],
        "x-ms-request-id": [
          "871b5f0b-d70e-4f2b-bcd7-09b47c381a99"
        ],
        "Azure-AsyncOperation": [
          "https://management.azure.com/subscriptions/12053b8f-cab5-4f5c-9c1a-870580142abd/providers/Microsoft.DocumentDB/locations/eastus/operationsStatus/871b5f0b-d70e-4f2b-bcd7-09b47c381a99?api-version=2022-08-15-preview"
        ],
        "Strict-Transport-Security": [
          "max-age=31536000; includeSubDomains"
        ],
        "x-ms-gatewayversion": [
          "version=2.14.0"
        ],
        "Server": [
          "Microsoft-HTTPAPI/2.0"
        ],
        "x-ms-ratelimit-remaining-subscription-writes": [
          "1199"
        ],
        "x-ms-correlation-request-id": [
          "ab8f1a87-f8d8-468d-b56e-4f355ce4ea59"
        ],
        "x-ms-routing-request-id": [
          "WESTUS:20221121T022459Z:ab8f1a87-f8d8-468d-b56e-4f355ce4ea59"
        ],
        "X-Content-Type-Options": [
          "nosniff"
        ],
        "Date": [
          "Mon, 21 Nov 2022 02:24:58 GMT"
        ],
        "Content-Length": [
          "2439"
        ],
        "Content-Type": [
          "application/json"
        ]
      },
      "ResponseBody": "{\r\n  \"id\": \"/subscriptions/12053b8f-cab5-4f5c-9c1a-870580142abd/resourceGroups/CosmosDBResourceGroup45/providers/Microsoft.DocumentDB/databaseAccounts/cassandra-db2745\",\r\n  \"name\": \"cassandra-db2745\",\r\n  \"location\": \"East US\",\r\n  \"type\": \"Microsoft.DocumentDB/databaseAccounts\",\r\n  \"kind\": \"GlobalDocumentDB\",\r\n  \"tags\": {},\r\n  \"systemData\": {\r\n    \"createdAt\": \"2022-11-21T02:24:57.1218852Z\"\r\n  },\r\n  \"properties\": {\r\n    \"provisioningState\": \"Creating\",\r\n    \"publicNetworkAccess\": \"Enabled\",\r\n    \"enableAutomaticFailover\": false,\r\n    \"enableMultipleWriteLocations\": false,\r\n    \"enablePartitionKeyMonitor\": false,\r\n    \"isVirtualNetworkFilterEnabled\": false,\r\n    \"virtualNetworkRules\": [],\r\n    \"enableClientTelemetry\": false,\r\n    \"EnabledApiTypes\": \"Cassandra\",\r\n    \"disableKeyBasedMetadataWriteAccess\": false,\r\n    \"enableFreeTier\": false,\r\n    \"enableAnalyticalStorage\": false,\r\n    \"analyticalStorageConfiguration\": {\r\n      \"schemaType\": \"WellDefined\"\r\n    },\r\n    \"instanceId\": \"4dfeacde-4573-4f9c-9bbd-ee6c4f6872f6\",\r\n    \"databaseAccountOfferType\": \"Standard\",\r\n    \"enableCassandraConnector\": false,\r\n    \"connectorOffer\": \"\",\r\n    \"enableMaterializedViews\": false,\r\n    \"defaultIdentity\": \"\",\r\n    \"networkAclBypass\": \"None\",\r\n    \"disableLocalAuth\": false,\r\n    \"enablePartitionMerge\": false,\r\n    \"consistencyPolicy\": {\r\n      \"defaultConsistencyLevel\": \"Session\",\r\n      \"maxIntervalInSeconds\": 5,\r\n      \"maxStalenessPrefix\": 100\r\n    },\r\n    \"configurationOverrides\": {},\r\n    \"writeLocations\": [\r\n      {\r\n        \"id\": \"cassandra-db2745-eastus\",\r\n        \"locationName\": \"East US\",\r\n        \"provisioningState\": \"Creating\",\r\n        \"failoverPriority\": 0,\r\n        \"isZoneRedundant\": false\r\n      }\r\n    ],\r\n    \"readLocations\": [\r\n      {\r\n        \"id\": \"cassandra-db2745-eastus\",\r\n        \"locationName\": \"East US\",\r\n        \"provisioningState\": \"Creating\",\r\n        \"failoverPriority\": 0,\r\n        \"isZoneRedundant\": false\r\n      }\r\n    ],\r\n    \"locations\": [\r\n      {\r\n        \"id\": \"cassandra-db2745-eastus\",\r\n        \"locationName\": \"East US\",\r\n        \"provisioningState\": \"Creating\",\r\n        \"failoverPriority\": 0,\r\n        \"isZoneRedundant\": false\r\n      }\r\n    ],\r\n    \"failoverPolicies\": [\r\n      {\r\n        \"id\": \"cassandra-db2745-eastus\",\r\n        \"locationName\": \"East US\",\r\n        \"failoverPriority\": 0\r\n      }\r\n    ],\r\n    \"cors\": [],\r\n    \"capabilities\": [\r\n      {\r\n        \"name\": \"EnableCassandra\"\r\n      }\r\n    ],\r\n    \"ipRules\": [],\r\n    \"backupPolicy\": {\r\n      \"type\": \"Periodic\",\r\n      \"periodicModeProperties\": {\r\n        \"backupIntervalInMinutes\": 240,\r\n        \"backupRetentionIntervalInHours\": 8,\r\n        \"backupStorageRedundancy\": \"Invalid\"\r\n      }\r\n    },\r\n    \"networkAclBypassResourceIds\": [],\r\n    \"diagnosticLogSettings\": {\r\n      \"enableFullTextQuery\": \"None\"\r\n    },\r\n    \"keysMetadata\": {\r\n      \"primaryMasterKey\": {\r\n        \"generationTime\": \"2022-11-21T02:24:57.1218852Z\"\r\n      },\r\n      \"secondaryMasterKey\": {\r\n        \"generationTime\": \"2022-11-21T02:24:57.1218852Z\"\r\n      },\r\n      \"primaryReadonlyMasterKey\": {\r\n        \"generationTime\": \"2022-11-21T02:24:57.1218852Z\"\r\n      },\r\n      \"secondaryReadonlyMasterKey\": {\r\n        \"generationTime\": \"2022-11-21T02:24:57.1218852Z\"\r\n      }\r\n    }\r\n  },\r\n  \"identity\": {\r\n    \"type\": \"None\"\r\n  }\r\n}",
      "StatusCode": 200
    },
    {
      "RequestUri": "/subscriptions/12053b8f-cab5-4f5c-9c1a-870580142abd/providers/Microsoft.DocumentDB/locations/eastus/operationsStatus/871b5f0b-d70e-4f2b-bcd7-09b47c381a99?api-version=2022-08-15-preview",
      "EncodedRequestUri": "L3N1YnNjcmlwdGlvbnMvMTIwNTNiOGYtY2FiNS00ZjVjLTljMWEtODcwNTgwMTQyYWJkL3Byb3ZpZGVycy9NaWNyb3NvZnQuRG9jdW1lbnREQi9sb2NhdGlvbnMvZWFzdHVzL29wZXJhdGlvbnNTdGF0dXMvODcxYjVmMGItZDcwZS00ZjJiLWJjZDctMDliNDdjMzgxYTk5P2FwaS12ZXJzaW9uPTIwMjItMDgtMTUtcHJldmlldw==",
      "RequestMethod": "GET",
      "RequestHeaders": {
        "x-ms-client-request-id": [
          "dafdf2d0-2c4f-4338-a91b-15e1410375f9"
        ],
        "User-Agent": [
          "FxVersion/4.700.22.51102",
          "OSName/Windows",
          "OSVersion/Microsoft.Windows.10.0.19045",
          "Microsoft.Azure.Management.CosmosDB.CosmosDBManagementClient/1.8.2"
        ]
      },
      "RequestBody": "",
      "ResponseHeaders": {
        "Cache-Control": [
          "no-store, no-cache"
        ],
        "Pragma": [
          "no-cache"
        ],
        "Strict-Transport-Security": [
          "max-age=31536000; includeSubDomains"
        ],
        "x-ms-gatewayversion": [
          "version=2.14.0"
        ],
        "Server": [
          "Microsoft-HTTPAPI/2.0"
        ],
        "x-ms-ratelimit-remaining-subscription-reads": [
          "11998"
        ],
        "x-ms-request-id": [
          "c78e07c9-ef9d-4306-9100-883445a3b6fa"
        ],
        "x-ms-correlation-request-id": [
          "c78e07c9-ef9d-4306-9100-883445a3b6fa"
        ],
        "x-ms-routing-request-id": [
          "WESTUS:20221121T022529Z:c78e07c9-ef9d-4306-9100-883445a3b6fa"
        ],
        "X-Content-Type-Options": [
          "nosniff"
        ],
        "Date": [
          "Mon, 21 Nov 2022 02:25:28 GMT"
        ],
        "Content-Length": [
          "21"
        ],
        "Content-Type": [
          "application/json"
        ]
      },
      "ResponseBody": "{\r\n  \"status\": \"Dequeued\"\r\n}",
      "StatusCode": 200
    },
    {
      "RequestUri": "/subscriptions/12053b8f-cab5-4f5c-9c1a-870580142abd/providers/Microsoft.DocumentDB/locations/eastus/operationsStatus/871b5f0b-d70e-4f2b-bcd7-09b47c381a99?api-version=2022-08-15-preview",
      "EncodedRequestUri": "L3N1YnNjcmlwdGlvbnMvMTIwNTNiOGYtY2FiNS00ZjVjLTljMWEtODcwNTgwMTQyYWJkL3Byb3ZpZGVycy9NaWNyb3NvZnQuRG9jdW1lbnREQi9sb2NhdGlvbnMvZWFzdHVzL29wZXJhdGlvbnNTdGF0dXMvODcxYjVmMGItZDcwZS00ZjJiLWJjZDctMDliNDdjMzgxYTk5P2FwaS12ZXJzaW9uPTIwMjItMDgtMTUtcHJldmlldw==",
      "RequestMethod": "GET",
      "RequestHeaders": {
        "x-ms-client-request-id": [
          "dafdf2d0-2c4f-4338-a91b-15e1410375f9"
        ],
        "User-Agent": [
          "FxVersion/4.700.22.51102",
          "OSName/Windows",
          "OSVersion/Microsoft.Windows.10.0.19045",
          "Microsoft.Azure.Management.CosmosDB.CosmosDBManagementClient/1.8.2"
        ]
      },
      "RequestBody": "",
      "ResponseHeaders": {
        "Cache-Control": [
          "no-store, no-cache"
        ],
        "Pragma": [
          "no-cache"
        ],
        "Strict-Transport-Security": [
          "max-age=31536000; includeSubDomains"
        ],
        "x-ms-gatewayversion": [
          "version=2.14.0"
        ],
        "Server": [
          "Microsoft-HTTPAPI/2.0"
        ],
        "x-ms-ratelimit-remaining-subscription-reads": [
          "11997"
        ],
        "x-ms-request-id": [
          "ab1eb9fe-2f80-4105-9b3a-3675e4d597e7"
        ],
        "x-ms-correlation-request-id": [
          "ab1eb9fe-2f80-4105-9b3a-3675e4d597e7"
        ],
        "x-ms-routing-request-id": [
          "WESTUS:20221121T022559Z:ab1eb9fe-2f80-4105-9b3a-3675e4d597e7"
        ],
        "X-Content-Type-Options": [
          "nosniff"
        ],
        "Date": [
          "Mon, 21 Nov 2022 02:25:59 GMT"
        ],
        "Content-Length": [
          "21"
        ],
        "Content-Type": [
          "application/json"
        ]
      },
      "ResponseBody": "{\r\n  \"status\": \"Dequeued\"\r\n}",
      "StatusCode": 200
    },
    {
      "RequestUri": "/subscriptions/12053b8f-cab5-4f5c-9c1a-870580142abd/providers/Microsoft.DocumentDB/locations/eastus/operationsStatus/871b5f0b-d70e-4f2b-bcd7-09b47c381a99?api-version=2022-08-15-preview",
      "EncodedRequestUri": "L3N1YnNjcmlwdGlvbnMvMTIwNTNiOGYtY2FiNS00ZjVjLTljMWEtODcwNTgwMTQyYWJkL3Byb3ZpZGVycy9NaWNyb3NvZnQuRG9jdW1lbnREQi9sb2NhdGlvbnMvZWFzdHVzL29wZXJhdGlvbnNTdGF0dXMvODcxYjVmMGItZDcwZS00ZjJiLWJjZDctMDliNDdjMzgxYTk5P2FwaS12ZXJzaW9uPTIwMjItMDgtMTUtcHJldmlldw==",
      "RequestMethod": "GET",
      "RequestHeaders": {
        "x-ms-client-request-id": [
          "dafdf2d0-2c4f-4338-a91b-15e1410375f9"
        ],
        "User-Agent": [
          "FxVersion/4.700.22.51102",
          "OSName/Windows",
          "OSVersion/Microsoft.Windows.10.0.19045",
          "Microsoft.Azure.Management.CosmosDB.CosmosDBManagementClient/1.8.2"
        ]
      },
      "RequestBody": "",
      "ResponseHeaders": {
        "Cache-Control": [
          "no-store, no-cache"
        ],
        "Pragma": [
          "no-cache"
        ],
        "Strict-Transport-Security": [
          "max-age=31536000; includeSubDomains"
        ],
        "x-ms-gatewayversion": [
          "version=2.14.0"
        ],
        "Server": [
          "Microsoft-HTTPAPI/2.0"
        ],
        "x-ms-ratelimit-remaining-subscription-reads": [
          "11996"
        ],
        "x-ms-request-id": [
          "4db0b60c-4777-4b74-a17f-8bbc88f98c94"
        ],
        "x-ms-correlation-request-id": [
          "4db0b60c-4777-4b74-a17f-8bbc88f98c94"
        ],
        "x-ms-routing-request-id": [
          "WESTUS:20221121T022629Z:4db0b60c-4777-4b74-a17f-8bbc88f98c94"
        ],
        "X-Content-Type-Options": [
          "nosniff"
        ],
        "Date": [
          "Mon, 21 Nov 2022 02:26:29 GMT"
        ],
        "Content-Length": [
          "21"
        ],
        "Content-Type": [
          "application/json"
        ]
      },
      "ResponseBody": "{\r\n  \"status\": \"Dequeued\"\r\n}",
      "StatusCode": 200
    },
    {
      "RequestUri": "/subscriptions/12053b8f-cab5-4f5c-9c1a-870580142abd/providers/Microsoft.DocumentDB/locations/eastus/operationsStatus/871b5f0b-d70e-4f2b-bcd7-09b47c381a99?api-version=2022-08-15-preview",
      "EncodedRequestUri": "L3N1YnNjcmlwdGlvbnMvMTIwNTNiOGYtY2FiNS00ZjVjLTljMWEtODcwNTgwMTQyYWJkL3Byb3ZpZGVycy9NaWNyb3NvZnQuRG9jdW1lbnREQi9sb2NhdGlvbnMvZWFzdHVzL29wZXJhdGlvbnNTdGF0dXMvODcxYjVmMGItZDcwZS00ZjJiLWJjZDctMDliNDdjMzgxYTk5P2FwaS12ZXJzaW9uPTIwMjItMDgtMTUtcHJldmlldw==",
      "RequestMethod": "GET",
      "RequestHeaders": {
        "x-ms-client-request-id": [
          "dafdf2d0-2c4f-4338-a91b-15e1410375f9"
        ],
        "User-Agent": [
          "FxVersion/4.700.22.51102",
          "OSName/Windows",
          "OSVersion/Microsoft.Windows.10.0.19045",
          "Microsoft.Azure.Management.CosmosDB.CosmosDBManagementClient/1.8.2"
        ]
      },
      "RequestBody": "",
      "ResponseHeaders": {
        "Cache-Control": [
          "no-store, no-cache"
        ],
        "Pragma": [
          "no-cache"
        ],
        "Strict-Transport-Security": [
          "max-age=31536000; includeSubDomains"
        ],
        "x-ms-gatewayversion": [
          "version=2.14.0"
        ],
        "Server": [
          "Microsoft-HTTPAPI/2.0"
        ],
        "x-ms-ratelimit-remaining-subscription-reads": [
          "11995"
        ],
        "x-ms-request-id": [
          "4bb5727a-324d-4742-8462-5585f9a1b64c"
        ],
        "x-ms-correlation-request-id": [
          "4bb5727a-324d-4742-8462-5585f9a1b64c"
        ],
        "x-ms-routing-request-id": [
          "WESTUS:20221121T022659Z:4bb5727a-324d-4742-8462-5585f9a1b64c"
        ],
        "X-Content-Type-Options": [
          "nosniff"
        ],
        "Date": [
          "Mon, 21 Nov 2022 02:26:59 GMT"
        ],
        "Content-Length": [
          "21"
        ],
        "Content-Type": [
          "application/json"
        ]
      },
      "ResponseBody": "{\r\n  \"status\": \"Dequeued\"\r\n}",
      "StatusCode": 200
    },
    {
      "RequestUri": "/subscriptions/12053b8f-cab5-4f5c-9c1a-870580142abd/providers/Microsoft.DocumentDB/locations/eastus/operationsStatus/871b5f0b-d70e-4f2b-bcd7-09b47c381a99?api-version=2022-08-15-preview",
      "EncodedRequestUri": "L3N1YnNjcmlwdGlvbnMvMTIwNTNiOGYtY2FiNS00ZjVjLTljMWEtODcwNTgwMTQyYWJkL3Byb3ZpZGVycy9NaWNyb3NvZnQuRG9jdW1lbnREQi9sb2NhdGlvbnMvZWFzdHVzL29wZXJhdGlvbnNTdGF0dXMvODcxYjVmMGItZDcwZS00ZjJiLWJjZDctMDliNDdjMzgxYTk5P2FwaS12ZXJzaW9uPTIwMjItMDgtMTUtcHJldmlldw==",
      "RequestMethod": "GET",
      "RequestHeaders": {
        "x-ms-client-request-id": [
          "dafdf2d0-2c4f-4338-a91b-15e1410375f9"
        ],
        "User-Agent": [
          "FxVersion/4.700.22.51102",
          "OSName/Windows",
          "OSVersion/Microsoft.Windows.10.0.19045",
          "Microsoft.Azure.Management.CosmosDB.CosmosDBManagementClient/1.8.2"
        ]
      },
      "RequestBody": "",
      "ResponseHeaders": {
        "Cache-Control": [
          "no-store, no-cache"
        ],
        "Pragma": [
          "no-cache"
        ],
        "Strict-Transport-Security": [
          "max-age=31536000; includeSubDomains"
        ],
        "x-ms-gatewayversion": [
          "version=2.14.0"
        ],
        "Server": [
          "Microsoft-HTTPAPI/2.0"
        ],
        "x-ms-ratelimit-remaining-subscription-reads": [
          "11994"
        ],
        "x-ms-request-id": [
          "490fd148-d15e-4d5e-af02-b9102e88eb4f"
        ],
        "x-ms-correlation-request-id": [
          "490fd148-d15e-4d5e-af02-b9102e88eb4f"
        ],
        "x-ms-routing-request-id": [
          "WESTUS:20221121T022730Z:490fd148-d15e-4d5e-af02-b9102e88eb4f"
        ],
        "X-Content-Type-Options": [
          "nosniff"
        ],
        "Date": [
          "Mon, 21 Nov 2022 02:27:29 GMT"
        ],
        "Content-Length": [
          "21"
        ],
        "Content-Type": [
          "application/json"
        ]
      },
      "ResponseBody": "{\r\n  \"status\": \"Dequeued\"\r\n}",
      "StatusCode": 200
    },
    {
      "RequestUri": "/subscriptions/12053b8f-cab5-4f5c-9c1a-870580142abd/providers/Microsoft.DocumentDB/locations/eastus/operationsStatus/871b5f0b-d70e-4f2b-bcd7-09b47c381a99?api-version=2022-08-15-preview",
      "EncodedRequestUri": "L3N1YnNjcmlwdGlvbnMvMTIwNTNiOGYtY2FiNS00ZjVjLTljMWEtODcwNTgwMTQyYWJkL3Byb3ZpZGVycy9NaWNyb3NvZnQuRG9jdW1lbnREQi9sb2NhdGlvbnMvZWFzdHVzL29wZXJhdGlvbnNTdGF0dXMvODcxYjVmMGItZDcwZS00ZjJiLWJjZDctMDliNDdjMzgxYTk5P2FwaS12ZXJzaW9uPTIwMjItMDgtMTUtcHJldmlldw==",
      "RequestMethod": "GET",
      "RequestHeaders": {
        "x-ms-client-request-id": [
          "dafdf2d0-2c4f-4338-a91b-15e1410375f9"
        ],
        "User-Agent": [
          "FxVersion/4.700.22.51102",
          "OSName/Windows",
          "OSVersion/Microsoft.Windows.10.0.19045",
          "Microsoft.Azure.Management.CosmosDB.CosmosDBManagementClient/1.8.2"
        ]
      },
      "RequestBody": "",
      "ResponseHeaders": {
        "Cache-Control": [
          "no-store, no-cache"
        ],
        "Pragma": [
          "no-cache"
        ],
        "Strict-Transport-Security": [
          "max-age=31536000; includeSubDomains"
        ],
        "x-ms-gatewayversion": [
          "version=2.14.0"
        ],
        "Server": [
          "Microsoft-HTTPAPI/2.0"
        ],
        "x-ms-ratelimit-remaining-subscription-reads": [
          "11993"
        ],
        "x-ms-request-id": [
          "5855f766-41d7-49e8-9123-88b9b10f92a9"
        ],
        "x-ms-correlation-request-id": [
          "5855f766-41d7-49e8-9123-88b9b10f92a9"
        ],
        "x-ms-routing-request-id": [
          "WESTUS:20221121T022800Z:5855f766-41d7-49e8-9123-88b9b10f92a9"
        ],
        "X-Content-Type-Options": [
          "nosniff"
        ],
        "Date": [
          "Mon, 21 Nov 2022 02:28:00 GMT"
        ],
        "Content-Length": [
          "21"
        ],
        "Content-Type": [
          "application/json"
        ]
      },
      "ResponseBody": "{\r\n  \"status\": \"Dequeued\"\r\n}",
      "StatusCode": 200
    },
    {
      "RequestUri": "/subscriptions/12053b8f-cab5-4f5c-9c1a-870580142abd/providers/Microsoft.DocumentDB/locations/eastus/operationsStatus/871b5f0b-d70e-4f2b-bcd7-09b47c381a99?api-version=2022-08-15-preview",
      "EncodedRequestUri": "L3N1YnNjcmlwdGlvbnMvMTIwNTNiOGYtY2FiNS00ZjVjLTljMWEtODcwNTgwMTQyYWJkL3Byb3ZpZGVycy9NaWNyb3NvZnQuRG9jdW1lbnREQi9sb2NhdGlvbnMvZWFzdHVzL29wZXJhdGlvbnNTdGF0dXMvODcxYjVmMGItZDcwZS00ZjJiLWJjZDctMDliNDdjMzgxYTk5P2FwaS12ZXJzaW9uPTIwMjItMDgtMTUtcHJldmlldw==",
      "RequestMethod": "GET",
      "RequestHeaders": {
        "x-ms-client-request-id": [
          "dafdf2d0-2c4f-4338-a91b-15e1410375f9"
        ],
        "User-Agent": [
          "FxVersion/4.700.22.51102",
          "OSName/Windows",
          "OSVersion/Microsoft.Windows.10.0.19045",
          "Microsoft.Azure.Management.CosmosDB.CosmosDBManagementClient/1.8.2"
        ]
      },
      "RequestBody": "",
      "ResponseHeaders": {
        "Cache-Control": [
          "no-store, no-cache"
        ],
        "Pragma": [
          "no-cache"
        ],
        "Strict-Transport-Security": [
          "max-age=31536000; includeSubDomains"
        ],
        "x-ms-gatewayversion": [
          "version=2.14.0"
        ],
        "Server": [
          "Microsoft-HTTPAPI/2.0"
        ],
        "x-ms-ratelimit-remaining-subscription-reads": [
          "11992"
        ],
        "x-ms-request-id": [
          "15cee76b-0e4c-465a-8469-4e17ae7504e7"
        ],
        "x-ms-correlation-request-id": [
          "15cee76b-0e4c-465a-8469-4e17ae7504e7"
        ],
        "x-ms-routing-request-id": [
          "WESTUS:20221121T022830Z:15cee76b-0e4c-465a-8469-4e17ae7504e7"
        ],
        "X-Content-Type-Options": [
          "nosniff"
        ],
        "Date": [
          "Mon, 21 Nov 2022 02:28:29 GMT"
        ],
        "Content-Length": [
          "22"
        ],
        "Content-Type": [
          "application/json"
        ]
      },
      "ResponseBody": "{\r\n  \"status\": \"Succeeded\"\r\n}",
      "StatusCode": 200
    },
    {
      "RequestUri": "/subscriptions/12053b8f-cab5-4f5c-9c1a-870580142abd/resourceGroups/CosmosDBResourceGroup45/providers/Microsoft.DocumentDB/databaseAccounts/cassandra-db2745/cassandraKeyspaces/db2?api-version=2022-08-15-preview",
      "EncodedRequestUri": "L3N1YnNjcmlwdGlvbnMvMTIwNTNiOGYtY2FiNS00ZjVjLTljMWEtODcwNTgwMTQyYWJkL3Jlc291cmNlR3JvdXBzL0Nvc21vc0RCUmVzb3VyY2VHcm91cDQ1L3Byb3ZpZGVycy9NaWNyb3NvZnQuRG9jdW1lbnREQi9kYXRhYmFzZUFjY291bnRzL2Nhc3NhbmRyYS1kYjI3NDUvY2Fzc2FuZHJhS2V5c3BhY2VzL2RiMj9hcGktdmVyc2lvbj0yMDIyLTA4LTE1LXByZXZpZXc=",
      "RequestMethod": "GET",
      "RequestHeaders": {
        "x-ms-client-request-id": [
          "d2370ed1-f35b-41cf-9d23-ac5be0d5b8f2"
        ],
        "Accept-Language": [
          "en-US"
        ],
        "User-Agent": [
          "FxVersion/4.700.22.51102",
          "OSName/Windows",
          "OSVersion/Microsoft.Windows.10.0.19045",
          "Microsoft.Azure.Management.CosmosDB.CosmosDBManagementClient/1.8.2"
        ]
      },
      "RequestBody": "",
      "ResponseHeaders": {
        "Cache-Control": [
          "no-store, no-cache"
        ],
        "Pragma": [
          "no-cache"
        ],
        "Strict-Transport-Security": [
          "max-age=31536000; includeSubDomains"
        ],
        "x-ms-gatewayversion": [
          "version=2.14.0"
        ],
        "Server": [
          "Microsoft-HTTPAPI/2.0"
        ],
        "x-ms-ratelimit-remaining-subscription-reads": [
          "11999"
        ],
        "x-ms-request-id": [
          "f68a6100-8b54-442b-afab-3194cf2a82d3"
        ],
        "x-ms-correlation-request-id": [
          "f68a6100-8b54-442b-afab-3194cf2a82d3"
        ],
        "x-ms-routing-request-id": [
          "WESTCENTRALUS:20221121T022831Z:f68a6100-8b54-442b-afab-3194cf2a82d3"
        ],
        "X-Content-Type-Options": [
          "nosniff"
        ],
        "Date": [
          "Mon, 21 Nov 2022 02:28:31 GMT"
        ],
        "Content-Length": [
          "6514"
        ],
        "Content-Type": [
          "application/json"
        ]
      },
      "ResponseBody": "{\r\n  \"code\": \"NotFound\",\r\n  \"message\": \"Message: {\\\"code\\\":\\\"NotFound\\\",\\\"message\\\":\\\"Message: {\\\\\\\"Errors\\\\\\\":[\\\\\\\"Resource Not Found. Learn more: https:\\\\\\\\/\\\\\\\\/aka.ms\\\\\\\\/cosmosdb-tsg-not-found\\\\\\\"]}\\\\r\\\\nActivityId: d2370ed1-f35b-41cf-9d23-ac5be0d5b8f2, Request URI: /apps/92c274f8-a63c-43c2-b1ec-5218e6f903a5/services/7ceed098-99fc-4e4e-925c-211d8e570609/partitions/8f127a1d-b456-4975-8f5f-e33b5cc84a85/replicas/133134156194256387s, RequestStats: \\\\r\\\\nRequestStartTime: 2022-11-21T02:28:31.7706772Z, RequestEndTime: 2022-11-21T02:28:31.7706772Z,  Number of regions attempted:1\\\\r\\\\n{\\\\\\\"systemHistory\\\\\\\":[{\\\\\\\"dateUtc\\\\\\\":\\\\\\\"2022-11-21T02:27:35.5701042Z\\\\\\\",\\\\\\\"cpu\\\\\\\":0.577,\\\\\\\"memory\\\\\\\":476208584.000,\\\\\\\"threadInfo\\\\\\\":{\\\\\\\"isThreadStarving\\\\\\\":\\\\\\\"False\\\\\\\",\\\\\\\"threadWaitIntervalInMs\\\\\\\":0.0137,\\\\\\\"availableThreads\\\\\\\":32763,\\\\\\\"minThreads\\\\\\\":52,\\\\\\\"maxThreads\\\\\\\":32767},\\\\\\\"numberOfOpenTcpConnection\\\\\\\":177},{\\\\\\\"dateUtc\\\\\\\":\\\\\\\"2022-11-21T02:27:45.5801616Z\\\\\\\",\\\\\\\"cpu\\\\\\\":0.699,\\\\\\\"memory\\\\\\\":476038464.000,\\\\\\\"threadInfo\\\\\\\":{\\\\\\\"isThreadStarving\\\\\\\":\\\\\\\"False\\\\\\\",\\\\\\\"threadWaitIntervalInMs\\\\\\\":0.0141,\\\\\\\"availableThreads\\\\\\\":32762,\\\\\\\"minThreads\\\\\\\":52,\\\\\\\"maxThreads\\\\\\\":32767},\\\\\\\"numberOfOpenTcpConnection\\\\\\\":177},{\\\\\\\"dateUtc\\\\\\\":\\\\\\\"2022-11-21T02:27:55.5903357Z\\\\\\\",\\\\\\\"cpu\\\\\\\":0.399,\\\\\\\"memory\\\\\\\":476028644.000,\\\\\\\"threadInfo\\\\\\\":{\\\\\\\"isThreadStarving\\\\\\\":\\\\\\\"False\\\\\\\",\\\\\\\"threadWaitIntervalInMs\\\\\\\":0.0151,\\\\\\\"availableThreads\\\\\\\":32764,\\\\\\\"minThreads\\\\\\\":52,\\\\\\\"maxThreads\\\\\\\":32767},\\\\\\\"numberOfOpenTcpConnection\\\\\\\":176},{\\\\\\\"dateUtc\\\\\\\":\\\\\\\"2022-11-21T02:28:05.6003711Z\\\\\\\",\\\\\\\"cpu\\\\\\\":0.759,\\\\\\\"memory\\\\\\\":475972624.000,\\\\\\\"threadInfo\\\\\\\":{\\\\\\\"isThreadStarving\\\\\\\":\\\\\\\"False\\\\\\\",\\\\\\\"threadWaitIntervalInMs\\\\\\\":0.0129,\\\\\\\"availableThreads\\\\\\\":32763,\\\\\\\"minThreads\\\\\\\":52,\\\\\\\"maxThreads\\\\\\\":32767},\\\\\\\"numberOfOpenTcpConnection\\\\\\\":176},{\\\\\\\"dateUtc\\\\\\\":\\\\\\\"2022-11-21T02:28:15.6104661Z\\\\\\\",\\\\\\\"cpu\\\\\\\":0.901,\\\\\\\"memory\\\\\\\":475768448.000,\\\\\\\"threadInfo\\\\\\\":{\\\\\\\"isThreadStarving\\\\\\\":\\\\\\\"False\\\\\\\",\\\\\\\"threadWaitIntervalInMs\\\\\\\":0.0161,\\\\\\\"availableThreads\\\\\\\":32764,\\\\\\\"minThreads\\\\\\\":52,\\\\\\\"maxThreads\\\\\\\":32767},\\\\\\\"numberOfOpenTcpConnection\\\\\\\":176},{\\\\\\\"dateUtc\\\\\\\":\\\\\\\"2022-11-21T02:28:25.6205713Z\\\\\\\",\\\\\\\"cpu\\\\\\\":0.832,\\\\\\\"memory\\\\\\\":475737144.000,\\\\\\\"threadInfo\\\\\\\":{\\\\\\\"isThreadStarving\\\\\\\":\\\\\\\"False\\\\\\\",\\\\\\\"threadWaitIntervalInMs\\\\\\\":0.0106,\\\\\\\"availableThreads\\\\\\\":32763,\\\\\\\"minThreads\\\\\\\":52,\\\\\\\"maxThreads\\\\\\\":32767},\\\\\\\"numberOfOpenTcpConnection\\\\\\\":177}]}\\\\r\\\\nRequestStart: 2022-11-21T02:28:31.7706772Z; ResponseTime: 2022-11-21T02:28:31.7706772Z; StoreResult: StorePhysicalAddress: rntbd://10.0.1.16:11300/apps/92c274f8-a63c-43c2-b1ec-5218e6f903a5/services/7ceed098-99fc-4e4e-925c-211d8e570609/partitions/8f127a1d-b456-4975-8f5f-e33b5cc84a85/replicas/133134156194256387s, LSN: 7, GlobalCommittedLsn: 7, PartitionKeyRangeId: , IsValid: True, StatusCode: 404, SubStatusCode: 0, RequestCharge: 1, ItemLSN: -1, SessionToken: -1#7, UsingLocalLSN: False, TransportException: null, BELatencyMs: 0.98, ActivityId: d2370ed1-f35b-41cf-9d23-ac5be0d5b8f2, RetryAfterInMs: , TransportRequestTimeline: {\\\\\\\"requestTimeline\\\\\\\":[{\\\\\\\"event\\\\\\\": \\\\\\\"Created\\\\\\\", \\\\\\\"startTimeUtc\\\\\\\": \\\\\\\"2022-11-21T02:28:31.7706772Z\\\\\\\", \\\\\\\"durationInMs\\\\\\\": 0.0168},{\\\\\\\"event\\\\\\\": \\\\\\\"ChannelAcquisitionStarted\\\\\\\", \\\\\\\"startTimeUtc\\\\\\\": \\\\\\\"2022-11-21T02:28:31.7706940Z\\\\\\\", \\\\\\\"durationInMs\\\\\\\": 0.0026},{\\\\\\\"event\\\\\\\": \\\\\\\"Pipelined\\\\\\\", \\\\\\\"startTimeUtc\\\\\\\": \\\\\\\"2022-11-21T02:28:31.7706966Z\\\\\\\", \\\\\\\"durationInMs\\\\\\\": 0.1828},{\\\\\\\"event\\\\\\\": \\\\\\\"Transit Time\\\\\\\", \\\\\\\"startTimeUtc\\\\\\\": \\\\\\\"2022-11-21T02:28:31.7708794Z\\\\\\\", \\\\\\\"durationInMs\\\\\\\": 1.4536},{\\\\\\\"event\\\\\\\": \\\\\\\"Received\\\\\\\", \\\\\\\"startTimeUtc\\\\\\\": \\\\\\\"2022-11-21T02:28:31.7723330Z\\\\\\\", \\\\\\\"durationInMs\\\\\\\": 0.0662},{\\\\\\\"event\\\\\\\": \\\\\\\"Completed\\\\\\\", \\\\\\\"startTimeUtc\\\\\\\": \\\\\\\"2022-11-21T02:28:31.7723992Z\\\\\\\", \\\\\\\"durationInMs\\\\\\\": 0}],\\\\\\\"serviceEndpointStats\\\\\\\":{\\\\\\\"inflightRequests\\\\\\\":1,\\\\\\\"openConnections\\\\\\\":1},\\\\\\\"connectionStats\\\\\\\":{\\\\\\\"waitforConnectionInit\\\\\\\":\\\\\\\"False\\\\\\\",\\\\\\\"callsPendingReceive\\\\\\\":0,\\\\\\\"lastSendAttempt\\\\\\\":\\\\\\\"2022-11-21T02:28:31.7207021Z\\\\\\\",\\\\\\\"lastSend\\\\\\\":\\\\\\\"2022-11-21T02:28:31.7207021Z\\\\\\\",\\\\\\\"lastReceive\\\\\\\":\\\\\\\"2022-11-21T02:28:31.7207021Z\\\\\\\"},\\\\\\\"requestSizeInBytes\\\\\\\":452,\\\\\\\"responseMetadataSizeInBytes\\\\\\\":134,\\\\\\\"responseBodySizeInBytes\\\\\\\":87};\\\\r\\\\n ResourceType: Database, OperationType: Read\\\\r\\\\nRequestStart: 2022-11-21T02:28:31.7706772Z; ResponseTime: 2022-11-21T02:28:31.7706772Z; StoreResult: StorePhysicalAddress: rntbd://10.0.1.15:11000/apps/92c274f8-a63c-43c2-b1ec-5218e6f903a5/services/7ceed098-99fc-4e4e-925c-211d8e570609/partitions/8f127a1d-b456-4975-8f5f-e33b5cc84a85/replicas/133134156194256388s, LSN: 7, GlobalCommittedLsn: 7, PartitionKeyRangeId: , IsValid: True, StatusCode: 404, SubStatusCode: 0, RequestCharge: 1, ItemLSN: -1, SessionToken: -1#7, UsingLocalLSN: False, TransportException: null, BELatencyMs: 0.95, ActivityId: d2370ed1-f35b-41cf-9d23-ac5be0d5b8f2, RetryAfterInMs: , TransportRequestTimeline: {\\\\\\\"requestTimeline\\\\\\\":[{\\\\\\\"event\\\\\\\": \\\\\\\"Created\\\\\\\", \\\\\\\"startTimeUtc\\\\\\\": \\\\\\\"2022-11-21T02:28:31.7706772Z\\\\\\\", \\\\\\\"durationInMs\\\\\\\": 0.0047},{\\\\\\\"event\\\\\\\": \\\\\\\"ChannelAcquisitionStarted\\\\\\\", \\\\\\\"startTimeUtc\\\\\\\": \\\\\\\"2022-11-21T02:28:31.7706819Z\\\\\\\", \\\\\\\"durationInMs\\\\\\\": 0.0015},{\\\\\\\"event\\\\\\\": \\\\\\\"Pipelined\\\\\\\", \\\\\\\"startTimeUtc\\\\\\\": \\\\\\\"2022-11-21T02:28:31.7706834Z\\\\\\\", \\\\\\\"durationInMs\\\\\\\": 0.1284},{\\\\\\\"event\\\\\\\": \\\\\\\"Transit Time\\\\\\\", \\\\\\\"startTimeUtc\\\\\\\": \\\\\\\"2022-11-21T02:28:31.7708118Z\\\\\\\", \\\\\\\"durationInMs\\\\\\\": 1.5543},{\\\\\\\"event\\\\\\\": \\\\\\\"Received\\\\\\\", \\\\\\\"startTimeUtc\\\\\\\": \\\\\\\"2022-11-21T02:28:31.7723661Z\\\\\\\", \\\\\\\"durationInMs\\\\\\\": 0.0576},{\\\\\\\"event\\\\\\\": \\\\\\\"Completed\\\\\\\", \\\\\\\"startTimeUtc\\\\\\\": \\\\\\\"2022-11-21T02:28:31.7724237Z\\\\\\\", \\\\\\\"durationInMs\\\\\\\": 0}],\\\\\\\"serviceEndpointStats\\\\\\\":{\\\\\\\"inflightRequests\\\\\\\":1,\\\\\\\"openConnections\\\\\\\":1},\\\\\\\"connectionStats\\\\\\\":{\\\\\\\"waitforConnectionInit\\\\\\\":\\\\\\\"False\\\\\\\",\\\\\\\"callsPendingReceive\\\\\\\":0,\\\\\\\"lastSendAttempt\\\\\\\":\\\\\\\"2022-11-21T02:28:31.6507024Z\\\\\\\",\\\\\\\"lastSend\\\\\\\":\\\\\\\"2022-11-21T02:28:31.6507024Z\\\\\\\",\\\\\\\"lastReceive\\\\\\\":\\\\\\\"2022-11-21T02:28:31.6507024Z\\\\\\\"},\\\\\\\"requestSizeInBytes\\\\\\\":452,\\\\\\\"responseMetadataSizeInBytes\\\\\\\":134,\\\\\\\"responseBodySizeInBytes\\\\\\\":87};\\\\r\\\\n ResourceType: Database, OperationType: Read\\\\r\\\\n, SDK: Microsoft.Azure.Documents.Common/2.14.0\\\"}, Request URI: /dbs/db2, RequestStats: , SDK: Microsoft.Azure.Documents.Common/2.14.0\"\r\n}",
      "StatusCode": 404
    },
    {
      "RequestUri": "/subscriptions/12053b8f-cab5-4f5c-9c1a-870580142abd/resourceGroups/CosmosDBResourceGroup45/providers/Microsoft.DocumentDB/databaseAccounts/cassandra-db2745/cassandraKeyspaces/db2?api-version=2022-08-15-preview",
      "EncodedRequestUri": "L3N1YnNjcmlwdGlvbnMvMTIwNTNiOGYtY2FiNS00ZjVjLTljMWEtODcwNTgwMTQyYWJkL3Jlc291cmNlR3JvdXBzL0Nvc21vc0RCUmVzb3VyY2VHcm91cDQ1L3Byb3ZpZGVycy9NaWNyb3NvZnQuRG9jdW1lbnREQi9kYXRhYmFzZUFjY291bnRzL2Nhc3NhbmRyYS1kYjI3NDUvY2Fzc2FuZHJhS2V5c3BhY2VzL2RiMj9hcGktdmVyc2lvbj0yMDIyLTA4LTE1LXByZXZpZXc=",
      "RequestMethod": "GET",
      "RequestHeaders": {
        "x-ms-client-request-id": [
          "d2370ed1-f35b-41cf-9d23-ac5be0d5b8f2"
        ],
        "User-Agent": [
          "FxVersion/4.700.22.51102",
          "OSName/Windows",
          "OSVersion/Microsoft.Windows.10.0.19045",
          "Microsoft.Azure.Management.CosmosDB.CosmosDBManagementClient/1.8.2"
        ]
      },
      "RequestBody": "",
      "ResponseHeaders": {
        "Cache-Control": [
          "no-store, no-cache"
        ],
        "Pragma": [
          "no-cache"
        ],
        "Strict-Transport-Security": [
          "max-age=31536000; includeSubDomains"
        ],
        "x-ms-gatewayversion": [
          "version=2.14.0"
        ],
        "Server": [
          "Microsoft-HTTPAPI/2.0"
        ],
        "x-ms-ratelimit-remaining-subscription-reads": [
          "11997"
        ],
        "x-ms-request-id": [
          "1b620838-c16f-42cd-bc76-cdb0b21a4010"
        ],
        "x-ms-correlation-request-id": [
          "1b620838-c16f-42cd-bc76-cdb0b21a4010"
        ],
        "x-ms-routing-request-id": [
          "WESTCENTRALUS:20221121T022903Z:1b620838-c16f-42cd-bc76-cdb0b21a4010"
        ],
        "X-Content-Type-Options": [
          "nosniff"
        ],
        "Date": [
          "Mon, 21 Nov 2022 02:29:02 GMT"
        ],
        "Content-Length": [
          "391"
        ],
        "Content-Type": [
          "application/json"
        ]
      },
      "ResponseBody": "{\r\n  \"id\": \"/subscriptions/12053b8f-cab5-4f5c-9c1a-870580142abd/resourceGroups/CosmosDBResourceGroup45/providers/Microsoft.DocumentDB/databaseAccounts/cassandra-db2745/cassandraKeyspaces/db2\",\r\n  \"type\": \"Microsoft.DocumentDB/databaseAccounts/cassandraKeyspaces\",\r\n  \"name\": \"db2\",\r\n  \"properties\": {\r\n    \"resource\": {\r\n      \"id\": \"db2\",\r\n      \"_rid\": \"rdkuAA==\",\r\n      \"_etag\": \"\\\"0000ec08-0000-0100-0000-637ae2580000\\\"\",\r\n      \"_ts\": 1668997720\r\n    }\r\n  }\r\n}",
      "StatusCode": 200
    },
    {
      "RequestUri": "/subscriptions/12053b8f-cab5-4f5c-9c1a-870580142abd/resourceGroups/CosmosDBResourceGroup45/providers/Microsoft.DocumentDB/databaseAccounts/cassandra-db2745/cassandraKeyspaces/db2?api-version=2022-08-15-preview",
      "EncodedRequestUri": "L3N1YnNjcmlwdGlvbnMvMTIwNTNiOGYtY2FiNS00ZjVjLTljMWEtODcwNTgwMTQyYWJkL3Jlc291cmNlR3JvdXBzL0Nvc21vc0RCUmVzb3VyY2VHcm91cDQ1L3Byb3ZpZGVycy9NaWNyb3NvZnQuRG9jdW1lbnREQi9kYXRhYmFzZUFjY291bnRzL2Nhc3NhbmRyYS1kYjI3NDUvY2Fzc2FuZHJhS2V5c3BhY2VzL2RiMj9hcGktdmVyc2lvbj0yMDIyLTA4LTE1LXByZXZpZXc=",
      "RequestMethod": "GET",
      "RequestHeaders": {
        "x-ms-client-request-id": [
          "a669d00a-b2b0-4140-ab71-4235d6e0d609"
        ],
        "Accept-Language": [
          "en-US"
        ],
        "User-Agent": [
          "FxVersion/4.700.22.51102",
          "OSName/Windows",
          "OSVersion/Microsoft.Windows.10.0.19045",
          "Microsoft.Azure.Management.CosmosDB.CosmosDBManagementClient/1.8.2"
        ]
      },
      "RequestBody": "",
      "ResponseHeaders": {
        "Cache-Control": [
          "no-store, no-cache"
        ],
        "Pragma": [
          "no-cache"
        ],
        "Strict-Transport-Security": [
          "max-age=31536000; includeSubDomains"
        ],
        "x-ms-gatewayversion": [
          "version=2.14.0"
        ],
        "Server": [
          "Microsoft-HTTPAPI/2.0"
        ],
        "x-ms-ratelimit-remaining-subscription-reads": [
          "11999"
        ],
        "x-ms-request-id": [
          "eca0f290-57cd-4c3b-a1c6-051019cc4b0b"
        ],
        "x-ms-correlation-request-id": [
          "eca0f290-57cd-4c3b-a1c6-051019cc4b0b"
        ],
        "x-ms-routing-request-id": [
          "WESTUS:20221121T022904Z:eca0f290-57cd-4c3b-a1c6-051019cc4b0b"
        ],
        "X-Content-Type-Options": [
          "nosniff"
        ],
        "Date": [
          "Mon, 21 Nov 2022 02:29:04 GMT"
        ],
        "Content-Length": [
          "391"
        ],
        "Content-Type": [
          "application/json"
        ]
      },
      "ResponseBody": "{\r\n  \"id\": \"/subscriptions/12053b8f-cab5-4f5c-9c1a-870580142abd/resourceGroups/CosmosDBResourceGroup45/providers/Microsoft.DocumentDB/databaseAccounts/cassandra-db2745/cassandraKeyspaces/db2\",\r\n  \"type\": \"Microsoft.DocumentDB/databaseAccounts/cassandraKeyspaces\",\r\n  \"name\": \"db2\",\r\n  \"properties\": {\r\n    \"resource\": {\r\n      \"id\": \"db2\",\r\n      \"_rid\": \"rdkuAA==\",\r\n      \"_etag\": \"\\\"0000ec08-0000-0100-0000-637ae2580000\\\"\",\r\n      \"_ts\": 1668997720\r\n    }\r\n  }\r\n}",
      "StatusCode": 200
    },
    {
      "RequestUri": "/subscriptions/12053b8f-cab5-4f5c-9c1a-870580142abd/resourceGroups/CosmosDBResourceGroup45/providers/Microsoft.DocumentDB/databaseAccounts/cassandra-db2745/cassandraKeyspaces/db2?api-version=2022-08-15-preview",
      "EncodedRequestUri": "L3N1YnNjcmlwdGlvbnMvMTIwNTNiOGYtY2FiNS00ZjVjLTljMWEtODcwNTgwMTQyYWJkL3Jlc291cmNlR3JvdXBzL0Nvc21vc0RCUmVzb3VyY2VHcm91cDQ1L3Byb3ZpZGVycy9NaWNyb3NvZnQuRG9jdW1lbnREQi9kYXRhYmFzZUFjY291bnRzL2Nhc3NhbmRyYS1kYjI3NDUvY2Fzc2FuZHJhS2V5c3BhY2VzL2RiMj9hcGktdmVyc2lvbj0yMDIyLTA4LTE1LXByZXZpZXc=",
      "RequestMethod": "GET",
      "RequestHeaders": {
        "x-ms-client-request-id": [
          "a669d00a-b2b0-4140-ab71-4235d6e0d609"
        ],
        "User-Agent": [
          "FxVersion/4.700.22.51102",
          "OSName/Windows",
          "OSVersion/Microsoft.Windows.10.0.19045",
          "Microsoft.Azure.Management.CosmosDB.CosmosDBManagementClient/1.8.2"
        ]
      },
      "RequestBody": "",
      "ResponseHeaders": {
        "Cache-Control": [
          "no-store, no-cache"
        ],
        "Pragma": [
          "no-cache"
        ],
        "Strict-Transport-Security": [
          "max-age=31536000; includeSubDomains"
        ],
        "x-ms-gatewayversion": [
          "version=2.14.0"
        ],
        "Server": [
          "Microsoft-HTTPAPI/2.0"
        ],
        "x-ms-ratelimit-remaining-subscription-reads": [
          "11997"
        ],
        "x-ms-request-id": [
          "518e87f7-ab5b-459d-b82d-b54ec867fab7"
        ],
        "x-ms-correlation-request-id": [
          "518e87f7-ab5b-459d-b82d-b54ec867fab7"
        ],
        "x-ms-routing-request-id": [
          "WESTUS:20221121T022935Z:518e87f7-ab5b-459d-b82d-b54ec867fab7"
        ],
        "X-Content-Type-Options": [
          "nosniff"
        ],
        "Date": [
          "Mon, 21 Nov 2022 02:29:35 GMT"
        ],
        "Content-Length": [
          "391"
        ],
        "Content-Type": [
          "application/json"
        ]
      },
      "ResponseBody": "{\r\n  \"id\": \"/subscriptions/12053b8f-cab5-4f5c-9c1a-870580142abd/resourceGroups/CosmosDBResourceGroup45/providers/Microsoft.DocumentDB/databaseAccounts/cassandra-db2745/cassandraKeyspaces/db2\",\r\n  \"type\": \"Microsoft.DocumentDB/databaseAccounts/cassandraKeyspaces\",\r\n  \"name\": \"db2\",\r\n  \"properties\": {\r\n    \"resource\": {\r\n      \"id\": \"db2\",\r\n      \"_rid\": \"rdkuAA==\",\r\n      \"_etag\": \"\\\"0000ec08-0000-0100-0000-637ae2580000\\\"\",\r\n      \"_ts\": 1668997720\r\n    }\r\n  }\r\n}",
      "StatusCode": 200
    },
    {
      "RequestUri": "/subscriptions/12053b8f-cab5-4f5c-9c1a-870580142abd/resourceGroups/CosmosDBResourceGroup45/providers/Microsoft.DocumentDB/databaseAccounts/cassandra-db2745/cassandraKeyspaces/db2?api-version=2022-08-15-preview",
      "EncodedRequestUri": "L3N1YnNjcmlwdGlvbnMvMTIwNTNiOGYtY2FiNS00ZjVjLTljMWEtODcwNTgwMTQyYWJkL3Jlc291cmNlR3JvdXBzL0Nvc21vc0RCUmVzb3VyY2VHcm91cDQ1L3Byb3ZpZGVycy9NaWNyb3NvZnQuRG9jdW1lbnREQi9kYXRhYmFzZUFjY291bnRzL2Nhc3NhbmRyYS1kYjI3NDUvY2Fzc2FuZHJhS2V5c3BhY2VzL2RiMj9hcGktdmVyc2lvbj0yMDIyLTA4LTE1LXByZXZpZXc=",
      "RequestMethod": "GET",
      "RequestHeaders": {
        "x-ms-client-request-id": [
          "ec3b96c1-1c50-48b1-8d6c-2128fd967ec0"
        ],
        "Accept-Language": [
          "en-US"
        ],
        "User-Agent": [
          "FxVersion/4.700.22.51102",
          "OSName/Windows",
          "OSVersion/Microsoft.Windows.10.0.19045",
          "Microsoft.Azure.Management.CosmosDB.CosmosDBManagementClient/1.8.2"
        ]
      },
      "RequestBody": "",
      "ResponseHeaders": {
        "Cache-Control": [
          "no-store, no-cache"
        ],
        "Pragma": [
          "no-cache"
        ],
        "Strict-Transport-Security": [
          "max-age=31536000; includeSubDomains"
        ],
        "x-ms-gatewayversion": [
          "version=2.14.0"
        ],
        "Server": [
          "Microsoft-HTTPAPI/2.0"
        ],
        "x-ms-ratelimit-remaining-subscription-reads": [
          "11999"
        ],
        "x-ms-request-id": [
          "bff9bff7-e4d1-40f4-a21a-4d33ea38bc5a"
        ],
        "x-ms-correlation-request-id": [
          "bff9bff7-e4d1-40f4-a21a-4d33ea38bc5a"
        ],
        "x-ms-routing-request-id": [
          "WESTUS:20221121T022936Z:bff9bff7-e4d1-40f4-a21a-4d33ea38bc5a"
        ],
        "X-Content-Type-Options": [
          "nosniff"
        ],
        "Date": [
          "Mon, 21 Nov 2022 02:29:35 GMT"
        ],
        "Content-Length": [
          "391"
        ],
        "Content-Type": [
          "application/json"
        ]
      },
      "ResponseBody": "{\r\n  \"id\": \"/subscriptions/12053b8f-cab5-4f5c-9c1a-870580142abd/resourceGroups/CosmosDBResourceGroup45/providers/Microsoft.DocumentDB/databaseAccounts/cassandra-db2745/cassandraKeyspaces/db2\",\r\n  \"type\": \"Microsoft.DocumentDB/databaseAccounts/cassandraKeyspaces\",\r\n  \"name\": \"db2\",\r\n  \"properties\": {\r\n    \"resource\": {\r\n      \"id\": \"db2\",\r\n      \"_rid\": \"rdkuAA==\",\r\n      \"_etag\": \"\\\"0000ec08-0000-0100-0000-637ae2580000\\\"\",\r\n      \"_ts\": 1668997720\r\n    }\r\n  }\r\n}",
      "StatusCode": 200
    },
    {
      "RequestUri": "/subscriptions/12053b8f-cab5-4f5c-9c1a-870580142abd/resourceGroups/CosmosDBResourceGroup45/providers/Microsoft.DocumentDB/databaseAccounts/cassandra-db2745/cassandraKeyspaces/db2?api-version=2022-08-15-preview",
      "EncodedRequestUri": "L3N1YnNjcmlwdGlvbnMvMTIwNTNiOGYtY2FiNS00ZjVjLTljMWEtODcwNTgwMTQyYWJkL3Jlc291cmNlR3JvdXBzL0Nvc21vc0RCUmVzb3VyY2VHcm91cDQ1L3Byb3ZpZGVycy9NaWNyb3NvZnQuRG9jdW1lbnREQi9kYXRhYmFzZUFjY291bnRzL2Nhc3NhbmRyYS1kYjI3NDUvY2Fzc2FuZHJhS2V5c3BhY2VzL2RiMj9hcGktdmVyc2lvbj0yMDIyLTA4LTE1LXByZXZpZXc=",
      "RequestMethod": "GET",
      "RequestHeaders": {
        "x-ms-client-request-id": [
          "ec3b96c1-1c50-48b1-8d6c-2128fd967ec0"
        ],
        "User-Agent": [
          "FxVersion/4.700.22.51102",
          "OSName/Windows",
          "OSVersion/Microsoft.Windows.10.0.19045",
          "Microsoft.Azure.Management.CosmosDB.CosmosDBManagementClient/1.8.2"
        ]
      },
      "RequestBody": "",
      "ResponseHeaders": {
        "Cache-Control": [
          "no-store, no-cache"
        ],
        "Pragma": [
          "no-cache"
        ],
        "Strict-Transport-Security": [
          "max-age=31536000; includeSubDomains"
        ],
        "x-ms-gatewayversion": [
          "version=2.14.0"
        ],
        "Server": [
          "Microsoft-HTTPAPI/2.0"
        ],
        "x-ms-ratelimit-remaining-subscription-reads": [
          "11997"
        ],
        "x-ms-request-id": [
          "6476f486-99b3-4477-abfa-1eeb898e5d37"
        ],
        "x-ms-correlation-request-id": [
          "6476f486-99b3-4477-abfa-1eeb898e5d37"
        ],
        "x-ms-routing-request-id": [
          "WESTUS:20221121T023008Z:6476f486-99b3-4477-abfa-1eeb898e5d37"
        ],
        "X-Content-Type-Options": [
          "nosniff"
        ],
        "Date": [
          "Mon, 21 Nov 2022 02:30:08 GMT"
        ],
        "Content-Length": [
          "391"
        ],
        "Content-Type": [
          "application/json"
        ]
      },
      "ResponseBody": "{\r\n  \"id\": \"/subscriptions/12053b8f-cab5-4f5c-9c1a-870580142abd/resourceGroups/CosmosDBResourceGroup45/providers/Microsoft.DocumentDB/databaseAccounts/cassandra-db2745/cassandraKeyspaces/db2\",\r\n  \"type\": \"Microsoft.DocumentDB/databaseAccounts/cassandraKeyspaces\",\r\n  \"name\": \"db2\",\r\n  \"properties\": {\r\n    \"resource\": {\r\n      \"id\": \"db2\",\r\n      \"_rid\": \"rdkuAA==\",\r\n      \"_etag\": \"\\\"0000ec08-0000-0100-0000-637ae2580000\\\"\",\r\n      \"_ts\": 1668997720\r\n    }\r\n  }\r\n}",
      "StatusCode": 200
    },
    {
      "RequestUri": "/subscriptions/12053b8f-cab5-4f5c-9c1a-870580142abd/resourceGroups/CosmosDBResourceGroup45/providers/Microsoft.DocumentDB/databaseAccounts/cassandra-db2745/cassandraKeyspaces/db2?api-version=2022-08-15-preview",
      "EncodedRequestUri": "L3N1YnNjcmlwdGlvbnMvMTIwNTNiOGYtY2FiNS00ZjVjLTljMWEtODcwNTgwMTQyYWJkL3Jlc291cmNlR3JvdXBzL0Nvc21vc0RCUmVzb3VyY2VHcm91cDQ1L3Byb3ZpZGVycy9NaWNyb3NvZnQuRG9jdW1lbnREQi9kYXRhYmFzZUFjY291bnRzL2Nhc3NhbmRyYS1kYjI3NDUvY2Fzc2FuZHJhS2V5c3BhY2VzL2RiMj9hcGktdmVyc2lvbj0yMDIyLTA4LTE1LXByZXZpZXc=",
      "RequestMethod": "GET",
      "RequestHeaders": {
        "x-ms-client-request-id": [
          "e6072453-af06-4bb2-a9fb-428a0ed97f8d"
        ],
        "Accept-Language": [
          "en-US"
        ],
        "User-Agent": [
          "FxVersion/4.700.22.51102",
          "OSName/Windows",
          "OSVersion/Microsoft.Windows.10.0.19045",
          "Microsoft.Azure.Management.CosmosDB.CosmosDBManagementClient/1.8.2"
        ]
      },
      "RequestBody": "",
      "ResponseHeaders": {
        "Cache-Control": [
          "no-store, no-cache"
        ],
        "Pragma": [
          "no-cache"
        ],
        "Strict-Transport-Security": [
          "max-age=31536000; includeSubDomains"
        ],
        "x-ms-gatewayversion": [
          "version=2.14.0"
        ],
        "Server": [
          "Microsoft-HTTPAPI/2.0"
        ],
        "x-ms-ratelimit-remaining-subscription-reads": [
          "11999"
        ],
        "x-ms-request-id": [
          "418c2106-fd44-4233-b269-8707d0dab1b4"
        ],
        "x-ms-correlation-request-id": [
          "418c2106-fd44-4233-b269-8707d0dab1b4"
        ],
        "x-ms-routing-request-id": [
          "WESTUS:20221121T023144Z:418c2106-fd44-4233-b269-8707d0dab1b4"
        ],
        "X-Content-Type-Options": [
          "nosniff"
        ],
        "Date": [
          "Mon, 21 Nov 2022 02:31:44 GMT"
        ],
        "Content-Length": [
          "391"
        ],
        "Content-Type": [
          "application/json"
        ]
      },
      "ResponseBody": "{\r\n  \"id\": \"/subscriptions/12053b8f-cab5-4f5c-9c1a-870580142abd/resourceGroups/CosmosDBResourceGroup45/providers/Microsoft.DocumentDB/databaseAccounts/cassandra-db2745/cassandraKeyspaces/db2\",\r\n  \"type\": \"Microsoft.DocumentDB/databaseAccounts/cassandraKeyspaces\",\r\n  \"name\": \"db2\",\r\n  \"properties\": {\r\n    \"resource\": {\r\n      \"id\": \"db2\",\r\n      \"_rid\": \"rdkuAA==\",\r\n      \"_etag\": \"\\\"0000ec08-0000-0100-0000-637ae2580000\\\"\",\r\n      \"_ts\": 1668997720\r\n    }\r\n  }\r\n}",
      "StatusCode": 200
    },
    {
      "RequestUri": "/subscriptions/12053b8f-cab5-4f5c-9c1a-870580142abd/resourceGroups/CosmosDBResourceGroup45/providers/Microsoft.DocumentDB/databaseAccounts/cassandra-db2745/cassandraKeyspaces/db2?api-version=2022-08-15-preview",
      "EncodedRequestUri": "L3N1YnNjcmlwdGlvbnMvMTIwNTNiOGYtY2FiNS00ZjVjLTljMWEtODcwNTgwMTQyYWJkL3Jlc291cmNlR3JvdXBzL0Nvc21vc0RCUmVzb3VyY2VHcm91cDQ1L3Byb3ZpZGVycy9NaWNyb3NvZnQuRG9jdW1lbnREQi9kYXRhYmFzZUFjY291bnRzL2Nhc3NhbmRyYS1kYjI3NDUvY2Fzc2FuZHJhS2V5c3BhY2VzL2RiMj9hcGktdmVyc2lvbj0yMDIyLTA4LTE1LXByZXZpZXc=",
      "RequestMethod": "PUT",
      "RequestHeaders": {
        "x-ms-client-request-id": [
          "d2370ed1-f35b-41cf-9d23-ac5be0d5b8f2"
        ],
        "Accept-Language": [
          "en-US"
        ],
        "User-Agent": [
          "FxVersion/4.700.22.51102",
          "OSName/Windows",
          "OSVersion/Microsoft.Windows.10.0.19045",
          "Microsoft.Azure.Management.CosmosDB.CosmosDBManagementClient/1.8.2"
        ],
        "Content-Type": [
          "application/json; charset=utf-8"
        ],
        "Content-Length": [
          "124"
        ]
      },
      "RequestBody": "{\r\n  \"properties\": {\r\n    \"resource\": {\r\n      \"id\": \"db2\"\r\n    },\r\n    \"options\": {\r\n      \"throughput\": 500\r\n    }\r\n  }\r\n}",
      "ResponseHeaders": {
        "Cache-Control": [
          "no-store, no-cache"
        ],
        "Pragma": [
          "no-cache"
        ],
        "Location": [
          "https://management.azure.com/subscriptions/12053b8f-cab5-4f5c-9c1a-870580142abd/resourceGroups/CosmosDBResourceGroup45/providers/Microsoft.DocumentDB/databaseAccounts/cassandra-db2745/cassandraKeyspaces/db2/operationResults/48222713-67a2-4389-b304-0e635b721216?api-version=2022-08-15-preview"
        ],
        "Azure-AsyncOperation": [
          "https://management.azure.com/subscriptions/12053b8f-cab5-4f5c-9c1a-870580142abd/providers/Microsoft.DocumentDB/locations/eastus/operationsStatus/48222713-67a2-4389-b304-0e635b721216?api-version=2022-08-15-preview"
        ],
        "x-ms-request-id": [
          "48222713-67a2-4389-b304-0e635b721216"
        ],
        "Strict-Transport-Security": [
          "max-age=31536000; includeSubDomains"
        ],
        "x-ms-gatewayversion": [
          "version=2.14.0"
        ],
        "Server": [
          "Microsoft-HTTPAPI/2.0"
        ],
        "x-ms-ratelimit-remaining-subscription-writes": [
          "1199"
        ],
        "x-ms-correlation-request-id": [
          "2c8948a0-b5ec-4336-a779-83be1267875e"
        ],
        "x-ms-routing-request-id": [
          "WESTCENTRALUS:20221121T022833Z:2c8948a0-b5ec-4336-a779-83be1267875e"
        ],
        "X-Content-Type-Options": [
          "nosniff"
        ],
        "Date": [
          "Mon, 21 Nov 2022 02:28:32 GMT"
        ],
        "Content-Length": [
          "21"
        ],
        "Content-Type": [
          "application/json"
        ]
      },
      "ResponseBody": "{\r\n  \"status\": \"Enqueued\"\r\n}",
      "StatusCode": 202
    },
    {
      "RequestUri": "/subscriptions/12053b8f-cab5-4f5c-9c1a-870580142abd/resourceGroups/CosmosDBResourceGroup45/providers/Microsoft.DocumentDB/databaseAccounts/cassandra-db2745/cassandraKeyspaces/db2?api-version=2022-08-15-preview",
      "EncodedRequestUri": "L3N1YnNjcmlwdGlvbnMvMTIwNTNiOGYtY2FiNS00ZjVjLTljMWEtODcwNTgwMTQyYWJkL3Jlc291cmNlR3JvdXBzL0Nvc21vc0RCUmVzb3VyY2VHcm91cDQ1L3Byb3ZpZGVycy9NaWNyb3NvZnQuRG9jdW1lbnREQi9kYXRhYmFzZUFjY291bnRzL2Nhc3NhbmRyYS1kYjI3NDUvY2Fzc2FuZHJhS2V5c3BhY2VzL2RiMj9hcGktdmVyc2lvbj0yMDIyLTA4LTE1LXByZXZpZXc=",
      "RequestMethod": "PUT",
      "RequestHeaders": {
        "x-ms-client-request-id": [
          "a669d00a-b2b0-4140-ab71-4235d6e0d609"
        ],
        "Accept-Language": [
          "en-US"
        ],
        "User-Agent": [
          "FxVersion/4.700.22.51102",
          "OSName/Windows",
          "OSVersion/Microsoft.Windows.10.0.19045",
          "Microsoft.Azure.Management.CosmosDB.CosmosDBManagementClient/1.8.2"
        ],
        "Content-Type": [
          "application/json; charset=utf-8"
        ],
        "Content-Length": [
          "93"
        ]
      },
      "RequestBody": "{\r\n  \"properties\": {\r\n    \"resource\": {\r\n      \"id\": \"db2\"\r\n    },\r\n    \"options\": {}\r\n  }\r\n}",
      "ResponseHeaders": {
        "Cache-Control": [
          "no-store, no-cache"
        ],
        "Pragma": [
          "no-cache"
        ],
        "Location": [
          "https://management.azure.com/subscriptions/12053b8f-cab5-4f5c-9c1a-870580142abd/resourceGroups/CosmosDBResourceGroup45/providers/Microsoft.DocumentDB/databaseAccounts/cassandra-db2745/cassandraKeyspaces/db2/operationResults/51bd6c88-807b-4367-b66a-ef3f1ddd82ab?api-version=2022-08-15-preview"
        ],
        "Azure-AsyncOperation": [
          "https://management.azure.com/subscriptions/12053b8f-cab5-4f5c-9c1a-870580142abd/providers/Microsoft.DocumentDB/locations/eastus/operationsStatus/51bd6c88-807b-4367-b66a-ef3f1ddd82ab?api-version=2022-08-15-preview"
        ],
        "x-ms-request-id": [
          "51bd6c88-807b-4367-b66a-ef3f1ddd82ab"
        ],
        "Strict-Transport-Security": [
          "max-age=31536000; includeSubDomains"
        ],
        "x-ms-gatewayversion": [
          "version=2.14.0"
        ],
        "Server": [
          "Microsoft-HTTPAPI/2.0"
        ],
        "x-ms-ratelimit-remaining-subscription-writes": [
          "1199"
        ],
        "x-ms-correlation-request-id": [
          "7ecced22-61b5-48dc-b40a-af665b2ef286"
        ],
        "x-ms-routing-request-id": [
          "WESTUS:20221121T022905Z:7ecced22-61b5-48dc-b40a-af665b2ef286"
        ],
        "X-Content-Type-Options": [
          "nosniff"
        ],
        "Date": [
          "Mon, 21 Nov 2022 02:29:04 GMT"
        ],
        "Content-Length": [
          "21"
        ],
        "Content-Type": [
          "application/json"
        ]
      },
      "ResponseBody": "{\r\n  \"status\": \"Enqueued\"\r\n}",
      "StatusCode": 202
    },
    {
      "RequestUri": "/subscriptions/12053b8f-cab5-4f5c-9c1a-870580142abd/resourceGroups/CosmosDBResourceGroup45/providers/Microsoft.DocumentDB/databaseAccounts/cassandra-db2745/cassandraKeyspaces/db2?api-version=2022-08-15-preview",
      "EncodedRequestUri": "L3N1YnNjcmlwdGlvbnMvMTIwNTNiOGYtY2FiNS00ZjVjLTljMWEtODcwNTgwMTQyYWJkL3Jlc291cmNlR3JvdXBzL0Nvc21vc0RCUmVzb3VyY2VHcm91cDQ1L3Byb3ZpZGVycy9NaWNyb3NvZnQuRG9jdW1lbnREQi9kYXRhYmFzZUFjY291bnRzL2Nhc3NhbmRyYS1kYjI3NDUvY2Fzc2FuZHJhS2V5c3BhY2VzL2RiMj9hcGktdmVyc2lvbj0yMDIyLTA4LTE1LXByZXZpZXc=",
      "RequestMethod": "PUT",
      "RequestHeaders": {
        "x-ms-client-request-id": [
          "ec3b96c1-1c50-48b1-8d6c-2128fd967ec0"
        ],
        "Accept-Language": [
          "en-US"
        ],
        "User-Agent": [
          "FxVersion/4.700.22.51102",
          "OSName/Windows",
          "OSVersion/Microsoft.Windows.10.0.19045",
          "Microsoft.Azure.Management.CosmosDB.CosmosDBManagementClient/1.8.2"
        ],
        "Content-Type": [
          "application/json; charset=utf-8"
        ],
        "Content-Length": [
          "124"
        ]
      },
      "RequestBody": "{\r\n  \"properties\": {\r\n    \"resource\": {\r\n      \"id\": \"db2\"\r\n    },\r\n    \"options\": {\r\n      \"throughput\": 500\r\n    }\r\n  }\r\n}",
      "ResponseHeaders": {
        "Cache-Control": [
          "no-store, no-cache"
        ],
        "Pragma": [
          "no-cache"
        ],
        "Location": [
          "https://management.azure.com/subscriptions/12053b8f-cab5-4f5c-9c1a-870580142abd/resourceGroups/CosmosDBResourceGroup45/providers/Microsoft.DocumentDB/databaseAccounts/cassandra-db2745/cassandraKeyspaces/db2/operationResults/96370131-c6e7-4986-954c-e48f55bb15e2?api-version=2022-08-15-preview"
        ],
        "Azure-AsyncOperation": [
          "https://management.azure.com/subscriptions/12053b8f-cab5-4f5c-9c1a-870580142abd/providers/Microsoft.DocumentDB/locations/eastus/operationsStatus/96370131-c6e7-4986-954c-e48f55bb15e2?api-version=2022-08-15-preview"
        ],
        "x-ms-request-id": [
          "96370131-c6e7-4986-954c-e48f55bb15e2"
        ],
        "Strict-Transport-Security": [
          "max-age=31536000; includeSubDomains"
        ],
        "x-ms-gatewayversion": [
          "version=2.14.0"
        ],
        "Server": [
          "Microsoft-HTTPAPI/2.0"
        ],
        "x-ms-ratelimit-remaining-subscription-writes": [
          "1199"
        ],
        "x-ms-correlation-request-id": [
          "dd831f16-f9d4-43d8-afc8-51cffa9ab1e4"
        ],
        "x-ms-routing-request-id": [
          "WESTUS:20221121T022937Z:dd831f16-f9d4-43d8-afc8-51cffa9ab1e4"
        ],
        "X-Content-Type-Options": [
          "nosniff"
        ],
        "Date": [
          "Mon, 21 Nov 2022 02:29:36 GMT"
        ],
        "Content-Length": [
          "21"
        ],
        "Content-Type": [
          "application/json"
        ]
      },
      "ResponseBody": "{\r\n  \"status\": \"Enqueued\"\r\n}",
      "StatusCode": 202
    },
    {
      "RequestUri": "/subscriptions/12053b8f-cab5-4f5c-9c1a-870580142abd/providers/Microsoft.DocumentDB/locations/eastus/operationsStatus/48222713-67a2-4389-b304-0e635b721216?api-version=2022-08-15-preview",
      "EncodedRequestUri": "L3N1YnNjcmlwdGlvbnMvMTIwNTNiOGYtY2FiNS00ZjVjLTljMWEtODcwNTgwMTQyYWJkL3Byb3ZpZGVycy9NaWNyb3NvZnQuRG9jdW1lbnREQi9sb2NhdGlvbnMvZWFzdHVzL29wZXJhdGlvbnNTdGF0dXMvNDgyMjI3MTMtNjdhMi00Mzg5LWIzMDQtMGU2MzViNzIxMjE2P2FwaS12ZXJzaW9uPTIwMjItMDgtMTUtcHJldmlldw==",
      "RequestMethod": "GET",
      "RequestHeaders": {
        "x-ms-client-request-id": [
          "d2370ed1-f35b-41cf-9d23-ac5be0d5b8f2"
        ],
        "User-Agent": [
          "FxVersion/4.700.22.51102",
          "OSName/Windows",
          "OSVersion/Microsoft.Windows.10.0.19045",
          "Microsoft.Azure.Management.CosmosDB.CosmosDBManagementClient/1.8.2"
        ]
      },
      "RequestBody": "",
      "ResponseHeaders": {
        "Cache-Control": [
          "no-store, no-cache"
        ],
        "Pragma": [
          "no-cache"
        ],
        "Strict-Transport-Security": [
          "max-age=31536000; includeSubDomains"
        ],
        "x-ms-gatewayversion": [
          "version=2.14.0"
        ],
        "Server": [
          "Microsoft-HTTPAPI/2.0"
        ],
        "x-ms-ratelimit-remaining-subscription-reads": [
          "11998"
        ],
        "x-ms-request-id": [
          "611f1006-b13a-42f2-b40c-c6f9b2ce58a5"
        ],
        "x-ms-correlation-request-id": [
          "611f1006-b13a-42f2-b40c-c6f9b2ce58a5"
        ],
        "x-ms-routing-request-id": [
          "WESTCENTRALUS:20221121T022903Z:611f1006-b13a-42f2-b40c-c6f9b2ce58a5"
        ],
        "X-Content-Type-Options": [
          "nosniff"
        ],
        "Date": [
          "Mon, 21 Nov 2022 02:29:02 GMT"
        ],
        "Content-Length": [
          "22"
        ],
        "Content-Type": [
          "application/json"
        ]
      },
      "ResponseBody": "{\r\n  \"status\": \"Succeeded\"\r\n}",
      "StatusCode": 200
    },
    {
      "RequestUri": "/subscriptions/12053b8f-cab5-4f5c-9c1a-870580142abd/providers/Microsoft.DocumentDB/locations/eastus/operationsStatus/51bd6c88-807b-4367-b66a-ef3f1ddd82ab?api-version=2022-08-15-preview",
      "EncodedRequestUri": "L3N1YnNjcmlwdGlvbnMvMTIwNTNiOGYtY2FiNS00ZjVjLTljMWEtODcwNTgwMTQyYWJkL3Byb3ZpZGVycy9NaWNyb3NvZnQuRG9jdW1lbnREQi9sb2NhdGlvbnMvZWFzdHVzL29wZXJhdGlvbnNTdGF0dXMvNTFiZDZjODgtODA3Yi00MzY3LWI2NmEtZWYzZjFkZGQ4MmFiP2FwaS12ZXJzaW9uPTIwMjItMDgtMTUtcHJldmlldw==",
      "RequestMethod": "GET",
      "RequestHeaders": {
        "x-ms-client-request-id": [
          "a669d00a-b2b0-4140-ab71-4235d6e0d609"
        ],
        "User-Agent": [
          "FxVersion/4.700.22.51102",
          "OSName/Windows",
          "OSVersion/Microsoft.Windows.10.0.19045",
          "Microsoft.Azure.Management.CosmosDB.CosmosDBManagementClient/1.8.2"
        ]
      },
      "RequestBody": "",
      "ResponseHeaders": {
        "Cache-Control": [
          "no-store, no-cache"
        ],
        "Pragma": [
          "no-cache"
        ],
        "Strict-Transport-Security": [
          "max-age=31536000; includeSubDomains"
        ],
        "x-ms-gatewayversion": [
          "version=2.14.0"
        ],
        "Server": [
          "Microsoft-HTTPAPI/2.0"
        ],
        "x-ms-ratelimit-remaining-subscription-reads": [
          "11998"
        ],
        "x-ms-request-id": [
          "bfdad28c-af0a-4093-8b05-cf38323306c3"
        ],
        "x-ms-correlation-request-id": [
          "bfdad28c-af0a-4093-8b05-cf38323306c3"
        ],
        "x-ms-routing-request-id": [
          "WESTUS:20221121T022935Z:bfdad28c-af0a-4093-8b05-cf38323306c3"
        ],
        "X-Content-Type-Options": [
          "nosniff"
        ],
        "Date": [
          "Mon, 21 Nov 2022 02:29:34 GMT"
        ],
        "Content-Length": [
          "22"
        ],
        "Content-Type": [
          "application/json"
        ]
      },
      "ResponseBody": "{\r\n  \"status\": \"Succeeded\"\r\n}",
      "StatusCode": 200
    },
    {
      "RequestUri": "/subscriptions/12053b8f-cab5-4f5c-9c1a-870580142abd/providers/Microsoft.DocumentDB/locations/eastus/operationsStatus/96370131-c6e7-4986-954c-e48f55bb15e2?api-version=2022-08-15-preview",
      "EncodedRequestUri": "L3N1YnNjcmlwdGlvbnMvMTIwNTNiOGYtY2FiNS00ZjVjLTljMWEtODcwNTgwMTQyYWJkL3Byb3ZpZGVycy9NaWNyb3NvZnQuRG9jdW1lbnREQi9sb2NhdGlvbnMvZWFzdHVzL29wZXJhdGlvbnNTdGF0dXMvOTYzNzAxMzEtYzZlNy00OTg2LTk1NGMtZTQ4ZjU1YmIxNWUyP2FwaS12ZXJzaW9uPTIwMjItMDgtMTUtcHJldmlldw==",
      "RequestMethod": "GET",
      "RequestHeaders": {
        "x-ms-client-request-id": [
          "ec3b96c1-1c50-48b1-8d6c-2128fd967ec0"
        ],
        "User-Agent": [
          "FxVersion/4.700.22.51102",
          "OSName/Windows",
          "OSVersion/Microsoft.Windows.10.0.19045",
          "Microsoft.Azure.Management.CosmosDB.CosmosDBManagementClient/1.8.2"
        ]
      },
      "RequestBody": "",
      "ResponseHeaders": {
        "Cache-Control": [
          "no-store, no-cache"
        ],
        "Pragma": [
          "no-cache"
        ],
        "Strict-Transport-Security": [
          "max-age=31536000; includeSubDomains"
        ],
        "x-ms-gatewayversion": [
          "version=2.14.0"
        ],
        "Server": [
          "Microsoft-HTTPAPI/2.0"
        ],
        "x-ms-ratelimit-remaining-subscription-reads": [
          "11998"
        ],
        "x-ms-request-id": [
          "1d00977b-a662-4b9a-b312-de7dc2487050"
        ],
        "x-ms-correlation-request-id": [
          "1d00977b-a662-4b9a-b312-de7dc2487050"
        ],
        "x-ms-routing-request-id": [
          "WESTUS:20221121T023007Z:1d00977b-a662-4b9a-b312-de7dc2487050"
        ],
        "X-Content-Type-Options": [
          "nosniff"
        ],
        "Date": [
          "Mon, 21 Nov 2022 02:30:07 GMT"
        ],
        "Content-Length": [
          "22"
        ],
        "Content-Type": [
          "application/json"
        ]
      },
      "ResponseBody": "{\r\n  \"status\": \"Succeeded\"\r\n}",
      "StatusCode": 200
    },
    {
      "RequestUri": "/subscriptions/12053b8f-cab5-4f5c-9c1a-870580142abd/resourceGroups/CosmosDBResourceGroup45/providers/Microsoft.DocumentDB/databaseAccounts/cassandra-db2745/cassandraKeyspaces/db2/tables/table?api-version=2022-08-15-preview",
      "EncodedRequestUri": "L3N1YnNjcmlwdGlvbnMvMTIwNTNiOGYtY2FiNS00ZjVjLTljMWEtODcwNTgwMTQyYWJkL3Jlc291cmNlR3JvdXBzL0Nvc21vc0RCUmVzb3VyY2VHcm91cDQ1L3Byb3ZpZGVycy9NaWNyb3NvZnQuRG9jdW1lbnREQi9kYXRhYmFzZUFjY291bnRzL2Nhc3NhbmRyYS1kYjI3NDUvY2Fzc2FuZHJhS2V5c3BhY2VzL2RiMi90YWJsZXMvdGFibGU/YXBpLXZlcnNpb249MjAyMi0wOC0xNS1wcmV2aWV3",
      "RequestMethod": "GET",
      "RequestHeaders": {
        "x-ms-client-request-id": [
          "b3e49f09-7149-4bd2-8e6a-0fb6796c2cbb"
        ],
        "Accept-Language": [
          "en-US"
        ],
        "User-Agent": [
          "FxVersion/4.700.22.51102",
          "OSName/Windows",
          "OSVersion/Microsoft.Windows.10.0.19045",
          "Microsoft.Azure.Management.CosmosDB.CosmosDBManagementClient/1.8.2"
        ]
      },
      "RequestBody": "",
      "ResponseHeaders": {
        "Cache-Control": [
          "no-store, no-cache"
        ],
        "Pragma": [
          "no-cache"
        ],
        "Strict-Transport-Security": [
          "max-age=31536000; includeSubDomains"
        ],
        "x-ms-gatewayversion": [
          "version=2.14.0"
        ],
        "Server": [
          "Microsoft-HTTPAPI/2.0"
        ],
        "x-ms-ratelimit-remaining-subscription-reads": [
          "11999"
        ],
        "x-ms-request-id": [
          "8be00c9d-0466-4fe4-9497-3b82f889342f"
        ],
        "x-ms-correlation-request-id": [
          "8be00c9d-0466-4fe4-9497-3b82f889342f"
        ],
        "x-ms-routing-request-id": [
          "WESTUS:20221121T023008Z:8be00c9d-0466-4fe4-9497-3b82f889342f"
        ],
        "X-Content-Type-Options": [
          "nosniff"
        ],
        "Date": [
          "Mon, 21 Nov 2022 02:30:08 GMT"
        ],
        "Content-Length": [
          "6529"
        ],
        "Content-Type": [
          "application/json"
        ]
      },
      "ResponseBody": "{\r\n  \"code\": \"NotFound\",\r\n  \"message\": \"Message: {\\\"code\\\":\\\"NotFound\\\",\\\"message\\\":\\\"Message: {\\\\\\\"Errors\\\\\\\":[\\\\\\\"Resource Not Found. Learn more: https:\\\\\\\\/\\\\\\\\/aka.ms\\\\\\\\/cosmosdb-tsg-not-found\\\\\\\"]}\\\\r\\\\nActivityId: b3e49f09-7149-4bd2-8e6a-0fb6796c2cbb, Request URI: /apps/92c274f8-a63c-43c2-b1ec-5218e6f903a5/services/7ceed098-99fc-4e4e-925c-211d8e570609/partitions/8f127a1d-b456-4975-8f5f-e33b5cc84a85/replicas/133134156194256388s, RequestStats: \\\\r\\\\nRequestStartTime: 2022-11-21T02:30:08.4216702Z, RequestEndTime: 2022-11-21T02:30:08.4216702Z,  Number of regions attempted:1\\\\r\\\\n{\\\\\\\"systemHistory\\\\\\\":[{\\\\\\\"dateUtc\\\\\\\":\\\\\\\"2022-11-21T02:29:05.6609703Z\\\\\\\",\\\\\\\"cpu\\\\\\\":0.663,\\\\\\\"memory\\\\\\\":474837700.000,\\\\\\\"threadInfo\\\\\\\":{\\\\\\\"isThreadStarving\\\\\\\":\\\\\\\"False\\\\\\\",\\\\\\\"threadWaitIntervalInMs\\\\\\\":0.0122,\\\\\\\"availableThreads\\\\\\\":32763,\\\\\\\"minThreads\\\\\\\":52,\\\\\\\"maxThreads\\\\\\\":32767},\\\\\\\"numberOfOpenTcpConnection\\\\\\\":177},{\\\\\\\"dateUtc\\\\\\\":\\\\\\\"2022-11-21T02:29:15.6711336Z\\\\\\\",\\\\\\\"cpu\\\\\\\":0.931,\\\\\\\"memory\\\\\\\":474556248.000,\\\\\\\"threadInfo\\\\\\\":{\\\\\\\"isThreadStarving\\\\\\\":\\\\\\\"False\\\\\\\",\\\\\\\"threadWaitIntervalInMs\\\\\\\":0.0164,\\\\\\\"availableThreads\\\\\\\":32764,\\\\\\\"minThreads\\\\\\\":52,\\\\\\\"maxThreads\\\\\\\":32767},\\\\\\\"numberOfOpenTcpConnection\\\\\\\":178},{\\\\\\\"dateUtc\\\\\\\":\\\\\\\"2022-11-21T02:29:25.6811719Z\\\\\\\",\\\\\\\"cpu\\\\\\\":0.987,\\\\\\\"memory\\\\\\\":474181260.000,\\\\\\\"threadInfo\\\\\\\":{\\\\\\\"isThreadStarving\\\\\\\":\\\\\\\"False\\\\\\\",\\\\\\\"threadWaitIntervalInMs\\\\\\\":0.0091,\\\\\\\"availableThreads\\\\\\\":32764,\\\\\\\"minThreads\\\\\\\":52,\\\\\\\"maxThreads\\\\\\\":32767},\\\\\\\"numberOfOpenTcpConnection\\\\\\\":177},{\\\\\\\"dateUtc\\\\\\\":\\\\\\\"2022-11-21T02:29:45.6913623Z\\\\\\\",\\\\\\\"cpu\\\\\\\":0.904,\\\\\\\"memory\\\\\\\":473664908.000,\\\\\\\"threadInfo\\\\\\\":{\\\\\\\"isThreadStarving\\\\\\\":\\\\\\\"False\\\\\\\",\\\\\\\"threadWaitIntervalInMs\\\\\\\":0.0103,\\\\\\\"availableThreads\\\\\\\":32762,\\\\\\\"minThreads\\\\\\\":52,\\\\\\\"maxThreads\\\\\\\":32767},\\\\\\\"numberOfOpenTcpConnection\\\\\\\":177},{\\\\\\\"dateUtc\\\\\\\":\\\\\\\"2022-11-21T02:29:55.7614997Z\\\\\\\",\\\\\\\"cpu\\\\\\\":10.421,\\\\\\\"memory\\\\\\\":471253120.000,\\\\\\\"threadInfo\\\\\\\":{\\\\\\\"isThreadStarving\\\\\\\":\\\\\\\"False\\\\\\\",\\\\\\\"threadWaitIntervalInMs\\\\\\\":0.0148,\\\\\\\"availableThreads\\\\\\\":32696,\\\\\\\"minThreads\\\\\\\":52,\\\\\\\"maxThreads\\\\\\\":32767},\\\\\\\"numberOfOpenTcpConnection\\\\\\\":177},{\\\\\\\"dateUtc\\\\\\\":\\\\\\\"2022-11-21T02:30:05.7716150Z\\\\\\\",\\\\\\\"cpu\\\\\\\":0.886,\\\\\\\"memory\\\\\\\":471147104.000,\\\\\\\"threadInfo\\\\\\\":{\\\\\\\"isThreadStarving\\\\\\\":\\\\\\\"False\\\\\\\",\\\\\\\"threadWaitIntervalInMs\\\\\\\":0.0124,\\\\\\\"availableThreads\\\\\\\":32764,\\\\\\\"minThreads\\\\\\\":52,\\\\\\\"maxThreads\\\\\\\":32767},\\\\\\\"numberOfOpenTcpConnection\\\\\\\":177}]}\\\\r\\\\nRequestStart: 2022-11-21T02:30:08.4216702Z; ResponseTime: 2022-11-21T02:30:08.4216702Z; StoreResult: StorePhysicalAddress: rntbd://10.0.1.15:11000/apps/92c274f8-a63c-43c2-b1ec-5218e6f903a5/services/7ceed098-99fc-4e4e-925c-211d8e570609/partitions/8f127a1d-b456-4975-8f5f-e33b5cc84a85/replicas/133134156194256388s, LSN: 8, GlobalCommittedLsn: 8, PartitionKeyRangeId: , IsValid: True, StatusCode: 404, SubStatusCode: 0, RequestCharge: 1, ItemLSN: -1, SessionToken: -1#8, UsingLocalLSN: False, TransportException: null, BELatencyMs: 0.951, ActivityId: b3e49f09-7149-4bd2-8e6a-0fb6796c2cbb, RetryAfterInMs: , TransportRequestTimeline: {\\\\\\\"requestTimeline\\\\\\\":[{\\\\\\\"event\\\\\\\": \\\\\\\"Created\\\\\\\", \\\\\\\"startTimeUtc\\\\\\\": \\\\\\\"2022-11-21T02:30:08.4216702Z\\\\\\\", \\\\\\\"durationInMs\\\\\\\": 0.0183},{\\\\\\\"event\\\\\\\": \\\\\\\"ChannelAcquisitionStarted\\\\\\\", \\\\\\\"startTimeUtc\\\\\\\": \\\\\\\"2022-11-21T02:30:08.4216885Z\\\\\\\", \\\\\\\"durationInMs\\\\\\\": 0.0027},{\\\\\\\"event\\\\\\\": \\\\\\\"Pipelined\\\\\\\", \\\\\\\"startTimeUtc\\\\\\\": \\\\\\\"2022-11-21T02:30:08.4216912Z\\\\\\\", \\\\\\\"durationInMs\\\\\\\": 0.1001},{\\\\\\\"event\\\\\\\": \\\\\\\"Transit Time\\\\\\\", \\\\\\\"startTimeUtc\\\\\\\": \\\\\\\"2022-11-21T02:30:08.4217913Z\\\\\\\", \\\\\\\"durationInMs\\\\\\\": 1.526},{\\\\\\\"event\\\\\\\": \\\\\\\"Received\\\\\\\", \\\\\\\"startTimeUtc\\\\\\\": \\\\\\\"2022-11-21T02:30:08.4233173Z\\\\\\\", \\\\\\\"durationInMs\\\\\\\": 0.033},{\\\\\\\"event\\\\\\\": \\\\\\\"Completed\\\\\\\", \\\\\\\"startTimeUtc\\\\\\\": \\\\\\\"2022-11-21T02:30:08.4233503Z\\\\\\\", \\\\\\\"durationInMs\\\\\\\": 0}],\\\\\\\"serviceEndpointStats\\\\\\\":{\\\\\\\"inflightRequests\\\\\\\":1,\\\\\\\"openConnections\\\\\\\":1},\\\\\\\"connectionStats\\\\\\\":{\\\\\\\"waitforConnectionInit\\\\\\\":\\\\\\\"False\\\\\\\",\\\\\\\"callsPendingReceive\\\\\\\":0,\\\\\\\"lastSendAttempt\\\\\\\":\\\\\\\"2022-11-21T02:30:08.4216702Z\\\\\\\",\\\\\\\"lastSend\\\\\\\":\\\\\\\"2022-11-21T02:30:08.4216702Z\\\\\\\",\\\\\\\"lastReceive\\\\\\\":\\\\\\\"2022-11-21T02:30:08.4216702Z\\\\\\\"},\\\\\\\"requestSizeInBytes\\\\\\\":478,\\\\\\\"responseMetadataSizeInBytes\\\\\\\":134,\\\\\\\"responseBodySizeInBytes\\\\\\\":87};\\\\r\\\\n ResourceType: Collection, OperationType: Read\\\\r\\\\nRequestStart: 2022-11-21T02:30:08.4216702Z; ResponseTime: 2022-11-21T02:30:08.4216702Z; StoreResult: StorePhysicalAddress: rntbd://10.0.1.16:11300/apps/92c274f8-a63c-43c2-b1ec-5218e6f903a5/services/7ceed098-99fc-4e4e-925c-211d8e570609/partitions/8f127a1d-b456-4975-8f5f-e33b5cc84a85/replicas/133134156194256387s, LSN: 8, GlobalCommittedLsn: 8, PartitionKeyRangeId: , IsValid: True, StatusCode: 404, SubStatusCode: 0, RequestCharge: 1, ItemLSN: -1, SessionToken: -1#8, UsingLocalLSN: False, TransportException: null, BELatencyMs: 0.965, ActivityId: b3e49f09-7149-4bd2-8e6a-0fb6796c2cbb, RetryAfterInMs: , TransportRequestTimeline: {\\\\\\\"requestTimeline\\\\\\\":[{\\\\\\\"event\\\\\\\": \\\\\\\"Created\\\\\\\", \\\\\\\"startTimeUtc\\\\\\\": \\\\\\\"2022-11-21T02:30:08.4216702Z\\\\\\\", \\\\\\\"durationInMs\\\\\\\": 0.0052},{\\\\\\\"event\\\\\\\": \\\\\\\"ChannelAcquisitionStarted\\\\\\\", \\\\\\\"startTimeUtc\\\\\\\": \\\\\\\"2022-11-21T02:30:08.4216754Z\\\\\\\", \\\\\\\"durationInMs\\\\\\\": 0.0012},{\\\\\\\"event\\\\\\\": \\\\\\\"Pipelined\\\\\\\", \\\\\\\"startTimeUtc\\\\\\\": \\\\\\\"2022-11-21T02:30:08.4216766Z\\\\\\\", \\\\\\\"durationInMs\\\\\\\": 0.07},{\\\\\\\"event\\\\\\\": \\\\\\\"Transit Time\\\\\\\", \\\\\\\"startTimeUtc\\\\\\\": \\\\\\\"2022-11-21T02:30:08.4217466Z\\\\\\\", \\\\\\\"durationInMs\\\\\\\": 1.4664},{\\\\\\\"event\\\\\\\": \\\\\\\"Received\\\\\\\", \\\\\\\"startTimeUtc\\\\\\\": \\\\\\\"2022-11-21T02:30:08.4232130Z\\\\\\\", \\\\\\\"durationInMs\\\\\\\": 0.0902},{\\\\\\\"event\\\\\\\": \\\\\\\"Completed\\\\\\\", \\\\\\\"startTimeUtc\\\\\\\": \\\\\\\"2022-11-21T02:30:08.4233032Z\\\\\\\", \\\\\\\"durationInMs\\\\\\\": 0}],\\\\\\\"serviceEndpointStats\\\\\\\":{\\\\\\\"inflightRequests\\\\\\\":1,\\\\\\\"openConnections\\\\\\\":1},\\\\\\\"connectionStats\\\\\\\":{\\\\\\\"waitforConnectionInit\\\\\\\":\\\\\\\"False\\\\\\\",\\\\\\\"callsPendingReceive\\\\\\\":0,\\\\\\\"lastSendAttempt\\\\\\\":\\\\\\\"2022-11-21T02:30:08.4216702Z\\\\\\\",\\\\\\\"lastSend\\\\\\\":\\\\\\\"2022-11-21T02:30:08.4216702Z\\\\\\\",\\\\\\\"lastReceive\\\\\\\":\\\\\\\"2022-11-21T02:30:08.4216702Z\\\\\\\"},\\\\\\\"requestSizeInBytes\\\\\\\":478,\\\\\\\"responseMetadataSizeInBytes\\\\\\\":134,\\\\\\\"responseBodySizeInBytes\\\\\\\":87};\\\\r\\\\n ResourceType: Collection, OperationType: Read\\\\r\\\\n, SDK: Microsoft.Azure.Documents.Common/2.14.0\\\"}, Request URI: /dbs/db2/colls/table, RequestStats: , SDK: Microsoft.Azure.Documents.Common/2.14.0\"\r\n}",
      "StatusCode": 404
    },
    {
      "RequestUri": "/subscriptions/12053b8f-cab5-4f5c-9c1a-870580142abd/resourceGroups/CosmosDBResourceGroup45/providers/Microsoft.DocumentDB/databaseAccounts/cassandra-db2745/cassandraKeyspaces/db2/tables/table?api-version=2022-08-15-preview",
      "EncodedRequestUri": "L3N1YnNjcmlwdGlvbnMvMTIwNTNiOGYtY2FiNS00ZjVjLTljMWEtODcwNTgwMTQyYWJkL3Jlc291cmNlR3JvdXBzL0Nvc21vc0RCUmVzb3VyY2VHcm91cDQ1L3Byb3ZpZGVycy9NaWNyb3NvZnQuRG9jdW1lbnREQi9kYXRhYmFzZUFjY291bnRzL2Nhc3NhbmRyYS1kYjI3NDUvY2Fzc2FuZHJhS2V5c3BhY2VzL2RiMi90YWJsZXMvdGFibGU/YXBpLXZlcnNpb249MjAyMi0wOC0xNS1wcmV2aWV3",
      "RequestMethod": "GET",
      "RequestHeaders": {
        "x-ms-client-request-id": [
          "b3e49f09-7149-4bd2-8e6a-0fb6796c2cbb"
        ],
        "User-Agent": [
          "FxVersion/4.700.22.51102",
          "OSName/Windows",
          "OSVersion/Microsoft.Windows.10.0.19045",
          "Microsoft.Azure.Management.CosmosDB.CosmosDBManagementClient/1.8.2"
        ]
      },
      "RequestBody": "",
      "ResponseHeaders": {
        "Cache-Control": [
          "no-store, no-cache"
        ],
        "Pragma": [
          "no-cache"
        ],
        "Strict-Transport-Security": [
          "max-age=31536000; includeSubDomains"
        ],
        "x-ms-gatewayversion": [
          "version=2.14.0"
        ],
        "Server": [
          "Microsoft-HTTPAPI/2.0"
        ],
        "x-ms-ratelimit-remaining-subscription-reads": [
          "11997"
        ],
        "x-ms-request-id": [
          "02ffafa7-64c0-4eb6-a342-a9fbdad55f63"
        ],
        "x-ms-correlation-request-id": [
          "02ffafa7-64c0-4eb6-a342-a9fbdad55f63"
        ],
        "x-ms-routing-request-id": [
          "WESTUS:20221121T023040Z:02ffafa7-64c0-4eb6-a342-a9fbdad55f63"
        ],
        "X-Content-Type-Options": [
          "nosniff"
        ],
        "Date": [
          "Mon, 21 Nov 2022 02:30:39 GMT"
        ],
        "Content-Length": [
          "611"
        ],
        "Content-Type": [
          "application/json"
        ]
      },
      "ResponseBody": "{\r\n  \"id\": \"/subscriptions/12053b8f-cab5-4f5c-9c1a-870580142abd/resourceGroups/CosmosDBResourceGroup45/providers/Microsoft.DocumentDB/databaseAccounts/cassandra-db2745/cassandraKeyspaces/db2/tables/table\",\r\n  \"type\": \"Microsoft.DocumentDB/databaseAccounts/cassandraKeyspaces/tables\",\r\n  \"name\": \"table\",\r\n  \"properties\": {\r\n    \"resource\": {\r\n      \"id\": \"table\",\r\n      \"_rid\": \"rdkuAJ8G64c=\",\r\n      \"_etag\": \"\\\"0000f408-0000-0100-0000-637ae2b50000\\\"\",\r\n      \"_ts\": 1668997813,\r\n      \"defaultTtl\": 0,\r\n      \"schema\": {\r\n        \"columns\": [\r\n          {\r\n            \"name\": \"ColumnA\",\r\n            \"type\": \"int\"\r\n          },\r\n          {\r\n            \"name\": \"ColumnB\",\r\n            \"type\": \"ascii\"\r\n          }\r\n        ],\r\n        \"partitionKeys\": [\r\n          {\r\n            \"name\": \"ColumnA\"\r\n          }\r\n        ],\r\n        \"clusterKeys\": [\r\n          {\r\n            \"name\": \"ColumnB\",\r\n            \"orderBy\": \"Asc\"\r\n          }\r\n        ]\r\n      }\r\n    }\r\n  }\r\n}",
      "StatusCode": 200
    },
    {
      "RequestUri": "/subscriptions/12053b8f-cab5-4f5c-9c1a-870580142abd/resourceGroups/CosmosDBResourceGroup45/providers/Microsoft.DocumentDB/databaseAccounts/cassandra-db2745/cassandraKeyspaces/db2/tables/table?api-version=2022-08-15-preview",
      "EncodedRequestUri": "L3N1YnNjcmlwdGlvbnMvMTIwNTNiOGYtY2FiNS00ZjVjLTljMWEtODcwNTgwMTQyYWJkL3Jlc291cmNlR3JvdXBzL0Nvc21vc0RCUmVzb3VyY2VHcm91cDQ1L3Byb3ZpZGVycy9NaWNyb3NvZnQuRG9jdW1lbnREQi9kYXRhYmFzZUFjY291bnRzL2Nhc3NhbmRyYS1kYjI3NDUvY2Fzc2FuZHJhS2V5c3BhY2VzL2RiMi90YWJsZXMvdGFibGU/YXBpLXZlcnNpb249MjAyMi0wOC0xNS1wcmV2aWV3",
      "RequestMethod": "GET",
      "RequestHeaders": {
        "x-ms-client-request-id": [
          "4e7453c7-d734-4895-ace0-ea4b8ed7f2de"
        ],
        "Accept-Language": [
          "en-US"
        ],
        "User-Agent": [
          "FxVersion/4.700.22.51102",
          "OSName/Windows",
          "OSVersion/Microsoft.Windows.10.0.19045",
          "Microsoft.Azure.Management.CosmosDB.CosmosDBManagementClient/1.8.2"
        ]
      },
      "RequestBody": "",
      "ResponseHeaders": {
        "Cache-Control": [
          "no-store, no-cache"
        ],
        "Pragma": [
          "no-cache"
        ],
        "Strict-Transport-Security": [
          "max-age=31536000; includeSubDomains"
        ],
        "x-ms-gatewayversion": [
          "version=2.14.0"
        ],
        "Server": [
          "Microsoft-HTTPAPI/2.0"
        ],
        "x-ms-ratelimit-remaining-subscription-reads": [
          "11999"
        ],
        "x-ms-request-id": [
          "d4627b3e-61d2-4128-8293-e49e8ebb2d65"
        ],
        "x-ms-correlation-request-id": [
          "d4627b3e-61d2-4128-8293-e49e8ebb2d65"
        ],
        "x-ms-routing-request-id": [
          "WESTUS:20221121T023040Z:d4627b3e-61d2-4128-8293-e49e8ebb2d65"
        ],
        "X-Content-Type-Options": [
          "nosniff"
        ],
        "Date": [
          "Mon, 21 Nov 2022 02:30:40 GMT"
        ],
        "Content-Length": [
          "611"
        ],
        "Content-Type": [
          "application/json"
        ]
      },
      "ResponseBody": "{\r\n  \"id\": \"/subscriptions/12053b8f-cab5-4f5c-9c1a-870580142abd/resourceGroups/CosmosDBResourceGroup45/providers/Microsoft.DocumentDB/databaseAccounts/cassandra-db2745/cassandraKeyspaces/db2/tables/table\",\r\n  \"type\": \"Microsoft.DocumentDB/databaseAccounts/cassandraKeyspaces/tables\",\r\n  \"name\": \"table\",\r\n  \"properties\": {\r\n    \"resource\": {\r\n      \"id\": \"table\",\r\n      \"_rid\": \"rdkuAJ8G64c=\",\r\n      \"_etag\": \"\\\"0000f408-0000-0100-0000-637ae2b50000\\\"\",\r\n      \"_ts\": 1668997813,\r\n      \"defaultTtl\": 0,\r\n      \"schema\": {\r\n        \"columns\": [\r\n          {\r\n            \"name\": \"ColumnA\",\r\n            \"type\": \"int\"\r\n          },\r\n          {\r\n            \"name\": \"ColumnB\",\r\n            \"type\": \"ascii\"\r\n          }\r\n        ],\r\n        \"partitionKeys\": [\r\n          {\r\n            \"name\": \"ColumnA\"\r\n          }\r\n        ],\r\n        \"clusterKeys\": [\r\n          {\r\n            \"name\": \"ColumnB\",\r\n            \"orderBy\": \"Asc\"\r\n          }\r\n        ]\r\n      }\r\n    }\r\n  }\r\n}",
      "StatusCode": 200
    },
    {
      "RequestUri": "/subscriptions/12053b8f-cab5-4f5c-9c1a-870580142abd/resourceGroups/CosmosDBResourceGroup45/providers/Microsoft.DocumentDB/databaseAccounts/cassandra-db2745/cassandraKeyspaces/db2/tables/table?api-version=2022-08-15-preview",
      "EncodedRequestUri": "L3N1YnNjcmlwdGlvbnMvMTIwNTNiOGYtY2FiNS00ZjVjLTljMWEtODcwNTgwMTQyYWJkL3Jlc291cmNlR3JvdXBzL0Nvc21vc0RCUmVzb3VyY2VHcm91cDQ1L3Byb3ZpZGVycy9NaWNyb3NvZnQuRG9jdW1lbnREQi9kYXRhYmFzZUFjY291bnRzL2Nhc3NhbmRyYS1kYjI3NDUvY2Fzc2FuZHJhS2V5c3BhY2VzL2RiMi90YWJsZXMvdGFibGU/YXBpLXZlcnNpb249MjAyMi0wOC0xNS1wcmV2aWV3",
      "RequestMethod": "GET",
      "RequestHeaders": {
        "x-ms-client-request-id": [
          "4e7453c7-d734-4895-ace0-ea4b8ed7f2de"
        ],
        "User-Agent": [
          "FxVersion/4.700.22.51102",
          "OSName/Windows",
          "OSVersion/Microsoft.Windows.10.0.19045",
          "Microsoft.Azure.Management.CosmosDB.CosmosDBManagementClient/1.8.2"
        ]
      },
      "RequestBody": "",
      "ResponseHeaders": {
        "Cache-Control": [
          "no-store, no-cache"
        ],
        "Pragma": [
          "no-cache"
        ],
        "Strict-Transport-Security": [
          "max-age=31536000; includeSubDomains"
        ],
        "x-ms-gatewayversion": [
          "version=2.14.0"
        ],
        "Server": [
          "Microsoft-HTTPAPI/2.0"
        ],
        "x-ms-ratelimit-remaining-subscription-reads": [
          "11997"
        ],
        "x-ms-request-id": [
          "037ae01f-65c9-4ad7-8b19-03cf6515abbf"
        ],
        "x-ms-correlation-request-id": [
          "037ae01f-65c9-4ad7-8b19-03cf6515abbf"
        ],
        "x-ms-routing-request-id": [
          "WESTUS:20221121T023112Z:037ae01f-65c9-4ad7-8b19-03cf6515abbf"
        ],
        "X-Content-Type-Options": [
          "nosniff"
        ],
        "Date": [
          "Mon, 21 Nov 2022 02:31:12 GMT"
        ],
        "Content-Length": [
          "677"
        ],
        "Content-Type": [
          "application/json"
        ]
      },
      "ResponseBody": "{\r\n  \"id\": \"/subscriptions/12053b8f-cab5-4f5c-9c1a-870580142abd/resourceGroups/CosmosDBResourceGroup45/providers/Microsoft.DocumentDB/databaseAccounts/cassandra-db2745/cassandraKeyspaces/db2/tables/table\",\r\n  \"type\": \"Microsoft.DocumentDB/databaseAccounts/cassandraKeyspaces/tables\",\r\n  \"name\": \"table\",\r\n  \"properties\": {\r\n    \"resource\": {\r\n      \"id\": \"table\",\r\n      \"_rid\": \"rdkuAJ8G64c=\",\r\n      \"_etag\": \"\\\"0000f708-0000-0100-0000-637ae2d50000\\\"\",\r\n      \"_ts\": 1668997845,\r\n      \"defaultTtl\": 0,\r\n      \"schema\": {\r\n        \"columns\": [\r\n          {\r\n            \"name\": \"ColumnA\",\r\n            \"type\": \"int\"\r\n          },\r\n          {\r\n            \"name\": \"ColumnB\",\r\n            \"type\": \"ascii\"\r\n          },\r\n          {\r\n            \"name\": \"ColumnC\",\r\n            \"type\": \"int\"\r\n          },\r\n          {\r\n            \"name\": \"ColumnD\",\r\n            \"type\": \"ascii\"\r\n          }\r\n        ],\r\n        \"partitionKeys\": [\r\n          {\r\n            \"name\": \"ColumnA\"\r\n          }\r\n        ],\r\n        \"clusterKeys\": [\r\n          {\r\n            \"name\": \"ColumnB\",\r\n            \"orderBy\": \"Asc\"\r\n          }\r\n        ]\r\n      }\r\n    }\r\n  }\r\n}",
      "StatusCode": 200
    },
    {
      "RequestUri": "/subscriptions/12053b8f-cab5-4f5c-9c1a-870580142abd/resourceGroups/CosmosDBResourceGroup45/providers/Microsoft.DocumentDB/databaseAccounts/cassandra-db2745/cassandraKeyspaces/db2/tables/table?api-version=2022-08-15-preview",
      "EncodedRequestUri": "L3N1YnNjcmlwdGlvbnMvMTIwNTNiOGYtY2FiNS00ZjVjLTljMWEtODcwNTgwMTQyYWJkL3Jlc291cmNlR3JvdXBzL0Nvc21vc0RCUmVzb3VyY2VHcm91cDQ1L3Byb3ZpZGVycy9NaWNyb3NvZnQuRG9jdW1lbnREQi9kYXRhYmFzZUFjY291bnRzL2Nhc3NhbmRyYS1kYjI3NDUvY2Fzc2FuZHJhS2V5c3BhY2VzL2RiMi90YWJsZXMvdGFibGU/YXBpLXZlcnNpb249MjAyMi0wOC0xNS1wcmV2aWV3",
      "RequestMethod": "GET",
      "RequestHeaders": {
        "x-ms-client-request-id": [
          "8a464b91-9743-4e7f-8e47-450037474db0"
        ],
        "Accept-Language": [
          "en-US"
        ],
        "User-Agent": [
          "FxVersion/4.700.22.51102",
          "OSName/Windows",
          "OSVersion/Microsoft.Windows.10.0.19045",
          "Microsoft.Azure.Management.CosmosDB.CosmosDBManagementClient/1.8.2"
        ]
      },
      "RequestBody": "",
      "ResponseHeaders": {
        "Cache-Control": [
          "no-store, no-cache"
        ],
        "Pragma": [
          "no-cache"
        ],
        "Strict-Transport-Security": [
          "max-age=31536000; includeSubDomains"
        ],
        "x-ms-gatewayversion": [
          "version=2.14.0"
        ],
        "Server": [
          "Microsoft-HTTPAPI/2.0"
        ],
        "x-ms-ratelimit-remaining-subscription-reads": [
          "11999"
        ],
        "x-ms-request-id": [
          "cd5bdc6e-e870-4d73-9dc5-bc8afaee2287"
        ],
        "x-ms-correlation-request-id": [
          "cd5bdc6e-e870-4d73-9dc5-bc8afaee2287"
        ],
        "x-ms-routing-request-id": [
          "WESTUS:20221121T023112Z:cd5bdc6e-e870-4d73-9dc5-bc8afaee2287"
        ],
        "X-Content-Type-Options": [
          "nosniff"
        ],
        "Date": [
          "Mon, 21 Nov 2022 02:31:12 GMT"
        ],
        "Content-Length": [
          "677"
        ],
        "Content-Type": [
          "application/json"
        ]
      },
      "ResponseBody": "{\r\n  \"id\": \"/subscriptions/12053b8f-cab5-4f5c-9c1a-870580142abd/resourceGroups/CosmosDBResourceGroup45/providers/Microsoft.DocumentDB/databaseAccounts/cassandra-db2745/cassandraKeyspaces/db2/tables/table\",\r\n  \"type\": \"Microsoft.DocumentDB/databaseAccounts/cassandraKeyspaces/tables\",\r\n  \"name\": \"table\",\r\n  \"properties\": {\r\n    \"resource\": {\r\n      \"id\": \"table\",\r\n      \"_rid\": \"rdkuAJ8G64c=\",\r\n      \"_etag\": \"\\\"0000f708-0000-0100-0000-637ae2d50000\\\"\",\r\n      \"_ts\": 1668997845,\r\n      \"defaultTtl\": 0,\r\n      \"schema\": {\r\n        \"columns\": [\r\n          {\r\n            \"name\": \"ColumnA\",\r\n            \"type\": \"int\"\r\n          },\r\n          {\r\n            \"name\": \"ColumnB\",\r\n            \"type\": \"ascii\"\r\n          },\r\n          {\r\n            \"name\": \"ColumnC\",\r\n            \"type\": \"int\"\r\n          },\r\n          {\r\n            \"name\": \"ColumnD\",\r\n            \"type\": \"ascii\"\r\n          }\r\n        ],\r\n        \"partitionKeys\": [\r\n          {\r\n            \"name\": \"ColumnA\"\r\n          }\r\n        ],\r\n        \"clusterKeys\": [\r\n          {\r\n            \"name\": \"ColumnB\",\r\n            \"orderBy\": \"Asc\"\r\n          }\r\n        ]\r\n      }\r\n    }\r\n  }\r\n}",
      "StatusCode": 200
    },
    {
      "RequestUri": "/subscriptions/12053b8f-cab5-4f5c-9c1a-870580142abd/resourceGroups/CosmosDBResourceGroup45/providers/Microsoft.DocumentDB/databaseAccounts/cassandra-db2745/cassandraKeyspaces/db2/tables/table?api-version=2022-08-15-preview",
      "EncodedRequestUri": "L3N1YnNjcmlwdGlvbnMvMTIwNTNiOGYtY2FiNS00ZjVjLTljMWEtODcwNTgwMTQyYWJkL3Jlc291cmNlR3JvdXBzL0Nvc21vc0RCUmVzb3VyY2VHcm91cDQ1L3Byb3ZpZGVycy9NaWNyb3NvZnQuRG9jdW1lbnREQi9kYXRhYmFzZUFjY291bnRzL2Nhc3NhbmRyYS1kYjI3NDUvY2Fzc2FuZHJhS2V5c3BhY2VzL2RiMi90YWJsZXMvdGFibGU/YXBpLXZlcnNpb249MjAyMi0wOC0xNS1wcmV2aWV3",
      "RequestMethod": "GET",
      "RequestHeaders": {
        "x-ms-client-request-id": [
          "8a464b91-9743-4e7f-8e47-450037474db0"
        ],
        "User-Agent": [
          "FxVersion/4.700.22.51102",
          "OSName/Windows",
          "OSVersion/Microsoft.Windows.10.0.19045",
          "Microsoft.Azure.Management.CosmosDB.CosmosDBManagementClient/1.8.2"
        ]
      },
      "RequestBody": "",
      "ResponseHeaders": {
        "Cache-Control": [
          "no-store, no-cache"
        ],
        "Pragma": [
          "no-cache"
        ],
        "Strict-Transport-Security": [
          "max-age=31536000; includeSubDomains"
        ],
        "x-ms-gatewayversion": [
          "version=2.14.0"
        ],
        "Server": [
          "Microsoft-HTTPAPI/2.0"
        ],
        "x-ms-ratelimit-remaining-subscription-reads": [
          "11997"
        ],
        "x-ms-request-id": [
          "1f36cfaf-84ee-4c74-89bf-a28f0d3487ef"
        ],
        "x-ms-correlation-request-id": [
          "1f36cfaf-84ee-4c74-89bf-a28f0d3487ef"
        ],
        "x-ms-routing-request-id": [
          "WESTUS:20221121T023144Z:1f36cfaf-84ee-4c74-89bf-a28f0d3487ef"
        ],
        "X-Content-Type-Options": [
          "nosniff"
        ],
        "Date": [
          "Mon, 21 Nov 2022 02:31:43 GMT"
        ],
        "Content-Length": [
          "677"
        ],
        "Content-Type": [
          "application/json"
        ]
      },
      "ResponseBody": "{\r\n  \"id\": \"/subscriptions/12053b8f-cab5-4f5c-9c1a-870580142abd/resourceGroups/CosmosDBResourceGroup45/providers/Microsoft.DocumentDB/databaseAccounts/cassandra-db2745/cassandraKeyspaces/db2/tables/table\",\r\n  \"type\": \"Microsoft.DocumentDB/databaseAccounts/cassandraKeyspaces/tables\",\r\n  \"name\": \"table\",\r\n  \"properties\": {\r\n    \"resource\": {\r\n      \"id\": \"table\",\r\n      \"_rid\": \"rdkuAJ8G64c=\",\r\n      \"_etag\": \"\\\"0000f708-0000-0100-0000-637ae2d50000\\\"\",\r\n      \"_ts\": 1668997845,\r\n      \"defaultTtl\": 0,\r\n      \"schema\": {\r\n        \"columns\": [\r\n          {\r\n            \"name\": \"ColumnA\",\r\n            \"type\": \"int\"\r\n          },\r\n          {\r\n            \"name\": \"ColumnB\",\r\n            \"type\": \"ascii\"\r\n          },\r\n          {\r\n            \"name\": \"ColumnC\",\r\n            \"type\": \"int\"\r\n          },\r\n          {\r\n            \"name\": \"ColumnD\",\r\n            \"type\": \"ascii\"\r\n          }\r\n        ],\r\n        \"partitionKeys\": [\r\n          {\r\n            \"name\": \"ColumnA\"\r\n          }\r\n        ],\r\n        \"clusterKeys\": [\r\n          {\r\n            \"name\": \"ColumnB\",\r\n            \"orderBy\": \"Asc\"\r\n          }\r\n        ]\r\n      }\r\n    }\r\n  }\r\n}",
      "StatusCode": 200
    },
    {
      "RequestUri": "/subscriptions/12053b8f-cab5-4f5c-9c1a-870580142abd/resourceGroups/CosmosDBResourceGroup45/providers/Microsoft.DocumentDB/databaseAccounts/cassandra-db2745/cassandraKeyspaces/db2/tables/table?api-version=2022-08-15-preview",
      "EncodedRequestUri": "L3N1YnNjcmlwdGlvbnMvMTIwNTNiOGYtY2FiNS00ZjVjLTljMWEtODcwNTgwMTQyYWJkL3Jlc291cmNlR3JvdXBzL0Nvc21vc0RCUmVzb3VyY2VHcm91cDQ1L3Byb3ZpZGVycy9NaWNyb3NvZnQuRG9jdW1lbnREQi9kYXRhYmFzZUFjY291bnRzL2Nhc3NhbmRyYS1kYjI3NDUvY2Fzc2FuZHJhS2V5c3BhY2VzL2RiMi90YWJsZXMvdGFibGU/YXBpLXZlcnNpb249MjAyMi0wOC0xNS1wcmV2aWV3",
      "RequestMethod": "GET",
      "RequestHeaders": {
        "x-ms-client-request-id": [
          "31f6c1c9-8468-42a2-9cce-3c7ee526a13c"
        ],
        "Accept-Language": [
          "en-US"
        ],
        "User-Agent": [
          "FxVersion/4.700.22.51102",
          "OSName/Windows",
          "OSVersion/Microsoft.Windows.10.0.19045",
          "Microsoft.Azure.Management.CosmosDB.CosmosDBManagementClient/1.8.2"
        ]
      },
      "RequestBody": "",
      "ResponseHeaders": {
        "Cache-Control": [
          "no-store, no-cache"
        ],
        "Pragma": [
          "no-cache"
        ],
        "Strict-Transport-Security": [
          "max-age=31536000; includeSubDomains"
        ],
        "x-ms-gatewayversion": [
          "version=2.14.0"
        ],
        "Server": [
          "Microsoft-HTTPAPI/2.0"
        ],
        "x-ms-ratelimit-remaining-subscription-reads": [
          "11999"
        ],
        "x-ms-request-id": [
          "3cf255d4-ab14-4514-afad-0e54d77471d7"
        ],
        "x-ms-correlation-request-id": [
          "3cf255d4-ab14-4514-afad-0e54d77471d7"
        ],
        "x-ms-routing-request-id": [
          "WESTUS:20221121T023145Z:3cf255d4-ab14-4514-afad-0e54d77471d7"
        ],
        "X-Content-Type-Options": [
          "nosniff"
        ],
        "Date": [
          "Mon, 21 Nov 2022 02:31:44 GMT"
        ],
        "Content-Length": [
          "677"
        ],
        "Content-Type": [
          "application/json"
        ]
      },
      "ResponseBody": "{\r\n  \"id\": \"/subscriptions/12053b8f-cab5-4f5c-9c1a-870580142abd/resourceGroups/CosmosDBResourceGroup45/providers/Microsoft.DocumentDB/databaseAccounts/cassandra-db2745/cassandraKeyspaces/db2/tables/table\",\r\n  \"type\": \"Microsoft.DocumentDB/databaseAccounts/cassandraKeyspaces/tables\",\r\n  \"name\": \"table\",\r\n  \"properties\": {\r\n    \"resource\": {\r\n      \"id\": \"table\",\r\n      \"_rid\": \"rdkuAJ8G64c=\",\r\n      \"_etag\": \"\\\"0000f708-0000-0100-0000-637ae2d50000\\\"\",\r\n      \"_ts\": 1668997845,\r\n      \"defaultTtl\": 0,\r\n      \"schema\": {\r\n        \"columns\": [\r\n          {\r\n            \"name\": \"ColumnA\",\r\n            \"type\": \"int\"\r\n          },\r\n          {\r\n            \"name\": \"ColumnB\",\r\n            \"type\": \"ascii\"\r\n          },\r\n          {\r\n            \"name\": \"ColumnC\",\r\n            \"type\": \"int\"\r\n          },\r\n          {\r\n            \"name\": \"ColumnD\",\r\n            \"type\": \"ascii\"\r\n          }\r\n        ],\r\n        \"partitionKeys\": [\r\n          {\r\n            \"name\": \"ColumnA\"\r\n          }\r\n        ],\r\n        \"clusterKeys\": [\r\n          {\r\n            \"name\": \"ColumnB\",\r\n            \"orderBy\": \"Asc\"\r\n          }\r\n        ]\r\n      }\r\n    }\r\n  }\r\n}",
      "StatusCode": 200
    },
    {
      "RequestUri": "/subscriptions/12053b8f-cab5-4f5c-9c1a-870580142abd/resourceGroups/CosmosDBResourceGroup45/providers/Microsoft.DocumentDB/databaseAccounts/cassandra-db2745/cassandraKeyspaces/db2/tables/table?api-version=2022-08-15-preview",
      "EncodedRequestUri": "L3N1YnNjcmlwdGlvbnMvMTIwNTNiOGYtY2FiNS00ZjVjLTljMWEtODcwNTgwMTQyYWJkL3Jlc291cmNlR3JvdXBzL0Nvc21vc0RCUmVzb3VyY2VHcm91cDQ1L3Byb3ZpZGVycy9NaWNyb3NvZnQuRG9jdW1lbnREQi9kYXRhYmFzZUFjY291bnRzL2Nhc3NhbmRyYS1kYjI3NDUvY2Fzc2FuZHJhS2V5c3BhY2VzL2RiMi90YWJsZXMvdGFibGU/YXBpLXZlcnNpb249MjAyMi0wOC0xNS1wcmV2aWV3",
      "RequestMethod": "PUT",
      "RequestHeaders": {
        "x-ms-client-request-id": [
          "b3e49f09-7149-4bd2-8e6a-0fb6796c2cbb"
        ],
        "Accept-Language": [
          "en-US"
        ],
        "User-Agent": [
          "FxVersion/4.700.22.51102",
          "OSName/Windows",
          "OSVersion/Microsoft.Windows.10.0.19045",
          "Microsoft.Azure.Management.CosmosDB.CosmosDBManagementClient/1.8.2"
        ],
        "Content-Type": [
          "application/json; charset=utf-8"
        ],
        "Content-Length": [
          "553"
        ]
      },
      "RequestBody": "{\r\n  \"properties\": {\r\n    \"resource\": {\r\n      \"id\": \"table\",\r\n      \"schema\": {\r\n        \"columns\": [\r\n          {\r\n            \"name\": \"ColumnA\",\r\n            \"type\": \"int\"\r\n          },\r\n          {\r\n            \"name\": \"ColumnB\",\r\n            \"type\": \"ascii\"\r\n          }\r\n        ],\r\n        \"partitionKeys\": [\r\n          {\r\n            \"name\": \"ColumnA\"\r\n          }\r\n        ],\r\n        \"clusterKeys\": [\r\n          {\r\n            \"name\": \"ColumnB\",\r\n            \"orderBy\": \"Asc\"\r\n          }\r\n        ]\r\n      }\r\n    },\r\n    \"options\": {}\r\n  }\r\n}",
      "ResponseHeaders": {
        "Cache-Control": [
          "no-store, no-cache"
        ],
        "Pragma": [
          "no-cache"
        ],
        "Location": [
          "https://management.azure.com/subscriptions/12053b8f-cab5-4f5c-9c1a-870580142abd/resourceGroups/CosmosDBResourceGroup45/providers/Microsoft.DocumentDB/databaseAccounts/cassandra-db2745/cassandraKeyspaces/db2/tables/table/operationResults/6674a3de-d0df-4916-9d2d-9e833ea34087?api-version=2022-08-15-preview"
        ],
        "Azure-AsyncOperation": [
          "https://management.azure.com/subscriptions/12053b8f-cab5-4f5c-9c1a-870580142abd/providers/Microsoft.DocumentDB/locations/eastus/operationsStatus/6674a3de-d0df-4916-9d2d-9e833ea34087?api-version=2022-08-15-preview"
        ],
        "x-ms-request-id": [
          "6674a3de-d0df-4916-9d2d-9e833ea34087"
        ],
        "Strict-Transport-Security": [
          "max-age=31536000; includeSubDomains"
        ],
        "x-ms-gatewayversion": [
          "version=2.14.0"
        ],
        "Server": [
          "Microsoft-HTTPAPI/2.0"
        ],
        "x-ms-ratelimit-remaining-subscription-writes": [
          "1199"
        ],
        "x-ms-correlation-request-id": [
          "5b9a067b-60c4-4bb7-8b89-bb1cdf8e0943"
        ],
        "x-ms-routing-request-id": [
          "WESTUS:20221121T023009Z:5b9a067b-60c4-4bb7-8b89-bb1cdf8e0943"
        ],
        "X-Content-Type-Options": [
          "nosniff"
        ],
        "Date": [
          "Mon, 21 Nov 2022 02:30:09 GMT"
        ],
        "Content-Length": [
          "21"
        ],
        "Content-Type": [
          "application/json"
        ]
      },
      "ResponseBody": "{\r\n  \"status\": \"Enqueued\"\r\n}",
      "StatusCode": 202
    },
    {
      "RequestUri": "/subscriptions/12053b8f-cab5-4f5c-9c1a-870580142abd/resourceGroups/CosmosDBResourceGroup45/providers/Microsoft.DocumentDB/databaseAccounts/cassandra-db2745/cassandraKeyspaces/db2/tables/table?api-version=2022-08-15-preview",
      "EncodedRequestUri": "L3N1YnNjcmlwdGlvbnMvMTIwNTNiOGYtY2FiNS00ZjVjLTljMWEtODcwNTgwMTQyYWJkL3Jlc291cmNlR3JvdXBzL0Nvc21vc0RCUmVzb3VyY2VHcm91cDQ1L3Byb3ZpZGVycy9NaWNyb3NvZnQuRG9jdW1lbnREQi9kYXRhYmFzZUFjY291bnRzL2Nhc3NhbmRyYS1kYjI3NDUvY2Fzc2FuZHJhS2V5c3BhY2VzL2RiMi90YWJsZXMvdGFibGU/YXBpLXZlcnNpb249MjAyMi0wOC0xNS1wcmV2aWV3",
      "RequestMethod": "PUT",
      "RequestHeaders": {
        "x-ms-client-request-id": [
          "4e7453c7-d734-4895-ace0-ea4b8ed7f2de"
        ],
        "Accept-Language": [
          "en-US"
        ],
        "User-Agent": [
          "FxVersion/4.700.22.51102",
          "OSName/Windows",
          "OSVersion/Microsoft.Windows.10.0.19045",
          "Microsoft.Azure.Management.CosmosDB.CosmosDBManagementClient/1.8.2"
        ],
        "Content-Type": [
          "application/json; charset=utf-8"
        ],
        "Content-Length": [
          "751"
        ]
      },
      "RequestBody": "{\r\n  \"properties\": {\r\n    \"resource\": {\r\n      \"id\": \"table\",\r\n      \"defaultTtl\": 0,\r\n      \"schema\": {\r\n        \"columns\": [\r\n          {\r\n            \"name\": \"ColumnA\",\r\n            \"type\": \"int\"\r\n          },\r\n          {\r\n            \"name\": \"ColumnB\",\r\n            \"type\": \"ascii\"\r\n          },\r\n          {\r\n            \"name\": \"ColumnC\",\r\n            \"type\": \"int\"\r\n          },\r\n          {\r\n            \"name\": \"ColumnD\",\r\n            \"type\": \"ascii\"\r\n          }\r\n        ],\r\n        \"partitionKeys\": [\r\n          {\r\n            \"name\": \"ColumnA\"\r\n          }\r\n        ],\r\n        \"clusterKeys\": [\r\n          {\r\n            \"name\": \"ColumnB\",\r\n            \"orderBy\": \"Asc\"\r\n          }\r\n        ]\r\n      }\r\n    },\r\n    \"options\": {}\r\n  }\r\n}",
      "ResponseHeaders": {
        "Cache-Control": [
          "no-store, no-cache"
        ],
        "Pragma": [
          "no-cache"
        ],
        "Location": [
          "https://management.azure.com/subscriptions/12053b8f-cab5-4f5c-9c1a-870580142abd/resourceGroups/CosmosDBResourceGroup45/providers/Microsoft.DocumentDB/databaseAccounts/cassandra-db2745/cassandraKeyspaces/db2/tables/table/operationResults/453c0c68-98c5-4348-8923-c7fd3e2a8783?api-version=2022-08-15-preview"
        ],
        "Azure-AsyncOperation": [
          "https://management.azure.com/subscriptions/12053b8f-cab5-4f5c-9c1a-870580142abd/providers/Microsoft.DocumentDB/locations/eastus/operationsStatus/453c0c68-98c5-4348-8923-c7fd3e2a8783?api-version=2022-08-15-preview"
        ],
        "x-ms-request-id": [
          "453c0c68-98c5-4348-8923-c7fd3e2a8783"
        ],
        "Strict-Transport-Security": [
          "max-age=31536000; includeSubDomains"
        ],
        "x-ms-gatewayversion": [
          "version=2.14.0"
        ],
        "Server": [
          "Microsoft-HTTPAPI/2.0"
        ],
        "x-ms-ratelimit-remaining-subscription-writes": [
          "1199"
        ],
        "x-ms-correlation-request-id": [
          "2576b1b7-ae14-4497-b87d-44c2b0f0210b"
        ],
        "x-ms-routing-request-id": [
          "WESTUS:20221121T023041Z:2576b1b7-ae14-4497-b87d-44c2b0f0210b"
        ],
        "X-Content-Type-Options": [
          "nosniff"
        ],
        "Date": [
          "Mon, 21 Nov 2022 02:30:41 GMT"
        ],
        "Content-Length": [
          "21"
        ],
        "Content-Type": [
          "application/json"
        ]
      },
      "ResponseBody": "{\r\n  \"status\": \"Enqueued\"\r\n}",
      "StatusCode": 202
    },
    {
      "RequestUri": "/subscriptions/12053b8f-cab5-4f5c-9c1a-870580142abd/resourceGroups/CosmosDBResourceGroup45/providers/Microsoft.DocumentDB/databaseAccounts/cassandra-db2745/cassandraKeyspaces/db2/tables/table?api-version=2022-08-15-preview",
      "EncodedRequestUri": "L3N1YnNjcmlwdGlvbnMvMTIwNTNiOGYtY2FiNS00ZjVjLTljMWEtODcwNTgwMTQyYWJkL3Jlc291cmNlR3JvdXBzL0Nvc21vc0RCUmVzb3VyY2VHcm91cDQ1L3Byb3ZpZGVycy9NaWNyb3NvZnQuRG9jdW1lbnREQi9kYXRhYmFzZUFjY291bnRzL2Nhc3NhbmRyYS1kYjI3NDUvY2Fzc2FuZHJhS2V5c3BhY2VzL2RiMi90YWJsZXMvdGFibGU/YXBpLXZlcnNpb249MjAyMi0wOC0xNS1wcmV2aWV3",
      "RequestMethod": "PUT",
      "RequestHeaders": {
        "x-ms-client-request-id": [
          "8a464b91-9743-4e7f-8e47-450037474db0"
        ],
        "Accept-Language": [
          "en-US"
        ],
        "User-Agent": [
          "FxVersion/4.700.22.51102",
          "OSName/Windows",
          "OSVersion/Microsoft.Windows.10.0.19045",
          "Microsoft.Azure.Management.CosmosDB.CosmosDBManagementClient/1.8.2"
        ],
        "Content-Type": [
          "application/json; charset=utf-8"
        ],
        "Content-Length": [
          "751"
        ]
      },
      "RequestBody": "{\r\n  \"properties\": {\r\n    \"resource\": {\r\n      \"id\": \"table\",\r\n      \"defaultTtl\": 0,\r\n      \"schema\": {\r\n        \"columns\": [\r\n          {\r\n            \"name\": \"ColumnA\",\r\n            \"type\": \"int\"\r\n          },\r\n          {\r\n            \"name\": \"ColumnB\",\r\n            \"type\": \"ascii\"\r\n          },\r\n          {\r\n            \"name\": \"ColumnC\",\r\n            \"type\": \"int\"\r\n          },\r\n          {\r\n            \"name\": \"ColumnD\",\r\n            \"type\": \"ascii\"\r\n          }\r\n        ],\r\n        \"partitionKeys\": [\r\n          {\r\n            \"name\": \"ColumnA\"\r\n          }\r\n        ],\r\n        \"clusterKeys\": [\r\n          {\r\n            \"name\": \"ColumnB\",\r\n            \"orderBy\": \"Asc\"\r\n          }\r\n        ]\r\n      }\r\n    },\r\n    \"options\": {}\r\n  }\r\n}",
      "ResponseHeaders": {
        "Cache-Control": [
          "no-store, no-cache"
        ],
        "Pragma": [
          "no-cache"
        ],
        "Location": [
          "https://management.azure.com/subscriptions/12053b8f-cab5-4f5c-9c1a-870580142abd/resourceGroups/CosmosDBResourceGroup45/providers/Microsoft.DocumentDB/databaseAccounts/cassandra-db2745/cassandraKeyspaces/db2/tables/table/operationResults/d00db4ac-6365-4740-9a43-619f475bf981?api-version=2022-08-15-preview"
        ],
        "Azure-AsyncOperation": [
          "https://management.azure.com/subscriptions/12053b8f-cab5-4f5c-9c1a-870580142abd/providers/Microsoft.DocumentDB/locations/eastus/operationsStatus/d00db4ac-6365-4740-9a43-619f475bf981?api-version=2022-08-15-preview"
        ],
        "x-ms-request-id": [
          "d00db4ac-6365-4740-9a43-619f475bf981"
        ],
        "Strict-Transport-Security": [
          "max-age=31536000; includeSubDomains"
        ],
        "x-ms-gatewayversion": [
          "version=2.14.0"
        ],
        "Server": [
          "Microsoft-HTTPAPI/2.0"
        ],
        "x-ms-ratelimit-remaining-subscription-writes": [
          "1199"
        ],
        "x-ms-correlation-request-id": [
          "7c712e83-fc38-4534-8707-fc749b0620e9"
        ],
        "x-ms-routing-request-id": [
          "WESTUS:20221121T023113Z:7c712e83-fc38-4534-8707-fc749b0620e9"
        ],
        "X-Content-Type-Options": [
          "nosniff"
        ],
        "Date": [
          "Mon, 21 Nov 2022 02:31:13 GMT"
        ],
        "Content-Length": [
          "21"
        ],
        "Content-Type": [
          "application/json"
        ]
      },
      "ResponseBody": "{\r\n  \"status\": \"Enqueued\"\r\n}",
      "StatusCode": 202
    },
    {
      "RequestUri": "/subscriptions/12053b8f-cab5-4f5c-9c1a-870580142abd/providers/Microsoft.DocumentDB/locations/eastus/operationsStatus/6674a3de-d0df-4916-9d2d-9e833ea34087?api-version=2022-08-15-preview",
      "EncodedRequestUri": "L3N1YnNjcmlwdGlvbnMvMTIwNTNiOGYtY2FiNS00ZjVjLTljMWEtODcwNTgwMTQyYWJkL3Byb3ZpZGVycy9NaWNyb3NvZnQuRG9jdW1lbnREQi9sb2NhdGlvbnMvZWFzdHVzL29wZXJhdGlvbnNTdGF0dXMvNjY3NGEzZGUtZDBkZi00OTE2LTlkMmQtOWU4MzNlYTM0MDg3P2FwaS12ZXJzaW9uPTIwMjItMDgtMTUtcHJldmlldw==",
      "RequestMethod": "GET",
      "RequestHeaders": {
        "x-ms-client-request-id": [
          "b3e49f09-7149-4bd2-8e6a-0fb6796c2cbb"
        ],
        "User-Agent": [
          "FxVersion/4.700.22.51102",
          "OSName/Windows",
          "OSVersion/Microsoft.Windows.10.0.19045",
          "Microsoft.Azure.Management.CosmosDB.CosmosDBManagementClient/1.8.2"
        ]
      },
      "RequestBody": "",
      "ResponseHeaders": {
        "Cache-Control": [
          "no-store, no-cache"
        ],
        "Pragma": [
          "no-cache"
        ],
        "Strict-Transport-Security": [
          "max-age=31536000; includeSubDomains"
        ],
        "x-ms-gatewayversion": [
          "version=2.14.0"
        ],
        "Server": [
          "Microsoft-HTTPAPI/2.0"
        ],
        "x-ms-ratelimit-remaining-subscription-reads": [
          "11998"
        ],
        "x-ms-request-id": [
          "2673fa2f-3895-4c1c-93c3-61f48976ba3e"
        ],
        "x-ms-correlation-request-id": [
          "2673fa2f-3895-4c1c-93c3-61f48976ba3e"
        ],
        "x-ms-routing-request-id": [
          "WESTUS:20221121T023039Z:2673fa2f-3895-4c1c-93c3-61f48976ba3e"
        ],
        "X-Content-Type-Options": [
          "nosniff"
        ],
        "Date": [
          "Mon, 21 Nov 2022 02:30:38 GMT"
        ],
        "Content-Length": [
          "22"
        ],
        "Content-Type": [
          "application/json"
        ]
      },
      "ResponseBody": "{\r\n  \"status\": \"Succeeded\"\r\n}",
      "StatusCode": 200
    },
    {
      "RequestUri": "/subscriptions/12053b8f-cab5-4f5c-9c1a-870580142abd/providers/Microsoft.DocumentDB/locations/eastus/operationsStatus/453c0c68-98c5-4348-8923-c7fd3e2a8783?api-version=2022-08-15-preview",
      "EncodedRequestUri": "L3N1YnNjcmlwdGlvbnMvMTIwNTNiOGYtY2FiNS00ZjVjLTljMWEtODcwNTgwMTQyYWJkL3Byb3ZpZGVycy9NaWNyb3NvZnQuRG9jdW1lbnREQi9sb2NhdGlvbnMvZWFzdHVzL29wZXJhdGlvbnNTdGF0dXMvNDUzYzBjNjgtOThjNS00MzQ4LTg5MjMtYzdmZDNlMmE4NzgzP2FwaS12ZXJzaW9uPTIwMjItMDgtMTUtcHJldmlldw==",
      "RequestMethod": "GET",
      "RequestHeaders": {
        "x-ms-client-request-id": [
          "4e7453c7-d734-4895-ace0-ea4b8ed7f2de"
        ],
        "User-Agent": [
          "FxVersion/4.700.22.51102",
          "OSName/Windows",
          "OSVersion/Microsoft.Windows.10.0.19045",
          "Microsoft.Azure.Management.CosmosDB.CosmosDBManagementClient/1.8.2"
        ]
      },
      "RequestBody": "",
      "ResponseHeaders": {
        "Cache-Control": [
          "no-store, no-cache"
        ],
        "Pragma": [
          "no-cache"
        ],
        "Strict-Transport-Security": [
          "max-age=31536000; includeSubDomains"
        ],
        "x-ms-gatewayversion": [
          "version=2.14.0"
        ],
        "Server": [
          "Microsoft-HTTPAPI/2.0"
        ],
        "x-ms-ratelimit-remaining-subscription-reads": [
          "11998"
        ],
        "x-ms-request-id": [
          "5e1872e2-263f-4ce2-8a66-b4f8ef025feb"
        ],
        "x-ms-correlation-request-id": [
          "5e1872e2-263f-4ce2-8a66-b4f8ef025feb"
        ],
        "x-ms-routing-request-id": [
          "WESTUS:20221121T023111Z:5e1872e2-263f-4ce2-8a66-b4f8ef025feb"
        ],
        "X-Content-Type-Options": [
          "nosniff"
        ],
        "Date": [
          "Mon, 21 Nov 2022 02:31:11 GMT"
        ],
        "Content-Length": [
          "22"
        ],
        "Content-Type": [
          "application/json"
        ]
      },
      "ResponseBody": "{\r\n  \"status\": \"Succeeded\"\r\n}",
      "StatusCode": 200
    },
    {
      "RequestUri": "/subscriptions/12053b8f-cab5-4f5c-9c1a-870580142abd/providers/Microsoft.DocumentDB/locations/eastus/operationsStatus/d00db4ac-6365-4740-9a43-619f475bf981?api-version=2022-08-15-preview",
      "EncodedRequestUri": "L3N1YnNjcmlwdGlvbnMvMTIwNTNiOGYtY2FiNS00ZjVjLTljMWEtODcwNTgwMTQyYWJkL3Byb3ZpZGVycy9NaWNyb3NvZnQuRG9jdW1lbnREQi9sb2NhdGlvbnMvZWFzdHVzL29wZXJhdGlvbnNTdGF0dXMvZDAwZGI0YWMtNjM2NS00NzQwLTlhNDMtNjE5ZjQ3NWJmOTgxP2FwaS12ZXJzaW9uPTIwMjItMDgtMTUtcHJldmlldw==",
      "RequestMethod": "GET",
      "RequestHeaders": {
        "x-ms-client-request-id": [
          "8a464b91-9743-4e7f-8e47-450037474db0"
        ],
        "User-Agent": [
          "FxVersion/4.700.22.51102",
          "OSName/Windows",
          "OSVersion/Microsoft.Windows.10.0.19045",
          "Microsoft.Azure.Management.CosmosDB.CosmosDBManagementClient/1.8.2"
        ]
      },
      "RequestBody": "",
      "ResponseHeaders": {
        "Cache-Control": [
          "no-store, no-cache"
        ],
        "Pragma": [
          "no-cache"
        ],
        "Strict-Transport-Security": [
          "max-age=31536000; includeSubDomains"
        ],
        "x-ms-gatewayversion": [
          "version=2.14.0"
        ],
        "Server": [
          "Microsoft-HTTPAPI/2.0"
        ],
        "x-ms-ratelimit-remaining-subscription-reads": [
          "11998"
        ],
        "x-ms-request-id": [
          "98820c02-41dd-4be0-9e14-e6e481ec3fdf"
        ],
        "x-ms-correlation-request-id": [
          "98820c02-41dd-4be0-9e14-e6e481ec3fdf"
        ],
        "x-ms-routing-request-id": [
          "WESTUS:20221121T023143Z:98820c02-41dd-4be0-9e14-e6e481ec3fdf"
        ],
        "X-Content-Type-Options": [
          "nosniff"
        ],
        "Date": [
          "Mon, 21 Nov 2022 02:31:43 GMT"
        ],
        "Content-Length": [
          "22"
        ],
        "Content-Type": [
          "application/json"
        ]
      },
      "ResponseBody": "{\r\n  \"status\": \"Succeeded\"\r\n}",
      "StatusCode": 200
    },
    {
      "RequestUri": "/subscriptions/12053b8f-cab5-4f5c-9c1a-870580142abd/resourceGroups/CosmosDBResourceGroup45/providers/Microsoft.DocumentDB/databaseAccounts/cassandra-db2745/cassandraKeyspaces/db2/tables?api-version=2022-08-15-preview",
      "EncodedRequestUri": "L3N1YnNjcmlwdGlvbnMvMTIwNTNiOGYtY2FiNS00ZjVjLTljMWEtODcwNTgwMTQyYWJkL3Jlc291cmNlR3JvdXBzL0Nvc21vc0RCUmVzb3VyY2VHcm91cDQ1L3Byb3ZpZGVycy9NaWNyb3NvZnQuRG9jdW1lbnREQi9kYXRhYmFzZUFjY291bnRzL2Nhc3NhbmRyYS1kYjI3NDUvY2Fzc2FuZHJhS2V5c3BhY2VzL2RiMi90YWJsZXM/YXBpLXZlcnNpb249MjAyMi0wOC0xNS1wcmV2aWV3",
      "RequestMethod": "GET",
      "RequestHeaders": {
        "x-ms-client-request-id": [
          "43f63bc3-82dc-4a1e-92cc-602701d30c0b"
        ],
        "Accept-Language": [
          "en-US"
        ],
        "User-Agent": [
          "FxVersion/4.700.22.51102",
          "OSName/Windows",
          "OSVersion/Microsoft.Windows.10.0.19045",
          "Microsoft.Azure.Management.CosmosDB.CosmosDBManagementClient/1.8.2"
        ]
      },
      "RequestBody": "",
      "ResponseHeaders": {
        "Cache-Control": [
          "no-store, no-cache"
        ],
        "Pragma": [
          "no-cache"
        ],
        "Strict-Transport-Security": [
          "max-age=31536000; includeSubDomains"
        ],
        "x-ms-gatewayversion": [
          "version=2.14.0"
        ],
        "Server": [
          "Microsoft-HTTPAPI/2.0"
        ],
        "x-ms-ratelimit-remaining-subscription-reads": [
          "11999"
        ],
        "x-ms-request-id": [
          "ee4f3813-e645-4198-bd46-c914ecb90476"
        ],
        "x-ms-correlation-request-id": [
          "ee4f3813-e645-4198-bd46-c914ecb90476"
        ],
        "x-ms-routing-request-id": [
          "WESTUS:20221121T023145Z:ee4f3813-e645-4198-bd46-c914ecb90476"
        ],
        "X-Content-Type-Options": [
          "nosniff"
        ],
        "Date": [
          "Mon, 21 Nov 2022 02:31:45 GMT"
        ],
        "Content-Length": [
          "689"
        ],
        "Content-Type": [
          "application/json"
        ]
      },
      "ResponseBody": "{\r\n  \"value\": [\r\n    {\r\n      \"id\": \"/subscriptions/12053b8f-cab5-4f5c-9c1a-870580142abd/resourceGroups/CosmosDBResourceGroup45/providers/Microsoft.DocumentDB/databaseAccounts/cassandra-db2745/cassandraKeyspaces/db2/tables/table\",\r\n      \"type\": \"Microsoft.DocumentDB/databaseAccounts/cassandraKeyspaces/tables\",\r\n      \"name\": \"table\",\r\n      \"properties\": {\r\n        \"resource\": {\r\n          \"id\": \"table\",\r\n          \"_rid\": \"rdkuAJ8G64c=\",\r\n          \"_etag\": \"\\\"0000f708-0000-0100-0000-637ae2d50000\\\"\",\r\n          \"_ts\": 1668997845,\r\n          \"defaultTtl\": 0,\r\n          \"schema\": {\r\n            \"columns\": [\r\n              {\r\n                \"name\": \"ColumnA\",\r\n                \"type\": \"int\"\r\n              },\r\n              {\r\n                \"name\": \"ColumnB\",\r\n                \"type\": \"ascii\"\r\n              },\r\n              {\r\n                \"name\": \"ColumnC\",\r\n                \"type\": \"int\"\r\n              },\r\n              {\r\n                \"name\": \"ColumnD\",\r\n                \"type\": \"ascii\"\r\n              }\r\n            ],\r\n            \"partitionKeys\": [\r\n              {\r\n                \"name\": \"ColumnA\"\r\n              }\r\n            ],\r\n            \"clusterKeys\": [\r\n              {\r\n                \"name\": \"ColumnB\",\r\n                \"orderBy\": \"Asc\"\r\n              }\r\n            ]\r\n          }\r\n        }\r\n      }\r\n    }\r\n  ]\r\n}",
      "StatusCode": 200
    },
    {
      "RequestUri": "/subscriptions/12053b8f-cab5-4f5c-9c1a-870580142abd/resourceGroups/CosmosDBResourceGroup45/providers/Microsoft.DocumentDB/databaseAccounts/cassandra-db2745/cassandraKeyspaces?api-version=2022-08-15-preview",
      "EncodedRequestUri": "L3N1YnNjcmlwdGlvbnMvMTIwNTNiOGYtY2FiNS00ZjVjLTljMWEtODcwNTgwMTQyYWJkL3Jlc291cmNlR3JvdXBzL0Nvc21vc0RCUmVzb3VyY2VHcm91cDQ1L3Byb3ZpZGVycy9NaWNyb3NvZnQuRG9jdW1lbnREQi9kYXRhYmFzZUFjY291bnRzL2Nhc3NhbmRyYS1kYjI3NDUvY2Fzc2FuZHJhS2V5c3BhY2VzP2FwaS12ZXJzaW9uPTIwMjItMDgtMTUtcHJldmlldw==",
      "RequestMethod": "GET",
      "RequestHeaders": {
        "x-ms-client-request-id": [
          "0c80f39d-f5d6-4ee1-8750-d040b28bde0a"
        ],
        "Accept-Language": [
          "en-US"
        ],
        "User-Agent": [
          "FxVersion/4.700.22.51102",
          "OSName/Windows",
          "OSVersion/Microsoft.Windows.10.0.19045",
          "Microsoft.Azure.Management.CosmosDB.CosmosDBManagementClient/1.8.2"
        ]
      },
      "RequestBody": "",
      "ResponseHeaders": {
        "Cache-Control": [
          "no-store, no-cache"
        ],
        "Pragma": [
          "no-cache"
        ],
        "Strict-Transport-Security": [
          "max-age=31536000; includeSubDomains"
        ],
        "x-ms-gatewayversion": [
          "version=2.14.0"
        ],
        "Server": [
          "Microsoft-HTTPAPI/2.0"
        ],
        "x-ms-ratelimit-remaining-subscription-reads": [
          "11999"
        ],
        "x-ms-request-id": [
          "adef3632-4a02-4767-aaa9-8aaa755b4ccf"
        ],
        "x-ms-correlation-request-id": [
          "adef3632-4a02-4767-aaa9-8aaa755b4ccf"
        ],
        "x-ms-routing-request-id": [
          "WESTUS:20221121T023146Z:adef3632-4a02-4767-aaa9-8aaa755b4ccf"
        ],
        "X-Content-Type-Options": [
          "nosniff"
        ],
        "Date": [
          "Mon, 21 Nov 2022 02:31:45 GMT"
        ],
        "Content-Length": [
          "403"
        ],
        "Content-Type": [
          "application/json"
        ]
      },
      "ResponseBody": "{\r\n  \"value\": [\r\n    {\r\n      \"id\": \"/subscriptions/12053b8f-cab5-4f5c-9c1a-870580142abd/resourceGroups/CosmosDBResourceGroup45/providers/Microsoft.DocumentDB/databaseAccounts/cassandra-db2745/cassandraKeyspaces/db2\",\r\n      \"type\": \"Microsoft.DocumentDB/databaseAccounts/cassandraKeyspaces\",\r\n      \"name\": \"db2\",\r\n      \"properties\": {\r\n        \"resource\": {\r\n          \"id\": \"db2\",\r\n          \"_rid\": \"rdkuAA==\",\r\n          \"_etag\": \"\\\"0000ec08-0000-0100-0000-637ae2580000\\\"\",\r\n          \"_ts\": 1668997720\r\n        }\r\n      }\r\n    }\r\n  ]\r\n}",
      "StatusCode": 200
    },
    {
      "RequestUri": "/subscriptions/12053b8f-cab5-4f5c-9c1a-870580142abd/resourceGroups/CosmosDBResourceGroup45/providers/Microsoft.DocumentDB/databaseAccounts/cassandra-db2745/cassandraKeyspaces/db2/tables/table?api-version=2022-08-15-preview",
      "EncodedRequestUri": "L3N1YnNjcmlwdGlvbnMvMTIwNTNiOGYtY2FiNS00ZjVjLTljMWEtODcwNTgwMTQyYWJkL3Jlc291cmNlR3JvdXBzL0Nvc21vc0RCUmVzb3VyY2VHcm91cDQ1L3Byb3ZpZGVycy9NaWNyb3NvZnQuRG9jdW1lbnREQi9kYXRhYmFzZUFjY291bnRzL2Nhc3NhbmRyYS1kYjI3NDUvY2Fzc2FuZHJhS2V5c3BhY2VzL2RiMi90YWJsZXMvdGFibGU/YXBpLXZlcnNpb249MjAyMi0wOC0xNS1wcmV2aWV3",
      "RequestMethod": "DELETE",
      "RequestHeaders": {
        "x-ms-client-request-id": [
          "c4f2b2b8-754e-483a-ac1a-bdff2a6b38b7"
        ],
        "Accept-Language": [
          "en-US"
        ],
        "User-Agent": [
          "FxVersion/4.700.22.51102",
          "OSName/Windows",
          "OSVersion/Microsoft.Windows.10.0.19045",
          "Microsoft.Azure.Management.CosmosDB.CosmosDBManagementClient/1.8.2"
        ]
      },
      "RequestBody": "",
      "ResponseHeaders": {
        "Cache-Control": [
          "no-store, no-cache"
        ],
        "Pragma": [
          "no-cache"
        ],
        "Location": [
          "https://management.azure.com/subscriptions/12053b8f-cab5-4f5c-9c1a-870580142abd/resourceGroups/CosmosDBResourceGroup45/providers/Microsoft.DocumentDB/databaseAccounts/cassandra-db2745/cassandraKeyspaces/db2/tables/table/operationResults/52a74429-4523-4d4c-bb32-29eeaa344873?api-version=2022-08-15-preview"
        ],
        "Azure-AsyncOperation": [
          "https://management.azure.com/subscriptions/12053b8f-cab5-4f5c-9c1a-870580142abd/providers/Microsoft.DocumentDB/locations/eastus/operationsStatus/52a74429-4523-4d4c-bb32-29eeaa344873?api-version=2022-08-15-preview"
        ],
        "x-ms-request-id": [
          "52a74429-4523-4d4c-bb32-29eeaa344873"
        ],
        "Strict-Transport-Security": [
          "max-age=31536000; includeSubDomains"
        ],
        "x-ms-gatewayversion": [
          "version=2.14.0"
        ],
        "Server": [
          "Microsoft-HTTPAPI/2.0"
        ],
        "x-ms-ratelimit-remaining-subscription-deletes": [
          "14999"
        ],
        "x-ms-correlation-request-id": [
          "f2f47871-8a52-4995-ac04-ee6768d4705a"
        ],
        "x-ms-routing-request-id": [
          "WESTUS:20221121T023147Z:f2f47871-8a52-4995-ac04-ee6768d4705a"
        ],
        "X-Content-Type-Options": [
          "nosniff"
        ],
        "Date": [
          "Mon, 21 Nov 2022 02:31:47 GMT"
        ],
        "Content-Length": [
          "21"
        ],
        "Content-Type": [
          "application/json"
        ]
      },
      "ResponseBody": "{\r\n  \"status\": \"Enqueued\"\r\n}",
      "StatusCode": 202
    },
    {
      "RequestUri": "/subscriptions/12053b8f-cab5-4f5c-9c1a-870580142abd/resourceGroups/CosmosDBResourceGroup45/providers/Microsoft.DocumentDB/databaseAccounts/cassandra-db2745/cassandraKeyspaces/db2/tables/table?api-version=2022-08-15-preview",
      "EncodedRequestUri": "L3N1YnNjcmlwdGlvbnMvMTIwNTNiOGYtY2FiNS00ZjVjLTljMWEtODcwNTgwMTQyYWJkL3Jlc291cmNlR3JvdXBzL0Nvc21vc0RCUmVzb3VyY2VHcm91cDQ1L3Byb3ZpZGVycy9NaWNyb3NvZnQuRG9jdW1lbnREQi9kYXRhYmFzZUFjY291bnRzL2Nhc3NhbmRyYS1kYjI3NDUvY2Fzc2FuZHJhS2V5c3BhY2VzL2RiMi90YWJsZXMvdGFibGU/YXBpLXZlcnNpb249MjAyMi0wOC0xNS1wcmV2aWV3",
      "RequestMethod": "DELETE",
      "RequestHeaders": {
        "x-ms-client-request-id": [
          "c2ec9ac9-ffd9-4898-b22e-74def2f4fff1"
        ],
        "Accept-Language": [
          "en-US"
        ],
        "User-Agent": [
          "FxVersion/4.700.22.51102",
          "OSName/Windows",
          "OSVersion/Microsoft.Windows.10.0.19045",
          "Microsoft.Azure.Management.CosmosDB.CosmosDBManagementClient/1.8.2"
        ]
      },
      "RequestBody": "",
      "ResponseHeaders": {
        "Cache-Control": [
          "no-store, no-cache"
        ],
        "Pragma": [
          "no-cache"
        ],
        "Location": [
          "https://management.azure.com/subscriptions/12053b8f-cab5-4f5c-9c1a-870580142abd/resourceGroups/CosmosDBResourceGroup45/providers/Microsoft.DocumentDB/databaseAccounts/cassandra-db2745/cassandraKeyspaces/db2/tables/table/operationResults/591e3d1b-066a-42c4-ab48-10e6a17d04fb?api-version=2022-08-15-preview"
        ],
        "Azure-AsyncOperation": [
          "https://management.azure.com/subscriptions/12053b8f-cab5-4f5c-9c1a-870580142abd/providers/Microsoft.DocumentDB/locations/eastus/operationsStatus/591e3d1b-066a-42c4-ab48-10e6a17d04fb?api-version=2022-08-15-preview"
        ],
        "x-ms-request-id": [
          "591e3d1b-066a-42c4-ab48-10e6a17d04fb"
        ],
        "Strict-Transport-Security": [
          "max-age=31536000; includeSubDomains"
        ],
        "x-ms-gatewayversion": [
          "version=2.14.0"
        ],
        "Server": [
          "Microsoft-HTTPAPI/2.0"
        ],
        "x-ms-ratelimit-remaining-subscription-deletes": [
          "14999"
        ],
        "x-ms-correlation-request-id": [
          "fe65e0cd-6cff-4290-8ce2-97fbbd42013b"
        ],
        "x-ms-routing-request-id": [
          "WESTUS:20221121T023250Z:fe65e0cd-6cff-4290-8ce2-97fbbd42013b"
        ],
        "X-Content-Type-Options": [
          "nosniff"
        ],
        "Date": [
          "Mon, 21 Nov 2022 02:32:50 GMT"
        ],
        "Content-Length": [
          "21"
        ],
        "Content-Type": [
          "application/json"
        ]
      },
      "ResponseBody": "{\r\n  \"status\": \"Enqueued\"\r\n}",
      "StatusCode": 202
    },
    {
      "RequestUri": "/subscriptions/12053b8f-cab5-4f5c-9c1a-870580142abd/providers/Microsoft.DocumentDB/locations/eastus/operationsStatus/52a74429-4523-4d4c-bb32-29eeaa344873?api-version=2022-08-15-preview",
      "EncodedRequestUri": "L3N1YnNjcmlwdGlvbnMvMTIwNTNiOGYtY2FiNS00ZjVjLTljMWEtODcwNTgwMTQyYWJkL3Byb3ZpZGVycy9NaWNyb3NvZnQuRG9jdW1lbnREQi9sb2NhdGlvbnMvZWFzdHVzL29wZXJhdGlvbnNTdGF0dXMvNTJhNzQ0MjktNDUyMy00ZDRjLWJiMzItMjllZWFhMzQ0ODczP2FwaS12ZXJzaW9uPTIwMjItMDgtMTUtcHJldmlldw==",
      "RequestMethod": "GET",
      "RequestHeaders": {
        "x-ms-client-request-id": [
          "c4f2b2b8-754e-483a-ac1a-bdff2a6b38b7"
        ],
        "User-Agent": [
          "FxVersion/4.700.22.51102",
          "OSName/Windows",
          "OSVersion/Microsoft.Windows.10.0.19045",
          "Microsoft.Azure.Management.CosmosDB.CosmosDBManagementClient/1.8.2"
        ]
      },
      "RequestBody": "",
      "ResponseHeaders": {
        "Cache-Control": [
          "no-store, no-cache"
        ],
        "Pragma": [
          "no-cache"
        ],
        "Strict-Transport-Security": [
          "max-age=31536000; includeSubDomains"
        ],
        "x-ms-gatewayversion": [
          "version=2.14.0"
        ],
        "Server": [
          "Microsoft-HTTPAPI/2.0"
        ],
        "x-ms-ratelimit-remaining-subscription-reads": [
          "11999"
        ],
        "x-ms-request-id": [
          "f6f9049b-4dc8-4b3d-87ad-b9eb3a7a4d50"
        ],
        "x-ms-correlation-request-id": [
          "f6f9049b-4dc8-4b3d-87ad-b9eb3a7a4d50"
        ],
        "x-ms-routing-request-id": [
          "WESTUS:20221121T023217Z:f6f9049b-4dc8-4b3d-87ad-b9eb3a7a4d50"
        ],
        "X-Content-Type-Options": [
          "nosniff"
        ],
        "Date": [
          "Mon, 21 Nov 2022 02:32:16 GMT"
        ],
        "Content-Length": [
          "22"
        ],
        "Content-Type": [
          "application/json"
        ]
      },
      "ResponseBody": "{\r\n  \"status\": \"Succeeded\"\r\n}",
      "StatusCode": 200
    },
    {
      "RequestUri": "/subscriptions/12053b8f-cab5-4f5c-9c1a-870580142abd/resourceGroups/CosmosDBResourceGroup45/providers/Microsoft.DocumentDB/databaseAccounts/cassandra-db2745/cassandraKeyspaces/db2/tables/table/operationResults/52a74429-4523-4d4c-bb32-29eeaa344873?api-version=2022-08-15-preview",
      "EncodedRequestUri": "L3N1YnNjcmlwdGlvbnMvMTIwNTNiOGYtY2FiNS00ZjVjLTljMWEtODcwNTgwMTQyYWJkL3Jlc291cmNlR3JvdXBzL0Nvc21vc0RCUmVzb3VyY2VHcm91cDQ1L3Byb3ZpZGVycy9NaWNyb3NvZnQuRG9jdW1lbnREQi9kYXRhYmFzZUFjY291bnRzL2Nhc3NhbmRyYS1kYjI3NDUvY2Fzc2FuZHJhS2V5c3BhY2VzL2RiMi90YWJsZXMvdGFibGUvb3BlcmF0aW9uUmVzdWx0cy81MmE3NDQyOS00NTIzLTRkNGMtYmIzMi0yOWVlYWEzNDQ4NzM/YXBpLXZlcnNpb249MjAyMi0wOC0xNS1wcmV2aWV3",
      "RequestMethod": "GET",
      "RequestHeaders": {
        "x-ms-client-request-id": [
          "c4f2b2b8-754e-483a-ac1a-bdff2a6b38b7"
        ],
        "User-Agent": [
          "FxVersion/4.700.22.51102",
          "OSName/Windows",
          "OSVersion/Microsoft.Windows.10.0.19045",
          "Microsoft.Azure.Management.CosmosDB.CosmosDBManagementClient/1.8.2"
        ]
      },
      "RequestBody": "",
      "ResponseHeaders": {
        "Cache-Control": [
          "no-store, no-cache"
        ],
        "Pragma": [
          "no-cache"
        ],
        "Strict-Transport-Security": [
          "max-age=31536000; includeSubDomains"
        ],
        "x-ms-gatewayversion": [
          "version=2.14.0"
        ],
        "Server": [
          "Microsoft-HTTPAPI/2.0"
        ],
        "x-ms-ratelimit-remaining-subscription-reads": [
          "11998"
        ],
        "x-ms-request-id": [
          "309e377c-c96c-449e-8843-13b41f5f5b71"
        ],
        "x-ms-correlation-request-id": [
          "309e377c-c96c-449e-8843-13b41f5f5b71"
        ],
        "x-ms-routing-request-id": [
          "WESTUS:20221121T023217Z:309e377c-c96c-449e-8843-13b41f5f5b71"
        ],
        "X-Content-Type-Options": [
          "nosniff"
        ],
        "Date": [
          "Mon, 21 Nov 2022 02:32:17 GMT"
        ],
        "Content-Type": [
          "application/json"
        ]
      },
      "ResponseBody": "",
      "StatusCode": 204
    },
    {
      "RequestUri": "/subscriptions/12053b8f-cab5-4f5c-9c1a-870580142abd/resourceGroups/CosmosDBResourceGroup45/providers/Microsoft.DocumentDB/databaseAccounts/cassandra-db2745/cassandraKeyspaces/db2?api-version=2022-08-15-preview",
      "EncodedRequestUri": "L3N1YnNjcmlwdGlvbnMvMTIwNTNiOGYtY2FiNS00ZjVjLTljMWEtODcwNTgwMTQyYWJkL3Jlc291cmNlR3JvdXBzL0Nvc21vc0RCUmVzb3VyY2VHcm91cDQ1L3Byb3ZpZGVycy9NaWNyb3NvZnQuRG9jdW1lbnREQi9kYXRhYmFzZUFjY291bnRzL2Nhc3NhbmRyYS1kYjI3NDUvY2Fzc2FuZHJhS2V5c3BhY2VzL2RiMj9hcGktdmVyc2lvbj0yMDIyLTA4LTE1LXByZXZpZXc=",
      "RequestMethod": "DELETE",
      "RequestHeaders": {
        "x-ms-client-request-id": [
          "e767a09b-223c-493c-b5c4-1c2fd47df425"
        ],
        "Accept-Language": [
          "en-US"
        ],
        "User-Agent": [
          "FxVersion/4.700.22.51102",
          "OSName/Windows",
          "OSVersion/Microsoft.Windows.10.0.19045",
          "Microsoft.Azure.Management.CosmosDB.CosmosDBManagementClient/1.8.2"
        ]
      },
      "RequestBody": "",
      "ResponseHeaders": {
        "Cache-Control": [
          "no-store, no-cache"
        ],
        "Pragma": [
          "no-cache"
        ],
        "Location": [
          "https://management.azure.com/subscriptions/12053b8f-cab5-4f5c-9c1a-870580142abd/resourceGroups/CosmosDBResourceGroup45/providers/Microsoft.DocumentDB/databaseAccounts/cassandra-db2745/cassandraKeyspaces/db2/operationResults/44103194-fa0d-4eb8-9dee-d0922596cd5c?api-version=2022-08-15-preview"
        ],
        "Azure-AsyncOperation": [
          "https://management.azure.com/subscriptions/12053b8f-cab5-4f5c-9c1a-870580142abd/providers/Microsoft.DocumentDB/locations/eastus/operationsStatus/44103194-fa0d-4eb8-9dee-d0922596cd5c?api-version=2022-08-15-preview"
        ],
        "x-ms-request-id": [
          "44103194-fa0d-4eb8-9dee-d0922596cd5c"
        ],
        "Strict-Transport-Security": [
          "max-age=31536000; includeSubDomains"
        ],
        "x-ms-gatewayversion": [
          "version=2.14.0"
        ],
        "Server": [
          "Microsoft-HTTPAPI/2.0"
        ],
        "x-ms-ratelimit-remaining-subscription-deletes": [
          "14999"
        ],
        "x-ms-correlation-request-id": [
          "b8aa880a-f42c-4752-a017-f7896da5aa38"
        ],
        "x-ms-routing-request-id": [
          "WESTCENTRALUS:20221121T023219Z:b8aa880a-f42c-4752-a017-f7896da5aa38"
        ],
        "X-Content-Type-Options": [
          "nosniff"
        ],
        "Date": [
          "Mon, 21 Nov 2022 02:32:18 GMT"
        ],
        "Content-Length": [
          "21"
        ],
        "Content-Type": [
          "application/json"
        ]
      },
      "ResponseBody": "{\r\n  \"status\": \"Enqueued\"\r\n}",
      "StatusCode": 202
    },
    {
      "RequestUri": "/subscriptions/12053b8f-cab5-4f5c-9c1a-870580142abd/resourceGroups/CosmosDBResourceGroup45/providers/Microsoft.DocumentDB/databaseAccounts/cassandra-db2745/cassandraKeyspaces/db2?api-version=2022-08-15-preview",
      "EncodedRequestUri": "L3N1YnNjcmlwdGlvbnMvMTIwNTNiOGYtY2FiNS00ZjVjLTljMWEtODcwNTgwMTQyYWJkL3Jlc291cmNlR3JvdXBzL0Nvc21vc0RCUmVzb3VyY2VHcm91cDQ1L3Byb3ZpZGVycy9NaWNyb3NvZnQuRG9jdW1lbnREQi9kYXRhYmFzZUFjY291bnRzL2Nhc3NhbmRyYS1kYjI3NDUvY2Fzc2FuZHJhS2V5c3BhY2VzL2RiMj9hcGktdmVyc2lvbj0yMDIyLTA4LTE1LXByZXZpZXc=",
      "RequestMethod": "DELETE",
      "RequestHeaders": {
        "x-ms-client-request-id": [
          "5a33c869-e7b8-4169-a64a-3bf9218d637b"
        ],
        "Accept-Language": [
          "en-US"
        ],
        "User-Agent": [
          "FxVersion/4.700.22.51102",
          "OSName/Windows",
          "OSVersion/Microsoft.Windows.10.0.19045",
          "Microsoft.Azure.Management.CosmosDB.CosmosDBManagementClient/1.8.2"
        ]
      },
      "RequestBody": "",
      "ResponseHeaders": {
        "Cache-Control": [
          "no-store, no-cache"
        ],
        "Pragma": [
          "no-cache"
        ],
        "Location": [
          "https://management.azure.com/subscriptions/12053b8f-cab5-4f5c-9c1a-870580142abd/resourceGroups/CosmosDBResourceGroup45/providers/Microsoft.DocumentDB/databaseAccounts/cassandra-db2745/cassandraKeyspaces/db2/operationResults/dff589d0-3c5b-4f0e-8766-165818e37f6f?api-version=2022-08-15-preview"
        ],
        "Azure-AsyncOperation": [
          "https://management.azure.com/subscriptions/12053b8f-cab5-4f5c-9c1a-870580142abd/providers/Microsoft.DocumentDB/locations/eastus/operationsStatus/dff589d0-3c5b-4f0e-8766-165818e37f6f?api-version=2022-08-15-preview"
        ],
        "x-ms-request-id": [
          "dff589d0-3c5b-4f0e-8766-165818e37f6f"
        ],
        "Strict-Transport-Security": [
          "max-age=31536000; includeSubDomains"
        ],
        "x-ms-gatewayversion": [
          "version=2.14.0"
        ],
        "Server": [
          "Microsoft-HTTPAPI/2.0"
        ],
        "x-ms-ratelimit-remaining-subscription-deletes": [
          "14999"
        ],
        "x-ms-correlation-request-id": [
          "5c107358-47a5-4670-8616-521dd88f6b09"
        ],
        "x-ms-routing-request-id": [
          "WESTCENTRALUS:20221121T023322Z:5c107358-47a5-4670-8616-521dd88f6b09"
        ],
        "X-Content-Type-Options": [
          "nosniff"
        ],
        "Date": [
          "Mon, 21 Nov 2022 02:33:22 GMT"
        ],
        "Content-Length": [
          "21"
        ],
        "Content-Type": [
          "application/json"
        ]
      },
      "ResponseBody": "{\r\n  \"status\": \"Enqueued\"\r\n}",
      "StatusCode": 202
    },
    {
      "RequestUri": "/subscriptions/12053b8f-cab5-4f5c-9c1a-870580142abd/providers/Microsoft.DocumentDB/locations/eastus/operationsStatus/44103194-fa0d-4eb8-9dee-d0922596cd5c?api-version=2022-08-15-preview",
      "EncodedRequestUri": "L3N1YnNjcmlwdGlvbnMvMTIwNTNiOGYtY2FiNS00ZjVjLTljMWEtODcwNTgwMTQyYWJkL3Byb3ZpZGVycy9NaWNyb3NvZnQuRG9jdW1lbnREQi9sb2NhdGlvbnMvZWFzdHVzL29wZXJhdGlvbnNTdGF0dXMvNDQxMDMxOTQtZmEwZC00ZWI4LTlkZWUtZDA5MjI1OTZjZDVjP2FwaS12ZXJzaW9uPTIwMjItMDgtMTUtcHJldmlldw==",
      "RequestMethod": "GET",
      "RequestHeaders": {
        "x-ms-client-request-id": [
          "e767a09b-223c-493c-b5c4-1c2fd47df425"
        ],
        "User-Agent": [
          "FxVersion/4.700.22.51102",
          "OSName/Windows",
          "OSVersion/Microsoft.Windows.10.0.19045",
          "Microsoft.Azure.Management.CosmosDB.CosmosDBManagementClient/1.8.2"
        ]
      },
      "RequestBody": "",
      "ResponseHeaders": {
        "Cache-Control": [
          "no-store, no-cache"
        ],
        "Pragma": [
          "no-cache"
        ],
        "Strict-Transport-Security": [
          "max-age=31536000; includeSubDomains"
        ],
        "x-ms-gatewayversion": [
          "version=2.14.0"
        ],
        "Server": [
          "Microsoft-HTTPAPI/2.0"
        ],
        "x-ms-ratelimit-remaining-subscription-reads": [
          "11999"
        ],
        "x-ms-request-id": [
          "a7b9ea35-f182-460e-b00d-6989283417ad"
        ],
        "x-ms-correlation-request-id": [
          "a7b9ea35-f182-460e-b00d-6989283417ad"
        ],
        "x-ms-routing-request-id": [
          "WESTCENTRALUS:20221121T023249Z:a7b9ea35-f182-460e-b00d-6989283417ad"
        ],
        "X-Content-Type-Options": [
          "nosniff"
        ],
        "Date": [
          "Mon, 21 Nov 2022 02:32:49 GMT"
        ],
        "Content-Length": [
          "22"
        ],
        "Content-Type": [
          "application/json"
        ]
      },
      "ResponseBody": "{\r\n  \"status\": \"Succeeded\"\r\n}",
      "StatusCode": 200
    },
    {
      "RequestUri": "/subscriptions/12053b8f-cab5-4f5c-9c1a-870580142abd/resourceGroups/CosmosDBResourceGroup45/providers/Microsoft.DocumentDB/databaseAccounts/cassandra-db2745/cassandraKeyspaces/db2/operationResults/44103194-fa0d-4eb8-9dee-d0922596cd5c?api-version=2022-08-15-preview",
      "EncodedRequestUri": "L3N1YnNjcmlwdGlvbnMvMTIwNTNiOGYtY2FiNS00ZjVjLTljMWEtODcwNTgwMTQyYWJkL3Jlc291cmNlR3JvdXBzL0Nvc21vc0RCUmVzb3VyY2VHcm91cDQ1L3Byb3ZpZGVycy9NaWNyb3NvZnQuRG9jdW1lbnREQi9kYXRhYmFzZUFjY291bnRzL2Nhc3NhbmRyYS1kYjI3NDUvY2Fzc2FuZHJhS2V5c3BhY2VzL2RiMi9vcGVyYXRpb25SZXN1bHRzLzQ0MTAzMTk0LWZhMGQtNGViOC05ZGVlLWQwOTIyNTk2Y2Q1Yz9hcGktdmVyc2lvbj0yMDIyLTA4LTE1LXByZXZpZXc=",
      "RequestMethod": "GET",
      "RequestHeaders": {
        "x-ms-client-request-id": [
          "e767a09b-223c-493c-b5c4-1c2fd47df425"
        ],
        "User-Agent": [
          "FxVersion/4.700.22.51102",
          "OSName/Windows",
          "OSVersion/Microsoft.Windows.10.0.19045",
          "Microsoft.Azure.Management.CosmosDB.CosmosDBManagementClient/1.8.2"
        ]
      },
      "RequestBody": "",
      "ResponseHeaders": {
        "Cache-Control": [
          "no-store, no-cache"
        ],
        "Pragma": [
          "no-cache"
        ],
        "Strict-Transport-Security": [
          "max-age=31536000; includeSubDomains"
        ],
        "x-ms-gatewayversion": [
          "version=2.14.0"
        ],
        "Server": [
          "Microsoft-HTTPAPI/2.0"
        ],
        "x-ms-ratelimit-remaining-subscription-reads": [
          "11998"
        ],
        "x-ms-request-id": [
          "db82df11-72f0-4b8d-b1f1-17f8a649470f"
        ],
        "x-ms-correlation-request-id": [
          "db82df11-72f0-4b8d-b1f1-17f8a649470f"
        ],
        "x-ms-routing-request-id": [
          "WESTCENTRALUS:20221121T023249Z:db82df11-72f0-4b8d-b1f1-17f8a649470f"
        ],
        "X-Content-Type-Options": [
          "nosniff"
        ],
        "Date": [
          "Mon, 21 Nov 2022 02:32:49 GMT"
        ],
        "Content-Type": [
          "application/json"
        ]
      },
      "ResponseBody": "",
      "StatusCode": 204
    },
    {
      "RequestUri": "/subscriptions/12053b8f-cab5-4f5c-9c1a-870580142abd/providers/Microsoft.DocumentDB/locations/eastus/operationsStatus/591e3d1b-066a-42c4-ab48-10e6a17d04fb?api-version=2022-08-15-preview",
      "EncodedRequestUri": "L3N1YnNjcmlwdGlvbnMvMTIwNTNiOGYtY2FiNS00ZjVjLTljMWEtODcwNTgwMTQyYWJkL3Byb3ZpZGVycy9NaWNyb3NvZnQuRG9jdW1lbnREQi9sb2NhdGlvbnMvZWFzdHVzL29wZXJhdGlvbnNTdGF0dXMvNTkxZTNkMWItMDY2YS00MmM0LWFiNDgtMTBlNmExN2QwNGZiP2FwaS12ZXJzaW9uPTIwMjItMDgtMTUtcHJldmlldw==",
      "RequestMethod": "GET",
      "RequestHeaders": {
        "x-ms-client-request-id": [
          "c2ec9ac9-ffd9-4898-b22e-74def2f4fff1"
        ],
        "User-Agent": [
          "FxVersion/4.700.22.51102",
          "OSName/Windows",
          "OSVersion/Microsoft.Windows.10.0.19045",
          "Microsoft.Azure.Management.CosmosDB.CosmosDBManagementClient/1.8.2"
        ]
      },
      "RequestBody": "",
      "ResponseHeaders": {
        "Cache-Control": [
          "no-store, no-cache"
        ],
        "Pragma": [
          "no-cache"
        ],
        "Strict-Transport-Security": [
          "max-age=31536000; includeSubDomains"
        ],
        "x-ms-gatewayversion": [
          "version=2.14.0"
        ],
        "Server": [
          "Microsoft-HTTPAPI/2.0"
        ],
        "x-ms-ratelimit-remaining-subscription-reads": [
          "11999"
        ],
        "x-ms-request-id": [
          "bfa3b9b1-f2a6-41d8-9b99-6a73bced59cc"
        ],
        "x-ms-correlation-request-id": [
          "bfa3b9b1-f2a6-41d8-9b99-6a73bced59cc"
        ],
        "x-ms-routing-request-id": [
          "WESTUS:20221121T023321Z:bfa3b9b1-f2a6-41d8-9b99-6a73bced59cc"
        ],
        "X-Content-Type-Options": [
          "nosniff"
        ],
        "Date": [
          "Mon, 21 Nov 2022 02:33:20 GMT"
        ],
        "Content-Length": [
          "22"
        ],
        "Content-Type": [
          "application/json"
        ]
      },
      "ResponseBody": "{\r\n  \"status\": \"Succeeded\"\r\n}",
      "StatusCode": 200
    },
    {
      "RequestUri": "/subscriptions/12053b8f-cab5-4f5c-9c1a-870580142abd/resourceGroups/CosmosDBResourceGroup45/providers/Microsoft.DocumentDB/databaseAccounts/cassandra-db2745/cassandraKeyspaces/db2/tables/table/operationResults/591e3d1b-066a-42c4-ab48-10e6a17d04fb?api-version=2022-08-15-preview",
      "EncodedRequestUri": "L3N1YnNjcmlwdGlvbnMvMTIwNTNiOGYtY2FiNS00ZjVjLTljMWEtODcwNTgwMTQyYWJkL3Jlc291cmNlR3JvdXBzL0Nvc21vc0RCUmVzb3VyY2VHcm91cDQ1L3Byb3ZpZGVycy9NaWNyb3NvZnQuRG9jdW1lbnREQi9kYXRhYmFzZUFjY291bnRzL2Nhc3NhbmRyYS1kYjI3NDUvY2Fzc2FuZHJhS2V5c3BhY2VzL2RiMi90YWJsZXMvdGFibGUvb3BlcmF0aW9uUmVzdWx0cy81OTFlM2QxYi0wNjZhLTQyYzQtYWI0OC0xMGU2YTE3ZDA0ZmI/YXBpLXZlcnNpb249MjAyMi0wOC0xNS1wcmV2aWV3",
      "RequestMethod": "GET",
      "RequestHeaders": {
        "x-ms-client-request-id": [
          "c2ec9ac9-ffd9-4898-b22e-74def2f4fff1"
        ],
        "User-Agent": [
          "FxVersion/4.700.22.51102",
          "OSName/Windows",
          "OSVersion/Microsoft.Windows.10.0.19045",
          "Microsoft.Azure.Management.CosmosDB.CosmosDBManagementClient/1.8.2"
        ]
      },
      "RequestBody": "",
      "ResponseHeaders": {
        "Cache-Control": [
          "no-store, no-cache"
        ],
        "Pragma": [
          "no-cache"
        ],
        "Strict-Transport-Security": [
          "max-age=31536000; includeSubDomains"
        ],
        "x-ms-gatewayversion": [
          "version=2.14.0"
        ],
        "Server": [
          "Microsoft-HTTPAPI/2.0"
        ],
        "x-ms-ratelimit-remaining-subscription-reads": [
          "11998"
        ],
        "x-ms-request-id": [
          "0539be67-c155-47c3-ad8c-965fe727c385"
        ],
        "x-ms-correlation-request-id": [
          "0539be67-c155-47c3-ad8c-965fe727c385"
        ],
        "x-ms-routing-request-id": [
          "WESTUS:20221121T023321Z:0539be67-c155-47c3-ad8c-965fe727c385"
        ],
        "X-Content-Type-Options": [
          "nosniff"
        ],
        "Date": [
          "Mon, 21 Nov 2022 02:33:20 GMT"
        ],
        "Content-Type": [
          "application/json"
        ]
      },
      "ResponseBody": "",
      "StatusCode": 204
    },
    {
      "RequestUri": "/subscriptions/12053b8f-cab5-4f5c-9c1a-870580142abd/providers/Microsoft.DocumentDB/locations/eastus/operationsStatus/dff589d0-3c5b-4f0e-8766-165818e37f6f?api-version=2022-08-15-preview",
      "EncodedRequestUri": "L3N1YnNjcmlwdGlvbnMvMTIwNTNiOGYtY2FiNS00ZjVjLTljMWEtODcwNTgwMTQyYWJkL3Byb3ZpZGVycy9NaWNyb3NvZnQuRG9jdW1lbnREQi9sb2NhdGlvbnMvZWFzdHVzL29wZXJhdGlvbnNTdGF0dXMvZGZmNTg5ZDAtM2M1Yi00ZjBlLTg3NjYtMTY1ODE4ZTM3ZjZmP2FwaS12ZXJzaW9uPTIwMjItMDgtMTUtcHJldmlldw==",
      "RequestMethod": "GET",
      "RequestHeaders": {
        "x-ms-client-request-id": [
          "5a33c869-e7b8-4169-a64a-3bf9218d637b"
        ],
        "User-Agent": [
          "FxVersion/4.700.22.51102",
          "OSName/Windows",
          "OSVersion/Microsoft.Windows.10.0.19045",
          "Microsoft.Azure.Management.CosmosDB.CosmosDBManagementClient/1.8.2"
        ]
      },
      "RequestBody": "",
      "ResponseHeaders": {
        "Cache-Control": [
          "no-store, no-cache"
        ],
        "Pragma": [
          "no-cache"
        ],
        "Strict-Transport-Security": [
          "max-age=31536000; includeSubDomains"
        ],
        "x-ms-gatewayversion": [
          "version=2.14.0"
        ],
        "Server": [
          "Microsoft-HTTPAPI/2.0"
        ],
        "x-ms-ratelimit-remaining-subscription-reads": [
          "11998"
        ],
        "x-ms-request-id": [
          "23876eab-8cd9-4a13-902f-015a8951b1ee"
        ],
        "x-ms-correlation-request-id": [
          "23876eab-8cd9-4a13-902f-015a8951b1ee"
        ],
        "x-ms-routing-request-id": [
          "WESTCENTRALUS:20221121T023353Z:23876eab-8cd9-4a13-902f-015a8951b1ee"
        ],
        "X-Content-Type-Options": [
          "nosniff"
        ],
        "Date": [
          "Mon, 21 Nov 2022 02:33:52 GMT"
        ],
        "Content-Length": [
          "22"
        ],
        "Content-Type": [
          "application/json"
        ]
      },
      "ResponseBody": "{\r\n  \"status\": \"Succeeded\"\r\n}",
      "StatusCode": 200
    },
    {
      "RequestUri": "/subscriptions/12053b8f-cab5-4f5c-9c1a-870580142abd/resourceGroups/CosmosDBResourceGroup45/providers/Microsoft.DocumentDB/databaseAccounts/cassandra-db2745/cassandraKeyspaces/db2/operationResults/dff589d0-3c5b-4f0e-8766-165818e37f6f?api-version=2022-08-15-preview",
      "EncodedRequestUri": "L3N1YnNjcmlwdGlvbnMvMTIwNTNiOGYtY2FiNS00ZjVjLTljMWEtODcwNTgwMTQyYWJkL3Jlc291cmNlR3JvdXBzL0Nvc21vc0RCUmVzb3VyY2VHcm91cDQ1L3Byb3ZpZGVycy9NaWNyb3NvZnQuRG9jdW1lbnREQi9kYXRhYmFzZUFjY291bnRzL2Nhc3NhbmRyYS1kYjI3NDUvY2Fzc2FuZHJhS2V5c3BhY2VzL2RiMi9vcGVyYXRpb25SZXN1bHRzL2RmZjU4OWQwLTNjNWItNGYwZS04NzY2LTE2NTgxOGUzN2Y2Zj9hcGktdmVyc2lvbj0yMDIyLTA4LTE1LXByZXZpZXc=",
      "RequestMethod": "GET",
      "RequestHeaders": {
        "x-ms-client-request-id": [
          "5a33c869-e7b8-4169-a64a-3bf9218d637b"
        ],
        "User-Agent": [
          "FxVersion/4.700.22.51102",
          "OSName/Windows",
          "OSVersion/Microsoft.Windows.10.0.19045",
          "Microsoft.Azure.Management.CosmosDB.CosmosDBManagementClient/1.8.2"
        ]
      },
      "RequestBody": "",
      "ResponseHeaders": {
        "Cache-Control": [
          "no-store, no-cache"
        ],
        "Pragma": [
          "no-cache"
        ],
        "Strict-Transport-Security": [
          "max-age=31536000; includeSubDomains"
        ],
        "x-ms-gatewayversion": [
          "version=2.14.0"
        ],
        "Server": [
          "Microsoft-HTTPAPI/2.0"
        ],
        "x-ms-ratelimit-remaining-subscription-reads": [
          "11997"
        ],
        "x-ms-request-id": [
          "1ea8dabd-9101-4647-9a4a-adbc4190f988"
        ],
        "x-ms-correlation-request-id": [
          "1ea8dabd-9101-4647-9a4a-adbc4190f988"
        ],
        "x-ms-routing-request-id": [
          "WESTCENTRALUS:20221121T023353Z:1ea8dabd-9101-4647-9a4a-adbc4190f988"
        ],
        "X-Content-Type-Options": [
          "nosniff"
        ],
        "Date": [
          "Mon, 21 Nov 2022 02:33:52 GMT"
        ],
        "Content-Type": [
          "application/json"
        ]
      },
      "ResponseBody": "",
      "StatusCode": 204
    }
  ],
  "Names": {},
  "Variables": {
    "SubscriptionId": "12053b8f-cab5-4f5c-9c1a-870580142abd"
  }
}